1.058: [GC (Allocation Failure) [PSYoungGen: 128000K->12988K(148992K)] 128000K->13012K(488960K), 0.0168846 secs] [Times: user=0.02 sys=0.00, real=0.01 secs] 
1.199: [GC (Metadata GC Threshold) [PSYoungGen: 49774K->6072K(148992K)] 49798K->6168K(488960K), 0.0042103 secs] [Times: user=0.02 sys=0.00, real=0.00 secs] 
1.204: [Full GC (Metadata GC Threshold) [PSYoungGen: 6072K->0K(148992K)] [ParOldGen: 96K->5939K(188928K)] 6168K->5939K(337920K), [Metaspace: 20447K->20447K(1067008K)], 0.0152824 secs] [Times: user=0.03 sys=0.01, real=0.02 secs] 
1.761: [GC (Allocation Failure) [PSYoungGen: 128000K->10372K(148992K)] 133939K->16319K(337920K), 0.0042283 secs] [Times: user=0.01 sys=0.00, real=0.00 secs] 
2.751: [GC (Metadata GC Threshold) [PSYoungGen: 37479K->4629K(201216K)] 43426K->10584K(390144K), 0.0026854 secs] [Times: user=0.00 sys=0.01, real=0.00 secs] 
2.754: [Full GC (Metadata GC Threshold) [PSYoungGen: 4629K->0K(201216K)] [ParOldGen: 5955K->8855K(284160K)] 10584K->8855K(485376K), [Metaspace: 33731K->33731K(1079296K)], 0.0155200 secs] [Times: user=0.04 sys=0.01, real=0.02 secs] 
4.069: [GC (Allocation Failure) [PSYoungGen: 186188K->18895K(208896K)] 195044K->27759K(493056K), 0.0064999 secs] [Times: user=0.02 sys=0.00, real=0.00 secs] 
4.831: [GC (Allocation Failure) [PSYoungGen: 206799K->20464K(253952K)] 215663K->95216K(538112K), 0.0094831 secs] [Times: user=0.04 sys=0.02, real=0.01 secs] 
5.341: [GC (Allocation Failure) [PSYoungGen: 253936K->36848K(294912K)] 328688K->209912K(579072K), 0.0170964 secs] [Times: user=0.08 sys=0.01, real=0.02 secs] 
6.588: [GC (Allocation Failure) [PSYoungGen: 270320K->37392K(418304K)] 443384K->243232K(702464K), 0.0086640 secs] [Times: user=0.03 sys=0.02, real=0.01 secs] 
8.317: [GC (Allocation Failure) [PSYoungGen: 398864K->38169K(425984K)] 604704K->244017K(710144K), 0.0061577 secs] [Times: user=0.03 sys=0.00, real=0.00 secs] 
10.323: [GC (Allocation Failure) [PSYoungGen: 399641K->3437K(510976K)] 605489K->212212K(795136K), 0.0041916 secs] [Times: user=0.02 sys=0.00, real=0.01 secs] 
14.866: [GC (Allocation Failure) [PSYoungGen: 460653K->35050K(522752K)] 669428K->243833K(806912K), 0.0057679 secs] [Times: user=0.03 sys=0.00, real=0.00 secs] 
18.998: [GC (Allocation Failure) [PSYoungGen: 492266K->35427K(602624K)] 701049K->276986K(886784K), 0.0092597 secs] [Times: user=0.04 sys=0.01, real=0.01 secs] 
19.007: [Full GC (Ergonomics) [PSYoungGen: 35427K->0K(602624K)] [ParOldGen: 241558K->209840K(657920K)] 276986K->209840K(1260544K), [Metaspace: 53672K->53664K(1099776K)], 0.0848301 secs] [Times: user=0.37 sys=0.00, real=0.08 secs] 
23.183: [GC (Allocation Failure) [PSYoungGen: 550400K->1984K(614912K)] 760240K->211832K(1272832K), 0.0036138 secs] [Times: user=0.01 sys=0.00, real=0.01 secs] 
27.650: [GC (Allocation Failure) [PSYoungGen: 552384K->816K(633856K)] 762232K->210672K(1291776K), 0.0046616 secs] [Times: user=0.02 sys=0.00, real=0.00 secs] 
30.740: [GC (Allocation Failure) [PSYoungGen: 569648K->2016K(570880K)] 779504K->211880K(1228800K), 0.0028286 secs] [Times: user=0.01 sys=0.00, real=0.00 secs] 
35.460: [GC (Allocation Failure) [PSYoungGen: 570848K->2013K(634880K)] 780712K->211885K(1292800K), 0.0019145 secs] [Times: user=0.00 sys=0.00, real=0.00 secs] 
39.163: [GC (Allocation Failure) [PSYoungGen: 572381K->1952K(572416K)] 782253K->211832K(1230336K), 0.0021305 secs] [Times: user=0.01 sys=0.00, real=0.00 secs] 
42.275: [GC (Allocation Failure) [PSYoungGen: 572320K->2013K(634880K)] 782200K->211893K(1292800K), 0.0020531 secs] [Times: user=0.01 sys=0.00, real=0.01 secs] 
45.438: [GC (Allocation Failure) [PSYoungGen: 575453K->2045K(632832K)] 785333K->211933K(1290752K), 0.0024034 secs] [Times: user=0.00 sys=0.01, real=0.00 secs] 
49.460: [GC (Allocation Failure) [PSYoungGen: 575485K->1984K(636928K)] 785373K->211880K(1294848K), 0.0020884 secs] [Times: user=0.00 sys=0.00, real=0.00 secs] 
54.205: [GC (Allocation Failure) [PSYoungGen: 582592K->2048K(635392K)] 792488K->211952K(1293312K), 0.0022649 secs] [Times: user=0.01 sys=0.00, real=0.01 secs] 
59.744: [GC (Allocation Failure) [PSYoungGen: 582656K->2077K(641536K)] 792560K->211981K(1299456K), 0.0019194 secs] [Times: user=0.01 sys=0.00, real=0.00 secs] 
63.801: [GC (Allocation Failure) [PSYoungGen: 592413K->2032K(574464K)] 802317K->211944K(1232384K), 0.0019960 secs] [Times: user=0.01 sys=0.00, real=0.00 secs] 
67.643: [GC (Allocation Failure) [PSYoungGen: 574448K->2064K(581120K)] 784360K->211984K(1239040K), 0.0024476 secs] [Times: user=0.00 sys=0.00, real=0.00 secs] 
72.033: [GC (Allocation Failure) [PSYoungGen: 557584K->2045K(541184K)] 767504K->211965K(1199104K), 0.0021370 secs] [Times: user=0.01 sys=0.00, real=0.00 secs] 
75.572: [GC (Allocation Failure) [PSYoungGen: 541181K->1965K(546304K)] 751101K->211885K(1204224K), 0.0018236 secs] [Times: user=0.01 sys=0.00, real=0.00 secs] 
78.925: [GC (Allocation Failure) [PSYoungGen: 525741K->1984K(510976K)] 735661K->211904K(1168896K), 0.0019913 secs] [Times: user=0.01 sys=0.00, real=0.01 secs] 
82.794: [GC (Allocation Failure) [PSYoungGen: 510912K->1872K(513536K)] 720832K->211912K(1171456K), 0.0021326 secs] [Times: user=0.01 sys=0.00, real=0.00 secs] 
88.027: [GC (Allocation Failure) [PSYoungGen: 496464K->1837K(482816K)] 706504K->211925K(1140736K), 0.0019110 secs] [Times: user=0.01 sys=0.00, real=0.00 secs] 
91.317: [GC (Allocation Failure) [PSYoungGen: 482605K->1808K(483840K)] 692693K->211928K(1141760K), 0.0037949 secs] [Times: user=0.01 sys=0.00, real=0.00 secs] 
94.044: [GC (Allocation Failure) [PSYoungGen: 469264K->18304K(473088K)] 679384K->244840K(1131008K), 0.0043574 secs] [Times: user=0.02 sys=0.00, real=0.01 secs] 
97.383: [GC (Allocation Failure) [PSYoungGen: 472960K->18336K(466944K)] 699496K->244912K(1124864K), 0.0046293 secs] [Times: user=0.01 sys=0.00, real=0.01 secs] 
100.465: [GC (Allocation Failure) [PSYoungGen: 460704K->1901K(432640K)] 687280K->228509K(1090560K), 0.0021215 secs] [Times: user=0.01 sys=0.00, real=0.01 secs] 
103.894: [GC (Allocation Failure) [PSYoungGen: 432493K->1741K(438784K)] 659101K->228373K(1096704K), 0.0017830 secs] [Times: user=0.01 sys=0.00, real=0.00 secs] 
106.637: [GC (Allocation Failure) [PSYoungGen: 421069K->1744K(410624K)] 647701K->228408K(1068544K), 0.0032135 secs] [Times: user=0.01 sys=0.00, real=0.00 secs] 
109.262: [GC (Allocation Failure) [PSYoungGen: 410320K->1824K(415744K)] 636984K->228504K(1073664K), 0.0027494 secs] [Times: user=0.01 sys=0.00, real=0.00 secs] 
112.283: [GC (Allocation Failure) [PSYoungGen: 400160K->5984K(394752K)] 626840K->232696K(1052672K), 0.0033295 secs] [Times: user=0.01 sys=0.00, real=0.01 secs] 
115.607: [GC (Allocation Failure) [PSYoungGen: 394592K->1677K(393728K)] 621304K->228405K(1051648K), 0.0018486 secs] [Times: user=0.01 sys=0.00, real=0.00 secs] 
117.782: [GC (Allocation Failure) [PSYoungGen: 380557K->1664K(371712K)] 607285K->228440K(1029632K), 0.0022888 secs] [Times: user=0.01 sys=0.00, real=0.00 secs] 
120.242: [GC (Allocation Failure) [PSYoungGen: 371328K->18288K(382464K)] 598104K->245080K(1040384K), 0.0034776 secs] [Times: user=0.01 sys=0.00, real=0.00 secs] 
122.917: [GC (Allocation Failure) [PSYoungGen: 379248K->1741K(354304K)] 606040K->228541K(1012224K), 0.0018609 secs] [Times: user=0.01 sys=0.00, real=0.00 secs] 
124.581: [GC (Allocation Failure) [PSYoungGen: 353997K->1632K(359424K)] 580797K->228456K(1017344K), 0.0021414 secs] [Times: user=0.00 sys=0.00, real=0.00 secs] 
126.731: [GC (Allocation Failure) [PSYoungGen: 339529K->10112K(346112K)] 566353K->236968K(1004032K), 0.0026980 secs] [Times: user=0.01 sys=0.00, real=0.00 secs] 
128.492: [GC (Allocation Failure) [PSYoungGen: 345984K->1677K(343040K)] 572840K->228565K(1000960K), 0.0016358 secs] [Times: user=0.01 sys=0.00, real=0.00 secs] 
130.796: [GC (Allocation Failure) [PSYoungGen: 329869K->1696K(323072K)] 556757K->228592K(980992K), 0.0023410 secs] [Times: user=0.01 sys=0.00, real=0.01 secs] 
132.633: [GC (Allocation Failure) [PSYoungGen: 322720K->1904K(326656K)] 549616K->228832K(984576K), 0.0021163 secs] [Times: user=0.00 sys=0.00, real=0.00 secs] 
134.775: [GC (Allocation Failure) [PSYoungGen: 315760K->1504K(308736K)] 542688K->228448K(966656K), 0.0020063 secs] [Times: user=0.01 sys=0.00, real=0.01 secs] 
136.934: [GC (Allocation Failure) [PSYoungGen: 308704K->10080K(314880K)] 535648K->237024K(972800K), 0.0029213 secs] [Times: user=0.01 sys=0.00, real=0.01 secs] 
139.843: [GC (Allocation Failure) [PSYoungGen: 310624K->1613K(295936K)] 537568K->228581K(953856K), 0.0016542 secs] [Times: user=0.01 sys=0.00, real=0.00 secs] 
142.567: [GC (Allocation Failure) [PSYoungGen: 295501K->18144K(307200K)] 522469K->245120K(965120K), 0.0059964 secs] [Times: user=0.02 sys=0.00, real=0.00 secs] 
144.634: [GC (Allocation Failure) [PSYoungGen: 305888K->1677K(283648K)] 532864K->228661K(941568K), 0.0017218 secs] [Times: user=0.00 sys=0.00, real=0.00 secs] 
146.650: [GC (Allocation Failure) [PSYoungGen: 283277K->1712K(291328K)] 510261K->228704K(949248K), 0.0041576 secs] [Times: user=0.02 sys=0.00, real=0.00 secs] 
148.247: [GC (Allocation Failure) [PSYoungGen: 277680K->1677K(272384K)] 504672K->228669K(930304K), 0.0019069 secs] [Times: user=0.01 sys=0.00, real=0.00 secs] 
150.841: [GC (Allocation Failure) [PSYoungGen: 272013K->1664K(277504K)] 499005K->228656K(935424K), 0.0047811 secs] [Times: user=0.01 sys=0.00, real=0.01 secs] 
153.355: [GC (Allocation Failure) [PSYoungGen: 266368K->1709K(261632K)] 493360K->228717K(919552K), 0.0018712 secs] [Times: user=0.00 sys=0.00, real=0.01 secs] 
154.725: [GC (Allocation Failure) [PSYoungGen: 261293K->1632K(265728K)] 488301K->228672K(923648K), 0.0022940 secs] [Times: user=0.00 sys=0.00, real=0.01 secs] 
156.368: [GC (Allocation Failure) [PSYoungGen: 256096K->1645K(251392K)] 483136K->228701K(909312K), 0.0016939 secs] [Times: user=0.00 sys=0.00, real=0.00 secs] 
157.677: [GC (Allocation Failure) [PSYoungGen: 250989K->9888K(258560K)] 478045K->245152K(916480K), 0.0026143 secs] [Times: user=0.01 sys=0.00, real=0.00 secs] 
159.124: [GC (Allocation Failure) [PSYoungGen: 254624K->1517K(241664K)] 489888K->236797K(899584K), 0.0017743 secs] [Times: user=0.00 sys=0.00, real=0.00 secs] 
161.803: [GC (Allocation Failure) [PSYoungGen: 241645K->9984K(249856K)] 476925K->245280K(907776K), 0.0028655 secs] [Times: user=0.01 sys=0.00, real=0.00 secs] 
164.244: [GC (Allocation Failure) [PSYoungGen: 245504K->1408K(232960K)] 480800K->236704K(890880K), 0.0025954 secs] [Times: user=0.01 sys=0.00, real=0.01 secs] 
165.777: [GC (Allocation Failure) [PSYoungGen: 232832K->1837K(239104K)] 468128K->237133K(897024K), 0.0021669 secs] [Times: user=0.00 sys=0.00, real=0.00 secs] 
166.874: [GC (Allocation Failure) [PSYoungGen: 229165K->1472K(224768K)] 464461K->236784K(882688K), 0.0021750 secs] [Times: user=0.00 sys=0.00, real=0.01 secs] 
168.122: [GC (Allocation Failure) [PSYoungGen: 224704K->1693K(229376K)] 460016K->237013K(887296K), 0.0018039 secs] [Times: user=0.00 sys=0.00, real=0.00 secs] 
169.290: [GC (Allocation Failure) [PSYoungGen: 220829K->9856K(225792K)] 456149K->253368K(883712K), 0.0029105 secs] [Times: user=0.01 sys=0.00, real=0.00 secs] 
171.776: [GC (Allocation Failure) [PSYoungGen: 225408K->1421K(223232K)] 468920K->244933K(881152K), 0.0015449 secs] [Times: user=0.01 sys=0.00, real=0.01 secs] 
173.052: [GC (Allocation Failure) [PSYoungGen: 213389K->1837K(210432K)] 456901K->245357K(868352K), 0.0021453 secs] [Times: user=0.01 sys=0.00, real=0.00 secs] 
173.911: [GC (Allocation Failure) [PSYoungGen: 210221K->1440K(214528K)] 453741K->244960K(872448K), 0.0016151 secs] [Times: user=0.00 sys=0.00, real=0.00 secs] 
175.204: [GC (Allocation Failure) [PSYoungGen: 206240K->1645K(203264K)] 449760K->245165K(861184K), 0.0017340 secs] [Times: user=0.01 sys=0.00, real=0.00 secs] 
176.548: [GC (Allocation Failure) [PSYoungGen: 197705K->9840K(211456K)] 441226K->253368K(869376K), 0.0024714 secs] [Times: user=0.01 sys=0.00, real=0.00 secs] 
177.548: [GC (Allocation Failure) [PSYoungGen: 207984K->1408K(196608K)] 451512K->244944K(854528K), 0.0018124 secs] [Times: user=0.01 sys=0.00, real=0.00 secs] 
178.689: [GC (Allocation Failure) [PSYoungGen: 196480K->1773K(201728K)] 440016K->245309K(859648K), 0.0020179 secs] [Times: user=0.01 sys=0.01, real=0.00 secs] 
180.662: [GC (Allocation Failure) [PSYoungGen: 193773K->9824K(199168K)] 437309K->261568K(857088K), 0.0086086 secs] [Times: user=0.03 sys=0.00, real=0.01 secs] 
182.874: [GC (Allocation Failure) [PSYoungGen: 198752K->1485K(196608K)] 450496K->253229K(854528K), 0.0023093 secs] [Times: user=0.01 sys=0.00, real=0.01 secs] 
184.043: [GC (Allocation Failure) [PSYoungGen: 187341K->1821K(185344K)] 439085K->253581K(843264K), 0.0020186 secs] [Times: user=0.01 sys=0.00, real=0.00 secs] 
185.842: [GC (Allocation Failure) [PSYoungGen: 185117K->1552K(190464K)] 436877K->253320K(848384K), 0.0023157 secs] [Times: user=0.01 sys=0.00, real=0.00 secs] 
186.769: [GC (Allocation Failure) [PSYoungGen: 182288K->1485K(179712K)] 434056K->253261K(837632K), 0.0021073 secs] [Times: user=0.01 sys=0.00, real=0.00 secs] 
187.852: [GC (Allocation Failure) [PSYoungGen: 179661K->1805K(184320K)] 431437K->253589K(842240K), 0.0020013 secs] [Times: user=0.01 sys=0.00, real=0.00 secs] 
189.184: [GC (Allocation Failure) [PSYoungGen: 177421K->9728K(183296K)] 429205K->269712K(841216K), 0.0036070 secs] [Times: user=0.01 sys=0.00, real=0.01 secs] 
191.053: [GC (Allocation Failure) [PSYoungGen: 182784K->1456K(180224K)] 442768K->261448K(838144K), 0.0022090 secs] [Times: user=0.01 sys=0.00, real=0.00 secs] 
192.125: [GC (Allocation Failure) [PSYoungGen: 171952K->1712K(169984K)] 431944K->261704K(827904K), 0.0020464 secs] [Times: user=0.01 sys=0.00, real=0.01 secs] 
193.026: [GC (Allocation Failure) [PSYoungGen: 169648K->9712K(177664K)] 429640K->277896K(835584K), 0.0031328 secs] [Times: user=0.02 sys=0.00, real=0.01 secs] 
193.757: [GC (Allocation Failure) [PSYoungGen: 175088K->1376K(164864K)] 443272K->269560K(822784K), 0.0043465 secs] [Times: user=0.02 sys=0.00, real=0.00 secs] 
194.713: [GC (Allocation Failure) [PSYoungGen: 164704K->1693K(171520K)] 432888K->269877K(829440K), 0.0017479 secs] [Times: user=0.01 sys=0.00, real=0.00 secs] 
195.608: [GC (Allocation Failure) [PSYoungGen: 162973K->9792K(169472K)] 431157K->277984K(827392K), 0.0022497 secs] [Times: user=0.01 sys=0.00, real=0.00 secs] 
196.278: [GC (Allocation Failure) [PSYoungGen: 169024K->1376K(167936K)] 437216K->269568K(825856K), 0.0020798 secs] [Times: user=0.01 sys=0.00, real=0.00 secs] 
197.106: [GC (Allocation Failure) [PSYoungGen: 158560K->1565K(157184K)] 426752K->269757K(815104K), 0.0015715 secs] [Times: user=0.01 sys=0.00, real=0.01 secs] 
198.044: [GC (Allocation Failure) [PSYoungGen: 156701K->1709K(162816K)] 424893K->269909K(820736K), 0.0019542 secs] [Times: user=0.01 sys=0.00, real=0.00 secs] 
200.278: [GC (Allocation Failure) [PSYoungGen: 154797K->1440K(152576K)] 422997K->269640K(810496K), 0.0028522 secs] [Times: user=0.01 sys=0.01, real=0.00 secs] 
201.526: [GC (Allocation Failure) [PSYoungGen: 152480K->1376K(157696K)] 420680K->269576K(815616K), 0.0027481 secs] [Times: user=0.01 sys=0.00, real=0.01 secs] 
202.507: [GC (Allocation Failure) [PSYoungGen: 150368K->1709K(148992K)] 418568K->269933K(806912K), 0.0017966 secs] [Times: user=0.01 sys=0.00, real=0.00 secs] 
203.609: [GC (Allocation Failure) [PSYoungGen: 148653K->9792K(155648K)] 416877K->278032K(813568K), 0.0025677 secs] [Times: user=0.01 sys=0.00, real=0.00 secs] 
204.907: [GC (Allocation Failure) [PSYoungGen: 154688K->1408K(144896K)] 422928K->269648K(802816K), 0.0020241 secs] [Times: user=0.01 sys=0.00, real=0.00 secs] 
205.663: [GC (Allocation Failure) [PSYoungGen: 144768K->1517K(151552K)] 413008K->269765K(809472K), 0.0017200 secs] [Times: user=0.00 sys=0.00, real=0.00 secs] 
206.518: [GC (Allocation Failure) [PSYoungGen: 143341K->1709K(142336K)] 411589K->269957K(800256K), 0.0018930 secs] [Times: user=0.01 sys=0.00, real=0.00 secs] 
207.240: [GC (Allocation Failure) [PSYoungGen: 141997K->9760K(150016K)] 410245K->286200K(807936K), 0.0032843 secs] [Times: user=0.01 sys=0.00, real=0.00 secs] 
208.017: [GC (Allocation Failure) [PSYoungGen: 148512K->1376K(138752K)] 424952K->277816K(796672K), 0.0021610 secs] [Times: user=0.00 sys=0.00, real=0.00 secs] 
209.088: [GC (Allocation Failure) [PSYoungGen: 138592K->1549K(145408K)] 415032K->277989K(803328K), 0.0017302 secs] [Times: user=0.01 sys=0.00, real=0.00 secs] 
209.899: [GC (Allocation Failure) [PSYoungGen: 137229K->1725K(136192K)] 413669K->278165K(794112K), 0.0019271 secs] [Times: user=0.01 sys=0.00, real=0.00 secs] 
210.604: [GC (Allocation Failure) [PSYoungGen: 135869K->9760K(143872K)] 412309K->294408K(801792K), 0.0044792 secs] [Times: user=0.02 sys=0.01, real=0.01 secs] 
211.368: [GC (Allocation Failure) [PSYoungGen: 142368K->1376K(132608K)] 427016K->286024K(790528K), 0.0022482 secs] [Times: user=0.01 sys=0.00, real=0.00 secs] 
212.350: [GC (Allocation Failure) [PSYoungGen: 132448K->1517K(139264K)] 417096K->286165K(797184K), 0.0015696 secs] [Times: user=0.01 sys=0.00, real=0.00 secs] 
213.132: [GC (Allocation Failure) [PSYoungGen: 131053K->1725K(130048K)] 415701K->286373K(787968K), 0.0017950 secs] [Times: user=0.01 sys=0.00, real=0.00 secs] 
214.121: [GC (Allocation Failure) [PSYoungGen: 129725K->9728K(137728K)] 414373K->294384K(795648K), 0.0026545 secs] [Times: user=0.01 sys=0.00, real=0.00 secs] 
215.270: [GC (Allocation Failure) [PSYoungGen: 136192K->1408K(126464K)] 420848K->286064K(784384K), 0.0023263 secs] [Times: user=0.01 sys=0.00, real=0.00 secs] 
216.425: [GC (Allocation Failure) [PSYoungGen: 126336K->1485K(133120K)] 410992K->286149K(791040K), 0.0016093 secs] [Times: user=0.01 sys=0.00, real=0.01 secs] 
217.168: [GC (Allocation Failure) [PSYoungGen: 124877K->1693K(124416K)] 409541K->286365K(782336K), 0.0017364 secs] [Times: user=0.01 sys=0.00, real=0.00 secs] 
217.947: [GC (Allocation Failure) [PSYoungGen: 122725K->3664K(130560K)] 407398K->288336K(788480K), 0.0022106 secs] [Times: user=0.00 sys=0.00, real=0.00 secs] 
218.526: [GC (Allocation Failure) [PSYoungGen: 125008K->1408K(121856K)] 409680K->286096K(779776K), 0.0016368 secs] [Times: user=0.00 sys=0.00, real=0.01 secs] 
219.025: [GC (Allocation Failure) [PSYoungGen: 121728K->1376K(127488K)] 406416K->286064K(785408K), 0.0022163 secs] [Times: user=0.01 sys=0.00, real=0.01 secs] 
219.718: [GC (Allocation Failure) [PSYoungGen: 120672K->1661K(120320K)] 405360K->286349K(778240K), 0.0017414 secs] [Times: user=0.01 sys=0.00, real=0.00 secs] 
220.425: [GC (Allocation Failure) [PSYoungGen: 119933K->1632K(124928K)] 404621K->286320K(782848K), 0.0016844 secs] [Times: user=0.01 sys=0.00, real=0.01 secs] 
221.269: [GC (Allocation Failure) [PSYoungGen: 111108K->5616K(121856K)] 395797K->294408K(779776K), 0.0022515 secs] [Times: user=0.00 sys=0.00, real=0.00 secs] 
222.003: [GC (Allocation Failure) [PSYoungGen: 121840K->1408K(122880K)] 410632K->290200K(780800K), 0.0019595 secs] [Times: user=0.01 sys=0.00, real=0.00 secs] 
223.037: [GC (Allocation Failure) [PSYoungGen: 116608K->1424K(115712K)] 405400K->290232K(773632K), 0.0021711 secs] [Times: user=0.01 sys=0.00, real=0.00 secs] 
223.832: [GC (Allocation Failure) [PSYoungGen: 115600K->1693K(119808K)] 404408K->290501K(777728K), 0.0016108 secs] [Times: user=0.01 sys=0.00, real=0.00 secs] 
224.509: [GC (Allocation Failure) [PSYoungGen: 114845K->1661K(114176K)] 403653K->290477K(772096K), 0.0021376 secs] [Times: user=0.00 sys=0.00, real=0.00 secs] 
225.267: [GC (Allocation Failure) [PSYoungGen: 113789K->1456K(117248K)] 402605K->306656K(775168K), 0.0026998 secs] [Times: user=0.01 sys=0.00, real=0.00 secs] 
226.093: [GC (Allocation Failure) [PSYoungGen: 112560K->1408K(111616K)] 417760K->306624K(769536K), 0.0032870 secs] [Times: user=0.00 sys=0.00, real=0.01 secs] 
227.310: [GC (Allocation Failure) [PSYoungGen: 111488K->1485K(115200K)] 416704K->306702K(773120K), 0.0016063 secs] [Times: user=0.01 sys=0.00, real=0.00 secs] 
227.966: [GC (Allocation Failure) [PSYoungGen: 110541K->1645K(110080K)] 415758K->306878K(768000K), 0.0017121 secs] [Times: user=0.01 sys=0.00, real=0.01 secs] 
228.612: [GC (Allocation Failure) [PSYoungGen: 109677K->1613K(111616K)] 414910K->306845K(769536K), 0.0016952 secs] [Times: user=0.00 sys=0.00, real=0.00 secs] 
229.063: [GC (Allocation Failure) [PSYoungGen: 108621K->1408K(107520K)] 413853K->306640K(765440K), 0.0020847 secs] [Times: user=0.00 sys=0.00, real=0.00 secs] 
229.503: [GC (Allocation Failure) [PSYoungGen: 107392K->1456K(109056K)] 412624K->306688K(766976K), 0.0022114 secs] [Times: user=0.01 sys=0.00, real=0.00 secs] 
229.998: [GC (Allocation Failure) [PSYoungGen: 106416K->1469K(105472K)] 411648K->306701K(763392K), 0.0048712 secs] [Times: user=0.02 sys=0.00, real=0.00 secs] 
230.629: [GC (Allocation Failure) [PSYoungGen: 105405K->1581K(106496K)] 410637K->306813K(764416K), 0.0018040 secs] [Times: user=0.01 sys=0.00, real=0.00 secs] 
231.251: [GC (Allocation Failure) [PSYoungGen: 104493K->1661K(103936K)] 409725K->306893K(761856K), 0.0017686 secs] [Times: user=0.01 sys=0.00, real=0.00 secs] 
232.555: [GC (Allocation Failure) [PSYoungGen: 103549K->1408K(103936K)] 408781K->306648K(761856K), 0.0029084 secs] [Times: user=0.01 sys=0.00, real=0.01 secs] 
233.013: [GC (Allocation Failure) [PSYoungGen: 102272K->1408K(101376K)] 407512K->306648K(759296K), 0.0021187 secs] [Times: user=0.01 sys=0.00, real=0.00 secs] 
233.450: [GC (Allocation Failure) [PSYoungGen: 101248K->1437K(101376K)] 406488K->306677K(759296K), 0.0020167 secs] [Times: user=0.01 sys=0.00, real=0.00 secs] 
234.070: [GC (Allocation Failure) [PSYoungGen: 100253K->1581K(99840K)] 405493K->306821K(757760K), 0.0017597 secs] [Times: user=0.01 sys=0.00, real=0.00 secs] 
234.656: [GC (Allocation Failure) [PSYoungGen: 99373K->1616K(100864K)] 404613K->306856K(758784K), 0.0016999 secs] [Times: user=0.01 sys=0.00, real=0.00 secs] 
235.321: [GC (Allocation Failure) [PSYoungGen: 98896K->1536K(98816K)] 404136K->314976K(756736K), 0.0026697 secs] [Times: user=0.01 sys=0.00, real=0.00 secs] 
235.858: [GC (Allocation Failure) [PSYoungGen: 98304K->1376K(99328K)] 411744K->314832K(757248K), 0.0020549 secs] [Times: user=0.01 sys=0.00, real=0.00 secs] 
236.258: [GC (Allocation Failure) [PSYoungGen: 97632K->1376K(97280K)] 411088K->314832K(755200K), 0.0020960 secs] [Times: user=0.01 sys=0.00, real=0.00 secs] 
236.792: [GC (Allocation Failure) [PSYoungGen: 97120K->1613K(98304K)] 410576K->315070K(756224K), 0.0016382 secs] [Times: user=0.01 sys=0.00, real=0.00 secs] 
237.364: [GC (Allocation Failure) [PSYoungGen: 96845K->1629K(96768K)] 410302K->315086K(754688K), 0.0016467 secs] [Times: user=0.00 sys=0.00, real=0.00 secs] 
237.991: [GC (Allocation Failure) [PSYoungGen: 96349K->528K(96768K)] 409806K->314000K(754688K), 0.0016093 secs] [Times: user=0.01 sys=0.00, real=0.00 secs] 
238.405: [GC (Allocation Failure) [PSYoungGen: 94736K->1408K(95232K)] 408208K->314888K(753152K), 0.0021973 secs] [Times: user=0.01 sys=0.00, real=0.01 secs] 
238.795: [GC (Allocation Failure) [PSYoungGen: 95104K->1392K(95744K)] 408584K->314872K(753664K), 0.0019947 secs] [Times: user=0.01 sys=0.00, real=0.01 secs] 
239.182: [GC (Allocation Failure) [PSYoungGen: 94576K->1408K(94208K)] 408056K->314888K(752128K), 0.0019427 secs] [Times: user=0.01 sys=0.00, real=0.00 secs] 
239.775: [GC (Allocation Failure) [PSYoungGen: 94080K->1677K(94720K)] 407560K->315158K(752640K), 0.0018316 secs] [Times: user=0.01 sys=0.00, real=0.01 secs] 
240.326: [GC (Allocation Failure) [PSYoungGen: 93837K->1613K(93696K)] 407318K->315102K(751616K), 0.0016665 secs] [Times: user=0.01 sys=0.00, real=0.01 secs] 
240.877: [GC (Allocation Failure) [PSYoungGen: 93261K->2528K(92672K)] 406750K->319136K(750592K), 0.0021286 secs] [Times: user=0.00 sys=0.00, real=0.00 secs] 
241.325: [GC (Allocation Failure) [PSYoungGen: 92640K->384K(90112K)] 409248K->316992K(748032K), 0.0021939 secs] [Times: user=0.01 sys=0.01, real=0.01 secs] 
242.045: [GC (Allocation Failure) [PSYoungGen: 89984K->384K(92672K)] 406592K->316992K(750592K), 0.0018537 secs] [Times: user=0.01 sys=0.00, real=0.01 secs] 
242.769: [GC (Allocation Failure) [PSYoungGen: 89472K->1485K(90112K)] 406080K->318094K(748032K), 0.0015860 secs] [Times: user=0.00 sys=0.00, real=0.00 secs] 
243.351: [GC (Allocation Failure) [PSYoungGen: 90061K->1677K(91648K)] 406670K->318294K(749568K), 0.0017286 secs] [Times: user=0.01 sys=0.00, real=0.00 secs] 
243.941: [GC (Allocation Failure) [PSYoungGen: 89741K->1629K(89600K)] 406358K->318278K(747520K), 0.0019589 secs] [Times: user=0.01 sys=0.00, real=0.00 secs] 
244.496: [GC (Allocation Failure) [PSYoungGen: 89181K->1536K(90112K)] 405830K->318192K(748032K), 0.0028060 secs] [Times: user=0.01 sys=0.00, real=0.01 secs] 
244.859: [GC (Allocation Failure) [PSYoungGen: 88576K->1376K(88064K)] 405232K->318032K(745984K), 0.0020204 secs] [Times: user=0.00 sys=0.00, real=0.00 secs] 
245.541: [GC (Allocation Failure) [PSYoungGen: 87904K->1408K(88064K)] 404560K->318064K(745984K), 0.0023343 secs] [Times: user=0.00 sys=0.00, real=0.00 secs] 
246.263: [GC (Allocation Failure) [PSYoungGen: 87424K->1472K(87040K)] 404080K->318128K(744960K), 0.0019116 secs] [Times: user=0.01 sys=0.00, real=0.00 secs] 
246.779: [GC (Allocation Failure) [PSYoungGen: 86976K->1645K(87552K)] 403632K->318310K(745472K), 0.0016866 secs] [Times: user=0.01 sys=0.00, real=0.00 secs] 
247.290: [GC (Allocation Failure) [PSYoungGen: 86637K->1632K(86528K)] 403302K->318296K(744448K), 0.0016342 secs] [Times: user=0.01 sys=0.00, real=0.00 secs] 
248.394: [GC (Allocation Failure) [PSYoungGen: 86112K->2560K(87040K)] 402776K->322304K(744960K), 0.0046178 secs] [Times: user=0.02 sys=0.00, real=0.01 secs] 
249.452: [GC (Allocation Failure) [PSYoungGen: 86528K->384K(83968K)] 406272K->320136K(741888K), 0.0043122 secs] [Times: user=0.02 sys=0.00, real=0.01 secs] 
250.103: [GC (Allocation Failure) [PSYoungGen: 83840K->384K(86016K)] 403592K->320136K(743936K), 0.0019188 secs] [Times: user=0.01 sys=0.00, real=0.00 secs] 
250.806: [GC (Allocation Failure) [PSYoungGen: 83328K->384K(82944K)] 403080K->320136K(740864K), 0.0023747 secs] [Times: user=0.01 sys=0.00, real=0.00 secs] 
251.372: [GC (Allocation Failure) [PSYoungGen: 82816K->1549K(83968K)] 402568K->321302K(741888K), 0.0017349 secs] [Times: user=0.00 sys=0.00, real=0.00 secs] 
251.861: [GC (Allocation Failure) [PSYoungGen: 83469K->1549K(83456K)] 403222K->321310K(741376K), 0.0017534 secs] [Times: user=0.00 sys=0.00, real=0.00 secs] 
252.353: [GC (Allocation Failure) [PSYoungGen: 82957K->1629K(83456K)] 402718K->321390K(741376K), 0.0017122 secs] [Times: user=0.00 sys=0.00, real=0.00 secs] 
253.057: [GC (Allocation Failure) [PSYoungGen: 82525K->1472K(81920K)] 402286K->321248K(739840K), 0.0023567 secs] [Times: user=0.01 sys=0.00, real=0.00 secs] 
253.567: [GC (Allocation Failure) [PSYoungGen: 81856K->1408K(82432K)] 401632K->321184K(740352K), 0.0026753 secs] [Times: user=0.01 sys=0.00, real=0.00 secs] 
253.900: [GC (Allocation Failure) [PSYoungGen: 81280K->1376K(80896K)] 401056K->321176K(738816K), 0.0021416 secs] [Times: user=0.01 sys=0.00, real=0.00 secs] 
254.438: [GC (Allocation Failure) [PSYoungGen: 80736K->1517K(80896K)] 400536K->321318K(738816K), 0.0016319 secs] [Times: user=0.00 sys=0.00, real=0.00 secs] 
254.908: [GC (Allocation Failure) [PSYoungGen: 80365K->1597K(80384K)] 400166K->321414K(738304K), 0.0016317 secs] [Times: user=0.00 sys=0.00, real=0.00 secs] 
255.386: [GC (Allocation Failure) [PSYoungGen: 79933K->1549K(79872K)] 399750K->321366K(737792K), 0.0016722 secs] [Times: user=0.00 sys=0.00, real=0.01 secs] 
255.846: [GC (Allocation Failure) [PSYoungGen: 79148K->2528K(79872K)] 398965K->323376K(737792K), 0.0022540 secs] [Times: user=0.01 sys=0.00, real=0.01 secs] 
256.198: [GC (Allocation Failure) [PSYoungGen: 79840K->1376K(79360K)] 400688K->322248K(737280K), 0.0021701 secs] [Times: user=0.01 sys=0.00, real=0.00 secs] 
256.548: [GC (Allocation Failure) [PSYoungGen: 78176K->1408K(77824K)] 399048K->322280K(735744K), 0.0021424 secs] [Times: user=0.01 sys=0.00, real=0.00 secs] 
256.865: [GC (Allocation Failure) [PSYoungGen: 77696K->1408K(78336K)] 398568K->322288K(736256K), 0.0021811 secs] [Times: user=0.01 sys=0.00, real=0.01 secs] 
257.389: [GC (Allocation Failure) [PSYoungGen: 77184K->1517K(76800K)] 398064K->322398K(734720K), 0.0016666 secs] [Times: user=0.00 sys=0.00, real=0.00 secs] 
257.840: [GC (Allocation Failure) [PSYoungGen: 76781K->1517K(76288K)] 397662K->322398K(734208K), 0.0018185 secs] [Times: user=0.01 sys=0.00, real=0.00 secs] 
258.349: [GC (Allocation Failure) [PSYoungGen: 76269K->1581K(76288K)] 397150K->322462K(734208K), 0.0017123 secs] [Times: user=0.00 sys=0.00, real=0.00 secs] 
259.309: [GC (Allocation Failure) [PSYoungGen: 74089K->2544K(76288K)] 394970K->324448K(734208K), 0.0041562 secs] [Times: user=0.02 sys=0.00, real=0.00 secs] 
260.895: [GC (Allocation Failure) [PSYoungGen: 76272K->1376K(74752K)] 398176K->323280K(732672K), 0.0039997 secs] [Times: user=0.01 sys=0.00, real=0.01 secs] 
261.696: [GC (Allocation Failure) [PSYoungGen: 74592K->1408K(75264K)] 396496K->323320K(733184K), 0.0032317 secs] [Times: user=0.02 sys=0.00, real=0.00 secs] 
262.460: [GC (Allocation Failure) [PSYoungGen: 74112K->1376K(73728K)] 396024K->323288K(731648K), 0.0025124 secs] [Times: user=0.01 sys=0.00, real=0.00 secs] 
263.311: [GC (Allocation Failure) [PSYoungGen: 73568K->1472K(73728K)] 395480K->323384K(731648K), 0.0016218 secs] [Times: user=0.01 sys=0.00, real=0.00 secs] 
263.743: [GC (Allocation Failure) [PSYoungGen: 73152K->1517K(72704K)] 395064K->323430K(730624K), 0.0015757 secs] [Times: user=0.00 sys=0.01, real=0.00 secs] 
264.229: [GC (Allocation Failure) [PSYoungGen: 72685K->1629K(72704K)] 394598K->323542K(730624K), 0.0018620 secs] [Times: user=0.01 sys=0.00, real=0.00 secs] 
264.725: [GC (Allocation Failure) [PSYoungGen: 72285K->1549K(72192K)] 394198K->323462K(730112K), 0.0018079 secs] [Times: user=0.01 sys=0.00, real=0.01 secs] 
265.140: [GC (Allocation Failure) [PSYoungGen: 71693K->1408K(71680K)] 393606K->323352K(729600K), 0.0022802 secs] [Times: user=0.01 sys=0.00, real=0.00 secs] 
265.436: [GC (Allocation Failure) [PSYoungGen: 71040K->1408K(70656K)] 392984K->323352K(728576K), 0.0021028 secs] [Times: user=0.01 sys=0.00, real=0.01 secs] 
265.878: [GC (Allocation Failure) [PSYoungGen: 70528K->1376K(70656K)] 392472K->323320K(728576K), 0.0024198 secs] [Times: user=0.00 sys=0.00, real=0.00 secs] 
266.190: [GC (Allocation Failure) [PSYoungGen: 69984K->1392K(69632K)] 391928K->323336K(727552K), 0.0020979 secs] [Times: user=0.01 sys=0.00, real=0.00 secs] 
266.667: [GC (Allocation Failure) [PSYoungGen: 69488K->1517K(69632K)] 391432K->323470K(727552K), 0.0016452 secs] [Times: user=0.00 sys=0.00, real=0.00 secs] 
267.073: [GC (Allocation Failure) [PSYoungGen: 69101K->1565K(69120K)] 391054K->323518K(727040K), 0.0025461 secs] [Times: user=0.00 sys=0.00, real=0.00 secs] 
267.478: [GC (Allocation Failure) [PSYoungGen: 68637K->1517K(68608K)] 390590K->323494K(726528K), 0.0016715 secs] [Times: user=0.01 sys=0.00, real=0.00 secs] 
267.946: [GC (Allocation Failure) [PSYoungGen: 68589K->1488K(69120K)] 390566K->324488K(727040K), 0.0018871 secs] [Times: user=0.01 sys=0.00, real=0.00 secs] 
268.249: [GC (Allocation Failure) [PSYoungGen: 68560K->352K(68608K)] 391560K->323352K(726528K), 0.0018512 secs] [Times: user=0.00 sys=0.00, real=0.00 secs] 
268.526: [GC (Allocation Failure) [PSYoungGen: 66912K->384K(69120K)] 389912K->323384K(727040K), 0.0018499 secs] [Times: user=0.01 sys=0.00, real=0.01 secs] 
268.802: [GC (Allocation Failure) [PSYoungGen: 66944K->384K(69120K)] 389944K->323384K(727040K), 0.0016656 secs] [Times: user=0.01 sys=0.00, real=0.00 secs] 
269.338: [GC (Allocation Failure) [PSYoungGen: 66944K->416K(69120K)] 389944K->323416K(727040K), 0.0016646 secs] [Times: user=0.01 sys=0.00, real=0.00 secs] 
269.804: [GC (Allocation Failure) [PSYoungGen: 66976K->1629K(69120K)] 389976K->324630K(727040K), 0.0015690 secs] [Times: user=0.00 sys=0.00, real=0.00 secs] 
270.206: [GC (Allocation Failure) [PSYoungGen: 68189K->1565K(69120K)] 391190K->324566K(727040K), 0.0016176 secs] [Times: user=0.00 sys=0.00, real=0.00 secs] 
270.610: [GC (Allocation Failure) [PSYoungGen: 68125K->1517K(69120K)] 391126K->324518K(727040K), 0.0017858 secs] [Times: user=0.01 sys=0.00, real=0.00 secs] 
271.263: [GC (Allocation Failure) [PSYoungGen: 66099K->2512K(69120K)] 389100K->326544K(727040K), 0.0023299 secs] [Times: user=0.01 sys=0.00, real=0.00 secs] 
271.881: [GC (Allocation Failure) [PSYoungGen: 69072K->1424K(69632K)] 393104K->325456K(727552K), 0.0022596 secs] [Times: user=0.01 sys=0.00, real=0.00 secs] 
272.404: [GC (Allocation Failure) [PSYoungGen: 67984K->1376K(68096K)] 392016K->325432K(726016K), 0.0039155 secs] [Times: user=0.02 sys=0.00, real=0.01 secs] 
272.960: [GC (Allocation Failure) [PSYoungGen: 67936K->1408K(69120K)] 391992K->325464K(727040K), 0.0030554 secs] [Times: user=0.02 sys=0.00, real=0.00 secs] 
273.620: [GC (Allocation Failure) [PSYoungGen: 67968K->288K(69120K)] 392024K->324344K(727040K), 0.0028180 secs] [Times: user=0.01 sys=0.00, real=0.00 secs] 
274.104: [GC (Allocation Failure) [PSYoungGen: 66848K->1549K(69120K)] 390904K->325606K(727040K), 0.0016417 secs] [Times: user=0.01 sys=0.00, real=0.00 secs] 
274.505: [GC (Allocation Failure) [PSYoungGen: 68109K->1568K(69120K)] 392166K->325625K(727040K), 0.0015954 secs] [Times: user=0.01 sys=0.00, real=0.01 secs] 
274.909: [GC (Allocation Failure) [PSYoungGen: 68128K->1549K(69120K)] 392185K->325614K(727040K), 0.0016777 secs] [Times: user=0.01 sys=0.00, real=0.00 secs] 
275.306: [GC (Allocation Failure) [PSYoungGen: 68109K->2528K(69120K)] 392174K->329688K(727040K), 0.0021813 secs] [Times: user=0.01 sys=0.00, real=0.01 secs] 
275.682: [GC (Allocation Failure) [PSYoungGen: 69088K->384K(70656K)] 396248K->327544K(728576K), 0.0020263 secs] [Times: user=0.01 sys=0.00, real=0.00 secs] 
276.067: [GC (Allocation Failure) [PSYoungGen: 66944K->384K(70656K)] 394104K->327544K(728576K), 0.0020104 secs] [Times: user=0.01 sys=0.00, real=0.00 secs] 
276.527: [GC (Allocation Failure) [PSYoungGen: 66944K->352K(70656K)] 394104K->327512K(728576K), 0.0019807 secs] [Times: user=0.01 sys=0.00, real=0.00 secs] 
277.097: [GC (Allocation Failure) [PSYoungGen: 66912K->1456K(70656K)] 394072K->328617K(728576K), 0.0019036 secs] [Times: user=0.00 sys=0.00, real=0.00 secs] 
277.511: [GC (Allocation Failure) [PSYoungGen: 68016K->1581K(69632K)] 395177K->328742K(727552K), 0.0018958 secs] [Times: user=0.01 sys=0.00, real=0.00 secs] 
277.913: [GC (Allocation Failure) [PSYoungGen: 68141K->1581K(70144K)] 395302K->328742K(728064K), 0.0016143 secs] [Times: user=0.00 sys=0.00, real=0.00 secs] 
278.314: [GC (Allocation Failure) [PSYoungGen: 68141K->1597K(70144K)] 395302K->328774K(728064K), 0.0016513 secs] [Times: user=0.00 sys=0.00, real=0.00 secs] 
278.853: [GC (Allocation Failure) [PSYoungGen: 68157K->3552K(70144K)] 395334K->332785K(728064K), 0.0024172 secs] [Times: user=0.01 sys=0.00, real=0.00 secs] 
279.436: [GC (Allocation Failure) [PSYoungGen: 70112K->1376K(70656K)] 399345K->330608K(728576K), 0.0031424 secs] [Times: user=0.01 sys=0.00, real=0.01 secs] 
280.111: [GC (Allocation Failure) [PSYoungGen: 67936K->1408K(68096K)] 397168K->330640K(726016K), 0.0027387 secs] [Times: user=0.01 sys=0.00, real=0.00 secs] 
280.410: [GC (Allocation Failure) [PSYoungGen: 67968K->1408K(70144K)] 397200K->330640K(728064K), 0.0021160 secs] [Times: user=0.01 sys=0.01, real=0.00 secs] 
280.747: [GC (Allocation Failure) [PSYoungGen: 67968K->1453K(70144K)] 397200K->330686K(728064K), 0.0015508 secs] [Times: user=0.01 sys=0.00, real=0.00 secs] 
281.148: [GC (Allocation Failure) [PSYoungGen: 68013K->1581K(69120K)] 397246K->330814K(727040K), 0.0018036 secs] [Times: user=0.00 sys=0.00, real=0.00 secs] 
281.554: [GC (Allocation Failure) [PSYoungGen: 68116K->1549K(69632K)] 397349K->330782K(727552K), 0.0016591 secs] [Times: user=0.01 sys=0.00, real=0.00 secs] 
281.955: [GC (Allocation Failure) [PSYoungGen: 68109K->1581K(69632K)] 397342K->330830K(727552K), 0.0015347 secs] [Times: user=0.01 sys=0.00, real=0.01 secs] 
282.344: [GC (Allocation Failure) [PSYoungGen: 68141K->1504K(69632K)] 397390K->330776K(727552K), 0.0021136 secs] [Times: user=0.01 sys=0.00, real=0.01 secs] 
282.621: [GC (Allocation Failure) [PSYoungGen: 68064K->1376K(69632K)] 397336K->330648K(727552K), 0.0021139 secs] [Times: user=0.01 sys=0.00, real=0.00 secs] 
282.898: [GC (Allocation Failure) [PSYoungGen: 67936K->1456K(68096K)] 397208K->330729K(726016K), 0.0021746 secs] [Times: user=0.01 sys=0.00, real=0.00 secs] 
283.175: [GC (Allocation Failure) [PSYoungGen: 68016K->1408K(69120K)] 397289K->330688K(727040K), 0.0020804 secs] [Times: user=0.00 sys=0.00, real=0.01 secs] 
283.552: [GC (Allocation Failure) [PSYoungGen: 67968K->1421K(69120K)] 397248K->330702K(727040K), 0.0021530 secs] [Times: user=0.01 sys=0.00, real=0.00 secs] 
284.066: [GC (Allocation Failure) [PSYoungGen: 67981K->1565K(69120K)] 397262K->330846K(727040K), 0.0016366 secs] [Times: user=0.01 sys=0.01, real=0.01 secs] 
284.526: [GC (Allocation Failure) [PSYoungGen: 68125K->1581K(69120K)] 397406K->330862K(727040K), 0.0016858 secs] [Times: user=0.00 sys=0.00, real=0.01 secs] 
284.988: [GC (Allocation Failure) [PSYoungGen: 68129K->1565K(69120K)] 397410K->330862K(727040K), 0.0015182 secs] [Times: user=0.01 sys=0.00, real=0.00 secs] 
285.358: [GC (Allocation Failure) [PSYoungGen: 68125K->1440K(69120K)] 397422K->330736K(727040K), 0.0021161 secs] [Times: user=0.01 sys=0.00, real=0.00 secs] 
285.867: [GC (Allocation Failure) [PSYoungGen: 68000K->1392K(69120K)] 397296K->330689K(727040K), 0.0021729 secs] [Times: user=0.01 sys=0.00, real=0.00 secs] 
286.387: [GC (Allocation Failure) [PSYoungGen: 67952K->1408K(68096K)] 397249K->330704K(726016K), 0.0022077 secs] [Times: user=0.01 sys=0.00, real=0.00 secs] 
286.936: [GC (Allocation Failure) [PSYoungGen: 67968K->1392K(68608K)] 397264K->330689K(726528K), 0.0019664 secs] [Times: user=0.01 sys=0.00, real=0.00 secs] 
287.516: [GC (Allocation Failure) [PSYoungGen: 67952K->1453K(68608K)] 397249K->330750K(726528K), 0.0015739 secs] [Times: user=0.00 sys=0.00, real=0.00 secs] 
287.978: [GC (Allocation Failure) [PSYoungGen: 68013K->1565K(68608K)] 397310K->330862K(726528K), 0.0017400 secs] [Times: user=0.00 sys=0.00, real=0.00 secs] 
288.379: [GC (Allocation Failure) [PSYoungGen: 68125K->1533K(68608K)] 397422K->330830K(726528K), 0.0016474 secs] [Times: user=0.00 sys=0.00, real=0.00 secs] 
288.781: [GC (Allocation Failure) [PSYoungGen: 68093K->1549K(68608K)] 397390K->330862K(726528K), 0.0017518 secs] [Times: user=0.01 sys=0.00, real=0.00 secs] 
289.242: [GC (Allocation Failure) [PSYoungGen: 68109K->1424K(68608K)] 397422K->330737K(726528K), 0.0032802 secs] [Times: user=0.01 sys=0.00, real=0.00 secs] 
289.770: [GC (Allocation Failure) [PSYoungGen: 67984K->1408K(68608K)] 397297K->330720K(726528K), 0.0027984 secs] [Times: user=0.01 sys=0.00, real=0.00 secs] 
290.620: [GC (Allocation Failure) [PSYoungGen: 67968K->1408K(68608K)] 397280K->330720K(726528K), 0.0031229 secs] [Times: user=0.01 sys=0.00, real=0.00 secs] 
291.645: [GC (Allocation Failure) [PSYoungGen: 67968K->1376K(68608K)] 397280K->330696K(726528K), 0.0041357 secs] [Times: user=0.01 sys=0.00, real=0.01 secs] 
292.439: [GC (Allocation Failure) [PSYoungGen: 67936K->1517K(68608K)] 397256K->330838K(726528K), 0.0015213 secs] [Times: user=0.01 sys=0.00, real=0.00 secs] 
292.839: [GC (Allocation Failure) [PSYoungGen: 68077K->1597K(68608K)] 397398K->330918K(726528K), 0.0016846 secs] [Times: user=0.01 sys=0.00, real=0.00 secs] 
293.240: [GC (Allocation Failure) [PSYoungGen: 68157K->1597K(68608K)] 397478K->330918K(726528K), 0.0016794 secs] [Times: user=0.01 sys=0.00, real=0.00 secs] 
293.703: [GC (Allocation Failure) [PSYoungGen: 68157K->1517K(68608K)] 397478K->330854K(726528K), 0.0017605 secs] [Times: user=0.00 sys=0.00, real=0.00 secs] 
294.075: [GC (Allocation Failure) [PSYoungGen: 68077K->1376K(68608K)] 397414K->330744K(726528K), 0.0020039 secs] [Times: user=0.01 sys=0.00, real=0.01 secs] 
294.359: [GC (Allocation Failure) [PSYoungGen: 67936K->1344K(68608K)] 397304K->330712K(726528K), 0.0020219 secs] [Times: user=0.01 sys=0.00, real=0.00 secs] 
294.666: [GC (Allocation Failure) [PSYoungGen: 67904K->1408K(68608K)] 397272K->330776K(726528K), 0.0020309 secs] [Times: user=0.01 sys=0.00, real=0.00 secs] 
294.943: [GC (Allocation Failure) [PSYoungGen: 67968K->1376K(68608K)] 397336K->330744K(726528K), 0.0018959 secs] [Times: user=0.00 sys=0.00, real=0.00 secs] 
295.356: [GC (Allocation Failure) [PSYoungGen: 67936K->1517K(68608K)] 397304K->330886K(726528K), 0.0015529 secs] [Times: user=0.01 sys=0.00, real=0.01 secs] 
295.761: [GC (Allocation Failure) [PSYoungGen: 68064K->1565K(68608K)] 397433K->330934K(726528K), 0.0016448 secs] [Times: user=0.01 sys=0.00, real=0.00 secs] 
296.162: [GC (Allocation Failure) [PSYoungGen: 68111K->1613K(68608K)] 397480K->330982K(726528K), 0.0017804 secs] [Times: user=0.01 sys=0.00, real=0.00 secs] 
296.572: [GC (Allocation Failure) [PSYoungGen: 68161K->1581K(68608K)] 397529K->330958K(726528K), 0.0015765 secs] [Times: user=0.00 sys=0.00, real=0.00 secs] 
296.898: [GC (Allocation Failure) [PSYoungGen: 68141K->1408K(68608K)] 397518K->330792K(726528K), 0.0020366 secs] [Times: user=0.00 sys=0.00, real=0.00 secs] 
297.212: [GC (Allocation Failure) [PSYoungGen: 67968K->1344K(68608K)] 397352K->330728K(726528K), 0.0019585 secs] [Times: user=0.01 sys=0.00, real=0.00 secs] 
297.489: [GC (Allocation Failure) [PSYoungGen: 67904K->1376K(68608K)] 397288K->330760K(726528K), 0.0020772 secs] [Times: user=0.01 sys=0.00, real=0.00 secs] 
297.767: [GC (Allocation Failure) [PSYoungGen: 67936K->1408K(68608K)] 397320K->330792K(726528K), 0.0029261 secs] [Times: user=0.01 sys=0.00, real=0.00 secs] 
298.215: [GC (Allocation Failure) [PSYoungGen: 67968K->1517K(68608K)] 397352K->330902K(726528K), 0.0016182 secs] [Times: user=0.01 sys=0.00, real=0.01 secs] 
298.617: [GC (Allocation Failure) [PSYoungGen: 68077K->1549K(68608K)] 397462K->330934K(726528K), 0.0016395 secs] [Times: user=0.01 sys=0.00, real=0.00 secs] 
299.017: [GC (Allocation Failure) [PSYoungGen: 68109K->1549K(68608K)] 397494K->330934K(726528K), 0.0015752 secs] [Times: user=0.01 sys=0.01, real=0.00 secs] 
299.421: [GC (Allocation Failure) [PSYoungGen: 68109K->1581K(68608K)] 397494K->330990K(726528K), 0.0016596 secs] [Times: user=0.01 sys=0.00, real=0.00 secs] 
299.992: [GC (Allocation Failure) [PSYoungGen: 68141K->1408K(68608K)] 397550K->330816K(726528K), 0.0020008 secs] [Times: user=0.01 sys=0.00, real=0.00 secs] 
300.564: [GC (Allocation Failure) [PSYoungGen: 67968K->1392K(68608K)] 397376K->330801K(726528K), 0.0021710 secs] [Times: user=0.01 sys=0.00, real=0.01 secs] 
301.227: [GC (Allocation Failure) [PSYoungGen: 67952K->1408K(68608K)] 397361K->330816K(726528K), 0.0021950 secs] [Times: user=0.01 sys=0.00, real=0.00 secs] 
301.951: [GC (Allocation Failure) [PSYoungGen: 67968K->1360K(68608K)] 397376K->330769K(726528K), 0.0026997 secs] [Times: user=0.01 sys=0.00, real=0.00 secs] 
302.608: [GC (Allocation Failure) [PSYoungGen: 67920K->1517K(68608K)] 397329K->330950K(726528K), 0.0015570 secs] [Times: user=0.01 sys=0.00, real=0.00 secs] 
303.074: [GC (Allocation Failure) [PSYoungGen: 68077K->1597K(68608K)] 397510K->331030K(726528K), 0.0017880 secs] [Times: user=0.01 sys=0.00, real=0.00 secs] 
303.475: [GC (Allocation Failure) [PSYoungGen: 68157K->1533K(68608K)] 397590K->330966K(726528K), 0.0017385 secs] [Times: user=0.01 sys=0.00, real=0.01 secs] 
303.864: [GC (Allocation Failure) [PSYoungGen: 68093K->1472K(68608K)] 397526K->330921K(726528K), 0.0040128 secs] [Times: user=0.01 sys=0.00, real=0.01 secs] 
304.188: [GC (Allocation Failure) [PSYoungGen: 68032K->1360K(68608K)] 397481K->330809K(726528K), 0.0027334 secs] [Times: user=0.01 sys=0.00, real=0.00 secs] 
304.469: [GC (Allocation Failure) [PSYoungGen: 67920K->1376K(68608K)] 397369K->330824K(726528K), 0.0022245 secs] [Times: user=0.01 sys=0.00, real=0.00 secs] 
304.754: [GC (Allocation Failure) [PSYoungGen: 67936K->1376K(68608K)] 397384K->330824K(726528K), 0.0020175 secs] [Times: user=0.01 sys=0.00, real=0.01 secs] 
305.030: [GC (Allocation Failure) [PSYoungGen: 67936K->1376K(68608K)] 397384K->330824K(726528K), 0.0019088 secs] [Times: user=0.01 sys=0.00, real=0.00 secs] 
305.438: [GC (Allocation Failure) [PSYoungGen: 67936K->1485K(68608K)] 397384K->330934K(726528K), 0.0015769 secs] [Times: user=0.01 sys=0.00, real=0.00 secs] 
305.903: [GC (Allocation Failure) [PSYoungGen: 68045K->1581K(68608K)] 397494K->331030K(726528K), 0.0015915 secs] [Times: user=0.01 sys=0.00, real=0.00 secs] 
306.305: [GC (Allocation Failure) [PSYoungGen: 68141K->1581K(68608K)] 397590K->331030K(726528K), 0.0016764 secs] [Times: user=0.01 sys=0.00, real=0.01 secs] 
306.949: [GC (Allocation Failure) [PSYoungGen: 68141K->2000K(68608K)] 397590K->331449K(726528K), 0.0020507 secs] [Times: user=0.01 sys=0.00, real=0.00 secs] 
307.867: [GC (Allocation Failure) [PSYoungGen: 68560K->1376K(68608K)] 398009K->330824K(726528K), 0.0040285 secs] [Times: user=0.01 sys=0.01, real=0.00 secs] 
308.166: [GC (Allocation Failure) [PSYoungGen: 67936K->1392K(68608K)] 397384K->330841K(726528K), 0.0018793 secs] [Times: user=0.00 sys=0.00, real=0.01 secs] 
308.460: [GC (Allocation Failure) [PSYoungGen: 67952K->1408K(68608K)] 397401K->330856K(726528K), 0.0020160 secs] [Times: user=0.01 sys=0.00, real=0.00 secs] 
308.740: [GC (Allocation Failure) [PSYoungGen: 67968K->1408K(68608K)] 397416K->330856K(726528K), 0.0020179 secs] [Times: user=0.01 sys=0.00, real=0.00 secs] 
309.149: [GC (Allocation Failure) [PSYoungGen: 67968K->1565K(68608K)] 397416K->331014K(726528K), 0.0016331 secs] [Times: user=0.01 sys=0.00, real=0.00 secs] 
309.551: [GC (Allocation Failure) [PSYoungGen: 68125K->1597K(68608K)] 397574K->331046K(726528K), 0.0017390 secs] [Times: user=0.00 sys=0.00, real=0.00 secs] 
309.952: [GC (Allocation Failure) [PSYoungGen: 68157K->1549K(68608K)] 397606K->331006K(726528K), 0.0015949 secs] [Times: user=0.01 sys=0.00, real=0.00 secs] 
310.361: [GC (Allocation Failure) [PSYoungGen: 68109K->1472K(68608K)] 397566K->331953K(726528K), 0.0027840 secs] [Times: user=0.01 sys=0.00, real=0.00 secs] 
310.648: [GC (Allocation Failure) [PSYoungGen: 68032K->384K(68608K)] 398513K->330864K(726528K), 0.0019653 secs] [Times: user=0.01 sys=0.00, real=0.00 secs] 
310.941: [GC (Allocation Failure) [PSYoungGen: 66944K->336K(68096K)] 397424K->330817K(726016K), 0.0019643 secs] [Times: user=0.01 sys=0.00, real=0.00 secs] 
311.234: [GC (Allocation Failure) [PSYoungGen: 66384K->400K(68608K)] 396865K->330881K(726528K), 0.0018173 secs] [Times: user=0.01 sys=0.00, real=0.01 secs] 
311.529: [GC (Allocation Failure) [PSYoungGen: 66448K->352K(68608K)] 396929K->330832K(726528K), 0.0018980 secs] [Times: user=0.00 sys=0.00, real=0.00 secs] 
311.946: [GC (Allocation Failure) [PSYoungGen: 66400K->1597K(68608K)] 396880K->332094K(726528K), 0.0016585 secs] [Times: user=0.00 sys=0.00, real=0.01 secs] 
312.342: [GC (Allocation Failure) [PSYoungGen: 67642K->1517K(68608K)] 398139K->332014K(726528K), 0.0016813 secs] [Times: user=0.00 sys=0.00, real=0.00 secs] 
312.793: [GC (Allocation Failure) [PSYoungGen: 67565K->1581K(68608K)] 398062K->332086K(726528K), 0.0017390 secs] [Times: user=0.01 sys=0.00, real=0.00 secs] 
313.178: [GC (Allocation Failure) [PSYoungGen: 67629K->2528K(68096K)] 398134K->334057K(726016K), 0.0023124 secs] [Times: user=0.01 sys=0.00, real=0.00 secs] 
313.451: [GC (Allocation Failure) [PSYoungGen: 68064K->1408K(68608K)] 399593K->332937K(726528K), 0.0020367 secs] [Times: user=0.00 sys=0.00, real=0.00 secs] 
313.733: [GC (Allocation Failure) [PSYoungGen: 66944K->1376K(67584K)] 398473K->332905K(725504K), 0.0019367 secs] [Times: user=0.01 sys=0.00, real=0.00 secs] 
314.191: [GC (Allocation Failure) [PSYoungGen: 66912K->1376K(68096K)] 398441K->332905K(726016K), 0.0020974 secs] [Times: user=0.01 sys=0.00, real=0.00 secs] 
314.702: [GC (Allocation Failure) [PSYoungGen: 66912K->1408K(68096K)] 398441K->332937K(726016K), 0.0021520 secs] [Times: user=0.01 sys=0.00, real=0.00 secs] 
315.193: [GC (Allocation Failure) [PSYoungGen: 66929K->1549K(68096K)] 398458K->333078K(726016K), 0.0017284 secs] [Times: user=0.01 sys=0.00, real=0.00 secs] 
315.587: [GC (Allocation Failure) [PSYoungGen: 67059K->1549K(68096K)] 398588K->333078K(726016K), 0.0017120 secs] [Times: user=0.01 sys=0.00, real=0.00 secs] 
315.980: [GC (Allocation Failure) [PSYoungGen: 67085K->1581K(68096K)] 398614K->333118K(726016K), 0.0016290 secs] [Times: user=0.01 sys=0.00, real=0.00 secs] 
316.397: [GC (Allocation Failure) [PSYoungGen: 67117K->2528K(68096K)] 398654K->335097K(726016K), 0.0021247 secs] [Times: user=0.01 sys=0.00, real=0.00 secs] 
316.666: [GC (Allocation Failure) [PSYoungGen: 68064K->1376K(68096K)] 400633K->333945K(726016K), 0.0019853 secs] [Times: user=0.01 sys=0.00, real=0.00 secs] 
316.939: [GC (Allocation Failure) [PSYoungGen: 66912K->1360K(68096K)] 399481K->333929K(726016K), 0.0019506 secs] [Times: user=0.01 sys=0.00, real=0.00 secs] 
317.256: [GC (Allocation Failure) [PSYoungGen: 66896K->1376K(68096K)] 399465K->333945K(726016K), 0.0020094 secs] [Times: user=0.01 sys=0.00, real=0.01 secs] 
317.795: [GC (Allocation Failure) [PSYoungGen: 66912K->1408K(68096K)] 399481K->333977K(726016K), 0.0031900 secs] [Times: user=0.02 sys=0.00, real=0.01 secs] 
318.416: [GC (Allocation Failure) [PSYoungGen: 66944K->1549K(68096K)] 399513K->334118K(726016K), 0.0016094 secs] [Times: user=0.01 sys=0.00, real=0.01 secs] 
318.809: [GC (Allocation Failure) [PSYoungGen: 67053K->1565K(68096K)] 399622K->334134K(726016K), 0.0016611 secs] [Times: user=0.01 sys=0.00, real=0.00 secs] 
319.202: [GC (Allocation Failure) [PSYoungGen: 67101K->1549K(68096K)] 399670K->334134K(726016K), 0.0015935 secs] [Times: user=0.00 sys=0.00, real=0.00 secs] 
319.577: [GC (Allocation Failure) [PSYoungGen: 67085K->2544K(68096K)] 399670K->335129K(726016K), 0.0018856 secs] [Times: user=0.01 sys=0.00, real=0.00 secs] 
319.874: [GC (Allocation Failure) [PSYoungGen: 68080K->1344K(68096K)] 400665K->333929K(726016K), 0.0021123 secs] [Times: user=0.01 sys=0.00, real=0.01 secs] 
320.147: [GC (Allocation Failure) [PSYoungGen: 66880K->1376K(68096K)] 399465K->333961K(726016K), 0.0020204 secs] [Times: user=0.01 sys=0.00, real=0.00 secs] 
320.648: [GC (Allocation Failure) [PSYoungGen: 66912K->1376K(68096K)] 399497K->333961K(726016K), 0.0021463 secs] [Times: user=0.01 sys=0.00, real=0.00 secs] 
321.144: [GC (Allocation Failure) [PSYoungGen: 66912K->1376K(68096K)] 399497K->333961K(726016K), 0.0023018 secs] [Times: user=0.01 sys=0.00, real=0.01 secs] 
321.655: [GC (Allocation Failure) [PSYoungGen: 66912K->1485K(68096K)] 399497K->334094K(726016K), 0.0016245 secs] [Times: user=0.01 sys=0.00, real=0.01 secs] 
322.048: [GC (Allocation Failure) [PSYoungGen: 67008K->1517K(68096K)] 399617K->334126K(726016K), 0.0016037 secs] [Times: user=0.00 sys=0.00, real=0.00 secs] 
322.443: [GC (Allocation Failure) [PSYoungGen: 67053K->1533K(68096K)] 399662K->334158K(726016K), 0.0017227 secs] [Times: user=0.01 sys=0.00, real=0.00 secs] 
322.878: [GC (Allocation Failure) [PSYoungGen: 67069K->1776K(68096K)] 399694K->334401K(726016K), 0.0016197 secs] [Times: user=0.01 sys=0.00, real=0.00 secs] 
323.144: [GC (Allocation Failure) [PSYoungGen: 67312K->1392K(68096K)] 399937K->334017K(726016K), 0.0019157 secs] [Times: user=0.01 sys=0.00, real=0.00 secs] 
323.416: [GC (Allocation Failure) [PSYoungGen: 66928K->1344K(68096K)] 399553K->333969K(726016K), 0.0017381 secs] [Times: user=0.00 sys=0.00, real=0.01 secs] 
323.729: [GC (Allocation Failure) [PSYoungGen: 66880K->1440K(67072K)] 399505K->334065K(724992K), 0.0023057 secs] [Times: user=0.01 sys=0.00, real=0.00 secs] 
324.002: [GC (Allocation Failure) [PSYoungGen: 66976K->1376K(67584K)] 399601K->334001K(725504K), 0.0021387 secs] [Times: user=0.01 sys=0.00, real=0.00 secs] 
324.398: [GC (Allocation Failure) [PSYoungGen: 66912K->1549K(67584K)] 399537K->334174K(725504K), 0.0015980 secs] [Times: user=0.01 sys=0.00, real=0.00 secs] 
324.792: [GC (Allocation Failure) [PSYoungGen: 67085K->1629K(67584K)] 399710K->334254K(725504K), 0.0016586 secs] [Times: user=0.01 sys=0.00, real=0.00 secs] 
325.186: [GC (Allocation Failure) [PSYoungGen: 67165K->1581K(67584K)] 399790K->334222K(725504K), 0.0016279 secs] [Times: user=0.01 sys=0.00, real=0.00 secs] 
325.575: [GC (Allocation Failure) [PSYoungGen: 67117K->1568K(67584K)] 399758K->334209K(725504K), 0.0017201 secs] [Times: user=0.01 sys=0.00, real=0.01 secs] 
326.852: [GC (Allocation Failure) [PSYoungGen: 67104K->1424K(67584K)] 399745K->334065K(725504K), 0.0033508 secs] [Times: user=0.02 sys=0.00, real=0.00 secs] 
327.460: [GC (Allocation Failure) [PSYoungGen: 66960K->1344K(67584K)] 399601K->333985K(725504K), 0.0031733 secs] [Times: user=0.01 sys=0.00, real=0.00 secs] 
328.131: [GC (Allocation Failure) [PSYoungGen: 66880K->1344K(67584K)] 399521K->333985K(725504K), 0.0024786 secs] [Times: user=0.01 sys=0.00, real=0.00 secs] 
328.719: [GC (Allocation Failure) [PSYoungGen: 66880K->1408K(67584K)] 399521K->334049K(725504K), 0.0022472 secs] [Times: user=0.01 sys=0.00, real=0.00 secs] 
329.248: [GC (Allocation Failure) [PSYoungGen: 66944K->1552K(67584K)] 399585K->334193K(725504K), 0.0016291 secs] [Times: user=0.01 sys=0.00, real=0.00 secs] 
329.643: [GC (Allocation Failure) [PSYoungGen: 67088K->1549K(67584K)] 399729K->334190K(725504K), 0.0016111 secs] [Times: user=0.00 sys=0.00, real=0.00 secs] 
330.036: [GC (Allocation Failure) [PSYoungGen: 67085K->1629K(67584K)] 399726K->334278K(725504K), 0.0016007 secs] [Times: user=0.01 sys=0.00, real=0.01 secs] 
330.431: [GC (Allocation Failure) [PSYoungGen: 67165K->1552K(67584K)] 399814K->334201K(725504K), 0.0016535 secs] [Times: user=0.01 sys=0.00, real=0.00 secs] 
330.781: [GC (Allocation Failure) [PSYoungGen: 67088K->1392K(67584K)] 399737K->334057K(725504K), 0.0018965 secs] [Times: user=0.01 sys=0.00, real=0.00 secs] 
331.077: [GC (Allocation Failure) [PSYoungGen: 66928K->1376K(67584K)] 399593K->334041K(725504K), 0.0018910 secs] [Times: user=0.01 sys=0.00, real=0.00 secs] 
331.373: [GC (Allocation Failure) [PSYoungGen: 66912K->1344K(67584K)] 399577K->334009K(725504K), 0.0019714 secs] [Times: user=0.01 sys=0.01, real=0.00 secs] 
331.719: [GC (Allocation Failure) [PSYoungGen: 66880K->1344K(67584K)] 399545K->334009K(725504K), 0.0019448 secs] [Times: user=0.01 sys=0.00, real=0.00 secs] 
332.291: [GC (Allocation Failure) [PSYoungGen: 66880K->1549K(67584K)] 399545K->334214K(725504K), 0.0015448 secs] [Times: user=0.01 sys=0.00, real=0.00 secs] 
332.742: [GC (Allocation Failure) [PSYoungGen: 67084K->1517K(67584K)] 399749K->334182K(725504K), 0.0018203 secs] [Times: user=0.01 sys=0.01, real=0.00 secs] 
333.196: [GC (Allocation Failure) [PSYoungGen: 67053K->1517K(67584K)] 399718K->334206K(725504K), 0.0016333 secs] [Times: user=0.00 sys=0.00, real=0.00 secs] 
333.652: [GC (Allocation Failure) [PSYoungGen: 67053K->1568K(67584K)] 399742K->334257K(725504K), 0.0016670 secs] [Times: user=0.01 sys=0.00, real=0.00 secs] 
334.307: [GC (Allocation Failure) [PSYoungGen: 67104K->1456K(67584K)] 399793K->334145K(725504K), 0.0019409 secs] [Times: user=0.01 sys=0.00, real=0.00 secs] 
334.580: [GC (Allocation Failure) [PSYoungGen: 66992K->1344K(67584K)] 399681K->334033K(725504K), 0.0017053 secs] [Times: user=0.01 sys=0.00, real=0.00 secs] 
334.851: [GC (Allocation Failure) [PSYoungGen: 66880K->1360K(67584K)] 399569K->334049K(725504K), 0.0018008 secs] [Times: user=0.00 sys=0.00, real=0.00 secs] 
335.123: [GC (Allocation Failure) [PSYoungGen: 66896K->1408K(67584K)] 399585K->334097K(725504K), 0.0018974 secs] [Times: user=0.01 sys=0.00, real=0.00 secs] 
335.479: [GC (Allocation Failure) [PSYoungGen: 66944K->1549K(67584K)] 399633K->334238K(725504K), 0.0016060 secs] [Times: user=0.00 sys=0.00, real=0.00 secs] 
335.958: [GC (Allocation Failure) [PSYoungGen: 67085K->1581K(67584K)] 399774K->334270K(725504K), 0.0017056 secs] [Times: user=0.00 sys=0.00, real=0.00 secs] 
336.353: [GC (Allocation Failure) [PSYoungGen: 67117K->1565K(67584K)] 399806K->334254K(725504K), 0.0017330 secs] [Times: user=0.01 sys=0.00, real=0.00 secs] 
336.748: [GC (Allocation Failure) [PSYoungGen: 67101K->1517K(67584K)] 399790K->334214K(725504K), 0.0017909 secs] [Times: user=0.01 sys=0.00, real=0.00 secs] 
337.049: [GC (Allocation Failure) [PSYoungGen: 67053K->1456K(67584K)] 399750K->334153K(725504K), 0.0027169 secs] [Times: user=0.01 sys=0.00, real=0.00 secs] 
337.318: [GC (Allocation Failure) [PSYoungGen: 66992K->1376K(67584K)] 399689K->334073K(725504K), 0.0027479 secs] [Times: user=0.01 sys=0.00, real=0.00 secs] 
337.590: [GC (Allocation Failure) [PSYoungGen: 66912K->1408K(67584K)] 399609K->334105K(725504K), 0.0020271 secs] [Times: user=0.01 sys=0.00, real=0.00 secs] 
337.862: [GC (Allocation Failure) [PSYoungGen: 66944K->1392K(67584K)] 399641K->334089K(725504K), 0.0020724 secs] [Times: user=0.00 sys=0.00, real=0.00 secs] 
338.281: [GC (Allocation Failure) [PSYoungGen: 66928K->1533K(67584K)] 399625K->334230K(725504K), 0.0015012 secs] [Times: user=0.00 sys=0.00, real=0.00 secs] 
338.673: [GC (Allocation Failure) [PSYoungGen: 67069K->1581K(67584K)] 399766K->334278K(725504K), 0.0015759 secs] [Times: user=0.01 sys=0.00, real=0.00 secs] 
339.069: [GC (Allocation Failure) [PSYoungGen: 67117K->1565K(67584K)] 399814K->334262K(725504K), 0.0016218 secs] [Times: user=0.01 sys=0.00, real=0.00 secs] 
339.466: [GC (Allocation Failure) [PSYoungGen: 67101K->1581K(67584K)] 399798K->334286K(725504K), 0.0014913 secs] [Times: user=0.01 sys=0.00, real=0.01 secs] 
339.807: [GC (Allocation Failure) [PSYoungGen: 67117K->1392K(67584K)] 399822K->334097K(725504K), 0.0018563 secs] [Times: user=0.00 sys=0.00, real=0.00 secs] 
340.121: [GC (Allocation Failure) [PSYoungGen: 66928K->1376K(67584K)] 399633K->334081K(725504K), 0.0020279 secs] [Times: user=0.01 sys=0.00, real=0.00 secs] 
340.393: [GC (Allocation Failure) [PSYoungGen: 66912K->1360K(67584K)] 399617K->334065K(725504K), 0.0020298 secs] [Times: user=0.00 sys=0.00, real=0.00 secs] 
340.666: [GC (Allocation Failure) [PSYoungGen: 66896K->1376K(67584K)] 399601K->334081K(725504K), 0.0018010 secs] [Times: user=0.01 sys=0.00, real=0.01 secs] 
341.067: [GC (Allocation Failure) [PSYoungGen: 66912K->1501K(67584K)] 399617K->334222K(725504K), 0.0015063 secs] [Times: user=0.01 sys=0.00, real=0.00 secs] 
341.460: [GC (Allocation Failure) [PSYoungGen: 67037K->1565K(67584K)] 399758K->334286K(725504K), 0.0016708 secs] [Times: user=0.00 sys=0.00, real=0.00 secs] 
341.857: [GC (Allocation Failure) [PSYoungGen: 67101K->1549K(67584K)] 399822K->334270K(725504K), 0.0017436 secs] [Times: user=0.01 sys=0.00, real=0.00 secs] 
342.315: [GC (Allocation Failure) [PSYoungGen: 67085K->1533K(67584K)] 399806K->334262K(725504K), 0.0016515 secs] [Times: user=0.01 sys=0.00, real=0.01 secs] 
342.825: [GC (Allocation Failure) [PSYoungGen: 67069K->1472K(67584K)] 399798K->334201K(725504K), 0.0022004 secs] [Times: user=0.00 sys=0.00, real=0.01 secs] 
343.342: [GC (Allocation Failure) [PSYoungGen: 67008K->1392K(67584K)] 399737K->334121K(725504K), 0.0022254 secs] [Times: user=0.01 sys=0.00, real=0.00 secs] 
343.918: [GC (Allocation Failure) [PSYoungGen: 66928K->1392K(67584K)] 399657K->334121K(725504K), 0.0026898 secs] [Times: user=0.01 sys=0.00, real=0.00 secs] 
344.696: [GC (Allocation Failure) [PSYoungGen: 66928K->1376K(67584K)] 399657K->334105K(725504K), 0.0030339 secs] [Times: user=0.01 sys=0.00, real=0.01 secs] 
345.354: [GC (Allocation Failure) [PSYoungGen: 66912K->1485K(67584K)] 399641K->334214K(725504K), 0.0014967 secs] [Times: user=0.01 sys=0.00, real=0.00 secs] 
345.749: [GC (Allocation Failure) [PSYoungGen: 67021K->1549K(67584K)] 399750K->334278K(725504K), 0.0017045 secs] [Times: user=0.01 sys=0.00, real=0.00 secs] 
346.143: [GC (Allocation Failure) [PSYoungGen: 67085K->1549K(67584K)] 399814K->334278K(725504K), 0.0016077 secs] [Times: user=0.00 sys=0.00, real=0.00 secs] 
346.539: [GC (Allocation Failure) [PSYoungGen: 67085K->1581K(67584K)] 399814K->334326K(725504K), 0.0016676 secs] [Times: user=0.01 sys=0.00, real=0.00 secs] 
347.145: [GC (Allocation Failure) [PSYoungGen: 67117K->1472K(67584K)] 399862K->334225K(725504K), 0.0019571 secs] [Times: user=0.01 sys=0.00, real=0.01 secs] 
347.744: [GC (Allocation Failure) [PSYoungGen: 67008K->1376K(67584K)] 399761K->334129K(725504K), 0.0019955 secs] [Times: user=0.01 sys=0.00, real=0.01 secs] 
348.341: [GC (Allocation Failure) [PSYoungGen: 66912K->1408K(67584K)] 399665K->334161K(725504K), 0.0021861 secs] [Times: user=0.01 sys=0.00, real=0.00 secs] 
348.981: [GC (Allocation Failure) [PSYoungGen: 66944K->1376K(67584K)] 399697K->334129K(725504K), 0.0022090 secs] [Times: user=0.01 sys=0.00, real=0.00 secs] 
349.667: [GC (Allocation Failure) [PSYoungGen: 66912K->1469K(67584K)] 399665K->334222K(725504K), 0.0015548 secs] [Times: user=0.00 sys=0.00, real=0.00 secs] 
350.062: [GC (Allocation Failure) [PSYoungGen: 67005K->1581K(67584K)] 399758K->334334K(725504K), 0.0017492 secs] [Times: user=0.01 sys=0.00, real=0.00 secs] 
350.460: [GC (Allocation Failure) [PSYoungGen: 67117K->1597K(67584K)] 399870K->334350K(725504K), 0.0018067 secs] [Times: user=0.01 sys=0.00, real=0.00 secs] 
350.856: [GC (Allocation Failure) [PSYoungGen: 67133K->1597K(67584K)] 399886K->334358K(725504K), 0.0016088 secs] [Times: user=0.01 sys=0.00, real=0.00 secs] 
351.535: [GC (Allocation Failure) [PSYoungGen: 67133K->1392K(67584K)] 399894K->334153K(725504K), 0.0021079 secs] [Times: user=0.01 sys=0.00, real=0.01 secs] 
352.549: [GC (Allocation Failure) [PSYoungGen: 66928K->1408K(67584K)] 399689K->334169K(725504K), 0.0022400 secs] [Times: user=0.01 sys=0.00, real=0.00 secs] 
353.330: [GC (Allocation Failure) [PSYoungGen: 66944K->1392K(67584K)] 399705K->334153K(725504K), 0.0027289 secs] [Times: user=0.01 sys=0.00, real=0.00 secs] 
353.951: [GC (Allocation Failure) [PSYoungGen: 66928K->1408K(67584K)] 399689K->334169K(725504K), 0.0027912 secs] [Times: user=0.01 sys=0.00, real=0.00 secs] 
354.572: [GC (GCLocker Initiated GC) [PSYoungGen: 66944K->1424K(67584K)] 399705K->334209K(725504K), 0.0015660 secs] [Times: user=0.00 sys=0.00, real=0.00 secs] 
354.968: [GC (Allocation Failure) [PSYoungGen: 66960K->1549K(67584K)] 399970K->334559K(725504K), 0.0016113 secs] [Times: user=0.01 sys=0.00, real=0.00 secs] 
355.363: [GC (Allocation Failure) [PSYoungGen: 67085K->1565K(67584K)] 400095K->334575K(725504K), 0.0015801 secs] [Times: user=0.01 sys=0.00, real=0.00 secs] 
355.759: [GC (Allocation Failure) [PSYoungGen: 67101K->1581K(67584K)] 400111K->334607K(725504K), 0.0015584 secs] [Times: user=0.01 sys=0.00, real=0.00 secs] 
356.385: [GC (Allocation Failure) [PSYoungGen: 67117K->1568K(67584K)] 400143K->334594K(725504K), 0.0020364 secs] [Times: user=0.01 sys=0.00, real=0.01 secs] 
357.025: [GC (Allocation Failure) [PSYoungGen: 67104K->1440K(67584K)] 400130K->334466K(725504K), 0.0021441 secs] [Times: user=0.01 sys=0.00, real=0.01 secs] 
357.384: [GC (Allocation Failure) [PSYoungGen: 66976K->1440K(67584K)] 400002K->334466K(725504K), 0.0020436 secs] [Times: user=0.01 sys=0.00, real=0.01 secs] 
357.662: [GC (Allocation Failure) [PSYoungGen: 66976K->1424K(67584K)] 400002K->334450K(725504K), 0.0020432 secs] [Times: user=0.01 sys=0.00, real=0.00 secs] 
357.994: [GC (Allocation Failure) [PSYoungGen: 66960K->1517K(67584K)] 399986K->334551K(725504K), 0.0015696 secs] [Times: user=0.01 sys=0.00, real=0.00 secs] 
358.388: [GC (Allocation Failure) [PSYoungGen: 67053K->1677K(67584K)] 400087K->334711K(725504K), 0.0016078 secs] [Times: user=0.01 sys=0.00, real=0.00 secs] 
358.851: [GC (Allocation Failure) [PSYoungGen: 67213K->1661K(67584K)] 400247K->334695K(725504K), 0.0017036 secs] [Times: user=0.00 sys=0.00, real=0.00 secs] 
359.246: [GC (Allocation Failure) [PSYoungGen: 67197K->1581K(67584K)] 400231K->334631K(725504K), 0.0016523 secs] [Times: user=0.01 sys=0.00, real=0.01 secs] 
359.647: [GC (Allocation Failure) [PSYoungGen: 67117K->1520K(67584K)] 400167K->334570K(725504K), 0.0028420 secs] [Times: user=0.01 sys=0.00, real=0.00 secs] 
359.921: [GC (Allocation Failure) [PSYoungGen: 67056K->1456K(67584K)] 400106K->334506K(725504K), 0.0019976 secs] [Times: user=0.01 sys=0.00, real=0.00 secs] 
360.228: [GC (Allocation Failure) [PSYoungGen: 66992K->1440K(67584K)] 400042K->334490K(725504K), 0.0019658 secs] [Times: user=0.00 sys=0.00, real=0.00 secs] 
360.656: [GC (Allocation Failure) [PSYoungGen: 66976K->1408K(67584K)] 400026K->334498K(725504K), 0.0021832 secs] [Times: user=0.01 sys=0.00, real=0.01 secs] 
361.101: [GC (Allocation Failure) [PSYoungGen: 66944K->1469K(67584K)] 400034K->334607K(725504K), 0.0014547 secs] [Times: user=0.01 sys=0.00, real=0.00 secs] 
361.493: [GC (Allocation Failure) [PSYoungGen: 67005K->1616K(67584K)] 400143K->334754K(725504K), 0.0015970 secs] [Times: user=0.01 sys=0.00, real=0.00 secs] 
361.892: [GC (Allocation Failure) [PSYoungGen: 67152K->1517K(67584K)] 400290K->334687K(725504K), 0.0016711 secs] [Times: user=0.00 sys=0.00, real=0.00 secs] 
362.289: [GC (Allocation Failure) [PSYoungGen: 67053K->1517K(67584K)] 400223K->334711K(725504K), 0.0016484 secs] [Times: user=0.01 sys=0.00, real=0.00 secs] 
362.770: [GC (Allocation Failure) [PSYoungGen: 67053K->1440K(67584K)] 400247K->338730K(725504K), 0.0020803 secs] [Times: user=0.00 sys=0.00, real=0.00 secs] 
364.386: [GC (Allocation Failure) [PSYoungGen: 66976K->1392K(67584K)] 404266K->338682K(725504K), 0.0034390 secs] [Times: user=0.02 sys=0.01, real=0.01 secs] 
364.952: [GC (Allocation Failure) [PSYoungGen: 66928K->1408K(67584K)] 404218K->338698K(725504K), 0.0027421 secs] [Times: user=0.01 sys=0.00, real=0.00 secs] 
365.326: [GC (Allocation Failure) [PSYoungGen: 66944K->1408K(67584K)] 404234K->338706K(725504K), 0.0020420 secs] [Times: user=0.01 sys=0.00, real=0.00 secs] 
365.642: [GC (Allocation Failure) [PSYoungGen: 66944K->1469K(67584K)] 404242K->338783K(725504K), 0.0015061 secs] [Times: user=0.01 sys=0.00, real=0.00 secs] 
366.035: [GC (Allocation Failure) [PSYoungGen: 67005K->1565K(67584K)] 404319K->338879K(725504K), 0.0016714 secs] [Times: user=0.00 sys=0.00, real=0.01 secs] 
366.431: [GC (Allocation Failure) [PSYoungGen: 67101K->1549K(67584K)] 404415K->338863K(725504K), 0.0016967 secs] [Times: user=0.00 sys=0.00, real=0.00 secs] 
366.827: [GC (Allocation Failure) [PSYoungGen: 67085K->1517K(67584K)] 404399K->338847K(725504K), 0.0016453 secs] [Times: user=0.01 sys=0.00, real=0.00 secs] 
367.807: [GC (Allocation Failure) [PSYoungGen: 67053K->1456K(67584K)] 404383K->338786K(725504K), 0.0028161 secs] [Times: user=0.01 sys=0.00, real=0.00 secs] 
368.728: [GC (Allocation Failure) [PSYoungGen: 66992K->1360K(67584K)] 404322K->338690K(725504K), 0.0033413 secs] [Times: user=0.01 sys=0.00, real=0.00 secs] 
369.281: [GC (Allocation Failure) [PSYoungGen: 66896K->1408K(67584K)] 404226K->338738K(725504K), 0.0031202 secs] [Times: user=0.01 sys=0.00, real=0.00 secs] 
369.566: [GC (Allocation Failure) [PSYoungGen: 66944K->1408K(67584K)] 404274K->338738K(725504K), 0.0020370 secs] [Times: user=0.01 sys=0.00, real=0.01 secs] 
369.898: [GC (Allocation Failure) [PSYoungGen: 66944K->1453K(67584K)] 404274K->338783K(725504K), 0.0015928 secs] [Times: user=0.01 sys=0.00, real=0.00 secs] 
370.290: [GC (Allocation Failure) [PSYoungGen: 66989K->1549K(67584K)] 404319K->338887K(725504K), 0.0015857 secs] [Times: user=0.01 sys=0.00, real=0.00 secs] 
370.684: [GC (Allocation Failure) [PSYoungGen: 67085K->1581K(67584K)] 404423K->338919K(725504K), 0.0015941 secs] [Times: user=0.00 sys=0.00, real=0.00 secs] 
371.078: [GC (Allocation Failure) [PSYoungGen: 67117K->1565K(67584K)] 404455K->338911K(725504K), 0.0016886 secs] [Times: user=0.01 sys=0.00, real=0.00 secs] 
371.622: [GC (Allocation Failure) [PSYoungGen: 67101K->1472K(67584K)] 404447K->338834K(725504K), 0.0021947 secs] [Times: user=0.01 sys=0.00, real=0.00 secs] 
372.180: [GC (Allocation Failure) [PSYoungGen: 67008K->1440K(67584K)] 404370K->338802K(725504K), 0.0026255 secs] [Times: user=0.01 sys=0.00, real=0.00 secs] 
372.737: [GC (Allocation Failure) [PSYoungGen: 66976K->1392K(67584K)] 404338K->338754K(725504K), 0.0020721 secs] [Times: user=0.00 sys=0.00, real=0.00 secs] 
373.085: [GC (Allocation Failure) [PSYoungGen: 66928K->1408K(67584K)] 404290K->338786K(725504K), 0.0025848 secs] [Times: user=0.01 sys=0.00, real=0.01 secs] 
373.418: [GC (Allocation Failure) [PSYoungGen: 66944K->1469K(67584K)] 404322K->338847K(725504K), 0.0019222 secs] [Times: user=0.01 sys=0.00, real=0.00 secs] 
373.816: [GC (Allocation Failure) [PSYoungGen: 67005K->1533K(67584K)] 404383K->338911K(725504K), 0.0015435 secs] [Times: user=0.01 sys=0.00, real=0.01 secs] 
374.209: [GC (Allocation Failure) [PSYoungGen: 67069K->1549K(67584K)] 404447K->338927K(725504K), 0.0016500 secs] [Times: user=0.00 sys=0.00, real=0.00 secs] 
374.603: [GC (Allocation Failure) [PSYoungGen: 67085K->1581K(67584K)] 404463K->338967K(725504K), 0.0017848 secs] [Times: user=0.00 sys=0.00, real=0.00 secs] 
375.070: [GC (Allocation Failure) [PSYoungGen: 67117K->1520K(67584K)] 404503K->338914K(725504K), 0.0021521 secs] [Times: user=0.01 sys=0.00, real=0.00 secs] 
375.347: [GC (Allocation Failure) [PSYoungGen: 67056K->1408K(67584K)] 404450K->338802K(725504K), 0.0020963 secs] [Times: user=0.01 sys=0.00, real=0.00 secs] 
375.702: [GC (Allocation Failure) [PSYoungGen: 66944K->1424K(67584K)] 404338K->338818K(725504K), 0.0021663 secs] [Times: user=0.01 sys=0.00, real=0.00 secs] 
376.186: [GC (Allocation Failure) [PSYoungGen: 66960K->1408K(67584K)] 404354K->338802K(725504K), 0.0021413 secs] [Times: user=0.01 sys=0.00, real=0.00 secs] 
376.749: [GC (Allocation Failure) [PSYoungGen: 66944K->1469K(67584K)] 404338K->338863K(725504K), 0.0020642 secs] [Times: user=0.01 sys=0.00, real=0.00 secs] 
377.161: [GC (Allocation Failure) [PSYoungGen: 67005K->1517K(67584K)] 404399K->338911K(725504K), 0.0016476 secs] [Times: user=0.01 sys=0.00, real=0.00 secs] 
377.554: [GC (Allocation Failure) [PSYoungGen: 67033K->1581K(67584K)] 404428K->338975K(725504K), 0.0015957 secs] [Times: user=0.01 sys=0.00, real=0.00 secs] 
377.947: [GC (Allocation Failure) [PSYoungGen: 67117K->1552K(67584K)] 404511K->338970K(725504K), 0.0016333 secs] [Times: user=0.00 sys=0.00, real=0.00 secs] 
378.403: [GC (Allocation Failure) [PSYoungGen: 67088K->1472K(67584K)] 404506K->338890K(725504K), 0.0017208 secs] [Times: user=0.01 sys=0.00, real=0.00 secs] 
378.724: [GC (Allocation Failure) [PSYoungGen: 67008K->1408K(67584K)] 404426K->338826K(725504K), 0.0015408 secs] [Times: user=0.01 sys=0.00, real=0.00 secs] 
379.059: [GC (Allocation Failure) [PSYoungGen: 66944K->1408K(67584K)] 404362K->338826K(725504K), 0.0020091 secs] [Times: user=0.01 sys=0.00, real=0.00 secs] 
379.534: [GC (Allocation Failure) [PSYoungGen: 66944K->1408K(67584K)] 404362K->338826K(725504K), 0.0028637 secs] [Times: user=0.01 sys=0.01, real=0.01 secs] 
380.107: [GC (Allocation Failure) [PSYoungGen: 66944K->1469K(67584K)] 404362K->338887K(725504K), 0.0029305 secs] [Times: user=0.01 sys=0.00, real=0.00 secs] 
380.647: [GC (Allocation Failure) [PSYoungGen: 67005K->1581K(67584K)] 404423K->338999K(725504K), 0.0016208 secs] [Times: user=0.01 sys=0.00, real=0.00 secs] 
381.098: [GC (Allocation Failure) [PSYoungGen: 67117K->1581K(67584K)] 404535K->338999K(725504K), 0.0017851 secs] [Times: user=0.01 sys=0.00, real=0.00 secs] 
381.493: [GC (Allocation Failure) [PSYoungGen: 67117K->1581K(67584K)] 404535K->339007K(725504K), 0.0017523 secs] [Times: user=0.01 sys=0.00, real=0.00 secs] 
381.987: [GC (Allocation Failure) [PSYoungGen: 67117K->1504K(67584K)] 404543K->338930K(725504K), 0.0028590 secs] [Times: user=0.01 sys=0.00, real=0.00 secs] 
382.441: [GC (Allocation Failure) [PSYoungGen: 67040K->1408K(67584K)] 404466K->338850K(725504K), 0.0025035 secs] [Times: user=0.01 sys=0.00, real=0.00 secs] 
382.868: [GC (Allocation Failure) [PSYoungGen: 66944K->1376K(67584K)] 404386K->338818K(725504K), 0.0021605 secs] [Times: user=0.01 sys=0.00, real=0.00 secs] 
383.479: [GC (Allocation Failure) [PSYoungGen: 66912K->1392K(67584K)] 404354K->338834K(725504K), 0.0030216 secs] [Times: user=0.01 sys=0.01, real=0.00 secs] 
384.240: [GC (Allocation Failure) [PSYoungGen: 66928K->1469K(67584K)] 404370K->338911K(725504K), 0.0024739 secs] [Times: user=0.01 sys=0.00, real=0.00 secs] 
384.712: [GC (Allocation Failure) [PSYoungGen: 67005K->1597K(67584K)] 404447K->339039K(725504K), 0.0016787 secs] [Times: user=0.01 sys=0.00, real=0.00 secs] 
385.107: [GC (Allocation Failure) [PSYoungGen: 67133K->1581K(67584K)] 404575K->339023K(725504K), 0.0017750 secs] [Times: user=0.00 sys=0.00, real=0.00 secs] 
385.504: [GC (Allocation Failure) [PSYoungGen: 67117K->1629K(67584K)] 404559K->339087K(725504K), 0.0015632 secs] [Times: user=0.00 sys=0.00, real=0.00 secs] 
385.896: [GC (Allocation Failure) [PSYoungGen: 67165K->1520K(67584K)] 404623K->338986K(725504K), 0.0020296 secs] [Times: user=0.01 sys=0.00, real=0.00 secs] 
386.169: [GC (Allocation Failure) [PSYoungGen: 67056K->1408K(67584K)] 404522K->338874K(725504K), 0.0018597 secs] [Times: user=0.01 sys=0.00, real=0.00 secs] 
386.441: [GC (Allocation Failure) [PSYoungGen: 66944K->1408K(67584K)] 404410K->338874K(725504K), 0.0019763 secs] [Times: user=0.00 sys=0.00, real=0.00 secs] 
386.715: [GC (Allocation Failure) [PSYoungGen: 66944K->1408K(67584K)] 404410K->338874K(725504K), 0.0019579 secs] [Times: user=0.01 sys=0.00, real=0.01 secs] 
387.017: [GC (Allocation Failure) [PSYoungGen: 66944K->1453K(67584K)] 404410K->338919K(725504K), 0.0019031 secs] [Times: user=0.01 sys=0.00, real=0.00 secs] 
387.414: [GC (Allocation Failure) [PSYoungGen: 66989K->1552K(67584K)] 404455K->339018K(725504K), 0.0016490 secs] [Times: user=0.01 sys=0.00, real=0.00 secs] 
387.808: [GC (Allocation Failure) [PSYoungGen: 67088K->1565K(67584K)] 404554K->339031K(725504K), 0.0015828 secs] [Times: user=0.00 sys=0.00, real=0.00 secs] 
388.203: [GC (Allocation Failure) [PSYoungGen: 67101K->1565K(67584K)] 404567K->339055K(725504K), 0.0016178 secs] [Times: user=0.01 sys=0.00, real=0.00 secs] 
388.616: [GC (Allocation Failure) [PSYoungGen: 67101K->1472K(67584K)] 404591K->338962K(725504K), 0.0019329 secs] [Times: user=0.00 sys=0.00, real=0.00 secs] 
389.001: [GC (Allocation Failure) [PSYoungGen: 67008K->1408K(67584K)] 404498K->338898K(725504K), 0.0020339 secs] [Times: user=0.01 sys=0.00, real=0.00 secs] 
389.274: [GC (Allocation Failure) [PSYoungGen: 66944K->1408K(67584K)] 404434K->338898K(725504K), 0.0028133 secs] [Times: user=0.02 sys=0.00, real=0.01 secs] 
389.548: [GC (Allocation Failure) [PSYoungGen: 66944K->1408K(67584K)] 404434K->338898K(725504K), 0.0024362 secs] [Times: user=0.01 sys=0.00, real=0.00 secs] 
389.907: [GC (Allocation Failure) [PSYoungGen: 66944K->1453K(67584K)] 404434K->338943K(725504K), 0.0022213 secs] [Times: user=0.00 sys=0.00, real=0.00 secs] 
390.325: [GC (Allocation Failure) [PSYoungGen: 66989K->1549K(67584K)] 404479K->339039K(725504K), 0.0016040 secs] [Times: user=0.01 sys=0.00, real=0.01 secs] 
390.720: [GC (Allocation Failure) [PSYoungGen: 67085K->1581K(67584K)] 404575K->339095K(725504K), 0.0020456 secs] [Times: user=0.01 sys=0.00, real=0.00 secs] 
391.122: [GC (Allocation Failure) [PSYoungGen: 67117K->1581K(67584K)] 404631K->339119K(725504K), 0.0016728 secs] [Times: user=0.01 sys=0.00, real=0.00 secs] 
391.517: [GC (Allocation Failure) [PSYoungGen: 67117K->1504K(67584K)] 404655K->339042K(725504K), 0.0017743 secs] [Times: user=0.01 sys=0.00, real=0.00 secs] 
391.798: [GC (Allocation Failure) [PSYoungGen: 67040K->1408K(67584K)] 404578K->338946K(725504K), 0.0015530 secs] [Times: user=0.00 sys=0.00, real=0.00 secs] 
392.139: [GC (Allocation Failure) [PSYoungGen: 66944K->1376K(67584K)] 404482K->338914K(725504K), 0.0017737 secs] [Times: user=0.01 sys=0.00, real=0.00 secs] 
392.633: [GC (Allocation Failure) [PSYoungGen: 66912K->1408K(67584K)] 404450K->338946K(725504K), 0.0031684 secs] [Times: user=0.01 sys=0.00, real=0.00 secs] 
393.338: [GC (Allocation Failure) [PSYoungGen: 66818K->352K(67584K)] 404357K->337890K(725504K), 0.0039464 secs] [Times: user=0.02 sys=0.00, real=0.00 secs] 
393.874: [GC (Allocation Failure) [PSYoungGen: 65888K->1629K(67584K)] 403426K->339167K(725504K), 0.0016450 secs] [Times: user=0.01 sys=0.00, real=0.00 secs] 
394.272: [GC (Allocation Failure) [PSYoungGen: 67165K->1549K(67584K)] 404703K->339087K(725504K), 0.0017894 secs] [Times: user=0.01 sys=0.00, real=0.00 secs] 
394.666: [GC (Allocation Failure) [PSYoungGen: 67085K->1597K(67584K)] 404623K->339143K(725504K), 0.0017637 secs] [Times: user=0.00 sys=0.00, real=0.01 secs] 
395.232: [GC (Allocation Failure) [PSYoungGen: 67133K->1504K(67584K)] 404679K->339050K(725504K), 0.0025860 secs] [Times: user=0.01 sys=0.00, real=0.00 secs] 
395.535: [GC (Allocation Failure) [PSYoungGen: 67040K->1392K(67584K)] 404586K->338946K(725504K), 0.0020021 secs] [Times: user=0.01 sys=0.00, real=0.01 secs] 
395.832: [GC (Allocation Failure) [PSYoungGen: 66928K->1408K(67584K)] 404482K->338962K(725504K), 0.0020858 secs] [Times: user=0.01 sys=0.00, real=0.00 secs] 
396.105: [GC (Allocation Failure) [PSYoungGen: 66944K->1408K(67584K)] 404498K->338962K(725504K), 0.0020605 secs] [Times: user=0.01 sys=0.00, real=0.01 secs] 
396.377: [GC (Allocation Failure) [PSYoungGen: 66944K->1376K(67584K)] 404498K->338930K(725504K), 0.0020425 secs] [Times: user=0.01 sys=0.00, real=0.00 secs] 
396.805: [GC (Allocation Failure) [PSYoungGen: 66912K->1549K(67584K)] 404466K->339103K(725504K), 0.0015972 secs] [Times: user=0.01 sys=0.00, real=0.01 secs] 
397.202: [GC (Allocation Failure) [PSYoungGen: 67085K->1549K(67584K)] 404639K->339103K(725504K), 0.0016837 secs] [Times: user=0.01 sys=0.00, real=0.00 secs] 
397.598: [GC (Allocation Failure) [PSYoungGen: 67085K->1565K(67584K)] 404639K->339135K(725504K), 0.0017108 secs] [Times: user=0.00 sys=0.00, real=0.00 secs] 
398.116: [GC (Allocation Failure) [PSYoungGen: 67101K->1456K(67584K)] 404671K->341074K(725504K), 0.0022486 secs] [Times: user=0.00 sys=0.00, real=0.01 secs] 
398.721: [GC (Allocation Failure) [PSYoungGen: 66992K->352K(67584K)] 406610K->339970K(725504K), 0.0022633 secs] [Times: user=0.01 sys=0.00, real=0.00 secs] 
399.106: [GC (Allocation Failure) [PSYoungGen: 65888K->352K(67584K)] 405506K->339970K(725504K), 0.0019965 secs] [Times: user=0.01 sys=0.00, real=0.01 secs] 
399.485: [GC (Allocation Failure) [PSYoungGen: 65888K->384K(67072K)] 405506K->340002K(724992K), 0.0028884 secs] [Times: user=0.01 sys=0.00, real=0.01 secs] 
399.959: [GC (Allocation Failure) [PSYoungGen: 65408K->384K(67584K)] 405026K->340002K(725504K), 0.0022914 secs] [Times: user=0.01 sys=0.00, real=0.00 secs] 
400.427: [GC (Allocation Failure) [PSYoungGen: 65408K->1581K(67584K)] 405026K->341199K(725504K), 0.0015802 secs] [Times: user=0.01 sys=0.00, real=0.00 secs] 
400.820: [GC (Allocation Failure) [PSYoungGen: 66605K->1581K(67584K)] 406223K->341199K(725504K), 0.0017547 secs] [Times: user=0.01 sys=0.00, real=0.00 secs] 
401.213: [GC (Allocation Failure) [PSYoungGen: 66605K->1581K(67584K)] 406223K->341215K(725504K), 0.0015678 secs] [Times: user=0.00 sys=0.00, real=0.00 secs] 
401.635: [GC (Allocation Failure) [PSYoungGen: 66605K->2464K(67584K)] 406239K->343154K(725504K), 0.0017875 secs] [Times: user=0.00 sys=0.00, real=0.01 secs] 
402.179: [GC (Allocation Failure) [PSYoungGen: 67488K->1360K(67072K)] 408178K->342050K(724992K), 0.0019499 secs] [Times: user=0.01 sys=0.00, real=0.00 secs] 
402.672: [GC (Allocation Failure) [PSYoungGen: 66384K->1392K(67584K)] 407074K->342082K(725504K), 0.0034853 secs] [Times: user=0.02 sys=0.00, real=0.00 secs] 
403.235: [GC (Allocation Failure) [PSYoungGen: 66416K->1408K(67584K)] 407106K->342098K(725504K), 0.0025741 secs] [Times: user=0.01 sys=0.00, real=0.01 secs] 
403.851: [GC (Allocation Failure) [PSYoungGen: 66432K->1424K(67584K)] 407122K->342114K(725504K), 0.0035082 secs] [Times: user=0.01 sys=0.00, real=0.00 secs] 
404.443: [GC (Allocation Failure) [PSYoungGen: 66448K->1597K(67584K)] 407138K->342287K(725504K), 0.0016960 secs] [Times: user=0.01 sys=0.00, real=0.00 secs] 
404.836: [GC (Allocation Failure) [PSYoungGen: 66621K->1581K(67584K)] 407311K->342272K(725504K), 0.0017351 secs] [Times: user=0.01 sys=0.00, real=0.00 secs] 
405.231: [GC (Allocation Failure) [PSYoungGen: 66605K->1565K(67584K)] 407296K->342263K(725504K), 0.0016337 secs] [Times: user=0.01 sys=0.00, real=0.00 secs] 
405.630: [GC (Allocation Failure) [PSYoungGen: 66589K->2544K(67584K)] 407287K->343250K(725504K), 0.0018161 secs] [Times: user=0.01 sys=0.00, real=0.00 secs] 
405.895: [GC (Allocation Failure) [PSYoungGen: 67568K->1392K(67072K)] 408274K->342098K(724992K), 0.0016030 secs] [Times: user=0.01 sys=0.00, real=0.01 secs] 
406.164: [GC (Allocation Failure) [PSYoungGen: 66416K->1360K(67584K)] 407122K->342066K(725504K), 0.0015366 secs] [Times: user=0.00 sys=0.00, real=0.00 secs] 
406.434: [GC (Allocation Failure) [PSYoungGen: 66384K->1360K(67584K)] 407090K->342066K(725504K), 0.0020208 secs] [Times: user=0.01 sys=0.00, real=0.01 secs] 
406.784: [GC (Allocation Failure) [PSYoungGen: 66384K->1376K(67584K)] 407090K->342082K(725504K), 0.0033909 secs] [Times: user=0.02 sys=0.00, real=0.01 secs] 
407.267: [GC (Allocation Failure) [PSYoungGen: 66400K->1517K(67584K)] 407106K->342224K(725504K), 0.0016264 secs] [Times: user=0.00 sys=0.00, real=0.00 secs] 
407.664: [GC (Allocation Failure) [PSYoungGen: 66541K->1533K(67584K)] 407248K->342239K(725504K), 0.0017117 secs] [Times: user=0.00 sys=0.00, real=0.00 secs] 
408.055: [GC (Allocation Failure) [PSYoungGen: 66550K->1517K(67584K)] 407256K->342231K(725504K), 0.0015968 secs] [Times: user=0.01 sys=0.00, real=0.01 secs] 
408.577: [GC (Allocation Failure) [PSYoungGen: 66541K->1776K(67584K)] 407255K->342498K(725504K), 0.0019587 secs] [Times: user=0.01 sys=0.00, real=0.00 secs] 
409.502: [GC (Allocation Failure) [PSYoungGen: 66800K->1408K(67584K)] 407522K->342130K(725504K), 0.0031200 secs] [Times: user=0.02 sys=0.00, real=0.00 secs] 
409.901: [GC (Allocation Failure) [PSYoungGen: 66432K->1328K(67584K)] 407154K->342050K(725504K), 0.0020502 secs] [Times: user=0.01 sys=0.01, real=0.00 secs] 
410.171: [GC (Allocation Failure) [PSYoungGen: 66352K->1376K(66560K)] 407074K->342098K(724480K), 0.0020836 secs] [Times: user=0.01 sys=0.00, real=0.00 secs] 
410.497: [GC (Allocation Failure) [PSYoungGen: 66400K->1344K(67072K)] 407122K->342066K(724992K), 0.0021260 secs] [Times: user=0.01 sys=0.00, real=0.00 secs] 
410.917: [GC (Allocation Failure) [PSYoungGen: 66368K->1533K(67072K)] 407090K->342255K(724992K), 0.0016582 secs] [Times: user=0.00 sys=0.00, real=0.00 secs] 
411.312: [GC (Allocation Failure) [PSYoungGen: 66557K->1629K(67072K)] 407279K->342351K(724992K), 0.0015898 secs] [Times: user=0.00 sys=0.00, real=0.00 secs] 
411.705: [GC (Allocation Failure) [PSYoungGen: 66653K->1597K(67072K)] 407375K->342343K(724992K), 0.0016741 secs] [Times: user=0.01 sys=0.00, real=0.01 secs] 
412.099: [GC (Allocation Failure) [PSYoungGen: 66464K->384K(67072K)] 407210K->341130K(724992K), 0.0016616 secs] [Times: user=0.01 sys=0.00, real=0.00 secs] 
412.394: [GC (Allocation Failure) [PSYoungGen: 65408K->1424K(67584K)] 406154K->342170K(725504K), 0.0018614 secs] [Times: user=0.01 sys=0.00, real=0.00 secs] 
412.961: [GC (Allocation Failure) [PSYoungGen: 66448K->1376K(66560K)] 407194K->342122K(724480K), 0.0023454 secs] [Times: user=0.01 sys=0.00, real=0.00 secs] 
413.542: [GC (Allocation Failure) [PSYoungGen: 66400K->1344K(67072K)] 407146K->342090K(724992K), 0.0045767 secs] [Times: user=0.02 sys=0.00, real=0.01 secs] 
414.263: [GC (Allocation Failure) [PSYoungGen: 66368K->1408K(67072K)] 407114K->342154K(724992K), 0.0032136 secs] [Times: user=0.01 sys=0.01, real=0.01 secs] 
414.974: [GC (Allocation Failure) [PSYoungGen: 66432K->1536K(67072K)] 407178K->342282K(724992K), 0.0016431 secs] [Times: user=0.01 sys=0.00, real=0.00 secs] 
415.429: [GC (Allocation Failure) [PSYoungGen: 66560K->1533K(67072K)] 407306K->342279K(724992K), 0.0016033 secs] [Times: user=0.00 sys=0.00, real=0.00 secs] 
415.821: [GC (Allocation Failure) [PSYoungGen: 66554K->1565K(67072K)] 407300K->342335K(724992K), 0.0016790 secs] [Times: user=0.01 sys=0.00, real=0.00 secs] 
416.214: [GC (Allocation Failure) [PSYoungGen: 66580K->1517K(67072K)] 407350K->342287K(724992K), 0.0017368 secs] [Times: user=0.01 sys=0.00, real=0.01 secs] 
416.524: [GC (Allocation Failure) [PSYoungGen: 66541K->1408K(67072K)] 407311K->342186K(724992K), 0.0025669 secs] [Times: user=0.01 sys=0.00, real=0.01 secs] 
417.043: [GC (Allocation Failure) [PSYoungGen: 66432K->1408K(67072K)] 407210K->342186K(724992K), 0.0022698 secs] [Times: user=0.01 sys=0.00, real=0.00 secs] 
417.901: [GC (Allocation Failure) [PSYoungGen: 66432K->1360K(67072K)] 407210K->342138K(724992K), 0.0030348 secs] [Times: user=0.01 sys=0.00, real=0.00 secs] 
418.699: [GC (Allocation Failure) [PSYoungGen: 66384K->1424K(67072K)] 407162K->342202K(724992K), 0.0030503 secs] [Times: user=0.01 sys=0.01, real=0.00 secs] 
419.466: [GC (Allocation Failure) [PSYoungGen: 66448K->1533K(67072K)] 407226K->342311K(724992K), 0.0015844 secs] [Times: user=0.01 sys=0.00, real=0.00 secs] 
419.858: [GC (Allocation Failure) [PSYoungGen: 66557K->1629K(67072K)] 407335K->342407K(724992K), 0.0015871 secs] [Times: user=0.01 sys=0.00, real=0.00 secs] 
420.251: [GC (Allocation Failure) [PSYoungGen: 66653K->1581K(67072K)] 407431K->342367K(724992K), 0.0015908 secs] [Times: user=0.00 sys=0.00, real=0.00 secs] 
420.646: [GC (Allocation Failure) [PSYoungGen: 66605K->1581K(67072K)] 407391K->342384K(724992K), 0.0017292 secs] [Times: user=0.01 sys=0.00, real=0.01 secs] 
421.049: [GC (Allocation Failure) [PSYoungGen: 66605K->1440K(67072K)] 407408K->342250K(724992K), 0.0020892 secs] [Times: user=0.01 sys=0.00, real=0.00 secs] 
421.602: [GC (Allocation Failure) [PSYoungGen: 66464K->1376K(67072K)] 407274K->342186K(724992K), 0.0026540 secs] [Times: user=0.01 sys=0.00, real=0.00 secs] 
422.287: [GC (Allocation Failure) [PSYoungGen: 66400K->1408K(67072K)] 407210K->342218K(724992K), 0.0028328 secs] [Times: user=0.01 sys=0.00, real=0.00 secs] 
423.020: [GC (Allocation Failure) [PSYoungGen: 66432K->1408K(67072K)] 407242K->342218K(724992K), 0.0032472 secs] [Times: user=0.01 sys=0.00, real=0.00 secs] 
423.688: [GC (Allocation Failure) [PSYoungGen: 66432K->1501K(67072K)] 407242K->342311K(724992K), 0.0015964 secs] [Times: user=0.01 sys=0.00, real=0.00 secs] 
424.082: [GC (Allocation Failure) [PSYoungGen: 66525K->1597K(67072K)] 407335K->342431K(724992K), 0.0016003 secs] [Times: user=0.01 sys=0.00, real=0.00 secs] 
424.476: [GC (Allocation Failure) [PSYoungGen: 66617K->1565K(67072K)] 407452K->342399K(724992K), 0.0016784 secs] [Times: user=0.00 sys=0.00, real=0.01 secs] 
424.867: [GC (Allocation Failure) [PSYoungGen: 66589K->1597K(67072K)] 407423K->342455K(724992K), 0.0016954 secs] [Times: user=0.01 sys=0.00, real=0.00 secs] 
425.165: [GC (Allocation Failure) [PSYoungGen: 66621K->1408K(67072K)] 407479K->342266K(724992K), 0.0016705 secs] [Times: user=0.01 sys=0.00, real=0.01 secs] 
425.581: [GC (Allocation Failure) [PSYoungGen: 66432K->1424K(67072K)] 407290K->342282K(724992K), 0.0019188 secs] [Times: user=0.00 sys=0.00, real=0.00 secs] 
426.190: [GC (Allocation Failure) [PSYoungGen: 66448K->1376K(67072K)] 407306K->342234K(724992K), 0.0020462 secs] [Times: user=0.01 sys=0.00, real=0.00 secs] 
426.731: [GC (Allocation Failure) [PSYoungGen: 66400K->1376K(67072K)] 407258K->342234K(724992K), 0.0039590 secs] [Times: user=0.01 sys=0.00, real=0.00 secs] 
427.340: [GC (Allocation Failure) [PSYoungGen: 66400K->1533K(67072K)] 407258K->342391K(724992K), 0.0015449 secs] [Times: user=0.01 sys=0.00, real=0.00 secs] 
427.735: [GC (Allocation Failure) [PSYoungGen: 66557K->1565K(67072K)] 407415K->342423K(724992K), 0.0015950 secs] [Times: user=0.01 sys=0.00, real=0.01 secs] 
428.191: [GC (Allocation Failure) [PSYoungGen: 66589K->1581K(67072K)] 407447K->342439K(724992K), 0.0015777 secs] [Times: user=0.01 sys=0.00, real=0.00 secs] 
428.645: [GC (Allocation Failure) [PSYoungGen: 66605K->1597K(67072K)] 407463K->342471K(724992K), 0.0017732 secs] [Times: user=0.01 sys=0.00, real=0.01 secs] 
429.036: [GC (Allocation Failure) [PSYoungGen: 66621K->1408K(67072K)] 407495K->342282K(724992K), 0.0026293 secs] [Times: user=0.01 sys=0.00, real=0.00 secs] 
429.453: [GC (Allocation Failure) [PSYoungGen: 66432K->1376K(67072K)] 407306K->342250K(724992K), 0.0020964 secs] [Times: user=0.00 sys=0.00, real=0.00 secs] 
429.733: [GC (Allocation Failure) [PSYoungGen: 66400K->1360K(67072K)] 407274K->342234K(724992K), 0.0019964 secs] [Times: user=0.01 sys=0.00, real=0.00 secs] 
430.003: [GC (Allocation Failure) [PSYoungGen: 66384K->1376K(67072K)] 407258K->342250K(724992K), 0.0019170 secs] [Times: user=0.01 sys=0.00, real=0.00 secs] 
430.366: [GC (Allocation Failure) [PSYoungGen: 66400K->1517K(67072K)] 407274K->342392K(724992K), 0.0015414 secs] [Times: user=0.00 sys=0.00, real=0.00 secs] 
430.760: [GC (Allocation Failure) [PSYoungGen: 66541K->1549K(67072K)] 407416K->342423K(724992K), 0.0016874 secs] [Times: user=0.00 sys=0.00, real=0.00 secs] 
431.154: [GC (Allocation Failure) [PSYoungGen: 66549K->1533K(67072K)] 407424K->342407K(724992K), 0.0017083 secs] [Times: user=0.01 sys=0.00, real=0.01 secs] 
431.547: [GC (Allocation Failure) [PSYoungGen: 66553K->1581K(67072K)] 407428K->342471K(724992K), 0.0017224 secs] [Times: user=0.01 sys=0.00, real=0.00 secs] 
432.168: [GC (Allocation Failure) [PSYoungGen: 66605K->1408K(67072K)] 407495K->342306K(724992K), 0.0021817 secs] [Times: user=0.01 sys=0.00, real=0.00 secs] 
433.037: [GC (Allocation Failure) [PSYoungGen: 66432K->1392K(67072K)] 407330K->342290K(724992K), 0.0027113 secs] [Times: user=0.02 sys=0.00, real=0.00 secs] 
433.578: [GC (Allocation Failure) [PSYoungGen: 66416K->1376K(67072K)] 407314K->342274K(724992K), 0.0026789 secs] [Times: user=0.01 sys=0.00, real=0.00 secs] 
434.097: [GC (Allocation Failure) [PSYoungGen: 66400K->1376K(67072K)] 407298K->342274K(724992K), 0.0026445 secs] [Times: user=0.01 sys=0.00, real=0.00 secs] 
434.666: [GC (Allocation Failure) [PSYoungGen: 66400K->1472K(67072K)] 407298K->342370K(724992K), 0.0015803 secs] [Times: user=0.01 sys=0.00, real=0.01 secs] 
435.059: [GC (Allocation Failure) [PSYoungGen: 66496K->1565K(67072K)] 407394K->342463K(724992K), 0.0018086 secs] [Times: user=0.01 sys=0.00, real=0.00 secs] 
435.453: [GC (Allocation Failure) [PSYoungGen: 66581K->1549K(67072K)] 407480K->342447K(724992K), 0.0016223 secs] [Times: user=0.00 sys=0.00, real=0.00 secs] 
435.846: [GC (Allocation Failure) [PSYoungGen: 66573K->1597K(67072K)] 407471K->342511K(724992K), 0.0015748 secs] [Times: user=0.00 sys=0.00, real=0.00 secs] 
436.201: [GC (Allocation Failure) [PSYoungGen: 66621K->1440K(67072K)] 407535K->342354K(724992K), 0.0018099 secs] [Times: user=0.01 sys=0.00, real=0.00 secs] 
436.471: [GC (Allocation Failure) [PSYoungGen: 66464K->1376K(67072K)] 407378K->342290K(724992K), 0.0018980 secs] [Times: user=0.00 sys=0.00, real=0.00 secs] 
436.741: [GC (Allocation Failure) [PSYoungGen: 66400K->1376K(67072K)] 407314K->342290K(724992K), 0.0018560 secs] [Times: user=0.01 sys=0.00, real=0.00 secs] 
437.012: [GC (Allocation Failure) [PSYoungGen: 66400K->1360K(67072K)] 407314K->342274K(724992K), 0.0018873 secs] [Times: user=0.00 sys=0.00, real=0.00 secs] 
437.327: [GC (Allocation Failure) [PSYoungGen: 66384K->1453K(67072K)] 407298K->342368K(724992K), 0.0016103 secs] [Times: user=0.00 sys=0.00, real=0.00 secs] 
437.787: [GC (Allocation Failure) [PSYoungGen: 66477K->1565K(67072K)] 407392K->342479K(724992K), 0.0016967 secs] [Times: user=0.01 sys=0.00, real=0.00 secs] 
438.235: [GC (Allocation Failure) [PSYoungGen: 66589K->1517K(67072K)] 407503K->342431K(724992K), 0.0017242 secs] [Times: user=0.01 sys=0.00, real=0.01 secs] 
438.630: [GC (Allocation Failure) [PSYoungGen: 66533K->1549K(67072K)] 407447K->342471K(724992K), 0.0015715 secs] [Times: user=0.01 sys=0.00, real=0.00 secs] 
439.156: [GC (Allocation Failure) [PSYoungGen: 66573K->1440K(67072K)] 407495K->342362K(724992K), 0.0046738 secs] [Times: user=0.02 sys=0.00, real=0.01 secs] 
439.732: [GC (Allocation Failure) [PSYoungGen: 66464K->1344K(67072K)] 407386K->342266K(724992K), 0.0031594 secs] [Times: user=0.01 sys=0.00, real=0.00 secs] 
440.304: [GC (Allocation Failure) [PSYoungGen: 66368K->1408K(67072K)] 407290K->342330K(724992K), 0.0031687 secs] [Times: user=0.01 sys=0.00, real=0.01 secs] 
440.599: [GC (Allocation Failure) [PSYoungGen: 66432K->1376K(67072K)] 407354K->342298K(724992K), 0.0020276 secs] [Times: user=0.01 sys=0.00, real=0.00 secs] 
440.937: [GC (Allocation Failure) [PSYoungGen: 66400K->1469K(67072K)] 407322K->342391K(724992K), 0.0015824 secs] [Times: user=0.00 sys=0.00, real=0.00 secs] 
441.392: [GC (Allocation Failure) [PSYoungGen: 66493K->1549K(67072K)] 407415K->342471K(724992K), 0.0016630 secs] [Times: user=0.01 sys=0.00, real=0.00 secs] 
441.843: [GC (Allocation Failure) [PSYoungGen: 66573K->1517K(67072K)] 407495K->342471K(724992K), 0.0017748 secs] [Times: user=0.00 sys=0.00, real=0.00 secs] 
442.239: [GC (Allocation Failure) [PSYoungGen: 66541K->1549K(67072K)] 407495K->342512K(724992K), 0.0017253 secs] [Times: user=0.01 sys=0.00, real=0.00 secs] 
442.623: [GC (Allocation Failure) [PSYoungGen: 66573K->1424K(67072K)] 407536K->342386K(724992K), 0.0023928 secs] [Times: user=0.01 sys=0.00, real=0.00 secs] 
442.900: [GC (Allocation Failure) [PSYoungGen: 66448K->1392K(67072K)] 407410K->342354K(724992K), 0.0020467 secs] [Times: user=0.01 sys=0.00, real=0.00 secs] 
443.303: [GC (Allocation Failure) [PSYoungGen: 66416K->1408K(67072K)] 407378K->342370K(724992K), 0.0021084 secs] [Times: user=0.01 sys=0.00, real=0.00 secs] 
443.619: [GC (Allocation Failure) [PSYoungGen: 66432K->1376K(67072K)] 407394K->342338K(724992K), 0.0020722 secs] [Times: user=0.01 sys=0.00, real=0.00 secs] 
444.003: [GC (Allocation Failure) [PSYoungGen: 66400K->1469K(67072K)] 407362K->342431K(724992K), 0.0016604 secs] [Times: user=0.01 sys=0.00, real=0.00 secs] 
444.396: [GC (Allocation Failure) [PSYoungGen: 66493K->1549K(67072K)] 407455K->342511K(724992K), 0.0017506 secs] [Times: user=0.00 sys=0.00, real=0.01 secs] 
444.858: [GC (Allocation Failure) [PSYoungGen: 66573K->1552K(67072K)] 407535K->342514K(724992K), 0.0016730 secs] [Times: user=0.01 sys=0.00, real=0.00 secs] 
445.251: [GC (Allocation Failure) [PSYoungGen: 66564K->1533K(67072K)] 407527K->342511K(724992K), 0.0016801 secs] [Times: user=0.01 sys=0.00, real=0.00 secs] 
445.739: [GC (Allocation Failure) [PSYoungGen: 66557K->1472K(67072K)] 407535K->342450K(724992K), 0.0028622 secs] [Times: user=0.01 sys=0.00, real=0.00 secs] 
446.423: [GC (Allocation Failure) [PSYoungGen: 66496K->1408K(67072K)] 407474K->342386K(724992K), 0.0022757 secs] [Times: user=0.01 sys=0.00, real=0.00 secs] 
447.006: [GC (Allocation Failure) [PSYoungGen: 66432K->1376K(67072K)] 407410K->342354K(724992K), 0.0031367 secs] [Times: user=0.01 sys=0.00, real=0.00 secs] 
447.798: [GC (Allocation Failure) [PSYoungGen: 66400K->1408K(67072K)] 407378K->342386K(724992K), 0.0026675 secs] [Times: user=0.01 sys=0.00, real=0.00 secs] 
448.776: [GC (Allocation Failure) [PSYoungGen: 66432K->1501K(67072K)] 407410K->342479K(724992K), 0.0032388 secs] [Times: user=0.01 sys=0.00, real=0.00 secs] 
449.275: [GC (Allocation Failure) [PSYoungGen: 66525K->1549K(67072K)] 407503K->342527K(724992K), 0.0017870 secs] [Times: user=0.01 sys=0.00, real=0.01 secs] 
449.670: [GC (Allocation Failure) [PSYoungGen: 66573K->1565K(67072K)] 407551K->342543K(724992K), 0.0016202 secs] [Times: user=0.00 sys=0.00, real=0.00 secs] 
450.068: [GC (Allocation Failure) [PSYoungGen: 66589K->1597K(67072K)] 407567K->342583K(724992K), 0.0015391 secs] [Times: user=0.00 sys=0.00, real=0.00 secs] 
450.634: [GC (Allocation Failure) [PSYoungGen: 66621K->1472K(67072K)] 407607K->342458K(724992K), 0.0021133 secs] [Times: user=0.01 sys=0.00, real=0.00 secs] 
451.254: [GC (Allocation Failure) [PSYoungGen: 66496K->1360K(67072K)] 407482K->342346K(724992K), 0.0022714 secs] [Times: user=0.01 sys=0.00, real=0.00 secs] 
451.975: [GC (Allocation Failure) [PSYoungGen: 66384K->1408K(67072K)] 407370K->342394K(724992K), 0.0038854 secs] [Times: user=0.02 sys=0.00, real=0.01 secs] 
452.862: [GC (Allocation Failure) [PSYoungGen: 66432K->1376K(67072K)] 407418K->342362K(724992K), 0.0039898 secs] [Times: user=0.02 sys=0.00, real=0.01 secs] 
453.590: [GC (Allocation Failure) [PSYoungGen: 66400K->1408K(67072K)] 407386K->342394K(724992K), 0.0032032 secs] [Times: user=0.01 sys=0.00, real=0.00 secs] 
454.102: [GC (Allocation Failure) [PSYoungGen: 66432K->1565K(67072K)] 407418K->342551K(724992K), 0.0015269 secs] [Times: user=0.01 sys=0.00, real=0.00 secs] 
454.497: [GC (Allocation Failure) [PSYoungGen: 66589K->1549K(67072K)] 407575K->342535K(724992K), 0.0015917 secs] [Times: user=0.01 sys=0.00, real=0.00 secs] 
454.892: [GC (Allocation Failure) [PSYoungGen: 66573K->1581K(67072K)] 407559K->342591K(724992K), 0.0017098 secs] [Times: user=0.00 sys=0.00, real=0.00 secs] 
455.354: [GC (Allocation Failure) [PSYoungGen: 66605K->1472K(67072K)] 407615K->344530K(724992K), 0.0022174 secs] [Times: user=0.00 sys=0.00, real=0.01 secs] 
455.640: [GC (Allocation Failure) [PSYoungGen: 66496K->368K(67072K)] 409554K->343426K(724992K), 0.0020398 secs] [Times: user=0.01 sys=0.00, real=0.00 secs] 
455.954: [GC (Allocation Failure) [PSYoungGen: 65392K->384K(67072K)] 408450K->343442K(724992K), 0.0019601 secs] [Times: user=0.01 sys=0.00, real=0.01 secs] 
456.230: [GC (Allocation Failure) [PSYoungGen: 65408K->368K(67072K)] 408466K->343426K(724992K), 0.0020211 secs] [Times: user=0.01 sys=0.00, real=0.00 secs] 
457.150: [GC (Allocation Failure) [PSYoungGen: 65392K->352K(67584K)] 408450K->343410K(725504K), 0.0023340 secs] [Times: user=0.01 sys=0.00, real=0.00 secs] 
457.618: [GC (Allocation Failure) [PSYoungGen: 65376K->1533K(67584K)] 408434K->344592K(725504K), 0.0015426 secs] [Times: user=0.01 sys=0.00, real=0.00 secs] 
458.089: [GC (Allocation Failure) [PSYoungGen: 66536K->1581K(67584K)] 409595K->344640K(725504K), 0.0015873 secs] [Times: user=0.01 sys=0.00, real=0.00 secs] 
458.482: [GC (Allocation Failure) [PSYoungGen: 66605K->1581K(67584K)] 409664K->344656K(725504K), 0.0016506 secs] [Times: user=0.01 sys=0.00, real=0.00 secs] 
460.540: [GC (Allocation Failure) [PSYoungGen: 66552K->2544K(67072K)] 409626K->345618K(724992K), 0.0045735 secs] [Times: user=0.02 sys=0.00, real=0.00 secs] 
461.122: [GC (Allocation Failure) [PSYoungGen: 67056K->1360K(66048K)] 410130K->344434K(723968K), 0.0026779 secs] [Times: user=0.02 sys=0.00, real=0.00 secs] 
461.507: [GC (Allocation Failure) [PSYoungGen: 65872K->1392K(67072K)] 408946K->344466K(724992K), 0.0021087 secs] [Times: user=0.01 sys=0.00, real=0.00 secs] 
461.790: [GC (Allocation Failure) [PSYoungGen: 65904K->1376K(67072K)] 408978K->344450K(724992K), 0.0021882 secs] [Times: user=0.01 sys=0.00, real=0.00 secs] 
462.063: [GC (Allocation Failure) [PSYoungGen: 65888K->1408K(67072K)] 408962K->344482K(724992K), 0.0021008 secs] [Times: user=0.01 sys=0.00, real=0.00 secs] 
462.455: [GC (Allocation Failure) [PSYoungGen: 65920K->1549K(67072K)] 408994K->344624K(724992K), 0.0016816 secs] [Times: user=0.00 sys=0.00, real=0.01 secs] 
462.848: [GC (Allocation Failure) [PSYoungGen: 66060K->1565K(67072K)] 409135K->344640K(724992K), 0.0016177 secs] [Times: user=0.01 sys=0.00, real=0.00 secs] 
463.240: [GC (Allocation Failure) [PSYoungGen: 66077K->1565K(67072K)] 409152K->344656K(724992K), 0.0015578 secs] [Times: user=0.01 sys=0.00, real=0.00 secs] 
463.629: [GC (Allocation Failure) [PSYoungGen: 66077K->256K(67072K)] 409168K->343378K(724992K), 0.0016313 secs] [Times: user=0.01 sys=0.00, real=0.00 secs] 
464.183: [GC (Allocation Failure) [PSYoungGen: 64768K->1376K(67072K)] 407890K->344498K(724992K), 0.0018755 secs] [Times: user=0.01 sys=0.00, real=0.00 secs] 
464.605: [GC (Allocation Failure) [PSYoungGen: 65888K->1344K(67072K)] 409010K->344466K(724992K), 0.0019660 secs] [Times: user=0.01 sys=0.00, real=0.01 secs] 
464.921: [GC (Allocation Failure) [PSYoungGen: 65856K->1344K(67072K)] 408978K->344466K(724992K), 0.0020888 secs] [Times: user=0.01 sys=0.00, real=0.00 secs] 
465.271: [GC (Allocation Failure) [PSYoungGen: 65856K->1376K(66048K)] 408978K->344498K(723968K), 0.0022559 secs] [Times: user=0.01 sys=0.00, real=0.00 secs] 
465.787: [GC (Allocation Failure) [PSYoungGen: 65888K->1565K(66560K)] 409010K->344688K(724480K), 0.0016828 secs] [Times: user=0.00 sys=0.00, real=0.00 secs] 
466.175: [GC (Allocation Failure) [PSYoungGen: 66077K->1517K(66560K)] 409200K->344640K(724480K), 0.0015870 secs] [Times: user=0.01 sys=0.00, real=0.01 secs] 
466.563: [GC (Allocation Failure) [PSYoungGen: 66020K->1549K(66560K)] 409143K->344688K(724480K), 0.0016551 secs] [Times: user=0.01 sys=0.00, real=0.00 secs] 
466.953: [GC (Allocation Failure) [PSYoungGen: 66061K->1581K(66560K)] 409200K->344720K(724480K), 0.0015767 secs] [Times: user=0.01 sys=0.00, real=0.00 secs] 
467.513: [GC (Allocation Failure) [PSYoungGen: 66093K->1408K(66560K)] 409232K->344554K(724480K), 0.0018336 secs] [Times: user=0.00 sys=0.00, real=0.00 secs] 
467.968: [GC (Allocation Failure) [PSYoungGen: 65920K->1376K(66560K)] 409066K->344522K(724480K), 0.0021494 secs] [Times: user=0.01 sys=0.00, real=0.00 secs] 
468.474: [GC (Allocation Failure) [PSYoungGen: 65888K->1376K(66560K)] 409034K->344522K(724480K), 0.0026964 secs] [Times: user=0.02 sys=0.00, real=0.01 secs] 
468.983: [GC (Allocation Failure) [PSYoungGen: 65888K->1392K(66560K)] 409034K->344538K(724480K), 0.0032268 secs] [Times: user=0.02 sys=0.00, real=0.01 secs] 
469.529: [GC (Allocation Failure) [PSYoungGen: 65904K->1517K(66560K)] 409050K->344664K(724480K), 0.0015067 secs] [Times: user=0.01 sys=0.00, real=0.00 secs] 
469.917: [GC (Allocation Failure) [PSYoungGen: 66029K->1597K(66560K)] 409176K->344744K(724480K), 0.0016169 secs] [Times: user=0.01 sys=0.00, real=0.00 secs] 
470.306: [GC (Allocation Failure) [PSYoungGen: 66083K->1581K(66560K)] 409230K->344728K(724480K), 0.0016607 secs] [Times: user=0.01 sys=0.00, real=0.00 secs] 
470.704: [GC (Allocation Failure) [PSYoungGen: 66093K->1597K(66560K)] 409240K->344760K(724480K), 0.0016265 secs] [Times: user=0.01 sys=0.00, real=0.00 secs] 
471.012: [GC (Allocation Failure) [PSYoungGen: 66109K->1408K(66560K)] 409272K->344570K(724480K), 0.0016343 secs] [Times: user=0.00 sys=0.00, real=0.00 secs] 
471.336: [GC (Allocation Failure) [PSYoungGen: 65920K->1376K(66560K)] 409082K->344538K(724480K), 0.0025944 secs] [Times: user=0.01 sys=0.00, real=0.01 secs] 
471.607: [GC (Allocation Failure) [PSYoungGen: 65888K->1360K(66560K)] 409050K->344522K(724480K), 0.0018671 secs] [Times: user=0.01 sys=0.00, real=0.00 secs] 
471.924: [GC (Allocation Failure) [PSYoungGen: 65872K->1344K(66560K)] 409034K->344530K(724480K), 0.0020245 secs] [Times: user=0.01 sys=0.00, real=0.00 secs] 
472.263: [GC (Allocation Failure) [PSYoungGen: 65856K->1533K(66560K)] 409042K->344720K(724480K), 0.0015788 secs] [Times: user=0.01 sys=0.00, real=0.00 secs] 
472.653: [GC (Allocation Failure) [PSYoungGen: 66045K->1597K(66560K)] 409232K->344784K(724480K), 0.0015642 secs] [Times: user=0.01 sys=0.00, real=0.00 secs] 
473.043: [GC (Allocation Failure) [PSYoungGen: 66080K->1581K(66560K)] 409267K->344768K(724480K), 0.0017048 secs] [Times: user=0.01 sys=0.00, real=0.00 secs] 
473.431: [GC (Allocation Failure) [PSYoungGen: 66093K->1597K(66560K)] 409280K->344800K(724480K), 0.0016210 secs] [Times: user=0.00 sys=0.00, real=0.00 secs] 
473.829: [GC (Allocation Failure) [PSYoungGen: 66109K->1472K(66560K)] 409312K->344674K(724480K), 0.0021666 secs] [Times: user=0.01 sys=0.00, real=0.00 secs] 
474.389: [GC (Allocation Failure) [PSYoungGen: 65984K->1408K(66560K)] 409186K->344610K(724480K), 0.0020861 secs] [Times: user=0.01 sys=0.00, real=0.00 secs] 
474.910: [GC (Allocation Failure) [PSYoungGen: 65920K->1408K(66560K)] 409122K->344610K(724480K), 0.0017859 secs] [Times: user=0.01 sys=0.00, real=0.00 secs] 
475.463: [GC (Allocation Failure) [PSYoungGen: 65920K->1456K(66560K)] 409122K->344658K(724480K), 0.0020754 secs] [Times: user=0.01 sys=0.00, real=0.00 secs] 
476.016: [GC (Allocation Failure) [PSYoungGen: 65940K->1437K(66560K)] 409142K->344640K(724480K), 0.0022646 secs] [Times: user=0.01 sys=0.00, real=0.01 secs] 
476.480: [GC (Allocation Failure) [PSYoungGen: 65949K->1581K(66560K)] 409152K->344784K(724480K), 0.0016756 secs] [Times: user=0.00 sys=0.00, real=0.00 secs] 
476.868: [GC (Allocation Failure) [PSYoungGen: 66093K->1581K(66560K)] 409296K->344784K(724480K), 0.0016278 secs] [Times: user=0.00 sys=0.00, real=0.00 secs] 
477.255: [GC (Allocation Failure) [PSYoungGen: 66093K->1549K(66560K)] 409296K->344776K(724480K), 0.0017205 secs] [Times: user=0.00 sys=0.00, real=0.01 secs] 
477.640: [GC (Allocation Failure) [PSYoungGen: 66061K->1472K(66560K)] 409288K->344698K(724480K), 0.0021767 secs] [Times: user=0.01 sys=0.00, real=0.00 secs] 
477.914: [GC (Allocation Failure) [PSYoungGen: 65984K->1408K(66560K)] 409210K->344634K(724480K), 0.0023143 secs] [Times: user=0.01 sys=0.00, real=0.00 secs] 
478.189: [GC (Allocation Failure) [PSYoungGen: 65920K->1376K(66560K)] 409146K->344602K(724480K), 0.0021231 secs] [Times: user=0.01 sys=0.00, real=0.00 secs] 
478.486: [GC (Allocation Failure) [PSYoungGen: 65888K->1376K(66560K)] 409114K->344602K(724480K), 0.0020463 secs] [Times: user=0.01 sys=0.00, real=0.00 secs] 
478.755: [GC (Allocation Failure) [PSYoungGen: 65888K->1408K(66560K)] 409114K->344634K(724480K), 0.0020914 secs] [Times: user=0.01 sys=0.00, real=0.01 secs] 
479.162: [GC (Allocation Failure) [PSYoungGen: 65917K->1597K(66560K)] 409143K->344824K(724480K), 0.0016978 secs] [Times: user=0.01 sys=0.00, real=0.00 secs] 
479.548: [GC (Allocation Failure) [PSYoungGen: 66109K->1565K(66560K)] 409336K->344792K(724480K), 0.0015426 secs] [Times: user=0.00 sys=0.00, real=0.00 secs] 
479.935: [GC (Allocation Failure) [PSYoungGen: 66077K->1597K(66560K)] 409304K->344832K(724480K), 0.0015326 secs] [Times: user=0.01 sys=0.00, real=0.01 secs] 
480.370: [GC (Allocation Failure) [PSYoungGen: 66109K->1488K(66560K)] 409344K->345746K(724480K), 0.0031582 secs] [Times: user=0.01 sys=0.00, real=0.00 secs] 
480.639: [GC (Allocation Failure) [PSYoungGen: 66000K->352K(66560K)] 410258K->344610K(724480K), 0.0019455 secs] [Times: user=0.01 sys=0.01, real=0.00 secs] 
480.906: [GC (Allocation Failure) [PSYoungGen: 64864K->352K(66560K)] 409122K->344610K(724480K), 0.0029898 secs] [Times: user=0.02 sys=0.00, real=0.01 secs] 
481.173: [GC (Allocation Failure) [PSYoungGen: 64864K->320K(66048K)] 409122K->344594K(723968K), 0.0030710 secs] [Times: user=0.01 sys=0.00, real=0.00 secs] 
481.476: [GC (Allocation Failure) [PSYoungGen: 64320K->352K(66560K)] 408594K->344626K(724480K), 0.0017021 secs] [Times: user=0.00 sys=0.00, real=0.01 secs] 
481.971: [GC (Allocation Failure) [PSYoungGen: 64352K->1533K(66560K)] 408626K->345808K(724480K), 0.0017245 secs] [Times: user=0.01 sys=0.00, real=0.00 secs] 
482.354: [GC (Allocation Failure) [PSYoungGen: 65519K->1581K(66560K)] 409793K->345856K(724480K), 0.0015008 secs] [Times: user=0.01 sys=0.00, real=0.00 secs] 
482.741: [GC (Allocation Failure) [PSYoungGen: 65581K->1485K(66560K)] 409856K->345776K(724480K), 0.0015759 secs] [Times: user=0.00 sys=0.00, real=0.00 secs] 
483.128: [GC (Allocation Failure) [PSYoungGen: 65485K->1581K(66560K)] 409776K->345872K(724480K), 0.0017239 secs] [Times: user=0.01 sys=0.00, real=0.00 secs] 
484.118: [GC (Allocation Failure) [PSYoungGen: 65581K->1408K(66560K)] 409872K->345698K(724480K), 0.0037836 secs] [Times: user=0.01 sys=0.00, real=0.00 secs] 
484.746: [GC (Allocation Failure) [PSYoungGen: 65408K->1408K(66560K)] 409698K->345698K(724480K), 0.0031473 secs] [Times: user=0.01 sys=0.00, real=0.01 secs] 
485.363: [GC (Allocation Failure) [PSYoungGen: 65408K->1408K(66560K)] 409698K->345698K(724480K), 0.0041497 secs] [Times: user=0.02 sys=0.00, real=0.01 secs] 
485.958: [GC (Allocation Failure) [PSYoungGen: 65408K->1408K(66560K)] 409698K->345698K(724480K), 0.0028366 secs] [Times: user=0.01 sys=0.00, real=0.00 secs] 
486.454: [GC (Allocation Failure) [PSYoungGen: 65408K->1581K(66560K)] 409698K->345872K(724480K), 0.0016246 secs] [Times: user=0.01 sys=0.00, real=0.00 secs] 
486.904: [GC (Allocation Failure) [PSYoungGen: 65581K->1613K(66560K)] 409872K->345904K(724480K), 0.0017070 secs] [Times: user=0.01 sys=0.00, real=0.00 secs] 
487.288: [GC (Allocation Failure) [PSYoungGen: 65613K->1517K(66560K)] 409904K->345824K(724480K), 0.0017910 secs] [Times: user=0.00 sys=0.00, real=0.00 secs] 
487.676: [GC (Allocation Failure) [PSYoungGen: 65517K->1517K(66560K)] 409824K->345824K(724480K), 0.0017457 secs] [Times: user=0.00 sys=0.00, real=0.01 secs] 
488.230: [GC (Allocation Failure) [PSYoungGen: 65517K->1440K(66560K)] 409824K->345754K(724480K), 0.0045736 secs] [Times: user=0.01 sys=0.00, real=0.00 secs] 
488.899: [GC (Allocation Failure) [PSYoungGen: 65440K->1376K(65536K)] 409754K->345690K(723456K), 0.0023235 secs] [Times: user=0.01 sys=0.00, real=0.00 secs] 
489.729: [GC (Allocation Failure) [PSYoungGen: 65376K->1392K(66048K)] 409690K->345706K(723968K), 0.0024596 secs] [Times: user=0.01 sys=0.00, real=0.00 secs] 
490.513: [GC (Allocation Failure) [PSYoungGen: 65392K->1408K(66048K)] 409706K->345730K(723968K), 0.0025933 secs] [Times: user=0.02 sys=0.00, real=0.00 secs] 
491.418: [GC (Allocation Failure) [PSYoungGen: 65408K->1453K(66048K)] 409730K->345776K(723968K), 0.0015794 secs] [Times: user=0.01 sys=0.00, real=0.00 secs] 
491.801: [GC (Allocation Failure) [PSYoungGen: 65453K->1581K(66048K)] 409776K->345904K(723968K), 0.0016202 secs] [Times: user=0.01 sys=0.00, real=0.00 secs] 
492.246: [GC (Allocation Failure) [PSYoungGen: 65581K->1584K(66048K)] 409904K->345906K(723968K), 0.0016793 secs] [Times: user=0.01 sys=0.00, real=0.00 secs] 
492.632: [GC (Allocation Failure) [PSYoungGen: 65584K->1581K(66048K)] 409906K->345912K(723968K), 0.0016170 secs] [Times: user=0.01 sys=0.00, real=0.00 secs] 
493.130: [GC (Allocation Failure) [PSYoungGen: 65581K->1440K(66048K)] 409912K->345778K(723968K), 0.0027654 secs] [Times: user=0.01 sys=0.01, real=0.00 secs] 
493.673: [GC (Allocation Failure) [PSYoungGen: 65440K->1376K(66048K)] 409778K->345714K(723968K), 0.0027016 secs] [Times: user=0.01 sys=0.00, real=0.00 secs] 
494.055: [GC (Allocation Failure) [PSYoungGen: 65376K->1376K(66048K)] 409714K->345730K(723968K), 0.0021670 secs] [Times: user=0.01 sys=0.00, real=0.01 secs] 
494.321: [GC (Allocation Failure) [PSYoungGen: 65376K->1360K(66048K)] 409730K->345714K(723968K), 0.0020619 secs] [Times: user=0.01 sys=0.00, real=0.00 secs] 
494.650: [GC (Allocation Failure) [PSYoungGen: 65360K->1421K(66048K)] 409714K->345776K(723968K), 0.0014978 secs] [Times: user=0.01 sys=0.01, real=0.00 secs] 
495.096: [GC (Allocation Failure) [PSYoungGen: 65421K->1597K(66048K)] 409776K->345952K(723968K), 0.0017657 secs] [Times: user=0.01 sys=0.00, real=0.01 secs] 
495.483: [GC (Allocation Failure) [PSYoungGen: 65597K->1549K(66048K)] 409952K->345904K(723968K), 0.0017394 secs] [Times: user=0.01 sys=0.00, real=0.00 secs] 
495.937: [GC (Allocation Failure) [PSYoungGen: 65528K->1581K(66048K)] 409883K->345952K(723968K), 0.0017373 secs] [Times: user=0.01 sys=0.00, real=0.00 secs] 
496.740: [GC (Allocation Failure) [PSYoungGen: 65581K->1488K(66048K)] 409952K->345866K(723968K), 0.0047899 secs] [Times: user=0.02 sys=0.00, real=0.00 secs] 
497.320: [GC (Allocation Failure) [PSYoungGen: 65488K->1408K(66048K)] 409866K->345786K(723968K), 0.0027442 secs] [Times: user=0.01 sys=0.00, real=0.00 secs] 
497.947: [GC (Allocation Failure) [PSYoungGen: 65408K->1408K(66048K)] 409786K->345786K(723968K), 0.0031691 secs] [Times: user=0.01 sys=0.00, real=0.00 secs] 
498.678: [GC (Allocation Failure) [PSYoungGen: 65408K->1376K(66048K)] 409786K->345754K(723968K), 0.0028857 secs] [Times: user=0.01 sys=0.00, real=0.00 secs] 
499.408: [GC (Allocation Failure) [PSYoungGen: 65376K->1408K(66048K)] 409754K->345786K(723968K), 0.0028288 secs] [Times: user=0.01 sys=0.00, real=0.00 secs] 
499.975: [GC (Allocation Failure) [PSYoungGen: 65408K->1565K(66048K)] 409786K->345944K(723968K), 0.0016674 secs] [Times: user=0.01 sys=0.00, real=0.01 secs] 
500.359: [GC (Allocation Failure) [PSYoungGen: 65565K->1581K(66048K)] 409944K->345960K(723968K), 0.0016811 secs] [Times: user=0.01 sys=0.00, real=0.00 secs] 
500.745: [GC (Allocation Failure) [PSYoungGen: 65581K->1536K(66048K)] 409960K->345930K(723968K), 0.0016126 secs] [Times: user=0.01 sys=0.00, real=0.01 secs] 
501.114: [GC (Allocation Failure) [PSYoungGen: 65536K->2016K(66048K)] 409930K->346410K(723968K), 0.0017462 secs] [Times: user=0.01 sys=0.00, real=0.00 secs] 
501.386: [GC (Allocation Failure) [PSYoungGen: 66016K->1344K(66048K)] 410410K->345738K(723968K), 0.0015050 secs] [Times: user=0.00 sys=0.00, real=0.01 secs] 
501.651: [GC (Allocation Failure) [PSYoungGen: 65344K->1408K(66048K)] 409738K->345802K(723968K), 0.0015467 secs] [Times: user=0.01 sys=0.00, real=0.00 secs] 
501.916: [GC (Allocation Failure) [PSYoungGen: 65408K->1424K(66048K)] 409802K->345818K(723968K), 0.0015153 secs] [Times: user=0.00 sys=0.00, real=0.01 secs] 
502.181: [GC (Allocation Failure) [PSYoungGen: 65424K->1392K(66048K)] 409818K->345786K(723968K), 0.0015915 secs] [Times: user=0.00 sys=0.00, real=0.00 secs] 
502.531: [GC (Allocation Failure) [PSYoungGen: 65392K->1533K(66048K)] 409786K->345928K(723968K), 0.0015933 secs] [Times: user=0.00 sys=0.00, real=0.00 secs] 
502.918: [GC (Allocation Failure) [PSYoungGen: 65533K->1581K(66048K)] 409928K->346000K(723968K), 0.0016781 secs] [Times: user=0.01 sys=0.00, real=0.00 secs] 
503.305: [GC (Allocation Failure) [PSYoungGen: 65581K->1549K(66048K)] 410000K->345984K(723968K), 0.0015669 secs] [Times: user=0.01 sys=0.00, real=0.01 secs] 
503.690: [GC (Allocation Failure) [PSYoungGen: 65549K->1517K(66048K)] 409984K->345952K(723968K), 0.0016090 secs] [Times: user=0.01 sys=0.00, real=0.00 secs] 
504.062: [GC (Allocation Failure) [PSYoungGen: 65517K->1376K(66048K)] 409952K->345810K(723968K), 0.0020249 secs] [Times: user=0.01 sys=0.00, real=0.00 secs] 
504.328: [GC (Allocation Failure) [PSYoungGen: 65376K->1344K(66048K)] 409810K->345778K(723968K), 0.0018233 secs] [Times: user=0.01 sys=0.00, real=0.00 secs] 
504.630: [GC (Allocation Failure) [PSYoungGen: 65344K->1344K(66048K)] 409778K->345778K(723968K), 0.0020573 secs] [Times: user=0.00 sys=0.00, real=0.00 secs] 
504.896: [GC (Allocation Failure) [PSYoungGen: 65344K->1408K(66048K)] 409778K->345842K(723968K), 0.0018680 secs] [Times: user=0.00 sys=0.00, real=0.00 secs] 
505.283: [GC (Allocation Failure) [PSYoungGen: 65408K->1485K(66048K)] 409842K->345920K(723968K), 0.0015829 secs] [Times: user=0.01 sys=0.00, real=0.00 secs] 
505.667: [GC (Allocation Failure) [PSYoungGen: 65485K->1581K(66048K)] 409920K->346024K(723968K), 0.0016916 secs] [Times: user=0.01 sys=0.00, real=0.00 secs] 
506.053: [GC (Allocation Failure) [PSYoungGen: 65581K->1565K(66048K)] 410024K->346024K(723968K), 0.0019955 secs] [Times: user=0.01 sys=0.00, real=0.00 secs] 
506.439: [GC (Allocation Failure) [PSYoungGen: 65565K->1549K(66048K)] 410024K->346008K(723968K), 0.0015888 secs] [Times: user=0.01 sys=0.00, real=0.00 secs] 
506.798: [GC (Allocation Failure) [PSYoungGen: 65549K->1392K(66048K)] 410008K->345850K(723968K), 0.0020180 secs] [Times: user=0.01 sys=0.00, real=0.00 secs] 
507.064: [GC (Allocation Failure) [PSYoungGen: 65392K->1408K(66048K)] 409850K->345866K(723968K), 0.0020723 secs] [Times: user=0.01 sys=0.00, real=0.01 secs] 
507.383: [GC (Allocation Failure) [PSYoungGen: 65408K->1424K(66048K)] 409866K->345882K(723968K), 0.0020734 secs] [Times: user=0.01 sys=0.00, real=0.00 secs] 
507.649: [GC (Allocation Failure) [PSYoungGen: 65424K->1408K(66048K)] 409882K->345866K(723968K), 0.0020735 secs] [Times: user=0.01 sys=0.00, real=0.00 secs] 
507.983: [GC (Allocation Failure) [PSYoungGen: 65408K->1453K(66048K)] 409866K->345912K(723968K), 0.0015761 secs] [Times: user=0.00 sys=0.00, real=0.00 secs] 
508.366: [GC (Allocation Failure) [PSYoungGen: 65453K->1581K(66048K)] 409912K->346040K(723968K), 0.0017389 secs] [Times: user=0.01 sys=0.00, real=0.01 secs] 
508.752: [GC (Allocation Failure) [PSYoungGen: 65581K->1565K(66048K)] 410040K->346024K(723968K), 0.0015888 secs] [Times: user=0.01 sys=0.00, real=0.00 secs] 
509.195: [GC (Allocation Failure) [PSYoungGen: 65565K->1517K(66048K)] 410024K->345992K(723968K), 0.0017878 secs] [Times: user=0.01 sys=0.00, real=0.01 secs] 
509.678: [GC (Allocation Failure) [PSYoungGen: 65517K->1440K(66048K)] 409992K->345922K(723968K), 0.0021931 secs] [Times: user=0.01 sys=0.00, real=0.00 secs] 
510.076: [GC (Allocation Failure) [PSYoungGen: 65440K->1360K(66048K)] 409922K->345842K(723968K), 0.0021511 secs] [Times: user=0.01 sys=0.00, real=0.00 secs] 
510.660: [GC (Allocation Failure) [PSYoungGen: 65360K->1376K(66048K)] 409842K->345858K(723968K), 0.0021491 secs] [Times: user=0.01 sys=0.00, real=0.00 secs] 
511.239: [GC (Allocation Failure) [PSYoungGen: 65376K->1376K(66048K)] 409858K->345858K(723968K), 0.0021595 secs] [Times: user=0.01 sys=0.00, real=0.00 secs] 
511.905: [GC (Allocation Failure) [PSYoungGen: 65376K->1485K(66048K)] 409858K->346000K(723968K), 0.0021791 secs] [Times: user=0.01 sys=0.00, real=0.01 secs] 
512.306: [GC (Allocation Failure) [PSYoungGen: 65485K->1517K(66048K)] 410000K->346032K(723968K), 0.0016891 secs] [Times: user=0.00 sys=0.00, real=0.00 secs] 
512.692: [GC (Allocation Failure) [PSYoungGen: 65517K->1501K(66048K)] 410032K->346016K(723968K), 0.0016960 secs] [Times: user=0.01 sys=0.00, real=0.00 secs] 
513.081: [GC (Allocation Failure) [PSYoungGen: 65501K->1581K(66048K)] 410016K->346112K(723968K), 0.0015721 secs] [Times: user=0.01 sys=0.00, real=0.00 secs] 
513.478: [GC (Allocation Failure) [PSYoungGen: 65581K->1504K(66048K)] 410112K->347058K(723968K), 0.0026645 secs] [Times: user=0.01 sys=0.00, real=0.00 secs] 
514.078: [GC (Allocation Failure) [PSYoungGen: 65504K->416K(66048K)] 411058K->345970K(723968K), 0.0021302 secs] [Times: user=0.01 sys=0.01, real=0.00 secs] 
514.908: [GC (Allocation Failure) [PSYoungGen: 64416K->400K(66048K)] 409970K->345954K(723968K), 0.0021029 secs] [Times: user=0.00 sys=0.00, real=0.00 secs] 
515.740: [GC (Allocation Failure) [PSYoungGen: 64400K->384K(66048K)] 409954K->345938K(723968K), 0.0032073 secs] [Times: user=0.02 sys=0.00, real=0.00 secs] 
516.612: [GC (Allocation Failure) [PSYoungGen: 64384K->352K(66048K)] 409938K->345906K(723968K), 0.0040071 secs] [Times: user=0.01 sys=0.00, real=0.00 secs] 
517.164: [GC (Allocation Failure) [PSYoungGen: 64352K->1549K(66560K)] 409906K->347104K(724480K), 0.0015945 secs] [Times: user=0.01 sys=0.00, real=0.00 secs] 
517.547: [GC (Allocation Failure) [PSYoungGen: 65549K->1549K(66560K)] 411104K->347104K(724480K), 0.0017224 secs] [Times: user=0.00 sys=0.00, real=0.00 secs] 
517.999: [GC (Allocation Failure) [PSYoungGen: 65549K->1581K(66560K)] 411104K->347160K(724480K), 0.0016121 secs] [Times: user=0.00 sys=0.00, real=0.00 secs] 
518.388: [GC (Allocation Failure) [PSYoungGen: 65581K->1536K(66560K)] 411160K->347114K(724480K), 0.0016370 secs] [Times: user=0.01 sys=0.00, real=0.00 secs] 
519.330: [GC (Allocation Failure) [PSYoungGen: 65536K->1376K(66560K)] 411114K->346954K(724480K), 0.0032271 secs] [Times: user=0.02 sys=0.00, real=0.00 secs] 
519.857: [GC (Allocation Failure) [PSYoungGen: 65376K->1424K(66560K)] 410954K->347002K(724480K), 0.0025826 secs] [Times: user=0.01 sys=0.00, real=0.00 secs] 
520.460: [GC (Allocation Failure) [PSYoungGen: 65424K->1408K(66560K)] 411002K->346986K(724480K), 0.0024914 secs] [Times: user=0.01 sys=0.00, real=0.00 secs] 
521.062: [GC (Allocation Failure) [PSYoungGen: 65408K->1424K(66560K)] 410986K->347002K(724480K), 0.0023227 secs] [Times: user=0.01 sys=0.00, real=0.00 secs] 
521.556: [GC (Allocation Failure) [PSYoungGen: 65424K->1552K(66560K)] 411002K->347130K(724480K), 0.0015305 secs] [Times: user=0.01 sys=0.00, real=0.01 secs] 
521.948: [GC (Allocation Failure) [PSYoungGen: 65552K->1549K(66560K)] 411130K->347128K(724480K), 0.0015627 secs] [Times: user=0.00 sys=0.00, real=0.00 secs] 
522.336: [GC (Allocation Failure) [PSYoungGen: 65549K->1581K(66560K)] 411128K->347168K(724480K), 0.0016603 secs] [Times: user=0.01 sys=0.00, real=0.01 secs] 
522.721: [GC (Allocation Failure) [PSYoungGen: 65581K->1613K(66560K)] 411168K->347200K(724480K), 0.0015623 secs] [Times: user=0.01 sys=0.00, real=0.00 secs] 
523.413: [GC (Allocation Failure) [PSYoungGen: 65613K->1472K(66560K)] 411200K->347058K(724480K), 0.0018142 secs] [Times: user=0.01 sys=0.00, real=0.00 secs] 
524.232: [GC (Allocation Failure) [PSYoungGen: 65472K->1376K(65536K)] 411058K->346978K(723456K), 0.0046744 secs] [Times: user=0.02 sys=0.00, real=0.01 secs] 
524.820: [GC (Allocation Failure) [PSYoungGen: 65376K->1376K(66048K)] 410978K->346978K(723968K), 0.0032141 secs] [Times: user=0.02 sys=0.00, real=0.00 secs] 
525.393: [GC (Allocation Failure) [PSYoungGen: 65376K->1360K(66048K)] 410978K->346970K(723968K), 0.0032070 secs] [Times: user=0.01 sys=0.00, real=0.01 secs] 
525.963: [GC (Allocation Failure) [PSYoungGen: 65360K->1453K(66048K)] 410970K->347064K(723968K), 0.0016010 secs] [Times: user=0.01 sys=0.00, real=0.00 secs] 
526.345: [GC (Allocation Failure) [PSYoungGen: 65453K->1597K(66048K)] 411064K->347208K(723968K), 0.0016088 secs] [Times: user=0.00 sys=0.00, real=0.01 secs] 
526.790: [GC (Allocation Failure) [PSYoungGen: 65597K->1629K(66048K)] 411208K->347256K(723968K), 0.0016791 secs] [Times: user=0.01 sys=0.00, real=0.00 secs] 
527.176: [GC (Allocation Failure) [PSYoungGen: 65629K->1581K(66048K)] 411256K->347216K(723968K), 0.0016050 secs] [Times: user=0.00 sys=0.00, real=0.01 secs] 
527.817: [GC (Allocation Failure) [PSYoungGen: 65581K->1440K(66048K)] 411216K->347074K(723968K), 0.0036170 secs] [Times: user=0.01 sys=0.00, real=0.00 secs] 
528.370: [GC (Allocation Failure) [PSYoungGen: 65440K->1376K(66048K)] 411074K->347010K(723968K), 0.0022964 secs] [Times: user=0.01 sys=0.00, real=0.00 secs] 
528.637: [GC (Allocation Failure) [PSYoungGen: 65376K->1376K(66048K)] 411010K->347010K(723968K), 0.0026885 secs] [Times: user=0.01 sys=0.00, real=0.00 secs] 
528.903: [GC (Allocation Failure) [PSYoungGen: 65376K->1408K(66048K)] 411010K->347050K(723968K), 0.0022522 secs] [Times: user=0.01 sys=0.00, real=0.00 secs] 
529.216: [GC (Allocation Failure) [PSYoungGen: 65408K->1501K(66048K)] 411050K->347144K(723968K), 0.0015957 secs] [Times: user=0.00 sys=0.00, real=0.00 secs] 
529.661: [GC (Allocation Failure) [PSYoungGen: 65501K->1565K(66048K)] 411144K->347208K(723968K), 0.0016403 secs] [Times: user=0.00 sys=0.00, real=0.00 secs] 
530.110: [GC (Allocation Failure) [PSYoungGen: 65565K->1597K(66048K)] 411208K->347240K(723968K), 0.0016675 secs] [Times: user=0.01 sys=0.00, real=0.00 secs] 
530.498: [GC (Allocation Failure) [PSYoungGen: 65597K->1549K(66048K)] 411240K->347200K(723968K), 0.0017379 secs] [Times: user=0.01 sys=0.00, real=0.00 secs] 
531.880: [GC (Allocation Failure) [PSYoungGen: 65549K->1504K(66048K)] 411200K->347154K(723968K), 0.0045288 secs] [Times: user=0.02 sys=0.00, real=0.00 secs] 
532.791: [GC (Allocation Failure) [PSYoungGen: 65504K->1408K(66048K)] 411154K->347058K(723968K), 0.0040779 secs] [Times: user=0.02 sys=0.00, real=0.00 secs] 
533.724: [GC (Allocation Failure) [PSYoungGen: 65408K->1408K(66048K)] 411058K->347058K(723968K), 0.0033887 secs] [Times: user=0.01 sys=0.00, real=0.01 secs] 
534.255: [GC (Allocation Failure) [PSYoungGen: 65408K->1392K(66048K)] 411058K->347050K(723968K), 0.0027213 secs] [Times: user=0.01 sys=0.00, real=0.01 secs] 
534.522: [GC (Allocation Failure) [PSYoungGen: 65392K->1376K(66048K)] 411050K->347034K(723968K), 0.0021435 secs] [Times: user=0.01 sys=0.00, real=0.00 secs] 
535.062: [GC (Allocation Failure) [PSYoungGen: 65376K->1565K(66048K)] 411034K->347224K(723968K), 0.0017482 secs] [Times: user=0.01 sys=0.00, real=0.00 secs] 
535.446: [GC (Allocation Failure) [PSYoungGen: 65565K->1552K(66048K)] 411224K->347210K(723968K), 0.0017586 secs] [Times: user=0.01 sys=0.00, real=0.00 secs] 
535.832: [GC (Allocation Failure) [PSYoungGen: 65520K->1581K(66048K)] 411179K->347256K(723968K), 0.0016744 secs] [Times: user=0.01 sys=0.00, real=0.00 secs] 
536.243: [GC (Allocation Failure) [PSYoungGen: 65581K->2000K(66048K)] 411256K->348186K(723968K), 0.0023066 secs] [Times: user=0.01 sys=0.00, real=0.00 secs] 
536.834: [GC (Allocation Failure) [PSYoungGen: 66000K->1376K(66048K)] 412186K->347562K(723968K), 0.0035376 secs] [Times: user=0.02 sys=0.00, real=0.01 secs] 
537.314: [GC (Allocation Failure) [PSYoungGen: 65376K->1344K(66048K)] 411562K->347530K(723968K), 0.0022628 secs] [Times: user=0.01 sys=0.00, real=0.00 secs] 
537.580: [GC (Allocation Failure) [PSYoungGen: 65344K->1344K(66048K)] 411530K->347530K(723968K), 0.0019724 secs] [Times: user=0.01 sys=0.00, real=0.00 secs] 
537.845: [GC (Allocation Failure) [PSYoungGen: 65344K->1376K(66048K)] 411530K->347562K(723968K), 0.0029796 secs] [Times: user=0.01 sys=0.00, real=0.01 secs] 
538.232: [GC (Allocation Failure) [PSYoungGen: 65376K->1565K(66048K)] 411562K->347752K(723968K), 0.0016558 secs] [Times: user=0.00 sys=0.00, real=0.00 secs] 
538.620: [GC (Allocation Failure) [PSYoungGen: 65565K->1581K(66048K)] 411752K->347768K(723968K), 0.0016241 secs] [Times: user=0.01 sys=0.00, real=0.00 secs] 
539.005: [GC (Allocation Failure) [PSYoungGen: 65581K->1549K(66048K)] 411768K->347744K(723968K), 0.0015898 secs] [Times: user=0.00 sys=0.00, real=0.01 secs] 
539.391: [GC (Allocation Failure) [PSYoungGen: 65549K->1549K(66048K)] 411744K->347744K(723968K), 0.0015952 secs] [Times: user=0.00 sys=0.00, real=0.00 secs] 
539.976: [GC (Allocation Failure) [PSYoungGen: 65549K->1392K(66048K)] 411744K->347586K(723968K), 0.0021827 secs] [Times: user=0.01 sys=0.00, real=0.00 secs] 
540.491: [GC (Allocation Failure) [PSYoungGen: 65392K->1392K(66048K)] 411586K->347586K(723968K), 0.0020712 secs] [Times: user=0.00 sys=0.00, real=0.00 secs] 
541.007: [GC (Allocation Failure) [PSYoungGen: 65392K->1344K(66048K)] 411586K->347538K(723968K), 0.0021806 secs] [Times: user=0.01 sys=0.00, real=0.00 secs] 
541.302: [GC (Allocation Failure) [PSYoungGen: 65344K->1408K(66048K)] 411538K->347602K(723968K), 0.0020347 secs] [Times: user=0.01 sys=0.00, real=0.00 secs] 
541.706: [GC (Allocation Failure) [PSYoungGen: 65408K->1485K(66048K)] 411602K->347680K(723968K), 0.0015869 secs] [Times: user=0.01 sys=0.00, real=0.01 secs] 
542.143: [GC (Allocation Failure) [PSYoungGen: 65485K->1549K(66048K)] 411680K->347768K(723968K), 0.0018252 secs] [Times: user=0.01 sys=0.00, real=0.00 secs] 
542.608: [GC (Allocation Failure) [PSYoungGen: 65549K->1549K(66048K)] 411768K->347784K(723968K), 0.0017017 secs] [Times: user=0.01 sys=0.00, real=0.00 secs] 
542.997: [GC (Allocation Failure) [PSYoungGen: 65549K->1597K(66048K)] 411784K->347832K(723968K), 0.0017410 secs] [Times: user=0.01 sys=0.00, real=0.00 secs] 
543.498: [GC (Allocation Failure) [PSYoungGen: 65597K->1456K(66048K)] 411832K->347690K(723968K), 0.0041347 secs] [Times: user=0.02 sys=0.00, real=0.00 secs] 
544.113: [GC (Allocation Failure) [PSYoungGen: 65456K->1344K(66048K)] 411690K->347578K(723968K), 0.0034364 secs] [Times: user=0.02 sys=0.00, real=0.01 secs] 
544.623: [GC (Allocation Failure) [PSYoungGen: 65344K->1376K(66048K)] 411578K->347610K(723968K), 0.0028630 secs] [Times: user=0.01 sys=0.00, real=0.01 secs] 
544.885: [GC (Allocation Failure) [PSYoungGen: 65376K->1376K(66048K)] 411610K->347610K(723968K), 0.0021127 secs] [Times: user=0.01 sys=0.00, real=0.01 secs] 
545.227: [GC (Allocation Failure) [PSYoungGen: 65376K->1520K(66048K)] 411610K->347754K(723968K), 0.0016126 secs] [Times: user=0.00 sys=0.00, real=0.00 secs] 
545.610: [GC (Allocation Failure) [PSYoungGen: 65520K->1568K(66048K)] 411754K->347802K(723968K), 0.0016034 secs] [Times: user=0.01 sys=0.00, real=0.00 secs] 
545.998: [GC (Allocation Failure) [PSYoungGen: 65568K->1552K(66048K)] 411802K->347786K(723968K), 0.0016001 secs] [Times: user=0.01 sys=0.00, real=0.00 secs] 
546.384: [GC (Allocation Failure) [PSYoungGen: 65552K->1597K(66048K)] 411786K->347840K(723968K), 0.0016453 secs] [Times: user=0.01 sys=0.00, real=0.00 secs] 
547.322: [GC (Allocation Failure) [PSYoungGen: 65597K->1504K(66048K)] 411840K->347746K(723968K), 0.0030457 secs] [Times: user=0.01 sys=0.00, real=0.00 secs] 
547.921: [GC (Allocation Failure) [PSYoungGen: 65504K->1376K(66048K)] 411746K->347618K(723968K), 0.0027318 secs] [Times: user=0.02 sys=0.00, real=0.00 secs] 
548.188: [GC (Allocation Failure) [PSYoungGen: 65376K->1392K(66048K)] 411618K->347634K(723968K), 0.0021923 secs] [Times: user=0.01 sys=0.00, real=0.00 secs] 
548.454: [GC (Allocation Failure) [PSYoungGen: 65392K->1392K(66048K)] 411634K->347634K(723968K), 0.0021594 secs] [Times: user=0.01 sys=0.00, real=0.00 secs] 
548.760: [GC (Allocation Failure) [PSYoungGen: 65392K->1453K(66048K)] 411634K->347696K(723968K), 0.0014622 secs] [Times: user=0.01 sys=0.00, real=0.00 secs] 
549.141: [GC (Allocation Failure) [PSYoungGen: 65453K->1581K(66048K)] 411696K->347824K(723968K), 0.0016057 secs] [Times: user=0.00 sys=0.00, real=0.00 secs] 
549.529: [GC (Allocation Failure) [PSYoungGen: 65581K->1581K(66048K)] 411824K->347824K(723968K), 0.0016732 secs] [Times: user=0.00 sys=0.00, real=0.00 secs] 
549.914: [GC (Allocation Failure) [PSYoungGen: 65581K->1597K(66048K)] 411824K->347848K(723968K), 0.0016589 secs] [Times: user=0.01 sys=0.00, real=0.00 secs] 
550.299: [GC (Allocation Failure) [PSYoungGen: 65597K->1504K(66048K)] 411848K->347754K(723968K), 0.0019186 secs] [Times: user=0.00 sys=0.00, real=0.00 secs] 
550.565: [GC (Allocation Failure) [PSYoungGen: 65504K->1376K(66048K)] 411754K->347626K(723968K), 0.0019356 secs] [Times: user=0.01 sys=0.00, real=0.01 secs] 
550.831: [GC (Allocation Failure) [PSYoungGen: 65376K->1376K(66048K)] 411626K->347626K(723968K), 0.0023086 secs] [Times: user=0.01 sys=0.00, real=0.00 secs] 
551.097: [GC (Allocation Failure) [PSYoungGen: 65376K->1408K(66048K)] 411626K->347658K(723968K), 0.0018238 secs] [Times: user=0.01 sys=0.00, real=0.00 secs] 
551.363: [GC (Allocation Failure) [PSYoungGen: 65408K->1408K(66048K)] 411658K->347674K(723968K), 0.0019441 secs] [Times: user=0.01 sys=0.00, real=0.00 secs] 
551.753: [GC (Allocation Failure) [PSYoungGen: 65408K->1581K(66048K)] 411674K->347848K(723968K), 0.0016677 secs] [Times: user=0.01 sys=0.00, real=0.00 secs] 
552.136: [GC (Allocation Failure) [PSYoungGen: 65581K->1565K(66048K)] 411848K->347832K(723968K), 0.0016675 secs] [Times: user=0.00 sys=0.00, real=0.01 secs] 
552.522: [GC (Allocation Failure) [PSYoungGen: 65565K->1533K(66048K)] 411832K->347816K(723968K), 0.0030183 secs] [Times: user=0.00 sys=0.00, real=0.00 secs] 
553.228: [GC (Allocation Failure) [PSYoungGen: 65533K->1776K(66048K)] 411816K->348058K(723968K), 0.0020127 secs] [Times: user=0.00 sys=0.00, real=0.00 secs] 
554.469: [GC (Allocation Failure) [PSYoungGen: 65776K->1408K(66048K)] 412058K->347690K(723968K), 0.0028127 secs] [Times: user=0.01 sys=0.00, real=0.00 secs] 
555.055: [GC (Allocation Failure) [PSYoungGen: 65408K->1424K(66048K)] 411690K->347706K(723968K), 0.0028590 secs] [Times: user=0.01 sys=0.00, real=0.01 secs] 
555.437: [GC (Allocation Failure) [PSYoungGen: 65424K->1376K(66048K)] 411706K->347658K(723968K), 0.0020825 secs] [Times: user=0.01 sys=0.00, real=0.00 secs] 
555.882: [GC (Allocation Failure) [PSYoungGen: 65376K->1392K(66048K)] 411658K->347674K(723968K), 0.0021301 secs] [Times: user=0.01 sys=0.00, real=0.00 secs] 
556.297: [GC (Allocation Failure) [PSYoungGen: 65392K->1517K(66048K)] 411674K->347800K(723968K), 0.0017340 secs] [Times: user=0.01 sys=0.00, real=0.00 secs] 
556.680: [GC (Allocation Failure) [PSYoungGen: 65517K->1549K(66048K)] 411800K->347832K(723968K), 0.0017993 secs] [Times: user=0.01 sys=0.00, real=0.00 secs] 
557.066: [GC (Allocation Failure) [PSYoungGen: 65549K->1581K(66048K)] 411832K->347872K(723968K), 0.0016826 secs] [Times: user=0.00 sys=0.00, real=0.01 secs] 
557.450: [GC (Allocation Failure) [PSYoungGen: 65581K->1565K(66048K)] 411872K->347856K(723968K), 0.0015668 secs] [Times: user=0.01 sys=0.00, real=0.00 secs] 
559.126: [GC (Allocation Failure) [PSYoungGen: 65565K->1408K(66048K)] 411856K->347698K(723968K), 0.0032996 secs] [Times: user=0.01 sys=0.00, real=0.01 secs] 
559.847: [GC (Allocation Failure) [PSYoungGen: 65408K->1344K(66048K)] 411698K->347634K(723968K), 0.0023573 secs] [Times: user=0.01 sys=0.00, real=0.00 secs] 
560.145: [GC (Allocation Failure) [PSYoungGen: 65344K->1344K(66048K)] 411634K->347634K(723968K), 0.0021158 secs] [Times: user=0.01 sys=0.00, real=0.01 secs] 
560.411: [GC (Allocation Failure) [PSYoungGen: 65344K->1376K(66048K)] 411634K->347666K(723968K), 0.0021000 secs] [Times: user=0.01 sys=0.00, real=0.00 secs] 
560.769: [GC (Allocation Failure) [PSYoungGen: 65376K->1549K(66048K)] 411666K->347840K(723968K), 0.0016045 secs] [Times: user=0.00 sys=0.00, real=0.00 secs] 
561.153: [GC (Allocation Failure) [PSYoungGen: 65549K->1597K(66048K)] 411840K->347888K(723968K), 0.0016859 secs] [Times: user=0.01 sys=0.00, real=0.00 secs] 
561.539: [GC (Allocation Failure) [PSYoungGen: 65597K->1581K(66048K)] 411888K->347880K(723968K), 0.0016948 secs] [Times: user=0.01 sys=0.00, real=0.00 secs] 
561.924: [GC (Allocation Failure) [PSYoungGen: 65581K->1533K(66048K)] 411880K->347832K(723968K), 0.0016321 secs] [Times: user=0.01 sys=0.00, real=0.00 secs] 
562.660: [GC (Allocation Failure) [PSYoungGen: 65533K->1408K(66048K)] 411832K->347706K(723968K), 0.0020204 secs] [Times: user=0.00 sys=0.00, real=0.00 secs] 
563.079: [GC (Allocation Failure) [PSYoungGen: 65408K->1408K(66048K)] 411706K->347706K(723968K), 0.0023679 secs] [Times: user=0.01 sys=0.00, real=0.00 secs] 
563.346: [GC (Allocation Failure) [PSYoungGen: 65408K->1408K(66048K)] 411706K->347730K(723968K), 0.0021379 secs] [Times: user=0.01 sys=0.00, real=0.01 secs] 
563.612: [GC (Allocation Failure) [PSYoungGen: 65408K->1408K(66048K)] 411730K->347730K(723968K), 0.0020595 secs] [Times: user=0.01 sys=0.00, real=0.00 secs] 
563.949: [GC (Allocation Failure) [PSYoungGen: 65408K->1501K(66048K)] 411730K->347824K(723968K), 0.0015537 secs] [Times: user=0.01 sys=0.00, real=0.00 secs] 
564.331: [GC (Allocation Failure) [PSYoungGen: 65501K->1565K(66048K)] 411824K->347888K(723968K), 0.0016975 secs] [Times: user=0.00 sys=0.00, real=0.00 secs] 
564.716: [GC (Allocation Failure) [PSYoungGen: 65565K->1565K(66048K)] 411888K->347888K(723968K), 0.0015892 secs] [Times: user=0.01 sys=0.00, real=0.01 secs] 
565.100: [GC (Allocation Failure) [PSYoungGen: 65565K->1565K(66048K)] 411888K->347904K(723968K), 0.0016537 secs] [Times: user=0.01 sys=0.00, real=0.00 secs] 
565.468: [GC (Allocation Failure) [PSYoungGen: 65565K->1440K(66048K)] 411904K->347778K(723968K), 0.0018581 secs] [Times: user=0.01 sys=0.00, real=0.00 secs] 
565.734: [GC (Allocation Failure) [PSYoungGen: 65440K->1408K(66048K)] 411778K->347746K(723968K), 0.0019190 secs] [Times: user=0.01 sys=0.00, real=0.00 secs] 
565.999: [GC (Allocation Failure) [PSYoungGen: 65408K->1408K(66048K)] 411746K->347746K(723968K), 0.0018766 secs] [Times: user=0.01 sys=0.00, real=0.00 secs] 
566.265: [GC (Allocation Failure) [PSYoungGen: 65408K->1376K(66048K)] 411746K->347714K(723968K), 0.0022686 secs] [Times: user=0.01 sys=0.00, real=0.01 secs] 
566.557: [GC (Allocation Failure) [PSYoungGen: 65376K->1501K(66048K)] 411714K->347840K(723968K), 0.0017114 secs] [Times: user=0.01 sys=0.00, real=0.00 secs] 
567.019: [GC (Allocation Failure) [PSYoungGen: 65501K->1581K(66048K)] 411840K->347920K(723968K), 0.0017057 secs] [Times: user=0.01 sys=0.00, real=0.00 secs] 
567.465: [GC (Allocation Failure) [PSYoungGen: 65581K->1581K(66048K)] 411920K->347920K(723968K), 0.0017509 secs] [Times: user=0.01 sys=0.00, real=0.01 secs] 
567.851: [GC (Allocation Failure) [PSYoungGen: 65581K->1597K(66048K)] 411920K->347952K(723968K), 0.0018108 secs] [Times: user=0.01 sys=0.00, real=0.00 secs] 
568.740: [GC (Allocation Failure) [PSYoungGen: 65597K->1408K(66048K)] 411952K->348794K(723968K), 0.0029346 secs] [Times: user=0.01 sys=0.00, real=0.00 secs] 
569.583: [GC (Allocation Failure) [PSYoungGen: 65408K->400K(66048K)] 412794K->347786K(723968K), 0.0023473 secs] [Times: user=0.01 sys=0.00, real=0.00 secs] 
569.986: [GC (Allocation Failure) [PSYoungGen: 64400K->384K(66048K)] 411786K->347770K(723968K), 0.0021020 secs] [Times: user=0.01 sys=0.00, real=0.01 secs] 
570.350: [GC (Allocation Failure) [PSYoungGen: 64384K->384K(66048K)] 411770K->347770K(723968K), 0.0020735 secs] [Times: user=0.01 sys=0.00, real=0.00 secs] 
570.656: [GC (Allocation Failure) [PSYoungGen: 64384K->416K(66560K)] 411770K->347802K(724480K), 0.0021149 secs] [Times: user=0.01 sys=0.00, real=0.00 secs] 
571.080: [GC (Allocation Failure) [PSYoungGen: 64416K->1565K(66560K)] 411802K->348952K(724480K), 0.0015850 secs] [Times: user=0.01 sys=0.00, real=0.00 secs] 
571.464: [GC (Allocation Failure) [PSYoungGen: 65565K->1549K(66560K)] 412952K->348936K(724480K), 0.0016473 secs] [Times: user=0.01 sys=0.00, real=0.00 secs] 
571.848: [GC (Allocation Failure) [PSYoungGen: 65549K->1597K(66560K)] 412936K->349000K(724480K), 0.0017064 secs] [Times: user=0.01 sys=0.00, real=0.00 secs] 
572.233: [GC (Allocation Failure) [PSYoungGen: 65597K->1549K(66560K)] 413000K->348976K(724480K), 0.0017961 secs] [Times: user=0.00 sys=0.00, real=0.00 secs] 
572.795: [GC (Allocation Failure) [PSYoungGen: 65549K->1376K(66560K)] 412976K->348810K(724480K), 0.0023957 secs] [Times: user=0.01 sys=0.00, real=0.01 secs] 
573.212: [GC (Allocation Failure) [PSYoungGen: 65376K->1376K(66560K)] 412810K->348810K(724480K), 0.0022630 secs] [Times: user=0.01 sys=0.00, real=0.00 secs] 
573.749: [GC (Allocation Failure) [PSYoungGen: 65376K->1408K(66560K)] 412810K->348842K(724480K), 0.0024738 secs] [Times: user=0.01 sys=0.00, real=0.00 secs] 
574.283: [GC (Allocation Failure) [PSYoungGen: 65408K->1408K(66560K)] 412842K->348842K(724480K), 0.0038198 secs] [Times: user=0.02 sys=0.00, real=0.01 secs] 
574.908: [GC (Allocation Failure) [PSYoungGen: 65408K->1549K(66560K)] 412842K->348984K(724480K), 0.0015142 secs] [Times: user=0.00 sys=0.00, real=0.00 secs] 
575.291: [GC (Allocation Failure) [PSYoungGen: 65549K->1568K(66560K)] 412984K->349002K(724480K), 0.0016488 secs] [Times: user=0.00 sys=0.00, real=0.00 secs] 
575.677: [GC (Allocation Failure) [PSYoungGen: 65568K->1549K(66560K)] 413002K->349000K(724480K), 0.0016848 secs] [Times: user=0.00 sys=0.00, real=0.00 secs] 
576.061: [GC (Allocation Failure) [PSYoungGen: 65549K->1584K(66560K)] 413000K->349034K(724480K), 0.0016586 secs] [Times: user=0.01 sys=0.00, real=0.00 secs] 
576.475: [GC (Allocation Failure) [PSYoungGen: 65584K->1376K(65536K)] 413034K->348826K(723456K), 0.0021949 secs] [Times: user=0.01 sys=0.00, real=0.01 secs] 
576.752: [GC (Allocation Failure) [PSYoungGen: 65376K->1408K(66048K)] 412826K->348858K(723968K), 0.0020692 secs] [Times: user=0.01 sys=0.00, real=0.00 secs] 
577.018: [GC (Allocation Failure) [PSYoungGen: 65408K->1376K(66048K)] 412858K->348826K(723968K), 0.0020558 secs] [Times: user=0.01 sys=0.00, real=0.00 secs] 
577.284: [GC (Allocation Failure) [PSYoungGen: 65376K->1408K(66048K)] 412826K->348858K(723968K), 0.0021071 secs] [Times: user=0.01 sys=0.00, real=0.00 secs] 
577.667: [GC (Allocation Failure) [PSYoungGen: 65408K->1437K(66048K)] 412858K->348888K(723968K), 0.0014986 secs] [Times: user=0.01 sys=0.00, real=0.00 secs] 
578.109: [GC (Allocation Failure) [PSYoungGen: 65437K->1629K(66048K)] 412888K->349080K(723968K), 0.0016883 secs] [Times: user=0.01 sys=0.00, real=0.00 secs] 
578.553: [GC (Allocation Failure) [PSYoungGen: 65629K->1629K(66048K)] 413080K->349080K(723968K), 0.0016887 secs] [Times: user=0.00 sys=0.00, real=0.00 secs] 
579.001: [GC (Allocation Failure) [PSYoungGen: 65629K->1549K(66048K)] 413080K->349016K(723968K), 0.0017811 secs] [Times: user=0.00 sys=0.00, real=0.00 secs] 
579.359: [GC (Allocation Failure) [PSYoungGen: 65549K->1472K(66048K)] 413016K->348938K(723968K), 0.0025402 secs] [Times: user=0.01 sys=0.00, real=0.00 secs] 
579.627: [GC (Allocation Failure) [PSYoungGen: 65472K->1376K(66048K)] 412938K->348842K(723968K), 0.0021376 secs] [Times: user=0.01 sys=0.00, real=0.00 secs] 
579.894: [GC (Allocation Failure) [PSYoungGen: 65376K->1344K(66048K)] 412842K->348810K(723968K), 0.0021045 secs] [Times: user=0.01 sys=0.00, real=0.01 secs] 
580.160: [GC (Allocation Failure) [PSYoungGen: 65344K->1408K(66048K)] 412810K->348874K(723968K), 0.0021355 secs] [Times: user=0.01 sys=0.00, real=0.00 secs] 
580.480: [GC (Allocation Failure) [PSYoungGen: 65408K->1469K(66048K)] 412874K->348936K(723968K), 0.0016312 secs] [Times: user=0.00 sys=0.00, real=0.00 secs] 
580.867: [GC (Allocation Failure) [PSYoungGen: 65469K->1549K(66048K)] 412936K->349040K(723968K), 0.0016985 secs] [Times: user=0.00 sys=0.00, real=0.00 secs] 
581.311: [GC (Allocation Failure) [PSYoungGen: 65549K->1565K(66048K)] 413040K->349056K(723968K), 0.0017654 secs] [Times: user=0.00 sys=0.00, real=0.00 secs] 
581.754: [GC (Allocation Failure) [PSYoungGen: 65565K->1517K(66048K)] 413056K->349016K(723968K), 0.0017023 secs] [Times: user=0.01 sys=0.00, real=0.00 secs] 
582.195: [GC (Allocation Failure) [PSYoungGen: 65517K->1504K(66048K)] 413016K->349010K(723968K), 0.0023708 secs] [Times: user=0.01 sys=0.00, real=0.01 secs] 
582.583: [GC (Allocation Failure) [PSYoungGen: 65504K->1440K(66048K)] 413010K->348946K(723968K), 0.0020914 secs] [Times: user=0.01 sys=0.00, real=0.00 secs] 
582.877: [GC (Allocation Failure) [PSYoungGen: 65440K->1408K(66048K)] 412946K->348914K(723968K), 0.0021276 secs] [Times: user=0.00 sys=0.00, real=0.00 secs] 
583.154: [GC (Allocation Failure) [PSYoungGen: 65408K->1376K(66048K)] 412914K->348882K(723968K), 0.0021952 secs] [Times: user=0.01 sys=0.01, real=0.01 secs] 
583.449: [GC (Allocation Failure) [PSYoungGen: 65376K->1376K(66048K)] 412882K->348882K(723968K), 0.0054210 secs] [Times: user=0.03 sys=0.00, real=0.00 secs] 
583.874: [GC (Allocation Failure) [PSYoungGen: 65376K->1533K(65536K)] 412882K->349040K(723456K), 0.0017164 secs] [Times: user=0.01 sys=0.00, real=0.00 secs] 
584.257: [GC (Allocation Failure) [PSYoungGen: 65533K->1565K(66048K)] 413040K->349072K(723968K), 0.0018569 secs] [Times: user=0.00 sys=0.00, real=0.00 secs] 
584.645: [GC (Allocation Failure) [PSYoungGen: 65565K->573K(65024K)] 413072K->349120K(722944K), 0.0018455 secs] [Times: user=0.01 sys=0.00, real=0.01 secs] 
585.190: [GC (Allocation Failure) [PSYoungGen: 64573K->2016K(66048K)] 413120K->350570K(723968K), 0.0021168 secs] [Times: user=0.01 sys=0.00, real=0.00 secs] 
586.055: [GC (Allocation Failure) [PSYoungGen: 66016K->1456K(65536K)] 414570K->350010K(723456K), 0.0021143 secs] [Times: user=0.01 sys=0.00, real=0.01 secs] 
586.796: [GC (Allocation Failure) [PSYoungGen: 65456K->1424K(65536K)] 414010K->349978K(723456K), 0.0042888 secs] [Times: user=0.02 sys=0.00, real=0.01 secs] 
587.561: [GC (Allocation Failure) [PSYoungGen: 65424K->1392K(65536K)] 413978K->349946K(723456K), 0.0039430 secs] [Times: user=0.02 sys=0.00, real=0.00 secs] 
588.091: [GC (Allocation Failure) [PSYoungGen: 65392K->1424K(65536K)] 413946K->349978K(723456K), 0.0026774 secs] [Times: user=0.01 sys=0.00, real=0.00 secs] 
588.583: [GC (Allocation Failure) [PSYoungGen: 65424K->1517K(65536K)] 413978K->350128K(723456K), 0.0016044 secs] [Times: user=0.01 sys=0.00, real=0.00 secs] 
588.967: [GC (Allocation Failure) [PSYoungGen: 65517K->1533K(65536K)] 414128K->350176K(723456K), 0.0017119 secs] [Times: user=0.01 sys=0.01, real=0.00 secs] 
589.353: [GC (Allocation Failure) [PSYoungGen: 65533K->1517K(65536K)] 414176K->350176K(723456K), 0.0016219 secs] [Times: user=0.01 sys=0.00, real=0.00 secs] 
589.737: [GC (Allocation Failure) [PSYoungGen: 65517K->1549K(66048K)] 414176K->350208K(723968K), 0.0016730 secs] [Times: user=0.01 sys=0.00, real=0.00 secs] 
590.106: [GC (Allocation Failure) [PSYoungGen: 65549K->416K(64512K)] 414208K->350098K(722432K), 0.0019959 secs] [Times: user=0.01 sys=0.00, real=0.01 secs] 
590.674: [GC (Allocation Failure) [PSYoungGen: 64416K->384K(66048K)] 414098K->350066K(723968K), 0.0036699 secs] [Times: user=0.01 sys=0.00, real=0.01 secs] 
591.160: [GC (Allocation Failure) [PSYoungGen: 64384K->368K(66560K)] 414066K->350050K(724480K), 0.0027027 secs] [Times: user=0.01 sys=0.00, real=0.00 secs] 
591.696: [GC (Allocation Failure) [PSYoungGen: 64368K->352K(66560K)] 414050K->350034K(724480K), 0.0026723 secs] [Times: user=0.02 sys=0.00, real=0.00 secs] 
592.212: [GC (Allocation Failure) [PSYoungGen: 64352K->1501K(66560K)] 414034K->351184K(724480K), 0.0016589 secs] [Times: user=0.00 sys=0.00, real=0.00 secs] 
592.598: [GC (Allocation Failure) [PSYoungGen: 65501K->1549K(66560K)] 415184K->351232K(724480K), 0.0017044 secs] [Times: user=0.01 sys=0.00, real=0.00 secs] 
593.045: [GC (Allocation Failure) [PSYoungGen: 65549K->1613K(66560K)] 415232K->351312K(724480K), 0.0016837 secs] [Times: user=0.01 sys=0.00, real=0.01 secs] 
593.490: [GC (Allocation Failure) [PSYoungGen: 65613K->1597K(66560K)] 415312K->351304K(724480K), 0.0026048 secs] [Times: user=0.00 sys=0.00, real=0.00 secs] 
593.818: [GC (Allocation Failure) [PSYoungGen: 65597K->1408K(66560K)] 415304K->351114K(724480K), 0.0028006 secs] [Times: user=0.01 sys=0.00, real=0.00 secs] 
594.224: [GC (Allocation Failure) [PSYoungGen: 65408K->1360K(66560K)] 415114K->351066K(724480K), 0.0019025 secs] [Times: user=0.01 sys=0.00, real=0.01 secs] 
594.730: [GC (Allocation Failure) [PSYoungGen: 65360K->1376K(66560K)] 415066K->351082K(724480K), 0.0032434 secs] [Times: user=0.01 sys=0.00, real=0.00 secs] 
595.242: [GC (Allocation Failure) [PSYoungGen: 65376K->1344K(66560K)] 415082K->351050K(724480K), 0.0026956 secs] [Times: user=0.01 sys=0.00, real=0.00 secs] 
595.810: [GC (Allocation Failure) [PSYoungGen: 65344K->1469K(66560K)] 415050K->351176K(724480K), 0.0016392 secs] [Times: user=0.01 sys=0.00, real=0.00 secs] 
596.193: [GC (Allocation Failure) [PSYoungGen: 65469K->1597K(66560K)] 415176K->351304K(724480K), 0.0015640 secs] [Times: user=0.01 sys=0.00, real=0.00 secs] 
596.579: [GC (Allocation Failure) [PSYoungGen: 65597K->1584K(66560K)] 415304K->351290K(724480K), 0.0015861 secs] [Times: user=0.00 sys=0.00, real=0.00 secs] 
596.964: [GC (Allocation Failure) [PSYoungGen: 65584K->1581K(66560K)] 415290K->351296K(724480K), 0.0015967 secs] [Times: user=0.01 sys=0.00, real=0.00 secs] 
597.482: [GC (Allocation Failure) [PSYoungGen: 65581K->1440K(66560K)] 415296K->351162K(724480K), 0.0017726 secs] [Times: user=0.01 sys=0.00, real=0.00 secs] 
598.037: [GC (Allocation Failure) [PSYoungGen: 65440K->1376K(65536K)] 415162K->351098K(723456K), 0.0022041 secs] [Times: user=0.01 sys=0.00, real=0.00 secs] 
598.847: [GC (Allocation Failure) [PSYoungGen: 65376K->1392K(66048K)] 415098K->351114K(723968K), 0.0022560 secs] [Times: user=0.01 sys=0.00, real=0.00 secs] 
599.377: [GC (Allocation Failure) [PSYoungGen: 65392K->1344K(66048K)] 415114K->351066K(723968K), 0.0023552 secs] [Times: user=0.01 sys=0.00, real=0.00 secs] 
599.993: [GC (Allocation Failure) [PSYoungGen: 65344K->1517K(66048K)] 415066K->351240K(723968K), 0.0019788 secs] [Times: user=0.01 sys=0.00, real=0.00 secs] 
600.408: [GC (Allocation Failure) [PSYoungGen: 65517K->1549K(66048K)] 415240K->351272K(723968K), 0.0018026 secs] [Times: user=0.00 sys=0.00, real=0.00 secs] 
600.791: [GC (Allocation Failure) [PSYoungGen: 65545K->1629K(66048K)] 415267K->351352K(723968K), 0.0016350 secs] [Times: user=0.01 sys=0.00, real=0.00 secs] 
601.174: [GC (Allocation Failure) [PSYoungGen: 65629K->1549K(66048K)] 415352K->351288K(723968K), 0.0016906 secs] [Times: user=0.00 sys=0.00, real=0.00 secs] 
601.586: [GC (Allocation Failure) [PSYoungGen: 65549K->1424K(66048K)] 415288K->352186K(723968K), 0.0021175 secs] [Times: user=0.01 sys=0.00, real=0.00 secs] 
601.853: [GC (Allocation Failure) [PSYoungGen: 65424K->368K(66048K)] 416186K->351130K(723968K), 0.0018630 secs] [Times: user=0.00 sys=0.00, real=0.00 secs] 
602.120: [GC (Allocation Failure) [PSYoungGen: 64368K->416K(65536K)] 415130K->351178K(723456K), 0.0020518 secs] [Times: user=0.00 sys=0.01, real=0.00 secs] 
602.383: [GC (Allocation Failure) [PSYoungGen: 63904K->416K(66048K)] 414666K->351202K(723968K), 0.0019243 secs] [Times: user=0.00 sys=0.00, real=0.00 secs] 
602.647: [GC (Allocation Failure) [PSYoungGen: 63904K->384K(66048K)] 414690K->351170K(723968K), 0.0020398 secs] [Times: user=0.01 sys=0.00, real=0.00 secs] 
603.058: [GC (Allocation Failure) [PSYoungGen: 63872K->1517K(66048K)] 414658K->352304K(723968K), 0.0017110 secs] [Times: user=0.01 sys=0.00, real=0.00 secs] 
603.445: [GC (Allocation Failure) [PSYoungGen: 65005K->1549K(66048K)] 415792K->352336K(723968K), 0.0016821 secs] [Times: user=0.01 sys=0.00, real=0.01 secs] 
603.830: [GC (Allocation Failure) [PSYoungGen: 65037K->1581K(66048K)] 415824K->352392K(723968K), 0.0017310 secs] [Times: user=0.00 sys=0.00, real=0.00 secs] 
604.271: [GC (Allocation Failure) [PSYoungGen: 65069K->256K(66048K)] 415880K->351066K(723968K), 0.0014451 secs] [Times: user=0.00 sys=0.00, real=0.00 secs] 
604.601: [GC (Allocation Failure) [PSYoungGen: 63744K->1376K(66048K)] 414554K->352186K(723968K), 0.0019566 secs] [Times: user=0.01 sys=0.01, real=0.00 secs] 
604.865: [GC (Allocation Failure) [PSYoungGen: 64864K->1424K(66048K)] 415674K->352234K(723968K), 0.0022679 secs] [Times: user=0.01 sys=0.00, real=0.01 secs] 
605.129: [GC (Allocation Failure) [PSYoungGen: 64912K->1344K(66048K)] 415722K->352162K(723968K), 0.0019566 secs] [Times: user=0.01 sys=0.00, real=0.00 secs] 
605.392: [GC (Allocation Failure) [PSYoungGen: 64832K->1344K(66048K)] 415650K->352162K(723968K), 0.0022131 secs] [Times: user=0.01 sys=0.00, real=0.00 secs] 
605.767: [GC (Allocation Failure) [PSYoungGen: 64832K->1504K(66048K)] 415650K->352322K(723968K), 0.0015620 secs] [Times: user=0.01 sys=0.00, real=0.00 secs] 
606.152: [GC (Allocation Failure) [PSYoungGen: 64992K->1517K(66048K)] 415810K->352336K(723968K), 0.0017357 secs] [Times: user=0.00 sys=0.00, real=0.00 secs] 
606.535: [GC (Allocation Failure) [PSYoungGen: 65005K->1581K(66048K)] 415824K->352408K(723968K), 0.0016614 secs] [Times: user=0.01 sys=0.00, real=0.01 secs] 
606.979: [GC (Allocation Failure) [PSYoungGen: 65051K->1517K(66048K)] 415878K->352352K(723968K), 0.0015704 secs] [Times: user=0.01 sys=0.00, real=0.00 secs] 
607.611: [GC (Allocation Failure) [PSYoungGen: 65005K->1392K(66048K)] 415840K->352226K(723968K), 0.0039516 secs] [Times: user=0.01 sys=0.00, real=0.00 secs] 
608.165: [GC (Allocation Failure) [PSYoungGen: 64880K->1408K(66048K)] 415714K->352242K(723968K), 0.0029928 secs] [Times: user=0.01 sys=0.00, real=0.01 secs] 
608.448: [GC (Allocation Failure) [PSYoungGen: 64896K->1408K(66048K)] 415730K->352242K(723968K), 0.0020724 secs] [Times: user=0.01 sys=0.00, real=0.00 secs] 
608.905: [GC (Allocation Failure) [PSYoungGen: 64896K->1392K(65024K)] 415730K->352226K(722944K), 0.0031694 secs] [Times: user=0.02 sys=0.00, real=0.01 secs] 
609.486: [GC (Allocation Failure) [PSYoungGen: 64850K->1485K(65536K)] 415685K->352328K(723456K), 0.0015775 secs] [Times: user=0.01 sys=0.00, real=0.00 secs] 
609.869: [GC (Allocation Failure) [PSYoungGen: 64973K->1565K(65536K)] 415816K->352408K(723456K), 0.0016574 secs] [Times: user=0.01 sys=0.00, real=0.00 secs] 
610.313: [GC (Allocation Failure) [PSYoungGen: 65040K->1581K(65536K)] 415883K->352432K(723456K), 0.0017951 secs] [Times: user=0.01 sys=0.00, real=0.00 secs] 
610.695: [GC (Allocation Failure) [PSYoungGen: 65069K->1581K(65536K)] 415920K->352440K(723456K), 0.0016142 secs] [Times: user=0.00 sys=0.00, real=0.01 secs] 
611.190: [GC (Allocation Failure) [PSYoungGen: 65069K->1456K(65536K)] 415928K->352314K(723456K), 0.0035139 secs] [Times: user=0.02 sys=0.00, real=0.00 secs] 
611.717: [GC (Allocation Failure) [PSYoungGen: 64944K->1376K(65536K)] 415802K->352234K(723456K), 0.0042805 secs] [Times: user=0.01 sys=0.00, real=0.00 secs] 
612.108: [GC (Allocation Failure) [PSYoungGen: 64864K->1360K(65536K)] 415722K->352218K(723456K), 0.0021797 secs] [Times: user=0.01 sys=0.00, real=0.00 secs] 
612.419: [GC (Allocation Failure) [PSYoungGen: 64848K->1344K(65536K)] 415706K->352218K(723456K), 0.0021353 secs] [Times: user=0.01 sys=0.00, real=0.00 secs] 
612.742: [GC (Allocation Failure) [PSYoungGen: 64832K->1501K(65536K)] 415706K->352376K(723456K), 0.0020420 secs] [Times: user=0.00 sys=0.00, real=0.00 secs] 
613.151: [GC (Allocation Failure) [PSYoungGen: 64989K->1549K(65536K)] 415864K->352424K(723456K), 0.0016599 secs] [Times: user=0.00 sys=0.00, real=0.00 secs] 
613.534: [GC (Allocation Failure) [PSYoungGen: 65037K->1549K(65536K)] 415912K->352424K(723456K), 0.0017051 secs] [Times: user=0.01 sys=0.00, real=0.01 secs] 
613.919: [GC (Allocation Failure) [PSYoungGen: 65037K->1549K(65536K)] 415912K->352440K(723456K), 0.0016277 secs] [Times: user=0.01 sys=0.00, real=0.00 secs] 
614.338: [GC (Allocation Failure) [PSYoungGen: 65037K->1472K(65536K)] 415928K->354410K(723456K), 0.0018976 secs] [Times: user=0.01 sys=0.00, real=0.00 secs] 
614.880: [GC (Allocation Failure) [PSYoungGen: 64960K->352K(65536K)] 417898K->353290K(723456K), 0.0022849 secs] [Times: user=0.00 sys=0.00, real=0.00 secs] 
615.394: [GC (Allocation Failure) [PSYoungGen: 63840K->384K(65536K)] 416778K->353330K(723456K), 0.0019953 secs] [Times: user=0.01 sys=0.00, real=0.01 secs] 
615.910: [GC (Allocation Failure) [PSYoungGen: 63872K->384K(66048K)] 416818K->353330K(723968K), 0.0019982 secs] [Times: user=0.01 sys=0.00, real=0.00 secs] 
616.407: [GC (Allocation Failure) [PSYoungGen: 63872K->416K(66048K)] 416818K->353362K(723968K), 0.0021850 secs] [Times: user=0.01 sys=0.00, real=0.00 secs] 
616.845: [GC (Allocation Failure) [PSYoungGen: 63904K->1549K(66048K)] 416850K->354496K(723968K), 0.0015521 secs] [Times: user=0.01 sys=0.00, real=0.01 secs] 
617.236: [GC (Allocation Failure) [PSYoungGen: 65037K->1565K(66048K)] 417984K->354512K(723968K), 0.0017459 secs] [Times: user=0.01 sys=0.00, real=0.01 secs] 
617.619: [GC (Allocation Failure) [PSYoungGen: 65053K->1581K(66048K)] 418000K->354536K(723968K), 0.0016522 secs] [Times: user=0.01 sys=0.00, real=0.00 secs] 
618.001: [GC (Allocation Failure) [PSYoungGen: 65069K->1613K(66048K)] 418024K->354568K(723968K), 0.0015914 secs] [Times: user=0.01 sys=0.00, real=0.00 secs] 
618.348: [GC (Allocation Failure) [PSYoungGen: 65101K->1376K(66048K)] 418056K->354330K(723968K), 0.0020702 secs] [Times: user=0.01 sys=0.00, real=0.00 secs] 
618.893: [GC (Allocation Failure) [PSYoungGen: 64864K->1392K(66048K)] 417818K->354346K(723968K), 0.0032313 secs] [Times: user=0.01 sys=0.00, real=0.01 secs] 
619.388: [GC (Allocation Failure) [PSYoungGen: 64880K->1344K(66048K)] 417834K->354306K(723968K), 0.0032799 secs] [Times: user=0.01 sys=0.00, real=0.00 secs] 
620.027: [GC (Allocation Failure) [PSYoungGen: 64832K->1344K(66048K)] 417794K->354306K(723968K), 0.0033356 secs] [Times: user=0.02 sys=0.00, real=0.00 secs] 
620.688: [GC (Allocation Failure) [PSYoungGen: 64832K->1549K(66048K)] 417794K->354512K(723968K), 0.0015184 secs] [Times: user=0.01 sys=0.00, real=0.00 secs] 
621.137: [GC (Allocation Failure) [PSYoungGen: 65037K->1565K(66048K)] 418000K->354528K(723968K), 0.0016636 secs] [Times: user=0.01 sys=0.00, real=0.00 secs] 
621.521: [GC (Allocation Failure) [PSYoungGen: 65053K->1565K(66048K)] 418016K->354544K(723968K), 0.0019187 secs] [Times: user=0.01 sys=0.00, real=0.00 secs] 
621.963: [GC (Allocation Failure) [PSYoungGen: 65053K->1581K(66048K)] 418032K->354568K(723968K), 0.0017343 secs] [Times: user=0.01 sys=0.00, real=0.00 secs] 
622.471: [GC (Allocation Failure) [PSYoungGen: 65069K->1424K(66048K)] 418056K->354410K(723968K), 0.0043329 secs] [Times: user=0.02 sys=0.00, real=0.00 secs] 
622.983: [GC (Allocation Failure) [PSYoungGen: 64912K->1376K(65024K)] 417898K->354378K(722944K), 0.0025552 secs] [Times: user=0.01 sys=0.00, real=0.00 secs] 
623.575: [GC (Allocation Failure) [PSYoungGen: 64864K->1408K(65536K)] 417866K->354410K(723456K), 0.0024368 secs] [Times: user=0.01 sys=0.00, real=0.01 secs] 
624.411: [GC (Allocation Failure) [PSYoungGen: 64896K->1376K(65536K)] 417898K->354378K(723456K), 0.0033504 secs] [Times: user=0.01 sys=0.00, real=0.00 secs] 
625.062: [GC (Allocation Failure) [PSYoungGen: 64864K->1453K(65536K)] 417866K->354456K(723456K), 0.0021613 secs] [Times: user=0.00 sys=0.00, real=0.00 secs] 
625.460: [GC (Allocation Failure) [PSYoungGen: 64941K->1549K(65536K)] 417944K->354552K(723456K), 0.0017126 secs] [Times: user=0.00 sys=0.00, real=0.00 secs] 
625.844: [GC (Allocation Failure) [PSYoungGen: 65037K->1568K(65536K)] 418040K->354571K(723456K), 0.0016610 secs] [Times: user=0.00 sys=0.00, real=0.00 secs] 
626.287: [GC (Allocation Failure) [PSYoungGen: 65056K->1549K(65536K)] 418059K->354568K(723456K), 0.0015835 secs] [Times: user=0.01 sys=0.00, real=0.00 secs] 
627.012: [GC (Allocation Failure) [PSYoungGen: 65037K->1504K(65536K)] 418056K->354522K(723456K), 0.0028469 secs] [Times: user=0.01 sys=0.00, real=0.00 secs] 
627.680: [GC (Allocation Failure) [PSYoungGen: 64992K->1376K(65536K)] 418010K->354394K(723456K), 0.0026971 secs] [Times: user=0.01 sys=0.00, real=0.00 secs] 
628.221: [GC (Allocation Failure) [PSYoungGen: 64864K->1376K(65536K)] 417882K->354394K(723456K), 0.0019859 secs] [Times: user=0.01 sys=0.00, real=0.00 secs] 
628.981: [GC (Allocation Failure) [PSYoungGen: 64864K->1376K(65536K)] 417882K->354394K(723456K), 0.0045620 secs] [Times: user=0.02 sys=0.00, real=0.00 secs] 
629.525: [GC (Allocation Failure) [PSYoungGen: 64864K->1408K(65536K)] 417882K->354426K(723456K), 0.0026438 secs] [Times: user=0.01 sys=0.00, real=0.01 secs] 
630.019: [GC (Allocation Failure) [PSYoungGen: 64896K->1597K(65536K)] 417914K->354616K(723456K), 0.0017383 secs] [Times: user=0.01 sys=0.00, real=0.00 secs] 
630.403: [GC (Allocation Failure) [PSYoungGen: 65068K->1581K(65536K)] 418087K->354600K(723456K), 0.0016021 secs] [Times: user=0.01 sys=0.00, real=0.00 secs] 
630.787: [GC (Allocation Failure) [PSYoungGen: 65069K->1597K(65536K)] 418088K->354632K(723456K), 0.0017006 secs] [Times: user=0.01 sys=0.00, real=0.00 secs] 
631.341: [GC (Allocation Failure) [PSYoungGen: 65085K->2016K(65536K)] 418120K->355050K(723456K), 0.0037339 secs] [Times: user=0.02 sys=0.00, real=0.00 secs] 
632.239: [GC (Allocation Failure) [PSYoungGen: 65504K->1376K(65536K)] 418538K->354410K(723456K), 0.0045312 secs] [Times: user=0.02 sys=0.00, real=0.00 secs] 
633.052: [GC (Allocation Failure) [PSYoungGen: 64864K->1408K(65536K)] 417898K->354442K(723456K), 0.0043101 secs] [Times: user=0.01 sys=0.00, real=0.01 secs] 
633.806: [GC (Allocation Failure) [PSYoungGen: 64896K->1408K(65536K)] 417930K->354442K(723456K), 0.0034076 secs] [Times: user=0.02 sys=0.00, real=0.01 secs] 
634.348: [GC (Allocation Failure) [PSYoungGen: 64896K->1408K(65536K)] 417930K->354442K(723456K), 0.0032503 secs] [Times: user=0.02 sys=0.00, real=0.00 secs] 
634.866: [GC (Allocation Failure) [PSYoungGen: 64896K->1549K(65536K)] 417930K->354608K(723456K), 0.0015772 secs] [Times: user=0.01 sys=0.00, real=0.00 secs] 
635.254: [GC (Allocation Failure) [PSYoungGen: 65037K->1565K(65536K)] 418096K->354624K(723456K), 0.0016896 secs] [Times: user=0.01 sys=0.00, real=0.00 secs] 
635.704: [GC (Allocation Failure) [PSYoungGen: 65053K->1549K(65536K)] 418112K->354624K(723456K), 0.0017789 secs] [Times: user=0.01 sys=0.00, real=0.00 secs] 
636.087: [GC (Allocation Failure) [PSYoungGen: 65037K->1549K(65536K)] 418112K->354624K(723456K), 0.0017211 secs] [Times: user=0.00 sys=0.00, real=0.00 secs] 
636.726: [GC (Allocation Failure) [PSYoungGen: 65037K->1408K(65536K)] 418112K->354498K(723456K), 0.0032883 secs] [Times: user=0.02 sys=0.00, real=0.01 secs] 
637.260: [GC (Allocation Failure) [PSYoungGen: 64896K->1392K(65536K)] 417986K->354482K(723456K), 0.0033898 secs] [Times: user=0.01 sys=0.01, real=0.00 secs] 
637.772: [GC (Allocation Failure) [PSYoungGen: 64880K->1408K(65536K)] 417970K->354498K(723456K), 0.0023681 secs] [Times: user=0.01 sys=0.00, real=0.00 secs] 
638.271: [GC (Allocation Failure) [PSYoungGen: 64896K->1376K(65536K)] 417986K->354466K(723456K), 0.0022053 secs] [Times: user=0.01 sys=0.01, real=0.00 secs] 
638.645: [GC (Allocation Failure) [PSYoungGen: 64864K->1453K(65536K)] 417954K->354544K(723456K), 0.0016197 secs] [Times: user=0.01 sys=0.00, real=0.01 secs] 
639.092: [GC (Allocation Failure) [PSYoungGen: 64941K->1549K(65536K)] 418032K->354640K(723456K), 0.0016143 secs] [Times: user=0.00 sys=0.00, real=0.00 secs] 
639.474: [GC (Allocation Failure) [PSYoungGen: 65023K->1549K(65536K)] 418114K->354656K(723456K), 0.0015784 secs] [Times: user=0.01 sys=0.00, real=0.00 secs] 
639.858: [GC (Allocation Failure) [PSYoungGen: 65037K->1581K(65536K)] 418144K->354688K(723456K), 0.0016354 secs] [Times: user=0.00 sys=0.00, real=0.00 secs] 
640.405: [GC (Allocation Failure) [PSYoungGen: 65069K->1424K(65536K)] 418176K->354538K(723456K), 0.0035091 secs] [Times: user=0.02 sys=0.00, real=0.01 secs] 
640.995: [GC (Allocation Failure) [PSYoungGen: 64912K->1376K(65536K)] 418026K->354490K(723456K), 0.0027438 secs] [Times: user=0.02 sys=0.00, real=0.01 secs] 
641.567: [GC (Allocation Failure) [PSYoungGen: 64864K->1360K(65536K)] 417978K->354474K(723456K), 0.0026034 secs] [Times: user=0.01 sys=0.00, real=0.00 secs] 
642.128: [GC (Allocation Failure) [PSYoungGen: 64848K->1408K(65536K)] 417962K->354522K(723456K), 0.0028099 secs] [Times: user=0.01 sys=0.00, real=0.00 secs] 
642.684: [GC (Allocation Failure) [PSYoungGen: 64896K->1485K(65536K)] 418010K->354600K(723456K), 0.0021502 secs] [Times: user=0.01 sys=0.00, real=0.01 secs] 
643.094: [GC (Allocation Failure) [PSYoungGen: 64948K->1581K(65536K)] 418063K->354720K(723456K), 0.0019038 secs] [Times: user=0.00 sys=0.00, real=0.00 secs] 
643.477: [GC (Allocation Failure) [PSYoungGen: 65069K->1597K(65536K)] 418208K->354736K(723456K), 0.0017818 secs] [Times: user=0.01 sys=0.00, real=0.00 secs] 
643.865: [GC (Allocation Failure) [PSYoungGen: 65085K->1533K(65536K)] 418224K->354688K(723456K), 0.0017094 secs] [Times: user=0.01 sys=0.00, real=0.01 secs] 
644.329: [GC (Allocation Failure) [PSYoungGen: 65021K->1536K(65536K)] 418176K->354690K(723456K), 0.0019354 secs] [Times: user=0.01 sys=0.00, real=0.00 secs] 
644.842: [GC (Allocation Failure) [PSYoungGen: 65024K->1376K(65536K)] 418178K->354530K(723456K), 0.0022061 secs] [Times: user=0.01 sys=0.00, real=0.00 secs] 
645.375: [GC (Allocation Failure) [PSYoungGen: 64864K->1408K(65536K)] 418018K->354562K(723456K), 0.0028706 secs] [Times: user=0.02 sys=0.00, real=0.01 secs] 
645.902: [GC (Allocation Failure) [PSYoungGen: 64896K->1424K(65536K)] 418050K->354578K(723456K), 0.0028120 secs] [Times: user=0.01 sys=0.00, real=0.00 secs] 
646.307: [GC (Allocation Failure) [PSYoungGen: 64912K->1376K(65536K)] 418066K->354530K(723456K), 0.0026327 secs] [Times: user=0.01 sys=0.00, real=0.00 secs] 
646.776: [GC (Allocation Failure) [PSYoungGen: 64864K->1549K(65536K)] 418018K->354704K(723456K), 0.0015930 secs] [Times: user=0.01 sys=0.00, real=0.01 secs] 
647.159: [GC (Allocation Failure) [PSYoungGen: 65037K->1581K(65536K)] 418192K->354736K(723456K), 0.0015919 secs] [Times: user=0.01 sys=0.00, real=0.00 secs] 
647.542: [GC (Allocation Failure) [PSYoungGen: 65069K->1581K(65536K)] 418224K->354752K(723456K), 0.0016457 secs] [Times: user=0.01 sys=0.00, real=0.00 secs] 
648.007: [GC (Allocation Failure) [PSYoungGen: 65069K->1632K(65536K)] 418240K->354802K(723456K), 0.0017639 secs] [Times: user=0.00 sys=0.00, real=0.00 secs] 
648.541: [GC (Allocation Failure) [PSYoungGen: 65120K->1392K(65536K)] 418290K->354562K(723456K), 0.0018948 secs] [Times: user=0.01 sys=0.00, real=0.00 secs] 
649.063: [GC (Allocation Failure) [PSYoungGen: 64880K->1376K(65536K)] 418050K->354546K(723456K), 0.0019540 secs] [Times: user=0.01 sys=0.00, real=0.00 secs] 
649.793: [GC (Allocation Failure) [PSYoungGen: 64864K->1376K(65536K)] 418034K->354546K(723456K), 0.0020572 secs] [Times: user=0.01 sys=0.00, real=0.00 secs] 
650.472: [GC (Allocation Failure) [PSYoungGen: 64864K->1376K(65536K)] 418034K->354546K(723456K), 0.0026999 secs] [Times: user=0.02 sys=0.00, real=0.00 secs] 
650.967: [GC (Allocation Failure) [PSYoungGen: 64864K->1549K(65536K)] 418034K->354720K(723456K), 0.0015493 secs] [Times: user=0.01 sys=0.00, real=0.00 secs] 
651.350: [GC (Allocation Failure) [PSYoungGen: 65028K->1629K(65536K)] 418199K->354800K(723456K), 0.0015590 secs] [Times: user=0.01 sys=0.00, real=0.00 secs] 
651.734: [GC (Allocation Failure) [PSYoungGen: 65117K->1549K(65536K)] 418288K->354736K(723456K), 0.0016905 secs] [Times: user=0.01 sys=0.00, real=0.00 secs] 
652.117: [GC (Allocation Failure) [PSYoungGen: 65037K->1549K(65536K)] 418224K->354736K(723456K), 0.0015928 secs] [Times: user=0.01 sys=0.00, real=0.00 secs] 
652.629: [GC (Allocation Failure) [PSYoungGen: 65037K->1408K(65536K)] 418224K->354594K(723456K), 0.0018435 secs] [Times: user=0.01 sys=0.00, real=0.00 secs] 
653.201: [GC (Allocation Failure) [PSYoungGen: 64896K->1376K(65536K)] 418082K->354578K(723456K), 0.0041385 secs] [Times: user=0.02 sys=0.00, real=0.00 secs] 
653.758: [GC (Allocation Failure) [PSYoungGen: 64864K->1376K(65536K)] 418066K->354578K(723456K), 0.0031717 secs] [Times: user=0.02 sys=0.00, real=0.00 secs] 
654.021: [GC (Allocation Failure) [PSYoungGen: 64864K->1376K(65536K)] 418066K->354578K(723456K), 0.0022314 secs] [Times: user=0.01 sys=0.00, real=0.00 secs] 
654.399: [GC (Allocation Failure) [PSYoungGen: 64864K->1437K(65536K)] 418066K->354640K(723456K), 0.0015314 secs] [Times: user=0.01 sys=0.00, real=0.00 secs] 
654.783: [GC (Allocation Failure) [PSYoungGen: 64925K->1565K(65536K)] 418128K->354768K(723456K), 0.0016798 secs] [Times: user=0.00 sys=0.00, real=0.00 secs] 
655.166: [GC (Allocation Failure) [PSYoungGen: 65053K->1533K(65536K)] 418256K->354752K(723456K), 0.0016555 secs] [Times: user=0.01 sys=0.00, real=0.00 secs] 
655.559: [GC (Allocation Failure) [PSYoungGen: 65021K->1517K(65536K)] 418240K->354736K(723456K), 0.0016207 secs] [Times: user=0.01 sys=0.00, real=0.00 secs] 
656.121: [GC (Allocation Failure) [PSYoungGen: 65005K->1440K(65536K)] 418224K->354658K(723456K), 0.0021970 secs] [Times: user=0.00 sys=0.00, real=0.00 secs] 
656.730: [GC (Allocation Failure) [PSYoungGen: 64928K->1376K(65536K)] 418146K->354594K(723456K), 0.0020971 secs] [Times: user=0.01 sys=0.00, real=0.00 secs] 
657.612: [GC (Allocation Failure) [PSYoungGen: 64864K->1376K(65536K)] 418082K->354594K(723456K), 0.0019968 secs] [Times: user=0.01 sys=0.00, real=0.00 secs] 
658.290: [GC (Allocation Failure) [PSYoungGen: 64864K->1376K(65536K)] 418082K->354594K(723456K), 0.0046618 secs] [Times: user=0.02 sys=0.00, real=0.00 secs] 
658.942: [GC (Allocation Failure) [PSYoungGen: 64864K->1456K(65536K)] 418082K->354675K(723456K), 0.0022904 secs] [Times: user=0.01 sys=0.00, real=0.00 secs] 
659.379: [GC (Allocation Failure) [PSYoungGen: 64944K->1597K(65536K)] 418163K->354816K(723456K), 0.0016805 secs] [Times: user=0.01 sys=0.00, real=0.00 secs] 
659.763: [GC (Allocation Failure) [PSYoungGen: 65085K->1536K(65536K)] 418304K->354755K(723456K), 0.0016425 secs] [Times: user=0.00 sys=0.00, real=0.00 secs] 
660.147: [GC (Allocation Failure) [PSYoungGen: 65024K->1565K(65536K)] 418243K->354792K(723456K), 0.0017938 secs] [Times: user=0.01 sys=0.00, real=0.00 secs] 
660.666: [GC (Allocation Failure) [PSYoungGen: 65053K->1504K(65536K)] 418280K->355754K(723456K), 0.0022662 secs] [Times: user=0.01 sys=0.00, real=0.01 secs] 
661.516: [GC (Allocation Failure) [PSYoungGen: 64992K->416K(65536K)] 419242K->354666K(723456K), 0.0047153 secs] [Times: user=0.02 sys=0.00, real=0.01 secs] 
662.065: [GC (Allocation Failure) [PSYoungGen: 63904K->384K(65536K)] 418154K->354634K(723456K), 0.0026046 secs] [Times: user=0.01 sys=0.00, real=0.01 secs] 
662.609: [GC (Allocation Failure) [PSYoungGen: 63872K->384K(65536K)] 418122K->354634K(723456K), 0.0026746 secs] [Times: user=0.01 sys=0.00, real=0.00 secs] 
662.950: [GC (Allocation Failure) [PSYoungGen: 63872K->352K(66048K)] 418122K->354602K(723968K), 0.0018555 secs] [Times: user=0.01 sys=0.00, real=0.00 secs] 
663.332: [GC (Allocation Failure) [PSYoungGen: 63840K->1517K(66048K)] 418090K->355768K(723968K), 0.0016689 secs] [Times: user=0.00 sys=0.00, real=0.00 secs] 
663.716: [GC (Allocation Failure) [PSYoungGen: 65005K->1517K(66048K)] 419256K->355792K(723968K), 0.0016354 secs] [Times: user=0.01 sys=0.00, real=0.00 secs] 
664.100: [GC (Allocation Failure) [PSYoungGen: 64983K->1549K(66048K)] 419258K->355832K(723968K), 0.0016580 secs] [Times: user=0.01 sys=0.00, real=0.00 secs] 
664.485: [GC (Allocation Failure) [PSYoungGen: 65037K->1597K(66048K)] 419320K->355880K(723968K), 0.0015845 secs] [Times: user=0.01 sys=0.00, real=0.01 secs] 
665.379: [GC (Allocation Failure) [PSYoungGen: 65085K->1376K(66048K)] 419368K->355658K(723968K), 0.0045913 secs] [Times: user=0.02 sys=0.00, real=0.00 secs] 
665.878: [GC (Allocation Failure) [PSYoungGen: 64864K->1408K(66048K)] 419146K->355690K(723968K), 0.0026016 secs] [Times: user=0.02 sys=0.00, real=0.00 secs] 
666.352: [GC (Allocation Failure) [PSYoungGen: 64896K->1392K(66048K)] 419178K->355674K(723968K), 0.0026619 secs] [Times: user=0.01 sys=0.00, real=0.00 secs] 
666.830: [GC (Allocation Failure) [PSYoungGen: 64880K->1376K(66048K)] 419162K->355658K(723968K), 0.0026329 secs] [Times: user=0.01 sys=0.00, real=0.00 secs] 
667.338: [GC (Allocation Failure) [PSYoungGen: 64864K->1485K(66048K)] 419146K->355768K(723968K), 0.0016796 secs] [Times: user=0.01 sys=0.00, real=0.00 secs] 
667.721: [GC (Allocation Failure) [PSYoungGen: 64973K->1501K(66048K)] 419256K->355784K(723968K), 0.0016146 secs] [Times: user=0.00 sys=0.00, real=0.00 secs] 
668.104: [GC (Allocation Failure) [PSYoungGen: 64989K->1565K(66048K)] 419272K->355864K(723968K), 0.0017393 secs] [Times: user=0.01 sys=0.00, real=0.00 secs] 
668.489: [GC (Allocation Failure) [PSYoungGen: 65053K->1581K(66048K)] 419352K->355880K(723968K), 0.0016973 secs] [Times: user=0.00 sys=0.00, real=0.00 secs] 
669.627: [GC (Allocation Failure) [PSYoungGen: 65069K->1456K(65024K)] 419368K->355762K(722944K), 0.0033076 secs] [Times: user=0.01 sys=0.00, real=0.00 secs] 
669.882: [GC (Allocation Failure) [PSYoungGen: 64944K->1392K(65536K)] 419250K->355698K(723456K), 0.0024726 secs] [Times: user=0.01 sys=0.00, real=0.00 secs] 
670.160: [GC (Allocation Failure) [PSYoungGen: 64880K->1408K(65536K)] 419186K->355714K(723456K), 0.0020958 secs] [Times: user=0.01 sys=0.00, real=0.00 secs] 
670.423: [GC (Allocation Failure) [PSYoungGen: 64896K->1408K(65536K)] 419202K->355714K(723456K), 0.0020331 secs] [Times: user=0.01 sys=0.00, real=0.00 secs] 
670.743: [GC (Allocation Failure) [PSYoungGen: 64896K->1517K(65536K)] 419202K->355824K(723456K), 0.0015779 secs] [Times: user=0.01 sys=0.00, real=0.00 secs] 
671.128: [GC (Allocation Failure) [PSYoungGen: 65005K->1581K(65536K)] 419312K->355888K(723456K), 0.0017102 secs] [Times: user=0.00 sys=0.00, real=0.00 secs] 
671.512: [GC (Allocation Failure) [PSYoungGen: 65038K->1597K(65536K)] 419345K->355904K(723456K), 0.0016635 secs] [Times: user=0.01 sys=0.00, real=0.00 secs] 
671.894: [GC (Allocation Failure) [PSYoungGen: 65085K->1584K(65536K)] 419392K->355923K(723456K), 0.0019304 secs] [Times: user=0.00 sys=0.00, real=0.01 secs] 
672.501: [GC (Allocation Failure) [PSYoungGen: 65072K->1456K(65536K)] 419411K->355818K(723456K), 0.0018414 secs] [Times: user=0.00 sys=0.00, real=0.00 secs] 
673.219: [GC (Allocation Failure) [PSYoungGen: 64944K->1376K(65536K)] 419306K->355738K(723456K), 0.0021149 secs] [Times: user=0.01 sys=0.00, real=0.00 secs] 
673.753: [GC (Allocation Failure) [PSYoungGen: 64864K->1408K(65536K)] 419226K->355770K(723456K), 0.0020582 secs] [Times: user=0.01 sys=0.00, real=0.00 secs] 
674.109: [GC (Allocation Failure) [PSYoungGen: 64896K->1376K(65536K)] 419258K->355738K(723456K), 0.0021598 secs] [Times: user=0.01 sys=0.00, real=0.00 secs] 
674.564: [GC (Allocation Failure) [PSYoungGen: 64864K->1344K(65536K)] 419226K->355706K(723456K), 0.0021979 secs] [Times: user=0.01 sys=0.00, real=0.01 secs] 
675.006: [GC (Allocation Failure) [PSYoungGen: 64832K->1581K(65536K)] 419194K->355944K(723456K), 0.0016299 secs] [Times: user=0.01 sys=0.00, real=0.00 secs] 
675.390: [GC (Allocation Failure) [PSYoungGen: 65053K->1613K(65536K)] 419415K->355976K(723456K), 0.0016024 secs] [Times: user=0.01 sys=0.00, real=0.00 secs] 
675.775: [GC (Allocation Failure) [PSYoungGen: 65085K->1552K(65536K)] 419448K->355939K(723456K), 0.0016166 secs] [Times: user=0.01 sys=0.00, real=0.01 secs] 
677.024: [GC (Allocation Failure) [PSYoungGen: 65040K->2032K(65536K)] 419427K->356931K(723456K), 0.0044333 secs] [Times: user=0.01 sys=0.00, real=0.01 secs] 
677.866: [GC (Allocation Failure) [PSYoungGen: 65520K->1376K(65536K)] 420419K->356274K(723456K), 0.0032553 secs] [Times: user=0.02 sys=0.00, real=0.00 secs] 
678.380: [GC (Allocation Failure) [PSYoungGen: 64864K->1376K(65536K)] 419762K->356274K(723456K), 0.0027482 secs] [Times: user=0.01 sys=0.01, real=0.00 secs] 
678.680: [GC (Allocation Failure) [PSYoungGen: 64864K->1376K(65536K)] 419762K->356274K(723456K), 0.0021648 secs] [Times: user=0.01 sys=0.00, real=0.00 secs] 
679.067: [GC (Allocation Failure) [PSYoungGen: 64864K->1408K(65536K)] 419762K->356306K(723456K), 0.0021493 secs] [Times: user=0.01 sys=0.00, real=0.00 secs] 
679.581: [GC (Allocation Failure) [PSYoungGen: 64896K->1533K(65536K)] 419794K->356432K(723456K), 0.0016604 secs] [Times: user=0.01 sys=0.00, real=0.00 secs] 
679.964: [GC (Allocation Failure) [PSYoungGen: 65021K->1565K(65536K)] 419920K->356464K(723456K), 0.0017754 secs] [Times: user=0.00 sys=0.00, real=0.00 secs] 
680.348: [GC (Allocation Failure) [PSYoungGen: 65038K->1565K(65536K)] 419937K->356480K(723456K), 0.0017045 secs] [Times: user=0.00 sys=0.00, real=0.00 secs] 
680.791: [GC (Allocation Failure) [PSYoungGen: 65053K->1581K(65536K)] 419968K->356496K(723456K), 0.0016338 secs] [Times: user=0.00 sys=0.00, real=0.00 secs] 
681.110: [GC (Allocation Failure) [PSYoungGen: 65069K->1408K(65536K)] 419984K->356322K(723456K), 0.0027742 secs] [Times: user=0.01 sys=0.00, real=0.00 secs] 
681.369: [GC (Allocation Failure) [PSYoungGen: 64896K->1392K(65536K)] 419810K->356307K(723456K), 0.0021224 secs] [Times: user=0.01 sys=0.00, real=0.00 secs] 
681.633: [GC (Allocation Failure) [PSYoungGen: 64880K->1408K(65536K)] 419795K->356322K(723456K), 0.0020439 secs] [Times: user=0.01 sys=0.00, real=0.00 secs] 
681.897: [GC (Allocation Failure) [PSYoungGen: 64896K->1376K(65536K)] 419810K->356290K(723456K), 0.0020994 secs] [Times: user=0.01 sys=0.00, real=0.00 secs] 
682.242: [GC (Allocation Failure) [PSYoungGen: 64864K->1533K(65536K)] 419778K->356448K(723456K), 0.0015183 secs] [Times: user=0.01 sys=0.00, real=0.00 secs] 
682.683: [GC (Allocation Failure) [PSYoungGen: 65021K->1533K(65536K)] 419936K->356464K(723456K), 0.0017619 secs] [Times: user=0.01 sys=0.00, real=0.00 secs] 
683.066: [GC (Allocation Failure) [PSYoungGen: 65021K->1520K(65536K)] 419952K->356467K(723456K), 0.0017022 secs] [Times: user=0.00 sys=0.00, real=0.00 secs] 
683.448: [GC (Allocation Failure) [PSYoungGen: 65008K->1565K(65536K)] 419955K->356512K(723456K), 0.0017775 secs] [Times: user=0.01 sys=0.00, real=0.00 secs] 
684.097: [GC (Allocation Failure) [PSYoungGen: 65053K->1408K(65536K)] 420000K->356362K(723456K), 0.0042872 secs] [Times: user=0.01 sys=0.00, real=0.00 secs] 
684.432: [GC (Allocation Failure) [PSYoungGen: 64896K->1376K(65536K)] 419850K->356330K(723456K), 0.0021438 secs] [Times: user=0.01 sys=0.00, real=0.00 secs] 
684.742: [GC (Allocation Failure) [PSYoungGen: 64864K->1408K(65536K)] 419818K->356362K(723456K), 0.0020541 secs] [Times: user=0.01 sys=0.00, real=0.00 secs] 
685.012: [GC (Allocation Failure) [PSYoungGen: 64896K->1376K(65536K)] 419850K->356330K(723456K), 0.0020736 secs] [Times: user=0.01 sys=0.00, real=0.00 secs] 
685.410: [GC (Allocation Failure) [PSYoungGen: 64864K->1456K(65536K)] 419818K->356411K(723456K), 0.0019134 secs] [Times: user=0.01 sys=0.00, real=0.00 secs] 
685.800: [GC (Allocation Failure) [PSYoungGen: 64944K->1645K(65536K)] 419899K->356600K(723456K), 0.0017660 secs] [Times: user=0.01 sys=0.00, real=0.00 secs] 
686.191: [GC (Allocation Failure) [PSYoungGen: 65133K->1581K(65536K)] 420088K->356536K(723456K), 0.0016138 secs] [Times: user=0.01 sys=0.00, real=0.00 secs] 
686.576: [GC (Allocation Failure) [PSYoungGen: 65069K->1549K(65536K)] 420024K->356520K(723456K), 0.0016588 secs] [Times: user=0.00 sys=0.00, real=0.01 secs] 
687.860: [GC (Allocation Failure) [PSYoungGen: 65037K->1440K(65536K)] 420008K->356418K(723456K), 0.0049065 secs] [Times: user=0.02 sys=0.00, real=0.00 secs] 
688.778: [GC (Allocation Failure) [PSYoungGen: 64928K->1424K(65536K)] 419906K->356403K(723456K), 0.0031567 secs] [Times: user=0.01 sys=0.00, real=0.00 secs] 
689.233: [GC (Allocation Failure) [PSYoungGen: 64912K->1408K(65536K)] 419891K->356386K(723456K), 0.0024227 secs] [Times: user=0.01 sys=0.00, real=0.00 secs] 
689.522: [GC (Allocation Failure) [PSYoungGen: 64896K->1408K(65536K)] 419874K->356386K(723456K), 0.0021896 secs] [Times: user=0.01 sys=0.00, real=0.00 secs] 
689.785: [GC (Allocation Failure) [PSYoungGen: 64896K->1376K(65536K)] 419874K->356354K(723456K), 0.0022671 secs] [Times: user=0.01 sys=0.00, real=0.01 secs] 
690.186: [GC (Allocation Failure) [PSYoungGen: 64864K->1581K(65536K)] 419842K->356560K(723456K), 0.0015666 secs] [Times: user=0.01 sys=0.00, real=0.01 secs] 
690.569: [GC (Allocation Failure) [PSYoungGen: 65069K->1600K(65536K)] 420048K->356579K(723456K), 0.0016842 secs] [Times: user=0.01 sys=0.00, real=0.00 secs] 
690.953: [GC (Allocation Failure) [PSYoungGen: 65088K->1533K(65536K)] 420067K->356520K(723456K), 0.0016669 secs] [Times: user=0.00 sys=0.00, real=0.00 secs] 
691.737: [GC (Allocation Failure) [PSYoungGen: 64732K->2000K(65536K)] 419719K->356987K(723456K), 0.0027007 secs] [Times: user=0.01 sys=0.00, real=0.00 secs] 
693.003: [GC (Allocation Failure) [PSYoungGen: 65488K->1360K(65536K)] 420475K->356347K(723456K), 0.0026197 secs] [Times: user=0.01 sys=0.00, real=0.00 secs] 
693.882: [GC (Allocation Failure) [PSYoungGen: 64848K->1376K(65536K)] 419835K->356362K(723456K), 0.0028850 secs] [Times: user=0.01 sys=0.01, real=0.00 secs] 
694.508: [GC (Allocation Failure) [PSYoungGen: 64864K->1376K(65536K)] 419850K->356362K(723456K), 0.0026756 secs] [Times: user=0.01 sys=0.00, real=0.00 secs] 
695.139: [GC (Allocation Failure) [PSYoungGen: 64864K->1344K(65536K)] 419850K->356354K(723456K), 0.0024546 secs] [Times: user=0.01 sys=0.00, real=0.00 secs] 
695.781: [GC (Allocation Failure) [PSYoungGen: 64832K->1581K(65536K)] 419842K->356592K(723456K), 0.0015570 secs] [Times: user=0.00 sys=0.00, real=0.00 secs] 
696.165: [GC (Allocation Failure) [PSYoungGen: 65069K->1565K(65536K)] 420080K->356576K(723456K), 0.0016534 secs] [Times: user=0.01 sys=0.00, real=0.01 secs] 
696.557: [GC (Allocation Failure) [PSYoungGen: 65053K->1629K(65536K)] 420064K->356648K(723456K), 0.0015709 secs] [Times: user=0.00 sys=0.00, real=0.00 secs] 
697.003: [GC (Allocation Failure) [PSYoungGen: 65117K->1549K(65536K)] 420136K->356568K(723456K), 0.0016980 secs] [Times: user=0.01 sys=0.00, real=0.00 secs] 
697.831: [GC (Allocation Failure) [PSYoungGen: 65037K->1408K(65536K)] 420056K->356426K(723456K), 0.0023884 secs] [Times: user=0.01 sys=0.00, real=0.00 secs] 
698.611: [GC (Allocation Failure) [PSYoungGen: 64896K->1408K(65536K)] 419914K->356426K(723456K), 0.0046153 secs] [Times: user=0.02 sys=0.00, real=0.00 secs] 
699.125: [GC (Allocation Failure) [PSYoungGen: 64896K->1408K(65536K)] 419914K->356426K(723456K), 0.0027409 secs] [Times: user=0.02 sys=0.00, real=0.01 secs] 
699.654: [GC (Allocation Failure) [PSYoungGen: 64896K->1376K(65536K)] 419914K->356394K(723456K), 0.0040604 secs] [Times: user=0.01 sys=0.00, real=0.01 secs] 
700.250: [GC (Allocation Failure) [PSYoungGen: 64864K->1456K(65536K)] 419882K->356475K(723456K), 0.0016265 secs] [Times: user=0.01 sys=0.00, real=0.00 secs] 
700.632: [GC (Allocation Failure) [PSYoungGen: 64944K->1549K(65536K)] 419963K->356568K(723456K), 0.0016357 secs] [Times: user=0.01 sys=0.00, real=0.00 secs] 
701.017: [GC (Allocation Failure) [PSYoungGen: 65037K->1517K(65536K)] 420056K->356544K(723456K), 0.0016518 secs] [Times: user=0.00 sys=0.00, real=0.00 secs] 
701.402: [GC (Allocation Failure) [PSYoungGen: 65005K->1613K(65536K)] 420032K->356640K(723456K), 0.0018237 secs] [Times: user=0.00 sys=0.00, real=0.00 secs] 
701.930: [GC (Allocation Failure) [PSYoungGen: 65101K->1440K(65536K)] 420128K->356466K(723456K), 0.0018751 secs] [Times: user=0.01 sys=0.00, real=0.00 secs] 
702.489: [GC (Allocation Failure) [PSYoungGen: 64928K->1408K(65536K)] 419954K->356434K(723456K), 0.0021671 secs] [Times: user=0.01 sys=0.00, real=0.00 secs] 
703.072: [GC (Allocation Failure) [PSYoungGen: 64896K->1344K(65536K)] 419922K->356370K(723456K), 0.0024962 secs] [Times: user=0.00 sys=0.00, real=0.00 secs] 
703.684: [GC (Allocation Failure) [PSYoungGen: 64832K->1408K(65536K)] 419858K->356458K(723456K), 0.0032974 secs] [Times: user=0.01 sys=0.00, real=0.01 secs] 
704.055: [GC (Allocation Failure) [PSYoungGen: 64896K->1504K(65536K)] 419946K->356555K(723456K), 0.0022169 secs] [Times: user=0.01 sys=0.00, real=0.01 secs] 
704.447: [GC (Allocation Failure) [PSYoungGen: 64992K->1568K(65536K)] 420043K->356619K(723456K), 0.0017176 secs] [Times: user=0.01 sys=0.00, real=0.00 secs] 
704.834: [GC (Allocation Failure) [PSYoungGen: 65056K->1565K(65536K)] 420107K->356616K(723456K), 0.0016642 secs] [Times: user=0.01 sys=0.00, real=0.00 secs] 
705.216: [GC (Allocation Failure) [PSYoungGen: 65053K->1581K(65536K)] 420104K->356648K(723456K), 0.0015776 secs] [Times: user=0.01 sys=0.00, real=0.00 secs] 
705.700: [GC (Allocation Failure) [PSYoungGen: 65069K->1472K(65536K)] 420136K->356546K(723456K), 0.0020143 secs] [Times: user=0.01 sys=0.00, real=0.00 secs] 
706.372: [GC (Allocation Failure) [PSYoungGen: 64960K->1376K(65536K)] 420034K->356450K(723456K), 0.0020962 secs] [Times: user=0.01 sys=0.00, real=0.00 secs] 
706.930: [GC (Allocation Failure) [PSYoungGen: 64864K->1424K(65536K)] 419938K->356499K(723456K), 0.0022407 secs] [Times: user=0.01 sys=0.00, real=0.00 secs] 
707.494: [GC (Allocation Failure) [PSYoungGen: 64912K->1376K(65536K)] 419987K->356450K(723456K), 0.0027239 secs] [Times: user=0.01 sys=0.00, real=0.01 secs] 
708.106: [GC (Allocation Failure) [PSYoungGen: 64864K->1408K(65536K)] 419938K->356482K(723456K), 0.0027750 secs] [Times: user=0.02 sys=0.00, real=0.00 secs] 
708.615: [GC (Allocation Failure) [PSYoungGen: 64896K->1517K(65536K)] 419970K->356592K(723456K), 0.0016823 secs] [Times: user=0.00 sys=0.00, real=0.01 secs] 
708.998: [GC (Allocation Failure) [PSYoungGen: 65005K->1517K(65536K)] 420080K->356592K(723456K), 0.0016883 secs] [Times: user=0.01 sys=0.00, real=0.00 secs] 
709.465: [GC (Allocation Failure) [PSYoungGen: 65005K->1549K(65536K)] 420080K->356632K(723456K), 0.0017909 secs] [Times: user=0.01 sys=0.00, real=0.01 secs] 
709.848: [GC (Allocation Failure) [PSYoungGen: 65037K->368K(65536K)] 420120K->355450K(723456K), 0.0017469 secs] [Times: user=0.00 sys=0.00, real=0.00 secs] 
710.161: [GC (Allocation Failure) [PSYoungGen: 63856K->1408K(65536K)] 418938K->356490K(723456K), 0.0024064 secs] [Times: user=0.01 sys=0.00, real=0.00 secs] 
710.438: [GC (Allocation Failure) [PSYoungGen: 64896K->1360K(65536K)] 419978K->356443K(723456K), 0.0020627 secs] [Times: user=0.01 sys=0.00, real=0.00 secs] 
710.745: [GC (Allocation Failure) [PSYoungGen: 64848K->1376K(65536K)] 419931K->356458K(723456K), 0.0017918 secs] [Times: user=0.01 sys=0.00, real=0.01 secs] 
711.054: [GC (Allocation Failure) [PSYoungGen: 64864K->1376K(65536K)] 419946K->356458K(723456K), 0.0021865 secs] [Times: user=0.01 sys=0.00, real=0.00 secs] 
711.407: [GC (Allocation Failure) [PSYoungGen: 64864K->1517K(65536K)] 419946K->356600K(723456K), 0.0015313 secs] [Times: user=0.01 sys=0.00, real=0.00 secs] 
711.790: [GC (Allocation Failure) [PSYoungGen: 65005K->1581K(65536K)] 420088K->356664K(723456K), 0.0017078 secs] [Times: user=0.00 sys=0.00, real=0.00 secs] 
712.172: [GC (Allocation Failure) [PSYoungGen: 65047K->1549K(65536K)] 420130K->356672K(723456K), 0.0015974 secs] [Times: user=0.01 sys=0.00, real=0.00 secs] 
712.553: [GC (Allocation Failure) [PSYoungGen: 65037K->1629K(65536K)] 420160K->356752K(723456K), 0.0016881 secs] [Times: user=0.00 sys=0.00, real=0.00 secs] 
712.857: [GC (Allocation Failure) [PSYoungGen: 65117K->1376K(65536K)] 420240K->356498K(723456K), 0.0018585 secs] [Times: user=0.01 sys=0.00, real=0.00 secs] 
713.121: [GC (Allocation Failure) [PSYoungGen: 64864K->1344K(65536K)] 419986K->356466K(723456K), 0.0019069 secs] [Times: user=0.01 sys=0.00, real=0.00 secs] 
713.384: [GC (Allocation Failure) [PSYoungGen: 64832K->1344K(65536K)] 419954K->356466K(723456K), 0.0018991 secs] [Times: user=0.01 sys=0.00, real=0.01 secs] 
713.657: [GC (Allocation Failure) [PSYoungGen: 64832K->1376K(65536K)] 419954K->356498K(723456K), 0.0020533 secs] [Times: user=0.01 sys=0.00, real=0.00 secs] 
714.070: [GC (Allocation Failure) [PSYoungGen: 64864K->1424K(65536K)] 419986K->356547K(723456K), 0.0030955 secs] [Times: user=0.01 sys=0.00, real=0.00 secs] 
714.480: [GC (Allocation Failure) [PSYoungGen: 64912K->1549K(65536K)] 420035K->356672K(723456K), 0.0016628 secs] [Times: user=0.01 sys=0.00, real=0.00 secs] 
714.863: [GC (Allocation Failure) [PSYoungGen: 65037K->1565K(65536K)] 420160K->356688K(723456K), 0.0017012 secs] [Times: user=0.01 sys=0.00, real=0.00 secs] 
715.245: [GC (Allocation Failure) [PSYoungGen: 65053K->1565K(65536K)] 420176K->356704K(723456K), 0.0016783 secs] [Times: user=0.00 sys=0.00, real=0.01 secs] 
715.714: [GC (Allocation Failure) [PSYoungGen: 65053K->1520K(65536K)] 420192K->356667K(723456K), 0.0033318 secs] [Times: user=0.01 sys=0.00, real=0.01 secs] 
716.244: [GC (Allocation Failure) [PSYoungGen: 65008K->1376K(65536K)] 420155K->356522K(723456K), 0.0027415 secs] [Times: user=0.01 sys=0.00, real=0.01 secs] 
716.757: [GC (Allocation Failure) [PSYoungGen: 64864K->1376K(65536K)] 420010K->356522K(723456K), 0.0038476 secs] [Times: user=0.02 sys=0.00, real=0.00 secs] 
717.407: [GC (Allocation Failure) [PSYoungGen: 64864K->1376K(65536K)] 420010K->356522K(723456K), 0.0035983 secs] [Times: user=0.02 sys=0.00, real=0.00 secs] 
717.855: [GC (Allocation Failure) [PSYoungGen: 64864K->1517K(65536K)] 420010K->356664K(723456K), 0.0024573 secs] [Times: user=0.01 sys=0.00, real=0.01 secs] 
718.358: [GC (Allocation Failure) [PSYoungGen: 65005K->1565K(65536K)] 420152K->356712K(723456K), 0.0016891 secs] [Times: user=0.01 sys=0.00, real=0.00 secs] 
718.741: [GC (Allocation Failure) [PSYoungGen: 65053K->1616K(65536K)] 420200K->356763K(723456K), 0.0017565 secs] [Times: user=0.00 sys=0.00, real=0.00 secs] 
719.124: [GC (Allocation Failure) [PSYoungGen: 65104K->1549K(65536K)] 420251K->356704K(723456K), 0.0016840 secs] [Times: user=0.01 sys=0.00, real=0.01 secs] 
719.717: [GC (Allocation Failure) [PSYoungGen: 65037K->1520K(65536K)] 420192K->357707K(723456K), 0.0021770 secs] [Times: user=0.01 sys=0.00, real=0.00 secs] 
720.805: [GC (Allocation Failure) [PSYoungGen: 65008K->336K(65536K)] 421195K->356523K(723456K), 0.0022352 secs] [Times: user=0.01 sys=0.00, real=0.01 secs] 
721.627: [GC (Allocation Failure) [PSYoungGen: 63824K->384K(65536K)] 420011K->356570K(723456K), 0.0020865 secs] [Times: user=0.01 sys=0.00, real=0.00 secs] 
722.440: [GC (Allocation Failure) [PSYoungGen: 63872K->384K(65536K)] 420058K->356570K(723456K), 0.0032130 secs] [Times: user=0.02 sys=0.00, real=0.00 secs] 
722.754: [GC (Allocation Failure) [PSYoungGen: 63872K->368K(66048K)] 420058K->356555K(723968K), 0.0020537 secs] [Times: user=0.01 sys=0.00, real=0.00 secs] 
723.167: [GC (Allocation Failure) [PSYoungGen: 63856K->1485K(66048K)] 420043K->357672K(723968K), 0.0016517 secs] [Times: user=0.00 sys=0.00, real=0.00 secs] 
723.553: [GC (Allocation Failure) [PSYoungGen: 64973K->1597K(66048K)] 421160K->357784K(723968K), 0.0017598 secs] [Times: user=0.00 sys=0.00, real=0.00 secs] 
724.012: [GC (Allocation Failure) [PSYoungGen: 65085K->1581K(66048K)] 421272K->357800K(723968K), 0.0015952 secs] [Times: user=0.00 sys=0.00, real=0.00 secs] 
724.397: [GC (Allocation Failure) [PSYoungGen: 65069K->1613K(66048K)] 421288K->357832K(723968K), 0.0017236 secs] [Times: user=0.01 sys=0.00, real=0.00 secs] 
725.719: [GC (Allocation Failure) [PSYoungGen: 65101K->1408K(66048K)] 421320K->357627K(723968K), 0.0025764 secs] [Times: user=0.01 sys=0.00, real=0.00 secs] 
725.991: [GC (Allocation Failure) [PSYoungGen: 64896K->1408K(66048K)] 421115K->357627K(723968K), 0.0020694 secs] [Times: user=0.01 sys=0.00, real=0.00 secs] 
726.263: [GC (Allocation Failure) [PSYoungGen: 64896K->1376K(66048K)] 421115K->357595K(723968K), 0.0020418 secs] [Times: user=0.01 sys=0.00, real=0.00 secs] 
726.543: [GC (Allocation Failure) [PSYoungGen: 64864K->1376K(66048K)] 421083K->357595K(723968K), 0.0021479 secs] [Times: user=0.01 sys=0.00, real=0.00 secs] 
726.993: [GC (Allocation Failure) [PSYoungGen: 64864K->1549K(66048K)] 421083K->357768K(723968K), 0.0020007 secs] [Times: user=0.01 sys=0.00, real=0.00 secs] 
727.385: [GC (Allocation Failure) [PSYoungGen: 65037K->1549K(66048K)] 421256K->357768K(723968K), 0.0016970 secs] [Times: user=0.01 sys=0.00, real=0.01 secs] 
727.822: [GC (Allocation Failure) [PSYoungGen: 65037K->1613K(66048K)] 421256K->357848K(723968K), 0.0019175 secs] [Times: user=0.00 sys=0.00, real=0.00 secs] 
728.284: [GC (Allocation Failure) [PSYoungGen: 65101K->1549K(66048K)] 421336K->357784K(723968K), 0.0017600 secs] [Times: user=0.00 sys=0.00, real=0.00 secs] 
728.803: [GC (Allocation Failure) [PSYoungGen: 65037K->1440K(66048K)] 421272K->357675K(723968K), 0.0042010 secs] [Times: user=0.02 sys=0.00, real=0.01 secs] 
729.740: [GC (Allocation Failure) [PSYoungGen: 64928K->1440K(65024K)] 421163K->357683K(722944K), 0.0032374 secs] [Times: user=0.01 sys=0.00, real=0.00 secs] 
730.244: [GC (Allocation Failure) [PSYoungGen: 64928K->1408K(65536K)] 421171K->357651K(723456K), 0.0023552 secs] [Times: user=0.01 sys=0.00, real=0.01 secs] 
730.770: [GC (Allocation Failure) [PSYoungGen: 64896K->1376K(65536K)] 421139K->357619K(723456K), 0.0023577 secs] [Times: user=0.01 sys=0.00, real=0.00 secs] 
731.329: [GC (Allocation Failure) [PSYoungGen: 64864K->1517K(65536K)] 421107K->357768K(723456K), 0.0015436 secs] [Times: user=0.01 sys=0.00, real=0.00 secs] 
731.714: [GC (Allocation Failure) [PSYoungGen: 65005K->1565K(65536K)] 421256K->357816K(723456K), 0.0018503 secs] [Times: user=0.01 sys=0.00, real=0.01 secs] 
732.098: [GC (Allocation Failure) [PSYoungGen: 65049K->1549K(65536K)] 421300K->357800K(723456K), 0.0017805 secs] [Times: user=0.00 sys=0.00, real=0.00 secs] 
732.480: [GC (Allocation Failure) [PSYoungGen: 65037K->1581K(65536K)] 421288K->357856K(723456K), 0.0016943 secs] [Times: user=0.01 sys=0.00, real=0.00 secs] 
732.812: [GC (Allocation Failure) [PSYoungGen: 65069K->1504K(65536K)] 421344K->357779K(723456K), 0.0016851 secs] [Times: user=0.01 sys=0.00, real=0.00 secs] 
733.106: [GC (Allocation Failure) [PSYoungGen: 64992K->1408K(65536K)] 421267K->357683K(723456K), 0.0019589 secs] [Times: user=0.00 sys=0.00, real=0.01 secs] 
733.379: [GC (Allocation Failure) [PSYoungGen: 64896K->1360K(65536K)] 421171K->357635K(723456K), 0.0018744 secs] [Times: user=0.01 sys=0.00, real=0.00 secs] 
733.643: [GC (Allocation Failure) [PSYoungGen: 64848K->1344K(65536K)] 421123K->357619K(723456K), 0.0019210 secs] [Times: user=0.01 sys=0.00, real=0.00 secs] 
733.906: [GC (Allocation Failure) [PSYoungGen: 64832K->1344K(65536K)] 421107K->357619K(723456K), 0.0020223 secs] [Times: user=0.01 sys=0.00, real=0.01 secs] 
734.303: [GC (Allocation Failure) [PSYoungGen: 64832K->1581K(65536K)] 421107K->357856K(723456K), 0.0015372 secs] [Times: user=0.01 sys=0.00, real=0.00 secs] 
734.690: [GC (Allocation Failure) [PSYoungGen: 65069K->1629K(65536K)] 421344K->357904K(723456K), 0.0016079 secs] [Times: user=0.00 sys=0.00, real=0.00 secs] 
735.072: [GC (Allocation Failure) [PSYoungGen: 65085K->1581K(65536K)] 421360K->357872K(723456K), 0.0016278 secs] [Times: user=0.01 sys=0.00, real=0.00 secs] 
735.712: [GC (Allocation Failure) [PSYoungGen: 65069K->2032K(65536K)] 421360K->358339K(723456K), 0.0024995 secs] [Times: user=0.01 sys=0.00, real=0.00 secs] 
736.474: [GC (Allocation Failure) [PSYoungGen: 65520K->1376K(65536K)] 421827K->357683K(723456K), 0.0035478 secs] [Times: user=0.01 sys=0.00, real=0.01 secs] 
737.044: [GC (Allocation Failure) [PSYoungGen: 64864K->1376K(65536K)] 421171K->357683K(723456K), 0.0025703 secs] [Times: user=0.01 sys=0.00, real=0.01 secs] 
737.318: [GC (Allocation Failure) [PSYoungGen: 64864K->1376K(65536K)] 421171K->357691K(723456K), 0.0023289 secs] [Times: user=0.01 sys=0.00, real=0.00 secs] 
737.591: [GC (Allocation Failure) [PSYoungGen: 64864K->1376K(65536K)] 421179K->357691K(723456K), 0.0019670 secs] [Times: user=0.01 sys=0.00, real=0.00 secs] 
737.957: [GC (Allocation Failure) [PSYoungGen: 64864K->1549K(65536K)] 421179K->357864K(723456K), 0.0015746 secs] [Times: user=0.01 sys=0.00, real=0.00 secs] 
738.342: [GC (Allocation Failure) [PSYoungGen: 65037K->1565K(65536K)] 421352K->357880K(723456K), 0.0017090 secs] [Times: user=0.00 sys=0.00, real=0.00 secs] 
738.781: [GC (Allocation Failure) [PSYoungGen: 65030K->1613K(65536K)] 421345K->357936K(723456K), 0.0017020 secs] [Times: user=0.00 sys=0.00, real=0.00 secs] 
739.163: [GC (Allocation Failure) [PSYoungGen: 65101K->1581K(65536K)] 421424K->357904K(723456K), 0.0016013 secs] [Times: user=0.01 sys=0.00, real=0.00 secs] 
739.474: [GC (Allocation Failure) [PSYoungGen: 65069K->1392K(65536K)] 421392K->357715K(723456K), 0.0023169 secs] [Times: user=0.01 sys=0.00, real=0.01 secs] 
739.738: [GC (Allocation Failure) [PSYoungGen: 64880K->1344K(65536K)] 421203K->357667K(723456K), 0.0022100 secs] [Times: user=0.01 sys=0.00, real=0.00 secs] 
740.073: [GC (Allocation Failure) [PSYoungGen: 64832K->1376K(65536K)] 421155K->357699K(723456K), 0.0021044 secs] [Times: user=0.01 sys=0.00, real=0.00 secs] 
740.337: [GC (Allocation Failure) [PSYoungGen: 64864K->1424K(65536K)] 421187K->357747K(723456K), 0.0020644 secs] [Times: user=0.00 sys=0.00, real=0.00 secs] 
740.772: [GC (Allocation Failure) [PSYoungGen: 64912K->1533K(65536K)] 421235K->357864K(723456K), 0.0017668 secs] [Times: user=0.01 sys=0.00, real=0.00 secs] 
741.157: [GC (Allocation Failure) [PSYoungGen: 65021K->1600K(65536K)] 421352K->357931K(723456K), 0.0016471 secs] [Times: user=0.01 sys=0.00, real=0.00 secs] 
741.540: [GC (Allocation Failure) [PSYoungGen: 65057K->1581K(65536K)] 421388K->357936K(723456K), 0.0016466 secs] [Times: user=0.01 sys=0.00, real=0.00 secs] 
741.922: [GC (Allocation Failure) [PSYoungGen: 65069K->1533K(65536K)] 421424K->357888K(723456K), 0.0017222 secs] [Times: user=0.01 sys=0.00, real=0.00 secs] 
742.457: [GC (Allocation Failure) [PSYoungGen: 65021K->1472K(65536K)] 421376K->357835K(723456K), 0.0021267 secs] [Times: user=0.01 sys=0.00, real=0.00 secs] 
742.980: [GC (Allocation Failure) [PSYoungGen: 64960K->1376K(65536K)] 421323K->357747K(723456K), 0.0035062 secs] [Times: user=0.01 sys=0.00, real=0.00 secs] 
743.501: [GC (Allocation Failure) [PSYoungGen: 64864K->1392K(65536K)] 421235K->357763K(723456K), 0.0027586 secs] [Times: user=0.01 sys=0.00, real=0.00 secs] 
744.075: [GC (Allocation Failure) [PSYoungGen: 64880K->1344K(65536K)] 421251K->357715K(723456K), 0.0026469 secs] [Times: user=0.01 sys=0.00, real=0.01 secs] 
744.640: [GC (Allocation Failure) [PSYoungGen: 64832K->1501K(65536K)] 421203K->357880K(723456K), 0.0019461 secs] [Times: user=0.01 sys=0.00, real=0.00 secs] 
745.030: [GC (Allocation Failure) [PSYoungGen: 64989K->1581K(65536K)] 421368K->357960K(723456K), 0.0017070 secs] [Times: user=0.01 sys=0.00, real=0.00 secs] 
745.413: [GC (Allocation Failure) [PSYoungGen: 65052K->1581K(65536K)] 421431K->357960K(723456K), 0.0016674 secs] [Times: user=0.00 sys=0.00, real=0.00 secs] 
745.797: [GC (Allocation Failure) [PSYoungGen: 65046K->1565K(65536K)] 421425K->357960K(723456K), 0.0016139 secs] [Times: user=0.01 sys=0.00, real=0.00 secs] 
746.407: [GC (Allocation Failure) [PSYoungGen: 65053K->1472K(65536K)] 421448K->357867K(723456K), 0.0020377 secs] [Times: user=0.01 sys=0.00, real=0.00 secs] 
747.312: [GC (Allocation Failure) [PSYoungGen: 64960K->1408K(65536K)] 421355K->357803K(723456K), 0.0032284 secs] [Times: user=0.01 sys=0.00, real=0.00 secs] 
748.080: [GC (Allocation Failure) [PSYoungGen: 64896K->1408K(65536K)] 421291K->357803K(723456K), 0.0041496 secs] [Times: user=0.01 sys=0.00, real=0.00 secs] 
748.824: [GC (Allocation Failure) [PSYoungGen: 64896K->1376K(65536K)] 421291K->357779K(723456K), 0.0041917 secs] [Times: user=0.01 sys=0.00, real=0.01 secs] 
749.536: [GC (Allocation Failure) [PSYoungGen: 64864K->1408K(65536K)] 421267K->357811K(723456K), 0.0044258 secs] [Times: user=0.02 sys=0.00, real=0.01 secs] 
750.054: [GC (Allocation Failure) [PSYoungGen: 64896K->1613K(65536K)] 421299K->358016K(723456K), 0.0016083 secs] [Times: user=0.00 sys=0.00, real=0.00 secs] 
750.445: [GC (Allocation Failure) [PSYoungGen: 65101K->1565K(65536K)] 421504K->357968K(723456K), 0.0016592 secs] [Times: user=0.00 sys=0.00, real=0.01 secs] 
750.831: [GC (Allocation Failure) [PSYoungGen: 65053K->1549K(65536K)] 421456K->357968K(723456K), 0.0016884 secs] [Times: user=0.00 sys=0.00, real=0.00 secs] 
751.622: [GC (Allocation Failure) [PSYoungGen: 65037K->1776K(65536K)] 421456K->358195K(723456K), 0.0025166 secs] [Times: user=0.01 sys=0.00, real=0.00 secs] 
753.254: [GC (Allocation Failure) [PSYoungGen: 65264K->1376K(65536K)] 421683K->357795K(723456K), 0.0042846 secs] [Times: user=0.02 sys=0.00, real=0.01 secs] 
754.348: [GC (Allocation Failure) [PSYoungGen: 64864K->1344K(65536K)] 421283K->357763K(723456K), 0.0036667 secs] [Times: user=0.02 sys=0.00, real=0.00 secs] 
755.087: [GC (Allocation Failure) [PSYoungGen: 64832K->1376K(65536K)] 421251K->357803K(723456K), 0.0035951 secs] [Times: user=0.02 sys=0.00, real=0.00 secs] 
755.588: [GC (Allocation Failure) [PSYoungGen: 64864K->1344K(65536K)] 421291K->357771K(723456K), 0.0022218 secs] [Times: user=0.01 sys=0.00, real=0.00 secs] 
755.968: [GC (Allocation Failure) [PSYoungGen: 64832K->1536K(65536K)] 421259K->357963K(723456K), 0.0018456 secs] [Times: user=0.01 sys=0.00, real=0.00 secs] 
756.363: [GC (Allocation Failure) [PSYoungGen: 65024K->1533K(65536K)] 421451K->357968K(723456K), 0.0022460 secs] [Times: user=0.01 sys=0.00, real=0.00 secs] 
756.755: [GC (Allocation Failure) [PSYoungGen: 65021K->1549K(65536K)] 421456K->358000K(723456K), 0.0015519 secs] [Times: user=0.00 sys=0.00, real=0.01 secs] 
757.220: [GC (Allocation Failure) [PSYoungGen: 65037K->1629K(65536K)] 421488K->358080K(723456K), 0.0017114 secs] [Times: user=0.01 sys=0.00, real=0.00 secs] 
758.247: [GC (Allocation Failure) [PSYoungGen: 65117K->1408K(65536K)] 421568K->357859K(723456K), 0.0045981 secs] [Times: user=0.02 sys=0.00, real=0.00 secs] 
759.020: [GC (Allocation Failure) [PSYoungGen: 64896K->1360K(65536K)] 421347K->357811K(723456K), 0.0046690 secs] [Times: user=0.02 sys=0.00, real=0.00 secs] 
759.617: [GC (Allocation Failure) [PSYoungGen: 64848K->1408K(65536K)] 421299K->357859K(723456K), 0.0040643 secs] [Times: user=0.01 sys=0.00, real=0.00 secs] 
760.237: [GC (Allocation Failure) [PSYoungGen: 64896K->1376K(65536K)] 421347K->357827K(723456K), 0.0032961 secs] [Times: user=0.01 sys=0.00, real=0.00 secs] 
760.811: [GC (Allocation Failure) [PSYoungGen: 64864K->1501K(65536K)] 421315K->357952K(723456K), 0.0015406 secs] [Times: user=0.00 sys=0.00, real=0.00 secs] 
761.209: [GC (Allocation Failure) [PSYoungGen: 64989K->1568K(65536K)] 421440K->358019K(723456K), 0.0015199 secs] [Times: user=0.00 sys=0.00, real=0.00 secs] 
761.601: [GC (Allocation Failure) [PSYoungGen: 65056K->1568K(65536K)] 421507K->358027K(723456K), 0.0017653 secs] [Times: user=0.01 sys=0.00, real=0.00 secs] 
762.002: [GC (Allocation Failure) [PSYoungGen: 65056K->1552K(65536K)] 421515K->358011K(723456K), 0.0015774 secs] [Times: user=0.01 sys=0.00, real=0.00 secs] 
762.741: [GC (Allocation Failure) [PSYoungGen: 65040K->1456K(65536K)] 421499K->357915K(723456K), 0.0021089 secs] [Times: user=0.01 sys=0.00, real=0.00 secs] 
763.417: [GC (Allocation Failure) [PSYoungGen: 64944K->1376K(65536K)] 421403K->357835K(723456K), 0.0024018 secs] [Times: user=0.01 sys=0.00, real=0.00 secs] 
763.949: [GC (Allocation Failure) [PSYoungGen: 64864K->1392K(65536K)] 421323K->357875K(723456K), 0.0021255 secs] [Times: user=0.01 sys=0.00, real=0.00 secs] 
764.861: [GC (Allocation Failure) [PSYoungGen: 64880K->1344K(65536K)] 421363K->357827K(723456K), 0.0030624 secs] [Times: user=0.01 sys=0.00, real=0.00 secs] 
765.763: [GC (Allocation Failure) [PSYoungGen: 64832K->1485K(65536K)] 421315K->357968K(723456K), 0.0021880 secs] [Times: user=0.01 sys=0.00, real=0.00 secs] 
766.260: [GC (Allocation Failure) [PSYoungGen: 64973K->1565K(65536K)] 421456K->358048K(723456K), 0.0016058 secs] [Times: user=0.00 sys=0.00, real=0.00 secs] 
766.649: [GC (Allocation Failure) [PSYoungGen: 65053K->1581K(65536K)] 421536K->358064K(723456K), 0.0015085 secs] [Times: user=0.00 sys=0.00, real=0.00 secs] 
767.040: [GC (Allocation Failure) [PSYoungGen: 65069K->1584K(65536K)] 421552K->358083K(723456K), 0.0017876 secs] [Times: user=0.01 sys=0.00, real=0.00 secs] 
767.449: [GC (Allocation Failure) [PSYoungGen: 65072K->1536K(65536K)] 421571K->358035K(723456K), 0.0023851 secs] [Times: user=0.01 sys=0.00, real=0.00 secs] 
767.848: [GC (Allocation Failure) [PSYoungGen: 65024K->1376K(65536K)] 421523K->357875K(723456K), 0.0022132 secs] [Times: user=0.01 sys=0.00, real=0.00 secs] 
768.129: [GC (Allocation Failure) [PSYoungGen: 64864K->1408K(65536K)] 421363K->357907K(723456K), 0.0020589 secs] [Times: user=0.01 sys=0.00, real=0.00 secs] 
768.406: [GC (Allocation Failure) [PSYoungGen: 64896K->1408K(65536K)] 421395K->357907K(723456K), 0.0021164 secs] [Times: user=0.01 sys=0.00, real=0.01 secs] 
768.686: [GC (Allocation Failure) [PSYoungGen: 64896K->1408K(65536K)] 421395K->357907K(723456K), 0.0021067 secs] [Times: user=0.01 sys=0.00, real=0.01 secs] 
769.082: [GC (Allocation Failure) [PSYoungGen: 64896K->1565K(65536K)] 421395K->358064K(723456K), 0.0016506 secs] [Times: user=0.01 sys=0.00, real=0.00 secs] 
769.483: [GC (Allocation Failure) [PSYoungGen: 65053K->1533K(65536K)] 421552K->358032K(723456K), 0.0016631 secs] [Times: user=0.00 sys=0.00, real=0.00 secs] 
769.875: [GC (Allocation Failure) [PSYoungGen: 65021K->1565K(65536K)] 421520K->358080K(723456K), 0.0016912 secs] [Times: user=0.00 sys=0.00, real=0.01 secs] 
770.253: [GC (Allocation Failure) [PSYoungGen: 65028K->288K(65536K)] 421543K->356803K(723456K), 0.0015124 secs] [Times: user=0.01 sys=0.00, real=0.00 secs] 
770.601: [GC (Allocation Failure) [PSYoungGen: 63776K->1408K(65536K)] 420291K->357923K(723456K), 0.0019365 secs] [Times: user=0.01 sys=0.00, real=0.00 secs] 
771.077: [GC (Allocation Failure) [PSYoungGen: 64896K->1376K(65536K)] 421411K->357891K(723456K), 0.0019584 secs] [Times: user=0.01 sys=0.00, real=0.00 secs] 
771.583: [GC (Allocation Failure) [PSYoungGen: 64864K->1376K(65536K)] 421379K->357915K(723456K), 0.0025261 secs] [Times: user=0.01 sys=0.00, real=0.00 secs] 
772.182: [GC (Allocation Failure) [PSYoungGen: 64864K->1360K(65536K)] 421403K->357899K(723456K), 0.0027335 secs] [Times: user=0.01 sys=0.00, real=0.00 secs] 
772.700: [GC (Allocation Failure) [PSYoungGen: 64848K->1501K(65536K)] 421387K->358040K(723456K), 0.0016718 secs] [Times: user=0.01 sys=0.00, real=0.00 secs] 
773.141: [GC (Allocation Failure) [PSYoungGen: 64989K->1581K(65536K)] 421528K->358120K(723456K), 0.0015967 secs] [Times: user=0.01 sys=0.00, real=0.00 secs] 
773.531: [GC (Allocation Failure) [PSYoungGen: 65069K->1517K(65536K)] 421608K->358064K(723456K), 0.0015814 secs] [Times: user=0.00 sys=0.00, real=0.00 secs] 
773.919: [GC (Allocation Failure) [PSYoungGen: 65005K->1565K(65536K)] 421552K->358112K(723456K), 0.0014795 secs] [Times: user=0.01 sys=0.00, real=0.00 secs] 
774.428: [GC (Allocation Failure) [PSYoungGen: 65053K->1376K(65536K)] 421600K->357923K(723456K), 0.0031180 secs] [Times: user=0.01 sys=0.00, real=0.00 secs] 
774.693: [GC (Allocation Failure) [PSYoungGen: 64864K->1360K(65536K)] 421411K->357907K(723456K), 0.0019189 secs] [Times: user=0.01 sys=0.00, real=0.00 secs] 
774.958: [GC (Allocation Failure) [PSYoungGen: 64848K->1408K(65536K)] 421395K->357955K(723456K), 0.0019056 secs] [Times: user=0.01 sys=0.00, real=0.00 secs] 
775.221: [GC (Allocation Failure) [PSYoungGen: 64896K->1376K(65536K)] 421443K->357923K(723456K), 0.0020785 secs] [Times: user=0.01 sys=0.00, real=0.00 secs] 
775.604: [GC (Allocation Failure) [PSYoungGen: 64864K->1485K(65536K)] 421411K->358032K(723456K), 0.0015117 secs] [Times: user=0.01 sys=0.00, real=0.00 secs] 
776.065: [GC (Allocation Failure) [PSYoungGen: 64973K->1597K(65536K)] 421520K->358144K(723456K), 0.0017984 secs] [Times: user=0.01 sys=0.00, real=0.01 secs] 
776.455: [GC (Allocation Failure) [PSYoungGen: 65081K->1629K(65536K)] 421628K->358184K(723456K), 0.0016445 secs] [Times: user=0.01 sys=0.00, real=0.01 secs] 
776.902: [GC (Allocation Failure) [PSYoungGen: 65117K->1581K(65536K)] 421672K->358144K(723456K), 0.0017028 secs] [Times: user=0.01 sys=0.00, real=0.00 secs] 
777.262: [GC (Allocation Failure) [PSYoungGen: 65069K->1472K(65536K)] 421632K->358043K(723456K), 0.0022513 secs] [Times: user=0.01 sys=0.00, real=0.00 secs] 
777.550: [GC (Allocation Failure) [PSYoungGen: 64960K->1408K(65536K)] 421531K->357979K(723456K), 0.0021291 secs] [Times: user=0.01 sys=0.00, real=0.00 secs] 
777.839: [GC (Allocation Failure) [PSYoungGen: 64896K->1376K(65536K)] 421467K->357947K(723456K), 0.0021846 secs] [Times: user=0.01 sys=0.00, real=0.00 secs] 
778.103: [GC (Allocation Failure) [PSYoungGen: 64864K->1392K(65536K)] 421435K->357963K(723456K), 0.0020641 secs] [Times: user=0.01 sys=0.00, real=0.00 secs] 
778.538: [GC (Allocation Failure) [PSYoungGen: 64880K->1501K(65536K)] 421451K->358072K(723456K), 0.0022715 secs] [Times: user=0.01 sys=0.00, real=0.00 secs] 
778.978: [GC (Allocation Failure) [PSYoungGen: 64989K->1549K(65536K)] 421560K->358120K(723456K), 0.0016180 secs] [Times: user=0.00 sys=0.00, real=0.00 secs] 
779.367: [GC (Allocation Failure) [PSYoungGen: 65037K->1581K(65536K)] 421608K->358152K(723456K), 0.0017694 secs] [Times: user=0.01 sys=0.00, real=0.00 secs] 
779.754: [GC (Allocation Failure) [PSYoungGen: 65069K->1536K(65536K)] 421640K->358115K(723456K), 0.0017507 secs] [Times: user=0.01 sys=0.00, real=0.01 secs] 
780.418: [GC (Allocation Failure) [PSYoungGen: 65024K->1456K(65536K)] 421603K->360091K(723456K), 0.0044554 secs] [Times: user=0.01 sys=0.00, real=0.00 secs] 
781.200: [GC (Allocation Failure) [PSYoungGen: 64944K->352K(65536K)] 423579K->358987K(723456K), 0.0022952 secs] [Times: user=0.01 sys=0.00, real=0.00 secs] 
781.730: [GC (Allocation Failure) [PSYoungGen: 63840K->416K(65536K)] 422475K->359051K(723456K), 0.0020872 secs] [Times: user=0.01 sys=0.01, real=0.00 secs] 
782.264: [GC (Allocation Failure) [PSYoungGen: 63904K->384K(65536K)] 422539K->359043K(723456K), 0.0022088 secs] [Times: user=0.01 sys=0.00, real=0.01 secs] 
782.637: [GC (Allocation Failure) [PSYoungGen: 63872K->384K(66048K)] 422531K->359043K(723968K), 0.0019368 secs] [Times: user=0.00 sys=0.00, real=0.00 secs] 
783.021: [GC (Allocation Failure) [PSYoungGen: 63872K->1517K(66048K)] 422531K->360176K(723968K), 0.0016606 secs] [Times: user=0.00 sys=0.00, real=0.00 secs] 
783.464: [GC (Allocation Failure) [PSYoungGen: 65005K->1565K(66048K)] 423664K->360224K(723968K), 0.0015785 secs] [Times: user=0.01 sys=0.00, real=0.00 secs] 
783.851: [GC (Allocation Failure) [PSYoungGen: 65053K->1549K(66048K)] 423712K->360224K(723968K), 0.0016313 secs] [Times: user=0.01 sys=0.00, real=0.00 secs] 
784.294: [GC (Allocation Failure) [PSYoungGen: 65005K->1549K(66048K)] 423680K->360224K(723968K), 0.0016620 secs] [Times: user=0.00 sys=0.00, real=0.00 secs] 
784.591: [GC (Allocation Failure) [PSYoungGen: 65037K->1408K(66048K)] 423712K->360091K(723968K), 0.0021820 secs] [Times: user=0.01 sys=0.00, real=0.00 secs] 
784.855: [GC (Allocation Failure) [PSYoungGen: 64896K->1376K(66048K)] 423579K->360059K(723968K), 0.0020769 secs] [Times: user=0.01 sys=0.00, real=0.01 secs] 
785.119: [GC (Allocation Failure) [PSYoungGen: 64864K->1376K(66048K)] 423547K->360059K(723968K), 0.0019390 secs] [Times: user=0.01 sys=0.00, real=0.00 secs] 
785.451: [GC (Allocation Failure) [PSYoungGen: 64864K->1376K(66048K)] 423547K->360059K(723968K), 0.0021597 secs] [Times: user=0.01 sys=0.00, real=0.00 secs] 
785.941: [GC (Allocation Failure) [PSYoungGen: 64864K->1517K(66048K)] 423547K->360200K(723968K), 0.0015766 secs] [Times: user=0.01 sys=0.00, real=0.00 secs] 
786.329: [GC (Allocation Failure) [PSYoungGen: 65005K->1597K(66048K)] 423688K->360280K(723968K), 0.0016542 secs] [Times: user=0.00 sys=0.00, real=0.00 secs] 
786.714: [GC (Allocation Failure) [PSYoungGen: 65085K->1581K(66048K)] 423768K->360280K(723968K), 0.0016135 secs] [Times: user=0.00 sys=0.00, real=0.00 secs] 
787.098: [GC (Allocation Failure) [PSYoungGen: 65069K->1613K(66048K)] 423768K->360312K(723968K), 0.0017314 secs] [Times: user=0.01 sys=0.00, real=0.00 secs] 
787.417: [GC (Allocation Failure) [PSYoungGen: 65101K->1392K(66048K)] 423800K->360091K(723968K), 0.0018812 secs] [Times: user=0.00 sys=0.00, real=0.00 secs] 
787.694: [GC (Allocation Failure) [PSYoungGen: 64880K->1408K(65024K)] 423579K->360107K(722944K), 0.0016132 secs] [Times: user=0.01 sys=0.00, real=0.00 secs] 
787.957: [GC (Allocation Failure) [PSYoungGen: 64896K->1376K(65536K)] 423595K->360075K(723456K), 0.0015880 secs] [Times: user=0.01 sys=0.00, real=0.00 secs] 
788.321: [GC (Allocation Failure) [PSYoungGen: 64864K->1376K(65536K)] 423563K->360075K(723456K), 0.0016571 secs] [Times: user=0.01 sys=0.00, real=0.00 secs] 
788.771: [GC (Allocation Failure) [PSYoungGen: 64864K->1469K(65536K)] 423563K->360168K(723456K), 0.0015340 secs] [Times: user=0.01 sys=0.00, real=0.00 secs] 
789.156: [GC (Allocation Failure) [PSYoungGen: 64957K->1629K(65536K)] 423656K->360328K(723456K), 0.0016678 secs] [Times: user=0.00 sys=0.00, real=0.01 secs] 
789.541: [GC (Allocation Failure) [PSYoungGen: 65087K->1581K(65536K)] 423786K->360280K(723456K), 0.0020165 secs] [Times: user=0.00 sys=0.00, real=0.00 secs] 
790.008: [GC (Allocation Failure) [PSYoungGen: 65069K->1501K(65536K)] 423768K->360216K(723456K), 0.0018171 secs] [Times: user=0.01 sys=0.00, real=0.00 secs] 
790.372: [GC (Allocation Failure) [PSYoungGen: 64989K->1440K(65536K)] 423704K->360155K(723456K), 0.0023904 secs] [Times: user=0.01 sys=0.00, real=0.00 secs] 
790.638: [GC (Allocation Failure) [PSYoungGen: 64928K->1440K(65536K)] 423643K->360155K(723456K), 0.0019202 secs] [Times: user=0.00 sys=0.00, real=0.00 secs] 
790.902: [GC (Allocation Failure) [PSYoungGen: 64928K->1408K(65536K)] 423643K->360123K(723456K), 0.0020924 secs] [Times: user=0.01 sys=0.00, real=0.00 secs] 
791.216: [GC (Allocation Failure) [PSYoungGen: 64896K->1376K(65536K)] 423611K->360107K(723456K), 0.0020504 secs] [Times: user=0.01 sys=0.00, real=0.01 secs] 
791.789: [GC (Allocation Failure) [PSYoungGen: 64736K->240K(65536K)] 423467K->358971K(723456K), 0.0045166 secs] [Times: user=0.02 sys=0.00, real=0.00 secs] 
792.299: [GC (Allocation Failure) [PSYoungGen: 63728K->1517K(65536K)] 422459K->360248K(723456K), 0.0015976 secs] [Times: user=0.01 sys=0.00, real=0.00 secs] 
792.690: [GC (Allocation Failure) [PSYoungGen: 64998K->1597K(65536K)] 423729K->360328K(723456K), 0.0016797 secs] [Times: user=0.01 sys=0.00, real=0.00 secs] 
793.077: [GC (Allocation Failure) [PSYoungGen: 65085K->1597K(65536K)] 423816K->360336K(723456K), 0.0017147 secs] [Times: user=0.00 sys=0.01, real=0.00 secs] 
793.478: [GC (Allocation Failure) [PSYoungGen: 65085K->1472K(65536K)] 423824K->361235K(723456K), 0.0021212 secs] [Times: user=0.00 sys=0.00, real=0.00 secs] 
793.797: [GC (Allocation Failure) [PSYoungGen: 64960K->352K(65024K)] 424723K->360115K(722944K), 0.0017918 secs] [Times: user=0.00 sys=0.00, real=0.00 secs] 
794.079: [GC (Allocation Failure) [PSYoungGen: 63328K->384K(65536K)] 423091K->360147K(723456K), 0.0016399 secs] [Times: user=0.01 sys=0.00, real=0.00 secs] 
794.374: [GC (Allocation Failure) [PSYoungGen: 63360K->352K(65536K)] 423123K->360115K(723456K), 0.0018103 secs] [Times: user=0.00 sys=0.00, real=0.01 secs] 
794.838: [GC (Allocation Failure) [PSYoungGen: 63328K->288K(65536K)] 423091K->360051K(723456K), 0.0021676 secs] [Times: user=0.01 sys=0.00, real=0.00 secs] 
795.392: [GC (Allocation Failure) [PSYoungGen: 63264K->1485K(65536K)] 423027K->361248K(723456K), 0.0015129 secs] [Times: user=0.01 sys=0.00, real=0.00 secs] 
795.778: [GC (Allocation Failure) [PSYoungGen: 64461K->1597K(65536K)] 424224K->361360K(723456K), 0.0016190 secs] [Times: user=0.01 sys=0.00, real=0.00 secs] 
796.174: [GC (Allocation Failure) [PSYoungGen: 64573K->1520K(65536K)] 424336K->361291K(723456K), 0.0016277 secs] [Times: user=0.01 sys=0.00, real=0.00 secs] 
796.559: [GC (Allocation Failure) [PSYoungGen: 64487K->1565K(65536K)] 424258K->361336K(723456K), 0.0015405 secs] [Times: user=0.01 sys=0.00, real=0.00 secs] 
797.042: [GC (Allocation Failure) [PSYoungGen: 64541K->1408K(65536K)] 424312K->361179K(723456K), 0.0028380 secs] [Times: user=0.01 sys=0.00, real=0.00 secs] 
797.330: [GC (Allocation Failure) [PSYoungGen: 64384K->1392K(65536K)] 424155K->361163K(723456K), 0.0019929 secs] [Times: user=0.01 sys=0.00, real=0.00 secs] 
797.626: [GC (Allocation Failure) [PSYoungGen: 64368K->1424K(65536K)] 424139K->361195K(723456K), 0.0022439 secs] [Times: user=0.01 sys=0.00, real=0.01 secs] 
797.942: [GC (Allocation Failure) [PSYoungGen: 64400K->1376K(65536K)] 424171K->361147K(723456K), 0.0021054 secs] [Times: user=0.00 sys=0.00, real=0.00 secs] 
798.289: [GC (Allocation Failure) [PSYoungGen: 64336K->1504K(65536K)] 424107K->361275K(723456K), 0.0014551 secs] [Times: user=0.01 sys=0.00, real=0.00 secs] 
798.674: [GC (Allocation Failure) [PSYoungGen: 64480K->1549K(65536K)] 424251K->361320K(723456K), 0.0016147 secs] [Times: user=0.01 sys=0.00, real=0.00 secs] 
799.064: [GC (Allocation Failure) [PSYoungGen: 64525K->1597K(65536K)] 424296K->361376K(723456K), 0.0016085 secs] [Times: user=0.01 sys=0.00, real=0.00 secs] 
799.448: [GC (Allocation Failure) [PSYoungGen: 64554K->1597K(65536K)] 424333K->361376K(723456K), 0.0016672 secs] [Times: user=0.00 sys=0.00, real=0.00 secs] 
800.341: [GC (Allocation Failure) [PSYoungGen: 64573K->1472K(65536K)] 424352K->361251K(723456K), 0.0023165 secs] [Times: user=0.01 sys=0.00, real=0.00 secs] 
800.614: [GC (Allocation Failure) [PSYoungGen: 64448K->1344K(65536K)] 424227K->361123K(723456K), 0.0019365 secs] [Times: user=0.01 sys=0.00, real=0.00 secs] 
800.932: [GC (Allocation Failure) [PSYoungGen: 64320K->1408K(64512K)] 424099K->361187K(722432K), 0.0020489 secs] [Times: user=0.01 sys=0.00, real=0.00 secs] 
801.194: [GC (Allocation Failure) [PSYoungGen: 64384K->1360K(65024K)] 424163K->361139K(722944K), 0.0019497 secs] [Times: user=0.01 sys=0.00, real=0.00 secs] 
801.507: [GC (Allocation Failure) [PSYoungGen: 64336K->1469K(65024K)] 424115K->361264K(722944K), 0.0019561 secs] [Times: user=0.01 sys=0.00, real=0.00 secs] 
801.894: [GC (Allocation Failure) [PSYoungGen: 64445K->1549K(65024K)] 424240K->361344K(722944K), 0.0015902 secs] [Times: user=0.00 sys=0.00, real=0.00 secs] 
802.273: [GC (Allocation Failure) [PSYoungGen: 64525K->1597K(65024K)] 424320K->361392K(722944K), 0.0016848 secs] [Times: user=0.01 sys=0.00, real=0.00 secs] 
802.653: [GC (Allocation Failure) [PSYoungGen: 64573K->1581K(65024K)] 424368K->361384K(722944K), 0.0016472 secs] [Times: user=0.01 sys=0.00, real=0.00 secs] 
803.051: [GC (Allocation Failure) [PSYoungGen: 64557K->1968K(64512K)] 424360K->362283K(722432K), 0.0019783 secs] [Times: user=0.01 sys=0.00, real=0.00 secs] 
803.310: [GC (Allocation Failure) [PSYoungGen: 64432K->1408K(65024K)] 424747K->361723K(722944K), 0.0017722 secs] [Times: user=0.01 sys=0.00, real=0.00 secs] 
803.569: [GC (Allocation Failure) [PSYoungGen: 63872K->1376K(64000K)] 424187K->361691K(721920K), 0.0028139 secs] [Times: user=0.01 sys=0.00, real=0.00 secs] 
804.062: [GC (Allocation Failure) [PSYoungGen: 63840K->1376K(64512K)] 424155K->361691K(722432K), 0.0039077 secs] [Times: user=0.02 sys=0.00, real=0.01 secs] 
804.576: [GC (Allocation Failure) [PSYoungGen: 63840K->1344K(64512K)] 424155K->361659K(722432K), 0.0020657 secs] [Times: user=0.01 sys=0.00, real=0.01 secs] 
805.057: [GC (Allocation Failure) [PSYoungGen: 63808K->1517K(64512K)] 424123K->361832K(722432K), 0.0016257 secs] [Times: user=0.01 sys=0.00, real=0.00 secs] 
805.432: [GC (Allocation Failure) [PSYoungGen: 63981K->1533K(64512K)] 424296K->361848K(722432K), 0.0016247 secs] [Times: user=0.01 sys=0.00, real=0.00 secs] 
805.878: [GC (Allocation Failure) [PSYoungGen: 63997K->1549K(64512K)] 424312K->361872K(722432K), 0.0016690 secs] [Times: user=0.01 sys=0.00, real=0.00 secs] 
806.253: [GC (Allocation Failure) [PSYoungGen: 64013K->1549K(64512K)] 424336K->361872K(722432K), 0.0017076 secs] [Times: user=0.00 sys=0.00, real=0.00 secs] 
806.566: [GC (Allocation Failure) [PSYoungGen: 64013K->1376K(64512K)] 424336K->361699K(722432K), 0.0029910 secs] [Times: user=0.01 sys=0.00, real=0.01 secs] 
806.826: [GC (Allocation Failure) [PSYoungGen: 63840K->1408K(64512K)] 424163K->361731K(722432K), 0.0025002 secs] [Times: user=0.01 sys=0.00, real=0.00 secs] 
807.086: [GC (Allocation Failure) [PSYoungGen: 63872K->1392K(64512K)] 424195K->361715K(722432K), 0.0018469 secs] [Times: user=0.01 sys=0.00, real=0.00 secs] 
807.378: [GC (Allocation Failure) [PSYoungGen: 63856K->1376K(64512K)] 424179K->361699K(722432K), 0.0019670 secs] [Times: user=0.00 sys=0.00, real=0.00 secs] 
807.857: [GC (Allocation Failure) [PSYoungGen: 63840K->1453K(64512K)] 424163K->361784K(722432K), 0.0017056 secs] [Times: user=0.00 sys=0.00, real=0.00 secs] 
808.232: [GC (Allocation Failure) [PSYoungGen: 63917K->1613K(64512K)] 424248K->361944K(722432K), 0.0016155 secs] [Times: user=0.00 sys=0.00, real=0.00 secs] 
808.606: [GC (Allocation Failure) [PSYoungGen: 64077K->1549K(64512K)] 424408K->361896K(722432K), 0.0016733 secs] [Times: user=0.01 sys=0.00, real=0.01 secs] 
808.994: [GC (Allocation Failure) [PSYoungGen: 64013K->1565K(64512K)] 424360K->361912K(722432K), 0.0016737 secs] [Times: user=0.01 sys=0.00, real=0.00 secs] 
809.352: [GC (Allocation Failure) [PSYoungGen: 64029K->1488K(64512K)] 424376K->361835K(722432K), 0.0020835 secs] [Times: user=0.00 sys=0.00, real=0.00 secs] 
809.611: [GC (Allocation Failure) [PSYoungGen: 63952K->1376K(64512K)] 424299K->361723K(722432K), 0.0017790 secs] [Times: user=0.01 sys=0.00, real=0.00 secs] 
809.911: [GC (Allocation Failure) [PSYoungGen: 63840K->1408K(64512K)] 424187K->361755K(722432K), 0.0018098 secs] [Times: user=0.00 sys=0.01, real=0.00 secs] 
810.273: [GC (Allocation Failure) [PSYoungGen: 63872K->1344K(64512K)] 424219K->361691K(722432K), 0.0020652 secs] [Times: user=0.01 sys=0.00, real=0.00 secs] 
810.938: [GC (Allocation Failure) [PSYoungGen: 63808K->1376K(64512K)] 424155K->361723K(722432K), 0.0020692 secs] [Times: user=0.01 sys=0.00, real=0.00 secs] 
811.448: [GC (Allocation Failure) [PSYoungGen: 63840K->1581K(64512K)] 424187K->361960K(722432K), 0.0016740 secs] [Times: user=0.01 sys=0.00, real=0.00 secs] 
811.829: [GC (Allocation Failure) [PSYoungGen: 64045K->1597K(64512K)] 424424K->361976K(722432K), 0.0015572 secs] [Times: user=0.01 sys=0.00, real=0.00 secs] 
812.286: [GC (Allocation Failure) [PSYoungGen: 64061K->1533K(64512K)] 424440K->361928K(722432K), 0.0015876 secs] [Times: user=0.01 sys=0.00, real=0.01 secs] 
812.671: [GC (Allocation Failure) [PSYoungGen: 63997K->1597K(64512K)] 424392K->361992K(722432K), 0.0016219 secs] [Times: user=0.01 sys=0.00, real=0.00 secs] 
813.004: [GC (Allocation Failure) [PSYoungGen: 64061K->1440K(64512K)] 424456K->361835K(722432K), 0.0027506 secs] [Times: user=0.01 sys=0.00, real=0.01 secs] 
813.296: [GC (Allocation Failure) [PSYoungGen: 63904K->1376K(64512K)] 424299K->361771K(722432K), 0.0021503 secs] [Times: user=0.01 sys=0.00, real=0.00 secs] 
813.570: [GC (Allocation Failure) [PSYoungGen: 63840K->1360K(64512K)] 424235K->361763K(722432K), 0.0022492 secs] [Times: user=0.01 sys=0.00, real=0.00 secs] 
813.835: [GC (Allocation Failure) [PSYoungGen: 63824K->1408K(64512K)] 424227K->361811K(722432K), 0.0039047 secs] [Times: user=0.01 sys=0.00, real=0.01 secs] 
814.299: [GC (Allocation Failure) [PSYoungGen: 63872K->1408K(64512K)] 424275K->361811K(722432K), 0.0015291 secs] [Times: user=0.00 sys=0.00, real=0.00 secs] 
814.684: [GC (Allocation Failure) [PSYoungGen: 63872K->1517K(64512K)] 424275K->361920K(722432K), 0.0016700 secs] [Times: user=0.00 sys=0.00, real=0.00 secs] 
815.137: [GC (Allocation Failure) [PSYoungGen: 63981K->1533K(64512K)] 424384K->361952K(722432K), 0.0016358 secs] [Times: user=0.01 sys=0.00, real=0.00 secs] 
815.520: [GC (Allocation Failure) [PSYoungGen: 63997K->1549K(64512K)] 424416K->361976K(722432K), 0.0016262 secs] [Times: user=0.01 sys=0.00, real=0.00 secs] 
815.894: [GC (Allocation Failure) [PSYoungGen: 64013K->1456K(64512K)] 424440K->361883K(722432K), 0.0027625 secs] [Times: user=0.01 sys=0.00, real=0.01 secs] 
816.175: [GC (Allocation Failure) [PSYoungGen: 63920K->1344K(64512K)] 424347K->361771K(722432K), 0.0022316 secs] [Times: user=0.01 sys=0.00, real=0.01 secs] 
816.464: [GC (Allocation Failure) [PSYoungGen: 63808K->1376K(64512K)] 424235K->361803K(722432K), 0.0020868 secs] [Times: user=0.01 sys=0.00, real=0.01 secs] 
816.768: [GC (Allocation Failure) [PSYoungGen: 63840K->1344K(64512K)] 424267K->361779K(722432K), 0.0020857 secs] [Times: user=0.01 sys=0.00, real=0.00 secs] 
817.027: [GC (Allocation Failure) [PSYoungGen: 63808K->1408K(64512K)] 424243K->361843K(722432K), 0.0019464 secs] [Times: user=0.01 sys=0.00, real=0.00 secs] 
817.617: [GC (Allocation Failure) [PSYoungGen: 63853K->1517K(64512K)] 424288K->361952K(722432K), 0.0016592 secs] [Times: user=0.01 sys=0.00, real=0.00 secs] 
818.004: [GC (Allocation Failure) [PSYoungGen: 63981K->1517K(64512K)] 424416K->361952K(722432K), 0.0015875 secs] [Times: user=0.01 sys=0.00, real=0.00 secs] 
818.385: [GC (Allocation Failure) [PSYoungGen: 63981K->1549K(64512K)] 424416K->362000K(722432K), 0.0016431 secs] [Times: user=0.00 sys=0.00, real=0.01 secs] 
818.805: [GC (Allocation Failure) [PSYoungGen: 64013K->1808K(64512K)] 424464K->362259K(722432K), 0.0017984 secs] [Times: user=0.00 sys=0.00, real=0.01 secs] 
819.164: [GC (Allocation Failure) [PSYoungGen: 64272K->1408K(64512K)] 424723K->361859K(722432K), 0.0019207 secs] [Times: user=0.00 sys=0.00, real=0.01 secs] 
819.668: [GC (Allocation Failure) [PSYoungGen: 63872K->1376K(64512K)] 424323K->361827K(722432K), 0.0024008 secs] [Times: user=0.01 sys=0.00, real=0.00 secs] 
820.192: [GC (Allocation Failure) [PSYoungGen: 63840K->1376K(64512K)] 424291K->361827K(722432K), 0.0025971 secs] [Times: user=0.01 sys=0.00, real=0.00 secs] 
820.735: [GC (Allocation Failure) [PSYoungGen: 63840K->1376K(64512K)] 424291K->361827K(722432K), 0.0028087 secs] [Times: user=0.01 sys=0.00, real=0.01 secs] 
821.218: [GC (Allocation Failure) [PSYoungGen: 63840K->1536K(64512K)] 424291K->361987K(722432K), 0.0016138 secs] [Times: user=0.01 sys=0.00, real=0.00 secs] 
821.593: [GC (Allocation Failure) [PSYoungGen: 64000K->1565K(64512K)] 424451K->362048K(722432K), 0.0020281 secs] [Times: user=0.01 sys=0.00, real=0.00 secs] 
821.968: [GC (Allocation Failure) [PSYoungGen: 64029K->1549K(64512K)] 424512K->362040K(722432K), 0.0017025 secs] [Times: user=0.00 sys=0.00, real=0.00 secs] 
822.344: [GC (Allocation Failure) [PSYoungGen: 64013K->1517K(64512K)] 424504K->362008K(722432K), 0.0016924 secs] [Times: user=0.01 sys=0.00, real=0.00 secs] 
822.678: [GC (Allocation Failure) [PSYoungGen: 63981K->1392K(64512K)] 424472K->361891K(722432K), 0.0016461 secs] [Times: user=0.01 sys=0.00, real=0.00 secs] 
823.044: [GC (Allocation Failure) [PSYoungGen: 63856K->1408K(64512K)] 424355K->361907K(722432K), 0.0018878 secs] [Times: user=0.00 sys=0.00, real=0.00 secs] 
823.510: [GC (Allocation Failure) [PSYoungGen: 63872K->1376K(64512K)] 424371K->361875K(722432K), 0.0018019 secs] [Times: user=0.01 sys=0.00, real=0.00 secs] 
824.023: [GC (Allocation Failure) [PSYoungGen: 63840K->1344K(64512K)] 424339K->361843K(722432K), 0.0022248 secs] [Times: user=0.00 sys=0.00, real=0.00 secs] 
824.590: [GC (Allocation Failure) [PSYoungGen: 63808K->1485K(64512K)] 424307K->361984K(722432K), 0.0019600 secs] [Times: user=0.01 sys=0.00, real=0.00 secs] 
824.974: [GC (Allocation Failure) [PSYoungGen: 63949K->1517K(64512K)] 424448K->362016K(722432K), 0.0017349 secs] [Times: user=0.00 sys=0.00, real=0.01 secs] 
825.353: [GC (Allocation Failure) [PSYoungGen: 63981K->1549K(64512K)] 424480K->362056K(722432K), 0.0017509 secs] [Times: user=0.00 sys=0.00, real=0.00 secs] 
825.732: [GC (Allocation Failure) [PSYoungGen: 63983K->1565K(64512K)] 424490K->362072K(722432K), 0.0015613 secs] [Times: user=0.00 sys=0.00, real=0.00 secs] 
826.164: [GC (Allocation Failure) [PSYoungGen: 64029K->1472K(64512K)] 424536K->364035K(722432K), 0.0021102 secs] [Times: user=0.00 sys=0.00, real=0.01 secs] 
826.786: [GC (Allocation Failure) [PSYoungGen: 63936K->416K(64512K)] 426499K->362979K(722432K), 0.0033285 secs] [Times: user=0.01 sys=0.00, real=0.01 secs] 
827.366: [GC (Allocation Failure) [PSYoungGen: 62880K->352K(64512K)] 425443K->362915K(722432K), 0.0028627 secs] [Times: user=0.01 sys=0.00, real=0.01 secs] 
827.933: [GC (Allocation Failure) [PSYoungGen: 62816K->352K(64000K)] 425379K->362915K(721920K), 0.0036352 secs] [Times: user=0.02 sys=0.00, real=0.01 secs] 
828.195: [GC (Allocation Failure) [PSYoungGen: 62304K->352K(64512K)] 424867K->362915K(722432K), 0.0027053 secs] [Times: user=0.01 sys=0.00, real=0.01 secs] 
828.553: [GC (Allocation Failure) [PSYoungGen: 62304K->1517K(64512K)] 424867K->364080K(722432K), 0.0016106 secs] [Times: user=0.01 sys=0.00, real=0.00 secs] 
828.926: [GC (Allocation Failure) [PSYoungGen: 63469K->1549K(64512K)] 426032K->364112K(722432K), 0.0016196 secs] [Times: user=0.00 sys=0.00, real=0.00 secs] 
829.303: [GC (Allocation Failure) [PSYoungGen: 63501K->1581K(64512K)] 426064K->364160K(722432K), 0.0015533 secs] [Times: user=0.01 sys=0.00, real=0.00 secs] 
829.752: [GC (Allocation Failure) [PSYoungGen: 63533K->1584K(64512K)] 426112K->364163K(722432K), 0.0017353 secs] [Times: user=0.01 sys=0.00, real=0.00 secs] 
830.289: [GC (Allocation Failure) [PSYoungGen: 63536K->1440K(64512K)] 426115K->364019K(722432K), 0.0036441 secs] [Times: user=0.02 sys=0.00, real=0.00 secs] 
830.921: [GC (Allocation Failure) [PSYoungGen: 63392K->1408K(64512K)] 425971K->363987K(722432K), 0.0032547 secs] [Times: user=0.01 sys=0.00, real=0.00 secs] 
831.458: [GC (Allocation Failure) [PSYoungGen: 63360K->1408K(64512K)] 425939K->363995K(722432K), 0.0032973 secs] [Times: user=0.01 sys=0.00, real=0.00 secs] 
831.941: [GC (Allocation Failure) [PSYoungGen: 63360K->1408K(64512K)] 425947K->363995K(722432K), 0.0022424 secs] [Times: user=0.01 sys=0.00, real=0.00 secs] 
832.479: [GC (Allocation Failure) [PSYoungGen: 63360K->1520K(64512K)] 425947K->364107K(722432K), 0.0015691 secs] [Times: user=0.01 sys=0.00, real=0.00 secs] 
832.851: [GC (Allocation Failure) [PSYoungGen: 63472K->1549K(64512K)] 426059K->364176K(722432K), 0.0016557 secs] [Times: user=0.00 sys=0.00, real=0.00 secs] 
833.226: [GC (Allocation Failure) [PSYoungGen: 63501K->1581K(64512K)] 426128K->364224K(722432K), 0.0016484 secs] [Times: user=0.01 sys=0.00, real=0.00 secs] 
833.670: [GC (Allocation Failure) [PSYoungGen: 63533K->1565K(64512K)] 426176K->364208K(722432K), 0.0016421 secs] [Times: user=0.00 sys=0.00, real=0.00 secs] 
834.117: [GC (Allocation Failure) [PSYoungGen: 63517K->1440K(64512K)] 426160K->364083K(722432K), 0.0024900 secs] [Times: user=0.01 sys=0.00, real=0.00 secs] 
834.634: [GC (Allocation Failure) [PSYoungGen: 63392K->1344K(63488K)] 426035K->363987K(721408K), 0.0022557 secs] [Times: user=0.01 sys=0.00, real=0.01 secs] 
834.892: [GC (Allocation Failure) [PSYoungGen: 63296K->1408K(64000K)] 425939K->364051K(721920K), 0.0019368 secs] [Times: user=0.01 sys=0.00, real=0.00 secs] 
835.150: [GC (Allocation Failure) [PSYoungGen: 63360K->1376K(64000K)] 426003K->364019K(721920K), 0.0020930 secs] [Times: user=0.01 sys=0.00, real=0.00 secs] 
835.408: [GC (Allocation Failure) [PSYoungGen: 63328K->1424K(64000K)] 425971K->364067K(721920K), 0.0021283 secs] [Times: user=0.01 sys=0.00, real=0.00 secs] 
835.790: [GC (Allocation Failure) [PSYoungGen: 63376K->1517K(64000K)] 426019K->364160K(721920K), 0.0016005 secs] [Times: user=0.01 sys=0.00, real=0.00 secs] 
836.224: [GC (Allocation Failure) [PSYoungGen: 63469K->1568K(64000K)] 426112K->364211K(721920K), 0.0019204 secs] [Times: user=0.00 sys=0.00, real=0.01 secs] 
836.666: [GC (Allocation Failure) [PSYoungGen: 63520K->1581K(64000K)] 426163K->364232K(721920K), 0.0016247 secs] [Times: user=0.01 sys=0.00, real=0.00 secs] 
837.100: [GC (Allocation Failure) [PSYoungGen: 63525K->1613K(64000K)] 426176K->364264K(721920K), 0.0015668 secs] [Times: user=0.01 sys=0.00, real=0.00 secs] 
838.227: [GC (Allocation Failure) [PSYoungGen: 63565K->1440K(64000K)] 426216K->364091K(721920K), 0.0042913 secs] [Times: user=0.02 sys=0.00, real=0.00 secs] 
839.200: [GC (Allocation Failure) [PSYoungGen: 63392K->1376K(64000K)] 426043K->364027K(721920K), 0.0033374 secs] [Times: user=0.01 sys=0.01, real=0.00 secs] 
839.599: [GC (Allocation Failure) [PSYoungGen: 63328K->1408K(64000K)] 425979K->364059K(721920K), 0.0021656 secs] [Times: user=0.00 sys=0.00, real=0.00 secs] 
839.874: [GC (Allocation Failure) [PSYoungGen: 63360K->1376K(64000K)] 426011K->364027K(721920K), 0.0019192 secs] [Times: user=0.01 sys=0.00, real=0.00 secs] 
840.432: [GC (Allocation Failure) [PSYoungGen: 63328K->1469K(64000K)] 425979K->364120K(721920K), 0.0024570 secs] [Times: user=0.01 sys=0.00, real=0.00 secs] 
840.837: [GC (Allocation Failure) [PSYoungGen: 63421K->1629K(64000K)] 426072K->364280K(721920K), 0.0016269 secs] [Times: user=0.01 sys=0.00, real=0.00 secs] 
841.211: [GC (Allocation Failure) [PSYoungGen: 63564K->1549K(64000K)] 426215K->364216K(721920K), 0.0015860 secs] [Times: user=0.01 sys=0.00, real=0.00 secs] 
841.585: [GC (Allocation Failure) [PSYoungGen: 63501K->1549K(64000K)] 426168K->364216K(721920K), 0.0017487 secs] [Times: user=0.01 sys=0.00, real=0.01 secs] 
842.868: [GC (Allocation Failure) [PSYoungGen: 63501K->1456K(64000K)] 426168K->364123K(721920K), 0.0041678 secs] [Times: user=0.01 sys=0.00, real=0.00 secs] 
843.304: [GC (Allocation Failure) [PSYoungGen: 63408K->1376K(64000K)] 426075K->364043K(721920K), 0.0020730 secs] [Times: user=0.01 sys=0.00, real=0.01 secs] 
843.561: [GC (Allocation Failure) [PSYoungGen: 63328K->1376K(64000K)] 425995K->364043K(721920K), 0.0020373 secs] [Times: user=0.01 sys=0.01, real=0.00 secs] 
843.819: [GC (Allocation Failure) [PSYoungGen: 63328K->1376K(64000K)] 425995K->364067K(721920K), 0.0019384 secs] [Times: user=0.01 sys=0.00, real=0.00 secs] 
844.085: [GC (Allocation Failure) [PSYoungGen: 63328K->1344K(64000K)] 426019K->364035K(721920K), 0.0020378 secs] [Times: user=0.01 sys=0.00, real=0.01 secs] 
844.559: [GC (Allocation Failure) [PSYoungGen: 63296K->1533K(64000K)] 425987K->364224K(721920K), 0.0015939 secs] [Times: user=0.00 sys=0.00, real=0.00 secs] 
844.993: [GC (Allocation Failure) [PSYoungGen: 63485K->1549K(64000K)] 426176K->364240K(721920K), 0.0018336 secs] [Times: user=0.01 sys=0.00, real=0.00 secs] 
845.372: [GC (Allocation Failure) [PSYoungGen: 63501K->1552K(64000K)] 426192K->364259K(721920K), 0.0016177 secs] [Times: user=0.01 sys=0.00, real=0.00 secs] 
845.748: [GC (Allocation Failure) [PSYoungGen: 63501K->1552K(64000K)] 426208K->364259K(721920K), 0.0015956 secs] [Times: user=0.01 sys=0.00, real=0.00 secs] 
847.840: [GC (Allocation Failure) [PSYoungGen: 63504K->1440K(64000K)] 426211K->364147K(721920K), 0.0033680 secs] [Times: user=0.01 sys=0.00, real=0.00 secs] 
848.103: [GC (Allocation Failure) [PSYoungGen: 63392K->1392K(64000K)] 426099K->364099K(721920K), 0.0020548 secs] [Times: user=0.01 sys=0.00, real=0.00 secs] 
848.360: [GC (Allocation Failure) [PSYoungGen: 63344K->1408K(64000K)] 426051K->364115K(721920K), 0.0022074 secs] [Times: user=0.00 sys=0.00, real=0.00 secs] 
848.618: [GC (Allocation Failure) [PSYoungGen: 63360K->1408K(64000K)] 426067K->364115K(721920K), 0.0020830 secs] [Times: user=0.01 sys=0.00, real=0.00 secs] 
848.981: [GC (Allocation Failure) [PSYoungGen: 63360K->1485K(64000K)] 426067K->364192K(721920K), 0.0016908 secs] [Times: user=0.00 sys=0.00, real=0.00 secs] 
849.353: [GC (Allocation Failure) [PSYoungGen: 63437K->1613K(64000K)] 426144K->364320K(721920K), 0.0016674 secs] [Times: user=0.00 sys=0.00, real=0.00 secs] 
849.729: [GC (Allocation Failure) [PSYoungGen: 63565K->1565K(64000K)] 426272K->364288K(721920K), 0.0016041 secs] [Times: user=0.01 sys=0.00, real=0.00 secs] 
850.109: [GC (Allocation Failure) [PSYoungGen: 63517K->1517K(64000K)] 426240K->364240K(721920K), 0.0015828 secs] [Times: user=0.01 sys=0.00, real=0.00 secs] 
850.681: [GC (Allocation Failure) [PSYoungGen: 63469K->1440K(64000K)] 426192K->364171K(721920K), 0.0020024 secs] [Times: user=0.01 sys=0.00, real=0.00 secs] 
851.077: [GC (Allocation Failure) [PSYoungGen: 63392K->1424K(64000K)] 426123K->364155K(721920K), 0.0021829 secs] [Times: user=0.01 sys=0.00, real=0.00 secs] 
851.375: [GC (Allocation Failure) [PSYoungGen: 63376K->1392K(64000K)] 426107K->364123K(721920K), 0.0019443 secs] [Times: user=0.00 sys=0.00, real=0.01 secs] 
851.632: [GC (Allocation Failure) [PSYoungGen: 63344K->1376K(64000K)] 426075K->364107K(721920K), 0.0017879 secs] [Times: user=0.00 sys=0.00, real=0.00 secs] 
851.889: [GC (Allocation Failure) [PSYoungGen: 63328K->1408K(64000K)] 426059K->364139K(721920K), 0.0020730 secs] [Times: user=0.01 sys=0.00, real=0.00 secs] 
852.306: [GC (Allocation Failure) [PSYoungGen: 63360K->1581K(64000K)] 426091K->364312K(721920K), 0.0016368 secs] [Times: user=0.01 sys=0.00, real=0.01 secs] 
852.739: [GC (Allocation Failure) [PSYoungGen: 63533K->1549K(64000K)] 426264K->364296K(721920K), 0.0017280 secs] [Times: user=0.00 sys=0.00, real=0.00 secs] 
853.170: [GC (Allocation Failure) [PSYoungGen: 63501K->1517K(64000K)] 426248K->364280K(721920K), 0.0017429 secs] [Times: user=0.01 sys=0.00, real=0.00 secs] 
853.544: [GC (Allocation Failure) [PSYoungGen: 63469K->1581K(64000K)] 426232K->364344K(721920K), 0.0017756 secs] [Times: user=0.01 sys=0.00, real=0.00 secs] 
854.600: [GC (Allocation Failure) [PSYoungGen: 63533K->1472K(64000K)] 426296K->364235K(721920K), 0.0048296 secs] [Times: user=0.02 sys=0.00, real=0.00 secs] 
855.599: [GC (Allocation Failure) [PSYoungGen: 63424K->1408K(64000K)] 426187K->364179K(721920K), 0.0040549 secs] [Times: user=0.02 sys=0.00, real=0.00 secs] 
856.185: [GC (Allocation Failure) [PSYoungGen: 63360K->1376K(64000K)] 426131K->364147K(721920K), 0.0023761 secs] [Times: user=0.01 sys=0.00, real=0.01 secs] 
856.700: [GC (Allocation Failure) [PSYoungGen: 63328K->1408K(64000K)] 426099K->364179K(721920K), 0.0022520 secs] [Times: user=0.01 sys=0.00, real=0.00 secs] 
857.140: [GC (Allocation Failure) [PSYoungGen: 63360K->1533K(64000K)] 426131K->364304K(721920K), 0.0015266 secs] [Times: user=0.01 sys=0.00, real=0.00 secs] 
857.516: [GC (Allocation Failure) [PSYoungGen: 63485K->1597K(64000K)] 426256K->364368K(721920K), 0.0017025 secs] [Times: user=0.01 sys=0.00, real=0.00 secs] 
857.890: [GC (Allocation Failure) [PSYoungGen: 63549K->1565K(64000K)] 426320K->364344K(721920K), 0.0015928 secs] [Times: user=0.01 sys=0.00, real=0.00 secs] 
858.263: [GC (Allocation Failure) [PSYoungGen: 63508K->1613K(64000K)] 426287K->364392K(721920K), 0.0017297 secs] [Times: user=0.01 sys=0.00, real=0.00 secs] 
858.645: [GC (Allocation Failure) [PSYoungGen: 63565K->1488K(64000K)] 426344K->364267K(721920K), 0.0018712 secs] [Times: user=0.00 sys=0.00, real=0.01 secs] 
858.939: [GC (Allocation Failure) [PSYoungGen: 63440K->1392K(64000K)] 426219K->364171K(721920K), 0.0018911 secs] [Times: user=0.01 sys=0.00, real=0.00 secs] 
859.365: [GC (Allocation Failure) [PSYoungGen: 63344K->1392K(64000K)] 426123K->364171K(721920K), 0.0021101 secs] [Times: user=0.01 sys=0.00, real=0.01 secs] 
859.896: [GC (Allocation Failure) [PSYoungGen: 63344K->1408K(64000K)] 426123K->364187K(721920K), 0.0024999 secs] [Times: user=0.01 sys=0.00, real=0.00 secs] 
860.580: [GC (Allocation Failure) [PSYoungGen: 63360K->1408K(64000K)] 426139K->364187K(721920K), 0.0032541 secs] [Times: user=0.01 sys=0.00, real=0.00 secs] 
861.077: [GC (Allocation Failure) [PSYoungGen: 63337K->1581K(64000K)] 426116K->364360K(721920K), 0.0016716 secs] [Times: user=0.00 sys=0.00, real=0.00 secs] 
861.451: [GC (Allocation Failure) [PSYoungGen: 63533K->1552K(64000K)] 426312K->364331K(721920K), 0.0016396 secs] [Times: user=0.01 sys=0.00, real=0.00 secs] 
861.826: [GC (Allocation Failure) [PSYoungGen: 63504K->1629K(64000K)] 426283K->364416K(721920K), 0.0015937 secs] [Times: user=0.00 sys=0.00, real=0.01 secs] 
862.197: [GC (Allocation Failure) [PSYoungGen: 63581K->224K(64000K)] 426368K->363043K(721920K), 0.0015745 secs] [Times: user=0.00 sys=0.00, real=0.00 secs] 
863.137: [GC (Allocation Failure) [PSYoungGen: 62176K->1376K(64000K)] 424995K->364195K(721920K), 0.0030100 secs] [Times: user=0.02 sys=0.00, real=0.00 secs] 
863.930: [GC (Allocation Failure) [PSYoungGen: 63328K->1376K(64000K)] 426147K->364195K(721920K), 0.0027205 secs] [Times: user=0.01 sys=0.00, real=0.00 secs] 
864.277: [GC (Allocation Failure) [PSYoungGen: 63328K->1408K(64000K)] 426147K->364227K(721920K), 0.0023445 secs] [Times: user=0.01 sys=0.00, real=0.00 secs] 
864.534: [GC (Allocation Failure) [PSYoungGen: 63360K->1360K(64000K)] 426179K->364179K(721920K), 0.0019792 secs] [Times: user=0.00 sys=0.00, real=0.01 secs] 
864.918: [GC (Allocation Failure) [PSYoungGen: 63312K->1485K(64000K)] 426131K->364304K(721920K), 0.0015526 secs] [Times: user=0.01 sys=0.00, real=0.00 secs] 
865.360: [GC (Allocation Failure) [PSYoungGen: 63437K->1565K(64000K)] 426256K->364384K(721920K), 0.0016253 secs] [Times: user=0.01 sys=0.00, real=0.00 secs] 
865.793: [GC (Allocation Failure) [PSYoungGen: 63517K->1565K(64000K)] 426336K->364400K(721920K), 0.0015947 secs] [Times: user=0.01 sys=0.00, real=0.00 secs] 
866.167: [GC (Allocation Failure) [PSYoungGen: 63517K->1581K(64000K)] 426352K->364416K(721920K), 0.0018185 secs] [Times: user=0.00 sys=0.00, real=0.00 secs] 
866.581: [GC (Allocation Failure) [PSYoungGen: 63533K->1440K(64000K)] 426368K->364275K(721920K), 0.0028514 secs] [Times: user=0.02 sys=0.00, real=0.00 secs] 
866.954: [GC (Allocation Failure) [PSYoungGen: 63392K->1376K(64000K)] 426227K->364211K(721920K), 0.0022010 secs] [Times: user=0.01 sys=0.00, real=0.00 secs] 
867.211: [GC (Allocation Failure) [PSYoungGen: 63328K->1392K(64000K)] 426163K->364227K(721920K), 0.0019604 secs] [Times: user=0.01 sys=0.00, real=0.00 secs] 
867.477: [GC (Allocation Failure) [PSYoungGen: 63344K->1360K(64000K)] 426179K->364195K(721920K), 0.0021021 secs] [Times: user=0.01 sys=0.00, real=0.00 secs] 
867.761: [GC (Allocation Failure) [PSYoungGen: 63312K->272K(64000K)] 426147K->363107K(721920K), 0.0019733 secs] [Times: user=0.01 sys=0.00, real=0.00 secs] 
868.140: [GC (Allocation Failure) [PSYoungGen: 62199K->1584K(64000K)] 425034K->364419K(721920K), 0.0016848 secs] [Times: user=0.00 sys=0.00, real=0.00 secs] 
868.513: [GC (Allocation Failure) [PSYoungGen: 63536K->1613K(64000K)] 426371K->364448K(721920K), 0.0016996 secs] [Times: user=0.01 sys=0.00, real=0.00 secs] 
868.887: [GC (Allocation Failure) [PSYoungGen: 63565K->1517K(64000K)] 426400K->364360K(721920K), 0.0017305 secs] [Times: user=0.00 sys=0.00, real=0.00 secs] 
869.348: [GC (Allocation Failure) [PSYoungGen: 63469K->1808K(63488K)] 426312K->364651K(721408K), 0.0020314 secs] [Times: user=0.01 sys=0.00, real=0.00 secs] 
870.082: [GC (Allocation Failure) [PSYoungGen: 63248K->1376K(62976K)] 426091K->364219K(720896K), 0.0049001 secs] [Times: user=0.02 sys=0.00, real=0.01 secs] 
870.726: [GC (Allocation Failure) [PSYoungGen: 62816K->1376K(63488K)] 425659K->364219K(721408K), 0.0033008 secs] [Times: user=0.01 sys=0.00, real=0.01 secs] 
871.223: [GC (Allocation Failure) [PSYoungGen: 62816K->1360K(63488K)] 425659K->364203K(721408K), 0.0027157 secs] [Times: user=0.01 sys=0.00, real=0.00 secs] 
871.719: [GC (Allocation Failure) [PSYoungGen: 62800K->1376K(63488K)] 425643K->364219K(721408K), 0.0026922 secs] [Times: user=0.01 sys=0.01, real=0.00 secs] 
872.318: [GC (Allocation Failure) [PSYoungGen: 62816K->1536K(63488K)] 425659K->364395K(721408K), 0.0015715 secs] [Times: user=0.01 sys=0.00, real=0.00 secs] 
872.690: [GC (Allocation Failure) [PSYoungGen: 62948K->1565K(63488K)] 425807K->364424K(721408K), 0.0016374 secs] [Times: user=0.01 sys=0.00, real=0.00 secs] 
873.058: [GC (Allocation Failure) [PSYoungGen: 62985K->1549K(63488K)] 425844K->364416K(721408K), 0.0016993 secs] [Times: user=0.01 sys=0.00, real=0.00 secs] 
873.427: [GC (Allocation Failure) [PSYoungGen: 62989K->1549K(63488K)] 425856K->364416K(721408K), 0.0016769 secs] [Times: user=0.01 sys=0.00, real=0.00 secs] 
873.747: [GC (Allocation Failure) [PSYoungGen: 62989K->1440K(63488K)] 425856K->364307K(721408K), 0.0016819 secs] [Times: user=0.01 sys=0.00, real=0.00 secs] 
874.020: [GC (Allocation Failure) [PSYoungGen: 62880K->1376K(63488K)] 425747K->364243K(721408K), 0.0017798 secs] [Times: user=0.01 sys=0.00, real=0.00 secs] 
874.506: [GC (Allocation Failure) [PSYoungGen: 62816K->1392K(63488K)] 425683K->364259K(721408K), 0.0020735 secs] [Times: user=0.01 sys=0.00, real=0.01 secs] 
874.992: [GC (Allocation Failure) [PSYoungGen: 62832K->1376K(63488K)] 425699K->364243K(721408K), 0.0020965 secs] [Times: user=0.01 sys=0.00, real=0.00 secs] 
875.458: [GC (Allocation Failure) [PSYoungGen: 62816K->1344K(63488K)] 425683K->364211K(721408K), 0.0020227 secs] [Times: user=0.00 sys=0.00, real=0.00 secs] 
875.861: [GC (Allocation Failure) [PSYoungGen: 62784K->1581K(63488K)] 425651K->364448K(721408K), 0.0016221 secs] [Times: user=0.01 sys=0.00, real=0.00 secs] 
876.234: [GC (Allocation Failure) [PSYoungGen: 63021K->1517K(63488K)] 425888K->364400K(721408K), 0.0016241 secs] [Times: user=0.00 sys=0.00, real=0.01 secs] 
876.606: [GC (Allocation Failure) [PSYoungGen: 62957K->1533K(63488K)] 425840K->364416K(721408K), 0.0015532 secs] [Times: user=0.01 sys=0.00, real=0.00 secs] 
876.976: [GC (Allocation Failure) [PSYoungGen: 62958K->1613K(63488K)] 425841K->364496K(721408K), 0.0015584 secs] [Times: user=0.01 sys=0.00, real=0.01 secs] 
877.477: [GC (Allocation Failure) [PSYoungGen: 63053K->1376K(63488K)] 425936K->364259K(721408K), 0.0019095 secs] [Times: user=0.00 sys=0.00, real=0.00 secs] 
877.923: [GC (Allocation Failure) [PSYoungGen: 62816K->1440K(63488K)] 425699K->364323K(721408K), 0.0039659 secs] [Times: user=0.02 sys=0.00, real=0.01 secs] 
878.400: [GC (Allocation Failure) [PSYoungGen: 62880K->1408K(63488K)] 425763K->364291K(721408K), 0.0026819 secs] [Times: user=0.01 sys=0.00, real=0.00 secs] 
879.022: [GC (Allocation Failure) [PSYoungGen: 62848K->1424K(63488K)] 425731K->364307K(721408K), 0.0029902 secs] [Times: user=0.01 sys=0.00, real=0.00 secs] 
879.652: [GC (Allocation Failure) [PSYoungGen: 62864K->1533K(63488K)] 425747K->364416K(721408K), 0.0015071 secs] [Times: user=0.01 sys=0.00, real=0.00 secs] 
880.022: [GC (Allocation Failure) [PSYoungGen: 62964K->1549K(63488K)] 425847K->364432K(721408K), 0.0015708 secs] [Times: user=0.01 sys=0.00, real=0.00 secs] 
880.455: [GC (Allocation Failure) [PSYoungGen: 62989K->1584K(63488K)] 425872K->364475K(721408K), 0.0016773 secs] [Times: user=0.01 sys=0.00, real=0.01 secs] 
880.830: [GC (Allocation Failure) [PSYoungGen: 63022K->1597K(63488K)] 425913K->364488K(721408K), 0.0016280 secs] [Times: user=0.00 sys=0.00, real=0.00 secs] 
881.314: [GC (Allocation Failure) [PSYoungGen: 63037K->1488K(63488K)] 425928K->364379K(721408K), 0.0035668 secs] [Times: user=0.01 sys=0.00, real=0.01 secs] 
882.056: [GC (Allocation Failure) [PSYoungGen: 62928K->1408K(63488K)] 425819K->364299K(721408K), 0.0046356 secs] [Times: user=0.01 sys=0.00, real=0.00 secs] 
883.091: [GC (Allocation Failure) [PSYoungGen: 62848K->1408K(63488K)] 425739K->364299K(721408K), 0.0046826 secs] [Times: user=0.02 sys=0.00, real=0.00 secs] 
884.161: [GC (Allocation Failure) [PSYoungGen: 62848K->1376K(63488K)] 425739K->364283K(721408K), 0.0050350 secs] [Times: user=0.02 sys=0.01, real=0.01 secs] 
885.048: [GC (Allocation Failure) [PSYoungGen: 62816K->1408K(63488K)] 425723K->364315K(721408K), 0.0047892 secs] [Times: user=0.02 sys=0.00, real=0.00 secs] 
885.707: [GC (Allocation Failure) [PSYoungGen: 62848K->1597K(63488K)] 425755K->364504K(721408K), 0.0016938 secs] [Times: user=0.01 sys=0.00, real=0.00 secs] 
886.076: [GC (Allocation Failure) [PSYoungGen: 63037K->1629K(63488K)] 425944K->364536K(721408K), 0.0016872 secs] [Times: user=0.01 sys=0.00, real=0.01 secs] 
886.509: [GC (Allocation Failure) [PSYoungGen: 63069K->1597K(63488K)] 425976K->364520K(721408K), 0.0017021 secs] [Times: user=0.01 sys=0.00, real=0.00 secs] 
886.937: [GC (Allocation Failure) [PSYoungGen: 63021K->1581K(63488K)] 425944K->364504K(721408K), 0.0015903 secs] [Times: user=0.01 sys=0.00, real=0.00 secs] 
887.514: [GC (Allocation Failure) [PSYoungGen: 63021K->1376K(63488K)] 425944K->364307K(721408K), 0.0035760 secs] [Times: user=0.02 sys=0.00, real=0.01 secs] 
888.253: [GC (Allocation Failure) [PSYoungGen: 62816K->1392K(63488K)] 425747K->364323K(721408K), 0.0034969 secs] [Times: user=0.01 sys=0.00, real=0.01 secs] 
888.870: [GC (Allocation Failure) [PSYoungGen: 62832K->1392K(63488K)] 425763K->364323K(721408K), 0.0034949 secs] [Times: user=0.01 sys=0.00, real=0.00 secs] 
889.439: [GC (Allocation Failure) [PSYoungGen: 62832K->1392K(63488K)] 425763K->364323K(721408K), 0.0031698 secs] [Times: user=0.01 sys=0.00, real=0.00 secs] 
890.126: [GC (Allocation Failure) [PSYoungGen: 62832K->1517K(63488K)] 425763K->364448K(721408K), 0.0019978 secs] [Times: user=0.01 sys=0.00, real=0.00 secs] 
890.509: [GC (Allocation Failure) [PSYoungGen: 62957K->1568K(63488K)] 425888K->364499K(721408K), 0.0016260 secs] [Times: user=0.01 sys=0.00, real=0.00 secs] 
890.880: [GC (Allocation Failure) [PSYoungGen: 63008K->1584K(63488K)] 425939K->364523K(721408K), 0.0016488 secs] [Times: user=0.00 sys=0.00, real=0.00 secs] 
891.333: [GC (Allocation Failure) [PSYoungGen: 63005K->1645K(63488K)] 425944K->364584K(721408K), 0.0015846 secs] [Times: user=0.01 sys=0.00, real=0.00 secs] 
891.741: [GC (Allocation Failure) [PSYoungGen: 63085K->1472K(63488K)] 426024K->364411K(721408K), 0.0023377 secs] [Times: user=0.01 sys=0.00, real=0.00 secs] 
892.187: [GC (Allocation Failure) [PSYoungGen: 62912K->1376K(63488K)] 425851K->364315K(721408K), 0.0029457 secs] [Times: user=0.01 sys=0.00, real=0.00 secs] 
892.620: [GC (Allocation Failure) [PSYoungGen: 62816K->1392K(63488K)] 425755K->364331K(721408K), 0.0028068 secs] [Times: user=0.01 sys=0.00, real=0.00 secs] 
893.064: [GC (Allocation Failure) [PSYoungGen: 62832K->1376K(63488K)] 425771K->364331K(721408K), 0.0028604 secs] [Times: user=0.01 sys=0.00, real=0.01 secs] 
893.500: [GC (Allocation Failure) [PSYoungGen: 62816K->1408K(63488K)] 425771K->364363K(721408K), 0.0027505 secs] [Times: user=0.02 sys=0.00, real=0.00 secs] 
894.034: [GC (Allocation Failure) [PSYoungGen: 62848K->1517K(63488K)] 425803K->364472K(721408K), 0.0015893 secs] [Times: user=0.01 sys=0.00, real=0.00 secs] 
894.474: [GC (Allocation Failure) [PSYoungGen: 62957K->1645K(63488K)] 425912K->364600K(721408K), 0.0015721 secs] [Times: user=0.01 sys=0.00, real=0.00 secs] 
894.902: [GC (Allocation Failure) [PSYoungGen: 63056K->1613K(63488K)] 426011K->364584K(721408K), 0.0015931 secs] [Times: user=0.01 sys=0.00, real=0.00 secs] 
895.273: [GC (Allocation Failure) [PSYoungGen: 63053K->1581K(63488K)] 426024K->364552K(721408K), 0.0018139 secs] [Times: user=0.01 sys=0.00, real=0.00 secs] 
895.592: [GC (Allocation Failure) [PSYoungGen: 63021K->1424K(63488K)] 425992K->364395K(721408K), 0.0029675 secs] [Times: user=0.02 sys=0.00, real=0.00 secs] 
895.845: [GC (Allocation Failure) [PSYoungGen: 62864K->1360K(63488K)] 425835K->364331K(721408K), 0.0021136 secs] [Times: user=0.01 sys=0.00, real=0.01 secs] 
896.100: [GC (Allocation Failure) [PSYoungGen: 62800K->1376K(63488K)] 425771K->364347K(721408K), 0.0021687 secs] [Times: user=0.01 sys=0.00, real=0.00 secs] 
896.355: [GC (Allocation Failure) [PSYoungGen: 62816K->1408K(63488K)] 425787K->364379K(721408K), 0.0019892 secs] [Times: user=0.01 sys=0.00, real=0.01 secs] 
896.657: [GC (Allocation Failure) [PSYoungGen: 62848K->1469K(63488K)] 425819K->364440K(721408K), 0.0015606 secs] [Times: user=0.00 sys=0.00, real=0.00 secs] 
897.030: [GC (Allocation Failure) [PSYoungGen: 62909K->1520K(63488K)] 425880K->364491K(721408K), 0.0016048 secs] [Times: user=0.01 sys=0.00, real=0.00 secs] 
897.403: [GC (Allocation Failure) [PSYoungGen: 62960K->1549K(63488K)] 425931K->364528K(721408K), 0.0016076 secs] [Times: user=0.01 sys=0.00, real=0.00 secs] 
897.836: [GC (Allocation Failure) [PSYoungGen: 62989K->1549K(63488K)] 425968K->364528K(721408K), 0.0018205 secs] [Times: user=0.01 sys=0.00, real=0.00 secs] 
898.445: [GC (Allocation Failure) [PSYoungGen: 62989K->1504K(63488K)] 425968K->366539K(721408K), 0.0027542 secs] [Times: user=0.02 sys=0.00, real=0.01 secs] 
899.314: [GC (Allocation Failure) [PSYoungGen: 62944K->352K(63488K)] 427979K->365387K(721408K), 0.0034842 secs] [Times: user=0.01 sys=0.00, real=0.01 secs] 
899.775: [GC (Allocation Failure) [PSYoungGen: 61792K->400K(63488K)] 426827K->365435K(721408K), 0.0024113 secs] [Times: user=0.01 sys=0.00, real=0.01 secs] 
900.039: [GC (Allocation Failure) [PSYoungGen: 61840K->352K(63488K)] 426875K->365387K(721408K), 0.0021786 secs] [Times: user=0.01 sys=0.00, real=0.00 secs] 
900.391: [GC (Allocation Failure) [PSYoungGen: 61792K->384K(64000K)] 426827K->365419K(721920K), 0.0020718 secs] [Times: user=0.00 sys=0.00, real=0.00 secs] 
900.793: [GC (Allocation Failure) [PSYoungGen: 61824K->1533K(64000K)] 426859K->366568K(721920K), 0.0015612 secs] [Times: user=0.00 sys=0.00, real=0.00 secs] 
901.167: [GC (Allocation Failure) [PSYoungGen: 62973K->1597K(64000K)] 428008K->366632K(721920K), 0.0016671 secs] [Times: user=0.01 sys=0.00, real=0.00 secs] 
901.549: [GC (Allocation Failure) [PSYoungGen: 63037K->1584K(64000K)] 428072K->366643K(721920K), 0.0017776 secs] [Times: user=0.01 sys=0.00, real=0.00 secs] 
901.921: [GC (Allocation Failure) [PSYoungGen: 63024K->1549K(64000K)] 428083K->366608K(721920K), 0.0017215 secs] [Times: user=0.01 sys=0.00, real=0.00 secs] 
902.610: [GC (Allocation Failure) [PSYoungGen: 62989K->1456K(64000K)] 428048K->366515K(721920K), 0.0020526 secs] [Times: user=0.01 sys=0.00, real=0.00 secs] 
903.133: [GC (Allocation Failure) [PSYoungGen: 62896K->1408K(64000K)] 427955K->366467K(721920K), 0.0024014 secs] [Times: user=0.01 sys=0.00, real=0.00 secs] 
903.445: [GC (Allocation Failure) [PSYoungGen: 62848K->1392K(64000K)] 427907K->366451K(721920K), 0.0020796 secs] [Times: user=0.01 sys=0.00, real=0.01 secs] 
903.701: [GC (Allocation Failure) [PSYoungGen: 62832K->1344K(64000K)] 427891K->366403K(721920K), 0.0019803 secs] [Times: user=0.01 sys=0.00, real=0.00 secs] 
904.041: [GC (Allocation Failure) [PSYoungGen: 62784K->1501K(64000K)] 427843K->366560K(721920K), 0.0022839 secs] [Times: user=0.01 sys=0.00, real=0.00 secs] 
904.535: [GC (Allocation Failure) [PSYoungGen: 62941K->1597K(64000K)] 428000K->366656K(721920K), 0.0016232 secs] [Times: user=0.01 sys=0.00, real=0.01 secs] 
904.962: [GC (Allocation Failure) [PSYoungGen: 63032K->1581K(64000K)] 428091K->366648K(721920K), 0.0016014 secs] [Times: user=0.01 sys=0.00, real=0.00 secs] 
905.397: [GC (Allocation Failure) [PSYoungGen: 63021K->1549K(64000K)] 428088K->366616K(721920K), 0.0017217 secs] [Times: user=0.00 sys=0.00, real=0.00 secs] 
905.875: [GC (Allocation Failure) [PSYoungGen: 62989K->2032K(64000K)] 428056K->367099K(721920K), 0.0023174 secs] [Times: user=0.01 sys=0.00, real=0.01 secs] 
906.384: [GC (Allocation Failure) [PSYoungGen: 63472K->1376K(64000K)] 428539K->366443K(721920K), 0.0033911 secs] [Times: user=0.02 sys=0.00, real=0.01 secs] 
906.865: [GC (Allocation Failure) [PSYoungGen: 62816K->1376K(64000K)] 427883K->366443K(721920K), 0.0022455 secs] [Times: user=0.01 sys=0.00, real=0.01 secs] 
907.355: [GC (Allocation Failure) [PSYoungGen: 62816K->1408K(64000K)] 427883K->366475K(721920K), 0.0024328 secs] [Times: user=0.01 sys=0.00, real=0.01 secs] 
907.822: [GC (Allocation Failure) [PSYoungGen: 62848K->1408K(62976K)] 427915K->366475K(720896K), 0.0023480 secs] [Times: user=0.01 sys=0.00, real=0.00 secs] 
908.277: [GC (Allocation Failure) [PSYoungGen: 62848K->1552K(63488K)] 427915K->366619K(721408K), 0.0015848 secs] [Times: user=0.01 sys=0.00, real=0.00 secs] 
908.653: [GC (Allocation Failure) [PSYoungGen: 62987K->1533K(63488K)] 428055K->366600K(721408K), 0.0016339 secs] [Times: user=0.01 sys=0.00, real=0.00 secs] 
909.022: [GC (Allocation Failure) [PSYoungGen: 62973K->1629K(63488K)] 428040K->366712K(721408K), 0.0016765 secs] [Times: user=0.01 sys=0.00, real=0.00 secs] 
909.391: [GC (Allocation Failure) [PSYoungGen: 63066K->1581K(63488K)] 428149K->366664K(721408K), 0.0015571 secs] [Times: user=0.00 sys=0.00, real=0.00 secs] 
910.151: [GC (Allocation Failure) [PSYoungGen: 63021K->1472K(63488K)] 428104K->366555K(721408K), 0.0025117 secs] [Times: user=0.01 sys=0.00, real=0.00 secs] 
910.444: [GC (Allocation Failure) [PSYoungGen: 62912K->1408K(63488K)] 427995K->366491K(721408K), 0.0023110 secs] [Times: user=0.01 sys=0.00, real=0.01 secs] 
910.711: [GC (Allocation Failure) [PSYoungGen: 62848K->1376K(63488K)] 427931K->366459K(721408K), 0.0023035 secs] [Times: user=0.01 sys=0.00, real=0.00 secs] 
910.967: [GC (Allocation Failure) [PSYoungGen: 62816K->1376K(63488K)] 427899K->366459K(721408K), 0.0020325 secs] [Times: user=0.00 sys=0.00, real=0.00 secs] 
911.371: [GC (Allocation Failure) [PSYoungGen: 62791K->1453K(63488K)] 427875K->366536K(721408K), 0.0020252 secs] [Times: user=0.01 sys=0.00, real=0.00 secs] 
911.772: [GC (Allocation Failure) [PSYoungGen: 62893K->1581K(63488K)] 427976K->366664K(721408K), 0.0016855 secs] [Times: user=0.01 sys=0.00, real=0.00 secs] 
912.142: [GC (Allocation Failure) [PSYoungGen: 63021K->1581K(63488K)] 428104K->366688K(721408K), 0.0017243 secs] [Times: user=0.01 sys=0.00, real=0.00 secs] 
912.576: [GC (Allocation Failure) [PSYoungGen: 62991K->1549K(63488K)] 428098K->366656K(721408K), 0.0017233 secs] [Times: user=0.01 sys=0.00, real=0.00 secs] 
912.970: [GC (Allocation Failure) [PSYoungGen: 62989K->1584K(63488K)] 428096K->366691K(721408K), 0.0019282 secs] [Times: user=0.00 sys=0.00, real=0.00 secs] 
913.218: [GC (Allocation Failure) [PSYoungGen: 63024K->1408K(63488K)] 428131K->366515K(721408K), 0.0020471 secs] [Times: user=0.00 sys=0.00, real=0.00 secs] 
913.486: [GC (Allocation Failure) [PSYoungGen: 62848K->1408K(63488K)] 427955K->366515K(721408K), 0.0018794 secs] [Times: user=0.01 sys=0.00, real=0.00 secs] 
913.995: [GC (Allocation Failure) [PSYoungGen: 62848K->1408K(63488K)] 427955K->366515K(721408K), 0.0018596 secs] [Times: user=0.01 sys=0.00, real=0.01 secs] 
914.482: [GC (Allocation Failure) [PSYoungGen: 62848K->1344K(63488K)] 427955K->366451K(721408K), 0.0023485 secs] [Times: user=0.01 sys=0.00, real=0.00 secs] 
914.974: [GC (Allocation Failure) [PSYoungGen: 62784K->1549K(63488K)] 427891K->366656K(721408K), 0.0015453 secs] [Times: user=0.00 sys=0.00, real=0.00 secs] 
915.346: [GC (Allocation Failure) [PSYoungGen: 62989K->1597K(63488K)] 428096K->366704K(721408K), 0.0016282 secs] [Times: user=0.00 sys=0.00, real=0.01 secs] 
915.719: [GC (Allocation Failure) [PSYoungGen: 63019K->1613K(63488K)] 428126K->366736K(721408K), 0.0015523 secs] [Times: user=0.01 sys=0.00, real=0.00 secs] 
916.090: [GC (Allocation Failure) [PSYoungGen: 63053K->1581K(63488K)] 428176K->366704K(721408K), 0.0015850 secs] [Times: user=0.00 sys=0.00, real=0.00 secs] 
916.412: [GC (Allocation Failure) [PSYoungGen: 63021K->1504K(63488K)] 428144K->366627K(721408K), 0.0017077 secs] [Times: user=0.01 sys=0.00, real=0.00 secs] 
916.667: [GC (Allocation Failure) [PSYoungGen: 62944K->1408K(63488K)] 428067K->366531K(721408K), 0.0015798 secs] [Times: user=0.01 sys=0.00, real=0.00 secs] 
916.947: [GC (Allocation Failure) [PSYoungGen: 62848K->1344K(63488K)] 427971K->366467K(721408K), 0.0019375 secs] [Times: user=0.01 sys=0.00, real=0.00 secs] 
917.202: [GC (Allocation Failure) [PSYoungGen: 62784K->1424K(63488K)] 427907K->366547K(721408K), 0.0020733 secs] [Times: user=0.01 sys=0.00, real=0.00 secs] 
917.458: [GC (Allocation Failure) [PSYoungGen: 62864K->1408K(63488K)] 427987K->366531K(721408K), 0.0021090 secs] [Times: user=0.01 sys=0.00, real=0.00 secs] 
917.866: [GC (Allocation Failure) [PSYoungGen: 62848K->1597K(63488K)] 427971K->366720K(721408K), 0.0016493 secs] [Times: user=0.01 sys=0.00, real=0.01 secs] 
918.237: [GC (Allocation Failure) [PSYoungGen: 63037K->1549K(63488K)] 428160K->366680K(721408K), 0.0016083 secs] [Times: user=0.01 sys=0.01, real=0.00 secs] 
918.607: [GC (Allocation Failure) [PSYoungGen: 62965K->1584K(63488K)] 428096K->366715K(721408K), 0.0017517 secs] [Times: user=0.00 sys=0.00, real=0.00 secs] 
918.975: [GC (Allocation Failure) [PSYoungGen: 63007K->1549K(63488K)] 428138K->366680K(721408K), 0.0015923 secs] [Times: user=0.00 sys=0.00, real=0.01 secs] 
919.544: [GC (Allocation Failure) [PSYoungGen: 62989K->1424K(63488K)] 428120K->366555K(721408K), 0.0019931 secs] [Times: user=0.00 sys=0.00, real=0.01 secs] 
920.066: [GC (Allocation Failure) [PSYoungGen: 62864K->1344K(63488K)] 427995K->366475K(721408K), 0.0019701 secs] [Times: user=0.00 sys=0.00, real=0.01 secs] 
920.587: [GC (Allocation Failure) [PSYoungGen: 62784K->1440K(63488K)] 427915K->366571K(721408K), 0.0020644 secs] [Times: user=0.01 sys=0.01, real=0.00 secs] 
920.969: [GC (Allocation Failure) [PSYoungGen: 62880K->1376K(63488K)] 428011K->366507K(721408K), 0.0021111 secs] [Times: user=0.01 sys=0.00, real=0.00 secs] 
921.291: [GC (Allocation Failure) [PSYoungGen: 62816K->1453K(63488K)] 427947K->366608K(721408K), 0.0014763 secs] [Times: user=0.01 sys=0.00, real=0.00 secs] 
921.664: [GC (Allocation Failure) [PSYoungGen: 62893K->1565K(63488K)] 428048K->366720K(721408K), 0.0017489 secs] [Times: user=0.01 sys=0.00, real=0.01 secs] 
922.046: [GC (Allocation Failure) [PSYoungGen: 63005K->1597K(63488K)] 428160K->366768K(721408K), 0.0016645 secs] [Times: user=0.01 sys=0.00, real=0.00 secs] 
922.418: [GC (Allocation Failure) [PSYoungGen: 63037K->1549K(63488K)] 428208K->366720K(721408K), 0.0016570 secs] [Times: user=0.01 sys=0.00, real=0.00 secs] 
923.251: [GC (Allocation Failure) [PSYoungGen: 62989K->1504K(63488K)] 428160K->366675K(721408K), 0.0025636 secs] [Times: user=0.01 sys=0.00, real=0.00 secs] 
924.166: [GC (Allocation Failure) [PSYoungGen: 62944K->1376K(63488K)] 428115K->366547K(721408K), 0.0035640 secs] [Times: user=0.01 sys=0.00, real=0.00 secs] 
924.721: [GC (Allocation Failure) [PSYoungGen: 62816K->1376K(63488K)] 427987K->366547K(721408K), 0.0033192 secs] [Times: user=0.01 sys=0.00, real=0.00 secs] 
925.321: [GC (Allocation Failure) [PSYoungGen: 62816K->1392K(63488K)] 427987K->366563K(721408K), 0.0033271 secs] [Times: user=0.02 sys=0.00, real=0.00 secs] 
926.165: [GC (Allocation Failure) [PSYoungGen: 62832K->1392K(63488K)] 428003K->366563K(721408K), 0.0027399 secs] [Times: user=0.02 sys=0.00, real=0.01 secs] 
926.786: [GC (Allocation Failure) [PSYoungGen: 62804K->1517K(63488K)] 427975K->366688K(721408K), 0.0016545 secs] [Times: user=0.01 sys=0.00, real=0.01 secs] 
927.159: [GC (Allocation Failure) [PSYoungGen: 62957K->1581K(63488K)] 428128K->366752K(721408K), 0.0016280 secs] [Times: user=0.00 sys=0.00, real=0.00 secs] 
927.531: [GC (Allocation Failure) [PSYoungGen: 63021K->1517K(63488K)] 428192K->366696K(721408K), 0.0015503 secs] [Times: user=0.00 sys=0.00, real=0.00 secs] 
927.902: [GC (Allocation Failure) [PSYoungGen: 62957K->1613K(63488K)] 428136K->366792K(721408K), 0.0016277 secs] [Times: user=0.00 sys=0.00, real=0.00 secs] 
928.198: [GC (Allocation Failure) [PSYoungGen: 63053K->1440K(63488K)] 428232K->366619K(721408K), 0.0028051 secs] [Times: user=0.01 sys=0.00, real=0.00 secs] 
928.458: [GC (Allocation Failure) [PSYoungGen: 62880K->1408K(63488K)] 428059K->366587K(721408K), 0.0021474 secs] [Times: user=0.01 sys=0.00, real=0.00 secs] 
928.721: [GC (Allocation Failure) [PSYoungGen: 62848K->1376K(63488K)] 428027K->366555K(721408K), 0.0019527 secs] [Times: user=0.01 sys=0.00, real=0.00 secs] 
929.160: [GC (Allocation Failure) [PSYoungGen: 62816K->1408K(63488K)] 427995K->366587K(721408K), 0.0019948 secs] [Times: user=0.01 sys=0.00, real=0.00 secs] 
929.713: [GC (Allocation Failure) [PSYoungGen: 62848K->1437K(63488K)] 428027K->366616K(721408K), 0.0015125 secs] [Times: user=0.01 sys=0.00, real=0.00 secs] 
930.085: [GC (Allocation Failure) [PSYoungGen: 62877K->1517K(63488K)] 428056K->366696K(721408K), 0.0015759 secs] [Times: user=0.00 sys=0.00, real=0.01 secs] 
930.454: [GC (Allocation Failure) [PSYoungGen: 62941K->1613K(63488K)] 428120K->366800K(721408K), 0.0017861 secs] [Times: user=0.00 sys=0.00, real=0.00 secs] 
930.826: [GC (Allocation Failure) [PSYoungGen: 63053K->1581K(63488K)] 428240K->366768K(721408K), 0.0016367 secs] [Times: user=0.01 sys=0.00, real=0.01 secs] 
931.175: [GC (Allocation Failure) [PSYoungGen: 63021K->1440K(63488K)] 428208K->366627K(721408K), 0.0017356 secs] [Times: user=0.01 sys=0.00, real=0.01 secs] 
931.430: [GC (Allocation Failure) [PSYoungGen: 62880K->1376K(63488K)] 428067K->366563K(721408K), 0.0015596 secs] [Times: user=0.00 sys=0.00, real=0.00 secs] 
931.684: [GC (Allocation Failure) [PSYoungGen: 62816K->1392K(63488K)] 428003K->366603K(721408K), 0.0015220 secs] [Times: user=0.00 sys=0.00, real=0.00 secs] 
931.939: [GC (Allocation Failure) [PSYoungGen: 62832K->1392K(63488K)] 428043K->366603K(721408K), 0.0015970 secs] [Times: user=0.00 sys=0.00, real=0.00 secs] 
932.193: [GC (Allocation Failure) [PSYoungGen: 62832K->1344K(63488K)] 428043K->366555K(721408K), 0.0015490 secs] [Times: user=0.01 sys=0.00, real=0.00 secs] 
932.543: [GC (Allocation Failure) [PSYoungGen: 62784K->1549K(63488K)] 427995K->366760K(721408K), 0.0015897 secs] [Times: user=0.01 sys=0.00, real=0.00 secs] 
932.914: [GC (Allocation Failure) [PSYoungGen: 62989K->1549K(63488K)] 428200K->366760K(721408K), 0.0016241 secs] [Times: user=0.00 sys=0.00, real=0.00 secs] 
933.347: [GC (Allocation Failure) [PSYoungGen: 62967K->1565K(63488K)] 428178K->366784K(721408K), 0.0016899 secs] [Times: user=0.01 sys=0.00, real=0.00 secs] 
933.779: [GC (Allocation Failure) [PSYoungGen: 63005K->1613K(63488K)] 428224K->366832K(721408K), 0.0018052 secs] [Times: user=0.00 sys=0.00, real=0.00 secs] 
934.093: [GC (Allocation Failure) [PSYoungGen: 63053K->1440K(63488K)] 428272K->366659K(721408K), 0.0024211 secs] [Times: user=0.01 sys=0.00, real=0.00 secs] 
934.349: [GC (Allocation Failure) [PSYoungGen: 62880K->1376K(63488K)] 428099K->366595K(721408K), 0.0021956 secs] [Times: user=0.01 sys=0.00, real=0.00 secs] 
934.605: [GC (Allocation Failure) [PSYoungGen: 62816K->1408K(63488K)] 428035K->366627K(721408K), 0.0019557 secs] [Times: user=0.01 sys=0.00, real=0.01 secs] 
934.861: [GC (Allocation Failure) [PSYoungGen: 62848K->1376K(63488K)] 428067K->366595K(721408K), 0.0018882 secs] [Times: user=0.01 sys=0.00, real=0.00 secs] 
935.157: [GC (Allocation Failure) [PSYoungGen: 62816K->1453K(63488K)] 428035K->366672K(721408K), 0.0014717 secs] [Times: user=0.00 sys=0.00, real=0.00 secs] 
935.530: [GC (Allocation Failure) [PSYoungGen: 62893K->1549K(63488K)] 428112K->366768K(721408K), 0.0015930 secs] [Times: user=0.01 sys=0.00, real=0.00 secs] 
935.904: [GC (Allocation Failure) [PSYoungGen: 62975K->1565K(63488K)] 428195K->366800K(721408K), 0.0017402 secs] [Times: user=0.01 sys=0.00, real=0.01 secs] 
936.273: [GC (Allocation Failure) [PSYoungGen: 63005K->1597K(63488K)] 428240K->366832K(721408K), 0.0015239 secs] [Times: user=0.01 sys=0.00, real=0.00 secs] 
936.725: [GC (Allocation Failure) [PSYoungGen: 63037K->1488K(63488K)] 428272K->368771K(721408K), 0.0022469 secs] [Times: user=0.01 sys=0.00, real=0.01 secs] 
937.013: [GC (Allocation Failure) [PSYoungGen: 62928K->384K(63488K)] 430211K->367667K(721408K), 0.0022067 secs] [Times: user=0.01 sys=0.00, real=0.00 secs] 
937.269: [GC (Allocation Failure) [PSYoungGen: 61824K->368K(63488K)] 429107K->367651K(721408K), 0.0020063 secs] [Times: user=0.01 sys=0.00, real=0.00 secs] 
937.554: [GC (Allocation Failure) [PSYoungGen: 61808K->416K(63488K)] 429091K->367699K(721408K), 0.0021770 secs] [Times: user=0.01 sys=0.00, real=0.01 secs] 
937.843: [GC (Allocation Failure) [PSYoungGen: 61856K->384K(64000K)] 429139K->367667K(721920K), 0.0019449 secs] [Times: user=0.01 sys=0.00, real=0.00 secs] 
938.205: [GC (Allocation Failure) [PSYoungGen: 61824K->1501K(64000K)] 429107K->368784K(721920K), 0.0016500 secs] [Times: user=0.01 sys=0.00, real=0.01 secs] 
938.578: [GC (Allocation Failure) [PSYoungGen: 62941K->1517K(64000K)] 430224K->368800K(721920K), 0.0016162 secs] [Times: user=0.00 sys=0.00, real=0.00 secs] 
938.946: [GC (Allocation Failure) [PSYoungGen: 62945K->1581K(64000K)] 430228K->368872K(721920K), 0.0016964 secs] [Times: user=0.01 sys=0.00, real=0.00 secs] 
939.316: [GC (Allocation Failure) [PSYoungGen: 63021K->1565K(64000K)] 430312K->368856K(721920K), 0.0017011 secs] [Times: user=0.01 sys=0.00, real=0.00 secs] 
939.941: [GC (Allocation Failure) [PSYoungGen: 63005K->1408K(64000K)] 430296K->368699K(721920K), 0.0021526 secs] [Times: user=0.00 sys=0.00, real=0.00 secs] 
940.457: [GC (Allocation Failure) [PSYoungGen: 62848K->1408K(64000K)] 430139K->368699K(721920K), 0.0023528 secs] [Times: user=0.01 sys=0.00, real=0.00 secs] 
940.789: [GC (Allocation Failure) [PSYoungGen: 62848K->1376K(64000K)] 430139K->368667K(721920K), 0.0023101 secs] [Times: user=0.00 sys=0.00, real=0.00 secs] 
941.157: [GC (Allocation Failure) [PSYoungGen: 62816K->1344K(64000K)] 430107K->368659K(721920K), 0.0022688 secs] [Times: user=0.01 sys=0.00, real=0.00 secs] 
941.702: [GC (Allocation Failure) [PSYoungGen: 62784K->1501K(64000K)] 430099K->368816K(721920K), 0.0021643 secs] [Times: user=0.01 sys=0.00, real=0.00 secs] 
942.106: [GC (Allocation Failure) [PSYoungGen: 62941K->1597K(64000K)] 430256K->368912K(721920K), 0.0015912 secs] [Times: user=0.00 sys=0.00, real=0.00 secs] 
942.543: [GC (Allocation Failure) [PSYoungGen: 63013K->1584K(64000K)] 430328K->368915K(721920K), 0.0016302 secs] [Times: user=0.00 sys=0.00, real=0.00 secs] 
942.976: [GC (Allocation Failure) [PSYoungGen: 63024K->1613K(64000K)] 430355K->368944K(721920K), 0.0016116 secs] [Times: user=0.01 sys=0.00, real=0.00 secs] 
943.383: [GC (Allocation Failure) [PSYoungGen: 63053K->2032K(64000K)] 430384K->369371K(721920K), 0.0020167 secs] [Times: user=0.01 sys=0.00, real=0.00 secs] 
943.685: [GC (Allocation Failure) [PSYoungGen: 63472K->1440K(64000K)] 430811K->368779K(721920K), 0.0028622 secs] [Times: user=0.01 sys=0.00, real=0.01 secs] 
943.934: [GC (Allocation Failure) [PSYoungGen: 62880K->1408K(64000K)] 430219K->368747K(721920K), 0.0021143 secs] [Times: user=0.01 sys=0.00, real=0.01 secs] 
944.233: [GC (Allocation Failure) [PSYoungGen: 62848K->1344K(64000K)] 430187K->368683K(721920K), 0.0049891 secs] [Times: user=0.02 sys=0.00, real=0.01 secs] 
944.791: [GC (Allocation Failure) [PSYoungGen: 62784K->1344K(62976K)] 430123K->368683K(720896K), 0.0025677 secs] [Times: user=0.01 sys=0.00, real=0.00 secs] 
945.410: [GC (Allocation Failure) [PSYoungGen: 62784K->1533K(63488K)] 430123K->368872K(721408K), 0.0016450 secs] [Times: user=0.01 sys=0.00, real=0.00 secs] 
945.786: [GC (Allocation Failure) [PSYoungGen: 62973K->1565K(63488K)] 430312K->368904K(721408K), 0.0015990 secs] [Times: user=0.01 sys=0.00, real=0.00 secs] 
946.159: [GC (Allocation Failure) [PSYoungGen: 62986K->1533K(63488K)] 430325K->368880K(721408K), 0.0017194 secs] [Times: user=0.01 sys=0.00, real=0.00 secs] 
946.528: [GC (Allocation Failure) [PSYoungGen: 62973K->1645K(63488K)] 430320K->368992K(721408K), 0.0018003 secs] [Times: user=0.00 sys=0.00, real=0.00 secs] 
946.878: [GC (Allocation Failure) [PSYoungGen: 63085K->1408K(63488K)] 430432K->368763K(721408K), 0.0018009 secs] [Times: user=0.01 sys=0.00, real=0.00 secs] 
947.154: [GC (Allocation Failure) [PSYoungGen: 62848K->1344K(63488K)] 430203K->368699K(721408K), 0.0019719 secs] [Times: user=0.01 sys=0.00, real=0.00 secs] 
947.519: [GC (Allocation Failure) [PSYoungGen: 62784K->1408K(63488K)] 430139K->368763K(721408K), 0.0021666 secs] [Times: user=0.01 sys=0.00, real=0.00 secs] 
948.049: [GC (Allocation Failure) [PSYoungGen: 62848K->1408K(63488K)] 430203K->368763K(721408K), 0.0021457 secs] [Times: user=0.01 sys=0.00, real=0.00 secs] 
948.656: [GC (Allocation Failure) [PSYoungGen: 62758K->352K(63488K)] 430113K->367707K(721408K), 0.0041491 secs] [Times: user=0.02 sys=0.00, real=0.00 secs] 
949.154: [GC (Allocation Failure) [PSYoungGen: 61792K->1565K(63488K)] 429147K->368920K(721408K), 0.0016079 secs] [Times: user=0.01 sys=0.00, real=0.00 secs] 
949.591: [GC (Allocation Failure) [PSYoungGen: 62990K->1581K(63488K)] 430345K->368952K(721408K), 0.0016219 secs] [Times: user=0.01 sys=0.00, real=0.00 secs] 
949.960: [GC (Allocation Failure) [PSYoungGen: 63021K->1613K(63488K)] 430392K->368984K(721408K), 0.0018559 secs] [Times: user=0.00 sys=0.00, real=0.00 secs] 
950.324: [GC (Allocation Failure) [PSYoungGen: 62801K->320K(64000K)] 430172K->367691K(721920K), 0.0016948 secs] [Times: user=0.01 sys=0.00, real=0.00 secs] 
950.807: [GC (Allocation Failure) [PSYoungGen: 61760K->1376K(64000K)] 429131K->368747K(721920K), 0.0022892 secs] [Times: user=0.01 sys=0.00, real=0.00 secs] 
951.094: [GC (Allocation Failure) [PSYoungGen: 62816K->1376K(64000K)] 430187K->368747K(721920K), 0.0021093 secs] [Times: user=0.01 sys=0.00, real=0.00 secs] 
951.349: [GC (Allocation Failure) [PSYoungGen: 62816K->1376K(62976K)] 430187K->368747K(720896K), 0.0022057 secs] [Times: user=0.01 sys=0.00, real=0.00 secs] 
951.614: [GC (Allocation Failure) [PSYoungGen: 62816K->1376K(63488K)] 430187K->368763K(721408K), 0.0021336 secs] [Times: user=0.01 sys=0.00, real=0.01 secs] 
951.949: [GC (Allocation Failure) [PSYoungGen: 62795K->1453K(63488K)] 430182K->368840K(721408K), 0.0015373 secs] [Times: user=0.01 sys=0.00, real=0.00 secs] 
952.319: [GC (Allocation Failure) [PSYoungGen: 62893K->1568K(63488K)] 430280K->368955K(721408K), 0.0017120 secs] [Times: user=0.00 sys=0.00, real=0.00 secs] 
952.698: [GC (Allocation Failure) [PSYoungGen: 62996K->1581K(63488K)] 430383K->368984K(721408K), 0.0015802 secs] [Times: user=0.01 sys=0.00, real=0.00 secs] 
953.127: [GC (Allocation Failure) [PSYoungGen: 63021K->1565K(63488K)] 430424K->368968K(721408K), 0.0016177 secs] [Times: user=0.00 sys=0.00, real=0.00 secs] 
953.659: [GC (Allocation Failure) [PSYoungGen: 63005K->1472K(63488K)] 430408K->368883K(721408K), 0.0023735 secs] [Times: user=0.01 sys=0.00, real=0.00 secs] 
954.365: [GC (Allocation Failure) [PSYoungGen: 62912K->1408K(63488K)] 430323K->368819K(721408K), 0.0027500 secs] [Times: user=0.01 sys=0.00, real=0.01 secs] 
954.874: [GC (Allocation Failure) [PSYoungGen: 62848K->1408K(63488K)] 430259K->368819K(721408K), 0.0036654 secs] [Times: user=0.02 sys=0.00, real=0.01 secs] 
955.151: [GC (Allocation Failure) [PSYoungGen: 62848K->1376K(63488K)] 430259K->368787K(721408K), 0.0018985 secs] [Times: user=0.00 sys=0.00, real=0.00 secs] 
955.418: [GC (Allocation Failure) [PSYoungGen: 62816K->1376K(63488K)] 430227K->368787K(721408K), 0.0021171 secs] [Times: user=0.01 sys=0.00, real=0.00 secs] 
955.834: [GC (Allocation Failure) [PSYoungGen: 62816K->1517K(63488K)] 430227K->368928K(721408K), 0.0018428 secs] [Times: user=0.01 sys=0.00, real=0.00 secs] 
956.209: [GC (Allocation Failure) [PSYoungGen: 62957K->1581K(63488K)] 430368K->369000K(721408K), 0.0016864 secs] [Times: user=0.01 sys=0.00, real=0.00 secs] 
956.581: [GC (Allocation Failure) [PSYoungGen: 63021K->1613K(63488K)] 430440K->369040K(721408K), 0.0016331 secs] [Times: user=0.01 sys=0.00, real=0.00 secs] 
956.950: [GC (Allocation Failure) [PSYoungGen: 63035K->1597K(63488K)] 430462K->369024K(721408K), 0.0016703 secs] [Times: user=0.01 sys=0.00, real=0.00 secs] 
957.239: [GC (Allocation Failure) [PSYoungGen: 63037K->1440K(63488K)] 430464K->368867K(721408K), 0.0018326 secs] [Times: user=0.01 sys=0.00, real=0.00 secs] 
957.494: [GC (Allocation Failure) [PSYoungGen: 62880K->1408K(63488K)] 430307K->368835K(721408K), 0.0017892 secs] [Times: user=0.01 sys=0.01, real=0.00 secs] 
957.749: [GC (Allocation Failure) [PSYoungGen: 62848K->1424K(63488K)] 430275K->368851K(721408K), 0.0017126 secs] [Times: user=0.01 sys=0.00, real=0.00 secs] 
958.004: [GC (Allocation Failure) [PSYoungGen: 62864K->1344K(63488K)] 430291K->368771K(721408K), 0.0019622 secs] [Times: user=0.01 sys=0.00, real=0.00 secs] 
958.325: [GC (Allocation Failure) [PSYoungGen: 62784K->1501K(63488K)] 430211K->368928K(721408K), 0.0016082 secs] [Times: user=0.01 sys=0.00, real=0.01 secs] 
958.699: [GC (Allocation Failure) [PSYoungGen: 62941K->1549K(63488K)] 430368K->368976K(721408K), 0.0016804 secs] [Times: user=0.00 sys=0.00, real=0.00 secs] 
959.068: [GC (Allocation Failure) [PSYoungGen: 62973K->1613K(63488K)] 430400K->369056K(721408K), 0.0016230 secs] [Times: user=0.01 sys=0.00, real=0.00 secs] 
959.438: [GC (Allocation Failure) [PSYoungGen: 63053K->1581K(63488K)] 430496K->369024K(721408K), 0.0017021 secs] [Times: user=0.01 sys=0.00, real=0.00 secs] 
960.036: [GC (Allocation Failure) [PSYoungGen: 63021K->1488K(63488K)] 430464K->368939K(721408K), 0.0018182 secs] [Times: user=0.01 sys=0.00, real=0.00 secs] 
960.777: [GC (Allocation Failure) [PSYoungGen: 62928K->1408K(63488K)] 430379K->368859K(721408K), 0.0032529 secs] [Times: user=0.01 sys=0.00, real=0.00 secs] 
961.404: [GC (Allocation Failure) [PSYoungGen: 62848K->1408K(63488K)] 430299K->368859K(721408K), 0.0033257 secs] [Times: user=0.02 sys=0.00, real=0.01 secs] 
961.738: [GC (Allocation Failure) [PSYoungGen: 62848K->1376K(63488K)] 430299K->368843K(721408K), 0.0021125 secs] [Times: user=0.01 sys=0.00, real=0.00 secs] 
962.051: [GC (Allocation Failure) [PSYoungGen: 62816K->1408K(63488K)] 430283K->368875K(721408K), 0.0020013 secs] [Times: user=0.01 sys=0.00, real=0.00 secs] 
962.541: [GC (Allocation Failure) [PSYoungGen: 62848K->1517K(63488K)] 430315K->368984K(721408K), 0.0018371 secs] [Times: user=0.01 sys=0.00, real=0.00 secs] 
962.988: [GC (Allocation Failure) [PSYoungGen: 62933K->1501K(63488K)] 430400K->368968K(721408K), 0.0016935 secs] [Times: user=0.00 sys=0.00, real=0.00 secs] 
963.357: [GC (Allocation Failure) [PSYoungGen: 62941K->1549K(63488K)] 430408K->369032K(721408K), 0.0016825 secs] [Times: user=0.01 sys=0.00, real=0.00 secs] 
963.793: [GC (Allocation Failure) [PSYoungGen: 62979K->1517K(63488K)] 430462K->369000K(721408K), 0.0020904 secs] [Times: user=0.00 sys=0.00, real=0.00 secs] 
964.483: [GC (Allocation Failure) [PSYoungGen: 62957K->1440K(63488K)] 430440K->368923K(721408K), 0.0036537 secs] [Times: user=0.02 sys=0.00, real=0.01 secs] 
964.839: [GC (Allocation Failure) [PSYoungGen: 62880K->1408K(63488K)] 430363K->368891K(721408K), 0.0021725 secs] [Times: user=0.01 sys=0.00, real=0.00 secs] 
965.106: [GC (Allocation Failure) [PSYoungGen: 62848K->1376K(63488K)] 430331K->368859K(721408K), 0.0025718 secs] [Times: user=0.01 sys=0.00, real=0.01 secs] 
965.352: [GC (Allocation Failure) [PSYoungGen: 62816K->1440K(63488K)] 430299K->368923K(721408K), 0.0020810 secs] [Times: user=0.01 sys=0.00, real=0.00 secs] 
965.667: [GC (Allocation Failure) [PSYoungGen: 62853K->1501K(63488K)] 430336K->368984K(721408K), 0.0015564 secs] [Times: user=0.00 sys=0.00, real=0.00 secs] 
966.040: [GC (Allocation Failure) [PSYoungGen: 62922K->1520K(63488K)] 430405K->369003K(721408K), 0.0015849 secs] [Times: user=0.01 sys=0.00, real=0.00 secs] 
966.413: [GC (Allocation Failure) [PSYoungGen: 62960K->1613K(63488K)] 430443K->369112K(721408K), 0.0015880 secs] [Times: user=0.00 sys=0.00, real=0.00 secs] 
966.784: [GC (Allocation Failure) [PSYoungGen: 63042K->1597K(63488K)] 430541K->369096K(721408K), 0.0016972 secs] [Times: user=0.01 sys=0.00, real=0.00 secs] 
967.251: [GC (Allocation Failure) [PSYoungGen: 63037K->1504K(63488K)] 430536K->371051K(721408K), 0.0022738 secs] [Times: user=0.01 sys=0.00, real=0.00 secs] 
967.798: [GC (Allocation Failure) [PSYoungGen: 62944K->1408K(63488K)] 432491K->370963K(721408K), 0.0032824 secs] [Times: user=0.02 sys=0.00, real=0.00 secs] 
968.131: [GC (Allocation Failure) [PSYoungGen: 62848K->1392K(63488K)] 432403K->370947K(721408K), 0.0023725 secs] [Times: user=0.01 sys=0.00, real=0.00 secs] 
968.423: [GC (Allocation Failure) [PSYoungGen: 62832K->1376K(63488K)] 432387K->370931K(721408K), 0.0022297 secs] [Times: user=0.01 sys=0.00, real=0.00 secs] 
968.709: [GC (Allocation Failure) [PSYoungGen: 62816K->1408K(63488K)] 432371K->370963K(721408K), 0.0020986 secs] [Times: user=0.01 sys=0.00, real=0.00 secs] 
969.081: [GC (Allocation Failure) [PSYoungGen: 62817K->1485K(63488K)] 432372K->371040K(721408K), 0.0015358 secs] [Times: user=0.00 sys=0.00, real=0.00 secs] 
969.456: [GC (Allocation Failure) [PSYoungGen: 62925K->1581K(63488K)] 432480K->371144K(721408K), 0.0017204 secs] [Times: user=0.00 sys=0.00, real=0.00 secs] 
969.892: [GC (Allocation Failure) [PSYoungGen: 63021K->1600K(63488K)] 432584K->371179K(721408K), 0.0016604 secs] [Times: user=0.01 sys=0.00, real=0.00 secs] 
970.320: [GC (Allocation Failure) [PSYoungGen: 63022K->1629K(63488K)] 432601K->371208K(721408K), 0.0017641 secs] [Times: user=0.01 sys=0.00, real=0.00 secs] 
970.641: [GC (Allocation Failure) [PSYoungGen: 63069K->1376K(63488K)] 432648K->370955K(721408K), 0.0028793 secs] [Times: user=0.02 sys=0.00, real=0.00 secs] 
971.048: [GC (Allocation Failure) [PSYoungGen: 62816K->1376K(63488K)] 432395K->370955K(721408K), 0.0022831 secs] [Times: user=0.01 sys=0.00, real=0.00 secs] 
971.525: [GC (Allocation Failure) [PSYoungGen: 62816K->1408K(63488K)] 432395K->371003K(721408K), 0.0022086 secs] [Times: user=0.01 sys=0.00, real=0.01 secs] 
972.125: [GC (Allocation Failure) [PSYoungGen: 62848K->1408K(63488K)] 432443K->371003K(721408K), 0.0020232 secs] [Times: user=0.01 sys=0.00, real=0.01 secs] 
972.810: [GC (Allocation Failure) [PSYoungGen: 62848K->1437K(63488K)] 432443K->371032K(721408K), 0.0019669 secs] [Times: user=0.01 sys=0.00, real=0.00 secs] 
973.195: [GC (Allocation Failure) [PSYoungGen: 62877K->1533K(63488K)] 432472K->371128K(721408K), 0.0017284 secs] [Times: user=0.01 sys=0.00, real=0.01 secs] 
973.565: [GC (Allocation Failure) [PSYoungGen: 62957K->1613K(63488K)] 432552K->371224K(721408K), 0.0016176 secs] [Times: user=0.01 sys=0.00, real=0.01 secs] 
973.934: [GC (Allocation Failure) [PSYoungGen: 63053K->1549K(63488K)] 432664K->371168K(721408K), 0.0016026 secs] [Times: user=0.01 sys=0.00, real=0.00 secs] 
974.318: [GC (Allocation Failure) [PSYoungGen: 62989K->1424K(63488K)] 432608K->371051K(721408K), 0.0020116 secs] [Times: user=0.01 sys=0.00, real=0.00 secs] 
974.583: [GC (Allocation Failure) [PSYoungGen: 62864K->1376K(63488K)] 432491K->371003K(721408K), 0.0019776 secs] [Times: user=0.01 sys=0.00, real=0.00 secs] 
974.890: [GC (Allocation Failure) [PSYoungGen: 62816K->1408K(63488K)] 432443K->371043K(721408K), 0.0018843 secs] [Times: user=0.01 sys=0.00, real=0.00 secs] 
975.291: [GC (Allocation Failure) [PSYoungGen: 62848K->1392K(63488K)] 432483K->371027K(721408K), 0.0019763 secs] [Times: user=0.00 sys=0.00, real=0.00 secs] 
976.037: [GC (Allocation Failure) [PSYoungGen: 62832K->1376K(63488K)] 432467K->371011K(721408K), 0.0047452 secs] [Times: user=0.02 sys=0.00, real=0.00 secs] 
976.719: [GC (Allocation Failure) [PSYoungGen: 62816K->1552K(63488K)] 432451K->371187K(721408K), 0.0017002 secs] [Times: user=0.00 sys=0.00, real=0.00 secs] 
977.092: [GC (Allocation Failure) [PSYoungGen: 62992K->1645K(63488K)] 432627K->371280K(721408K), 0.0017441 secs] [Times: user=0.00 sys=0.00, real=0.00 secs] 
977.460: [GC (Allocation Failure) [PSYoungGen: 63066K->1597K(63488K)] 432702K->371240K(721408K), 0.0015766 secs] [Times: user=0.00 sys=0.00, real=0.00 secs] 
977.829: [GC (Allocation Failure) [PSYoungGen: 63037K->1613K(63488K)] 432680K->371256K(721408K), 0.0015562 secs] [Times: user=0.01 sys=0.00, real=0.00 secs] 
978.184: [GC (Allocation Failure) [PSYoungGen: 63053K->1408K(63488K)] 432696K->371059K(721408K), 0.0020207 secs] [Times: user=0.01 sys=0.00, real=0.01 secs] 
978.440: [GC (Allocation Failure) [PSYoungGen: 62848K->1424K(63488K)] 432499K->371075K(721408K), 0.0017912 secs] [Times: user=0.01 sys=0.00, real=0.00 secs] 
978.695: [GC (Allocation Failure) [PSYoungGen: 62864K->1408K(63488K)] 432515K->371059K(721408K), 0.0019952 secs] [Times: user=0.01 sys=0.00, real=0.01 secs] 
978.951: [GC (Allocation Failure) [PSYoungGen: 62848K->1344K(63488K)] 432499K->370995K(721408K), 0.0031541 secs] [Times: user=0.01 sys=0.00, real=0.00 secs] 
979.271: [GC (Allocation Failure) [PSYoungGen: 62784K->1469K(63488K)] 432435K->371120K(721408K), 0.0021160 secs] [Times: user=0.01 sys=0.00, real=0.00 secs] 
979.665: [GC (Allocation Failure) [PSYoungGen: 62882K->1517K(63488K)] 432533K->371168K(721408K), 0.0015980 secs] [Times: user=0.01 sys=0.00, real=0.01 secs] 
980.034: [GC (Allocation Failure) [PSYoungGen: 62930K->1549K(63488K)] 432581K->371216K(721408K), 0.0016751 secs] [Times: user=0.01 sys=0.00, real=0.00 secs] 
980.402: [GC (Allocation Failure) [PSYoungGen: 62989K->1565K(63488K)] 432656K->371232K(721408K), 0.0017005 secs] [Times: user=0.01 sys=0.00, real=0.00 secs] 
980.845: [GC (Allocation Failure) [PSYoungGen: 63005K->2032K(63488K)] 432672K->371707K(721408K), 0.0020489 secs] [Times: user=0.01 sys=0.00, real=0.01 secs] 
981.244: [GC (Allocation Failure) [PSYoungGen: 63472K->1424K(63488K)] 433147K->371115K(721408K), 0.0020491 secs] [Times: user=0.00 sys=0.00, real=0.00 secs] 
981.505: [GC (Allocation Failure) [PSYoungGen: 62864K->1376K(63488K)] 432555K->371067K(721408K), 0.0020647 secs] [Times: user=0.01 sys=0.00, real=0.01 secs] 
981.868: [GC (Allocation Failure) [PSYoungGen: 62816K->1376K(63488K)] 432507K->371067K(721408K), 0.0021368 secs] [Times: user=0.01 sys=0.00, real=0.00 secs] 
982.154: [GC (Allocation Failure) [PSYoungGen: 62816K->1376K(63488K)] 432507K->371067K(721408K), 0.0020104 secs] [Times: user=0.01 sys=0.00, real=0.01 secs] 
982.660: [GC (Allocation Failure) [PSYoungGen: 62816K->1517K(63488K)] 432507K->371208K(721408K), 0.0016430 secs] [Times: user=0.01 sys=0.00, real=0.00 secs] 
983.033: [GC (Allocation Failure) [PSYoungGen: 62957K->1552K(63488K)] 432648K->371243K(721408K), 0.0016320 secs] [Times: user=0.00 sys=0.00, real=0.00 secs] 
983.409: [GC (Allocation Failure) [PSYoungGen: 62976K->1584K(63488K)] 432667K->371291K(721408K), 0.0015954 secs] [Times: user=0.01 sys=0.00, real=0.00 secs] 
983.779: [GC (Allocation Failure) [PSYoungGen: 63024K->1549K(63488K)] 432731K->371256K(721408K), 0.0016407 secs] [Times: user=0.01 sys=0.00, real=0.00 secs] 
985.038: [GC (Allocation Failure) [PSYoungGen: 62989K->1424K(63488K)] 432696K->371139K(721408K), 0.0029613 secs] [Times: user=0.01 sys=0.00, real=0.00 secs] 
985.516: [GC (Allocation Failure) [PSYoungGen: 62864K->1376K(63488K)] 432579K->371091K(721408K), 0.0027086 secs] [Times: user=0.01 sys=0.00, real=0.01 secs] 
986.082: [GC (Allocation Failure) [PSYoungGen: 62816K->1408K(63488K)] 432531K->371123K(721408K), 0.0028622 secs] [Times: user=0.01 sys=0.00, real=0.00 secs] 
986.905: [GC (Allocation Failure) [PSYoungGen: 62848K->1376K(63488K)] 432563K->371091K(721408K), 0.0043213 secs] [Times: user=0.02 sys=0.00, real=0.01 secs] 
987.694: [GC (Allocation Failure) [PSYoungGen: 62795K->1469K(63488K)] 432510K->371184K(721408K), 0.0032315 secs] [Times: user=0.01 sys=0.00, real=0.01 secs] 
988.157: [GC (Allocation Failure) [PSYoungGen: 62909K->1597K(63488K)] 432624K->371312K(721408K), 0.0016002 secs] [Times: user=0.00 sys=0.00, real=0.00 secs] 
988.528: [GC (Allocation Failure) [PSYoungGen: 63018K->1565K(63488K)] 432734K->371296K(721408K), 0.0016836 secs] [Times: user=0.00 sys=0.00, real=0.00 secs] 
988.963: [GC (Allocation Failure) [PSYoungGen: 63005K->1581K(63488K)] 432736K->371312K(721408K), 0.0018346 secs] [Times: user=0.01 sys=0.00, real=0.00 secs] 
989.373: [GC (Allocation Failure) [PSYoungGen: 63021K->1648K(63488K)] 432752K->371379K(721408K), 0.0018207 secs] [Times: user=0.00 sys=0.00, real=0.00 secs] 
989.680: [GC (Allocation Failure) [PSYoungGen: 63088K->1376K(63488K)] 432819K->371107K(721408K), 0.0014896 secs] [Times: user=0.01 sys=0.00, real=0.00 secs] 
990.008: [GC (Allocation Failure) [PSYoungGen: 62816K->1408K(63488K)] 432547K->371139K(721408K), 0.0021245 secs] [Times: user=0.01 sys=0.00, real=0.00 secs] 
990.522: [GC (Allocation Failure) [PSYoungGen: 62848K->1376K(63488K)] 432579K->371107K(721408K), 0.0020024 secs] [Times: user=0.01 sys=0.00, real=0.00 secs] 
991.175: [GC (Allocation Failure) [PSYoungGen: 62816K->1376K(63488K)] 432547K->371107K(721408K), 0.0019707 secs] [Times: user=0.01 sys=0.00, real=0.01 secs] 
991.748: [GC (Allocation Failure) [PSYoungGen: 62816K->1517K(63488K)] 432547K->371248K(721408K), 0.0015727 secs] [Times: user=0.01 sys=0.00, real=0.00 secs] 
992.121: [GC (Allocation Failure) [PSYoungGen: 62957K->1597K(63488K)] 432688K->371328K(721408K), 0.0017034 secs] [Times: user=0.01 sys=0.00, real=0.00 secs] 
992.493: [GC (Allocation Failure) [PSYoungGen: 63037K->1549K(63488K)] 432768K->371296K(721408K), 0.0017015 secs] [Times: user=0.00 sys=0.00, real=0.00 secs] 
992.863: [GC (Allocation Failure) [PSYoungGen: 62977K->1549K(63488K)] 432724K->371304K(721408K), 0.0017069 secs] [Times: user=0.01 sys=0.00, real=0.00 secs] 
993.674: [GC (Allocation Failure) [PSYoungGen: 62989K->1456K(63488K)] 432744K->371211K(721408K), 0.0021937 secs] [Times: user=0.01 sys=0.00, real=0.01 secs] 
994.419: [GC (Allocation Failure) [PSYoungGen: 62896K->1376K(63488K)] 432651K->371131K(721408K), 0.0032724 secs] [Times: user=0.02 sys=0.01, real=0.00 secs] 
994.986: [GC (Allocation Failure) [PSYoungGen: 62816K->1344K(63488K)] 432571K->371099K(721408K), 0.0031392 secs] [Times: user=0.02 sys=0.00, real=0.01 secs] 
995.288: [GC (Allocation Failure) [PSYoungGen: 62784K->1360K(63488K)] 432539K->371115K(721408K), 0.0021680 secs] [Times: user=0.01 sys=0.00, real=0.00 secs] 
995.543: [GC (Allocation Failure) [PSYoungGen: 62800K->1392K(63488K)] 432555K->371147K(721408K), 0.0019950 secs] [Times: user=0.00 sys=0.00, real=0.00 secs] 
995.926: [GC (Allocation Failure) [PSYoungGen: 62832K->1552K(63488K)] 432587K->371307K(721408K), 0.0017285 secs] [Times: user=0.01 sys=0.00, real=0.00 secs] 
996.301: [GC (Allocation Failure) [PSYoungGen: 62992K->1613K(63488K)] 432747K->371384K(721408K), 0.0015573 secs] [Times: user=0.00 sys=0.00, real=0.00 secs] 
996.672: [GC (Allocation Failure) [PSYoungGen: 63049K->1597K(63488K)] 432820K->371368K(721408K), 0.0015264 secs] [Times: user=0.01 sys=0.00, real=0.00 secs] 
997.040: [GC (Allocation Failure) [PSYoungGen: 63016K->1517K(63488K)] 432788K->371288K(721408K), 0.0015765 secs] [Times: user=0.01 sys=0.00, real=0.00 secs] 
997.585: [GC (Allocation Failure) [PSYoungGen: 62957K->1408K(63488K)] 432728K->371179K(721408K), 0.0021703 secs] [Times: user=0.01 sys=0.00, real=0.01 secs] 
998.046: [GC (Allocation Failure) [PSYoungGen: 62848K->1376K(63488K)] 432619K->371147K(721408K), 0.0032086 secs] [Times: user=0.01 sys=0.01, real=0.01 secs] 
998.328: [GC (Allocation Failure) [PSYoungGen: 62816K->1376K(63488K)] 432587K->371147K(721408K), 0.0022541 secs] [Times: user=0.01 sys=0.00, real=0.00 secs] 
998.582: [GC (Allocation Failure) [PSYoungGen: 62816K->1376K(63488K)] 432587K->371147K(721408K), 0.0019958 secs] [Times: user=0.01 sys=0.00, real=0.00 secs] 
998.968: [GC (Allocation Failure) [PSYoungGen: 62816K->1517K(63488K)] 432587K->371288K(721408K), 0.0017593 secs] [Times: user=0.01 sys=0.00, real=0.00 secs] 
999.339: [GC (Allocation Failure) [PSYoungGen: 62957K->1613K(63488K)] 432728K->371384K(721408K), 0.0016987 secs] [Times: user=0.01 sys=0.00, real=0.00 secs] 
999.771: [GC (Allocation Failure) [PSYoungGen: 63053K->1613K(63488K)] 432824K->371392K(721408K), 0.0016545 secs] [Times: user=0.01 sys=0.00, real=0.00 secs] 
1000.194: [GC (Allocation Failure) [PSYoungGen: 63047K->1565K(63488K)] 432826K->371344K(721408K), 0.0017084 secs] [Times: user=0.00 sys=0.00, real=0.00 secs] 
1000.783: [GC (Allocation Failure) [PSYoungGen: 63005K->1472K(63488K)] 432784K->371251K(721408K), 0.0035702 secs] [Times: user=0.02 sys=0.00, real=0.01 secs] 
1001.377: [GC (Allocation Failure) [PSYoungGen: 62912K->1408K(63488K)] 432691K->371187K(721408K), 0.0041273 secs] [Times: user=0.02 sys=0.00, real=0.00 secs] 
1001.919: [GC (Allocation Failure) [PSYoungGen: 62848K->1376K(63488K)] 432627K->371171K(721408K), 0.0027324 secs] [Times: user=0.01 sys=0.01, real=0.00 secs] 
1002.533: [GC (Allocation Failure) [PSYoungGen: 62816K->1376K(63488K)] 432611K->371171K(721408K), 0.0029372 secs] [Times: user=0.01 sys=0.00, real=0.00 secs] 
1003.132: [GC (Allocation Failure) [PSYoungGen: 62816K->1424K(63488K)] 432611K->371219K(721408K), 0.0029056 secs] [Times: user=0.01 sys=0.00, real=0.00 secs] 
1003.833: [GC (Allocation Failure) [PSYoungGen: 62864K->1565K(63488K)] 432659K->371360K(721408K), 0.0016687 secs] [Times: user=0.00 sys=0.00, real=0.00 secs] 
1004.210: [GC (Allocation Failure) [PSYoungGen: 63005K->1549K(63488K)] 432800K->371344K(721408K), 0.0016366 secs] [Times: user=0.00 sys=0.00, real=0.00 secs] 
1004.582: [GC (Allocation Failure) [PSYoungGen: 62989K->1533K(63488K)] 432784K->371344K(721408K), 0.0017955 secs] [Times: user=0.01 sys=0.00, real=0.00 secs] 
1005.012: [GC (Allocation Failure) [PSYoungGen: 62958K->1613K(63488K)] 432770K->371424K(721408K), 0.0016016 secs] [Times: user=0.00 sys=0.00, real=0.00 secs] 
1005.300: [GC (Allocation Failure) [PSYoungGen: 63053K->1440K(63488K)] 432864K->371251K(721408K), 0.0019709 secs] [Times: user=0.01 sys=0.00, real=0.00 secs] 
1005.555: [GC (Allocation Failure) [PSYoungGen: 62880K->1376K(63488K)] 432691K->371187K(721408K), 0.0020363 secs] [Times: user=0.01 sys=0.00, real=0.01 secs] 
1005.811: [GC (Allocation Failure) [PSYoungGen: 62816K->1408K(63488K)] 432627K->371219K(721408K), 0.0020705 secs] [Times: user=0.00 sys=0.00, real=0.00 secs] 
1006.066: [GC (Allocation Failure) [PSYoungGen: 62848K->1408K(63488K)] 432659K->371219K(721408K), 0.0023980 secs] [Times: user=0.01 sys=0.00, real=0.01 secs] 
1006.412: [GC (Allocation Failure) [PSYoungGen: 62848K->1469K(63488K)] 432659K->371280K(721408K), 0.0015712 secs] [Times: user=0.01 sys=0.00, real=0.00 secs] 
1006.783: [GC (Allocation Failure) [PSYoungGen: 62909K->1597K(63488K)] 432720K->371408K(721408K), 0.0016705 secs] [Times: user=0.01 sys=0.00, real=0.00 secs] 
1007.157: [GC (Allocation Failure) [PSYoungGen: 63037K->1549K(63488K)] 432848K->371376K(721408K), 0.0016255 secs] [Times: user=0.01 sys=0.00, real=0.00 secs] 
1007.526: [GC (Allocation Failure) [PSYoungGen: 62971K->1629K(63488K)] 432798K->371456K(721408K), 0.0017249 secs] [Times: user=0.00 sys=0.00, real=0.00 secs] 
1007.891: [GC (Allocation Failure) [PSYoungGen: 63069K->1472K(63488K)] 432896K->371299K(721408K), 0.0019176 secs] [Times: user=0.01 sys=0.00, real=0.00 secs] 
1008.162: [GC (Allocation Failure) [PSYoungGen: 62912K->1424K(63488K)] 432739K->371251K(721408K), 0.0019101 secs] [Times: user=0.01 sys=0.00, real=0.00 secs] 
1008.458: [GC (Allocation Failure) [PSYoungGen: 62864K->1408K(63488K)] 432691K->371235K(721408K), 0.0020335 secs] [Times: user=0.01 sys=0.00, real=0.00 secs] 
1008.713: [GC (Allocation Failure) [PSYoungGen: 62848K->1392K(63488K)] 432675K->371219K(721408K), 0.0019902 secs] [Times: user=0.01 sys=0.00, real=0.00 secs] 
1008.969: [GC (Allocation Failure) [PSYoungGen: 62832K->1376K(63488K)] 432659K->371203K(721408K), 0.0019753 secs] [Times: user=0.01 sys=0.00, real=0.00 secs] 
1009.351: [GC (Allocation Failure) [PSYoungGen: 62816K->1517K(63488K)] 432643K->371344K(721408K), 0.0016885 secs] [Times: user=0.00 sys=0.00, real=0.00 secs] 
1009.723: [GC (Allocation Failure) [PSYoungGen: 62957K->1533K(63488K)] 432784K->371360K(721408K), 0.0016412 secs] [Times: user=0.01 sys=0.00, real=0.00 secs] 
1010.097: [GC (Allocation Failure) [PSYoungGen: 62958K->1613K(63488K)] 432785K->371448K(721408K), 0.0016585 secs] [Times: user=0.01 sys=0.00, real=0.00 secs] 
1010.465: [GC (Allocation Failure) [PSYoungGen: 63053K->1581K(63488K)] 432888K->371448K(721408K), 0.0017161 secs] [Times: user=0.01 sys=0.00, real=0.01 secs] 
1010.768: [GC (Allocation Failure) [PSYoungGen: 63021K->1392K(63488K)] 432888K->371259K(721408K), 0.0020374 secs] [Times: user=0.01 sys=0.00, real=0.00 secs] 
1011.031: [GC (Allocation Failure) [PSYoungGen: 62832K->1376K(63488K)] 432699K->371243K(721408K), 0.0020522 secs] [Times: user=0.01 sys=0.00, real=0.00 secs] 
1011.286: [GC (Allocation Failure) [PSYoungGen: 62816K->1376K(63488K)] 432683K->371243K(721408K), 0.0020003 secs] [Times: user=0.01 sys=0.00, real=0.00 secs] 
1011.557: [GC (Allocation Failure) [PSYoungGen: 62816K->1376K(63488K)] 432683K->371243K(721408K), 0.0019726 secs] [Times: user=0.01 sys=0.00, real=0.00 secs] 
1011.881: [GC (Allocation Failure) [PSYoungGen: 62816K->1453K(63488K)] 432683K->371320K(721408K), 0.0015301 secs] [Times: user=0.00 sys=0.00, real=0.00 secs] 
1012.253: [GC (Allocation Failure) [PSYoungGen: 62893K->1565K(63488K)] 432760K->371432K(721408K), 0.0016653 secs] [Times: user=0.00 sys=0.00, real=0.00 secs] 
1012.625: [GC (Allocation Failure) [PSYoungGen: 63005K->1552K(63488K)] 432872K->371435K(721408K), 0.0016529 secs] [Times: user=0.01 sys=0.00, real=0.01 secs] 
1013.055: [GC (Allocation Failure) [PSYoungGen: 62976K->1584K(63488K)] 432859K->371467K(721408K), 0.0016092 secs] [Times: user=0.01 sys=0.00, real=0.01 secs] 
1013.412: [GC (Allocation Failure) [PSYoungGen: 63024K->1472K(63488K)] 432907K->371355K(721408K), 0.0024217 secs] [Times: user=0.01 sys=0.00, real=0.00 secs] 
1013.668: [GC (Allocation Failure) [PSYoungGen: 62912K->1408K(63488K)] 432795K->371291K(721408K), 0.0021029 secs] [Times: user=0.01 sys=0.00, real=0.00 secs] 
1013.923: [GC (Allocation Failure) [PSYoungGen: 62848K->1440K(63488K)] 432731K->371323K(721408K), 0.0021679 secs] [Times: user=0.01 sys=0.00, real=0.00 secs] 
1014.179: [GC (Allocation Failure) [PSYoungGen: 62880K->1376K(63488K)] 432763K->371259K(721408K), 0.0019712 secs] [Times: user=0.01 sys=0.00, real=0.00 secs] 
1014.434: [GC (Allocation Failure) [PSYoungGen: 62816K->1376K(63488K)] 432699K->371259K(721408K), 0.0020039 secs] [Times: user=0.01 sys=0.00, real=0.01 secs] 
1014.814: [GC (Allocation Failure) [PSYoungGen: 62816K->1533K(63488K)] 432699K->371416K(721408K), 0.0016225 secs] [Times: user=0.00 sys=0.00, real=0.00 secs] 
1015.187: [GC (Allocation Failure) [PSYoungGen: 62947K->1613K(63488K)] 432830K->371496K(721408K), 0.0016254 secs] [Times: user=0.01 sys=0.00, real=0.00 secs] 
1015.555: [GC (Allocation Failure) [PSYoungGen: 63053K->1597K(63488K)] 432936K->371504K(721408K), 0.0017325 secs] [Times: user=0.01 sys=0.00, real=0.01 secs] 
1015.995: [GC (Allocation Failure) [PSYoungGen: 63028K->1581K(63488K)] 432935K->371488K(721408K), 0.0017353 secs] [Times: user=0.01 sys=0.00, real=0.01 secs] 
1016.547: [GC (Allocation Failure) [PSYoungGen: 63021K->1440K(63488K)] 432928K->371347K(721408K), 0.0030173 secs] [Times: user=0.02 sys=0.00, real=0.00 secs] 
1017.377: [GC (Allocation Failure) [PSYoungGen: 62880K->1408K(63488K)] 432787K->371315K(721408K), 0.0033764 secs] [Times: user=0.01 sys=0.00, real=0.00 secs] 
1018.124: [GC (Allocation Failure) [PSYoungGen: 62848K->1344K(63488K)] 432755K->371251K(721408K), 0.0029425 secs] [Times: user=0.01 sys=0.00, real=0.01 secs] 
1018.834: [GC (Allocation Failure) [PSYoungGen: 62784K->1376K(63488K)] 432691K->371283K(721408K), 0.0027670 secs] [Times: user=0.02 sys=0.00, real=0.01 secs] 
1019.695: [GC (Allocation Failure) [PSYoungGen: 62811K->1501K(63488K)] 432718K->371408K(721408K), 0.0020729 secs] [Times: user=0.01 sys=0.00, real=0.01 secs] 
1020.077: [GC (Allocation Failure) [PSYoungGen: 62922K->1613K(63488K)] 432829K->371520K(721408K), 0.0016167 secs] [Times: user=0.01 sys=0.00, real=0.00 secs] 
1020.445: [GC (Allocation Failure) [PSYoungGen: 63053K->1533K(63488K)] 432960K->371456K(721408K), 0.0016808 secs] [Times: user=0.01 sys=0.00, real=0.01 secs] 
1020.815: [GC (Allocation Failure) [PSYoungGen: 62961K->1597K(63488K)] 432884K->371520K(721408K), 0.0016049 secs] [Times: user=0.01 sys=0.00, real=0.01 secs] 
1021.364: [GC (Allocation Failure) [PSYoungGen: 63037K->1472K(63488K)] 432960K->371395K(721408K), 0.0024840 secs] [Times: user=0.01 sys=0.00, real=0.01 secs] 
1021.914: [GC (Allocation Failure) [PSYoungGen: 62912K->1360K(63488K)] 432835K->371283K(721408K), 0.0032347 secs] [Times: user=0.01 sys=0.00, real=0.01 secs] 
1022.437: [GC (Allocation Failure) [PSYoungGen: 62800K->1344K(63488K)] 432723K->371267K(721408K), 0.0033528 secs] [Times: user=0.01 sys=0.00, real=0.00 secs] 
1022.979: [GC (Allocation Failure) [PSYoungGen: 62784K->1376K(63488K)] 432707K->371299K(721408K), 0.0031725 secs] [Times: user=0.01 sys=0.00, real=0.00 secs] 
1023.416: [GC (Allocation Failure) [PSYoungGen: 62816K->1344K(63488K)] 432739K->371267K(721408K), 0.0022269 secs] [Times: user=0.01 sys=0.00, real=0.00 secs] 
1023.782: [GC (Allocation Failure) [PSYoungGen: 62784K->1517K(63488K)] 432707K->371472K(721408K), 0.0015848 secs] [Times: user=0.01 sys=0.00, real=0.00 secs] 
1024.154: [GC (Allocation Failure) [PSYoungGen: 62948K->1517K(63488K)] 432903K->371472K(721408K), 0.0016042 secs] [Times: user=0.00 sys=0.00, real=0.00 secs] 
1024.529: [GC (Allocation Failure) [PSYoungGen: 62957K->1597K(63488K)] 432912K->371568K(721408K), 0.0016323 secs] [Times: user=0.00 sys=0.00, real=0.00 secs] 
1024.899: [GC (Allocation Failure) [PSYoungGen: 63027K->1552K(63488K)] 432998K->371523K(721408K), 0.0017739 secs] [Times: user=0.00 sys=0.00, real=0.00 secs] 
1026.380: [GC (Allocation Failure) [PSYoungGen: 62992K->1472K(63488K)] 432963K->371443K(721408K), 0.0042222 secs] [Times: user=0.01 sys=0.00, real=0.00 secs] 
1027.609: [GC (Allocation Failure) [PSYoungGen: 62912K->1376K(63488K)] 432883K->371347K(721408K), 0.0039902 secs] [Times: user=0.02 sys=0.00, real=0.00 secs] 
1028.069: [GC (Allocation Failure) [PSYoungGen: 62816K->1376K(63488K)] 432787K->371347K(721408K), 0.0022307 secs] [Times: user=0.01 sys=0.00, real=0.00 secs] 
1028.323: [GC (Allocation Failure) [PSYoungGen: 62816K->1424K(63488K)] 432787K->371395K(721408K), 0.0021262 secs] [Times: user=0.01 sys=0.00, real=0.00 secs] 
1028.622: [GC (Allocation Failure) [PSYoungGen: 62864K->1485K(63488K)] 432835K->371456K(721408K), 0.0015525 secs] [Times: user=0.01 sys=0.00, real=0.00 secs] 
1028.993: [GC (Allocation Failure) [PSYoungGen: 62925K->1581K(63488K)] 432896K->371552K(721408K), 0.0016344 secs] [Times: user=0.00 sys=0.00, real=0.00 secs] 
1029.363: [GC (Allocation Failure) [PSYoungGen: 63010K->1597K(63488K)] 432981K->371576K(721408K), 0.0016976 secs] [Times: user=0.00 sys=0.00, real=0.00 secs] 
1029.732: [GC (Allocation Failure) [PSYoungGen: 63037K->1549K(63488K)] 433016K->371528K(721408K), 0.0016397 secs] [Times: user=0.01 sys=0.00, real=0.00 secs] 
1030.268: [GC (Allocation Failure) [PSYoungGen: 62989K->1504K(63488K)] 432968K->371483K(721408K), 0.0021292 secs] [Times: user=0.01 sys=0.00, real=0.00 secs] 
1030.792: [GC (Allocation Failure) [PSYoungGen: 62944K->1408K(63488K)] 432923K->371387K(721408K), 0.0025259 secs] [Times: user=0.01 sys=0.00, real=0.00 secs] 
1031.046: [GC (Allocation Failure) [PSYoungGen: 62848K->1376K(63488K)] 432827K->371355K(721408K), 0.0023733 secs] [Times: user=0.01 sys=0.00, real=0.01 secs] 
1031.301: [GC (Allocation Failure) [PSYoungGen: 62816K->1344K(63488K)] 432795K->371323K(721408K), 0.0020258 secs] [Times: user=0.01 sys=0.00, real=0.00 secs] 
1031.556: [GC (Allocation Failure) [PSYoungGen: 62784K->1376K(63488K)] 432763K->371355K(721408K), 0.0020788 secs] [Times: user=0.01 sys=0.00, real=0.01 secs] 
1031.937: [GC (Allocation Failure) [PSYoungGen: 62816K->1549K(63488K)] 432795K->371528K(721408K), 0.0016867 secs] [Times: user=0.01 sys=0.00, real=0.00 secs] 
1032.309: [GC (Allocation Failure) [PSYoungGen: 62989K->1581K(63488K)] 432968K->371560K(721408K), 0.0016362 secs] [Times: user=0.01 sys=0.00, real=0.00 secs] 
1032.683: [GC (Allocation Failure) [PSYoungGen: 63005K->1581K(63488K)] 432984K->371584K(721408K), 0.0016844 secs] [Times: user=0.01 sys=0.00, real=0.00 secs] 
1033.052: [GC (Allocation Failure) [PSYoungGen: 63021K->1565K(63488K)] 433024K->371568K(721408K), 0.0015977 secs] [Times: user=0.01 sys=0.00, real=0.00 secs] 
1033.637: [GC (Allocation Failure) [PSYoungGen: 63005K->1392K(63488K)] 433008K->371395K(721408K), 0.0022451 secs] [Times: user=0.01 sys=0.00, real=0.00 secs] 
1034.157: [GC (Allocation Failure) [PSYoungGen: 62832K->1392K(63488K)] 432835K->371395K(721408K), 0.0021705 secs] [Times: user=0.01 sys=0.00, real=0.00 secs] 
1034.660: [GC (Allocation Failure) [PSYoungGen: 62832K->1344K(63488K)] 432835K->371347K(721408K), 0.0021558 secs] [Times: user=0.01 sys=0.00, real=0.00 secs] 
1035.118: [GC (Allocation Failure) [PSYoungGen: 62784K->1376K(63488K)] 432787K->371379K(721408K), 0.0020188 secs] [Times: user=0.00 sys=0.01, real=0.00 secs] 
1035.765: [GC (Allocation Failure) [PSYoungGen: 62816K->1517K(63488K)] 432819K->371520K(721408K), 0.0021496 secs] [Times: user=0.01 sys=0.00, real=0.01 secs] 
1036.155: [GC (Allocation Failure) [PSYoungGen: 62957K->1552K(63488K)] 432960K->371555K(721408K), 0.0015855 secs] [Times: user=0.00 sys=0.00, real=0.01 secs] 
1036.530: [GC (Allocation Failure) [PSYoungGen: 62992K->1565K(63488K)] 432995K->371584K(721408K), 0.0017808 secs] [Times: user=0.00 sys=0.00, real=0.00 secs] 
1036.902: [GC (Allocation Failure) [PSYoungGen: 62989K->1597K(63488K)] 433008K->371616K(721408K), 0.0017011 secs] [Times: user=0.01 sys=0.00, real=0.00 secs] 
1037.285: [GC (Allocation Failure) [PSYoungGen: 63037K->1472K(63488K)] 433056K->371491K(721408K), 0.0019872 secs] [Times: user=0.01 sys=0.01, real=0.01 secs] 
1037.911: [GC (Allocation Failure) [PSYoungGen: 62912K->1344K(63488K)] 432931K->371363K(721408K), 0.0020816 secs] [Times: user=0.01 sys=0.00, real=0.00 secs] 
1038.584: [GC (Allocation Failure) [PSYoungGen: 62784K->1408K(63488K)] 432803K->371427K(721408K), 0.0020051 secs] [Times: user=0.01 sys=0.00, real=0.00 secs] 
1039.335: [GC (Allocation Failure) [PSYoungGen: 62848K->1424K(63488K)] 432867K->371443K(721408K), 0.0025518 secs] [Times: user=0.01 sys=0.00, real=0.01 secs] 
1040.264: [GC (Allocation Failure) [PSYoungGen: 62864K->1376K(63488K)] 432883K->371395K(721408K), 0.0032275 secs] [Times: user=0.02 sys=0.00, real=0.01 secs] 
1040.979: [GC (Allocation Failure) [PSYoungGen: 62816K->1517K(63488K)] 432835K->371536K(721408K), 0.0015578 secs] [Times: user=0.01 sys=0.00, real=0.00 secs] 
1041.349: [GC (Allocation Failure) [PSYoungGen: 62943K->1581K(63488K)] 432962K->371600K(721408K), 0.0015648 secs] [Times: user=0.01 sys=0.00, real=0.00 secs] 
1041.777: [GC (Allocation Failure) [PSYoungGen: 62998K->1549K(63488K)] 433017K->371576K(721408K), 0.0016373 secs] [Times: user=0.01 sys=0.00, real=0.00 secs] 
1042.203: [GC (Allocation Failure) [PSYoungGen: 62989K->1584K(63488K)] 433016K->371611K(721408K), 0.0016049 secs] [Times: user=0.00 sys=0.00, real=0.00 secs] 
1043.563: [GC (Allocation Failure) [PSYoungGen: 63024K->1472K(63488K)] 433051K->371499K(721408K), 0.0037865 secs] [Times: user=0.01 sys=0.00, real=0.01 secs] 
1043.882: [GC (Allocation Failure) [PSYoungGen: 62912K->1376K(63488K)] 432939K->371403K(721408K), 0.0028339 secs] [Times: user=0.01 sys=0.00, real=0.00 secs] 
1044.331: [GC (Allocation Failure) [PSYoungGen: 62816K->1408K(63488K)] 432843K->371459K(721408K), 0.0025752 secs] [Times: user=0.01 sys=0.00, real=0.00 secs] 
1044.793: [GC (Allocation Failure) [PSYoungGen: 62848K->1344K(63488K)] 432899K->371395K(721408K), 0.0054163 secs] [Times: user=0.02 sys=0.00, real=0.01 secs] 
1045.267: [GC (Allocation Failure) [PSYoungGen: 62784K->1485K(63488K)] 432835K->371536K(721408K), 0.0023116 secs] [Times: user=0.01 sys=0.00, real=0.00 secs] 
1045.673: [GC (Allocation Failure) [PSYoungGen: 62925K->1517K(63488K)] 432976K->371568K(721408K), 0.0017045 secs] [Times: user=0.01 sys=0.00, real=0.00 secs] 
1046.042: [GC (Allocation Failure) [PSYoungGen: 62938K->1581K(63488K)] 432990K->371640K(721408K), 0.0016343 secs] [Times: user=0.00 sys=0.00, real=0.00 secs] 
1046.410: [GC (Allocation Failure) [PSYoungGen: 63021K->1597K(63488K)] 433080K->371656K(721408K), 0.0015939 secs] [Times: user=0.00 sys=0.00, real=0.00 secs] 
1046.796: [GC (Allocation Failure) [PSYoungGen: 63037K->2016K(63488K)] 433096K->372083K(721408K), 0.0020596 secs] [Times: user=0.01 sys=0.00, real=0.00 secs] 
1047.049: [GC (Allocation Failure) [PSYoungGen: 63456K->1376K(63488K)] 433523K->371443K(721408K), 0.0019616 secs] [Times: user=0.01 sys=0.00, real=0.00 secs] 
1047.303: [GC (Allocation Failure) [PSYoungGen: 62816K->1360K(63488K)] 432883K->371427K(721408K), 0.0019345 secs] [Times: user=0.00 sys=0.00, real=0.00 secs] 
1047.558: [GC (Allocation Failure) [PSYoungGen: 62800K->1376K(63488K)] 432867K->371443K(721408K), 0.0018075 secs] [Times: user=0.01 sys=0.00, real=0.00 secs] 
1047.813: [GC (Allocation Failure) [PSYoungGen: 62816K->1376K(63488K)] 432883K->371443K(721408K), 0.0019779 secs] [Times: user=0.01 sys=0.00, real=0.00 secs] 
1048.172: [GC (Allocation Failure) [PSYoungGen: 62816K->1517K(63488K)] 432883K->371584K(721408K), 0.0015157 secs] [Times: user=0.01 sys=0.00, real=0.00 secs] 
1048.544: [GC (Allocation Failure) [PSYoungGen: 62957K->1581K(63488K)] 433024K->371648K(721408K), 0.0016071 secs] [Times: user=0.01 sys=0.00, real=0.00 secs] 
1048.915: [GC (Allocation Failure) [PSYoungGen: 63021K->1597K(63488K)] 433088K->371672K(721408K), 0.0016927 secs] [Times: user=0.01 sys=0.00, real=0.01 secs] 
1049.285: [GC (Allocation Failure) [PSYoungGen: 63016K->1629K(63488K)] 433091K->371704K(721408K), 0.0021444 secs] [Times: user=0.01 sys=0.00, real=0.01 secs] 
1050.655: [GC (Allocation Failure) [PSYoungGen: 63069K->1440K(63488K)] 433144K->371515K(721408K), 0.0043756 secs] [Times: user=0.01 sys=0.00, real=0.01 secs] 
1051.307: [GC (Allocation Failure) [PSYoungGen: 62880K->1328K(63488K)] 432955K->371403K(721408K), 0.0041582 secs] [Times: user=0.01 sys=0.00, real=0.00 secs] 
1051.749: [GC (Allocation Failure) [PSYoungGen: 62768K->1376K(63488K)] 432843K->371451K(721408K), 0.0021014 secs] [Times: user=0.01 sys=0.00, real=0.00 secs] 
1052.022: [GC (Allocation Failure) [PSYoungGen: 62816K->1392K(63488K)] 432891K->371475K(721408K), 0.0020010 secs] [Times: user=0.01 sys=0.00, real=0.00 secs] 
1052.343: [GC (Allocation Failure) [PSYoungGen: 62733K->320K(63488K)] 432816K->370403K(721408K), 0.0020919 secs] [Times: user=0.01 sys=0.00, real=0.00 secs] 
1052.725: [GC (Allocation Failure) [PSYoungGen: 61760K->1597K(63488K)] 431843K->371680K(721408K), 0.0017755 secs] [Times: user=0.01 sys=0.00, real=0.01 secs] 
1053.094: [GC (Allocation Failure) [PSYoungGen: 63037K->1581K(63488K)] 433120K->371680K(721408K), 0.0016941 secs] [Times: user=0.01 sys=0.00, real=0.00 secs] 
1053.463: [GC (Allocation Failure) [PSYoungGen: 63021K->1517K(63488K)] 433120K->371616K(721408K), 0.0016861 secs] [Times: user=0.01 sys=0.00, real=0.00 secs] 
1053.825: [GC (Allocation Failure) [PSYoungGen: 62029K->320K(63488K)] 432128K->370419K(721408K), 0.0014655 secs] [Times: user=0.00 sys=0.01, real=0.01 secs] 
1054.181: [GC (Allocation Failure) [PSYoungGen: 61760K->1344K(62976K)] 431859K->371443K(720896K), 0.0021172 secs] [Times: user=0.01 sys=0.00, real=0.00 secs] 
1054.493: [GC (Allocation Failure) [PSYoungGen: 62784K->1344K(63488K)] 432883K->371443K(721408K), 0.0020633 secs] [Times: user=0.01 sys=0.00, real=0.00 secs] 
1054.782: [GC (Allocation Failure) [PSYoungGen: 62784K->1408K(63488K)] 432883K->371507K(721408K), 0.0022299 secs] [Times: user=0.01 sys=0.00, real=0.00 secs] 
1055.255: [GC (Allocation Failure) [PSYoungGen: 62848K->1376K(63488K)] 432947K->371475K(721408K), 0.0024444 secs] [Times: user=0.01 sys=0.00, real=0.01 secs] 
1055.721: [GC (Allocation Failure) [PSYoungGen: 62798K->1533K(63488K)] 432898K->371632K(721408K), 0.0016485 secs] [Times: user=0.00 sys=0.00, real=0.00 secs] 
1056.091: [GC (Allocation Failure) [PSYoungGen: 62973K->1568K(63488K)] 433072K->371667K(721408K), 0.0016905 secs] [Times: user=0.00 sys=0.00, real=0.00 secs] 
1056.462: [GC (Allocation Failure) [PSYoungGen: 62993K->1597K(63488K)] 433092K->371704K(721408K), 0.0017286 secs] [Times: user=0.01 sys=0.00, real=0.00 secs] 
1056.834: [GC (Allocation Failure) [PSYoungGen: 63037K->1549K(63488K)] 433144K->371656K(721408K), 0.0015922 secs] [Times: user=0.00 sys=0.00, real=0.00 secs] 
1057.407: [GC (Allocation Failure) [PSYoungGen: 62989K->1456K(63488K)] 433096K->371563K(721408K), 0.0020973 secs] [Times: user=0.01 sys=0.00, real=0.00 secs] 
1057.975: [GC (Allocation Failure) [PSYoungGen: 62896K->1376K(63488K)] 433003K->371483K(721408K), 0.0039515 secs] [Times: user=0.02 sys=0.00, real=0.01 secs] 
1058.452: [GC (Allocation Failure) [PSYoungGen: 62816K->1408K(63488K)] 432923K->371515K(721408K), 0.0029131 secs] [Times: user=0.01 sys=0.00, real=0.00 secs] 
1058.851: [GC (Allocation Failure) [PSYoungGen: 62848K->1344K(63488K)] 432955K->371451K(721408K), 0.0027613 secs] [Times: user=0.01 sys=0.00, real=0.00 secs] 
1059.280: [GC (Allocation Failure) [PSYoungGen: 62784K->1408K(63488K)] 432891K->371515K(721408K), 0.0027153 secs] [Times: user=0.01 sys=0.00, real=0.00 secs] 
1059.802: [GC (Allocation Failure) [PSYoungGen: 62848K->1536K(63488K)] 432955K->371643K(721408K), 0.0017051 secs] [Times: user=0.01 sys=0.00, real=0.00 secs] 
1060.175: [GC (Allocation Failure) [PSYoungGen: 62976K->1565K(63488K)] 433083K->371680K(721408K), 0.0016855 secs] [Times: user=0.00 sys=0.00, real=0.01 secs] 
1060.544: [GC (Allocation Failure) [PSYoungGen: 63005K->1584K(63488K)] 433120K->371707K(721408K), 0.0016096 secs] [Times: user=0.01 sys=0.00, real=0.00 secs] 
1060.915: [GC (Allocation Failure) [PSYoungGen: 63024K->1597K(63488K)] 433147K->371720K(721408K), 0.0017171 secs] [Times: user=0.01 sys=0.00, real=0.01 secs] 
1061.256: [GC (Allocation Failure) [PSYoungGen: 63037K->1440K(63488K)] 433160K->371563K(721408K), 0.0019469 secs] [Times: user=0.01 sys=0.00, real=0.01 secs] 
1061.540: [GC (Allocation Failure) [PSYoungGen: 62880K->1408K(63488K)] 433003K->371531K(721408K), 0.0019281 secs] [Times: user=0.01 sys=0.00, real=0.00 secs] 
1061.810: [GC (Allocation Failure) [PSYoungGen: 62848K->1376K(63488K)] 432971K->371523K(721408K), 0.0019706 secs] [Times: user=0.01 sys=0.00, real=0.00 secs] 
1062.169: [GC (Allocation Failure) [PSYoungGen: 62816K->1376K(63488K)] 432963K->371523K(721408K), 0.0020557 secs] [Times: user=0.01 sys=0.00, real=0.00 secs] 
1062.593: [GC (Allocation Failure) [PSYoungGen: 62816K->1485K(63488K)] 432963K->371632K(721408K), 0.0016007 secs] [Times: user=0.01 sys=0.00, real=0.00 secs] 
1062.965: [GC (Allocation Failure) [PSYoungGen: 62925K->1533K(63488K)] 433072K->371680K(721408K), 0.0017049 secs] [Times: user=0.00 sys=0.00, real=0.01 secs] 
1063.334: [GC (Allocation Failure) [PSYoungGen: 62957K->1581K(63488K)] 433104K->371736K(721408K), 0.0017013 secs] [Times: user=0.01 sys=0.00, real=0.01 secs] 
1063.704: [GC (Allocation Failure) [PSYoungGen: 63021K->1613K(63488K)] 433176K->371768K(721408K), 0.0015934 secs] [Times: user=0.01 sys=0.00, real=0.00 secs] 
1064.102: [GC (Allocation Failure) [PSYoungGen: 63053K->1472K(63488K)] 433208K->371627K(721408K), 0.0020583 secs] [Times: user=0.01 sys=0.00, real=0.00 secs] 
1064.497: [GC (Allocation Failure) [PSYoungGen: 62912K->1344K(63488K)] 433067K->371499K(721408K), 0.0021172 secs] [Times: user=0.01 sys=0.00, real=0.00 secs] 
1065.100: [GC (Allocation Failure) [PSYoungGen: 62784K->1376K(63488K)] 432939K->371531K(721408K), 0.0028673 secs] [Times: user=0.01 sys=0.00, real=0.00 secs] 
1065.605: [GC (Allocation Failure) [PSYoungGen: 62816K->1376K(63488K)] 432971K->371531K(721408K), 0.0027820 secs] [Times: user=0.01 sys=0.01, real=0.01 secs] 
1066.155: [GC (Allocation Failure) [PSYoungGen: 62816K->1376K(63488K)] 432971K->371531K(721408K), 0.0034820 secs] [Times: user=0.02 sys=0.00, real=0.01 secs] 
1066.709: [GC (Allocation Failure) [PSYoungGen: 62816K->1549K(63488K)] 432971K->371704K(721408K), 0.0017162 secs] [Times: user=0.00 sys=0.00, real=0.00 secs] 
1067.084: [GC (Allocation Failure) [PSYoungGen: 62989K->1549K(63488K)] 433144K->371704K(721408K), 0.0017256 secs] [Times: user=0.01 sys=0.00, real=0.01 secs] 
1067.456: [GC (Allocation Failure) [PSYoungGen: 62970K->1568K(63488K)] 433125K->371739K(721408K), 0.0015898 secs] [Times: user=0.00 sys=0.00, real=0.01 secs] 
1067.824: [GC (Allocation Failure) [PSYoungGen: 63008K->1581K(63488K)] 433179K->371752K(721408K), 0.0016925 secs] [Times: user=0.00 sys=0.00, real=0.01 secs] 
1068.417: [GC (Allocation Failure) [PSYoungGen: 63021K->1440K(63488K)] 433192K->371611K(721408K), 0.0021584 secs] [Times: user=0.01 sys=0.00, real=0.00 secs] 
1068.960: [GC (Allocation Failure) [PSYoungGen: 62880K->1360K(63488K)] 433051K->371531K(721408K), 0.0021367 secs] [Times: user=0.01 sys=0.00, real=0.00 secs] 
1069.484: [GC (Allocation Failure) [PSYoungGen: 62800K->1392K(63488K)] 432971K->371563K(721408K), 0.0021407 secs] [Times: user=0.00 sys=0.00, real=0.01 secs] 
1070.037: [GC (Allocation Failure) [PSYoungGen: 62832K->1376K(63488K)] 433003K->371547K(721408K), 0.0024137 secs] [Times: user=0.01 sys=0.00, real=0.00 secs] 
1070.430: [GC (Allocation Failure) [PSYoungGen: 62816K->1517K(63488K)] 432987K->371688K(721408K), 0.0020851 secs] [Times: user=0.01 sys=0.00, real=0.00 secs] 
1070.831: [GC (Allocation Failure) [PSYoungGen: 62949K->1581K(63488K)] 433121K->371752K(721408K), 0.0017290 secs] [Times: user=0.01 sys=0.00, real=0.00 secs] 
1071.199: [GC (Allocation Failure) [PSYoungGen: 63021K->1584K(63488K)] 433192K->371763K(721408K), 0.0015981 secs] [Times: user=0.01 sys=0.00, real=0.00 secs] 
1071.568: [GC (Allocation Failure) [PSYoungGen: 63011K->1581K(63488K)] 433190K->371760K(721408K), 0.0017592 secs] [Times: user=0.01 sys=0.00, real=0.00 secs] 
1072.165: [GC (Allocation Failure) [PSYoungGen: 63021K->1536K(63488K)] 433200K->371715K(721408K), 0.0037528 secs] [Times: user=0.01 sys=0.01, real=0.01 secs] 
1072.806: [GC (Allocation Failure) [PSYoungGen: 62976K->1376K(63488K)] 433155K->371571K(721408K), 0.0042097 secs] [Times: user=0.01 sys=0.00, real=0.01 secs] 
1073.326: [GC (Allocation Failure) [PSYoungGen: 62816K->1408K(63488K)] 433011K->371603K(721408K), 0.0025121 secs] [Times: user=0.01 sys=0.00, real=0.00 secs] 
1073.788: [GC (Allocation Failure) [PSYoungGen: 62848K->1376K(63488K)] 433043K->371571K(721408K), 0.0025333 secs] [Times: user=0.01 sys=0.00, real=0.00 secs] 
1074.087: [GC (Allocation Failure) [PSYoungGen: 62816K->1408K(63488K)] 433011K->371603K(721408K), 0.0022401 secs] [Times: user=0.01 sys=0.00, real=0.00 secs] 
1074.469: [GC (Allocation Failure) [PSYoungGen: 62848K->1517K(63488K)] 433043K->371712K(721408K), 0.0017054 secs] [Times: user=0.00 sys=0.00, real=0.00 secs] 
1074.841: [GC (Allocation Failure) [PSYoungGen: 62957K->1581K(63488K)] 433152K->371776K(721408K), 0.0015911 secs] [Times: user=0.01 sys=0.00, real=0.00 secs] 
1075.212: [GC (Allocation Failure) [PSYoungGen: 62993K->1536K(63488K)] 433188K->371747K(721408K), 0.0015948 secs] [Times: user=0.00 sys=0.00, real=0.00 secs] 
1075.586: [GC (Allocation Failure) [PSYoungGen: 62953K->1597K(63488K)] 433165K->371808K(721408K), 0.0014814 secs] [Times: user=0.01 sys=0.00, real=0.00 secs] 
1075.936: [GC (Allocation Failure) [PSYoungGen: 63037K->1408K(63488K)] 433248K->371619K(721408K), 0.0019666 secs] [Times: user=0.01 sys=0.00, real=0.00 secs] 
1076.209: [GC (Allocation Failure) [PSYoungGen: 62848K->1376K(63488K)] 433059K->371587K(721408K), 0.0020361 secs] [Times: user=0.01 sys=0.00, real=0.00 secs] 
1076.465: [GC (Allocation Failure) [PSYoungGen: 62816K->1408K(63488K)] 433027K->371619K(721408K), 0.0020361 secs] [Times: user=0.01 sys=0.00, real=0.01 secs] 
1076.769: [GC (Allocation Failure) [PSYoungGen: 62848K->1408K(63488K)] 433059K->371619K(721408K), 0.0020723 secs] [Times: user=0.01 sys=0.00, real=0.00 secs] 
1077.162: [GC (Allocation Failure) [PSYoungGen: 62848K->1501K(63488K)] 433059K->371712K(721408K), 0.0016549 secs] [Times: user=0.01 sys=0.00, real=0.00 secs] 
1077.535: [GC (Allocation Failure) [PSYoungGen: 62941K->1565K(63488K)] 433152K->371776K(721408K), 0.0015678 secs] [Times: user=0.00 sys=0.00, real=0.01 secs] 
1077.907: [GC (Allocation Failure) [PSYoungGen: 63005K->1533K(63488K)] 433216K->371760K(721408K), 0.0015690 secs] [Times: user=0.01 sys=0.00, real=0.00 secs] 
1078.276: [GC (Allocation Failure) [PSYoungGen: 62973K->1597K(63488K)] 433200K->371824K(721408K), 0.0017291 secs] [Times: user=0.00 sys=0.00, real=0.00 secs] 
1078.720: [GC (Allocation Failure) [PSYoungGen: 63037K->1472K(63488K)] 433264K->371699K(721408K), 0.0021973 secs] [Times: user=0.01 sys=0.00, real=0.00 secs] 
1079.063: [GC (Allocation Failure) [PSYoungGen: 62912K->1376K(63488K)] 433139K->371603K(721408K), 0.0021825 secs] [Times: user=0.01 sys=0.00, real=0.00 secs] 
1079.318: [GC (Allocation Failure) [PSYoungGen: 62816K->1376K(63488K)] 433043K->371603K(721408K), 0.0019686 secs] [Times: user=0.01 sys=0.00, real=0.00 secs] 
1079.605: [GC (Allocation Failure) [PSYoungGen: 62816K->1392K(63488K)] 433043K->371619K(721408K), 0.0021702 secs] [Times: user=0.00 sys=0.00, real=0.01 secs] 
1079.871: [GC (Allocation Failure) [PSYoungGen: 62832K->1392K(63488K)] 433059K->371619K(721408K), 0.0020627 secs] [Times: user=0.01 sys=0.00, real=0.00 secs] 
1080.301: [GC (Allocation Failure) [PSYoungGen: 62832K->1549K(63488K)] 433059K->371776K(721408K), 0.0016632 secs] [Times: user=0.00 sys=0.00, real=0.00 secs] 
1080.673: [GC (Allocation Failure) [PSYoungGen: 62985K->1565K(63488K)] 433213K->371800K(721408K), 0.0015581 secs] [Times: user=0.00 sys=0.00, real=0.00 secs] 
1081.041: [GC (Allocation Failure) [PSYoungGen: 63005K->1549K(63488K)] 433240K->371792K(721408K), 0.0016590 secs] [Times: user=0.01 sys=0.00, real=0.00 secs] 
1081.409: [GC (Allocation Failure) [PSYoungGen: 62989K->1549K(63488K)] 433232K->371792K(721408K), 0.0017420 secs] [Times: user=0.01 sys=0.00, real=0.00 secs] 
1082.048: [GC (Allocation Failure) [PSYoungGen: 62989K->1424K(63488K)] 433232K->371667K(721408K), 0.0022498 secs] [Times: user=0.01 sys=0.00, real=0.00 secs] 
1082.304: [GC (Allocation Failure) [PSYoungGen: 62864K->1376K(63488K)] 433107K->371619K(721408K), 0.0020897 secs] [Times: user=0.00 sys=0.00, real=0.01 secs] 
1082.560: [GC (Allocation Failure) [PSYoungGen: 62816K->1344K(63488K)] 433059K->371587K(721408K), 0.0020753 secs] [Times: user=0.01 sys=0.00, real=0.00 secs] 
1082.815: [GC (Allocation Failure) [PSYoungGen: 62784K->1456K(63488K)] 433027K->371699K(721408K), 0.0018926 secs] [Times: user=0.01 sys=0.00, real=0.01 secs] 
1083.138: [GC (Allocation Failure) [PSYoungGen: 62864K->1437K(63488K)] 433108K->371680K(721408K), 0.0016392 secs] [Times: user=0.00 sys=0.00, real=0.00 secs] 
1083.511: [GC (Allocation Failure) [PSYoungGen: 62877K->1517K(63488K)] 433120K->371760K(721408K), 0.0017354 secs] [Times: user=0.01 sys=0.00, real=0.00 secs] 
1083.883: [GC (Allocation Failure) [PSYoungGen: 62957K->1549K(63488K)] 433200K->371800K(721408K), 0.0016198 secs] [Times: user=0.00 sys=0.00, real=0.00 secs] 
1084.253: [GC (Allocation Failure) [PSYoungGen: 62974K->1533K(63488K)] 433225K->371784K(721408K), 0.0015774 secs] [Times: user=0.01 sys=0.00, real=0.00 secs] 
1084.700: [GC (Allocation Failure) [PSYoungGen: 62973K->1504K(63488K)] 433224K->371755K(721408K), 0.0021840 secs] [Times: user=0.01 sys=0.00, real=0.00 secs] 
1084.956: [GC (Allocation Failure) [PSYoungGen: 62944K->1376K(63488K)] 433195K->371627K(721408K), 0.0020762 secs] [Times: user=0.01 sys=0.00, real=0.00 secs] 
1085.245: [GC (Allocation Failure) [PSYoungGen: 62816K->1376K(63488K)] 433067K->371627K(721408K), 0.0027876 secs] [Times: user=0.01 sys=0.00, real=0.01 secs] 
1085.500: [GC (Allocation Failure) [PSYoungGen: 62816K->1408K(63488K)] 433067K->371659K(721408K), 0.0021822 secs] [Times: user=0.01 sys=0.00, real=0.00 secs] 
1085.755: [GC (Allocation Failure) [PSYoungGen: 62848K->1376K(63488K)] 433099K->371627K(721408K), 0.0024026 secs] [Times: user=0.01 sys=0.00, real=0.01 secs] 
1086.139: [GC (Allocation Failure) [PSYoungGen: 62816K->1536K(63488K)] 433067K->371787K(721408K), 0.0015917 secs] [Times: user=0.01 sys=0.00, real=0.00 secs] 
1086.512: [GC (Allocation Failure) [PSYoungGen: 62976K->1629K(63488K)] 433227K->371880K(721408K), 0.0015964 secs] [Times: user=0.01 sys=0.00, real=0.00 secs] 
1086.885: [GC (Allocation Failure) [PSYoungGen: 63069K->1581K(63488K)] 433320K->371848K(721408K), 0.0015876 secs] [Times: user=0.01 sys=0.00, real=0.01 secs] 
1087.258: [GC (Allocation Failure) [PSYoungGen: 63021K->1581K(63488K)] 433288K->371848K(721408K), 0.0017187 secs] [Times: user=0.01 sys=0.00, real=0.00 secs] 
1087.559: [GC (Allocation Failure) [PSYoungGen: 63021K->1376K(63488K)] 433288K->371643K(721408K), 0.0016886 secs] [Times: user=0.01 sys=0.00, real=0.00 secs] 
1087.814: [GC (Allocation Failure) [PSYoungGen: 62816K->1376K(63488K)] 433083K->371643K(721408K), 0.0015637 secs] [Times: user=0.01 sys=0.00, real=0.00 secs] 
1088.068: [GC (Allocation Failure) [PSYoungGen: 62816K->1424K(63488K)] 433083K->371691K(721408K), 0.0015503 secs] [Times: user=0.00 sys=0.00, real=0.00 secs] 
1088.330: [GC (Allocation Failure) [PSYoungGen: 62864K->1408K(63488K)] 433131K->371675K(721408K), 0.0032248 secs] [Times: user=0.01 sys=0.00, real=0.00 secs] 
1088.660: [GC (Allocation Failure) [PSYoungGen: 62848K->1485K(63488K)] 433115K->371760K(721408K), 0.0020760 secs] [Times: user=0.01 sys=0.00, real=0.00 secs] 
1089.117: [GC (Allocation Failure) [PSYoungGen: 62925K->1581K(63488K)] 433200K->371856K(721408K), 0.0018161 secs] [Times: user=0.01 sys=0.00, real=0.00 secs] 
1089.488: [GC (Allocation Failure) [PSYoungGen: 63021K->1629K(63488K)] 433296K->371912K(721408K), 0.0018554 secs] [Times: user=0.00 sys=0.00, real=0.00 secs] 
1089.921: [GC (Allocation Failure) [PSYoungGen: 63052K->1581K(63488K)] 433336K->371864K(721408K), 0.0016361 secs] [Times: user=0.00 sys=0.00, real=0.00 secs] 
1090.421: [GC (Allocation Failure) [PSYoungGen: 63021K->1488K(63488K)] 433304K->371771K(721408K), 0.0020091 secs] [Times: user=0.01 sys=0.00, real=0.00 secs] 
1090.995: [GC (Allocation Failure) [PSYoungGen: 62928K->1376K(63488K)] 433211K->371659K(721408K), 0.0028990 secs] [Times: user=0.01 sys=0.00, real=0.01 secs] 
1091.457: [GC (Allocation Failure) [PSYoungGen: 62816K->1408K(63488K)] 433099K->371707K(721408K), 0.0027630 secs] [Times: user=0.02 sys=0.00, real=0.00 secs] 
1091.980: [GC (Allocation Failure) [PSYoungGen: 62848K->1344K(63488K)] 433147K->371643K(721408K), 0.0028368 secs] [Times: user=0.01 sys=0.00, real=0.00 secs] 
1092.418: [GC (Allocation Failure) [PSYoungGen: 62784K->1344K(63488K)] 433083K->371643K(721408K), 0.0025517 secs] [Times: user=0.01 sys=0.00, real=0.00 secs] 
1092.955: [GC (Allocation Failure) [PSYoungGen: 62784K->1517K(63488K)] 433083K->371816K(721408K), 0.0015543 secs] [Times: user=0.01 sys=0.00, real=0.01 secs] 
1093.328: [GC (Allocation Failure) [PSYoungGen: 62957K->1597K(63488K)] 433256K->371896K(721408K), 0.0016385 secs] [Times: user=0.01 sys=0.00, real=0.00 secs] 
1093.699: [GC (Allocation Failure) [PSYoungGen: 63037K->1549K(63488K)] 433336K->371856K(721408K), 0.0016422 secs] [Times: user=0.00 sys=0.00, real=0.00 secs] 
1094.068: [GC (Allocation Failure) [PSYoungGen: 62972K->1533K(63488K)] 433279K->371840K(721408K), 0.0016033 secs] [Times: user=0.00 sys=0.00, real=0.00 secs] 
1094.405: [GC (Allocation Failure) [PSYoungGen: 62973K->1472K(63488K)] 433280K->371779K(721408K), 0.0020937 secs] [Times: user=0.01 sys=0.00, real=0.01 secs] 
1094.661: [GC (Allocation Failure) [PSYoungGen: 62912K->1376K(63488K)] 433219K->371683K(721408K), 0.0018926 secs] [Times: user=0.01 sys=0.00, real=0.00 secs] 
1094.916: [GC (Allocation Failure) [PSYoungGen: 62816K->1376K(63488K)] 433123K->371683K(721408K), 0.0019188 secs] [Times: user=0.01 sys=0.00, real=0.00 secs] 
1095.172: [GC (Allocation Failure) [PSYoungGen: 62816K->1376K(63488K)] 433123K->371691K(721408K), 0.0019293 secs] [Times: user=0.01 sys=0.00, real=0.00 secs] 
1095.526: [GC (Allocation Failure) [PSYoungGen: 62816K->1501K(63488K)] 433131K->371816K(721408K), 0.0018839 secs] [Times: user=0.01 sys=0.00, real=0.01 secs] 
1095.902: [GC (Allocation Failure) [PSYoungGen: 62941K->1517K(63488K)] 433256K->371832K(721408K), 0.0017327 secs] [Times: user=0.01 sys=0.00, real=0.00 secs] 
1096.286: [GC (Allocation Failure) [PSYoungGen: 62957K->1597K(63488K)] 433272K->371920K(721408K), 0.0018229 secs] [Times: user=0.01 sys=0.00, real=0.00 secs] 
1096.656: [GC (Allocation Failure) [PSYoungGen: 63021K->1613K(63488K)] 433344K->371936K(721408K), 0.0016554 secs] [Times: user=0.01 sys=0.00, real=0.01 secs] 
1097.101: [GC (Allocation Failure) [PSYoungGen: 63053K->1504K(63488K)] 433376K->371827K(721408K), 0.0020561 secs] [Times: user=0.00 sys=0.00, real=0.00 secs] 
1097.394: [GC (Allocation Failure) [PSYoungGen: 62944K->1376K(63488K)] 433267K->371699K(721408K), 0.0021014 secs] [Times: user=0.01 sys=0.00, real=0.00 secs] 
1097.649: [GC (Allocation Failure) [PSYoungGen: 62816K->1376K(63488K)] 433139K->371699K(721408K), 0.0020870 secs] [Times: user=0.01 sys=0.00, real=0.00 secs] 
1097.905: [GC (Allocation Failure) [PSYoungGen: 62816K->1440K(63488K)] 433139K->371763K(721408K), 0.0020198 secs] [Times: user=0.01 sys=0.00, real=0.01 secs] 
1098.160: [GC (Allocation Failure) [PSYoungGen: 62880K->1408K(63488K)] 433203K->371731K(721408K), 0.0021077 secs] [Times: user=0.01 sys=0.01, real=0.00 secs] 
1098.555: [GC (Allocation Failure) [PSYoungGen: 62848K->1533K(63488K)] 433171K->371856K(721408K), 0.0016740 secs] [Times: user=0.01 sys=0.00, real=0.01 secs] 
1098.926: [GC (Allocation Failure) [PSYoungGen: 62973K->1549K(63488K)] 433296K->371872K(721408K), 0.0018513 secs] [Times: user=0.01 sys=0.00, real=0.01 secs] 
1099.296: [GC (Allocation Failure) [PSYoungGen: 62989K->1549K(63488K)] 433312K->371888K(721408K), 0.0015923 secs] [Times: user=0.01 sys=0.00, real=0.01 secs] 
1099.667: [GC (Allocation Failure) [PSYoungGen: 62981K->1584K(63488K)] 433320K->371923K(721408K), 0.0017053 secs] [Times: user=0.01 sys=0.00, real=0.00 secs] 
1100.739: [GC (Allocation Failure) [PSYoungGen: 63024K->1392K(63488K)] 433363K->371731K(721408K), 0.0036415 secs] [Times: user=0.01 sys=0.01, real=0.00 secs] 
1101.246: [GC (Allocation Failure) [PSYoungGen: 62832K->1344K(63488K)] 433171K->371683K(721408K), 0.0033315 secs] [Times: user=0.01 sys=0.00, real=0.01 secs] 
1101.761: [GC (Allocation Failure) [PSYoungGen: 62784K->1424K(63488K)] 433123K->371795K(721408K), 0.0033378 secs] [Times: user=0.02 sys=0.00, real=0.00 secs] 
1102.333: [GC (Allocation Failure) [PSYoungGen: 62864K->1392K(63488K)] 433235K->371763K(721408K), 0.0025248 secs] [Times: user=0.01 sys=0.00, real=0.00 secs] 
1102.875: [GC (Allocation Failure) [PSYoungGen: 62832K->1485K(63488K)] 433203K->371856K(721408K), 0.0020231 secs] [Times: user=0.01 sys=0.00, real=0.01 secs] 
1103.276: [GC (Allocation Failure) [PSYoungGen: 62925K->1517K(63488K)] 433296K->371888K(721408K), 0.0017294 secs] [Times: user=0.00 sys=0.00, real=0.00 secs] 
1103.643: [GC (GCLocker Initiated GC) [PSYoungGen: 62957K->1533K(63488K)] 433328K->371928K(721408K), 0.0016843 secs] [Times: user=0.01 sys=0.00, real=0.00 secs] 
1104.018: [GC (Allocation Failure) [PSYoungGen: 62973K->1453K(63488K)] 434105K->372585K(721408K), 0.0016410 secs] [Times: user=0.00 sys=0.00, real=0.00 secs] 
1104.380: [GC (Allocation Failure) [PSYoungGen: 62893K->2016K(63488K)] 434025K->373148K(721408K), 0.0017716 secs] [Times: user=0.00 sys=0.00, real=0.00 secs] 
1104.635: [GC (Allocation Failure) [PSYoungGen: 63456K->1408K(63488K)] 434588K->372540K(721408K), 0.0015860 secs] [Times: user=0.01 sys=0.00, real=0.01 secs] 
1104.889: [GC (Allocation Failure) [PSYoungGen: 62848K->1424K(63488K)] 433980K->372556K(721408K), 0.0016496 secs] [Times: user=0.00 sys=0.00, real=0.00 secs] 
1105.144: [GC (Allocation Failure) [PSYoungGen: 62864K->1376K(63488K)] 433996K->372508K(721408K), 0.0016425 secs] [Times: user=0.01 sys=0.00, real=0.00 secs] 
1105.398: [GC (Allocation Failure) [PSYoungGen: 62816K->1440K(63488K)] 433948K->372572K(721408K), 0.0019470 secs] [Times: user=0.01 sys=0.00, real=0.00 secs] 
1105.757: [GC (Allocation Failure) [PSYoungGen: 62880K->1565K(63488K)] 434012K->372697K(721408K), 0.0016139 secs] [Times: user=0.00 sys=0.00, real=0.00 secs] 
1106.129: [GC (Allocation Failure) [PSYoungGen: 63005K->1581K(63488K)] 434137K->372713K(721408K), 0.0017854 secs] [Times: user=0.01 sys=0.00, real=0.00 secs] 
1106.509: [GC (Allocation Failure) [PSYoungGen: 63005K->1613K(63488K)] 434137K->372753K(721408K), 0.0017194 secs] [Times: user=0.01 sys=0.00, real=0.00 secs] 
1106.878: [GC (Allocation Failure) [PSYoungGen: 63053K->1613K(63488K)] 434193K->372753K(721408K), 0.0017471 secs] [Times: user=0.00 sys=0.00, real=0.00 secs] 
1107.224: [GC (Allocation Failure) [PSYoungGen: 63053K->1488K(63488K)] 434193K->372628K(721408K), 0.0017036 secs] [Times: user=0.01 sys=0.00, real=0.00 secs] 
1107.483: [GC (Allocation Failure) [PSYoungGen: 62928K->1408K(63488K)] 434068K->372548K(721408K), 0.0016878 secs] [Times: user=0.01 sys=0.00, real=0.00 secs] 
1107.746: [GC (Allocation Failure) [PSYoungGen: 62848K->1376K(63488K)] 433988K->372572K(721408K), 0.0015557 secs] [Times: user=0.01 sys=0.00, real=0.01 secs] 
1108.045: [GC (Allocation Failure) [PSYoungGen: 62816K->1376K(63488K)] 434012K->372572K(721408K), 0.0019049 secs] [Times: user=0.01 sys=0.00, real=0.01 secs] 
1108.343: [GC (Allocation Failure) [PSYoungGen: 62797K->1437K(63488K)] 433994K->372633K(721408K), 0.0020840 secs] [Times: user=0.01 sys=0.00, real=0.00 secs] 
1108.719: [GC (Allocation Failure) [PSYoungGen: 62877K->1549K(63488K)] 434073K->372753K(721408K), 0.0016292 secs] [Times: user=0.01 sys=0.00, real=0.00 secs] 
1109.089: [GC (Allocation Failure) [PSYoungGen: 62972K->1565K(63488K)] 434176K->372793K(721408K), 0.0015908 secs] [Times: user=0.01 sys=0.00, real=0.00 secs] 
1109.457: [GC (Allocation Failure) [PSYoungGen: 63005K->1597K(63488K)] 434233K->372825K(721408K), 0.0017240 secs] [Times: user=0.01 sys=0.00, real=0.00 secs] 
1109.992: [GC (Allocation Failure) [PSYoungGen: 63037K->1552K(63488K)] 434265K->372780K(721408K), 0.0018665 secs] [Times: user=0.01 sys=0.00, real=0.00 secs] 
1110.629: [GC (Allocation Failure) [PSYoungGen: 62992K->1408K(63488K)] 434220K->372636K(721408K), 0.0047823 secs] [Times: user=0.02 sys=0.00, real=0.00 secs] 
1110.903: [GC (Allocation Failure) [PSYoungGen: 62848K->1408K(63488K)] 434076K->372636K(721408K), 0.0029322 secs] [Times: user=0.01 sys=0.00, real=0.01 secs] 
1111.160: [GC (Allocation Failure) [PSYoungGen: 62848K->1376K(63488K)] 434076K->372628K(721408K), 0.0020119 secs] [Times: user=0.01 sys=0.00, real=0.00 secs] 
1111.415: [GC (Allocation Failure) [PSYoungGen: 62816K->1376K(63488K)] 434068K->372628K(721408K), 0.0021196 secs] [Times: user=0.00 sys=0.00, real=0.01 secs] 
1111.803: [GC (Allocation Failure) [PSYoungGen: 62816K->1517K(63488K)] 434068K->372769K(721408K), 0.0015850 secs] [Times: user=0.01 sys=0.00, real=0.00 secs] 
1112.179: [GC (Allocation Failure) [PSYoungGen: 62957K->1517K(63488K)] 434209K->372769K(721408K), 0.0016699 secs] [Times: user=0.01 sys=0.00, real=0.00 secs] 
1112.551: [GC (Allocation Failure) [PSYoungGen: 62956K->1565K(63488K)] 434208K->372833K(721408K), 0.0016866 secs] [Times: user=0.01 sys=0.00, real=0.00 secs] 
1112.919: [GC (Allocation Failure) [PSYoungGen: 63005K->1533K(63488K)] 434273K->372801K(721408K), 0.0017145 secs] [Times: user=0.01 sys=0.00, real=0.00 secs] 
1113.270: [GC (Allocation Failure) [PSYoungGen: 62973K->1472K(63488K)] 434241K->372740K(721408K), 0.0018422 secs] [Times: user=0.01 sys=0.00, real=0.00 secs] 
1113.537: [GC (Allocation Failure) [PSYoungGen: 62912K->1376K(63488K)] 434180K->372644K(721408K), 0.0018442 secs] [Times: user=0.00 sys=0.00, real=0.00 secs] 
1113.809: [GC (Allocation Failure) [PSYoungGen: 62816K->1408K(63488K)] 434084K->372684K(721408K), 0.0018213 secs] [Times: user=0.01 sys=0.00, real=0.00 secs] 
1114.162: [GC (Allocation Failure) [PSYoungGen: 62848K->1376K(63488K)] 434124K->372652K(721408K), 0.0023174 secs] [Times: user=0.00 sys=0.00, real=0.00 secs] 
1114.568: [GC (Allocation Failure) [PSYoungGen: 62816K->1376K(63488K)] 434092K->372652K(721408K), 0.0020415 secs] [Times: user=0.00 sys=0.00, real=0.00 secs] 
1115.062: [GC (Allocation Failure) [PSYoungGen: 62816K->1597K(63488K)] 434092K->372873K(721408K), 0.0016078 secs] [Times: user=0.00 sys=0.00, real=0.00 secs] 
1115.434: [GC (Allocation Failure) [PSYoungGen: 63037K->1581K(63488K)] 434313K->372865K(721408K), 0.0017336 secs] [Times: user=0.01 sys=0.00, real=0.00 secs] 
1115.805: [GC (Allocation Failure) [PSYoungGen: 63004K->1597K(63488K)] 434289K->372881K(721408K), 0.0016966 secs] [Times: user=0.01 sys=0.00, real=0.01 secs] 
1116.173: [GC (Allocation Failure) [PSYoungGen: 63037K->1613K(63488K)] 434321K->372897K(721408K), 0.0017359 secs] [Times: user=0.01 sys=0.00, real=0.00 secs] 
1116.753: [GC (Allocation Failure) [PSYoungGen: 63053K->1408K(63488K)] 434337K->372692K(721408K), 0.0018019 secs] [Times: user=0.01 sys=0.00, real=0.00 secs] 
1117.304: [GC (Allocation Failure) [PSYoungGen: 62848K->1424K(63488K)] 434132K->372708K(721408K), 0.0019253 secs] [Times: user=0.01 sys=0.00, real=0.00 secs] 
1117.916: [GC (Allocation Failure) [PSYoungGen: 62864K->1376K(63488K)] 434148K->372660K(721408K), 0.0019657 secs] [Times: user=0.01 sys=0.00, real=0.00 secs] 
1118.392: [GC (Allocation Failure) [PSYoungGen: 62816K->1344K(63488K)] 434100K->372628K(721408K), 0.0018783 secs] [Times: user=0.01 sys=0.00, real=0.00 secs] 
1118.893: [GC (Allocation Failure) [PSYoungGen: 62784K->1520K(63488K)] 434068K->372804K(721408K), 0.0016037 secs] [Times: user=0.00 sys=0.00, real=0.00 secs] 
1119.263: [GC (Allocation Failure) [PSYoungGen: 62960K->1501K(63488K)] 434244K->372785K(721408K), 0.0015916 secs] [Times: user=0.00 sys=0.00, real=0.00 secs] 
1119.642: [GC (Allocation Failure) [PSYoungGen: 62928K->1549K(63488K)] 434212K->372841K(721408K), 0.0015790 secs] [Times: user=0.01 sys=0.00, real=0.00 secs] 
1120.011: [GC (Allocation Failure) [PSYoungGen: 62962K->1581K(63488K)] 434255K->372873K(721408K), 0.0016465 secs] [Times: user=0.01 sys=0.00, real=0.00 secs] 
1120.634: [GC (Allocation Failure) [PSYoungGen: 63021K->1424K(63488K)] 434313K->372716K(721408K), 0.0020386 secs] [Times: user=0.01 sys=0.00, real=0.00 secs] 
1121.338: [GC (Allocation Failure) [PSYoungGen: 62864K->1360K(63488K)] 434156K->372652K(721408K), 0.0021777 secs] [Times: user=0.01 sys=0.00, real=0.00 secs] 
1122.017: [GC (Allocation Failure) [PSYoungGen: 62800K->1376K(63488K)] 434092K->372668K(721408K), 0.0024207 secs] [Times: user=0.01 sys=0.00, real=0.00 secs] 
1122.685: [GC (Allocation Failure) [PSYoungGen: 62816K->1344K(63488K)] 434108K->372636K(721408K), 0.0025408 secs] [Times: user=0.01 sys=0.00, real=0.01 secs] 
1123.226: [GC (Allocation Failure) [PSYoungGen: 62784K->1376K(63488K)] 434076K->372668K(721408K), 0.0025161 secs] [Times: user=0.01 sys=0.00, real=0.01 secs] 
1123.725: [GC (Allocation Failure) [PSYoungGen: 62796K->1549K(63488K)] 434088K->372849K(721408K), 0.0016985 secs] [Times: user=0.01 sys=0.00, real=0.01 secs] 
1124.162: [GC (Allocation Failure) [PSYoungGen: 62989K->1549K(63488K)] 434289K->372849K(721408K), 0.0018313 secs] [Times: user=0.01 sys=0.00, real=0.00 secs] 
1124.532: [GC (Allocation Failure) [PSYoungGen: 62971K->1581K(63488K)] 434272K->372897K(721408K), 0.0016108 secs] [Times: user=0.00 sys=0.00, real=0.00 secs] 
1124.900: [GC (Allocation Failure) [PSYoungGen: 63021K->1565K(63488K)] 434337K->372881K(721408K), 0.0018231 secs] [Times: user=0.01 sys=0.00, real=0.00 secs] 
1125.267: [GC (Allocation Failure) [PSYoungGen: 63005K->1440K(63488K)] 434321K->372756K(721408K), 0.0033165 secs] [Times: user=0.01 sys=0.00, real=0.00 secs] 
1125.557: [GC (Allocation Failure) [PSYoungGen: 62880K->1392K(63488K)] 434196K->372708K(721408K), 0.0021079 secs] [Times: user=0.01 sys=0.00, real=0.00 secs] 
1125.872: [GC (Allocation Failure) [PSYoungGen: 62832K->1408K(63488K)] 434148K->372724K(721408K), 0.0021184 secs] [Times: user=0.01 sys=0.00, real=0.00 secs] 
1126.130: [GC (Allocation Failure) [PSYoungGen: 62848K->1408K(63488K)] 434164K->372724K(721408K), 0.0021126 secs] [Times: user=0.00 sys=0.00, real=0.00 secs] 
1126.495: [GC (Allocation Failure) [PSYoungGen: 62848K->1469K(63488K)] 434164K->372785K(721408K), 0.0016044 secs] [Times: user=0.01 sys=0.00, real=0.01 secs] 
1126.872: [GC (Allocation Failure) [PSYoungGen: 62909K->1549K(63488K)] 434225K->372865K(721408K), 0.0016127 secs] [Times: user=0.01 sys=0.00, real=0.00 secs] 
1127.248: [GC (Allocation Failure) [PSYoungGen: 62989K->1549K(63488K)] 434305K->372881K(721408K), 0.0016856 secs] [Times: user=0.01 sys=0.00, real=0.00 secs] 
1127.622: [GC (Allocation Failure) [PSYoungGen: 62989K->1597K(63488K)] 434321K->372929K(721408K), 0.0017067 secs] [Times: user=0.01 sys=0.00, real=0.00 secs] 
1127.975: [GC (Allocation Failure) [PSYoungGen: 63037K->1472K(63488K)] 434369K->372804K(721408K), 0.0019635 secs] [Times: user=0.01 sys=0.00, real=0.01 secs] 
1128.231: [GC (Allocation Failure) [PSYoungGen: 62912K->1344K(63488K)] 434244K->372676K(721408K), 0.0018597 secs] [Times: user=0.01 sys=0.00, real=0.00 secs] 
1128.486: [GC (Allocation Failure) [PSYoungGen: 62784K->1376K(63488K)] 434116K->372708K(721408K), 0.0019978 secs] [Times: user=0.01 sys=0.00, real=0.01 secs] 
1128.741: [GC (Allocation Failure) [PSYoungGen: 62816K->1408K(63488K)] 434148K->372740K(721408K), 0.0019387 secs] [Times: user=0.01 sys=0.00, real=0.00 secs] 
1129.036: [GC (Allocation Failure) [PSYoungGen: 62848K->1392K(63488K)] 434180K->372724K(721408K), 0.0019813 secs] [Times: user=0.01 sys=0.00, real=0.00 secs] 
1129.490: [GC (Allocation Failure) [PSYoungGen: 62807K->1517K(63488K)] 434140K->372849K(721408K), 0.0015958 secs] [Times: user=0.01 sys=0.00, real=0.00 secs] 
1129.898: [GC (Allocation Failure) [PSYoungGen: 62957K->1552K(63488K)] 434289K->372884K(721408K), 0.0016905 secs] [Times: user=0.01 sys=0.00, real=0.00 secs] 
1130.269: [GC (Allocation Failure) [PSYoungGen: 62992K->1597K(63488K)] 434324K->372945K(721408K), 0.0017899 secs] [Times: user=0.01 sys=0.00, real=0.00 secs] 
1130.639: [GC (Allocation Failure) [PSYoungGen: 63021K->1581K(63488K)] 434369K->372945K(721408K), 0.0017227 secs] [Times: user=0.00 sys=0.00, real=0.00 secs] 
1130.911: [GC (Allocation Failure) [PSYoungGen: 63021K->1392K(63488K)] 434385K->372756K(721408K), 0.0028330 secs] [Times: user=0.01 sys=0.00, real=0.00 secs] 
1131.166: [GC (Allocation Failure) [PSYoungGen: 62832K->1392K(63488K)] 434196K->372756K(721408K), 0.0020150 secs] [Times: user=0.01 sys=0.00, real=0.01 secs] 
1131.440: [GC (Allocation Failure) [PSYoungGen: 62832K->1408K(63488K)] 434196K->372772K(721408K), 0.0018551 secs] [Times: user=0.01 sys=0.00, real=0.00 secs] 
1131.871: [GC (Allocation Failure) [PSYoungGen: 62848K->1344K(63488K)] 434212K->372708K(721408K), 0.0020651 secs] [Times: user=0.01 sys=0.00, real=0.00 secs] 
1132.426: [GC (Allocation Failure) [PSYoungGen: 62784K->1421K(63488K)] 434148K->372785K(721408K), 0.0017374 secs] [Times: user=0.01 sys=0.00, real=0.01 secs] 
1132.798: [GC (Allocation Failure) [PSYoungGen: 62861K->1517K(63488K)] 434225K->372881K(721408K), 0.0016322 secs] [Times: user=0.01 sys=0.00, real=0.00 secs] 
1133.223: [GC (Allocation Failure) [PSYoungGen: 62940K->1565K(63488K)] 434304K->372945K(721408K), 0.0016562 secs] [Times: user=0.01 sys=0.00, real=0.00 secs] 
1133.593: [GC (Allocation Failure) [PSYoungGen: 63005K->1581K(63488K)] 434385K->372961K(721408K), 0.0016912 secs] [Times: user=0.01 sys=0.00, real=0.00 secs] 
1134.033: [GC (Allocation Failure) [PSYoungGen: 63021K->1488K(63488K)] 434401K->372868K(721408K), 0.0019951 secs] [Times: user=0.00 sys=0.00, real=0.00 secs] 
1134.337: [GC (Allocation Failure) [PSYoungGen: 62928K->1408K(63488K)] 434308K->372788K(721408K), 0.0021281 secs] [Times: user=0.01 sys=0.00, real=0.00 secs] 
1134.631: [GC (Allocation Failure) [PSYoungGen: 62848K->1440K(63488K)] 434228K->372820K(721408K), 0.0021090 secs] [Times: user=0.01 sys=0.00, real=0.00 secs] 
1134.886: [GC (Allocation Failure) [PSYoungGen: 62880K->1376K(63488K)] 434260K->372756K(721408K), 0.0020194 secs] [Times: user=0.01 sys=0.00, real=0.00 secs] 
1135.141: [GC (Allocation Failure) [PSYoungGen: 62816K->1360K(63488K)] 434196K->372740K(721408K), 0.0019665 secs] [Times: user=0.01 sys=0.00, real=0.00 secs] 
1135.548: [GC (Allocation Failure) [PSYoungGen: 62800K->1485K(63488K)] 434180K->372865K(721408K), 0.0016835 secs] [Times: user=0.00 sys=0.00, real=0.00 secs] 
1135.985: [GC (Allocation Failure) [PSYoungGen: 62925K->1581K(63488K)] 434305K->372961K(721408K), 0.0018765 secs] [Times: user=0.00 sys=0.00, real=0.01 secs] 
1136.421: [GC (Allocation Failure) [PSYoungGen: 63021K->1549K(63488K)] 434401K->372937K(721408K), 0.0018015 secs] [Times: user=0.01 sys=0.01, real=0.00 secs] 
1136.792: [GC (Allocation Failure) [PSYoungGen: 62973K->1597K(63488K)] 434361K->372985K(721408K), 0.0018583 secs] [Times: user=0.01 sys=0.00, real=0.00 secs] 
1137.459: [GC (Allocation Failure) [PSYoungGen: 63037K->1408K(63488K)] 434425K->372796K(721408K), 0.0041143 secs] [Times: user=0.01 sys=0.00, real=0.00 secs] 
1137.960: [GC (Allocation Failure) [PSYoungGen: 62848K->1360K(63488K)] 434236K->372748K(721408K), 0.0025202 secs] [Times: user=0.01 sys=0.00, real=0.00 secs] 
1138.515: [GC (Allocation Failure) [PSYoungGen: 62800K->1408K(63488K)] 434188K->372796K(721408K), 0.0023811 secs] [Times: user=0.01 sys=0.00, real=0.01 secs] 
1138.983: [GC (Allocation Failure) [PSYoungGen: 62848K->1376K(63488K)] 434236K->372764K(721408K), 0.0024807 secs] [Times: user=0.01 sys=0.00, real=0.00 secs] 
1139.530: [GC (Allocation Failure) [PSYoungGen: 62816K->1469K(63488K)] 434204K->372857K(721408K), 0.0020839 secs] [Times: user=0.01 sys=0.00, real=0.00 secs] 
1139.905: [GC (Allocation Failure) [PSYoungGen: 62909K->1597K(63488K)] 434297K->372985K(721408K), 0.0017785 secs] [Times: user=0.00 sys=0.00, real=0.01 secs] 
1140.276: [GC (Allocation Failure) [PSYoungGen: 63018K->1565K(63488K)] 434406K->372969K(721408K), 0.0020145 secs] [Times: user=0.01 sys=0.00, real=0.01 secs] 
1140.708: [GC (Allocation Failure) [PSYoungGen: 63005K->1613K(63488K)] 434409K->373017K(721408K), 0.0016163 secs] [Times: user=0.01 sys=0.00, real=0.00 secs] 
1141.097: [GC (Allocation Failure) [PSYoungGen: 63053K->1488K(63488K)] 434457K->372892K(721408K), 0.0020712 secs] [Times: user=0.01 sys=0.00, real=0.00 secs] 
1141.533: [GC (Allocation Failure) [PSYoungGen: 62928K->1376K(63488K)] 434332K->372780K(721408K), 0.0028213 secs] [Times: user=0.01 sys=0.00, real=0.01 secs] 
1142.063: [GC (Allocation Failure) [PSYoungGen: 62816K->1376K(63488K)] 434220K->372780K(721408K), 0.0025204 secs] [Times: user=0.01 sys=0.00, real=0.00 secs] 
1142.581: [GC (Allocation Failure) [PSYoungGen: 62816K->1408K(63488K)] 434220K->372836K(721408K), 0.0023422 secs] [Times: user=0.01 sys=0.00, real=0.00 secs] 
1143.095: [GC (Allocation Failure) [PSYoungGen: 62848K->1408K(63488K)] 434276K->372836K(721408K), 0.0022571 secs] [Times: user=0.01 sys=0.00, real=0.01 secs] 
1143.564: [GC (Allocation Failure) [PSYoungGen: 62848K->1517K(63488K)] 434276K->372945K(721408K), 0.0016301 secs] [Times: user=0.01 sys=0.00, real=0.00 secs] 
1143.933: [GC (Allocation Failure) [PSYoungGen: 62957K->1549K(63488K)] 434385K->372977K(721408K), 0.0016811 secs] [Times: user=0.01 sys=0.00, real=0.00 secs] 
1144.302: [GC (Allocation Failure) [PSYoungGen: 62967K->1565K(63488K)] 434396K->373009K(721408K), 0.0016625 secs] [Times: user=0.01 sys=0.00, real=0.00 secs] 
1144.673: [GC (Allocation Failure) [PSYoungGen: 62990K->1597K(63488K)] 434435K->373041K(721408K), 0.0016738 secs] [Times: user=0.00 sys=0.00, real=0.00 secs] 
1144.976: [GC (Allocation Failure) [PSYoungGen: 63037K->1376K(63488K)] 434481K->372820K(721408K), 0.0017823 secs] [Times: user=0.01 sys=0.00, real=0.00 secs] 
1145.355: [GC (Allocation Failure) [PSYoungGen: 62816K->1376K(63488K)] 434260K->372820K(721408K), 0.0018087 secs] [Times: user=0.01 sys=0.00, real=0.01 secs] 
1145.854: [GC (Allocation Failure) [PSYoungGen: 62816K->1392K(63488K)] 434260K->372836K(721408K), 0.0023716 secs] [Times: user=0.01 sys=0.00, real=0.01 secs] 
1146.370: [GC (Allocation Failure) [PSYoungGen: 62832K->1408K(63488K)] 434276K->372852K(721408K), 0.0020952 secs] [Times: user=0.01 sys=0.00, real=0.00 secs] 
1147.118: [GC (Allocation Failure) [PSYoungGen: 62848K->1472K(63488K)] 434292K->372916K(721408K), 0.0021960 secs] [Times: user=0.01 sys=0.00, real=0.00 secs] 
1147.525: [GC (Allocation Failure) [PSYoungGen: 62912K->1552K(63488K)] 434356K->372996K(721408K), 0.0016424 secs] [Times: user=0.00 sys=0.00, real=0.01 secs] 
1147.963: [GC (Allocation Failure) [PSYoungGen: 62970K->1613K(63488K)] 434415K->373065K(721408K), 0.0017055 secs] [Times: user=0.00 sys=0.00, real=0.00 secs] 
1148.393: [GC (Allocation Failure) [PSYoungGen: 63053K->1613K(63488K)] 434505K->373065K(721408K), 0.0017335 secs] [Times: user=0.01 sys=0.00, real=0.00 secs] 
1148.816: [GC (Allocation Failure) [PSYoungGen: 63053K->1472K(63488K)] 434505K->372924K(721408K), 0.0021132 secs] [Times: user=0.01 sys=0.00, real=0.00 secs] 
1149.080: [GC (Allocation Failure) [PSYoungGen: 62912K->1408K(63488K)] 434364K->372860K(721408K), 0.0023615 secs] [Times: user=0.01 sys=0.00, real=0.00 secs] 
1149.363: [GC (Allocation Failure) [PSYoungGen: 62848K->1392K(63488K)] 434300K->372844K(721408K), 0.0020482 secs] [Times: user=0.01 sys=0.00, real=0.00 secs] 
1149.746: [GC (Allocation Failure) [PSYoungGen: 62832K->1344K(63488K)] 434284K->372796K(721408K), 0.0021595 secs] [Times: user=0.01 sys=0.00, real=0.01 secs] 
1150.211: [GC (Allocation Failure) [PSYoungGen: 62784K->1344K(63488K)] 434236K->372796K(721408K), 0.0023451 secs] [Times: user=0.01 sys=0.00, real=0.00 secs] 
1150.677: [GC (Allocation Failure) [PSYoungGen: 62784K->1485K(63488K)] 434236K->372937K(721408K), 0.0016198 secs] [Times: user=0.00 sys=0.00, real=0.00 secs] 
1151.048: [GC (Allocation Failure) [PSYoungGen: 62925K->1629K(63488K)] 434377K->373081K(721408K), 0.0016969 secs] [Times: user=0.01 sys=0.00, real=0.00 secs] 
1151.419: [GC (Allocation Failure) [PSYoungGen: 63048K->1597K(63488K)] 434500K->373057K(721408K), 0.0015987 secs] [Times: user=0.01 sys=0.00, real=0.00 secs] 
1151.786: [GC (Allocation Failure) [PSYoungGen: 63023K->1549K(63488K)] 434483K->373009K(721408K), 0.0015767 secs] [Times: user=0.01 sys=0.00, real=0.00 secs] 
1152.149: [GC (Allocation Failure) [PSYoungGen: 62989K->1408K(63488K)] 434449K->372876K(721408K), 0.0020049 secs] [Times: user=0.01 sys=0.00, real=0.00 secs] 
1152.404: [GC (Allocation Failure) [PSYoungGen: 62848K->1360K(63488K)] 434316K->372828K(721408K), 0.0019252 secs] [Times: user=0.01 sys=0.00, real=0.01 secs] 
1152.666: [GC (Allocation Failure) [PSYoungGen: 62800K->1424K(63488K)] 434268K->372892K(721408K), 0.0019128 secs] [Times: user=0.01 sys=0.00, real=0.00 secs] 
1152.923: [GC (Allocation Failure) [PSYoungGen: 62864K->1376K(63488K)] 434332K->372844K(721408K), 0.0030457 secs] [Times: user=0.01 sys=0.00, real=0.00 secs] 
1153.340: [GC (Allocation Failure) [PSYoungGen: 62816K->1501K(63488K)] 434284K->372969K(721408K), 0.0020411 secs] [Times: user=0.01 sys=0.00, real=0.00 secs] 
1153.747: [GC (Allocation Failure) [PSYoungGen: 62941K->1533K(63488K)] 434409K->373001K(721408K), 0.0015960 secs] [Times: user=0.01 sys=0.00, real=0.00 secs] 
1154.119: [GC (Allocation Failure) [PSYoungGen: 62973K->1549K(63488K)] 434441K->373025K(721408K), 0.0015554 secs] [Times: user=0.01 sys=0.00, real=0.00 secs] 
1154.490: [GC (Allocation Failure) [PSYoungGen: 62989K->1581K(63488K)] 434465K->373057K(721408K), 0.0016220 secs] [Times: user=0.01 sys=0.00, real=0.00 secs] 
1154.944: [GC (Allocation Failure) [PSYoungGen: 63021K->1456K(63488K)] 434497K->372932K(721408K), 0.0021271 secs] [Times: user=0.01 sys=0.00, real=0.01 secs] 
1155.351: [GC (Allocation Failure) [PSYoungGen: 62896K->1376K(63488K)] 434372K->372852K(721408K), 0.0019033 secs] [Times: user=0.01 sys=0.00, real=0.00 secs] 
1155.862: [GC (Allocation Failure) [PSYoungGen: 62816K->1408K(63488K)] 434292K->372884K(721408K), 0.0021473 secs] [Times: user=0.01 sys=0.00, real=0.00 secs] 
1156.355: [GC (Allocation Failure) [PSYoungGen: 62848K->1408K(63488K)] 434324K->372884K(721408K), 0.0023177 secs] [Times: user=0.01 sys=0.00, real=0.01 secs] 
1156.873: [GC (Allocation Failure) [PSYoungGen: 62848K->1360K(63488K)] 434324K->372836K(721408K), 0.0029849 secs] [Times: user=0.02 sys=0.00, real=0.01 secs] 
1157.441: [GC (Allocation Failure) [PSYoungGen: 62800K->1517K(63488K)] 434276K->372993K(721408K), 0.0016781 secs] [Times: user=0.00 sys=0.00, real=0.00 secs] 
1157.823: [GC (Allocation Failure) [PSYoungGen: 62957K->1549K(63488K)] 434433K->373025K(721408K), 0.0016761 secs] [Times: user=0.01 sys=0.00, real=0.00 secs] 
1158.202: [GC (Allocation Failure) [PSYoungGen: 62989K->1517K(63488K)] 434465K->373001K(721408K), 0.0015739 secs] [Times: user=0.00 sys=0.00, real=0.00 secs] 
1158.638: [GC (Allocation Failure) [PSYoungGen: 62957K->1581K(63488K)] 434441K->373065K(721408K), 0.0017931 secs] [Times: user=0.01 sys=0.00, real=0.00 secs] 
1158.943: [GC (Allocation Failure) [PSYoungGen: 63021K->1408K(63488K)] 434505K->372892K(721408K), 0.0023309 secs] [Times: user=0.01 sys=0.00, real=0.00 secs] 
1159.199: [GC (Allocation Failure) [PSYoungGen: 62848K->1360K(63488K)] 434332K->372844K(721408K), 0.0020212 secs] [Times: user=0.01 sys=0.00, real=0.00 secs] 
1159.455: [GC (Allocation Failure) [PSYoungGen: 62800K->1376K(63488K)] 434284K->372860K(721408K), 0.0020241 secs] [Times: user=0.01 sys=0.01, real=0.01 secs] 
1159.710: [GC (Allocation Failure) [PSYoungGen: 62816K->1408K(63488K)] 434300K->372892K(721408K), 0.0017794 secs] [Times: user=0.01 sys=0.00, real=0.00 secs] 
1160.008: [GC (Allocation Failure) [PSYoungGen: 62848K->1501K(63488K)] 434332K->372985K(721408K), 0.0016715 secs] [Times: user=0.01 sys=0.00, real=0.00 secs] 
1160.379: [GC (Allocation Failure) [PSYoungGen: 62941K->1565K(63488K)] 434425K->373049K(721408K), 0.0017292 secs] [Times: user=0.01 sys=0.00, real=0.00 secs] 
1160.749: [GC (Allocation Failure) [PSYoungGen: 62998K->1549K(63488K)] 434482K->373041K(721408K), 0.0016985 secs] [Times: user=0.01 sys=0.00, real=0.00 secs] 
1161.117: [GC (Allocation Failure) [PSYoungGen: 62989K->1581K(63488K)] 434481K->373073K(721408K), 0.0016281 secs] [Times: user=0.00 sys=0.00, real=0.00 secs] 
1161.538: [GC (Allocation Failure) [PSYoungGen: 63021K->2032K(63488K)] 434513K->373556K(721408K), 0.0019641 secs] [Times: user=0.00 sys=0.00, real=0.00 secs] 
1161.813: [GC (Allocation Failure) [PSYoungGen: 63472K->1376K(63488K)] 434996K->372900K(721408K), 0.0019800 secs] [Times: user=0.01 sys=0.00, real=0.00 secs] 
1162.068: [GC (Allocation Failure) [PSYoungGen: 62816K->1408K(63488K)] 434340K->372932K(721408K), 0.0019938 secs] [Times: user=0.01 sys=0.00, real=0.00 secs] 
1162.359: [GC (Allocation Failure) [PSYoungGen: 62848K->1376K(63488K)] 434372K->372900K(721408K), 0.0019049 secs] [Times: user=0.00 sys=0.00, real=0.00 secs] 
1162.615: [GC (Allocation Failure) [PSYoungGen: 62816K->1376K(63488K)] 434340K->372900K(721408K), 0.0020220 secs] [Times: user=0.01 sys=0.00, real=0.01 secs] 
1162.996: [GC (Allocation Failure) [PSYoungGen: 62816K->1517K(63488K)] 434340K->373041K(721408K), 0.0016968 secs] [Times: user=0.00 sys=0.00, real=0.01 secs] 
1163.364: [GC (Allocation Failure) [PSYoungGen: 62939K->1552K(63488K)] 434463K->373076K(721408K), 0.0015809 secs] [Times: user=0.00 sys=0.00, real=0.00 secs] 
1163.732: [GC (Allocation Failure) [PSYoungGen: 62992K->1581K(63488K)] 434516K->373113K(721408K), 0.0017050 secs] [Times: user=0.00 sys=0.00, real=0.00 secs] 
1164.102: [GC (Allocation Failure) [PSYoungGen: 63017K->1565K(63488K)] 434550K->373097K(721408K), 0.0016159 secs] [Times: user=0.01 sys=0.00, real=0.00 secs] 
1164.398: [GC (Allocation Failure) [PSYoungGen: 63005K->1472K(63488K)] 434537K->373004K(721408K), 0.0016300 secs] [Times: user=0.01 sys=0.00, real=0.00 secs] 
1164.653: [GC (Allocation Failure) [PSYoungGen: 62912K->1376K(63488K)] 434444K->372908K(721408K), 0.0015854 secs] [Times: user=0.01 sys=0.00, real=0.00 secs] 
1164.945: [GC (Allocation Failure) [PSYoungGen: 62816K->1392K(63488K)] 434348K->372924K(721408K), 0.0018163 secs] [Times: user=0.00 sys=0.00, real=0.01 secs] 
1165.202: [GC (Allocation Failure) [PSYoungGen: 62832K->1344K(63488K)] 434364K->372876K(721408K), 0.0021179 secs] [Times: user=0.01 sys=0.00, real=0.00 secs] 
1165.550: [GC (Allocation Failure) [PSYoungGen: 62784K->1408K(63488K)] 434316K->372948K(721408K), 0.0020622 secs] [Times: user=0.01 sys=0.00, real=0.00 secs] 
1166.040: [GC (Allocation Failure) [PSYoungGen: 62838K->1597K(63488K)] 434379K->373137K(721408K), 0.0016151 secs] [Times: user=0.00 sys=0.00, real=0.00 secs] 
1166.463: [GC (Allocation Failure) [PSYoungGen: 63037K->1613K(63488K)] 434577K->373169K(721408K), 0.0018087 secs] [Times: user=0.01 sys=0.00, real=0.00 secs] 
1166.832: [GC (Allocation Failure) [PSYoungGen: 63053K->1517K(63488K)] 434609K->373073K(721408K), 0.0017878 secs] [Times: user=0.01 sys=0.00, real=0.00 secs] 
1167.344: [GC (Allocation Failure) [PSYoungGen: 62957K->1648K(63488K)] 434513K->373204K(721408K), 0.0019152 secs] [Times: user=0.01 sys=0.00, real=0.01 secs] 
1167.832: [GC (Allocation Failure) [PSYoungGen: 63088K->1328K(63488K)] 434644K->372884K(721408K), 0.0019829 secs] [Times: user=0.01 sys=0.00, real=0.00 secs] 
1168.225: [GC (Allocation Failure) [PSYoungGen: 62768K->1392K(63488K)] 434324K->372948K(721408K), 0.0019231 secs] [Times: user=0.01 sys=0.00, real=0.01 secs] 
1168.480: [GC (Allocation Failure) [PSYoungGen: 62832K->1376K(63488K)] 434388K->372932K(721408K), 0.0019540 secs] [Times: user=0.01 sys=0.00, real=0.00 secs] 
1168.748: [GC (Allocation Failure) [PSYoungGen: 62816K->1408K(63488K)] 434372K->372964K(721408K), 0.0020331 secs] [Times: user=0.00 sys=0.00, real=0.00 secs] 
1169.205: [GC (Allocation Failure) [PSYoungGen: 62848K->1533K(63488K)] 434404K->373089K(721408K), 0.0015754 secs] [Times: user=0.01 sys=0.00, real=0.01 secs] 
1169.637: [GC (Allocation Failure) [PSYoungGen: 62973K->1597K(63488K)] 434529K->373153K(721408K), 0.0016418 secs] [Times: user=0.00 sys=0.00, real=0.00 secs] 
1170.008: [GC (Allocation Failure) [PSYoungGen: 63020K->1581K(63488K)] 434577K->373153K(721408K), 0.0018179 secs] [Times: user=0.00 sys=0.00, real=0.00 secs] 
1170.378: [GC (Allocation Failure) [PSYoungGen: 63021K->1581K(63488K)] 434593K->373153K(721408K), 0.0017791 secs] [Times: user=0.01 sys=0.01, real=0.00 secs] 
1171.330: [GC (Allocation Failure) [PSYoungGen: 63021K->1504K(63488K)] 434593K->373076K(721408K), 0.0045958 secs] [Times: user=0.02 sys=0.00, real=0.00 secs] 
1171.912: [GC (Allocation Failure) [PSYoungGen: 62944K->1344K(63488K)] 434516K->372916K(721408K), 0.0031123 secs] [Times: user=0.01 sys=0.00, real=0.00 secs] 
1172.364: [GC (Allocation Failure) [PSYoungGen: 62784K->1440K(63488K)] 434356K->373036K(721408K), 0.0025534 secs] [Times: user=0.01 sys=0.00, real=0.01 secs] 
1172.672: [GC (Allocation Failure) [PSYoungGen: 62880K->1376K(63488K)] 434476K->372972K(721408K), 0.0020647 secs] [Times: user=0.01 sys=0.00, real=0.00 secs] 
1172.927: [GC (Allocation Failure) [PSYoungGen: 62816K->1408K(63488K)] 434412K->373004K(721408K), 0.0021428 secs] [Times: user=0.01 sys=0.00, real=0.00 secs] 
1173.352: [GC (Allocation Failure) [PSYoungGen: 62848K->1565K(63488K)] 434444K->373161K(721408K), 0.0016237 secs] [Times: user=0.01 sys=0.00, real=0.00 secs] 
1173.723: [GC (Allocation Failure) [PSYoungGen: 63005K->1597K(63488K)] 434601K->373201K(721408K), 0.0016268 secs] [Times: user=0.01 sys=0.00, real=0.00 secs] 
1174.091: [GC (Allocation Failure) [PSYoungGen: 63018K->1581K(63488K)] 434622K->373185K(721408K), 0.0015595 secs] [Times: user=0.01 sys=0.00, real=0.00 secs] 
1174.456: [GC (Allocation Failure) [PSYoungGen: 63021K->256K(63488K)] 434625K->371860K(721408K), 0.0015194 secs] [Times: user=0.00 sys=0.00, real=0.00 secs] 
1174.749: [GC (Allocation Failure) [PSYoungGen: 61696K->1392K(63488K)] 433300K->372996K(721408K), 0.0016199 secs] [Times: user=0.01 sys=0.00, real=0.00 secs] 
1175.004: [GC (Allocation Failure) [PSYoungGen: 62832K->1376K(63488K)] 434436K->372980K(721408K), 0.0018574 secs] [Times: user=0.01 sys=0.00, real=0.01 secs] 
1175.417: [GC (Allocation Failure) [PSYoungGen: 62816K->1344K(63488K)] 434420K->372948K(721408K), 0.0031855 secs] [Times: user=0.02 sys=0.00, real=0.00 secs] 
1175.906: [GC (Allocation Failure) [PSYoungGen: 62784K->1328K(63488K)] 434388K->372932K(721408K), 0.0028527 secs] [Times: user=0.01 sys=0.00, real=0.00 secs] 
1176.413: [GC (Allocation Failure) [PSYoungGen: 62768K->1469K(63488K)] 434372K->373073K(721408K), 0.0015902 secs] [Times: user=0.01 sys=0.00, real=0.00 secs] 
1176.783: [GC (Allocation Failure) [PSYoungGen: 62909K->1581K(63488K)] 434513K->373185K(721408K), 0.0016802 secs] [Times: user=0.01 sys=0.00, real=0.00 secs] 
1177.157: [GC (Allocation Failure) [PSYoungGen: 63021K->1597K(63488K)] 434625K->373209K(721408K), 0.0016711 secs] [Times: user=0.01 sys=0.00, real=0.00 secs] 
1177.528: [GC (Allocation Failure) [PSYoungGen: 63019K->1581K(63488K)] 434631K->373193K(721408K), 0.0017340 secs] [Times: user=0.00 sys=0.00, real=0.00 secs] 
1178.052: [GC (Allocation Failure) [PSYoungGen: 63021K->1456K(63488K)] 434633K->373068K(721408K), 0.0046950 secs] [Times: user=0.02 sys=0.00, real=0.01 secs] 
1178.587: [GC (Allocation Failure) [PSYoungGen: 62896K->1376K(63488K)] 434508K->372988K(721408K), 0.0020115 secs] [Times: user=0.00 sys=0.00, real=0.00 secs] 
1179.099: [GC (Allocation Failure) [PSYoungGen: 62816K->1408K(63488K)] 434428K->373020K(721408K), 0.0022550 secs] [Times: user=0.01 sys=0.00, real=0.00 secs] 
1179.355: [GC (Allocation Failure) [PSYoungGen: 62848K->1360K(63488K)] 434460K->372972K(721408K), 0.0020829 secs] [Times: user=0.01 sys=0.00, real=0.01 secs] 
1179.611: [GC (Allocation Failure) [PSYoungGen: 62800K->1408K(63488K)] 434412K->373020K(721408K), 0.0019069 secs] [Times: user=0.01 sys=0.00, real=0.00 secs] 
1180.031: [GC (Allocation Failure) [PSYoungGen: 62848K->1565K(63488K)] 434460K->373177K(721408K), 0.0017577 secs] [Times: user=0.01 sys=0.00, real=0.00 secs] 
1180.403: [GC (Allocation Failure) [PSYoungGen: 63005K->1581K(63488K)] 434617K->373193K(721408K), 0.0015957 secs] [Times: user=0.01 sys=0.00, real=0.00 secs] 
1180.772: [GC (Allocation Failure) [PSYoungGen: 63013K->1600K(63488K)] 434625K->373228K(721408K), 0.0015918 secs] [Times: user=0.01 sys=0.00, real=0.00 secs] 
1181.140: [GC (Allocation Failure) [PSYoungGen: 63040K->1581K(63488K)] 434668K->373209K(721408K), 0.0015955 secs] [Times: user=0.01 sys=0.00, real=0.00 secs] 
1181.424: [GC (Allocation Failure) [PSYoungGen: 63021K->1440K(63488K)] 434649K->373068K(721408K), 0.0018426 secs] [Times: user=0.01 sys=0.00, real=0.00 secs] 
1181.679: [GC (Allocation Failure) [PSYoungGen: 62880K->1376K(63488K)] 434508K->373020K(721408K), 0.0019547 secs] [Times: user=0.01 sys=0.00, real=0.00 secs] 
1181.934: [GC (Allocation Failure) [PSYoungGen: 62816K->1376K(63488K)] 434460K->373020K(721408K), 0.0018582 secs] [Times: user=0.01 sys=0.01, real=0.00 secs] 
1182.267: [GC (Allocation Failure) [PSYoungGen: 62816K->1408K(63488K)] 434460K->373052K(721408K), 0.0022416 secs] [Times: user=0.01 sys=0.00, real=0.00 secs] 
1182.602: [GC (Allocation Failure) [PSYoungGen: 62848K->1453K(63488K)] 434492K->373097K(721408K), 0.0016352 secs] [Times: user=0.01 sys=0.00, real=0.00 secs] 
1182.976: [GC (Allocation Failure) [PSYoungGen: 62893K->1581K(63488K)] 434537K->373225K(721408K), 0.0016824 secs] [Times: user=0.00 sys=0.00, real=0.01 secs] 
1183.344: [GC (Allocation Failure) [PSYoungGen: 63012K->1581K(63488K)] 434657K->373233K(721408K), 0.0016581 secs] [Times: user=0.01 sys=0.00, real=0.01 secs] 
1183.714: [GC (Allocation Failure) [PSYoungGen: 63021K->1597K(63488K)] 434673K->373249K(721408K), 0.0016597 secs] [Times: user=0.00 sys=0.00, real=0.00 secs] 
1184.164: [GC (Allocation Failure) [PSYoungGen: 63037K->1472K(63488K)] 434689K->373132K(721408K), 0.0020619 secs] [Times: user=0.00 sys=0.00, real=0.00 secs] 
1184.654: [GC (Allocation Failure) [PSYoungGen: 62912K->1408K(63488K)] 434572K->373068K(721408K), 0.0019119 secs] [Times: user=0.01 sys=0.00, real=0.01 secs] 
1185.190: [GC (Allocation Failure) [PSYoungGen: 62848K->1344K(63488K)] 434508K->373004K(721408K), 0.0022999 secs] [Times: user=0.01 sys=0.00, real=0.00 secs] 
1185.666: [GC (Allocation Failure) [PSYoungGen: 62784K->1376K(63488K)] 434444K->373036K(721408K), 0.0019996 secs] [Times: user=0.00 sys=0.00, real=0.00 secs] 
1186.179: [GC (Allocation Failure) [PSYoungGen: 62816K->1376K(63488K)] 434476K->373036K(721408K), 0.0020850 secs] [Times: user=0.01 sys=0.00, real=0.00 secs] 
1186.663: [GC (Allocation Failure) [PSYoungGen: 62816K->1533K(63488K)] 434476K->373193K(721408K), 0.0017360 secs] [Times: user=0.01 sys=0.00, real=0.00 secs] 
1187.032: [GC (Allocation Failure) [PSYoungGen: 62973K->1581K(63488K)] 434633K->373241K(721408K), 0.0015644 secs] [Times: user=0.01 sys=0.00, real=0.00 secs] 
1187.459: [GC (Allocation Failure) [PSYoungGen: 63008K->1552K(63488K)] 434668K->373220K(721408K), 0.0015991 secs] [Times: user=0.00 sys=0.00, real=0.00 secs] 
1187.833: [GC (Allocation Failure) [PSYoungGen: 62964K->1613K(63488K)] 434633K->373281K(721408K), 0.0016058 secs] [Times: user=0.01 sys=0.00, real=0.00 secs] 
1188.921: [GC (Allocation Failure) [PSYoungGen: 63053K->1440K(63488K)] 434721K->373108K(721408K), 0.0040756 secs] [Times: user=0.01 sys=0.00, real=0.00 secs] 
1190.039: [GC (Allocation Failure) [PSYoungGen: 62880K->1344K(63488K)] 434548K->373012K(721408K), 0.0040956 secs] [Times: user=0.01 sys=0.00, real=0.00 secs] 
1190.918: [GC (Allocation Failure) [PSYoungGen: 62784K->1408K(63488K)] 434452K->373076K(721408K), 0.0034767 secs] [Times: user=0.01 sys=0.00, real=0.00 secs] 
1191.773: [GC (Allocation Failure) [PSYoungGen: 62848K->1408K(63488K)] 434516K->373076K(721408K), 0.0032946 secs] [Times: user=0.01 sys=0.00, real=0.01 secs] 
1192.453: [GC (Allocation Failure) [PSYoungGen: 62848K->1485K(63488K)] 434516K->373153K(721408K), 0.0020186 secs] [Times: user=0.01 sys=0.00, real=0.00 secs] 
1192.834: [GC (Allocation Failure) [PSYoungGen: 62925K->1581K(63488K)] 434593K->373249K(721408K), 0.0015402 secs] [Times: user=0.00 sys=0.00, real=0.00 secs] 
1193.205: [GC (Allocation Failure) [PSYoungGen: 63014K->1549K(63488K)] 434683K->373233K(721408K), 0.0017002 secs] [Times: user=0.00 sys=0.00, real=0.01 secs] 
1193.572: [GC (Allocation Failure) [PSYoungGen: 62989K->1581K(63488K)] 434673K->373265K(721408K), 0.0015897 secs] [Times: user=0.00 sys=0.00, real=0.00 secs] 
1194.078: [GC (Allocation Failure) [PSYoungGen: 63021K->1488K(63488K)] 434705K->373172K(721408K), 0.0021798 secs] [Times: user=0.01 sys=0.00, real=0.00 secs] 
1194.836: [GC (Allocation Failure) [PSYoungGen: 62928K->1376K(63488K)] 434612K->373076K(721408K), 0.0027859 secs] [Times: user=0.01 sys=0.00, real=0.00 secs] 
1195.574: [GC (Allocation Failure) [PSYoungGen: 62816K->1408K(63488K)] 434516K->373108K(721408K), 0.0040478 secs] [Times: user=0.01 sys=0.00, real=0.01 secs] 
1196.350: [GC (Allocation Failure) [PSYoungGen: 62848K->1344K(63488K)] 434548K->373044K(721408K), 0.0034604 secs] [Times: user=0.02 sys=0.00, real=0.00 secs] 
1196.937: [GC (Allocation Failure) [PSYoungGen: 62784K->1376K(63488K)] 434484K->373076K(721408K), 0.0035186 secs] [Times: user=0.01 sys=0.01, real=0.00 secs] 
1197.480: [GC (Allocation Failure) [PSYoungGen: 62792K->1533K(63488K)] 434492K->373233K(721408K), 0.0016289 secs] [Times: user=0.01 sys=0.00, real=0.00 secs] 
1197.855: [GC (Allocation Failure) [PSYoungGen: 62973K->1581K(63488K)] 434673K->373281K(721408K), 0.0015821 secs] [Times: user=0.00 sys=0.00, real=0.01 secs] 
1198.226: [GC (Allocation Failure) [PSYoungGen: 63003K->1629K(63488K)] 434703K->373337K(721408K), 0.0016134 secs] [Times: user=0.01 sys=0.00, real=0.01 secs] 
1198.600: [GC (Allocation Failure) [PSYoungGen: 63069K->1613K(63488K)] 434777K->373321K(721408K), 0.0015628 secs] [Times: user=0.01 sys=0.00, real=0.00 secs] 
1199.365: [GC (Allocation Failure) [PSYoungGen: 63053K->1408K(63488K)] 434761K->373116K(721408K), 0.0022396 secs] [Times: user=0.01 sys=0.00, real=0.01 secs] 
1200.028: [GC (Allocation Failure) [PSYoungGen: 62848K->1392K(63488K)] 434556K->373100K(721408K), 0.0019246 secs] [Times: user=0.01 sys=0.00, real=0.00 secs] 
1200.734: [GC (Allocation Failure) [PSYoungGen: 62832K->1376K(63488K)] 434540K->373084K(721408K), 0.0019124 secs] [Times: user=0.01 sys=0.00, real=0.00 secs] 
1201.496: [GC (Allocation Failure) [PSYoungGen: 62816K->1376K(63488K)] 434524K->373084K(721408K), 0.0026915 secs] [Times: user=0.02 sys=0.00, real=0.01 secs] 
1202.254: [GC (Allocation Failure) [PSYoungGen: 62816K->1549K(63488K)] 434524K->373257K(721408K), 0.0020197 secs] [Times: user=0.00 sys=0.00, real=0.00 secs] 
1202.630: [GC (Allocation Failure) [PSYoungGen: 62963K->1565K(63488K)] 434671K->373273K(721408K), 0.0040152 secs] [Times: user=0.01 sys=0.00, real=0.00 secs] 
1203.003: [GC (Allocation Failure) [PSYoungGen: 62991K->1597K(63488K)] 434700K->373321K(721408K), 0.0017083 secs] [Times: user=0.00 sys=0.00, real=0.00 secs] 
1203.372: [GC (Allocation Failure) [PSYoungGen: 63037K->1565K(63488K)] 434761K->373289K(721408K), 0.0016569 secs] [Times: user=0.00 sys=0.00, real=0.00 secs] 
1204.246: [GC (Allocation Failure) [PSYoungGen: 63005K->1440K(63488K)] 434729K->373180K(721408K), 0.0024138 secs] [Times: user=0.00 sys=0.00, real=0.00 secs] 
1205.015: [GC (Allocation Failure) [PSYoungGen: 62880K->1408K(63488K)] 434620K->373148K(721408K), 0.0025400 secs] [Times: user=0.01 sys=0.00, real=0.01 secs] 
1205.582: [GC (Allocation Failure) [PSYoungGen: 62848K->1376K(63488K)] 434588K->373116K(721408K), 0.0033498 secs] [Times: user=0.01 sys=0.01, real=0.00 secs] 
1205.934: [GC (Allocation Failure) [PSYoungGen: 62816K->1376K(63488K)] 434556K->373116K(721408K), 0.0022622 secs] [Times: user=0.01 sys=0.00, real=0.01 secs] 
1206.247: [GC (Allocation Failure) [PSYoungGen: 62816K->1408K(63488K)] 434556K->373148K(721408K), 0.0018990 secs] [Times: user=0.01 sys=0.00, real=0.00 secs] 
1206.799: [GC (Allocation Failure) [PSYoungGen: 62848K->1517K(63488K)] 434588K->373257K(721408K), 0.0015623 secs] [Times: user=0.01 sys=0.00, real=0.00 secs] 
1207.170: [GC (Allocation Failure) [PSYoungGen: 62957K->1597K(63488K)] 434697K->373337K(721408K), 0.0017289 secs] [Times: user=0.01 sys=0.00, real=0.00 secs] 
1207.538: [GC (Allocation Failure) [PSYoungGen: 63022K->1629K(63488K)] 434762K->373377K(721408K), 0.0015738 secs] [Times: user=0.01 sys=0.00, real=0.00 secs] 
1207.909: [GC (Allocation Failure) [PSYoungGen: 63069K->1581K(63488K)] 434817K->373329K(721408K), 0.0016230 secs] [Times: user=0.01 sys=0.00, real=0.00 secs] 
1208.235: [GC (Allocation Failure) [PSYoungGen: 63021K->1440K(63488K)] 434769K->373188K(721408K), 0.0027911 secs] [Times: user=0.01 sys=0.00, real=0.01 secs] 
1208.492: [GC (Allocation Failure) [PSYoungGen: 62880K->1376K(63488K)] 434628K->373124K(721408K), 0.0021085 secs] [Times: user=0.01 sys=0.00, real=0.00 secs] 
1208.748: [GC (Allocation Failure) [PSYoungGen: 62816K->1376K(63488K)] 434564K->373132K(721408K), 0.0020920 secs] [Times: user=0.01 sys=0.00, real=0.00 secs] 
1209.037: [GC (Allocation Failure) [PSYoungGen: 62816K->1344K(63488K)] 434572K->373100K(721408K), 0.0019933 secs] [Times: user=0.01 sys=0.00, real=0.00 secs] 
1209.380: [GC (Allocation Failure) [PSYoungGen: 62784K->1485K(63488K)] 434540K->373241K(721408K), 0.0016078 secs] [Times: user=0.00 sys=0.00, real=0.00 secs] 
1209.750: [GC (Allocation Failure) [PSYoungGen: 62925K->1613K(63488K)] 434681K->373369K(721408K), 0.0016067 secs] [Times: user=0.01 sys=0.00, real=0.00 secs] 
1210.172: [GC (Allocation Failure) [PSYoungGen: 63032K->1565K(63488K)] 434789K->373345K(721408K), 0.0016508 secs] [Times: user=0.01 sys=0.00, real=0.00 secs] 
1210.597: [GC (Allocation Failure) [PSYoungGen: 63005K->1581K(63488K)] 434785K->373361K(721408K), 0.0016015 secs] [Times: user=0.00 sys=0.00, real=0.00 secs] 
1210.991: [GC (Allocation Failure) [PSYoungGen: 63021K->1488K(63488K)] 434801K->373284K(721408K), 0.0020655 secs] [Times: user=0.00 sys=0.00, real=0.00 secs] 
1211.318: [GC (Allocation Failure) [PSYoungGen: 62928K->1376K(63488K)] 434724K->373172K(721408K), 0.0020957 secs] [Times: user=0.01 sys=0.00, real=0.00 secs] 
1211.578: [GC (Allocation Failure) [PSYoungGen: 62816K->1376K(63488K)] 434612K->373172K(721408K), 0.0023034 secs] [Times: user=0.01 sys=0.00, real=0.00 secs] 
1211.914: [GC (Allocation Failure) [PSYoungGen: 62816K->1424K(63488K)] 434612K->373220K(721408K), 0.0022175 secs] [Times: user=0.01 sys=0.01, real=0.01 secs] 
1212.169: [GC (Allocation Failure) [PSYoungGen: 62864K->1376K(63488K)] 434660K->373172K(721408K), 0.0019970 secs] [Times: user=0.01 sys=0.00, real=0.00 secs] 
1212.517: [GC (Allocation Failure) [PSYoungGen: 62816K->1517K(63488K)] 434612K->373313K(721408K), 0.0015852 secs] [Times: user=0.00 sys=0.00, real=0.00 secs] 
1212.890: [GC (Allocation Failure) [PSYoungGen: 62957K->1565K(63488K)] 434753K->373361K(721408K), 0.0017197 secs] [Times: user=0.01 sys=0.00, real=0.00 secs] 
1213.265: [GC (Allocation Failure) [PSYoungGen: 63005K->1549K(63488K)] 434801K->373353K(721408K), 0.0016873 secs] [Times: user=0.01 sys=0.00, real=0.01 secs] 
1213.633: [GC (Allocation Failure) [PSYoungGen: 62971K->1581K(63488K)] 434775K->373385K(721408K), 0.0016750 secs] [Times: user=0.00 sys=0.00, real=0.00 secs] 
1215.813: [GC (Allocation Failure) [PSYoungGen: 63021K->1472K(63488K)] 434825K->373284K(721408K), 0.0033300 secs] [Times: user=0.01 sys=0.00, real=0.00 secs] 
1216.067: [GC (Allocation Failure) [PSYoungGen: 62912K->1344K(63488K)] 434724K->373164K(721408K), 0.0019539 secs] [Times: user=0.01 sys=0.00, real=0.00 secs] 
1216.322: [GC (Allocation Failure) [PSYoungGen: 62784K->1408K(63488K)] 434604K->373228K(721408K), 0.0020964 secs] [Times: user=0.01 sys=0.00, real=0.00 secs] 
1216.577: [GC (Allocation Failure) [PSYoungGen: 62848K->1376K(63488K)] 434668K->373196K(721408K), 0.0019625 secs] [Times: user=0.00 sys=0.01, real=0.00 secs] 
1216.885: [GC (Allocation Failure) [PSYoungGen: 62816K->1485K(63488K)] 434636K->373305K(721408K), 0.0015982 secs] [Times: user=0.01 sys=0.00, real=0.01 secs] 
1217.258: [GC (Allocation Failure) [PSYoungGen: 62925K->1517K(63488K)] 434745K->373337K(721408K), 0.0017335 secs] [Times: user=0.01 sys=0.00, real=0.00 secs] 
1217.629: [GC (Allocation Failure) [PSYoungGen: 62940K->1549K(63488K)] 434761K->373385K(721408K), 0.0016855 secs] [Times: user=0.01 sys=0.00, real=0.00 secs] 
1217.999: [GC (Allocation Failure) [PSYoungGen: 62989K->1613K(63488K)] 434825K->373449K(721408K), 0.0015720 secs] [Times: user=0.00 sys=0.00, real=0.00 secs] 
1218.394: [GC (Allocation Failure) [PSYoungGen: 63053K->1504K(63488K)] 434889K->373340K(721408K), 0.0019633 secs] [Times: user=0.01 sys=0.00, real=0.00 secs] 
1218.650: [GC (Allocation Failure) [PSYoungGen: 62944K->1392K(63488K)] 434780K->373228K(721408K), 0.0019828 secs] [Times: user=0.01 sys=0.00, real=0.00 secs] 
1218.905: [GC (Allocation Failure) [PSYoungGen: 62832K->1408K(63488K)] 434668K->373244K(721408K), 0.0019324 secs] [Times: user=0.01 sys=0.00, real=0.01 secs] 
1219.160: [GC (Allocation Failure) [PSYoungGen: 62848K->1344K(63488K)] 434684K->373180K(721408K), 0.0018595 secs] [Times: user=0.00 sys=0.00, real=0.00 secs] 
1219.415: [GC (Allocation Failure) [PSYoungGen: 62784K->1408K(63488K)] 434620K->373244K(721408K), 0.0020973 secs] [Times: user=0.01 sys=0.00, real=0.01 secs] 
1219.785: [GC (Allocation Failure) [PSYoungGen: 62848K->1565K(63488K)] 434684K->373401K(721408K), 0.0016751 secs] [Times: user=0.01 sys=0.00, real=0.01 secs] 
1220.160: [GC (Allocation Failure) [PSYoungGen: 63005K->1597K(63488K)] 434841K->373433K(721408K), 0.0016693 secs] [Times: user=0.01 sys=0.00, real=0.00 secs] 
1220.533: [GC (Allocation Failure) [PSYoungGen: 63037K->1629K(63488K)] 434873K->373497K(721408K), 0.0015804 secs] [Times: user=0.01 sys=0.00, real=0.00 secs] 
1220.903: [GC (Allocation Failure) [PSYoungGen: 63053K->1581K(63488K)] 434922K->373449K(721408K), 0.0015582 secs] [Times: user=0.00 sys=0.00, real=0.00 secs] 
1221.243: [GC (Allocation Failure) [PSYoungGen: 63021K->1408K(63488K)] 434889K->373276K(721408K), 0.0020732 secs] [Times: user=0.01 sys=0.00, real=0.00 secs] 
1221.499: [GC (Allocation Failure) [PSYoungGen: 62848K->1376K(63488K)] 434716K->373244K(721408K), 0.0019569 secs] [Times: user=0.01 sys=0.00, real=0.00 secs] 
1221.889: [GC (Allocation Failure) [PSYoungGen: 62816K->1312K(63488K)] 434684K->373180K(721408K), 0.0021343 secs] [Times: user=0.01 sys=0.00, real=0.00 secs] 
1222.452: [GC (Allocation Failure) [PSYoungGen: 62752K->1376K(63488K)] 434620K->373244K(721408K), 0.0017903 secs] [Times: user=0.01 sys=0.00, real=0.00 secs] 
1223.183: [GC (Allocation Failure) [PSYoungGen: 62816K->1501K(63488K)] 434684K->373369K(721408K), 0.0019663 secs] [Times: user=0.00 sys=0.00, real=0.00 secs] 
1223.566: [GC (Allocation Failure) [PSYoungGen: 62941K->1581K(63488K)] 434809K->373449K(721408K), 0.0017095 secs] [Times: user=0.01 sys=0.00, real=0.01 secs] 
1223.937: [GC (Allocation Failure) [PSYoungGen: 63007K->1549K(63488K)] 434876K->373425K(721408K), 0.0016706 secs] [Times: user=0.01 sys=0.00, real=0.00 secs] 
1224.305: [GC (Allocation Failure) [PSYoungGen: 62989K->1565K(63488K)] 434865K->373441K(721408K), 0.0015700 secs] [Times: user=0.01 sys=0.00, real=0.01 secs] 
1224.821: [GC (Allocation Failure) [PSYoungGen: 63005K->2032K(63488K)] 434881K->373908K(721408K), 0.0021053 secs] [Times: user=0.01 sys=0.00, real=0.00 secs] 
1225.678: [GC (Allocation Failure) [PSYoungGen: 63472K->1376K(63488K)] 435348K->373252K(721408K), 0.0035501 secs] [Times: user=0.01 sys=0.00, real=0.00 secs] 
1226.264: [GC (Allocation Failure) [PSYoungGen: 62816K->1408K(63488K)] 434692K->373284K(721408K), 0.0027311 secs] [Times: user=0.02 sys=0.00, real=0.01 secs] 
1226.675: [GC (Allocation Failure) [PSYoungGen: 62848K->1376K(63488K)] 434724K->373252K(721408K), 0.0022469 secs] [Times: user=0.01 sys=0.00, real=0.01 secs] 
1226.931: [GC (Allocation Failure) [PSYoungGen: 62816K->1392K(63488K)] 434692K->373268K(721408K), 0.0020586 secs] [Times: user=0.01 sys=0.00, real=0.00 secs] 
1227.397: [GC (Allocation Failure) [PSYoungGen: 62832K->1584K(63488K)] 434708K->373460K(721408K), 0.0015769 secs] [Times: user=0.01 sys=0.00, real=0.00 secs] 
1227.766: [GC (Allocation Failure) [PSYoungGen: 63020K->1549K(63488K)] 434897K->373425K(721408K), 0.0016421 secs] [Times: user=0.00 sys=0.00, real=0.00 secs] 
1228.139: [GC (Allocation Failure) [PSYoungGen: 62989K->1597K(63488K)] 434865K->373481K(721408K), 0.0015722 secs] [Times: user=0.01 sys=0.00, real=0.00 secs] 
1228.508: [GC (Allocation Failure) [PSYoungGen: 63035K->1581K(63488K)] 434919K->373465K(721408K), 0.0016195 secs] [Times: user=0.01 sys=0.00, real=0.00 secs] 
1229.527: [GC (Allocation Failure) [PSYoungGen: 63021K->1408K(63488K)] 434905K->373292K(721408K), 0.0041877 secs] [Times: user=0.02 sys=0.00, real=0.00 secs] 
1230.097: [GC (Allocation Failure) [PSYoungGen: 62848K->1376K(63488K)] 434732K->373260K(721408K), 0.0024457 secs] [Times: user=0.01 sys=0.00, real=0.00 secs] 
1230.604: [GC (Allocation Failure) [PSYoungGen: 62816K->1376K(63488K)] 434700K->373260K(721408K), 0.0021582 secs] [Times: user=0.01 sys=0.00, real=0.00 secs] 
1231.099: [GC (Allocation Failure) [PSYoungGen: 62816K->1408K(63488K)] 434700K->373292K(721408K), 0.0022154 secs] [Times: user=0.01 sys=0.00, real=0.00 secs] 
1231.625: [GC (Allocation Failure) [PSYoungGen: 62848K->1485K(63488K)] 434732K->373369K(721408K), 0.0018455 secs] [Times: user=0.01 sys=0.01, real=0.01 secs] 
1232.022: [GC (Allocation Failure) [PSYoungGen: 62925K->1565K(63488K)] 434809K->373449K(721408K), 0.0016595 secs] [Times: user=0.00 sys=0.00, real=0.00 secs] 
1232.452: [GC (Allocation Failure) [PSYoungGen: 62975K->1597K(63488K)] 434859K->373489K(721408K), 0.0017017 secs] [Times: user=0.00 sys=0.00, real=0.00 secs] 
1232.821: [GC (Allocation Failure) [PSYoungGen: 63037K->1533K(63488K)] 434929K->373449K(721408K), 0.0015745 secs] [Times: user=0.00 sys=0.00, real=0.00 secs] 
1233.235: [GC (Allocation Failure) [PSYoungGen: 62892K->1616K(63488K)] 434809K->373532K(721408K), 0.0017677 secs] [Times: user=0.01 sys=0.00, real=0.01 secs] 
1233.504: [GC (Allocation Failure) [PSYoungGen: 63056K->1376K(63488K)] 434972K->373292K(721408K), 0.0021536 secs] [Times: user=0.01 sys=0.00, real=0.01 secs] 
1233.850: [GC (Allocation Failure) [PSYoungGen: 62816K->1392K(63488K)] 434732K->373308K(721408K), 0.0021384 secs] [Times: user=0.01 sys=0.00, real=0.00 secs] 
1234.107: [GC (Allocation Failure) [PSYoungGen: 62832K->1376K(63488K)] 434748K->373292K(721408K), 0.0020192 secs] [Times: user=0.01 sys=0.00, real=0.00 secs] 
1234.362: [GC (Allocation Failure) [PSYoungGen: 62816K->1376K(63488K)] 434732K->373292K(721408K), 0.0021168 secs] [Times: user=0.01 sys=0.01, real=0.00 secs] 
1234.694: [GC (Allocation Failure) [PSYoungGen: 62816K->1533K(63488K)] 434732K->373449K(721408K), 0.0016620 secs] [Times: user=0.00 sys=0.00, real=0.00 secs] 
1235.063: [GC (Allocation Failure) [PSYoungGen: 62944K->1549K(63488K)] 434860K->373465K(721408K), 0.0016628 secs] [Times: user=0.01 sys=0.00, real=0.00 secs] 
1235.431: [GC (Allocation Failure) [PSYoungGen: 62971K->1565K(63488K)] 434888K->373497K(721408K), 0.0015725 secs] [Times: user=0.01 sys=0.00, real=0.00 secs] 
1235.800: [GC (Allocation Failure) [PSYoungGen: 63005K->1581K(63488K)] 434937K->373513K(721408K), 0.0015608 secs] [Times: user=0.01 sys=0.00, real=0.00 secs] 
1236.155: [GC (Allocation Failure) [PSYoungGen: 63021K->1472K(63488K)] 434953K->373404K(721408K), 0.0016569 secs] [Times: user=0.01 sys=0.00, real=0.01 secs] 
1236.410: [GC (Allocation Failure) [PSYoungGen: 62912K->1392K(63488K)] 434844K->373324K(721408K), 0.0015932 secs] [Times: user=0.00 sys=0.00, real=0.00 secs] 
1236.664: [GC (Allocation Failure) [PSYoungGen: 62832K->1408K(63488K)] 434764K->373340K(721408K), 0.0016516 secs] [Times: user=0.01 sys=0.00, real=0.00 secs] 
1236.918: [GC (Allocation Failure) [PSYoungGen: 62848K->1376K(63488K)] 434780K->373308K(721408K), 0.0016610 secs] [Times: user=0.01 sys=0.00, real=0.00 secs] 
1237.173: [GC (Allocation Failure) [PSYoungGen: 62816K->1344K(63488K)] 434748K->373276K(721408K), 0.0015801 secs] [Times: user=0.01 sys=0.00, real=0.00 secs] 
1237.561: [GC (Allocation Failure) [PSYoungGen: 62758K->1581K(63488K)] 434691K->373513K(721408K), 0.0016100 secs] [Times: user=0.01 sys=0.00, real=0.00 secs] 
1237.934: [GC (Allocation Failure) [PSYoungGen: 63021K->1597K(63488K)] 434953K->373545K(721408K), 0.0015804 secs] [Times: user=0.00 sys=0.00, real=0.00 secs] 
1238.307: [GC (Allocation Failure) [PSYoungGen: 63037K->1629K(63488K)] 434985K->373577K(721408K), 0.0016170 secs] [Times: user=0.00 sys=0.00, real=0.00 secs] 
1238.735: [GC (Allocation Failure) [PSYoungGen: 63056K->320K(63488K)] 435005K->372268K(721408K), 0.0017164 secs] [Times: user=0.01 sys=0.00, real=0.01 secs] 
1239.037: [GC (Allocation Failure) [PSYoungGen: 61760K->1376K(63488K)] 433708K->373324K(721408K), 0.0021379 secs] [Times: user=0.01 sys=0.00, real=0.00 secs] 
1239.294: [GC (Allocation Failure) [PSYoungGen: 62816K->1344K(63488K)] 434764K->373292K(721408K), 0.0027505 secs] [Times: user=0.01 sys=0.00, real=0.01 secs] 
1239.578: [GC (Allocation Failure) [PSYoungGen: 62784K->1312K(63488K)] 434732K->373260K(721408K), 0.0045247 secs] [Times: user=0.02 sys=0.00, real=0.00 secs] 
1239.906: [GC (Allocation Failure) [PSYoungGen: 62752K->1392K(63488K)] 434700K->373340K(721408K), 0.0019495 secs] [Times: user=0.01 sys=0.00, real=0.00 secs] 
1240.357: [GC (Allocation Failure) [PSYoungGen: 62832K->1549K(63488K)] 434780K->373497K(721408K), 0.0016562 secs] [Times: user=0.01 sys=0.00, real=0.00 secs] 
1240.727: [GC (Allocation Failure) [PSYoungGen: 62982K->1565K(63488K)] 434931K->373529K(721408K), 0.0017835 secs] [Times: user=0.01 sys=0.00, real=0.00 secs] 
1241.094: [GC (Allocation Failure) [PSYoungGen: 63005K->1581K(63488K)] 434969K->373553K(721408K), 0.0015729 secs] [Times: user=0.01 sys=0.00, real=0.00 secs] 
1241.464: [GC (Allocation Failure) [PSYoungGen: 63017K->1581K(63488K)] 434990K->373553K(721408K), 0.0017239 secs] [Times: user=0.01 sys=0.00, real=0.00 secs] 
1241.919: [GC (Allocation Failure) [PSYoungGen: 63021K->1488K(63488K)] 434993K->373460K(721408K), 0.0017397 secs] [Times: user=0.00 sys=0.00, real=0.00 secs] 
1242.498: [GC (Allocation Failure) [PSYoungGen: 62928K->1408K(63488K)] 434900K->373380K(721408K), 0.0039989 secs] [Times: user=0.01 sys=0.00, real=0.00 secs] 
1242.967: [GC (Allocation Failure) [PSYoungGen: 62848K->1408K(63488K)] 434820K->373380K(721408K), 0.0025533 secs] [Times: user=0.01 sys=0.00, real=0.00 secs] 
1243.212: [GC (Allocation Failure) [PSYoungGen: 62848K->1344K(63488K)] 434820K->373316K(721408K), 0.0020050 secs] [Times: user=0.01 sys=0.00, real=0.00 secs] 
1243.467: [GC (Allocation Failure) [PSYoungGen: 62784K->1376K(63488K)] 434756K->373348K(721408K), 0.0019109 secs] [Times: user=0.01 sys=0.00, real=0.00 secs] 
1243.861: [GC (Allocation Failure) [PSYoungGen: 62816K->1533K(63488K)] 434788K->373505K(721408K), 0.0015881 secs] [Times: user=0.01 sys=0.00, real=0.00 secs] 
1244.293: [GC (Allocation Failure) [PSYoungGen: 62973K->1517K(63488K)] 434945K->373497K(721408K), 0.0017237 secs] [Times: user=0.01 sys=0.00, real=0.00 secs] 
1244.664: [GC (Allocation Failure) [PSYoungGen: 62957K->1597K(63488K)] 434937K->373585K(721408K), 0.0017313 secs] [Times: user=0.01 sys=0.00, real=0.00 secs] 
1245.035: [GC (Allocation Failure) [PSYoungGen: 63037K->1565K(63488K)] 435025K->373553K(721408K), 0.0018128 secs] [Times: user=0.01 sys=0.00, real=0.01 secs] 
1245.626: [GC (Allocation Failure) [PSYoungGen: 63005K->1456K(63488K)] 434993K->373444K(721408K), 0.0033152 secs] [Times: user=0.01 sys=0.00, real=0.01 secs] 
1246.141: [GC (Allocation Failure) [PSYoungGen: 62896K->1376K(63488K)] 434884K->373364K(721408K), 0.0034147 secs] [Times: user=0.02 sys=0.00, real=0.00 secs] 
1246.658: [GC (Allocation Failure) [PSYoungGen: 62816K->1344K(63488K)] 434804K->373332K(721408K), 0.0023859 secs] [Times: user=0.01 sys=0.00, real=0.00 secs] 
1247.109: [GC (Allocation Failure) [PSYoungGen: 62784K->1376K(63488K)] 434772K->373364K(721408K), 0.0020953 secs] [Times: user=0.01 sys=0.00, real=0.00 secs] 
1247.442: [GC (Allocation Failure) [PSYoungGen: 62816K->1485K(63488K)] 434804K->373473K(721408K), 0.0016248 secs] [Times: user=0.01 sys=0.00, real=0.00 secs] 
1247.810: [GC (Allocation Failure) [PSYoungGen: 62925K->1600K(63488K)] 434913K->373588K(721408K), 0.0016030 secs] [Times: user=0.01 sys=0.00, real=0.00 secs] 
1248.240: [GC (Allocation Failure) [PSYoungGen: 63040K->1581K(63488K)] 435028K->373577K(721408K), 0.0015521 secs] [Times: user=0.00 sys=0.00, real=0.00 secs] 
1248.671: [GC (Allocation Failure) [PSYoungGen: 63021K->1581K(63488K)] 435017K->373577K(721408K), 0.0015420 secs] [Times: user=0.00 sys=0.00, real=0.00 secs] 
1248.988: [GC (Allocation Failure) [PSYoungGen: 63021K->1472K(63488K)] 435017K->373468K(721408K), 0.0021950 secs] [Times: user=0.01 sys=0.00, real=0.00 secs] 
1249.360: [GC (Allocation Failure) [PSYoungGen: 62912K->1408K(63488K)] 434908K->373404K(721408K), 0.0022855 secs] [Times: user=0.01 sys=0.00, real=0.00 secs] 
1249.934: [GC (Allocation Failure) [PSYoungGen: 62848K->1376K(63488K)] 434844K->373372K(721408K), 0.0019697 secs] [Times: user=0.01 sys=0.00, real=0.01 secs] 
1250.496: [GC (Allocation Failure) [PSYoungGen: 62816K->1408K(63488K)] 434812K->373404K(721408K), 0.0023444 secs] [Times: user=0.01 sys=0.00, real=0.00 secs] 
1250.987: [GC (Allocation Failure) [PSYoungGen: 62848K->1376K(63488K)] 434844K->373372K(721408K), 0.0021564 secs] [Times: user=0.01 sys=0.00, real=0.00 secs] 
1251.498: [GC (Allocation Failure) [PSYoungGen: 62816K->1565K(63488K)] 434812K->373561K(721408K), 0.0017547 secs] [Times: user=0.00 sys=0.00, real=0.00 secs] 
1251.869: [GC (Allocation Failure) [PSYoungGen: 63005K->1597K(63488K)] 435001K->373593K(721408K), 0.0016406 secs] [Times: user=0.00 sys=0.00, real=0.00 secs] 
1252.238: [GC (Allocation Failure) [PSYoungGen: 63018K->1629K(63488K)] 435015K->373657K(721408K), 0.0016248 secs] [Times: user=0.01 sys=0.00, real=0.00 secs] 
1252.662: [GC (Allocation Failure) [PSYoungGen: 63069K->1629K(63488K)] 435097K->373657K(721408K), 0.0016540 secs] [Times: user=0.01 sys=0.00, real=0.00 secs] 
1253.170: [GC (Allocation Failure) [PSYoungGen: 63069K->1408K(63488K)] 435097K->373436K(721408K), 0.0025937 secs] [Times: user=0.01 sys=0.00, real=0.00 secs] 
1254.026: [GC (Allocation Failure) [PSYoungGen: 62848K->1424K(63488K)] 434876K->373452K(721408K), 0.0022584 secs] [Times: user=0.01 sys=0.00, real=0.01 secs] 
1255.050: [GC (Allocation Failure) [PSYoungGen: 62864K->1408K(63488K)] 434892K->373444K(721408K), 0.0023098 secs] [Times: user=0.01 sys=0.00, real=0.00 secs] 
1256.072: [GC (Allocation Failure) [PSYoungGen: 62848K->1408K(63488K)] 434884K->373452K(721408K), 0.0023353 secs] [Times: user=0.01 sys=0.00, real=0.00 secs] 
1257.044: [GC (Allocation Failure) [PSYoungGen: 62848K->1517K(63488K)] 434892K->373561K(721408K), 0.0015825 secs] [Times: user=0.01 sys=0.00, real=0.00 secs] 
1257.415: [GC (Allocation Failure) [PSYoungGen: 62957K->1597K(63488K)] 435001K->373641K(721408K), 0.0016035 secs] [Times: user=0.00 sys=0.00, real=0.01 secs] 
1257.786: [GC (Allocation Failure) [PSYoungGen: 63037K->1597K(63488K)] 435081K->373665K(721408K), 0.0015997 secs] [Times: user=0.01 sys=0.00, real=0.01 secs] 
1258.158: [GC (Allocation Failure) [PSYoungGen: 63020K->1629K(63488K)] 435088K->373697K(721408K), 0.0016081 secs] [Times: user=0.01 sys=0.00, real=0.00 secs] 
1258.755: [GC (Allocation Failure) [PSYoungGen: 63069K->1440K(63488K)] 435137K->373508K(721408K), 0.0022505 secs] [Times: user=0.01 sys=0.00, real=0.01 secs] 
1259.279: [GC (Allocation Failure) [PSYoungGen: 62880K->1408K(63488K)] 434948K->373476K(721408K), 0.0022405 secs] [Times: user=0.01 sys=0.00, real=0.00 secs] 
1259.766: [GC (Allocation Failure) [PSYoungGen: 62848K->1392K(63488K)] 434916K->373460K(721408K), 0.0021441 secs] [Times: user=0.00 sys=0.00, real=0.01 secs] 
1260.307: [GC (Allocation Failure) [PSYoungGen: 62832K->1392K(63488K)] 434900K->373460K(721408K), 0.0022615 secs] [Times: user=0.01 sys=0.00, real=0.00 secs] 
1260.814: [GC (Allocation Failure) [PSYoungGen: 62832K->1424K(63488K)] 434900K->373492K(721408K), 0.0019701 secs] [Times: user=0.01 sys=0.00, real=0.01 secs] 
1261.244: [GC (Allocation Failure) [PSYoungGen: 62864K->1549K(63488K)] 434932K->373617K(721408K), 0.0015313 secs] [Times: user=0.01 sys=0.00, real=0.00 secs] 
1261.613: [GC (Allocation Failure) [PSYoungGen: 62979K->1597K(63488K)] 435048K->373665K(721408K), 0.0015990 secs] [Times: user=0.00 sys=0.00, real=0.00 secs] 
1261.982: [GC (Allocation Failure) [PSYoungGen: 63024K->1565K(63488K)] 435093K->373649K(721408K), 0.0016394 secs] [Times: user=0.00 sys=0.00, real=0.00 secs] 
1262.349: [GC (Allocation Failure) [PSYoungGen: 63005K->1584K(63488K)] 435089K->373668K(721408K), 0.0016599 secs] [Times: user=0.00 sys=0.00, real=0.00 secs] 
1262.685: [GC (Allocation Failure) [PSYoungGen: 63024K->1456K(63488K)] 435108K->373540K(721408K), 0.0020930 secs] [Times: user=0.01 sys=0.00, real=0.01 secs] 
1262.952: [GC (Allocation Failure) [PSYoungGen: 62896K->1344K(63488K)] 434980K->373452K(721408K), 0.0019789 secs] [Times: user=0.01 sys=0.00, real=0.00 secs] 
1263.238: [GC (Allocation Failure) [PSYoungGen: 62784K->1376K(63488K)] 434892K->373484K(721408K), 0.0020441 secs] [Times: user=0.01 sys=0.00, real=0.00 secs] 
1263.504: [GC (Allocation Failure) [PSYoungGen: 62816K->1376K(63488K)] 434924K->373484K(721408K), 0.0021212 secs] [Times: user=0.01 sys=0.00, real=0.00 secs] 
1263.832: [GC (Allocation Failure) [PSYoungGen: 62816K->1501K(63488K)] 434924K->373609K(721408K), 0.0016424 secs] [Times: user=0.01 sys=0.00, real=0.00 secs] 
1264.204: [GC (Allocation Failure) [PSYoungGen: 62941K->1581K(63488K)] 435049K->373689K(721408K), 0.0016797 secs] [Times: user=0.01 sys=0.00, real=0.00 secs] 
1264.573: [GC (Allocation Failure) [PSYoungGen: 63021K->1565K(63488K)] 435129K->373689K(721408K), 0.0016804 secs] [Times: user=0.01 sys=0.00, real=0.00 secs] 
1264.943: [GC (Allocation Failure) [PSYoungGen: 63005K->1613K(63488K)] 435129K->373737K(721408K), 0.0015466 secs] [Times: user=0.01 sys=0.00, real=0.00 secs] 
1265.304: [GC (Allocation Failure) [PSYoungGen: 63053K->1440K(63488K)] 435177K->373564K(721408K), 0.0018611 secs] [Times: user=0.00 sys=0.00, real=0.00 secs] 
1265.606: [GC (Allocation Failure) [PSYoungGen: 62880K->1360K(63488K)] 435004K->373484K(721408K), 0.0019885 secs] [Times: user=0.01 sys=0.01, real=0.01 secs] 
1265.871: [GC (Allocation Failure) [PSYoungGen: 62800K->1376K(63488K)] 434924K->373500K(721408K), 0.0020577 secs] [Times: user=0.01 sys=0.00, real=0.00 secs] 
1266.131: [GC (Allocation Failure) [PSYoungGen: 62816K->1376K(63488K)] 434940K->373500K(721408K), 0.0019283 secs] [Times: user=0.01 sys=0.00, real=0.00 secs] 
1266.490: [GC (Allocation Failure) [PSYoungGen: 62816K->1376K(63488K)] 434940K->373500K(721408K), 0.0020532 secs] [Times: user=0.01 sys=0.00, real=0.00 secs] 
1266.888: [GC (Allocation Failure) [PSYoungGen: 62816K->1533K(63488K)] 434940K->373657K(721408K), 0.0016234 secs] [Times: user=0.00 sys=0.00, real=0.00 secs] 
1267.258: [GC (Allocation Failure) [PSYoungGen: 62973K->1629K(63488K)] 435097K->373753K(721408K), 0.0016090 secs] [Times: user=0.01 sys=0.00, real=0.00 secs] 
1267.689: [GC (Allocation Failure) [PSYoungGen: 63050K->1565K(63488K)] 435175K->373697K(721408K), 0.0017524 secs] [Times: user=0.01 sys=0.00, real=0.00 secs] 
1268.061: [GC (Allocation Failure) [PSYoungGen: 62988K->1549K(63488K)] 435121K->373681K(721408K), 0.0017635 secs] [Times: user=0.01 sys=0.00, real=0.00 secs] 
1268.468: [GC (Allocation Failure) [PSYoungGen: 62989K->1408K(63488K)] 435121K->373540K(721408K), 0.0023358 secs] [Times: user=0.01 sys=0.00, real=0.00 secs] 
1268.729: [GC (Allocation Failure) [PSYoungGen: 62848K->1376K(63488K)] 434980K->373508K(721408K), 0.0022312 secs] [Times: user=0.01 sys=0.00, real=0.00 secs] 
1268.987: [GC (Allocation Failure) [PSYoungGen: 62816K->1344K(63488K)] 434948K->373476K(721408K), 0.0020301 secs] [Times: user=0.00 sys=0.00, real=0.00 secs] 
1269.262: [GC (Allocation Failure) [PSYoungGen: 62784K->1392K(63488K)] 434916K->373524K(721408K), 0.0019523 secs] [Times: user=0.01 sys=0.00, real=0.00 secs] 
1269.607: [GC (Allocation Failure) [PSYoungGen: 62832K->1517K(63488K)] 434964K->373649K(721408K), 0.0015300 secs] [Times: user=0.01 sys=0.00, real=0.00 secs] 
1270.038: [GC (Allocation Failure) [PSYoungGen: 62957K->1616K(63488K)] 435089K->373748K(721408K), 0.0016417 secs] [Times: user=0.01 sys=0.00, real=0.00 secs] 
1270.483: [GC (Allocation Failure) [PSYoungGen: 63056K->1552K(63488K)] 435188K->373700K(721408K), 0.0016824 secs] [Times: user=0.00 sys=0.00, real=0.00 secs] 
1270.851: [GC (Allocation Failure) [PSYoungGen: 62974K->1549K(63488K)] 435123K->373721K(721408K), 0.0016759 secs] [Times: user=0.01 sys=0.00, real=0.00 secs] 
1271.315: [GC (Allocation Failure) [PSYoungGen: 62989K->1456K(63488K)] 435161K->373628K(721408K), 0.0024956 secs] [Times: user=0.01 sys=0.01, real=0.01 secs] 
1271.673: [GC (Allocation Failure) [PSYoungGen: 62896K->1344K(63488K)] 435068K->373516K(721408K), 0.0020032 secs] [Times: user=0.01 sys=0.00, real=0.00 secs] 
1272.021: [GC (Allocation Failure) [PSYoungGen: 62784K->1408K(63488K)] 434956K->373580K(721408K), 0.0020223 secs] [Times: user=0.01 sys=0.00, real=0.00 secs] 
1272.536: [GC (Allocation Failure) [PSYoungGen: 62848K->1376K(63488K)] 435020K->373548K(721408K), 0.0021231 secs] [Times: user=0.01 sys=0.00, real=0.00 secs] 
1273.040: [GC (Allocation Failure) [PSYoungGen: 62816K->1408K(63488K)] 434988K->373580K(721408K), 0.0021292 secs] [Times: user=0.01 sys=0.00, real=0.00 secs] 
1273.491: [GC (Allocation Failure) [PSYoungGen: 62848K->1517K(63488K)] 435020K->373689K(721408K), 0.0015827 secs] [Times: user=0.01 sys=0.00, real=0.00 secs] 
1273.861: [GC (Allocation Failure) [PSYoungGen: 62948K->1533K(63488K)] 435121K->373705K(721408K), 0.0016183 secs] [Times: user=0.00 sys=0.00, real=0.00 secs] 
1274.229: [GC (Allocation Failure) [PSYoungGen: 62950K->1581K(63488K)] 435123K->373769K(721408K), 0.0015872 secs] [Times: user=0.01 sys=0.00, real=0.00 secs] 
1274.596: [GC (Allocation Failure) [PSYoungGen: 63021K->1597K(63488K)] 435209K->373785K(721408K), 0.0015589 secs] [Times: user=0.00 sys=0.00, real=0.00 secs] 
1275.167: [GC (Allocation Failure) [PSYoungGen: 63037K->1424K(63488K)] 435225K->373612K(721408K), 0.0020109 secs] [Times: user=0.01 sys=0.00, real=0.00 secs] 
1275.852: [GC (Allocation Failure) [PSYoungGen: 62864K->1376K(63488K)] 435052K->373564K(721408K), 0.0029475 secs] [Times: user=0.01 sys=0.00, real=0.00 secs] 
1276.792: [GC (Allocation Failure) [PSYoungGen: 62816K->1440K(63488K)] 435004K->373628K(721408K), 0.0042477 secs] [Times: user=0.01 sys=0.00, real=0.00 secs] 
1277.547: [GC (Allocation Failure) [PSYoungGen: 62880K->1408K(63488K)] 435068K->373596K(721408K), 0.0033705 secs] [Times: user=0.02 sys=0.00, real=0.00 secs] 
1278.399: [GC (Allocation Failure) [PSYoungGen: 62848K->1485K(63488K)] 435036K->373673K(721408K), 0.0021984 secs] [Times: user=0.01 sys=0.00, real=0.00 secs] 
1278.817: [GC (Allocation Failure) [PSYoungGen: 62925K->1565K(63488K)] 435113K->373753K(721408K), 0.0015919 secs] [Times: user=0.00 sys=0.00, real=0.00 secs] 
1279.235: [GC (Allocation Failure) [PSYoungGen: 62989K->1597K(63488K)] 435178K->373801K(721408K), 0.0017491 secs] [Times: user=0.01 sys=0.00, real=0.01 secs] 
1279.603: [GC (Allocation Failure) [PSYoungGen: 63037K->1581K(63488K)] 435241K->373785K(721408K), 0.0016522 secs] [Times: user=0.01 sys=0.00, real=0.00 secs] 
1280.074: [GC (Allocation Failure) [PSYoungGen: 63021K->1504K(63488K)] 435225K->373708K(721408K), 0.0022160 secs] [Times: user=0.01 sys=0.00, real=0.01 secs] 
1280.398: [GC (Allocation Failure) [PSYoungGen: 62944K->1344K(63488K)] 435148K->373548K(721408K), 0.0020860 secs] [Times: user=0.01 sys=0.00, real=0.00 secs] 
1280.654: [GC (Allocation Failure) [PSYoungGen: 62784K->1408K(63488K)] 434988K->373612K(721408K), 0.0019937 secs] [Times: user=0.01 sys=0.00, real=0.00 secs] 
1281.032: [GC (Allocation Failure) [PSYoungGen: 62848K->1344K(63488K)] 435052K->373548K(721408K), 0.0033513 secs] [Times: user=0.01 sys=0.00, real=0.00 secs] 
1281.424: [GC (Allocation Failure) [PSYoungGen: 62784K->1408K(63488K)] 434988K->373612K(721408K), 0.0026740 secs] [Times: user=0.01 sys=0.00, real=0.01 secs] 
1281.932: [GC (Allocation Failure) [PSYoungGen: 62848K->1536K(63488K)] 435052K->373740K(721408K), 0.0015215 secs] [Times: user=0.00 sys=0.00, real=0.00 secs] 
1282.303: [GC (Allocation Failure) [PSYoungGen: 62976K->1597K(63488K)] 435180K->373801K(721408K), 0.0016301 secs] [Times: user=0.01 sys=0.00, real=0.00 secs] 
1282.677: [GC (Allocation Failure) [PSYoungGen: 63020K->1597K(63488K)] 435224K->373809K(721408K), 0.0015874 secs] [Times: user=0.00 sys=0.00, real=0.00 secs] 
1283.109: [GC (Allocation Failure) [PSYoungGen: 63037K->1597K(63488K)] 435249K->373833K(721408K), 0.0016609 secs] [Times: user=0.01 sys=0.00, real=0.00 secs] 
1283.404: [GC (Allocation Failure) [PSYoungGen: 63037K->1488K(63488K)] 435273K->373724K(721408K), 0.0020652 secs] [Times: user=0.00 sys=0.00, real=0.00 secs] 
1283.660: [GC (Allocation Failure) [PSYoungGen: 62928K->1376K(63488K)] 435164K->373612K(721408K), 0.0019973 secs] [Times: user=0.01 sys=0.00, real=0.00 secs] 
1283.915: [GC (Allocation Failure) [PSYoungGen: 62816K->1344K(63488K)] 435052K->373580K(721408K), 0.0022778 secs] [Times: user=0.01 sys=0.00, real=0.01 secs] 
1284.182: [GC (Allocation Failure) [PSYoungGen: 62784K->1408K(63488K)] 435020K->373644K(721408K), 0.0020791 secs] [Times: user=0.00 sys=0.00, real=0.00 secs] 
1284.574: [GC (Allocation Failure) [PSYoungGen: 62848K->1485K(63488K)] 435084K->373721K(721408K), 0.0019622 secs] [Times: user=0.01 sys=0.00, real=0.01 secs] 
1284.954: [GC (Allocation Failure) [PSYoungGen: 62925K->1549K(63488K)] 435161K->373785K(721408K), 0.0016731 secs] [Times: user=0.01 sys=0.00, real=0.00 secs] 
1285.323: [GC (Allocation Failure) [PSYoungGen: 62968K->1581K(63488K)] 435205K->373825K(721408K), 0.0017353 secs] [Times: user=0.01 sys=0.00, real=0.00 secs] 
1285.692: [GC (Allocation Failure) [PSYoungGen: 63021K->1517K(63488K)] 435265K->373761K(721408K), 0.0015947 secs] [Times: user=0.01 sys=0.00, real=0.00 secs] 
1286.152: [GC (Allocation Failure) [PSYoungGen: 62957K->2000K(63488K)] 435201K->374244K(721408K), 0.0020474 secs] [Times: user=0.01 sys=0.00, real=0.00 secs] 
1286.693: [GC (Allocation Failure) [PSYoungGen: 63440K->1376K(63488K)] 435684K->373620K(721408K), 0.0019859 secs] [Times: user=0.01 sys=0.00, real=0.00 secs] 
1287.461: [GC (Allocation Failure) [PSYoungGen: 62816K->1376K(63488K)] 435060K->373620K(721408K), 0.0022637 secs] [Times: user=0.01 sys=0.00, real=0.00 secs] 
1288.027: [GC (Allocation Failure) [PSYoungGen: 62816K->1408K(63488K)] 435060K->373652K(721408K), 0.0021642 secs] [Times: user=0.01 sys=0.00, real=0.00 secs] 
1288.565: [GC (Allocation Failure) [PSYoungGen: 62848K->1376K(63488K)] 435092K->373620K(721408K), 0.0019252 secs] [Times: user=0.00 sys=0.00, real=0.01 secs] 
1289.145: [GC (Allocation Failure) [PSYoungGen: 62816K->1485K(63488K)] 435060K->373729K(721408K), 0.0016823 secs] [Times: user=0.01 sys=0.00, real=0.01 secs] 
1289.517: [GC (Allocation Failure) [PSYoungGen: 62925K->1597K(63488K)] 435169K->373841K(721408K), 0.0016714 secs] [Times: user=0.01 sys=0.00, real=0.00 secs] 
1289.889: [GC (Allocation Failure) [PSYoungGen: 63037K->1549K(63488K)] 435281K->373801K(721408K), 0.0016576 secs] [Times: user=0.01 sys=0.00, real=0.00 secs] 
1290.258: [GC (Allocation Failure) [PSYoungGen: 62974K->1581K(63488K)] 435227K->373833K(721408K), 0.0016261 secs] [Times: user=0.01 sys=0.00, real=0.00 secs] 
1290.635: [GC (Allocation Failure) [PSYoungGen: 63021K->1408K(63488K)] 435273K->373660K(721408K), 0.0023543 secs] [Times: user=0.01 sys=0.00, real=0.01 secs] 
1290.950: [GC (Allocation Failure) [PSYoungGen: 62848K->1376K(63488K)] 435100K->373628K(721408K), 0.0020601 secs] [Times: user=0.00 sys=0.00, real=0.00 secs] 
1291.221: [GC (Allocation Failure) [PSYoungGen: 62816K->1408K(63488K)] 435068K->373660K(721408K), 0.0021333 secs] [Times: user=0.00 sys=0.00, real=0.00 secs] 
1291.494: [GC (Allocation Failure) [PSYoungGen: 62848K->1376K(63488K)] 435100K->373628K(721408K), 0.0021129 secs] [Times: user=0.01 sys=0.00, real=0.01 secs] 
1291.791: [GC (Allocation Failure) [PSYoungGen: 62816K->1501K(63488K)] 435068K->373753K(721408K), 0.0023031 secs] [Times: user=0.01 sys=0.00, real=0.00 secs] 
1292.266: [GC (Allocation Failure) [PSYoungGen: 62941K->1549K(63488K)] 435193K->373817K(721408K), 0.0017058 secs] [Times: user=0.01 sys=0.00, real=0.01 secs] 
1292.636: [GC (Allocation Failure) [PSYoungGen: 62974K->1597K(63488K)] 435242K->373889K(721408K), 0.0016287 secs] [Times: user=0.01 sys=0.00, real=0.01 secs] 
1293.006: [GC (Allocation Failure) [PSYoungGen: 63037K->1597K(63488K)] 435329K->373889K(721408K), 0.0015555 secs] [Times: user=0.01 sys=0.00, real=0.01 secs] 
1293.430: [GC (Allocation Failure) [PSYoungGen: 63037K->1776K(63488K)] 435329K->374068K(721408K), 0.0018978 secs] [Times: user=0.01 sys=0.00, real=0.00 secs] 
1293.886: [GC (Allocation Failure) [PSYoungGen: 63216K->1376K(63488K)] 435508K->373668K(721408K), 0.0021118 secs] [Times: user=0.01 sys=0.00, real=0.00 secs] 
1294.209: [GC (Allocation Failure) [PSYoungGen: 62816K->1312K(63488K)] 435108K->373604K(721408K), 0.0018724 secs] [Times: user=0.01 sys=0.00, real=0.00 secs] 
1294.535: [GC (Allocation Failure) [PSYoungGen: 62752K->1312K(63488K)] 435044K->373604K(721408K), 0.0020589 secs] [Times: user=0.00 sys=0.00, real=0.01 secs] 
1294.911: [GC (Allocation Failure) [PSYoungGen: 62752K->1344K(63488K)] 435044K->373636K(721408K), 0.0019371 secs] [Times: user=0.01 sys=0.00, real=0.00 secs] 
1295.274: [GC (Allocation Failure) [PSYoungGen: 62784K->1501K(63488K)] 435076K->373793K(721408K), 0.0016344 secs] [Times: user=0.01 sys=0.00, real=0.00 secs] 
1295.643: [GC (Allocation Failure) [PSYoungGen: 62941K->1613K(63488K)] 435233K->373905K(721408K), 0.0015851 secs] [Times: user=0.01 sys=0.00, real=0.00 secs] 
1296.013: [GC (Allocation Failure) [PSYoungGen: 63028K->1565K(63488K)] 435321K->373873K(721408K), 0.0016293 secs] [Times: user=0.01 sys=0.00, real=0.00 secs] 
1296.380: [GC (Allocation Failure) [PSYoungGen: 63005K->1629K(63488K)] 435313K->373937K(721408K), 0.0016899 secs] [Times: user=0.01 sys=0.00, real=0.00 secs] 
1296.706: [GC (Allocation Failure) [PSYoungGen: 63069K->1488K(63488K)] 435377K->373796K(721408K), 0.0018902 secs] [Times: user=0.01 sys=0.00, real=0.00 secs] 
1297.159: [GC (Allocation Failure) [PSYoungGen: 62928K->1376K(63488K)] 435236K->373684K(721408K), 0.0019047 secs] [Times: user=0.01 sys=0.00, real=0.00 secs] 
1297.638: [GC (Allocation Failure) [PSYoungGen: 62816K->1408K(63488K)] 435124K->373716K(721408K), 0.0016771 secs] [Times: user=0.00 sys=0.00, real=0.00 secs] 
1298.086: [GC (Allocation Failure) [PSYoungGen: 62848K->1376K(63488K)] 435156K->373684K(721408K), 0.0020402 secs] [Times: user=0.01 sys=0.00, real=0.00 secs] 
1298.564: [GC (Allocation Failure) [PSYoungGen: 62816K->1376K(63488K)] 435124K->373684K(721408K), 0.0019343 secs] [Times: user=0.01 sys=0.00, real=0.01 secs] 
1298.955: [GC (Allocation Failure) [PSYoungGen: 62816K->1581K(63488K)] 435124K->373889K(721408K), 0.0016905 secs] [Times: user=0.00 sys=0.00, real=0.01 secs] 
1299.327: [GC (Allocation Failure) [PSYoungGen: 63014K->1613K(63488K)] 435323K->373929K(721408K), 0.0015956 secs] [Times: user=0.01 sys=0.00, real=0.00 secs] 
1299.696: [GC (Allocation Failure) [PSYoungGen: 63053K->1629K(63488K)] 435369K->373945K(721408K), 0.0017512 secs] [Times: user=0.01 sys=0.00, real=0.00 secs] 
1300.064: [GC (Allocation Failure) [PSYoungGen: 62643K->288K(63488K)] 434960K->372604K(721408K), 0.0015272 secs] [Times: user=0.01 sys=0.00, real=0.00 secs] 
1300.377: [GC (Allocation Failure) [PSYoungGen: 61728K->1424K(63488K)] 434044K->373740K(721408K), 0.0019318 secs] [Times: user=0.01 sys=0.00, real=0.00 secs] 
1300.798: [GC (Allocation Failure) [PSYoungGen: 62864K->1408K(63488K)] 435180K->373724K(721408K), 0.0020387 secs] [Times: user=0.01 sys=0.00, real=0.00 secs] 
1301.275: [GC (Allocation Failure) [PSYoungGen: 62848K->1376K(63488K)] 435164K->373692K(721408K), 0.0021305 secs] [Times: user=0.00 sys=0.00, real=0.01 secs] 
1301.865: [GC (Allocation Failure) [PSYoungGen: 62816K->1392K(63488K)] 435132K->373724K(721408K), 0.0033047 secs] [Times: user=0.02 sys=0.00, real=0.01 secs] 
1302.559: [GC (Allocation Failure) [PSYoungGen: 62832K->1533K(63488K)] 435164K->373865K(721408K), 0.0015624 secs] [Times: user=0.01 sys=0.00, real=0.00 secs] 
1302.928: [GC (Allocation Failure) [PSYoungGen: 62963K->1581K(63488K)] 435296K->373913K(721408K), 0.0016845 secs] [Times: user=0.01 sys=0.00, real=0.00 secs] 
1303.298: [GC (Allocation Failure) [PSYoungGen: 63021K->1581K(63488K)] 435353K->373921K(721408K), 0.0017533 secs] [Times: user=0.00 sys=0.00, real=0.00 secs] 
1303.673: [GC (Allocation Failure) [PSYoungGen: 63019K->1549K(63488K)] 435360K->373889K(721408K), 0.0015821 secs] [Times: user=0.00 sys=0.00, real=0.00 secs] 
1304.465: [GC (Allocation Failure) [PSYoungGen: 62989K->1472K(63488K)] 435329K->373812K(721408K), 0.0022684 secs] [Times: user=0.01 sys=0.00, real=0.01 secs] 
1305.165: [GC (Allocation Failure) [PSYoungGen: 62912K->1392K(63488K)] 435252K->373732K(721408K), 0.0024139 secs] [Times: user=0.01 sys=0.00, real=0.01 secs] 
1305.780: [GC (Allocation Failure) [PSYoungGen: 62832K->1376K(63488K)] 435172K->373716K(721408K), 0.0026541 secs] [Times: user=0.01 sys=0.00, real=0.00 secs] 
1306.303: [GC (Allocation Failure) [PSYoungGen: 62816K->1360K(63488K)] 435156K->373700K(721408K), 0.0029912 secs] [Times: user=0.01 sys=0.00, real=0.00 secs] 
1306.786: [GC (Allocation Failure) [PSYoungGen: 62800K->1360K(63488K)] 435140K->373700K(721408K), 0.0025447 secs] [Times: user=0.01 sys=0.00, real=0.01 secs] 
1307.265: [GC (Allocation Failure) [PSYoungGen: 62800K->1565K(63488K)] 435140K->373905K(721408K), 0.0018142 secs] [Times: user=0.00 sys=0.00, real=0.01 secs] 
1307.638: [GC (Allocation Failure) [PSYoungGen: 63005K->1581K(63488K)] 435345K->373929K(721408K), 0.0015881 secs] [Times: user=0.01 sys=0.00, real=0.00 secs] 
1308.009: [GC (Allocation Failure) [PSYoungGen: 63021K->1581K(63488K)] 435369K->373937K(721408K), 0.0017285 secs] [Times: user=0.00 sys=0.00, real=0.00 secs] 
1308.378: [GC (Allocation Failure) [PSYoungGen: 63005K->1581K(63488K)] 435362K->373937K(721408K), 0.0016071 secs] [Times: user=0.00 sys=0.00, real=0.00 secs] 
1308.991: [GC (Allocation Failure) [PSYoungGen: 63021K->1408K(63488K)] 435377K->373764K(721408K), 0.0019562 secs] [Times: user=0.01 sys=0.00, real=0.00 secs] 
1309.441: [GC (Allocation Failure) [PSYoungGen: 62848K->1376K(63488K)] 435204K->373732K(721408K), 0.0022082 secs] [Times: user=0.01 sys=0.00, real=0.00 secs] 
1309.919: [GC (Allocation Failure) [PSYoungGen: 62816K->1424K(63488K)] 435172K->373780K(721408K), 0.0023749 secs] [Times: user=0.01 sys=0.00, real=0.00 secs] 
1310.422: [GC (Allocation Failure) [PSYoungGen: 62864K->1408K(63488K)] 435220K->373764K(721408K), 0.0021934 secs] [Times: user=0.01 sys=0.00, real=0.00 secs] 
1310.948: [GC (Allocation Failure) [PSYoungGen: 62848K->1469K(63488K)] 435204K->373825K(721408K), 0.0016791 secs] [Times: user=0.01 sys=0.00, real=0.00 secs] 
1311.324: [GC (Allocation Failure) [PSYoungGen: 62909K->1581K(63488K)] 435265K->373937K(721408K), 0.0015774 secs] [Times: user=0.01 sys=0.00, real=0.00 secs] 
1311.700: [GC (Allocation Failure) [PSYoungGen: 63021K->1581K(63488K)] 435377K->373961K(721408K), 0.0017266 secs] [Times: user=0.01 sys=0.00, real=0.00 secs] 
1312.069: [GC (Allocation Failure) [PSYoungGen: 63003K->1581K(63488K)] 435383K->373961K(721408K), 0.0016706 secs] [Times: user=0.01 sys=0.00, real=0.00 secs] 
1312.507: [GC (Allocation Failure) [PSYoungGen: 63021K->1440K(63488K)] 435401K->373836K(721408K), 0.0019903 secs] [Times: user=0.01 sys=0.00, real=0.00 secs] 
1313.003: [GC (Allocation Failure) [PSYoungGen: 62880K->1424K(63488K)] 435276K->373820K(721408K), 0.0021739 secs] [Times: user=0.01 sys=0.00, real=0.00 secs] 
1313.563: [GC (Allocation Failure) [PSYoungGen: 62864K->1376K(63488K)] 435260K->373772K(721408K), 0.0032978 secs] [Times: user=0.01 sys=0.00, real=0.00 secs] 
1314.195: [GC (Allocation Failure) [PSYoungGen: 62816K->1408K(63488K)] 435212K->373804K(721408K), 0.0025586 secs] [Times: user=0.01 sys=0.00, real=0.01 secs] 
1314.766: [GC (Allocation Failure) [PSYoungGen: 62848K->1376K(63488K)] 435244K->373772K(721408K), 0.0025053 secs] [Times: user=0.01 sys=0.00, real=0.00 secs] 
1315.270: [GC (Allocation Failure) [PSYoungGen: 62816K->1469K(63488K)] 435212K->373865K(721408K), 0.0015625 secs] [Times: user=0.01 sys=0.00, real=0.00 secs] 
1315.639: [GC (Allocation Failure) [PSYoungGen: 62904K->1549K(63488K)] 435300K->373945K(721408K), 0.0016564 secs] [Times: user=0.01 sys=0.00, real=0.00 secs] 
1316.007: [GC (Allocation Failure) [PSYoungGen: 62974K->1549K(63488K)] 435371K->373953K(721408K), 0.0017427 secs] [Times: user=0.00 sys=0.00, real=0.00 secs] 
1316.375: [GC (Allocation Failure) [PSYoungGen: 62989K->1565K(63488K)] 435393K->373969K(721408K), 0.0015533 secs] [Times: user=0.01 sys=0.00, real=0.01 secs] 
1316.850: [GC (Allocation Failure) [PSYoungGen: 63005K->1440K(63488K)] 435409K->373844K(721408K), 0.0020165 secs] [Times: user=0.01 sys=0.00, real=0.00 secs] 
1317.106: [GC (Allocation Failure) [PSYoungGen: 62880K->1376K(63488K)] 435284K->373780K(721408K), 0.0019691 secs] [Times: user=0.01 sys=0.00, real=0.01 secs] 
1317.362: [GC (Allocation Failure) [PSYoungGen: 62816K->1376K(63488K)] 435220K->373780K(721408K), 0.0020142 secs] [Times: user=0.01 sys=0.01, real=0.00 secs] 
1317.617: [GC (Allocation Failure) [PSYoungGen: 62816K->1376K(63488K)] 435220K->373780K(721408K), 0.0019929 secs] [Times: user=0.00 sys=0.00, real=0.00 secs] 
1317.989: [GC (Allocation Failure) [PSYoungGen: 62816K->1533K(63488K)] 435220K->373937K(721408K), 0.0020659 secs] [Times: user=0.00 sys=0.00, real=0.00 secs] 
1318.404: [GC (Allocation Failure) [PSYoungGen: 62973K->1549K(63488K)] 435377K->373953K(721408K), 0.0017179 secs] [Times: user=0.00 sys=0.00, real=0.00 secs] 
1318.775: [GC (Allocation Failure) [PSYoungGen: 62989K->1613K(63488K)] 435393K->374025K(721408K), 0.0015946 secs] [Times: user=0.01 sys=0.00, real=0.01 secs] 
1319.144: [GC (Allocation Failure) [PSYoungGen: 63045K->1613K(63488K)] 435458K->374025K(721408K), 0.0016100 secs] [Times: user=0.01 sys=0.00, real=0.00 secs] 
1319.477: [GC (Allocation Failure) [PSYoungGen: 63053K->1440K(63488K)] 435465K->373852K(721408K), 0.0021320 secs] [Times: user=0.01 sys=0.00, real=0.00 secs] 
1319.735: [GC (Allocation Failure) [PSYoungGen: 62880K->1376K(63488K)] 435292K->373788K(721408K), 0.0022068 secs] [Times: user=0.01 sys=0.00, real=0.01 secs] 
1319.989: [GC (Allocation Failure) [PSYoungGen: 62816K->1392K(63488K)] 435228K->373804K(721408K), 0.0019947 secs] [Times: user=0.01 sys=0.00, real=0.00 secs] 
1320.309: [GC (Allocation Failure) [PSYoungGen: 62832K->1408K(63488K)] 435244K->373820K(721408K), 0.0018941 secs] [Times: user=0.00 sys=0.00, real=0.00 secs] 
1320.565: [GC (Allocation Failure) [PSYoungGen: 62848K->1344K(63488K)] 435260K->373772K(721408K), 0.0019568 secs] [Times: user=0.00 sys=0.00, real=0.01 secs] 
1322.224: [GC (Allocation Failure) [PSYoungGen: 62784K->1549K(63488K)] 435212K->373977K(721408K), 0.0017646 secs] [Times: user=0.00 sys=0.00, real=0.00 secs] 
1322.595: [GC (Allocation Failure) [PSYoungGen: 62989K->1565K(63488K)] 435417K->373993K(721408K), 0.0017097 secs] [Times: user=0.01 sys=0.00, real=0.01 secs] 
1322.967: [GC (Allocation Failure) [PSYoungGen: 63005K->1517K(63488K)] 435433K->373953K(721408K), 0.0015912 secs] [Times: user=0.01 sys=0.00, real=0.00 secs] 
1323.395: [GC (Allocation Failure) [PSYoungGen: 62941K->1581K(63488K)] 435377K->374017K(721408K), 0.0017626 secs] [Times: user=0.01 sys=0.00, real=0.01 secs] 
1323.861: [GC (Allocation Failure) [PSYoungGen: 63021K->1408K(63488K)] 435457K->373844K(721408K), 0.0021646 secs] [Times: user=0.01 sys=0.00, real=0.00 secs] 
1324.117: [GC (Allocation Failure) [PSYoungGen: 62848K->1408K(63488K)] 435284K->373844K(721408K), 0.0021114 secs] [Times: user=0.01 sys=0.00, real=0.00 secs] 
1324.423: [GC (Allocation Failure) [PSYoungGen: 62848K->1376K(63488K)] 435284K->373812K(721408K), 0.0021852 secs] [Times: user=0.01 sys=0.00, real=0.00 secs] 
1324.678: [GC (Allocation Failure) [PSYoungGen: 62816K->1376K(63488K)] 435252K->373812K(721408K), 0.0020920 secs] [Times: user=0.01 sys=0.00, real=0.00 secs] 
1325.067: [GC (Allocation Failure) [PSYoungGen: 62816K->1453K(63488K)] 435252K->373889K(721408K), 0.0017303 secs] [Times: user=0.01 sys=0.00, real=0.00 secs] 
1325.443: [GC (Allocation Failure) [PSYoungGen: 62893K->1549K(63488K)] 435329K->373985K(721408K), 0.0015838 secs] [Times: user=0.00 sys=0.00, real=0.00 secs] 
1325.812: [GC (Allocation Failure) [PSYoungGen: 62973K->1565K(63488K)] 435410K->374017K(721408K), 0.0015912 secs] [Times: user=0.01 sys=0.00, real=0.00 secs] 
1326.182: [GC (Allocation Failure) [PSYoungGen: 63005K->1613K(63488K)] 435457K->374065K(721408K), 0.0016285 secs] [Times: user=0.01 sys=0.00, real=0.00 secs] 
1326.599: [GC (Allocation Failure) [PSYoungGen: 63053K->1472K(63488K)] 435505K->373924K(721408K), 0.0018702 secs] [Times: user=0.01 sys=0.00, real=0.00 secs] 
1327.045: [GC (Allocation Failure) [PSYoungGen: 62912K->1408K(63488K)] 435364K->373860K(721408K), 0.0031850 secs] [Times: user=0.02 sys=0.00, real=0.01 secs] 
1327.488: [GC (Allocation Failure) [PSYoungGen: 62848K->1376K(63488K)] 435300K->373828K(721408K), 0.0034394 secs] [Times: user=0.02 sys=0.00, real=0.00 secs] 
1327.981: [GC (Allocation Failure) [PSYoungGen: 62816K->1392K(63488K)] 435268K->373852K(721408K), 0.0031433 secs] [Times: user=0.01 sys=0.00, real=0.00 secs] 
1328.484: [GC (Allocation Failure) [PSYoungGen: 62832K->1376K(63488K)] 435292K->373836K(721408K), 0.0027529 secs] [Times: user=0.01 sys=0.00, real=0.01 secs] 
1328.955: [GC (Allocation Failure) [PSYoungGen: 62816K->1549K(63488K)] 435276K->374009K(721408K), 0.0016083 secs] [Times: user=0.01 sys=0.00, real=0.01 secs] 
1329.326: [GC (Allocation Failure) [PSYoungGen: 62989K->1581K(63488K)] 435449K->374041K(721408K), 0.0016711 secs] [Times: user=0.00 sys=0.00, real=0.00 secs] 
1329.695: [GC (Allocation Failure) [PSYoungGen: 63006K->1613K(63488K)] 435466K->374089K(721408K), 0.0016014 secs] [Times: user=0.00 sys=0.00, real=0.01 secs] 
1330.064: [GC (Allocation Failure) [PSYoungGen: 63053K->1584K(63488K)] 435529K->374060K(721408K), 0.0015481 secs] [Times: user=0.00 sys=0.00, real=0.00 secs] 
1330.368: [GC (Allocation Failure) [PSYoungGen: 63024K->1440K(63488K)] 435500K->373916K(721408K), 0.0018653 secs] [Times: user=0.01 sys=0.00, real=0.00 secs] 
1330.624: [GC (Allocation Failure) [PSYoungGen: 62880K->1376K(63488K)] 435356K->373852K(721408K), 0.0019676 secs] [Times: user=0.00 sys=0.00, real=0.00 secs] 
1330.879: [GC (Allocation Failure) [PSYoungGen: 62816K->1408K(63488K)] 435292K->373884K(721408K), 0.0019569 secs] [Times: user=0.01 sys=0.00, real=0.00 secs] 
1331.456: [GC (Allocation Failure) [PSYoungGen: 62848K->1408K(63488K)] 435324K->373884K(721408K), 0.0025214 secs] [Times: user=0.01 sys=0.00, real=0.01 secs] 
1332.093: [GC (Allocation Failure) [PSYoungGen: 62848K->1501K(63488K)] 435324K->373993K(721408K), 0.0025451 secs] [Times: user=0.01 sys=0.00, real=0.00 secs] 
1332.521: [GC (Allocation Failure) [PSYoungGen: 62941K->1549K(63488K)] 435433K->374041K(721408K), 0.0016379 secs] [Times: user=0.01 sys=0.00, real=0.00 secs] 
1332.893: [GC (Allocation Failure) [PSYoungGen: 62989K->1584K(63488K)] 435481K->374092K(721408K), 0.0018169 secs] [Times: user=0.01 sys=0.00, real=0.00 secs] 
1333.267: [GC (Allocation Failure) [PSYoungGen: 63024K->1520K(63488K)] 435532K->374028K(721408K), 0.0016946 secs] [Times: user=0.00 sys=0.00, real=0.00 secs] 
1334.162: [GC (Allocation Failure) [PSYoungGen: 62960K->1504K(63488K)] 435468K->374012K(721408K), 0.0041353 secs] [Times: user=0.01 sys=0.00, real=0.00 secs] 
1334.735: [GC (Allocation Failure) [PSYoungGen: 62944K->1376K(63488K)] 435452K->373884K(721408K), 0.0033582 secs] [Times: user=0.02 sys=0.00, real=0.01 secs] 
1335.319: [GC (Allocation Failure) [PSYoungGen: 62816K->1376K(63488K)] 435324K->373884K(721408K), 0.0033108 secs] [Times: user=0.01 sys=0.00, real=0.00 secs] 
1335.784: [GC (Allocation Failure) [PSYoungGen: 62816K->1376K(63488K)] 435324K->373892K(721408K), 0.0024550 secs] [Times: user=0.01 sys=0.00, real=0.01 secs] 
1336.204: [GC (Allocation Failure) [PSYoungGen: 62816K->1376K(63488K)] 435332K->373892K(721408K), 0.0022075 secs] [Times: user=0.01 sys=0.00, real=0.00 secs] 
1336.658: [GC (Allocation Failure) [PSYoungGen: 62816K->1485K(63488K)] 435332K->374001K(721408K), 0.0017012 secs] [Times: user=0.01 sys=0.00, real=0.00 secs] 
1337.029: [GC (Allocation Failure) [PSYoungGen: 62925K->1549K(63488K)] 435441K->374065K(721408K), 0.0016450 secs] [Times: user=0.00 sys=0.00, real=0.00 secs] 
1337.401: [GC (Allocation Failure) [PSYoungGen: 62989K->1565K(63488K)] 435505K->374105K(721408K), 0.0015830 secs] [Times: user=0.01 sys=0.00, real=0.00 secs] 
1337.832: [GC (Allocation Failure) [PSYoungGen: 62993K->1613K(63488K)] 435533K->374153K(721408K), 0.0019863 secs] [Times: user=0.00 sys=0.00, real=0.00 secs] 
1338.205: [GC (Allocation Failure) [PSYoungGen: 63053K->1408K(63488K)] 435593K->373948K(721408K), 0.0022173 secs] [Times: user=0.01 sys=0.00, real=0.01 secs] 
1338.461: [GC (Allocation Failure) [PSYoungGen: 62848K->1440K(63488K)] 435388K->373980K(721408K), 0.0020626 secs] [Times: user=0.01 sys=0.00, real=0.00 secs] 
1339.109: [GC (Allocation Failure) [PSYoungGen: 62880K->1408K(63488K)] 435420K->373948K(721408K), 0.0028799 secs] [Times: user=0.01 sys=0.00, real=0.00 secs] 
1339.858: [GC (Allocation Failure) [PSYoungGen: 62848K->1408K(63488K)] 435388K->373948K(721408K), 0.0047352 secs] [Times: user=0.02 sys=0.00, real=0.00 secs] 
1340.869: [GC (Allocation Failure) [PSYoungGen: 62848K->1485K(63488K)] 435388K->374025K(721408K), 0.0021887 secs] [Times: user=0.01 sys=0.00, real=0.00 secs] 
1341.280: [GC (Allocation Failure) [PSYoungGen: 62925K->1565K(63488K)] 435465K->374105K(721408K), 0.0016359 secs] [Times: user=0.01 sys=0.00, real=0.00 secs] 
1341.649: [GC (Allocation Failure) [PSYoungGen: 62989K->1597K(63488K)] 435529K->374145K(721408K), 0.0016299 secs] [Times: user=0.01 sys=0.00, real=0.00 secs] 
1342.019: [GC (Allocation Failure) [PSYoungGen: 63037K->1520K(63488K)] 435585K->374068K(721408K), 0.0064665 secs] [Times: user=0.03 sys=0.00, real=0.00 secs] 
1342.844: [GC (Allocation Failure) [PSYoungGen: 62960K->1520K(63488K)] 435508K->374068K(721408K), 0.0036083 secs] [Times: user=0.01 sys=0.00, real=0.01 secs] 
1343.856: [GC (Allocation Failure) [PSYoungGen: 62960K->1360K(63488K)] 435508K->373932K(721408K), 0.0028100 secs] [Times: user=0.01 sys=0.00, real=0.01 secs] 
1344.394: [GC (Allocation Failure) [PSYoungGen: 62800K->1392K(63488K)] 435372K->373964K(721408K), 0.0022817 secs] [Times: user=0.00 sys=0.00, real=0.01 secs] 
1344.872: [GC (Allocation Failure) [PSYoungGen: 62832K->1376K(63488K)] 435404K->373948K(721408K), 0.0020655 secs] [Times: user=0.01 sys=0.00, real=0.00 secs] 
1345.425: [GC (Allocation Failure) [PSYoungGen: 62816K->1408K(63488K)] 435388K->373980K(721408K), 0.0029045 secs] [Times: user=0.01 sys=0.00, real=0.01 secs] 
1345.892: [GC (Allocation Failure) [PSYoungGen: 62848K->1549K(63488K)] 435420K->374121K(721408K), 0.0015269 secs] [Times: user=0.01 sys=0.00, real=0.00 secs] 
1346.261: [GC (Allocation Failure) [PSYoungGen: 62989K->1552K(63488K)] 435561K->374124K(721408K), 0.0016013 secs] [Times: user=0.01 sys=0.00, real=0.00 secs] 
1346.631: [GC (Allocation Failure) [PSYoungGen: 62988K->1549K(63488K)] 435560K->374129K(721408K), 0.0015614 secs] [Times: user=0.01 sys=0.00, real=0.00 secs] 
1347.057: [GC (Allocation Failure) [PSYoungGen: 62989K->1597K(63488K)] 435569K->374177K(721408K), 0.0016092 secs] [Times: user=0.01 sys=0.00, real=0.00 secs] 
1347.394: [GC (Allocation Failure) [PSYoungGen: 63037K->1440K(63488K)] 435617K->374020K(721408K), 0.0021307 secs] [Times: user=0.01 sys=0.00, real=0.01 secs] 
1347.794: [GC (Allocation Failure) [PSYoungGen: 62880K->1376K(63488K)] 435460K->373956K(721408K), 0.0024110 secs] [Times: user=0.01 sys=0.00, real=0.01 secs] 
1348.256: [GC (Allocation Failure) [PSYoungGen: 62816K->1344K(63488K)] 435396K->373924K(721408K), 0.0039626 secs] [Times: user=0.02 sys=0.00, real=0.00 secs] 
1348.872: [GC (Allocation Failure) [PSYoungGen: 62784K->1408K(63488K)] 435364K->373988K(721408K), 0.0031188 secs] [Times: user=0.02 sys=0.00, real=0.00 secs] 
1349.654: [GC (GCLocker Initiated GC) [PSYoungGen: 62848K->1421K(63488K)] 435428K->374001K(721408K), 0.0025929 secs] [Times: user=0.01 sys=0.00, real=0.01 secs] 
1350.160: [GC (Allocation Failure) [PSYoungGen: 62861K->1485K(63488K)] 436051K->374675K(721408K), 0.0016671 secs] [Times: user=0.01 sys=0.00, real=0.00 secs] 
1350.590: [GC (Allocation Failure) [PSYoungGen: 62911K->1597K(63488K)] 436101K->374795K(721408K), 0.0016610 secs] [Times: user=0.01 sys=0.00, real=0.00 secs] 
1350.957: [GC (Allocation Failure) [PSYoungGen: 63037K->1549K(63488K)] 436235K->374747K(721408K), 0.0017341 secs] [Times: user=0.00 sys=0.00, real=0.00 secs] 
1351.504: [GC (Allocation Failure) [PSYoungGen: 62989K->2016K(63488K)] 436187K->375758K(721408K), 0.0020176 secs] [Times: user=0.01 sys=0.00, real=0.01 secs] 
1352.102: [GC (Allocation Failure) [PSYoungGen: 63456K->1408K(64000K)] 437198K->375150K(721920K), 0.0020281 secs] [Times: user=0.01 sys=0.00, real=0.00 secs] 
1352.786: [GC (Allocation Failure) [PSYoungGen: 62848K->1392K(62976K)] 436590K->375134K(720896K), 0.0020362 secs] [Times: user=0.00 sys=0.00, real=0.00 secs] 
1353.691: [GC (Allocation Failure) [PSYoungGen: 62832K->1408K(63488K)] 436574K->375166K(721408K), 0.0063998 secs] [Times: user=0.02 sys=0.01, real=0.01 secs] 
1354.571: [GC (Allocation Failure) [PSYoungGen: 62848K->1376K(63488K)] 436606K->375134K(721408K), 0.0064776 secs] [Times: user=0.02 sys=0.00, real=0.01 secs] 
1355.188: [GC (Allocation Failure) [PSYoungGen: 62816K->1533K(63488K)] 436574K->375291K(721408K), 0.0015925 secs] [Times: user=0.00 sys=0.00, real=0.00 secs] 
1355.621: [GC (Allocation Failure) [PSYoungGen: 62973K->1597K(63488K)] 436731K->375355K(721408K), 0.0016474 secs] [Times: user=0.01 sys=0.00, real=0.00 secs] 
1356.051: [GC (Allocation Failure) [PSYoungGen: 63031K->1661K(63488K)] 436790K->375451K(721408K), 0.0016178 secs] [Times: user=0.01 sys=0.00, real=0.00 secs] 
1356.417: [GC (Allocation Failure) [PSYoungGen: 63101K->1565K(63488K)] 436891K->375355K(721408K), 0.0016926 secs] [Times: user=0.01 sys=0.00, real=0.00 secs] 
1356.776: [GC (Allocation Failure) [PSYoungGen: 63005K->1504K(63488K)] 436795K->375294K(721408K), 0.0026427 secs] [Times: user=0.01 sys=0.00, real=0.01 secs] 
1357.045: [GC (Allocation Failure) [PSYoungGen: 62944K->1456K(63488K)] 436734K->375246K(721408K), 0.0020597 secs] [Times: user=0.01 sys=0.00, real=0.01 secs] 
1357.399: [GC (Allocation Failure) [PSYoungGen: 62896K->1408K(63488K)] 436686K->375246K(721408K), 0.0021155 secs] [Times: user=0.01 sys=0.00, real=0.00 secs] 
1357.916: [GC (Allocation Failure) [PSYoungGen: 62848K->1376K(63488K)] 436686K->375230K(721408K), 0.0020098 secs] [Times: user=0.01 sys=0.00, real=0.00 secs] 
1358.436: [GC (Allocation Failure) [PSYoungGen: 62816K->1437K(63488K)] 436670K->375291K(721408K), 0.0025722 secs] [Times: user=0.01 sys=0.00, real=0.00 secs] 
1358.945: [GC (Allocation Failure) [PSYoungGen: 62847K->1616K(63488K)] 436701K->375470K(721408K), 0.0016835 secs] [Times: user=0.00 sys=0.00, real=0.01 secs] 
1359.373: [GC (Allocation Failure) [PSYoungGen: 63056K->1597K(63488K)] 436910K->375467K(721408K), 0.0016499 secs] [Times: user=0.00 sys=0.00, real=0.00 secs] 
1359.800: [GC (Allocation Failure) [PSYoungGen: 63026K->1565K(63488K)] 436896K->375435K(721408K), 0.0017576 secs] [Times: user=0.01 sys=0.00, real=0.00 secs] 
1360.199: [GC (Allocation Failure) [PSYoungGen: 63005K->1632K(63488K)] 436875K->375502K(721408K), 0.0016888 secs] [Times: user=0.00 sys=0.00, real=0.00 secs] 
1360.785: [GC (Allocation Failure) [PSYoungGen: 63072K->1376K(63488K)] 436942K->375246K(721408K), 0.0029327 secs] [Times: user=0.01 sys=0.00, real=0.01 secs] 
1361.302: [GC (Allocation Failure) [PSYoungGen: 62816K->1408K(63488K)] 436686K->375278K(721408K), 0.0029649 secs] [Times: user=0.01 sys=0.00, real=0.00 secs] 
1361.809: [GC (Allocation Failure) [PSYoungGen: 62848K->1376K(63488K)] 436718K->375246K(721408K), 0.0027588 secs] [Times: user=0.01 sys=0.00, real=0.00 secs] 
1362.224: [GC (Allocation Failure) [PSYoungGen: 62816K->1376K(63488K)] 436686K->375262K(721408K), 0.0022010 secs] [Times: user=0.01 sys=0.00, real=0.00 secs] 
1362.754: [GC (Allocation Failure) [PSYoungGen: 62816K->1501K(63488K)] 436702K->375387K(721408K), 0.0015484 secs] [Times: user=0.00 sys=0.00, real=0.00 secs] 
1363.123: [GC (Allocation Failure) [PSYoungGen: 62941K->1533K(63488K)] 436827K->375419K(721408K), 0.0017293 secs] [Times: user=0.01 sys=0.00, real=0.00 secs] 
1363.492: [GC (Allocation Failure) [PSYoungGen: 62973K->1597K(63488K)] 436859K->375491K(721408K), 0.0016072 secs] [Times: user=0.01 sys=0.00, real=0.00 secs] 
1363.863: [GC (Allocation Failure) [PSYoungGen: 63037K->1568K(63488K)] 436931K->375462K(721408K), 0.0017506 secs] [Times: user=0.01 sys=0.00, real=0.00 secs] 
1364.231: [GC (Allocation Failure) [PSYoungGen: 63008K->1472K(63488K)] 436902K->375366K(721408K), 0.0016934 secs] [Times: user=0.01 sys=0.00, real=0.00 secs] 
1364.496: [GC (Allocation Failure) [PSYoungGen: 62912K->1376K(63488K)] 436806K->375270K(721408K), 0.0015245 secs] [Times: user=0.00 sys=0.00, real=0.00 secs] 
1364.769: [GC (Allocation Failure) [PSYoungGen: 62816K->1408K(63488K)] 436710K->375302K(721408K), 0.0017800 secs] [Times: user=0.01 sys=0.00, real=0.00 secs] 
1365.089: [GC (Allocation Failure) [PSYoungGen: 62848K->1392K(63488K)] 436742K->375286K(721408K), 0.0018485 secs] [Times: user=0.01 sys=0.00, real=0.00 secs] 
1365.378: [GC (Allocation Failure) [PSYoungGen: 62832K->1344K(63488K)] 436726K->375238K(721408K), 0.0018796 secs] [Times: user=0.01 sys=0.00, real=0.00 secs] 
1365.806: [GC (Allocation Failure) [PSYoungGen: 62757K->1597K(63488K)] 436652K->375491K(721408K), 0.0016516 secs] [Times: user=0.01 sys=0.00, real=0.00 secs] 
1366.176: [GC (Allocation Failure) [PSYoungGen: 63037K->1597K(63488K)] 436931K->375507K(721408K), 0.0018120 secs] [Times: user=0.01 sys=0.00, real=0.00 secs] 
1366.546: [GC (Allocation Failure) [PSYoungGen: 63016K->1565K(63488K)] 436926K->375475K(721408K), 0.0015950 secs] [Times: user=0.01 sys=0.00, real=0.00 secs] 
1366.915: [GC (Allocation Failure) [PSYoungGen: 63005K->1581K(63488K)] 436915K->375491K(721408K), 0.0015726 secs] [Times: user=0.01 sys=0.00, real=0.01 secs] 
1367.615: [GC (Allocation Failure) [PSYoungGen: 63021K->1408K(63488K)] 436931K->375318K(721408K), 0.0040593 secs] [Times: user=0.01 sys=0.01, real=0.01 secs] 
1367.946: [GC (Allocation Failure) [PSYoungGen: 62848K->1408K(63488K)] 436758K->375318K(721408K), 0.0024002 secs] [Times: user=0.02 sys=0.00, real=0.01 secs] 
1368.266: [GC (Allocation Failure) [PSYoungGen: 62848K->1392K(63488K)] 436758K->375302K(721408K), 0.0022149 secs] [Times: user=0.01 sys=0.00, real=0.01 secs] 
1368.718: [GC (Allocation Failure) [PSYoungGen: 62832K->1344K(63488K)] 436742K->375254K(721408K), 0.0022462 secs] [Times: user=0.01 sys=0.00, real=0.00 secs] 
1369.269: [GC (Allocation Failure) [PSYoungGen: 62784K->1501K(63488K)] 436694K->375411K(721408K), 0.0015028 secs] [Times: user=0.00 sys=0.00, real=0.00 secs] 
1369.640: [GC (Allocation Failure) [PSYoungGen: 62941K->1549K(63488K)] 436851K->375459K(721408K), 0.0016906 secs] [Times: user=0.00 sys=0.00, real=0.00 secs] 
1370.012: [GC (Allocation Failure) [PSYoungGen: 62989K->1565K(63488K)] 436899K->375491K(721408K), 0.0016458 secs] [Times: user=0.01 sys=0.00, real=0.00 secs] 
1370.380: [GC (Allocation Failure) [PSYoungGen: 62989K->1629K(63488K)] 436916K->375555K(721408K), 0.0017284 secs] [Times: user=0.01 sys=0.00, real=0.00 secs] 
1370.756: [GC (Allocation Failure) [PSYoungGen: 63069K->1504K(63488K)] 436995K->375430K(721408K), 0.0020263 secs] [Times: user=0.01 sys=0.00, real=0.00 secs] 
1371.034: [GC (Allocation Failure) [PSYoungGen: 62944K->1408K(63488K)] 436870K->375334K(721408K), 0.0019853 secs] [Times: user=0.01 sys=0.00, real=0.00 secs] 
1371.290: [GC (Allocation Failure) [PSYoungGen: 62848K->1408K(63488K)] 436774K->375334K(721408K), 0.0019427 secs] [Times: user=0.01 sys=0.00, real=0.00 secs] 
1371.545: [GC (Allocation Failure) [PSYoungGen: 62848K->1392K(63488K)] 436774K->375326K(721408K), 0.0022941 secs] [Times: user=0.01 sys=0.00, real=0.01 secs] 
1371.801: [GC (Allocation Failure) [PSYoungGen: 62832K->1376K(63488K)] 436766K->375310K(721408K), 0.0020180 secs] [Times: user=0.01 sys=0.00, real=0.00 secs] 
1372.196: [GC (Allocation Failure) [PSYoungGen: 62816K->1565K(63488K)] 436750K->375499K(721408K), 0.0016861 secs] [Times: user=0.00 sys=0.00, real=0.00 secs] 
1372.567: [GC (Allocation Failure) [PSYoungGen: 63005K->1501K(63488K)] 436939K->375435K(721408K), 0.0016158 secs] [Times: user=0.00 sys=0.00, real=0.00 secs] 
1372.945: [GC (Allocation Failure) [PSYoungGen: 62926K->1565K(63488K)] 436861K->375507K(721408K), 0.0016901 secs] [Times: user=0.01 sys=0.00, real=0.01 secs] 
1373.314: [GC (Allocation Failure) [PSYoungGen: 63005K->1517K(63488K)] 436947K->375459K(721408K), 0.0015796 secs] [Times: user=0.01 sys=0.00, real=0.00 secs] 
1375.092: [GC (Allocation Failure) [PSYoungGen: 62957K->1440K(63488K)] 436899K->375382K(721408K), 0.0048086 secs] [Times: user=0.01 sys=0.00, real=0.01 secs] 
1375.989: [GC (Allocation Failure) [PSYoungGen: 62880K->1408K(63488K)] 436822K->375350K(721408K), 0.0028156 secs] [Times: user=0.01 sys=0.00, real=0.00 secs] 
1376.613: [GC (Allocation Failure) [PSYoungGen: 62848K->1344K(63488K)] 436790K->375286K(721408K), 0.0022217 secs] [Times: user=0.01 sys=0.00, real=0.00 secs] 
1376.885: [GC (Allocation Failure) [PSYoungGen: 62784K->1392K(63488K)] 436726K->375334K(721408K), 0.0018819 secs] [Times: user=0.01 sys=0.00, real=0.01 secs] 
1377.243: [GC (Allocation Failure) [PSYoungGen: 62832K->1501K(63488K)] 436774K->375443K(721408K), 0.0016429 secs] [Times: user=0.01 sys=0.00, real=0.00 secs] 
1377.612: [GC (Allocation Failure) [PSYoungGen: 62934K->1565K(63488K)] 436876K->375507K(721408K), 0.0016054 secs] [Times: user=0.01 sys=0.00, real=0.00 secs] 
1377.980: [GC (Allocation Failure) [PSYoungGen: 63005K->1565K(63488K)] 436947K->375515K(721408K), 0.0015779 secs] [Times: user=0.00 sys=0.00, real=0.00 secs] 
1378.349: [GC (Allocation Failure) [PSYoungGen: 63005K->1597K(63488K)] 436955K->375547K(721408K), 0.0015834 secs] [Times: user=0.01 sys=0.00, real=0.00 secs] 
1379.549: [GC (Allocation Failure) [PSYoungGen: 63037K->1456K(63488K)] 436987K->375406K(721408K), 0.0045516 secs] [Times: user=0.02 sys=0.00, real=0.00 secs] 
1380.671: [GC (Allocation Failure) [PSYoungGen: 62896K->1408K(63488K)] 436846K->375358K(721408K), 0.0041271 secs] [Times: user=0.01 sys=0.00, real=0.00 secs] 
1381.549: [GC (Allocation Failure) [PSYoungGen: 62848K->1408K(63488K)] 436798K->375358K(721408K), 0.0035990 secs] [Times: user=0.01 sys=0.00, real=0.00 secs] 
1382.439: [GC (Allocation Failure) [PSYoungGen: 62848K->1408K(63488K)] 436798K->375358K(721408K), 0.0046740 secs] [Times: user=0.02 sys=0.00, real=0.00 secs] 
1382.954: [GC (Allocation Failure) [PSYoungGen: 62848K->1424K(63488K)] 436798K->375374K(721408K), 0.0030668 secs] [Times: user=0.01 sys=0.00, real=0.01 secs] 
1383.561: [GC (Allocation Failure) [PSYoungGen: 62864K->1533K(63488K)] 436814K->375483K(721408K), 0.0018978 secs] [Times: user=0.00 sys=0.00, real=0.00 secs] 
1383.933: [GC (Allocation Failure) [PSYoungGen: 62973K->1533K(63488K)] 436923K->375483K(721408K), 0.0017140 secs] [Times: user=0.01 sys=0.00, real=0.00 secs] 
1384.306: [GC (Allocation Failure) [PSYoungGen: 62973K->1568K(63488K)] 436923K->375534K(721408K), 0.0017043 secs] [Times: user=0.01 sys=0.00, real=0.00 secs] 
1384.677: [GC (Allocation Failure) [PSYoungGen: 63008K->1581K(63488K)] 436974K->375563K(721408K), 0.0015669 secs] [Times: user=0.01 sys=0.00, real=0.00 secs] 
1385.463: [GC (Allocation Failure) [PSYoungGen: 63021K->1376K(63488K)] 437003K->375358K(721408K), 0.0046227 secs] [Times: user=0.03 sys=0.00, real=0.01 secs] 
1386.083: [GC (Allocation Failure) [PSYoungGen: 62816K->1392K(63488K)] 436798K->375374K(721408K), 0.0033132 secs] [Times: user=0.01 sys=0.00, real=0.01 secs] 
1386.580: [GC (Allocation Failure) [PSYoungGen: 62832K->1408K(63488K)] 436814K->375390K(721408K), 0.0033532 secs] [Times: user=0.01 sys=0.00, real=0.00 secs] 
1387.065: [GC (Allocation Failure) [PSYoungGen: 62848K->1344K(63488K)] 436830K->375326K(721408K), 0.0027901 secs] [Times: user=0.01 sys=0.01, real=0.01 secs] 
1387.666: [GC (Allocation Failure) [PSYoungGen: 62784K->1469K(63488K)] 436766K->375451K(721408K), 0.0020316 secs] [Times: user=0.00 sys=0.00, real=0.00 secs] 
1388.044: [GC (Allocation Failure) [PSYoungGen: 62882K->1565K(63488K)] 436864K->375547K(721408K), 0.0016115 secs] [Times: user=0.00 sys=0.00, real=0.00 secs] 
1388.413: [GC (Allocation Failure) [PSYoungGen: 63005K->1565K(63488K)] 436987K->375563K(721408K), 0.0016308 secs] [Times: user=0.01 sys=0.00, real=0.00 secs] 
1388.836: [GC (Allocation Failure) [PSYoungGen: 62980K->1565K(63488K)] 436979K->375563K(721408K), 0.0033399 secs] [Times: user=0.01 sys=0.00, real=0.00 secs] 
1389.416: [GC (Allocation Failure) [PSYoungGen: 63005K->1472K(63488K)] 437003K->375470K(721408K), 0.0036358 secs] [Times: user=0.02 sys=0.00, real=0.00 secs] 
1389.917: [GC (Allocation Failure) [PSYoungGen: 62912K->1376K(63488K)] 436910K->375374K(721408K), 0.0033765 secs] [Times: user=0.01 sys=0.00, real=0.00 secs] 
1390.606: [GC (Allocation Failure) [PSYoungGen: 62816K->1344K(63488K)] 436814K->375342K(721408K), 0.0034568 secs] [Times: user=0.01 sys=0.00, real=0.00 secs] 
1391.248: [GC (Allocation Failure) [PSYoungGen: 62784K->1424K(63488K)] 436782K->375422K(721408K), 0.0035645 secs] [Times: user=0.01 sys=0.00, real=0.00 secs] 
1391.951: [GC (Allocation Failure) [PSYoungGen: 62864K->1360K(63488K)] 436862K->375358K(721408K), 0.0033442 secs] [Times: user=0.01 sys=0.00, real=0.00 secs] 
1392.456: [GC (Allocation Failure) [PSYoungGen: 62800K->1533K(63488K)] 436798K->375531K(721408K), 0.0016811 secs] [Times: user=0.01 sys=0.00, real=0.01 secs] 
1392.827: [GC (Allocation Failure) [PSYoungGen: 62973K->1568K(63488K)] 436971K->375566K(721408K), 0.0015511 secs] [Times: user=0.00 sys=0.00, real=0.00 secs] 
1393.196: [GC (Allocation Failure) [PSYoungGen: 62979K->1565K(63488K)] 436977K->375571K(721408K), 0.0017543 secs] [Times: user=0.01 sys=0.00, real=0.01 secs] 
1393.573: [GC (Allocation Failure) [PSYoungGen: 62982K->1565K(63488K)] 436988K->375595K(721408K), 0.0017134 secs] [Times: user=0.01 sys=0.00, real=0.00 secs] 
1393.895: [GC (Allocation Failure) [PSYoungGen: 63005K->1408K(63488K)] 437035K->375438K(721408K), 0.0018996 secs] [Times: user=0.01 sys=0.00, real=0.01 secs] 
1394.198: [GC (Allocation Failure) [PSYoungGen: 62848K->1376K(63488K)] 436878K->375406K(721408K), 0.0019433 secs] [Times: user=0.01 sys=0.00, real=0.00 secs] 
1394.454: [GC (Allocation Failure) [PSYoungGen: 62816K->1344K(63488K)] 436846K->375374K(721408K), 0.0023055 secs] [Times: user=0.01 sys=0.00, real=0.00 secs] 
1394.738: [GC (Allocation Failure) [PSYoungGen: 62784K->1392K(63488K)] 436814K->375422K(721408K), 0.0020565 secs] [Times: user=0.01 sys=0.00, real=0.00 secs] 
1395.057: [GC (Allocation Failure) [PSYoungGen: 62832K->1469K(63488K)] 436862K->375499K(721408K), 0.0016464 secs] [Times: user=0.00 sys=0.00, real=0.00 secs] 
1395.428: [GC (Allocation Failure) [PSYoungGen: 62909K->1565K(63488K)] 436939K->375595K(721408K), 0.0016684 secs] [Times: user=0.01 sys=0.00, real=0.00 secs] 
1395.800: [GC (Allocation Failure) [PSYoungGen: 63005K->1565K(63488K)] 437035K->375611K(721408K), 0.0016784 secs] [Times: user=0.00 sys=0.00, real=0.00 secs] 
1396.170: [GC (Allocation Failure) [PSYoungGen: 62988K->1549K(63488K)] 437034K->375595K(721408K), 0.0017075 secs] [Times: user=0.01 sys=0.00, real=0.00 secs] 
1396.937: [GC (Allocation Failure) [PSYoungGen: 62989K->1472K(63488K)] 437035K->375518K(721408K), 0.0029891 secs] [Times: user=0.01 sys=0.00, real=0.00 secs] 
1397.588: [GC (Allocation Failure) [PSYoungGen: 62912K->1408K(63488K)] 436958K->375454K(721408K), 0.0032773 secs] [Times: user=0.02 sys=0.00, real=0.00 secs] 
1398.114: [GC (Allocation Failure) [PSYoungGen: 62848K->1376K(63488K)] 436894K->375422K(721408K), 0.0029225 secs] [Times: user=0.01 sys=0.00, real=0.01 secs] 
1398.375: [GC (Allocation Failure) [PSYoungGen: 62816K->1360K(63488K)] 436862K->375406K(721408K), 0.0020568 secs] [Times: user=0.01 sys=0.00, real=0.01 secs] 
1398.631: [GC (Allocation Failure) [PSYoungGen: 62800K->1344K(63488K)] 436846K->375390K(721408K), 0.0021048 secs] [Times: user=0.01 sys=0.00, real=0.00 secs] 
1399.010: [GC (Allocation Failure) [PSYoungGen: 62784K->1552K(63488K)] 436830K->375598K(721408K), 0.0016792 secs] [Times: user=0.01 sys=0.00, real=0.00 secs] 
1399.381: [GC (Allocation Failure) [PSYoungGen: 62992K->1581K(63488K)] 437038K->375627K(721408K), 0.0017092 secs] [Times: user=0.01 sys=0.00, real=0.00 secs] 
1399.752: [GC (Allocation Failure) [PSYoungGen: 63001K->1565K(63488K)] 437047K->375627K(721408K), 0.0015771 secs] [Times: user=0.01 sys=0.00, real=0.00 secs] 
1400.177: [GC (Allocation Failure) [PSYoungGen: 62987K->1517K(63488K)] 437049K->375579K(721408K), 0.0017761 secs] [Times: user=0.01 sys=0.00, real=0.00 secs] 
1400.719: [GC (Allocation Failure) [PSYoungGen: 62957K->1456K(63488K)] 437019K->375518K(721408K), 0.0019254 secs] [Times: user=0.01 sys=0.00, real=0.00 secs] 
1401.332: [GC (Allocation Failure) [PSYoungGen: 62896K->1376K(63488K)] 436958K->375438K(721408K), 0.0020883 secs] [Times: user=0.01 sys=0.00, real=0.00 secs] 
1401.788: [GC (Allocation Failure) [PSYoungGen: 62816K->1376K(63488K)] 436878K->375438K(721408K), 0.0027362 secs] [Times: user=0.01 sys=0.00, real=0.00 secs] 
1402.297: [GC (Allocation Failure) [PSYoungGen: 62816K->1376K(63488K)] 436878K->375438K(721408K), 0.0047742 secs] [Times: user=0.02 sys=0.00, real=0.00 secs] 
1402.927: [GC (Allocation Failure) [PSYoungGen: 62816K->1440K(63488K)] 436878K->375510K(721408K), 0.0021249 secs] [Times: user=0.00 sys=0.00, real=0.00 secs] 
1403.330: [GC (Allocation Failure) [PSYoungGen: 62880K->1533K(63488K)] 436950K->375603K(721408K), 0.0016206 secs] [Times: user=0.01 sys=0.00, real=0.00 secs] 
1403.710: [GC (Allocation Failure) [PSYoungGen: 62973K->1565K(63488K)] 437043K->375651K(721408K), 0.0017705 secs] [Times: user=0.01 sys=0.00, real=0.00 secs] 
1404.081: [GC (Allocation Failure) [PSYoungGen: 62985K->1629K(63488K)] 437071K->375715K(721408K), 0.0016606 secs] [Times: user=0.01 sys=0.00, real=0.00 secs] 
1404.478: [GC (Allocation Failure) [PSYoungGen: 63069K->1488K(63488K)] 437155K->375574K(721408K), 0.0019452 secs] [Times: user=0.01 sys=0.00, real=0.00 secs] 
1404.821: [GC (Allocation Failure) [PSYoungGen: 62928K->1344K(63488K)] 437014K->375430K(721408K), 0.0018925 secs] [Times: user=0.01 sys=0.00, real=0.00 secs] 
1405.333: [GC (Allocation Failure) [PSYoungGen: 62784K->1408K(63488K)] 436870K->375494K(721408K), 0.0020330 secs] [Times: user=0.01 sys=0.00, real=0.00 secs] 
1405.891: [GC (Allocation Failure) [PSYoungGen: 62848K->1424K(63488K)] 436934K->375510K(721408K), 0.0019352 secs] [Times: user=0.01 sys=0.00, real=0.00 secs] 
1406.509: [GC (Allocation Failure) [PSYoungGen: 62864K->1424K(63488K)] 436950K->375510K(721408K), 0.0019380 secs] [Times: user=0.01 sys=0.00, real=0.00 secs] 
1407.014: [GC (Allocation Failure) [PSYoungGen: 62864K->1517K(63488K)] 436950K->375603K(721408K), 0.0016664 secs] [Times: user=0.01 sys=0.00, real=0.00 secs] 
1407.382: [GC (Allocation Failure) [PSYoungGen: 62957K->1533K(63488K)] 437043K->375619K(721408K), 0.0015691 secs] [Times: user=0.00 sys=0.00, real=0.00 secs] 
1407.751: [GC (Allocation Failure) [PSYoungGen: 62965K->1533K(63488K)] 437051K->375627K(721408K), 0.0016148 secs] [Times: user=0.01 sys=0.00, real=0.00 secs] 
1408.177: [GC (Allocation Failure) [PSYoungGen: 62973K->1584K(63488K)] 437067K->375678K(721408K), 0.0016533 secs] [Times: user=0.00 sys=0.00, real=0.00 secs] 
1408.850: [GC (Allocation Failure) [PSYoungGen: 63024K->1456K(63488K)] 437118K->375550K(721408K), 0.0042737 secs] [Times: user=0.02 sys=0.00, real=0.00 secs] 
1409.318: [GC (Allocation Failure) [PSYoungGen: 62896K->1408K(63488K)] 436990K->375502K(721408K), 0.0026218 secs] [Times: user=0.01 sys=0.00, real=0.00 secs] 
1409.800: [GC (Allocation Failure) [PSYoungGen: 62848K->1344K(63488K)] 436942K->375438K(721408K), 0.0027857 secs] [Times: user=0.01 sys=0.00, real=0.00 secs] 
1410.265: [GC (Allocation Failure) [PSYoungGen: 62784K->1408K(63488K)] 436878K->375502K(721408K), 0.0027001 secs] [Times: user=0.01 sys=0.00, real=0.01 secs] 
1410.984: [GC (Allocation Failure) [PSYoungGen: 62848K->1501K(63488K)] 436942K->375595K(721408K), 0.0020646 secs] [Times: user=0.01 sys=0.00, real=0.00 secs] 
1411.389: [GC (Allocation Failure) [PSYoungGen: 62941K->1581K(63488K)] 437035K->375675K(721408K), 0.0016134 secs] [Times: user=0.01 sys=0.00, real=0.00 secs] 
1411.814: [GC (Allocation Failure) [PSYoungGen: 63021K->1549K(63488K)] 437115K->375659K(721408K), 0.0018344 secs] [Times: user=0.00 sys=0.00, real=0.00 secs] 
1412.247: [GC (Allocation Failure) [PSYoungGen: 62989K->1597K(63488K)] 437099K->375707K(721408K), 0.0018195 secs] [Times: user=0.01 sys=0.00, real=0.00 secs] 
1412.636: [GC (Allocation Failure) [PSYoungGen: 63037K->1504K(63488K)] 437147K->375614K(721408K), 0.0022180 secs] [Times: user=0.01 sys=0.00, real=0.01 secs] 
1412.892: [GC (Allocation Failure) [PSYoungGen: 62944K->1360K(63488K)] 437054K->375486K(721408K), 0.0019483 secs] [Times: user=0.00 sys=0.00, real=0.00 secs] 
1413.148: [GC (Allocation Failure) [PSYoungGen: 62800K->1408K(63488K)] 436926K->375534K(721408K), 0.0020692 secs] [Times: user=0.01 sys=0.00, real=0.00 secs] 
1413.403: [GC (Allocation Failure) [PSYoungGen: 62848K->1376K(63488K)] 436974K->375502K(721408K), 0.0020337 secs] [Times: user=0.01 sys=0.00, real=0.00 secs] 
1413.681: [GC (Allocation Failure) [PSYoungGen: 62816K->1344K(63488K)] 436942K->375470K(721408K), 0.0021364 secs] [Times: user=0.00 sys=0.00, real=0.00 secs] 
1414.165: [GC (Allocation Failure) [PSYoungGen: 62784K->1453K(63488K)] 436910K->375579K(721408K), 0.0016640 secs] [Times: user=0.00 sys=0.00, real=0.01 secs] 
1414.536: [GC (Allocation Failure) [PSYoungGen: 62893K->1549K(63488K)] 437019K->375675K(721408K), 0.0016063 secs] [Times: user=0.01 sys=0.00, real=0.00 secs] 
1414.906: [GC (Allocation Failure) [PSYoungGen: 62989K->1533K(63488K)] 437115K->375667K(721408K), 0.0016225 secs] [Times: user=0.01 sys=0.00, real=0.00 secs] 
1415.339: [GC (Allocation Failure) [PSYoungGen: 62973K->1565K(63488K)] 437107K->375699K(721408K), 0.0016859 secs] [Times: user=0.00 sys=0.00, real=0.00 secs] 
1415.687: [GC (Allocation Failure) [PSYoungGen: 63005K->1440K(63488K)] 437139K->375582K(721408K), 0.0023712 secs] [Times: user=0.01 sys=0.00, real=0.00 secs] 
1415.982: [GC (Allocation Failure) [PSYoungGen: 62880K->1408K(63488K)] 437022K->375550K(721408K), 0.0021113 secs] [Times: user=0.01 sys=0.00, real=0.00 secs] 
1416.254: [GC (Allocation Failure) [PSYoungGen: 62848K->1424K(63488K)] 436990K->375566K(721408K), 0.0020692 secs] [Times: user=0.01 sys=0.00, real=0.01 secs] 
1416.543: [GC (Allocation Failure) [PSYoungGen: 62864K->1376K(63488K)] 437006K->375518K(721408K), 0.0020389 secs] [Times: user=0.01 sys=0.00, real=0.00 secs] 
1416.925: [GC (Allocation Failure) [PSYoungGen: 62816K->1437K(63488K)] 436958K->375579K(721408K), 0.0023515 secs] [Times: user=0.01 sys=0.00, real=0.01 secs] 
1417.346: [GC (Allocation Failure) [PSYoungGen: 62877K->1565K(63488K)] 437019K->375707K(721408K), 0.0018501 secs] [Times: user=0.01 sys=0.00, real=0.00 secs] 
1417.718: [GC (Allocation Failure) [PSYoungGen: 63005K->1565K(63488K)] 437147K->375723K(721408K), 0.0017738 secs] [Times: user=0.00 sys=0.00, real=0.00 secs] 
1418.089: [GC (Allocation Failure) [PSYoungGen: 63000K->1533K(63488K)] 437158K->375691K(721408K), 0.0017720 secs] [Times: user=0.01 sys=0.00, real=0.00 secs] 
1418.521: [GC (Allocation Failure) [PSYoungGen: 62973K->1968K(63488K)] 437131K->376134K(721408K), 0.0018971 secs] [Times: user=0.00 sys=0.00, real=0.00 secs] 
1419.110: [GC (Allocation Failure) [PSYoungGen: 63408K->1376K(63488K)] 437574K->375542K(721408K), 0.0032984 secs] [Times: user=0.01 sys=0.00, real=0.00 secs] 
1419.623: [GC (Allocation Failure) [PSYoungGen: 62816K->1408K(63488K)] 436982K->375574K(721408K), 0.0027047 secs] [Times: user=0.01 sys=0.00, real=0.00 secs] 
1419.956: [GC (Allocation Failure) [PSYoungGen: 62848K->1360K(63488K)] 437014K->375526K(721408K), 0.0020431 secs] [Times: user=0.01 sys=0.00, real=0.00 secs] 
1420.260: [GC (Allocation Failure) [PSYoungGen: 62800K->1392K(63488K)] 436966K->375558K(721408K), 0.0020708 secs] [Times: user=0.01 sys=0.00, real=0.00 secs] 
1420.665: [GC (Allocation Failure) [PSYoungGen: 62832K->1565K(63488K)] 436998K->375731K(721408K), 0.0016472 secs] [Times: user=0.01 sys=0.00, real=0.01 secs] 
1421.035: [GC (Allocation Failure) [PSYoungGen: 63005K->1581K(63488K)] 437171K->375747K(721408K), 0.0016638 secs] [Times: user=0.01 sys=0.00, real=0.01 secs] 
1421.406: [GC (Allocation Failure) [PSYoungGen: 63000K->1533K(63488K)] 437167K->375723K(721408K), 0.0016973 secs] [Times: user=0.00 sys=0.00, real=0.00 secs] 
1421.774: [GC (Allocation Failure) [PSYoungGen: 62973K->1581K(63488K)] 437163K->375771K(721408K), 0.0017797 secs] [Times: user=0.00 sys=0.00, real=0.01 secs] 
1422.281: [GC (Allocation Failure) [PSYoungGen: 63021K->1408K(63488K)] 437211K->375598K(721408K), 0.0021232 secs] [Times: user=0.01 sys=0.00, real=0.00 secs] 
1422.731: [GC (Allocation Failure) [PSYoungGen: 62848K->1408K(63488K)] 437038K->375598K(721408K), 0.0021928 secs] [Times: user=0.01 sys=0.00, real=0.00 secs] 
1423.221: [GC (Allocation Failure) [PSYoungGen: 62848K->1408K(63488K)] 437038K->375598K(721408K), 0.0025709 secs] [Times: user=0.01 sys=0.00, real=0.00 secs] 
1423.769: [GC (Allocation Failure) [PSYoungGen: 62848K->1344K(63488K)] 437038K->375534K(721408K), 0.0022759 secs] [Times: user=0.00 sys=0.00, real=0.00 secs] 
1424.262: [GC (Allocation Failure) [PSYoungGen: 62784K->1469K(63488K)] 436974K->375659K(721408K), 0.0019300 secs] [Times: user=0.01 sys=0.00, real=0.00 secs] 
1424.746: [GC (Allocation Failure) [PSYoungGen: 62892K->1565K(63488K)] 437082K->375755K(721408K), 0.0018255 secs] [Times: user=0.01 sys=0.00, real=0.01 secs] 
1425.114: [GC (Allocation Failure) [PSYoungGen: 62976K->1533K(63488K)] 437166K->375747K(721408K), 0.0016811 secs] [Times: user=0.01 sys=0.00, real=0.00 secs] 
1425.483: [GC (Allocation Failure) [PSYoungGen: 62973K->1549K(63488K)] 437187K->375763K(721408K), 0.0015445 secs] [Times: user=0.00 sys=0.00, real=0.00 secs] 
1425.940: [GC (Allocation Failure) [PSYoungGen: 62989K->1792K(63488K)] 437203K->376014K(721408K), 0.0018436 secs] [Times: user=0.01 sys=0.00, real=0.00 secs] 
1426.201: [GC (Allocation Failure) [PSYoungGen: 63232K->1440K(63488K)] 437454K->375662K(721408K), 0.0027012 secs] [Times: user=0.01 sys=0.00, real=0.00 secs] 
1426.694: [GC (Allocation Failure) [PSYoungGen: 62880K->1376K(63488K)] 437102K->375598K(721408K), 0.0024350 secs] [Times: user=0.01 sys=0.00, real=0.01 secs] 
1427.171: [GC (Allocation Failure) [PSYoungGen: 62816K->1408K(63488K)] 437038K->375630K(721408K), 0.0029455 secs] [Times: user=0.01 sys=0.00, real=0.00 secs] 
1427.698: [GC (Allocation Failure) [PSYoungGen: 62848K->1392K(63488K)] 437070K->375614K(721408K), 0.0029377 secs] [Times: user=0.01 sys=0.01, real=0.00 secs] 
1428.243: [GC (Allocation Failure) [PSYoungGen: 62832K->1533K(63488K)] 437054K->375755K(721408K), 0.0015228 secs] [Times: user=0.01 sys=0.00, real=0.00 secs] 
1428.614: [GC (Allocation Failure) [PSYoungGen: 62973K->1581K(63488K)] 437195K->375803K(721408K), 0.0016481 secs] [Times: user=0.01 sys=0.00, real=0.00 secs] 
1428.983: [GC (Allocation Failure) [PSYoungGen: 63003K->1632K(63488K)] 437225K->375870K(721408K), 0.0015610 secs] [Times: user=0.01 sys=0.00, real=0.00 secs] 
1429.357: [GC (Allocation Failure) [PSYoungGen: 63072K->1568K(63488K)] 437310K->375806K(721408K), 0.0017517 secs] [Times: user=0.01 sys=0.00, real=0.00 secs] 
1429.732: [GC (Allocation Failure) [PSYoungGen: 63008K->1456K(63488K)] 437246K->375702K(721408K), 0.0018921 secs] [Times: user=0.00 sys=0.00, real=0.00 secs] 
1430.104: [GC (Allocation Failure) [PSYoungGen: 62896K->1408K(63488K)] 437142K->375654K(721408K), 0.0017935 secs] [Times: user=0.01 sys=0.00, real=0.00 secs] 
1430.550: [GC (Allocation Failure) [PSYoungGen: 62848K->1408K(63488K)] 437094K->375654K(721408K), 0.0019549 secs] [Times: user=0.00 sys=0.00, real=0.00 secs] 
1431.007: [GC (Allocation Failure) [PSYoungGen: 62848K->1392K(63488K)] 437094K->375638K(721408K), 0.0030734 secs] [Times: user=0.02 sys=0.00, real=0.00 secs] 
1431.673: [GC (Allocation Failure) [PSYoungGen: 62832K->1376K(63488K)] 437078K->375622K(721408K), 0.0040419 secs] [Times: user=0.02 sys=0.00, real=0.01 secs] 
1432.176: [GC (Allocation Failure) [PSYoungGen: 62816K->1533K(63488K)] 437062K->375779K(721408K), 0.0017310 secs] [Times: user=0.01 sys=0.00, real=0.01 secs] 
1432.544: [GC (Allocation Failure) [PSYoungGen: 62973K->1533K(63488K)] 437219K->375811K(721408K), 0.0015824 secs] [Times: user=0.01 sys=0.00, real=0.00 secs] 
1432.914: [GC (Allocation Failure) [PSYoungGen: 62973K->1565K(63488K)] 437251K->375843K(721408K), 0.0016739 secs] [Times: user=0.01 sys=0.00, real=0.00 secs] 
1433.279: [GC (Allocation Failure) [PSYoungGen: 62609K->352K(63488K)] 436887K->374638K(721408K), 0.0015551 secs] [Times: user=0.00 sys=0.00, real=0.00 secs] 
1433.588: [GC (Allocation Failure) [PSYoungGen: 61792K->1440K(63488K)] 436078K->375726K(721408K), 0.0020733 secs] [Times: user=0.01 sys=0.00, real=0.00 secs] 
1433.866: [GC (Allocation Failure) [PSYoungGen: 62880K->1344K(63488K)] 437166K->375630K(721408K), 0.0033990 secs] [Times: user=0.02 sys=0.00, real=0.00 secs] 
1434.310: [GC (Allocation Failure) [PSYoungGen: 62784K->1344K(63488K)] 437070K->375630K(721408K), 0.0026843 secs] [Times: user=0.01 sys=0.00, real=0.00 secs] 
1434.877: [GC (Allocation Failure) [PSYoungGen: 62784K->1376K(63488K)] 437070K->375662K(721408K), 0.0027979 secs] [Times: user=0.01 sys=0.00, real=0.00 secs] 
1435.573: [GC (Allocation Failure) [PSYoungGen: 62816K->1520K(63488K)] 437102K->375806K(721408K), 0.0015582 secs] [Times: user=0.00 sys=0.01, real=0.00 secs] 
1436.005: [GC (Allocation Failure) [PSYoungGen: 62960K->1565K(63488K)] 437246K->375851K(721408K), 0.0016453 secs] [Times: user=0.01 sys=0.01, real=0.01 secs] 
1436.433: [GC (Allocation Failure) [PSYoungGen: 63005K->1533K(63488K)] 437291K->375827K(721408K), 0.0017024 secs] [Times: user=0.00 sys=0.00, real=0.00 secs] 
1436.801: [GC (Allocation Failure) [PSYoungGen: 62973K->1597K(63488K)] 437267K->375891K(721408K), 0.0015976 secs] [Times: user=0.01 sys=0.00, real=0.00 secs] 
1437.172: [GC (Allocation Failure) [PSYoungGen: 63037K->1472K(63488K)] 437331K->375766K(721408K), 0.0023738 secs] [Times: user=0.01 sys=0.00, real=0.00 secs] 
1437.453: [GC (Allocation Failure) [PSYoungGen: 62912K->1376K(63488K)] 437206K->375670K(721408K), 0.0020159 secs] [Times: user=0.01 sys=0.01, real=0.00 secs] 
1437.782: [GC (Allocation Failure) [PSYoungGen: 62816K->1408K(63488K)] 437110K->375702K(721408K), 0.0021229 secs] [Times: user=0.01 sys=0.00, real=0.00 secs] 
1438.254: [GC (Allocation Failure) [PSYoungGen: 62848K->1408K(63488K)] 437142K->375702K(721408K), 0.0021016 secs] [Times: user=0.00 sys=0.00, real=0.00 secs] 
1438.928: [GC (Allocation Failure) [PSYoungGen: 62848K->1344K(63488K)] 437142K->375638K(721408K), 0.0023700 secs] [Times: user=0.01 sys=0.00, real=0.00 secs] 
1439.466: [GC (Allocation Failure) [PSYoungGen: 62784K->1549K(63488K)] 437078K->375843K(721408K), 0.0016629 secs] [Times: user=0.00 sys=0.00, real=0.01 secs] 
1439.837: [GC (Allocation Failure) [PSYoungGen: 62989K->1565K(63488K)] 437283K->375875K(721408K), 0.0017412 secs] [Times: user=0.01 sys=0.00, real=0.00 secs] 
1440.206: [GC (Allocation Failure) [PSYoungGen: 62991K->1517K(63488K)] 437301K->375843K(721408K), 0.0015235 secs] [Times: user=0.01 sys=0.00, real=0.01 secs] 
1440.633: [GC (Allocation Failure) [PSYoungGen: 62957K->1581K(63488K)] 437283K->375907K(721408K), 0.0016941 secs] [Times: user=0.01 sys=0.00, real=0.00 secs] 
1441.057: [GC (Allocation Failure) [PSYoungGen: 63021K->1440K(63488K)] 437347K->375766K(721408K), 0.0022218 secs] [Times: user=0.01 sys=0.00, real=0.00 secs] 
1441.313: [GC (Allocation Failure) [PSYoungGen: 62880K->1376K(63488K)] 437206K->375702K(721408K), 0.0021053 secs] [Times: user=0.01 sys=0.00, real=0.00 secs] 
1441.578: [GC (Allocation Failure) [PSYoungGen: 62816K->1360K(63488K)] 437142K->375702K(721408K), 0.0020674 secs] [Times: user=0.01 sys=0.00, real=0.00 secs] 
1441.858: [GC (Allocation Failure) [PSYoungGen: 62800K->1360K(63488K)] 437142K->375702K(721408K), 0.0020950 secs] [Times: user=0.01 sys=0.00, real=0.00 secs] 
1442.178: [GC (Allocation Failure) [PSYoungGen: 62800K->1469K(63488K)] 437142K->375811K(721408K), 0.0015634 secs] [Times: user=0.01 sys=0.01, real=0.00 secs] 
1442.550: [GC (Allocation Failure) [PSYoungGen: 62909K->1517K(63488K)] 437251K->375859K(721408K), 0.0016225 secs] [Times: user=0.01 sys=0.00, real=0.00 secs] 
1442.979: [GC (Allocation Failure) [PSYoungGen: 62944K->1597K(63488K)] 437286K->375955K(721408K), 0.0016583 secs] [Times: user=0.01 sys=0.00, real=0.00 secs] 
1443.346: [GC (Allocation Failure) [PSYoungGen: 63037K->1565K(63488K)] 437395K->375923K(721408K), 0.0016715 secs] [Times: user=0.01 sys=0.00, real=0.00 secs] 
1443.829: [GC (Allocation Failure) [PSYoungGen: 63005K->1504K(63488K)] 437363K->375862K(721408K), 0.0024329 secs] [Times: user=0.01 sys=0.00, real=0.00 secs] 
1444.099: [GC (Allocation Failure) [PSYoungGen: 62944K->1360K(63488K)] 437302K->375718K(721408K), 0.0020980 secs] [Times: user=0.00 sys=0.00, real=0.00 secs] 
1444.449: [GC (Allocation Failure) [PSYoungGen: 62800K->1392K(63488K)] 437158K->375750K(721408K), 0.0020833 secs] [Times: user=0.01 sys=0.00, real=0.00 secs] 
1444.731: [GC (Allocation Failure) [PSYoungGen: 62832K->1408K(63488K)] 437190K->375766K(721408K), 0.0019933 secs] [Times: user=0.00 sys=0.00, real=0.00 secs] 
1445.018: [GC (Allocation Failure) [PSYoungGen: 62848K->1376K(63488K)] 437206K->375734K(721408K), 0.0019607 secs] [Times: user=0.01 sys=0.00, real=0.00 secs] 
1445.417: [GC (Allocation Failure) [PSYoungGen: 62816K->1533K(63488K)] 437174K->375891K(721408K), 0.0016464 secs] [Times: user=0.00 sys=0.00, real=0.00 secs] 
1445.788: [GC (Allocation Failure) [PSYoungGen: 62973K->1533K(63488K)] 437331K->375891K(721408K), 0.0017036 secs] [Times: user=0.00 sys=0.00, real=0.00 secs] 
1446.160: [GC (Allocation Failure) [PSYoungGen: 62973K->1597K(63488K)] 437331K->375963K(721408K), 0.0017843 secs] [Times: user=0.01 sys=0.00, real=0.00 secs] 
1446.532: [GC (Allocation Failure) [PSYoungGen: 63037K->1613K(63488K)] 437403K->375979K(721408K), 0.0017019 secs] [Times: user=0.01 sys=0.00, real=0.00 secs] 
1446.888: [GC (Allocation Failure) [PSYoungGen: 63053K->1472K(63488K)] 437419K->375838K(721408K), 0.0016073 secs] [Times: user=0.00 sys=0.00, real=0.00 secs] 
1447.158: [GC (Allocation Failure) [PSYoungGen: 62912K->1408K(63488K)] 437278K->375782K(721408K), 0.0020058 secs] [Times: user=0.01 sys=0.00, real=0.00 secs] 
1447.413: [GC (Allocation Failure) [PSYoungGen: 62848K->1392K(63488K)] 437222K->375766K(721408K), 0.0018078 secs] [Times: user=0.01 sys=0.00, real=0.00 secs] 
1447.669: [GC (Allocation Failure) [PSYoungGen: 62832K->1408K(63488K)] 437206K->375782K(721408K), 0.0018425 secs] [Times: user=0.00 sys=0.00, real=0.00 secs] 
1448.043: [GC (Allocation Failure) [PSYoungGen: 62848K->1469K(63488K)] 437222K->375843K(721408K), 0.0016153 secs] [Times: user=0.01 sys=0.00, real=0.00 secs] 
1448.414: [GC (Allocation Failure) [PSYoungGen: 62909K->1549K(63488K)] 437283K->375923K(721408K), 0.0016021 secs] [Times: user=0.01 sys=0.00, real=0.00 secs] 
1448.845: [GC (Allocation Failure) [PSYoungGen: 62977K->1613K(63488K)] 437351K->376003K(721408K), 0.0017746 secs] [Times: user=0.01 sys=0.00, real=0.01 secs] 
1449.278: [GC (Allocation Failure) [PSYoungGen: 63053K->1565K(63488K)] 437443K->375955K(721408K), 0.0018114 secs] [Times: user=0.01 sys=0.00, real=0.00 secs] 
1449.665: [GC (Allocation Failure) [PSYoungGen: 63005K->1440K(63488K)] 437395K->375838K(721408K), 0.0023719 secs] [Times: user=0.01 sys=0.00, real=0.01 secs] 
1449.975: [GC (Allocation Failure) [PSYoungGen: 62880K->1360K(63488K)] 437278K->375758K(721408K), 0.0021101 secs] [Times: user=0.00 sys=0.00, real=0.01 secs] 
1450.230: [GC (Allocation Failure) [PSYoungGen: 62800K->1408K(63488K)] 437198K->375806K(721408K), 0.0019679 secs] [Times: user=0.00 sys=0.00, real=0.00 secs] 
1450.532: [GC (Allocation Failure) [PSYoungGen: 62848K->1392K(63488K)] 437246K->375790K(721408K), 0.0019807 secs] [Times: user=0.01 sys=0.00, real=0.00 secs] 
1451.120: [GC (Allocation Failure) [PSYoungGen: 62832K->1376K(63488K)] 437230K->375798K(721408K), 0.0019249 secs] [Times: user=0.00 sys=0.00, real=0.00 secs] 
1451.600: [GC (Allocation Failure) [PSYoungGen: 62816K->1485K(63488K)] 437238K->375907K(721408K), 0.0017998 secs] [Times: user=0.00 sys=0.00, real=0.00 secs] 
1451.970: [GC (Allocation Failure) [PSYoungGen: 62900K->1565K(63488K)] 437322K->375987K(721408K), 0.0016662 secs] [Times: user=0.01 sys=0.01, real=0.00 secs] 
1452.337: [GC (Allocation Failure) [PSYoungGen: 63005K->1597K(63488K)] 437427K->376027K(721408K), 0.0015358 secs] [Times: user=0.00 sys=0.00, real=0.00 secs] 
1452.706: [GC (Allocation Failure) [PSYoungGen: 63027K->1565K(63488K)] 437457K->375995K(721408K), 0.0015799 secs] [Times: user=0.01 sys=0.00, real=0.01 secs] 
1453.399: [GC (Allocation Failure) [PSYoungGen: 63005K->1408K(63488K)] 437435K->375838K(721408K), 0.0019265 secs] [Times: user=0.01 sys=0.00, real=0.00 secs] 
1453.709: [GC (Allocation Failure) [PSYoungGen: 62848K->1408K(63488K)] 437278K->375838K(721408K), 0.0020263 secs] [Times: user=0.01 sys=0.00, real=0.00 secs] 
1454.071: [GC (Allocation Failure) [PSYoungGen: 62848K->1440K(63488K)] 437278K->375870K(721408K), 0.0019846 secs] [Times: user=0.01 sys=0.00, real=0.00 secs] 
1454.585: [GC (Allocation Failure) [PSYoungGen: 62880K->1376K(63488K)] 437310K->375806K(721408K), 0.0021989 secs] [Times: user=0.01 sys=0.00, real=0.01 secs] 
1455.090: [GC (Allocation Failure) [PSYoungGen: 62811K->1469K(63488K)] 437241K->375899K(721408K), 0.0016056 secs] [Times: user=0.01 sys=0.00, real=0.00 secs] 
1455.457: [GC (Allocation Failure) [PSYoungGen: 62895K->1597K(63488K)] 437325K->376035K(721408K), 0.0016292 secs] [Times: user=0.01 sys=0.00, real=0.00 secs] 
1455.890: [GC (Allocation Failure) [PSYoungGen: 63037K->1584K(63488K)] 437475K->376038K(721408K), 0.0017712 secs] [Times: user=0.00 sys=0.00, real=0.00 secs] 
1456.258: [GC (Allocation Failure) [PSYoungGen: 63011K->1536K(63488K)] 437465K->375990K(721408K), 0.0018471 secs] [Times: user=0.00 sys=0.00, real=0.00 secs] 
1456.617: [GC (Allocation Failure) [PSYoungGen: 62976K->1504K(63488K)] 437430K->375958K(721408K), 0.0022621 secs] [Times: user=0.01 sys=0.00, real=0.00 secs] 
1456.953: [GC (Allocation Failure) [PSYoungGen: 62944K->1376K(63488K)] 437398K->375830K(721408K), 0.0020785 secs] [Times: user=0.01 sys=0.00, real=0.00 secs] 
1457.209: [GC (Allocation Failure) [PSYoungGen: 62816K->1376K(63488K)] 437270K->375830K(721408K), 0.0019292 secs] [Times: user=0.01 sys=0.00, real=0.00 secs] 
1457.464: [GC (Allocation Failure) [PSYoungGen: 62816K->1376K(63488K)] 437270K->375830K(721408K), 0.0019935 secs] [Times: user=0.01 sys=0.00, real=0.00 secs] 
1457.719: [GC (Allocation Failure) [PSYoungGen: 62816K->1376K(63488K)] 437270K->375830K(721408K), 0.0020183 secs] [Times: user=0.01 sys=0.01, real=0.00 secs] 
1458.083: [GC (Allocation Failure) [PSYoungGen: 62816K->1533K(63488K)] 437270K->375987K(721408K), 0.0016855 secs] [Times: user=0.01 sys=0.00, real=0.00 secs] 
1458.453: [GC (Allocation Failure) [PSYoungGen: 62962K->1597K(63488K)] 437416K->376051K(721408K), 0.0016925 secs] [Times: user=0.00 sys=0.00, real=0.00 secs] 
1458.821: [GC (Allocation Failure) [PSYoungGen: 63037K->1597K(63488K)] 437491K->376059K(721408K), 0.0015844 secs] [Times: user=0.01 sys=0.00, real=0.00 secs] 
1459.190: [GC (Allocation Failure) [PSYoungGen: 63024K->1597K(63488K)] 437486K->376059K(721408K), 0.0017125 secs] [Times: user=0.00 sys=0.00, real=0.00 secs] 
1459.482: [GC (Allocation Failure) [PSYoungGen: 63037K->1472K(63488K)] 437499K->375934K(721408K), 0.0016530 secs] [Times: user=0.01 sys=0.00, real=0.00 secs] 
1459.736: [GC (Allocation Failure) [PSYoungGen: 62912K->1376K(63488K)] 437374K->375838K(721408K), 0.0016993 secs] [Times: user=0.01 sys=0.00, real=0.00 secs] 
1459.990: [GC (Allocation Failure) [PSYoungGen: 62816K->1408K(63488K)] 437278K->375870K(721408K), 0.0016077 secs] [Times: user=0.01 sys=0.00, real=0.00 secs] 
1460.246: [GC (Allocation Failure) [PSYoungGen: 62848K->1408K(63488K)] 437310K->375870K(721408K), 0.0030169 secs] [Times: user=0.01 sys=0.00, real=0.00 secs] 
1460.572: [GC (Allocation Failure) [PSYoungGen: 62828K->1485K(63488K)] 437290K->375971K(721408K), 0.0015812 secs] [Times: user=0.00 sys=0.00, real=0.00 secs] 
1460.940: [GC (Allocation Failure) [PSYoungGen: 62925K->1597K(63488K)] 437411K->376083K(721408K), 0.0016758 secs] [Times: user=0.01 sys=0.00, real=0.00 secs] 
1461.308: [GC (Allocation Failure) [PSYoungGen: 63033K->1568K(63488K)] 437519K->376062K(721408K), 0.0017036 secs] [Times: user=0.01 sys=0.00, real=0.00 secs] 
1461.675: [GC (Allocation Failure) [PSYoungGen: 63008K->1565K(63488K)] 437502K->376059K(721408K), 0.0017098 secs] [Times: user=0.01 sys=0.00, real=0.01 secs] 
1462.197: [GC (Allocation Failure) [PSYoungGen: 63005K->1472K(63488K)] 437499K->375966K(721408K), 0.0018611 secs] [Times: user=0.00 sys=0.00, real=0.00 secs] 
1462.870: [GC (Allocation Failure) [PSYoungGen: 62912K->1408K(63488K)] 437406K->375902K(721408K), 0.0020575 secs] [Times: user=0.01 sys=0.00, real=0.00 secs] 
1463.391: [GC (Allocation Failure) [PSYoungGen: 62848K->1376K(63488K)] 437342K->375870K(721408K), 0.0020212 secs] [Times: user=0.01 sys=0.00, real=0.00 secs] 
1463.646: [GC (Allocation Failure) [PSYoungGen: 62816K->1376K(63488K)] 437310K->375870K(721408K), 0.0020890 secs] [Times: user=0.01 sys=0.01, real=0.00 secs] 
1463.945: [GC (Allocation Failure) [PSYoungGen: 62816K->1392K(63488K)] 437310K->375886K(721408K), 0.0019760 secs] [Times: user=0.01 sys=0.00, real=0.01 secs] 
1464.301: [GC (Allocation Failure) [PSYoungGen: 62832K->1565K(63488K)] 437326K->376059K(721408K), 0.0016447 secs] [Times: user=0.01 sys=0.00, real=0.00 secs] 
1464.675: [GC (Allocation Failure) [PSYoungGen: 63005K->1568K(63488K)] 437499K->376062K(721408K), 0.0016558 secs] [Times: user=0.01 sys=0.00, real=0.01 secs] 
1465.050: [GC (Allocation Failure) [PSYoungGen: 63008K->1565K(63488K)] 437502K->376075K(721408K), 0.0045921 secs] [Times: user=0.02 sys=0.00, real=0.00 secs] 
1465.428: [GC (Allocation Failure) [PSYoungGen: 62987K->1597K(63488K)] 437497K->376107K(721408K), 0.0015477 secs] [Times: user=0.01 sys=0.00, real=0.00 secs] 
1466.968: [GC (Allocation Failure) [PSYoungGen: 63037K->1392K(63488K)] 437547K->375902K(721408K), 0.0034142 secs] [Times: user=0.02 sys=0.00, real=0.00 secs] 
1467.661: [GC (Allocation Failure) [PSYoungGen: 62832K->1440K(63488K)] 437342K->375950K(721408K), 0.0030822 secs] [Times: user=0.01 sys=0.00, real=0.00 secs] 
1468.187: [GC (Allocation Failure) [PSYoungGen: 62880K->1376K(63488K)] 437390K->375886K(721408K), 0.0023142 secs] [Times: user=0.00 sys=0.00, real=0.00 secs] 
1468.570: [GC (Allocation Failure) [PSYoungGen: 62816K->1392K(63488K)] 437326K->375902K(721408K), 0.0021964 secs] [Times: user=0.01 sys=0.00, real=0.00 secs] 
1469.040: [GC (Allocation Failure) [PSYoungGen: 62832K->1485K(63488K)] 437342K->375995K(721408K), 0.0017079 secs] [Times: user=0.01 sys=0.00, real=0.00 secs] 
1469.413: [GC (Allocation Failure) [PSYoungGen: 62925K->1629K(63488K)] 437435K->376139K(721408K), 0.0016976 secs] [Times: user=0.00 sys=0.00, real=0.00 secs] 
1469.785: [GC (Allocation Failure) [PSYoungGen: 63054K->1565K(63488K)] 437564K->376099K(721408K), 0.0017070 secs] [Times: user=0.01 sys=0.00, real=0.01 secs] 
1470.153: [GC (Allocation Failure) [PSYoungGen: 63005K->1597K(63488K)] 437539K->376131K(721408K), 0.0016069 secs] [Times: user=0.00 sys=0.00, real=0.00 secs] 
1470.571: [GC (Allocation Failure) [PSYoungGen: 63037K->1488K(63488K)] 437571K->376022K(721408K), 0.0017980 secs] [Times: user=0.01 sys=0.00, real=0.00 secs] 
1471.349: [GC (Allocation Failure) [PSYoungGen: 62928K->1376K(63488K)] 437462K->375910K(721408K), 0.0021392 secs] [Times: user=0.01 sys=0.00, real=0.00 secs] 
1471.863: [GC (Allocation Failure) [PSYoungGen: 62816K->1376K(63488K)] 437350K->375910K(721408K), 0.0023499 secs] [Times: user=0.01 sys=0.00, real=0.00 secs] 
1472.293: [GC (Allocation Failure) [PSYoungGen: 62816K->1376K(63488K)] 437350K->375910K(721408K), 0.0041614 secs] [Times: user=0.02 sys=0.00, real=0.01 secs] 
1472.718: [GC (Allocation Failure) [PSYoungGen: 62816K->1408K(63488K)] 437350K->375942K(721408K), 0.0024681 secs] [Times: user=0.01 sys=0.00, real=0.00 secs] 
1473.203: [GC (Allocation Failure) [PSYoungGen: 62848K->1549K(63488K)] 437382K->376083K(721408K), 0.0017101 secs] [Times: user=0.01 sys=0.00, real=0.00 secs] 
1473.574: [GC (Allocation Failure) [PSYoungGen: 62989K->1533K(63488K)] 437523K->376067K(721408K), 0.0016240 secs] [Times: user=0.00 sys=0.00, real=0.00 secs] 
1473.942: [GC (Allocation Failure) [PSYoungGen: 62958K->1629K(63488K)] 437492K->376195K(721408K), 0.0016217 secs] [Times: user=0.01 sys=0.00, real=0.00 secs] 
1474.310: [GC (Allocation Failure) [PSYoungGen: 63069K->1565K(63488K)] 437635K->376131K(721408K), 0.0016980 secs] [Times: user=0.01 sys=0.00, real=0.00 secs] 
1474.648: [GC (Allocation Failure) [PSYoungGen: 63005K->1440K(63488K)] 437571K->376006K(721408K), 0.0018437 secs] [Times: user=0.01 sys=0.00, real=0.00 secs] 
1474.958: [GC (Allocation Failure) [PSYoungGen: 62880K->1408K(63488K)] 437446K->375974K(721408K), 0.0019985 secs] [Times: user=0.01 sys=0.00, real=0.00 secs] 
1475.284: [GC (Allocation Failure) [PSYoungGen: 62848K->1376K(63488K)] 437414K->375942K(721408K), 0.0026527 secs] [Times: user=0.01 sys=0.00, real=0.01 secs] 
1475.540: [GC (Allocation Failure) [PSYoungGen: 62816K->1376K(63488K)] 437382K->375942K(721408K), 0.0018435 secs] [Times: user=0.00 sys=0.00, real=0.00 secs] 
1475.826: [GC (Allocation Failure) [PSYoungGen: 62816K->1501K(63488K)] 437382K->376067K(721408K), 0.0015510 secs] [Times: user=0.01 sys=0.00, real=0.01 secs] 
1476.197: [GC (Allocation Failure) [PSYoungGen: 62941K->1565K(63488K)] 437507K->376131K(721408K), 0.0017503 secs] [Times: user=0.01 sys=0.00, real=0.00 secs] 
1476.566: [GC (Allocation Failure) [PSYoungGen: 62986K->1565K(63488K)] 437552K->376147K(721408K), 0.0016347 secs] [Times: user=0.01 sys=0.00, real=0.01 secs] 
1476.933: [GC (Allocation Failure) [PSYoungGen: 63005K->1565K(63488K)] 437587K->376147K(721408K), 0.0015729 secs] [Times: user=0.01 sys=0.00, real=0.00 secs] 
1477.514: [GC (Allocation Failure) [PSYoungGen: 63005K->2016K(63488K)] 437587K->376606K(721408K), 0.0034564 secs] [Times: user=0.02 sys=0.00, real=0.01 secs] 
1478.444: [GC (Allocation Failure) [PSYoungGen: 63456K->1376K(63488K)] 438046K->375966K(721408K), 0.0041682 secs] [Times: user=0.02 sys=0.00, real=0.01 secs] 
1478.830: [GC (Allocation Failure) [PSYoungGen: 62816K->1408K(63488K)] 437406K->375998K(721408K), 0.0020929 secs] [Times: user=0.00 sys=0.00, real=0.00 secs] 
1479.084: [GC (Allocation Failure) [PSYoungGen: 62848K->1408K(63488K)] 437438K->375998K(721408K), 0.0020595 secs] [Times: user=0.01 sys=0.00, real=0.01 secs] 
1479.339: [GC (Allocation Failure) [PSYoungGen: 62848K->1344K(63488K)] 437438K->375934K(721408K), 0.0019081 secs] [Times: user=0.01 sys=0.00, real=0.00 secs] 
1479.690: [GC (Allocation Failure) [PSYoungGen: 62784K->1501K(63488K)] 437374K->376091K(721408K), 0.0016181 secs] [Times: user=0.01 sys=0.00, real=0.00 secs] 
1480.063: [GC (Allocation Failure) [PSYoungGen: 62941K->1597K(63488K)] 437531K->376187K(721408K), 0.0017085 secs] [Times: user=0.00 sys=0.00, real=0.00 secs] 
1480.431: [GC (Allocation Failure) [PSYoungGen: 63021K->1613K(63488K)] 437611K->376219K(721408K), 0.0016578 secs] [Times: user=0.00 sys=0.00, real=0.00 secs] 
1480.801: [GC (Allocation Failure) [PSYoungGen: 63053K->1565K(63488K)] 437659K->376171K(721408K), 0.0016864 secs] [Times: user=0.00 sys=0.00, real=0.00 secs] 
1481.932: [GC (Allocation Failure) [PSYoungGen: 63005K->1472K(63488K)] 437611K->376078K(721408K), 0.0033404 secs] [Times: user=0.01 sys=0.00, real=0.00 secs] 
1483.093: [GC (Allocation Failure) [PSYoungGen: 62912K->1376K(63488K)] 437518K->375998K(721408K), 0.0047256 secs] [Times: user=0.02 sys=0.00, real=0.01 secs] 
1483.725: [GC (Allocation Failure) [PSYoungGen: 62816K->1408K(63488K)] 437438K->376030K(721408K), 0.0026750 secs] [Times: user=0.01 sys=0.00, real=0.01 secs] 
1484.064: [GC (Allocation Failure) [PSYoungGen: 62848K->1408K(63488K)] 437470K->376030K(721408K), 0.0021701 secs] [Times: user=0.01 sys=0.00, real=0.01 secs] 
1484.423: [GC (Allocation Failure) [PSYoungGen: 62829K->1485K(63488K)] 437451K->376107K(721408K), 0.0020643 secs] [Times: user=0.01 sys=0.00, real=0.00 secs] 
1484.818: [GC (Allocation Failure) [PSYoungGen: 62925K->1565K(63488K)] 437547K->376187K(721408K), 0.0015898 secs] [Times: user=0.01 sys=0.00, real=0.00 secs] 
1485.186: [GC (Allocation Failure) [PSYoungGen: 62985K->1565K(63488K)] 437608K->376203K(721408K), 0.0016783 secs] [Times: user=0.00 sys=0.00, real=0.00 secs] 
1485.559: [GC (Allocation Failure) [PSYoungGen: 63005K->1549K(63488K)] 437643K->376187K(721408K), 0.0015200 secs] [Times: user=0.01 sys=0.00, real=0.00 secs] 
1485.975: [GC (Allocation Failure) [PSYoungGen: 62989K->1616K(63488K)] 437627K->376254K(721408K), 0.0019236 secs] [Times: user=0.01 sys=0.00, real=0.01 secs] 
1486.517: [GC (Allocation Failure) [PSYoungGen: 63056K->1376K(63488K)] 437694K->376014K(721408K), 0.0021639 secs] [Times: user=0.01 sys=0.00, real=0.00 secs] 
1487.031: [GC (Allocation Failure) [PSYoungGen: 62816K->1392K(63488K)] 437454K->376030K(721408K), 0.0019488 secs] [Times: user=0.01 sys=0.00, real=0.00 secs] 
1487.512: [GC (Allocation Failure) [PSYoungGen: 62832K->1344K(63488K)] 437470K->375982K(721408K), 0.0023684 secs] [Times: user=0.01 sys=0.00, real=0.00 secs] 
1487.812: [GC (Allocation Failure) [PSYoungGen: 62784K->1376K(63488K)] 437422K->376014K(721408K), 0.0020048 secs] [Times: user=0.01 sys=0.00, real=0.00 secs] 
1488.183: [GC (Allocation Failure) [PSYoungGen: 62816K->1533K(63488K)] 437454K->376171K(721408K), 0.0016191 secs] [Times: user=0.01 sys=0.00, real=0.00 secs] 
1488.552: [GC (Allocation Failure) [PSYoungGen: 62968K->1597K(63488K)] 437607K->376235K(721408K), 0.0016082 secs] [Times: user=0.01 sys=0.00, real=0.00 secs] 
1488.922: [GC (Allocation Failure) [PSYoungGen: 63037K->1597K(63488K)] 437675K->376243K(721408K), 0.0017092 secs] [Times: user=0.01 sys=0.00, real=0.00 secs] 
1489.291: [GC (Allocation Failure) [PSYoungGen: 63017K->1565K(63488K)] 437663K->376211K(721408K), 0.0017295 secs] [Times: user=0.01 sys=0.00, real=0.00 secs] 
1489.899: [GC (Allocation Failure) [PSYoungGen: 63005K->1440K(63488K)] 437651K->376086K(721408K), 0.0022356 secs] [Times: user=0.01 sys=0.00, real=0.00 secs] 
1490.458: [GC (Allocation Failure) [PSYoungGen: 62880K->1392K(63488K)] 437526K->376038K(721408K), 0.0040134 secs] [Times: user=0.02 sys=0.00, real=0.00 secs] 
1491.223: [GC (Allocation Failure) [PSYoungGen: 62832K->1376K(63488K)] 437478K->376022K(721408K), 0.0031506 secs] [Times: user=0.01 sys=0.00, real=0.01 secs] 
1492.567: [GC (Allocation Failure) [PSYoungGen: 62816K->1376K(63488K)] 437462K->376022K(721408K), 0.0025100 secs] [Times: user=0.01 sys=0.00, real=0.00 secs] 
1492.995: [GC (Allocation Failure) [PSYoungGen: 62816K->1408K(63488K)] 437462K->376054K(721408K), 0.0021527 secs] [Times: user=0.01 sys=0.00, real=0.01 secs] 
1493.422: [GC (Allocation Failure) [PSYoungGen: 62848K->1565K(63488K)] 437494K->376227K(721408K), 0.0016761 secs] [Times: user=0.01 sys=0.00, real=0.00 secs] 
1493.855: [GC (Allocation Failure) [PSYoungGen: 63005K->1565K(63488K)] 437667K->376243K(721408K), 0.0016785 secs] [Times: user=0.00 sys=0.00, real=0.01 secs] 
1494.236: [GC (Allocation Failure) [PSYoungGen: 62999K->1597K(63488K)] 437677K->376275K(721408K), 0.0017565 secs] [Times: user=0.00 sys=0.00, real=0.00 secs] 
1494.604: [GC (Allocation Failure) [PSYoungGen: 63037K->1565K(63488K)] 437715K->376243K(721408K), 0.0016440 secs] [Times: user=0.00 sys=0.00, real=0.00 secs] 
1494.890: [GC (Allocation Failure) [PSYoungGen: 63005K->1424K(63488K)] 437683K->376102K(721408K), 0.0018627 secs] [Times: user=0.01 sys=0.00, real=0.00 secs] 
1495.146: [GC (Allocation Failure) [PSYoungGen: 62864K->1376K(63488K)] 437542K->376054K(721408K), 0.0017970 secs] [Times: user=0.01 sys=0.00, real=0.01 secs] 
1495.401: [GC (Allocation Failure) [PSYoungGen: 62816K->1408K(63488K)] 437494K->376086K(721408K), 0.0018566 secs] [Times: user=0.01 sys=0.00, real=0.00 secs] 
1495.729: [GC (Allocation Failure) [PSYoungGen: 62848K->1408K(63488K)] 437526K->376086K(721408K), 0.0023271 secs] [Times: user=0.01 sys=0.00, real=0.00 secs] 
1496.200: [GC (Allocation Failure) [PSYoungGen: 62848K->1517K(63488K)] 437526K->376195K(721408K), 0.0015949 secs] [Times: user=0.01 sys=0.00, real=0.00 secs] 
1496.632: [GC (Allocation Failure) [PSYoungGen: 62957K->1565K(63488K)] 437635K->376243K(721408K), 0.0016002 secs] [Times: user=0.01 sys=0.00, real=0.00 secs] 
1497.060: [GC (Allocation Failure) [PSYoungGen: 63005K->1565K(63488K)] 437683K->376251K(721408K), 0.0016288 secs] [Times: user=0.00 sys=0.00, real=0.00 secs] 
1497.430: [GC (Allocation Failure) [PSYoungGen: 62989K->1629K(63488K)] 437675K->376315K(721408K), 0.0017135 secs] [Times: user=0.01 sys=0.00, real=0.00 secs] 
1497.987: [GC (Allocation Failure) [PSYoungGen: 63069K->1504K(63488K)] 437755K->376190K(721408K), 0.0031149 secs] [Times: user=0.01 sys=0.00, real=0.00 secs] 
1498.555: [GC (Allocation Failure) [PSYoungGen: 62944K->1408K(63488K)] 437630K->376094K(721408K), 0.0025894 secs] [Times: user=0.01 sys=0.00, real=0.01 secs] 
1499.111: [GC (Allocation Failure) [PSYoungGen: 62848K->1376K(63488K)] 437534K->376062K(721408K), 0.0032352 secs] [Times: user=0.02 sys=0.00, real=0.00 secs] 
1499.586: [GC (Allocation Failure) [PSYoungGen: 62816K->1408K(63488K)] 437502K->376094K(721408K), 0.0033325 secs] [Times: user=0.02 sys=0.00, real=0.01 secs] 
1500.084: [GC (Allocation Failure) [PSYoungGen: 62848K->1408K(63488K)] 437534K->376094K(721408K), 0.0027612 secs] [Times: user=0.01 sys=0.00, real=0.01 secs] 
1500.580: [GC (Allocation Failure) [PSYoungGen: 62848K->1565K(63488K)] 437534K->376251K(721408K), 0.0018131 secs] [Times: user=0.01 sys=0.00, real=0.00 secs] 
1501.012: [GC (Allocation Failure) [PSYoungGen: 63005K->1533K(63488K)] 437691K->376219K(721408K), 0.0017974 secs] [Times: user=0.01 sys=0.00, real=0.00 secs] 
1501.384: [GC (Allocation Failure) [PSYoungGen: 62973K->1517K(63488K)] 437659K->376211K(721408K), 0.0016408 secs] [Times: user=0.00 sys=0.00, real=0.00 secs] 
1501.752: [GC (Allocation Failure) [PSYoungGen: 62940K->1584K(63488K)] 437635K->376278K(721408K), 0.0016160 secs] [Times: user=0.01 sys=0.00, real=0.00 secs] 
1502.378: [GC (Allocation Failure) [PSYoungGen: 63024K->1408K(63488K)] 437718K->376102K(721408K), 0.0029815 secs] [Times: user=0.01 sys=0.00, real=0.00 secs] 
1502.679: [GC (Allocation Failure) [PSYoungGen: 62848K->1360K(63488K)] 437542K->376078K(721408K), 0.0020480 secs] [Times: user=0.01 sys=0.00, real=0.00 secs] 
1502.934: [GC (Allocation Failure) [PSYoungGen: 62800K->1360K(63488K)] 437518K->376078K(721408K), 0.0018595 secs] [Times: user=0.01 sys=0.00, real=0.01 secs] 
1503.189: [GC (Allocation Failure) [PSYoungGen: 62800K->1376K(63488K)] 437518K->376094K(721408K), 0.0019582 secs] [Times: user=0.01 sys=0.00, real=0.00 secs] 
1503.686: [GC (Allocation Failure) [PSYoungGen: 62816K->1501K(63488K)] 437534K->376219K(721408K), 0.0021498 secs] [Times: user=0.00 sys=0.00, real=0.01 secs] 
1504.089: [GC (Allocation Failure) [PSYoungGen: 62941K->1501K(63488K)] 437659K->376219K(721408K), 0.0017691 secs] [Times: user=0.01 sys=0.00, real=0.00 secs] 
1504.460: [GC (Allocation Failure) [PSYoungGen: 62923K->1533K(63488K)] 437641K->376267K(721408K), 0.0016938 secs] [Times: user=0.01 sys=0.00, real=0.00 secs] 
1504.830: [GC (Allocation Failure) [PSYoungGen: 62973K->1568K(63488K)] 437707K->376302K(721408K), 0.0017910 secs] [Times: user=0.00 sys=0.00, real=0.00 secs] 
1505.516: [GC (Allocation Failure) [PSYoungGen: 63008K->1472K(63488K)] 437742K->376206K(721408K), 0.0043181 secs] [Times: user=0.01 sys=0.00, real=0.00 secs] 
1506.053: [GC (Allocation Failure) [PSYoungGen: 62912K->1376K(63488K)] 437646K->376110K(721408K), 0.0063452 secs] [Times: user=0.03 sys=0.00, real=0.01 secs] 
1506.670: [GC (Allocation Failure) [PSYoungGen: 62816K->1408K(63488K)] 437550K->376142K(721408K), 0.0029775 secs] [Times: user=0.01 sys=0.00, real=0.00 secs] 
1506.946: [GC (Allocation Failure) [PSYoungGen: 62848K->1376K(63488K)] 437582K->376110K(721408K), 0.0020638 secs] [Times: user=0.01 sys=0.00, real=0.01 secs] 
1507.326: [GC (Allocation Failure) [PSYoungGen: 62816K->1392K(63488K)] 437550K->376126K(721408K), 0.0019854 secs] [Times: user=0.00 sys=0.00, real=0.00 secs] 
1507.792: [GC (Allocation Failure) [PSYoungGen: 62832K->1517K(63488K)] 437566K->376251K(721408K), 0.0015988 secs] [Times: user=0.00 sys=0.00, real=0.00 secs] 
1508.161: [GC (Allocation Failure) [PSYoungGen: 62957K->1501K(63488K)] 437691K->376235K(721408K), 0.0016766 secs] [Times: user=0.00 sys=0.00, real=0.00 secs] 
1508.595: [GC (Allocation Failure) [PSYoungGen: 62935K->1533K(63488K)] 437669K->376275K(721408K), 0.0016569 secs] [Times: user=0.00 sys=0.00, real=0.01 secs] 
1509.026: [GC (Allocation Failure) [PSYoungGen: 62973K->1549K(63488K)] 437715K->376291K(721408K), 0.0017826 secs] [Times: user=0.00 sys=0.00, real=0.00 secs] 
1509.653: [GC (Allocation Failure) [PSYoungGen: 62989K->1440K(63488K)] 437731K->376182K(721408K), 0.0041830 secs] [Times: user=0.02 sys=0.00, real=0.01 secs] 
1509.965: [GC (Allocation Failure) [PSYoungGen: 62880K->1376K(63488K)] 437622K->376118K(721408K), 0.0018658 secs] [Times: user=0.01 sys=0.00, real=0.01 secs] 
1510.270: [GC (Allocation Failure) [PSYoungGen: 62816K->1360K(63488K)] 437558K->376102K(721408K), 0.0019559 secs] [Times: user=0.01 sys=0.00, real=0.00 secs] 
1510.736: [GC (Allocation Failure) [PSYoungGen: 62800K->1392K(63488K)] 437542K->376134K(721408K), 0.0019089 secs] [Times: user=0.00 sys=0.00, real=0.01 secs] 
1511.210: [GC (Allocation Failure) [PSYoungGen: 62832K->1469K(63488K)] 437574K->376219K(721408K), 0.0016504 secs] [Times: user=0.01 sys=0.00, real=0.00 secs] 
1511.579: [GC (Allocation Failure) [PSYoungGen: 62909K->1597K(63488K)] 437659K->376347K(721408K), 0.0016263 secs] [Times: user=0.01 sys=0.00, real=0.00 secs] 
1511.948: [GC (Allocation Failure) [PSYoungGen: 63033K->1581K(63488K)] 437784K->376355K(721408K), 0.0016082 secs] [Times: user=0.01 sys=0.00, real=0.00 secs] 
1512.377: [GC (Allocation Failure) [PSYoungGen: 63021K->1565K(63488K)] 437795K->376339K(721408K), 0.0016276 secs] [Times: user=0.01 sys=0.00, real=0.00 secs] 
1512.839: [GC (Allocation Failure) [PSYoungGen: 63005K->1472K(63488K)] 437779K->376246K(721408K), 0.0023904 secs] [Times: user=0.01 sys=0.00, real=0.00 secs] 
1513.479: [GC (Allocation Failure) [PSYoungGen: 62912K->1344K(63488K)] 437686K->376118K(721408K), 0.0041878 secs] [Times: user=0.02 sys=0.00, real=0.00 secs] 
1513.998: [GC (Allocation Failure) [PSYoungGen: 62784K->1376K(63488K)] 437558K->376150K(721408K), 0.0029366 secs] [Times: user=0.01 sys=0.00, real=0.00 secs] 
1514.500: [GC (Allocation Failure) [PSYoungGen: 62816K->1408K(63488K)] 437590K->376182K(721408K), 0.0022574 secs] [Times: user=0.01 sys=0.00, real=0.00 secs] 
1515.182: [GC (Allocation Failure) [PSYoungGen: 62848K->1376K(63488K)] 437622K->376150K(721408K), 0.0025230 secs] [Times: user=0.01 sys=0.00, real=0.00 secs] 
1515.715: [GC (Allocation Failure) [PSYoungGen: 62816K->1501K(63488K)] 437590K->376275K(721408K), 0.0016701 secs] [Times: user=0.01 sys=0.00, real=0.01 secs] 
1516.084: [GC (Allocation Failure) [PSYoungGen: 62941K->1565K(63488K)] 437715K->376339K(721408K), 0.0017053 secs] [Times: user=0.01 sys=0.00, real=0.00 secs] 
1516.465: [GC (Allocation Failure) [PSYoungGen: 62998K->1581K(63488K)] 437773K->376371K(721408K), 0.0016656 secs] [Times: user=0.00 sys=0.00, real=0.01 secs] 
1516.833: [GC (Allocation Failure) [PSYoungGen: 63021K->1549K(63488K)] 437811K->376339K(721408K), 0.0016166 secs] [Times: user=0.01 sys=0.00, real=0.00 secs] 
1517.251: [GC (Allocation Failure) [PSYoungGen: 62989K->1408K(63488K)] 437779K->376198K(721408K), 0.0019520 secs] [Times: user=0.00 sys=0.00, real=0.00 secs] 
1517.649: [GC (Allocation Failure) [PSYoungGen: 62848K->1392K(63488K)] 437638K->376182K(721408K), 0.0028855 secs] [Times: user=0.02 sys=0.00, real=0.00 secs] 
1518.233: [GC (Allocation Failure) [PSYoungGen: 62832K->1376K(63488K)] 437622K->376198K(721408K), 0.0034825 secs] [Times: user=0.01 sys=0.00, real=0.01 secs] 
1519.042: [GC (Allocation Failure) [PSYoungGen: 62816K->1376K(63488K)] 437638K->376198K(721408K), 0.0029476 secs] [Times: user=0.01 sys=0.00, real=0.00 secs] 
1519.974: [GC (Allocation Failure) [PSYoungGen: 62816K->1472K(63488K)] 437638K->376294K(721408K), 0.0019777 secs] [Times: user=0.01 sys=0.00, real=0.01 secs] 
1520.366: [GC (Allocation Failure) [PSYoungGen: 62912K->1565K(63488K)] 437734K->376387K(721408K), 0.0016220 secs] [Times: user=0.01 sys=0.00, real=0.01 secs] 
1520.734: [GC (Allocation Failure) [PSYoungGen: 62992K->1613K(63488K)] 437815K->376443K(721408K), 0.0017024 secs] [Times: user=0.01 sys=0.00, real=0.01 secs] 
1521.103: [GC (Allocation Failure) [PSYoungGen: 63053K->1613K(63488K)] 437883K->376443K(721408K), 0.0015639 secs] [Times: user=0.00 sys=0.00, real=0.00 secs] 
1521.571: [GC (Allocation Failure) [PSYoungGen: 63053K->1472K(63488K)] 437883K->376302K(721408K), 0.0019119 secs] [Times: user=0.01 sys=0.00, real=0.00 secs] 
1522.169: [GC (Allocation Failure) [PSYoungGen: 62912K->1408K(63488K)] 437742K->376238K(721408K), 0.0018002 secs] [Times: user=0.00 sys=0.00, real=0.00 secs] 
1522.454: [GC (Allocation Failure) [PSYoungGen: 62848K->1360K(63488K)] 437678K->376190K(721408K), 0.0018080 secs] [Times: user=0.01 sys=0.00, real=0.00 secs] 
1522.755: [GC (Allocation Failure) [PSYoungGen: 62800K->1408K(63488K)] 437630K->376254K(721408K), 0.0018939 secs] [Times: user=0.00 sys=0.00, real=0.01 secs] 
1523.037: [GC (Allocation Failure) [PSYoungGen: 62848K->1360K(63488K)] 437694K->376206K(721408K), 0.0019124 secs] [Times: user=0.01 sys=0.00, real=0.00 secs] 
1523.420: [GC (Allocation Failure) [PSYoungGen: 62800K->1565K(63488K)] 437646K->376411K(721408K), 0.0016091 secs] [Times: user=0.01 sys=0.00, real=0.00 secs] 
1523.789: [GC (Allocation Failure) [PSYoungGen: 62988K->1568K(63488K)] 437834K->376414K(721408K), 0.0016023 secs] [Times: user=0.01 sys=0.00, real=0.00 secs] 
1524.216: [GC (Allocation Failure) [PSYoungGen: 62986K->1597K(63488K)] 437832K->376459K(721408K), 0.0017064 secs] [Times: user=0.01 sys=0.00, real=0.01 secs] 
1524.584: [GC (Allocation Failure) [PSYoungGen: 63037K->1533K(63488K)] 437899K->376395K(721408K), 0.0016237 secs] [Times: user=0.01 sys=0.00, real=0.00 secs] 
1525.676: [GC (Allocation Failure) [PSYoungGen: 62973K->1376K(63488K)] 437835K->376238K(721408K), 0.0048245 secs] [Times: user=0.02 sys=0.00, real=0.01 secs] 
1526.374: [GC (Allocation Failure) [PSYoungGen: 62816K->1408K(63488K)] 437678K->376270K(721408K), 0.0034202 secs] [Times: user=0.01 sys=0.00, real=0.01 secs] 
1526.890: [GC (Allocation Failure) [PSYoungGen: 62848K->1376K(63488K)] 437710K->376238K(721408K), 0.0027845 secs] [Times: user=0.02 sys=0.00, real=0.00 secs] 
1527.431: [GC (Allocation Failure) [PSYoungGen: 62816K->1376K(63488K)] 437678K->376238K(721408K), 0.0023067 secs] [Times: user=0.01 sys=0.00, real=0.00 secs] 
1527.988: [GC (Allocation Failure) [PSYoungGen: 62816K->1501K(63488K)] 437678K->376363K(721408K), 0.0021823 secs] [Times: user=0.01 sys=0.00, real=0.00 secs] 
1528.400: [GC (Allocation Failure) [PSYoungGen: 62941K->1533K(63488K)] 437803K->376395K(721408K), 0.0016966 secs] [Times: user=0.00 sys=0.00, real=0.00 secs] 
1528.770: [GC (Allocation Failure) [PSYoungGen: 62957K->1597K(63488K)] 437820K->376467K(721408K), 0.0016792 secs] [Times: user=0.01 sys=0.00, real=0.00 secs] 
1529.138: [GC (Allocation Failure) [PSYoungGen: 63037K->1629K(63488K)] 437907K->376499K(721408K), 0.0017465 secs] [Times: user=0.01 sys=0.00, real=0.00 secs] 
1529.542: [GC (Allocation Failure) [PSYoungGen: 63069K->1472K(63488K)] 437939K->376342K(721408K), 0.0021190 secs] [Times: user=0.00 sys=0.00, real=0.00 secs] 
1529.797: [GC (Allocation Failure) [PSYoungGen: 62912K->1376K(63488K)] 437782K->376246K(721408K), 0.0020039 secs] [Times: user=0.00 sys=0.00, real=0.00 secs] 
1530.052: [GC (Allocation Failure) [PSYoungGen: 62816K->1408K(63488K)] 437686K->376278K(721408K), 0.0019619 secs] [Times: user=0.01 sys=0.00, real=0.00 secs] 
1530.373: [GC (Allocation Failure) [PSYoungGen: 62848K->1392K(63488K)] 437718K->376262K(721408K), 0.0021184 secs] [Times: user=0.01 sys=0.00, real=0.00 secs] 
1530.859: [GC (Allocation Failure) [PSYoungGen: 62832K->1376K(63488K)] 437702K->376246K(721408K), 0.0020949 secs] [Times: user=0.00 sys=0.00, real=0.00 secs] 
1531.363: [GC (Allocation Failure) [PSYoungGen: 62816K->1533K(63488K)] 437686K->376403K(721408K), 0.0015620 secs] [Times: user=0.01 sys=0.00, real=0.00 secs] 
1531.732: [GC (Allocation Failure) [PSYoungGen: 62953K->1517K(63488K)] 437823K->376387K(721408K), 0.0017576 secs] [Times: user=0.01 sys=0.00, real=0.00 secs] 
1532.100: [GC (Allocation Failure) [PSYoungGen: 62957K->1581K(63488K)] 437827K->376467K(721408K), 0.0016057 secs] [Times: user=0.01 sys=0.00, real=0.00 secs] 
1532.468: [GC (Allocation Failure) [PSYoungGen: 63008K->1533K(63488K)] 437894K->376419K(721408K), 0.0016657 secs] [Times: user=0.01 sys=0.00, real=0.00 secs] 
1532.788: [GC (Allocation Failure) [PSYoungGen: 62973K->1472K(63488K)] 437859K->376358K(721408K), 0.0018601 secs] [Times: user=0.00 sys=0.00, real=0.00 secs] 
1533.166: [GC (Allocation Failure) [PSYoungGen: 62912K->1360K(63488K)] 437798K->376246K(721408K), 0.0020062 secs] [Times: user=0.01 sys=0.00, real=0.01 secs] 
1533.670: [GC (Allocation Failure) [PSYoungGen: 62800K->1344K(63488K)] 437686K->376230K(721408K), 0.0022020 secs] [Times: user=0.00 sys=0.00, real=0.00 secs] 
1534.166: [GC (Allocation Failure) [PSYoungGen: 62784K->1392K(63488K)] 437670K->376278K(721408K), 0.0020952 secs] [Times: user=0.00 sys=0.00, real=0.01 secs] 
1534.673: [GC (Allocation Failure) [PSYoungGen: 62832K->1501K(63488K)] 437718K->376387K(721408K), 0.0018604 secs] [Times: user=0.01 sys=0.00, real=0.00 secs] 
1535.070: [GC (Allocation Failure) [PSYoungGen: 62941K->1632K(63488K)] 437827K->376518K(721408K), 0.0016327 secs] [Times: user=0.01 sys=0.00, real=0.00 secs] 
1535.442: [GC (Allocation Failure) [PSYoungGen: 63072K->1536K(63488K)] 437958K->376430K(721408K), 0.0015928 secs] [Times: user=0.01 sys=0.00, real=0.00 secs] 
1535.876: [GC (Allocation Failure) [PSYoungGen: 62976K->1565K(63488K)] 437870K->376459K(721408K), 0.0016340 secs] [Times: user=0.00 sys=0.00, real=0.00 secs] 
1536.308: [GC (Allocation Failure) [PSYoungGen: 63005K->2032K(63488K)] 437899K->377446K(721408K), 0.0017977 secs] [Times: user=0.01 sys=0.00, real=0.00 secs] 
1536.564: [GC (Allocation Failure) [PSYoungGen: 63472K->1344K(64000K)] 438886K->376758K(721920K), 0.0020376 secs] [Times: user=0.00 sys=0.00, real=0.00 secs] 
1536.856: [GC (Allocation Failure) [PSYoungGen: 62784K->1376K(64000K)] 438198K->376790K(721920K), 0.0019292 secs] [Times: user=0.01 sys=0.00, real=0.01 secs] 
1537.261: [GC (Allocation Failure) [PSYoungGen: 62816K->1376K(62976K)] 438230K->376790K(720896K), 0.0021402 secs] [Times: user=0.01 sys=0.00, real=0.00 secs] 
1537.771: [GC (Allocation Failure) [PSYoungGen: 62816K->1376K(63488K)] 438230K->376790K(721408K), 0.0020130 secs] [Times: user=0.00 sys=0.00, real=0.00 secs] 
1538.348: [GC (Allocation Failure) [PSYoungGen: 62816K->1533K(63488K)] 438230K->376947K(721408K), 0.0015958 secs] [Times: user=0.00 sys=0.00, real=0.00 secs] 
1538.718: [GC (Allocation Failure) [PSYoungGen: 62973K->1597K(63488K)] 438387K->377011K(721408K), 0.0017213 secs] [Times: user=0.01 sys=0.00, real=0.00 secs] 
1539.089: [GC (Allocation Failure) [PSYoungGen: 63037K->1565K(63488K)] 438451K->376995K(721408K), 0.0016963 secs] [Times: user=0.00 sys=0.01, real=0.00 secs] 
1539.461: [GC (Allocation Failure) [PSYoungGen: 63005K->1597K(63488K)] 438435K->377027K(721408K), 0.0015826 secs] [Times: user=0.00 sys=0.00, real=0.00 secs] 
1539.978: [GC (Allocation Failure) [PSYoungGen: 63037K->1376K(63488K)] 438467K->376806K(721408K), 0.0021879 secs] [Times: user=0.01 sys=0.00, real=0.00 secs] 
1540.234: [GC (Allocation Failure) [PSYoungGen: 62816K->1408K(63488K)] 438246K->376838K(721408K), 0.0020309 secs] [Times: user=0.01 sys=0.00, real=0.00 secs] 
1540.489: [GC (Allocation Failure) [PSYoungGen: 62848K->1344K(63488K)] 438278K->376774K(721408K), 0.0019738 secs] [Times: user=0.01 sys=0.00, real=0.00 secs] 
1540.744: [GC (Allocation Failure) [PSYoungGen: 62784K->1408K(63488K)] 438214K->376838K(721408K), 0.0020452 secs] [Times: user=0.01 sys=0.00, real=0.01 secs] 
1541.040: [GC (Allocation Failure) [PSYoungGen: 62848K->1472K(63488K)] 438278K->376902K(721408K), 0.0019595 secs] [Times: user=0.01 sys=0.00, real=0.00 secs] 
1541.424: [GC (Allocation Failure) [PSYoungGen: 62912K->1549K(63488K)] 438342K->377003K(721408K), 0.0016637 secs] [Times: user=0.01 sys=0.00, real=0.00 secs] 
1541.795: [GC (Allocation Failure) [PSYoungGen: 62989K->1581K(63488K)] 438443K->377043K(721408K), 0.0016010 secs] [Times: user=0.01 sys=0.00, real=0.01 secs] 
1542.166: [GC (Allocation Failure) [PSYoungGen: 63021K->1565K(63488K)] 438483K->377027K(721408K), 0.0015815 secs] [Times: user=0.01 sys=0.00, real=0.00 secs] 
1542.702: [GC (Allocation Failure) [PSYoungGen: 63005K->2016K(62976K)] 438467K->377998K(720896K), 0.0025212 secs] [Times: user=0.01 sys=0.00, real=0.00 secs] 
1543.237: [GC (Allocation Failure) [PSYoungGen: 62944K->1408K(63488K)] 438926K->377390K(721408K), 0.0026477 secs] [Times: user=0.01 sys=0.00, real=0.00 secs] 
1543.700: [GC (Allocation Failure) [PSYoungGen: 62336K->1376K(63488K)] 438318K->377358K(721408K), 0.0027181 secs] [Times: user=0.01 sys=0.00, real=0.00 secs] 
1544.170: [GC (Allocation Failure) [PSYoungGen: 62304K->1376K(63488K)] 438286K->377358K(721408K), 0.0026280 secs] [Times: user=0.02 sys=0.00, real=0.00 secs] 
1544.905: [GC (Allocation Failure) [PSYoungGen: 62304K->1392K(63488K)] 438286K->377374K(721408K), 0.0043362 secs] [Times: user=0.01 sys=0.00, real=0.01 secs] 
1545.686: [GC (Allocation Failure) [PSYoungGen: 62293K->1469K(62464K)] 438275K->377451K(720384K), 0.0017125 secs] [Times: user=0.01 sys=0.00, real=0.00 secs] 
1546.050: [GC (Allocation Failure) [PSYoungGen: 62397K->1584K(62976K)] 438379K->377566K(720896K), 0.0015977 secs] [Times: user=0.01 sys=0.00, real=0.00 secs] 
1546.472: [GC (Allocation Failure) [PSYoungGen: 62485K->1597K(62976K)] 438467K->377587K(720896K), 0.0016559 secs] [Times: user=0.01 sys=0.00, real=0.00 secs] 
1546.836: [GC (Allocation Failure) [PSYoungGen: 62525K->1565K(62976K)] 438515K->377555K(720896K), 0.0016240 secs] [Times: user=0.01 sys=0.00, real=0.01 secs] 
1547.212: [GC (Allocation Failure) [PSYoungGen: 62493K->1472K(62976K)] 438483K->377462K(720896K), 0.0024049 secs] [Times: user=0.00 sys=0.01, real=0.00 secs] 
1547.466: [GC (Allocation Failure) [PSYoungGen: 62400K->1408K(62976K)] 438390K->377398K(720896K), 0.0018620 secs] [Times: user=0.00 sys=0.00, real=0.00 secs] 
1547.719: [GC (Allocation Failure) [PSYoungGen: 62336K->1392K(62976K)] 438326K->377382K(720896K), 0.0019939 secs] [Times: user=0.01 sys=0.01, real=0.00 secs] 
1547.972: [GC (Allocation Failure) [PSYoungGen: 62320K->1344K(62976K)] 438310K->377334K(720896K), 0.0019734 secs] [Times: user=0.01 sys=0.00, real=0.00 secs] 
1548.228: [GC (Allocation Failure) [PSYoungGen: 62272K->1424K(62976K)] 438262K->377414K(720896K), 0.0019502 secs] [Times: user=0.01 sys=0.00, real=0.00 secs] 
1548.619: [GC (Allocation Failure) [PSYoungGen: 62352K->1533K(62976K)] 438342K->377523K(720896K), 0.0015991 secs] [Times: user=0.00 sys=0.00, real=0.00 secs] 
1548.984: [GC (Allocation Failure) [PSYoungGen: 62461K->1597K(62976K)] 438451K->377603K(720896K), 0.0017457 secs] [Times: user=0.00 sys=0.00, real=0.00 secs] 
1549.349: [GC (Allocation Failure) [PSYoungGen: 62525K->1581K(62976K)] 438531K->377587K(720896K), 0.0017307 secs] [Times: user=0.01 sys=0.00, real=0.00 secs] 
1549.714: [GC (Allocation Failure) [PSYoungGen: 62509K->1597K(62976K)] 438515K->377603K(720896K), 0.0016423 secs] [Times: user=0.01 sys=0.00, real=0.00 secs] 
1550.026: [GC (Allocation Failure) [PSYoungGen: 62525K->1440K(62976K)] 438531K->377446K(720896K), 0.0017030 secs] [Times: user=0.00 sys=0.00, real=0.00 secs] 
1550.279: [GC (Allocation Failure) [PSYoungGen: 62368K->1408K(62976K)] 438374K->377414K(720896K), 0.0018960 secs] [Times: user=0.01 sys=0.00, real=0.00 secs] 
1550.533: [GC (Allocation Failure) [PSYoungGen: 62336K->1408K(62976K)] 438342K->377438K(720896K), 0.0018189 secs] [Times: user=0.01 sys=0.00, real=0.00 secs] 
1550.786: [GC (Allocation Failure) [PSYoungGen: 62336K->1440K(62976K)] 438366K->377470K(720896K), 0.0017874 secs] [Times: user=0.01 sys=0.00, real=0.01 secs] 
1551.084: [GC (Allocation Failure) [PSYoungGen: 62348K->1469K(62976K)] 438378K->377499K(720896K), 0.0016164 secs] [Times: user=0.01 sys=0.00, real=0.00 secs] 
1551.447: [GC (Allocation Failure) [PSYoungGen: 62397K->1597K(62976K)] 438427K->377627K(720896K), 0.0017896 secs] [Times: user=0.00 sys=0.00, real=0.00 secs] 
1551.811: [GC (Allocation Failure) [PSYoungGen: 62513K->1536K(62976K)] 438543K->377582K(720896K), 0.0016374 secs] [Times: user=0.00 sys=0.00, real=0.00 secs] 
1552.233: [GC (Allocation Failure) [PSYoungGen: 62464K->1565K(62976K)] 438510K->377611K(720896K), 0.0017025 secs] [Times: user=0.00 sys=0.00, real=0.00 secs] 
1552.638: [GC (Allocation Failure) [PSYoungGen: 62493K->1504K(62976K)] 438539K->377550K(720896K), 0.0022390 secs] [Times: user=0.01 sys=0.00, real=0.00 secs] 
1553.087: [GC (Allocation Failure) [PSYoungGen: 62432K->1392K(62976K)] 438478K->377438K(720896K), 0.0022665 secs] [Times: user=0.01 sys=0.01, real=0.00 secs] 
1553.535: [GC (Allocation Failure) [PSYoungGen: 62320K->1408K(62976K)] 438366K->377454K(720896K), 0.0022192 secs] [Times: user=0.01 sys=0.00, real=0.01 secs] 
1553.976: [GC (Allocation Failure) [PSYoungGen: 62336K->1408K(62976K)] 438382K->377454K(720896K), 0.0023402 secs] [Times: user=0.01 sys=0.00, real=0.01 secs] 
1554.324: [GC (Allocation Failure) [PSYoungGen: 62336K->1408K(62976K)] 438382K->377454K(720896K), 0.0021697 secs] [Times: user=0.01 sys=0.00, real=0.01 secs] 
1554.757: [GC (Allocation Failure) [PSYoungGen: 62336K->1517K(62976K)] 438382K->377563K(720896K), 0.0016112 secs] [Times: user=0.01 sys=0.00, real=0.00 secs] 
1555.123: [GC (Allocation Failure) [PSYoungGen: 62445K->1565K(62976K)] 438491K->377611K(720896K), 0.0018056 secs] [Times: user=0.01 sys=0.00, real=0.00 secs] 
1555.486: [GC (Allocation Failure) [PSYoungGen: 62493K->1597K(62976K)] 438539K->377659K(720896K), 0.0015884 secs] [Times: user=0.01 sys=0.00, real=0.01 secs] 
1555.854: [GC (Allocation Failure) [PSYoungGen: 62525K->1581K(62976K)] 438587K->377643K(720896K), 0.0016447 secs] [Times: user=0.00 sys=0.00, real=0.01 secs] 
1556.214: [GC (Allocation Failure) [PSYoungGen: 62509K->1440K(62976K)] 438571K->377502K(720896K), 0.0019972 secs] [Times: user=0.01 sys=0.00, real=0.01 secs] 
1556.472: [GC (Allocation Failure) [PSYoungGen: 62368K->1376K(62976K)] 438430K->377438K(720896K), 0.0018899 secs] [Times: user=0.01 sys=0.00, real=0.00 secs] 
1556.740: [GC (Allocation Failure) [PSYoungGen: 62304K->1376K(62976K)] 438366K->377438K(720896K), 0.0019355 secs] [Times: user=0.01 sys=0.00, real=0.00 secs] 
1557.028: [GC (Allocation Failure) [PSYoungGen: 62304K->1376K(62976K)] 438366K->377438K(720896K), 0.0022469 secs] [Times: user=0.01 sys=0.00, real=0.00 secs] 
1557.328: [GC (Allocation Failure) [PSYoungGen: 62291K->1424K(62976K)] 438354K->377486K(720896K), 0.0020170 secs] [Times: user=0.00 sys=0.00, real=0.00 secs] 
1557.821: [GC (Allocation Failure) [PSYoungGen: 62352K->1533K(62976K)] 438414K->377595K(720896K), 0.0016603 secs] [Times: user=0.01 sys=0.00, real=0.00 secs] 
1558.185: [GC (Allocation Failure) [PSYoungGen: 62461K->1629K(62976K)] 438523K->377699K(720896K), 0.0015642 secs] [Times: user=0.01 sys=0.00, real=0.01 secs] 
1558.608: [GC (Allocation Failure) [PSYoungGen: 62557K->1552K(62976K)] 438627K->377622K(720896K), 0.0017634 secs] [Times: user=0.00 sys=0.00, real=0.00 secs] 
1558.968: [GC (Allocation Failure) [PSYoungGen: 62322K->288K(62976K)] 438393K->376358K(720896K), 0.0016752 secs] [Times: user=0.00 sys=0.00, real=0.00 secs] 
1559.264: [GC (Allocation Failure) [PSYoungGen: 61216K->1376K(62976K)] 437286K->377446K(720896K), 0.0025260 secs] [Times: user=0.01 sys=0.00, real=0.01 secs] 
1559.512: [GC (Allocation Failure) [PSYoungGen: 62304K->1376K(62976K)] 438374K->377446K(720896K), 0.0020808 secs] [Times: user=0.01 sys=0.00, real=0.00 secs] 
1559.765: [GC (Allocation Failure) [PSYoungGen: 62304K->1392K(62976K)] 438374K->377462K(720896K), 0.0021453 secs] [Times: user=0.01 sys=0.00, real=0.01 secs] 
1560.018: [GC (Allocation Failure) [PSYoungGen: 62320K->1376K(62976K)] 438390K->377446K(720896K), 0.0019547 secs] [Times: user=0.01 sys=0.00, real=0.00 secs] 
1560.347: [GC (Allocation Failure) [PSYoungGen: 62304K->1504K(62976K)] 438374K->377574K(720896K), 0.0016364 secs] [Times: user=0.01 sys=0.00, real=0.00 secs] 
1560.710: [GC (Allocation Failure) [PSYoungGen: 62432K->1565K(62976K)] 438502K->377659K(720896K), 0.0016571 secs] [Times: user=0.00 sys=0.00, real=0.00 secs] 
1561.074: [GC (Allocation Failure) [PSYoungGen: 62493K->1565K(62976K)] 438587K->377667K(720896K), 0.0015938 secs] [Times: user=0.01 sys=0.00, real=0.00 secs] 
1561.439: [GC (Allocation Failure) [PSYoungGen: 62493K->1549K(62976K)] 438595K->377651K(720896K), 0.0016133 secs] [Times: user=0.01 sys=0.00, real=0.00 secs] 
1561.850: [GC (Allocation Failure) [PSYoungGen: 62477K->1472K(62976K)] 438579K->377574K(720896K), 0.0020747 secs] [Times: user=0.01 sys=0.00, real=0.00 secs] 
1562.126: [GC (Allocation Failure) [PSYoungGen: 62400K->1360K(62976K)] 438502K->377462K(720896K), 0.0020545 secs] [Times: user=0.01 sys=0.01, real=0.01 secs] 
1562.401: [GC (Allocation Failure) [PSYoungGen: 62288K->1408K(62976K)] 438390K->377510K(720896K), 0.0020266 secs] [Times: user=0.01 sys=0.00, real=0.00 secs] 
1562.655: [GC (Allocation Failure) [PSYoungGen: 62336K->1344K(62976K)] 438438K->377446K(720896K), 0.0021432 secs] [Times: user=0.01 sys=0.00, real=0.01 secs] 
1562.935: [GC (Allocation Failure) [PSYoungGen: 62272K->1344K(62976K)] 438374K->377446K(720896K), 0.0020222 secs] [Times: user=0.01 sys=0.00, real=0.01 secs] 
1563.296: [GC (Allocation Failure) [PSYoungGen: 62272K->1565K(62976K)] 438374K->377667K(720896K), 0.0015961 secs] [Times: user=0.01 sys=0.00, real=0.01 secs] 
1563.662: [GC (Allocation Failure) [PSYoungGen: 62493K->1565K(62976K)] 438595K->377675K(720896K), 0.0015947 secs] [Times: user=0.01 sys=0.00, real=0.00 secs] 
1564.025: [GC (Allocation Failure) [PSYoungGen: 62493K->1565K(62976K)] 438603K->377683K(720896K), 0.0017397 secs] [Times: user=0.01 sys=0.00, real=0.01 secs] 
1564.388: [GC (Allocation Failure) [PSYoungGen: 62493K->1533K(62976K)] 438611K->377651K(720896K), 0.0016183 secs] [Times: user=0.00 sys=0.00, real=0.00 secs] 
1564.748: [GC (Allocation Failure) [PSYoungGen: 62461K->1408K(62976K)] 438579K->377526K(720896K), 0.0020146 secs] [Times: user=0.00 sys=0.00, real=0.00 secs] 
1565.039: [GC (Allocation Failure) [PSYoungGen: 62336K->1344K(62976K)] 438454K->377462K(720896K), 0.0019712 secs] [Times: user=0.00 sys=0.00, real=0.00 secs] 
1565.292: [GC (Allocation Failure) [PSYoungGen: 62272K->1344K(62976K)] 438390K->377462K(720896K), 0.0022156 secs] [Times: user=0.01 sys=0.00, real=0.00 secs] 
1565.545: [GC (Allocation Failure) [PSYoungGen: 62272K->1408K(62976K)] 438390K->377526K(720896K), 0.0019909 secs] [Times: user=0.01 sys=0.00, real=0.01 secs] 
1566.202: [GC (Allocation Failure) [PSYoungGen: 62336K->1472K(62976K)] 438454K->377590K(720896K), 0.0019628 secs] [Times: user=0.01 sys=0.00, real=0.00 secs] 
1566.646: [GC (Allocation Failure) [PSYoungGen: 62400K->1565K(62976K)] 438518K->377683K(720896K), 0.0016249 secs] [Times: user=0.00 sys=0.00, real=0.00 secs] 
1567.073: [GC (Allocation Failure) [PSYoungGen: 62493K->1565K(62976K)] 438611K->377707K(720896K), 0.0018003 secs] [Times: user=0.00 sys=0.00, real=0.00 secs] 
1567.497: [GC (Allocation Failure) [PSYoungGen: 62493K->1536K(62976K)] 438635K->377678K(720896K), 0.0016378 secs] [Times: user=0.00 sys=0.00, real=0.00 secs] 
1567.986: [GC (Allocation Failure) [PSYoungGen: 62464K->2000K(62976K)] 438606K->378142K(720896K), 0.0020192 secs] [Times: user=0.01 sys=0.00, real=0.01 secs] 
1568.917: [GC (Allocation Failure) [PSYoungGen: 62928K->1408K(62976K)] 439070K->377550K(720896K), 0.0039872 secs] [Times: user=0.02 sys=0.00, real=0.00 secs] 
1569.910: [GC (Allocation Failure) [PSYoungGen: 62336K->1408K(62976K)] 438478K->377550K(720896K), 0.0048671 secs] [Times: user=0.02 sys=0.00, real=0.00 secs] 
1570.862: [GC (Allocation Failure) [PSYoungGen: 62336K->1408K(62976K)] 438478K->377550K(720896K), 0.0040776 secs] [Times: user=0.02 sys=0.00, real=0.00 secs] 
1571.600: [GC (Allocation Failure) [PSYoungGen: 62336K->1408K(62976K)] 438478K->377550K(720896K), 0.0044316 secs] [Times: user=0.01 sys=0.00, real=0.00 secs] 
1572.414: [GC (Allocation Failure) [PSYoungGen: 62330K->1520K(62976K)] 438472K->377670K(720896K), 0.0017502 secs] [Times: user=0.01 sys=0.00, real=0.01 secs] 
1572.848: [GC (Allocation Failure) [PSYoungGen: 62448K->1565K(62976K)] 438598K->377715K(720896K), 0.0016386 secs] [Times: user=0.00 sys=0.00, real=0.00 secs] 
1573.211: [GC (Allocation Failure) [PSYoungGen: 62470K->1597K(62976K)] 438620K->377755K(720896K), 0.0016870 secs] [Times: user=0.01 sys=0.00, real=0.00 secs] 
1573.576: [GC (Allocation Failure) [PSYoungGen: 62525K->1565K(62976K)] 438683K->377723K(720896K), 0.0016431 secs] [Times: user=0.01 sys=0.00, real=0.01 secs] 
1573.960: [GC (Allocation Failure) [PSYoungGen: 62493K->1440K(62976K)] 438651K->377598K(720896K), 0.0028993 secs] [Times: user=0.01 sys=0.00, real=0.00 secs] 
1574.546: [GC (Allocation Failure) [PSYoungGen: 62368K->1360K(62976K)] 438526K->377542K(720896K), 0.0042295 secs] [Times: user=0.02 sys=0.00, real=0.00 secs] 
1575.129: [GC (Allocation Failure) [PSYoungGen: 62288K->1408K(62976K)] 438470K->377590K(720896K), 0.0032465 secs] [Times: user=0.01 sys=0.00, real=0.00 secs] 
1575.680: [GC (Allocation Failure) [PSYoungGen: 62336K->1424K(62976K)] 438518K->377606K(720896K), 0.0031991 secs] [Times: user=0.01 sys=0.00, real=0.00 secs] 
1576.184: [GC (Allocation Failure) [PSYoungGen: 62352K->1408K(62976K)] 438534K->377590K(720896K), 0.0023802 secs] [Times: user=0.01 sys=0.00, real=0.01 secs] 
1576.609: [GC (Allocation Failure) [PSYoungGen: 62336K->1533K(62976K)] 438518K->377715K(720896K), 0.0015583 secs] [Times: user=0.01 sys=0.00, real=0.00 secs] 
1576.972: [GC (Allocation Failure) [PSYoungGen: 62461K->1629K(62976K)] 438643K->377819K(720896K), 0.0016904 secs] [Times: user=0.01 sys=0.00, real=0.00 secs] 
1577.337: [GC (Allocation Failure) [PSYoungGen: 62557K->1581K(62976K)] 438747K->377771K(720896K), 0.0016216 secs] [Times: user=0.01 sys=0.00, real=0.00 secs] 
1577.701: [GC (Allocation Failure) [PSYoungGen: 62509K->1597K(62976K)] 438699K->377795K(720896K), 0.0016050 secs] [Times: user=0.01 sys=0.00, real=0.00 secs] 
1578.518: [GC (Allocation Failure) [PSYoungGen: 62525K->1440K(62976K)] 438723K->377638K(720896K), 0.0024579 secs] [Times: user=0.01 sys=0.00, real=0.00 secs] 
1579.031: [GC (Allocation Failure) [PSYoungGen: 62368K->1376K(62976K)] 438566K->377574K(720896K), 0.0023881 secs] [Times: user=0.01 sys=0.00, real=0.00 secs] 
1579.752: [GC (Allocation Failure) [PSYoungGen: 62304K->1392K(62976K)] 438502K->377590K(720896K), 0.0041042 secs] [Times: user=0.02 sys=0.00, real=0.00 secs] 
1580.698: [GC (Allocation Failure) [PSYoungGen: 62320K->1408K(62976K)] 438518K->377606K(720896K), 0.0039219 secs] [Times: user=0.01 sys=0.00, real=0.00 secs] 
1581.382: [GC (Allocation Failure) [PSYoungGen: 62336K->1437K(62976K)] 438534K->377635K(720896K), 0.0019350 secs] [Times: user=0.01 sys=0.00, real=0.00 secs] 
1581.750: [GC (Allocation Failure) [PSYoungGen: 62354K->1581K(62976K)] 438553K->377779K(720896K), 0.0017835 secs] [Times: user=0.01 sys=0.00, real=0.00 secs] 
1582.116: [GC (Allocation Failure) [PSYoungGen: 62509K->1565K(62976K)] 438707K->377771K(720896K), 0.0017052 secs] [Times: user=0.01 sys=0.00, real=0.00 secs] 
1582.480: [GC (Allocation Failure) [PSYoungGen: 62493K->1581K(62976K)] 438699K->377787K(720896K), 0.0015711 secs] [Times: user=0.01 sys=0.00, real=0.00 secs] 
1582.921: [GC (Allocation Failure) [PSYoungGen: 62509K->1488K(62976K)] 438715K->377694K(720896K), 0.0021730 secs] [Times: user=0.00 sys=0.00, real=0.00 secs] 
1583.440: [GC (Allocation Failure) [PSYoungGen: 62416K->1360K(62976K)] 438622K->377582K(720896K), 0.0022465 secs] [Times: user=0.01 sys=0.00, real=0.00 secs] 
1583.951: [GC (Allocation Failure) [PSYoungGen: 62288K->1376K(62976K)] 438510K->377598K(720896K), 0.0033750 secs] [Times: user=0.02 sys=0.00, real=0.00 secs] 
1584.453: [GC (Allocation Failure) [PSYoungGen: 62304K->1376K(62976K)] 438526K->377598K(720896K), 0.0021545 secs] [Times: user=0.01 sys=0.00, real=0.00 secs] 
1584.798: [GC (Allocation Failure) [PSYoungGen: 62304K->1376K(62976K)] 438526K->377598K(720896K), 0.0021270 secs] [Times: user=0.01 sys=0.00, real=0.00 secs] 
1585.566: [GC (Allocation Failure) [PSYoungGen: 62300K->1533K(62976K)] 438523K->377755K(720896K), 0.0015879 secs] [Times: user=0.00 sys=0.00, real=0.01 secs] 
1585.932: [GC (Allocation Failure) [PSYoungGen: 62461K->1533K(62976K)] 438683K->377755K(720896K), 0.0017722 secs] [Times: user=0.00 sys=0.00, real=0.00 secs] 
1586.354: [GC (Allocation Failure) [PSYoungGen: 62461K->1565K(62976K)] 438683K->377811K(720896K), 0.0016595 secs] [Times: user=0.01 sys=0.00, real=0.00 secs] 
1586.783: [GC (Allocation Failure) [PSYoungGen: 62493K->1533K(62976K)] 438739K->377779K(720896K), 0.0018013 secs] [Times: user=0.01 sys=0.00, real=0.00 secs] 
1587.353: [GC (Allocation Failure) [PSYoungGen: 62461K->1456K(62976K)] 438707K->377702K(720896K), 0.0034410 secs] [Times: user=0.01 sys=0.00, real=0.01 secs] 
1587.951: [GC (Allocation Failure) [PSYoungGen: 62384K->1360K(62976K)] 438630K->377606K(720896K), 0.0039373 secs] [Times: user=0.02 sys=0.00, real=0.00 secs] 
1588.514: [GC (Allocation Failure) [PSYoungGen: 62288K->1440K(62976K)] 438534K->377686K(720896K), 0.0036111 secs] [Times: user=0.01 sys=0.00, real=0.01 secs] 
1588.936: [GC (Allocation Failure) [PSYoungGen: 62368K->1376K(62976K)] 438614K->377622K(720896K), 0.0025518 secs] [Times: user=0.01 sys=0.00, real=0.00 secs] 
1589.436: [GC (Allocation Failure) [PSYoungGen: 62304K->1501K(62976K)] 438550K->377747K(720896K), 0.0019067 secs] [Times: user=0.01 sys=0.00, real=0.00 secs] 
1589.828: [GC (Allocation Failure) [PSYoungGen: 62429K->1549K(62976K)] 438675K->377795K(720896K), 0.0017133 secs] [Times: user=0.01 sys=0.01, real=0.00 secs] 
1590.245: [GC (Allocation Failure) [PSYoungGen: 62477K->1597K(62976K)] 438723K->377859K(720896K), 0.0016173 secs] [Times: user=0.01 sys=0.00, real=0.01 secs] 
1590.617: [GC (Allocation Failure) [PSYoungGen: 62525K->1565K(62976K)] 438787K->377827K(720896K), 0.0018205 secs] [Times: user=0.01 sys=0.00, real=0.00 secs] 
1591.045: [GC (Allocation Failure) [PSYoungGen: 62289K->1776K(62976K)] 438551K->378038K(720896K), 0.0019985 secs] [Times: user=0.01 sys=0.00, real=0.01 secs] 
1591.539: [GC (Allocation Failure) [PSYoungGen: 62704K->1408K(62976K)] 438966K->377670K(720896K), 0.0040890 secs] [Times: user=0.02 sys=0.00, real=0.00 secs] 
1592.144: [GC (Allocation Failure) [PSYoungGen: 62336K->1376K(62976K)] 438598K->377638K(720896K), 0.0042500 secs] [Times: user=0.02 sys=0.00, real=0.01 secs] 
1592.628: [GC (Allocation Failure) [PSYoungGen: 62304K->1408K(62976K)] 438566K->377694K(720896K), 0.0048745 secs] [Times: user=0.01 sys=0.00, real=0.00 secs] 
1593.108: [GC (Allocation Failure) [PSYoungGen: 62336K->1376K(62976K)] 438622K->377662K(720896K), 0.0033376 secs] [Times: user=0.02 sys=0.00, real=0.00 secs] 
1593.677: [GC (Allocation Failure) [PSYoungGen: 62281K->1469K(62976K)] 438567K->377755K(720896K), 0.0017163 secs] [Times: user=0.01 sys=0.00, real=0.00 secs] 
1594.102: [GC (Allocation Failure) [PSYoungGen: 62397K->1549K(62976K)] 438683K->377835K(720896K), 0.0017247 secs] [Times: user=0.00 sys=0.00, real=0.00 secs] 
1594.525: [GC (Allocation Failure) [PSYoungGen: 62477K->1520K(62976K)] 438763K->377814K(720896K), 0.0017856 secs] [Times: user=0.01 sys=0.00, real=0.01 secs] 
1594.955: [GC (Allocation Failure) [PSYoungGen: 62448K->1533K(62976K)] 438742K->377827K(720896K), 0.0018298 secs] [Times: user=0.01 sys=0.00, real=0.01 secs] 
1596.056: [GC (Allocation Failure) [PSYoungGen: 62461K->1488K(62976K)] 438755K->377782K(720896K), 0.0031344 secs] [Times: user=0.02 sys=0.00, real=0.01 secs] 
1596.808: [GC (Allocation Failure) [PSYoungGen: 62416K->1408K(62976K)] 438710K->377702K(720896K), 0.0023565 secs] [Times: user=0.01 sys=0.00, real=0.00 secs] 
1597.387: [GC (Allocation Failure) [PSYoungGen: 62336K->1376K(62976K)] 438630K->377670K(720896K), 0.0028585 secs] [Times: user=0.01 sys=0.00, real=0.00 secs] 
1597.998: [GC (Allocation Failure) [PSYoungGen: 62304K->1376K(62976K)] 438598K->377670K(720896K), 0.0020648 secs] [Times: user=0.01 sys=0.01, real=0.00 secs] 
1598.658: [GC (Allocation Failure) [PSYoungGen: 62304K->1392K(62976K)] 438598K->377686K(720896K), 0.0042329 secs] [Times: user=0.01 sys=0.00, real=0.00 secs] 
1599.246: [GC (Allocation Failure) [PSYoungGen: 62320K->1533K(62976K)] 438614K->377827K(720896K), 0.0018554 secs] [Times: user=0.01 sys=0.00, real=0.01 secs] 
1599.610: [GC (Allocation Failure) [PSYoungGen: 62461K->1597K(62976K)] 438755K->377907K(720896K), 0.0016525 secs] [Times: user=0.00 sys=0.00, real=0.00 secs] 
1599.972: [GC (Allocation Failure) [PSYoungGen: 62510K->1565K(62976K)] 438820K->377875K(720896K), 0.0017361 secs] [Times: user=0.01 sys=0.00, real=0.00 secs] 
1600.337: [GC (Allocation Failure) [PSYoungGen: 62493K->1565K(62976K)] 438803K->377875K(720896K), 0.0016033 secs] [Times: user=0.01 sys=0.00, real=0.00 secs] 
1601.020: [GC (Allocation Failure) [PSYoungGen: 62493K->1424K(62976K)] 438803K->377734K(720896K), 0.0043299 secs] [Times: user=0.02 sys=0.00, real=0.00 secs] 
1601.769: [GC (Allocation Failure) [PSYoungGen: 62352K->1408K(62976K)] 438662K->377718K(720896K), 0.0032051 secs] [Times: user=0.02 sys=0.00, real=0.00 secs] 
1602.489: [GC (Allocation Failure) [PSYoungGen: 62336K->1408K(62976K)] 438646K->377718K(720896K), 0.0029360 secs] [Times: user=0.01 sys=0.00, real=0.00 secs] 
1603.247: [GC (Allocation Failure) [PSYoungGen: 62336K->1408K(62976K)] 438646K->377718K(720896K), 0.0028486 secs] [Times: user=0.01 sys=0.00, real=0.00 secs] 
1603.943: [GC (Allocation Failure) [PSYoungGen: 62336K->1408K(62976K)] 438646K->377718K(720896K), 0.0020653 secs] [Times: user=0.01 sys=0.00, real=0.00 secs] 
1604.410: [GC (Allocation Failure) [PSYoungGen: 62336K->1533K(62976K)] 438646K->377843K(720896K), 0.0017190 secs] [Times: user=0.01 sys=0.00, real=0.00 secs] 
1604.839: [GC (Allocation Failure) [PSYoungGen: 62461K->1584K(62976K)] 438771K->377926K(720896K), 0.0018485 secs] [Times: user=0.00 sys=0.00, real=0.00 secs] 
1605.202: [GC (Allocation Failure) [PSYoungGen: 62512K->1533K(62976K)] 438854K->377875K(720896K), 0.0018294 secs] [Times: user=0.01 sys=0.00, real=0.00 secs] 
1605.586: [GC (Allocation Failure) [PSYoungGen: 62461K->1472K(62976K)] 438803K->377814K(720896K), 0.0020343 secs] [Times: user=0.01 sys=0.00, real=0.00 secs] 
1606.099: [GC (Allocation Failure) [PSYoungGen: 62400K->1408K(62976K)] 438742K->377750K(720896K), 0.0025482 secs] [Times: user=0.01 sys=0.00, real=0.00 secs] 
1606.599: [GC (Allocation Failure) [PSYoungGen: 62336K->1344K(62976K)] 438678K->377686K(720896K), 0.0023605 secs] [Times: user=0.01 sys=0.00, real=0.00 secs] 
1607.135: [GC (Allocation Failure) [PSYoungGen: 62272K->1376K(62976K)] 438614K->377718K(720896K), 0.0023152 secs] [Times: user=0.01 sys=0.00, real=0.01 secs] 
1607.641: [GC (Allocation Failure) [PSYoungGen: 62304K->1408K(62976K)] 438646K->377750K(720896K), 0.0020180 secs] [Times: user=0.00 sys=0.00, real=0.00 secs] 
1608.009: [GC (Allocation Failure) [PSYoungGen: 62336K->1501K(62976K)] 438678K->377843K(720896K), 0.0015992 secs] [Times: user=0.01 sys=0.00, real=0.00 secs] 
1608.426: [GC (Allocation Failure) [PSYoungGen: 62429K->1565K(62976K)] 438771K->377907K(720896K), 0.0017215 secs] [Times: user=0.00 sys=0.00, real=0.01 secs] 
1608.867: [GC (Allocation Failure) [PSYoungGen: 62493K->1552K(62976K)] 438835K->377902K(720896K), 0.0016234 secs] [Times: user=0.01 sys=0.00, real=0.00 secs] 
1609.290: [GC (Allocation Failure) [PSYoungGen: 62480K->1549K(62976K)] 438830K->377899K(720896K), 0.0016404 secs] [Times: user=0.00 sys=0.00, real=0.00 secs] 
1610.140: [GC (Allocation Failure) [PSYoungGen: 62477K->1520K(62976K)] 438827K->377870K(720896K), 0.0044139 secs] [Times: user=0.02 sys=0.00, real=0.00 secs] 
1610.677: [GC (Allocation Failure) [PSYoungGen: 62448K->1392K(62976K)] 438798K->377742K(720896K), 0.0033419 secs] [Times: user=0.01 sys=0.00, real=0.00 secs] 
1611.164: [GC (Allocation Failure) [PSYoungGen: 62320K->1440K(62976K)] 438670K->377790K(720896K), 0.0028593 secs] [Times: user=0.01 sys=0.00, real=0.01 secs] 
1611.670: [GC (Allocation Failure) [PSYoungGen: 62368K->1344K(62976K)] 438718K->377694K(720896K), 0.0023885 secs] [Times: user=0.01 sys=0.00, real=0.00 secs] 
1611.986: [GC (Allocation Failure) [PSYoungGen: 62272K->1376K(62976K)] 438622K->377726K(720896K), 0.0022184 secs] [Times: user=0.01 sys=0.00, real=0.00 secs] 
1612.382: [GC (Allocation Failure) [PSYoungGen: 62304K->1597K(62976K)] 438654K->377947K(720896K), 0.0017751 secs] [Times: user=0.01 sys=0.00, real=0.00 secs] 
1612.802: [GC (Allocation Failure) [PSYoungGen: 62525K->1565K(62976K)] 438875K->377947K(720896K), 0.0017164 secs] [Times: user=0.01 sys=0.00, real=0.00 secs] 
1613.166: [GC (Allocation Failure) [PSYoungGen: 62493K->1565K(62976K)] 438875K->377947K(720896K), 0.0018356 secs] [Times: user=0.00 sys=0.00, real=0.01 secs] 
1613.530: [GC (Allocation Failure) [PSYoungGen: 62493K->1581K(62976K)] 438875K->377963K(720896K), 0.0017122 secs] [Times: user=0.01 sys=0.00, real=0.00 secs] 
1614.234: [GC (Allocation Failure) [PSYoungGen: 62509K->1376K(62976K)] 438891K->377758K(720896K), 0.0033463 secs] [Times: user=0.02 sys=0.00, real=0.01 secs] 
1614.916: [GC (Allocation Failure) [PSYoungGen: 62304K->1376K(62976K)] 438686K->377758K(720896K), 0.0027391 secs] [Times: user=0.01 sys=0.00, real=0.00 secs] 
1615.646: [GC (Allocation Failure) [PSYoungGen: 62304K->1408K(62976K)] 438686K->377790K(720896K), 0.0026886 secs] [Times: user=0.01 sys=0.00, real=0.00 secs] 
1616.160: [GC (Allocation Failure) [PSYoungGen: 62336K->1344K(62976K)] 438718K->377726K(720896K), 0.0025492 secs] [Times: user=0.01 sys=0.00, real=0.00 secs] 
1616.705: [GC (Allocation Failure) [PSYoungGen: 62272K->1533K(62976K)] 438654K->377915K(720896K), 0.0015963 secs] [Times: user=0.00 sys=0.00, real=0.01 secs] 
1617.068: [GC (Allocation Failure) [PSYoungGen: 62442K->1565K(62976K)] 438824K->377947K(720896K), 0.0016971 secs] [Times: user=0.01 sys=0.00, real=0.00 secs] 
1617.434: [GC (Allocation Failure) [PSYoungGen: 62493K->1613K(62976K)] 438875K->378003K(720896K), 0.0016204 secs] [Times: user=0.01 sys=0.00, real=0.00 secs] 
1617.798: [GC (Allocation Failure) [PSYoungGen: 62541K->1581K(62976K)] 438931K->377971K(720896K), 0.0016382 secs] [Times: user=0.01 sys=0.00, real=0.00 secs] 
1619.094: [GC (Allocation Failure) [PSYoungGen: 62509K->1520K(62976K)] 438899K->377918K(720896K), 0.0037167 secs] [Times: user=0.01 sys=0.01, real=0.01 secs] 
1619.557: [GC (Allocation Failure) [PSYoungGen: 62448K->1424K(62976K)] 438846K->377822K(720896K), 0.0021185 secs] [Times: user=0.01 sys=0.00, real=0.00 secs] 
1619.811: [GC (Allocation Failure) [PSYoungGen: 62352K->1360K(62976K)] 438750K->377758K(720896K), 0.0021262 secs] [Times: user=0.00 sys=0.00, real=0.00 secs] 
1620.064: [GC (Allocation Failure) [PSYoungGen: 62288K->1376K(62976K)] 438686K->377774K(720896K), 0.0020382 secs] [Times: user=0.01 sys=0.00, real=0.01 secs] 
1620.317: [GC (Allocation Failure) [PSYoungGen: 62304K->1376K(62976K)] 438702K->377774K(720896K), 0.0019913 secs] [Times: user=0.00 sys=0.00, real=0.00 secs] 
1620.692: [GC (Allocation Failure) [PSYoungGen: 62272K->1549K(62976K)] 438670K->377947K(720896K), 0.0016106 secs] [Times: user=0.01 sys=0.00, real=0.00 secs] 
1621.109: [GC (Allocation Failure) [PSYoungGen: 62477K->1565K(62976K)] 438875K->377963K(720896K), 0.0017440 secs] [Times: user=0.01 sys=0.00, real=0.00 secs] 
1621.473: [GC (Allocation Failure) [PSYoungGen: 62493K->1565K(62976K)] 438891K->377971K(720896K), 0.0016829 secs] [Times: user=0.00 sys=0.00, real=0.00 secs] 
1621.837: [GC (Allocation Failure) [PSYoungGen: 62493K->1597K(62976K)] 438899K->378003K(720896K), 0.0019010 secs] [Times: user=0.01 sys=0.00, real=0.00 secs] 
1622.782: [GC (Allocation Failure) [PSYoungGen: 62525K->1472K(62976K)] 438931K->377902K(720896K), 0.0034431 secs] [Times: user=0.02 sys=0.00, real=0.00 secs] 
1623.388: [GC (Allocation Failure) [PSYoungGen: 62400K->1344K(62976K)] 438830K->377774K(720896K), 0.0033024 secs] [Times: user=0.02 sys=0.00, real=0.00 secs] 
1623.923: [GC (Allocation Failure) [PSYoungGen: 62272K->1376K(62976K)] 438702K->377806K(720896K), 0.0028215 secs] [Times: user=0.01 sys=0.00, real=0.00 secs] 
1624.658: [GC (Allocation Failure) [PSYoungGen: 62304K->1344K(62976K)] 438734K->377774K(720896K), 0.0034844 secs] [Times: user=0.02 sys=0.00, real=0.00 secs] 
1625.302: [GC (Allocation Failure) [PSYoungGen: 62244K->1501K(62976K)] 438674K->377931K(720896K), 0.0023735 secs] [Times: user=0.01 sys=0.00, real=0.00 secs] 
1625.796: [GC (Allocation Failure) [PSYoungGen: 62429K->1565K(62976K)] 438859K->377995K(720896K), 0.0018246 secs] [Times: user=0.01 sys=0.00, real=0.00 secs] 
1626.161: [GC (Allocation Failure) [PSYoungGen: 62493K->1565K(62976K)] 438923K->378011K(720896K), 0.0018541 secs] [Times: user=0.01 sys=0.00, real=0.00 secs] 
1626.525: [GC (Allocation Failure) [PSYoungGen: 62493K->1533K(62976K)] 438939K->377979K(720896K), 0.0016975 secs] [Times: user=0.01 sys=0.00, real=0.01 secs] 
1626.961: [GC (Allocation Failure) [PSYoungGen: 62461K->2032K(62976K)] 438907K->378478K(720896K), 0.0020014 secs] [Times: user=0.01 sys=0.00, real=0.00 secs] 
1627.544: [GC (Allocation Failure) [PSYoungGen: 62960K->1424K(62976K)] 439406K->377870K(720896K), 0.0033262 secs] [Times: user=0.01 sys=0.00, real=0.01 secs] 
1628.017: [GC (Allocation Failure) [PSYoungGen: 62352K->1408K(62976K)] 438798K->377854K(720896K), 0.0027934 secs] [Times: user=0.01 sys=0.00, real=0.00 secs] 
1628.531: [GC (Allocation Failure) [PSYoungGen: 62336K->1360K(62976K)] 438782K->377806K(720896K), 0.0022126 secs] [Times: user=0.01 sys=0.00, real=0.00 secs] 
1629.093: [GC (Allocation Failure) [PSYoungGen: 62288K->1376K(62976K)] 438734K->377822K(720896K), 0.0036411 secs] [Times: user=0.01 sys=0.00, real=0.01 secs] 
1629.821: [GC (Allocation Failure) [PSYoungGen: 62304K->1533K(62976K)] 438750K->377979K(720896K), 0.0017058 secs] [Times: user=0.00 sys=0.00, real=0.00 secs] 
1630.183: [GC (Allocation Failure) [PSYoungGen: 62456K->1549K(62976K)] 438902K->377995K(720896K), 0.0017766 secs] [Times: user=0.01 sys=0.00, real=0.00 secs] 
1630.609: [GC (Allocation Failure) [PSYoungGen: 62469K->1549K(62976K)] 438915K->378003K(720896K), 0.0018112 secs] [Times: user=0.01 sys=0.00, real=0.00 secs] 
1631.040: [GC (Allocation Failure) [PSYoungGen: 62477K->1549K(62976K)] 438931K->378003K(720896K), 0.0016282 secs] [Times: user=0.01 sys=0.00, real=0.00 secs] 
1631.371: [GC (Allocation Failure) [PSYoungGen: 62477K->1472K(62976K)] 438931K->377926K(720896K), 0.0024045 secs] [Times: user=0.01 sys=0.00, real=0.00 secs] 
1631.625: [GC (Allocation Failure) [PSYoungGen: 62400K->1408K(62976K)] 438854K->377862K(720896K), 0.0020594 secs] [Times: user=0.01 sys=0.00, real=0.01 secs] 
1631.932: [GC (Allocation Failure) [PSYoungGen: 62336K->1392K(62976K)] 438790K->377846K(720896K), 0.0020235 secs] [Times: user=0.00 sys=0.00, real=0.00 secs] 
1632.460: [GC (Allocation Failure) [PSYoungGen: 62320K->1376K(62976K)] 438774K->377870K(720896K), 0.0021563 secs] [Times: user=0.01 sys=0.00, real=0.00 secs] 
1633.035: [GC (Allocation Failure) [PSYoungGen: 62304K->1408K(62976K)] 438798K->377902K(720896K), 0.0025202 secs] [Times: user=0.01 sys=0.01, real=0.01 secs] 
1633.521: [GC (Allocation Failure) [PSYoungGen: 62335K->1501K(62976K)] 438829K->377995K(720896K), 0.0016130 secs] [Times: user=0.01 sys=0.00, real=0.00 secs] 
1633.886: [GC (Allocation Failure) [PSYoungGen: 62429K->1533K(62976K)] 438923K->378043K(720896K), 0.0017135 secs] [Times: user=0.01 sys=0.00, real=0.01 secs] 
1634.252: [GC (Allocation Failure) [PSYoungGen: 62461K->1533K(62976K)] 438971K->378043K(720896K), 0.0017112 secs] [Times: user=0.01 sys=0.00, real=0.00 secs] 
1634.616: [GC (Allocation Failure) [PSYoungGen: 62461K->1565K(62976K)] 438971K->378075K(720896K), 0.0017081 secs] [Times: user=0.01 sys=0.00, real=0.01 secs] 
1635.042: [GC (Allocation Failure) [PSYoungGen: 62493K->1408K(62976K)] 439003K->377918K(720896K), 0.0019112 secs] [Times: user=0.01 sys=0.00, real=0.00 secs] 
1635.328: [GC (Allocation Failure) [PSYoungGen: 62336K->1392K(62976K)] 438846K->377902K(720896K), 0.0019890 secs] [Times: user=0.01 sys=0.00, real=0.00 secs] 
1635.664: [GC (Allocation Failure) [PSYoungGen: 62320K->1408K(62976K)] 438830K->377918K(720896K), 0.0021181 secs] [Times: user=0.01 sys=0.00, real=0.00 secs] 
1635.939: [GC (Allocation Failure) [PSYoungGen: 62336K->1376K(62976K)] 438846K->377886K(720896K), 0.0020082 secs] [Times: user=0.01 sys=0.00, real=0.00 secs] 
1636.266: [GC (Allocation Failure) [PSYoungGen: 62304K->1504K(62976K)] 438814K->378014K(720896K), 0.0016128 secs] [Times: user=0.00 sys=0.00, real=0.01 secs] 
1636.628: [GC (Allocation Failure) [PSYoungGen: 62432K->1581K(62976K)] 438942K->378091K(720896K), 0.0017121 secs] [Times: user=0.01 sys=0.00, real=0.00 secs] 
1636.990: [GC (Allocation Failure) [PSYoungGen: 62509K->1565K(62976K)] 439019K->378091K(720896K), 0.0016527 secs] [Times: user=0.01 sys=0.00, real=0.00 secs] 
1637.355: [GC (Allocation Failure) [PSYoungGen: 62493K->1549K(62976K)] 439019K->378075K(720896K), 0.0016750 secs] [Times: user=0.00 sys=0.00, real=0.01 secs] 
1637.828: [GC (Allocation Failure) [PSYoungGen: 62477K->1472K(62976K)] 439003K->377998K(720896K), 0.0020338 secs] [Times: user=0.01 sys=0.00, real=0.00 secs] 
1638.504: [GC (Allocation Failure) [PSYoungGen: 62400K->1344K(62976K)] 438926K->377870K(720896K), 0.0023854 secs] [Times: user=0.01 sys=0.00, real=0.00 secs] 
1639.221: [GC (Allocation Failure) [PSYoungGen: 62272K->1344K(62976K)] 438798K->377870K(720896K), 0.0042094 secs] [Times: user=0.02 sys=0.00, real=0.00 secs] 
1639.775: [GC (Allocation Failure) [PSYoungGen: 62272K->1408K(62976K)] 438798K->377934K(720896K), 0.0032903 secs] [Times: user=0.02 sys=0.00, real=0.01 secs] 
1640.313: [GC (Allocation Failure) [PSYoungGen: 62336K->1376K(62976K)] 438862K->377902K(720896K), 0.0028105 secs] [Times: user=0.01 sys=0.00, real=0.00 secs] 
1640.804: [GC (Allocation Failure) [PSYoungGen: 62304K->1517K(62976K)] 438830K->378043K(720896K), 0.0015308 secs] [Times: user=0.01 sys=0.00, real=0.00 secs] 
1641.169: [GC (Allocation Failure) [PSYoungGen: 62445K->1597K(62976K)] 438971K->378123K(720896K), 0.0016694 secs] [Times: user=0.01 sys=0.00, real=0.00 secs] 
1641.532: [GC (Allocation Failure) [PSYoungGen: 62506K->1597K(62976K)] 439032K->378131K(720896K), 0.0016935 secs] [Times: user=0.01 sys=0.00, real=0.00 secs] 
1641.897: [GC (Allocation Failure) [PSYoungGen: 62525K->1565K(62976K)] 439059K->378099K(720896K), 0.0016185 secs] [Times: user=0.01 sys=0.00, real=0.00 secs] 
1642.263: [GC (Allocation Failure) [PSYoungGen: 62493K->1408K(62976K)] 439027K->377958K(720896K), 0.0020867 secs] [Times: user=0.01 sys=0.00, real=0.00 secs] 
1642.732: [GC (Allocation Failure) [PSYoungGen: 62336K->1344K(62976K)] 438886K->377894K(720896K), 0.0019687 secs] [Times: user=0.01 sys=0.00, real=0.00 secs] 
1643.226: [GC (Allocation Failure) [PSYoungGen: 62272K->1344K(62976K)] 438822K->377902K(720896K), 0.0021535 secs] [Times: user=0.01 sys=0.00, real=0.00 secs] 
1643.721: [GC (Allocation Failure) [PSYoungGen: 62272K->1408K(62976K)] 438830K->377966K(720896K), 0.0020066 secs] [Times: user=0.00 sys=0.00, real=0.00 secs] 
1644.285: [GC (Allocation Failure) [PSYoungGen: 62336K->288K(62976K)] 438894K->376846K(720896K), 0.0017822 secs] [Times: user=0.00 sys=0.00, real=0.01 secs] 
1644.675: [GC (Allocation Failure) [PSYoungGen: 61186K->1533K(62976K)] 437744K->378091K(720896K), 0.0017751 secs] [Times: user=0.01 sys=0.00, real=0.01 secs] 
1645.039: [GC (Allocation Failure) [PSYoungGen: 62461K->1533K(62976K)] 439019K->378107K(720896K), 0.0017037 secs] [Times: user=0.01 sys=0.00, real=0.00 secs] 
1645.403: [GC (Allocation Failure) [PSYoungGen: 62461K->1533K(62976K)] 439035K->378107K(720896K), 0.0017285 secs] [Times: user=0.00 sys=0.00, real=0.00 secs] 
1645.770: [GC (Allocation Failure) [PSYoungGen: 62461K->1549K(62976K)] 439035K->378123K(720896K), 0.0017243 secs] [Times: user=0.00 sys=0.00, real=0.00 secs] 
1646.506: [GC (Allocation Failure) [PSYoungGen: 62477K->1456K(62976K)] 439051K->378030K(720896K), 0.0036414 secs] [Times: user=0.02 sys=0.00, real=0.01 secs] 
1646.832: [GC (Allocation Failure) [PSYoungGen: 62384K->1392K(62976K)] 438958K->377966K(720896K), 0.0020892 secs] [Times: user=0.01 sys=0.00, real=0.00 secs] 
1647.125: [GC (Allocation Failure) [PSYoungGen: 62320K->1408K(62976K)] 438894K->377982K(720896K), 0.0021091 secs] [Times: user=0.01 sys=0.00, real=0.01 secs] 
1647.391: [GC (Allocation Failure) [PSYoungGen: 62336K->1424K(62976K)] 438910K->377998K(720896K), 0.0019594 secs] [Times: user=0.01 sys=0.00, real=0.00 secs] 
1647.709: [GC (Allocation Failure) [PSYoungGen: 62352K->1501K(62976K)] 438926K->378075K(720896K), 0.0016702 secs] [Times: user=0.00 sys=0.00, real=0.00 secs] 
1648.072: [GC (Allocation Failure) [PSYoungGen: 62404K->1565K(62976K)] 438979K->378139K(720896K), 0.0016471 secs] [Times: user=0.01 sys=0.00, real=0.00 secs] 
1648.498: [GC (Allocation Failure) [PSYoungGen: 62493K->1597K(62976K)] 439067K->378179K(720896K), 0.0016149 secs] [Times: user=0.00 sys=0.00, real=0.00 secs] 
1648.894: [GC (Allocation Failure) [PSYoungGen: 62525K->1568K(62976K)] 439107K->378150K(720896K), 0.0016960 secs] [Times: user=0.00 sys=0.00, real=0.00 secs] 
1649.341: [GC (Allocation Failure) [PSYoungGen: 62496K->1408K(62976K)] 439078K->377990K(720896K), 0.0027222 secs] [Times: user=0.01 sys=0.00, real=0.00 secs] 
1649.683: [GC (Allocation Failure) [PSYoungGen: 62336K->1376K(62976K)] 438918K->377958K(720896K), 0.0021340 secs] [Times: user=0.01 sys=0.00, real=0.00 secs] 
1649.961: [GC (Allocation Failure) [PSYoungGen: 62304K->1376K(62976K)] 438886K->377958K(720896K), 0.0020963 secs] [Times: user=0.01 sys=0.00, real=0.00 secs] 
1650.214: [GC (Allocation Failure) [PSYoungGen: 62304K->1392K(62976K)] 438886K->377974K(720896K), 0.0021881 secs] [Times: user=0.01 sys=0.00, real=0.00 secs] 
1650.467: [GC (Allocation Failure) [PSYoungGen: 62320K->1392K(62976K)] 438902K->377974K(720896K), 0.0019665 secs] [Times: user=0.00 sys=0.00, real=0.00 secs] 
1650.960: [GC (Allocation Failure) [PSYoungGen: 62320K->1469K(62976K)] 438902K->378051K(720896K), 0.0015976 secs] [Times: user=0.01 sys=0.00, real=0.00 secs] 
1651.324: [GC (Allocation Failure) [PSYoungGen: 62397K->1597K(62976K)] 438979K->378195K(720896K), 0.0016311 secs] [Times: user=0.00 sys=0.00, real=0.00 secs] 
1651.688: [GC (Allocation Failure) [PSYoungGen: 62523K->1581K(62976K)] 439122K->378195K(720896K), 0.0015829 secs] [Times: user=0.01 sys=0.00, real=0.00 secs] 
1652.051: [GC (Allocation Failure) [PSYoungGen: 62509K->1565K(62976K)] 439123K->378179K(720896K), 0.0016469 secs] [Times: user=0.00 sys=0.00, real=0.00 secs] 
1652.496: [GC (Allocation Failure) [PSYoungGen: 62493K->1424K(62976K)] 439107K->378038K(720896K), 0.0020969 secs] [Times: user=0.01 sys=0.00, real=0.01 secs] 
1653.242: [GC (Allocation Failure) [PSYoungGen: 62352K->1376K(62976K)] 438966K->377990K(720896K), 0.0023258 secs] [Times: user=0.01 sys=0.00, real=0.00 secs] 
1653.929: [GC (Allocation Failure) [PSYoungGen: 62304K->1440K(62976K)] 438918K->378054K(720896K), 0.0023766 secs] [Times: user=0.01 sys=0.00, real=0.00 secs] 
1654.917: [GC (Allocation Failure) [PSYoungGen: 62368K->1376K(62976K)] 438982K->377990K(720896K), 0.0033850 secs] [Times: user=0.01 sys=0.00, real=0.00 secs] 
1655.897: [GC (Allocation Failure) [PSYoungGen: 62304K->1472K(62976K)] 438918K->378086K(720896K), 0.0021524 secs] [Times: user=0.01 sys=0.00, real=0.00 secs] 
1656.299: [GC (Allocation Failure) [PSYoungGen: 62400K->1565K(62976K)] 439014K->378179K(720896K), 0.0016084 secs] [Times: user=0.01 sys=0.00, real=0.00 secs] 
1656.725: [GC (Allocation Failure) [PSYoungGen: 62493K->1549K(62976K)] 439107K->378179K(720896K), 0.0018119 secs] [Times: user=0.00 sys=0.00, real=0.01 secs] 
1657.149: [GC (Allocation Failure) [PSYoungGen: 62477K->1565K(62976K)] 439107K->378195K(720896K), 0.0016903 secs] [Times: user=0.01 sys=0.00, real=0.00 secs] 
1657.497: [GC (Allocation Failure) [PSYoungGen: 62493K->2032K(62976K)] 439123K->378670K(720896K), 0.0018147 secs] [Times: user=0.01 sys=0.00, real=0.00 secs] 
1657.752: [GC (Allocation Failure) [PSYoungGen: 62960K->1376K(62976K)] 439598K->378014K(720896K), 0.0020220 secs] [Times: user=0.01 sys=0.00, real=0.00 secs] 
1658.006: [GC (Allocation Failure) [PSYoungGen: 62304K->1440K(62976K)] 438942K->378078K(720896K), 0.0020377 secs] [Times: user=0.00 sys=0.00, real=0.01 secs] 
1658.360: [GC (Allocation Failure) [PSYoungGen: 62368K->1440K(62976K)] 439006K->378078K(720896K), 0.0022557 secs] [Times: user=0.00 sys=0.00, real=0.00 secs] 
1658.923: [GC (Allocation Failure) [PSYoungGen: 62368K->1376K(62976K)] 439006K->378014K(720896K), 0.0022285 secs] [Times: user=0.01 sys=0.00, real=0.00 secs] 
1659.388: [GC (Allocation Failure) [PSYoungGen: 62304K->1517K(62976K)] 438942K->378155K(720896K), 0.0015916 secs] [Times: user=0.00 sys=0.00, real=0.00 secs] 
1659.752: [GC (Allocation Failure) [PSYoungGen: 62445K->1517K(62976K)] 439083K->378155K(720896K), 0.0023796 secs] [Times: user=0.01 sys=0.00, real=0.00 secs] 
1660.126: [GC (Allocation Failure) [PSYoungGen: 62445K->1581K(62976K)] 439083K->378251K(720896K), 0.0016806 secs] [Times: user=0.00 sys=0.00, real=0.01 secs] 
1660.489: [GC (Allocation Failure) [PSYoungGen: 62509K->1581K(62976K)] 439179K->378251K(720896K), 0.0016263 secs] [Times: user=0.01 sys=0.00, real=0.00 secs] 
1662.179: [GC (Allocation Failure) [PSYoungGen: 62509K->1472K(62976K)] 439179K->378142K(720896K), 0.0045528 secs] [Times: user=0.01 sys=0.00, real=0.00 secs] 
1662.596: [GC (Allocation Failure) [PSYoungGen: 62400K->1440K(62976K)] 439070K->378110K(720896K), 0.0019526 secs] [Times: user=0.01 sys=0.00, real=0.01 secs] 
1662.849: [GC (Allocation Failure) [PSYoungGen: 62368K->1408K(62976K)] 439038K->378110K(720896K), 0.0020042 secs] [Times: user=0.01 sys=0.00, real=0.00 secs] 
1663.102: [GC (Allocation Failure) [PSYoungGen: 62336K->1376K(62976K)] 439038K->378078K(720896K), 0.0020069 secs] [Times: user=0.01 sys=0.00, real=0.00 secs] 
1663.355: [GC (Allocation Failure) [PSYoungGen: 62304K->1328K(62976K)] 439006K->378030K(720896K), 0.0023874 secs] [Times: user=0.01 sys=0.00, real=0.01 secs] 
1663.872: [GC (Allocation Failure) [PSYoungGen: 62256K->1501K(62976K)] 438958K->378203K(720896K), 0.0019019 secs] [Times: user=0.01 sys=0.00, real=0.00 secs] 
1664.238: [GC (Allocation Failure) [PSYoungGen: 62429K->1565K(62976K)] 439131K->378283K(720896K), 0.0017116 secs] [Times: user=0.01 sys=0.00, real=0.00 secs] 
1664.601: [GC (Allocation Failure) [PSYoungGen: 62493K->1565K(62976K)] 439211K->378283K(720896K), 0.0018136 secs] [Times: user=0.01 sys=0.00, real=0.00 secs] 
1664.965: [GC (Allocation Failure) [PSYoungGen: 62493K->1565K(62976K)] 439211K->378283K(720896K), 0.0016705 secs] [Times: user=0.00 sys=0.00, real=0.01 secs] 
1665.648: [GC (Allocation Failure) [PSYoungGen: 62493K->1440K(62976K)] 439211K->378158K(720896K), 0.0034143 secs] [Times: user=0.01 sys=0.00, real=0.00 secs] 
1666.179: [GC (Allocation Failure) [PSYoungGen: 62368K->1408K(62976K)] 439086K->378126K(720896K), 0.0027807 secs] [Times: user=0.01 sys=0.00, real=0.00 secs] 
1666.518: [GC (Allocation Failure) [PSYoungGen: 62336K->1376K(62976K)] 439054K->378094K(720896K), 0.0021630 secs] [Times: user=0.01 sys=0.00, real=0.00 secs] 
1666.849: [GC (Allocation Failure) [PSYoungGen: 62304K->1376K(62976K)] 439022K->378094K(720896K), 0.0019828 secs] [Times: user=0.01 sys=0.00, real=0.00 secs] 
1667.181: [GC (Allocation Failure) [PSYoungGen: 62304K->1469K(62976K)] 439022K->378187K(720896K), 0.0015494 secs] [Times: user=0.00 sys=0.00, real=0.00 secs] 
1667.543: [GC (Allocation Failure) [PSYoungGen: 62381K->1533K(62976K)] 439100K->378251K(720896K), 0.0016955 secs] [Times: user=0.01 sys=0.00, real=0.00 secs] 
1667.909: [GC (Allocation Failure) [PSYoungGen: 62461K->1536K(62976K)] 439179K->378270K(720896K), 0.0016839 secs] [Times: user=0.01 sys=0.00, real=0.00 secs] 
1668.272: [GC (Allocation Failure) [PSYoungGen: 62464K->1533K(62976K)] 439198K->378267K(720896K), 0.0016728 secs] [Times: user=0.01 sys=0.00, real=0.00 secs] 
1669.169: [GC (Allocation Failure) [PSYoungGen: 62461K->1472K(62976K)] 439195K->378206K(720896K), 0.0027288 secs] [Times: user=0.01 sys=0.00, real=0.00 secs] 
1669.424: [GC (Allocation Failure) [PSYoungGen: 62400K->1408K(62976K)] 439134K->378142K(720896K), 0.0020173 secs] [Times: user=0.01 sys=0.00, real=0.00 secs] 
1669.677: [GC (Allocation Failure) [PSYoungGen: 62336K->1408K(62976K)] 439070K->378142K(720896K), 0.0020509 secs] [Times: user=0.01 sys=0.00, real=0.00 secs] 
1669.930: [GC (Allocation Failure) [PSYoungGen: 62336K->1408K(62976K)] 439070K->378142K(720896K), 0.0020803 secs] [Times: user=0.01 sys=0.00, real=0.00 secs] 
1670.185: [GC (Allocation Failure) [PSYoungGen: 62336K->1408K(62976K)] 439070K->378142K(720896K), 0.0019273 secs] [Times: user=0.01 sys=0.00, real=0.01 secs] 
1670.559: [GC (Allocation Failure) [PSYoungGen: 62334K->1517K(62976K)] 439068K->378251K(720896K), 0.0017500 secs] [Times: user=0.01 sys=0.00, real=0.00 secs] 
1670.929: [GC (Allocation Failure) [PSYoungGen: 62445K->1549K(62976K)] 439179K->378283K(720896K), 0.0016146 secs] [Times: user=0.00 sys=0.00, real=0.00 secs] 
1671.295: [GC (Allocation Failure) [PSYoungGen: 62477K->1533K(62976K)] 439211K->378299K(720896K), 0.0016399 secs] [Times: user=0.00 sys=0.00, real=0.01 secs] 
1671.659: [GC (Allocation Failure) [PSYoungGen: 62461K->1536K(62976K)] 439227K->378302K(720896K), 0.0016937 secs] [Times: user=0.01 sys=0.00, real=0.00 secs] 
1672.401: [GC (Allocation Failure) [PSYoungGen: 62464K->1472K(62976K)] 439230K->378246K(720896K), 0.0020124 secs] [Times: user=0.01 sys=0.00, real=0.00 secs] 
1673.314: [GC (Allocation Failure) [PSYoungGen: 62400K->1408K(62976K)] 439174K->378182K(720896K), 0.0047920 secs] [Times: user=0.01 sys=0.00, real=0.01 secs] 
1674.106: [GC (Allocation Failure) [PSYoungGen: 62336K->1424K(62976K)] 439110K->378198K(720896K), 0.0042048 secs] [Times: user=0.02 sys=0.00, real=0.01 secs] 
1674.563: [GC (Allocation Failure) [PSYoungGen: 62352K->1408K(62976K)] 439126K->378182K(720896K), 0.0021882 secs] [Times: user=0.01 sys=0.00, real=0.00 secs] 
1675.119: [GC (Allocation Failure) [PSYoungGen: 62336K->1501K(62976K)] 439110K->378275K(720896K), 0.0021046 secs] [Times: user=0.01 sys=0.00, real=0.00 secs] 
1675.519: [GC (Allocation Failure) [PSYoungGen: 62429K->1629K(62976K)] 439203K->378403K(720896K), 0.0016489 secs] [Times: user=0.00 sys=0.00, real=0.00 secs] 
1675.886: [GC (Allocation Failure) [PSYoungGen: 62557K->1565K(62976K)] 439331K->378355K(720896K), 0.0017097 secs] [Times: user=0.01 sys=0.00, real=0.01 secs] 
1676.250: [GC (Allocation Failure) [PSYoungGen: 62493K->1565K(62976K)] 439283K->378355K(720896K), 0.0016929 secs] [Times: user=0.01 sys=0.00, real=0.00 secs] 
1676.634: [GC (Allocation Failure) [PSYoungGen: 62493K->1584K(62976K)] 439283K->378374K(720896K), 0.0017974 secs] [Times: user=0.01 sys=0.00, real=0.00 secs] 
1677.043: [GC (Allocation Failure) [PSYoungGen: 62512K->1440K(62976K)] 439302K->378230K(720896K), 0.0019692 secs] [Times: user=0.00 sys=0.00, real=0.00 secs] 
1677.386: [GC (Allocation Failure) [PSYoungGen: 62368K->1424K(62976K)] 439158K->378214K(720896K), 0.0017942 secs] [Times: user=0.00 sys=0.00, real=0.01 secs] 
1677.838: [GC (Allocation Failure) [PSYoungGen: 62352K->1344K(62976K)] 439142K->378134K(720896K), 0.0028819 secs] [Times: user=0.02 sys=0.00, real=0.00 secs] 
1678.292: [GC (Allocation Failure) [PSYoungGen: 62272K->1440K(62976K)] 439062K->378230K(720896K), 0.0025534 secs] [Times: user=0.01 sys=0.00, real=0.00 secs] 
1678.896: [GC (Allocation Failure) [PSYoungGen: 62368K->1501K(62976K)] 439158K->378291K(720896K), 0.0016154 secs] [Times: user=0.00 sys=0.00, real=0.01 secs] 
1679.257: [GC (Allocation Failure) [PSYoungGen: 62429K->1536K(62976K)] 439219K->378326K(720896K), 0.0016465 secs] [Times: user=0.01 sys=0.00, real=0.00 secs] 
1679.683: [GC (Allocation Failure) [PSYoungGen: 62457K->1549K(62976K)] 439247K->378347K(720896K), 0.0017586 secs] [Times: user=0.01 sys=0.00, real=0.00 secs] 
1680.108: [GC (Allocation Failure) [PSYoungGen: 62477K->1520K(62976K)] 439275K->378318K(720896K), 0.0017347 secs] [Times: user=0.00 sys=0.00, real=0.00 secs] 
1680.466: [GC (Allocation Failure) [PSYoungGen: 62448K->1504K(62976K)] 439246K->378302K(720896K), 0.0021940 secs] [Times: user=0.01 sys=0.00, real=0.00 secs] 
1680.720: [GC (Allocation Failure) [PSYoungGen: 62432K->1392K(62976K)] 439230K->378190K(720896K), 0.0020682 secs] [Times: user=0.01 sys=0.00, real=0.00 secs] 
1680.997: [GC (Allocation Failure) [PSYoungGen: 62320K->1408K(62976K)] 439118K->378206K(720896K), 0.0021010 secs] [Times: user=0.01 sys=0.00, real=0.00 secs] 
1681.250: [GC (Allocation Failure) [PSYoungGen: 62336K->1360K(62976K)] 439134K->378174K(720896K), 0.0020028 secs] [Times: user=0.01 sys=0.00, real=0.00 secs] 
1681.555: [GC (Allocation Failure) [PSYoungGen: 62288K->1408K(62976K)] 439102K->378222K(720896K), 0.0027953 secs] [Times: user=0.01 sys=0.00, real=0.01 secs] 
1682.083: [GC (Allocation Failure) [PSYoungGen: 62308K->1533K(62976K)] 439122K->378347K(720896K), 0.0016544 secs] [Times: user=0.00 sys=0.00, real=0.00 secs] 
1682.448: [GC (Allocation Failure) [PSYoungGen: 62461K->1565K(62976K)] 439275K->378395K(720896K), 0.0016713 secs] [Times: user=0.01 sys=0.00, real=0.00 secs] 
1682.811: [GC (Allocation Failure) [PSYoungGen: 62493K->1565K(62976K)] 439323K->378395K(720896K), 0.0016766 secs] [Times: user=0.00 sys=0.00, real=0.00 secs] 
1683.175: [GC (Allocation Failure) [PSYoungGen: 62493K->1597K(62976K)] 439323K->378427K(720896K), 0.0016689 secs] [Times: user=0.01 sys=0.00, real=0.01 secs] 
1683.743: [GC (Allocation Failure) [PSYoungGen: 62525K->1440K(62976K)] 439355K->378270K(720896K), 0.0033878 secs] [Times: user=0.01 sys=0.00, real=0.01 secs] 
1684.272: [GC (Allocation Failure) [PSYoungGen: 62368K->1376K(62976K)] 439198K->378206K(720896K), 0.0027271 secs] [Times: user=0.01 sys=0.00, real=0.00 secs] 
1684.787: [GC (Allocation Failure) [PSYoungGen: 62304K->1360K(62976K)] 439134K->378190K(720896K), 0.0027918 secs] [Times: user=0.01 sys=0.00, real=0.00 secs] 
1685.350: [GC (Allocation Failure) [PSYoungGen: 62288K->1376K(62976K)] 439118K->378206K(720896K), 0.0024193 secs] [Times: user=0.01 sys=0.00, real=0.00 secs] 
1685.925: [GC (Allocation Failure) [PSYoungGen: 62284K->1501K(62976K)] 439114K->378331K(720896K), 0.0019397 secs] [Times: user=0.00 sys=0.00, real=0.01 secs] 
1686.307: [GC (Allocation Failure) [PSYoungGen: 62429K->1533K(62976K)] 439259K->378363K(720896K), 0.0016746 secs] [Times: user=0.01 sys=0.00, real=0.00 secs] 
1686.727: [GC (GCLocker Initiated GC) [PSYoungGen: 62461K->1565K(62976K)] 439291K->378403K(720896K), 0.0016987 secs] [Times: user=0.01 sys=0.01, real=0.00 secs] 
1687.095: [GC (Allocation Failure) [PSYoungGen: 62493K->1504K(62976K)] 439589K->378599K(720896K), 0.0018213 secs] [Times: user=0.01 sys=0.00, real=0.01 secs] 
1687.579: [GC (Allocation Failure) [PSYoungGen: 62432K->1536K(62976K)] 439527K->378631K(720896K), 0.0023050 secs] [Times: user=0.01 sys=0.00, real=0.00 secs] 
1688.157: [GC (Allocation Failure) [PSYoungGen: 62464K->1472K(62976K)] 439559K->378567K(720896K), 0.0028579 secs] [Times: user=0.01 sys=0.00, real=0.00 secs] 
1688.925: [GC (Allocation Failure) [PSYoungGen: 62400K->1376K(62976K)] 439495K->378471K(720896K), 0.0035191 secs] [Times: user=0.01 sys=0.00, real=0.01 secs] 
1689.747: [GC (Allocation Failure) [PSYoungGen: 62304K->1440K(62976K)] 439399K->378543K(720896K), 0.0034834 secs] [Times: user=0.02 sys=0.00, real=0.00 secs] 
1690.724: [GC (Allocation Failure) [PSYoungGen: 62368K->1408K(62976K)] 439471K->378511K(720896K), 0.0035916 secs] [Times: user=0.01 sys=0.00, real=0.01 secs] 
1691.376: [GC (Allocation Failure) [PSYoungGen: 62336K->1549K(62976K)] 439439K->378653K(720896K), 0.0015788 secs] [Times: user=0.00 sys=0.00, real=0.00 secs] 
1691.739: [GC (Allocation Failure) [PSYoungGen: 62477K->1645K(62976K)] 439581K->378749K(720896K), 0.0016622 secs] [Times: user=0.00 sys=0.00, real=0.00 secs] 
1692.104: [GC (Allocation Failure) [PSYoungGen: 62573K->1613K(62976K)] 439677K->378741K(720896K), 0.0017635 secs] [Times: user=0.01 sys=0.00, real=0.00 secs] 
1692.469: [GC (Allocation Failure) [PSYoungGen: 62541K->1581K(62976K)] 439669K->378717K(720896K), 0.0016465 secs] [Times: user=0.00 sys=0.00, real=0.00 secs] 
1692.925: [GC (Allocation Failure) [PSYoungGen: 62509K->1504K(62976K)] 439645K->378639K(720896K), 0.0020247 secs] [Times: user=0.01 sys=0.00, real=0.01 secs] 
1693.482: [GC (Allocation Failure) [PSYoungGen: 62432K->1456K(62976K)] 439567K->378591K(720896K), 0.0020988 secs] [Times: user=0.01 sys=0.00, real=0.00 secs] 
1694.021: [GC (Allocation Failure) [PSYoungGen: 62384K->1408K(62976K)] 439519K->378607K(720896K), 0.0025481 secs] [Times: user=0.01 sys=0.00, real=0.00 secs] 
1694.596: [GC (Allocation Failure) [PSYoungGen: 62336K->1376K(62976K)] 439535K->378575K(720896K), 0.0025072 secs] [Times: user=0.01 sys=0.00, real=0.01 secs] 
1695.369: [GC (Allocation Failure) [PSYoungGen: 62304K->1376K(62976K)] 439503K->378575K(720896K), 0.0033115 secs] [Times: user=0.01 sys=0.00, real=0.00 secs] 
1695.925: [GC (Allocation Failure) [PSYoungGen: 62304K->1581K(62976K)] 439503K->378797K(720896K), 0.0015670 secs] [Times: user=0.01 sys=0.00, real=0.01 secs] 
1696.339: [GC (Allocation Failure) [PSYoungGen: 62509K->1581K(62976K)] 439725K->378813K(720896K), 0.0018875 secs] [Times: user=0.01 sys=0.00, real=0.00 secs] 
1696.766: [GC (Allocation Failure) [PSYoungGen: 62509K->1581K(62976K)] 439741K->378813K(720896K), 0.0016303 secs] [Times: user=0.01 sys=0.00, real=0.00 secs] 
1697.130: [GC (Allocation Failure) [PSYoungGen: 62509K->1581K(62976K)] 439741K->378813K(720896K), 0.0018462 secs] [Times: user=0.01 sys=0.00, real=0.00 secs] 
1697.394: [GC (Allocation Failure) [PSYoungGen: 62509K->1408K(62976K)] 439741K->378647K(720896K), 0.0024453 secs] [Times: user=0.01 sys=0.00, real=0.01 secs] 
1697.680: [GC (Allocation Failure) [PSYoungGen: 62336K->1392K(62976K)] 439575K->378631K(720896K), 0.0020634 secs] [Times: user=0.01 sys=0.00, real=0.00 secs] 
1698.028: [GC (Allocation Failure) [PSYoungGen: 62320K->1376K(62976K)] 439559K->378615K(720896K), 0.0020499 secs] [Times: user=0.01 sys=0.00, real=0.00 secs] 
1698.359: [GC (Allocation Failure) [PSYoungGen: 62304K->1408K(62976K)] 439543K->378647K(720896K), 0.0020805 secs] [Times: user=0.01 sys=0.00, real=0.00 secs] 
1698.907: [GC (Allocation Failure) [PSYoungGen: 62336K->1520K(62976K)] 439575K->378759K(720896K), 0.0019141 secs] [Times: user=0.01 sys=0.00, real=0.00 secs] 
1699.287: [GC (Allocation Failure) [PSYoungGen: 62428K->1581K(62976K)] 439668K->378821K(720896K), 0.0017949 secs] [Times: user=0.01 sys=0.00, real=0.00 secs] 
1699.711: [GC (Allocation Failure) [PSYoungGen: 62509K->1581K(62976K)] 439749K->378829K(720896K), 0.0016786 secs] [Times: user=0.01 sys=0.00, real=0.00 secs] 
1700.075: [GC (Allocation Failure) [PSYoungGen: 62509K->1581K(62976K)] 439757K->378829K(720896K), 0.0016234 secs] [Times: user=0.01 sys=0.00, real=0.01 secs] 
1700.415: [GC (Allocation Failure) [PSYoungGen: 62509K->1472K(62976K)] 439757K->378719K(720896K), 0.0020770 secs] [Times: user=0.01 sys=0.00, real=0.01 secs] 
1700.672: [GC (Allocation Failure) [PSYoungGen: 62400K->1440K(62976K)] 439647K->378687K(720896K), 0.0023692 secs] [Times: user=0.01 sys=0.00, real=0.00 secs] 
1700.932: [GC (Allocation Failure) [PSYoungGen: 62368K->1392K(62976K)] 439615K->378639K(720896K), 0.0019664 secs] [Times: user=0.01 sys=0.00, real=0.00 secs] 
1701.186: [GC (Allocation Failure) [PSYoungGen: 62320K->1312K(62976K)] 439567K->378575K(720896K), 0.0019471 secs] [Times: user=0.01 sys=0.00, real=0.01 secs] 
1701.554: [GC (Allocation Failure) [PSYoungGen: 62240K->1408K(62976K)] 439503K->378671K(720896K), 0.0020221 secs] [Times: user=0.01 sys=0.00, real=0.01 secs] 
1702.068: [GC (Allocation Failure) [PSYoungGen: 62336K->1533K(62976K)] 439599K->378797K(720896K), 0.0016969 secs] [Times: user=0.01 sys=0.00, real=0.00 secs] 
1702.432: [GC (Allocation Failure) [PSYoungGen: 62461K->1581K(62976K)] 439725K->378845K(720896K), 0.0015769 secs] [Times: user=0.01 sys=0.00, real=0.00 secs] 
1702.795: [GC (Allocation Failure) [PSYoungGen: 62509K->1549K(62976K)] 439773K->378829K(720896K), 0.0016730 secs] [Times: user=0.01 sys=0.00, real=0.01 secs] 
1703.159: [GC (Allocation Failure) [PSYoungGen: 62477K->1565K(62976K)] 439757K->378845K(720896K), 0.0016626 secs] [Times: user=0.01 sys=0.00, real=0.00 secs] 
1703.659: [GC (Allocation Failure) [PSYoungGen: 62493K->1408K(62976K)] 439773K->378687K(720896K), 0.0032690 secs] [Times: user=0.01 sys=0.00, real=0.00 secs] 
1704.233: [GC (Allocation Failure) [PSYoungGen: 62336K->1408K(62976K)] 439615K->378687K(720896K), 0.0024601 secs] [Times: user=0.01 sys=0.00, real=0.00 secs] 
1704.643: [GC (Allocation Failure) [PSYoungGen: 62336K->1408K(62976K)] 439615K->378687K(720896K), 0.0020231 secs] [Times: user=0.01 sys=0.00, real=0.00 secs] 
1704.896: [GC (Allocation Failure) [PSYoungGen: 62336K->1424K(62976K)] 439615K->378703K(720896K), 0.0021033 secs] [Times: user=0.01 sys=0.00, real=0.00 secs] 
1705.202: [GC (Allocation Failure) [PSYoungGen: 62352K->1485K(62976K)] 439631K->378765K(720896K), 0.0015160 secs] [Times: user=0.01 sys=0.00, real=0.00 secs] 
1705.567: [GC (Allocation Failure) [PSYoungGen: 62413K->1597K(62976K)] 439693K->378877K(720896K), 0.0016526 secs] [Times: user=0.00 sys=0.00, real=0.00 secs] 
1705.932: [GC (Allocation Failure) [PSYoungGen: 62525K->1597K(62976K)] 439805K->378885K(720896K), 0.0016652 secs] [Times: user=0.01 sys=0.00, real=0.00 secs] 
1706.298: [GC (Allocation Failure) [PSYoungGen: 62525K->1549K(62976K)] 439813K->378837K(720896K), 0.0016110 secs] [Times: user=0.01 sys=0.00, real=0.00 secs] 
1707.130: [GC (Allocation Failure) [PSYoungGen: 62477K->2000K(62976K)] 439765K->379287K(720896K), 0.0045076 secs] [Times: user=0.01 sys=0.00, real=0.00 secs] 
1708.333: [GC (Allocation Failure) [PSYoungGen: 62928K->1376K(62976K)] 440215K->378663K(720896K), 0.0025267 secs] [Times: user=0.01 sys=0.00, real=0.00 secs] 
1709.114: [GC (Allocation Failure) [PSYoungGen: 62304K->1376K(62976K)] 439591K->378663K(720896K), 0.0034854 secs] [Times: user=0.01 sys=0.00, real=0.01 secs] 
1709.786: [GC (Allocation Failure) [PSYoungGen: 62304K->1408K(62976K)] 439591K->378695K(720896K), 0.0024883 secs] [Times: user=0.01 sys=0.00, real=0.00 secs] 
1710.282: [GC (Allocation Failure) [PSYoungGen: 62336K->1376K(62976K)] 439623K->378663K(720896K), 0.0028104 secs] [Times: user=0.01 sys=0.00, real=0.00 secs] 
1710.780: [GC (Allocation Failure) [PSYoungGen: 62304K->1565K(62976K)] 439591K->378853K(720896K), 0.0016274 secs] [Times: user=0.01 sys=0.00, real=0.00 secs] 
1711.154: [GC (Allocation Failure) [PSYoungGen: 62493K->1549K(62976K)] 439781K->378837K(720896K), 0.0015644 secs] [Times: user=0.00 sys=0.00, real=0.00 secs] 
1711.519: [GC (Allocation Failure) [PSYoungGen: 62471K->1581K(62976K)] 439759K->378877K(720896K), 0.0016722 secs] [Times: user=0.01 sys=0.00, real=0.00 secs] 
1711.883: [GC (Allocation Failure) [PSYoungGen: 62509K->1581K(62976K)] 439805K->378877K(720896K), 0.0015404 secs] [Times: user=0.00 sys=0.00, real=0.00 secs] 
1712.350: [GC (Allocation Failure) [PSYoungGen: 62509K->1472K(62976K)] 439805K->378767K(720896K), 0.0017354 secs] [Times: user=0.01 sys=0.00, real=0.00 secs] 
1712.636: [GC (Allocation Failure) [PSYoungGen: 62400K->1424K(62976K)] 439695K->378719K(720896K), 0.0017941 secs] [Times: user=0.01 sys=0.00, real=0.01 secs] 
1712.889: [GC (Allocation Failure) [PSYoungGen: 62352K->1376K(62976K)] 439647K->378671K(720896K), 0.0019383 secs] [Times: user=0.00 sys=0.00, real=0.00 secs] 
1713.143: [GC (Allocation Failure) [PSYoungGen: 62304K->1408K(62976K)] 439599K->378727K(720896K), 0.0022370 secs] [Times: user=0.01 sys=0.00, real=0.00 secs] 
1713.396: [GC (Allocation Failure) [PSYoungGen: 62336K->1376K(62976K)] 439655K->378695K(720896K), 0.0020711 secs] [Times: user=0.01 sys=0.00, real=0.00 secs] 
1713.775: [GC (Allocation Failure) [PSYoungGen: 62277K->1565K(62976K)] 439597K->378885K(720896K), 0.0016077 secs] [Times: user=0.01 sys=0.00, real=0.01 secs] 
1714.140: [GC (Allocation Failure) [PSYoungGen: 62493K->1597K(62976K)] 439813K->378925K(720896K), 0.0017750 secs] [Times: user=0.01 sys=0.00, real=0.00 secs] 
1714.504: [GC (Allocation Failure) [PSYoungGen: 62525K->1581K(62976K)] 439853K->378909K(720896K), 0.0017212 secs] [Times: user=0.01 sys=0.00, real=0.00 secs] 
1714.869: [GC (Allocation Failure) [PSYoungGen: 62509K->1533K(62976K)] 439837K->378861K(720896K), 0.0016325 secs] [Times: user=0.01 sys=0.00, real=0.00 secs] 
1715.390: [GC (Allocation Failure) [PSYoungGen: 62461K->1408K(62976K)] 439789K->378735K(720896K), 0.0020625 secs] [Times: user=0.01 sys=0.00, real=0.00 secs] 
1715.644: [GC (Allocation Failure) [PSYoungGen: 62336K->1344K(62976K)] 439663K->378671K(720896K), 0.0020143 secs] [Times: user=0.01 sys=0.00, real=0.00 secs] 
1715.897: [GC (Allocation Failure) [PSYoungGen: 62272K->1376K(62976K)] 439599K->378703K(720896K), 0.0022852 secs] [Times: user=0.01 sys=0.00, real=0.00 secs] 
1716.151: [GC (Allocation Failure) [PSYoungGen: 62304K->1392K(62976K)] 439631K->378719K(720896K), 0.0020588 secs] [Times: user=0.01 sys=0.00, real=0.00 secs] 
1716.716: [GC (Allocation Failure) [PSYoungGen: 62295K->1485K(62976K)] 439623K->378813K(720896K), 0.0015337 secs] [Times: user=0.01 sys=0.00, real=0.00 secs] 
1717.157: [GC (Allocation Failure) [PSYoungGen: 62413K->1581K(62976K)] 439741K->378909K(720896K), 0.0016929 secs] [Times: user=0.00 sys=0.00, real=0.00 secs] 
1717.582: [GC (Allocation Failure) [PSYoungGen: 62490K->1613K(62976K)] 439818K->378949K(720896K), 0.0015978 secs] [Times: user=0.01 sys=0.00, real=0.00 secs] 
1717.946: [GC (Allocation Failure) [PSYoungGen: 62541K->1581K(62976K)] 439877K->378917K(720896K), 0.0017597 secs] [Times: user=0.01 sys=0.00, real=0.00 secs] 
1718.429: [GC (Allocation Failure) [PSYoungGen: 62509K->1408K(62976K)] 439845K->378743K(720896K), 0.0019284 secs] [Times: user=0.00 sys=0.00, real=0.00 secs] 
1718.944: [GC (Allocation Failure) [PSYoungGen: 62336K->1408K(62976K)] 439671K->378743K(720896K), 0.0032746 secs] [Times: user=0.01 sys=0.00, real=0.01 secs] 
1719.305: [GC (Allocation Failure) [PSYoungGen: 62336K->1376K(62976K)] 439671K->378711K(720896K), 0.0020378 secs] [Times: user=0.01 sys=0.00, real=0.01 secs] 
1719.558: [GC (Allocation Failure) [PSYoungGen: 62304K->1376K(62976K)] 439639K->378711K(720896K), 0.0021992 secs] [Times: user=0.01 sys=0.00, real=0.00 secs] 
1719.833: [GC (Allocation Failure) [PSYoungGen: 62304K->1408K(62976K)] 439639K->378743K(720896K), 0.0019375 secs] [Times: user=0.01 sys=0.00, real=0.00 secs] 
1720.330: [GC (Allocation Failure) [PSYoungGen: 62336K->1517K(62976K)] 439671K->378853K(720896K), 0.0017440 secs] [Times: user=0.00 sys=0.00, real=0.00 secs] 
1720.694: [GC (Allocation Failure) [PSYoungGen: 62445K->1565K(62976K)] 439781K->378901K(720896K), 0.0017066 secs] [Times: user=0.01 sys=0.00, real=0.00 secs] 
1721.057: [GC (Allocation Failure) [PSYoungGen: 62493K->1565K(62976K)] 439829K->378917K(720896K), 0.0016299 secs] [Times: user=0.01 sys=0.00, real=0.00 secs] 
1721.430: [GC (Allocation Failure) [PSYoungGen: 62493K->1517K(62976K)] 439845K->378893K(720896K), 0.0016076 secs] [Times: user=0.01 sys=0.00, real=0.00 secs] 
1723.229: [GC (Allocation Failure) [PSYoungGen: 62445K->1472K(62976K)] 439821K->378847K(720896K), 0.0042707 secs] [Times: user=0.02 sys=0.00, real=0.00 secs] 
1723.768: [GC (Allocation Failure) [PSYoungGen: 62400K->1392K(62976K)] 439775K->378767K(720896K), 0.0025836 secs] [Times: user=0.01 sys=0.00, real=0.00 secs] 
1724.080: [GC (Allocation Failure) [PSYoungGen: 62320K->1376K(62976K)] 439695K->378751K(720896K), 0.0020290 secs] [Times: user=0.00 sys=0.00, real=0.00 secs] 
1724.333: [GC (Allocation Failure) [PSYoungGen: 62304K->1376K(62976K)] 439679K->378751K(720896K), 0.0019199 secs] [Times: user=0.01 sys=0.00, real=0.00 secs] 
1724.858: [GC (Allocation Failure) [PSYoungGen: 62302K->1501K(62976K)] 439678K->378877K(720896K), 0.0022285 secs] [Times: user=0.01 sys=0.00, real=0.00 secs] 
1725.342: [GC (Allocation Failure) [PSYoungGen: 62429K->1565K(62976K)] 439805K->378941K(720896K), 0.0016807 secs] [Times: user=0.01 sys=0.00, real=0.00 secs] 
1725.748: [GC (Allocation Failure) [PSYoungGen: 62493K->1565K(62976K)] 439869K->378949K(720896K), 0.0018075 secs] [Times: user=0.01 sys=0.00, real=0.00 secs] 
1726.116: [GC (Allocation Failure) [PSYoungGen: 62493K->1549K(62976K)] 439877K->378933K(720896K), 0.0016075 secs] [Times: user=0.00 sys=0.00, real=0.00 secs] 
1726.478: [GC (Allocation Failure) [PSYoungGen: 62285K->288K(62976K)] 439669K->377671K(720896K), 0.0015441 secs] [Times: user=0.01 sys=0.00, real=0.00 secs] 
1727.104: [GC (Allocation Failure) [PSYoungGen: 61216K->1376K(62976K)] 438599K->378759K(720896K), 0.0021211 secs] [Times: user=0.01 sys=0.00, real=0.01 secs] 
1727.390: [GC (Allocation Failure) [PSYoungGen: 62304K->1376K(62976K)] 439687K->378759K(720896K), 0.0020169 secs] [Times: user=0.01 sys=0.00, real=0.00 secs] 
1727.644: [GC (Allocation Failure) [PSYoungGen: 62304K->1408K(62976K)] 439687K->378791K(720896K), 0.0019616 secs] [Times: user=0.00 sys=0.00, real=0.00 secs] 
1727.922: [GC (Allocation Failure) [PSYoungGen: 62308K->1629K(62976K)] 439692K->379013K(720896K), 0.0016816 secs] [Times: user=0.01 sys=0.00, real=0.00 secs] 
1728.176: [GC (Allocation Failure) [PSYoungGen: 62557K->1581K(62976K)] 439941K->378965K(720896K), 0.0015765 secs] [Times: user=0.00 sys=0.00, real=0.00 secs] 
1728.495: [GC (Allocation Failure) [PSYoungGen: 62509K->1549K(62976K)] 439893K->378933K(720896K), 0.0017418 secs] [Times: user=0.01 sys=0.00, real=0.01 secs] 
1728.810: [GC (Allocation Failure) [PSYoungGen: 62477K->1565K(62976K)] 439861K->378965K(720896K), 0.0018370 secs] [Times: user=0.01 sys=0.00, real=0.00 secs] 
1730.489: [GC (Allocation Failure) [PSYoungGen: 62493K->1408K(62976K)] 439893K->378807K(720896K), 0.0042580 secs] [Times: user=0.02 sys=0.00, real=0.00 secs] 
1731.053: [GC (Allocation Failure) [PSYoungGen: 62336K->1376K(62976K)] 439735K->378775K(720896K), 0.0033421 secs] [Times: user=0.01 sys=0.00, real=0.01 secs] 
1731.346: [GC (Allocation Failure) [PSYoungGen: 62304K->1344K(62976K)] 439703K->378743K(720896K), 0.0022472 secs] [Times: user=0.01 sys=0.00, real=0.00 secs] 
1731.651: [GC (Allocation Failure) [PSYoungGen: 62272K->1344K(62976K)] 439671K->378751K(720896K), 0.0019347 secs] [Times: user=0.00 sys=0.00, real=0.00 secs] 
1732.122: [GC (Allocation Failure) [PSYoungGen: 62254K->1485K(62976K)] 439661K->378893K(720896K), 0.0015120 secs] [Times: user=0.01 sys=0.00, real=0.00 secs] 
1732.487: [GC (Allocation Failure) [PSYoungGen: 62413K->1581K(62976K)] 439821K->379005K(720896K), 0.0017303 secs] [Times: user=0.00 sys=0.00, real=0.00 secs] 
1732.851: [GC (Allocation Failure) [PSYoungGen: 62485K->1597K(62976K)] 439909K->379021K(720896K), 0.0017214 secs] [Times: user=0.01 sys=0.00, real=0.00 secs] 
1733.214: [GC (Allocation Failure) [PSYoungGen: 62525K->1533K(62976K)] 439949K->378965K(720896K), 0.0015669 secs] [Times: user=0.01 sys=0.00, real=0.00 secs] 
1733.665: [GC (Allocation Failure) [PSYoungGen: 62461K->1408K(62976K)] 439893K->378839K(720896K), 0.0020902 secs] [Times: user=0.01 sys=0.00, real=0.01 secs] 
1733.939: [GC (Allocation Failure) [PSYoungGen: 62336K->1344K(62976K)] 439767K->378775K(720896K), 0.0020740 secs] [Times: user=0.01 sys=0.00, real=0.00 secs] 
1734.264: [GC (Allocation Failure) [PSYoungGen: 62272K->1360K(62976K)] 439703K->378791K(720896K), 0.0021265 secs] [Times: user=0.01 sys=0.00, real=0.00 secs] 
1734.615: [GC (Allocation Failure) [PSYoungGen: 62288K->1360K(62976K)] 439719K->378791K(720896K), 0.0021126 secs] [Times: user=0.01 sys=0.00, real=0.01 secs] 
1734.869: [GC (Allocation Failure) [PSYoungGen: 62288K->1376K(62976K)] 439719K->378807K(720896K), 0.0020428 secs] [Times: user=0.01 sys=0.00, real=0.00 secs] 
1735.275: [GC (Allocation Failure) [PSYoungGen: 62304K->1533K(62976K)] 439735K->378965K(720896K), 0.0017391 secs] [Times: user=0.01 sys=0.00, real=0.01 secs] 
1735.639: [GC (Allocation Failure) [PSYoungGen: 62461K->1565K(62976K)] 439893K->378997K(720896K), 0.0017020 secs] [Times: user=0.01 sys=0.00, real=0.00 secs] 
1736.003: [GC (Allocation Failure) [PSYoungGen: 62493K->1549K(62976K)] 439925K->378997K(720896K), 0.0017345 secs] [Times: user=0.01 sys=0.00, real=0.00 secs] 
1736.373: [GC (Allocation Failure) [PSYoungGen: 62477K->1517K(62976K)] 439925K->378965K(720896K), 0.0016017 secs] [Times: user=0.00 sys=0.00, real=0.00 secs] 
1736.709: [GC (Allocation Failure) [PSYoungGen: 62445K->1440K(62976K)] 439893K->378887K(720896K), 0.0019611 secs] [Times: user=0.01 sys=0.00, real=0.00 secs] 
1736.978: [GC (Allocation Failure) [PSYoungGen: 62368K->1376K(62976K)] 439815K->378823K(720896K), 0.0019982 secs] [Times: user=0.01 sys=0.00, real=0.00 secs] 
1737.232: [GC (Allocation Failure) [PSYoungGen: 62304K->1392K(62976K)] 439751K->378839K(720896K), 0.0030763 secs] [Times: user=0.01 sys=0.00, real=0.00 secs] 
1737.486: [GC (Allocation Failure) [PSYoungGen: 62320K->1440K(62976K)] 439767K->378887K(720896K), 0.0022146 secs] [Times: user=0.01 sys=0.00, real=0.00 secs] 
1737.792: [GC (Allocation Failure) [PSYoungGen: 62368K->1549K(62976K)] 439815K->378997K(720896K), 0.0018111 secs] [Times: user=0.01 sys=0.00, real=0.00 secs] 
1738.171: [GC (Allocation Failure) [PSYoungGen: 62462K->1613K(62976K)] 439910K->379061K(720896K), 0.0015732 secs] [Times: user=0.00 sys=0.00, real=0.00 secs] 
1738.538: [GC (Allocation Failure) [PSYoungGen: 62541K->1549K(62976K)] 439989K->379005K(720896K), 0.0017353 secs] [Times: user=0.01 sys=0.00, real=0.00 secs] 
1738.904: [GC (Allocation Failure) [PSYoungGen: 62477K->1533K(62976K)] 439933K->378989K(720896K), 0.0016727 secs] [Times: user=0.01 sys=0.00, real=0.00 secs] 
1739.277: [GC (Allocation Failure) [PSYoungGen: 62461K->2032K(62976K)] 439917K->379487K(720896K), 0.0019517 secs] [Times: user=0.01 sys=0.00, real=0.00 secs] 
1739.528: [GC (Allocation Failure) [PSYoungGen: 62960K->1408K(62976K)] 440415K->378863K(720896K), 0.0018059 secs] [Times: user=0.01 sys=0.00, real=0.00 secs] 
1739.786: [GC (Allocation Failure) [PSYoungGen: 62336K->1376K(62976K)] 439791K->378831K(720896K), 0.0017898 secs] [Times: user=0.01 sys=0.00, real=0.01 secs] 
1740.041: [GC (Allocation Failure) [PSYoungGen: 62304K->1424K(62976K)] 439759K->378879K(720896K), 0.0019375 secs] [Times: user=0.00 sys=0.00, real=0.00 secs] 
1740.311: [GC (Allocation Failure) [PSYoungGen: 62352K->1376K(62976K)] 439807K->378855K(720896K), 0.0028362 secs] [Times: user=0.02 sys=0.00, real=0.00 secs] 
1740.805: [GC (Allocation Failure) [PSYoungGen: 62304K->1565K(62976K)] 439783K->379045K(720896K), 0.0016772 secs] [Times: user=0.01 sys=0.00, real=0.01 secs] 
1741.170: [GC (Allocation Failure) [PSYoungGen: 62493K->1565K(62976K)] 439973K->379045K(720896K), 0.0016864 secs] [Times: user=0.01 sys=0.00, real=0.00 secs] 
1741.538: [GC (Allocation Failure) [PSYoungGen: 62483K->1565K(62976K)] 439963K->379069K(720896K), 0.0050465 secs] [Times: user=0.02 sys=0.00, real=0.00 secs] 
1741.917: [GC (Allocation Failure) [PSYoungGen: 62493K->1533K(62976K)] 439997K->379037K(720896K), 0.0017266 secs] [Times: user=0.01 sys=0.00, real=0.00 secs] 
1742.306: [GC (Allocation Failure) [PSYoungGen: 62461K->1472K(62976K)] 439965K->378975K(720896K), 0.0019666 secs] [Times: user=0.01 sys=0.00, real=0.01 secs] 
1742.587: [GC (Allocation Failure) [PSYoungGen: 62400K->1408K(62976K)] 439903K->378911K(720896K), 0.0019248 secs] [Times: user=0.01 sys=0.00, real=0.00 secs] 
1743.011: [GC (Allocation Failure) [PSYoungGen: 62336K->1376K(62976K)] 439839K->378879K(720896K), 0.0019865 secs] [Times: user=0.01 sys=0.00, real=0.00 secs] 
1743.926: [GC (Allocation Failure) [PSYoungGen: 62304K->1344K(62976K)] 439807K->378847K(720896K), 0.0024935 secs] [Times: user=0.01 sys=0.00, real=0.01 secs] 
1744.764: [GC (Allocation Failure) [PSYoungGen: 62272K->1408K(62976K)] 439775K->378911K(720896K), 0.0030407 secs] [Times: user=0.01 sys=0.00, real=0.01 secs] 
1745.254: [GC (Allocation Failure) [PSYoungGen: 62306K->1549K(62976K)] 439810K->379053K(720896K), 0.0016490 secs] [Times: user=0.01 sys=0.00, real=0.00 secs] 
1745.682: [GC (Allocation Failure) [PSYoungGen: 62477K->1613K(62976K)] 439981K->379125K(720896K), 0.0016300 secs] [Times: user=0.01 sys=0.00, real=0.00 secs] 
1746.101: [GC (Allocation Failure) [PSYoungGen: 62541K->1613K(62976K)] 440053K->379133K(720896K), 0.0019414 secs] [Times: user=0.01 sys=0.00, real=0.00 secs] 
1746.468: [GC (Allocation Failure) [PSYoungGen: 62541K->1581K(62976K)] 440061K->379101K(720896K), 0.0018099 secs] [Times: user=0.01 sys=0.00, real=0.00 secs] 
1746.893: [GC (Allocation Failure) [PSYoungGen: 62509K->1424K(62976K)] 440029K->378943K(720896K), 0.0026875 secs] [Times: user=0.01 sys=0.00, real=0.00 secs] 
1747.313: [GC (Allocation Failure) [PSYoungGen: 62352K->1360K(62976K)] 439871K->378879K(720896K), 0.0025737 secs] [Times: user=0.01 sys=0.00, real=0.00 secs] 
1747.865: [GC (Allocation Failure) [PSYoungGen: 62288K->1376K(62976K)] 439807K->378895K(720896K), 0.0028943 secs] [Times: user=0.01 sys=0.00, real=0.01 secs] 
1748.424: [GC (Allocation Failure) [PSYoungGen: 62304K->1344K(62976K)] 439823K->378863K(720896K), 0.0032950 secs] [Times: user=0.01 sys=0.00, real=0.01 secs] 
1749.055: [GC (Allocation Failure) [PSYoungGen: 62253K->1501K(62976K)] 439773K->379021K(720896K), 0.0019915 secs] [Times: user=0.01 sys=0.00, real=0.01 secs] 
1749.426: [GC (Allocation Failure) [PSYoungGen: 62429K->1565K(62976K)] 439949K->379085K(720896K), 0.0017610 secs] [Times: user=0.01 sys=0.00, real=0.01 secs] 
1749.850: [GC (Allocation Failure) [PSYoungGen: 62493K->1613K(62976K)] 440013K->379141K(720896K), 0.0015991 secs] [Times: user=0.00 sys=0.00, real=0.00 secs] 
1750.216: [GC (Allocation Failure) [PSYoungGen: 62541K->1565K(62976K)] 440069K->379093K(720896K), 0.0017743 secs] [Times: user=0.00 sys=0.00, real=0.01 secs] 
1750.557: [GC (Allocation Failure) [PSYoungGen: 62493K->1472K(62976K)] 440021K->378999K(720896K), 0.0019248 secs] [Times: user=0.01 sys=0.00, real=0.00 secs] 
1750.810: [GC (Allocation Failure) [PSYoungGen: 62400K->1408K(62976K)] 439927K->378935K(720896K), 0.0019362 secs] [Times: user=0.01 sys=0.00, real=0.00 secs] 
1751.064: [GC (Allocation Failure) [PSYoungGen: 62336K->1408K(62976K)] 439863K->378935K(720896K), 0.0020110 secs] [Times: user=0.01 sys=0.00, real=0.00 secs] 
1751.317: [GC (Allocation Failure) [PSYoungGen: 62336K->1408K(62976K)] 439863K->378935K(720896K), 0.0020018 secs] [Times: user=0.01 sys=0.00, real=0.00 secs] 
1751.570: [GC (Allocation Failure) [PSYoungGen: 62336K->1376K(62976K)] 439863K->378919K(720896K), 0.0018771 secs] [Times: user=0.01 sys=0.00, real=0.00 secs] 
1751.916: [GC (Allocation Failure) [PSYoungGen: 62304K->1549K(62976K)] 439847K->379093K(720896K), 0.0016077 secs] [Times: user=0.01 sys=0.00, real=0.00 secs] 
1752.292: [GC (Allocation Failure) [PSYoungGen: 62477K->1549K(62976K)] 440021K->379093K(720896K), 0.0017004 secs] [Times: user=0.00 sys=0.00, real=0.00 secs] 
1752.656: [GC (Allocation Failure) [PSYoungGen: 62477K->1565K(62976K)] 440021K->379125K(720896K), 0.0015495 secs] [Times: user=0.01 sys=0.00, real=0.00 secs] 
1753.020: [GC (Allocation Failure) [PSYoungGen: 62493K->1549K(62976K)] 440053K->379109K(720896K), 0.0017073 secs] [Times: user=0.01 sys=0.00, real=0.00 secs] 
1753.525: [GC (Allocation Failure) [PSYoungGen: 62477K->1440K(62976K)] 440037K->378999K(720896K), 0.0022374 secs] [Times: user=0.01 sys=0.00, real=0.01 secs] 
1753.779: [GC (Allocation Failure) [PSYoungGen: 62368K->1376K(62976K)] 439927K->378935K(720896K), 0.0022122 secs] [Times: user=0.01 sys=0.00, real=0.00 secs] 
1754.050: [GC (Allocation Failure) [PSYoungGen: 62304K->1392K(62976K)] 439863K->378951K(720896K), 0.0020705 secs] [Times: user=0.01 sys=0.00, real=0.00 secs] 
1754.336: [GC (Allocation Failure) [PSYoungGen: 62320K->1376K(62976K)] 439879K->378935K(720896K), 0.0019626 secs] [Times: user=0.01 sys=0.00, real=0.00 secs] 
1754.649: [GC (Allocation Failure) [PSYoungGen: 62304K->1453K(62976K)] 439863K->379013K(720896K), 0.0019669 secs] [Times: user=0.01 sys=0.00, real=0.00 secs] 
1755.037: [GC (Allocation Failure) [PSYoungGen: 62381K->1517K(62976K)] 439941K->379077K(720896K), 0.0016271 secs] [Times: user=0.01 sys=0.00, real=0.00 secs] 
1755.399: [GC (Allocation Failure) [PSYoungGen: 62445K->1517K(62976K)] 440005K->379085K(720896K), 0.0017213 secs] [Times: user=0.01 sys=0.00, real=0.00 secs] 
1755.765: [GC (Allocation Failure) [PSYoungGen: 62445K->1581K(62976K)] 440013K->379149K(720896K), 0.0016194 secs] [Times: user=0.01 sys=0.00, real=0.01 secs] 
1756.124: [GC (Allocation Failure) [PSYoungGen: 62310K->320K(62976K)] 439878K->377887K(720896K), 0.0015885 secs] [Times: user=0.01 sys=0.00, real=0.00 secs] 
1756.791: [GC (Allocation Failure) [PSYoungGen: 61248K->1344K(62976K)] 438815K->378911K(720896K), 0.0021050 secs] [Times: user=0.01 sys=0.00, real=0.00 secs] 
1757.092: [GC (Allocation Failure) [PSYoungGen: 62272K->1344K(62976K)] 439839K->378911K(720896K), 0.0020000 secs] [Times: user=0.01 sys=0.00, real=0.00 secs] 
1757.348: [GC (Allocation Failure) [PSYoungGen: 62272K->1408K(62976K)] 439839K->378975K(720896K), 0.0021242 secs] [Times: user=0.01 sys=0.00, real=0.00 secs] 
1757.717: [GC (Allocation Failure) [PSYoungGen: 62336K->1424K(62976K)] 439903K->378991K(720896K), 0.0018424 secs] [Times: user=0.01 sys=0.00, real=0.00 secs] 
1758.223: [GC (Allocation Failure) [PSYoungGen: 62327K->1517K(62976K)] 439895K->379085K(720896K), 0.0016246 secs] [Times: user=0.01 sys=0.00, real=0.00 secs] 
1758.589: [GC (Allocation Failure) [PSYoungGen: 62445K->1584K(62976K)] 440013K->379151K(720896K), 0.0016884 secs] [Times: user=0.01 sys=0.00, real=0.00 secs] 
1759.011: [GC (Allocation Failure) [PSYoungGen: 62512K->1549K(62976K)] 440079K->379125K(720896K), 0.0017254 secs] [Times: user=0.01 sys=0.00, real=0.00 secs] 
1759.433: [GC (Allocation Failure) [PSYoungGen: 62477K->1581K(62976K)] 440053K->379157K(720896K), 0.0019108 secs] [Times: user=0.01 sys=0.00, real=0.00 secs] 
1759.770: [GC (Allocation Failure) [PSYoungGen: 62509K->1504K(62976K)] 440085K->379079K(720896K), 0.0022050 secs] [Times: user=0.01 sys=0.00, real=0.00 secs] 
1760.040: [GC (Allocation Failure) [PSYoungGen: 62432K->1344K(62976K)] 440007K->378919K(720896K), 0.0023146 secs] [Times: user=0.01 sys=0.00, real=0.00 secs] 
1760.294: [GC (Allocation Failure) [PSYoungGen: 62272K->1408K(62976K)] 439847K->378983K(720896K), 0.0021625 secs] [Times: user=0.01 sys=0.00, real=0.01 secs] 
1760.551: [GC (Allocation Failure) [PSYoungGen: 62336K->1376K(62976K)] 439911K->378951K(720896K), 0.0033715 secs] [Times: user=0.01 sys=0.00, real=0.00 secs] 
1760.970: [GC (Allocation Failure) [PSYoungGen: 62304K->1344K(62976K)] 439879K->378919K(720896K), 0.0028353 secs] [Times: user=0.01 sys=0.00, real=0.00 secs] 
1761.401: [GC (Allocation Failure) [PSYoungGen: 62240K->1565K(62976K)] 439815K->379157K(720896K), 0.0016908 secs] [Times: user=0.01 sys=0.00, real=0.00 secs] 
1761.767: [GC (Allocation Failure) [PSYoungGen: 62493K->1565K(62976K)] 440085K->379165K(720896K), 0.0017740 secs] [Times: user=0.00 sys=0.00, real=0.00 secs] 
1762.190: [GC (Allocation Failure) [PSYoungGen: 62493K->1533K(62976K)] 440093K->379141K(720896K), 0.0016227 secs] [Times: user=0.01 sys=0.00, real=0.00 secs] 
1762.621: [GC (Allocation Failure) [PSYoungGen: 62461K->1565K(62976K)] 440069K->379173K(720896K), 0.0017658 secs] [Times: user=0.01 sys=0.00, real=0.00 secs] 
1763.225: [GC (Allocation Failure) [PSYoungGen: 62493K->1440K(62976K)] 440101K->379047K(720896K), 0.0033980 secs] [Times: user=0.01 sys=0.00, real=0.01 secs] 
1763.724: [GC (Allocation Failure) [PSYoungGen: 62368K->1440K(62976K)] 439975K->379047K(720896K), 0.0025002 secs] [Times: user=0.02 sys=0.00, real=0.01 secs] 
1764.162: [GC (Allocation Failure) [PSYoungGen: 62368K->1376K(62976K)] 439975K->378983K(720896K), 0.0024846 secs] [Times: user=0.01 sys=0.00, real=0.00 secs] 
1764.688: [GC (Allocation Failure) [PSYoungGen: 62304K->1408K(62976K)] 439911K->379015K(720896K), 0.0041254 secs] [Times: user=0.02 sys=0.00, real=0.00 secs] 
1765.666: [GC (Allocation Failure) [PSYoungGen: 62336K->1517K(62976K)] 439943K->379133K(720896K), 0.0022014 secs] [Times: user=0.01 sys=0.00, real=0.01 secs] 
1766.073: [GC (Allocation Failure) [PSYoungGen: 62445K->1581K(62976K)] 440061K->379197K(720896K), 0.0016395 secs] [Times: user=0.01 sys=0.00, real=0.00 secs] 
1766.439: [GC (Allocation Failure) [PSYoungGen: 62509K->1549K(62976K)] 440125K->379173K(720896K), 0.0017245 secs] [Times: user=0.00 sys=0.00, real=0.00 secs] 
1766.805: [GC (Allocation Failure) [PSYoungGen: 62468K->1565K(62976K)] 440092K->379189K(720896K), 0.0016989 secs] [Times: user=0.00 sys=0.00, real=0.01 secs] 
1767.596: [GC (Allocation Failure) [PSYoungGen: 62493K->2016K(62976K)] 440117K->379639K(720896K), 0.0044341 secs] [Times: user=0.01 sys=0.01, real=0.01 secs] 
1768.196: [GC (Allocation Failure) [PSYoungGen: 62944K->1376K(62976K)] 440567K->378999K(720896K), 0.0025988 secs] [Times: user=0.01 sys=0.00, real=0.00 secs] 
1768.444: [GC (Allocation Failure) [PSYoungGen: 62304K->1392K(62976K)] 439927K->379015K(720896K), 0.0020112 secs] [Times: user=0.01 sys=0.00, real=0.00 secs] 
1768.764: [GC (Allocation Failure) [PSYoungGen: 62320K->1376K(62976K)] 439943K->378999K(720896K), 0.0020737 secs] [Times: user=0.01 sys=0.00, real=0.01 secs] 
1769.095: [GC (Allocation Failure) [PSYoungGen: 62304K->1376K(62976K)] 439927K->378999K(720896K), 0.0020022 secs] [Times: user=0.01 sys=0.00, real=0.01 secs] 
1769.605: [GC (Allocation Failure) [PSYoungGen: 62297K->1517K(62976K)] 439921K->379141K(720896K), 0.0015795 secs] [Times: user=0.00 sys=0.00, real=0.01 secs] 
1769.969: [GC (Allocation Failure) [PSYoungGen: 62445K->1581K(62976K)] 440069K->379205K(720896K), 0.0017122 secs] [Times: user=0.01 sys=0.00, real=0.00 secs] 
1770.332: [GC (Allocation Failure) [PSYoungGen: 62509K->1549K(62976K)] 440133K->379181K(720896K), 0.0016500 secs] [Times: user=0.01 sys=0.00, real=0.00 secs] 
1770.754: [GC (Allocation Failure) [PSYoungGen: 62477K->1613K(62976K)] 440109K->379245K(720896K), 0.0017343 secs] [Times: user=0.01 sys=0.00, real=0.00 secs] 
1771.113: [GC (Allocation Failure) [PSYoungGen: 62541K->1440K(62976K)] 440173K->379071K(720896K), 0.0023692 secs] [Times: user=0.01 sys=0.00, real=0.00 secs] 
1771.510: [GC (Allocation Failure) [PSYoungGen: 62368K->1408K(62976K)] 439999K->379039K(720896K), 0.0022636 secs] [Times: user=0.01 sys=0.00, real=0.00 secs] 
1771.764: [GC (Allocation Failure) [PSYoungGen: 62336K->1376K(62976K)] 439967K->379023K(720896K), 0.0044309 secs] [Times: user=0.02 sys=0.00, real=0.01 secs] 
1772.020: [GC (Allocation Failure) [PSYoungGen: 62304K->1376K(62976K)] 439951K->379023K(720896K), 0.0017626 secs] [Times: user=0.01 sys=0.00, real=0.00 secs] 
1772.461: [GC (Allocation Failure) [PSYoungGen: 62304K->1408K(62976K)] 439951K->379055K(720896K), 0.0019673 secs] [Times: user=0.01 sys=0.00, real=0.00 secs] 
1772.856: [GC (Allocation Failure) [PSYoungGen: 62336K->1565K(62976K)] 439983K->379213K(720896K), 0.0016886 secs] [Times: user=0.01 sys=0.00, real=0.01 secs] 
1773.282: [GC (Allocation Failure) [PSYoungGen: 62493K->1533K(62976K)] 440141K->379197K(720896K), 0.0019068 secs] [Times: user=0.01 sys=0.00, real=0.00 secs] 
1773.708: [GC (Allocation Failure) [PSYoungGen: 62461K->1584K(62976K)] 440125K->379247K(720896K), 0.0017179 secs] [Times: user=0.01 sys=0.00, real=0.00 secs] 
1774.073: [GC (Allocation Failure) [PSYoungGen: 62512K->1565K(62976K)] 440175K->379229K(720896K), 0.0017225 secs] [Times: user=0.00 sys=0.00, real=0.00 secs] 
1775.159: [GC (Allocation Failure) [PSYoungGen: 62493K->1440K(62976K)] 440157K->379103K(720896K), 0.0046536 secs] [Times: user=0.02 sys=0.00, real=0.00 secs] 
1775.869: [GC (Allocation Failure) [PSYoungGen: 62368K->1344K(62976K)] 440031K->379007K(720896K), 0.0033189 secs] [Times: user=0.01 sys=0.00, real=0.00 secs] 
1776.364: [GC (Allocation Failure) [PSYoungGen: 62272K->1408K(62976K)] 439935K->379071K(720896K), 0.0028111 secs] [Times: user=0.01 sys=0.00, real=0.01 secs] 
1776.737: [GC (Allocation Failure) [PSYoungGen: 62336K->1424K(62976K)] 439999K->379087K(720896K), 0.0021534 secs] [Times: user=0.01 sys=0.00, real=0.00 secs] 
1777.078: [GC (Allocation Failure) [PSYoungGen: 62352K->1485K(62976K)] 440015K->379149K(720896K), 0.0015393 secs] [Times: user=0.01 sys=0.00, real=0.00 secs] 
1777.443: [GC (Allocation Failure) [PSYoungGen: 62413K->1517K(62976K)] 440077K->379181K(720896K), 0.0015936 secs] [Times: user=0.01 sys=0.00, real=0.00 secs] 
1777.807: [GC (Allocation Failure) [PSYoungGen: 62445K->1581K(62976K)] 440109K->379253K(720896K), 0.0016408 secs] [Times: user=0.01 sys=0.00, real=0.00 secs] 
1778.170: [GC (Allocation Failure) [PSYoungGen: 62509K->1581K(62976K)] 440181K->379253K(720896K), 0.0016095 secs] [Times: user=0.01 sys=0.00, real=0.00 secs] 
1778.994: [GC (Allocation Failure) [PSYoungGen: 62509K->1472K(62976K)] 440181K->379143K(720896K), 0.0030391 secs] [Times: user=0.02 sys=0.00, real=0.01 secs] 
1779.600: [GC (Allocation Failure) [PSYoungGen: 62400K->1392K(62976K)] 440071K->379063K(720896K), 0.0029430 secs] [Times: user=0.01 sys=0.01, real=0.00 secs] 
1780.193: [GC (Allocation Failure) [PSYoungGen: 62320K->1392K(62976K)] 439991K->379063K(720896K), 0.0028060 secs] [Times: user=0.01 sys=0.00, real=0.00 secs] 
1780.639: [GC (Allocation Failure) [PSYoungGen: 62320K->1408K(62976K)] 439991K->379079K(720896K), 0.0021340 secs] [Times: user=0.01 sys=0.00, real=0.00 secs] 
1780.931: [GC (Allocation Failure) [PSYoungGen: 62336K->1408K(62976K)] 440007K->379079K(720896K), 0.0020669 secs] [Times: user=0.01 sys=0.00, real=0.00 secs] 
1781.316: [GC (Allocation Failure) [PSYoungGen: 62333K->1517K(62976K)] 440004K->379189K(720896K), 0.0015827 secs] [Times: user=0.01 sys=0.00, real=0.00 secs] 
1781.745: [GC (Allocation Failure) [PSYoungGen: 62445K->1613K(62976K)] 440117K->379285K(720896K), 0.0017427 secs] [Times: user=0.01 sys=0.00, real=0.01 secs] 
1782.110: [GC (Allocation Failure) [PSYoungGen: 62541K->1613K(62976K)] 440213K->379293K(720896K), 0.0016222 secs] [Times: user=0.01 sys=0.00, real=0.00 secs] 
1782.474: [GC (Allocation Failure) [PSYoungGen: 62541K->1584K(62976K)] 440221K->379279K(720896K), 0.0016943 secs] [Times: user=0.01 sys=0.00, real=0.00 secs] 
1782.784: [GC (Allocation Failure) [PSYoungGen: 62512K->1440K(62976K)] 440207K->379135K(720896K), 0.0037794 secs] [Times: user=0.02 sys=0.00, real=0.01 secs] 
1783.039: [GC (Allocation Failure) [PSYoungGen: 62368K->1376K(62976K)] 440063K->379071K(720896K), 0.0020600 secs] [Times: user=0.01 sys=0.00, real=0.00 secs] 
1783.295: [GC (Allocation Failure) [PSYoungGen: 62304K->1376K(62976K)] 439999K->379071K(720896K), 0.0020049 secs] [Times: user=0.01 sys=0.00, real=0.01 secs] 
1783.549: [GC (Allocation Failure) [PSYoungGen: 62304K->1392K(62976K)] 439999K->379087K(720896K), 0.0020249 secs] [Times: user=0.01 sys=0.00, real=0.00 secs] 
1783.837: [GC (Allocation Failure) [PSYoungGen: 62320K->1469K(62976K)] 440015K->379165K(720896K), 0.0018261 secs] [Times: user=0.01 sys=0.00, real=0.00 secs] 
1784.203: [GC (Allocation Failure) [PSYoungGen: 62397K->1597K(62976K)] 440093K->379293K(720896K), 0.0016366 secs] [Times: user=0.01 sys=0.00, real=0.00 secs] 
1784.566: [GC (Allocation Failure) [PSYoungGen: 62525K->1565K(62976K)] 440221K->379269K(720896K), 0.0016580 secs] [Times: user=0.00 sys=0.00, real=0.01 secs] 
1784.931: [GC (Allocation Failure) [PSYoungGen: 62493K->1565K(62976K)] 440197K->379269K(720896K), 0.0017471 secs] [Times: user=0.01 sys=0.00, real=0.00 secs] 
1785.320: [GC (Allocation Failure) [PSYoungGen: 62493K->1600K(62976K)] 440197K->379303K(720896K), 0.0019159 secs] [Times: user=0.01 sys=0.00, real=0.00 secs] 
1785.626: [GC (Allocation Failure) [PSYoungGen: 62528K->1376K(62976K)] 440231K->379079K(720896K), 0.0019489 secs] [Times: user=0.01 sys=0.00, real=0.01 secs] 
1785.990: [GC (Allocation Failure) [PSYoungGen: 62304K->1376K(62976K)] 440007K->379079K(720896K), 0.0018421 secs] [Times: user=0.01 sys=0.00, real=0.00 secs] 
1786.351: [GC (Allocation Failure) [PSYoungGen: 62304K->1392K(62976K)] 440007K->379095K(720896K), 0.0018144 secs] [Times: user=0.01 sys=0.00, real=0.00 secs] 
1786.750: [GC (Allocation Failure) [PSYoungGen: 62320K->1376K(62976K)] 440023K->379079K(720896K), 0.0017692 secs] [Times: user=0.01 sys=0.00, real=0.00 secs] 
1787.344: [GC (Allocation Failure) [PSYoungGen: 62295K->1517K(62976K)] 439998K->379221K(720896K), 0.0015963 secs] [Times: user=0.01 sys=0.00, real=0.00 secs] 
1787.708: [GC (Allocation Failure) [PSYoungGen: 62445K->1597K(62976K)] 440149K->379301K(720896K), 0.0017900 secs] [Times: user=0.00 sys=0.00, real=0.00 secs] 
1788.071: [GC (Allocation Failure) [PSYoungGen: 62525K->1581K(62976K)] 440229K->379293K(720896K), 0.0016184 secs] [Times: user=0.00 sys=0.00, real=0.00 secs] 
1788.494: [GC (Allocation Failure) [PSYoungGen: 62509K->1597K(62976K)] 440221K->379309K(720896K), 0.0016321 secs] [Times: user=0.01 sys=0.00, real=0.01 secs] 
1788.915: [GC (Allocation Failure) [PSYoungGen: 62525K->1472K(62976K)] 440237K->379183K(720896K), 0.0025043 secs] [Times: user=0.01 sys=0.00, real=0.01 secs] 
1789.300: [GC (Allocation Failure) [PSYoungGen: 62400K->1376K(62976K)] 440111K->379087K(720896K), 0.0021551 secs] [Times: user=0.01 sys=0.00, real=0.00 secs] 
1789.825: [GC (Allocation Failure) [PSYoungGen: 62304K->1344K(62976K)] 440015K->379055K(720896K), 0.0022085 secs] [Times: user=0.01 sys=0.00, real=0.01 secs] 
1790.534: [GC (Allocation Failure) [PSYoungGen: 62272K->1408K(62976K)] 439983K->379119K(720896K), 0.0024959 secs] [Times: user=0.01 sys=0.00, real=0.01 secs] 
1791.424: [GC (Allocation Failure) [PSYoungGen: 62336K->1408K(62976K)] 440047K->379119K(720896K), 0.0035879 secs] [Times: user=0.01 sys=0.00, real=0.01 secs] 
1792.067: [GC (Allocation Failure) [PSYoungGen: 62336K->1549K(62976K)] 440047K->379261K(720896K), 0.0016314 secs] [Times: user=0.01 sys=0.00, real=0.00 secs] 
1792.431: [GC (Allocation Failure) [PSYoungGen: 62477K->1533K(62976K)] 440189K->379253K(720896K), 0.0016577 secs] [Times: user=0.01 sys=0.00, real=0.00 secs] 
1792.793: [GC (Allocation Failure) [PSYoungGen: 62461K->1549K(62976K)] 440181K->379285K(720896K), 0.0016172 secs] [Times: user=0.01 sys=0.00, real=0.00 secs] 
1793.166: [GC (Allocation Failure) [PSYoungGen: 62477K->1533K(62976K)] 440213K->379269K(720896K), 0.0016321 secs] [Times: user=0.01 sys=0.00, real=0.01 secs] 
1793.882: [GC (Allocation Failure) [PSYoungGen: 62461K->1392K(62976K)] 440197K->379127K(720896K), 0.0035973 secs] [Times: user=0.01 sys=0.00, real=0.00 secs] 
1794.238: [GC (Allocation Failure) [PSYoungGen: 62320K->1392K(62976K)] 440055K->379127K(720896K), 0.0024239 secs] [Times: user=0.01 sys=0.00, real=0.00 secs] 
1794.515: [GC (Allocation Failure) [PSYoungGen: 62320K->1376K(62976K)] 440055K->379111K(720896K), 0.0022153 secs] [Times: user=0.00 sys=0.01, real=0.01 secs] 
1794.836: [GC (Allocation Failure) [PSYoungGen: 62304K->1392K(62976K)] 440039K->379127K(720896K), 0.0019151 secs] [Times: user=0.01 sys=0.00, real=0.01 secs] 
1795.215: [GC (Allocation Failure) [PSYoungGen: 62293K->1469K(62976K)] 440029K->379205K(720896K), 0.0015746 secs] [Times: user=0.01 sys=0.00, real=0.01 secs] 
1795.580: [GC (Allocation Failure) [PSYoungGen: 62397K->1565K(62976K)] 440133K->379301K(720896K), 0.0016560 secs] [Times: user=0.01 sys=0.00, real=0.00 secs] 
1795.943: [GC (Allocation Failure) [PSYoungGen: 62493K->1565K(62976K)] 440229K->379317K(720896K), 0.0017236 secs] [Times: user=0.00 sys=0.00, real=0.00 secs] 
1796.309: [GC (Allocation Failure) [PSYoungGen: 62493K->1565K(62976K)] 440245K->379317K(720896K), 0.0016979 secs] [Times: user=0.01 sys=0.00, real=0.00 secs] 
1796.755: [GC (Allocation Failure) [PSYoungGen: 62493K->1424K(62976K)] 440245K->379175K(720896K), 0.0021712 secs] [Times: user=0.01 sys=0.00, real=0.01 secs] 
1797.008: [GC (Allocation Failure) [PSYoungGen: 62352K->1392K(62976K)] 440103K->379143K(720896K), 0.0020606 secs] [Times: user=0.01 sys=0.00, real=0.00 secs] 
1797.262: [GC (Allocation Failure) [PSYoungGen: 62320K->1408K(62976K)] 440071K->379159K(720896K), 0.0021929 secs] [Times: user=0.01 sys=0.00, real=0.00 secs] 
1797.515: [GC (Allocation Failure) [PSYoungGen: 62336K->1376K(62976K)] 440087K->379127K(720896K), 0.0021194 secs] [Times: user=0.01 sys=0.00, real=0.01 secs] 
1797.768: [GC (Allocation Failure) [PSYoungGen: 62304K->1408K(62976K)] 440055K->379159K(720896K), 0.0020642 secs] [Times: user=0.01 sys=0.00, real=0.00 secs] 
1798.139: [GC (Allocation Failure) [PSYoungGen: 62326K->1469K(62976K)] 440078K->379221K(720896K), 0.0015599 secs] [Times: user=0.01 sys=0.00, real=0.00 secs] 
1798.504: [GC (Allocation Failure) [PSYoungGen: 62397K->1565K(62976K)] 440149K->379317K(720896K), 0.0015717 secs] [Times: user=0.01 sys=0.00, real=0.00 secs] 
1798.867: [GC (Allocation Failure) [PSYoungGen: 62466K->1581K(62976K)] 440217K->379341K(720896K), 0.0016636 secs] [Times: user=0.00 sys=0.00, real=0.00 secs] 
1799.232: [GC (Allocation Failure) [PSYoungGen: 62509K->1549K(62976K)] 440269K->379309K(720896K), 0.0016669 secs] [Times: user=0.01 sys=0.00, real=0.00 secs] 
1799.996: [GC (Allocation Failure) [PSYoungGen: 62477K->1440K(62976K)] 440237K->379199K(720896K), 0.0043087 secs] [Times: user=0.02 sys=0.00, real=0.01 secs] 
1800.534: [GC (Allocation Failure) [PSYoungGen: 62368K->1376K(62976K)] 440127K->379135K(720896K), 0.0037036 secs] [Times: user=0.02 sys=0.00, real=0.01 secs] 
1801.031: [GC (Allocation Failure) [PSYoungGen: 62304K->1344K(62976K)] 440063K->379103K(720896K), 0.0020788 secs] [Times: user=0.01 sys=0.00, real=0.00 secs] 
1801.478: [GC (Allocation Failure) [PSYoungGen: 62272K->1376K(62976K)] 440031K->379159K(720896K), 0.0021103 secs] [Times: user=0.00 sys=0.00, real=0.00 secs] 
1801.913: [GC (Allocation Failure) [PSYoungGen: 62304K->1360K(62976K)] 440087K->379143K(720896K), 0.0024239 secs] [Times: user=0.01 sys=0.00, real=0.00 secs] 
1802.443: [GC (Allocation Failure) [PSYoungGen: 62288K->1565K(62976K)] 440071K->379349K(720896K), 0.0016754 secs] [Times: user=0.01 sys=0.00, real=0.00 secs] 
1802.808: [GC (Allocation Failure) [PSYoungGen: 62493K->1565K(62976K)] 440277K->379365K(720896K), 0.0017319 secs] [Times: user=0.01 sys=0.00, real=0.00 secs] 
1803.229: [GC (Allocation Failure) [PSYoungGen: 62493K->1565K(62976K)] 440293K->379365K(720896K), 0.0018121 secs] [Times: user=0.01 sys=0.00, real=0.00 secs] 
1803.602: [GC (Allocation Failure) [PSYoungGen: 62493K->1581K(62976K)] 440293K->379381K(720896K), 0.0018471 secs] [Times: user=0.01 sys=0.00, real=0.00 secs] 
1803.940: [GC (Allocation Failure) [PSYoungGen: 62509K->1440K(62976K)] 440309K->379239K(720896K), 0.0030146 secs] [Times: user=0.01 sys=0.00, real=0.00 secs] 
1804.193: [GC (Allocation Failure) [PSYoungGen: 62368K->1360K(62976K)] 440167K->379159K(720896K), 0.0020423 secs] [Times: user=0.01 sys=0.00, real=0.00 secs] 
1804.510: [GC (Allocation Failure) [PSYoungGen: 62288K->1376K(62976K)] 440087K->379175K(720896K), 0.0020216 secs] [Times: user=0.01 sys=0.00, real=0.00 secs] 
1805.017: [GC (Allocation Failure) [PSYoungGen: 62304K->1376K(62976K)] 440103K->379175K(720896K), 0.0019388 secs] [Times: user=0.01 sys=0.00, real=0.00 secs] 
1805.510: [GC (Allocation Failure) [PSYoungGen: 62304K->1469K(62976K)] 440103K->379269K(720896K), 0.0016039 secs] [Times: user=0.01 sys=0.00, real=0.00 secs] 
1805.876: [GC (Allocation Failure) [PSYoungGen: 62375K->1613K(62976K)] 440175K->379413K(720896K), 0.0016490 secs] [Times: user=0.01 sys=0.00, real=0.01 secs] 
1806.242: [GC (Allocation Failure) [PSYoungGen: 62541K->1549K(62976K)] 440341K->379365K(720896K), 0.0016746 secs] [Times: user=0.00 sys=0.00, real=0.00 secs] 
1806.608: [GC (Allocation Failure) [PSYoungGen: 62477K->1549K(62976K)] 440293K->379365K(720896K), 0.0016015 secs] [Times: user=0.01 sys=0.00, real=0.00 secs] 
1806.965: [GC (Allocation Failure) [PSYoungGen: 62477K->1440K(62976K)] 440293K->379255K(720896K), 0.0017137 secs] [Times: user=0.00 sys=0.00, real=0.01 secs] 
1807.323: [GC (Allocation Failure) [PSYoungGen: 62368K->1376K(62976K)] 440183K->379191K(720896K), 0.0020229 secs] [Times: user=0.01 sys=0.00, real=0.00 secs] 
1807.576: [GC (Allocation Failure) [PSYoungGen: 62304K->1392K(62976K)] 440119K->379215K(720896K), 0.0018759 secs] [Times: user=0.01 sys=0.00, real=0.01 secs] 
1807.998: [GC (Allocation Failure) [PSYoungGen: 62320K->1376K(62976K)] 440143K->379199K(720896K), 0.0019671 secs] [Times: user=0.01 sys=0.00, real=0.00 secs] 
1808.451: [GC (Allocation Failure) [PSYoungGen: 62304K->1408K(62976K)] 440127K->379231K(720896K), 0.0020067 secs] [Times: user=0.01 sys=0.00, real=0.00 secs] 
1808.924: [GC (Allocation Failure) [PSYoungGen: 62305K->1533K(62976K)] 440129K->379357K(720896K), 0.0016126 secs] [Times: user=0.00 sys=0.00, real=0.00 secs] 
1809.289: [GC (Allocation Failure) [PSYoungGen: 62461K->1552K(62976K)] 440285K->379375K(720896K), 0.0016332 secs] [Times: user=0.01 sys=0.00, real=0.00 secs] 
1809.653: [GC (Allocation Failure) [PSYoungGen: 62480K->1549K(62976K)] 440303K->379389K(720896K), 0.0016692 secs] [Times: user=0.01 sys=0.00, real=0.00 secs] 
1810.017: [GC (Allocation Failure) [PSYoungGen: 62477K->1584K(62976K)] 440317K->379431K(720896K), 0.0017119 secs] [Times: user=0.00 sys=0.00, real=0.00 secs] 
1810.573: [GC (Allocation Failure) [PSYoungGen: 62512K->1440K(62976K)] 440359K->379287K(720896K), 0.0019915 secs] [Times: user=0.01 sys=0.00, real=0.00 secs] 
1811.156: [GC (Allocation Failure) [PSYoungGen: 62368K->1408K(62976K)] 440215K->379255K(720896K), 0.0040511 secs] [Times: user=0.02 sys=0.00, real=0.00 secs] 
1811.461: [GC (Allocation Failure) [PSYoungGen: 62336K->1392K(62976K)] 440183K->379263K(720896K), 0.0020567 secs] [Times: user=0.01 sys=0.00, real=0.00 secs] 
1811.725: [GC (Allocation Failure) [PSYoungGen: 62320K->1408K(62976K)] 440191K->379279K(720896K), 0.0021316 secs] [Times: user=0.01 sys=0.00, real=0.01 secs] 
1812.213: [GC (Allocation Failure) [PSYoungGen: 62308K->1501K(62976K)] 440180K->379373K(720896K), 0.0021031 secs] [Times: user=0.01 sys=0.00, real=0.00 secs] 
1812.607: [GC (Allocation Failure) [PSYoungGen: 62429K->1533K(62976K)] 440301K->379405K(720896K), 0.0016836 secs] [Times: user=0.00 sys=0.00, real=0.00 secs] 
1812.970: [GC (Allocation Failure) [PSYoungGen: 62461K->1517K(62976K)] 440333K->379397K(720896K), 0.0017480 secs] [Times: user=0.01 sys=0.00, real=0.00 secs] 
1813.334: [GC (Allocation Failure) [PSYoungGen: 62445K->1552K(62976K)] 440325K->379431K(720896K), 0.0016741 secs] [Times: user=0.00 sys=0.00, real=0.01 secs] 
1813.794: [GC (Allocation Failure) [PSYoungGen: 62480K->2016K(62976K)] 440359K->379903K(720896K), 0.0018774 secs] [Times: user=0.01 sys=0.00, real=0.00 secs] 
1814.080: [GC (Allocation Failure) [PSYoungGen: 62944K->1344K(62976K)] 440831K->379231K(720896K), 0.0021912 secs] [Times: user=0.01 sys=0.00, real=0.00 secs] 
1814.359: [GC (Allocation Failure) [PSYoungGen: 62272K->1344K(62976K)] 440159K->379231K(720896K), 0.0020786 secs] [Times: user=0.01 sys=0.00, real=0.00 secs] 
1814.640: [GC (Allocation Failure) [PSYoungGen: 62272K->1408K(62976K)] 440159K->379295K(720896K), 0.0020037 secs] [Times: user=0.01 sys=0.00, real=0.00 secs] 
1814.910: [GC (Allocation Failure) [PSYoungGen: 62336K->1392K(62976K)] 440223K->379287K(720896K), 0.0020662 secs] [Times: user=0.00 sys=0.00, real=0.00 secs] 
1815.329: [GC (Allocation Failure) [PSYoungGen: 62320K->1549K(62976K)] 440215K->379445K(720896K), 0.0015575 secs] [Times: user=0.00 sys=0.00, real=0.00 secs] 
1815.694: [GC (Allocation Failure) [PSYoungGen: 62460K->1565K(62976K)] 440356K->379461K(720896K), 0.0016751 secs] [Times: user=0.01 sys=0.00, real=0.00 secs] 
1816.057: [GC (Allocation Failure) [PSYoungGen: 62483K->1549K(62976K)] 440379K->379453K(720896K), 0.0018226 secs] [Times: user=0.00 sys=0.00, real=0.00 secs] 
1816.422: [GC (Allocation Failure) [PSYoungGen: 62477K->1533K(62976K)] 440381K->379437K(720896K), 0.0017170 secs] [Times: user=0.00 sys=0.00, real=0.00 secs] 
1816.777: [GC (Allocation Failure) [PSYoungGen: 62461K->1440K(62976K)] 440365K->379343K(720896K), 0.0016937 secs] [Times: user=0.01 sys=0.00, real=0.00 secs] 
1817.030: [GC (Allocation Failure) [PSYoungGen: 62368K->1376K(62976K)] 440271K->379279K(720896K), 0.0017943 secs] [Times: user=0.01 sys=0.00, real=0.00 secs] 
1817.290: [GC (Allocation Failure) [PSYoungGen: 62304K->1376K(62976K)] 440207K->379279K(720896K), 0.0026390 secs] [Times: user=0.01 sys=0.00, real=0.00 secs] 
1817.540: [GC (Allocation Failure) [PSYoungGen: 62304K->1408K(62976K)] 440207K->379311K(720896K), 0.0022606 secs] [Times: user=0.01 sys=0.00, real=0.00 secs] 
1817.802: [GC (Allocation Failure) [PSYoungGen: 62336K->1376K(62976K)] 440239K->379279K(720896K), 0.0023699 secs] [Times: user=0.01 sys=0.00, real=0.00 secs] 
1818.205: [GC (Allocation Failure) [PSYoungGen: 62304K->1533K(62976K)] 440207K->379437K(720896K), 0.0016156 secs] [Times: user=0.01 sys=0.00, real=0.01 secs] 
1818.568: [GC (Allocation Failure) [PSYoungGen: 62454K->1597K(62976K)] 440358K->379509K(720896K), 0.0015795 secs] [Times: user=0.00 sys=0.00, real=0.00 secs] 
1818.933: [GC (Allocation Failure) [PSYoungGen: 62525K->1581K(62976K)] 440437K->379493K(720896K), 0.0017872 secs] [Times: user=0.01 sys=0.00, real=0.00 secs] 
1819.297: [GC (Allocation Failure) [PSYoungGen: 62509K->1565K(62976K)] 440421K->379477K(720896K), 0.0018100 secs] [Times: user=0.01 sys=0.00, real=0.00 secs] 
1820.298: [GC (Allocation Failure) [PSYoungGen: 62493K->1440K(62976K)] 440405K->379351K(720896K), 0.0043257 secs] [Times: user=0.02 sys=0.00, real=0.00 secs] 
1820.706: [GC (Allocation Failure) [PSYoungGen: 62368K->1408K(62976K)] 440279K->379319K(720896K), 0.0020257 secs] [Times: user=0.01 sys=0.00, real=0.00 secs] 
1820.963: [GC (Allocation Failure) [PSYoungGen: 62336K->1376K(62976K)] 440247K->379287K(720896K), 0.0021181 secs] [Times: user=0.00 sys=0.00, real=0.00 secs] 
1821.333: [GC (Allocation Failure) [PSYoungGen: 62304K->1344K(62976K)] 440215K->379271K(720896K), 0.0020978 secs] [Times: user=0.01 sys=0.00, real=0.00 secs] 
1821.698: [GC (Allocation Failure) [PSYoungGen: 62248K->1453K(62976K)] 440176K->379381K(720896K), 0.0016344 secs] [Times: user=0.01 sys=0.00, real=0.00 secs] 
1822.066: [GC (Allocation Failure) [PSYoungGen: 62381K->1552K(62976K)] 440309K->379479K(720896K), 0.0016989 secs] [Times: user=0.00 sys=0.00, real=0.01 secs] 
1822.490: [GC (Allocation Failure) [PSYoungGen: 62480K->1552K(62976K)] 440407K->379495K(720896K), 0.0016671 secs] [Times: user=0.01 sys=0.00, real=0.00 secs] 
1822.855: [GC (Allocation Failure) [PSYoungGen: 62480K->1597K(62976K)] 440423K->379541K(720896K), 0.0017792 secs] [Times: user=0.00 sys=0.00, real=0.01 secs] 
1823.996: [GC (Allocation Failure) [PSYoungGen: 62525K->1440K(62976K)] 440469K->379383K(720896K), 0.0045694 secs] [Times: user=0.02 sys=0.00, real=0.01 secs] 
1824.593: [GC (Allocation Failure) [PSYoungGen: 62368K->1408K(62976K)] 440311K->379351K(720896K), 0.0041562 secs] [Times: user=0.02 sys=0.00, real=0.01 secs] 
1825.112: [GC (Allocation Failure) [PSYoungGen: 62336K->1376K(62976K)] 440279K->379319K(720896K), 0.0033384 secs] [Times: user=0.01 sys=0.00, real=0.00 secs] 
1825.630: [GC (Allocation Failure) [PSYoungGen: 62304K->1408K(62976K)] 440247K->379351K(720896K), 0.0033646 secs] [Times: user=0.02 sys=0.00, real=0.00 secs] 
1826.167: [GC (Allocation Failure) [PSYoungGen: 62336K->1392K(62976K)] 440279K->379335K(720896K), 0.0024637 secs] [Times: user=0.01 sys=0.00, real=0.00 secs] 
1826.627: [GC (Allocation Failure) [PSYoungGen: 62320K->1549K(62976K)] 440263K->379493K(720896K), 0.0016301 secs] [Times: user=0.01 sys=0.00, real=0.00 secs] 
1826.992: [GC (Allocation Failure) [PSYoungGen: 62477K->1597K(62976K)] 440421K->379541K(720896K), 0.0017215 secs] [Times: user=0.01 sys=0.00, real=0.00 secs] 
1827.356: [GC (Allocation Failure) [PSYoungGen: 62525K->1613K(62976K)] 440469K->379565K(720896K), 0.0016428 secs] [Times: user=0.01 sys=0.00, real=0.01 secs] 
1827.721: [GC (Allocation Failure) [PSYoungGen: 62541K->1581K(62976K)] 440493K->379533K(720896K), 0.0016546 secs] [Times: user=0.01 sys=0.00, real=0.00 secs] 
1828.055: [GC (Allocation Failure) [PSYoungGen: 62509K->1408K(62976K)] 440461K->379359K(720896K), 0.0018947 secs] [Times: user=0.01 sys=0.00, real=0.01 secs] 
1828.354: [GC (Allocation Failure) [PSYoungGen: 62336K->1408K(62976K)] 440287K->379359K(720896K), 0.0019736 secs] [Times: user=0.01 sys=0.00, real=0.01 secs] 
1828.810: [GC (Allocation Failure) [PSYoungGen: 62336K->1376K(62976K)] 440287K->379327K(720896K), 0.0018314 secs] [Times: user=0.01 sys=0.00, real=0.00 secs] 
1829.316: [GC (Allocation Failure) [PSYoungGen: 62304K->1376K(62976K)] 440255K->379327K(720896K), 0.0020699 secs] [Times: user=0.01 sys=0.00, real=0.00 secs] 
1829.879: [GC (Allocation Failure) [PSYoungGen: 62172K->288K(62976K)] 440123K->378239K(720896K), 0.0021850 secs] [Times: user=0.01 sys=0.00, real=0.00 secs] 
1830.361: [GC (Allocation Failure) [PSYoungGen: 61216K->1597K(62976K)] 439167K->379549K(720896K), 0.0017676 secs] [Times: user=0.01 sys=0.00, real=0.00 secs] 
1830.725: [GC (Allocation Failure) [PSYoungGen: 62525K->1517K(62976K)] 440477K->379477K(720896K), 0.0016082 secs] [Times: user=0.01 sys=0.00, real=0.01 secs] 
1831.090: [GC (Allocation Failure) [PSYoungGen: 62445K->1613K(62976K)] 440405K->379573K(720896K), 0.0018095 secs] [Times: user=0.01 sys=0.00, real=0.00 secs] 
1831.514: [GC (Allocation Failure) [PSYoungGen: 62541K->1565K(62976K)] 440501K->379525K(720896K), 0.0017841 secs] [Times: user=0.01 sys=0.00, real=0.00 secs] 
1831.927: [GC (Allocation Failure) [PSYoungGen: 62493K->1408K(62976K)] 440453K->379391K(720896K), 0.0029120 secs] [Times: user=0.01 sys=0.00, real=0.00 secs] 
1832.441: [GC (Allocation Failure) [PSYoungGen: 62336K->1376K(62976K)] 440319K->379359K(720896K), 0.0029760 secs] [Times: user=0.01 sys=0.00, real=0.00 secs] 
1833.285: [GC (Allocation Failure) [PSYoungGen: 62304K->1376K(62976K)] 440287K->379359K(720896K), 0.0033650 secs] [Times: user=0.01 sys=0.00, real=0.01 secs] 
1834.082: [GC (Allocation Failure) [PSYoungGen: 62304K->1376K(62976K)] 440287K->379359K(720896K), 0.0049794 secs] [Times: user=0.01 sys=0.00, real=0.01 secs] 
1834.912: [GC (Allocation Failure) [PSYoungGen: 62304K->1437K(62976K)] 440287K->379421K(720896K), 0.0015674 secs] [Times: user=0.01 sys=0.00, real=0.00 secs] 
1835.276: [GC (Allocation Failure) [PSYoungGen: 62365K->1597K(62976K)] 440349K->379581K(720896K), 0.0017321 secs] [Times: user=0.01 sys=0.00, real=0.01 secs] 
1835.704: [GC (Allocation Failure) [PSYoungGen: 62525K->1581K(62976K)] 440509K->379573K(720896K), 0.0017896 secs] [Times: user=0.00 sys=0.00, real=0.00 secs] 
1836.071: [GC (Allocation Failure) [PSYoungGen: 62509K->1549K(62976K)] 440501K->379541K(720896K), 0.0017744 secs] [Times: user=0.01 sys=0.00, real=0.00 secs] 
1836.507: [GC (Allocation Failure) [PSYoungGen: 62477K->1504K(62976K)] 440469K->379495K(720896K), 0.0026908 secs] [Times: user=0.01 sys=0.00, real=0.00 secs] 
1836.856: [GC (Allocation Failure) [PSYoungGen: 62432K->1376K(62976K)] 440423K->379367K(720896K), 0.0019796 secs] [Times: user=0.01 sys=0.00, real=0.00 secs] 
1837.109: [GC (Allocation Failure) [PSYoungGen: 62304K->1408K(62976K)] 440295K->379399K(720896K), 0.0019284 secs] [Times: user=0.01 sys=0.00, real=0.00 secs] 
1837.647: [GC (Allocation Failure) [PSYoungGen: 62336K->1360K(62976K)] 440327K->379351K(720896K), 0.0025262 secs] [Times: user=0.01 sys=0.00, real=0.00 secs] 
1838.113: [GC (Allocation Failure) [PSYoungGen: 62288K->1408K(62976K)] 440279K->379399K(720896K), 0.0025460 secs] [Times: user=0.01 sys=0.00, real=0.00 secs] 
1838.763: [GC (Allocation Failure) [PSYoungGen: 62336K->1485K(62976K)] 440327K->379477K(720896K), 0.0017230 secs] [Times: user=0.01 sys=0.00, real=0.00 secs] 
1839.127: [GC (Allocation Failure) [PSYoungGen: 62413K->1597K(62976K)] 440405K->379589K(720896K), 0.0016501 secs] [Times: user=0.01 sys=0.00, real=0.00 secs] 
1839.490: [GC (Allocation Failure) [PSYoungGen: 62525K->1597K(62976K)] 440517K->379605K(720896K), 0.0017892 secs] [Times: user=0.01 sys=0.00, real=0.00 secs] 
1839.854: [GC (Allocation Failure) [PSYoungGen: 62525K->1597K(62976K)] 440533K->379605K(720896K), 0.0016259 secs] [Times: user=0.01 sys=0.00, real=0.00 secs] 
1840.179: [GC (Allocation Failure) [PSYoungGen: 62525K->1408K(62976K)] 440533K->379415K(720896K), 0.0030931 secs] [Times: user=0.01 sys=0.00, real=0.00 secs] 
1840.431: [GC (Allocation Failure) [PSYoungGen: 62336K->1344K(62976K)] 440343K->379351K(720896K), 0.0021647 secs] [Times: user=0.00 sys=0.01, real=0.00 secs] 
1840.684: [GC (Allocation Failure) [PSYoungGen: 62272K->1376K(62976K)] 440279K->379383K(720896K), 0.0018941 secs] [Times: user=0.01 sys=0.00, real=0.00 secs] 
1840.938: [GC (Allocation Failure) [PSYoungGen: 62304K->1376K(62976K)] 440311K->379383K(720896K), 0.0020045 secs] [Times: user=0.01 sys=0.01, real=0.00 secs] 
1841.232: [GC (Allocation Failure) [PSYoungGen: 62304K->1424K(62976K)] 440311K->379447K(720896K), 0.0015992 secs] [Times: user=0.01 sys=0.00, real=0.00 secs] 
1841.597: [GC (Allocation Failure) [PSYoungGen: 62352K->1501K(62976K)] 440375K->379525K(720896K), 0.0016214 secs] [Times: user=0.01 sys=0.00, real=0.00 secs] 
1842.024: [GC (Allocation Failure) [PSYoungGen: 62429K->1549K(62976K)] 440453K->379581K(720896K), 0.0017726 secs] [Times: user=0.01 sys=0.00, real=0.00 secs] 
1842.391: [GC (Allocation Failure) [PSYoungGen: 62477K->1517K(62976K)] 440509K->379549K(720896K), 0.0016544 secs] [Times: user=0.01 sys=0.00, real=0.00 secs] 
1842.842: [GC (Allocation Failure) [PSYoungGen: 62445K->1984K(62976K)] 440477K->380015K(720896K), 0.0021624 secs] [Times: user=0.01 sys=0.00, real=0.00 secs] 
1843.169: [GC (Allocation Failure) [PSYoungGen: 62912K->1376K(62976K)] 440943K->379407K(720896K), 0.0021383 secs] [Times: user=0.00 sys=0.00, real=0.00 secs] 
1843.621: [GC (Allocation Failure) [PSYoungGen: 62304K->1408K(62976K)] 440335K->379439K(720896K), 0.0019889 secs] [Times: user=0.01 sys=0.01, real=0.00 secs] 
1844.026: [GC (Allocation Failure) [PSYoungGen: 62336K->1344K(62976K)] 440367K->379375K(720896K), 0.0021156 secs] [Times: user=0.01 sys=0.00, real=0.01 secs] 
1844.445: [GC (Allocation Failure) [PSYoungGen: 62272K->1376K(62976K)] 440303K->379407K(720896K), 0.0028524 secs] [Times: user=0.01 sys=0.00, real=0.01 secs] 
1844.929: [GC (Allocation Failure) [PSYoungGen: 62299K->1517K(62976K)] 440331K->379549K(720896K), 0.0015261 secs] [Times: user=0.00 sys=0.00, real=0.00 secs] 
1845.353: [GC (Allocation Failure) [PSYoungGen: 62445K->1581K(62976K)] 440477K->379613K(720896K), 0.0015937 secs] [Times: user=0.01 sys=0.00, real=0.00 secs] 
1845.716: [GC (Allocation Failure) [PSYoungGen: 62487K->1597K(62976K)] 440519K->379637K(720896K), 0.0018278 secs] [Times: user=0.01 sys=0.00, real=0.00 secs] 
1846.081: [GC (Allocation Failure) [PSYoungGen: 62525K->1581K(62976K)] 440565K->379621K(720896K), 0.0017434 secs] [Times: user=0.00 sys=0.00, real=0.00 secs] 
1846.793: [GC (Allocation Failure) [PSYoungGen: 62509K->1488K(62976K)] 440549K->379527K(720896K), 0.0039558 secs] [Times: user=0.02 sys=0.00, real=0.01 secs] 
1847.214: [GC (Allocation Failure) [PSYoungGen: 62416K->1376K(62976K)] 440455K->379415K(720896K), 0.0022196 secs] [Times: user=0.01 sys=0.00, real=0.01 secs] 
1847.815: [GC (Allocation Failure) [PSYoungGen: 62304K->1344K(62976K)] 440343K->379383K(720896K), 0.0029125 secs] [Times: user=0.01 sys=0.00, real=0.01 secs] 
1848.326: [GC (Allocation Failure) [PSYoungGen: 62272K->1408K(62976K)] 440311K->379447K(720896K), 0.0029666 secs] [Times: user=0.01 sys=0.00, real=0.01 secs] 
1848.837: [GC (Allocation Failure) [PSYoungGen: 62336K->1376K(62976K)] 440375K->379415K(720896K), 0.0024731 secs] [Times: user=0.01 sys=0.00, real=0.00 secs] 
1849.370: [GC (Allocation Failure) [PSYoungGen: 62304K->1629K(62976K)] 440343K->379669K(720896K), 0.0016013 secs] [Times: user=0.01 sys=0.00, real=0.00 secs] 
1849.792: [GC (Allocation Failure) [PSYoungGen: 62557K->1565K(62976K)] 440597K->379621K(720896K), 0.0017798 secs] [Times: user=0.00 sys=0.00, real=0.00 secs] 
1850.157: [GC (Allocation Failure) [PSYoungGen: 62493K->1613K(62976K)] 440549K->379669K(720896K), 0.0015924 secs] [Times: user=0.01 sys=0.00, real=0.00 secs] 
1850.521: [GC (Allocation Failure) [PSYoungGen: 62541K->1549K(62976K)] 440597K->379605K(720896K), 0.0016824 secs] [Times: user=0.01 sys=0.00, real=0.00 secs] 
1850.867: [GC (Allocation Failure) [PSYoungGen: 62477K->1472K(62976K)] 440533K->379527K(720896K), 0.0021635 secs] [Times: user=0.01 sys=0.00, real=0.00 secs] 
1851.168: [GC (Allocation Failure) [PSYoungGen: 62400K->1408K(62976K)] 440455K->379463K(720896K), 0.0020472 secs] [Times: user=0.01 sys=0.01, real=0.00 secs] 
1851.514: [GC (Allocation Failure) [PSYoungGen: 62336K->1376K(62976K)] 440391K->379431K(720896K), 0.0032380 secs] [Times: user=0.02 sys=0.00, real=0.01 secs] 
1851.820: [GC (Allocation Failure) [PSYoungGen: 62304K->1408K(62976K)] 440359K->379463K(720896K), 0.0021923 secs] [Times: user=0.01 sys=0.00, real=0.00 secs] 
1852.375: [GC (Allocation Failure) [PSYoungGen: 62313K->1501K(62976K)] 440369K->379581K(720896K), 0.0015821 secs] [Times: user=0.01 sys=0.00, real=0.01 secs] 
1852.738: [GC (Allocation Failure) [PSYoungGen: 62429K->1533K(62976K)] 440509K->379613K(720896K), 0.0016917 secs] [Times: user=0.00 sys=0.00, real=0.00 secs] 
1853.101: [GC (Allocation Failure) [PSYoungGen: 62461K->1597K(62976K)] 440541K->379685K(720896K), 0.0018005 secs] [Times: user=0.01 sys=0.00, real=0.00 secs] 
1853.521: [GC (Allocation Failure) [PSYoungGen: 62525K->1517K(62976K)] 440613K->379605K(720896K), 0.0018162 secs] [Times: user=0.01 sys=0.01, real=0.00 secs] 
1853.952: [GC (Allocation Failure) [PSYoungGen: 62445K->1472K(62976K)] 440533K->379559K(720896K), 0.0025273 secs] [Times: user=0.01 sys=0.00, real=0.00 secs] 
1854.491: [GC (Allocation Failure) [PSYoungGen: 62400K->1376K(62976K)] 440487K->379463K(720896K), 0.0021701 secs] [Times: user=0.01 sys=0.00, real=0.00 secs] 
1855.030: [GC (Allocation Failure) [PSYoungGen: 62304K->1376K(62976K)] 440391K->379463K(720896K), 0.0023045 secs] [Times: user=0.01 sys=0.00, real=0.00 secs] 
1855.335: [GC (Allocation Failure) [PSYoungGen: 62304K->1344K(62976K)] 440391K->379431K(720896K), 0.0021447 secs] [Times: user=0.01 sys=0.00, real=0.01 secs] 
1855.588: [GC (Allocation Failure) [PSYoungGen: 62272K->1408K(62976K)] 440359K->379495K(720896K), 0.0018278 secs] [Times: user=0.00 sys=0.00, real=0.00 secs] 
1855.994: [GC (Allocation Failure) [PSYoungGen: 62327K->1549K(62976K)] 440415K->379637K(720896K), 0.0016703 secs] [Times: user=0.00 sys=0.00, real=0.00 secs] 
1856.362: [GC (Allocation Failure) [PSYoungGen: 62477K->1565K(62976K)] 440565K->379653K(720896K), 0.0017522 secs] [Times: user=0.01 sys=0.00, real=0.00 secs] 
1856.725: [GC (Allocation Failure) [PSYoungGen: 62493K->1533K(62976K)] 440581K->379637K(720896K), 0.0016754 secs] [Times: user=0.01 sys=0.00, real=0.01 secs] 
1857.090: [GC (Allocation Failure) [PSYoungGen: 62461K->1565K(62976K)] 440565K->379669K(720896K), 0.0016966 secs] [Times: user=0.01 sys=0.00, real=0.00 secs] 
1857.583: [GC (Allocation Failure) [PSYoungGen: 62493K->1472K(62976K)] 440597K->379575K(720896K), 0.0019205 secs] [Times: user=0.00 sys=0.00, real=0.00 secs] 
1858.142: [GC (Allocation Failure) [PSYoungGen: 62400K->1344K(62976K)] 440503K->379447K(720896K), 0.0018545 secs] [Times: user=0.01 sys=0.00, real=0.00 secs] 
1858.690: [GC (Allocation Failure) [PSYoungGen: 62272K->1424K(62976K)] 440375K->379527K(720896K), 0.0019013 secs] [Times: user=0.01 sys=0.00, real=0.00 secs] 
1859.047: [GC (Allocation Failure) [PSYoungGen: 62352K->1392K(62976K)] 440455K->379495K(720896K), 0.0019527 secs] [Times: user=0.01 sys=0.00, real=0.00 secs] 
1859.329: [GC (Allocation Failure) [PSYoungGen: 62320K->1501K(62976K)] 440423K->379605K(720896K), 0.0018994 secs] [Times: user=0.01 sys=0.00, real=0.00 secs] 
1859.699: [GC (Allocation Failure) [PSYoungGen: 62425K->1533K(62976K)] 440528K->379637K(720896K), 0.0016228 secs] [Times: user=0.00 sys=0.00, real=0.00 secs] 
1860.067: [GC (Allocation Failure) [PSYoungGen: 62461K->1597K(62976K)] 440565K->379709K(720896K), 0.0017495 secs] [Times: user=0.00 sys=0.00, real=0.00 secs] 
1860.431: [GC (Allocation Failure) [PSYoungGen: 62525K->1549K(62976K)] 440637K->379661K(720896K), 0.0016074 secs] [Times: user=0.01 sys=0.00, real=0.00 secs] 
1860.840: [GC (Allocation Failure) [PSYoungGen: 62477K->1680K(62976K)] 440589K->379791K(720896K), 0.0020654 secs] [Times: user=0.01 sys=0.00, real=0.00 secs] 
1861.090: [GC (Allocation Failure) [PSYoungGen: 62608K->1344K(62976K)] 440719K->379455K(720896K), 0.0019555 secs] [Times: user=0.01 sys=0.00, real=0.00 secs] 
1861.343: [GC (Allocation Failure) [PSYoungGen: 62272K->1408K(62976K)] 440383K->379535K(720896K), 0.0019026 secs] [Times: user=0.01 sys=0.00, real=0.00 secs] 
1861.621: [GC (Allocation Failure) [PSYoungGen: 62336K->1408K(62976K)] 440463K->379535K(720896K), 0.0019473 secs] [Times: user=0.00 sys=0.00, real=0.00 secs] 
1861.874: [GC (Allocation Failure) [PSYoungGen: 62336K->1408K(62976K)] 440463K->379535K(720896K), 0.0020426 secs] [Times: user=0.01 sys=0.00, real=0.00 secs] 
1862.209: [GC (Allocation Failure) [PSYoungGen: 62336K->1456K(62976K)] 440463K->379583K(720896K), 0.0016857 secs] [Times: user=0.01 sys=0.00, real=0.00 secs] 
1862.575: [GC (Allocation Failure) [PSYoungGen: 62357K->1517K(62976K)] 440485K->379645K(720896K), 0.0016292 secs] [Times: user=0.01 sys=0.00, real=0.01 secs] 
1863.003: [GC (Allocation Failure) [PSYoungGen: 62445K->1597K(62976K)] 440573K->379741K(720896K), 0.0018266 secs] [Times: user=0.00 sys=0.00, real=0.00 secs] 
1863.368: [GC (Allocation Failure) [PSYoungGen: 62525K->1613K(62976K)] 440669K->379757K(720896K), 0.0017293 secs] [Times: user=0.01 sys=0.00, real=0.00 secs] 
1863.924: [GC (Allocation Failure) [PSYoungGen: 62541K->1440K(62976K)] 440685K->379583K(720896K), 0.0031716 secs] [Times: user=0.01 sys=0.00, real=0.01 secs] 
1864.458: [GC (Allocation Failure) [PSYoungGen: 62368K->1408K(62976K)] 440511K->379551K(720896K), 0.0032861 secs] [Times: user=0.01 sys=0.00, real=0.00 secs] 
1864.713: [GC (Allocation Failure) [PSYoungGen: 62336K->1344K(62976K)] 440479K->379487K(720896K), 0.0025510 secs] [Times: user=0.01 sys=0.01, real=0.00 secs] 
1864.988: [GC (Allocation Failure) [PSYoungGen: 62272K->1408K(62976K)] 440415K->379551K(720896K), 0.0022170 secs] [Times: user=0.01 sys=0.00, real=0.00 secs] 
1865.241: [GC (Allocation Failure) [PSYoungGen: 62336K->1392K(62976K)] 440479K->379535K(720896K), 0.0020573 secs] [Times: user=0.01 sys=0.00, real=0.00 secs] 
1865.640: [GC (Allocation Failure) [PSYoungGen: 62320K->1565K(62976K)] 440463K->379709K(720896K), 0.0016034 secs] [Times: user=0.00 sys=0.00, real=0.00 secs] 
1866.066: [GC (Allocation Failure) [PSYoungGen: 62493K->1536K(62976K)] 440637K->379695K(720896K), 0.0017490 secs] [Times: user=0.01 sys=0.00, real=0.01 secs] 
1866.490: [GC (Allocation Failure) [PSYoungGen: 62464K->1581K(62976K)] 440623K->379741K(720896K), 0.0018275 secs] [Times: user=0.01 sys=0.00, real=0.00 secs] 
1866.854: [GC (Allocation Failure) [PSYoungGen: 62509K->1549K(62976K)] 440669K->379709K(720896K), 0.0016268 secs] [Times: user=0.00 sys=0.00, real=0.00 secs] 
1867.833: [GC (Allocation Failure) [PSYoungGen: 62477K->1440K(62976K)] 440637K->379599K(720896K), 0.0049144 secs] [Times: user=0.02 sys=0.00, real=0.01 secs] 
1868.571: [GC (Allocation Failure) [PSYoungGen: 62368K->1376K(62976K)] 440527K->379535K(720896K), 0.0035600 secs] [Times: user=0.02 sys=0.00, real=0.00 secs] 
1869.062: [GC (Allocation Failure) [PSYoungGen: 62304K->1376K(62976K)] 440463K->379535K(720896K), 0.0024544 secs] [Times: user=0.01 sys=0.00, real=0.00 secs] 
1869.310: [GC (Allocation Failure) [PSYoungGen: 62304K->1408K(62976K)] 440463K->379567K(720896K), 0.0017789 secs] [Times: user=0.00 sys=0.00, real=0.00 secs] 
1869.608: [GC (Allocation Failure) [PSYoungGen: 62336K->1472K(62976K)] 440495K->379631K(720896K), 0.0015366 secs] [Times: user=0.00 sys=0.00, real=0.00 secs] 
1869.973: [GC (Allocation Failure) [PSYoungGen: 62400K->1581K(62976K)] 440559K->379741K(720896K), 0.0015776 secs] [Times: user=0.01 sys=0.00, real=0.00 secs] 
1870.337: [GC (Allocation Failure) [PSYoungGen: 62509K->1549K(62976K)] 440669K->379717K(720896K), 0.0016774 secs] [Times: user=0.01 sys=0.00, real=0.00 secs] 
1870.703: [GC (Allocation Failure) [PSYoungGen: 62477K->1597K(62976K)] 440645K->379765K(720896K), 0.0015703 secs] [Times: user=0.01 sys=0.00, real=0.00 secs] 
1871.312: [GC (Allocation Failure) [PSYoungGen: 62525K->1504K(62976K)] 440693K->379671K(720896K), 0.0024041 secs] [Times: user=0.01 sys=0.00, real=0.00 secs] 
1872.339: [GC (Allocation Failure) [PSYoungGen: 62432K->1408K(62976K)] 440599K->379575K(720896K), 0.0040948 secs] [Times: user=0.02 sys=0.00, real=0.00 secs] 
1873.105: [GC (Allocation Failure) [PSYoungGen: 62336K->1408K(62976K)] 440503K->379575K(720896K), 0.0042253 secs] [Times: user=0.02 sys=0.00, real=0.01 secs] 
1873.952: [GC (Allocation Failure) [PSYoungGen: 62336K->1408K(62976K)] 440503K->379591K(720896K), 0.0052734 secs] [Times: user=0.02 sys=0.00, real=0.01 secs] 
1874.479: [GC (Allocation Failure) [PSYoungGen: 62336K->1376K(62976K)] 440519K->379559K(720896K), 0.0033880 secs] [Times: user=0.01 sys=0.00, real=0.00 secs] 
1874.929: [GC (Allocation Failure) [PSYoungGen: 62304K->1501K(62976K)] 440487K->379685K(720896K), 0.0016248 secs] [Times: user=0.00 sys=0.00, real=0.00 secs] 
1875.368: [GC (Allocation Failure) [PSYoungGen: 62429K->1581K(62976K)] 440613K->379765K(720896K), 0.0015763 secs] [Times: user=0.00 sys=0.00, real=0.00 secs] 
1875.732: [GC (Allocation Failure) [PSYoungGen: 62509K->1533K(62976K)] 440693K->379733K(720896K), 0.0016888 secs] [Times: user=0.00 sys=0.00, real=0.00 secs] 
1876.096: [GC (Allocation Failure) [PSYoungGen: 62461K->1549K(62976K)] 440661K->379749K(720896K), 0.0016313 secs] [Times: user=0.00 sys=0.00, real=0.01 secs] 
1877.765: [GC (Allocation Failure) [PSYoungGen: 62477K->1472K(62976K)] 440677K->379671K(720896K), 0.0042259 secs] [Times: user=0.02 sys=0.01, real=0.01 secs] 
1878.566: [GC (Allocation Failure) [PSYoungGen: 62400K->1392K(62976K)] 440599K->379591K(720896K), 0.0031667 secs] [Times: user=0.02 sys=0.00, real=0.00 secs] 
1878.822: [GC (Allocation Failure) [PSYoungGen: 62320K->1408K(62976K)] 440519K->379607K(720896K), 0.0023674 secs] [Times: user=0.01 sys=0.00, real=0.00 secs] 
1879.076: [GC (Allocation Failure) [PSYoungGen: 62336K->1408K(62976K)] 440535K->379607K(720896K), 0.0021094 secs] [Times: user=0.01 sys=0.00, real=0.01 secs] 
1879.348: [GC (Allocation Failure) [PSYoungGen: 62336K->1408K(62976K)] 440535K->379607K(720896K), 0.0020796 secs] [Times: user=0.01 sys=0.00, real=0.00 secs] 
1879.758: [GC (Allocation Failure) [PSYoungGen: 62336K->1581K(62976K)] 440535K->379781K(720896K), 0.0016131 secs] [Times: user=0.01 sys=0.00, real=0.00 secs] 
1880.184: [GC (Allocation Failure) [PSYoungGen: 62509K->1613K(62976K)] 440709K->379821K(720896K), 0.0017152 secs] [Times: user=0.01 sys=0.00, real=0.00 secs] 
1880.548: [GC (Allocation Failure) [PSYoungGen: 62541K->1581K(62976K)] 440749K->379789K(720896K), 0.0016132 secs] [Times: user=0.01 sys=0.00, real=0.00 secs] 
1880.971: [GC (Allocation Failure) [PSYoungGen: 62509K->1629K(62976K)] 440717K->379837K(720896K), 0.0017486 secs] [Times: user=0.00 sys=0.00, real=0.00 secs] 
1881.261: [GC (Allocation Failure) [PSYoungGen: 62557K->1408K(62976K)] 440765K->379615K(720896K), 0.0021768 secs] [Times: user=0.01 sys=0.00, real=0.00 secs] 
1881.515: [GC (Allocation Failure) [PSYoungGen: 62336K->1408K(62976K)] 440543K->379615K(720896K), 0.0019709 secs] [Times: user=0.01 sys=0.00, real=0.01 secs] 
1881.768: [GC (Allocation Failure) [PSYoungGen: 62336K->1408K(62976K)] 440543K->379615K(720896K), 0.0020295 secs] [Times: user=0.01 sys=0.00, real=0.00 secs] 
1882.021: [GC (Allocation Failure) [PSYoungGen: 62336K->1376K(62976K)] 440543K->379583K(720896K), 0.0019322 secs] [Times: user=0.01 sys=0.00, real=0.00 secs] 
1882.344: [GC (Allocation Failure) [PSYoungGen: 62304K->1485K(62976K)] 440511K->379709K(720896K), 0.0015548 secs] [Times: user=0.01 sys=0.00, real=0.00 secs] 
1882.711: [GC (Allocation Failure) [PSYoungGen: 62397K->1581K(62976K)] 440621K->379805K(720896K), 0.0016981 secs] [Times: user=0.01 sys=0.00, real=0.00 secs] 
1883.077: [GC (Allocation Failure) [PSYoungGen: 62509K->1549K(62976K)] 440733K->379789K(720896K), 0.0017096 secs] [Times: user=0.00 sys=0.00, real=0.00 secs] 
1883.441: [GC (Allocation Failure) [PSYoungGen: 62477K->1549K(62976K)] 440717K->379789K(720896K), 0.0015904 secs] [Times: user=0.01 sys=0.00, real=0.00 secs] 
1883.979: [GC (Allocation Failure) [PSYoungGen: 62477K->1472K(62976K)] 440717K->379711K(720896K), 0.0019780 secs] [Times: user=0.01 sys=0.00, real=0.00 secs] 
1884.643: [GC (Allocation Failure) [PSYoungGen: 62400K->1376K(62976K)] 440639K->379615K(720896K), 0.0022656 secs] [Times: user=0.01 sys=0.00, real=0.00 secs] 
1885.254: [GC (Allocation Failure) [PSYoungGen: 62304K->1344K(62976K)] 440543K->379583K(720896K), 0.0038519 secs] [Times: user=0.01 sys=0.00, real=0.01 secs] 
1885.907: [GC (Allocation Failure) [PSYoungGen: 62272K->1376K(62976K)] 440511K->379615K(720896K), 0.0042769 secs] [Times: user=0.01 sys=0.01, real=0.00 secs] 
1886.574: [GC (Allocation Failure) [PSYoungGen: 62304K->1408K(62976K)] 440543K->379647K(720896K), 0.0032037 secs] [Times: user=0.02 sys=0.00, real=0.01 secs] 
1887.178: [GC (Allocation Failure) [PSYoungGen: 62336K->1517K(62976K)] 440575K->379757K(720896K), 0.0016236 secs] [Times: user=0.01 sys=0.00, real=0.00 secs] 
1887.545: [GC (Allocation Failure) [PSYoungGen: 62445K->1549K(62976K)] 440685K->379789K(720896K), 0.0017299 secs] [Times: user=0.01 sys=0.00, real=0.01 secs] 
1887.910: [GC (Allocation Failure) [PSYoungGen: 62477K->1581K(62976K)] 440717K->379829K(720896K), 0.0017371 secs] [Times: user=0.00 sys=0.00, real=0.00 secs] 
1888.273: [GC (Allocation Failure) [PSYoungGen: 62509K->1536K(62976K)] 440757K->379783K(720896K), 0.0016017 secs] [Times: user=0.01 sys=0.00, real=0.00 secs] 
1888.778: [GC (Allocation Failure) [PSYoungGen: 62464K->1488K(62976K)] 440711K->379735K(720896K), 0.0017889 secs] [Times: user=0.01 sys=0.00, real=0.00 secs] 
1889.406: [GC (Allocation Failure) [PSYoungGen: 62416K->1376K(62976K)] 440663K->379623K(720896K), 0.0020017 secs] [Times: user=0.01 sys=0.00, real=0.00 secs] 
1890.140: [GC (Allocation Failure) [PSYoungGen: 62304K->1408K(62976K)] 440551K->379655K(720896K), 0.0033625 secs] [Times: user=0.02 sys=0.00, real=0.00 secs] 
1890.670: [GC (Allocation Failure) [PSYoungGen: 62336K->1408K(62976K)] 440583K->379655K(720896K), 0.0027580 secs] [Times: user=0.01 sys=0.00, real=0.00 secs] 
1891.235: [GC (Allocation Failure) [PSYoungGen: 62336K->1469K(62976K)] 440583K->379717K(720896K), 0.0021417 secs] [Times: user=0.01 sys=0.00, real=0.01 secs] 
1891.636: [GC (Allocation Failure) [PSYoungGen: 62394K->1581K(62976K)] 440641K->379829K(720896K), 0.0018079 secs] [Times: user=0.00 sys=0.00, real=0.01 secs] 
1892.003: [GC (Allocation Failure) [PSYoungGen: 62509K->1581K(62976K)] 440757K->379837K(720896K), 0.0017697 secs] [Times: user=0.00 sys=0.00, real=0.00 secs] 
1892.367: [GC (Allocation Failure) [PSYoungGen: 62509K->1549K(62976K)] 440765K->379805K(720896K), 0.0017002 secs] [Times: user=0.01 sys=0.00, real=0.00 secs] 
1892.760: [GC (Allocation Failure) [PSYoungGen: 62477K->2016K(62976K)] 440733K->380279K(720896K), 0.0019892 secs] [Times: user=0.01 sys=0.00, real=0.00 secs] 
1893.046: [GC (Allocation Failure) [PSYoungGen: 62944K->1376K(62976K)] 441207K->379655K(720896K), 0.0018013 secs] [Times: user=0.00 sys=0.00, real=0.00 secs] 
1893.317: [GC (Allocation Failure) [PSYoungGen: 62304K->1344K(62976K)] 440583K->379623K(720896K), 0.0022172 secs] [Times: user=0.01 sys=0.01, real=0.00 secs] 
1893.570: [GC (Allocation Failure) [PSYoungGen: 62272K->1376K(62976K)] 440551K->379655K(720896K), 0.0019169 secs] [Times: user=0.01 sys=0.00, real=0.00 secs] 
1893.888: [GC (Allocation Failure) [PSYoungGen: 62304K->1440K(62976K)] 440583K->379719K(720896K), 0.0020554 secs] [Times: user=0.01 sys=0.00, real=0.00 secs] 
1894.232: [GC (Allocation Failure) [PSYoungGen: 62368K->1485K(62976K)] 440647K->379765K(720896K), 0.0016144 secs] [Times: user=0.00 sys=0.00, real=0.00 secs] 
1894.663: [GC (Allocation Failure) [PSYoungGen: 62413K->1549K(62976K)] 440693K->379829K(720896K), 0.0017728 secs] [Times: user=0.00 sys=0.00, real=0.00 secs] 
1895.027: [GC (Allocation Failure) [PSYoungGen: 62477K->1581K(62976K)] 440757K->379869K(720896K), 0.0018075 secs] [Times: user=0.00 sys=0.00, real=0.00 secs] 
1895.410: [GC (Allocation Failure) [PSYoungGen: 62509K->1581K(62976K)] 440797K->379869K(720896K), 0.0017851 secs] [Times: user=0.00 sys=0.00, real=0.00 secs] 
1896.535: [GC (Allocation Failure) [PSYoungGen: 62509K->1472K(62976K)] 440797K->379767K(720896K), 0.0028887 secs] [Times: user=0.01 sys=0.00, real=0.01 secs] 
1897.358: [GC (Allocation Failure) [PSYoungGen: 62400K->1408K(62976K)] 440695K->379703K(720896K), 0.0019577 secs] [Times: user=0.01 sys=0.00, real=0.00 secs] 
1897.887: [GC (Allocation Failure) [PSYoungGen: 62336K->1408K(62976K)] 440631K->379703K(720896K), 0.0018657 secs] [Times: user=0.01 sys=0.00, real=0.00 secs] 
1898.329: [GC (Allocation Failure) [PSYoungGen: 62336K->1408K(62976K)] 440631K->379703K(720896K), 0.0020330 secs] [Times: user=0.01 sys=0.00, real=0.00 secs] 
1898.824: [GC (Allocation Failure) [PSYoungGen: 62336K->1408K(62976K)] 440631K->379703K(720896K), 0.0021992 secs] [Times: user=0.01 sys=0.00, real=0.00 secs] 
1899.275: [GC (Allocation Failure) [PSYoungGen: 62336K->1549K(62976K)] 440631K->379845K(720896K), 0.0016736 secs] [Times: user=0.00 sys=0.00, real=0.01 secs] 
1899.638: [GC (Allocation Failure) [PSYoungGen: 62477K->1597K(62976K)] 440773K->379901K(720896K), 0.0016699 secs] [Times: user=0.01 sys=0.00, real=0.00 secs] 
1900.001: [GC (Allocation Failure) [PSYoungGen: 62525K->1549K(62976K)] 440829K->379853K(720896K), 0.0016780 secs] [Times: user=0.01 sys=0.00, real=0.00 secs] 
1900.366: [GC (Allocation Failure) [PSYoungGen: 62477K->1533K(62976K)] 440781K->379837K(720896K), 0.0016377 secs] [Times: user=0.01 sys=0.00, real=0.01 secs] 
1900.659: [GC (Allocation Failure) [PSYoungGen: 62461K->1440K(62976K)] 440765K->379743K(720896K), 0.0018413 secs] [Times: user=0.01 sys=0.00, real=0.00 secs] 
1900.913: [GC (Allocation Failure) [PSYoungGen: 62368K->1408K(62976K)] 440671K->379711K(720896K), 0.0018425 secs] [Times: user=0.01 sys=0.00, real=0.00 secs] 
1901.185: [GC (Allocation Failure) [PSYoungGen: 62336K->1376K(62976K)] 440639K->379679K(720896K), 0.0018858 secs] [Times: user=0.01 sys=0.00, real=0.01 secs] 
1901.580: [GC (Allocation Failure) [PSYoungGen: 62304K->1408K(62976K)] 440607K->379711K(720896K), 0.0022901 secs] [Times: user=0.01 sys=0.00, real=0.00 secs] 
1902.094: [GC (Allocation Failure) [PSYoungGen: 62336K->1533K(62976K)] 440639K->379837K(720896K), 0.0016826 secs] [Times: user=0.01 sys=0.01, real=0.00 secs] 
1902.520: [GC (Allocation Failure) [PSYoungGen: 62461K->1565K(62976K)] 440765K->379869K(720896K), 0.0016183 secs] [Times: user=0.01 sys=0.00, real=0.00 secs] 
1902.885: [GC (Allocation Failure) [PSYoungGen: 62493K->1549K(62976K)] 440797K->379885K(720896K), 0.0016471 secs] [Times: user=0.01 sys=0.00, real=0.01 secs] 
1903.250: [GC (Allocation Failure) [PSYoungGen: 62477K->1549K(62976K)] 440813K->379885K(720896K), 0.0016550 secs] [Times: user=0.01 sys=0.00, real=0.00 secs] 
1903.714: [GC (Allocation Failure) [PSYoungGen: 62477K->1504K(62976K)] 440813K->379839K(720896K), 0.0024498 secs] [Times: user=0.01 sys=0.00, real=0.00 secs] 
1904.321: [GC (Allocation Failure) [PSYoungGen: 62432K->1344K(62976K)] 440767K->379679K(720896K), 0.0025290 secs] [Times: user=0.01 sys=0.00, real=0.00 secs] 
1904.876: [GC (Allocation Failure) [PSYoungGen: 62272K->1376K(62976K)] 440607K->379711K(720896K), 0.0030058 secs] [Times: user=0.01 sys=0.00, real=0.01 secs] 
1905.323: [GC (Allocation Failure) [PSYoungGen: 62304K->1376K(62976K)] 440639K->379711K(720896K), 0.0028412 secs] [Times: user=0.01 sys=0.00, real=0.00 secs] 
1905.748: [GC (Allocation Failure) [PSYoungGen: 62304K->1376K(62976K)] 440639K->379711K(720896K), 0.0027154 secs] [Times: user=0.01 sys=0.00, real=0.00 secs] 
1906.251: [GC (Allocation Failure) [PSYoungGen: 62288K->1536K(62976K)] 440624K->379871K(720896K), 0.0016136 secs] [Times: user=0.00 sys=0.00, real=0.00 secs] 
1906.617: [GC (Allocation Failure) [PSYoungGen: 62464K->1517K(62976K)] 440799K->379853K(720896K), 0.0017559 secs] [Times: user=0.00 sys=0.00, real=0.00 secs] 
1906.979: [GC (Allocation Failure) [PSYoungGen: 62445K->1549K(62976K)] 440781K->379901K(720896K), 0.0017281 secs] [Times: user=0.01 sys=0.00, real=0.00 secs] 
1907.344: [GC (Allocation Failure) [PSYoungGen: 62477K->1549K(62976K)] 440829K->379901K(720896K), 0.0016545 secs] [Times: user=0.01 sys=0.00, real=0.00 secs] 
1908.385: [GC (Allocation Failure) [PSYoungGen: 62477K->1440K(62976K)] 440829K->379799K(720896K), 0.0023110 secs] [Times: user=0.01 sys=0.00, real=0.01 secs] 
1909.417: [GC (Allocation Failure) [PSYoungGen: 62368K->1408K(62976K)] 440727K->379775K(720896K), 0.0036428 secs] [Times: user=0.01 sys=0.00, real=0.00 secs] 
1909.724: [GC (Allocation Failure) [PSYoungGen: 62336K->1408K(62976K)] 440703K->379775K(720896K), 0.0021196 secs] [Times: user=0.01 sys=0.00, real=0.00 secs] 
1910.010: [GC (Allocation Failure) [PSYoungGen: 62336K->1424K(62976K)] 440703K->379791K(720896K), 0.0020421 secs] [Times: user=0.01 sys=0.00, real=0.00 secs] 
1910.265: [GC (Allocation Failure) [PSYoungGen: 62352K->1424K(62976K)] 440719K->379791K(720896K), 0.0018981 secs] [Times: user=0.01 sys=0.00, real=0.01 secs] 
1910.698: [GC (Allocation Failure) [PSYoungGen: 62352K->1549K(62976K)] 440719K->379917K(720896K), 0.0017811 secs] [Times: user=0.00 sys=0.00, real=0.00 secs] 
1911.063: [GC (Allocation Failure) [PSYoungGen: 62477K->1581K(62976K)] 440845K->379957K(720896K), 0.0016379 secs] [Times: user=0.01 sys=0.00, real=0.00 secs] 
1911.426: [GC (Allocation Failure) [PSYoungGen: 62509K->1520K(62976K)] 440885K->379895K(720896K), 0.0017135 secs] [Times: user=0.01 sys=0.00, real=0.00 secs] 
1911.789: [GC (Allocation Failure) [PSYoungGen: 62448K->1549K(62976K)] 440823K->379925K(720896K), 0.0016809 secs] [Times: user=0.01 sys=0.00, real=0.00 secs] 
1912.585: [GC (Allocation Failure) [PSYoungGen: 62477K->1408K(62976K)] 440853K->379791K(720896K), 0.0025498 secs] [Times: user=0.01 sys=0.00, real=0.01 secs] 
1913.185: [GC (Allocation Failure) [PSYoungGen: 62336K->1392K(62976K)] 440719K->379799K(720896K), 0.0028347 secs] [Times: user=0.01 sys=0.00, real=0.01 secs] 
1913.895: [GC (Allocation Failure) [PSYoungGen: 62320K->1376K(62976K)] 440727K->379783K(720896K), 0.0026163 secs] [Times: user=0.01 sys=0.00, real=0.01 secs] 
1914.553: [GC (Allocation Failure) [PSYoungGen: 62304K->1376K(62976K)] 440711K->379783K(720896K), 0.0023237 secs] [Times: user=0.01 sys=0.01, real=0.00 secs] 
1915.341: [GC (Allocation Failure) [PSYoungGen: 62304K->1517K(62976K)] 440711K->379925K(720896K), 0.0015750 secs] [Times: user=0.00 sys=0.00, real=0.00 secs] 
1915.706: [GC (Allocation Failure) [PSYoungGen: 62423K->1533K(62976K)] 440831K->379941K(720896K), 0.0017477 secs] [Times: user=0.01 sys=0.01, real=0.01 secs] 
1916.076: [GC (Allocation Failure) [PSYoungGen: 62461K->1613K(62976K)] 440869K->380037K(720896K), 0.0017474 secs] [Times: user=0.01 sys=0.00, real=0.01 secs] 
1916.504: [GC (Allocation Failure) [PSYoungGen: 62541K->1552K(62976K)] 440965K->379975K(720896K), 0.0018081 secs] [Times: user=0.01 sys=0.00, real=0.00 secs] 
1916.825: [GC (Allocation Failure) [PSYoungGen: 62480K->1472K(62976K)] 440903K->379895K(720896K), 0.0021967 secs] [Times: user=0.01 sys=0.00, real=0.01 secs] 
1917.344: [GC (Allocation Failure) [PSYoungGen: 62400K->1408K(62976K)] 440823K->379831K(720896K), 0.0023680 secs] [Times: user=0.01 sys=0.00, real=0.00 secs] 
1917.956: [GC (Allocation Failure) [PSYoungGen: 62336K->1392K(62976K)] 440759K->379815K(720896K), 0.0029103 secs] [Times: user=0.01 sys=0.00, real=0.00 secs] 
1918.812: [GC (Allocation Failure) [PSYoungGen: 62320K->1376K(62976K)] 440743K->379799K(720896K), 0.0027668 secs] [Times: user=0.01 sys=0.00, real=0.00 secs] 
1919.686: [GC (Allocation Failure) [PSYoungGen: 62304K->1392K(62976K)] 440727K->379815K(720896K), 0.0040796 secs] [Times: user=0.02 sys=0.01, real=0.00 secs] 
1920.419: [GC (Allocation Failure) [PSYoungGen: 62294K->1584K(62976K)] 440718K->380007K(720896K), 0.0017102 secs] [Times: user=0.01 sys=0.00, real=0.00 secs] 
1920.783: [GC (Allocation Failure) [PSYoungGen: 62512K->1549K(62976K)] 440935K->379973K(720896K), 0.0017883 secs] [Times: user=0.01 sys=0.00, real=0.00 secs] 
1921.146: [GC (Allocation Failure) [PSYoungGen: 62477K->1581K(62976K)] 440901K->380021K(720896K), 0.0018402 secs] [Times: user=0.01 sys=0.00, real=0.00 secs] 
1921.571: [GC (Allocation Failure) [PSYoungGen: 62509K->1549K(62976K)] 440949K->379989K(720896K), 0.0018945 secs] [Times: user=0.01 sys=0.01, real=0.00 secs] 
1921.948: [GC (Allocation Failure) [PSYoungGen: 62477K->1424K(62976K)] 440917K->379863K(720896K), 0.0028134 secs] [Times: user=0.01 sys=0.00, real=0.00 secs] 
1922.202: [GC (Allocation Failure) [PSYoungGen: 62352K->1360K(62976K)] 440791K->379799K(720896K), 0.0019716 secs] [Times: user=0.00 sys=0.00, real=0.00 secs] 
1922.509: [GC (Allocation Failure) [PSYoungGen: 62288K->1376K(62976K)] 440727K->379815K(720896K), 0.0021859 secs] [Times: user=0.01 sys=0.00, real=0.00 secs] 
1922.769: [GC (Allocation Failure) [PSYoungGen: 62304K->1376K(62976K)] 440743K->379831K(720896K), 0.0019789 secs] [Times: user=0.01 sys=0.00, real=0.00 secs] 
1923.092: [GC (Allocation Failure) [PSYoungGen: 62304K->1472K(62976K)] 440759K->379927K(720896K), 0.0016262 secs] [Times: user=0.00 sys=0.00, real=0.00 secs] 
1923.457: [GC (Allocation Failure) [PSYoungGen: 62383K->1533K(62976K)] 440839K->379989K(720896K), 0.0017790 secs] [Times: user=0.01 sys=0.00, real=0.00 secs] 
1923.821: [GC (Allocation Failure) [PSYoungGen: 62461K->1501K(62976K)] 440917K->379973K(720896K), 0.0017621 secs] [Times: user=0.01 sys=0.00, real=0.00 secs] 
1924.185: [GC (Allocation Failure) [PSYoungGen: 62429K->1517K(62976K)] 440901K->379989K(720896K), 0.0017578 secs] [Times: user=0.01 sys=0.00, real=0.01 secs] 
1924.565: [GC (Allocation Failure) [PSYoungGen: 62445K->2016K(62976K)] 440917K->380495K(720896K), 0.0018734 secs] [Times: user=0.01 sys=0.00, real=0.01 secs] 
1924.839: [GC (Allocation Failure) [PSYoungGen: 62944K->1376K(62976K)] 441423K->379855K(720896K), 0.0017793 secs] [Times: user=0.01 sys=0.00, real=0.00 secs] 
1925.095: [GC (Allocation Failure) [PSYoungGen: 62304K->1392K(62976K)] 440783K->379871K(720896K), 0.0016055 secs] [Times: user=0.01 sys=0.00, real=0.01 secs] 
1925.375: [GC (Allocation Failure) [PSYoungGen: 62320K->1360K(62976K)] 440799K->379839K(720896K), 0.0018330 secs] [Times: user=0.01 sys=0.00, real=0.01 secs] 
1925.630: [GC (Allocation Failure) [PSYoungGen: 62288K->1408K(62976K)] 440767K->379895K(720896K), 0.0018688 secs] [Times: user=0.01 sys=0.00, real=0.00 secs] 
1926.000: [GC (Allocation Failure) [PSYoungGen: 62319K->1565K(62976K)] 440807K->380053K(720896K), 0.0016441 secs] [Times: user=0.01 sys=0.00, real=0.00 secs] 
1926.371: [GC (Allocation Failure) [PSYoungGen: 62493K->1584K(62976K)] 440981K->380071K(720896K), 0.0017126 secs] [Times: user=0.00 sys=0.00, real=0.00 secs] 
1926.740: [GC (Allocation Failure) [PSYoungGen: 62512K->1581K(62976K)] 440999K->380085K(720896K), 0.0017099 secs] [Times: user=0.01 sys=0.00, real=0.00 secs] 
1927.107: [GC (Allocation Failure) [PSYoungGen: 62509K->1549K(62976K)] 441013K->380053K(720896K), 0.0018033 secs] [Times: user=0.00 sys=0.00, real=0.00 secs] 
1927.630: [GC (Allocation Failure) [PSYoungGen: 62477K->1472K(62976K)] 440981K->379975K(720896K), 0.0019413 secs] [Times: user=0.01 sys=0.00, real=0.00 secs] 
1928.141: [GC (Allocation Failure) [PSYoungGen: 62400K->1344K(62976K)] 440903K->379847K(720896K), 0.0020373 secs] [Times: user=0.01 sys=0.00, real=0.00 secs] 
1928.639: [GC (Allocation Failure) [PSYoungGen: 62272K->1360K(62976K)] 440775K->379863K(720896K), 0.0029199 secs] [Times: user=0.01 sys=0.00, real=0.00 secs] 
1929.158: [GC (Allocation Failure) [PSYoungGen: 62288K->1376K(62976K)] 440791K->379879K(720896K), 0.0029129 secs] [Times: user=0.01 sys=0.00, real=0.00 secs] 
1929.482: [GC (Allocation Failure) [PSYoungGen: 62304K->1360K(62976K)] 440807K->379863K(720896K), 0.0021019 secs] [Times: user=0.00 sys=0.00, real=0.00 secs] 
1929.902: [GC (Allocation Failure) [PSYoungGen: 62288K->1581K(62976K)] 440791K->380093K(720896K), 0.0017528 secs] [Times: user=0.00 sys=0.00, real=0.00 secs] 
1930.266: [GC (Allocation Failure) [PSYoungGen: 62509K->1517K(62976K)] 441021K->380045K(720896K), 0.0017628 secs] [Times: user=0.00 sys=0.00, real=0.01 secs] 
1930.630: [GC (Allocation Failure) [PSYoungGen: 62445K->1549K(62976K)] 440973K->380077K(720896K), 0.0016982 secs] [Times: user=0.01 sys=0.00, real=0.00 secs] 
1931.048: [GC (Allocation Failure) [PSYoungGen: 62477K->1581K(62976K)] 441005K->380109K(720896K), 0.0018253 secs] [Times: user=0.01 sys=0.00, real=0.00 secs] 
1931.372: [GC (Allocation Failure) [PSYoungGen: 62509K->1424K(62976K)] 441037K->379951K(720896K), 0.0022081 secs] [Times: user=0.01 sys=0.00, real=0.00 secs] 
1931.684: [GC (Allocation Failure) [PSYoungGen: 62352K->1376K(62976K)] 440879K->379935K(720896K), 0.0021266 secs] [Times: user=0.01 sys=0.00, real=0.00 secs] 
1931.937: [GC (Allocation Failure) [PSYoungGen: 62304K->1376K(62976K)] 440863K->379935K(720896K), 0.0020767 secs] [Times: user=0.01 sys=0.00, real=0.00 secs] 
1932.193: [GC (Allocation Failure) [PSYoungGen: 62304K->1440K(62976K)] 440863K->379999K(720896K), 0.0019072 secs] [Times: user=0.01 sys=0.00, real=0.00 secs] 
1932.649: [GC (Allocation Failure) [PSYoungGen: 62368K->1469K(62976K)] 440927K->380029K(720896K), 0.0016547 secs] [Times: user=0.01 sys=0.00, real=0.00 secs] 
1933.018: [GC (Allocation Failure) [PSYoungGen: 62397K->1597K(62976K)] 440957K->380157K(720896K), 0.0017367 secs] [Times: user=0.01 sys=0.00, real=0.00 secs] 
1933.381: [GC (Allocation Failure) [PSYoungGen: 62525K->1517K(62976K)] 441085K->380085K(720896K), 0.0017043 secs] [Times: user=0.00 sys=0.00, real=0.00 secs] 
1933.748: [GC (Allocation Failure) [PSYoungGen: 62445K->1581K(62976K)] 441013K->380149K(720896K), 0.0016495 secs] [Times: user=0.00 sys=0.00, real=0.00 secs] 
1934.122: [GC (Allocation Failure) [PSYoungGen: 62509K->1472K(62976K)] 441077K->380039K(720896K), 0.0020369 secs] [Times: user=0.01 sys=0.00, real=0.00 secs] 
1934.407: [GC (Allocation Failure) [PSYoungGen: 62400K->1408K(62976K)] 440967K->379975K(720896K), 0.0019886 secs] [Times: user=0.01 sys=0.00, real=0.00 secs] 
1934.682: [GC (Allocation Failure) [PSYoungGen: 62336K->1376K(62976K)] 440903K->379951K(720896K), 0.0025032 secs] [Times: user=0.01 sys=0.00, real=0.00 secs] 
1934.938: [GC (Allocation Failure) [PSYoungGen: 62304K->1376K(62976K)] 440879K->379951K(720896K), 0.0022934 secs] [Times: user=0.01 sys=0.00, real=0.00 secs] 
1935.193: [GC (Allocation Failure) [PSYoungGen: 62304K->1408K(62976K)] 440879K->379983K(720896K), 0.0025186 secs] [Times: user=0.01 sys=0.00, real=0.00 secs] 
1935.574: [GC (Allocation Failure) [PSYoungGen: 62336K->1485K(62976K)] 440911K->380061K(720896K), 0.0018089 secs] [Times: user=0.01 sys=0.00, real=0.00 secs] 
1935.938: [GC (Allocation Failure) [PSYoungGen: 62413K->1581K(62976K)] 440989K->380157K(720896K), 0.0017551 secs] [Times: user=0.00 sys=0.00, real=0.00 secs] 
1936.303: [GC (Allocation Failure) [PSYoungGen: 62509K->1581K(62976K)] 441085K->380173K(720896K), 0.0017485 secs] [Times: user=0.01 sys=0.00, real=0.00 secs] 
1936.677: [GC (Allocation Failure) [PSYoungGen: 62509K->1565K(62976K)] 441101K->380157K(720896K), 0.0017500 secs] [Times: user=0.01 sys=0.00, real=0.00 secs] 
1937.017: [GC (Allocation Failure) [PSYoungGen: 62493K->1408K(62976K)] 441085K->379999K(720896K), 0.0017059 secs] [Times: user=0.01 sys=0.00, real=0.00 secs] 
1937.462: [GC (Allocation Failure) [PSYoungGen: 62336K->1408K(62976K)] 440927K->379999K(720896K), 0.0018514 secs] [Times: user=0.01 sys=0.00, real=0.00 secs] 
1937.937: [GC (Allocation Failure) [PSYoungGen: 62336K->1376K(62976K)] 440927K->379967K(720896K), 0.0030816 secs] [Times: user=0.01 sys=0.00, real=0.00 secs] 
1938.391: [GC (Allocation Failure) [PSYoungGen: 62304K->1376K(62976K)] 440895K->379967K(720896K), 0.0023531 secs] [Times: user=0.01 sys=0.00, real=0.00 secs] 
1938.895: [GC (Allocation Failure) [PSYoungGen: 62280K->1472K(62976K)] 440872K->380063K(720896K), 0.0032752 secs] [Times: user=0.02 sys=0.00, real=0.01 secs] 
1939.354: [GC (Allocation Failure) [PSYoungGen: 62400K->1613K(62976K)] 440991K->380205K(720896K), 0.0017930 secs] [Times: user=0.00 sys=0.00, real=0.00 secs] 
1939.717: [GC (Allocation Failure) [PSYoungGen: 62541K->1581K(62976K)] 441133K->380181K(720896K), 0.0017236 secs] [Times: user=0.01 sys=0.00, real=0.00 secs] 
1940.084: [GC (Allocation Failure) [PSYoungGen: 62509K->1581K(62976K)] 441109K->380181K(720896K), 0.0017277 secs] [Times: user=0.01 sys=0.00, real=0.00 secs] 
1940.441: [GC (Allocation Failure) [PSYoungGen: 62509K->1504K(62976K)] 441109K->380103K(720896K), 0.0017679 secs] [Times: user=0.01 sys=0.00, real=0.00 secs] 
1940.898: [GC (Allocation Failure) [PSYoungGen: 62432K->1376K(62976K)] 441031K->379975K(720896K), 0.0020715 secs] [Times: user=0.01 sys=0.00, real=0.00 secs] 
1941.323: [GC (Allocation Failure) [PSYoungGen: 62304K->1376K(62976K)] 440903K->379975K(720896K), 0.0021795 secs] [Times: user=0.01 sys=0.00, real=0.00 secs] 
1942.243: [GC (Allocation Failure) [PSYoungGen: 62304K->1408K(62976K)] 440903K->380015K(720896K), 0.0039900 secs] [Times: user=0.02 sys=0.00, real=0.01 secs] 
1943.262: [GC (Allocation Failure) [PSYoungGen: 62336K->1344K(62976K)] 440943K->379951K(720896K), 0.0041138 secs] [Times: user=0.02 sys=0.00, real=0.01 secs] 
1944.163: [GC (Allocation Failure) [PSYoungGen: 62260K->1421K(62976K)] 440868K->380037K(720896K), 0.0016398 secs] [Times: user=0.01 sys=0.00, real=0.00 secs] 
1944.528: [GC (Allocation Failure) [PSYoungGen: 62349K->1581K(62976K)] 440965K->380197K(720896K), 0.0017727 secs] [Times: user=0.00 sys=0.00, real=0.00 secs] 
1944.892: [GC (Allocation Failure) [PSYoungGen: 62509K->1549K(62976K)] 441125K->380173K(720896K), 0.0016833 secs] [Times: user=0.01 sys=0.00, real=0.00 secs] 
1945.256: [GC (Allocation Failure) [PSYoungGen: 62477K->1597K(62976K)] 441101K->380221K(720896K), 0.0016789 secs] [Times: user=0.00 sys=0.00, real=0.01 secs] 
1945.597: [GC (Allocation Failure) [PSYoungGen: 62525K->1472K(62976K)] 441149K->380095K(720896K), 0.0019365 secs] [Times: user=0.00 sys=0.00, real=0.00 secs] 
1945.854: [GC (Allocation Failure) [PSYoungGen: 62400K->1408K(62976K)] 441023K->380031K(720896K), 0.0019406 secs] [Times: user=0.01 sys=0.00, real=0.00 secs] 
1946.107: [GC (Allocation Failure) [PSYoungGen: 62336K->1376K(62976K)] 440959K->379999K(720896K), 0.0018194 secs] [Times: user=0.01 sys=0.00, real=0.00 secs] 
1946.392: [GC (Allocation Failure) [PSYoungGen: 62304K->1344K(62976K)] 440927K->379967K(720896K), 0.0017834 secs] [Times: user=0.01 sys=0.00, real=0.00 secs] 
1946.675: [GC (Allocation Failure) [PSYoungGen: 62272K->1376K(62976K)] 440895K->379999K(720896K), 0.0018402 secs] [Times: user=0.00 sys=0.00, real=0.01 secs] 
1947.047: [GC (Allocation Failure) [PSYoungGen: 62272K->1565K(62976K)] 440896K->380189K(720896K), 0.0017363 secs] [Times: user=0.00 sys=0.00, real=0.00 secs] 
1947.413: [GC (Allocation Failure) [PSYoungGen: 62493K->1581K(62976K)] 441117K->380213K(720896K), 0.0017863 secs] [Times: user=0.01 sys=0.00, real=0.00 secs] 
1947.778: [GC (Allocation Failure) [PSYoungGen: 62509K->1549K(62976K)] 441141K->380189K(720896K), 0.0017758 secs] [Times: user=0.00 sys=0.00, real=0.00 secs] 
1948.144: [GC (Allocation Failure) [PSYoungGen: 62477K->1549K(62976K)] 441117K->380189K(720896K), 0.0017354 secs] [Times: user=0.00 sys=0.00, real=0.00 secs] 
1949.024: [GC (Allocation Failure) [PSYoungGen: 62477K->1440K(62976K)] 441117K->380079K(720896K), 0.0028348 secs] [Times: user=0.01 sys=0.00, real=0.01 secs] 
1949.283: [GC (Allocation Failure) [PSYoungGen: 62368K->1392K(62976K)] 441007K->380031K(720896K), 0.0021516 secs] [Times: user=0.00 sys=0.00, real=0.00 secs] 
1949.536: [GC (Allocation Failure) [PSYoungGen: 62320K->1408K(62976K)] 440959K->380055K(720896K), 0.0020016 secs] [Times: user=0.00 sys=0.00, real=0.00 secs] 
1949.789: [GC (Allocation Failure) [PSYoungGen: 62336K->1408K(62976K)] 440983K->380055K(720896K), 0.0022501 secs] [Times: user=0.01 sys=0.00, real=0.00 secs] 
1950.122: [GC (Allocation Failure) [PSYoungGen: 62336K->1517K(62976K)] 440983K->380165K(720896K), 0.0020107 secs] [Times: user=0.00 sys=0.00, real=0.00 secs] 
1950.492: [GC (Allocation Failure) [PSYoungGen: 62445K->1549K(62976K)] 441093K->380197K(720896K), 0.0017328 secs] [Times: user=0.01 sys=0.00, real=0.00 secs] 
1950.857: [GC (Allocation Failure) [PSYoungGen: 62477K->1549K(62976K)] 441125K->380221K(720896K), 0.0017195 secs] [Times: user=0.00 sys=0.00, real=0.00 secs] 
1951.221: [GC (Allocation Failure) [PSYoungGen: 62477K->1549K(62976K)] 441149K->380221K(720896K), 0.0017196 secs] [Times: user=0.01 sys=0.00, real=0.00 secs] 
1951.606: [GC (Allocation Failure) [PSYoungGen: 62477K->1520K(62976K)] 441149K->380191K(720896K), 0.0019731 secs] [Times: user=0.01 sys=0.00, real=0.00 secs] 
1951.865: [GC (Allocation Failure) [PSYoungGen: 62448K->1344K(62976K)] 441119K->380015K(720896K), 0.0022233 secs] [Times: user=0.01 sys=0.00, real=0.01 secs] 
1952.125: [GC (Allocation Failure) [PSYoungGen: 62272K->1344K(62976K)] 440943K->380015K(720896K), 0.0019767 secs] [Times: user=0.01 sys=0.00, real=0.01 secs] 
1952.433: [GC (Allocation Failure) [PSYoungGen: 62272K->1408K(62976K)] 440943K->380095K(720896K), 0.0020073 secs] [Times: user=0.01 sys=0.00, real=0.00 secs] 
1952.878: [GC (Allocation Failure) [PSYoungGen: 62336K->1344K(62976K)] 441023K->380031K(720896K), 0.0022517 secs] [Times: user=0.00 sys=0.00, real=0.00 secs] 
1953.315: [GC (Allocation Failure) [PSYoungGen: 62272K->1485K(62976K)] 440959K->380173K(720896K), 0.0017620 secs] [Times: user=0.01 sys=0.00, real=0.01 secs] 
1953.679: [GC (Allocation Failure) [PSYoungGen: 62413K->1597K(62976K)] 441101K->380285K(720896K), 0.0017152 secs] [Times: user=0.01 sys=0.00, real=0.00 secs] 
1954.048: [GC (Allocation Failure) [PSYoungGen: 62525K->1517K(62976K)] 441213K->380213K(720896K), 0.0017391 secs] [Times: user=0.01 sys=0.00, real=0.00 secs] 
1954.424: [GC (Allocation Failure) [PSYoungGen: 62445K->1597K(62976K)] 441141K->380293K(720896K), 0.0017579 secs] [Times: user=0.00 sys=0.00, real=0.00 secs] 
1954.781: [GC (Allocation Failure) [PSYoungGen: 62525K->1440K(62976K)] 441221K->380135K(720896K), 0.0020266 secs] [Times: user=0.01 sys=0.00, real=0.00 secs] 
1955.034: [GC (Allocation Failure) [PSYoungGen: 62368K->1408K(62976K)] 441063K->380103K(720896K), 0.0019324 secs] [Times: user=0.01 sys=0.00, real=0.01 secs] 
1955.288: [GC (Allocation Failure) [PSYoungGen: 62336K->1360K(62976K)] 441031K->380055K(720896K), 0.0019713 secs] [Times: user=0.01 sys=0.00, real=0.00 secs] 
1955.541: [GC (Allocation Failure) [PSYoungGen: 62288K->1376K(62976K)] 440983K->380071K(720896K), 0.0019490 secs] [Times: user=0.01 sys=0.00, real=0.00 secs] 
1955.794: [GC (Allocation Failure) [PSYoungGen: 62304K->1376K(62976K)] 440999K->380071K(720896K), 0.0019683 secs] [Times: user=0.01 sys=0.00, real=0.00 secs] 
1956.395: [GC (Allocation Failure) [PSYoungGen: 62304K->1613K(62976K)] 440999K->380309K(720896K), 0.0017601 secs] [Times: user=0.01 sys=0.00, real=0.01 secs] 
1956.759: [GC (Allocation Failure) [PSYoungGen: 62541K->1597K(62976K)] 441237K->380301K(720896K), 0.0016648 secs] [Times: user=0.01 sys=0.00, real=0.00 secs] 
1957.129: [GC (Allocation Failure) [PSYoungGen: 62525K->1613K(62976K)] 441229K->380317K(720896K), 0.0016963 secs] [Times: user=0.01 sys=0.00, real=0.00 secs] 
1957.497: [GC (Allocation Failure) [PSYoungGen: 62541K->1597K(62976K)] 441245K->380301K(720896K), 0.0016331 secs] [Times: user=0.01 sys=0.00, real=0.00 secs] 
1957.837: [GC (Allocation Failure) [PSYoungGen: 62525K->1392K(62976K)] 441229K->380095K(720896K), 0.0019859 secs] [Times: user=0.01 sys=0.01, real=0.00 secs] 
1958.091: [GC (Allocation Failure) [PSYoungGen: 62320K->1424K(62976K)] 441023K->380127K(720896K), 0.0019267 secs] [Times: user=0.01 sys=0.00, real=0.00 secs] 
1958.493: [GC (Allocation Failure) [PSYoungGen: 62352K->1376K(62976K)] 441055K->380079K(720896K), 0.0020559 secs] [Times: user=0.00 sys=0.01, real=0.00 secs] 
1959.315: [GC (Allocation Failure) [PSYoungGen: 62304K->1360K(62976K)] 441007K->380063K(720896K), 0.0022121 secs] [Times: user=0.01 sys=0.00, real=0.01 secs] 
1960.165: [GC (Allocation Failure) [PSYoungGen: 62273K->1501K(62976K)] 440977K->380205K(720896K), 0.0016233 secs] [Times: user=0.00 sys=0.00, real=0.01 secs] 
1960.530: [GC (Allocation Failure) [PSYoungGen: 62429K->1584K(62976K)] 441133K->380287K(720896K), 0.0017147 secs] [Times: user=0.00 sys=0.00, real=0.00 secs] 
1960.894: [GC (Allocation Failure) [PSYoungGen: 62493K->1597K(62976K)] 441197K->380309K(720896K), 0.0016754 secs] [Times: user=0.01 sys=0.00, real=0.00 secs] 
1961.258: [GC (Allocation Failure) [PSYoungGen: 62525K->1517K(62976K)] 441237K->380229K(720896K), 0.0017117 secs] [Times: user=0.00 sys=0.01, real=0.00 secs] 
1961.628: [GC (Allocation Failure) [PSYoungGen: 62445K->1440K(62976K)] 441157K->380151K(720896K), 0.0017877 secs] [Times: user=0.01 sys=0.00, real=0.00 secs] 
1961.905: [GC (Allocation Failure) [PSYoungGen: 62368K->1344K(62976K)] 441079K->380071K(720896K), 0.0018567 secs] [Times: user=0.01 sys=0.00, real=0.01 secs] 
1962.158: [GC (Allocation Failure) [PSYoungGen: 62272K->1344K(62976K)] 440999K->380071K(720896K), 0.0018274 secs] [Times: user=0.01 sys=0.00, real=0.00 secs] 
1962.412: [GC (Allocation Failure) [PSYoungGen: 62272K->1376K(62976K)] 440999K->380103K(720896K), 0.0017999 secs] [Times: user=0.01 sys=0.00, real=0.00 secs] 
1962.665: [GC (Allocation Failure) [PSYoungGen: 62304K->1376K(62976K)] 441031K->380103K(720896K), 0.0019953 secs] [Times: user=0.01 sys=0.00, real=0.01 secs] 
1963.106: [GC (Allocation Failure) [PSYoungGen: 62301K->1517K(62976K)] 441029K->380245K(720896K), 0.0017278 secs] [Times: user=0.01 sys=0.00, real=0.01 secs] 
1963.471: [GC (Allocation Failure) [PSYoungGen: 62445K->1613K(62976K)] 441173K->380341K(720896K), 0.0017972 secs] [Times: user=0.01 sys=0.00, real=0.00 secs] 
1963.901: [GC (Allocation Failure) [PSYoungGen: 62541K->1549K(62976K)] 441269K->380293K(720896K), 0.0018187 secs] [Times: user=0.01 sys=0.00, real=0.00 secs] 
1964.265: [GC (Allocation Failure) [PSYoungGen: 62477K->1597K(62976K)] 441221K->380341K(720896K), 0.0017171 secs] [Times: user=0.00 sys=0.00, real=0.01 secs] 
1964.817: [GC (Allocation Failure) [PSYoungGen: 62525K->1408K(62976K)] 441269K->380151K(720896K), 0.0033795 secs] [Times: user=0.02 sys=0.00, real=0.00 secs] 
1965.334: [GC (Allocation Failure) [PSYoungGen: 62336K->1376K(62976K)] 441079K->380119K(720896K), 0.0030770 secs] [Times: user=0.01 sys=0.00, real=0.01 secs] 
1965.846: [GC (Allocation Failure) [PSYoungGen: 62304K->1392K(62976K)] 441047K->380135K(720896K), 0.0028879 secs] [Times: user=0.01 sys=0.00, real=0.00 secs] 
1966.155: [GC (Allocation Failure) [PSYoungGen: 62320K->1392K(62976K)] 441063K->380135K(720896K), 0.0021669 secs] [Times: user=0.01 sys=0.00, real=0.01 secs] 
1966.526: [GC (Allocation Failure) [PSYoungGen: 62310K->1504K(62976K)] 441054K->380247K(720896K), 0.0019833 secs] [Times: user=0.01 sys=0.00, real=0.01 secs] 
1966.895: [GC (Allocation Failure) [PSYoungGen: 62432K->1549K(62976K)] 441175K->380293K(720896K), 0.0017491 secs] [Times: user=0.01 sys=0.00, real=0.01 secs] 
1967.260: [GC (Allocation Failure) [PSYoungGen: 62477K->1533K(62976K)] 441221K->380285K(720896K), 0.0046915 secs] [Times: user=0.02 sys=0.00, real=0.00 secs] 
1967.710: [GC (Allocation Failure) [PSYoungGen: 62461K->1597K(62976K)] 441213K->380349K(720896K), 0.0016842 secs] [Times: user=0.01 sys=0.00, real=0.00 secs] 
1968.126: [GC (Allocation Failure) [PSYoungGen: 62525K->1792K(62976K)] 441277K->380543K(720896K), 0.0019058 secs] [Times: user=0.01 sys=0.00, real=0.00 secs] 
1969.981: [GC (Allocation Failure) [PSYoungGen: 62720K->1360K(62976K)] 441471K->380111K(720896K), 0.0043350 secs] [Times: user=0.02 sys=0.00, real=0.00 secs] 
1970.448: [GC (Allocation Failure) [PSYoungGen: 62288K->1376K(62976K)] 441039K->380127K(720896K), 0.0023305 secs] [Times: user=0.01 sys=0.00, real=0.00 secs] 
1970.935: [GC (Allocation Failure) [PSYoungGen: 62304K->1376K(62976K)] 441055K->380127K(720896K), 0.0024060 secs] [Times: user=0.01 sys=0.00, real=0.01 secs] 
1971.492: [GC (Allocation Failure) [PSYoungGen: 62304K->1376K(62976K)] 441055K->380127K(720896K), 0.0023540 secs] [Times: user=0.01 sys=0.00, real=0.00 secs] 
1972.277: [GC (Allocation Failure) [PSYoungGen: 62304K->1549K(62976K)] 441055K->380301K(720896K), 0.0016730 secs] [Times: user=0.01 sys=0.00, real=0.00 secs] 
1972.640: [GC (Allocation Failure) [PSYoungGen: 62477K->1549K(62976K)] 441229K->380301K(720896K), 0.0017600 secs] [Times: user=0.00 sys=0.00, real=0.00 secs] 
1973.009: [GC (Allocation Failure) [PSYoungGen: 62477K->1565K(62976K)] 441229K->380325K(720896K), 0.0018367 secs] [Times: user=0.01 sys=0.00, real=0.00 secs] 
1973.374: [GC (Allocation Failure) [PSYoungGen: 62493K->1613K(62976K)] 441253K->380373K(720896K), 0.0017163 secs] [Times: user=0.01 sys=0.00, real=0.00 secs] 
1973.698: [GC (Allocation Failure) [PSYoungGen: 62541K->1440K(62976K)] 441301K->380223K(720896K), 0.0024452 secs] [Times: user=0.01 sys=0.00, real=0.00 secs] 
1973.999: [GC (Allocation Failure) [PSYoungGen: 62368K->1328K(62976K)] 441151K->380111K(720896K), 0.0020653 secs] [Times: user=0.01 sys=0.00, real=0.00 secs] 
1974.253: [GC (Allocation Failure) [PSYoungGen: 62256K->1344K(62976K)] 441039K->380127K(720896K), 0.0021214 secs] [Times: user=0.01 sys=0.00, real=0.00 secs] 
1974.535: [GC (Allocation Failure) [PSYoungGen: 62272K->1376K(62976K)] 441055K->380159K(720896K), 0.0020155 secs] [Times: user=0.01 sys=0.00, real=0.01 secs] 
1975.001: [GC (Allocation Failure) [PSYoungGen: 62304K->1408K(62976K)] 441087K->380191K(720896K), 0.0019821 secs] [Times: user=0.01 sys=0.00, real=0.00 secs] 
1975.427: [GC (Allocation Failure) [PSYoungGen: 62336K->1533K(62976K)] 441119K->380317K(720896K), 0.0017216 secs] [Times: user=0.01 sys=0.00, real=0.00 secs] 
1975.791: [GC (Allocation Failure) [PSYoungGen: 62461K->1581K(62976K)] 441245K->380373K(720896K), 0.0018166 secs] [Times: user=0.01 sys=0.00, real=0.00 secs] 
1976.155: [GC (Allocation Failure) [PSYoungGen: 62492K->1581K(62976K)] 441283K->380373K(720896K), 0.0016924 secs] [Times: user=0.01 sys=0.00, real=0.01 secs] 
1976.519: [GC (Allocation Failure) [PSYoungGen: 62509K->1581K(62976K)] 441301K->380373K(720896K), 0.0017717 secs] [Times: user=0.01 sys=0.00, real=0.00 secs] 
1977.375: [GC (Allocation Failure) [PSYoungGen: 62509K->1392K(62976K)] 441301K->380183K(720896K), 0.0030556 secs] [Times: user=0.01 sys=0.00, real=0.01 secs] 
1977.893: [GC (Allocation Failure) [PSYoungGen: 62320K->1408K(62976K)] 441111K->380199K(720896K), 0.0025795 secs] [Times: user=0.01 sys=0.00, real=0.00 secs] 
1978.389: [GC (Allocation Failure) [PSYoungGen: 62336K->1376K(62976K)] 441127K->380167K(720896K), 0.0024943 secs] [Times: user=0.01 sys=0.00, real=0.00 secs] 
1978.873: [GC (Allocation Failure) [PSYoungGen: 62304K->1376K(62976K)] 441095K->380167K(720896K), 0.0021888 secs] [Times: user=0.01 sys=0.00, real=0.00 secs] 
1979.589: [GC (Allocation Failure) [PSYoungGen: 62304K->1472K(62976K)] 441095K->380263K(720896K), 0.0021136 secs] [Times: user=0.01 sys=0.00, real=0.00 secs] 
1979.957: [GC (Allocation Failure) [PSYoungGen: 62400K->1581K(62976K)] 441191K->380373K(720896K), 0.0018380 secs] [Times: user=0.01 sys=0.00, real=0.00 secs] 
1980.385: [GC (Allocation Failure) [PSYoungGen: 62509K->1613K(62976K)] 441301K->380413K(720896K), 0.0017904 secs] [Times: user=0.01 sys=0.00, real=0.01 secs] 
1980.748: [GC (Allocation Failure) [PSYoungGen: 62541K->1581K(62976K)] 441341K->380381K(720896K), 0.0017481 secs] [Times: user=0.01 sys=0.00, real=0.00 secs] 
1981.204: [GC (Allocation Failure) [PSYoungGen: 62509K->1472K(62976K)] 441309K->380271K(720896K), 0.0020346 secs] [Times: user=0.01 sys=0.00, real=0.00 secs] 
1981.464: [GC (Allocation Failure) [PSYoungGen: 62400K->1344K(62976K)] 441199K->380143K(720896K), 0.0021741 secs] [Times: user=0.01 sys=0.00, real=0.01 secs] 
1981.771: [GC (Allocation Failure) [PSYoungGen: 62272K->1344K(62976K)] 441071K->380143K(720896K), 0.0020003 secs] [Times: user=0.01 sys=0.00, real=0.00 secs] 
1982.133: [GC (Allocation Failure) [PSYoungGen: 62272K->1344K(62976K)] 441071K->380143K(720896K), 0.0020211 secs] [Times: user=0.01 sys=0.00, real=0.00 secs] 
1982.577: [GC (Allocation Failure) [PSYoungGen: 62272K->1408K(62976K)] 441071K->380223K(720896K), 0.0019986 secs] [Times: user=0.01 sys=0.00, real=0.00 secs] 
1983.038: [GC (Allocation Failure) [PSYoungGen: 62332K->1565K(62976K)] 441148K->380381K(720896K), 0.0017615 secs] [Times: user=0.01 sys=0.00, real=0.00 secs] 
1983.405: [GC (Allocation Failure) [PSYoungGen: 62493K->1597K(62976K)] 441309K->380413K(720896K), 0.0016986 secs] [Times: user=0.00 sys=0.00, real=0.01 secs] 
1983.769: [GC (Allocation Failure) [PSYoungGen: 62525K->1520K(62976K)] 441341K->380351K(720896K), 0.0017943 secs] [Times: user=0.01 sys=0.00, real=0.00 secs] 
1984.192: [GC (Allocation Failure) [PSYoungGen: 62448K->1581K(62976K)] 441279K->380413K(720896K), 0.0016949 secs] [Times: user=0.01 sys=0.00, real=0.00 secs] 
1984.727: [GC (Allocation Failure) [PSYoungGen: 62509K->1408K(62976K)] 441341K->380239K(720896K), 0.0021640 secs] [Times: user=0.01 sys=0.00, real=0.00 secs] 
1985.327: [GC (Allocation Failure) [PSYoungGen: 62336K->1312K(62976K)] 441167K->380143K(720896K), 0.0035779 secs] [Times: user=0.01 sys=0.00, real=0.00 secs] 
1985.835: [GC (Allocation Failure) [PSYoungGen: 62240K->1376K(62976K)] 441071K->380207K(720896K), 0.0028414 secs] [Times: user=0.01 sys=0.00, real=0.01 secs] 
1986.502: [GC (Allocation Failure) [PSYoungGen: 62304K->1440K(62976K)] 441135K->380271K(720896K), 0.0033555 secs] [Times: user=0.02 sys=0.00, real=0.00 secs] 
1987.099: [GC (Allocation Failure) [PSYoungGen: 62368K->1376K(62976K)] 441199K->380207K(720896K), 0.0035503 secs] [Times: user=0.01 sys=0.00, real=0.00 secs] 
1987.609: [GC (Allocation Failure) [PSYoungGen: 62304K->1597K(62976K)] 441135K->380429K(720896K), 0.0017901 secs] [Times: user=0.01 sys=0.00, real=0.00 secs] 
1987.983: [GC (Allocation Failure) [PSYoungGen: 62525K->1581K(62976K)] 441357K->380421K(720896K), 0.0017818 secs] [Times: user=0.00 sys=0.00, real=0.00 secs] 
1988.351: [GC (Allocation Failure) [PSYoungGen: 62509K->1581K(62976K)] 441349K->380421K(720896K), 0.0017502 secs] [Times: user=0.01 sys=0.00, real=0.00 secs] 
1988.770: [GC (Allocation Failure) [PSYoungGen: 62509K->1517K(62976K)] 441349K->380357K(720896K), 0.0018530 secs] [Times: user=0.01 sys=0.00, real=0.00 secs] 
1989.888: [GC (Allocation Failure) [PSYoungGen: 62445K->1408K(62976K)] 441285K->380247K(720896K), 0.0031701 secs] [Times: user=0.01 sys=0.00, real=0.00 secs] 
1990.273: [GC (Allocation Failure) [PSYoungGen: 62336K->1360K(62976K)] 441175K->380199K(720896K), 0.0021232 secs] [Times: user=0.01 sys=0.00, real=0.00 secs] 
1990.820: [GC (Allocation Failure) [PSYoungGen: 62288K->1344K(62976K)] 441127K->380183K(720896K), 0.0025337 secs] [Times: user=0.01 sys=0.00, real=0.00 secs] 
1991.320: [GC (Allocation Failure) [PSYoungGen: 62272K->1408K(62976K)] 441111K->380247K(720896K), 0.0056757 secs] [Times: user=0.02 sys=0.00, real=0.00 secs] 
1991.893: [GC (Allocation Failure) [PSYoungGen: 62336K->1469K(62976K)] 441175K->380309K(720896K), 0.0015824 secs] [Times: user=0.01 sys=0.00, real=0.00 secs] 
1992.257: [GC (Allocation Failure) [PSYoungGen: 62378K->1581K(62976K)] 441218K->380421K(720896K), 0.0017729 secs] [Times: user=0.01 sys=0.00, real=0.00 secs] 
1992.626: [GC (Allocation Failure) [PSYoungGen: 62509K->1549K(62976K)] 441349K->380405K(720896K), 0.0017683 secs] [Times: user=0.01 sys=0.00, real=0.01 secs] 
1992.992: [GC (Allocation Failure) [PSYoungGen: 62477K->1565K(62976K)] 441333K->380421K(720896K), 0.0017257 secs] [Times: user=0.01 sys=0.00, real=0.00 secs] 
1993.360: [GC (Allocation Failure) [PSYoungGen: 62493K->1440K(62976K)] 441349K->380319K(720896K), 0.0020713 secs] [Times: user=0.00 sys=0.00, real=0.00 secs] 
1993.754: [GC (Allocation Failure) [PSYoungGen: 62368K->1376K(62976K)] 441247K->380255K(720896K), 0.0020005 secs] [Times: user=0.01 sys=0.00, real=0.01 secs] 
1994.297: [GC (Allocation Failure) [PSYoungGen: 62304K->1360K(62976K)] 441183K->380239K(720896K), 0.0020986 secs] [Times: user=0.01 sys=0.00, real=0.00 secs] 
1994.848: [GC (Allocation Failure) [PSYoungGen: 62288K->1344K(62976K)] 441167K->380223K(720896K), 0.0023107 secs] [Times: user=0.01 sys=0.00, real=0.00 secs] 
1995.444: [GC (Allocation Failure) [PSYoungGen: 62272K->1376K(62976K)] 441151K->380255K(720896K), 0.0024039 secs] [Times: user=0.01 sys=0.00, real=0.01 secs] 
1995.973: [GC (Allocation Failure) [PSYoungGen: 62273K->1533K(62976K)] 441153K->380413K(720896K), 0.0015932 secs] [Times: user=0.01 sys=0.00, real=0.00 secs] 
1996.402: [GC (Allocation Failure) [PSYoungGen: 62461K->1549K(62976K)] 441341K->380429K(720896K), 0.0017425 secs] [Times: user=0.00 sys=0.00, real=0.00 secs] 
1996.766: [GC (Allocation Failure) [PSYoungGen: 62477K->1613K(62976K)] 441357K->380517K(720896K), 0.0018457 secs] [Times: user=0.01 sys=0.00, real=0.01 secs] 
1997.129: [GC (Allocation Failure) [PSYoungGen: 62541K->1565K(62976K)] 441445K->380469K(720896K), 0.0017528 secs] [Times: user=0.00 sys=0.00, real=0.00 secs] 
1997.473: [GC (Allocation Failure) [PSYoungGen: 62493K->1424K(62976K)] 441397K->380327K(720896K), 0.0031312 secs] [Times: user=0.01 sys=0.00, real=0.01 secs] 
1997.730: [GC (Allocation Failure) [PSYoungGen: 62352K->1408K(62976K)] 441255K->380311K(720896K), 0.0020558 secs] [Times: user=0.00 sys=0.00, real=0.00 secs] 
1998.161: [GC (Allocation Failure) [PSYoungGen: 62336K->1344K(62976K)] 441239K->380247K(720896K), 0.0018720 secs] [Times: user=0.01 sys=0.00, real=0.00 secs] 
1998.696: [GC (Allocation Failure) [PSYoungGen: 62272K->1344K(62976K)] 441175K->380247K(720896K), 0.0022991 secs] [Times: user=0.01 sys=0.00, real=0.01 secs] 
1999.237: [GC (Allocation Failure) [PSYoungGen: 62272K->1453K(62976K)] 441175K->380357K(720896K), 0.0019702 secs] [Times: user=0.01 sys=0.00, real=0.00 secs] 
1999.614: [GC (Allocation Failure) [PSYoungGen: 62366K->1613K(62976K)] 441270K->380517K(720896K), 0.0017805 secs] [Times: user=0.01 sys=0.00, real=0.00 secs] 
1999.980: [GC (Allocation Failure) [PSYoungGen: 62541K->1549K(62976K)] 441445K->380461K(720896K), 0.0016914 secs] [Times: user=0.01 sys=0.00, real=0.00 secs] 
2000.345: [GC (Allocation Failure) [PSYoungGen: 62477K->1597K(62976K)] 441389K->380509K(720896K), 0.0017619 secs] [Times: user=0.01 sys=0.00, real=0.01 secs] 
2000.778: [GC (Allocation Failure) [PSYoungGen: 62525K->1984K(62976K)] 441437K->380895K(720896K), 0.0020261 secs] [Times: user=0.01 sys=0.00, real=0.00 secs] 
2001.388: [GC (Allocation Failure) [PSYoungGen: 62912K->1344K(62976K)] 441823K->380255K(720896K), 0.0020102 secs] [Times: user=0.01 sys=0.00, real=0.00 secs] 
2002.190: [GC (Allocation Failure) [PSYoungGen: 62272K->1376K(62976K)] 441183K->380287K(720896K), 0.0042881 secs] [Times: user=0.02 sys=0.00, real=0.00 secs] 
2003.022: [GC (Allocation Failure) [PSYoungGen: 62304K->1408K(62976K)] 441215K->380343K(720896K), 0.0052431 secs] [Times: user=0.02 sys=0.00, real=0.01 secs] 
2003.602: [GC (Allocation Failure) [PSYoungGen: 62336K->1376K(62976K)] 441271K->380311K(720896K), 0.0024932 secs] [Times: user=0.01 sys=0.00, real=0.00 secs] 
2004.231: [GC (Allocation Failure) [PSYoungGen: 62304K->1501K(62976K)] 441239K->380437K(720896K), 0.0017369 secs] [Times: user=0.01 sys=0.00, real=0.00 secs] 
2004.594: [GC (Allocation Failure) [PSYoungGen: 62402K->1597K(62976K)] 441338K->380533K(720896K), 0.0018451 secs] [Times: user=0.01 sys=0.00, real=0.01 secs] 
2004.961: [GC (Allocation Failure) [PSYoungGen: 62525K->1549K(62976K)] 441461K->380501K(720896K), 0.0017517 secs] [Times: user=0.01 sys=0.00, real=0.00 secs] 
2005.325: [GC (Allocation Failure) [PSYoungGen: 62477K->1597K(62976K)] 441429K->380549K(720896K), 0.0017006 secs] [Times: user=0.00 sys=0.00, real=0.01 secs] 
2005.791: [GC (Allocation Failure) [PSYoungGen: 62525K->1504K(62976K)] 441477K->380455K(720896K), 0.0016898 secs] [Times: user=0.01 sys=0.00, real=0.00 secs] 
2006.456: [GC (Allocation Failure) [PSYoungGen: 62432K->1392K(62976K)] 441383K->380343K(720896K), 0.0021179 secs] [Times: user=0.01 sys=0.00, real=0.01 secs] 
2007.003: [GC (Allocation Failure) [PSYoungGen: 62320K->1376K(62976K)] 441271K->380327K(720896K), 0.0025564 secs] [Times: user=0.01 sys=0.00, real=0.00 secs] 
2007.747: [GC (Allocation Failure) [PSYoungGen: 62304K->1376K(62976K)] 441255K->380327K(720896K), 0.0041965 secs] [Times: user=0.02 sys=0.00, real=0.00 secs] 
2008.485: [GC (Allocation Failure) [PSYoungGen: 62304K->1376K(62976K)] 441255K->380327K(720896K), 0.0059846 secs] [Times: user=0.02 sys=0.00, real=0.01 secs] 
2009.033: [GC (Allocation Failure) [PSYoungGen: 62304K->1517K(62976K)] 441255K->380469K(720896K), 0.0017532 secs] [Times: user=0.00 sys=0.00, real=0.00 secs] 
2009.397: [GC (Allocation Failure) [PSYoungGen: 62445K->1568K(62976K)] 441397K->380527K(720896K), 0.0017622 secs] [Times: user=0.01 sys=0.00, real=0.00 secs] 
2009.761: [GC (GCLocker Initiated GC) [PSYoungGen: 62496K->1517K(62976K)] 441455K->380477K(720896K), 0.0017489 secs] [Times: user=0.00 sys=0.00, real=0.00 secs] 
2010.127: [GC (Allocation Failure) [PSYoungGen: 62445K->1517K(62976K)] 441662K->380734K(720896K), 0.0017911 secs] [Times: user=0.00 sys=0.00, real=0.00 secs] 
2010.439: [GC (Allocation Failure) [PSYoungGen: 62445K->1440K(62976K)] 441662K->380657K(720896K), 0.0018402 secs] [Times: user=0.01 sys=0.00, real=0.00 secs] 
2010.704: [GC (Allocation Failure) [PSYoungGen: 62368K->1376K(62976K)] 441585K->380593K(720896K), 0.0016451 secs] [Times: user=0.00 sys=0.00, real=0.00 secs] 
2010.957: [GC (Allocation Failure) [PSYoungGen: 62304K->1408K(62976K)] 441521K->380625K(720896K), 0.0016575 secs] [Times: user=0.00 sys=0.00, real=0.00 secs] 
2011.209: [GC (Allocation Failure) [PSYoungGen: 62336K->1440K(62976K)] 441553K->380657K(720896K), 0.0015584 secs] [Times: user=0.00 sys=0.00, real=0.00 secs] 
2011.504: [GC (Allocation Failure) [PSYoungGen: 62368K->1533K(62976K)] 441585K->380750K(720896K), 0.0016163 secs] [Times: user=0.00 sys=0.00, real=0.00 secs] 
2011.868: [GC (Allocation Failure) [PSYoungGen: 62461K->1661K(62976K)] 441678K->380878K(720896K), 0.0017192 secs] [Times: user=0.01 sys=0.00, real=0.00 secs] 
2012.232: [GC (Allocation Failure) [PSYoungGen: 62589K->1549K(62976K)] 441806K->380790K(720896K), 0.0017640 secs] [Times: user=0.01 sys=0.00, real=0.00 secs] 
2012.599: [GC (Allocation Failure) [PSYoungGen: 62477K->1629K(62976K)] 441718K->380870K(720896K), 0.0017180 secs] [Times: user=0.00 sys=0.00, real=0.00 secs] 
2013.257: [GC (Allocation Failure) [PSYoungGen: 62557K->1488K(62976K)] 441798K->380729K(720896K), 0.0030883 secs] [Times: user=0.01 sys=0.00, real=0.00 secs] 
2014.365: [GC (Allocation Failure) [PSYoungGen: 62416K->1440K(62976K)] 441657K->380681K(720896K), 0.0033321 secs] [Times: user=0.01 sys=0.00, real=0.01 secs] 
2014.672: [GC (Allocation Failure) [PSYoungGen: 62368K->1408K(62976K)] 441609K->380649K(720896K), 0.0021115 secs] [Times: user=0.01 sys=0.00, real=0.00 secs] 
2015.032: [GC (Allocation Failure) [PSYoungGen: 62336K->1344K(62976K)] 441577K->380633K(720896K), 0.0019861 secs] [Times: user=0.01 sys=0.00, real=0.00 secs] 
2015.545: [GC (Allocation Failure) [PSYoungGen: 62272K->1392K(62976K)] 441561K->380681K(720896K), 0.0023690 secs] [Times: user=0.01 sys=0.00, real=0.01 secs] 
2016.017: [GC (Allocation Failure) [PSYoungGen: 62320K->1469K(62976K)] 441609K->380758K(720896K), 0.0017332 secs] [Times: user=0.01 sys=0.00, real=0.00 secs] 
2016.449: [GC (Allocation Failure) [PSYoungGen: 62397K->1581K(62976K)] 441686K->380878K(720896K), 0.0018355 secs] [Times: user=0.01 sys=0.00, real=0.00 secs] 
2016.814: [GC (Allocation Failure) [PSYoungGen: 62509K->1597K(62976K)] 441806K->380918K(720896K), 0.0018312 secs] [Times: user=0.00 sys=0.00, real=0.00 secs] 
2017.181: [GC (Allocation Failure) [PSYoungGen: 62525K->1517K(62976K)] 441846K->380838K(720896K), 0.0018096 secs] [Times: user=0.01 sys=0.01, real=0.00 secs] 
2017.789: [GC (Allocation Failure) [PSYoungGen: 62445K->1408K(62976K)] 441766K->380729K(720896K), 0.0036474 secs] [Times: user=0.01 sys=0.00, real=0.00 secs] 
2018.575: [GC (Allocation Failure) [PSYoungGen: 62336K->1376K(62976K)] 441657K->380697K(720896K), 0.0037228 secs] [Times: user=0.01 sys=0.00, real=0.01 secs] 
2019.108: [GC (Allocation Failure) [PSYoungGen: 62304K->1376K(62976K)] 441625K->380697K(720896K), 0.0025025 secs] [Times: user=0.01 sys=0.00, real=0.00 secs] 
2019.639: [GC (Allocation Failure) [PSYoungGen: 62304K->1360K(62976K)] 441625K->380681K(720896K), 0.0023573 secs] [Times: user=0.01 sys=0.00, real=0.00 secs] 
2020.209: [GC (Allocation Failure) [PSYoungGen: 62288K->320K(62976K)] 441609K->379641K(720896K), 0.0023251 secs] [Times: user=0.01 sys=0.00, real=0.00 secs] 
2020.617: [GC (Allocation Failure) [PSYoungGen: 61247K->1613K(62976K)] 440569K->380934K(720896K), 0.0017232 secs] [Times: user=0.01 sys=0.00, real=0.00 secs] 
2021.064: [GC (Allocation Failure) [PSYoungGen: 62541K->1549K(62976K)] 441862K->380894K(720896K), 0.0018201 secs] [Times: user=0.00 sys=0.00, real=0.00 secs] 
2021.428: [GC (Allocation Failure) [PSYoungGen: 62477K->1597K(62976K)] 441822K->380942K(720896K), 0.0018800 secs] [Times: user=0.00 sys=0.00, real=0.00 secs] 
2021.854: [GC (Allocation Failure) [PSYoungGen: 62525K->1549K(62976K)] 441870K->380894K(720896K), 0.0018335 secs] [Times: user=0.00 sys=0.00, real=0.00 secs] 
2022.165: [GC (Allocation Failure) [PSYoungGen: 62477K->1408K(62976K)] 441822K->380753K(720896K), 0.0034264 secs] [Times: user=0.02 sys=0.00, real=0.01 secs] 
2022.548: [GC (Allocation Failure) [PSYoungGen: 62336K->1344K(62976K)] 441681K->380705K(720896K), 0.0020962 secs] [Times: user=0.00 sys=0.00, real=0.00 secs] 
2023.010: [GC (Allocation Failure) [PSYoungGen: 62272K->1360K(62976K)] 441633K->380721K(720896K), 0.0020889 secs] [Times: user=0.01 sys=0.00, real=0.00 secs] 
2023.494: [GC (Allocation Failure) [PSYoungGen: 62288K->1376K(62976K)] 441649K->380737K(720896K), 0.0019233 secs] [Times: user=0.01 sys=0.00, real=0.01 secs] 
2024.030: [GC (Allocation Failure) [PSYoungGen: 62292K->1501K(62976K)] 441653K->380862K(720896K), 0.0015940 secs] [Times: user=0.01 sys=0.00, real=0.00 secs] 
2024.395: [GC (Allocation Failure) [PSYoungGen: 62429K->1597K(62976K)] 441790K->380958K(720896K), 0.0018955 secs] [Times: user=0.01 sys=0.00, real=0.01 secs] 
2024.758: [GC (Allocation Failure) [PSYoungGen: 62525K->1549K(62976K)] 441886K->380926K(720896K), 0.0018720 secs] [Times: user=0.01 sys=0.00, real=0.00 secs] 
2025.181: [GC (Allocation Failure) [PSYoungGen: 62477K->1581K(62976K)] 441854K->380958K(720896K), 0.0018793 secs] [Times: user=0.01 sys=0.00, real=0.00 secs] 
2025.539: [GC (Allocation Failure) [PSYoungGen: 62509K->1504K(62976K)] 441886K->380881K(720896K), 0.0022426 secs] [Times: user=0.01 sys=0.00, real=0.00 secs] 
2025.816: [GC (Allocation Failure) [PSYoungGen: 62432K->1360K(62976K)] 441809K->380737K(720896K), 0.0021585 secs] [Times: user=0.00 sys=0.00, real=0.00 secs] 
2026.230: [GC (Allocation Failure) [PSYoungGen: 62288K->1392K(62976K)] 441665K->380769K(720896K), 0.0020233 secs] [Times: user=0.00 sys=0.00, real=0.00 secs] 
2026.780: [GC (Allocation Failure) [PSYoungGen: 62320K->1392K(62976K)] 441697K->380769K(720896K), 0.0024009 secs] [Times: user=0.01 sys=0.00, real=0.00 secs] 
2027.307: [GC (Allocation Failure) [PSYoungGen: 62320K->1376K(62976K)] 441697K->380753K(720896K), 0.0027129 secs] [Times: user=0.01 sys=0.00, real=0.00 secs] 
2027.804: [GC (Allocation Failure) [PSYoungGen: 62304K->1565K(62976K)] 441681K->380942K(720896K), 0.0016382 secs] [Times: user=0.00 sys=0.00, real=0.00 secs] 
2028.169: [GC (Allocation Failure) [PSYoungGen: 62493K->1565K(62976K)] 441870K->380942K(720896K), 0.0017508 secs] [Times: user=0.00 sys=0.01, real=0.00 secs] 
2028.537: [GC (Allocation Failure) [PSYoungGen: 62493K->1533K(62976K)] 441870K->380926K(720896K), 0.0017454 secs] [Times: user=0.00 sys=0.00, real=0.00 secs] 
2028.912: [GC (Allocation Failure) [PSYoungGen: 62461K->1549K(62976K)] 441854K->380942K(720896K), 0.0016827 secs] [Times: user=0.01 sys=0.00, real=0.00 secs] 
2029.215: [GC (Allocation Failure) [PSYoungGen: 62477K->1440K(62976K)] 441870K->380833K(720896K), 0.0019213 secs] [Times: user=0.01 sys=0.00, real=0.01 secs] 
2029.468: [GC (Allocation Failure) [PSYoungGen: 62368K->1376K(62976K)] 441761K->380769K(720896K), 0.0017846 secs] [Times: user=0.00 sys=0.00, real=0.00 secs] 
2029.787: [GC (Allocation Failure) [PSYoungGen: 62304K->1408K(62976K)] 441697K->380801K(720896K), 0.0017640 secs] [Times: user=0.01 sys=0.00, real=0.00 secs] 
2030.238: [GC (Allocation Failure) [PSYoungGen: 62336K->1376K(62976K)] 441729K->380769K(720896K), 0.0018173 secs] [Times: user=0.01 sys=0.00, real=0.00 secs] 
2030.788: [GC (Allocation Failure) [PSYoungGen: 62304K->1504K(62976K)] 441697K->380897K(720896K), 0.0021806 secs] [Times: user=0.01 sys=0.00, real=0.00 secs] 
2031.258: [GC (Allocation Failure) [PSYoungGen: 62432K->1613K(62976K)] 441825K->381006K(720896K), 0.0017514 secs] [Times: user=0.00 sys=0.00, real=0.00 secs] 
2031.684: [GC (Allocation Failure) [PSYoungGen: 62541K->1549K(62976K)] 441934K->380974K(720896K), 0.0019415 secs] [Times: user=0.01 sys=0.01, real=0.01 secs] 
2032.107: [GC (Allocation Failure) [PSYoungGen: 62469K->1581K(62976K)] 441895K->381006K(720896K), 0.0017988 secs] [Times: user=0.01 sys=0.00, real=0.00 secs] 
2032.560: [GC (Allocation Failure) [PSYoungGen: 62509K->2032K(62976K)] 441934K->381969K(720896K), 0.0020886 secs] [Times: user=0.01 sys=0.00, real=0.00 secs] 
2032.861: [GC (Allocation Failure) [PSYoungGen: 62960K->1376K(62976K)] 442897K->381313K(720896K), 0.0025974 secs] [Times: user=0.01 sys=0.00, real=0.00 secs] 
2033.293: [GC (Allocation Failure) [PSYoungGen: 62304K->1360K(62976K)] 442241K->381297K(720896K), 0.0022620 secs] [Times: user=0.01 sys=0.00, real=0.00 secs] 
2033.790: [GC (Allocation Failure) [PSYoungGen: 62288K->1344K(62976K)] 442225K->381281K(720896K), 0.0019951 secs] [Times: user=0.01 sys=0.00, real=0.00 secs] 
2034.324: [GC (Allocation Failure) [PSYoungGen: 62272K->1392K(62976K)] 442209K->381329K(720896K), 0.0021670 secs] [Times: user=0.01 sys=0.00, real=0.01 secs] 
2034.828: [GC (Allocation Failure) [PSYoungGen: 62314K->1533K(62976K)] 442251K->381470K(720896K), 0.0016284 secs] [Times: user=0.00 sys=0.00, real=0.00 secs] 
2035.193: [GC (Allocation Failure) [PSYoungGen: 62461K->1549K(62976K)] 442398K->381486K(720896K), 0.0018151 secs] [Times: user=0.01 sys=0.00, real=0.00 secs] 
2035.558: [GC (Allocation Failure) [PSYoungGen: 62458K->1581K(62976K)] 442396K->381526K(720896K), 0.0018003 secs] [Times: user=0.00 sys=0.00, real=0.00 secs] 
2035.925: [GC (Allocation Failure) [PSYoungGen: 62509K->1597K(62976K)] 442454K->381542K(720896K), 0.0017740 secs] [Times: user=0.00 sys=0.00, real=0.01 secs] 
2036.312: [GC (Allocation Failure) [PSYoungGen: 62525K->1504K(62976K)] 442470K->381449K(720896K), 0.0018704 secs] [Times: user=0.01 sys=0.00, real=0.00 secs] 
2037.000: [GC (Allocation Failure) [PSYoungGen: 62432K->1376K(62976K)] 442377K->381321K(720896K), 0.0041193 secs] [Times: user=0.01 sys=0.00, real=0.00 secs] 
2037.772: [GC (Allocation Failure) [PSYoungGen: 62304K->1344K(62976K)] 442249K->381289K(720896K), 0.0039783 secs] [Times: user=0.02 sys=0.01, real=0.00 secs] 
2038.547: [GC (Allocation Failure) [PSYoungGen: 62272K->1376K(62976K)] 442217K->381321K(720896K), 0.0041110 secs] [Times: user=0.02 sys=0.00, real=0.00 secs] 
2039.580: [GC (Allocation Failure) [PSYoungGen: 62304K->1344K(62976K)] 442249K->381289K(720896K), 0.0022770 secs] [Times: user=0.01 sys=0.00, real=0.00 secs] 
2040.015: [GC (Allocation Failure) [PSYoungGen: 62272K->1581K(62976K)] 442217K->381526K(720896K), 0.0017245 secs] [Times: user=0.01 sys=0.00, real=0.01 secs] 
2040.435: [GC (Allocation Failure) [PSYoungGen: 62509K->1613K(62976K)] 442454K->381574K(720896K), 0.0016836 secs] [Times: user=0.00 sys=0.00, real=0.01 secs] 
2040.867: [GC (Allocation Failure) [PSYoungGen: 62541K->1517K(62976K)] 442502K->381478K(720896K), 0.0019152 secs] [Times: user=0.01 sys=0.00, real=0.00 secs] 
2041.258: [GC (Allocation Failure) [PSYoungGen: 62445K->1549K(62976K)] 442406K->381510K(720896K), 0.0018149 secs] [Times: user=0.00 sys=0.00, real=0.00 secs] 
2041.927: [GC (Allocation Failure) [PSYoungGen: 62477K->1408K(62976K)] 442438K->381369K(720896K), 0.0040737 secs] [Times: user=0.01 sys=0.00, real=0.00 secs] 
2042.449: [GC (Allocation Failure) [PSYoungGen: 62336K->1392K(62976K)] 442297K->381353K(720896K), 0.0034066 secs] [Times: user=0.02 sys=0.00, real=0.00 secs] 
2042.962: [GC (Allocation Failure) [PSYoungGen: 62320K->1376K(62976K)] 442281K->381337K(720896K), 0.0027865 secs] [Times: user=0.01 sys=0.00, real=0.00 secs] 
2043.268: [GC (Allocation Failure) [PSYoungGen: 62304K->1408K(62976K)] 442265K->381369K(720896K), 0.0020241 secs] [Times: user=0.01 sys=0.00, real=0.00 secs] 
2043.611: [GC (Allocation Failure) [PSYoungGen: 62336K->1501K(62976K)] 442297K->381478K(720896K), 0.0016928 secs] [Times: user=0.00 sys=0.00, real=0.00 secs] 
2043.979: [GC (Allocation Failure) [PSYoungGen: 62429K->1533K(62976K)] 442406K->381510K(720896K), 0.0017391 secs] [Times: user=0.01 sys=0.00, real=0.00 secs] 
2044.343: [GC (Allocation Failure) [PSYoungGen: 62461K->1597K(62976K)] 442438K->381582K(720896K), 0.0017178 secs] [Times: user=0.00 sys=0.00, real=0.00 secs] 
2044.707: [GC (Allocation Failure) [PSYoungGen: 62525K->1549K(62976K)] 442510K->381534K(720896K), 0.0017262 secs] [Times: user=0.01 sys=0.00, real=0.00 secs] 
2045.161: [GC (Allocation Failure) [PSYoungGen: 62477K->1472K(62976K)] 442462K->381457K(720896K), 0.0018712 secs] [Times: user=0.01 sys=0.00, real=0.00 secs] 
2045.799: [GC (Allocation Failure) [PSYoungGen: 62400K->1424K(62976K)] 442385K->381409K(720896K), 0.0030502 secs] [Times: user=0.01 sys=0.00, real=0.00 secs] 
2046.303: [GC (Allocation Failure) [PSYoungGen: 62352K->1408K(62976K)] 442337K->381393K(720896K), 0.0028073 secs] [Times: user=0.01 sys=0.00, real=0.00 secs] 
2046.798: [GC (Allocation Failure) [PSYoungGen: 62336K->1344K(62976K)] 442321K->381329K(720896K), 0.0027571 secs] [Times: user=0.01 sys=0.00, real=0.00 secs] 
2047.280: [GC (Allocation Failure) [PSYoungGen: 62272K->1376K(62976K)] 442257K->381361K(720896K), 0.0027272 secs] [Times: user=0.01 sys=0.00, real=0.00 secs] 
2047.879: [GC (Allocation Failure) [PSYoungGen: 62300K->1517K(62976K)] 442286K->381502K(720896K), 0.0017276 secs] [Times: user=0.00 sys=0.00, real=0.00 secs] 
2048.243: [GC (Allocation Failure) [PSYoungGen: 62445K->1584K(62976K)] 442430K->381569K(720896K), 0.0017601 secs] [Times: user=0.01 sys=0.00, real=0.00 secs] 
2048.612: [GC (Allocation Failure) [PSYoungGen: 62512K->1549K(62976K)] 442497K->381550K(720896K), 0.0016976 secs] [Times: user=0.01 sys=0.00, real=0.00 secs] 
2048.977: [GC (Allocation Failure) [PSYoungGen: 62477K->1581K(62976K)] 442478K->381582K(720896K), 0.0016663 secs] [Times: user=0.00 sys=0.00, real=0.00 secs] 
2049.516: [GC (Allocation Failure) [PSYoungGen: 62509K->1392K(62976K)] 442510K->381393K(720896K), 0.0021144 secs] [Times: user=0.01 sys=0.00, real=0.00 secs] 
2049.982: [GC (Allocation Failure) [PSYoungGen: 62320K->1392K(62976K)] 442321K->381393K(720896K), 0.0032882 secs] [Times: user=0.02 sys=0.00, real=0.00 secs] 
2050.417: [GC (Allocation Failure) [PSYoungGen: 62320K->1376K(62976K)] 442321K->381377K(720896K), 0.0033319 secs] [Times: user=0.01 sys=0.00, real=0.00 secs] 
2050.857: [GC (Allocation Failure) [PSYoungGen: 62304K->1376K(62976K)] 442305K->381377K(720896K), 0.0027201 secs] [Times: user=0.01 sys=0.00, real=0.00 secs] 
2051.417: [GC (Allocation Failure) [PSYoungGen: 62304K->1485K(62976K)] 442305K->381494K(720896K), 0.0025189 secs] [Times: user=0.01 sys=0.00, real=0.00 secs] 
2051.838: [GC (Allocation Failure) [PSYoungGen: 62383K->1613K(62976K)] 442393K->381622K(720896K), 0.0017010 secs] [Times: user=0.00 sys=0.00, real=0.00 secs] 
2052.204: [GC (Allocation Failure) [PSYoungGen: 62541K->1597K(62976K)] 442550K->381614K(720896K), 0.0017419 secs] [Times: user=0.01 sys=0.00, real=0.00 secs] 
2052.569: [GC (Allocation Failure) [PSYoungGen: 62525K->1565K(62976K)] 442542K->381606K(720896K), 0.0018046 secs] [Times: user=0.00 sys=0.00, real=0.00 secs] 
2052.927: [GC (Allocation Failure) [PSYoungGen: 62493K->1536K(62976K)] 442534K->381577K(720896K), 0.0015594 secs] [Times: user=0.00 sys=0.00, real=0.00 secs] 
2053.262: [GC (Allocation Failure) [PSYoungGen: 62464K->1376K(62976K)] 442505K->381417K(720896K), 0.0018657 secs] [Times: user=0.01 sys=0.00, real=0.00 secs] 
2053.515: [GC (Allocation Failure) [PSYoungGen: 62304K->1344K(62976K)] 442345K->381385K(720896K), 0.0018457 secs] [Times: user=0.01 sys=0.00, real=0.01 secs] 
2053.768: [GC (Allocation Failure) [PSYoungGen: 62272K->1344K(62976K)] 442313K->381385K(720896K), 0.0021200 secs] [Times: user=0.01 sys=0.00, real=0.00 secs] 
2054.026: [GC (Allocation Failure) [PSYoungGen: 62272K->1344K(62976K)] 442313K->381385K(720896K), 0.0024567 secs] [Times: user=0.02 sys=0.00, real=0.01 secs] 
2054.388: [GC (Allocation Failure) [PSYoungGen: 62272K->1485K(62976K)] 442313K->381526K(720896K), 0.0016973 secs] [Times: user=0.00 sys=0.00, real=0.00 secs] 
2054.810: [GC (Allocation Failure) [PSYoungGen: 62413K->1549K(62976K)] 442454K->381590K(720896K), 0.0018463 secs] [Times: user=0.01 sys=0.00, real=0.00 secs] 
2055.176: [GC (Allocation Failure) [PSYoungGen: 62477K->1536K(62976K)] 442518K->381593K(720896K), 0.0019249 secs] [Times: user=0.01 sys=0.00, real=0.00 secs] 
2055.605: [GC (Allocation Failure) [PSYoungGen: 62464K->1549K(62976K)] 442521K->381606K(720896K), 0.0018373 secs] [Times: user=0.00 sys=0.00, real=0.01 secs] 
2056.003: [GC (Allocation Failure) [PSYoungGen: 62477K->1472K(62976K)] 442534K->381529K(720896K), 0.0023285 secs] [Times: user=0.01 sys=0.00, real=0.00 secs] 
2056.258: [GC (Allocation Failure) [PSYoungGen: 62400K->1376K(62976K)] 442457K->381433K(720896K), 0.0020339 secs] [Times: user=0.01 sys=0.00, real=0.00 secs] 
2056.511: [GC (Allocation Failure) [PSYoungGen: 62304K->1376K(62976K)] 442361K->381441K(720896K), 0.0019879 secs] [Times: user=0.00 sys=0.00, real=0.00 secs] 
2056.764: [GC (Allocation Failure) [PSYoungGen: 62304K->1408K(62976K)] 442369K->381473K(720896K), 0.0019812 secs] [Times: user=0.01 sys=0.00, real=0.01 secs] 
2057.017: [GC (Allocation Failure) [PSYoungGen: 62336K->1408K(62976K)] 442401K->381473K(720896K), 0.0021200 secs] [Times: user=0.00 sys=0.00, real=0.00 secs] 
2057.399: [GC (Allocation Failure) [PSYoungGen: 62336K->1533K(62976K)] 442401K->381598K(720896K), 0.0018114 secs] [Times: user=0.01 sys=0.00, real=0.00 secs] 
2057.764: [GC (Allocation Failure) [PSYoungGen: 62461K->1565K(62976K)] 442526K->381646K(720896K), 0.0018734 secs] [Times: user=0.01 sys=0.00, real=0.00 secs] 
2058.126: [GC (Allocation Failure) [PSYoungGen: 62493K->1549K(62976K)] 442574K->381630K(720896K), 0.0017049 secs] [Times: user=0.00 sys=0.01, real=0.01 secs] 
2058.493: [GC (Allocation Failure) [PSYoungGen: 62477K->1613K(62976K)] 442558K->381694K(720896K), 0.0018096 secs] [Times: user=0.01 sys=0.00, real=0.00 secs] 
2058.871: [GC (Allocation Failure) [PSYoungGen: 62541K->1440K(62976K)] 442622K->381521K(720896K), 0.0018831 secs] [Times: user=0.01 sys=0.00, real=0.00 secs] 
2059.133: [GC (Allocation Failure) [PSYoungGen: 62368K->1424K(62976K)] 442449K->381505K(720896K), 0.0018895 secs] [Times: user=0.01 sys=0.00, real=0.00 secs] 
2059.473: [GC (Allocation Failure) [PSYoungGen: 62352K->1408K(62976K)] 442433K->381489K(720896K), 0.0019347 secs] [Times: user=0.01 sys=0.00, real=0.00 secs] 
2059.726: [GC (Allocation Failure) [PSYoungGen: 62336K->1344K(62976K)] 442417K->381425K(720896K), 0.0019319 secs] [Times: user=0.01 sys=0.00, real=0.01 secs] 
2060.029: [GC (Allocation Failure) [PSYoungGen: 62248K->1504K(62976K)] 442330K->381585K(720896K), 0.0016868 secs] [Times: user=0.01 sys=0.00, real=0.00 secs] 
2060.395: [GC (Allocation Failure) [PSYoungGen: 62432K->1517K(62976K)] 442513K->381630K(720896K), 0.0017225 secs] [Times: user=0.01 sys=0.00, real=0.01 secs] 
2060.759: [GC (Allocation Failure) [PSYoungGen: 62437K->1549K(62976K)] 442550K->381670K(720896K), 0.0018239 secs] [Times: user=0.00 sys=0.01, real=0.00 secs] 
2061.181: [GC (Allocation Failure) [PSYoungGen: 62477K->1533K(62976K)] 442598K->381654K(720896K), 0.0017664 secs] [Times: user=0.00 sys=0.00, real=0.00 secs] 
2061.575: [GC (Allocation Failure) [PSYoungGen: 62461K->1472K(62976K)] 442582K->381593K(720896K), 0.0018499 secs] [Times: user=0.01 sys=0.00, real=0.01 secs] 
2062.090: [GC (Allocation Failure) [PSYoungGen: 62400K->1376K(62976K)] 442521K->381497K(720896K), 0.0028721 secs] [Times: user=0.01 sys=0.00, real=0.00 secs] 
2062.595: [GC (Allocation Failure) [PSYoungGen: 62304K->1360K(62976K)] 442425K->381481K(720896K), 0.0023834 secs] [Times: user=0.01 sys=0.00, real=0.01 secs] 
2063.086: [GC (Allocation Failure) [PSYoungGen: 62288K->1344K(62976K)] 442409K->381465K(720896K), 0.0022846 secs] [Times: user=0.01 sys=0.00, real=0.00 secs] 
2063.609: [GC (Allocation Failure) [PSYoungGen: 62272K->1360K(62976K)] 442393K->381481K(720896K), 0.0020362 secs] [Times: user=0.01 sys=0.00, real=0.00 secs] 
2063.974: [GC (Allocation Failure) [PSYoungGen: 62288K->1533K(62976K)] 442409K->381654K(720896K), 0.0016974 secs] [Times: user=0.01 sys=0.00, real=0.00 secs] 
2064.339: [GC (Allocation Failure) [PSYoungGen: 62461K->1597K(62976K)] 442582K->381718K(720896K), 0.0018172 secs] [Times: user=0.00 sys=0.00, real=0.00 secs] 
2064.703: [GC (Allocation Failure) [PSYoungGen: 62525K->1581K(62976K)] 442646K->381710K(720896K), 0.0018313 secs] [Times: user=0.01 sys=0.00, real=0.00 secs] 
2065.069: [GC (Allocation Failure) [PSYoungGen: 62509K->1517K(62976K)] 442638K->381646K(720896K), 0.0018088 secs] [Times: user=0.00 sys=0.00, real=0.00 secs] 
2065.500: [GC (Allocation Failure) [PSYoungGen: 62445K->1456K(62976K)] 442574K->381585K(720896K), 0.0020411 secs] [Times: user=0.01 sys=0.00, real=0.00 secs] 
2065.999: [GC (Allocation Failure) [PSYoungGen: 62384K->1408K(62976K)] 442513K->381537K(720896K), 0.0028176 secs] [Times: user=0.01 sys=0.00, real=0.00 secs] 
2066.637: [GC (Allocation Failure) [PSYoungGen: 62336K->1408K(62976K)] 442465K->381537K(720896K), 0.0033802 secs] [Times: user=0.02 sys=0.00, real=0.00 secs] 
2067.332: [GC (Allocation Failure) [PSYoungGen: 62336K->1408K(62976K)] 442465K->381537K(720896K), 0.0035121 secs] [Times: user=0.01 sys=0.00, real=0.00 secs] 
2068.086: [GC (Allocation Failure) [PSYoungGen: 62336K->1392K(62976K)] 442465K->381521K(720896K), 0.0036830 secs] [Times: user=0.01 sys=0.00, real=0.01 secs] 
2068.618: [GC (Allocation Failure) [PSYoungGen: 62320K->1565K(62976K)] 442449K->381694K(720896K), 0.0016794 secs] [Times: user=0.01 sys=0.00, real=0.00 secs] 
2068.983: [GC (Allocation Failure) [PSYoungGen: 62464K->1597K(62976K)] 442594K->381750K(720896K), 0.0018274 secs] [Times: user=0.00 sys=0.00, real=0.00 secs] 
2069.348: [GC (Allocation Failure) [PSYoungGen: 62525K->1581K(62976K)] 442678K->381734K(720896K), 0.0017535 secs] [Times: user=0.01 sys=0.00, real=0.00 secs] 
2069.713: [GC (Allocation Failure) [PSYoungGen: 62509K->1613K(62976K)] 442662K->381766K(720896K), 0.0017402 secs] [Times: user=0.01 sys=0.00, real=0.00 secs] 
2070.574: [GC (Allocation Failure) [PSYoungGen: 62541K->1376K(62976K)] 442694K->381529K(720896K), 0.0020454 secs] [Times: user=0.01 sys=0.00, real=0.01 secs] 
2071.150: [GC (Allocation Failure) [PSYoungGen: 62304K->1344K(62976K)] 442457K->381497K(720896K), 0.0021707 secs] [Times: user=0.01 sys=0.00, real=0.00 secs] 
2071.669: [GC (Allocation Failure) [PSYoungGen: 62272K->1376K(62976K)] 442425K->381529K(720896K), 0.0022036 secs] [Times: user=0.01 sys=0.00, real=0.00 secs] 
2072.237: [GC (Allocation Failure) [PSYoungGen: 62304K->1376K(62976K)] 442457K->381529K(720896K), 0.0020356 secs] [Times: user=0.01 sys=0.00, real=0.00 secs] 
2072.772: [GC (Allocation Failure) [PSYoungGen: 62304K->1517K(62976K)] 442457K->381670K(720896K), 0.0016565 secs] [Times: user=0.00 sys=0.00, real=0.00 secs] 
2073.135: [GC (Allocation Failure) [PSYoungGen: 62427K->1597K(62976K)] 442581K->381750K(720896K), 0.0018006 secs] [Times: user=0.01 sys=0.00, real=0.01 secs] 
2073.504: [GC (Allocation Failure) [PSYoungGen: 62525K->1581K(62976K)] 442678K->381742K(720896K), 0.0017974 secs] [Times: user=0.00 sys=0.00, real=0.00 secs] 
2073.872: [GC (Allocation Failure) [PSYoungGen: 62509K->1629K(62976K)] 442670K->381814K(720896K), 0.0017201 secs] [Times: user=0.01 sys=0.00, real=0.00 secs] 
2074.295: [GC (Allocation Failure) [PSYoungGen: 62557K->1424K(62976K)] 442742K->381609K(720896K), 0.0018992 secs] [Times: user=0.00 sys=0.00, real=0.01 secs] 
2074.794: [GC (Allocation Failure) [PSYoungGen: 62352K->1360K(62976K)] 442537K->381545K(720896K), 0.0018574 secs] [Times: user=0.01 sys=0.00, real=0.00 secs] 
2075.325: [GC (Allocation Failure) [PSYoungGen: 62288K->1392K(62976K)] 442473K->381577K(720896K), 0.0020856 secs] [Times: user=0.00 sys=0.00, real=0.01 secs] 
2075.706: [GC (Allocation Failure) [PSYoungGen: 62320K->1376K(62976K)] 442505K->381561K(720896K), 0.0020527 secs] [Times: user=0.01 sys=0.00, real=0.01 secs] 
2076.209: [GC (Allocation Failure) [PSYoungGen: 62304K->1392K(62976K)] 442489K->381577K(720896K), 0.0036174 secs] [Times: user=0.01 sys=0.01, real=0.00 secs] 
2076.725: [GC (Allocation Failure) [PSYoungGen: 62313K->1533K(62976K)] 442498K->381718K(720896K), 0.0017100 secs] [Times: user=0.01 sys=0.00, real=0.01 secs] 
2077.091: [GC (Allocation Failure) [PSYoungGen: 62461K->1549K(62976K)] 442646K->381734K(720896K), 0.0017940 secs] [Times: user=0.01 sys=0.00, real=0.00 secs] 
2077.456: [GC (Allocation Failure) [PSYoungGen: 62477K->1581K(62976K)] 442662K->381782K(720896K), 0.0017262 secs] [Times: user=0.00 sys=0.00, real=0.01 secs] 
2077.821: [GC (Allocation Failure) [PSYoungGen: 62509K->1629K(62976K)] 442710K->381830K(720896K), 0.0017865 secs] [Times: user=0.01 sys=0.00, real=0.00 secs] 
2078.180: [GC (Allocation Failure) [PSYoungGen: 62557K->1456K(62976K)] 442758K->381657K(720896K), 0.0020881 secs] [Times: user=0.01 sys=0.00, real=0.00 secs] 
2078.437: [GC (Allocation Failure) [PSYoungGen: 62384K->1376K(62976K)] 442585K->381577K(720896K), 0.0019801 secs] [Times: user=0.00 sys=0.00, real=0.00 secs] 
2078.700: [GC (Allocation Failure) [PSYoungGen: 62304K->1408K(62976K)] 442505K->381609K(720896K), 0.0018967 secs] [Times: user=0.00 sys=0.00, real=0.00 secs] 
2079.012: [GC (Allocation Failure) [PSYoungGen: 62336K->1408K(62976K)] 442537K->381609K(720896K), 0.0019020 secs] [Times: user=0.00 sys=0.00, real=0.00 secs] 
2079.390: [GC (Allocation Failure) [PSYoungGen: 62336K->1501K(62976K)] 442537K->381702K(720896K), 0.0020784 secs] [Times: user=0.00 sys=0.00, real=0.00 secs] 
2079.778: [GC (Allocation Failure) [PSYoungGen: 62429K->1565K(62976K)] 442630K->381766K(720896K), 0.0017443 secs] [Times: user=0.00 sys=0.00, real=0.00 secs] 
2080.228: [GC (Allocation Failure) [PSYoungGen: 62493K->1549K(62976K)] 442694K->381766K(720896K), 0.0018075 secs] [Times: user=0.00 sys=0.00, real=0.00 secs] 
2080.595: [GC (Allocation Failure) [PSYoungGen: 62477K->1581K(62976K)] 442694K->381798K(720896K), 0.0018758 secs] [Times: user=0.01 sys=0.00, real=0.01 secs] 
2081.062: [GC (Allocation Failure) [PSYoungGen: 62509K->1632K(62976K)] 442726K->381849K(720896K), 0.0019663 secs] [Times: user=0.01 sys=0.00, real=0.00 secs] 
2081.650: [GC (Allocation Failure) [PSYoungGen: 62560K->1376K(62976K)] 442777K->381609K(720896K), 0.0028481 secs] [Times: user=0.01 sys=0.00, real=0.00 secs] 
2082.138: [GC (Allocation Failure) [PSYoungGen: 62304K->1344K(62976K)] 442537K->381577K(720896K), 0.0024372 secs] [Times: user=0.01 sys=0.00, real=0.00 secs] 
2082.653: [GC (Allocation Failure) [PSYoungGen: 62272K->1344K(62976K)] 442505K->381577K(720896K), 0.0025914 secs] [Times: user=0.01 sys=0.00, real=0.00 secs] 
2082.961: [GC (Allocation Failure) [PSYoungGen: 62272K->1344K(62976K)] 442505K->381577K(720896K), 0.0021702 secs] [Times: user=0.01 sys=0.00, real=0.00 secs] 
2083.297: [GC (Allocation Failure) [PSYoungGen: 62272K->1517K(62976K)] 442505K->381750K(720896K), 0.0016883 secs] [Times: user=0.00 sys=0.00, real=0.00 secs] 
2083.663: [GC (Allocation Failure) [PSYoungGen: 62445K->1597K(62976K)] 442678K->381830K(720896K), 0.0016895 secs] [Times: user=0.00 sys=0.00, real=0.00 secs] 
2084.031: [GC (Allocation Failure) [PSYoungGen: 62525K->1597K(62976K)] 442758K->381838K(720896K), 0.0017100 secs] [Times: user=0.01 sys=0.00, real=0.00 secs] 
2084.395: [GC (Allocation Failure) [PSYoungGen: 62525K->1549K(62976K)] 442766K->381790K(720896K), 0.0017239 secs] [Times: user=0.01 sys=0.00, real=0.01 secs] 
2084.722: [GC (Allocation Failure) [PSYoungGen: 62477K->1472K(62976K)] 442718K->381713K(720896K), 0.0017273 secs] [Times: user=0.01 sys=0.00, real=0.00 secs] 
2084.974: [GC (Allocation Failure) [PSYoungGen: 62400K->1392K(62976K)] 442641K->381633K(720896K), 0.0015849 secs] [Times: user=0.01 sys=0.00, real=0.00 secs] 
2085.227: [GC (Allocation Failure) [PSYoungGen: 62320K->1376K(62976K)] 442561K->381617K(720896K), 0.0029395 secs] [Times: user=0.01 sys=0.00, real=0.00 secs] 
2085.481: [GC (Allocation Failure) [PSYoungGen: 62304K->1408K(62976K)] 442545K->381649K(720896K), 0.0025122 secs] [Times: user=0.01 sys=0.00, real=0.00 secs] 
2085.753: [GC (Allocation Failure) [PSYoungGen: 62336K->1344K(62976K)] 442577K->381585K(720896K), 0.0026654 secs] [Times: user=0.02 sys=0.00, real=0.00 secs] 
2086.181: [GC (Allocation Failure) [PSYoungGen: 62272K->1549K(62976K)] 442513K->381790K(720896K), 0.0016900 secs] [Times: user=0.01 sys=0.00, real=0.00 secs] 
2086.546: [GC (Allocation Failure) [PSYoungGen: 62453K->1581K(62976K)] 442695K->381830K(720896K), 0.0018054 secs] [Times: user=0.01 sys=0.00, real=0.01 secs] 
2086.911: [GC (Allocation Failure) [PSYoungGen: 62509K->1581K(62976K)] 442758K->381830K(720896K), 0.0017775 secs] [Times: user=0.00 sys=0.00, real=0.00 secs] 
2087.276: [GC (Allocation Failure) [PSYoungGen: 62509K->1581K(62976K)] 442758K->381830K(720896K), 0.0016697 secs] [Times: user=0.00 sys=0.00, real=0.00 secs] 
2087.609: [GC (Allocation Failure) [PSYoungGen: 62509K->1408K(62976K)] 442758K->381657K(720896K), 0.0020187 secs] [Times: user=0.01 sys=0.00, real=0.00 secs] 
2087.867: [GC (Allocation Failure) [PSYoungGen: 62336K->1376K(62976K)] 442585K->381625K(720896K), 0.0020692 secs] [Times: user=0.00 sys=0.00, real=0.00 secs] 
2088.271: [GC (Allocation Failure) [PSYoungGen: 62304K->1376K(62976K)] 442553K->381625K(720896K), 0.0027710 secs] [Times: user=0.01 sys=0.00, real=0.00 secs] 
2088.786: [GC (Allocation Failure) [PSYoungGen: 62304K->1376K(62976K)] 442553K->381625K(720896K), 0.0027994 secs] [Times: user=0.01 sys=0.00, real=0.01 secs] 
2089.452: [GC (Allocation Failure) [PSYoungGen: 62304K->1517K(62976K)] 442553K->381766K(720896K), 0.0023024 secs] [Times: user=0.01 sys=0.00, real=0.00 secs] 
2089.847: [GC (Allocation Failure) [PSYoungGen: 62445K->1549K(62976K)] 442694K->381798K(720896K), 0.0017191 secs] [Times: user=0.01 sys=0.00, real=0.00 secs] 
2090.212: [GC (Allocation Failure) [PSYoungGen: 62477K->1581K(62976K)] 442726K->381838K(720896K), 0.0016866 secs] [Times: user=0.00 sys=0.00, real=0.00 secs] 
2090.587: [GC (Allocation Failure) [PSYoungGen: 62509K->1549K(62976K)] 442766K->381806K(720896K), 0.0017478 secs] [Times: user=0.01 sys=0.00, real=0.00 secs] 
2090.967: [GC (Allocation Failure) [PSYoungGen: 62477K->1472K(62976K)] 442734K->381729K(720896K), 0.0020660 secs] [Times: user=0.01 sys=0.00, real=0.00 secs] 
2091.229: [GC (Allocation Failure) [PSYoungGen: 62400K->1392K(62976K)] 442657K->381649K(720896K), 0.0025298 secs] [Times: user=0.01 sys=0.00, real=0.00 secs] 
2091.690: [GC (Allocation Failure) [PSYoungGen: 62320K->1376K(62976K)] 442577K->381657K(720896K), 0.0022929 secs] [Times: user=0.01 sys=0.00, real=0.00 secs] 
2092.306: [GC (Allocation Failure) [PSYoungGen: 62304K->1392K(62976K)] 442585K->381673K(720896K), 0.0035582 secs] [Times: user=0.02 sys=0.00, real=0.00 secs] 
2092.942: [GC (Allocation Failure) [PSYoungGen: 62320K->1392K(62976K)] 442601K->381673K(720896K), 0.0040818 secs] [Times: user=0.02 sys=0.00, real=0.00 secs] 
2093.542: [GC (Allocation Failure) [PSYoungGen: 62314K->1517K(62976K)] 442595K->381798K(720896K), 0.0017055 secs] [Times: user=0.01 sys=0.00, real=0.00 secs] 
2093.910: [GC (Allocation Failure) [PSYoungGen: 62445K->1581K(62976K)] 442726K->381862K(720896K), 0.0016862 secs] [Times: user=0.00 sys=0.00, real=0.00 secs] 
2094.273: [GC (Allocation Failure) [PSYoungGen: 62509K->1517K(62976K)] 442790K->381806K(720896K), 0.0016707 secs] [Times: user=0.01 sys=0.00, real=0.00 secs] 
2094.638: [GC (Allocation Failure) [PSYoungGen: 62445K->1613K(62976K)] 442734K->381902K(720896K), 0.0017781 secs] [Times: user=0.01 sys=0.00, real=0.00 secs] 
2094.954: [GC (Allocation Failure) [PSYoungGen: 62541K->1408K(62976K)] 442830K->381697K(720896K), 0.0018077 secs] [Times: user=0.00 sys=0.01, real=0.01 secs] 
2095.208: [GC (Allocation Failure) [PSYoungGen: 62336K->1344K(62976K)] 442625K->381633K(720896K), 0.0018705 secs] [Times: user=0.00 sys=0.00, real=0.00 secs] 
2095.461: [GC (Allocation Failure) [PSYoungGen: 62272K->1344K(62976K)] 442561K->381633K(720896K), 0.0018426 secs] [Times: user=0.00 sys=0.00, real=0.00 secs] 
2095.714: [GC (Allocation Failure) [PSYoungGen: 62272K->1376K(62976K)] 442561K->381665K(720896K), 0.0018716 secs] [Times: user=0.01 sys=0.00, real=0.00 secs] 
2095.966: [GC (Allocation Failure) [PSYoungGen: 62304K->1376K(62976K)] 442593K->381665K(720896K), 0.0017841 secs] [Times: user=0.00 sys=0.00, real=0.00 secs] 
2096.354: [GC (Allocation Failure) [PSYoungGen: 62303K->1597K(62976K)] 442592K->381886K(720896K), 0.0018531 secs] [Times: user=0.01 sys=0.00, real=0.00 secs] 
2096.722: [GC (Allocation Failure) [PSYoungGen: 62525K->1533K(62976K)] 442814K->381838K(720896K), 0.0017011 secs] [Times: user=0.01 sys=0.00, real=0.00 secs] 
2097.085: [GC (Allocation Failure) [PSYoungGen: 62461K->1565K(62976K)] 442766K->381870K(720896K), 0.0016913 secs] [Times: user=0.01 sys=0.00, real=0.01 secs] 
2097.449: [GC (Allocation Failure) [PSYoungGen: 62493K->1597K(62976K)] 442798K->381902K(720896K), 0.0017985 secs] [Times: user=0.00 sys=0.00, real=0.00 secs] 
2098.343: [GC (Allocation Failure) [PSYoungGen: 62525K->1424K(62976K)] 442830K->381729K(720896K), 0.0032963 secs] [Times: user=0.02 sys=0.00, real=0.01 secs] 
2098.828: [GC (Allocation Failure) [PSYoungGen: 62352K->1344K(62976K)] 442657K->381649K(720896K), 0.0028033 secs] [Times: user=0.01 sys=0.00, real=0.00 secs] 
2099.163: [GC (Allocation Failure) [PSYoungGen: 62272K->1376K(62976K)] 442577K->381681K(720896K), 0.0021841 secs] [Times: user=0.01 sys=0.00, real=0.00 secs] 
2099.844: [GC (Allocation Failure) [PSYoungGen: 62304K->1376K(62976K)] 442609K->381681K(720896K), 0.0022084 secs] [Times: user=0.00 sys=0.00, real=0.01 secs] 
2100.388: [GC (Allocation Failure) [PSYoungGen: 62304K->1485K(62976K)] 442609K->381790K(720896K), 0.0017821 secs] [Times: user=0.01 sys=0.00, real=0.00 secs] 
2100.823: [GC (Allocation Failure) [PSYoungGen: 62389K->1565K(62976K)] 442695K->381870K(720896K), 0.0017939 secs] [Times: user=0.01 sys=0.00, real=0.00 secs] 
2101.190: [GC (Allocation Failure) [PSYoungGen: 62493K->1517K(62976K)] 442798K->381838K(720896K), 0.0017365 secs] [Times: user=0.01 sys=0.00, real=0.00 secs] 
2101.555: [GC (Allocation Failure) [PSYoungGen: 62445K->1549K(62976K)] 442766K->381870K(720896K), 0.0017176 secs] [Times: user=0.00 sys=0.00, real=0.01 secs] 
2101.988: [GC (Allocation Failure) [PSYoungGen: 62477K->1504K(62976K)] 442798K->381825K(720896K), 0.0022799 secs] [Times: user=0.01 sys=0.00, real=0.00 secs] 
2102.257: [GC (Allocation Failure) [PSYoungGen: 62432K->1408K(62976K)] 442753K->381745K(720896K), 0.0020662 secs] [Times: user=0.01 sys=0.00, real=0.00 secs] 
2102.569: [GC (Allocation Failure) [PSYoungGen: 62336K->1376K(62976K)] 442673K->381713K(720896K), 0.0019385 secs] [Times: user=0.01 sys=0.00, real=0.00 secs] 
2102.877: [GC (Allocation Failure) [PSYoungGen: 62304K->1376K(62976K)] 442641K->381713K(720896K), 0.0021589 secs] [Times: user=0.01 sys=0.00, real=0.00 secs] 
2103.130: [GC (Allocation Failure) [PSYoungGen: 62304K->1344K(62976K)] 442641K->381681K(720896K), 0.0019975 secs] [Times: user=0.00 sys=0.00, real=0.00 secs] 
2103.517: [GC (Allocation Failure) [PSYoungGen: 62272K->1488K(62976K)] 442609K->381825K(720896K), 0.0016573 secs] [Times: user=0.01 sys=0.00, real=0.00 secs] 
2103.886: [GC (Allocation Failure) [PSYoungGen: 62416K->1581K(62976K)] 442753K->381918K(720896K), 0.0017827 secs] [Times: user=0.01 sys=0.00, real=0.00 secs] 
2104.251: [GC (Allocation Failure) [PSYoungGen: 62509K->1533K(62976K)] 442846K->381886K(720896K), 0.0018658 secs] [Times: user=0.01 sys=0.00, real=0.00 secs] 
2104.674: [GC (Allocation Failure) [PSYoungGen: 62461K->1485K(62976K)] 442814K->381838K(720896K), 0.0017364 secs] [Times: user=0.00 sys=0.00, real=0.00 secs] 
2105.335: [GC (Allocation Failure) [PSYoungGen: 62413K->1408K(62976K)] 442766K->381761K(720896K), 0.0029829 secs] [Times: user=0.01 sys=0.00, real=0.01 secs] 
2105.910: [GC (Allocation Failure) [PSYoungGen: 62336K->1408K(62976K)] 442689K->381761K(720896K), 0.0029115 secs] [Times: user=0.01 sys=0.00, real=0.00 secs] 
2106.416: [GC (Allocation Failure) [PSYoungGen: 62336K->1344K(62976K)] 442689K->381697K(720896K), 0.0028621 secs] [Times: user=0.01 sys=0.00, real=0.01 secs] 
2106.934: [GC (Allocation Failure) [PSYoungGen: 62272K->1344K(62976K)] 442625K->381697K(720896K), 0.0023363 secs] [Times: user=0.01 sys=0.00, real=0.01 secs] 
2107.504: [GC (Allocation Failure) [PSYoungGen: 62272K->1501K(62976K)] 442625K->381854K(720896K), 0.0020152 secs] [Times: user=0.00 sys=0.00, real=0.00 secs] 
2107.873: [GC (Allocation Failure) [PSYoungGen: 62429K->1600K(62976K)] 442782K->381953K(720896K), 0.0017018 secs] [Times: user=0.00 sys=0.00, real=0.00 secs] 
2108.236: [GC (Allocation Failure) [PSYoungGen: 62528K->1549K(62976K)] 442881K->381918K(720896K), 0.0016766 secs] [Times: user=0.00 sys=0.00, real=0.01 secs] 
2108.600: [GC (Allocation Failure) [PSYoungGen: 62477K->1549K(62976K)] 442846K->381918K(720896K), 0.0018776 secs] [Times: user=0.00 sys=0.00, real=0.00 secs] 
2109.120: [GC (Allocation Failure) [PSYoungGen: 62477K->2000K(62976K)] 442846K->382881K(720896K), 0.0024168 secs] [Times: user=0.01 sys=0.00, real=0.00 secs] 
2110.287: [GC (Allocation Failure) [PSYoungGen: 62928K->1392K(62976K)] 443809K->382273K(720896K), 0.0043627 secs] [Times: user=0.02 sys=0.00, real=0.00 secs] 
2110.924: [GC (Allocation Failure) [PSYoungGen: 62320K->1424K(62976K)] 443201K->382305K(720896K), 0.0025740 secs] [Times: user=0.01 sys=0.00, real=0.01 secs] 
2111.413: [GC (Allocation Failure) [PSYoungGen: 62352K->1344K(62976K)] 443233K->382225K(720896K), 0.0028261 secs] [Times: user=0.01 sys=0.00, real=0.01 secs] 
2111.968: [GC (Allocation Failure) [PSYoungGen: 62272K->1344K(62976K)] 443153K->382225K(720896K), 0.0025404 secs] [Times: user=0.01 sys=0.00, real=0.00 secs] 
2112.445: [GC (Allocation Failure) [PSYoungGen: 62272K->1485K(62976K)] 443153K->382366K(720896K), 0.0017212 secs] [Times: user=0.01 sys=0.00, real=0.01 secs] 
2112.810: [GC (Allocation Failure) [PSYoungGen: 62413K->1549K(62976K)] 443294K->382430K(720896K), 0.0017292 secs] [Times: user=0.01 sys=0.00, real=0.00 secs] 
2113.174: [GC (Allocation Failure) [PSYoungGen: 62472K->1565K(62976K)] 443354K->382454K(720896K), 0.0016885 secs] [Times: user=0.01 sys=0.00, real=0.01 secs] 
2113.540: [GC (Allocation Failure) [PSYoungGen: 62493K->1549K(62976K)] 443382K->382470K(720896K), 0.0017754 secs] [Times: user=0.01 sys=0.00, real=0.00 secs] 
2115.270: [GC (Allocation Failure) [PSYoungGen: 62477K->1456K(62976K)] 443398K->382377K(720896K), 0.0048767 secs] [Times: user=0.02 sys=0.00, real=0.00 secs] 
2115.739: [GC (Allocation Failure) [PSYoungGen: 62384K->1408K(62976K)] 443305K->382329K(720896K), 0.0023600 secs] [Times: user=0.01 sys=0.00, real=0.00 secs] 
2115.990: [GC (Allocation Failure) [PSYoungGen: 62336K->1312K(62976K)] 443257K->382233K(720896K), 0.0020983 secs] [Times: user=0.01 sys=0.00, real=0.00 secs] 
2116.243: [GC (Allocation Failure) [PSYoungGen: 62240K->1408K(62976K)] 443161K->382329K(720896K), 0.0019587 secs] [Times: user=0.01 sys=0.00, real=0.00 secs] 
2116.496: [GC (Allocation Failure) [PSYoungGen: 62336K->1376K(62976K)] 443257K->382297K(720896K), 0.0027605 secs] [Times: user=0.01 sys=0.00, real=0.01 secs] 
2116.865: [GC (Allocation Failure) [PSYoungGen: 62275K->1613K(62976K)] 443196K->382534K(720896K), 0.0017375 secs] [Times: user=0.00 sys=0.00, real=0.01 secs] 
2117.231: [GC (Allocation Failure) [PSYoungGen: 62541K->1613K(62976K)] 443462K->382542K(720896K), 0.0017588 secs] [Times: user=0.01 sys=0.00, real=0.00 secs] 
2117.597: [GC (Allocation Failure) [PSYoungGen: 62541K->1533K(62976K)] 443470K->382462K(720896K), 0.0016618 secs] [Times: user=0.00 sys=0.00, real=0.00 secs] 
2118.020: [GC (Allocation Failure) [PSYoungGen: 62461K->1549K(62976K)] 443390K->382478K(720896K), 0.0017038 secs] [Times: user=0.01 sys=0.00, real=0.00 secs] 
2118.512: [GC (Allocation Failure) [PSYoungGen: 62477K->1440K(62976K)] 443406K->382369K(720896K), 0.0022009 secs] [Times: user=0.00 sys=0.00, real=0.00 secs] 
2118.819: [GC (Allocation Failure) [PSYoungGen: 62368K->1376K(62976K)] 443297K->382305K(720896K), 0.0021971 secs] [Times: user=0.00 sys=0.00, real=0.00 secs] 
2119.072: [GC (Allocation Failure) [PSYoungGen: 62304K->1408K(62976K)] 443233K->382337K(720896K), 0.0019718 secs] [Times: user=0.00 sys=0.00, real=0.00 secs] 
2119.325: [GC (Allocation Failure) [PSYoungGen: 62336K->1360K(62976K)] 443265K->382289K(720896K), 0.0026706 secs] [Times: user=0.00 sys=0.00, real=0.01 secs] 
2119.660: [GC (Allocation Failure) [PSYoungGen: 62266K->1504K(62976K)] 443196K->382433K(720896K), 0.0016947 secs] [Times: user=0.01 sys=0.00, real=0.00 secs] 
2120.025: [GC (Allocation Failure) [PSYoungGen: 62432K->1549K(62976K)] 443361K->382478K(720896K), 0.0017269 secs] [Times: user=0.01 sys=0.00, real=0.01 secs] 
2120.389: [GC (Allocation Failure) [PSYoungGen: 62459K->1597K(62976K)] 443389K->382558K(720896K), 0.0020130 secs] [Times: user=0.01 sys=0.00, real=0.00 secs] 
2120.756: [GC (Allocation Failure) [PSYoungGen: 62525K->1517K(62976K)] 443486K->382494K(720896K), 0.0017158 secs] [Times: user=0.01 sys=0.00, real=0.00 secs] 
2121.145: [GC (Allocation Failure) [PSYoungGen: 62445K->1472K(62976K)] 443422K->382449K(720896K), 0.0018605 secs] [Times: user=0.01 sys=0.00, real=0.01 secs] 
2121.397: [GC (Allocation Failure) [PSYoungGen: 62400K->1376K(62976K)] 443377K->382353K(720896K), 0.0016751 secs] [Times: user=0.01 sys=0.00, real=0.00 secs] 
2121.649: [GC (Allocation Failure) [PSYoungGen: 62304K->1376K(62976K)] 443281K->382353K(720896K), 0.0015822 secs] [Times: user=0.01 sys=0.00, real=0.00 secs] 
2121.902: [GC (Allocation Failure) [PSYoungGen: 62304K->1360K(62976K)] 443281K->382337K(720896K), 0.0016151 secs] [Times: user=0.00 sys=0.00, real=0.00 secs] 
2122.154: [GC (Allocation Failure) [PSYoungGen: 62288K->1376K(62976K)] 443265K->382353K(720896K), 0.0016855 secs] [Times: user=0.00 sys=0.00, real=0.00 secs] 
2122.500: [GC (Allocation Failure) [PSYoungGen: 62304K->1504K(62976K)] 443281K->382481K(720896K), 0.0017482 secs] [Times: user=0.01 sys=0.00, real=0.00 secs] 
2122.863: [GC (Allocation Failure) [PSYoungGen: 62432K->1568K(62976K)] 443409K->382545K(720896K), 0.0018035 secs] [Times: user=0.01 sys=0.00, real=0.00 secs] 
2123.227: [GC (Allocation Failure) [PSYoungGen: 62496K->1533K(62976K)] 443473K->382526K(720896K), 0.0017814 secs] [Times: user=0.01 sys=0.00, real=0.00 secs] 
2123.592: [GC (Allocation Failure) [PSYoungGen: 62461K->1565K(62976K)] 443454K->382558K(720896K), 0.0017517 secs] [Times: user=0.00 sys=0.00, real=0.00 secs] 
2124.365: [GC (Allocation Failure) [PSYoungGen: 62493K->1424K(62976K)] 443486K->382417K(720896K), 0.0029192 secs] [Times: user=0.01 sys=0.00, real=0.01 secs] 
2124.924: [GC (Allocation Failure) [PSYoungGen: 62352K->1392K(62976K)] 443345K->382385K(720896K), 0.0025838 secs] [Times: user=0.02 sys=0.00, real=0.01 secs] 
2125.476: [GC (Allocation Failure) [PSYoungGen: 62320K->1408K(62976K)] 443313K->382401K(720896K), 0.0025630 secs] [Times: user=0.02 sys=0.00, real=0.01 secs] 
2126.073: [GC (Allocation Failure) [PSYoungGen: 62336K->1408K(62976K)] 443329K->382401K(720896K), 0.0023102 secs] [Times: user=0.01 sys=0.00, real=0.00 secs] 
2126.551: [GC (Allocation Failure) [PSYoungGen: 62336K->1533K(62976K)] 443329K->382526K(720896K), 0.0024502 secs] [Times: user=0.01 sys=0.00, real=0.00 secs] 
2126.948: [GC (Allocation Failure) [PSYoungGen: 62458K->1549K(62976K)] 443452K->382542K(720896K), 0.0016633 secs] [Times: user=0.01 sys=0.00, real=0.00 secs] 
2127.313: [GC (Allocation Failure) [PSYoungGen: 62477K->1581K(62976K)] 443470K->382582K(720896K), 0.0018126 secs] [Times: user=0.01 sys=0.00, real=0.00 secs] 
2127.679: [GC (Allocation Failure) [PSYoungGen: 62509K->1597K(62976K)] 443510K->382598K(720896K), 0.0017829 secs] [Times: user=0.01 sys=0.00, real=0.00 secs] 
2128.036: [GC (Allocation Failure) [PSYoungGen: 62426K->288K(62976K)] 443428K->381289K(720896K), 0.0015189 secs] [Times: user=0.00 sys=0.00, real=0.00 secs] 
2128.890: [GC (Allocation Failure) [PSYoungGen: 61216K->1344K(62976K)] 442217K->382345K(720896K), 0.0022955 secs] [Times: user=0.01 sys=0.00, real=0.00 secs] 
2129.880: [GC (Allocation Failure) [PSYoungGen: 62272K->1424K(62976K)] 443273K->382425K(720896K), 0.0026050 secs] [Times: user=0.01 sys=0.00, real=0.00 secs] 
2130.969: [GC (Allocation Failure) [PSYoungGen: 62352K->1344K(62976K)] 443353K->382345K(720896K), 0.0029648 secs] [Times: user=0.01 sys=0.00, real=0.00 secs] 
2131.684: [GC (Allocation Failure) [PSYoungGen: 62272K->1392K(62976K)] 443273K->382393K(720896K), 0.0028370 secs] [Times: user=0.01 sys=0.00, real=0.01 secs] 
2132.202: [GC (Allocation Failure) [PSYoungGen: 62320K->1517K(62976K)] 443321K->382518K(720896K), 0.0015959 secs] [Times: user=0.00 sys=0.00, real=0.00 secs] 
2132.566: [GC (Allocation Failure) [PSYoungGen: 62445K->1549K(62976K)] 443446K->382550K(720896K), 0.0016893 secs] [Times: user=0.01 sys=0.00, real=0.00 secs] 
2132.934: [GC (Allocation Failure) [PSYoungGen: 62477K->1549K(62976K)] 443478K->382558K(720896K), 0.0017745 secs] [Times: user=0.01 sys=0.00, real=0.00 secs] 
2133.299: [GC (Allocation Failure) [PSYoungGen: 62477K->1549K(62976K)] 443486K->382558K(720896K), 0.0016541 secs] [Times: user=0.01 sys=0.00, real=0.00 secs] 
2133.984: [GC (Allocation Failure) [PSYoungGen: 62477K->1520K(62976K)] 443486K->382529K(720896K), 0.0023862 secs] [Times: user=0.01 sys=0.00, real=0.01 secs] 
2134.804: [GC (Allocation Failure) [PSYoungGen: 62448K->1344K(62976K)] 443457K->382377K(720896K), 0.0041051 secs] [Times: user=0.01 sys=0.00, real=0.01 secs] 
2135.521: [GC (Allocation Failure) [PSYoungGen: 62272K->1424K(62976K)] 443305K->382457K(720896K), 0.0032584 secs] [Times: user=0.01 sys=0.00, real=0.00 secs] 
2136.110: [GC (Allocation Failure) [PSYoungGen: 62352K->1344K(62976K)] 443385K->382377K(720896K), 0.0027520 secs] [Times: user=0.01 sys=0.00, real=0.00 secs] 
2136.493: [GC (Allocation Failure) [PSYoungGen: 62272K->1424K(62976K)] 443305K->382457K(720896K), 0.0020930 secs] [Times: user=0.01 sys=0.00, real=0.00 secs] 
2136.892: [GC (Allocation Failure) [PSYoungGen: 62352K->1517K(62976K)] 443385K->382550K(720896K), 0.0018382 secs] [Times: user=0.01 sys=0.00, real=0.00 secs] 
2137.256: [GC (Allocation Failure) [PSYoungGen: 62445K->1517K(62976K)] 443478K->382558K(720896K), 0.0017819 secs] [Times: user=0.00 sys=0.00, real=0.00 secs] 
2137.623: [GC (Allocation Failure) [PSYoungGen: 62445K->1613K(62976K)] 443486K->382670K(720896K), 0.0017961 secs] [Times: user=0.01 sys=0.00, real=0.00 secs] 
2137.989: [GC (Allocation Failure) [PSYoungGen: 62541K->1549K(62976K)] 443598K->382606K(720896K), 0.0017251 secs] [Times: user=0.01 sys=0.00, real=0.00 secs] 
2138.809: [GC (Allocation Failure) [PSYoungGen: 62477K->1408K(62976K)] 443534K->382465K(720896K), 0.0022683 secs] [Times: user=0.01 sys=0.00, real=0.00 secs] 
2139.339: [GC (Allocation Failure) [PSYoungGen: 62336K->1408K(62976K)] 443393K->382465K(720896K), 0.0022100 secs] [Times: user=0.01 sys=0.00, real=0.00 secs] 
2139.875: [GC (Allocation Failure) [PSYoungGen: 62336K->1376K(62976K)] 443393K->382433K(720896K), 0.0022867 secs] [Times: user=0.01 sys=0.00, real=0.01 secs] 
2140.382: [GC (Allocation Failure) [PSYoungGen: 62304K->1360K(62976K)] 443361K->382417K(720896K), 0.0022141 secs] [Times: user=0.01 sys=0.00, real=0.00 secs] 
2140.899: [GC (Allocation Failure) [PSYoungGen: 62286K->1517K(62976K)] 443344K->382574K(720896K), 0.0021688 secs] [Times: user=0.01 sys=0.00, real=0.00 secs] 
2141.276: [GC (Allocation Failure) [PSYoungGen: 62445K->1597K(62976K)] 443502K->382654K(720896K), 0.0017776 secs] [Times: user=0.00 sys=0.00, real=0.01 secs] 
2141.648: [GC (Allocation Failure) [PSYoungGen: 62525K->1581K(62976K)] 443582K->382646K(720896K), 0.0017562 secs] [Times: user=0.00 sys=0.00, real=0.00 secs] 
2142.016: [GC (Allocation Failure) [PSYoungGen: 62509K->1517K(62976K)] 443574K->382582K(720896K), 0.0017046 secs] [Times: user=0.01 sys=0.00, real=0.00 secs] 
2142.379: [GC (Allocation Failure) [PSYoungGen: 62445K->2016K(62976K)] 443510K->383153K(720896K), 0.0020498 secs] [Times: user=0.01 sys=0.00, real=0.00 secs] 
2142.632: [GC (Allocation Failure) [PSYoungGen: 62944K->1392K(62976K)] 444081K->382529K(720896K), 0.0018523 secs] [Times: user=0.01 sys=0.00, real=0.00 secs] 
2142.885: [GC (Allocation Failure) [PSYoungGen: 62320K->1344K(62976K)] 443457K->382481K(720896K), 0.0018342 secs] [Times: user=0.01 sys=0.00, real=0.01 secs] 
2143.138: [GC (Allocation Failure) [PSYoungGen: 62272K->1424K(62976K)] 443409K->382561K(720896K), 0.0018756 secs] [Times: user=0.01 sys=0.00, real=0.00 secs] 
2143.548: [GC (Allocation Failure) [PSYoungGen: 62352K->1344K(62976K)] 443489K->382481K(720896K), 0.0021369 secs] [Times: user=0.00 sys=0.00, real=0.00 secs] 
2144.208: [GC (Allocation Failure) [PSYoungGen: 62272K->1517K(62976K)] 443409K->382654K(720896K), 0.0016489 secs] [Times: user=0.01 sys=0.00, real=0.00 secs] 
2144.572: [GC (Allocation Failure) [PSYoungGen: 62445K->1597K(62976K)] 443582K->382734K(720896K), 0.0018211 secs] [Times: user=0.01 sys=0.00, real=0.00 secs] 
2144.994: [GC (Allocation Failure) [PSYoungGen: 62525K->1549K(62976K)] 443662K->382702K(720896K), 0.0018255 secs] [Times: user=0.01 sys=0.00, real=0.01 secs] 
2145.358: [GC (Allocation Failure) [PSYoungGen: 62477K->1581K(62976K)] 443630K->382734K(720896K), 0.0017555 secs] [Times: user=0.01 sys=0.00, real=0.00 secs] 
2145.955: [GC (Allocation Failure) [PSYoungGen: 62509K->1440K(62976K)] 443662K->382593K(720896K), 0.0032057 secs] [Times: user=0.01 sys=0.01, real=0.01 secs] 
2146.542: [GC (Allocation Failure) [PSYoungGen: 62368K->1344K(62976K)] 443521K->382497K(720896K), 0.0041637 secs] [Times: user=0.02 sys=0.00, real=0.01 secs] 
2146.800: [GC (Allocation Failure) [PSYoungGen: 62272K->1408K(62976K)] 443425K->382561K(720896K), 0.0025628 secs] [Times: user=0.01 sys=0.00, real=0.00 secs] 
2147.103: [GC (Allocation Failure) [PSYoungGen: 62336K->1376K(62976K)] 443489K->382529K(720896K), 0.0021169 secs] [Times: user=0.00 sys=0.00, real=0.00 secs] 
2147.356: [GC (Allocation Failure) [PSYoungGen: 62304K->1408K(62976K)] 443457K->382561K(720896K), 0.0018824 secs] [Times: user=0.01 sys=0.00, real=0.00 secs] 
2147.737: [GC (Allocation Failure) [PSYoungGen: 62336K->1565K(62976K)] 443489K->382718K(720896K), 0.0017189 secs] [Times: user=0.01 sys=0.00, real=0.00 secs] 
2148.102: [GC (Allocation Failure) [PSYoungGen: 62493K->1568K(62976K)] 443646K->382729K(720896K), 0.0016749 secs] [Times: user=0.00 sys=0.00, real=0.00 secs] 
2148.465: [GC (Allocation Failure) [PSYoungGen: 62496K->1581K(62976K)] 443657K->382742K(720896K), 0.0016817 secs] [Times: user=0.01 sys=0.00, real=0.01 secs] 
2148.830: [GC (Allocation Failure) [PSYoungGen: 62509K->1629K(62976K)] 443670K->382790K(720896K), 0.0018600 secs] [Times: user=0.01 sys=0.00, real=0.00 secs] 
2149.719: [GC (Allocation Failure) [PSYoungGen: 62557K->1408K(62976K)] 443718K->382569K(720896K), 0.0026274 secs] [Times: user=0.01 sys=0.00, real=0.00 secs] 
2150.239: [GC (Allocation Failure) [PSYoungGen: 62336K->1440K(62976K)] 443497K->382601K(720896K), 0.0028951 secs] [Times: user=0.02 sys=0.00, real=0.00 secs] 
2150.810: [GC (Allocation Failure) [PSYoungGen: 62368K->1408K(62976K)] 443529K->382569K(720896K), 0.0024530 secs] [Times: user=0.01 sys=0.00, real=0.00 secs] 
2151.253: [GC (Allocation Failure) [PSYoungGen: 62336K->1376K(62976K)] 443497K->382537K(720896K), 0.0025122 secs] [Times: user=0.01 sys=0.00, real=0.00 secs] 
2151.842: [GC (Allocation Failure) [PSYoungGen: 62304K->1501K(62976K)] 443465K->382662K(720896K), 0.0016605 secs] [Times: user=0.00 sys=0.00, real=0.00 secs] 
2152.270: [GC (Allocation Failure) [PSYoungGen: 62429K->1581K(62976K)] 443590K->382742K(720896K), 0.0017266 secs] [Times: user=0.01 sys=0.00, real=0.00 secs] 
2152.701: [GC (Allocation Failure) [PSYoungGen: 62509K->1549K(62976K)] 443670K->382726K(720896K), 0.0017421 secs] [Times: user=0.00 sys=0.00, real=0.00 secs] 
2153.065: [GC (Allocation Failure) [PSYoungGen: 62477K->1517K(62976K)] 443654K->382694K(720896K), 0.0018210 secs] [Times: user=0.01 sys=0.00, real=0.01 secs] 
2153.712: [GC (Allocation Failure) [PSYoungGen: 62445K->1440K(62976K)] 443622K->382617K(720896K), 0.0025083 secs] [Times: user=0.01 sys=0.00, real=0.00 secs] 
2154.220: [GC (Allocation Failure) [PSYoungGen: 62368K->1344K(62976K)] 443545K->382521K(720896K), 0.0023737 secs] [Times: user=0.01 sys=0.00, real=0.00 secs] 
2154.706: [GC (Allocation Failure) [PSYoungGen: 62272K->1376K(62976K)] 443449K->382553K(720896K), 0.0022183 secs] [Times: user=0.01 sys=0.00, real=0.01 secs] 
2155.239: [GC (Allocation Failure) [PSYoungGen: 62304K->1376K(62976K)] 443481K->382553K(720896K), 0.0024088 secs] [Times: user=0.01 sys=0.00, real=0.00 secs] 
2155.693: [GC (Allocation Failure) [PSYoungGen: 62304K->1392K(62976K)] 443481K->382569K(720896K), 0.0025434 secs] [Times: user=0.01 sys=0.00, real=0.00 secs] 
2156.148: [GC (Allocation Failure) [PSYoungGen: 62320K->1549K(62976K)] 443497K->382726K(720896K), 0.0017310 secs] [Times: user=0.01 sys=0.00, real=0.00 secs] 
2156.511: [GC (Allocation Failure) [PSYoungGen: 62477K->1584K(62976K)] 443654K->382761K(720896K), 0.0017765 secs] [Times: user=0.01 sys=0.00, real=0.00 secs] 
2156.877: [GC (Allocation Failure) [PSYoungGen: 62512K->1549K(62976K)] 443689K->382742K(720896K), 0.0018631 secs] [Times: user=0.00 sys=0.00, real=0.00 secs] 
2157.243: [GC (Allocation Failure) [PSYoungGen: 62477K->1581K(62976K)] 443670K->382774K(720896K), 0.0017522 secs] [Times: user=0.01 sys=0.00, real=0.00 secs] 
2157.557: [GC (Allocation Failure) [PSYoungGen: 62509K->1440K(62976K)] 443702K->382633K(720896K), 0.0018919 secs] [Times: user=0.01 sys=0.00, real=0.00 secs] 
2157.840: [GC (Allocation Failure) [PSYoungGen: 62368K->1376K(62976K)] 443561K->382569K(720896K), 0.0020455 secs] [Times: user=0.01 sys=0.00, real=0.00 secs] 
2158.306: [GC (Allocation Failure) [PSYoungGen: 62304K->1376K(62976K)] 443497K->382569K(720896K), 0.0019414 secs] [Times: user=0.01 sys=0.00, real=0.01 secs] 
2158.837: [GC (Allocation Failure) [PSYoungGen: 62304K->1376K(62976K)] 443497K->382569K(720896K), 0.0020334 secs] [Times: user=0.01 sys=0.00, real=0.00 secs] 
2159.377: [GC (Allocation Failure) [PSYoungGen: 62272K->1421K(62976K)] 443465K->382614K(720896K), 0.0022344 secs] [Times: user=0.01 sys=0.00, real=0.00 secs] 
2159.768: [GC (Allocation Failure) [PSYoungGen: 62349K->1629K(62976K)] 443542K->382822K(720896K), 0.0018069 secs] [Times: user=0.01 sys=0.00, real=0.00 secs] 
2160.132: [GC (Allocation Failure) [PSYoungGen: 62557K->1549K(62976K)] 443750K->382750K(720896K), 0.0017265 secs] [Times: user=0.01 sys=0.00, real=0.00 secs] 
2160.501: [GC (Allocation Failure) [PSYoungGen: 62477K->1549K(62976K)] 443678K->382750K(720896K), 0.0017265 secs] [Times: user=0.01 sys=0.00, real=0.00 secs] 
2160.859: [GC (Allocation Failure) [PSYoungGen: 62477K->1504K(62976K)] 443678K->382705K(720896K), 0.0017384 secs] [Times: user=0.00 sys=0.00, real=0.00 secs] 
2161.420: [GC (Allocation Failure) [PSYoungGen: 62432K->1376K(62976K)] 443633K->382577K(720896K), 0.0018553 secs] [Times: user=0.01 sys=0.00, real=0.00 secs] 
2161.922: [GC (Allocation Failure) [PSYoungGen: 62304K->1344K(62976K)] 443505K->382569K(720896K), 0.0041138 secs] [Times: user=0.02 sys=0.00, real=0.00 secs] 
2162.421: [GC (Allocation Failure) [PSYoungGen: 62272K->1376K(62976K)] 443497K->382601K(720896K), 0.0032820 secs] [Times: user=0.01 sys=0.00, real=0.00 secs] 
2162.902: [GC (Allocation Failure) [PSYoungGen: 62304K->1408K(62976K)] 443529K->382633K(720896K), 0.0028379 secs] [Times: user=0.01 sys=0.00, real=0.00 secs] 
2163.513: [GC (Allocation Failure) [PSYoungGen: 62336K->1485K(62976K)] 443561K->382710K(720896K), 0.0015951 secs] [Times: user=0.00 sys=0.00, real=0.00 secs] 
2163.877: [GC (Allocation Failure) [PSYoungGen: 62413K->1549K(62976K)] 443638K->382774K(720896K), 0.0016571 secs] [Times: user=0.00 sys=0.00, real=0.00 secs] 
2164.304: [GC (Allocation Failure) [PSYoungGen: 62477K->1549K(62976K)] 443702K->382790K(720896K), 0.0018581 secs] [Times: user=0.01 sys=0.00, real=0.00 secs] 
2164.668: [GC (Allocation Failure) [PSYoungGen: 62477K->1549K(62976K)] 443718K->382790K(720896K), 0.0018137 secs] [Times: user=0.01 sys=0.00, real=0.00 secs] 
2165.059: [GC (Allocation Failure) [PSYoungGen: 62477K->1440K(62976K)] 443718K->382681K(720896K), 0.0020329 secs] [Times: user=0.01 sys=0.00, real=0.00 secs] 
2165.312: [GC (Allocation Failure) [PSYoungGen: 62368K->1360K(62976K)] 443609K->382601K(720896K), 0.0021356 secs] [Times: user=0.01 sys=0.00, real=0.00 secs] 
2165.574: [GC (Allocation Failure) [PSYoungGen: 62288K->1344K(62976K)] 443529K->382585K(720896K), 0.0019605 secs] [Times: user=0.00 sys=0.00, real=0.01 secs] 
2165.929: [GC (Allocation Failure) [PSYoungGen: 62272K->1376K(62976K)] 443513K->382617K(720896K), 0.0020939 secs] [Times: user=0.00 sys=0.00, real=0.00 secs] 
2166.441: [GC (Allocation Failure) [PSYoungGen: 62304K->1344K(62976K)] 443545K->382585K(720896K), 0.0019976 secs] [Times: user=0.00 sys=0.00, real=0.00 secs] 
2166.889: [GC (Allocation Failure) [PSYoungGen: 62272K->1552K(62976K)] 443513K->382793K(720896K), 0.0017240 secs] [Times: user=0.01 sys=0.00, real=0.00 secs] 
2167.253: [GC (Allocation Failure) [PSYoungGen: 62480K->1517K(62976K)] 443721K->382766K(720896K), 0.0017057 secs] [Times: user=0.01 sys=0.00, real=0.00 secs] 
2167.617: [GC (Allocation Failure) [PSYoungGen: 62445K->1581K(62976K)] 443694K->382830K(720896K), 0.0017096 secs] [Times: user=0.01 sys=0.00, real=0.00 secs] 
2167.982: [GC (Allocation Failure) [PSYoungGen: 62509K->1549K(62976K)] 443758K->382806K(720896K), 0.0017088 secs] [Times: user=0.01 sys=0.00, real=0.00 secs] 
2168.654: [GC (Allocation Failure) [PSYoungGen: 62477K->1408K(62976K)] 443734K->382665K(720896K), 0.0026011 secs] [Times: user=0.01 sys=0.00, real=0.01 secs] 
2169.197: [GC (Allocation Failure) [PSYoungGen: 62336K->1376K(62976K)] 443593K->382633K(720896K), 0.0033175 secs] [Times: user=0.02 sys=0.00, real=0.00 secs] 
2169.698: [GC (Allocation Failure) [PSYoungGen: 62304K->1344K(62976K)] 443561K->382601K(720896K), 0.0033965 secs] [Times: user=0.02 sys=0.00, real=0.00 secs] 
2170.177: [GC (Allocation Failure) [PSYoungGen: 62272K->1376K(62976K)] 443529K->382633K(720896K), 0.0025673 secs] [Times: user=0.01 sys=0.00, real=0.00 secs] 
2170.918: [GC (Allocation Failure) [PSYoungGen: 62304K->1501K(62976K)] 443561K->382766K(720896K), 0.0020646 secs] [Times: user=0.01 sys=0.00, real=0.00 secs] 
2171.309: [GC (Allocation Failure) [PSYoungGen: 62421K->1597K(62976K)] 443686K->382862K(720896K), 0.0016964 secs] [Times: user=0.00 sys=0.00, real=0.00 secs] 
2171.730: [GC (Allocation Failure) [PSYoungGen: 62525K->1613K(62976K)] 443790K->382894K(720896K), 0.0018672 secs] [Times: user=0.01 sys=0.00, real=0.00 secs] 
2172.097: [GC (Allocation Failure) [PSYoungGen: 62541K->1565K(62976K)] 443822K->382846K(720896K), 0.0018429 secs] [Times: user=0.01 sys=0.00, real=0.00 secs] 
2172.712: [GC (Allocation Failure) [PSYoungGen: 62493K->2000K(62976K)] 443774K->383313K(720896K), 0.0020724 secs] [Times: user=0.01 sys=0.00, real=0.00 secs] 
2173.446: [GC (Allocation Failure) [PSYoungGen: 62928K->1344K(62976K)] 444241K->382657K(720896K), 0.0026667 secs] [Times: user=0.01 sys=0.00, real=0.01 secs] 
2173.975: [GC (Allocation Failure) [PSYoungGen: 62272K->1376K(62976K)] 443585K->382689K(720896K), 0.0024369 secs] [Times: user=0.01 sys=0.00, real=0.01 secs] 
2174.474: [GC (Allocation Failure) [PSYoungGen: 62304K->1424K(62976K)] 443617K->382737K(720896K), 0.0023659 secs] [Times: user=0.01 sys=0.00, real=0.01 secs] 
2175.051: [GC (Allocation Failure) [PSYoungGen: 62352K->1392K(62976K)] 443665K->382705K(720896K), 0.0029430 secs] [Times: user=0.01 sys=0.00, real=0.00 secs] 
2175.572: [GC (Allocation Failure) [PSYoungGen: 62320K->1536K(62976K)] 443633K->382849K(720896K), 0.0016510 secs] [Times: user=0.00 sys=0.00, real=0.00 secs] 
2176.008: [GC (Allocation Failure) [PSYoungGen: 62464K->1581K(62976K)] 443777K->382894K(720896K), 0.0017241 secs] [Times: user=0.00 sys=0.00, real=0.00 secs] 
2176.372: [GC (Allocation Failure) [PSYoungGen: 62509K->1581K(62976K)] 443822K->382902K(720896K), 0.0017182 secs] [Times: user=0.01 sys=0.00, real=0.00 secs] 
2176.736: [GC (Allocation Failure) [PSYoungGen: 62509K->1549K(62976K)] 443830K->382870K(720896K), 0.0018046 secs] [Times: user=0.01 sys=0.00, real=0.00 secs] 
2177.189: [GC (Allocation Failure) [PSYoungGen: 62477K->1456K(62976K)] 443798K->382785K(720896K), 0.0042222 secs] [Times: user=0.02 sys=0.00, real=0.00 secs] 
2177.694: [GC (Allocation Failure) [PSYoungGen: 62384K->1408K(62976K)] 443713K->382737K(720896K), 0.0036382 secs] [Times: user=0.01 sys=0.01, real=0.01 secs] 
2178.200: [GC (Allocation Failure) [PSYoungGen: 62336K->1424K(62976K)] 443665K->382753K(720896K), 0.0031333 secs] [Times: user=0.01 sys=0.00, real=0.00 secs] 
2178.620: [GC (Allocation Failure) [PSYoungGen: 62352K->1392K(62976K)] 443681K->382721K(720896K), 0.0021934 secs] [Times: user=0.01 sys=0.00, real=0.00 secs] 
2178.874: [GC (Allocation Failure) [PSYoungGen: 62320K->1408K(62976K)] 443649K->382737K(720896K), 0.0022216 secs] [Times: user=0.01 sys=0.00, real=0.01 secs] 
2179.272: [GC (Allocation Failure) [PSYoungGen: 62336K->1549K(62976K)] 443665K->382878K(720896K), 0.0016539 secs] [Times: user=0.01 sys=0.00, real=0.00 secs] 
2179.638: [GC (Allocation Failure) [PSYoungGen: 62477K->1613K(62976K)] 443806K->382950K(720896K), 0.0018365 secs] [Times: user=0.01 sys=0.00, real=0.00 secs] 
2180.003: [GC (Allocation Failure) [PSYoungGen: 62541K->1597K(62976K)] 443878K->382934K(720896K), 0.0017559 secs] [Times: user=0.01 sys=0.00, real=0.00 secs] 
2180.370: [GC (Allocation Failure) [PSYoungGen: 62525K->1517K(62976K)] 443862K->382854K(720896K), 0.0017330 secs] [Times: user=0.00 sys=0.00, real=0.00 secs] 
2180.917: [GC (Allocation Failure) [PSYoungGen: 62445K->1408K(62976K)] 443782K->382745K(720896K), 0.0028284 secs] [Times: user=0.01 sys=0.00, real=0.00 secs] 
2181.196: [GC (Allocation Failure) [PSYoungGen: 62336K->1344K(62976K)] 443673K->382681K(720896K), 0.0019536 secs] [Times: user=0.01 sys=0.00, real=0.01 secs] 
2181.461: [GC (Allocation Failure) [PSYoungGen: 62272K->1344K(62976K)] 443609K->382697K(720896K), 0.0023688 secs] [Times: user=0.01 sys=0.00, real=0.00 secs] 
2181.749: [GC (Allocation Failure) [PSYoungGen: 62272K->1344K(62976K)] 443625K->382697K(720896K), 0.0020856 secs] [Times: user=0.01 sys=0.00, real=0.00 secs] 
2182.081: [GC (Allocation Failure) [PSYoungGen: 62252K->1501K(62976K)] 443605K->382854K(720896K), 0.0017201 secs] [Times: user=0.01 sys=0.00, real=0.00 secs] 
2182.446: [GC (Allocation Failure) [PSYoungGen: 62429K->1597K(62976K)] 443782K->382950K(720896K), 0.0017650 secs] [Times: user=0.01 sys=0.00, real=0.00 secs] 
2182.820: [GC (Allocation Failure) [PSYoungGen: 62504K->1536K(62976K)] 443857K->382905K(720896K), 0.0016617 secs] [Times: user=0.00 sys=0.00, real=0.00 secs] 
2183.185: [GC (Allocation Failure) [PSYoungGen: 62464K->1549K(62976K)] 443833K->382918K(720896K), 0.0017642 secs] [Times: user=0.01 sys=0.00, real=0.01 secs] 
2183.627: [GC (Allocation Failure) [PSYoungGen: 62477K->1440K(62976K)] 443846K->382809K(720896K), 0.0020951 secs] [Times: user=0.01 sys=0.00, real=0.00 secs] 
2183.950: [GC (Allocation Failure) [PSYoungGen: 62368K->1376K(62976K)] 443737K->382745K(720896K), 0.0023501 secs] [Times: user=0.01 sys=0.00, real=0.00 secs] 
2184.204: [GC (Allocation Failure) [PSYoungGen: 62304K->1376K(62976K)] 443673K->382745K(720896K), 0.0021855 secs] [Times: user=0.00 sys=0.00, real=0.01 secs] 
2184.457: [GC (Allocation Failure) [PSYoungGen: 62304K->1408K(62976K)] 443673K->382777K(720896K), 0.0021592 secs] [Times: user=0.01 sys=0.00, real=0.00 secs] 
2184.711: [GC (Allocation Failure) [PSYoungGen: 62336K->1344K(62976K)] 443705K->382713K(720896K), 0.0020804 secs] [Times: user=0.01 sys=0.00, real=0.00 secs] 
2185.118: [GC (Allocation Failure) [PSYoungGen: 62272K->1485K(62976K)] 443641K->382854K(720896K), 0.0017547 secs] [Times: user=0.01 sys=0.00, real=0.00 secs] 
2185.483: [GC (Allocation Failure) [PSYoungGen: 62413K->1597K(62976K)] 443782K->382966K(720896K), 0.0017983 secs] [Times: user=0.01 sys=0.00, real=0.00 secs] 
2185.849: [GC (Allocation Failure) [PSYoungGen: 62525K->1565K(62976K)] 443894K->382942K(720896K), 0.0017576 secs] [Times: user=0.01 sys=0.00, real=0.00 secs] 
2186.214: [GC (Allocation Failure) [PSYoungGen: 62493K->1549K(62976K)] 443870K->382926K(720896K), 0.0017830 secs] [Times: user=0.01 sys=0.01, real=0.00 secs] 
2186.764: [GC (Allocation Failure) [PSYoungGen: 62477K->1472K(62976K)] 443854K->382849K(720896K), 0.0021018 secs] [Times: user=0.01 sys=0.00, real=0.01 secs] 
2187.018: [GC (Allocation Failure) [PSYoungGen: 62400K->1376K(62976K)] 443777K->382753K(720896K), 0.0023046 secs] [Times: user=0.01 sys=0.00, real=0.00 secs] 
2187.272: [GC (Allocation Failure) [PSYoungGen: 62304K->1344K(62976K)] 443681K->382721K(720896K), 0.0021963 secs] [Times: user=0.01 sys=0.00, real=0.00 secs] 
2187.556: [GC (Allocation Failure) [PSYoungGen: 62272K->1376K(62976K)] 443649K->382753K(720896K), 0.0023411 secs] [Times: user=0.01 sys=0.00, real=0.01 secs] 
2187.893: [GC (Allocation Failure) [PSYoungGen: 62304K->1488K(62976K)] 443681K->382865K(720896K), 0.0021100 secs] [Times: user=0.01 sys=0.00, real=0.00 secs] 
2188.278: [GC (Allocation Failure) [PSYoungGen: 62416K->1597K(62976K)] 443793K->382974K(720896K), 0.0017611 secs] [Times: user=0.01 sys=0.00, real=0.00 secs] 
2188.645: [GC (Allocation Failure) [PSYoungGen: 62525K->1581K(62976K)] 443902K->382966K(720896K), 0.0017303 secs] [Times: user=0.01 sys=0.00, real=0.01 secs] 
2189.011: [GC (Allocation Failure) [PSYoungGen: 62509K->1581K(62976K)] 443894K->382966K(720896K), 0.0017998 secs] [Times: user=0.00 sys=0.00, real=0.00 secs] 
2189.443: [GC (Allocation Failure) [PSYoungGen: 62509K->1808K(62976K)] 443894K->383193K(720896K), 0.0019468 secs] [Times: user=0.01 sys=0.00, real=0.00 secs] 
2189.977: [GC (Allocation Failure) [PSYoungGen: 62736K->1392K(62976K)] 444121K->382777K(720896K), 0.0023179 secs] [Times: user=0.00 sys=0.00, real=0.00 secs] 
2190.230: [GC (Allocation Failure) [PSYoungGen: 62320K->1408K(62976K)] 443705K->382793K(720896K), 0.0020386 secs] [Times: user=0.00 sys=0.00, real=0.00 secs] 
2190.484: [GC (Allocation Failure) [PSYoungGen: 62336K->1376K(62976K)] 443721K->382761K(720896K), 0.0021329 secs] [Times: user=0.01 sys=0.00, real=0.00 secs] 
2190.737: [GC (Allocation Failure) [PSYoungGen: 62304K->1376K(62976K)] 443689K->382761K(720896K), 0.0027750 secs] [Times: user=0.01 sys=0.00, real=0.00 secs] 
2191.721: [GC (Allocation Failure) [PSYoungGen: 62304K->1517K(62976K)] 443689K->382910K(720896K), 0.0017899 secs] [Times: user=0.00 sys=0.00, real=0.00 secs] 
2192.087: [GC (Allocation Failure) [PSYoungGen: 62445K->1517K(62976K)] 443838K->382910K(720896K), 0.0017405 secs] [Times: user=0.01 sys=0.00, real=0.00 secs] 
2192.450: [GC (Allocation Failure) [PSYoungGen: 62445K->1533K(62976K)] 443838K->382934K(720896K), 0.0018907 secs] [Times: user=0.00 sys=0.00, real=0.00 secs] 
2192.886: [GC (Allocation Failure) [PSYoungGen: 62461K->1533K(62976K)] 443862K->382934K(720896K), 0.0018218 secs] [Times: user=0.00 sys=0.00, real=0.01 secs] 
2193.496: [GC (Allocation Failure) [PSYoungGen: 62461K->1472K(62976K)] 443862K->382873K(720896K), 0.0031345 secs] [Times: user=0.01 sys=0.00, real=0.01 secs] 
2194.009: [GC (Allocation Failure) [PSYoungGen: 62400K->1376K(62976K)] 443801K->382777K(720896K), 0.0032378 secs] [Times: user=0.01 sys=0.00, real=0.00 secs] 
2194.526: [GC (Allocation Failure) [PSYoungGen: 62304K->1392K(62976K)] 443705K->382793K(720896K), 0.0028113 secs] [Times: user=0.01 sys=0.00, real=0.01 secs] 
2195.039: [GC (Allocation Failure) [PSYoungGen: 62320K->1376K(62976K)] 443721K->382777K(720896K), 0.0028383 secs] [Times: user=0.01 sys=0.01, real=0.00 secs] 
2195.591: [GC (Allocation Failure) [PSYoungGen: 62304K->1408K(62976K)] 443705K->382809K(720896K), 0.0028564 secs] [Times: user=0.02 sys=0.00, real=0.00 secs] 
2196.005: [GC (Allocation Failure) [PSYoungGen: 62336K->1533K(62976K)] 443737K->382934K(720896K), 0.0017651 secs] [Times: user=0.00 sys=0.00, real=0.01 secs] 
2196.370: [GC (Allocation Failure) [PSYoungGen: 62461K->1597K(62976K)] 443862K->383014K(720896K), 0.0017732 secs] [Times: user=0.01 sys=0.00, real=0.00 secs] 
2196.734: [GC (Allocation Failure) [PSYoungGen: 62525K->1629K(62976K)] 443942K->383046K(720896K), 0.0017575 secs] [Times: user=0.01 sys=0.00, real=0.00 secs] 
2197.099: [GC (Allocation Failure) [PSYoungGen: 62557K->1581K(62976K)] 443974K->382998K(720896K), 0.0019705 secs] [Times: user=0.00 sys=0.00, real=0.00 secs] 
2197.468: [GC (Allocation Failure) [PSYoungGen: 62509K->1424K(62976K)] 443926K->382841K(720896K), 0.0018894 secs] [Times: user=0.01 sys=0.00, real=0.00 secs] 
2197.721: [GC (Allocation Failure) [PSYoungGen: 62352K->1408K(62976K)] 443769K->382825K(720896K), 0.0019256 secs] [Times: user=0.01 sys=0.00, real=0.00 secs] 
2197.974: [GC (Allocation Failure) [PSYoungGen: 62336K->1376K(62976K)] 443753K->382793K(720896K), 0.0020229 secs] [Times: user=0.01 sys=0.00, real=0.01 secs] 
2198.252: [GC (Allocation Failure) [PSYoungGen: 62304K->1344K(62976K)] 443721K->382761K(720896K), 0.0023802 secs] [Times: user=0.01 sys=0.00, real=0.00 secs] 
2198.658: [GC (Allocation Failure) [PSYoungGen: 62272K->1469K(62976K)] 443689K->382886K(720896K), 0.0015993 secs] [Times: user=0.01 sys=0.00, real=0.00 secs] 
2199.023: [GC (Allocation Failure) [PSYoungGen: 62397K->1629K(62976K)] 443814K->383046K(720896K), 0.0017697 secs] [Times: user=0.01 sys=0.00, real=0.00 secs] 
2199.389: [GC (Allocation Failure) [PSYoungGen: 62557K->1552K(62976K)] 443974K->382985K(720896K), 0.0017217 secs] [Times: user=0.01 sys=0.00, real=0.00 secs] 
2199.813: [GC (Allocation Failure) [PSYoungGen: 62468K->1613K(62976K)] 443902K->383046K(720896K), 0.0018239 secs] [Times: user=0.01 sys=0.00, real=0.00 secs] 
2200.186: [GC (Allocation Failure) [PSYoungGen: 62541K->1488K(62976K)] 443974K->382921K(720896K), 0.0020213 secs] [Times: user=0.00 sys=0.00, real=0.01 secs] 
2200.506: [GC (Allocation Failure) [PSYoungGen: 62416K->1376K(62976K)] 443849K->382809K(720896K), 0.0021467 secs] [Times: user=0.01 sys=0.00, real=0.01 secs] 
2200.779: [GC (Allocation Failure) [PSYoungGen: 62304K->1376K(62976K)] 443737K->382825K(720896K), 0.0021901 secs] [Times: user=0.01 sys=0.00, real=0.00 secs] 
2201.200: [GC (Allocation Failure) [PSYoungGen: 62304K->1376K(62976K)] 443753K->382825K(720896K), 0.0023021 secs] [Times: user=0.01 sys=0.00, real=0.00 secs] 
2201.656: [GC (Allocation Failure) [PSYoungGen: 62304K->1376K(62976K)] 443753K->382825K(720896K), 0.0022538 secs] [Times: user=0.01 sys=0.00, real=0.01 secs] 
2202.183: [GC (Allocation Failure) [PSYoungGen: 62304K->1533K(62976K)] 443753K->382982K(720896K), 0.0016859 secs] [Times: user=0.00 sys=0.00, real=0.00 secs] 
2202.609: [GC (Allocation Failure) [PSYoungGen: 62461K->1517K(62976K)] 443910K->382966K(720896K), 0.0017658 secs] [Times: user=0.01 sys=0.00, real=0.00 secs] 
2203.033: [GC (Allocation Failure) [PSYoungGen: 62436K->1565K(62976K)] 443885K->383030K(720896K), 0.0025592 secs] [Times: user=0.01 sys=0.00, real=0.00 secs] 
2203.405: [GC (Allocation Failure) [PSYoungGen: 62493K->1549K(62976K)] 443958K->383014K(720896K), 0.0017103 secs] [Times: user=0.01 sys=0.00, real=0.01 secs] 
2203.758: [GC (Allocation Failure) [PSYoungGen: 62477K->1440K(62976K)] 443942K->382905K(720896K), 0.0030194 secs] [Times: user=0.01 sys=0.00, real=0.00 secs] 
2204.013: [GC (Allocation Failure) [PSYoungGen: 62368K->1344K(62976K)] 443833K->382809K(720896K), 0.0020319 secs] [Times: user=0.01 sys=0.00, real=0.00 secs] 
2204.298: [GC (Allocation Failure) [PSYoungGen: 62272K->1376K(62976K)] 443737K->382841K(720896K), 0.0020550 secs] [Times: user=0.00 sys=0.00, real=0.00 secs] 
2204.581: [GC (Allocation Failure) [PSYoungGen: 62304K->1376K(62976K)] 443769K->382841K(720896K), 0.0020242 secs] [Times: user=0.00 sys=0.01, real=0.00 secs] 
2204.849: [GC (Allocation Failure) [PSYoungGen: 62174K->256K(62976K)] 443640K->381721K(720896K), 0.0018206 secs] [Times: user=0.01 sys=0.00, real=0.00 secs] 
2205.223: [GC (Allocation Failure) [PSYoungGen: 61184K->1533K(62976K)] 442649K->382998K(720896K), 0.0017143 secs] [Times: user=0.00 sys=0.00, real=0.00 secs] 
2205.587: [GC (Allocation Failure) [PSYoungGen: 62461K->1629K(62976K)] 443926K->383110K(720896K), 0.0017862 secs] [Times: user=0.00 sys=0.00, real=0.00 secs] 
2205.955: [GC (Allocation Failure) [PSYoungGen: 62557K->1549K(62976K)] 444038K->383030K(720896K), 0.0017887 secs] [Times: user=0.01 sys=0.00, real=0.01 secs] 
2206.320: [GC (Allocation Failure) [PSYoungGen: 62477K->1629K(62976K)] 443958K->383110K(720896K), 0.0017357 secs] [Times: user=0.01 sys=0.00, real=0.00 secs] 
2206.824: [GC (Allocation Failure) [PSYoungGen: 62557K->1424K(62976K)] 444038K->382905K(720896K), 0.0021372 secs] [Times: user=0.01 sys=0.00, real=0.01 secs] 
2207.078: [GC (Allocation Failure) [PSYoungGen: 62352K->1392K(62976K)] 443833K->382873K(720896K), 0.0025223 secs] [Times: user=0.01 sys=0.00, real=0.00 secs] 
2207.332: [GC (Allocation Failure) [PSYoungGen: 62320K->1408K(62976K)] 443801K->382889K(720896K), 0.0022419 secs] [Times: user=0.01 sys=0.00, real=0.00 secs] 
2207.586: [GC (Allocation Failure) [PSYoungGen: 62336K->1376K(62976K)] 443817K->382857K(720896K), 0.0019903 secs] [Times: user=0.01 sys=0.00, real=0.00 secs] 
2207.916: [GC (Allocation Failure) [PSYoungGen: 62296K->1485K(62976K)] 443777K->382966K(720896K), 0.0015985 secs] [Times: user=0.01 sys=0.00, real=0.01 secs] 
2208.281: [GC (Allocation Failure) [PSYoungGen: 62388K->1581K(62976K)] 443870K->383062K(720896K), 0.0017605 secs] [Times: user=0.01 sys=0.00, real=0.00 secs] 
2208.648: [GC (Allocation Failure) [PSYoungGen: 62509K->1549K(62976K)] 443990K->383046K(720896K), 0.0017068 secs] [Times: user=0.01 sys=0.00, real=0.00 secs] 
2209.093: [GC (Allocation Failure) [PSYoungGen: 62477K->1549K(62976K)] 443974K->383046K(720896K), 0.0019243 secs] [Times: user=0.01 sys=0.00, real=0.00 secs] 
2209.581: [GC (Allocation Failure) [PSYoungGen: 62477K->1472K(62976K)] 443974K->382969K(720896K), 0.0023476 secs] [Times: user=0.00 sys=0.00, real=0.00 secs] 
2209.835: [GC (Allocation Failure) [PSYoungGen: 62400K->1376K(62976K)] 443897K->382873K(720896K), 0.0020863 secs] [Times: user=0.00 sys=0.00, real=0.01 secs] 
2210.088: [GC (Allocation Failure) [PSYoungGen: 62304K->1376K(62976K)] 443801K->382881K(720896K), 0.0020185 secs] [Times: user=0.01 sys=0.00, real=0.00 secs] 
2210.342: [GC (Allocation Failure) [PSYoungGen: 62304K->1376K(62976K)] 443809K->382881K(720896K), 0.0019736 secs] [Times: user=0.01 sys=0.00, real=0.00 secs] 
2210.594: [GC (Allocation Failure) [PSYoungGen: 62304K->1360K(62976K)] 443809K->382881K(720896K), 0.0017637 secs] [Times: user=0.01 sys=0.00, real=0.01 secs] 
2211.070: [GC (Allocation Failure) [PSYoungGen: 62260K->1517K(62976K)] 443781K->383038K(720896K), 0.0018090 secs] [Times: user=0.01 sys=0.00, real=0.00 secs] 
2211.436: [GC (Allocation Failure) [PSYoungGen: 62445K->1549K(62976K)] 443966K->383070K(720896K), 0.0017630 secs] [Times: user=0.00 sys=0.00, real=0.00 secs] 
2211.800: [GC (Allocation Failure) [PSYoungGen: 62477K->1549K(62976K)] 443998K->383078K(720896K), 0.0017337 secs] [Times: user=0.01 sys=0.00, real=0.00 secs] 
2212.165: [GC (Allocation Failure) [PSYoungGen: 62477K->1549K(62976K)] 444006K->383078K(720896K), 0.0017923 secs] [Times: user=0.00 sys=0.00, real=0.01 secs] 
2212.457: [GC (Allocation Failure) [PSYoungGen: 62477K->1440K(62976K)] 444006K->382969K(720896K), 0.0016429 secs] [Times: user=0.01 sys=0.00, real=0.00 secs] 
2212.710: [GC (Allocation Failure) [PSYoungGen: 62368K->1392K(62976K)] 443897K->382921K(720896K), 0.0018304 secs] [Times: user=0.01 sys=0.00, real=0.00 secs] 
2212.962: [GC (Allocation Failure) [PSYoungGen: 62320K->1408K(62976K)] 443849K->382937K(720896K), 0.0018273 secs] [Times: user=0.00 sys=0.00, real=0.00 secs] 
2213.294: [GC (Allocation Failure) [PSYoungGen: 62336K->1376K(62976K)] 443865K->382905K(720896K), 0.0034326 secs] [Times: user=0.01 sys=0.00, real=0.01 secs] 
2213.970: [GC (Allocation Failure) [PSYoungGen: 62304K->1485K(62976K)] 443833K->383014K(720896K), 0.0020872 secs] [Times: user=0.01 sys=0.00, real=0.00 secs] 
2214.350: [GC (Allocation Failure) [PSYoungGen: 62394K->1581K(62976K)] 443923K->383110K(720896K), 0.0017431 secs] [Times: user=0.01 sys=0.00, real=0.00 secs] 
2214.718: [GC (Allocation Failure) [PSYoungGen: 62509K->1517K(62976K)] 444038K->383070K(720896K), 0.0016443 secs] [Times: user=0.01 sys=0.00, real=0.00 secs] 
2215.082: [GC (Allocation Failure) [PSYoungGen: 62445K->1613K(62976K)] 443998K->383166K(720896K), 0.0017465 secs] [Times: user=0.00 sys=0.00, real=0.00 secs] 
2215.478: [GC (Allocation Failure) [PSYoungGen: 62541K->1984K(62976K)] 444094K->383537K(720896K), 0.0018804 secs] [Times: user=0.00 sys=0.00, real=0.00 secs] 
2215.732: [GC (Allocation Failure) [PSYoungGen: 62912K->1408K(62976K)] 444465K->382961K(720896K), 0.0018503 secs] [Times: user=0.00 sys=0.00, real=0.00 secs] 
2216.031: [GC (Allocation Failure) [PSYoungGen: 62336K->1376K(62976K)] 443889K->382929K(720896K), 0.0019540 secs] [Times: user=0.01 sys=0.01, real=0.00 secs] 
2216.285: [GC (Allocation Failure) [PSYoungGen: 62304K->1376K(62976K)] 443857K->382937K(720896K), 0.0033357 secs] [Times: user=0.01 sys=0.00, real=0.01 secs] 
2216.543: [GC (Allocation Failure) [PSYoungGen: 62304K->1376K(62976K)] 443865K->382937K(720896K), 0.0025769 secs] [Times: user=0.01 sys=0.00, real=0.00 secs] 
2216.938: [GC (Allocation Failure) [PSYoungGen: 62273K->1549K(62976K)] 443835K->383110K(720896K), 0.0055050 secs] [Times: user=0.02 sys=0.00, real=0.00 secs] 
2217.307: [GC (Allocation Failure) [PSYoungGen: 62477K->1629K(62976K)] 444038K->383190K(720896K), 0.0017618 secs] [Times: user=0.00 sys=0.00, real=0.00 secs] 
2217.672: [GC (Allocation Failure) [PSYoungGen: 62557K->1549K(62976K)] 444118K->383126K(720896K), 0.0017897 secs] [Times: user=0.01 sys=0.00, real=0.00 secs] 
2218.037: [GC (Allocation Failure) [PSYoungGen: 62477K->1549K(62976K)] 444054K->383126K(720896K), 0.0017928 secs] [Times: user=0.01 sys=0.00, real=0.00 secs] 
2218.635: [GC (Allocation Failure) [PSYoungGen: 62477K->1424K(62976K)] 444054K->383001K(720896K), 0.0022948 secs] [Times: user=0.01 sys=0.00, real=0.01 secs] 
2219.277: [GC (Allocation Failure) [PSYoungGen: 62352K->1376K(62976K)] 443929K->382953K(720896K), 0.0022441 secs] [Times: user=0.01 sys=0.00, real=0.00 secs] 
2219.840: [GC (Allocation Failure) [PSYoungGen: 62304K->1408K(62976K)] 443881K->382985K(720896K), 0.0022288 secs] [Times: user=0.01 sys=0.00, real=0.00 secs] 
2220.358: [GC (Allocation Failure) [PSYoungGen: 62336K->1344K(62976K)] 443913K->382921K(720896K), 0.0022933 secs] [Times: user=0.01 sys=0.00, real=0.00 secs] 
2220.884: [GC (Allocation Failure) [PSYoungGen: 62272K->1392K(62976K)] 443849K->382969K(720896K), 0.0023920 secs] [Times: user=0.01 sys=0.00, real=0.01 secs] 
2221.473: [GC (Allocation Failure) [PSYoungGen: 62288K->1549K(62976K)] 443866K->383126K(720896K), 0.0017950 secs] [Times: user=0.00 sys=0.00, real=0.00 secs] 
2221.839: [GC (Allocation Failure) [PSYoungGen: 62477K->1565K(62976K)] 444054K->383150K(720896K), 0.0018255 secs] [Times: user=0.01 sys=0.00, real=0.00 secs] 
2222.205: [GC (Allocation Failure) [PSYoungGen: 62493K->1549K(62976K)] 444078K->383150K(720896K), 0.0016784 secs] [Times: user=0.01 sys=0.00, real=0.01 secs] 
2222.570: [GC (Allocation Failure) [PSYoungGen: 62477K->1549K(62976K)] 444078K->383150K(720896K), 0.0018772 secs] [Times: user=0.01 sys=0.00, real=0.00 secs] 
2223.631: [GC (Allocation Failure) [PSYoungGen: 62477K->1376K(62976K)] 444078K->382977K(720896K), 0.0019777 secs] [Times: user=0.00 sys=0.01, real=0.00 secs] 
2223.885: [GC (Allocation Failure) [PSYoungGen: 62304K->1376K(62976K)] 443905K->382977K(720896K), 0.0020319 secs] [Times: user=0.01 sys=0.00, real=0.01 secs] 
2224.138: [GC (Allocation Failure) [PSYoungGen: 62304K->1376K(62976K)] 443905K->382977K(720896K), 0.0019465 secs] [Times: user=0.01 sys=0.00, real=0.00 secs] 
2224.391: [GC (Allocation Failure) [PSYoungGen: 62304K->1424K(62976K)] 443905K->383025K(720896K), 0.0019882 secs] [Times: user=0.01 sys=0.00, real=0.00 secs] 
2224.809: [GC (Allocation Failure) [PSYoungGen: 62352K->1501K(62976K)] 443953K->383102K(720896K), 0.0021954 secs] [Times: user=0.01 sys=0.00, real=0.00 secs] 
2225.190: [GC (Allocation Failure) [PSYoungGen: 62416K->1549K(62976K)] 444017K->383150K(720896K), 0.0017636 secs] [Times: user=0.00 sys=0.00, real=0.00 secs] 
2225.557: [GC (Allocation Failure) [PSYoungGen: 62477K->1517K(62976K)] 444078K->383134K(720896K), 0.0017805 secs] [Times: user=0.00 sys=0.00, real=0.00 secs] 
2225.924: [GC (Allocation Failure) [PSYoungGen: 62445K->1549K(62976K)] 444062K->383166K(720896K), 0.0017756 secs] [Times: user=0.01 sys=0.00, real=0.00 secs] 
2226.544: [GC (Allocation Failure) [PSYoungGen: 62477K->1472K(62976K)] 444094K->383089K(720896K), 0.0041301 secs] [Times: user=0.02 sys=0.00, real=0.01 secs] 
2227.562: [GC (Allocation Failure) [PSYoungGen: 62400K->1392K(62976K)] 444017K->383009K(720896K), 0.0033859 secs] [Times: user=0.01 sys=0.00, real=0.00 secs] 
2228.376: [GC (Allocation Failure) [PSYoungGen: 62320K->1408K(62976K)] 443937K->383025K(720896K), 0.0048822 secs] [Times: user=0.02 sys=0.00, real=0.00 secs] 
2229.104: [GC (Allocation Failure) [PSYoungGen: 62336K->1376K(62976K)] 443953K->382993K(720896K), 0.0033538 secs] [Times: user=0.01 sys=0.00, real=0.01 secs] 
2229.705: [GC (Allocation Failure) [PSYoungGen: 62304K->1344K(62976K)] 443921K->382961K(720896K), 0.0042521 secs] [Times: user=0.02 sys=0.00, real=0.01 secs] 
2230.220: [GC (Allocation Failure) [PSYoungGen: 62270K->1565K(62976K)] 443888K->383182K(720896K), 0.0016664 secs] [Times: user=0.00 sys=0.00, real=0.00 secs] 
2230.650: [GC (Allocation Failure) [PSYoungGen: 62493K->1549K(62976K)] 444110K->383166K(720896K), 0.0016422 secs] [Times: user=0.00 sys=0.00, real=0.00 secs] 
2231.015: [GC (Allocation Failure) [PSYoungGen: 62477K->1552K(62976K)] 444094K->383177K(720896K), 0.0017602 secs] [Times: user=0.00 sys=0.00, real=0.01 secs] 
2231.382: [GC (Allocation Failure) [PSYoungGen: 62480K->1581K(62976K)] 444105K->383206K(720896K), 0.0016829 secs] [Times: user=0.00 sys=0.00, real=0.00 secs] 
2232.353: [GC (Allocation Failure) [PSYoungGen: 62509K->1408K(62976K)] 444134K->383033K(720896K), 0.0034709 secs] [Times: user=0.01 sys=0.00, real=0.01 secs] 
2232.940: [GC (Allocation Failure) [PSYoungGen: 62336K->1408K(62976K)] 443961K->383033K(720896K), 0.0034303 secs] [Times: user=0.01 sys=0.00, real=0.00 secs] 
2233.441: [GC (Allocation Failure) [PSYoungGen: 62336K->1408K(62976K)] 443961K->383033K(720896K), 0.0026450 secs] [Times: user=0.01 sys=0.00, real=0.00 secs] 
2234.005: [GC (Allocation Failure) [PSYoungGen: 62336K->1424K(62976K)] 443961K->383049K(720896K), 0.0030803 secs] [Times: user=0.01 sys=0.00, real=0.01 secs] 
2234.531: [GC (Allocation Failure) [PSYoungGen: 62350K->1437K(62976K)] 443976K->383086K(720896K), 0.0059698 secs] [Times: user=0.02 sys=0.00, real=0.01 secs] 
2234.924: [GC (Allocation Failure) [PSYoungGen: 62365K->1581K(62976K)] 444014K->383230K(720896K), 0.0016973 secs] [Times: user=0.00 sys=0.00, real=0.00 secs] 
2235.288: [GC (Allocation Failure) [PSYoungGen: 62509K->1549K(62976K)] 444158K->383206K(720896K), 0.0017093 secs] [Times: user=0.00 sys=0.00, real=0.00 secs] 
2235.652: [GC (Allocation Failure) [PSYoungGen: 62477K->1629K(62976K)] 444134K->383286K(720896K), 0.0017693 secs] [Times: user=0.00 sys=0.00, real=0.00 secs] 
2236.059: [GC (Allocation Failure) [PSYoungGen: 62557K->1792K(62976K)] 444214K->383449K(720896K), 0.0019275 secs] [Times: user=0.01 sys=0.00, real=0.00 secs] 
2236.546: [GC (Allocation Failure) [PSYoungGen: 62720K->1408K(62976K)] 444377K->383065K(720896K), 0.0018278 secs] [Times: user=0.01 sys=0.00, real=0.01 secs] 
2237.101: [GC (Allocation Failure) [PSYoungGen: 62336K->1312K(62976K)] 443993K->382969K(720896K), 0.0042640 secs] [Times: user=0.02 sys=0.00, real=0.00 secs] 
2237.586: [GC (Allocation Failure) [PSYoungGen: 62240K->1408K(62976K)] 443897K->383065K(720896K), 0.0033282 secs] [Times: user=0.02 sys=0.00, real=0.01 secs] 
2238.050: [GC (Allocation Failure) [PSYoungGen: 62336K->1408K(62976K)] 443993K->383065K(720896K), 0.0027570 secs] [Times: user=0.01 sys=0.00, real=0.00 secs] 
2238.559: [GC (Allocation Failure) [PSYoungGen: 62336K->1549K(62976K)] 443993K->383206K(720896K), 0.0017187 secs] [Times: user=0.00 sys=0.00, real=0.00 secs] 
2239.000: [GC (Allocation Failure) [PSYoungGen: 62477K->1581K(62976K)] 444134K->383238K(720896K), 0.0017980 secs] [Times: user=0.01 sys=0.00, real=0.00 secs] 
2239.367: [GC (Allocation Failure) [PSYoungGen: 62509K->1581K(62976K)] 444166K->383246K(720896K), 0.0018821 secs] [Times: user=0.00 sys=0.00, real=0.00 secs] 
2239.734: [GC (Allocation Failure) [PSYoungGen: 62509K->1549K(62976K)] 444174K->383214K(720896K), 0.0018582 secs] [Times: user=0.01 sys=0.00, real=0.00 secs] 
2240.323: [GC (Allocation Failure) [PSYoungGen: 62477K->1472K(62976K)] 444142K->383137K(720896K), 0.0029681 secs] [Times: user=0.01 sys=0.00, real=0.00 secs] 
2240.672: [GC (Allocation Failure) [PSYoungGen: 62400K->1392K(62976K)] 444065K->383057K(720896K), 0.0021224 secs] [Times: user=0.00 sys=0.00, real=0.00 secs] 
2241.045: [GC (Allocation Failure) [PSYoungGen: 62320K->1408K(62976K)] 443985K->383073K(720896K), 0.0021422 secs] [Times: user=0.01 sys=0.00, real=0.01 secs] 
2241.350: [GC (Allocation Failure) [PSYoungGen: 62336K->1344K(62976K)] 444001K->383009K(720896K), 0.0020680 secs] [Times: user=0.01 sys=0.00, real=0.00 secs] 
2241.602: [GC (Allocation Failure) [PSYoungGen: 62272K->1376K(62976K)] 443937K->383041K(720896K), 0.0021343 secs] [Times: user=0.01 sys=0.00, real=0.00 secs] 
2242.018: [GC (Allocation Failure) [PSYoungGen: 62304K->1581K(62976K)] 443969K->383270K(720896K), 0.0018113 secs] [Times: user=0.01 sys=0.00, real=0.00 secs] 
2242.383: [GC (Allocation Failure) [PSYoungGen: 62509K->1533K(62976K)] 444198K->383238K(720896K), 0.0017068 secs] [Times: user=0.01 sys=0.00, real=0.00 secs] 
2242.747: [GC (Allocation Failure) [PSYoungGen: 62461K->1549K(62976K)] 444166K->383254K(720896K), 0.0017497 secs] [Times: user=0.00 sys=0.00, real=0.00 secs] 
2243.113: [GC (Allocation Failure) [PSYoungGen: 62477K->1533K(62976K)] 444182K->383238K(720896K), 0.0017170 secs] [Times: user=0.01 sys=0.00, real=0.00 secs] 
2243.458: [GC (Allocation Failure) [PSYoungGen: 62461K->1456K(62976K)] 444166K->383161K(720896K), 0.0019416 secs] [Times: user=0.01 sys=0.00, real=0.00 secs] 
2243.956: [GC (Allocation Failure) [PSYoungGen: 62384K->1424K(62976K)] 444089K->383129K(720896K), 0.0042438 secs] [Times: user=0.02 sys=0.00, real=0.00 secs] 
2244.521: [GC (Allocation Failure) [PSYoungGen: 62352K->1392K(62976K)] 444057K->383097K(720896K), 0.0034238 secs] [Times: user=0.01 sys=0.00, real=0.00 secs] 
2245.166: [GC (Allocation Failure) [PSYoungGen: 62320K->1376K(62976K)] 444025K->383081K(720896K), 0.0033827 secs] [Times: user=0.02 sys=0.00, real=0.01 secs] 
2245.834: [GC (Allocation Failure) [PSYoungGen: 62304K->1517K(62976K)] 444009K->383222K(720896K), 0.0020490 secs] [Times: user=0.01 sys=0.00, real=0.00 secs] 
2246.219: [GC (Allocation Failure) [PSYoungGen: 62431K->1613K(62976K)] 444136K->383318K(720896K), 0.0017768 secs] [Times: user=0.00 sys=0.00, real=0.00 secs] 
2246.585: [GC (Allocation Failure) [PSYoungGen: 62541K->1549K(62976K)] 444246K->383270K(720896K), 0.0018301 secs] [Times: user=0.01 sys=0.00, real=0.01 secs] 
2246.952: [GC (Allocation Failure) [PSYoungGen: 62477K->1581K(62976K)] 444198K->383302K(720896K), 0.0017266 secs] [Times: user=0.01 sys=0.00, real=0.00 secs] 
2247.388: [GC (Allocation Failure) [PSYoungGen: 62509K->1472K(62976K)] 444230K->383193K(720896K), 0.0022292 secs] [Times: user=0.01 sys=0.00, real=0.00 secs] 
2247.642: [GC (Allocation Failure) [PSYoungGen: 62400K->1376K(62976K)] 444121K->383097K(720896K), 0.0020575 secs] [Times: user=0.00 sys=0.00, real=0.00 secs] 
2247.895: [GC (Allocation Failure) [PSYoungGen: 62304K->1408K(62976K)] 444025K->383129K(720896K), 0.0021676 secs] [Times: user=0.01 sys=0.00, real=0.01 secs] 
2248.347: [GC (Allocation Failure) [PSYoungGen: 62336K->1376K(62976K)] 444057K->383097K(720896K), 0.0020840 secs] [Times: user=0.01 sys=0.01, real=0.00 secs] 
2248.824: [GC (Allocation Failure) [PSYoungGen: 62304K->1408K(62976K)] 444025K->383129K(720896K), 0.0028897 secs] [Times: user=0.01 sys=0.00, real=0.01 secs] 
2249.376: [GC (Allocation Failure) [PSYoungGen: 62331K->1504K(62976K)] 444052K->383225K(720896K), 0.0017272 secs] [Times: user=0.00 sys=0.00, real=0.01 secs] 
2249.741: [GC (Allocation Failure) [PSYoungGen: 62432K->1549K(62976K)] 444153K->383270K(720896K), 0.0016814 secs] [Times: user=0.01 sys=0.00, real=0.00 secs] 
2250.108: [GC (Allocation Failure) [PSYoungGen: 62451K->1597K(62976K)] 444173K->383334K(720896K), 0.0017796 secs] [Times: user=0.01 sys=0.00, real=0.00 secs] 
2250.532: [GC (Allocation Failure) [PSYoungGen: 62525K->1517K(62976K)] 444262K->383254K(720896K), 0.0018184 secs] [Times: user=0.01 sys=0.00, real=0.00 secs] 
2251.225: [GC (Allocation Failure) [PSYoungGen: 62445K->1408K(62976K)] 444182K->383145K(720896K), 0.0041922 secs] [Times: user=0.02 sys=0.00, real=0.01 secs] 
2251.833: [GC (Allocation Failure) [PSYoungGen: 62336K->1360K(62976K)] 444073K->383097K(720896K), 0.0033849 secs] [Times: user=0.01 sys=0.00, real=0.01 secs] 
2252.482: [GC (Allocation Failure) [PSYoungGen: 62288K->1376K(62976K)] 444025K->383129K(720896K), 0.0033341 secs] [Times: user=0.02 sys=0.00, real=0.00 secs] 
2253.203: [GC (Allocation Failure) [PSYoungGen: 62304K->1408K(62976K)] 444057K->383161K(720896K), 0.0033841 secs] [Times: user=0.01 sys=0.00, real=0.01 secs] 
2253.930: [GC (Allocation Failure) [PSYoungGen: 62336K->1376K(62976K)] 444089K->383129K(720896K), 0.0047864 secs] [Times: user=0.02 sys=0.00, real=0.00 secs] 
2254.455: [GC (Allocation Failure) [PSYoungGen: 62304K->1517K(62976K)] 444057K->383270K(720896K), 0.0016558 secs] [Times: user=0.01 sys=0.00, real=0.01 secs] 
2254.821: [GC (Allocation Failure) [PSYoungGen: 62445K->1581K(62976K)] 444198K->383342K(720896K), 0.0017104 secs] [Times: user=0.00 sys=0.00, real=0.00 secs] 
2255.190: [GC (Allocation Failure) [PSYoungGen: 62509K->1600K(62976K)] 444270K->383361K(720896K), 0.0017833 secs] [Times: user=0.01 sys=0.00, real=0.00 secs] 
2255.555: [GC (Allocation Failure) [PSYoungGen: 62528K->1581K(62976K)] 444289K->383342K(720896K), 0.0017123 secs] [Times: user=0.01 sys=0.00, real=0.01 secs] 
2256.071: [GC (Allocation Failure) [PSYoungGen: 62509K->1408K(62976K)] 444270K->383169K(720896K), 0.0026761 secs] [Times: user=0.01 sys=0.00, real=0.00 secs] 
2256.689: [GC (Allocation Failure) [PSYoungGen: 62336K->1376K(62976K)] 444097K->383137K(720896K), 0.0029893 secs] [Times: user=0.01 sys=0.00, real=0.00 secs] 
2257.300: [GC (Allocation Failure) [PSYoungGen: 62304K->1376K(62976K)] 444065K->383137K(720896K), 0.0029528 secs] [Times: user=0.01 sys=0.00, real=0.00 secs] 
2257.975: [GC (Allocation Failure) [PSYoungGen: 62304K->1376K(62976K)] 444065K->383137K(720896K), 0.0027749 secs] [Times: user=0.01 sys=0.00, real=0.01 secs] 
2258.615: [GC (Allocation Failure) [PSYoungGen: 62304K->1472K(62976K)] 444065K->383233K(720896K), 0.0016207 secs] [Times: user=0.00 sys=0.00, real=0.01 secs] 
2258.981: [GC (Allocation Failure) [PSYoungGen: 62376K->1584K(62976K)] 444138K->383345K(720896K), 0.0017525 secs] [Times: user=0.01 sys=0.00, real=0.00 secs] 
2259.347: [GC (Allocation Failure) [PSYoungGen: 62512K->1597K(62976K)] 444273K->383366K(720896K), 0.0017949 secs] [Times: user=0.01 sys=0.00, real=0.00 secs] 
2259.711: [GC (Allocation Failure) [PSYoungGen: 62525K->1549K(62976K)] 444294K->383318K(720896K), 0.0018192 secs] [Times: user=0.01 sys=0.00, real=0.00 secs] 
2260.214: [GC (Allocation Failure) [PSYoungGen: 62477K->1472K(62976K)] 444246K->383241K(720896K), 0.0020945 secs] [Times: user=0.01 sys=0.01, real=0.01 secs] 
2260.786: [GC (Allocation Failure) [PSYoungGen: 62400K->1344K(62976K)] 444169K->383113K(720896K), 0.0019206 secs] [Times: user=0.01 sys=0.00, real=0.01 secs] 
2261.593: [GC (Allocation Failure) [PSYoungGen: 62272K->1344K(62976K)] 444041K->383113K(720896K), 0.0033039 secs] [Times: user=0.01 sys=0.00, real=0.01 secs] 
2262.314: [GC (Allocation Failure) [PSYoungGen: 62272K->1376K(62976K)] 444041K->383145K(720896K), 0.0048630 secs] [Times: user=0.02 sys=0.00, real=0.01 secs] 
2263.042: [GC (Allocation Failure) [PSYoungGen: 62304K->1392K(62976K)] 444073K->383161K(720896K), 0.0043954 secs] [Times: user=0.01 sys=0.00, real=0.00 secs] 
2263.580: [GC (Allocation Failure) [PSYoungGen: 62317K->1488K(62976K)] 444087K->383257K(720896K), 0.0016916 secs] [Times: user=0.01 sys=0.00, real=0.00 secs] 
2263.946: [GC (Allocation Failure) [PSYoungGen: 62416K->1581K(62976K)] 444185K->383382K(720896K), 0.0017696 secs] [Times: user=0.01 sys=0.00, real=0.00 secs] 
2264.311: [GC (Allocation Failure) [PSYoungGen: 62509K->1597K(62976K)] 444310K->383414K(720896K), 0.0016528 secs] [Times: user=0.01 sys=0.00, real=0.00 secs] 
2264.683: [GC (Allocation Failure) [PSYoungGen: 62525K->1549K(62976K)] 444342K->383366K(720896K), 0.0016318 secs] [Times: user=0.00 sys=0.00, real=0.00 secs] 
2265.305: [GC (Allocation Failure) [PSYoungGen: 62477K->1408K(62976K)] 444294K->383225K(720896K), 0.0019942 secs] [Times: user=0.01 sys=0.00, real=0.01 secs] 
2266.012: [GC (Allocation Failure) [PSYoungGen: 62336K->1376K(62976K)] 444153K->383193K(720896K), 0.0029030 secs] [Times: user=0.01 sys=0.00, real=0.00 secs] 
2266.779: [GC (Allocation Failure) [PSYoungGen: 62304K->1376K(62976K)] 444121K->383193K(720896K), 0.0035759 secs] [Times: user=0.01 sys=0.00, real=0.00 secs] 
2267.450: [GC (Allocation Failure) [PSYoungGen: 62304K->1408K(62976K)] 444121K->383225K(720896K), 0.0033391 secs] [Times: user=0.01 sys=0.00, real=0.00 secs] 
2268.106: [GC (Allocation Failure) [PSYoungGen: 62308K->1517K(62976K)] 444126K->383334K(720896K), 0.0023617 secs] [Times: user=0.01 sys=0.00, real=0.01 secs] 
2268.513: [GC (Allocation Failure) [PSYoungGen: 62445K->1597K(62976K)] 444262K->383414K(720896K), 0.0017515 secs] [Times: user=0.01 sys=0.00, real=0.00 secs] 
2268.880: [GC (Allocation Failure) [PSYoungGen: 62525K->1581K(62976K)] 444342K->383406K(720896K), 0.0017685 secs] [Times: user=0.01 sys=0.00, real=0.00 secs] 
2269.244: [GC (Allocation Failure) [PSYoungGen: 62509K->1581K(62976K)] 444334K->383406K(720896K), 0.0017985 secs] [Times: user=0.01 sys=0.00, real=0.01 secs] 
2269.657: [GC (Allocation Failure) [PSYoungGen: 62509K->2032K(62976K)] 444334K->383857K(720896K), 0.0017805 secs] [Times: user=0.01 sys=0.00, real=0.00 secs] 
2270.296: [GC (Allocation Failure) [PSYoungGen: 62960K->1408K(62976K)] 444785K->383233K(720896K), 0.0041463 secs] [Times: user=0.02 sys=0.00, real=0.01 secs] 
2270.814: [GC (Allocation Failure) [PSYoungGen: 62336K->1408K(62976K)] 444161K->383233K(720896K), 0.0033935 secs] [Times: user=0.01 sys=0.00, real=0.01 secs] 
2271.314: [GC (Allocation Failure) [PSYoungGen: 62336K->1408K(62976K)] 444161K->383233K(720896K), 0.0027929 secs] [Times: user=0.01 sys=0.00, real=0.01 secs] 
2271.652: [GC (Allocation Failure) [PSYoungGen: 62336K->1360K(62976K)] 444161K->383185K(720896K), 0.0022802 secs] [Times: user=0.01 sys=0.00, real=0.00 secs] 
2272.010: [GC (Allocation Failure) [PSYoungGen: 62288K->1504K(62976K)] 444113K->383329K(720896K), 0.0016733 secs] [Times: user=0.01 sys=0.00, real=0.00 secs] 
2272.374: [GC (Allocation Failure) [PSYoungGen: 62432K->1581K(62976K)] 444257K->383406K(720896K), 0.0018082 secs] [Times: user=0.01 sys=0.00, real=0.01 secs] 
2272.739: [GC (Allocation Failure) [PSYoungGen: 62509K->1517K(62976K)] 444334K->383350K(720896K), 0.0017767 secs] [Times: user=0.01 sys=0.00, real=0.00 secs] 
2273.107: [GC (Allocation Failure) [PSYoungGen: 62445K->1533K(62976K)] 444278K->383398K(720896K), 0.0016958 secs] [Times: user=0.01 sys=0.00, real=0.00 secs] 
2273.474: [GC (Allocation Failure) [PSYoungGen: 62461K->1504K(62976K)] 444326K->383369K(720896K), 0.0021265 secs] [Times: user=0.00 sys=0.00, real=0.01 secs] 
2273.728: [GC (Allocation Failure) [PSYoungGen: 62432K->1376K(62976K)] 444297K->383241K(720896K), 0.0020005 secs] [Times: user=0.00 sys=0.00, real=0.00 secs] 
2274.019: [GC (Allocation Failure) [PSYoungGen: 62304K->1408K(62976K)] 444169K->383273K(720896K), 0.0029732 secs] [Times: user=0.02 sys=0.00, real=0.00 secs] 
2274.274: [GC (Allocation Failure) [PSYoungGen: 62336K->1424K(62976K)] 444201K->383289K(720896K), 0.0023111 secs] [Times: user=0.01 sys=0.00, real=0.00 secs] 
2274.528: [GC (Allocation Failure) [PSYoungGen: 62352K->1344K(62976K)] 444217K->383209K(720896K), 0.0020268 secs] [Times: user=0.01 sys=0.00, real=0.00 secs] 
2274.933: [GC (Allocation Failure) [PSYoungGen: 62240K->1565K(62976K)] 444105K->383430K(720896K), 0.0017525 secs] [Times: user=0.01 sys=0.00, real=0.00 secs] 
2275.301: [GC (Allocation Failure) [PSYoungGen: 62493K->1613K(62976K)] 444358K->383486K(720896K), 0.0017427 secs] [Times: user=0.01 sys=0.00, real=0.00 secs] 
2275.666: [GC (Allocation Failure) [PSYoungGen: 62541K->1581K(62976K)] 444414K->383454K(720896K), 0.0017705 secs] [Times: user=0.01 sys=0.00, real=0.00 secs] 
2276.086: [GC (Allocation Failure) [PSYoungGen: 62509K->1565K(62976K)] 444382K->383438K(720896K), 0.0017436 secs] [Times: user=0.01 sys=0.00, real=0.00 secs] 
2276.385: [GC (Allocation Failure) [PSYoungGen: 62493K->1456K(62976K)] 444366K->383329K(720896K), 0.0020745 secs] [Times: user=0.01 sys=0.00, real=0.01 secs] 
2276.747: [GC (Allocation Failure) [PSYoungGen: 62384K->1376K(62976K)] 444257K->383249K(720896K), 0.0023823 secs] [Times: user=0.01 sys=0.01, real=0.00 secs] 
2277.218: [GC (Allocation Failure) [PSYoungGen: 62304K->1376K(62976K)] 444177K->383249K(720896K), 0.0023274 secs] [Times: user=0.01 sys=0.00, real=0.00 secs] 
2277.804: [GC (Allocation Failure) [PSYoungGen: 62304K->1360K(62976K)] 444177K->383233K(720896K), 0.0023506 secs] [Times: user=0.01 sys=0.00, real=0.01 secs] 
2278.392: [GC (Allocation Failure) [PSYoungGen: 62269K->1421K(62976K)] 444142K->383294K(720896K), 0.0016426 secs] [Times: user=0.01 sys=0.00, real=0.00 secs] 
2278.757: [GC (Allocation Failure) [PSYoungGen: 62349K->1565K(62976K)] 444222K->383438K(720896K), 0.0017525 secs] [Times: user=0.01 sys=0.00, real=0.00 secs] 
2279.122: [GC (Allocation Failure) [PSYoungGen: 62493K->1565K(62976K)] 444366K->383446K(720896K), 0.0017671 secs] [Times: user=0.00 sys=0.00, real=0.00 secs] 
2279.491: [GC (Allocation Failure) [PSYoungGen: 62493K->1581K(62976K)] 444374K->383462K(720896K), 0.0017741 secs] [Times: user=0.00 sys=0.00, real=0.00 secs] 
2279.862: [GC (Allocation Failure) [PSYoungGen: 62509K->1472K(62976K)] 444390K->383353K(720896K), 0.0020052 secs] [Times: user=0.01 sys=0.00, real=0.00 secs] 
2280.116: [GC (Allocation Failure) [PSYoungGen: 62400K->1376K(62976K)] 444281K->383257K(720896K), 0.0018615 secs] [Times: user=0.01 sys=0.00, real=0.00 secs] 
2280.369: [GC (Allocation Failure) [PSYoungGen: 62304K->1392K(62976K)] 444185K->383273K(720896K), 0.0018554 secs] [Times: user=0.01 sys=0.00, real=0.00 secs] 
2280.622: [GC (Allocation Failure) [PSYoungGen: 62320K->1344K(62976K)] 444201K->383225K(720896K), 0.0018703 secs] [Times: user=0.01 sys=0.00, real=0.00 secs] 
2280.875: [GC (Allocation Failure) [PSYoungGen: 62272K->1376K(62976K)] 444153K->383257K(720896K), 0.0018291 secs] [Times: user=0.01 sys=0.00, real=0.01 secs] 
2281.214: [GC (Allocation Failure) [PSYoungGen: 62304K->1533K(62976K)] 444185K->383438K(720896K), 0.0017575 secs] [Times: user=0.01 sys=0.00, real=0.00 secs] 
2281.579: [GC (Allocation Failure) [PSYoungGen: 62461K->1549K(62976K)] 444366K->383454K(720896K), 0.0017664 secs] [Times: user=0.01 sys=0.00, real=0.00 secs] 
2281.944: [GC (Allocation Failure) [PSYoungGen: 62477K->1565K(62976K)] 444382K->383494K(720896K), 0.0017461 secs] [Times: user=0.01 sys=0.00, real=0.00 secs] 
2282.308: [GC (Allocation Failure) [PSYoungGen: 62493K->1549K(62976K)] 444422K->383478K(720896K), 0.0017282 secs] [Times: user=0.01 sys=0.00, real=0.00 secs] 
2283.341: [GC (Allocation Failure) [PSYoungGen: 62477K->1408K(62976K)] 444406K->383337K(720896K), 0.0023679 secs] [Times: user=0.01 sys=0.00, real=0.00 secs] 
2283.817: [GC (Allocation Failure) [PSYoungGen: 62336K->1376K(62976K)] 444265K->383305K(720896K), 0.0021422 secs] [Times: user=0.01 sys=0.00, real=0.00 secs] 
2284.071: [GC (Allocation Failure) [PSYoungGen: 62304K->1376K(62976K)] 444233K->383305K(720896K), 0.0021164 secs] [Times: user=0.01 sys=0.00, real=0.00 secs] 
2284.324: [GC (Allocation Failure) [PSYoungGen: 62304K->1344K(62976K)] 444233K->383273K(720896K), 0.0021115 secs] [Times: user=0.01 sys=0.00, real=0.00 secs] 
2284.650: [GC (Allocation Failure) [PSYoungGen: 62272K->1453K(62976K)] 444201K->383382K(720896K), 0.0020303 secs] [Times: user=0.01 sys=0.00, real=0.00 secs] 
2285.034: [GC (Allocation Failure) [PSYoungGen: 62381K->1568K(62976K)] 444310K->383497K(720896K), 0.0019385 secs] [Times: user=0.01 sys=0.00, real=0.00 secs] 
2285.405: [GC (Allocation Failure) [PSYoungGen: 62496K->1581K(62976K)] 444425K->383518K(720896K), 0.0017734 secs] [Times: user=0.00 sys=0.00, real=0.01 secs] 
2285.772: [GC (Allocation Failure) [PSYoungGen: 62509K->1613K(62976K)] 444446K->383550K(720896K), 0.0018626 secs] [Times: user=0.00 sys=0.00, real=0.00 secs] 
2286.132: [GC (Allocation Failure) [PSYoungGen: 62313K->320K(62976K)] 444251K->382257K(720896K), 0.0015559 secs] [Times: user=0.00 sys=0.00, real=0.00 secs] 
2286.809: [GC (Allocation Failure) [PSYoungGen: 61248K->1344K(62976K)] 443185K->383281K(720896K), 0.0023681 secs] [Times: user=0.01 sys=0.00, real=0.00 secs] 
2287.329: [GC (Allocation Failure) [PSYoungGen: 62272K->1424K(62976K)] 444209K->383361K(720896K), 0.0029474 secs] [Times: user=0.01 sys=0.00, real=0.00 secs] 
2287.920: [GC (Allocation Failure) [PSYoungGen: 62352K->1408K(62976K)] 444289K->383345K(720896K), 0.0032591 secs] [Times: user=0.02 sys=0.00, real=0.00 secs] 
2288.695: [GC (Allocation Failure) [PSYoungGen: 62336K->1424K(62976K)] 444273K->383361K(720896K), 0.0031311 secs] [Times: user=0.01 sys=0.00, real=0.01 secs] 
2289.505: [GC (Allocation Failure) [PSYoungGen: 62352K->1485K(62976K)] 444289K->383430K(720896K), 0.0016924 secs] [Times: user=0.00 sys=0.00, real=0.01 secs] 
2289.869: [GC (Allocation Failure) [PSYoungGen: 62413K->1613K(62976K)] 444358K->383558K(720896K), 0.0017541 secs] [Times: user=0.00 sys=0.00, real=0.00 secs] 
2290.236: [GC (Allocation Failure) [PSYoungGen: 62541K->1581K(62976K)] 444486K->383534K(720896K), 0.0017927 secs] [Times: user=0.00 sys=0.00, real=0.00 secs] 
2290.604: [GC (Allocation Failure) [PSYoungGen: 62509K->1629K(62976K)] 444462K->383582K(720896K), 0.0018539 secs] [Times: user=0.00 sys=0.00, real=0.00 secs] 
2291.125: [GC (Allocation Failure) [PSYoungGen: 62557K->1472K(62976K)] 444510K->383425K(720896K), 0.0022078 secs] [Times: user=0.01 sys=0.00, real=0.01 secs] 
2291.658: [GC (Allocation Failure) [PSYoungGen: 62400K->1376K(62976K)] 444353K->383329K(720896K), 0.0021870 secs] [Times: user=0.00 sys=0.00, real=0.00 secs] 
2291.955: [GC (Allocation Failure) [PSYoungGen: 62304K->1376K(62976K)] 444257K->383337K(720896K), 0.0020330 secs] [Times: user=0.00 sys=0.00, real=0.01 secs] 
2292.213: [GC (Allocation Failure) [PSYoungGen: 62304K->1408K(62976K)] 444265K->383369K(720896K), 0.0020912 secs] [Times: user=0.01 sys=0.00, real=0.00 secs] 
2292.483: [GC (Allocation Failure) [PSYoungGen: 62336K->1344K(62976K)] 444297K->383305K(720896K), 0.0020081 secs] [Times: user=0.01 sys=0.00, real=0.00 secs] 
2292.837: [GC (Allocation Failure) [PSYoungGen: 62272K->1517K(62976K)] 444233K->383502K(720896K), 0.0017111 secs] [Times: user=0.01 sys=0.00, real=0.00 secs] 
2293.203: [GC (Allocation Failure) [PSYoungGen: 62445K->1565K(62976K)] 444430K->383558K(720896K), 0.0018043 secs] [Times: user=0.01 sys=0.00, real=0.00 secs] 
2293.568: [GC (Allocation Failure) [PSYoungGen: 62493K->1629K(62976K)] 444486K->383630K(720896K), 0.0017917 secs] [Times: user=0.00 sys=0.01, real=0.00 secs] 
2293.933: [GC (Allocation Failure) [PSYoungGen: 62557K->1629K(62976K)] 444558K->383630K(720896K), 0.0017351 secs] [Times: user=0.01 sys=0.00, real=0.00 secs] 
2295.760: [GC (Allocation Failure) [PSYoungGen: 62557K->1376K(62976K)] 444558K->383377K(720896K), 0.0029413 secs] [Times: user=0.01 sys=0.00, real=0.00 secs] 
2296.162: [GC (Allocation Failure) [PSYoungGen: 62304K->1392K(62976K)] 444305K->383393K(720896K), 0.0020540 secs] [Times: user=0.01 sys=0.00, real=0.00 secs] 
2296.415: [GC (Allocation Failure) [PSYoungGen: 62320K->1376K(62976K)] 444321K->383385K(720896K), 0.0020232 secs] [Times: user=0.01 sys=0.00, real=0.01 secs] 
2296.668: [GC (Allocation Failure) [PSYoungGen: 62304K->1344K(62976K)] 444313K->383353K(720896K), 0.0017534 secs] [Times: user=0.01 sys=0.00, real=0.00 secs] 
2297.070: [GC (Allocation Failure) [PSYoungGen: 62272K->1485K(62976K)] 444281K->383494K(720896K), 0.0021098 secs] [Times: user=0.01 sys=0.00, real=0.00 secs] 
2297.434: [GC (Allocation Failure) [PSYoungGen: 62413K->1613K(62976K)] 444422K->383622K(720896K), 0.0016791 secs] [Times: user=0.01 sys=0.00, real=0.00 secs] 
2297.868: [GC (Allocation Failure) [PSYoungGen: 62541K->1613K(62976K)] 444550K->383630K(720896K), 0.0018988 secs] [Times: user=0.00 sys=0.00, real=0.00 secs] 
2298.234: [GC (Allocation Failure) [PSYoungGen: 62541K->1581K(62976K)] 444558K->383598K(720896K), 0.0017299 secs] [Times: user=0.00 sys=0.00, real=0.00 secs] 
2298.623: [GC (Allocation Failure) [PSYoungGen: 62509K->2016K(62976K)] 444526K->384033K(720896K), 0.0020711 secs] [Times: user=0.01 sys=0.00, real=0.00 secs] 
2299.148: [GC (Allocation Failure) [PSYoungGen: 62944K->1376K(62976K)] 444961K->383393K(720896K), 0.0030227 secs] [Times: user=0.02 sys=0.00, real=0.00 secs] 
2299.693: [GC (Allocation Failure) [PSYoungGen: 62304K->1376K(62976K)] 444321K->383393K(720896K), 0.0033670 secs] [Times: user=0.02 sys=0.00, real=0.01 secs] 
2300.029: [GC (Allocation Failure) [PSYoungGen: 62304K->1408K(62976K)] 444321K->383425K(720896K), 0.0020799 secs] [Times: user=0.01 sys=0.00, real=0.00 secs] 
2300.282: [GC (Allocation Failure) [PSYoungGen: 62336K->1376K(62976K)] 444353K->383393K(720896K), 0.0020001 secs] [Times: user=0.01 sys=0.00, real=0.00 secs] 
2300.624: [GC (Allocation Failure) [PSYoungGen: 62304K->1533K(62976K)] 444321K->383550K(720896K), 0.0017261 secs] [Times: user=0.01 sys=0.00, real=0.00 secs] 
2300.989: [GC (Allocation Failure) [PSYoungGen: 62461K->1565K(62976K)] 444478K->383582K(720896K), 0.0017738 secs] [Times: user=0.01 sys=0.00, real=0.00 secs] 
2301.352: [GC (Allocation Failure) [PSYoungGen: 62485K->1581K(62976K)] 444502K->383630K(720896K), 0.0017023 secs] [Times: user=0.01 sys=0.00, real=0.00 secs] 
2301.720: [GC (Allocation Failure) [PSYoungGen: 62509K->1501K(62976K)] 444558K->383550K(720896K), 0.0017908 secs] [Times: user=0.01 sys=0.00, real=0.00 secs] 
2302.670: [GC (Allocation Failure) [PSYoungGen: 62429K->1472K(62976K)] 444478K->383521K(720896K), 0.0023713 secs] [Times: user=0.01 sys=0.00, real=0.00 secs] 
2302.931: [GC (Allocation Failure) [PSYoungGen: 62400K->1344K(62976K)] 444449K->383393K(720896K), 0.0020685 secs] [Times: user=0.01 sys=0.00, real=0.00 secs] 
2303.211: [GC (Allocation Failure) [PSYoungGen: 62272K->1344K(62976K)] 444321K->383393K(720896K), 0.0020827 secs] [Times: user=0.01 sys=0.00, real=0.00 secs] 
2303.526: [GC (Allocation Failure) [PSYoungGen: 62272K->1344K(62976K)] 444321K->383393K(720896K), 0.0021029 secs] [Times: user=0.01 sys=0.01, real=0.01 secs] 
2303.779: [GC (Allocation Failure) [PSYoungGen: 62272K->1344K(62976K)] 444321K->383393K(720896K), 0.0020144 secs] [Times: user=0.01 sys=0.00, real=0.00 secs] 
2304.183: [GC (Allocation Failure) [PSYoungGen: 62272K->1549K(62976K)] 444321K->383598K(720896K), 0.0016199 secs] [Times: user=0.01 sys=0.00, real=0.00 secs] 
2304.620: [GC (Allocation Failure) [PSYoungGen: 62477K->1549K(62976K)] 444526K->383606K(720896K), 0.0018107 secs] [Times: user=0.01 sys=0.00, real=0.00 secs] 
2305.046: [GC (Allocation Failure) [PSYoungGen: 62477K->1565K(62976K)] 444534K->383622K(720896K), 0.0017516 secs] [Times: user=0.00 sys=0.00, real=0.01 secs] 
2305.415: [GC (Allocation Failure) [PSYoungGen: 62493K->1552K(62976K)] 444550K->383609K(720896K), 0.0019399 secs] [Times: user=0.00 sys=0.00, real=0.01 secs] 
2305.810: [GC (Allocation Failure) [PSYoungGen: 62480K->1408K(62976K)] 444537K->383465K(720896K), 0.0028925 secs] [Times: user=0.01 sys=0.00, real=0.00 secs] 
2306.065: [GC (Allocation Failure) [PSYoungGen: 62336K->1408K(62976K)] 444393K->383465K(720896K), 0.0020476 secs] [Times: user=0.01 sys=0.00, real=0.01 secs] 
2306.318: [GC (Allocation Failure) [PSYoungGen: 62336K->1360K(62976K)] 444393K->383417K(720896K), 0.0019931 secs] [Times: user=0.01 sys=0.00, real=0.00 secs] 
2306.579: [GC (Allocation Failure) [PSYoungGen: 62288K->1376K(62976K)] 444345K->383433K(720896K), 0.0019540 secs] [Times: user=0.01 sys=0.00, real=0.00 secs] 
2306.916: [GC (Allocation Failure) [PSYoungGen: 62283K->1533K(62976K)] 444341K->383590K(720896K), 0.0016932 secs] [Times: user=0.01 sys=0.00, real=0.00 secs] 
2307.367: [GC (Allocation Failure) [PSYoungGen: 62461K->1549K(62976K)] 444518K->383606K(720896K), 0.0017850 secs] [Times: user=0.01 sys=0.00, real=0.00 secs] 
2307.730: [GC (Allocation Failure) [PSYoungGen: 62454K->1581K(62976K)] 444511K->383646K(720896K), 0.0018033 secs] [Times: user=0.01 sys=0.00, real=0.00 secs] 
2308.169: [GC (Allocation Failure) [PSYoungGen: 62509K->1549K(62976K)] 444574K->383614K(720896K), 0.0017403 secs] [Times: user=0.01 sys=0.00, real=0.00 secs] 
2308.576: [GC (Allocation Failure) [PSYoungGen: 62477K->1536K(62976K)] 444542K->383601K(720896K), 0.0023396 secs] [Times: user=0.01 sys=0.00, real=0.00 secs] 
2308.833: [GC (Allocation Failure) [PSYoungGen: 62464K->1408K(62976K)] 444529K->383473K(720896K), 0.0020343 secs] [Times: user=0.00 sys=0.00, real=0.00 secs] 
2309.086: [GC (Allocation Failure) [PSYoungGen: 62336K->1408K(62976K)] 444401K->383473K(720896K), 0.0019703 secs] [Times: user=0.01 sys=0.00, real=0.01 secs] 
2309.339: [GC (Allocation Failure) [PSYoungGen: 62336K->1408K(62976K)] 444401K->383473K(720896K), 0.0019641 secs] [Times: user=0.00 sys=0.00, real=0.00 secs] 
2309.592: [GC (Allocation Failure) [PSYoungGen: 62336K->1424K(62976K)] 444401K->383489K(720896K), 0.0021805 secs] [Times: user=0.01 sys=0.00, real=0.00 secs] 
2310.036: [GC (Allocation Failure) [PSYoungGen: 62352K->1549K(62976K)] 444417K->383614K(720896K), 0.0016971 secs] [Times: user=0.00 sys=0.00, real=0.00 secs] 
2310.476: [GC (Allocation Failure) [PSYoungGen: 62477K->1581K(62976K)] 444542K->383646K(720896K), 0.0017944 secs] [Times: user=0.00 sys=0.00, real=0.00 secs] 
2310.840: [GC (Allocation Failure) [PSYoungGen: 62499K->1549K(62976K)] 444564K->383638K(720896K), 0.0018239 secs] [Times: user=0.01 sys=0.00, real=0.00 secs] 
2311.261: [GC (Allocation Failure) [PSYoungGen: 62477K->1565K(62976K)] 444566K->383654K(720896K), 0.0018869 secs] [Times: user=0.01 sys=0.00, real=0.00 secs] 
2311.910: [GC (Allocation Failure) [PSYoungGen: 62493K->1408K(62976K)] 444582K->383497K(720896K), 0.0045334 secs] [Times: user=0.01 sys=0.00, real=0.00 secs] 
2312.249: [GC (Allocation Failure) [PSYoungGen: 62336K->1344K(62976K)] 444425K->383433K(720896K), 0.0020228 secs] [Times: user=0.00 sys=0.00, real=0.00 secs] 
2312.519: [GC (Allocation Failure) [PSYoungGen: 62272K->1408K(62976K)] 444361K->383497K(720896K), 0.0020121 secs] [Times: user=0.01 sys=0.00, real=0.00 secs] 
2312.772: [GC (Allocation Failure) [PSYoungGen: 62336K->1376K(62976K)] 444425K->383465K(720896K), 0.0020145 secs] [Times: user=0.01 sys=0.00, real=0.00 secs] 
2313.107: [GC (Allocation Failure) [PSYoungGen: 62304K->1485K(62976K)] 444393K->383574K(720896K), 0.0019886 secs] [Times: user=0.01 sys=0.00, real=0.00 secs] 
2313.553: [GC (Allocation Failure) [PSYoungGen: 62413K->1517K(62976K)] 444502K->383606K(720896K), 0.0017177 secs] [Times: user=0.01 sys=0.00, real=0.00 secs] 
2313.918: [GC (Allocation Failure) [PSYoungGen: 62445K->1517K(62976K)] 444534K->383614K(720896K), 0.0017599 secs] [Times: user=0.01 sys=0.00, real=0.00 secs] 
2314.282: [GC (Allocation Failure) [PSYoungGen: 62445K->1533K(62976K)] 444542K->383630K(720896K), 0.0017502 secs] [Times: user=0.01 sys=0.00, real=0.00 secs] 
2314.661: [GC (Allocation Failure) [PSYoungGen: 62461K->1776K(62976K)] 444558K->383873K(720896K), 0.0017080 secs] [Times: user=0.01 sys=0.00, real=0.00 secs] 
2314.924: [GC (Allocation Failure) [PSYoungGen: 62704K->1312K(62976K)] 444801K->383409K(720896K), 0.0023978 secs] [Times: user=0.01 sys=0.00, real=0.01 secs] 
2315.174: [GC (Allocation Failure) [PSYoungGen: 62240K->1376K(62976K)] 444337K->383473K(720896K), 0.0020794 secs] [Times: user=0.01 sys=0.00, real=0.01 secs] 
2315.428: [GC (Allocation Failure) [PSYoungGen: 62304K->1408K(62976K)] 444401K->383505K(720896K), 0.0019696 secs] [Times: user=0.01 sys=0.00, real=0.00 secs] 
2315.681: [GC (Allocation Failure) [PSYoungGen: 62336K->1376K(62976K)] 444433K->383473K(720896K), 0.0021518 secs] [Times: user=0.01 sys=0.00, real=0.00 secs] 
2316.032: [GC (Allocation Failure) [PSYoungGen: 62304K->1501K(62976K)] 444401K->383598K(720896K), 0.0015913 secs] [Times: user=0.01 sys=0.00, real=0.00 secs] 
2316.397: [GC (Allocation Failure) [PSYoungGen: 62429K->1517K(62976K)] 444526K->383614K(720896K), 0.0017572 secs] [Times: user=0.00 sys=0.00, real=0.00 secs] 
2316.761: [GC (Allocation Failure) [PSYoungGen: 62445K->1549K(62976K)] 444542K->383654K(720896K), 0.0017365 secs] [Times: user=0.01 sys=0.00, real=0.00 secs] 
2317.126: [GC (Allocation Failure) [PSYoungGen: 62477K->1533K(62976K)] 444582K->383638K(720896K), 0.0016706 secs] [Times: user=0.01 sys=0.00, real=0.00 secs] 
2317.848: [GC (Allocation Failure) [PSYoungGen: 62461K->1504K(62976K)] 444566K->383609K(720896K), 0.0025653 secs] [Times: user=0.01 sys=0.00, real=0.00 secs] 
2318.519: [GC (Allocation Failure) [PSYoungGen: 62432K->1360K(62976K)] 444537K->383465K(720896K), 0.0026508 secs] [Times: user=0.01 sys=0.00, real=0.00 secs] 
2319.148: [GC (Allocation Failure) [PSYoungGen: 62288K->1376K(62976K)] 444393K->383481K(720896K), 0.0028013 secs] [Times: user=0.01 sys=0.00, real=0.00 secs] 
2319.794: [GC (Allocation Failure) [PSYoungGen: 62304K->1376K(62976K)] 444409K->383481K(720896K), 0.0023826 secs] [Times: user=0.01 sys=0.00, real=0.01 secs] 
2320.362: [GC (Allocation Failure) [PSYoungGen: 62304K->1376K(62976K)] 444409K->383481K(720896K), 0.0023723 secs] [Times: user=0.01 sys=0.00, real=0.00 secs] 
2320.792: [GC (Allocation Failure) [PSYoungGen: 62304K->1533K(62976K)] 444409K->383638K(720896K), 0.0017097 secs] [Times: user=0.00 sys=0.00, real=0.00 secs] 
2321.156: [GC (Allocation Failure) [PSYoungGen: 62432K->1584K(62976K)] 444538K->383697K(720896K), 0.0017045 secs] [Times: user=0.01 sys=0.00, real=0.00 secs] 
2321.521: [GC (Allocation Failure) [PSYoungGen: 62512K->1581K(62976K)] 444625K->383694K(720896K), 0.0018572 secs] [Times: user=0.00 sys=0.00, real=0.00 secs] 
2321.887: [GC (Allocation Failure) [PSYoungGen: 62509K->1581K(62976K)] 444622K->383694K(720896K), 0.0017334 secs] [Times: user=0.01 sys=0.00, real=0.00 secs] 
2322.193: [GC (Allocation Failure) [PSYoungGen: 62509K->1440K(62976K)] 444622K->383553K(720896K), 0.0017187 secs] [Times: user=0.01 sys=0.00, real=0.00 secs] 
2322.449: [GC (Allocation Failure) [PSYoungGen: 62368K->1344K(62976K)] 444481K->383473K(720896K), 0.0018242 secs] [Times: user=0.01 sys=0.00, real=0.00 secs] 
2322.703: [GC (Allocation Failure) [PSYoungGen: 62272K->1376K(62976K)] 444401K->383505K(720896K), 0.0017825 secs] [Times: user=0.01 sys=0.00, real=0.00 secs] 
2323.305: [GC (Allocation Failure) [PSYoungGen: 62304K->1408K(62976K)] 444433K->383537K(720896K), 0.0020346 secs] [Times: user=0.01 sys=0.00, real=0.01 secs] 
2323.944: [GC (Allocation Failure) [PSYoungGen: 62336K->1485K(62976K)] 444465K->383614K(720896K), 0.0023152 secs] [Times: user=0.01 sys=0.00, real=0.01 secs] 
2324.350: [GC (Allocation Failure) [PSYoungGen: 62413K->1549K(62976K)] 444542K->383678K(720896K), 0.0015906 secs] [Times: user=0.01 sys=0.00, real=0.00 secs] 
2324.772: [GC (Allocation Failure) [PSYoungGen: 62477K->1581K(62976K)] 444606K->383726K(720896K), 0.0018715 secs] [Times: user=0.01 sys=0.00, real=0.00 secs] 
2325.138: [GC (Allocation Failure) [PSYoungGen: 62509K->1549K(62976K)] 444654K->383694K(720896K), 0.0018976 secs] [Times: user=0.00 sys=0.01, real=0.00 secs] 
2325.495: [GC (Allocation Failure) [PSYoungGen: 62477K->1488K(62976K)] 444622K->383633K(720896K), 0.0020907 secs] [Times: user=0.01 sys=0.00, real=0.01 secs] 
2325.793: [GC (Allocation Failure) [PSYoungGen: 62416K->1440K(62976K)] 444561K->383585K(720896K), 0.0029513 secs] [Times: user=0.01 sys=0.00, real=0.00 secs] 
2326.045: [GC (Allocation Failure) [PSYoungGen: 62368K->1376K(62976K)] 444513K->383521K(720896K), 0.0025729 secs] [Times: user=0.01 sys=0.00, real=0.01 secs] 
2326.299: [GC (Allocation Failure) [PSYoungGen: 62304K->1376K(62976K)] 444449K->383529K(720896K), 0.0021335 secs] [Times: user=0.01 sys=0.00, real=0.00 secs] 
2326.552: [GC (Allocation Failure) [PSYoungGen: 62304K->1408K(62976K)] 444457K->383561K(720896K), 0.0020985 secs] [Times: user=0.01 sys=0.00, real=0.00 secs] 
2327.005: [GC (Allocation Failure) [PSYoungGen: 62330K->1501K(62976K)] 444483K->383654K(720896K), 0.0016178 secs] [Times: user=0.01 sys=0.00, real=0.01 secs] 
2327.371: [GC (Allocation Failure) [PSYoungGen: 62429K->1517K(62976K)] 444582K->383670K(720896K), 0.0017589 secs] [Times: user=0.01 sys=0.00, real=0.00 secs] 
2327.734: [GC (Allocation Failure) [PSYoungGen: 62417K->1549K(62976K)] 444571K->383710K(720896K), 0.0017742 secs] [Times: user=0.01 sys=0.00, real=0.01 secs] 
2328.099: [GC (Allocation Failure) [PSYoungGen: 62477K->1517K(62976K)] 444638K->383678K(720896K), 0.0017854 secs] [Times: user=0.01 sys=0.00, real=0.00 secs] 
2329.180: [GC (Allocation Failure) [PSYoungGen: 62445K->1408K(62976K)] 444606K->383569K(720896K), 0.0050108 secs] [Times: user=0.02 sys=0.00, real=0.00 secs] 
2329.739: [GC (Allocation Failure) [PSYoungGen: 62336K->1376K(62976K)] 444497K->383537K(720896K), 0.0023710 secs] [Times: user=0.00 sys=0.00, real=0.00 secs] 
2329.992: [GC (Allocation Failure) [PSYoungGen: 62304K->1376K(62976K)] 444465K->383537K(720896K), 0.0020462 secs] [Times: user=0.01 sys=0.00, real=0.00 secs] 
2330.245: [GC (Allocation Failure) [PSYoungGen: 62304K->1376K(62976K)] 444465K->383537K(720896K), 0.0019718 secs] [Times: user=0.01 sys=0.00, real=0.01 secs] 
2330.539: [GC (Allocation Failure) [PSYoungGen: 62304K->1408K(62976K)] 444465K->383569K(720896K), 0.0020028 secs] [Times: user=0.01 sys=0.00, real=0.00 secs] 
2330.924: [GC (Allocation Failure) [PSYoungGen: 62336K->1581K(62976K)] 444497K->383742K(720896K), 0.0017283 secs] [Times: user=0.01 sys=0.00, real=0.01 secs] 
2331.290: [GC (Allocation Failure) [PSYoungGen: 62509K->1517K(62976K)] 444670K->383694K(720896K), 0.0017353 secs] [Times: user=0.01 sys=0.00, real=0.00 secs] 
2331.713: [GC (Allocation Failure) [PSYoungGen: 62445K->1565K(62976K)] 444622K->383766K(720896K), 0.0017641 secs] [Times: user=0.00 sys=0.00, real=0.00 secs] 
2332.140: [GC (Allocation Failure) [PSYoungGen: 62493K->1549K(62976K)] 444694K->383750K(720896K), 0.0017307 secs] [Times: user=0.01 sys=0.00, real=0.00 secs] 
2332.467: [GC (Allocation Failure) [PSYoungGen: 62477K->1456K(62976K)] 444678K->383657K(720896K), 0.0026091 secs] [Times: user=0.01 sys=0.00, real=0.00 secs] 
2332.724: [GC (Allocation Failure) [PSYoungGen: 62384K->1360K(62976K)] 444585K->383561K(720896K), 0.0021114 secs] [Times: user=0.01 sys=0.00, real=0.00 secs] 
2332.977: [GC (Allocation Failure) [PSYoungGen: 62288K->1360K(62976K)] 444489K->383561K(720896K), 0.0020745 secs] [Times: user=0.00 sys=0.00, real=0.00 secs] 
2333.275: [GC (Allocation Failure) [PSYoungGen: 62288K->1344K(62976K)] 444489K->383545K(720896K), 0.0020197 secs] [Times: user=0.01 sys=0.00, real=0.01 secs] 
2333.623: [GC (Allocation Failure) [PSYoungGen: 62272K->1437K(62976K)] 444473K->383638K(720896K), 0.0017767 secs] [Times: user=0.01 sys=0.00, real=0.00 secs] 
2333.988: [GC (Allocation Failure) [PSYoungGen: 62345K->1645K(62976K)] 444547K->383846K(720896K), 0.0017648 secs] [Times: user=0.00 sys=0.00, real=0.00 secs] 
2334.355: [GC (Allocation Failure) [PSYoungGen: 62573K->1549K(62976K)] 444774K->383758K(720896K), 0.0017415 secs] [Times: user=0.01 sys=0.00, real=0.01 secs] 
2334.719: [GC (Allocation Failure) [PSYoungGen: 62477K->1565K(62976K)] 444686K->383774K(720896K), 0.0018115 secs] [Times: user=0.01 sys=0.00, real=0.00 secs] 
2335.286: [GC (Allocation Failure) [PSYoungGen: 62493K->1504K(62976K)] 444702K->383713K(720896K), 0.0020238 secs] [Times: user=0.00 sys=0.00, real=0.01 secs] 
2335.540: [GC (Allocation Failure) [PSYoungGen: 62432K->1376K(62976K)] 444641K->383585K(720896K), 0.0020070 secs] [Times: user=0.00 sys=0.00, real=0.00 secs] 
2335.793: [GC (Allocation Failure) [PSYoungGen: 62304K->1376K(62976K)] 444513K->383585K(720896K), 0.0022128 secs] [Times: user=0.01 sys=0.00, real=0.00 secs] 
2336.291: [GC (Allocation Failure) [PSYoungGen: 62304K->1376K(62976K)] 444513K->383585K(720896K), 0.0035979 secs] [Times: user=0.01 sys=0.00, real=0.00 secs] 
2336.799: [GC (Allocation Failure) [PSYoungGen: 62304K->1376K(62976K)] 444513K->383585K(720896K), 0.0021989 secs] [Times: user=0.01 sys=0.00, real=0.00 secs] 
2337.417: [GC (Allocation Failure) [PSYoungGen: 62304K->1549K(62976K)] 444513K->383758K(720896K), 0.0018004 secs] [Times: user=0.01 sys=0.00, real=0.00 secs] 
2337.783: [GC (Allocation Failure) [PSYoungGen: 62477K->1565K(62976K)] 444686K->383774K(720896K), 0.0018388 secs] [Times: user=0.01 sys=0.00, real=0.00 secs] 
2338.147: [GC (Allocation Failure) [PSYoungGen: 62493K->1517K(62976K)] 444702K->383734K(720896K), 0.0018511 secs] [Times: user=0.01 sys=0.00, real=0.00 secs] 
2338.512: [GC (Allocation Failure) [PSYoungGen: 62445K->1549K(62976K)] 444662K->383766K(720896K), 0.0017421 secs] [Times: user=0.00 sys=0.00, real=0.00 secs] 
2338.977: [GC (Allocation Failure) [PSYoungGen: 62477K->1424K(62976K)] 444694K->383641K(720896K), 0.0028890 secs] [Times: user=0.01 sys=0.00, real=0.00 secs] 
2339.408: [GC (Allocation Failure) [PSYoungGen: 62352K->1408K(62976K)] 444569K->383625K(720896K), 0.0028045 secs] [Times: user=0.01 sys=0.00, real=0.00 secs] 
2339.905: [GC (Allocation Failure) [PSYoungGen: 62336K->1376K(62976K)] 444553K->383593K(720896K), 0.0029590 secs] [Times: user=0.01 sys=0.00, real=0.01 secs] 
2340.435: [GC (Allocation Failure) [PSYoungGen: 62304K->1344K(62976K)] 444521K->383561K(720896K), 0.0029633 secs] [Times: user=0.01 sys=0.00, real=0.01 secs] 
2341.090: [GC (Allocation Failure) [PSYoungGen: 62272K->1437K(62976K)] 444489K->383654K(720896K), 0.0025881 secs] [Times: user=0.01 sys=0.00, real=0.00 secs] 
2341.504: [GC (Allocation Failure) [PSYoungGen: 62356K->1613K(62976K)] 444574K->383830K(720896K), 0.0017505 secs] [Times: user=0.01 sys=0.00, real=0.00 secs] 
2341.868: [GC (Allocation Failure) [PSYoungGen: 62541K->1581K(62976K)] 444758K->383822K(720896K), 0.0017535 secs] [Times: user=0.01 sys=0.00, real=0.00 secs] 
2342.233: [GC (Allocation Failure) [PSYoungGen: 62509K->1549K(62976K)] 444750K->383814K(720896K), 0.0016838 secs] [Times: user=0.01 sys=0.00, real=0.00 secs] 
2342.651: [GC (Allocation Failure) [PSYoungGen: 62477K->2000K(62976K)] 444742K->384265K(720896K), 0.0019008 secs] [Times: user=0.00 sys=0.00, real=0.00 secs] 
2342.908: [GC (Allocation Failure) [PSYoungGen: 62928K->1360K(62976K)] 445193K->383625K(720896K), 0.0018371 secs] [Times: user=0.01 sys=0.00, real=0.00 secs] 
2343.161: [GC (Allocation Failure) [PSYoungGen: 62288K->1376K(62976K)] 444553K->383641K(720896K), 0.0018313 secs] [Times: user=0.01 sys=0.00, real=0.00 secs] 
2343.462: [GC (Allocation Failure) [PSYoungGen: 62304K->1376K(62976K)] 444569K->383641K(720896K), 0.0018317 secs] [Times: user=0.01 sys=0.00, real=0.00 secs] 
2344.203: [GC (Allocation Failure) [PSYoungGen: 62304K->1376K(62976K)] 444569K->383641K(720896K), 0.0025693 secs] [Times: user=0.01 sys=0.00, real=0.00 secs] 
2344.726: [GC (Allocation Failure) [PSYoungGen: 62304K->1517K(62976K)] 444569K->383782K(720896K), 0.0016470 secs] [Times: user=0.00 sys=0.00, real=0.01 secs] 
2345.091: [GC (Allocation Failure) [PSYoungGen: 62445K->1549K(62976K)] 444710K->383814K(720896K), 0.0017579 secs] [Times: user=0.01 sys=0.00, real=0.00 secs] 
2345.459: [GC (Allocation Failure) [PSYoungGen: 62477K->1549K(62976K)] 444742K->383822K(720896K), 0.0018085 secs] [Times: user=0.01 sys=0.00, real=0.00 secs] 
2345.827: [GC (Allocation Failure) [PSYoungGen: 62477K->1613K(62976K)] 444750K->383886K(720896K), 0.0017006 secs] [Times: user=0.01 sys=0.00, real=0.00 secs] 
2346.325: [GC (Allocation Failure) [PSYoungGen: 62541K->1472K(62976K)] 444814K->383745K(720896K), 0.0018013 secs] [Times: user=0.00 sys=0.00, real=0.01 secs] 
2346.857: [GC (Allocation Failure) [PSYoungGen: 62400K->1360K(62976K)] 444673K->383633K(720896K), 0.0021605 secs] [Times: user=0.01 sys=0.00, real=0.00 secs] 
2347.373: [GC (Allocation Failure) [PSYoungGen: 62288K->1376K(62976K)] 444561K->383649K(720896K), 0.0024798 secs] [Times: user=0.01 sys=0.00, real=0.00 secs] 
2347.618: [GC (Allocation Failure) [PSYoungGen: 62304K->1408K(62976K)] 444577K->383681K(720896K), 0.0018765 secs] [Times: user=0.01 sys=0.00, real=0.00 secs] 
2347.871: [GC (Allocation Failure) [PSYoungGen: 62336K->1440K(62976K)] 444609K->383713K(720896K), 0.0019803 secs] [Times: user=0.01 sys=0.00, real=0.00 secs] 
2348.272: [GC (Allocation Failure) [PSYoungGen: 62368K->1629K(62976K)] 444641K->383902K(720896K), 0.0017385 secs] [Times: user=0.01 sys=0.00, real=0.00 secs] 
2348.638: [GC (Allocation Failure) [PSYoungGen: 62557K->1565K(62976K)] 444830K->383862K(720896K), 0.0016998 secs] [Times: user=0.01 sys=0.00, real=0.00 secs] 
2349.003: [GC (Allocation Failure) [PSYoungGen: 62493K->1549K(62976K)] 444790K->383846K(720896K), 0.0018233 secs] [Times: user=0.01 sys=0.00, real=0.00 secs] 
2349.369: [GC (Allocation Failure) [PSYoungGen: 62477K->1517K(62976K)] 444774K->383814K(720896K), 0.0017709 secs] [Times: user=0.01 sys=0.00, real=0.00 secs] 
2350.144: [GC (Allocation Failure) [PSYoungGen: 62445K->1440K(62976K)] 444742K->383737K(720896K), 0.0019781 secs] [Times: user=0.01 sys=0.00, real=0.01 secs] 
2350.435: [GC (Allocation Failure) [PSYoungGen: 62368K->1408K(62976K)] 444665K->383705K(720896K), 0.0019607 secs] [Times: user=0.01 sys=0.00, real=0.01 secs] 
2350.689: [GC (Allocation Failure) [PSYoungGen: 62336K->1360K(62976K)] 444633K->383657K(720896K), 0.0022267 secs] [Times: user=0.01 sys=0.00, real=0.00 secs] 
2350.942: [GC (Allocation Failure) [PSYoungGen: 62288K->1376K(62976K)] 444585K->383673K(720896K), 0.0019878 secs] [Times: user=0.01 sys=0.00, real=0.00 secs] 
2351.295: [GC (Allocation Failure) [PSYoungGen: 62304K->1437K(62976K)] 444601K->383734K(720896K), 0.0018028 secs] [Times: user=0.00 sys=0.00, real=0.01 secs] 
2351.660: [GC (Allocation Failure) [PSYoungGen: 62365K->1517K(62976K)] 444662K->383846K(720896K), 0.0017967 secs] [Times: user=0.01 sys=0.00, real=0.00 secs] 
2352.026: [GC (Allocation Failure) [PSYoungGen: 62445K->1613K(62976K)] 444774K->383958K(720896K), 0.0017806 secs] [Times: user=0.01 sys=0.00, real=0.00 secs] 
2352.390: [GC (Allocation Failure) [PSYoungGen: 62541K->1549K(62976K)] 444886K->383894K(720896K), 0.0017036 secs] [Times: user=0.01 sys=0.00, real=0.00 secs] 
2352.875: [GC (Allocation Failure) [PSYoungGen: 62477K->1504K(62976K)] 444822K->383849K(720896K), 0.0018362 secs] [Times: user=0.01 sys=0.00, real=0.01 secs] 
2353.562: [GC (Allocation Failure) [PSYoungGen: 62432K->1376K(62976K)] 444777K->383721K(720896K), 0.0019593 secs] [Times: user=0.01 sys=0.00, real=0.00 secs] 
2354.099: [GC (Allocation Failure) [PSYoungGen: 62304K->1408K(62976K)] 444649K->383753K(720896K), 0.0020335 secs] [Times: user=0.00 sys=0.00, real=0.00 secs] 
2354.525: [GC (Allocation Failure) [PSYoungGen: 62336K->1376K(62976K)] 444681K->383721K(720896K), 0.0020210 secs] [Times: user=0.01 sys=0.00, real=0.01 secs] 
2354.864: [GC (Allocation Failure) [PSYoungGen: 62304K->1344K(62976K)] 444649K->383689K(720896K), 0.0022524 secs] [Times: user=0.01 sys=0.01, real=0.00 secs] 
2355.345: [GC (Allocation Failure) [PSYoungGen: 62272K->1565K(62976K)] 444617K->383910K(720896K), 0.0015559 secs] [Times: user=0.01 sys=0.00, real=0.01 secs] 
2355.714: [GC (Allocation Failure) [PSYoungGen: 62493K->1581K(62976K)] 444838K->383926K(720896K), 0.0017161 secs] [Times: user=0.01 sys=0.00, real=0.00 secs] 
2356.080: [GC (Allocation Failure) [PSYoungGen: 62509K->1533K(62976K)] 444854K->383902K(720896K), 0.0018378 secs] [Times: user=0.01 sys=0.00, real=0.00 secs] 
2356.445: [GC (Allocation Failure) [PSYoungGen: 62461K->1597K(62976K)] 444830K->383966K(720896K), 0.0017444 secs] [Times: user=0.01 sys=0.00, real=0.01 secs] 
2356.790: [GC (Allocation Failure) [PSYoungGen: 62525K->1472K(62976K)] 444894K->383841K(720896K), 0.0020316 secs] [Times: user=0.00 sys=0.00, real=0.00 secs] 
2357.043: [GC (Allocation Failure) [PSYoungGen: 62400K->1424K(62976K)] 444769K->383793K(720896K), 0.0018749 secs] [Times: user=0.01 sys=0.00, real=0.00 secs] 
2357.296: [GC (Allocation Failure) [PSYoungGen: 62352K->1360K(62976K)] 444721K->383729K(720896K), 0.0019625 secs] [Times: user=0.00 sys=0.00, real=0.00 secs] 
2357.550: [GC (Allocation Failure) [PSYoungGen: 62288K->1376K(62976K)] 444657K->383745K(720896K), 0.0020506 secs] [Times: user=0.00 sys=0.00, real=0.00 secs] 
2357.818: [GC (Allocation Failure) [PSYoungGen: 62304K->1453K(62976K)] 444673K->383822K(720896K), 0.0018605 secs] [Times: user=0.01 sys=0.00, real=0.00 secs] 
2358.193: [GC (Allocation Failure) [PSYoungGen: 62381K->1597K(62976K)] 444750K->383966K(720896K), 0.0017626 secs] [Times: user=0.00 sys=0.00, real=0.00 secs] 
2358.559: [GC (Allocation Failure) [PSYoungGen: 62525K->1629K(62976K)] 444894K->384006K(720896K), 0.0017139 secs] [Times: user=0.00 sys=0.00, real=0.00 secs] 
2358.924: [GC (Allocation Failure) [PSYoungGen: 62557K->1581K(62976K)] 444934K->383958K(720896K), 0.0017410 secs] [Times: user=0.01 sys=0.00, real=0.01 secs] 
2359.285: [GC (Allocation Failure) [PSYoungGen: 62425K->352K(62976K)] 444803K->382729K(720896K), 0.0015328 secs] [Times: user=0.01 sys=0.00, real=0.01 secs] 
2359.800: [GC (Allocation Failure) [PSYoungGen: 61280K->1408K(62976K)] 443657K->383785K(720896K), 0.0018580 secs] [Times: user=0.01 sys=0.00, real=0.00 secs] 
2360.306: [GC (Allocation Failure) [PSYoungGen: 62336K->1376K(62976K)] 444713K->383753K(720896K), 0.0041227 secs] [Times: user=0.01 sys=0.00, real=0.00 secs] 
2360.762: [GC (Allocation Failure) [PSYoungGen: 62304K->1408K(62976K)] 444681K->383785K(720896K), 0.0027897 secs] [Times: user=0.01 sys=0.00, real=0.00 secs] 
2361.014: [GC (Allocation Failure) [PSYoungGen: 62336K->1376K(62976K)] 444713K->383769K(720896K), 0.0020427 secs] [Times: user=0.00 sys=0.00, real=0.01 secs] 
2361.342: [GC (Allocation Failure) [PSYoungGen: 62304K->1469K(62976K)] 444697K->383862K(720896K), 0.0015691 secs] [Times: user=0.01 sys=0.00, real=0.00 secs] 
2361.768: [GC (Allocation Failure) [PSYoungGen: 62397K->1517K(62976K)] 444790K->383910K(720896K), 0.0017882 secs] [Times: user=0.01 sys=0.00, real=0.00 secs] 
2362.132: [GC (Allocation Failure) [PSYoungGen: 62445K->1581K(62976K)] 444838K->383982K(720896K), 0.0017017 secs] [Times: user=0.01 sys=0.00, real=0.00 secs] 
2362.559: [GC (Allocation Failure) [PSYoungGen: 62509K->1565K(62976K)] 444910K->383966K(720896K), 0.0017614 secs] [Times: user=0.00 sys=0.00, real=0.00 secs] 
2363.516: [GC (Allocation Failure) [PSYoungGen: 62493K->1408K(62976K)] 444894K->383809K(720896K), 0.0045751 secs] [Times: user=0.02 sys=0.00, real=0.00 secs] 
2364.332: [GC (Allocation Failure) [PSYoungGen: 62336K->1408K(62976K)] 444737K->383809K(720896K), 0.0041654 secs] [Times: user=0.02 sys=0.00, real=0.01 secs] 
2364.802: [GC (Allocation Failure) [PSYoungGen: 62336K->1376K(62976K)] 444737K->383777K(720896K), 0.0024895 secs] [Times: user=0.02 sys=0.00, real=0.00 secs] 
2365.051: [GC (Allocation Failure) [PSYoungGen: 62304K->1344K(62976K)] 444705K->383745K(720896K), 0.0020979 secs] [Times: user=0.01 sys=0.00, real=0.00 secs] 
2365.417: [GC (Allocation Failure) [PSYoungGen: 62272K->1376K(62976K)] 444673K->383777K(720896K), 0.0020372 secs] [Times: user=0.01 sys=0.00, real=0.00 secs] 
2365.838: [GC (Allocation Failure) [PSYoungGen: 62304K->1485K(62976K)] 444705K->383894K(720896K), 0.0017157 secs] [Times: user=0.01 sys=0.00, real=0.00 secs] 
2366.205: [GC (Allocation Failure) [PSYoungGen: 62413K->1584K(62976K)] 444822K->384001K(720896K), 0.0017033 secs] [Times: user=0.01 sys=0.00, real=0.01 secs] 
2366.573: [GC (Allocation Failure) [PSYoungGen: 62512K->1581K(62976K)] 444929K->384006K(720896K), 0.0018286 secs] [Times: user=0.01 sys=0.00, real=0.00 secs] 
2366.939: [GC (Allocation Failure) [PSYoungGen: 62509K->1517K(62976K)] 444934K->383942K(720896K), 0.0017229 secs] [Times: user=0.01 sys=0.00, real=0.00 secs] 
2367.615: [GC (Allocation Failure) [PSYoungGen: 62445K->1424K(62976K)] 444870K->383849K(720896K), 0.0019765 secs] [Times: user=0.01 sys=0.00, real=0.01 secs] 
2367.876: [GC (Allocation Failure) [PSYoungGen: 62352K->1344K(62976K)] 444777K->383769K(720896K), 0.0020245 secs] [Times: user=0.01 sys=0.00, real=0.00 secs] 
2368.313: [GC (Allocation Failure) [PSYoungGen: 62272K->1376K(62976K)] 444697K->383801K(720896K), 0.0022877 secs] [Times: user=0.01 sys=0.00, real=0.00 secs] 
2368.817: [GC (Allocation Failure) [PSYoungGen: 62304K->1408K(62976K)] 444729K->383833K(720896K), 0.0022445 secs] [Times: user=0.01 sys=0.01, real=0.00 secs] 
2369.432: [GC (Allocation Failure) [PSYoungGen: 62336K->1488K(62976K)] 444761K->383913K(720896K), 0.0023846 secs] [Times: user=0.01 sys=0.00, real=0.00 secs] 
2369.819: [GC (Allocation Failure) [PSYoungGen: 62401K->1597K(62976K)] 444827K->384022K(720896K), 0.0018455 secs] [Times: user=0.01 sys=0.00, real=0.00 secs] 
2370.249: [GC (Allocation Failure) [PSYoungGen: 62525K->1549K(62976K)] 444950K->383982K(720896K), 0.0018170 secs] [Times: user=0.01 sys=0.00, real=0.00 secs] 
2370.615: [GC (Allocation Failure) [PSYoungGen: 62477K->1584K(62976K)] 444910K->384017K(720896K), 0.0017560 secs] [Times: user=0.01 sys=0.00, real=0.01 secs] 
2371.335: [GC (Allocation Failure) [PSYoungGen: 62512K->1984K(62976K)] 444945K->384417K(720896K), 0.0052488 secs] [Times: user=0.02 sys=0.00, real=0.01 secs] 
2372.359: [GC (Allocation Failure) [PSYoungGen: 62912K->1408K(62976K)] 445345K->383841K(720896K), 0.0048795 secs] [Times: user=0.02 sys=0.00, real=0.00 secs] 
2373.137: [GC (Allocation Failure) [PSYoungGen: 62336K->1424K(62976K)] 444769K->383857K(720896K), 0.0027761 secs] [Times: user=0.01 sys=0.00, real=0.00 secs] 
2373.880: [GC (Allocation Failure) [PSYoungGen: 62352K->1376K(62976K)] 444785K->383841K(720896K), 0.0029574 secs] [Times: user=0.02 sys=0.00, real=0.00 secs] 
2374.692: [GC (Allocation Failure) [PSYoungGen: 62304K->1408K(62976K)] 444769K->383873K(720896K), 0.0044190 secs] [Times: user=0.02 sys=0.00, real=0.01 secs] 
2375.386: [GC (Allocation Failure) [PSYoungGen: 62336K->1581K(62976K)] 444801K->384046K(720896K), 0.0016195 secs] [Times: user=0.00 sys=0.00, real=0.01 secs] 
2375.753: [GC (Allocation Failure) [PSYoungGen: 62490K->1613K(62976K)] 444955K->384078K(720896K), 0.0017538 secs] [Times: user=0.01 sys=0.00, real=0.00 secs] 
2376.119: [GC (Allocation Failure) [PSYoungGen: 62541K->1581K(62976K)] 445006K->384054K(720896K), 0.0018298 secs] [Times: user=0.01 sys=0.00, real=0.00 secs] 
2376.484: [GC (Allocation Failure) [PSYoungGen: 62509K->1533K(62976K)] 444982K->384006K(720896K), 0.0017956 secs] [Times: user=0.01 sys=0.00, real=0.01 secs] 
2376.997: [GC (Allocation Failure) [PSYoungGen: 62461K->1408K(62976K)] 444934K->383881K(720896K), 0.0021670 secs] [Times: user=0.01 sys=0.00, real=0.00 secs] 
2377.768: [GC (Allocation Failure) [PSYoungGen: 62336K->1376K(62976K)] 444809K->383849K(720896K), 0.0043501 secs] [Times: user=0.02 sys=0.00, real=0.00 secs] 
2378.584: [GC (Allocation Failure) [PSYoungGen: 62304K->1408K(62976K)] 444777K->383881K(720896K), 0.0042386 secs] [Times: user=0.02 sys=0.00, real=0.01 secs] 
2379.356: [GC (Allocation Failure) [PSYoungGen: 62336K->1344K(62976K)] 444809K->383817K(720896K), 0.0028659 secs] [Times: user=0.01 sys=0.00, real=0.01 secs] 
2379.909: [GC (Allocation Failure) [PSYoungGen: 62272K->1376K(62976K)] 444745K->383849K(720896K), 0.0028721 secs] [Times: user=0.02 sys=0.00, real=0.00 secs] 
2380.369: [GC (Allocation Failure) [PSYoungGen: 62304K->1581K(62976K)] 444777K->384054K(720896K), 0.0017668 secs] [Times: user=0.00 sys=0.00, real=0.00 secs] 
2380.733: [GC (Allocation Failure) [PSYoungGen: 62509K->1501K(62976K)] 444982K->383990K(720896K), 0.0018786 secs] [Times: user=0.01 sys=0.00, real=0.00 secs] 
2381.100: [GC (Allocation Failure) [PSYoungGen: 62429K->1629K(62976K)] 444918K->384118K(720896K), 0.0017494 secs] [Times: user=0.00 sys=0.00, real=0.00 secs] 
2381.465: [GC (Allocation Failure) [PSYoungGen: 62557K->1549K(62976K)] 445046K->384038K(720896K), 0.0017193 secs] [Times: user=0.00 sys=0.00, real=0.01 secs] 
2381.752: [GC (Allocation Failure) [PSYoungGen: 62477K->1360K(62976K)] 444966K->383849K(720896K), 0.0019544 secs] [Times: user=0.01 sys=0.00, real=0.00 secs] 
2382.005: [GC (Allocation Failure) [PSYoungGen: 62288K->1376K(62976K)] 444777K->383865K(720896K), 0.0020042 secs] [Times: user=0.01 sys=0.00, real=0.01 secs] 
2382.258: [GC (Allocation Failure) [PSYoungGen: 62304K->1376K(62976K)] 444793K->383865K(720896K), 0.0023005 secs] [Times: user=0.01 sys=0.00, real=0.00 secs] 
2382.512: [GC (Allocation Failure) [PSYoungGen: 62304K->1376K(62976K)] 444793K->383881K(720896K), 0.0025309 secs] [Times: user=0.01 sys=0.00, real=0.00 secs] 
2382.837: [GC (Allocation Failure) [PSYoungGen: 62304K->1472K(62976K)] 444809K->383977K(720896K), 0.0017418 secs] [Times: user=0.01 sys=0.00, real=0.00 secs] 
2383.202: [GC (Allocation Failure) [PSYoungGen: 62385K->1517K(62976K)] 444891K->384022K(720896K), 0.0016754 secs] [Times: user=0.01 sys=0.00, real=0.00 secs] 
2383.569: [GC (Allocation Failure) [PSYoungGen: 62445K->1597K(62976K)] 444950K->384110K(720896K), 0.0019856 secs] [Times: user=0.01 sys=0.00, real=0.00 secs] 
2383.934: [GC (Allocation Failure) [PSYoungGen: 62525K->1581K(62976K)] 445038K->384094K(720896K), 0.0017294 secs] [Times: user=0.00 sys=0.00, real=0.00 secs] 
2384.291: [GC (Allocation Failure) [PSYoungGen: 62509K->1488K(62976K)] 445022K->384001K(720896K), 0.0019023 secs] [Times: user=0.01 sys=0.00, real=0.00 secs] 
2384.561: [GC (Allocation Failure) [PSYoungGen: 62416K->1344K(62976K)] 444929K->383857K(720896K), 0.0021165 secs] [Times: user=0.01 sys=0.00, real=0.00 secs] 
2384.815: [GC (Allocation Failure) [PSYoungGen: 62272K->1344K(62976K)] 444785K->383857K(720896K), 0.0018636 secs] [Times: user=0.01 sys=0.00, real=0.01 secs] 
2385.068: [GC (Allocation Failure) [PSYoungGen: 62272K->1376K(62976K)] 444785K->383889K(720896K), 0.0019507 secs] [Times: user=0.01 sys=0.00, real=0.00 secs] 
2385.321: [GC (Allocation Failure) [PSYoungGen: 62304K->1376K(62976K)] 444817K->383889K(720896K), 0.0019115 secs] [Times: user=0.01 sys=0.00, real=0.00 secs] 
2385.673: [GC (Allocation Failure) [PSYoungGen: 62303K->1517K(62976K)] 444817K->384030K(720896K), 0.0016940 secs] [Times: user=0.01 sys=0.00, real=0.00 secs] 
2386.043: [GC (Allocation Failure) [PSYoungGen: 62445K->1549K(62976K)] 444958K->384062K(720896K), 0.0017165 secs] [Times: user=0.01 sys=0.00, real=0.00 secs] 
2386.473: [GC (Allocation Failure) [PSYoungGen: 62477K->1629K(62976K)] 444990K->384158K(720896K), 0.0017795 secs] [Times: user=0.01 sys=0.00, real=0.00 secs] 
2386.904: [GC (Allocation Failure) [PSYoungGen: 62557K->1581K(62976K)] 445086K->384110K(720896K), 0.0017893 secs] [Times: user=0.01 sys=0.00, real=0.00 secs] 
2387.508: [GC (Allocation Failure) [PSYoungGen: 62509K->1440K(62976K)] 445038K->383977K(720896K), 0.0048850 secs] [Times: user=0.02 sys=0.00, real=0.00 secs] 
2388.175: [GC (Allocation Failure) [PSYoungGen: 62368K->1360K(62976K)] 444905K->383897K(720896K), 0.0028916 secs] [Times: user=0.01 sys=0.00, real=0.01 secs] 
2388.675: [GC (Allocation Failure) [PSYoungGen: 62288K->1344K(62976K)] 444825K->383881K(720896K), 0.0023208 secs] [Times: user=0.01 sys=0.00, real=0.01 secs] 
2389.168: [GC (Allocation Failure) [PSYoungGen: 62272K->1376K(62976K)] 444809K->383913K(720896K), 0.0022760 secs] [Times: user=0.01 sys=0.00, real=0.00 secs] 
2389.578: [GC (Allocation Failure) [PSYoungGen: 62300K->1485K(62976K)] 444837K->384022K(720896K), 0.0018750 secs] [Times: user=0.01 sys=0.00, real=0.00 secs] 
2389.959: [GC (Allocation Failure) [PSYoungGen: 62413K->1549K(62976K)] 444950K->384086K(720896K), 0.0017586 secs] [Times: user=0.01 sys=0.00, real=0.00 secs] 
2390.385: [GC (Allocation Failure) [PSYoungGen: 62477K->1597K(62976K)] 445014K->384150K(720896K), 0.0018255 secs] [Times: user=0.01 sys=0.00, real=0.01 secs] 
2390.810: [GC (Allocation Failure) [PSYoungGen: 62525K->1597K(62976K)] 445078K->384150K(720896K), 0.0017523 secs] [Times: user=0.01 sys=0.00, real=0.00 secs] 
2391.619: [GC (Allocation Failure) [PSYoungGen: 62525K->1616K(62976K)] 445078K->384169K(720896K), 0.0019714 secs] [Times: user=0.01 sys=0.00, real=0.00 secs] 
2393.051: [GC (Allocation Failure) [PSYoungGen: 62544K->1408K(62976K)] 445097K->383961K(720896K), 0.0041895 secs] [Times: user=0.02 sys=0.00, real=0.00 secs] 
2393.608: [GC (Allocation Failure) [PSYoungGen: 62336K->1376K(62976K)] 444889K->383929K(720896K), 0.0027734 secs] [Times: user=0.01 sys=0.00, real=0.00 secs] 
2393.941: [GC (Allocation Failure) [PSYoungGen: 62304K->1376K(62976K)] 444857K->383945K(720896K), 0.0022523 secs] [Times: user=0.01 sys=0.00, real=0.00 secs] 
2394.194: [GC (Allocation Failure) [PSYoungGen: 62304K->1344K(62976K)] 444873K->383913K(720896K), 0.0020008 secs] [Times: user=0.01 sys=0.00, real=0.01 secs] 
2394.584: [GC (Allocation Failure) [PSYoungGen: 62272K->1453K(62976K)] 444841K->384022K(720896K), 0.0017065 secs] [Times: user=0.01 sys=0.00, real=0.00 secs] 
2394.948: [GC (Allocation Failure) [PSYoungGen: 62381K->1597K(62976K)] 444950K->384166K(720896K), 0.0017215 secs] [Times: user=0.01 sys=0.00, real=0.00 secs] 
2395.314: [GC (Allocation Failure) [PSYoungGen: 62525K->1533K(62976K)] 445094K->384118K(720896K), 0.0017488 secs] [Times: user=0.00 sys=0.00, real=0.00 secs] 
2395.681: [GC (Allocation Failure) [PSYoungGen: 62457K->1613K(62976K)] 445043K->384198K(720896K), 0.0017566 secs] [Times: user=0.00 sys=0.00, real=0.00 secs] 
2396.360: [GC (Allocation Failure) [PSYoungGen: 62541K->1488K(62976K)] 445126K->384073K(720896K), 0.0020529 secs] [Times: user=0.01 sys=0.01, real=0.00 secs] 
2397.028: [GC (Allocation Failure) [PSYoungGen: 62416K->1376K(62976K)] 445001K->383961K(720896K), 0.0025703 secs] [Times: user=0.01 sys=0.00, real=0.00 secs] 
2397.476: [GC (Allocation Failure) [PSYoungGen: 62304K->1440K(62976K)] 444889K->384025K(720896K), 0.0025960 secs] [Times: user=0.01 sys=0.00, real=0.01 secs] 
2397.829: [GC (Allocation Failure) [PSYoungGen: 62368K->1424K(62976K)] 444953K->384009K(720896K), 0.0018799 secs] [Times: user=0.01 sys=0.00, real=0.00 secs] 
2398.311: [GC (Allocation Failure) [PSYoungGen: 62352K->1376K(62976K)] 444937K->383961K(720896K), 0.0021478 secs] [Times: user=0.01 sys=0.00, real=0.00 secs] 
2398.813: [GC (Allocation Failure) [PSYoungGen: 62304K->1549K(62976K)] 444889K->384134K(720896K), 0.0017567 secs] [Times: user=0.01 sys=0.00, real=0.00 secs] 
2399.177: [GC (Allocation Failure) [PSYoungGen: 62477K->1533K(62976K)] 445062K->384134K(720896K), 0.0017641 secs] [Times: user=0.01 sys=0.00, real=0.00 secs] 
2399.544: [GC (Allocation Failure) [PSYoungGen: 62461K->1597K(62976K)] 445062K->384198K(720896K), 0.0017238 secs] [Times: user=0.01 sys=0.00, real=0.00 secs] 
2399.909: [GC (Allocation Failure) [PSYoungGen: 62525K->1613K(62976K)] 445126K->384214K(720896K), 0.0017468 secs] [Times: user=0.00 sys=0.00, real=0.00 secs] 
2400.385: [GC (Allocation Failure) [PSYoungGen: 62541K->1408K(62976K)] 445142K->384009K(720896K), 0.0019622 secs] [Times: user=0.01 sys=0.00, real=0.01 secs] 
2400.801: [GC (Allocation Failure) [PSYoungGen: 62336K->1392K(62976K)] 444937K->383993K(720896K), 0.0018592 secs] [Times: user=0.01 sys=0.00, real=0.00 secs] 
2401.338: [GC (Allocation Failure) [PSYoungGen: 62320K->1376K(62976K)] 444921K->383977K(720896K), 0.0024462 secs] [Times: user=0.01 sys=0.00, real=0.00 secs] 
2401.828: [GC (Allocation Failure) [PSYoungGen: 62304K->1376K(62976K)] 444905K->383977K(720896K), 0.0020453 secs] [Times: user=0.01 sys=0.00, real=0.00 secs] 
2402.327: [GC (Allocation Failure) [PSYoungGen: 62301K->1501K(62976K)] 444902K->384102K(720896K), 0.0015752 secs] [Times: user=0.01 sys=0.00, real=0.00 secs] 
2402.693: [GC (Allocation Failure) [PSYoungGen: 62429K->1565K(62976K)] 445030K->384198K(720896K), 0.0016755 secs] [Times: user=0.01 sys=0.00, real=0.00 secs] 
2403.059: [GC (Allocation Failure) [PSYoungGen: 62493K->1517K(62976K)] 445126K->384158K(720896K), 0.0017349 secs] [Times: user=0.00 sys=0.00, real=0.00 secs] 
2403.423: [GC (Allocation Failure) [PSYoungGen: 62445K->1597K(62976K)] 445086K->384238K(720896K), 0.0017664 secs] [Times: user=0.01 sys=0.00, real=0.00 secs] 
2403.928: [GC (Allocation Failure) [PSYoungGen: 62525K->1472K(62976K)] 445166K->384113K(720896K), 0.0020447 secs] [Times: user=0.01 sys=0.00, real=0.00 secs] 
2404.754: [GC (Allocation Failure) [PSYoungGen: 62400K->1376K(62976K)] 445041K->384017K(720896K), 0.0045476 secs] [Times: user=0.02 sys=0.00, real=0.01 secs] 
2405.365: [GC (Allocation Failure) [PSYoungGen: 62304K->1408K(62976K)] 444945K->384049K(720896K), 0.0031897 secs] [Times: user=0.02 sys=0.00, real=0.01 secs] 
2406.045: [GC (Allocation Failure) [PSYoungGen: 62336K->1344K(62976K)] 444977K->383985K(720896K), 0.0027407 secs] [Times: user=0.02 sys=0.00, real=0.01 secs] 
2406.791: [GC (Allocation Failure) [PSYoungGen: 62272K->1376K(62976K)] 444913K->384017K(720896K), 0.0049599 secs] [Times: user=0.02 sys=0.01, real=0.01 secs] 
2407.484: [GC (Allocation Failure) [PSYoungGen: 62304K->1536K(62976K)] 444945K->384177K(720896K), 0.0017387 secs] [Times: user=0.01 sys=0.00, real=0.00 secs] 
2407.849: [GC (Allocation Failure) [PSYoungGen: 62464K->1565K(62976K)] 445105K->384206K(720896K), 0.0017711 secs] [Times: user=0.01 sys=0.00, real=0.00 secs] 
2408.223: [GC (Allocation Failure) [PSYoungGen: 62481K->1549K(62976K)] 445123K->384198K(720896K), 0.0017736 secs] [Times: user=0.00 sys=0.00, real=0.00 secs] 
2408.589: [GC (Allocation Failure) [PSYoungGen: 62477K->1549K(62976K)] 445126K->384198K(720896K), 0.0017215 secs] [Times: user=0.01 sys=0.00, real=0.00 secs] 
2409.163: [GC (Allocation Failure) [PSYoungGen: 62477K->1504K(62976K)] 445126K->384153K(720896K), 0.0023142 secs] [Times: user=0.01 sys=0.00, real=0.00 secs] 
2409.740: [GC (Allocation Failure) [PSYoungGen: 62432K->1344K(62976K)] 445081K->384001K(720896K), 0.0043815 secs] [Times: user=0.02 sys=0.00, real=0.00 secs] 
2410.022: [GC (Allocation Failure) [PSYoungGen: 62272K->1376K(62976K)] 444929K->384033K(720896K), 0.0020505 secs] [Times: user=0.01 sys=0.00, real=0.00 secs] 
2410.533: [GC (Allocation Failure) [PSYoungGen: 62304K->1376K(62976K)] 444961K->384033K(720896K), 0.0021398 secs] [Times: user=0.01 sys=0.00, real=0.00 secs] 
2411.005: [GC (Allocation Failure) [PSYoungGen: 62304K->1376K(62976K)] 444961K->384033K(720896K), 0.0020451 secs] [Times: user=0.00 sys=0.00, real=0.01 secs] 
2411.416: [GC (Allocation Failure) [PSYoungGen: 62304K->1549K(62976K)] 444961K->384206K(720896K), 0.0017965 secs] [Times: user=0.00 sys=0.00, real=0.01 secs] 
2411.780: [GC (Allocation Failure) [PSYoungGen: 62477K->1584K(62976K)] 445134K->384257K(720896K), 0.0018033 secs] [Times: user=0.01 sys=0.00, real=0.00 secs] 
2412.144: [GC (Allocation Failure) [PSYoungGen: 62512K->1549K(62976K)] 445185K->384230K(720896K), 0.0017060 secs] [Times: user=0.01 sys=0.00, real=0.01 secs] 
2412.509: [GC (Allocation Failure) [PSYoungGen: 62477K->1613K(62976K)] 445158K->384294K(720896K), 0.0017928 secs] [Times: user=0.01 sys=0.00, real=0.00 secs] 
2413.114: [GC (Allocation Failure) [PSYoungGen: 62541K->1440K(62976K)] 445222K->384137K(720896K), 0.0019586 secs] [Times: user=0.01 sys=0.00, real=0.00 secs] 
2413.563: [GC (Allocation Failure) [PSYoungGen: 62368K->1376K(62976K)] 445065K->384073K(720896K), 0.0033171 secs] [Times: user=0.02 sys=0.00, real=0.01 secs] 
2413.817: [GC (Allocation Failure) [PSYoungGen: 62304K->1408K(62976K)] 445001K->384105K(720896K), 0.0020859 secs] [Times: user=0.01 sys=0.00, real=0.00 secs] 
2414.119: [GC (Allocation Failure) [PSYoungGen: 62336K->1376K(62976K)] 445033K->384073K(720896K), 0.0020483 secs] [Times: user=0.01 sys=0.00, real=0.00 secs] 
2414.481: [GC (Allocation Failure) [PSYoungGen: 62304K->1469K(62976K)] 445001K->384166K(720896K), 0.0015895 secs] [Times: user=0.01 sys=0.00, real=0.00 secs] 
2414.845: [GC (Allocation Failure) [PSYoungGen: 62389K->1533K(62976K)] 445086K->384230K(720896K), 0.0018231 secs] [Times: user=0.01 sys=0.00, real=0.01 secs] 
2415.211: [GC (Allocation Failure) [PSYoungGen: 62461K->1549K(62976K)] 445158K->384254K(720896K), 0.0017223 secs] [Times: user=0.00 sys=0.00, real=0.00 secs] 
2415.576: [GC (Allocation Failure) [PSYoungGen: 62477K->1597K(62976K)] 445182K->384310K(720896K), 0.0017874 secs] [Times: user=0.01 sys=0.00, real=0.01 secs] 
2416.125: [GC (Allocation Failure) [PSYoungGen: 62525K->1504K(62976K)] 445238K->384217K(720896K), 0.0018886 secs] [Times: user=0.00 sys=0.00, real=0.01 secs] 
2416.782: [GC (Allocation Failure) [PSYoungGen: 62432K->1408K(62976K)] 445145K->384121K(720896K), 0.0042341 secs] [Times: user=0.02 sys=0.00, real=0.01 secs] 
2417.272: [GC (Allocation Failure) [PSYoungGen: 62336K->1376K(62976K)] 445049K->384089K(720896K), 0.0022506 secs] [Times: user=0.01 sys=0.00, real=0.00 secs] 
2417.785: [GC (Allocation Failure) [PSYoungGen: 62304K->1376K(62976K)] 445017K->384089K(720896K), 0.0022704 secs] [Times: user=0.00 sys=0.00, real=0.01 secs] 
2418.294: [GC (Allocation Failure) [PSYoungGen: 62304K->1344K(62976K)] 445017K->384057K(720896K), 0.0027794 secs] [Times: user=0.01 sys=0.00, real=0.01 secs] 
2418.833: [GC (Allocation Failure) [PSYoungGen: 62270K->1549K(62976K)] 444984K->384262K(720896K), 0.0017361 secs] [Times: user=0.01 sys=0.00, real=0.00 secs] 
2419.198: [GC (Allocation Failure) [PSYoungGen: 62477K->1565K(62976K)] 445190K->384278K(720896K), 0.0019307 secs] [Times: user=0.01 sys=0.00, real=0.00 secs] 
2419.563: [GC (Allocation Failure) [PSYoungGen: 62493K->1597K(62976K)] 445206K->384326K(720896K), 0.0017799 secs] [Times: user=0.00 sys=0.00, real=0.00 secs] 
2419.928: [GC (Allocation Failure) [PSYoungGen: 62525K->1549K(62976K)] 445254K->384278K(720896K), 0.0017887 secs] [Times: user=0.01 sys=0.00, real=0.00 secs] 
2420.561: [GC (Allocation Failure) [PSYoungGen: 62477K->1456K(62976K)] 445206K->384185K(720896K), 0.0034862 secs] [Times: user=0.01 sys=0.00, real=0.00 secs] 
2421.150: [GC (Allocation Failure) [PSYoungGen: 62384K->1344K(62976K)] 445113K->384073K(720896K), 0.0028182 secs] [Times: user=0.01 sys=0.00, real=0.00 secs] 
2421.660: [GC (Allocation Failure) [PSYoungGen: 62272K->1376K(62976K)] 445001K->384105K(720896K), 0.0027749 secs] [Times: user=0.01 sys=0.00, real=0.00 secs] 
2422.158: [GC (Allocation Failure) [PSYoungGen: 62304K->1376K(62976K)] 445033K->384105K(720896K), 0.0026137 secs] [Times: user=0.01 sys=0.00, real=0.00 secs] 
2422.765: [GC (Allocation Failure) [PSYoungGen: 62304K->1437K(62976K)] 445033K->384166K(720896K), 0.0023639 secs] [Times: user=0.01 sys=0.00, real=0.01 secs] 
2423.171: [GC (Allocation Failure) [PSYoungGen: 62365K->1565K(62976K)] 445094K->384318K(720896K), 0.0017282 secs] [Times: user=0.01 sys=0.00, real=0.00 secs] 
2423.535: [GC (Allocation Failure) [PSYoungGen: 62493K->1549K(62976K)] 445246K->384326K(720896K), 0.0017168 secs] [Times: user=0.01 sys=0.00, real=0.01 secs] 
2423.901: [GC (Allocation Failure) [PSYoungGen: 62477K->1581K(62976K)] 445254K->384358K(720896K), 0.0018030 secs] [Times: user=0.01 sys=0.00, real=0.00 secs] 
2424.565: [GC (Allocation Failure) [PSYoungGen: 62509K->1648K(62976K)] 445286K->384425K(720896K), 0.0022598 secs] [Times: user=0.01 sys=0.00, real=0.01 secs] 
2425.601: [GC (Allocation Failure) [PSYoungGen: 62576K->1408K(62976K)] 445353K->384193K(720896K), 0.0034102 secs] [Times: user=0.01 sys=0.00, real=0.00 secs] 
2426.136: [GC (Allocation Failure) [PSYoungGen: 62336K->1344K(62976K)] 445121K->384129K(720896K), 0.0027456 secs] [Times: user=0.01 sys=0.00, real=0.01 secs] 
2426.563: [GC (Allocation Failure) [PSYoungGen: 62272K->1392K(62976K)] 445057K->384177K(720896K), 0.0021155 secs] [Times: user=0.01 sys=0.00, real=0.00 secs] 
2426.820: [GC (Allocation Failure) [PSYoungGen: 62320K->1408K(62976K)] 445105K->384193K(720896K), 0.0020349 secs] [Times: user=0.00 sys=0.00, real=0.00 secs] 
2427.238: [GC (Allocation Failure) [PSYoungGen: 62336K->1501K(62976K)] 445121K->384286K(720896K), 0.0015753 secs] [Times: user=0.01 sys=0.00, real=0.00 secs] 
2427.603: [GC (Allocation Failure) [PSYoungGen: 62399K->1533K(62976K)] 445185K->384318K(720896K), 0.0017805 secs] [Times: user=0.01 sys=0.00, real=0.00 secs] 
2427.970: [GC (Allocation Failure) [PSYoungGen: 62461K->1613K(62976K)] 445246K->384406K(720896K), 0.0017563 secs] [Times: user=0.01 sys=0.00, real=0.00 secs] 
2428.336: [GC (Allocation Failure) [PSYoungGen: 62541K->1581K(62976K)] 445334K->384374K(720896K), 0.0017862 secs] [Times: user=0.00 sys=0.00, real=0.01 secs] 
2428.684: [GC (Allocation Failure) [PSYoungGen: 62509K->1488K(62976K)] 445302K->384281K(720896K), 0.0019628 secs] [Times: user=0.01 sys=0.00, real=0.01 secs] 
2428.938: [GC (Allocation Failure) [PSYoungGen: 62416K->1408K(62976K)] 445209K->384201K(720896K), 0.0018973 secs] [Times: user=0.00 sys=0.00, real=0.00 secs] 
2429.191: [GC (Allocation Failure) [PSYoungGen: 62336K->1376K(62976K)] 445129K->384169K(720896K), 0.0018560 secs] [Times: user=0.01 sys=0.00, real=0.00 secs] 
2429.444: [GC (Allocation Failure) [PSYoungGen: 62304K->1408K(62976K)] 445097K->384201K(720896K), 0.0018909 secs] [Times: user=0.01 sys=0.00, real=0.00 secs] 
2429.697: [GC (Allocation Failure) [PSYoungGen: 62336K->1424K(62976K)] 445129K->384217K(720896K), 0.0018524 secs] [Times: user=0.01 sys=0.01, real=0.00 secs] 
2430.065: [GC (Allocation Failure) [PSYoungGen: 62323K->1533K(62976K)] 445117K->384326K(720896K), 0.0017270 secs] [Times: user=0.01 sys=0.00, real=0.01 secs] 
2430.431: [GC (Allocation Failure) [PSYoungGen: 62461K->1517K(62976K)] 445254K->384318K(720896K), 0.0017688 secs] [Times: user=0.01 sys=0.00, real=0.00 secs] 
2430.796: [GC (Allocation Failure) [PSYoungGen: 62445K->1549K(62976K)] 445246K->384374K(720896K), 0.0017206 secs] [Times: user=0.00 sys=0.00, real=0.00 secs] 
2431.164: [GC (Allocation Failure) [PSYoungGen: 62477K->1581K(62976K)] 445302K->384406K(720896K), 0.0017839 secs] [Times: user=0.00 sys=0.00, real=0.00 secs] 
2431.487: [GC (Allocation Failure) [PSYoungGen: 62509K->1376K(62976K)] 445334K->384201K(720896K), 0.0020935 secs] [Times: user=0.01 sys=0.00, real=0.00 secs] 
2431.741: [GC (Allocation Failure) [PSYoungGen: 62304K->1408K(62976K)] 445129K->384233K(720896K), 0.0018450 secs] [Times: user=0.00 sys=0.00, real=0.00 secs] 
2431.994: [GC (Allocation Failure) [PSYoungGen: 62336K->1376K(62976K)] 445161K->384201K(720896K), 0.0018538 secs] [Times: user=0.01 sys=0.01, real=0.00 secs] 
2432.261: [GC (Allocation Failure) [PSYoungGen: 62304K->1408K(62976K)] 445129K->384233K(720896K), 0.0018265 secs] [Times: user=0.01 sys=0.00, real=0.00 secs] 
2432.692: [GC (Allocation Failure) [PSYoungGen: 62336K->1453K(62976K)] 445161K->384278K(720896K), 0.0016176 secs] [Times: user=0.00 sys=0.00, real=0.00 secs] 
2433.111: [GC (Allocation Failure) [PSYoungGen: 62381K->1549K(62976K)] 445206K->384374K(720896K), 0.0017765 secs] [Times: user=0.01 sys=0.00, real=0.00 secs] 
2433.474: [GC (Allocation Failure) [PSYoungGen: 62477K->1597K(62976K)] 445302K->384438K(720896K), 0.0017411 secs] [Times: user=0.00 sys=0.00, real=0.01 secs] 
2433.842: [GC (Allocation Failure) [PSYoungGen: 62525K->1552K(62976K)] 445366K->384393K(720896K), 0.0017453 secs] [Times: user=0.00 sys=0.00, real=0.00 secs] 
2434.236: [GC (Allocation Failure) [PSYoungGen: 62480K->1456K(62976K)] 445321K->384297K(720896K), 0.0020636 secs] [Times: user=0.01 sys=0.00, real=0.01 secs] 
2434.577: [GC (Allocation Failure) [PSYoungGen: 62384K->1376K(62976K)] 445225K->384217K(720896K), 0.0020402 secs] [Times: user=0.01 sys=0.00, real=0.00 secs] 
2435.007: [GC (Allocation Failure) [PSYoungGen: 62304K->1376K(62976K)] 445145K->384217K(720896K), 0.0020631 secs] [Times: user=0.00 sys=0.00, real=0.00 secs] 
2435.428: [GC (Allocation Failure) [PSYoungGen: 62304K->1360K(62976K)] 445145K->384201K(720896K), 0.0018929 secs] [Times: user=0.00 sys=0.00, real=0.00 secs] 
2435.851: [GC (Allocation Failure) [PSYoungGen: 62288K->1376K(62976K)] 445129K->384217K(720896K), 0.0028585 secs] [Times: user=0.01 sys=0.00, real=0.00 secs] 
2436.354: [GC (Allocation Failure) [PSYoungGen: 62286K->1549K(62976K)] 445127K->384390K(720896K), 0.0016181 secs] [Times: user=0.00 sys=0.00, real=0.00 secs] 
2436.719: [GC (Allocation Failure) [PSYoungGen: 62477K->1565K(62976K)] 445318K->384406K(720896K), 0.0017920 secs] [Times: user=0.01 sys=0.00, real=0.00 secs] 
2437.084: [GC (Allocation Failure) [PSYoungGen: 62493K->1549K(62976K)] 445334K->384406K(720896K), 0.0017959 secs] [Times: user=0.00 sys=0.00, real=0.01 secs] 
2437.448: [GC (Allocation Failure) [PSYoungGen: 62477K->1597K(62976K)] 445334K->384454K(720896K), 0.0017924 secs] [Times: user=0.00 sys=0.00, real=0.00 secs] 
2437.986: [GC (Allocation Failure) [PSYoungGen: 62525K->1440K(62976K)] 445382K->384297K(720896K), 0.0020703 secs] [Times: user=0.01 sys=0.00, real=0.00 secs] 
2438.512: [GC (Allocation Failure) [PSYoungGen: 62368K->1376K(62976K)] 445225K->384233K(720896K), 0.0019679 secs] [Times: user=0.01 sys=0.00, real=0.00 secs] 
2439.041: [GC (Allocation Failure) [PSYoungGen: 62304K->1408K(62976K)] 445161K->384273K(720896K), 0.0019673 secs] [Times: user=0.01 sys=0.00, real=0.00 secs] 
2439.697: [GC (Allocation Failure) [PSYoungGen: 62336K->1376K(62976K)] 445201K->384241K(720896K), 0.0022171 secs] [Times: user=0.01 sys=0.00, real=0.00 secs] 
2440.358: [GC (Allocation Failure) [PSYoungGen: 62304K->1408K(62976K)] 445169K->384273K(720896K), 0.0020334 secs] [Times: user=0.01 sys=0.00, real=0.00 secs] 
2440.765: [GC (Allocation Failure) [PSYoungGen: 62336K->1584K(62976K)] 445201K->384449K(720896K), 0.0018074 secs] [Times: user=0.00 sys=0.00, real=0.01 secs] 
2441.133: [GC (Allocation Failure) [PSYoungGen: 62512K->1549K(62976K)] 445377K->384422K(720896K), 0.0017418 secs] [Times: user=0.01 sys=0.00, real=0.00 secs] 
2441.498: [GC (Allocation Failure) [PSYoungGen: 62477K->1565K(62976K)] 445350K->384438K(720896K), 0.0017175 secs] [Times: user=0.01 sys=0.00, real=0.00 secs] 
2441.864: [GC (Allocation Failure) [PSYoungGen: 62493K->1597K(62976K)] 445366K->384470K(720896K), 0.0016935 secs] [Times: user=0.00 sys=0.00, real=0.00 secs] 
2442.134: [GC (Allocation Failure) [PSYoungGen: 62525K->1424K(62976K)] 445398K->384297K(720896K), 0.0015408 secs] [Times: user=0.00 sys=0.00, real=0.00 secs] 
2442.386: [GC (Allocation Failure) [PSYoungGen: 62352K->1408K(62976K)] 445225K->384297K(720896K), 0.0015600 secs] [Times: user=0.01 sys=0.00, real=0.01 secs] 
2442.638: [GC (Allocation Failure) [PSYoungGen: 62336K->1376K(62976K)] 445225K->384265K(720896K), 0.0016679 secs] [Times: user=0.01 sys=0.00, real=0.00 secs] 
2442.891: [GC (Allocation Failure) [PSYoungGen: 62304K->1344K(62976K)] 445193K->384233K(720896K), 0.0022855 secs] [Times: user=0.01 sys=0.00, real=0.00 secs] 
2443.213: [GC (Allocation Failure) [PSYoungGen: 62272K->1437K(62976K)] 445161K->384326K(720896K), 0.0016744 secs] [Times: user=0.01 sys=0.00, real=0.00 secs] 
2443.578: [GC (Allocation Failure) [PSYoungGen: 62352K->1549K(62976K)] 445241K->384438K(720896K), 0.0016903 secs] [Times: user=0.00 sys=0.00, real=0.00 secs] 
2443.945: [GC (Allocation Failure) [PSYoungGen: 62477K->1517K(62976K)] 445366K->384414K(720896K), 0.0017531 secs] [Times: user=0.01 sys=0.00, real=0.01 secs] 
2444.310: [GC (Allocation Failure) [PSYoungGen: 62445K->1533K(62976K)] 445342K->384430K(720896K), 0.0016880 secs] [Times: user=0.01 sys=0.00, real=0.00 secs] 
2445.260: [GC (Allocation Failure) [PSYoungGen: 62461K->1456K(62976K)] 445358K->384353K(720896K), 0.0047348 secs] [Times: user=0.02 sys=0.00, real=0.00 secs] 
2446.587: [GC (Allocation Failure) [PSYoungGen: 62384K->1376K(62976K)] 445281K->384273K(720896K), 0.0028580 secs] [Times: user=0.01 sys=0.00, real=0.00 secs] 
2446.879: [GC (Allocation Failure) [PSYoungGen: 62304K->1344K(62976K)] 445201K->384241K(720896K), 0.0020202 secs] [Times: user=0.01 sys=0.00, real=0.00 secs] 
2447.163: [GC (Allocation Failure) [PSYoungGen: 62272K->1440K(62976K)] 445169K->384337K(720896K), 0.0020308 secs] [Times: user=0.01 sys=0.00, real=0.00 secs] 
2447.417: [GC (Allocation Failure) [PSYoungGen: 62368K->1408K(62976K)] 445265K->384305K(720896K), 0.0020538 secs] [Times: user=0.01 sys=0.00, real=0.00 secs] 
2447.955: [GC (Allocation Failure) [PSYoungGen: 62336K->1517K(62976K)] 445233K->384414K(720896K), 0.0017171 secs] [Times: user=0.01 sys=0.00, real=0.01 secs] 
2448.320: [GC (Allocation Failure) [PSYoungGen: 62426K->1584K(62976K)] 445323K->384481K(720896K), 0.0017871 secs] [Times: user=0.00 sys=0.00, real=0.00 secs] 
2448.686: [GC (Allocation Failure) [PSYoungGen: 62512K->1565K(62976K)] 445409K->384470K(720896K), 0.0017223 secs] [Times: user=0.01 sys=0.00, real=0.00 secs] 
2449.055: [GC (Allocation Failure) [PSYoungGen: 62493K->1581K(62976K)] 445398K->384486K(720896K), 0.0016960 secs] [Times: user=0.01 sys=0.00, real=0.01 secs] 
2449.554: [GC (Allocation Failure) [PSYoungGen: 62509K->1456K(62976K)] 445414K->384361K(720896K), 0.0020821 secs] [Times: user=0.01 sys=0.00, real=0.00 secs] 
2449.807: [GC (Allocation Failure) [PSYoungGen: 62384K->1376K(62976K)] 445289K->384281K(720896K), 0.0020127 secs] [Times: user=0.01 sys=0.00, real=0.00 secs] 
2450.061: [GC (Allocation Failure) [PSYoungGen: 62304K->1376K(62976K)] 445209K->384281K(720896K), 0.0023785 secs] [Times: user=0.01 sys=0.00, real=0.00 secs] 
2450.336: [GC (Allocation Failure) [PSYoungGen: 62304K->1408K(62976K)] 445209K->384313K(720896K), 0.0027771 secs] [Times: user=0.01 sys=0.00, real=0.01 secs] 
2450.659: [GC (Allocation Failure) [PSYoungGen: 62308K->1469K(62976K)] 445213K->384374K(720896K), 0.0020590 secs] [Times: user=0.01 sys=0.00, real=0.00 secs] 
2451.104: [GC (Allocation Failure) [PSYoungGen: 62397K->1584K(62976K)] 445302K->384489K(720896K), 0.0018456 secs] [Times: user=0.01 sys=0.00, real=0.00 secs] 
2451.471: [GC (Allocation Failure) [PSYoungGen: 62512K->1597K(62976K)] 445417K->384518K(720896K), 0.0018191 secs] [Times: user=0.01 sys=0.00, real=0.00 secs] 
2451.894: [GC (Allocation Failure) [PSYoungGen: 62525K->1549K(62976K)] 445446K->384494K(720896K), 0.0017749 secs] [Times: user=0.00 sys=0.00, real=0.00 secs] 
2452.350: [GC (Allocation Failure) [PSYoungGen: 62477K->2000K(62976K)] 445422K->384945K(720896K), 0.0018213 secs] [Times: user=0.01 sys=0.00, real=0.00 secs] 
2453.008: [GC (Allocation Failure) [PSYoungGen: 62928K->1376K(62976K)] 445873K->384321K(720896K), 0.0041019 secs] [Times: user=0.01 sys=0.00, real=0.00 secs] 
2453.634: [GC (Allocation Failure) [PSYoungGen: 62304K->1376K(62976K)] 445249K->384321K(720896K), 0.0032330 secs] [Times: user=0.02 sys=0.00, real=0.01 secs] 
2454.208: [GC (Allocation Failure) [PSYoungGen: 62304K->1376K(62976K)] 445249K->384321K(720896K), 0.0025113 secs] [Times: user=0.01 sys=0.00, real=0.00 secs] 
2454.959: [GC (Allocation Failure) [PSYoungGen: 62304K->1408K(62976K)] 445249K->384353K(720896K), 0.0043599 secs] [Times: user=0.01 sys=0.00, real=0.00 secs] 
2455.532: [GC (Allocation Failure) [PSYoungGen: 62336K->1485K(62976K)] 445281K->384430K(720896K), 0.0015942 secs] [Times: user=0.00 sys=0.00, real=0.00 secs] 
2455.899: [GC (Allocation Failure) [PSYoungGen: 62413K->1517K(62976K)] 445358K->384462K(720896K), 0.0017414 secs] [Times: user=0.01 sys=0.00, real=0.00 secs] 
2456.267: [GC (Allocation Failure) [PSYoungGen: 62445K->1552K(62976K)] 445390K->384513K(720896K), 0.0017226 secs] [Times: user=0.01 sys=0.00, real=0.00 secs] 
2456.693: [GC (Allocation Failure) [PSYoungGen: 62480K->1581K(62976K)] 445441K->384542K(720896K), 0.0017692 secs] [Times: user=0.01 sys=0.00, real=0.00 secs] 
2457.289: [GC (Allocation Failure) [PSYoungGen: 62509K->1488K(62976K)] 445470K->384449K(720896K), 0.0044882 secs] [Times: user=0.02 sys=0.00, real=0.00 secs] 
2457.883: [GC (Allocation Failure) [PSYoungGen: 62416K->1376K(62976K)] 445377K->384337K(720896K), 0.0033424 secs] [Times: user=0.02 sys=0.00, real=0.01 secs] 
2458.463: [GC (Allocation Failure) [PSYoungGen: 62304K->1408K(62976K)] 445265K->384369K(720896K), 0.0033295 secs] [Times: user=0.01 sys=0.00, real=0.01 secs] 
2458.899: [GC (Allocation Failure) [PSYoungGen: 62336K->1424K(62976K)] 445297K->384385K(720896K), 0.0024410 secs] [Times: user=0.01 sys=0.00, real=0.00 secs] 
2459.340: [GC (Allocation Failure) [PSYoungGen: 62352K->1376K(62976K)] 445313K->384337K(720896K), 0.0070959 secs] [Times: user=0.03 sys=0.00, real=0.01 secs] 
2459.804: [GC (Allocation Failure) [PSYoungGen: 62304K->1501K(62976K)] 445265K->384462K(720896K), 0.0017715 secs] [Times: user=0.01 sys=0.00, real=0.00 secs] 
2460.170: [GC (Allocation Failure) [PSYoungGen: 62429K->1581K(62976K)] 445390K->384550K(720896K), 0.0016724 secs] [Times: user=0.00 sys=0.00, real=0.00 secs] 
2460.534: [GC (Allocation Failure) [PSYoungGen: 62509K->1549K(62976K)] 445478K->384518K(720896K), 0.0018360 secs] [Times: user=0.00 sys=0.00, real=0.00 secs] 
2460.900: [GC (Allocation Failure) [PSYoungGen: 62477K->1549K(62976K)] 445446K->384518K(720896K), 0.0017804 secs] [Times: user=0.01 sys=0.00, real=0.00 secs] 
2461.502: [GC (Allocation Failure) [PSYoungGen: 62477K->1440K(62976K)] 445446K->384409K(720896K), 0.0020807 secs] [Times: user=0.00 sys=0.00, real=0.00 secs] 
2462.233: [GC (Allocation Failure) [PSYoungGen: 62368K->1376K(62976K)] 445337K->384345K(720896K), 0.0022666 secs] [Times: user=0.01 sys=0.00, real=0.00 secs] 
2462.749: [GC (Allocation Failure) [PSYoungGen: 62304K->1376K(62976K)] 445273K->384369K(720896K), 0.0022840 secs] [Times: user=0.01 sys=0.00, real=0.00 secs] 
2463.324: [GC (Allocation Failure) [PSYoungGen: 62304K->1408K(62976K)] 445297K->384401K(720896K), 0.0022803 secs] [Times: user=0.01 sys=0.00, real=0.00 secs] 
2463.892: [GC (Allocation Failure) [PSYoungGen: 62336K->1485K(62976K)] 445329K->384478K(720896K), 0.0019457 secs] [Times: user=0.01 sys=0.00, real=0.00 secs] 
2464.259: [GC (Allocation Failure) [PSYoungGen: 62413K->1517K(62976K)] 445406K->384510K(720896K), 0.0017816 secs] [Times: user=0.01 sys=0.00, real=0.00 secs] 
2464.624: [GC (Allocation Failure) [PSYoungGen: 62445K->1581K(62976K)] 445438K->384590K(720896K), 0.0017022 secs] [Times: user=0.01 sys=0.00, real=0.00 secs] 
2464.990: [GC (Allocation Failure) [PSYoungGen: 62509K->1536K(62976K)] 445518K->384545K(720896K), 0.0017668 secs] [Times: user=0.01 sys=0.00, real=0.00 secs] 
2465.656: [GC (Allocation Failure) [PSYoungGen: 62464K->1456K(62976K)] 445473K->384465K(720896K), 0.0028667 secs] [Times: user=0.01 sys=0.00, real=0.01 secs] 
2466.728: [GC (Allocation Failure) [PSYoungGen: 62384K->1440K(62976K)] 445393K->384449K(720896K), 0.0048829 secs] [Times: user=0.02 sys=0.00, real=0.00 secs] 
2467.401: [GC (Allocation Failure) [PSYoungGen: 62368K->1376K(62976K)] 445377K->384385K(720896K), 0.0035052 secs] [Times: user=0.01 sys=0.00, real=0.00 secs] 
2467.903: [GC (Allocation Failure) [PSYoungGen: 62304K->1360K(62976K)] 445313K->384369K(720896K), 0.0034261 secs] [Times: user=0.01 sys=0.00, real=0.00 secs] 
2468.474: [GC (Allocation Failure) [PSYoungGen: 62288K->1344K(62976K)] 445297K->384353K(720896K), 0.0029110 secs] [Times: user=0.02 sys=0.00, real=0.01 secs] 
2469.042: [GC (Allocation Failure) [PSYoungGen: 62272K->1549K(62976K)] 445281K->384558K(720896K), 0.0017259 secs] [Times: user=0.01 sys=0.00, real=0.00 secs] 
2469.407: [GC (Allocation Failure) [PSYoungGen: 62477K->1629K(62976K)] 445486K->384638K(720896K), 0.0016816 secs] [Times: user=0.01 sys=0.00, real=0.00 secs] 
2469.782: [GC (Allocation Failure) [PSYoungGen: 62557K->1565K(62976K)] 445566K->384590K(720896K), 0.0017142 secs] [Times: user=0.01 sys=0.00, real=0.00 secs] 
2470.147: [GC (Allocation Failure) [PSYoungGen: 62493K->1549K(62976K)] 445518K->384574K(720896K), 0.0017999 secs] [Times: user=0.01 sys=0.00, real=0.00 secs] 
2471.182: [GC (Allocation Failure) [PSYoungGen: 62477K->1456K(62976K)] 445502K->384481K(720896K), 0.0037627 secs] [Times: user=0.01 sys=0.00, real=0.01 secs] 
2471.948: [GC (Allocation Failure) [PSYoungGen: 62384K->1376K(62976K)] 445409K->384401K(720896K), 0.0032673 secs] [Times: user=0.01 sys=0.00, real=0.00 secs] 
2472.424: [GC (Allocation Failure) [PSYoungGen: 62304K->1376K(62976K)] 445329K->384401K(720896K), 0.0043776 secs] [Times: user=0.02 sys=0.00, real=0.01 secs] 
2472.979: [GC (Allocation Failure) [PSYoungGen: 62304K->1376K(62976K)] 445329K->384401K(720896K), 0.0029883 secs] [Times: user=0.01 sys=0.00, real=0.00 secs] 
2473.686: [GC (Allocation Failure) [PSYoungGen: 62304K->1376K(62976K)] 445329K->384401K(720896K), 0.0039694 secs] [Times: user=0.01 sys=0.00, real=0.00 secs] 
2474.228: [GC (Allocation Failure) [PSYoungGen: 62304K->1581K(62976K)] 445329K->384606K(720896K), 0.0018325 secs] [Times: user=0.00 sys=0.00, real=0.00 secs] 
2474.592: [GC (Allocation Failure) [PSYoungGen: 62509K->1549K(62976K)] 445534K->384590K(720896K), 0.0018274 secs] [Times: user=0.00 sys=0.00, real=0.00 secs] 
2475.014: [GC (Allocation Failure) [PSYoungGen: 62448K->1552K(62976K)] 445489K->384593K(720896K), 0.0017328 secs] [Times: user=0.00 sys=0.00, real=0.00 secs] 
2475.378: [GC (Allocation Failure) [PSYoungGen: 62480K->1581K(62976K)] 445521K->384622K(720896K), 0.0018122 secs] [Times: user=0.01 sys=0.00, real=0.00 secs] 
2475.984: [GC (Allocation Failure) [PSYoungGen: 62509K->1408K(62976K)] 445550K->384449K(720896K), 0.0024171 secs] [Times: user=0.01 sys=0.00, real=0.01 secs] 
2476.781: [GC (Allocation Failure) [PSYoungGen: 62336K->1376K(62976K)] 445377K->384417K(720896K), 0.0023577 secs] [Times: user=0.01 sys=0.00, real=0.00 secs] 
2477.381: [GC (Allocation Failure) [PSYoungGen: 62304K->1376K(62976K)] 445345K->384417K(720896K), 0.0022736 secs] [Times: user=0.01 sys=0.00, real=0.00 secs] 
2477.966: [GC (Allocation Failure) [PSYoungGen: 62304K->1344K(62976K)] 445345K->384385K(720896K), 0.0022952 secs] [Times: user=0.01 sys=0.00, real=0.00 secs] 
2478.633: [GC (Allocation Failure) [PSYoungGen: 62272K->1504K(62976K)] 445313K->384545K(720896K), 0.0016407 secs] [Times: user=0.00 sys=0.00, real=0.00 secs] 
2478.999: [GC (Allocation Failure) [PSYoungGen: 62412K->1549K(62976K)] 445454K->384590K(720896K), 0.0018348 secs] [Times: user=0.01 sys=0.00, real=0.00 secs] 
2479.367: [GC (Allocation Failure) [PSYoungGen: 62477K->1581K(62976K)] 445518K->384638K(720896K), 0.0017210 secs] [Times: user=0.00 sys=0.00, real=0.00 secs] 
2479.732: [GC (Allocation Failure) [PSYoungGen: 62509K->1613K(62976K)] 445566K->384670K(720896K), 0.0017695 secs] [Times: user=0.00 sys=0.00, real=0.00 secs] 
2480.170: [GC (Allocation Failure) [PSYoungGen: 62541K->1472K(62976K)] 445598K->384529K(720896K), 0.0018810 secs] [Times: user=0.01 sys=0.00, real=0.00 secs] 
2480.681: [GC (Allocation Failure) [PSYoungGen: 62400K->1376K(62976K)] 445457K->384433K(720896K), 0.0019594 secs] [Times: user=0.00 sys=0.00, real=0.00 secs] 
2481.183: [GC (Allocation Failure) [PSYoungGen: 62304K->1376K(62976K)] 445361K->384433K(720896K), 0.0022378 secs] [Times: user=0.01 sys=0.00, real=0.00 secs] 
2481.665: [GC (Allocation Failure) [PSYoungGen: 62304K->1408K(62976K)] 445361K->384465K(720896K), 0.0021343 secs] [Times: user=0.01 sys=0.00, real=0.01 secs] 
2482.170: [GC (Allocation Failure) [PSYoungGen: 62336K->1360K(62976K)] 445393K->384417K(720896K), 0.0021016 secs] [Times: user=0.01 sys=0.00, real=0.00 secs] 
2482.548: [GC (Allocation Failure) [PSYoungGen: 62286K->1485K(62976K)] 445344K->384542K(720896K), 0.0016127 secs] [Times: user=0.00 sys=0.00, real=0.00 secs] 
2482.973: [GC (Allocation Failure) [PSYoungGen: 62413K->1584K(62976K)] 445470K->384641K(720896K), 0.0018505 secs] [Times: user=0.01 sys=0.00, real=0.00 secs] 
2483.336: [GC (Allocation Failure) [PSYoungGen: 62512K->1533K(62976K)] 445569K->384614K(720896K), 0.0018319 secs] [Times: user=0.01 sys=0.00, real=0.00 secs] 
2483.729: [GC (Allocation Failure) [PSYoungGen: 62461K->1581K(62976K)] 445542K->384662K(720896K), 0.0017384 secs] [Times: user=0.01 sys=0.00, real=0.00 secs] 
2484.041: [GC (Allocation Failure) [PSYoungGen: 62509K->1456K(62976K)] 445590K->384537K(720896K), 0.0016916 secs] [Times: user=0.01 sys=0.00, real=0.00 secs] 
2484.294: [GC (Allocation Failure) [PSYoungGen: 62384K->1408K(62976K)] 445465K->384489K(720896K), 0.0015554 secs] [Times: user=0.00 sys=0.00, real=0.00 secs] 
2484.575: [GC (Allocation Failure) [PSYoungGen: 62336K->1344K(62976K)] 445417K->384425K(720896K), 0.0018284 secs] [Times: user=0.00 sys=0.00, real=0.01 secs] 
2485.049: [GC (Allocation Failure) [PSYoungGen: 62272K->1344K(62976K)] 445353K->384425K(720896K), 0.0019302 secs] [Times: user=0.00 sys=0.00, real=0.00 secs] 
2485.586: [GC (Allocation Failure) [PSYoungGen: 62272K->1456K(62976K)] 445353K->384537K(720896K), 0.0020233 secs] [Times: user=0.01 sys=0.00, real=0.00 secs] 
2485.961: [GC (Allocation Failure) [PSYoungGen: 62384K->1597K(62976K)] 445465K->384678K(720896K), 0.0016289 secs] [Times: user=0.01 sys=0.00, real=0.00 secs] 
2486.326: [GC (Allocation Failure) [PSYoungGen: 62525K->1597K(62976K)] 445606K->384694K(720896K), 0.0017278 secs] [Times: user=0.00 sys=0.00, real=0.00 secs] 
2486.752: [GC (Allocation Failure) [PSYoungGen: 62525K->1549K(62976K)] 445622K->384646K(720896K), 0.0018588 secs] [Times: user=0.00 sys=0.00, real=0.00 secs] 
2487.199: [GC (Allocation Failure) [PSYoungGen: 62477K->2032K(62976K)] 445574K->385129K(720896K), 0.0018907 secs] [Times: user=0.00 sys=0.00, real=0.00 secs] 
2487.558: [GC (Allocation Failure) [PSYoungGen: 62960K->1392K(62976K)] 446057K->384489K(720896K), 0.0019143 secs] [Times: user=0.01 sys=0.00, real=0.00 secs] 
2488.070: [GC (Allocation Failure) [PSYoungGen: 62320K->1392K(62976K)] 445417K->384489K(720896K), 0.0019464 secs] [Times: user=0.01 sys=0.00, real=0.00 secs] 
2488.593: [GC (Allocation Failure) [PSYoungGen: 62320K->1376K(62976K)] 445417K->384473K(720896K), 0.0032685 secs] [Times: user=0.02 sys=0.00, real=0.01 secs] 
2489.122: [GC (Allocation Failure) [PSYoungGen: 62304K->1408K(62976K)] 445401K->384505K(720896K), 0.0032662 secs] [Times: user=0.01 sys=0.00, real=0.00 secs] 
2489.723: [GC (Allocation Failure) [PSYoungGen: 62336K->1581K(62976K)] 445433K->384678K(720896K), 0.0016765 secs] [Times: user=0.00 sys=0.00, real=0.00 secs] 
2490.092: [GC (Allocation Failure) [PSYoungGen: 62509K->1565K(62976K)] 445606K->384662K(720896K), 0.0016679 secs] [Times: user=0.00 sys=0.00, real=0.00 secs] 
2490.520: [GC (Allocation Failure) [PSYoungGen: 62493K->1565K(62976K)] 445590K->384678K(720896K), 0.0018376 secs] [Times: user=0.00 sys=0.00, real=0.00 secs] 
2490.887: [GC (Allocation Failure) [PSYoungGen: 62493K->1549K(62976K)] 445606K->384662K(720896K), 0.0018345 secs] [Times: user=0.01 sys=0.00, real=0.00 secs] 
2491.601: [GC (Allocation Failure) [PSYoungGen: 62477K->1456K(62976K)] 445590K->384569K(720896K), 0.0035512 secs] [Times: user=0.02 sys=0.00, real=0.00 secs] 
2492.254: [GC (Allocation Failure) [PSYoungGen: 62384K->1392K(62976K)] 445497K->384505K(720896K), 0.0025741 secs] [Times: user=0.01 sys=0.00, real=0.01 secs] 
2492.726: [GC (Allocation Failure) [PSYoungGen: 62320K->1376K(62976K)] 445433K->384505K(720896K), 0.0025830 secs] [Times: user=0.01 sys=0.00, real=0.01 secs] 
2493.214: [GC (Allocation Failure) [PSYoungGen: 62304K->1360K(62976K)] 445433K->384489K(720896K), 0.0031043 secs] [Times: user=0.02 sys=0.00, real=0.01 secs] 
2493.729: [GC (Allocation Failure) [PSYoungGen: 62288K->1376K(62976K)] 445417K->384505K(720896K), 0.0025618 secs] [Times: user=0.01 sys=0.00, real=0.00 secs] 
2494.186: [GC (Allocation Failure) [PSYoungGen: 62304K->1517K(62976K)] 445433K->384646K(720896K), 0.0017129 secs] [Times: user=0.00 sys=0.00, real=0.01 secs] 
2494.550: [GC (Allocation Failure) [PSYoungGen: 62445K->1533K(62976K)] 445574K->384678K(720896K), 0.0017410 secs] [Times: user=0.01 sys=0.00, real=0.00 secs] 
2494.914: [GC (Allocation Failure) [PSYoungGen: 62461K->1533K(62976K)] 445606K->384678K(720896K), 0.0017147 secs] [Times: user=0.00 sys=0.00, real=0.00 secs] 
2495.282: [GC (Allocation Failure) [PSYoungGen: 62461K->1517K(62976K)] 445606K->384662K(720896K), 0.0017810 secs] [Times: user=0.00 sys=0.00, real=0.00 secs] 
2495.579: [GC (Allocation Failure) [PSYoungGen: 62445K->1440K(62976K)] 445590K->384585K(720896K), 0.0020464 secs] [Times: user=0.01 sys=0.00, real=0.00 secs] 
2495.832: [GC (Allocation Failure) [PSYoungGen: 62368K->1424K(62976K)] 445513K->384569K(720896K), 0.0019297 secs] [Times: user=0.01 sys=0.00, real=0.00 secs] 
2496.086: [GC (Allocation Failure) [PSYoungGen: 62352K->1408K(62976K)] 445497K->384553K(720896K), 0.0019705 secs] [Times: user=0.01 sys=0.00, real=0.01 secs] 
2496.339: [GC (Allocation Failure) [PSYoungGen: 62336K->1376K(62976K)] 445481K->384521K(720896K), 0.0021178 secs] [Times: user=0.01 sys=0.00, real=0.00 secs] 
2496.798: [GC (Allocation Failure) [PSYoungGen: 62304K->1456K(62976K)] 445449K->384601K(720896K), 0.0016999 secs] [Times: user=0.01 sys=0.00, real=0.00 secs] 
2497.223: [GC (Allocation Failure) [PSYoungGen: 62384K->1597K(62976K)] 445529K->384742K(720896K), 0.0017995 secs] [Times: user=0.00 sys=0.00, real=0.00 secs] 
2497.647: [GC (Allocation Failure) [PSYoungGen: 62525K->1613K(62976K)] 445670K->384766K(720896K), 0.0017905 secs] [Times: user=0.01 sys=0.00, real=0.00 secs] 
2498.066: [GC (Allocation Failure) [PSYoungGen: 62541K->1549K(62976K)] 445694K->384702K(720896K), 0.0017060 secs] [Times: user=0.00 sys=0.00, real=0.01 secs] 
2498.596: [GC (Allocation Failure) [PSYoungGen: 62477K->1504K(62976K)] 445630K->384657K(720896K), 0.0020492 secs] [Times: user=0.01 sys=0.00, real=0.01 secs] 
2499.230: [GC (Allocation Failure) [PSYoungGen: 62432K->1408K(62976K)] 445585K->384561K(720896K), 0.0032225 secs] [Times: user=0.01 sys=0.00, real=0.00 secs] 
2499.479: [GC (Allocation Failure) [PSYoungGen: 62336K->1376K(62976K)] 445489K->384529K(720896K), 0.0021303 secs] [Times: user=0.01 sys=0.00, real=0.00 secs] 
2499.732: [GC (Allocation Failure) [PSYoungGen: 62304K->1376K(62976K)] 445457K->384529K(720896K), 0.0021723 secs] [Times: user=0.01 sys=0.00, real=0.00 secs] 
2499.986: [GC (Allocation Failure) [PSYoungGen: 62304K->1344K(62976K)] 445457K->384497K(720896K), 0.0019754 secs] [Times: user=0.01 sys=0.00, real=0.01 secs] 
2500.343: [GC (Allocation Failure) [PSYoungGen: 62272K->1469K(62976K)] 445425K->384622K(720896K), 0.0016211 secs] [Times: user=0.01 sys=0.00, real=0.00 secs] 
2500.714: [GC (Allocation Failure) [PSYoungGen: 62397K->1517K(62976K)] 445550K->384670K(720896K), 0.0017255 secs] [Times: user=0.01 sys=0.00, real=0.00 secs] 
2501.079: [GC (Allocation Failure) [PSYoungGen: 62416K->1549K(62976K)] 445570K->384726K(720896K), 0.0016674 secs] [Times: user=0.01 sys=0.00, real=0.00 secs] 
2501.445: [GC (Allocation Failure) [PSYoungGen: 62477K->1565K(62976K)] 445654K->384742K(720896K), 0.0017897 secs] [Times: user=0.01 sys=0.00, real=0.01 secs] 
2502.578: [GC (Allocation Failure) [PSYoungGen: 62493K->1440K(62976K)] 445670K->384617K(720896K), 0.0041606 secs] [Times: user=0.02 sys=0.00, real=0.00 secs] 
2503.482: [GC (Allocation Failure) [PSYoungGen: 62368K->1376K(62976K)] 445545K->384553K(720896K), 0.0033587 secs] [Times: user=0.02 sys=0.00, real=0.00 secs] 
2503.752: [GC (Allocation Failure) [PSYoungGen: 62304K->1376K(62976K)] 445481K->384553K(720896K), 0.0028253 secs] [Times: user=0.01 sys=0.00, real=0.00 secs] 
2503.999: [GC (Allocation Failure) [PSYoungGen: 62304K->1344K(62976K)] 445481K->384521K(720896K), 0.0018875 secs] [Times: user=0.01 sys=0.00, real=0.00 secs] 
2504.272: [GC (Allocation Failure) [PSYoungGen: 62137K->256K(62976K)] 445314K->383433K(720896K), 0.0019188 secs] [Times: user=0.01 sys=0.00, real=0.00 secs] 
2504.646: [GC (Allocation Failure) [PSYoungGen: 61184K->1549K(62976K)] 444361K->384726K(720896K), 0.0016238 secs] [Times: user=0.01 sys=0.00, real=0.01 secs] 
2505.078: [GC (Allocation Failure) [PSYoungGen: 62477K->1565K(62976K)] 445654K->384750K(720896K), 0.0018743 secs] [Times: user=0.00 sys=0.00, real=0.00 secs] 
2505.506: [GC (Allocation Failure) [PSYoungGen: 62493K->1581K(62976K)] 445678K->384766K(720896K), 0.0018097 secs] [Times: user=0.01 sys=0.00, real=0.01 secs] 
2505.872: [GC (Allocation Failure) [PSYoungGen: 62509K->1565K(62976K)] 445694K->384750K(720896K), 0.0018166 secs] [Times: user=0.00 sys=0.00, real=0.00 secs] 
2506.476: [GC (Allocation Failure) [PSYoungGen: 62493K->1440K(62976K)] 445678K->384625K(720896K), 0.0042462 secs] [Times: user=0.02 sys=0.00, real=0.01 secs] 
2507.048: [GC (Allocation Failure) [PSYoungGen: 62368K->1360K(62976K)] 445553K->384545K(720896K), 0.0027483 secs] [Times: user=0.01 sys=0.00, real=0.00 secs] 
2507.540: [GC (Allocation Failure) [PSYoungGen: 62288K->1376K(62976K)] 445473K->384561K(720896K), 0.0025861 secs] [Times: user=0.01 sys=0.00, real=0.00 secs] 
2508.052: [GC (Allocation Failure) [PSYoungGen: 62304K->1376K(62976K)] 445489K->384561K(720896K), 0.0025316 secs] [Times: user=0.01 sys=0.00, real=0.00 secs] 
2508.533: [GC (Allocation Failure) [PSYoungGen: 62304K->1501K(62976K)] 445489K->384686K(720896K), 0.0016899 secs] [Times: user=0.00 sys=0.00, real=0.00 secs] 
2508.898: [GC (Allocation Failure) [PSYoungGen: 62408K->1517K(62976K)] 445593K->384702K(720896K), 0.0017411 secs] [Times: user=0.00 sys=0.00, real=0.00 secs] 
2509.264: [GC (Allocation Failure) [PSYoungGen: 62445K->1581K(62976K)] 445630K->384774K(720896K), 0.0018023 secs] [Times: user=0.01 sys=0.00, real=0.00 secs] 
2509.629: [GC (Allocation Failure) [PSYoungGen: 62509K->1597K(62976K)] 445702K->384790K(720896K), 0.0017523 secs] [Times: user=0.01 sys=0.00, real=0.00 secs] 
2509.952: [GC (Allocation Failure) [PSYoungGen: 62525K->1504K(62976K)] 445718K->384697K(720896K), 0.0016468 secs] [Times: user=0.00 sys=0.00, real=0.00 secs] 
2510.205: [GC (Allocation Failure) [PSYoungGen: 62432K->1408K(62976K)] 445625K->384601K(720896K), 0.0016059 secs] [Times: user=0.01 sys=0.00, real=0.01 secs] 
2510.457: [GC (Allocation Failure) [PSYoungGen: 62336K->1376K(62976K)] 445529K->384577K(720896K), 0.0021282 secs] [Times: user=0.01 sys=0.00, real=0.00 secs] 
2510.711: [GC (Allocation Failure) [PSYoungGen: 62304K->1408K(62976K)] 445505K->384609K(720896K), 0.0027190 secs] [Times: user=0.01 sys=0.00, real=0.00 secs] 
2510.966: [GC (Allocation Failure) [PSYoungGen: 62336K->1408K(62976K)] 445537K->384609K(720896K), 0.0027580 secs] [Times: user=0.01 sys=0.00, real=0.01 secs] 
2511.359: [GC (Allocation Failure) [PSYoungGen: 62336K->1517K(62976K)] 445537K->384742K(720896K), 0.0017360 secs] [Times: user=0.01 sys=0.00, real=0.00 secs] 
2511.725: [GC (Allocation Failure) [PSYoungGen: 62445K->1581K(62976K)] 445670K->384806K(720896K), 0.0018020 secs] [Times: user=0.01 sys=0.00, real=0.01 secs] 
2512.090: [GC (Allocation Failure) [PSYoungGen: 62509K->1517K(62976K)] 445734K->384758K(720896K), 0.0017568 secs] [Times: user=0.01 sys=0.00, real=0.00 secs] 
2512.454: [GC (Allocation Failure) [PSYoungGen: 62445K->1549K(62976K)] 445686K->384790K(720896K), 0.0018039 secs] [Times: user=0.01 sys=0.00, real=0.00 secs] 
2512.833: [GC (Allocation Failure) [PSYoungGen: 62477K->1408K(62976K)] 445718K->384649K(720896K), 0.0019315 secs] [Times: user=0.01 sys=0.00, real=0.00 secs] 
2513.089: [GC (Allocation Failure) [PSYoungGen: 62336K->1360K(62976K)] 445577K->384601K(720896K), 0.0019332 secs] [Times: user=0.01 sys=0.00, real=0.00 secs] 
2513.343: [GC (Allocation Failure) [PSYoungGen: 62288K->1376K(62976K)] 445529K->384633K(720896K), 0.0019004 secs] [Times: user=0.01 sys=0.00, real=0.00 secs] 
2513.597: [GC (Allocation Failure) [PSYoungGen: 62304K->1376K(62976K)] 445561K->384633K(720896K), 0.0022633 secs] [Times: user=0.01 sys=0.00, real=0.00 secs] 
2513.929: [GC (Allocation Failure) [PSYoungGen: 62304K->1437K(62976K)] 445561K->384694K(720896K), 0.0016008 secs] [Times: user=0.01 sys=0.00, real=0.00 secs] 
2514.355: [GC (Allocation Failure) [PSYoungGen: 62347K->1597K(62976K)] 445605K->384854K(720896K), 0.0017665 secs] [Times: user=0.01 sys=0.00, real=0.01 secs] 
2514.778: [GC (Allocation Failure) [PSYoungGen: 62525K->1549K(62976K)] 445782K->384814K(720896K), 0.0017654 secs] [Times: user=0.00 sys=0.00, real=0.00 secs] 
2515.146: [GC (Allocation Failure) [PSYoungGen: 62477K->1581K(62976K)] 445742K->384846K(720896K), 0.0018955 secs] [Times: user=0.01 sys=0.00, real=0.00 secs] 
2515.603: [GC (Allocation Failure) [PSYoungGen: 62509K->2016K(62976K)] 445774K->385793K(720896K), 0.0021146 secs] [Times: user=0.01 sys=0.00, real=0.00 secs] 
2515.901: [GC (Allocation Failure) [PSYoungGen: 62944K->1424K(62976K)] 446721K->385201K(720896K), 0.0023748 secs] [Times: user=0.01 sys=0.00, real=0.00 secs] 
2516.151: [GC (Allocation Failure) [PSYoungGen: 62352K->1376K(62976K)] 446129K->385153K(720896K), 0.0020396 secs] [Times: user=0.01 sys=0.00, real=0.00 secs] 
2516.404: [GC (Allocation Failure) [PSYoungGen: 62304K->1408K(62976K)] 446081K->385185K(720896K), 0.0020817 secs] [Times: user=0.01 sys=0.00, real=0.01 secs] 
2516.658: [GC (Allocation Failure) [PSYoungGen: 62336K->1408K(62976K)] 446113K->385185K(720896K), 0.0028028 secs] [Times: user=0.01 sys=0.00, real=0.00 secs] 
2517.130: [GC (Allocation Failure) [PSYoungGen: 62336K->1581K(62976K)] 446113K->385358K(720896K), 0.0017720 secs] [Times: user=0.00 sys=0.00, real=0.00 secs] 
2517.527: [GC (Allocation Failure) [PSYoungGen: 62509K->1597K(62976K)] 446286K->385374K(720896K), 0.0018875 secs] [Times: user=0.01 sys=0.00, real=0.00 secs] 
2517.893: [GC (Allocation Failure) [PSYoungGen: 62525K->1549K(62976K)] 446302K->385334K(720896K), 0.0018396 secs] [Times: user=0.01 sys=0.00, real=0.00 secs] 
2518.257: [GC (Allocation Failure) [PSYoungGen: 62477K->1565K(62976K)] 446262K->385350K(720896K), 0.0017830 secs] [Times: user=0.00 sys=0.00, real=0.00 secs] 
2518.755: [GC (Allocation Failure) [PSYoungGen: 62493K->1408K(62976K)] 446278K->385193K(720896K), 0.0042215 secs] [Times: user=0.01 sys=0.00, real=0.01 secs] 
2519.174: [GC (Allocation Failure) [PSYoungGen: 62336K->1376K(62976K)] 446121K->385161K(720896K), 0.0028124 secs] [Times: user=0.01 sys=0.00, real=0.01 secs] 
2519.683: [GC (Allocation Failure) [PSYoungGen: 62304K->1344K(62976K)] 446089K->385137K(720896K), 0.0024472 secs] [Times: user=0.01 sys=0.00, real=0.00 secs] 
2520.214: [GC (Allocation Failure) [PSYoungGen: 62272K->1376K(62976K)] 446065K->385169K(720896K), 0.0023204 secs] [Times: user=0.01 sys=0.00, real=0.01 secs] 
2520.788: [GC (Allocation Failure) [PSYoungGen: 62304K->1312K(62976K)] 446097K->385105K(720896K), 0.0078461 secs] [Times: user=0.02 sys=0.01, real=0.00 secs] 
2521.286: [GC (Allocation Failure) [PSYoungGen: 62240K->1517K(62976K)] 446033K->385310K(720896K), 0.0017810 secs] [Times: user=0.00 sys=0.00, real=0.01 secs] 
2521.654: [GC (Allocation Failure) [PSYoungGen: 62445K->1581K(62976K)] 446238K->385414K(720896K), 0.0017170 secs] [Times: user=0.01 sys=0.00, real=0.00 secs] 
2522.020: [GC (Allocation Failure) [PSYoungGen: 62509K->1565K(62976K)] 446342K->385398K(720896K), 0.0017780 secs] [Times: user=0.01 sys=0.00, real=0.00 secs] 
2522.384: [GC (Allocation Failure) [PSYoungGen: 62493K->1565K(62976K)] 446326K->385398K(720896K), 0.0017229 secs] [Times: user=0.01 sys=0.00, real=0.01 secs] 
2522.708: [GC (Allocation Failure) [PSYoungGen: 62493K->1456K(62976K)] 446326K->385289K(720896K), 0.0019635 secs] [Times: user=0.01 sys=0.00, real=0.00 secs] 
2522.961: [GC (Allocation Failure) [PSYoungGen: 62384K->1344K(62976K)] 446217K->385177K(720896K), 0.0019820 secs] [Times: user=0.01 sys=0.00, real=0.00 secs] 
2523.219: [GC (Allocation Failure) [PSYoungGen: 62272K->1408K(62976K)] 446105K->385241K(720896K), 0.0019484 secs] [Times: user=0.01 sys=0.00, real=0.00 secs] 
2523.544: [GC (Allocation Failure) [PSYoungGen: 62336K->1360K(62976K)] 446169K->385193K(720896K), 0.0020553 secs] [Times: user=0.00 sys=0.01, real=0.00 secs] 
2523.882: [GC (Allocation Failure) [PSYoungGen: 62288K->1437K(62976K)] 446121K->385270K(720896K), 0.0015629 secs] [Times: user=0.01 sys=0.00, real=0.00 secs] 
2524.247: [GC (Allocation Failure) [PSYoungGen: 62365K->1613K(62976K)] 446198K->385446K(720896K), 0.0019271 secs] [Times: user=0.00 sys=0.00, real=0.00 secs] 
2524.612: [GC (Allocation Failure) [PSYoungGen: 62541K->1597K(62976K)] 446374K->385438K(720896K), 0.0017235 secs] [Times: user=0.01 sys=0.00, real=0.00 secs] 
2524.977: [GC (Allocation Failure) [PSYoungGen: 62525K->1613K(62976K)] 446366K->385454K(720896K), 0.0018065 secs] [Times: user=0.00 sys=0.00, real=0.00 secs] 
2525.362: [GC (Allocation Failure) [PSYoungGen: 62541K->1472K(62976K)] 446382K->385313K(720896K), 0.0020014 secs] [Times: user=0.01 sys=0.00, real=0.00 secs] 
2525.621: [GC (Allocation Failure) [PSYoungGen: 62400K->1376K(62976K)] 446241K->385217K(720896K), 0.0025348 secs] [Times: user=0.01 sys=0.00, real=0.00 secs] 
2525.875: [GC (Allocation Failure) [PSYoungGen: 62304K->1376K(62976K)] 446145K->385217K(720896K), 0.0019405 secs] [Times: user=0.00 sys=0.00, real=0.01 secs] 
2526.128: [GC (Allocation Failure) [PSYoungGen: 62304K->1408K(62976K)] 446145K->385249K(720896K), 0.0019530 secs] [Times: user=0.00 sys=0.00, real=0.00 secs] 
2526.381: [GC (Allocation Failure) [PSYoungGen: 62336K->1408K(62976K)] 446177K->385249K(720896K), 0.0019778 secs] [Times: user=0.01 sys=0.00, real=0.00 secs] 
2526.740: [GC (Allocation Failure) [PSYoungGen: 62331K->1469K(62976K)] 446173K->385318K(720896K), 0.0017465 secs] [Times: user=0.01 sys=0.00, real=0.00 secs] 
2527.108: [GC (Allocation Failure) [PSYoungGen: 62397K->1549K(62976K)] 446246K->385398K(720896K), 0.0017532 secs] [Times: user=0.01 sys=0.01, real=0.00 secs] 
2527.475: [GC (Allocation Failure) [PSYoungGen: 62477K->1581K(62976K)] 446326K->385438K(720896K), 0.0017319 secs] [Times: user=0.01 sys=0.00, real=0.01 secs] 
2527.840: [GC (Allocation Failure) [PSYoungGen: 62509K->1581K(62976K)] 446366K->385438K(720896K), 0.0017775 secs] [Times: user=0.01 sys=0.00, real=0.00 secs] 
2528.302: [GC (Allocation Failure) [PSYoungGen: 62509K->1408K(62976K)] 446366K->385265K(720896K), 0.0018241 secs] [Times: user=0.01 sys=0.00, real=0.00 secs] 
2528.660: [GC (Allocation Failure) [PSYoungGen: 62336K->1408K(62976K)] 446193K->385265K(720896K), 0.0022936 secs] [Times: user=0.01 sys=0.00, real=0.00 secs] 
2528.944: [GC (Allocation Failure) [PSYoungGen: 62336K->1376K(62976K)] 446193K->385233K(720896K), 0.0023256 secs] [Times: user=0.01 sys=0.00, real=0.01 secs] 
2529.220: [GC (Allocation Failure) [PSYoungGen: 62304K->1360K(62976K)] 446161K->385217K(720896K), 0.0022333 secs] [Times: user=0.01 sys=0.00, real=0.00 secs] 
2529.562: [GC (Allocation Failure) [PSYoungGen: 62288K->1501K(62976K)] 446145K->385366K(720896K), 0.0020439 secs] [Times: user=0.01 sys=0.00, real=0.00 secs] 
2530.014: [GC (Allocation Failure) [PSYoungGen: 62429K->1584K(62976K)] 446294K->385449K(720896K), 0.0017645 secs] [Times: user=0.01 sys=0.00, real=0.01 secs] 
2530.448: [GC (Allocation Failure) [PSYoungGen: 62512K->1581K(62976K)] 446377K->385454K(720896K), 0.0017919 secs] [Times: user=0.01 sys=0.00, real=0.00 secs] 
2530.814: [GC (Allocation Failure) [PSYoungGen: 62509K->1597K(62976K)] 446382K->385494K(720896K), 0.0018543 secs] [Times: user=0.01 sys=0.00, real=0.00 secs] 
2531.273: [GC (Allocation Failure) [PSYoungGen: 62525K->2016K(62976K)] 446422K->385985K(720896K), 0.0035737 secs] [Times: user=0.01 sys=0.00, real=0.01 secs] 
2531.943: [GC (Allocation Failure) [PSYoungGen: 62944K->1456K(62976K)] 446913K->385425K(720896K), 0.0034511 secs] [Times: user=0.02 sys=0.01, real=0.01 secs] 
2532.484: [GC (Allocation Failure) [PSYoungGen: 62384K->1392K(62976K)] 446353K->385361K(720896K), 0.0030309 secs] [Times: user=0.01 sys=0.00, real=0.01 secs] 
2533.135: [GC (Allocation Failure) [PSYoungGen: 62320K->1376K(62976K)] 446289K->385345K(720896K), 0.0032276 secs] [Times: user=0.02 sys=0.00, real=0.01 secs] 
2533.921: [GC (Allocation Failure) [PSYoungGen: 62304K->1408K(62976K)] 446273K->385377K(720896K), 0.0026056 secs] [Times: user=0.01 sys=0.00, real=0.00 secs] 
2534.470: [GC (Allocation Failure) [PSYoungGen: 62336K->1453K(62976K)] 446305K->385422K(720896K), 0.0016447 secs] [Times: user=0.01 sys=0.00, real=0.00 secs] 
2534.835: [GC (Allocation Failure) [PSYoungGen: 62381K->1565K(62976K)] 446350K->385534K(720896K), 0.0018239 secs] [Times: user=0.01 sys=0.00, real=0.01 secs] 
2535.199: [GC (Allocation Failure) [PSYoungGen: 62493K->1565K(62976K)] 446462K->385550K(720896K), 0.0016848 secs] [Times: user=0.01 sys=0.00, real=0.00 secs] 
2535.567: [GC (Allocation Failure) [PSYoungGen: 62493K->1581K(62976K)] 446478K->385566K(720896K), 0.0017369 secs] [Times: user=0.01 sys=0.00, real=0.00 secs] 
2536.150: [GC (Allocation Failure) [PSYoungGen: 62509K->1472K(62976K)] 446494K->385457K(720896K), 0.0026950 secs] [Times: user=0.02 sys=0.00, real=0.00 secs] 
2536.657: [GC (Allocation Failure) [PSYoungGen: 62400K->1376K(62976K)] 446385K->385361K(720896K), 0.0025704 secs] [Times: user=0.01 sys=0.00, real=0.00 secs] 
2537.183: [GC (Allocation Failure) [PSYoungGen: 62304K->1376K(62976K)] 446289K->385369K(720896K), 0.0025597 secs] [Times: user=0.01 sys=0.00, real=0.00 secs] 
2537.687: [GC (Allocation Failure) [PSYoungGen: 62304K->1376K(62976K)] 446297K->385369K(720896K), 0.0022322 secs] [Times: user=0.01 sys=0.01, real=0.00 secs] 
2537.945: [GC (Allocation Failure) [PSYoungGen: 62304K->1392K(62976K)] 446297K->385385K(720896K), 0.0020150 secs] [Times: user=0.01 sys=0.00, real=0.01 secs] 
2538.340: [GC (Allocation Failure) [PSYoungGen: 62320K->1549K(62976K)] 446313K->385542K(720896K), 0.0017461 secs] [Times: user=0.00 sys=0.00, real=0.00 secs] 
2538.705: [GC (Allocation Failure) [PSYoungGen: 62477K->1533K(62976K)] 446470K->385542K(720896K), 0.0018100 secs] [Times: user=0.01 sys=0.00, real=0.01 secs] 
2539.071: [GC (Allocation Failure) [PSYoungGen: 62461K->1568K(62976K)] 446470K->385577K(720896K), 0.0017649 secs] [Times: user=0.00 sys=0.00, real=0.00 secs] 
2539.436: [GC (Allocation Failure) [PSYoungGen: 62496K->1517K(62976K)] 446505K->385526K(720896K), 0.0017818 secs] [Times: user=0.01 sys=0.01, real=0.01 secs] 
2539.776: [GC (Allocation Failure) [PSYoungGen: 62445K->1392K(62976K)] 446454K->385401K(720896K), 0.0016817 secs] [Times: user=0.01 sys=0.00, real=0.00 secs] 
2540.071: [GC (Allocation Failure) [PSYoungGen: 62320K->1376K(62976K)] 446329K->385385K(720896K), 0.0018213 secs] [Times: user=0.01 sys=0.00, real=0.00 secs] 
2540.324: [GC (Allocation Failure) [PSYoungGen: 62304K->1408K(62976K)] 446313K->385417K(720896K), 0.0018381 secs] [Times: user=0.01 sys=0.00, real=0.00 secs] 
2540.581: [GC (Allocation Failure) [PSYoungGen: 62336K->1376K(62976K)] 446345K->385385K(720896K), 0.0018731 secs] [Times: user=0.01 sys=0.00, real=0.00 secs] 
2540.975: [GC (Allocation Failure) [PSYoungGen: 62304K->1453K(62976K)] 446313K->385462K(720896K), 0.0015690 secs] [Times: user=0.00 sys=0.00, real=0.01 secs] 
2541.345: [GC (Allocation Failure) [PSYoungGen: 62381K->1565K(62976K)] 446390K->385598K(720896K), 0.0016620 secs] [Times: user=0.00 sys=0.00, real=0.01 secs] 
2541.715: [GC (Allocation Failure) [PSYoungGen: 62493K->1565K(62976K)] 446526K->385606K(720896K), 0.0016993 secs] [Times: user=0.01 sys=0.00, real=0.01 secs] 
2542.084: [GC (Allocation Failure) [PSYoungGen: 62493K->1549K(62976K)] 446534K->385590K(720896K), 0.0017611 secs] [Times: user=0.00 sys=0.00, real=0.00 secs] 
2542.437: [GC (Allocation Failure) [PSYoungGen: 62477K->1440K(62976K)] 446518K->385481K(720896K), 0.0018929 secs] [Times: user=0.00 sys=0.01, real=0.00 secs] 
2542.753: [GC (Allocation Failure) [PSYoungGen: 62368K->1408K(62976K)] 446409K->385449K(720896K), 0.0018092 secs] [Times: user=0.01 sys=0.00, real=0.00 secs] 
2543.214: [GC (Allocation Failure) [PSYoungGen: 62336K->1376K(62976K)] 446377K->385417K(720896K), 0.0039842 secs] [Times: user=0.01 sys=0.00, real=0.01 secs] 
2543.743: [GC (Allocation Failure) [PSYoungGen: 62304K->1408K(62976K)] 446345K->385449K(720896K), 0.0033472 secs] [Times: user=0.01 sys=0.00, real=0.01 secs] 
2544.231: [GC (Allocation Failure) [PSYoungGen: 62336K->1408K(62976K)] 446377K->385449K(720896K), 0.0024163 secs] [Times: user=0.01 sys=0.00, real=0.00 secs] 
2544.814: [GC (Allocation Failure) [PSYoungGen: 62336K->1533K(62976K)] 446377K->385574K(720896K), 0.0018494 secs] [Times: user=0.01 sys=0.00, real=0.00 secs] 
2545.179: [GC (Allocation Failure) [PSYoungGen: 62461K->1549K(62976K)] 446502K->385590K(720896K), 0.0017578 secs] [Times: user=0.00 sys=0.00, real=0.00 secs] 
2545.545: [GC (Allocation Failure) [PSYoungGen: 62477K->1565K(62976K)] 446518K->385614K(720896K), 0.0017837 secs] [Times: user=0.01 sys=0.00, real=0.01 secs] 
2545.911: [GC (Allocation Failure) [PSYoungGen: 62493K->1552K(62976K)] 446542K->385601K(720896K), 0.0017537 secs] [Times: user=0.01 sys=0.00, real=0.00 secs] 
2546.226: [GC (Allocation Failure) [PSYoungGen: 62480K->1408K(62976K)] 446529K->385457K(720896K), 0.0017562 secs] [Times: user=0.00 sys=0.00, real=0.01 secs] 
2546.479: [GC (Allocation Failure) [PSYoungGen: 62336K->1376K(62976K)] 446385K->385425K(720896K), 0.0016247 secs] [Times: user=0.00 sys=0.00, real=0.00 secs] 
2546.731: [GC (Allocation Failure) [PSYoungGen: 62304K->1376K(62976K)] 446353K->385425K(720896K), 0.0015784 secs] [Times: user=0.01 sys=0.00, real=0.00 secs] 
2547.048: [GC (Allocation Failure) [PSYoungGen: 62304K->1344K(62976K)] 446353K->385393K(720896K), 0.0022512 secs] [Times: user=0.00 sys=0.00, real=0.00 secs] 
2547.301: [GC (Allocation Failure) [PSYoungGen: 62272K->1360K(62976K)] 446321K->385409K(720896K), 0.0021229 secs] [Times: user=0.01 sys=0.00, real=0.00 secs] 
2547.695: [GC (Allocation Failure) [PSYoungGen: 62262K->1565K(62976K)] 446311K->385614K(720896K), 0.0017054 secs] [Times: user=0.00 sys=0.00, real=0.01 secs] 
2548.061: [GC (Allocation Failure) [PSYoungGen: 62493K->1549K(62976K)] 446542K->385606K(720896K), 0.0017952 secs] [Times: user=0.01 sys=0.00, real=0.00 secs] 
2548.426: [GC (Allocation Failure) [PSYoungGen: 62477K->1533K(62976K)] 446534K->385590K(720896K), 0.0017249 secs] [Times: user=0.01 sys=0.00, real=0.01 secs] 
2548.791: [GC (Allocation Failure) [PSYoungGen: 62461K->1549K(62976K)] 446518K->385606K(720896K), 0.0018006 secs] [Times: user=0.01 sys=0.00, real=0.00 secs] 
2549.054: [GC (Allocation Failure) [PSYoungGen: 62477K->1408K(62976K)] 446534K->385465K(720896K), 0.0015865 secs] [Times: user=0.00 sys=0.00, real=0.01 secs] 
2549.308: [GC (Allocation Failure) [PSYoungGen: 62336K->1376K(62976K)] 446393K->385433K(720896K), 0.0015991 secs] [Times: user=0.01 sys=0.00, real=0.00 secs] 
2549.560: [GC (Allocation Failure) [PSYoungGen: 62304K->1376K(62976K)] 446361K->385433K(720896K), 0.0016424 secs] [Times: user=0.01 sys=0.00, real=0.00 secs] 
2549.894: [GC (Allocation Failure) [PSYoungGen: 62304K->1408K(62976K)] 446361K->385465K(720896K), 0.0017469 secs] [Times: user=0.01 sys=0.00, real=0.00 secs] 
2550.365: [GC (Allocation Failure) [PSYoungGen: 62336K->1485K(62976K)] 446393K->385566K(720896K), 0.0016631 secs] [Times: user=0.01 sys=0.00, real=0.01 secs] 
2550.730: [GC (Allocation Failure) [PSYoungGen: 62392K->1533K(62976K)] 446473K->385614K(720896K), 0.0017412 secs] [Times: user=0.00 sys=0.00, real=0.00 secs] 
2551.126: [GC (Allocation Failure) [PSYoungGen: 62461K->1581K(62976K)] 446542K->385678K(720896K), 0.0019819 secs] [Times: user=0.01 sys=0.00, real=0.00 secs] 
2551.549: [GC (Allocation Failure) [PSYoungGen: 62509K->1565K(62976K)] 446606K->385662K(720896K), 0.0021557 secs] [Times: user=0.01 sys=0.00, real=0.00 secs] 
2552.028: [GC (Allocation Failure) [PSYoungGen: 62493K->1440K(62976K)] 446590K->385537K(720896K), 0.0021652 secs] [Times: user=0.01 sys=0.00, real=0.00 secs] 
2552.385: [GC (Allocation Failure) [PSYoungGen: 62368K->1344K(62976K)] 446465K->385441K(720896K), 0.0024225 secs] [Times: user=0.01 sys=0.00, real=0.01 secs] 
2552.638: [GC (Allocation Failure) [PSYoungGen: 62272K->1344K(62976K)] 446369K->385441K(720896K), 0.0019075 secs] [Times: user=0.01 sys=0.00, real=0.00 secs] 
2552.891: [GC (Allocation Failure) [PSYoungGen: 62272K->1424K(62976K)] 446369K->385521K(720896K), 0.0020327 secs] [Times: user=0.01 sys=0.00, real=0.00 secs] 
2553.144: [GC (Allocation Failure) [PSYoungGen: 62352K->1376K(62976K)] 446449K->385473K(720896K), 0.0023533 secs] [Times: user=0.01 sys=0.00, real=0.01 secs] 
2553.593: [GC (Allocation Failure) [PSYoungGen: 62304K->1517K(62976K)] 446401K->385614K(720896K), 0.0017135 secs] [Times: user=0.01 sys=0.00, real=0.00 secs] 
2554.020: [GC (Allocation Failure) [PSYoungGen: 62445K->1584K(62976K)] 446542K->385681K(720896K), 0.0017666 secs] [Times: user=0.00 sys=0.00, real=0.00 secs] 
2554.402: [GC (Allocation Failure) [PSYoungGen: 62512K->1568K(62976K)] 446609K->385681K(720896K), 0.0017423 secs] [Times: user=0.01 sys=0.00, real=0.00 secs] 
2554.771: [GC (Allocation Failure) [PSYoungGen: 62496K->1581K(62976K)] 446609K->385694K(720896K), 0.0017293 secs] [Times: user=0.00 sys=0.00, real=0.00 secs] 
2555.114: [GC (Allocation Failure) [PSYoungGen: 62509K->1424K(62976K)] 446622K->385537K(720896K), 0.0030397 secs] [Times: user=0.01 sys=0.00, real=0.01 secs] 
2555.407: [GC (Allocation Failure) [PSYoungGen: 62352K->1424K(62976K)] 446465K->385537K(720896K), 0.0020313 secs] [Times: user=0.01 sys=0.00, real=0.00 secs] 
2555.660: [GC (Allocation Failure) [PSYoungGen: 62352K->1408K(62976K)] 446465K->385529K(720896K), 0.0021680 secs] [Times: user=0.01 sys=0.00, real=0.00 secs] 
2555.997: [GC (Allocation Failure) [PSYoungGen: 62336K->1376K(62976K)] 446457K->385497K(720896K), 0.0020539 secs] [Times: user=0.01 sys=0.00, real=0.00 secs] 
2556.380: [GC (Allocation Failure) [PSYoungGen: 62304K->1453K(62976K)] 446425K->385574K(720896K), 0.0016954 secs] [Times: user=0.00 sys=0.00, real=0.00 secs] 
2556.746: [GC (Allocation Failure) [PSYoungGen: 62361K->1597K(62976K)] 446483K->385718K(720896K), 0.0016440 secs] [Times: user=0.00 sys=0.00, real=0.01 secs] 
2557.117: [GC (Allocation Failure) [PSYoungGen: 62525K->1565K(62976K)] 446646K->385702K(720896K), 0.0016776 secs] [Times: user=0.00 sys=0.00, real=0.00 secs] 
2557.484: [GC (Allocation Failure) [PSYoungGen: 62493K->1597K(62976K)] 446630K->385734K(720896K), 0.0018036 secs] [Times: user=0.00 sys=0.00, real=0.01 secs] 
2558.123: [GC (Allocation Failure) [PSYoungGen: 62525K->2032K(62976K)] 446662K->386169K(720896K), 0.0030784 secs] [Times: user=0.01 sys=0.00, real=0.01 secs] 
2559.293: [GC (Allocation Failure) [PSYoungGen: 62960K->1344K(62976K)] 447097K->385481K(720896K), 0.0035988 secs] [Times: user=0.01 sys=0.00, real=0.01 secs] 
2560.126: [GC (Allocation Failure) [PSYoungGen: 62272K->1408K(62976K)] 446409K->385545K(720896K), 0.0041737 secs] [Times: user=0.02 sys=0.00, real=0.00 secs] 
2560.681: [GC (Allocation Failure) [PSYoungGen: 62336K->1328K(62976K)] 446473K->385465K(720896K), 0.0034552 secs] [Times: user=0.02 sys=0.00, real=0.00 secs] 
2560.960: [GC (Allocation Failure) [PSYoungGen: 62256K->1360K(62976K)] 446393K->385497K(720896K), 0.0021345 secs] [Times: user=0.01 sys=0.00, real=0.00 secs] 
2561.340: [GC (Allocation Failure) [PSYoungGen: 62288K->1501K(62976K)] 446425K->385638K(720896K), 0.0016352 secs] [Times: user=0.01 sys=0.00, real=0.00 secs] 
2561.704: [GC (Allocation Failure) [PSYoungGen: 62429K->1629K(62976K)] 446566K->385766K(720896K), 0.0017281 secs] [Times: user=0.01 sys=0.00, real=0.00 secs] 
2562.079: [GC (Allocation Failure) [PSYoungGen: 62557K->1568K(62976K)] 446694K->385713K(720896K), 0.0017803 secs] [Times: user=0.01 sys=0.00, real=0.00 secs] 
2562.445: [GC (Allocation Failure) [PSYoungGen: 62496K->1549K(62976K)] 446641K->385694K(720896K), 0.0017177 secs] [Times: user=0.01 sys=0.00, real=0.01 secs] 
2563.021: [GC (Allocation Failure) [PSYoungGen: 62477K->1440K(62976K)] 446622K->385609K(720896K), 0.0019772 secs] [Times: user=0.01 sys=0.00, real=0.00 secs] 
2563.766: [GC (Allocation Failure) [PSYoungGen: 62368K->1440K(62976K)] 446537K->385609K(720896K), 0.0042246 secs] [Times: user=0.02 sys=0.00, real=0.01 secs] 
2564.338: [GC (Allocation Failure) [PSYoungGen: 62368K->1376K(62976K)] 446537K->385545K(720896K), 0.0027710 secs] [Times: user=0.01 sys=0.00, real=0.00 secs] 
2564.867: [GC (Allocation Failure) [PSYoungGen: 62304K->1376K(62976K)] 446473K->385545K(720896K), 0.0025798 secs] [Times: user=0.01 sys=0.00, real=0.00 secs] 
2565.373: [GC (Allocation Failure) [PSYoungGen: 62304K->1376K(62976K)] 446473K->385545K(720896K), 0.0033989 secs] [Times: user=0.02 sys=0.00, real=0.01 secs] 
2565.856: [GC (Allocation Failure) [PSYoungGen: 62304K->1565K(62976K)] 446473K->385742K(720896K), 0.0018413 secs] [Times: user=0.01 sys=0.00, real=0.01 secs] 
2566.222: [GC (Allocation Failure) [PSYoungGen: 62493K->1565K(62976K)] 446670K->385758K(720896K), 0.0018230 secs] [Times: user=0.00 sys=0.00, real=0.00 secs] 
2566.586: [GC (Allocation Failure) [PSYoungGen: 62493K->1549K(62976K)] 446686K->385742K(720896K), 0.0017830 secs] [Times: user=0.01 sys=0.00, real=0.00 secs] 
2567.015: [GC (Allocation Failure) [PSYoungGen: 62477K->1581K(62976K)] 446670K->385774K(720896K), 0.0017985 secs] [Times: user=0.01 sys=0.00, real=0.01 secs] 
2567.374: [GC (Allocation Failure) [PSYoungGen: 62509K->1408K(62976K)] 446702K->385601K(720896K), 0.0021385 secs] [Times: user=0.01 sys=0.00, real=0.00 secs] 
2567.850: [GC (Allocation Failure) [PSYoungGen: 62336K->1344K(62976K)] 446529K->385537K(720896K), 0.0019437 secs] [Times: user=0.01 sys=0.00, real=0.00 secs] 
2568.325: [GC (Allocation Failure) [PSYoungGen: 62272K->1360K(62976K)] 446465K->385553K(720896K), 0.0042225 secs] [Times: user=0.02 sys=0.00, real=0.01 secs] 
2568.815: [GC (Allocation Failure) [PSYoungGen: 62288K->1392K(62976K)] 446481K->385585K(720896K), 0.0028810 secs] [Times: user=0.01 sys=0.00, real=0.01 secs] 
2569.390: [GC (Allocation Failure) [PSYoungGen: 62320K->1485K(62976K)] 446513K->385678K(720896K), 0.0019701 secs] [Times: user=0.00 sys=0.00, real=0.00 secs] 
2569.759: [GC (Allocation Failure) [PSYoungGen: 62400K->1613K(62976K)] 446594K->385806K(720896K), 0.0016746 secs] [Times: user=0.01 sys=0.00, real=0.00 secs] 
2570.127: [GC (Allocation Failure) [PSYoungGen: 62541K->1549K(62976K)] 446734K->385750K(720896K), 0.0017241 secs] [Times: user=0.01 sys=0.00, real=0.00 secs] 
2570.492: [GC (Allocation Failure) [PSYoungGen: 62477K->1581K(62976K)] 446678K->385782K(720896K), 0.0017526 secs] [Times: user=0.01 sys=0.00, real=0.00 secs] 
2570.824: [GC (Allocation Failure) [PSYoungGen: 62509K->1504K(62976K)] 446710K->385705K(720896K), 0.0017659 secs] [Times: user=0.00 sys=0.00, real=0.01 secs] 
2571.076: [GC (Allocation Failure) [PSYoungGen: 62432K->1408K(62976K)] 446633K->385609K(720896K), 0.0016312 secs] [Times: user=0.01 sys=0.00, real=0.00 secs] 
2571.615: [GC (Allocation Failure) [PSYoungGen: 62336K->1376K(62976K)] 446537K->385577K(720896K), 0.0033405 secs] [Times: user=0.01 sys=0.00, real=0.01 secs] 
2572.166: [GC (Allocation Failure) [PSYoungGen: 62304K->1376K(62976K)] 446505K->385601K(720896K), 0.0026722 secs] [Times: user=0.01 sys=0.00, real=0.01 secs] 
2572.684: [GC (Allocation Failure) [PSYoungGen: 62304K->1344K(62976K)] 446529K->385569K(720896K), 0.0027400 secs] [Times: user=0.02 sys=0.00, real=0.01 secs] 
2573.121: [GC (Allocation Failure) [PSYoungGen: 62255K->1533K(62976K)] 446480K->385758K(720896K), 0.0017643 secs] [Times: user=0.00 sys=0.00, real=0.00 secs] 
2573.487: [GC (Allocation Failure) [PSYoungGen: 62461K->1533K(62976K)] 446686K->385758K(720896K), 0.0016868 secs] [Times: user=0.01 sys=0.00, real=0.00 secs] 
2573.852: [GC (Allocation Failure) [PSYoungGen: 62461K->1501K(62976K)] 446686K->385742K(720896K), 0.0017161 secs] [Times: user=0.01 sys=0.01, real=0.00 secs] 
2574.216: [GC (Allocation Failure) [PSYoungGen: 62429K->1597K(62976K)] 446670K->385838K(720896K), 0.0017444 secs] [Times: user=0.00 sys=0.00, real=0.00 secs] 
2574.571: [GC (Allocation Failure) [PSYoungGen: 62525K->1408K(62976K)] 446766K->385649K(720896K), 0.0019530 secs] [Times: user=0.01 sys=0.00, real=0.00 secs] 
2574.886: [GC (Allocation Failure) [PSYoungGen: 62336K->1376K(62976K)] 446577K->385617K(720896K), 0.0019844 secs] [Times: user=0.01 sys=0.00, real=0.01 secs] 
2575.139: [GC (Allocation Failure) [PSYoungGen: 62304K->1392K(62976K)] 446545K->385633K(720896K), 0.0019525 secs] [Times: user=0.01 sys=0.00, real=0.00 secs] 
2575.396: [GC (Allocation Failure) [PSYoungGen: 62320K->1312K(62976K)] 446561K->385553K(720896K), 0.0023131 secs] [Times: user=0.01 sys=0.00, real=0.00 secs] 
2575.676: [GC (Allocation Failure) [PSYoungGen: 62237K->1517K(62976K)] 446478K->385758K(720896K), 0.0021415 secs] [Times: user=0.01 sys=0.00, real=0.01 secs] 
2576.055: [GC (Allocation Failure) [PSYoungGen: 62445K->1549K(62976K)] 446686K->385790K(720896K), 0.0018379 secs] [Times: user=0.01 sys=0.00, real=0.01 secs] 
2576.419: [GC (Allocation Failure) [PSYoungGen: 62477K->1597K(62976K)] 446718K->385854K(720896K), 0.0018057 secs] [Times: user=0.00 sys=0.00, real=0.00 secs] 
2576.785: [GC (Allocation Failure) [PSYoungGen: 62525K->1552K(62976K)] 446782K->385809K(720896K), 0.0017812 secs] [Times: user=0.01 sys=0.00, real=0.01 secs] 
2577.173: [GC (Allocation Failure) [PSYoungGen: 62480K->1536K(62976K)] 446737K->385793K(720896K), 0.0019481 secs] [Times: user=0.00 sys=0.00, real=0.00 secs] 
2577.423: [GC (Allocation Failure) [PSYoungGen: 62464K->1392K(62976K)] 446721K->385649K(720896K), 0.0018224 secs] [Times: user=0.01 sys=0.00, real=0.00 secs] 
2577.677: [GC (Allocation Failure) [PSYoungGen: 62320K->1408K(62976K)] 446577K->385665K(720896K), 0.0020293 secs] [Times: user=0.00 sys=0.00, real=0.00 secs] 
2577.930: [GC (Allocation Failure) [PSYoungGen: 62336K->1376K(62976K)] 446593K->385633K(720896K), 0.0018450 secs] [Times: user=0.01 sys=0.00, real=0.00 secs] 
2578.183: [GC (Allocation Failure) [PSYoungGen: 62304K->1376K(62976K)] 446561K->385633K(720896K), 0.0018155 secs] [Times: user=0.01 sys=0.00, real=0.00 secs] 
2578.537: [GC (Allocation Failure) [PSYoungGen: 62304K->1501K(62976K)] 446561K->385758K(720896K), 0.0017118 secs] [Times: user=0.00 sys=0.00, real=0.00 secs] 
2578.968: [GC (Allocation Failure) [PSYoungGen: 62403K->1549K(62976K)] 446660K->385806K(720896K), 0.0017341 secs] [Times: user=0.00 sys=0.00, real=0.00 secs] 
2579.333: [GC (Allocation Failure) [PSYoungGen: 62477K->1581K(62976K)] 446734K->385846K(720896K), 0.0017394 secs] [Times: user=0.01 sys=0.00, real=0.00 secs] 
2579.698: [GC (Allocation Failure) [PSYoungGen: 62509K->1613K(62976K)] 446774K->385878K(720896K), 0.0017576 secs] [Times: user=0.00 sys=0.00, real=0.00 secs] 
2580.061: [GC (Allocation Failure) [PSYoungGen: 62541K->1472K(62976K)] 446806K->385737K(720896K), 0.0025229 secs] [Times: user=0.01 sys=0.00, real=0.00 secs] 
2580.316: [GC (Allocation Failure) [PSYoungGen: 62400K->1392K(62976K)] 446665K->385657K(720896K), 0.0021462 secs] [Times: user=0.01 sys=0.00, real=0.01 secs] 
2580.706: [GC (Allocation Failure) [PSYoungGen: 62320K->1344K(62976K)] 446585K->385617K(720896K), 0.0020703 secs] [Times: user=0.00 sys=0.00, real=0.00 secs] 
2581.028: [GC (Allocation Failure) [PSYoungGen: 62272K->1344K(62976K)] 446545K->385617K(720896K), 0.0020601 secs] [Times: user=0.01 sys=0.00, real=0.00 secs] 
2581.449: [GC (Allocation Failure) [PSYoungGen: 62272K->1376K(62976K)] 446545K->385649K(720896K), 0.0021630 secs] [Times: user=0.01 sys=0.00, real=0.00 secs] 
2581.870: [GC (Allocation Failure) [PSYoungGen: 62275K->1485K(62976K)] 446548K->385758K(720896K), 0.0016437 secs] [Times: user=0.01 sys=0.00, real=0.00 secs] 
2582.240: [GC (Allocation Failure) [PSYoungGen: 62413K->1549K(62976K)] 446686K->385830K(720896K), 0.0017833 secs] [Times: user=0.00 sys=0.00, real=0.00 secs] 
2582.681: [GC (Allocation Failure) [PSYoungGen: 62477K->1613K(62976K)] 446758K->385894K(720896K), 0.0018483 secs] [Times: user=0.00 sys=0.00, real=0.00 secs] 
2583.106: [GC (Allocation Failure) [PSYoungGen: 62541K->1597K(62976K)] 446822K->385878K(720896K), 0.0019105 secs] [Times: user=0.01 sys=0.00, real=0.00 secs] 
2583.677: [GC (Allocation Failure) [PSYoungGen: 62525K->1376K(62976K)] 446806K->385657K(720896K), 0.0029432 secs] [Times: user=0.02 sys=0.00, real=0.00 secs] 
2583.922: [GC (Allocation Failure) [PSYoungGen: 62304K->1344K(62976K)] 446585K->385625K(720896K), 0.0021192 secs] [Times: user=0.01 sys=0.00, real=0.00 secs] 
2584.175: [GC (Allocation Failure) [PSYoungGen: 62272K->1344K(62976K)] 446553K->385625K(720896K), 0.0019752 secs] [Times: user=0.00 sys=0.00, real=0.01 secs] 
2584.428: [GC (Allocation Failure) [PSYoungGen: 62272K->1408K(62976K)] 446553K->385689K(720896K), 0.0020285 secs] [Times: user=0.01 sys=0.00, real=0.00 secs] 
2584.749: [GC (Allocation Failure) [PSYoungGen: 62318K->1424K(62976K)] 446600K->385705K(720896K), 0.0015964 secs] [Times: user=0.01 sys=0.00, real=0.00 secs] 
2585.113: [GC (Allocation Failure) [PSYoungGen: 62352K->1517K(62976K)] 446633K->385798K(720896K), 0.0018088 secs] [Times: user=0.01 sys=0.00, real=0.00 secs] 
2585.478: [GC (Allocation Failure) [PSYoungGen: 62445K->1549K(62976K)] 446726K->385838K(720896K), 0.0017787 secs] [Times: user=0.01 sys=0.00, real=0.00 secs] 
2585.931: [GC (Allocation Failure) [PSYoungGen: 62477K->1549K(62976K)] 446766K->385838K(720896K), 0.0018327 secs] [Times: user=0.00 sys=0.00, real=0.00 secs] 
2586.396: [GC (Allocation Failure) [PSYoungGen: 62477K->1504K(62976K)] 446766K->385793K(720896K), 0.0020971 secs] [Times: user=0.01 sys=0.01, real=0.01 secs] 
2586.670: [GC (Allocation Failure) [PSYoungGen: 62432K->1376K(62976K)] 446721K->385665K(720896K), 0.0023600 secs] [Times: user=0.01 sys=0.00, real=0.00 secs] 
2587.171: [GC (Allocation Failure) [PSYoungGen: 62304K->1376K(62976K)] 446593K->385665K(720896K), 0.0020100 secs] [Times: user=0.01 sys=0.00, real=0.00 secs] 
2587.662: [GC (Allocation Failure) [PSYoungGen: 62304K->1392K(62976K)] 446593K->385681K(720896K), 0.0032521 secs] [Times: user=0.01 sys=0.00, real=0.00 secs] 
2588.232: [GC (Allocation Failure) [PSYoungGen: 62320K->1376K(62976K)] 446609K->385665K(720896K), 0.0029671 secs] [Times: user=0.01 sys=0.00, real=0.00 secs] 
2588.745: [GC (Allocation Failure) [PSYoungGen: 62295K->1517K(62976K)] 446584K->385806K(720896K), 0.0016937 secs] [Times: user=0.01 sys=0.00, real=0.01 secs] 
2589.171: [GC (Allocation Failure) [PSYoungGen: 62445K->1549K(62976K)] 446734K->385838K(720896K), 0.0018514 secs] [Times: user=0.00 sys=0.00, real=0.00 secs] 
2589.594: [GC (Allocation Failure) [PSYoungGen: 62450K->1613K(62976K)] 446739K->385910K(720896K), 0.0018297 secs] [Times: user=0.01 sys=0.00, real=0.00 secs] 
2590.022: [GC (Allocation Failure) [PSYoungGen: 62541K->1517K(62976K)] 446838K->385814K(720896K), 0.0017712 secs] [Times: user=0.01 sys=0.00, real=0.00 secs] 
2590.376: [GC (Allocation Failure) [PSYoungGen: 62445K->1376K(62976K)] 446742K->385673K(720896K), 0.0022812 secs] [Times: user=0.01 sys=0.00, real=0.01 secs] 
2590.634: [GC (Allocation Failure) [PSYoungGen: 62304K->1344K(62976K)] 446601K->385641K(720896K), 0.0020751 secs] [Times: user=0.01 sys=0.00, real=0.00 secs] 
2590.887: [GC (Allocation Failure) [PSYoungGen: 62272K->1376K(62976K)] 446569K->385673K(720896K), 0.0020060 secs] [Times: user=0.01 sys=0.00, real=0.00 secs] 
2591.140: [GC (Allocation Failure) [PSYoungGen: 62304K->1376K(62976K)] 446601K->385673K(720896K), 0.0021772 secs] [Times: user=0.00 sys=0.00, real=0.00 secs] 
2591.397: [GC (Allocation Failure) [PSYoungGen: 62304K->1440K(62976K)] 446601K->385737K(720896K), 0.0019119 secs] [Times: user=0.01 sys=0.00, real=0.00 secs] 
2591.780: [GC (Allocation Failure) [PSYoungGen: 62345K->1581K(62976K)] 446642K->385902K(720896K), 0.0018706 secs] [Times: user=0.01 sys=0.00, real=0.00 secs] 
2592.147: [GC (Allocation Failure) [PSYoungGen: 62509K->1632K(62976K)] 446830K->385961K(720896K), 0.0018658 secs] [Times: user=0.01 sys=0.00, real=0.00 secs] 
2592.517: [GC (Allocation Failure) [PSYoungGen: 62560K->1517K(62976K)] 446889K->385846K(720896K), 0.0021004 secs] [Times: user=0.01 sys=0.00, real=0.00 secs] 
2592.890: [GC (Allocation Failure) [PSYoungGen: 62445K->1597K(62976K)] 446774K->385926K(720896K), 0.0017498 secs] [Times: user=0.01 sys=0.00, real=0.00 secs] 
2593.179: [GC (Allocation Failure) [PSYoungGen: 62525K->1376K(62976K)] 446854K->385705K(720896K), 0.0019980 secs] [Times: user=0.01 sys=0.00, real=0.00 secs] 
2593.433: [GC (Allocation Failure) [PSYoungGen: 62304K->1360K(62976K)] 446633K->385689K(720896K), 0.0019372 secs] [Times: user=0.01 sys=0.00, real=0.00 secs] 
2593.756: [GC (Allocation Failure) [PSYoungGen: 62288K->1344K(62976K)] 446617K->385673K(720896K), 0.0020374 secs] [Times: user=0.01 sys=0.00, real=0.00 secs] 
2594.011: [GC (Allocation Failure) [PSYoungGen: 62272K->1344K(62976K)] 446601K->385673K(720896K), 0.0019024 secs] [Times: user=0.01 sys=0.00, real=0.00 secs] 
2594.341: [GC (Allocation Failure) [PSYoungGen: 62262K->1501K(62976K)] 446592K->385830K(720896K), 0.0016116 secs] [Times: user=0.01 sys=0.00, real=0.00 secs] 
2594.709: [GC (Allocation Failure) [PSYoungGen: 62429K->1565K(62976K)] 446758K->385894K(720896K), 0.0017154 secs] [Times: user=0.01 sys=0.00, real=0.00 secs] 
2595.074: [GC (Allocation Failure) [PSYoungGen: 62465K->1549K(62976K)] 446795K->385894K(720896K), 0.0016631 secs] [Times: user=0.01 sys=0.00, real=0.00 secs] 
2595.439: [GC (Allocation Failure) [PSYoungGen: 62477K->1549K(62976K)] 446822K->385894K(720896K), 0.0017109 secs] [Times: user=0.01 sys=0.00, real=0.00 secs] 
2596.034: [GC (Allocation Failure) [PSYoungGen: 62477K->1440K(62976K)] 446822K->385793K(720896K), 0.0023101 secs] [Times: user=0.01 sys=0.00, real=0.01 secs] 
2596.600: [GC (Allocation Failure) [PSYoungGen: 62368K->1376K(62976K)] 446721K->385729K(720896K), 0.0037139 secs] [Times: user=0.01 sys=0.00, real=0.00 secs] 
2597.100: [GC (Allocation Failure) [PSYoungGen: 62304K->1408K(62976K)] 446657K->385761K(720896K), 0.0033499 secs] [Times: user=0.01 sys=0.00, real=0.00 secs] 
2597.581: [GC (Allocation Failure) [PSYoungGen: 62336K->1376K(62976K)] 446689K->385729K(720896K), 0.0032052 secs] [Times: user=0.01 sys=0.00, real=0.00 secs] 
2598.029: [GC (Allocation Failure) [PSYoungGen: 62304K->1376K(62976K)] 446657K->385729K(720896K), 0.0025827 secs] [Times: user=0.01 sys=0.00, real=0.00 secs] 
2598.404: [GC (Allocation Failure) [PSYoungGen: 62304K->1517K(62976K)] 446657K->385870K(720896K), 0.0017019 secs] [Times: user=0.01 sys=0.00, real=0.00 secs] 
2598.769: [GC (Allocation Failure) [PSYoungGen: 62445K->1549K(62976K)] 446798K->385902K(720896K), 0.0018375 secs] [Times: user=0.00 sys=0.00, real=0.00 secs] 
2599.133: [GC (Allocation Failure) [PSYoungGen: 62477K->1581K(62976K)] 446830K->385942K(720896K), 0.0018137 secs] [Times: user=0.01 sys=0.00, real=0.00 secs] 
2599.499: [GC (Allocation Failure) [PSYoungGen: 62509K->1565K(62976K)] 446870K->385926K(720896K), 0.0051190 secs] [Times: user=0.02 sys=0.00, real=0.00 secs] 
2600.015: [GC (Allocation Failure) [PSYoungGen: 62493K->1408K(62976K)] 446854K->385769K(720896K), 0.0019606 secs] [Times: user=0.01 sys=0.00, real=0.01 secs] 
2600.818: [GC (Allocation Failure) [PSYoungGen: 62336K->1424K(62976K)] 446697K->385785K(720896K), 0.0047938 secs] [Times: user=0.02 sys=0.00, real=0.00 secs] 
2601.635: [GC (Allocation Failure) [PSYoungGen: 62352K->1344K(62976K)] 446713K->385705K(720896K), 0.0041894 secs] [Times: user=0.02 sys=0.00, real=0.01 secs] 
2602.391: [GC (Allocation Failure) [PSYoungGen: 62272K->1424K(62976K)] 446633K->385785K(720896K), 0.0027774 secs] [Times: user=0.02 sys=0.00, real=0.00 secs] 
2603.152: [GC (Allocation Failure) [PSYoungGen: 62352K->1440K(62976K)] 446713K->385801K(720896K), 0.0024547 secs] [Times: user=0.01 sys=0.00, real=0.00 secs] 
2603.566: [GC (Allocation Failure) [PSYoungGen: 62368K->1629K(62976K)] 446729K->385990K(720896K), 0.0017928 secs] [Times: user=0.01 sys=0.00, real=0.01 secs] 
2603.985: [GC (Allocation Failure) [PSYoungGen: 62557K->1533K(62976K)] 446918K->385926K(720896K), 0.0017420 secs] [Times: user=0.01 sys=0.00, real=0.01 secs] 
2604.408: [GC (Allocation Failure) [PSYoungGen: 62461K->1629K(62976K)] 446854K->386022K(720896K), 0.0018096 secs] [Times: user=0.01 sys=0.00, real=0.00 secs] 
2604.866: [GC (Allocation Failure) [PSYoungGen: 62557K->2032K(62976K)] 446950K->386433K(720896K), 0.0020458 secs] [Times: user=0.01 sys=0.00, real=0.01 secs] 
2605.518: [GC (Allocation Failure) [PSYoungGen: 62960K->1376K(62976K)] 447361K->385777K(720896K), 0.0029815 secs] [Times: user=0.01 sys=0.00, real=0.00 secs] 
2606.089: [GC (Allocation Failure) [PSYoungGen: 62304K->1344K(62976K)] 446705K->385745K(720896K), 0.0031013 secs] [Times: user=0.02 sys=0.00, real=0.00 secs] 
2606.667: [GC (Allocation Failure) [PSYoungGen: 62272K->1424K(62976K)] 446673K->385825K(720896K), 0.0020471 secs] [Times: user=0.01 sys=0.00, real=0.00 secs] 
2607.086: [GC (Allocation Failure) [PSYoungGen: 62352K->1376K(62976K)] 446753K->385777K(720896K), 0.0019932 secs] [Times: user=0.01 sys=0.00, real=0.00 secs] 
2607.426: [GC (Allocation Failure) [PSYoungGen: 62304K->1485K(62976K)] 446705K->385886K(720896K), 0.0018097 secs] [Times: user=0.00 sys=0.00, real=0.01 secs] 
2607.792: [GC (Allocation Failure) [PSYoungGen: 62383K->1549K(62976K)] 446785K->385950K(720896K), 0.0017007 secs] [Times: user=0.00 sys=0.00, real=0.00 secs] 
2608.160: [GC (Allocation Failure) [PSYoungGen: 62477K->1597K(62976K)] 446878K->386006K(720896K), 0.0017711 secs] [Times: user=0.01 sys=0.00, real=0.00 secs] 
2608.525: [GC (Allocation Failure) [PSYoungGen: 62525K->1517K(62976K)] 446934K->385926K(720896K), 0.0017549 secs] [Times: user=0.00 sys=0.00, real=0.01 secs] 
2609.328: [GC (Allocation Failure) [PSYoungGen: 62445K->1424K(62976K)] 446854K->385833K(720896K), 0.0028409 secs] [Times: user=0.01 sys=0.00, real=0.00 secs] 
2609.955: [GC (Allocation Failure) [PSYoungGen: 62352K->1344K(62976K)] 446761K->385753K(720896K), 0.0025809 secs] [Times: user=0.01 sys=0.00, real=0.01 secs] 
2610.595: [GC (Allocation Failure) [PSYoungGen: 62272K->1376K(62976K)] 446681K->385785K(720896K), 0.0041538 secs] [Times: user=0.02 sys=0.00, real=0.01 secs] 
2611.393: [GC (Allocation Failure) [PSYoungGen: 62304K->1376K(62976K)] 446713K->385785K(720896K), 0.0043385 secs] [Times: user=0.02 sys=0.00, real=0.01 secs] 
2612.481: [GC (Allocation Failure) [PSYoungGen: 62304K->1408K(62976K)] 446713K->385817K(720896K), 0.0028986 secs] [Times: user=0.01 sys=0.00, real=0.00 secs] 
2613.048: [GC (Allocation Failure) [PSYoungGen: 62307K->1533K(62976K)] 446717K->385942K(720896K), 0.0046825 secs] [Times: user=0.02 sys=0.00, real=0.00 secs] 
2613.423: [GC (Allocation Failure) [PSYoungGen: 62461K->1549K(62976K)] 446870K->385966K(720896K), 0.0017562 secs] [Times: user=0.00 sys=0.00, real=0.00 secs] 
2613.788: [GC (Allocation Failure) [PSYoungGen: 62477K->1565K(62976K)] 446894K->386006K(720896K), 0.0017667 secs] [Times: user=0.01 sys=0.00, real=0.00 secs] 
2614.153: [GC (Allocation Failure) [PSYoungGen: 62493K->1565K(62976K)] 446934K->386006K(720896K), 0.0017709 secs] [Times: user=0.00 sys=0.00, real=0.00 secs] 
2614.746: [GC (Allocation Failure) [PSYoungGen: 62493K->1376K(62976K)] 446934K->385817K(720896K), 0.0042764 secs] [Times: user=0.02 sys=0.00, real=0.01 secs] 
2615.298: [GC (Allocation Failure) [PSYoungGen: 62304K->1424K(62976K)] 446745K->385865K(720896K), 0.0033139 secs] [Times: user=0.01 sys=0.00, real=0.00 secs] 
2615.910: [GC (Allocation Failure) [PSYoungGen: 62352K->1408K(62976K)] 446793K->385849K(720896K), 0.0033230 secs] [Times: user=0.01 sys=0.01, real=0.00 secs] 
2616.342: [GC (Allocation Failure) [PSYoungGen: 62336K->1376K(62976K)] 446777K->385817K(720896K), 0.0025166 secs] [Times: user=0.01 sys=0.00, real=0.00 secs] 
2616.904: [GC (Allocation Failure) [PSYoungGen: 62278K->1517K(62976K)] 446720K->385958K(720896K), 0.0023633 secs] [Times: user=0.01 sys=0.00, real=0.01 secs] 
2617.302: [GC (Allocation Failure) [PSYoungGen: 62445K->1549K(62976K)] 446886K->385990K(720896K), 0.0023606 secs] [Times: user=0.01 sys=0.00, real=0.00 secs] 
2617.671: [GC (Allocation Failure) [PSYoungGen: 62455K->1549K(62976K)] 446897K->385998K(720896K), 0.0017226 secs] [Times: user=0.01 sys=0.00, real=0.00 secs] 
2618.035: [GC (Allocation Failure) [PSYoungGen: 62477K->1565K(62976K)] 446926K->386014K(720896K), 0.0018322 secs] [Times: user=0.00 sys=0.00, real=0.01 secs] 
2618.550: [GC (Allocation Failure) [PSYoungGen: 62493K->1424K(62976K)] 446942K->385873K(720896K), 0.0035544 secs] [Times: user=0.01 sys=0.00, real=0.00 secs] 
2619.120: [GC (Allocation Failure) [PSYoungGen: 62352K->1376K(62976K)] 446801K->385825K(720896K), 0.0044285 secs] [Times: user=0.02 sys=0.00, real=0.00 secs] 
2619.536: [GC (Allocation Failure) [PSYoungGen: 62304K->1344K(62976K)] 446753K->385793K(720896K), 0.0023491 secs] [Times: user=0.01 sys=0.00, real=0.00 secs] 
2619.781: [GC (Allocation Failure) [PSYoungGen: 62272K->1376K(62976K)] 446721K->385825K(720896K), 0.0019237 secs] [Times: user=0.01 sys=0.00, real=0.00 secs] 
2620.033: [GC (Allocation Failure) [PSYoungGen: 62304K->1408K(62976K)] 446753K->385857K(720896K), 0.0020289 secs] [Times: user=0.01 sys=0.00, real=0.00 secs] 
2620.391: [GC (Allocation Failure) [PSYoungGen: 62330K->1565K(62976K)] 446780K->386014K(720896K), 0.0016746 secs] [Times: user=0.01 sys=0.00, real=0.00 secs] 
2620.757: [GC (Allocation Failure) [PSYoungGen: 62493K->1517K(62976K)] 446942K->385966K(720896K), 0.0016579 secs] [Times: user=0.01 sys=0.00, real=0.00 secs] 
2621.122: [GC (Allocation Failure) [PSYoungGen: 62445K->1597K(62976K)] 446894K->386062K(720896K), 0.0017659 secs] [Times: user=0.01 sys=0.00, real=0.00 secs] 
2621.488: [GC (Allocation Failure) [PSYoungGen: 62525K->1517K(62976K)] 446990K->385982K(720896K), 0.0017607 secs] [Times: user=0.00 sys=0.00, real=0.00 secs] 
2621.801: [GC (Allocation Failure) [PSYoungGen: 62445K->1408K(62976K)] 446910K->385897K(720896K), 0.0017727 secs] [Times: user=0.00 sys=0.00, real=0.00 secs] 
2622.201: [GC (Allocation Failure) [PSYoungGen: 62336K->1344K(62976K)] 446825K->385833K(720896K), 0.0017544 secs] [Times: user=0.00 sys=0.00, real=0.00 secs] 
2622.679: [GC (Allocation Failure) [PSYoungGen: 62272K->1344K(62976K)] 446761K->385833K(720896K), 0.0018055 secs] [Times: user=0.00 sys=0.00, real=0.00 secs] 
2623.162: [GC (Allocation Failure) [PSYoungGen: 62272K->1408K(62976K)] 446761K->385897K(720896K), 0.0019146 secs] [Times: user=0.01 sys=0.00, real=0.00 secs] 
2623.741: [GC (Allocation Failure) [PSYoungGen: 62332K->1485K(62976K)] 446821K->385974K(720896K), 0.0022077 secs] [Times: user=0.01 sys=0.01, real=0.00 secs] 
2624.140: [GC (Allocation Failure) [PSYoungGen: 62413K->1520K(62976K)] 446902K->386009K(720896K), 0.0017252 secs] [Times: user=0.01 sys=0.00, real=0.00 secs] 
2624.504: [GC (Allocation Failure) [PSYoungGen: 62448K->1565K(62976K)] 446937K->386070K(720896K), 0.0018138 secs] [Times: user=0.01 sys=0.00, real=0.01 secs] 
2624.869: [GC (Allocation Failure) [PSYoungGen: 62493K->1581K(62976K)] 446998K->386086K(720896K), 0.0016898 secs] [Times: user=0.00 sys=0.00, real=0.00 secs] 
2625.226: [GC (Allocation Failure) [PSYoungGen: 62509K->1520K(62976K)] 447014K->386025K(720896K), 0.0017111 secs] [Times: user=0.01 sys=0.00, real=0.00 secs] 
2625.487: [GC (Allocation Failure) [PSYoungGen: 62448K->1408K(62976K)] 446953K->385913K(720896K), 0.0016291 secs] [Times: user=0.01 sys=0.00, real=0.00 secs] 
2625.814: [GC (Allocation Failure) [PSYoungGen: 62336K->1344K(62976K)] 446841K->385849K(720896K), 0.0027553 secs] [Times: user=0.01 sys=0.00, real=0.01 secs] 
2626.293: [GC (Allocation Failure) [PSYoungGen: 62272K->1376K(62976K)] 446777K->385881K(720896K), 0.0036636 secs] [Times: user=0.02 sys=0.00, real=0.01 secs] 
2626.768: [GC (Allocation Failure) [PSYoungGen: 62304K->1376K(62976K)] 446809K->385881K(720896K), 0.0028272 secs] [Times: user=0.01 sys=0.00, real=0.00 secs] 
2627.290: [GC (Allocation Failure) [PSYoungGen: 62304K->1549K(62976K)] 446809K->386054K(720896K), 0.0016289 secs] [Times: user=0.01 sys=0.00, real=0.00 secs] 
2627.657: [GC (Allocation Failure) [PSYoungGen: 62450K->1565K(62976K)] 446956K->386070K(720896K), 0.0018143 secs] [Times: user=0.00 sys=0.00, real=0.00 secs] 
2628.022: [GC (Allocation Failure) [PSYoungGen: 62493K->1581K(62976K)] 446998K->386094K(720896K), 0.0018342 secs] [Times: user=0.00 sys=0.01, real=0.00 secs] 
2628.389: [GC (Allocation Failure) [PSYoungGen: 62509K->1517K(62976K)] 447022K->386030K(720896K), 0.0018010 secs] [Times: user=0.01 sys=0.00, real=0.00 secs] 
2628.876: [GC (Allocation Failure) [PSYoungGen: 62445K->1440K(62976K)] 446958K->385953K(720896K), 0.0020329 secs] [Times: user=0.00 sys=0.00, real=0.01 secs] 
2629.395: [GC (Allocation Failure) [PSYoungGen: 62368K->1408K(62976K)] 446881K->385921K(720896K), 0.0019084 secs] [Times: user=0.00 sys=0.00, real=0.01 secs] 
2629.979: [GC (Allocation Failure) [PSYoungGen: 62336K->1376K(62976K)] 446849K->385889K(720896K), 0.0020969 secs] [Times: user=0.00 sys=0.00, real=0.00 secs] 
2630.512: [GC (Allocation Failure) [PSYoungGen: 62304K->1392K(62976K)] 446817K->385905K(720896K), 0.0022470 secs] [Times: user=0.01 sys=0.00, real=0.00 secs] 
2630.766: [GC (Allocation Failure) [PSYoungGen: 62320K->1392K(62976K)] 446833K->385905K(720896K), 0.0020010 secs] [Times: user=0.01 sys=0.00, real=0.00 secs] 
2631.175: [GC (Allocation Failure) [PSYoungGen: 62320K->1549K(62976K)] 446833K->386062K(720896K), 0.0016625 secs] [Times: user=0.01 sys=0.00, real=0.01 secs] 
2631.603: [GC (Allocation Failure) [PSYoungGen: 62477K->1597K(62976K)] 446990K->386126K(720896K), 0.0017448 secs] [Times: user=0.01 sys=0.00, real=0.00 secs] 
2631.967: [GC (Allocation Failure) [PSYoungGen: 62525K->1549K(62976K)] 447054K->386078K(720896K), 0.0017322 secs] [Times: user=0.01 sys=0.00, real=0.00 secs] 
2632.390: [GC (Allocation Failure) [PSYoungGen: 62477K->1536K(62976K)] 447006K->386089K(720896K), 0.0018450 secs] [Times: user=0.01 sys=0.00, real=0.00 secs] 
2632.691: [GC (Allocation Failure) [PSYoungGen: 62464K->1408K(62976K)] 447017K->385961K(720896K), 0.0023054 secs] [Times: user=0.01 sys=0.00, real=0.00 secs] 
2633.028: [GC (Allocation Failure) [PSYoungGen: 62336K->1344K(62976K)] 446889K->385897K(720896K), 0.0020821 secs] [Times: user=0.01 sys=0.00, real=0.00 secs] 
2633.520: [GC (Allocation Failure) [PSYoungGen: 62272K->1408K(62976K)] 446825K->385961K(720896K), 0.0028763 secs] [Times: user=0.01 sys=0.00, real=0.00 secs] 
2634.028: [GC (Allocation Failure) [PSYoungGen: 62336K->1344K(62976K)] 446889K->385897K(720896K), 0.0020382 secs] [Times: user=0.01 sys=0.00, real=0.00 secs] 
2634.579: [GC (Allocation Failure) [PSYoungGen: 62272K->1469K(62976K)] 446825K->386022K(720896K), 0.0020257 secs] [Times: user=0.01 sys=0.00, real=0.00 secs] 
2634.950: [GC (Allocation Failure) [PSYoungGen: 62397K->1581K(62976K)] 446950K->386134K(720896K), 0.0017724 secs] [Times: user=0.00 sys=0.00, real=0.00 secs] 
2635.316: [GC (Allocation Failure) [PSYoungGen: 62509K->1565K(62976K)] 447062K->386126K(720896K), 0.0017827 secs] [Times: user=0.01 sys=0.00, real=0.00 secs] 
2635.681: [GC (Allocation Failure) [PSYoungGen: 62493K->1565K(62976K)] 447054K->386126K(720896K), 0.0017260 secs] [Times: user=0.01 sys=0.00, real=0.00 secs] 
2636.265: [GC (Allocation Failure) [PSYoungGen: 62493K->2032K(62976K)] 447054K->386593K(720896K), 0.0023837 secs] [Times: user=0.01 sys=0.00, real=0.01 secs] 
2636.523: [GC (Allocation Failure) [PSYoungGen: 62960K->1392K(62976K)] 447521K->385953K(720896K), 0.0019864 secs] [Times: user=0.00 sys=0.00, real=0.00 secs] 
2636.776: [GC (Allocation Failure) [PSYoungGen: 62320K->1344K(62976K)] 446881K->385905K(720896K), 0.0019781 secs] [Times: user=0.01 sys=0.00, real=0.01 secs] 
2637.029: [GC (Allocation Failure) [PSYoungGen: 62272K->1392K(62976K)] 446833K->385953K(720896K), 0.0020479 secs] [Times: user=0.00 sys=0.00, real=0.00 secs] 
2637.282: [GC (Allocation Failure) [PSYoungGen: 62320K->1392K(62976K)] 446881K->385953K(720896K), 0.0020451 secs] [Times: user=0.00 sys=0.00, real=0.00 secs] 
2637.657: [GC (Allocation Failure) [PSYoungGen: 62311K->1565K(62976K)] 446873K->386126K(720896K), 0.0017106 secs] [Times: user=0.01 sys=0.00, real=0.00 secs] 
2638.026: [GC (Allocation Failure) [PSYoungGen: 62493K->1552K(62976K)] 447054K->386113K(720896K), 0.0017830 secs] [Times: user=0.01 sys=0.00, real=0.01 secs] 
2638.393: [GC (Allocation Failure) [PSYoungGen: 62480K->1565K(62976K)] 447041K->386142K(720896K), 0.0017239 secs] [Times: user=0.01 sys=0.00, real=0.00 secs] 
2638.758: [GC (Allocation Failure) [PSYoungGen: 62493K->1581K(62976K)] 447070K->386158K(720896K), 0.0017738 secs] [Times: user=0.00 sys=0.00, real=0.00 secs] 
2639.313: [GC (Allocation Failure) [PSYoungGen: 62509K->1472K(62976K)] 447086K->386049K(720896K), 0.0020944 secs] [Times: user=0.01 sys=0.00, real=0.00 secs] 
2639.930: [GC (Allocation Failure) [PSYoungGen: 62400K->1376K(62976K)] 446977K->385953K(720896K), 0.0040488 secs] [Times: user=0.01 sys=0.00, real=0.00 secs] 
2640.496: [GC (Allocation Failure) [PSYoungGen: 62304K->1344K(62976K)] 446881K->385921K(720896K), 0.0035083 secs] [Times: user=0.02 sys=0.00, real=0.00 secs] 
2641.022: [GC (Allocation Failure) [PSYoungGen: 62272K->1376K(62976K)] 446849K->385953K(720896K), 0.0025284 secs] [Times: user=0.01 sys=0.00, real=0.00 secs] 
2641.492: [GC (Allocation Failure) [PSYoungGen: 62304K->1408K(62976K)] 446881K->385985K(720896K), 0.0024955 secs] [Times: user=0.01 sys=0.00, real=0.00 secs] 
2641.983: [GC (Allocation Failure) [PSYoungGen: 62336K->1549K(62976K)] 446913K->386158K(720896K), 0.0018818 secs] [Times: user=0.01 sys=0.00, real=0.00 secs] 
2642.347: [GC (Allocation Failure) [PSYoungGen: 62477K->1597K(62976K)] 447086K->386222K(720896K), 0.0017380 secs] [Times: user=0.00 sys=0.00, real=0.00 secs] 
2642.770: [GC (Allocation Failure) [PSYoungGen: 62509K->1616K(62976K)] 447135K->386241K(720896K), 0.0018393 secs] [Times: user=0.01 sys=0.00, real=0.00 secs] 
2643.135: [GC (Allocation Failure) [PSYoungGen: 62544K->1533K(62976K)] 447169K->386158K(720896K), 0.0019185 secs] [Times: user=0.01 sys=0.00, real=0.01 secs] 
2643.431: [GC (Allocation Failure) [PSYoungGen: 62461K->1424K(62976K)] 447086K->386049K(720896K), 0.0023297 secs] [Times: user=0.01 sys=0.00, real=0.00 secs] 
2643.731: [GC (Allocation Failure) [PSYoungGen: 62352K->1376K(62976K)] 446977K->386001K(720896K), 0.0019966 secs] [Times: user=0.01 sys=0.00, real=0.00 secs] 
2643.985: [GC (Allocation Failure) [PSYoungGen: 62304K->1344K(62976K)] 446929K->385969K(720896K), 0.0019587 secs] [Times: user=0.01 sys=0.00, real=0.01 secs] 
2644.238: [GC (Allocation Failure) [PSYoungGen: 62272K->1376K(62976K)] 446897K->386001K(720896K), 0.0019579 secs] [Times: user=0.01 sys=0.00, real=0.00 secs] 
2644.552: [GC (Allocation Failure) [PSYoungGen: 62304K->1504K(62976K)] 446929K->386129K(720896K), 0.0015990 secs] [Times: user=0.01 sys=0.00, real=0.00 secs] 
2644.918: [GC (Allocation Failure) [PSYoungGen: 62432K->1597K(62976K)] 447057K->386222K(720896K), 0.0018443 secs] [Times: user=0.00 sys=0.00, real=0.00 secs] 
2645.282: [GC (Allocation Failure) [PSYoungGen: 62525K->1597K(62976K)] 447150K->386230K(720896K), 0.0018270 secs] [Times: user=0.00 sys=0.00, real=0.00 secs] 
2645.707: [GC (Allocation Failure) [PSYoungGen: 62525K->1597K(62976K)] 447158K->386230K(720896K), 0.0018420 secs] [Times: user=0.01 sys=0.00, real=0.00 secs] 
2646.215: [GC (Allocation Failure) [PSYoungGen: 62525K->1472K(62976K)] 447158K->386105K(720896K), 0.0025630 secs] [Times: user=0.01 sys=0.00, real=0.01 secs] 
2646.560: [GC (Allocation Failure) [PSYoungGen: 62400K->1344K(62976K)] 447033K->385977K(720896K), 0.0020161 secs] [Times: user=0.01 sys=0.00, real=0.00 secs] 
2646.844: [GC (Allocation Failure) [PSYoungGen: 62272K->1376K(62976K)] 446905K->386009K(720896K), 0.0019892 secs] [Times: user=0.01 sys=0.00, real=0.00 secs] 
2647.104: [GC (Allocation Failure) [PSYoungGen: 62304K->1376K(62976K)] 446937K->386017K(720896K), 0.0020061 secs] [Times: user=0.01 sys=0.00, real=0.01 secs] 
2647.578: [GC (Allocation Failure) [PSYoungGen: 62304K->1376K(62976K)] 446945K->386017K(720896K), 0.0021749 secs] [Times: user=0.01 sys=0.00, real=0.00 secs] 
2648.030: [GC (Allocation Failure) [PSYoungGen: 62300K->1501K(62976K)] 446941K->386142K(720896K), 0.0017142 secs] [Times: user=0.01 sys=0.00, real=0.00 secs] 
2648.397: [GC (Allocation Failure) [PSYoungGen: 62429K->1549K(62976K)] 447070K->386190K(720896K), 0.0017462 secs] [Times: user=0.01 sys=0.00, real=0.00 secs] 
2648.763: [GC (Allocation Failure) [PSYoungGen: 62477K->1613K(62976K)] 447118K->386262K(720896K), 0.0017761 secs] [Times: user=0.01 sys=0.00, real=0.00 secs] 
2649.129: [GC (Allocation Failure) [PSYoungGen: 62541K->1581K(62976K)] 447190K->386230K(720896K), 0.0018248 secs] [Times: user=0.01 sys=0.00, real=0.00 secs] 
2649.802: [GC (Allocation Failure) [PSYoungGen: 62509K->1440K(62976K)] 447158K->386089K(720896K), 0.0019978 secs] [Times: user=0.01 sys=0.00, real=0.00 secs] 
2650.411: [GC (Allocation Failure) [PSYoungGen: 62368K->1408K(62976K)] 447017K->386057K(720896K), 0.0042837 secs] [Times: user=0.01 sys=0.00, real=0.00 secs] 
2650.748: [GC (Allocation Failure) [PSYoungGen: 62336K->1440K(62976K)] 446985K->386097K(720896K), 0.0030688 secs] [Times: user=0.02 sys=0.00, real=0.00 secs] 
2651.000: [GC (Allocation Failure) [PSYoungGen: 62368K->1408K(62976K)] 447025K->386065K(720896K), 0.0019863 secs] [Times: user=0.01 sys=0.00, real=0.00 secs] 
2651.282: [GC (Allocation Failure) [PSYoungGen: 62332K->1440K(62976K)] 446990K->386097K(720896K), 0.0017309 secs] [Times: user=0.01 sys=0.00, real=0.00 secs] 
2651.651: [GC (Allocation Failure) [PSYoungGen: 62368K->1629K(62976K)] 447025K->386302K(720896K), 0.0018297 secs] [Times: user=0.01 sys=0.00, real=0.00 secs] 
2652.016: [GC (Allocation Failure) [PSYoungGen: 62557K->1549K(62976K)] 447230K->386230K(720896K), 0.0017699 secs] [Times: user=0.01 sys=0.00, real=0.01 secs] 
2652.381: [GC (Allocation Failure) [PSYoungGen: 62477K->1581K(62976K)] 447158K->386262K(720896K), 0.0017788 secs] [Times: user=0.01 sys=0.00, real=0.00 secs] 
2652.940: [GC (Allocation Failure) [PSYoungGen: 62509K->1680K(62976K)] 447190K->386361K(720896K), 0.0018870 secs] [Times: user=0.01 sys=0.00, real=0.00 secs] 
2653.578: [GC (Allocation Failure) [PSYoungGen: 62608K->1376K(62976K)] 447289K->386057K(720896K), 0.0029310 secs] [Times: user=0.01 sys=0.00, real=0.00 secs] 
2653.961: [GC (Allocation Failure) [PSYoungGen: 62304K->1344K(62976K)] 446985K->386025K(720896K), 0.0021709 secs] [Times: user=0.01 sys=0.00, real=0.00 secs] 
2654.214: [GC (Allocation Failure) [PSYoungGen: 62272K->1376K(62976K)] 446953K->386057K(720896K), 0.0016210 secs] [Times: user=0.01 sys=0.00, real=0.00 secs] 
2654.495: [GC (Allocation Failure) [PSYoungGen: 62304K->1376K(62976K)] 446985K->386057K(720896K), 0.0016165 secs] [Times: user=0.01 sys=0.00, real=0.01 secs] 
2654.871: [GC (Allocation Failure) [PSYoungGen: 62304K->1517K(62976K)] 446985K->386198K(720896K), 0.0016935 secs] [Times: user=0.01 sys=0.00, real=0.00 secs] 
2655.236: [GC (Allocation Failure) [PSYoungGen: 62445K->1597K(62976K)] 447126K->386278K(720896K), 0.0017283 secs] [Times: user=0.00 sys=0.00, real=0.01 secs] 
2655.604: [GC (Allocation Failure) [PSYoungGen: 62525K->1549K(62976K)] 447206K->386246K(720896K), 0.0016663 secs] [Times: user=0.01 sys=0.00, real=0.00 secs] 
2655.969: [GC (Allocation Failure) [PSYoungGen: 62477K->1597K(62976K)] 447174K->386294K(720896K), 0.0017023 secs] [Times: user=0.01 sys=0.00, real=0.00 secs] 
2656.483: [GC (Allocation Failure) [PSYoungGen: 62525K->1440K(62976K)] 447222K->386137K(720896K), 0.0021645 secs] [Times: user=0.01 sys=0.00, real=0.00 secs] 
2656.916: [GC (Allocation Failure) [PSYoungGen: 62368K->1376K(62976K)] 447065K->386073K(720896K), 0.0020353 secs] [Times: user=0.01 sys=0.00, real=0.01 secs] 
2657.175: [GC (Allocation Failure) [PSYoungGen: 62304K->1344K(62976K)] 447001K->386041K(720896K), 0.0024227 secs] [Times: user=0.01 sys=0.01, real=0.01 secs] 
2657.441: [GC (Allocation Failure) [PSYoungGen: 62272K->1392K(62976K)] 446969K->386089K(720896K), 0.0021430 secs] [Times: user=0.01 sys=0.01, real=0.00 secs] 
2657.702: [GC (Allocation Failure) [PSYoungGen: 62320K->1376K(62976K)] 447017K->386073K(720896K), 0.0021790 secs] [Times: user=0.01 sys=0.01, real=0.00 secs] 
2658.111: [GC (Allocation Failure) [PSYoungGen: 62275K->1549K(62976K)] 446972K->386246K(720896K), 0.0017225 secs] [Times: user=0.01 sys=0.00, real=0.00 secs] 
2658.477: [GC (Allocation Failure) [PSYoungGen: 62477K->1565K(62976K)] 447174K->386270K(720896K), 0.0018108 secs] [Times: user=0.00 sys=0.00, real=0.00 secs] 
2658.911: [GC (Allocation Failure) [PSYoungGen: 62493K->1613K(62976K)] 447198K->386318K(720896K), 0.0018088 secs] [Times: user=0.01 sys=0.00, real=0.00 secs] 
2659.340: [GC (Allocation Failure) [PSYoungGen: 62541K->1549K(62976K)] 447246K->386254K(720896K), 0.0017387 secs] [Times: user=0.01 sys=0.00, real=0.00 secs] 
2660.582: [GC (Allocation Failure) [PSYoungGen: 62477K->1376K(62976K)] 447182K->386081K(720896K), 0.0049563 secs] [Times: user=0.02 sys=0.01, real=0.01 secs] 
2660.974: [GC (Allocation Failure) [PSYoungGen: 62304K->1376K(62976K)] 447009K->386081K(720896K), 0.0021644 secs] [Times: user=0.01 sys=0.00, real=0.01 secs] 
2661.267: [GC (Allocation Failure) [PSYoungGen: 62304K->1344K(62976K)] 447009K->386049K(720896K), 0.0021112 secs] [Times: user=0.01 sys=0.00, real=0.00 secs] 
2661.761: [GC (Allocation Failure) [PSYoungGen: 62272K->1376K(62976K)] 446977K->386081K(720896K), 0.0019925 secs] [Times: user=0.00 sys=0.00, real=0.00 secs] 
2662.320: [GC (Allocation Failure) [PSYoungGen: 62304K->1453K(62976K)] 447009K->386182K(720896K), 0.0025100 secs] [Times: user=0.01 sys=0.00, real=0.00 secs] 
2662.741: [GC (Allocation Failure) [PSYoungGen: 62381K->1565K(62976K)] 447110K->386294K(720896K), 0.0017864 secs] [Times: user=0.00 sys=0.00, real=0.00 secs] 
2663.107: [GC (Allocation Failure) [PSYoungGen: 62493K->1613K(62976K)] 447222K->386350K(720896K), 0.0018186 secs] [Times: user=0.00 sys=0.00, real=0.00 secs] 
2663.472: [GC (Allocation Failure) [PSYoungGen: 62541K->1565K(62976K)] 447278K->386302K(720896K), 0.0018302 secs] [Times: user=0.01 sys=0.00, real=0.00 secs] 
2663.862: [GC (Allocation Failure) [PSYoungGen: 62493K->1520K(62976K)] 447230K->386257K(720896K), 0.0019634 secs] [Times: user=0.00 sys=0.00, real=0.00 secs] 
2664.139: [GC (Allocation Failure) [PSYoungGen: 62448K->1344K(62976K)] 447185K->386081K(720896K), 0.0026629 secs] [Times: user=0.02 sys=0.00, real=0.00 secs] 
2664.462: [GC (Allocation Failure) [PSYoungGen: 62272K->1408K(62976K)] 447009K->386145K(720896K), 0.0021601 secs] [Times: user=0.01 sys=0.00, real=0.00 secs] 
2664.756: [GC (Allocation Failure) [PSYoungGen: 62336K->1360K(62976K)] 447073K->386097K(720896K), 0.0019644 secs] [Times: user=0.00 sys=0.00, real=0.01 secs] 
2665.157: [GC (Allocation Failure) [PSYoungGen: 62288K->1376K(62976K)] 447025K->386113K(720896K), 0.0017506 secs] [Times: user=0.00 sys=0.00, real=0.00 secs] 
2665.569: [GC (Allocation Failure) [PSYoungGen: 62304K->1565K(62976K)] 447041K->386302K(720896K), 0.0017608 secs] [Times: user=0.00 sys=0.00, real=0.00 secs] 
2665.934: [GC (Allocation Failure) [PSYoungGen: 62493K->1549K(62976K)] 447230K->386286K(720896K), 0.0017712 secs] [Times: user=0.00 sys=0.00, real=0.00 secs] 
2666.298: [GC (Allocation Failure) [PSYoungGen: 62477K->1549K(62976K)] 447214K->386294K(720896K), 0.0017798 secs] [Times: user=0.01 sys=0.00, real=0.00 secs] 
2666.665: [GC (Allocation Failure) [PSYoungGen: 62477K->1549K(62976K)] 447222K->386294K(720896K), 0.0016653 secs] [Times: user=0.00 sys=0.00, real=0.01 secs] 
2666.997: [GC (Allocation Failure) [PSYoungGen: 62477K->1456K(62976K)] 447222K->386201K(720896K), 0.0018761 secs] [Times: user=0.01 sys=0.00, real=0.00 secs] 
2667.250: [GC (Allocation Failure) [PSYoungGen: 62384K->1424K(62976K)] 447129K->386169K(720896K), 0.0019492 secs] [Times: user=0.00 sys=0.00, real=0.00 secs] 
2667.504: [GC (Allocation Failure) [PSYoungGen: 62352K->1408K(62976K)] 447097K->386153K(720896K), 0.0018281 secs] [Times: user=0.00 sys=0.00, real=0.00 secs] 
2667.757: [GC (Allocation Failure) [PSYoungGen: 62336K->1424K(62976K)] 447081K->386169K(720896K), 0.0019775 secs] [Times: user=0.01 sys=0.00, real=0.00 secs] 
2668.009: [GC (Allocation Failure) [PSYoungGen: 62352K->1392K(62976K)] 447097K->386137K(720896K), 0.0018137 secs] [Times: user=0.00 sys=0.00, real=0.00 secs] 
2668.387: [GC (Allocation Failure) [PSYoungGen: 62320K->1565K(62976K)] 447065K->386310K(720896K), 0.0017278 secs] [Times: user=0.00 sys=0.00, real=0.00 secs] 
2668.753: [GC (Allocation Failure) [PSYoungGen: 62493K->1613K(62976K)] 447238K->386374K(720896K), 0.0017628 secs] [Times: user=0.01 sys=0.00, real=0.00 secs] 
2669.116: [GC (Allocation Failure) [PSYoungGen: 62541K->1613K(62976K)] 447302K->386374K(720896K), 0.0016872 secs] [Times: user=0.01 sys=0.00, real=0.00 secs] 
2669.482: [GC (Allocation Failure) [PSYoungGen: 62541K->1581K(62976K)] 447302K->386342K(720896K), 0.0017857 secs] [Times: user=0.01 sys=0.00, real=0.00 secs] 
2670.470: [GC (Allocation Failure) [PSYoungGen: 62509K->1456K(62976K)] 447270K->386217K(720896K), 0.0043191 secs] [Times: user=0.02 sys=0.00, real=0.00 secs] 
2670.979: [GC (Allocation Failure) [PSYoungGen: 62384K->1392K(62976K)] 447145K->386153K(720896K), 0.0033505 secs] [Times: user=0.01 sys=0.00, real=0.00 secs] 
2671.495: [GC (Allocation Failure) [PSYoungGen: 62320K->1424K(62976K)] 447081K->386193K(720896K), 0.0043150 secs] [Times: user=0.02 sys=0.00, real=0.01 secs] 
2671.798: [GC (Allocation Failure) [PSYoungGen: 62352K->1360K(62976K)] 447121K->386129K(720896K), 0.0020124 secs] [Times: user=0.01 sys=0.00, real=0.00 secs] 
2672.118: [GC (Allocation Failure) [PSYoungGen: 62288K->1453K(62976K)] 447057K->386222K(720896K), 0.0015779 secs] [Times: user=0.01 sys=0.00, real=0.00 secs] 
2672.482: [GC (Allocation Failure) [PSYoungGen: 62357K->1597K(62976K)] 447126K->386366K(720896K), 0.0017951 secs] [Times: user=0.00 sys=0.00, real=0.00 secs] 
2672.852: [GC (Allocation Failure) [PSYoungGen: 62525K->1520K(62976K)] 447294K->386321K(720896K), 0.0017229 secs] [Times: user=0.00 sys=0.00, real=0.00 secs] 
2673.276: [GC (Allocation Failure) [PSYoungGen: 62448K->1517K(62976K)] 447249K->386318K(720896K), 0.0018161 secs] [Times: user=0.01 sys=0.00, real=0.00 secs] 
2673.730: [GC (Allocation Failure) [PSYoungGen: 62445K->1472K(62976K)] 447246K->386273K(720896K), 0.0020912 secs] [Times: user=0.01 sys=0.00, real=0.00 secs] 
2674.008: [GC (Allocation Failure) [PSYoungGen: 62400K->1344K(62976K)] 447201K->386145K(720896K), 0.0020935 secs] [Times: user=0.01 sys=0.00, real=0.00 secs] 
2674.262: [GC (Allocation Failure) [PSYoungGen: 62272K->1360K(62976K)] 447073K->386161K(720896K), 0.0020735 secs] [Times: user=0.01 sys=0.00, real=0.00 secs] 
2674.516: [GC (Allocation Failure) [PSYoungGen: 62288K->1312K(62976K)] 447089K->386113K(720896K), 0.0037868 secs] [Times: user=0.02 sys=0.00, real=0.01 secs] 
2674.770: [GC (Allocation Failure) [PSYoungGen: 62240K->1392K(62976K)] 447041K->386193K(720896K), 0.0018395 secs] [Times: user=0.01 sys=0.00, real=0.00 secs] 
2675.131: [GC (Allocation Failure) [PSYoungGen: 62289K->1485K(62976K)] 447091K->386286K(720896K), 0.0016903 secs] [Times: user=0.01 sys=0.00, real=0.00 secs] 
2675.558: [GC (Allocation Failure) [PSYoungGen: 62413K->1520K(62976K)] 447214K->386321K(720896K), 0.0018844 secs] [Times: user=0.01 sys=0.00, real=0.00 secs] 
2675.925: [GC (Allocation Failure) [PSYoungGen: 62448K->1549K(62976K)] 447249K->386358K(720896K), 0.0017376 secs] [Times: user=0.00 sys=0.00, real=0.01 secs] 
2676.354: [GC (Allocation Failure) [PSYoungGen: 62477K->1581K(62976K)] 447286K->386390K(720896K), 0.0017468 secs] [Times: user=0.00 sys=0.00, real=0.00 secs] 
2677.669: [GC (Allocation Failure) [PSYoungGen: 62509K->1408K(62976K)] 447318K->386217K(720896K), 0.0042712 secs] [Times: user=0.02 sys=0.00, real=0.00 secs] 
2678.238: [GC (Allocation Failure) [PSYoungGen: 62336K->1344K(62976K)] 447145K->386153K(720896K), 0.0033050 secs] [Times: user=0.01 sys=0.00, real=0.00 secs] 
2678.928: [GC (Allocation Failure) [PSYoungGen: 62272K->1408K(62976K)] 447081K->386217K(720896K), 0.0034121 secs] [Times: user=0.02 sys=0.00, real=0.00 secs] 
2679.509: [GC (Allocation Failure) [PSYoungGen: 62336K->1392K(62976K)] 447145K->386201K(720896K), 0.0030357 secs] [Times: user=0.02 sys=0.01, real=0.00 secs] 
2680.047: [GC (Allocation Failure) [PSYoungGen: 62320K->1453K(62976K)] 447129K->386262K(720896K), 0.0023647 secs] [Times: user=0.01 sys=0.00, real=0.00 secs] 
2680.454: [GC (Allocation Failure) [PSYoungGen: 62366K->1584K(62976K)] 447176K->386393K(720896K), 0.0017486 secs] [Times: user=0.01 sys=0.00, real=0.00 secs] 
2680.821: [GC (Allocation Failure) [PSYoungGen: 62512K->1552K(62976K)] 447321K->386369K(720896K), 0.0017044 secs] [Times: user=0.00 sys=0.01, real=0.00 secs] 
2681.184: [GC (Allocation Failure) [PSYoungGen: 62480K->1629K(62976K)] 447297K->386446K(720896K), 0.0018459 secs] [Times: user=0.01 sys=0.00, real=0.01 secs] 
2681.573: [GC (Allocation Failure) [PSYoungGen: 62557K->2016K(62976K)] 447374K->386873K(720896K), 0.0019372 secs] [Times: user=0.01 sys=0.00, real=0.00 secs] 
2681.872: [GC (Allocation Failure) [PSYoungGen: 62944K->1376K(62976K)] 447801K->386233K(720896K), 0.0020674 secs] [Times: user=0.01 sys=0.00, real=0.00 secs] 
2682.208: [GC (Allocation Failure) [PSYoungGen: 62304K->1392K(62976K)] 447161K->386249K(720896K), 0.0018625 secs] [Times: user=0.01 sys=0.01, real=0.00 secs] 
2682.729: [GC (Allocation Failure) [PSYoungGen: 62320K->1408K(62976K)] 447177K->386265K(720896K), 0.0029129 secs] [Times: user=0.02 sys=0.00, real=0.00 secs] 
2683.289: [GC (Allocation Failure) [PSYoungGen: 62336K->1376K(62976K)] 447193K->386241K(720896K), 0.0029108 secs] [Times: user=0.01 sys=0.00, real=0.00 secs] 
2683.917: [GC (Allocation Failure) [PSYoungGen: 62304K->1501K(62976K)] 447169K->386366K(720896K), 0.0017205 secs] [Times: user=0.01 sys=0.00, real=0.00 secs] 
2684.280: [GC (Allocation Failure) [PSYoungGen: 62429K->1549K(62976K)] 447294K->386414K(720896K), 0.0017068 secs] [Times: user=0.01 sys=0.00, real=0.00 secs] 
2684.645: [GC (Allocation Failure) [PSYoungGen: 62477K->1549K(62976K)] 447342K->386438K(720896K), 0.0016619 secs] [Times: user=0.01 sys=0.00, real=0.01 secs] 
2685.019: [GC (Allocation Failure) [PSYoungGen: 62477K->1517K(62976K)] 447366K->386406K(720896K), 0.0018153 secs] [Times: user=0.01 sys=0.00, real=0.00 secs] 
2685.550: [GC (Allocation Failure) [PSYoungGen: 62445K->1472K(62976K)] 447334K->386361K(720896K), 0.0020931 secs] [Times: user=0.01 sys=0.00, real=0.00 secs] 
2685.913: [GC (Allocation Failure) [PSYoungGen: 62400K->1408K(62976K)] 447289K->386297K(720896K), 0.0021011 secs] [Times: user=0.01 sys=0.00, real=0.00 secs] 
2686.215: [GC (Allocation Failure) [PSYoungGen: 62336K->1376K(62976K)] 447225K->386265K(720896K), 0.0021653 secs] [Times: user=0.01 sys=0.00, real=0.01 secs] 
2686.469: [GC (Allocation Failure) [PSYoungGen: 62304K->1376K(62976K)] 447193K->386265K(720896K), 0.0021132 secs] [Times: user=0.01 sys=0.00, real=0.00 secs] 
2686.722: [GC (Allocation Failure) [PSYoungGen: 62304K->1360K(62976K)] 447193K->386249K(720896K), 0.0020521 secs] [Times: user=0.01 sys=0.00, real=0.00 secs] 
2687.098: [GC (Allocation Failure) [PSYoungGen: 62288K->1549K(62976K)] 447177K->386438K(720896K), 0.0017584 secs] [Times: user=0.01 sys=0.00, real=0.00 secs] 
2687.462: [GC (Allocation Failure) [PSYoungGen: 62451K->1581K(62976K)] 447340K->386478K(720896K), 0.0017060 secs] [Times: user=0.00 sys=0.00, real=0.00 secs] 
2687.826: [GC (Allocation Failure) [PSYoungGen: 62509K->1597K(62976K)] 447406K->386494K(720896K), 0.0017016 secs] [Times: user=0.01 sys=0.00, real=0.00 secs] 
2688.196: [GC (Allocation Failure) [PSYoungGen: 62525K->1549K(62976K)] 447422K->386446K(720896K), 0.0016751 secs] [Times: user=0.00 sys=0.00, real=0.00 secs] 
2689.182: [GC (Allocation Failure) [PSYoungGen: 62477K->1440K(62976K)] 447374K->386337K(720896K), 0.0034324 secs] [Times: user=0.01 sys=0.00, real=0.00 secs] 
2689.688: [GC (Allocation Failure) [PSYoungGen: 62368K->1376K(62976K)] 447265K->386273K(720896K), 0.0028308 secs] [Times: user=0.01 sys=0.00, real=0.00 secs] 
2690.193: [GC (Allocation Failure) [PSYoungGen: 62304K->1376K(62976K)] 447201K->386273K(720896K), 0.0027947 secs] [Times: user=0.01 sys=0.00, real=0.00 secs] 
2690.601: [GC (Allocation Failure) [PSYoungGen: 62304K->1408K(62976K)] 447201K->386305K(720896K), 0.0020353 secs] [Times: user=0.01 sys=0.01, real=0.00 secs] 
2690.921: [GC (Allocation Failure) [PSYoungGen: 62336K->1517K(62976K)] 447233K->386414K(720896K), 0.0016825 secs] [Times: user=0.01 sys=0.00, real=0.00 secs] 
2691.286: [GC (Allocation Failure) [PSYoungGen: 62445K->1533K(62976K)] 447342K->386430K(720896K), 0.0017886 secs] [Times: user=0.01 sys=0.00, real=0.01 secs] 
2691.650: [GC (Allocation Failure) [PSYoungGen: 62461K->1565K(62976K)] 447358K->386502K(720896K), 0.0017280 secs] [Times: user=0.01 sys=0.00, real=0.00 secs] 
2692.014: [GC (Allocation Failure) [PSYoungGen: 62493K->1549K(62976K)] 447430K->386486K(720896K), 0.0017016 secs] [Times: user=0.01 sys=0.00, real=0.01 secs] 
2692.405: [GC (Allocation Failure) [PSYoungGen: 62477K->1440K(62976K)] 447414K->386377K(720896K), 0.0018977 secs] [Times: user=0.00 sys=0.00, real=0.01 secs] 
2692.921: [GC (Allocation Failure) [PSYoungGen: 62368K->1344K(62976K)] 447305K->386281K(720896K), 0.0018606 secs] [Times: user=0.00 sys=0.00, real=0.00 secs] 
2693.422: [GC (Allocation Failure) [PSYoungGen: 62272K->1376K(62976K)] 447209K->386313K(720896K), 0.0017491 secs] [Times: user=0.01 sys=0.01, real=0.00 secs] 
2693.930: [GC (Allocation Failure) [PSYoungGen: 62304K->1344K(62976K)] 447241K->386281K(720896K), 0.0019171 secs] [Times: user=0.01 sys=0.01, real=0.00 secs] 
2694.472: [GC (Allocation Failure) [PSYoungGen: 62272K->1344K(62976K)] 447209K->386281K(720896K), 0.0020369 secs] [Times: user=0.01 sys=0.00, real=0.00 secs] 
2694.925: [GC (Allocation Failure) [PSYoungGen: 62272K->1533K(62976K)] 447209K->386470K(720896K), 0.0017329 secs] [Times: user=0.01 sys=0.00, real=0.01 secs] 
2695.300: [GC (Allocation Failure) [PSYoungGen: 62461K->1549K(62976K)] 447398K->386486K(720896K), 0.0016637 secs] [Times: user=0.01 sys=0.00, real=0.00 secs] 
2695.665: [GC (Allocation Failure) [PSYoungGen: 62446K->1581K(62976K)] 447384K->386542K(720896K), 0.0019581 secs] [Times: user=0.01 sys=0.00, real=0.01 secs] 
2696.031: [GC (Allocation Failure) [PSYoungGen: 62509K->1584K(62976K)] 447470K->386545K(720896K), 0.0017097 secs] [Times: user=0.01 sys=0.00, real=0.00 secs] 
2696.336: [GC (Allocation Failure) [PSYoungGen: 62512K->1456K(62976K)] 447473K->386417K(720896K), 0.0018125 secs] [Times: user=0.01 sys=0.00, real=0.01 secs] 
2696.589: [GC (Allocation Failure) [PSYoungGen: 62384K->1376K(62976K)] 447345K->386337K(720896K), 0.0018594 secs] [Times: user=0.00 sys=0.00, real=0.00 secs] 
2696.852: [GC (Allocation Failure) [PSYoungGen: 62304K->1408K(62976K)] 447265K->386369K(720896K), 0.0017925 secs] [Times: user=0.00 sys=0.00, real=0.00 secs] 
2697.105: [GC (Allocation Failure) [PSYoungGen: 62336K->1392K(62976K)] 447297K->386353K(720896K), 0.0017750 secs] [Times: user=0.01 sys=0.00, real=0.01 secs] 
2697.365: [GC (Allocation Failure) [PSYoungGen: 62184K->288K(62976K)] 447145K->385249K(720896K), 0.0018137 secs] [Times: user=0.00 sys=0.00, real=0.01 secs] 
2697.728: [GC (Allocation Failure) [PSYoungGen: 61216K->1533K(62976K)] 446177K->386494K(720896K), 0.0017161 secs] [Times: user=0.01 sys=0.00, real=0.00 secs] 
2698.094: [GC (Allocation Failure) [PSYoungGen: 62461K->1549K(62976K)] 447422K->386518K(720896K), 0.0017655 secs] [Times: user=0.01 sys=0.00, real=0.00 secs] 
2698.463: [GC (Allocation Failure) [PSYoungGen: 62477K->1597K(62976K)] 447446K->386566K(720896K), 0.0017935 secs] [Times: user=0.00 sys=0.00, real=0.00 secs] 
2698.827: [GC (Allocation Failure) [PSYoungGen: 62525K->1629K(62976K)] 447494K->386598K(720896K), 0.0016986 secs] [Times: user=0.01 sys=0.00, real=0.00 secs] 
2699.688: [GC (Allocation Failure) [PSYoungGen: 62557K->1408K(62976K)] 447526K->386377K(720896K), 0.0046200 secs] [Times: user=0.02 sys=0.00, real=0.00 secs] 
2700.570: [GC (Allocation Failure) [PSYoungGen: 62336K->1408K(62976K)] 447305K->386377K(720896K), 0.0032830 secs] [Times: user=0.01 sys=0.00, real=0.00 secs] 
2701.144: [GC (Allocation Failure) [PSYoungGen: 62336K->1360K(62976K)] 447305K->386337K(720896K), 0.0029077 secs] [Times: user=0.01 sys=0.00, real=0.01 secs] 
2701.653: [GC (Allocation Failure) [PSYoungGen: 62288K->1376K(62976K)] 447265K->386353K(720896K), 0.0025715 secs] [Times: user=0.01 sys=0.00, real=0.00 secs] 
2702.248: [GC (Allocation Failure) [PSYoungGen: 62304K->1501K(62976K)] 447281K->386502K(720896K), 0.0017125 secs] [Times: user=0.01 sys=0.00, real=0.00 secs] 
2702.612: [GC (Allocation Failure) [PSYoungGen: 62429K->1549K(62976K)] 447430K->386550K(720896K), 0.0017304 secs] [Times: user=0.00 sys=0.00, real=0.00 secs] 
2702.978: [GC (Allocation Failure) [PSYoungGen: 62474K->1552K(62976K)] 447476K->386561K(720896K), 0.0017471 secs] [Times: user=0.01 sys=0.00, real=0.00 secs] 
2703.347: [GC (Allocation Failure) [PSYoungGen: 62480K->1533K(62976K)] 447489K->386542K(720896K), 0.0017727 secs] [Times: user=0.01 sys=0.00, real=0.00 secs] 
2703.847: [GC (Allocation Failure) [PSYoungGen: 62461K->1472K(62976K)] 447470K->386481K(720896K), 0.0020937 secs] [Times: user=0.01 sys=0.00, real=0.00 secs] 
2704.319: [GC (Allocation Failure) [PSYoungGen: 62400K->1392K(62976K)] 447409K->386401K(720896K), 0.0021616 secs] [Times: user=0.01 sys=0.00, real=0.00 secs] 
2704.862: [GC (Allocation Failure) [PSYoungGen: 62320K->1344K(62976K)] 447329K->386353K(720896K), 0.0024820 secs] [Times: user=0.01 sys=0.00, real=0.00 secs] 
2705.437: [GC (Allocation Failure) [PSYoungGen: 62272K->1376K(62976K)] 447281K->386385K(720896K), 0.0024764 secs] [Times: user=0.01 sys=0.00, real=0.00 secs] 
2705.891: [GC (Allocation Failure) [PSYoungGen: 62304K->1344K(62976K)] 447313K->386353K(720896K), 0.0024560 secs] [Times: user=0.01 sys=0.01, real=0.00 secs] 
2706.311: [GC (Allocation Failure) [PSYoungGen: 62272K->1533K(62976K)] 447281K->386542K(720896K), 0.0016803 secs] [Times: user=0.01 sys=0.00, real=0.00 secs] 
2706.675: [GC (Allocation Failure) [PSYoungGen: 62461K->1613K(62976K)] 447470K->386622K(720896K), 0.0016975 secs] [Times: user=0.01 sys=0.00, real=0.01 secs] 
2707.040: [GC (Allocation Failure) [PSYoungGen: 62541K->1581K(62976K)] 447550K->386606K(720896K), 0.0016909 secs] [Times: user=0.01 sys=0.00, real=0.00 secs] 
2707.407: [GC (Allocation Failure) [PSYoungGen: 62509K->1517K(62976K)] 447534K->386542K(720896K), 0.0017795 secs] [Times: user=0.01 sys=0.00, real=0.00 secs] 
2707.919: [GC (Allocation Failure) [PSYoungGen: 62445K->1408K(62976K)] 447470K->386433K(720896K), 0.0020441 secs] [Times: user=0.01 sys=0.00, real=0.00 secs] 
2708.381: [GC (Allocation Failure) [PSYoungGen: 62336K->1376K(62976K)] 447361K->386401K(720896K), 0.0019198 secs] [Times: user=0.01 sys=0.00, real=0.00 secs] 
2708.875: [GC (Allocation Failure) [PSYoungGen: 62304K->1344K(62976K)] 447329K->386369K(720896K), 0.0021621 secs] [Times: user=0.01 sys=0.00, real=0.01 secs] 
2709.338: [GC (Allocation Failure) [PSYoungGen: 62272K->1376K(62976K)] 447297K->386401K(720896K), 0.0019007 secs] [Times: user=0.01 sys=0.00, real=0.00 secs] 
2709.907: [GC (Allocation Failure) [PSYoungGen: 62304K->1469K(62976K)] 447329K->386494K(720896K), 0.0020084 secs] [Times: user=0.01 sys=0.00, real=0.00 secs] 
2710.283: [GC (Allocation Failure) [PSYoungGen: 62397K->1581K(62976K)] 447422K->386606K(720896K), 0.0017253 secs] [Times: user=0.01 sys=0.00, real=0.00 secs] 
2710.647: [GC (Allocation Failure) [PSYoungGen: 62509K->1533K(62976K)] 447534K->386574K(720896K), 0.0018137 secs] [Times: user=0.00 sys=0.00, real=0.00 secs] 
2711.013: [GC (Allocation Failure) [PSYoungGen: 62461K->1581K(62976K)] 447502K->386622K(720896K), 0.0017876 secs] [Times: user=0.01 sys=0.00, real=0.00 secs] 
2711.409: [GC (Allocation Failure) [PSYoungGen: 62509K->1840K(62976K)] 447550K->386881K(720896K), 0.0020061 secs] [Times: user=0.01 sys=0.00, real=0.00 secs] 
2711.668: [GC (Allocation Failure) [PSYoungGen: 62768K->1344K(62976K)] 447809K->386385K(720896K), 0.0019525 secs] [Times: user=0.01 sys=0.00, real=0.00 secs] 
2711.921: [GC (Allocation Failure) [PSYoungGen: 62272K->1376K(62976K)] 447313K->386433K(720896K), 0.0021091 secs] [Times: user=0.01 sys=0.01, real=0.00 secs] 
2712.175: [GC (Allocation Failure) [PSYoungGen: 62304K->1376K(62976K)] 447361K->386433K(720896K), 0.0019727 secs] [Times: user=0.01 sys=0.00, real=0.01 secs] 
2712.428: [GC (Allocation Failure) [PSYoungGen: 62304K->1360K(62976K)] 447361K->386417K(720896K), 0.0019516 secs] [Times: user=0.01 sys=0.00, real=0.00 secs] 
2712.765: [GC (Allocation Failure) [PSYoungGen: 62286K->1581K(62976K)] 447343K->386638K(720896K), 0.0017184 secs] [Times: user=0.01 sys=0.00, real=0.01 secs] 
2713.133: [GC (Allocation Failure) [PSYoungGen: 62509K->1629K(62976K)] 447566K->386686K(720896K), 0.0017761 secs] [Times: user=0.00 sys=0.00, real=0.00 secs] 
2713.550: [GC (Allocation Failure) [PSYoungGen: 62557K->1520K(62976K)] 447614K->386585K(720896K), 0.0018361 secs] [Times: user=0.01 sys=0.00, real=0.00 secs] 
2713.973: [GC (Allocation Failure) [PSYoungGen: 62448K->1517K(62976K)] 447513K->386582K(720896K), 0.0017741 secs] [Times: user=0.00 sys=0.00, real=0.00 secs] 
2714.587: [GC (Allocation Failure) [PSYoungGen: 62445K->1456K(62976K)] 447510K->386521K(720896K), 0.0031544 secs] [Times: user=0.01 sys=0.00, real=0.00 secs] 
2715.113: [GC (Allocation Failure) [PSYoungGen: 62384K->1344K(62976K)] 447449K->386409K(720896K), 0.0023868 secs] [Times: user=0.01 sys=0.00, real=0.00 secs] 
2715.583: [GC (Allocation Failure) [PSYoungGen: 62272K->1344K(62976K)] 447337K->386409K(720896K), 0.0023025 secs] [Times: user=0.01 sys=0.00, real=0.00 secs] 
2716.063: [GC (Allocation Failure) [PSYoungGen: 62272K->1344K(62976K)] 447337K->386409K(720896K), 0.0023013 secs] [Times: user=0.00 sys=0.00, real=0.00 secs] 
2716.515: [GC (Allocation Failure) [PSYoungGen: 62272K->1344K(62976K)] 447337K->386409K(720896K), 0.0023602 secs] [Times: user=0.01 sys=0.00, real=0.01 secs] 
2716.972: [GC (Allocation Failure) [PSYoungGen: 62272K->1485K(62976K)] 447337K->386550K(720896K), 0.0018807 secs] [Times: user=0.01 sys=0.00, real=0.00 secs] 
2717.337: [GC (Allocation Failure) [PSYoungGen: 62413K->1549K(62976K)] 447478K->386622K(720896K), 0.0018175 secs] [Times: user=0.01 sys=0.00, real=0.00 secs] 
2717.704: [GC (Allocation Failure) [PSYoungGen: 62477K->1629K(62976K)] 447550K->386702K(720896K), 0.0016628 secs] [Times: user=0.00 sys=0.00, real=0.00 secs] 
2718.137: [GC (Allocation Failure) [PSYoungGen: 62557K->1549K(62976K)] 447630K->386622K(720896K), 0.0017819 secs] [Times: user=0.01 sys=0.00, real=0.00 secs] 
2718.448: [GC (Allocation Failure) [PSYoungGen: 62477K->1408K(62976K)] 447550K->386481K(720896K), 0.0020329 secs] [Times: user=0.00 sys=0.00, real=0.00 secs] 
2718.720: [GC (Allocation Failure) [PSYoungGen: 62336K->1344K(62976K)] 447409K->386417K(720896K), 0.0024990 secs] [Times: user=0.01 sys=0.00, real=0.00 secs] 
2719.014: [GC (Allocation Failure) [PSYoungGen: 62272K->1360K(62976K)] 447345K->386433K(720896K), 0.0025873 secs] [Times: user=0.01 sys=0.01, real=0.01 secs] 
2719.306: [GC (Allocation Failure) [PSYoungGen: 62288K->1392K(62976K)] 447361K->386465K(720896K), 0.0020813 secs] [Times: user=0.01 sys=0.00, real=0.01 secs] 
2719.644: [GC (Allocation Failure) [PSYoungGen: 62297K->1437K(62976K)] 447370K->386510K(720896K), 0.0016652 secs] [Times: user=0.01 sys=0.00, real=0.00 secs] 
2720.010: [GC (Allocation Failure) [PSYoungGen: 62365K->1565K(62976K)] 447438K->386638K(720896K), 0.0016965 secs] [Times: user=0.01 sys=0.00, real=0.00 secs] 
2720.373: [GC (Allocation Failure) [PSYoungGen: 62493K->1549K(62976K)] 447566K->386646K(720896K), 0.0018247 secs] [Times: user=0.00 sys=0.00, real=0.00 secs] 
2720.738: [GC (Allocation Failure) [PSYoungGen: 62477K->1552K(62976K)] 447574K->386649K(720896K), 0.0018095 secs] [Times: user=0.01 sys=0.00, real=0.00 secs] 
2721.513: [GC (Allocation Failure) [PSYoungGen: 62480K->1440K(62976K)] 447577K->386553K(720896K), 0.0025281 secs] [Times: user=0.01 sys=0.00, real=0.00 secs] 
2722.108: [GC (Allocation Failure) [PSYoungGen: 62368K->1392K(62976K)] 447481K->386505K(720896K), 0.0039922 secs] [Times: user=0.02 sys=0.00, real=0.00 secs] 
2722.639: [GC (Allocation Failure) [PSYoungGen: 62320K->1376K(62976K)] 447433K->386489K(720896K), 0.0028308 secs] [Times: user=0.01 sys=0.00, real=0.00 secs] 
2723.121: [GC (Allocation Failure) [PSYoungGen: 62304K->1344K(62976K)] 447417K->386457K(720896K), 0.0032197 secs] [Times: user=0.02 sys=0.00, real=0.00 secs] 
2723.371: [GC (Allocation Failure) [PSYoungGen: 62272K->1424K(62976K)] 447385K->386537K(720896K), 0.0021215 secs] [Times: user=0.01 sys=0.00, real=0.00 secs] 
2723.728: [GC (Allocation Failure) [PSYoungGen: 62352K->1517K(62976K)] 447465K->386630K(720896K), 0.0017721 secs] [Times: user=0.00 sys=0.00, real=0.00 secs] 
2724.092: [GC (Allocation Failure) [PSYoungGen: 62445K->1597K(62976K)] 447558K->386710K(720896K), 0.0018541 secs] [Times: user=0.01 sys=0.00, real=0.00 secs] 
2724.458: [GC (Allocation Failure) [PSYoungGen: 62525K->1517K(62976K)] 447638K->386638K(720896K), 0.0018558 secs] [Times: user=0.01 sys=0.00, real=0.00 secs] 
2724.824: [GC (Allocation Failure) [PSYoungGen: 62445K->1517K(62976K)] 447566K->386638K(720896K), 0.0017651 secs] [Times: user=0.01 sys=0.00, real=0.00 secs] 
2725.376: [GC (Allocation Failure) [PSYoungGen: 62445K->1408K(62976K)] 447566K->386529K(720896K), 0.0020304 secs] [Times: user=0.01 sys=0.00, real=0.01 secs] 
2725.929: [GC (Allocation Failure) [PSYoungGen: 62336K->1344K(62976K)] 447457K->386465K(720896K), 0.0027960 secs] [Times: user=0.01 sys=0.00, real=0.00 secs] 
2726.239: [GC (Allocation Failure) [PSYoungGen: 62272K->1376K(62976K)] 447393K->386497K(720896K), 0.0020986 secs] [Times: user=0.01 sys=0.00, real=0.00 secs] 
2726.544: [GC (Allocation Failure) [PSYoungGen: 62304K->1376K(62976K)] 447425K->386497K(720896K), 0.0019619 secs] [Times: user=0.01 sys=0.00, real=0.00 secs] 
2726.898: [GC (Allocation Failure) [PSYoungGen: 62304K->1408K(62976K)] 447425K->386529K(720896K), 0.0019359 secs] [Times: user=0.01 sys=0.00, real=0.00 secs] 
2727.271: [GC (Allocation Failure) [PSYoungGen: 62336K->1549K(62976K)] 447457K->386670K(720896K), 0.0018067 secs] [Times: user=0.00 sys=0.00, real=0.00 secs] 
2727.637: [GC (Allocation Failure) [PSYoungGen: 62477K->1629K(62976K)] 447598K->386758K(720896K), 0.0017157 secs] [Times: user=0.01 sys=0.00, real=0.00 secs] 
2728.002: [GC (Allocation Failure) [PSYoungGen: 62557K->1581K(62976K)] 447686K->386710K(720896K), 0.0018189 secs] [Times: user=0.01 sys=0.00, real=0.00 secs] 
2728.462: [GC (Allocation Failure) [PSYoungGen: 62426K->256K(62976K)] 447556K->385385K(720896K), 0.0018401 secs] [Times: user=0.00 sys=0.00, real=0.00 secs] 
2728.785: [GC (Allocation Failure) [PSYoungGen: 61184K->1376K(62976K)] 446313K->386505K(720896K), 0.0020594 secs] [Times: user=0.01 sys=0.00, real=0.01 secs] 
2729.273: [GC (Allocation Failure) [PSYoungGen: 62304K->1392K(62976K)] 447433K->386521K(720896K), 0.0021126 secs] [Times: user=0.00 sys=0.00, real=0.00 secs] 
2729.830: [GC (Allocation Failure) [PSYoungGen: 62320K->1376K(62976K)] 447449K->386505K(720896K), 0.0024048 secs] [Times: user=0.01 sys=0.00, real=0.00 secs] 
2730.611: [GC (Allocation Failure) [PSYoungGen: 62304K->1344K(62976K)] 447433K->386473K(720896K), 0.0027355 secs] [Times: user=0.01 sys=0.00, real=0.00 secs] 
2731.376: [GC (Allocation Failure) [PSYoungGen: 62272K->1501K(62976K)] 447401K->386630K(720896K), 0.0016935 secs] [Times: user=0.00 sys=0.00, real=0.01 secs] 
2731.740: [GC (Allocation Failure) [PSYoungGen: 62429K->1549K(62976K)] 447558K->386678K(720896K), 0.0016905 secs] [Times: user=0.01 sys=0.00, real=0.00 secs] 
2732.107: [GC (Allocation Failure) [PSYoungGen: 62446K->1581K(62976K)] 447575K->386718K(720896K), 0.0018310 secs] [Times: user=0.01 sys=0.00, real=0.00 secs] 
2732.473: [GC (Allocation Failure) [PSYoungGen: 62509K->1597K(62976K)] 447646K->386750K(720896K), 0.0017866 secs] [Times: user=0.00 sys=0.00, real=0.00 secs] 
2733.063: [GC (Allocation Failure) [PSYoungGen: 62525K->1440K(62976K)] 447678K->386593K(720896K), 0.0018210 secs] [Times: user=0.01 sys=0.00, real=0.00 secs] 
2733.793: [GC (Allocation Failure) [PSYoungGen: 62368K->1312K(62976K)] 447521K->386465K(720896K), 0.0023240 secs] [Times: user=0.01 sys=0.00, real=0.00 secs] 
2734.050: [GC (Allocation Failure) [PSYoungGen: 62240K->1392K(62976K)] 447393K->386545K(720896K), 0.0021153 secs] [Times: user=0.00 sys=0.00, real=0.00 secs] 
2734.334: [GC (Allocation Failure) [PSYoungGen: 62320K->1344K(62976K)] 447473K->386497K(720896K), 0.0020298 secs] [Times: user=0.01 sys=0.00, real=0.01 secs] 
2734.587: [GC (Allocation Failure) [PSYoungGen: 62272K->1344K(62976K)] 447425K->386497K(720896K), 0.0020541 secs] [Times: user=0.00 sys=0.00, real=0.00 secs] 
2734.991: [GC (Allocation Failure) [PSYoungGen: 62272K->1533K(62976K)] 447425K->386686K(720896K), 0.0017415 secs] [Times: user=0.01 sys=0.00, real=0.00 secs] 
2735.355: [GC (Allocation Failure) [PSYoungGen: 62461K->1549K(62976K)] 447614K->386710K(720896K), 0.0017368 secs] [Times: user=0.01 sys=0.00, real=0.01 secs] 
2735.777: [GC (Allocation Failure) [PSYoungGen: 62460K->1613K(62976K)] 447622K->386782K(720896K), 0.0018230 secs] [Times: user=0.00 sys=0.00, real=0.00 secs] 
2736.213: [GC (Allocation Failure) [PSYoungGen: 62541K->1581K(62976K)] 447710K->386750K(720896K), 0.0018121 secs] [Times: user=0.01 sys=0.00, real=0.00 secs] 
2737.355: [GC (Allocation Failure) [PSYoungGen: 62509K->1440K(62976K)] 447678K->386609K(720896K), 0.0033511 secs] [Times: user=0.01 sys=0.00, real=0.01 secs] 
2737.742: [GC (Allocation Failure) [PSYoungGen: 62368K->1408K(62976K)] 447537K->386577K(720896K), 0.0020062 secs] [Times: user=0.01 sys=0.00, real=0.00 secs] 
2738.016: [GC (Allocation Failure) [PSYoungGen: 62336K->1376K(62976K)] 447505K->386545K(720896K), 0.0020702 secs] [Times: user=0.01 sys=0.00, real=0.01 secs] 
2738.269: [GC (Allocation Failure) [PSYoungGen: 62304K->1424K(62976K)] 447473K->386593K(720896K), 0.0020450 secs] [Times: user=0.01 sys=0.00, real=0.00 secs] 
2738.560: [GC (Allocation Failure) [PSYoungGen: 62352K->1485K(62976K)] 447521K->386654K(720896K), 0.0015257 secs] [Times: user=0.00 sys=0.00, real=0.00 secs] 
2738.930: [GC (Allocation Failure) [PSYoungGen: 62413K->1613K(62976K)] 447582K->386782K(720896K), 0.0017897 secs] [Times: user=0.00 sys=0.00, real=0.00 secs] 
2739.294: [GC (Allocation Failure) [PSYoungGen: 62541K->1597K(62976K)] 447710K->386774K(720896K), 0.0017742 secs] [Times: user=0.01 sys=0.00, real=0.00 secs] 
2739.662: [GC (Allocation Failure) [PSYoungGen: 62525K->1549K(62976K)] 447702K->386726K(720896K), 0.0017314 secs] [Times: user=0.00 sys=0.00, real=0.00 secs] 
2740.300: [GC (Allocation Failure) [PSYoungGen: 62477K->1984K(62976K)] 447654K->387161K(720896K), 0.0026979 secs] [Times: user=0.01 sys=0.00, real=0.00 secs] 
2740.903: [GC (Allocation Failure) [PSYoungGen: 62912K->1392K(62976K)] 448089K->386569K(720896K), 0.0034763 secs] [Times: user=0.01 sys=0.00, real=0.01 secs] 
2741.519: [GC (Allocation Failure) [PSYoungGen: 62320K->1440K(62976K)] 447497K->386617K(720896K), 0.0029251 secs] [Times: user=0.01 sys=0.00, real=0.00 secs] 
2741.776: [GC (Allocation Failure) [PSYoungGen: 62368K->1376K(62976K)] 447545K->386553K(720896K), 0.0021252 secs] [Times: user=0.01 sys=0.00, real=0.00 secs] 
2742.030: [GC (Allocation Failure) [PSYoungGen: 62304K->1408K(62976K)] 447481K->386585K(720896K), 0.0020228 secs] [Times: user=0.01 sys=0.00, real=0.00 secs] 
2742.377: [GC (Allocation Failure) [PSYoungGen: 62336K->1565K(62976K)] 447513K->386766K(720896K), 0.0016534 secs] [Times: user=0.00 sys=0.00, real=0.00 secs] 
2742.741: [GC (Allocation Failure) [PSYoungGen: 62493K->1581K(62976K)] 447694K->386782K(720896K), 0.0016945 secs] [Times: user=0.00 sys=0.00, real=0.00 secs] 
2743.170: [GC (Allocation Failure) [PSYoungGen: 62509K->1549K(62976K)] 447710K->386774K(720896K), 0.0018281 secs] [Times: user=0.00 sys=0.00, real=0.00 secs] 
2743.538: [GC (Allocation Failure) [PSYoungGen: 62477K->1549K(62976K)] 447702K->386774K(720896K), 0.0018737 secs] [Times: user=0.01 sys=0.00, real=0.00 secs] 
2744.594: [GC (Allocation Failure) [PSYoungGen: 62477K->1440K(62976K)] 447702K->386665K(720896K), 0.0035397 secs] [Times: user=0.02 sys=0.00, real=0.01 secs] 
2745.218: [GC (Allocation Failure) [PSYoungGen: 62368K->1392K(62976K)] 447593K->386617K(720896K), 0.0029850 secs] [Times: user=0.01 sys=0.00, real=0.00 secs] 
2745.757: [GC (Allocation Failure) [PSYoungGen: 62320K->1376K(62976K)] 447545K->386601K(720896K), 0.0030066 secs] [Times: user=0.01 sys=0.00, real=0.00 secs] 
2746.241: [GC (Allocation Failure) [PSYoungGen: 62304K->1408K(62976K)] 447529K->386633K(720896K), 0.0027984 secs] [Times: user=0.01 sys=0.00, real=0.00 secs] 
2746.716: [GC (Allocation Failure) [PSYoungGen: 62336K->1408K(62976K)] 447561K->386633K(720896K), 0.0028009 secs] [Times: user=0.01 sys=0.00, real=0.01 secs] 
2747.188: [GC (Allocation Failure) [PSYoungGen: 62336K->1533K(62976K)] 447561K->386758K(720896K), 0.0017575 secs] [Times: user=0.00 sys=0.00, real=0.00 secs] 
2747.555: [GC (Allocation Failure) [PSYoungGen: 62461K->1533K(62976K)] 447686K->386782K(720896K), 0.0017979 secs] [Times: user=0.01 sys=0.00, real=0.01 secs] 
2747.920: [GC (Allocation Failure) [PSYoungGen: 62461K->1549K(62976K)] 447710K->386798K(720896K), 0.0017418 secs] [Times: user=0.00 sys=0.00, real=0.00 secs] 
2748.286: [GC (Allocation Failure) [PSYoungGen: 62477K->1533K(62976K)] 447726K->386782K(720896K), 0.0017620 secs] [Times: user=0.00 sys=0.00, real=0.00 secs] 
2748.577: [GC (Allocation Failure) [PSYoungGen: 62461K->1408K(62976K)] 447710K->386657K(720896K), 0.0018782 secs] [Times: user=0.00 sys=0.00, real=0.00 secs] 
2748.830: [GC (Allocation Failure) [PSYoungGen: 62336K->1424K(62976K)] 447585K->386673K(720896K), 0.0018650 secs] [Times: user=0.01 sys=0.00, real=0.00 secs] 
2749.083: [GC (Allocation Failure) [PSYoungGen: 62352K->1360K(62976K)] 447601K->386609K(720896K), 0.0018625 secs] [Times: user=0.00 sys=0.00, real=0.00 secs] 
2749.538: [GC (Allocation Failure) [PSYoungGen: 62288K->1376K(62976K)] 447537K->386625K(720896K), 0.0026210 secs] [Times: user=0.01 sys=0.00, real=0.00 secs] 
2750.088: [GC (Allocation Failure) [PSYoungGen: 62304K->1453K(62976K)] 447553K->386702K(720896K), 0.0015758 secs] [Times: user=0.01 sys=0.00, real=0.00 secs] 
2750.453: [GC (Allocation Failure) [PSYoungGen: 62367K->1597K(62976K)] 447617K->386846K(720896K), 0.0017420 secs] [Times: user=0.01 sys=0.00, real=0.00 secs] 
2750.819: [GC (Allocation Failure) [PSYoungGen: 62525K->1549K(62976K)] 447774K->386814K(720896K), 0.0017679 secs] [Times: user=0.00 sys=0.00, real=0.00 secs] 
2751.185: [GC (Allocation Failure) [PSYoungGen: 62477K->1533K(62976K)] 447742K->386798K(720896K), 0.0018323 secs] [Times: user=0.01 sys=0.00, real=0.01 secs] 
2751.530: [GC (Allocation Failure) [PSYoungGen: 62461K->1440K(62976K)] 447726K->386713K(720896K), 0.0017820 secs] [Times: user=0.01 sys=0.00, real=0.00 secs] 
2751.782: [GC (Allocation Failure) [PSYoungGen: 62368K->1344K(62976K)] 447641K->386617K(720896K), 0.0015622 secs] [Times: user=0.01 sys=0.00, real=0.00 secs] 
2752.035: [GC (Allocation Failure) [PSYoungGen: 62272K->1376K(62976K)] 447545K->386649K(720896K), 0.0016091 secs] [Times: user=0.01 sys=0.00, real=0.01 secs] 
2752.311: [GC (Allocation Failure) [PSYoungGen: 62304K->1408K(62976K)] 447577K->386681K(720896K), 0.0020033 secs] [Times: user=0.00 sys=0.00, real=0.00 secs] 
2752.669: [GC (Allocation Failure) [PSYoungGen: 62336K->1344K(62976K)] 447609K->386617K(720896K), 0.0025349 secs] [Times: user=0.01 sys=0.00, real=0.00 secs] 
2753.100: [GC (Allocation Failure) [PSYoungGen: 62272K->1485K(62976K)] 447545K->386758K(720896K), 0.0017449 secs] [Times: user=0.00 sys=0.00, real=0.00 secs] 
2753.466: [GC (Allocation Failure) [PSYoungGen: 62413K->1517K(62976K)] 447686K->386790K(720896K), 0.0017169 secs] [Times: user=0.01 sys=0.00, real=0.01 secs] 
2753.831: [GC (Allocation Failure) [PSYoungGen: 62417K->1597K(62976K)] 447691K->386878K(720896K), 0.0017507 secs] [Times: user=0.01 sys=0.00, real=0.00 secs] 
2754.255: [GC (Allocation Failure) [PSYoungGen: 62525K->1517K(62976K)] 447806K->386798K(720896K), 0.0016195 secs] [Times: user=0.01 sys=0.00, real=0.01 secs] 
2754.812: [GC (Allocation Failure) [PSYoungGen: 62445K->1408K(62976K)] 447726K->386689K(720896K), 0.0020663 secs] [Times: user=0.01 sys=0.00, real=0.00 secs] 
2755.381: [GC (Allocation Failure) [PSYoungGen: 62336K->1376K(62976K)] 447617K->386657K(720896K), 0.0028579 secs] [Times: user=0.01 sys=0.00, real=0.00 secs] 
2755.920: [GC (Allocation Failure) [PSYoungGen: 62304K->1408K(62976K)] 447585K->386689K(720896K), 0.0031164 secs] [Times: user=0.02 sys=0.00, real=0.00 secs] 
2756.431: [GC (Allocation Failure) [PSYoungGen: 62336K->1344K(62976K)] 447617K->386625K(720896K), 0.0033282 secs] [Times: user=0.01 sys=0.00, real=0.00 secs] 
2756.844: [GC (Allocation Failure) [PSYoungGen: 62272K->1501K(62976K)] 447553K->386782K(720896K), 0.0022154 secs] [Times: user=0.01 sys=0.00, real=0.01 secs] 
2757.329: [GC (Allocation Failure) [PSYoungGen: 62429K->1565K(62976K)] 447710K->386846K(720896K), 0.0017627 secs] [Times: user=0.00 sys=0.00, real=0.00 secs] 
2757.694: [GC (Allocation Failure) [PSYoungGen: 62493K->1517K(62976K)] 447774K->386806K(720896K), 0.0017586 secs] [Times: user=0.00 sys=0.00, real=0.00 secs] 
2758.059: [GC (Allocation Failure) [PSYoungGen: 62445K->1597K(62976K)] 447734K->386886K(720896K), 0.0017942 secs] [Times: user=0.00 sys=0.00, real=0.00 secs] 
2758.479: [GC (Allocation Failure) [PSYoungGen: 62525K->1600K(62976K)] 447814K->386889K(720896K), 0.0018845 secs] [Times: user=0.01 sys=0.00, real=0.00 secs] 
2759.114: [GC (Allocation Failure) [PSYoungGen: 62528K->1344K(62976K)] 447817K->386633K(720896K), 0.0031791 secs] [Times: user=0.02 sys=0.00, real=0.01 secs] 
2759.794: [GC (Allocation Failure) [PSYoungGen: 62272K->1360K(62976K)] 447561K->386649K(720896K), 0.0033256 secs] [Times: user=0.01 sys=0.00, real=0.01 secs] 
2760.475: [GC (Allocation Failure) [PSYoungGen: 62288K->1376K(62976K)] 447577K->386665K(720896K), 0.0034236 secs] [Times: user=0.01 sys=0.00, real=0.01 secs] 
2761.125: [GC (Allocation Failure) [PSYoungGen: 62304K->1392K(62976K)] 447593K->386681K(720896K), 0.0028228 secs] [Times: user=0.01 sys=0.00, real=0.01 secs] 
2761.623: [GC (Allocation Failure) [PSYoungGen: 62320K->1453K(62976K)] 447609K->386742K(720896K), 0.0016097 secs] [Times: user=0.01 sys=0.00, real=0.00 secs] 
2761.986: [GC (Allocation Failure) [PSYoungGen: 62381K->1629K(62976K)] 447670K->386918K(720896K), 0.0017097 secs] [Times: user=0.01 sys=0.00, real=0.00 secs] 
2762.353: [GC (Allocation Failure) [PSYoungGen: 62557K->1565K(62976K)] 447846K->386862K(720896K), 0.0017699 secs] [Times: user=0.01 sys=0.00, real=0.00 secs] 
2762.778: [GC (Allocation Failure) [PSYoungGen: 62493K->1581K(62976K)] 447790K->386878K(720896K), 0.0017924 secs] [Times: user=0.01 sys=0.00, real=0.00 secs] 
2763.841: [GC (Allocation Failure) [PSYoungGen: 62509K->1408K(62976K)] 447806K->386737K(720896K), 0.0042383 secs] [Times: user=0.01 sys=0.01, real=0.00 secs] 
2764.429: [GC (Allocation Failure) [PSYoungGen: 62336K->1376K(62976K)] 447665K->386705K(720896K), 0.0029004 secs] [Times: user=0.02 sys=0.00, real=0.00 secs] 
2764.918: [GC (Allocation Failure) [PSYoungGen: 62304K->1344K(62976K)] 447633K->386673K(720896K), 0.0023888 secs] [Times: user=0.01 sys=0.00, real=0.00 secs] 
2765.171: [GC (Allocation Failure) [PSYoungGen: 62272K->1408K(62976K)] 447601K->386737K(720896K), 0.0020379 secs] [Times: user=0.01 sys=0.00, real=0.00 secs] 
2765.424: [GC (Allocation Failure) [PSYoungGen: 62336K->1376K(62976K)] 447665K->386705K(720896K), 0.0020689 secs] [Times: user=0.01 sys=0.00, real=0.01 secs] 
2765.821: [GC (Allocation Failure) [PSYoungGen: 62275K->1517K(62976K)] 447604K->386846K(720896K), 0.0016367 secs] [Times: user=0.01 sys=0.00, real=0.00 secs] 
2766.187: [GC (Allocation Failure) [PSYoungGen: 62445K->1549K(62976K)] 447774K->386886K(720896K), 0.0018533 secs] [Times: user=0.01 sys=0.00, real=0.00 secs] 
2766.553: [GC (Allocation Failure) [PSYoungGen: 62477K->1565K(62976K)] 447814K->386902K(720896K), 0.0016977 secs] [Times: user=0.01 sys=0.00, real=0.00 secs] 
2766.924: [GC (Allocation Failure) [PSYoungGen: 62493K->1549K(62976K)] 447830K->386886K(720896K), 0.0016450 secs] [Times: user=0.01 sys=0.00, real=0.01 secs] 
2768.256: [GC (Allocation Failure) [PSYoungGen: 62477K->1440K(62976K)] 447814K->386777K(720896K), 0.0042559 secs] [Times: user=0.02 sys=0.00, real=0.00 secs] 
2768.955: [GC (Allocation Failure) [PSYoungGen: 62368K->1344K(62976K)] 447705K->386681K(720896K), 0.0034406 secs] [Times: user=0.02 sys=0.00, real=0.01 secs] 
2769.448: [GC (Allocation Failure) [PSYoungGen: 62272K->1376K(62976K)] 447609K->386713K(720896K), 0.0023302 secs] [Times: user=0.01 sys=0.00, real=0.00 secs] 
2769.968: [GC (Allocation Failure) [PSYoungGen: 62304K->1344K(62976K)] 447641K->386689K(720896K), 0.0023822 secs] [Times: user=0.01 sys=0.00, real=0.00 secs] 
2770.521: [GC (Allocation Failure) [PSYoungGen: 62250K->1533K(62976K)] 447596K->386878K(720896K), 0.0020456 secs] [Times: user=0.01 sys=0.00, real=0.00 secs] 
2770.899: [GC (Allocation Failure) [PSYoungGen: 62461K->1517K(62976K)] 447806K->386862K(720896K), 0.0017639 secs] [Times: user=0.01 sys=0.00, real=0.00 secs] 
2771.262: [GC (Allocation Failure) [PSYoungGen: 62445K->1517K(62976K)] 447790K->386878K(720896K), 0.0017263 secs] [Times: user=0.01 sys=0.00, real=0.00 secs] 
2771.695: [GC (Allocation Failure) [PSYoungGen: 62445K->1565K(62976K)] 447806K->386926K(720896K), 0.0017941 secs] [Times: user=0.01 sys=0.00, real=0.01 secs] 
2772.126: [GC (Allocation Failure) [PSYoungGen: 62493K->1504K(62976K)] 447854K->386873K(720896K), 0.0021217 secs] [Times: user=0.01 sys=0.00, real=0.00 secs] 
2772.380: [GC (Allocation Failure) [PSYoungGen: 62432K->1376K(62976K)] 447801K->386745K(720896K), 0.0021546 secs] [Times: user=0.01 sys=0.00, real=0.00 secs] 
2772.634: [GC (Allocation Failure) [PSYoungGen: 62304K->1376K(62976K)] 447673K->386745K(720896K), 0.0020912 secs] [Times: user=0.01 sys=0.00, real=0.00 secs] 
2772.906: [GC (Allocation Failure) [PSYoungGen: 62304K->1344K(62976K)] 447673K->386729K(720896K), 0.0019932 secs] [Times: user=0.00 sys=0.00, real=0.01 secs] 
2773.307: [GC (Allocation Failure) [PSYoungGen: 62272K->1376K(62976K)] 447657K->386761K(720896K), 0.0021358 secs] [Times: user=0.01 sys=0.00, real=0.00 secs] 
2773.749: [GC (Allocation Failure) [PSYoungGen: 62304K->1485K(62976K)] 447689K->386870K(720896K), 0.0016831 secs] [Times: user=0.01 sys=0.00, real=0.00 secs] 
2774.115: [GC (Allocation Failure) [PSYoungGen: 62413K->1549K(62976K)] 447798K->386934K(720896K), 0.0016812 secs] [Times: user=0.01 sys=0.00, real=0.01 secs] 
2774.481: [GC (Allocation Failure) [PSYoungGen: 62477K->1517K(62976K)] 447862K->386910K(720896K), 0.0017985 secs] [Times: user=0.01 sys=0.00, real=0.00 secs] 
2774.846: [GC (Allocation Failure) [PSYoungGen: 62445K->1517K(62976K)] 447838K->386910K(720896K), 0.0017930 secs] [Times: user=0.01 sys=0.00, real=0.01 secs] 
2775.182: [GC (Allocation Failure) [PSYoungGen: 62445K->1472K(62976K)] 447838K->386865K(720896K), 0.0017992 secs] [Times: user=0.01 sys=0.00, real=0.00 secs] 
2775.589: [GC (Allocation Failure) [PSYoungGen: 62400K->1344K(62976K)] 447793K->386745K(720896K), 0.0022859 secs] [Times: user=0.01 sys=0.00, real=0.00 secs] 
2776.114: [GC (Allocation Failure) [PSYoungGen: 62272K->1408K(62976K)] 447673K->386809K(720896K), 0.0042173 secs] [Times: user=0.02 sys=0.00, real=0.01 secs] 
2776.833: [GC (Allocation Failure) [PSYoungGen: 62336K->1408K(62976K)] 447737K->386809K(720896K), 0.0041221 secs] [Times: user=0.02 sys=0.00, real=0.01 secs] 
2777.529: [GC (Allocation Failure) [PSYoungGen: 62336K->1344K(62976K)] 447737K->386745K(720896K), 0.0028557 secs] [Times: user=0.01 sys=0.00, real=0.00 secs] 
2778.040: [GC (Allocation Failure) [PSYoungGen: 62272K->1517K(62976K)] 447673K->386918K(720896K), 0.0016979 secs] [Times: user=0.01 sys=0.00, real=0.00 secs] 
2778.404: [GC (Allocation Failure) [PSYoungGen: 62445K->1597K(62976K)] 447846K->387006K(720896K), 0.0017688 secs] [Times: user=0.00 sys=0.00, real=0.00 secs] 
2778.772: [GC (Allocation Failure) [PSYoungGen: 62525K->1629K(62976K)] 447934K->387038K(720896K), 0.0018078 secs] [Times: user=0.00 sys=0.00, real=0.00 secs] 
2779.137: [GC (Allocation Failure) [PSYoungGen: 62557K->1549K(62976K)] 447966K->386958K(720896K), 0.0017656 secs] [Times: user=0.01 sys=0.00, real=0.00 secs] 
2779.459: [GC (Allocation Failure) [PSYoungGen: 62477K->1376K(62976K)] 447886K->386785K(720896K), 0.0018300 secs] [Times: user=0.01 sys=0.00, real=0.00 secs] 
2779.903: [GC (Allocation Failure) [PSYoungGen: 62304K->1392K(62976K)] 447713K->386801K(720896K), 0.0021464 secs] [Times: user=0.01 sys=0.00, real=0.00 secs] 
2780.418: [GC (Allocation Failure) [PSYoungGen: 62320K->1376K(62976K)] 447729K->386785K(720896K), 0.0020696 secs] [Times: user=0.01 sys=0.00, real=0.00 secs] 
2780.899: [GC (Allocation Failure) [PSYoungGen: 62304K->1392K(62976K)] 447713K->386801K(720896K), 0.0032626 secs] [Times: user=0.01 sys=0.00, real=0.00 secs] 
2781.475: [GC (Allocation Failure) [PSYoungGen: 62300K->1517K(62976K)] 447709K->386926K(720896K), 0.0020909 secs] [Times: user=0.01 sys=0.00, real=0.01 secs] 
2781.847: [GC (Allocation Failure) [PSYoungGen: 62445K->1629K(62976K)] 447854K->387038K(720896K), 0.0016660 secs] [Times: user=0.01 sys=0.00, real=0.00 secs] 
2782.212: [GC (Allocation Failure) [PSYoungGen: 62536K->1613K(62976K)] 447945K->387038K(720896K), 0.0017653 secs] [Times: user=0.01 sys=0.00, real=0.00 secs] 
2782.576: [GC (Allocation Failure) [PSYoungGen: 62541K->1517K(62976K)] 447966K->386966K(720896K), 0.0017086 secs] [Times: user=0.00 sys=0.00, real=0.00 secs] 
2782.938: [GC (Allocation Failure) [PSYoungGen: 62445K->1472K(62976K)] 447894K->386921K(720896K), 0.0020034 secs] [Times: user=0.01 sys=0.00, real=0.00 secs] 
2783.364: [GC (Allocation Failure) [PSYoungGen: 62400K->1344K(62976K)] 447849K->386793K(720896K), 0.0019790 secs] [Times: user=0.00 sys=0.00, real=0.00 secs] 
2783.887: [GC (Allocation Failure) [PSYoungGen: 62272K->1408K(62976K)] 447721K->386857K(720896K), 0.0040970 secs] [Times: user=0.02 sys=0.00, real=0.00 secs] 
2784.450: [GC (Allocation Failure) [PSYoungGen: 62336K->1392K(62976K)] 447785K->386841K(720896K), 0.0033794 secs] [Times: user=0.02 sys=0.00, real=0.00 secs] 
2785.022: [GC (Allocation Failure) [PSYoungGen: 62320K->1376K(62976K)] 447769K->386825K(720896K), 0.0033201 secs] [Times: user=0.02 sys=0.00, real=0.00 secs] 
2785.580: [GC (Allocation Failure) [PSYoungGen: 62304K->1485K(62976K)] 447753K->386934K(720896K), 0.0016708 secs] [Times: user=0.00 sys=0.00, real=0.00 secs] 
2785.946: [GC (Allocation Failure) [PSYoungGen: 62413K->1533K(62976K)] 447862K->386982K(720896K), 0.0018281 secs] [Times: user=0.00 sys=0.00, real=0.01 secs] 
2786.310: [GC (Allocation Failure) [PSYoungGen: 62461K->1581K(62976K)] 447910K->387038K(720896K), 0.0018463 secs] [Times: user=0.01 sys=0.00, real=0.00 secs] 
2786.677: [GC (Allocation Failure) [PSYoungGen: 62509K->1549K(62976K)] 447966K->387006K(720896K), 0.0016745 secs] [Times: user=0.00 sys=0.00, real=0.00 secs] 
2787.833: [GC (Allocation Failure) [PSYoungGen: 62477K->1440K(62976K)] 447934K->386897K(720896K), 0.0028939 secs] [Times: user=0.01 sys=0.00, real=0.01 secs] 
2788.504: [GC (Allocation Failure) [PSYoungGen: 62368K->1360K(62976K)] 447825K->386817K(720896K), 0.0027982 secs] [Times: user=0.01 sys=0.00, real=0.01 secs] 
2789.043: [GC (Allocation Failure) [PSYoungGen: 62288K->1408K(62976K)] 447745K->386865K(720896K), 0.0036766 secs] [Times: user=0.01 sys=0.00, real=0.01 secs] 
2789.636: [GC (Allocation Failure) [PSYoungGen: 62336K->1408K(62976K)] 447793K->386865K(720896K), 0.0032984 secs] [Times: user=0.01 sys=0.00, real=0.01 secs] 
2790.339: [GC (Allocation Failure) [PSYoungGen: 62336K->1472K(62976K)] 447793K->386929K(720896K), 0.0027324 secs] [Times: user=0.01 sys=0.00, real=0.00 secs] 
2790.770: [GC (Allocation Failure) [PSYoungGen: 62400K->1533K(62976K)] 447857K->386990K(720896K), 0.0017513 secs] [Times: user=0.00 sys=0.00, real=0.00 secs] 
2791.135: [GC (Allocation Failure) [PSYoungGen: 62461K->1517K(62976K)] 447918K->386982K(720896K), 0.0017768 secs] [Times: user=0.01 sys=0.00, real=0.01 secs] 
2791.500: [GC (Allocation Failure) [PSYoungGen: 62445K->1581K(62976K)] 447910K->387046K(720896K), 0.0017395 secs] [Times: user=0.01 sys=0.00, real=0.00 secs] 
2791.872: [GC (Allocation Failure) [PSYoungGen: 62509K->1648K(62976K)] 447974K->387113K(720896K), 0.0017477 secs] [Times: user=0.01 sys=0.00, real=0.00 secs] 
2792.129: [GC (Allocation Failure) [PSYoungGen: 62576K->1344K(62976K)] 448041K->386809K(720896K), 0.0015416 secs] [Times: user=0.01 sys=0.00, real=0.00 secs] 
2792.381: [GC (Allocation Failure) [PSYoungGen: 62272K->1408K(62976K)] 447737K->386873K(720896K), 0.0016354 secs] [Times: user=0.01 sys=0.00, real=0.00 secs] 
2792.634: [GC (Allocation Failure) [PSYoungGen: 62336K->1424K(62976K)] 447801K->386905K(720896K), 0.0015898 secs] [Times: user=0.01 sys=0.00, real=0.00 secs] 
2792.886: [GC (Allocation Failure) [PSYoungGen: 62352K->1376K(62976K)] 447833K->386857K(720896K), 0.0023350 secs] [Times: user=0.01 sys=0.00, real=0.00 secs] 
2793.236: [GC (Allocation Failure) [PSYoungGen: 62304K->1549K(62976K)] 447785K->387030K(720896K), 0.0017287 secs] [Times: user=0.01 sys=0.00, real=0.00 secs] 
2793.603: [GC (Allocation Failure) [PSYoungGen: 62446K->1549K(62976K)] 447928K->387030K(720896K), 0.0017660 secs] [Times: user=0.00 sys=0.00, real=0.00 secs] 
2793.972: [GC (Allocation Failure) [PSYoungGen: 62477K->1549K(62976K)] 447958K->387046K(720896K), 0.0016961 secs] [Times: user=0.01 sys=0.00, real=0.00 secs] 
2794.336: [GC (Allocation Failure) [PSYoungGen: 62477K->1549K(62976K)] 447974K->387046K(720896K), 0.0018176 secs] [Times: user=0.01 sys=0.00, real=0.01 secs] 
2795.543: [GC (Allocation Failure) [PSYoungGen: 62477K->1472K(62976K)] 447974K->386969K(720896K), 0.0036582 secs] [Times: user=0.02 sys=0.00, real=0.01 secs] 
2796.092: [GC (Allocation Failure) [PSYoungGen: 62400K->1376K(62976K)] 447897K->386873K(720896K), 0.0028909 secs] [Times: user=0.01 sys=0.00, real=0.00 secs] 
2796.344: [GC (Allocation Failure) [PSYoungGen: 62304K->1376K(62976K)] 447801K->386873K(720896K), 0.0019411 secs] [Times: user=0.01 sys=0.00, real=0.01 secs] 
2796.611: [GC (Allocation Failure) [PSYoungGen: 62304K->1376K(62976K)] 447801K->386873K(720896K), 0.0020669 secs] [Times: user=0.01 sys=0.00, real=0.00 secs] 
2796.893: [GC (Allocation Failure) [PSYoungGen: 62304K->1360K(62976K)] 447801K->386857K(720896K), 0.0021554 secs] [Times: user=0.01 sys=0.00, real=0.00 secs] 
2797.302: [GC (Allocation Failure) [PSYoungGen: 62288K->1565K(62976K)] 447785K->387062K(720896K), 0.0017833 secs] [Times: user=0.00 sys=0.00, real=0.00 secs] 
2797.733: [GC (Allocation Failure) [PSYoungGen: 62493K->1597K(62976K)] 447990K->387118K(720896K), 0.0018091 secs] [Times: user=0.00 sys=0.00, real=0.00 secs] 
2798.156: [GC (Allocation Failure) [PSYoungGen: 62525K->1517K(62976K)] 448046K->387038K(720896K), 0.0019259 secs] [Times: user=0.01 sys=0.00, real=0.01 secs] 
2798.521: [GC (Allocation Failure) [PSYoungGen: 62445K->1549K(62976K)] 447966K->387070K(720896K), 0.0017517 secs] [Times: user=0.01 sys=0.00, real=0.00 secs] 
2798.833: [GC (Allocation Failure) [PSYoungGen: 62477K->1440K(62976K)] 447998K->386961K(720896K), 0.0029652 secs] [Times: user=0.01 sys=0.00, real=0.01 secs] 
2799.135: [GC (Allocation Failure) [PSYoungGen: 62368K->1408K(62976K)] 447889K->386929K(720896K), 0.0024329 secs] [Times: user=0.01 sys=0.00, real=0.01 secs] 
2799.389: [GC (Allocation Failure) [PSYoungGen: 62336K->1392K(62976K)] 447857K->386913K(720896K), 0.0019897 secs] [Times: user=0.01 sys=0.00, real=0.00 secs] 
2799.643: [GC (Allocation Failure) [PSYoungGen: 62320K->1392K(62976K)] 447841K->386913K(720896K), 0.0019754 secs] [Times: user=0.01 sys=0.00, real=0.00 secs] 
2799.967: [GC (Allocation Failure) [PSYoungGen: 62320K->1421K(62976K)] 447841K->386942K(720896K), 0.0016575 secs] [Times: user=0.01 sys=0.00, real=0.00 secs] 
2800.332: [GC (Allocation Failure) [PSYoungGen: 62349K->1517K(62976K)] 447870K->387038K(720896K), 0.0018316 secs] [Times: user=0.01 sys=0.00, real=0.00 secs] 
2800.697: [GC (Allocation Failure) [PSYoungGen: 62445K->1597K(62976K)] 447966K->387150K(720896K), 0.0017474 secs] [Times: user=0.01 sys=0.00, real=0.00 secs] 
2801.063: [GC (Allocation Failure) [PSYoungGen: 62525K->1517K(62976K)] 448078K->387070K(720896K), 0.0017480 secs] [Times: user=0.01 sys=0.00, real=0.00 secs] 
2801.525: [GC (Allocation Failure) [PSYoungGen: 62445K->1488K(62976K)] 447998K->387041K(720896K), 0.0018723 secs] [Times: user=0.00 sys=0.00, real=0.01 secs] 
2802.327: [GC (Allocation Failure) [PSYoungGen: 62416K->1376K(62976K)] 447969K->386929K(720896K), 0.0041305 secs] [Times: user=0.02 sys=0.01, real=0.00 secs] 
2803.040: [GC (Allocation Failure) [PSYoungGen: 62304K->1344K(62976K)] 447857K->386897K(720896K), 0.0033366 secs] [Times: user=0.01 sys=0.00, real=0.00 secs] 
2803.703: [GC (Allocation Failure) [PSYoungGen: 62272K->1376K(62976K)] 447825K->386929K(720896K), 0.0033484 secs] [Times: user=0.01 sys=0.00, real=0.01 secs] 
2804.288: [GC (Allocation Failure) [PSYoungGen: 62304K->1392K(62976K)] 447857K->386945K(720896K), 0.0028496 secs] [Times: user=0.01 sys=0.00, real=0.00 secs] 
2804.902: [GC (Allocation Failure) [PSYoungGen: 62320K->1533K(62976K)] 447873K->387086K(720896K), 0.0017448 secs] [Times: user=0.01 sys=0.00, real=0.00 secs] 
2805.331: [GC (Allocation Failure) [PSYoungGen: 62461K->1597K(62976K)] 448014K->387150K(720896K), 0.0017599 secs] [Times: user=0.01 sys=0.00, real=0.00 secs] 
2805.695: [GC (Allocation Failure) [PSYoungGen: 62525K->1613K(62976K)] 448078K->387174K(720896K), 0.0018463 secs] [Times: user=0.00 sys=0.00, real=0.01 secs] 
2806.119: [GC (Allocation Failure) [PSYoungGen: 62541K->1549K(62976K)] 448102K->387110K(720896K), 0.0017950 secs] [Times: user=0.01 sys=0.00, real=0.00 secs] 
2806.485: [GC (Allocation Failure) [PSYoungGen: 62477K->1456K(62976K)] 448038K->387017K(720896K), 0.0022389 secs] [Times: user=0.01 sys=0.00, real=0.01 secs] 
2806.739: [GC (Allocation Failure) [PSYoungGen: 62384K->1376K(62976K)] 447945K->386937K(720896K), 0.0020855 secs] [Times: user=0.01 sys=0.00, real=0.00 secs] 
2807.018: [GC (Allocation Failure) [PSYoungGen: 62304K->1344K(62976K)] 447865K->386905K(720896K), 0.0021014 secs] [Times: user=0.01 sys=0.00, real=0.00 secs] 
2807.271: [GC (Allocation Failure) [PSYoungGen: 62272K->1376K(62976K)] 447833K->386937K(720896K), 0.0021428 secs] [Times: user=0.01 sys=0.00, real=0.00 secs] 
2807.524: [GC (Allocation Failure) [PSYoungGen: 62304K->1376K(62976K)] 447865K->386937K(720896K), 0.0020725 secs] [Times: user=0.00 sys=0.00, real=0.00 secs] 
2807.974: [GC (Allocation Failure) [PSYoungGen: 62304K->1581K(62976K)] 447865K->387142K(720896K), 0.0017229 secs] [Times: user=0.01 sys=0.00, real=0.01 secs] 
2808.401: [GC (Allocation Failure) [PSYoungGen: 62509K->1581K(62976K)] 448070K->387150K(720896K), 0.0019072 secs] [Times: user=0.01 sys=0.00, real=0.00 secs] 
2808.767: [GC (Allocation Failure) [PSYoungGen: 62509K->1613K(62976K)] 448078K->387182K(720896K), 0.0018268 secs] [Times: user=0.00 sys=0.00, real=0.00 secs] 
2809.187: [GC (Allocation Failure) [PSYoungGen: 62541K->1549K(62976K)] 448110K->387118K(720896K), 0.0017465 secs] [Times: user=0.00 sys=0.00, real=0.00 secs] 
2809.547: [GC (Allocation Failure) [PSYoungGen: 62477K->1408K(62976K)] 448046K->386977K(720896K), 0.0021916 secs] [Times: user=0.00 sys=0.00, real=0.00 secs] 
2809.816: [GC (Allocation Failure) [PSYoungGen: 62336K->1376K(62976K)] 447905K->386945K(720896K), 0.0021700 secs] [Times: user=0.01 sys=0.00, real=0.01 secs] 
2810.079: [GC (Allocation Failure) [PSYoungGen: 62304K->1408K(62976K)] 447873K->386977K(720896K), 0.0019924 secs] [Times: user=0.01 sys=0.00, real=0.00 secs] 
2810.391: [GC (Allocation Failure) [PSYoungGen: 62336K->1392K(62976K)] 447905K->386961K(720896K), 0.0022198 secs] [Times: user=0.01 sys=0.00, real=0.00 secs] 
2810.724: [GC (Allocation Failure) [PSYoungGen: 62320K->1485K(62976K)] 447889K->387070K(720896K), 0.0016980 secs] [Times: user=0.01 sys=0.00, real=0.00 secs] 
2811.090: [GC (Allocation Failure) [PSYoungGen: 62386K->1597K(62976K)] 447971K->387182K(720896K), 0.0016727 secs] [Times: user=0.00 sys=0.00, real=0.00 secs] 
2811.457: [GC (Allocation Failure) [PSYoungGen: 62525K->1549K(62976K)] 448110K->387142K(720896K), 0.0018536 secs] [Times: user=0.01 sys=0.00, real=0.00 secs] 
2811.822: [GC (Allocation Failure) [PSYoungGen: 62477K->1549K(62976K)] 448070K->387142K(720896K), 0.0017089 secs] [Times: user=0.00 sys=0.00, real=0.00 secs] 
2812.293: [GC (Allocation Failure) [PSYoungGen: 62477K->1440K(62976K)] 448070K->387033K(720896K), 0.0020938 secs] [Times: user=0.01 sys=0.00, real=0.00 secs] 
2812.910: [GC (Allocation Failure) [PSYoungGen: 62368K->1408K(62976K)] 447961K->387001K(720896K), 0.0020022 secs] [Times: user=0.00 sys=0.00, real=0.00 secs] 
2813.553: [GC (Allocation Failure) [PSYoungGen: 62336K->1344K(62976K)] 447929K->386937K(720896K), 0.0036995 secs] [Times: user=0.01 sys=0.00, real=0.01 secs] 
2814.126: [GC (Allocation Failure) [PSYoungGen: 62272K->1360K(62976K)] 447865K->386953K(720896K), 0.0029486 secs] [Times: user=0.01 sys=0.00, real=0.01 secs] 
2814.609: [GC (Allocation Failure) [PSYoungGen: 62288K->1344K(62976K)] 447881K->386937K(720896K), 0.0029501 secs] [Times: user=0.01 sys=0.00, real=0.00 secs] 
2815.060: [GC (Allocation Failure) [PSYoungGen: 62272K->1549K(62976K)] 447865K->387142K(720896K), 0.0018519 secs] [Times: user=0.01 sys=0.00, real=0.00 secs] 
2815.426: [GC (Allocation Failure) [PSYoungGen: 62477K->1517K(62976K)] 448070K->387110K(720896K), 0.0017475 secs] [Times: user=0.00 sys=0.00, real=0.00 secs] 
2815.791: [GC (Allocation Failure) [PSYoungGen: 62432K->1549K(62976K)] 448026K->387158K(720896K), 0.0017558 secs] [Times: user=0.01 sys=0.01, real=0.00 secs] 
2816.158: [GC (Allocation Failure) [PSYoungGen: 62477K->1613K(62976K)] 448086K->387222K(720896K), 0.0018014 secs] [Times: user=0.00 sys=0.00, real=0.00 secs] 
2816.523: [GC (Allocation Failure) [PSYoungGen: 62541K->1408K(62976K)] 448150K->387017K(720896K), 0.0020058 secs] [Times: user=0.01 sys=0.00, real=0.00 secs] 
2816.965: [GC (Allocation Failure) [PSYoungGen: 62336K->1408K(62976K)] 447945K->387017K(720896K), 0.0019269 secs] [Times: user=0.00 sys=0.00, real=0.01 secs] 
2817.588: [GC (Allocation Failure) [PSYoungGen: 62336K->1408K(62976K)] 447945K->387017K(720896K), 0.0032998 secs] [Times: user=0.01 sys=0.00, real=0.00 secs] 
2818.387: [GC (Allocation Failure) [PSYoungGen: 62336K->1376K(62976K)] 447945K->386985K(720896K), 0.0029704 secs] [Times: user=0.01 sys=0.00, real=0.00 secs] 
2819.146: [GC (Allocation Failure) [PSYoungGen: 62304K->1501K(62976K)] 447913K->387110K(720896K), 0.0027867 secs] [Times: user=0.01 sys=0.00, real=0.00 secs] 
2819.574: [GC (Allocation Failure) [PSYoungGen: 62429K->1549K(62976K)] 448038K->387158K(720896K), 0.0017775 secs] [Times: user=0.00 sys=0.00, real=0.00 secs] 
2819.937: [GC (Allocation Failure) [PSYoungGen: 62477K->1536K(62976K)] 448086K->387153K(720896K), 0.0017780 secs] [Times: user=0.01 sys=0.00, real=0.00 secs] 
2820.303: [GC (Allocation Failure) [PSYoungGen: 62464K->1549K(62976K)] 448081K->387166K(720896K), 0.0018368 secs] [Times: user=0.01 sys=0.00, real=0.00 secs] 
2820.761: [GC (Allocation Failure) [PSYoungGen: 62477K->2016K(62976K)] 448094K->387641K(720896K), 0.0023694 secs] [Times: user=0.01 sys=0.00, real=0.00 secs] 
2821.407: [GC (Allocation Failure) [PSYoungGen: 62944K->1344K(62976K)] 448569K->386969K(720896K), 0.0032317 secs] [Times: user=0.02 sys=0.00, real=0.00 secs] 
2821.695: [GC (Allocation Failure) [PSYoungGen: 62272K->1376K(62976K)] 447897K->387001K(720896K), 0.0025241 secs] [Times: user=0.01 sys=0.01, real=0.01 secs] 
2822.003: [GC (Allocation Failure) [PSYoungGen: 62304K->1424K(62976K)] 447929K->387049K(720896K), 0.0019003 secs] [Times: user=0.01 sys=0.00, real=0.00 secs] 
2822.256: [GC (Allocation Failure) [PSYoungGen: 62352K->1408K(62976K)] 447977K->387033K(720896K), 0.0020241 secs] [Times: user=0.01 sys=0.00, real=0.01 secs] 
2822.591: [GC (Allocation Failure) [PSYoungGen: 62319K->1565K(62976K)] 447945K->387222K(720896K), 0.0015918 secs] [Times: user=0.00 sys=0.00, real=0.00 secs] 
2822.958: [GC (Allocation Failure) [PSYoungGen: 62493K->1597K(62976K)] 448150K->387254K(720896K), 0.0018120 secs] [Times: user=0.00 sys=0.00, real=0.00 secs] 
2823.321: [GC (Allocation Failure) [PSYoungGen: 62522K->1629K(62976K)] 448180K->387294K(720896K), 0.0017047 secs] [Times: user=0.01 sys=0.00, real=0.00 secs] 
2823.743: [GC (Allocation Failure) [PSYoungGen: 62557K->1549K(62976K)] 448222K->387214K(720896K), 0.0018866 secs] [Times: user=0.01 sys=0.00, real=0.00 secs] 
2824.669: [GC (Allocation Failure) [PSYoungGen: 62477K->1440K(62976K)] 448142K->387105K(720896K), 0.0045695 secs] [Times: user=0.02 sys=0.00, real=0.00 secs] 
2825.424: [GC (Allocation Failure) [PSYoungGen: 62368K->1408K(62976K)] 448033K->387073K(720896K), 0.0033386 secs] [Times: user=0.01 sys=0.00, real=0.01 secs] 
2825.939: [GC (Allocation Failure) [PSYoungGen: 62336K->1408K(62976K)] 448001K->387073K(720896K), 0.0028412 secs] [Times: user=0.01 sys=0.00, real=0.00 secs] 
2826.493: [GC (Allocation Failure) [PSYoungGen: 62336K->1392K(62976K)] 448001K->387057K(720896K), 0.0027893 secs] [Times: user=0.01 sys=0.00, real=0.00 secs] 
2827.089: [GC (Allocation Failure) [PSYoungGen: 62320K->1344K(62976K)] 447985K->387009K(720896K), 0.0025595 secs] [Times: user=0.01 sys=0.00, real=0.00 secs] 
2827.671: [GC (Allocation Failure) [PSYoungGen: 62272K->1517K(62976K)] 447937K->387182K(720896K), 0.0018352 secs] [Times: user=0.01 sys=0.00, real=0.00 secs] 
2828.034: [GC (Allocation Failure) [PSYoungGen: 62445K->1581K(62976K)] 448110K->387262K(720896K), 0.0018502 secs] [Times: user=0.01 sys=0.00, real=0.01 secs] 
2828.405: [GC (Allocation Failure) [PSYoungGen: 62509K->1629K(62976K)] 448190K->387310K(720896K), 0.0017686 secs] [Times: user=0.01 sys=0.00, real=0.01 secs] 
2828.775: [GC (Allocation Failure) [PSYoungGen: 62557K->1597K(62976K)] 448238K->387278K(720896K), 0.0017541 secs] [Times: user=0.01 sys=0.00, real=0.01 secs] 
2829.136: [GC (Allocation Failure) [PSYoungGen: 62525K->1376K(62976K)] 448206K->387057K(720896K), 0.0027039 secs] [Times: user=0.01 sys=0.00, real=0.00 secs] 
2829.381: [GC (Allocation Failure) [PSYoungGen: 62304K->1392K(62976K)] 447985K->387073K(720896K), 0.0019732 secs] [Times: user=0.01 sys=0.00, real=0.00 secs] 
2829.636: [GC (Allocation Failure) [PSYoungGen: 62320K->1376K(62976K)] 448001K->387057K(720896K), 0.0020865 secs] [Times: user=0.01 sys=0.00, real=0.01 secs] 
2829.917: [GC (Allocation Failure) [PSYoungGen: 62304K->1376K(62976K)] 447985K->387057K(720896K), 0.0019967 secs] [Times: user=0.01 sys=0.00, real=0.00 secs] 
2830.234: [GC (Allocation Failure) [PSYoungGen: 62304K->1485K(62976K)] 447985K->387166K(720896K), 0.0016039 secs] [Times: user=0.01 sys=0.00, real=0.00 secs] 
2830.599: [GC (Allocation Failure) [PSYoungGen: 62413K->1549K(62976K)] 448094K->387230K(720896K), 0.0017280 secs] [Times: user=0.00 sys=0.00, real=0.00 secs] 
2830.962: [GC (Allocation Failure) [PSYoungGen: 62477K->1581K(62976K)] 448158K->387286K(720896K), 0.0017040 secs] [Times: user=0.01 sys=0.00, real=0.00 secs] 
2831.328: [GC (Allocation Failure) [PSYoungGen: 62509K->1549K(62976K)] 448214K->387254K(720896K), 0.0017433 secs] [Times: user=0.01 sys=0.00, real=0.00 secs] 
2832.017: [GC (Allocation Failure) [PSYoungGen: 62477K->1440K(62976K)] 448182K->387161K(720896K), 0.0024012 secs] [Times: user=0.01 sys=0.00, real=0.00 secs] 
2832.280: [GC (Allocation Failure) [PSYoungGen: 62368K->1376K(62976K)] 448089K->387097K(720896K), 0.0022333 secs] [Times: user=0.01 sys=0.00, real=0.00 secs] 
2832.535: [GC (Allocation Failure) [PSYoungGen: 62304K->1392K(62976K)] 448025K->387113K(720896K), 0.0021021 secs] [Times: user=0.01 sys=0.00, real=0.01 secs] 
2832.791: [GC (Allocation Failure) [PSYoungGen: 62320K->1344K(62976K)] 448041K->387065K(720896K), 0.0023155 secs] [Times: user=0.01 sys=0.00, real=0.00 secs] 
2833.042: [GC (Allocation Failure) [PSYoungGen: 62272K->1408K(62976K)] 447993K->387129K(720896K), 0.0020737 secs] [Times: user=0.01 sys=0.00, real=0.00 secs] 
2833.406: [GC (Allocation Failure) [PSYoungGen: 62336K->1533K(62976K)] 448057K->387254K(720896K), 0.0016293 secs] [Times: user=0.00 sys=0.00, real=0.01 secs] 
2833.837: [GC (Allocation Failure) [PSYoungGen: 62461K->1549K(62976K)] 448182K->387270K(720896K), 0.0018850 secs] [Times: user=0.00 sys=0.00, real=0.00 secs] 
2834.220: [GC (Allocation Failure) [PSYoungGen: 62477K->1549K(62976K)] 448198K->387286K(720896K), 0.0017147 secs] [Times: user=0.01 sys=0.00, real=0.00 secs] 
2834.586: [GC (Allocation Failure) [PSYoungGen: 62477K->1565K(62976K)] 448214K->387302K(720896K), 0.0018200 secs] [Times: user=0.01 sys=0.00, real=0.01 secs] 
2834.988: [GC (Allocation Failure) [PSYoungGen: 62493K->1440K(62976K)] 448230K->387177K(720896K), 0.0016871 secs] [Times: user=0.01 sys=0.00, real=0.00 secs] 
2835.246: [GC (Allocation Failure) [PSYoungGen: 62368K->1344K(62976K)] 448105K->387081K(720896K), 0.0018252 secs] [Times: user=0.01 sys=0.00, real=0.01 secs] 
2835.517: [GC (Allocation Failure) [PSYoungGen: 62272K->1376K(62976K)] 448009K->387113K(720896K), 0.0018166 secs] [Times: user=0.01 sys=0.00, real=0.00 secs] 
2835.781: [GC (Allocation Failure) [PSYoungGen: 62304K->1408K(62976K)] 448041K->387145K(720896K), 0.0018268 secs] [Times: user=0.01 sys=0.00, real=0.00 secs] 
2836.191: [GC (Allocation Failure) [PSYoungGen: 62336K->1533K(62976K)] 448073K->387270K(720896K), 0.0019493 secs] [Times: user=0.01 sys=0.00, real=0.00 secs] 
2836.572: [GC (Allocation Failure) [PSYoungGen: 62456K->1549K(62976K)] 448194K->387286K(720896K), 0.0018778 secs] [Times: user=0.00 sys=0.00, real=0.00 secs] 
2836.937: [GC (Allocation Failure) [PSYoungGen: 62477K->1565K(62976K)] 448214K->387326K(720896K), 0.0017918 secs] [Times: user=0.01 sys=0.00, real=0.00 secs] 
2837.363: [GC (Allocation Failure) [PSYoungGen: 62493K->1600K(62976K)] 448254K->387361K(720896K), 0.0018316 secs] [Times: user=0.01 sys=0.00, real=0.00 secs] 
2837.809: [GC (Allocation Failure) [PSYoungGen: 62528K->1584K(62976K)] 448289K->387345K(720896K), 0.0017962 secs] [Times: user=0.01 sys=0.00, real=0.00 secs] 
2838.404: [GC (Allocation Failure) [PSYoungGen: 62512K->1408K(62976K)] 448273K->387169K(720896K), 0.0021788 secs] [Times: user=0.01 sys=0.00, real=0.00 secs] 
2838.968: [GC (Allocation Failure) [PSYoungGen: 62336K->1376K(62976K)] 448097K->387137K(720896K), 0.0023262 secs] [Times: user=0.01 sys=0.00, real=0.00 secs] 
2839.345: [GC (Allocation Failure) [PSYoungGen: 62304K->1344K(62976K)] 448065K->387105K(720896K), 0.0020794 secs] [Times: user=0.01 sys=0.00, real=0.01 secs] 
2839.599: [GC (Allocation Failure) [PSYoungGen: 62272K->1376K(62976K)] 448033K->387137K(720896K), 0.0019871 secs] [Times: user=0.01 sys=0.00, real=0.00 secs] 
2839.939: [GC (Allocation Failure) [PSYoungGen: 62304K->1469K(62976K)] 448065K->387230K(720896K), 0.0016662 secs] [Times: user=0.00 sys=0.00, real=0.00 secs] 
2840.303: [GC (Allocation Failure) [PSYoungGen: 62397K->1613K(62976K)] 448158K->387374K(720896K), 0.0017462 secs] [Times: user=0.00 sys=0.00, real=0.00 secs] 
2840.667: [GC (Allocation Failure) [PSYoungGen: 62541K->1549K(62976K)] 448302K->387326K(720896K), 0.0016795 secs] [Times: user=0.00 sys=0.00, real=0.00 secs] 
2841.035: [GC (Allocation Failure) [PSYoungGen: 62477K->1597K(62976K)] 448254K->387374K(720896K), 0.0017986 secs] [Times: user=0.01 sys=0.00, real=0.01 secs] 
2841.389: [GC (Allocation Failure) [PSYoungGen: 62525K->1488K(62976K)] 448302K->387289K(720896K), 0.0018937 secs] [Times: user=0.01 sys=0.00, real=0.00 secs] 
2841.643: [GC (Allocation Failure) [PSYoungGen: 62416K->1344K(62976K)] 448217K->387145K(720896K), 0.0018410 secs] [Times: user=0.01 sys=0.00, real=0.00 secs] 
2841.895: [GC (Allocation Failure) [PSYoungGen: 62272K->1344K(62976K)] 448073K->387145K(720896K), 0.0019809 secs] [Times: user=0.01 sys=0.00, real=0.01 secs] 
2842.149: [GC (Allocation Failure) [PSYoungGen: 62272K->1344K(62976K)] 448073K->387145K(720896K), 0.0017706 secs] [Times: user=0.01 sys=0.00, real=0.00 secs] 
2842.401: [GC (Allocation Failure) [PSYoungGen: 62272K->1344K(62976K)] 448073K->387145K(720896K), 0.0020890 secs] [Times: user=0.01 sys=0.00, real=0.00 secs] 
2842.779: [GC (Allocation Failure) [PSYoungGen: 62270K->1485K(62976K)] 448071K->387286K(720896K), 0.0016830 secs] [Times: user=0.00 sys=0.00, real=0.00 secs] 
2843.144: [GC (Allocation Failure) [PSYoungGen: 62413K->1517K(62976K)] 448214K->387326K(720896K), 0.0018154 secs] [Times: user=0.00 sys=0.00, real=0.01 secs] 
2843.574: [GC (Allocation Failure) [PSYoungGen: 62445K->1517K(62976K)] 448254K->387326K(720896K), 0.0019274 secs] [Times: user=0.01 sys=0.00, real=0.00 secs] 
2843.940: [GC (Allocation Failure) [PSYoungGen: 62445K->1581K(62976K)] 448254K->387390K(720896K), 0.0017951 secs] [Times: user=0.01 sys=0.00, real=0.00 secs] 
2844.587: [GC (Allocation Failure) [PSYoungGen: 62509K->1440K(62976K)] 448318K->387249K(720896K), 0.0035460 secs] [Times: user=0.01 sys=0.00, real=0.00 secs] 
2844.917: [GC (Allocation Failure) [PSYoungGen: 62368K->1376K(62976K)] 448177K->387185K(720896K), 0.0022287 secs] [Times: user=0.01 sys=0.00, real=0.00 secs] 
2845.171: [GC (Allocation Failure) [PSYoungGen: 62304K->1408K(62976K)] 448113K->387217K(720896K), 0.0019098 secs] [Times: user=0.01 sys=0.00, real=0.00 secs] 
2845.461: [GC (Allocation Failure) [PSYoungGen: 62336K->1408K(62976K)] 448145K->387217K(720896K), 0.0020365 secs] [Times: user=0.01 sys=0.01, real=0.00 secs] 
2845.977: [GC (Allocation Failure) [PSYoungGen: 62336K->1501K(62976K)] 448145K->387310K(720896K), 0.0017367 secs] [Times: user=0.01 sys=0.00, real=0.00 secs] 
2846.343: [GC (Allocation Failure) [PSYoungGen: 62429K->1584K(62976K)] 448238K->387393K(720896K), 0.0016808 secs] [Times: user=0.00 sys=0.00, real=0.00 secs] 
2846.708: [GC (Allocation Failure) [PSYoungGen: 62512K->1549K(62976K)] 448321K->387366K(720896K), 0.0017659 secs] [Times: user=0.01 sys=0.00, real=0.00 secs] 
2847.072: [GC (Allocation Failure) [PSYoungGen: 62466K->1581K(62976K)] 448283K->387398K(720896K), 0.0016663 secs] [Times: user=0.00 sys=0.00, real=0.00 secs] 
2848.351: [GC (Allocation Failure) [PSYoungGen: 62509K->1456K(62976K)] 448326K->387273K(720896K), 0.0043989 secs] [Times: user=0.02 sys=0.00, real=0.00 secs] 
2848.894: [GC (Allocation Failure) [PSYoungGen: 62384K->1344K(62976K)] 448201K->387161K(720896K), 0.0023862 secs] [Times: user=0.01 sys=0.01, real=0.01 secs] 
2849.140: [GC (Allocation Failure) [PSYoungGen: 62272K->1376K(62976K)] 448089K->387193K(720896K), 0.0024078 secs] [Times: user=0.01 sys=0.00, real=0.00 secs] 
2849.434: [GC (Allocation Failure) [PSYoungGen: 62304K->1360K(62976K)] 448121K->387177K(720896K), 0.0027050 secs] [Times: user=0.01 sys=0.00, real=0.01 secs] 
2849.682: [GC (Allocation Failure) [PSYoungGen: 62288K->1376K(62976K)] 448105K->387193K(720896K), 0.0021237 secs] [Times: user=0.01 sys=0.00, real=0.00 secs] 
2850.031: [GC (Allocation Failure) [PSYoungGen: 62302K->1485K(62976K)] 448119K->387302K(720896K), 0.0017631 secs] [Times: user=0.01 sys=0.00, real=0.00 secs] 
2850.397: [GC (Allocation Failure) [PSYoungGen: 62413K->1549K(62976K)] 448230K->387366K(720896K), 0.0016618 secs] [Times: user=0.01 sys=0.00, real=0.00 secs] 
2850.761: [GC (Allocation Failure) [PSYoungGen: 62450K->1565K(62976K)] 448268K->387398K(720896K), 0.0017759 secs] [Times: user=0.01 sys=0.00, real=0.00 secs] 
2851.127: [GC (Allocation Failure) [PSYoungGen: 62493K->1533K(62976K)] 448326K->387366K(720896K), 0.0017368 secs] [Times: user=0.01 sys=0.00, real=0.00 secs] 
2851.444: [GC (Allocation Failure) [PSYoungGen: 62461K->1472K(62976K)] 448294K->387313K(720896K), 0.0016976 secs] [Times: user=0.01 sys=0.00, real=0.00 secs] 
2851.696: [GC (Allocation Failure) [PSYoungGen: 62400K->1408K(62976K)] 448241K->387257K(720896K), 0.0016347 secs] [Times: user=0.01 sys=0.00, real=0.01 secs] 
2851.948: [GC (Allocation Failure) [PSYoungGen: 62336K->1408K(62976K)] 448185K->387273K(720896K), 0.0015719 secs] [Times: user=0.01 sys=0.00, real=0.00 secs] 
2852.201: [GC (Allocation Failure) [PSYoungGen: 62336K->1408K(62976K)] 448201K->387273K(720896K), 0.0015618 secs] [Times: user=0.01 sys=0.00, real=0.00 secs] 
2852.454: [GC (Allocation Failure) [PSYoungGen: 62336K->1392K(62976K)] 448201K->387257K(720896K), 0.0015967 secs] [Times: user=0.00 sys=0.00, real=0.00 secs] 
2852.838: [GC (Allocation Failure) [PSYoungGen: 62320K->1549K(62976K)] 448185K->387414K(720896K), 0.0016277 secs] [Times: user=0.01 sys=0.00, real=0.00 secs] 
2853.202: [GC (Allocation Failure) [PSYoungGen: 62477K->1597K(62976K)] 448342K->387470K(720896K), 0.0017466 secs] [Times: user=0.00 sys=0.00, real=0.00 secs] 
2853.566: [GC (Allocation Failure) [PSYoungGen: 62525K->1517K(62976K)] 448398K->387390K(720896K), 0.0018013 secs] [Times: user=0.01 sys=0.00, real=0.00 secs] 
2853.933: [GC (Allocation Failure) [PSYoungGen: 62445K->1517K(62976K)] 448318K->387390K(720896K), 0.0016870 secs] [Times: user=0.01 sys=0.00, real=0.00 secs] 
2854.326: [GC (Allocation Failure) [PSYoungGen: 62445K->1408K(62976K)] 448318K->387289K(720896K), 0.0019214 secs] [Times: user=0.01 sys=0.00, real=0.00 secs] 
2854.580: [GC (Allocation Failure) [PSYoungGen: 62336K->1376K(62976K)] 448217K->387257K(720896K), 0.0020087 secs] [Times: user=0.01 sys=0.00, real=0.00 secs] 
2854.833: [GC (Allocation Failure) [PSYoungGen: 62304K->1344K(62976K)] 448185K->387233K(720896K), 0.0022128 secs] [Times: user=0.01 sys=0.00, real=0.00 secs] 
2855.086: [GC (Allocation Failure) [PSYoungGen: 62272K->1376K(62976K)] 448161K->387273K(720896K), 0.0019956 secs] [Times: user=0.01 sys=0.00, real=0.00 secs] 
2855.476: [GC (Allocation Failure) [PSYoungGen: 62304K->1485K(62976K)] 448201K->387390K(720896K), 0.0016985 secs] [Times: user=0.00 sys=0.00, real=0.01 secs] 
2855.842: [GC (Allocation Failure) [PSYoungGen: 62398K->1581K(62976K)] 448303K->387486K(720896K), 0.0018004 secs] [Times: user=0.00 sys=0.00, real=0.00 secs] 
2856.210: [GC (Allocation Failure) [PSYoungGen: 62509K->1549K(62976K)] 448414K->387470K(720896K), 0.0018040 secs] [Times: user=0.01 sys=0.00, real=0.00 secs] 
2856.575: [GC (Allocation Failure) [PSYoungGen: 62477K->1565K(62976K)] 448398K->387486K(720896K), 0.0018109 secs] [Times: user=0.01 sys=0.00, real=0.01 secs] 
2856.992: [GC (Allocation Failure) [PSYoungGen: 62493K->1408K(62976K)] 448414K->387329K(720896K), 0.0017618 secs] [Times: user=0.00 sys=0.00, real=0.00 secs] 
2857.472: [GC (Allocation Failure) [PSYoungGen: 62336K->1344K(62976K)] 448257K->387265K(720896K), 0.0022785 secs] [Times: user=0.01 sys=0.00, real=0.00 secs] 
2858.070: [GC (Allocation Failure) [PSYoungGen: 62272K->1344K(62976K)] 448193K->387265K(720896K), 0.0025544 secs] [Times: user=0.01 sys=0.00, real=0.00 secs] 
2858.674: [GC (Allocation Failure) [PSYoungGen: 62272K->1344K(62976K)] 448193K->387265K(720896K), 0.0043221 secs] [Times: user=0.02 sys=0.00, real=0.01 secs] 
2859.228: [GC (Allocation Failure) [PSYoungGen: 62272K->1344K(62976K)] 448193K->387265K(720896K), 0.0034198 secs] [Times: user=0.02 sys=0.00, real=0.00 secs] 
2859.721: [GC (Allocation Failure) [PSYoungGen: 62272K->1581K(62976K)] 448193K->387502K(720896K), 0.0017101 secs] [Times: user=0.01 sys=0.00, real=0.00 secs] 
2860.086: [GC (Allocation Failure) [PSYoungGen: 62509K->1549K(62976K)] 448430K->387470K(720896K), 0.0017757 secs] [Times: user=0.00 sys=0.00, real=0.01 secs] 
2860.449: [GC (Allocation Failure) [PSYoungGen: 62456K->1581K(62976K)] 448378K->387518K(720896K), 0.0017673 secs] [Times: user=0.01 sys=0.00, real=0.00 secs] 
2860.815: [GC (Allocation Failure) [PSYoungGen: 62509K->1549K(62976K)] 448446K->387486K(720896K), 0.0017711 secs] [Times: user=0.01 sys=0.00, real=0.01 secs] 
2861.133: [GC (Allocation Failure) [PSYoungGen: 62477K->1440K(62976K)] 448414K->387377K(720896K), 0.0020834 secs] [Times: user=0.00 sys=0.00, real=0.00 secs] 
2861.386: [GC (Allocation Failure) [PSYoungGen: 62368K->1376K(62976K)] 448305K->387313K(720896K), 0.0019731 secs] [Times: user=0.01 sys=0.00, real=0.00 secs] 
2861.640: [GC (Allocation Failure) [PSYoungGen: 62304K->1376K(62976K)] 448241K->387313K(720896K), 0.0019096 secs] [Times: user=0.01 sys=0.00, real=0.00 secs] 
2862.111: [GC (Allocation Failure) [PSYoungGen: 62304K->1344K(62976K)] 448241K->387305K(720896K), 0.0019739 secs] [Times: user=0.00 sys=0.00, real=0.00 secs] 
2862.638: [GC (Allocation Failure) [PSYoungGen: 62272K->1405K(62976K)] 448233K->387366K(720896K), 0.0033050 secs] [Times: user=0.02 sys=0.00, real=0.00 secs] 
2863.093: [GC (Allocation Failure) [PSYoungGen: 62333K->1517K(62976K)] 448294K->387478K(720896K), 0.0017272 secs] [Times: user=0.00 sys=0.00, real=0.00 secs] 
2863.459: [GC (Allocation Failure) [PSYoungGen: 62445K->1517K(62976K)] 448406K->387486K(720896K), 0.0018134 secs] [Times: user=0.01 sys=0.00, real=0.00 secs] 
2863.823: [GC (Allocation Failure) [PSYoungGen: 62445K->1581K(62976K)] 448414K->387550K(720896K), 0.0017225 secs] [Times: user=0.01 sys=0.00, real=0.00 secs] 
2864.246: [GC (Allocation Failure) [PSYoungGen: 62509K->1776K(62976K)] 448478K->387745K(720896K), 0.0020082 secs] [Times: user=0.01 sys=0.00, real=0.01 secs] 
2864.506: [GC (Allocation Failure) [PSYoungGen: 62704K->1344K(62976K)] 448673K->387313K(720896K), 0.0025213 secs] [Times: user=0.01 sys=0.00, real=0.01 secs] 
2864.957: [GC (Allocation Failure) [PSYoungGen: 62272K->1344K(62976K)] 448241K->387313K(720896K), 0.0022138 secs] [Times: user=0.00 sys=0.00, real=0.00 secs] 
2865.560: [GC (Allocation Failure) [PSYoungGen: 62272K->1344K(62976K)] 448241K->387313K(720896K), 0.0021752 secs] [Times: user=0.01 sys=0.00, real=0.00 secs] 
2866.154: [GC (Allocation Failure) [PSYoungGen: 62272K->1376K(62976K)] 448241K->387345K(720896K), 0.0022909 secs] [Times: user=0.01 sys=0.00, real=0.01 secs] 
2866.685: [GC (Allocation Failure) [PSYoungGen: 62292K->1552K(62976K)] 448262K->387521K(720896K), 0.0017210 secs] [Times: user=0.01 sys=0.00, real=0.01 secs] 
2867.050: [GC (Allocation Failure) [PSYoungGen: 62480K->1581K(62976K)] 448449K->387550K(720896K), 0.0017105 secs] [Times: user=0.01 sys=0.00, real=0.00 secs] 
2867.414: [GC (Allocation Failure) [PSYoungGen: 62502K->1581K(62976K)] 448471K->387558K(720896K), 0.0017452 secs] [Times: user=0.01 sys=0.00, real=0.00 secs] 
2867.779: [GC (Allocation Failure) [PSYoungGen: 62509K->1597K(62976K)] 448486K->387574K(720896K), 0.0016801 secs] [Times: user=0.01 sys=0.00, real=0.00 secs] 
2868.335: [GC (Allocation Failure) [PSYoungGen: 62525K->1440K(62976K)] 448502K->387417K(720896K), 0.0021428 secs] [Times: user=0.01 sys=0.00, real=0.01 secs] 
2868.828: [GC (Allocation Failure) [PSYoungGen: 62368K->1376K(62976K)] 448345K->387353K(720896K), 0.0025925 secs] [Times: user=0.01 sys=0.00, real=0.00 secs] 
2869.330: [GC (Allocation Failure) [PSYoungGen: 62304K->1376K(62976K)] 448281K->387353K(720896K), 0.0035087 secs] [Times: user=0.01 sys=0.00, real=0.00 secs] 
2869.882: [GC (Allocation Failure) [PSYoungGen: 62304K->1376K(62976K)] 448281K->387353K(720896K), 0.0027675 secs] [Times: user=0.01 sys=0.00, real=0.00 secs] 
2870.315: [GC (Allocation Failure) [PSYoungGen: 62304K->1392K(62976K)] 448281K->387369K(720896K), 0.0029796 secs] [Times: user=0.01 sys=0.00, real=0.01 secs] 
2870.836: [GC (Allocation Failure) [PSYoungGen: 62320K->1485K(62976K)] 448297K->387462K(720896K), 0.0016293 secs] [Times: user=0.01 sys=0.00, real=0.00 secs] 
2871.200: [GC (Allocation Failure) [PSYoungGen: 62413K->1581K(62976K)] 448390K->387574K(720896K), 0.0016799 secs] [Times: user=0.01 sys=0.00, real=0.00 secs] 
2871.620: [GC (Allocation Failure) [PSYoungGen: 62509K->1565K(62976K)] 448502K->387558K(720896K), 0.0019319 secs] [Times: user=0.01 sys=0.00, real=0.00 secs] 
2871.986: [GC (Allocation Failure) [PSYoungGen: 62493K->1549K(62976K)] 448486K->387542K(720896K), 0.0018266 secs] [Times: user=0.01 sys=0.00, real=0.00 secs] 
2872.297: [GC (Allocation Failure) [PSYoungGen: 62477K->1440K(62976K)] 448470K->387449K(720896K), 0.0022226 secs] [Times: user=0.01 sys=0.00, real=0.00 secs] 
2872.551: [GC (Allocation Failure) [PSYoungGen: 62368K->1376K(62976K)] 448377K->387385K(720896K), 0.0019336 secs] [Times: user=0.01 sys=0.00, real=0.00 secs] 
2872.975: [GC (Allocation Failure) [PSYoungGen: 62304K->1360K(62976K)] 448313K->387369K(720896K), 0.0020857 secs] [Times: user=0.01 sys=0.00, real=0.01 secs] 
2873.441: [GC (Allocation Failure) [PSYoungGen: 62288K->1376K(62976K)] 448297K->387385K(720896K), 0.0020902 secs] [Times: user=0.01 sys=0.00, real=0.00 secs] 
2873.953: [GC (Allocation Failure) [PSYoungGen: 62304K->1469K(62976K)] 448313K->387478K(720896K), 0.0015818 secs] [Times: user=0.00 sys=0.00, real=0.00 secs] 
2874.383: [GC (Allocation Failure) [PSYoungGen: 62397K->1549K(62976K)] 448406K->387558K(720896K), 0.0017526 secs] [Times: user=0.01 sys=0.00, real=0.00 secs] 
2874.751: [GC (Allocation Failure) [PSYoungGen: 62477K->1565K(62976K)] 448486K->387590K(720896K), 0.0017602 secs] [Times: user=0.00 sys=0.00, real=0.00 secs] 
2875.114: [GC (Allocation Failure) [PSYoungGen: 62493K->1549K(62976K)] 448518K->387574K(720896K), 0.0018496 secs] [Times: user=0.01 sys=0.00, real=0.01 secs] 
2875.579: [GC (Allocation Failure) [PSYoungGen: 62477K->1520K(62976K)] 448502K->387545K(720896K), 0.0021296 secs] [Times: user=0.01 sys=0.00, real=0.00 secs] 
2876.226: [GC (Allocation Failure) [PSYoungGen: 62448K->1344K(62976K)] 448473K->387369K(720896K), 0.0033987 secs] [Times: user=0.02 sys=0.00, real=0.00 secs] 
2876.706: [GC (Allocation Failure) [PSYoungGen: 62272K->1376K(62976K)] 448297K->387401K(720896K), 0.0033321 secs] [Times: user=0.02 sys=0.00, real=0.01 secs] 
2877.219: [GC (Allocation Failure) [PSYoungGen: 62304K->1376K(62976K)] 448329K->387401K(720896K), 0.0021937 secs] [Times: user=0.01 sys=0.00, real=0.00 secs] 
2877.723: [GC (Allocation Failure) [PSYoungGen: 62304K->1408K(62976K)] 448329K->387433K(720896K), 0.0023136 secs] [Times: user=0.01 sys=0.00, real=0.00 secs] 
2878.225: [GC (Allocation Failure) [PSYoungGen: 62336K->1501K(62976K)] 448361K->387526K(720896K), 0.0017925 secs] [Times: user=0.01 sys=0.00, real=0.01 secs] 
2878.590: [GC (Allocation Failure) [PSYoungGen: 62429K->1552K(62976K)] 448454K->387577K(720896K), 0.0018036 secs] [Times: user=0.01 sys=0.00, real=0.00 secs] 
2878.955: [GC (Allocation Failure) [PSYoungGen: 62467K->1581K(62976K)] 448493K->387614K(720896K), 0.0017619 secs] [Times: user=0.01 sys=0.00, real=0.01 secs] 
2879.322: [GC (Allocation Failure) [PSYoungGen: 62509K->1581K(62976K)] 448542K->387614K(720896K), 0.0018913 secs] [Times: user=0.01 sys=0.00, real=0.00 secs] 
2879.711: [GC (Allocation Failure) [PSYoungGen: 62509K->1424K(62976K)] 448542K->387457K(720896K), 0.0018701 secs] [Times: user=0.00 sys=0.01, real=0.00 secs] 
2880.047: [GC (Allocation Failure) [PSYoungGen: 62352K->1376K(62976K)] 448385K->387409K(720896K), 0.0020223 secs] [Times: user=0.00 sys=0.00, real=0.00 secs] 
2880.516: [GC (Allocation Failure) [PSYoungGen: 62304K->1344K(62976K)] 448337K->387377K(720896K), 0.0020593 secs] [Times: user=0.00 sys=0.00, real=0.00 secs] 
2881.001: [GC (Allocation Failure) [PSYoungGen: 62272K->1376K(62976K)] 448305K->387409K(720896K), 0.0021190 secs] [Times: user=0.01 sys=0.00, real=0.00 secs] 
2881.470: [GC (Allocation Failure) [PSYoungGen: 62304K->1376K(62976K)] 448337K->387409K(720896K), 0.0021375 secs] [Times: user=0.01 sys=0.00, real=0.00 secs] 
2881.889: [GC (Allocation Failure) [PSYoungGen: 62295K->1613K(62976K)] 448328K->387646K(720896K), 0.0017632 secs] [Times: user=0.01 sys=0.00, real=0.00 secs] 
2882.255: [GC (Allocation Failure) [PSYoungGen: 62541K->1597K(62976K)] 448574K->387662K(720896K), 0.0018078 secs] [Times: user=0.01 sys=0.00, real=0.01 secs] 
2882.620: [GC (Allocation Failure) [PSYoungGen: 62525K->1581K(62976K)] 448590K->387646K(720896K), 0.0018596 secs] [Times: user=0.00 sys=0.00, real=0.00 secs] 
2882.985: [GC (Allocation Failure) [PSYoungGen: 62509K->1581K(62976K)] 448574K->387646K(720896K), 0.0018121 secs] [Times: user=0.01 sys=0.00, real=0.01 secs] 
2883.930: [GC (Allocation Failure) [PSYoungGen: 62509K->1408K(62976K)] 448574K->387473K(720896K), 0.0043550 secs] [Times: user=0.02 sys=0.00, real=0.00 secs] 
2884.537: [GC (Allocation Failure) [PSYoungGen: 62336K->1376K(62976K)] 448401K->387441K(720896K), 0.0034068 secs] [Times: user=0.02 sys=0.00, real=0.00 secs] 
2884.962: [GC (Allocation Failure) [PSYoungGen: 62304K->1344K(62976K)] 448369K->387409K(720896K), 0.0024018 secs] [Times: user=0.01 sys=0.00, real=0.00 secs] 
2885.216: [GC (Allocation Failure) [PSYoungGen: 62272K->1376K(62976K)] 448337K->387441K(720896K), 0.0020167 secs] [Times: user=0.01 sys=0.01, real=0.01 secs] 
2885.627: [GC (Allocation Failure) [PSYoungGen: 62304K->1456K(62976K)] 448369K->387521K(720896K), 0.0017301 secs] [Times: user=0.01 sys=0.00, real=0.00 secs] 
2885.992: [GC (Allocation Failure) [PSYoungGen: 62370K->1581K(62976K)] 448435K->387646K(720896K), 0.0018607 secs] [Times: user=0.01 sys=0.00, real=0.00 secs] 
2886.358: [GC (Allocation Failure) [PSYoungGen: 62509K->1565K(62976K)] 448574K->387638K(720896K), 0.0016283 secs] [Times: user=0.00 sys=0.00, real=0.00 secs] 
2886.728: [GC (Allocation Failure) [PSYoungGen: 62493K->1565K(62976K)] 448566K->387638K(720896K), 0.0017082 secs] [Times: user=0.01 sys=0.00, real=0.00 secs] 
2887.262: [GC (Allocation Failure) [PSYoungGen: 62493K->1440K(62976K)] 448566K->387513K(720896K), 0.0021972 secs] [Times: user=0.01 sys=0.00, real=0.00 secs] 
2887.796: [GC (Allocation Failure) [PSYoungGen: 62368K->1344K(62976K)] 448441K->387417K(720896K), 0.0033875 secs] [Times: user=0.01 sys=0.01, real=0.01 secs] 
2888.045: [GC (Allocation Failure) [PSYoungGen: 62272K->1360K(62976K)] 448345K->387433K(720896K), 0.0025556 secs] [Times: user=0.01 sys=0.00, real=0.01 secs] 
2888.299: [GC (Allocation Failure) [PSYoungGen: 62288K->1360K(62976K)] 448361K->387449K(720896K), 0.0020035 secs] [Times: user=0.01 sys=0.00, real=0.00 secs] 
2888.552: [GC (Allocation Failure) [PSYoungGen: 62288K->1392K(62976K)] 448377K->387481K(720896K), 0.0020472 secs] [Times: user=0.01 sys=0.00, real=0.00 secs] 
2888.913: [GC (Allocation Failure) [PSYoungGen: 62320K->1504K(62976K)] 448409K->387593K(720896K), 0.0017725 secs] [Times: user=0.01 sys=0.00, real=0.00 secs] 
2889.278: [GC (Allocation Failure) [PSYoungGen: 62414K->1549K(62976K)] 448503K->387638K(720896K), 0.0017876 secs] [Times: user=0.01 sys=0.00, real=0.00 secs] 
2889.647: [GC (Allocation Failure) [PSYoungGen: 62477K->1517K(62976K)] 448566K->387614K(720896K), 0.0017042 secs] [Times: user=0.01 sys=0.00, real=0.00 secs] 
2890.021: [GC (Allocation Failure) [PSYoungGen: 62445K->1629K(62976K)] 448542K->387734K(720896K), 0.0017484 secs] [Times: user=0.00 sys=0.00, real=0.00 secs] 
2891.038: [GC (Allocation Failure) [PSYoungGen: 62557K->1376K(62976K)] 448662K->387481K(720896K), 0.0038515 secs] [Times: user=0.02 sys=0.00, real=0.00 secs] 
2891.751: [GC (Allocation Failure) [PSYoungGen: 62304K->1408K(62976K)] 448409K->387513K(720896K), 0.0031843 secs] [Times: user=0.02 sys=0.00, real=0.00 secs] 
2892.453: [GC (Allocation Failure) [PSYoungGen: 62336K->1392K(62976K)] 448441K->387521K(720896K), 0.0033627 secs] [Times: user=0.02 sys=0.00, real=0.01 secs] 
2893.038: [GC (Allocation Failure) [PSYoungGen: 62320K->1408K(62976K)] 448449K->387537K(720896K), 0.0034230 secs] [Times: user=0.01 sys=0.00, real=0.00 secs] 
2893.445: [GC (Allocation Failure) [PSYoungGen: 62336K->1501K(62976K)] 448465K->387630K(720896K), 0.0020680 secs] [Times: user=0.01 sys=0.00, real=0.01 secs] 
2893.820: [GC (Allocation Failure) [PSYoungGen: 62429K->1549K(62976K)] 448558K->387678K(720896K), 0.0017316 secs] [Times: user=0.00 sys=0.00, real=0.00 secs] 
2894.183: [GC (Allocation Failure) [PSYoungGen: 62477K->1517K(62976K)] 448606K->387654K(720896K), 0.0017799 secs] [Times: user=0.01 sys=0.00, real=0.00 secs] 
2894.552: [GC (Allocation Failure) [PSYoungGen: 62445K->1549K(62976K)] 448582K->387686K(720896K), 0.0017371 secs] [Times: user=0.01 sys=0.00, real=0.00 secs] 
2894.943: [GC (Allocation Failure) [PSYoungGen: 62477K->1808K(62976K)] 448614K->387945K(720896K), 0.0017483 secs] [Times: user=0.01 sys=0.00, real=0.00 secs] 
2895.210: [GC (Allocation Failure) [PSYoungGen: 62736K->1360K(62976K)] 448873K->387497K(720896K), 0.0018422 secs] [Times: user=0.01 sys=0.00, real=0.00 secs] 
2895.463: [GC (Allocation Failure) [PSYoungGen: 62288K->1376K(62976K)] 448425K->387513K(720896K), 0.0018280 secs] [Times: user=0.01 sys=0.00, real=0.00 secs] 
2895.716: [GC (Allocation Failure) [PSYoungGen: 62304K->1376K(62976K)] 448441K->387513K(720896K), 0.0021559 secs] [Times: user=0.01 sys=0.00, real=0.00 secs] 
2895.969: [GC (Allocation Failure) [PSYoungGen: 62304K->1408K(62976K)] 448441K->387545K(720896K), 0.0020471 secs] [Times: user=0.01 sys=0.00, real=0.00 secs] 
2896.312: [GC (Allocation Failure) [PSYoungGen: 62336K->1501K(62976K)] 448473K->387646K(720896K), 0.0017702 secs] [Times: user=0.01 sys=0.00, real=0.00 secs] 
2896.677: [GC (Allocation Failure) [PSYoungGen: 62429K->1581K(62976K)] 448574K->387726K(720896K), 0.0017377 secs] [Times: user=0.01 sys=0.00, real=0.00 secs] 
2897.041: [GC (Allocation Failure) [PSYoungGen: 62509K->1533K(62976K)] 448654K->387694K(720896K), 0.0018298 secs] [Times: user=0.01 sys=0.00, real=0.00 secs] 
2897.408: [GC (Allocation Failure) [PSYoungGen: 62461K->1597K(62976K)] 448622K->387758K(720896K), 0.0016868 secs] [Times: user=0.01 sys=0.00, real=0.00 secs] 
2897.739: [GC (Allocation Failure) [PSYoungGen: 62525K->1488K(62976K)] 448686K->387649K(720896K), 0.0016056 secs] [Times: user=0.01 sys=0.00, real=0.00 secs] 
2897.992: [GC (Allocation Failure) [PSYoungGen: 62416K->1376K(62976K)] 448577K->387537K(720896K), 0.0017235 secs] [Times: user=0.01 sys=0.00, real=0.00 secs] 
2898.244: [GC (Allocation Failure) [PSYoungGen: 62304K->1376K(62976K)] 448465K->387537K(720896K), 0.0015939 secs] [Times: user=0.00 sys=0.00, real=0.00 secs] 
2898.496: [GC (Allocation Failure) [PSYoungGen: 62304K->1376K(62976K)] 448465K->387537K(720896K), 0.0016594 secs] [Times: user=0.00 sys=0.00, real=0.00 secs] 
2898.748: [GC (Allocation Failure) [PSYoungGen: 62304K->1392K(62976K)] 448465K->387553K(720896K), 0.0016365 secs] [Times: user=0.00 sys=0.00, real=0.00 secs] 
2899.110: [GC (Allocation Failure) [PSYoungGen: 62320K->1517K(62976K)] 448481K->387678K(720896K), 0.0017887 secs] [Times: user=0.01 sys=0.00, real=0.00 secs] 
2899.475: [GC (Allocation Failure) [PSYoungGen: 62435K->1613K(62976K)] 448596K->387782K(720896K), 0.0017732 secs] [Times: user=0.01 sys=0.00, real=0.01 secs] 
2899.841: [GC (Allocation Failure) [PSYoungGen: 62541K->1613K(62976K)] 448710K->387782K(720896K), 0.0017623 secs] [Times: user=0.01 sys=0.00, real=0.00 secs] 
2900.215: [GC (Allocation Failure) [PSYoungGen: 62541K->1549K(62976K)] 448710K->387718K(720896K), 0.0017623 secs] [Times: user=0.01 sys=0.00, real=0.01 secs] 
2900.522: [GC (Allocation Failure) [PSYoungGen: 62477K->1376K(62976K)] 448646K->387569K(720896K), 0.0023758 secs] [Times: user=0.01 sys=0.00, real=0.00 secs] 
2900.775: [GC (Allocation Failure) [PSYoungGen: 62304K->1376K(62976K)] 448497K->387569K(720896K), 0.0020132 secs] [Times: user=0.01 sys=0.00, real=0.01 secs] 
2901.063: [GC (Allocation Failure) [PSYoungGen: 62304K->1392K(62976K)] 448497K->387585K(720896K), 0.0019195 secs] [Times: user=0.00 sys=0.00, real=0.00 secs] 
2901.324: [GC (Allocation Failure) [PSYoungGen: 62320K->1344K(62976K)] 448513K->387537K(720896K), 0.0019825 secs] [Times: user=0.01 sys=0.00, real=0.00 secs] 
2901.786: [GC (Allocation Failure) [PSYoungGen: 62272K->1485K(62976K)] 448465K->387678K(720896K), 0.0015731 secs] [Times: user=0.01 sys=0.00, real=0.01 secs] 
2902.150: [GC (Allocation Failure) [PSYoungGen: 62409K->1581K(62976K)] 448603K->387774K(720896K), 0.0018310 secs] [Times: user=0.00 sys=0.00, real=0.00 secs] 
2902.515: [GC (Allocation Failure) [PSYoungGen: 62509K->1533K(62976K)] 448702K->387734K(720896K), 0.0016877 secs] [Times: user=0.00 sys=0.00, real=0.01 secs] 
2902.941: [GC (Allocation Failure) [PSYoungGen: 62461K->1565K(62976K)] 448662K->387766K(720896K), 0.0019232 secs] [Times: user=0.01 sys=0.00, real=0.00 secs] 
2903.360: [GC (Allocation Failure) [PSYoungGen: 62493K->1520K(62976K)] 448694K->387721K(720896K), 0.0019190 secs] [Times: user=0.01 sys=0.00, real=0.00 secs] 
2903.614: [GC (Allocation Failure) [PSYoungGen: 62448K->1376K(62976K)] 448649K->387577K(720896K), 0.0020851 secs] [Times: user=0.01 sys=0.00, real=0.00 secs] 
2904.151: [GC (Allocation Failure) [PSYoungGen: 62304K->1344K(62976K)] 448505K->387545K(720896K), 0.0020308 secs] [Times: user=0.01 sys=0.00, real=0.00 secs] 
2904.799: [GC (Allocation Failure) [PSYoungGen: 62272K->1344K(62976K)] 448473K->387545K(720896K), 0.0020903 secs] [Times: user=0.01 sys=0.01, real=0.00 secs] 
2905.788: [GC (Allocation Failure) [PSYoungGen: 62272K->1376K(62976K)] 448473K->387577K(720896K), 0.0029590 secs] [Times: user=0.01 sys=0.00, real=0.00 secs] 
2906.507: [GC (Allocation Failure) [PSYoungGen: 62292K->1533K(62976K)] 448493K->387734K(720896K), 0.0016277 secs] [Times: user=0.01 sys=0.01, real=0.00 secs] 
2906.872: [GC (Allocation Failure) [PSYoungGen: 62461K->1565K(62976K)] 448662K->387766K(720896K), 0.0017280 secs] [Times: user=0.01 sys=0.00, real=0.00 secs] 
2907.299: [GC (Allocation Failure) [PSYoungGen: 62461K->1565K(62976K)] 448663K->387782K(720896K), 0.0018726 secs] [Times: user=0.01 sys=0.00, real=0.00 secs] 
2907.725: [GC (Allocation Failure) [PSYoungGen: 62493K->1549K(62976K)] 448710K->387766K(720896K), 0.0018327 secs] [Times: user=0.00 sys=0.00, real=0.01 secs] 
2908.313: [GC (Allocation Failure) [PSYoungGen: 62477K->1440K(62976K)] 448694K->387657K(720896K), 0.0035358 secs] [Times: user=0.01 sys=0.00, real=0.01 secs] 
2908.884: [GC (Allocation Failure) [PSYoungGen: 62368K->1344K(62976K)] 448585K->387561K(720896K), 0.0033802 secs] [Times: user=0.01 sys=0.01, real=0.01 secs] 
2909.365: [GC (Allocation Failure) [PSYoungGen: 62272K->1376K(62976K)] 448489K->387593K(720896K), 0.0027239 secs] [Times: user=0.02 sys=0.00, real=0.01 secs] 
2909.833: [GC (Allocation Failure) [PSYoungGen: 62304K->1392K(62976K)] 448521K->387609K(720896K), 0.0028875 secs] [Times: user=0.01 sys=0.00, real=0.00 secs] 
2910.271: [GC (Allocation Failure) [PSYoungGen: 62320K->1376K(62976K)] 448537K->387593K(720896K), 0.0026878 secs] [Times: user=0.01 sys=0.00, real=0.00 secs] 
2910.682: [GC (Allocation Failure) [PSYoungGen: 62274K->1549K(62976K)] 448492K->387766K(720896K), 0.0017727 secs] [Times: user=0.00 sys=0.00, real=0.00 secs] 
2911.049: [GC (Allocation Failure) [PSYoungGen: 62477K->1533K(62976K)] 448694K->387758K(720896K), 0.0017424 secs] [Times: user=0.00 sys=0.00, real=0.00 secs] 
2911.413: [GC (Allocation Failure) [PSYoungGen: 62461K->1549K(62976K)] 448686K->387774K(720896K), 0.0017695 secs] [Times: user=0.01 sys=0.00, real=0.00 secs] 
2911.778: [GC (Allocation Failure) [PSYoungGen: 62477K->1597K(62976K)] 448702K->387822K(720896K), 0.0017496 secs] [Times: user=0.00 sys=0.00, real=0.00 secs] 
2912.434: [GC (Allocation Failure) [PSYoungGen: 62525K->1424K(62976K)] 448750K->387649K(720896K), 0.0018604 secs] [Times: user=0.00 sys=0.00, real=0.01 secs] 
2913.158: [GC (Allocation Failure) [PSYoungGen: 62352K->1344K(62976K)] 448577K->387585K(720896K), 0.0018816 secs] [Times: user=0.01 sys=0.00, real=0.00 secs] 
2914.006: [GC (Allocation Failure) [PSYoungGen: 62272K->1344K(62976K)] 448513K->387585K(720896K), 0.0027977 secs] [Times: user=0.02 sys=0.00, real=0.01 secs] 
2914.923: [GC (Allocation Failure) [PSYoungGen: 62272K->1392K(62976K)] 448513K->387633K(720896K), 0.0033567 secs] [Times: user=0.02 sys=0.00, real=0.00 secs] 
2915.727: [GC (Allocation Failure) [PSYoungGen: 62320K->1501K(62976K)] 448561K->387742K(720896K), 0.0015846 secs] [Times: user=0.00 sys=0.00, real=0.00 secs] 
2916.091: [GC (Allocation Failure) [PSYoungGen: 62407K->1581K(62976K)] 448648K->387822K(720896K), 0.0017001 secs] [Times: user=0.01 sys=0.00, real=0.00 secs] 
2916.458: [GC (Allocation Failure) [PSYoungGen: 62509K->1597K(62976K)] 448750K->387854K(720896K), 0.0017567 secs] [Times: user=0.00 sys=0.00, real=0.00 secs] 
2916.823: [GC (Allocation Failure) [PSYoungGen: 62525K->1581K(62976K)] 448782K->387838K(720896K), 0.0017775 secs] [Times: user=0.01 sys=0.00, real=0.00 secs] 
2917.305: [GC (Allocation Failure) [PSYoungGen: 62509K->1504K(62976K)] 448766K->387761K(720896K), 0.0020642 secs] [Times: user=0.01 sys=0.00, real=0.01 secs] 
2917.789: [GC (Allocation Failure) [PSYoungGen: 62432K->1344K(62976K)] 448689K->387601K(720896K), 0.0020555 secs] [Times: user=0.01 sys=0.00, real=0.00 secs] 
2918.290: [GC (Allocation Failure) [PSYoungGen: 62272K->1376K(62976K)] 448529K->387633K(720896K), 0.0035964 secs] [Times: user=0.02 sys=0.00, real=0.00 secs] 
2918.796: [GC (Allocation Failure) [PSYoungGen: 62304K->1408K(62976K)] 448561K->387665K(720896K), 0.0036522 secs] [Times: user=0.01 sys=0.00, real=0.00 secs] 
2919.269: [GC (Allocation Failure) [PSYoungGen: 62336K->1344K(62976K)] 448593K->387601K(720896K), 0.0025449 secs] [Times: user=0.02 sys=0.00, real=0.00 secs] 
2919.640: [GC (Allocation Failure) [PSYoungGen: 62270K->1520K(62976K)] 448527K->387777K(720896K), 0.0017477 secs] [Times: user=0.01 sys=0.00, real=0.00 secs] 
2920.009: [GC (Allocation Failure) [PSYoungGen: 62448K->1565K(62976K)] 448705K->387822K(720896K), 0.0018062 secs] [Times: user=0.01 sys=0.00, real=0.00 secs] 
2920.375: [GC (Allocation Failure) [PSYoungGen: 62493K->1581K(62976K)] 448750K->387854K(720896K), 0.0017764 secs] [Times: user=0.01 sys=0.00, real=0.01 secs] 
2920.752: [GC (Allocation Failure) [PSYoungGen: 62509K->1597K(62976K)] 448782K->387870K(720896K), 0.0017982 secs] [Times: user=0.01 sys=0.00, real=0.00 secs] 
2921.738: [GC (Allocation Failure) [PSYoungGen: 62525K->1392K(62976K)] 448798K->387665K(720896K), 0.0020272 secs] [Times: user=0.01 sys=0.00, real=0.00 secs] 
2922.947: [GC (Allocation Failure) [PSYoungGen: 62320K->1360K(62976K)] 448593K->387633K(720896K), 0.0023468 secs] [Times: user=0.01 sys=0.00, real=0.00 secs] 
2923.820: [GC (Allocation Failure) [PSYoungGen: 62288K->1392K(62976K)] 448561K->387681K(720896K), 0.0024110 secs] [Times: user=0.00 sys=0.00, real=0.00 secs] 
2924.073: [GC (Allocation Failure) [PSYoungGen: 62320K->1376K(62976K)] 448609K->387665K(720896K), 0.0020728 secs] [Times: user=0.00 sys=0.00, real=0.00 secs] 
2924.358: [GC (Allocation Failure) [PSYoungGen: 62282K->1485K(62976K)] 448572K->387774K(720896K), 0.0015985 secs] [Times: user=0.00 sys=0.00, real=0.00 secs] 
2924.788: [GC (Allocation Failure) [PSYoungGen: 62413K->1549K(62976K)] 448702K->387838K(720896K), 0.0017474 secs] [Times: user=0.00 sys=0.00, real=0.00 secs] 
2925.208: [GC (Allocation Failure) [PSYoungGen: 62477K->1552K(62976K)] 448766K->387857K(720896K), 0.0018839 secs] [Times: user=0.01 sys=0.00, real=0.00 secs] 
2925.638: [GC (Allocation Failure) [PSYoungGen: 62480K->1549K(62976K)] 448785K->387854K(720896K), 0.0018782 secs] [Times: user=0.01 sys=0.00, real=0.00 secs] 
2926.055: [GC (Allocation Failure) [PSYoungGen: 62477K->1792K(62976K)] 448782K->388097K(720896K), 0.0020769 secs] [Times: user=0.01 sys=0.00, real=0.01 secs] 
2926.985: [GC (Allocation Failure) [PSYoungGen: 62720K->1376K(62976K)] 449025K->387681K(720896K), 0.0047820 secs] [Times: user=0.02 sys=0.00, real=0.01 secs] 
2927.872: [GC (Allocation Failure) [PSYoungGen: 62304K->1376K(62976K)] 448609K->387681K(720896K), 0.0042659 secs] [Times: user=0.02 sys=0.00, real=0.01 secs] 
2928.431: [GC (Allocation Failure) [PSYoungGen: 62304K->1408K(62976K)] 448609K->387713K(720896K), 0.0029846 secs] [Times: user=0.01 sys=0.00, real=0.00 secs] 
2928.813: [GC (Allocation Failure) [PSYoungGen: 62336K->1376K(62976K)] 448641K->387681K(720896K), 0.0025676 secs] [Times: user=0.01 sys=0.00, real=0.00 secs] 
2929.271: [GC (Allocation Failure) [PSYoungGen: 62304K->1549K(62976K)] 448609K->387854K(720896K), 0.0017566 secs] [Times: user=0.01 sys=0.00, real=0.00 secs] 
2929.639: [GC (Allocation Failure) [PSYoungGen: 62477K->1581K(62976K)] 448782K->387886K(720896K), 0.0017219 secs] [Times: user=0.01 sys=0.00, real=0.00 secs] 
2930.009: [GC (Allocation Failure) [PSYoungGen: 62509K->1549K(62976K)] 448814K->387870K(720896K), 0.0016912 secs] [Times: user=0.01 sys=0.00, real=0.00 secs] 
2930.376: [GC (Allocation Failure) [PSYoungGen: 62477K->1549K(62976K)] 448798K->387870K(720896K), 0.0017347 secs] [Times: user=0.00 sys=0.00, real=0.00 secs] 
2930.798: [GC (Allocation Failure) [PSYoungGen: 62477K->1488K(62976K)] 448798K->387809K(720896K), 0.0018252 secs] [Times: user=0.01 sys=0.00, real=0.00 secs] 
2931.173: [GC (Allocation Failure) [PSYoungGen: 62416K->1408K(62976K)] 448737K->387729K(720896K), 0.0022272 secs] [Times: user=0.01 sys=0.00, real=0.00 secs] 
2931.446: [GC (Allocation Failure) [PSYoungGen: 62336K->1392K(62976K)] 448657K->387713K(720896K), 0.0021447 secs] [Times: user=0.00 sys=0.00, real=0.01 secs] 
2931.752: [GC (Allocation Failure) [PSYoungGen: 62320K->1408K(62976K)] 448641K->387729K(720896K), 0.0020341 secs] [Times: user=0.00 sys=0.00, real=0.00 secs] 
2932.041: [GC (Allocation Failure) [PSYoungGen: 62336K->1344K(62976K)] 448657K->387665K(720896K), 0.0020407 secs] [Times: user=0.01 sys=0.00, real=0.00 secs] 
2932.446: [GC (Allocation Failure) [PSYoungGen: 62272K->1488K(62976K)] 448593K->387825K(720896K), 0.0016159 secs] [Times: user=0.01 sys=0.00, real=0.00 secs] 
2932.864: [GC (GCLocker Initiated GC) [PSYoungGen: 62416K->1565K(62976K)] 448753K->387918K(720896K), 0.0018232 secs] [Times: user=0.01 sys=0.00, real=0.01 secs] 
2933.236: [GC (Allocation Failure) [PSYoungGen: 62493K->1469K(62976K)] 449712K->388688K(720896K), 0.0018423 secs] [Times: user=0.01 sys=0.00, real=0.00 secs] 
2933.664: [GC (Allocation Failure) [PSYoungGen: 62397K->1597K(62976K)] 449616K->388816K(720896K), 0.0017955 secs] [Times: user=0.01 sys=0.00, real=0.00 secs] 
2936.183: [GC (Allocation Failure) [PSYoungGen: 62525K->1472K(62976K)] 449744K->388691K(720896K), 0.0041178 secs] [Times: user=0.02 sys=0.00, real=0.01 secs] 
2936.450: [GC (Allocation Failure) [PSYoungGen: 62400K->1504K(62976K)] 449619K->388723K(720896K), 0.0020883 secs] [Times: user=0.01 sys=0.00, real=0.00 secs] 
2936.703: [GC (Allocation Failure) [PSYoungGen: 62432K->1472K(62976K)] 449651K->388691K(720896K), 0.0020358 secs] [Times: user=0.00 sys=0.00, real=0.00 secs] 
2936.956: [GC (Allocation Failure) [PSYoungGen: 62400K->1488K(62976K)] 449619K->388707K(720896K), 0.0019638 secs] [Times: user=0.01 sys=0.00, real=0.01 secs] 
2937.258: [GC (Allocation Failure) [PSYoungGen: 62416K->1581K(62976K)] 449635K->388800K(720896K), 0.0016014 secs] [Times: user=0.00 sys=0.01, real=0.00 secs] 
2937.622: [GC (Allocation Failure) [PSYoungGen: 62509K->1677K(62976K)] 449728K->388896K(720896K), 0.0017924 secs] [Times: user=0.01 sys=0.00, real=0.00 secs] 
2938.058: [GC (Allocation Failure) [PSYoungGen: 62605K->1629K(62976K)] 449824K->388864K(720896K), 0.0017412 secs] [Times: user=0.01 sys=0.00, real=0.00 secs] 
2938.425: [GC (Allocation Failure) [PSYoungGen: 62557K->1645K(62976K)] 449792K->388880K(720896K), 0.0017454 secs] [Times: user=0.01 sys=0.00, real=0.01 secs] 
2938.790: [GC (Allocation Failure) [PSYoungGen: 62573K->1584K(62976K)] 449808K->388819K(720896K), 0.0021915 secs] [Times: user=0.01 sys=0.00, real=0.00 secs] 
2939.044: [GC (Allocation Failure) [PSYoungGen: 62512K->1472K(62976K)] 449747K->388707K(720896K), 0.0020316 secs] [Times: user=0.01 sys=0.00, real=0.01 secs] 
2939.297: [GC (Allocation Failure) [PSYoungGen: 62400K->1504K(62976K)] 449635K->388739K(720896K), 0.0020701 secs] [Times: user=0.01 sys=0.00, real=0.00 secs] 
2939.551: [GC (Allocation Failure) [PSYoungGen: 62432K->1472K(62976K)] 449667K->388755K(720896K), 0.0020550 secs] [Times: user=0.01 sys=0.00, real=0.00 secs] 
2939.804: [GC (Allocation Failure) [PSYoungGen: 62400K->1472K(62976K)] 449683K->388755K(720896K), 0.0020802 secs] [Times: user=0.01 sys=0.00, real=0.00 secs] 
2940.187: [GC (Allocation Failure) [PSYoungGen: 62400K->1565K(62976K)] 449683K->388856K(720896K), 0.0017379 secs] [Times: user=0.01 sys=0.01, real=0.00 secs] 
2940.551: [GC (Allocation Failure) [PSYoungGen: 62493K->1613K(62976K)] 449784K->388968K(720896K), 0.0018653 secs] [Times: user=0.01 sys=0.00, real=0.00 secs] 
2940.915: [GC (Allocation Failure) [PSYoungGen: 62541K->1549K(62976K)] 449896K->388936K(720896K), 0.0018188 secs] [Times: user=0.00 sys=0.00, real=0.01 secs] 
2941.289: [GC (Allocation Failure) [PSYoungGen: 62477K->1549K(62976K)] 449864K->388936K(720896K), 0.0018237 secs] [Times: user=0.00 sys=0.00, real=0.00 secs] 
2941.587: [GC (Allocation Failure) [PSYoungGen: 62477K->1440K(62976K)] 449864K->388827K(720896K), 0.0017741 secs] [Times: user=0.01 sys=0.00, real=0.00 secs] 
2941.967: [GC (Allocation Failure) [PSYoungGen: 62368K->1376K(62976K)] 449755K->388763K(720896K), 0.0017337 secs] [Times: user=0.01 sys=0.00, real=0.00 secs] 
2942.612: [GC (Allocation Failure) [PSYoungGen: 62304K->1344K(62976K)] 449691K->388731K(720896K), 0.0029682 secs] [Times: user=0.01 sys=0.00, real=0.00 secs] 
2943.316: [GC (Allocation Failure) [PSYoungGen: 62272K->1408K(62976K)] 449659K->388795K(720896K), 0.0026324 secs] [Times: user=0.01 sys=0.00, real=0.01 secs] 
2944.069: [GC (Allocation Failure) [PSYoungGen: 62336K->1392K(62976K)] 449723K->388779K(720896K), 0.0043369 secs] [Times: user=0.02 sys=0.00, real=0.00 secs] 
2944.576: [GC (Allocation Failure) [PSYoungGen: 62292K->1549K(62976K)] 449679K->388936K(720896K), 0.0017828 secs] [Times: user=0.01 sys=0.00, real=0.01 secs] 
2944.944: [GC (Allocation Failure) [PSYoungGen: 62477K->1549K(62976K)] 449864K->388944K(720896K), 0.0017903 secs] [Times: user=0.01 sys=0.00, real=0.00 secs] 
2945.309: [GC (Allocation Failure) [PSYoungGen: 62477K->1517K(62976K)] 449872K->388912K(720896K), 0.0017474 secs] [Times: user=0.01 sys=0.00, real=0.00 secs] 
2945.675: [GC (Allocation Failure) [PSYoungGen: 62445K->1613K(62976K)] 449840K->389008K(720896K), 0.0017842 secs] [Times: user=0.01 sys=0.00, real=0.01 secs] 
2946.377: [GC (Allocation Failure) [PSYoungGen: 62541K->1424K(62976K)] 449936K->388819K(720896K), 0.0017764 secs] [Times: user=0.01 sys=0.00, real=0.00 secs] 
2946.717: [GC (Allocation Failure) [PSYoungGen: 62352K->1408K(62976K)] 449747K->388803K(720896K), 0.0026095 secs] [Times: user=0.01 sys=0.00, real=0.00 secs] 
2946.969: [GC (Allocation Failure) [PSYoungGen: 62336K->1408K(62976K)] 449731K->388803K(720896K), 0.0021302 secs] [Times: user=0.01 sys=0.00, real=0.00 secs] 
2947.223: [GC (Allocation Failure) [PSYoungGen: 62336K->1376K(62976K)] 449731K->388771K(720896K), 0.0020296 secs] [Times: user=0.01 sys=0.00, real=0.00 secs] 
2947.562: [GC (Allocation Failure) [PSYoungGen: 62304K->1453K(62976K)] 449699K->388848K(720896K), 0.0017025 secs] [Times: user=0.01 sys=0.00, real=0.00 secs] 
2947.927: [GC (Allocation Failure) [PSYoungGen: 62356K->1565K(62976K)] 449751K->388960K(720896K), 0.0018493 secs] [Times: user=0.01 sys=0.00, real=0.00 secs] 
2948.353: [GC (Allocation Failure) [PSYoungGen: 62493K->1517K(62976K)] 449888K->388928K(720896K), 0.0018653 secs] [Times: user=0.01 sys=0.00, real=0.00 secs] 
2948.717: [GC (Allocation Failure) [PSYoungGen: 62445K->1533K(62976K)] 449856K->388944K(720896K), 0.0018785 secs] [Times: user=0.00 sys=0.00, real=0.00 secs] 
2949.361: [GC (Allocation Failure) [PSYoungGen: 62461K->1456K(62976K)] 449872K->388867K(720896K), 0.0036184 secs] [Times: user=0.01 sys=0.00, real=0.00 secs] 
2949.683: [GC (Allocation Failure) [PSYoungGen: 62384K->1376K(62976K)] 449795K->388787K(720896K), 0.0019670 secs] [Times: user=0.01 sys=0.00, real=0.00 secs] 
2950.022: [GC (Allocation Failure) [PSYoungGen: 62304K->1424K(62976K)] 449715K->388835K(720896K), 0.0020485 secs] [Times: user=0.01 sys=0.00, real=0.00 secs] 
2950.474: [GC (Allocation Failure) [PSYoungGen: 62352K->1408K(62976K)] 449763K->388819K(720896K), 0.0023157 secs] [Times: user=0.01 sys=0.00, real=0.01 secs] 
2950.899: [GC (Allocation Failure) [PSYoungGen: 62336K->1376K(62976K)] 449747K->388787K(720896K), 0.0025336 secs] [Times: user=0.01 sys=0.00, real=0.00 secs] 
2951.381: [GC (Allocation Failure) [PSYoungGen: 62304K->1485K(62976K)] 449715K->388896K(720896K), 0.0017331 secs] [Times: user=0.01 sys=0.00, real=0.00 secs] 
2951.751: [GC (Allocation Failure) [PSYoungGen: 62413K->1549K(62976K)] 449824K->388992K(720896K), 0.0018079 secs] [Times: user=0.01 sys=0.00, real=0.00 secs] 
2952.115: [GC (Allocation Failure) [PSYoungGen: 62477K->1629K(62976K)] 449920K->389088K(720896K), 0.0016795 secs] [Times: user=0.01 sys=0.00, real=0.01 secs] 
2952.481: [GC (Allocation Failure) [PSYoungGen: 62557K->1613K(62976K)] 450016K->389072K(720896K), 0.0017902 secs] [Times: user=0.01 sys=0.00, real=0.00 secs] 
2952.866: [GC (Allocation Failure) [PSYoungGen: 62541K->1456K(62976K)] 450000K->388915K(720896K), 0.0018903 secs] [Times: user=0.00 sys=0.00, real=0.00 secs] 
2953.122: [GC (Allocation Failure) [PSYoungGen: 62384K->1344K(62976K)] 449843K->388803K(720896K), 0.0016306 secs] [Times: user=0.01 sys=0.00, real=0.00 secs] 
2953.448: [GC (Allocation Failure) [PSYoungGen: 62272K->1344K(62976K)] 449731K->388803K(720896K), 0.0018089 secs] [Times: user=0.00 sys=0.00, real=0.00 secs] 
2953.727: [GC (Allocation Failure) [PSYoungGen: 62272K->1344K(62976K)] 449731K->388803K(720896K), 0.0022492 secs] [Times: user=0.01 sys=0.00, real=0.00 secs] 
2954.060: [GC (Allocation Failure) [PSYoungGen: 62272K->1469K(62976K)] 449731K->388928K(720896K), 0.0019009 secs] [Times: user=0.01 sys=0.00, real=0.00 secs] 
2954.434: [GC (Allocation Failure) [PSYoungGen: 62397K->1597K(62976K)] 449856K->389056K(720896K), 0.0018347 secs] [Times: user=0.01 sys=0.00, real=0.00 secs] 
2954.878: [GC (Allocation Failure) [PSYoungGen: 62525K->1517K(62976K)] 449984K->388984K(720896K), 0.0018202 secs] [Times: user=0.01 sys=0.00, real=0.00 secs] 
2955.244: [GC (Allocation Failure) [PSYoungGen: 62445K->1520K(62976K)] 449912K->388987K(720896K), 0.0018570 secs] [Times: user=0.01 sys=0.00, real=0.01 secs] 
2955.641: [GC (Allocation Failure) [PSYoungGen: 62448K->1952K(62976K)] 449915K->389419K(720896K), 0.0021113 secs] [Times: user=0.01 sys=0.00, real=0.00 secs] 
2955.929: [GC (Allocation Failure) [PSYoungGen: 62880K->1312K(62976K)] 450347K->388779K(720896K), 0.0023168 secs] [Times: user=0.01 sys=0.00, real=0.00 secs] 
2956.205: [GC (Allocation Failure) [PSYoungGen: 62240K->1408K(62976K)] 449707K->388875K(720896K), 0.0020773 secs] [Times: user=0.01 sys=0.00, real=0.01 secs] 
2956.563: [GC (Allocation Failure) [PSYoungGen: 62336K->1408K(62976K)] 449803K->388875K(720896K), 0.0023052 secs] [Times: user=0.01 sys=0.00, real=0.00 secs] 
2957.109: [GC (Allocation Failure) [PSYoungGen: 62336K->1424K(62976K)] 449803K->388891K(720896K), 0.0025159 secs] [Times: user=0.01 sys=0.00, real=0.00 secs] 
2957.575: [GC (Allocation Failure) [PSYoungGen: 62352K->1549K(62976K)] 449819K->389016K(720896K), 0.0016681 secs] [Times: user=0.01 sys=0.00, real=0.01 secs] 
2957.940: [GC (Allocation Failure) [PSYoungGen: 62477K->1565K(62976K)] 449944K->389032K(720896K), 0.0016975 secs] [Times: user=0.01 sys=0.01, real=0.00 secs] 
2958.303: [GC (Allocation Failure) [PSYoungGen: 62493K->1549K(62976K)] 449960K->389024K(720896K), 0.0017149 secs] [Times: user=0.00 sys=0.00, real=0.00 secs] 
2958.731: [GC (Allocation Failure) [PSYoungGen: 62477K->1568K(62976K)] 449952K->389043K(720896K), 0.0018347 secs] [Times: user=0.01 sys=0.00, real=0.00 secs] 
2959.228: [GC (Allocation Failure) [PSYoungGen: 62496K->1472K(62976K)] 449971K->388947K(720896K), 0.0026337 secs] [Times: user=0.02 sys=0.00, real=0.00 secs] 
2959.820: [GC (Allocation Failure) [PSYoungGen: 62400K->1344K(62976K)] 449875K->388819K(720896K), 0.0028108 secs] [Times: user=0.01 sys=0.00, real=0.00 secs] 
2960.215: [GC (Allocation Failure) [PSYoungGen: 62272K->1424K(62976K)] 449747K->388899K(720896K), 0.0025691 secs] [Times: user=0.01 sys=0.00, real=0.01 secs] 
2960.614: [GC (Allocation Failure) [PSYoungGen: 62352K->1376K(62976K)] 449827K->388851K(720896K), 0.0024401 secs] [Times: user=0.01 sys=0.00, real=0.01 secs] 
2961.049: [GC (Allocation Failure) [PSYoungGen: 62304K->1392K(62976K)] 449779K->388867K(720896K), 0.0025336 secs] [Times: user=0.02 sys=0.00, real=0.00 secs] 
2961.502: [GC (Allocation Failure) [PSYoungGen: 62320K->1549K(62976K)] 449795K->389024K(720896K), 0.0019174 secs] [Times: user=0.01 sys=0.00, real=0.00 secs] 
2961.876: [GC (Allocation Failure) [PSYoungGen: 62477K->1549K(62976K)] 449952K->389056K(720896K), 0.0016853 secs] [Times: user=0.01 sys=0.00, real=0.00 secs] 
2962.239: [GC (Allocation Failure) [PSYoungGen: 62462K->1549K(62976K)] 449969K->389056K(720896K), 0.0018281 secs] [Times: user=0.01 sys=0.00, real=0.00 secs] 
2962.604: [GC (Allocation Failure) [PSYoungGen: 62477K->1549K(62976K)] 449984K->389056K(720896K), 0.0017682 secs] [Times: user=0.01 sys=0.00, real=0.00 secs] 
2962.949: [GC (Allocation Failure) [PSYoungGen: 62477K->1376K(62976K)] 449984K->388883K(720896K), 0.0019760 secs] [Times: user=0.01 sys=0.00, real=0.00 secs] 
2963.233: [GC (Allocation Failure) [PSYoungGen: 62304K->1344K(62976K)] 449811K->388851K(720896K), 0.0021346 secs] [Times: user=0.01 sys=0.00, real=0.00 secs] 
2963.523: [GC (Allocation Failure) [PSYoungGen: 62272K->1376K(62976K)] 449779K->388883K(720896K), 0.0020395 secs] [Times: user=0.01 sys=0.00, real=0.00 secs] 
2963.868: [GC (Allocation Failure) [PSYoungGen: 62304K->1376K(62976K)] 449811K->388883K(720896K), 0.0021179 secs] [Times: user=0.01 sys=0.00, real=0.00 secs] 
2964.345: [GC (Allocation Failure) [PSYoungGen: 62287K->1501K(62976K)] 449794K->389008K(720896K), 0.0017499 secs] [Times: user=0.01 sys=0.00, real=0.01 secs] 
2964.711: [GC (Allocation Failure) [PSYoungGen: 62429K->1549K(62976K)] 449936K->389056K(720896K), 0.0017555 secs] [Times: user=0.01 sys=0.00, real=0.00 secs] 
2965.134: [GC (Allocation Failure) [PSYoungGen: 62458K->1549K(62976K)] 449965K->389064K(720896K), 0.0017497 secs] [Times: user=0.01 sys=0.00, real=0.00 secs] 
2965.497: [GC (Allocation Failure) [PSYoungGen: 62477K->1517K(62976K)] 449992K->389032K(720896K), 0.0018783 secs] [Times: user=0.01 sys=0.00, real=0.00 secs] 
2965.879: [GC (Allocation Failure) [PSYoungGen: 62445K->1440K(62976K)] 449960K->388955K(720896K), 0.0020741 secs] [Times: user=0.01 sys=0.01, real=0.00 secs] 
2966.184: [GC (Allocation Failure) [PSYoungGen: 62368K->1392K(62976K)] 449883K->388907K(720896K), 0.0020913 secs] [Times: user=0.01 sys=0.00, real=0.00 secs] 
2966.437: [GC (Allocation Failure) [PSYoungGen: 62320K->1392K(62976K)] 449835K->388907K(720896K), 0.0020470 secs] [Times: user=0.01 sys=0.00, real=0.00 secs] 
2966.691: [GC (Allocation Failure) [PSYoungGen: 62320K->1408K(62976K)] 449835K->388923K(720896K), 0.0023744 secs] [Times: user=0.01 sys=0.00, real=0.00 secs] 
2966.945: [GC (Allocation Failure) [PSYoungGen: 62336K->1376K(62976K)] 449851K->388891K(720896K), 0.0025816 secs] [Times: user=0.01 sys=0.00, real=0.01 secs] 
2967.422: [GC (Allocation Failure) [PSYoungGen: 62298K->1517K(62976K)] 449813K->389032K(720896K), 0.0017939 secs] [Times: user=0.01 sys=0.00, real=0.00 secs] 
2967.788: [GC (Allocation Failure) [PSYoungGen: 62445K->1616K(62976K)] 449960K->389131K(720896K), 0.0017643 secs] [Times: user=0.00 sys=0.00, real=0.00 secs] 
2968.152: [GC (Allocation Failure) [PSYoungGen: 62544K->1629K(62976K)] 450059K->389160K(720896K), 0.0017762 secs] [Times: user=0.01 sys=0.00, real=0.00 secs] 
2968.517: [GC (Allocation Failure) [PSYoungGen: 62557K->1597K(62976K)] 450088K->389128K(720896K), 0.0016932 secs] [Times: user=0.01 sys=0.00, real=0.00 secs] 
2968.893: [GC (Allocation Failure) [PSYoungGen: 62525K->1440K(62976K)] 450056K->388971K(720896K), 0.0018471 secs] [Times: user=0.01 sys=0.00, real=0.00 secs] 
2969.147: [GC (Allocation Failure) [PSYoungGen: 62368K->1376K(62976K)] 449899K->388907K(720896K), 0.0019398 secs] [Times: user=0.01 sys=0.00, real=0.00 secs] 
2969.453: [GC (Allocation Failure) [PSYoungGen: 62304K->1360K(62976K)] 449835K->388891K(720896K), 0.0021171 secs] [Times: user=0.00 sys=0.00, real=0.00 secs] 
2969.706: [GC (Allocation Failure) [PSYoungGen: 62288K->1376K(62976K)] 449819K->388907K(720896K), 0.0021461 secs] [Times: user=0.01 sys=0.00, real=0.00 secs] 
2970.073: [GC (Allocation Failure) [PSYoungGen: 62304K->1469K(62976K)] 449835K->389000K(720896K), 0.0022910 secs] [Times: user=0.01 sys=0.00, real=0.00 secs] 
2970.554: [GC (Allocation Failure) [PSYoungGen: 62397K->1565K(62976K)] 449928K->389096K(720896K), 0.0017837 secs] [Times: user=0.01 sys=0.00, real=0.00 secs] 
2970.918: [GC (Allocation Failure) [PSYoungGen: 62493K->1517K(62976K)] 450024K->389080K(720896K), 0.0016935 secs] [Times: user=0.01 sys=0.00, real=0.00 secs] 
2971.284: [GC (Allocation Failure) [PSYoungGen: 62445K->1632K(62976K)] 450008K->389195K(720896K), 0.0017829 secs] [Times: user=0.00 sys=0.00, real=0.00 secs] 
2971.724: [GC (Allocation Failure) [PSYoungGen: 62560K->1648K(62976K)] 450123K->389211K(720896K), 0.0017640 secs] [Times: user=0.01 sys=0.00, real=0.00 secs] 
2972.097: [GC (Allocation Failure) [PSYoungGen: 62576K->1408K(62976K)] 450139K->388971K(720896K), 0.0022055 secs] [Times: user=0.00 sys=0.00, real=0.00 secs] 
2972.347: [GC (Allocation Failure) [PSYoungGen: 62336K->1360K(62976K)] 449899K->388923K(720896K), 0.0019878 secs] [Times: user=0.01 sys=0.00, real=0.00 secs] 
2972.600: [GC (Allocation Failure) [PSYoungGen: 62288K->1424K(62976K)] 449851K->388987K(720896K), 0.0022698 secs] [Times: user=0.01 sys=0.00, real=0.00 secs] 
2973.200: [GC (Allocation Failure) [PSYoungGen: 62352K->1376K(62976K)] 449915K->388939K(720896K), 0.0036373 secs] [Times: user=0.02 sys=0.00, real=0.00 secs] 
2973.741: [GC (Allocation Failure) [PSYoungGen: 62296K->1533K(62976K)] 449859K->389096K(720896K), 0.0016965 secs] [Times: user=0.01 sys=0.00, real=0.00 secs] 
2974.106: [GC (Allocation Failure) [PSYoungGen: 62461K->1581K(62976K)] 450024K->389144K(720896K), 0.0017192 secs] [Times: user=0.01 sys=0.00, real=0.01 secs] 
2974.471: [GC (Allocation Failure) [PSYoungGen: 62509K->1565K(62976K)] 450072K->389136K(720896K), 0.0016909 secs] [Times: user=0.00 sys=0.00, real=0.00 secs] 
2974.835: [GC (Allocation Failure) [PSYoungGen: 62493K->1549K(62976K)] 450064K->389120K(720896K), 0.0018724 secs] [Times: user=0.01 sys=0.00, real=0.01 secs] 
2975.346: [GC (Allocation Failure) [PSYoungGen: 62477K->1472K(62976K)] 450048K->389043K(720896K), 0.0020321 secs] [Times: user=0.01 sys=0.00, real=0.00 secs] 
2975.901: [GC (Allocation Failure) [PSYoungGen: 62400K->1344K(62976K)] 449971K->388915K(720896K), 0.0036117 secs] [Times: user=0.01 sys=0.00, real=0.00 secs] 
2976.165: [GC (Allocation Failure) [PSYoungGen: 62272K->1440K(62976K)] 449843K->389011K(720896K), 0.0025600 secs] [Times: user=0.01 sys=0.00, real=0.01 secs] 
2976.447: [GC (Allocation Failure) [PSYoungGen: 62368K->1376K(62976K)] 449939K->388947K(720896K), 0.0021655 secs] [Times: user=0.01 sys=0.00, real=0.00 secs] 
2976.935: [GC (Allocation Failure) [PSYoungGen: 62304K->1344K(62976K)] 449875K->388915K(720896K), 0.0041377 secs] [Times: user=0.01 sys=0.00, real=0.01 secs] 
2977.546: [GC (Allocation Failure) [PSYoungGen: 62272K->1517K(62976K)] 449843K->389088K(720896K), 0.0017424 secs] [Times: user=0.00 sys=0.00, real=0.01 secs] 
2977.911: [GC (Allocation Failure) [PSYoungGen: 62445K->1629K(62976K)] 450016K->389216K(720896K), 0.0016788 secs] [Times: user=0.01 sys=0.00, real=0.00 secs] 
2978.276: [GC (Allocation Failure) [PSYoungGen: 62557K->1549K(62976K)] 450144K->389136K(720896K), 0.0016983 secs] [Times: user=0.01 sys=0.00, real=0.00 secs] 
2978.705: [GC (Allocation Failure) [PSYoungGen: 62477K->1597K(62976K)] 450064K->389184K(720896K), 0.0018349 secs] [Times: user=0.01 sys=0.00, real=0.01 secs] 
2981.226: [GC (Allocation Failure) [PSYoungGen: 62525K->1376K(62976K)] 450112K->388963K(720896K), 0.0027189 secs] [Times: user=0.01 sys=0.00, real=0.01 secs] 
2981.893: [GC (Allocation Failure) [PSYoungGen: 62304K->1408K(62976K)] 449891K->388995K(720896K), 0.0021148 secs] [Times: user=0.00 sys=0.00, real=0.00 secs] 
2982.154: [GC (Allocation Failure) [PSYoungGen: 62336K->1376K(62976K)] 449923K->388963K(720896K), 0.0019065 secs] [Times: user=0.01 sys=0.00, real=0.01 secs] 
2982.564: [GC (Allocation Failure) [PSYoungGen: 62304K->1376K(62976K)] 449891K->388963K(720896K), 0.0022183 secs] [Times: user=0.00 sys=0.00, real=0.01 secs] 
2983.037: [GC (Allocation Failure) [PSYoungGen: 62304K->1501K(62976K)] 449891K->389088K(720896K), 0.0024381 secs] [Times: user=0.01 sys=0.00, real=0.00 secs] 
2983.532: [GC (Allocation Failure) [PSYoungGen: 62429K->1533K(62976K)] 450016K->389120K(720896K), 0.0016915 secs] [Times: user=0.01 sys=0.00, real=0.00 secs] 
2983.896: [GC (Allocation Failure) [PSYoungGen: 62461K->1552K(62976K)] 450048K->389163K(720896K), 0.0018168 secs] [Times: user=0.01 sys=0.00, real=0.01 secs] 
2984.260: [GC (Allocation Failure) [PSYoungGen: 62480K->1565K(62976K)] 450091K->389208K(720896K), 0.0018426 secs] [Times: user=0.01 sys=0.00, real=0.00 secs] 
2984.639: [GC (Allocation Failure) [PSYoungGen: 62493K->1472K(62976K)] 450136K->389115K(720896K), 0.0021212 secs] [Times: user=0.01 sys=0.00, real=0.00 secs] 
2984.923: [GC (Allocation Failure) [PSYoungGen: 62400K->1376K(62976K)] 450043K->389019K(720896K), 0.0027667 secs] [Times: user=0.01 sys=0.00, real=0.01 secs] 
2985.174: [GC (Allocation Failure) [PSYoungGen: 62304K->1408K(62976K)] 449947K->389051K(720896K), 0.0019976 secs] [Times: user=0.01 sys=0.00, real=0.01 secs] 
2985.479: [GC (Allocation Failure) [PSYoungGen: 62336K->1408K(62976K)] 449979K->389051K(720896K), 0.0020197 secs] [Times: user=0.01 sys=0.00, real=0.00 secs] 
2985.811: [GC (Allocation Failure) [PSYoungGen: 62336K->1376K(62976K)] 449979K->389019K(720896K), 0.0020320 secs] [Times: user=0.00 sys=0.00, real=0.00 secs] 
2986.265: [GC (Allocation Failure) [PSYoungGen: 62304K->1549K(62976K)] 449947K->389192K(720896K), 0.0017269 secs] [Times: user=0.00 sys=0.00, real=0.01 secs] 
2986.630: [GC (Allocation Failure) [PSYoungGen: 62477K->1613K(62976K)] 450120K->389256K(720896K), 0.0018477 secs] [Times: user=0.01 sys=0.00, real=0.00 secs] 
2986.995: [GC (Allocation Failure) [PSYoungGen: 62541K->1549K(62976K)] 450184K->389208K(720896K), 0.0017756 secs] [Times: user=0.01 sys=0.00, real=0.01 secs] 
2987.361: [GC (Allocation Failure) [PSYoungGen: 62477K->1597K(62976K)] 450136K->389256K(720896K), 0.0019598 secs] [Times: user=0.01 sys=0.00, real=0.00 secs] 
2987.961: [GC (Allocation Failure) [PSYoungGen: 62525K->1456K(62976K)] 450184K->389115K(720896K), 0.0019048 secs] [Times: user=0.01 sys=0.00, real=0.00 secs] 
2988.360: [GC (Allocation Failure) [PSYoungGen: 62384K->1376K(62976K)] 450043K->389035K(720896K), 0.0020379 secs] [Times: user=0.01 sys=0.00, real=0.00 secs] 
2988.614: [GC (Allocation Failure) [PSYoungGen: 62304K->1408K(62976K)] 449963K->389067K(720896K), 0.0017842 secs] [Times: user=0.01 sys=0.00, real=0.00 secs] 
2988.867: [GC (Allocation Failure) [PSYoungGen: 62336K->1376K(62976K)] 449995K->389035K(720896K), 0.0018350 secs] [Times: user=0.01 sys=0.00, real=0.00 secs] 
2989.120: [GC (Allocation Failure) [PSYoungGen: 62304K->1408K(62976K)] 449963K->389067K(720896K), 0.0018798 secs] [Times: user=0.01 sys=0.00, real=0.00 secs] 
2989.502: [GC (Allocation Failure) [PSYoungGen: 62336K->1533K(62976K)] 449995K->389192K(720896K), 0.0017593 secs] [Times: user=0.01 sys=0.00, real=0.00 secs] 
2989.934: [GC (Allocation Failure) [PSYoungGen: 62461K->1517K(62976K)] 450120K->389184K(720896K), 0.0019077 secs] [Times: user=0.00 sys=0.00, real=0.01 secs] 
2990.301: [GC (Allocation Failure) [PSYoungGen: 62445K->1581K(62976K)] 450112K->389248K(720896K), 0.0018310 secs] [Times: user=0.01 sys=0.00, real=0.00 secs] 
2990.666: [GC (Allocation Failure) [PSYoungGen: 62509K->1549K(62976K)] 450176K->389216K(720896K), 0.0018043 secs] [Times: user=0.01 sys=0.00, real=0.01 secs] 
2990.963: [GC (Allocation Failure) [PSYoungGen: 62477K->1440K(62976K)] 450144K->389107K(720896K), 0.0026007 secs] [Times: user=0.01 sys=0.00, real=0.00 secs] 
2991.226: [GC (Allocation Failure) [PSYoungGen: 62368K->1376K(62976K)] 450035K->389067K(720896K), 0.0021642 secs] [Times: user=0.01 sys=0.00, real=0.00 secs] 
2991.479: [GC (Allocation Failure) [PSYoungGen: 62304K->1424K(62976K)] 449995K->389115K(720896K), 0.0020483 secs] [Times: user=0.01 sys=0.00, real=0.00 secs] 
2991.817: [GC (Allocation Failure) [PSYoungGen: 62352K->1408K(62976K)] 450043K->389099K(720896K), 0.0020471 secs] [Times: user=0.01 sys=0.00, real=0.00 secs] 
2992.231: [GC (Allocation Failure) [PSYoungGen: 62336K->1488K(62976K)] 450027K->389179K(720896K), 0.0016702 secs] [Times: user=0.00 sys=0.00, real=0.00 secs] 
2992.605: [GC (Allocation Failure) [PSYoungGen: 62392K->1581K(62976K)] 450083K->389272K(720896K), 0.0017267 secs] [Times: user=0.01 sys=0.00, real=0.01 secs] 
2992.971: [GC (Allocation Failure) [PSYoungGen: 62509K->1549K(62976K)] 450200K->389256K(720896K), 0.0018205 secs] [Times: user=0.01 sys=0.00, real=0.00 secs] 
2993.337: [GC (Allocation Failure) [PSYoungGen: 62477K->1517K(62976K)] 450184K->389224K(720896K), 0.0018051 secs] [Times: user=0.00 sys=0.00, real=0.00 secs] 
2993.829: [GC (Allocation Failure) [PSYoungGen: 62445K->1472K(62976K)] 450152K->389179K(720896K), 0.0025875 secs] [Times: user=0.01 sys=0.00, real=0.00 secs] 
2994.372: [GC (Allocation Failure) [PSYoungGen: 62400K->1392K(62976K)] 450107K->389099K(720896K), 0.0019692 secs] [Times: user=0.01 sys=0.00, real=0.00 secs] 
2994.973: [GC (Allocation Failure) [PSYoungGen: 62320K->1376K(62976K)] 450027K->389083K(720896K), 0.0022694 secs] [Times: user=0.01 sys=0.00, real=0.00 secs] 
2995.671: [GC (Allocation Failure) [PSYoungGen: 62304K->1408K(62976K)] 450011K->389115K(720896K), 0.0028009 secs] [Times: user=0.01 sys=0.00, real=0.00 secs] 
2996.226: [GC (Allocation Failure) [PSYoungGen: 62336K->1408K(62976K)] 450043K->389115K(720896K), 0.0027708 secs] [Times: user=0.01 sys=0.00, real=0.00 secs] 
2996.741: [GC (Allocation Failure) [PSYoungGen: 62331K->1533K(62976K)] 450038K->389240K(720896K), 0.0018068 secs] [Times: user=0.01 sys=0.00, real=0.00 secs] 
2997.107: [GC (Allocation Failure) [PSYoungGen: 62461K->1629K(62976K)] 450168K->389336K(720896K), 0.0016862 secs] [Times: user=0.01 sys=0.00, real=0.00 secs] 
2997.532: [GC (Allocation Failure) [PSYoungGen: 62557K->1597K(62976K)] 450264K->389328K(720896K), 0.0018119 secs] [Times: user=0.01 sys=0.00, real=0.00 secs] 
2997.899: [GC (Allocation Failure) [PSYoungGen: 62525K->1629K(62976K)] 450256K->389360K(720896K), 0.0018454 secs] [Times: user=0.01 sys=0.00, real=0.00 secs] 
2998.236: [GC (Allocation Failure) [PSYoungGen: 62557K->1440K(62976K)] 450288K->389171K(720896K), 0.0025205 secs] [Times: user=0.01 sys=0.00, real=0.01 secs] 
2998.489: [GC (Allocation Failure) [PSYoungGen: 62368K->1376K(62976K)] 450099K->389107K(720896K), 0.0020606 secs] [Times: user=0.00 sys=0.00, real=0.00 secs] 
2998.743: [GC (Allocation Failure) [PSYoungGen: 62304K->1344K(62976K)] 450035K->389075K(720896K), 0.0021533 secs] [Times: user=0.01 sys=0.00, real=0.00 secs] 
2999.023: [GC (Allocation Failure) [PSYoungGen: 62272K->1376K(62976K)] 450003K->389107K(720896K), 0.0019668 secs] [Times: user=0.01 sys=0.00, real=0.00 secs] 
2999.369: [GC (Allocation Failure) [PSYoungGen: 62278K->1517K(62976K)] 450009K->389248K(720896K), 0.0020674 secs] [Times: user=0.01 sys=0.00, real=0.00 secs] 
2999.827: [GC (Allocation Failure) [PSYoungGen: 62445K->1520K(62976K)] 450176K->389251K(720896K), 0.0018767 secs] [Times: user=0.00 sys=0.00, real=0.00 secs] 
3000.251: [GC (Allocation Failure) [PSYoungGen: 62448K->1581K(62976K)] 450179K->389320K(720896K), 0.0019134 secs] [Times: user=0.01 sys=0.00, real=0.00 secs] 
3000.653: [GC (Allocation Failure) [PSYoungGen: 62509K->1597K(62976K)] 450248K->389336K(720896K), 0.0018582 secs] [Times: user=0.01 sys=0.00, real=0.00 secs] 
3001.045: [GC (Allocation Failure) [PSYoungGen: 62046K->2032K(62976K)] 449785K->389779K(720896K), 0.0020599 secs] [Times: user=0.01 sys=0.00, real=0.01 secs] 
3001.296: [GC (Allocation Failure) [PSYoungGen: 62960K->1344K(62976K)] 450707K->389123K(720896K), 0.0019935 secs] [Times: user=0.01 sys=0.00, real=0.01 secs] 
3001.559: [GC (Allocation Failure) [PSYoungGen: 62272K->1344K(62976K)] 450051K->389123K(720896K), 0.0019215 secs] [Times: user=0.01 sys=0.00, real=0.00 secs] 
3001.812: [GC (Allocation Failure) [PSYoungGen: 62272K->1392K(62976K)] 450051K->389171K(720896K), 0.0019707 secs] [Times: user=0.01 sys=0.00, real=0.00 secs] 
3002.065: [GC (Allocation Failure) [PSYoungGen: 62320K->1376K(62976K)] 450099K->389155K(720896K), 0.0019557 secs] [Times: user=0.01 sys=0.00, real=0.01 secs] 
3002.413: [GC (Allocation Failure) [PSYoungGen: 62286K->1517K(62976K)] 450065K->389296K(720896K), 0.0016067 secs] [Times: user=0.01 sys=0.00, real=0.00 secs] 
3002.789: [GC (Allocation Failure) [PSYoungGen: 62445K->1549K(62976K)] 450224K->389328K(720896K), 0.0016699 secs] [Times: user=0.00 sys=0.00, real=0.00 secs] 
3003.153: [GC (Allocation Failure) [PSYoungGen: 62477K->1565K(62976K)] 450256K->389360K(720896K), 0.0016767 secs] [Times: user=0.01 sys=0.00, real=0.00 secs] 
3003.518: [GC (Allocation Failure) [PSYoungGen: 62493K->1517K(62976K)] 450288K->389312K(720896K), 0.0017566 secs] [Times: user=0.01 sys=0.00, real=0.00 secs] 
3004.033: [GC (Allocation Failure) [PSYoungGen: 62445K->1504K(62976K)] 450240K->389299K(720896K), 0.0020679 secs] [Times: user=0.01 sys=0.00, real=0.00 secs] 
3004.395: [GC (Allocation Failure) [PSYoungGen: 62432K->1360K(62976K)] 450227K->389155K(720896K), 0.0018925 secs] [Times: user=0.01 sys=0.00, real=0.01 secs] 
3004.695: [GC (Allocation Failure) [PSYoungGen: 62288K->1344K(62976K)] 450083K->389139K(720896K), 0.0020458 secs] [Times: user=0.00 sys=0.00, real=0.01 secs] 
3004.948: [GC (Allocation Failure) [PSYoungGen: 62272K->1408K(62976K)] 450067K->389203K(720896K), 0.0020253 secs] [Times: user=0.01 sys=0.00, real=0.00 secs] 
3005.201: [GC (Allocation Failure) [PSYoungGen: 62336K->1392K(62976K)] 450131K->389187K(720896K), 0.0020857 secs] [Times: user=0.01 sys=0.00, real=0.00 secs] 
3005.591: [GC (Allocation Failure) [PSYoungGen: 62290K->1501K(62976K)] 450085K->389296K(720896K), 0.0016856 secs] [Times: user=0.01 sys=0.00, real=0.00 secs] 
3005.958: [GC (Allocation Failure) [PSYoungGen: 62429K->1565K(62976K)] 450224K->389368K(720896K), 0.0018081 secs] [Times: user=0.01 sys=0.00, real=0.00 secs] 
3006.322: [GC (Allocation Failure) [PSYoungGen: 62493K->1613K(62976K)] 450296K->389416K(720896K), 0.0018040 secs] [Times: user=0.01 sys=0.00, real=0.00 secs] 
3006.688: [GC (Allocation Failure) [PSYoungGen: 62541K->1549K(62976K)] 450344K->389352K(720896K), 0.0018256 secs] [Times: user=0.01 sys=0.00, real=0.00 secs] 
3007.082: [GC (Allocation Failure) [PSYoungGen: 62477K->1408K(62976K)] 450280K->389219K(720896K), 0.0019194 secs] [Times: user=0.00 sys=0.00, real=0.00 secs] 
3007.366: [GC (Allocation Failure) [PSYoungGen: 62336K->1376K(62976K)] 450147K->389187K(720896K), 0.0019755 secs] [Times: user=0.01 sys=0.00, real=0.01 secs] 
3007.742: [GC (Allocation Failure) [PSYoungGen: 62304K->1376K(62976K)] 450115K->389187K(720896K), 0.0021656 secs] [Times: user=0.00 sys=0.01, real=0.00 secs] 
3008.324: [GC (Allocation Failure) [PSYoungGen: 62304K->1392K(62976K)] 450115K->389203K(720896K), 0.0019925 secs] [Times: user=0.01 sys=0.00, real=0.00 secs] 
3008.941: [GC (Allocation Failure) [PSYoungGen: 62298K->1488K(62976K)] 450109K->389299K(720896K), 0.0016752 secs] [Times: user=0.01 sys=0.00, real=0.00 secs] 
3009.306: [GC (Allocation Failure) [PSYoungGen: 62416K->1565K(62976K)] 450227K->389376K(720896K), 0.0017594 secs] [Times: user=0.01 sys=0.01, real=0.01 secs] 
3009.673: [GC (Allocation Failure) [PSYoungGen: 62493K->1581K(62976K)] 450304K->389408K(720896K), 0.0018222 secs] [Times: user=0.00 sys=0.00, real=0.00 secs] 
3010.038: [GC (Allocation Failure) [PSYoungGen: 62509K->1517K(62976K)] 450336K->389344K(720896K), 0.0017984 secs] [Times: user=0.01 sys=0.00, real=0.00 secs] 
3010.468: [GC (Allocation Failure) [PSYoungGen: 62445K->1472K(62976K)] 450272K->389307K(720896K), 0.0020908 secs] [Times: user=0.00 sys=0.00, real=0.00 secs] 
3010.756: [GC (Allocation Failure) [PSYoungGen: 62400K->1344K(62976K)] 450235K->389179K(720896K), 0.0022179 secs] [Times: user=0.01 sys=0.00, real=0.00 secs] 
3011.010: [GC (Allocation Failure) [PSYoungGen: 62272K->1376K(62976K)] 450107K->389211K(720896K), 0.0020338 secs] [Times: user=0.01 sys=0.00, real=0.00 secs] 
3011.650: [GC (Allocation Failure) [PSYoungGen: 62304K->1376K(62976K)] 450139K->389227K(720896K), 0.0022647 secs] [Times: user=0.01 sys=0.00, real=0.00 secs] 
3012.485: [GC (Allocation Failure) [PSYoungGen: 62304K->1344K(62976K)] 450155K->389195K(720896K), 0.0048089 secs] [Times: user=0.02 sys=0.00, real=0.01 secs] 
3013.161: [GC (Allocation Failure) [PSYoungGen: 62272K->1520K(62976K)] 450123K->389371K(720896K), 0.0017214 secs] [Times: user=0.01 sys=0.00, real=0.00 secs] 
3013.526: [GC (Allocation Failure) [PSYoungGen: 62448K->1501K(62976K)] 450299K->389352K(720896K), 0.0017998 secs] [Times: user=0.01 sys=0.00, real=0.01 secs] 
3013.890: [GC (Allocation Failure) [PSYoungGen: 62418K->1565K(62976K)] 450269K->389432K(720896K), 0.0017422 secs] [Times: user=0.01 sys=0.00, real=0.00 secs] 
3014.254: [GC (Allocation Failure) [PSYoungGen: 62493K->1517K(62976K)] 450360K->389384K(720896K), 0.0017706 secs] [Times: user=0.01 sys=0.00, real=0.01 secs] 
3014.582: [GC (Allocation Failure) [PSYoungGen: 62445K->1392K(62976K)] 450312K->389259K(720896K), 0.0020465 secs] [Times: user=0.01 sys=0.00, real=0.00 secs] 
3014.835: [GC (Allocation Failure) [PSYoungGen: 62320K->1344K(62976K)] 450187K->389211K(720896K), 0.0018837 secs] [Times: user=0.00 sys=0.00, real=0.01 secs] 
3015.088: [GC (Allocation Failure) [PSYoungGen: 62272K->1408K(62976K)] 450139K->389275K(720896K), 0.0019417 secs] [Times: user=0.01 sys=0.00, real=0.00 secs] 
3015.368: [GC (Allocation Failure) [PSYoungGen: 62336K->1344K(62976K)] 450203K->389211K(720896K), 0.0019752 secs] [Times: user=0.01 sys=0.00, real=0.00 secs] 
3015.633: [GC (Allocation Failure) [PSYoungGen: 62272K->1437K(62976K)] 450139K->389312K(720896K), 0.0019197 secs] [Times: user=0.00 sys=0.00, real=0.00 secs] 
3016.006: [GC (Allocation Failure) [PSYoungGen: 62365K->1549K(62976K)] 450240K->389432K(720896K), 0.0016575 secs] [Times: user=0.01 sys=0.00, real=0.00 secs] 
3016.370: [GC (Allocation Failure) [PSYoungGen: 62477K->1549K(62976K)] 450360K->389440K(720896K), 0.0017574 secs] [Times: user=0.01 sys=0.00, real=0.00 secs] 
3016.735: [GC (Allocation Failure) [PSYoungGen: 62477K->1597K(62976K)] 450368K->389488K(720896K), 0.0017720 secs] [Times: user=0.01 sys=0.00, real=0.01 secs] 
3017.100: [GC (Allocation Failure) [PSYoungGen: 62525K->368K(62976K)] 450416K->388259K(720896K), 0.0016028 secs] [Times: user=0.01 sys=0.00, real=0.00 secs] 
3018.307: [GC (Allocation Failure) [PSYoungGen: 61296K->1392K(62976K)] 449187K->389283K(720896K), 0.0034630 secs] [Times: user=0.01 sys=0.00, real=0.00 secs] 
3018.797: [GC (Allocation Failure) [PSYoungGen: 62320K->1344K(62976K)] 450211K->389235K(720896K), 0.0028002 secs] [Times: user=0.01 sys=0.00, real=0.00 secs] 
3019.278: [GC (Allocation Failure) [PSYoungGen: 62272K->1344K(62976K)] 450163K->389235K(720896K), 0.0033313 secs] [Times: user=0.01 sys=0.00, real=0.00 secs] 
3019.746: [GC (Allocation Failure) [PSYoungGen: 62272K->1328K(62976K)] 450163K->389219K(720896K), 0.0028245 secs] [Times: user=0.01 sys=0.00, real=0.01 secs] 
3020.225: [GC (Allocation Failure) [PSYoungGen: 62248K->1517K(62976K)] 450139K->389408K(720896K), 0.0016025 secs] [Times: user=0.01 sys=0.00, real=0.01 secs] 
3020.595: [GC (Allocation Failure) [PSYoungGen: 62445K->1581K(62976K)] 450336K->389472K(720896K), 0.0018335 secs] [Times: user=0.00 sys=0.00, real=0.01 secs] 
3021.025: [GC (Allocation Failure) [PSYoungGen: 62506K->1613K(62976K)] 450397K->389528K(720896K), 0.0018378 secs] [Times: user=0.00 sys=0.00, real=0.01 secs] 
3021.390: [GC (Allocation Failure) [PSYoungGen: 62541K->1517K(62976K)] 450456K->389432K(720896K), 0.0018172 secs] [Times: user=0.01 sys=0.00, real=0.00 secs] 
3022.027: [GC (Allocation Failure) [PSYoungGen: 62445K->1424K(62976K)] 450360K->389339K(720896K), 0.0031776 secs] [Times: user=0.01 sys=0.00, real=0.00 secs] 
3022.701: [GC (Allocation Failure) [PSYoungGen: 62352K->1408K(62976K)] 450267K->389323K(720896K), 0.0033846 secs] [Times: user=0.01 sys=0.00, real=0.00 secs] 
3023.540: [GC (Allocation Failure) [PSYoungGen: 62336K->1344K(62976K)] 450251K->389283K(720896K), 0.0041978 secs] [Times: user=0.02 sys=0.00, real=0.00 secs] 
3024.449: [GC (Allocation Failure) [PSYoungGen: 62272K->1328K(62976K)] 450211K->389267K(720896K), 0.0041781 secs] [Times: user=0.01 sys=0.00, real=0.00 secs] 
3025.232: [GC (Allocation Failure) [PSYoungGen: 62256K->1376K(62976K)] 450195K->389315K(720896K), 0.0029556 secs] [Times: user=0.01 sys=0.00, real=0.00 secs] 
3025.806: [GC (Allocation Failure) [PSYoungGen: 62304K->1549K(62976K)] 450243K->389488K(720896K), 0.0018514 secs] [Times: user=0.01 sys=0.00, real=0.01 secs] 
3026.172: [GC (Allocation Failure) [PSYoungGen: 62477K->1565K(62976K)] 450416K->389504K(720896K), 0.0017705 secs] [Times: user=0.01 sys=0.00, real=0.00 secs] 
3026.596: [GC (Allocation Failure) [PSYoungGen: 62493K->1549K(62976K)] 450432K->389504K(720896K), 0.0017712 secs] [Times: user=0.01 sys=0.00, real=0.01 secs] 
3027.024: [GC (Allocation Failure) [PSYoungGen: 62477K->1549K(62976K)] 450432K->389504K(720896K), 0.0018431 secs] [Times: user=0.01 sys=0.00, real=0.00 secs] 
3027.528: [GC (Allocation Failure) [PSYoungGen: 62477K->1408K(62976K)] 450432K->389363K(720896K), 0.0029441 secs] [Times: user=0.01 sys=0.00, real=0.00 secs] 
3027.997: [GC (Allocation Failure) [PSYoungGen: 62336K->1344K(62976K)] 450291K->389299K(720896K), 0.0022664 secs] [Times: user=0.01 sys=0.00, real=0.00 secs] 
3028.689: [GC (Allocation Failure) [PSYoungGen: 62272K->1408K(62976K)] 450227K->389363K(720896K), 0.0040508 secs] [Times: user=0.01 sys=0.00, real=0.00 secs] 
3029.536: [GC (Allocation Failure) [PSYoungGen: 62336K->1424K(62976K)] 450291K->389379K(720896K), 0.0042416 secs] [Times: user=0.02 sys=0.00, real=0.00 secs] 
3030.488: [GC (Allocation Failure) [PSYoungGen: 62352K->1501K(62976K)] 450307K->389456K(720896K), 0.0025951 secs] [Times: user=0.01 sys=0.00, real=0.00 secs] 
3030.984: [GC (Allocation Failure) [PSYoungGen: 62412K->1565K(62976K)] 450367K->389520K(720896K), 0.0017910 secs] [Times: user=0.01 sys=0.00, real=0.00 secs] 
3031.405: [GC (Allocation Failure) [PSYoungGen: 62493K->1600K(62976K)] 450448K->389579K(720896K), 0.0018479 secs] [Times: user=0.01 sys=0.00, real=0.01 secs] 
3031.771: [GC (Allocation Failure) [PSYoungGen: 62528K->1517K(62976K)] 450507K->389496K(720896K), 0.0018002 secs] [Times: user=0.01 sys=0.00, real=0.00 secs] 
3032.131: [GC (Allocation Failure) [PSYoungGen: 62445K->2032K(62976K)] 450424K->390523K(720896K), 0.0018793 secs] [Times: user=0.01 sys=0.00, real=0.00 secs] 
3032.391: [GC (Allocation Failure) [PSYoungGen: 62960K->1408K(62976K)] 451451K->389899K(720896K), 0.0030380 secs] [Times: user=0.01 sys=0.00, real=0.00 secs] 
3032.641: [GC (Allocation Failure) [PSYoungGen: 62336K->1376K(62976K)] 450827K->389867K(720896K), 0.0020697 secs] [Times: user=0.01 sys=0.00, real=0.00 secs] 
3032.895: [GC (Allocation Failure) [PSYoungGen: 62304K->1376K(62976K)] 450795K->389875K(720896K), 0.0037412 secs] [Times: user=0.02 sys=0.00, real=0.01 secs] 
3033.150: [GC (Allocation Failure) [PSYoungGen: 62304K->1408K(62976K)] 450803K->389907K(720896K), 0.0025615 secs] [Times: user=0.01 sys=0.00, real=0.00 secs] 
3033.553: [GC (Allocation Failure) [PSYoungGen: 62335K->1501K(62976K)] 450834K->390000K(720896K), 0.0017430 secs] [Times: user=0.00 sys=0.00, real=0.00 secs] 
3033.922: [GC (Allocation Failure) [PSYoungGen: 62429K->1533K(62976K)] 450928K->390032K(720896K), 0.0017966 secs] [Times: user=0.00 sys=0.00, real=0.00 secs] 
3034.286: [GC (Allocation Failure) [PSYoungGen: 62442K->1581K(62976K)] 450941K->390096K(720896K), 0.0017694 secs] [Times: user=0.01 sys=0.00, real=0.00 secs] 
3034.709: [GC (Allocation Failure) [PSYoungGen: 62509K->1581K(62976K)] 451024K->390096K(720896K), 0.0019209 secs] [Times: user=0.01 sys=0.00, real=0.00 secs] 
3035.041: [GC (Allocation Failure) [PSYoungGen: 62509K->1504K(62976K)] 451024K->390019K(720896K), 0.0022613 secs] [Times: user=0.00 sys=0.00, real=0.00 secs] 
3035.295: [GC (Allocation Failure) [PSYoungGen: 62432K->1360K(62976K)] 450947K->389875K(720896K), 0.0021158 secs] [Times: user=0.01 sys=0.00, real=0.01 secs] 
3035.548: [GC (Allocation Failure) [PSYoungGen: 62288K->1344K(62976K)] 450803K->389859K(720896K), 0.0022831 secs] [Times: user=0.01 sys=0.00, real=0.00 secs] 
3035.801: [GC (Allocation Failure) [PSYoungGen: 62272K->1408K(62976K)] 450787K->389923K(720896K), 0.0023373 secs] [Times: user=0.01 sys=0.00, real=0.00 secs] 
3036.054: [GC (Allocation Failure) [PSYoungGen: 62336K->1344K(62976K)] 450851K->389859K(720896K), 0.0020113 secs] [Times: user=0.01 sys=0.01, real=0.01 secs] 
3036.476: [GC (Allocation Failure) [PSYoungGen: 62272K->1581K(62976K)] 450787K->390096K(720896K), 0.0018761 secs] [Times: user=0.00 sys=0.00, real=0.00 secs] 
3036.904: [GC (Allocation Failure) [PSYoungGen: 62509K->1533K(62976K)] 451024K->390064K(720896K), 0.0018626 secs] [Times: user=0.01 sys=0.00, real=0.00 secs] 
3037.330: [GC (Allocation Failure) [PSYoungGen: 62461K->1549K(62976K)] 450992K->390080K(720896K), 0.0019345 secs] [Times: user=0.01 sys=0.00, real=0.00 secs] 
3037.696: [GC (Allocation Failure) [PSYoungGen: 62477K->1565K(62976K)] 451008K->390096K(720896K), 0.0018880 secs] [Times: user=0.01 sys=0.00, real=0.01 secs] 
3038.093: [GC (Allocation Failure) [PSYoungGen: 62493K->1440K(62976K)] 451024K->389971K(720896K), 0.0033800 secs] [Times: user=0.01 sys=0.00, real=0.01 secs] 
3038.553: [GC (Allocation Failure) [PSYoungGen: 62368K->1360K(62976K)] 450899K->389891K(720896K), 0.0026821 secs] [Times: user=0.01 sys=0.00, real=0.00 secs] 
3039.015: [GC (Allocation Failure) [PSYoungGen: 62288K->1376K(62976K)] 450819K->389907K(720896K), 0.0028792 secs] [Times: user=0.01 sys=0.00, real=0.01 secs] 
3039.477: [GC (Allocation Failure) [PSYoungGen: 62304K->1376K(62976K)] 450835K->389907K(720896K), 0.0024964 secs] [Times: user=0.01 sys=0.00, real=0.00 secs] 
3039.971: [GC (Allocation Failure) [PSYoungGen: 62279K->1517K(62976K)] 450810K->390048K(720896K), 0.0015792 secs] [Times: user=0.01 sys=0.00, real=0.00 secs] 
3040.397: [GC (Allocation Failure) [PSYoungGen: 62445K->1581K(62976K)] 450976K->390112K(720896K), 0.0017804 secs] [Times: user=0.01 sys=0.00, real=0.00 secs] 
3040.766: [GC (Allocation Failure) [PSYoungGen: 62501K->1581K(62976K)] 451032K->390128K(720896K), 0.0018500 secs] [Times: user=0.01 sys=0.00, real=0.01 secs] 
3041.135: [GC (Allocation Failure) [PSYoungGen: 62509K->1549K(62976K)] 451056K->390096K(720896K), 0.0016507 secs] [Times: user=0.01 sys=0.00, real=0.01 secs] 
3041.511: [GC (Allocation Failure) [PSYoungGen: 62477K->1456K(62976K)] 451024K->390027K(720896K), 0.0022681 secs] [Times: user=0.01 sys=0.00, real=0.00 secs] 
3041.856: [GC (Allocation Failure) [PSYoungGen: 62384K->1344K(62976K)] 450955K->389915K(720896K), 0.0021532 secs] [Times: user=0.01 sys=0.00, real=0.01 secs] 
3042.110: [GC (Allocation Failure) [PSYoungGen: 62272K->1376K(62976K)] 450843K->389947K(720896K), 0.0022189 secs] [Times: user=0.01 sys=0.00, real=0.00 secs] 
3042.383: [GC (Allocation Failure) [PSYoungGen: 62304K->1344K(62976K)] 450875K->389915K(720896K), 0.0022301 secs] [Times: user=0.01 sys=0.00, real=0.00 secs] 
3042.636: [GC (Allocation Failure) [PSYoungGen: 62272K->1344K(62976K)] 450843K->389915K(720896K), 0.0022238 secs] [Times: user=0.01 sys=0.00, real=0.00 secs] 
3042.999: [GC (Allocation Failure) [PSYoungGen: 62269K->1581K(62976K)] 450840K->390152K(720896K), 0.0016981 secs] [Times: user=0.00 sys=0.00, real=0.00 secs] 
3043.364: [GC (Allocation Failure) [PSYoungGen: 62509K->1533K(62976K)] 451080K->390104K(720896K), 0.0016846 secs] [Times: user=0.01 sys=0.00, real=0.01 secs] 
3043.738: [GC (Allocation Failure) [PSYoungGen: 62461K->1549K(62976K)] 451032K->390128K(720896K), 0.0018449 secs] [Times: user=0.01 sys=0.00, real=0.00 secs] 
3044.104: [GC (Allocation Failure) [PSYoungGen: 62477K->1565K(62976K)] 451056K->390144K(720896K), 0.0017785 secs] [Times: user=0.01 sys=0.00, real=0.00 secs] 
3044.443: [GC (Allocation Failure) [PSYoungGen: 62493K->1408K(62976K)] 451072K->389987K(720896K), 0.0016579 secs] [Times: user=0.01 sys=0.00, real=0.00 secs] 
3044.695: [GC (Allocation Failure) [PSYoungGen: 62336K->1376K(62976K)] 450915K->389955K(720896K), 0.0016514 secs] [Times: user=0.01 sys=0.00, real=0.01 secs] 
3045.085: [GC (Allocation Failure) [PSYoungGen: 62304K->1376K(62976K)] 450883K->389955K(720896K), 0.0020860 secs] [Times: user=0.01 sys=0.00, real=0.01 secs] 
3045.514: [GC (Allocation Failure) [PSYoungGen: 62304K->1408K(62976K)] 450883K->389995K(720896K), 0.0026065 secs] [Times: user=0.01 sys=0.00, real=0.01 secs] 
3046.022: [GC (Allocation Failure) [PSYoungGen: 62336K->1472K(62976K)] 450923K->390059K(720896K), 0.0022400 secs] [Times: user=0.01 sys=0.00, real=0.00 secs] 
3046.422: [GC (Allocation Failure) [PSYoungGen: 62383K->1549K(62976K)] 450970K->390136K(720896K), 0.0017518 secs] [Times: user=0.01 sys=0.00, real=0.00 secs] 
3046.853: [GC (Allocation Failure) [PSYoungGen: 62477K->1517K(62976K)] 451064K->390120K(720896K), 0.0016598 secs] [Times: user=0.01 sys=0.00, real=0.00 secs] 
3047.216: [GC (Allocation Failure) [PSYoungGen: 62445K->1629K(62976K)] 451048K->390232K(720896K), 0.0017397 secs] [Times: user=0.01 sys=0.00, real=0.01 secs] 
3047.616: [GC (Allocation Failure) [PSYoungGen: 62557K->1776K(62976K)] 451160K->390379K(720896K), 0.0021274 secs] [Times: user=0.01 sys=0.00, real=0.00 secs] 
3047.946: [GC (Allocation Failure) [PSYoungGen: 62704K->1376K(62976K)] 451307K->389979K(720896K), 0.0021039 secs] [Times: user=0.01 sys=0.00, real=0.01 secs] 
3048.199: [GC (Allocation Failure) [PSYoungGen: 62304K->1408K(62976K)] 450907K->390011K(720896K), 0.0023217 secs] [Times: user=0.01 sys=0.00, real=0.00 secs] 
3048.464: [GC (Allocation Failure) [PSYoungGen: 62336K->1408K(62976K)] 450939K->390011K(720896K), 0.0022271 secs] [Times: user=0.01 sys=0.00, real=0.01 secs] 
3048.771: [GC (Allocation Failure) [PSYoungGen: 62336K->1376K(62976K)] 450939K->389979K(720896K), 0.0023849 secs] [Times: user=0.01 sys=0.00, real=0.00 secs] 
3049.114: [GC (Allocation Failure) [PSYoungGen: 62304K->1549K(62976K)] 450907K->390152K(720896K), 0.0018216 secs] [Times: user=0.01 sys=0.00, real=0.01 secs] 
3049.478: [GC (Allocation Failure) [PSYoungGen: 62477K->1613K(62976K)] 451080K->390216K(720896K), 0.0017538 secs] [Times: user=0.00 sys=0.00, real=0.00 secs] 
3049.843: [GC (Allocation Failure) [PSYoungGen: 62541K->1549K(62976K)] 451144K->390168K(720896K), 0.0017413 secs] [Times: user=0.01 sys=0.00, real=0.00 secs] 
3050.271: [GC (Allocation Failure) [PSYoungGen: 62477K->1549K(62976K)] 451096K->390168K(720896K), 0.0016928 secs] [Times: user=0.01 sys=0.00, real=0.00 secs] 
3050.807: [GC (Allocation Failure) [PSYoungGen: 62477K->1504K(62976K)] 451096K->390123K(720896K), 0.0034285 secs] [Times: user=0.01 sys=0.00, real=0.00 secs] 
3051.234: [GC (Allocation Failure) [PSYoungGen: 62432K->1376K(62976K)] 451051K->390019K(720896K), 0.0029665 secs] [Times: user=0.01 sys=0.00, real=0.01 secs] 
3051.732: [GC (Allocation Failure) [PSYoungGen: 62304K->1408K(62976K)] 450947K->390051K(720896K), 0.0027918 secs] [Times: user=0.01 sys=0.00, real=0.00 secs] 
3052.276: [GC (Allocation Failure) [PSYoungGen: 62336K->1344K(62976K)] 450979K->389987K(720896K), 0.0024953 secs] [Times: user=0.01 sys=0.00, real=0.01 secs] 
3052.767: [GC (Allocation Failure) [PSYoungGen: 62272K->1376K(62976K)] 450915K->390019K(720896K), 0.0022907 secs] [Times: user=0.01 sys=0.00, real=0.00 secs] 
3053.241: [GC (Allocation Failure) [PSYoungGen: 62304K->1517K(62976K)] 450947K->390160K(720896K), 0.0017163 secs] [Times: user=0.00 sys=0.00, real=0.00 secs] 
3053.607: [GC (Allocation Failure) [PSYoungGen: 62445K->1533K(62976K)] 451088K->390184K(720896K), 0.0019868 secs] [Times: user=0.01 sys=0.00, real=0.00 secs] 
3053.982: [GC (Allocation Failure) [PSYoungGen: 62461K->1613K(62976K)] 451112K->390264K(720896K), 0.0017118 secs] [Times: user=0.01 sys=0.00, real=0.00 secs] 
3054.347: [GC (Allocation Failure) [PSYoungGen: 62541K->1517K(62976K)] 451192K->390168K(720896K), 0.0018416 secs] [Times: user=0.00 sys=0.00, real=0.00 secs] 
3054.951: [GC (Allocation Failure) [PSYoungGen: 62445K->1424K(62976K)] 451096K->390075K(720896K), 0.0017844 secs] [Times: user=0.01 sys=0.00, real=0.00 secs] 
3055.614: [GC (Allocation Failure) [PSYoungGen: 62352K->1408K(62976K)] 451003K->390059K(720896K), 0.0033789 secs] [Times: user=0.02 sys=0.00, real=0.01 secs] 
3056.277: [GC (Allocation Failure) [PSYoungGen: 62336K->1360K(62976K)] 450987K->390011K(720896K), 0.0042959 secs] [Times: user=0.02 sys=0.00, real=0.00 secs] 
3057.040: [GC (Allocation Failure) [PSYoungGen: 62288K->1360K(62976K)] 450939K->390011K(720896K), 0.0035083 secs] [Times: user=0.01 sys=0.00, real=0.00 secs] 
3057.734: [GC (Allocation Failure) [PSYoungGen: 62288K->1504K(62976K)] 450939K->390155K(720896K), 0.0023073 secs] [Times: user=0.01 sys=0.00, real=0.00 secs] 
3058.215: [GC (Allocation Failure) [PSYoungGen: 62432K->1597K(62976K)] 451083K->390248K(720896K), 0.0018585 secs] [Times: user=0.01 sys=0.00, real=0.01 secs] 
3058.581: [GC (Allocation Failure) [PSYoungGen: 62525K->1597K(62976K)] 451176K->390264K(720896K), 0.0017673 secs] [Times: user=0.00 sys=0.00, real=0.00 secs] 
3058.947: [GC (Allocation Failure) [PSYoungGen: 62512K->1584K(62976K)] 451179K->390251K(720896K), 0.0018535 secs] [Times: user=0.01 sys=0.00, real=0.00 secs] 
3059.331: [GC (Allocation Failure) [PSYoungGen: 62512K->1504K(62976K)] 451179K->390171K(720896K), 0.0019283 secs] [Times: user=0.00 sys=0.00, real=0.00 secs] 
3059.619: [GC (Allocation Failure) [PSYoungGen: 62432K->1344K(62976K)] 451099K->390011K(720896K), 0.0023124 secs] [Times: user=0.00 sys=0.00, real=0.00 secs] 
3060.080: [GC (Allocation Failure) [PSYoungGen: 62272K->1376K(62976K)] 450939K->390043K(720896K), 0.0022784 secs] [Times: user=0.01 sys=0.00, real=0.00 secs] 
3060.597: [GC (Allocation Failure) [PSYoungGen: 62304K->1376K(62976K)] 450971K->390043K(720896K), 0.0030248 secs] [Times: user=0.01 sys=0.00, real=0.00 secs] 
3061.072: [GC (Allocation Failure) [PSYoungGen: 62304K->1376K(62976K)] 450971K->390043K(720896K), 0.0028454 secs] [Times: user=0.01 sys=0.00, real=0.00 secs] 
3061.595: [GC (Allocation Failure) [PSYoungGen: 62298K->1517K(62976K)] 450965K->390184K(720896K), 0.0017659 secs] [Times: user=0.00 sys=0.00, real=0.01 secs] 
3061.962: [GC (Allocation Failure) [PSYoungGen: 62445K->1517K(62976K)] 451112K->390184K(720896K), 0.0017861 secs] [Times: user=0.01 sys=0.00, real=0.00 secs] 
3062.326: [GC (Allocation Failure) [PSYoungGen: 62419K->1613K(62976K)] 451086K->390288K(720896K), 0.0017699 secs] [Times: user=0.00 sys=0.00, real=0.00 secs] 
3062.692: [GC (Allocation Failure) [PSYoungGen: 62541K->1517K(62976K)] 451216K->390224K(720896K), 0.0017651 secs] [Times: user=0.01 sys=0.00, real=0.00 secs] 
3063.025: [GC (Allocation Failure) [PSYoungGen: 62445K->1456K(62976K)] 451152K->390163K(720896K), 0.0019223 secs] [Times: user=0.01 sys=0.00, real=0.01 secs] 
3063.278: [GC (Allocation Failure) [PSYoungGen: 62384K->1376K(62976K)] 451091K->390083K(720896K), 0.0019775 secs] [Times: user=0.01 sys=0.00, real=0.00 secs] 
3063.531: [GC (Allocation Failure) [PSYoungGen: 62304K->1408K(62976K)] 451011K->390123K(720896K), 0.0019493 secs] [Times: user=0.00 sys=0.00, real=0.00 secs] 
3063.839: [GC (Allocation Failure) [PSYoungGen: 62336K->1376K(62976K)] 451051K->390091K(720896K), 0.0019843 secs] [Times: user=0.00 sys=0.00, real=0.00 secs] 
3064.285: [GC (Allocation Failure) [PSYoungGen: 62304K->1392K(62976K)] 451019K->390107K(720896K), 0.0021106 secs] [Times: user=0.01 sys=0.00, real=0.01 secs] 
3064.809: [GC (Allocation Failure) [PSYoungGen: 62320K->1517K(62976K)] 451035K->390232K(720896K), 0.0017522 secs] [Times: user=0.00 sys=0.00, real=0.00 secs] 
3065.174: [GC (Allocation Failure) [PSYoungGen: 62445K->1565K(62976K)] 451160K->390296K(720896K), 0.0018394 secs] [Times: user=0.01 sys=0.00, real=0.00 secs] 
3065.539: [GC (Allocation Failure) [PSYoungGen: 62493K->1581K(62976K)] 451224K->390312K(720896K), 0.0016801 secs] [Times: user=0.00 sys=0.00, real=0.00 secs] 
3065.906: [GC (Allocation Failure) [PSYoungGen: 62509K->1581K(62976K)] 451240K->390312K(720896K), 0.0018243 secs] [Times: user=0.00 sys=0.00, real=0.00 secs] 
3066.419: [GC (Allocation Failure) [PSYoungGen: 62509K->1376K(62976K)] 451240K->390107K(720896K), 0.0028711 secs] [Times: user=0.01 sys=0.00, real=0.00 secs] 
3067.026: [GC (Allocation Failure) [PSYoungGen: 62304K->1408K(62976K)] 451035K->390139K(720896K), 0.0030414 secs] [Times: user=0.01 sys=0.00, real=0.00 secs] 
3067.465: [GC (Allocation Failure) [PSYoungGen: 62336K->1376K(62976K)] 451067K->390107K(720896K), 0.0040809 secs] [Times: user=0.02 sys=0.01, real=0.01 secs] 
3067.949: [GC (Allocation Failure) [PSYoungGen: 62304K->1408K(62976K)] 451035K->390139K(720896K), 0.0031551 secs] [Times: user=0.01 sys=0.00, real=0.00 secs] 
3068.559: [GC (Allocation Failure) [PSYoungGen: 62336K->1517K(62976K)] 451067K->390248K(720896K), 0.0017645 secs] [Times: user=0.00 sys=0.00, real=0.00 secs] 
3068.993: [GC (Allocation Failure) [PSYoungGen: 62429K->1597K(62976K)] 451160K->390328K(720896K), 0.0018096 secs] [Times: user=0.01 sys=0.00, real=0.00 secs] 
3069.360: [GC (Allocation Failure) [PSYoungGen: 62525K->1549K(62976K)] 451256K->390296K(720896K), 0.0018494 secs] [Times: user=0.01 sys=0.00, real=0.00 secs] 
3069.789: [GC (Allocation Failure) [PSYoungGen: 62477K->1549K(62976K)] 451224K->390296K(720896K), 0.0018918 secs] [Times: user=0.01 sys=0.00, real=0.00 secs] 
3070.248: [GC (Allocation Failure) [PSYoungGen: 62477K->1456K(62976K)] 451224K->390203K(720896K), 0.0024613 secs] [Times: user=0.01 sys=0.00, real=0.00 secs] 
3070.800: [GC (Allocation Failure) [PSYoungGen: 62384K->1408K(62976K)] 451131K->390155K(720896K), 0.0022373 secs] [Times: user=0.00 sys=0.00, real=0.00 secs] 
3071.403: [GC (Allocation Failure) [PSYoungGen: 62336K->1440K(62976K)] 451083K->390187K(720896K), 0.0024095 secs] [Times: user=0.01 sys=0.00, real=0.00 secs] 
3072.160: [GC (Allocation Failure) [PSYoungGen: 62368K->1408K(62976K)] 451115K->390155K(720896K), 0.0035448 secs] [Times: user=0.02 sys=0.00, real=0.00 secs] 
3072.975: [GC (Allocation Failure) [PSYoungGen: 62336K->1376K(62976K)] 451083K->390123K(720896K), 0.0036322 secs] [Times: user=0.01 sys=0.00, real=0.01 secs] 
3073.680: [GC (Allocation Failure) [PSYoungGen: 62302K->1469K(62976K)] 451049K->390240K(720896K), 0.0016516 secs] [Times: user=0.01 sys=0.00, real=0.00 secs] 
3074.105: [GC (Allocation Failure) [PSYoungGen: 62397K->1568K(62976K)] 451168K->390339K(720896K), 0.0017618 secs] [Times: user=0.00 sys=0.00, real=0.01 secs] 
3074.479: [GC (Allocation Failure) [PSYoungGen: 62496K->1565K(62976K)] 451267K->390344K(720896K), 0.0017794 secs] [Times: user=0.01 sys=0.00, real=0.00 secs] 
3074.901: [GC (Allocation Failure) [PSYoungGen: 62493K->1517K(62976K)] 451272K->390296K(720896K), 0.0018315 secs] [Times: user=0.01 sys=0.00, real=0.00 secs] 
3075.195: [GC (Allocation Failure) [PSYoungGen: 62445K->1408K(62976K)] 451224K->390187K(720896K), 0.0024705 secs] [Times: user=0.01 sys=0.00, real=0.01 secs] 
3075.449: [GC (Allocation Failure) [PSYoungGen: 62336K->1344K(62976K)] 451115K->390123K(720896K), 0.0020889 secs] [Times: user=0.01 sys=0.00, real=0.00 secs] 
3075.826: [GC (Allocation Failure) [PSYoungGen: 62272K->1376K(62976K)] 451051K->390155K(720896K), 0.0020119 secs] [Times: user=0.01 sys=0.00, real=0.01 secs] 
3076.227: [GC (Allocation Failure) [PSYoungGen: 62304K->1392K(62976K)] 451083K->390171K(720896K), 0.0018918 secs] [Times: user=0.00 sys=0.00, real=0.00 secs] 
3076.921: [GC (Allocation Failure) [PSYoungGen: 62295K->1472K(62976K)] 451074K->390251K(720896K), 0.0024063 secs] [Times: user=0.01 sys=0.00, real=0.00 secs] 
3077.330: [GC (Allocation Failure) [PSYoungGen: 62400K->1565K(62976K)] 451179K->390344K(720896K), 0.0017572 secs] [Times: user=0.01 sys=0.00, real=0.00 secs] 
3077.696: [GC (Allocation Failure) [PSYoungGen: 62493K->1549K(62976K)] 451272K->390344K(720896K), 0.0017754 secs] [Times: user=0.01 sys=0.00, real=0.00 secs] 
3078.061: [GC (Allocation Failure) [PSYoungGen: 62477K->1581K(62976K)] 451272K->390376K(720896K), 0.0016854 secs] [Times: user=0.01 sys=0.00, real=0.00 secs] 
3078.429: [GC (Allocation Failure) [PSYoungGen: 62509K->2032K(62976K)] 451304K->390835K(720896K), 0.0017855 secs] [Times: user=0.01 sys=0.00, real=0.00 secs] 
3078.681: [GC (Allocation Failure) [PSYoungGen: 62960K->1408K(62976K)] 451763K->390211K(720896K), 0.0016330 secs] [Times: user=0.01 sys=0.00, real=0.00 secs] 
3078.934: [GC (Allocation Failure) [PSYoungGen: 62336K->1376K(62976K)] 451139K->390179K(720896K), 0.0015523 secs] [Times: user=0.01 sys=0.01, real=0.00 secs] 
3079.186: [GC (Allocation Failure) [PSYoungGen: 62304K->1424K(62976K)] 451107K->390227K(720896K), 0.0016677 secs] [Times: user=0.00 sys=0.00, real=0.01 secs] 
3079.438: [GC (Allocation Failure) [PSYoungGen: 62352K->1424K(62976K)] 451155K->390227K(720896K), 0.0017435 secs] [Times: user=0.00 sys=0.00, real=0.00 secs] 
3079.766: [GC (Allocation Failure) [PSYoungGen: 62352K->1533K(62976K)] 451155K->390336K(720896K), 0.0016841 secs] [Times: user=0.01 sys=0.00, real=0.01 secs] 
3080.130: [GC (Allocation Failure) [PSYoungGen: 62461K->1629K(62976K)] 451264K->390432K(720896K), 0.0017222 secs] [Times: user=0.01 sys=0.00, real=0.00 secs] 
3080.552: [GC (Allocation Failure) [PSYoungGen: 62557K->1581K(62976K)] 451360K->390400K(720896K), 0.0020690 secs] [Times: user=0.01 sys=0.00, real=0.00 secs] 
3080.921: [GC (Allocation Failure) [PSYoungGen: 62509K->1613K(62976K)] 451328K->390432K(720896K), 0.0018758 secs] [Times: user=0.01 sys=0.00, real=0.00 secs] 
3081.276: [GC (Allocation Failure) [PSYoungGen: 62541K->1472K(62976K)] 451360K->390315K(720896K), 0.0023616 secs] [Times: user=0.01 sys=0.00, real=0.01 secs] 
3081.530: [GC (Allocation Failure) [PSYoungGen: 62400K->1360K(62976K)] 451243K->390203K(720896K), 0.0020695 secs] [Times: user=0.01 sys=0.00, real=0.00 secs] 
3081.783: [GC (Allocation Failure) [PSYoungGen: 62288K->1408K(62976K)] 451131K->390251K(720896K), 0.0019519 secs] [Times: user=0.01 sys=0.00, real=0.00 secs] 
3082.037: [GC (Allocation Failure) [PSYoungGen: 62336K->1376K(62976K)] 451179K->390219K(720896K), 0.0021341 secs] [Times: user=0.01 sys=0.00, real=0.00 secs] 
3082.289: [GC (Allocation Failure) [PSYoungGen: 62304K->1424K(62976K)] 451147K->390267K(720896K), 0.0020252 secs] [Times: user=0.01 sys=0.00, real=0.00 secs] 
3082.659: [GC (Allocation Failure) [PSYoungGen: 62352K->1581K(62976K)] 451195K->390424K(720896K), 0.0017434 secs] [Times: user=0.01 sys=0.00, real=0.00 secs] 
3083.022: [GC (Allocation Failure) [PSYoungGen: 62497K->1597K(62976K)] 451340K->390472K(720896K), 0.0017407 secs] [Times: user=0.01 sys=0.00, real=0.00 secs] 
3083.386: [GC (Allocation Failure) [PSYoungGen: 62525K->1597K(62976K)] 451400K->390472K(720896K), 0.0017255 secs] [Times: user=0.01 sys=0.00, real=0.01 secs] 
3083.751: [GC (Allocation Failure) [PSYoungGen: 62525K->1597K(62976K)] 451400K->390472K(720896K), 0.0017705 secs] [Times: user=0.01 sys=0.00, real=0.00 secs] 
3084.025: [GC (Allocation Failure) [PSYoungGen: 62525K->1376K(62976K)] 451400K->390251K(720896K), 0.0017124 secs] [Times: user=0.01 sys=0.00, real=0.01 secs] 
3084.278: [GC (Allocation Failure) [PSYoungGen: 62304K->1376K(62976K)] 451179K->390251K(720896K), 0.0016223 secs] [Times: user=0.00 sys=0.00, real=0.00 secs] 
3084.530: [GC (Allocation Failure) [PSYoungGen: 62304K->1328K(62976K)] 451179K->390203K(720896K), 0.0023396 secs] [Times: user=0.01 sys=0.00, real=0.00 secs] 
3084.784: [GC (Allocation Failure) [PSYoungGen: 62256K->1376K(62976K)] 451131K->390251K(720896K), 0.0020561 secs] [Times: user=0.01 sys=0.00, real=0.00 secs] 
3085.104: [GC (Allocation Failure) [PSYoungGen: 62283K->1469K(62976K)] 451158K->390344K(720896K), 0.0015558 secs] [Times: user=0.01 sys=0.00, real=0.00 secs] 
3085.469: [GC (Allocation Failure) [PSYoungGen: 62397K->1549K(62976K)] 451272K->390424K(720896K), 0.0019028 secs] [Times: user=0.01 sys=0.00, real=0.00 secs] 
3085.835: [GC (Allocation Failure) [PSYoungGen: 62477K->1629K(62976K)] 451352K->390520K(720896K), 0.0018035 secs] [Times: user=0.01 sys=0.00, real=0.01 secs] 
3086.203: [GC (Allocation Failure) [PSYoungGen: 62557K->1533K(62976K)] 451448K->390424K(720896K), 0.0017582 secs] [Times: user=0.00 sys=0.00, real=0.00 secs] 
3086.976: [GC (Allocation Failure) [PSYoungGen: 62461K->1456K(62976K)] 451352K->390347K(720896K), 0.0029031 secs] [Times: user=0.02 sys=0.00, real=0.01 secs] 
3087.633: [GC (Allocation Failure) [PSYoungGen: 62384K->1376K(62976K)] 451275K->390267K(720896K), 0.0020614 secs] [Times: user=0.00 sys=0.00, real=0.00 secs] 
3087.886: [GC (Allocation Failure) [PSYoungGen: 62304K->1376K(62976K)] 451195K->390267K(720896K), 0.0020376 secs] [Times: user=0.01 sys=0.00, real=0.01 secs] 
3088.139: [GC (Allocation Failure) [PSYoungGen: 62304K->1376K(62976K)] 451195K->390267K(720896K), 0.0018669 secs] [Times: user=0.01 sys=0.00, real=0.00 secs] 
3088.392: [GC (Allocation Failure) [PSYoungGen: 62304K->1376K(62976K)] 451195K->390267K(720896K), 0.0021612 secs] [Times: user=0.01 sys=0.00, real=0.00 secs] 
3088.836: [GC (Allocation Failure) [PSYoungGen: 62304K->1533K(62976K)] 451195K->390424K(720896K), 0.0019000 secs] [Times: user=0.01 sys=0.00, real=0.01 secs] 
3089.200: [GC (Allocation Failure) [PSYoungGen: 62461K->1533K(62976K)] 451352K->390424K(720896K), 0.0017277 secs] [Times: user=0.00 sys=0.00, real=0.00 secs] 
3089.563: [GC (Allocation Failure) [PSYoungGen: 62438K->1549K(62976K)] 451329K->390448K(720896K), 0.0017774 secs] [Times: user=0.01 sys=0.00, real=0.00 secs] 
3089.929: [GC (Allocation Failure) [PSYoungGen: 62477K->1517K(62976K)] 451376K->390416K(720896K), 0.0017812 secs] [Times: user=0.01 sys=0.00, real=0.00 secs] 
3090.872: [GC (Allocation Failure) [PSYoungGen: 62445K->1408K(62976K)] 451344K->390307K(720896K), 0.0042887 secs] [Times: user=0.01 sys=0.00, real=0.01 secs] 
3091.907: [GC (Allocation Failure) [PSYoungGen: 62336K->1408K(62976K)] 451235K->390307K(720896K), 0.0035730 secs] [Times: user=0.02 sys=0.00, real=0.00 secs] 
3092.757: [GC (Allocation Failure) [PSYoungGen: 62336K->1408K(62976K)] 451235K->390307K(720896K), 0.0034257 secs] [Times: user=0.01 sys=0.00, real=0.00 secs] 
3093.314: [GC (Allocation Failure) [PSYoungGen: 62336K->1376K(62976K)] 451235K->390275K(720896K), 0.0030082 secs] [Times: user=0.01 sys=0.00, real=0.01 secs] 
3093.889: [GC (Allocation Failure) [PSYoungGen: 62304K->1469K(62976K)] 451203K->390392K(720896K), 0.0028530 secs] [Times: user=0.01 sys=0.00, real=0.00 secs] 
3094.327: [GC (Allocation Failure) [PSYoungGen: 62397K->1597K(62976K)] 451320K->390520K(720896K), 0.0017338 secs] [Times: user=0.00 sys=0.00, real=0.00 secs] 
3094.692: [GC (Allocation Failure) [PSYoungGen: 62525K->1645K(62976K)] 451448K->390576K(720896K), 0.0017628 secs] [Times: user=0.00 sys=0.00, real=0.00 secs] 
3095.067: [GC (Allocation Failure) [PSYoungGen: 62541K->1549K(62976K)] 451472K->390480K(720896K), 0.0016971 secs] [Times: user=0.01 sys=0.00, real=0.00 secs] 
3095.431: [GC (Allocation Failure) [PSYoungGen: 62477K->224K(62976K)] 451408K->389155K(720896K), 0.0015872 secs] [Times: user=0.00 sys=0.00, real=0.00 secs] 
3095.715: [GC (Allocation Failure) [PSYoungGen: 61152K->1344K(62976K)] 450083K->390275K(720896K), 0.0019892 secs] [Times: user=0.01 sys=0.00, real=0.01 secs] 
3095.969: [GC (Allocation Failure) [PSYoungGen: 62272K->1376K(62976K)] 451203K->390307K(720896K), 0.0018610 secs] [Times: user=0.00 sys=0.00, real=0.00 secs] 
3096.221: [GC (Allocation Failure) [PSYoungGen: 62304K->1376K(62976K)] 451235K->390307K(720896K), 0.0018327 secs] [Times: user=0.01 sys=0.00, real=0.00 secs] 
3096.474: [GC (Allocation Failure) [PSYoungGen: 62304K->1408K(62976K)] 451235K->390339K(720896K), 0.0018566 secs] [Times: user=0.00 sys=0.00, real=0.01 secs] 
3096.791: [GC (Allocation Failure) [PSYoungGen: 62336K->1501K(62976K)] 451267K->390432K(720896K), 0.0017373 secs] [Times: user=0.01 sys=0.00, real=0.00 secs] 
3097.155: [GC (Allocation Failure) [PSYoungGen: 62429K->1549K(62976K)] 451360K->390480K(720896K), 0.0017576 secs] [Times: user=0.01 sys=0.00, real=0.01 secs] 
3097.522: [GC (Allocation Failure) [PSYoungGen: 62477K->1616K(62976K)] 451408K->390563K(720896K), 0.0017212 secs] [Times: user=0.01 sys=0.00, real=0.00 secs] 
3097.888: [GC (Allocation Failure) [PSYoungGen: 62544K->1549K(62976K)] 451491K->390496K(720896K), 0.0016774 secs] [Times: user=0.00 sys=0.00, real=0.00 secs] 
3098.245: [GC (Allocation Failure) [PSYoungGen: 62477K->1504K(62976K)] 451424K->390451K(720896K), 0.0019926 secs] [Times: user=0.01 sys=0.00, real=0.01 secs] 
3098.498: [GC (Allocation Failure) [PSYoungGen: 62432K->1344K(62976K)] 451379K->390291K(720896K), 0.0019945 secs] [Times: user=0.01 sys=0.00, real=0.00 secs] 
3098.751: [GC (Allocation Failure) [PSYoungGen: 62272K->1376K(62976K)] 451219K->390323K(720896K), 0.0019183 secs] [Times: user=0.01 sys=0.00, real=0.00 secs] 
3099.181: [GC (Allocation Failure) [PSYoungGen: 62304K->1344K(62976K)] 451251K->390291K(720896K), 0.0022128 secs] [Times: user=0.00 sys=0.00, real=0.00 secs] 
3099.674: [GC (Allocation Failure) [PSYoungGen: 62272K->1408K(62976K)] 451219K->390355K(720896K), 0.0022670 secs] [Times: user=0.01 sys=0.00, real=0.00 secs] 
3100.222: [GC (Allocation Failure) [PSYoungGen: 62336K->1549K(62976K)] 451283K->390496K(720896K), 0.0018687 secs] [Times: user=0.00 sys=0.00, real=0.00 secs] 
3100.647: [GC (Allocation Failure) [PSYoungGen: 62477K->1549K(62976K)] 451424K->390496K(720896K), 0.0018393 secs] [Times: user=0.01 sys=0.00, real=0.00 secs] 
3101.013: [GC (Allocation Failure) [PSYoungGen: 62477K->1597K(62976K)] 451424K->390576K(720896K), 0.0018606 secs] [Times: user=0.01 sys=0.00, real=0.00 secs] 
3101.380: [GC (Allocation Failure) [PSYoungGen: 62525K->1565K(62976K)] 451504K->390544K(720896K), 0.0018504 secs] [Times: user=0.01 sys=0.00, real=0.00 secs] 
3102.071: [GC (Allocation Failure) [PSYoungGen: 62493K->1456K(62976K)] 451472K->390435K(720896K), 0.0032815 secs] [Times: user=0.01 sys=0.00, real=0.00 secs] 
3102.556: [GC (Allocation Failure) [PSYoungGen: 62384K->1376K(62976K)] 451363K->390355K(720896K), 0.0033048 secs] [Times: user=0.01 sys=0.00, real=0.01 secs] 
3103.076: [GC (Allocation Failure) [PSYoungGen: 62304K->1376K(62976K)] 451283K->390355K(720896K), 0.0025296 secs] [Times: user=0.01 sys=0.00, real=0.01 secs] 
3103.640: [GC (Allocation Failure) [PSYoungGen: 62304K->1408K(62976K)] 451283K->390387K(720896K), 0.0026253 secs] [Times: user=0.01 sys=0.00, real=0.00 secs] 
3104.278: [GC (Allocation Failure) [PSYoungGen: 62336K->1453K(62976K)] 451315K->390432K(720896K), 0.0023021 secs] [Times: user=0.01 sys=0.00, real=0.00 secs] 
3104.671: [GC (Allocation Failure) [PSYoungGen: 62362K->1549K(62976K)] 451341K->390528K(720896K), 0.0018981 secs] [Times: user=0.01 sys=0.00, real=0.00 secs] 
3105.041: [GC (Allocation Failure) [PSYoungGen: 62477K->1533K(62976K)] 451456K->390520K(720896K), 0.0017958 secs] [Times: user=0.01 sys=0.00, real=0.00 secs] 
3105.487: [GC (Allocation Failure) [PSYoungGen: 62461K->1565K(62976K)] 451448K->390552K(720896K), 0.0018164 secs] [Times: user=0.01 sys=0.00, real=0.00 secs] 
3105.893: [GC (Allocation Failure) [PSYoungGen: 62493K->2016K(62976K)] 451480K->391003K(720896K), 0.0026735 secs] [Times: user=0.01 sys=0.00, real=0.00 secs] 
3106.175: [GC (Allocation Failure) [PSYoungGen: 62944K->1392K(62976K)] 451931K->390379K(720896K), 0.0022843 secs] [Times: user=0.01 sys=0.00, real=0.01 secs] 
3106.479: [GC (Allocation Failure) [PSYoungGen: 62320K->1408K(62976K)] 451307K->390395K(720896K), 0.0021083 secs] [Times: user=0.00 sys=0.00, real=0.00 secs] 
3106.831: [GC (Allocation Failure) [PSYoungGen: 62336K->1376K(62976K)] 451323K->390363K(720896K), 0.0020018 secs] [Times: user=0.01 sys=0.00, real=0.00 secs] 
3107.362: [GC (Allocation Failure) [PSYoungGen: 62304K->1360K(62976K)] 451291K->390347K(720896K), 0.0020858 secs] [Times: user=0.01 sys=0.00, real=0.00 secs] 
3107.811: [GC (Allocation Failure) [PSYoungGen: 62287K->1469K(62976K)] 451274K->390456K(720896K), 0.0016734 secs] [Times: user=0.00 sys=0.00, real=0.00 secs] 
3108.235: [GC (Allocation Failure) [PSYoungGen: 62397K->1581K(62976K)] 451384K->390568K(720896K), 0.0017652 secs] [Times: user=0.01 sys=0.00, real=0.01 secs] 
3108.662: [GC (Allocation Failure) [PSYoungGen: 62509K->1581K(62976K)] 451496K->390576K(720896K), 0.0018037 secs] [Times: user=0.01 sys=0.00, real=0.00 secs] 
3109.027: [GC (Allocation Failure) [PSYoungGen: 62509K->1597K(62976K)] 451504K->390592K(720896K), 0.0018657 secs] [Times: user=0.01 sys=0.00, real=0.00 secs] 
3109.418: [GC (Allocation Failure) [PSYoungGen: 62525K->1440K(62976K)] 451520K->390435K(720896K), 0.0027010 secs] [Times: user=0.01 sys=0.01, real=0.00 secs] 
3109.699: [GC (Allocation Failure) [PSYoungGen: 62368K->1376K(62976K)] 451363K->390371K(720896K), 0.0021086 secs] [Times: user=0.00 sys=0.00, real=0.00 secs] 
3109.964: [GC (Allocation Failure) [PSYoungGen: 62304K->1392K(62976K)] 451299K->390387K(720896K), 0.0022327 secs] [Times: user=0.01 sys=0.00, real=0.01 secs] 
3110.218: [GC (Allocation Failure) [PSYoungGen: 62320K->1376K(62976K)] 451315K->390371K(720896K), 0.0021469 secs] [Times: user=0.01 sys=0.00, real=0.00 secs] 
3110.525: [GC (Allocation Failure) [PSYoungGen: 62304K->1376K(62976K)] 451299K->390371K(720896K), 0.0019933 secs] [Times: user=0.01 sys=0.00, real=0.01 secs] 
3110.937: [GC (Allocation Failure) [PSYoungGen: 62304K->1581K(62976K)] 451299K->390576K(720896K), 0.0018673 secs] [Times: user=0.01 sys=0.00, real=0.00 secs] 
3111.306: [GC (Allocation Failure) [PSYoungGen: 62509K->1549K(62976K)] 451504K->390576K(720896K), 0.0018622 secs] [Times: user=0.01 sys=0.00, real=0.00 secs] 
3111.671: [GC (Allocation Failure) [PSYoungGen: 62462K->1597K(62976K)] 451489K->390624K(720896K), 0.0018351 secs] [Times: user=0.01 sys=0.00, real=0.00 secs] 
3112.094: [GC (Allocation Failure) [PSYoungGen: 62525K->1565K(62976K)] 451552K->390592K(720896K), 0.0018329 secs] [Times: user=0.01 sys=0.00, real=0.01 secs] 
3112.521: [GC (Allocation Failure) [PSYoungGen: 62493K->1424K(62976K)] 451520K->390451K(720896K), 0.0021743 secs] [Times: user=0.01 sys=0.00, real=0.00 secs] 
3112.880: [GC (Allocation Failure) [PSYoungGen: 62352K->1344K(62976K)] 451379K->390371K(720896K), 0.0022088 secs] [Times: user=0.01 sys=0.00, real=0.00 secs] 
3113.402: [GC (Allocation Failure) [PSYoungGen: 62272K->1376K(62976K)] 451299K->390403K(720896K), 0.0023391 secs] [Times: user=0.01 sys=0.00, real=0.00 secs] 
3113.907: [GC (Allocation Failure) [PSYoungGen: 62304K->1392K(62976K)] 451331K->390419K(720896K), 0.0022683 secs] [Times: user=0.01 sys=0.00, real=0.00 secs] 
3114.587: [GC (Allocation Failure) [PSYoungGen: 62320K->1501K(62976K)] 451347K->390528K(720896K), 0.0015960 secs] [Times: user=0.01 sys=0.00, real=0.00 secs] 
3114.952: [GC (Allocation Failure) [PSYoungGen: 62429K->1533K(62976K)] 451456K->390560K(720896K), 0.0017897 secs] [Times: user=0.00 sys=0.00, real=0.00 secs] 
3115.320: [GC (Allocation Failure) [PSYoungGen: 62461K->1501K(62976K)] 451488K->390544K(720896K), 0.0016941 secs] [Times: user=0.00 sys=0.00, real=0.00 secs] 
3115.761: [GC (Allocation Failure) [PSYoungGen: 62429K->1517K(62976K)] 451472K->390560K(720896K), 0.0017392 secs] [Times: user=0.01 sys=0.00, real=0.00 secs] 
3116.125: [GC (Allocation Failure) [PSYoungGen: 62445K->1424K(62976K)] 451488K->390467K(720896K), 0.0021977 secs] [Times: user=0.00 sys=0.00, real=0.01 secs] 
3116.380: [GC (Allocation Failure) [PSYoungGen: 62352K->1392K(62976K)] 451395K->390435K(720896K), 0.0020874 secs] [Times: user=0.01 sys=0.00, real=0.00 secs] 
3116.633: [GC (Allocation Failure) [PSYoungGen: 62320K->1392K(62976K)] 451363K->390435K(720896K), 0.0019113 secs] [Times: user=0.01 sys=0.00, real=0.00 secs] 
3116.886: [GC (Allocation Failure) [PSYoungGen: 62320K->1344K(62976K)] 451363K->390387K(720896K), 0.0021492 secs] [Times: user=0.01 sys=0.00, real=0.01 secs] 
3117.139: [GC (Allocation Failure) [PSYoungGen: 62272K->1376K(62976K)] 451315K->390419K(720896K), 0.0020155 secs] [Times: user=0.00 sys=0.00, real=0.00 secs] 
3117.496: [GC (Allocation Failure) [PSYoungGen: 62297K->1517K(62976K)] 451340K->390560K(720896K), 0.0017336 secs] [Times: user=0.01 sys=0.00, real=0.01 secs] 
3117.863: [GC (Allocation Failure) [PSYoungGen: 62445K->1549K(62976K)] 451488K->390592K(720896K), 0.0017881 secs] [Times: user=0.01 sys=0.00, real=0.00 secs] 
3118.227: [GC (Allocation Failure) [PSYoungGen: 62477K->1549K(62976K)] 451520K->390608K(720896K), 0.0017128 secs] [Times: user=0.00 sys=0.00, real=0.00 secs] 
3118.593: [GC (Allocation Failure) [PSYoungGen: 62477K->1581K(62976K)] 451536K->390640K(720896K), 0.0017730 secs] [Times: user=0.01 sys=0.00, real=0.00 secs] 
3119.271: [GC (Allocation Failure) [PSYoungGen: 62509K->1424K(62976K)] 451568K->390483K(720896K), 0.0022193 secs] [Times: user=0.01 sys=0.00, real=0.00 secs] 
3120.077: [GC (Allocation Failure) [PSYoungGen: 62352K->1392K(62976K)] 451411K->390451K(720896K), 0.0024125 secs] [Times: user=0.01 sys=0.00, real=0.00 secs] 
3121.063: [GC (Allocation Failure) [PSYoungGen: 62320K->1344K(62976K)] 451379K->390403K(720896K), 0.0030578 secs] [Times: user=0.01 sys=0.00, real=0.00 secs] 
3122.092: [GC (Allocation Failure) [PSYoungGen: 62272K->1376K(62976K)] 451331K->390435K(720896K), 0.0035919 secs] [Times: user=0.01 sys=0.00, real=0.00 secs] 
3122.782: [GC (Allocation Failure) [PSYoungGen: 62299K->1501K(62976K)] 451358K->390560K(720896K), 0.0027599 secs] [Times: user=0.01 sys=0.00, real=0.00 secs] 
3123.289: [GC (Allocation Failure) [PSYoungGen: 62429K->1520K(62976K)] 451488K->390603K(720896K), 0.0018499 secs] [Times: user=0.01 sys=0.00, real=0.00 secs] 
3123.717: [GC (Allocation Failure) [PSYoungGen: 62448K->1597K(62976K)] 451531K->390696K(720896K), 0.0019004 secs] [Times: user=0.00 sys=0.00, real=0.00 secs] 
3124.081: [GC (Allocation Failure) [PSYoungGen: 62525K->1581K(62976K)] 451624K->390680K(720896K), 0.0017234 secs] [Times: user=0.00 sys=0.00, real=0.00 secs] 
3124.496: [GC (Allocation Failure) [PSYoungGen: 62509K->1504K(62976K)] 451608K->390603K(720896K), 0.0017662 secs] [Times: user=0.01 sys=0.00, real=0.00 secs] 
3126.147: [GC (Allocation Failure) [PSYoungGen: 62432K->1392K(62976K)] 451531K->390491K(720896K), 0.0042981 secs] [Times: user=0.02 sys=0.00, real=0.00 secs] 
3126.888: [GC (Allocation Failure) [PSYoungGen: 62320K->1424K(62976K)] 451419K->390523K(720896K), 0.0034358 secs] [Times: user=0.01 sys=0.00, real=0.00 secs] 
3127.438: [GC (Allocation Failure) [PSYoungGen: 62352K->1392K(62976K)] 451451K->390491K(720896K), 0.0033379 secs] [Times: user=0.02 sys=0.00, real=0.00 secs] 
3127.954: [GC (Allocation Failure) [PSYoungGen: 62320K->1408K(62976K)] 451419K->390507K(720896K), 0.0032958 secs] [Times: user=0.02 sys=0.00, real=0.01 secs] 
3128.497: [GC (Allocation Failure) [PSYoungGen: 62336K->1453K(62976K)] 451435K->390552K(720896K), 0.0015795 secs] [Times: user=0.01 sys=0.00, real=0.00 secs] 
3128.860: [GC (Allocation Failure) [PSYoungGen: 62381K->1581K(62976K)] 451480K->390680K(720896K), 0.0017737 secs] [Times: user=0.01 sys=0.00, real=0.00 secs] 
3129.227: [GC (Allocation Failure) [PSYoungGen: 62509K->1613K(62976K)] 451608K->390720K(720896K), 0.0017817 secs] [Times: user=0.00 sys=0.00, real=0.00 secs] 
3129.591: [GC (Allocation Failure) [PSYoungGen: 62541K->1581K(62976K)] 451648K->390688K(720896K), 0.0018174 secs] [Times: user=0.00 sys=0.00, real=0.00 secs] 
3129.914: [GC (Allocation Failure) [PSYoungGen: 62509K->1488K(62976K)] 451616K->390595K(720896K), 0.0018287 secs] [Times: user=0.00 sys=0.00, real=0.00 secs] 
3130.167: [GC (Allocation Failure) [PSYoungGen: 62416K->1344K(62976K)] 451523K->390467K(720896K), 0.0016737 secs] [Times: user=0.00 sys=0.00, real=0.00 secs] 
3130.419: [GC (Allocation Failure) [PSYoungGen: 62272K->1424K(62976K)] 451395K->390547K(720896K), 0.0016605 secs] [Times: user=0.01 sys=0.00, real=0.00 secs] 
3130.675: [GC (Allocation Failure) [PSYoungGen: 62352K->1376K(62976K)] 451475K->390499K(720896K), 0.0031092 secs] [Times: user=0.01 sys=0.00, real=0.01 secs] 
3130.928: [GC (Allocation Failure) [PSYoungGen: 62304K->1360K(62976K)] 451427K->390483K(720896K), 0.0030305 secs] [Times: user=0.02 sys=0.00, real=0.00 secs] 
3131.427: [GC (Allocation Failure) [PSYoungGen: 62288K->1485K(62976K)] 451411K->390608K(720896K), 0.0016960 secs] [Times: user=0.01 sys=0.00, real=0.00 secs] 
3131.794: [GC (Allocation Failure) [PSYoungGen: 62413K->1565K(62976K)] 451536K->390696K(720896K), 0.0018274 secs] [Times: user=0.01 sys=0.00, real=0.00 secs] 
3132.158: [GC (Allocation Failure) [PSYoungGen: 62493K->1488K(62976K)] 451624K->390651K(720896K), 0.0017034 secs] [Times: user=0.01 sys=0.00, real=0.00 secs] 
3132.522: [GC (Allocation Failure) [PSYoungGen: 62416K->1533K(62976K)] 451579K->390696K(720896K), 0.0016871 secs] [Times: user=0.00 sys=0.00, real=0.00 secs] 
3133.472: [GC (Allocation Failure) [PSYoungGen: 62461K->1392K(62976K)] 451624K->390555K(720896K), 0.0028024 secs] [Times: user=0.01 sys=0.00, real=0.00 secs] 
3134.031: [GC (Allocation Failure) [PSYoungGen: 62320K->1376K(62976K)] 451483K->390539K(720896K), 0.0028860 secs] [Times: user=0.01 sys=0.00, real=0.00 secs] 
3134.502: [GC (Allocation Failure) [PSYoungGen: 62304K->1424K(62976K)] 451467K->390587K(720896K), 0.0027469 secs] [Times: user=0.01 sys=0.00, real=0.00 secs] 
3135.022: [GC (Allocation Failure) [PSYoungGen: 62352K->1392K(62976K)] 451515K->390555K(720896K), 0.0030615 secs] [Times: user=0.01 sys=0.00, real=0.00 secs] 
3135.528: [GC (Allocation Failure) [PSYoungGen: 62296K->1501K(62976K)] 451459K->390664K(720896K), 0.0020188 secs] [Times: user=0.01 sys=0.00, real=0.00 secs] 
3135.917: [GC (Allocation Failure) [PSYoungGen: 62429K->1520K(62976K)] 451592K->390683K(720896K), 0.0017573 secs] [Times: user=0.01 sys=0.00, real=0.00 secs] 
3136.286: [GC (Allocation Failure) [PSYoungGen: 62448K->1613K(62976K)] 451611K->390808K(720896K), 0.0018403 secs] [Times: user=0.00 sys=0.00, real=0.01 secs] 
3136.652: [GC (Allocation Failure) [PSYoungGen: 62541K->1533K(62976K)] 451736K->390728K(720896K), 0.0018359 secs] [Times: user=0.01 sys=0.00, real=0.00 secs] 
3137.198: [GC (Allocation Failure) [PSYoungGen: 62461K->1456K(62976K)] 451656K->390651K(720896K), 0.0029037 secs] [Times: user=0.01 sys=0.00, real=0.00 secs] 
3137.972: [GC (Allocation Failure) [PSYoungGen: 62384K->1360K(62976K)] 451579K->390555K(720896K), 0.0023533 secs] [Times: user=0.01 sys=0.00, real=0.00 secs] 
3138.268: [GC (Allocation Failure) [PSYoungGen: 62288K->1344K(62976K)] 451483K->390539K(720896K), 0.0020397 secs] [Times: user=0.00 sys=0.00, real=0.00 secs] 
3138.553: [GC (Allocation Failure) [PSYoungGen: 62272K->1408K(62976K)] 451467K->390603K(720896K), 0.0020523 secs] [Times: user=0.01 sys=0.00, real=0.00 secs] 
3138.816: [GC (Allocation Failure) [PSYoungGen: 62336K->1376K(62976K)] 451531K->390571K(720896K), 0.0020222 secs] [Times: user=0.01 sys=0.00, real=0.00 secs] 
3139.153: [GC (Allocation Failure) [PSYoungGen: 62299K->1485K(62976K)] 451494K->390680K(720896K), 0.0017401 secs] [Times: user=0.01 sys=0.00, real=0.00 secs] 
3139.519: [GC (Allocation Failure) [PSYoungGen: 62413K->1517K(62976K)] 451608K->390712K(720896K), 0.0018212 secs] [Times: user=0.01 sys=0.00, real=0.00 secs] 
3139.884: [GC (Allocation Failure) [PSYoungGen: 62422K->1597K(62976K)] 451617K->390800K(720896K), 0.0018083 secs] [Times: user=0.00 sys=0.00, real=0.00 secs] 
3140.250: [GC (Allocation Failure) [PSYoungGen: 62525K->1501K(62976K)] 451728K->390704K(720896K), 0.0019123 secs] [Times: user=0.01 sys=0.00, real=0.00 secs] 
3140.789: [GC (Allocation Failure) [PSYoungGen: 62429K->1472K(62976K)] 451632K->390675K(720896K), 0.0019390 secs] [Times: user=0.01 sys=0.00, real=0.00 secs] 
3141.521: [GC (Allocation Failure) [PSYoungGen: 62400K->1360K(62976K)] 451603K->390563K(720896K), 0.0019958 secs] [Times: user=0.01 sys=0.00, real=0.00 secs] 
3142.214: [GC (Allocation Failure) [PSYoungGen: 62288K->1344K(62976K)] 451491K->390555K(720896K), 0.0022641 secs] [Times: user=0.01 sys=0.00, real=0.01 secs] 
3142.583: [GC (Allocation Failure) [PSYoungGen: 62272K->1376K(62976K)] 451483K->390587K(720896K), 0.0020275 secs] [Times: user=0.01 sys=0.00, real=0.00 secs] 
3142.837: [GC (Allocation Failure) [PSYoungGen: 62304K->1408K(62976K)] 451515K->390619K(720896K), 0.0020553 secs] [Times: user=0.01 sys=0.00, real=0.00 secs] 
3143.238: [GC (Allocation Failure) [PSYoungGen: 62336K->1549K(62976K)] 451547K->390760K(720896K), 0.0016532 secs] [Times: user=0.01 sys=0.00, real=0.00 secs] 
3143.600: [GC (Allocation Failure) [PSYoungGen: 62477K->1533K(62976K)] 451688K->390760K(720896K), 0.0016931 secs] [Times: user=0.00 sys=0.00, real=0.00 secs] 
3143.968: [GC (Allocation Failure) [PSYoungGen: 62461K->1568K(62976K)] 451688K->390795K(720896K), 0.0017575 secs] [Times: user=0.00 sys=0.00, real=0.00 secs] 
3144.333: [GC (Allocation Failure) [PSYoungGen: 62496K->1549K(62976K)] 451723K->390776K(720896K), 0.0017820 secs] [Times: user=0.01 sys=0.00, real=0.00 secs] 
3145.014: [GC (Allocation Failure) [PSYoungGen: 62477K->1440K(62976K)] 451704K->390667K(720896K), 0.0023816 secs] [Times: user=0.01 sys=0.00, real=0.01 secs] 
3145.536: [GC (Allocation Failure) [PSYoungGen: 62368K->1360K(62976K)] 451595K->390587K(720896K), 0.0023180 secs] [Times: user=0.01 sys=0.00, real=0.01 secs] 
3146.025: [GC (Allocation Failure) [PSYoungGen: 62288K->1376K(62976K)] 451515K->390603K(720896K), 0.0029017 secs] [Times: user=0.01 sys=0.00, real=0.01 secs] 
3146.279: [GC (Allocation Failure) [PSYoungGen: 62304K->1376K(62976K)] 451531K->390603K(720896K), 0.0020464 secs] [Times: user=0.01 sys=0.00, real=0.00 secs] 
3146.606: [GC (Allocation Failure) [PSYoungGen: 62304K->1469K(62976K)] 451531K->390696K(720896K), 0.0015927 secs] [Times: user=0.01 sys=0.01, real=0.01 secs] 
3146.971: [GC (Allocation Failure) [PSYoungGen: 62397K->1549K(62976K)] 451624K->390776K(720896K), 0.0017661 secs] [Times: user=0.01 sys=0.00, real=0.00 secs] 
3147.396: [GC (Allocation Failure) [PSYoungGen: 62477K->1517K(62976K)] 451704K->390760K(720896K), 0.0017960 secs] [Times: user=0.01 sys=0.00, real=0.00 secs] 
3147.824: [GC (Allocation Failure) [PSYoungGen: 62445K->1613K(62976K)] 451688K->390856K(720896K), 0.0018604 secs] [Times: user=0.01 sys=0.00, real=0.01 secs] 
3148.261: [GC (Allocation Failure) [PSYoungGen: 62541K->1472K(62976K)] 451784K->390715K(720896K), 0.0024376 secs] [Times: user=0.01 sys=0.01, real=0.00 secs] 
3148.808: [GC (Allocation Failure) [PSYoungGen: 62400K->1376K(62976K)] 451643K->390619K(720896K), 0.0036528 secs] [Times: user=0.02 sys=0.00, real=0.00 secs] 
3149.315: [GC (Allocation Failure) [PSYoungGen: 62304K->1376K(62976K)] 451547K->390619K(720896K), 0.0029353 secs] [Times: user=0.02 sys=0.00, real=0.01 secs] 
3149.687: [GC (Allocation Failure) [PSYoungGen: 62304K->1408K(62976K)] 451547K->390651K(720896K), 0.0022631 secs] [Times: user=0.01 sys=0.00, real=0.00 secs] 
3149.950: [GC (Allocation Failure) [PSYoungGen: 62336K->1360K(62976K)] 451579K->390603K(720896K), 0.0020384 secs] [Times: user=0.01 sys=0.00, real=0.00 secs] 
3150.309: [GC (Allocation Failure) [PSYoungGen: 62288K->1549K(62976K)] 451531K->390792K(720896K), 0.0017154 secs] [Times: user=0.01 sys=0.00, real=0.00 secs] 
3150.674: [GC (Allocation Failure) [PSYoungGen: 62477K->1613K(62976K)] 451720K->390856K(720896K), 0.0017634 secs] [Times: user=0.00 sys=0.00, real=0.00 secs] 
3151.037: [GC (Allocation Failure) [PSYoungGen: 62541K->1517K(62976K)] 451784K->390768K(720896K), 0.0018098 secs] [Times: user=0.01 sys=0.00, real=0.00 secs] 
3151.403: [GC (Allocation Failure) [PSYoungGen: 62445K->1549K(62976K)] 451696K->390824K(720896K), 0.0017103 secs] [Times: user=0.01 sys=0.00, real=0.00 secs] 
3151.712: [GC (Allocation Failure) [PSYoungGen: 62477K->1440K(62976K)] 451752K->390715K(720896K), 0.0016544 secs] [Times: user=0.00 sys=0.00, real=0.00 secs] 
3151.965: [GC (Allocation Failure) [PSYoungGen: 62368K->1376K(62976K)] 451643K->390651K(720896K), 0.0014162 secs] [Times: user=0.01 sys=0.00, real=0.01 secs] 
3152.217: [GC (Allocation Failure) [PSYoungGen: 62304K->1360K(62976K)] 451579K->390635K(720896K), 0.0015805 secs] [Times: user=0.00 sys=0.00, real=0.00 secs] 
3152.469: [GC (Allocation Failure) [PSYoungGen: 62288K->1344K(62976K)] 451563K->390619K(720896K), 0.0015563 secs] [Times: user=0.01 sys=0.00, real=0.00 secs] 
3152.782: [GC (Allocation Failure) [PSYoungGen: 62272K->1469K(62976K)] 451547K->390744K(720896K), 0.0017030 secs] [Times: user=0.01 sys=0.00, real=0.00 secs] 
3153.148: [GC (Allocation Failure) [PSYoungGen: 62397K->1517K(62976K)] 451672K->390792K(720896K), 0.0017799 secs] [Times: user=0.01 sys=0.00, real=0.00 secs] 
3153.513: [GC (Allocation Failure) [PSYoungGen: 62445K->1501K(62976K)] 451720K->390792K(720896K), 0.0018330 secs] [Times: user=0.00 sys=0.00, real=0.00 secs] 
3153.877: [GC (Allocation Failure) [PSYoungGen: 62429K->1597K(62976K)] 451720K->390888K(720896K), 0.0017487 secs] [Times: user=0.01 sys=0.00, real=0.00 secs] 
3154.273: [GC (Allocation Failure) [PSYoungGen: 62525K->1648K(62976K)] 451816K->390939K(720896K), 0.0022211 secs] [Times: user=0.00 sys=0.00, real=0.00 secs] 
3154.525: [GC (Allocation Failure) [PSYoungGen: 62576K->1376K(62976K)] 451867K->390667K(720896K), 0.0015147 secs] [Times: user=0.01 sys=0.00, real=0.01 secs] 
3154.777: [GC (Allocation Failure) [PSYoungGen: 62304K->1376K(62976K)] 451595K->390667K(720896K), 0.0021789 secs] [Times: user=0.01 sys=0.00, real=0.00 secs] 
3155.108: [GC (Allocation Failure) [PSYoungGen: 62304K->1360K(62976K)] 451595K->390667K(720896K), 0.0025807 secs] [Times: user=0.01 sys=0.00, real=0.00 secs] 
3155.365: [GC (Allocation Failure) [PSYoungGen: 62288K->1408K(62976K)] 451595K->390715K(720896K), 0.0028290 secs] [Times: user=0.01 sys=0.00, real=0.01 secs] 
3155.721: [GC (Allocation Failure) [PSYoungGen: 62325K->1565K(62976K)] 451632K->390872K(720896K), 0.0017349 secs] [Times: user=0.01 sys=0.00, real=0.00 secs] 
3156.147: [GC (Allocation Failure) [PSYoungGen: 62493K->1549K(62976K)] 451800K->390856K(720896K), 0.0018004 secs] [Times: user=0.01 sys=0.00, real=0.00 secs] 
3156.579: [GC (Allocation Failure) [PSYoungGen: 62463K->1581K(62976K)] 451770K->390896K(720896K), 0.0017328 secs] [Times: user=0.00 sys=0.00, real=0.00 secs] 
3157.002: [GC (Allocation Failure) [PSYoungGen: 62509K->1549K(62976K)] 451824K->390864K(720896K), 0.0018340 secs] [Times: user=0.01 sys=0.00, real=0.00 secs] 
3157.362: [GC (Allocation Failure) [PSYoungGen: 62477K->1504K(62976K)] 451792K->390819K(720896K), 0.0024523 secs] [Times: user=0.01 sys=0.00, real=0.00 secs] 
3157.616: [GC (Allocation Failure) [PSYoungGen: 62432K->1424K(62976K)] 451747K->390739K(720896K), 0.0021416 secs] [Times: user=0.01 sys=0.00, real=0.00 secs] 
3157.870: [GC (Allocation Failure) [PSYoungGen: 62352K->1376K(62976K)] 451667K->390691K(720896K), 0.0020633 secs] [Times: user=0.01 sys=0.00, real=0.00 secs] 
3158.141: [GC (Allocation Failure) [PSYoungGen: 62304K->1376K(62976K)] 451619K->390691K(720896K), 0.0021056 secs] [Times: user=0.01 sys=0.00, real=0.00 secs] 
3158.394: [GC (Allocation Failure) [PSYoungGen: 62304K->1408K(62976K)] 451619K->390723K(720896K), 0.0020353 secs] [Times: user=0.01 sys=0.00, real=0.00 secs] 
3158.768: [GC (Allocation Failure) [PSYoungGen: 62336K->1517K(62976K)] 451651K->390832K(720896K), 0.0017830 secs] [Times: user=0.01 sys=0.00, real=0.00 secs] 
3159.134: [GC (Allocation Failure) [PSYoungGen: 62445K->1549K(62976K)] 451760K->390888K(720896K), 0.0017064 secs] [Times: user=0.00 sys=0.00, real=0.00 secs] 
3159.498: [GC (Allocation Failure) [PSYoungGen: 62477K->1552K(62976K)] 451816K->390891K(720896K), 0.0017889 secs] [Times: user=0.01 sys=0.00, real=0.00 secs] 
3159.863: [GC (Allocation Failure) [PSYoungGen: 62480K->1581K(62976K)] 451819K->390920K(720896K), 0.0016699 secs] [Times: user=0.01 sys=0.00, real=0.00 secs] 
3161.912: [GC (Allocation Failure) [PSYoungGen: 62509K->1408K(62976K)] 451848K->390747K(720896K), 0.0048519 secs] [Times: user=0.02 sys=0.00, real=0.01 secs] 
3162.475: [GC (Allocation Failure) [PSYoungGen: 62336K->1408K(62976K)] 451675K->390747K(720896K), 0.0028096 secs] [Times: user=0.01 sys=0.00, real=0.01 secs] 
3162.980: [GC (Allocation Failure) [PSYoungGen: 62336K->1424K(62976K)] 451675K->390795K(720896K), 0.0027917 secs] [Times: user=0.01 sys=0.00, real=0.00 secs] 
3163.477: [GC (Allocation Failure) [PSYoungGen: 62352K->1376K(62976K)] 451723K->390747K(720896K), 0.0024814 secs] [Times: user=0.01 sys=0.00, real=0.00 secs] 
3163.883: [GC (Allocation Failure) [PSYoungGen: 62304K->1469K(62976K)] 451675K->390840K(720896K), 0.0020061 secs] [Times: user=0.00 sys=0.00, real=0.00 secs] 
3164.310: [GC (Allocation Failure) [PSYoungGen: 62397K->1552K(62976K)] 451768K->390923K(720896K), 0.0017093 secs] [Times: user=0.01 sys=0.00, real=0.00 secs] 
3164.673: [GC (Allocation Failure) [PSYoungGen: 62480K->1565K(62976K)] 451851K->390952K(720896K), 0.0017712 secs] [Times: user=0.01 sys=0.00, real=0.00 secs] 
3165.038: [GC (Allocation Failure) [PSYoungGen: 62493K->1517K(62976K)] 451880K->390904K(720896K), 0.0016380 secs] [Times: user=0.01 sys=0.00, real=0.00 secs] 
3165.596: [GC (Allocation Failure) [PSYoungGen: 62445K->1472K(62976K)] 451832K->390859K(720896K), 0.0033566 secs] [Times: user=0.01 sys=0.00, real=0.01 secs] 
3166.366: [GC (Allocation Failure) [PSYoungGen: 62400K->1360K(62976K)] 451787K->390747K(720896K), 0.0032541 secs] [Times: user=0.01 sys=0.00, real=0.01 secs] 
3166.881: [GC (Allocation Failure) [PSYoungGen: 62288K->1376K(62976K)] 451675K->390763K(720896K), 0.0029228 secs] [Times: user=0.01 sys=0.00, real=0.00 secs] 
3167.362: [GC (Allocation Failure) [PSYoungGen: 62304K->1392K(62976K)] 451691K->390787K(720896K), 0.0025557 secs] [Times: user=0.01 sys=0.00, real=0.00 secs] 
3167.867: [GC (Allocation Failure) [PSYoungGen: 62320K->1376K(62976K)] 451715K->390771K(720896K), 0.0029427 secs] [Times: user=0.01 sys=0.00, real=0.00 secs] 
3168.466: [GC (Allocation Failure) [PSYoungGen: 62304K->1485K(62976K)] 451699K->390880K(720896K), 0.0017216 secs] [Times: user=0.01 sys=0.00, real=0.00 secs] 
3168.831: [GC (Allocation Failure) [PSYoungGen: 62413K->1517K(62976K)] 451808K->390912K(720896K), 0.0017827 secs] [Times: user=0.01 sys=0.00, real=0.00 secs] 
3169.194: [GC (Allocation Failure) [PSYoungGen: 62445K->1565K(62976K)] 451840K->390968K(720896K), 0.0016903 secs] [Times: user=0.00 sys=0.00, real=0.00 secs] 
3169.561: [GC (Allocation Failure) [PSYoungGen: 62493K->1581K(62976K)] 451896K->390984K(720896K), 0.0018814 secs] [Times: user=0.01 sys=0.00, real=0.00 secs] 
3169.919: [GC (Allocation Failure) [PSYoungGen: 62509K->1488K(62976K)] 451912K->390891K(720896K), 0.0018361 secs] [Times: user=0.01 sys=0.00, real=0.00 secs] 
3170.234: [GC (Allocation Failure) [PSYoungGen: 62416K->1408K(62976K)] 451819K->390811K(720896K), 0.0019875 secs] [Times: user=0.01 sys=0.00, real=0.01 secs] 
3170.564: [GC (Allocation Failure) [PSYoungGen: 62336K->1408K(62976K)] 451739K->390811K(720896K), 0.0019801 secs] [Times: user=0.01 sys=0.00, real=0.00 secs] 
3170.871: [GC (Allocation Failure) [PSYoungGen: 62336K->1376K(62976K)] 451739K->390779K(720896K), 0.0021588 secs] [Times: user=0.01 sys=0.00, real=0.00 secs] 
3171.135: [GC (Allocation Failure) [PSYoungGen: 62304K->1376K(62976K)] 451707K->390779K(720896K), 0.0021840 secs] [Times: user=0.01 sys=0.00, real=0.01 secs] 
3171.574: [GC (Allocation Failure) [PSYoungGen: 62304K->1549K(62976K)] 451707K->390952K(720896K), 0.0017002 secs] [Times: user=0.01 sys=0.00, real=0.00 secs] 
3171.938: [GC (Allocation Failure) [PSYoungGen: 62477K->1549K(62976K)] 451880K->390976K(720896K), 0.0017856 secs] [Times: user=0.01 sys=0.00, real=0.00 secs] 
3172.302: [GC (Allocation Failure) [PSYoungGen: 62477K->1517K(62976K)] 451904K->390944K(720896K), 0.0017056 secs] [Times: user=0.00 sys=0.00, real=0.00 secs] 
3172.667: [GC (Allocation Failure) [PSYoungGen: 62445K->1549K(62976K)] 451872K->390976K(720896K), 0.0017994 secs] [Times: user=0.00 sys=0.00, real=0.00 secs] 
3173.258: [GC (Allocation Failure) [PSYoungGen: 62477K->1440K(62976K)] 451904K->390867K(720896K), 0.0018133 secs] [Times: user=0.01 sys=0.01, real=0.00 secs] 
3173.674: [GC (Allocation Failure) [PSYoungGen: 62368K->1376K(62976K)] 451795K->390803K(720896K), 0.0020106 secs] [Times: user=0.01 sys=0.00, real=0.00 secs] 
3173.953: [GC (Allocation Failure) [PSYoungGen: 62304K->1376K(62976K)] 451731K->390803K(720896K), 0.0019238 secs] [Times: user=0.01 sys=0.00, real=0.00 secs] 
3174.445: [GC (Allocation Failure) [PSYoungGen: 62304K->1408K(62976K)] 451731K->390835K(720896K), 0.0020848 secs] [Times: user=0.01 sys=0.00, real=0.01 secs] 
3174.957: [GC (Allocation Failure) [PSYoungGen: 62336K->1421K(62976K)] 451763K->390848K(720896K), 0.0016864 secs] [Times: user=0.01 sys=0.00, real=0.00 secs] 
3175.322: [GC (Allocation Failure) [PSYoungGen: 62329K->1565K(62976K)] 451756K->390992K(720896K), 0.0016565 secs] [Times: user=0.01 sys=0.00, real=0.00 secs] 
3175.689: [GC (Allocation Failure) [PSYoungGen: 62493K->1581K(62976K)] 451920K->391024K(720896K), 0.0016810 secs] [Times: user=0.01 sys=0.00, real=0.00 secs] 
3176.054: [GC (Allocation Failure) [PSYoungGen: 62509K->1597K(62976K)] 451952K->391040K(720896K), 0.0016933 secs] [Times: user=0.01 sys=0.00, real=0.00 secs] 
3176.631: [GC (Allocation Failure) [PSYoungGen: 62525K->1456K(62976K)] 451968K->390899K(720896K), 0.0021059 secs] [Times: user=0.01 sys=0.00, real=0.00 secs] 
3177.246: [GC (Allocation Failure) [PSYoungGen: 62384K->1392K(62976K)] 451827K->390835K(720896K), 0.0033714 secs] [Times: user=0.01 sys=0.00, real=0.00 secs] 
3177.799: [GC (Allocation Failure) [PSYoungGen: 62320K->1344K(62976K)] 451763K->390787K(720896K), 0.0025833 secs] [Times: user=0.01 sys=0.00, real=0.00 secs] 
3178.321: [GC (Allocation Failure) [PSYoungGen: 62272K->1392K(62976K)] 451715K->390835K(720896K), 0.0024015 secs] [Times: user=0.01 sys=0.00, real=0.00 secs] 
3178.760: [GC (Allocation Failure) [PSYoungGen: 62320K->1376K(62976K)] 451763K->390819K(720896K), 0.0022840 secs] [Times: user=0.01 sys=0.00, real=0.00 secs] 
3179.162: [GC (Allocation Failure) [PSYoungGen: 62273K->1517K(62976K)] 451716K->390960K(720896K), 0.0017542 secs] [Times: user=0.01 sys=0.00, real=0.00 secs] 
3179.587: [GC (Allocation Failure) [PSYoungGen: 62445K->1581K(62976K)] 451888K->391024K(720896K), 0.0018126 secs] [Times: user=0.00 sys=0.00, real=0.00 secs] 
3179.953: [GC (Allocation Failure) [PSYoungGen: 62509K->1613K(62976K)] 451952K->391072K(720896K), 0.0019484 secs] [Times: user=0.00 sys=0.00, real=0.00 secs] 
3180.320: [GC (Allocation Failure) [PSYoungGen: 62541K->1597K(62976K)] 452000K->391056K(720896K), 0.0018200 secs] [Times: user=0.01 sys=0.00, real=0.00 secs] 
3180.879: [GC (Allocation Failure) [PSYoungGen: 62525K->1424K(62976K)] 451984K->390883K(720896K), 0.0038042 secs] [Times: user=0.01 sys=0.00, real=0.00 secs] 
3181.402: [GC (Allocation Failure) [PSYoungGen: 62352K->1376K(62976K)] 451811K->390835K(720896K), 0.0042842 secs] [Times: user=0.01 sys=0.00, real=0.01 secs] 
3181.903: [GC (Allocation Failure) [PSYoungGen: 62304K->1360K(62976K)] 451763K->390819K(720896K), 0.0030053 secs] [Times: user=0.01 sys=0.00, real=0.01 secs] 
3182.383: [GC (Allocation Failure) [PSYoungGen: 62288K->1376K(62976K)] 451747K->390835K(720896K), 0.0029448 secs] [Times: user=0.01 sys=0.00, real=0.00 secs] 
3182.910: [GC (Allocation Failure) [PSYoungGen: 62304K->1408K(62976K)] 451763K->390891K(720896K), 0.0020461 secs] [Times: user=0.01 sys=0.00, real=0.00 secs] 
3183.286: [GC (Allocation Failure) [PSYoungGen: 62327K->1565K(62976K)] 451810K->391048K(720896K), 0.0017975 secs] [Times: user=0.01 sys=0.00, real=0.00 secs] 
3183.653: [GC (Allocation Failure) [PSYoungGen: 62493K->1517K(62976K)] 451976K->391008K(720896K), 0.0017236 secs] [Times: user=0.00 sys=0.00, real=0.00 secs] 
3184.018: [GC (Allocation Failure) [PSYoungGen: 62445K->1597K(62976K)] 451936K->391088K(720896K), 0.0017459 secs] [Times: user=0.01 sys=0.00, real=0.00 secs] 
3184.426: [GC (Allocation Failure) [PSYoungGen: 62118K->2016K(62976K)] 451609K->391507K(720896K), 0.0021081 secs] [Times: user=0.01 sys=0.00, real=0.01 secs] 
3184.931: [GC (Allocation Failure) [PSYoungGen: 62944K->1376K(62976K)] 452435K->390867K(720896K), 0.0019811 secs] [Times: user=0.01 sys=0.00, real=0.00 secs] 
3185.455: [GC (Allocation Failure) [PSYoungGen: 62304K->1408K(62976K)] 451795K->390899K(720896K), 0.0043871 secs] [Times: user=0.02 sys=0.00, real=0.01 secs] 
3185.910: [GC (Allocation Failure) [PSYoungGen: 62336K->1424K(62976K)] 451827K->390915K(720896K), 0.0028106 secs] [Times: user=0.01 sys=0.00, real=0.00 secs] 
3186.325: [GC (Allocation Failure) [PSYoungGen: 62352K->1424K(62976K)] 451843K->390915K(720896K), 0.0024456 secs] [Times: user=0.01 sys=0.00, real=0.01 secs] 
3186.669: [GC (Allocation Failure) [PSYoungGen: 62352K->1517K(62976K)] 451843K->391008K(720896K), 0.0016061 secs] [Times: user=0.01 sys=0.00, real=0.00 secs] 
3187.038: [GC (Allocation Failure) [PSYoungGen: 62445K->1629K(62976K)] 451936K->391120K(720896K), 0.0018276 secs] [Times: user=0.01 sys=0.00, real=0.00 secs] 
3187.410: [GC (Allocation Failure) [PSYoungGen: 62557K->1549K(62976K)] 452048K->391064K(720896K), 0.0016867 secs] [Times: user=0.01 sys=0.00, real=0.00 secs] 
3187.837: [GC (Allocation Failure) [PSYoungGen: 62477K->1581K(62976K)] 451992K->391096K(720896K), 0.0017751 secs] [Times: user=0.01 sys=0.00, real=0.00 secs] 
3188.225: [GC (Allocation Failure) [PSYoungGen: 62509K->1472K(62976K)] 452024K->390987K(720896K), 0.0022804 secs] [Times: user=0.01 sys=0.00, real=0.01 secs] 
3188.479: [GC (Allocation Failure) [PSYoungGen: 62400K->1344K(62976K)] 451915K->390859K(720896K), 0.0020726 secs] [Times: user=0.01 sys=0.00, real=0.00 secs] 
3188.732: [GC (Allocation Failure) [PSYoungGen: 62272K->1376K(62976K)] 451787K->390891K(720896K), 0.0021551 secs] [Times: user=0.00 sys=0.00, real=0.00 secs] 
3189.019: [GC (Allocation Failure) [PSYoungGen: 62304K->1376K(62976K)] 451819K->390891K(720896K), 0.0022389 secs] [Times: user=0.01 sys=0.00, real=0.00 secs] 
3189.399: [GC (Allocation Failure) [PSYoungGen: 62304K->1360K(62976K)] 451819K->390875K(720896K), 0.0021940 secs] [Times: user=0.01 sys=0.00, real=0.00 secs] 
3189.784: [GC (Allocation Failure) [PSYoungGen: 62260K->1501K(62976K)] 451775K->391016K(720896K), 0.0017220 secs] [Times: user=0.00 sys=0.00, real=0.00 secs] 
3190.210: [GC (Allocation Failure) [PSYoungGen: 62429K->1549K(62976K)] 451944K->391088K(720896K), 0.0017524 secs] [Times: user=0.01 sys=0.00, real=0.00 secs] 
3190.574: [GC (Allocation Failure) [PSYoungGen: 62477K->1581K(62976K)] 452016K->391120K(720896K), 0.0017749 secs] [Times: user=0.01 sys=0.00, real=0.00 secs] 
3191.005: [GC (Allocation Failure) [PSYoungGen: 62509K->1549K(62976K)] 452048K->391088K(720896K), 0.0019159 secs] [Times: user=0.00 sys=0.00, real=0.01 secs] 
3191.564: [GC (Allocation Failure) [PSYoungGen: 62477K->1440K(62976K)] 452016K->391003K(720896K), 0.0033949 secs] [Times: user=0.01 sys=0.00, real=0.01 secs] 
3192.082: [GC (Allocation Failure) [PSYoungGen: 62368K->1392K(62976K)] 451931K->390955K(720896K), 0.0028219 secs] [Times: user=0.02 sys=0.00, real=0.00 secs] 
3192.698: [GC (Allocation Failure) [PSYoungGen: 62320K->1344K(62976K)] 451883K->390907K(720896K), 0.0030024 secs] [Times: user=0.01 sys=0.00, real=0.00 secs] 
3193.304: [GC (Allocation Failure) [PSYoungGen: 62272K->1344K(62976K)] 451835K->390907K(720896K), 0.0028364 secs] [Times: user=0.02 sys=0.00, real=0.01 secs] 
3193.964: [GC (Allocation Failure) [PSYoungGen: 62272K->1469K(62976K)] 451835K->391032K(720896K), 0.0019452 secs] [Times: user=0.01 sys=0.00, real=0.01 secs] 
3194.333: [GC (Allocation Failure) [PSYoungGen: 62397K->1517K(62976K)] 451960K->391080K(720896K), 0.0017118 secs] [Times: user=0.01 sys=0.00, real=0.00 secs] 
3194.698: [GC (Allocation Failure) [PSYoungGen: 62445K->1549K(62976K)] 452008K->391120K(720896K), 0.0017598 secs] [Times: user=0.01 sys=0.00, real=0.00 secs] 
3195.063: [GC (Allocation Failure) [PSYoungGen: 62477K->1565K(62976K)] 452048K->391136K(720896K), 0.0016780 secs] [Times: user=0.00 sys=0.00, real=0.00 secs] 
3195.584: [GC (Allocation Failure) [PSYoungGen: 62493K->1456K(62976K)] 452064K->391027K(720896K), 0.0020743 secs] [Times: user=0.01 sys=0.00, real=0.00 secs] 
3196.285: [GC (Allocation Failure) [PSYoungGen: 62384K->1328K(62976K)] 451955K->390899K(720896K), 0.0041212 secs] [Times: user=0.01 sys=0.00, real=0.01 secs] 
3197.072: [GC (Allocation Failure) [PSYoungGen: 62256K->1376K(62976K)] 451827K->390947K(720896K), 0.0036651 secs] [Times: user=0.01 sys=0.00, real=0.00 secs] 
3197.752: [GC (Allocation Failure) [PSYoungGen: 62304K->1392K(62976K)] 451875K->390963K(720896K), 0.0043505 secs] [Times: user=0.02 sys=0.00, real=0.01 secs] 
3198.516: [GC (Allocation Failure) [PSYoungGen: 62320K->1392K(62976K)] 451891K->390963K(720896K), 0.0042347 secs] [Times: user=0.01 sys=0.00, real=0.01 secs] 
3199.073: [GC (Allocation Failure) [PSYoungGen: 62320K->1485K(62976K)] 451891K->391056K(720896K), 0.0016819 secs] [Times: user=0.01 sys=0.00, real=0.00 secs] 
3199.438: [GC (Allocation Failure) [PSYoungGen: 62413K->1549K(62976K)] 451984K->391120K(720896K), 0.0018159 secs] [Times: user=0.00 sys=0.00, real=0.00 secs] 
3199.802: [GC (Allocation Failure) [PSYoungGen: 62477K->1549K(62976K)] 452048K->391136K(720896K), 0.0018109 secs] [Times: user=0.01 sys=0.00, real=0.00 secs] 
3200.228: [GC (Allocation Failure) [PSYoungGen: 62477K->1581K(62976K)] 452064K->391168K(720896K), 0.0018166 secs] [Times: user=0.00 sys=0.00, real=0.00 secs] 
3200.682: [GC (Allocation Failure) [PSYoungGen: 62509K->1440K(62976K)] 452096K->391027K(720896K), 0.0024009 secs] [Times: user=0.01 sys=0.00, real=0.00 secs] 
3201.189: [GC (Allocation Failure) [PSYoungGen: 62368K->1360K(62976K)] 451955K->390947K(720896K), 0.0022321 secs] [Times: user=0.01 sys=0.00, real=0.00 secs] 
3201.785: [GC (Allocation Failure) [PSYoungGen: 62288K->1376K(62976K)] 451875K->390963K(720896K), 0.0022844 secs] [Times: user=0.01 sys=0.00, real=0.01 secs] 
3202.286: [GC (Allocation Failure) [PSYoungGen: 62304K->1376K(62976K)] 451891K->390963K(720896K), 0.0023506 secs] [Times: user=0.01 sys=0.00, real=0.00 secs] 
3202.661: [GC (Allocation Failure) [PSYoungGen: 62174K->288K(62976K)] 451761K->389875K(720896K), 0.0017623 secs] [Times: user=0.00 sys=0.00, real=0.00 secs] 
3203.039: [GC (Allocation Failure) [PSYoungGen: 61216K->1597K(62976K)] 450803K->391184K(720896K), 0.0017924 secs] [Times: user=0.01 sys=0.00, real=0.00 secs] 
3203.403: [GC (Allocation Failure) [PSYoungGen: 62525K->1517K(62976K)] 452112K->391136K(720896K), 0.0017003 secs] [Times: user=0.01 sys=0.00, real=0.00 secs] 
3203.769: [GC (Allocation Failure) [PSYoungGen: 62445K->1549K(62976K)] 452064K->391168K(720896K), 0.0018302 secs] [Times: user=0.01 sys=0.00, real=0.00 secs] 
3204.136: [GC (Allocation Failure) [PSYoungGen: 62477K->1517K(62976K)] 452096K->391136K(720896K), 0.0017761 secs] [Times: user=0.00 sys=0.00, real=0.00 secs] 
3205.065: [GC (Allocation Failure) [PSYoungGen: 62445K->1376K(62976K)] 452064K->390995K(720896K), 0.0018432 secs] [Times: user=0.01 sys=0.01, real=0.01 secs] 
3205.519: [GC (Allocation Failure) [PSYoungGen: 62304K->1376K(62976K)] 451923K->391003K(720896K), 0.0020252 secs] [Times: user=0.01 sys=0.00, real=0.00 secs] 
3205.802: [GC (Allocation Failure) [PSYoungGen: 62304K->1408K(62976K)] 451931K->391043K(720896K), 0.0020403 secs] [Times: user=0.00 sys=0.00, real=0.00 secs] 
3206.105: [GC (Allocation Failure) [PSYoungGen: 62336K->1376K(62976K)] 451971K->391011K(720896K), 0.0020523 secs] [Times: user=0.01 sys=0.00, real=0.01 secs] 
3206.461: [GC (Allocation Failure) [PSYoungGen: 62304K->1501K(62976K)] 451939K->391136K(720896K), 0.0016518 secs] [Times: user=0.01 sys=0.00, real=0.00 secs] 
3206.828: [GC (Allocation Failure) [PSYoungGen: 62429K->1597K(62976K)] 452064K->391232K(720896K), 0.0020471 secs] [Times: user=0.01 sys=0.00, real=0.00 secs] 
3207.196: [GC (Allocation Failure) [PSYoungGen: 62511K->1549K(62976K)] 452146K->391200K(720896K), 0.0017252 secs] [Times: user=0.01 sys=0.00, real=0.01 secs] 
3207.565: [GC (Allocation Failure) [PSYoungGen: 62477K->1549K(62976K)] 452128K->391200K(720896K), 0.0015972 secs] [Times: user=0.00 sys=0.00, real=0.01 secs] 
3209.650: [GC (Allocation Failure) [PSYoungGen: 62477K->1472K(62976K)] 452128K->391123K(720896K), 0.0045971 secs] [Times: user=0.02 sys=0.00, real=0.00 secs] 
3210.524: [GC (Allocation Failure) [PSYoungGen: 62400K->1392K(62976K)] 452051K->391043K(720896K), 0.0033907 secs] [Times: user=0.02 sys=0.01, real=0.01 secs] 
3211.049: [GC (Allocation Failure) [PSYoungGen: 62320K->1376K(62976K)] 451971K->391027K(720896K), 0.0026712 secs] [Times: user=0.01 sys=0.00, real=0.00 secs] 
3211.422: [GC (Allocation Failure) [PSYoungGen: 62304K->1408K(62976K)] 451955K->391059K(720896K), 0.0021472 secs] [Times: user=0.01 sys=0.00, real=0.00 secs] 
3211.878: [GC (Allocation Failure) [PSYoungGen: 62336K->1376K(62976K)] 451987K->391027K(720896K), 0.0021200 secs] [Times: user=0.01 sys=0.00, real=0.00 secs] 
3212.310: [GC (Allocation Failure) [PSYoungGen: 62304K->1549K(62976K)] 451955K->391200K(720896K), 0.0018262 secs] [Times: user=0.01 sys=0.00, real=0.00 secs] 
3212.730: [GC (Allocation Failure) [PSYoungGen: 62477K->1629K(62976K)] 452128K->391280K(720896K), 0.0017575 secs] [Times: user=0.01 sys=0.00, real=0.00 secs] 
3213.097: [GC (Allocation Failure) [PSYoungGen: 62541K->1565K(62976K)] 452192K->391224K(720896K), 0.0017322 secs] [Times: user=0.01 sys=0.00, real=0.00 secs] 
3213.461: [GC (Allocation Failure) [PSYoungGen: 62493K->1629K(62976K)] 452152K->391320K(720896K), 0.0017728 secs] [Times: user=0.01 sys=0.00, real=0.00 secs] 
3213.765: [GC (Allocation Failure) [PSYoungGen: 62557K->1408K(62976K)] 452248K->391099K(720896K), 0.0026739 secs] [Times: user=0.01 sys=0.00, real=0.01 secs] 
3214.024: [GC (Allocation Failure) [PSYoungGen: 62336K->1392K(62976K)] 452027K->391083K(720896K), 0.0022498 secs] [Times: user=0.01 sys=0.00, real=0.01 secs] 
3214.336: [GC (Allocation Failure) [PSYoungGen: 62320K->1392K(62976K)] 452011K->391083K(720896K), 0.0021500 secs] [Times: user=0.01 sys=0.00, real=0.01 secs] 
3214.765: [GC (Allocation Failure) [PSYoungGen: 62320K->1408K(62976K)] 452011K->391099K(720896K), 0.0020397 secs] [Times: user=0.01 sys=0.00, real=0.01 secs] 
3215.293: [GC (Allocation Failure) [PSYoungGen: 62336K->1501K(62976K)] 452027K->391192K(720896K), 0.0020864 secs] [Times: user=0.01 sys=0.00, real=0.00 secs] 
3215.671: [GC (Allocation Failure) [PSYoungGen: 62429K->1581K(62976K)] 452120K->391272K(720896K), 0.0017779 secs] [Times: user=0.01 sys=0.00, real=0.00 secs] 
3216.036: [GC (Allocation Failure) [PSYoungGen: 62509K->1549K(62976K)] 452200K->391248K(720896K), 0.0018031 secs] [Times: user=0.01 sys=0.00, real=0.00 secs] 
3216.463: [GC (Allocation Failure) [PSYoungGen: 62477K->1568K(62976K)] 452176K->391267K(720896K), 0.0019700 secs] [Times: user=0.01 sys=0.00, real=0.00 secs] 
3216.837: [GC (Allocation Failure) [PSYoungGen: 62496K->1984K(62976K)] 452195K->391683K(720896K), 0.0020185 secs] [Times: user=0.01 sys=0.00, real=0.00 secs] 
3217.091: [GC (Allocation Failure) [PSYoungGen: 62912K->1376K(62976K)] 452611K->391075K(720896K), 0.0021567 secs] [Times: user=0.01 sys=0.00, real=0.00 secs] 
3217.344: [GC (Allocation Failure) [PSYoungGen: 62304K->1360K(62976K)] 452003K->391059K(720896K), 0.0020732 secs] [Times: user=0.01 sys=0.01, real=0.01 secs] 
3217.597: [GC (Allocation Failure) [PSYoungGen: 62288K->1376K(62976K)] 451987K->391075K(720896K), 0.0020064 secs] [Times: user=0.01 sys=0.00, real=0.00 secs] 
3217.850: [GC (Allocation Failure) [PSYoungGen: 62304K->1376K(62976K)] 452003K->391075K(720896K), 0.0019859 secs] [Times: user=0.01 sys=0.00, real=0.00 secs] 
3218.193: [GC (Allocation Failure) [PSYoungGen: 62304K->1533K(62976K)] 452003K->391232K(720896K), 0.0017208 secs] [Times: user=0.01 sys=0.00, real=0.00 secs] 
3218.559: [GC (Allocation Failure) [PSYoungGen: 62461K->1597K(62976K)] 452160K->391296K(720896K), 0.0018139 secs] [Times: user=0.01 sys=0.00, real=0.00 secs] 
3218.924: [GC (Allocation Failure) [PSYoungGen: 62525K->1629K(62976K)] 452224K->391336K(720896K), 0.0016667 secs] [Times: user=0.01 sys=0.00, real=0.00 secs] 
3219.351: [GC (Allocation Failure) [PSYoungGen: 62557K->1549K(62976K)] 452264K->391256K(720896K), 0.0018768 secs] [Times: user=0.01 sys=0.00, real=0.00 secs] 
3219.738: [GC (Allocation Failure) [PSYoungGen: 62477K->1520K(62976K)] 452184K->391227K(720896K), 0.0021617 secs] [Times: user=0.01 sys=0.00, real=0.00 secs] 
3219.996: [GC (Allocation Failure) [PSYoungGen: 62448K->1376K(62976K)] 452155K->391083K(720896K), 0.0022279 secs] [Times: user=0.00 sys=0.00, real=0.00 secs] 
3220.289: [GC (Allocation Failure) [PSYoungGen: 62304K->1376K(62976K)] 452011K->391083K(720896K), 0.0020412 secs] [Times: user=0.01 sys=0.00, real=0.00 secs] 
3220.546: [GC (Allocation Failure) [PSYoungGen: 62304K->1392K(62976K)] 452011K->391115K(720896K), 0.0022431 secs] [Times: user=0.01 sys=0.00, real=0.00 secs] 
3220.806: [GC (Allocation Failure) [PSYoungGen: 62320K->1376K(62976K)] 452043K->391099K(720896K), 0.0020041 secs] [Times: user=0.01 sys=0.00, real=0.01 secs] 
3221.192: [GC (Allocation Failure) [PSYoungGen: 62304K->1517K(62976K)] 452027K->391240K(720896K), 0.0016802 secs] [Times: user=0.00 sys=0.00, real=0.00 secs] 
3221.556: [GC (Allocation Failure) [PSYoungGen: 62445K->1581K(62976K)] 452168K->391320K(720896K), 0.0017044 secs] [Times: user=0.01 sys=0.00, real=0.00 secs] 
3221.922: [GC (Allocation Failure) [PSYoungGen: 62509K->1565K(62976K)] 452248K->391304K(720896K), 0.0018662 secs] [Times: user=0.01 sys=0.00, real=0.00 secs] 
3222.289: [GC (Allocation Failure) [PSYoungGen: 62493K->1517K(62976K)] 452232K->391256K(720896K), 0.0017831 secs] [Times: user=0.01 sys=0.00, real=0.00 secs] 
3222.804: [GC (Allocation Failure) [PSYoungGen: 62445K->1424K(62976K)] 452184K->391163K(720896K), 0.0020596 secs] [Times: user=0.01 sys=0.00, real=0.00 secs] 
3223.342: [GC (Allocation Failure) [PSYoungGen: 62352K->1408K(62976K)] 452091K->391147K(720896K), 0.0023559 secs] [Times: user=0.01 sys=0.00, real=0.00 secs] 
3223.901: [GC (Allocation Failure) [PSYoungGen: 62336K->1376K(62976K)] 452075K->391115K(720896K), 0.0022356 secs] [Times: user=0.01 sys=0.00, real=0.00 secs] 
3224.446: [GC (Allocation Failure) [PSYoungGen: 62304K->1376K(62976K)] 452043K->391115K(720896K), 0.0022250 secs] [Times: user=0.01 sys=0.00, real=0.00 secs] 
3224.993: [GC (Allocation Failure) [PSYoungGen: 62304K->1485K(62976K)] 452043K->391224K(720896K), 0.0016796 secs] [Times: user=0.01 sys=0.00, real=0.00 secs] 
3225.359: [GC (Allocation Failure) [PSYoungGen: 62413K->1597K(62976K)] 452152K->391336K(720896K), 0.0017666 secs] [Times: user=0.01 sys=0.00, real=0.00 secs] 
3225.784: [GC (Allocation Failure) [PSYoungGen: 62525K->1565K(62976K)] 452264K->391312K(720896K), 0.0018040 secs] [Times: user=0.01 sys=0.00, real=0.01 secs] 
3226.150: [GC (Allocation Failure) [PSYoungGen: 62493K->1597K(62976K)] 452240K->391344K(720896K), 0.0017787 secs] [Times: user=0.01 sys=0.00, real=0.00 secs] 
3226.592: [GC (Allocation Failure) [PSYoungGen: 62525K->1440K(62976K)] 452272K->391187K(720896K), 0.0018772 secs] [Times: user=0.00 sys=0.00, real=0.00 secs] 
3226.854: [GC (Allocation Failure) [PSYoungGen: 62368K->1344K(62976K)] 452115K->391091K(720896K), 0.0022674 secs] [Times: user=0.01 sys=0.00, real=0.01 secs] 
3227.204: [GC (Allocation Failure) [PSYoungGen: 62272K->1408K(62976K)] 452019K->391155K(720896K), 0.0018978 secs] [Times: user=0.01 sys=0.00, real=0.00 secs] 
3227.503: [GC (Allocation Failure) [PSYoungGen: 62336K->1392K(62976K)] 452083K->391139K(720896K), 0.0019946 secs] [Times: user=0.01 sys=0.00, real=0.00 secs] 
3227.769: [GC (Allocation Failure) [PSYoungGen: 62320K->1408K(62976K)] 452067K->391155K(720896K), 0.0020123 secs] [Times: user=0.00 sys=0.00, real=0.00 secs] 
3228.227: [GC (Allocation Failure) [PSYoungGen: 62332K->1517K(62976K)] 452079K->391264K(720896K), 0.0016184 secs] [Times: user=0.01 sys=0.00, real=0.00 secs] 
3228.593: [GC (Allocation Failure) [PSYoungGen: 62445K->1597K(62976K)] 452192K->391344K(720896K), 0.0017861 secs] [Times: user=0.01 sys=0.00, real=0.00 secs] 
3229.024: [GC (Allocation Failure) [PSYoungGen: 62525K->1549K(62976K)] 452272K->391304K(720896K), 0.0017469 secs] [Times: user=0.01 sys=0.00, real=0.01 secs] 
3229.389: [GC (Allocation Failure) [PSYoungGen: 62477K->1565K(62976K)] 452232K->391320K(720896K), 0.0017396 secs] [Times: user=0.01 sys=0.00, real=0.00 secs] 
3229.955: [GC (Allocation Failure) [PSYoungGen: 62493K->1472K(62976K)] 452248K->391227K(720896K), 0.0036059 secs] [Times: user=0.01 sys=0.00, real=0.01 secs] 
3230.669: [GC (Allocation Failure) [PSYoungGen: 62400K->1408K(62976K)] 452155K->391163K(720896K), 0.0036340 secs] [Times: user=0.01 sys=0.00, real=0.00 secs] 
3231.343: [GC (Allocation Failure) [PSYoungGen: 62336K->1344K(62976K)] 452091K->391099K(720896K), 0.0023120 secs] [Times: user=0.01 sys=0.00, real=0.00 secs] 
3232.253: [GC (Allocation Failure) [PSYoungGen: 62272K->1392K(62976K)] 452027K->391147K(720896K), 0.0028789 secs] [Times: user=0.01 sys=0.00, real=0.00 secs] 
3233.084: [GC (Allocation Failure) [PSYoungGen: 62316K->1437K(62976K)] 452071K->391208K(720896K), 0.0028209 secs] [Times: user=0.01 sys=0.00, real=0.01 secs] 
3233.512: [GC (Allocation Failure) [PSYoungGen: 62365K->1549K(62976K)] 452136K->391320K(720896K), 0.0017748 secs] [Times: user=0.00 sys=0.00, real=0.00 secs] 
3233.935: [GC (Allocation Failure) [PSYoungGen: 62477K->1549K(62976K)] 452248K->391336K(720896K), 0.0016936 secs] [Times: user=0.01 sys=0.00, real=0.01 secs] 
3234.359: [GC (Allocation Failure) [PSYoungGen: 62477K->1549K(62976K)] 452264K->391336K(720896K), 0.0017466 secs] [Times: user=0.01 sys=0.00, real=0.00 secs] 
3234.729: [GC (Allocation Failure) [PSYoungGen: 62477K->1472K(62976K)] 452264K->391259K(720896K), 0.0017405 secs] [Times: user=0.01 sys=0.00, real=0.00 secs] 
3235.355: [GC (Allocation Failure) [PSYoungGen: 62400K->1408K(62976K)] 452187K->391195K(720896K), 0.0019381 secs] [Times: user=0.01 sys=0.00, real=0.01 secs] 
3235.949: [GC (Allocation Failure) [PSYoungGen: 62336K->1376K(62976K)] 452123K->391163K(720896K), 0.0027755 secs] [Times: user=0.01 sys=0.00, real=0.00 secs] 
3236.618: [GC (Allocation Failure) [PSYoungGen: 62304K->1344K(62976K)] 452091K->391131K(720896K), 0.0027764 secs] [Times: user=0.01 sys=0.00, real=0.00 secs] 
3237.282: [GC (Allocation Failure) [PSYoungGen: 62272K->1344K(62976K)] 452059K->391131K(720896K), 0.0035093 secs] [Times: user=0.02 sys=0.00, real=0.00 secs] 
3238.053: [GC (Allocation Failure) [PSYoungGen: 62255K->1488K(62976K)] 452042K->391275K(720896K), 0.0016112 secs] [Times: user=0.01 sys=0.00, real=0.00 secs] 
3238.425: [GC (Allocation Failure) [PSYoungGen: 62416K->1549K(62976K)] 452203K->391336K(720896K), 0.0017742 secs] [Times: user=0.00 sys=0.00, real=0.01 secs] 
3238.792: [GC (Allocation Failure) [PSYoungGen: 62477K->1565K(62976K)] 452264K->391368K(720896K), 0.0018440 secs] [Times: user=0.00 sys=0.00, real=0.00 secs] 
3239.156: [GC (Allocation Failure) [PSYoungGen: 62493K->1597K(62976K)] 452296K->391400K(720896K), 0.0018123 secs] [Times: user=0.01 sys=0.00, real=0.01 secs] 
3239.529: [GC (Allocation Failure) [PSYoungGen: 62525K->1472K(62976K)] 452328K->391275K(720896K), 0.0021426 secs] [Times: user=0.01 sys=0.00, real=0.00 secs] 
3239.794: [GC (Allocation Failure) [PSYoungGen: 62400K->1376K(62976K)] 452203K->391179K(720896K), 0.0022846 secs] [Times: user=0.01 sys=0.00, real=0.01 secs] 
3240.058: [GC (Allocation Failure) [PSYoungGen: 62304K->1344K(62976K)] 452107K->391147K(720896K), 0.0021604 secs] [Times: user=0.01 sys=0.00, real=0.00 secs] 
3240.316: [GC (Allocation Failure) [PSYoungGen: 62272K->1376K(62976K)] 452075K->391179K(720896K), 0.0020410 secs] [Times: user=0.01 sys=0.00, real=0.00 secs] 
3240.627: [GC (Allocation Failure) [PSYoungGen: 62304K->1408K(62976K)] 452107K->391211K(720896K), 0.0018980 secs] [Times: user=0.01 sys=0.00, real=0.00 secs] 
3241.052: [GC (Allocation Failure) [PSYoungGen: 62336K->1517K(62976K)] 452139K->391320K(720896K), 0.0018731 secs] [Times: user=0.00 sys=0.00, real=0.00 secs] 
3241.480: [GC (Allocation Failure) [PSYoungGen: 62445K->1581K(62976K)] 452248K->391392K(720896K), 0.0018224 secs] [Times: user=0.01 sys=0.00, real=0.00 secs] 
3241.845: [GC (Allocation Failure) [PSYoungGen: 62505K->1581K(62976K)] 452316K->391408K(720896K), 0.0017470 secs] [Times: user=0.01 sys=0.00, real=0.01 secs] 
3242.210: [GC (Allocation Failure) [PSYoungGen: 62509K->1485K(62976K)] 452336K->391336K(720896K), 0.0016917 secs] [Times: user=0.00 sys=0.00, real=0.00 secs] 
3243.544: [GC (Allocation Failure) [PSYoungGen: 62413K->1392K(62976K)] 452264K->391243K(720896K), 0.0029270 secs] [Times: user=0.02 sys=0.00, real=0.01 secs] 
3243.814: [GC (Allocation Failure) [PSYoungGen: 62320K->1408K(62976K)] 452171K->391259K(720896K), 0.0020019 secs] [Times: user=0.01 sys=0.00, real=0.01 secs] 
3244.067: [GC (Allocation Failure) [PSYoungGen: 62336K->1376K(62976K)] 452187K->391227K(720896K), 0.0020636 secs] [Times: user=0.01 sys=0.00, real=0.00 secs] 
3244.351: [GC (Allocation Failure) [PSYoungGen: 62304K->1344K(62976K)] 452155K->391195K(720896K), 0.0018440 secs] [Times: user=0.01 sys=0.00, real=0.00 secs] 
3244.692: [GC (Allocation Failure) [PSYoungGen: 62249K->1501K(62976K)] 452100K->391352K(720896K), 0.0016434 secs] [Times: user=0.01 sys=0.00, real=0.00 secs] 
3245.057: [GC (Allocation Failure) [PSYoungGen: 62429K->1597K(62976K)] 452280K->391448K(720896K), 0.0018986 secs] [Times: user=0.00 sys=0.00, real=0.00 secs] 
3245.422: [GC (Allocation Failure) [PSYoungGen: 62522K->1597K(62976K)] 452373K->391464K(720896K), 0.0017821 secs] [Times: user=0.01 sys=0.00, real=0.00 secs] 
3245.850: [GC (Allocation Failure) [PSYoungGen: 62525K->1549K(62976K)] 452392K->391416K(720896K), 0.0018355 secs] [Times: user=0.00 sys=0.00, real=0.00 secs] 
3246.494: [GC (Allocation Failure) [PSYoungGen: 62477K->1472K(62976K)] 452344K->391339K(720896K), 0.0029142 secs] [Times: user=0.02 sys=0.00, real=0.01 secs] 
3247.451: [GC (Allocation Failure) [PSYoungGen: 62400K->1392K(62976K)] 452267K->391259K(720896K), 0.0042329 secs] [Times: user=0.01 sys=0.00, real=0.00 secs] 
3248.098: [GC (Allocation Failure) [PSYoungGen: 62320K->1376K(62976K)] 452187K->391243K(720896K), 0.0029629 secs] [Times: user=0.01 sys=0.00, real=0.00 secs] 
3248.603: [GC (Allocation Failure) [PSYoungGen: 62304K->1440K(62976K)] 452171K->391307K(720896K), 0.0050239 secs] [Times: user=0.02 sys=0.00, real=0.01 secs] 
3249.128: [GC (Allocation Failure) [PSYoungGen: 62368K->1424K(62976K)] 452235K->391291K(720896K), 0.0029659 secs] [Times: user=0.01 sys=0.00, real=0.00 secs] 
3249.686: [GC (Allocation Failure) [PSYoungGen: 62352K->1501K(62976K)] 452219K->391376K(720896K), 0.0017180 secs] [Times: user=0.01 sys=0.00, real=0.00 secs] 
3250.050: [GC (Allocation Failure) [PSYoungGen: 62429K->1581K(62976K)] 452304K->391456K(720896K), 0.0018391 secs] [Times: user=0.01 sys=0.00, real=0.00 secs] 
3250.419: [GC (Allocation Failure) [PSYoungGen: 62509K->1565K(62976K)] 452384K->391456K(720896K), 0.0017365 secs] [Times: user=0.01 sys=0.00, real=0.00 secs] 
3250.784: [GC (Allocation Failure) [PSYoungGen: 62493K->1613K(62976K)] 452384K->391504K(720896K), 0.0017958 secs] [Times: user=0.01 sys=0.00, real=0.01 secs] 
3251.118: [GC (Allocation Failure) [PSYoungGen: 62541K->1504K(62976K)] 452432K->391395K(720896K), 0.0017019 secs] [Times: user=0.01 sys=0.00, real=0.00 secs] 
3251.374: [GC (Allocation Failure) [PSYoungGen: 62432K->1456K(62976K)] 452323K->391347K(720896K), 0.0016488 secs] [Times: user=0.01 sys=0.00, real=0.01 secs] 
3251.627: [GC (Allocation Failure) [PSYoungGen: 62384K->1408K(62976K)] 452275K->391307K(720896K), 0.0015871 secs] [Times: user=0.01 sys=0.00, real=0.00 secs] 
3251.879: [GC (Allocation Failure) [PSYoungGen: 62336K->1392K(62976K)] 452235K->391291K(720896K), 0.0022123 secs] [Times: user=0.01 sys=0.00, real=0.00 secs] 
3252.134: [GC (Allocation Failure) [PSYoungGen: 62320K->1344K(62976K)] 452219K->391243K(720896K), 0.0022647 secs] [Times: user=0.01 sys=0.00, real=0.00 secs] 
3252.535: [GC (Allocation Failure) [PSYoungGen: 62272K->1613K(62976K)] 452171K->391544K(720896K), 0.0018381 secs] [Times: user=0.01 sys=0.00, real=0.01 secs] 
3252.899: [GC (Allocation Failure) [PSYoungGen: 62515K->1549K(62976K)] 452446K->391496K(720896K), 0.0017734 secs] [Times: user=0.00 sys=0.00, real=0.00 secs] 
3253.264: [GC (Allocation Failure) [PSYoungGen: 62477K->1597K(62976K)] 452424K->391544K(720896K), 0.0017943 secs] [Times: user=0.01 sys=0.00, real=0.00 secs] 
3253.689: [GC (Allocation Failure) [PSYoungGen: 62525K->1613K(62976K)] 452472K->391560K(720896K), 0.0017241 secs] [Times: user=0.01 sys=0.00, real=0.00 secs] 
3254.694: [GC (Allocation Failure) [PSYoungGen: 62541K->1456K(62976K)] 452488K->391403K(720896K), 0.0027289 secs] [Times: user=0.01 sys=0.00, real=0.01 secs] 
3255.257: [GC (Allocation Failure) [PSYoungGen: 62384K->1344K(62976K)] 452331K->391291K(720896K), 0.0025627 secs] [Times: user=0.01 sys=0.00, real=0.00 secs] 
3255.549: [GC (Allocation Failure) [PSYoungGen: 62272K->1408K(62976K)] 452219K->391355K(720896K), 0.0021914 secs] [Times: user=0.00 sys=0.00, real=0.00 secs] 
3255.845: [GC (Allocation Failure) [PSYoungGen: 62336K->1344K(62976K)] 452283K->391307K(720896K), 0.0020162 secs] [Times: user=0.01 sys=0.00, real=0.01 secs] 
3256.191: [GC (Allocation Failure) [PSYoungGen: 62272K->1485K(62976K)] 452235K->391448K(720896K), 0.0017119 secs] [Times: user=0.00 sys=0.00, real=0.00 secs] 
3256.556: [GC (Allocation Failure) [PSYoungGen: 62395K->1597K(62976K)] 452358K->391560K(720896K), 0.0019200 secs] [Times: user=0.01 sys=0.00, real=0.01 secs] 
3256.923: [GC (Allocation Failure) [PSYoungGen: 62525K->1549K(62976K)] 452488K->391528K(720896K), 0.0017392 secs] [Times: user=0.01 sys=0.00, real=0.00 secs] 
3257.291: [GC (Allocation Failure) [PSYoungGen: 62477K->1517K(62976K)] 452456K->391496K(720896K), 0.0017912 secs] [Times: user=0.01 sys=0.00, real=0.00 secs] 
3257.740: [GC (Allocation Failure) [PSYoungGen: 62445K->1472K(62976K)] 452424K->391451K(720896K), 0.0021879 secs] [Times: user=0.01 sys=0.00, real=0.00 secs] 
3258.263: [GC (Allocation Failure) [PSYoungGen: 62400K->1376K(62976K)] 452379K->391355K(720896K), 0.0020816 secs] [Times: user=0.01 sys=0.00, real=0.00 secs] 
3258.789: [GC (Allocation Failure) [PSYoungGen: 62304K->1376K(62976K)] 452283K->391355K(720896K), 0.0082606 secs] [Times: user=0.04 sys=0.00, real=0.01 secs] 
3259.359: [GC (Allocation Failure) [PSYoungGen: 62304K->1376K(62976K)] 452283K->391355K(720896K), 0.0034065 secs] [Times: user=0.01 sys=0.00, real=0.00 secs] 
3260.076: [GC (Allocation Failure) [PSYoungGen: 62304K->1392K(62976K)] 452283K->391371K(720896K), 0.0035341 secs] [Times: user=0.02 sys=0.00, real=0.01 secs] 
3260.650: [GC (Allocation Failure) [PSYoungGen: 62317K->1533K(62976K)] 452296K->391512K(720896K), 0.0016804 secs] [Times: user=0.01 sys=0.00, real=0.00 secs] 
3261.016: [GC (Allocation Failure) [PSYoungGen: 62461K->1549K(62976K)] 452440K->391528K(720896K), 0.0016703 secs] [Times: user=0.01 sys=0.00, real=0.01 secs] 
3261.379: [GC (Allocation Failure) [PSYoungGen: 62477K->1565K(62976K)] 452456K->391568K(720896K), 0.0017642 secs] [Times: user=0.00 sys=0.00, real=0.00 secs] 
3261.811: [GC (Allocation Failure) [PSYoungGen: 62493K->1581K(62976K)] 452496K->391584K(720896K), 0.0018844 secs] [Times: user=0.01 sys=0.00, real=0.00 secs] 
3262.148: [GC (Allocation Failure) [PSYoungGen: 62509K->1424K(62976K)] 452512K->391451K(720896K), 0.0022977 secs] [Times: user=0.01 sys=0.00, real=0.00 secs] 
3262.561: [GC (Allocation Failure) [PSYoungGen: 62352K->1344K(62976K)] 452379K->391371K(720896K), 0.0021078 secs] [Times: user=0.01 sys=0.00, real=0.00 secs] 
3263.040: [GC (Allocation Failure) [PSYoungGen: 62272K->1376K(62976K)] 452299K->391403K(720896K), 0.0034032 secs] [Times: user=0.01 sys=0.00, real=0.00 secs] 
3263.542: [GC (Allocation Failure) [PSYoungGen: 62304K->1376K(62976K)] 452331K->391403K(720896K), 0.0048725 secs] [Times: user=0.02 sys=0.00, real=0.01 secs] 
3264.117: [GC (Allocation Failure) [PSYoungGen: 62304K->1440K(62976K)] 452331K->391467K(720896K), 0.0024019 secs] [Times: user=0.01 sys=0.00, real=0.00 secs] 
3264.528: [GC (Allocation Failure) [PSYoungGen: 62368K->1581K(62976K)] 452395K->391608K(720896K), 0.0019027 secs] [Times: user=0.00 sys=0.00, real=0.00 secs] 
3264.951: [GC (Allocation Failure) [PSYoungGen: 62509K->1549K(62976K)] 452536K->391584K(720896K), 0.0017290 secs] [Times: user=0.01 sys=0.00, real=0.00 secs] 
3265.315: [GC (Allocation Failure) [PSYoungGen: 62477K->1549K(62976K)] 452512K->391584K(720896K), 0.0017907 secs] [Times: user=0.01 sys=0.00, real=0.01 secs] 
3265.707: [GC (Allocation Failure) [PSYoungGen: 62477K->1600K(62976K)] 452512K->391635K(720896K), 0.0019213 secs] [Times: user=0.00 sys=0.00, real=0.00 secs] 
3266.660: [GC (Allocation Failure) [PSYoungGen: 62528K->1392K(62976K)] 452563K->391427K(720896K), 0.0039739 secs] [Times: user=0.01 sys=0.00, real=0.00 secs] 
3267.290: [GC (Allocation Failure) [PSYoungGen: 62320K->1376K(62976K)] 452355K->391411K(720896K), 0.0029039 secs] [Times: user=0.01 sys=0.00, real=0.00 secs] 
3267.814: [GC (Allocation Failure) [PSYoungGen: 62304K->1376K(62976K)] 452339K->391411K(720896K), 0.0025624 secs] [Times: user=0.01 sys=0.00, real=0.01 secs] 
3268.298: [GC (Allocation Failure) [PSYoungGen: 62304K->1376K(62976K)] 452339K->391411K(720896K), 0.0024685 secs] [Times: user=0.01 sys=0.00, real=0.00 secs] 
3268.826: [GC (Allocation Failure) [PSYoungGen: 62304K->1421K(62976K)] 452339K->391456K(720896K), 0.0017093 secs] [Times: user=0.00 sys=0.00, real=0.00 secs] 
3269.201: [GC (Allocation Failure) [PSYoungGen: 62349K->1549K(62976K)] 452384K->391584K(720896K), 0.0017525 secs] [Times: user=0.01 sys=0.00, real=0.00 secs] 
3269.567: [GC (Allocation Failure) [PSYoungGen: 62445K->1565K(62976K)] 452480K->391616K(720896K), 0.0017639 secs] [Times: user=0.01 sys=0.00, real=0.00 secs] 
3269.933: [GC (Allocation Failure) [PSYoungGen: 62493K->1517K(62976K)] 452544K->391568K(720896K), 0.0017819 secs] [Times: user=0.01 sys=0.00, real=0.00 secs] 
3270.776: [GC (Allocation Failure) [PSYoungGen: 62445K->1472K(62976K)] 452496K->391523K(720896K), 0.0031876 secs] [Times: user=0.01 sys=0.00, real=0.00 secs] 
3271.807: [GC (Allocation Failure) [PSYoungGen: 62400K->1376K(62976K)] 452451K->391427K(720896K), 0.0026719 secs] [Times: user=0.01 sys=0.00, real=0.00 secs] 
3272.296: [GC (Allocation Failure) [PSYoungGen: 62304K->1408K(62976K)] 452355K->391459K(720896K), 0.0032935 secs] [Times: user=0.02 sys=0.01, real=0.00 secs] 
3272.774: [GC (Allocation Failure) [PSYoungGen: 62336K->1392K(62976K)] 452387K->391443K(720896K), 0.0033562 secs] [Times: user=0.01 sys=0.00, real=0.01 secs] 
3273.278: [GC (Allocation Failure) [PSYoungGen: 62320K->1360K(62976K)] 452371K->391411K(720896K), 0.0029801 secs] [Times: user=0.02 sys=0.00, real=0.00 secs] 
3273.802: [GC (Allocation Failure) [PSYoungGen: 62288K->1485K(62976K)] 452339K->391536K(720896K), 0.0017393 secs] [Times: user=0.01 sys=0.00, real=0.00 secs] 
3274.165: [GC (Allocation Failure) [PSYoungGen: 62413K->1597K(62976K)] 452464K->391688K(720896K), 0.0017208 secs] [Times: user=0.01 sys=0.00, real=0.01 secs] 
3274.529: [GC (Allocation Failure) [PSYoungGen: 62525K->1565K(62976K)] 452616K->391656K(720896K), 0.0018029 secs] [Times: user=0.01 sys=0.00, real=0.00 secs] 
3274.895: [GC (Allocation Failure) [PSYoungGen: 62493K->1584K(62976K)] 452584K->391675K(720896K), 0.0017761 secs] [Times: user=0.01 sys=0.00, real=0.01 secs] 
3275.192: [GC (Allocation Failure) [PSYoungGen: 62512K->1440K(62976K)] 452603K->391531K(720896K), 0.0018932 secs] [Times: user=0.01 sys=0.00, real=0.00 secs] 
3275.494: [GC (Allocation Failure) [PSYoungGen: 62368K->1424K(62976K)] 452459K->391515K(720896K), 0.0018433 secs] [Times: user=0.01 sys=0.00, real=0.01 secs] 
3275.780: [GC (Allocation Failure) [PSYoungGen: 62352K->1408K(62976K)] 452443K->391499K(720896K), 0.0019479 secs] [Times: user=0.00 sys=0.00, real=0.00 secs] 
3276.238: [GC (Allocation Failure) [PSYoungGen: 62336K->1392K(62976K)] 452427K->391483K(720896K), 0.0019636 secs] [Times: user=0.00 sys=0.00, real=0.00 secs] 
3276.723: [GC (Allocation Failure) [PSYoungGen: 62320K->1469K(62976K)] 452411K->391560K(720896K), 0.0016064 secs] [Times: user=0.01 sys=0.00, real=0.00 secs] 
3277.088: [GC (Allocation Failure) [PSYoungGen: 62397K->1581K(62976K)] 452488K->391672K(720896K), 0.0018302 secs] [Times: user=0.00 sys=0.00, real=0.00 secs] 
3277.456: [GC (Allocation Failure) [PSYoungGen: 62509K->1581K(62976K)] 452600K->391680K(720896K), 0.0017936 secs] [Times: user=0.00 sys=0.00, real=0.01 secs] 
3277.823: [GC (Allocation Failure) [PSYoungGen: 62496K->1581K(62976K)] 452595K->391680K(720896K), 0.0017350 secs] [Times: user=0.01 sys=0.00, real=0.00 secs] 
3278.189: [GC (Allocation Failure) [PSYoungGen: 62509K->1472K(62976K)] 452608K->391571K(720896K), 0.0017170 secs] [Times: user=0.00 sys=0.00, real=0.00 secs] 
3278.724: [GC (Allocation Failure) [PSYoungGen: 62400K->1424K(62976K)] 452499K->391523K(720896K), 0.0018402 secs] [Times: user=0.01 sys=0.00, real=0.00 secs] 
3279.077: [GC (Allocation Failure) [PSYoungGen: 62352K->1408K(62976K)] 452451K->391507K(720896K), 0.0015953 secs] [Times: user=0.01 sys=0.00, real=0.00 secs] 
3279.368: [GC (Allocation Failure) [PSYoungGen: 62336K->1376K(62976K)] 452435K->391475K(720896K), 0.0018447 secs] [Times: user=0.00 sys=0.00, real=0.00 secs] 
3279.878: [GC (Allocation Failure) [PSYoungGen: 62304K->1376K(62976K)] 452403K->391475K(720896K), 0.0020086 secs] [Times: user=0.00 sys=0.00, real=0.00 secs] 
3280.437: [GC (Allocation Failure) [PSYoungGen: 62304K->1485K(62976K)] 452403K->391584K(720896K), 0.0017587 secs] [Times: user=0.00 sys=0.00, real=0.00 secs] 
3280.801: [GC (Allocation Failure) [PSYoungGen: 62413K->1597K(62976K)] 452512K->391696K(720896K), 0.0016749 secs] [Times: user=0.01 sys=0.00, real=0.00 secs] 
3281.164: [GC (Allocation Failure) [PSYoungGen: 62508K->1565K(62976K)] 452607K->391688K(720896K), 0.0017760 secs] [Times: user=0.01 sys=0.00, real=0.00 secs] 
3281.528: [GC (Allocation Failure) [PSYoungGen: 62493K->1517K(62976K)] 452616K->391640K(720896K), 0.0017182 secs] [Times: user=0.00 sys=0.00, real=0.00 secs] 
3282.064: [GC (Allocation Failure) [PSYoungGen: 62445K->1472K(62976K)] 452568K->391619K(720896K), 0.0050893 secs] [Times: user=0.02 sys=0.00, real=0.01 secs] 
3282.515: [GC (Allocation Failure) [PSYoungGen: 62400K->1392K(62976K)] 452547K->391539K(720896K), 0.0023913 secs] [Times: user=0.01 sys=0.00, real=0.01 secs] 
3282.761: [GC (Allocation Failure) [PSYoungGen: 62320K->1376K(62976K)] 452467K->391523K(720896K), 0.0019883 secs] [Times: user=0.01 sys=0.00, real=0.00 secs] 
3283.033: [GC (Allocation Failure) [PSYoungGen: 62304K->1376K(62976K)] 452451K->391523K(720896K), 0.0021757 secs] [Times: user=0.01 sys=0.00, real=0.00 secs] 
3283.285: [GC (Allocation Failure) [PSYoungGen: 62304K->1392K(62976K)] 452451K->391539K(720896K), 0.0021552 secs] [Times: user=0.01 sys=0.00, real=0.01 secs] 
3283.701: [GC (Allocation Failure) [PSYoungGen: 62289K->1549K(62976K)] 452436K->391696K(720896K), 0.0017046 secs] [Times: user=0.01 sys=0.00, real=0.00 secs] 
3284.068: [GC (Allocation Failure) [PSYoungGen: 62477K->1549K(62976K)] 452624K->391712K(720896K), 0.0016333 secs] [Times: user=0.01 sys=0.00, real=0.00 secs] 
3284.497: [GC (Allocation Failure) [PSYoungGen: 62477K->1613K(62976K)] 452640K->391776K(720896K), 0.0017764 secs] [Times: user=0.01 sys=0.00, real=0.00 secs] 
3284.924: [GC (Allocation Failure) [PSYoungGen: 62541K->1565K(62976K)] 452704K->391728K(720896K), 0.0017538 secs] [Times: user=0.00 sys=0.00, real=0.01 secs] 
3285.713: [GC (Allocation Failure) [PSYoungGen: 62493K->1408K(62976K)] 452656K->391571K(720896K), 0.0034826 secs] [Times: user=0.01 sys=0.00, real=0.01 secs] 
3286.164: [GC (Allocation Failure) [PSYoungGen: 62336K->1344K(62976K)] 452499K->391507K(720896K), 0.0023103 secs] [Times: user=0.01 sys=0.00, real=0.01 secs] 
3286.428: [GC (Allocation Failure) [PSYoungGen: 62272K->1424K(62976K)] 452435K->391587K(720896K), 0.0023905 secs] [Times: user=0.01 sys=0.00, real=0.00 secs] 
3286.699: [GC (Allocation Failure) [PSYoungGen: 62352K->1376K(62976K)] 452515K->391539K(720896K), 0.0021394 secs] [Times: user=0.01 sys=0.00, real=0.00 secs] 
3287.154: [GC (Allocation Failure) [PSYoungGen: 62288K->1517K(62976K)] 452451K->391680K(720896K), 0.0023294 secs] [Times: user=0.01 sys=0.00, real=0.01 secs] 
3287.559: [GC (Allocation Failure) [PSYoungGen: 62445K->1613K(62976K)] 452608K->391776K(720896K), 0.0018733 secs] [Times: user=0.01 sys=0.00, real=0.00 secs] 
3287.986: [GC (Allocation Failure) [PSYoungGen: 62518K->1581K(62976K)] 452681K->391752K(720896K), 0.0017098 secs] [Times: user=0.01 sys=0.00, real=0.00 secs] 
3288.351: [GC (Allocation Failure) [PSYoungGen: 62509K->1549K(62976K)] 452680K->391720K(720896K), 0.0018198 secs] [Times: user=0.00 sys=0.00, real=0.00 secs] 
3288.872: [GC (Allocation Failure) [PSYoungGen: 62477K->1472K(62976K)] 452648K->391643K(720896K), 0.0024115 secs] [Times: user=0.01 sys=0.00, real=0.00 secs] 
3289.566: [GC (Allocation Failure) [PSYoungGen: 62400K->1376K(62976K)] 452571K->391547K(720896K), 0.0060062 secs] [Times: user=0.02 sys=0.00, real=0.00 secs] 
3290.161: [GC (Allocation Failure) [PSYoungGen: 62304K->1328K(62976K)] 452475K->391499K(720896K), 0.0025368 secs] [Times: user=0.01 sys=0.00, real=0.00 secs] 
3290.793: [GC (Allocation Failure) [PSYoungGen: 62256K->1376K(62976K)] 452427K->391547K(720896K), 0.0033494 secs] [Times: user=0.01 sys=0.00, real=0.01 secs] 
3291.415: [GC (Allocation Failure) [PSYoungGen: 62304K->1344K(62976K)] 452475K->391515K(720896K), 0.0036809 secs] [Times: user=0.02 sys=0.00, real=0.01 secs] 
3291.989: [GC (Allocation Failure) [PSYoungGen: 62272K->1549K(62976K)] 452443K->391720K(720896K), 0.0017255 secs] [Times: user=0.01 sys=0.00, real=0.00 secs] 
3292.356: [GC (Allocation Failure) [PSYoungGen: 62477K->1597K(62976K)] 452648K->391768K(720896K), 0.0017986 secs] [Times: user=0.01 sys=0.00, real=0.00 secs] 
3292.724: [GC (Allocation Failure) [PSYoungGen: 62525K->1517K(62976K)] 452696K->391712K(720896K), 0.0017522 secs] [Times: user=0.00 sys=0.00, real=0.00 secs] 
3293.089: [GC (Allocation Failure) [PSYoungGen: 62445K->1517K(62976K)] 452640K->391712K(720896K), 0.0018565 secs] [Times: user=0.00 sys=0.00, real=0.00 secs] 
3293.402: [GC (Allocation Failure) [PSYoungGen: 62445K->1440K(62976K)] 452640K->391635K(720896K), 0.0015759 secs] [Times: user=0.00 sys=0.00, real=0.00 secs] 
3293.655: [GC (Allocation Failure) [PSYoungGen: 62368K->1408K(62976K)] 452563K->391603K(720896K), 0.0016199 secs] [Times: user=0.00 sys=0.00, real=0.01 secs] 
3294.035: [GC (Allocation Failure) [PSYoungGen: 62336K->1392K(62976K)] 452531K->391587K(720896K), 0.0020780 secs] [Times: user=0.01 sys=0.00, real=0.01 secs] 
3294.464: [GC (Allocation Failure) [PSYoungGen: 62320K->1360K(62976K)] 452515K->391555K(720896K), 0.0020984 secs] [Times: user=0.01 sys=0.00, real=0.00 secs] 
3295.016: [GC (Allocation Failure) [PSYoungGen: 62288K->1504K(62976K)] 452483K->391699K(720896K), 0.0020629 secs] [Times: user=0.01 sys=0.00, real=0.01 secs] 
3295.394: [GC (Allocation Failure) [PSYoungGen: 62432K->1581K(62976K)] 452627K->391776K(720896K), 0.0017750 secs] [Times: user=0.01 sys=0.00, real=0.00 secs] 
3295.758: [GC (Allocation Failure) [PSYoungGen: 62509K->1600K(62976K)] 452704K->391803K(720896K), 0.0017931 secs] [Times: user=0.01 sys=0.00, real=0.00 secs] 
3296.122: [GC (Allocation Failure) [PSYoungGen: 62528K->1565K(62976K)] 452731K->391768K(720896K), 0.0017570 secs] [Times: user=0.01 sys=0.00, real=0.00 secs] 
3296.519: [GC (Allocation Failure) [PSYoungGen: 62493K->1664K(62976K)] 452696K->391867K(720896K), 0.0017864 secs] [Times: user=0.00 sys=0.00, real=0.00 secs] 
3296.770: [GC (Allocation Failure) [PSYoungGen: 62592K->1424K(62976K)] 452795K->391627K(720896K), 0.0016360 secs] [Times: user=0.01 sys=0.01, real=0.00 secs] 
3297.058: [GC (Allocation Failure) [PSYoungGen: 62352K->1376K(62976K)] 452555K->391579K(720896K), 0.0018415 secs] [Times: user=0.01 sys=0.00, real=0.00 secs] 
3297.386: [GC (Allocation Failure) [PSYoungGen: 62304K->1392K(62976K)] 452507K->391595K(720896K), 0.0019247 secs] [Times: user=0.01 sys=0.00, real=0.01 secs] 
3297.846: [GC (Allocation Failure) [PSYoungGen: 62320K->1408K(62976K)] 452523K->391611K(720896K), 0.0029684 secs] [Times: user=0.01 sys=0.00, real=0.00 secs] 
3298.536: [GC (Allocation Failure) [PSYoungGen: 62326K->1581K(62976K)] 452529K->391784K(720896K), 0.0018467 secs] [Times: user=0.00 sys=0.00, real=0.01 secs] 
3298.900: [GC (Allocation Failure) [PSYoungGen: 62509K->1517K(62976K)] 452712K->391720K(720896K), 0.0016704 secs] [Times: user=0.01 sys=0.00, real=0.00 secs] 
3299.264: [GC (Allocation Failure) [PSYoungGen: 62437K->1581K(62976K)] 452640K->391808K(720896K), 0.0017268 secs] [Times: user=0.01 sys=0.00, real=0.00 secs] 
3299.629: [GC (Allocation Failure) [PSYoungGen: 62509K->1581K(62976K)] 452736K->391808K(720896K), 0.0017607 secs] [Times: user=0.01 sys=0.00, real=0.00 secs] 
3299.994: [GC (Allocation Failure) [PSYoungGen: 62509K->1472K(62976K)] 452736K->391699K(720896K), 0.0020636 secs] [Times: user=0.01 sys=0.00, real=0.00 secs] 
3300.264: [GC (Allocation Failure) [PSYoungGen: 62400K->1376K(62976K)] 452627K->391603K(720896K), 0.0020634 secs] [Times: user=0.01 sys=0.00, real=0.01 secs] 
3300.523: [GC (Allocation Failure) [PSYoungGen: 62304K->1376K(62976K)] 452531K->391603K(720896K), 0.0019701 secs] [Times: user=0.01 sys=0.00, real=0.00 secs] 
3300.776: [GC (Allocation Failure) [PSYoungGen: 62304K->1376K(62976K)] 452531K->391603K(720896K), 0.0020527 secs] [Times: user=0.01 sys=0.00, real=0.00 secs] 
3301.029: [GC (Allocation Failure) [PSYoungGen: 62304K->1376K(62976K)] 452531K->391619K(720896K), 0.0020011 secs] [Times: user=0.01 sys=0.00, real=0.00 secs] 
3301.405: [GC (Allocation Failure) [PSYoungGen: 62304K->1517K(62976K)] 452547K->391760K(720896K), 0.0018115 secs] [Times: user=0.00 sys=0.00, real=0.01 secs] 
3301.772: [GC (Allocation Failure) [PSYoungGen: 62445K->1565K(62976K)] 452688K->391816K(720896K), 0.0017788 secs] [Times: user=0.01 sys=0.00, real=0.00 secs] 
3302.137: [GC (Allocation Failure) [PSYoungGen: 62493K->1549K(62976K)] 452744K->391800K(720896K), 0.0017724 secs] [Times: user=0.01 sys=0.00, real=0.00 secs] 
3302.506: [GC (Allocation Failure) [PSYoungGen: 62477K->1517K(62976K)] 452728K->391768K(720896K), 0.0018327 secs] [Times: user=0.01 sys=0.00, real=0.00 secs] 
3303.111: [GC (Allocation Failure) [PSYoungGen: 62445K->1440K(62976K)] 452696K->391691K(720896K), 0.0019777 secs] [Times: user=0.01 sys=0.00, real=0.00 secs] 
3303.711: [GC (Allocation Failure) [PSYoungGen: 62368K->1408K(62976K)] 452619K->391659K(720896K), 0.0028109 secs] [Times: user=0.01 sys=0.00, real=0.00 secs] 
3304.154: [GC (Allocation Failure) [PSYoungGen: 62336K->1376K(62976K)] 452587K->391627K(720896K), 0.0020852 secs] [Times: user=0.01 sys=0.00, real=0.00 secs] 
3304.484: [GC (Allocation Failure) [PSYoungGen: 62304K->1376K(62976K)] 452555K->391627K(720896K), 0.0022967 secs] [Times: user=0.01 sys=0.00, real=0.01 secs] 
3305.020: [GC (Allocation Failure) [PSYoungGen: 62304K->1437K(62976K)] 452555K->391688K(720896K), 0.0019582 secs] [Times: user=0.01 sys=0.00, real=0.00 secs] 
3305.397: [GC (Allocation Failure) [PSYoungGen: 62365K->1629K(62976K)] 452616K->391880K(720896K), 0.0017899 secs] [Times: user=0.01 sys=0.00, real=0.00 secs] 
3305.822: [GC (Allocation Failure) [PSYoungGen: 62557K->1549K(62976K)] 452808K->391816K(720896K), 0.0018512 secs] [Times: user=0.01 sys=0.00, real=0.00 secs] 
3306.188: [GC (Allocation Failure) [PSYoungGen: 62477K->1581K(62976K)] 452744K->391848K(720896K), 0.0017313 secs] [Times: user=0.01 sys=0.00, real=0.00 secs] 
3306.622: [GC (Allocation Failure) [PSYoungGen: 62509K->1472K(62976K)] 452776K->391739K(720896K), 0.0020841 secs] [Times: user=0.01 sys=0.00, real=0.00 secs] 
3306.887: [GC (Allocation Failure) [PSYoungGen: 62400K->1376K(62976K)] 452667K->391643K(720896K), 0.0023898 secs] [Times: user=0.01 sys=0.01, real=0.00 secs] 
3307.370: [GC (Allocation Failure) [PSYoungGen: 62304K->1344K(62976K)] 452571K->391611K(720896K), 0.0029985 secs] [Times: user=0.02 sys=0.00, real=0.00 secs] 
3307.890: [GC (Allocation Failure) [PSYoungGen: 62272K->1376K(62976K)] 452539K->391643K(720896K), 0.0035921 secs] [Times: user=0.01 sys=0.00, real=0.00 secs] 
3308.487: [GC (Allocation Failure) [PSYoungGen: 62304K->1376K(62976K)] 452571K->391643K(720896K), 0.0036348 secs] [Times: user=0.01 sys=0.00, real=0.00 secs] 
3309.067: [GC (Allocation Failure) [PSYoungGen: 62304K->1565K(62976K)] 452571K->391832K(720896K), 0.0016524 secs] [Times: user=0.00 sys=0.00, real=0.00 secs] 
3309.432: [GC (Allocation Failure) [PSYoungGen: 62493K->1517K(62976K)] 452760K->391784K(720896K), 0.0017992 secs] [Times: user=0.01 sys=0.00, real=0.00 secs] 
3309.796: [GC (Allocation Failure) [PSYoungGen: 62445K->1565K(62976K)] 452712K->391840K(720896K), 0.0016812 secs] [Times: user=0.01 sys=0.00, real=0.01 secs] 
3310.167: [GC (Allocation Failure) [PSYoungGen: 62493K->1581K(62976K)] 452768K->391856K(720896K), 0.0017357 secs] [Times: user=0.01 sys=0.00, real=0.00 secs] 
3310.679: [GC (Allocation Failure) [PSYoungGen: 62509K->1424K(62976K)] 452784K->391699K(720896K), 0.0020592 secs] [Times: user=0.01 sys=0.00, real=0.00 secs] 
3311.371: [GC (Allocation Failure) [PSYoungGen: 62352K->1408K(62976K)] 452627K->391683K(720896K), 0.0020401 secs] [Times: user=0.01 sys=0.01, real=0.00 secs] 
3311.850: [GC (Allocation Failure) [PSYoungGen: 62336K->1376K(62976K)] 452611K->391651K(720896K), 0.0021127 secs] [Times: user=0.00 sys=0.00, real=0.00 secs] 
3312.199: [GC (Allocation Failure) [PSYoungGen: 62304K->1376K(62976K)] 452579K->391651K(720896K), 0.0020185 secs] [Times: user=0.00 sys=0.00, real=0.00 secs] 
3312.465: [GC (Allocation Failure) [PSYoungGen: 62304K->1376K(62976K)] 452579K->391667K(720896K), 0.0019758 secs] [Times: user=0.01 sys=0.00, real=0.01 secs] 
3312.859: [GC (Allocation Failure) [PSYoungGen: 62304K->1581K(62976K)] 452595K->391872K(720896K), 0.0017719 secs] [Times: user=0.00 sys=0.00, real=0.00 secs] 
3313.227: [GC (Allocation Failure) [PSYoungGen: 62509K->1517K(62976K)] 452800K->391824K(720896K), 0.0016930 secs] [Times: user=0.01 sys=0.00, real=0.00 secs] 
3313.590: [GC (Allocation Failure) [PSYoungGen: 62445K->1549K(62976K)] 452752K->391856K(720896K), 0.0017094 secs] [Times: user=0.01 sys=0.00, real=0.00 secs] 
3313.955: [GC (Allocation Failure) [PSYoungGen: 62477K->1517K(62976K)] 452784K->391824K(720896K), 0.0018536 secs] [Times: user=0.00 sys=0.00, real=0.01 secs] 
3314.243: [GC (Allocation Failure) [PSYoungGen: 62445K->1456K(62976K)] 452752K->391763K(720896K), 0.0017530 secs] [Times: user=0.00 sys=0.00, real=0.00 secs] 
3314.574: [GC (Allocation Failure) [PSYoungGen: 62384K->1424K(62976K)] 452691K->391731K(720896K), 0.0021483 secs] [Times: user=0.01 sys=0.00, real=0.00 secs] 
3314.827: [GC (Allocation Failure) [PSYoungGen: 62352K->1376K(62976K)] 452659K->391683K(720896K), 0.0020668 secs] [Times: user=0.01 sys=0.00, real=0.00 secs] 
3315.079: [GC (Allocation Failure) [PSYoungGen: 62304K->1376K(62976K)] 452611K->391683K(720896K), 0.0020420 secs] [Times: user=0.01 sys=0.00, real=0.00 secs] 
3315.410: [GC (Allocation Failure) [PSYoungGen: 62304K->1485K(62976K)] 452611K->391792K(720896K), 0.0016828 secs] [Times: user=0.01 sys=0.00, real=0.00 secs] 
3315.775: [GC (Allocation Failure) [PSYoungGen: 62386K->1629K(62976K)] 452693K->391936K(720896K), 0.0017616 secs] [Times: user=0.01 sys=0.00, real=0.01 secs] 
3316.145: [GC (Allocation Failure) [PSYoungGen: 62557K->1568K(62976K)] 452864K->391883K(720896K), 0.0017995 secs] [Times: user=0.00 sys=0.00, real=0.01 secs] 
3316.512: [GC (Allocation Failure) [PSYoungGen: 62496K->1581K(62976K)] 452811K->391896K(720896K), 0.0017650 secs] [Times: user=0.01 sys=0.00, real=0.00 secs] 
3316.934: [GC (Allocation Failure) [PSYoungGen: 62509K->1504K(62976K)] 452824K->391819K(720896K), 0.0018748 secs] [Times: user=0.01 sys=0.00, real=0.01 secs] 
3317.379: [GC (Allocation Failure) [PSYoungGen: 62432K->1376K(62976K)] 452747K->391691K(720896K), 0.0019188 secs] [Times: user=0.01 sys=0.00, real=0.00 secs] 
3317.850: [GC (Allocation Failure) [PSYoungGen: 62304K->1376K(62976K)] 452619K->391691K(720896K), 0.0033426 secs] [Times: user=0.01 sys=0.00, real=0.00 secs] 
3318.299: [GC (Allocation Failure) [PSYoungGen: 62304K->1408K(62976K)] 452619K->391723K(720896K), 0.0030101 secs] [Times: user=0.02 sys=0.00, real=0.00 secs] 
3318.700: [GC (Allocation Failure) [PSYoungGen: 62336K->1392K(62976K)] 452651K->391707K(720896K), 0.0034312 secs] [Times: user=0.02 sys=0.00, real=0.00 secs] 
3319.173: [GC (Allocation Failure) [PSYoungGen: 62320K->1565K(62976K)] 452635K->391880K(720896K), 0.0018843 secs] [Times: user=0.00 sys=0.00, real=0.00 secs] 
3319.537: [GC (Allocation Failure) [PSYoungGen: 62493K->1549K(62976K)] 452808K->391864K(720896K), 0.0018416 secs] [Times: user=0.01 sys=0.00, real=0.00 secs] 
3319.958: [GC (Allocation Failure) [PSYoungGen: 62477K->1549K(62976K)] 452792K->391872K(720896K), 0.0018415 secs] [Times: user=0.01 sys=0.00, real=0.00 secs] 
3320.328: [GC (Allocation Failure) [PSYoungGen: 62477K->1549K(62976K)] 452800K->391872K(720896K), 0.0017726 secs] [Times: user=0.01 sys=0.00, real=0.00 secs] 
3320.679: [GC (Allocation Failure) [PSYoungGen: 62477K->1408K(62976K)] 452800K->391731K(720896K), 0.0029848 secs] [Times: user=0.02 sys=0.00, real=0.00 secs] 
3320.931: [GC (Allocation Failure) [PSYoungGen: 62336K->1376K(62976K)] 452659K->391699K(720896K), 0.0021729 secs] [Times: user=0.01 sys=0.00, real=0.00 secs] 
3321.184: [GC (Allocation Failure) [PSYoungGen: 62304K->1344K(62976K)] 452627K->391667K(720896K), 0.0019656 secs] [Times: user=0.00 sys=0.00, real=0.01 secs] 
3321.484: [GC (Allocation Failure) [PSYoungGen: 62272K->1344K(62976K)] 452595K->391691K(720896K), 0.0021499 secs] [Times: user=0.01 sys=0.00, real=0.00 secs] 
3321.806: [GC (Allocation Failure) [PSYoungGen: 62240K->1501K(62976K)] 452587K->391848K(720896K), 0.0027509 secs] [Times: user=0.01 sys=0.00, real=0.00 secs] 
3322.267: [GC (Allocation Failure) [PSYoungGen: 62429K->1565K(62976K)] 452776K->391912K(720896K), 0.0018611 secs] [Times: user=0.01 sys=0.00, real=0.00 secs] 
3322.632: [GC (Allocation Failure) [PSYoungGen: 62493K->1565K(62976K)] 452840K->391920K(720896K), 0.0016997 secs] [Times: user=0.01 sys=0.00, real=0.00 secs] 
3322.999: [GC (Allocation Failure) [PSYoungGen: 62493K->1565K(62976K)] 452848K->391920K(720896K), 0.0017719 secs] [Times: user=0.01 sys=0.00, real=0.00 secs] 
3323.569: [GC (Allocation Failure) [PSYoungGen: 62002K->2000K(62976K)] 452357K->392355K(720896K), 0.0021674 secs] [Times: user=0.01 sys=0.00, real=0.00 secs] 
3324.300: [GC (Allocation Failure) [PSYoungGen: 62928K->1376K(62976K)] 453283K->391731K(720896K), 0.0042544 secs] [Times: user=0.02 sys=0.00, real=0.00 secs] 
3324.966: [GC (Allocation Failure) [PSYoungGen: 62304K->1360K(62976K)] 452659K->391715K(720896K), 0.0028340 secs] [Times: user=0.01 sys=0.00, real=0.00 secs] 
3325.668: [GC (Allocation Failure) [PSYoungGen: 62288K->1376K(62976K)] 452643K->391731K(720896K), 0.0030620 secs] [Times: user=0.01 sys=0.00, real=0.00 secs] 
3326.175: [GC (Allocation Failure) [PSYoungGen: 62304K->1376K(62976K)] 452659K->391731K(720896K), 0.0029545 secs] [Times: user=0.01 sys=0.00, real=0.01 secs] 
3326.910: [GC (Allocation Failure) [PSYoungGen: 62285K->1517K(62976K)] 452640K->391872K(720896K), 0.0017240 secs] [Times: user=0.00 sys=0.00, real=0.00 secs] 
3327.276: [GC (Allocation Failure) [PSYoungGen: 62445K->1613K(62976K)] 452800K->391968K(720896K), 0.0017730 secs] [Times: user=0.01 sys=0.00, real=0.00 secs] 
3327.642: [GC (Allocation Failure) [PSYoungGen: 62541K->1613K(62976K)] 452896K->391984K(720896K), 0.0018600 secs] [Times: user=0.01 sys=0.00, real=0.00 secs] 
3328.011: [GC (Allocation Failure) [PSYoungGen: 62541K->1597K(62976K)] 452912K->391968K(720896K), 0.0018427 secs] [Times: user=0.01 sys=0.00, real=0.00 secs] 
3328.702: [GC (Allocation Failure) [PSYoungGen: 62525K->1408K(62976K)] 452896K->391779K(720896K), 0.0024098 secs] [Times: user=0.01 sys=0.00, real=0.00 secs] 
3329.251: [GC (Allocation Failure) [PSYoungGen: 62336K->1408K(62976K)] 452707K->391779K(720896K), 0.0045295 secs] [Times: user=0.01 sys=0.00, real=0.00 secs] 
3329.946: [GC (Allocation Failure) [PSYoungGen: 62336K->1360K(62976K)] 452707K->391731K(720896K), 0.0034071 secs] [Times: user=0.02 sys=0.00, real=0.00 secs] 
3330.409: [GC (Allocation Failure) [PSYoungGen: 62288K->1424K(62976K)] 452659K->391795K(720896K), 0.0028631 secs] [Times: user=0.01 sys=0.01, real=0.00 secs] 
3330.996: [GC (Allocation Failure) [PSYoungGen: 62352K->1408K(62976K)] 452723K->391779K(720896K), 0.0028065 secs] [Times: user=0.01 sys=0.00, real=0.00 secs] 
3331.486: [GC (Allocation Failure) [PSYoungGen: 62336K->1565K(62976K)] 452707K->391936K(720896K), 0.0016069 secs] [Times: user=0.01 sys=0.00, real=0.01 secs] 
3331.906: [GC (Allocation Failure) [PSYoungGen: 62493K->1581K(62976K)] 452864K->391960K(720896K), 0.0016911 secs] [Times: user=0.00 sys=0.00, real=0.00 secs] 
3332.330: [GC (Allocation Failure) [PSYoungGen: 62501K->1613K(62976K)] 452881K->391992K(720896K), 0.0017452 secs] [Times: user=0.01 sys=0.00, real=0.00 secs] 
3332.697: [GC (Allocation Failure) [PSYoungGen: 62541K->1533K(62976K)] 452920K->391912K(720896K), 0.0018734 secs] [Times: user=0.00 sys=0.00, real=0.00 secs] 
3333.234: [GC (Allocation Failure) [PSYoungGen: 62461K->1456K(62976K)] 452840K->391851K(720896K), 0.0025092 secs] [Times: user=0.01 sys=0.00, real=0.01 secs] 
3333.478: [GC (Allocation Failure) [PSYoungGen: 62384K->1360K(62976K)] 452779K->391755K(720896K), 0.0020340 secs] [Times: user=0.01 sys=0.00, real=0.00 secs] 
3333.732: [GC (Allocation Failure) [PSYoungGen: 62288K->1376K(62976K)] 452683K->391771K(720896K), 0.0018505 secs] [Times: user=0.01 sys=0.00, real=0.00 secs] 
3333.984: [GC (Allocation Failure) [PSYoungGen: 62304K->1344K(62976K)] 452699K->391739K(720896K), 0.0018732 secs] [Times: user=0.01 sys=0.00, real=0.01 secs] 
3334.285: [GC (Allocation Failure) [PSYoungGen: 62272K->1469K(62976K)] 452667K->391864K(720896K), 0.0016391 secs] [Times: user=0.01 sys=0.00, real=0.01 secs] 
3334.650: [GC (Allocation Failure) [PSYoungGen: 62397K->1517K(62976K)] 452792K->391912K(720896K), 0.0017808 secs] [Times: user=0.01 sys=0.00, real=0.00 secs] 
3335.013: [GC (Allocation Failure) [PSYoungGen: 62445K->1549K(62976K)] 452840K->391960K(720896K), 0.0017802 secs] [Times: user=0.00 sys=0.00, real=0.00 secs] 
3335.378: [GC (Allocation Failure) [PSYoungGen: 62477K->1549K(62976K)] 452888K->391960K(720896K), 0.0017004 secs] [Times: user=0.01 sys=0.00, real=0.00 secs] 
3336.150: [GC (Allocation Failure) [PSYoungGen: 62477K->1456K(62976K)] 452888K->391867K(720896K), 0.0029037 secs] [Times: user=0.01 sys=0.00, real=0.00 secs] 
3336.791: [GC (Allocation Failure) [PSYoungGen: 62384K->1408K(62976K)] 452795K->391819K(720896K), 0.0033245 secs] [Times: user=0.01 sys=0.00, real=0.00 secs] 
3337.146: [GC (Allocation Failure) [PSYoungGen: 62336K->1392K(62976K)] 452747K->391803K(720896K), 0.0021378 secs] [Times: user=0.01 sys=0.00, real=0.01 secs] 
3337.399: [GC (Allocation Failure) [PSYoungGen: 62320K->1376K(62976K)] 452731K->391787K(720896K), 0.0019495 secs] [Times: user=0.01 sys=0.00, real=0.00 secs] 
3337.899: [GC (Allocation Failure) [PSYoungGen: 62304K->1376K(62976K)] 452715K->391787K(720896K), 0.0019674 secs] [Times: user=0.01 sys=0.00, real=0.00 secs] 
3338.341: [GC (Allocation Failure) [PSYoungGen: 62304K->1565K(62976K)] 452715K->391976K(720896K), 0.0017117 secs] [Times: user=0.01 sys=0.00, real=0.00 secs] 
3338.706: [GC (Allocation Failure) [PSYoungGen: 62493K->1549K(62976K)] 452904K->391960K(720896K), 0.0018549 secs] [Times: user=0.01 sys=0.00, real=0.00 secs] 
3339.071: [GC (Allocation Failure) [PSYoungGen: 62477K->1517K(62976K)] 452888K->391944K(720896K), 0.0017624 secs] [Times: user=0.01 sys=0.00, real=0.00 secs] 
3339.494: [GC (Allocation Failure) [PSYoungGen: 62445K->1584K(62976K)] 452872K->392011K(720896K), 0.0017221 secs] [Times: user=0.01 sys=0.00, real=0.00 secs] 
3339.817: [GC (Allocation Failure) [PSYoungGen: 62512K->1424K(62976K)] 452939K->391851K(720896K), 0.0021194 secs] [Times: user=0.01 sys=0.00, real=0.00 secs] 
3340.070: [GC (Allocation Failure) [PSYoungGen: 62352K->1376K(62976K)] 452779K->391803K(720896K), 0.0020694 secs] [Times: user=0.01 sys=0.00, real=0.00 secs] 
3340.324: [GC (Allocation Failure) [PSYoungGen: 62304K->1376K(62976K)] 452731K->391803K(720896K), 0.0020350 secs] [Times: user=0.01 sys=0.00, real=0.01 secs] 
3340.761: [GC (Allocation Failure) [PSYoungGen: 62304K->1376K(62976K)] 452731K->391803K(720896K), 0.0027068 secs] [Times: user=0.01 sys=0.00, real=0.00 secs] 
3341.271: [GC (Allocation Failure) [PSYoungGen: 62304K->1376K(62976K)] 452731K->391803K(720896K), 0.0041741 secs] [Times: user=0.02 sys=0.00, real=0.00 secs] 
3341.831: [GC (Allocation Failure) [PSYoungGen: 62279K->1533K(62976K)] 452706K->391960K(720896K), 0.0017145 secs] [Times: user=0.01 sys=0.00, real=0.00 secs] 
3342.196: [GC (Allocation Failure) [PSYoungGen: 62461K->1549K(62976K)] 452888K->392000K(720896K), 0.0018452 secs] [Times: user=0.01 sys=0.00, real=0.00 secs] 
3342.624: [GC (Allocation Failure) [PSYoungGen: 62477K->1581K(62976K)] 452928K->392032K(720896K), 0.0017389 secs] [Times: user=0.01 sys=0.00, real=0.00 secs] 
3342.993: [GC (Allocation Failure) [PSYoungGen: 62509K->1549K(62976K)] 452960K->392000K(720896K), 0.0017747 secs] [Times: user=0.01 sys=0.00, real=0.00 secs] 
3343.411: [GC (Allocation Failure) [PSYoungGen: 62477K->1408K(62976K)] 452928K->391859K(720896K), 0.0022454 secs] [Times: user=0.01 sys=0.00, real=0.00 secs] 
3343.665: [GC (Allocation Failure) [PSYoungGen: 62336K->1344K(62976K)] 452787K->391795K(720896K), 0.0020205 secs] [Times: user=0.01 sys=0.00, real=0.01 secs] 
3343.918: [GC (Allocation Failure) [PSYoungGen: 62272K->1408K(62976K)] 452723K->391859K(720896K), 0.0023457 secs] [Times: user=0.01 sys=0.00, real=0.00 secs] 
3344.172: [GC (Allocation Failure) [PSYoungGen: 62336K->1408K(62976K)] 452787K->391859K(720896K), 0.0023387 secs] [Times: user=0.01 sys=0.00, real=0.00 secs] 
3344.502: [GC (Allocation Failure) [PSYoungGen: 62336K->1453K(62976K)] 452787K->391904K(720896K), 0.0016375 secs] [Times: user=0.00 sys=0.00, real=0.00 secs] 
3344.867: [GC (Allocation Failure) [PSYoungGen: 62363K->1581K(62976K)] 452814K->392032K(720896K), 0.0017713 secs] [Times: user=0.01 sys=0.00, real=0.00 secs] 
3345.232: [GC (Allocation Failure) [PSYoungGen: 62509K->1549K(62976K)] 452960K->392016K(720896K), 0.0018395 secs] [Times: user=0.01 sys=0.00, real=0.00 secs] 
3345.596: [GC (Allocation Failure) [PSYoungGen: 62477K->1597K(62976K)] 452944K->392064K(720896K), 0.0017897 secs] [Times: user=0.00 sys=0.00, real=0.01 secs] 
3345.974: [GC (Allocation Failure) [PSYoungGen: 62525K->1504K(62976K)] 452992K->391971K(720896K), 0.0022717 secs] [Times: user=0.01 sys=0.00, real=0.01 secs] 
3346.228: [GC (Allocation Failure) [PSYoungGen: 62432K->1376K(62976K)] 452899K->391843K(720896K), 0.0020857 secs] [Times: user=0.01 sys=0.00, real=0.00 secs] 
3346.524: [GC (Allocation Failure) [PSYoungGen: 62304K->1376K(62976K)] 452771K->391843K(720896K), 0.0020591 secs] [Times: user=0.01 sys=0.00, real=0.00 secs] 
3346.777: [GC (Allocation Failure) [PSYoungGen: 62304K->1344K(62976K)] 452771K->391819K(720896K), 0.0020157 secs] [Times: user=0.01 sys=0.00, real=0.00 secs] 
3347.115: [GC (Allocation Failure) [PSYoungGen: 62272K->1408K(62976K)] 452747K->391883K(720896K), 0.0020036 secs] [Times: user=0.01 sys=0.00, real=0.01 secs] 
3347.486: [GC (Allocation Failure) [PSYoungGen: 62336K->1488K(62976K)] 452811K->391963K(720896K), 0.0017257 secs] [Times: user=0.01 sys=0.00, real=0.01 secs] 
3347.852: [GC (Allocation Failure) [PSYoungGen: 62416K->1565K(62976K)] 452891K->392040K(720896K), 0.0018857 secs] [Times: user=0.01 sys=0.00, real=0.00 secs] 
3348.285: [GC (Allocation Failure) [PSYoungGen: 62485K->1581K(62976K)] 452960K->392072K(720896K), 0.0019466 secs] [Times: user=0.01 sys=0.00, real=0.01 secs] 
3348.652: [GC (Allocation Failure) [PSYoungGen: 62509K->1581K(62976K)] 453000K->392072K(720896K), 0.0018482 secs] [Times: user=0.01 sys=0.00, real=0.00 secs] 
3349.265: [GC (Allocation Failure) [PSYoungGen: 62509K->1408K(62976K)] 453000K->391899K(720896K), 0.0043544 secs] [Times: user=0.01 sys=0.00, real=0.01 secs] 
3349.806: [GC (Allocation Failure) [PSYoungGen: 62336K->1360K(62976K)] 452827K->391851K(720896K), 0.0032861 secs] [Times: user=0.01 sys=0.00, real=0.01 secs] 
3350.670: [GC (Allocation Failure) [PSYoungGen: 62288K->1344K(62976K)] 452779K->391835K(720896K), 0.0043744 secs] [Times: user=0.02 sys=0.00, real=0.00 secs] 
3351.215: [GC (Allocation Failure) [PSYoungGen: 62272K->1424K(62976K)] 452763K->391915K(720896K), 0.0033682 secs] [Times: user=0.01 sys=0.00, real=0.01 secs] 
3351.769: [GC (Allocation Failure) [PSYoungGen: 62352K->1469K(62976K)] 452843K->391960K(720896K), 0.0021542 secs] [Times: user=0.01 sys=0.00, real=0.00 secs] 
3352.157: [GC (Allocation Failure) [PSYoungGen: 62397K->1565K(62976K)] 452888K->392080K(720896K), 0.0018210 secs] [Times: user=0.01 sys=0.00, real=0.00 secs] 
3352.521: [GC (Allocation Failure) [PSYoungGen: 62493K->1597K(62976K)] 453008K->392128K(720896K), 0.0018009 secs] [Times: user=0.00 sys=0.00, real=0.00 secs] 
3352.890: [GC (Allocation Failure) [PSYoungGen: 62525K->1520K(62976K)] 453056K->392051K(720896K), 0.0018560 secs] [Times: user=0.00 sys=0.00, real=0.00 secs] 
3353.322: [GC (Allocation Failure) [PSYoungGen: 62448K->2016K(62976K)] 452979K->392547K(720896K), 0.0020342 secs] [Times: user=0.00 sys=0.00, real=0.00 secs] 
3353.577: [GC (Allocation Failure) [PSYoungGen: 62944K->1408K(62976K)] 453475K->391939K(720896K), 0.0020789 secs] [Times: user=0.01 sys=0.00, real=0.00 secs] 
3353.831: [GC (Allocation Failure) [PSYoungGen: 62336K->1360K(62976K)] 452867K->391891K(720896K), 0.0019033 secs] [Times: user=0.01 sys=0.00, real=0.00 secs] 
3354.084: [GC (Allocation Failure) [PSYoungGen: 62288K->1392K(62976K)] 452819K->391923K(720896K), 0.0020595 secs] [Times: user=0.01 sys=0.00, real=0.01 secs] 
3354.338: [GC (Allocation Failure) [PSYoungGen: 62320K->1376K(62976K)] 452851K->391907K(720896K), 0.0021329 secs] [Times: user=0.01 sys=0.00, real=0.00 secs] 
3354.691: [GC (Allocation Failure) [PSYoungGen: 62304K->1565K(62976K)] 452835K->392096K(720896K), 0.0018121 secs] [Times: user=0.00 sys=0.00, real=0.00 secs] 
3355.056: [GC (Allocation Failure) [PSYoungGen: 62493K->1517K(62976K)] 453024K->392048K(720896K), 0.0017221 secs] [Times: user=0.01 sys=0.00, real=0.00 secs] 
3355.484: [GC (Allocation Failure) [PSYoungGen: 62436K->1613K(62976K)] 452967K->392160K(720896K), 0.0018129 secs] [Times: user=0.01 sys=0.00, real=0.00 secs] 
3355.850: [GC (Allocation Failure) [PSYoungGen: 62541K->1613K(62976K)] 453088K->392160K(720896K), 0.0018390 secs] [Times: user=0.01 sys=0.00, real=0.00 secs] 
3356.463: [GC (Allocation Failure) [PSYoungGen: 62541K->1424K(62976K)] 453088K->391971K(720896K), 0.0042725 secs] [Times: user=0.02 sys=0.00, real=0.01 secs] 
3356.908: [GC (Allocation Failure) [PSYoungGen: 62352K->1344K(62976K)] 452899K->391891K(720896K), 0.0025861 secs] [Times: user=0.01 sys=0.00, real=0.00 secs] 
3357.161: [GC (Allocation Failure) [PSYoungGen: 62272K->1376K(62976K)] 452819K->391923K(720896K), 0.0021035 secs] [Times: user=0.01 sys=0.00, real=0.00 secs] 
3357.414: [GC (Allocation Failure) [PSYoungGen: 62304K->1376K(62976K)] 452851K->391923K(720896K), 0.0021174 secs] [Times: user=0.01 sys=0.00, real=0.00 secs] 
3357.667: [GC (Allocation Failure) [PSYoungGen: 62304K->1376K(62976K)] 452851K->391923K(720896K), 0.0019385 secs] [Times: user=0.01 sys=0.00, real=0.00 secs] 
3358.072: [GC (Allocation Failure) [PSYoungGen: 62304K->1581K(62976K)] 452851K->392128K(720896K), 0.0018610 secs] [Times: user=0.00 sys=0.00, real=0.00 secs] 
3358.438: [GC (Allocation Failure) [PSYoungGen: 62509K->1597K(62976K)] 453056K->392152K(720896K), 0.0017627 secs] [Times: user=0.00 sys=0.00, real=0.00 secs] 
3358.803: [GC (Allocation Failure) [PSYoungGen: 62525K->1517K(62976K)] 453080K->392072K(720896K), 0.0016695 secs] [Times: user=0.01 sys=0.00, real=0.00 secs] 
3359.169: [GC (Allocation Failure) [PSYoungGen: 62445K->1552K(62976K)] 453000K->392107K(720896K), 0.0017750 secs] [Times: user=0.01 sys=0.00, real=0.00 secs] 
3359.772: [GC (Allocation Failure) [PSYoungGen: 62480K->1440K(62976K)] 453035K->391995K(720896K), 0.0020592 secs] [Times: user=0.01 sys=0.01, real=0.00 secs] 
3360.116: [GC (Allocation Failure) [PSYoungGen: 62368K->1408K(62976K)] 452923K->391963K(720896K), 0.0027385 secs] [Times: user=0.01 sys=0.00, real=0.00 secs] 
3360.614: [GC (Allocation Failure) [PSYoungGen: 62336K->1408K(62976K)] 452891K->391963K(720896K), 0.0033579 secs] [Times: user=0.02 sys=0.00, real=0.01 secs] 
3361.093: [GC (Allocation Failure) [PSYoungGen: 62336K->1376K(62976K)] 452891K->391931K(720896K), 0.0032681 secs] [Times: user=0.02 sys=0.00, real=0.00 secs] 
3361.653: [GC (Allocation Failure) [PSYoungGen: 62304K->1469K(62976K)] 452859K->392024K(720896K), 0.0020530 secs] [Times: user=0.01 sys=0.00, real=0.00 secs] 
3362.021: [GC (Allocation Failure) [PSYoungGen: 62397K->1549K(62976K)] 452952K->392128K(720896K), 0.0017859 secs] [Times: user=0.01 sys=0.00, real=0.00 secs] 
3362.384: [GC (Allocation Failure) [PSYoungGen: 62477K->1517K(62976K)] 453056K->392120K(720896K), 0.0017808 secs] [Times: user=0.01 sys=0.00, real=0.00 secs] 
3362.749: [GC (Allocation Failure) [PSYoungGen: 62445K->1565K(62976K)] 453048K->392168K(720896K), 0.0017360 secs] [Times: user=0.00 sys=0.00, real=0.00 secs] 
3363.161: [GC (Allocation Failure) [PSYoungGen: 62493K->1456K(62976K)] 453096K->392059K(720896K), 0.0017707 secs] [Times: user=0.01 sys=0.00, real=0.00 secs] 
3363.723: [GC (Allocation Failure) [PSYoungGen: 62384K->1344K(62976K)] 452987K->391947K(720896K), 0.0019691 secs] [Times: user=0.01 sys=0.00, real=0.00 secs] 
3364.236: [GC (Allocation Failure) [PSYoungGen: 62272K->1376K(62976K)] 452875K->391979K(720896K), 0.0019908 secs] [Times: user=0.01 sys=0.00, real=0.00 secs] 
3364.775: [GC (Allocation Failure) [PSYoungGen: 62304K->1376K(62976K)] 452907K->391979K(720896K), 0.0019174 secs] [Times: user=0.01 sys=0.00, real=0.01 secs] 
3365.295: [GC (Allocation Failure) [PSYoungGen: 62304K->1344K(62976K)] 452907K->391947K(720896K), 0.0023065 secs] [Times: user=0.01 sys=0.00, real=0.01 secs] 
3365.758: [GC (Allocation Failure) [PSYoungGen: 62272K->1453K(62976K)] 452875K->392056K(720896K), 0.0017712 secs] [Times: user=0.01 sys=0.00, real=0.00 secs] 
3366.122: [GC (Allocation Failure) [PSYoungGen: 62381K->1504K(62976K)] 452984K->392107K(720896K), 0.0017198 secs] [Times: user=0.01 sys=0.00, real=0.00 secs] 
3366.486: [GC (Allocation Failure) [PSYoungGen: 62432K->1549K(62976K)] 453035K->392168K(720896K), 0.0018477 secs] [Times: user=0.01 sys=0.00, real=0.00 secs] 
3366.851: [GC (Allocation Failure) [PSYoungGen: 62477K->1517K(62976K)] 453096K->392136K(720896K), 0.0017071 secs] [Times: user=0.01 sys=0.00, real=0.00 secs] 
3367.172: [GC (Allocation Failure) [PSYoungGen: 62445K->1392K(62976K)] 453064K->392011K(720896K), 0.0019328 secs] [Times: user=0.01 sys=0.00, real=0.00 secs] 
3367.810: [GC (Allocation Failure) [PSYoungGen: 62320K->1392K(62976K)] 452939K->392011K(720896K), 0.0021481 secs] [Times: user=0.01 sys=0.00, real=0.00 secs] 
3368.484: [GC (Allocation Failure) [PSYoungGen: 62320K->1344K(62976K)] 452939K->391963K(720896K), 0.0020587 secs] [Times: user=0.01 sys=0.00, real=0.00 secs] 
3369.294: [GC (Allocation Failure) [PSYoungGen: 62272K->1424K(62976K)] 452891K->392059K(720896K), 0.0022205 secs] [Times: user=0.01 sys=0.00, real=0.00 secs] 
3370.089: [GC (Allocation Failure) [PSYoungGen: 62328K->1421K(62976K)] 452963K->392056K(720896K), 0.0023493 secs] [Times: user=0.01 sys=0.00, real=0.00 secs] 
3370.505: [GC (Allocation Failure) [PSYoungGen: 62349K->1565K(62976K)] 452984K->392200K(720896K), 0.0018066 secs] [Times: user=0.00 sys=0.00, real=0.01 secs] 
3370.869: [GC (Allocation Failure) [PSYoungGen: 62493K->1600K(62976K)] 453128K->392243K(720896K), 0.0017381 secs] [Times: user=0.01 sys=0.00, real=0.00 secs] 
3371.237: [GC (Allocation Failure) [PSYoungGen: 62528K->1565K(62976K)] 453171K->392208K(720896K), 0.0017966 secs] [Times: user=0.01 sys=0.00, real=0.00 secs] 
3371.600: [GC (Allocation Failure) [PSYoungGen: 62271K->288K(62976K)] 452914K->390931K(720896K), 0.0014089 secs] [Times: user=0.01 sys=0.00, real=0.00 secs] 
3371.978: [GC (Allocation Failure) [PSYoungGen: 61216K->1376K(62976K)] 451859K->392035K(720896K), 0.0019017 secs] [Times: user=0.01 sys=0.00, real=0.00 secs] 
3372.509: [GC (Allocation Failure) [PSYoungGen: 62304K->1376K(62976K)] 452963K->392035K(720896K), 0.0020420 secs] [Times: user=0.01 sys=0.00, real=0.00 secs] 
3373.226: [GC (Allocation Failure) [PSYoungGen: 62304K->1376K(62976K)] 452963K->392051K(720896K), 0.0033853 secs] [Times: user=0.01 sys=0.00, real=0.01 secs] 
3373.984: [GC (Allocation Failure) [PSYoungGen: 62304K->1376K(62976K)] 452979K->392051K(720896K), 0.0034498 secs] [Times: user=0.02 sys=0.00, real=0.01 secs] 
3374.745: [GC (Allocation Failure) [PSYoungGen: 62304K->1517K(62976K)] 452979K->392192K(720896K), 0.0017431 secs] [Times: user=0.00 sys=0.00, real=0.01 secs] 
3375.112: [GC (Allocation Failure) [PSYoungGen: 62445K->1581K(62976K)] 453120K->392256K(720896K), 0.0018167 secs] [Times: user=0.01 sys=0.00, real=0.00 secs] 
3375.477: [GC (Allocation Failure) [PSYoungGen: 62509K->1565K(62976K)] 453184K->392256K(720896K), 0.0017731 secs] [Times: user=0.01 sys=0.00, real=0.00 secs] 
3375.910: [GC (Allocation Failure) [PSYoungGen: 62493K->1533K(62976K)] 453184K->392224K(720896K), 0.0017891 secs] [Times: user=0.00 sys=0.00, real=0.00 secs] 
3376.447: [GC (Allocation Failure) [PSYoungGen: 62461K->1520K(62976K)] 453152K->392211K(720896K), 0.0020126 secs] [Times: user=0.01 sys=0.00, real=0.00 secs] 
3377.304: [GC (Allocation Failure) [PSYoungGen: 62448K->1376K(62976K)] 453139K->392067K(720896K), 0.0027168 secs] [Times: user=0.01 sys=0.00, real=0.01 secs] 
3378.111: [GC (Allocation Failure) [PSYoungGen: 62304K->1344K(62976K)] 452995K->392051K(720896K), 0.0028655 secs] [Times: user=0.01 sys=0.00, real=0.00 secs] 
3378.700: [GC (Allocation Failure) [PSYoungGen: 62272K->1376K(62976K)] 452979K->392083K(720896K), 0.0025355 secs] [Times: user=0.01 sys=0.00, real=0.00 secs] 
3379.225: [GC (Allocation Failure) [PSYoungGen: 62304K->1376K(62976K)] 453011K->392083K(720896K), 0.0025033 secs] [Times: user=0.01 sys=0.00, real=0.01 secs] 
3379.702: [GC (Allocation Failure) [PSYoungGen: 62299K->1517K(62976K)] 453006K->392224K(720896K), 0.0016853 secs] [Times: user=0.01 sys=0.00, real=0.00 secs] 
3380.069: [GC (Allocation Failure) [PSYoungGen: 62445K->1517K(62976K)] 453152K->392240K(720896K), 0.0017147 secs] [Times: user=0.01 sys=0.00, real=0.00 secs] 
3380.433: [GC (Allocation Failure) [PSYoungGen: 62445K->1549K(62976K)] 453168K->392280K(720896K), 0.0016363 secs] [Times: user=0.01 sys=0.00, real=0.00 secs] 
3380.801: [GC (Allocation Failure) [PSYoungGen: 62477K->1565K(62976K)] 453208K->392296K(720896K), 0.0017867 secs] [Times: user=0.01 sys=0.00, real=0.00 secs] 
3382.110: [GC (Allocation Failure) [PSYoungGen: 62493K->1440K(62976K)] 453224K->392171K(720896K), 0.0026377 secs] [Times: user=0.01 sys=0.00, real=0.00 secs] 
3383.040: [GC (Allocation Failure) [PSYoungGen: 62368K->1440K(62976K)] 453099K->392171K(720896K), 0.0042287 secs] [Times: user=0.02 sys=0.00, real=0.00 secs] 
3384.016: [GC (Allocation Failure) [PSYoungGen: 62368K->1392K(62976K)] 453099K->392123K(720896K), 0.0036334 secs] [Times: user=0.01 sys=0.00, real=0.01 secs] 
3384.670: [GC (Allocation Failure) [PSYoungGen: 62320K->1408K(62976K)] 453051K->392139K(720896K), 0.0034295 secs] [Times: user=0.02 sys=0.00, real=0.00 secs] 
3385.389: [GC (Allocation Failure) [PSYoungGen: 62336K->1517K(62976K)] 453067K->392248K(720896K), 0.0024021 secs] [Times: user=0.01 sys=0.00, real=0.00 secs] 
3385.884: [GC (Allocation Failure) [PSYoungGen: 62445K->1517K(62976K)] 453176K->392256K(720896K), 0.0018887 secs] [Times: user=0.01 sys=0.00, real=0.00 secs] 
3386.247: [GC (Allocation Failure) [PSYoungGen: 62445K->1613K(62976K)] 453184K->392360K(720896K), 0.0018234 secs] [Times: user=0.00 sys=0.00, real=0.00 secs] 
3386.674: [GC (Allocation Failure) [PSYoungGen: 62541K->1565K(62976K)] 453288K->392312K(720896K), 0.0017984 secs] [Times: user=0.00 sys=0.00, real=0.00 secs] 
3387.046: [GC (Allocation Failure) [PSYoungGen: 62493K->2032K(62976K)] 453240K->392779K(720896K), 0.0018017 secs] [Times: user=0.01 sys=0.00, real=0.01 secs] 
3387.306: [GC (Allocation Failure) [PSYoungGen: 62960K->1312K(62976K)] 453707K->392059K(720896K), 0.0028602 secs] [Times: user=0.01 sys=0.00, real=0.01 secs] 
3387.554: [GC (Allocation Failure) [PSYoungGen: 62240K->1408K(62976K)] 452987K->392155K(720896K), 0.0020710 secs] [Times: user=0.01 sys=0.00, real=0.01 secs] 
3387.808: [GC (Allocation Failure) [PSYoungGen: 62336K->1376K(62976K)] 453083K->392123K(720896K), 0.0021137 secs] [Times: user=0.01 sys=0.00, real=0.00 secs] 
3388.060: [GC (Allocation Failure) [PSYoungGen: 62304K->1408K(62976K)] 453051K->392155K(720896K), 0.0018853 secs] [Times: user=0.01 sys=0.00, real=0.00 secs] 
3388.401: [GC (Allocation Failure) [PSYoungGen: 62336K->1517K(62976K)] 453083K->392264K(720896K), 0.0017556 secs] [Times: user=0.01 sys=0.00, real=0.00 secs] 
3388.769: [GC (Allocation Failure) [PSYoungGen: 62419K->1568K(62976K)] 453166K->392315K(720896K), 0.0018666 secs] [Times: user=0.00 sys=0.00, real=0.00 secs] 
3389.135: [GC (Allocation Failure) [PSYoungGen: 62496K->1552K(62976K)] 453243K->392323K(720896K), 0.0016742 secs] [Times: user=0.01 sys=0.00, real=0.01 secs] 
3389.499: [GC (Allocation Failure) [PSYoungGen: 62480K->1597K(62976K)] 453251K->392368K(720896K), 0.0018496 secs] [Times: user=0.01 sys=0.00, real=0.00 secs] 
3389.859: [GC (Allocation Failure) [PSYoungGen: 62525K->1504K(62976K)] 453296K->392275K(720896K), 0.0020483 secs] [Times: user=0.01 sys=0.00, real=0.00 secs] 
3390.113: [GC (Allocation Failure) [PSYoungGen: 62432K->1408K(62976K)] 453203K->392179K(720896K), 0.0019703 secs] [Times: user=0.01 sys=0.00, real=0.00 secs] 
3390.366: [GC (Allocation Failure) [PSYoungGen: 62336K->1408K(62976K)] 453107K->392179K(720896K), 0.0019618 secs] [Times: user=0.00 sys=0.00, real=0.01 secs] 
3390.664: [GC (Allocation Failure) [PSYoungGen: 62336K->1344K(62976K)] 453107K->392131K(720896K), 0.0024865 secs] [Times: user=0.01 sys=0.00, real=0.01 secs] 
3390.918: [GC (Allocation Failure) [PSYoungGen: 62272K->1360K(62976K)] 453059K->392147K(720896K), 0.0020885 secs] [Times: user=0.01 sys=0.00, real=0.00 secs] 
3391.294: [GC (Allocation Failure) [PSYoungGen: 62260K->1517K(62976K)] 453047K->392304K(720896K), 0.0017041 secs] [Times: user=0.01 sys=0.00, real=0.00 secs] 
3391.659: [GC (Allocation Failure) [PSYoungGen: 62445K->1517K(62976K)] 453232K->392320K(720896K), 0.0018444 secs] [Times: user=0.01 sys=0.00, real=0.00 secs] 
3392.024: [GC (Allocation Failure) [PSYoungGen: 62445K->1533K(62976K)] 453248K->392336K(720896K), 0.0024538 secs] [Times: user=0.01 sys=0.00, real=0.01 secs] 
3392.477: [GC (Allocation Failure) [PSYoungGen: 62461K->1533K(62976K)] 453264K->392336K(720896K), 0.0017888 secs] [Times: user=0.01 sys=0.00, real=0.00 secs] 
3393.122: [GC (Allocation Failure) [PSYoungGen: 62461K->1376K(62976K)] 453264K->392179K(720896K), 0.0026242 secs] [Times: user=0.01 sys=0.00, real=0.00 secs] 
3393.381: [GC (Allocation Failure) [PSYoungGen: 62304K->1408K(62976K)] 453107K->392211K(720896K), 0.0020370 secs] [Times: user=0.01 sys=0.00, real=0.00 secs] 
3393.706: [GC (Allocation Failure) [PSYoungGen: 62336K->1376K(62976K)] 453139K->392179K(720896K), 0.0020251 secs] [Times: user=0.01 sys=0.00, real=0.01 secs] 
3394.096: [GC (Allocation Failure) [PSYoungGen: 62304K->1344K(62976K)] 453107K->392147K(720896K), 0.0019684 secs] [Times: user=0.00 sys=0.00, real=0.00 secs] 
3394.654: [GC (Allocation Failure) [PSYoungGen: 62272K->1504K(62976K)] 453075K->392307K(720896K), 0.0017579 secs] [Times: user=0.01 sys=0.00, real=0.00 secs] 
3395.020: [GC (Allocation Failure) [PSYoungGen: 62432K->1549K(62976K)] 453235K->392352K(720896K), 0.0018324 secs] [Times: user=0.01 sys=0.00, real=0.00 secs] 
3395.444: [GC (Allocation Failure) [PSYoungGen: 62477K->1581K(62976K)] 453280K->392392K(720896K), 0.0018501 secs] [Times: user=0.00 sys=0.00, real=0.00 secs] 
3395.808: [GC (Allocation Failure) [PSYoungGen: 62509K->1517K(62976K)] 453320K->392328K(720896K), 0.0018241 secs] [Times: user=0.01 sys=0.00, real=0.00 secs] 
3396.208: [GC (Allocation Failure) [PSYoungGen: 62445K->1504K(62976K)] 453256K->392315K(720896K), 0.0022682 secs] [Times: user=0.01 sys=0.00, real=0.00 secs] 
3396.522: [GC (Allocation Failure) [PSYoungGen: 62432K->1376K(62976K)] 453243K->392187K(720896K), 0.0023071 secs] [Times: user=0.01 sys=0.00, real=0.00 secs] 
3396.778: [GC (Allocation Failure) [PSYoungGen: 62304K->1408K(62976K)] 453115K->392219K(720896K), 0.0019996 secs] [Times: user=0.01 sys=0.00, real=0.00 secs] 
3397.092: [GC (Allocation Failure) [PSYoungGen: 62336K->1376K(62976K)] 453147K->392187K(720896K), 0.0020584 secs] [Times: user=0.01 sys=0.00, real=0.00 secs] 
3397.356: [GC (Allocation Failure) [PSYoungGen: 62304K->1376K(62976K)] 453115K->392187K(720896K), 0.0020011 secs] [Times: user=0.00 sys=0.00, real=0.00 secs] 
3397.738: [GC (Allocation Failure) [PSYoungGen: 62304K->1488K(62976K)] 453115K->392299K(720896K), 0.0017203 secs] [Times: user=0.01 sys=0.00, real=0.00 secs] 
3398.103: [GC (Allocation Failure) [PSYoungGen: 62416K->1565K(62976K)] 453227K->392376K(720896K), 0.0018185 secs] [Times: user=0.01 sys=0.00, real=0.00 secs] 
3398.471: [GC (Allocation Failure) [PSYoungGen: 62493K->1600K(62976K)] 453304K->392435K(720896K), 0.0017571 secs] [Times: user=0.01 sys=0.00, real=0.00 secs] 
3398.837: [GC (Allocation Failure) [PSYoungGen: 62528K->1517K(62976K)] 453363K->392352K(720896K), 0.0017719 secs] [Times: user=0.00 sys=0.00, real=0.00 secs] 
3399.204: [GC (Allocation Failure) [PSYoungGen: 62445K->1440K(62976K)] 453280K->392275K(720896K), 0.0019959 secs] [Times: user=0.01 sys=0.00, real=0.00 secs] 
3399.661: [GC (Allocation Failure) [PSYoungGen: 62368K->1344K(62976K)] 453203K->392179K(720896K), 0.0019720 secs] [Times: user=0.01 sys=0.00, real=0.00 secs] 
3400.149: [GC (Allocation Failure) [PSYoungGen: 62272K->1408K(62976K)] 453107K->392243K(720896K), 0.0033054 secs] [Times: user=0.01 sys=0.00, real=0.00 secs] 
3400.615: [GC (Allocation Failure) [PSYoungGen: 62336K->1344K(62976K)] 453171K->392179K(720896K), 0.0025720 secs] [Times: user=0.00 sys=0.00, real=0.01 secs] 
3401.121: [GC (Allocation Failure) [PSYoungGen: 62272K->1440K(62976K)] 453107K->392275K(720896K), 0.0032785 secs] [Times: user=0.01 sys=0.00, real=0.00 secs] 
3401.575: [GC (Allocation Failure) [PSYoungGen: 62368K->1565K(62976K)] 453203K->392424K(720896K), 0.0017475 secs] [Times: user=0.01 sys=0.00, real=0.01 secs] 
3401.938: [GC (Allocation Failure) [PSYoungGen: 62493K->1629K(62976K)] 453352K->392504K(720896K), 0.0018218 secs] [Times: user=0.01 sys=0.00, real=0.00 secs] 
3402.308: [GC (Allocation Failure) [PSYoungGen: 62557K->1613K(62976K)] 453432K->392488K(720896K), 0.0015901 secs] [Times: user=0.01 sys=0.00, real=0.00 secs] 
3402.702: [GC (Allocation Failure) [PSYoungGen: 62541K->1552K(62976K)] 453416K->392427K(720896K), 0.0018051 secs] [Times: user=0.01 sys=0.00, real=0.00 secs] 
3403.356: [GC (Allocation Failure) [PSYoungGen: 62480K->1392K(62976K)] 453355K->392267K(720896K), 0.0018921 secs] [Times: user=0.01 sys=0.00, real=0.00 secs] 
3404.108: [GC (Allocation Failure) [PSYoungGen: 62320K->1376K(62976K)] 453195K->392251K(720896K), 0.0019945 secs] [Times: user=0.01 sys=0.00, real=0.00 secs] 
3404.745: [GC (Allocation Failure) [PSYoungGen: 62304K->1344K(62976K)] 453179K->392219K(720896K), 0.0020857 secs] [Times: user=0.01 sys=0.00, real=0.01 secs] 
3405.233: [GC (Allocation Failure) [PSYoungGen: 62272K->1344K(62976K)] 453147K->392219K(720896K), 0.0021286 secs] [Times: user=0.01 sys=0.00, real=0.00 secs] 
3405.756: [GC (Allocation Failure) [PSYoungGen: 62272K->1453K(62976K)] 453147K->392328K(720896K), 0.0017032 secs] [Times: user=0.01 sys=0.00, real=0.00 secs] 
3406.121: [GC (Allocation Failure) [PSYoungGen: 62381K->1517K(62976K)] 453256K->392392K(720896K), 0.0017591 secs] [Times: user=0.00 sys=0.00, real=0.00 secs] 
3406.487: [GC (Allocation Failure) [PSYoungGen: 62445K->1549K(62976K)] 453320K->392440K(720896K), 0.0017776 secs] [Times: user=0.01 sys=0.00, real=0.00 secs] 
3406.854: [GC (Allocation Failure) [PSYoungGen: 62477K->1549K(62976K)] 453368K->392440K(720896K), 0.0017045 secs] [Times: user=0.00 sys=0.00, real=0.00 secs] 
3407.435: [GC (Allocation Failure) [PSYoungGen: 62477K->1472K(62976K)] 453368K->392363K(720896K), 0.0019034 secs] [Times: user=0.01 sys=0.00, real=0.01 secs] 
3408.169: [GC (Allocation Failure) [PSYoungGen: 62400K->1376K(62976K)] 453291K->392267K(720896K), 0.0042122 secs] [Times: user=0.02 sys=0.00, real=0.00 secs] 
3408.792: [GC (Allocation Failure) [PSYoungGen: 62304K->1344K(62976K)] 453195K->392235K(720896K), 0.0029889 secs] [Times: user=0.01 sys=0.00, real=0.00 secs] 
3409.488: [GC (Allocation Failure) [PSYoungGen: 62272K->1344K(62976K)] 453163K->392235K(720896K), 0.0032639 secs] [Times: user=0.01 sys=0.00, real=0.00 secs] 
3410.202: [GC (Allocation Failure) [PSYoungGen: 62272K->1392K(62976K)] 453163K->392283K(720896K), 0.0033695 secs] [Times: user=0.01 sys=0.00, real=0.00 secs] 
3410.739: [GC (Allocation Failure) [PSYoungGen: 62318K->1517K(62976K)] 453209K->392408K(720896K), 0.0017603 secs] [Times: user=0.01 sys=0.00, real=0.00 secs] 
3411.105: [GC (Allocation Failure) [PSYoungGen: 62445K->1597K(62976K)] 453336K->392504K(720896K), 0.0017348 secs] [Times: user=0.00 sys=0.00, real=0.01 secs] 
3411.468: [GC (Allocation Failure) [PSYoungGen: 62525K->1549K(62976K)] 453432K->392456K(720896K), 0.0017866 secs] [Times: user=0.01 sys=0.00, real=0.00 secs] 
3411.834: [GC (Allocation Failure) [PSYoungGen: 62477K->1549K(62976K)] 453384K->392456K(720896K), 0.0018022 secs] [Times: user=0.01 sys=0.00, real=0.00 secs] 
3412.169: [GC (Allocation Failure) [PSYoungGen: 62477K->1440K(62976K)] 453384K->392347K(720896K), 0.0021052 secs] [Times: user=0.01 sys=0.00, real=0.00 secs] 
3412.428: [GC (Allocation Failure) [PSYoungGen: 62368K->1376K(62976K)] 453275K->392283K(720896K), 0.0020242 secs] [Times: user=0.01 sys=0.00, real=0.00 secs] 
3412.915: [GC (Allocation Failure) [PSYoungGen: 62304K->1408K(62976K)] 453211K->392323K(720896K), 0.0020117 secs] [Times: user=0.00 sys=0.00, real=0.01 secs] 
3413.594: [GC (Allocation Failure) [PSYoungGen: 62336K->1376K(62976K)] 453251K->392291K(720896K), 0.0023670 secs] [Times: user=0.01 sys=0.00, real=0.01 secs] 
3414.302: [GC (Allocation Failure) [PSYoungGen: 62304K->1469K(62976K)] 453219K->392384K(720896K), 0.0022579 secs] [Times: user=0.01 sys=0.00, real=0.00 secs] 
3414.692: [GC (Allocation Failure) [PSYoungGen: 62368K->1613K(62976K)] 453283K->392528K(720896K), 0.0017605 secs] [Times: user=0.01 sys=0.00, real=0.00 secs] 
3415.057: [GC (Allocation Failure) [PSYoungGen: 62541K->1533K(62976K)] 453456K->392464K(720896K), 0.0017632 secs] [Times: user=0.01 sys=0.00, real=0.00 secs] 
3415.422: [GC (Allocation Failure) [PSYoungGen: 62461K->1597K(62976K)] 453392K->392528K(720896K), 0.0017422 secs] [Times: user=0.01 sys=0.00, real=0.00 secs] 
3415.875: [GC (Allocation Failure) [PSYoungGen: 62525K->2000K(62976K)] 453456K->393443K(720896K), 0.0021663 secs] [Times: user=0.01 sys=0.00, real=0.01 secs] 
3416.207: [GC (Allocation Failure) [PSYoungGen: 62928K->1408K(62976K)] 454371K->392851K(720896K), 0.0021533 secs] [Times: user=0.01 sys=0.00, real=0.00 secs] 
3416.470: [GC (Allocation Failure) [PSYoungGen: 62336K->1376K(62976K)] 453779K->392819K(720896K), 0.0020845 secs] [Times: user=0.01 sys=0.00, real=0.00 secs] 
3416.731: [GC (Allocation Failure) [PSYoungGen: 62304K->1376K(62976K)] 453747K->392819K(720896K), 0.0020688 secs] [Times: user=0.01 sys=0.00, real=0.00 secs] 
3416.991: [GC (Allocation Failure) [PSYoungGen: 62304K->1376K(62976K)] 453747K->392819K(720896K), 0.0021429 secs] [Times: user=0.01 sys=0.00, real=0.00 secs] 
3417.341: [GC (Allocation Failure) [PSYoungGen: 62304K->1485K(62976K)] 453747K->392928K(720896K), 0.0017573 secs] [Times: user=0.01 sys=0.00, real=0.00 secs] 
3417.706: [GC (Allocation Failure) [PSYoungGen: 62413K->1581K(62976K)] 453856K->393024K(720896K), 0.0018093 secs] [Times: user=0.01 sys=0.00, real=0.01 secs] 
3418.069: [GC (Allocation Failure) [PSYoungGen: 62481K->1597K(62976K)] 453924K->393048K(720896K), 0.0017497 secs] [Times: user=0.01 sys=0.00, real=0.00 secs] 
3418.438: [GC (Allocation Failure) [PSYoungGen: 62525K->1504K(62976K)] 453976K->392955K(720896K), 0.0017968 secs] [Times: user=0.01 sys=0.00, real=0.00 secs] 
3419.128: [GC (Allocation Failure) [PSYoungGen: 62432K->1504K(62976K)] 453883K->392955K(720896K), 0.0021429 secs] [Times: user=0.01 sys=0.00, real=0.00 secs] 
3419.921: [GC (Allocation Failure) [PSYoungGen: 62432K->1392K(62976K)] 453883K->392843K(720896K), 0.0027537 secs] [Times: user=0.01 sys=0.00, real=0.00 secs] 
3420.345: [GC (Allocation Failure) [PSYoungGen: 62320K->1344K(62976K)] 453771K->392795K(720896K), 0.0021545 secs] [Times: user=0.01 sys=0.00, real=0.01 secs] 
3420.598: [GC (Allocation Failure) [PSYoungGen: 62272K->1392K(62976K)] 453723K->392843K(720896K), 0.0020561 secs] [Times: user=0.01 sys=0.00, real=0.00 secs] 
3420.887: [GC (Allocation Failure) [PSYoungGen: 62320K->1408K(62976K)] 453771K->392859K(720896K), 0.0020375 secs] [Times: user=0.01 sys=0.00, real=0.00 secs] 
3421.309: [GC (Allocation Failure) [PSYoungGen: 62336K->1501K(62976K)] 453787K->392952K(720896K), 0.0018312 secs] [Times: user=0.01 sys=0.00, real=0.00 secs] 
3421.673: [GC (Allocation Failure) [PSYoungGen: 62429K->1565K(62976K)] 453880K->393048K(720896K), 0.0017417 secs] [Times: user=0.01 sys=0.00, real=0.00 secs] 
3422.041: [GC (Allocation Failure) [PSYoungGen: 62493K->1485K(62976K)] 453976K->392968K(720896K), 0.0016984 secs] [Times: user=0.01 sys=0.00, real=0.00 secs] 
3422.405: [GC (Allocation Failure) [PSYoungGen: 62413K->1581K(62976K)] 453896K->393064K(720896K), 0.0017809 secs] [Times: user=0.01 sys=0.00, real=0.01 secs] 
3423.094: [GC (Allocation Failure) [PSYoungGen: 62509K->1408K(62976K)] 453992K->392891K(720896K), 0.0023962 secs] [Times: user=0.01 sys=0.00, real=0.01 secs] 
3423.388: [GC (Allocation Failure) [PSYoungGen: 62336K->1376K(62976K)] 453819K->392859K(720896K), 0.0021231 secs] [Times: user=0.01 sys=0.00, real=0.00 secs] 
3423.652: [GC (Allocation Failure) [PSYoungGen: 62304K->1344K(62976K)] 453787K->392827K(720896K), 0.0022160 secs] [Times: user=0.01 sys=0.00, real=0.00 secs] 
3423.905: [GC (Allocation Failure) [PSYoungGen: 62272K->1392K(62976K)] 453755K->392875K(720896K), 0.0020844 secs] [Times: user=0.01 sys=0.00, real=0.01 secs] 
3424.239: [GC (Allocation Failure) [PSYoungGen: 62320K->1501K(62976K)] 453803K->392984K(720896K), 0.0017371 secs] [Times: user=0.01 sys=0.01, real=0.00 secs] 
3424.604: [GC (Allocation Failure) [PSYoungGen: 62416K->1549K(62976K)] 453899K->393032K(720896K), 0.0017150 secs] [Times: user=0.01 sys=0.00, real=0.00 secs] 
3424.971: [GC (Allocation Failure) [PSYoungGen: 62477K->1549K(62976K)] 453960K->393048K(720896K), 0.0017822 secs] [Times: user=0.01 sys=0.00, real=0.00 secs] 
3425.334: [GC (Allocation Failure) [PSYoungGen: 62477K->1565K(62976K)] 453976K->393064K(720896K), 0.0017683 secs] [Times: user=0.01 sys=0.00, real=0.00 secs] 
3425.837: [GC (Allocation Failure) [PSYoungGen: 62493K->1504K(62976K)] 453992K->393003K(720896K), 0.0020901 secs] [Times: user=0.00 sys=0.00, real=0.00 secs] 
3426.314: [GC (Allocation Failure) [PSYoungGen: 62432K->1392K(62976K)] 453931K->392891K(720896K), 0.0021136 secs] [Times: user=0.01 sys=0.00, real=0.01 secs] 
3426.603: [GC (Allocation Failure) [PSYoungGen: 62320K->1408K(62976K)] 453819K->392907K(720896K), 0.0020747 secs] [Times: user=0.01 sys=0.00, real=0.00 secs] 
3426.911: [GC (Allocation Failure) [PSYoungGen: 62336K->1376K(62976K)] 453835K->392875K(720896K), 0.0021352 secs] [Times: user=0.00 sys=0.00, real=0.00 secs] 
3427.220: [GC (Allocation Failure) [PSYoungGen: 62304K->1376K(62976K)] 453803K->392875K(720896K), 0.0020331 secs] [Times: user=0.01 sys=0.00, real=0.00 secs] 
3427.594: [GC (Allocation Failure) [PSYoungGen: 62304K->1533K(62976K)] 453803K->393032K(720896K), 0.0017543 secs] [Times: user=0.01 sys=0.00, real=0.00 secs] 
3427.959: [GC (Allocation Failure) [PSYoungGen: 62461K->1597K(62976K)] 453960K->393096K(720896K), 0.0018533 secs] [Times: user=0.01 sys=0.00, real=0.00 secs] 
3428.323: [GC (Allocation Failure) [PSYoungGen: 62500K->1629K(62976K)] 453999K->393136K(720896K), 0.0017807 secs] [Times: user=0.01 sys=0.00, real=0.00 secs] 
3428.692: [GC (Allocation Failure) [PSYoungGen: 62557K->1549K(62976K)] 454064K->393056K(720896K), 0.0017578 secs] [Times: user=0.01 sys=0.00, real=0.00 secs] 
3429.115: [GC (Allocation Failure) [PSYoungGen: 62477K->1408K(62976K)] 453984K->392915K(720896K), 0.0020071 secs] [Times: user=0.01 sys=0.00, real=0.01 secs] 
3429.369: [GC (Allocation Failure) [PSYoungGen: 62336K->1408K(62976K)] 453843K->392915K(720896K), 0.0020491 secs] [Times: user=0.01 sys=0.00, real=0.00 secs] 
3429.622: [GC (Allocation Failure) [PSYoungGen: 62336K->1376K(62976K)] 453843K->392883K(720896K), 0.0020366 secs] [Times: user=0.01 sys=0.00, real=0.00 secs] 
3429.875: [GC (Allocation Failure) [PSYoungGen: 62304K->1376K(62976K)] 453811K->392883K(720896K), 0.0020383 secs] [Times: user=0.01 sys=0.00, real=0.01 secs] 
3430.158: [GC (Allocation Failure) [PSYoungGen: 62304K->1501K(62976K)] 453811K->393008K(720896K), 0.0019743 secs] [Times: user=0.01 sys=0.00, real=0.00 secs] 
3430.532: [GC (Allocation Failure) [PSYoungGen: 62429K->1549K(62976K)] 453936K->393056K(720896K), 0.0016808 secs] [Times: user=0.01 sys=0.00, real=0.00 secs] 
3430.901: [GC (Allocation Failure) [PSYoungGen: 62477K->1600K(62976K)] 453984K->393147K(720896K), 0.0018456 secs] [Times: user=0.00 sys=0.00, real=0.00 secs] 
3431.265: [GC (Allocation Failure) [PSYoungGen: 62514K->1533K(62976K)] 454061K->393080K(720896K), 0.0017360 secs] [Times: user=0.01 sys=0.00, real=0.01 secs] 
3431.657: [GC (Allocation Failure) [PSYoungGen: 62461K->1632K(62976K)] 454008K->393179K(720896K), 0.0019606 secs] [Times: user=0.00 sys=0.00, real=0.00 secs] 
3432.000: [GC (Allocation Failure) [PSYoungGen: 62560K->1408K(62976K)] 454107K->392955K(720896K), 0.0019440 secs] [Times: user=0.00 sys=0.00, real=0.00 secs] 
3432.522: [GC (Allocation Failure) [PSYoungGen: 62336K->1376K(62976K)] 453883K->392923K(720896K), 0.0020685 secs] [Times: user=0.01 sys=0.00, real=0.00 secs] 
3433.082: [GC (Allocation Failure) [PSYoungGen: 62304K->1408K(62976K)] 453851K->392955K(720896K), 0.0021899 secs] [Times: user=0.01 sys=0.00, real=0.00 secs] 
3433.634: [GC (Allocation Failure) [PSYoungGen: 62336K->1344K(62976K)] 453883K->392891K(720896K), 0.0023881 secs] [Times: user=0.01 sys=0.00, real=0.01 secs] 
3434.177: [GC (Allocation Failure) [PSYoungGen: 62272K->1533K(62976K)] 453819K->393080K(720896K), 0.0017003 secs] [Times: user=0.01 sys=0.00, real=0.00 secs] 
3434.543: [GC (Allocation Failure) [PSYoungGen: 62461K->1581K(62976K)] 454008K->393128K(720896K), 0.0017394 secs] [Times: user=0.01 sys=0.00, real=0.00 secs] 
3434.909: [GC (Allocation Failure) [PSYoungGen: 62509K->1533K(62976K)] 454056K->393096K(720896K), 0.0016996 secs] [Times: user=0.01 sys=0.00, real=0.00 secs] 
3435.272: [GC (Allocation Failure) [PSYoungGen: 62461K->1565K(62976K)] 454024K->393128K(720896K), 0.0017782 secs] [Times: user=0.01 sys=0.00, real=0.00 secs] 
3435.624: [GC (Allocation Failure) [PSYoungGen: 62493K->1472K(62976K)] 454056K->393035K(720896K), 0.0018520 secs] [Times: user=0.01 sys=0.00, real=0.00 secs] 
3435.892: [GC (Allocation Failure) [PSYoungGen: 62400K->1408K(62976K)] 453963K->392971K(720896K), 0.0018637 secs] [Times: user=0.01 sys=0.00, real=0.00 secs] 
3436.155: [GC (Allocation Failure) [PSYoungGen: 62336K->1408K(62976K)] 453899K->392971K(720896K), 0.0023825 secs] [Times: user=0.01 sys=0.00, real=0.01 secs] 
3436.410: [GC (Allocation Failure) [PSYoungGen: 62336K->1408K(62976K)] 453899K->392971K(720896K), 0.0025377 secs] [Times: user=0.01 sys=0.00, real=0.00 secs] 
3436.664: [GC (Allocation Failure) [PSYoungGen: 62336K->1392K(62976K)] 453899K->392955K(720896K), 0.0020223 secs] [Times: user=0.00 sys=0.00, real=0.00 secs] 
3437.047: [GC (Allocation Failure) [PSYoungGen: 62320K->1549K(62976K)] 453883K->393112K(720896K), 0.0017031 secs] [Times: user=0.01 sys=0.00, real=0.00 secs] 
3437.412: [GC (Allocation Failure) [PSYoungGen: 62477K->1549K(62976K)] 454040K->393120K(720896K), 0.0016847 secs] [Times: user=0.00 sys=0.00, real=0.00 secs] 
3437.775: [GC (Allocation Failure) [PSYoungGen: 62460K->1597K(62976K)] 454032K->393168K(720896K), 0.0017744 secs] [Times: user=0.01 sys=0.00, real=0.01 secs] 
3438.181: [GC (Allocation Failure) [PSYoungGen: 62525K->1581K(62976K)] 454096K->393152K(720896K), 0.0017828 secs] [Times: user=0.01 sys=0.00, real=0.00 secs] 
3438.744: [GC (Allocation Failure) [PSYoungGen: 62509K->1424K(62976K)] 454080K->392995K(720896K), 0.0021894 secs] [Times: user=0.01 sys=0.00, real=0.00 secs] 
3439.519: [GC (Allocation Failure) [PSYoungGen: 62352K->1376K(62976K)] 453923K->392947K(720896K), 0.0029915 secs] [Times: user=0.01 sys=0.00, real=0.00 secs] 
3440.653: [GC (Allocation Failure) [PSYoungGen: 62304K->1376K(62976K)] 453875K->392947K(720896K), 0.0042090 secs] [Times: user=0.02 sys=0.00, real=0.01 secs] 
3441.775: [GC (Allocation Failure) [PSYoungGen: 62304K->1392K(62976K)] 453875K->392963K(720896K), 0.0044014 secs] [Times: user=0.02 sys=0.00, real=0.01 secs] 
3442.830: [GC (Allocation Failure) [PSYoungGen: 62294K->1453K(62976K)] 453865K->393024K(720896K), 0.0023317 secs] [Times: user=0.01 sys=0.00, real=0.00 secs] 
3443.227: [GC (Allocation Failure) [PSYoungGen: 62381K->1597K(62976K)] 453952K->393168K(720896K), 0.0018242 secs] [Times: user=0.01 sys=0.00, real=0.00 secs] 
3443.658: [GC (Allocation Failure) [PSYoungGen: 62525K->1501K(62976K)] 454096K->393096K(720896K), 0.0017666 secs] [Times: user=0.01 sys=0.00, real=0.00 secs] 
3444.024: [GC (Allocation Failure) [PSYoungGen: 62429K->1581K(62976K)] 454024K->393176K(720896K), 0.0018914 secs] [Times: user=0.01 sys=0.00, real=0.01 secs] 
3444.480: [GC (Allocation Failure) [PSYoungGen: 62509K->1456K(62976K)] 454104K->393051K(720896K), 0.0018319 secs] [Times: user=0.00 sys=0.00, real=0.00 secs] 
3445.100: [GC (Allocation Failure) [PSYoungGen: 62384K->1360K(62976K)] 453979K->392955K(720896K), 0.0033681 secs] [Times: user=0.02 sys=0.00, real=0.00 secs] 
3445.800: [GC (Allocation Failure) [PSYoungGen: 62288K->1440K(62976K)] 453883K->393035K(720896K), 0.0048556 secs] [Times: user=0.02 sys=0.00, real=0.00 secs] 
3446.646: [GC (Allocation Failure) [PSYoungGen: 62368K->1408K(62976K)] 453963K->393003K(720896K), 0.0048354 secs] [Times: user=0.03 sys=0.00, real=0.01 secs] 
3447.147: [GC (Allocation Failure) [PSYoungGen: 62336K->1376K(62976K)] 453931K->392971K(720896K), 0.0032724 secs] [Times: user=0.01 sys=0.00, real=0.00 secs] 
3447.696: [GC (Allocation Failure) [PSYoungGen: 62304K->1485K(62976K)] 453899K->393080K(720896K), 0.0017324 secs] [Times: user=0.01 sys=0.00, real=0.01 secs] 
3448.059: [GC (Allocation Failure) [PSYoungGen: 62413K->1549K(62976K)] 454008K->393144K(720896K), 0.0016867 secs] [Times: user=0.01 sys=0.00, real=0.00 secs] 
3448.425: [GC (Allocation Failure) [PSYoungGen: 62446K->1581K(62976K)] 454041K->393184K(720896K), 0.0017382 secs] [Times: user=0.01 sys=0.00, real=0.01 secs] 
3448.794: [GC (Allocation Failure) [PSYoungGen: 62509K->1517K(62976K)] 454112K->393120K(720896K), 0.0017942 secs] [Times: user=0.01 sys=0.00, real=0.00 secs] 
3449.234: [GC (Allocation Failure) [PSYoungGen: 62445K->1456K(62976K)] 454048K->393059K(720896K), 0.0019494 secs] [Times: user=0.01 sys=0.00, real=0.00 secs] 
3449.589: [GC (Allocation Failure) [PSYoungGen: 62384K->1376K(62976K)] 453987K->392979K(720896K), 0.0019710 secs] [Times: user=0.01 sys=0.00, real=0.00 secs] 
3449.854: [GC (Allocation Failure) [PSYoungGen: 62304K->1376K(62976K)] 453907K->392979K(720896K), 0.0021791 secs] [Times: user=0.01 sys=0.00, real=0.00 secs] 
3450.107: [GC (Allocation Failure) [PSYoungGen: 62304K->1376K(62976K)] 453907K->392979K(720896K), 0.0021556 secs] [Times: user=0.01 sys=0.00, real=0.00 secs] 
3450.360: [GC (Allocation Failure) [PSYoungGen: 62304K->1376K(62976K)] 453907K->392979K(720896K), 0.0021425 secs] [Times: user=0.01 sys=0.00, real=0.00 secs] 
3450.753: [GC (Allocation Failure) [PSYoungGen: 62304K->1533K(62976K)] 453907K->393136K(720896K), 0.0017838 secs] [Times: user=0.01 sys=0.00, real=0.00 secs] 
3451.119: [GC (Allocation Failure) [PSYoungGen: 62461K->1533K(62976K)] 454064K->393152K(720896K), 0.0017294 secs] [Times: user=0.01 sys=0.00, real=0.00 secs] 
3451.483: [GC (Allocation Failure) [PSYoungGen: 62445K->1565K(62976K)] 454064K->393184K(720896K), 0.0018095 secs] [Times: user=0.01 sys=0.00, real=0.00 secs] 
3451.848: [GC (Allocation Failure) [PSYoungGen: 62493K->1536K(62976K)] 454112K->393179K(720896K), 0.0018478 secs] [Times: user=0.01 sys=0.01, real=0.00 secs] 
3453.055: [GC (Allocation Failure) [PSYoungGen: 62464K->2016K(62464K)] 454107K->394675K(720384K), 0.0034833 secs] [Times: user=0.01 sys=0.00, real=0.01 secs] 
3455.844: [GC (Allocation Failure) [PSYoungGen: 62432K->2528K(62976K)] 455091K->401530K(720896K), 0.0063274 secs] [Times: user=0.03 sys=0.00, real=0.01 secs] 
3463.080: [GC (Allocation Failure) [PSYoungGen: 62944K->5088K(57856K)] 461946K->422786K(715776K), 0.0421948 secs] [Times: user=0.18 sys=0.07, real=0.04 secs] 
3466.855: [GC (Allocation Failure) [PSYoungGen: 57824K->12768K(65536K)] 475522K->442770K(723456K), 0.0295291 secs] [Times: user=0.16 sys=0.01, real=0.03 secs] 
3467.030: [GC (Allocation Failure) [PSYoungGen: 65504K->19424K(62976K)] 495506K->464226K(720896K), 0.0182463 secs] [Times: user=0.09 sys=0.01, real=0.02 secs] 
3467.126: [GC (Allocation Failure) [PSYoungGen: 62944K->28640K(72192K)] 507746K->482578K(730112K), 0.0115659 secs] [Times: user=0.05 sys=0.02, real=0.02 secs] 
3467.196: [GC (Allocation Failure) [PSYoungGen: 72160K->37344K(78336K)] 526098K->500498K(736256K), 0.0380076 secs] [Times: user=0.09 sys=0.13, real=0.04 secs] 
3467.317: [GC (Allocation Failure) [PSYoungGen: 78304K->47584K(88576K)] 541458K->517770K(746496K), 0.0213335 secs] [Times: user=0.11 sys=0.02, real=0.02 secs] 
3467.423: [GC (Allocation Failure) [PSYoungGen: 88544K->58848K(95232K)] 558730K->535050K(753152K), 0.0210016 secs] [Times: user=0.08 sys=0.04, real=0.02 secs] 
3467.495: [GC (Allocation Failure) [PSYoungGen: 95200K->71648K(108032K)] 571402K->550382K(765952K), 0.0206696 secs] [Times: user=0.11 sys=0.00, real=0.03 secs] 
3467.588: [GC (Allocation Failure) [PSYoungGen: 108000K->85472K(113664K)] 586734K->565951K(771584K), 0.0318972 secs] [Times: user=0.15 sys=0.03, real=0.03 secs] 
3467.676: [GC (Allocation Failure) [PSYoungGen: 113618K->60416K(129536K)] 594097K->578078K(787456K), 0.0320095 secs] [Times: user=0.18 sys=0.01, real=0.03 secs] 
3471.645: [GC (Allocation Failure) [PSYoungGen: 88576K->38496K(125440K)] 622622K->605535K(783360K), 0.1894240 secs] [Times: user=1.09 sys=0.04, real=0.19 secs] 
3471.905: [GC (Allocation Failure) [PSYoungGen: 72288K->25024K(131584K)] 639327K->619670K(789504K), 0.0428295 secs] [Times: user=0.22 sys=0.03, real=0.05 secs] 
3471.994: [GC (Allocation Failure) [PSYoungGen: 58816K->14560K(131072K)] 653462K->634191K(788992K), 0.0485740 secs] [Times: user=0.29 sys=0.00, real=0.05 secs] 
3472.043: [Full GC (Ergonomics) [PSYoungGen: 14560K->0K(131072K)] [ParOldGen: 619630K->239344K(662016K)] 634191K->239344K(793088K), [Metaspace: 59843K->59754K(1105920K)], 0.5533084 secs] [Times: user=2.46 sys=0.01, real=0.56 secs] 
3472.998: [GC (Allocation Failure) [PSYoungGen: 38164K->16384K(133120K)] 277509K->255728K(795136K), 0.0180235 secs] [Times: user=0.10 sys=0.00, real=0.02 secs] 
3473.691: [GC (Allocation Failure) [PSYoungGen: 57344K->253K(138240K)] 296688K->253822K(800256K), 0.0296475 secs] [Times: user=0.17 sys=0.00, real=0.03 secs] 
3473.987: [GC (Allocation Failure) [PSYoungGen: 49405K->2688K(138240K)] 302974K->256280K(800256K), 0.0113239 secs] [Times: user=0.06 sys=0.00, real=0.01 secs] 
3474.086: [GC (Allocation Failure) [PSYoungGen: 51839K->15040K(137728K)] 305432K->271021K(799744K), 0.0060483 secs] [Times: user=0.03 sys=0.00, real=0.00 secs] 
3474.753: [GC (Allocation Failure) [PSYoungGen: 73920K->24704K(142336K)] 329901K->294441K(804352K), 0.0347809 secs] [Times: user=0.20 sys=0.00, real=0.04 secs] 
3474.957: [GC (Allocation Failure) [PSYoungGen: 83584K->26208K(137728K)] 353321K->318457K(799744K), 0.0198045 secs] [Times: user=0.11 sys=0.00, real=0.02 secs] 
3475.121: [GC (Allocation Failure) [PSYoungGen: 96352K->29888K(142848K)] 388601K->348249K(804864K), 0.0279429 secs] [Times: user=0.16 sys=0.00, real=0.03 secs] 
3475.301: [GC (Allocation Failure) [PSYoungGen: 100032K->33600K(150528K)] 418393K->381793K(812544K), 0.0301094 secs] [Times: user=0.17 sys=0.01, real=0.03 secs] 
3475.475: [GC (Allocation Failure) [PSYoungGen: 117568K->36096K(152064K)] 465761K->417721K(814080K), 0.0214109 secs] [Times: user=0.13 sys=0.00, real=0.03 secs] 
3475.589: [GC (Allocation Failure) [PSYoungGen: 120064K->44608K(165376K)] 501689K->462177K(827392K), 0.0295143 secs] [Times: user=0.18 sys=0.00, real=0.03 secs] 
3475.750: [GC (Allocation Failure) [PSYoungGen: 142400K->41440K(167936K)] 559969K->503461K(829952K), 0.0239903 secs] [Times: user=0.14 sys=0.01, real=0.02 secs] 
3476.700: [GC (Allocation Failure) [PSYoungGen: 139232K->6592K(187904K)] 601253K->510061K(849920K), 0.0635222 secs] [Times: user=0.37 sys=0.01, real=0.06 secs] 
3476.906: [GC (GCLocker Initiated GC) [PSYoungGen: 123840K->39680K(187904K)] 627309K->549350K(849920K), 0.0108160 secs] [Times: user=0.06 sys=0.00, real=0.02 secs] 
3477.125: [GC (Allocation Failure) [PSYoungGen: 156928K->49280K(207360K)] 666602K->596138K(869376K), 0.0278373 secs] [Times: user=0.15 sys=0.02, real=0.03 secs] 
3477.326: [GC (Allocation Failure) [PSYoungGen: 185984K->61632K(210432K)] 732842K->653502K(872448K), 0.0277050 secs] [Times: user=0.17 sys=0.00, real=0.02 secs] 
3477.530: [GC (Allocation Failure) [PSYoungGen: 198336K->80864K(210944K)] 790206K->728466K(872960K), 0.0647511 secs] [Times: user=0.21 sys=0.12, real=0.06 secs] 
3477.595: [Full GC (Ergonomics) [PSYoungGen: 80864K->0K(210944K)] [ParOldGen: 647602K->216602K(696320K)] 728466K->216602K(907264K), [Metaspace: 59983K->59983K(1105920K)], 0.4980952 secs] [Times: user=2.27 sys=0.00, real=0.50 secs] 
3479.039: [GC (Allocation Failure) [PSYoungGen: 130048K->36800K(244224K)] 346650K->253402K(940544K), 0.0500678 secs] [Times: user=0.29 sys=0.00, real=0.05 secs] 
3479.311: [GC (Allocation Failure) [PSYoungGen: 166848K->23392K(254976K)] 383450K->276754K(951296K), 0.0448986 secs] [Times: user=0.22 sys=0.00, real=0.04 secs] 
3479.562: [GC (Allocation Failure) [PSYoungGen: 175456K->62528K(257536K)] 428818K->337087K(953856K), 0.0210581 secs] [Times: user=0.10 sys=0.00, real=0.02 secs] 
3480.787: [GC (Allocation Failure) [PSYoungGen: 214592K->68128K(282112K)] 489151K->400747K(978432K), 0.1177449 secs] [Times: user=0.61 sys=0.09, real=0.11 secs] 
3482.985: [GC (Allocation Failure) [PSYoungGen: 243232K->82624K(284672K)] 575851K->475091K(980992K), 0.0404720 secs] [Times: user=0.24 sys=0.00, real=0.04 secs] 
3484.032: [GC (Allocation Failure) [PSYoungGen: 257728K->30240K(311296K)] 650195K->505043K(1007616K), 0.0520468 secs] [Times: user=0.31 sys=0.00, real=0.05 secs] 
3484.403: [GC (Allocation Failure) [PSYoungGen: 231968K->83296K(315392K)] 706771K->586508K(1011712K), 0.0235845 secs] [Times: user=0.14 sys=0.00, real=0.03 secs] 
3484.681: [GC (Allocation Failure) [PSYoungGen: 285024K->88640K(344576K)] 788236K->670108K(1040896K), 0.0525323 secs] [Times: user=0.25 sys=0.06, real=0.05 secs] 
3485.917: [GC (Allocation Failure) [PSYoungGen: 313408K->72000K(351744K)] 894876K->733248K(1048064K), 0.0481986 secs] [Times: user=0.28 sys=0.01, real=0.04 secs] 
3485.965: [Full GC (Ergonomics) [PSYoungGen: 72000K->0K(351744K)] [ParOldGen: 661248K->252454K(818688K)] 733248K->252454K(1170432K), [Metaspace: 60000K->60000K(1105920K)], 0.5863265 secs] [Times: user=2.59 sys=0.00, real=0.59 secs] 
3488.585: [GC (Allocation Failure) [PSYoungGen: 224768K->72512K(371712K)] 477222K->324966K(1190400K), 0.0157357 secs] [Times: user=0.08 sys=0.01, real=0.02 secs] 
3488.989: [GC (Allocation Failure) [PSYoungGen: 325952K->112000K(378368K)] 578406K->431491K(1197056K), 0.0432444 secs] [Times: user=0.26 sys=0.00, real=0.04 secs] 
3490.339: [GC (Allocation Failure) [PSYoungGen: 365440K->72960K(416256K)] 684931K->496171K(1234944K), 0.0960941 secs] [Times: user=0.54 sys=0.02, real=0.09 secs] 
3492.021: [GC (Allocation Failure) [PSYoungGen: 359680K->114080K(420864K)] 782891K->607847K(1239552K), 0.0407779 secs] [Times: user=0.24 sys=0.00, real=0.04 secs] 
3492.425: [GC (Allocation Failure) [PSYoungGen: 400800K->131104K(452096K)] 894567K->729387K(1270784K), 0.0833884 secs] [Times: user=0.35 sys=0.15, real=0.09 secs] 
3493.798: [GC (Allocation Failure) [PSYoungGen: 437792K->78784K(467456K)] 1036075K->808095K(1286144K), 0.0671729 secs] [Times: user=0.29 sys=0.11, real=0.06 secs] 
3493.865: [Full GC (Ergonomics) [PSYoungGen: 78784K->0K(467456K)] [ParOldGen: 729311K->93733K(752128K)] 808095K->93733K(1219584K), [Metaspace: 60011K->60011K(1105920K)], 0.2060765 secs] [Times: user=0.93 sys=0.00, real=0.21 secs] 
3494.446: [GC (Allocation Failure) [PSYoungGen: 306688K->133600K(487936K)] 400421K->227333K(1240064K), 0.0317033 secs] [Times: user=0.17 sys=0.02, real=0.04 secs] 
3495.973: [GC (Allocation Failure) [PSYoungGen: 468448K->92064K(501760K)] 562181K->319205K(1253888K), 0.1061792 secs] [Times: user=0.63 sys=0.00, real=0.11 secs] 
3496.510: [GC (Allocation Failure) [PSYoungGen: 426912K->145376K(505856K)] 654053K->458726K(1257984K), 0.0556364 secs] [Times: user=0.31 sys=0.02, real=0.05 secs] 
3500.301: [GC (Allocation Failure) [PSYoungGen: 488928K->93216K(521216K)] 802278K->551402K(1273344K), 0.0972998 secs] [Times: user=0.57 sys=0.00, real=0.10 secs] 
3500.829: [GC (Allocation Failure) [PSYoungGen: 436768K->150400K(499200K)] 894954K->696379K(1251328K), 0.0552721 secs] [Times: user=0.32 sys=0.00, real=0.05 secs] 
3503.452: [GC (Allocation Failure) [PSYoungGen: 479616K->86784K(514048K)] 1025595K->783067K(1266176K), 0.1304552 secs] [Times: user=0.77 sys=0.01, real=0.13 secs] 
3503.582: [Full GC (Ergonomics) [PSYoungGen: 86784K->0K(514048K)] [ParOldGen: 696283K->61158K(806912K)] 783067K->61158K(1320960K), [Metaspace: 60017K->60017K(1105920K)], 0.1552751 secs] [Times: user=0.70 sys=0.00, real=0.16 secs] 
3504.208: [GC (Allocation Failure) [PSYoungGen: 329216K->138848K(505344K)] 390374K->200006K(1312256K), 0.0277627 secs] [Times: user=0.16 sys=0.00, real=0.02 secs] 
3505.500: [GC (Allocation Failure) [PSYoungGen: 467040K->102848K(513536K)] 528198K->294490K(1320448K), 0.0846495 secs] [Times: user=0.51 sys=0.00, real=0.08 secs] 
3506.989: [GC (GCLocker Initiated GC) [PSYoungGen: 431040K->139072K(507392K)] 622683K->428528K(1314304K), 0.0685455 secs] [Times: user=0.41 sys=0.00, real=0.07 secs] 
3508.608: [GC (GCLocker Initiated GC) [PSYoungGen: 468288K->102272K(431616K)] 757746K->522394K(1238528K), 0.0631936 secs] [Times: user=0.37 sys=0.00, real=0.06 secs] 
3509.165: [GC (Allocation Failure) [PSYoungGen: 431488K->135104K(508928K)] 851613K->654570K(1315840K), 0.0503848 secs] [Times: user=0.29 sys=0.00, real=0.05 secs] 
3510.632: [GC (Allocation Failure) [PSYoungGen: 466880K->104480K(513024K)] 986346K->749142K(1319936K), 0.0916183 secs] [Times: user=0.54 sys=0.01, real=0.09 secs] 
3510.724: [Full GC (Ergonomics) [PSYoungGen: 104480K->0K(513024K)] [ParOldGen: 644662K->28960K(815616K)] 749142K->28960K(1328640K), [Metaspace: 60026K->60026K(1105920K)], 0.0487643 secs] [Times: user=0.17 sys=0.00, real=0.05 secs] 
3511.825: [GC (Allocation Failure) [PSYoungGen: 331776K->135296K(510464K)] 360736K->164256K(1326080K), 0.0272601 secs] [Times: user=0.16 sys=0.00, real=0.03 secs] 
3513.231: [GC (GCLocker Initiated GC) [PSYoungGen: 471680K->106272K(514560K)] 500641K->261261K(1330176K), 0.0696672 secs] [Times: user=0.42 sys=0.01, real=0.07 secs] 
3516.227: [GC (Allocation Failure) [PSYoungGen: 442656K->132320K(516608K)] 597715K->392072K(1332224K), 0.0510695 secs] [Times: user=0.30 sys=0.00, real=0.05 secs] 
3517.656: [GC (Allocation Failure) [PSYoungGen: 476896K->115328K(518656K)] 736648K->498260K(1334272K), 0.0648463 secs] [Times: user=0.38 sys=0.00, real=0.06 secs] 
3519.290: [GC (Allocation Failure) [PSYoungGen: 459904K->141952K(516608K)] 842836K->638677K(1332224K), 0.0663116 secs] [Times: user=0.37 sys=0.00, real=0.07 secs] 
3520.705: [GC (Allocation Failure) [PSYoungGen: 489088K->3424K(350720K)] 985813K->500229K(1166336K), 0.0026277 secs] [Times: user=0.01 sys=0.00, real=0.01 secs] 
3521.249: [GC (Allocation Failure) [PSYoungGen: 350560K->135776K(503808K)] 847365K->634937K(1319424K), 0.0277072 secs] [Times: user=0.16 sys=0.00, real=0.03 secs] 
3524.481: [GC (Allocation Failure) [PSYoungGen: 451680K->110080K(426496K)] 950841K->736381K(1242112K), 0.0644724 secs] [Times: user=0.38 sys=0.01, real=0.06 secs] 
3524.546: [Full GC (Ergonomics) [PSYoungGen: 110080K->0K(426496K)] [ParOldGen: 626301K->252812K(1117696K)] 736381K->252812K(1544192K), [Metaspace: 60045K->60045K(1105920K)], 0.5416894 secs] [Times: user=2.40 sys=0.00, real=0.55 secs] 
3525.473: [GC (Allocation Failure) [PSYoungGen: 315904K->111584K(509952K)] 568716K->364396K(1627648K), 0.0231202 secs] [Times: user=0.13 sys=0.00, real=0.02 secs] 
3526.710: [GC (Allocation Failure) [PSYoungGen: 437216K->136800K(503808K)] 690028K->490777K(1621504K), 0.0618991 secs] [Times: user=0.36 sys=0.00, real=0.06 secs] 
3528.040: [GC (Allocation Failure) [PSYoungGen: 462300K->93376K(516096K)] 816277K->583701K(1633792K), 0.0569095 secs] [Times: user=0.34 sys=0.00, real=0.06 secs] 
3529.675: [GC (Allocation Failure) [PSYoungGen: 432320K->146144K(485376K)] 922645K->723538K(1603072K), 0.1102334 secs] [Times: user=0.65 sys=0.00, real=0.11 secs] 
3532.604: [GC (Allocation Failure) [PSYoungGen: 485081K->93184K(518144K)] 1062475K->816570K(1635840K), 0.0633995 secs] [Times: user=0.38 sys=0.00, real=0.07 secs] 
3533.075: [GC (Allocation Failure) [PSYoungGen: 426496K->144000K(477696K)] 1149882K->955071K(1595392K), 0.0875397 secs] [Times: user=0.28 sys=0.19, real=0.09 secs] 
3535.144: [GC (Allocation Failure) [PSYoungGen: 477312K->89408K(515584K)] 1288383K->1044439K(1633280K), 0.0694327 secs] [Times: user=0.36 sys=0.05, real=0.07 secs] 
3535.214: [Full GC (Ergonomics) [PSYoungGen: 89408K->0K(515584K)] [ParOldGen: 955031K->93031K(999936K)] 1044439K->93031K(1515520K), [Metaspace: 60059K->60059K(1105920K)], 0.2219238 secs] [Times: user=0.92 sys=0.01, real=0.22 secs] 
3535.895: [GC (Allocation Failure) [PSYoungGen: 329216K->142016K(471552K)] 422247K->235047K(1471488K), 0.0315781 secs] [Times: user=0.19 sys=0.00, real=0.04 secs] 
3537.491: [GC (Allocation Failure) [PSYoungGen: 471232K->91008K(515072K)] 564263K->325703K(1515008K), 0.0869802 secs] [Times: user=0.51 sys=0.00, real=0.09 secs] 
3538.673: [GC (Allocation Failure) [PSYoungGen: 418688K->159264K(487424K)] 653383K->479488K(1487360K), 0.0537276 secs] [Times: user=0.32 sys=0.00, real=0.06 secs] 
3540.104: [GC (Allocation Failure) [PSYoungGen: 486944K->97280K(508928K)] 807168K->560056K(1508864K), 0.0757060 secs] [Times: user=0.45 sys=0.00, real=0.08 secs] 
3540.581: [GC (Allocation Failure) [PSYoungGen: 410157K->135616K(504832K)] 872933K->681396K(1504768K), 0.0489807 secs] [Times: user=0.29 sys=0.00, real=0.05 secs] 
3542.272: [GC (Allocation Failure) [PSYoungGen: 450496K->92960K(505856K)] 996276K->766044K(1505792K), 0.1534836 secs] [Times: user=0.91 sys=0.00, real=0.15 secs] 
3543.263: [GC (Allocation Failure) [PSYoungGen: 410912K->131584K(504832K)] 1083996K->893597K(1504768K), 0.0471718 secs] [Times: user=0.27 sys=0.00, real=0.05 secs] 
3544.797: [GC (Allocation Failure) [PSYoungGen: 449536K->100672K(505856K)] 1211549K->984389K(1505792K), 0.0901366 secs] [Times: user=0.54 sys=0.00, real=0.09 secs] 
3544.888: [Full GC (Ergonomics) [PSYoungGen: 100672K->0K(505856K)] [ParOldGen: 883717K->24413K(953344K)] 984389K->24413K(1459200K), [Metaspace: 60068K->60068K(1105920K)], 0.0407916 secs] [Times: user=0.12 sys=0.00, real=0.04 secs] 
3547.319: [GC (GCLocker Initiated GC) [PSYoungGen: 326144K->130560K(507904K)] 350557K->154973K(1461248K), 0.0267363 secs] [Times: user=0.16 sys=0.01, real=0.02 secs] 
3548.618: [GC (Allocation Failure) [PSYoungGen: 456704K->112320K(504832K)] 481120K->257608K(1458176K), 0.0634013 secs] [Times: user=0.38 sys=0.00, real=0.06 secs] 
3549.153: [GC (GCLocker Initiated GC) [PSYoungGen: 448704K->125408K(511488K)] 593993K->382749K(1464832K), 0.0528943 secs] [Times: user=0.32 sys=0.00, real=0.05 secs] 
3550.996: [GC (Allocation Failure) [PSYoungGen: 461792K->122176K(514048K)] 719135K->495223K(1467392K), 0.0627672 secs] [Times: user=0.37 sys=0.00, real=0.07 secs] 
3551.642: [GC (Allocation Failure) [PSYoungGen: 473408K->127360K(520192K)] 846455K->622063K(1473536K), 0.0555311 secs] [Times: user=0.33 sys=0.00, real=0.06 secs] 
3554.016: [GC (Allocation Failure) [PSYoungGen: 478592K->704K(501248K)] 973295K->495499K(1454592K), 0.0019282 secs] [Times: user=0.00 sys=0.00, real=0.00 secs] 
3555.574: [GC (Allocation Failure) [PSYoungGen: 334016K->123008K(516096K)] 828811K->617823K(1469440K), 0.0256532 secs] [Times: user=0.14 sys=0.00, real=0.03 secs] 
3556.940: [GC (Allocation Failure) [PSYoungGen: 456320K->125216K(512512K)] 951135K->732524K(1465856K), 0.0632388 secs] [Times: user=0.38 sys=0.00, real=0.06 secs] 
3558.155: [GC (Allocation Failure) [PSYoungGen: 460064K->114048K(515072K)] 1067372K->846556K(1468416K), 0.0554245 secs] [Times: user=0.33 sys=0.00, real=0.06 secs] 
3559.480: [GC (Allocation Failure) [PSYoungGen: 448896K->133600K(513024K)] 1181404K->970008K(1466368K), 0.0621058 secs] [Times: user=0.37 sys=0.00, real=0.06 secs] 
3559.543: [Full GC (Ergonomics) [PSYoungGen: 133600K->0K(513024K)] [ParOldGen: 836408K->252627K(1242112K)] 970008K->252627K(1755136K), [Metaspace: 60081K->60081K(1105920K)], 0.5475337 secs] [Times: user=2.43 sys=0.00, real=0.55 secs] 
3562.796: [GC (Allocation Failure) [PSYoungGen: 338432K->112096K(515584K)] 591059K->364723K(1757696K), 0.0218309 secs] [Times: user=0.12 sys=0.00, real=0.02 secs] 
3563.997: [GC (Allocation Failure) [PSYoungGen: 448403K->170464K(419840K)] 701031K->527708K(1661952K), 0.0715593 secs] [Times: user=0.42 sys=0.00, real=0.07 secs] 
3564.995: [GC (Allocation Failure) [PSYoungGen: 419808K->62208K(311808K)] 777052K->553252K(1553920K), 0.0664224 secs] [Times: user=0.40 sys=0.00, real=0.07 secs] 
3565.392: [GC (Allocation Failure) [PSYoungGen: 311552K->109888K(480256K)] 802596K->657705K(1722368K), 0.0392522 secs] [Times: user=0.23 sys=0.00, real=0.04 secs] 
3567.097: [GC (Allocation Failure) [PSYoungGen: 363328K->81472K(335360K)] 911145K->730881K(1577472K), 0.0548914 secs] [Times: user=0.32 sys=0.00, real=0.05 secs] 
3567.876: [GC (Allocation Failure) [PSYoungGen: 334912K->87360K(474112K)] 984321K->817817K(1716224K), 0.0420817 secs] [Times: user=0.25 sys=0.00, real=0.05 secs] 
3568.704: [GC (Allocation Failure) [PSYoungGen: 345920K->112864K(468992K)] 1076377K->925434K(1711104K), 0.0842236 secs] [Times: user=0.50 sys=0.00, real=0.09 secs] 
3570.305: [GC (Allocation Failure) [PSYoungGen: 371424K->64064K(474112K)] 1183994K->989322K(1716224K), 0.1129325 secs] [Times: user=0.67 sys=0.00, real=0.12 secs] 
3571.190: [GC (Allocation Failure) [PSYoungGen: 336960K->109920K(474112K)] 1262218K->1096691K(1716224K), 0.0525627 secs] [Times: user=0.27 sys=0.03, real=0.05 secs] 
3572.122: [GC (Allocation Failure) [PSYoungGen: 382816K->161920K(477184K)] 1369587K->1249987K(1719296K), 0.0705612 secs] [Times: user=0.36 sys=0.05, real=0.07 secs] 
3572.192: [Full GC (Ergonomics) [PSYoungGen: 161920K->0K(477184K)] [ParOldGen: 1088067K->257440K(1264128K)] 1249987K->257440K(1741312K), [Metaspace: 60090K->60090K(1105920K)], 0.5402839 secs] [Times: user=2.19 sys=0.01, real=0.54 secs] 
3574.211: [GC (Allocation Failure) [PSYoungGen: 285184K->77369K(488448K)] 542624K->334809K(1752576K), 0.0210283 secs] [Times: user=0.11 sys=0.00, real=0.02 secs] 
3574.583: [GC (Allocation Failure) [PSYoungGen: 347031K->116096K(479744K)] 604471K->445277K(1743872K), 0.0443122 secs] [Times: user=0.26 sys=0.01, real=0.05 secs] 
3577.107: [GC (Allocation Failure) [PSYoungGen: 411008K->86528K(488960K)] 740189K->523198K(1753088K), 0.1444686 secs] [Times: user=0.85 sys=0.01, real=0.14 secs] 
3578.635: [GC (Allocation Failure) [PSYoungGen: 381440K->121152K(493568K)] 818110K->641402K(1757696K), 0.0438476 secs] [Times: user=0.26 sys=0.00, real=0.05 secs] 
3580.034: [GC (Allocation Failure) [PSYoungGen: 436032K->107616K(501248K)] 956282K->739902K(1765376K), 0.0600231 secs] [Times: user=0.36 sys=0.00, real=0.06 secs] 
3581.597: [GC (GCLocker Initiated GC) [PSYoungGen: 422496K->111712K(499712K)] 1054783K->851151K(1763840K), 0.0502852 secs] [Times: user=0.30 sys=0.00, real=0.05 secs] 
3582.892: [GC (Allocation Failure) [PSYoungGen: 445024K->136512K(506368K)] 1184468K->977079K(1770496K), 0.0623661 secs] [Times: user=0.37 sys=0.00, real=0.06 secs] 
3583.419: [GC (Allocation Failure) [PSYoungGen: 469824K->103360K(519168K)] 1310391K->1080368K(1783296K), 0.0566636 secs] [Times: user=0.34 sys=0.00, real=0.05 secs] 
3586.183: [GC (Allocation Failure) [PSYoungGen: 452544K->144896K(520704K)] 1429552K->1214716K(1784832K), 0.0616049 secs] [Times: user=0.37 sys=0.00, real=0.06 secs] 
3586.868: [GC (Allocation Failure) [PSYoungGen: 494080K->106496K(522240K)] 1563900K->1321228K(1786368K), 0.0992333 secs] [Times: user=0.31 sys=0.28, real=0.10 secs] 
3586.967: [Full GC (Ergonomics) [PSYoungGen: 106496K->0K(522240K)] [ParOldGen: 1214732K->122571K(1180160K)] 1321228K->122571K(1702400K), [Metaspace: 60107K->60107K(1105920K)], 0.2738198 secs] [Times: user=1.24 sys=0.00, real=0.27 secs] 
3588.542: [GC (Allocation Failure) [PSYoungGen: 347648K->142368K(520704K)] 470219K->264939K(1700864K), 0.0531234 secs] [Times: user=0.32 sys=0.00, real=0.05 secs] 
3589.316: [GC (Allocation Failure) [PSYoungGen: 490016K->108448K(521216K)] 612587K->373427K(1701376K), 0.0734736 secs] [Times: user=0.43 sys=0.00, real=0.08 secs] 
3590.673: [GC (Allocation Failure) [PSYoungGen: 456608K->139232K(521216K)] 721587K->502244K(1701376K), 0.0616307 secs] [Times: user=0.37 sys=0.00, real=0.06 secs] 
3593.406: [GC (Allocation Failure) [PSYoungGen: 487392K->109856K(519680K)] 850404K->612044K(1699840K), 0.0586710 secs] [Times: user=0.35 sys=0.00, real=0.05 secs] 
3594.789: [GC (Allocation Failure) [PSYoungGen: 459552K->138080K(521216K)] 961740K->739893K(1701376K), 0.0619921 secs] [Times: user=0.37 sys=0.00, real=0.06 secs] 
3596.251: [GC (Allocation Failure) [PSYoungGen: 487776K->113728K(520704K)] 1089589K->853549K(1700864K), 0.0592761 secs] [Times: user=0.34 sys=0.01, real=0.06 secs] 
3597.656: [GC (Allocation Failure) [PSYoungGen: 467008K->135008K(522752K)] 1206829K->977508K(1702912K), 0.0626881 secs] [Times: user=0.37 sys=0.00, real=0.07 secs] 
3598.229: [GC (Allocation Failure) [PSYoungGen: 488288K->123200K(522240K)] 1330788K->1100636K(1702400K), 0.0594731 secs] [Times: user=0.35 sys=0.00, real=0.06 secs] 
3600.557: [GC (Allocation Failure) [PSYoungGen: 482112K->124992K(525312K)] 1459548K->1215161K(1705472K), 0.0662592 secs] [Times: user=0.37 sys=0.00, real=0.06 secs] 
3600.623: [Full GC (Ergonomics) [PSYoungGen: 124992K->0K(525312K)] [ParOldGen: 1090169K->252872K(1377792K)] 1215161K->252872K(1903104K), [Metaspace: 60135K->60135K(1105920K)], 0.5719825 secs] [Times: user=2.29 sys=0.01, real=0.57 secs] 
3601.750: [GC (Allocation Failure) [PSYoungGen: 358912K->134848K(531456K)] 611784K->387728K(1909248K), 0.0276668 secs] [Times: user=0.16 sys=0.00, real=0.03 secs] 
3603.135: [GC (Allocation Failure) [PSYoungGen: 502976K->5696K(374272K)] 755856K->258732K(1752064K), 0.0043399 secs] [Times: user=0.02 sys=0.00, real=0.01 secs] 
3604.220: [GC (Allocation Failure) [PSYoungGen: 373824K->148800K(505344K)] 626860K->405873K(1883136K), 0.0304447 secs] [Times: user=0.17 sys=0.00, real=0.03 secs] 
3605.504: [GC (Allocation Failure) [PSYoungGen: 473920K->101824K(512000K)] 730993K->498673K(1889792K), 0.0657652 secs] [Times: user=0.39 sys=0.00, real=0.07 secs] 
3606.026: [GC (Allocation Failure) [PSYoungGen: 426944K->132096K(509952K)] 823793K->629718K(1887744K), 0.0511315 secs] [Times: user=0.30 sys=0.00, real=0.06 secs] 
3609.093: [GC (Allocation Failure) [PSYoungGen: 461824K->110176K(512000K)] 959446K->731054K(1889792K), 0.0636387 secs] [Times: user=0.38 sys=0.00, real=0.07 secs] 
3609.571: [GC (GCLocker Initiated GC) [PSYoungGen: 439904K->122816K(513536K)] 1060784K->853800K(1891328K), 0.0526277 secs] [Times: user=0.31 sys=0.00, real=0.05 secs] 
3610.899: [GC (Allocation Failure) [PSYoungGen: 462272K->125888K(512512K)] 1193257K->968864K(1890304K), 0.0628201 secs] [Times: user=0.37 sys=0.00, real=0.06 secs] 
3611.674: [GC (Allocation Failure) [PSYoungGen: 465344K->118208K(518144K)] 1308320K->1086656K(1895936K), 0.0565392 secs] [Times: user=0.33 sys=0.00, real=0.06 secs] 
3613.067: [GC (Allocation Failure) [PSYoungGen: 472512K->130560K(520704K)] 1440960K->1206569K(1898496K), 0.0630391 secs] [Times: user=0.38 sys=0.00, real=0.06 secs] 
3615.842: [GC (Allocation Failure) [PSYoungGen: 484864K->120896K(525312K)] 1560873K->1327045K(1903104K), 0.0633489 secs] [Times: user=0.33 sys=0.05, real=0.06 secs] 
3615.905: [Full GC (Ergonomics) [PSYoungGen: 120896K->0K(525312K)] [ParOldGen: 1206149K->137037K(1345536K)] 1327045K->137037K(1870848K), [Metaspace: 60265K->60265K(1105920K)], 0.3075161 secs] [Times: user=1.41 sys=0.00, real=0.31 secs] 
3617.569: [GC (Allocation Failure) [PSYoungGen: 366080K->128512K(528896K)] 503117K->265549K(1874432K), 0.0442707 secs] [Times: user=0.26 sys=0.00, real=0.04 secs] 
3619.135: [GC (Allocation Failure) [PSYoungGen: 494592K->137600K(532480K)] 631629K->402178K(1878016K), 0.0645988 secs] [Times: user=0.38 sys=0.00, real=0.07 secs] 
3621.006: [GC (Allocation Failure) [PSYoungGen: 507776K->10176K(380416K)] 772354K->274910K(1725952K), 0.0059752 secs] [Times: user=0.03 sys=0.00, real=0.01 secs] 
3623.342: [GC (Allocation Failure) [PSYoungGen: 380352K->149376K(504320K)] 645086K->422178K(1849856K), 0.0320904 secs] [Times: user=0.18 sys=0.00, real=0.03 secs] 
3624.870: [GC (Allocation Failure) [PSYoungGen: 474496K->99648K(512000K)] 747298K->512690K(1857536K), 0.0779917 secs] [Times: user=0.46 sys=0.00, real=0.08 secs] 
3626.096: [GC (Allocation Failure) [PSYoungGen: 424768K->130816K(509440K)] 837810K->641311K(1854976K), 0.0498153 secs] [Times: user=0.29 sys=0.00, real=0.05 secs] 
3627.418: [GC (Allocation Failure) [PSYoungGen: 461056K->112864K(512000K)] 971551K->744543K(1857536K), 0.0630677 secs] [Times: user=0.37 sys=0.00, real=0.06 secs] 
3628.012: [GC (Allocation Failure) [PSYoungGen: 443104K->127424K(515072K)] 1074783K->871343K(1860608K), 0.0533296 secs] [Times: user=0.31 sys=0.00, real=0.05 secs] 
3630.049: [GC (Allocation Failure) [PSYoungGen: 466880K->119488K(513536K)] 1210799K->981839K(1859072K), 0.0634916 secs] [Times: user=0.38 sys=0.00, real=0.06 secs] 
3630.622: [GC (Allocation Failure) [PSYoungGen: 458944K->125600K(521216K)] 1321295K->1106975K(1866752K), 0.0554532 secs] [Times: user=0.32 sys=0.00, real=0.06 secs] 
3632.086: [GC (Allocation Failure) [PSYoungGen: 476832K->123616K(519168K)] 1458207K->1219872K(1864704K), 0.0632704 secs] [Times: user=0.38 sys=0.00, real=0.07 secs] 
3633.343: [GC (Allocation Failure) [PSYoungGen: 474848K->131136K(526336K)] 1571104K->1350616K(1871872K), 0.0575400 secs] [Times: user=0.34 sys=0.00, real=0.06 secs] 
3633.401: [Full GC (Ergonomics) [PSYoungGen: 131136K->0K(526336K)] [ParOldGen: 1219480K->147751K(1398272K)] 1350616K->147751K(1924608K), [Metaspace: 60268K->60268K(1105920K)], 0.3446728 secs] [Times: user=1.58 sys=0.00, real=0.34 secs] 
3635.083: [GC (Allocation Failure) [PSYoungGen: 360960K->119520K(526336K)] 508711K->267271K(1924608K), 0.0418314 secs] [Times: user=0.24 sys=0.00, real=0.04 secs] 
3637.953: [GC (Allocation Failure) [PSYoungGen: 480480K->139744K(525824K)] 628231K->405196K(1924096K), 0.0590301 secs] [Times: user=0.35 sys=0.00, real=0.06 secs] 
3639.398: [GC (Allocation Failure) [PSYoungGen: 504288K->116832K(529408K)] 769740K->512724K(1927680K), 0.0695312 secs] [Times: user=0.41 sys=0.01, real=0.07 secs] 
3640.487: [GC (Allocation Failure) [PSYoungGen: 481376K->150112K(524288K)] 877268K->661215K(1922560K), 0.0561540 secs] [Times: user=0.33 sys=0.00, real=0.05 secs] 
3642.134: [GC (Allocation Failure) [PSYoungGen: 513120K->113184K(530944K)] 1024223K->765275K(1929216K), 0.1030712 secs] [Times: user=0.61 sys=0.01, real=0.11 secs] 
3642.798: [GC (Allocation Failure) [PSYoungGen: 476192K->147872K(523264K)] 1128283K->910555K(1921536K), 0.0553917 secs] [Times: user=0.33 sys=0.00, real=0.05 secs] 
3644.961: [GC (Allocation Failure) [PSYoungGen: 505760K->113824K(528384K)] 1268443K->1015515K(1926656K), 0.1463496 secs] [Times: user=0.87 sys=0.00, real=0.15 secs] 
3645.732: [GC (Allocation Failure) [PSYoungGen: 471712K->151104K(519680K)] 1373403K->1162896K(1917952K), 0.0545977 secs] [Times: user=0.32 sys=0.00, real=0.06 secs] 
3647.573: [GC (Allocation Failure) [PSYoungGen: 502848K->106720K(525312K)] 1514640K->1261144K(1923584K), 0.0908761 secs] [Times: user=0.53 sys=0.00, real=0.09 secs] 
3648.095: [GC (Allocation Failure) [PSYoungGen: 448665K->144352K(521728K)] 1603089K->1401532K(1920000K), 0.0531462 secs] [Times: user=0.30 sys=0.01, real=0.06 secs] 
3648.148: [Full GC (Ergonomics) [PSYoungGen: 144352K->0K(521728K)] [ParOldGen: 1257180K->197872K(1398272K)] 1401532K->197872K(1920000K), [Metaspace: 60283K->60283K(1105920K)], 0.4822060 secs] [Times: user=2.23 sys=0.00, real=0.48 secs] 
3650.077: [GC (Allocation Failure) [PSYoungGen: 349696K->104352K(524288K)] 547568K->302224K(1922560K), 0.0553890 secs] [Times: user=0.32 sys=0.00, real=0.05 secs] 
3650.608: [GC (Allocation Failure) [PSYoungGen: 450289K->146176K(518144K)] 648162K->445285K(1916416K), 0.0503553 secs] [Times: user=0.30 sys=0.00, real=0.05 secs] 
3653.037: [GC (Allocation Failure) [PSYoungGen: 490752K->104512K(521728K)] 789861K->541053K(1920000K), 0.0950640 secs] [Times: user=0.56 sys=0.00, real=0.09 secs] 
3653.570: [GC (Allocation Failure) [PSYoungGen: 448860K->146208K(517120K)] 885402K->683598K(1915392K), 0.0508151 secs] [Times: user=0.30 sys=0.00, real=0.05 secs] 
3655.603: [GC (GCLocker Initiated GC) [PSYoungGen: 487712K->100608K(520192K)] 1025102K->775862K(1918464K), 0.1164661 secs] [Times: user=0.69 sys=0.00, real=0.12 secs] 
3656.220: [GC (Allocation Failure) [PSYoungGen: 442112K->142336K(518144K)] 1117369K->913930K(1916416K), 0.0500611 secs] [Times: user=0.30 sys=0.00, real=0.05 secs] 
3657.714: [GC (GCLocker Initiated GC) [PSYoungGen: 482816K->106368K(446976K)] 1254412K->1011084K(1845248K), 0.1205949 secs] [Times: user=0.72 sys=0.00, real=0.12 secs] 
3658.393: [GC (Allocation Failure) [PSYoungGen: 446848K->145280K(516608K)] 1351567K->1153152K(1914880K), 0.0527383 secs] [Times: user=0.31 sys=0.01, real=0.06 secs] 
3661.059: [GC (Allocation Failure) [PSYoungGen: 484736K->103808K(519168K)] 1492608K->1248444K(1917440K), 0.0661567 secs] [Times: user=0.39 sys=0.00, real=0.06 secs] 
3661.578: [GC (Allocation Failure) [PSYoungGen: 443264K->153184K(509440K)] 1587900K->1397433K(1907712K), 0.0527828 secs] [Times: user=0.31 sys=0.00, real=0.05 secs] 
3661.631: [Full GC (Ergonomics) [PSYoungGen: 153184K->0K(509440K)] [ParOldGen: 1244249K->187421K(1398272K)] 1397433K->187421K(1907712K), [Metaspace: 60301K->60301K(1105920K)], 0.4515491 secs] [Times: user=2.11 sys=0.00, real=0.45 secs] 
3663.422: [GC (GCLocker Initiated GC) [PSYoungGen: 331264K->98368K(515072K)] 518685K->285790K(1913344K), 0.0407178 secs] [Times: user=0.24 sys=0.00, real=0.04 secs] 
3663.942: [GC (Allocation Failure) [PSYoungGen: 429632K->139456K(514048K)] 617124K->422129K(1912320K), 0.0493989 secs] [Times: user=0.29 sys=0.00, real=0.05 secs] 
3665.594: [GC (Allocation Failure) [PSYoungGen: 471744K->101824K(515072K)] 754417K->514737K(1913344K), 0.0976559 secs] [Times: user=0.58 sys=0.00, real=0.10 secs] 
3667.077: [GC (Allocation Failure) [PSYoungGen: 434112K->137760K(515584K)] 847025K->650518K(1913856K), 0.0511793 secs] [Times: user=0.30 sys=0.00, real=0.05 secs] 
3668.412: [GC (Allocation Failure) [PSYoungGen: 472608K->105024K(515584K)] 985366K->746474K(1913856K), 0.0690822 secs] [Times: user=0.40 sys=0.01, real=0.07 secs] 
3669.024: [GC (Allocation Failure) [PSYoungGen: 439872K->136096K(517120K)] 1081322K->879879K(1915392K), 0.0517858 secs] [Times: user=0.31 sys=0.00, real=0.05 secs] 
3670.485: [GC (Allocation Failure) [PSYoungGen: 474528K->111808K(516096K)] 1218311K->982031K(1914368K), 0.0904750 secs] [Times: user=0.54 sys=0.00, real=0.09 secs] 
3671.658: [GC (Allocation Failure) [PSYoungGen: 450240K->132928K(518656K)] 1320463K->1113068K(1916928K), 0.0540016 secs] [Times: user=0.32 sys=0.00, real=0.05 secs] 
3673.030: [GC (Allocation Failure) [PSYoungGen: 476992K->115456K(517120K)] 1457132K->1219304K(1915392K), 0.0641150 secs] [Times: user=0.38 sys=0.00, real=0.06 secs] 
3675.569: [GC (Allocation Failure) [PSYoungGen: 459520K->131584K(521728K)] 1563368K->1349617K(1920000K), 0.0546400 secs] [Times: user=0.32 sys=0.00, real=0.05 secs] 
3676.925: [GC (Allocation Failure) [PSYoungGen: 483840K->3712K(356352K)] 1701873K->1221833K(1754624K), 0.0041636 secs] [Times: user=0.02 sys=0.00, real=0.01 secs] 
3677.577: [GC (Allocation Failure) [PSYoungGen: 355968K->139104K(509440K)] 1574089K->1358880K(1907712K), 0.0288489 secs] [Times: user=0.17 sys=0.00, real=0.03 secs] 
3677.606: [Full GC (Ergonomics) [PSYoungGen: 139104K->0K(509440K)] [ParOldGen: 1219776K->156902K(1398272K)] 1358880K->156902K(1907712K), [Metaspace: 60305K->60305K(1105920K)], 0.3744025 secs] [Times: user=1.74 sys=0.00, real=0.37 secs] 
3679.296: [GC (Allocation Failure) [PSYoungGen: 325120K->110528K(435712K)] 482022K->267430K(1833984K), 0.0401173 secs] [Times: user=0.23 sys=0.00, real=0.04 secs] 
3680.078: [GC (Allocation Failure) [PSYoungGen: 435648K->123456K(511488K)] 592550K->389855K(1909760K), 0.0541451 secs] [Times: user=0.32 sys=0.00, real=0.05 secs] 
3682.364: [GC (Allocation Failure) [PSYoungGen: 454208K->124416K(508416K)] 720607K->504227K(1906688K), 0.0633419 secs] [Times: user=0.38 sys=0.00, real=0.07 secs] 
3684.416: [GC (Allocation Failure) [PSYoungGen: 455168K->112000K(516096K)] 834979K->615807K(1914368K), 0.0547640 secs] [Times: user=0.33 sys=0.00, real=0.05 secs] 
3685.769: [GC (Allocation Failure) [PSYoungGen: 457600K->136832K(515072K)] 961407K->742322K(1913344K), 0.0622786 secs] [Times: user=0.37 sys=0.00, real=0.06 secs] 
3686.971: [GC (Allocation Failure) [PSYoungGen: 482432K->121408K(523776K)] 1087922K->862938K(1922048K), 0.0583674 secs] [Times: user=0.35 sys=0.00, real=0.06 secs] 
3688.349: [GC (Allocation Failure) [PSYoungGen: 478784K->134720K(525312K)] 1220314K->979091K(1923584K), 0.0626635 secs] [Times: user=0.37 sys=0.00, real=0.06 secs] 
3689.127: [GC (Allocation Failure) [PSYoungGen: 492096K->126112K(526848K)] 1336467K->1105139K(1925120K), 0.0597127 secs] [Times: user=0.35 sys=0.00, real=0.06 secs] 
3690.630: [GC (Allocation Failure) [PSYoungGen: 488096K->3008K(365056K)] 1467123K->982067K(1763328K), 0.0028627 secs] [Times: user=0.02 sys=0.00, real=0.00 secs] 
3691.470: [GC (Allocation Failure) [PSYoungGen: 364992K->149184K(501760K)] 1344051K->1129296K(1900032K), 0.0293595 secs] [Times: user=0.17 sys=0.00, real=0.03 secs] 
3692.788: [GC (Allocation Failure) [PSYoungGen: 469184K->106560K(509440K)] 1449296K->1218375K(1907712K), 0.0642933 secs] [Times: user=0.38 sys=0.00, real=0.06 secs] 
3694.449: [GC (Allocation Failure) [PSYoungGen: 426560K->116832K(498176K)] 1538375K->1334792K(1896448K), 0.0514175 secs] [Times: user=0.30 sys=0.00, real=0.05 secs] 
3694.500: [Full GC (Ergonomics) [PSYoungGen: 116832K->0K(498176K)] [ParOldGen: 1217959K->133432K(1398272K)] 1334792K->133432K(1896448K), [Metaspace: 60316K->60316K(1105920K)], 0.3062311 secs] [Times: user=1.41 sys=0.00, real=0.31 secs] 
3696.037: [GC (Allocation Failure) [PSYoungGen: 326656K->131456K(504320K)] 460088K->264888K(1902592K), 0.0452565 secs] [Times: user=0.26 sys=0.00, real=0.04 secs] 
3698.722: [GC (Allocation Failure) [PSYoungGen: 458112K->99360K(514560K)] 591544K->363952K(1912832K), 0.0637477 secs] [Times: user=0.38 sys=0.00, real=0.06 secs] 
3699.508: [GC (Allocation Failure) [PSYoungGen: 441742K->174560K(517632K)] 706335K->537597K(1915904K), 0.0611102 secs] [Times: user=0.35 sys=0.01, real=0.06 secs] 
3701.446: [GC (Allocation Failure) [PSYoungGen: 516888K->93952K(432640K)] 879925K->596813K(1830912K), 0.0614923 secs] [Times: user=0.36 sys=0.00, real=0.06 secs] 
3701.814: [GC (Allocation Failure) [PSYoungGen: 345344K->110944K(475136K)] 848205K->701557K(1873408K), 0.0509932 secs] [Times: user=0.30 sys=0.00, real=0.05 secs] 
3703.185: [GC (Allocation Failure) [PSYoungGen: 362336K->61728K(470528K)] 952949K->763158K(1868800K), 0.0723442 secs] [Times: user=0.43 sys=0.00, real=0.08 secs] 
3703.811: [GC (Allocation Failure) [PSYoungGen: 320800K->107360K(476672K)] 1022230K->868562K(1874944K), 0.0401070 secs] [Times: user=0.23 sys=0.00, real=0.04 secs] 
3705.258: [GC (Allocation Failure) [PSYoungGen: 366432K->116192K(464896K)] 1127634K->975762K(1863168K), 0.1555129 secs] [Times: user=0.92 sys=0.01, real=0.15 secs] 
3706.647: [GC (GCLocker Initiated GC) [PSYoungGen: 388064K->65856K(472064K)] 1247637K->1041141K(1870336K), 0.0854680 secs] [Times: user=0.51 sys=0.00, real=0.08 secs] 
3707.103: [GC (Allocation Failure) [PSYoungGen: 337728K->117920K(485888K)] 1313084K->1152533K(1884160K), 0.0425031 secs] [Times: user=0.24 sys=0.00, real=0.04 secs] 
3708.532: [GC (Allocation Failure) [PSYoungGen: 415904K->89312K(492032K)] 1450517K->1233133K(1890304K), 0.0598050 secs] [Times: user=0.36 sys=0.00, real=0.06 secs] 
3709.246: [GC (Allocation Failure) [PSYoungGen: 387296K->121696K(495616K)] 1531117K->1352158K(1893888K), 0.0467936 secs] [Times: user=0.27 sys=0.00, real=0.05 secs] 
3709.293: [Full GC (Ergonomics) [PSYoungGen: 121696K->0K(495616K)] [ParOldGen: 1230462K->148336K(1398272K)] 1352158K->148336K(1893888K), [Metaspace: 60316K->60316K(1105920K)], 0.3454262 secs] [Times: user=1.60 sys=0.00, real=0.35 secs] 
3710.908: [GC (Allocation Failure) [PSYoungGen: 314880K->116224K(501248K)] 463216K->264560K(1899520K), 0.0416463 secs] [Times: user=0.25 sys=0.00, real=0.04 secs] 
3713.408: [GC (Allocation Failure) [PSYoungGen: 431104K->105056K(501248K)] 579440K->369657K(1899520K), 0.0554658 secs] [Times: user=0.32 sys=0.00, real=0.05 secs] 
3714.203: [GC (Allocation Failure) [PSYoungGen: 436832K->175072K(506880K)] 701433K->543941K(1905152K), 0.0612359 secs] [Times: user=0.35 sys=0.00, real=0.06 secs] 
3716.249: [GC (Allocation Failure) [PSYoungGen: 506848K->92288K(437248K)] 875717K->595189K(1835520K), 0.0594694 secs] [Times: user=0.35 sys=0.00, real=0.06 secs] 
3716.603: [GC (Allocation Failure) [PSYoungGen: 337536K->106656K(472064K)] 840437K->696498K(1870336K), 0.0503838 secs] [Times: user=0.30 sys=0.01, real=0.05 secs] 
3717.888: [GC (Allocation Failure) [PSYoungGen: 351904K->59968K(466432K)] 941746K->756290K(1864704K), 0.0653853 secs] [Times: user=0.38 sys=0.00, real=0.06 secs] 
3719.289: [GC (Allocation Failure) [PSYoungGen: 312896K->101568K(473088K)] 1009218K->855283K(1871360K), 0.0425436 secs] [Times: user=0.25 sys=0.00, real=0.04 secs] 
3719.719: [GC (Allocation Failure) [PSYoungGen: 354496K->116416K(461312K)] 1108211K->962603K(1859584K), 0.0534304 secs] [Times: user=0.32 sys=0.00, real=0.05 secs] 
3720.900: [GC (GCLocker Initiated GC) [PSYoungGen: 382656K->64800K(469504K)] 1228844K->1027292K(1867776K), 0.0535343 secs] [Times: user=0.31 sys=0.00, real=0.05 secs] 
3721.371: [GC (Allocation Failure) [PSYoungGen: 331040K->122752K(486400K)] 1293535K->1145467K(1884672K), 0.0408579 secs] [Times: user=0.24 sys=0.00, real=0.04 secs] 
3722.597: [GC (Allocation Failure) [PSYoungGen: 415104K->93280K(491008K)] 1437819K->1221275K(1889280K), 0.0597962 secs] [Times: user=0.35 sys=0.01, real=0.06 secs] 
3723.458: [GC (Allocation Failure) [PSYoungGen: 385632K->111744K(485888K)] 1513627K->1331456K(1884160K), 0.0481735 secs] [Times: user=0.28 sys=0.00, real=0.04 secs] 
3723.912: [GC (Allocation Failure) [PSYoungGen: 418900K->168896K(492544K)] 1638613K->1490680K(1890816K), 0.0836013 secs] [Times: user=0.35 sys=0.12, real=0.08 secs] 
3723.995: [Full GC (Ergonomics) [PSYoungGen: 168896K->0K(492544K)] [ParOldGen: 1321784K->252657K(1398272K)] 1490680K->252657K(1890816K), [Metaspace: 60329K->60329K(1105920K)], 0.6250392 secs] [Times: user=2.92 sys=0.00, real=0.63 secs] 
3727.576: [GC (Allocation Failure) [PSYoungGen: 307200K->83538K(502272K)] 559857K->336196K(1900544K), 0.0178696 secs] [Times: user=0.10 sys=0.00, real=0.02 secs] 
3727.966: [GC (Allocation Failure) [PSYoungGen: 386130K->131264K(434176K)] 638788K->461660K(1832448K), 0.0510042 secs] [Times: user=0.29 sys=0.00, real=0.06 secs] 
3729.507: [GC (Allocation Failure) [PSYoungGen: 433856K->81440K(500736K)] 764252K->542420K(1899008K), 0.0948789 secs] [Times: user=0.56 sys=0.01, real=0.09 secs] 
3730.006: [GC (Allocation Failure) [PSYoungGen: 386592K->129408K(498176K)] 847572K->668092K(1896448K), 0.0461140 secs] [Times: user=0.27 sys=0.00, real=0.05 secs] 
3731.411: [GC (Allocation Failure) [PSYoungGen: 434560K->91264K(501760K)] 973244K->750460K(1900032K), 0.0717598 secs] [Times: user=0.42 sys=0.01, real=0.07 secs] 
3732.132: [GC (Allocation Failure) [PSYoungGen: 405632K->130080K(501760K)] 1064828K->877865K(1900032K), 0.0471967 secs] [Times: user=0.28 sys=0.00, real=0.05 secs] 
3734.057: [GC (Allocation Failure) [PSYoungGen: 444448K->105824K(499712K)] 1192233K->974413K(1897984K), 0.0629665 secs] [Times: user=0.37 sys=0.00, real=0.06 secs] 
3735.680: [GC (Allocation Failure) [PSYoungGen: 430432K->120352K(505344K)] 1299021K->1094249K(1903616K), 0.0520455 secs] [Times: user=0.31 sys=0.00, real=0.05 secs] 
3737.072: [GC (Allocation Failure) [PSYoungGen: 444960K->127584K(514048K)] 1418857K->1211856K(1912320K), 0.0630418 secs] [Times: user=0.38 sys=0.00, real=0.06 secs] 
3738.248: [GC (Allocation Failure) [PSYoungGen: 468576K->111232K(517120K)] 1552848K->1322600K(1915392K), 0.0556304 secs] [Times: user=0.33 sys=0.00, real=0.05 secs] 
3739.577: [GC (Allocation Failure) [PSYoungGen: 452224K->136608K(517632K)] 1663592K->1448857K(1915904K), 0.0626806 secs] [Times: user=0.37 sys=0.00, real=0.06 secs] 
3739.640: [Full GC (Ergonomics) [PSYoungGen: 136608K->0K(517632K)] [ParOldGen: 1312249K->251483K(1398272K)] 1448857K->251483K(1915904K), [Metaspace: 60329K->60329K(1105920K)], 0.5351581 secs] [Times: user=2.36 sys=0.00, real=0.53 secs] 
3742.202: [GC (Allocation Failure) [PSYoungGen: 347136K->109792K(520192K)] 598619K->361275K(1918464K), 0.0230308 secs] [Times: user=0.13 sys=0.00, real=0.02 secs] 
3743.525: [GC (Allocation Failure) [PSYoungGen: 456928K->138368K(520704K)] 708411K->489056K(1918976K), 0.0619535 secs] [Times: user=0.36 sys=0.00, real=0.07 secs] 
3744.021: [GC (Allocation Failure) [PSYoungGen: 490624K->114912K(523776K)] 841312K->603912K(1922048K), 0.0582263 secs] [Times: user=0.34 sys=0.01, real=0.06 secs] 
3745.434: [GC (Allocation Failure) [PSYoungGen: 467168K->133408K(524800K)] 956168K->726381K(1923072K), 0.0625319 secs] [Times: user=0.37 sys=0.00, real=0.07 secs] 
3746.089: [GC (Allocation Failure) [PSYoungGen: 491296K->125632K(525824K)] 1084269K->851981K(1924096K), 0.0597162 secs] [Times: user=0.35 sys=0.00, real=0.06 secs] 
3747.498: [GC (Allocation Failure) [PSYoungGen: 483520K->768K(501760K)] 1209869K->727265K(1900032K), 0.0032861 secs] [Times: user=0.01 sys=0.00, real=0.00 secs] 
3749.564: [GC (Allocation Failure) [PSYoungGen: 337152K->127520K(517632K)] 1063649K->854037K(1915904K), 0.0263517 secs] [Times: user=0.15 sys=0.00, real=0.03 secs] 
3750.894: [GC (Allocation Failure) [PSYoungGen: 463904K->120000K(510464K)] 1190421K->963841K(1908736K), 0.0641655 secs] [Times: user=0.38 sys=0.00, real=0.07 secs] 
3751.700: [GC (Allocation Failure) [PSYoungGen: 456384K->128224K(514048K)] 1300225K->1092033K(1912320K), 0.0556600 secs] [Times: user=0.33 sys=0.00, real=0.05 secs] 
3753.057: [GC (Allocation Failure) [PSYoungGen: 464608K->128320K(519168K)] 1428417K->1201562K(1917440K), 0.0636531 secs] [Times: user=0.38 sys=0.00, real=0.06 secs] 
3753.778: [GC (Allocation Failure) [PSYoungGen: 471872K->117856K(461824K)] 1545114K->1319306K(1860096K), 0.0572590 secs] [Times: user=0.34 sys=0.00, real=0.05 secs] 
3753.836: [Full GC (Ergonomics) [PSYoungGen: 117856K->0K(461824K)] [ParOldGen: 1201450K->132444K(1398272K)] 1319306K->132444K(1860096K), [Metaspace: 60338K->60338K(1105920K)], 0.3056548 secs] [Times: user=1.37 sys=0.00, real=0.31 secs] 
3755.415: [GC (Allocation Failure) [PSYoungGen: 343552K->130592K(518656K)] 475996K->263036K(1916928K), 0.0482015 secs] [Times: user=0.29 sys=0.00, real=0.05 secs] 
3757.557: [GC (GCLocker Initiated GC) [PSYoungGen: 477216K->113152K(518656K)] 609660K->375860K(1916928K), 0.0675787 secs] [Times: user=0.40 sys=0.00, real=0.06 secs] 
3758.921: [GC (Allocation Failure) [PSYoungGen: 459776K->135104K(519680K)] 722486K->500825K(1917952K), 0.0620695 secs] [Times: user=0.37 sys=0.00, real=0.06 secs] 
3760.288: [GC (Allocation Failure) [PSYoungGen: 487872K->117920K(521728K)] 853593K->618257K(1920000K), 0.0578235 secs] [Times: user=0.34 sys=0.00, real=0.05 secs] 
3761.674: [GC (Allocation Failure) [PSYoungGen: 470688K->129728K(526848K)] 971025K->737846K(1925120K), 0.0627361 secs] [Times: user=0.37 sys=0.00, real=0.07 secs] 
3763.955: [GC (Allocation Failure) [PSYoungGen: 492736K->128256K(526848K)] 1100854K->866014K(1925120K), 0.0582254 secs] [Times: user=0.34 sys=0.00, real=0.06 secs] 
3765.352: [GC (Allocation Failure) [PSYoungGen: 491264K->2432K(504320K)] 1229022K->740242K(1902592K), 0.0028687 secs] [Times: user=0.02 sys=0.00, real=0.00 secs] 
3766.208: [GC (Allocation Failure) [PSYoungGen: 343936K->130400K(472064K)] 1081746K->869471K(1870336K), 0.0270840 secs] [Times: user=0.15 sys=0.00, real=0.02 secs] 
3767.554: [GC (Allocation Failure) [PSYoungGen: 471904K->320K(495616K)] 1210975K->739535K(1893888K), 0.0022742 secs] [Times: user=0.01 sys=0.00, real=0.01 secs] 
3768.172: [GC (Allocation Failure) [PSYoungGen: 316224K->118464K(507392K)] 1055439K->857679K(1905664K), 0.0247133 secs] [Times: user=0.14 sys=0.00, real=0.03 secs] 
3769.942: [GC (Allocation Failure) [PSYoungGen: 434368K->189408K(426496K)] 1173583K->976899K(1824768K), 0.0647491 secs] [Times: user=0.37 sys=0.02, real=0.07 secs] 
3771.810: [GC (Allocation Failure) [PSYoungGen: 426464K->60928K(467968K)] 1213955K->848435K(1866240K), 0.0217200 secs] [Times: user=0.10 sys=0.00, real=0.02 secs] 
3772.162: [GC (Allocation Failure) [PSYoungGen: 297984K->160192K(461824K)] 1085491K->947699K(1860096K), 0.0320329 secs] [Times: user=0.19 sys=0.00, real=0.03 secs] 
3773.281: [GC (Allocation Failure) [PSYoungGen: 393152K->87456K(320512K)] 1180659K->1025752K(1718784K), 0.0666992 secs] [Times: user=0.40 sys=0.00, real=0.07 secs] 
3774.230: [GC (GCLocker Initiated GC) [PSYoungGen: 320416K->67424K(469504K)] 1258712K->1092536K(1867776K), 0.0420537 secs] [Times: user=0.24 sys=0.00, real=0.04 secs] 
3774.582: [GC (Allocation Failure) [PSYoungGen: 308576K->104384K(345600K)] 1333691K->1190835K(1743872K), 0.0418649 secs] [Times: user=0.24 sys=0.01, real=0.04 secs] 
3775.758: [GC (Allocation Failure) [PSYoungGen: 345536K->81664K(465408K)] 1431987K->1263731K(1863680K), 0.0533568 secs] [Times: user=0.32 sys=0.00, real=0.05 secs] 
3776.405: [GC (Allocation Failure) [PSYoungGen: 334080K->87520K(459264K)] 1516147K->1351195K(1857536K), 0.0428927 secs] [Times: user=0.25 sys=0.00, real=0.05 secs] 
3776.448: [Full GC (Ergonomics) [PSYoungGen: 87520K->0K(459264K)] [ParOldGen: 1263675K->102616K(1398272K)] 1351195K->102616K(1857536K), [Metaspace: 60344K->60344K(1105920K)], 0.2585473 secs] [Times: user=1.11 sys=0.00, real=0.26 secs] 
3777.024: [GC (GCLocker Initiated GC) [PSYoungGen: 252416K->111168K(481280K)] 355033K->213785K(1879552K), 0.0258734 secs] [Times: user=0.15 sys=0.00, real=0.03 secs] 
3778.543: [GC (Allocation Failure) [PSYoungGen: 396864K->73248K(478720K)] 499485K->286613K(1876992K), 0.0908560 secs] [Times: user=0.54 sys=0.00, real=0.09 secs] 
3779.480: [GC (Allocation Failure) [PSYoungGen: 358944K->121120K(500224K)] 572309K->408162K(1898496K), 0.0474926 secs] [Times: user=0.28 sys=0.01, real=0.05 secs] 
3780.877: [GC (Allocation Failure) [PSYoungGen: 432416K->103232K(499200K)] 719458K->502938K(1897472K), 0.0619862 secs] [Times: user=0.36 sys=0.00, real=0.06 secs] 
3781.802: [GC (Allocation Failure) [PSYoungGen: 414528K->117056K(504320K)] 814234K->619942K(1902592K), 0.0503662 secs] [Times: user=0.30 sys=0.00, real=0.05 secs] 
3783.097: [GC (Allocation Failure) [PSYoungGen: 441664K->131200K(501760K)] 944550K->740883K(1900032K), 0.0629610 secs] [Times: user=0.37 sys=0.00, real=0.06 secs] 
3784.657: [GC (Allocation Failure) [PSYoungGen: 455808K->99328K(513024K)] 1065491K->839747K(1911296K), 0.0560207 secs] [Times: user=0.33 sys=0.00, real=0.05 secs] 
3785.503: [GC (Allocation Failure) [PSYoungGen: 439754K->174048K(516096K)] 1180173K->1013424K(1914368K), 0.0600931 secs] [Times: user=0.35 sys=0.00, real=0.06 secs] 
3786.595: [GC (Allocation Failure) [PSYoungGen: 510132K->93536K(435200K)] 1349509K->1071984K(1833472K), 0.0598707 secs] [Times: user=0.35 sys=0.00, real=0.06 secs] 
3787.009: [GC (Allocation Failure) [PSYoungGen: 345952K->110272K(475648K)] 1324400K->1176421K(1873920K), 0.0517357 secs] [Times: user=0.30 sys=0.01, real=0.05 secs] 
3788.456: [GC (Allocation Failure) [PSYoungGen: 362688K->60160K(467968K)] 1428837K->1236093K(1866240K), 0.1171890 secs] [Times: user=0.69 sys=0.00, real=0.12 secs] 
3789.383: [GC (Allocation Failure) [PSYoungGen: 321280K->108960K(476160K)] 1497213K->1342245K(1874432K), 0.0410394 secs] [Times: user=0.24 sys=0.00, real=0.04 secs] 
3789.424: [Full GC (Ergonomics) [PSYoungGen: 108960K->0K(476160K)] [ParOldGen: 1233285K->139593K(1398272K)] 1342245K->139593K(1874432K), [Metaspace: 60345K->60345K(1105920K)], 0.3300815 secs] [Times: user=1.53 sys=0.00, real=0.33 secs] 
3790.075: [GC (Allocation Failure) [PSYoungGen: 261120K->116480K(468480K)] 400713K->256073K(1866752K), 0.0338755 secs] [Times: user=0.20 sys=0.00, real=0.04 secs] 
3793.019: [GC (Allocation Failure) [PSYoungGen: 394496K->67040K(475648K)] 534089K->322581K(1873920K), 0.0763769 secs] [Times: user=0.45 sys=0.01, real=0.07 secs] 
3793.522: [GC (Allocation Failure) [PSYoungGen: 345056K->121568K(492544K)] 600597K->437768K(1890816K), 0.0421618 secs] [Times: user=0.25 sys=0.00, real=0.04 secs] 
3794.873: [GC (GCLocker Initiated GC) [PSYoungGen: 425696K->90336K(497152K)] 741897K->519505K(1895424K), 0.0987676 secs] [Times: user=0.58 sys=0.01, real=0.10 secs] 
3795.729: [GC (Allocation Failure) [PSYoungGen: 394464K->134336K(503296K)] 823635K->650780K(1901568K), 0.0467378 secs] [Times: user=0.27 sys=0.00, real=0.04 secs] 
3797.111: [GC (Allocation Failure) [PSYoungGen: 449728K->107808K(423424K)] 966172K->740796K(1821696K), 0.0612973 secs] [Times: user=0.36 sys=0.00, real=0.06 secs] 
3797.830: [GC (GCLocker Initiated GC) [PSYoungGen: 423200K->117856K(507392K)] 1056188K->858232K(1905664K), 0.0511613 secs] [Times: user=0.29 sys=0.00, real=0.05 secs] 
3799.146: [GC (Allocation Failure) [PSYoungGen: 442976K->130368K(503296K)] 1183354K->978418K(1901568K), 0.0628279 secs] [Times: user=0.37 sys=0.00, real=0.06 secs] 
3800.697: [GC (Allocation Failure) [PSYoungGen: 455488K->104000K(514048K)] 1303538K->1081842K(1912320K), 0.0567454 secs] [Times: user=0.34 sys=0.00, real=0.05 secs] 
3801.521: [GC (Allocation Failure) [PSYoungGen: 446016K->173536K(515584K)] 1423858K->1253575K(1913856K), 0.0636545 secs] [Times: user=0.36 sys=0.02, real=0.06 secs] 
3802.919: [GC (Allocation Failure) [PSYoungGen: 515552K->100000K(436736K)] 1595591K->1316367K(1835008K), 0.0615844 secs] [Times: user=0.37 sys=0.00, real=0.06 secs] 
3802.980: [Full GC (Ergonomics) [PSYoungGen: 100000K->0K(436736K)] [ParOldGen: 1216367K->115015K(1398272K)] 1316367K->115015K(1835008K), [Metaspace: 60348K->60348K(1105920K)], 0.2611788 secs] [Times: user=1.18 sys=0.00, real=0.26 secs] 
3803.564: [GC (Allocation Failure) [PSYoungGen: 253440K->132960K(476160K)] 368455K->247975K(1874432K), 0.0362343 secs] [Times: user=0.21 sys=0.00, real=0.04 secs] 
3804.959: [GC (Allocation Failure) [PSYoungGen: 386400K->58624K(474624K)] 501415K->290195K(1872896K), 0.1089239 secs] [Times: user=0.65 sys=0.00, real=0.11 secs] 
3805.545: [GC (Allocation Failure) [PSYoungGen: 318720K->109504K(369664K)] 550291K->396224K(1767936K), 0.0356697 secs] [Times: user=0.21 sys=0.00, real=0.04 secs] 
3806.978: [GC (Allocation Failure) [PSYoungGen: 369600K->148896K(474112K)] 656320K->535736K(1872384K), 0.1313023 secs] [Times: user=0.78 sys=0.00, real=0.13 secs] 
3808.460: [GC (Allocation Failure) [PSYoungGen: 412576K->65344K(476160K)] 799416K->567352K(1874432K), 0.0672213 secs] [Times: user=0.39 sys=0.00, real=0.07 secs] 
3808.909: [GC (Allocation Failure) [PSYoungGen: 329024K->113056K(468480K)] 831032K->674553K(1866752K), 0.0408483 secs] [Times: user=0.24 sys=0.00, real=0.04 secs] 
3810.209: [GC (Allocation Failure) [PSYoungGen: 386464K->80704K(477184K)] 947961K->746425K(1875456K), 0.0611982 secs] [Times: user=0.36 sys=0.00, real=0.06 secs] 
3811.113: [GC (Allocation Failure) [PSYoungGen: 354112K->109312K(475648K)] 1019833K->854038K(1873920K), 0.0431752 secs] [Times: user=0.25 sys=0.00, real=0.05 secs] 
3811.526: [GC (GCLocker Initiated GC) [PSYoungGen: 403712K->131456K(486912K)] 1148439K->975747K(1885184K), 0.0580630 secs] [Times: user=0.35 sys=0.00, real=0.05 secs] 
3813.567: [GC (Allocation Failure) [PSYoungGen: 425856K->75104K(503296K)] 1270149K->1050485K(1901568K), 0.0575248 secs] [Times: user=0.34 sys=0.00, real=0.05 secs] 
3814.009: [GC (Allocation Failure) [PSYoungGen: 389984K->136864K(505344K)] 1365365K->1181470K(1903616K), 0.0513411 secs] [Times: user=0.30 sys=0.00, real=0.05 secs] 
3815.914: [GC (Allocation Failure) [PSYoungGen: 451744K->83648K(504320K)] 1496350K->1264402K(1902592K), 0.1144968 secs] [Times: user=0.67 sys=0.00, real=0.12 secs] 
3816.503: [GC (Allocation Failure) [PSYoungGen: 399552K->135456K(505344K)] 1580306K->1396419K(1903616K), 0.0476532 secs] [Times: user=0.28 sys=0.00, real=0.05 secs] 
3816.551: [Full GC (Ergonomics) [PSYoungGen: 135456K->0K(505344K)] [ParOldGen: 1260963K->193319K(1398272K)] 1396419K->193319K(1903616K), [Metaspace: 60353K->60353K(1105920K)], 0.4757789 secs] [Times: user=2.23 sys=0.00, real=0.48 secs] 
3818.250: [GC (Allocation Failure) [PSYoungGen: 315904K->94272K(501760K)] 509223K->287591K(1900032K), 0.0311504 secs] [Times: user=0.18 sys=0.00, real=0.03 secs] 
3819.162: [GC (Allocation Failure) [PSYoungGen: 412736K->133792K(504832K)] 606055K->417052K(1903104K), 0.0466762 secs] [Times: user=0.28 sys=0.00, real=0.05 secs] 
3820.596: [GC (Allocation Failure) [PSYoungGen: 452256K->98144K(503296K)] 735516K->506192K(1901568K), 0.0706247 secs] [Times: user=0.42 sys=0.00, real=0.08 secs] 
3822.426: [GC (Allocation Failure) [PSYoungGen: 423264K->132416K(507392K)] 831312K->636548K(1905664K), 0.0501260 secs] [Times: user=0.30 sys=0.00, real=0.05 secs] 
3823.772: [GC (Allocation Failure) [PSYoungGen: 457536K->110624K(504320K)] 961668K->738052K(1902592K), 0.0639352 secs] [Times: user=0.38 sys=0.00, real=0.06 secs] 
3824.859: [GC (Allocation Failure) [PSYoungGen: 443936K->125536K(509952K)] 1071364K->863524K(1908224K), 0.0537736 secs] [Times: user=0.32 sys=0.00, real=0.05 secs] 
3826.239: [GC (Allocation Failure) [PSYoungGen: 458848K->124128K(515584K)] 1196836K->976349K(1913856K), 0.0636838 secs] [Times: user=0.38 sys=0.00, real=0.06 secs] 
3826.978: [GC (Allocation Failure) [PSYoungGen: 471264K->130656K(519680K)] 1323485K->1106501K(1917952K), 0.0571638 secs] [Times: user=0.33 sys=0.00, real=0.05 secs] 
3828.387: [GC (Allocation Failure) [PSYoungGen: 477792K->125696K(521216K)] 1453637K->1213658K(1919488K), 0.0638155 secs] [Times: user=0.38 sys=0.00, real=0.06 secs] 
3829.330: [GC (Allocation Failure) [PSYoungGen: 479488K->147040K(501248K)] 1567450K->1360610K(1899520K), 0.0590459 secs] [Times: user=0.35 sys=0.00, real=0.06 secs] 
3830.773: [GC (Allocation Failure) [PSYoungGen: 500832K->3040K(493568K)] 1714402K->1216634K(1891840K), 0.0034510 secs] [Times: user=0.01 sys=0.00, real=0.01 secs] 
3830.776: [Full GC (Ergonomics) [PSYoungGen: 3040K->0K(493568K)] [ParOldGen: 1213594K->18381K(1398272K)] 1216634K->18381K(1891840K), [Metaspace: 60360K->60360K(1105920K)], 0.0297981 secs] [Times: user=0.08 sys=0.00, real=0.03 secs] 
3832.040: [GC (Allocation Failure) [PSYoungGen: 317952K->131456K(508416K)] 336333K->149837K(1906688K), 0.0251659 secs] [Times: user=0.14 sys=0.00, real=0.02 secs] 
3833.399: [GC (Allocation Failure) [PSYoungGen: 449408K->123968K(502272K)] 467789K->256329K(1900544K), 0.0633095 secs] [Times: user=0.38 sys=0.01, real=0.06 secs] 
3834.414: [GC (Allocation Failure) [PSYoungGen: 441920K->100896K(505344K)] 574281K->356649K(1903616K), 0.0532752 secs] [Times: user=0.32 sys=0.00, real=0.06 secs] 
3834.939: [GC (Allocation Failure) [PSYoungGen: 418848K->143936K(503808K)] 674601K->490322K(1902080K), 0.0566960 secs] [Times: user=0.34 sys=0.00, real=0.05 secs] 
3837.174: [GC (Allocation Failure) [PSYoungGen: 465984K->84608K(508928K)] 812370K->574810K(1907200K), 0.0614046 secs] [Times: user=0.37 sys=0.00, real=0.06 secs] 
3837.681: [GC (Allocation Failure) [PSYoungGen: 406656K->141152K(506880K)] 896858K->710450K(1905152K), 0.0544405 secs] [Times: user=0.32 sys=0.00, real=0.05 secs] 
3839.272: [GC (Allocation Failure) [PSYoungGen: 463200K->88448K(510464K)] 1032498K->798826K(1908736K), 0.0727795 secs] [Times: user=0.43 sys=0.00, real=0.07 secs] 
3839.740: [GC (Allocation Failure) [PSYoungGen: 410496K->157696K(494080K)] 1120874K->950539K(1892352K), 0.0544326 secs] [Times: user=0.32 sys=0.01, real=0.05 secs] 
3841.601: [GC (Allocation Failure) [PSYoungGen: 466432K->80672K(503808K)] 1259275K->1014599K(1902080K), 0.0630640 secs] [Times: user=0.37 sys=0.00, real=0.06 secs] 
3842.255: [GC (Allocation Failure) [PSYoungGen: 389408K->130752K(499200K)] 1323335K->1141188K(1897472K), 0.0465807 secs] [Times: user=0.28 sys=0.00, real=0.05 secs] 
3843.504: [GC (Allocation Failure) [PSYoungGen: 441024K->95008K(502272K)] 1451460K->1227492K(1900544K), 0.0706882 secs] [Times: user=0.36 sys=0.00, real=0.07 secs] 
3845.000: [GC (Allocation Failure) [PSYoungGen: 405280K->126720K(504320K)] 1537764K->1351776K(1902592K), 0.0485953 secs] [Times: user=0.28 sys=0.00, real=0.05 secs] 
3845.049: [Full GC (Ergonomics) [PSYoungGen: 126720K->0K(504320K)] [ParOldGen: 1225056K->157744K(1398272K)] 1351776K->157744K(1902592K), [Metaspace: 60379K->60379K(1105920K)], 0.3689655 secs] [Times: user=1.71 sys=0.00, real=0.37 secs] 
3846.644: [GC (Allocation Failure) [PSYoungGen: 319488K->107840K(504832K)] 477232K->265592K(1903104K), 0.0392452 secs] [Times: user=0.23 sys=0.00, real=0.04 secs] 
3847.316: [GC (Allocation Failure) [PSYoungGen: 427328K->121984K(509952K)] 585080K->386421K(1908224K), 0.0534646 secs] [Times: user=0.32 sys=0.00, real=0.06 secs] 
3848.642: [GC (Allocation Failure) [PSYoungGen: 454272K->125216K(507904K)] 718709K->501813K(1906176K), 0.0629766 secs] [Times: user=0.38 sys=0.00, real=0.06 secs] 
3849.922: [GC (Allocation Failure) [PSYoungGen: 457504K->119136K(519168K)] 834101K->620893K(1917440K), 0.0560339 secs] [Times: user=0.33 sys=0.01, real=0.06 secs] 
3851.307: [GC (Allocation Failure) [PSYoungGen: 468832K->137600K(519168K)] 970589K->739762K(1917440K), 0.0619893 secs] [Times: user=0.37 sys=0.00, real=0.06 secs] 
3853.928: [GC (Allocation Failure) [PSYoungGen: 487296K->113312K(522752K)] 1089458K->852674K(1921024K), 0.0585221 secs] [Times: user=0.35 sys=0.00, real=0.06 secs] 
3855.385: [GC (Allocation Failure) [PSYoungGen: 470688K->135488K(524800K)] 1210050K->977841K(1923072K), 0.0626663 secs] [Times: user=0.37 sys=0.00, real=0.07 secs] 
3856.463: [GC (Allocation Failure) [PSYoungGen: 492864K->121984K(525824K)] 1335217K->1099209K(1924096K), 0.0592540 secs] [Times: user=0.34 sys=0.01, real=0.06 secs] 
3857.872: [GC (Allocation Failure) [PSYoungGen: 484480K->126528K(527872K)] 1461705K->1215096K(1926144K), 0.0631627 secs] [Times: user=0.37 sys=0.00, real=0.06 secs] 
3859.854: [GC (GCLocker Initiated GC) [PSYoungGen: 489024K->134560K(532480K)] 1577592K->1349584K(1930752K), 0.0584172 secs] [Times: user=0.35 sys=0.00, real=0.06 secs] 
3861.250: [GC (Allocation Failure) [PSYoungGen: 503712K->8768K(378368K)] 1718738K->1223863K(1776640K), 0.0051733 secs] [Times: user=0.03 sys=0.00, real=0.00 secs] 
3861.255: [Full GC (Ergonomics) [PSYoungGen: 8768K->0K(378368K)] [ParOldGen: 1215094K->24535K(1398272K)] 1223863K->24535K(1776640K), [Metaspace: 60394K->60394K(1105920K)], 0.0359352 secs] [Times: user=0.10 sys=0.00, real=0.04 secs] 
3861.835: [GC (Allocation Failure) [PSYoungGen: 369152K->150432K(503296K)] 393687K->174967K(1901568K), 0.0299437 secs] [Times: user=0.18 sys=0.00, real=0.03 secs] 
3863.213: [GC (Allocation Failure) [PSYoungGen: 474528K->100512K(511488K)] 499063K->266283K(1909760K), 0.0714297 secs] [Times: user=0.43 sys=0.00, real=0.07 secs] 
3863.951: [GC (Allocation Failure) [PSYoungGen: 424608K->132512K(509440K)] 590379K->396888K(1907712K), 0.0498699 secs] [Times: user=0.29 sys=0.01, real=0.05 secs] 
3865.278: [GC (Allocation Failure) [PSYoungGen: 461728K->109888K(512000K)] 726104K->497352K(1910272K), 0.0623669 secs] [Times: user=0.37 sys=0.00, real=0.06 secs] 
3868.052: [GC (Allocation Failure) [PSYoungGen: 439104K->122368K(513024K)] 826568K->617941K(1911296K), 0.0519216 secs] [Times: user=0.30 sys=0.00, real=0.05 secs] 
3869.394: [GC (Allocation Failure) [PSYoungGen: 461312K->124704K(512512K)] 956885K->733173K(1910784K), 0.0632010 secs] [Times: user=0.38 sys=0.00, real=0.07 secs] 
3870.884: [GC (Allocation Failure) [PSYoungGen: 463648K->118976K(520192K)] 1072117K->852069K(1918464K), 0.0563901 secs] [Times: user=0.32 sys=0.01, real=0.06 secs] 
3872.259: [GC (Allocation Failure) [PSYoungGen: 473280K->129152K(521216K)] 1206373K->970986K(1919488K), 0.0628454 secs] [Times: user=0.38 sys=0.00, real=0.06 secs] 
3873.432: [GC (Allocation Failure) [PSYoungGen: 483456K->127488K(529408K)] 1325290K->1098442K(1927680K), 0.0579010 secs] [Times: user=0.34 sys=0.00, real=0.06 secs] 
3875.641: [GC (Allocation Failure) [PSYoungGen: 493056K->3296K(369152K)] 1464010K->974322K(1767424K), 0.0027045 secs] [Times: user=0.01 sys=0.00, real=0.00 secs] 
3876.327: [GC (Allocation Failure) [PSYoungGen: 368864K->145152K(505344K)] 1339890K->1117547K(1903616K), 0.0298297 secs] [Times: user=0.17 sys=0.01, real=0.03 secs] 
3877.619: [GC (Allocation Failure) [PSYoungGen: 470272K->105376K(512000K)] 1442667K->1213175K(1910272K), 0.0659473 secs] [Times: user=0.39 sys=0.00, real=0.06 secs] 
3878.982: [GC (Allocation Failure) [PSYoungGen: 430496K->128064K(510976K)] 1538295K->1339308K(1909248K), 0.0514863 secs] [Times: user=0.31 sys=0.00, real=0.05 secs] 
3879.033: [Full GC (Ergonomics) [PSYoungGen: 128064K->0K(510976K)] [ParOldGen: 1211243K->145300K(1398272K)] 1339308K->145300K(1909248K), [Metaspace: 60394K->60394K(1105920K)], 0.3414997 secs] [Times: user=1.57 sys=0.00, real=0.34 secs] 
3880.633: [GC (Allocation Failure) [PSYoungGen: 331776K->118656K(511488K)] 477076K->263956K(1909760K), 0.0421467 secs] [Times: user=0.25 sys=0.00, real=0.04 secs] 
3883.060: [GC (Allocation Failure) [PSYoungGen: 450432K->116960K(513536K)] 595732K->380572K(1911808K), 0.0585430 secs] [Times: user=0.35 sys=0.00, real=0.06 secs] 
3884.405: [GC (Allocation Failure) [PSYoungGen: 460512K->130976K(514560K)] 724124K->501421K(1912832K), 0.0624477 secs] [Times: user=0.37 sys=0.01, real=0.07 secs] 
3885.463: [GC (Allocation Failure) [PSYoungGen: 474528K->115712K(518144K)] 844973K->616701K(1916416K), 0.0573594 secs] [Times: user=0.33 sys=0.00, real=0.06 secs] 
3886.884: [GC (Allocation Failure) [PSYoungGen: 472064K->132768K(522752K)] 973053K->738682K(1921024K), 0.0624174 secs] [Times: user=0.37 sys=0.00, real=0.07 secs] 
3889.224: [GC (Allocation Failure) [PSYoungGen: 489120K->123584K(528896K)] 1095034K->862206K(1927168K), 0.0582486 secs] [Times: user=0.34 sys=0.00, real=0.06 secs] 
3890.699: [GC (Allocation Failure) [PSYoungGen: 488128K->1568K(366592K)] 1226750K->740238K(1764864K), 0.0027249 secs] [Times: user=0.01 sys=0.00, real=0.00 secs] 
3891.417: [GC (Allocation Failure) [PSYoungGen: 366112K->138944K(509440K)] 1104782K->878226K(1907712K), 0.0284995 secs] [Times: user=0.16 sys=0.00, real=0.02 secs] 
3893.041: [GC (Allocation Failure) [PSYoungGen: 468160K->2976K(332288K)] 1207442K->742411K(1730560K), 0.0026410 secs] [Times: user=0.01 sys=0.00, real=0.00 secs] 
3894.109: [GC (Allocation Failure) [PSYoungGen: 332192K->133760K(497152K)] 1071627K->874263K(1895424K), 0.0262750 secs] [Times: user=0.15 sys=0.00, real=0.02 secs] 
3895.360: [GC (Allocation Failure) [PSYoungGen: 435328K->121856K(500224K)] 1175831K->978183K(1898496K), 0.0631763 secs] [Times: user=0.38 sys=0.00, real=0.06 secs] 
3897.719: [GC (Allocation Failure) [PSYoungGen: 423424K->91136K(484864K)] 1279751K->1068847K(1883136K), 0.0519579 secs] [Times: user=0.31 sys=0.00, real=0.05 secs] 
3898.142: [GC (Allocation Failure) [PSYoungGen: 394752K->131360K(493056K)] 1372463K->1194324K(1891328K), 0.0548992 secs] [Times: user=0.32 sys=0.01, real=0.06 secs] 
3899.658: [GC (Allocation Failure) [PSYoungGen: 434976K->79648K(503296K)] 1497940K->1273784K(1901568K), 0.0585497 secs] [Times: user=0.34 sys=0.00, real=0.06 secs] 
3899.717: [Full GC (Ergonomics) [PSYoungGen: 79648K->0K(503296K)] [ParOldGen: 1194136K->73400K(1398272K)] 1273784K->73400K(1901568K), [Metaspace: 60394K->60394K(1105920K)], 0.1568101 secs] [Times: user=0.68 sys=0.00, real=0.15 secs] 
3900.324: [GC (Allocation Failure) [PSYoungGen: 302914K->131104K(505344K)] 376314K->204504K(1903616K), 0.0324190 secs] [Times: user=0.19 sys=0.00, real=0.04 secs] 
3901.867: [GC (Allocation Failure) [PSYoungGen: 449056K->96832K(499200K)] 522456K->292456K(1897472K), 0.1148434 secs] [Times: user=0.68 sys=0.00, real=0.11 secs] 
3902.574: [GC (Allocation Failure) [PSYoungGen: 418880K->135968K(504320K)] 614504K->424880K(1902592K), 0.0468972 secs] [Times: user=0.28 sys=0.00, real=0.05 secs] 
3904.976: [GC (Allocation Failure) [PSYoungGen: 458016K->99136K(507392K)] 746928K->514984K(1905664K), 0.0805703 secs] [Times: user=0.41 sys=0.00, real=0.08 secs] 
3905.709: [GC (Allocation Failure) [PSYoungGen: 429376K->138432K(509952K)] 845224K->649653K(1908224K), 0.0501101 secs] [Times: user=0.30 sys=0.00, real=0.05 secs] 
3907.049: [GC (Allocation Failure) [PSYoungGen: 468672K->102400K(511488K)] 979893K->743029K(1909760K), 0.0648655 secs] [Times: user=0.38 sys=0.01, real=0.06 secs] 
3907.848: [GC (Allocation Failure) [PSYoungGen: 437248K->145408K(513024K)] 1077877K->886649K(1911296K), 0.0519361 secs] [Times: user=0.30 sys=0.00, real=0.05 secs] 
3909.191: [GC (Allocation Failure) [PSYoungGen: 480256K->108800K(514048K)] 1221497K->978121K(1912320K), 0.0661992 secs] [Times: user=0.39 sys=0.00, real=0.07 secs] 
3910.439: [GC (GCLocker Initiated GC) [PSYoungGen: 444672K->130624K(514048K)] 1313994K->1107766K(1912320K), 0.0543451 secs] [Times: user=0.32 sys=0.00, real=0.05 secs] 
3911.811: [GC (Allocation Failure) [PSYoungGen: 466496K->116288K(509440K)] 1443640K->1214992K(1907712K), 0.0659967 secs] [Times: user=0.39 sys=0.00, real=0.07 secs] 
3913.035: [GC (Allocation Failure) [PSYoungGen: 458816K->135904K(515072K)] 1557520K->1350472K(1913344K), 0.0562220 secs] [Times: user=0.33 sys=0.00, real=0.06 secs] 
3913.091: [Full GC (Ergonomics) [PSYoungGen: 135904K->0K(515072K)] [ParOldGen: 1214568K->143206K(1398272K)] 1350472K->143206K(1913344K), [Metaspace: 60394K->60394K(1105920K)], 0.3295668 secs] [Times: user=1.52 sys=0.00, real=0.33 secs] 
3914.745: [GC (Allocation Failure) [PSYoungGen: 342528K->120672K(520192K)] 485734K->263878K(1918464K), 0.0423139 secs] [Times: user=0.25 sys=0.00, real=0.05 secs] 
3915.697: [GC (Allocation Failure) [PSYoungGen: 472416K->128288K(522240K)] 615622K->391862K(1920512K), 0.0594607 secs] [Times: user=0.35 sys=0.01, real=0.06 secs] 
3917.085: [GC (Allocation Failure) [PSYoungGen: 480032K->704K(499712K)] 743606K->264350K(1897984K), 0.0019965 secs] [Times: user=0.01 sys=0.00, real=0.01 secs] 
3919.404: [GC (Allocation Failure) [PSYoungGen: 330944K->122848K(514560K)] 594590K->386502K(1912832K), 0.0252438 secs] [Times: user=0.14 sys=0.00, real=0.03 secs] 
3920.814: [GC (Allocation Failure) [PSYoungGen: 453088K->124800K(510464K)] 716742K->501211K(1908736K), 0.0630782 secs] [Times: user=0.38 sys=0.00, real=0.07 secs] 
3921.560: [GC (Allocation Failure) [PSYoungGen: 457088K->112192K(513536K)] 833499K->613339K(1911808K), 0.0555220 secs] [Times: user=0.33 sys=0.01, real=0.05 secs] 
3922.876: [GC (Allocation Failure) [PSYoungGen: 444480K->136576K(511488K)] 945627K->739680K(1909760K), 0.0623342 secs] [Times: user=0.37 sys=0.00, real=0.07 secs] 
3923.740: [GC (Allocation Failure) [PSYoungGen: 472960K->104832K(514560K)] 1076064K->843728K(1912832K), 0.0566462 secs] [Times: user=0.34 sys=0.00, real=0.06 secs] 
3925.168: [GC (Allocation Failure) [PSYoungGen: 439631K->173024K(417280K)] 1178528K->1014181K(1815552K), 0.0740226 secs] [Times: user=0.43 sys=0.01, real=0.07 secs] 
3927.257: [GC (Allocation Failure) [PSYoungGen: 417248K->57984K(302592K)] 1258405K->1035077K(1700864K), 0.0850295 secs] [Times: user=0.49 sys=0.01, real=0.08 secs] 
3927.658: [GC (Allocation Failure) [PSYoungGen: 302208K->107680K(477696K)] 1279301K->1137494K(1875968K), 0.0384950 secs] [Times: user=0.23 sys=0.00, real=0.04 secs] 
3928.814: [GC (Allocation Failure) [PSYoungGen: 356000K->87424K(335872K)] 1385814K->1216630K(1734144K), 0.0559748 secs] [Times: user=0.33 sys=0.00, real=0.06 secs] 
3929.781: [GC (GCLocker Initiated GC) [PSYoungGen: 335744K->78624K(468480K)] 1464952K->1294464K(1866752K), 0.0432426 secs] [Times: user=0.25 sys=0.00, real=0.04 secs] 
3929.825: [Full GC (Ergonomics) [PSYoungGen: 78624K->0K(468480K)] [ParOldGen: 1215840K->94827K(1398272K)] 1294464K->94827K(1866752K), [Metaspace: 60394K->60394K(1105920K)], 0.2117402 secs] [Times: user=0.94 sys=0.01, real=0.22 secs] 
3930.404: [GC (GCLocker Initiated GC) [PSYoungGen: 251904K->109024K(464896K)] 346735K->203855K(1863168K), 0.0228610 secs] [Times: user=0.13 sys=0.01, real=0.03 secs] 
3931.578: [GC (Allocation Failure) [PSYoungGen: 360928K->70912K(475136K)] 455765K->266325K(1873408K), 0.0587857 secs] [Times: user=0.34 sys=0.00, real=0.06 secs] 
3933.222: [GC (Allocation Failure) [PSYoungGen: 342272K->108576K(473088K)] 537685K->373798K(1871360K), 0.0391542 secs] [Times: user=0.23 sys=0.00, real=0.04 secs] 
3933.604: [GC (Allocation Failure) [PSYoungGen: 379936K->122880K(488960K)] 645158K->487018K(1887232K), 0.0557094 secs] [Times: user=0.33 sys=0.00, real=0.06 secs] 
3935.490: [GC (Allocation Failure) [PSYoungGen: 419328K->74592K(485888K)] 783466K->561110K(1884160K), 0.0881637 secs] [Times: user=0.52 sys=0.00, real=0.09 secs] 
3935.980: [GC (Allocation Failure) [PSYoungGen: 369172K->127904K(504320K)] 855691K->682455K(1902592K), 0.0449029 secs] [Times: user=0.27 sys=0.01, real=0.04 secs] 
3937.680: [GC (Allocation Failure) [PSYoungGen: 444832K->96256K(504320K)] 999383K->770371K(1902592K), 0.1104131 secs] [Times: user=0.66 sys=0.00, real=0.11 secs] 
3938.578: [GC (GCLocker Initiated GC) [PSYoungGen: 413184K->130272K(504832K)] 1087299K->896816K(1903104K), 0.0470295 secs] [Times: user=0.28 sys=0.00, real=0.04 secs] 
3939.972: [GC (Allocation Failure) [PSYoungGen: 453344K->101984K(505856K)] 1219890K->989470K(1904128K), 0.0661448 secs] [Times: user=0.39 sys=0.01, real=0.07 secs] 
3941.513: [GC (Allocation Failure) [PSYoungGen: 425056K->133632K(508416K)] 1312542K->1121003K(1906688K), 0.0514905 secs] [Times: user=0.30 sys=0.00, real=0.05 secs] 
3942.848: [GC (Allocation Failure) [PSYoungGen: 465408K->107712K(510976K)] 1452779K->1219639K(1909248K), 0.0643503 secs] [Times: user=0.38 sys=0.00, real=0.06 secs] 
3943.408: [GC (Allocation Failure) [PSYoungGen: 439488K->132992K(514048K)] 1551415K->1351060K(1912320K), 0.0533573 secs] [Times: user=0.31 sys=0.00, real=0.05 secs] 
3944.771: [GC (Allocation Failure) [PSYoungGen: 473984K->115264K(516096K)] 1692052K->1457076K(1914368K), 0.0730194 secs] [Times: user=0.42 sys=0.02, real=0.07 secs] 
3944.844: [Full GC (Ergonomics) [PSYoungGen: 115264K->0K(516096K)] [ParOldGen: 1341812K->19060K(1398272K)] 1457076K->19060K(1914368K), [Metaspace: 60398K->60398K(1105920K)], 0.0282345 secs] [Times: user=0.06 sys=0.00, real=0.03 secs] 
3945.720: [GC (Allocation Failure) [PSYoungGen: 340992K->131328K(519168K)] 360052K->150388K(1917440K), 0.0264774 secs] [Times: user=0.15 sys=0.00, real=0.03 secs] 
3947.097: [GC (Allocation Failure) [PSYoungGen: 481024K->2592K(352768K)] 500084K->21924K(1751040K), 0.0015221 secs] [Times: user=0.01 sys=0.00, real=0.00 secs] 
3949.035: [GC (Allocation Failure) [PSYoungGen: 352288K->144160K(501248K)] 371620K->164265K(1899520K), 0.0275013 secs] [Times: user=0.16 sys=0.00, real=0.03 secs] 
3950.335: [GC (Allocation Failure) [PSYoungGen: 461088K->110880K(428032K)] 481193K->257625K(1826304K), 0.0643943 secs] [Times: user=0.38 sys=0.00, real=0.07 secs] 
3951.020: [GC (Allocation Failure) [PSYoungGen: 427808K->114016K(512512K)] 574553K->371585K(1910784K), 0.0513793 secs] [Times: user=0.30 sys=0.00, real=0.05 secs] 
3952.327: [GC (Allocation Failure) [PSYoungGen: 442720K->133728K(507392K)] 700289K->495030K(1905664K), 0.0621130 secs] [Times: user=0.37 sys=0.00, real=0.06 secs] 
3953.184: [GC (Allocation Failure) [PSYoungGen: 462432K->110208K(509952K)] 823734K->605158K(1908224K), 0.0566319 secs] [Times: user=0.34 sys=0.00, real=0.06 secs] 
3953.821: [GC (Allocation Failure) [PSYoungGen: 449664K->174048K(513536K)] 944614K->770299K(1911808K), 0.0595848 secs] [Times: user=0.36 sys=0.00, real=0.06 secs] 
3957.005: [GC (Allocation Failure) [PSYoungGen: 513504K->96864K(436736K)] 1109755K->830099K(1835008K), 0.0608487 secs] [Times: user=0.36 sys=0.00, real=0.06 secs] 
3957.391: [GC (Allocation Failure) [PSYoungGen: 348256K->109056K(475136K)] 1081491K->929548K(1873408K), 0.0508917 secs] [Times: user=0.29 sys=0.00, real=0.05 secs] 
3958.637: [GC (Allocation Failure) [PSYoungGen: 360448K->60736K(470016K)] 1180940K->990124K(1868288K), 0.0547661 secs] [Times: user=0.33 sys=0.00, real=0.05 secs] 
3959.647: [GC (Allocation Failure) [PSYoungGen: 319296K->106304K(476160K)] 1248684K->1093599K(1874432K), 0.0405043 secs] [Times: user=0.24 sys=0.00, real=0.04 secs] 
3960.017: [GC (Allocation Failure) [PSYoungGen: 364864K->118656K(466944K)] 1352159K->1202679K(1865216K), 0.0542403 secs] [Times: user=0.32 sys=0.00, real=0.05 secs] 
3962.189: [GC (Allocation Failure) [PSYoungGen: 390528K->65792K(473088K)] 1474551K->1268395K(1871360K), 0.1126750 secs] [Times: user=0.67 sys=0.00, real=0.11 secs] 
3962.689: [GC (Allocation Failure) [PSYoungGen: 337664K->117952K(484352K)] 1540267K->1380232K(1882624K), 0.0416812 secs] [Times: user=0.25 sys=0.00, real=0.04 secs] 
3962.731: [Full GC (Ergonomics) [PSYoungGen: 117952K->0K(484352K)] [ParOldGen: 1262280K->183942K(1398272K)] 1380232K->183942K(1882624K), [Metaspace: 60399K->60399K(1105920K)], 0.4428556 secs] [Times: user=2.06 sys=0.00, real=0.44 secs] 
3964.460: [GC (Allocation Failure) [PSYoungGen: 296448K->90336K(491008K)] 480390K->274278K(1889280K), 0.0357160 secs] [Times: user=0.21 sys=0.00, real=0.04 secs] 
3965.080: [GC (Allocation Failure) [PSYoungGen: 386784K->121536K(495104K)] 570726K->393309K(1893376K), 0.0465185 secs] [Times: user=0.27 sys=0.01, real=0.05 secs] 
3966.372: [GC (Allocation Failure) [PSYoungGen: 435904K->116864K(500736K)] 707677K->500777K(1899008K), 0.0613679 secs] [Times: user=0.37 sys=0.00, real=0.06 secs] 
3967.240: [GC (Allocation Failure) [PSYoungGen: 431232K->107136K(499712K)] 815145K->607865K(1897984K), 0.0529336 secs] [Times: user=0.32 sys=0.00, real=0.05 secs] 
3968.144: [GC (Allocation Failure) [PSYoungGen: 438400K->175072K(506368K)] 939129K->776038K(1904640K), 0.0608478 secs] [Times: user=0.35 sys=0.00, real=0.06 secs] 
3969.696: [GC (Allocation Failure) [PSYoungGen: 504621K->93376K(440832K)] 1105587K->832350K(1839104K), 0.0609556 secs] [Times: user=0.36 sys=0.00, real=0.07 secs] 
3970.061: [GC (Allocation Failure) [PSYoungGen: 341696K->109632K(473600K)] 1080670K->936467K(1871872K), 0.0511130 secs] [Times: user=0.30 sys=0.00, real=0.05 secs] 
3971.401: [GC (Allocation Failure) [PSYoungGen: 357952K->57856K(468992K)] 1184787K->994255K(1867264K), 0.0627415 secs] [Times: user=0.37 sys=0.01, real=0.06 secs] 
3972.615: [GC (Allocation Failure) [PSYoungGen: 313856K->104224K(475136K)] 1250255K->1095315K(1873408K), 0.0408096 secs] [Times: user=0.24 sys=0.00, real=0.04 secs] 
3972.969: [GC (Allocation Failure) [PSYoungGen: 360224K->116448K(464896K)] 1351315K->1202827K(1863168K), 0.0550537 secs] [Times: user=0.32 sys=0.00, real=0.05 secs] 
3974.806: [GC (Allocation Failure) [PSYoungGen: 385760K->64800K(471040K)] 1472139K->1267147K(1869312K), 0.0979260 secs] [Times: user=0.58 sys=0.00, real=0.09 secs] 
3975.320: [GC (GCLocker Initiated GC) [PSYoungGen: 334112K->115872K(482816K)] 1536460K->1376941K(1881088K), 0.0411850 secs] [Times: user=0.24 sys=0.00, real=0.04 secs] 
3975.361: [Full GC (Ergonomics) [PSYoungGen: 115872K->0K(482816K)] [ParOldGen: 1261069K->175085K(1398272K)] 1376941K->175085K(1881088K), [Metaspace: 60399K->60399K(1105920K)], 0.4231825 secs] [Times: user=1.97 sys=0.00, real=0.42 secs] 
3977.118: [GC (Allocation Failure) [PSYoungGen: 295424K->91872K(489984K)] 470580K->267028K(1888256K), 0.0463813 secs] [Times: user=0.27 sys=0.00, real=0.04 secs] 
3979.233: [GC (Allocation Failure) [PSYoungGen: 387296K->115328K(491008K)] 562452K->380529K(1889280K), 0.0472714 secs] [Times: user=0.28 sys=0.01, real=0.05 secs] 
3980.554: [GC (Allocation Failure) [PSYoungGen: 430208K->130336K(498688K)] 695409K->501145K(1896960K), 0.0621232 secs] [Times: user=0.37 sys=0.00, real=0.07 secs] 
3981.809: [GC (Allocation Failure) [PSYoungGen: 445216K->92096K(507392K)] 816025K->593201K(1905664K), 0.0568508 secs] [Times: user=0.33 sys=0.00, real=0.05 secs] 
3982.282: [GC (GCLocker Initiated GC) [PSYoungGen: 422848K->142560K(510976K)] 923955K->729379K(1909248K), 0.0563850 secs] [Times: user=0.33 sys=0.01, real=0.06 secs] 
3984.320: [GC (Allocation Failure) [PSYoungGen: 473312K->96416K(514048K)] 1060134K->825262K(1912320K), 0.0664270 secs] [Times: user=0.39 sys=0.00, real=0.07 secs] 
3984.800: [GC (Allocation Failure) [PSYoungGen: 429216K->144288K(477184K)] 1158062K->958875K(1875456K), 0.0574784 secs] [Times: user=0.34 sys=0.00, real=0.06 secs] 
3987.179: [GC (Allocation Failure) [PSYoungGen: 477088K->90272K(515584K)] 1291675K->1048571K(1913856K), 0.0879175 secs] [Times: user=0.53 sys=0.00, real=0.09 secs] 
3987.659: [GC (Allocation Failure) [PSYoungGen: 419488K->140480K(470016K)] 1377787K->1183552K(1868288K), 0.0556833 secs] [Times: user=0.33 sys=0.00, real=0.05 secs] 
3989.739: [GC (Allocation Failure) [PSYoungGen: 469696K->91168K(515584K)] 1512768K->1273816K(1913856K), 0.0667149 secs] [Times: user=0.39 sys=0.00, real=0.06 secs] 
3990.209: [GC (Allocation Failure) [PSYoungGen: 419872K->142848K(472064K)] 1602520K->1410885K(1870336K), 0.0549547 secs] [Times: user=0.32 sys=0.00, real=0.05 secs] 
3990.264: [Full GC (Ergonomics) [PSYoungGen: 142848K->0K(472064K)] [ParOldGen: 1268037K->209890K(1398272K)] 1410885K->209890K(1870336K), [Metaspace: 60399K->60399K(1105920K)], 0.4909931 secs] [Times: user=2.30 sys=0.00, real=0.49 secs] 
3993.077: [GC (Allocation Failure) [PSYoungGen: 328704K->88288K(513536K)] 538594K->298178K(1911808K), 0.1128044 secs] [Times: user=0.67 sys=0.00, real=0.11 secs] 
3993.723: [GC (Allocation Failure) [PSYoungGen: 413920K->139424K(510976K)] 623810K->433959K(1909248K), 0.0480916 secs] [Times: user=0.28 sys=0.00, real=0.05 secs] 
3995.051: [GC (Allocation Failure) [PSYoungGen: 465056K->99808K(506880K)] 759591K->525343K(1905152K), 0.0624762 secs] [Times: user=0.36 sys=0.00, real=0.06 secs] 
3995.792: [GC (Allocation Failure) [PSYoungGen: 425440K->135392K(508928K)] 850975K->656858K(1907200K), 0.0489650 secs] [Times: user=0.28 sys=0.00, real=0.05 secs] 
3997.158: [GC (Allocation Failure) [PSYoungGen: 461024K->101376K(508416K)] 982490K->748923K(1906688K), 0.0622756 secs] [Times: user=0.36 sys=0.00, real=0.06 secs] 
3998.017: [GC (Allocation Failure) [PSYoungGen: 432640K->135968K(511488K)] 1080187K->882047K(1909760K), 0.0506900 secs] [Times: user=0.29 sys=0.00, real=0.05 secs] 
3999.416: [GC (Allocation Failure) [PSYoungGen: 467232K->105664K(510464K)] 1213311K->978071K(1908736K), 0.0858517 secs] [Times: user=0.50 sys=0.00, real=0.08 secs] 
4000.834: [GC (Allocation Failure) [PSYoungGen: 443072K->138048K(514048K)] 1315479K->1114220K(1912320K), 0.0531559 secs] [Times: user=0.31 sys=0.00, real=0.06 secs] 
4002.184: [GC (Allocation Failure) [PSYoungGen: 475456K->108000K(515584K)] 1451628K->1212776K(1913856K), 0.0652903 secs] [Times: user=0.39 sys=0.00, real=0.07 secs] 
4002.867: [GC (Allocation Failure) [PSYoungGen: 451040K->137792K(517632K)] 1555816K->1349029K(1915904K), 0.0541947 secs] [Times: user=0.32 sys=0.00, real=0.05 secs] 
4004.253: [GC (Allocation Failure) [PSYoungGen: 480832K->111040K(517120K)] 1692069K->1450753K(1915392K), 0.0699217 secs] [Times: user=0.42 sys=0.00, real=0.07 secs] 
4004.323: [Full GC (Ergonomics) [PSYoungGen: 111040K->0K(517120K)] [ParOldGen: 1339713K->19868K(1398272K)] 1450753K->19868K(1915392K), [Metaspace: 60402K->60402K(1105920K)], 0.0291446 secs] [Times: user=0.07 sys=0.00, real=0.03 secs] 
4005.542: [GC (Allocation Failure) [PSYoungGen: 347648K->138880K(519680K)] 367516K->158748K(1917952K), 0.0273597 secs] [Times: user=0.16 sys=0.00, real=0.03 secs] 
4006.981: [GC (Allocation Failure) [PSYoungGen: 486528K->112640K(521216K)] 506396K->262152K(1919488K), 0.0674925 secs] [Times: user=0.40 sys=0.00, real=0.07 secs] 
4009.251: [GC (Allocation Failure) [PSYoungGen: 464896K->141856K(522752K)] 614408K->401957K(1921024K), 0.0540225 secs] [Times: user=0.31 sys=0.00, real=0.05 secs] 
4010.707: [GC (Allocation Failure) [PSYoungGen: 494112K->110432K(525312K)] 754213K->503249K(1923584K), 0.0949168 secs] [Times: user=0.56 sys=0.00, real=0.09 secs] 
4011.614: [GC (Allocation Failure) [PSYoungGen: 465248K->147456K(502784K)] 858065K->648542K(1901056K), 0.0548255 secs] [Times: user=0.32 sys=0.00, real=0.06 secs] 
4013.259: [GC (Allocation Failure) [PSYoungGen: 502272K->110496K(526336K)] 1003358K->750182K(1924608K), 0.1392425 secs] [Times: user=0.83 sys=0.00, real=0.14 secs] 
4014.162: [GC (Allocation Failure) [PSYoungGen: 461728K->155520K(506880K)] 1101414K->903883K(1905152K), 0.0561007 secs] [Times: user=0.33 sys=0.01, real=0.06 secs] 
4016.675: [GC (Allocation Failure) [PSYoungGen: 506752K->105536K(521216K)] 1255115K->992763K(1919488K), 0.1144713 secs] [Times: user=0.68 sys=0.01, real=0.12 secs] 
4017.387: [GC (Allocation Failure) [PSYoungGen: 447040K->144000K(519168K)] 1334267K->1133232K(1917440K), 0.0528680 secs] [Times: user=0.31 sys=0.00, real=0.05 secs] 
4018.943: [GC (Allocation Failure) [PSYoungGen: 485504K->104416K(519680K)] 1474736K->1228928K(1917952K), 0.0735052 secs] [Times: user=0.44 sys=0.00, real=0.08 secs] 
4019.680: [GC (Allocation Failure) [PSYoungGen: 445408K->143104K(519168K)] 1569920K->1369312K(1917440K), 0.0531830 secs] [Times: user=0.31 sys=0.00, real=0.05 secs] 
4019.733: [Full GC (Ergonomics) [PSYoungGen: 143104K->0K(519168K)] [ParOldGen: 1226208K->173299K(1398272K)] 1369312K->173299K(1917440K), [Metaspace: 60410K->60410K(1105920K)], 0.4121174 secs] [Times: user=1.92 sys=0.00, real=0.41 secs] 
4021.561: [GC (Allocation Failure) [PSYoungGen: 340992K->104032K(519168K)] 514291K->277331K(1917440K), 0.0458380 secs] [Times: user=0.27 sys=0.00, real=0.05 secs] 
4023.229: [GC (Allocation Failure) [PSYoungGen: 445024K->141120K(519168K)] 618323K->415507K(1917440K), 0.0526400 secs] [Times: user=0.31 sys=0.00, real=0.05 secs] 
4024.597: [GC (GCLocker Initiated GC) [PSYoungGen: 482112K->105312K(517632K)] 756500K->511380K(1915904K), 0.0651779 secs] [Times: user=0.38 sys=0.00, real=0.06 secs] 
4025.662: [GC (Allocation Failure) [PSYoungGen: 446816K->146144K(518656K)] 852887K->655486K(1916928K), 0.0528703 secs] [Times: user=0.31 sys=0.00, real=0.05 secs] 
4027.011: [GC (Allocation Failure) [PSYoungGen: 487648K->109216K(519168K)] 996990K->746850K(1917440K), 0.0656523 secs] [Times: user=0.39 sys=0.00, real=0.07 secs] 
4027.741: [GC (Allocation Failure) [PSYoungGen: 450208K->138944K(518656K)] 1087842K->883919K(1916928K), 0.0545054 secs] [Times: user=0.31 sys=0.00, real=0.05 secs] 
4029.579: [GC (GCLocker Initiated GC) [PSYoungGen: 479936K->109024K(517632K)] 1224911K->983363K(1915904K), 0.1268992 secs] [Times: user=0.75 sys=0.00, real=0.13 secs] 
4031.075: [GC (Allocation Failure) [PSYoungGen: 452576K->139072K(519168K)] 1326918K->1120158K(1917440K), 0.0545488 secs] [Times: user=0.32 sys=0.00, real=0.06 secs] 
4032.466: [GC (Allocation Failure) [PSYoungGen: 482624K->108992K(518656K)] 1463710K->1219799K(1916928K), 0.0669336 secs] [Times: user=0.40 sys=0.00, real=0.07 secs] 
4033.937: [GC (Allocation Failure) [PSYoungGen: 456128K->136992K(520704K)] 1566935K->1355075K(1918976K), 0.0551519 secs] [Times: user=0.32 sys=0.00, real=0.05 secs] 
4035.326: [GC (GCLocker Initiated GC) [PSYoungGen: 484128K->112928K(520192K)] 1702212K->1458464K(1918464K), 0.0672530 secs] [Times: user=0.39 sys=0.01, real=0.06 secs] 
4035.394: [Full GC (Ergonomics) [PSYoungGen: 112928K->0K(520192K)] [ParOldGen: 1345536K->19523K(1398272K)] 1458464K->19523K(1918464K), [Metaspace: 60411K->60411K(1105920K)], 0.0300453 secs] [Times: user=0.07 sys=0.00, real=0.03 secs] 
4036.230: [GC (Allocation Failure) [PSYoungGen: 351744K->149984K(522752K)] 371305K->169545K(1921024K), 0.0283911 secs] [Times: user=0.17 sys=0.00, real=0.03 secs] 
4037.812: [GC (Allocation Failure) [PSYoungGen: 501728K->112672K(524800K)] 521289K->264593K(1923072K), 0.0898207 secs] [Times: user=0.53 sys=0.00, real=0.09 secs] 
4039.241: [GC (Allocation Failure) [PSYoungGen: 462368K->144608K(522752K)] 614289K->406950K(1921024K), 0.0542533 secs] [Times: user=0.32 sys=0.00, real=0.05 secs] 
4040.609: [GC (GCLocker Initiated GC) [PSYoungGen: 494304K->107680K(524288K)] 756648K->505580K(1922560K), 0.0778095 secs] [Times: user=0.47 sys=0.00, real=0.08 secs] 
4041.457: [GC (Allocation Failure) [PSYoungGen: 456864K->143488K(493056K)] 854764K->647440K(1891328K), 0.0525866 secs] [Times: user=0.31 sys=0.00, real=0.05 secs] 
4043.266: [GC (Allocation Failure) [PSYoungGen: 492672K->108672K(524800K)] 996624K->747312K(1923072K), 0.1079609 secs] [Times: user=0.65 sys=0.00, real=0.11 secs] 
4044.295: [GC (Allocation Failure) [PSYoungGen: 457344K->143744K(522752K)] 1095984K->889084K(1921024K), 0.0539900 secs] [Times: user=0.32 sys=0.00, real=0.06 secs] 
4046.404: [GC (Allocation Failure) [PSYoungGen: 492416K->109664K(522752K)] 1237756K->989405K(1921024K), 0.0799251 secs] [Times: user=0.47 sys=0.01, real=0.08 secs] 
4047.202: [GC (Allocation Failure) [PSYoungGen: 458336K->144192K(493056K)] 1338077K->1130161K(1891328K), 0.0535900 secs] [Times: user=0.31 sys=0.00, real=0.05 secs] 
4048.931: [GC (GCLocker Initiated GC) [PSYoungGen: 492864K->106144K(523776K)] 1478833K->1227233K(1922048K), 0.1153290 secs] [Times: user=0.68 sys=0.01, real=0.11 secs] 
4050.051: [GC (Allocation Failure) [PSYoungGen: 453280K->143840K(491008K)] 1574372K->1367841K(1889280K), 0.0529739 secs] [Times: user=0.31 sys=0.00, real=0.05 secs] 
4052.032: [GC (Allocation Failure) [PSYoungGen: 490976K->109824K(523776K)] 1714977K->1468321K(1922048K), 0.1089779 secs] [Times: user=0.63 sys=0.02, real=0.11 secs] 
4052.141: [Full GC (Ergonomics) [PSYoungGen: 109824K->0K(523776K)] [ParOldGen: 1358497K->33609K(1398272K)] 1468321K->33609K(1922048K), [Metaspace: 60412K->60412K(1105920K)], 0.0873093 secs] [Times: user=0.35 sys=0.00, real=0.09 secs] 
4053.704: [GC (Allocation Failure) [PSYoungGen: 346624K->142464K(521728K)] 380233K->176073K(1920000K), 0.0285964 secs] [Times: user=0.17 sys=0.00, real=0.03 secs] 
4055.015: [GC (Allocation Failure) [PSYoungGen: 489088K->110656K(520192K)] 522697K->277537K(1918464K), 0.0642646 secs] [Times: user=0.38 sys=0.01, real=0.07 secs] 
4056.154: [GC (Allocation Failure) [PSYoungGen: 457792K->143648K(521216K)] 624673K->417218K(1919488K), 0.0530998 secs] [Times: user=0.31 sys=0.00, real=0.06 secs] 
4057.640: [GC (GCLocker Initiated GC) [PSYoungGen: 490784K->109920K(522752K)] 764354K->517866K(1921024K), 0.0691196 secs] [Times: user=0.41 sys=0.00, real=0.07 secs] 
4058.476: [GC (Allocation Failure) [PSYoungGen: 458592K->142816K(522752K)] 866542K->657998K(1921024K), 0.0536011 secs] [Times: user=0.31 sys=0.00, real=0.06 secs] 
4060.309: [GC (GCLocker Initiated GC) [PSYoungGen: 491488K->109248K(523264K)] 1006670K->758470K(1921536K), 0.0841861 secs] [Times: user=0.50 sys=0.00, real=0.08 secs] 
4061.484: [GC (Allocation Failure) [PSYoungGen: 458432K->146784K(496128K)] 1107725K->902414K(1894400K), 0.0537433 secs] [Times: user=0.31 sys=0.00, real=0.06 secs] 
4062.895: [GC (Allocation Failure) [PSYoungGen: 495968K->107296K(523264K)] 1251598K->1000954K(1921536K), 0.0657650 secs] [Times: user=0.39 sys=0.00, real=0.07 secs] 
4063.728: [GC (Allocation Failure) [PSYoungGen: 453408K->145984K(492544K)] 1347066K->1142366K(1890816K), 0.0526446 secs] [Times: user=0.31 sys=0.00, real=0.05 secs] 
4065.188: [GC (Allocation Failure) [PSYoungGen: 492096K->109280K(522752K)] 1488478K->1242322K(1921024K), 0.0671957 secs] [Times: user=0.40 sys=0.00, real=0.06 secs] 
4065.863: [GC (Allocation Failure) [PSYoungGen: 453856K->145760K(490496K)] 1586898K->1384059K(1888768K), 0.0533292 secs] [Times: user=0.32 sys=0.00, real=0.05 secs] 
4065.916: [Full GC (Ergonomics) [PSYoungGen: 145760K->0K(490496K)] [ParOldGen: 1238299K->187697K(1398272K)] 1384059K->187697K(1888768K), [Metaspace: 60412K->60412K(1105920K)], 0.4499136 secs] [Times: user=2.08 sys=0.00, real=0.45 secs] 
4068.350: [GC (Allocation Failure) [PSYoungGen: 344576K->108384K(522240K)] 532273K->296081K(1920512K), 0.0726964 secs] [Times: user=0.43 sys=0.00, real=0.07 secs] 
4069.433: [GC (Allocation Failure) [PSYoungGen: 451936K->144800K(520192K)] 639633K->434946K(1918464K), 0.0517217 secs] [Times: user=0.31 sys=0.01, real=0.05 secs] 
4070.932: [GC (Allocation Failure) [PSYoungGen: 488352K->106080K(521216K)] 778498K->532298K(1919488K), 0.0663006 secs] [Times: user=0.39 sys=0.00, real=0.07 secs] 
4071.567: [GC (Allocation Failure) [PSYoungGen: 448608K->144960K(487936K)] 874826K->673111K(1886208K), 0.0519076 secs] [Times: user=0.30 sys=0.00, real=0.05 secs] 
4073.059: [GC (GCLocker Initiated GC) [PSYoungGen: 487488K->105536K(520704K)] 1015640K->769329K(1918976K), 0.1163522 secs] [Times: user=0.69 sys=0.00, real=0.11 secs] 
4073.780: [GC (Allocation Failure) [PSYoungGen: 447040K->144000K(485888K)] 1110839K->910344K(1884160K), 0.0516184 secs] [Times: user=0.31 sys=0.00, real=0.05 secs] 
4076.045: [GC (Allocation Failure) [PSYoungGen: 485504K->103616K(520192K)] 1251848K->1004936K(1918464K), 0.1729458 secs] [Times: user=1.02 sys=0.00, real=0.18 secs] 
4077.251: [GC (Allocation Failure) [PSYoungGen: 444096K->143264K(519168K)] 1345416K->1144029K(1917440K), 0.0520203 secs] [Times: user=0.30 sys=0.00, real=0.05 secs] 
4079.301: [GC (Allocation Failure) [PSYoungGen: 483744K->104512K(518144K)] 1484509K->1239493K(1916416K), 0.1231175 secs] [Times: user=0.64 sys=0.01, real=0.12 secs] 
4080.209: [GC (Allocation Failure) [PSYoungGen: 444992K->141024K(518656K)] 1579973K->1377522K(1916928K), 0.0529082 secs] [Times: user=0.31 sys=0.00, real=0.05 secs] 
4080.262: [Full GC (Ergonomics) [PSYoungGen: 141024K->0K(518656K)] [ParOldGen: 1236498K->176146K(1398272K)] 1377522K->176146K(1916928K), [Metaspace: 60412K->60412K(1105920K)], 0.4234156 secs] [Times: user=1.96 sys=0.00, real=0.42 secs] 
4082.946: [GC (Allocation Failure) [PSYoungGen: 340480K->104256K(518656K)] 516626K->280402K(1916928K), 0.0841189 secs] [Times: user=0.50 sys=0.01, real=0.09 secs] 
4084.480: [GC (Allocation Failure) [PSYoungGen: 445760K->149856K(491520K)] 621906K->427066K(1889792K), 0.0528724 secs] [Times: user=0.31 sys=0.00, real=0.05 secs] 
4085.870: [GC (Allocation Failure) [PSYoungGen: 491360K->107360K(519168K)] 768570K->516786K(1917440K), 0.0658630 secs] [Times: user=0.39 sys=0.00, real=0.06 secs] 
4086.981: [GC (Allocation Failure) [PSYoungGen: 444768K->147584K(485376K)] 854194K->661714K(1883648K), 0.0530298 secs] [Times: user=0.31 sys=0.00, real=0.05 secs] 
4088.451: [GC (Allocation Failure) [PSYoungGen: 484992K->107936K(518656K)] 999122K->752063K(1916928K), 0.0698233 secs] [Times: user=0.41 sys=0.00, real=0.07 secs] 
4089.522: [GC (Allocation Failure) [PSYoungGen: 443808K->135936K(472064K)] 1087935K->885843K(1870336K), 0.0580416 secs] [Times: user=0.28 sys=0.00, real=0.06 secs] 
4091.036: [GC (Allocation Failure) [PSYoungGen: 471808K->107808K(516608K)] 1221715K->984127K(1914880K), 0.0913913 secs] [Times: user=0.54 sys=0.01, real=0.09 secs] 
4092.777: [GC (Allocation Failure) [PSYoungGen: 445728K->132928K(514560K)] 1322047K->1115216K(1912832K), 0.0529876 secs] [Times: user=0.31 sys=0.00, real=0.05 secs] 
4094.115: [GC (Allocation Failure) [PSYoungGen: 470848K->113728K(519168K)] 1453136K->1219508K(1917440K), 0.0651853 secs] [Times: user=0.38 sys=0.00, real=0.07 secs] 
4095.448: [GC (Allocation Failure) [PSYoungGen: 460352K->135968K(518144K)] 1566132K->1354068K(1916416K), 0.0551126 secs] [Times: user=0.32 sys=0.00, real=0.05 secs] 
4097.373: [GC (Allocation Failure) [PSYoungGen: 482592K->113456K(523264K)] 1700692K->1458188K(1921536K), 0.0660659 secs] [Times: user=0.39 sys=0.00, real=0.07 secs] 
4097.439: [Full GC (Ergonomics) [PSYoungGen: 113456K->0K(523264K)] [ParOldGen: 1344732K->17985K(1398272K)] 1458188K->17985K(1921536K), [Metaspace: 60412K->60412K(1105920K)], 0.0284533 secs] [Times: user=0.07 sys=0.00, real=0.03 secs] 
4099.963: [GC (Allocation Failure) [PSYoungGen: 355840K->138176K(524800K)] 373825K->156161K(1923072K), 0.0275394 secs] [Times: user=0.16 sys=0.00, real=0.03 secs] 
4101.359: [GC (Allocation Failure) [PSYoungGen: 494016K->113504K(526336K)] 512001K->260133K(1924608K), 0.0687523 secs] [Times: user=0.41 sys=0.00, real=0.07 secs] 
4102.425: [GC (Allocation Failure) [PSYoungGen: 473952K->143872K(527872K)] 620581K->402648K(1926144K), 0.0540558 secs] [Times: user=0.32 sys=0.00, real=0.06 secs] 
4103.832: [GC (Allocation Failure) [PSYoungGen: 504320K->116000K(528896K)] 763096K->509064K(1927168K), 0.0655920 secs] [Times: user=0.38 sys=0.00, real=0.07 secs] 
4104.667: [GC (Allocation Failure) [PSYoungGen: 477472K->150336K(512000K)] 870536K->657017K(1910272K), 0.0557690 secs] [Times: user=0.33 sys=0.00, real=0.05 secs] 
4106.500: [GC (Allocation Failure) [PSYoungGen: 511808K->111936K(527872K)] 1018489K->759613K(1926144K), 0.1289605 secs] [Times: user=0.77 sys=0.00, real=0.13 secs] 
4107.636: [GC (Allocation Failure) [PSYoungGen: 467264K->151232K(506880K)] 1114941K->906770K(1905152K), 0.0543276 secs] [Times: user=0.32 sys=0.00, real=0.05 secs] 
4109.440: [GC (Allocation Failure) [PSYoungGen: 506560K->109248K(524800K)] 1262098K->1007134K(1923072K), 0.0893848 secs] [Times: user=0.53 sys=0.01, real=0.09 secs] 
4110.025: [GC (Allocation Failure) [PSYoungGen: 458432K->148960K(498176K)] 1356318K->1151987K(1896448K), 0.0554243 secs] [Times: user=0.31 sys=0.00, real=0.06 secs] 
4112.880: [GC (GCLocker Initiated GC) [PSYoungGen: 498144K->105056K(521728K)] 1501171K->1248331K(1920000K), 0.1141576 secs] [Times: user=0.67 sys=0.00, real=0.11 secs] 
4113.491: [GC (Allocation Failure) [PSYoungGen: 449120K->145824K(489984K)] 1592398K->1390267K(1888256K), 0.0518412 secs] [Times: user=0.31 sys=0.00, real=0.05 secs] 
4113.542: [Full GC (Ergonomics) [PSYoungGen: 145824K->0K(489984K)] [ParOldGen: 1244443K->195693K(1398272K)] 1390267K->195693K(1888256K), [Metaspace: 60413K->60413K(1105920K)], 0.4746021 secs] [Times: user=2.21 sys=0.01, real=0.48 secs] 
4115.752: [GC (Allocation Failure) [PSYoungGen: 344064K->105248K(520704K)] 539757K->300941K(1918976K), 0.0427745 secs] [Times: user=0.25 sys=0.00, real=0.04 secs] 
4116.454: [GC (Allocation Failure) [PSYoungGen: 446752K->142368K(519680K)] 642445K->439690K(1917952K), 0.0501981 secs] [Times: user=0.29 sys=0.01, real=0.05 secs] 
4118.013: [GC (Allocation Failure) [PSYoungGen: 483872K->104384K(519168K)] 781194K->535354K(1917440K), 0.0663150 secs] [Times: user=0.39 sys=0.01, real=0.07 secs] 
4118.945: [GC (Allocation Failure) [PSYoungGen: 446400K->144032K(519680K)] 877370K->674931K(1917952K), 0.0510273 secs] [Times: user=0.30 sys=0.01, real=0.06 secs] 
4121.234: [GC (Allocation Failure) [PSYoungGen: 486048K->105440K(520192K)] 1016947K->771515K(1918464K), 0.1469873 secs] [Times: user=0.87 sys=0.01, real=0.15 secs] 
4122.502: [GC (Allocation Failure) [PSYoungGen: 446944K->142336K(519680K)] 1113019K->909812K(1917952K), 0.0515412 secs] [Times: user=0.30 sys=0.00, real=0.05 secs] 
4124.056: [GC (GCLocker Initiated GC) [PSYoungGen: 483840K->105248K(518656K)] 1251319K->1006071K(1916928K), 0.0985163 secs] [Times: user=0.58 sys=0.00, real=0.09 secs] 
4125.302: [GC (Allocation Failure) [PSYoungGen: 446752K->150112K(492032K)] 1347614K->1152219K(1890304K), 0.0536998 secs] [Times: user=0.31 sys=0.00, real=0.05 secs] 
4126.733: [GC (Allocation Failure) [PSYoungGen: 491616K->106496K(519168K)] 1493723K->1241203K(1917440K), 0.1056818 secs] [Times: user=0.63 sys=0.00, real=0.11 secs] 
4128.199: [GC (Allocation Failure) [PSYoungGen: 443904K->139488K(517120K)] 1578611K->1376864K(1915392K), 0.0522777 secs] [Times: user=0.30 sys=0.01, real=0.05 secs] 
4128.251: [Full GC (Ergonomics) [PSYoungGen: 139488K->0K(517120K)] [ParOldGen: 1237376K->176784K(1398272K)] 1376864K->176784K(1915392K), [Metaspace: 60413K->60413K(1105920K)], 0.4276561 secs] [Times: user=2.00 sys=0.00, real=0.43 secs] 
4130.007: [GC (Allocation Failure) [PSYoungGen: 337408K->104320K(517632K)] 514192K->281104K(1915904K), 0.0463714 secs] [Times: user=0.27 sys=0.00, real=0.04 secs] 
4131.065: [GC (Allocation Failure) [PSYoungGen: 443264K->139840K(517120K)] 620048K->417869K(1915392K), 0.0520948 secs] [Times: user=0.30 sys=0.00, real=0.06 secs] 
4132.641: [GC (Allocation Failure) [PSYoungGen: 478784K->105888K(517120K)] 756813K->514441K(1915392K), 0.0995699 secs] [Times: user=0.60 sys=0.00, real=0.10 secs] 
4134.303: [GC (Allocation Failure) [PSYoungGen: 447904K->137824K(518656K)] 856457K->649614K(1916928K), 0.0528611 secs] [Times: user=0.31 sys=0.00, real=0.05 secs] 
4136.340: [GC (Allocation Failure) [PSYoungGen: 479840K->107904K(518144K)] 991630K->748342K(1916416K), 0.1658765 secs] [Times: user=0.98 sys=0.00, real=0.16 secs] 
4138.592: [GC (Allocation Failure) [PSYoungGen: 453504K->137728K(520192K)] 1093942K->884019K(1918464K), 0.0533542 secs] [Times: user=0.30 sys=0.01, real=0.05 secs] 
4139.964: [GC (Allocation Failure) [PSYoungGen: 483328K->110752K(519168K)] 1229619K->985199K(1917440K), 0.0643432 secs] [Times: user=0.38 sys=0.00, real=0.07 secs] 
4140.792: [GC (Allocation Failure) [PSYoungGen: 460448K->143808K(521728K)] 1334895K->1127236K(1920000K), 0.0555059 secs] [Times: user=0.31 sys=0.00, real=0.06 secs] 
4142.296: [GC (Allocation Failure) [PSYoungGen: 493504K->110016K(524800K)] 1476932K->1228020K(1923072K), 0.0974820 secs] [Times: user=0.58 sys=0.00, real=0.10 secs] 
4143.409: [GC (Allocation Failure) [PSYoungGen: 461760K->144672K(496640K)] 1579764K->1370673K(1894912K), 0.0553558 secs] [Times: user=0.32 sys=0.00, real=0.05 secs] 
4145.216: [GC (Allocation Failure) [PSYoungGen: 496416K->110592K(525824K)] 1722417K->1472345K(1924096K), 0.1194589 secs] [Times: user=0.71 sys=0.01, real=0.12 secs] 
4145.335: [Full GC (Ergonomics) [PSYoungGen: 110592K->0K(525824K)] [ParOldGen: 1361753K->32676K(1398272K)] 1472345K->32676K(1924096K), [Metaspace: 60413K->60413K(1105920K)], 0.0756815 secs] [Times: user=0.28 sys=0.00, real=0.08 secs] 
4146.535: [GC (Allocation Failure) [PSYoungGen: 350720K->145632K(496640K)] 383396K->178308K(1894912K), 0.0291840 secs] [Times: user=0.17 sys=0.00, real=0.03 secs] 
4147.978: [GC (Allocation Failure) [PSYoungGen: 496352K->106592K(524288K)] 529028K->276493K(1922560K), 0.0649366 secs] [Times: user=0.38 sys=0.00, real=0.06 secs] 
4148.724: [GC (Allocation Failure) [PSYoungGen: 454752K->146240K(494592K)] 624653K->420729K(1892864K), 0.0528415 secs] [Times: user=0.31 sys=0.01, real=0.06 secs] 
4150.811: [GC (GCLocker Initiated GC) [PSYoungGen: 494400K->106784K(522752K)] 768892K->518868K(1921024K), 0.1232736 secs] [Times: user=0.73 sys=0.01, real=0.12 secs] 
4152.058: [GC (Allocation Failure) [PSYoungGen: 451872K->143360K(521216K)] 863959K->659535K(1919488K), 0.0519522 secs] [Times: user=0.31 sys=0.00, real=0.05 secs] 
4153.409: [GC (GCLocker Initiated GC) [PSYoungGen: 488448K->109600K(520192K)] 1004624K->759872K(1918464K), 0.0646788 secs] [Times: user=0.38 sys=0.00, real=0.06 secs] 
4154.416: [GC (Allocation Failure) [PSYoungGen: 454688K->149824K(495104K)] 1104999K->907096K(1893376K), 0.0534197 secs] [Times: user=0.31 sys=0.00, real=0.06 secs] 
4156.046: [GC (Allocation Failure) [PSYoungGen: 494912K->108384K(521216K)] 1252184K->998048K(1919488K), 0.1130919 secs] [Times: user=0.68 sys=0.00, real=0.11 secs] 
4157.013: [GC (Allocation Failure) [PSYoungGen: 449888K->140544K(519168K)] 1339552K->1135621K(1917440K), 0.0530752 secs] [Times: user=0.31 sys=0.00, real=0.06 secs] 
4158.655: [GC (Allocation Failure) [PSYoungGen: 482048K->106368K(519680K)] 1477125K->1232749K(1917952K), 0.1037858 secs] [Times: user=0.62 sys=0.00, real=0.11 secs] 
4160.224: [GC (Allocation Failure) [PSYoungGen: 449408K->141344K(519680K)] 1575789K->1370689K(1917952K), 0.0524996 secs] [Times: user=0.31 sys=0.00, real=0.06 secs] 
4161.571: [GC (Allocation Failure) [PSYoungGen: 484384K->107136K(519168K)] 1713729K->1468014K(1917440K), 0.0667946 secs] [Times: user=0.39 sys=0.00, real=0.07 secs] 
4161.637: [Full GC (Ergonomics) [PSYoungGen: 107136K->0K(519168K)] [ParOldGen: 1360878K->32769K(1398272K)] 1468014K->32769K(1917440K), [Metaspace: 60418K->60418K(1105920K)], 0.0605027 secs] [Times: user=0.22 sys=0.00, real=0.06 secs] 
4162.684: [GC (Allocation Failure) [PSYoungGen: 344576K->141248K(520192K)] 377345K->174017K(1918464K), 0.0285682 secs] [Times: user=0.17 sys=0.00, real=0.03 secs] 
4164.194: [GC (Allocation Failure) [PSYoungGen: 485824K->109696K(520192K)] 518593K->274637K(1918464K), 0.0694796 secs] [Times: user=0.41 sys=0.00, real=0.07 secs] 
4165.359: [GC (Allocation Failure) [PSYoungGen: 456320K->141856K(521216K)] 621261K->413802K(1919488K), 0.0529280 secs] [Times: user=0.31 sys=0.00, real=0.05 secs] 
4166.978: [GC (Allocation Failure) [PSYoungGen: 488480K->109728K(521728K)] 760426K->514030K(1920000K), 0.0803050 secs] [Times: user=0.48 sys=0.00, real=0.08 secs] 
4167.972: [GC (Allocation Failure) [PSYoungGen: 457888K->144416K(522240K)] 862190K->655435K(1920512K), 0.0537477 secs] [Times: user=0.32 sys=0.00, real=0.05 secs] 
4169.479: [GC (Allocation Failure) [PSYoungGen: 492576K->107840K(523264K)] 1003595K->754139K(1921536K), 0.0809238 secs] [Times: user=0.48 sys=0.01, real=0.08 secs] 
4170.658: [GC (Allocation Failure) [PSYoungGen: 456000K->140288K(522752K)] 1102299K->892484K(1921024K), 0.0534460 secs] [Times: user=0.31 sys=0.00, real=0.05 secs] 
4172.988: [GC (Allocation Failure) [PSYoungGen: 488448K->107680K(521728K)] 1240644K->991248K(1920000K), 0.1563140 secs] [Times: user=0.92 sys=0.01, real=0.15 secs] 
4174.477: [GC (Allocation Failure) [PSYoungGen: 456864K->154688K(504320K)] 1340432K->1143565K(1902592K), 0.0542497 secs] [Times: user=0.32 sys=0.00, real=0.05 secs] 
4176.983: [GC (Allocation Failure) [PSYoungGen: 503872K->106848K(520704K)] 1492749K->1233605K(1918976K), 0.1556419 secs] [Times: user=0.93 sys=0.00, real=0.16 secs] 
4178.201: [GC (GCLocker Initiated GC) [PSYoungGen: 447840K->139840K(519168K)] 1574598K->1369879K(1917440K), 0.0522772 secs] [Times: user=0.30 sys=0.01, real=0.05 secs] 
4178.253: [Full GC (Ergonomics) [PSYoungGen: 139840K->0K(519168K)] [ParOldGen: 1230039K->172954K(1398272K)] 1369879K->172954K(1917440K), [Metaspace: 60419K->60419K(1105920K)], 0.4170377 secs] [Times: user=1.95 sys=0.00, real=0.42 secs] 
4180.021: [GC (Allocation Failure) [PSYoungGen: 340992K->106144K(519168K)] 513948K->279100K(1917440K), 0.0632170 secs] [Times: user=0.37 sys=0.00, real=0.06 secs] 
4181.503: [GC (Allocation Failure) [PSYoungGen: 448672K->140416K(519168K)] 621628K->416869K(1917440K), 0.0532629 secs] [Times: user=0.31 sys=0.00, real=0.06 secs] 
4183.142: [GC (Allocation Failure) [PSYoungGen: 482944K->108224K(518656K)] 759397K->515541K(1916928K), 0.0789420 secs] [Times: user=0.47 sys=0.01, real=0.08 secs] 
4183.991: [GC (Allocation Failure) [PSYoungGen: 453312K->141728K(520192K)] 860629K->654902K(1918464K), 0.0533626 secs] [Times: user=0.31 sys=0.01, real=0.05 secs] 
4185.375: [GC (Allocation Failure) [PSYoungGen: 486816K->108800K(521216K)] 999990K->754686K(1919488K), 0.0658204 secs] [Times: user=0.39 sys=0.00, real=0.07 secs] 
4186.644: [GC (Allocation Failure) [PSYoungGen: 455936K->142048K(521728K)] 1101822K->893903K(1920000K), 0.0531980 secs] [Times: user=0.31 sys=0.00, real=0.06 secs] 
4188.069: [GC (Allocation Failure) [PSYoungGen: 489184K->110752K(520704K)] 1241039K->995159K(1918976K), 0.0645715 secs] [Times: user=0.38 sys=0.00, real=0.06 secs] 
4188.910: [GC (Allocation Failure) [PSYoungGen: 458912K->145120K(521728K)] 1343319K->1137612K(1920000K), 0.0547062 secs] [Times: user=0.32 sys=0.00, real=0.05 secs] 
4191.205: [GC (Allocation Failure) [PSYoungGen: 493280K->106496K(523776K)] 1485772K->1234780K(1922048K), 0.1426128 secs] [Times: user=0.85 sys=0.00, real=0.15 secs] 
4192.471: [GC (Allocation Failure) [PSYoungGen: 453632K->144448K(492032K)] 1581916K->1376737K(1890304K), 0.0531082 secs] [Times: user=0.31 sys=0.00, real=0.05 secs] 
4194.001: [GC (Allocation Failure) [PSYoungGen: 491584K->108576K(523776K)] 1723873K->1476609K(1922048K), 0.0940658 secs] [Times: user=0.55 sys=0.01, real=0.09 secs] 
4194.095: [Full GC (Ergonomics) [PSYoungGen: 108576K->0K(523776K)] [ParOldGen: 1368033K->37047K(1398272K)] 1476609K->37047K(1922048K), [Metaspace: 60429K->60429K(1105920K)], 0.0761913 secs] [Times: user=0.29 sys=0.00, real=0.08 secs] 
4194.857: [GC (Allocation Failure) [PSYoungGen: 346624K->143584K(521728K)] 383671K->180631K(1920000K), 0.0286643 secs] [Times: user=0.17 sys=0.00, real=0.02 secs] 
4197.148: [GC (Allocation Failure) [PSYoungGen: 490208K->106592K(522240K)] 527255K->277907K(1920512K), 0.1209420 secs] [Times: user=0.71 sys=0.01, real=0.12 secs] 
4198.351: [GC (Allocation Failure) [PSYoungGen: 452704K->143712K(489984K)] 624019K->419000K(1888256K), 0.0518366 secs] [Times: user=0.31 sys=0.00, real=0.05 secs] 
4199.976: [GC (GCLocker Initiated GC) [PSYoungGen: 489824K->106368K(522752K)] 765112K->516476K(1921024K), 0.0819085 secs] [Times: user=0.48 sys=0.01, real=0.08 secs] 
4200.784: [GC (Allocation Failure) [PSYoungGen: 451456K->151456K(496640K)] 861603K->665380K(1894912K), 0.0530625 secs] [Times: user=0.32 sys=0.00, real=0.06 secs] 
4202.392: [GC (Allocation Failure) [PSYoungGen: 496544K->108352K(520192K)] 1010468K->756268K(1918464K), 0.0766771 secs] [Times: user=0.46 sys=0.01, real=0.08 secs] 
4203.377: [GC (Allocation Failure) [PSYoungGen: 447808K->141248K(518144K)] 1095724K->894589K(1916416K), 0.0531428 secs] [Times: user=0.30 sys=0.01, real=0.05 secs] 
4205.734: [GC (Allocation Failure) [PSYoungGen: 480704K->107168K(517632K)] 1234045K->992489K(1915904K), 0.1664401 secs] [Times: user=0.99 sys=0.00, real=0.17 secs] 
4207.510: [GC (Allocation Failure) [PSYoungGen: 448160K->139840K(518144K)] 1333481K->1129294K(1916416K), 0.0528782 secs] [Times: user=0.32 sys=0.00, real=0.05 secs] 
4208.957: [GC (Allocation Failure) [PSYoungGen: 480832K->105856K(519168K)] 1470286K->1225846K(1917440K), 0.0660962 secs] [Times: user=0.39 sys=0.00, real=0.06 secs] 
4210.248: [GC (Allocation Failure) [PSYoungGen: 449920K->140992K(520192K)] 1569910K->1364235K(1918464K), 0.0525569 secs] [Times: user=0.31 sys=0.00, real=0.05 secs] 
4211.676: [GC (Allocation Failure) [PSYoungGen: 485056K->109632K(518656K)] 1708299K->1464503K(1916928K), 0.0713553 secs] [Times: user=0.42 sys=0.00, real=0.07 secs] 
4211.748: [Full GC (Ergonomics) [PSYoungGen: 109632K->0K(518656K)] [ParOldGen: 1354870K->30014K(1398272K)] 1464503K->30014K(1916928K), [Metaspace: 60443K->60443K(1105920K)], 0.0513839 secs] [Times: user=0.17 sys=0.00, real=0.05 secs] 
4213.561: [GC (Allocation Failure) [PSYoungGen: 345600K->140736K(520192K)] 375614K->170751K(1918464K), 0.0281823 secs] [Times: user=0.16 sys=0.00, real=0.03 secs] 
4215.271: [GC (Allocation Failure) [PSYoungGen: 486336K->108288K(522240K)] 516351K->269759K(1920512K), 0.0711742 secs] [Times: user=0.42 sys=0.01, real=0.07 secs] 
4216.800: [GC (Allocation Failure) [PSYoungGen: 456960K->148672K(497664K)] 618431K->415883K(1895936K), 0.0531106 secs] [Times: user=0.31 sys=0.00, real=0.05 secs] 
4218.391: [GC (Allocation Failure) [PSYoungGen: 497344K->110208K(523264K)] 764555K->508827K(1921536K), 0.1013066 secs] [Times: user=0.60 sys=0.01, real=0.10 secs] 
4219.680: [GC (Allocation Failure) [PSYoungGen: 455296K->140928K(520704K)] 853915K->647152K(1918976K), 0.0537387 secs] [Times: user=0.31 sys=0.00, real=0.05 secs] 
4221.557: [GC (Allocation Failure) [PSYoungGen: 486016K->109888K(520704K)] 992240K->747468K(1918976K), 0.1457911 secs] [Times: user=0.86 sys=0.00, real=0.14 secs] 
4223.550: [GC (Allocation Failure) [PSYoungGen: 456512K->137984K(521216K)] 1094092K->883001K(1919488K), 0.0535975 secs] [Times: user=0.31 sys=0.00, real=0.05 secs] 
4225.325: [GC (Allocation Failure) [PSYoungGen: 484608K->110272K(520192K)] 1229625K->983777K(1918464K), 0.1161421 secs] [Times: user=0.68 sys=0.01, real=0.12 secs] 
4226.538: [GC (Allocation Failure) [PSYoungGen: 460480K->142880K(522240K)] 1333985K->1125097K(1920512K), 0.0550613 secs] [Times: user=0.32 sys=0.00, real=0.05 secs] 
4228.760: [GC (Allocation Failure) [PSYoungGen: 493088K->110912K(524800K)] 1475305K->1227377K(1923072K), 0.0878327 secs] [Times: user=0.52 sys=0.01, real=0.09 secs] 
4230.361: [GC (Allocation Failure) [PSYoungGen: 463680K->145792K(498688K)] 1580145K->1370641K(1896960K), 0.0552469 secs] [Times: user=0.32 sys=0.01, real=0.06 secs] 
4231.845: [GC (Allocation Failure) [PSYoungGen: 498560K->110944K(525824K)] 1723409K->1472241K(1924096K), 0.0749253 secs] [Times: user=0.45 sys=0.00, real=0.08 secs] 
4231.920: [Full GC (Ergonomics) [PSYoungGen: 110944K->0K(525824K)] [ParOldGen: 1361297K->38566K(1398272K)] 1472241K->38566K(1924096K), [Metaspace: 60443K->60443K(1105920K)], 0.0723526 secs] [Times: user=0.27 sys=0.00, real=0.07 secs] 
4232.725: [GC (Allocation Failure) [PSYoungGen: 350720K->146080K(497152K)] 389286K->184646K(1895424K), 0.0290004 secs] [Times: user=0.17 sys=0.00, real=0.03 secs] 
4234.404: [GC (Allocation Failure) [PSYoungGen: 496800K->110304K(524800K)] 535366K->285654K(1923072K), 0.1404792 secs] [Times: user=0.83 sys=0.00, real=0.14 secs] 
4235.592: [GC (Allocation Failure) [PSYoungGen: 458976K->144896K(522752K)] 634326K->426467K(1921024K), 0.0528995 secs] [Times: user=0.31 sys=0.00, real=0.05 secs] 
4237.863: [GC (Allocation Failure) [PSYoungGen: 493568K->107488K(523776K)] 775139K->524243K(1922048K), 0.1636668 secs] [Times: user=0.97 sys=0.00, real=0.17 secs] 
4239.243: [GC (Allocation Failure) [PSYoungGen: 455136K->145376K(493056K)] 871891K->666028K(1891328K), 0.0527100 secs] [Times: user=0.31 sys=0.00, real=0.06 secs] 
4240.994: [GC (Allocation Failure) [PSYoungGen: 493024K->106720K(522752K)] 1013676K->763484K(1921024K), 0.0767854 secs] [Times: user=0.46 sys=0.00, real=0.08 secs] 
4241.870: [GC (GCLocker Initiated GC) [PSYoungGen: 452320K->143712K(489472K)] 1109084K->903763K(1887744K), 0.0527633 secs] [Times: user=0.31 sys=0.00, real=0.05 secs] 
4244.024: [GC (Allocation Failure) [PSYoungGen: 489312K->106496K(522752K)] 1249367K->1001135K(1921024K), 0.0975179 secs] [Times: user=0.57 sys=0.01, real=0.10 secs] 
4245.037: [GC (Allocation Failure) [PSYoungGen: 451584K->146848K(492032K)] 1346223K->1144068K(1890304K), 0.0529583 secs] [Times: user=0.31 sys=0.00, real=0.05 secs] 
4246.750: [GC (GCLocker Initiated GC) [PSYoungGen: 491936K->105920K(521216K)] 1489156K->1241120K(1919488K), 0.0668754 secs] [Times: user=0.39 sys=0.00, real=0.07 secs] 
4247.464: [GC (Allocation Failure) [PSYoungGen: 447936K->144576K(486912K)] 1583207K->1382199K(1885184K), 0.0521919 secs] [Times: user=0.30 sys=0.00, real=0.06 secs] 
4247.516: [Full GC (Ergonomics) [PSYoungGen: 144576K->0K(486912K)] [ParOldGen: 1237623K->185567K(1398272K)] 1382199K->185567K(1885184K), [Metaspace: 60445K->60445K(1105920K)], 0.4461728 secs] [Times: user=2.09 sys=0.00, real=0.44 secs] 
4249.468: [GC (GCLocker Initiated GC) [PSYoungGen: 342016K->104064K(520704K)] 527583K->289631K(1918976K), 0.0442409 secs] [Times: user=0.26 sys=0.00, real=0.04 secs] 
4250.637: [GC (Allocation Failure) [PSYoungGen: 445056K->141696K(519168K)] 630694K->427233K(1917440K), 0.0508362 secs] [Times: user=0.30 sys=0.00, real=0.05 secs] 
4252.293: [GC (Allocation Failure) [PSYoungGen: 482688K->106208K(518656K)] 768225K->524153K(1916928K), 0.0756202 secs] [Times: user=0.44 sys=0.00, real=0.08 secs] 
4253.306: [GC (Allocation Failure) [PSYoungGen: 447712K->141888K(519168K)] 865657K->662878K(1917440K), 0.0532731 secs] [Times: user=0.31 sys=0.00, real=0.06 secs] 
4254.746: [GC (Allocation Failure) [PSYoungGen: 483392K->106240K(518144K)] 1004382K->759778K(1916416K), 0.0726415 secs] [Times: user=0.43 sys=0.01, real=0.08 secs] 
4255.937: [GC (Allocation Failure) [PSYoungGen: 448768K->140768K(519168K)] 1102306K->897191K(1917440K), 0.0527371 secs] [Times: user=0.31 sys=0.00, real=0.05 secs] 
4257.443: [GC (Allocation Failure) [PSYoungGen: 483296K->108032K(519168K)] 1239719K->995775K(1917440K), 0.1063353 secs] [Times: user=0.63 sys=0.00, real=0.11 secs] 
4258.687: [GC (Allocation Failure) [PSYoungGen: 452608K->140704K(520192K)] 1340351K->1133523K(1918464K), 0.0539787 secs] [Times: user=0.32 sys=0.00, real=0.05 secs] 
4260.537: [GC (Allocation Failure) [PSYoungGen: 485280K->109728K(519168K)] 1478099K->1233883K(1917440K), 0.1372579 secs] [Times: user=0.81 sys=0.01, real=0.13 secs] 
4261.745: [GC (Allocation Failure) [PSYoungGen: 456352K->142848K(520704K)] 1580507K->1373608K(1918976K), 0.0548591 secs] [Times: user=0.32 sys=0.00, real=0.06 secs] 
4263.251: [GC (GCLocker Initiated GC) [PSYoungGen: 489472K->109216K(522752K)] 1720232K->1473160K(1921024K), 0.0662125 secs] [Times: user=0.39 sys=0.01, real=0.07 secs] 
4263.317: [Full GC (Ergonomics) [PSYoungGen: 109216K->0K(522752K)] [ParOldGen: 1363944K->34772K(1398272K)] 1473160K->34772K(1921024K), [Metaspace: 60445K->60445K(1105920K)], 0.0609510 secs] [Times: user=0.21 sys=0.00, real=0.06 secs] 
4264.556: [GC (Allocation Failure) [PSYoungGen: 348672K->142848K(522752K)] 383483K->177659K(1921024K), 0.0287403 secs] [Times: user=0.16 sys=0.00, real=0.02 secs] 
4266.237: [GC (Allocation Failure) [PSYoungGen: 491520K->110496K(521728K)] 526331K->278451K(1920000K), 0.0938216 secs] [Times: user=0.56 sys=0.00, real=0.09 secs] 
4267.218: [GC (Allocation Failure) [PSYoungGen: 459168K->144928K(522240K)] 627123K->420920K(1920512K), 0.0531748 secs] [Times: user=0.31 sys=0.00, real=0.05 secs] 
4269.153: [GC (Allocation Failure) [PSYoungGen: 493600K->108704K(523776K)] 769592K->520400K(1922048K), 0.0886335 secs] [Times: user=0.53 sys=0.00, real=0.09 secs] 
4270.142: [GC (Allocation Failure) [PSYoungGen: 456864K->143488K(522752K)] 868560K->660973K(1921024K), 0.0528925 secs] [Times: user=0.31 sys=0.00, real=0.05 secs] 
4271.682: [GC (Allocation Failure) [PSYoungGen: 491648K->110112K(521728K)] 1009133K->762285K(1920000K), 0.0658436 secs] [Times: user=0.38 sys=0.01, real=0.07 secs] 
4273.043: [GC (Allocation Failure) [PSYoungGen: 458272K->144832K(522240K)] 1110445K->903025K(1920512K), 0.0529256 secs] [Times: user=0.31 sys=0.00, real=0.06 secs] 
4274.803: [GC (Allocation Failure) [PSYoungGen: 492992K->106624K(523264K)] 1251185K->1000225K(1921536K), 0.1639352 secs] [Times: user=0.97 sys=0.01, real=0.17 secs] 
4276.452: [GC (Allocation Failure) [PSYoungGen: 453760K->153024K(500224K)] 1347361K->1149045K(1898496K), 0.0529232 secs] [Times: user=0.31 sys=0.00, real=0.05 secs] 
4277.829: [GC (Allocation Failure) [PSYoungGen: 500160K->110208K(520704K)] 1496181K->1241557K(1918976K), 0.0666732 secs] [Times: user=0.39 sys=0.00, real=0.06 secs] 
4278.901: [GC (Allocation Failure) [PSYoungGen: 450176K->140448K(518144K)] 1581525K->1377593K(1916416K), 0.0532203 secs] [Times: user=0.31 sys=0.01, real=0.05 secs] 
4278.955: [Full GC (Ergonomics) [PSYoungGen: 140448K->0K(518144K)] [ParOldGen: 1237145K->180561K(1398272K)] 1377593K->180561K(1916416K), [Metaspace: 60445K->60445K(1105920K)], 0.4333424 secs] [Times: user=2.03 sys=0.00, real=0.44 secs] 
4280.853: [GC (Allocation Failure) [PSYoungGen: 339968K->107200K(518656K)] 520529K->287761K(1916928K), 0.0404333 secs] [Times: user=0.23 sys=0.00, real=0.04 secs] 
4281.793: [GC (Allocation Failure) [PSYoungGen: 449216K->140320K(518656K)] 629777K->425382K(1916928K), 0.0524074 secs] [Times: user=0.31 sys=0.00, real=0.05 secs] 
4283.694: [GC (GCLocker Initiated GC) [PSYoungGen: 482336K->108128K(519680K)] 767398K->524130K(1917952K), 0.1651214 secs] [Times: user=0.98 sys=0.01, real=0.17 secs] 
4285.316: [GC (Allocation Failure) [PSYoungGen: 453216K->149920K(495104K)] 869221K->670902K(1893376K), 0.0532609 secs] [Times: user=0.31 sys=0.00, real=0.05 secs] 
4286.818: [GC (GCLocker Initiated GC) [PSYoungGen: 495008K->107328K(521216K)] 1015990K->761134K(1919488K), 0.0744637 secs] [Times: user=0.44 sys=0.00, real=0.07 secs] 
4287.948: [GC (Allocation Failure) [PSYoungGen: 448832K->139136K(519168K)] 1102645K->897298K(1917440K), 0.0524290 secs] [Times: user=0.31 sys=0.01, real=0.05 secs] 
4289.351: [GC (Allocation Failure) [PSYoungGen: 480640K->110016K(519168K)] 1238802K->997466K(1917440K), 0.0644091 secs] [Times: user=0.38 sys=0.00, real=0.06 secs] 
4290.187: [GC (GCLocker Initiated GC) [PSYoungGen: 453568K->141568K(519168K)] 1341018K->1136326K(1917440K), 0.0538448 secs] [Times: user=0.31 sys=0.00, real=0.05 secs] 
4291.576: [GC (Allocation Failure) [PSYoungGen: 485120K->107712K(521216K)] 1479887K->1234855K(1919488K), 0.0651369 secs] [Times: user=0.38 sys=0.00, real=0.07 secs] 
4292.642: [GC (Allocation Failure) [PSYoungGen: 454336K->145024K(521728K)] 1581479K->1378204K(1920000K), 0.0528873 secs] [Times: user=0.31 sys=0.00, real=0.05 secs] 
4294.872: [GC (Allocation Failure) [PSYoungGen: 491648K->109120K(521728K)] 1724828K->1478580K(1920000K), 0.1018226 secs] [Times: user=0.60 sys=0.00, real=0.10 secs] 
4294.974: [Full GC (Ergonomics) [PSYoungGen: 109120K->0K(521728K)] [ParOldGen: 1369460K->37746K(1398272K)] 1478580K->37746K(1920000K), [Metaspace: 60447K->60447K(1105920K)], 0.0864476 secs] [Times: user=0.34 sys=0.00, real=0.09 secs] 
4296.403: [GC (Allocation Failure) [PSYoungGen: 346624K->141600K(521728K)] 384370K->179347K(1920000K), 0.0283472 secs] [Times: user=0.17 sys=0.00, real=0.03 secs] 
4298.128: [GC (Allocation Failure) [PSYoungGen: 488224K->107168K(521216K)] 525971K->277115K(1919488K), 0.0952582 secs] [Times: user=0.56 sys=0.01, real=0.09 secs] 
4299.060: [GC (GCLocker Initiated GC) [PSYoungGen: 454304K->143200K(521728K)] 624251K->417978K(1920000K), 0.0525451 secs] [Times: user=0.31 sys=0.00, real=0.05 secs] 
4300.741: [GC (Allocation Failure) [PSYoungGen: 490336K->106848K(522752K)] 765116K->515596K(1921024K), 0.0738088 secs] [Times: user=0.44 sys=0.01, real=0.07 secs] 
4301.554: [GC (Allocation Failure) [PSYoungGen: 453984K->142592K(522240K)] 862732K->655213K(1920512K), 0.0526492 secs] [Times: user=0.31 sys=0.00, real=0.06 secs] 
4303.034: [GC (Allocation Failure) [PSYoungGen: 489728K->109824K(521216K)] 1002349K->755485K(1919488K), 0.0704731 secs] [Times: user=0.41 sys=0.01, real=0.07 secs] 
4304.395: [GC (Allocation Failure) [PSYoungGen: 456960K->141728K(521728K)] 1102621K->894250K(1920000K), 0.0529587 secs] [Times: user=0.31 sys=0.00, real=0.06 secs] 
4306.713: [GC (Allocation Failure) [PSYoungGen: 488864K->108160K(522240K)] 1241386K->992874K(1920512K), 0.1484884 secs] [Times: user=0.88 sys=0.01, real=0.15 secs] 
4308.044: [GC (Allocation Failure) [PSYoungGen: 456832K->144224K(522752K)] 1341546K->1134227K(1921024K), 0.0533142 secs] [Times: user=0.32 sys=0.00, real=0.06 secs] 
4309.829: [GC (Allocation Failure) [PSYoungGen: 492896K->107680K(523264K)] 1482899K->1232951K(1921536K), 0.1075895 secs] [Times: user=0.63 sys=0.00, real=0.11 secs] 
4310.986: [GC (Allocation Failure) [PSYoungGen: 455840K->143360K(492032K)] 1581111K->1373316K(1890304K), 0.0538239 secs] [Times: user=0.31 sys=0.00, real=0.05 secs] 
4312.672: [GC (Allocation Failure) [PSYoungGen: 491520K->108064K(524288K)] 1721476K->1472064K(1922560K), 0.1100819 secs] [Times: user=0.66 sys=0.00, real=0.11 secs] 
4312.782: [Full GC (Ergonomics) [PSYoungGen: 108064K->0K(524288K)] [ParOldGen: 1364000K->38008K(1398272K)] 1472064K->38008K(1922560K), [Metaspace: 60447K->60447K(1105920K)], 0.0957621 secs] [Times: user=0.36 sys=0.00, real=0.10 secs] 
4314.151: [GC (Allocation Failure) [PSYoungGen: 347648K->144352K(492032K)] 385656K->182360K(1890304K), 0.0288307 secs] [Times: user=0.17 sys=0.00, real=0.03 secs] 
4316.219: [GC (Allocation Failure) [PSYoungGen: 492000K->107104K(523776K)] 530008K->280512K(1922048K), 0.0634974 secs] [Times: user=0.37 sys=0.00, real=0.06 secs] 
4317.295: [GC (Allocation Failure) [PSYoungGen: 453728K->143424K(521728K)] 627136K->420485K(1920000K), 0.0523773 secs] [Times: user=0.31 sys=0.00, real=0.06 secs] 
4318.826: [GC (Allocation Failure) [PSYoungGen: 490048K->110528K(521728K)] 767109K->521685K(1920000K), 0.1093131 secs] [Times: user=0.64 sys=0.00, real=0.11 secs] 
4319.884: [GC (Allocation Failure) [PSYoungGen: 457152K->141120K(521728K)] 868309K->659721K(1920000K), 0.0531277 secs] [Times: user=0.31 sys=0.00, real=0.06 secs] 
4321.596: [GC (Allocation Failure) [PSYoungGen: 487744K->111616K(519680K)] 1006345K->761469K(1917952K), 0.0947536 secs] [Times: user=0.56 sys=0.00, real=0.10 secs] 
4322.472: [GC (Allocation Failure) [PSYoungGen: 459264K->146784K(521216K)] 1109117K->904674K(1919488K), 0.0552540 secs] [Times: user=0.33 sys=0.01, real=0.06 secs] 
4324.350: [GC (Allocation Failure) [PSYoungGen: 494432K->106656K(523776K)] 1252322K->1002298K(1922048K), 0.1310646 secs] [Times: user=0.78 sys=0.00, real=0.13 secs] 
4325.163: [GC (Allocation Failure) [PSYoungGen: 453792K->147328K(494592K)] 1349434K->1145975K(1892864K), 0.0525395 secs] [Times: user=0.31 sys=0.00, real=0.05 secs] 
4327.009: [GC (Allocation Failure) [PSYoungGen: 494464K->107200K(522240K)] 1493111K->1244335K(1920512K), 0.1014122 secs] [Times: user=0.60 sys=0.01, real=0.10 secs] 
4327.753: [GC (Allocation Failure) [PSYoungGen: 450752K->154976K(498688K)] 1587887K->1395196K(1896960K), 0.0537753 secs] [Times: user=0.32 sys=0.00, real=0.06 secs] 
4327.806: [Full GC (Ergonomics) [PSYoungGen: 154976K->0K(498688K)] [ParOldGen: 1240220K->189940K(1398272K)] 1395196K->189940K(1896960K), [Metaspace: 60451K->60451K(1105920K)], 0.4568921 secs] [Times: user=2.12 sys=0.00, real=0.45 secs] 
4330.673: [GC (Allocation Failure) [PSYoungGen: 343552K->103200K(517120K)] 533492K->293140K(1915392K), 0.0943488 secs] [Times: user=0.55 sys=0.00, real=0.10 secs] 
4331.482: [GC (Allocation Failure) [PSYoungGen: 437536K->141024K(516096K)] 627476K->430649K(1914368K), 0.0498385 secs] [Times: user=0.29 sys=0.00, real=0.05 secs] 
4332.836: [GC (Allocation Failure) [PSYoungGen: 475360K->102912K(515072K)] 764985K->524713K(1913344K), 0.0681201 secs] [Times: user=0.40 sys=0.00, real=0.06 secs] 
4333.542: [GC (Allocation Failure) [PSYoungGen: 438272K->139680K(515584K)] 860073K->661382K(1913856K), 0.0522039 secs] [Times: user=0.31 sys=0.00, real=0.05 secs] 
4334.928: [GC (Allocation Failure) [PSYoungGen: 475040K->104480K(515584K)] 996742K->756470K(1913856K), 0.0652335 secs] [Times: user=0.39 sys=0.01, real=0.06 secs] 
4335.947: [GC (Allocation Failure) [PSYoungGen: 442912K->140096K(517120K)] 1094902K->894003K(1915392K), 0.0531657 secs] [Times: user=0.32 sys=0.00, real=0.05 secs] 
4338.028: [GC (Allocation Failure) [PSYoungGen: 478528K->103808K(517632K)] 1232435K->988851K(1915904K), 0.1403643 secs] [Times: user=0.83 sys=0.00, real=0.14 secs] 
4339.853: [GC (Allocation Failure) [PSYoungGen: 444800K->145952K(518656K)] 1329843K->1132359K(1916928K), 0.0528112 secs] [Times: user=0.30 sys=0.01, real=0.06 secs] 
4341.336: [GC (Allocation Failure) [PSYoungGen: 486944K->108928K(518656K)] 1473351K->1223699K(1916928K), 0.0763591 secs] [Times: user=0.45 sys=0.00, real=0.07 secs] 
4342.261: [GC (Allocation Failure) [PSYoungGen: 449920K->138624K(518656K)] 1564691K->1359992K(1916928K), 0.0536215 secs] [Times: user=0.31 sys=0.00, real=0.05 secs] 
4343.756: [GC (Allocation Failure) [PSYoungGen: 479616K->110784K(515584K)] 1700984K->1461544K(1913856K), 0.0898991 secs] [Times: user=0.54 sys=0.00, real=0.09 secs] 
4343.846: [Full GC (Ergonomics) [PSYoungGen: 110784K->0K(515584K)] [ParOldGen: 1350760K->23527K(1398272K)] 1461544K->23527K(1913856K), [Metaspace: 60451K->60451K(1105920K)], 0.0318320 secs] [Times: user=0.08 sys=0.00, real=0.03 secs] 
4345.301: [GC (Allocation Failure) [PSYoungGen: 343040K->137536K(518144K)] 366567K->161063K(1916416K), 0.0271417 secs] [Times: user=0.15 sys=0.00, real=0.03 secs] 
4346.782: [GC (Allocation Failure) [PSYoungGen: 480576K->111648K(518656K)] 504103K->263279K(1916928K), 0.0781447 secs] [Times: user=0.47 sys=0.01, real=0.08 secs] 
4347.713: [GC (Allocation Failure) [PSYoungGen: 460320K->143744K(521216K)] 611951K->404356K(1919488K), 0.0539704 secs] [Times: user=0.31 sys=0.00, real=0.06 secs] 
4349.193: [GC (Allocation Failure) [PSYoungGen: 492416K->107936K(524288K)] 753028K->503156K(1922560K), 0.0766577 secs] [Times: user=0.45 sys=0.00, real=0.08 secs] 
4350.133: [GC (Allocation Failure) [PSYoungGen: 458656K->145024K(496128K)] 853876K->646489K(1894400K), 0.0532052 secs] [Times: user=0.32 sys=0.01, real=0.06 secs] 
4351.849: [GC (Allocation Failure) [PSYoungGen: 495744K->110240K(525312K)] 997209K->747857K(1923584K), 0.1211211 secs] [Times: user=0.73 sys=0.01, real=0.12 secs] 
4353.199: [GC (Allocation Failure) [PSYoungGen: 459424K->145216K(494592K)] 1097041K->890305K(1892864K), 0.0537703 secs] [Times: user=0.31 sys=0.01, real=0.05 secs] 
4354.673: [GC (GCLocker Initiated GC) [PSYoungGen: 494400K->109408K(524288K)] 1239489K->990890K(1922560K), 0.0774800 secs] [Times: user=0.45 sys=0.00, real=0.08 secs] 
4355.717: [GC (Allocation Failure) [PSYoungGen: 457056K->144128K(522240K)] 1338540K->1131617K(1920512K), 0.0535112 secs] [Times: user=0.31 sys=0.00, real=0.05 secs] 
4357.300: [GC (Allocation Failure) [PSYoungGen: 491776K->107776K(522752K)] 1479265K->1230393K(1921024K), 0.0996827 secs] [Times: user=0.59 sys=0.00, real=0.10 secs] 
4358.770: [GC (Allocation Failure) [PSYoungGen: 454912K->143840K(491008K)] 1577529K->1370998K(1889280K), 0.0537159 secs] [Times: user=0.32 sys=0.01, real=0.05 secs] 
4360.339: [GC (Allocation Failure) [PSYoungGen: 490976K->108384K(523776K)] 1718134K->1469986K(1922048K), 0.1203022 secs] [Times: user=0.70 sys=0.01, real=0.12 secs] 
4360.459: [Full GC (Ergonomics) [PSYoungGen: 108384K->0K(523776K)] [ParOldGen: 1361602K->37500K(1398272K)] 1469986K->37500K(1922048K), [Metaspace: 60451K->60451K(1105920K)], 0.0952168 secs] [Times: user=0.36 sys=0.00, real=0.09 secs] 
4362.226: [GC (Allocation Failure) [PSYoungGen: 346624K->142624K(521728K)] 384124K->180124K(1920000K), 0.0286501 secs] [Times: user=0.16 sys=0.00, real=0.03 secs] 
4363.575: [GC (Allocation Failure) [PSYoungGen: 489248K->110848K(521216K)] 526748K->281260K(1919488K), 0.0645327 secs] [Times: user=0.39 sys=0.00, real=0.07 secs] 
4364.247: [GC (Allocation Failure) [PSYoungGen: 457984K->144672K(521728K)] 628396K->422689K(1920000K), 0.0529342 secs] [Times: user=0.30 sys=0.01, real=0.05 secs] 
4365.764: [GC (Allocation Failure) [PSYoungGen: 491808K->110464K(522240K)] 769825K->523913K(1920512K), 0.1054960 secs] [Times: user=0.62 sys=0.00, real=0.11 secs] 
4366.644: [GC (Allocation Failure) [PSYoungGen: 458112K->147712K(495616K)] 871561K->665678K(1893888K), 0.0530868 secs] [Times: user=0.31 sys=0.00, real=0.06 secs] 
4369.117: [GC (Allocation Failure) [PSYoungGen: 495360K->106304K(522240K)] 1013326K->763130K(1920512K), 0.1571188 secs] [Times: user=0.92 sys=0.01, real=0.15 secs] 
4370.290: [GC (Allocation Failure) [PSYoungGen: 450368K->145024K(489472K)] 1107194K->904031K(1887744K), 0.0517204 secs] [Times: user=0.31 sys=0.00, real=0.05 secs] 
4371.745: [GC (Allocation Failure) [PSYoungGen: 489088K->106272K(521728K)] 1248095K->1001139K(1920000K), 0.0797631 secs] [Times: user=0.47 sys=0.01, real=0.08 secs] 
4372.412: [GC (Allocation Failure) [PSYoungGen: 449312K->144928K(488448K)] 1344179K->1141984K(1886720K), 0.0521590 secs] [Times: user=0.30 sys=0.00, real=0.05 secs] 
4374.017: [GC (Allocation Failure) [PSYoungGen: 487968K->104480K(520704K)] 1485024K->1237232K(1918976K), 0.0797475 secs] [Times: user=0.48 sys=0.01, real=0.08 secs] 
4374.966: [GC (Allocation Failure) [PSYoungGen: 445984K->143680K(485376K)] 1578736K->1377004K(1883648K), 0.0527328 secs] [Times: user=0.30 sys=0.01, real=0.05 secs] 
4375.019: [Full GC (Ergonomics) [PSYoungGen: 143680K->0K(485376K)] [ParOldGen: 1233324K->181757K(1398272K)] 1377004K->181757K(1883648K), [Metaspace: 60451K->60451K(1105920K)], 0.4456723 secs] [Times: user=2.10 sys=0.00, real=0.44 secs] 
4377.399: [GC (Allocation Failure) [PSYoungGen: 341504K->106336K(521216K)] 523261K->288093K(1919488K), 0.0783311 secs] [Times: user=0.45 sys=0.01, real=0.08 secs] 
4378.687: [GC (Allocation Failure) [PSYoungGen: 447840K->142240K(519168K)] 629597K->427198K(1917440K), 0.0520940 secs] [Times: user=0.31 sys=0.00, real=0.05 secs] 
4380.363: [GC (Allocation Failure) [PSYoungGen: 483744K->105024K(519680K)] 768702K->523102K(1917952K), 0.0969062 secs] [Times: user=0.57 sys=0.00, real=0.10 secs] 
4381.271: [GC (Allocation Failure) [PSYoungGen: 447040K->143008K(519680K)] 865118K->663210K(1917952K), 0.0522726 secs] [Times: user=0.31 sys=0.00, real=0.05 secs] 
4382.958: [GC (Allocation Failure) [PSYoungGen: 485024K->106464K(518656K)] 1005226K->760830K(1916928K), 0.0760083 secs] [Times: user=0.45 sys=0.01, real=0.07 secs] 
4383.963: [GC (Allocation Failure) [PSYoungGen: 448480K->142176K(519168K)] 1102846K->900291K(1917440K), 0.0546684 secs] [Times: user=0.33 sys=0.00, real=0.06 secs] 
4385.560: [GC (Allocation Failure) [PSYoungGen: 484192K->106816K(519168K)] 1242307K->997731K(1917440K), 0.0759930 secs] [Times: user=0.45 sys=0.00, real=0.07 secs] 
4386.673: [GC (Allocation Failure) [PSYoungGen: 449856K->142304K(519680K)] 1340771K->1136932K(1917952K), 0.0539943 secs] [Times: user=0.32 sys=0.00, real=0.06 secs] 
4388.565: [GC (Allocation Failure) [PSYoungGen: 485344K->107456K(519680K)] 1479972K->1235404K(1917952K), 0.1251389 secs] [Times: user=0.74 sys=0.00, real=0.13 secs] 
4389.923: [GC (Allocation Failure) [PSYoungGen: 451520K->140320K(520192K)] 1579468K->1373289K(1918464K), 0.0539214 secs] [Times: user=0.32 sys=0.00, real=0.06 secs] 
4389.977: [Full GC (Ergonomics) [PSYoungGen: 140320K->0K(520192K)] [ParOldGen: 1232969K->171444K(1398272K)] 1373289K->171444K(1918464K), [Metaspace: 60452K->60452K(1105920K)], 0.4068787 secs] [Times: user=1.89 sys=0.00, real=0.40 secs] 
4392.095: [GC (Allocation Failure) [PSYoungGen: 344064K->106368K(520192K)] 515508K->277812K(1918464K), 0.0755555 secs] [Times: user=0.45 sys=0.00, real=0.08 secs] 
4393.898: [GC (Allocation Failure) [PSYoungGen: 452480K->141152K(521216K)] 623924K->416365K(1919488K), 0.0530394 secs] [Times: user=0.31 sys=0.00, real=0.05 secs] 
4395.327: [GC (GCLocker Initiated GC) [PSYoungGen: 487264K->109408K(520192K)] 762477K->516349K(1918464K), 0.0836154 secs] [Times: user=0.50 sys=0.00, real=0.08 secs] 
4396.460: [GC (Allocation Failure) [PSYoungGen: 456544K->142816K(521216K)] 863488K->655997K(1919488K), 0.0533468 secs] [Times: user=0.31 sys=0.00, real=0.05 secs] 
4397.923: [GC (Allocation Failure) [PSYoungGen: 489952K->112352K(521728K)] 1003133K->758365K(1920000K), 0.0663851 secs] [Times: user=0.40 sys=0.00, real=0.07 secs] 
4398.739: [GC (Allocation Failure) [PSYoungGen: 461024K->145120K(522240K)] 1107037K->900602K(1920512K), 0.0551474 secs] [Times: user=0.33 sys=0.00, real=0.05 secs] 
4400.576: [GC (Allocation Failure) [PSYoungGen: 493792K->108096K(523776K)] 1249274K->999378K(1922048K), 0.1209648 secs] [Times: user=0.71 sys=0.00, real=0.13 secs] 
4401.699: [GC (GCLocker Initiated GC) [PSYoungGen: 456256K->141696K(522752K)] 1347538K->1138111K(1921024K), 0.0534963 secs] [Times: user=0.31 sys=0.00, real=0.05 secs] 
4403.159: [GC (GCLocker Initiated GC) [PSYoungGen: 489856K->110176K(521216K)] 1486275K->1238619K(1919488K), 0.0751953 secs] [Times: user=0.44 sys=0.00, real=0.07 secs] 
4403.854: [GC (Allocation Failure) [PSYoungGen: 458848K->147072K(496128K)] 1587362K->1382751K(1894400K), 0.0547144 secs] [Times: user=0.32 sys=0.00, real=0.06 secs] 
4403.909: [Full GC (Ergonomics) [PSYoungGen: 147072K->0K(496128K)] [ParOldGen: 1235679K->182358K(1398272K)] 1382751K->182358K(1894400K), [Metaspace: 60452K->60452K(1105920K)], 0.4437155 secs] [Times: user=2.08 sys=0.00, real=0.44 secs] 
4406.230: [GC (Allocation Failure) [PSYoungGen: 348672K->106304K(523264K)] 531030K->288662K(1921536K), 0.0879096 secs] [Times: user=0.52 sys=0.00, real=0.09 secs] 
4407.771: [GC (Allocation Failure) [PSYoungGen: 452416K->143744K(489984K)] 634774K->428195K(1888256K), 0.0517871 secs] [Times: user=0.30 sys=0.00, real=0.05 secs] 
4409.408: [GC (Allocation Failure) [PSYoungGen: 489856K->110656K(523776K)] 774307K->529787K(1922048K), 0.1156059 secs] [Times: user=0.69 sys=0.00, real=0.11 secs] 
4410.277: [GC (Allocation Failure) [PSYoungGen: 456768K->144608K(521216K)] 875899K->668408K(1919488K), 0.0523344 secs] [Times: user=0.30 sys=0.00, real=0.05 secs] 
4411.827: [GC (Allocation Failure) [PSYoungGen: 490720K->108928K(522240K)] 1014520K->768252K(1920512K), 0.1071607 secs] [Times: user=0.64 sys=0.00, real=0.10 secs] 
4412.631: [GC (Allocation Failure) [PSYoungGen: 455040K->146400K(492544K)] 1114364K->910728K(1890816K), 0.0529651 secs] [Times: user=0.31 sys=0.00, real=0.05 secs] 
4414.694: [GC (GCLocker Initiated GC) [PSYoungGen: 492512K->106464K(522240K)] 1256840K->1007861K(1920512K), 0.1198565 secs] [Times: user=0.65 sys=0.01, real=0.12 secs] 
4415.478: [GC (Allocation Failure) [PSYoungGen: 450528K->153856K(498176K)] 1351963K->1157627K(1896448K), 0.0530544 secs] [Times: user=0.31 sys=0.00, real=0.05 secs] 
4417.075: [GC (Allocation Failure) [PSYoungGen: 497920K->106368K(518144K)] 1501691K->1246635K(1916416K), 0.0907091 secs] [Times: user=0.54 sys=0.00, real=0.09 secs] 
4417.852: [GC (Allocation Failure) [PSYoungGen: 442240K->142272K(516608K)] 1582507K->1384439K(1914880K), 0.0516042 secs] [Times: user=0.30 sys=0.00, real=0.05 secs] 
4417.904: [Full GC (Ergonomics) [PSYoungGen: 142272K->0K(516608K)] [ParOldGen: 1242167K->182781K(1398272K)] 1384439K->182781K(1914880K), [Metaspace: 60453K->60453K(1105920K)], 0.4405677 secs] [Times: user=2.06 sys=0.01, real=0.44 secs] 
4419.984: [GC (Allocation Failure) [PSYoungGen: 335872K->102944K(517120K)] 518653K->285725K(1915392K), 0.0473551 secs] [Times: user=0.28 sys=0.00, real=0.05 secs] 
4420.708: [GC (Allocation Failure) [PSYoungGen: 439840K->140864K(517120K)] 622621K->423502K(1915392K), 0.0510631 secs] [Times: user=0.30 sys=0.00, real=0.05 secs] 
4422.658: [GC (Allocation Failure) [PSYoungGen: 477760K->103712K(515584K)] 760398K->518102K(1913856K), 0.1654201 secs] [Times: user=0.97 sys=0.01, real=0.16 secs] 
4423.999: [GC (Allocation Failure) [PSYoungGen: 442144K->139680K(517120K)] 856534K->654503K(1915392K), 0.0511878 secs] [Times: user=0.31 sys=0.00, real=0.05 secs] 
4425.422: [GC (Allocation Failure) [PSYoungGen: 478112K->107488K(516608K)] 992935K->752175K(1914880K), 0.0652651 secs] [Times: user=0.39 sys=0.01, real=0.07 secs] 
4426.498: [GC (GCLocker Initiated GC) [PSYoungGen: 448480K->139808K(518144K)] 1093168K->889185K(1916416K), 0.0529275 secs] [Times: user=0.31 sys=0.00, real=0.05 secs] 
4427.946: [GC (Allocation Failure) [PSYoungGen: 480800K->107936K(518144K)] 1230179K->987655K(1916416K), 0.0917132 secs] [Times: user=0.54 sys=0.00, real=0.10 secs] 
4429.103: [GC (Allocation Failure) [PSYoungGen: 452000K->140832K(519680K)] 1331719K->1126438K(1917952K), 0.0536281 secs] [Times: user=0.31 sys=0.00, real=0.06 secs] 
4430.726: [GC (Allocation Failure) [PSYoungGen: 484896K->109472K(519168K)] 1470502K->1226486K(1917440K), 0.0659113 secs] [Times: user=0.39 sys=0.00, real=0.07 secs] 
4432.411: [GC (Allocation Failure) [PSYoungGen: 456096K->141792K(520704K)] 1573110K->1365771K(1918976K), 0.0547557 secs] [Times: user=0.32 sys=0.00, real=0.05 secs] 
4433.864: [GC (Allocation Failure) [PSYoungGen: 488416K->109760K(522240K)] 1712395K->1466067K(1920512K), 0.0689863 secs] [Times: user=0.41 sys=0.00, real=0.07 secs] 
4433.933: [Full GC (Ergonomics) [PSYoungGen: 109760K->0K(522240K)] [ParOldGen: 1356307K->26333K(1398272K)] 1466067K->26333K(1920512K), [Metaspace: 60453K->60453K(1105920K)], 0.0460371 secs] [Times: user=0.14 sys=0.00, real=0.05 secs] 
4435.331: [GC (Allocation Failure) [PSYoungGen: 349184K->141408K(522752K)] 375517K->167741K(1921024K), 0.0284073 secs] [Times: user=0.17 sys=0.00, real=0.03 secs] 
4436.781: [GC (Allocation Failure) [PSYoungGen: 490592K->112160K(521728K)] 516925K->270301K(1920000K), 0.0686248 secs] [Times: user=0.40 sys=0.01, real=0.07 secs] 
4438.335: [GC (Allocation Failure) [PSYoungGen: 462368K->143488K(522752K)] 620509K->411178K(1921024K), 0.0536420 secs] [Times: user=0.31 sys=0.00, real=0.06 secs] 
4439.931: [GC (Allocation Failure) [PSYoungGen: 493696K->111648K(524288K)] 761386K->513302K(1922560K), 0.0906412 secs] [Times: user=0.54 sys=0.00, real=0.09 secs] 
4441.246: [GC (Allocation Failure) [PSYoungGen: 463392K->144480K(496640K)] 865046K->654918K(1894912K), 0.0539899 secs] [Times: user=0.32 sys=0.00, real=0.06 secs] 
4443.127: [GC (Allocation Failure) [PSYoungGen: 496224K->108320K(525824K)] 1006662K->754166K(1924096K), 0.1241017 secs] [Times: user=0.73 sys=0.00, real=0.12 secs] 
4444.426: [GC (Allocation Failure) [PSYoungGen: 459040K->145792K(496640K)] 1104886K->896483K(1894912K), 0.0535171 secs] [Times: user=0.32 sys=0.00, real=0.05 secs] 
4446.384: [GC (Allocation Failure) [PSYoungGen: 496512K->109376K(524800K)] 1247203K->996623K(1923072K), 0.0980628 secs] [Times: user=0.58 sys=0.00, real=0.10 secs] 
4447.820: [GC (Allocation Failure) [PSYoungGen: 458048K->145120K(494080K)] 1345295K->1138872K(1892352K), 0.0534974 secs] [Times: user=0.32 sys=0.00, real=0.05 secs] 
4449.283: [GC (GCLocker Initiated GC) [PSYoungGen: 493792K->107168K(523776K)] 1487544K->1237132K(1922048K), 0.1129413 secs] [Times: user=0.67 sys=0.00, real=0.11 secs] 
4450.267: [GC (GCLocker Initiated GC) [PSYoungGen: 454304K->144064K(491520K)] 1584270K->1376807K(1889792K), 0.0534378 secs] [Times: user=0.32 sys=0.00, real=0.05 secs] 
4450.321: [Full GC (Ergonomics) [PSYoungGen: 144064K->0K(491520K)] [ParOldGen: 1232743K->181434K(1398272K)] 1376807K->181434K(1889792K), [Metaspace: 60453K->60453K(1105920K)], 0.4275140 secs] [Times: user=1.97 sys=0.01, real=0.43 secs] 
4452.064: [GC (Allocation Failure) [PSYoungGen: 347136K->113120K(524288K)] 528643K->294627K(1922560K), 0.0636171 secs] [Times: user=0.37 sys=0.00, real=0.07 secs] 
4453.339: [GC (Allocation Failure) [PSYoungGen: 460256K->143456K(521728K)] 641763K->432231K(1920000K), 0.0529892 secs] [Times: user=0.31 sys=0.01, real=0.05 secs] 
4455.083: [GC (Allocation Failure) [PSYoungGen: 490592K->110624K(522752K)] 779367K->533167K(1921024K), 0.0720276 secs] [Times: user=0.42 sys=0.01, real=0.07 secs] 
4455.828: [GC (Allocation Failure) [PSYoungGen: 458784K->147584K(496128K)] 881327K->676824K(1894400K), 0.0533916 secs] [Times: user=0.32 sys=0.00, real=0.05 secs] 
4457.437: [GC (Allocation Failure) [PSYoungGen: 495744K->107040K(522752K)] 1024984K->774880K(1921024K), 0.0757422 secs] [Times: user=0.45 sys=0.01, real=0.07 secs] 
4458.115: [GC (Allocation Failure) [PSYoungGen: 452128K->147584K(493056K)] 1119968K->918317K(1891328K), 0.0526244 secs] [Times: user=0.31 sys=0.00, real=0.06 secs] 
4460.313: [GC (Allocation Failure) [PSYoungGen: 492672K->103744K(520704K)] 1263405K->1013165K(1918976K), 0.1318955 secs] [Times: user=0.79 sys=0.00, real=0.13 secs] 
4461.095: [GC (Allocation Failure) [PSYoungGen: 445248K->145952K(487936K)] 1354669K->1155170K(1886208K), 0.0513045 secs] [Times: user=0.30 sys=0.00, real=0.05 secs] 
4463.584: [GC (Allocation Failure) [PSYoungGen: 487456K->102304K(519168K)] 1496674K->1248642K(1917440K), 0.1560948 secs] [Times: user=0.93 sys=0.00, real=0.16 secs] 
4464.802: [GC (Allocation Failure) [PSYoungGen: 440736K->142240K(518144K)] 1587074K->1386463K(1916416K), 0.0505430 secs] [Times: user=0.30 sys=0.01, real=0.05 secs] 
4464.852: [Full GC (Ergonomics) [PSYoungGen: 142240K->0K(518144K)] [ParOldGen: 1244223K->184442K(1398272K)] 1386463K->184442K(1916416K), [Metaspace: 60453K->60453K(1105920K)], 0.4408513 secs] [Times: user=2.05 sys=0.00, real=0.44 secs] 
4466.834: [GC (Allocation Failure) [PSYoungGen: 337348K->102752K(517120K)] 521791K->287195K(1915392K), 0.0436606 secs] [Times: user=0.26 sys=0.00, real=0.05 secs] 
4467.896: [GC (Allocation Failure) [PSYoungGen: 441184K->141920K(517632K)] 625627K->426063K(1915904K), 0.0506267 secs] [Times: user=0.29 sys=0.00, real=0.05 secs] 
4469.782: [GC (Allocation Failure) [PSYoungGen: 480352K->104480K(517632K)] 764495K->521575K(1915904K), 0.1081531 secs] [Times: user=0.64 sys=0.00, real=0.11 secs] 
4471.303: [GC (Allocation Failure) [PSYoungGen: 443936K->139072K(518144K)] 861031K->657956K(1916416K), 0.0518439 secs] [Times: user=0.31 sys=0.00, real=0.05 secs] 
4472.669: [GC (GCLocker Initiated GC) [PSYoungGen: 478528K->107264K(516096K)] 997412K->755716K(1914368K), 0.0646389 secs] [Times: user=0.38 sys=0.00, real=0.06 secs] 
4473.439: [GC (Allocation Failure) [PSYoungGen: 448768K->149888K(518144K)] 1097259K->902776K(1916416K), 0.0530220 secs] [Times: user=0.31 sys=0.01, real=0.05 secs] 
4475.027: [GC (Allocation Failure) [PSYoungGen: 491392K->106912K(520192K)] 1244280K->992184K(1918464K), 0.0718212 secs] [Times: user=0.43 sys=0.00, real=0.07 secs] 
4475.876: [GC (Allocation Failure) [PSYoungGen: 446368K->140896K(518144K)] 1331640K->1130421K(1916416K), 0.0537052 secs] [Times: user=0.32 sys=0.00, real=0.06 secs] 
4477.725: [GC (Allocation Failure) [PSYoungGen: 480352K->106720K(517120K)] 1469877K->1227677K(1915392K), 0.1179317 secs] [Times: user=0.71 sys=0.01, real=0.12 secs] 
4478.809: [GC (Allocation Failure) [PSYoungGen: 447200K->140032K(518144K)] 1568157K->1365458K(1916416K), 0.0543055 secs] [Times: user=0.32 sys=0.00, real=0.05 secs] 
4480.339: [GC (GCLocker Initiated GC) [PSYoungGen: 480512K->108032K(516608K)] 1705938K->1463994K(1914880K), 0.1006912 secs] [Times: user=0.60 sys=0.00, real=0.10 secs] 
4480.440: [Full GC (Ergonomics) [PSYoungGen: 108032K->0K(516608K)] [ParOldGen: 1355962K->25948K(1398272K)] 1463994K->25948K(1914880K), [Metaspace: 60453K->60453K(1105920K)], 0.0517329 secs] [Times: user=0.17 sys=0.00, real=0.05 secs] 
4481.438: [GC (Allocation Failure) [PSYoungGen: 343040K->148352K(518656K)] 368991K->174303K(1916928K), 0.0282888 secs] [Times: user=0.16 sys=0.00, real=0.02 secs] 
4482.819: [GC (Allocation Failure) [PSYoungGen: 491392K->109280K(520704K)] 517343K->266027K(1918976K), 0.0650517 secs] [Times: user=0.38 sys=0.00, real=0.06 secs] 
4484.390: [GC (Allocation Failure) [PSYoungGen: 451296K->139040K(519168K)] 608043K->402687K(1917440K), 0.0521809 secs] [Times: user=0.31 sys=0.00, real=0.05 secs] 
4485.986: [GC (Allocation Failure) [PSYoungGen: 481056K->107776K(520192K)] 744703K->501467K(1918464K), 0.1017293 secs] [Times: user=0.60 sys=0.00, real=0.11 secs] 
4487.555: [GC (Allocation Failure) [PSYoungGen: 452352K->139936K(520192K)] 846043K->639844K(1918464K), 0.0531353 secs] [Times: user=0.32 sys=0.00, real=0.06 secs] 
4489.011: [GC (GCLocker Initiated GC) [PSYoungGen: 484512K->108608K(519680K)] 984420K->739388K(1917952K), 0.0659767 secs] [Times: user=0.39 sys=0.00, real=0.07 secs] 
4490.828: [GC (Allocation Failure) [PSYoungGen: 455744K->138912K(521216K)] 1086527K->876196K(1919488K), 0.0531331 secs] [Times: user=0.31 sys=0.00, real=0.05 secs] 
4492.236: [GC (Allocation Failure) [PSYoungGen: 486048K->111264K(520192K)] 1223332K->978044K(1918464K), 0.0752240 secs] [Times: user=0.45 sys=0.01, real=0.08 secs] 
4494.470: [GC (Allocation Failure) [PSYoungGen: 461472K->139616K(522240K)] 1328252K->1115993K(1920512K), 0.0546151 secs] [Times: user=0.32 sys=0.00, real=0.05 secs] 
4495.878: [GC (Allocation Failure) [PSYoungGen: 489824K->111104K(523776K)] 1466201K->1217697K(1922048K), 0.0697699 secs] [Times: user=0.41 sys=0.00, real=0.07 secs] 
4496.895: [GC (Allocation Failure) [PSYoungGen: 464896K->143712K(524800K)] 1571489K->1359922K(1923072K), 0.0548846 secs] [Times: user=0.32 sys=0.00, real=0.06 secs] 
4498.335: [GC (Allocation Failure) [PSYoungGen: 497504K->114112K(525312K)] 1713714K->1464862K(1923584K), 0.0849954 secs] [Times: user=0.50 sys=0.00, real=0.09 secs] 
4498.420: [Full GC (Ergonomics) [PSYoungGen: 114112K->0K(525312K)] [ParOldGen: 1350750K->30204K(1398272K)] 1464862K->30204K(1923584K), [Metaspace: 60460K->60460K(1105920K)], 0.0554896 secs] [Times: user=0.18 sys=0.00, real=0.05 secs] 
4499.812: [GC (Allocation Failure) [PSYoungGen: 354304K->144896K(525312K)] 384508K->175100K(1923584K), 0.0290615 secs] [Times: user=0.17 sys=0.00, real=0.03 secs] 
4501.480: [GC (Allocation Failure) [PSYoungGen: 499200K->113792K(525312K)] 529404K->279528K(1923584K), 0.0738023 secs] [Times: user=0.44 sys=0.01, real=0.07 secs] 
4502.844: [GC (Allocation Failure) [PSYoungGen: 468096K->144960K(525312K)] 633832K->421437K(1923584K), 0.0547713 secs] [Times: user=0.32 sys=0.00, real=0.06 secs] 
4504.605: [GC (Allocation Failure) [PSYoungGen: 499264K->112128K(526336K)] 775741K->523697K(1924608K), 0.0930136 secs] [Times: user=0.55 sys=0.00, real=0.10 secs] 
4505.766: [GC (Allocation Failure) [PSYoungGen: 465408K->155264K(508928K)] 876977K->675136K(1907200K), 0.0547863 secs] [Times: user=0.32 sys=0.00, real=0.05 secs] 
4507.714: [GC (Allocation Failure) [PSYoungGen: 508544K->110272K(522752K)] 1028416K->767928K(1921024K), 0.1018217 secs] [Times: user=0.60 sys=0.00, real=0.10 secs] 
4508.463: [GC (Allocation Failure) [PSYoungGen: 454848K->146080K(491008K)] 1112504K->909897K(1889280K), 0.0544381 secs] [Times: user=0.32 sys=0.00, real=0.06 secs] 
4510.287: [GC (Allocation Failure) [PSYoungGen: 490656K->106336K(521216K)] 1254473K->1007049K(1919488K), 0.0981317 secs] [Times: user=0.58 sys=0.00, real=0.09 secs] 
4511.300: [GC (Allocation Failure) [PSYoungGen: 448864K->144992K(487936K)] 1349577K->1147558K(1886208K), 0.0540199 secs] [Times: user=0.32 sys=0.00, real=0.05 secs] 
4512.998: [GC (Allocation Failure) [PSYoungGen: 487520K->104544K(520704K)] 1490086K->1242990K(1918976K), 0.1011855 secs] [Times: user=0.60 sys=0.00, real=0.10 secs] 
4513.919: [GC (Allocation Failure) [PSYoungGen: 446048K->144576K(486400K)] 1584494K->1383299K(1884672K), 0.0527499 secs] [Times: user=0.31 sys=0.00, real=0.05 secs] 
4513.972: [Full GC (Ergonomics) [PSYoungGen: 144576K->0K(486400K)] [ParOldGen: 1238723K->187333K(1398272K)] 1383299K->187333K(1884672K), [Metaspace: 60460K->60460K(1105920K)], 0.4522848 secs] [Times: user=2.11 sys=0.00, real=0.45 secs] 
4516.192: [GC (GCLocker Initiated GC) [PSYoungGen: 341504K->104352K(520192K)] 528837K->291685K(1918464K), 0.0461609 secs] [Times: user=0.27 sys=0.00, real=0.05 secs] 
4517.254: [GC (Allocation Failure) [PSYoungGen: 444832K->151552K(492544K)] 632204K->439340K(1890816K), 0.0515204 secs] [Times: user=0.30 sys=0.00, real=0.05 secs] 
4518.773: [GC (Allocation Failure) [PSYoungGen: 492032K->107616K(517632K)] 779820K->529676K(1915904K), 0.0828322 secs] [Times: user=0.48 sys=0.00, real=0.09 secs] 
4519.911: [GC (Allocation Failure) [PSYoungGen: 442464K->139072K(474112K)] 864524K->662481K(1872384K), 0.0513257 secs] [Times: user=0.30 sys=0.01, real=0.05 secs] 
4521.579: [GC (Allocation Failure) [PSYoungGen: 473920K->106272K(516608K)] 997329K->759405K(1914880K), 0.1367764 secs] [Times: user=0.81 sys=0.01, real=0.13 secs] 
4523.088: [GC (Allocation Failure) [PSYoungGen: 442656K->137632K(515072K)] 1095789K->894025K(1913344K), 0.0529225 secs] [Times: user=0.30 sys=0.01, real=0.05 secs] 
4524.689: [GC (Allocation Failure) [PSYoungGen: 474016K->107840K(518144K)] 1230409K->992369K(1916416K), 0.1285435 secs] [Times: user=0.76 sys=0.01, real=0.13 secs] 
4526.211: [GC (Allocation Failure) [PSYoungGen: 449856K->140512K(518144K)] 1334385K->1130078K(1916416K), 0.0538981 secs] [Times: user=0.32 sys=0.00, real=0.05 secs] 
4527.650: [GC (GCLocker Initiated GC) [PSYoungGen: 482528K->106752K(520192K)] 1472094K->1227390K(1918464K), 0.0697850 secs] [Times: user=0.41 sys=0.00, real=0.07 secs] 
4528.365: [GC (Allocation Failure) [PSYoungGen: 452864K->150688K(497152K)] 1573505K->1375856K(1895424K), 0.0541111 secs] [Times: user=0.32 sys=0.00, real=0.06 secs] 
4529.879: [GC (Allocation Failure) [PSYoungGen: 496800K->109760K(521216K)] 1721968K->1467853K(1919488K), 0.0810653 secs] [Times: user=0.48 sys=0.00, real=0.08 secs] 
4529.961: [Full GC (Ergonomics) [PSYoungGen: 109760K->0K(521216K)] [ParOldGen: 1358092K->27971K(1398272K)] 1467853K->27971K(1919488K), [Metaspace: 60460K->60460K(1105920K)], 0.0532381 secs] [Times: user=0.17 sys=0.00, real=0.05 secs] 
4531.118: [GC (Allocation Failure) [PSYoungGen: 341504K->141472K(519168K)] 369475K->169443K(1917440K), 0.0283104 secs] [Times: user=0.17 sys=0.00, real=0.03 secs] 
4532.514: [GC (GCLocker Initiated GC) [PSYoungGen: 482976K->106784K(519680K)] 510947K->267139K(1917952K), 0.0652792 secs] [Times: user=0.39 sys=0.00, real=0.07 secs] 
4534.242: [GC (Allocation Failure) [PSYoungGen: 449824K->140288K(519680K)] 610182K->404978K(1917952K), 0.0520892 secs] [Times: user=0.31 sys=0.00, real=0.05 secs] 
4535.842: [GC (Allocation Failure) [PSYoungGen: 483328K->110496K(517632K)] 748018K->506010K(1915904K), 0.0795622 secs] [Times: user=0.47 sys=0.00, real=0.08 secs] 
4536.964: [GC (Allocation Failure) [PSYoungGen: 455584K->139328K(519680K)] 851098K->644182K(1917952K), 0.0537178 secs] [Times: user=0.31 sys=0.00, real=0.06 secs] 
4539.739: [GC (Allocation Failure) [PSYoungGen: 484416K->109056K(520704K)] 989270K->744286K(1918976K), 0.0973346 secs] [Times: user=0.58 sys=0.00, real=0.10 secs] 
4541.538: [GC (Allocation Failure) [PSYoungGen: 458240K->141184K(522240K)] 1093470K->883515K(1920512K), 0.0533565 secs] [Times: user=0.31 sys=0.00, real=0.05 secs] 
4543.401: [GC (Allocation Failure) [PSYoungGen: 490368K->109632K(523264K)] 1232699K->984091K(1921536K), 0.0945319 secs] [Times: user=0.56 sys=0.01, real=0.09 secs] 
4544.709: [GC (Allocation Failure) [PSYoungGen: 460864K->141632K(523776K)] 1335323K->1123240K(1922048K), 0.0532460 secs] [Times: user=0.31 sys=0.00, real=0.05 secs] 
4546.256: [GC (Allocation Failure) [PSYoungGen: 492864K->111936K(522752K)] 1474472K->1225776K(1921024K), 0.0815279 secs] [Times: user=0.49 sys=0.00, real=0.09 secs] 
4547.698: [GC (Allocation Failure) [PSYoungGen: 464192K->145632K(523776K)] 1578032K->1368061K(1922048K), 0.0548848 secs] [Times: user=0.32 sys=0.00, real=0.05 secs] 
4549.317: [GC (Allocation Failure) [PSYoungGen: 497888K->112064K(525312K)] 1720317K->1470709K(1923584K), 0.1071270 secs] [Times: user=0.63 sys=0.00, real=0.10 secs] 
4549.425: [Full GC (Ergonomics) [PSYoungGen: 112064K->0K(525312K)] [ParOldGen: 1358644K->36752K(1398272K)] 1470709K->36752K(1923584K), [Metaspace: 60461K->60461K(1105920K)], 0.0848192 secs] [Times: user=0.35 sys=0.00, real=0.09 secs] 
4551.175: [GC (Allocation Failure) [PSYoungGen: 351744K->151520K(503296K)] 388496K->188272K(1901568K), 0.0288283 secs] [Times: user=0.17 sys=0.00, real=0.03 secs] 
4552.568: [GC (Allocation Failure) [PSYoungGen: 503264K->112672K(523776K)] 540016K->283032K(1922048K), 0.0654012 secs] [Times: user=0.39 sys=0.00, real=0.06 secs] 
4553.318: [GC (Allocation Failure) [PSYoungGen: 458784K->145408K(521216K)] 629144K->424545K(1919488K), 0.0535302 secs] [Times: user=0.32 sys=0.00, real=0.05 secs] 
4555.113: [GC (Allocation Failure) [PSYoungGen: 491520K->106464K(522752K)] 770657K->521741K(1921024K), 0.1073998 secs] [Times: user=0.63 sys=0.00, real=0.11 secs] 
4555.956: [GC (Allocation Failure) [PSYoungGen: 452064K->147296K(493056K)] 867341K->665018K(1891328K), 0.0521593 secs] [Times: user=0.31 sys=0.00, real=0.06 secs] 
4558.377: [GC (Allocation Failure) [PSYoungGen: 492896K->103456K(520704K)] 1010618K->759730K(1918976K), 0.1368564 secs] [Times: user=0.81 sys=0.00, real=0.13 secs] 
4559.425: [GC (Allocation Failure) [PSYoungGen: 444960K->144000K(485888K)] 1101234K->899475K(1884160K), 0.0511164 secs] [Times: user=0.30 sys=0.00, real=0.05 secs] 
4560.837: [GC (Allocation Failure) [PSYoungGen: 485504K->106016K(520704K)] 1240979K->996255K(1918976K), 0.0692431 secs] [Times: user=0.41 sys=0.00, real=0.06 secs] 
4561.644: [GC (Allocation Failure) [PSYoungGen: 447008K->141824K(519168K)] 1337247K->1135335K(1917440K), 0.0519221 secs] [Times: user=0.31 sys=0.00, real=0.05 secs] 
4563.093: [GC (Allocation Failure) [PSYoungGen: 482816K->107424K(517632K)] 1476327K->1233468K(1915904K), 0.0659165 secs] [Times: user=0.39 sys=0.01, real=0.07 secs] 
4563.850: [GC (Allocation Failure) [PSYoungGen: 448928K->142240K(518656K)] 1574972K->1372816K(1916928K), 0.0529520 secs] [Times: user=0.32 sys=0.00, real=0.05 secs] 
4563.903: [Full GC (Ergonomics) [PSYoungGen: 142240K->0K(518656K)] [ParOldGen: 1230576K->177712K(1398272K)] 1372816K->177712K(1916928K), [Metaspace: 60461K->60461K(1105920K)], 0.4273157 secs] [Times: user=1.99 sys=0.00, real=0.43 secs] 
4566.041: [GC (Allocation Failure) [PSYoungGen: 341504K->105632K(519680K)] 519216K->283345K(1917952K), 0.0730316 secs] [Times: user=0.42 sys=0.00, real=0.07 secs] 
4567.347: [GC (Allocation Failure) [PSYoungGen: 449184K->143008K(520192K)] 626897K->423029K(1918464K), 0.0525142 secs] [Times: user=0.31 sys=0.00, real=0.05 secs] 
4569.037: [GC (Allocation Failure) [PSYoungGen: 486560K->105536K(520704K)] 766581K->519421K(1918976K), 0.1109785 secs] [Times: user=0.65 sys=0.00, real=0.11 secs] 
4570.584: [GC (Allocation Failure) [PSYoungGen: 449600K->142240K(520704K)] 863485K->658378K(1918976K), 0.0521201 secs] [Times: user=0.31 sys=0.00, real=0.06 secs] 
4572.724: [GC (Allocation Failure) [PSYoungGen: 486304K->107616K(519680K)] 1002442K->756570K(1917952K), 0.1618449 secs] [Times: user=0.96 sys=0.00, real=0.17 secs] 
4573.979: [GC (Allocation Failure) [PSYoungGen: 451680K->143136K(520192K)] 1100634K->896871K(1918464K), 0.0527751 secs] [Times: user=0.31 sys=0.00, real=0.05 secs] 
4575.866: [GC (GCLocker Initiated GC) [PSYoungGen: 487200K->104800K(521216K)] 1240935K->992243K(1919488K), 0.1510228 secs] [Times: user=0.90 sys=0.00, real=0.15 secs] 
4577.131: [GC (Allocation Failure) [PSYoungGen: 448864K->140512K(520704K)] 1336378K->1130187K(1918976K), 0.0524323 secs] [Times: user=0.31 sys=0.00, real=0.05 secs] 
4578.796: [GC (Allocation Failure) [PSYoungGen: 484576K->109344K(518656K)] 1474251K->1230795K(1916928K), 0.0950729 secs] [Times: user=0.56 sys=0.00, real=0.09 secs] 
4581.012: [GC (Allocation Failure) [PSYoungGen: 454432K->148384K(520192K)] 1575883K->1376384K(1918464K), 0.0535517 secs] [Times: user=0.32 sys=0.00, real=0.05 secs] 
4582.764: [GC (Allocation Failure) [PSYoungGen: 493472K->106720K(521728K)] 1721472K->1465360K(1920000K), 0.1516226 secs] [Times: user=0.90 sys=0.00, real=0.15 secs] 
4582.915: [Full GC (Ergonomics) [PSYoungGen: 106720K->0K(521728K)] [ParOldGen: 1358640K->26151K(1398272K)] 1465360K->26151K(1920000K), [Metaspace: 60491K->60491K(1105920K)], 0.0660348 secs] [Times: user=0.21 sys=0.00, real=0.07 secs] 
4584.654: [GC (Allocation Failure) [PSYoungGen: 343040K->138624K(520192K)] 369191K->164775K(1918464K), 0.0279665 secs] [Times: user=0.17 sys=0.00, real=0.03 secs] 
4586.050: [GC (Allocation Failure) [PSYoungGen: 481664K->110304K(518144K)] 507815K->265947K(1916416K), 0.0678037 secs] [Times: user=0.40 sys=0.00, real=0.07 secs] 
4587.652: [GC (Allocation Failure) [PSYoungGen: 454880K->138464K(519168K)] 610523K->402247K(1917440K), 0.0525702 secs] [Times: user=0.31 sys=0.00, real=0.05 secs] 
4589.064: [GC (Allocation Failure) [PSYoungGen: 483040K->112576K(519168K)] 746823K->504936K(1917440K), 0.0650577 secs] [Times: user=0.38 sys=0.00, real=0.07 secs] 
4590.976: [GC (Allocation Failure) [PSYoungGen: 462272K->140384K(521728K)] 854632K->643192K(1920000K), 0.0538042 secs] [Times: user=0.31 sys=0.00, real=0.06 secs] 
4592.416: [GC (Allocation Failure) [PSYoungGen: 490080K->114240K(522240K)] 992888K->747608K(1920512K), 0.0744665 secs] [Times: user=0.44 sys=0.00, real=0.08 secs] 
4593.379: [GC (Allocation Failure) [PSYoungGen: 467520K->144672K(523776K)] 1100888K->889261K(1922048K), 0.0549494 secs] [Times: user=0.33 sys=0.00, real=0.05 secs] 
4594.925: [GC (GCLocker Initiated GC) [PSYoungGen: 497952K->111520K(526336K)] 1242541K->991257K(1924608K), 0.1405491 secs] [Times: user=0.83 sys=0.01, real=0.14 secs] 
4596.130: [GC (Allocation Failure) [PSYoungGen: 465312K->146368K(500224K)] 1345051K->1134812K(1898496K), 0.0552056 secs] [Times: user=0.32 sys=0.00, real=0.05 secs] 
4597.970: [GC (Allocation Failure) [PSYoungGen: 500160K->110880K(526336K)] 1488604K->1236740K(1924608K), 0.1631971 secs] [Times: user=0.96 sys=0.01, real=0.16 secs] 
4599.660: [GC (Allocation Failure) [PSYoungGen: 462624K->146656K(498688K)] 1588484K->1378972K(1896960K), 0.0550154 secs] [Times: user=0.32 sys=0.00, real=0.05 secs] 
4599.715: [Full GC (Ergonomics) [PSYoungGen: 146656K->0K(498688K)] [ParOldGen: 1232316K->183697K(1398272K)] 1378972K->183697K(1896960K), [Metaspace: 60492K->60492K(1105920K)], 0.4419181 secs] [Times: user=2.07 sys=0.00, real=0.45 secs] 
4601.479: [GC (Allocation Failure) [PSYoungGen: 351744K->113888K(525312K)] 535441K->297585K(1923584K), 0.0484027 secs] [Times: user=0.28 sys=0.01, real=0.05 secs] 
4602.249: [GC (Allocation Failure) [PSYoungGen: 463584K->147776K(497664K)] 647281K->438581K(1895936K), 0.0535603 secs] [Times: user=0.31 sys=0.00, real=0.05 secs] 
4604.252: [GC (Allocation Failure) [PSYoungGen: 497472K->109856K(523776K)] 788277K->539182K(1922048K), 0.1083833 secs] [Times: user=0.64 sys=0.00, real=0.11 secs] 
4605.407: [GC (Allocation Failure) [PSYoungGen: 456992K->147072K(494592K)] 886318K->680522K(1892864K), 0.0528567 secs] [Times: user=0.31 sys=0.00, real=0.05 secs] 
4607.654: [GC (Allocation Failure) [PSYoungGen: 494208K->106528K(522240K)] 1027658K->778202K(1920512K), 0.1223206 secs] [Times: user=0.72 sys=0.01, real=0.12 secs] 
4608.344: [GC (Allocation Failure) [PSYoungGen: 451104K->146016K(491008K)] 1122778K->920263K(1889280K), 0.0518501 secs] [Times: user=0.31 sys=0.00, real=0.05 secs] 
4609.707: [GC (Allocation Failure) [PSYoungGen: 490592K->106432K(521216K)] 1264839K->1017791K(1919488K), 0.0652140 secs] [Times: user=0.39 sys=0.01, real=0.06 secs] 
4610.448: [GC (Allocation Failure) [PSYoungGen: 448960K->144832K(487424K)] 1360319K->1158648K(1885696K), 0.0517162 secs] [Times: user=0.31 sys=0.00, real=0.05 secs] 
4613.080: [GC (Allocation Failure) [PSYoungGen: 487360K->102816K(520192K)] 1501176K->1252380K(1918464K), 0.1563896 secs] [Times: user=0.92 sys=0.01, real=0.16 secs] 
4614.046: [GC (Allocation Failure) [PSYoungGen: 443808K->144608K(485888K)] 1593372K->1392941K(1884160K), 0.0511768 secs] [Times: user=0.30 sys=0.00, real=0.05 secs] 
4614.098: [Full GC (Ergonomics) [PSYoungGen: 144608K->0K(485888K)] [ParOldGen: 1248333K->191369K(1398272K)] 1392941K->191369K(1884160K), [Metaspace: 60492K->60492K(1105920K)], 0.4619205 secs] [Times: user=2.16 sys=0.00, real=0.46 secs] 
4616.464: [GC (Allocation Failure) [PSYoungGen: 340992K->103584K(519680K)] 532361K->294953K(1917952K), 0.0460275 secs] [Times: user=0.27 sys=0.00, real=0.05 secs] 
4617.402: [GC (Allocation Failure) [PSYoungGen: 443040K->141184K(518656K)] 634409K->432118K(1916928K), 0.0501716 secs] [Times: user=0.29 sys=0.01, real=0.05 secs] 
4619.039: [GC (Allocation Failure) [PSYoungGen: 480640K->106528K(516096K)] 771574K->529790K(1914368K), 0.1161587 secs] [Times: user=0.68 sys=0.01, real=0.11 secs] 
4619.919: [GC (Allocation Failure) [PSYoungGen: 446496K->143552K(517632K)] 869758K->669339K(1915904K), 0.0530257 secs] [Times: user=0.32 sys=0.01, real=0.05 secs] 
4622.029: [GC (GCLocker Initiated GC) [PSYoungGen: 483520K->104768K(519680K)] 1009307K->764859K(1917952K), 0.1306593 secs] [Times: user=0.77 sys=0.00, real=0.13 secs] 
4623.491: [GC (Allocation Failure) [PSYoungGen: 445760K->140320K(519168K)] 1105854K->902467K(1917440K), 0.0518870 secs] [Times: user=0.30 sys=0.00, real=0.05 secs] 
4625.001: [GC (GCLocker Initiated GC) [PSYoungGen: 481312K->106048K(517120K)] 1243459K->999327K(1915392K), 0.0853559 secs] [Times: user=0.50 sys=0.01, real=0.09 secs] 
4625.984: [GC (Allocation Failure) [PSYoungGen: 448064K->142464K(518656K)] 1341346K->1138043K(1916928K), 0.0530325 secs] [Times: user=0.31 sys=0.01, real=0.06 secs] 
4627.373: [GC (Allocation Failure) [PSYoungGen: 484480K->108416K(519680K)] 1480059K->1237159K(1917952K), 0.0641832 secs] [Times: user=0.38 sys=0.00, real=0.07 secs] 
4628.300: [GC (Allocation Failure) [PSYoungGen: 452480K->143104K(520192K)] 1581223K->1377876K(1918464K), 0.0541733 secs] [Times: user=0.32 sys=0.00, real=0.05 secs] 
4628.355: [Full GC (Ergonomics) [PSYoungGen: 143104K->0K(520192K)] [ParOldGen: 1234772K->176067K(1398272K)] 1377876K->176067K(1918464K), [Metaspace: 60492K->60492K(1105920K)], 0.4252216 secs] [Times: user=1.97 sys=0.00, real=0.43 secs] 
4631.111: [GC (GCLocker Initiated GC) [PSYoungGen: 344064K->105216K(521216K)] 520131K->281283K(1919488K), 0.0357167 secs] [Times: user=0.21 sys=0.00, real=0.04 secs] 
4631.959: [GC (Allocation Failure) [PSYoungGen: 450304K->143904K(489472K)] 626441K->422190K(1887744K), 0.0527962 secs] [Times: user=0.31 sys=0.00, real=0.05 secs] 
4633.477: [GC (Allocation Failure) [PSYoungGen: 488992K->106592K(522240K)] 767278K->519418K(1920512K), 0.0988885 secs] [Times: user=0.59 sys=0.00, real=0.09 secs] 
4634.680: [GC (Allocation Failure) [PSYoungGen: 450144K->141120K(520192K)] 862970K->657455K(1918464K), 0.0524687 secs] [Times: user=0.31 sys=0.00, real=0.05 secs] 
4636.117: [GC (Allocation Failure) [PSYoungGen: 484672K->109152K(518144K)] 1001007K->757223K(1916416K), 0.0641187 secs] [Times: user=0.38 sys=0.00, real=0.06 secs] 
4637.018: [GC (Allocation Failure) [PSYoungGen: 453728K->151456K(496128K)] 1101799K->906608K(1894400K), 0.0539926 secs] [Times: user=0.32 sys=0.00, real=0.05 secs] 
4638.832: [GC (Allocation Failure) [PSYoungGen: 496032K->107104K(520704K)] 1251184K->996272K(1918976K), 0.0834588 secs] [Times: user=0.49 sys=0.00, real=0.08 secs] 
4640.411: [GC (Allocation Failure) [PSYoungGen: 447584K->148960K(489472K)] 1336752K->1142231K(1887744K), 0.0533873 secs] [Times: user=0.32 sys=0.00, real=0.05 secs] 
4641.817: [GC (Allocation Failure) [PSYoungGen: 489440K->103456K(518144K)] 1482711K->1228463K(1916416K), 0.0738173 secs] [Times: user=0.44 sys=0.00, real=0.07 secs] 
4643.267: [GC (Allocation Failure) [PSYoungGen: 439840K->138880K(475648K)] 1564847K->1364860K(1873920K), 0.0525098 secs] [Times: user=0.30 sys=0.00, real=0.05 secs] 
4644.682: [GC (Allocation Failure) [PSYoungGen: 475264K->106688K(518656K)] 1701244K->1462480K(1916928K), 0.0787898 secs] [Times: user=0.47 sys=0.00, real=0.08 secs] 
4644.761: [Full GC (Ergonomics) [PSYoungGen: 106688K->0K(518656K)] [ParOldGen: 1355792K->23251K(1398272K)] 1462480K->23251K(1916928K), [Metaspace: 60492K->60492K(1105920K)], 0.0356412 secs] [Times: user=0.09 sys=0.00, real=0.04 secs] 
4645.791: [GC (Allocation Failure) [PSYoungGen: 338432K->137728K(516608K)] 361683K->160979K(1914880K), 0.0272688 secs] [Times: user=0.16 sys=0.00, real=0.03 secs] 
4647.121: [GC (GCLocker Initiated GC) [PSYoungGen: 476160K->108352K(518656K)] 499412K->259844K(1916928K), 0.0644141 secs] [Times: user=0.38 sys=0.00, real=0.06 secs] 
4648.896: [GC (Allocation Failure) [PSYoungGen: 450880K->144896K(518144K)] 602411K->402823K(1916416K), 0.0520698 secs] [Times: user=0.30 sys=0.00, real=0.05 secs] 
4650.262: [GC (GCLocker Initiated GC) [PSYoungGen: 487424K->111424K(520704K)] 745351K->496927K(1918976K), 0.0665812 secs] [Times: user=0.40 sys=0.00, real=0.07 secs] 
4651.970: [GC (GCLocker Initiated GC) [PSYoungGen: 456512K->132960K(520704K)] 842018K->628510K(1918976K), 0.0531643 secs] [Times: user=0.31 sys=0.00, real=0.05 secs] 
4653.352: [GC (Allocation Failure) [PSYoungGen: 478048K->116288K(519168K)] 973602K->735338K(1917440K), 0.0645552 secs] [Times: user=0.38 sys=0.00, real=0.07 secs] 
4655.785: [GC (Allocation Failure) [PSYoungGen: 465984K->135360K(520192K)] 1085034K->868979K(1918464K), 0.0549162 secs] [Times: user=0.32 sys=0.00, real=0.06 secs] 
4657.198: [GC (Allocation Failure) [PSYoungGen: 485056K->114720K(524288K)] 1218675K->974595K(1922560K), 0.0663889 secs] [Times: user=0.39 sys=0.01, real=0.06 secs] 
4660.326: [GC (Allocation Failure) [PSYoungGen: 473632K->137728K(526336K)] 1333507K->1110488K(1924608K), 0.0550301 secs] [Times: user=0.33 sys=0.00, real=0.06 secs] 
4662.050: [GC (Allocation Failure) [PSYoungGen: 496640K->116288K(526848K)] 1469400K->1217228K(1925120K), 0.1085158 secs] [Times: user=0.65 sys=0.00, real=0.11 secs] 
4664.850: [GC (Allocation Failure) [PSYoungGen: 479808K->145280K(528896K)] 1580748K->1360401K(1927168K), 0.0565403 secs] [Times: user=0.33 sys=0.00, real=0.06 secs] 
4666.818: [GC (Allocation Failure) [PSYoungGen: 508800K->115744K(530944K)] 1723921K->1466745K(1929216K), 0.1501638 secs] [Times: user=0.89 sys=0.00, real=0.15 secs] 
4666.969: [Full GC (Ergonomics) [PSYoungGen: 115744K->0K(530944K)] [ParOldGen: 1351001K->33658K(1398272K)] 1466745K->33658K(1929216K), [Metaspace: 60498K->60498K(1105920K)], 0.0987426 secs] [Times: user=0.39 sys=0.00, real=0.10 secs] 
4669.291: [GC (GCLocker Initiated GC) [PSYoungGen: 363520K->147264K(510976K)] 397178K->180922K(1909248K), 0.0294741 secs] [Times: user=0.17 sys=0.00, real=0.03 secs] 
4671.149: [GC (GCLocker Initiated GC) [PSYoungGen: 510784K->115136K(530432K)] 544445K->286649K(1928704K), 0.1224112 secs] [Times: user=0.73 sys=0.00, real=0.12 secs] 
4672.360: [GC (Allocation Failure) [PSYoungGen: 475072K->151200K(511488K)] 646588K->433557K(1909760K), 0.0550317 secs] [Times: user=0.33 sys=0.00, real=0.05 secs] 
4674.015: [GC (Allocation Failure) [PSYoungGen: 511136K->114752K(527360K)] 793493K->538709K(1925632K), 0.0705788 secs] [Times: user=0.41 sys=0.01, real=0.07 secs] 
4674.862: [GC (Allocation Failure) [PSYoungGen: 454743K->142496K(525312K)] 878700K->677605K(1923584K), 0.0546855 secs] [Times: user=0.32 sys=0.00, real=0.06 secs] 
4677.348: [GC (Allocation Failure) [PSYoungGen: 496288K->105376K(526848K)] 1031399K->774619K(1925120K), 0.1500821 secs] [Times: user=0.88 sys=0.00, real=0.15 secs] 
4678.858: [GC (Allocation Failure) [PSYoungGen: 459680K->146112K(500736K)] 1128923K->917100K(1899008K), 0.0510211 secs] [Times: user=0.30 sys=0.00, real=0.05 secs] 
4681.770: [GC (Allocation Failure) [PSYoungGen: 500416K->107680K(524800K)] 1271404K->1015964K(1923072K), 0.1225124 secs] [Times: user=0.72 sys=0.00, real=0.12 secs] 
4682.762: [GC (Allocation Failure) [PSYoungGen: 452989K->143488K(493568K)] 1361273K->1155669K(1891840K), 0.0515782 secs] [Times: user=0.31 sys=0.00, real=0.05 secs] 
4685.041: [GC (Allocation Failure) [PSYoungGen: 493184K->105440K(524288K)] 1505365K->1252333K(1922560K), 0.1771195 secs] [Times: user=1.04 sys=0.01, real=0.18 secs] 
4686.878: [GC (Allocation Failure) [PSYoungGen: 454112K->146400K(495104K)] 1601005K->1393678K(1893376K), 0.0509130 secs] [Times: user=0.30 sys=0.00, real=0.05 secs] 
4686.929: [Full GC (Ergonomics) [PSYoungGen: 146400K->0K(495104K)] [ParOldGen: 1247278K->196680K(1398272K)] 1393678K->196680K(1893376K), [Metaspace: 60501K->60501K(1105920K)], 0.4839156 secs] [Times: user=2.27 sys=0.00, real=0.48 secs] 
4689.925: [GC (Allocation Failure) [PSYoungGen: 348672K->105056K(522752K)] 545352K->301736K(1921024K), 0.0659736 secs] [Times: user=0.39 sys=0.00, real=0.07 secs] 
4690.671: [GC (Allocation Failure) [PSYoungGen: 450656K->145856K(491520K)] 647336K->444053K(1889792K), 0.0505364 secs] [Times: user=0.30 sys=0.00, real=0.05 secs] 
4692.545: [GC (Allocation Failure) [PSYoungGen: 491456K->104256K(521216K)] 789653K->539385K(1919488K), 0.0785618 secs] [Times: user=0.47 sys=0.00, real=0.08 secs] 
4693.775: [GC (Allocation Failure) [PSYoungGen: 446784K->144640K(487424K)] 881913K->680144K(1885696K), 0.0554018 secs] [Times: user=0.33 sys=0.00, real=0.06 secs] 
4696.658: [GC (GCLocker Initiated GC) [PSYoungGen: 487168K->103808K(520704K)] 1022678K->775570K(1918976K), 0.1556664 secs] [Times: user=0.92 sys=0.00, real=0.15 secs] 
4697.532: [GC (GCLocker Initiated GC) [PSYoungGen: 444800K->141664K(519168K)] 1116566K->914032K(1917440K), 0.0510706 secs] [Times: user=0.30 sys=0.00, real=0.05 secs] 
4700.359: [GC (Allocation Failure) [PSYoungGen: 482656K->101408K(519680K)] 1255026K->1006250K(1917952K), 0.0865797 secs] [Times: user=0.51 sys=0.00, real=0.08 secs] 
4701.163: [GC (Allocation Failure) [PSYoungGen: 442912K->145824K(487424K)] 1347754K->1147991K(1885696K), 0.0509180 secs] [Times: user=0.30 sys=0.00, real=0.05 secs] 
4702.890: [GC (Allocation Failure) [PSYoungGen: 487328K->104064K(519680K)] 1489495K->1243639K(1917952K), 0.1075233 secs] [Times: user=0.64 sys=0.00, real=0.11 secs] 
4704.388: [GC (Allocation Failure) [PSYoungGen: 443008K->142720K(518144K)] 1582583K->1382004K(1916416K), 0.0516231 secs] [Times: user=0.30 sys=0.00, real=0.05 secs] 
4704.439: [Full GC (Ergonomics) [PSYoungGen: 142720K->0K(518144K)] [ParOldGen: 1239284K->179743K(1398272K)] 1382004K->179743K(1916416K), [Metaspace: 60501K->60501K(1105920K)], 0.4171504 secs] [Times: user=1.83 sys=0.00, real=0.42 secs] 
4706.755: [GC (Allocation Failure) [PSYoungGen: 338944K->103520K(518144K)] 518687K->283264K(1916416K), 0.0726307 secs] [Times: user=0.42 sys=0.01, real=0.08 secs] 
4708.774: [GC (Allocation Failure) [PSYoungGen: 442464K->147040K(486400K)] 622208K->427364K(1884672K), 0.0518743 secs] [Times: user=0.31 sys=0.00, real=0.05 secs] 
4710.411: [GC (Allocation Failure) [PSYoungGen: 485984K->106208K(519168K)] 766308K->516084K(1917440K), 0.1207380 secs] [Times: user=0.72 sys=0.00, real=0.12 secs] 
4712.209: [GC (Allocation Failure) [PSYoungGen: 443104K->137504K(474624K)] 852980K->650601K(1872896K), 0.0521060 secs] [Times: user=0.31 sys=0.00, real=0.05 secs] 
4713.754: [GC (Allocation Failure) [PSYoungGen: 474400K->107872K(518144K)] 987497K->749029K(1916416K), 0.0750441 secs] [Times: user=0.44 sys=0.00, real=0.08 secs] 
4715.620: [GC (Allocation Failure) [PSYoungGen: 446816K->136576K(516096K)] 1087973K->883658K(1914368K), 0.0527507 secs] [Times: user=0.31 sys=0.00, real=0.05 secs] 
4716.991: [GC (Allocation Failure) [PSYoungGen: 475520K->109056K(519168K)] 1222602K->983178K(1917440K), 0.0700951 secs] [Times: user=0.41 sys=0.01, real=0.07 secs] 
4717.973: [GC (Allocation Failure) [PSYoungGen: 454144K->139648K(519168K)] 1328266K->1120959K(1917440K), 0.0541367 secs] [Times: user=0.32 sys=0.00, real=0.06 secs] 
4719.330: [GC (Allocation Failure) [PSYoungGen: 484736K->110080K(520704K)] 1466047K->1221767K(1918976K), 0.0661117 secs] [Times: user=0.39 sys=0.00, real=0.06 secs] 
4721.059: [GC (Allocation Failure) [PSYoungGen: 459776K->138560K(522240K)] 1571463K->1358172K(1920512K), 0.0545748 secs] [Times: user=0.32 sys=0.00, real=0.05 secs] 
4722.478: [GC (Allocation Failure) [PSYoungGen: 488256K->114880K(520704K)] 1707868K->1463140K(1918976K), 0.0702681 secs] [Times: user=0.41 sys=0.01, real=0.07 secs] 
4722.548: [Full GC (Ergonomics) [PSYoungGen: 114880K->0K(520704K)] [ParOldGen: 1348260K->24812K(1398272K)] 1463140K->24812K(1918976K), [Metaspace: 60501K->60501K(1105920K)], 0.0426905 secs] [Times: user=0.13 sys=0.00, real=0.04 secs] 
4723.728: [GC (Allocation Failure) [PSYoungGen: 353280K->153376K(506880K)] 378092K->178188K(1905152K), 0.0294788 secs] [Times: user=0.17 sys=0.00, real=0.03 secs] 
4725.162: [GC (GCLocker Initiated GC) [PSYoungGen: 506656K->110528K(524800K)] 531469K->270973K(1923072K), 0.0943750 secs] [Times: user=0.56 sys=0.01, real=0.10 secs] 
4726.334: [GC (Allocation Failure) [PSYoungGen: 458688K->142592K(522240K)] 619203K->410848K(1920512K), 0.0530459 secs] [Times: user=0.31 sys=0.00, real=0.06 secs] 
4727.871: [GC (Allocation Failure) [PSYoungGen: 490752K->112416K(522240K)] 759008K->513844K(1920512K), 0.0839200 secs] [Times: user=0.50 sys=0.01, real=0.08 secs] 
4728.775: [GC (Allocation Failure) [PSYoungGen: 461600K->145056K(522752K)] 863028K->655569K(1921024K), 0.0543590 secs] [Times: user=0.32 sys=0.00, real=0.06 secs] 
4730.869: [GC (Allocation Failure) [PSYoungGen: 494240K->108864K(523264K)] 1004753K->755121K(1921536K), 0.1397478 secs] [Times: user=0.83 sys=0.00, real=0.14 secs] 
4731.822: [GC (Allocation Failure) [PSYoungGen: 457536K->147328K(496128K)] 1103793K->899706K(1894400K), 0.0535742 secs] [Times: user=0.31 sys=0.00, real=0.05 secs] 
4734.027: [GC (Allocation Failure) [PSYoungGen: 496000K->106912K(522752K)] 1248378K->997722K(1921024K), 0.1343032 secs] [Times: user=0.80 sys=0.00, real=0.13 secs] 
4734.962: [GC (Allocation Failure) [PSYoungGen: 452000K->145440K(491008K)] 1342810K->1139723K(1889280K), 0.0529144 secs] [Times: user=0.32 sys=0.00, real=0.05 secs] 
4736.963: [GC (Allocation Failure) [PSYoungGen: 490528K->106624K(521728K)] 1484811K->1237311K(1920000K), 0.1091366 secs] [Times: user=0.64 sys=0.00, real=0.11 secs] 
4738.646: [GC (Allocation Failure) [PSYoungGen: 450176K->143936K(487936K)] 1580863K->1377300K(1886208K), 0.0524568 secs] [Times: user=0.31 sys=0.00, real=0.05 secs] 
4738.699: [Full GC (Ergonomics) [PSYoungGen: 143936K->0K(487936K)] [ParOldGen: 1233364K->181656K(1398272K)] 1377300K->181656K(1886208K), [Metaspace: 60501K->60501K(1105920K)], 0.4444241 secs] [Times: user=2.07 sys=0.00, real=0.44 secs] 
4740.598: [GC (Allocation Failure) [PSYoungGen: 341774K->106624K(521728K)] 523430K->288280K(1920000K), 0.0439160 secs] [Times: user=0.25 sys=0.00, real=0.04 secs] 
4742.480: [GC (Allocation Failure) [PSYoungGen: 449664K->139232K(520192K)] 631320K->424153K(1918464K), 0.0518220 secs] [Times: user=0.30 sys=0.00, real=0.05 secs] 
4743.932: [GC (Allocation Failure) [PSYoungGen: 482272K->109248K(519168K)] 767193K->523585K(1917440K), 0.0644309 secs] [Times: user=0.37 sys=0.00, real=0.07 secs] 
4745.171: [GC (Allocation Failure) [PSYoungGen: 453824K->142976K(519680K)] 868161K->663198K(1917952K), 0.0532963 secs] [Times: user=0.32 sys=0.00, real=0.05 secs] 
4746.832: [GC (Allocation Failure) [PSYoungGen: 487552K->107840K(522240K)] 1007774K->761666K(1920512K), 0.1194080 secs] [Times: user=0.71 sys=0.00, real=0.12 secs] 
4748.513: [GC (Allocation Failure) [PSYoungGen: 454976K->143776K(491008K)] 1108802K->902271K(1889280K), 0.0530081 secs] [Times: user=0.31 sys=0.00, real=0.05 secs] 
4750.174: [GC (Allocation Failure) [PSYoungGen: 490912K->108480K(523776K)] 1249407K->1001359K(1922048K), 0.0706803 secs] [Times: user=0.42 sys=0.00, real=0.07 secs] 
4751.094: [GC (Allocation Failure) [PSYoungGen: 455104K->144128K(521728K)] 1347983K->1142643K(1920000K), 0.0543351 secs] [Times: user=0.32 sys=0.00, real=0.06 secs] 
4752.848: [GC (Allocation Failure) [PSYoungGen: 490752K->108320K(521728K)] 1489267K->1241663K(1920000K), 0.0960040 secs] [Times: user=0.57 sys=0.00, real=0.09 secs] 
4753.737: [GC (Allocation Failure) [PSYoungGen: 454944K->145504K(492544K)] 1588287K->1383732K(1890816K), 0.0544308 secs] [Times: user=0.32 sys=0.00, real=0.05 secs] 
4753.792: [Full GC (Ergonomics) [PSYoungGen: 145504K->0K(492544K)] [ParOldGen: 1238228K->182619K(1398272K)] 1383732K->182619K(1890816K), [Metaspace: 60501K->60501K(1105920K)], 0.4361019 secs] [Times: user=2.03 sys=0.00, real=0.44 secs] 
4756.199: [GC (Allocation Failure) [PSYoungGen: 346624K->107360K(522752K)] 529243K->289979K(1921024K), 0.0776534 secs] [Times: user=0.46 sys=0.00, real=0.08 secs] 
4757.448: [GC (Allocation Failure) [PSYoungGen: 452448K->145696K(491008K)] 635067K->431480K(1889280K), 0.0515920 secs] [Times: user=0.31 sys=0.00, real=0.05 secs] 
4758.876: [GC (Allocation Failure) [PSYoungGen: 490784K->106976K(521728K)] 776568K->529344K(1920000K), 0.0691203 secs] [Times: user=0.41 sys=0.01, real=0.07 secs] 
4759.635: [GC (Allocation Failure) [PSYoungGen: 450016K->146176K(489472K)] 872384K->671641K(1887744K), 0.0525192 secs] [Times: user=0.31 sys=0.00, real=0.06 secs] 
4761.321: [GC (Allocation Failure) [PSYoungGen: 489216K->105344K(520704K)] 1014681K->768041K(1918976K), 0.0686226 secs] [Times: user=0.41 sys=0.00, real=0.07 secs] 
4763.009: [GC (Allocation Failure) [PSYoungGen: 446336K->142016K(519168K)] 1109033K->906141K(1917440K), 0.0523372 secs] [Times: user=0.31 sys=0.00, real=0.05 secs] 
4765.134: [GC (Allocation Failure) [PSYoungGen: 483008K->103872K(518656K)] 1247133K->1000654K(1916928K), 0.1678422 secs] [Times: user=1.00 sys=0.00, real=0.17 secs] 
4766.265: [GC (Allocation Failure) [PSYoungGen: 445376K->141376K(519168K)] 1342158K->1139250K(1917440K), 0.0540028 secs] [Times: user=0.28 sys=0.00, real=0.06 secs] 
4767.742: [GC (Allocation Failure) [PSYoungGen: 482880K->108768K(518144K)] 1480754K->1238806K(1916416K), 0.0851422 secs] [Times: user=0.50 sys=0.00, real=0.09 secs] 
4768.785: [GC (Allocation Failure) [PSYoungGen: 451296K->143680K(519168K)] 1581334K->1379443K(1917440K), 0.0544606 secs] [Times: user=0.32 sys=0.00, real=0.06 secs] 
4768.839: [Full GC (Ergonomics) [PSYoungGen: 143680K->0K(519168K)] [ParOldGen: 1235763K->177815K(1398272K)] 1379443K->177815K(1917440K), [Metaspace: 60501K->60501K(1105920K)], 0.4288508 secs] [Times: user=1.99 sys=0.00, real=0.43 secs] 
4770.919: [GC (Allocation Failure) [PSYoungGen: 342528K->106304K(520192K)] 520343K->284120K(1918464K), 0.0862578 secs] [Times: user=0.51 sys=0.01, real=0.08 secs] 
4771.696: [GC (Allocation Failure) [PSYoungGen: 449856K->144576K(520192K)] 627672K->425804K(1918464K), 0.0527802 secs] [Times: user=0.31 sys=0.00, real=0.05 secs] 
4773.401: [GC (Allocation Failure) [PSYoungGen: 488128K->106656K(520704K)] 769356K->523572K(1918976K), 0.1066679 secs] [Times: user=0.63 sys=0.01, real=0.11 secs] 
4775.001: [GC (Allocation Failure) [PSYoungGen: 449696K->150336K(493568K)] 866612K->670337K(1891840K), 0.0539904 secs] [Times: user=0.31 sys=0.00, real=0.05 secs] 
4776.762: [GC (GCLocker Initiated GC) [PSYoungGen: 493376K->106272K(519168K)] 1013377K->759005K(1917440K), 0.1177374 secs] [Times: user=0.70 sys=0.01, real=0.12 secs] 
4777.955: [GC (Allocation Failure) [PSYoungGen: 444192K->148896K(486912K)] 1096964K->904993K(1885184K), 0.0534948 secs] [Times: user=0.32 sys=0.00, real=0.06 secs] 
4779.515: [GC (Allocation Failure) [PSYoungGen: 486816K->105248K(517632K)] 1242913K->992785K(1915904K), 0.0799674 secs] [Times: user=0.47 sys=0.01, real=0.08 secs] 
4780.980: [GC (Allocation Failure) [PSYoungGen: 440096K->146816K(481792K)] 1327633K->1136954K(1880064K), 0.0535799 secs] [Times: user=0.32 sys=0.00, real=0.05 secs] 
4782.529: [GC (GCLocker Initiated GC) [PSYoungGen: 481664K->106816K(517632K)] 1471803K->1226295K(1915904K), 0.0710458 secs] [Times: user=0.42 sys=0.00, real=0.07 secs] 
4783.908: [GC (Allocation Failure) [PSYoungGen: 440640K->133792K(467968K)] 1560126K->1357794K(1866240K), 0.0543776 secs] [Times: user=0.32 sys=0.00, real=0.05 secs] 
4785.426: [GC (Allocation Failure) [PSYoungGen: 467616K->110624K(515584K)] 1691618K->1458271K(1913856K), 0.0770498 secs] [Times: user=0.46 sys=0.00, real=0.07 secs] 
4785.504: [Full GC (Ergonomics) [PSYoungGen: 110624K->0K(515584K)] [ParOldGen: 1347646K->18601K(1398272K)] 1458271K->18601K(1913856K), [Metaspace: 60504K->60504K(1105920K)], 0.0295398 secs] [Times: user=0.07 sys=0.00, real=0.03 secs] 
4787.052: [GC (Allocation Failure) [PSYoungGen: 336384K->132000K(513024K)] 354985K->150601K(1911296K), 0.0263560 secs] [Times: user=0.16 sys=0.00, real=0.03 secs] 
4788.405: [GC (Allocation Failure) [PSYoungGen: 468384K->116224K(518656K)] 486985K->256881K(1916928K), 0.0638280 secs] [Times: user=0.37 sys=0.00, real=0.07 secs] 
4789.768: [GC (Allocation Failure) [PSYoungGen: 462848K->131776K(517120K)] 603505K->387710K(1915392K), 0.0542279 secs] [Times: user=0.32 sys=0.00, real=0.05 secs] 
4791.176: [GC (Allocation Failure) [PSYoungGen: 478400K->2272K(497152K)] 734334K->258318K(1895424K), 0.0021152 secs] [Times: user=0.01 sys=0.00, real=0.01 secs] 
4792.134: [GC (Allocation Failure) [PSYoungGen: 330464K->125696K(513536K)] 586510K->382567K(1911808K), 0.0255749 secs] [Times: user=0.14 sys=0.00, real=0.03 secs] 
4793.509: [GC (Allocation Failure) [PSYoungGen: 453888K->121792K(502784K)] 710759K->494963K(1901056K), 0.0630785 secs] [Times: user=0.37 sys=0.00, real=0.06 secs] 
4795.029: [GC (Allocation Failure) [PSYoungGen: 452513K->114304K(509440K)] 825684K->608795K(1907712K), 0.0545576 secs] [Times: user=0.32 sys=0.00, real=0.05 secs] 
4796.832: [GC (Allocation Failure) [PSYoungGen: 445056K->133536K(519680K)] 939547K->732084K(1917952K), 0.0627765 secs] [Times: user=0.37 sys=0.00, real=0.06 secs] 
4798.603: [GC (Allocation Failure) [PSYoungGen: 480672K->108576K(520704K)] 1079220K->840620K(1918976K), 0.0575352 secs] [Times: user=0.34 sys=0.00, real=0.06 secs] 
4799.960: [GC (Allocation Failure) [PSYoungGen: 455712K->140544K(518656K)] 1187756K->970448K(1916928K), 0.0624751 secs] [Times: user=0.37 sys=0.00, real=0.06 secs] 
4802.653: [GC (Allocation Failure) [PSYoungGen: 489728K->108800K(522240K)] 1319632K->1078760K(1920512K), 0.0587838 secs] [Times: user=0.35 sys=0.00, real=0.06 secs] 
4804.063: [GC (Allocation Failure) [PSYoungGen: 457984K->139520K(522752K)] 1427944K->1208057K(1921024K), 0.0633149 secs] [Times: user=0.37 sys=0.00, real=0.07 secs] 
4806.785: [GC (Allocation Failure) [PSYoungGen: 492800K->111168K(464896K)] 1561337K->1318809K(1863168K), 0.0593326 secs] [Times: user=0.35 sys=0.00, real=0.06 secs] 
4808.175: [GC (Allocation Failure) [PSYoungGen: 464448K->137376K(523264K)] 1672089K->1445740K(1921536K), 0.0637488 secs] [Times: user=0.38 sys=0.00, real=0.07 secs] 
4808.238: [Full GC (Ergonomics) [PSYoungGen: 137376K->0K(523264K)] [ParOldGen: 1308364K->252135K(1398272K)] 1445740K->252135K(1921536K), [Metaspace: 60505K->60505K(1105920K)], 0.5381439 secs] [Times: user=2.36 sys=0.00, real=0.54 secs] 
4811.089: [GC (Allocation Failure) [PSYoungGen: 354816K->116640K(525312K)] 606951K->368775K(1923584K), 0.0243109 secs] [Times: user=0.14 sys=0.00, real=0.02 secs] 
4812.453: [GC (Allocation Failure) [PSYoungGen: 471456K->131456K(526848K)] 723591K->490227K(1925120K), 0.0632473 secs] [Times: user=0.38 sys=0.00, real=0.06 secs] 
4814.399: [GC (Allocation Failure) [PSYoungGen: 491904K->127296K(526336K)] 850675K->617108K(1924608K), 0.0590048 secs] [Times: user=0.34 sys=0.00, real=0.06 secs] 
4815.928: [GC (Allocation Failure) [PSYoungGen: 487744K->2880K(503296K)] 977556K->492740K(1901568K), 0.0043357 secs] [Times: user=0.02 sys=0.00, real=0.00 secs] 
4816.736: [GC (Allocation Failure) [PSYoungGen: 342336K->134784K(474624K)] 832196K->625784K(1872896K), 0.0277611 secs] [Times: user=0.16 sys=0.00, real=0.02 secs] 
4818.076: [GC (Allocation Failure) [PSYoungGen: 474240K->114400K(523264K)] 965240K->731056K(1921536K), 0.0649077 secs] [Times: user=0.39 sys=0.00, real=0.07 secs] 
4819.799: [GC (Allocation Failure) [PSYoungGen: 455904K->130752K(517120K)] 1072560K->860137K(1915392K), 0.0547290 secs] [Times: user=0.32 sys=0.00, real=0.05 secs] 
4821.177: [GC (Allocation Failure) [PSYoungGen: 472256K->704K(496128K)] 1201641K->730193K(1894400K), 0.0031679 secs] [Times: user=0.02 sys=0.00, real=0.00 secs] 
4822.865: [GC (Allocation Failure) [PSYoungGen: 320704K->119168K(509440K)] 1050193K->848689K(1907712K), 0.0248893 secs] [Times: user=0.14 sys=0.00, real=0.03 secs] 
4824.138: [GC (Allocation Failure) [PSYoungGen: 439168K->128640K(507904K)] 1168689K->966918K(1906176K), 0.0631522 secs] [Times: user=0.37 sys=0.01, real=0.06 secs] 
4825.520: [GC (Allocation Failure) [PSYoungGen: 451200K->108736K(431616K)] 1289478K->1075598K(1829888K), 0.0656395 secs] [Times: user=0.39 sys=0.00, real=0.06 secs] 
4826.047: [GC (Allocation Failure) [PSYoungGen: 431296K->144704K(499200K)] 1398158K->1201727K(1897472K), 0.0577045 secs] [Times: user=0.35 sys=0.00, real=0.05 secs] 
4827.907: [GC (Allocation Failure) [PSYoungGen: 464192K->87968K(505856K)] 1521215K->1289167K(1904128K), 0.0746789 secs] [Times: user=0.45 sys=0.00, real=0.07 secs] 
4827.982: [Full GC (Ergonomics) [PSYoungGen: 87968K->0K(505856K)] [ParOldGen: 1201199K->99127K(1398272K)] 1289167K->99127K(1904128K), [Metaspace: 60505K->60505K(1105920K)], 0.2278384 secs] [Times: user=1.00 sys=0.01, real=0.23 secs] 
4828.602: [GC (Allocation Failure) [PSYoungGen: 319488K->138528K(508928K)] 418615K->237655K(1907200K), 0.0306129 secs] [Times: user=0.18 sys=0.00, real=0.03 secs] 
4830.653: [GC (Allocation Failure) [PSYoungGen: 464672K->90624K(512512K)] 563799K->327607K(1910784K), 0.0599609 secs] [Times: user=0.36 sys=0.00, real=0.06 secs] 
4831.181: [GC (Allocation Failure) [PSYoungGen: 416768K->141024K(507904K)] 653751K->462940K(1906176K), 0.0538148 secs] [Times: user=0.31 sys=0.00, real=0.05 secs] 
4832.828: [GC (Allocation Failure) [PSYoungGen: 466144K->89504K(512000K)] 788060K->551932K(1910272K), 0.0935400 secs] [Times: user=0.54 sys=0.00, real=0.09 secs] 
4833.437: [GC (Allocation Failure) [PSYoungGen: 402689K->135520K(511488K)] 865117K->680613K(1909760K), 0.0476819 secs] [Times: user=0.28 sys=0.00, real=0.04 secs] 
4835.034: [GC (Allocation Failure) [PSYoungGen: 463200K->99616K(427520K)] 1008293K->771793K(1825792K), 0.0676615 secs] [Times: user=0.40 sys=0.01, real=0.07 secs] 
4835.911: [GC (Allocation Failure) [PSYoungGen: 427296K->139584K(506880K)] 1099473K->907166K(1905152K), 0.0488840 secs] [Times: user=0.28 sys=0.00, real=0.05 secs] 
4837.781: [GC (Allocation Failure) [PSYoungGen: 465728K->98592K(510464K)] 1233310K->996982K(1908736K), 0.1509543 secs] [Times: user=0.90 sys=0.01, real=0.15 secs] 
4839.486: [GC (Allocation Failure) [PSYoungGen: 424736K->134912K(512000K)] 1323126K->1128890K(1910272K), 0.0498936 secs] [Times: user=0.30 sys=0.00, real=0.05 secs] 
4840.973: [GC (Allocation Failure) [PSYoungGen: 467200K->103904K(513536K)] 1461178K->1223210K(1911808K), 0.1018204 secs] [Times: user=0.61 sys=0.00, real=0.10 secs] 
4841.857: [GC (Allocation Failure) [PSYoungGen: 436192K->137376K(512000K)] 1555498K->1359218K(1910272K), 0.0524160 secs] [Times: user=0.31 sys=0.01, real=0.05 secs] 
4841.910: [Full GC (Ergonomics) [PSYoungGen: 137376K->0K(512000K)] [ParOldGen: 1221842K->160826K(1398272K)] 1359218K->160826K(1910272K), [Metaspace: 60505K->60505K(1105920K)], 0.3815728 secs] [Times: user=1.76 sys=0.00, real=0.38 secs] 
4843.524: [GC (Allocation Failure) [PSYoungGen: 335360K->106464K(514560K)] 496186K->267290K(1912832K), 0.0384925 secs] [Times: user=0.22 sys=0.00, real=0.04 secs] 
4844.998: [GC (Allocation Failure) [PSYoungGen: 441824K->135456K(516096K)] 602650K->401661K(1914368K), 0.0541626 secs] [Times: user=0.32 sys=0.00, real=0.05 secs] 
4846.372: [GC (Allocation Failure) [PSYoungGen: 476960K->112768K(517632K)] 743165K->505513K(1915904K), 0.0643459 secs] [Times: user=0.38 sys=0.01, real=0.07 secs] 
4848.683: [GC (Allocation Failure) [PSYoungGen: 454272K->134368K(518144K)] 847017K->638062K(1916416K), 0.0539061 secs] [Times: user=0.31 sys=0.00, real=0.06 secs] 
4850.143: [GC (Allocation Failure) [PSYoungGen: 481504K->114272K(519168K)] 985198K->743182K(1917440K), 0.0648726 secs] [Times: user=0.39 sys=0.00, real=0.07 secs] 
4851.727: [GC (Allocation Failure) [PSYoungGen: 461408K->135840K(521728K)] 1090318K->877227K(1920000K), 0.0545191 secs] [Times: user=0.32 sys=0.00, real=0.05 secs] 
4853.155: [GC (Allocation Failure) [PSYoungGen: 490144K->116320K(523264K)] 1231531K->984027K(1921536K), 0.0656869 secs] [Times: user=0.39 sys=0.00, real=0.07 secs] 
4855.333: [GC (Allocation Failure) [PSYoungGen: 470624K->140576K(524288K)] 1338331K->1123016K(1922560K), 0.0552935 secs] [Times: user=0.32 sys=0.01, real=0.06 secs] 
4857.113: [GC (Allocation Failure) [PSYoungGen: 500000K->116000K(527360K)] 1482440K->1229688K(1925632K), 0.0833296 secs] [Times: user=0.50 sys=0.00, real=0.09 secs] 
4858.426: [GC (Allocation Failure) [PSYoungGen: 475424K->144768K(525312K)] 1589112K->1372176K(1923584K), 0.0566176 secs] [Times: user=0.33 sys=0.00, real=0.05 secs] 
4858.483: [Full GC (Ergonomics) [PSYoungGen: 144768K->0K(525312K)] [ParOldGen: 1227408K->169093K(1398272K)] 1372176K->169093K(1923584K), [Metaspace: 60505K->60505K(1105920K)], 0.4076959 secs] [Times: user=1.81 sys=0.00, real=0.41 secs] 
4860.309: [GC (GCLocker Initiated GC) [PSYoungGen: 360960K->117536K(529920K)] 530053K->286629K(1928192K), 0.0367027 secs] [Times: user=0.22 sys=0.00, real=0.03 secs] 
4861.116: [GC (Allocation Failure) [PSYoungGen: 478496K->150336K(521216K)] 647660K->434217K(1919488K), 0.0576197 secs] [Times: user=0.33 sys=0.01, real=0.06 secs] 
4863.053: [GC (Allocation Failure) [PSYoungGen: 506176K->111136K(527360K)] 790057K->536305K(1925632K), 0.1159660 secs] [Times: user=0.69 sys=0.00, real=0.12 secs] 
4863.845: [GC (Allocation Failure) [PSYoungGen: 466976K->151392K(519168K)] 892145K->684222K(1917440K), 0.0549923 secs] [Times: user=0.32 sys=0.00, real=0.06 secs] 
4866.153: [GC (Allocation Failure) [PSYoungGen: 501088K->105952K(524288K)] 1033918K->781526K(1922560K), 0.1506783 secs] [Times: user=0.89 sys=0.00, real=0.15 secs] 
4866.876: [GC (Allocation Failure) [PSYoungGen: 453470K->145568K(519168K)] 1129044K->922967K(1917440K), 0.0509988 secs] [Times: user=0.30 sys=0.00, real=0.06 secs] 
4869.158: [GC (Allocation Failure) [PSYoungGen: 491168K->106656K(522240K)] 1268567K->1020759K(1920512K), 0.1709696 secs] [Times: user=0.97 sys=0.00, real=0.17 secs] 
4870.210: [GC (Allocation Failure) [PSYoungGen: 452256K->144320K(519680K)] 1366359K->1161459K(1917952K), 0.0530869 secs] [Times: user=0.31 sys=0.01, real=0.05 secs] 
4873.152: [GC (GCLocker Initiated GC) [PSYoungGen: 488896K->102912K(521728K)] 1506037K->1255605K(1920000K), 0.1301157 secs] [Times: user=0.77 sys=0.00, real=0.13 secs] 
4874.415: [GC (Allocation Failure) [PSYoungGen: 447488K->145280K(517632K)] 1600183K->1396568K(1915904K), 0.0509101 secs] [Times: user=0.30 sys=0.00, real=0.06 secs] 
4874.466: [Full GC (Ergonomics) [PSYoungGen: 145280K->0K(517632K)] [ParOldGen: 1251288K->193673K(1398272K)] 1396568K->193673K(1915904K), [Metaspace: 60505K->60505K(1105920K)], 0.4653419 secs] [Times: user=2.17 sys=0.00, real=0.46 secs] 
4877.018: [GC (GCLocker Initiated GC) [PSYoungGen: 341504K->102112K(520192K)] 535178K->295786K(1918464K), 0.0554256 secs] [Times: user=0.33 sys=0.00, real=0.05 secs] 
4878.367: [GC (Allocation Failure) [PSYoungGen: 443616K->143168K(517120K)] 637360K->434821K(1915392K), 0.0497114 secs] [Times: user=0.29 sys=0.00, real=0.05 secs] 
4880.217: [GC (Allocation Failure) [PSYoungGen: 482624K->104064K(519168K)] 774277K->530029K(1917440K), 0.0982882 secs] [Times: user=0.58 sys=0.00, real=0.09 secs] 
4881.671: [GC (GCLocker Initiated GC) [PSYoungGen: 443520K->141696K(517632K)] 869486K->667543K(1915904K), 0.0509408 secs] [Times: user=0.30 sys=0.00, real=0.05 secs] 
4883.139: [GC (Allocation Failure) [PSYoungGen: 481664K->107840K(448000K)] 1007513K->765981K(1846272K), 0.0742576 secs] [Times: user=0.44 sys=0.01, real=0.07 secs] 
4883.939: [GC (Allocation Failure) [PSYoungGen: 447808K->143520K(516608K)] 1105949K->905198K(1914880K), 0.0526185 secs] [Times: user=0.31 sys=0.00, real=0.05 secs] 
4885.513: [GC (Allocation Failure) [PSYoungGen: 483488K->104352K(518656K)] 1245166K->1000446K(1916928K), 0.1114821 secs] [Times: user=0.66 sys=0.00, real=0.11 secs] 
4887.144: [GC (Allocation Failure) [PSYoungGen: 444320K->139488K(520192K)] 1340414K->1137022K(1918464K), 0.0517795 secs] [Times: user=0.30 sys=0.00, real=0.05 secs] 
4888.621: [GC (Allocation Failure) [PSYoungGen: 482528K->108992K(452096K)] 1480062K->1236650K(1850368K), 0.0684444 secs] [Times: user=0.40 sys=0.01, real=0.07 secs] 
4889.891: [GC (Allocation Failure) [PSYoungGen: 452032K->142528K(517120K)] 1579690K->1376463K(1915392K), 0.0541593 secs] [Times: user=0.32 sys=0.00, real=0.05 secs] 
4889.946: [Full GC (Ergonomics) [PSYoungGen: 142528K->0K(517120K)] [ParOldGen: 1233935K->175774K(1398272K)] 1376463K->175774K(1915392K), [Metaspace: 60505K->60505K(1105920K)], 0.4214554 secs] [Times: user=1.97 sys=0.00, real=0.43 secs] 
4891.850: [GC (Allocation Failure) [PSYoungGen: 342016K->106624K(519168K)] 517790K->282398K(1917440K), 0.0513190 secs] [Times: user=0.30 sys=0.00, real=0.05 secs] 
4892.593: [GC (Allocation Failure) [PSYoungGen: 448640K->142880K(519680K)] 624414K->422295K(1917952K), 0.0532557 secs] [Times: user=0.31 sys=0.00, real=0.06 secs] 
4893.916: [GC (Allocation Failure) [PSYoungGen: 487456K->108960K(521728K)] 766871K->521851K(1920000K), 0.0645439 secs] [Times: user=0.39 sys=0.00, real=0.06 secs] 
4895.661: [GC (Allocation Failure) [PSYoungGen: 453536K->150016K(514560K)] 866427K->668483K(1912832K), 0.0535639 secs] [Times: user=0.32 sys=0.00, real=0.05 secs] 
4897.210: [GC (Allocation Failure) [PSYoungGen: 489472K->106432K(519168K)] 1007939K->757731K(1917440K), 0.1136755 secs] [Times: user=0.67 sys=0.00, real=0.11 secs] 
4899.072: [GC (Allocation Failure) [PSYoungGen: 445888K->139680K(518144K)] 1097187K->894496K(1916416K), 0.0522795 secs] [Times: user=0.30 sys=0.00, real=0.05 secs] 
4900.426: [GC (Allocation Failure) [PSYoungGen: 481184K->105696K(519680K)] 1236000K->991184K(1917952K), 0.0644639 secs] [Times: user=0.38 sys=0.00, real=0.06 secs] 
4902.026: [GC (Allocation Failure) [PSYoungGen: 447200K->139104K(519680K)] 1332688K->1127693K(1917952K), 0.0531393 secs] [Times: user=0.31 sys=0.00, real=0.06 secs] 
4903.420: [GC (Allocation Failure) [PSYoungGen: 482656K->111296K(520192K)] 1471245K->1229613K(1918464K), 0.0652075 secs] [Times: user=0.38 sys=0.00, real=0.06 secs] 
4904.968: [GC (Allocation Failure) [PSYoungGen: 454848K->138688K(519680K)] 1573165K->1365950K(1917952K), 0.0542898 secs] [Times: user=0.32 sys=0.00, real=0.05 secs] 
4906.397: [GC (Allocation Failure) [PSYoungGen: 484288K->111968K(520192K)] 1711550K->1468502K(1918464K), 0.0652585 secs] [Times: user=0.38 sys=0.00, real=0.06 secs] 
4906.462: [Full GC (Ergonomics) [PSYoungGen: 111968K->0K(520192K)] [ParOldGen: 1356534K->29964K(1398272K)] 1468502K->29964K(1918464K), [Metaspace: 60505K->60505K(1105920K)], 0.0544927 secs] [Times: user=0.18 sys=0.00, real=0.06 secs] 
4908.100: [GC (Allocation Failure) [PSYoungGen: 345600K->141760K(520704K)] 375564K->171724K(1918976K), 0.0286811 secs] [Times: user=0.17 sys=0.00, real=0.03 secs] 
4909.442: [GC (Allocation Failure) [PSYoungGen: 490432K->111296K(522240K)] 520396K->273596K(1920512K), 0.0649800 secs] [Times: user=0.39 sys=0.00, real=0.07 secs] 
4911.175: [GC (Allocation Failure) [PSYoungGen: 459968K->142560K(522752K)] 622268K->413305K(1921024K), 0.0532646 secs] [Times: user=0.31 sys=0.00, real=0.06 secs] 
4912.657: [GC (Allocation Failure) [PSYoungGen: 493792K->112768K(524800K)] 764537K->516605K(1923072K), 0.0748755 secs] [Times: user=0.44 sys=0.01, real=0.07 secs] 
4914.155: [GC (Allocation Failure) [PSYoungGen: 464000K->144224K(522240K)] 867837K->657986K(1920512K), 0.0546143 secs] [Times: user=0.32 sys=0.01, real=0.06 secs] 
4915.730: [GC (Allocation Failure) [PSYoungGen: 495456K->111296K(524800K)] 1009218K->759982K(1923072K), 0.0779240 secs] [Times: user=0.47 sys=0.00, real=0.08 secs] 
4917.044: [GC (Allocation Failure) [PSYoungGen: 462528K->146144K(521216K)] 1111214K->902347K(1919488K), 0.0549018 secs] [Times: user=0.32 sys=0.00, real=0.06 secs] 
4918.745: [GC (Allocation Failure) [PSYoungGen: 495840K->109280K(524288K)] 1252043K->1002387K(1922560K), 0.1346050 secs] [Times: user=0.80 sys=0.00, real=0.14 secs] 
4919.998: [GC (Allocation Failure) [PSYoungGen: 458976K->147904K(518656K)] 1352083K->1145776K(1916928K), 0.0532632 secs] [Times: user=0.31 sys=0.01, real=0.05 secs] 
4921.975: [GC (GCLocker Initiated GC) [PSYoungGen: 493504K->105312K(522240K)] 1491377K->1241773K(1920512K), 0.1020307 secs] [Times: user=0.61 sys=0.01, real=0.11 secs] 
4923.113: [GC (Allocation Failure) [PSYoungGen: 450912K->152672K(513024K)] 1587376K->1390257K(1911296K), 0.0528055 secs] [Times: user=0.31 sys=0.00, real=0.05 secs] 
4923.165: [Full GC (Ergonomics) [PSYoungGen: 152672K->0K(513024K)] [ParOldGen: 1237585K->186562K(1398272K)] 1390257K->186562K(1911296K), [Metaspace: 60507K->60507K(1105920K)], 0.4496809 secs] [Times: user=2.10 sys=0.00, real=0.45 secs] 
4924.973: [GC (Allocation Failure) [PSYoungGen: 337408K->105312K(518144K)] 523970K->291874K(1916416K), 0.0480829 secs] [Times: user=0.28 sys=0.01, real=0.05 secs] 
4925.734: [GC (Allocation Failure) [PSYoungGen: 442720K->144000K(516608K)] 629282K->431923K(1914880K), 0.0519121 secs] [Times: user=0.30 sys=0.00, real=0.05 secs] 
4927.425: [GC (Allocation Failure) [PSYoungGen: 481408K->101664K(518144K)] 769331K->524779K(1916416K), 0.0917976 secs] [Times: user=0.55 sys=0.00, real=0.10 secs] 
4928.713: [GC (Allocation Failure) [PSYoungGen: 439072K->141152K(518144K)] 862187K->663284K(1916416K), 0.0509919 secs] [Times: user=0.30 sys=0.01, real=0.05 secs] 
4930.761: [GC (Allocation Failure) [PSYoungGen: 479584K->103072K(441856K)] 1001716K->757444K(1840128K), 0.1260179 secs] [Times: user=0.75 sys=0.00, real=0.13 secs] 
4931.821: [GC (Allocation Failure) [PSYoungGen: 441504K->140576K(517632K)] 1095876K->896055K(1915904K), 0.0520710 secs] [Times: user=0.31 sys=0.00, real=0.05 secs] 
4933.172: [GC (Allocation Failure) [PSYoungGen: 479008K->105536K(444416K)] 1234487K->992527K(1842688K), 0.0637212 secs] [Times: user=0.37 sys=0.00, real=0.06 secs] 
4934.743: [GC (Allocation Failure) [PSYoungGen: 443968K->137280K(518144K)] 1330959K->1127228K(1916416K), 0.0526802 secs] [Times: user=0.31 sys=0.00, real=0.05 secs] 
4936.055: [GC (Allocation Failure) [PSYoungGen: 477760K->111744K(517632K)] 1467708K->1229580K(1915904K), 0.0653954 secs] [Times: user=0.38 sys=0.00, real=0.07 secs] 
4937.638: [GC (Allocation Failure) [PSYoungGen: 452224K->137792K(518656K)] 1570060K->1365281K(1916928K), 0.0547238 secs] [Times: user=0.32 sys=0.00, real=0.05 secs] 
4938.981: [GC (Allocation Failure) [PSYoungGen: 481856K->110944K(518656K)] 1709345K->1466729K(1916928K), 0.0651567 secs] [Times: user=0.38 sys=0.00, real=0.07 secs] 
4939.046: [Full GC (Ergonomics) [PSYoungGen: 110944K->0K(518656K)] [ParOldGen: 1355785K->26786K(1398272K)] 1466729K->26786K(1916928K), [Metaspace: 60526K->60526K(1105920K)], 0.0454096 secs] [Times: user=0.14 sys=0.00, real=0.04 secs] 
4939.843: [GC (Allocation Failure) [PSYoungGen: 344064K->142624K(519680K)] 370850K->169410K(1917952K), 0.0284577 secs] [Times: user=0.16 sys=0.00, real=0.03 secs] 
4941.336: [GC (Allocation Failure) [PSYoungGen: 490272K->110112K(521728K)] 517058K->270698K(1920000K), 0.0800618 secs] [Times: user=0.48 sys=0.00, real=0.08 secs] 
4943.590: [GC (Allocation Failure) [PSYoungGen: 457760K->141632K(523264K)] 618346K->409583K(1921536K), 0.0528251 secs] [Times: user=0.31 sys=0.00, real=0.05 secs] 
4945.262: [GC (Allocation Failure) [PSYoungGen: 492864K->109984K(524800K)] 760815K->510487K(1923072K), 0.1074895 secs] [Times: user=0.64 sys=0.00, real=0.11 secs] 
4946.707: [GC (GCLocker Initiated GC) [PSYoungGen: 461216K->146048K(520192K)] 861719K->654295K(1918464K), 0.0534770 secs] [Times: user=0.32 sys=0.00, real=0.05 secs] 
4948.283: [GC (Allocation Failure) [PSYoungGen: 494720K->108192K(523776K)] 1002970K->753658K(1922048K), 0.0864891 secs] [Times: user=0.51 sys=0.00, real=0.09 secs] 
4949.569: [GC (Allocation Failure) [PSYoungGen: 456864K->144224K(521216K)] 1102330K->895877K(1919488K), 0.0542731 secs] [Times: user=0.32 sys=0.00, real=0.05 secs] 
4952.215: [GC (Allocation Failure) [PSYoungGen: 491872K->109408K(523264K)] 1243525K->996541K(1921536K), 0.0885996 secs] [Times: user=0.53 sys=0.01, real=0.09 secs] 
4953.793: [GC (GCLocker Initiated GC) [PSYoungGen: 457056K->140512K(522240K)] 1344190K->1133738K(1920512K), 0.0539492 secs] [Times: user=0.32 sys=0.00, real=0.06 secs] 
4955.645: [GC (Allocation Failure) [PSYoungGen: 489184K->109568K(523264K)] 1482415K->1233855K(1921536K), 0.1587875 secs] [Times: user=0.94 sys=0.01, real=0.16 secs] 
4957.419: [GC (Allocation Failure) [PSYoungGen: 458240K->143360K(520704K)] 1582527K->1374637K(1918976K), 0.0544966 secs] [Times: user=0.32 sys=0.00, real=0.05 secs] 
4959.292: [GC (Allocation Failure) [PSYoungGen: 491520K->109856K(523264K)] 1722797K->1475789K(1921536K), 0.1062646 secs] [Times: user=0.63 sys=0.01, real=0.11 secs] 
4959.398: [Full GC (Ergonomics) [PSYoungGen: 109856K->0K(523264K)] [ParOldGen: 1365933K->41989K(1398272K)] 1475789K->41989K(1921536K), [Metaspace: 60526K->60526K(1105920K)], 0.0960748 secs] [Times: user=0.39 sys=0.00, real=0.09 secs] 
4961.234: [GC (GCLocker Initiated GC) [PSYoungGen: 348160K->141984K(522752K)] 390149K->183973K(1921024K), 0.0295983 secs] [Times: user=0.16 sys=0.00, real=0.03 secs] 
4962.650: [GC (GCLocker Initiated GC) [PSYoungGen: 491680K->110144K(460288K)] 533674K->284570K(1858560K), 0.0761062 secs] [Times: user=0.45 sys=0.00, real=0.07 secs] 
4963.832: [GC (Allocation Failure) [PSYoungGen: 459840K->145376K(521216K)] 634337K->425818K(1919488K), 0.0529199 secs] [Times: user=0.31 sys=0.00, real=0.05 secs] 
4965.358: [GC (Allocation Failure) [PSYoungGen: 494048K->110624K(523776K)] 774490K->527258K(1922048K), 0.1193777 secs] [Times: user=0.70 sys=0.00, real=0.12 secs] 
4966.343: [GC (Allocation Failure) [PSYoungGen: 459296K->147264K(518656K)] 875930K->670559K(1916928K), 0.0532824 secs] [Times: user=0.32 sys=0.00, real=0.05 secs] 
4968.510: [GC (Allocation Failure) [PSYoungGen: 492864K->106848K(522240K)] 1016159K->768223K(1920512K), 0.1080571 secs] [Times: user=0.64 sys=0.00, real=0.11 secs] 
4969.319: [GC (Allocation Failure) [PSYoungGen: 452448K->145792K(518656K)] 1113823K->910308K(1916928K), 0.0525622 secs] [Times: user=0.31 sys=0.01, real=0.05 secs] 
4971.018: [GC (Allocation Failure) [PSYoungGen: 489344K->108064K(521216K)] 1253860K->1009404K(1919488K), 0.1063692 secs] [Times: user=0.63 sys=0.00, real=0.10 secs] 
4972.337: [GC (Allocation Failure) [PSYoungGen: 451616K->143648K(519680K)] 1352956K->1149267K(1917952K), 0.0535757 secs] [Times: user=0.32 sys=0.00, real=0.05 secs] 
4974.237: [GC (Allocation Failure) [PSYoungGen: 487200K->107744K(521216K)] 1492819K->1247515K(1919488K), 0.0670356 secs] [Times: user=0.39 sys=0.00, real=0.06 secs] 
4975.405: [GC (Allocation Failure) [PSYoungGen: 451296K->143392K(519680K)] 1591067K->1386912K(1917952K), 0.0533968 secs] [Times: user=0.32 sys=0.00, real=0.06 secs] 
4975.459: [Full GC (Ergonomics) [PSYoungGen: 143392K->0K(519680K)] [ParOldGen: 1243520K->190208K(1398272K)] 1386912K->190208K(1917952K), [Metaspace: 60583K->60583K(1105920K)], 0.4586546 secs] [Times: user=2.13 sys=0.00, real=0.46 secs] 
4977.423: [GC (Allocation Failure) [PSYoungGen: 343552K->107840K(521216K)] 533760K->298048K(1919488K), 0.0345510 secs] [Times: user=0.20 sys=0.00, real=0.04 secs] 
4978.067: [GC (Allocation Failure) [PSYoungGen: 451392K->145536K(517632K)] 641600K->439784K(1915904K), 0.0518909 secs] [Times: user=0.31 sys=0.00, real=0.05 secs] 
4979.480: [GC (Allocation Failure) [PSYoungGen: 487040K->107040K(520192K)] 781288K->537784K(1918464K), 0.0674460 secs] [Times: user=0.40 sys=0.00, real=0.07 secs] 
4980.168: [GC (Allocation Failure) [PSYoungGen: 448544K->144000K(518144K)] 879288K->678197K(1916416K), 0.0521565 secs] [Times: user=0.30 sys=0.00, real=0.05 secs] 
4981.703: [GC (Allocation Failure) [PSYoungGen: 485504K->107200K(520192K)] 1019701K->776413K(1918464K), 0.0797898 secs] [Times: user=0.47 sys=0.00, real=0.08 secs] 
4983.594: [GC (Allocation Failure) [PSYoungGen: 448704K->140192K(519680K)] 1117917K->912538K(1917952K), 0.0517240 secs] [Times: user=0.30 sys=0.00, real=0.05 secs] 
4985.093: [GC (GCLocker Initiated GC) [PSYoungGen: 483232K->107552K(520192K)] 1255578K->1010818K(1918464K), 0.0820930 secs] [Times: user=0.49 sys=0.01, real=0.08 secs] 
4986.120: [GC (Allocation Failure) [PSYoungGen: 450592K->146048K(518144K)] 1353929K->1152646K(1916416K), 0.0538920 secs] [Times: user=0.32 sys=0.00, real=0.05 secs] 
4987.538: [GC (Allocation Failure) [PSYoungGen: 488576K->104928K(520704K)] 1495174K->1248830K(1918976K), 0.0886675 secs] [Times: user=0.52 sys=0.01, real=0.09 secs] 
4988.497: [GC (Allocation Failure) [PSYoungGen: 447456K->144512K(517632K)] 1591358K->1389327K(1915904K), 0.0524488 secs] [Times: user=0.31 sys=0.00, real=0.05 secs] 
4988.550: [Full GC (Ergonomics) [PSYoungGen: 144512K->0K(517632K)] [ParOldGen: 1244815K->188228K(1398272K)] 1389327K->188228K(1915904K), [Metaspace: 60583K->60583K(1105920K)], 0.4558900 secs] [Times: user=2.13 sys=0.00, real=0.45 secs] 
4990.777: [GC (GCLocker Initiated GC) [PSYoungGen: 340480K->103744K(519680K)] 528713K->291977K(1917952K), 0.0653163 secs] [Times: user=0.38 sys=0.01, real=0.06 secs] 
4992.046: [GC (GCLocker Initiated GC) [PSYoungGen: 444224K->142784K(518144K)] 632461K->430753K(1916416K), 0.0514433 secs] [Times: user=0.27 sys=0.01, real=0.06 secs] 
4993.903: [GC (Allocation Failure) [PSYoungGen: 483264K->103776K(519680K)] 771238K->525554K(1917952K), 0.1514598 secs] [Times: user=0.90 sys=0.01, real=0.15 secs] 
4995.854: [GC (Allocation Failure) [PSYoungGen: 444256K->140992K(518656K)] 866034K->663222K(1916928K), 0.0516737 secs] [Times: user=0.31 sys=0.00, real=0.05 secs] 
4997.420: [GC (Allocation Failure) [PSYoungGen: 481984K->104352K(519680K)] 1004214K->758258K(1917952K), 0.1087409 secs] [Times: user=0.65 sys=0.01, real=0.11 secs] 
4999.172: [GC (Allocation Failure) [PSYoungGen: 445344K->139360K(519168K)] 1099250K->895319K(1917440K), 0.0520620 secs] [Times: user=0.31 sys=0.00, real=0.05 secs] 
5000.535: [GC (Allocation Failure) [PSYoungGen: 481376K->108032K(450560K)] 1237335K->993967K(1848832K), 0.0805594 secs] [Times: user=0.48 sys=0.00, real=0.08 secs] 
5002.256: [GC (Allocation Failure) [PSYoungGen: 450048K->140800K(517632K)] 1335983K->1132623K(1915904K), 0.0537913 secs] [Times: user=0.29 sys=0.00, real=0.05 secs] 
5003.906: [GC (Allocation Failure) [PSYoungGen: 483328K->107840K(519168K)] 1475151K->1231523K(1917440K), 0.0646837 secs] [Times: user=0.38 sys=0.00, real=0.07 secs] 
5005.346: [GC (Allocation Failure) [PSYoungGen: 450368K->140576K(520704K)] 1574051K->1370016K(1918976K), 0.0530615 secs] [Times: user=0.31 sys=0.00, real=0.06 secs] 
5006.713: [GC (Allocation Failure) [PSYoungGen: 486688K->109472K(521728K)] 1716128K->1470840K(1920000K), 0.0747996 secs] [Times: user=0.45 sys=0.00, real=0.08 secs] 
5006.788: [Full GC (Ergonomics) [PSYoungGen: 109472K->0K(521728K)] [ParOldGen: 1361368K->29754K(1398272K)] 1470840K->29754K(1920000K), [Metaspace: 60583K->60583K(1105920K)], 0.0514005 secs] [Times: user=0.17 sys=0.00, real=0.05 secs] 
5008.513: [GC (Allocation Failure) [PSYoungGen: 346112K->150368K(515584K)] 375866K->180123K(1913856K), 0.0293116 secs] [Times: user=0.17 sys=0.00, real=0.03 secs] 
5010.385: [GC (Allocation Failure) [PSYoungGen: 492896K->109088K(520704K)] 522651K->272375K(1918976K), 0.0685677 secs] [Times: user=0.40 sys=0.00, real=0.07 secs] 
5012.207: [GC (Allocation Failure) [PSYoungGen: 451616K->139264K(518656K)] 614903K->407375K(1916928K), 0.0517455 secs] [Times: user=0.30 sys=0.00, real=0.05 secs] 
5013.978: [GC (Allocation Failure) [PSYoungGen: 483840K->109120K(520704K)] 751951K->507327K(1918976K), 0.0632318 secs] [Times: user=0.37 sys=0.00, real=0.06 secs] 
5016.277: [GC (Allocation Failure) [PSYoungGen: 453696K->138112K(522240K)] 851903K->643204K(1920512K), 0.0531674 secs] [Times: user=0.31 sys=0.00, real=0.05 secs] 
5017.607: [GC (Allocation Failure) [PSYoungGen: 486272K->112192K(460800K)] 991364K->746380K(1859072K), 0.0656852 secs] [Times: user=0.39 sys=0.00, real=0.06 secs] 
5018.486: [GC (Allocation Failure) [PSYoungGen: 460352K->143328K(520192K)] 1094540K->887593K(1918464K), 0.0549845 secs] [Times: user=0.32 sys=0.00, real=0.06 secs] 
5019.826: [GC (Allocation Failure) [PSYoungGen: 491488K->110272K(522240K)] 1235753K->988441K(1920512K), 0.0652417 secs] [Times: user=0.39 sys=0.00, real=0.06 secs] 
5021.414: [GC (Allocation Failure) [PSYoungGen: 458432K->143296K(522752K)] 1336601K->1129146K(1921024K), 0.0543642 secs] [Times: user=0.32 sys=0.00, real=0.06 secs] 
5022.797: [GC (GCLocker Initiated GC) [PSYoungGen: 494016K->114560K(465408K)] 1479866K->1234850K(1863680K), 0.0766843 secs] [Times: user=0.40 sys=0.00, real=0.07 secs] 
5024.054: [GC (Allocation Failure) [PSYoungGen: 465280K->143072K(522240K)] 1585577K->1374798K(1920512K), 0.0555921 secs] [Times: user=0.33 sys=0.00, real=0.06 secs] 
5025.503: [GC (Allocation Failure) [PSYoungGen: 493792K->112992K(524288K)] 1725518K->1477966K(1922560K), 0.0686700 secs] [Times: user=0.41 sys=0.00, real=0.07 secs] 
5025.572: [Full GC (Ergonomics) [PSYoungGen: 112992K->0K(524288K)] [ParOldGen: 1364974K->44719K(1398272K)] 1477966K->44719K(1922560K), [Metaspace: 60583K->60583K(1105920K)], 0.0985187 secs] [Times: user=0.38 sys=0.00, real=0.10 secs] 
5026.873: [GC (Allocation Failure) [PSYoungGen: 350720K->145888K(522240K)] 395439K->190607K(1920512K), 0.0296731 secs] [Times: user=0.17 sys=0.00, real=0.03 secs] 
5028.682: [GC (Allocation Failure) [PSYoungGen: 496608K->111104K(524800K)] 541327K->292487K(1923072K), 0.0730590 secs] [Times: user=0.43 sys=0.00, real=0.07 secs] 
5029.394: [GC (GCLocker Initiated GC) [PSYoungGen: 461824K->146752K(520192K)] 643207K->436120K(1918464K), 0.0533297 secs] [Times: user=0.31 sys=0.00, real=0.06 secs] 
5031.359: [GC (Allocation Failure) [PSYoungGen: 494400K->106688K(523264K)] 783771K->533923K(1921536K), 0.0882310 secs] [Times: user=0.53 sys=0.00, real=0.09 secs] 
5032.228: [GC (Allocation Failure) [PSYoungGen: 454336K->154560K(513024K)] 881571K->684907K(1911296K), 0.0523576 secs] [Times: user=0.30 sys=0.01, real=0.05 secs] 
5034.097: [GC (Allocation Failure) [PSYoungGen: 492992K->104032K(518656K)] 1023339K->771611K(1916928K), 0.0889453 secs] [Times: user=0.53 sys=0.00, real=0.09 secs] 
5035.637: [GC (Allocation Failure) [PSYoungGen: 442464K->142016K(518656K)] 1110043K->909712K(1916928K), 0.0500340 secs] [Times: user=0.30 sys=0.00, real=0.05 secs] 
5037.374: [GC (Allocation Failure) [PSYoungGen: 481472K->105152K(444928K)] 1249168K->1005936K(1843200K), 0.0883214 secs] [Times: user=0.52 sys=0.00, real=0.09 secs] 
5038.517: [GC (Allocation Failure) [PSYoungGen: 444608K->143264K(517632K)] 1345392K->1145005K(1915904K), 0.0522572 secs] [Times: user=0.31 sys=0.00, real=0.05 secs] 
5040.228: [GC (Allocation Failure) [PSYoungGen: 482208K->104320K(518656K)] 1483949K->1240217K(1916928K), 0.1123333 secs] [Times: user=0.67 sys=0.00, real=0.11 secs] 
5041.209: [GC (Allocation Failure) [PSYoungGen: 443264K->142880K(518144K)] 1579161K->1379298K(1916416K), 0.0523395 secs] [Times: user=0.31 sys=0.00, real=0.05 secs] 
5041.262: [Full GC (Ergonomics) [PSYoungGen: 142880K->0K(518144K)] [ParOldGen: 1236418K->182484K(1398272K)] 1379298K->182484K(1916416K), [Metaspace: 60583K->60583K(1105920K)], 0.4403531 secs] [Times: user=2.04 sys=0.00, real=0.44 secs] 
5043.065: [GC (Allocation Failure) [PSYoungGen: 339456K->108448K(448000K)] 521940K->290932K(1846272K), 0.0335830 secs] [Times: user=0.19 sys=0.00, real=0.04 secs] 
5044.395: [GC (Allocation Failure) [PSYoungGen: 447904K->141696K(517120K)] 630388K->426761K(1915392K), 0.0518286 secs] [Times: user=0.31 sys=0.00, real=0.06 secs] 
5047.091: [GC (Allocation Failure) [PSYoungGen: 481152K->104192K(518144K)] 766217K->521869K(1916416K), 0.0952678 secs] [Times: user=0.57 sys=0.00, real=0.09 secs] 
5048.894: [GC (Allocation Failure) [PSYoungGen: 443648K->146272K(515584K)] 861325K->665066K(1913856K), 0.0518848 secs] [Times: user=0.31 sys=0.00, real=0.06 secs] 
5050.261: [GC (Allocation Failure) [PSYoungGen: 484704K->107648K(518656K)] 1003498K->755294K(1916928K), 0.0856770 secs] [Times: user=0.51 sys=0.00, real=0.09 secs] 
5051.565: [GC (Allocation Failure) [PSYoungGen: 446080K->138688K(516608K)] 1093726K->891322K(1914880K), 0.0535498 secs] [Times: user=0.31 sys=0.00, real=0.06 secs] 
5052.898: [GC (Allocation Failure) [PSYoungGen: 479168K->108960K(518144K)] 1231802K->990907K(1916416K), 0.0658150 secs] [Times: user=0.40 sys=0.00, real=0.06 secs] 
5054.003: [GC (GCLocker Initiated GC) [PSYoungGen: 449440K->136640K(520704K)] 1331387K->1126419K(1918976K), 0.0546635 secs] [Times: user=0.32 sys=0.00, real=0.06 secs] 
5057.392: [GC (Allocation Failure) [PSYoungGen: 482240K->107648K(520704K)] 1472024K->1225136K(1918976K), 0.0682614 secs] [Times: user=0.40 sys=0.00, real=0.07 secs] 
5058.855: [GC (Allocation Failure) [PSYoungGen: 453248K->138720K(521216K)] 1570736K->1362260K(1919488K), 0.0535073 secs] [Times: user=0.32 sys=0.00, real=0.06 secs] 
5060.190: [GC (Allocation Failure) [PSYoungGen: 486880K->113568K(521728K)] 1710420K->1466284K(1920000K), 0.0690888 secs] [Times: user=0.41 sys=0.00, real=0.07 secs] 
5060.259: [Full GC (Ergonomics) [PSYoungGen: 113568K->0K(521728K)] [ParOldGen: 1352716K->25732K(1398272K)] 1466284K->25732K(1920000K), [Metaspace: 60583K->60583K(1105920K)], 0.0416353 secs] [Times: user=0.12 sys=0.01, real=0.04 secs] 
5062.063: [GC (Allocation Failure) [PSYoungGen: 348160K->140544K(521728K)] 373892K->166276K(1920000K), 0.0284053 secs] [Times: user=0.16 sys=0.00, real=0.03 secs] 
5063.489: [GC (Allocation Failure) [PSYoungGen: 491264K->113568K(523264K)] 516996K->270508K(1921536K), 0.0821825 secs] [Times: user=0.49 sys=0.00, real=0.08 secs] 
5064.891: [GC (Allocation Failure) [PSYoungGen: 464288K->144608K(522752K)] 621228K->412636K(1921024K), 0.0546715 secs] [Times: user=0.33 sys=0.00, real=0.05 secs] 
5066.291: [GC (Allocation Failure) [PSYoungGen: 497376K->111360K(525312K)] 765404K->514572K(1923584K), 0.0669979 secs] [Times: user=0.40 sys=0.00, real=0.07 secs] 
5066.989: [GC (Allocation Failure) [PSYoungGen: 464128K->146848K(521216K)] 867340K->658665K(1919488K), 0.0541827 secs] [Times: user=0.31 sys=0.01, real=0.05 secs] 
5068.425: [GC (Allocation Failure) [PSYoungGen: 497568K->110208K(524800K)] 1009385K->759505K(1923072K), 0.0660340 secs] [Times: user=0.39 sys=0.00, real=0.07 secs] 
5069.812: [GC (Allocation Failure) [PSYoungGen: 460928K->147392K(519168K)] 1110225K->904092K(1917440K), 0.0721991 secs] [Times: user=0.43 sys=0.00, real=0.07 secs] 
5072.100: [GC (Allocation Failure) [PSYoungGen: 494016K->106144K(522752K)] 1250716K->1001780K(1921024K), 0.1683716 secs] [Times: user=0.99 sys=0.01, real=0.17 secs] 
5073.220: [GC (Allocation Failure) [PSYoungGen: 452768K->144256K(520192K)] 1348404K->1142153K(1918464K), 0.0519378 secs] [Times: user=0.30 sys=0.00, real=0.05 secs] 
5075.806: [GC (Allocation Failure) [PSYoungGen: 489856K->105696K(522240K)] 1487753K->1238649K(1920512K), 0.1471004 secs] [Times: user=0.87 sys=0.00, real=0.15 secs] 
5077.226: [GC (Allocation Failure) [PSYoungGen: 451296K->143616K(520192K)] 1584249K->1378738K(1918464K), 0.0525443 secs] [Times: user=0.30 sys=0.00, real=0.05 secs] 
5077.279: [Full GC (Ergonomics) [PSYoungGen: 143616K->0K(520192K)] [ParOldGen: 1235122K->183013K(1398272K)] 1378738K->183013K(1918464K), [Metaspace: 60583K->60583K(1105920K)], 0.4464407 secs] [Times: user=2.08 sys=0.00, real=0.44 secs] 
5080.806: [GC (Allocation Failure) [PSYoungGen: 344576K->107776K(521728K)] 527589K->290790K(1920000K), 0.0806353 secs] [Times: user=0.48 sys=0.00, real=0.09 secs] 
5082.408: [GC (Allocation Failure) [PSYoungGen: 452352K->141760K(520704K)] 635366K->426514K(1918976K), 0.0515771 secs] [Times: user=0.30 sys=0.00, real=0.05 secs] 
5083.935: [GC (Allocation Failure) [PSYoungGen: 486848K->110016K(455168K)] 771602K->527166K(1853440K), 0.0881864 secs] [Times: user=0.52 sys=0.01, real=0.09 secs] 
5085.299: [GC (Allocation Failure) [PSYoungGen: 455104K->150688K(515072K)] 872254K->673827K(1913344K), 0.0541923 secs] [Times: user=0.32 sys=0.00, real=0.05 secs] 
5086.610: [GC (Allocation Failure) [PSYoungGen: 491168K->109600K(519680K)] 1014307K->765995K(1917952K), 0.0652248 secs] [Times: user=0.39 sys=0.00, real=0.06 secs] 
5088.054: [GC (Allocation Failure) [PSYoungGen: 450080K->140992K(518656K)] 1106475K->903700K(1916928K), 0.0539680 secs] [Times: user=0.31 sys=0.00, real=0.06 secs] 
5090.028: [GC (Allocation Failure) [PSYoungGen: 482473K->107648K(520192K)] 1245181K->1002224K(1918464K), 0.0663425 secs] [Times: user=0.39 sys=0.00, real=0.06 secs] 
5091.019: [GC (Allocation Failure) [PSYoungGen: 450176K->141920K(520192K)] 1344752K->1141689K(1918464K), 0.0544003 secs] [Times: user=0.32 sys=0.00, real=0.05 secs] 
5092.590: [GC (Allocation Failure) [PSYoungGen: 485984K->108032K(452608K)] 1485753K->1240801K(1850880K), 0.0703578 secs] [Times: user=0.41 sys=0.01, real=0.07 secs] 
5093.685: [GC (Allocation Failure) [PSYoungGen: 452096K->143328K(518656K)] 1584865K->1380550K(1916928K), 0.0551189 secs] [Times: user=0.32 sys=0.00, real=0.06 secs] 
5093.740: [Full GC (Ergonomics) [PSYoungGen: 143328K->0K(518656K)] [ParOldGen: 1237222K->179068K(1398272K)] 1380550K->179068K(1916928K), [Metaspace: 60583K->60583K(1105920K)], 0.4370054 secs] [Times: user=2.04 sys=0.00, real=0.44 secs] 
5095.760: [GC (Allocation Failure) [PSYoungGen: 343552K->107840K(520704K)] 522620K->286908K(1918976K), 0.0637088 secs] [Times: user=0.37 sys=0.00, real=0.06 secs] 
5097.564: [GC (Allocation Failure) [PSYoungGen: 451392K->140192K(520704K)] 630460K->424301K(1918976K), 0.0530735 secs] [Times: user=0.31 sys=0.01, real=0.06 secs] 
5099.198: [GC (Allocation Failure) [PSYoungGen: 485792K->109696K(521728K)] 769901K->524613K(1920000K), 0.0794484 secs] [Times: user=0.47 sys=0.00, real=0.08 secs] 
5100.097: [GC (Allocation Failure) [PSYoungGen: 455296K->143616K(519680K)] 870213K->665762K(1917952K), 0.0536605 secs] [Times: user=0.32 sys=0.00, real=0.05 secs] 
5101.525: [GC (Allocation Failure) [PSYoungGen: 489216K->109408K(521728K)] 1011362K->765898K(1920000K), 0.0794518 secs] [Times: user=0.47 sys=0.00, real=0.08 secs] 
5102.274: [GC (Allocation Failure) [PSYoungGen: 455008K->145408K(519680K)] 1111498K->907983K(1917952K), 0.0544964 secs] [Times: user=0.32 sys=0.00, real=0.06 secs] 
5104.606: [GC (Allocation Failure) [PSYoungGen: 491008K->107040K(522240K)] 1253583K->1005987K(1920512K), 0.0690634 secs] [Times: user=0.41 sys=0.00, real=0.06 secs] 
5105.411: [GC (Allocation Failure) [PSYoungGen: 452640K->145216K(518656K)] 1351587K->1148220K(1916928K), 0.0545366 secs] [Times: user=0.32 sys=0.00, real=0.05 secs] 
5107.234: [GC (Allocation Failure) [PSYoungGen: 488768K->108096K(521216K)] 1491776K->1247456K(1919488K), 0.1127941 secs] [Times: user=0.68 sys=0.00, real=0.12 secs] 
5108.369: [GC (Allocation Failure) [PSYoungGen: 451648K->144160K(519168K)] 1591008K->1388589K(1917440K), 0.0559813 secs] [Times: user=0.33 sys=0.00, real=0.05 secs] 
5108.425: [Full GC (Ergonomics) [PSYoungGen: 144160K->0K(519168K)] [ParOldGen: 1244429K->186416K(1398272K)] 1388589K->186416K(1917440K), [Metaspace: 60583K->60583K(1105920K)], 0.4531745 secs] [Times: user=2.10 sys=0.00, real=0.46 secs] 
5110.314: [GC (Allocation Failure) [PSYoungGen: 343552K->105984K(521216K)] 529968K->292400K(1919488K), 0.0326909 secs] [Times: user=0.19 sys=0.00, real=0.04 secs] 
5110.960: [GC (Allocation Failure) [PSYoungGen: 449536K->143648K(518656K)] 635952K->432141K(1916928K), 0.0520983 secs] [Times: user=0.30 sys=0.01, real=0.05 secs] 
5112.524: [GC (Allocation Failure) [PSYoungGen: 486176K->107840K(520704K)] 774669K->530229K(1918976K), 0.0731545 secs] [Times: user=0.43 sys=0.00, real=0.08 secs] 
5113.658: [GC (Allocation Failure) [PSYoungGen: 450368K->145504K(517632K)] 872757K->672788K(1915904K), 0.0536907 secs] [Times: user=0.32 sys=0.00, real=0.05 secs] 
5115.519: [GC (Allocation Failure) [PSYoungGen: 487008K->105472K(520192K)] 1014292K->769548K(1918464K), 0.1685045 secs] [Times: user=1.00 sys=0.00, real=0.17 secs] 
5116.659: [GC (Allocation Failure) [PSYoungGen: 446976K->143680K(517632K)] 1111052K->909561K(1915904K), 0.0525996 secs] [Times: user=0.31 sys=0.00, real=0.05 secs] 
5118.081: [GC (Allocation Failure) [PSYoungGen: 484160K->104480K(519680K)] 1250041K->1004801K(1917952K), 0.0677160 secs] [Times: user=0.40 sys=0.00, real=0.07 secs] 
5119.340: [GC (Allocation Failure) [PSYoungGen: 444960K->142560K(518144K)] 1345281K->1143030K(1916416K), 0.0520505 secs] [Times: user=0.31 sys=0.01, real=0.05 secs] 
5120.727: [GC (Allocation Failure) [PSYoungGen: 483040K->106592K(447488K)] 1483510K->1240214K(1845760K), 0.0656389 secs] [Times: user=0.39 sys=0.00, real=0.06 secs] 
5122.073: [GC (Allocation Failure) [PSYoungGen: 447072K->140800K(518144K)] 1580694K->1378371K(1916416K), 0.0540844 secs] [Times: user=0.32 sys=0.00, real=0.06 secs] 
5122.127: [Full GC (Ergonomics) [PSYoungGen: 140800K->0K(518144K)] [ParOldGen: 1237571K->176809K(1398272K)] 1378371K->176809K(1916416K), [Metaspace: 60583K->60583K(1105920K)], 0.4244519 secs] [Times: user=1.97 sys=0.00, real=0.42 secs] 
5123.787: [GC (Allocation Failure) [PSYoungGen: 340992K->106720K(519168K)] 517801K->283529K(1917440K), 0.0347166 secs] [Times: user=0.20 sys=0.00, real=0.03 secs] 
5125.372: [GC (Allocation Failure) [PSYoungGen: 447712K->140704K(518656K)] 624521K->421938K(1916928K), 0.0531254 secs] [Times: user=0.31 sys=0.00, real=0.05 secs] 
5127.191: [GC (GCLocker Initiated GC) [PSYoungGen: 483232K->103616K(519680K)] 764467K->516819K(1917952K), 0.0812374 secs] [Times: user=0.48 sys=0.00, real=0.08 secs] 
5128.437: [GC (Allocation Failure) [PSYoungGen: 446144K->141568K(519680K)] 859350K->655194K(1917952K), 0.0520920 secs] [Times: user=0.30 sys=0.01, real=0.05 secs] 
5129.813: [GC (Allocation Failure) [PSYoungGen: 485632K->110048K(454144K)] 999258K->755862K(1852416K), 0.0640653 secs] [Times: user=0.38 sys=0.00, real=0.07 secs] 
5130.830: [GC (Allocation Failure) [PSYoungGen: 454112K->142528K(518656K)] 1099926K->896583K(1916928K), 0.0536586 secs] [Times: user=0.32 sys=0.00, real=0.05 secs] 
5132.737: [GC (Allocation Failure) [PSYoungGen: 486592K->110272K(520704K)] 1240647K->997735K(1918976K), 0.0919926 secs] [Times: user=0.55 sys=0.00, real=0.09 secs] 
5134.850: [GC (Allocation Failure) [PSYoungGen: 454336K->139392K(521216K)] 1341799K->1134556K(1919488K), 0.0540141 secs] [Times: user=0.32 sys=0.00, real=0.05 secs] 
5136.242: [GC (Allocation Failure) [PSYoungGen: 486528K->111008K(521728K)] 1481692K->1236712K(1920000K), 0.0642334 secs] [Times: user=0.38 sys=0.00, real=0.07 secs] 
5137.239: [GC (Allocation Failure) [PSYoungGen: 458144K->143584K(520704K)] 1583848K->1378229K(1918976K), 0.0551198 secs] [Times: user=0.32 sys=0.00, real=0.05 secs] 
5137.294: [Full GC (Ergonomics) [PSYoungGen: 143584K->0K(520704K)] [ParOldGen: 1234645K->176488K(1398272K)] 1378229K->176488K(1918976K), [Metaspace: 60616K->60616K(1105920K)], 0.4228451 secs] [Times: user=1.96 sys=0.00, real=0.43 secs] 
5139.839: [GC (Allocation Failure) [PSYoungGen: 348160K->109216K(522752K)] 524648K->285704K(1921024K), 0.0550156 secs] [Times: user=0.33 sys=0.00, real=0.05 secs] 
5141.576: [GC (Allocation Failure) [PSYoungGen: 457376K->142464K(522240K)] 633864K->425841K(1920512K), 0.0536358 secs] [Times: user=0.32 sys=0.00, real=0.06 secs] 
5143.530: [GC (Allocation Failure) [PSYoungGen: 492160K->111072K(524288K)] 775537K->527737K(1922560K), 0.0998740 secs] [Times: user=0.59 sys=0.01, real=0.10 secs] 
5144.349: [GC (Allocation Failure) [PSYoungGen: 460768K->146944K(519168K)] 877433K->670838K(1917440K), 0.0541635 secs] [Times: user=0.32 sys=0.00, real=0.05 secs] 
5145.771: [GC (Allocation Failure) [PSYoungGen: 493568K->109440K(522752K)] 1017462K->771018K(1921024K), 0.0674163 secs] [Times: user=0.38 sys=0.00, real=0.07 secs] 
5146.894: [GC (Allocation Failure) [PSYoungGen: 456064K->144768K(520704K)] 1117642K->911607K(1918976K), 0.0532282 secs] [Times: user=0.31 sys=0.00, real=0.06 secs] 
5148.513: [GC (Allocation Failure) [PSYoungGen: 491392K->108544K(522752K)] 1258231K->1010907K(1921024K), 0.1386808 secs] [Times: user=0.82 sys=0.01, real=0.14 secs] 
5149.339: [GC (Allocation Failure) [PSYoungGen: 455168K->146048K(518144K)] 1357531K->1153830K(1916416K), 0.0537636 secs] [Times: user=0.32 sys=0.00, real=0.05 secs] 
5151.477: [GC (Allocation Failure) [PSYoungGen: 489600K->106336K(521216K)] 1497382K->1251262K(1919488K), 0.1459613 secs] [Times: user=0.86 sys=0.01, real=0.14 secs] 
5152.456: [GC (Allocation Failure) [PSYoungGen: 449888K->144896K(518656K)] 1594814K->1392243K(1916928K), 0.0529025 secs] [Times: user=0.31 sys=0.00, real=0.05 secs] 
5152.509: [Full GC (Ergonomics) [PSYoungGen: 144896K->0K(518656K)] [ParOldGen: 1247347K->189880K(1398272K)] 1392243K->189880K(1916928K), [Metaspace: 60616K->60616K(1105920K)], 0.4628255 secs] [Times: user=2.15 sys=0.00, real=0.46 secs] 
5154.628: [GC (GCLocker Initiated GC) [PSYoungGen: 342528K->104832K(520704K)] 532411K->294715K(1918976K), 0.0746716 secs] [Times: user=0.44 sys=0.00, real=0.07 secs] 
5155.452: [GC (GCLocker Initiated GC) [PSYoungGen: 447360K->143104K(518656K)] 637247K->434859K(1916928K), 0.0513960 secs] [Times: user=0.30 sys=0.00, real=0.05 secs] 
5157.511: [GC (Allocation Failure) [PSYoungGen: 484608K->103680K(520192K)] 776363K->529851K(1918464K), 0.1477527 secs] [Times: user=0.88 sys=0.00, real=0.15 secs] 
5159.042: [GC (Allocation Failure) [PSYoungGen: 445184K->143104K(518656K)] 871355K->669623K(1916928K), 0.0513360 secs] [Times: user=0.31 sys=0.00, real=0.05 secs] 
5160.467: [GC (GCLocker Initiated GC) [PSYoungGen: 484608K->105792K(520192K)] 1011127K->766799K(1918464K), 0.0652961 secs] [Times: user=0.38 sys=0.00, real=0.06 secs] 
5161.707: [GC (Allocation Failure) [PSYoungGen: 447296K->151744K(511488K)] 1108342K->914138K(1909760K), 0.0523278 secs] [Times: user=0.31 sys=0.00, real=0.05 secs] 
5163.105: [GC (GCLocker Initiated GC) [PSYoungGen: 486080K->104608K(516608K)] 1248474K->1001223K(1914880K), 0.0915525 secs] [Times: user=0.54 sys=0.00, real=0.10 secs] 
5163.860: [GC (Allocation Failure) [PSYoungGen: 438944K->147168K(512512K)] 1335597K->1145961K(1910784K), 0.0525800 secs] [Times: user=0.31 sys=0.00, real=0.05 secs] 
5165.171: [GC (Allocation Failure) [PSYoungGen: 479456K->103168K(515584K)] 1478249K->1231705K(1913856K), 0.0632938 secs] [Times: user=0.37 sys=0.00, real=0.06 secs] 
5166.465: [GC (Allocation Failure) [PSYoungGen: 435456K->146848K(512000K)] 1563993K->1377035K(1910272K), 0.0530715 secs] [Times: user=0.31 sys=0.00, real=0.06 secs] 
5167.786: [GC (Allocation Failure) [PSYoungGen: 477088K->104288K(514560K)] 1707275K->1464403K(1912832K), 0.0652656 secs] [Times: user=0.39 sys=0.00, real=0.07 secs] 
5167.851: [Full GC (Ergonomics) [PSYoungGen: 104288K->0K(514560K)] [ParOldGen: 1360114K->23617K(1398272K)] 1464403K->23617K(1912832K), [Metaspace: 60616K->60616K(1105920K)], 0.0391581 secs] [Times: user=0.10 sys=0.00, real=0.04 secs] 
5169.578: [GC (GCLocker Initiated GC) [PSYoungGen: 330240K->130528K(506880K)] 353857K->154145K(1905152K), 0.0260920 secs] [Times: user=0.15 sys=0.00, real=0.02 secs] 
5171.096: [GC (Allocation Failure) [PSYoungGen: 462816K->113056K(510976K)] 486438K->257858K(1909248K), 0.0631174 secs] [Times: user=0.37 sys=0.00, real=0.07 secs] 
5171.892: [GC (Allocation Failure) [PSYoungGen: 445344K->129440K(513024K)] 590146K->386750K(1911296K), 0.0532540 secs] [Times: user=0.31 sys=0.00, real=0.05 secs] 
5173.333: [GC (Allocation Failure) [PSYoungGen: 474016K->480K(345088K)] 731326K->257894K(1743360K), 0.0016659 secs] [Times: user=0.01 sys=0.00, real=0.00 secs] 
5174.409: [GC (GCLocker Initiated GC) [PSYoungGen: 345056K->130144K(510976K)] 602470K->387590K(1909248K), 0.0263693 secs] [Times: user=0.15 sys=0.00, real=0.02 secs] 
5176.234: [GC (Allocation Failure) [PSYoungGen: 452192K->118464K(440832K)] 709639K->495068K(1839104K), 0.0635531 secs] [Times: user=0.38 sys=0.01, real=0.07 secs] 
5177.882: [GC (Allocation Failure) [PSYoungGen: 440512K->112608K(510976K)] 817116K->607652K(1909248K), 0.0537964 secs] [Times: user=0.31 sys=0.00, real=0.05 secs] 
5179.217: [GC (Allocation Failure) [PSYoungGen: 441312K->135808K(504320K)] 936356K->732775K(1902592K), 0.0618288 secs] [Times: user=0.36 sys=0.00, real=0.06 secs] 
5180.730: [GC (Allocation Failure) [PSYoungGen: 458366K->93216K(520704K)] 1055334K->825935K(1918976K), 0.0626183 secs] [Times: user=0.37 sys=0.00, real=0.06 secs] 
5181.226: [GC (Allocation Failure) [PSYoungGen: 436768K->150240K(494080K)] 1169487K->970088K(1892352K), 0.0571145 secs] [Times: user=0.34 sys=0.00, real=0.06 secs] 
5184.613: [GC (Allocation Failure) [PSYoungGen: 493792K->93280K(518656K)] 1313640K->1063288K(1916928K), 0.0748185 secs] [Times: user=0.45 sys=0.01, real=0.08 secs] 
5185.136: [GC (Allocation Failure) [PSYoungGen: 429152K->145696K(481792K)] 1399160K->1202885K(1880064K), 0.0577900 secs] [Times: user=0.34 sys=0.00, real=0.05 secs] 
5187.792: [GC (Allocation Failure) [PSYoungGen: 481568K->92192K(516096K)] 1538757K->1294621K(1914368K), 0.0696158 secs] [Times: user=0.41 sys=0.00, real=0.07 secs] 
5187.862: [Full GC (Ergonomics) [PSYoungGen: 92192K->0K(516096K)] [ParOldGen: 1202429K->100320K(1398272K)] 1294621K->100320K(1914368K), [Metaspace: 60616K->60616K(1105920K)], 0.2354228 secs] [Times: user=1.06 sys=0.00, real=0.24 secs] 
5188.505: [GC (Allocation Failure) [PSYoungGen: 330752K->143040K(474112K)] 431072K->243360K(1872384K), 0.0313750 secs] [Times: user=0.18 sys=0.01, real=0.03 secs] 
5191.085: [GC (Allocation Failure) [PSYoungGen: 473792K->89984K(514560K)] 574112K->333036K(1912832K), 0.0889106 secs] [Times: user=0.52 sys=0.00, real=0.09 secs] 
5191.579: [GC (Allocation Failure) [PSYoungGen: 418176K->142080K(470528K)] 661228K->469229K(1868800K), 0.0549068 secs] [Times: user=0.32 sys=0.00, real=0.05 secs] 
5193.495: [GC (Allocation Failure) [PSYoungGen: 470272K->96384K(514560K)] 797421K->565397K(1912832K), 0.0936579 secs] [Times: user=0.54 sys=0.01, real=0.10 secs] 
5194.083: [GC (Allocation Failure) [PSYoungGen: 423552K->140192K(511488K)] 892565K->696529K(1909760K), 0.0530003 secs] [Times: user=0.31 sys=0.00, real=0.05 secs] 
5196.220: [GC (Allocation Failure) [PSYoungGen: 467360K->87296K(513024K)] 1023697K->783657K(1911296K), 0.1065306 secs] [Times: user=0.62 sys=0.01, real=0.11 secs] 
5197.175: [GC (GCLocker Initiated GC) [PSYoungGen: 414976K->137984K(512512K)] 1111337K->917182K(1910784K), 0.0480762 secs] [Times: user=0.29 sys=0.00, real=0.05 secs] 
5198.921: [GC (Allocation Failure) [PSYoungGen: 465664K->99872K(507392K)] 1244865K->1008333K(1905664K), 0.1150680 secs] [Times: user=0.68 sys=0.00, real=0.12 secs] 
5200.328: [GC (Allocation Failure) [PSYoungGen: 427552K->135712K(509952K)] 1336013K->1140433K(1908224K), 0.0491258 secs] [Times: user=0.29 sys=0.00, real=0.05 secs] 
5201.761: [GC (Allocation Failure) [PSYoungGen: 463392K->102688K(509440K)] 1468113K->1234065K(1907712K), 0.0779696 secs] [Times: user=0.46 sys=0.01, real=0.08 secs] 
5202.909: [GC (Allocation Failure) [PSYoungGen: 436000K->137664K(512512K)] 1567377K->1369953K(1910784K), 0.0522167 secs] [Times: user=0.31 sys=0.00, real=0.05 secs] 
5202.961: [Full GC (Ergonomics) [PSYoungGen: 137664K->0K(512512K)] [ParOldGen: 1232289K->170945K(1398272K)] 1369953K->170945K(1910784K), [Metaspace: 60616K->60616K(1105920K)], 0.4080578 secs] [Times: user=1.88 sys=0.01, real=0.41 secs] 
5204.937: [GC (Allocation Failure) [PSYoungGen: 333312K->103904K(514048K)] 504257K->274849K(1912320K), 0.0370652 secs] [Times: user=0.22 sys=0.00, real=0.03 secs] 
5205.821: [GC (Allocation Failure) [PSYoungGen: 442848K->140608K(516096K)] 613793K->413930K(1914368K), 0.0527665 secs] [Times: user=0.32 sys=0.00, real=0.05 secs] 
5207.175: [GC (Allocation Failure) [PSYoungGen: 479552K->105536K(517120K)] 752874K->510778K(1915392K), 0.0648387 secs] [Times: user=0.39 sys=0.00, real=0.07 secs] 
5208.713: [GC (GCLocker Initiated GC) [PSYoungGen: 447552K->140000K(518144K)] 852794K->649416K(1916416K), 0.0523850 secs] [Times: user=0.31 sys=0.00, real=0.05 secs] 
5210.101: [GC (Allocation Failure) [PSYoungGen: 482016K->110368K(517120K)] 991435K->750907K(1915392K), 0.0666610 secs] [Times: user=0.39 sys=0.00, real=0.07 secs] 
5211.780: [GC (Allocation Failure) [PSYoungGen: 454432K->138656K(518656K)] 1094971K->888603K(1916928K), 0.0541310 secs] [Times: user=0.31 sys=0.01, real=0.05 secs] 
5213.661: [GC (Allocation Failure) [PSYoungGen: 482720K->110624K(518656K)] 1232667K->990195K(1916928K), 0.0739926 secs] [Times: user=0.43 sys=0.01, real=0.07 secs] 
5215.066: [GC (Allocation Failure) [PSYoungGen: 458784K->148544K(520704K)] 1338355K->1136616K(1918976K), 0.0541735 secs] [Times: user=0.32 sys=0.01, real=0.06 secs] 
5216.455: [GC (Allocation Failure) [PSYoungGen: 496704K->112608K(522752K)] 1484776K->1231640K(1921024K), 0.0662801 secs] [Times: user=0.39 sys=0.00, real=0.07 secs] 
5217.642: [GC (GCLocker Initiated GC) [PSYoungGen: 459744K->142144K(521216K)] 1578776K->1371653K(1919488K), 0.0558296 secs] [Times: user=0.33 sys=0.00, real=0.06 secs] 
5217.698: [Full GC (Ergonomics) [PSYoungGen: 142144K->0K(521216K)] [ParOldGen: 1229508K->168345K(1398272K)] 1371653K->168345K(1919488K), [Metaspace: 60617K->60617K(1105920K)], 0.4004696 secs] [Times: user=1.86 sys=0.00, real=0.40 secs] 
5219.379: [GC (Allocation Failure) [PSYoungGen: 347136K->110400K(521728K)] 515484K->278748K(1920000K), 0.0521510 secs] [Times: user=0.30 sys=0.00, real=0.05 secs] 
5220.310: [GC (Allocation Failure) [PSYoungGen: 459072K->146240K(495104K)] 627420K->422157K(1893376K), 0.0547833 secs] [Times: user=0.32 sys=0.00, real=0.05 secs] 
5221.816: [GC (Allocation Failure) [PSYoungGen: 494912K->108704K(524288K)] 770829K->522393K(1922560K), 0.0748614 secs] [Times: user=0.44 sys=0.00, real=0.08 secs] 
5223.615: [GC (GCLocker Initiated GC) [PSYoungGen: 455840K->143488K(521728K)] 869529K->663225K(1920000K), 0.0533572 secs] [Times: user=0.32 sys=0.00, real=0.06 secs] 
5224.951: [GC (Allocation Failure) [PSYoungGen: 490624K->108064K(521728K)] 1010365K->762669K(1920000K), 0.0771193 secs] [Times: user=0.45 sys=0.00, real=0.08 secs] 
5226.758: [GC (Allocation Failure) [PSYoungGen: 455200K->144448K(492032K)] 1109805K->904427K(1890304K), 0.0535921 secs] [Times: user=0.32 sys=0.00, real=0.05 secs] 
5228.298: [GC (Allocation Failure) [PSYoungGen: 491584K->107680K(523264K)] 1251563K->1003339K(1921536K), 0.0816758 secs] [Times: user=0.49 sys=0.00, real=0.08 secs] 
5229.721: [GC (Allocation Failure) [PSYoungGen: 453280K->144416K(521216K)] 1348939K->1145218K(1919488K), 0.0535833 secs] [Times: user=0.31 sys=0.00, real=0.05 secs] 
5231.975: [GC (Allocation Failure) [PSYoungGen: 490016K->107264K(521216K)] 1490818K->1243914K(1919488K), 0.0675796 secs] [Times: user=0.40 sys=0.00, real=0.07 secs] 
5233.335: [GC (Allocation Failure) [PSYoungGen: 452864K->149024K(495104K)] 1589514K->1390375K(1893376K), 0.0529670 secs] [Times: user=0.31 sys=0.00, real=0.06 secs] 
5233.388: [Full GC (Ergonomics) [PSYoungGen: 149024K->0K(495104K)] [ParOldGen: 1241351K->178136K(1398272K)] 1390375K->178136K(1893376K), [Metaspace: 60617K->60617K(1105920K)], 0.4238146 secs] [Times: user=1.97 sys=0.00, real=0.42 secs] 
5235.132: [GC (Allocation Failure) [PSYoungGen: 345600K->107968K(521216K)] 523736K->286104K(1919488K), 0.0378186 secs] [Times: user=0.22 sys=0.00, real=0.04 secs] 
5235.796: [GC (Allocation Failure) [PSYoungGen: 449472K->142848K(519168K)] 627608K->426725K(1917440K), 0.0532550 secs] [Times: user=0.32 sys=0.00, real=0.05 secs] 
5237.210: [GC (Allocation Failure) [PSYoungGen: 484352K->105088K(519680K)] 768229K->523029K(1917952K), 0.0995780 secs] [Times: user=0.60 sys=0.00, real=0.10 secs] 
5238.689: [GC (Allocation Failure) [PSYoungGen: 447104K->143072K(519680K)] 865045K->664130K(1917952K), 0.0523008 secs] [Times: user=0.31 sys=0.00, real=0.05 secs] 
5240.791: [GC (Allocation Failure) [PSYoungGen: 485088K->104608K(519680K)] 1006146K->760306K(1917952K), 0.0648171 secs] [Times: user=0.39 sys=0.00, real=0.06 secs] 
5242.658: [GC (Allocation Failure) [PSYoungGen: 446624K->140512K(519680K)] 1102322K->897967K(1917952K), 0.0519158 secs] [Times: user=0.31 sys=0.00, real=0.05 secs] 
5243.975: [GC (Allocation Failure) [PSYoungGen: 482528K->107808K(517632K)] 1239983K->996831K(1915904K), 0.0645588 secs] [Times: user=0.39 sys=0.00, real=0.07 secs] 
5245.726: [GC (Allocation Failure) [PSYoungGen: 450848K->140256K(519168K)] 1339871K->1133996K(1917440K), 0.0533334 secs] [Times: user=0.31 sys=0.00, real=0.06 secs] 
5247.055: [GC (Allocation Failure) [PSYoungGen: 483296K->110432K(518656K)] 1477036K->1234940K(1916928K), 0.0655267 secs] [Times: user=0.39 sys=0.00, real=0.07 secs] 
5248.928: [GC (Allocation Failure) [PSYoungGen: 456032K->141152K(520192K)] 1580540K->1373497K(1918464K), 0.0542106 secs] [Times: user=0.32 sys=0.00, real=0.05 secs] 
5248.983: [Full GC (Ergonomics) [PSYoungGen: 141152K->0K(520192K)] [ParOldGen: 1232344K->170634K(1398272K)] 1373497K->170634K(1918464K), [Metaspace: 60617K->60617K(1105920K)], 0.4102178 secs] [Times: user=1.92 sys=0.00, real=0.41 secs] 
5250.629: [GC (Allocation Failure) [PSYoungGen: 345600K->108576K(521216K)] 516234K->279210K(1919488K), 0.0491762 secs] [Times: user=0.29 sys=0.00, real=0.05 secs] 
5251.507: [GC (Allocation Failure) [PSYoungGen: 457248K->144544K(522240K)] 627882K->421399K(1920512K), 0.0544525 secs] [Times: user=0.32 sys=0.00, real=0.05 secs] 
5252.886: [GC (Allocation Failure) [PSYoungGen: 493216K->110240K(523264K)] 770071K->522255K(1921536K), 0.0646694 secs] [Times: user=0.38 sys=0.00, real=0.07 secs] 
5254.434: [GC (Allocation Failure) [PSYoungGen: 458912K->143648K(522752K)] 870927K->664045K(1921024K), 0.0543328 secs] [Times: user=0.31 sys=0.01, real=0.06 secs] 
5255.786: [GC (Allocation Failure) [PSYoungGen: 492320K->111072K(522752K)] 1012717K->766269K(1921024K), 0.0658104 secs] [Times: user=0.39 sys=0.00, real=0.06 secs] 
5256.756: [GC (Allocation Failure) [PSYoungGen: 459744K->147552K(496640K)] 1114941K->910940K(1894912K), 0.0546702 secs] [Times: user=0.32 sys=0.00, real=0.06 secs] 
5258.488: [GC (Allocation Failure) [PSYoungGen: 496224K->106464K(522752K)] 1259612K->1008884K(1921024K), 0.0733918 secs] [Times: user=0.40 sys=0.00, real=0.07 secs] 
5259.233: [GC (Allocation Failure) [PSYoungGen: 452064K->145888K(491520K)] 1354484K->1150993K(1889792K), 0.0525591 secs] [Times: user=0.31 sys=0.00, real=0.05 secs] 
5260.825: [GC (Allocation Failure) [PSYoungGen: 491488K->107328K(522240K)] 1496593K->1249065K(1920512K), 0.1028774 secs] [Times: user=0.61 sys=0.00, real=0.11 secs] 
5262.033: [GC (Allocation Failure) [PSYoungGen: 450880K->143808K(520192K)] 1592617K->1389822K(1918464K), 0.0530488 secs] [Times: user=0.31 sys=0.00, real=0.06 secs] 
5262.087: [Full GC (Ergonomics) [PSYoungGen: 143808K->0K(520192K)] [ParOldGen: 1246014K->186947K(1398272K)] 1389822K->186947K(1918464K), [Metaspace: 60617K->60617K(1105920K)], 0.4505691 secs] [Times: user=2.09 sys=0.01, real=0.45 secs] 
5263.889: [GC (Allocation Failure) [PSYoungGen: 343552K->106112K(520704K)] 530499K->293059K(1918976K), 0.0376376 secs] [Times: user=0.22 sys=0.00, real=0.04 secs] 
5265.296: [GC (Allocation Failure) [PSYoungGen: 449152K->142048K(520192K)] 636099K->431640K(1918464K), 0.0512056 secs] [Times: user=0.30 sys=0.00, real=0.06 secs] 
5267.010: [GC (Allocation Failure) [PSYoungGen: 485088K->107008K(518656K)] 774680K->529592K(1916928K), 0.0808508 secs] [Times: user=0.48 sys=0.00, real=0.08 secs] 
5267.740: [GC (Allocation Failure) [PSYoungGen: 450560K->146688K(519680K)] 873144K->672221K(1917952K), 0.0526510 secs] [Times: user=0.31 sys=0.00, real=0.05 secs] 
5269.095: [GC (Allocation Failure) [PSYoungGen: 490240K->105376K(521216K)] 1015773K->768721K(1919488K), 0.1046676 secs] [Times: user=0.62 sys=0.00, real=0.11 secs] 
5270.664: [GC (Allocation Failure) [PSYoungGen: 447392K->144768K(486912K)] 1110737K->910066K(1885184K), 0.0518754 secs] [Times: user=0.31 sys=0.00, real=0.06 secs] 
5272.403: [GC (Allocation Failure) [PSYoungGen: 486784K->106112K(520704K)] 1252082K->1007498K(1918976K), 0.0989436 secs] [Times: user=0.59 sys=0.00, real=0.10 secs] 
5273.311: [GC (Allocation Failure) [PSYoungGen: 447104K->144192K(485376K)] 1348490K->1147003K(1883648K), 0.0521056 secs] [Times: user=0.31 sys=0.00, real=0.05 secs] 
5274.779: [GC (Allocation Failure) [PSYoungGen: 485184K->107328K(520704K)] 1487995K->1245179K(1918976K), 0.0690257 secs] [Times: user=0.41 sys=0.00, real=0.07 secs] 
5275.731: [GC (Allocation Failure) [PSYoungGen: 447808K->144640K(518656K)] 1585659K->1386280K(1916928K), 0.0529050 secs] [Times: user=0.31 sys=0.00, real=0.05 secs] 
5275.784: [Full GC (Ergonomics) [PSYoungGen: 144640K->0K(518656K)] [ParOldGen: 1241640K->184111K(1398272K)] 1386280K->184111K(1916928K), [Metaspace: 60617K->60617K(1105920K)], 0.4469313 secs] [Times: user=2.08 sys=0.00, real=0.45 secs] 
5277.577: [GC (Allocation Failure) [PSYoungGen: 340480K->105856K(518656K)] 524591K->289967K(1916928K), 0.0356604 secs] [Times: user=0.20 sys=0.00, real=0.03 secs] 
5278.795: [GC (Allocation Failure) [PSYoungGen: 446336K->142624K(518656K)] 630447K->426796K(1916928K), 0.0514171 secs] [Times: user=0.30 sys=0.00, real=0.06 secs] 
5280.204: [GC (Allocation Failure) [PSYoungGen: 483104K->106528K(518144K)] 767276K->524052K(1916416K), 0.0950466 secs] [Times: user=0.56 sys=0.00, real=0.10 secs] 
5281.769: [GC (Allocation Failure) [PSYoungGen: 447520K->140864K(518656K)] 865044K->662665K(1916928K), 0.0522753 secs] [Times: user=0.31 sys=0.00, real=0.05 secs] 
5283.086: [GC (GCLocker Initiated GC) [PSYoungGen: 481856K->108960K(517120K)] 1003657K->762393K(1915392K), 0.0641961 secs] [Times: user=0.38 sys=0.00, real=0.07 secs] 
5285.052: [GC (Allocation Failure) [PSYoungGen: 451488K->139456K(518656K)] 1104960K->898964K(1916928K), 0.0537242 secs] [Times: user=0.32 sys=0.00, real=0.05 secs] 
5286.405: [GC (Allocation Failure) [PSYoungGen: 481984K->108960K(519168K)] 1241492K->998613K(1917440K), 0.0650201 secs] [Times: user=0.38 sys=0.01, real=0.07 secs] 
5287.245: [GC (Allocation Failure) [PSYoungGen: 455072K->143616K(520704K)] 1344725K->1139744K(1918976K), 0.0540773 secs] [Times: user=0.32 sys=0.00, real=0.06 secs] 
5288.695: [GC (Allocation Failure) [PSYoungGen: 489728K->108640K(522240K)] 1485856K->1239144K(1920512K), 0.0814863 secs] [Times: user=0.48 sys=0.00, real=0.09 secs] 
5290.881: [GC (Allocation Failure) [PSYoungGen: 456288K->143424K(522240K)] 1586792K->1379549K(1920512K), 0.0547148 secs] [Times: user=0.32 sys=0.00, real=0.05 secs] 
5290.935: [Full GC (Ergonomics) [PSYoungGen: 143424K->0K(522240K)] [ParOldGen: 1236125K->178844K(1398272K)] 1379549K->178844K(1920512K), [Metaspace: 60617K->60617K(1105920K)], 0.4370017 secs] [Times: user=2.04 sys=0.00, real=0.44 secs] 
5292.655: [GC (Allocation Failure) [PSYoungGen: 347648K->111776K(521216K)] 526492K->290620K(1919488K), 0.0584837 secs] [Times: user=0.35 sys=0.00, real=0.06 secs] 
5294.180: [GC (Allocation Failure) [PSYoungGen: 459424K->142432K(521728K)] 638268K->427563K(1920000K), 0.0536985 secs] [Times: user=0.32 sys=0.00, real=0.05 secs] 
5295.897: [GC (Allocation Failure) [PSYoungGen: 490080K->110496K(522240K)] 775211K->529320K(1920512K), 0.1033706 secs] [Times: user=0.61 sys=0.00, real=0.10 secs] 
5297.554: [GC (Allocation Failure) [PSYoungGen: 459680K->144416K(522752K)] 878504K->670044K(1921024K), 0.0536523 secs] [Times: user=0.32 sys=0.00, real=0.06 secs] 
5299.140: [GC (Allocation Failure) [PSYoungGen: 493600K->110560K(522752K)] 1019228K->771537K(1921024K), 0.0874980 secs] [Times: user=0.52 sys=0.00, real=0.09 secs] 
5300.020: [GC (Allocation Failure) [PSYoungGen: 459744K->147296K(496640K)] 1120721K->915233K(1894912K), 0.0547639 secs] [Times: user=0.33 sys=0.01, real=0.05 secs] 
5301.536: [GC (Allocation Failure) [PSYoungGen: 496480K->108160K(523264K)] 1264417K->1014361K(1921536K), 0.1465977 secs] [Times: user=0.87 sys=0.01, real=0.14 secs] 
5302.699: [GC (Allocation Failure) [PSYoungGen: 454272K->145696K(492032K)] 1360473K->1155678K(1890304K), 0.0538266 secs] [Times: user=0.32 sys=0.00, real=0.05 secs] 
5304.363: [GC (GCLocker Initiated GC) [PSYoungGen: 491808K->106880K(522240K)] 1501790K->1253738K(1920512K), 0.1046112 secs] [Times: user=0.62 sys=0.00, real=0.11 secs] 
5305.616: [GC (Allocation Failure) [PSYoungGen: 450944K->143616K(520704K)] 1597805K->1393282K(1918976K), 0.0525630 secs] [Times: user=0.31 sys=0.00, real=0.05 secs] 
5305.669: [Full GC (Ergonomics) [PSYoungGen: 143616K->0K(520704K)] [ParOldGen: 1249666K->191384K(1398272K)] 1393282K->191384K(1918976K), [Metaspace: 60617K->60617K(1105920K)], 0.4579699 secs] [Times: user=2.14 sys=0.00, real=0.46 secs] 
5307.621: [GC (Allocation Failure) [PSYoungGen: 344064K->108480K(519680K)] 535448K->299864K(1917952K), 0.0651330 secs] [Times: user=0.38 sys=0.00, real=0.07 secs] 
5309.366: [GC (Allocation Failure) [PSYoungGen: 452544K->141216K(520192K)] 643928K->436933K(1918464K), 0.0514243 secs] [Times: user=0.30 sys=0.00, real=0.05 secs] 
5310.751: [GC (Allocation Failure) [PSYoungGen: 485280K->110496K(519680K)] 780997K->538253K(1917952K), 0.0662294 secs] [Times: user=0.40 sys=0.00, real=0.07 secs] 
5311.448: [GC (Allocation Failure) [PSYoungGen: 456096K->145472K(520704K)] 883853K->680114K(1918976K), 0.0532951 secs] [Times: user=0.31 sys=0.00, real=0.05 secs] 
5313.436: [GC (Allocation Failure) [PSYoungGen: 491072K->105344K(522752K)] 1025714K->776606K(1921024K), 0.1615367 secs] [Times: user=0.95 sys=0.01, real=0.16 secs] 
5314.771: [GC (Allocation Failure) [PSYoungGen: 450944K->145344K(491008K)] 1122206K->918414K(1889280K), 0.0521094 secs] [Times: user=0.31 sys=0.00, real=0.05 secs] 
5316.822: [GC (Allocation Failure) [PSYoungGen: 490944K->105824K(521728K)] 1264014K->1015678K(1920000K), 0.1181205 secs] [Times: user=0.70 sys=0.00, real=0.12 secs] 
5317.648: [GC (GCLocker Initiated GC) [PSYoungGen: 448864K->143232K(520192K)] 1358719K->1155331K(1918464K), 0.0530576 secs] [Times: user=0.32 sys=0.00, real=0.05 secs] 
5319.071: [GC (GCLocker Initiated GC) [PSYoungGen: 486272K->107392K(519168K)] 1498374K->1253598K(1917440K), 0.0659337 secs] [Times: user=0.39 sys=0.00, real=0.07 secs] 
5320.135: [GC (Allocation Failure) [PSYoungGen: 450432K->144352K(519680K)] 1596677K->1393834K(1917952K), 0.0528880 secs] [Times: user=0.31 sys=0.00, real=0.06 secs] 
5320.188: [Full GC (Ergonomics) [PSYoungGen: 144352K->0K(519680K)] [ParOldGen: 1249481K->192446K(1398272K)] 1393834K->192446K(1917952K), [Metaspace: 60617K->59714K(1105920K)], 0.4755830 secs] [Times: user=2.19 sys=0.00, real=0.47 secs] 
5322.274: [GC (GCLocker Initiated GC) [PSYoungGen: 343040K->103296K(521216K)] 535487K->295743K(1919488K), 0.0427367 secs] [Times: user=0.24 sys=0.00, real=0.05 secs] 
5323.814: [GC (Allocation Failure) [PSYoungGen: 445824K->143360K(486400K)] 638273K->435166K(1884672K), 0.0500772 secs] [Times: user=0.29 sys=0.00, real=0.05 secs] 
5325.645: [GC (GCLocker Initiated GC) [PSYoungGen: 485888K->105216K(521216K)] 777694K->531454K(1919488K), 0.1510003 secs] [Times: user=0.89 sys=0.01, real=0.15 secs] 
5326.471: [GC (Allocation Failure) [PSYoungGen: 447232K->143040K(519680K)] 873472K->670664K(1917952K), 0.0515262 secs] [Times: user=0.31 sys=0.00, real=0.05 secs] 
5328.735: [GC (GCLocker Initiated GC) [PSYoungGen: 485056K->105824K(519680K)] 1012680K->766876K(1917952K), 0.0822932 secs] [Times: user=0.48 sys=0.01, real=0.09 secs] 
5330.148: [GC (Allocation Failure) [PSYoungGen: 447840K->150912K(493056K)] 1108899K->914120K(1891328K), 0.0975887 secs] [Times: user=0.56 sys=0.00, real=0.09 secs] 
5331.542: [GC (Allocation Failure) [PSYoungGen: 492928K->109792K(519680K)] 1256136K->1006280K(1917952K), 0.0654040 secs] [Times: user=0.39 sys=0.00, real=0.07 secs] 
5333.295: [GC (GCLocker Initiated GC) [PSYoungGen: 447200K->137664K(475136K)] 1343688K->1140197K(1873408K), 0.0544810 secs] [Times: user=0.31 sys=0.00, real=0.06 secs] 
5334.607: [GC (Allocation Failure) [PSYoungGen: 475072K->106944K(518144K)] 1477644K->1237868K(1916416K), 0.0648664 secs] [Times: user=0.38 sys=0.00, real=0.06 secs] 
5335.433: [GC (Allocation Failure) [PSYoungGen: 446400K->142272K(516096K)] 1577324K->1377939K(1914368K), 0.0545386 secs] [Times: user=0.32 sys=0.00, real=0.06 secs] 
5335.488: [Full GC (Ergonomics) [PSYoungGen: 142272K->0K(516096K)] [ParOldGen: 1235667K->178650K(1398272K)] 1377939K->178650K(1914368K), [Metaspace: 59714K->59709K(1105920K)], 0.4238235 secs] [Times: user=1.96 sys=0.00, real=0.42 secs] 
5337.136: [GC (Allocation Failure) [PSYoungGen: 339456K->102112K(521216K)] 518106K->280762K(1919488K), 0.0505851 secs] [Times: user=0.30 sys=0.00, real=0.06 secs] 
5338.502: [GC (Allocation Failure) [PSYoungGen: 445664K->143456K(487424K)] 624314K->421447K(1885696K), 0.0516528 secs] [Times: user=0.30 sys=0.00, real=0.05 secs] 
5339.822: [GC (Allocation Failure) [PSYoungGen: 487008K->108224K(522240K)] 764999K->520719K(1920512K), 0.0639083 secs] [Times: user=0.38 sys=0.00, real=0.06 secs] 
5341.494: [GC (GCLocker Initiated GC) [PSYoungGen: 451264K->138944K(519680K)] 863759K->657279K(1917952K), 0.0526307 secs] [Times: user=0.31 sys=0.00, real=0.06 secs] 
5343.490: [GC (Allocation Failure) [PSYoungGen: 481984K->107424K(520192K)] 1000322K->755898K(1918464K), 0.0904689 secs] [Times: user=0.54 sys=0.01, real=0.09 secs] 
5344.411: [GC (Allocation Failure) [PSYoungGen: 452512K->142720K(520192K)] 1100986K->896303K(1918464K), 0.0533846 secs] [Times: user=0.32 sys=0.00, real=0.05 secs] 
5345.764: [GC (Allocation Failure) [PSYoungGen: 487808K->108160K(520704K)] 1241391K->995247K(1918976K), 0.0648164 secs] [Times: user=0.38 sys=0.00, real=0.07 secs] 
5346.684: [GC (Allocation Failure) [PSYoungGen: 454784K->145248K(521216K)] 1341871K->1138352K(1919488K), 0.0532423 secs] [Times: user=0.32 sys=0.00, real=0.06 secs] 
5348.018: [GC (Allocation Failure) [PSYoungGen: 491872K->108864K(522240K)] 1484976K->1238224K(1920512K), 0.0649956 secs] [Times: user=0.39 sys=0.00, real=0.06 secs] 
5348.905: [GC (Allocation Failure) [PSYoungGen: 454464K->144832K(521216K)] 1583824K->1381222K(1919488K), 0.0559821 secs] [Times: user=0.33 sys=0.00, real=0.06 secs] 
5348.961: [Full GC (Ergonomics) [PSYoungGen: 144832K->0K(521216K)] [ParOldGen: 1236390K->179009K(1398272K)] 1381222K->179009K(1919488K), [Metaspace: 59709K->59709K(1105920K)], 0.4336612 secs] [Times: user=2.01 sys=0.00, real=0.43 secs] 
5351.142: [GC (Allocation Failure) [PSYoungGen: 345600K->104736K(522240K)] 524609K->283745K(1920512K), 0.0338485 secs] [Times: user=0.20 sys=0.00, real=0.04 secs] 
5352.110: [GC (Allocation Failure) [PSYoungGen: 449312K->152832K(497664K)] 628321K->434234K(1895936K), 0.0524415 secs] [Times: user=0.31 sys=0.00, real=0.05 secs] 
5353.818: [GC (Allocation Failure) [PSYoungGen: 497408K->107552K(519168K)] 778810K->524858K(1917440K), 0.0653356 secs] [Times: user=0.39 sys=0.00, real=0.06 secs] 
5355.934: [GC (Allocation Failure) [PSYoungGen: 444960K->136384K(474112K)] 862266K->658311K(1872384K), 0.0520812 secs] [Times: user=0.31 sys=0.00, real=0.06 secs] 
5357.297: [GC (Allocation Failure) [PSYoungGen: 473792K->107264K(518144K)] 995719K->756119K(1916416K), 0.0856801 secs] [Times: user=0.51 sys=0.00, real=0.08 secs] 
5358.934: [GC (Allocation Failure) [PSYoungGen: 446720K->138464K(516096K)] 1095575K->891891K(1914368K), 0.0524653 secs] [Times: user=0.31 sys=0.00, real=0.06 secs] 
5360.271: [GC (Allocation Failure) [PSYoungGen: 477920K->107680K(520192K)] 1231347K->990235K(1918464K), 0.0656280 secs] [Times: user=0.39 sys=0.00, real=0.07 secs] 
5361.184: [GC (Allocation Failure) [PSYoungGen: 453280K->142016K(520192K)] 1335835K->1129840K(1918464K), 0.0537065 secs] [Times: user=0.31 sys=0.01, real=0.06 secs] 
5362.577: [GC (Allocation Failure) [PSYoungGen: 487616K->109344K(521728K)] 1475440K->1229904K(1920000K), 0.0657834 secs] [Times: user=0.39 sys=0.00, real=0.06 secs] 
5363.563: [GC (Allocation Failure) [PSYoungGen: 457504K->144992K(522240K)] 1578064K->1372716K(1920512K), 0.0552072 secs] [Times: user=0.32 sys=0.00, real=0.06 secs] 
5365.164: [GC (Allocation Failure) [PSYoungGen: 493152K->106848K(523264K)] 1720876K->1470548K(1921536K), 0.0804825 secs] [Times: user=0.48 sys=0.00, real=0.08 secs] 
5365.245: [Full GC (Ergonomics) [PSYoungGen: 106848K->0K(523264K)] [ParOldGen: 1363700K->31668K(1398272K)] 1470548K->31668K(1921536K), [Metaspace: 59716K->59716K(1105920K)], 0.0549750 secs] [Times: user=0.18 sys=0.00, real=0.06 secs] 
5366.777: [GC (Allocation Failure) [PSYoungGen: 347136K->143104K(490496K)] 378804K->174772K(1888768K), 0.0289501 secs] [Times: user=0.17 sys=0.00, real=0.02 secs] 
5368.086: [GC (Allocation Failure) [PSYoungGen: 490240K->111200K(524288K)] 521908K->276932K(1922560K), 0.0651011 secs] [Times: user=0.39 sys=0.00, real=0.07 secs] 
5369.564: [GC (Allocation Failure) [PSYoungGen: 458336K->141568K(521728K)] 624068K->415721K(1920000K), 0.0531341 secs] [Times: user=0.31 sys=0.01, real=0.06 secs] 
5370.889: [GC (Allocation Failure) [PSYoungGen: 488704K->111104K(521728K)] 762857K->517665K(1920000K), 0.0641294 secs] [Times: user=0.38 sys=0.00, real=0.06 secs] 
5371.728: [GC (Allocation Failure) [PSYoungGen: 459776K->144736K(522240K)] 866337K->659693K(1920512K), 0.0540603 secs] [Times: user=0.32 sys=0.00, real=0.05 secs] 
5373.069: [GC (Allocation Failure) [PSYoungGen: 493408K->109152K(523264K)] 1008365K->759581K(1921536K), 0.0653729 secs] [Times: user=0.39 sys=0.00, real=0.06 secs] 
5374.379: [GC (GCLocker Initiated GC) [PSYoungGen: 457824K->147648K(496640K)] 1108255K->904620K(1894912K), 0.0550949 secs] [Times: user=0.32 sys=0.00, real=0.05 secs] 
5376.378: [GC (Allocation Failure) [PSYoungGen: 496320K->107264K(522752K)] 1253295K->1003415K(1921024K), 0.1044739 secs] [Times: user=0.62 sys=0.00, real=0.10 secs] 
5377.917: [GC (Allocation Failure) [PSYoungGen: 452352K->144064K(521216K)] 1348503K->1143132K(1919488K), 0.0528052 secs] [Times: user=0.31 sys=0.00, real=0.05 secs] 
5379.217: [GC (Allocation Failure) [PSYoungGen: 489152K->108832K(521216K)] 1488220K->1242952K(1919488K), 0.0648305 secs] [Times: user=0.38 sys=0.00, real=0.06 secs] 
5381.225: [GC (Allocation Failure) [PSYoungGen: 453920K->142560K(521216K)] 1588040K->1381560K(1919488K), 0.0527652 secs] [Times: user=0.31 sys=0.00, real=0.06 secs] 
5381.278: [Full GC (Ergonomics) [PSYoungGen: 142560K->0K(521216K)] [ParOldGen: 1239000K->184681K(1398272K)] 1381560K->184681K(1919488K), [Metaspace: 59716K->59716K(1105920K)], 0.4523955 secs] [Times: user=2.05 sys=0.00, real=0.45 secs] 
5382.956: [GC (Allocation Failure) [PSYoungGen: 345088K->105600K(521728K)] 529769K->290281K(1920000K), 0.0327562 secs] [Times: user=0.19 sys=0.00, real=0.03 secs] 
5384.319: [GC (Allocation Failure) [PSYoungGen: 451200K->144640K(490496K)] 635881K->431409K(1888768K), 0.0518700 secs] [Times: user=0.31 sys=0.00, real=0.05 secs] 
5385.659: [GC (Allocation Failure) [PSYoungGen: 490240K->106944K(522240K)] 777009K->529258K(1920512K), 0.0648874 secs] [Times: user=0.38 sys=0.00, real=0.06 secs] 
5386.556: [GC (Allocation Failure) [PSYoungGen: 451008K->144864K(488960K)] 873322K->670318K(1887232K), 0.0524377 secs] [Times: user=0.31 sys=0.00, real=0.06 secs] 
5387.895: [GC (Allocation Failure) [PSYoungGen: 488928K->108608K(522240K)] 1014382K->769598K(1920512K), 0.0648190 secs] [Times: user=0.38 sys=0.00, real=0.07 secs] 
5388.664: [GC (Allocation Failure) [PSYoungGen: 452160K->144320K(520192K)] 1113150K->910459K(1918464K), 0.0531043 secs] [Times: user=0.31 sys=0.00, real=0.06 secs] 
5390.061: [GC (Allocation Failure) [PSYoungGen: 487872K->105568K(520704K)] 1254011K->1007099K(1918976K), 0.0742223 secs] [Times: user=0.44 sys=0.00, real=0.07 secs] 
5391.182: [GC (Allocation Failure) [PSYoungGen: 448608K->145600K(488960K)] 1350139K->1149983K(1887232K), 0.0534179 secs] [Times: user=0.31 sys=0.00, real=0.05 secs] 
5392.862: [GC (Allocation Failure) [PSYoungGen: 488640K->103904K(520704K)] 1493023K->1245479K(1918976K), 0.1114782 secs] [Times: user=0.66 sys=0.01, real=0.11 secs] 
5394.298: [GC (Allocation Failure) [PSYoungGen: 444896K->143008K(519168K)] 1586471K->1384668K(1917440K), 0.0530433 secs] [Times: user=0.32 sys=0.00, real=0.05 secs] 
5394.351: [Full GC (Ergonomics) [PSYoungGen: 143008K->0K(519168K)] [ParOldGen: 1241659K->183044K(1398272K)] 1384668K->183044K(1917440K), [Metaspace: 59716K->59716K(1105920K)], 0.4384314 secs] [Times: user=2.04 sys=0.00, real=0.44 secs] 
5396.006: [GC (Allocation Failure) [PSYoungGen: 340992K->106080K(518144K)] 524036K->289124K(1916416K), 0.0330765 secs] [Times: user=0.20 sys=0.00, real=0.03 secs] 
5398.470: [GC (Allocation Failure) [PSYoungGen: 447072K->140224K(518656K)] 630116K->425521K(1916928K), 0.0517036 secs] [Times: user=0.31 sys=0.00, real=0.05 secs] 
5399.786: [GC (Allocation Failure) [PSYoungGen: 481216K->106496K(518144K)] 766513K->523005K(1916416K), 0.0643213 secs] [Times: user=0.38 sys=0.00, real=0.07 secs] 
5401.007: [GC (Allocation Failure) [PSYoungGen: 449024K->141568K(519168K)] 865533K->662294K(1917440K), 0.0528583 secs] [Times: user=0.31 sys=0.00, real=0.05 secs] 
5402.383: [GC (GCLocker Initiated GC) [PSYoungGen: 484096K->106688K(519168K)] 1004822K->760006K(1917440K), 0.0786225 secs] [Times: user=0.47 sys=0.00, real=0.08 secs] 
5403.886: [GC (Allocation Failure) [PSYoungGen: 451264K->149280K(494080K)] 1104585K->906830K(1892352K), 0.0537272 secs] [Times: user=0.32 sys=0.00, real=0.06 secs] 
5405.203: [GC (Allocation Failure) [PSYoungGen: 493856K->108448K(521216K)] 1251408K->997808K(1919488K), 0.0647851 secs] [Times: user=0.38 sys=0.00, real=0.07 secs] 
5406.075: [GC (Allocation Failure) [PSYoungGen: 449440K->142880K(518656K)] 1338800K->1138955K(1916928K), 0.0548261 secs] [Times: user=0.32 sys=0.00, real=0.06 secs] 
5407.395: [GC (Allocation Failure) [PSYoungGen: 483872K->105376K(519680K)] 1479947K->1235419K(1917952K), 0.0655923 secs] [Times: user=0.39 sys=0.00, real=0.07 secs] 
5409.373: [GC (Allocation Failure) [PSYoungGen: 447392K->142688K(519680K)] 1577435K->1375024K(1917952K), 0.0526979 secs] [Times: user=0.31 sys=0.00, real=0.05 secs] 
5410.712: [GC (Allocation Failure) [PSYoungGen: 484704K->108224K(517632K)] 1717040K->1474280K(1915904K), 0.0667439 secs] [Times: user=0.40 sys=0.00, real=0.07 secs] 
5410.779: [Full GC (Ergonomics) [PSYoungGen: 108224K->0K(517632K)] [ParOldGen: 1366056K->32031K(1398272K)] 1474280K->32031K(1915904K), [Metaspace: 59716K->59716K(1105920K)], 0.1061639 secs] [Times: user=0.45 sys=0.01, real=0.10 secs] 
5412.192: [GC (Allocation Failure) [PSYoungGen: 342016K->140736K(518656K)] 374047K->172767K(1916928K), 0.0285578 secs] [Times: user=0.16 sys=0.00, real=0.03 secs] 
5413.554: [GC (Allocation Failure) [PSYoungGen: 482752K->108224K(519168K)] 514783K->272031K(1917440K), 0.0641068 secs] [Times: user=0.38 sys=0.00, real=0.07 secs] 
5414.748: [GC (Allocation Failure) [PSYoungGen: 452800K->142432K(520192K)] 616607K->410940K(1918464K), 0.0524545 secs] [Times: user=0.30 sys=0.00, real=0.05 secs] 
5416.109: [GC (Allocation Failure) [PSYoungGen: 487008K->108640K(520704K)] 755516K->510472K(1918976K), 0.0644699 secs] [Times: user=0.38 sys=0.00, real=0.06 secs] 
5417.797: [GC (Allocation Failure) [PSYoungGen: 454752K->150272K(496640K)] 856584K->657781K(1894912K), 0.0539077 secs] [Times: user=0.32 sys=0.00, real=0.05 secs] 
5419.141: [GC (Allocation Failure) [PSYoungGen: 496384K->112416K(522240K)] 1003893K->751957K(1920512K), 0.0657516 secs] [Times: user=0.39 sys=0.00, real=0.07 secs] 
5420.268: [GC (Allocation Failure) [PSYoungGen: 454944K->141632K(519168K)] 1094485K->890953K(1917440K), 0.0541061 secs] [Times: user=0.32 sys=0.00, real=0.05 secs] 
5421.613: [GC (Allocation Failure) [PSYoungGen: 484160K->107424K(520704K)] 1233481K->989369K(1918976K), 0.0641603 secs] [Times: user=0.38 sys=0.00, real=0.07 secs] 
5422.791: [GC (Allocation Failure) [PSYoungGen: 451488K->142048K(520192K)] 1333433K->1129865K(1918464K), 0.0528031 secs] [Times: user=0.31 sys=0.00, real=0.05 secs] 
5424.136: [GC (Allocation Failure) [PSYoungGen: 486112K->110144K(519680K)] 1473929K->1231097K(1917952K), 0.0646185 secs] [Times: user=0.38 sys=0.00, real=0.07 secs] 
5426.523: [GC (Allocation Failure) [PSYoungGen: 455744K->140416K(520704K)] 1576697K->1368742K(1918976K), 0.0535945 secs] [Times: user=0.32 sys=0.00, real=0.06 secs] 
5427.876: [GC (Allocation Failure) [PSYoungGen: 486016K->108800K(521216K)] 1714342K->1468610K(1919488K), 0.0983970 secs] [Times: user=0.58 sys=0.00, real=0.09 secs] 
5427.975: [Full GC (Ergonomics) [PSYoungGen: 108800K->0K(521216K)] [ParOldGen: 1359810K->34967K(1398272K)] 1468610K->34967K(1919488K), [Metaspace: 59716K->59716K(1105920K)], 0.0753483 secs] [Times: user=0.29 sys=0.00, real=0.08 secs] 
5428.985: [GC (Allocation Failure) [PSYoungGen: 348160K->143808K(522240K)] 383127K->178775K(1920512K), 0.0288635 secs] [Times: user=0.17 sys=0.00, real=0.03 secs] 
5430.393: [GC (Allocation Failure) [PSYoungGen: 491968K->110176K(522752K)] 526935K->279871K(1921024K), 0.0747425 secs] [Times: user=0.45 sys=0.00, real=0.08 secs] 
5432.035: [GC (Allocation Failure) [PSYoungGen: 458848K->143680K(522752K)] 628543K->420900K(1921024K), 0.0534489 secs] [Times: user=0.31 sys=0.00, real=0.06 secs] 
5434.002: [GC (Allocation Failure) [PSYoungGen: 492352K->108288K(522752K)] 769572K->520556K(1921024K), 0.0871322 secs] [Times: user=0.52 sys=0.00, real=0.09 secs] 
5435.785: [GC (Allocation Failure) [PSYoungGen: 456960K->145376K(494080K)] 869228K->662329K(1892352K), 0.0527281 secs] [Times: user=0.31 sys=0.00, real=0.06 secs] 
5437.601: [GC (Allocation Failure) [PSYoungGen: 494048K->108672K(523776K)] 1011001K->762369K(1922048K), 0.0649709 secs] [Times: user=0.38 sys=0.00, real=0.06 secs] 
5439.047: [GC (Allocation Failure) [PSYoungGen: 455808K->143424K(522240K)] 1109505K->902030K(1920512K), 0.0527713 secs] [Times: user=0.31 sys=0.00, real=0.05 secs] 
5440.847: [GC (Allocation Failure) [PSYoungGen: 490560K->109760K(521216K)] 1249166K->1002642K(1919488K), 0.0928925 secs] [Times: user=0.55 sys=0.00, real=0.09 secs] 
5442.466: [GC (Allocation Failure) [PSYoungGen: 456896K->143936K(521728K)] 1349778K->1142486K(1920000K), 0.0536829 secs] [Times: user=0.31 sys=0.00, real=0.05 secs] 
5444.139: [GC (Allocation Failure) [PSYoungGen: 491072K->108192K(522752K)] 1489622K->1241491K(1921024K), 0.1206246 secs] [Times: user=0.71 sys=0.00, real=0.12 secs] 
5445.249: [GC (Allocation Failure) [PSYoungGen: 455328K->144352K(491520K)] 1588627K->1381823K(1889792K), 0.0534267 secs] [Times: user=0.32 sys=0.00, real=0.05 secs] 
5445.302: [Full GC (Ergonomics) [PSYoungGen: 144352K->0K(491520K)] [ParOldGen: 1237471K->186313K(1398272K)] 1381823K->186313K(1889792K), [Metaspace: 59716K->59716K(1105920K)], 0.4543279 secs] [Times: user=2.11 sys=0.00, real=0.46 secs] 
5446.991: [GC (GCLocker Initiated GC) [PSYoungGen: 347136K->109504K(523776K)] 533449K->295817K(1922048K), 0.0328392 secs] [Times: user=0.19 sys=0.00, real=0.03 secs] 
5447.710: [GC (Allocation Failure) [PSYoungGen: 456128K->145280K(492032K)] 642444K->437320K(1890304K), 0.0522494 secs] [Times: user=0.30 sys=0.00, real=0.05 secs] 
5449.372: [GC (Allocation Failure) [PSYoungGen: 491904K->109408K(523264K)] 783944K->537000K(1921536K), 0.1198902 secs] [Times: user=0.71 sys=0.01, real=0.12 secs] 
5450.418: [GC (GCLocker Initiated GC) [PSYoungGen: 455008K->144832K(521216K)] 882602K->678983K(1919488K), 0.0528213 secs] [Times: user=0.32 sys=0.00, real=0.05 secs] 
5452.173: [GC (Allocation Failure) [PSYoungGen: 490432K->106656K(521728K)] 1024620K->777260K(1920000K), 0.0774070 secs] [Times: user=0.46 sys=0.00, real=0.08 secs] 
5452.781: [GC (Allocation Failure) [PSYoungGen: 451744K->147104K(492544K)] 1122348K->921137K(1890816K), 0.0523578 secs] [Times: user=0.31 sys=0.00, real=0.05 secs] 
5454.718: [GC (GCLocker Initiated GC) [PSYoungGen: 492192K->103648K(520704K)] 1266227K->1016255K(1918976K), 0.1358637 secs] [Times: user=0.81 sys=0.00, real=0.13 secs] 
5456.603: [GC (Allocation Failure) [PSYoungGen: 445152K->142944K(484864K)] 1357762K->1154551K(1883136K), 0.0502696 secs] [Times: user=0.30 sys=0.00, real=0.05 secs] 
5458.409: [GC (Allocation Failure) [PSYoungGen: 484448K->107712K(521216K)] 1496055K->1253415K(1919488K), 0.1017784 secs] [Times: user=0.60 sys=0.01, real=0.10 secs] 
5460.477: [GC (Allocation Failure) [PSYoungGen: 449216K->139136K(519168K)] 1594919K->1388755K(1917440K), 0.0524156 secs] [Times: user=0.31 sys=0.00, real=0.05 secs] 
5460.529: [Full GC (Ergonomics) [PSYoungGen: 139136K->0K(519168K)] [ParOldGen: 1249619K->186147K(1398272K)] 1388755K->186147K(1917440K), [Metaspace: 59716K->59716K(1105920K)], 0.4544854 secs] [Times: user=2.13 sys=0.00, real=0.45 secs] 
5462.197: [GC (Allocation Failure) [PSYoungGen: 341504K->107456K(519168K)] 527651K->293603K(1917440K), 0.0330148 secs] [Times: user=0.20 sys=0.00, real=0.03 secs] 
5463.349: [GC (Allocation Failure) [PSYoungGen: 451008K->150752K(494592K)] 637155K->440940K(1892864K), 0.0525660 secs] [Times: user=0.31 sys=0.00, real=0.05 secs] 
5465.822: [GC (Allocation Failure) [PSYoungGen: 494304K->106144K(520192K)] 784492K->529892K(1918464K), 0.0852483 secs] [Times: user=0.51 sys=0.00, real=0.09 secs] 
5467.074: [GC (Allocation Failure) [PSYoungGen: 446112K->141216K(518656K)] 869860K->667668K(1916928K), 0.0526532 secs] [Times: user=0.31 sys=0.00, real=0.06 secs] 
5468.886: [GC (Allocation Failure) [PSYoungGen: 481184K->106720K(517120K)] 1007636K->765380K(1915392K), 0.0655168 secs] [Times: user=0.39 sys=0.00, real=0.07 secs] 
5470.071: [GC (Allocation Failure) [PSYoungGen: 447712K->144736K(518144K)] 1106372K->906296K(1916416K), 0.0533667 secs] [Times: user=0.32 sys=0.00, real=0.05 secs] 
5471.474: [GC (Allocation Failure) [PSYoungGen: 485728K->104480K(520192K)] 1247288K->1001952K(1918464K), 0.0650972 secs] [Times: user=0.39 sys=0.00, real=0.07 secs] 
5472.740: [GC (Allocation Failure) [PSYoungGen: 445472K->142976K(519168K)] 1342944K->1142317K(1917440K), 0.0532799 secs] [Times: user=0.32 sys=0.00, real=0.05 secs] 
5474.046: [GC (Allocation Failure) [PSYoungGen: 483968K->106944K(518144K)] 1483309K->1240445K(1916416K), 0.0656199 secs] [Times: user=0.39 sys=0.00, real=0.06 secs] 
5476.150: [GC (Allocation Failure) [PSYoungGen: 447936K->138688K(518656K)] 1581437K->1376665K(1916928K), 0.0535464 secs] [Times: user=0.31 sys=0.00, real=0.05 secs] 
5476.203: [Full GC (Ergonomics) [PSYoungGen: 138688K->0K(518656K)] [ParOldGen: 1237977K->174713K(1398272K)] 1376665K->174713K(1916928K), [Metaspace: 59716K->59696K(1105920K)], 0.4279886 secs] [Times: user=1.97 sys=0.00, real=0.43 secs] 
5477.858: [GC (Allocation Failure) [PSYoungGen: 340992K->110336K(516096K)] 515705K->285049K(1914368K), 0.0353982 secs] [Times: user=0.20 sys=0.00, real=0.03 secs] 
5479.149: [GC (Allocation Failure) [PSYoungGen: 453888K->140896K(518656K)] 628601K->423142K(1916928K), 0.0536930 secs] [Times: user=0.31 sys=0.00, real=0.05 secs] 
5480.512: [GC (Allocation Failure) [PSYoungGen: 484448K->109312K(520704K)] 766694K->523138K(1918976K), 0.0644123 secs] [Times: user=0.38 sys=0.00, real=0.07 secs] 
5481.394: [GC (Allocation Failure) [PSYoungGen: 456960K->144320K(521728K)] 870786K->664559K(1920000K), 0.0532656 secs] [Times: user=0.31 sys=0.00, real=0.06 secs] 
5482.719: [GC (Allocation Failure) [PSYoungGen: 491968K->113216K(521216K)] 1012207K->768699K(1919488K), 0.0656457 secs] [Times: user=0.39 sys=0.00, real=0.06 secs] 
5484.397: [GC (Allocation Failure) [PSYoungGen: 461376K->145248K(521728K)] 1116859K->906096K(1920000K), 0.0528829 secs] [Times: user=0.31 sys=0.00, real=0.05 secs] 
5485.720: [GC (Allocation Failure) [PSYoungGen: 493408K->109120K(523776K)] 1254256K->1006312K(1922048K), 0.0645471 secs] [Times: user=0.39 sys=0.00, real=0.06 secs] 
5487.713: [GC (Allocation Failure) [PSYoungGen: 457280K->145120K(493568K)] 1354472K->1147583K(1891840K), 0.0533344 secs] [Times: user=0.31 sys=0.00, real=0.06 secs] 
5489.023: [GC (Allocation Failure) [PSYoungGen: 493280K->109024K(523776K)] 1495743K->1247743K(1922048K), 0.0652579 secs] [Times: user=0.39 sys=0.00, real=0.07 secs] 
5490.368: [GC (Allocation Failure) [PSYoungGen: 455648K->143456K(521728K)] 1594367K->1387938K(1920000K), 0.0539396 secs] [Times: user=0.31 sys=0.00, real=0.05 secs] 
5490.422: [Full GC (Ergonomics) [PSYoungGen: 143456K->0K(521728K)] [ParOldGen: 1244482K->186359K(1398272K)] 1387938K->186359K(1920000K), [Metaspace: 59696K->59696K(1105920K)], 0.4551993 secs] [Times: user=2.12 sys=0.00, real=0.46 secs] 
5492.424: [GC (Allocation Failure) [PSYoungGen: 346624K->109984K(521216K)] 532983K->296343K(1919488K), 0.0408342 secs] [Times: user=0.24 sys=0.00, real=0.04 secs] 
5494.103: [GC (Allocation Failure) [PSYoungGen: 457120K->143968K(521728K)] 643483K->436552K(1920000K), 0.0519834 secs] [Times: user=0.31 sys=0.00, real=0.05 secs] 
5495.839: [GC (Allocation Failure) [PSYoungGen: 491104K->106080K(523264K)] 783688K->533668K(1921536K), 0.1105570 secs] [Times: user=0.66 sys=0.00, real=0.11 secs] 
5496.692: [GC (Allocation Failure) [PSYoungGen: 452704K->145920K(493056K)] 880292K->675560K(1891328K), 0.0515557 secs] [Times: user=0.31 sys=0.00, real=0.05 secs] 
5498.093: [GC (Allocation Failure) [PSYoungGen: 492544K->109504K(522752K)] 1022184K->776045K(1921024K), 0.0666135 secs] [Times: user=0.39 sys=0.01, real=0.07 secs] 
5499.066: [GC (Allocation Failure) [PSYoungGen: 454080K->144064K(520704K)] 1120621K->915777K(1918976K), 0.0531576 secs] [Times: user=0.31 sys=0.00, real=0.05 secs] 
5500.633: [GC (Allocation Failure) [PSYoungGen: 488640K->107872K(521216K)] 1260353K->1014457K(1919488K), 0.1456789 secs] [Times: user=0.86 sys=0.00, real=0.15 secs] 
5501.531: [GC (Allocation Failure) [PSYoungGen: 452960K->145696K(491008K)] 1359545K->1156142K(1889280K), 0.0531941 secs] [Times: user=0.32 sys=0.00, real=0.05 secs] 
5503.226: [GC (Allocation Failure) [PSYoungGen: 490784K->107616K(521728K)] 1501230K->1254694K(1920000K), 0.1328415 secs] [Times: user=0.79 sys=0.00, real=0.14 secs] 
5504.521: [GC (Allocation Failure) [PSYoungGen: 450656K->142976K(520192K)] 1597734K->1393363K(1918464K), 0.0568674 secs] [Times: user=0.30 sys=0.00, real=0.06 secs] 
5504.578: [Full GC (Ergonomics) [PSYoungGen: 142976K->0K(520192K)] [ParOldGen: 1250387K->192255K(1398272K)] 1393363K->192255K(1918464K), [Metaspace: 59696K->59696K(1105920K)], 0.4684131 secs] [Times: user=2.12 sys=0.00, real=0.47 secs] 
5506.264: [GC (Allocation Failure) [PSYoungGen: 343040K->106208K(519680K)] 535295K->298464K(1917952K), 0.0323307 secs] [Times: user=0.19 sys=0.00, real=0.04 secs] 
5507.673: [GC (Allocation Failure) [PSYoungGen: 449760K->144416K(520192K)] 642016K->438784K(1918464K), 0.0503975 secs] [Times: user=0.29 sys=0.00, real=0.05 secs] 
5509.141: [GC (GCLocker Initiated GC) [PSYoungGen: 487968K->108064K(520192K)] 782336K->538217K(1918464K), 0.0923197 secs] [Times: user=0.54 sys=0.00, real=0.09 secs] 
5509.908: [GC (GCLocker Initiated GC) [PSYoungGen: 451616K->146112K(489984K)] 881771K->680740K(1888256K), 0.0524799 secs] [Times: user=0.31 sys=0.00, real=0.05 secs] 
5511.833: [GC (Allocation Failure) [PSYoungGen: 489664K->104128K(520704K)] 1024330K->776282K(1918976K), 0.1153432 secs] [Times: user=0.68 sys=0.01, real=0.12 secs] 
5512.624: [GC (Allocation Failure) [PSYoungGen: 445120K->145856K(486912K)] 1117274K->917755K(1885184K), 0.0512137 secs] [Times: user=0.31 sys=0.00, real=0.05 secs] 
5514.410: [GC (Allocation Failure) [PSYoungGen: 486848K->105280K(519680K)] 1258747K->1014259K(1917952K), 0.1615718 secs] [Times: user=0.96 sys=0.01, real=0.16 secs] 
5515.429: [GC (Allocation Failure) [PSYoungGen: 444224K->143008K(518144K)] 1353203K->1152996K(1916416K), 0.0513840 secs] [Times: user=0.30 sys=0.00, real=0.05 secs] 
5517.213: [GC (Allocation Failure) [PSYoungGen: 481952K->104000K(517632K)] 1491940K->1248264K(1915904K), 0.1282792 secs] [Times: user=0.76 sys=0.00, real=0.13 secs] 
5518.526: [GC (Allocation Failure) [PSYoungGen: 443456K->142272K(518144K)] 1587720K->1386629K(1916416K), 0.0519895 secs] [Times: user=0.31 sys=0.00, real=0.06 secs] 
5518.578: [Full GC (Ergonomics) [PSYoungGen: 142272K->0K(518144K)] [ParOldGen: 1244357K->185310K(1398272K)] 1386629K->185310K(1916416K), [Metaspace: 59696K->59696K(1105920K)], 0.4550598 secs] [Times: user=2.12 sys=0.00, real=0.45 secs] 
5520.436: [GC (Allocation Failure) [PSYoungGen: 339456K->106080K(517632K)] 524766K->291390K(1915904K), 0.0327436 secs] [Times: user=0.20 sys=0.00, real=0.04 secs] 
5521.732: [GC (Allocation Failure) [PSYoungGen: 446048K->140832K(518144K)] 631358K->428459K(1916416K), 0.0511317 secs] [Times: user=0.30 sys=0.00, real=0.05 secs] 
5523.030: [GC (Allocation Failure) [PSYoungGen: 480800K->107104K(517120K)] 768427K->526439K(1915392K), 0.0635758 secs] [Times: user=0.38 sys=0.00, real=0.06 secs] 
5523.845: [GC (Allocation Failure) [PSYoungGen: 449120K->168384K(510464K)] 868455K->690724K(1908736K), 0.0538569 secs] [Times: user=0.31 sys=0.01, real=0.06 secs] 
5525.171: [GC (Allocation Failure) [PSYoungGen: 510400K->106912K(513024K)] 1032740K->764084K(1911296K), 0.0659085 secs] [Times: user=0.39 sys=0.00, real=0.07 secs] 
5526.805: [GC (GCLocker Initiated GC) [PSYoungGen: 432032K->134560K(459776K)] 1089204K->895297K(1858048K), 0.0517686 secs] [Times: user=0.30 sys=0.01, real=0.06 secs] 
5528.458: [GC (Allocation Failure) [PSYoungGen: 459680K->101088K(508928K)] 1220487K->987359K(1907200K), 0.0771864 secs] [Times: user=0.46 sys=0.00, real=0.07 secs] 
5529.726: [GC (Allocation Failure) [PSYoungGen: 427232K->140768K(507904K)] 1313503K->1126348K(1906176K), 0.0521995 secs] [Times: user=0.31 sys=0.00, real=0.05 secs] 
5531.455: [GC (Allocation Failure) [PSYoungGen: 466912K->108496K(512512K)] 1452492K->1217472K(1910784K), 0.0640279 secs] [Times: user=0.38 sys=0.00, real=0.07 secs] 
5532.618: [GC (Allocation Failure) [PSYoungGen: 443344K->129152K(514560K)] 1552320K->1345485K(1912832K), 0.0530393 secs] [Times: user=0.31 sys=0.00, real=0.05 secs] 
5535.019: [GC (Allocation Failure) [PSYoungGen: 464000K->117696K(514048K)] 1680333K->1453841K(1912320K), 0.0648502 secs] [Times: user=0.38 sys=0.00, real=0.06 secs] 
5535.083: [Full GC (Ergonomics) [PSYoungGen: 117696K->0K(514048K)] [ParOldGen: 1336145K->250706K(1398272K)] 1453841K->250706K(1912320K), [Metaspace: 59696K->59696K(1105920K)], 0.5545094 secs] [Times: user=2.37 sys=0.00, real=0.56 secs] 
5538.530: [GC (Allocation Failure) [PSYoungGen: 343552K->123264K(515584K)] 594258K->373970K(1913856K), 0.0259254 secs] [Times: user=0.15 sys=0.00, real=0.03 secs] 
5539.923: [GC (Allocation Failure) [PSYoungGen: 466816K->124768K(521728K)] 717522K->488526K(1920000K), 0.0626166 secs] [Times: user=0.38 sys=0.00, real=0.06 secs] 
5541.062: [GC (GCLocker Initiated GC) [PSYoungGen: 484192K->126656K(522752K)] 847950K->614991K(1921024K), 0.0563067 secs] [Times: user=0.33 sys=0.00, real=0.06 secs] 
5542.484: [GC (Allocation Failure) [PSYoungGen: 486080K->2144K(503808K)] 974417K->490573K(1902080K), 0.0021722 secs] [Times: user=0.01 sys=0.00, real=0.00 secs] 
5543.767: [GC (Allocation Failure) [PSYoungGen: 345696K->129696K(521216K)] 834125K->618833K(1919488K), 0.0265175 secs] [Times: user=0.15 sys=0.00, real=0.02 secs] 
5545.092: [GC (Allocation Failure) [PSYoungGen: 473248K->2208K(496640K)] 962385K->491345K(1894912K), 0.0020197 secs] [Times: user=0.01 sys=0.00, real=0.00 secs] 
5546.010: [GC (GCLocker Initiated GC) [PSYoungGen: 321184K->121536K(508928K)] 810323K->610675K(1907200K), 0.0247593 secs] [Times: user=0.14 sys=0.00, real=0.02 secs] 
5547.350: [GC (Allocation Failure) [PSYoungGen: 440512K->188384K(428544K)] 929652K->726740K(1826816K), 0.0655343 secs] [Times: user=0.37 sys=0.02, real=0.06 secs] 
5548.162: [GC (Allocation Failure) [PSYoungGen: 428512K->68320K(469504K)] 966868K->606784K(1867776K), 0.0275156 secs] [Times: user=0.15 sys=0.01, real=0.03 secs] 
5548.621: [GC (Allocation Failure) [PSYoungGen: 308448K->168000K(459776K)] 846912K->706504K(1858048K), 0.0331386 secs] [Times: user=0.19 sys=0.00, real=0.03 secs] 
5549.754: [GC (Allocation Failure) [PSYoungGen: 400960K->176256K(465920K)] 939464K->776071K(1864192K), 0.0592716 secs] [Times: user=0.35 sys=0.00, real=0.06 secs] 
5550.661: [GC (Allocation Failure) [PSYoungGen: 409216K->77696K(465920K)] 1009031K->853919K(1864192K), 0.0805340 secs] [Times: user=0.48 sys=0.01, real=0.08 secs] 
5551.043: [GC (Allocation Failure) [PSYoungGen: 310656K->103008K(336384K)] 1086879K->950996K(1734656K), 0.0432537 secs] [Times: user=0.26 sys=0.00, real=0.05 secs] 
5552.205: [GC (Allocation Failure) [PSYoungGen: 335968K->73024K(468992K)] 1183956K->1015508K(1867264K), 0.0514952 secs] [Times: user=0.30 sys=0.00, real=0.06 secs] 
5553.879: [GC (Allocation Failure) [PSYoungGen: 310080K->83232K(320512K)] 1252564K->1097916K(1718784K), 0.0557473 secs] [Times: user=0.32 sys=0.00, real=0.05 secs] 
5554.240: [GC (Allocation Failure) [PSYoungGen: 320288K->104640K(471040K)] 1334972K->1196829K(1869312K), 0.0456611 secs] [Times: user=0.27 sys=0.00, real=0.04 secs] 
5555.446: [GC (Allocation Failure) [PSYoungGen: 353984K->70432K(460800K)] 1446173K->1258785K(1859072K), 0.0512878 secs] [Times: user=0.30 sys=0.00, real=0.06 secs] 
5557.017: [GC (Allocation Failure) [PSYoungGen: 319776K->121248K(478720K)] 1508129K->1378538K(1876992K), 0.0398047 secs] [Times: user=0.24 sys=0.00, real=0.04 secs] 
5557.057: [Full GC (Ergonomics) [PSYoungGen: 121248K->0K(478720K)] [ParOldGen: 1257290K->114370K(1398272K)] 1378538K->114370K(1876992K), [Metaspace: 59696K->59696K(1105920K)], 0.2613218 secs] [Times: user=1.16 sys=0.00, real=0.26 secs] 
5557.662: [GC (Allocation Failure) [PSYoungGen: 270336K->123680K(474112K)] 384706K->238050K(1872384K), 0.0379200 secs] [Times: user=0.22 sys=0.00, real=0.04 secs] 
5559.308: [GC (Allocation Failure) [PSYoungGen: 394016K->66656K(488960K)] 508386K->304638K(1887232K), 0.1210702 secs] [Times: user=0.71 sys=0.01, real=0.12 secs] 
5560.272: [GC (Allocation Failure) [PSYoungGen: 355424K->120704K(486912K)] 593406K->421433K(1885184K), 0.0402627 secs] [Times: user=0.24 sys=0.00, real=0.04 secs] 
5561.630: [GC (Allocation Failure) [PSYoungGen: 409472K->92512K(494080K)] 710201K->504217K(1892352K), 0.0578981 secs] [Times: user=0.34 sys=0.00, real=0.06 secs] 
5563.474: [GC (Allocation Failure) [PSYoungGen: 398688K->118528K(494592K)] 810393K->621254K(1892864K), 0.0479255 secs] [Times: user=0.28 sys=0.00, real=0.05 secs] 
5564.769: [GC (Allocation Failure) [PSYoungGen: 424704K->127296K(507392K)] 927430K->739238K(1905664K), 0.0636960 secs] [Times: user=0.38 sys=0.00, real=0.06 secs] 
5566.296: [GC (Allocation Failure) [PSYoungGen: 445600K->93216K(507392K)] 1057543K->832406K(1905664K), 0.0659229 secs] [Times: user=0.39 sys=0.00, real=0.06 secs] 
5566.780: [GC (Allocation Failure) [PSYoungGen: 415776K->139456K(503808K)] 1154966K->965901K(1902080K), 0.0571401 secs] [Times: user=0.34 sys=0.00, real=0.06 secs] 
5568.628: [GC (Allocation Failure) [PSYoungGen: 463552K->88384K(508928K)] 1289997K->1054013K(1907200K), 0.0930940 secs] [Times: user=0.55 sys=0.00, real=0.09 secs] 
5569.184: [GC (Allocation Failure) [PSYoungGen: 412480K->142048K(506880K)] 1378109K->1190090K(1905152K), 0.0557504 secs] [Times: user=0.33 sys=0.00, real=0.06 secs] 
5570.748: [GC (GCLocker Initiated GC) [PSYoungGen: 468192K->89632K(512512K)] 1516234K->1279718K(1910784K), 0.1302243 secs] [Times: user=0.77 sys=0.00, real=0.13 secs] 
5571.317: [GC (Allocation Failure) [PSYoungGen: 415776K->142656K(506368K)] 1605933K->1416638K(1904640K), 0.0543618 secs] [Times: user=0.32 sys=0.00, real=0.05 secs] 
5571.372: [Full GC (Ergonomics) [PSYoungGen: 142656K->0K(506368K)] [ParOldGen: 1273982K->213519K(1398272K)] 1416638K->213519K(1904640K), [Metaspace: 59696K->59696K(1105920K)], 0.5056678 secs] [Times: user=2.34 sys=0.01, real=0.51 secs] 
5573.793: [GC (Allocation Failure) [PSYoungGen: 324096K->87168K(511488K)] 537615K->300687K(1909760K), 0.1313312 secs] [Times: user=0.77 sys=0.00, real=0.13 secs] 
5574.604: [GC (Allocation Failure) [PSYoungGen: 411264K->137280K(509440K)] 624783K->433328K(1907712K), 0.0468999 secs] [Times: user=0.28 sys=0.00, real=0.05 secs] 
5575.893: [GC (Allocation Failure) [PSYoungGen: 462400K->101184K(426496K)] 758448K->525496K(1824768K), 0.0656649 secs] [Times: user=0.38 sys=0.00, real=0.07 secs] 
5577.423: [GC (Allocation Failure) [PSYoungGen: 426304K->136416K(507392K)] 850616K->655541K(1905664K), 0.0488648 secs] [Times: user=0.28 sys=0.00, real=0.05 secs] 
5578.804: [GC (Allocation Failure) [PSYoungGen: 462048K->101952K(509440K)] 981173K->748349K(1907712K), 0.0620119 secs] [Times: user=0.37 sys=0.00, real=0.06 secs] 
5580.153: [GC (Allocation Failure) [PSYoungGen: 427584K->132960K(512000K)] 1073981K->878394K(1910272K), 0.0500823 secs] [Times: user=0.29 sys=0.00, real=0.05 secs] 
5581.509: [GC (GCLocker Initiated GC) [PSYoungGen: 465760K->106496K(512512K)] 1211194K->975442K(1910784K), 0.0626682 secs] [Times: user=0.37 sys=0.01, real=0.06 secs] 
5582.313: [GC (GCLocker Initiated GC) [PSYoungGen: 439296K->134240K(513024K)] 1308246K->1108179K(1911296K), 0.0526201 secs] [Times: user=0.30 sys=0.01, real=0.05 secs] 
5583.735: [GC (Allocation Failure) [PSYoungGen: 472672K->110880K(514560K)] 1446614K->1209774K(1912832K), 0.0647469 secs] [Times: user=0.38 sys=0.00, real=0.07 secs] 
5584.963: [GC (Allocation Failure) [PSYoungGen: 449312K->135424K(517120K)] 1548206K->1344237K(1915392K), 0.0544582 secs] [Times: user=0.33 sys=0.00, real=0.06 secs] 
5586.342: [GC (Allocation Failure) [PSYoungGen: 481536K->113088K(519168K)] 1690349K->1448317K(1917440K), 0.0665622 secs] [Times: user=0.40 sys=0.00, real=0.07 secs] 
5586.408: [Full GC (Ergonomics) [PSYoungGen: 113088K->0K(519168K)] [ParOldGen: 1335229K->16946K(1398272K)] 1448317K->16946K(1917440K), [Metaspace: 59696K->59696K(1105920K)], 0.0283039 secs] [Times: user=0.06 sys=0.00, real=0.03 secs] 
5587.677: [GC (Allocation Failure) [PSYoungGen: 346112K->136096K(520704K)] 363058K->153042K(1918976K), 0.0270923 secs] [Times: user=0.15 sys=0.00, real=0.02 secs] 
5589.014: [GC (Allocation Failure) [PSYoungGen: 488864K->115392K(522752K)] 505810K->259382K(1921024K), 0.0653442 secs] [Times: user=0.39 sys=0.00, real=0.07 secs] 
5590.994: [GC (Allocation Failure) [PSYoungGen: 468160K->139168K(524288K)] 612150K->396667K(1922560K), 0.0544085 secs] [Times: user=0.32 sys=0.00, real=0.06 secs] 
5592.352: [GC (Allocation Failure) [PSYoungGen: 497568K->117504K(526848K)] 755067K->504891K(1925120K), 0.0762358 secs] [Times: user=0.45 sys=0.00, real=0.08 secs] 
5593.648: [GC (Allocation Failure) [PSYoungGen: 475904K->146528K(523776K)] 863291K->649339K(1922048K), 0.0559918 secs] [Times: user=0.33 sys=0.00, real=0.05 secs] 
5594.985: [GC (Allocation Failure) [PSYoungGen: 505952K->114848K(528896K)] 1008763K->755060K(1927168K), 0.0672281 secs] [Times: user=0.40 sys=0.00, real=0.07 secs] 
5596.549: [GC (Allocation Failure) [PSYoungGen: 474272K->145248K(524288K)] 1114484K->897232K(1922560K), 0.0548942 secs] [Times: user=0.32 sys=0.00, real=0.05 secs] 
5597.994: [GC (Allocation Failure) [PSYoungGen: 503136K->116544K(528384K)] 1255120K->1004540K(1926656K), 0.0700392 secs] [Times: user=0.42 sys=0.00, real=0.07 secs] 
5598.681: [GC (Allocation Failure) [PSYoungGen: 474432K->151296K(520192K)] 1362428K->1151497K(1918464K), 0.0557564 secs] [Times: user=0.33 sys=0.00, real=0.06 secs] 
5600.550: [GC (Allocation Failure) [PSYoungGen: 504064K->109984K(525824K)] 1504265K->1252537K(1924096K), 0.1046754 secs] [Times: user=0.62 sys=0.00, real=0.10 secs] 
5601.367: [GC (Allocation Failure) [PSYoungGen: 448803K->142144K(524288K)] 1591356K->1390774K(1922560K), 0.0528665 secs] [Times: user=0.31 sys=0.00, real=0.05 secs] 
5601.420: [Full GC (Ergonomics) [PSYoungGen: 142144K->0K(524288K)] [ParOldGen: 1248630K->196319K(1398272K)] 1390774K->196319K(1922560K), [Metaspace: 59696K->59696K(1105920K)], 0.4781595 secs] [Times: user=2.22 sys=0.00, real=0.48 secs] 
5603.933: [GC (Allocation Failure) [PSYoungGen: 352768K->109056K(525824K)] 549087K->305375K(1924096K), 0.0736157 secs] [Times: user=0.43 sys=0.00, real=0.08 secs] 
5605.071: [GC (Allocation Failure) [PSYoungGen: 461824K->171488K(415744K)] 658143K->484314K(1814016K), 0.0566753 secs] [Times: user=0.32 sys=0.01, real=0.06 secs] 
5606.264: [GC (Allocation Failure) [PSYoungGen: 415712K->59872K(304128K)] 728538K->511250K(1702400K), 0.0675187 secs] [Times: user=0.40 sys=0.00, real=0.07 secs] 
5607.764: [GC (GCLocker Initiated GC) [PSYoungGen: 304096K->95360K(470016K)] 755475K->605685K(1868288K), 0.0510118 secs] [Times: user=0.30 sys=0.00, real=0.05 secs] 
5608.116: [GC (Allocation Failure) [PSYoungGen: 332928K->109728K(347648K)] 843324K->705876K(1745920K), 0.0507849 secs] [Times: user=0.30 sys=0.00, real=0.05 secs] 
5609.379: [GC (Allocation Failure) [PSYoungGen: 347296K->54112K(456704K)] 943444K->759740K(1854976K), 0.0720162 secs] [Times: user=0.42 sys=0.00, real=0.07 secs] 
5610.607: [GC (Allocation Failure) [PSYoungGen: 288608K->95520K(459776K)] 994236K->853037K(1858048K), 0.0369901 secs] [Times: user=0.22 sys=0.00, real=0.03 secs] 
5611.004: [GC (Allocation Failure) [PSYoungGen: 330016K->108544K(459264K)] 1087533K->952273K(1857536K), 0.0500846 secs] [Times: user=0.29 sys=0.00, real=0.05 secs] 
5612.553: [GC (Allocation Failure) [PSYoungGen: 363008K->60800K(464896K)] 1206737K->1012913K(1863168K), 0.1151439 secs] [Times: user=0.67 sys=0.01, real=0.12 secs] 
5613.940: [GC (Allocation Failure) [PSYoungGen: 315264K->105824K(470016K)] 1267377K->1114822K(1868288K), 0.0362781 secs] [Times: user=0.22 sys=0.00, real=0.03 secs] 
5615.450: [GC (Allocation Failure) [PSYoungGen: 383840K->110528K(479232K)] 1392838K->1216570K(1877504K), 0.0576538 secs] [Times: user=0.34 sys=0.00, real=0.06 secs] 
5616.660: [GC (Allocation Failure) [PSYoungGen: 388544K->83712K(489984K)] 1494586K->1300254K(1888256K), 0.0539549 secs] [Times: user=0.31 sys=0.00, real=0.05 secs] 
5617.082: [GC (Allocation Failure) [PSYoungGen: 388864K->131232K(494080K)] 1605406K->1425771K(1892352K), 0.0532811 secs] [Times: user=0.31 sys=0.01, real=0.05 secs] 
5617.135: [Full GC (Ergonomics) [PSYoungGen: 131232K->0K(494080K)] [ParOldGen: 1294539K->222398K(1398272K)] 1425771K->222398K(1892352K), [Metaspace: 59696K->59696K(1105920K)], 0.5196628 secs] [Times: user=2.32 sys=0.00, real=0.52 secs] 
5619.119: [GC (GCLocker Initiated GC) [PSYoungGen: 305152K->84096K(503296K)] 527552K->306496K(1901568K), 0.0737708 secs] [Times: user=0.44 sys=0.01, real=0.07 secs] 
5619.924: [GC (GCLocker Initiated GC) [PSYoungGen: 404608K->134560K(506368K)] 627008K->434661K(1904640K), 0.0465266 secs] [Times: user=0.28 sys=0.00, real=0.05 secs] 
5621.178: [GC (Allocation Failure) [PSYoungGen: 455072K->99360K(503808K)] 755176K->524528K(1902080K), 0.0601690 secs] [Times: user=0.36 sys=0.00, real=0.06 secs] 
5621.758: [GC (Allocation Failure) [PSYoungGen: 424480K->136544K(507392K)] 849648K->657689K(1905664K), 0.0484214 secs] [Times: user=0.29 sys=0.00, real=0.05 secs] 
5623.102: [GC (Allocation Failure) [PSYoungGen: 461664K->101664K(508928K)] 982809K->750449K(1907200K), 0.0838856 secs] [Times: user=0.50 sys=0.00, real=0.08 secs] 
5624.284: [GC (Allocation Failure) [PSYoungGen: 433440K->137536K(511488K)] 1082225K->885430K(1909760K), 0.0505808 secs] [Times: user=0.29 sys=0.00, real=0.05 secs] 
5625.589: [GC (Allocation Failure) [PSYoungGen: 469312K->103904K(511488K)] 1217206K->980218K(1909760K), 0.0633097 secs] [Times: user=0.38 sys=0.00, real=0.06 secs] 
5626.784: [GC (Allocation Failure) [PSYoungGen: 440800K->139136K(514048K)] 1317114K->1117609K(1912320K), 0.0520033 secs] [Times: user=0.31 sys=0.00, real=0.05 secs] 
5628.197: [GC (Allocation Failure) [PSYoungGen: 476032K->107008K(515072K)] 1454505K->1215597K(1913344K), 0.0654203 secs] [Times: user=0.38 sys=0.00, real=0.06 secs] 
5629.554: [GC (Allocation Failure) [PSYoungGen: 448000K->137792K(516608K)] 1556589K->1351605K(1914880K), 0.0531333 secs] [Times: user=0.32 sys=0.00, real=0.06 secs] 
5630.895: [GC (Allocation Failure) [PSYoungGen: 478784K->109152K(515584K)] 1692597K->1451581K(1913856K), 0.0759536 secs] [Times: user=0.45 sys=0.00, real=0.08 secs] 
5630.971: [Full GC (Ergonomics) [PSYoungGen: 109152K->0K(515584K)] [ParOldGen: 1342428K->20202K(1398272K)] 1451581K->20202K(1913856K), [Metaspace: 59699K->59699K(1105920K)], 0.0313143 secs] [Times: user=0.08 sys=0.00, real=0.03 secs] 
5632.391: [GC (Allocation Failure) [PSYoungGen: 345088K->147616K(518144K)] 365290K->167818K(1916416K), 0.0282877 secs] [Times: user=0.16 sys=0.00, real=0.03 secs] 
5633.712: [GC (Allocation Failure) [PSYoungGen: 492704K->111232K(521216K)] 512906K->261722K(1919488K), 0.0691493 secs] [Times: user=0.41 sys=0.00, real=0.07 secs] 
5635.282: [GC (Allocation Failure) [PSYoungGen: 456320K->147392K(492544K)] 606810K->407151K(1890816K), 0.0531204 secs] [Times: user=0.31 sys=0.00, real=0.05 secs] 
5636.619: [GC (Allocation Failure) [PSYoungGen: 492480K->111040K(523264K)] 752239K->500851K(1921536K), 0.0654028 secs] [Times: user=0.39 sys=0.00, real=0.06 secs] 
5637.707: [GC (Allocation Failure) [PSYoungGen: 454592K->138848K(519168K)] 844403K->638148K(1917440K), 0.0541732 secs] [Times: user=0.31 sys=0.00, real=0.05 secs] 
5639.601: [GC (GCLocker Initiated GC) [PSYoungGen: 482400K->109056K(518656K)] 981700K->738252K(1916928K), 0.0653129 secs] [Times: user=0.39 sys=0.00, real=0.06 secs] 
5640.591: [GC (Allocation Failure) [PSYoungGen: 455168K->150432K(496640K)] 1084367K->887281K(1894912K), 0.0541479 secs] [Times: user=0.32 sys=0.00, real=0.05 secs] 
5641.944: [GC (GCLocker Initiated GC) [PSYoungGen: 496544K->109216K(522240K)] 1233393K->979313K(1920512K), 0.0658213 secs] [Times: user=0.40 sys=0.01, real=0.07 secs] 
5643.767: [GC (Allocation Failure) [PSYoungGen: 451744K->139040K(519168K)] 1321844K->1116169K(1917440K), 0.0533743 secs] [Times: user=0.31 sys=0.00, real=0.05 secs] 
5645.148: [GC (Allocation Failure) [PSYoungGen: 481568K->110592K(518656K)] 1458697K->1217529K(1916928K), 0.0661888 secs] [Times: user=0.39 sys=0.01, real=0.06 secs] 
5646.961: [GC (Allocation Failure) [PSYoungGen: 455680K->136832K(519168K)] 1562617K->1352134K(1917440K), 0.0541342 secs] [Times: user=0.31 sys=0.00, real=0.05 secs] 
5648.308: [GC (Allocation Failure) [PSYoungGen: 481920K->113120K(518656K)] 1697222K->1455694K(1916928K), 0.0707587 secs] [Times: user=0.42 sys=0.01, real=0.07 secs] 
5648.379: [Full GC (Ergonomics) [PSYoungGen: 113120K->0K(518656K)] [ParOldGen: 1342574K->22978K(1398272K)] 1455694K->22978K(1916928K), [Metaspace: 59699K->59699K(1105920K)], 0.0369176 secs] [Times: user=0.09 sys=0.00, real=0.03 secs] 
5649.595: [GC (Allocation Failure) [PSYoungGen: 350720K->139744K(521728K)] 373698K->162722K(1920000K), 0.0282682 secs] [Times: user=0.16 sys=0.00, real=0.03 secs] 
5650.931: [GC (Allocation Failure) [PSYoungGen: 490464K->115584K(523264K)] 513442K->268258K(1921536K), 0.0651677 secs] [Times: user=0.38 sys=0.00, real=0.06 secs] 
5651.780: [GC (Allocation Failure) [PSYoungGen: 470912K->147488K(524800K)] 623586K->414105K(1923072K), 0.0549498 secs] [Times: user=0.33 sys=0.01, real=0.05 secs] 
5653.151: [GC (Allocation Failure) [PSYoungGen: 502816K->111904K(527360K)] 769433K->517229K(1925632K), 0.0662742 secs] [Times: user=0.40 sys=0.00, real=0.07 secs] 
5655.313: [GC (Allocation Failure) [PSYoungGen: 465696K->145152K(499200K)] 871021K->659130K(1897472K), 0.0539595 secs] [Times: user=0.31 sys=0.00, real=0.06 secs] 
5656.679: [GC (Allocation Failure) [PSYoungGen: 498944K->110816K(526848K)] 1012922K->761006K(1925120K), 0.0876817 secs] [Times: user=0.52 sys=0.00, real=0.09 secs] 
5657.774: [GC (Allocation Failure) [PSYoungGen: 463584K->144896K(498176K)] 1113774K->902891K(1896448K), 0.0545670 secs] [Times: user=0.32 sys=0.00, real=0.06 secs] 
5659.867: [GC (Allocation Failure) [PSYoungGen: 497664K->109792K(525824K)] 1255659K->1003755K(1924096K), 0.1032540 secs] [Times: user=0.61 sys=0.00, real=0.10 secs] 
5660.705: [GC (Allocation Failure) [PSYoungGen: 461024K->146976K(498688K)] 1354987K->1147120K(1896960K), 0.0536850 secs] [Times: user=0.32 sys=0.01, real=0.06 secs] 
5662.260: [GC (Allocation Failure) [PSYoungGen: 498208K->111264K(524800K)] 1498352K->1248792K(1923072K), 0.1007953 secs] [Times: user=0.59 sys=0.00, real=0.10 secs] 
5663.227: [GC (Allocation Failure) [PSYoungGen: 459936K->147456K(496640K)] 1597464K->1391689K(1894912K), 0.0549101 secs] [Times: user=0.32 sys=0.00, real=0.05 secs] 
5663.282: [Full GC (Ergonomics) [PSYoungGen: 147456K->0K(496640K)] [ParOldGen: 1244233K->194961K(1398272K)] 1391689K->194961K(1894912K), [Metaspace: 59699K->59699K(1105920K)], 0.4690378 secs] [Times: user=2.18 sys=0.00, real=0.47 secs] 
5665.229: [GC (Allocation Failure) [PSYoungGen: 348672K->109120K(523264K)] 543633K->304081K(1921536K), 0.0480324 secs] [Times: user=0.28 sys=0.00, real=0.05 secs] 
5666.021: [GC (Allocation Failure) [PSYoungGen: 453675K->143712K(521728K)] 648636K->443982K(1920000K), 0.0513875 secs] [Times: user=0.31 sys=0.00, real=0.05 secs] 
5669.348: [GC (Allocation Failure) [PSYoungGen: 489824K->105280K(522240K)] 790094K->539982K(1920512K), 0.1715264 secs] [Times: user=1.01 sys=0.00, real=0.17 secs] 
5670.380: [GC (Allocation Failure) [PSYoungGen: 450880K->144640K(490496K)] 885582K->680322K(1888768K), 0.0509138 secs] [Times: user=0.30 sys=0.00, real=0.05 secs] 
5671.917: [GC (Allocation Failure) [PSYoungGen: 490240K->110656K(522752K)] 1025922K->782007K(1921024K), 0.0998375 secs] [Times: user=0.60 sys=0.00, real=0.10 secs] 
5672.578: [GC (Allocation Failure) [PSYoungGen: 451427K->142816K(520704K)] 1122778K->920355K(1918976K), 0.0527871 secs] [Times: user=0.30 sys=0.00, real=0.05 secs] 
5674.170: [GC (Allocation Failure) [PSYoungGen: 487392K->104896K(521728K)] 1264931K->1016547K(1920000K), 0.0772440 secs] [Times: user=0.46 sys=0.00, real=0.08 secs] 
5675.115: [GC (Allocation Failure) [PSYoungGen: 450496K->145536K(491520K)] 1362147K->1157971K(1889792K), 0.0507966 secs] [Times: user=0.30 sys=0.00, real=0.06 secs] 
5676.958: [GC (Allocation Failure) [PSYoungGen: 491136K->108000K(522240K)] 1503571K->1257315K(1920512K), 0.1586156 secs] [Times: user=0.95 sys=0.00, real=0.16 secs] 
5677.902: [GC (Allocation Failure) [PSYoungGen: 451552K->144192K(520192K)] 1600867K->1397115K(1918464K), 0.0520444 secs] [Times: user=0.31 sys=0.00, real=0.05 secs] 
5677.954: [Full GC (Ergonomics) [PSYoungGen: 144192K->0K(520192K)] [ParOldGen: 1252923K->196080K(1398272K)] 1397115K->196080K(1918464K), [Metaspace: 59699K->59699K(1105920K)], 0.4795522 secs] [Times: user=2.25 sys=0.00, real=0.48 secs] 
5679.765: [GC (Allocation Failure) [PSYoungGen: 343552K->111776K(519168K)] 539632K->307856K(1917440K), 0.0347714 secs] [Times: user=0.21 sys=0.00, real=0.04 secs] 
5680.339: [GC (Allocation Failure) [PSYoungGen: 453135K->142656K(519680K)] 649216K->444117K(1917952K), 0.0514092 secs] [Times: user=0.30 sys=0.00, real=0.05 secs] 
5682.172: [GC (Allocation Failure) [PSYoungGen: 486208K->105920K(521216K)] 787669K->541021K(1919488K), 0.1474367 secs] [Times: user=0.88 sys=0.00, real=0.15 secs] 
5682.845: [GC (Allocation Failure) [PSYoungGen: 447883K->145088K(490496K)] 882984K->682358K(1888768K), 0.0514496 secs] [Times: user=0.30 sys=0.00, real=0.06 secs] 
5684.807: [GC (Allocation Failure) [PSYoungGen: 490176K->106752K(522240K)] 1027446K->780502K(1920512K), 0.1623922 secs] [Times: user=0.96 sys=0.00, real=0.16 secs] 
5686.049: [GC (Allocation Failure) [PSYoungGen: 450816K->143008K(520704K)] 1124566K->919459K(1918976K), 0.0510857 secs] [Times: user=0.30 sys=0.00, real=0.05 secs] 
5687.669: [GC (Allocation Failure) [PSYoungGen: 487072K->108128K(519680K)] 1263523K->1018499K(1917952K), 0.0848680 secs] [Times: user=0.50 sys=0.00, real=0.08 secs] 
5688.235: [GC (Allocation Failure) [PSYoungGen: 452192K->145056K(520192K)] 1362563K->1159448K(1918464K), 0.0518439 secs] [Times: user=0.30 sys=0.00, real=0.06 secs] 
5689.677: [GC (Allocation Failure) [PSYoungGen: 489120K->108192K(520704K)] 1503512K->1258784K(1918976K), 0.0816278 secs] [Times: user=0.48 sys=0.00, real=0.08 secs] 
5690.388: [GC (Allocation Failure) [PSYoungGen: 448661K->143072K(520192K)] 1599253K->1397841K(1918464K), 0.0522036 secs] [Times: user=0.31 sys=0.01, real=0.05 secs] 
5690.440: [Full GC (Ergonomics) [PSYoungGen: 143072K->0K(520192K)] [ParOldGen: 1254769K->196540K(1398272K)] 1397841K->196540K(1918464K), [Metaspace: 59699K->59699K(1105920K)], 0.4805184 secs] [Times: user=2.25 sys=0.00, real=0.48 secs] 
5692.375: [GC (Allocation Failure) [PSYoungGen: 343552K->104160K(521216K)] 540092K->300700K(1919488K), 0.0538578 secs] [Times: user=0.32 sys=0.00, real=0.06 secs] 
5693.681: [GC (Allocation Failure) [PSYoungGen: 447712K->143200K(486912K)] 644252K->439657K(1885184K), 0.0493815 secs] [Times: user=0.29 sys=0.00, real=0.05 secs] 
5694.984: [GC (Allocation Failure) [PSYoungGen: 486752K->106304K(522240K)] 783209K->536817K(1920512K), 0.0641024 secs] [Times: user=0.38 sys=0.00, real=0.07 secs] 
5696.154: [GC (Allocation Failure) [PSYoungGen: 449856K->144736K(488448K)] 880369K->677518K(1886720K), 0.0515721 secs] [Times: user=0.30 sys=0.00, real=0.05 secs] 
5697.504: [GC (GCLocker Initiated GC) [PSYoungGen: 488288K->103968K(521216K)] 1021071K->772563K(1919488K), 0.0981486 secs] [Times: user=0.58 sys=0.00, real=0.10 secs] 
5698.540: [GC (GCLocker Initiated GC) [PSYoungGen: 445984K->141728K(519680K)] 1114581K->910274K(1917952K), 0.0504865 secs] [Times: user=0.30 sys=0.00, real=0.05 secs] 
5699.971: [GC (Allocation Failure) [PSYoungGen: 483744K->106784K(519168K)] 1252292K->1008268K(1917440K), 0.0665984 secs] [Times: user=0.40 sys=0.00, real=0.07 secs] 
5701.253: [GC (Allocation Failure) [PSYoungGen: 449312K->143072K(519680K)] 1350796K->1147485K(1917952K), 0.0533678 secs] [Times: user=0.31 sys=0.00, real=0.06 secs] 
5703.318: [GC (Allocation Failure) [PSYoungGen: 485600K->106368K(519168K)] 1490013K->1245189K(1917440K), 0.0660329 secs] [Times: user=0.38 sys=0.01, real=0.06 secs] 
5704.993: [GC (Allocation Failure) [PSYoungGen: 449408K->142336K(519680K)] 1588229K->1382650K(1917952K), 0.0524181 secs] [Times: user=0.31 sys=0.00, real=0.05 secs] 
5705.045: [Full GC (Ergonomics) [PSYoungGen: 142336K->0K(519680K)] [ParOldGen: 1240314K->181962K(1398272K)] 1382650K->181962K(1917952K), [Metaspace: 59699K->59699K(1105920K)], 0.4359502 secs] [Times: user=2.03 sys=0.00, real=0.44 secs] 
5706.720: [GC (Allocation Failure) [PSYoungGen: 343040K->108384K(519680K)] 525002K->290346K(1917952K), 0.0340785 secs] [Times: user=0.20 sys=0.00, real=0.03 secs] 
5708.687: [GC (Allocation Failure) [PSYoungGen: 452448K->141920K(520192K)] 634410K->428663K(1918464K), 0.0521088 secs] [Times: user=0.31 sys=0.00, real=0.05 secs] 
5709.999: [GC (GCLocker Initiated GC) [PSYoungGen: 485984K->108672K(519168K)] 772727K->528435K(1917440K), 0.0648860 secs] [Times: user=0.39 sys=0.00, real=0.06 secs] 
5710.772: [GC (Allocation Failure) [PSYoungGen: 453760K->145280K(520192K)] 873526K->669579K(1918464K), 0.0528228 secs] [Times: user=0.31 sys=0.00, real=0.05 secs] 
5712.193: [GC (Allocation Failure) [PSYoungGen: 490368K->106592K(521728K)] 1014667K->767203K(1920000K), 0.1015946 secs] [Times: user=0.61 sys=0.00, real=0.10 secs] 
5713.071: [GC (GCLocker Initiated GC) [PSYoungGen: 451168K->143616K(520704K)] 1111779K->907652K(1918976K), 0.0532259 secs] [Times: user=0.30 sys=0.01, real=0.05 secs] 
5714.419: [GC (Allocation Failure) [PSYoungGen: 488192K->109024K(520704K)] 1252299K->1007543K(1918976K), 0.0873984 secs] [Times: user=0.52 sys=0.00, real=0.09 secs] 
5716.462: [GC (Allocation Failure) [PSYoungGen: 453600K->142240K(520704K)] 1352119K->1145955K(1918976K), 0.0532122 secs] [Times: user=0.31 sys=0.00, real=0.05 secs] 
5717.936: [GC (Allocation Failure) [PSYoungGen: 486816K->109568K(519680K)] 1490531K->1246547K(1917952K), 0.0662574 secs] [Times: user=0.39 sys=0.00, real=0.06 secs] 
5719.171: [GC (Allocation Failure) [PSYoungGen: 455168K->143456K(520704K)] 1592147K->1386624K(1918976K), 0.0542084 secs] [Times: user=0.32 sys=0.00, real=0.05 secs] 
5719.226: [Full GC (Ergonomics) [PSYoungGen: 143456K->0K(520704K)] [ParOldGen: 1243168K->185738K(1398272K)] 1386624K->185738K(1918976K), [Metaspace: 59699K->59699K(1105920K)], 0.4496714 secs] [Times: user=2.09 sys=0.00, real=0.45 secs] 
5721.018: [GC (Allocation Failure) [PSYoungGen: 345600K->110784K(520704K)] 531338K->296522K(1918976K), 0.0514546 secs] [Times: user=0.31 sys=0.00, real=0.05 secs] 
5721.667: [GC (Allocation Failure) [PSYoungGen: 457408K->148320K(495104K)] 643146K->440743K(1893376K), 0.0527879 secs] [Times: user=0.31 sys=0.00, real=0.05 secs] 
5723.457: [GC (Allocation Failure) [PSYoungGen: 494944K->104480K(521728K)] 787367K->536479K(1920000K), 0.0823130 secs] [Times: user=0.49 sys=0.00, real=0.08 secs] 
5724.517: [GC (Allocation Failure) [PSYoungGen: 448032K->146528K(490496K)] 880031K->678804K(1888768K), 0.0514018 secs] [Times: user=0.31 sys=0.00, real=0.05 secs] 
5726.358: [GC (Allocation Failure) [PSYoungGen: 490080K->106528K(520704K)] 1022356K->776620K(1918976K), 0.1572021 secs] [Times: user=0.93 sys=0.00, real=0.15 secs] 
5727.789: [GC (Allocation Failure) [PSYoungGen: 447008K->149408K(489984K)] 1117100K->921673K(1888256K), 0.0517847 secs] [Times: user=0.30 sys=0.00, real=0.05 secs] 
5729.145: [GC (Allocation Failure) [PSYoungGen: 489888K->107424K(519168K)] 1262153K->1011969K(1917440K), 0.0643478 secs] [Times: user=0.38 sys=0.00, real=0.07 secs] 
5730.619: [GC (Allocation Failure) [PSYoungGen: 444832K->139136K(517120K)] 1349377K->1147896K(1915392K), 0.0525521 secs] [Times: user=0.31 sys=0.00, real=0.05 secs] 
5732.757: [GC (Allocation Failure) [PSYoungGen: 476544K->102944K(517632K)] 1485304K->1242144K(1915904K), 0.0647442 secs] [Times: user=0.37 sys=0.01, real=0.06 secs] 
5734.755: [GC (Allocation Failure) [PSYoungGen: 441888K->140256K(517120K)] 1581088K->1378325K(1915392K), 0.0515171 secs] [Times: user=0.31 sys=0.00, real=0.06 secs] 
5734.807: [Full GC (Ergonomics) [PSYoungGen: 140256K->0K(517120K)] [ParOldGen: 1238069K->176053K(1398272K)] 1378325K->176053K(1915392K), [Metaspace: 59699K->59699K(1105920K)], 0.4565438 secs] [Times: user=2.14 sys=0.00, real=0.45 secs] 
5736.480: [GC (Allocation Failure) [PSYoungGen: 338944K->107712K(517120K)] 514997K->283765K(1915392K), 0.0347127 secs] [Times: user=0.20 sys=0.00, real=0.03 secs] 
5737.863: [GC (Allocation Failure) [PSYoungGen: 449728K->139456K(518656K)] 625781K->420546K(1916928K), 0.0526342 secs] [Times: user=0.31 sys=0.00, real=0.06 secs] 
5739.251: [GC (Allocation Failure) [PSYoungGen: 481472K->108992K(518656K)] 762562K->520506K(1916928K), 0.0637805 secs] [Times: user=0.37 sys=0.00, real=0.06 secs] 
5740.174: [GC (Allocation Failure) [PSYoungGen: 454080K->143072K(520192K)] 865594K->660875K(1918464K), 0.0536441 secs] [Times: user=0.32 sys=0.00, real=0.06 secs] 
5741.553: [GC (Allocation Failure) [PSYoungGen: 488160K->108640K(521216K)] 1005963K->760419K(1919488K), 0.0647849 secs] [Times: user=0.38 sys=0.00, real=0.07 secs] 
5742.972: [GC (Allocation Failure) [PSYoungGen: 455776K->143584K(521728K)] 1107555K->901056K(1920000K), 0.0528880 secs] [Times: user=0.31 sys=0.00, real=0.05 secs] 
5744.295: [GC (Allocation Failure) [PSYoungGen: 490720K->109376K(522240K)] 1248192K->1001316K(1920512K), 0.0665650 secs] [Times: user=0.39 sys=0.00, real=0.07 secs] 
5745.576: [GC (Allocation Failure) [PSYoungGen: 457024K->144192K(492032K)] 1348964K->1142480K(1890304K), 0.0539172 secs] [Times: user=0.32 sys=0.01, real=0.06 secs] 
5746.893: [GC (Allocation Failure) [PSYoungGen: 491840K->108448K(523776K)] 1490128K->1241736K(1922048K), 0.0659085 secs] [Times: user=0.39 sys=0.01, real=0.07 secs] 
5748.044: [GC (Allocation Failure) [PSYoungGen: 455072K->145600K(492544K)] 1588360K->1383349K(1890816K), 0.0546902 secs] [Times: user=0.32 sys=0.00, real=0.06 secs] 
5748.099: [Full GC (Ergonomics) [PSYoungGen: 145600K->0K(492544K)] [ParOldGen: 1237749K->182195K(1398272K)] 1383349K->182195K(1890816K), [Metaspace: 59699K->59699K(1105920K)], 0.4443555 secs] [Times: user=2.07 sys=0.00, real=0.44 secs] 
5749.808: [GC (Allocation Failure) [PSYoungGen: 346624K->106368K(522752K)] 528819K->288563K(1921024K), 0.0332767 secs] [Times: user=0.19 sys=0.00, real=0.03 secs] 
5751.399: [GC (GCLocker Initiated GC) [PSYoungGen: 451456K->142976K(521216K)] 633651K->427272K(1919488K), 0.0514181 secs] [Times: user=0.30 sys=0.00, real=0.05 secs] 
5752.769: [GC (Allocation Failure) [PSYoungGen: 488064K->111328K(519168K)] 772363K->529219K(1917440K), 0.1022509 secs] [Times: user=0.60 sys=0.00, real=0.10 secs] 
5753.849: [GC (Allocation Failure) [PSYoungGen: 456416K->144416K(520192K)] 874307K->667608K(1918464K), 0.0524871 secs] [Times: user=0.31 sys=0.00, real=0.05 secs] 
5755.248: [GC (Allocation Failure) [PSYoungGen: 489504K->107424K(521728K)] 1012696K->766220K(1920000K), 0.0676110 secs] [Times: user=0.40 sys=0.00, real=0.06 secs] 
5756.860: [GC (Allocation Failure) [PSYoungGen: 453024K->144352K(521216K)] 1111820K->906915K(1919488K), 0.0530557 secs] [Times: user=0.31 sys=0.00, real=0.05 secs] 
5758.172: [GC (Allocation Failure) [PSYoungGen: 489952K->107360K(521728K)] 1252515K->1005339K(1920000K), 0.0653390 secs] [Times: user=0.38 sys=0.00, real=0.07 secs] 
5759.739: [GC (Allocation Failure) [PSYoungGen: 452448K->144640K(489984K)] 1350427K->1146296K(1888256K), 0.0520826 secs] [Times: user=0.31 sys=0.00, real=0.05 secs] 
5761.485: [GC (Allocation Failure) [PSYoungGen: 489728K->106080K(522240K)] 1491384K->1243480K(1920512K), 0.1312046 secs] [Times: user=0.77 sys=0.00, real=0.14 secs] 
5762.894: [GC (Allocation Failure) [PSYoungGen: 450144K->145856K(489984K)] 1587544K->1385481K(1888256K), 0.0522836 secs] [Times: user=0.30 sys=0.00, real=0.06 secs] 
5762.947: [Full GC (Ergonomics) [PSYoungGen: 145856K->0K(489984K)] [ParOldGen: 1239625K->185334K(1398272K)] 1385481K->185334K(1888256K), [Metaspace: 59699K->59699K(1105920K)], 0.4497449 secs] [Times: user=2.09 sys=0.00, real=0.45 secs] 
5764.780: [GC (GCLocker Initiated GC) [PSYoungGen: 344064K->104768K(521216K)] 529398K->290102K(1919488K), 0.0441329 secs] [Times: user=0.26 sys=0.00, real=0.04 secs] 
5766.247: [GC (Allocation Failure) [PSYoungGen: 446784K->143136K(519680K)] 632121K->429656K(1917952K), 0.0509956 secs] [Times: user=0.30 sys=0.00, real=0.05 secs] 
5767.541: [GC (Allocation Failure) [PSYoungGen: 485152K->105120K(519680K)] 771672K->525784K(1917952K), 0.0633147 secs] [Times: user=0.38 sys=0.00, real=0.06 secs] 
5768.835: [GC (Allocation Failure) [PSYoungGen: 447136K->144384K(486912K)] 867800K->666535K(1885184K), 0.0520046 secs] [Times: user=0.31 sys=0.01, real=0.06 secs] 
5770.134: [GC (Allocation Failure) [PSYoungGen: 486400K->106656K(520704K)] 1008551K->764479K(1918976K), 0.0645521 secs] [Times: user=0.38 sys=0.00, real=0.07 secs] 
5771.787: [GC (Allocation Failure) [PSYoungGen: 447648K->142240K(519168K)] 1105471K->902636K(1917440K), 0.0523678 secs] [Times: user=0.31 sys=0.00, real=0.05 secs] 
5773.104: [GC (Allocation Failure) [PSYoungGen: 483232K->106848K(517632K)] 1243628K->1000544K(1915904K), 0.0638770 secs] [Times: user=0.37 sys=0.00, real=0.07 secs] 
5774.300: [GC (Allocation Failure) [PSYoungGen: 448352K->141216K(518656K)] 1342048K->1139061K(1916928K), 0.0530214 secs] [Times: user=0.31 sys=0.00, real=0.05 secs] 
5775.652: [GC (GCLocker Initiated GC) [PSYoungGen: 482720K->107840K(518656K)] 1480565K->1237713K(1916928K), 0.0651104 secs] [Times: user=0.39 sys=0.00, real=0.07 secs] 
5777.123: [GC (Allocation Failure) [PSYoungGen: 451392K->140480K(519680K)] 1581336K->1375373K(1917952K), 0.0539216 secs] [Times: user=0.32 sys=0.00, real=0.06 secs] 
5777.177: [Full GC (Ergonomics) [PSYoungGen: 140480K->0K(519680K)] [ParOldGen: 1234893K->174425K(1398272K)] 1375373K->174425K(1917952K), [Metaspace: 59699K->59699K(1105920K)], 0.4202823 secs] [Times: user=1.95 sys=0.00, real=0.42 secs] 
5778.862: [GC (Allocation Failure) [PSYoungGen: 343552K->107392K(519680K)] 517977K->281817K(1917952K), 0.0357125 secs] [Times: user=0.21 sys=0.00, real=0.04 secs] 
5779.795: [GC (Allocation Failure) [PSYoungGen: 452992K->144960K(520704K)] 627417K->424582K(1918976K), 0.0536949 secs] [Times: user=0.32 sys=0.00, real=0.06 secs] 
5781.258: [GC (Allocation Failure) [PSYoungGen: 490560K->106464K(522240K)] 770182K->522222K(1920512K), 0.0659126 secs] [Times: user=0.39 sys=0.00, real=0.06 secs] 
5782.648: [GC (Allocation Failure) [PSYoungGen: 451552K->143232K(521216K)] 867310K->662310K(1919488K), 0.0530053 secs] [Times: user=0.31 sys=0.01, real=0.05 secs] 
5783.969: [GC (Allocation Failure) [PSYoungGen: 488320K->109888K(520192K)] 1007398K->762943K(1918464K), 0.0645677 secs] [Times: user=0.38 sys=0.00, real=0.06 secs] 
5785.849: [GC (Allocation Failure) [PSYoungGen: 454976K->148320K(493568K)] 1108031K->908547K(1891840K), 0.0544626 secs] [Times: user=0.32 sys=0.00, real=0.05 secs] 
5787.167: [GC (Allocation Failure) [PSYoungGen: 493408K->109248K(521728K)] 1253635K->1000571K(1920000K), 0.0653172 secs] [Times: user=0.38 sys=0.00, real=0.06 secs] 
5789.125: [GC (Allocation Failure) [PSYoungGen: 451776K->140640K(519680K)] 1343099K->1138306K(1917952K), 0.0541738 secs] [Times: user=0.32 sys=0.00, real=0.06 secs] 
5790.512: [GC (Allocation Failure) [PSYoungGen: 483168K->107392K(519168K)] 1480834K->1236763K(1917440K), 0.0654499 secs] [Times: user=0.39 sys=0.00, real=0.07 secs] 
5792.260: [GC (Allocation Failure) [PSYoungGen: 451456K->141504K(519680K)] 1580827K->1375487K(1917952K), 0.0534101 secs] [Times: user=0.32 sys=0.00, real=0.05 secs] 
5792.313: [Full GC (Ergonomics) [PSYoungGen: 141504K->0K(519680K)] [ParOldGen: 1233983K->174591K(1398272K)] 1375487K->174591K(1917952K), [Metaspace: 59699K->59699K(1105920K)], 0.4165487 secs] [Times: user=1.92 sys=0.00, real=0.42 secs] 
5793.950: [GC (Allocation Failure) [PSYoungGen: 344064K->107552K(521216K)] 518655K->282143K(1919488K), 0.0354267 secs] [Times: user=0.20 sys=0.01, real=0.03 secs] 
5795.585: [GC (Allocation Failure) [PSYoungGen: 454176K->149632K(496640K)] 628767K->428980K(1894912K), 0.0538686 secs] [Times: user=0.31 sys=0.00, real=0.06 secs] 
5796.946: [GC (Allocation Failure) [PSYoungGen: 496256K->111072K(522240K)] 775604K->522620K(1920512K), 0.0850547 secs] [Times: user=0.50 sys=0.00, real=0.08 secs] 
5798.324: [GC (Allocation Failure) [PSYoungGen: 454112K->140128K(519680K)] 865660K->660145K(1917952K), 0.0535065 secs] [Times: user=0.32 sys=0.00, real=0.06 secs] 
5799.706: [GC (GCLocker Initiated GC) [PSYoungGen: 483168K->107872K(520704K)] 1003185K->758385K(1918976K), 0.0903086 secs] [Times: user=0.54 sys=0.00, real=0.09 secs] 
5800.914: [GC (Allocation Failure) [PSYoungGen: 452448K->150720K(495616K)] 1103000K->906181K(1893888K), 0.0534772 secs] [Times: user=0.32 sys=0.00, real=0.06 secs] 
5802.232: [GC (Allocation Failure) [PSYoungGen: 495296K->108192K(520704K)] 1250757K->997085K(1918976K), 0.0661030 secs] [Times: user=0.39 sys=0.00, real=0.07 secs] 
5803.273: [GC (Allocation Failure) [PSYoungGen: 449184K->140032K(519168K)] 1338077K->1134218K(1917440K), 0.0536603 secs] [Times: user=0.31 sys=0.01, real=0.06 secs] 
5804.686: [GC (Allocation Failure) [PSYoungGen: 481024K->108096K(518144K)] 1475210K->1232962K(1916416K), 0.0663705 secs] [Times: user=0.40 sys=0.00, real=0.07 secs] 
5805.524: [GC (Allocation Failure) [PSYoungGen: 450624K->143712K(518656K)] 1575490K->1374033K(1916928K), 0.0549308 secs] [Times: user=0.33 sys=0.00, real=0.06 secs] 
5806.853: [GC (Allocation Failure) [PSYoungGen: 486240K->106176K(521216K)] 1716561K->1471377K(1919488K), 0.0896300 secs] [Times: user=0.54 sys=0.00, real=0.09 secs] 
5806.942: [Full GC (Ergonomics) [PSYoungGen: 106176K->0K(521216K)] [ParOldGen: 1365201K->33184K(1398272K)] 1471377K->33184K(1919488K), [Metaspace: 59699K->59699K(1105920K)], 0.0649660 secs] [Times: user=0.24 sys=0.00, real=0.07 secs] 
5808.419: [GC (GCLocker Initiated GC) [PSYoungGen: 344064K->141728K(520704K)] 377248K->174912K(1918976K), 0.0286795 secs] [Times: user=0.17 sys=0.00, real=0.03 secs] 
5809.733: [GC (Allocation Failure) [PSYoungGen: 485792K->107360K(519168K)] 518978K->273602K(1917440K), 0.0639274 secs] [Times: user=0.38 sys=0.00, real=0.07 secs] 
5810.498: [GC (Allocation Failure) [PSYoungGen: 451936K->144480K(520192K)] 618178K->416225K(1918464K), 0.0530481 secs] [Times: user=0.31 sys=0.00, real=0.05 secs] 
5812.024: [GC (GCLocker Initiated GC) [PSYoungGen: 489056K->106784K(521216K)] 760802K->514394K(1919488K), 0.0645627 secs] [Times: user=0.38 sys=0.00, real=0.07 secs] 
5813.462: [GC (Allocation Failure) [PSYoungGen: 451360K->140736K(520704K)] 858973K->652225K(1918976K), 0.0520284 secs] [Times: user=0.30 sys=0.00, real=0.05 secs] 
5814.785: [GC (GCLocker Initiated GC) [PSYoungGen: 485312K->108256K(519680K)] 996802K->751227K(1917952K), 0.0650581 secs] [Times: user=0.38 sys=0.00, real=0.07 secs] 
5816.185: [GC (Allocation Failure) [PSYoungGen: 453856K->141184K(520704K)] 1096896K->889677K(1918976K), 0.0531113 secs] [Times: user=0.32 sys=0.01, real=0.06 secs] 
5817.532: [GC (GCLocker Initiated GC) [PSYoungGen: 486784K->109408K(520704K)] 1235279K->989903K(1918976K), 0.0884272 secs] [Times: user=0.53 sys=0.00, real=0.09 secs] 
5818.811: [GC (Allocation Failure) [PSYoungGen: 457056K->145664K(521728K)] 1337554K->1132103K(1920000K), 0.0536712 secs] [Times: user=0.31 sys=0.00, real=0.05 secs] 
5820.223: [GC (Allocation Failure) [PSYoungGen: 493312K->108064K(522752K)] 1479751K->1231107K(1921024K), 0.0660527 secs] [Times: user=0.39 sys=0.00, real=0.07 secs] 
5821.536: [GC (Allocation Failure) [PSYoungGen: 454688K->144992K(492032K)] 1577731K->1373034K(1890304K), 0.0533329 secs] [Times: user=0.32 sys=0.00, real=0.06 secs] 
5822.867: [GC (Allocation Failure) [PSYoungGen: 491616K->110368K(523776K)] 1719658K->1474398K(1922048K), 0.0666631 secs] [Times: user=0.39 sys=0.00, real=0.06 secs] 
5822.934: [Full GC (Ergonomics) [PSYoungGen: 110368K->0K(523776K)] [ParOldGen: 1364030K->40428K(1398272K)] 1474398K->40428K(1922048K), [Metaspace: 59699K->59699K(1105920K)], 0.0799193 secs] [Times: user=0.30 sys=0.00, real=0.08 secs] 
5824.249: [GC (Allocation Failure) [PSYoungGen: 346112K->142976K(521216K)] 386540K->183404K(1919488K), 0.0295157 secs] [Times: user=0.17 sys=0.00, real=0.03 secs] 
5825.627: [GC (Allocation Failure) [PSYoungGen: 489088K->108992K(521728K)] 529516K->283348K(1920000K), 0.0660654 secs] [Times: user=0.39 sys=0.00, real=0.06 secs] 
5826.651: [GC (Allocation Failure) [PSYoungGen: 455616K->144544K(521728K)] 629972K->423727K(1920000K), 0.0522239 secs] [Times: user=0.30 sys=0.01, real=0.05 secs] 
5828.036: [GC (Allocation Failure) [PSYoungGen: 491168K->109536K(521728K)] 770351K->523647K(1920000K), 0.0935400 secs] [Times: user=0.55 sys=0.00, real=0.10 secs] 
5828.905: [GC (Allocation Failure) [PSYoungGen: 456160K->146304K(493056K)] 870271K->665988K(1891328K), 0.0543427 secs] [Times: user=0.32 sys=0.01, real=0.06 secs] 
5830.278: [GC (Allocation Failure) [PSYoungGen: 492928K->108000K(522752K)] 1012612K->764668K(1921024K), 0.1003881 secs] [Times: user=0.60 sys=0.00, real=0.10 secs] 
5831.454: [GC (Allocation Failure) [PSYoungGen: 452576K->146080K(491008K)] 1109244K->907277K(1889280K), 0.0539231 secs] [Times: user=0.32 sys=0.00, real=0.06 secs] 
5832.807: [GC (Allocation Failure) [PSYoungGen: 490656K->106816K(521728K)] 1251853K->1005413K(1920000K), 0.1034168 secs] [Times: user=0.56 sys=0.00, real=0.10 secs] 
5833.903: [GC (Allocation Failure) [PSYoungGen: 449856K->152416K(495616K)] 1348453K->1154246K(1893888K), 0.0534174 secs] [Times: user=0.31 sys=0.00, real=0.06 secs] 
5835.263: [GC (Allocation Failure) [PSYoungGen: 495456K->107872K(518656K)] 1497286K->1245126K(1916928K), 0.0661145 secs] [Times: user=0.40 sys=0.00, real=0.07 secs] 
5836.342: [GC (GCLocker Initiated GC) [PSYoungGen: 444256K->138816K(475648K)] 1581510K->1379714K(1873920K), 0.0526240 secs] [Times: user=0.30 sys=0.00, real=0.05 secs] 
5836.395: [Full GC (Ergonomics) [PSYoungGen: 138816K->0K(475648K)] [ParOldGen: 1240898K->183228K(1398272K)] 1379714K->183228K(1873920K), [Metaspace: 59699K->59699K(1105920K)], 0.4455836 secs] [Times: user=2.08 sys=0.00, real=0.45 secs] 
5838.090: [GC (Allocation Failure) [PSYoungGen: 336384K->107392K(518144K)] 519616K->290625K(1916416K), 0.0384445 secs] [Times: user=0.23 sys=0.00, real=0.04 secs] 
5838.998: [GC (Allocation Failure) [PSYoungGen: 445824K->150240K(516096K)] 629057K->436693K(1914368K), 0.0503507 secs] [Times: user=0.30 sys=0.00, real=0.05 secs] 
5840.305: [GC (Allocation Failure) [PSYoungGen: 488672K->105376K(518656K)] 775125K->524981K(1916928K), 0.0646000 secs] [Times: user=0.38 sys=0.00, real=0.07 secs] 
5841.027: [GC (Allocation Failure) [PSYoungGen: 442272K->138912K(476160K)] 861877K->662093K(1874432K), 0.0521952 secs] [Times: user=0.31 sys=0.00, real=0.05 secs] 
5842.323: [GC (GCLocker Initiated GC) [PSYoungGen: 475808K->104416K(518144K)] 998990K->757582K(1916416K), 0.0634084 secs] [Times: user=0.37 sys=0.00, real=0.07 secs] 
5844.037: [GC (Allocation Failure) [PSYoungGen: 442848K->139488K(516608K)] 1096017K->894554K(1914880K), 0.0517157 secs] [Times: user=0.30 sys=0.00, real=0.05 secs] 
5845.546: [GC (GCLocker Initiated GC) [PSYoungGen: 477920K->106272K(519168K)] 1232986K->991730K(1917440K), 0.0905534 secs] [Times: user=0.54 sys=0.00, real=0.10 secs] 
5847.088: [GC (Allocation Failure) [PSYoungGen: 448800K->137632K(519168K)] 1334261K->1127689K(1917440K), 0.0534052 secs] [Times: user=0.32 sys=0.01, real=0.05 secs] 
5848.450: [GC (Allocation Failure) [PSYoungGen: 480160K->108384K(518656K)] 1470217K->1227137K(1916928K), 0.0711861 secs] [Times: user=0.42 sys=0.00, real=0.07 secs] 
5849.320: [GC (Allocation Failure) [PSYoungGen: 454496K->142048K(520192K)] 1573249K->1367054K(1918464K), 0.0545426 secs] [Times: user=0.32 sys=0.00, real=0.05 secs] 
5850.666: [GC (Allocation Failure) [PSYoungGen: 488160K->110112K(521728K)] 1713166K->1467710K(1920000K), 0.0673269 secs] [Times: user=0.39 sys=0.00, real=0.06 secs] 
5850.733: [Full GC (Ergonomics) [PSYoungGen: 110112K->0K(521728K)] [ParOldGen: 1357598K->26428K(1398272K)] 1467710K->26428K(1920000K), [Metaspace: 59699K->59699K(1105920K)], 0.0456018 secs] [Times: user=0.14 sys=0.01, real=0.05 secs] 
5851.730: [GC (GCLocker Initiated GC) [PSYoungGen: 348672K->143744K(522240K)] 375100K->170172K(1920512K), 0.0287572 secs] [Times: user=0.16 sys=0.00, real=0.03 secs] 
5853.098: [GC (Allocation Failure) [PSYoungGen: 492416K->111328K(522752K)] 518883K->272603K(1921024K), 0.0881271 secs] [Times: user=0.53 sys=0.00, real=0.08 secs] 
5854.628: [GC (Allocation Failure) [PSYoungGen: 460512K->143872K(522752K)] 621787K->413214K(1921024K), 0.0535843 secs] [Times: user=0.32 sys=0.00, real=0.05 secs] 
5855.989: [GC (Allocation Failure) [PSYoungGen: 493056K->110432K(523264K)] 762398K->514846K(1921536K), 0.0649167 secs] [Times: user=0.38 sys=0.00, real=0.06 secs] 
5857.576: [GC (Allocation Failure) [PSYoungGen: 460128K->144000K(523264K)] 864542K->656219K(1921536K), 0.0536369 secs] [Times: user=0.32 sys=0.00, real=0.06 secs] 
5858.932: [GC (Allocation Failure) [PSYoungGen: 493696K->110144K(523264K)] 1005915K->757451K(1921536K), 0.1004142 secs] [Times: user=0.60 sys=0.00, real=0.10 secs] 
5860.832: [GC (Allocation Failure) [PSYoungGen: 459840K->142048K(523264K)] 1107147K->896720K(1921536K), 0.0530401 secs] [Times: user=0.31 sys=0.00, real=0.05 secs] 
5862.159: [GC (Allocation Failure) [PSYoungGen: 491744K->109888K(522752K)] 1246416K->997704K(1921024K), 0.0796084 secs] [Times: user=0.47 sys=0.01, real=0.08 secs] 
5863.436: [GC (Allocation Failure) [PSYoungGen: 460096K->146848K(497152K)] 1347912K->1140092K(1895424K), 0.0539734 secs] [Times: user=0.32 sys=0.00, real=0.06 secs] 
5864.753: [GC (Allocation Failure) [PSYoungGen: 497056K->111552K(524800K)] 1490300K->1242605K(1923072K), 0.0665000 secs] [Times: user=0.40 sys=0.00, real=0.07 secs] 
5866.596: [GC (Allocation Failure) [PSYoungGen: 459712K->143680K(522240K)] 1590765K->1382417K(1920512K), 0.0536156 secs] [Times: user=0.31 sys=0.00, real=0.06 secs] 
5866.650: [Full GC (Ergonomics) [PSYoungGen: 143680K->0K(522240K)] [ParOldGen: 1238737K->187337K(1398272K)] 1382417K->187337K(1920512K), [Metaspace: 59699K->59699K(1105920K)], 0.4452283 secs] [Times: user=2.07 sys=0.00, real=0.44 secs] 
5868.309: [GC (Allocation Failure) [PSYoungGen: 348160K->107904K(523264K)] 535497K->295241K(1921536K), 0.0332639 secs] [Times: user=0.19 sys=0.00, real=0.03 secs] 
5869.637: [GC (Allocation Failure) [PSYoungGen: 456064K->146720K(495104K)] 643401K->437474K(1893376K), 0.0518396 secs] [Times: user=0.31 sys=0.00, real=0.05 secs] 
5870.994: [GC (GCLocker Initiated GC) [PSYoungGen: 494880K->109344K(523264K)] 785634K->537866K(1921536K), 0.0658167 secs] [Times: user=0.39 sys=0.00, real=0.07 secs] 
5871.962: [GC (Allocation Failure) [PSYoungGen: 454944K->145792K(491520K)] 883469K->679214K(1889792K), 0.0524840 secs] [Times: user=0.31 sys=0.00, real=0.05 secs] 
5873.268: [GC (Allocation Failure) [PSYoungGen: 491392K->107008K(522240K)] 1024814K->777478K(1920512K), 0.0656607 secs] [Times: user=0.39 sys=0.00, real=0.06 secs] 
5873.937: [GC (Allocation Failure) [PSYoungGen: 451072K->144960K(489472K)] 1121542K->919198K(1887744K), 0.0521018 secs] [Times: user=0.31 sys=0.00, real=0.05 secs] 
5876.366: [GC (Allocation Failure) [PSYoungGen: 489024K->105856K(521728K)] 1263262K->1016414K(1920000K), 0.1228212 secs] [Times: user=0.72 sys=0.00, real=0.12 secs] 
5877.368: [GC (Allocation Failure) [PSYoungGen: 448896K->144192K(487424K)] 1359454K->1156854K(1885696K), 0.0512850 secs] [Times: user=0.30 sys=0.00, real=0.05 secs] 
5879.938: [GC (Allocation Failure) [PSYoungGen: 487232K->103328K(520704K)] 1499894K->1251799K(1918976K), 0.0732443 secs] [Times: user=0.43 sys=0.01, real=0.07 secs] 
5881.164: [GC (Allocation Failure) [PSYoungGen: 444832K->144992K(486912K)] 1593303K->1392871K(1885184K), 0.0509581 secs] [Times: user=0.30 sys=0.00, real=0.05 secs] 
5881.215: [Full GC (Ergonomics) [PSYoungGen: 144992K->0K(486912K)] [ParOldGen: 1247879K->191985K(1398272K)] 1392871K->191985K(1885184K), [Metaspace: 59699K->59699K(1105920K)], 0.4720185 secs] [Times: user=2.21 sys=0.00, real=0.48 secs] 
5882.974: [GC (Allocation Failure) [PSYoungGen: 341504K->105856K(520192K)] 533489K->297841K(1918464K), 0.0498920 secs] [Times: user=0.29 sys=0.00, real=0.05 secs] 
5884.750: [GC (Allocation Failure) [PSYoungGen: 445824K->140160K(518656K)] 637809K->434732K(1916928K), 0.0507227 secs] [Times: user=0.30 sys=0.00, real=0.05 secs] 
5886.143: [GC (Allocation Failure) [PSYoungGen: 480128K->108512K(517632K)] 774700K->534428K(1915904K), 0.0642414 secs] [Times: user=0.38 sys=0.00, real=0.07 secs] 
5886.989: [GC (GCLocker Initiated GC) [PSYoungGen: 450016K->142432K(518144K)] 875939K->670607K(1916416K), 0.0511948 secs] [Times: user=0.30 sys=0.00, real=0.05 secs] 
5888.298: [GC (Allocation Failure) [PSYoungGen: 483936K->107168K(519680K)] 1012150K->768526K(1917952K), 0.0640767 secs] [Times: user=0.38 sys=0.00, real=0.06 secs] 
5889.078: [GC (Allocation Failure) [PSYoungGen: 451232K->144192K(520192K)] 1112590K->909179K(1918464K), 0.0521814 secs] [Times: user=0.31 sys=0.00, real=0.05 secs] 
5890.377: [GC (Allocation Failure) [PSYoungGen: 488256K->106400K(521216K)] 1253243K->1006511K(1919488K), 0.0652029 secs] [Times: user=0.38 sys=0.00, real=0.06 secs] 
5891.316: [GC (Allocation Failure) [PSYoungGen: 450464K->144928K(489472K)] 1350575K->1147094K(1887744K), 0.0526002 secs] [Times: user=0.31 sys=0.00, real=0.06 secs] 
5892.697: [GC (GCLocker Initiated GC) [PSYoungGen: 488992K->108032K(522240K)] 1491158K->1245934K(1920512K), 0.0656203 secs] [Times: user=0.39 sys=0.00, real=0.06 secs] 
5893.740: [GC (Allocation Failure) [PSYoungGen: 451072K->153952K(497152K)] 1589013K->1396540K(1895424K), 0.0541465 secs] [Times: user=0.32 sys=0.00, real=0.05 secs] 
5893.794: [Full GC (Ergonomics) [PSYoungGen: 153952K->0K(497152K)] [ParOldGen: 1242588K->187727K(1398272K)] 1396540K->187727K(1895424K), [Metaspace: 59699K->59699K(1105920K)], 0.4539742 secs] [Times: user=2.11 sys=0.00, real=0.46 secs] 
5895.524: [GC (GCLocker Initiated GC) [PSYoungGen: 343040K->105792K(518144K)] 530768K->293520K(1916416K), 0.0519122 secs] [Times: user=0.30 sys=0.00, real=0.05 secs] 
5896.390: [GC (Allocation Failure) [PSYoungGen: 441664K->141504K(516608K)] 629395K->430920K(1914880K), 0.0503771 secs] [Times: user=0.30 sys=0.00, real=0.05 secs] 
5897.734: [GC (Allocation Failure) [PSYoungGen: 477376K->103648K(516096K)] 766792K->525560K(1914368K), 0.0626745 secs] [Times: user=0.37 sys=0.00, real=0.07 secs] 
5898.978: [GC (Allocation Failure) [PSYoungGen: 440544K->138912K(516608K)] 862456K->660820K(1914880K), 0.0513026 secs] [Times: user=0.30 sys=0.00, real=0.05 secs] 
5900.293: [GC (GCLocker Initiated GC) [PSYoungGen: 475808K->105504K(515072K)] 997716K->757060K(1913344K), 0.0639115 secs] [Times: user=0.38 sys=0.01, real=0.07 secs] 
5901.055: [GC (Allocation Failure) [PSYoungGen: 444960K->142528K(517120K)] 1096587K->897436K(1915392K), 0.0529417 secs] [Times: user=0.31 sys=0.00, real=0.06 secs] 
5902.414: [GC (Allocation Failure) [PSYoungGen: 481984K->105280K(519680K)] 1236892K->993908K(1917952K), 0.0760386 secs] [Times: user=0.45 sys=0.01, real=0.08 secs] 
5903.185: [GC (Allocation Failure) [PSYoungGen: 447296K->141888K(519680K)] 1335924K->1132905K(1917952K), 0.0524237 secs] [Times: user=0.31 sys=0.00, real=0.06 secs] 
5904.604: [GC (Allocation Failure) [PSYoungGen: 483904K->107360K(518144K)] 1474921K->1231105K(1916416K), 0.0778092 secs] [Times: user=0.46 sys=0.00, real=0.08 secs] 
5906.036: [GC (Allocation Failure) [PSYoungGen: 449888K->149344K(492032K)] 1573633K->1378102K(1890304K), 0.0543524 secs] [Times: user=0.32 sys=0.00, real=0.06 secs] 
5907.394: [GC (GCLocker Initiated GC) [PSYoungGen: 491872K->108000K(520192K)] 1720630K->1468887K(1918464K), 0.0760150 secs] [Times: user=0.45 sys=0.00, real=0.08 secs] 
5907.470: [Full GC (Ergonomics) [PSYoungGen: 108000K->0K(520192K)] [ParOldGen: 1360886K->30348K(1398272K)] 1468887K->30348K(1918464K), [Metaspace: 59699K->59699K(1105920K)], 0.0540903 secs] [Times: user=0.18 sys=0.00, real=0.05 secs] 
5908.998: [GC (Allocation Failure) [PSYoungGen: 339456K->139392K(518144K)] 369807K->169743K(1916416K), 0.0282530 secs] [Times: user=0.16 sys=0.00, real=0.03 secs] 
5910.291: [GC (Allocation Failure) [PSYoungGen: 478848K->107552K(518144K)] 509199K->268279K(1916416K), 0.0637123 secs] [Times: user=0.38 sys=0.00, real=0.06 secs] 
5911.464: [GC (Allocation Failure) [PSYoungGen: 449056K->139520K(518144K)] 609783K->406620K(1916416K), 0.0531062 secs] [Times: user=0.31 sys=0.00, real=0.06 secs] 
5912.960: [GC (Allocation Failure) [PSYoungGen: 481024K->109504K(517632K)] 748124K->507188K(1915904K), 0.0655290 secs] [Times: user=0.39 sys=0.00, real=0.06 secs] 
5914.333: [GC (Allocation Failure) [PSYoungGen: 454592K->139040K(519680K)] 852276K->644385K(1917952K), 0.0528897 secs] [Times: user=0.31 sys=0.00, real=0.06 secs] 
5915.670: [GC (GCLocker Initiated GC) [PSYoungGen: 484128K->109664K(520704K)] 989473K->744641K(1918976K), 0.0648637 secs] [Times: user=0.39 sys=0.01, real=0.06 secs] 
5916.509: [GC (Allocation Failure) [PSYoungGen: 458848K->142912K(522240K)] 1093828K->885813K(1920512K), 0.0544818 secs] [Times: user=0.32 sys=0.00, real=0.05 secs] 
5917.920: [GC (Allocation Failure) [PSYoungGen: 492096K->112128K(522752K)] 1234997K->988797K(1921024K), 0.0669699 secs] [Times: user=0.40 sys=0.01, real=0.07 secs] 
5918.814: [GC (Allocation Failure) [PSYoungGen: 462848K->143872K(523264K)] 1339517K->1129698K(1921536K), 0.0548653 secs] [Times: user=0.32 sys=0.00, real=0.06 secs] 
5920.201: [GC (Allocation Failure) [PSYoungGen: 494592K->112480K(523776K)] 1480418K->1232474K(1922048K), 0.0661232 secs] [Times: user=0.39 sys=0.00, real=0.07 secs] 
5921.193: [GC (Allocation Failure) [PSYoungGen: 463712K->145344K(523776K)] 1583706K->1375674K(1922048K), 0.0555121 secs] [Times: user=0.33 sys=0.00, real=0.06 secs] 
5922.558: [GC (Allocation Failure) [PSYoungGen: 496576K->112096K(524288K)] 1726906K->1478667K(1922560K), 0.1072046 secs] [Times: user=0.64 sys=0.01, real=0.10 secs] 
5922.665: [Full GC (Ergonomics) [PSYoungGen: 112096K->0K(524288K)] [ParOldGen: 1366570K->43955K(1398272K)] 1478667K->43955K(1922560K), [Metaspace: 59699K->59699K(1105920K)], 0.0970194 secs] [Times: user=0.40 sys=0.00, real=0.10 secs] 
5924.233: [GC (Allocation Failure) [PSYoungGen: 350720K->142304K(523776K)] 394675K->186259K(1922048K), 0.0287556 secs] [Times: user=0.16 sys=0.00, real=0.03 secs] 
5925.659: [GC (Allocation Failure) [PSYoungGen: 493024K->111616K(523264K)] 536979K->289087K(1921536K), 0.0923118 secs] [Times: user=0.55 sys=0.00, real=0.09 secs] 
5926.914: [GC (Allocation Failure) [PSYoungGen: 462848K->147040K(498688K)] 640319K->430631K(1896960K), 0.0526422 secs] [Times: user=0.31 sys=0.00, real=0.06 secs] 
5928.293: [GC (Allocation Failure) [PSYoungGen: 498272K->113888K(525824K)] 781863K->535815K(1924096K), 0.0909180 secs] [Times: user=0.54 sys=0.00, real=0.09 secs] 
5929.486: [GC (Allocation Failure) [PSYoungGen: 464096K->144832K(523264K)] 886023K->675256K(1921536K), 0.0528128 secs] [Times: user=0.31 sys=0.00, real=0.06 secs] 
5930.969: [GC (Allocation Failure) [PSYoungGen: 495040K->111008K(523776K)] 1025464K->777336K(1922048K), 0.0771558 secs] [Times: user=0.46 sys=0.01, real=0.08 secs] 
5931.489: [GC (Allocation Failure) [PSYoungGen: 448965K->141984K(523264K)] 1115293K->916199K(1921536K), 0.0522509 secs] [Times: user=0.31 sys=0.01, real=0.05 secs] 
5933.432: [GC (Allocation Failure) [PSYoungGen: 491680K->106240K(524288K)] 1265895K->1014063K(1922560K), 0.0926415 secs] [Times: user=0.55 sys=0.01, real=0.09 secs] 
5934.686: [GC (Allocation Failure) [PSYoungGen: 452593K->145248K(496128K)] 1360416K->1155216K(1894400K), 0.0509658 secs] [Times: user=0.30 sys=0.00, real=0.05 secs] 
5936.514: [GC (Allocation Failure) [PSYoungGen: 495968K->107072K(523776K)] 1505936K->1253552K(1922048K), 0.0818392 secs] [Times: user=0.48 sys=0.00, real=0.08 secs] 
5937.859: [GC (Allocation Failure) [PSYoungGen: 454720K->144064K(492032K)] 1601200K->1393405K(1890304K), 0.0517929 secs] [Times: user=0.31 sys=0.00, real=0.05 secs] 
5937.911: [Full GC (Ergonomics) [PSYoungGen: 144064K->0K(492032K)] [ParOldGen: 1249341K->195753K(1398272K)] 1393405K->195753K(1890304K), [Metaspace: 59699K->59699K(1105920K)], 0.4753778 secs] [Times: user=2.22 sys=0.00, real=0.48 secs] 
5939.843: [GC (Allocation Failure) [PSYoungGen: 347648K->105792K(523264K)] 543401K->301545K(1921536K), 0.0506635 secs] [Times: user=0.29 sys=0.00, real=0.05 secs] 
5940.886: [GC (GCLocker Initiated GC) [PSYoungGen: 452416K->144928K(492032K)] 648170K->442610K(1890304K), 0.0500765 secs] [Times: user=0.29 sys=0.00, real=0.05 secs] 
5942.711: [GC (GCLocker Initiated GC) [PSYoungGen: 491552K->105600K(522240K)] 789236K->539676K(1920512K), 0.1152006 secs] [Times: user=0.68 sys=0.01, real=0.11 secs] 
5943.551: [GC (Allocation Failure) [PSYoungGen: 450176K->145632K(490496K)] 884323K->681056K(1888768K), 0.0501319 secs] [Times: user=0.29 sys=0.00, real=0.05 secs] 
5945.313: [GC (Allocation Failure) [PSYoungGen: 490208K->106432K(521728K)] 1025632K->778728K(1920000K), 0.0991833 secs] [Times: user=0.58 sys=0.00, real=0.10 secs] 
5946.365: [GC (Allocation Failure) [PSYoungGen: 448960K->142656K(519680K)] 1121256K->917045K(1917952K), 0.0512325 secs] [Times: user=0.30 sys=0.00, real=0.06 secs] 
5947.870: [GC (Allocation Failure) [PSYoungGen: 485184K->108160K(519168K)] 1259573K->1016221K(1917440K), 0.0918235 secs] [Times: user=0.54 sys=0.00, real=0.09 secs] 
5948.994: [GC (Allocation Failure) [PSYoungGen: 451200K->143040K(519680K)] 1359261K->1155154K(1917952K), 0.0521387 secs] [Times: user=0.31 sys=0.00, real=0.06 secs] 
5950.285: [GC (GCLocker Initiated GC) [PSYoungGen: 486080K->106304K(520704K)] 1498194K->1251978K(1918976K), 0.0650027 secs] [Times: user=0.39 sys=0.00, real=0.07 secs] 
5951.618: [GC (Allocation Failure) [PSYoungGen: 450368K->143200K(520704K)] 1596045K->1390977K(1918976K), 0.0517625 secs] [Times: user=0.30 sys=0.00, real=0.05 secs] 
5951.670: [Full GC (Ergonomics) [PSYoungGen: 143200K->0K(520704K)] [ParOldGen: 1247777K->190358K(1398272K)] 1390977K->190358K(1918976K), [Metaspace: 59699K->59699K(1105920K)], 0.4651558 secs] [Times: user=2.18 sys=0.01, real=0.46 secs] 
5953.362: [GC (Allocation Failure) [PSYoungGen: 344064K->108256K(519680K)] 534422K->298614K(1917952K), 0.0328831 secs] [Times: user=0.19 sys=0.00, real=0.03 secs] 
5954.111: [GC (Allocation Failure) [PSYoungGen: 452320K->146528K(491008K)] 642678K->441570K(1889280K), 0.0520110 secs] [Times: user=0.31 sys=0.01, real=0.05 secs] 
5955.500: [GC (GCLocker Initiated GC) [PSYoungGen: 490592K->104000K(521216K)] 785635K->536971K(1919488K), 0.0655302 secs] [Times: user=0.38 sys=0.01, real=0.06 secs] 
5956.720: [GC (Allocation Failure) [PSYoungGen: 446016K->153376K(495616K)] 878990K->686418K(1893888K), 0.0511471 secs] [Times: user=0.31 sys=0.00, real=0.05 secs] 
5958.124: [GC (Allocation Failure) [PSYoungGen: 495392K->105536K(517632K)] 1028434K->775038K(1915904K), 0.0647214 secs] [Times: user=0.38 sys=0.01, real=0.07 secs] 
5959.192: [GC (Allocation Failure) [PSYoungGen: 439872K->148640K(483328K)] 1109374K->919847K(1881600K), 0.0510961 secs] [Times: user=0.30 sys=0.00, real=0.05 secs] 
5960.498: [GC (GCLocker Initiated GC) [PSYoungGen: 482976K->103744K(516096K)] 1254183K->1006571K(1914368K), 0.0646382 secs] [Times: user=0.38 sys=0.01, real=0.06 secs] 
5961.343: [GC (GCLocker Initiated GC) [PSYoungGen: 435520K->136640K(468480K)] 1338352K->1139313K(1866752K), 0.0515655 secs] [Times: user=0.30 sys=0.01, real=0.05 secs] 
5962.994: [GC (GCLocker Initiated GC) [PSYoungGen: 468416K->103296K(514560K)] 1471093K->1233789K(1912832K), 0.0649161 secs] [Times: user=0.38 sys=0.00, real=0.07 secs] 
5963.740: [GC (Allocation Failure) [PSYoungGen: 436608K->138720K(513024K)] 1567172K->1369672K(1911296K), 0.0519179 secs] [Times: user=0.31 sys=0.00, real=0.05 secs] 
5963.792: [Full GC (Ergonomics) [PSYoungGen: 138720K->0K(513024K)] [ParOldGen: 1230952K->168163K(1398272K)] 1369672K->168163K(1911296K), [Metaspace: 59699K->59699K(1105920K)], 0.4084152 secs] [Times: user=1.90 sys=0.00, real=0.41 secs] 
5965.474: [GC (GCLocker Initiated GC) [PSYoungGen: 333312K->103296K(517632K)] 501476K->271460K(1915904K), 0.0377191 secs] [Times: user=0.22 sys=0.00, real=0.04 secs] 
5966.438: [GC (Allocation Failure) [PSYoungGen: 442752K->149088K(488960K)] 610919K->418690K(1887232K), 0.0533267 secs] [Times: user=0.31 sys=0.00, real=0.05 secs] 
5967.764: [GC (Allocation Failure) [PSYoungGen: 488544K->106848K(519168K)] 758146K->508438K(1917440K), 0.0713305 secs] [Times: user=0.42 sys=0.00, real=0.07 secs] 
5969.379: [GC (Allocation Failure) [PSYoungGen: 443744K->137632K(474624K)] 845334K->644487K(1872896K), 0.0525510 secs] [Times: user=0.31 sys=0.00, real=0.05 secs] 
5970.856: [GC (Allocation Failure) [PSYoungGen: 474528K->107488K(518144K)] 981383K->743063K(1916416K), 0.0647245 secs] [Times: user=0.38 sys=0.01, real=0.06 secs] 
5972.146: [GC (Allocation Failure) [PSYoungGen: 446432K->136480K(516096K)] 1082007K->877692K(1914368K), 0.0529795 secs] [Times: user=0.31 sys=0.00, real=0.06 secs] 
5973.483: [GC (Allocation Failure) [PSYoungGen: 475424K->111872K(518144K)] 1216636K->980492K(1916416K), 0.0657316 secs] [Times: user=0.39 sys=0.01, real=0.07 secs] 
5975.070: [GC (Allocation Failure) [PSYoungGen: 456960K->134592K(518656K)] 1325580K->1113629K(1916928K), 0.0541104 secs] [Times: user=0.32 sys=0.00, real=0.05 secs] 
5977.172: [GC (GCLocker Initiated GC) [PSYoungGen: 479680K->114784K(519680K)] 1458718K->1219022K(1917952K), 0.0660627 secs] [Times: user=0.39 sys=0.00, real=0.07 secs] 
5978.454: [GC (Allocation Failure) [PSYoungGen: 467552K->146080K(522240K)] 1571859K->1363584K(1920512K), 0.0551331 secs] [Times: user=0.32 sys=0.00, real=0.06 secs] 
5979.876: [GC (Allocation Failure) [PSYoungGen: 498848K->114944K(526848K)] 1716352K->1460960K(1925120K), 0.0701490 secs] [Times: user=0.41 sys=0.00, real=0.08 secs] 
5979.946: [Full GC (Ergonomics) [PSYoungGen: 114944K->0K(526848K)] [ParOldGen: 1346016K->21055K(1398272K)] 1460960K->21055K(1925120K), [Metaspace: 59699K->59699K(1105920K)], 0.0348842 secs] [Times: user=0.09 sys=0.00, real=0.03 secs] 
5981.404: [GC (Allocation Failure) [PSYoungGen: 355328K->142016K(525824K)] 376383K->163071K(1924096K), 0.0282312 secs] [Times: user=0.16 sys=0.00, real=0.03 secs] 
5982.736: [GC (Allocation Failure) [PSYoungGen: 497344K->113184K(525824K)] 518399K->266955K(1924096K), 0.0692566 secs] [Times: user=0.41 sys=0.00, real=0.07 secs] 
5984.307: [GC (Allocation Failure) [PSYoungGen: 469536K->143904K(526336K)] 623307K->408712K(1924608K), 0.0537192 secs] [Times: user=0.32 sys=0.00, real=0.05 secs] 
5985.664: [GC (GCLocker Initiated GC) [PSYoungGen: 500256K->113664K(526336K)] 765071K->513335K(1924608K), 0.0855006 secs] [Times: user=0.50 sys=0.01, real=0.09 secs] 
5987.159: [GC (Allocation Failure) [PSYoungGen: 470016K->152224K(508928K)] 869726K->662643K(1907200K), 0.0548644 secs] [Times: user=0.32 sys=0.00, real=0.05 secs] 
5988.552: [GC (Allocation Failure) [PSYoungGen: 508576K->114208K(525824K)] 1018995K->759523K(1924096K), 0.1034382 secs] [Times: user=0.61 sys=0.00, real=0.10 secs] 
5989.994: [GC (Allocation Failure) [PSYoungGen: 464416K->145632K(523264K)] 1109731K->900796K(1921536K), 0.0548223 secs] [Times: user=0.32 sys=0.00, real=0.06 secs] 
5991.346: [GC (Allocation Failure) [PSYoungGen: 495840K->111552K(524288K)] 1251004K->1002936K(1922560K), 0.0651067 secs] [Times: user=0.38 sys=0.00, real=0.07 secs] 
5992.871: [GC (Allocation Failure) [PSYoungGen: 460736K->144608K(523264K)] 1352120K->1143485K(1921536K), 0.0537566 secs] [Times: user=0.32 sys=0.00, real=0.05 secs] 
5994.176: [GC (GCLocker Initiated GC) [PSYoungGen: 493792K->112064K(523264K)] 1492669K->1246365K(1921536K), 0.0667934 secs] [Times: user=0.39 sys=0.00, real=0.06 secs] 
5994.914: [GC (GCLocker Initiated GC) [PSYoungGen: 461248K->147968K(497664K)] 1595553K->1390038K(1895936K), 0.0545540 secs] [Times: user=0.32 sys=0.00, real=0.06 secs] 
5994.968: [Full GC (Ergonomics) [PSYoungGen: 147968K->0K(497664K)] [ParOldGen: 1242070K->195541K(1398272K)] 1390038K->195541K(1895936K), [Metaspace: 59699K->59699K(1105920K)], 0.4787104 secs] [Times: user=2.24 sys=0.00, real=0.48 secs] 
5996.942: [GC (Allocation Failure) [PSYoungGen: 349184K->106976K(522752K)] 544730K->302522K(1921024K), 0.0551210 secs] [Times: user=0.32 sys=0.00, real=0.06 secs] 
5998.485: [GC (Allocation Failure) [PSYoungGen: 452576K->144288K(489984K)] 648122K->441890K(1888256K), 0.0504460 secs] [Times: user=0.29 sys=0.00, real=0.05 secs] 
5999.906: [GC (Allocation Failure) [PSYoungGen: 489888K->107008K(522752K)] 787490K->540250K(1921024K), 0.0949397 secs] [Times: user=0.56 sys=0.00, real=0.09 secs] 
6001.401: [GC (Allocation Failure) [PSYoungGen: 452096K->142848K(521216K)] 885338K->678974K(1919488K), 0.0511135 secs] [Times: user=0.31 sys=0.00, real=0.05 secs] 
6002.791: [GC (Allocation Failure) [PSYoungGen: 487936K->108992K(520192K)] 1024062K->779242K(1918464K), 0.0897298 secs] [Times: user=0.53 sys=0.01, real=0.09 secs] 
6003.499: [GC (Allocation Failure) [PSYoungGen: 445880K->143904K(520704K)] 1116130K->918974K(1918976K), 0.0522596 secs] [Times: user=0.30 sys=0.00, real=0.05 secs] 
6004.907: [GC (Allocation Failure) [PSYoungGen: 488992K->104928K(522240K)] 1264062K->1015171K(1920512K), 0.0927518 secs] [Times: user=0.55 sys=0.00, real=0.09 secs] 
6006.203: [GC (Allocation Failure) [PSYoungGen: 449946K->145920K(491520K)] 1360189K->1157247K(1889792K), 0.0505507 secs] [Times: user=0.30 sys=0.01, real=0.05 secs] 
6007.705: [GC (Allocation Failure) [PSYoungGen: 491008K->106112K(521216K)] 1502335K->1254691K(1919488K), 0.0732167 secs] [Times: user=0.43 sys=0.00, real=0.08 secs] 
6009.162: [GC (Allocation Failure) [PSYoungGen: 448640K->144704K(487424K)] 1597219K->1395472K(1885696K), 0.0512092 secs] [Times: user=0.30 sys=0.00, real=0.05 secs] 
6009.213: [Full GC (Ergonomics) [PSYoungGen: 144704K->0K(487424K)] [ParOldGen: 1250768K->195453K(1398272K)] 1395472K->195453K(1885696K), [Metaspace: 59699K->59699K(1105920K)], 0.4678299 secs] [Times: user=2.17 sys=0.00, real=0.47 secs] 
6010.996: [GC (Allocation Failure) [PSYoungGen: 342528K->104288K(520704K)] 537981K->299741K(1918976K), 0.0465730 secs] [Times: user=0.27 sys=0.00, real=0.05 secs] 
6012.621: [GC (Allocation Failure) [PSYoungGen: 445792K->142624K(519680K)] 641245K->438498K(1917952K), 0.0498010 secs] [Times: user=0.29 sys=0.00, real=0.05 secs] 
6013.900: [GC (Allocation Failure) [PSYoungGen: 484128K->105600K(518656K)] 780002K->535306K(1916928K), 0.0645205 secs] [Times: user=0.38 sys=0.00, real=0.06 secs] 
6015.343: [GC (Allocation Failure) [PSYoungGen: 447104K->142944K(519168K)] 876810K->674183K(1917440K), 0.0514797 secs] [Times: user=0.31 sys=0.00, real=0.05 secs] 
6016.637: [GC (Allocation Failure) [PSYoungGen: 484448K->105856K(519680K)] 1015687K->771231K(1917952K), 0.0645851 secs] [Times: user=0.38 sys=0.00, real=0.06 secs] 
6017.693: [GC (Allocation Failure) [PSYoungGen: 447872K->143808K(519680K)] 1113247K->910860K(1917952K), 0.0520490 secs] [Times: user=0.30 sys=0.00, real=0.05 secs] 
6018.983: [GC (Allocation Failure) [PSYoungGen: 485824K->104960K(519680K)] 1252876K->1006860K(1917952K), 0.0661555 secs] [Times: user=0.39 sys=0.00, real=0.07 secs] 
6020.118: [GC (Allocation Failure) [PSYoungGen: 446976K->144128K(486400K)] 1348876K->1146721K(1884672K), 0.0524613 secs] [Times: user=0.31 sys=0.00, real=0.05 secs] 
6021.420: [GC (Allocation Failure) [PSYoungGen: 486144K->107840K(521216K)] 1488737K->1245397K(1919488K), 0.0661745 secs] [Times: user=0.39 sys=0.01, real=0.07 secs] 
6022.371: [GC (Allocation Failure) [PSYoungGen: 449344K->150176K(492032K)] 1586901K->1391249K(1890304K), 0.0532937 secs] [Times: user=0.31 sys=0.00, real=0.05 secs] 
6022.424: [Full GC (Ergonomics) [PSYoungGen: 150176K->0K(492032K)] [ParOldGen: 1241073K->183381K(1398272K)] 1391249K->183381K(1890304K), [Metaspace: 59699K->59699K(1105920K)], 0.4462657 secs] [Times: user=2.07 sys=0.00, real=0.45 secs] 
6024.063: [GC (GCLocker Initiated GC) [PSYoungGen: 341504K->105792K(519168K)] 524886K->289174K(1917440K), 0.0331297 secs] [Times: user=0.19 sys=0.00, real=0.04 secs] 
6024.835: [GC (Allocation Failure) [PSYoungGen: 443200K->142240K(517120K)] 626585K->427746K(1915392K), 0.0522419 secs] [Times: user=0.30 sys=0.00, real=0.06 secs] 
6026.153: [GC (GCLocker Initiated GC) [PSYoungGen: 479648K->103584K(517120K)] 765155K->522299K(1915392K), 0.0930745 secs] [Times: user=0.55 sys=0.01, real=0.10 secs] 
6027.909: [GC (Allocation Failure) [PSYoungGen: 442016K->137760K(517632K)] 860733K->657225K(1915904K), 0.0512111 secs] [Times: user=0.29 sys=0.00, real=0.05 secs] 
6029.229: [GC (Allocation Failure) [PSYoungGen: 476192K->108032K(515584K)] 995657K->756201K(1913856K), 0.0815594 secs] [Times: user=0.48 sys=0.00, real=0.08 secs] 
6030.822: [GC (Allocation Failure) [PSYoungGen: 449024K->138592K(517632K)] 1097193K->892702K(1915904K), 0.0529629 secs] [Times: user=0.32 sys=0.00, real=0.05 secs] 
6032.181: [GC (Allocation Failure) [PSYoungGen: 479584K->107968K(518144K)] 1233694K->991774K(1916416K), 0.0644161 secs] [Times: user=0.38 sys=0.00, real=0.06 secs] 
6033.193: [GC (Allocation Failure) [PSYoungGen: 453568K->142528K(520192K)] 1337374K->1131975K(1918464K), 0.0532210 secs] [Times: user=0.31 sys=0.00, real=0.05 secs] 
6034.557: [GC (Allocation Failure) [PSYoungGen: 488128K->108320K(522240K)] 1477575K->1231111K(1920512K), 0.0753343 secs] [Times: user=0.44 sys=0.01, real=0.07 secs] 
6036.031: [GC (Allocation Failure) [PSYoungGen: 455968K->141760K(522240K)] 1578759K->1370012K(1920512K), 0.0544475 secs] [Times: user=0.32 sys=0.00, real=0.05 secs] 
6037.359: [GC (GCLocker Initiated GC) [PSYoungGen: 489408K->109856K(520704K)] 1717662K->1470726K(1918976K), 0.0668496 secs] [Times: user=0.40 sys=0.00, real=0.06 secs] 
6037.426: [Full GC (Ergonomics) [PSYoungGen: 109856K->0K(520704K)] [ParOldGen: 1360870K->30595K(1398272K)] 1470726K->30595K(1918976K), [Metaspace: 59699K->59699K(1105920K)], 0.0570385 secs] [Times: user=0.19 sys=0.00, real=0.06 secs] 
6038.764: [GC (GCLocker Initiated GC) [PSYoungGen: 348160K->140416K(521728K)] 378757K->171013K(1920000K), 0.0283052 secs] [Times: user=0.16 sys=0.00, real=0.03 secs] 
6040.068: [GC (GCLocker Initiated GC) [PSYoungGen: 488576K->111712K(521216K)] 519175K->273175K(1919488K), 0.0639581 secs] [Times: user=0.38 sys=0.00, real=0.06 secs] 
6040.988: [GC (Allocation Failure) [PSYoungGen: 462432K->145216K(522752K)] 623898K->415647K(1921024K), 0.0535852 secs] [Times: user=0.32 sys=0.00, real=0.05 secs] 
6042.375: [GC (Allocation Failure) [PSYoungGen: 495936K->110624K(524800K)] 766367K->517115K(1923072K), 0.0655569 secs] [Times: user=0.39 sys=0.00, real=0.07 secs] 
6043.270: [GC (Allocation Failure) [PSYoungGen: 461344K->144768K(495616K)] 867835K->659700K(1893888K), 0.0545003 secs] [Times: user=0.32 sys=0.00, real=0.05 secs] 
6044.626: [GC (Allocation Failure) [PSYoungGen: 495488K->112128K(525824K)] 1010420K->763000K(1924096K), 0.1000552 secs] [Times: user=0.59 sys=0.01, real=0.10 secs] 
6046.280: [GC (Allocation Failure) [PSYoungGen: 462336K->144352K(523264K)] 1113208K->903893K(1921536K), 0.0542128 secs] [Times: user=0.32 sys=0.00, real=0.05 secs] 
6047.944: [GC (Allocation Failure) [PSYoungGen: 494560K->110144K(523776K)] 1254101K->1005205K(1922048K), 0.0661355 secs] [Times: user=0.39 sys=0.01, real=0.07 secs] 
6049.319: [GC (Allocation Failure) [PSYoungGen: 459840K->146112K(496128K)] 1354901K->1146921K(1894400K), 0.0529504 secs] [Times: user=0.31 sys=0.00, real=0.05 secs] 
6050.620: [GC (GCLocker Initiated GC) [PSYoungGen: 495808K->107872K(523776K)] 1496618K->1245762K(1922048K), 0.0658439 secs] [Times: user=0.38 sys=0.01, real=0.06 secs] 
6051.896: [GC (Allocation Failure) [PSYoungGen: 455008K->152512K(499712K)] 1592901K->1393497K(1897984K), 0.0524034 secs] [Times: user=0.30 sys=0.00, real=0.06 secs] 
6051.948: [Full GC (Ergonomics) [PSYoungGen: 152512K->0K(499712K)] [ParOldGen: 1240985K->189670K(1398272K)] 1393497K->189670K(1897984K), [Metaspace: 59699K->59699K(1105920K)], 0.4591826 secs] [Times: user=2.14 sys=0.01, real=0.46 secs] 
6053.620: [GC (Allocation Failure) [PSYoungGen: 347136K->110368K(521216K)] 536806K->300038K(1919488K), 0.0330372 secs] [Times: user=0.19 sys=0.00, real=0.03 secs] 
6055.282: [GC (Allocation Failure) [PSYoungGen: 451360K->141728K(518656K)] 641030K->437087K(1916928K), 0.0514406 secs] [Times: user=0.31 sys=0.00, real=0.05 secs] 
6056.629: [GC (Allocation Failure) [PSYoungGen: 482720K->107520K(519680K)] 778079K->535359K(1917952K), 0.0639127 secs] [Times: user=0.38 sys=0.01, real=0.06 secs] 
6057.443: [GC (Allocation Failure) [PSYoungGen: 450048K->144352K(519680K)] 877887K->675476K(1917952K), 0.0524815 secs] [Times: user=0.31 sys=0.00, real=0.05 secs] 
6058.852: [GC (GCLocker Initiated GC) [PSYoungGen: 486880K->104960K(520704K)] 1018006K->771498K(1918976K), 0.1019146 secs] [Times: user=0.60 sys=0.00, real=0.10 secs] 
6059.669: [GC (Allocation Failure) [PSYoungGen: 447488K->145632K(488448K)] 1114096K->913605K(1886720K), 0.0528392 secs] [Times: user=0.31 sys=0.00, real=0.05 secs] 
6061.209: [GC (Allocation Failure) [PSYoungGen: 488160K->103776K(520192K)] 1256133K->1008693K(1918464K), 0.0734133 secs] [Times: user=0.43 sys=0.00, real=0.07 secs] 
6062.413: [GC (Allocation Failure) [PSYoungGen: 444256K->145344K(485888K)] 1349173K->1149682K(1884160K), 0.0530529 secs] [Times: user=0.32 sys=0.00, real=0.05 secs] 
6063.702: [GC (GCLocker Initiated GC) [PSYoungGen: 485824K->103712K(519680K)] 1490162K->1244590K(1917952K), 0.0663114 secs] [Times: user=0.40 sys=0.00, real=0.07 secs] 
6064.717: [GC (Allocation Failure) [PSYoungGen: 442656K->140480K(518144K)] 1583573K->1381370K(1916416K), 0.0525396 secs] [Times: user=0.31 sys=0.00, real=0.05 secs] 
6064.769: [Full GC (Ergonomics) [PSYoungGen: 140480K->0K(518144K)] [ParOldGen: 1240890K->180017K(1398272K)] 1381370K->180017K(1916416K), [Metaspace: 59699K->59699K(1105920K)], 0.4361217 secs] [Times: user=2.02 sys=0.00, real=0.43 secs] 
6066.434: [GC (GCLocker Initiated GC) [PSYoungGen: 338944K->103744K(517632K)] 518962K->283762K(1915904K), 0.0460566 secs] [Times: user=0.26 sys=0.00, real=0.05 secs] 
6068.555: [GC (Allocation Failure) [PSYoungGen: 443712K->138592K(518144K)] 623800K->419225K(1916416K), 0.0509669 secs] [Times: user=0.30 sys=0.00, real=0.05 secs] 
6069.867: [GC (GCLocker Initiated GC) [PSYoungGen: 478560K->107168K(516608K)] 759194K->517450K(1914880K), 0.0651785 secs] [Times: user=0.38 sys=0.00, real=0.06 secs] 
6070.648: [GC (Allocation Failure) [PSYoungGen: 449696K->148608K(518656K)] 860017K->663705K(1916928K), 0.0540429 secs] [Times: user=0.32 sys=0.00, real=0.05 secs] 
6072.050: [GC (Allocation Failure) [PSYoungGen: 491136K->109888K(520192K)] 1006233K->755713K(1918464K), 0.0693846 secs] [Times: user=0.40 sys=0.01, real=0.07 secs] 
6073.603: [GC (Allocation Failure) [PSYoungGen: 450880K->138048K(518656K)] 1096705K->890933K(1916928K), 0.0538202 secs] [Times: user=0.31 sys=0.00, real=0.06 secs] 
6074.981: [GC (Allocation Failure) [PSYoungGen: 479040K->110336K(518144K)] 1231925K->991629K(1916416K), 0.0665257 secs] [Times: user=0.40 sys=0.00, real=0.07 secs] 
6075.923: [GC (Allocation Failure) [PSYoungGen: 454400K->139232K(518656K)] 1335693K->1128098K(1916928K), 0.0549139 secs] [Times: user=0.32 sys=0.00, real=0.06 secs] 
6077.332: [GC (GCLocker Initiated GC) [PSYoungGen: 483296K->109440K(520704K)] 1472163K->1227747K(1918976K), 0.0764867 secs] [Times: user=0.45 sys=0.00, real=0.08 secs] 
6078.135: [GC (Allocation Failure) [PSYoungGen: 458624K->152896K(502272K)] 1576934K->1378563K(1900544K), 0.0553932 secs] [Times: user=0.32 sys=0.00, real=0.06 secs] 
6079.585: [GC (Allocation Failure) [PSYoungGen: 502080K->108544K(522240K)] 1727747K->1470027K(1920512K), 0.0989801 secs] [Times: user=0.59 sys=0.00, real=0.10 secs] 
6079.684: [Full GC (Ergonomics) [PSYoungGen: 108544K->0K(522240K)] [ParOldGen: 1361483K->31602K(1398272K)] 1470027K->31602K(1920512K), [Metaspace: 59699K->59699K(1105920K)], 0.0634425 secs] [Times: user=0.23 sys=0.00, real=0.07 secs] 
6080.995: [GC (Allocation Failure) [PSYoungGen: 343552K->143392K(520192K)] 375154K->174995K(1918464K), 0.0288540 secs] [Times: user=0.17 sys=0.00, real=0.03 secs] 
6082.371: [GC (Allocation Failure) [PSYoungGen: 486944K->108064K(520192K)] 518547K->274083K(1918464K), 0.0640500 secs] [Times: user=0.38 sys=0.00, real=0.06 secs] 
6083.817: [GC (Allocation Failure) [PSYoungGen: 451616K->141472K(520192K)] 617635K->412975K(1918464K), 0.0519646 secs] [Times: user=0.31 sys=0.00, real=0.05 secs] 
6085.164: [GC (Allocation Failure) [PSYoungGen: 485024K->108064K(519168K)] 756527K->512047K(1917440K), 0.0636841 secs] [Times: user=0.38 sys=0.00, real=0.07 secs] 
6086.827: [GC (Allocation Failure) [PSYoungGen: 452640K->141920K(520192K)] 856623K->651364K(1918464K), 0.0529898 secs] [Times: user=0.32 sys=0.00, real=0.05 secs] 
6088.178: [GC (Allocation Failure) [PSYoungGen: 486496K->110848K(520192K)] 995940K->753244K(1918464K), 0.0659252 secs] [Times: user=0.38 sys=0.01, real=0.06 secs] 
6089.271: [GC (Allocation Failure) [PSYoungGen: 457472K->142944K(521216K)] 1099868K->892929K(1919488K), 0.0549675 secs] [Times: user=0.31 sys=0.00, real=0.06 secs] 
6090.833: [GC (GCLocker Initiated GC) [PSYoungGen: 489568K->110752K(521728K)] 1239553K->994069K(1920000K), 0.0659898 secs] [Times: user=0.39 sys=0.00, real=0.07 secs] 
6091.852: [GC (Allocation Failure) [PSYoungGen: 458912K->144416K(522240K)] 1342232K->1135597K(1920512K), 0.0542576 secs] [Times: user=0.32 sys=0.00, real=0.06 secs] 
6093.220: [GC (GCLocker Initiated GC) [PSYoungGen: 492576K->108192K(523264K)] 1483760K->1234828K(1921536K), 0.0989460 secs] [Times: user=0.52 sys=0.01, real=0.10 secs] 
6093.920: [GC (Allocation Failure) [PSYoungGen: 456352K->146272K(494592K)] 1582991K->1377236K(1892864K), 0.0545119 secs] [Times: user=0.32 sys=0.00, real=0.05 secs] 
6095.264: [GC (GCLocker Initiated GC) [PSYoungGen: 494432K->110400K(523264K)] 1725396K->1478700K(1921536K), 0.0670777 secs] [Times: user=0.40 sys=0.00, real=0.07 secs] 
6095.331: [Full GC (Ergonomics) [PSYoungGen: 110400K->0K(523264K)] [ParOldGen: 1368300K->47343K(1398272K)] 1478700K->47343K(1921536K), [Metaspace: 59699K->59699K(1105920K)], 0.0950714 secs] [Times: user=0.38 sys=0.00, real=0.09 secs] 
6097.037: [GC (Allocation Failure) [PSYoungGen: 345600K->151008K(496640K)] 392982K->198390K(1894912K), 0.0290126 secs] [Times: user=0.17 sys=0.00, real=0.02 secs] 
6098.383: [GC (Allocation Failure) [PSYoungGen: 496608K->109632K(521216K)] 543990K->291118K(1919488K), 0.0641124 secs] [Times: user=0.39 sys=0.00, real=0.07 secs] 
6099.454: [GC (Allocation Failure) [PSYoungGen: 451136K->141536K(519168K)] 632622K->429067K(1917440K), 0.0525074 secs] [Times: user=0.30 sys=0.01, real=0.06 secs] 
6100.829: [GC (Allocation Failure) [PSYoungGen: 483040K->107520K(519680K)] 770571K->527083K(1917952K), 0.0839532 secs] [Times: user=0.49 sys=0.00, real=0.08 secs] 
6101.762: [GC (Allocation Failure) [PSYoungGen: 450560K->145824K(519680K)] 870123K->669948K(1917952K), 0.0531191 secs] [Times: user=0.31 sys=0.00, real=0.05 secs] 
6103.106: [GC (Allocation Failure) [PSYoungGen: 488864K->106368K(520704K)] 1012988K->767372K(1918976K), 0.0658938 secs] [Times: user=0.38 sys=0.00, real=0.07 secs] 
6104.305: [GC (Allocation Failure) [PSYoungGen: 448384K->142944K(519680K)] 1109388K->906649K(1917952K), 0.0517490 secs] [Times: user=0.31 sys=0.00, real=0.06 secs] 
6105.675: [GC (GCLocker Initiated GC) [PSYoungGen: 484960K->106400K(519168K)] 1248665K->1004233K(1917440K), 0.0659304 secs] [Times: user=0.38 sys=0.00, real=0.07 secs] 
6107.060: [GC (Allocation Failure) [PSYoungGen: 448928K->142240K(519680K)] 1346831K->1142384K(1917952K), 0.0527364 secs] [Times: user=0.31 sys=0.00, real=0.05 secs] 
6108.355: [GC (GCLocker Initiated GC) [PSYoungGen: 484768K->106816K(519680K)] 1484912K->1240272K(1917952K), 0.0657322 secs] [Times: user=0.39 sys=0.00, real=0.07 secs] 
6109.175: [GC (Allocation Failure) [PSYoungGen: 450368K->152736K(496640K)] 1583863K->1388908K(1894912K), 0.0544677 secs] [Times: user=0.32 sys=0.00, real=0.06 secs] 
6109.230: [Full GC (Ergonomics) [PSYoungGen: 152736K->0K(496640K)] [ParOldGen: 1236172K->183279K(1398272K)] 1388908K->183279K(1894912K), [Metaspace: 59699K->59699K(1105920K)], 0.4409379 secs] [Times: user=2.04 sys=0.00, real=0.44 secs] 
6110.952: [GC (Allocation Failure) [PSYoungGen: 343552K->106304K(518656K)] 526831K->289583K(1916928K), 0.0440404 secs] [Times: user=0.26 sys=0.00, real=0.05 secs] 
6111.738: [GC (Allocation Failure) [PSYoungGen: 443200K->141920K(517120K)] 626479K->427412K(1915392K), 0.0516083 secs] [Times: user=0.30 sys=0.00, real=0.05 secs] 
6113.041: [GC (Allocation Failure) [PSYoungGen: 478816K->104576K(516608K)] 764308K->522896K(1914880K), 0.0630171 secs] [Times: user=0.38 sys=0.01, real=0.06 secs] 
6113.938: [GC (Allocation Failure) [PSYoungGen: 442496K->141472K(517120K)] 860816K->661885K(1915392K), 0.0519816 secs] [Times: user=0.31 sys=0.00, real=0.05 secs] 
6115.250: [GC (Allocation Failure) [PSYoungGen: 479392K->103488K(518144K)] 999805K->756589K(1916416K), 0.0700106 secs] [Times: user=0.41 sys=0.00, real=0.07 secs] 
6116.580: [GC (Allocation Failure) [PSYoungGen: 443456K->148448K(488448K)] 1096557K->902618K(1886720K), 0.0522977 secs] [Times: user=0.30 sys=0.00, real=0.05 secs] 
6117.898: [GC (GCLocker Initiated GC) [PSYoungGen: 488416K->105536K(518656K)] 1242586K->990914K(1916928K), 0.0875633 secs] [Times: user=0.52 sys=0.00, real=0.08 secs] 
6119.891: [GC (Allocation Failure) [PSYoungGen: 441920K->137984K(474624K)] 1327301K->1125978K(1872896K), 0.0524923 secs] [Times: user=0.31 sys=0.00, real=0.05 secs] 
6121.362: [GC (GCLocker Initiated GC) [PSYoungGen: 474368K->104416K(517632K)] 1462362K->1221226K(1915904K), 0.0968764 secs] [Times: user=0.57 sys=0.00, real=0.10 secs] 
6122.855: [GC (Allocation Failure) [PSYoungGen: 442336K->136736K(516096K)] 1559184K->1356109K(1914368K), 0.0524731 secs] [Times: user=0.31 sys=0.00, real=0.06 secs] 
6124.274: [GC (Allocation Failure) [PSYoungGen: 474656K->109440K(518144K)] 1694029K->1456501K(1916416K), 0.0651405 secs] [Times: user=0.39 sys=0.00, real=0.07 secs] 
6124.339: [Full GC (Ergonomics) [PSYoungGen: 109440K->0K(518144K)] [ParOldGen: 1347061K->18347K(1398272K)] 1456501K->18347K(1916416K), [Metaspace: 59699K->59699K(1105920K)], 0.0285548 secs] [Times: user=0.07 sys=0.01, real=0.03 secs] 
6126.275: [GC (Allocation Failure) [PSYoungGen: 343552K->134624K(518144K)] 361899K->152972K(1916416K), 0.0268125 secs] [Times: user=0.15 sys=0.00, real=0.03 secs] 
6127.649: [GC (Allocation Failure) [PSYoungGen: 478176K->113440K(520192K)] 496524K->257132K(1918464K), 0.0643301 secs] [Times: user=0.38 sys=0.00, real=0.06 secs] 
6129.265: [GC (Allocation Failure) [PSYoungGen: 464160K->138144K(521728K)] 607852K->393776K(1920000K), 0.0533324 secs] [Times: user=0.31 sys=0.00, real=0.06 secs] 
6130.624: [GC (Allocation Failure) [PSYoungGen: 488864K->112576K(523264K)] 744496K->497208K(1921536K), 0.0690773 secs] [Times: user=0.36 sys=0.00, real=0.07 secs] 
6131.780: [GC (Allocation Failure) [PSYoungGen: 468928K->145120K(525312K)] 853560K->641065K(1923584K), 0.0543189 secs] [Times: user=0.32 sys=0.01, real=0.05 secs] 
6133.150: [GC (GCLocker Initiated GC) [PSYoungGen: 501472K->111840K(527360K)] 997419K->744035K(1925632K), 0.0786170 secs] [Times: user=0.47 sys=0.00, real=0.08 secs] 
6134.989: [GC (Allocation Failure) [PSYoungGen: 468192K->153856K(510464K)] 1100425K->895206K(1908736K), 0.0547393 secs] [Times: user=0.32 sys=0.00, real=0.05 secs] 
6136.326: [GC (GCLocker Initiated GC) [PSYoungGen: 510208K->112544K(524800K)] 1251559K->990487K(1923072K), 0.0669161 secs] [Times: user=0.38 sys=0.00, real=0.07 secs] 
6137.757: [GC (Allocation Failure) [PSYoungGen: 460704K->144256K(522240K)] 1338650K->1131326K(1920512K), 0.0544041 secs] [Times: user=0.32 sys=0.00, real=0.05 secs] 
6139.136: [GC (Allocation Failure) [PSYoungGen: 492416K->111456K(522752K)] 1479486K->1233602K(1921024K), 0.0668378 secs] [Times: user=0.40 sys=0.00, real=0.07 secs] 
6139.964: [GC (Allocation Failure) [PSYoungGen: 460128K->144960K(522752K)] 1582274K->1375630K(1921024K), 0.0544504 secs] [Times: user=0.33 sys=0.00, real=0.06 secs] 
6141.289: [GC (GCLocker Initiated GC) [PSYoungGen: 493632K->107232K(523776K)] 1724302K->1473774K(1922048K), 0.0655058 secs] [Times: user=0.39 sys=0.00, real=0.06 secs] 
6141.354: [Full GC (Ergonomics) [PSYoungGen: 107232K->0K(523776K)] [ParOldGen: 1366542K->41195K(1398272K)] 1473774K->41195K(1922048K), [Metaspace: 59699K->59699K(1105920K)], 0.0900360 secs] [Times: user=0.34 sys=0.01, real=0.09 secs] 
6142.331: [GC (Allocation Failure) [PSYoungGen: 347648K->145344K(493056K)] 388882K->186578K(1891328K), 0.0294426 secs] [Times: user=0.18 sys=0.00, real=0.03 secs] 
6143.950: [GC (GCLocker Initiated GC) [PSYoungGen: 492992K->108320K(523264K)] 534226K->286142K(1921536K), 0.1014349 secs] [Times: user=0.60 sys=0.01, real=0.10 secs] 
6145.433: [GC (Allocation Failure) [PSYoungGen: 454432K->144832K(491008K)] 632325K->427057K(1889280K), 0.0520152 secs] [Times: user=0.31 sys=0.00, real=0.05 secs] 
6146.727: [GC (Allocation Failure) [PSYoungGen: 490944K->108384K(522752K)] 773169K->526669K(1921024K), 0.0660000 secs] [Times: user=0.38 sys=0.00, real=0.06 secs] 
6147.725: [GC (Allocation Failure) [PSYoungGen: 453472K->143712K(521216K)] 871757K->667145K(1919488K), 0.0525099 secs] [Times: user=0.31 sys=0.00, real=0.06 secs] 
6149.802: [GC (Allocation Failure) [PSYoungGen: 488800K->107008K(521216K)] 1012233K->765725K(1919488K), 0.0658534 secs] [Times: user=0.39 sys=0.00, real=0.07 secs] 
6151.067: [GC (Allocation Failure) [PSYoungGen: 452096K->141824K(521216K)] 1110813K->903674K(1919488K), 0.0534507 secs] [Times: user=0.30 sys=0.00, real=0.05 secs] 
6152.443: [GC (GCLocker Initiated GC) [PSYoungGen: 486912K->109792K(519680K)] 1248762K->1004030K(1917952K), 0.0653200 secs] [Times: user=0.39 sys=0.00, real=0.07 secs] 
6153.251: [GC (Allocation Failure) [PSYoungGen: 455392K->145536K(520704K)] 1349701K->1145522K(1918976K), 0.0534996 secs] [Times: user=0.32 sys=0.00, real=0.05 secs] 
6154.611: [GC (Allocation Failure) [PSYoungGen: 491136K->107136K(522240K)] 1491122K->1243746K(1920512K), 0.0800902 secs] [Times: user=0.39 sys=0.00, real=0.08 secs] 
6155.307: [GC (Allocation Failure) [PSYoungGen: 452224K->147168K(492544K)] 1588834K->1387386K(1890816K), 0.0534429 secs] [Times: user=0.31 sys=0.00, real=0.05 secs] 
6155.361: [Full GC (Ergonomics) [PSYoungGen: 147168K->0K(492544K)] [ParOldGen: 1240218K->190282K(1398272K)] 1387386K->190282K(1890816K), [Metaspace: 59699K->59699K(1105920K)], 0.4595356 secs] [Times: user=2.14 sys=0.00, real=0.46 secs] 
6157.115: [GC (GCLocker Initiated GC) [PSYoungGen: 345088K->103904K(520704K)] 535371K->294187K(1918976K), 0.0473113 secs] [Times: user=0.27 sys=0.00, real=0.05 secs] 
6158.473: [GC (Allocation Failure) [PSYoungGen: 445408K->144192K(485888K)] 635762K->434102K(1884160K), 0.0504717 secs] [Times: user=0.30 sys=0.00, real=0.05 secs] 
6159.767: [GC (Allocation Failure) [PSYoungGen: 485696K->106592K(520704K)] 775606K->531627K(1918976K), 0.0655983 secs] [Times: user=0.39 sys=0.00, real=0.06 secs] 
6160.852: [GC (Allocation Failure) [PSYoungGen: 447584K->151456K(492544K)] 872619K->678927K(1890816K), 0.0524434 secs] [Times: user=0.31 sys=0.00, real=0.05 secs] 
6162.286: [GC (Allocation Failure) [PSYoungGen: 492448K->104480K(517632K)] 1019919K->766391K(1915904K), 0.1001719 secs] [Times: user=0.59 sys=0.00, real=0.10 secs] 
6163.105: [GC (Allocation Failure) [PSYoungGen: 439328K->140800K(516096K)] 1101239K->903820K(1914368K), 0.0524733 secs] [Times: user=0.30 sys=0.01, real=0.06 secs] 
6164.469: [GC (Allocation Failure) [PSYoungGen: 475648K->103712K(516096K)] 1238668K->998284K(1914368K), 0.0648726 secs] [Times: user=0.38 sys=0.00, real=0.06 secs] 
6165.481: [GC (Allocation Failure) [PSYoungGen: 440096K->140992K(516096K)] 1334668K->1136657K(1914368K), 0.0524789 secs] [Times: user=0.31 sys=0.00, real=0.05 secs] 
6166.780: [GC (Allocation Failure) [PSYoungGen: 477376K->103680K(516608K)] 1473041K->1231337K(1914880K), 0.0644272 secs] [Times: user=0.38 sys=0.00, real=0.06 secs] 
6168.536: [GC (Allocation Failure) [PSYoungGen: 442624K->141504K(517632K)] 1570281K->1369702K(1915904K), 0.0530167 secs] [Times: user=0.31 sys=0.00, real=0.06 secs] 
6169.853: [GC (Allocation Failure) [PSYoungGen: 480448K->104832K(518144K)] 1708646K->1465506K(1916416K), 0.0677979 secs] [Times: user=0.41 sys=0.00, real=0.07 secs] 
6169.920: [Full GC (Ergonomics) [PSYoungGen: 104832K->0K(518144K)] [ParOldGen: 1360674K->27148K(1398272K)] 1465506K->27148K(1916416K), [Metaspace: 59699K->59699K(1105920K)], 0.0486880 secs] [Times: user=0.15 sys=0.00, real=0.05 secs] 
6170.815: [GC (Allocation Failure) [PSYoungGen: 340480K->140992K(518656K)] 367628K->168140K(1916928K), 0.0283058 secs] [Times: user=0.16 sys=0.00, real=0.03 secs] 
6172.121: [GC (Allocation Failure) [PSYoungGen: 481472K->107648K(516608K)] 508620K->266964K(1914880K), 0.0652406 secs] [Times: user=0.39 sys=0.00, real=0.07 secs] 
6173.640: [GC (Allocation Failure) [PSYoungGen: 449152K->136928K(518144K)] 608468K->401465K(1916416K), 0.0517569 secs] [Times: user=0.31 sys=0.00, real=0.05 secs] 
6174.952: [GC (GCLocker Initiated GC) [PSYoungGen: 478432K->110848K(516608K)] 742969K->503213K(1914880K), 0.0657782 secs] [Times: user=0.38 sys=0.01, real=0.07 secs] 
6175.647: [GC (Allocation Failure) [PSYoungGen: 456960K->138432K(519680K)] 849329K->639142K(1917952K), 0.0538936 secs] [Times: user=0.31 sys=0.00, real=0.05 secs] 
6176.978: [GC (GCLocker Initiated GC) [PSYoungGen: 484544K->113824K(519680K)] 985254K->743122K(1917952K), 0.0659687 secs] [Times: user=0.39 sys=0.00, real=0.06 secs] 
6177.648: [GC (Allocation Failure) [PSYoungGen: 465056K->139744K(522240K)] 1094426K->880783K(1920512K), 0.0548093 secs] [Times: user=0.31 sys=0.01, real=0.05 secs] 
6178.986: [GC (Allocation Failure) [PSYoungGen: 490976K->115264K(523264K)] 1232015K->986263K(1921536K), 0.0650771 secs] [Times: user=0.38 sys=0.00, real=0.06 secs] 
6179.583: [GC (Allocation Failure) [PSYoungGen: 470592K->147392K(524800K)] 1341591K->1130764K(1923072K), 0.0555742 secs] [Times: user=0.33 sys=0.00, real=0.06 secs] 
Heap
 PSYoungGen      total 524800K, used 426080K [0x00000000d5580000, 0x0000000100000000, 0x0000000100000000)
  eden space 355328K