1.001: [GC (Allocation Failure) [PSYoungGen: 128000K->12932K(148992K)] 128000K->12956K(488960K), 0.1081151 secs] [Times: user=0.01 sys=0.00, real=0.11 secs] 
1.231: [GC (Metadata GC Threshold) [PSYoungGen: 49327K->6083K(148992K)] 49351K->6179K(488960K), 0.0038812 secs] [Times: user=0.01 sys=0.00, real=0.00 secs] 
1.235: [Full GC (Metadata GC Threshold) [PSYoungGen: 6083K->0K(148992K)] [ParOldGen: 96K->5941K(202240K)] 6179K->5941K(351232K), [Metaspace: 20461K->20461K(1067008K)], 0.0153685 secs] [Times: user=0.04 sys=0.01, real=0.02 secs] 
1.799: [GC (Allocation Failure) [PSYoungGen: 128000K->9788K(148992K)] 133941K->15738K(351232K), 0.0035678 secs] [Times: user=0.01 sys=0.00, real=0.00 secs] 
2.724: [GC (Metadata GC Threshold) [PSYoungGen: 40521K->4772K(193024K)] 46470K->10729K(395264K), 0.0027362 secs] [Times: user=0.01 sys=0.00, real=0.01 secs] 
2.727: [Full GC (Metadata GC Threshold) [PSYoungGen: 4772K->0K(193024K)] [ParOldGen: 5957K->8966K(322048K)] 10729K->8966K(515072K), [Metaspace: 33745K->33745K(1079296K)], 0.0153260 secs] [Times: user=0.05 sys=0.01, real=0.01 secs] 
3.625: [GC (Allocation Failure) [PSYoungGen: 177664K->17816K(198656K)] 186630K->26791K(520704K), 0.0064223 secs] [Times: user=0.03 sys=0.00, real=0.01 secs] 
4.134: [GC (Allocation Failure) [PSYoungGen: 195480K->13771K(268288K)] 204455K->96490K(590336K), 0.0095063 secs] [Times: user=0.05 sys=0.00, real=0.01 secs] 
4.737: [GC (Allocation Failure) [PSYoungGen: 230374K->4480K(268800K)] 313093K->185511K(590848K), 0.0107715 secs] [Times: user=0.05 sys=0.02, real=0.01 secs] 
6.078: [GC (Allocation Failure) [PSYoungGen: 253312K->5337K(372224K)] 434343K->186376K(694272K), 0.0038519 secs] [Times: user=0.00 sys=0.01, real=0.00 secs] 
8.287: [GC (Allocation Failure) [PSYoungGen: 370393K->4988K(385024K)] 551432K->186035K(707072K), 0.0035227 secs] [Times: user=0.01 sys=0.00, real=0.00 secs] 
10.155: [GC (Allocation Failure) [PSYoungGen: 370044K->5324K(450560K)] 551091K->186379K(772608K), 0.0035108 secs] [Times: user=0.02 sys=0.01, real=0.01 secs] 
12.203: [GC (Allocation Failure) [PSYoungGen: 448716K->5260K(462336K)] 629771K->186323K(784384K), 0.0028582 secs] [Times: user=0.01 sys=0.00, real=0.01 secs] 
15.652: [GC (Allocation Failure) [PSYoungGen: 448652K->5340K(520704K)] 629715K->186411K(842752K), 0.0044632 secs] [Times: user=0.02 sys=0.00, real=0.01 secs] 
19.661: [GC (Allocation Failure) [PSYoungGen: 519900K->13908K(532480K)] 700971K->194988K(854528K), 0.0041884 secs] [Times: user=0.01 sys=0.00, real=0.00 secs] 
23.944: [GC (Allocation Failure) [PSYoungGen: 528468K->5484K(586240K)] 709548K->186571K(908288K), 0.0056582 secs] [Times: user=0.02 sys=0.00, real=0.01 secs] 
29.181: [GC (Allocation Failure) [PSYoungGen: 581996K->5484K(563712K)] 763083K->186579K(885760K), 0.0068587 secs] [Times: user=0.03 sys=0.00, real=0.01 secs] 
34.429: [GC (Allocation Failure) [PSYoungGen: 563564K->5500K(546304K)] 744659K->284907K(868352K), 0.0156374 secs] [Times: user=0.07 sys=0.02, real=0.01 secs] 
34.445: [Full GC (Ergonomics) [PSYoungGen: 5500K->0K(546304K)] [ParOldGen: 279407K->209485K(754176K)] 284907K->209485K(1300480K), [Metaspace: 54086K->54077K(1099776K)], 0.1085710 secs] [Times: user=0.45 sys=0.00, real=0.11 secs] 
40.562: [GC (Allocation Failure) [PSYoungGen: 540672K->16861K(574976K)] 750157K->243755K(1329152K), 0.0048395 secs] [Times: user=0.02 sys=0.00, real=0.01 secs] 
45.717: [GC (Allocation Failure) [PSYoungGen: 574429K->17920K(600576K)] 801323K->261206K(1354752K), 0.0081134 secs] [Times: user=0.04 sys=0.01, real=0.00 secs] 
48.984: [GC (Allocation Failure) [PSYoungGen: 598528K->17888K(603136K)] 841814K->261182K(1357312K), 0.0027979 secs] [Times: user=0.01 sys=0.00, real=0.01 secs] 
55.120: [GC (Allocation Failure) [PSYoungGen: 598496K->17904K(633344K)] 841790K->261198K(1387520K), 0.0028144 secs] [Times: user=0.02 sys=0.00, real=0.00 secs] 
62.478: [GC (Allocation Failure) [PSYoungGen: 630256K->17885K(612864K)] 873550K->261187K(1367040K), 0.0032383 secs] [Times: user=0.02 sys=0.00, real=0.00 secs] 
66.213: [GC (Allocation Failure) [PSYoungGen: 612829K->17901K(596480K)] 856131K->261219K(1350656K), 0.0042096 secs] [Times: user=0.02 sys=0.01, real=0.01 secs] 
74.026: [GC (Allocation Failure) [PSYoungGen: 596461K->17917K(580608K)] 839779K->261235K(1334784K), 0.0062902 secs] [Times: user=0.02 sys=0.00, real=0.00 secs] 
82.352: [GC (Allocation Failure) [PSYoungGen: 580605K->5581K(552960K)] 823923K->248907K(1307136K), 0.0024582 secs] [Times: user=0.01 sys=0.01, real=0.00 secs] 
86.838: [GC (Allocation Failure) [PSYoungGen: 552909K->1501K(534016K)] 796235K->244827K(1288192K), 0.0043317 secs] [Times: user=0.01 sys=0.00, real=0.00 secs] 
93.073: [GC (Allocation Failure) [PSYoungGen: 533981K->1533K(520192K)] 777307K->244867K(1274368K), 0.0024677 secs] [Times: user=0.01 sys=0.00, real=0.00 secs] 
98.609: [GC (Allocation Failure) [PSYoungGen: 520189K->17917K(523264K)] 763523K->261259K(1277440K), 0.0056962 secs] [Times: user=0.03 sys=0.00, real=0.00 secs] 
104.884: [GC (Allocation Failure) [PSYoungGen: 523261K->1533K(494080K)] 766603K->244883K(1248256K), 0.0032297 secs] [Times: user=0.01 sys=0.00, real=0.01 secs] 
111.803: [GC (Allocation Failure) [PSYoungGen: 494077K->1501K(481792K)] 737427K->244851K(1235968K), 0.0034557 secs] [Times: user=0.01 sys=0.00, real=0.01 secs] 
118.132: [GC (Allocation Failure) [PSYoungGen: 481757K->5645K(474112K)] 725107K->248995K(1228288K), 0.0047510 secs] [Times: user=0.02 sys=0.00, real=0.01 secs] 
121.864: [GC (Allocation Failure) [PSYoungGen: 473613K->1533K(457728K)] 716963K->244883K(1211904K), 0.0021801 secs] [Times: user=0.01 sys=0.00, real=0.01 secs] 
125.951: [GC (Allocation Failure) [PSYoungGen: 457725K->5568K(450560K)] 701075K->248987K(1204736K), 0.0019916 secs] [Times: user=0.00 sys=0.00, real=0.00 secs] 
129.638: [GC (Allocation Failure) [PSYoungGen: 450496K->1504K(435712K)] 693915K->244971K(1189888K), 0.0022210 secs] [Times: user=0.01 sys=0.00, real=0.00 secs] 
131.994: [GC (Allocation Failure) [PSYoungGen: 435680K->1472K(425472K)] 679147K->244963K(1179648K), 0.0019114 secs] [Times: user=0.01 sys=0.00, real=0.01 secs] 
136.841: [GC (Allocation Failure) [PSYoungGen: 425408K->17856K(432128K)] 668899K->261355K(1186304K), 0.0047683 secs] [Times: user=0.02 sys=0.00, real=0.01 secs] 
140.573: [GC (Allocation Failure) [PSYoungGen: 432064K->1440K(409600K)] 675563K->244987K(1163776K), 0.0021590 secs] [Times: user=0.00 sys=0.00, real=0.00 secs] 
143.140: [GC (Allocation Failure) [PSYoungGen: 405920K->1437K(396800K)] 649467K->245008K(1150976K), 0.0014079 secs] [Times: user=0.00 sys=0.00, real=0.00 secs] 
145.896: [GC (Allocation Failure) [PSYoungGen: 396701K->17824K(404480K)] 640272K->261419K(1158656K), 0.0029199 secs] [Times: user=0.01 sys=0.00, real=0.00 secs] 
149.511: [GC (Allocation Failure) [PSYoungGen: 404384K->1440K(379392K)] 647979K->245051K(1133568K), 0.0022669 secs] [Times: user=0.00 sys=0.01, real=0.00 secs] 
152.503: [GC (Allocation Failure) [PSYoungGen: 379296K->1408K(385536K)] 622907K->245027K(1139712K), 0.0021051 secs] [Times: user=0.01 sys=0.00, real=0.00 secs] 
157.452: [GC (Allocation Failure) [PSYoungGen: 371072K->352K(361984K)] 614691K->244003K(1116160K), 0.0027068 secs] [Times: user=0.01 sys=0.00, real=0.00 secs] 
160.484: [GC (Allocation Failure) [PSYoungGen: 361824K->9664K(369664K)] 605475K->253331K(1123840K), 0.0025202 secs] [Times: user=0.01 sys=0.00, real=0.01 secs] 
163.527: [GC (Allocation Failure) [PSYoungGen: 363456K->17856K(364032K)] 607123K->261539K(1118208K), 0.0028669 secs] [Times: user=0.01 sys=0.00, real=0.00 secs] 
165.453: [GC (Allocation Failure) [PSYoungGen: 363968K->1440K(356352K)] 607651K->245131K(1110528K), 0.0018917 secs] [Times: user=0.01 sys=0.00, real=0.00 secs] 
168.202: [GC (Allocation Failure) [PSYoungGen: 340384K->1424K(333312K)] 584075K->245139K(1087488K), 0.0046441 secs] [Times: user=0.02 sys=0.00, real=0.01 secs] 
171.826: [GC (Allocation Failure) [PSYoungGen: 333200K->1440K(340992K)] 576915K->245195K(1095168K), 0.0034229 secs] [Times: user=0.01 sys=0.00, real=0.00 secs] 
174.396: [GC (Allocation Failure) [PSYoungGen: 326560K->1440K(320000K)] 570315K->245227K(1074176K), 0.0020267 secs] [Times: user=0.01 sys=0.00, real=0.00 secs] 
177.815: [GC (Allocation Failure) [PSYoungGen: 319904K->1440K(326656K)] 563691K->245235K(1080832K), 0.0020112 secs] [Times: user=0.01 sys=0.00, real=0.01 secs] 
181.079: [GC (Allocation Failure) [PSYoungGen: 313760K->1456K(307712K)] 557555K->245267K(1061888K), 0.0035457 secs] [Times: user=0.01 sys=0.00, real=0.00 secs] 
185.462: [GC (Allocation Failure) [PSYoungGen: 307632K->1472K(313344K)] 551443K->245299K(1067520K), 0.0026328 secs] [Times: user=0.01 sys=0.00, real=0.00 secs] 
188.990: [GC (Allocation Failure) [PSYoungGen: 302016K->1440K(296448K)] 545843K->245267K(1050624K), 0.0035864 secs] [Times: user=0.01 sys=0.00, real=0.00 secs] 
191.315: [GC (Allocation Failure) [PSYoungGen: 296352K->1472K(300032K)] 540179K->245315K(1054208K), 0.0019457 secs] [Times: user=0.00 sys=0.00, real=0.01 secs] 
194.262: [GC (Allocation Failure) [PSYoungGen: 290752K->1440K(285696K)] 534595K->245291K(1039872K), 0.0045856 secs] [Times: user=0.01 sys=0.00, real=0.01 secs] 
197.453: [GC (Allocation Failure) [PSYoungGen: 285600K->9632K(292352K)] 529451K->261683K(1046528K), 0.0029117 secs] [Times: user=0.01 sys=0.00, real=0.01 secs] 
199.529: [GC (Allocation Failure) [PSYoungGen: 288672K->9632K(283648K)] 540723K->269875K(1037824K), 0.0026377 secs] [Times: user=0.01 sys=0.00, real=0.00 secs] 
201.775: [GC (Allocation Failure) [PSYoungGen: 283552K->9664K(283136K)] 543795K->269915K(1037312K), 0.0036115 secs] [Times: user=0.01 sys=0.00, real=0.01 secs] 
205.263: [GC (Allocation Failure) [PSYoungGen: 278464K->1312K(265728K)] 538715K->261571K(1019904K), 0.0021423 secs] [Times: user=0.01 sys=0.00, real=0.00 secs] 
209.042: [GC (Allocation Failure) [PSYoungGen: 265504K->1408K(271872K)] 525763K->261683K(1026048K), 0.0040582 secs] [Times: user=0.01 sys=0.00, real=0.01 secs] 
211.677: [GC (Allocation Failure) [PSYoungGen: 260992K->1440K(256512K)] 521267K->261723K(1010688K), 0.0026291 secs] [Times: user=0.01 sys=0.00, real=0.00 secs] 
214.288: [GC (Allocation Failure) [PSYoungGen: 256416K->1408K(261632K)] 516699K->261699K(1015808K), 0.0032395 secs] [Times: user=0.02 sys=0.00, real=0.00 secs] 
217.197: [GC (Allocation Failure) [PSYoungGen: 252288K->1472K(248320K)] 512579K->261771K(1002496K), 0.0031884 secs] [Times: user=0.01 sys=0.00, real=0.00 secs] 
219.381: [GC (Allocation Failure) [PSYoungGen: 248256K->9664K(256000K)] 508555K->269971K(1010176K), 0.0021113 secs] [Times: user=0.01 sys=0.00, real=0.00 secs] 
222.179: [GC (Allocation Failure) [PSYoungGen: 252352K->1408K(240128K)] 512659K->261715K(994304K), 0.0015864 secs] [Times: user=0.00 sys=0.00, real=0.00 secs] 
223.734: [GC (Allocation Failure) [PSYoungGen: 240000K->1440K(245760K)] 500307K->261755K(999936K), 0.0024552 secs] [Times: user=0.00 sys=0.00, real=0.01 secs] 
226.558: [GC (Allocation Failure) [PSYoungGen: 236448K->1440K(232960K)] 496763K->261755K(987136K), 0.0045455 secs] [Times: user=0.01 sys=0.00, real=0.00 secs] 
229.570: [GC (Allocation Failure) [PSYoungGen: 232864K->1440K(236544K)] 493179K->261755K(990720K), 0.0026994 secs] [Times: user=0.01 sys=0.00, real=0.00 secs] 
232.868: [GC (Allocation Failure) [PSYoungGen: 229280K->3488K(227840K)] 489595K->263811K(982016K), 0.0020913 secs] [Times: user=0.01 sys=0.00, real=0.00 secs] 
235.418: [GC (Allocation Failure) [PSYoungGen: 227744K->1440K(228352K)] 488067K->261763K(982528K), 0.0031326 secs] [Times: user=0.01 sys=0.00, real=0.00 secs] 
238.355: [GC (Allocation Failure) [PSYoungGen: 222112K->1440K(218624K)] 482435K->261771K(972800K), 0.0023113 secs] [Times: user=0.01 sys=0.00, real=0.01 secs] 
241.466: [GC (Allocation Failure) [PSYoungGen: 218528K->9664K(225280K)] 478859K->270003K(979456K), 0.0018512 secs] [Times: user=0.01 sys=0.00, real=0.00 secs] 
242.490: [GC (Allocation Failure) [PSYoungGen: 223680K->1408K(212480K)] 484019K->261747K(966656K), 0.0020548 secs] [Times: user=0.01 sys=0.01, real=0.00 secs] 
243.930: [GC (Allocation Failure) [PSYoungGen: 212352K->1440K(216064K)] 472691K->261787K(970240K), 0.0016749 secs] [Times: user=0.01 sys=0.00, real=0.00 secs] 
245.343: [GC (Allocation Failure) [PSYoungGen: 209312K->1440K(206336K)] 469659K->261787K(960512K), 0.0019354 secs] [Times: user=0.01 sys=0.00, real=0.00 secs] 
247.626: [GC (Allocation Failure) [PSYoungGen: 206240K->1437K(208896K)] 466587K->261792K(963072K), 0.0015926 secs] [Times: user=0.00 sys=0.00, real=0.00 secs] 
250.820: [GC (Allocation Failure) [PSYoungGen: 203165K->1408K(200192K)] 463520K->261779K(954368K), 0.0032247 secs] [Times: user=0.01 sys=0.00, real=0.00 secs] 
252.672: [GC (Allocation Failure) [PSYoungGen: 200064K->1424K(202752K)] 460435K->261795K(956928K), 0.0019554 secs] [Times: user=0.01 sys=0.00, real=0.00 secs] 
253.785: [GC (Allocation Failure) [PSYoungGen: 197520K->1408K(195072K)] 457891K->261787K(949248K), 0.0023457 secs] [Times: user=0.01 sys=0.00, real=0.01 secs] 
256.238: [GC (Allocation Failure) [PSYoungGen: 194944K->1472K(196608K)] 455323K->261859K(950784K), 0.0023227 secs] [Times: user=0.00 sys=0.01, real=0.00 secs] 
258.102: [GC (Allocation Failure) [PSYoungGen: 192448K->5568K(194048K)] 452835K->270051K(948224K), 0.0023330 secs] [Times: user=0.01 sys=0.00, real=0.00 secs] 
259.240: [GC (Allocation Failure) [PSYoungGen: 193984K->1408K(192512K)] 458467K->265891K(946688K), 0.0021157 secs] [Times: user=0.01 sys=0.00, real=0.00 secs] 
261.484: [GC (Allocation Failure) [PSYoungGen: 187264K->1440K(184832K)] 451747K->265931K(939008K), 0.0044002 secs] [Times: user=0.01 sys=0.00, real=0.01 secs] 
263.902: [GC (Allocation Failure) [PSYoungGen: 184736K->1408K(185856K)] 449227K->265915K(940032K), 0.0014544 secs] [Times: user=0.01 sys=0.01, real=0.00 secs] 
265.192: [GC (Allocation Failure) [PSYoungGen: 182144K->1408K(180224K)] 446651K->265915K(934400K), 0.0027831 secs] [Times: user=0.01 sys=0.00, real=0.00 secs] 
267.469: [GC (Allocation Failure) [PSYoungGen: 180096K->5536K(183296K)] 444603K->274139K(937472K), 0.0027959 secs] [Times: user=0.01 sys=0.00, real=0.00 secs] 
269.254: [GC (Allocation Failure) [PSYoungGen: 182176K->1376K(176128K)] 450779K->270011K(930304K), 0.0024982 secs] [Times: user=0.01 sys=0.00, real=0.01 secs] 
273.147: [GC (Allocation Failure) [PSYoungGen: 175968K->1440K(177664K)] 444603K->270083K(931840K), 0.0032056 secs] [Times: user=0.01 sys=0.00, real=0.00 secs] 
274.631: [GC (Allocation Failure) [PSYoungGen: 173984K->1376K(172032K)] 442627K->270043K(926208K), 0.0020394 secs] [Times: user=0.01 sys=0.00, real=0.00 secs] 
276.791: [GC (Allocation Failure) [PSYoungGen: 171872K->1440K(173568K)] 440539K->270107K(927744K), 0.0019635 secs] [Times: user=0.01 sys=0.00, real=0.00 secs] 
279.077: [GC (Allocation Failure) [PSYoungGen: 169888K->1373K(167936K)] 438555K->270040K(922112K), 0.0015744 secs] [Times: user=0.01 sys=0.00, real=0.00 secs] 
280.890: [GC (Allocation Failure) [PSYoungGen: 167773K->1472K(167936K)] 436440K->270147K(922112K), 0.0028859 secs] [Times: user=0.01 sys=0.00, real=0.00 secs] 
283.438: [GC (Allocation Failure) [PSYoungGen: 165824K->5536K(167936K)] 434499K->274211K(922112K), 0.0025243 secs] [Times: user=0.01 sys=0.00, real=0.00 secs] 
285.383: [GC (Allocation Failure) [PSYoungGen: 167840K->1376K(164864K)] 436515K->270051K(919040K), 0.0034932 secs] [Times: user=0.01 sys=0.00, real=0.01 secs] 
287.666: [GC (Allocation Failure) [PSYoungGen: 161632K->5536K(163840K)] 430307K->278315K(918016K), 0.0020381 secs] [Times: user=0.00 sys=0.00, real=0.00 secs] 
289.396: [GC (Allocation Failure) [PSYoungGen: 163744K->1408K(162816K)] 436523K->274195K(916992K), 0.0023369 secs] [Times: user=0.01 sys=0.00, real=0.00 secs] 
291.985: [GC (Allocation Failure) [PSYoungGen: 158080K->1440K(156672K)] 430867K->274227K(910848K), 0.0028714 secs] [Times: user=0.01 sys=0.00, real=0.01 secs] 
295.521: [GC (Allocation Failure) [PSYoungGen: 156576K->1408K(158208K)] 429363K->274211K(912384K), 0.0043890 secs] [Times: user=0.02 sys=0.00, real=0.00 secs] 
298.762: [GC (Allocation Failure) [PSYoungGen: 155008K->1440K(153600K)] 427811K->274243K(907776K), 0.0021296 secs] [Times: user=0.00 sys=0.00, real=0.00 secs] 
299.933: [GC (Allocation Failure) [PSYoungGen: 153504K->1408K(154624K)] 426307K->274211K(908800K), 0.0020321 secs] [Times: user=0.01 sys=0.00, real=0.00 secs] 
302.182: [GC (Allocation Failure) [PSYoungGen: 151936K->1472K(150528K)] 424739K->274283K(904704K), 0.0044775 secs] [Times: user=0.01 sys=0.00, real=0.01 secs] 
303.547: [GC (Allocation Failure) [PSYoungGen: 150464K->1408K(151040K)] 423275K->274219K(905216K), 0.0023463 secs] [Times: user=0.01 sys=0.00, real=0.00 secs] 
305.743: [GC (Allocation Failure) [PSYoungGen: 148864K->1408K(147456K)] 421675K->274227K(901632K), 0.0016843 secs] [Times: user=0.01 sys=0.00, real=0.00 secs] 
307.041: [GC (Allocation Failure) [PSYoungGen: 147328K->1408K(147456K)] 420147K->274227K(901632K), 0.0030756 secs] [Times: user=0.01 sys=0.00, real=0.00 secs] 
309.352: [GC (Allocation Failure) [PSYoungGen: 145792K->1440K(144384K)] 418611K->274275K(898560K), 0.0030309 secs] [Times: user=0.01 sys=0.01, real=0.01 secs] 
310.799: [GC (Allocation Failure) [PSYoungGen: 144288K->1408K(143872K)] 417123K->274251K(898048K), 0.0035328 secs] [Times: user=0.02 sys=0.00, real=0.00 secs] 
313.617: [GC (Allocation Failure) [PSYoungGen: 142720K->3488K(143360K)] 415563K->278395K(897536K), 0.0019057 secs] [Times: user=0.01 sys=0.00, real=0.00 secs] 
314.697: [GC (Allocation Failure) [PSYoungGen: 143264K->1408K(141824K)] 418171K->276315K(896000K), 0.0019534 secs] [Times: user=0.00 sys=0.00, real=0.00 secs] 
315.851: [GC (Allocation Failure) [PSYoungGen: 139648K->1472K(138240K)] 414555K->276379K(892416K), 0.0020775 secs] [Times: user=0.01 sys=0.00, real=0.00 secs] 
318.026: [GC (Allocation Failure) [PSYoungGen: 138176K->1408K(138240K)] 413083K->276315K(892416K), 0.0028869 secs] [Times: user=0.01 sys=0.00, real=0.00 secs] 
319.503: [GC (Allocation Failure) [PSYoungGen: 136576K->1360K(135168K)] 411483K->276275K(889344K), 0.0025848 secs] [Times: user=0.01 sys=0.00, real=0.00 secs] 
320.592: [GC (Allocation Failure) [PSYoungGen: 134992K->1472K(135168K)] 409907K->276387K(889344K), 0.0015048 secs] [Times: user=0.01 sys=0.00, real=0.00 secs] 
321.142: [GC (Allocation Failure) [PSYoungGen: 134080K->1424K(133120K)] 408995K->276339K(887296K), 0.0014971 secs] [Times: user=0.01 sys=0.00, real=0.00 secs] 
322.105: [GC (Allocation Failure) [PSYoungGen: 133008K->1440K(133632K)] 407923K->276355K(887808K), 0.0017261 secs] [Times: user=0.00 sys=0.01, real=0.01 secs] 
322.646: [GC (Allocation Failure) [PSYoungGen: 132000K->1408K(131072K)] 406915K->276323K(885248K), 0.0017545 secs] [Times: user=0.01 sys=0.00, real=0.00 secs] 
324.718: [GC (Allocation Failure) [PSYoungGen: 130944K->3520K(132096K)] 405859K->280499K(886272K), 0.0042262 secs] [Times: user=0.02 sys=0.00, real=0.00 secs] 
326.501: [GC (Allocation Failure) [PSYoungGen: 132032K->1408K(129024K)] 409011K->278387K(883200K), 0.0020353 secs] [Times: user=0.00 sys=0.00, real=0.00 secs] 
327.507: [GC (Allocation Failure) [PSYoungGen: 128873K->272K(129536K)] 405853K->277251K(883712K), 0.0032701 secs] [Times: user=0.01 sys=0.00, real=0.00 secs] 
328.804: [GC (Allocation Failure) [PSYoungGen: 126736K->1440K(126976K)] 403715K->278419K(881152K), 0.0019811 secs] [Times: user=0.01 sys=0.00, real=0.01 secs] 
329.369: [GC (Allocation Failure) [PSYoungGen: 126880K->1408K(126464K)] 403859K->278387K(880640K), 0.0019264 secs] [Times: user=0.01 sys=0.00, real=0.00 secs] 
332.370: [GC (Allocation Failure) [PSYoungGen: 125824K->1408K(124928K)] 402803K->278387K(879104K), 0.0039999 secs] [Times: user=0.01 sys=0.00, real=0.00 secs] 
333.569: [GC (Allocation Failure) [PSYoungGen: 124800K->1408K(124928K)] 401779K->278395K(879104K), 0.0020167 secs] [Times: user=0.01 sys=0.00, real=0.00 secs] 
334.546: [GC (Allocation Failure) [PSYoungGen: 123776K->1536K(123392K)] 400763K->278523K(877568K), 0.0016958 secs] [Times: user=0.01 sys=0.00, real=0.00 secs] 
335.034: [GC (Allocation Failure) [PSYoungGen: 122880K->1376K(122368K)] 399867K->278379K(876544K), 0.0019501 secs] [Times: user=0.00 sys=0.00, real=0.01 secs] 
335.613: [GC (Allocation Failure) [PSYoungGen: 121696K->1408K(120832K)] 398699K->278411K(875008K), 0.0023985 secs] [Times: user=0.01 sys=0.00, real=0.01 secs] 
337.713: [GC (Allocation Failure) [PSYoungGen: 120704K->1440K(120320K)] 397707K->278451K(874496K), 0.0025684 secs] [Times: user=0.01 sys=0.00, real=0.01 secs] 
338.310: [GC (Allocation Failure) [PSYoungGen: 119712K->1424K(118784K)] 396723K->278435K(872960K), 0.0020280 secs] [Times: user=0.01 sys=0.00, real=0.00 secs] 
339.733: [GC (Allocation Failure) [PSYoungGen: 118672K->1373K(117760K)] 395683K->278384K(871936K), 0.0014490 secs] [Times: user=0.00 sys=0.00, real=0.00 secs] 
340.820: [GC (Allocation Failure) [PSYoungGen: 117597K->1440K(116736K)] 394608K->278467K(870912K), 0.0026379 secs] [Times: user=0.01 sys=0.00, real=0.00 secs] 
341.848: [GC (Allocation Failure) [PSYoungGen: 116640K->1408K(115712K)] 393667K->278435K(869888K), 0.0018494 secs] [Times: user=0.01 sys=0.00, real=0.00 secs] 
343.331: [GC (Allocation Failure) [PSYoungGen: 115584K->1440K(114688K)] 392611K->278483K(868864K), 0.0024554 secs] [Times: user=0.01 sys=0.00, real=0.00 secs] 
344.734: [GC (Allocation Failure) [PSYoungGen: 114592K->1376K(113664K)] 391635K->278419K(867840K), 0.0032248 secs] [Times: user=0.01 sys=0.00, real=0.01 secs] 
346.314: [GC (Allocation Failure) [PSYoungGen: 113504K->1424K(112640K)] 390547K->278467K(866816K), 0.0038928 secs] [Times: user=0.01 sys=0.00, real=0.01 secs] 
348.342: [GC (Allocation Failure) [PSYoungGen: 112528K->1424K(111616K)] 389571K->278491K(865792K), 0.0026728 secs] [Times: user=0.01 sys=0.00, real=0.00 secs] 
349.912: [GC (Allocation Failure) [PSYoungGen: 111504K->1408K(110592K)] 388571K->278475K(864768K), 0.0044221 secs] [Times: user=0.02 sys=0.00, real=0.01 secs] 
351.414: [GC (Allocation Failure) [PSYoungGen: 110464K->1376K(109568K)] 387531K->278443K(863744K), 0.0013931 secs] [Times: user=0.01 sys=0.00, real=0.01 secs] 
352.019: [GC (Allocation Failure) [PSYoungGen: 109408K->1472K(108544K)] 386475K->278539K(862720K), 0.0019722 secs] [Times: user=0.01 sys=0.00, real=0.00 secs] 
352.464: [GC (Allocation Failure) [PSYoungGen: 108480K->1376K(108032K)] 385547K->278443K(862208K), 0.0018468 secs] [Times: user=0.01 sys=0.00, real=0.01 secs] 
353.524: [GC (Allocation Failure) [PSYoungGen: 107872K->1424K(107520K)] 384939K->279515K(861696K), 0.0019924 secs] [Times: user=0.00 sys=0.00, real=0.01 secs] 
354.985: [GC (Allocation Failure) [PSYoungGen: 107408K->1376K(107008K)] 385499K->279467K(861184K), 0.0018931 secs] [Times: user=0.00 sys=0.00, real=0.01 secs] 
356.158: [GC (Allocation Failure) [PSYoungGen: 106848K->1376K(106496K)] 384939K->279467K(860672K), 0.0022866 secs] [Times: user=0.01 sys=0.00, real=0.00 secs] 
357.491: [GC (Allocation Failure) [PSYoungGen: 106336K->1440K(105984K)] 384427K->283635K(860160K), 0.0020239 secs] [Times: user=0.01 sys=0.00, real=0.00 secs] 
358.602: [GC (Allocation Failure) [PSYoungGen: 105888K->1408K(105472K)] 388083K->283603K(859648K), 0.0022308 secs] [Times: user=0.01 sys=0.00, real=0.00 secs] 
359.607: [GC (Allocation Failure) [PSYoungGen: 105344K->1376K(104960K)] 387539K->283587K(859136K), 0.0021267 secs] [Times: user=0.01 sys=0.01, real=0.00 secs] 
361.748: [GC (Allocation Failure) [PSYoungGen: 104800K->1440K(104448K)] 387011K->283659K(858624K), 0.0040927 secs] [Times: user=0.02 sys=0.00, real=0.00 secs] 
362.776: [GC (Allocation Failure) [PSYoungGen: 104352K->1408K(103936K)] 386571K->283635K(858112K), 0.0024548 secs] [Times: user=0.01 sys=0.00, real=0.00 secs] 
363.633: [GC (Allocation Failure) [PSYoungGen: 103808K->1376K(103424K)] 386035K->283603K(857600K), 0.0022478 secs] [Times: user=0.01 sys=0.00, real=0.00 secs] 
364.758: [GC (Allocation Failure) [PSYoungGen: 103264K->1440K(102912K)] 385491K->283667K(857088K), 0.0018680 secs] [Times: user=0.01 sys=0.00, real=0.00 secs] 
365.179: [GC (Allocation Failure) [PSYoungGen: 102816K->1440K(102400K)] 385043K->283683K(856576K), 0.0021139 secs] [Times: user=0.00 sys=0.00, real=0.00 secs] 
365.598: [GC (Allocation Failure) [PSYoungGen: 102304K->1376K(101888K)] 384547K->283619K(856064K), 0.0020784 secs] [Times: user=0.01 sys=0.00, real=0.00 secs] 
367.503: [GC (Allocation Failure) [PSYoungGen: 101728K->1472K(101376K)] 383971K->283715K(855552K), 0.0040745 secs] [Times: user=0.02 sys=0.00, real=0.01 secs] 
368.379: [GC (Allocation Failure) [PSYoungGen: 101312K->1376K(100864K)] 383555K->283619K(855040K), 0.0026220 secs] [Times: user=0.01 sys=0.00, real=0.00 secs] 
369.282: [GC (Allocation Failure) [PSYoungGen: 100704K->1408K(100352K)] 382947K->283651K(854528K), 0.0021221 secs] [Times: user=0.01 sys=0.00, real=0.00 secs] 
371.369: [GC (Allocation Failure) [PSYoungGen: 100224K->1440K(99840K)] 382467K->283683K(854016K), 0.0033137 secs] [Times: user=0.02 sys=0.00, real=0.00 secs] 
372.707: [GC (Allocation Failure) [PSYoungGen: 99744K->1376K(99328K)] 381987K->283627K(853504K), 0.0043475 secs] [Times: user=0.01 sys=0.00, real=0.00 secs] 
373.469: [GC (Allocation Failure) [PSYoungGen: 99168K->1344K(98816K)] 381419K->283595K(852992K), 0.0026089 secs] [Times: user=0.01 sys=0.00, real=0.00 secs] 
374.545: [GC (Allocation Failure) [PSYoungGen: 98624K->1408K(98304K)] 380875K->283659K(852480K), 0.0019073 secs] [Times: user=0.01 sys=0.00, real=0.01 secs] 
374.947: [GC (Allocation Failure) [PSYoungGen: 98176K->1328K(97792K)] 380427K->283595K(851968K), 0.0020330 secs] [Times: user=0.01 sys=0.00, real=0.00 secs] 
375.405: [GC (Allocation Failure) [PSYoungGen: 97584K->1376K(97280K)] 379851K->283643K(851456K), 0.0019743 secs] [Times: user=0.01 sys=0.00, real=0.01 secs] 
376.585: [GC (Allocation Failure) [PSYoungGen: 97120K->1376K(96768K)] 379387K->283651K(850944K), 0.0021024 secs] [Times: user=0.01 sys=0.00, real=0.00 secs] 
377.731: [GC (Allocation Failure) [PSYoungGen: 96608K->1360K(96256K)] 378883K->283643K(850432K), 0.0022204 secs] [Times: user=0.01 sys=0.00, real=0.00 secs] 
378.149: [GC (Allocation Failure) [PSYoungGen: 96080K->352K(94720K)] 378363K->283667K(848896K), 0.0017958 secs] [Times: user=0.00 sys=0.00, real=0.00 secs] 
379.597: [GC (Allocation Failure) [PSYoungGen: 94560K->1424K(95744K)] 377875K->284739K(849920K), 0.0023451 secs] [Times: user=0.01 sys=0.00, real=0.00 secs] 
380.913: [GC (Allocation Failure) [PSYoungGen: 95120K->1376K(94720K)] 378435K->284691K(848896K), 0.0032945 secs] [Times: user=0.01 sys=0.00, real=0.01 secs] 
381.810: [GC (Allocation Failure) [PSYoungGen: 94560K->1376K(94208K)] 377875K->284691K(848384K), 0.0025332 secs] [Times: user=0.01 sys=0.00, real=0.00 secs] 
383.122: [GC (Allocation Failure) [PSYoungGen: 94048K->1376K(93696K)] 377363K->284691K(847872K), 0.0018742 secs] [Times: user=0.01 sys=0.00, real=0.00 secs] 
383.505: [GC (Allocation Failure) [PSYoungGen: 93536K->1408K(93184K)] 376851K->284739K(847360K), 0.0019896 secs] [Times: user=0.01 sys=0.00, real=0.01 secs] 
383.955: [GC (Allocation Failure) [PSYoungGen: 93056K->1376K(92672K)] 376387K->284707K(846848K), 0.0020701 secs] [Times: user=0.00 sys=0.00, real=0.01 secs] 
384.753: [GC (Allocation Failure) [PSYoungGen: 92512K->1341K(92160K)] 375843K->284680K(846336K), 0.0014863 secs] [Times: user=0.01 sys=0.00, real=0.00 secs] 
385.611: [GC (Allocation Failure) [PSYoungGen: 91965K->1440K(91648K)] 375304K->284779K(845824K), 0.0018077 secs] [Times: user=0.01 sys=0.00, real=0.00 secs] 
386.031: [GC (Allocation Failure) [PSYoungGen: 91552K->1344K(91136K)] 374891K->284683K(845312K), 0.0019873 secs] [Times: user=0.01 sys=0.00, real=0.00 secs] 
386.403: [GC (Allocation Failure) [PSYoungGen: 90944K->1344K(90624K)] 374283K->284683K(844800K), 0.0017337 secs] [Times: user=0.01 sys=0.00, real=0.00 secs] 
388.826: [GC (Allocation Failure) [PSYoungGen: 90432K->1456K(90112K)] 373771K->284795K(844288K), 0.0031084 secs] [Times: user=0.01 sys=0.00, real=0.00 secs] 
389.580: [GC (Allocation Failure) [PSYoungGen: 90032K->1408K(89600K)] 373371K->284747K(843776K), 0.0031019 secs] [Times: user=0.01 sys=0.00, real=0.00 secs] 
390.207: [GC (Allocation Failure) [PSYoungGen: 89472K->1392K(89088K)] 372811K->284731K(843264K), 0.0021652 secs] [Times: user=0.01 sys=0.00, real=0.00 secs] 
391.305: [GC (Allocation Failure) [PSYoungGen: 88944K->1376K(88576K)] 372283K->284715K(842752K), 0.0017273 secs] [Times: user=0.00 sys=0.00, real=0.01 secs] 
391.689: [GC (Allocation Failure) [PSYoungGen: 88416K->1440K(88064K)] 371755K->284787K(842240K), 0.0017442 secs] [Times: user=0.01 sys=0.00, real=0.00 secs] 
392.054: [GC (Allocation Failure) [PSYoungGen: 87968K->1376K(87552K)] 371315K->284731K(841728K), 0.0026914 secs] [Times: user=0.00 sys=0.01, real=0.01 secs] 
392.471: [GC (Allocation Failure) [PSYoungGen: 87392K->1344K(87040K)] 370747K->284699K(841216K), 0.0023562 secs] [Times: user=0.01 sys=0.00, real=0.00 secs] 
394.093: [GC (Allocation Failure) [PSYoungGen: 86848K->1440K(86528K)] 370203K->284795K(840704K), 0.0034673 secs] [Times: user=0.01 sys=0.00, real=0.01 secs] 
394.466: [GC (Allocation Failure) [PSYoungGen: 86432K->1376K(86016K)] 369787K->284731K(840192K), 0.0027766 secs] [Times: user=0.01 sys=0.00, real=0.00 secs] 
394.817: [GC (Allocation Failure) [PSYoungGen: 85856K->1376K(85504K)] 369211K->284731K(839680K), 0.0019482 secs] [Times: user=0.01 sys=0.00, real=0.00 secs] 
397.092: [GC (Allocation Failure) [PSYoungGen: 85344K->1440K(84992K)] 368699K->284803K(839168K), 0.0036373 secs] [Times: user=0.01 sys=0.00, real=0.01 secs] 
398.366: [GC (Allocation Failure) [PSYoungGen: 84896K->384K(83456K)] 368259K->284779K(837632K), 0.0034222 secs] [Times: user=0.02 sys=0.00, real=0.00 secs] 
399.617: [GC (Allocation Failure) [PSYoungGen: 83328K->384K(84480K)] 367723K->284779K(838656K), 0.0025996 secs] [Times: user=0.01 sys=0.00, real=0.00 secs] 
400.792: [GC (Allocation Failure) [PSYoungGen: 82816K->352K(82432K)] 367211K->284747K(836608K), 0.0023628 secs] [Times: user=0.01 sys=0.00, real=0.00 secs] 
402.048: [GC (Allocation Failure) [PSYoungGen: 82272K->1440K(83456K)] 366667K->285835K(837632K), 0.0024141 secs] [Times: user=0.01 sys=0.00, real=0.00 secs] 
402.876: [GC (Allocation Failure) [PSYoungGen: 82848K->1408K(82432K)] 367243K->285819K(836608K), 0.0028065 secs] [Times: user=0.01 sys=0.00, real=0.00 secs] 
403.849: [GC (Allocation Failure) [PSYoungGen: 82304K->1344K(81920K)] 366715K->285755K(836096K), 0.0031107 secs] [Times: user=0.02 sys=0.00, real=0.00 secs] 
405.568: [GC (Allocation Failure) [PSYoungGen: 81728K->1488K(81408K)] 366139K->285899K(835584K), 0.0016587 secs] [Times: user=0.01 sys=0.00, real=0.00 secs] 
405.898: [GC (Allocation Failure) [PSYoungGen: 81360K->1376K(80896K)] 365771K->285787K(835072K), 0.0016340 secs] [Times: user=0.01 sys=0.00, real=0.00 secs] 
406.227: [GC (Allocation Failure) [PSYoungGen: 80736K->1440K(80384K)] 365147K->285851K(834560K), 0.0015675 secs] [Times: user=0.01 sys=0.00, real=0.00 secs] 
406.554: [GC (Allocation Failure) [PSYoungGen: 80288K->1408K(79872K)] 364699K->285819K(834048K), 0.0016951 secs] [Times: user=0.00 sys=0.00, real=0.01 secs] 
407.478: [GC (Allocation Failure) [PSYoungGen: 79744K->1440K(79360K)] 364155K->285859K(833536K), 0.0017602 secs] [Times: user=0.01 sys=0.00, real=0.00 secs] 
408.388: [GC (Allocation Failure) [PSYoungGen: 79264K->1408K(78848K)] 363683K->285827K(833024K), 0.0029357 secs] [Times: user=0.01 sys=0.00, real=0.00 secs] 
409.203: [GC (Allocation Failure) [PSYoungGen: 78720K->1376K(78336K)] 363139K->285795K(832512K), 0.0030260 secs] [Times: user=0.01 sys=0.00, real=0.01 secs] 
410.066: [GC (Allocation Failure) [PSYoungGen: 78176K->1376K(77824K)] 362595K->285795K(832000K), 0.0028173 secs] [Times: user=0.01 sys=0.00, real=0.00 secs] 
411.342: [GC (Allocation Failure) [PSYoungGen: 77664K->1472K(77312K)] 362083K->285899K(831488K), 0.0019498 secs] [Times: user=0.01 sys=0.00, real=0.00 secs] 
411.657: [GC (Allocation Failure) [PSYoungGen: 77248K->1376K(76800K)] 361675K->285827K(830976K), 0.0020790 secs] [Times: user=0.01 sys=0.00, real=0.00 secs] 
411.969: [GC (Allocation Failure) [PSYoungGen: 76640K->1376K(76288K)] 361091K->285827K(830464K), 0.0018114 secs] [Times: user=0.01 sys=0.00, real=0.00 secs] 
412.280: [GC (Allocation Failure) [PSYoungGen: 76128K->1376K(75776K)] 360579K->285827K(829952K), 0.0020861 secs] [Times: user=0.01 sys=0.00, real=0.00 secs] 
413.031: [GC (Allocation Failure) [PSYoungGen: 75616K->1440K(75264K)] 360067K->285899K(829440K), 0.0015080 secs] [Times: user=0.01 sys=0.00, real=0.00 secs] 
413.336: [GC (Allocation Failure) [PSYoungGen: 75168K->1408K(75264K)] 359627K->285867K(829440K), 0.0016616 secs] [Times: user=0.01 sys=0.00, real=0.00 secs] 
413.642: [GC (Allocation Failure) [PSYoungGen: 75136K->1376K(75264K)] 359595K->285835K(829440K), 0.0015415 secs] [Times: user=0.01 sys=0.00, real=0.00 secs] 
413.947: [GC (Allocation Failure) [PSYoungGen: 75104K->1392K(75264K)] 359563K->285875K(829440K), 0.0016644 secs] [Times: user=0.00 sys=0.00, real=0.00 secs] 
414.731: [GC (Allocation Failure) [PSYoungGen: 75120K->1408K(75264K)] 359603K->285891K(829440K), 0.0016723 secs] [Times: user=0.00 sys=0.00, real=0.00 secs] 
415.037: [GC (Allocation Failure) [PSYoungGen: 75136K->1408K(75264K)] 359619K->285891K(829440K), 0.0018722 secs] [Times: user=0.00 sys=0.00, real=0.00 secs] 
415.344: [GC (Allocation Failure) [PSYoungGen: 75136K->1408K(75264K)] 359619K->285891K(829440K), 0.0016168 secs] [Times: user=0.01 sys=0.00, real=0.00 secs] 
415.650: [GC (Allocation Failure) [PSYoungGen: 75136K->1392K(75776K)] 359619K->285891K(829952K), 0.0018272 secs] [Times: user=0.01 sys=0.00, real=0.00 secs] 
416.843: [GC (Allocation Failure) [PSYoungGen: 75120K->1440K(75776K)] 359619K->285963K(829952K), 0.0023434 secs] [Times: user=0.01 sys=0.00, real=0.00 secs] 
417.739: [GC (Allocation Failure) [PSYoungGen: 75168K->1376K(75776K)] 359691K->285899K(829952K), 0.0019787 secs] [Times: user=0.01 sys=0.00, real=0.00 secs] 
418.676: [GC (Allocation Failure) [PSYoungGen: 75104K->1376K(75776K)] 359627K->285899K(829952K), 0.0021471 secs] [Times: user=0.00 sys=0.00, real=0.00 secs] 
419.656: [GC (Allocation Failure) [PSYoungGen: 75104K->1440K(75776K)] 359627K->285963K(829952K), 0.0023739 secs] [Times: user=0.01 sys=0.00, real=0.00 secs] 
421.252: [GC (Allocation Failure) [PSYoungGen: 75168K->1472K(75776K)] 359691K->285995K(829952K), 0.0036259 secs] [Times: user=0.01 sys=0.00, real=0.00 secs] 
422.295: [GC (Allocation Failure) [PSYoungGen: 75200K->1376K(75776K)] 359723K->285899K(829952K), 0.0026472 secs] [Times: user=0.01 sys=0.00, real=0.00 secs] 
423.425: [GC (Allocation Failure) [PSYoungGen: 75104K->1392K(75776K)] 359627K->285915K(829952K), 0.0040525 secs] [Times: user=0.01 sys=0.00, real=0.01 secs] 
424.205: [GC (Allocation Failure) [PSYoungGen: 75120K->1392K(75776K)] 359643K->285923K(829952K), 0.0031499 secs] [Times: user=0.01 sys=0.00, real=0.01 secs] 
425.420: [GC (Allocation Failure) [PSYoungGen: 75120K->1456K(75776K)] 359651K->285987K(829952K), 0.0017853 secs] [Times: user=0.01 sys=0.00, real=0.00 secs] 
426.130: [GC (Allocation Failure) [PSYoungGen: 75184K->1344K(75776K)] 359715K->285875K(829952K), 0.0020235 secs] [Times: user=0.01 sys=0.00, real=0.00 secs] 
428.306: [GC (Allocation Failure) [PSYoungGen: 75072K->1440K(75776K)] 359603K->285971K(829952K), 0.0041338 secs] [Times: user=0.01 sys=0.00, real=0.00 secs] 
429.139: [GC (Allocation Failure) [PSYoungGen: 75168K->1376K(75264K)] 359699K->285907K(829440K), 0.0021812 secs] [Times: user=0.01 sys=0.00, real=0.00 secs] 
430.423: [GC (Allocation Failure) [PSYoungGen: 75104K->1456K(74752K)] 359635K->285987K(828928K), 0.0018007 secs] [Times: user=0.01 sys=0.00, real=0.00 secs] 
431.311: [GC (Allocation Failure) [PSYoungGen: 74672K->1376K(74752K)] 359203K->285907K(828928K), 0.0027408 secs] [Times: user=0.01 sys=0.00, real=0.00 secs] 
432.283: [GC (Allocation Failure) [PSYoungGen: 74592K->1376K(74752K)] 359123K->285907K(828928K), 0.0042935 secs] [Times: user=0.01 sys=0.00, real=0.01 secs] 
433.009: [GC (Allocation Failure) [PSYoungGen: 74592K->1408K(74752K)] 359123K->285947K(828928K), 0.0030045 secs] [Times: user=0.02 sys=0.00, real=0.00 secs] 
434.470: [GC (Allocation Failure) [PSYoungGen: 74624K->1440K(74752K)] 359163K->285979K(828928K), 0.0022905 secs] [Times: user=0.01 sys=0.00, real=0.00 secs] 
435.140: [GC (Allocation Failure) [PSYoungGen: 74656K->1408K(74752K)] 359195K->285955K(828928K), 0.0021892 secs] [Times: user=0.01 sys=0.00, real=0.00 secs] 
435.758: [GC (Allocation Failure) [PSYoungGen: 74624K->1376K(74752K)] 359171K->285923K(828928K), 0.0017700 secs] [Times: user=0.00 sys=0.00, real=0.00 secs] 
436.067: [GC (Allocation Failure) [PSYoungGen: 74592K->1344K(74752K)] 359139K->285891K(828928K), 0.0019292 secs] [Times: user=0.01 sys=0.00, real=0.00 secs] 
436.872: [GC (Allocation Failure) [PSYoungGen: 74560K->1472K(74752K)] 359107K->287043K(828928K), 0.0017539 secs] [Times: user=0.01 sys=0.00, real=0.00 secs] 
437.180: [GC (Allocation Failure) [PSYoungGen: 74688K->1344K(74752K)] 360259K->286915K(828928K), 0.0018199 secs] [Times: user=0.01 sys=0.00, real=0.00 secs] 
437.659: [GC (Allocation Failure) [PSYoungGen: 74560K->1440K(74752K)] 360131K->287011K(828928K), 0.0018991 secs] [Times: user=0.00 sys=0.00, real=0.00 secs] 
438.219: [GC (Allocation Failure) [PSYoungGen: 74656K->1376K(74752K)] 360227K->286955K(828928K), 0.0025725 secs] [Times: user=0.01 sys=0.01, real=0.00 secs] 
439.267: [GC (Allocation Failure) [PSYoungGen: 74592K->1504K(74240K)] 360171K->287194K(828416K), 0.0018115 secs] [Times: user=0.01 sys=0.00, real=0.00 secs] 
439.648: [GC (Allocation Failure) [PSYoungGen: 74208K->1312K(74752K)] 359898K->287018K(828928K), 0.0017818 secs] [Times: user=0.01 sys=0.00, real=0.00 secs] 
439.980: [GC (Allocation Failure) [PSYoungGen: 74016K->1280K(74752K)] 359722K->286986K(828928K), 0.0018152 secs] [Times: user=0.01 sys=0.00, real=0.00 secs] 
440.384: [GC (Allocation Failure) [PSYoungGen: 73984K->1248K(74752K)] 359690K->286954K(828928K), 0.0026654 secs] [Times: user=0.01 sys=0.00, real=0.01 secs] 
441.090: [GC (Allocation Failure) [PSYoungGen: 73952K->1376K(74752K)] 359658K->287082K(828928K), 0.0014852 secs] [Times: user=0.01 sys=0.00, real=0.00 secs] 
442.141: [GC (Allocation Failure) [PSYoungGen: 74080K->1597K(74752K)] 359786K->287304K(828928K), 0.0030083 secs] [Times: user=0.01 sys=0.00, real=0.00 secs] 
443.282: [GC (Allocation Failure) [PSYoungGen: 74301K->1568K(74752K)] 360008K->287274K(828928K), 0.0039833 secs] [Times: user=0.01 sys=0.00, real=0.01 secs] 
444.429: [GC (Allocation Failure) [PSYoungGen: 74272K->1565K(74752K)] 359978K->287288K(828928K), 0.0040113 secs] [Times: user=0.01 sys=0.00, real=0.00 secs] 
445.298: [GC (Allocation Failure) [PSYoungGen: 74269K->1530K(74752K)] 359992K->287253K(828928K), 0.0019463 secs] [Times: user=0.01 sys=0.00, real=0.00 secs] 
446.369: [GC (Allocation Failure) [PSYoungGen: 74234K->1565K(74752K)] 359957K->287288K(828928K), 0.0015391 secs] [Times: user=0.01 sys=0.00, real=0.00 secs] 
447.011: [GC (Allocation Failure) [PSYoungGen: 74269K->1565K(74752K)] 359992K->287288K(828928K), 0.0024853 secs] [Times: user=0.01 sys=0.00, real=0.00 secs] 
447.386: [GC (Allocation Failure) [PSYoungGen: 74269K->1600K(74752K)] 359992K->287322K(828928K), 0.0019310 secs] [Times: user=0.01 sys=0.00, real=0.00 secs] 
447.688: [GC (Allocation Failure) [PSYoungGen: 74304K->1533K(74752K)] 360026K->287256K(828928K), 0.0019229 secs] [Times: user=0.01 sys=0.00, real=0.00 secs] 
448.932: [GC (Allocation Failure) [PSYoungGen: 74237K->1552K(74752K)] 359960K->287274K(828928K), 0.0034251 secs] [Times: user=0.01 sys=0.00, real=0.01 secs] 
449.286: [GC (Allocation Failure) [PSYoungGen: 74256K->1565K(74752K)] 359978K->287296K(828928K), 0.0024070 secs] [Times: user=0.01 sys=0.00, real=0.00 secs] 
449.586: [GC (Allocation Failure) [PSYoungGen: 74269K->1440K(74752K)] 360000K->287318K(828928K), 0.0019477 secs] [Times: user=0.01 sys=0.00, real=0.00 secs] 
449.889: [GC (Allocation Failure) [PSYoungGen: 74144K->1440K(74752K)] 360022K->287318K(828928K), 0.0019776 secs] [Times: user=0.01 sys=0.00, real=0.00 secs] 
450.634: [GC (Allocation Failure) [PSYoungGen: 74144K->1456K(74752K)] 360022K->287334K(828928K), 0.0017360 secs] [Times: user=0.01 sys=0.00, real=0.01 secs] 
450.936: [GC (Allocation Failure) [PSYoungGen: 74160K->1456K(74752K)] 360038K->287334K(828928K), 0.0016928 secs] [Times: user=0.00 sys=0.00, real=0.00 secs] 
451.238: [GC (Allocation Failure) [PSYoungGen: 74160K->1376K(74752K)] 360038K->287292K(828928K), 0.0017199 secs] [Times: user=0.01 sys=0.00, real=0.00 secs] 
451.540: [GC (Allocation Failure) [PSYoungGen: 74080K->1408K(74752K)] 359996K->287348K(828928K), 0.0017167 secs] [Times: user=0.01 sys=0.00, real=0.00 secs] 
452.586: [GC (Allocation Failure) [PSYoungGen: 74112K->1440K(74752K)] 360052K->287388K(828928K), 0.0022340 secs] [Times: user=0.01 sys=0.00, real=0.00 secs] 
453.268: [GC (Allocation Failure) [PSYoungGen: 74144K->1376K(74752K)] 360092K->287324K(828928K), 0.0024521 secs] [Times: user=0.01 sys=0.00, real=0.00 secs] 
453.902: [GC (Allocation Failure) [PSYoungGen: 74080K->1344K(74752K)] 360028K->287292K(828928K), 0.0022825 secs] [Times: user=0.01 sys=0.00, real=0.00 secs] 
454.471: [GC (Allocation Failure) [PSYoungGen: 74048K->1376K(74752K)] 359996K->287324K(828928K), 0.0021546 secs] [Times: user=0.01 sys=0.00, real=0.00 secs] 
455.453: [GC (Allocation Failure) [PSYoungGen: 74080K->1376K(74752K)] 360028K->287324K(828928K), 0.0019478 secs] [Times: user=0.00 sys=0.00, real=0.00 secs] 
455.858: [GC (Allocation Failure) [PSYoungGen: 74080K->1408K(74752K)] 360028K->287356K(828928K), 0.0018076 secs] [Times: user=0.00 sys=0.00, real=0.00 secs] 
456.171: [GC (Allocation Failure) [PSYoungGen: 74112K->1424K(74752K)] 360060K->287372K(828928K), 0.0030888 secs] [Times: user=0.01 sys=0.00, real=0.00 secs] 
456.510: [GC (Allocation Failure) [PSYoungGen: 74128K->1376K(74752K)] 360076K->287348K(828928K), 0.0020271 secs] [Times: user=0.01 sys=0.00, real=0.00 secs] 
457.400: [GC (Allocation Failure) [PSYoungGen: 74080K->1408K(74752K)] 360052K->287380K(828928K), 0.0017249 secs] [Times: user=0.01 sys=0.00, real=0.00 secs] 
458.168: [GC (Allocation Failure) [PSYoungGen: 74112K->1408K(74752K)] 360084K->287380K(828928K), 0.0029917 secs] [Times: user=0.01 sys=0.00, real=0.00 secs] 
459.128: [GC (Allocation Failure) [PSYoungGen: 74112K->1344K(74752K)] 360084K->287316K(828928K), 0.0037507 secs] [Times: user=0.01 sys=0.00, real=0.00 secs] 
460.020: [GC (Allocation Failure) [PSYoungGen: 74048K->1376K(74752K)] 360020K->287356K(828928K), 0.0031403 secs] [Times: user=0.01 sys=0.00, real=0.00 secs] 
461.631: [GC (Allocation Failure) [PSYoungGen: 74080K->1440K(74752K)] 360060K->287420K(828928K), 0.0016693 secs] [Times: user=0.01 sys=0.00, real=0.00 secs] 
462.554: [GC (Allocation Failure) [PSYoungGen: 74144K->1344K(74752K)] 360124K->287324K(828928K), 0.0026722 secs] [Times: user=0.02 sys=0.00, real=0.01 secs] 
463.439: [GC (Allocation Failure) [PSYoungGen: 74048K->1408K(74240K)] 360028K->287388K(828416K), 0.0028041 secs] [Times: user=0.01 sys=0.00, real=0.00 secs] 
464.171: [GC (Allocation Failure) [PSYoungGen: 74112K->1408K(74240K)] 360092K->287396K(828416K), 0.0027751 secs] [Times: user=0.01 sys=0.00, real=0.00 secs] 
465.496: [GC (Allocation Failure) [PSYoungGen: 74112K->1440K(74240K)] 360100K->287428K(828416K), 0.0017198 secs] [Times: user=0.01 sys=0.00, real=0.00 secs] 
466.493: [GC (Allocation Failure) [PSYoungGen: 74144K->1408K(74240K)] 360132K->287396K(828416K), 0.0030863 secs] [Times: user=0.02 sys=0.00, real=0.01 secs] 
467.319: [GC (Allocation Failure) [PSYoungGen: 74112K->1392K(74240K)] 360100K->287380K(828416K), 0.0041642 secs] [Times: user=0.02 sys=0.00, real=0.00 secs] 
468.175: [GC (Allocation Failure) [PSYoungGen: 74096K->1440K(74240K)] 360084K->287436K(828416K), 0.0036996 secs] [Times: user=0.02 sys=0.00, real=0.01 secs] 
469.381: [GC (Allocation Failure) [PSYoungGen: 74144K->1520K(74240K)] 360140K->287596K(828416K), 0.0016696 secs] [Times: user=0.01 sys=0.00, real=0.00 secs] 
469.713: [GC (Allocation Failure) [PSYoungGen: 74224K->1344K(74752K)] 360300K->287420K(828928K), 0.0018406 secs] [Times: user=0.00 sys=0.01, real=0.00 secs] 
470.068: [GC (Allocation Failure) [PSYoungGen: 74048K->1312K(74752K)] 360124K->287388K(828928K), 0.0019606 secs] [Times: user=0.00 sys=0.00, real=0.00 secs] 
470.506: [GC (Allocation Failure) [PSYoungGen: 74016K->1344K(74752K)] 360092K->287420K(828928K), 0.0019675 secs] [Times: user=0.01 sys=0.00, real=0.00 secs] 
471.235: [GC (Allocation Failure) [PSYoungGen: 74048K->1424K(74752K)] 360124K->287508K(828928K), 0.0015566 secs] [Times: user=0.00 sys=0.01, real=0.01 secs] 
472.903: [GC (Allocation Failure) [PSYoungGen: 74128K->1504K(74752K)] 360212K->287588K(828928K), 0.0029720 secs] [Times: user=0.01 sys=0.00, real=0.01 secs] 
473.848: [GC (Allocation Failure) [PSYoungGen: 74208K->1440K(74752K)] 360292K->287524K(828928K), 0.0031493 secs] [Times: user=0.02 sys=0.00, real=0.00 secs] 
474.514: [GC (Allocation Failure) [PSYoungGen: 74144K->1440K(74752K)] 360228K->287524K(828928K), 0.0026113 secs] [Times: user=0.01 sys=0.00, real=0.01 secs] 
475.576: [GC (Allocation Failure) [PSYoungGen: 74144K->1424K(74752K)] 360228K->287508K(828928K), 0.0015716 secs] [Times: user=0.01 sys=0.00, real=0.00 secs] 
476.932: [GC (Allocation Failure) [PSYoungGen: 74128K->1504K(74752K)] 360212K->287588K(828928K), 0.0039932 secs] [Times: user=0.01 sys=0.00, real=0.01 secs] 
477.987: [GC (Allocation Failure) [PSYoungGen: 74208K->1408K(74752K)] 360292K->287492K(828928K), 0.0030437 secs] [Times: user=0.01 sys=0.00, real=0.00 secs] 
479.074: [GC (Allocation Failure) [PSYoungGen: 74112K->1440K(74752K)] 360196K->287548K(828928K), 0.0040179 secs] [Times: user=0.01 sys=0.00, real=0.01 secs] 
480.045: [GC (Allocation Failure) [PSYoungGen: 74144K->1421K(74752K)] 360252K->287529K(828928K), 0.0023655 secs] [Times: user=0.01 sys=0.00, real=0.00 secs] 
482.084: [GC (Allocation Failure) [PSYoungGen: 74125K->1440K(74240K)] 360233K->287548K(828416K), 0.0033554 secs] [Times: user=0.01 sys=0.00, real=0.01 secs] 
482.769: [GC (Allocation Failure) [PSYoungGen: 74144K->1472K(74240K)] 360252K->287588K(828416K), 0.0026655 secs] [Times: user=0.01 sys=0.00, real=0.00 secs] 
483.070: [GC (Allocation Failure) [PSYoungGen: 74176K->1440K(74240K)] 360292K->287612K(828416K), 0.0020448 secs] [Times: user=0.01 sys=0.00, real=0.00 secs] 
483.372: [GC (Allocation Failure) [PSYoungGen: 74144K->1408K(74240K)] 360316K->287580K(828416K), 0.0026369 secs] [Times: user=0.01 sys=0.00, real=0.00 secs] 
484.223: [GC (Allocation Failure) [PSYoungGen: 74112K->432K(73728K)] 360284K->287628K(827904K), 0.0029249 secs] [Times: user=0.01 sys=0.01, real=0.01 secs] 
484.622: [GC (Allocation Failure) [PSYoungGen: 73136K->368K(74752K)] 360332K->287564K(828928K), 0.0018508 secs] [Times: user=0.00 sys=0.00, real=0.00 secs] 
485.166: [GC (Allocation Failure) [PSYoungGen: 73072K->400K(74752K)] 360268K->287596K(828928K), 0.0019136 secs] [Times: user=0.00 sys=0.00, real=0.00 secs] 
485.719: [GC (Allocation Failure) [PSYoungGen: 73104K->400K(74752K)] 360300K->287596K(828928K), 0.0029135 secs] [Times: user=0.01 sys=0.00, real=0.00 secs] 
486.837: [GC (Allocation Failure) [PSYoungGen: 73104K->1424K(74752K)] 360300K->288620K(828928K), 0.0016962 secs] [Times: user=0.01 sys=0.00, real=0.00 secs] 
487.384: [GC (Allocation Failure) [PSYoungGen: 74128K->1424K(74752K)] 361324K->288620K(828928K), 0.0023703 secs] [Times: user=0.01 sys=0.00, real=0.01 secs] 
488.013: [GC (Allocation Failure) [PSYoungGen: 74128K->1392K(74752K)] 361324K->288588K(828928K), 0.0029072 secs] [Times: user=0.01 sys=0.00, real=0.01 secs] 
488.655: [GC (Allocation Failure) [PSYoungGen: 74096K->1424K(74752K)] 361292K->288620K(828928K), 0.0022007 secs] [Times: user=0.01 sys=0.00, real=0.01 secs] 
489.905: [GC (Allocation Failure) [PSYoungGen: 74128K->1488K(74240K)] 361324K->288684K(828416K), 0.0024666 secs] [Times: user=0.01 sys=0.01, real=0.01 secs] 
490.829: [GC (Allocation Failure) [PSYoungGen: 73680K->1424K(74752K)] 360876K->288644K(828928K), 0.0022021 secs] [Times: user=0.00 sys=0.00, real=0.00 secs] 
491.705: [GC (Allocation Failure) [PSYoungGen: 73616K->1424K(73728K)] 360836K->288644K(827904K), 0.0041301 secs] [Times: user=0.02 sys=0.00, real=0.01 secs] 
492.558: [GC (Allocation Failure) [PSYoungGen: 73616K->1424K(74240K)] 360836K->288652K(828416K), 0.0025343 secs] [Times: user=0.01 sys=0.00, real=0.00 secs] 
493.583: [GC (Allocation Failure) [PSYoungGen: 73616K->1424K(74240K)] 360844K->288652K(828416K), 0.0018195 secs] [Times: user=0.00 sys=0.00, real=0.00 secs] 
494.283: [GC (Allocation Failure) [PSYoungGen: 73616K->1392K(74240K)] 360844K->288620K(828416K), 0.0021991 secs] [Times: user=0.00 sys=0.00, real=0.01 secs] 
495.317: [GC (Allocation Failure) [PSYoungGen: 73584K->1424K(74240K)] 360812K->288652K(828416K), 0.0036560 secs] [Times: user=0.02 sys=0.00, real=0.00 secs] 
496.338: [GC (Allocation Failure) [PSYoungGen: 73616K->1424K(74240K)] 360844K->288692K(828416K), 0.0029665 secs] [Times: user=0.01 sys=0.00, real=0.00 secs] 
497.890: [GC (Allocation Failure) [PSYoungGen: 73616K->1440K(74240K)] 360884K->288716K(828416K), 0.0020001 secs] [Times: user=0.00 sys=0.00, real=0.00 secs] 
498.505: [GC (Allocation Failure) [PSYoungGen: 73632K->1376K(74240K)] 360908K->288660K(828416K), 0.0032205 secs] [Times: user=0.01 sys=0.00, real=0.01 secs] 
499.100: [GC (Allocation Failure) [PSYoungGen: 73568K->1392K(74240K)] 360852K->288676K(828416K), 0.0028609 secs] [Times: user=0.01 sys=0.00, real=0.00 secs] 
499.698: [GC (Allocation Failure) [PSYoungGen: 73584K->1408K(74240K)] 360868K->288692K(828416K), 0.0027405 secs] [Times: user=0.01 sys=0.00, real=0.00 secs] 
500.712: [GC (Allocation Failure) [PSYoungGen: 73600K->1952K(74240K)] 360884K->289748K(828416K), 0.0021790 secs] [Times: user=0.01 sys=0.00, real=0.00 secs] 
501.586: [GC (Allocation Failure) [PSYoungGen: 74144K->1344K(74240K)] 361940K->289140K(828416K), 0.0019326 secs] [Times: user=0.01 sys=0.00, real=0.00 secs] 
501.889: [GC (Allocation Failure) [PSYoungGen: 73536K->1376K(74240K)] 361332K->289188K(828416K), 0.0019250 secs] [Times: user=0.01 sys=0.01, real=0.00 secs] 
502.189: [GC (Allocation Failure) [PSYoungGen: 73568K->1376K(74240K)] 361380K->289196K(828416K), 0.0016778 secs] [Times: user=0.01 sys=0.00, real=0.00 secs] 
502.934: [GC (Allocation Failure) [PSYoungGen: 73174K->192K(74240K)] 360994K->288012K(828416K), 0.0013009 secs] [Times: user=0.01 sys=0.00, real=0.01 secs] 
503.246: [GC (Allocation Failure) [PSYoungGen: 72384K->1408K(74240K)] 360204K->289228K(828416K), 0.0017758 secs] [Times: user=0.00 sys=0.00, real=0.00 secs] 
503.545: [GC (Allocation Failure) [PSYoungGen: 73600K->1376K(74240K)] 361420K->289196K(828416K), 0.0017401 secs] [Times: user=0.00 sys=0.00, real=0.01 secs] 
503.845: [GC (Allocation Failure) [PSYoungGen: 73568K->1376K(74240K)] 361388K->289196K(828416K), 0.0016482 secs] [Times: user=0.00 sys=0.00, real=0.01 secs] 
504.649: [GC (Allocation Failure) [PSYoungGen: 73568K->1389K(74240K)] 361388K->289209K(828416K), 0.0016224 secs] [Times: user=0.00 sys=0.00, real=0.00 secs] 
506.660: [GC (Allocation Failure) [PSYoungGen: 73581K->1440K(74240K)] 361401K->289268K(828416K), 0.0026376 secs] [Times: user=0.01 sys=0.00, real=0.00 secs] 
507.437: [GC (Allocation Failure) [PSYoungGen: 73632K->1376K(74240K)] 361460K->289204K(828416K), 0.0030242 secs] [Times: user=0.01 sys=0.00, real=0.00 secs] 
508.610: [GC (Allocation Failure) [PSYoungGen: 73568K->1360K(74240K)] 361396K->289204K(828416K), 0.0045250 secs] [Times: user=0.01 sys=0.00, real=0.00 secs] 
509.573: [GC (Allocation Failure) [PSYoungGen: 73506K->288K(74240K)] 361350K->288148K(828416K), 0.0026147 secs] [Times: user=0.01 sys=0.00, real=0.00 secs] 
510.388: [GC (Allocation Failure) [PSYoungGen: 72480K->1472K(74240K)] 360340K->289332K(828416K), 0.0018330 secs] [Times: user=0.01 sys=0.00, real=0.00 secs] 
510.688: [GC (Allocation Failure) [PSYoungGen: 73664K->1408K(74240K)] 361524K->289268K(828416K), 0.0018010 secs] [Times: user=0.00 sys=0.00, real=0.00 secs] 
511.231: [GC (Allocation Failure) [PSYoungGen: 73600K->1408K(74240K)] 361460K->289268K(828416K), 0.0018746 secs] [Times: user=0.01 sys=0.00, real=0.00 secs] 
511.817: [GC (Allocation Failure) [PSYoungGen: 73600K->1408K(74240K)] 361460K->289268K(828416K), 0.0021379 secs] [Times: user=0.01 sys=0.00, real=0.00 secs] 
513.170: [GC (Allocation Failure) [PSYoungGen: 73600K->1408K(74240K)] 361460K->289268K(828416K), 0.0036825 secs] [Times: user=0.01 sys=0.00, real=0.00 secs] 
513.864: [GC (Allocation Failure) [PSYoungGen: 73600K->1408K(74240K)] 361460K->289268K(828416K), 0.0026140 secs] [Times: user=0.01 sys=0.00, real=0.01 secs] 
514.512: [GC (Allocation Failure) [PSYoungGen: 73600K->1424K(74240K)] 361460K->289284K(828416K), 0.0023914 secs] [Times: user=0.01 sys=0.00, real=0.00 secs] 
515.094: [GC (Allocation Failure) [PSYoungGen: 73616K->1408K(74240K)] 361476K->289268K(828416K), 0.0029225 secs] [Times: user=0.01 sys=0.00, real=0.01 secs] 
516.626: [GC (Allocation Failure) [PSYoungGen: 73600K->1440K(74240K)] 361460K->289300K(828416K), 0.0027586 secs] [Times: user=0.01 sys=0.00, real=0.00 secs] 
517.247: [GC (Allocation Failure) [PSYoungGen: 73632K->1408K(74240K)] 361492K->289268K(828416K), 0.0026104 secs] [Times: user=0.01 sys=0.00, real=0.00 secs] 
517.962: [GC (Allocation Failure) [PSYoungGen: 73600K->1376K(74240K)] 361460K->289236K(828416K), 0.0027077 secs] [Times: user=0.01 sys=0.00, real=0.00 secs] 
518.638: [GC (Allocation Failure) [PSYoungGen: 73568K->1408K(74240K)] 361428K->289284K(828416K), 0.0023850 secs] [Times: user=0.01 sys=0.00, real=0.00 secs] 
519.727: [GC (Allocation Failure) [PSYoungGen: 73600K->1440K(74240K)] 361476K->289316K(828416K), 0.0016450 secs] [Times: user=0.01 sys=0.00, real=0.00 secs] 
520.496: [GC (Allocation Failure) [PSYoungGen: 73632K->1440K(74240K)] 361508K->289332K(828416K), 0.0042613 secs] [Times: user=0.01 sys=0.00, real=0.00 secs] 
521.155: [GC (Allocation Failure) [PSYoungGen: 73632K->1376K(74240K)] 361524K->289268K(828416K), 0.0026320 secs] [Times: user=0.01 sys=0.00, real=0.01 secs] 
521.451: [GC (Allocation Failure) [PSYoungGen: 73568K->1376K(74240K)] 361460K->289268K(828416K), 0.0019101 secs] [Times: user=0.00 sys=0.00, real=0.00 secs] 
522.567: [GC (Allocation Failure) [PSYoungGen: 73568K->1440K(74240K)] 361460K->289332K(828416K), 0.0023646 secs] [Times: user=0.01 sys=0.00, real=0.00 secs] 
523.161: [GC (Allocation Failure) [PSYoungGen: 73632K->1376K(74240K)] 361524K->289268K(828416K), 0.0032384 secs] [Times: user=0.01 sys=0.00, real=0.00 secs] 
523.785: [GC (Allocation Failure) [PSYoungGen: 73568K->1344K(74240K)] 361460K->289236K(828416K), 0.0024393 secs] [Times: user=0.01 sys=0.00, real=0.00 secs] 
524.369: [GC (Allocation Failure) [PSYoungGen: 73536K->1376K(74240K)] 361428K->289276K(828416K), 0.0021382 secs] [Times: user=0.01 sys=0.00, real=0.00 secs] 
525.263: [GC (Allocation Failure) [PSYoungGen: 73568K->1440K(74240K)] 361468K->289340K(828416K), 0.0016912 secs] [Times: user=0.00 sys=0.00, real=0.00 secs] 
525.595: [GC (Allocation Failure) [PSYoungGen: 73632K->1376K(74240K)] 361532K->289276K(828416K), 0.0018300 secs] [Times: user=0.01 sys=0.00, real=0.01 secs] 
525.899: [GC (Allocation Failure) [PSYoungGen: 73568K->1376K(74240K)] 361468K->289276K(828416K), 0.0018436 secs] [Times: user=0.01 sys=0.00, real=0.00 secs] 
526.226: [GC (Allocation Failure) [PSYoungGen: 73568K->1408K(74240K)] 361468K->289324K(828416K), 0.0017678 secs] [Times: user=0.00 sys=0.00, real=0.00 secs] 
527.024: [GC (Allocation Failure) [PSYoungGen: 73600K->1376K(73728K)] 361516K->289292K(827904K), 0.0016062 secs] [Times: user=0.01 sys=0.00, real=0.01 secs] 
528.287: [GC (Allocation Failure) [PSYoungGen: 73568K->1408K(73728K)] 361484K->289324K(827904K), 0.0030635 secs] [Times: user=0.02 sys=0.00, real=0.00 secs] 
528.728: [GC (Allocation Failure) [PSYoungGen: 73600K->1376K(73728K)] 361516K->289300K(827904K), 0.0021874 secs] [Times: user=0.01 sys=0.00, real=0.00 secs] 
530.008: [GC (Allocation Failure) [PSYoungGen: 73568K->1408K(73728K)] 361492K->289332K(827904K), 0.0030502 secs] [Times: user=0.01 sys=0.00, real=0.00 secs] 
531.435: [GC (Allocation Failure) [PSYoungGen: 73600K->1408K(73728K)] 361524K->289332K(827904K), 0.0013821 secs] [Times: user=0.00 sys=0.00, real=0.00 secs] 
531.967: [GC (Allocation Failure) [PSYoungGen: 73600K->1440K(73728K)] 361524K->289364K(827904K), 0.0017067 secs] [Times: user=0.01 sys=0.00, real=0.00 secs] 
532.271: [GC (Allocation Failure) [PSYoungGen: 73632K->1376K(73728K)] 361556K->289300K(827904K), 0.0020625 secs] [Times: user=0.01 sys=0.00, real=0.00 secs] 
532.572: [GC (Allocation Failure) [PSYoungGen: 73568K->1376K(73728K)] 361492K->289300K(827904K), 0.0018509 secs] [Times: user=0.01 sys=0.00, real=0.00 secs] 
532.908: [GC (Allocation Failure) [PSYoungGen: 73568K->1408K(73728K)] 361492K->289332K(827904K), 0.0018312 secs] [Times: user=0.01 sys=0.00, real=0.00 secs] 
533.665: [GC (Allocation Failure) [PSYoungGen: 73600K->1408K(73728K)] 361524K->289332K(827904K), 0.0015981 secs] [Times: user=0.00 sys=0.00, real=0.00 secs] 
533.989: [GC (Allocation Failure) [PSYoungGen: 73600K->1408K(73728K)] 361524K->289348K(827904K), 0.0016786 secs] [Times: user=0.01 sys=0.00, real=0.00 secs] 
534.298: [GC (Allocation Failure) [PSYoungGen: 73600K->1376K(73728K)] 361540K->289340K(827904K), 0.0018164 secs] [Times: user=0.01 sys=0.00, real=0.00 secs] 
534.598: [GC (Allocation Failure) [PSYoungGen: 73568K->1376K(73728K)] 361532K->289340K(827904K), 0.0017153 secs] [Times: user=0.00 sys=0.00, real=0.00 secs] 
535.784: [GC (Allocation Failure) [PSYoungGen: 73568K->1440K(73728K)] 361532K->289404K(827904K), 0.0016858 secs] [Times: user=0.01 sys=0.00, real=0.01 secs] 
536.660: [GC (Allocation Failure) [PSYoungGen: 73632K->1424K(73728K)] 361596K->289388K(827904K), 0.0026183 secs] [Times: user=0.01 sys=0.01, real=0.00 secs] 
537.349: [GC (Allocation Failure) [PSYoungGen: 73616K->1424K(73728K)] 361580K->289388K(827904K), 0.0023454 secs] [Times: user=0.01 sys=0.00, real=0.00 secs] 
538.411: [GC (Allocation Failure) [PSYoungGen: 73616K->1376K(73728K)] 361580K->289348K(827904K), 0.0027333 secs] [Times: user=0.02 sys=0.00, real=0.00 secs] 
539.655: [GC (Allocation Failure) [PSYoungGen: 73568K->1408K(73728K)] 361540K->289388K(827904K), 0.0018125 secs] [Times: user=0.00 sys=0.00, real=0.01 secs] 
539.955: [GC (Allocation Failure) [PSYoungGen: 73600K->1408K(73728K)] 361580K->289388K(827904K), 0.0018104 secs] [Times: user=0.01 sys=0.00, real=0.01 secs] 
540.255: [GC (Allocation Failure) [PSYoungGen: 73600K->1408K(73728K)] 361580K->289388K(827904K), 0.0018526 secs] [Times: user=0.00 sys=0.00, real=0.01 secs] 
540.690: [GC (Allocation Failure) [PSYoungGen: 73600K->1376K(73728K)] 361580K->289356K(827904K), 0.0017107 secs] [Times: user=0.00 sys=0.00, real=0.00 secs] 
541.641: [GC (Allocation Failure) [PSYoungGen: 73568K->1440K(73728K)] 361548K->289428K(827904K), 0.0015988 secs] [Times: user=0.01 sys=0.00, real=0.00 secs] 
542.402: [GC (Allocation Failure) [PSYoungGen: 73632K->1376K(73728K)] 361620K->289364K(827904K), 0.0041034 secs] [Times: user=0.02 sys=0.00, real=0.01 secs] 
542.931: [GC (Allocation Failure) [PSYoungGen: 73568K->1376K(73728K)] 361556K->289364K(827904K), 0.0022137 secs] [Times: user=0.01 sys=0.00, real=0.00 secs] 
543.757: [GC (Allocation Failure) [PSYoungGen: 73568K->1408K(73728K)] 361556K->289396K(827904K), 0.0022932 secs] [Times: user=0.01 sys=0.00, real=0.00 secs] 
544.905: [GC (Allocation Failure) [PSYoungGen: 73600K->1440K(73728K)] 361588K->289428K(827904K), 0.0015542 secs] [Times: user=0.01 sys=0.00, real=0.01 secs] 
545.239: [GC (Allocation Failure) [PSYoungGen: 73632K->1440K(73728K)] 361620K->289428K(827904K), 0.0014016 secs] [Times: user=0.00 sys=0.00, real=0.00 secs] 
545.543: [GC (Allocation Failure) [PSYoungGen: 73632K->1424K(73728K)] 361620K->289412K(827904K), 0.0015575 secs] [Times: user=0.00 sys=0.00, real=0.00 secs] 
545.842: [GC (Allocation Failure) [PSYoungGen: 73616K->1408K(73728K)] 361604K->289396K(827904K), 0.0015424 secs] [Times: user=0.01 sys=0.00, real=0.00 secs] 
546.717: [GC (Allocation Failure) [PSYoungGen: 73600K->896K(73216K)] 361588K->289908K(827392K), 0.0017564 secs] [Times: user=0.01 sys=0.00, real=0.00 secs] 
547.379: [GC (Allocation Failure) [PSYoungGen: 72576K->384K(73728K)] 361588K->289396K(827904K), 0.0038097 secs] [Times: user=0.01 sys=0.00, real=0.00 secs] 
548.099: [GC (Allocation Failure) [PSYoungGen: 72064K->352K(73728K)] 361076K->289388K(827904K), 0.0039242 secs] [Times: user=0.01 sys=0.00, real=0.00 secs] 
548.710: [GC (Allocation Failure) [PSYoungGen: 72032K->352K(73728K)] 361068K->289396K(827904K), 0.0019401 secs] [Times: user=0.00 sys=0.00, real=0.00 secs] 
550.095: [GC (Allocation Failure) [PSYoungGen: 72032K->1373K(73728K)] 361076K->290417K(827904K), 0.0013205 secs] [Times: user=0.00 sys=0.00, real=0.01 secs] 
550.577: [GC (Allocation Failure) [PSYoungGen: 73053K->1408K(73728K)] 362097K->290452K(827904K), 0.0017856 secs] [Times: user=0.00 sys=0.00, real=0.00 secs] 
550.909: [GC (Allocation Failure) [PSYoungGen: 73088K->1376K(73728K)] 362132K->290420K(827904K), 0.0018453 secs] [Times: user=0.01 sys=0.00, real=0.00 secs] 
551.208: [GC (Allocation Failure) [PSYoungGen: 73056K->1408K(73728K)] 362100K->290452K(827904K), 0.0019404 secs] [Times: user=0.01 sys=0.00, real=0.00 secs] 
551.661: [GC (Allocation Failure) [PSYoungGen: 73088K->1376K(73728K)] 362132K->290420K(827904K), 0.0014059 secs] [Times: user=0.00 sys=0.00, real=0.00 secs] 
552.682: [GC (Allocation Failure) [PSYoungGen: 73056K->1408K(73728K)] 362100K->290452K(827904K), 0.0016671 secs] [Times: user=0.01 sys=0.00, real=0.00 secs] 
553.432: [GC (Allocation Failure) [PSYoungGen: 73088K->1408K(73728K)] 362132K->290452K(827904K), 0.0022110 secs] [Times: user=0.01 sys=0.00, real=0.00 secs] 
553.919: [GC (Allocation Failure) [PSYoungGen: 73088K->1408K(73728K)] 362132K->290468K(827904K), 0.0018674 secs] [Times: user=0.01 sys=0.00, real=0.00 secs] 
554.505: [GC (Allocation Failure) [PSYoungGen: 73088K->1344K(73728K)] 362148K->290404K(827904K), 0.0021895 secs] [Times: user=0.01 sys=0.00, real=0.00 secs] 
556.317: [GC (Allocation Failure) [PSYoungGen: 73024K->1408K(73728K)] 362084K->290468K(827904K), 0.0042001 secs] [Times: user=0.01 sys=0.00, real=0.00 secs] 
557.021: [GC (Allocation Failure) [PSYoungGen: 73088K->1376K(73728K)] 362148K->290436K(827904K), 0.0028867 secs] [Times: user=0.01 sys=0.00, real=0.00 secs] 
557.641: [GC (Allocation Failure) [PSYoungGen: 73056K->1408K(73728K)] 362116K->290468K(827904K), 0.0032923 secs] [Times: user=0.01 sys=0.00, real=0.00 secs] 
558.232: [GC (Allocation Failure) [PSYoungGen: 73088K->1376K(73728K)] 362148K->290436K(827904K), 0.0034102 secs] [Times: user=0.01 sys=0.00, real=0.00 secs] 
559.376: [GC (Allocation Failure) [PSYoungGen: 73056K->1440K(73728K)] 362116K->290508K(827904K), 0.0033778 secs] [Times: user=0.01 sys=0.00, real=0.00 secs] 
560.179: [GC (Allocation Failure) [PSYoungGen: 73120K->1440K(73728K)] 362188K->290516K(827904K), 0.0030523 secs] [Times: user=0.01 sys=0.00, real=0.00 secs] 
561.073: [GC (Allocation Failure) [PSYoungGen: 73120K->1408K(73728K)] 362196K->290484K(827904K), 0.0034382 secs] [Times: user=0.01 sys=0.00, real=0.01 secs] 
561.897: [GC (Allocation Failure) [PSYoungGen: 73088K->1408K(73728K)] 362164K->290484K(827904K), 0.0037025 secs] [Times: user=0.02 sys=0.00, real=0.00 secs] 
562.983: [GC (Allocation Failure) [PSYoungGen: 73088K->1408K(73728K)] 362164K->290484K(827904K), 0.0016882 secs] [Times: user=0.01 sys=0.00, real=0.00 secs] 
563.302: [GC (Allocation Failure) [PSYoungGen: 73088K->1376K(73728K)] 362164K->290452K(827904K), 0.0018969 secs] [Times: user=0.01 sys=0.00, real=0.00 secs] 
563.866: [GC (Allocation Failure) [PSYoungGen: 73056K->1408K(73728K)] 362132K->290484K(827904K), 0.0017899 secs] [Times: user=0.01 sys=0.00, real=0.00 secs] 
564.411: [GC (Allocation Failure) [PSYoungGen: 73088K->1440K(73728K)] 362164K->290516K(827904K), 0.0019227 secs] [Times: user=0.01 sys=0.00, real=0.00 secs] 
565.334: [GC (Allocation Failure) [PSYoungGen: 73120K->1456K(73728K)] 362196K->290532K(827904K), 0.0016802 secs] [Times: user=0.00 sys=0.00, real=0.01 secs] 
565.632: [GC (Allocation Failure) [PSYoungGen: 73136K->1408K(73728K)] 362212K->290484K(827904K), 0.0017150 secs] [Times: user=0.00 sys=0.00, real=0.00 secs] 
566.333: [GC (Allocation Failure) [PSYoungGen: 73088K->1376K(73728K)] 362164K->290452K(827904K), 0.0023284 secs] [Times: user=0.01 sys=0.00, real=0.00 secs] 
567.134: [GC (Allocation Failure) [PSYoungGen: 73056K->1376K(73728K)] 362132K->290460K(827904K), 0.0026701 secs] [Times: user=0.01 sys=0.00, real=0.01 secs] 
568.334: [GC (Allocation Failure) [PSYoungGen: 73056K->1472K(73728K)] 362140K->290556K(827904K), 0.0018019 secs] [Times: user=0.01 sys=0.00, real=0.01 secs] 
569.998: [GC (Allocation Failure) [PSYoungGen: 73152K->1376K(73728K)] 362236K->290460K(827904K), 0.0036752 secs] [Times: user=0.01 sys=0.00, real=0.00 secs] 
570.826: [GC (Allocation Failure) [PSYoungGen: 73056K->1440K(73728K)] 362140K->290532K(827904K), 0.0036925 secs] [Times: user=0.01 sys=0.00, real=0.00 secs] 
571.452: [GC (Allocation Failure) [PSYoungGen: 73120K->1424K(73728K)] 362212K->290524K(827904K), 0.0030677 secs] [Times: user=0.01 sys=0.00, real=0.00 secs] 
572.327: [GC (Allocation Failure) [PSYoungGen: 73104K->1373K(73728K)] 362204K->290473K(827904K), 0.0013244 secs] [Times: user=0.01 sys=0.00, real=0.00 secs] 
573.340: [GC (Allocation Failure) [PSYoungGen: 73053K->1440K(73728K)] 362153K->290540K(827904K), 0.0018608 secs] [Times: user=0.00 sys=0.00, real=0.00 secs] 
574.251: [GC (Allocation Failure) [PSYoungGen: 73120K->1408K(73728K)] 362220K->290508K(827904K), 0.0039330 secs] [Times: user=0.02 sys=0.00, real=0.00 secs] 
574.870: [GC (Allocation Failure) [PSYoungGen: 73088K->1408K(73728K)] 362188K->290508K(827904K), 0.0026071 secs] [Times: user=0.01 sys=0.00, real=0.00 secs] 
575.665: [GC (Allocation Failure) [PSYoungGen: 73088K->1424K(73728K)] 362188K->290524K(827904K), 0.0030594 secs] [Times: user=0.02 sys=0.00, real=0.01 secs] 
577.064: [GC (Allocation Failure) [PSYoungGen: 73104K->1376K(73216K)] 362204K->290476K(827392K), 0.0015995 secs] [Times: user=0.01 sys=0.00, real=0.00 secs] 
577.484: [GC (Allocation Failure) [PSYoungGen: 73056K->1440K(73216K)] 362156K->290540K(827392K), 0.0022005 secs] [Times: user=0.01 sys=0.00, real=0.01 secs] 
578.090: [GC (Allocation Failure) [PSYoungGen: 73120K->384K(72704K)] 362220K->290520K(826880K), 0.0031909 secs] [Times: user=0.01 sys=0.00, real=0.00 secs] 
578.630: [GC (Allocation Failure) [PSYoungGen: 72064K->352K(73728K)] 362200K->290488K(827904K), 0.0026176 secs] [Times: user=0.01 sys=0.00, real=0.00 secs] 
580.313: [GC (Allocation Failure) [PSYoungGen: 72032K->1440K(73728K)] 362168K->291576K(827904K), 0.0038094 secs] [Times: user=0.02 sys=0.00, real=0.01 secs] 
581.373: [GC (Allocation Failure) [PSYoungGen: 73120K->1360K(73728K)] 363256K->291496K(827904K), 0.0039951 secs] [Times: user=0.01 sys=0.00, real=0.01 secs] 
582.321: [GC (Allocation Failure) [PSYoungGen: 73040K->1408K(73728K)] 363176K->291552K(827904K), 0.0038746 secs] [Times: user=0.02 sys=0.00, real=0.00 secs] 
583.312: [GC (Allocation Failure) [PSYoungGen: 73088K->1408K(73728K)] 363232K->291552K(827904K), 0.0037210 secs] [Times: user=0.01 sys=0.01, real=0.01 secs] 
584.463: [GC (Allocation Failure) [PSYoungGen: 73088K->1408K(73728K)] 363232K->291552K(827904K), 0.0017452 secs] [Times: user=0.01 sys=0.00, real=0.00 secs] 
584.798: [GC (Allocation Failure) [PSYoungGen: 73088K->1376K(73728K)] 363232K->291520K(827904K), 0.0019427 secs] [Times: user=0.01 sys=0.00, real=0.00 secs] 
585.183: [GC (Allocation Failure) [PSYoungGen: 73056K->1376K(73728K)] 363200K->291520K(827904K), 0.0019039 secs] [Times: user=0.01 sys=0.00, real=0.00 secs] 
585.598: [GC (Allocation Failure) [PSYoungGen: 73056K->1376K(73728K)] 363200K->291536K(827904K), 0.0020602 secs] [Times: user=0.01 sys=0.00, real=0.00 secs] 
586.723: [GC (Allocation Failure) [PSYoungGen: 73056K->1408K(73728K)] 363216K->291568K(827904K), 0.0020896 secs] [Times: user=0.01 sys=0.00, real=0.00 secs] 
587.384: [GC (Allocation Failure) [PSYoungGen: 73088K->1376K(73728K)] 363248K->291536K(827904K), 0.0017370 secs] [Times: user=0.00 sys=0.00, real=0.01 secs] 
588.043: [GC (Allocation Failure) [PSYoungGen: 73056K->1408K(73728K)] 363216K->291568K(827904K), 0.0023564 secs] [Times: user=0.01 sys=0.00, real=0.01 secs] 
588.443: [GC (Allocation Failure) [PSYoungGen: 73088K->1408K(73728K)] 363248K->291568K(827904K), 0.0020983 secs] [Times: user=0.01 sys=0.00, real=0.00 secs] 
589.194: [GC (Allocation Failure) [PSYoungGen: 73088K->1952K(73728K)] 363248K->292624K(827904K), 0.0018337 secs] [Times: user=0.01 sys=0.00, real=0.01 secs] 
589.492: [GC (Allocation Failure) [PSYoungGen: 73632K->1376K(73728K)] 364304K->292048K(827904K), 0.0018084 secs] [Times: user=0.00 sys=0.00, real=0.00 secs] 
589.790: [GC (Allocation Failure) [PSYoungGen: 73056K->1408K(73728K)] 363728K->292096K(827904K), 0.0015583 secs] [Times: user=0.01 sys=0.00, real=0.00 secs] 
590.087: [GC (Allocation Failure) [PSYoungGen: 73088K->1344K(73728K)] 363776K->292040K(827904K), 0.0018064 secs] [Times: user=0.00 sys=0.00, real=0.00 secs] 
590.796: [GC (Allocation Failure) [PSYoungGen: 73024K->1376K(73728K)] 363720K->292072K(827904K), 0.0013769 secs] [Times: user=0.01 sys=0.00, real=0.00 secs] 
592.294: [GC (Allocation Failure) [PSYoungGen: 73056K->1408K(73728K)] 363752K->292104K(827904K), 0.0032213 secs] [Times: user=0.01 sys=0.00, real=0.01 secs] 
593.188: [GC (Allocation Failure) [PSYoungGen: 73088K->1440K(73728K)] 363784K->292136K(827904K), 0.0043581 secs] [Times: user=0.02 sys=0.01, real=0.00 secs] 
594.119: [GC (Allocation Failure) [PSYoungGen: 73120K->1376K(73728K)] 363816K->292072K(827904K), 0.0028915 secs] [Times: user=0.01 sys=0.00, real=0.00 secs] 
595.161: [GC (Allocation Failure) [PSYoungGen: 73056K->1405K(73728K)] 363752K->292101K(827904K), 0.0023550 secs] [Times: user=0.01 sys=0.00, real=0.00 secs] 
596.220: [GC (Allocation Failure) [PSYoungGen: 73085K->1408K(73728K)] 363781K->292104K(827904K), 0.0019578 secs] [Times: user=0.00 sys=0.00, real=0.00 secs] 
598.177: [GC (Allocation Failure) [PSYoungGen: 73088K->1376K(73728K)] 363784K->292072K(827904K), 0.0040103 secs] [Times: user=0.02 sys=0.00, real=0.00 secs] 
598.810: [GC (Allocation Failure) [PSYoungGen: 73056K->1440K(73728K)] 363752K->292136K(827904K), 0.0027998 secs] [Times: user=0.01 sys=0.00, real=0.00 secs] 
599.350: [GC (Allocation Failure) [PSYoungGen: 73120K->1408K(73728K)] 363816K->292104K(827904K), 0.0019603 secs] [Times: user=0.01 sys=0.00, real=0.00 secs] 
600.902: [GC (Allocation Failure) [PSYoungGen: 73088K->1408K(73728K)] 363784K->292112K(827904K), 0.0043297 secs] [Times: user=0.02 sys=0.00, real=0.01 secs] 
601.809: [GC (Allocation Failure) [PSYoungGen: 73088K->1408K(73728K)] 363792K->292120K(827904K), 0.0039310 secs] [Times: user=0.02 sys=0.00, real=0.00 secs] 
602.821: [GC (Allocation Failure) [PSYoungGen: 73088K->1408K(73728K)] 363800K->292120K(827904K), 0.0031194 secs] [Times: user=0.01 sys=0.00, real=0.00 secs] 
603.636: [GC (Allocation Failure) [PSYoungGen: 73088K->1408K(73216K)] 363800K->292120K(827392K), 0.0032801 secs] [Times: user=0.01 sys=0.00, real=0.00 secs] 
604.945: [GC (Allocation Failure) [PSYoungGen: 73088K->1440K(73216K)] 363800K->292152K(827392K), 0.0019143 secs] [Times: user=0.01 sys=0.00, real=0.01 secs] 
605.396: [GC (Allocation Failure) [PSYoungGen: 73120K->384K(72704K)] 363832K->292120K(826880K), 0.0021279 secs] [Times: user=0.01 sys=0.00, real=0.00 secs] 
605.700: [GC (Allocation Failure) [PSYoungGen: 72064K->368K(73728K)] 363800K->292104K(827904K), 0.0027408 secs] [Times: user=0.01 sys=0.00, real=0.00 secs] 
606.162: [GC (Allocation Failure) [PSYoungGen: 72048K->384K(73728K)] 363784K->292120K(827904K), 0.0019110 secs] [Times: user=0.01 sys=0.00, real=0.00 secs] 
607.625: [GC (Allocation Failure) [PSYoungGen: 72064K->1408K(73728K)] 363800K->293144K(827904K), 0.0040380 secs] [Times: user=0.02 sys=0.00, real=0.01 secs] 
608.348: [GC (Allocation Failure) [PSYoungGen: 73088K->1440K(73728K)] 364824K->293176K(827904K), 0.0039951 secs] [Times: user=0.02 sys=0.01, real=0.00 secs] 
609.102: [GC (Allocation Failure) [PSYoungGen: 73120K->1424K(73728K)] 364856K->293160K(827904K), 0.0031348 secs] [Times: user=0.02 sys=0.00, real=0.00 secs] 
609.996: [GC (Allocation Failure) [PSYoungGen: 73104K->1408K(73728K)] 364840K->293144K(827904K), 0.0038560 secs] [Times: user=0.02 sys=0.00, real=0.00 secs] 
611.321: [GC (Allocation Failure) [PSYoungGen: 73088K->1472K(73728K)] 364824K->293224K(827904K), 0.0017900 secs] [Times: user=0.00 sys=0.00, real=0.00 secs] 
612.179: [GC (Allocation Failure) [PSYoungGen: 73152K->1424K(73728K)] 364904K->293176K(827904K), 0.0019552 secs] [Times: user=0.01 sys=0.00, real=0.00 secs] 
612.829: [GC (Allocation Failure) [PSYoungGen: 73104K->1408K(73728K)] 364856K->293160K(827904K), 0.0033664 secs] [Times: user=0.02 sys=0.00, real=0.00 secs] 
613.586: [GC (Allocation Failure) [PSYoungGen: 73088K->1376K(73728K)] 364840K->293136K(827904K), 0.0026362 secs] [Times: user=0.01 sys=0.00, real=0.00 secs] 
614.722: [GC (Allocation Failure) [PSYoungGen: 73056K->1392K(73728K)] 364816K->293160K(827904K), 0.0037517 secs] [Times: user=0.02 sys=0.00, real=0.01 secs] 
615.573: [GC (Allocation Failure) [PSYoungGen: 73072K->1344K(73728K)] 364840K->293112K(827904K), 0.0022823 secs] [Times: user=0.01 sys=0.00, real=0.01 secs] 
616.109: [GC (Allocation Failure) [PSYoungGen: 73024K->1408K(73728K)] 364792K->293184K(827904K), 0.0030202 secs] [Times: user=0.02 sys=0.00, real=0.00 secs] 
616.756: [GC (Allocation Failure) [PSYoungGen: 73088K->1376K(73728K)] 364864K->293168K(827904K), 0.0026779 secs] [Times: user=0.02 sys=0.00, real=0.00 secs] 
617.666: [GC (Allocation Failure) [PSYoungGen: 73056K->1389K(73728K)] 364848K->293181K(827904K), 0.0013784 secs] [Times: user=0.00 sys=0.00, real=0.00 secs] 
618.278: [GC (Allocation Failure) [PSYoungGen: 73069K->1440K(73728K)] 364861K->293232K(827904K), 0.0018586 secs] [Times: user=0.01 sys=0.00, real=0.00 secs] 
619.045: [GC (Allocation Failure) [PSYoungGen: 73120K->1376K(73728K)] 364912K->293168K(827904K), 0.0039467 secs] [Times: user=0.01 sys=0.00, real=0.01 secs] 
619.983: [GC (Allocation Failure) [PSYoungGen: 73056K->1376K(73728K)] 364848K->293168K(827904K), 0.0035092 secs] [Times: user=0.02 sys=0.00, real=0.01 secs] 
620.929: [GC (Allocation Failure) [PSYoungGen: 73056K->1440K(73728K)] 364848K->293248K(827904K), 0.0033859 secs] [Times: user=0.02 sys=0.00, real=0.00 secs] 
622.047: [GC (Allocation Failure) [PSYoungGen: 73120K->1456K(73728K)] 364928K->293272K(827904K), 0.0017362 secs] [Times: user=0.01 sys=0.00, real=0.00 secs] 
622.741: [GC (Allocation Failure) [PSYoungGen: 73136K->1376K(73728K)] 364952K->293200K(827904K), 0.0037343 secs] [Times: user=0.02 sys=0.00, real=0.00 secs] 
623.390: [GC (Allocation Failure) [PSYoungGen: 73056K->1376K(73728K)] 364880K->293200K(827904K), 0.0027996 secs] [Times: user=0.02 sys=0.00, real=0.00 secs] 
623.813: [GC (Allocation Failure) [PSYoungGen: 73056K->1408K(73728K)] 364880K->293232K(827904K), 0.0020508 secs] [Times: user=0.01 sys=0.00, real=0.01 secs] 
624.917: [GC (Allocation Failure) [PSYoungGen: 73088K->1408K(73728K)] 364912K->293240K(827904K), 0.0017457 secs] [Times: user=0.00 sys=0.00, real=0.00 secs] 
625.766: [GC (Allocation Failure) [PSYoungGen: 73088K->1408K(73728K)] 364920K->293240K(827904K), 0.0025915 secs] [Times: user=0.01 sys=0.00, real=0.00 secs] 
626.611: [GC (Allocation Failure) [PSYoungGen: 73088K->1408K(73728K)] 364920K->293240K(827904K), 0.0030378 secs] [Times: user=0.02 sys=0.00, real=0.00 secs] 
627.711: [GC (Allocation Failure) [PSYoungGen: 73088K->1408K(73728K)] 364920K->293240K(827904K), 0.0027580 secs] [Times: user=0.01 sys=0.00, real=0.00 secs] 
629.127: [GC (Allocation Failure) [PSYoungGen: 73088K->1408K(73728K)] 364920K->293240K(827904K), 0.0019021 secs] [Times: user=0.01 sys=0.00, real=0.00 secs] 
630.113: [GC (Allocation Failure) [PSYoungGen: 73088K->1408K(73728K)] 364920K->293240K(827904K), 0.0017612 secs] [Times: user=0.01 sys=0.00, real=0.00 secs] 
631.211: [GC (Allocation Failure) [PSYoungGen: 73088K->1408K(73728K)] 364920K->293240K(827904K), 0.0023829 secs] [Times: user=0.01 sys=0.00, real=0.00 secs] 
632.061: [GC (Allocation Failure) [PSYoungGen: 73088K->1408K(73728K)] 364920K->293248K(827904K), 0.0023522 secs] [Times: user=0.01 sys=0.00, real=0.00 secs] 
633.078: [GC (Allocation Failure) [PSYoungGen: 73088K->1472K(73728K)] 364928K->293312K(827904K), 0.0018668 secs] [Times: user=0.00 sys=0.00, real=0.00 secs] 
633.620: [GC (Allocation Failure) [PSYoungGen: 73152K->1376K(73728K)] 364992K->293216K(827904K), 0.0020050 secs] [Times: user=0.01 sys=0.00, real=0.00 secs] 
633.919: [GC (Allocation Failure) [PSYoungGen: 73056K->1408K(73216K)] 364896K->293248K(827392K), 0.0023756 secs] [Times: user=0.01 sys=0.00, real=0.00 secs] 
634.413: [GC (Allocation Failure) [PSYoungGen: 73088K->1408K(73216K)] 364928K->293256K(827392K), 0.0022848 secs] [Times: user=0.01 sys=0.00, real=0.01 secs] 
635.440: [GC (Allocation Failure) [PSYoungGen: 73088K->704K(72704K)] 364936K->293576K(826880K), 0.0018088 secs] [Times: user=0.00 sys=0.00, real=0.00 secs] 
635.781: [GC (Allocation Failure) [PSYoungGen: 72384K->320K(73728K)] 365256K->293192K(827904K), 0.0016791 secs] [Times: user=0.01 sys=0.00, real=0.00 secs] 
636.154: [GC (Allocation Failure) [PSYoungGen: 72000K->320K(73728K)] 364872K->293192K(827904K), 0.0019202 secs] [Times: user=0.01 sys=0.00, real=0.01 secs] 
636.486: [GC (Allocation Failure) [PSYoungGen: 72000K->384K(73728K)] 364872K->293272K(827904K), 0.0027657 secs] [Times: user=0.01 sys=0.00, real=0.00 secs] 
637.121: [GC (Allocation Failure) [PSYoungGen: 72064K->1389K(73728K)] 364952K->294277K(827904K), 0.0013618 secs] [Times: user=0.00 sys=0.00, real=0.00 secs] 
639.995: [GC (Allocation Failure) [PSYoungGen: 73069K->1472K(73728K)] 365957K->294360K(827904K), 0.0025103 secs] [Times: user=0.02 sys=0.00, real=0.01 secs] 
640.925: [GC (Allocation Failure) [PSYoungGen: 73152K->1376K(73728K)] 366040K->294264K(827904K), 0.0027319 secs] [Times: user=0.01 sys=0.00, real=0.01 secs] 
641.896: [GC (Allocation Failure) [PSYoungGen: 73056K->1408K(73728K)] 365944K->294304K(827904K), 0.0027473 secs] [Times: user=0.01 sys=0.00, real=0.00 secs] 
642.747: [GC (Allocation Failure) [PSYoungGen: 73088K->1376K(73728K)] 365984K->294272K(827904K), 0.0025997 secs] [Times: user=0.01 sys=0.00, real=0.00 secs] 
644.313: [GC (Allocation Failure) [PSYoungGen: 73056K->1440K(73728K)] 365952K->294336K(827904K), 0.0019146 secs] [Times: user=0.01 sys=0.00, real=0.00 secs] 
645.348: [GC (Allocation Failure) [PSYoungGen: 73120K->1376K(73728K)] 366016K->294272K(827904K), 0.0038173 secs] [Times: user=0.01 sys=0.01, real=0.00 secs] 
645.780: [GC (Allocation Failure) [PSYoungGen: 73056K->1408K(73728K)] 365952K->294304K(827904K), 0.0018605 secs] [Times: user=0.00 sys=0.00, real=0.00 secs] 
646.078: [GC (Allocation Failure) [PSYoungGen: 73088K->1408K(73728K)] 365984K->294304K(827904K), 0.0018299 secs] [Times: user=0.00 sys=0.00, real=0.00 secs] 
646.846: [GC (Allocation Failure) [PSYoungGen: 73088K->1440K(73728K)] 365984K->294336K(827904K), 0.0017323 secs] [Times: user=0.01 sys=0.00, real=0.00 secs] 
647.143: [GC (Allocation Failure) [PSYoungGen: 73120K->1376K(73728K)] 366016K->294272K(827904K), 0.0016980 secs] [Times: user=0.00 sys=0.00, real=0.00 secs] 
647.441: [GC (Allocation Failure) [PSYoungGen: 73056K->1360K(73728K)] 365952K->294256K(827904K), 0.0016958 secs] [Times: user=0.00 sys=0.00, real=0.00 secs] 
647.738: [GC (Allocation Failure) [PSYoungGen: 73040K->1344K(73728K)] 365936K->294240K(827904K), 0.0017259 secs] [Times: user=0.00 sys=0.00, real=0.00 secs] 
648.513: [GC (Allocation Failure) [PSYoungGen: 73024K->1408K(73728K)] 365920K->294304K(827904K), 0.0016677 secs] [Times: user=0.01 sys=0.00, real=0.00 secs] 
648.827: [GC (Allocation Failure) [PSYoungGen: 73088K->1376K(73728K)] 365984K->294272K(827904K), 0.0018487 secs] [Times: user=0.01 sys=0.00, real=0.00 secs] 
649.125: [GC (Allocation Failure) [PSYoungGen: 73056K->1376K(73728K)] 365952K->294272K(827904K), 0.0018397 secs] [Times: user=0.00 sys=0.00, real=0.01 secs] 
649.423: [GC (Allocation Failure) [PSYoungGen: 73056K->1376K(73728K)] 365952K->294288K(827904K), 0.0018892 secs] [Times: user=0.01 sys=0.00, real=0.00 secs] 
650.179: [GC (Allocation Failure) [PSYoungGen: 73056K->1408K(73728K)] 365968K->294320K(827904K), 0.0018423 secs] [Times: user=0.01 sys=0.00, real=0.00 secs] 
650.477: [GC (Allocation Failure) [PSYoungGen: 73088K->1408K(73728K)] 366000K->294320K(827904K), 0.0017141 secs] [Times: user=0.01 sys=0.00, real=0.00 secs] 
650.774: [GC (Allocation Failure) [PSYoungGen: 73088K->1376K(73728K)] 366000K->294288K(827904K), 0.0019558 secs] [Times: user=0.01 sys=0.00, real=0.01 secs] 
651.072: [GC (Allocation Failure) [PSYoungGen: 73056K->1376K(73728K)] 365968K->294288K(827904K), 0.0019625 secs] [Times: user=0.01 sys=0.00, real=0.00 secs] 
651.958: [GC (Allocation Failure) [PSYoungGen: 73056K->1408K(73728K)] 365968K->294320K(827904K), 0.0017093 secs] [Times: user=0.01 sys=0.00, real=0.00 secs] 
653.003: [GC (Allocation Failure) [PSYoungGen: 73088K->1408K(73728K)] 366000K->294320K(827904K), 0.0044067 secs] [Times: user=0.02 sys=0.00, real=0.01 secs] 
653.853: [GC (Allocation Failure) [PSYoungGen: 73088K->1440K(73728K)] 366000K->294352K(827904K), 0.0031244 secs] [Times: user=0.01 sys=0.00, real=0.01 secs] 
654.527: [GC (Allocation Failure) [PSYoungGen: 73120K->1376K(73728K)] 366032K->294288K(827904K), 0.0031097 secs] [Times: user=0.02 sys=0.00, real=0.00 secs] 
655.800: [GC (Allocation Failure) [PSYoungGen: 73056K->1341K(73728K)] 365968K->294253K(827904K), 0.0015849 secs] [Times: user=0.00 sys=0.00, real=0.00 secs] 
656.565: [GC (Allocation Failure) [PSYoungGen: 73021K->1440K(73728K)] 365933K->294352K(827904K), 0.0017824 secs] [Times: user=0.01 sys=0.00, real=0.01 secs] 
657.343: [GC (Allocation Failure) [PSYoungGen: 73120K->1440K(73728K)] 366032K->294352K(827904K), 0.0030614 secs] [Times: user=0.02 sys=0.00, real=0.01 secs] 
658.180: [GC (Allocation Failure) [PSYoungGen: 73120K->1392K(73728K)] 366032K->294312K(827904K), 0.0037851 secs] [Times: user=0.01 sys=0.00, real=0.00 secs] 
659.226: [GC (Allocation Failure) [PSYoungGen: 73072K->1344K(73728K)] 365992K->294264K(827904K), 0.0017307 secs] [Times: user=0.01 sys=0.00, real=0.00 secs] 
660.230: [GC (Allocation Failure) [PSYoungGen: 73024K->1424K(73728K)] 365944K->294344K(827904K), 0.0020164 secs] [Times: user=0.01 sys=0.00, real=0.00 secs] 
660.848: [GC (Allocation Failure) [PSYoungGen: 73104K->1440K(73728K)] 366024K->294360K(827904K), 0.0022328 secs] [Times: user=0.01 sys=0.00, real=0.00 secs] 
661.873: [GC (Allocation Failure) [PSYoungGen: 73120K->1392K(73728K)] 366040K->294312K(827904K), 0.0026377 secs] [Times: user=0.01 sys=0.00, real=0.01 secs] 
662.758: [GC (Allocation Failure) [PSYoungGen: 73072K->1424K(73728K)] 365992K->294344K(827904K), 0.0027688 secs] [Times: user=0.01 sys=0.00, real=0.00 secs] 
663.735: [GC (Allocation Failure) [PSYoungGen: 73104K->1424K(73728K)] 366024K->294344K(827904K), 0.0017911 secs] [Times: user=0.00 sys=0.00, real=0.01 secs] 
664.344: [GC (Allocation Failure) [PSYoungGen: 73104K->1392K(73216K)] 366024K->294312K(827392K), 0.0020242 secs] [Times: user=0.01 sys=0.00, real=0.01 secs] 
664.916: [GC (Allocation Failure) [PSYoungGen: 73072K->1392K(73216K)] 365992K->294320K(827392K), 0.0019489 secs] [Times: user=0.01 sys=0.00, real=0.00 secs] 
665.381: [GC (Allocation Failure) [PSYoungGen: 73072K->1424K(73216K)] 366000K->294352K(827392K), 0.0019438 secs] [Times: user=0.01 sys=0.00, real=0.00 secs] 
666.372: [GC (Allocation Failure) [PSYoungGen: 73104K->1392K(73216K)] 366032K->294320K(827392K), 0.0019190 secs] [Times: user=0.00 sys=0.00, real=0.00 secs] 
666.973: [GC (Allocation Failure) [PSYoungGen: 73072K->1408K(73216K)] 366000K->294336K(827392K), 0.0020882 secs] [Times: user=0.01 sys=0.00, real=0.00 secs] 
667.577: [GC (Allocation Failure) [PSYoungGen: 73088K->1424K(73216K)] 366016K->294352K(827392K), 0.0021737 secs] [Times: user=0.01 sys=0.00, real=0.00 secs] 
668.057: [GC (Allocation Failure) [PSYoungGen: 73104K->1408K(73216K)] 366032K->294376K(827392K), 0.0021287 secs] [Times: user=0.00 sys=0.00, real=0.00 secs] 
668.918: [GC (Allocation Failure) [PSYoungGen: 73088K->1440K(73216K)] 366056K->294416K(827392K), 0.0019487 secs] [Times: user=0.01 sys=0.00, real=0.00 secs] 
669.216: [GC (Allocation Failure) [PSYoungGen: 73120K->1376K(73216K)] 366096K->294368K(827392K), 0.0017161 secs] [Times: user=0.00 sys=0.01, real=0.00 secs] 
669.638: [GC (Allocation Failure) [PSYoungGen: 73056K->1408K(73216K)] 366048K->294400K(827392K), 0.0019069 secs] [Times: user=0.01 sys=0.00, real=0.00 secs] 
670.246: [GC (Allocation Failure) [PSYoungGen: 73088K->1408K(73216K)] 366080K->294400K(827392K), 0.0027800 secs] [Times: user=0.01 sys=0.00, real=0.00 secs] 
671.505: [GC (Allocation Failure) [PSYoungGen: 73088K->1408K(73216K)] 366080K->294400K(827392K), 0.0021126 secs] [Times: user=0.00 sys=0.00, real=0.01 secs] 
672.200: [GC (Allocation Failure) [PSYoungGen: 73088K->1408K(73216K)] 366080K->294400K(827392K), 0.0021526 secs] [Times: user=0.00 sys=0.00, real=0.00 secs] 
672.899: [GC (Allocation Failure) [PSYoungGen: 73088K->1440K(73216K)] 366080K->294432K(827392K), 0.0022243 secs] [Times: user=0.01 sys=0.00, real=0.00 secs] 
673.587: [GC (Allocation Failure) [PSYoungGen: 73120K->1376K(73216K)] 366112K->294368K(827392K), 0.0029705 secs] [Times: user=0.01 sys=0.00, real=0.00 secs] 
675.004: [GC (Allocation Failure) [PSYoungGen: 73056K->1440K(73216K)] 366048K->294944K(827392K), 0.0021428 secs] [Times: user=0.01 sys=0.00, real=0.01 secs] 
676.465: [GC (Allocation Failure) [PSYoungGen: 73120K->1408K(73216K)] 366624K->294912K(827392K), 0.0030847 secs] [Times: user=0.01 sys=0.00, real=0.01 secs] 
677.566: [GC (Allocation Failure) [PSYoungGen: 73088K->1344K(73216K)] 366592K->294848K(827392K), 0.0037339 secs] [Times: user=0.02 sys=0.00, real=0.00 secs] 
678.370: [GC (Allocation Failure) [PSYoungGen: 73024K->1408K(73216K)] 366528K->294920K(827392K), 0.0026423 secs] [Times: user=0.01 sys=0.00, real=0.00 secs] 
678.934: [GC (Allocation Failure) [PSYoungGen: 73088K->1373K(73216K)] 366600K->294893K(827392K), 0.0013795 secs] [Times: user=0.01 sys=0.00, real=0.01 secs] 
680.005: [GC (Allocation Failure) [PSYoungGen: 73053K->1408K(73216K)] 366573K->294928K(827392K), 0.0021185 secs] [Times: user=0.01 sys=0.00, real=0.01 secs] 
681.099: [GC (Allocation Failure) [PSYoungGen: 73088K->1376K(73216K)] 366608K->294896K(827392K), 0.0030078 secs] [Times: user=0.02 sys=0.00, real=0.00 secs] 
682.011: [GC (Allocation Failure) [PSYoungGen: 73056K->1376K(73216K)] 366576K->294912K(827392K), 0.0027892 secs] [Times: user=0.02 sys=0.00, real=0.00 secs] 
682.722: [GC (Allocation Failure) [PSYoungGen: 73044K->240K(72704K)] 366580K->293776K(826880K), 0.0029739 secs] [Times: user=0.01 sys=0.00, real=0.00 secs] 
683.719: [GC (Allocation Failure) [PSYoungGen: 71408K->1408K(73216K)] 364944K->294944K(827392K), 0.0017684 secs] [Times: user=0.01 sys=0.00, real=0.00 secs] 
684.306: [GC (Allocation Failure) [PSYoungGen: 72576K->1408K(73216K)] 366112K->294944K(827392K), 0.0026744 secs] [Times: user=0.01 sys=0.00, real=0.00 secs] 
684.884: [GC (Allocation Failure) [PSYoungGen: 72576K->1408K(73216K)] 366112K->294944K(827392K), 0.0027157 secs] [Times: user=0.01 sys=0.00, real=0.01 secs] 
685.177: [GC (Allocation Failure) [PSYoungGen: 72576K->1440K(73216K)] 366112K->294976K(827392K), 0.0019018 secs] [Times: user=0.00 sys=0.00, real=0.00 secs] 
686.047: [GC (Allocation Failure) [PSYoungGen: 72608K->1408K(73216K)] 366144K->294944K(827392K), 0.0016936 secs] [Times: user=0.00 sys=0.00, real=0.00 secs] 
686.787: [GC (Allocation Failure) [PSYoungGen: 72576K->1440K(73216K)] 366112K->294976K(827392K), 0.0017787 secs] [Times: user=0.01 sys=0.00, real=0.00 secs] 
687.504: [GC (Allocation Failure) [PSYoungGen: 72608K->1344K(73216K)] 366144K->294880K(827392K), 0.0031001 secs] [Times: user=0.01 sys=0.00, real=0.01 secs] 
688.096: [GC (Allocation Failure) [PSYoungGen: 72512K->1376K(73216K)] 366048K->294912K(827392K), 0.0017375 secs] [Times: user=0.01 sys=0.00, real=0.00 secs] 
689.394: [GC (Allocation Failure) [PSYoungGen: 72544K->1472K(73216K)] 366080K->295008K(827392K), 0.0027186 secs] [Times: user=0.01 sys=0.00, real=0.01 secs] 
690.208: [GC (Allocation Failure) [PSYoungGen: 72640K->1424K(73216K)] 366176K->294968K(827392K), 0.0027826 secs] [Times: user=0.01 sys=0.00, real=0.00 secs] 
691.045: [GC (Allocation Failure) [PSYoungGen: 72592K->1440K(73216K)] 366136K->294992K(827392K), 0.0030004 secs] [Times: user=0.01 sys=0.00, real=0.01 secs] 
691.666: [GC (Allocation Failure) [PSYoungGen: 72608K->1408K(73216K)] 366160K->294968K(827392K), 0.0027259 secs] [Times: user=0.01 sys=0.00, real=0.00 secs] 
693.010: [GC (Allocation Failure) [PSYoungGen: 72576K->1408K(73216K)] 366136K->294968K(827392K), 0.0039316 secs] [Times: user=0.01 sys=0.00, real=0.00 secs] 
694.177: [GC (Allocation Failure) [PSYoungGen: 72576K->1408K(73216K)] 366136K->294968K(827392K), 0.0032053 secs] [Times: user=0.01 sys=0.00, real=0.00 secs] 
694.826: [GC (Allocation Failure) [PSYoungGen: 72576K->1408K(73216K)] 366136K->294968K(827392K), 0.0019224 secs] [Times: user=0.01 sys=0.00, real=0.00 secs] 
695.122: [GC (Allocation Failure) [PSYoungGen: 72576K->1408K(73216K)] 366136K->294976K(827392K), 0.0018832 secs] [Times: user=0.01 sys=0.00, real=0.00 secs] 
695.939: [GC (Allocation Failure) [PSYoungGen: 72576K->1376K(73216K)] 366144K->294944K(827392K), 0.0013453 secs] [Times: user=0.01 sys=0.00, real=0.00 secs] 
697.053: [GC (Allocation Failure) [PSYoungGen: 72544K->1408K(73216K)] 366112K->294976K(827392K), 0.0022253 secs] [Times: user=0.01 sys=0.00, real=0.00 secs] 
697.899: [GC (Allocation Failure) [PSYoungGen: 72576K->1408K(73216K)] 366144K->294976K(827392K), 0.0021573 secs] [Times: user=0.01 sys=0.00, real=0.00 secs] 
698.411: [GC (Allocation Failure) [PSYoungGen: 72576K->1408K(72704K)] 366144K->294976K(826880K), 0.0020249 secs] [Times: user=0.01 sys=0.00, real=0.00 secs] 
699.295: [GC (Allocation Failure) [PSYoungGen: 72576K->1341K(72704K)] 366144K->294909K(826880K), 0.0015471 secs] [Times: user=0.01 sys=0.00, real=0.01 secs] 
700.239: [GC (Allocation Failure) [PSYoungGen: 72509K->384K(72192K)] 366077K->294984K(826368K), 0.0019475 secs] [Times: user=0.01 sys=0.00, real=0.00 secs] 
700.535: [GC (Allocation Failure) [PSYoungGen: 71552K->352K(73216K)] 366152K->294952K(827392K), 0.0017332 secs] [Times: user=0.01 sys=0.00, real=0.01 secs] 
700.831: [GC (Allocation Failure) [PSYoungGen: 71520K->352K(73216K)] 366120K->294968K(827392K), 0.0018243 secs] [Times: user=0.00 sys=0.00, real=0.00 secs] 
701.126: [GC (Allocation Failure) [PSYoungGen: 71520K->352K(73216K)] 366136K->294976K(827392K), 0.0016498 secs] [Times: user=0.01 sys=0.00, real=0.00 secs] 
701.898: [GC (Allocation Failure) [PSYoungGen: 71520K->1440K(73216K)] 366144K->296072K(827392K), 0.0016853 secs] [Times: user=0.00 sys=0.00, real=0.00 secs] 
702.665: [GC (Allocation Failure) [PSYoungGen: 72608K->1376K(73216K)] 367240K->296008K(827392K), 0.0021968 secs] [Times: user=0.01 sys=0.00, real=0.01 secs] 
703.317: [GC (Allocation Failure) [PSYoungGen: 72544K->1408K(73216K)] 367176K->296040K(827392K), 0.0019842 secs] [Times: user=0.01 sys=0.00, real=0.00 secs] 
704.135: [GC (Allocation Failure) [PSYoungGen: 72576K->1376K(73216K)] 367208K->296008K(827392K), 0.0020780 secs] [Times: user=0.01 sys=0.00, real=0.00 secs] 
705.125: [GC (Allocation Failure) [PSYoungGen: 72544K->1424K(73216K)] 367176K->296056K(827392K), 0.0016467 secs] [Times: user=0.00 sys=0.00, real=0.01 secs] 
705.494: [GC (Allocation Failure) [PSYoungGen: 72592K->1408K(73216K)] 367224K->296040K(827392K), 0.0018880 secs] [Times: user=0.01 sys=0.00, real=0.01 secs] 
705.875: [GC (Allocation Failure) [PSYoungGen: 72576K->1376K(73216K)] 367208K->296008K(827392K), 0.0017245 secs] [Times: user=0.01 sys=0.00, real=0.01 secs] 
706.411: [GC (Allocation Failure) [PSYoungGen: 72544K->1376K(73216K)] 367176K->296008K(827392K), 0.0020840 secs] [Times: user=0.01 sys=0.00, real=0.00 secs] 
707.463: [GC (Allocation Failure) [PSYoungGen: 72544K->1408K(73216K)] 367176K->296040K(827392K), 0.0016734 secs] [Times: user=0.00 sys=0.00, real=0.00 secs] 
707.975: [GC (Allocation Failure) [PSYoungGen: 72576K->1376K(73216K)] 367208K->296032K(827392K), 0.0018464 secs] [Times: user=0.01 sys=0.00, real=0.01 secs] 
708.299: [GC (Allocation Failure) [PSYoungGen: 72544K->1344K(73216K)] 367200K->296008K(827392K), 0.0017660 secs] [Times: user=0.01 sys=0.00, real=0.00 secs] 
708.600: [GC (Allocation Failure) [PSYoungGen: 72512K->1408K(73216K)] 367176K->296080K(827392K), 0.0018435 secs] [Times: user=0.01 sys=0.00, real=0.00 secs] 
709.594: [GC (Allocation Failure) [PSYoungGen: 72576K->1952K(72704K)] 367248K->297136K(826880K), 0.0018577 secs] [Times: user=0.00 sys=0.00, real=0.01 secs] 
710.909: [GC (Allocation Failure) [PSYoungGen: 72608K->1408K(72192K)] 367792K->296592K(826368K), 0.0026677 secs] [Times: user=0.01 sys=0.00, real=0.00 secs] 
711.612: [GC (Allocation Failure) [PSYoungGen: 72064K->1376K(72704K)] 367248K->296560K(826880K), 0.0023542 secs] [Times: user=0.01 sys=0.00, real=0.00 secs] 
712.310: [GC (Allocation Failure) [PSYoungGen: 72032K->1376K(72704K)] 367216K->296568K(826880K), 0.0027220 secs] [Times: user=0.02 sys=0.00, real=0.00 secs] 
713.035: [GC (Allocation Failure) [PSYoungGen: 72032K->1405K(72704K)] 367224K->296597K(826880K), 0.0014697 secs] [Times: user=0.00 sys=0.00, real=0.01 secs] 
713.979: [GC (Allocation Failure) [PSYoungGen: 72061K->1440K(72704K)] 367253K->296640K(826880K), 0.0017560 secs] [Times: user=0.01 sys=0.00, real=0.00 secs] 
714.485: [GC (Allocation Failure) [PSYoungGen: 72096K->1376K(72704K)] 367296K->296576K(826880K), 0.0031040 secs] [Times: user=0.02 sys=0.00, real=0.01 secs] 
714.787: [GC (Allocation Failure) [PSYoungGen: 72032K->1440K(72704K)] 367232K->296640K(826880K), 0.0019517 secs] [Times: user=0.01 sys=0.00, real=0.00 secs] 
715.081: [GC (Allocation Failure) [PSYoungGen: 72096K->1408K(72704K)] 367296K->296608K(826880K), 0.0018754 secs] [Times: user=0.01 sys=0.00, real=0.00 secs] 
716.190: [GC (Allocation Failure) [PSYoungGen: 72064K->1408K(72704K)] 367264K->296608K(826880K), 0.0019590 secs] [Times: user=0.01 sys=0.00, real=0.00 secs] 
716.805: [GC (Allocation Failure) [PSYoungGen: 72064K->1424K(72704K)] 367264K->296624K(826880K), 0.0036093 secs] [Times: user=0.01 sys=0.00, real=0.01 secs] 
717.354: [GC (Allocation Failure) [PSYoungGen: 72080K->1408K(72704K)] 367280K->296608K(826880K), 0.0027408 secs] [Times: user=0.02 sys=0.00, real=0.01 secs] 
718.208: [GC (Allocation Failure) [PSYoungGen: 72064K->1408K(72704K)] 367264K->296608K(826880K), 0.0026085 secs] [Times: user=0.01 sys=0.00, real=0.00 secs] 
719.385: [GC (Allocation Failure) [PSYoungGen: 72064K->1376K(72704K)] 367264K->296592K(826880K), 0.0018533 secs] [Times: user=0.01 sys=0.00, real=0.01 secs] 
720.293: [GC (Allocation Failure) [PSYoungGen: 72032K->1376K(72704K)] 367248K->296592K(826880K), 0.0019911 secs] [Times: user=0.00 sys=0.00, real=0.00 secs] 
721.232: [GC (Allocation Failure) [PSYoungGen: 72032K->1376K(72704K)] 367248K->296592K(826880K), 0.0045868 secs] [Times: user=0.02 sys=0.00, real=0.01 secs] 
721.560: [GC (Allocation Failure) [PSYoungGen: 72032K->1376K(72704K)] 367248K->296592K(826880K), 0.0018621 secs] [Times: user=0.00 sys=0.00, real=0.00 secs] 
722.503: [GC (Allocation Failure) [PSYoungGen: 72032K->1472K(72704K)] 367248K->296688K(826880K), 0.0018905 secs] [Times: user=0.01 sys=0.00, real=0.00 secs] 
723.336: [GC (Allocation Failure) [PSYoungGen: 72128K->1376K(72704K)] 367344K->296592K(826880K), 0.0020262 secs] [Times: user=0.01 sys=0.00, real=0.00 secs] 
724.184: [GC (Allocation Failure) [PSYoungGen: 72032K->1408K(72704K)] 367248K->296624K(826880K), 0.0023956 secs] [Times: user=0.01 sys=0.00, real=0.01 secs] 
725.291: [GC (Allocation Failure) [PSYoungGen: 72064K->1440K(72704K)] 367280K->296664K(826880K), 0.0033965 secs] [Times: user=0.01 sys=0.00, real=0.00 secs] 
726.625: [GC (Allocation Failure) [PSYoungGen: 72096K->128K(72704K)] 367320K->295352K(826880K), 0.0014256 secs] [Times: user=0.01 sys=0.00, real=0.01 secs] 
727.807: [GC (Allocation Failure) [PSYoungGen: 70784K->1440K(72704K)] 366008K->296664K(826880K), 0.0024369 secs] [Times: user=0.01 sys=0.00, real=0.00 secs] 
728.096: [GC (Allocation Failure) [PSYoungGen: 72096K->1376K(72704K)] 367320K->296600K(826880K), 0.0018147 secs] [Times: user=0.01 sys=0.00, real=0.00 secs] 
728.549: [GC (Allocation Failure) [PSYoungGen: 72032K->1376K(72704K)] 367256K->296600K(826880K), 0.0026166 secs] [Times: user=0.00 sys=0.00, real=0.00 secs] 
729.120: [GC (Allocation Failure) [PSYoungGen: 72032K->1373K(72704K)] 367256K->296597K(826880K), 0.0019892 secs] [Times: user=0.01 sys=0.00, real=0.00 secs] 
729.936: [GC (Allocation Failure) [PSYoungGen: 72029K->1408K(72704K)] 367253K->296632K(826880K), 0.0017861 secs] [Times: user=0.00 sys=0.00, real=0.00 secs] 
730.689: [GC (Allocation Failure) [PSYoungGen: 72064K->1376K(72704K)] 367288K->296608K(826880K), 0.0045379 secs] [Times: user=0.02 sys=0.00, real=0.00 secs] 
731.365: [GC (Allocation Failure) [PSYoungGen: 72032K->1440K(72704K)] 367264K->296672K(826880K), 0.0026350 secs] [Times: user=0.01 sys=0.00, real=0.01 secs] 
732.172: [GC (Allocation Failure) [PSYoungGen: 72096K->1344K(72704K)] 367328K->296576K(826880K), 0.0052450 secs] [Times: user=0.02 sys=0.00, real=0.01 secs] 
733.166: [GC (Allocation Failure) [PSYoungGen: 72000K->1440K(72704K)] 367232K->296672K(826880K), 0.0018998 secs] [Times: user=0.01 sys=0.00, real=0.00 secs] 
733.659: [GC (Allocation Failure) [PSYoungGen: 72096K->1408K(72704K)] 367328K->296640K(826880K), 0.0025088 secs] [Times: user=0.01 sys=0.00, real=0.00 secs] 
734.266: [GC (Allocation Failure) [PSYoungGen: 72064K->1408K(72704K)] 367296K->296656K(826880K), 0.0020179 secs] [Times: user=0.01 sys=0.00, real=0.00 secs] 
734.872: [GC (Allocation Failure) [PSYoungGen: 72064K->1440K(72704K)] 367312K->296688K(826880K), 0.0037780 secs] [Times: user=0.01 sys=0.00, real=0.01 secs] 
735.952: [GC (Allocation Failure) [PSYoungGen: 72096K->1440K(72704K)] 367344K->296696K(826880K), 0.0018509 secs] [Times: user=0.01 sys=0.00, real=0.00 secs] 
736.448: [GC (Allocation Failure) [PSYoungGen: 72096K->1376K(72704K)] 367352K->296632K(826880K), 0.0018727 secs] [Times: user=0.01 sys=0.00, real=0.00 secs] 
737.005: [GC (Allocation Failure) [PSYoungGen: 72032K->1376K(72704K)] 367288K->296632K(826880K), 0.0016942 secs] [Times: user=0.01 sys=0.00, real=0.01 secs] 
737.621: [GC (Allocation Failure) [PSYoungGen: 72032K->1376K(72704K)] 367288K->296632K(826880K), 0.0018678 secs] [Times: user=0.01 sys=0.00, real=0.00 secs] 
738.546: [GC (Allocation Failure) [PSYoungGen: 72032K->1440K(72704K)] 367288K->296704K(826880K), 0.0017743 secs] [Times: user=0.01 sys=0.00, real=0.00 secs] 
738.867: [GC (Allocation Failure) [PSYoungGen: 72096K->1376K(72704K)] 367360K->296656K(826880K), 0.0018052 secs] [Times: user=0.00 sys=0.00, real=0.00 secs] 
739.177: [GC (Allocation Failure) [PSYoungGen: 72032K->1376K(72704K)] 367312K->296656K(826880K), 0.0018832 secs] [Times: user=0.01 sys=0.00, real=0.00 secs] 
739.470: [GC (Allocation Failure) [PSYoungGen: 72032K->1376K(72192K)] 367312K->296664K(826368K), 0.0020699 secs] [Times: user=0.01 sys=0.00, real=0.00 secs] 
740.156: [GC (Allocation Failure) [PSYoungGen: 72032K->1376K(72192K)] 367320K->296664K(826368K), 0.0013764 secs] [Times: user=0.01 sys=0.00, real=0.00 secs] 
741.061: [GC (Allocation Failure) [PSYoungGen: 72032K->1440K(72192K)] 367320K->296728K(826368K), 0.0019644 secs] [Times: user=0.01 sys=0.00, real=0.00 secs] 
741.443: [GC (Allocation Failure) [PSYoungGen: 72096K->1344K(72192K)] 367384K->296632K(826368K), 0.0020445 secs] [Times: user=0.00 sys=0.00, real=0.00 secs] 
741.974: [GC (Allocation Failure) [PSYoungGen: 72000K->1440K(72192K)] 367288K->296728K(826368K), 0.0019868 secs] [Times: user=0.00 sys=0.00, real=0.01 secs] 
742.514: [GC (Allocation Failure) [PSYoungGen: 72096K->1408K(72192K)] 367384K->296696K(826368K), 0.0019790 secs] [Times: user=0.01 sys=0.00, real=0.01 secs] 
743.790: [GC (Allocation Failure) [PSYoungGen: 72064K->1440K(72192K)] 367352K->296728K(826368K), 0.0025121 secs] [Times: user=0.01 sys=0.00, real=0.00 secs] 
744.488: [GC (Allocation Failure) [PSYoungGen: 72096K->1376K(72192K)] 367384K->296664K(826368K), 0.0026218 secs] [Times: user=0.01 sys=0.00, real=0.00 secs] 
745.487: [GC (Allocation Failure) [PSYoungGen: 72032K->1408K(72192K)] 367320K->296696K(826368K), 0.0027809 secs] [Times: user=0.01 sys=0.00, real=0.00 secs] 
746.454: [GC (Allocation Failure) [PSYoungGen: 72064K->1408K(72192K)] 367352K->296696K(826368K), 0.0033370 secs] [Times: user=0.01 sys=0.00, real=0.01 secs] 
748.552: [GC (Allocation Failure) [PSYoungGen: 72064K->1440K(72192K)] 367352K->296728K(826368K), 0.0023381 secs] [Times: user=0.01 sys=0.00, real=0.00 secs] 
749.607: [GC (Allocation Failure) [PSYoungGen: 72096K->1344K(72192K)] 367384K->296632K(826368K), 0.0024552 secs] [Times: user=0.01 sys=0.00, real=0.00 secs] 
750.424: [GC (Allocation Failure) [PSYoungGen: 72000K->1376K(72192K)] 367288K->296672K(826368K), 0.0027243 secs] [Times: user=0.01 sys=0.00, real=0.01 secs] 
751.275: [GC (Allocation Failure) [PSYoungGen: 72032K->1344K(72192K)] 367328K->296640K(826368K), 0.0027243 secs] [Times: user=0.01 sys=0.00, real=0.01 secs] 
753.319: [GC (Allocation Failure) [PSYoungGen: 72000K->1408K(72192K)] 367296K->296704K(826368K), 0.0031503 secs] [Times: user=0.02 sys=0.00, real=0.00 secs] 
754.000: [GC (Allocation Failure) [PSYoungGen: 72064K->1376K(72192K)] 367360K->296672K(826368K), 0.0020699 secs] [Times: user=0.01 sys=0.00, real=0.00 secs] 
754.746: [GC (Allocation Failure) [PSYoungGen: 72032K->1376K(72192K)] 367328K->296672K(826368K), 0.0019713 secs] [Times: user=0.01 sys=0.00, real=0.00 secs] 
755.724: [GC (Allocation Failure) [PSYoungGen: 72032K->1376K(72192K)] 367328K->296672K(826368K), 0.0027343 secs] [Times: user=0.01 sys=0.00, real=0.01 secs] 
757.047: [GC (Allocation Failure) [PSYoungGen: 72032K->832K(72192K)] 367328K->297152K(826368K), 0.0018981 secs] [Times: user=0.01 sys=0.00, real=0.00 secs] 
757.841: [GC (Allocation Failure) [PSYoungGen: 71488K->352K(72704K)] 367808K->296672K(826880K), 0.0040430 secs] [Times: user=0.01 sys=0.00, real=0.00 secs] 
758.633: [GC (Allocation Failure) [PSYoungGen: 71008K->352K(72704K)] 367328K->296672K(826880K), 0.0040533 secs] [Times: user=0.01 sys=0.00, real=0.01 secs] 
759.415: [GC (Allocation Failure) [PSYoungGen: 71008K->368K(72704K)] 367328K->296712K(826880K), 0.0037794 secs] [Times: user=0.01 sys=0.00, real=0.01 secs] 
760.341: [GC (Allocation Failure) [PSYoungGen: 71024K->1421K(72704K)] 367368K->297765K(826880K), 0.0013778 secs] [Times: user=0.00 sys=0.00, real=0.00 secs] 
761.762: [GC (Allocation Failure) [PSYoungGen: 72077K->1440K(72704K)] 368421K->297784K(826880K), 0.0034609 secs] [Times: user=0.02 sys=0.00, real=0.00 secs] 
762.336: [GC (Allocation Failure) [PSYoungGen: 72096K->1408K(72704K)] 368440K->297752K(826880K), 0.0026835 secs] [Times: user=0.01 sys=0.00, real=0.00 secs] 
762.935: [GC (Allocation Failure) [PSYoungGen: 72064K->1376K(72704K)] 368408K->297728K(826880K), 0.0027585 secs] [Times: user=0.01 sys=0.00, real=0.01 secs] 
763.745: [GC (Allocation Failure) [PSYoungGen: 72032K->1376K(72704K)] 368384K->297728K(826880K), 0.0042682 secs] [Times: user=0.01 sys=0.00, real=0.01 secs] 
764.754: [GC (Allocation Failure) [PSYoungGen: 72032K->1408K(72704K)] 368384K->297760K(826880K), 0.0026471 secs] [Times: user=0.01 sys=0.00, real=0.01 secs] 
765.104: [GC (Allocation Failure) [PSYoungGen: 72064K->1408K(72704K)] 368416K->297760K(826880K), 0.0019372 secs] [Times: user=0.01 sys=0.00, real=0.01 secs] 
765.424: [GC (Allocation Failure) [PSYoungGen: 72064K->1440K(72704K)] 368416K->297792K(826880K), 0.0018561 secs] [Times: user=0.01 sys=0.00, real=0.01 secs] 
765.722: [GC (Allocation Failure) [PSYoungGen: 72096K->1408K(72704K)] 368448K->297760K(826880K), 0.0019028 secs] [Times: user=0.01 sys=0.00, real=0.00 secs] 
766.775: [GC (Allocation Failure) [PSYoungGen: 72064K->1376K(72704K)] 368416K->297728K(826880K), 0.0031585 secs] [Times: user=0.01 sys=0.00, real=0.01 secs] 
767.429: [GC (Allocation Failure) [PSYoungGen: 72032K->1376K(72704K)] 368384K->297728K(826880K), 0.0023883 secs] [Times: user=0.00 sys=0.00, real=0.00 secs] 
768.186: [GC (Allocation Failure) [PSYoungGen: 72032K->1408K(72704K)] 368384K->297760K(826880K), 0.0027198 secs] [Times: user=0.01 sys=0.00, real=0.00 secs] 
768.927: [GC (Allocation Failure) [PSYoungGen: 72064K->1376K(72704K)] 368416K->297728K(826880K), 0.0031310 secs] [Times: user=0.02 sys=0.00, real=0.00 secs] 
770.685: [GC (Allocation Failure) [PSYoungGen: 72032K->1440K(72704K)] 368384K->297800K(826880K), 0.0022060 secs] [Times: user=0.01 sys=0.00, real=0.00 secs] 
770.979: [GC (Allocation Failure) [PSYoungGen: 72096K->1376K(72704K)] 368456K->297736K(826880K), 0.0018555 secs] [Times: user=0.01 sys=0.00, real=0.00 secs] 
771.273: [GC (Allocation Failure) [PSYoungGen: 72032K->1376K(72704K)] 368392K->297736K(826880K), 0.0020156 secs] [Times: user=0.01 sys=0.01, real=0.00 secs] 
771.567: [GC (Allocation Failure) [PSYoungGen: 72032K->1376K(72704K)] 368392K->297736K(826880K), 0.0019366 secs] [Times: user=0.01 sys=0.00, real=0.00 secs] 
772.343: [GC (Allocation Failure) [PSYoungGen: 72032K->1744K(72704K)] 368392K->298104K(826880K), 0.0016321 secs] [Times: user=0.01 sys=0.00, real=0.00 secs] 
773.099: [GC (Allocation Failure) [PSYoungGen: 72400K->1376K(72704K)] 368760K->297736K(826880K), 0.0016898 secs] [Times: user=0.00 sys=0.00, real=0.00 secs] 
774.161: [GC (Allocation Failure) [PSYoungGen: 72032K->1376K(72704K)] 368392K->297736K(826880K), 0.0019622 secs] [Times: user=0.01 sys=0.00, real=0.00 secs] 
775.110: [GC (Allocation Failure) [PSYoungGen: 72032K->1408K(72704K)] 368392K->297776K(826880K), 0.0023632 secs] [Times: user=0.01 sys=0.00, real=0.00 secs] 
776.125: [GC (Allocation Failure) [PSYoungGen: 72064K->1392K(72704K)] 368432K->297760K(826880K), 0.0020556 secs] [Times: user=0.01 sys=0.00, real=0.01 secs] 
777.122: [GC (Allocation Failure) [PSYoungGen: 72048K->1408K(72704K)] 368416K->297776K(826880K), 0.0019101 secs] [Times: user=0.01 sys=0.00, real=0.00 secs] 
777.417: [GC (Allocation Failure) [PSYoungGen: 72064K->1376K(72704K)] 368432K->297744K(826880K), 0.0020524 secs] [Times: user=0.01 sys=0.00, real=0.00 secs] 
777.741: [GC (Allocation Failure) [PSYoungGen: 72032K->1408K(72704K)] 368400K->297776K(826880K), 0.0018853 secs] [Times: user=0.00 sys=0.00, real=0.00 secs] 
778.034: [GC (Allocation Failure) [PSYoungGen: 72064K->1408K(72704K)] 368432K->297776K(826880K), 0.0019284 secs] [Times: user=0.01 sys=0.00, real=0.01 secs] 
778.876: [GC (Allocation Failure) [PSYoungGen: 72064K->1440K(72704K)] 368432K->297824K(826880K), 0.0019742 secs] [Times: user=0.00 sys=0.00, real=0.00 secs] 
779.222: [GC (Allocation Failure) [PSYoungGen: 72096K->1440K(72704K)] 368480K->297824K(826880K), 0.0020279 secs] [Times: user=0.01 sys=0.00, real=0.00 secs] 
779.516: [GC (Allocation Failure) [PSYoungGen: 72096K->1376K(72704K)] 368480K->297760K(826880K), 0.0020718 secs] [Times: user=0.00 sys=0.00, real=0.00 secs] 
779.850: [GC (Allocation Failure) [PSYoungGen: 72032K->1376K(72704K)] 368416K->297760K(826880K), 0.0017318 secs] [Times: user=0.01 sys=0.00, real=0.00 secs] 
781.014: [GC (Allocation Failure) [PSYoungGen: 72032K->1472K(72704K)] 368416K->297856K(826880K), 0.0021237 secs] [Times: user=0.00 sys=0.00, real=0.01 secs] 
781.518: [GC (Allocation Failure) [PSYoungGen: 72128K->1376K(72704K)] 368512K->297760K(826880K), 0.0019054 secs] [Times: user=0.01 sys=0.00, real=0.00 secs] 
782.145: [GC (Allocation Failure) [PSYoungGen: 72032K->1376K(72704K)] 368416K->297760K(826880K), 0.0018106 secs] [Times: user=0.00 sys=0.00, real=0.01 secs] 
782.736: [GC (Allocation Failure) [PSYoungGen: 72032K->1376K(72704K)] 368416K->297760K(826880K), 0.0020479 secs] [Times: user=0.01 sys=0.00, real=0.00 secs] 
783.865: [GC (Allocation Failure) [PSYoungGen: 72032K->1408K(72192K)] 368416K->297792K(826368K), 0.0016824 secs] [Times: user=0.01 sys=0.01, real=0.01 secs] 
784.740: [GC (Allocation Failure) [PSYoungGen: 72064K->1408K(72192K)] 368448K->297792K(826368K), 0.0017429 secs] [Times: user=0.01 sys=0.00, real=0.00 secs] 
785.498: [GC (Allocation Failure) [PSYoungGen: 72064K->1408K(72192K)] 368448K->297792K(826368K), 0.0020526 secs] [Times: user=0.01 sys=0.00, real=0.00 secs] 
786.203: [GC (Allocation Failure) [PSYoungGen: 72064K->1408K(72192K)] 368448K->297792K(826368K), 0.0020878 secs] [Times: user=0.00 sys=0.00, real=0.00 secs] 
787.594: [GC (Allocation Failure) [PSYoungGen: 72064K->1344K(72192K)] 368448K->297728K(826368K), 0.0013522 secs] [Times: user=0.01 sys=0.00, real=0.00 secs] 
788.570: [GC (Allocation Failure) [PSYoungGen: 72000K->1440K(72192K)] 368384K->297824K(826368K), 0.0023970 secs] [Times: user=0.01 sys=0.00, real=0.00 secs] 
789.413: [GC (Allocation Failure) [PSYoungGen: 72096K->1408K(72192K)] 368480K->297792K(826368K), 0.0024221 secs] [Times: user=0.01 sys=0.00, real=0.00 secs] 
790.208: [GC (Allocation Failure) [PSYoungGen: 72064K->1344K(72192K)] 368448K->297736K(826368K), 0.0027898 secs] [Times: user=0.01 sys=0.00, real=0.00 secs] 
790.932: [GC (Allocation Failure) [PSYoungGen: 72000K->1440K(72192K)] 368392K->297832K(826368K), 0.0033463 secs] [Times: user=0.01 sys=0.00, real=0.00 secs] 
792.649: [GC (Allocation Failure) [PSYoungGen: 72096K->1408K(72192K)] 368488K->297808K(826368K), 0.0026448 secs] [Times: user=0.01 sys=0.00, real=0.00 secs] 
793.351: [GC (Allocation Failure) [PSYoungGen: 72064K->1376K(72192K)] 368464K->297776K(826368K), 0.0021362 secs] [Times: user=0.01 sys=0.00, real=0.00 secs] 
794.169: [GC (Allocation Failure) [PSYoungGen: 72032K->1344K(72192K)] 368432K->297744K(826368K), 0.0024058 secs] [Times: user=0.01 sys=0.00, real=0.00 secs] 
794.861: [GC (Allocation Failure) [PSYoungGen: 72000K->1408K(72192K)] 368400K->297808K(826368K), 0.0022853 secs] [Times: user=0.01 sys=0.00, real=0.00 secs] 
796.245: [GC (Allocation Failure) [PSYoungGen: 72064K->1472K(72192K)] 368464K->297872K(826368K), 0.0021701 secs] [Times: user=0.01 sys=0.00, real=0.01 secs] 
796.870: [GC (Allocation Failure) [PSYoungGen: 72128K->1376K(72192K)] 368528K->297776K(826368K), 0.0024660 secs] [Times: user=0.01 sys=0.00, real=0.00 secs] 
798.049: [GC (Allocation Failure) [PSYoungGen: 72032K->1376K(72192K)] 368432K->297776K(826368K), 0.0030040 secs] [Times: user=0.01 sys=0.00, real=0.00 secs] 
799.163: [GC (Allocation Failure) [PSYoungGen: 72032K->1376K(72192K)] 368432K->297776K(826368K), 0.0031739 secs] [Times: user=0.02 sys=0.00, real=0.01 secs] 
800.685: [GC (Allocation Failure) [PSYoungGen: 72032K->1424K(72192K)] 368432K->297824K(826368K), 0.0018408 secs] [Times: user=0.00 sys=0.00, real=0.00 secs] 
801.330: [GC (Allocation Failure) [PSYoungGen: 72080K->1376K(72192K)] 368480K->297776K(826368K), 0.0017963 secs] [Times: user=0.01 sys=0.00, real=0.00 secs] 
802.000: [GC (Allocation Failure) [PSYoungGen: 72032K->1408K(72192K)] 368432K->297808K(826368K), 0.0018331 secs] [Times: user=0.01 sys=0.00, real=0.00 secs] 
802.497: [GC (Allocation Failure) [PSYoungGen: 72064K->1376K(72192K)] 368464K->297784K(826368K), 0.0018813 secs] [Times: user=0.01 sys=0.00, real=0.00 secs] 
803.308: [GC (Allocation Failure) [PSYoungGen: 72032K->1504K(71680K)] 368440K->298004K(825856K), 0.0018200 secs] [Times: user=0.01 sys=0.00, real=0.00 secs] 
803.720: [GC (Allocation Failure) [PSYoungGen: 71648K->1360K(72192K)] 368148K->297860K(826368K), 0.0019293 secs] [Times: user=0.00 sys=0.00, real=0.00 secs] 
804.066: [GC (Allocation Failure) [PSYoungGen: 71504K->1312K(72192K)] 368004K->297812K(826368K), 0.0019128 secs] [Times: user=0.00 sys=0.00, real=0.00 secs] 
804.370: [GC (Allocation Failure) [PSYoungGen: 71456K->1344K(72192K)] 367956K->297852K(826368K), 0.0018463 secs] [Times: user=0.00 sys=0.00, real=0.00 secs] 
804.805: [GC (Allocation Failure) [PSYoungGen: 71488K->1405K(71680K)] 367996K->297913K(825856K), 0.0013719 secs] [Times: user=0.00 sys=0.00, real=0.01 secs] 
805.525: [GC (Allocation Failure) [PSYoungGen: 71549K->1472K(71680K)] 368057K->297988K(825856K), 0.0018307 secs] [Times: user=0.01 sys=0.00, real=0.01 secs] 
805.856: [GC (Allocation Failure) [PSYoungGen: 71616K->1440K(72192K)] 368132K->297956K(826368K), 0.0019704 secs] [Times: user=0.01 sys=0.00, real=0.00 secs] 
806.148: [GC (Allocation Failure) [PSYoungGen: 71584K->1408K(71680K)] 368100K->297924K(825856K), 0.0031554 secs] [Times: user=0.01 sys=0.00, real=0.00 secs] 
806.469: [GC (Allocation Failure) [PSYoungGen: 71552K->1344K(71680K)] 368068K->297860K(825856K), 0.0030058 secs] [Times: user=0.01 sys=0.00, real=0.00 secs] 
807.502: [GC (Allocation Failure) [PSYoungGen: 71488K->1472K(71680K)] 368004K->297996K(825856K), 0.0022489 secs] [Times: user=0.01 sys=0.00, real=0.00 secs] 
808.037: [GC (Allocation Failure) [PSYoungGen: 71616K->1408K(71680K)] 368140K->297956K(825856K), 0.0022218 secs] [Times: user=0.01 sys=0.00, real=0.00 secs] 
808.793: [GC (Allocation Failure) [PSYoungGen: 71552K->1376K(71680K)] 368100K->297924K(825856K), 0.0033172 secs] [Times: user=0.01 sys=0.00, real=0.01 secs] 
809.607: [GC (Allocation Failure) [PSYoungGen: 71520K->1472K(71680K)] 368068K->298020K(825856K), 0.0040834 secs] [Times: user=0.02 sys=0.00, real=0.00 secs] 
811.277: [GC (Allocation Failure) [PSYoungGen: 71616K->1440K(71680K)] 368164K->297988K(825856K), 0.0037590 secs] [Times: user=0.02 sys=0.00, real=0.00 secs] 
812.360: [GC (Allocation Failure) [PSYoungGen: 71584K->1408K(71680K)] 368132K->297956K(825856K), 0.0031353 secs] [Times: user=0.01 sys=0.00, real=0.00 secs] 
813.291: [GC (Allocation Failure) [PSYoungGen: 71552K->1408K(71680K)] 368100K->297988K(825856K), 0.0041295 secs] [Times: user=0.02 sys=0.00, real=0.00 secs] 
814.101: [GC (Allocation Failure) [PSYoungGen: 71552K->1376K(71680K)] 368132K->297956K(825856K), 0.0029905 secs] [Times: user=0.01 sys=0.00, real=0.00 secs] 
815.273: [GC (Allocation Failure) [PSYoungGen: 71195K->1520K(71680K)] 367775K->298178K(825856K), 0.0015382 secs] [Times: user=0.01 sys=0.00, real=0.00 secs] 
815.581: [GC (Allocation Failure) [PSYoungGen: 71664K->1280K(72192K)] 368322K->297938K(826368K), 0.0015617 secs] [Times: user=0.01 sys=0.00, real=0.00 secs] 
815.880: [GC (Allocation Failure) [PSYoungGen: 71424K->1312K(72192K)] 368082K->297970K(826368K), 0.0015069 secs] [Times: user=0.01 sys=0.00, real=0.00 secs] 
816.171: [GC (Allocation Failure) [PSYoungGen: 71456K->1328K(72192K)] 368114K->298002K(826368K), 0.0020200 secs] [Times: user=0.01 sys=0.00, real=0.00 secs] 
816.638: [GC (Allocation Failure) [PSYoungGen: 71472K->1405K(72192K)] 368146K->298079K(826368K), 0.0013958 secs] [Times: user=0.01 sys=0.00, real=0.00 secs] 
817.403: [GC (Allocation Failure) [PSYoungGen: 71549K->1472K(72192K)] 368223K->298154K(826368K), 0.0032397 secs] [Times: user=0.01 sys=0.00, real=0.01 secs] 
817.932: [GC (Allocation Failure) [PSYoungGen: 71616K->1440K(72192K)] 368298K->298122K(826368K), 0.0022361 secs] [Times: user=0.01 sys=0.00, real=0.00 secs] 
818.541: [GC (Allocation Failure) [PSYoungGen: 71584K->1472K(72192K)] 368266K->298162K(826368K), 0.0021347 secs] [Times: user=0.00 sys=0.00, real=0.00 secs] 
819.130: [GC (Allocation Failure) [PSYoungGen: 71616K->1488K(72192K)] 368306K->298178K(826368K), 0.0026602 secs] [Times: user=0.01 sys=0.00, real=0.00 secs] 
820.024: [GC (Allocation Failure) [PSYoungGen: 71632K->1504K(72192K)] 368322K->298210K(826368K), 0.0018201 secs] [Times: user=0.01 sys=0.00, real=0.01 secs] 
820.536: [GC (Allocation Failure) [PSYoungGen: 71648K->1440K(72192K)] 368354K->298146K(826368K), 0.0021269 secs] [Times: user=0.01 sys=0.00, real=0.00 secs] 
821.134: [GC (Allocation Failure) [PSYoungGen: 71584K->1504K(72192K)] 368290K->298210K(826368K), 0.0024485 secs] [Times: user=0.01 sys=0.00, real=0.01 secs] 
821.789: [GC (Allocation Failure) [PSYoungGen: 71648K->1472K(72192K)] 368354K->298178K(826368K), 0.0021548 secs] [Times: user=0.01 sys=0.00, real=0.00 secs] 
822.727: [GC (Allocation Failure) [PSYoungGen: 71616K->1504K(72192K)] 368322K->298210K(826368K), 0.0017471 secs] [Times: user=0.01 sys=0.00, real=0.00 secs] 
823.086: [GC (Allocation Failure) [PSYoungGen: 71648K->1472K(72192K)] 368354K->298178K(826368K), 0.0018456 secs] [Times: user=0.01 sys=0.00, real=0.00 secs] 
823.763: [GC (Allocation Failure) [PSYoungGen: 71616K->1408K(72192K)] 368322K->298186K(826368K), 0.0020622 secs] [Times: user=0.01 sys=0.00, real=0.01 secs] 
824.397: [GC (Allocation Failure) [PSYoungGen: 71552K->1376K(72192K)] 368330K->298154K(826368K), 0.0031159 secs] [Times: user=0.01 sys=0.00, real=0.00 secs] 
825.607: [GC (Allocation Failure) [PSYoungGen: 71520K->1920K(72192K)] 368298K->298698K(826368K), 0.0030754 secs] [Times: user=0.01 sys=0.00, real=0.00 secs] 
826.488: [GC (Allocation Failure) [PSYoungGen: 72064K->1440K(72192K)] 368842K->298218K(826368K), 0.0037848 secs] [Times: user=0.01 sys=0.00, real=0.00 secs] 
827.284: [GC (Allocation Failure) [PSYoungGen: 71584K->1344K(72192K)] 368362K->298122K(826368K), 0.0037489 secs] [Times: user=0.01 sys=0.00, real=0.01 secs] 
827.851: [GC (Allocation Failure) [PSYoungGen: 71488K->1376K(72192K)] 368266K->298162K(826368K), 0.0027729 secs] [Times: user=0.01 sys=0.00, real=0.00 secs] 
828.998: [GC (Allocation Failure) [PSYoungGen: 71520K->1344K(72192K)] 368306K->298130K(826368K), 0.0013904 secs] [Times: user=0.01 sys=0.00, real=0.00 secs] 
830.494: [GC (Allocation Failure) [PSYoungGen: 71488K->1440K(72192K)] 368274K->298242K(826368K), 0.0021869 secs] [Times: user=0.01 sys=0.00, real=0.01 secs] 
831.474: [GC (Allocation Failure) [PSYoungGen: 71584K->1424K(72192K)] 368386K->298226K(826368K), 0.0026140 secs] [Times: user=0.01 sys=0.00, real=0.01 secs] 
832.203: [GC (Allocation Failure) [PSYoungGen: 71568K->1376K(72192K)] 368370K->298178K(826368K), 0.0023945 secs] [Times: user=0.01 sys=0.00, real=0.00 secs] 
832.852: [GC (Allocation Failure) [PSYoungGen: 71520K->1408K(72192K)] 368322K->298210K(826368K), 0.0028287 secs] [Times: user=0.01 sys=0.00, real=0.00 secs] 
834.322: [GC (Allocation Failure) [PSYoungGen: 71552K->1440K(72192K)] 368354K->298242K(826368K), 0.0026838 secs] [Times: user=0.02 sys=0.00, real=0.00 secs] 
835.198: [GC (Allocation Failure) [PSYoungGen: 71584K->1392K(72192K)] 368386K->298194K(826368K), 0.0037486 secs] [Times: user=0.01 sys=0.00, real=0.00 secs] 
835.749: [GC (Allocation Failure) [PSYoungGen: 71536K->1376K(72192K)] 368338K->298178K(826368K), 0.0026576 secs] [Times: user=0.01 sys=0.00, real=0.00 secs] 
836.063: [GC (Allocation Failure) [PSYoungGen: 71520K->1376K(72192K)] 368322K->298178K(826368K), 0.0017088 secs] [Times: user=0.01 sys=0.00, real=0.00 secs] 
837.307: [GC (Allocation Failure) [PSYoungGen: 71520K->1408K(72192K)] 368322K->298218K(826368K), 0.0022225 secs] [Times: user=0.01 sys=0.00, real=0.00 secs] 
838.231: [GC (Allocation Failure) [PSYoungGen: 71552K->1408K(72192K)] 368362K->298218K(826368K), 0.0029916 secs] [Times: user=0.01 sys=0.00, real=0.00 secs] 
839.058: [GC (Allocation Failure) [PSYoungGen: 71552K->1440K(72192K)] 368362K->298250K(826368K), 0.0025374 secs] [Times: user=0.01 sys=0.00, real=0.00 secs] 
839.990: [GC (Allocation Failure) [PSYoungGen: 71584K->1408K(72192K)] 368394K->298218K(826368K), 0.0027414 secs] [Times: user=0.01 sys=0.00, real=0.00 secs] 
841.383: [GC (Allocation Failure) [PSYoungGen: 71552K->1952K(72192K)] 368362K->298762K(826368K), 0.0020251 secs] [Times: user=0.01 sys=0.00, real=0.00 secs] 
842.656: [GC (Allocation Failure) [PSYoungGen: 72096K->1408K(72192K)] 368906K->298218K(826368K), 0.0031356 secs] [Times: user=0.01 sys=0.00, real=0.00 secs] 
843.221: [GC (Allocation Failure) [PSYoungGen: 71552K->1424K(72192K)] 368362K->298242K(826368K), 0.0021427 secs] [Times: user=0.01 sys=0.00, real=0.00 secs] 
843.829: [GC (Allocation Failure) [PSYoungGen: 71568K->1392K(72192K)] 368386K->298218K(826368K), 0.0021668 secs] [Times: user=0.01 sys=0.00, real=0.00 secs] 
844.379: [GC (Allocation Failure) [PSYoungGen: 71536K->1373K(72192K)] 368362K->298199K(826368K), 0.0013364 secs] [Times: user=0.00 sys=0.00, real=0.00 secs] 
845.460: [GC (Allocation Failure) [PSYoungGen: 71517K->1408K(72192K)] 368343K->298234K(826368K), 0.0023857 secs] [Times: user=0.01 sys=0.00, real=0.00 secs] 
846.332: [GC (Allocation Failure) [PSYoungGen: 71552K->1408K(72192K)] 368378K->298234K(826368K), 0.0039493 secs] [Times: user=0.02 sys=0.00, real=0.01 secs] 
846.906: [GC (Allocation Failure) [PSYoungGen: 71552K->1408K(72192K)] 368378K->298234K(826368K), 0.0026471 secs] [Times: user=0.01 sys=0.00, real=0.00 secs] 
847.641: [GC (Allocation Failure) [PSYoungGen: 71552K->1408K(72192K)] 368378K->298234K(826368K), 0.0028532 secs] [Times: user=0.01 sys=0.00, real=0.00 secs] 
848.788: [GC (Allocation Failure) [PSYoungGen: 71552K->1392K(72192K)] 368378K->298218K(826368K), 0.0020030 secs] [Times: user=0.01 sys=0.00, real=0.00 secs] 
849.257: [GC (Allocation Failure) [PSYoungGen: 71536K->1344K(72192K)] 368362K->298170K(826368K), 0.0019238 secs] [Times: user=0.01 sys=0.00, real=0.00 secs] 
849.601: [GC (Allocation Failure) [PSYoungGen: 71488K->1376K(72192K)] 368314K->298210K(826368K), 0.0020839 secs] [Times: user=0.01 sys=0.00, real=0.00 secs] 
849.893: [GC (Allocation Failure) [PSYoungGen: 71520K->1376K(72192K)] 368354K->298226K(826368K), 0.0017971 secs] [Times: user=0.01 sys=0.00, real=0.00 secs] 
851.048: [GC (Allocation Failure) [PSYoungGen: 71520K->1488K(72192K)] 368370K->298346K(826368K), 0.0031837 secs] [Times: user=0.01 sys=0.00, real=0.00 secs] 
852.063: [GC (Allocation Failure) [PSYoungGen: 71632K->1376K(72192K)] 368490K->298234K(826368K), 0.0030906 secs] [Times: user=0.01 sys=0.00, real=0.01 secs] 
852.749: [GC (Allocation Failure) [PSYoungGen: 71520K->1376K(72192K)] 368378K->298234K(826368K), 0.0024149 secs] [Times: user=0.01 sys=0.00, real=0.00 secs] 
853.504: [GC (Allocation Failure) [PSYoungGen: 71520K->1376K(72192K)] 368378K->298242K(826368K), 0.0038268 secs] [Times: user=0.01 sys=0.00, real=0.01 secs] 
855.064: [GC (Allocation Failure) [PSYoungGen: 71520K->1376K(72192K)] 368386K->298242K(826368K), 0.0024844 secs] [Times: user=0.01 sys=0.00, real=0.01 secs] 
856.196: [GC (Allocation Failure) [PSYoungGen: 71520K->1408K(72192K)] 368386K->298282K(826368K), 0.0027857 secs] [Times: user=0.01 sys=0.00, real=0.00 secs] 
856.635: [GC (Allocation Failure) [PSYoungGen: 71552K->1440K(72192K)] 368426K->298314K(826368K), 0.0023560 secs] [Times: user=0.01 sys=0.00, real=0.01 secs] 
857.010: [GC (Allocation Failure) [PSYoungGen: 71584K->1408K(71680K)] 368458K->298282K(825856K), 0.0021291 secs] [Times: user=0.01 sys=0.00, real=0.00 secs] 
858.067: [GC (Allocation Failure) [PSYoungGen: 71552K->1437K(71680K)] 368426K->298311K(825856K), 0.0013869 secs] [Times: user=0.00 sys=0.00, real=0.00 secs] 
859.590: [GC (Allocation Failure) [PSYoungGen: 71581K->1408K(71680K)] 368455K->298282K(825856K), 0.0037865 secs] [Times: user=0.01 sys=0.00, real=0.00 secs] 
860.247: [GC (Allocation Failure) [PSYoungGen: 71552K->1376K(71680K)] 368426K->298250K(825856K), 0.0027412 secs] [Times: user=0.01 sys=0.00, real=0.00 secs] 
860.991: [GC (Allocation Failure) [PSYoungGen: 71520K->1344K(71680K)] 368394K->298226K(825856K), 0.0040182 secs] [Times: user=0.01 sys=0.00, real=0.00 secs] 
861.747: [GC (Allocation Failure) [PSYoungGen: 71488K->1376K(71680K)] 368370K->298258K(825856K), 0.0024078 secs] [Times: user=0.01 sys=0.00, real=0.00 secs] 
862.827: [GC (Allocation Failure) [PSYoungGen: 71520K->1408K(71680K)] 368402K->298290K(825856K), 0.0016867 secs] [Times: user=0.01 sys=0.00, real=0.00 secs] 
863.366: [GC (Allocation Failure) [PSYoungGen: 71552K->1440K(71680K)] 368434K->298330K(825856K), 0.0014887 secs] [Times: user=0.00 sys=0.00, real=0.00 secs] 
864.031: [GC (Allocation Failure) [PSYoungGen: 71584K->1440K(71680K)] 368474K->298338K(825856K), 0.0021771 secs] [Times: user=0.01 sys=0.00, real=0.00 secs] 
864.905: [GC (Allocation Failure) [PSYoungGen: 71584K->1408K(71680K)] 368482K->298306K(825856K), 0.0024042 secs] [Times: user=0.01 sys=0.00, real=0.01 secs] 
866.051: [GC (Allocation Failure) [PSYoungGen: 71552K->1440K(71680K)] 368450K->298338K(825856K), 0.0018421 secs] [Times: user=0.00 sys=0.00, real=0.00 secs] 
866.648: [GC (Allocation Failure) [PSYoungGen: 71584K->1408K(71680K)] 368482K->298306K(825856K), 0.0020591 secs] [Times: user=0.01 sys=0.00, real=0.00 secs] 
867.362: [GC (Allocation Failure) [PSYoungGen: 71552K->1408K(71680K)] 368450K->298306K(825856K), 0.0032687 secs] [Times: user=0.01 sys=0.00, real=0.01 secs] 
868.061: [GC (Allocation Failure) [PSYoungGen: 71552K->1376K(71680K)] 368450K->298274K(825856K), 0.0025921 secs] [Times: user=0.01 sys=0.00, real=0.00 secs] 
869.816: [GC (Allocation Failure) [PSYoungGen: 71520K->1440K(71680K)] 368418K->298338K(825856K), 0.0043046 secs] [Times: user=0.02 sys=0.00, real=0.00 secs] 
870.346: [GC (Allocation Failure) [PSYoungGen: 71584K->1440K(71680K)] 368482K->298338K(825856K), 0.0032466 secs] [Times: user=0.01 sys=0.00, real=0.00 secs] 
871.105: [GC (Allocation Failure) [PSYoungGen: 71584K->1408K(71680K)] 368482K->298306K(825856K), 0.0033174 secs] [Times: user=0.01 sys=0.00, real=0.01 secs] 
871.774: [GC (Allocation Failure) [PSYoungGen: 71552K->1408K(71680K)] 368450K->298314K(825856K), 0.0037241 secs] [Times: user=0.01 sys=0.00, real=0.01 secs] 
872.778: [GC (Allocation Failure) [PSYoungGen: 71552K->1405K(71680K)] 368458K->298311K(825856K), 0.0014738 secs] [Times: user=0.00 sys=0.00, real=0.00 secs] 
873.849: [GC (Allocation Failure) [PSYoungGen: 71549K->1440K(71680K)] 368455K->298346K(825856K), 0.0039817 secs] [Times: user=0.02 sys=0.00, real=0.00 secs] 
874.609: [GC (Allocation Failure) [PSYoungGen: 71584K->1408K(71680K)] 368490K->298314K(825856K), 0.0031656 secs] [Times: user=0.01 sys=0.00, real=0.00 secs] 
875.171: [GC (Allocation Failure) [PSYoungGen: 71552K->1408K(71680K)] 368458K->298330K(825856K), 0.0022433 secs] [Times: user=0.01 sys=0.00, real=0.00 secs] 
875.752: [GC (Allocation Failure) [PSYoungGen: 71552K->1408K(71680K)] 368474K->298330K(825856K), 0.0028404 secs] [Times: user=0.01 sys=0.00, real=0.00 secs] 
876.623: [GC (Allocation Failure) [PSYoungGen: 71552K->1472K(71680K)] 368474K->298394K(825856K), 0.0029040 secs] [Times: user=0.01 sys=0.00, real=0.01 secs] 
876.920: [GC (Allocation Failure) [PSYoungGen: 71616K->1360K(71680K)] 368538K->298282K(825856K), 0.0020212 secs] [Times: user=0.01 sys=0.00, real=0.00 secs] 
877.215: [GC (Allocation Failure) [PSYoungGen: 71504K->1376K(71680K)] 368426K->298298K(825856K), 0.0019405 secs] [Times: user=0.01 sys=0.00, real=0.01 secs] 
877.507: [GC (Allocation Failure) [PSYoungGen: 71520K->1376K(71680K)] 368442K->298298K(825856K), 0.0018447 secs] [Times: user=0.00 sys=0.01, real=0.00 secs] 
878.547: [GC (Allocation Failure) [PSYoungGen: 71520K->1472K(71680K)] 368442K->298402K(825856K), 0.0020393 secs] [Times: user=0.01 sys=0.00, real=0.00 secs] 
879.318: [GC (Allocation Failure) [PSYoungGen: 71616K->1376K(71680K)] 368546K->298306K(825856K), 0.0022797 secs] [Times: user=0.01 sys=0.00, real=0.00 secs] 
880.018: [GC (Allocation Failure) [PSYoungGen: 71520K->1376K(71680K)] 368450K->298322K(825856K), 0.0018345 secs] [Times: user=0.01 sys=0.00, real=0.00 secs] 
880.417: [GC (Allocation Failure) [PSYoungGen: 71520K->1376K(71680K)] 368466K->298322K(825856K), 0.0044299 secs] [Times: user=0.01 sys=0.00, real=0.00 secs] 
881.472: [GC (Allocation Failure) [PSYoungGen: 71520K->1408K(71680K)] 368466K->298354K(825856K), 0.0021545 secs] [Times: user=0.01 sys=0.00, real=0.00 secs] 
882.379: [GC (Allocation Failure) [PSYoungGen: 71552K->1408K(71680K)] 368498K->298354K(825856K), 0.0040761 secs] [Times: user=0.02 sys=0.00, real=0.00 secs] 
883.272: [GC (Allocation Failure) [PSYoungGen: 71552K->1376K(71680K)] 368498K->298322K(825856K), 0.0031125 secs] [Times: user=0.01 sys=0.00, real=0.00 secs] 
883.806: [GC (Allocation Failure) [PSYoungGen: 71520K->1408K(71680K)] 368466K->298354K(825856K), 0.0019250 secs] [Times: user=0.00 sys=0.00, real=0.00 secs] 
884.468: [GC (Allocation Failure) [PSYoungGen: 71552K->1373K(71680K)] 368498K->298319K(825856K), 0.0014430 secs] [Times: user=0.01 sys=0.00, real=0.00 secs] 
884.864: [GC (Allocation Failure) [PSYoungGen: 71517K->1440K(71680K)] 368463K->298386K(825856K), 0.0017562 secs] [Times: user=0.01 sys=0.00, real=0.01 secs] 
885.155: [GC (Allocation Failure) [PSYoungGen: 71584K->1376K(71680K)] 368530K->298322K(825856K), 0.0020098 secs] [Times: user=0.00 sys=0.00, real=0.01 secs] 
885.447: [GC (Allocation Failure) [PSYoungGen: 71520K->1376K(71680K)] 368466K->298322K(825856K), 0.0018870 secs] [Times: user=0.00 sys=0.00, real=0.00 secs] 
885.738: [GC (Allocation Failure) [PSYoungGen: 71520K->1408K(71680K)] 368466K->298354K(825856K), 0.0018484 secs] [Times: user=0.01 sys=0.00, real=0.00 secs] 
887.681: [GC (Allocation Failure) [PSYoungGen: 71552K->1440K(71680K)] 368498K->298386K(825856K), 0.0030682 secs] [Times: user=0.01 sys=0.00, real=0.00 secs] 
888.090: [GC (Allocation Failure) [PSYoungGen: 71584K->1376K(71680K)] 368530K->298322K(825856K), 0.0020024 secs] [Times: user=0.01 sys=0.00, real=0.00 secs] 
888.420: [GC (Allocation Failure) [PSYoungGen: 71520K->1376K(71680K)] 368466K->298330K(825856K), 0.0018825 secs] [Times: user=0.01 sys=0.00, real=0.00 secs] 
888.712: [GC (Allocation Failure) [PSYoungGen: 71520K->1408K(71680K)] 368474K->298362K(825856K), 0.0019251 secs] [Times: user=0.01 sys=0.01, real=0.00 secs] 
889.507: [GC (Allocation Failure) [PSYoungGen: 71552K->1440K(71680K)] 368506K->298394K(825856K), 0.0018578 secs] [Times: user=0.00 sys=0.00, real=0.00 secs] 
889.826: [GC (Allocation Failure) [PSYoungGen: 71584K->1376K(71680K)] 368538K->298330K(825856K), 0.0018004 secs] [Times: user=0.01 sys=0.00, real=0.00 secs] 
890.169: [GC (Allocation Failure) [PSYoungGen: 71520K->1408K(71680K)] 368474K->298362K(825856K), 0.0018913 secs] [Times: user=0.01 sys=0.00, real=0.00 secs] 
890.461: [GC (Allocation Failure) [PSYoungGen: 71552K->1408K(71680K)] 368506K->298362K(825856K), 0.0018390 secs] [Times: user=0.01 sys=0.00, real=0.00 secs] 
891.239: [GC (Allocation Failure) [PSYoungGen: 71552K->1408K(71680K)] 368506K->298362K(825856K), 0.0016741 secs] [Times: user=0.01 sys=0.00, real=0.00 secs] 
891.592: [GC (Allocation Failure) [PSYoungGen: 71552K->1376K(71680K)] 368506K->298330K(825856K), 0.0018410 secs] [Times: user=0.01 sys=0.00, real=0.00 secs] 
891.953: [GC (Allocation Failure) [PSYoungGen: 71520K->1440K(71680K)] 368474K->298394K(825856K), 0.0018300 secs] [Times: user=0.01 sys=0.00, real=0.00 secs] 
892.245: [GC (Allocation Failure) [PSYoungGen: 71584K->1408K(71680K)] 368538K->298370K(825856K), 0.0018938 secs] [Times: user=0.01 sys=0.00, real=0.01 secs] 
892.998: [GC (Allocation Failure) [PSYoungGen: 71552K->224K(71680K)] 368514K->297186K(825856K), 0.0015592 secs] [Times: user=0.00 sys=0.00, real=0.00 secs] 
893.343: [GC (Allocation Failure) [PSYoungGen: 70368K->1376K(72192K)] 367330K->298338K(826368K), 0.0019446 secs] [Times: user=0.01 sys=0.00, real=0.00 secs] 
893.736: [GC (Allocation Failure) [PSYoungGen: 71520K->1376K(72192K)] 368482K->298338K(826368K), 0.0021171 secs] [Times: user=0.01 sys=0.00, real=0.00 secs] 
894.075: [GC (Allocation Failure) [PSYoungGen: 71520K->1376K(72192K)] 368482K->298338K(826368K), 0.0024515 secs] [Times: user=0.01 sys=0.00, real=0.01 secs] 
894.867: [GC (Allocation Failure) [PSYoungGen: 71485K->256K(72192K)] 368448K->297218K(826368K), 0.0023244 secs] [Times: user=0.01 sys=0.00, real=0.00 secs] 
895.769: [GC (Allocation Failure) [PSYoungGen: 70400K->1376K(72192K)] 367362K->298362K(826368K), 0.0017970 secs] [Times: user=0.01 sys=0.00, real=0.00 secs] 
896.574: [GC (Allocation Failure) [PSYoungGen: 71520K->1440K(72192K)] 368506K->298426K(826368K), 0.0043553 secs] [Times: user=0.02 sys=0.00, real=0.01 secs] 
897.454: [GC (Allocation Failure) [PSYoungGen: 71584K->1408K(72192K)] 368570K->298394K(826368K), 0.0041573 secs] [Times: user=0.02 sys=0.00, real=0.01 secs] 
898.488: [GC (Allocation Failure) [PSYoungGen: 71552K->1408K(72192K)] 368538K->298394K(826368K), 0.0038195 secs] [Times: user=0.01 sys=0.00, real=0.00 secs] 
899.780: [GC (Allocation Failure) [PSYoungGen: 71552K->1408K(72192K)] 368538K->298394K(826368K), 0.0018690 secs] [Times: user=0.00 sys=0.00, real=0.00 secs] 
900.459: [GC (Allocation Failure) [PSYoungGen: 71552K->1408K(72192K)] 368538K->298394K(826368K), 0.0037764 secs] [Times: user=0.01 sys=0.00, real=0.00 secs] 
901.285: [GC (Allocation Failure) [PSYoungGen: 71552K->1376K(72192K)] 368538K->298362K(826368K), 0.0031679 secs] [Times: user=0.01 sys=0.00, real=0.01 secs] 
901.955: [GC (Allocation Failure) [PSYoungGen: 71520K->1376K(72192K)] 368506K->298362K(826368K), 0.0024520 secs] [Times: user=0.01 sys=0.00, real=0.01 secs] 
903.187: [GC (Allocation Failure) [PSYoungGen: 71520K->1408K(72192K)] 368506K->298394K(826368K), 0.0017872 secs] [Times: user=0.01 sys=0.00, real=0.00 secs] 
903.894: [GC (Allocation Failure) [PSYoungGen: 71552K->1376K(72192K)] 368538K->298362K(826368K), 0.0020293 secs] [Times: user=0.00 sys=0.00, real=0.01 secs] 
904.429: [GC (Allocation Failure) [PSYoungGen: 71520K->1376K(72192K)] 368506K->298362K(826368K), 0.0019212 secs] [Times: user=0.01 sys=0.00, real=0.00 secs] 
904.924: [GC (Allocation Failure) [PSYoungGen: 71520K->1376K(72192K)] 368506K->298362K(826368K), 0.0018987 secs] [Times: user=0.01 sys=0.00, real=0.01 secs] 
905.817: [GC (Allocation Failure) [PSYoungGen: 71520K->192K(72192K)] 368506K->297178K(826368K), 0.0014191 secs] [Times: user=0.01 sys=0.00, real=0.00 secs] 
906.910: [GC (Allocation Failure) [PSYoungGen: 70336K->1408K(72192K)] 367322K->298394K(826368K), 0.0031393 secs] [Times: user=0.01 sys=0.00, real=0.00 secs] 
907.466: [GC (Allocation Failure) [PSYoungGen: 71552K->1408K(72192K)] 368538K->298394K(826368K), 0.0022281 secs] [Times: user=0.01 sys=0.00, real=0.00 secs] 
908.046: [GC (Allocation Failure) [PSYoungGen: 71552K->1376K(72192K)] 368538K->298362K(826368K), 0.0019669 secs] [Times: user=0.01 sys=0.00, real=0.00 secs] 
908.368: [GC (Allocation Failure) [PSYoungGen: 71520K->256K(72192K)] 368506K->297242K(826368K), 0.0018346 secs] [Times: user=0.01 sys=0.00, real=0.00 secs] 
909.543: [GC (Allocation Failure) [PSYoungGen: 70400K->1440K(72192K)] 367386K->298426K(826368K), 0.0018298 secs] [Times: user=0.01 sys=0.00, real=0.00 secs] 
909.934: [GC (Allocation Failure) [PSYoungGen: 71584K->1360K(72192K)] 368570K->298362K(826368K), 0.0017920 secs] [Times: user=0.00 sys=0.00, real=0.01 secs] 
910.234: [GC (Allocation Failure) [PSYoungGen: 71504K->1408K(72192K)] 368506K->298410K(826368K), 0.0019175 secs] [Times: user=0.01 sys=0.01, real=0.01 secs] 
910.669: [GC (Allocation Failure) [PSYoungGen: 71552K->1440K(72192K)] 368554K->298442K(826368K), 0.0018850 secs] [Times: user=0.01 sys=0.00, real=0.00 secs] 
911.965: [GC (Allocation Failure) [PSYoungGen: 71584K->1456K(72192K)] 368586K->298458K(826368K), 0.0017952 secs] [Times: user=0.01 sys=0.00, real=0.01 secs] 
912.710: [GC (Allocation Failure) [PSYoungGen: 71600K->1408K(72192K)] 368602K->298410K(826368K), 0.0025968 secs] [Times: user=0.01 sys=0.00, real=0.00 secs] 
913.558: [GC (Allocation Failure) [PSYoungGen: 71552K->1408K(72192K)] 368554K->298418K(826368K), 0.0026690 secs] [Times: user=0.01 sys=0.00, real=0.00 secs] 
914.412: [GC (Allocation Failure) [PSYoungGen: 71552K->1376K(72192K)] 368562K->298386K(826368K), 0.0040531 secs] [Times: user=0.01 sys=0.01, real=0.01 secs] 
915.953: [GC (Allocation Failure) [PSYoungGen: 71520K->1472K(72192K)] 368530K->298482K(826368K), 0.0038346 secs] [Times: user=0.01 sys=0.00, real=0.01 secs] 
916.574: [GC (Allocation Failure) [PSYoungGen: 71616K->1376K(72192K)] 368626K->298386K(826368K), 0.0042968 secs] [Times: user=0.02 sys=0.00, real=0.01 secs] 
917.432: [GC (Allocation Failure) [PSYoungGen: 71520K->1408K(72192K)] 368530K->298418K(826368K), 0.0041589 secs] [Times: user=0.01 sys=0.00, real=0.01 secs] 
918.258: [GC (Allocation Failure) [PSYoungGen: 71552K->1392K(72192K)] 368562K->298402K(826368K), 0.0042098 secs] [Times: user=0.02 sys=0.00, real=0.00 secs] 
919.448: [GC (Allocation Failure) [PSYoungGen: 71171K->224K(72192K)] 368181K->297234K(826368K), 0.0014799 secs] [Times: user=0.00 sys=0.00, real=0.00 secs] 
919.941: [GC (Allocation Failure) [PSYoungGen: 70368K->1376K(72192K)] 367378K->298386K(826368K), 0.0017271 secs] [Times: user=0.01 sys=0.00, real=0.00 secs] 
920.713: [GC (Allocation Failure) [PSYoungGen: 71520K->1344K(72192K)] 368530K->298362K(826368K), 0.0032024 secs] [Times: user=0.02 sys=0.00, real=0.01 secs] 
921.465: [GC (Allocation Failure) [PSYoungGen: 71488K->1376K(72192K)] 368506K->298394K(826368K), 0.0042906 secs] [Times: user=0.02 sys=0.01, real=0.01 secs] 
922.268: [GC (Allocation Failure) [PSYoungGen: 71520K->1376K(72192K)] 368538K->298394K(826368K), 0.0039547 secs] [Times: user=0.01 sys=0.00, real=0.00 secs] 
923.557: [GC (Allocation Failure) [PSYoungGen: 71520K->1408K(72192K)] 368538K->298426K(826368K), 0.0019858 secs] [Times: user=0.01 sys=0.00, real=0.00 secs] 
924.334: [GC (Allocation Failure) [PSYoungGen: 71552K->1408K(72192K)] 368570K->298426K(826368K), 0.0025082 secs] [Times: user=0.01 sys=0.01, real=0.01 secs] 
925.251: [GC (Allocation Failure) [PSYoungGen: 71552K->1408K(72192K)] 368570K->298434K(826368K), 0.0033110 secs] [Times: user=0.02 sys=0.00, real=0.00 secs] 
926.268: [GC (Allocation Failure) [PSYoungGen: 71552K->1440K(72192K)] 368578K->298466K(826368K), 0.0038205 secs] [Times: user=0.01 sys=0.00, real=0.00 secs] 
927.456: [GC (Allocation Failure) [PSYoungGen: 71584K->1408K(72192K)] 368610K->298434K(826368K), 0.0016445 secs] [Times: user=0.00 sys=0.00, real=0.00 secs] 
928.070: [GC (Allocation Failure) [PSYoungGen: 71552K->1440K(72192K)] 368578K->298466K(826368K), 0.0020950 secs] [Times: user=0.01 sys=0.00, real=0.00 secs] 
928.832: [GC (Allocation Failure) [PSYoungGen: 71584K->1408K(72192K)] 368610K->298434K(826368K), 0.0023948 secs] [Times: user=0.00 sys=0.00, real=0.00 secs] 
929.590: [GC (Allocation Failure) [PSYoungGen: 71552K->1376K(72192K)] 368578K->298402K(826368K), 0.0023973 secs] [Times: user=0.01 sys=0.00, real=0.00 secs] 
930.655: [GC (Allocation Failure) [PSYoungGen: 71520K->1440K(72192K)] 368546K->298466K(826368K), 0.0017129 secs] [Times: user=0.01 sys=0.00, real=0.01 secs] 
930.947: [GC (Allocation Failure) [PSYoungGen: 71584K->1360K(72192K)] 368610K->298402K(826368K), 0.0019168 secs] [Times: user=0.01 sys=0.00, real=0.00 secs] 
931.238: [GC (Allocation Failure) [PSYoungGen: 71504K->1408K(72192K)] 368546K->298450K(826368K), 0.0018115 secs] [Times: user=0.00 sys=0.00, real=0.00 secs] 
931.531: [GC (Allocation Failure) [PSYoungGen: 71552K->1376K(72192K)] 368594K->298418K(826368K), 0.0024809 secs] [Times: user=0.01 sys=0.00, real=0.00 secs] 
932.268: [GC (Allocation Failure) [PSYoungGen: 71520K->160K(72192K)] 368562K->297202K(826368K), 0.0014057 secs] [Times: user=0.00 sys=0.00, real=0.00 secs] 
933.390: [GC (Allocation Failure) [PSYoungGen: 70304K->1440K(72192K)] 367346K->298482K(826368K), 0.0026750 secs] [Times: user=0.01 sys=0.00, real=0.00 secs] 
934.382: [GC (Allocation Failure) [PSYoungGen: 71584K->1408K(72192K)] 368626K->298450K(826368K), 0.0028014 secs] [Times: user=0.01 sys=0.00, real=0.00 secs] 
934.760: [GC (Allocation Failure) [PSYoungGen: 71552K->1376K(72192K)] 368594K->298418K(826368K), 0.0019543 secs] [Times: user=0.01 sys=0.00, real=0.00 secs] 
935.098: [GC (Allocation Failure) [PSYoungGen: 71520K->1376K(72192K)] 368562K->298418K(826368K), 0.0017786 secs] [Times: user=0.01 sys=0.00, real=0.00 secs] 
936.030: [GC (Allocation Failure) [PSYoungGen: 71520K->1440K(72192K)] 368562K->298482K(826368K), 0.0017316 secs] [Times: user=0.01 sys=0.00, real=0.00 secs] 
936.637: [GC (Allocation Failure) [PSYoungGen: 71584K->1376K(72192K)] 368626K->298418K(826368K), 0.0038852 secs] [Times: user=0.02 sys=0.00, real=0.00 secs] 
937.174: [GC (Allocation Failure) [PSYoungGen: 71520K->1344K(72192K)] 368562K->298394K(826368K), 0.0033182 secs] [Times: user=0.01 sys=0.00, real=0.01 secs] 
937.639: [GC (Allocation Failure) [PSYoungGen: 71488K->1376K(72192K)] 368538K->298426K(826368K), 0.0022769 secs] [Times: user=0.01 sys=0.00, real=0.00 secs] 
938.913: [GC (Allocation Failure) [PSYoungGen: 71520K->1440K(72192K)] 368570K->298506K(826368K), 0.0024202 secs] [Times: user=0.01 sys=0.00, real=0.00 secs] 
940.050: [GC (Allocation Failure) [PSYoungGen: 71584K->1408K(72192K)] 368650K->298474K(826368K), 0.0037391 secs] [Times: user=0.02 sys=0.00, real=0.00 secs] 
941.047: [GC (Allocation Failure) [PSYoungGen: 71552K->1408K(72192K)] 368618K->298482K(826368K), 0.0042601 secs] [Times: user=0.02 sys=0.00, real=0.00 secs] 
941.938: [GC (Allocation Failure) [PSYoungGen: 71552K->1408K(72192K)] 368626K->298482K(826368K), 0.0033271 secs] [Times: user=0.02 sys=0.00, real=0.00 secs] 
943.324: [GC (Allocation Failure) [PSYoungGen: 71552K->1408K(72192K)] 368626K->298482K(826368K), 0.0029788 secs] [Times: user=0.01 sys=0.00, real=0.01 secs] 
944.009: [GC (Allocation Failure) [PSYoungGen: 71552K->1408K(72192K)] 368626K->298482K(826368K), 0.0030011 secs] [Times: user=0.02 sys=0.00, real=0.00 secs] 
944.761: [GC (Allocation Failure) [PSYoungGen: 71552K->1408K(72192K)] 368626K->298482K(826368K), 0.0041003 secs] [Times: user=0.01 sys=0.00, real=0.00 secs] 
945.351: [GC (Allocation Failure) [PSYoungGen: 71552K->1424K(72192K)] 368626K->298498K(826368K), 0.0024409 secs] [Times: user=0.01 sys=0.00, real=0.00 secs] 
946.444: [GC (Allocation Failure) [PSYoungGen: 71568K->160K(72192K)] 368642K->297234K(826368K), 0.0014362 secs] [Times: user=0.00 sys=0.00, real=0.00 secs] 
947.484: [GC (Allocation Failure) [PSYoungGen: 70304K->1472K(72192K)] 367378K->298546K(826368K), 0.0047773 secs] [Times: user=0.02 sys=0.00, real=0.01 secs] 
948.794: [GC (Allocation Failure) [PSYoungGen: 71616K->1376K(72192K)] 368690K->298450K(826368K), 0.0042477 secs] [Times: user=0.01 sys=0.00, real=0.01 secs] 
949.749: [GC (Allocation Failure) [PSYoungGen: 71520K->1376K(72192K)] 368594K->298450K(826368K), 0.0036788 secs] [Times: user=0.02 sys=0.00, real=0.00 secs] 
950.980: [GC (Allocation Failure) [PSYoungGen: 71520K->1376K(72192K)] 368594K->298450K(826368K), 0.0042466 secs] [Times: user=0.01 sys=0.00, real=0.00 secs] 
952.782: [GC (Allocation Failure) [PSYoungGen: 71520K->1408K(72192K)] 368594K->298482K(826368K), 0.0037896 secs] [Times: user=0.02 sys=0.00, real=0.01 secs] 
953.544: [GC (Allocation Failure) [PSYoungGen: 71552K->1376K(72192K)] 368626K->298450K(826368K), 0.0020058 secs] [Times: user=0.01 sys=0.00, real=0.01 secs] 
954.620: [GC (Allocation Failure) [PSYoungGen: 71520K->1408K(72192K)] 368594K->298490K(826368K), 0.0032265 secs] [Times: user=0.01 sys=0.00, real=0.00 secs] 
955.495: [GC (Allocation Failure) [PSYoungGen: 71552K->1408K(72192K)] 368634K->298490K(826368K), 0.0022022 secs] [Times: user=0.01 sys=0.00, real=0.01 secs] 
957.793: [GC (Allocation Failure) [PSYoungGen: 71552K->1408K(72192K)] 368634K->298490K(826368K), 0.0030794 secs] [Times: user=0.01 sys=0.00, real=0.01 secs] 
958.444: [GC (Allocation Failure) [PSYoungGen: 71552K->1408K(72192K)] 368634K->298490K(826368K), 0.0029888 secs] [Times: user=0.01 sys=0.00, real=0.01 secs] 
959.303: [GC (Allocation Failure) [PSYoungGen: 71552K->1392K(72192K)] 368634K->298474K(826368K), 0.0038495 secs] [Times: user=0.01 sys=0.00, real=0.01 secs] 
960.141: [GC (Allocation Failure) [PSYoungGen: 71536K->1376K(72192K)] 368618K->298458K(826368K), 0.0038884 secs] [Times: user=0.01 sys=0.00, real=0.00 secs] 
961.259: [GC (Allocation Failure) [PSYoungGen: 71520K->1440K(72192K)] 368602K->298522K(826368K), 0.0018998 secs] [Times: user=0.00 sys=0.00, real=0.00 secs] 
961.604: [GC (Allocation Failure) [PSYoungGen: 71584K->1376K(72192K)] 368666K->298458K(826368K), 0.0018650 secs] [Times: user=0.01 sys=0.00, real=0.01 secs] 
961.918: [GC (Allocation Failure) [PSYoungGen: 71520K->1376K(72192K)] 368602K->298458K(826368K), 0.0018846 secs] [Times: user=0.01 sys=0.00, real=0.00 secs] 
962.216: [GC (Allocation Failure) [PSYoungGen: 71520K->1376K(72192K)] 368602K->298482K(826368K), 0.0018344 secs] [Times: user=0.01 sys=0.00, real=0.00 secs] 
963.080: [GC (Allocation Failure) [PSYoungGen: 71520K->1408K(72192K)] 368626K->298522K(826368K), 0.0014564 secs] [Times: user=0.01 sys=0.00, real=0.00 secs] 
963.747: [GC (Allocation Failure) [PSYoungGen: 71552K->1408K(72192K)] 368666K->298522K(826368K), 0.0041100 secs] [Times: user=0.02 sys=0.00, real=0.00 secs] 
964.407: [GC (Allocation Failure) [PSYoungGen: 71552K->1424K(72192K)] 368666K->298538K(826368K), 0.0024262 secs] [Times: user=0.01 sys=0.00, real=0.00 secs] 
964.714: [GC (Allocation Failure) [PSYoungGen: 71568K->1376K(72192K)] 368682K->298490K(826368K), 0.0019306 secs] [Times: user=0.01 sys=0.00, real=0.01 secs] 
965.100: [GC (Allocation Failure) [PSYoungGen: 71520K->1405K(72192K)] 368634K->298519K(826368K), 0.0020695 secs] [Times: user=0.00 sys=0.00, real=0.00 secs] 
966.388: [GC (Allocation Failure) [PSYoungGen: 71549K->1392K(71680K)] 368663K->298506K(825856K), 0.0022685 secs] [Times: user=0.01 sys=0.00, real=0.00 secs] 
966.778: [GC (Allocation Failure) [PSYoungGen: 71536K->1424K(71680K)] 368650K->298538K(825856K), 0.0020370 secs] [Times: user=0.01 sys=0.00, real=0.00 secs] 
967.070: [GC (Allocation Failure) [PSYoungGen: 71568K->1408K(71680K)] 368682K->298522K(825856K), 0.0018868 secs] [Times: user=0.01 sys=0.00, real=0.00 secs] 
967.780: [GC (Allocation Failure) [PSYoungGen: 71552K->1344K(71680K)] 368666K->298482K(825856K), 0.0026876 secs] [Times: user=0.01 sys=0.00, real=0.00 secs] 
968.719: [GC (Allocation Failure) [PSYoungGen: 71488K->1440K(71680K)] 368626K->298578K(825856K), 0.0018284 secs] [Times: user=0.01 sys=0.00, real=0.00 secs] 
969.022: [GC (Allocation Failure) [PSYoungGen: 71584K->1376K(71680K)] 368722K->298514K(825856K), 0.0017066 secs] [Times: user=0.01 sys=0.00, real=0.00 secs] 
969.332: [GC (Allocation Failure) [PSYoungGen: 71520K->1408K(71680K)] 368658K->298546K(825856K), 0.0016997 secs] [Times: user=0.00 sys=0.00, real=0.00 secs] 
969.630: [GC (Allocation Failure) [PSYoungGen: 71552K->1376K(71680K)] 368690K->298514K(825856K), 0.0018695 secs] [Times: user=0.01 sys=0.00, real=0.00 secs] 
970.355: [GC (Allocation Failure) [PSYoungGen: 71520K->1408K(71680K)] 368658K->298554K(825856K), 0.0015530 secs] [Times: user=0.01 sys=0.00, real=0.01 secs] 
970.767: [GC (Allocation Failure) [PSYoungGen: 71552K->1344K(71680K)] 368698K->298490K(825856K), 0.0018121 secs] [Times: user=0.01 sys=0.00, real=0.00 secs] 
971.412: [GC (Allocation Failure) [PSYoungGen: 71488K->1408K(71680K)] 368634K->298562K(825856K), 0.0021201 secs] [Times: user=0.01 sys=0.00, real=0.00 secs] 
972.011: [GC (Allocation Failure) [PSYoungGen: 71552K->1376K(71680K)] 368706K->298538K(825856K), 0.0020909 secs] [Times: user=0.01 sys=0.00, real=0.00 secs] 
973.023: [GC (Allocation Failure) [PSYoungGen: 71520K->1520K(71680K)] 368682K->298690K(825856K), 0.0017385 secs] [Times: user=0.01 sys=0.00, real=0.00 secs] 
973.390: [GC (Allocation Failure) [PSYoungGen: 71664K->1376K(71680K)] 368834K->298546K(825856K), 0.0018071 secs] [Times: user=0.00 sys=0.00, real=0.00 secs] 
973.682: [GC (Allocation Failure) [PSYoungGen: 71520K->1360K(71680K)] 368690K->298530K(825856K), 0.0018598 secs] [Times: user=0.01 sys=0.00, real=0.00 secs] 
973.973: [GC (Allocation Failure) [PSYoungGen: 71504K->1376K(71680K)] 368674K->298546K(825856K), 0.0019013 secs] [Times: user=0.01 sys=0.00, real=0.00 secs] 
974.366: [GC (Allocation Failure) [PSYoungGen: 71520K->1373K(71680K)] 368690K->298543K(825856K), 0.0013526 secs] [Times: user=0.01 sys=0.00, real=0.00 secs] 
975.001: [GC (Allocation Failure) [PSYoungGen: 71517K->1440K(71680K)] 368687K->298610K(825856K), 0.0016244 secs] [Times: user=0.01 sys=0.00, real=0.00 secs] 
975.291: [GC (Allocation Failure) [PSYoungGen: 71584K->1344K(71680K)] 368754K->298514K(825856K), 0.0015141 secs] [Times: user=0.00 sys=0.00, real=0.00 secs] 
975.582: [GC (Allocation Failure) [PSYoungGen: 71488K->1424K(71680K)] 368658K->298610K(825856K), 0.0016838 secs] [Times: user=0.01 sys=0.00, real=0.00 secs] 
975.874: [GC (Allocation Failure) [PSYoungGen: 71568K->1440K(71680K)] 368754K->298626K(825856K), 0.0022246 secs] [Times: user=0.01 sys=0.00, real=0.01 secs] 
976.772: [GC (Allocation Failure) [PSYoungGen: 71584K->1440K(71680K)] 368770K->298626K(825856K), 0.0022665 secs] [Times: user=0.01 sys=0.00, real=0.00 secs] 
977.290: [GC (Allocation Failure) [PSYoungGen: 71584K->1376K(71680K)] 368770K->298562K(825856K), 0.0032296 secs] [Times: user=0.02 sys=0.00, real=0.00 secs] 
977.842: [GC (Allocation Failure) [PSYoungGen: 71520K->1376K(71680K)] 368706K->298570K(825856K), 0.0026132 secs] [Times: user=0.01 sys=0.00, real=0.00 secs] 
978.419: [GC (Allocation Failure) [PSYoungGen: 71520K->1376K(71680K)] 368714K->298570K(825856K), 0.0022766 secs] [Times: user=0.01 sys=0.00, real=0.00 secs] 
979.629: [GC (Allocation Failure) [PSYoungGen: 71520K->1440K(71680K)] 368714K->298634K(825856K), 0.0025900 secs] [Times: user=0.01 sys=0.00, real=0.00 secs] 
980.784: [GC (Allocation Failure) [PSYoungGen: 71584K->1408K(71680K)] 368778K->298602K(825856K), 0.0040893 secs] [Times: user=0.02 sys=0.00, real=0.01 secs] 
981.491: [GC (Allocation Failure) [PSYoungGen: 71552K->1376K(71680K)] 368746K->298570K(825856K), 0.0031833 secs] [Times: user=0.01 sys=0.00, real=0.00 secs] 
982.078: [GC (Allocation Failure) [PSYoungGen: 71520K->1408K(71680K)] 368714K->298602K(825856K), 0.0023590 secs] [Times: user=0.01 sys=0.00, real=0.00 secs] 
983.263: [GC (Allocation Failure) [PSYoungGen: 71226K->1504K(71168K)] 368420K->298904K(825344K), 0.0016885 secs] [Times: user=0.00 sys=0.00, real=0.00 secs] 
983.572: [GC (Allocation Failure) [PSYoungGen: 71136K->1312K(71680K)] 368536K->298712K(825856K), 0.0017982 secs] [Times: user=0.01 sys=0.00, real=0.00 secs] 
983.862: [GC (Allocation Failure) [PSYoungGen: 70944K->1312K(71680K)] 368344K->298712K(825856K), 0.0018426 secs] [Times: user=0.01 sys=0.00, real=0.00 secs] 
984.181: [GC (Allocation Failure) [PSYoungGen: 70944K->1312K(71680K)] 368344K->298712K(825856K), 0.0020257 secs] [Times: user=0.01 sys=0.00, real=0.00 secs] 
984.582: [GC (Allocation Failure) [PSYoungGen: 70944K->1389K(71680K)] 368344K->298789K(825856K), 0.0014434 secs] [Times: user=0.01 sys=0.00, real=0.00 secs] 
986.227: [GC (Allocation Failure) [PSYoungGen: 71021K->1616K(71680K)] 368421K->299016K(825856K), 0.0041211 secs] [Times: user=0.02 sys=0.00, real=0.00 secs] 
986.644: [GC (Allocation Failure) [PSYoungGen: 71248K->1520K(71680K)] 368648K->298920K(825856K), 0.0030764 secs] [Times: user=0.01 sys=0.00, real=0.01 secs] 
986.934: [GC (Allocation Failure) [PSYoungGen: 71152K->1536K(71680K)] 368552K->298936K(825856K), 0.0020457 secs] [Times: user=0.00 sys=0.00, real=0.01 secs] 
987.224: [GC (Allocation Failure) [PSYoungGen: 71168K->1536K(71680K)] 368568K->298936K(825856K), 0.0017551 secs] [Times: user=0.01 sys=0.00, real=0.00 secs] 
987.970: [GC (Allocation Failure) [PSYoungGen: 71168K->1568K(71680K)] 368568K->298968K(825856K), 0.0018075 secs] [Times: user=0.01 sys=0.00, real=0.00 secs] 
988.260: [GC (Allocation Failure) [PSYoungGen: 71200K->1552K(71680K)] 368600K->298960K(825856K), 0.0017864 secs] [Times: user=0.01 sys=0.00, real=0.00 secs] 
988.549: [GC (Allocation Failure) [PSYoungGen: 71184K->1568K(71680K)] 368592K->298992K(825856K), 0.0017031 secs] [Times: user=0.01 sys=0.00, real=0.00 secs] 
988.838: [GC (Allocation Failure) [PSYoungGen: 71200K->1488K(71680K)] 368624K->298912K(825856K), 0.0016895 secs] [Times: user=0.00 sys=0.00, real=0.00 secs] 
989.673: [GC (Allocation Failure) [PSYoungGen: 71120K->1504K(71680K)] 368544K->298928K(825856K), 0.0017780 secs] [Times: user=0.01 sys=0.00, real=0.00 secs] 
990.246: [GC (Allocation Failure) [PSYoungGen: 71136K->1488K(71680K)] 368560K->298912K(825856K), 0.0019260 secs] [Times: user=0.01 sys=0.00, real=0.00 secs] 
990.830: [GC (Allocation Failure) [PSYoungGen: 71120K->1344K(71680K)] 368544K->298909K(825856K), 0.0018744 secs] [Times: user=0.01 sys=0.00, real=0.00 secs] 
991.216: [GC (Allocation Failure) [PSYoungGen: 70976K->1408K(71680K)] 368541K->298973K(825856K), 0.0016602 secs] [Times: user=0.01 sys=0.00, real=0.00 secs] 
991.927: [GC (Allocation Failure) [PSYoungGen: 71040K->1373K(71680K)] 368605K->298938K(825856K), 0.0013399 secs] [Times: user=0.01 sys=0.00, real=0.00 secs] 
992.830: [GC (Allocation Failure) [PSYoungGen: 71005K->1456K(71680K)] 368570K->299021K(825856K), 0.0027782 secs] [Times: user=0.01 sys=0.00, real=0.00 secs] 
993.544: [GC (Allocation Failure) [PSYoungGen: 71088K->1392K(71680K)] 368653K->298957K(825856K), 0.0027090 secs] [Times: user=0.01 sys=0.00, real=0.01 secs] 
994.131: [GC (Allocation Failure) [PSYoungGen: 71024K->1456K(71680K)] 368589K->299037K(825856K), 0.0026562 secs] [Times: user=0.01 sys=0.00, real=0.00 secs] 
994.708: [GC (Allocation Failure) [PSYoungGen: 71088K->1408K(71680K)] 368669K->298989K(825856K), 0.0023905 secs] [Times: user=0.01 sys=0.00, real=0.00 secs] 
996.119: [GC (Allocation Failure) [PSYoungGen: 71040K->1472K(71680K)] 368621K->299053K(825856K), 0.0019311 secs] [Times: user=0.00 sys=0.00, real=0.00 secs] 
996.769: [GC (Allocation Failure) [PSYoungGen: 71104K->1392K(71680K)] 368685K->298973K(825856K), 0.0019599 secs] [Times: user=0.01 sys=0.01, real=0.00 secs] 
997.414: [GC (Allocation Failure) [PSYoungGen: 71024K->1376K(71680K)] 368605K->298957K(825856K), 0.0027029 secs] [Times: user=0.01 sys=0.00, real=0.01 secs] 
997.846: [GC (Allocation Failure) [PSYoungGen: 71008K->1376K(71680K)] 368589K->298981K(825856K), 0.0028108 secs] [Times: user=0.02 sys=0.00, real=0.00 secs] 
999.068: [GC (Allocation Failure) [PSYoungGen: 71008K->1408K(71680K)] 368613K->299013K(825856K), 0.0087576 secs] [Times: user=0.04 sys=0.00, real=0.01 secs] 
999.918: [GC (Allocation Failure) [PSYoungGen: 71040K->1408K(71680K)] 368645K->299013K(825856K), 0.0032491 secs] [Times: user=0.01 sys=0.00, real=0.00 secs] 
1000.540: [GC (Allocation Failure) [PSYoungGen: 71040K->1408K(71680K)] 368645K->299013K(825856K), 0.0024189 secs] [Times: user=0.01 sys=0.00, real=0.00 secs] 
1001.153: [GC (Allocation Failure) [PSYoungGen: 71040K->1376K(71680K)] 368645K->298981K(825856K), 0.0031660 secs] [Times: user=0.01 sys=0.00, real=0.01 secs] 
1002.335: [GC (Allocation Failure) [PSYoungGen: 71008K->1408K(71680K)] 368613K->299013K(825856K), 0.0020258 secs] [Times: user=0.01 sys=0.00, real=0.01 secs] 
1003.162: [GC (Allocation Failure) [PSYoungGen: 71040K->1376K(71168K)] 368645K->298981K(825344K), 0.0040678 secs] [Times: user=0.01 sys=0.00, real=0.01 secs] 
1004.092: [GC (Allocation Failure) [PSYoungGen: 71008K->1376K(71168K)] 368613K->298981K(825344K), 0.0037365 secs] [Times: user=0.01 sys=0.00, real=0.01 secs] 
1005.002: [GC (Allocation Failure) [PSYoungGen: 71008K->1376K(71168K)] 368613K->298981K(825344K), 0.0030045 secs] [Times: user=0.02 sys=0.00, real=0.01 secs] 
1006.117: [GC (Allocation Failure) [PSYoungGen: 71008K->1373K(71168K)] 368613K->298978K(825344K), 0.0014260 secs] [Times: user=0.01 sys=0.00, real=0.00 secs] 
1006.953: [GC (Allocation Failure) [PSYoungGen: 71005K->1408K(71168K)] 368610K->299013K(825344K), 0.0018074 secs] [Times: user=0.00 sys=0.00, real=0.00 secs] 
1007.392: [GC (Allocation Failure) [PSYoungGen: 71040K->1376K(71168K)] 368645K->298981K(825344K), 0.0019556 secs] [Times: user=0.00 sys=0.00, real=0.00 secs] 
1007.682: [GC (Allocation Failure) [PSYoungGen: 71008K->1376K(71168K)] 368613K->298981K(825344K), 0.0018937 secs] [Times: user=0.00 sys=0.00, real=0.00 secs] 
1007.989: [GC (Allocation Failure) [PSYoungGen: 71008K->1376K(71168K)] 368613K->298981K(825344K), 0.0018975 secs] [Times: user=0.01 sys=0.00, real=0.00 secs] 
1009.242: [GC (Allocation Failure) [PSYoungGen: 71008K->1440K(71168K)] 368613K->299045K(825344K), 0.0037654 secs] [Times: user=0.01 sys=0.00, real=0.01 secs] 
1009.648: [GC (Allocation Failure) [PSYoungGen: 71072K->1440K(71168K)] 368677K->299045K(825344K), 0.0018550 secs] [Times: user=0.01 sys=0.00, real=0.00 secs] 
1009.940: [GC (Allocation Failure) [PSYoungGen: 71072K->1408K(71168K)] 368677K->299021K(825344K), 0.0019681 secs] [Times: user=0.01 sys=0.00, real=0.00 secs] 
1010.376: [GC (Allocation Failure) [PSYoungGen: 71040K->1408K(71168K)] 368653K->299021K(825344K), 0.0021542 secs] [Times: user=0.01 sys=0.01, real=0.00 secs] 
1011.568: [GC (Allocation Failure) [PSYoungGen: 71040K->1408K(71168K)] 368653K->299021K(825344K), 0.0017441 secs] [Times: user=0.01 sys=0.00, real=0.00 secs] 
1012.743: [GC (Allocation Failure) [PSYoungGen: 71040K->1440K(71168K)] 368653K->299053K(825344K), 0.0030383 secs] [Times: user=0.01 sys=0.00, real=0.01 secs] 
1013.248: [GC (Allocation Failure) [PSYoungGen: 71072K->1408K(71168K)] 368685K->299021K(825344K), 0.0020673 secs] [Times: user=0.01 sys=0.00, real=0.00 secs] 
1013.579: [GC (Allocation Failure) [PSYoungGen: 71040K->1408K(71168K)] 368653K->299021K(825344K), 0.0017745 secs] [Times: user=0.01 sys=0.00, real=0.00 secs] 
1014.602: [GC (Allocation Failure) [PSYoungGen: 71040K->1440K(71168K)] 368653K->299573K(825344K), 0.0016048 secs] [Times: user=0.00 sys=0.00, real=0.00 secs] 
1015.024: [GC (Allocation Failure) [PSYoungGen: 71072K->1408K(71168K)] 369205K->299541K(825344K), 0.0018301 secs] [Times: user=0.01 sys=0.00, real=0.01 secs] 
1015.314: [GC (Allocation Failure) [PSYoungGen: 71040K->1376K(71168K)] 369173K->299509K(825344K), 0.0019490 secs] [Times: user=0.01 sys=0.00, real=0.01 secs] 
1015.791: [GC (Allocation Failure) [PSYoungGen: 71008K->1408K(71168K)] 369141K->299541K(825344K), 0.0020660 secs] [Times: user=0.01 sys=0.00, real=0.00 secs] 
1016.536: [GC (Allocation Failure) [PSYoungGen: 71040K->1405K(71168K)] 369173K->299538K(825344K), 0.0023003 secs] [Times: user=0.01 sys=0.00, real=0.00 secs] 
1018.821: [GC (Allocation Failure) [PSYoungGen: 71037K->1408K(71168K)] 369170K->299549K(825344K), 0.0051243 secs] [Times: user=0.01 sys=0.00, real=0.01 secs] 
1020.229: [GC (Allocation Failure) [PSYoungGen: 71040K->1376K(71168K)] 369181K->299517K(825344K), 0.0032671 secs] [Times: user=0.01 sys=0.00, real=0.00 secs] 
1020.810: [GC (Allocation Failure) [PSYoungGen: 71008K->1408K(71168K)] 369149K->299557K(825344K), 0.0029375 secs] [Times: user=0.01 sys=0.00, real=0.00 secs] 
1021.379: [GC (Allocation Failure) [PSYoungGen: 71040K->1376K(71168K)] 369189K->299525K(825344K), 0.0031629 secs] [Times: user=0.01 sys=0.00, real=0.00 secs] 
1023.056: [GC (Allocation Failure) [PSYoungGen: 71008K->1472K(71168K)] 369157K->299621K(825344K), 0.0014735 secs] [Times: user=0.00 sys=0.00, real=0.00 secs] 
1023.602: [GC (Allocation Failure) [PSYoungGen: 71104K->1408K(71168K)] 369253K->299557K(825344K), 0.0030824 secs] [Times: user=0.01 sys=0.00, real=0.00 secs] 
1024.131: [GC (Allocation Failure) [PSYoungGen: 71040K->1376K(71168K)] 369189K->299525K(825344K), 0.0025154 secs] [Times: user=0.01 sys=0.00, real=0.00 secs] 
1024.670: [GC (Allocation Failure) [PSYoungGen: 71008K->1376K(71168K)] 369157K->299525K(825344K), 0.0025452 secs] [Times: user=0.01 sys=0.00, real=0.00 secs] 
1025.897: [GC (Allocation Failure) [PSYoungGen: 71008K->1408K(71168K)] 369157K->299565K(825344K), 0.0019090 secs] [Times: user=0.01 sys=0.00, real=0.00 secs] 
1026.588: [GC (Allocation Failure) [PSYoungGen: 71040K->1408K(71168K)] 369197K->299565K(825344K), 0.0039372 secs] [Times: user=0.02 sys=0.00, real=0.00 secs] 
1027.222: [GC (Allocation Failure) [PSYoungGen: 71040K->1376K(71168K)] 369197K->299541K(825344K), 0.0026992 secs] [Times: user=0.01 sys=0.00, real=0.00 secs] 
1027.579: [GC (Allocation Failure) [PSYoungGen: 71008K->1376K(71168K)] 369173K->299541K(825344K), 0.0019521 secs] [Times: user=0.00 sys=0.00, real=0.00 secs] 
1028.282: [GC (Allocation Failure) [PSYoungGen: 71008K->1373K(71168K)] 369173K->299538K(825344K), 0.0014888 secs] [Times: user=0.00 sys=0.00, real=0.00 secs] 
1029.114: [GC (Allocation Failure) [PSYoungGen: 71005K->1408K(71168K)] 369170K->299573K(825344K), 0.0016287 secs] [Times: user=0.01 sys=0.00, real=0.00 secs] 
1029.916: [GC (Allocation Failure) [PSYoungGen: 71040K->1344K(71168K)] 369205K->299509K(825344K), 0.0016345 secs] [Times: user=0.01 sys=0.00, real=0.00 secs] 
1030.613: [GC (Allocation Failure) [PSYoungGen: 70976K->1376K(71168K)] 369141K->299565K(825344K), 0.0019158 secs] [Times: user=0.01 sys=0.00, real=0.00 secs] 
1031.828: [GC (Allocation Failure) [PSYoungGen: 71008K->1408K(71168K)] 369197K->299597K(825344K), 0.0031517 secs] [Times: user=0.01 sys=0.00, real=0.00 secs] 
1033.325: [GC (Allocation Failure) [PSYoungGen: 71040K->1440K(71168K)] 369229K->299637K(825344K), 0.0017907 secs] [Times: user=0.01 sys=0.00, real=0.01 secs] 
1033.659: [GC (Allocation Failure) [PSYoungGen: 71072K->1408K(71168K)] 369269K->299605K(825344K), 0.0019214 secs] [Times: user=0.00 sys=0.00, real=0.00 secs] 
1034.202: [GC (Allocation Failure) [PSYoungGen: 71040K->1376K(71168K)] 369237K->299581K(825344K), 0.0017806 secs] [Times: user=0.01 sys=0.00, real=0.00 secs] 
1034.796: [GC (Allocation Failure) [PSYoungGen: 71008K->1376K(71168K)] 369213K->299581K(825344K), 0.0031624 secs] [Times: user=0.01 sys=0.00, real=0.00 secs] 
1036.167: [GC (Allocation Failure) [PSYoungGen: 71008K->1440K(71168K)] 369213K->299645K(825344K), 0.0023792 secs] [Times: user=0.00 sys=0.01, real=0.00 secs] 
1036.847: [GC (Allocation Failure) [PSYoungGen: 71072K->1408K(71168K)] 369277K->299613K(825344K), 0.0031646 secs] [Times: user=0.02 sys=0.00, real=0.00 secs] 
1037.401: [GC (Allocation Failure) [PSYoungGen: 71040K->1376K(71168K)] 369245K->299589K(825344K), 0.0020985 secs] [Times: user=0.01 sys=0.00, real=0.00 secs] 
1037.820: [GC (Allocation Failure) [PSYoungGen: 71008K->1408K(71168K)] 369221K->299621K(825344K), 0.0032593 secs] [Times: user=0.01 sys=0.00, real=0.00 secs] 
1038.944: [GC (Allocation Failure) [PSYoungGen: 71040K->1440K(71168K)] 369253K->300677K(825344K), 0.0018321 secs] [Times: user=0.00 sys=0.00, real=0.01 secs] 
1039.292: [GC (Allocation Failure) [PSYoungGen: 71072K->1376K(71168K)] 370309K->300613K(825344K), 0.0018651 secs] [Times: user=0.01 sys=0.00, real=0.00 secs] 
1039.588: [GC (Allocation Failure) [PSYoungGen: 71008K->1408K(71168K)] 370245K->300653K(825344K), 0.0019849 secs] [Times: user=0.01 sys=0.00, real=0.00 secs] 
1039.888: [GC (Allocation Failure) [PSYoungGen: 71040K->1408K(71168K)] 370285K->300653K(825344K), 0.0024269 secs] [Times: user=0.01 sys=0.00, real=0.00 secs] 
1040.402: [GC (Allocation Failure) [PSYoungGen: 71040K->1389K(71168K)] 370285K->300635K(825344K), 0.0013809 secs] [Times: user=0.01 sys=0.00, real=0.00 secs] 
1041.114: [GC (Allocation Failure) [PSYoungGen: 71021K->1408K(71168K)] 370267K->300661K(825344K), 0.0016333 secs] [Times: user=0.01 sys=0.00, real=0.01 secs] 
1041.546: [GC (Allocation Failure) [PSYoungGen: 71040K->1376K(71168K)] 370293K->300629K(825344K), 0.0019599 secs] [Times: user=0.01 sys=0.00, real=0.00 secs] 
1041.835: [GC (Allocation Failure) [PSYoungGen: 71008K->1408K(71168K)] 370261K->300669K(825344K), 0.0019657 secs] [Times: user=0.00 sys=0.00, real=0.01 secs] 
1042.363: [GC (Allocation Failure) [PSYoungGen: 71040K->1376K(71168K)] 370301K->300637K(825344K), 0.0021056 secs] [Times: user=0.00 sys=0.00, real=0.01 secs] 
1043.442: [GC (Allocation Failure) [PSYoungGen: 71008K->1408K(71168K)] 370269K->300669K(825344K), 0.0020383 secs] [Times: user=0.01 sys=0.00, real=0.00 secs] 
1043.942: [GC (Allocation Failure) [PSYoungGen: 71040K->1376K(71168K)] 370301K->300637K(825344K), 0.0022117 secs] [Times: user=0.01 sys=0.01, real=0.00 secs] 
1044.240: [GC (Allocation Failure) [PSYoungGen: 71008K->1408K(71168K)] 370269K->300669K(825344K), 0.0019707 secs] [Times: user=0.01 sys=0.00, real=0.00 secs] 
1044.863: [GC (Allocation Failure) [PSYoungGen: 71040K->1376K(71168K)] 370301K->300637K(825344K), 0.0026439 secs] [Times: user=0.01 sys=0.00, real=0.01 secs] 
1045.880: [GC (Allocation Failure) [PSYoungGen: 71008K->1408K(71168K)] 370269K->300669K(825344K), 0.0017881 secs] [Times: user=0.01 sys=0.01, real=0.00 secs] 
1046.169: [GC (Allocation Failure) [PSYoungGen: 71040K->1344K(71168K)] 370301K->300605K(825344K), 0.0017262 secs] [Times: user=0.01 sys=0.00, real=0.00 secs] 
1046.458: [GC (Allocation Failure) [PSYoungGen: 70976K->1376K(71168K)] 370237K->300653K(825344K), 0.0018829 secs] [Times: user=0.01 sys=0.00, real=0.00 secs] 
1046.748: [GC (Allocation Failure) [PSYoungGen: 71008K->1408K(71168K)] 370285K->300685K(825344K), 0.0017556 secs] [Times: user=0.00 sys=0.00, real=0.00 secs] 
1047.552: [GC (Allocation Failure) [PSYoungGen: 71040K->1520K(71168K)] 370317K->300805K(825344K), 0.0015986 secs] [Times: user=0.01 sys=0.00, real=0.00 secs] 
1047.836: [GC (Allocation Failure) [PSYoungGen: 71152K->1408K(71168K)] 370437K->300693K(825344K), 0.0015433 secs] [Times: user=0.01 sys=0.00, real=0.00 secs] 
1048.126: [GC (Allocation Failure) [PSYoungGen: 71040K->1376K(71168K)] 370325K->300661K(825344K), 0.0014785 secs] [Times: user=0.01 sys=0.00, real=0.00 secs] 
1048.415: [GC (Allocation Failure) [PSYoungGen: 71008K->1424K(71168K)] 370293K->300717K(825344K), 0.0015657 secs] [Times: user=0.00 sys=0.00, real=0.01 secs] 
1048.728: [GC (Allocation Failure) [PSYoungGen: 71056K->1405K(71168K)] 370349K->300699K(825344K), 0.0020471 secs] [Times: user=0.01 sys=0.00, real=0.00 secs] 
1049.642: [GC (Allocation Failure) [PSYoungGen: 71037K->1440K(71168K)] 370331K->300733K(825344K), 0.0021853 secs] [Times: user=0.00 sys=0.00, real=0.00 secs] 
1050.229: [GC (Allocation Failure) [PSYoungGen: 71072K->1376K(71168K)] 370365K->300669K(825344K), 0.0021014 secs] [Times: user=0.01 sys=0.00, real=0.00 secs] 
1050.814: [GC (Allocation Failure) [PSYoungGen: 71008K->1376K(71168K)] 370301K->300669K(825344K), 0.0039626 secs] [Times: user=0.02 sys=0.00, real=0.01 secs] 
1051.376: [GC (Allocation Failure) [PSYoungGen: 71008K->1344K(71168K)] 370301K->300637K(825344K), 0.0021356 secs] [Times: user=0.01 sys=0.00, real=0.00 secs] 
1052.939: [GC (Allocation Failure) [PSYoungGen: 70976K->1408K(71168K)] 370269K->300701K(825344K), 0.0041875 secs] [Times: user=0.01 sys=0.00, real=0.00 secs] 
1053.854: [GC (Allocation Failure) [PSYoungGen: 71040K->1344K(71168K)] 370333K->300637K(825344K), 0.0031786 secs] [Times: user=0.01 sys=0.00, real=0.01 secs] 
1054.388: [GC (Allocation Failure) [PSYoungGen: 70976K->1376K(71168K)] 370269K->300669K(825344K), 0.0028885 secs] [Times: user=0.01 sys=0.00, real=0.00 secs] 
1054.675: [GC (Allocation Failure) [PSYoungGen: 71008K->1376K(71168K)] 370301K->300669K(825344K), 0.0019858 secs] [Times: user=0.01 sys=0.00, real=0.01 secs] 
1055.444: [GC (Allocation Failure) [PSYoungGen: 71008K->1408K(71168K)] 370301K->300701K(825344K), 0.0017272 secs] [Times: user=0.00 sys=0.00, real=0.01 secs] 
1055.733: [GC (Allocation Failure) [PSYoungGen: 71040K->1376K(71168K)] 370333K->300669K(825344K), 0.0017451 secs] [Times: user=0.01 sys=0.01, real=0.00 secs] 
1056.044: [GC (Allocation Failure) [PSYoungGen: 71008K->1408K(71168K)] 370301K->300701K(825344K), 0.0017439 secs] [Times: user=0.01 sys=0.00, real=0.00 secs] 
1056.376: [GC (Allocation Failure) [PSYoungGen: 71040K->1408K(71168K)] 370333K->300701K(825344K), 0.0017065 secs] [Times: user=0.01 sys=0.00, real=0.00 secs] 
1057.051: [GC (Allocation Failure) [PSYoungGen: 71040K->1373K(71168K)] 370333K->300683K(825344K), 0.0014272 secs] [Times: user=0.01 sys=0.00, real=0.00 secs] 
1058.256: [GC (Allocation Failure) [PSYoungGen: 71005K->1440K(71168K)] 370315K->300749K(825344K), 0.0043985 secs] [Times: user=0.01 sys=0.01, real=0.00 secs] 
1058.606: [GC (Allocation Failure) [PSYoungGen: 71072K->1408K(71168K)] 370381K->300717K(825344K), 0.0031137 secs] [Times: user=0.01 sys=0.00, real=0.00 secs] 
1059.151: [GC (Allocation Failure) [PSYoungGen: 71040K->1376K(71168K)] 370349K->300685K(825344K), 0.0022643 secs] [Times: user=0.01 sys=0.00, real=0.00 secs] 
1059.756: [GC (Allocation Failure) [PSYoungGen: 71008K->1344K(71168K)] 370317K->300653K(825344K), 0.0023825 secs] [Times: user=0.01 sys=0.01, real=0.00 secs] 
1060.774: [GC (Allocation Failure) [PSYoungGen: 70976K->1408K(71168K)] 370285K->300717K(825344K), 0.0018925 secs] [Times: user=0.01 sys=0.00, real=0.01 secs] 
1061.361: [GC (Allocation Failure) [PSYoungGen: 71040K->1408K(71168K)] 370349K->300717K(825344K), 0.0021055 secs] [Times: user=0.01 sys=0.00, real=0.00 secs] 
1061.948: [GC (Allocation Failure) [PSYoungGen: 71040K->1376K(71168K)] 370349K->300685K(825344K), 0.0020959 secs] [Times: user=0.01 sys=0.00, real=0.00 secs] 
1062.638: [GC (Allocation Failure) [PSYoungGen: 71008K->1408K(71168K)] 370317K->300717K(825344K), 0.0018210 secs] [Times: user=0.01 sys=0.00, real=0.00 secs] 
1064.045: [GC (Allocation Failure) [PSYoungGen: 71040K->1440K(71168K)] 370349K->300749K(825344K), 0.0038591 secs] [Times: user=0.02 sys=0.00, real=0.01 secs] 
1065.079: [GC (Allocation Failure) [PSYoungGen: 71072K->1376K(71168K)] 370381K->300685K(825344K), 0.0039711 secs] [Times: user=0.02 sys=0.00, real=0.00 secs] 
1065.867: [GC (Allocation Failure) [PSYoungGen: 71008K->1408K(71168K)] 370317K->300733K(825344K), 0.0032112 secs] [Times: user=0.01 sys=0.00, real=0.00 secs] 
1066.596: [GC (Allocation Failure) [PSYoungGen: 71040K->1440K(71168K)] 370365K->300765K(825344K), 0.0029796 secs] [Times: user=0.01 sys=0.00, real=0.00 secs] 
1067.551: [GC (Allocation Failure) [PSYoungGen: 71072K->1472K(71168K)] 370397K->301821K(825344K), 0.0018560 secs] [Times: user=0.01 sys=0.00, real=0.00 secs] 
1067.974: [GC (Allocation Failure) [PSYoungGen: 71104K->1408K(71168K)] 371453K->301757K(825344K), 0.0018469 secs] [Times: user=0.00 sys=0.00, real=0.01 secs] 
1068.556: [GC (Allocation Failure) [PSYoungGen: 71040K->1344K(71168K)] 371389K->301693K(825344K), 0.0017333 secs] [Times: user=0.00 sys=0.00, real=0.00 secs] 
1069.143: [GC (Allocation Failure) [PSYoungGen: 70976K->1408K(71168K)] 371325K->301773K(825344K), 0.0019591 secs] [Times: user=0.01 sys=0.00, real=0.00 secs] 
1069.908: [GC (Allocation Failure) [PSYoungGen: 71040K->1373K(71168K)] 371405K->301739K(825344K), 0.0015083 secs] [Times: user=0.01 sys=0.00, real=0.00 secs] 
1070.521: [GC (Allocation Failure) [PSYoungGen: 71005K->1440K(71168K)] 371371K->301813K(825344K), 0.0017495 secs] [Times: user=0.01 sys=0.00, real=0.00 secs] 
1070.829: [GC (Allocation Failure) [PSYoungGen: 71072K->1376K(71168K)] 371445K->301749K(825344K), 0.0015400 secs] [Times: user=0.00 sys=0.00, real=0.00 secs] 
1071.117: [GC (Allocation Failure) [PSYoungGen: 71008K->1376K(71168K)] 371381K->301757K(825344K), 0.0015244 secs] [Times: user=0.01 sys=0.00, real=0.00 secs] 
1071.504: [GC (Allocation Failure) [PSYoungGen: 71008K->1408K(71168K)] 371389K->301789K(825344K), 0.0018129 secs] [Times: user=0.00 sys=0.00, real=0.01 secs] 
1073.472: [GC (Allocation Failure) [PSYoungGen: 71040K->1424K(71168K)] 371421K->301805K(825344K), 0.0040790 secs] [Times: user=0.02 sys=0.00, real=0.01 secs] 
1074.191: [GC (Allocation Failure) [PSYoungGen: 71056K->1408K(71168K)] 371437K->301789K(825344K), 0.0028499 secs] [Times: user=0.01 sys=0.00, real=0.00 secs] 
1074.840: [GC (Allocation Failure) [PSYoungGen: 71040K->1440K(71168K)] 371421K->301821K(825344K), 0.0026029 secs] [Times: user=0.01 sys=0.00, real=0.00 secs] 
1075.519: [GC (Allocation Failure) [PSYoungGen: 71072K->1376K(71168K)] 371453K->301757K(825344K), 0.0028046 secs] [Times: user=0.01 sys=0.00, real=0.00 secs] 
1076.617: [GC (Allocation Failure) [PSYoungGen: 71008K->1408K(71168K)] 371389K->301789K(825344K), 0.0017585 secs] [Times: user=0.00 sys=0.00, real=0.00 secs] 
1077.352: [GC (Allocation Failure) [PSYoungGen: 71040K->1408K(71168K)] 371421K->301789K(825344K), 0.0022348 secs] [Times: user=0.00 sys=0.00, real=0.00 secs] 
1078.160: [GC (Allocation Failure) [PSYoungGen: 71040K->1424K(71168K)] 371421K->301805K(825344K), 0.0027157 secs] [Times: user=0.01 sys=0.00, real=0.00 secs] 
1079.145: [GC (Allocation Failure) [PSYoungGen: 71056K->1376K(71168K)] 371437K->301757K(825344K), 0.0032278 secs] [Times: user=0.02 sys=0.00, real=0.01 secs] 
1080.460: [GC (Allocation Failure) [PSYoungGen: 71008K->1440K(71168K)] 371389K->301829K(825344K), 0.0015196 secs] [Times: user=0.00 sys=0.00, real=0.00 secs] 
1081.614: [GC (Allocation Failure) [PSYoungGen: 71072K->1344K(71168K)] 371461K->301733K(825344K), 0.0032167 secs] [Times: user=0.01 sys=0.00, real=0.01 secs] 
1082.192: [GC (Allocation Failure) [PSYoungGen: 70976K->1408K(71168K)] 371365K->301797K(825344K), 0.0031850 secs] [Times: user=0.01 sys=0.00, real=0.00 secs] 
1082.536: [GC (Allocation Failure) [PSYoungGen: 71040K->1408K(71168K)] 371429K->301805K(825344K), 0.0018620 secs] [Times: user=0.00 sys=0.00, real=0.00 secs] 
1082.922: [GC (Allocation Failure) [PSYoungGen: 71040K->1376K(71168K)] 371437K->301773K(825344K), 0.0017870 secs] [Times: user=0.00 sys=0.00, real=0.00 secs] 
1084.358: [GC (Allocation Failure) [PSYoungGen: 71008K->1440K(71168K)] 371405K->301837K(825344K), 0.0024100 secs] [Times: user=0.01 sys=0.01, real=0.00 secs] 
1084.648: [GC (Allocation Failure) [PSYoungGen: 71072K->1376K(71168K)] 371469K->301773K(825344K), 0.0020455 secs] [Times: user=0.01 sys=0.00, real=0.00 secs] 
1085.031: [GC (Allocation Failure) [PSYoungGen: 71008K->1376K(71168K)] 371405K->301773K(825344K), 0.0019151 secs] [Times: user=0.01 sys=0.00, real=0.00 secs] 
1085.738: [GC (Allocation Failure) [PSYoungGen: 71008K->1408K(71168K)] 371405K->301805K(825344K), 0.0033922 secs] [Times: user=0.02 sys=0.00, real=0.00 secs] 
1086.935: [GC (Allocation Failure) [PSYoungGen: 71040K->1472K(71168K)] 371437K->301869K(825344K), 0.0018519 secs] [Times: user=0.01 sys=0.00, real=0.01 secs] 
1087.818: [GC (Allocation Failure) [PSYoungGen: 71104K->1408K(71168K)] 371501K->301805K(825344K), 0.0039380 secs] [Times: user=0.01 sys=0.00, real=0.00 secs] 
1088.355: [GC (Allocation Failure) [PSYoungGen: 71040K->1376K(71168K)] 371437K->301773K(825344K), 0.0019924 secs] [Times: user=0.01 sys=0.00, real=0.01 secs] 
1088.644: [GC (Allocation Failure) [PSYoungGen: 71008K->1408K(71168K)] 371405K->301805K(825344K), 0.0019016 secs] [Times: user=0.01 sys=0.01, real=0.01 secs] 
1089.856: [GC (Allocation Failure) [PSYoungGen: 71040K->1424K(71168K)] 371437K->301829K(825344K), 0.0029097 secs] [Times: user=0.01 sys=0.00, real=0.00 secs] 
1090.726: [GC (Allocation Failure) [PSYoungGen: 71056K->1408K(71168K)] 371461K->301813K(825344K), 0.0034162 secs] [Times: user=0.02 sys=0.00, real=0.00 secs] 
1091.466: [GC (Allocation Failure) [PSYoungGen: 71040K->1408K(71168K)] 371445K->301813K(825344K), 0.0031450 secs] [Times: user=0.01 sys=0.00, real=0.00 secs] 
1092.211: [GC (Allocation Failure) [PSYoungGen: 71040K->1376K(71168K)] 371445K->301781K(825344K), 0.0029328 secs] [Times: user=0.01 sys=0.00, real=0.00 secs] 
1093.228: [GC (Allocation Failure) [PSYoungGen: 71008K->1357K(71168K)] 371413K->301771K(825344K), 0.0014212 secs] [Times: user=0.01 sys=0.00, real=0.00 secs] 
1093.691: [GC (Allocation Failure) [PSYoungGen: 70989K->1472K(71168K)] 371403K->301885K(825344K), 0.0023166 secs] [Times: user=0.01 sys=0.00, real=0.00 secs] 
1093.974: [GC (Allocation Failure) [PSYoungGen: 71104K->1360K(71168K)] 371517K->301773K(825344K), 0.0020515 secs] [Times: user=0.01 sys=0.00, real=0.01 secs] 
1094.263: [GC (Allocation Failure) [PSYoungGen: 70992K->1440K(71168K)] 371405K->301861K(825344K), 0.0019368 secs] [Times: user=0.01 sys=0.00, real=0.00 secs] 
1094.552: [GC (Allocation Failure) [PSYoungGen: 71072K->1408K(71168K)] 371493K->301829K(825344K), 0.0020710 secs] [Times: user=0.01 sys=0.00, real=0.00 secs] 
1095.986: [GC (Allocation Failure) [PSYoungGen: 71040K->1408K(71168K)] 371461K->301829K(825344K), 0.0024027 secs] [Times: user=0.01 sys=0.00, real=0.00 secs] 
1096.399: [GC (Allocation Failure) [PSYoungGen: 71040K->1408K(71168K)] 371461K->301829K(825344K), 0.0022368 secs] [Times: user=0.01 sys=0.00, real=0.00 secs] 
1097.012: [GC (Allocation Failure) [PSYoungGen: 71040K->1408K(71168K)] 371461K->301829K(825344K), 0.0026874 secs] [Times: user=0.01 sys=0.01, real=0.00 secs] 
1097.818: [GC (Allocation Failure) [PSYoungGen: 71040K->1376K(71168K)] 371461K->301797K(825344K), 0.0031554 secs] [Times: user=0.01 sys=0.00, real=0.00 secs] 
1099.212: [GC (Allocation Failure) [PSYoungGen: 71008K->1472K(71168K)] 371429K->301909K(825344K), 0.0021113 secs] [Times: user=0.01 sys=0.00, real=0.00 secs] 
1099.826: [GC (Allocation Failure) [PSYoungGen: 71104K->1376K(71168K)] 371541K->301813K(825344K), 0.0029585 secs] [Times: user=0.01 sys=0.00, real=0.00 secs] 
1100.473: [GC (Allocation Failure) [PSYoungGen: 71008K->1408K(71168K)] 371445K->301845K(825344K), 0.0020722 secs] [Times: user=0.01 sys=0.00, real=0.00 secs] 
1101.042: [GC (Allocation Failure) [PSYoungGen: 71040K->1344K(71168K)] 371477K->301789K(825344K), 0.0024241 secs] [Times: user=0.01 sys=0.00, real=0.00 secs] 
1102.168: [GC (Allocation Failure) [PSYoungGen: 70976K->928K(71168K)] 371421K->302397K(825344K), 0.0021844 secs] [Times: user=0.01 sys=0.00, real=0.00 secs] 
1103.023: [GC (Allocation Failure) [PSYoungGen: 70560K->384K(71680K)] 372029K->301853K(825856K), 0.0026971 secs] [Times: user=0.01 sys=0.00, real=0.01 secs] 
1103.792: [GC (Allocation Failure) [PSYoungGen: 70016K->352K(71680K)] 371485K->301821K(825856K), 0.0032940 secs] [Times: user=0.02 sys=0.00, real=0.01 secs] 
1104.590: [GC (Allocation Failure) [PSYoungGen: 69984K->384K(71680K)] 371453K->301869K(825856K), 0.0033035 secs] [Times: user=0.01 sys=0.00, real=0.00 secs] 
1105.490: [GC (Allocation Failure) [PSYoungGen: 70016K->1373K(71680K)] 371501K->302859K(825856K), 0.0014677 secs] [Times: user=0.01 sys=0.00, real=0.00 secs] 
1106.668: [GC (Allocation Failure) [PSYoungGen: 71005K->1408K(71680K)] 372491K->302893K(825856K), 0.0020254 secs] [Times: user=0.01 sys=0.00, real=0.00 secs] 
1107.513: [GC (Allocation Failure) [PSYoungGen: 71040K->1376K(71680K)] 372525K->302861K(825856K), 0.0020628 secs] [Times: user=0.01 sys=0.00, real=0.01 secs] 
1108.891: [GC (Allocation Failure) [PSYoungGen: 71008K->1376K(71680K)] 372493K->302869K(825856K), 0.0038014 secs] [Times: user=0.02 sys=0.01, real=0.00 secs] 
1110.130: [GC (Allocation Failure) [PSYoungGen: 71008K->1312K(71680K)] 372501K->302805K(825856K), 0.0041575 secs] [Times: user=0.02 sys=0.00, real=0.00 secs] 
1111.490: [GC (Allocation Failure) [PSYoungGen: 70944K->1440K(71680K)] 372437K->302933K(825856K), 0.0015238 secs] [Times: user=0.01 sys=0.00, real=0.00 secs] 
1112.165: [GC (Allocation Failure) [PSYoungGen: 71072K->1376K(71680K)] 372565K->302869K(825856K), 0.0018960 secs] [Times: user=0.01 sys=0.00, real=0.01 secs] 
1112.731: [GC (Allocation Failure) [PSYoungGen: 71008K->1344K(71680K)] 372501K->302845K(825856K), 0.0020318 secs] [Times: user=0.01 sys=0.00, real=0.00 secs] 
1113.356: [GC (Allocation Failure) [PSYoungGen: 70976K->1344K(71680K)] 372477K->302845K(825856K), 0.0017576 secs] [Times: user=0.01 sys=0.00, real=0.00 secs] 
1114.325: [GC (Allocation Failure) [PSYoungGen: 70976K->1392K(71680K)] 372477K->302893K(825856K), 0.0015910 secs] [Times: user=0.00 sys=0.00, real=0.01 secs] 
1114.615: [GC (Allocation Failure) [PSYoungGen: 71024K->1344K(71680K)] 372525K->302845K(825856K), 0.0015160 secs] [Times: user=0.00 sys=0.00, real=0.01 secs] 
1115.282: [GC (Allocation Failure) [PSYoungGen: 70976K->1376K(71680K)] 372477K->302877K(825856K), 0.0018762 secs] [Times: user=0.00 sys=0.00, real=0.00 secs] 
1115.858: [GC (Allocation Failure) [PSYoungGen: 71008K->1376K(71680K)] 372509K->302877K(825856K), 0.0019100 secs] [Times: user=0.00 sys=0.00, real=0.00 secs] 
1116.835: [GC (Allocation Failure) [PSYoungGen: 71008K->128K(71680K)] 372509K->301629K(825856K), 0.0013975 secs] [Times: user=0.01 sys=0.00, real=0.01 secs] 
1117.906: [GC (Allocation Failure) [PSYoungGen: 69760K->1376K(71680K)] 371261K->302877K(825856K), 0.0031089 secs] [Times: user=0.02 sys=0.00, real=0.00 secs] 
1118.857: [GC (Allocation Failure) [PSYoungGen: 71008K->1344K(71680K)] 372509K->302845K(825856K), 0.0031315 secs] [Times: user=0.01 sys=0.00, real=0.00 secs] 
1120.072: [GC (Allocation Failure) [PSYoungGen: 70976K->1344K(71680K)] 372477K->302845K(825856K), 0.0037530 secs] [Times: user=0.01 sys=0.00, real=0.01 secs] 
1121.070: [GC (Allocation Failure) [PSYoungGen: 70976K->1408K(71680K)] 372477K->302909K(825856K), 0.0032863 secs] [Times: user=0.02 sys=0.00, real=0.00 secs] 
1122.406: [GC (Allocation Failure) [PSYoungGen: 71040K->1472K(71680K)] 372541K->302989K(825856K), 0.0030612 secs] [Times: user=0.01 sys=0.00, real=0.00 secs] 
1123.191: [GC (Allocation Failure) [PSYoungGen: 71104K->1376K(71680K)] 372621K->302893K(825856K), 0.0033650 secs] [Times: user=0.01 sys=0.00, real=0.00 secs] 
1124.312: [GC (Allocation Failure) [PSYoungGen: 71008K->1392K(71680K)] 372525K->302909K(825856K), 0.0039548 secs] [Times: user=0.01 sys=0.00, real=0.01 secs] 
1125.059: [GC (Allocation Failure) [PSYoungGen: 71024K->1376K(71680K)] 372541K->302893K(825856K), 0.0030542 secs] [Times: user=0.01 sys=0.00, real=0.00 secs] 
1126.744: [GC (Allocation Failure) [PSYoungGen: 71008K->1440K(71680K)] 372525K->302957K(825856K), 0.0026139 secs] [Times: user=0.01 sys=0.00, real=0.01 secs] 
1127.683: [GC (Allocation Failure) [PSYoungGen: 71072K->1376K(71680K)] 372589K->302893K(825856K), 0.0027788 secs] [Times: user=0.01 sys=0.00, real=0.01 secs] 
1128.630: [GC (Allocation Failure) [PSYoungGen: 71008K->1408K(71680K)] 372525K->302925K(825856K), 0.0026091 secs] [Times: user=0.01 sys=0.00, real=0.00 secs] 
1129.636: [GC (Allocation Failure) [PSYoungGen: 71040K->1408K(71680K)] 372557K->302925K(825856K), 0.0018949 secs] [Times: user=0.01 sys=0.00, real=0.00 secs] 
1130.898: [GC (Allocation Failure) [PSYoungGen: 71040K->1440K(71680K)] 372557K->302957K(825856K), 0.0016450 secs] [Times: user=0.01 sys=0.00, real=0.00 secs] 
1131.440: [GC (Allocation Failure) [PSYoungGen: 71072K->1408K(71680K)] 372589K->302925K(825856K), 0.0018126 secs] [Times: user=0.00 sys=0.00, real=0.00 secs] 
1131.991: [GC (Allocation Failure) [PSYoungGen: 71040K->1408K(71680K)] 372557K->302925K(825856K), 0.0018543 secs] [Times: user=0.01 sys=0.00, real=0.00 secs] 
1132.414: [GC (Allocation Failure) [PSYoungGen: 71040K->1440K(71680K)] 372557K->302965K(825856K), 0.0018959 secs] [Times: user=0.01 sys=0.00, real=0.01 secs] 
1133.053: [GC (Allocation Failure) [PSYoungGen: 71072K->1373K(71680K)] 372597K->302907K(825856K), 0.0014076 secs] [Times: user=0.00 sys=0.00, real=0.00 secs] 
1133.888: [GC (Allocation Failure) [PSYoungGen: 71005K->1440K(71680K)] 372539K->302973K(825856K), 0.0032106 secs] [Times: user=0.02 sys=0.00, real=0.00 secs] 
1134.419: [GC (Allocation Failure) [PSYoungGen: 71072K->1344K(71680K)] 372605K->302877K(825856K), 0.0021701 secs] [Times: user=0.01 sys=0.00, real=0.00 secs] 
1134.709: [GC (Allocation Failure) [PSYoungGen: 70976K->1408K(71680K)] 372509K->302941K(825856K), 0.0019512 secs] [Times: user=0.01 sys=0.00, real=0.00 secs] 
1135.073: [GC (Allocation Failure) [PSYoungGen: 71040K->1376K(71680K)] 372573K->302909K(825856K), 0.0018380 secs] [Times: user=0.00 sys=0.00, real=0.00 secs] 
1136.611: [GC (Allocation Failure) [PSYoungGen: 71008K->1408K(71680K)] 372541K->302941K(825856K), 0.0041029 secs] [Times: user=0.01 sys=0.00, real=0.01 secs] 
1137.555: [GC (Allocation Failure) [PSYoungGen: 71040K->1408K(71680K)] 372573K->302941K(825856K), 0.0031057 secs] [Times: user=0.02 sys=0.01, real=0.01 secs] 
1138.151: [GC (Allocation Failure) [PSYoungGen: 71040K->1376K(71680K)] 372573K->302909K(825856K), 0.0022524 secs] [Times: user=0.01 sys=0.00, real=0.00 secs] 
1138.440: [GC (Allocation Failure) [PSYoungGen: 71008K->1376K(71680K)] 372541K->302909K(825856K), 0.0020224 secs] [Times: user=0.01 sys=0.00, real=0.00 secs] 
1139.388: [GC (Allocation Failure) [PSYoungGen: 71008K->1440K(71680K)] 372541K->302989K(825856K), 0.0015235 secs] [Times: user=0.01 sys=0.00, real=0.00 secs] 
1140.137: [GC (Allocation Failure) [PSYoungGen: 71072K->1376K(71680K)] 372621K->302925K(825856K), 0.0038207 secs] [Times: user=0.01 sys=0.00, real=0.00 secs] 
1140.511: [GC (Allocation Failure) [PSYoungGen: 71008K->1376K(71168K)] 372557K->302925K(825344K), 0.0020607 secs] [Times: user=0.01 sys=0.00, real=0.00 secs] 
1140.801: [GC (Allocation Failure) [PSYoungGen: 71008K->1408K(71168K)] 372557K->302957K(825344K), 0.0019588 secs] [Times: user=0.01 sys=0.00, real=0.00 secs] 
1141.624: [GC (Allocation Failure) [PSYoungGen: 71040K->672K(70656K)] 372589K->303245K(824832K), 0.0017660 secs] [Times: user=0.00 sys=0.00, real=0.01 secs] 
1142.194: [GC (Allocation Failure) [PSYoungGen: 70304K->384K(71680K)] 372877K->302957K(825856K), 0.0017132 secs] [Times: user=0.00 sys=0.00, real=0.00 secs] 
1142.734: [GC (Allocation Failure) [PSYoungGen: 70016K->336K(71680K)] 372589K->302909K(825856K), 0.0026356 secs] [Times: user=0.01 sys=0.00, real=0.01 secs] 
1143.024: [GC (Allocation Failure) [PSYoungGen: 69968K->384K(71680K)] 372541K->302957K(825856K), 0.0021169 secs] [Times: user=0.01 sys=0.00, real=0.01 secs] 
1143.424: [GC (Allocation Failure) [PSYoungGen: 70016K->1376K(71680K)] 372589K->303949K(825856K), 0.0018126 secs] [Times: user=0.01 sys=0.00, real=0.01 secs] 
1144.421: [GC (Allocation Failure) [PSYoungGen: 71008K->1440K(71680K)] 373581K->304013K(825856K), 0.0016211 secs] [Times: user=0.00 sys=0.00, real=0.00 secs] 
1145.005: [GC (Allocation Failure) [PSYoungGen: 71072K->1440K(71680K)] 373645K->304013K(825856K), 0.0040314 secs] [Times: user=0.02 sys=0.00, real=0.01 secs] 
1145.561: [GC (Allocation Failure) [PSYoungGen: 71072K->1376K(71680K)] 373645K->303949K(825856K), 0.0030019 secs] [Times: user=0.01 sys=0.00, real=0.00 secs] 
1145.891: [GC (Allocation Failure) [PSYoungGen: 71008K->1408K(71680K)] 373581K->303981K(825856K), 0.0019292 secs] [Times: user=0.00 sys=0.00, real=0.00 secs] 
1146.902: [GC (Allocation Failure) [PSYoungGen: 71040K->1440K(71680K)] 373613K->304029K(825856K), 0.0019134 secs] [Times: user=0.01 sys=0.00, real=0.00 secs] 
1147.557: [GC (Allocation Failure) [PSYoungGen: 71072K->1376K(71680K)] 373661K->303965K(825856K), 0.0020020 secs] [Times: user=0.01 sys=0.00, real=0.00 secs] 
1148.108: [GC (Allocation Failure) [PSYoungGen: 71008K->1376K(71680K)] 373597K->303997K(825856K), 0.0020216 secs] [Times: user=0.01 sys=0.00, real=0.00 secs] 
1148.398: [GC (Allocation Failure) [PSYoungGen: 71008K->1408K(71680K)] 373629K->304029K(825856K), 0.0018433 secs] [Times: user=0.00 sys=0.00, real=0.00 secs] 
1149.312: [GC (Allocation Failure) [PSYoungGen: 71040K->1440K(71680K)] 373661K->304061K(825856K), 0.0017930 secs] [Times: user=0.00 sys=0.00, real=0.00 secs] 
1150.336: [GC (Allocation Failure) [PSYoungGen: 71072K->1376K(71680K)] 373693K->303997K(825856K), 0.0019824 secs] [Times: user=0.01 sys=0.00, real=0.00 secs] 
1151.329: [GC (Allocation Failure) [PSYoungGen: 71008K->1376K(71680K)] 373629K->303997K(825856K), 0.0021410 secs] [Times: user=0.00 sys=0.00, real=0.00 secs] 
1152.012: [GC (Allocation Failure) [PSYoungGen: 71008K->1376K(71680K)] 373629K->303997K(825856K), 0.0021303 secs] [Times: user=0.01 sys=0.00, real=0.00 secs] 
1153.198: [GC (Allocation Failure) [PSYoungGen: 71008K->1376K(71680K)] 373629K->303997K(825856K), 0.0013426 secs] [Times: user=0.01 sys=0.00, real=0.00 secs] 
1153.695: [GC (Allocation Failure) [PSYoungGen: 71008K->1392K(71680K)] 373629K->304013K(825856K), 0.0019651 secs] [Times: user=0.00 sys=0.00, real=0.01 secs] 
1153.984: [GC (Allocation Failure) [PSYoungGen: 71024K->1408K(71680K)] 373645K->304029K(825856K), 0.0017577 secs] [Times: user=0.01 sys=0.00, real=0.01 secs] 
1154.341: [GC (Allocation Failure) [PSYoungGen: 71040K->1376K(71680K)] 373661K->304013K(825856K), 0.0019488 secs] [Times: user=0.01 sys=0.00, real=0.00 secs] 
1154.631: [GC (Allocation Failure) [PSYoungGen: 71008K->1408K(71680K)] 373645K->304045K(825856K), 0.0018549 secs] [Times: user=0.01 sys=0.00, real=0.00 secs] 
1155.850: [GC (Allocation Failure) [PSYoungGen: 71040K->1408K(71680K)] 373677K->304045K(825856K), 0.0023931 secs] [Times: user=0.01 sys=0.00, real=0.00 secs] 
1156.489: [GC (Allocation Failure) [PSYoungGen: 71040K->1376K(71680K)] 373677K->304013K(825856K), 0.0023338 secs] [Times: user=0.01 sys=0.00, real=0.00 secs] 
1157.095: [GC (Allocation Failure) [PSYoungGen: 71008K->1408K(71680K)] 373645K->304061K(825856K), 0.0023651 secs] [Times: user=0.01 sys=0.01, real=0.00 secs] 
1157.730: [GC (Allocation Failure) [PSYoungGen: 71040K->1440K(71680K)] 373693K->304093K(825856K), 0.0022309 secs] [Times: user=0.01 sys=0.00, real=0.00 secs] 
1158.696: [GC (Allocation Failure) [PSYoungGen: 71072K->1440K(71680K)] 373725K->304093K(825856K), 0.0022466 secs] [Times: user=0.01 sys=0.00, real=0.00 secs] 
1158.994: [GC (Allocation Failure) [PSYoungGen: 71072K->1376K(71680K)] 373725K->304045K(825856K), 0.0019291 secs] [Times: user=0.01 sys=0.00, real=0.01 secs] 
1159.462: [GC (Allocation Failure) [PSYoungGen: 71008K->1376K(71680K)] 373677K->304045K(825856K), 0.0019905 secs] [Times: user=0.00 sys=0.00, real=0.00 secs] 
1160.036: [GC (Allocation Failure) [PSYoungGen: 71008K->1408K(71680K)] 373677K->304077K(825856K), 0.0022354 secs] [Times: user=0.01 sys=0.00, real=0.00 secs] 
1161.154: [GC (Allocation Failure) [PSYoungGen: 71040K->1968K(71680K)] 373709K->305149K(825856K), 0.0017642 secs] [Times: user=0.00 sys=0.00, real=0.01 secs] 
1161.548: [GC (Allocation Failure) [PSYoungGen: 71600K->1408K(71680K)] 374781K->304589K(825856K), 0.0019961 secs] [Times: user=0.01 sys=0.00, real=0.00 secs] 
1161.839: [GC (Allocation Failure) [PSYoungGen: 71040K->1344K(71680K)] 374221K->304525K(825856K), 0.0036557 secs] [Times: user=0.01 sys=0.00, real=0.00 secs] 
1162.165: [GC (Allocation Failure) [PSYoungGen: 70976K->1344K(71680K)] 374157K->304533K(825856K), 0.0027302 secs] [Times: user=0.01 sys=0.00, real=0.01 secs] 
1162.649: [GC (Allocation Failure) [PSYoungGen: 70976K->1376K(71680K)] 374165K->304565K(825856K), 0.0013388 secs] [Times: user=0.00 sys=0.00, real=0.00 secs] 
1164.222: [GC (Allocation Failure) [PSYoungGen: 71008K->1440K(71680K)] 374197K->304629K(825856K), 0.0031727 secs] [Times: user=0.02 sys=0.00, real=0.01 secs] 
1164.949: [GC (Allocation Failure) [PSYoungGen: 71072K->1408K(71680K)] 374261K->304597K(825856K), 0.0045015 secs] [Times: user=0.01 sys=0.00, real=0.00 secs] 
1165.721: [GC (Allocation Failure) [PSYoungGen: 71040K->1440K(71680K)] 374229K->304629K(825856K), 0.0037624 secs] [Times: user=0.01 sys=0.00, real=0.00 secs] 
1166.390: [GC (Allocation Failure) [PSYoungGen: 71072K->1408K(71680K)] 374261K->304597K(825856K), 0.0031827 secs] [Times: user=0.01 sys=0.01, real=0.00 secs] 
1168.417: [GC (Allocation Failure) [PSYoungGen: 71040K->1424K(71680K)] 374229K->304613K(825856K), 0.0017579 secs] [Times: user=0.01 sys=0.00, real=0.00 secs] 
1168.727: [GC (Allocation Failure) [PSYoungGen: 71056K->1408K(71680K)] 374245K->304597K(825856K), 0.0018082 secs] [Times: user=0.00 sys=0.00, real=0.00 secs] 
1169.037: [GC (Allocation Failure) [PSYoungGen: 71040K->1408K(71680K)] 374229K->304613K(825856K), 0.0016941 secs] [Times: user=0.01 sys=0.00, real=0.00 secs] 
1169.355: [GC (Allocation Failure) [PSYoungGen: 71040K->1408K(71680K)] 374245K->304613K(825856K), 0.0017699 secs] [Times: user=0.00 sys=0.00, real=0.01 secs] 
1170.795: [GC (Allocation Failure) [PSYoungGen: 71040K->1376K(71680K)] 374245K->304581K(825856K), 0.0023502 secs] [Times: user=0.01 sys=0.00, real=0.01 secs] 
1171.513: [GC (Allocation Failure) [PSYoungGen: 71008K->1376K(71680K)] 374213K->304581K(825856K), 0.0019823 secs] [Times: user=0.01 sys=0.00, real=0.00 secs] 
1171.802: [GC (Allocation Failure) [PSYoungGen: 71008K->1376K(71168K)] 374213K->304581K(825344K), 0.0022882 secs] [Times: user=0.01 sys=0.00, real=0.00 secs] 
1172.092: [GC (Allocation Failure) [PSYoungGen: 71008K->1440K(71168K)] 374213K->304645K(825344K), 0.0020606 secs] [Times: user=0.01 sys=0.00, real=0.00 secs] 
1173.528: [GC (Allocation Failure) [PSYoungGen: 70731K->224K(71168K)] 373937K->303429K(825344K), 0.0018686 secs] [Times: user=0.01 sys=0.00, real=0.00 secs] 
1173.842: [GC (Allocation Failure) [PSYoungGen: 69856K->1408K(71680K)] 373061K->304613K(825856K), 0.0019378 secs] [Times: user=0.00 sys=0.00, real=0.00 secs] 
1174.132: [GC (Allocation Failure) [PSYoungGen: 71040K->1408K(71680K)] 374245K->304613K(825856K), 0.0019862 secs] [Times: user=0.01 sys=0.00, real=0.00 secs] 
1174.422: [GC (Allocation Failure) [PSYoungGen: 71040K->1408K(71680K)] 374245K->304613K(825856K), 0.0019179 secs] [Times: user=0.01 sys=0.01, real=0.00 secs] 
1174.711: [GC (Allocation Failure) [PSYoungGen: 71040K->1408K(71680K)] 374245K->304613K(825856K), 0.0019280 secs] [Times: user=0.01 sys=0.00, real=0.00 secs] 
1175.655: [GC (Allocation Failure) [PSYoungGen: 71040K->1440K(71680K)] 374245K->304645K(825856K), 0.0017524 secs] [Times: user=0.01 sys=0.00, real=0.01 secs] 
1176.231: [GC (Allocation Failure) [PSYoungGen: 71072K->1408K(71680K)] 374277K->304613K(825856K), 0.0017552 secs] [Times: user=0.01 sys=0.00, real=0.00 secs] 
1176.796: [GC (Allocation Failure) [PSYoungGen: 71040K->1376K(71680K)] 374245K->304605K(825856K), 0.0018146 secs] [Times: user=0.01 sys=0.00, real=0.00 secs] 
1177.086: [GC (Allocation Failure) [PSYoungGen: 71008K->1408K(71680K)] 374237K->304637K(825856K), 0.0021503 secs] [Times: user=0.01 sys=0.00, real=0.00 secs] 
1178.177: [GC (Allocation Failure) [PSYoungGen: 71040K->1472K(71680K)] 374269K->304701K(825856K), 0.0031459 secs] [Times: user=0.01 sys=0.00, real=0.00 secs] 
1178.832: [GC (Allocation Failure) [PSYoungGen: 71104K->1376K(71680K)] 374333K->304605K(825856K), 0.0032644 secs] [Times: user=0.01 sys=0.00, real=0.00 secs] 
1179.413: [GC (Allocation Failure) [PSYoungGen: 71008K->1408K(71680K)] 374237K->304637K(825856K), 0.0022586 secs] [Times: user=0.01 sys=0.00, real=0.00 secs] 
1180.013: [GC (Allocation Failure) [PSYoungGen: 71040K->1344K(71680K)] 374269K->304573K(825856K), 0.0023895 secs] [Times: user=0.01 sys=0.00, real=0.00 secs] 
1180.959: [GC (Allocation Failure) [PSYoungGen: 70976K->1472K(71680K)] 374205K->304701K(825856K), 0.0017832 secs] [Times: user=0.00 sys=0.00, real=0.00 secs] 
1181.288: [GC (Allocation Failure) [PSYoungGen: 71104K->1408K(71680K)] 374333K->304637K(825856K), 0.0016057 secs] [Times: user=0.00 sys=0.00, real=0.00 secs] 
1181.821: [GC (Allocation Failure) [PSYoungGen: 71040K->1440K(71680K)] 374269K->304669K(825856K), 0.0018804 secs] [Times: user=0.01 sys=0.00, real=0.00 secs] 
1182.742: [GC (Allocation Failure) [PSYoungGen: 71072K->1376K(71680K)] 374301K->304605K(825856K), 0.0027753 secs] [Times: user=0.01 sys=0.00, real=0.00 secs] 
1183.593: [GC (Allocation Failure) [PSYoungGen: 71008K->1373K(71680K)] 374237K->304603K(825856K), 0.0013902 secs] [Times: user=0.01 sys=0.00, real=0.00 secs] 
1184.473: [GC (Allocation Failure) [PSYoungGen: 71005K->1408K(71680K)] 374235K->304637K(825856K), 0.0020920 secs] [Times: user=0.01 sys=0.00, real=0.00 secs] 
1185.206: [GC (Allocation Failure) [PSYoungGen: 71040K->1376K(71680K)] 374269K->304605K(825856K), 0.0021574 secs] [Times: user=0.01 sys=0.00, real=0.00 secs] 
1185.968: [GC (Allocation Failure) [PSYoungGen: 71008K->1376K(71168K)] 374237K->304605K(825344K), 0.0025776 secs] [Times: user=0.01 sys=0.00, real=0.00 secs] 
1186.944: [GC (Allocation Failure) [PSYoungGen: 71008K->1376K(71168K)] 374237K->304605K(825344K), 0.0040584 secs] [Times: user=0.01 sys=0.01, real=0.01 secs] 
1188.753: [GC (Allocation Failure) [PSYoungGen: 71008K->1408K(71168K)] 374237K->304637K(825344K), 0.0021777 secs] [Times: user=0.01 sys=0.00, real=0.00 secs] 
1189.392: [GC (Allocation Failure) [PSYoungGen: 71040K->1408K(71168K)] 374269K->304637K(825344K), 0.0022832 secs] [Times: user=0.01 sys=0.00, real=0.00 secs] 
1189.716: [GC (Allocation Failure) [PSYoungGen: 71040K->1344K(71168K)] 374269K->304581K(825344K), 0.0020881 secs] [Times: user=0.01 sys=0.00, real=0.00 secs] 
1190.072: [GC (Allocation Failure) [PSYoungGen: 70976K->1408K(71168K)] 374213K->304645K(825344K), 0.0022684 secs] [Times: user=0.01 sys=0.00, real=0.00 secs] 
1191.058: [GC (Allocation Failure) [PSYoungGen: 71040K->1440K(71168K)] 374277K->304677K(825344K), 0.0016290 secs] [Times: user=0.01 sys=0.00, real=0.00 secs] 
1192.176: [GC (Allocation Failure) [PSYoungGen: 71072K->1376K(71168K)] 374309K->304613K(825344K), 0.0041159 secs] [Times: user=0.01 sys=0.00, real=0.00 secs] 
1192.919: [GC (Allocation Failure) [PSYoungGen: 71008K->1376K(71168K)] 374245K->304613K(825344K), 0.0026408 secs] [Times: user=0.02 sys=0.00, real=0.00 secs] 
1193.559: [GC (Allocation Failure) [PSYoungGen: 71008K->1376K(71168K)] 374245K->304613K(825344K), 0.0020768 secs] [Times: user=0.00 sys=0.00, real=0.00 secs] 
1194.513: [GC (Allocation Failure) [PSYoungGen: 71008K->1504K(71168K)] 374245K->304853K(825344K), 0.0015593 secs] [Times: user=0.00 sys=0.00, real=0.00 secs] 
1195.208: [GC (Allocation Failure) [PSYoungGen: 71136K->1344K(71680K)] 374485K->304693K(825856K), 0.0020554 secs] [Times: user=0.00 sys=0.00, real=0.00 secs] 
1195.775: [GC (Allocation Failure) [PSYoungGen: 70976K->1312K(71680K)] 374325K->304661K(825856K), 0.0031721 secs] [Times: user=0.01 sys=0.00, real=0.01 secs] 
1196.098: [GC (Allocation Failure) [PSYoungGen: 70944K->1280K(71680K)] 374293K->304629K(825856K), 0.0022913 secs] [Times: user=0.01 sys=0.00, real=0.00 secs] 
1196.570: [GC (Allocation Failure) [PSYoungGen: 70912K->1408K(71680K)] 374261K->305781K(825856K), 0.0018136 secs] [Times: user=0.01 sys=0.00, real=0.00 secs] 
1197.253: [GC (Allocation Failure) [PSYoungGen: 71040K->1440K(71680K)] 375413K->305813K(825856K), 0.0016588 secs] [Times: user=0.00 sys=0.00, real=0.00 secs] 
1197.582: [GC (Allocation Failure) [PSYoungGen: 71072K->1376K(71680K)] 375445K->305749K(825856K), 0.0018276 secs] [Times: user=0.01 sys=0.00, real=0.00 secs] 
1197.872: [GC (Allocation Failure) [PSYoungGen: 71008K->1408K(71168K)] 375381K->305813K(825344K), 0.0022265 secs] [Times: user=0.01 sys=0.00, real=0.00 secs] 
1198.189: [GC (Allocation Failure) [PSYoungGen: 71040K->1376K(71168K)] 375445K->305781K(825344K), 0.0022737 secs] [Times: user=0.01 sys=0.00, real=0.00 secs] 
1198.978: [GC (Allocation Failure) [PSYoungGen: 71008K->416K(70656K)] 375413K->305845K(824832K), 0.0015650 secs] [Times: user=0.01 sys=0.00, real=0.00 secs] 
1199.277: [GC (Allocation Failure) [PSYoungGen: 70048K->368K(71680K)] 375477K->305797K(825856K), 0.0014681 secs] [Times: user=0.01 sys=0.00, real=0.00 secs] 
1199.673: [GC (Allocation Failure) [PSYoungGen: 70000K->352K(71680K)] 375429K->305781K(825856K), 0.0022174 secs] [Times: user=0.01 sys=0.00, real=0.01 secs] 
1200.301: [GC (Allocation Failure) [PSYoungGen: 69984K->384K(71680K)] 375413K->305813K(825856K), 0.0021053 secs] [Times: user=0.01 sys=0.00, real=0.00 secs] 
1201.326: [GC (Allocation Failure) [PSYoungGen: 70016K->1408K(71680K)] 375445K->306837K(825856K), 0.0018908 secs] [Times: user=0.01 sys=0.00, real=0.00 secs] 
1201.918: [GC (Allocation Failure) [PSYoungGen: 71040K->1376K(71680K)] 376469K->306805K(825856K), 0.0018261 secs] [Times: user=0.01 sys=0.00, real=0.00 secs] 
1202.258: [GC (Allocation Failure) [PSYoungGen: 71008K->1408K(71680K)] 376437K->306861K(825856K), 0.0019666 secs] [Times: user=0.01 sys=0.00, real=0.00 secs] 
1202.738: [GC (Allocation Failure) [PSYoungGen: 71040K->1408K(71680K)] 376493K->306861K(825856K), 0.0030369 secs] [Times: user=0.01 sys=0.00, real=0.00 secs] 
1203.654: [GC (Allocation Failure) [PSYoungGen: 71040K->1389K(71680K)] 376493K->306843K(825856K), 0.0013092 secs] [Times: user=0.01 sys=0.00, real=0.01 secs] 
1204.350: [GC (Allocation Failure) [PSYoungGen: 71021K->1440K(71680K)] 376475K->306901K(825856K), 0.0017641 secs] [Times: user=0.01 sys=0.00, real=0.00 secs] 
1204.744: [GC (Allocation Failure) [PSYoungGen: 71072K->1376K(71680K)] 376533K->306845K(825856K), 0.0020954 secs] [Times: user=0.01 sys=0.00, real=0.01 secs] 
1205.440: [GC (Allocation Failure) [PSYoungGen: 71008K->1408K(71680K)] 376477K->306885K(825856K), 0.0022118 secs] [Times: user=0.01 sys=0.00, real=0.00 secs] 
1206.184: [GC (Allocation Failure) [PSYoungGen: 71040K->1376K(71680K)] 376517K->306853K(825856K), 0.0028751 secs] [Times: user=0.01 sys=0.00, real=0.01 secs] 
1207.956: [GC (Allocation Failure) [PSYoungGen: 71008K->1408K(71680K)] 376485K->306893K(825856K), 0.0040926 secs] [Times: user=0.02 sys=0.00, real=0.00 secs] 
1208.571: [GC (Allocation Failure) [PSYoungGen: 71040K->1376K(71680K)] 376525K->306877K(825856K), 0.0026713 secs] [Times: user=0.01 sys=0.00, real=0.00 secs] 
1209.362: [GC (Allocation Failure) [PSYoungGen: 71008K->1376K(71680K)] 376509K->306877K(825856K), 0.0038938 secs] [Times: user=0.02 sys=0.00, real=0.01 secs] 
1210.160: [GC (Allocation Failure) [PSYoungGen: 71008K->1408K(71680K)] 376509K->306909K(825856K), 0.0037443 secs] [Times: user=0.01 sys=0.00, real=0.00 secs] 
1211.825: [GC (Allocation Failure) [PSYoungGen: 71040K->1440K(71680K)] 376541K->306949K(825856K), 0.0041759 secs] [Times: user=0.02 sys=0.00, real=0.01 secs] 
1212.985: [GC (Allocation Failure) [PSYoungGen: 71072K->1408K(71680K)] 376581K->306917K(825856K), 0.0038992 secs] [Times: user=0.01 sys=0.00, real=0.01 secs] 
1213.898: [GC (Allocation Failure) [PSYoungGen: 71040K->1408K(71680K)] 376549K->306917K(825856K), 0.0029393 secs] [Times: user=0.01 sys=0.00, real=0.00 secs] 
1214.675: [GC (Allocation Failure) [PSYoungGen: 71040K->1376K(71680K)] 376549K->306893K(825856K), 0.0033354 secs] [Times: user=0.01 sys=0.00, real=0.01 secs] 
1215.927: [GC (Allocation Failure) [PSYoungGen: 71008K->1952K(71680K)] 376525K->307477K(825856K), 0.0016752 secs] [Times: user=0.00 sys=0.00, real=0.00 secs] 
1216.217: [GC (Allocation Failure) [PSYoungGen: 71584K->1376K(71680K)] 377109K->306901K(825856K), 0.0018558 secs] [Times: user=0.00 sys=0.00, real=0.00 secs] 
1216.506: [GC (Allocation Failure) [PSYoungGen: 71008K->1440K(71680K)] 376533K->306965K(825856K), 0.0018478 secs] [Times: user=0.00 sys=0.00, real=0.00 secs] 
1216.796: [GC (Allocation Failure) [PSYoungGen: 71072K->1344K(71680K)] 376597K->306885K(825856K), 0.0018647 secs] [Times: user=0.01 sys=0.00, real=0.00 secs] 
1217.285: [GC (Allocation Failure) [PSYoungGen: 70976K->1424K(71680K)] 376517K->306966K(825856K), 0.0013767 secs] [Times: user=0.01 sys=0.00, real=0.00 secs] 
1218.521: [GC (Allocation Failure) [PSYoungGen: 71056K->1440K(71680K)] 376598K->306981K(825856K), 0.0027412 secs] [Times: user=0.01 sys=0.00, real=0.00 secs] 
1219.321: [GC (Allocation Failure) [PSYoungGen: 71072K->1376K(71680K)] 376613K->306917K(825856K), 0.0023921 secs] [Times: user=0.01 sys=0.00, real=0.00 secs] 
1219.925: [GC (Allocation Failure) [PSYoungGen: 71008K->1408K(71680K)] 376549K->306957K(825856K), 0.0020388 secs] [Times: user=0.01 sys=0.00, real=0.01 secs] 
1220.594: [GC (Allocation Failure) [PSYoungGen: 71040K->1408K(71680K)] 376589K->306973K(825856K), 0.0022554 secs] [Times: user=0.01 sys=0.00, real=0.01 secs] 
1221.479: [GC (Allocation Failure) [PSYoungGen: 71040K->1472K(71680K)] 376605K->307037K(825856K), 0.0019292 secs] [Times: user=0.01 sys=0.00, real=0.00 secs] 
1221.945: [GC (Allocation Failure) [PSYoungGen: 71104K->1376K(71680K)] 376669K->306949K(825856K), 0.0018188 secs] [Times: user=0.00 sys=0.00, real=0.01 secs] 
1222.595: [GC (Allocation Failure) [PSYoungGen: 71008K->1376K(71680K)] 376581K->306957K(825856K), 0.0021302 secs] [Times: user=0.01 sys=0.00, real=0.01 secs] 
1223.360: [GC (Allocation Failure) [PSYoungGen: 71008K->1408K(71680K)] 376589K->306989K(825856K), 0.0021047 secs] [Times: user=0.01 sys=0.00, real=0.00 secs] 
1224.355: [GC (Allocation Failure) [PSYoungGen: 71040K->1424K(71680K)] 376621K->307005K(825856K), 0.0014812 secs] [Times: user=0.01 sys=0.00, real=0.01 secs] 
1224.644: [GC (Allocation Failure) [PSYoungGen: 71056K->1376K(71680K)] 376637K->306957K(825856K), 0.0024770 secs] [Times: user=0.01 sys=0.00, real=0.01 secs] 
1225.198: [GC (Allocation Failure) [PSYoungGen: 71008K->1376K(71680K)] 376589K->306965K(825856K), 0.0016844 secs] [Times: user=0.01 sys=0.00, real=0.00 secs] 
1225.759: [GC (Allocation Failure) [PSYoungGen: 71008K->1408K(71680K)] 376597K->306997K(825856K), 0.0018189 secs] [Times: user=0.00 sys=0.00, real=0.00 secs] 
1226.677: [GC (Allocation Failure) [PSYoungGen: 71040K->1408K(71680K)] 376629K->306997K(825856K), 0.0015448 secs] [Times: user=0.01 sys=0.00, real=0.00 secs] 
1227.361: [GC (Allocation Failure) [PSYoungGen: 71040K->1376K(71680K)] 376629K->306965K(825856K), 0.0017374 secs] [Times: user=0.01 sys=0.00, real=0.00 secs] 
1228.147: [GC (Allocation Failure) [PSYoungGen: 71008K->1376K(71168K)] 376597K->306965K(825344K), 0.0015594 secs] [Times: user=0.01 sys=0.00, real=0.00 secs] 
1228.994: [GC (Allocation Failure) [PSYoungGen: 71008K->1376K(71168K)] 376597K->306981K(825344K), 0.0016664 secs] [Times: user=0.01 sys=0.01, real=0.01 secs] 
1229.729: [GC (Allocation Failure) [PSYoungGen: 71008K->352K(70656K)] 376613K->306981K(824832K), 0.0018757 secs] [Times: user=0.00 sys=0.00, real=0.00 secs] 
1231.147: [GC (Allocation Failure) [PSYoungGen: 69984K->1440K(71680K)] 376613K->308077K(825856K), 0.0032450 secs] [Times: user=0.01 sys=0.00, real=0.00 secs] 
1231.859: [GC (Allocation Failure) [PSYoungGen: 71072K->1408K(71680K)] 377709K->308045K(825856K), 0.0027378 secs] [Times: user=0.01 sys=0.00, real=0.00 secs] 
1232.454: [GC (Allocation Failure) [PSYoungGen: 71040K->1408K(71680K)] 377677K->308045K(825856K), 0.0024702 secs] [Times: user=0.01 sys=0.01, real=0.01 secs] 
1233.029: [GC (Allocation Failure) [PSYoungGen: 71040K->1408K(71680K)] 377677K->308045K(825856K), 0.0026775 secs] [Times: user=0.01 sys=0.00, real=0.00 secs] 
1233.912: [GC (Allocation Failure) [PSYoungGen: 71040K->1424K(71680K)] 377677K->308062K(825856K), 0.0018906 secs] [Times: user=0.01 sys=0.00, real=0.00 secs] 
1234.202: [GC (Allocation Failure) [PSYoungGen: 71056K->1408K(71680K)] 377694K->308045K(825856K), 0.0018244 secs] [Times: user=0.00 sys=0.00, real=0.00 secs] 
1234.512: [GC (Allocation Failure) [PSYoungGen: 71040K->1376K(71680K)] 377677K->308013K(825856K), 0.0017494 secs] [Times: user=0.00 sys=0.01, real=0.00 secs] 
1234.877: [GC (Allocation Failure) [PSYoungGen: 71008K->1408K(71680K)] 377645K->308045K(825856K), 0.0016648 secs] [Times: user=0.01 sys=0.00, real=0.00 secs] 
1235.725: [GC (Allocation Failure) [PSYoungGen: 71040K->1472K(71680K)] 377677K->308109K(825856K), 0.0016468 secs] [Times: user=0.00 sys=0.00, real=0.00 secs] 
1236.728: [GC (Allocation Failure) [PSYoungGen: 71104K->1440K(71680K)] 377741K->308077K(825856K), 0.0020588 secs] [Times: user=0.00 sys=0.00, real=0.00 secs] 
1237.342: [GC (Allocation Failure) [PSYoungGen: 71072K->1376K(71680K)] 377709K->308013K(825856K), 0.0020742 secs] [Times: user=0.00 sys=0.00, real=0.00 secs] 
1238.108: [GC (Allocation Failure) [PSYoungGen: 71008K->1376K(71680K)] 377645K->308013K(825856K), 0.0024290 secs] [Times: user=0.01 sys=0.00, real=0.00 secs] 
1239.271: [GC (Allocation Failure) [PSYoungGen: 71008K->1360K(71680K)] 377645K->308006K(825856K), 0.0013538 secs] [Times: user=0.00 sys=0.00, real=0.00 secs] 
1241.809: [GC (Allocation Failure) [PSYoungGen: 70992K->1376K(71680K)] 377638K->308029K(825856K), 0.0040343 secs] [Times: user=0.01 sys=0.00, real=0.00 secs] 
1242.315: [GC (Allocation Failure) [PSYoungGen: 71008K->1376K(71680K)] 377661K->308029K(825856K), 0.0018675 secs] [Times: user=0.01 sys=0.00, real=0.01 secs] 
1242.603: [GC (Allocation Failure) [PSYoungGen: 71008K->1408K(71680K)] 377661K->308069K(825856K), 0.0018755 secs] [Times: user=0.01 sys=0.00, real=0.00 secs] 
1242.907: [GC (Allocation Failure) [PSYoungGen: 71040K->1344K(71168K)] 377701K->308005K(825344K), 0.0018387 secs] [Times: user=0.00 sys=0.00, real=0.00 secs] 
1243.950: [GC (Allocation Failure) [PSYoungGen: 70976K->1408K(71168K)] 377637K->308069K(825344K), 0.0019736 secs] [Times: user=0.01 sys=0.00, real=0.00 secs] 
1244.585: [GC (Allocation Failure) [PSYoungGen: 71040K->1376K(71168K)] 377701K->308037K(825344K), 0.0019766 secs] [Times: user=0.00 sys=0.00, real=0.01 secs] 
1244.918: [GC (Allocation Failure) [PSYoungGen: 71008K->1376K(71168K)] 377669K->308037K(825344K), 0.0020544 secs] [Times: user=0.01 sys=0.00, real=0.00 secs] 
1245.259: [GC (Allocation Failure) [PSYoungGen: 71008K->1408K(71168K)] 377669K->308069K(825344K), 0.0019004 secs] [Times: user=0.00 sys=0.00, real=0.00 secs] 
1246.268: [GC (Allocation Failure) [PSYoungGen: 71040K->1392K(71168K)] 377701K->308054K(825344K), 0.0017316 secs] [Times: user=0.00 sys=0.00, real=0.00 secs] 
1246.826: [GC (Allocation Failure) [PSYoungGen: 71024K->1408K(71168K)] 377686K->308069K(825344K), 0.0025538 secs] [Times: user=0.01 sys=0.00, real=0.00 secs] 
1247.284: [GC (Allocation Failure) [PSYoungGen: 71040K->1408K(71168K)] 377701K->308069K(825344K), 0.0018324 secs] [Times: user=0.01 sys=0.00, real=0.01 secs] 
1247.878: [GC (Allocation Failure) [PSYoungGen: 71040K->1376K(71168K)] 377701K->308037K(825344K), 0.0029774 secs] [Times: user=0.01 sys=0.00, real=0.00 secs] 
1248.842: [GC (Allocation Failure) [PSYoungGen: 71008K->1424K(71168K)] 377669K->308086K(825344K), 0.0015600 secs] [Times: user=0.00 sys=0.00, real=0.00 secs] 
1250.760: [GC (Allocation Failure) [PSYoungGen: 71056K->1408K(71168K)] 377718K->308069K(825344K), 0.0031171 secs] [Times: user=0.01 sys=0.01, real=0.00 secs] 
1251.056: [GC (Allocation Failure) [PSYoungGen: 71040K->1376K(71168K)] 377701K->308045K(825344K), 0.0018811 secs] [Times: user=0.00 sys=0.00, real=0.00 secs] 
1251.346: [GC (Allocation Failure) [PSYoungGen: 71008K->1440K(71168K)] 377677K->308117K(825344K), 0.0020973 secs] [Times: user=0.01 sys=0.00, real=0.00 secs] 
1251.913: [GC (Allocation Failure) [PSYoungGen: 71072K->1408K(71168K)] 377749K->308085K(825344K), 0.0017366 secs] [Times: user=0.00 sys=0.00, real=0.00 secs] 
1253.655: [GC (Allocation Failure) [PSYoungGen: 71040K->1472K(71168K)] 377717K->308149K(825344K), 0.0027076 secs] [Times: user=0.01 sys=0.00, real=0.01 secs] 
1254.367: [GC (Allocation Failure) [PSYoungGen: 71104K->1376K(71168K)] 377781K->308053K(825344K), 0.0027581 secs] [Times: user=0.01 sys=0.00, real=0.00 secs] 
1255.089: [GC (Allocation Failure) [PSYoungGen: 71008K->1408K(71168K)] 377685K->308085K(825344K), 0.0024369 secs] [Times: user=0.01 sys=0.00, real=0.00 secs] 
1255.825: [GC (Allocation Failure) [PSYoungGen: 71040K->1408K(71168K)] 377717K->308085K(825344K), 0.0025063 secs] [Times: user=0.01 sys=0.00, real=0.00 secs] 
1257.762: [GC (Allocation Failure) [PSYoungGen: 71040K->1440K(71168K)] 377717K->308117K(825344K), 0.0040132 secs] [Times: user=0.02 sys=0.00, real=0.01 secs] 
1258.584: [GC (Allocation Failure) [PSYoungGen: 71072K->1376K(71168K)] 377749K->308061K(825344K), 0.0032204 secs] [Times: user=0.01 sys=0.00, real=0.01 secs] 
1259.119: [GC (Allocation Failure) [PSYoungGen: 71008K->1376K(71168K)] 377693K->308061K(825344K), 0.0019937 secs] [Times: user=0.01 sys=0.00, real=0.00 secs] 
1259.408: [GC (Allocation Failure) [PSYoungGen: 71008K->1408K(71168K)] 377693K->308093K(825344K), 0.0020861 secs] [Times: user=0.01 sys=0.00, real=0.00 secs] 
1260.470: [GC (Allocation Failure) [PSYoungGen: 71040K->1440K(71168K)] 377725K->308125K(825344K), 0.0019596 secs] [Times: user=0.01 sys=0.00, real=0.00 secs] 
1261.383: [GC (Allocation Failure) [PSYoungGen: 71072K->1408K(71168K)] 377757K->308093K(825344K), 0.0022180 secs] [Times: user=0.01 sys=0.00, real=0.01 secs] 
1262.199: [GC (Allocation Failure) [PSYoungGen: 71040K->1408K(71168K)] 377725K->308101K(825344K), 0.0038352 secs] [Times: user=0.02 sys=0.00, real=0.00 secs] 
1262.951: [GC (Allocation Failure) [PSYoungGen: 71040K->1408K(71168K)] 377733K->308101K(825344K), 0.0032500 secs] [Times: user=0.02 sys=0.00, real=0.00 secs] 
1263.680: [GC (Allocation Failure) [PSYoungGen: 71040K->1360K(71168K)] 377733K->308054K(825344K), 0.0015078 secs] [Times: user=0.00 sys=0.00, real=0.00 secs] 
1264.156: [GC (Allocation Failure) [PSYoungGen: 70992K->1440K(71168K)] 377686K->308133K(825344K), 0.0018123 secs] [Times: user=0.01 sys=0.00, real=0.00 secs] 
1264.446: [GC (Allocation Failure) [PSYoungGen: 71072K->1376K(71168K)] 377765K->308069K(825344K), 0.0017576 secs] [Times: user=0.01 sys=0.00, real=0.00 secs] 
1264.736: [GC (Allocation Failure) [PSYoungGen: 71008K->1376K(71168K)] 377701K->308069K(825344K), 0.0030249 secs] [Times: user=0.01 sys=0.00, real=0.00 secs] 
1265.030: [GC (Allocation Failure) [PSYoungGen: 71008K->1408K(71168K)] 377701K->308101K(825344K), 0.0022798 secs] [Times: user=0.01 sys=0.00, real=0.00 secs] 
1266.813: [GC (Allocation Failure) [PSYoungGen: 71040K->1440K(71168K)] 377733K->308133K(825344K), 0.0030440 secs] [Times: user=0.01 sys=0.00, real=0.01 secs] 
1267.616: [GC (Allocation Failure) [PSYoungGen: 71072K->1408K(71168K)] 377765K->308101K(825344K), 0.0033550 secs] [Times: user=0.01 sys=0.01, real=0.00 secs] 
1268.400: [GC (Allocation Failure) [PSYoungGen: 71040K->1408K(71168K)] 377733K->308101K(825344K), 0.0033403 secs] [Times: user=0.02 sys=0.00, real=0.00 secs] 
1269.257: [GC (Allocation Failure) [PSYoungGen: 71040K->1376K(71168K)] 377733K->308093K(825344K), 0.0031604 secs] [Times: user=0.01 sys=0.00, real=0.00 secs] 
1270.249: [GC (Allocation Failure) [PSYoungGen: 71008K->1408K(71168K)] 377725K->308125K(825344K), 0.0017746 secs] [Times: user=0.00 sys=0.00, real=0.00 secs] 
1270.539: [GC (Allocation Failure) [PSYoungGen: 71040K->1408K(71168K)] 377757K->308125K(825344K), 0.0018009 secs] [Times: user=0.01 sys=0.00, real=0.00 secs] 
1270.829: [GC (Allocation Failure) [PSYoungGen: 71040K->1376K(71168K)] 377757K->308093K(825344K), 0.0029931 secs] [Times: user=0.02 sys=0.00, real=0.00 secs] 
1271.120: [GC (Allocation Failure) [PSYoungGen: 71008K->1312K(71168K)] 377725K->308029K(825344K), 0.0020614 secs] [Times: user=0.01 sys=0.00, real=0.00 secs] 
1271.884: [GC (Allocation Failure) [PSYoungGen: 70944K->1472K(71168K)] 377661K->309214K(825344K), 0.0018534 secs] [Times: user=0.00 sys=0.00, real=0.01 secs] 
1272.181: [GC (Allocation Failure) [PSYoungGen: 71104K->1376K(71168K)] 378846K->309118K(825344K), 0.0017715 secs] [Times: user=0.01 sys=0.00, real=0.00 secs] 
1272.471: [GC (Allocation Failure) [PSYoungGen: 71008K->1376K(71168K)] 378750K->309118K(825344K), 0.0017306 secs] [Times: user=0.01 sys=0.00, real=0.00 secs] 
1272.760: [GC (Allocation Failure) [PSYoungGen: 71008K->1392K(71168K)] 378750K->309134K(825344K), 0.0022137 secs] [Times: user=0.01 sys=0.00, real=0.00 secs] 
1273.216: [GC (Allocation Failure) [PSYoungGen: 71024K->1373K(71168K)] 378766K->309115K(825344K), 0.0014037 secs] [Times: user=0.01 sys=0.00, real=0.00 secs] 
1273.815: [GC (Allocation Failure) [PSYoungGen: 71005K->1472K(71168K)] 378747K->309214K(825344K), 0.0026699 secs] [Times: user=0.01 sys=0.00, real=0.01 secs] 
1274.193: [GC (Allocation Failure) [PSYoungGen: 71104K->1376K(71168K)] 378846K->309118K(825344K), 0.0019539 secs] [Times: user=0.01 sys=0.00, real=0.00 secs] 
1274.483: [GC (Allocation Failure) [PSYoungGen: 71008K->1376K(71168K)] 378750K->309118K(825344K), 0.0020557 secs] [Times: user=0.01 sys=0.00, real=0.00 secs] 
1274.772: [GC (Allocation Failure) [PSYoungGen: 71008K->1408K(71168K)] 378750K->309150K(825344K), 0.0017565 secs] [Times: user=0.01 sys=0.00, real=0.00 secs] 
1275.797: [GC (Allocation Failure) [PSYoungGen: 71040K->1424K(71168K)] 378782K->309182K(825344K), 0.0031861 secs] [Times: user=0.01 sys=0.00, real=0.00 secs] 
1276.511: [GC (Allocation Failure) [PSYoungGen: 71056K->1408K(71168K)] 378814K->309166K(825344K), 0.0022573 secs] [Times: user=0.01 sys=0.00, real=0.00 secs] 
1277.057: [GC (Allocation Failure) [PSYoungGen: 71040K->1440K(71168K)] 378798K->309198K(825344K), 0.0019189 secs] [Times: user=0.01 sys=0.00, real=0.00 secs] 
1277.346: [GC (Allocation Failure) [PSYoungGen: 71072K->1408K(71168K)] 378830K->309166K(825344K), 0.0019940 secs] [Times: user=0.01 sys=0.00, real=0.00 secs] 
1278.149: [GC (Allocation Failure) [PSYoungGen: 71040K->1440K(71168K)] 378798K->309198K(825344K), 0.0016218 secs] [Times: user=0.01 sys=0.00, real=0.00 secs] 
1278.745: [GC (Allocation Failure) [PSYoungGen: 71072K->1376K(71168K)] 378830K->309134K(825344K), 0.0018747 secs] [Times: user=0.00 sys=0.00, real=0.01 secs] 
1279.306: [GC (Allocation Failure) [PSYoungGen: 71008K->1408K(71168K)] 378766K->309166K(825344K), 0.0038160 secs] [Times: user=0.01 sys=0.00, real=0.00 secs] 
1279.668: [GC (Allocation Failure) [PSYoungGen: 71040K->1376K(71168K)] 378798K->309134K(825344K), 0.0019177 secs] [Times: user=0.01 sys=0.00, real=0.00 secs] 
1280.399: [GC (Allocation Failure) [PSYoungGen: 70664K->192K(71168K)] 378422K->307950K(825344K), 0.0012909 secs] [Times: user=0.01 sys=0.00, real=0.00 secs] 
1281.519: [GC (Allocation Failure) [PSYoungGen: 69824K->1376K(71680K)] 377582K->309134K(825856K), 0.0020251 secs] [Times: user=0.01 sys=0.00, real=0.00 secs] 
1282.780: [GC (Allocation Failure) [PSYoungGen: 71008K->1376K(71680K)] 378766K->309134K(825856K), 0.0043168 secs] [Times: user=0.02 sys=0.00, real=0.00 secs] 
1283.663: [GC (Allocation Failure) [PSYoungGen: 71008K->1440K(71680K)] 378766K->309206K(825856K), 0.0039408 secs] [Times: user=0.02 sys=0.00, real=0.01 secs] 
1284.364: [GC (Allocation Failure) [PSYoungGen: 71072K->1408K(71680K)] 378838K->309174K(825856K), 0.0028583 secs] [Times: user=0.01 sys=0.00, real=0.01 secs] 
1285.461: [GC (Allocation Failure) [PSYoungGen: 71040K->1408K(71680K)] 378806K->309174K(825856K), 0.0017158 secs] [Times: user=0.01 sys=0.00, real=0.00 secs] 
1286.028: [GC (Allocation Failure) [PSYoungGen: 71040K->1408K(71680K)] 378806K->309174K(825856K), 0.0020270 secs] [Times: user=0.01 sys=0.00, real=0.00 secs] 
1286.619: [GC (Allocation Failure) [PSYoungGen: 71040K->1376K(71680K)] 378806K->309142K(825856K), 0.0019097 secs] [Times: user=0.01 sys=0.00, real=0.00 secs] 
1286.970: [GC (Allocation Failure) [PSYoungGen: 71008K->1408K(71680K)] 378774K->309174K(825856K), 0.0021027 secs] [Times: user=0.00 sys=0.00, real=0.00 secs] 
1287.926: [GC (Allocation Failure) [PSYoungGen: 71040K->1408K(71680K)] 378806K->309174K(825856K), 0.0019637 secs] [Times: user=0.01 sys=0.00, real=0.00 secs] 
1288.484: [GC (Allocation Failure) [PSYoungGen: 71040K->1344K(71680K)] 378806K->309110K(825856K), 0.0019793 secs] [Times: user=0.00 sys=0.00, real=0.01 secs] 
1288.983: [GC (Allocation Failure) [PSYoungGen: 70976K->1376K(71680K)] 378742K->309150K(825856K), 0.0018250 secs] [Times: user=0.01 sys=0.00, real=0.00 secs] 
1289.524: [GC (Allocation Failure) [PSYoungGen: 71008K->1408K(71680K)] 378782K->309182K(825856K), 0.0020515 secs] [Times: user=0.01 sys=0.00, real=0.01 secs] 
1290.331: [GC (Allocation Failure) [PSYoungGen: 71040K->1472K(71680K)] 378814K->309246K(825856K), 0.0018213 secs] [Times: user=0.01 sys=0.01, real=0.00 secs] 
1290.639: [GC (Allocation Failure) [PSYoungGen: 71104K->1376K(71680K)] 378878K->309150K(825856K), 0.0017367 secs] [Times: user=0.01 sys=0.00, real=0.00 secs] 
1290.928: [GC (Allocation Failure) [PSYoungGen: 71008K->1376K(71680K)] 378782K->309150K(825856K), 0.0020785 secs] [Times: user=0.00 sys=0.00, real=0.00 secs] 
1291.274: [GC (Allocation Failure) [PSYoungGen: 71008K->1408K(71680K)] 378782K->309182K(825856K), 0.0019254 secs] [Times: user=0.01 sys=0.00, real=0.01 secs] 
1291.823: [GC (Allocation Failure) [PSYoungGen: 71040K->1376K(71680K)] 378814K->309150K(825856K), 0.0013672 secs] [Times: user=0.00 sys=0.00, real=0.00 secs] 
1292.340: [GC (Allocation Failure) [PSYoungGen: 71008K->1440K(71680K)] 378782K->309214K(825856K), 0.0018681 secs] [Times: user=0.01 sys=0.00, real=0.00 secs] 
1292.647: [GC (Allocation Failure) [PSYoungGen: 71072K->1344K(71680K)] 378846K->309118K(825856K), 0.0018895 secs] [Times: user=0.00 sys=0.00, real=0.00 secs] 
1292.948: [GC (Allocation Failure) [PSYoungGen: 70976K->1408K(71168K)] 378750K->309182K(825344K), 0.0026072 secs] [Times: user=0.00 sys=0.01, real=0.00 secs] 
1293.261: [GC (Allocation Failure) [PSYoungGen: 71040K->1408K(71168K)] 378814K->309182K(825344K), 0.0024759 secs] [Times: user=0.01 sys=0.00, real=0.00 secs] 
1294.276: [GC (Allocation Failure) [PSYoungGen: 71040K->1408K(71168K)] 378814K->309182K(825344K), 0.0020668 secs] [Times: user=0.00 sys=0.00, real=0.00 secs] 
1294.881: [GC (Allocation Failure) [PSYoungGen: 71040K->1376K(71168K)] 378814K->309150K(825344K), 0.0021989 secs] [Times: user=0.01 sys=0.00, real=0.00 secs] 
1295.322: [GC (Allocation Failure) [PSYoungGen: 71008K->1440K(71168K)] 378782K->309214K(825344K), 0.0018610 secs] [Times: user=0.01 sys=0.00, real=0.00 secs] 
1295.626: [GC (Allocation Failure) [PSYoungGen: 71072K->1376K(71168K)] 378846K->309174K(825344K), 0.0017695 secs] [Times: user=0.00 sys=0.00, real=0.00 secs] 
1296.633: [GC (Allocation Failure) [PSYoungGen: 71008K->1408K(71168K)] 378806K->309206K(825344K), 0.0018357 secs] [Times: user=0.01 sys=0.00, real=0.00 secs] 
1297.440: [GC (Allocation Failure) [PSYoungGen: 71040K->1344K(71168K)] 378838K->309142K(825344K), 0.0042878 secs] [Times: user=0.01 sys=0.00, real=0.00 secs] 
1298.315: [GC (Allocation Failure) [PSYoungGen: 70976K->1408K(71168K)] 378774K->309206K(825344K), 0.0034015 secs] [Times: user=0.01 sys=0.00, real=0.00 secs] 
1299.001: [GC (Allocation Failure) [PSYoungGen: 71040K->1376K(71168K)] 378838K->309174K(825344K), 0.0032703 secs] [Times: user=0.02 sys=0.00, real=0.00 secs] 
1300.126: [GC (Allocation Failure) [PSYoungGen: 71008K->1440K(71168K)] 378806K->309750K(825344K), 0.0018581 secs] [Times: user=0.00 sys=0.00, real=0.00 secs] 
1300.630: [GC (Allocation Failure) [PSYoungGen: 71072K->1376K(71168K)] 379382K->309686K(825344K), 0.0020443 secs] [Times: user=0.01 sys=0.00, real=0.00 secs] 
1301.150: [GC (Allocation Failure) [PSYoungGen: 71008K->1408K(71168K)] 379318K->309718K(825344K), 0.0039120 secs] [Times: user=0.02 sys=0.00, real=0.00 secs] 
1301.805: [GC (Allocation Failure) [PSYoungGen: 71040K->1408K(71168K)] 379350K->309718K(825344K), 0.0031891 secs] [Times: user=0.01 sys=0.00, real=0.01 secs] 
1302.892: [GC (Allocation Failure) [PSYoungGen: 71040K->1341K(71168K)] 379350K->309651K(825344K), 0.0027187 secs] [Times: user=0.02 sys=0.00, real=0.00 secs] 
1303.626: [GC (Allocation Failure) [PSYoungGen: 70973K->1440K(71168K)] 379283K->309750K(825344K), 0.0027563 secs] [Times: user=0.01 sys=0.00, real=0.00 secs] 
1303.922: [GC (Allocation Failure) [PSYoungGen: 71072K->1440K(71168K)] 379382K->309750K(825344K), 0.0020307 secs] [Times: user=0.01 sys=0.00, real=0.00 secs] 
1304.444: [GC (Allocation Failure) [PSYoungGen: 71072K->1376K(71168K)] 379382K->309686K(825344K), 0.0020925 secs] [Times: user=0.00 sys=0.00, real=0.01 secs] 
1305.017: [GC (Allocation Failure) [PSYoungGen: 71008K->1408K(71168K)] 379318K->309718K(825344K), 0.0026651 secs] [Times: user=0.01 sys=0.00, real=0.00 secs] 
1306.353: [GC (Allocation Failure) [PSYoungGen: 71040K->1408K(71168K)] 379350K->309718K(825344K), 0.0022585 secs] [Times: user=0.00 sys=0.00, real=0.01 secs] 
1306.917: [GC (Allocation Failure) [PSYoungGen: 71040K->1376K(71168K)] 379350K->309686K(825344K), 0.0021118 secs] [Times: user=0.01 sys=0.00, real=0.00 secs] 
1307.541: [GC (Allocation Failure) [PSYoungGen: 71008K->1408K(71168K)] 379318K->309718K(825344K), 0.0020951 secs] [Times: user=0.01 sys=0.00, real=0.00 secs] 
1308.256: [GC (Allocation Failure) [PSYoungGen: 71040K->1440K(71168K)] 379350K->309750K(825344K), 0.0024496 secs] [Times: user=0.01 sys=0.00, real=0.00 secs] 
1309.314: [GC (Allocation Failure) [PSYoungGen: 71072K->1456K(71168K)] 379382K->309774K(825344K), 0.0017167 secs] [Times: user=0.00 sys=0.00, real=0.01 secs] 
1310.125: [GC (Allocation Failure) [PSYoungGen: 71088K->1408K(71168K)] 379406K->309726K(825344K), 0.0034631 secs] [Times: user=0.01 sys=0.00, real=0.00 secs] 
1310.712: [GC (Allocation Failure) [PSYoungGen: 71040K->1440K(71168K)] 379358K->309758K(825344K), 0.0032221 secs] [Times: user=0.01 sys=0.00, real=0.01 secs] 
1311.300: [GC (Allocation Failure) [PSYoungGen: 71072K->1408K(71168K)] 379390K->309726K(825344K), 0.0031920 secs] [Times: user=0.02 sys=0.00, real=0.00 secs] 
1312.226: [GC (Allocation Failure) [PSYoungGen: 71040K->1376K(71168K)] 379358K->309694K(825344K), 0.0015887 secs] [Times: user=0.00 sys=0.00, real=0.00 secs] 
1313.255: [GC (Allocation Failure) [PSYoungGen: 71008K->1440K(71168K)] 379326K->309758K(825344K), 0.0038796 secs] [Times: user=0.01 sys=0.00, real=0.01 secs] 
1313.961: [GC (Allocation Failure) [PSYoungGen: 71072K->1344K(71168K)] 379390K->309662K(825344K), 0.0031688 secs] [Times: user=0.01 sys=0.00, real=0.00 secs] 
1315.204: [GC (Allocation Failure) [PSYoungGen: 70976K->1376K(71168K)] 379294K->309694K(825344K), 0.0038456 secs] [Times: user=0.02 sys=0.00, real=0.01 secs] 
1316.057: [GC (Allocation Failure) [PSYoungGen: 71008K->1376K(71168K)] 379326K->309694K(825344K), 0.0040406 secs] [Times: user=0.02 sys=0.00, real=0.00 secs] 
1317.322: [GC (Allocation Failure) [PSYoungGen: 71008K->1440K(71168K)] 379326K->309758K(825344K), 0.0019858 secs] [Times: user=0.01 sys=0.00, real=0.00 secs] 
1317.612: [GC (Allocation Failure) [PSYoungGen: 71072K->1392K(71168K)] 379390K->309710K(825344K), 0.0020435 secs] [Times: user=0.01 sys=0.00, real=0.00 secs] 
1318.058: [GC (Allocation Failure) [PSYoungGen: 71024K->1408K(71168K)] 379342K->309726K(825344K), 0.0020581 secs] [Times: user=0.00 sys=0.00, real=0.00 secs] 
1318.604: [GC (Allocation Failure) [PSYoungGen: 71040K->1408K(71168K)] 379358K->309726K(825344K), 0.0020229 secs] [Times: user=0.00 sys=0.00, real=0.01 secs] 
1319.789: [GC (Allocation Failure) [PSYoungGen: 71040K->1440K(71168K)] 379358K->309758K(825344K), 0.0019404 secs] [Times: user=0.01 sys=0.00, real=0.00 secs] 
1320.440: [GC (Allocation Failure) [PSYoungGen: 71072K->1408K(71168K)] 379390K->309742K(825344K), 0.0020142 secs] [Times: user=0.01 sys=0.00, real=0.00 secs] 
1321.427: [GC (Allocation Failure) [PSYoungGen: 71040K->1440K(71168K)] 379374K->309774K(825344K), 0.0027265 secs] [Times: user=0.02 sys=0.00, real=0.00 secs] 
1322.413: [GC (Allocation Failure) [PSYoungGen: 71072K->1408K(71168K)] 379406K->309742K(825344K), 0.0028050 secs] [Times: user=0.01 sys=0.00, real=0.01 secs] 
1323.803: [GC (Allocation Failure) [PSYoungGen: 71040K->1440K(71168K)] 379374K->310286K(825344K), 0.0020589 secs] [Times: user=0.00 sys=0.00, real=0.00 secs] 
1324.646: [GC (Allocation Failure) [PSYoungGen: 71072K->1376K(71168K)] 379918K->310222K(825344K), 0.0019174 secs] [Times: user=0.01 sys=0.00, real=0.00 secs] 
1324.945: [GC (Allocation Failure) [PSYoungGen: 71008K->1376K(71168K)] 379854K->310222K(825344K), 0.0017252 secs] [Times: user=0.01 sys=0.00, real=0.01 secs] 
1325.243: [GC (Allocation Failure) [PSYoungGen: 71008K->1376K(71168K)] 379854K->310222K(825344K), 0.0018749 secs] [Times: user=0.01 sys=0.00, real=0.00 secs] 
1325.909: [GC (Allocation Failure) [PSYoungGen: 71008K->1373K(71168K)] 379854K->310219K(825344K), 0.0013360 secs] [Times: user=0.00 sys=0.00, real=0.00 secs] 
1326.877: [GC (Allocation Failure) [PSYoungGen: 71005K->1376K(71168K)] 379851K->310222K(825344K), 0.0017747 secs] [Times: user=0.01 sys=0.00, real=0.00 secs] 
1327.496: [GC (Allocation Failure) [PSYoungGen: 71008K->1392K(71168K)] 379854K->310238K(825344K), 0.0023027 secs] [Times: user=0.00 sys=0.00, real=0.00 secs] 
1328.176: [GC (Allocation Failure) [PSYoungGen: 71024K->1392K(71168K)] 379870K->310238K(825344K), 0.0023808 secs] [Times: user=0.01 sys=0.00, real=0.00 secs] 
1328.636: [GC (Allocation Failure) [PSYoungGen: 71024K->1408K(71168K)] 379870K->310254K(825344K), 0.0020847 secs] [Times: user=0.01 sys=0.00, real=0.00 secs] 
1329.640: [GC (Allocation Failure) [PSYoungGen: 71040K->1408K(71168K)] 379886K->310254K(825344K), 0.0019022 secs] [Times: user=0.01 sys=0.00, real=0.00 secs] 
1330.255: [GC (Allocation Failure) [PSYoungGen: 71040K->1408K(71168K)] 379886K->310270K(825344K), 0.0025417 secs] [Times: user=0.01 sys=0.00, real=0.01 secs] 
1330.617: [GC (Allocation Failure) [PSYoungGen: 71040K->1376K(71168K)] 379902K->310238K(825344K), 0.0019619 secs] [Times: user=0.01 sys=0.00, real=0.00 secs] 
1330.907: [GC (Allocation Failure) [PSYoungGen: 71008K->1408K(71168K)] 379870K->310270K(825344K), 0.0019036 secs] [Times: user=0.01 sys=0.00, real=0.00 secs] 
1332.284: [GC (Allocation Failure) [PSYoungGen: 71040K->1456K(71168K)] 379902K->310318K(825344K), 0.0039737 secs] [Times: user=0.01 sys=0.00, real=0.01 secs] 
1333.246: [GC (Allocation Failure) [PSYoungGen: 71088K->1408K(71168K)] 379950K->310278K(825344K), 0.0040252 secs] [Times: user=0.02 sys=0.00, real=0.00 secs] 
1334.200: [GC (Allocation Failure) [PSYoungGen: 71040K->1408K(71168K)] 379910K->310286K(825344K), 0.0033278 secs] [Times: user=0.01 sys=0.00, real=0.00 secs] 
1334.633: [GC (Allocation Failure) [PSYoungGen: 71040K->1376K(71168K)] 379918K->310254K(825344K), 0.0020335 secs] [Times: user=0.00 sys=0.00, real=0.00 secs] 
1335.382: [GC (Allocation Failure) [PSYoungGen: 70667K->160K(70656K)] 379545K->309038K(824832K), 0.0013421 secs] [Times: user=0.00 sys=0.00, real=0.00 secs] 
1337.301: [GC (Allocation Failure) [PSYoungGen: 69280K->1376K(71168K)] 378158K->310254K(825344K), 0.0034596 secs] [Times: user=0.01 sys=0.00, real=0.00 secs] 
1338.069: [GC (Allocation Failure) [PSYoungGen: 70496K->1376K(71168K)] 379374K->310254K(825344K), 0.0032800 secs] [Times: user=0.01 sys=0.00, real=0.00 secs] 
1338.711: [GC (Allocation Failure) [PSYoungGen: 70496K->1408K(71168K)] 379374K->310286K(825344K), 0.0030977 secs] [Times: user=0.01 sys=0.00, real=0.00 secs] 
1339.250: [GC (Allocation Failure) [PSYoungGen: 70528K->1376K(71168K)] 379406K->310254K(825344K), 0.0023223 secs] [Times: user=0.01 sys=0.00, real=0.00 secs] 
1340.334: [GC (Allocation Failure) [PSYoungGen: 70496K->1440K(71168K)] 379374K->310326K(825344K), 0.0030791 secs] [Times: user=0.01 sys=0.00, real=0.01 secs] 
1340.622: [GC (Allocation Failure) [PSYoungGen: 70560K->1376K(71168K)] 379446K->310262K(825344K), 0.0021177 secs] [Times: user=0.01 sys=0.00, real=0.00 secs] 
1340.909: [GC (Allocation Failure) [PSYoungGen: 70496K->1344K(71168K)] 379382K->310230K(825344K), 0.0029230 secs] [Times: user=0.01 sys=0.00, real=0.00 secs] 
1341.198: [GC (Allocation Failure) [PSYoungGen: 70464K->1376K(71168K)] 379350K->310270K(825344K), 0.0020880 secs] [Times: user=0.01 sys=0.00, real=0.00 secs] 
1342.129: [GC (Allocation Failure) [PSYoungGen: 70496K->1472K(71168K)] 379390K->310366K(825344K), 0.0018156 secs] [Times: user=0.01 sys=0.00, real=0.00 secs] 
1342.781: [GC (Allocation Failure) [PSYoungGen: 70592K->1376K(71168K)] 379486K->310270K(825344K), 0.0029841 secs] [Times: user=0.02 sys=0.00, real=0.00 secs] 
1343.360: [GC (Allocation Failure) [PSYoungGen: 70496K->1440K(71168K)] 379390K->310334K(825344K), 0.0027017 secs] [Times: user=0.01 sys=0.00, real=0.00 secs] 
1343.947: [GC (Allocation Failure) [PSYoungGen: 70560K->1376K(71168K)] 379454K->310270K(825344K), 0.0022176 secs] [Times: user=0.00 sys=0.00, real=0.00 secs] 
1345.410: [GC (Allocation Failure) [PSYoungGen: 70496K->1904K(71168K)] 379390K->310798K(825344K), 0.0026366 secs] [Times: user=0.01 sys=0.00, real=0.00 secs] 
1347.193: [GC (Allocation Failure) [PSYoungGen: 71024K->1408K(71168K)] 379918K->310302K(825344K), 0.0045637 secs] [Times: user=0.02 sys=0.00, real=0.01 secs] 
1347.998: [GC (Allocation Failure) [PSYoungGen: 70528K->1376K(71168K)] 379422K->310270K(825344K), 0.0032029 secs] [Times: user=0.02 sys=0.00, real=0.00 secs] 
1348.411: [GC (Allocation Failure) [PSYoungGen: 70496K->1376K(71168K)] 379390K->310270K(825344K), 0.0020322 secs] [Times: user=0.00 sys=0.00, real=0.00 secs] 
1349.086: [GC (Allocation Failure) [PSYoungGen: 70496K->1376K(71168K)] 379390K->310270K(825344K), 0.0020846 secs] [Times: user=0.01 sys=0.00, real=0.00 secs] 
1350.151: [GC (Allocation Failure) [PSYoungGen: 70496K->1440K(71168K)] 379390K->310342K(825344K), 0.0024520 secs] [Times: user=0.01 sys=0.00, real=0.00 secs] 
1350.437: [GC (Allocation Failure) [PSYoungGen: 70560K->1408K(71168K)] 379462K->310310K(825344K), 0.0018933 secs] [Times: user=0.01 sys=0.00, real=0.00 secs] 
1350.888: [GC (Allocation Failure) [PSYoungGen: 70528K->1376K(71168K)] 379430K->310278K(825344K), 0.0018966 secs] [Times: user=0.00 sys=0.00, real=0.00 secs] 
1351.599: [GC (Allocation Failure) [PSYoungGen: 70496K->1376K(71168K)] 379398K->310278K(825344K), 0.0019401 secs] [Times: user=0.01 sys=0.00, real=0.00 secs] 
1354.016: [GC (Allocation Failure) [PSYoungGen: 70496K->1440K(71168K)] 379398K->310342K(825344K), 0.0044049 secs] [Times: user=0.01 sys=0.00, real=0.00 secs] 
1354.734: [GC (Allocation Failure) [PSYoungGen: 70560K->1344K(71168K)] 379462K->310246K(825344K), 0.0031143 secs] [Times: user=0.01 sys=0.00, real=0.01 secs] 
1355.350: [GC (Allocation Failure) [PSYoungGen: 70464K->1376K(71168K)] 379366K->310278K(825344K), 0.0024845 secs] [Times: user=0.01 sys=0.00, real=0.00 secs] 
1355.636: [GC (Allocation Failure) [PSYoungGen: 70496K->1440K(71168K)] 379398K->310342K(825344K), 0.0019981 secs] [Times: user=0.01 sys=0.00, real=0.00 secs] 
1356.411: [GC (Allocation Failure) [PSYoungGen: 70560K->1408K(71168K)] 379462K->310310K(825344K), 0.0016826 secs] [Times: user=0.00 sys=0.00, real=0.00 secs] 
1356.949: [GC (Allocation Failure) [PSYoungGen: 70528K->1376K(71168K)] 379430K->310278K(825344K), 0.0018597 secs] [Times: user=0.01 sys=0.00, real=0.00 secs] 
1357.527: [GC (Allocation Failure) [PSYoungGen: 70496K->1408K(70656K)] 379398K->310310K(824832K), 0.0018801 secs] [Times: user=0.01 sys=0.00, real=0.00 secs] 
1358.107: [GC (Allocation Failure) [PSYoungGen: 70528K->1376K(70656K)] 379430K->310278K(824832K), 0.0018976 secs] [Times: user=0.01 sys=0.00, real=0.00 secs] 
1358.777: [GC (Allocation Failure) [PSYoungGen: 70496K->381K(70144K)] 379398K->310307K(824320K), 0.0015960 secs] [Times: user=0.01 sys=0.00, real=0.00 secs] 
1359.924: [GC (Allocation Failure) [PSYoungGen: 69501K->1440K(71168K)] 379427K->311374K(825344K), 0.0027462 secs] [Times: user=0.01 sys=0.00, real=0.01 secs] 
1360.871: [GC (Allocation Failure) [PSYoungGen: 70560K->1408K(71168K)] 380494K->311342K(825344K), 0.0027349 secs] [Times: user=0.01 sys=0.00, real=0.00 secs] 
1361.617: [GC (Allocation Failure) [PSYoungGen: 70528K->1440K(71168K)] 380462K->311374K(825344K), 0.0030266 secs] [Times: user=0.01 sys=0.01, real=0.00 secs] 
1362.628: [GC (Allocation Failure) [PSYoungGen: 70560K->1408K(71168K)] 380494K->311342K(825344K), 0.0041726 secs] [Times: user=0.01 sys=0.00, real=0.00 secs] 
1364.111: [GC (Allocation Failure) [PSYoungGen: 70528K->1408K(71168K)] 380462K->311342K(825344K), 0.0017953 secs] [Times: user=0.01 sys=0.00, real=0.00 secs] 
1365.333: [GC (Allocation Failure) [PSYoungGen: 70528K->1408K(71168K)] 380462K->311342K(825344K), 0.0042499 secs] [Times: user=0.02 sys=0.00, real=0.01 secs] 
1366.138: [GC (Allocation Failure) [PSYoungGen: 70528K->1440K(71168K)] 380462K->311374K(825344K), 0.0026653 secs] [Times: user=0.01 sys=0.00, real=0.00 secs] 
1366.665: [GC (Allocation Failure) [PSYoungGen: 70560K->1408K(71168K)] 380494K->311342K(825344K), 0.0022461 secs] [Times: user=0.01 sys=0.00, real=0.00 secs] 
1367.526: [GC (Allocation Failure) [PSYoungGen: 70528K->1440K(71168K)] 380462K->311374K(825344K), 0.0017011 secs] [Times: user=0.00 sys=0.00, real=0.00 secs] 
1368.253: [GC (Allocation Failure) [PSYoungGen: 70560K->1376K(71168K)] 380494K->311310K(825344K), 0.0022140 secs] [Times: user=0.01 sys=0.00, real=0.01 secs] 
1368.874: [GC (Allocation Failure) [PSYoungGen: 70496K->1376K(71168K)] 380430K->311318K(825344K), 0.0032120 secs] [Times: user=0.02 sys=0.00, real=0.01 secs] 
1369.913: [GC (Allocation Failure) [PSYoungGen: 70496K->1376K(71168K)] 380438K->311318K(825344K), 0.0035072 secs] [Times: user=0.01 sys=0.00, real=0.01 secs] 
1370.941: [GC (Allocation Failure) [PSYoungGen: 70496K->1344K(71168K)] 380438K->311286K(825344K), 0.0013944 secs] [Times: user=0.01 sys=0.00, real=0.00 secs] 
1371.582: [GC (Allocation Failure) [PSYoungGen: 70464K->1440K(71168K)] 380406K->311382K(825344K), 0.0024646 secs] [Times: user=0.01 sys=0.00, real=0.00 secs] 
1371.859: [GC (Allocation Failure) [PSYoungGen: 70560K->1440K(71168K)] 380502K->311398K(825344K), 0.0018317 secs] [Times: user=0.01 sys=0.00, real=0.00 secs] 
1372.492: [GC (Allocation Failure) [PSYoungGen: 70560K->1408K(71168K)] 380518K->311374K(825344K), 0.0023300 secs] [Times: user=0.01 sys=0.00, real=0.00 secs] 
1373.234: [GC (Allocation Failure) [PSYoungGen: 70528K->1376K(71168K)] 380494K->311342K(825344K), 0.0039818 secs] [Times: user=0.02 sys=0.00, real=0.01 secs] 
1374.736: [GC (Allocation Failure) [PSYoungGen: 70496K->1424K(71168K)] 380462K->311390K(825344K), 0.0044412 secs] [Times: user=0.02 sys=0.00, real=0.00 secs] 
1375.964: [GC (Allocation Failure) [PSYoungGen: 70544K->1376K(70656K)] 380510K->311342K(824832K), 0.0033667 secs] [Times: user=0.01 sys=0.00, real=0.01 secs] 
1376.588: [GC (Allocation Failure) [PSYoungGen: 70496K->1408K(70656K)] 380462K->311374K(824832K), 0.0028108 secs] [Times: user=0.01 sys=0.00, real=0.00 secs] 
1376.982: [GC (Allocation Failure) [PSYoungGen: 70528K->1408K(70656K)] 380494K->311374K(824832K), 0.0020022 secs] [Times: user=0.01 sys=0.00, real=0.00 secs] 
1378.240: [GC (Allocation Failure) [PSYoungGen: 70528K->1408K(70656K)] 380494K->311374K(824832K), 0.0025779 secs] [Times: user=0.01 sys=0.00, real=0.00 secs] 
1378.910: [GC (Allocation Failure) [PSYoungGen: 70528K->1376K(70656K)] 380494K->311342K(824832K), 0.0026808 secs] [Times: user=0.01 sys=0.00, real=0.00 secs] 
1379.483: [GC (Allocation Failure) [PSYoungGen: 70496K->1440K(70656K)] 380462K->311406K(824832K), 0.0018566 secs] [Times: user=0.01 sys=0.00, real=0.00 secs] 
1380.059: [GC (Allocation Failure) [PSYoungGen: 70560K->1408K(70656K)] 380526K->311390K(824832K), 0.0019672 secs] [Times: user=0.01 sys=0.00, real=0.00 secs] 
1381.267: [GC (Allocation Failure) [PSYoungGen: 70528K->1341K(70656K)] 380510K->311323K(824832K), 0.0013732 secs] [Times: user=0.00 sys=0.00, real=0.00 secs] 
1382.334: [GC (Allocation Failure) [PSYoungGen: 70461K->1408K(70656K)] 380443K->311390K(824832K), 0.0019132 secs] [Times: user=0.00 sys=0.00, real=0.01 secs] 
1382.949: [GC (Allocation Failure) [PSYoungGen: 70528K->1376K(70656K)] 380510K->311358K(824832K), 0.0020493 secs] [Times: user=0.01 sys=0.00, real=0.00 secs] 
1383.558: [GC (Allocation Failure) [PSYoungGen: 70496K->1408K(70656K)] 380478K->311390K(824832K), 0.0019002 secs] [Times: user=0.01 sys=0.00, real=0.00 secs] 
1384.107: [GC (Allocation Failure) [PSYoungGen: 70528K->1376K(70656K)] 380510K->311358K(824832K), 0.0019540 secs] [Times: user=0.01 sys=0.00, real=0.00 secs] 
1385.784: [GC (Allocation Failure) [PSYoungGen: 70496K->1408K(70656K)] 380478K->311390K(824832K), 0.0042370 secs] [Times: user=0.02 sys=0.00, real=0.01 secs] 
1386.638: [GC (Allocation Failure) [PSYoungGen: 70528K->1408K(70656K)] 380510K->311390K(824832K), 0.0032179 secs] [Times: user=0.01 sys=0.00, real=0.00 secs] 
1387.533: [GC (Allocation Failure) [PSYoungGen: 70528K->1376K(70656K)] 380510K->311358K(824832K), 0.0062411 secs] [Times: user=0.01 sys=0.00, real=0.01 secs] 
1388.310: [GC (Allocation Failure) [PSYoungGen: 70496K->1376K(70656K)] 380478K->311358K(824832K), 0.0043193 secs] [Times: user=0.02 sys=0.00, real=0.00 secs] 
1389.724: [GC (Allocation Failure) [PSYoungGen: 70496K->1408K(70656K)] 380478K->311390K(824832K), 0.0021394 secs] [Times: user=0.01 sys=0.00, real=0.01 secs] 
1390.222: [GC (Allocation Failure) [PSYoungGen: 70528K->1344K(70656K)] 380510K->311326K(824832K), 0.0018515 secs] [Times: user=0.01 sys=0.00, real=0.00 secs] 
1390.814: [GC (Allocation Failure) [PSYoungGen: 70464K->1408K(70656K)] 380446K->311406K(824832K), 0.0022053 secs] [Times: user=0.01 sys=0.00, real=0.01 secs] 
1391.414: [GC (Allocation Failure) [PSYoungGen: 70528K->1408K(70656K)] 380526K->311406K(824832K), 0.0020918 secs] [Times: user=0.01 sys=0.00, real=0.01 secs] 
1392.562: [GC (Allocation Failure) [PSYoungGen: 70528K->1520K(70656K)] 380526K->311662K(824832K), 0.0020852 secs] [Times: user=0.01 sys=0.00, real=0.00 secs] 
1393.232: [GC (Allocation Failure) [PSYoungGen: 70640K->1376K(71168K)] 380782K->311518K(825344K), 0.0029762 secs] [Times: user=0.02 sys=0.00, real=0.00 secs] 
1393.760: [GC (Allocation Failure) [PSYoungGen: 70496K->1376K(71168K)] 380638K->311518K(825344K), 0.0032047 secs] [Times: user=0.02 sys=0.00, real=0.00 secs] 
1394.336: [GC (Allocation Failure) [PSYoungGen: 70496K->1376K(71168K)] 380638K->311518K(825344K), 0.0026115 secs] [Times: user=0.01 sys=0.00, real=0.00 secs] 
1394.911: [GC (Allocation Failure) [PSYoungGen: 70496K->1376K(70656K)] 380638K->311518K(824832K), 0.0022360 secs] [Times: user=0.01 sys=0.00, real=0.00 secs] 
1395.805: [GC (Allocation Failure) [PSYoungGen: 70496K->1504K(70144K)] 380638K->311646K(824320K), 0.0017444 secs] [Times: user=0.01 sys=0.00, real=0.00 secs] 
1396.090: [GC (Allocation Failure) [PSYoungGen: 70112K->1472K(70656K)] 380254K->311614K(824832K), 0.0019383 secs] [Times: user=0.01 sys=0.00, real=0.00 secs] 
1396.435: [GC (Allocation Failure) [PSYoungGen: 70080K->1472K(70656K)] 380222K->311614K(824832K), 0.0017360 secs] [Times: user=0.01 sys=0.00, real=0.00 secs] 
1396.720: [GC (Allocation Failure) [PSYoungGen: 70080K->1472K(70656K)] 380222K->311614K(824832K), 0.0017308 secs] [Times: user=0.00 sys=0.00, real=0.00 secs] 
1397.537: [GC (Allocation Failure) [PSYoungGen: 70080K->1472K(70656K)] 380222K->311614K(824832K), 0.0018373 secs] [Times: user=0.01 sys=0.00, real=0.00 secs] 
1397.822: [GC (Allocation Failure) [PSYoungGen: 70080K->1440K(70656K)] 380222K->311598K(824832K), 0.0019023 secs] [Times: user=0.01 sys=0.01, real=0.00 secs] 
1398.107: [GC (Allocation Failure) [PSYoungGen: 70048K->1472K(70656K)] 380206K->311630K(824832K), 0.0018731 secs] [Times: user=0.01 sys=0.00, real=0.00 secs] 
1398.488: [GC (Allocation Failure) [PSYoungGen: 70080K->1424K(70656K)] 380238K->311582K(824832K), 0.0016669 secs] [Times: user=0.01 sys=0.00, real=0.00 secs] 
1399.262: [GC (Allocation Failure) [PSYoungGen: 70032K->1728K(70656K)] 380190K->311886K(824832K), 0.0016697 secs] [Times: user=0.01 sys=0.00, real=0.00 secs] 
1399.824: [GC (Allocation Failure) [PSYoungGen: 70336K->1456K(70656K)] 380494K->311614K(824832K), 0.0018343 secs] [Times: user=0.01 sys=0.00, real=0.01 secs] 
1400.376: [GC (Allocation Failure) [PSYoungGen: 70064K->1376K(70656K)] 380222K->311614K(824832K), 0.0020055 secs] [Times: user=0.01 sys=0.00, real=0.00 secs] 
1401.024: [GC (Allocation Failure) [PSYoungGen: 69984K->1376K(70656K)] 380222K->311614K(824832K), 0.0020525 secs] [Times: user=0.01 sys=0.00, real=0.01 secs] 
1401.512: [GC (Allocation Failure) [PSYoungGen: 69984K->1376K(70656K)] 380222K->311614K(824832K), 0.0019790 secs] [Times: user=0.01 sys=0.00, real=0.00 secs] 
1402.420: [GC (Allocation Failure) [PSYoungGen: 69984K->1440K(70656K)] 380222K->311678K(824832K), 0.0019750 secs] [Times: user=0.01 sys=0.00, real=0.00 secs] 
1402.737: [GC (Allocation Failure) [PSYoungGen: 70048K->1376K(70656K)] 380286K->311614K(824832K), 0.0018950 secs] [Times: user=0.01 sys=0.00, real=0.00 secs] 
1403.291: [GC (Allocation Failure) [PSYoungGen: 69984K->1408K(70656K)] 380222K->311646K(824832K), 0.0018424 secs] [Times: user=0.01 sys=0.00, real=0.00 secs] 
1403.888: [GC (Allocation Failure) [PSYoungGen: 70016K->1376K(70656K)] 380254K->311614K(824832K), 0.0021099 secs] [Times: user=0.01 sys=0.01, real=0.00 secs] 
1405.150: [GC (Allocation Failure) [PSYoungGen: 69984K->1472K(70656K)] 380222K->311710K(824832K), 0.0016136 secs] [Times: user=0.01 sys=0.00, real=0.00 secs] 
1405.838: [GC (Allocation Failure) [PSYoungGen: 70080K->1376K(70656K)] 380318K->311614K(824832K), 0.0024696 secs] [Times: user=0.01 sys=0.00, real=0.00 secs] 
1406.435: [GC (Allocation Failure) [PSYoungGen: 69984K->1376K(70656K)] 380222K->311622K(824832K), 0.0020903 secs] [Times: user=0.01 sys=0.00, real=0.01 secs] 
1407.045: [GC (Allocation Failure) [PSYoungGen: 69984K->1408K(70656K)] 380230K->311654K(824832K), 0.0022110 secs] [Times: user=0.01 sys=0.00, real=0.01 secs] 
1408.044: [GC (Allocation Failure) [PSYoungGen: 70016K->1568K(70656K)] 380262K->311814K(824832K), 0.0016540 secs] [Times: user=0.00 sys=0.00, real=0.01 secs] 
1408.471: [GC (Allocation Failure) [PSYoungGen: 70176K->1408K(70656K)] 380422K->311670K(824832K), 0.0019933 secs] [Times: user=0.01 sys=0.00, real=0.00 secs] 
1408.759: [GC (Allocation Failure) [PSYoungGen: 70016K->1408K(70656K)] 380278K->311670K(824832K), 0.0018490 secs] [Times: user=0.01 sys=0.00, real=0.00 secs] 
1409.141: [GC (Allocation Failure) [PSYoungGen: 70016K->1408K(70656K)] 380278K->311670K(824832K), 0.0032081 secs] [Times: user=0.01 sys=0.00, real=0.00 secs] 
1409.653: [GC (Allocation Failure) [PSYoungGen: 70016K->1376K(70656K)] 380278K->311638K(824832K), 0.0027522 secs] [Times: user=0.01 sys=0.01, real=0.01 secs] 
1410.820: [GC (Allocation Failure) [PSYoungGen: 69984K->1376K(70656K)] 380246K->311646K(824832K), 0.0017996 secs] [Times: user=0.01 sys=0.00, real=0.00 secs] 
1411.705: [GC (Allocation Failure) [PSYoungGen: 69984K->1408K(70656K)] 380254K->311678K(824832K), 0.0040475 secs] [Times: user=0.02 sys=0.00, real=0.01 secs] 
1412.402: [GC (Allocation Failure) [PSYoungGen: 70016K->1408K(70144K)] 380286K->311678K(824320K), 0.0031358 secs] [Times: user=0.01 sys=0.00, real=0.01 secs] 
1412.830: [GC (Allocation Failure) [PSYoungGen: 70016K->1376K(70144K)] 380286K->311646K(824320K), 0.0022905 secs] [Times: user=0.00 sys=0.00, real=0.00 secs] 
1414.087: [GC (Allocation Failure) [PSYoungGen: 69984K->384K(69632K)] 380254K->311678K(823808K), 0.0040208 secs] [Times: user=0.01 sys=0.00, real=0.00 secs] 
1414.864: [GC (Allocation Failure) [PSYoungGen: 68992K->352K(70656K)] 380286K->311646K(824832K), 0.0073908 secs] [Times: user=0.02 sys=0.00, real=0.01 secs] 
1415.641: [GC (Allocation Failure) [PSYoungGen: 68960K->352K(70656K)] 380254K->311646K(824832K), 0.0021371 secs] [Times: user=0.01 sys=0.00, real=0.00 secs] 
1416.221: [GC (Allocation Failure) [PSYoungGen: 68960K->352K(70656K)] 380254K->311646K(824832K), 0.0022187 secs] [Times: user=0.01 sys=0.00, real=0.00 secs] 
1417.320: [GC (Allocation Failure) [PSYoungGen: 68960K->1456K(70656K)] 380254K->312750K(824832K), 0.0032734 secs] [Times: user=0.01 sys=0.00, real=0.00 secs] 
1417.611: [GC (Allocation Failure) [PSYoungGen: 70064K->1376K(70656K)] 381358K->312670K(824832K), 0.0018426 secs] [Times: user=0.00 sys=0.00, real=0.00 secs] 
1417.896: [GC (Allocation Failure) [PSYoungGen: 69984K->1392K(70656K)] 381278K->312686K(824832K), 0.0017458 secs] [Times: user=0.01 sys=0.00, real=0.00 secs] 
1418.182: [GC (Allocation Failure) [PSYoungGen: 70000K->1408K(70656K)] 381294K->312726K(824832K), 0.0018017 secs] [Times: user=0.01 sys=0.00, real=0.00 secs] 
1418.467: [GC (Allocation Failure) [PSYoungGen: 70016K->1408K(70656K)] 381334K->312726K(824832K), 0.0017554 secs] [Times: user=0.00 sys=0.01, real=0.00 secs] 
1419.456: [GC (Allocation Failure) [PSYoungGen: 70016K->1440K(70656K)] 381334K->312758K(824832K), 0.0020178 secs] [Times: user=0.01 sys=0.00, real=0.00 secs] 
1420.023: [GC (Allocation Failure) [PSYoungGen: 70048K->1424K(70144K)] 381366K->312742K(824320K), 0.0026963 secs] [Times: user=0.01 sys=0.00, real=0.00 secs] 
1420.604: [GC (Allocation Failure) [PSYoungGen: 70032K->1440K(70656K)] 381350K->312774K(824832K), 0.0022769 secs] [Times: user=0.01 sys=0.00, real=0.01 secs] 
1421.157: [GC (Allocation Failure) [PSYoungGen: 70048K->1376K(70656K)] 381382K->312710K(824832K), 0.0026673 secs] [Times: user=0.01 sys=0.00, real=0.00 secs] 
1422.053: [GC (Allocation Failure) [PSYoungGen: 69984K->1440K(70656K)] 381318K->312774K(824832K), 0.0018289 secs] [Times: user=0.00 sys=0.00, real=0.00 secs] 
1422.382: [GC (Allocation Failure) [PSYoungGen: 70048K->1408K(70656K)] 381382K->312742K(824832K), 0.0017855 secs] [Times: user=0.01 sys=0.00, real=0.00 secs] 
1422.783: [GC (Allocation Failure) [PSYoungGen: 70016K->1408K(70656K)] 381350K->312742K(824832K), 0.0017214 secs] [Times: user=0.00 sys=0.00, real=0.00 secs] 
1423.075: [GC (Allocation Failure) [PSYoungGen: 70016K->1376K(70656K)] 381350K->312710K(824832K), 0.0021137 secs] [Times: user=0.01 sys=0.00, real=0.01 secs] 
1423.860: [GC (Allocation Failure) [PSYoungGen: 69984K->1472K(70656K)] 381318K->312806K(824832K), 0.0016565 secs] [Times: user=0.00 sys=0.00, real=0.00 secs] 
1424.454: [GC (Allocation Failure) [PSYoungGen: 70080K->1344K(70656K)] 381414K->312678K(824832K), 0.0020087 secs] [Times: user=0.00 sys=0.00, real=0.01 secs] 
1425.082: [GC (Allocation Failure) [PSYoungGen: 69952K->1408K(70656K)] 381286K->312758K(824832K), 0.0029915 secs] [Times: user=0.01 sys=0.00, real=0.00 secs] 
1425.672: [GC (Allocation Failure) [PSYoungGen: 70016K->1408K(70656K)] 381366K->312758K(824832K), 0.0027199 secs] [Times: user=0.02 sys=0.00, real=0.00 secs] 
1426.292: [GC (Allocation Failure) [PSYoungGen: 70016K->1376K(70656K)] 381366K->312726K(824832K), 0.0032572 secs] [Times: user=0.02 sys=0.00, real=0.00 secs] 
1427.487: [GC (Allocation Failure) [PSYoungGen: 69984K->1408K(70656K)] 381334K->312774K(824832K), 0.0017915 secs] [Times: user=0.01 sys=0.00, real=0.00 secs] 
1427.983: [GC (Allocation Failure) [PSYoungGen: 70016K->1376K(70656K)] 381382K->312742K(824832K), 0.0017321 secs] [Times: user=0.01 sys=0.00, real=0.00 secs] 
1428.370: [GC (Allocation Failure) [PSYoungGen: 69984K->1440K(70656K)] 381350K->312806K(824832K), 0.0022369 secs] [Times: user=0.01 sys=0.00, real=0.00 secs] 
1428.940: [GC (Allocation Failure) [PSYoungGen: 70048K->1408K(70656K)] 381414K->312774K(824832K), 0.0022012 secs] [Times: user=0.01 sys=0.00, real=0.00 secs] 
1429.990: [GC (Allocation Failure) [PSYoungGen: 70016K->1440K(70656K)] 381382K->312814K(824832K), 0.0019022 secs] [Times: user=0.00 sys=0.00, real=0.00 secs] 
1430.451: [GC (Allocation Failure) [PSYoungGen: 70048K->1376K(70656K)] 381422K->312750K(824832K), 0.0019647 secs] [Times: user=0.01 sys=0.00, real=0.00 secs] 
1430.737: [GC (Allocation Failure) [PSYoungGen: 69984K->1376K(70656K)] 381358K->312750K(824832K), 0.0017921 secs] [Times: user=0.01 sys=0.00, real=0.00 secs] 
1431.023: [GC (Allocation Failure) [PSYoungGen: 69984K->1376K(70656K)] 381358K->312750K(824832K), 0.0020738 secs] [Times: user=0.01 sys=0.00, real=0.00 secs] 
1431.744: [GC (Allocation Failure) [PSYoungGen: 69661K->224K(70656K)] 381036K->311598K(824832K), 0.0014390 secs] [Times: user=0.01 sys=0.00, real=0.00 secs] 
1432.657: [GC (Allocation Failure) [PSYoungGen: 68832K->1408K(70656K)] 380206K->312782K(824832K), 0.0019942 secs] [Times: user=0.01 sys=0.00, real=0.00 secs] 
1433.846: [GC (Allocation Failure) [PSYoungGen: 70016K->1408K(70656K)] 381390K->312782K(824832K), 0.0027433 secs] [Times: user=0.01 sys=0.00, real=0.00 secs] 
1434.719: [GC (Allocation Failure) [PSYoungGen: 70016K->1408K(70656K)] 381390K->312782K(824832K), 0.0030213 secs] [Times: user=0.01 sys=0.00, real=0.00 secs] 
1435.612: [GC (Allocation Failure) [PSYoungGen: 70016K->1376K(70656K)] 381390K->312750K(824832K), 0.0032428 secs] [Times: user=0.02 sys=0.00, real=0.01 secs] 
1436.821: [GC (Allocation Failure) [PSYoungGen: 69984K->1440K(70656K)] 381358K->312814K(824832K), 0.0020551 secs] [Times: user=0.01 sys=0.00, real=0.00 secs] 
1437.920: [GC (Allocation Failure) [PSYoungGen: 70048K->1408K(70656K)] 381422K->312782K(824832K), 0.0035025 secs] [Times: user=0.02 sys=0.00, real=0.00 secs] 
1438.957: [GC (Allocation Failure) [PSYoungGen: 70016K->1408K(70656K)] 381390K->312790K(824832K), 0.0034341 secs] [Times: user=0.01 sys=0.00, real=0.00 secs] 
1439.964: [GC (Allocation Failure) [PSYoungGen: 70016K->1408K(70656K)] 381398K->312790K(824832K), 0.0043987 secs] [Times: user=0.02 sys=0.00, real=0.01 secs] 
1441.593: [GC (Allocation Failure) [PSYoungGen: 70016K->1440K(70656K)] 381398K->312830K(824832K), 0.0038814 secs] [Times: user=0.02 sys=0.00, real=0.01 secs] 
1442.213: [GC (Allocation Failure) [PSYoungGen: 70048K->1408K(70656K)] 381438K->312798K(824832K), 0.0019606 secs] [Times: user=0.01 sys=0.00, real=0.00 secs] 
1442.497: [GC (Allocation Failure) [PSYoungGen: 70016K->1408K(70656K)] 381406K->312806K(824832K), 0.0019639 secs] [Times: user=0.01 sys=0.00, real=0.00 secs] 
1442.782: [GC (Allocation Failure) [PSYoungGen: 70016K->1376K(70656K)] 381414K->312774K(824832K), 0.0019660 secs] [Times: user=0.01 sys=0.00, real=0.00 secs] 
1443.701: [GC (Allocation Failure) [PSYoungGen: 69984K->1360K(70656K)] 381382K->312758K(824832K), 0.0013274 secs] [Times: user=0.01 sys=0.00, real=0.00 secs] 
1444.645: [GC (Allocation Failure) [PSYoungGen: 69968K->1440K(70656K)] 381366K->312838K(824832K), 0.0027677 secs] [Times: user=0.01 sys=0.00, real=0.01 secs] 
1445.196: [GC (Allocation Failure) [PSYoungGen: 70048K->1408K(70656K)] 381446K->312806K(824832K), 0.0023887 secs] [Times: user=0.01 sys=0.00, real=0.00 secs] 
1445.720: [GC (Allocation Failure) [PSYoungGen: 70016K->1376K(70656K)] 381414K->312774K(824832K), 0.0024623 secs] [Times: user=0.01 sys=0.00, real=0.00 secs] 
1446.285: [GC (Allocation Failure) [PSYoungGen: 69984K->1408K(70656K)] 381382K->312806K(824832K), 0.0020733 secs] [Times: user=0.00 sys=0.00, real=0.01 secs] 
1447.046: [GC (Allocation Failure) [PSYoungGen: 70016K->1376K(70656K)] 381414K->312774K(824832K), 0.0017511 secs] [Times: user=0.00 sys=0.00, real=0.00 secs] 
1447.586: [GC (Allocation Failure) [PSYoungGen: 69984K->1376K(70656K)] 381382K->312774K(824832K), 0.0018104 secs] [Times: user=0.00 sys=0.01, real=0.00 secs] 
1448.172: [GC (Allocation Failure) [PSYoungGen: 69984K->1408K(70656K)] 381382K->312806K(824832K), 0.0020307 secs] [Times: user=0.01 sys=0.00, real=0.00 secs] 
1448.903: [GC (Allocation Failure) [PSYoungGen: 70016K->1408K(70144K)] 381414K->312806K(824320K), 0.0021728 secs] [Times: user=0.01 sys=0.00, real=0.00 secs] 
1450.020: [GC (Allocation Failure) [PSYoungGen: 70016K->1440K(69632K)] 381414K->312846K(823808K), 0.0016890 secs] [Times: user=0.00 sys=0.00, real=0.00 secs] 
1450.987: [GC (Allocation Failure) [PSYoungGen: 69536K->1408K(69632K)] 380942K->312814K(823808K), 0.0025171 secs] [Times: user=0.00 sys=0.00, real=0.00 secs] 
1452.056: [GC (Allocation Failure) [PSYoungGen: 69504K->1376K(69632K)] 380910K->312782K(823808K), 0.0027138 secs] [Times: user=0.01 sys=0.00, real=0.00 secs] 
1452.872: [GC (Allocation Failure) [PSYoungGen: 69472K->1408K(69632K)] 380878K->312822K(823808K), 0.0028407 secs] [Times: user=0.01 sys=0.00, real=0.00 secs] 
1454.083: [GC (Allocation Failure) [PSYoungGen: 69504K->1341K(69632K)] 380918K->312755K(823808K), 0.0014448 secs] [Times: user=0.01 sys=0.00, real=0.00 secs] 
1454.943: [GC (Allocation Failure) [PSYoungGen: 69437K->1408K(69632K)] 380851K->312822K(823808K), 0.0020126 secs] [Times: user=0.00 sys=0.00, real=0.00 secs] 
1455.544: [GC (Allocation Failure) [PSYoungGen: 69504K->1376K(69632K)] 380918K->312790K(823808K), 0.0031381 secs] [Times: user=0.01 sys=0.00, real=0.01 secs] 
1456.104: [GC (Allocation Failure) [PSYoungGen: 69472K->1408K(69632K)] 380886K->312830K(823808K), 0.0033075 secs] [Times: user=0.01 sys=0.00, real=0.01 secs] 
1456.562: [GC (Allocation Failure) [PSYoungGen: 69504K->1376K(69632K)] 380926K->312798K(823808K), 0.0022720 secs] [Times: user=0.01 sys=0.00, real=0.00 secs] 
1457.314: [GC (Allocation Failure) [PSYoungGen: 69472K->1456K(69632K)] 380894K->312878K(823808K), 0.0016431 secs] [Times: user=0.00 sys=0.00, real=0.01 secs] 
1458.185: [GC (Allocation Failure) [PSYoungGen: 69552K->1440K(69632K)] 380974K->312862K(823808K), 0.0027096 secs] [Times: user=0.01 sys=0.00, real=0.01 secs] 
1459.061: [GC (Allocation Failure) [PSYoungGen: 69536K->1408K(69632K)] 380958K->312830K(823808K), 0.0042740 secs] [Times: user=0.01 sys=0.00, real=0.00 secs] 
1459.956: [GC (Allocation Failure) [PSYoungGen: 69504K->1440K(69632K)] 380926K->312862K(823808K), 0.0034613 secs] [Times: user=0.01 sys=0.00, real=0.00 secs] 
1461.162: [GC (Allocation Failure) [PSYoungGen: 69536K->1472K(69632K)] 380958K->312902K(823808K), 0.0018049 secs] [Times: user=0.01 sys=0.00, real=0.00 secs] 
1461.597: [GC (Allocation Failure) [PSYoungGen: 69568K->1376K(69632K)] 380998K->312806K(823808K), 0.0019248 secs] [Times: user=0.01 sys=0.00, real=0.00 secs] 
1462.339: [GC (Allocation Failure) [PSYoungGen: 69472K->1344K(69632K)] 380902K->312774K(823808K), 0.0027272 secs] [Times: user=0.01 sys=0.00, real=0.00 secs] 
1463.313: [GC (Allocation Failure) [PSYoungGen: 69440K->1376K(69632K)] 380870K->312814K(823808K), 0.0041141 secs] [Times: user=0.02 sys=0.00, real=0.01 secs] 
1464.476: [GC (Allocation Failure) [PSYoungGen: 69472K->1373K(69632K)] 380910K->312811K(823808K), 0.0030968 secs] [Times: user=0.01 sys=0.00, real=0.00 secs] 
1466.021: [GC (Allocation Failure) [PSYoungGen: 69469K->1408K(69632K)] 380907K->312846K(823808K), 0.0025134 secs] [Times: user=0.01 sys=0.00, real=0.00 secs] 
1466.756: [GC (Allocation Failure) [PSYoungGen: 69504K->1408K(69632K)] 380942K->312846K(823808K), 0.0025339 secs] [Times: user=0.01 sys=0.00, real=0.00 secs] 
1467.417: [GC (Allocation Failure) [PSYoungGen: 69504K->1440K(69632K)] 380942K->312878K(823808K), 0.0020635 secs] [Times: user=0.01 sys=0.00, real=0.00 secs] 
1468.184: [GC (Allocation Failure) [PSYoungGen: 69536K->1408K(69632K)] 380974K->312846K(823808K), 0.0019014 secs] [Times: user=0.00 sys=0.00, real=0.01 secs] 
1469.158: [GC (Allocation Failure) [PSYoungGen: 69504K->1408K(69632K)] 380942K->312846K(823808K), 0.0015677 secs] [Times: user=0.00 sys=0.00, real=0.00 secs] 
1469.814: [GC (Allocation Failure) [PSYoungGen: 69504K->1408K(69632K)] 380942K->312846K(823808K), 0.0025729 secs] [Times: user=0.01 sys=0.00, real=0.01 secs] 
1471.001: [GC (Allocation Failure) [PSYoungGen: 69504K->1408K(69632K)] 380942K->312846K(823808K), 0.0037957 secs] [Times: user=0.02 sys=0.00, real=0.00 secs] 
1472.079: [GC (Allocation Failure) [PSYoungGen: 69504K->1344K(69632K)] 380942K->312790K(823808K), 0.0034911 secs] [Times: user=0.01 sys=0.00, real=0.00 secs] 
1473.314: [GC (Allocation Failure) [PSYoungGen: 69440K->1472K(69632K)] 380886K->312918K(823808K), 0.0019229 secs] [Times: user=0.01 sys=0.00, real=0.01 secs] 
1474.127: [GC (Allocation Failure) [PSYoungGen: 69568K->1344K(69632K)] 381014K->312790K(823808K), 0.0018689 secs] [Times: user=0.01 sys=0.00, real=0.00 secs] 
1474.501: [GC (Allocation Failure) [PSYoungGen: 69440K->1408K(69632K)] 380886K->312854K(823808K), 0.0024096 secs] [Times: user=0.01 sys=0.00, real=0.00 secs] 
1475.068: [GC (Allocation Failure) [PSYoungGen: 69504K->1376K(69632K)] 380950K->312822K(823808K), 0.0022117 secs] [Times: user=0.01 sys=0.00, real=0.00 secs] 
1475.650: [GC (Allocation Failure) [PSYoungGen: 69472K->1360K(69632K)] 380918K->312806K(823808K), 0.0027731 secs] [Times: user=0.01 sys=0.00, real=0.00 secs] 
1476.868: [GC (Allocation Failure) [PSYoungGen: 69456K->1408K(69632K)] 380902K->312854K(823808K), 0.0022012 secs] [Times: user=0.00 sys=0.00, real=0.00 secs] 
1477.152: [GC (Allocation Failure) [PSYoungGen: 69504K->1360K(69632K)] 380950K->312806K(823808K), 0.0019921 secs] [Times: user=0.01 sys=0.00, real=0.00 secs] 
1477.435: [GC (Allocation Failure) [PSYoungGen: 69456K->1360K(69632K)] 380902K->312806K(823808K), 0.0019314 secs] [Times: user=0.01 sys=0.00, real=0.01 secs] 
1477.718: [GC (Allocation Failure) [PSYoungGen: 69456K->1344K(69632K)] 380902K->312790K(823808K), 0.0019045 secs] [Times: user=0.01 sys=0.00, real=0.00 secs] 
1478.593: [GC (Allocation Failure) [PSYoungGen: 69440K->1392K(69632K)] 380886K->312838K(823808K), 0.0018479 secs] [Times: user=0.01 sys=0.00, real=0.00 secs] 
1479.509: [GC (Allocation Failure) [PSYoungGen: 69488K->1344K(69632K)] 380934K->312798K(823808K), 0.0037346 secs] [Times: user=0.02 sys=0.00, real=0.00 secs] 
1480.421: [GC (Allocation Failure) [PSYoungGen: 69440K->1344K(69632K)] 380894K->312806K(823808K), 0.0028053 secs] [Times: user=0.01 sys=0.00, real=0.00 secs] 
1481.242: [GC (Allocation Failure) [PSYoungGen: 69440K->1360K(69632K)] 380902K->312822K(823808K), 0.0021926 secs] [Times: user=0.01 sys=0.00, real=0.00 secs] 
1482.370: [GC (Allocation Failure) [PSYoungGen: 69456K->1405K(69632K)] 380918K->312867K(823808K), 0.0014261 secs] [Times: user=0.01 sys=0.00, real=0.00 secs] 
1482.800: [GC (Allocation Failure) [PSYoungGen: 69501K->1392K(69632K)] 380963K->312854K(823808K), 0.0019395 secs] [Times: user=0.00 sys=0.00, real=0.00 secs] 
1483.084: [GC (Allocation Failure) [PSYoungGen: 69488K->1344K(69632K)] 380950K->312806K(823808K), 0.0018075 secs] [Times: user=0.01 sys=0.00, real=0.01 secs] 
1483.367: [GC (Allocation Failure) [PSYoungGen: 69440K->1376K(69632K)] 380902K->312838K(823808K), 0.0016050 secs] [Times: user=0.00 sys=0.00, real=0.00 secs] 
1483.649: [GC (Allocation Failure) [PSYoungGen: 69472K->1392K(69632K)] 380934K->312854K(823808K), 0.0020308 secs] [Times: user=0.01 sys=0.00, real=0.00 secs] 
1484.450: [GC (Allocation Failure) [PSYoungGen: 69488K->1408K(69632K)] 380950K->312870K(823808K), 0.0017942 secs] [Times: user=0.00 sys=0.00, real=0.00 secs] 
1484.800: [GC (Allocation Failure) [PSYoungGen: 69504K->1376K(69632K)] 380966K->312838K(823808K), 0.0020795 secs] [Times: user=0.01 sys=0.00, real=0.00 secs] 
1485.083: [GC (Allocation Failure) [PSYoungGen: 69472K->1392K(69632K)] 380934K->312854K(823808K), 0.0019051 secs] [Times: user=0.01 sys=0.01, real=0.00 secs] 
1485.366: [GC (Allocation Failure) [PSYoungGen: 69488K->1376K(69632K)] 380950K->312838K(823808K), 0.0020236 secs] [Times: user=0.01 sys=0.00, real=0.00 secs] 
1486.277: [GC (Allocation Failure) [PSYoungGen: 69472K->1440K(69632K)] 380934K->312902K(823808K), 0.0017149 secs] [Times: user=0.00 sys=0.00, real=0.00 secs] 
1486.957: [GC (Allocation Failure) [PSYoungGen: 69536K->1408K(69632K)] 380998K->312870K(823808K), 0.0025275 secs] [Times: user=0.01 sys=0.00, real=0.00 secs] 
1487.627: [GC (Allocation Failure) [PSYoungGen: 69504K->1376K(69632K)] 380966K->312854K(823808K), 0.0035594 secs] [Times: user=0.02 sys=0.00, real=0.00 secs] 
1487.930: [GC (Allocation Failure) [PSYoungGen: 69472K->1408K(69632K)] 380950K->312886K(823808K), 0.0019467 secs] [Times: user=0.01 sys=0.00, real=0.00 secs] 
1488.435: [GC (Allocation Failure) [PSYoungGen: 69504K->1341K(69632K)] 380982K->312819K(823808K), 0.0013533 secs] [Times: user=0.00 sys=0.00, real=0.01 secs] 
1489.668: [GC (Allocation Failure) [PSYoungGen: 69437K->1408K(69632K)] 380915K->312886K(823808K), 0.0021749 secs] [Times: user=0.01 sys=0.00, real=0.00 secs] 
1490.655: [GC (Allocation Failure) [PSYoungGen: 69504K->1376K(69632K)] 380982K->312854K(823808K), 0.0025269 secs] [Times: user=0.01 sys=0.00, real=0.01 secs] 
1491.703: [GC (Allocation Failure) [PSYoungGen: 69472K->1376K(69632K)] 380950K->312854K(823808K), 0.0021970 secs] [Times: user=0.01 sys=0.00, real=0.01 secs] 
1492.637: [GC (Allocation Failure) [PSYoungGen: 69472K->1424K(69632K)] 380950K->312902K(823808K), 0.0020128 secs] [Times: user=0.01 sys=0.00, real=0.00 secs] 
1493.579: [GC (Allocation Failure) [PSYoungGen: 69520K->1440K(69632K)] 380998K->312918K(823808K), 0.0019312 secs] [Times: user=0.01 sys=0.00, real=0.00 secs] 
1493.893: [GC (Allocation Failure) [PSYoungGen: 69536K->1408K(69632K)] 381014K->312886K(823808K), 0.0018607 secs] [Times: user=0.01 sys=0.00, real=0.00 secs] 
1494.176: [GC (Allocation Failure) [PSYoungGen: 69504K->1408K(69632K)] 380982K->312886K(823808K), 0.0019353 secs] [Times: user=0.01 sys=0.00, real=0.00 secs] 
1494.459: [GC (Allocation Failure) [PSYoungGen: 69504K->1408K(69632K)] 380982K->312886K(823808K), 0.0018624 secs] [Times: user=0.01 sys=0.00, real=0.00 secs] 
1495.226: [GC (Allocation Failure) [PSYoungGen: 69504K->896K(69632K)] 380982K->313398K(823808K), 0.0016167 secs] [Times: user=0.01 sys=0.00, real=0.00 secs] 
1495.508: [GC (Allocation Failure) [PSYoungGen: 68992K->416K(70144K)] 381494K->312918K(824320K), 0.0013435 secs] [Times: user=0.01 sys=0.00, real=0.00 secs] 
1495.790: [GC (Allocation Failure) [PSYoungGen: 68512K->384K(70144K)] 381014K->312886K(824320K), 0.0013824 secs] [Times: user=0.01 sys=0.00, real=0.00 secs] 
1496.073: [GC (Allocation Failure) [PSYoungGen: 68480K->352K(70144K)] 380982K->312854K(824320K), 0.0014340 secs] [Times: user=0.01 sys=0.00, real=0.00 secs] 
1496.354: [GC (Allocation Failure) [PSYoungGen: 68448K->352K(70144K)] 380950K->312854K(824320K), 0.0014877 secs] [Times: user=0.01 sys=0.00, real=0.01 secs] 
1497.625: [GC (Allocation Failure) [PSYoungGen: 68448K->1472K(70144K)] 380950K->313974K(824320K), 0.0034672 secs] [Times: user=0.02 sys=0.00, real=0.01 secs] 
1498.561: [GC (Allocation Failure) [PSYoungGen: 69568K->1408K(70144K)] 382070K->313918K(824320K), 0.0037925 secs] [Times: user=0.01 sys=0.00, real=0.00 secs] 
1499.122: [GC (Allocation Failure) [PSYoungGen: 69504K->1408K(69632K)] 382014K->313918K(823808K), 0.0025620 secs] [Times: user=0.01 sys=0.00, real=0.00 secs] 
1499.684: [GC (Allocation Failure) [PSYoungGen: 68992K->1376K(70144K)] 381502K->313886K(824320K), 0.0042685 secs] [Times: user=0.01 sys=0.00, real=0.01 secs] 
1500.612: [GC (Allocation Failure) [PSYoungGen: 68960K->1472K(70144K)] 381470K->313982K(824320K), 0.0017433 secs] [Times: user=0.01 sys=0.00, real=0.00 secs] 
1500.958: [GC (Allocation Failure) [PSYoungGen: 69056K->1408K(70144K)] 381566K->313918K(824320K), 0.0019855 secs] [Times: user=0.01 sys=0.00, real=0.00 secs] 
1501.310: [GC (Allocation Failure) [PSYoungGen: 68992K->1376K(70144K)] 381502K->313886K(824320K), 0.0019313 secs] [Times: user=0.01 sys=0.01, real=0.00 secs] 
1501.719: [GC (Allocation Failure) [PSYoungGen: 68960K->1360K(69120K)] 381470K->313870K(823296K), 0.0024693 secs] [Times: user=0.00 sys=0.00, real=0.00 secs] 
1502.608: [GC (Allocation Failure) [PSYoungGen: 68944K->1373K(69632K)] 381454K->313883K(823808K), 0.0013543 secs] [Times: user=0.00 sys=0.00, real=0.00 secs] 
1503.493: [GC (Allocation Failure) [PSYoungGen: 68957K->1440K(69632K)] 381467K->313950K(823808K), 0.0025056 secs] [Times: user=0.01 sys=0.00, real=0.01 secs] 
1504.082: [GC (Allocation Failure) [PSYoungGen: 69024K->1408K(69632K)] 381534K->313918K(823808K), 0.0029593 secs] [Times: user=0.01 sys=0.00, real=0.00 secs] 
1504.380: [GC (Allocation Failure) [PSYoungGen: 68992K->1408K(69632K)] 381502K->313918K(823808K), 0.0024135 secs] [Times: user=0.01 sys=0.00, real=0.00 secs] 
1504.789: [GC (Allocation Failure) [PSYoungGen: 68992K->1408K(69632K)] 381502K->313918K(823808K), 0.0020209 secs] [Times: user=0.00 sys=0.00, real=0.00 secs] 
1505.883: [GC (Allocation Failure) [PSYoungGen: 68992K->1440K(69632K)] 381502K->313950K(823808K), 0.0019037 secs] [Times: user=0.01 sys=0.00, real=0.00 secs] 
1506.226: [GC (Allocation Failure) [PSYoungGen: 69024K->1376K(69632K)] 381534K->313886K(823808K), 0.0021206 secs] [Times: user=0.01 sys=0.00, real=0.00 secs] 
1506.606: [GC (Allocation Failure) [PSYoungGen: 68960K->1408K(69632K)] 381470K->313918K(823808K), 0.0021102 secs] [Times: user=0.01 sys=0.00, real=0.00 secs] 
1507.180: [GC (Allocation Failure) [PSYoungGen: 68992K->1360K(69632K)] 381502K->313902K(823808K), 0.0032301 secs] [Times: user=0.02 sys=0.00, real=0.00 secs] 
1508.234: [GC (Allocation Failure) [PSYoungGen: 68944K->1408K(69632K)] 381486K->313950K(823808K), 0.0017839 secs] [Times: user=0.01 sys=0.00, real=0.01 secs] 
1508.707: [GC (Allocation Failure) [PSYoungGen: 68992K->1408K(69632K)] 381534K->313950K(823808K), 0.0021451 secs] [Times: user=0.01 sys=0.00, real=0.00 secs] 
1509.029: [GC (Allocation Failure) [PSYoungGen: 68992K->1440K(69632K)] 381534K->313982K(823808K), 0.0021573 secs] [Times: user=0.01 sys=0.00, real=0.00 secs] 
1509.575: [GC (Allocation Failure) [PSYoungGen: 69024K->1408K(69632K)] 381566K->313950K(823808K), 0.0031971 secs] [Times: user=0.01 sys=0.00, real=0.01 secs] 
1510.138: [GC (Allocation Failure) [PSYoungGen: 68983K->256K(69632K)] 381525K->312798K(823808K), 0.0025127 secs] [Times: user=0.01 sys=0.00, real=0.00 secs] 
1511.243: [GC (Allocation Failure) [PSYoungGen: 67840K->1408K(69632K)] 380382K->313950K(823808K), 0.0019613 secs] [Times: user=0.01 sys=0.00, real=0.00 secs] 
1512.007: [GC (Allocation Failure) [PSYoungGen: 68992K->1408K(69632K)] 381534K->313950K(823808K), 0.0026907 secs] [Times: user=0.01 sys=0.00, real=0.00 secs] 
1512.762: [GC (Allocation Failure) [PSYoungGen: 68992K->1376K(69632K)] 381534K->313918K(823808K), 0.0031338 secs] [Times: user=0.01 sys=0.00, real=0.00 secs] 
1513.702: [GC (Allocation Failure) [PSYoungGen: 68960K->1392K(69632K)] 381502K->313934K(823808K), 0.0043868 secs] [Times: user=0.02 sys=0.00, real=0.01 secs] 
1514.919: [GC (Allocation Failure) [PSYoungGen: 68976K->1440K(69632K)] 381518K->313982K(823808K), 0.0017544 secs] [Times: user=0.01 sys=0.00, real=0.00 secs] 
1515.321: [GC (Allocation Failure) [PSYoungGen: 69024K->1376K(69632K)] 381566K->313918K(823808K), 0.0018894 secs] [Times: user=0.01 sys=0.00, real=0.00 secs] 
1515.906: [GC (Allocation Failure) [PSYoungGen: 68960K->1344K(69632K)] 381502K->313886K(823808K), 0.0019992 secs] [Times: user=0.01 sys=0.00, real=0.00 secs] 
1516.469: [GC (Allocation Failure) [PSYoungGen: 68928K->1376K(69632K)] 381470K->313918K(823808K), 0.0021059 secs] [Times: user=0.01 sys=0.00, real=0.00 secs] 
1517.270: [GC (Allocation Failure) [PSYoungGen: 68960K->1341K(69632K)] 381502K->313883K(823808K), 0.0013249 secs] [Times: user=0.01 sys=0.00, real=0.00 secs] 
1517.697: [GC (Allocation Failure) [PSYoungGen: 68925K->1440K(69632K)] 381467K->313982K(823808K), 0.0017855 secs] [Times: user=0.01 sys=0.00, real=0.00 secs] 
1518.086: [GC (Allocation Failure) [PSYoungGen: 69024K->1408K(69632K)] 381566K->313974K(823808K), 0.0018880 secs] [Times: user=0.01 sys=0.00, real=0.00 secs] 
1518.675: [GC (Allocation Failure) [PSYoungGen: 68992K->1376K(69632K)] 381558K->313942K(823808K), 0.0018938 secs] [Times: user=0.01 sys=0.00, real=0.01 secs] 
1519.245: [GC (Allocation Failure) [PSYoungGen: 68960K->1392K(69632K)] 381526K->313958K(823808K), 0.0018065 secs] [Times: user=0.01 sys=0.00, real=0.01 secs] 
1520.422: [GC (Allocation Failure) [PSYoungGen: 68976K->1408K(69632K)] 381542K->313974K(823808K), 0.0018836 secs] [Times: user=0.01 sys=0.00, real=0.00 secs] 
1520.856: [GC (Allocation Failure) [PSYoungGen: 68992K->1344K(69632K)] 381558K->313910K(823808K), 0.0031749 secs] [Times: user=0.01 sys=0.00, real=0.00 secs] 
1521.137: [GC (Allocation Failure) [PSYoungGen: 68928K->1408K(69632K)] 381494K->313974K(823808K), 0.0019993 secs] [Times: user=0.01 sys=0.00, real=0.00 secs] 
1521.448: [GC (Allocation Failure) [PSYoungGen: 68992K->1408K(69632K)] 381558K->313974K(823808K), 0.0018545 secs] [Times: user=0.01 sys=0.00, real=0.00 secs] 
1522.192: [GC (Allocation Failure) [PSYoungGen: 68992K->1984K(69632K)] 381558K->314550K(823808K), 0.0017592 secs] [Times: user=0.01 sys=0.00, real=0.00 secs] 
1522.479: [GC (Allocation Failure) [PSYoungGen: 69568K->1408K(69632K)] 382134K->313974K(823808K), 0.0017161 secs] [Times: user=0.01 sys=0.00, real=0.00 secs] 
1522.779: [GC (Allocation Failure) [PSYoungGen: 68992K->1344K(69632K)] 381558K->313910K(823808K), 0.0016021 secs] [Times: user=0.00 sys=0.00, real=0.00 secs] 
1523.071: [GC (Allocation Failure) [PSYoungGen: 68928K->1408K(69632K)] 381494K->313974K(823808K), 0.0018061 secs] [Times: user=0.00 sys=0.00, real=0.00 secs] 
1523.402: [GC (Allocation Failure) [PSYoungGen: 68992K->1408K(69632K)] 381558K->313974K(823808K), 0.0017938 secs] [Times: user=0.01 sys=0.00, real=0.00 secs] 
1524.850: [GC (Allocation Failure) [PSYoungGen: 68992K->1408K(69632K)] 381558K->313974K(823808K), 0.0039647 secs] [Times: user=0.02 sys=0.00, real=0.00 secs] 
1525.533: [GC (Allocation Failure) [PSYoungGen: 68992K->1408K(69632K)] 381558K->313974K(823808K), 0.0028587 secs] [Times: user=0.01 sys=0.00, real=0.01 secs] 
1526.392: [GC (Allocation Failure) [PSYoungGen: 68992K->1376K(69632K)] 381558K->313942K(823808K), 0.0038112 secs] [Times: user=0.02 sys=0.00, real=0.01 secs] 
1528.029: [GC (Allocation Failure) [PSYoungGen: 68960K->1408K(69632K)] 381526K->313974K(823808K), 0.0022659 secs] [Times: user=0.01 sys=0.00, real=0.00 secs] 
1529.478: [GC (Allocation Failure) [PSYoungGen: 68992K->1456K(69632K)] 381558K->314030K(823808K), 0.0026801 secs] [Times: user=0.01 sys=0.00, real=0.00 secs] 
1530.502: [GC (Allocation Failure) [PSYoungGen: 69040K->1344K(69632K)] 381614K->313918K(823808K), 0.0032891 secs] [Times: user=0.01 sys=0.00, real=0.00 secs] 
1531.407: [GC (Allocation Failure) [PSYoungGen: 68928K->1408K(69632K)] 381502K->313982K(823808K), 0.0026320 secs] [Times: user=0.01 sys=0.00, real=0.00 secs] 
1532.003: [GC (Allocation Failure) [PSYoungGen: 68992K->1344K(69632K)] 381566K->313918K(823808K), 0.0039142 secs] [Times: user=0.02 sys=0.00, real=0.01 secs] 
1532.986: [GC (Allocation Failure) [PSYoungGen: 68928K->1373K(69632K)] 381502K->313947K(823808K), 0.0014195 secs] [Times: user=0.01 sys=0.00, real=0.00 secs] 
1534.483: [GC (Allocation Failure) [PSYoungGen: 68957K->1408K(69632K)] 381531K->313982K(823808K), 0.0043864 secs] [Times: user=0.02 sys=0.00, real=0.01 secs] 
1535.130: [GC (Allocation Failure) [PSYoungGen: 68992K->1408K(69120K)] 381566K->313982K(823296K), 0.0028083 secs] [Times: user=0.01 sys=0.00, real=0.00 secs] 
1535.583: [GC (Allocation Failure) [PSYoungGen: 68992K->1376K(69120K)] 381566K->313950K(823296K), 0.0022185 secs] [Times: user=0.01 sys=0.00, real=0.01 secs] 
1535.864: [GC (Allocation Failure) [PSYoungGen: 68960K->336K(68608K)] 381534K->313934K(822784K), 0.0019934 secs] [Times: user=0.00 sys=0.00, real=0.01 secs] 
1536.623: [GC (Allocation Failure) [PSYoungGen: 67920K->1376K(69632K)] 381518K->314974K(823808K), 0.0017879 secs] [Times: user=0.01 sys=0.00, real=0.00 secs] 
1536.944: [GC (Allocation Failure) [PSYoungGen: 68960K->1344K(69632K)] 382558K->314942K(823808K), 0.0018924 secs] [Times: user=0.01 sys=0.00, real=0.01 secs] 
1537.255: [GC (Allocation Failure) [PSYoungGen: 68928K->1408K(69632K)] 382526K->315006K(823808K), 0.0018937 secs] [Times: user=0.01 sys=0.00, real=0.01 secs] 
1537.555: [GC (Allocation Failure) [PSYoungGen: 68992K->1408K(69632K)] 382590K->315006K(823808K), 0.0018806 secs] [Times: user=0.01 sys=0.00, real=0.01 secs] 
1538.333: [GC (Allocation Failure) [PSYoungGen: 68992K->1952K(69632K)] 382590K->316062K(823808K), 0.0018965 secs] [Times: user=0.01 sys=0.00, real=0.00 secs] 
1538.908: [GC (Allocation Failure) [PSYoungGen: 69536K->1376K(69632K)] 383646K->315486K(823808K), 0.0018999 secs] [Times: user=0.01 sys=0.00, real=0.00 secs] 
1539.487: [GC (Allocation Failure) [PSYoungGen: 68960K->1376K(69632K)] 383070K->315502K(823808K), 0.0021256 secs] [Times: user=0.01 sys=0.00, real=0.00 secs] 
1540.222: [GC (Allocation Failure) [PSYoungGen: 68960K->1344K(69632K)] 383086K->315470K(823808K), 0.0025346 secs] [Times: user=0.01 sys=0.00, real=0.00 secs] 
1540.817: [GC (Allocation Failure) [PSYoungGen: 68928K->1408K(69632K)] 383054K->315534K(823808K), 0.0021786 secs] [Times: user=0.01 sys=0.00, real=0.00 secs] 
1542.635: [GC (Allocation Failure) [PSYoungGen: 68992K->1408K(69632K)] 383118K->315534K(823808K), 0.0051160 secs] [Times: user=0.02 sys=0.00, real=0.01 secs] 
1543.506: [GC (Allocation Failure) [PSYoungGen: 68992K->1408K(69632K)] 383118K->315534K(823808K), 0.0021111 secs] [Times: user=0.01 sys=0.00, real=0.00 secs] 
1543.787: [GC (Allocation Failure) [PSYoungGen: 68992K->1344K(69632K)] 383118K->315470K(823808K), 0.0020295 secs] [Times: user=0.01 sys=0.00, real=0.00 secs] 
1544.269: [GC (Allocation Failure) [PSYoungGen: 68928K->1408K(69632K)] 383054K->315534K(823808K), 0.0022044 secs] [Times: user=0.01 sys=0.00, real=0.00 secs] 
1545.466: [GC (Allocation Failure) [PSYoungGen: 68992K->1424K(69632K)] 383118K->315550K(823808K), 0.0020892 secs] [Times: user=0.01 sys=0.00, real=0.00 secs] 
1546.346: [GC (Allocation Failure) [PSYoungGen: 69008K->1376K(69632K)] 383134K->315502K(823808K), 0.0028541 secs] [Times: user=0.01 sys=0.00, real=0.00 secs] 
1547.077: [GC (Allocation Failure) [PSYoungGen: 68960K->1408K(69632K)] 383086K->315534K(823808K), 0.0024740 secs] [Times: user=0.01 sys=0.00, real=0.00 secs] 
1547.834: [GC (Allocation Failure) [PSYoungGen: 68992K->1408K(69632K)] 383118K->315534K(823808K), 0.0034237 secs] [Times: user=0.01 sys=0.00, real=0.01 secs] 
1548.677: [GC (Allocation Failure) [PSYoungGen: 68992K->1341K(69632K)] 383118K->315467K(823808K), 0.0013960 secs] [Times: user=0.01 sys=0.00, real=0.00 secs] 
1549.492: [GC (Allocation Failure) [PSYoungGen: 68925K->1440K(69632K)] 383051K->315566K(823808K), 0.0021051 secs] [Times: user=0.00 sys=0.00, real=0.00 secs] 
1549.950: [GC (Allocation Failure) [PSYoungGen: 69024K->1408K(69632K)] 383150K->315542K(823808K), 0.0019450 secs] [Times: user=0.00 sys=0.00, real=0.00 secs] 
1550.387: [GC (Allocation Failure) [PSYoungGen: 68992K->1440K(69632K)] 383126K->315574K(823808K), 0.0020045 secs] [Times: user=0.01 sys=0.00, real=0.00 secs] 
1550.928: [GC (Allocation Failure) [PSYoungGen: 69024K->1408K(69632K)] 383158K->315542K(823808K), 0.0020570 secs] [Times: user=0.00 sys=0.00, real=0.00 secs] 
1552.046: [GC (Allocation Failure) [PSYoungGen: 68992K->1392K(69120K)] 383126K->315526K(823296K), 0.0029894 secs] [Times: user=0.01 sys=0.00, real=0.00 secs] 
1552.844: [GC (Allocation Failure) [PSYoungGen: 68976K->1408K(69120K)] 383110K->315542K(823296K), 0.0034258 secs] [Times: user=0.01 sys=0.00, real=0.01 secs] 
1553.289: [GC (Allocation Failure) [PSYoungGen: 68992K->1376K(69120K)] 383126K->315518K(823296K), 0.0021166 secs] [Times: user=0.01 sys=0.00, real=0.00 secs] 
1553.570: [GC (Allocation Failure) [PSYoungGen: 68960K->1392K(69120K)] 383102K->315534K(823296K), 0.0020431 secs] [Times: user=0.01 sys=0.00, real=0.00 secs] 
1554.296: [GC (Allocation Failure) [PSYoungGen: 68976K->1520K(69120K)] 383118K->315750K(823296K), 0.0017723 secs] [Times: user=0.00 sys=0.00, real=0.00 secs] 
1554.574: [GC (Allocation Failure) [PSYoungGen: 69104K->1312K(69632K)] 383334K->315542K(823808K), 0.0017959 secs] [Times: user=0.01 sys=0.00, real=0.01 secs] 
1554.855: [GC (Allocation Failure) [PSYoungGen: 68896K->1312K(69632K)] 383126K->315542K(823808K), 0.0017638 secs] [Times: user=0.01 sys=0.00, real=0.01 secs] 
1555.135: [GC (Allocation Failure) [PSYoungGen: 68896K->1312K(69632K)] 383126K->315542K(823808K), 0.0018374 secs] [Times: user=0.00 sys=0.00, real=0.01 secs] 
1555.416: [GC (Allocation Failure) [PSYoungGen: 68896K->1312K(69632K)] 383126K->315542K(823808K), 0.0018623 secs] [Times: user=0.01 sys=0.00, real=0.00 secs] 
1557.094: [GC (Allocation Failure) [PSYoungGen: 68896K->1440K(69632K)] 383126K->315670K(823808K), 0.0026845 secs] [Times: user=0.01 sys=0.00, real=0.01 secs] 
1558.704: [GC (Allocation Failure) [PSYoungGen: 69024K->1440K(69632K)] 383254K->315678K(823808K), 0.0040407 secs] [Times: user=0.02 sys=0.00, real=0.01 secs] 
1559.897: [GC (Allocation Failure) [PSYoungGen: 69024K->1408K(69632K)] 383262K->315646K(823808K), 0.0040137 secs] [Times: user=0.02 sys=0.00, real=0.00 secs] 
1560.645: [GC (Allocation Failure) [PSYoungGen: 68992K->1440K(69632K)] 383230K->315678K(823808K), 0.0032873 secs] [Times: user=0.01 sys=0.00, real=0.01 secs] 
1561.490: [GC (Allocation Failure) [PSYoungGen: 69024K->1488K(69632K)] 383262K->315726K(823808K), 0.0019716 secs] [Times: user=0.00 sys=0.00, real=0.00 secs] 
1561.845: [GC (Allocation Failure) [PSYoungGen: 69072K->1376K(69632K)] 383310K->315614K(823808K), 0.0019336 secs] [Times: user=0.01 sys=0.00, real=0.00 secs] 
1562.181: [GC (Allocation Failure) [PSYoungGen: 68960K->1408K(69632K)] 383198K->315646K(823808K), 0.0027820 secs] [Times: user=0.01 sys=0.00, real=0.00 secs] 
1562.483: [GC (Allocation Failure) [PSYoungGen: 68992K->1408K(69120K)] 383230K->315646K(823296K), 0.0030354 secs] [Times: user=0.01 sys=0.01, real=0.01 secs] 
1563.005: [GC (Allocation Failure) [PSYoungGen: 68992K->1373K(69120K)] 383230K->315611K(823296K), 0.0015329 secs] [Times: user=0.00 sys=0.00, real=0.00 secs] 
1563.569: [GC (Allocation Failure) [PSYoungGen: 68957K->1440K(69120K)] 383195K->315678K(823296K), 0.0019678 secs] [Times: user=0.00 sys=0.00, real=0.00 secs] 
1563.882: [GC (Allocation Failure) [PSYoungGen: 69024K->1408K(69120K)] 383262K->315670K(823296K), 0.0019719 secs] [Times: user=0.01 sys=0.00, real=0.00 secs] 
1564.284: [GC (Allocation Failure) [PSYoungGen: 68992K->1376K(69120K)] 383254K->315638K(823296K), 0.0019251 secs] [Times: user=0.01 sys=0.00, real=0.01 secs] 
1564.844: [GC (Allocation Failure) [PSYoungGen: 68960K->1392K(69120K)] 383222K->315654K(823296K), 0.0021009 secs] [Times: user=0.01 sys=0.00, real=0.01 secs] 
1566.178: [GC (Allocation Failure) [PSYoungGen: 68976K->1408K(69120K)] 383238K->315670K(823296K), 0.0042744 secs] [Times: user=0.01 sys=0.00, real=0.00 secs] 
1566.883: [GC (Allocation Failure) [PSYoungGen: 68992K->1408K(69120K)] 383254K->315670K(823296K), 0.0040568 secs] [Times: user=0.02 sys=0.00, real=0.01 secs] 
1567.487: [GC (Allocation Failure) [PSYoungGen: 68992K->1408K(69120K)] 383254K->315670K(823296K), 0.0025110 secs] [Times: user=0.01 sys=0.00, real=0.00 secs] 
1567.863: [GC (Allocation Failure) [PSYoungGen: 68992K->1408K(69120K)] 383254K->315702K(823296K), 0.0021198 secs] [Times: user=0.01 sys=0.00, real=0.00 secs] 
1568.846: [GC (Allocation Failure) [PSYoungGen: 68992K->1520K(69120K)] 383286K->315822K(823296K), 0.0019076 secs] [Times: user=0.01 sys=0.00, real=0.00 secs] 
1569.401: [GC (Allocation Failure) [PSYoungGen: 69104K->1440K(69120K)] 383406K->315742K(823296K), 0.0027000 secs] [Times: user=0.02 sys=0.00, real=0.00 secs] 
1570.027: [GC (Allocation Failure) [PSYoungGen: 69024K->1408K(69120K)] 383326K->315710K(823296K), 0.0032539 secs] [Times: user=0.01 sys=0.00, real=0.00 secs] 
1570.690: [GC (Allocation Failure) [PSYoungGen: 68992K->1376K(69120K)] 383294K->315686K(823296K), 0.0025208 secs] [Times: user=0.01 sys=0.00, real=0.00 secs] 
1571.398: [GC (Allocation Failure) [PSYoungGen: 68960K->1392K(69120K)] 383270K->315702K(823296K), 0.0031880 secs] [Times: user=0.02 sys=0.00, real=0.00 secs] 
1572.456: [GC (Allocation Failure) [PSYoungGen: 68976K->1472K(69120K)] 383286K->315782K(823296K), 0.0019073 secs] [Times: user=0.00 sys=0.00, real=0.00 secs] 
1572.849: [GC (Allocation Failure) [PSYoungGen: 69056K->1360K(69120K)] 383366K->315670K(823296K), 0.0018564 secs] [Times: user=0.01 sys=0.00, real=0.00 secs] 
1573.129: [GC (Allocation Failure) [PSYoungGen: 68944K->1392K(69120K)] 383254K->315702K(823296K), 0.0017792 secs] [Times: user=0.00 sys=0.00, real=0.00 secs] 
1573.568: [GC (Allocation Failure) [PSYoungGen: 68976K->1408K(69120K)] 383286K->315726K(823296K), 0.0019185 secs] [Times: user=0.01 sys=0.00, real=0.00 secs] 
1574.458: [GC (Allocation Failure) [PSYoungGen: 68992K->1440K(69120K)] 383310K->315758K(823296K), 0.0016942 secs] [Times: user=0.01 sys=0.00, real=0.00 secs] 
1575.236: [GC (Allocation Failure) [PSYoungGen: 69024K->1408K(69120K)] 383342K->315726K(823296K), 0.0040135 secs] [Times: user=0.02 sys=0.00, real=0.00 secs] 
1575.841: [GC (Allocation Failure) [PSYoungGen: 68992K->1376K(69120K)] 383310K->315694K(823296K), 0.0024629 secs] [Times: user=0.01 sys=0.00, real=0.00 secs] 
1576.506: [GC (Allocation Failure) [PSYoungGen: 68960K->1376K(69120K)] 383278K->315694K(823296K), 0.0027093 secs] [Times: user=0.01 sys=0.00, real=0.00 secs] 
1577.360: [GC (Allocation Failure) [PSYoungGen: 68960K->1341K(69120K)] 383278K->315659K(823296K), 0.0020397 secs] [Times: user=0.01 sys=0.00, real=0.00 secs] 
1578.344: [GC (Allocation Failure) [PSYoungGen: 68925K->1440K(69120K)] 383243K->315758K(823296K), 0.0033230 secs] [Times: user=0.02 sys=0.00, real=0.01 secs] 
1578.938: [GC (Allocation Failure) [PSYoungGen: 69024K->1408K(69120K)] 383342K->315742K(823296K), 0.0028291 secs] [Times: user=0.01 sys=0.00, real=0.00 secs] 
1579.563: [GC (Allocation Failure) [PSYoungGen: 68992K->1408K(69120K)] 383326K->315742K(823296K), 0.0029822 secs] [Times: user=0.01 sys=0.00, real=0.01 secs] 
1580.251: [GC (Allocation Failure) [PSYoungGen: 68992K->1440K(69120K)] 383326K->315774K(823296K), 0.0034994 secs] [Times: user=0.02 sys=0.00, real=0.00 secs] 
1581.262: [GC (Allocation Failure) [PSYoungGen: 69024K->1392K(69120K)] 383358K->315734K(823296K), 0.0019588 secs] [Times: user=0.01 sys=0.00, real=0.00 secs] 
1581.552: [GC (Allocation Failure) [PSYoungGen: 68976K->1408K(69120K)] 383318K->315750K(823296K), 0.0018352 secs] [Times: user=0.01 sys=0.00, real=0.00 secs] 
1582.177: [GC (Allocation Failure) [PSYoungGen: 68992K->1440K(69120K)] 383334K->315790K(823296K), 0.0034324 secs] [Times: user=0.02 sys=0.00, real=0.00 secs] 
1582.728: [GC (Allocation Failure) [PSYoungGen: 69024K->1408K(69120K)] 383374K->315758K(823296K), 0.0024976 secs] [Times: user=0.01 sys=0.00, real=0.00 secs] 
1583.892: [GC (Allocation Failure) [PSYoungGen: 68992K->1280K(69120K)] 383342K->315630K(823296K), 0.0014016 secs] [Times: user=0.00 sys=0.00, real=0.00 secs] 
1584.616: [GC (Allocation Failure) [PSYoungGen: 68864K->1440K(69120K)] 383214K->315790K(823296K), 0.0020651 secs] [Times: user=0.01 sys=0.00, real=0.00 secs] 
1585.287: [GC (Allocation Failure) [PSYoungGen: 69024K->1376K(69120K)] 383374K->315726K(823296K), 0.0022228 secs] [Times: user=0.01 sys=0.00, real=0.00 secs] 
1585.850: [GC (Allocation Failure) [PSYoungGen: 68960K->1408K(69120K)] 383310K->315758K(823296K), 0.0021877 secs] [Times: user=0.01 sys=0.00, real=0.00 secs] 
1586.133: [GC (Allocation Failure) [PSYoungGen: 68992K->1408K(69120K)] 383342K->315758K(823296K), 0.0019333 secs] [Times: user=0.00 sys=0.00, real=0.00 secs] 
1587.207: [GC (Allocation Failure) [PSYoungGen: 68992K->1408K(69120K)] 383342K->315758K(823296K), 0.0020834 secs] [Times: user=0.01 sys=0.00, real=0.00 secs] 
1587.803: [GC (Allocation Failure) [PSYoungGen: 68992K->1376K(69120K)] 383342K->315726K(823296K), 0.0021496 secs] [Times: user=0.01 sys=0.00, real=0.00 secs] 
1588.424: [GC (Allocation Failure) [PSYoungGen: 68960K->1376K(69120K)] 383310K->315750K(823296K), 0.0020719 secs] [Times: user=0.01 sys=0.00, real=0.01 secs] 
1588.990: [GC (Allocation Failure) [PSYoungGen: 68960K->1376K(69120K)] 383334K->315750K(823296K), 0.0028123 secs] [Times: user=0.02 sys=0.00, real=0.00 secs] 
1590.890: [GC (Allocation Failure) [PSYoungGen: 68960K->1424K(69120K)] 383334K->315798K(823296K), 0.0044229 secs] [Times: user=0.02 sys=0.00, real=0.00 secs] 
1593.426: [GC (Allocation Failure) [PSYoungGen: 69008K->1376K(69120K)] 383382K->315750K(823296K), 0.0083905 secs] [Times: user=0.04 sys=0.00, real=0.00 secs] 
1594.340: [GC (Allocation Failure) [PSYoungGen: 68960K->1392K(69120K)] 383334K->315766K(823296K), 0.0032460 secs] [Times: user=0.01 sys=0.00, real=0.00 secs] 
1595.190: [GC (Allocation Failure) [PSYoungGen: 68976K->1408K(69120K)] 383350K->315782K(823296K), 0.0034037 secs] [Times: user=0.01 sys=0.00, real=0.00 secs] 
1595.917: [GC (Allocation Failure) [PSYoungGen: 68992K->1408K(69120K)] 383366K->315782K(823296K), 0.0021830 secs] [Times: user=0.01 sys=0.00, real=0.00 secs] 
1598.800: [GC (Allocation Failure) [PSYoungGen: 68992K->1408K(69120K)] 383366K->315782K(823296K), 0.0043521 secs] [Times: user=0.02 sys=0.00, real=0.00 secs] 
1600.151: [GC (Allocation Failure) [PSYoungGen: 68992K->1408K(69120K)] 383366K->315782K(823296K), 0.0041809 secs] [Times: user=0.02 sys=0.00, real=0.00 secs] 
1600.987: [GC (Allocation Failure) [PSYoungGen: 68992K->1344K(69120K)] 383366K->315718K(823296K), 0.0032303 secs] [Times: user=0.01 sys=0.00, real=0.00 secs] 
1601.653: [GC (Allocation Failure) [PSYoungGen: 68928K->1408K(69120K)] 383302K->315782K(823296K), 0.0032318 secs] [Times: user=0.01 sys=0.00, real=0.01 secs] 
1603.139: [GC (Allocation Failure) [PSYoungGen: 68992K->1472K(69120K)] 383366K->315846K(823296K), 0.0027423 secs] [Times: user=0.02 sys=0.00, real=0.00 secs] 
1604.290: [GC (Allocation Failure) [PSYoungGen: 69056K->1376K(69120K)] 383430K->315750K(823296K), 0.0042558 secs] [Times: user=0.01 sys=0.00, real=0.00 secs] 
1605.423: [GC (Allocation Failure) [PSYoungGen: 68960K->1408K(69120K)] 383334K->315782K(823296K), 0.0042683 secs] [Times: user=0.02 sys=0.00, real=0.01 secs] 
1606.447: [GC (Allocation Failure) [PSYoungGen: 68992K->1392K(69120K)] 383366K->315766K(823296K), 0.0030087 secs] [Times: user=0.01 sys=0.00, real=0.00 secs] 
1607.567: [GC (Allocation Failure) [PSYoungGen: 68976K->1405K(69120K)] 383350K->315787K(823296K), 0.0013389 secs] [Times: user=0.01 sys=0.00, real=0.00 secs] 
1608.886: [GC (Allocation Failure) [PSYoungGen: 68989K->1408K(69120K)] 383371K->315790K(823296K), 0.0038900 secs] [Times: user=0.02 sys=0.00, real=0.00 secs] 
1610.114: [GC (Allocation Failure) [PSYoungGen: 68992K->1376K(69120K)] 383374K->315758K(823296K), 0.0041451 secs] [Times: user=0.01 sys=0.01, real=0.01 secs] 
1611.174: [GC (Allocation Failure) [PSYoungGen: 68960K->1376K(69120K)] 383342K->315758K(823296K), 0.0040076 secs] [Times: user=0.02 sys=0.00, real=0.01 secs] 
1612.260: [GC (Allocation Failure) [PSYoungGen: 68960K->1408K(69120K)] 383342K->315790K(823296K), 0.0030357 secs] [Times: user=0.02 sys=0.00, real=0.00 secs] 
1614.273: [GC (Allocation Failure) [PSYoungGen: 68992K->1392K(69120K)] 383374K->315774K(823296K), 0.0037193 secs] [Times: user=0.01 sys=0.00, real=0.01 secs] 
1614.865: [GC (Allocation Failure) [PSYoungGen: 68976K->1408K(69120K)] 383358K->315790K(823296K), 0.0031487 secs] [Times: user=0.01 sys=0.01, real=0.01 secs] 
1615.463: [GC (Allocation Failure) [PSYoungGen: 68992K->1376K(69120K)] 383374K->315766K(823296K), 0.0028134 secs] [Times: user=0.01 sys=0.00, real=0.01 secs] 
1615.813: [GC (Allocation Failure) [PSYoungGen: 68960K->1440K(69120K)] 383350K->315830K(823296K), 0.0020216 secs] [Times: user=0.01 sys=0.00, real=0.00 secs] 
1616.949: [GC (Allocation Failure) [PSYoungGen: 69024K->1440K(69120K)] 383414K->316862K(823296K), 0.0022816 secs] [Times: user=0.01 sys=0.00, real=0.00 secs] 
1617.255: [GC (Allocation Failure) [PSYoungGen: 69024K->1440K(69120K)] 384446K->316862K(823296K), 0.0019794 secs] [Times: user=0.01 sys=0.00, real=0.01 secs] 
1617.577: [GC (Allocation Failure) [PSYoungGen: 69024K->1408K(69120K)] 384446K->316862K(823296K), 0.0020577 secs] [Times: user=0.01 sys=0.00, real=0.00 secs] 
1618.145: [GC (Allocation Failure) [PSYoungGen: 68992K->1440K(69120K)] 384446K->316894K(823296K), 0.0021145 secs] [Times: user=0.01 sys=0.00, real=0.01 secs] 
1618.700: [GC (Allocation Failure) [PSYoungGen: 69024K->1376K(69120K)] 384478K->316830K(823296K), 0.0026252 secs] [Times: user=0.01 sys=0.00, real=0.00 secs] 
1619.827: [GC (Allocation Failure) [PSYoungGen: 68960K->1472K(69120K)] 384414K->316934K(823296K), 0.0016986 secs] [Times: user=0.00 sys=0.00, real=0.00 secs] 
1620.418: [GC (Allocation Failure) [PSYoungGen: 69056K->1440K(69120K)] 384518K->316902K(823296K), 0.0041226 secs] [Times: user=0.02 sys=0.00, real=0.00 secs] 
1620.868: [GC (Allocation Failure) [PSYoungGen: 69024K->1408K(69120K)] 384486K->316886K(823296K), 0.0021463 secs] [Times: user=0.01 sys=0.00, real=0.00 secs] 
1621.172: [GC (Allocation Failure) [PSYoungGen: 68992K->1408K(69120K)] 384470K->316886K(823296K), 0.0017300 secs] [Times: user=0.01 sys=0.00, real=0.00 secs] 
1621.909: [GC (Allocation Failure) [PSYoungGen: 68992K->1440K(69120K)] 384470K->316918K(823296K), 0.0018722 secs] [Times: user=0.01 sys=0.00, real=0.00 secs] 
1622.246: [GC (Allocation Failure) [PSYoungGen: 69024K->1392K(69120K)] 384502K->316870K(823296K), 0.0019619 secs] [Times: user=0.00 sys=0.00, real=0.00 secs] 
1622.650: [GC (Allocation Failure) [PSYoungGen: 68976K->1408K(69120K)] 384454K->316886K(823296K), 0.0020413 secs] [Times: user=0.00 sys=0.00, real=0.00 secs] 
1622.945: [GC (Allocation Failure) [PSYoungGen: 68992K->1440K(69120K)] 384470K->316918K(823296K), 0.0020641 secs] [Times: user=0.01 sys=0.00, real=0.01 secs] 
1623.548: [GC (Allocation Failure) [PSYoungGen: 69024K->1405K(69120K)] 384502K->316883K(823296K), 0.0015659 secs] [Times: user=0.00 sys=0.00, real=0.00 secs] 
1625.130: [GC (Allocation Failure) [PSYoungGen: 68989K->1456K(69120K)] 384467K->316934K(823296K), 0.0035958 secs] [Times: user=0.02 sys=0.00, real=0.00 secs] 
1625.975: [GC (Allocation Failure) [PSYoungGen: 69040K->1408K(69120K)] 384518K->316902K(823296K), 0.0034654 secs] [Times: user=0.01 sys=0.00, real=0.01 secs] 
1626.524: [GC (Allocation Failure) [PSYoungGen: 68992K->1408K(69120K)] 384486K->316902K(823296K), 0.0027208 secs] [Times: user=0.01 sys=0.00, real=0.01 secs] 
1626.931: [GC (Allocation Failure) [PSYoungGen: 68992K->1408K(69120K)] 384486K->316902K(823296K), 0.0019234 secs] [Times: user=0.00 sys=0.00, real=0.00 secs] 
1627.786: [GC (Allocation Failure) [PSYoungGen: 68992K->1376K(69120K)] 384486K->316886K(823296K), 0.0015571 secs] [Times: user=0.01 sys=0.00, real=0.00 secs] 
1628.105: [GC (Allocation Failure) [PSYoungGen: 68960K->1440K(69120K)] 384470K->316950K(823296K), 0.0018322 secs] [Times: user=0.01 sys=0.00, real=0.00 secs] 
1628.448: [GC (Allocation Failure) [PSYoungGen: 69024K->1440K(69120K)] 384534K->316958K(823296K), 0.0020738 secs] [Times: user=0.01 sys=0.00, real=0.00 secs] 
1628.761: [GC (Allocation Failure) [PSYoungGen: 69024K->1376K(69120K)] 384542K->316894K(823296K), 0.0020401 secs] [Times: user=0.01 sys=0.00, real=0.00 secs] 
1629.756: [GC (Allocation Failure) [PSYoungGen: 68960K->896K(68608K)] 384478K->317438K(822784K), 0.0030897 secs] [Times: user=0.01 sys=0.00, real=0.00 secs] 
1631.192: [GC (Allocation Failure) [PSYoungGen: 67968K->416K(69120K)] 384510K->316958K(823296K), 0.0032228 secs] [Times: user=0.01 sys=0.00, real=0.00 secs] 
1631.789: [GC (Allocation Failure) [PSYoungGen: 67488K->368K(69120K)] 384030K->316910K(823296K), 0.0027977 secs] [Times: user=0.01 sys=0.00, real=0.00 secs] 
1632.349: [GC (Allocation Failure) [PSYoungGen: 67440K->352K(69120K)] 383982K->316894K(823296K), 0.0030306 secs] [Times: user=0.01 sys=0.00, real=0.00 secs] 
1632.685: [GC (Allocation Failure) [PSYoungGen: 67424K->352K(69120K)] 383966K->316894K(823296K), 0.0018700 secs] [Times: user=0.01 sys=0.00, real=0.01 secs] 
1633.640: [GC (Allocation Failure) [PSYoungGen: 67424K->1424K(69120K)] 383966K->317966K(823296K), 0.0019548 secs] [Times: user=0.01 sys=0.00, real=0.00 secs] 
1634.291: [GC (Allocation Failure) [PSYoungGen: 68496K->1344K(69120K)] 385038K->317886K(823296K), 0.0020301 secs] [Times: user=0.01 sys=0.00, real=0.00 secs] 
1634.948: [GC (Allocation Failure) [PSYoungGen: 68416K->1408K(69120K)] 384958K->317950K(823296K), 0.0021740 secs] [Times: user=0.01 sys=0.00, real=0.00 secs] 
1635.474: [GC (Allocation Failure) [PSYoungGen: 68480K->1408K(69120K)] 385022K->317950K(823296K), 0.0020967 secs] [Times: user=0.01 sys=0.00, real=0.01 secs] 
1636.196: [GC (Allocation Failure) [PSYoungGen: 68480K->1472K(69120K)] 385022K->318014K(823296K), 0.0016942 secs] [Times: user=0.00 sys=0.00, real=0.00 secs] 
1636.491: [GC (Allocation Failure) [PSYoungGen: 68544K->1376K(69632K)] 385086K->317918K(823808K), 0.0019225 secs] [Times: user=0.01 sys=0.00, real=0.00 secs] 
1636.770: [GC (Allocation Failure) [PSYoungGen: 68448K->1376K(68608K)] 384990K->317918K(822784K), 0.0018879 secs] [Times: user=0.01 sys=0.00, real=0.00 secs] 
1637.161: [GC (Allocation Failure) [PSYoungGen: 68448K->1376K(69120K)] 384990K->317918K(823296K), 0.0017464 secs] [Times: user=0.01 sys=0.00, real=0.00 secs] 
1637.788: [GC (Allocation Failure) [PSYoungGen: 68448K->1373K(69120K)] 384990K->317931K(823296K), 0.0014436 secs] [Times: user=0.01 sys=0.00, real=0.00 secs] 
1638.662: [GC (Allocation Failure) [PSYoungGen: 68445K->1440K(69120K)] 385003K->317998K(823296K), 0.0019123 secs] [Times: user=0.01 sys=0.00, real=0.00 secs] 
1639.033: [GC (Allocation Failure) [PSYoungGen: 68512K->1408K(69120K)] 385070K->317966K(823296K), 0.0019160 secs] [Times: user=0.00 sys=0.00, real=0.00 secs] 
1639.577: [GC (Allocation Failure) [PSYoungGen: 68480K->1376K(69120K)] 385038K->317934K(823296K), 0.0020209 secs] [Times: user=0.00 sys=0.00, real=0.00 secs] 
1640.334: [GC (Allocation Failure) [PSYoungGen: 68448K->1376K(69120K)] 385006K->317934K(823296K), 0.0018936 secs] [Times: user=0.00 sys=0.00, real=0.01 secs] 
1641.614: [GC (Allocation Failure) [PSYoungGen: 68448K->1440K(69120K)] 385006K->317998K(823296K), 0.0018163 secs] [Times: user=0.01 sys=0.00, real=0.01 secs] 
1642.447: [GC (Allocation Failure) [PSYoungGen: 68512K->1408K(69120K)] 385070K->317966K(823296K), 0.0018109 secs] [Times: user=0.01 sys=0.01, real=0.00 secs] 
1642.834: [GC (Allocation Failure) [PSYoungGen: 68480K->1376K(69120K)] 385038K->317942K(823296K), 0.0017725 secs] [Times: user=0.00 sys=0.00, real=0.01 secs] 
1643.285: [GC (Allocation Failure) [PSYoungGen: 68448K->1408K(69120K)] 385014K->317974K(823296K), 0.0018613 secs] [Times: user=0.01 sys=0.00, real=0.00 secs] 
1643.997: [GC (Allocation Failure) [PSYoungGen: 68480K->1373K(69120K)] 385046K->317939K(823296K), 0.0015524 secs] [Times: user=0.00 sys=0.00, real=0.00 secs] 
1644.535: [GC (Allocation Failure) [PSYoungGen: 68445K->1472K(69120K)] 385011K->318038K(823296K), 0.0018528 secs] [Times: user=0.01 sys=0.00, real=0.00 secs] 
1644.814: [GC (Allocation Failure) [PSYoungGen: 68544K->1408K(69120K)] 385110K->317974K(823296K), 0.0026080 secs] [Times: user=0.01 sys=0.00, real=0.01 secs] 
1645.092: [GC (Allocation Failure) [PSYoungGen: 68480K->1344K(69120K)] 385046K->317910K(823296K), 0.0033877 secs] [Times: user=0.02 sys=0.00, real=0.01 secs] 
1645.384: [GC (Allocation Failure) [PSYoungGen: 68416K->1408K(69120K)] 384982K->317974K(823296K), 0.0018693 secs] [Times: user=0.00 sys=0.00, real=0.01 secs] 
1646.148: [GC (Allocation Failure) [PSYoungGen: 68480K->1408K(69120K)] 385046K->317974K(823296K), 0.0019531 secs] [Times: user=0.01 sys=0.00, real=0.00 secs] 
1646.638: [GC (Allocation Failure) [PSYoungGen: 68480K->1408K(69120K)] 385046K->317974K(823296K), 0.0018507 secs] [Times: user=0.01 sys=0.00, real=0.00 secs] 
1647.190: [GC (Allocation Failure) [PSYoungGen: 68480K->1408K(69120K)] 385046K->317990K(823296K), 0.0019685 secs] [Times: user=0.01 sys=0.00, real=0.00 secs] 
1647.740: [GC (Allocation Failure) [PSYoungGen: 68480K->1408K(69120K)] 385062K->317990K(823296K), 0.0020671 secs] [Times: user=0.00 sys=0.00, real=0.00 secs] 
1648.652: [GC (Allocation Failure) [PSYoungGen: 68222K->224K(69120K)] 384804K->316806K(823296K), 0.0013488 secs] [Times: user=0.01 sys=0.00, real=0.00 secs] 
1649.546: [GC (Allocation Failure) [PSYoungGen: 67296K->1440K(69120K)] 383878K->318022K(823296K), 0.0044258 secs] [Times: user=0.01 sys=0.00, real=0.00 secs] 
1650.349: [GC (Allocation Failure) [PSYoungGen: 68512K->1408K(69120K)] 385094K->317990K(823296K), 0.0040501 secs] [Times: user=0.01 sys=0.00, real=0.00 secs] 
1651.171: [GC (Allocation Failure) [PSYoungGen: 68480K->1408K(69120K)] 385062K->317990K(823296K), 0.0038878 secs] [Times: user=0.02 sys=0.00, real=0.00 secs] 
1651.897: [GC (Allocation Failure) [PSYoungGen: 68480K->1424K(69120K)] 385062K->318006K(823296K), 0.0032659 secs] [Times: user=0.01 sys=0.00, real=0.00 secs] 
1653.070: [GC (Allocation Failure) [PSYoungGen: 68496K->1440K(69120K)] 385078K->318022K(823296K), 0.0021064 secs] [Times: user=0.00 sys=0.00, real=0.00 secs] 
1653.973: [GC (Allocation Failure) [PSYoungGen: 68512K->1408K(69120K)] 385094K->317990K(823296K), 0.0046444 secs] [Times: user=0.02 sys=0.01, real=0.01 secs] 
1654.781: [GC (Allocation Failure) [PSYoungGen: 68480K->1440K(69120K)] 385062K->318022K(823296K), 0.0034047 secs] [Times: user=0.02 sys=0.01, real=0.00 secs] 
1655.396: [GC (Allocation Failure) [PSYoungGen: 68512K->1376K(69120K)] 385094K->317958K(823296K), 0.0024026 secs] [Times: user=0.01 sys=0.00, real=0.00 secs] 
1656.395: [GC (Allocation Failure) [PSYoungGen: 68448K->1952K(69120K)] 385030K->319046K(823296K), 0.0019464 secs] [Times: user=0.01 sys=0.00, real=0.00 secs] 
1657.157: [GC (Allocation Failure) [PSYoungGen: 69024K->1376K(69120K)] 386118K->318470K(823296K), 0.0019668 secs] [Times: user=0.01 sys=0.00, real=0.00 secs] 
1657.673: [GC (Allocation Failure) [PSYoungGen: 68448K->1376K(69120K)] 385542K->318470K(823296K), 0.0041157 secs] [Times: user=0.02 sys=0.00, real=0.01 secs] 
1658.227: [GC (Allocation Failure) [PSYoungGen: 68448K->1408K(69120K)] 385542K->318502K(823296K), 0.0032762 secs] [Times: user=0.01 sys=0.00, real=0.00 secs] 
1658.797: [GC (Allocation Failure) [PSYoungGen: 68480K->1408K(69120K)] 385574K->318502K(823296K), 0.0023520 secs] [Times: user=0.01 sys=0.00, real=0.00 secs] 
1659.962: [GC (Allocation Failure) [PSYoungGen: 68480K->1408K(69120K)] 385574K->318502K(823296K), 0.0025297 secs] [Times: user=0.01 sys=0.00, real=0.00 secs] 
1660.586: [GC (Allocation Failure) [PSYoungGen: 68480K->1376K(69120K)] 385574K->318478K(823296K), 0.0026584 secs] [Times: user=0.02 sys=0.00, real=0.00 secs] 
1661.167: [GC (Allocation Failure) [PSYoungGen: 68448K->1408K(69120K)] 385550K->318510K(823296K), 0.0031856 secs] [Times: user=0.01 sys=0.00, real=0.00 secs] 
1661.911: [GC (Allocation Failure) [PSYoungGen: 68480K->1376K(69120K)] 385582K->318478K(823296K), 0.0031327 secs] [Times: user=0.01 sys=0.00, real=0.00 secs] 
1663.429: [GC (Allocation Failure) [PSYoungGen: 68448K->1440K(69120K)] 385550K->318542K(823296K), 0.0029772 secs] [Times: user=0.01 sys=0.00, real=0.00 secs] 
1663.731: [GC (Allocation Failure) [PSYoungGen: 68512K->1408K(69120K)] 385614K->318510K(823296K), 0.0021098 secs] [Times: user=0.01 sys=0.00, real=0.00 secs] 
1664.010: [GC (Allocation Failure) [PSYoungGen: 68480K->1376K(69120K)] 385582K->318478K(823296K), 0.0020224 secs] [Times: user=0.00 sys=0.00, real=0.00 secs] 
1664.462: [GC (Allocation Failure) [PSYoungGen: 68448K->1392K(69120K)] 385550K->318494K(823296K), 0.0019248 secs] [Times: user=0.01 sys=0.00, real=0.00 secs] 
1665.059: [GC (Allocation Failure) [PSYoungGen: 68464K->1373K(69120K)] 385566K->318475K(823296K), 0.0014534 secs] [Times: user=0.01 sys=0.00, real=0.00 secs] 
1666.048: [GC (Allocation Failure) [PSYoungGen: 68445K->1440K(69120K)] 385547K->318542K(823296K), 0.0019426 secs] [Times: user=0.00 sys=0.00, real=0.00 secs] 
1666.712: [GC (Allocation Failure) [PSYoungGen: 68512K->1408K(69120K)] 385614K->318510K(823296K), 0.0027686 secs] [Times: user=0.01 sys=0.00, real=0.00 secs] 
1667.405: [GC (Allocation Failure) [PSYoungGen: 68480K->1376K(69120K)] 385582K->318478K(823296K), 0.0032977 secs] [Times: user=0.01 sys=0.00, real=0.01 secs] 
1667.918: [GC (Allocation Failure) [PSYoungGen: 68448K->1408K(68608K)] 385550K->318510K(822784K), 0.0028855 secs] [Times: user=0.01 sys=0.00, real=0.00 secs] 
1668.937: [GC (Allocation Failure) [PSYoungGen: 68480K->1408K(68608K)] 385582K->318526K(822784K), 0.0019472 secs] [Times: user=0.01 sys=0.00, real=0.00 secs] 
1669.216: [GC (Allocation Failure) [PSYoungGen: 68480K->1376K(68608K)] 385598K->318494K(822784K), 0.0019629 secs] [Times: user=0.01 sys=0.01, real=0.00 secs] 
1669.502: [GC (Allocation Failure) [PSYoungGen: 68448K->1376K(68608K)] 385566K->318494K(822784K), 0.0019535 secs] [Times: user=0.01 sys=0.00, real=0.00 secs] 
1669.786: [GC (Allocation Failure) [PSYoungGen: 68448K->1408K(68608K)] 385566K->318526K(822784K), 0.0031156 secs] [Times: user=0.02 sys=0.00, real=0.00 secs] 
1670.460: [GC (Allocation Failure) [PSYoungGen: 68480K->1405K(68608K)] 385598K->318523K(822784K), 0.0015520 secs] [Times: user=0.01 sys=0.00, real=0.00 secs] 
1670.911: [GC (Allocation Failure) [PSYoungGen: 68477K->1376K(68608K)] 385595K->318494K(822784K), 0.0021815 secs] [Times: user=0.01 sys=0.00, real=0.00 secs] 
1671.191: [GC (Allocation Failure) [PSYoungGen: 68448K->1344K(68608K)] 385566K->318462K(822784K), 0.0020027 secs] [Times: user=0.01 sys=0.00, real=0.00 secs] 
1671.470: [GC (Allocation Failure) [PSYoungGen: 68416K->1344K(68608K)] 385534K->318462K(822784K), 0.0021455 secs] [Times: user=0.01 sys=0.00, real=0.00 secs] 
1671.890: [GC (Allocation Failure) [PSYoungGen: 68416K->1376K(68608K)] 385534K->318494K(822784K), 0.0032464 secs] [Times: user=0.02 sys=0.00, real=0.00 secs] 
1672.982: [GC (Allocation Failure) [PSYoungGen: 68448K->1472K(68608K)] 385566K->318590K(822784K), 0.0018686 secs] [Times: user=0.00 sys=0.00, real=0.00 secs] 
1673.570: [GC (Allocation Failure) [PSYoungGen: 68544K->1408K(68608K)] 385662K->318526K(822784K), 0.0019062 secs] [Times: user=0.00 sys=0.00, real=0.00 secs] 
1674.228: [GC (Allocation Failure) [PSYoungGen: 68480K->1440K(68608K)] 385598K->318558K(822784K), 0.0039086 secs] [Times: user=0.02 sys=0.00, real=0.00 secs] 
1675.062: [GC (Allocation Failure) [PSYoungGen: 68512K->1376K(68608K)] 385630K->318494K(822784K), 0.0040866 secs] [Times: user=0.01 sys=0.00, real=0.01 secs] 
1676.312: [GC (Allocation Failure) [PSYoungGen: 68448K->1504K(68608K)] 385566K->318638K(822784K), 0.0017459 secs] [Times: user=0.01 sys=0.00, real=0.00 secs] 
1676.846: [GC (Allocation Failure) [PSYoungGen: 68576K->1376K(68608K)] 385710K->318534K(822784K), 0.0021375 secs] [Times: user=0.01 sys=0.00, real=0.00 secs] 
1677.352: [GC (Allocation Failure) [PSYoungGen: 68448K->1376K(68608K)] 385606K->318534K(822784K), 0.0020518 secs] [Times: user=0.00 sys=0.00, real=0.00 secs] 
1677.826: [GC (Allocation Failure) [PSYoungGen: 68448K->1376K(68608K)] 385606K->318534K(822784K), 0.0034633 secs] [Times: user=0.02 sys=0.00, real=0.00 secs] 
1678.312: [GC (Allocation Failure) [PSYoungGen: 68448K->1376K(68608K)] 385606K->318534K(822784K), 0.0031302 secs] [Times: user=0.01 sys=0.00, real=0.00 secs] 
1679.299: [GC (Allocation Failure) [PSYoungGen: 68448K->1488K(68608K)] 385606K->318646K(822784K), 0.0020598 secs] [Times: user=0.01 sys=0.00, real=0.00 secs] 
1679.660: [GC (Allocation Failure) [PSYoungGen: 68560K->1440K(68608K)] 385718K->318598K(822784K), 0.0022858 secs] [Times: user=0.01 sys=0.01, real=0.00 secs] 
1680.257: [GC (Allocation Failure) [PSYoungGen: 68512K->1440K(68608K)] 385670K->318598K(822784K), 0.0033919 secs] [Times: user=0.01 sys=0.00, real=0.00 secs] 
1681.254: [GC (Allocation Failure) [PSYoungGen: 68512K->1472K(68608K)] 385670K->318630K(822784K), 0.0029289 secs] [Times: user=0.01 sys=0.00, real=0.01 secs] 
1682.471: [GC (Allocation Failure) [PSYoungGen: 68544K->1472K(69120K)] 385702K->318630K(823296K), 0.0019322 secs] [Times: user=0.01 sys=0.00, real=0.00 secs] 
1682.756: [GC (Allocation Failure) [PSYoungGen: 68544K->1408K(68608K)] 385702K->318566K(822784K), 0.0024973 secs] [Times: user=0.01 sys=0.00, real=0.00 secs] 
1683.054: [GC (Allocation Failure) [PSYoungGen: 68480K->1472K(68096K)] 385638K->318638K(822272K), 0.0022340 secs] [Times: user=0.01 sys=0.00, real=0.01 secs] 
1683.331: [GC (Allocation Failure) [PSYoungGen: 68032K->1440K(68096K)] 385198K->318606K(822272K), 0.0021708 secs] [Times: user=0.01 sys=0.00, real=0.00 secs] 
1683.623: [GC (Allocation Failure) [PSYoungGen: 68000K->1440K(68096K)] 385166K->318606K(822272K), 0.0020107 secs] [Times: user=0.00 sys=0.00, real=0.01 secs] 
1684.517: [GC (Allocation Failure) [PSYoungGen: 68000K->1440K(68096K)] 385166K->318606K(822272K), 0.0021633 secs] [Times: user=0.00 sys=0.00, real=0.00 secs] 
1685.045: [GC (Allocation Failure) [PSYoungGen: 68000K->1440K(68096K)] 385166K->318694K(822272K), 0.0041121 secs] [Times: user=0.02 sys=0.00, real=0.01 secs] 
1685.596: [GC (Allocation Failure) [PSYoungGen: 68000K->1376K(68096K)] 385254K->318630K(822272K), 0.0032574 secs] [Times: user=0.01 sys=0.00, real=0.00 secs] 
1686.100: [GC (Allocation Failure) [PSYoungGen: 67936K->1408K(68096K)] 385190K->318662K(822272K), 0.0026728 secs] [Times: user=0.01 sys=0.00, real=0.00 secs] 
1686.874: [GC (Allocation Failure) [PSYoungGen: 67968K->1440K(68096K)] 385222K->318694K(822272K), 0.0017148 secs] [Times: user=0.00 sys=0.00, real=0.01 secs] 
1687.420: [GC (Allocation Failure) [PSYoungGen: 68000K->1408K(68096K)] 385254K->318686K(822272K), 0.0019749 secs] [Times: user=0.00 sys=0.00, real=0.00 secs] 
1687.976: [GC (Allocation Failure) [PSYoungGen: 67968K->1408K(68096K)] 385246K->318686K(822272K), 0.0025224 secs] [Times: user=0.01 sys=0.00, real=0.00 secs] 
1688.541: [GC (Allocation Failure) [PSYoungGen: 67968K->1408K(68096K)] 385246K->318686K(822272K), 0.0022486 secs] [Times: user=0.01 sys=0.00, real=0.00 secs] 
1689.173: [GC (Allocation Failure) [PSYoungGen: 67968K->1421K(68096K)] 385246K->318699K(822272K), 0.0019671 secs] [Times: user=0.01 sys=0.00, real=0.00 secs] 
1690.158: [GC (Allocation Failure) [PSYoungGen: 67981K->1440K(68096K)] 385259K->318718K(822272K), 0.0018717 secs] [Times: user=0.00 sys=0.00, real=0.00 secs] 
1690.738: [GC (Allocation Failure) [PSYoungGen: 68000K->1408K(68096K)] 385278K->318694K(822272K), 0.0021568 secs] [Times: user=0.01 sys=0.00, real=0.00 secs] 
1691.036: [GC (Allocation Failure) [PSYoungGen: 67968K->1424K(68096K)] 385254K->318710K(822272K), 0.0021457 secs] [Times: user=0.01 sys=0.00, real=0.00 secs] 
1691.313: [GC (Allocation Failure) [PSYoungGen: 67984K->1440K(68096K)] 385270K->318726K(822272K), 0.0020544 secs] [Times: user=0.01 sys=0.00, real=0.01 secs] 
1692.072: [GC (Allocation Failure) [PSYoungGen: 68000K->1456K(68096K)] 385286K->318742K(822272K), 0.0020310 secs] [Times: user=0.00 sys=0.00, real=0.00 secs] 
1692.350: [GC (Allocation Failure) [PSYoungGen: 68016K->1376K(68096K)] 385302K->318662K(822272K), 0.0019681 secs] [Times: user=0.01 sys=0.00, real=0.00 secs] 
1692.627: [GC (Allocation Failure) [PSYoungGen: 67936K->1376K(68096K)] 385222K->318686K(822272K), 0.0020200 secs] [Times: user=0.01 sys=0.00, real=0.00 secs] 
1692.905: [GC (Allocation Failure) [PSYoungGen: 67936K->1376K(68096K)] 385246K->318686K(822272K), 0.0031378 secs] [Times: user=0.01 sys=0.00, real=0.01 secs] 
1693.402: [GC (Allocation Failure) [PSYoungGen: 67936K->1357K(68096K)] 385246K->318667K(822272K), 0.0015022 secs] [Times: user=0.01 sys=0.00, real=0.00 secs] 
1694.917: [GC (Allocation Failure) [PSYoungGen: 67917K->1440K(68096K)] 385227K->318750K(822272K), 0.0041595 secs] [Times: user=0.01 sys=0.00, real=0.00 secs] 
1695.894: [GC (Allocation Failure) [PSYoungGen: 68000K->1408K(68096K)] 385310K->318718K(822272K), 0.0032858 secs] [Times: user=0.02 sys=0.00, real=0.01 secs] 
1696.627: [GC (Allocation Failure) [PSYoungGen: 67968K->1440K(68096K)] 385278K->318750K(822272K), 0.0031778 secs] [Times: user=0.01 sys=0.00, real=0.00 secs] 
1697.254: [GC (Allocation Failure) [PSYoungGen: 68000K->1376K(68096K)] 385310K->318686K(822272K), 0.0034093 secs] [Times: user=0.02 sys=0.00, real=0.01 secs] 
1698.280: [GC (Allocation Failure) [PSYoungGen: 67936K->1456K(68096K)] 385246K->318774K(822272K), 0.0019563 secs] [Times: user=0.00 sys=0.00, real=0.00 secs] 
1698.605: [GC (Allocation Failure) [PSYoungGen: 68016K->1440K(68096K)] 385334K->318758K(822272K), 0.0020921 secs] [Times: user=0.01 sys=0.00, real=0.01 secs] 
1698.976: [GC (Allocation Failure) [PSYoungGen: 68000K->1408K(68096K)] 385318K->318734K(822272K), 0.0031275 secs] [Times: user=0.01 sys=0.01, real=0.00 secs] 
1699.524: [GC (Allocation Failure) [PSYoungGen: 67968K->1408K(68096K)] 385294K->318742K(822272K), 0.0034850 secs] [Times: user=0.01 sys=0.00, real=0.01 secs] 
1700.449: [GC (Allocation Failure) [PSYoungGen: 67968K->1341K(68096K)] 385302K->318675K(822272K), 0.0015214 secs] [Times: user=0.01 sys=0.00, real=0.00 secs] 
1701.587: [GC (Allocation Failure) [PSYoungGen: 67901K->1456K(68096K)] 385235K->318790K(822272K), 0.0029276 secs] [Times: user=0.01 sys=0.00, real=0.00 secs] 
1702.393: [GC (Allocation Failure) [PSYoungGen: 68016K->1408K(68096K)] 385350K->318742K(822272K), 0.0043543 secs] [Times: user=0.02 sys=0.00, real=0.01 secs] 
1703.253: [GC (Allocation Failure) [PSYoungGen: 67968K->1376K(68096K)] 385302K->318710K(822272K), 0.0037927 secs] [Times: user=0.02 sys=0.00, real=0.01 secs] 
1703.987: [GC (Allocation Failure) [PSYoungGen: 67936K->1376K(68096K)] 385270K->318710K(822272K), 0.0045003 secs] [Times: user=0.02 sys=0.00, real=0.00 secs] 
1705.057: [GC (Allocation Failure) [PSYoungGen: 67936K->1440K(68096K)] 385270K->318774K(822272K), 0.0017765 secs] [Times: user=0.00 sys=0.00, real=0.00 secs] 
1705.334: [GC (Allocation Failure) [PSYoungGen: 68000K->1376K(68096K)] 385334K->318710K(822272K), 0.0019538 secs] [Times: user=0.01 sys=0.00, real=0.01 secs] 
1705.633: [GC (Allocation Failure) [PSYoungGen: 67936K->1376K(68096K)] 385270K->318710K(822272K), 0.0018673 secs] [Times: user=0.00 sys=0.00, real=0.00 secs] 
1705.909: [GC (Allocation Failure) [PSYoungGen: 67936K->1408K(68096K)] 385270K->318742K(822272K), 0.0022859 secs] [Times: user=0.01 sys=0.00, real=0.00 secs] 
1706.599: [GC (Allocation Failure) [PSYoungGen: 67968K->1389K(68096K)] 385302K->318723K(822272K), 0.0014951 secs] [Times: user=0.01 sys=0.00, real=0.00 secs] 
1707.024: [GC (Allocation Failure) [PSYoungGen: 67949K->1440K(68096K)] 385283K->318774K(822272K), 0.0019563 secs] [Times: user=0.00 sys=0.00, real=0.01 secs] 
1707.308: [GC (Allocation Failure) [PSYoungGen: 68000K->1376K(68096K)] 385334K->318726K(822272K), 0.0018868 secs] [Times: user=0.01 sys=0.00, real=0.00 secs] 
1707.617: [GC (Allocation Failure) [PSYoungGen: 67936K->1376K(68096K)] 385286K->318726K(822272K), 0.0019575 secs] [Times: user=0.01 sys=0.01, real=0.00 secs] 
1707.893: [GC (Allocation Failure) [PSYoungGen: 67936K->1408K(68096K)] 385286K->318758K(822272K), 0.0020908 secs] [Times: user=0.00 sys=0.00, real=0.00 secs] 
1709.037: [GC (Allocation Failure) [PSYoungGen: 67968K->1440K(68096K)] 385318K->318790K(822272K), 0.0035339 secs] [Times: user=0.01 sys=0.00, real=0.00 secs] 
1709.546: [GC (Allocation Failure) [PSYoungGen: 68000K->1408K(68096K)] 385350K->318758K(822272K), 0.0026537 secs] [Times: user=0.01 sys=0.00, real=0.00 secs] 
1710.169: [GC (Allocation Failure) [PSYoungGen: 67968K->1408K(68096K)] 385318K->318758K(822272K), 0.0022869 secs] [Times: user=0.01 sys=0.00, real=0.00 secs] 
1710.804: [GC (Allocation Failure) [PSYoungGen: 67968K->1440K(68096K)] 385318K->318790K(822272K), 0.0027089 secs] [Times: user=0.01 sys=0.00, real=0.01 secs] 
1711.797: [GC (Allocation Failure) [PSYoungGen: 68000K->1488K(68096K)] 385350K->318838K(822272K), 0.0017607 secs] [Times: user=0.00 sys=0.00, real=0.00 secs] 
1712.586: [GC (Allocation Failure) [PSYoungGen: 68048K->1408K(68096K)] 385398K->318758K(822272K), 0.0020501 secs] [Times: user=0.01 sys=0.00, real=0.00 secs] 
1713.168: [GC (Allocation Failure) [PSYoungGen: 67968K->1408K(68096K)] 385318K->318758K(822272K), 0.0034365 secs] [Times: user=0.01 sys=0.00, real=0.00 secs] 
1713.737: [GC (Allocation Failure) [PSYoungGen: 67968K->1376K(68096K)] 385318K->318726K(822272K), 0.0032397 secs] [Times: user=0.01 sys=0.00, real=0.00 secs] 
1714.392: [GC (Allocation Failure) [PSYoungGen: 67936K->1376K(68096K)] 385286K->318726K(822272K), 0.0023359 secs] [Times: user=0.01 sys=0.00, real=0.00 secs] 
1716.028: [GC (Allocation Failure) [PSYoungGen: 67936K->1440K(68096K)] 385286K->318790K(822272K), 0.0050130 secs] [Times: user=0.02 sys=0.00, real=0.00 secs] 
1716.841: [GC (Allocation Failure) [PSYoungGen: 68000K->1408K(68096K)] 385350K->318758K(822272K), 0.0027302 secs] [Times: user=0.01 sys=0.00, real=0.00 secs] 
1717.653: [GC (Allocation Failure) [PSYoungGen: 67968K->1408K(68096K)] 385318K->318758K(822272K), 0.0034052 secs] [Times: user=0.01 sys=0.00, real=0.01 secs] 
1718.345: [GC (Allocation Failure) [PSYoungGen: 67968K->1344K(68096K)] 385318K->318694K(822272K), 0.0038016 secs] [Times: user=0.01 sys=0.00, real=0.01 secs] 
1719.449: [GC (Allocation Failure) [PSYoungGen: 67904K->1504K(68096K)] 385254K->318926K(822272K), 0.0015976 secs] [Times: user=0.01 sys=0.00, real=0.00 secs] 
1720.108: [GC (Allocation Failure) [PSYoungGen: 68064K->1344K(68096K)] 385486K->318782K(822272K), 0.0032785 secs] [Times: user=0.01 sys=0.00, real=0.00 secs] 
1720.710: [GC (Allocation Failure) [PSYoungGen: 67904K->1296K(68608K)] 385342K->318734K(822784K), 0.0023514 secs] [Times: user=0.01 sys=0.00, real=0.00 secs] 
1721.323: [GC (Allocation Failure) [PSYoungGen: 67856K->1328K(68608K)] 385294K->318766K(822784K), 0.0021110 secs] [Times: user=0.00 sys=0.00, real=0.00 secs] 
1722.040: [GC (Allocation Failure) [PSYoungGen: 67888K->1344K(68096K)] 385326K->318782K(822272K), 0.0023505 secs] [Times: user=0.00 sys=0.00, real=0.00 secs] 
1722.971: [GC (Allocation Failure) [PSYoungGen: 67904K->1456K(68096K)] 385342K->318894K(822272K), 0.0019673 secs] [Times: user=0.01 sys=0.00, real=0.00 secs] 
1723.274: [GC (Allocation Failure) [PSYoungGen: 68016K->1408K(68096K)] 385454K->318846K(822272K), 0.0020017 secs] [Times: user=0.00 sys=0.00, real=0.01 secs] 
1723.640: [GC (Allocation Failure) [PSYoungGen: 67968K->1440K(68096K)] 385406K->318878K(822272K), 0.0021014 secs] [Times: user=0.01 sys=0.00, real=0.00 secs] 
1723.925: [GC (Allocation Failure) [PSYoungGen: 68000K->1392K(68096K)] 385438K->318830K(822272K), 0.0020701 secs] [Times: user=0.01 sys=0.00, real=0.00 secs] 
1724.678: [GC (Allocation Failure) [PSYoungGen: 67952K->1456K(68096K)] 385390K->319918K(822272K), 0.0019872 secs] [Times: user=0.01 sys=0.00, real=0.00 secs] 
1724.954: [GC (Allocation Failure) [PSYoungGen: 68016K->384K(67584K)] 386478K->319870K(821760K), 0.0020609 secs] [Times: user=0.00 sys=0.00, real=0.01 secs] 
1725.271: [GC (Allocation Failure) [PSYoungGen: 66944K->416K(68608K)] 386430K->319902K(822784K), 0.0019089 secs] [Times: user=0.01 sys=0.00, real=0.00 secs] 
1725.588: [GC (Allocation Failure) [PSYoungGen: 66976K->368K(68608K)] 386462K->319854K(822784K), 0.0019058 secs] [Times: user=0.01 sys=0.00, real=0.00 secs] 
1725.864: [GC (Allocation Failure) [PSYoungGen: 66928K->448K(68608K)] 386414K->319934K(822784K), 0.0018367 secs] [Times: user=0.01 sys=0.00, real=0.01 secs] 
1726.647: [GC (Allocation Failure) [PSYoungGen: 67008K->1440K(68608K)] 386494K->320950K(822784K), 0.0020019 secs] [Times: user=0.01 sys=0.00, real=0.00 secs] 
1726.949: [GC (Allocation Failure) [PSYoungGen: 68000K->1376K(68608K)] 387510K->320926K(822784K), 0.0017436 secs] [Times: user=0.01 sys=0.00, real=0.00 secs] 
1727.277: [GC (Allocation Failure) [PSYoungGen: 67936K->1408K(68608K)] 387486K->320958K(822784K), 0.0020451 secs] [Times: user=0.01 sys=0.00, real=0.00 secs] 
1727.594: [GC (Allocation Failure) [PSYoungGen: 67968K->1408K(68608K)] 387518K->320958K(822784K), 0.0019370 secs] [Times: user=0.01 sys=0.00, real=0.01 secs] 
1728.518: [GC (Allocation Failure) [PSYoungGen: 67968K->1440K(68608K)] 387518K->320990K(822784K), 0.0018116 secs] [Times: user=0.01 sys=0.00, real=0.00 secs] 
1729.260: [GC (Allocation Failure) [PSYoungGen: 68000K->1408K(68608K)] 387550K->320958K(822784K), 0.0026609 secs] [Times: user=0.01 sys=0.00, real=0.00 secs] 
1730.038: [GC (Allocation Failure) [PSYoungGen: 67968K->1408K(68608K)] 387518K->320958K(822784K), 0.0026487 secs] [Times: user=0.01 sys=0.00, real=0.00 secs] 
1730.565: [GC (Allocation Failure) [PSYoungGen: 67968K->1408K(68608K)] 387518K->320958K(822784K), 0.0030032 secs] [Times: user=0.01 sys=0.00, real=0.01 secs] 
1731.117: [GC (Allocation Failure) [PSYoungGen: 67968K->1392K(68608K)] 387518K->320942K(822784K), 0.0022879 secs] [Times: user=0.01 sys=0.00, real=0.00 secs] 
1732.011: [GC (Allocation Failure) [PSYoungGen: 67952K->1408K(68608K)] 387502K->320958K(822784K), 0.0019672 secs] [Times: user=0.01 sys=0.00, real=0.00 secs] 
1732.568: [GC (Allocation Failure) [PSYoungGen: 67968K->1424K(68608K)] 387518K->320974K(822784K), 0.0020997 secs] [Times: user=0.01 sys=0.01, real=0.00 secs] 
1733.162: [GC (Allocation Failure) [PSYoungGen: 67984K->1440K(68608K)] 387534K->320990K(822784K), 0.0022216 secs] [Times: user=0.01 sys=0.00, real=0.00 secs] 
1733.830: [GC (Allocation Failure) [PSYoungGen: 68000K->1440K(68608K)] 387550K->320990K(822784K), 0.0027228 secs] [Times: user=0.01 sys=0.00, real=0.00 secs] 
1734.873: [GC (Allocation Failure) [PSYoungGen: 68000K->1424K(68608K)] 387550K->320974K(822784K), 0.0019627 secs] [Times: user=0.01 sys=0.00, real=0.00 secs] 
1735.404: [GC (Allocation Failure) [PSYoungGen: 67984K->1376K(68608K)] 387534K->320926K(822784K), 0.0032784 secs] [Times: user=0.01 sys=0.00, real=0.01 secs] 
1735.956: [GC (Allocation Failure) [PSYoungGen: 67936K->1440K(68608K)] 387486K->320990K(822784K), 0.0024441 secs] [Times: user=0.01 sys=0.00, real=0.00 secs] 
1736.512: [GC (Allocation Failure) [PSYoungGen: 68000K->1408K(68608K)] 387550K->320958K(822784K), 0.0022681 secs] [Times: user=0.01 sys=0.00, real=0.00 secs] 
1737.103: [GC (Allocation Failure) [PSYoungGen: 67968K->1376K(68608K)] 387518K->320926K(822784K), 0.0018177 secs] [Times: user=0.01 sys=0.00, real=0.00 secs] 
1738.228: [GC (Allocation Failure) [PSYoungGen: 67936K->1424K(68608K)] 387486K->320974K(822784K), 0.0021520 secs] [Times: user=0.01 sys=0.00, real=0.00 secs] 
1738.901: [GC (Allocation Failure) [PSYoungGen: 67984K->1392K(68608K)] 387534K->320950K(822784K), 0.0021929 secs] [Times: user=0.01 sys=0.00, real=0.00 secs] 
1739.489: [GC (Allocation Failure) [PSYoungGen: 67952K->1408K(68608K)] 387510K->320966K(822784K), 0.0022063 secs] [Times: user=0.01 sys=0.00, real=0.00 secs] 
1740.209: [GC (Allocation Failure) [PSYoungGen: 67968K->1408K(68608K)] 387526K->320966K(822784K), 0.0022206 secs] [Times: user=0.01 sys=0.00, real=0.00 secs] 
1741.352: [GC (Allocation Failure) [PSYoungGen: 67968K->1408K(68608K)] 387526K->320966K(822784K), 0.0019629 secs] [Times: user=0.00 sys=0.00, real=0.00 secs] 
1742.044: [GC (Allocation Failure) [PSYoungGen: 67968K->1440K(68608K)] 387526K->320998K(822784K), 0.0020165 secs] [Times: user=0.01 sys=0.00, real=0.01 secs] 
1742.870: [GC (Allocation Failure) [PSYoungGen: 68000K->1440K(68608K)] 387558K->320998K(822784K), 0.0024658 secs] [Times: user=0.01 sys=0.00, real=0.00 secs] 
1743.595: [GC (Allocation Failure) [PSYoungGen: 68000K->1376K(68608K)] 387558K->320934K(822784K), 0.0026342 secs] [Times: user=0.01 sys=0.00, real=0.01 secs] 
1744.535: [GC (Allocation Failure) [PSYoungGen: 67936K->1373K(68608K)] 387494K->320931K(822784K), 0.0019158 secs] [Times: user=0.01 sys=0.00, real=0.00 secs] 
1745.349: [GC (Allocation Failure) [PSYoungGen: 67933K->1456K(68608K)] 387491K->321014K(822784K), 0.0021308 secs] [Times: user=0.01 sys=0.00, real=0.00 secs] 
1746.070: [GC (Allocation Failure) [PSYoungGen: 68016K->1408K(68608K)] 387574K->320966K(822784K), 0.0020443 secs] [Times: user=0.01 sys=0.00, real=0.00 secs] 
1746.605: [GC (Allocation Failure) [PSYoungGen: 67968K->1408K(68608K)] 387526K->320966K(822784K), 0.0025573 secs] [Times: user=0.01 sys=0.00, real=0.01 secs] 
1747.153: [GC (Allocation Failure) [PSYoungGen: 67968K->1440K(68608K)] 387526K->320998K(822784K), 0.0021152 secs] [Times: user=0.01 sys=0.00, real=0.00 secs] 
1748.098: [GC (Allocation Failure) [PSYoungGen: 68000K->1424K(68608K)] 387558K->320982K(822784K), 0.0019941 secs] [Times: user=0.01 sys=0.00, real=0.00 secs] 
1748.405: [GC (Allocation Failure) [PSYoungGen: 67984K->1392K(68608K)] 387542K->320950K(822784K), 0.0019986 secs] [Times: user=0.01 sys=0.00, real=0.00 secs] 
1748.909: [GC (Allocation Failure) [PSYoungGen: 67952K->1408K(68608K)] 387510K->320982K(822784K), 0.0039812 secs] [Times: user=0.02 sys=0.00, real=0.00 secs] 
1749.442: [GC (Allocation Failure) [PSYoungGen: 67968K->1344K(68096K)] 387542K->320918K(822272K), 0.0055441 secs] [Times: user=0.01 sys=0.00, real=0.01 secs] 
1750.150: [GC (Allocation Failure) [PSYoungGen: 67904K->1405K(68096K)] 387478K->320979K(822272K), 0.0016210 secs] [Times: user=0.01 sys=0.00, real=0.00 secs] 
1750.841: [GC (Allocation Failure) [PSYoungGen: 67965K->384K(67584K)] 387539K->320982K(821760K), 0.0019303 secs] [Times: user=0.01 sys=0.00, real=0.00 secs] 
1751.118: [GC (Allocation Failure) [PSYoungGen: 66944K->416K(68608K)] 387542K->321014K(822784K), 0.0019580 secs] [Times: user=0.01 sys=0.00, real=0.00 secs] 
1751.603: [GC (Allocation Failure) [PSYoungGen: 66976K->384K(68608K)] 387574K->320982K(822784K), 0.0026983 secs] [Times: user=0.01 sys=0.00, real=0.01 secs] 
1752.164: [GC (Allocation Failure) [PSYoungGen: 66944K->384K(68608K)] 387542K->320982K(822784K), 0.0025325 secs] [Times: user=0.01 sys=0.00, real=0.01 secs] 
1753.281: [GC (Allocation Failure) [PSYoungGen: 66944K->1440K(68608K)] 387542K->322038K(822784K), 0.0021815 secs] [Times: user=0.01 sys=0.00, real=0.00 secs] 
1754.148: [GC (Allocation Failure) [PSYoungGen: 68000K->1408K(68608K)] 388598K->322014K(822784K), 0.0025598 secs] [Times: user=0.01 sys=0.00, real=0.00 secs] 
1754.866: [GC (Allocation Failure) [PSYoungGen: 67968K->1440K(68608K)] 388574K->322046K(822784K), 0.0027306 secs] [Times: user=0.01 sys=0.00, real=0.00 secs] 
1755.558: [GC (Allocation Failure) [PSYoungGen: 68000K->1408K(68608K)] 388606K->322014K(822784K), 0.0023278 secs] [Times: user=0.01 sys=0.00, real=0.00 secs] 
1756.356: [GC (Allocation Failure) [PSYoungGen: 67968K->1408K(68608K)] 388574K->322014K(822784K), 0.0015071 secs] [Times: user=0.01 sys=0.00, real=0.00 secs] 
1758.066: [GC (Allocation Failure) [PSYoungGen: 67968K->1376K(68608K)] 388574K->321982K(822784K), 0.0033393 secs] [Times: user=0.01 sys=0.00, real=0.00 secs] 
1758.770: [GC (Allocation Failure) [PSYoungGen: 67936K->1392K(68608K)] 388542K->322006K(822784K), 0.0045302 secs] [Times: user=0.02 sys=0.00, real=0.00 secs] 
1759.580: [GC (Allocation Failure) [PSYoungGen: 67952K->1408K(68608K)] 388566K->322030K(822784K), 0.0031933 secs] [Times: user=0.01 sys=0.00, real=0.00 secs] 
1760.166: [GC (Allocation Failure) [PSYoungGen: 67968K->1408K(68608K)] 388590K->322030K(822784K), 0.0026929 secs] [Times: user=0.01 sys=0.00, real=0.00 secs] 
1761.027: [GC (Allocation Failure) [PSYoungGen: 67968K->1440K(68608K)] 388590K->322062K(822784K), 0.0018137 secs] [Times: user=0.01 sys=0.00, real=0.00 secs] 
1761.386: [GC (Allocation Failure) [PSYoungGen: 68000K->1408K(68608K)] 388622K->322030K(822784K), 0.0018551 secs] [Times: user=0.01 sys=0.00, real=0.00 secs] 
1761.995: [GC (Allocation Failure) [PSYoungGen: 67968K->1440K(68608K)] 388590K->322062K(822784K), 0.0037458 secs] [Times: user=0.01 sys=0.00, real=0.01 secs] 
1762.550: [GC (Allocation Failure) [PSYoungGen: 68000K->1408K(68608K)] 388622K->322030K(822784K), 0.0032913 secs] [Times: user=0.02 sys=0.00, real=0.00 secs] 
1763.503: [GC (Allocation Failure) [PSYoungGen: 67968K->1373K(68608K)] 388590K->321995K(822784K), 0.0014889 secs] [Times: user=0.01 sys=0.00, real=0.00 secs] 
1764.431: [GC (Allocation Failure) [PSYoungGen: 67933K->1408K(68608K)] 388555K->322030K(822784K), 0.0022511 secs] [Times: user=0.01 sys=0.00, real=0.00 secs] 
1765.085: [GC (Allocation Failure) [PSYoungGen: 67968K->1456K(68608K)] 388590K->322078K(822784K), 0.0041212 secs] [Times: user=0.02 sys=0.00, real=0.01 secs] 
1766.042: [GC (Allocation Failure) [PSYoungGen: 68016K->1408K(68608K)] 388638K->322030K(822784K), 0.0040471 secs] [Times: user=0.02 sys=0.00, real=0.01 secs] 
1766.920: [GC (Allocation Failure) [PSYoungGen: 67968K->1408K(68608K)] 388590K->322030K(822784K), 0.0043258 secs] [Times: user=0.02 sys=0.00, real=0.00 secs] 
1768.412: [GC (Allocation Failure) [PSYoungGen: 67968K->1440K(68608K)] 388590K->322070K(822784K), 0.0025245 secs] [Times: user=0.01 sys=0.00, real=0.00 secs] 
1769.433: [GC (Allocation Failure) [PSYoungGen: 68000K->1440K(68608K)] 388630K->322070K(822784K), 0.0043792 secs] [Times: user=0.02 sys=0.00, real=0.01 secs] 
1770.253: [GC (Allocation Failure) [PSYoungGen: 68000K->1376K(68608K)] 388630K->322006K(822784K), 0.0029136 secs] [Times: user=0.01 sys=0.00, real=0.01 secs] 
1770.920: [GC (Allocation Failure) [PSYoungGen: 67936K->1424K(68608K)] 388566K->322070K(822784K), 0.0041488 secs] [Times: user=0.02 sys=0.01, real=0.00 secs] 
1771.815: [GC (Allocation Failure) [PSYoungGen: 67984K->1280K(68608K)] 388630K->321926K(822784K), 0.0015699 secs] [Times: user=0.01 sys=0.00, real=0.01 secs] 
1772.473: [GC (Allocation Failure) [PSYoungGen: 67840K->1376K(68608K)] 388486K->322022K(822784K), 0.0017885 secs] [Times: user=0.00 sys=0.00, real=0.00 secs] 
1773.015: [GC (Allocation Failure) [PSYoungGen: 67936K->1376K(68608K)] 388582K->322022K(822784K), 0.0026693 secs] [Times: user=0.01 sys=0.00, real=0.01 secs] 
1773.340: [GC (Allocation Failure) [PSYoungGen: 67936K->1408K(68608K)] 388582K->322054K(822784K), 0.0019390 secs] [Times: user=0.01 sys=0.00, real=0.00 secs] 
1773.811: [GC (Allocation Failure) [PSYoungGen: 67968K->1408K(68608K)] 388614K->322054K(822784K), 0.0033009 secs] [Times: user=0.01 sys=0.01, real=0.00 secs] 
1774.921: [GC (Allocation Failure) [PSYoungGen: 67968K->1424K(68608K)] 388614K->322070K(822784K), 0.0018906 secs] [Times: user=0.01 sys=0.00, real=0.00 secs] 
1775.744: [GC (Allocation Failure) [PSYoungGen: 67984K->1408K(68608K)] 388630K->322054K(822784K), 0.0019259 secs] [Times: user=0.01 sys=0.00, real=0.01 secs] 
1776.682: [GC (Allocation Failure) [PSYoungGen: 67968K->1440K(68608K)] 388614K->322086K(822784K), 0.0028612 secs] [Times: user=0.01 sys=0.00, real=0.00 secs] 
1777.119: [GC (Allocation Failure) [PSYoungGen: 68000K->1376K(68608K)] 388646K->322022K(822784K), 0.0022127 secs] [Times: user=0.01 sys=0.00, real=0.00 secs] 
1778.127: [GC (Allocation Failure) [PSYoungGen: 67936K->1664K(68608K)] 388582K->322310K(822784K), 0.0018124 secs] [Times: user=0.00 sys=0.00, real=0.00 secs] 
1778.762: [GC (Allocation Failure) [PSYoungGen: 68224K->1440K(68608K)] 388870K->322086K(822784K), 0.0022660 secs] [Times: user=0.01 sys=0.00, real=0.00 secs] 
1779.324: [GC (Allocation Failure) [PSYoungGen: 68000K->1376K(68608K)] 388646K->322038K(822784K), 0.0020652 secs] [Times: user=0.01 sys=0.00, real=0.01 secs] 
1779.600: [GC (Allocation Failure) [PSYoungGen: 67936K->1408K(68608K)] 388598K->322070K(822784K), 0.0020276 secs] [Times: user=0.01 sys=0.00, real=0.00 secs] 
1780.005: [GC (Allocation Failure) [PSYoungGen: 67968K->1408K(68608K)] 388630K->322070K(822784K), 0.0020577 secs] [Times: user=0.01 sys=0.00, real=0.01 secs] 
1781.518: [GC (Allocation Failure) [PSYoungGen: 67968K->1440K(68608K)] 388630K->322102K(822784K), 0.0041832 secs] [Times: user=0.02 sys=0.00, real=0.00 secs] 
1783.089: [GC (Allocation Failure) [PSYoungGen: 68000K->1408K(68608K)] 388662K->322070K(822784K), 0.0045569 secs] [Times: user=0.02 sys=0.00, real=0.00 secs] 
1783.514: [GC (Allocation Failure) [PSYoungGen: 67968K->1392K(68608K)] 388630K->322054K(822784K), 0.0024419 secs] [Times: user=0.01 sys=0.00, real=0.01 secs] 
1784.094: [GC (Allocation Failure) [PSYoungGen: 67952K->1408K(68608K)] 388614K->322070K(822784K), 0.0023595 secs] [Times: user=0.01 sys=0.00, real=0.01 secs] 
1785.002: [GC (Allocation Failure) [PSYoungGen: 67968K->1920K(68608K)] 388630K->322582K(822784K), 0.0018762 secs] [Times: user=0.01 sys=0.00, real=0.00 secs] 
1785.305: [GC (Allocation Failure) [PSYoungGen: 68480K->1376K(68608K)] 389142K->322038K(822784K), 0.0019739 secs] [Times: user=0.01 sys=0.00, real=0.01 secs] 
1785.734: [GC (Allocation Failure) [PSYoungGen: 67936K->1376K(68608K)] 388598K->322038K(822784K), 0.0019838 secs] [Times: user=0.00 sys=0.00, real=0.01 secs] 
1786.306: [GC (Allocation Failure) [PSYoungGen: 67936K->1408K(68608K)] 388598K->322070K(822784K), 0.0020157 secs] [Times: user=0.01 sys=0.00, real=0.00 secs] 
1786.827: [GC (Allocation Failure) [PSYoungGen: 67968K->1408K(68608K)] 388630K->322070K(822784K), 0.0019882 secs] [Times: user=0.01 sys=0.00, real=0.00 secs] 
1787.591: [GC (Allocation Failure) [PSYoungGen: 67968K->1440K(68608K)] 388630K->322102K(822784K), 0.0018119 secs] [Times: user=0.00 sys=0.00, real=0.00 secs] 
1787.867: [GC (Allocation Failure) [PSYoungGen: 68000K->1408K(68608K)] 388662K->322086K(822784K), 0.0018934 secs] [Times: user=0.01 sys=0.00, real=0.00 secs] 
1788.377: [GC (Allocation Failure) [PSYoungGen: 67968K->1408K(68608K)] 388646K->322086K(822784K), 0.0021456 secs] [Times: user=0.01 sys=0.00, real=0.00 secs] 
1788.955: [GC (Allocation Failure) [PSYoungGen: 67968K->1408K(68608K)] 388646K->322086K(822784K), 0.0025495 secs] [Times: user=0.01 sys=0.00, real=0.01 secs] 
1789.972: [GC (Allocation Failure) [PSYoungGen: 67968K->1440K(68608K)] 388646K->322118K(822784K), 0.0017310 secs] [Times: user=0.01 sys=0.00, real=0.00 secs] 
1790.477: [GC (Allocation Failure) [PSYoungGen: 68000K->1376K(68608K)] 388678K->322054K(822784K), 0.0019460 secs] [Times: user=0.01 sys=0.00, real=0.00 secs] 
1790.757: [GC (Allocation Failure) [PSYoungGen: 67936K->1408K(68608K)] 388614K->322086K(822784K), 0.0019277 secs] [Times: user=0.01 sys=0.00, real=0.00 secs] 
1791.092: [GC (Allocation Failure) [PSYoungGen: 67968K->1440K(68608K)] 388646K->322118K(822784K), 0.0020713 secs] [Times: user=0.01 sys=0.00, real=0.00 secs] 
1791.403: [GC (Allocation Failure) [PSYoungGen: 68000K->1376K(68608K)] 388678K->322054K(822784K), 0.0022615 secs] [Times: user=0.01 sys=0.01, real=0.00 secs] 
1792.202: [GC (Allocation Failure) [PSYoungGen: 67936K->1440K(68608K)] 388614K->322118K(822784K), 0.0018069 secs] [Times: user=0.00 sys=0.00, real=0.00 secs] 
1792.639: [GC (Allocation Failure) [PSYoungGen: 68000K->1392K(68608K)] 388678K->322070K(822784K), 0.0020521 secs] [Times: user=0.01 sys=0.00, real=0.00 secs] 
1793.162: [GC (Allocation Failure) [PSYoungGen: 67952K->1408K(68096K)] 388630K->322086K(822272K), 0.0019009 secs] [Times: user=0.01 sys=0.00, real=0.00 secs] 
1793.681: [GC (Allocation Failure) [PSYoungGen: 67968K->1440K(68096K)] 388646K->322118K(822272K), 0.0022611 secs] [Times: user=0.01 sys=0.00, real=0.00 secs] 
1794.683: [GC (Allocation Failure) [PSYoungGen: 68000K->352K(67584K)] 388678K->322054K(821760K), 0.0035308 secs] [Times: user=0.02 sys=0.01, real=0.01 secs] 
1795.479: [GC (Allocation Failure) [PSYoungGen: 66912K->320K(68608K)] 388614K->322022K(822784K), 0.0018041 secs] [Times: user=0.01 sys=0.00, real=0.00 secs] 
1796.201: [GC (Allocation Failure) [PSYoungGen: 66880K->336K(68608K)] 388582K->322054K(822784K), 0.0021963 secs] [Times: user=0.01 sys=0.01, real=0.00 secs] 
1797.038: [GC (Allocation Failure) [PSYoungGen: 66896K->320K(68608K)] 388614K->322038K(822784K), 0.0024886 secs] [Times: user=0.01 sys=0.00, real=0.00 secs] 
1797.601: [GC (Allocation Failure) [PSYoungGen: 66871K->304K(68608K)] 388589K->322054K(822784K), 0.0022739 secs] [Times: user=0.01 sys=0.00, real=0.00 secs] 
1798.581: [GC (Allocation Failure) [PSYoungGen: 66864K->1472K(68608K)] 388614K->323222K(822784K), 0.0020051 secs] [Times: user=0.01 sys=0.00, real=0.00 secs] 
1799.142: [GC (Allocation Failure) [PSYoungGen: 68032K->1376K(69120K)] 389782K->323126K(823296K), 0.0021591 secs] [Times: user=0.01 sys=0.00, real=0.00 secs] 
1799.641: [GC (Allocation Failure) [PSYoungGen: 67936K->1392K(69120K)] 389686K->323142K(823296K), 0.0020745 secs] [Times: user=0.01 sys=0.00, real=0.00 secs] 
1800.189: [GC (Allocation Failure) [PSYoungGen: 67952K->1408K(69120K)] 389702K->323158K(823296K), 0.0020170 secs] [Times: user=0.01 sys=0.00, real=0.00 secs] 
1801.168: [GC (Allocation Failure) [PSYoungGen: 67968K->1408K(69120K)] 389718K->323158K(823296K), 0.0021465 secs] [Times: user=0.00 sys=0.00, real=0.00 secs] 
1801.512: [GC (Allocation Failure) [PSYoungGen: 67968K->1408K(69120K)] 389718K->323158K(823296K), 0.0020670 secs] [Times: user=0.01 sys=0.00, real=0.00 secs] 
1801.946: [GC (Allocation Failure) [PSYoungGen: 67968K->1408K(69120K)] 389718K->323158K(823296K), 0.0020206 secs] [Times: user=0.01 sys=0.00, real=0.00 secs] 
1802.490: [GC (Allocation Failure) [PSYoungGen: 67968K->1376K(69120K)] 389718K->323126K(823296K), 0.0022618 secs] [Times: user=0.01 sys=0.00, real=0.00 secs] 
1803.161: [GC (Allocation Failure) [PSYoungGen: 67936K->1389K(69120K)] 389686K->323139K(823296K), 0.0015594 secs] [Times: user=0.00 sys=0.00, real=0.00 secs] 
1804.011: [GC (Allocation Failure) [PSYoungGen: 67949K->1440K(69120K)] 389699K->323190K(823296K), 0.0020796 secs] [Times: user=0.01 sys=0.00, real=0.00 secs] 
1804.603: [GC (Allocation Failure) [PSYoungGen: 68000K->1376K(68096K)] 389750K->323126K(822272K), 0.0032958 secs] [Times: user=0.01 sys=0.00, real=0.01 secs] 
1805.323: [GC (Allocation Failure) [PSYoungGen: 67936K->1376K(68608K)] 389686K->323126K(822784K), 0.0021891 secs] [Times: user=0.01 sys=0.00, real=0.00 secs] 
1806.060: [GC (Allocation Failure) [PSYoungGen: 67936K->1408K(68608K)] 389686K->323158K(822784K), 0.0021444 secs] [Times: user=0.01 sys=0.00, real=0.00 secs] 
1807.115: [GC (Allocation Failure) [PSYoungGen: 67968K->1472K(68608K)] 389718K->323222K(822784K), 0.0019380 secs] [Times: user=0.01 sys=0.00, real=0.01 secs] 
1807.392: [GC (Allocation Failure) [PSYoungGen: 68032K->1408K(68608K)] 389782K->323158K(822784K), 0.0019300 secs] [Times: user=0.01 sys=0.00, real=0.00 secs] 
1807.794: [GC (Allocation Failure) [PSYoungGen: 67968K->1408K(68608K)] 389718K->323174K(822784K), 0.0021623 secs] [Times: user=0.01 sys=0.00, real=0.01 secs] 
1808.261: [GC (Allocation Failure) [PSYoungGen: 67968K->1408K(68608K)] 389734K->323174K(822784K), 0.0022772 secs] [Times: user=0.01 sys=0.00, real=0.00 secs] 
1810.141: [GC (Allocation Failure) [PSYoungGen: 67968K->1405K(68608K)] 389734K->323171K(822784K), 0.0016043 secs] [Times: user=0.00 sys=0.00, real=0.00 secs] 
1811.439: [GC (Allocation Failure) [PSYoungGen: 67965K->1376K(68608K)] 389731K->323142K(822784K), 0.0034761 secs] [Times: user=0.02 sys=0.00, real=0.00 secs] 
1812.146: [GC (Allocation Failure) [PSYoungGen: 67936K->1408K(68608K)] 389702K->323182K(822784K), 0.0035254 secs] [Times: user=0.01 sys=0.00, real=0.00 secs] 
1812.956: [GC (Allocation Failure) [PSYoungGen: 67968K->1376K(68608K)] 389742K->323150K(822784K), 0.0034176 secs] [Times: user=0.01 sys=0.00, real=0.00 secs] 
1813.714: [GC (Allocation Failure) [PSYoungGen: 67936K->1408K(68608K)] 389710K->323190K(822784K), 0.0033420 secs] [Times: user=0.01 sys=0.00, real=0.01 secs] 
1814.980: [GC (Allocation Failure) [PSYoungGen: 67968K->1408K(68608K)] 389750K->323190K(822784K), 0.0035475 secs] [Times: user=0.01 sys=0.00, real=0.00 secs] 
1815.599: [GC (Allocation Failure) [PSYoungGen: 67968K->1408K(68608K)] 389750K->323190K(822784K), 0.0032792 secs] [Times: user=0.02 sys=0.00, real=0.00 secs] 
1816.137: [GC (Allocation Failure) [PSYoungGen: 67968K->1376K(68608K)] 389750K->323166K(822784K), 0.0032191 secs] [Times: user=0.02 sys=0.00, real=0.00 secs] 
1816.670: [GC (Allocation Failure) [PSYoungGen: 67936K->1440K(68608K)] 389726K->323230K(822784K), 0.0029141 secs] [Times: user=0.02 sys=0.00, real=0.00 secs] 
1817.479: [GC (Allocation Failure) [PSYoungGen: 68000K->1424K(68608K)] 389790K->323214K(822784K), 0.0015850 secs] [Times: user=0.00 sys=0.00, real=0.00 secs] 
1818.211: [GC (Allocation Failure) [PSYoungGen: 67984K->1408K(68608K)] 389774K->323198K(822784K), 0.0022840 secs] [Times: user=0.01 sys=0.00, real=0.00 secs] 
1818.750: [GC (Allocation Failure) [PSYoungGen: 67968K->1408K(68608K)] 389758K->323198K(822784K), 0.0020978 secs] [Times: user=0.00 sys=0.00, real=0.00 secs] 
1819.292: [GC (Allocation Failure) [PSYoungGen: 67968K->1408K(68608K)] 389758K->323198K(822784K), 0.0021317 secs] [Times: user=0.01 sys=0.00, real=0.00 secs] 
1819.849: [GC (Allocation Failure) [PSYoungGen: 67968K->1408K(68608K)] 389758K->323198K(822784K), 0.0021936 secs] [Times: user=0.01 sys=0.00, real=0.00 secs] 
1820.885: [GC (Allocation Failure) [PSYoungGen: 67968K->1408K(68608K)] 389758K->323206K(822784K), 0.0021028 secs] [Times: user=0.01 sys=0.00, real=0.01 secs] 
1821.645: [GC (Allocation Failure) [PSYoungGen: 67968K->1392K(68608K)] 389766K->323190K(822784K), 0.0027240 secs] [Times: user=0.01 sys=0.00, real=0.01 secs] 
1822.529: [GC (Allocation Failure) [PSYoungGen: 67952K->1408K(68608K)] 389750K->323214K(822784K), 0.0029104 secs] [Times: user=0.02 sys=0.00, real=0.00 secs] 
1823.339: [GC (Allocation Failure) [PSYoungGen: 67968K->1440K(68608K)] 389774K->323246K(822784K), 0.0028472 secs] [Times: user=0.01 sys=0.00, real=0.00 secs] 
1824.608: [GC (Allocation Failure) [PSYoungGen: 68000K->1405K(68096K)] 389806K->323211K(822272K), 0.0017594 secs] [Times: user=0.01 sys=0.00, real=0.00 secs] 
1826.949: [GC (Allocation Failure) [PSYoungGen: 67965K->1424K(68096K)] 389771K->323230K(822272K), 0.0029751 secs] [Times: user=0.01 sys=0.00, real=0.00 secs] 
1827.534: [GC (Allocation Failure) [PSYoungGen: 67984K->384K(67584K)] 389790K->323214K(821760K), 0.0025617 secs] [Times: user=0.01 sys=0.00, real=0.01 secs] 
1828.160: [GC (Allocation Failure) [PSYoungGen: 66944K->336K(68608K)] 389774K->323166K(822784K), 0.0021012 secs] [Times: user=0.01 sys=0.00, real=0.00 secs] 
1828.803: [GC (Allocation Failure) [PSYoungGen: 66896K->352K(68608K)] 389726K->323182K(822784K), 0.0021530 secs] [Times: user=0.01 sys=0.00, real=0.00 secs] 
1832.132: [GC (Allocation Failure) [PSYoungGen: 66912K->1408K(68608K)] 389742K->324238K(822784K), 0.0045967 secs] [Times: user=0.02 sys=0.01, real=0.01 secs] 
1832.779: [GC (Allocation Failure) [PSYoungGen: 67968K->1408K(68608K)] 390798K->324238K(822784K), 0.0044522 secs] [Times: user=0.01 sys=0.00, real=0.00 secs] 
1833.482: [GC (Allocation Failure) [PSYoungGen: 67968K->1344K(68608K)] 390798K->324190K(822784K), 0.0029780 secs] [Times: user=0.01 sys=0.00, real=0.00 secs] 
1834.217: [GC (Allocation Failure) [PSYoungGen: 67904K->1376K(68608K)] 390750K->324222K(822784K), 0.0028653 secs] [Times: user=0.01 sys=0.00, real=0.00 secs] 
1835.315: [GC (Allocation Failure) [PSYoungGen: 67936K->224K(68608K)] 390782K->323070K(822784K), 0.0015075 secs] [Times: user=0.01 sys=0.00, real=0.01 secs] 
1835.835: [GC (Allocation Failure) [PSYoungGen: 66784K->1344K(68608K)] 389630K->324190K(822784K), 0.0022454 secs] [Times: user=0.01 sys=0.00, real=0.01 secs] 
1836.411: [GC (Allocation Failure) [PSYoungGen: 67904K->1360K(68608K)] 390750K->324206K(822784K), 0.0019946 secs] [Times: user=0.01 sys=0.00, real=0.00 secs] 
1836.917: [GC (Allocation Failure) [PSYoungGen: 67920K->1408K(68608K)] 390766K->324254K(822784K), 0.0018582 secs] [Times: user=0.01 sys=0.00, real=0.00 secs] 
1837.549: [GC (Allocation Failure) [PSYoungGen: 67968K->1360K(68608K)] 390814K->324206K(822784K), 0.0021225 secs] [Times: user=0.01 sys=0.00, real=0.00 secs] 
1838.580: [GC (Allocation Failure) [PSYoungGen: 67920K->1472K(68608K)] 390766K->324318K(822784K), 0.0020124 secs] [Times: user=0.01 sys=0.00, real=0.00 secs] 
1839.170: [GC (Allocation Failure) [PSYoungGen: 68032K->1440K(68608K)] 390878K->324286K(822784K), 0.0019018 secs] [Times: user=0.01 sys=0.00, real=0.00 secs] 
1839.720: [GC (Allocation Failure) [PSYoungGen: 68000K->1408K(68608K)] 390846K->324254K(822784K), 0.0021603 secs] [Times: user=0.01 sys=0.00, real=0.00 secs] 
1840.158: [GC (Allocation Failure) [PSYoungGen: 67968K->1376K(68608K)] 390814K->324222K(822784K), 0.0021135 secs] [Times: user=0.00 sys=0.00, real=0.00 secs] 
1840.945: [GC (Allocation Failure) [PSYoungGen: 67936K->1536K(68608K)] 390782K->324406K(822784K), 0.0019109 secs] [Times: user=0.01 sys=0.00, real=0.01 secs] 
1841.218: [GC (Allocation Failure) [PSYoungGen: 68096K->1376K(68608K)] 390966K->324246K(822784K), 0.0017502 secs] [Times: user=0.01 sys=0.00, real=0.00 secs] 
1841.495: [GC (Allocation Failure) [PSYoungGen: 67936K->1376K(68608K)] 390806K->324246K(822784K), 0.0019478 secs] [Times: user=0.01 sys=0.00, real=0.01 secs] 
1841.795: [GC (Allocation Failure) [PSYoungGen: 67936K->1408K(68608K)] 390806K->324278K(822784K), 0.0018116 secs] [Times: user=0.01 sys=0.00, real=0.01 secs] 
1842.707: [GC (Allocation Failure) [PSYoungGen: 67968K->1376K(68608K)] 390838K->324246K(822784K), 0.0023145 secs] [Times: user=0.01 sys=0.00, real=0.00 secs] 
1843.819: [GC (Allocation Failure) [PSYoungGen: 67936K->1440K(68608K)] 390806K->324310K(822784K), 0.0019631 secs] [Times: user=0.01 sys=0.00, real=0.00 secs] 
1844.405: [GC (Allocation Failure) [PSYoungGen: 68000K->1408K(68608K)] 390870K->324278K(822784K), 0.0018660 secs] [Times: user=0.01 sys=0.00, real=0.01 secs] 
1845.128: [GC (Allocation Failure) [PSYoungGen: 67968K->1408K(68608K)] 390838K->324278K(822784K), 0.0018475 secs] [Times: user=0.01 sys=0.00, real=0.00 secs] 
1846.017: [GC (Allocation Failure) [PSYoungGen: 67968K->1376K(68608K)] 390838K->324246K(822784K), 0.0021400 secs] [Times: user=0.00 sys=0.00, real=0.00 secs] 
1847.229: [GC (Allocation Failure) [PSYoungGen: 67936K->1920K(68608K)] 390806K->324798K(822784K), 0.0019646 secs] [Times: user=0.00 sys=0.00, real=0.00 secs] 
1847.698: [GC (Allocation Failure) [PSYoungGen: 68480K->1392K(68608K)] 391358K->324270K(822784K), 0.0019565 secs] [Times: user=0.01 sys=0.00, real=0.00 secs] 
1848.520: [GC (Allocation Failure) [PSYoungGen: 67952K->1408K(68608K)] 390830K->324294K(822784K), 0.0023273 secs] [Times: user=0.00 sys=0.00, real=0.00 secs] 
1849.494: [GC (Allocation Failure) [PSYoungGen: 67968K->1440K(68608K)] 390854K->324326K(822784K), 0.0026246 secs] [Times: user=0.01 sys=0.00, real=0.01 secs] 
1850.501: [GC (Allocation Failure) [PSYoungGen: 68000K->1408K(68608K)] 390886K->324294K(822784K), 0.0027198 secs] [Times: user=0.01 sys=0.00, real=0.00 secs] 
1852.182: [GC (Allocation Failure) [PSYoungGen: 67968K->1408K(68608K)] 390854K->324294K(822784K), 0.0022941 secs] [Times: user=0.01 sys=0.01, real=0.00 secs] 
1852.517: [GC (Allocation Failure) [PSYoungGen: 67968K->1408K(68608K)] 390854K->324294K(822784K), 0.0021355 secs] [Times: user=0.00 sys=0.00, real=0.00 secs] 
1852.794: [GC (Allocation Failure) [PSYoungGen: 67968K->1408K(68608K)] 390854K->324294K(822784K), 0.0021073 secs] [Times: user=0.01 sys=0.00, real=0.01 secs] 
1853.070: [GC (Allocation Failure) [PSYoungGen: 67968K->1408K(68608K)] 390854K->324294K(822784K), 0.0021567 secs] [Times: user=0.01 sys=0.00, real=0.00 secs] 
1853.815: [GC (Allocation Failure) [PSYoungGen: 67968K->1920K(68608K)] 390854K->324806K(822784K), 0.0018943 secs] [Times: user=0.00 sys=0.00, real=0.01 secs] 
1854.093: [GC (Allocation Failure) [PSYoungGen: 68480K->1344K(68608K)] 391366K->324230K(822784K), 0.0018766 secs] [Times: user=0.01 sys=0.01, real=0.00 secs] 
1854.369: [GC (Allocation Failure) [PSYoungGen: 67904K->1408K(68608K)] 390790K->324294K(822784K), 0.0018675 secs] [Times: user=0.01 sys=0.00, real=0.00 secs] 
1854.646: [GC (Allocation Failure) [PSYoungGen: 67968K->1376K(68608K)] 390854K->324262K(822784K), 0.0021288 secs] [Times: user=0.01 sys=0.00, real=0.00 secs] 
1854.923: [GC (Allocation Failure) [PSYoungGen: 67936K->1408K(68608K)] 390822K->324294K(822784K), 0.0019959 secs] [Times: user=0.00 sys=0.00, real=0.00 secs] 
1856.117: [GC (Allocation Failure) [PSYoungGen: 67968K->1440K(68608K)] 390854K->324326K(822784K), 0.0018051 secs] [Times: user=0.01 sys=0.00, real=0.00 secs] 
1856.800: [GC (Allocation Failure) [PSYoungGen: 68000K->1440K(68608K)] 390886K->324334K(822784K), 0.0024830 secs] [Times: user=0.01 sys=0.00, real=0.00 secs] 
1857.433: [GC (Allocation Failure) [PSYoungGen: 68000K->1408K(68608K)] 390894K->324302K(822784K), 0.0024078 secs] [Times: user=0.01 sys=0.00, real=0.01 secs] 
1857.887: [GC (Allocation Failure) [PSYoungGen: 67968K->1440K(68608K)] 390862K->324350K(822784K), 0.0027881 secs] [Times: user=0.02 sys=0.00, real=0.00 secs] 
1859.168: [GC (Allocation Failure) [PSYoungGen: 68000K->1472K(68608K)] 390910K->324382K(822784K), 0.0043380 secs] [Times: user=0.02 sys=0.00, real=0.00 secs] 
1859.832: [GC (Allocation Failure) [PSYoungGen: 68032K->1408K(68608K)] 390942K->324318K(822784K), 0.0040987 secs] [Times: user=0.02 sys=0.00, real=0.01 secs] 
1860.502: [GC (Allocation Failure) [PSYoungGen: 67968K->1440K(68608K)] 390878K->324350K(822784K), 0.0025501 secs] [Times: user=0.01 sys=0.00, real=0.00 secs] 
1860.960: [GC (Allocation Failure) [PSYoungGen: 68000K->1440K(68608K)] 390910K->324350K(822784K), 0.0025768 secs] [Times: user=0.01 sys=0.00, real=0.00 secs] 
1861.475: [GC (Allocation Failure) [PSYoungGen: 68000K->1408K(68608K)] 390910K->324318K(822784K), 0.0027409 secs] [Times: user=0.01 sys=0.00, real=0.01 secs] 
1862.301: [GC (Allocation Failure) [PSYoungGen: 67968K->1408K(68608K)] 390878K->324318K(822784K), 0.0019612 secs] [Times: user=0.01 sys=0.00, real=0.00 secs] 
1862.624: [GC (Allocation Failure) [PSYoungGen: 67968K->1376K(68608K)] 390878K->324286K(822784K), 0.0050351 secs] [Times: user=0.02 sys=0.00, real=0.01 secs] 
1862.908: [GC (Allocation Failure) [PSYoungGen: 67936K->1408K(68608K)] 390846K->324318K(822784K), 0.0027220 secs] [Times: user=0.01 sys=0.00, real=0.00 secs] 
1863.190: [GC (Allocation Failure) [PSYoungGen: 67968K->1408K(68608K)] 390878K->324318K(822784K), 0.0023124 secs] [Times: user=0.01 sys=0.00, real=0.00 secs] 
1863.958: [GC (Allocation Failure) [PSYoungGen: 67968K->1408K(68096K)] 390878K->324318K(822272K), 0.0016695 secs] [Times: user=0.00 sys=0.00, real=0.00 secs] 
1864.328: [GC (Allocation Failure) [PSYoungGen: 67968K->1408K(68096K)] 390878K->324318K(822272K), 0.0021507 secs] [Times: user=0.01 sys=0.00, real=0.00 secs] 
1864.931: [GC (Allocation Failure) [PSYoungGen: 67968K->352K(67584K)] 390878K->324286K(821760K), 0.0023843 secs] [Times: user=0.01 sys=0.00, real=0.00 secs] 
1865.548: [GC (Allocation Failure) [PSYoungGen: 66912K->352K(68608K)] 390846K->324286K(822784K), 0.0024680 secs] [Times: user=0.01 sys=0.00, real=0.00 secs] 
1866.351: [GC (Allocation Failure) [PSYoungGen: 66912K->1341K(68608K)] 390846K->325275K(822784K), 0.0039646 secs] [Times: user=0.01 sys=0.00, real=0.00 secs] 
1867.675: [GC (Allocation Failure) [PSYoungGen: 67901K->1440K(68608K)] 391835K->325374K(822784K), 0.0019740 secs] [Times: user=0.01 sys=0.00, real=0.01 secs] 
1868.596: [GC (Allocation Failure) [PSYoungGen: 68000K->1408K(68608K)] 391934K->325350K(822784K), 0.0040782 secs] [Times: user=0.02 sys=0.00, real=0.00 secs] 
1869.411: [GC (Allocation Failure) [PSYoungGen: 67968K->1408K(68608K)] 391910K->325350K(822784K), 0.0033190 secs] [Times: user=0.01 sys=0.00, real=0.00 secs] 
1870.219: [GC (Allocation Failure) [PSYoungGen: 67968K->1408K(68608K)] 391910K->325350K(822784K), 0.0092392 secs] [Times: user=0.04 sys=0.00, real=0.01 secs] 
1871.322: [GC (Allocation Failure) [PSYoungGen: 67968K->1424K(68608K)] 391910K->325366K(822784K), 0.0019721 secs] [Times: user=0.01 sys=0.00, real=0.00 secs] 
1871.774: [GC (Allocation Failure) [PSYoungGen: 67984K->1408K(68608K)] 391926K->325350K(822784K), 0.0022675 secs] [Times: user=0.01 sys=0.00, real=0.01 secs] 
1872.325: [GC (Allocation Failure) [PSYoungGen: 67968K->1408K(68608K)] 391910K->325350K(822784K), 0.0032597 secs] [Times: user=0.02 sys=0.00, real=0.01 secs] 
1872.882: [GC (Allocation Failure) [PSYoungGen: 67968K->1408K(68608K)] 391910K->325350K(822784K), 0.0031958 secs] [Times: user=0.01 sys=0.01, real=0.01 secs] 
1873.640: [GC (Allocation Failure) [PSYoungGen: 67968K->1373K(68608K)] 391910K->325315K(822784K), 0.0015107 secs] [Times: user=0.01 sys=0.00, real=0.00 secs] 
1874.588: [GC (Allocation Failure) [PSYoungGen: 67933K->1472K(68608K)] 391875K->325414K(822784K), 0.0020361 secs] [Times: user=0.01 sys=0.00, real=0.00 secs] 
1875.231: [GC (Allocation Failure) [PSYoungGen: 68032K->1408K(68608K)] 391974K->325350K(822784K), 0.0033874 secs] [Times: user=0.01 sys=0.00, real=0.00 secs] 
1875.886: [GC (Allocation Failure) [PSYoungGen: 67968K->1408K(68608K)] 391910K->325350K(822784K), 0.0032909 secs] [Times: user=0.01 sys=0.00, real=0.00 secs] 
1876.418: [GC (Allocation Failure) [PSYoungGen: 67968K->1376K(68608K)] 391910K->325318K(822784K), 0.0021479 secs] [Times: user=0.01 sys=0.01, real=0.00 secs] 
1877.364: [GC (Allocation Failure) [PSYoungGen: 67936K->1456K(68608K)] 391878K->325398K(822784K), 0.0018221 secs] [Times: user=0.01 sys=0.00, real=0.01 secs] 
1878.036: [GC (Allocation Failure) [PSYoungGen: 68016K->1376K(68608K)] 391958K->325318K(822784K), 0.0027068 secs] [Times: user=0.01 sys=0.00, real=0.00 secs] 
1878.361: [GC (Allocation Failure) [PSYoungGen: 67936K->1376K(68608K)] 391878K->325326K(822784K), 0.0021317 secs] [Times: user=0.01 sys=0.00, real=0.00 secs] 
1878.654: [GC (Allocation Failure) [PSYoungGen: 67936K->1408K(68608K)] 391886K->325374K(822784K), 0.0019672 secs] [Times: user=0.01 sys=0.00, real=0.01 secs] 
1879.294: [GC (Allocation Failure) [PSYoungGen: 67968K->1437K(68608K)] 391934K->325403K(822784K), 0.0014379 secs] [Times: user=0.01 sys=0.00, real=0.00 secs] 
1880.826: [GC (Allocation Failure) [PSYoungGen: 67997K->1408K(68608K)] 391963K->325374K(822784K), 0.0054523 secs] [Times: user=0.02 sys=0.00, real=0.00 secs] 
1881.660: [GC (Allocation Failure) [PSYoungGen: 67968K->1376K(68608K)] 391934K->325342K(822784K), 0.0032769 secs] [Times: user=0.01 sys=0.00, real=0.00 secs] 
1882.559: [GC (Allocation Failure) [PSYoungGen: 67936K->1344K(68608K)] 391902K->325310K(822784K), 0.0040963 secs] [Times: user=0.01 sys=0.00, real=0.00 secs] 
1883.440: [GC (Allocation Failure) [PSYoungGen: 67904K->1408K(68608K)] 391870K->325374K(822784K), 0.0042413 secs] [Times: user=0.02 sys=0.00, real=0.00 secs] 
1884.532: [GC (Allocation Failure) [PSYoungGen: 67968K->1440K(68608K)] 391934K->325406K(822784K), 0.0019724 secs] [Times: user=0.00 sys=0.00, real=0.00 secs] 
1885.093: [GC (Allocation Failure) [PSYoungGen: 68000K->1408K(68608K)] 391966K->325374K(822784K), 0.0032272 secs] [Times: user=0.02 sys=0.00, real=0.01 secs] 
1885.708: [GC (Allocation Failure) [PSYoungGen: 67968K->1408K(68608K)] 391934K->325374K(822784K), 0.0033023 secs] [Times: user=0.02 sys=0.00, real=0.00 secs] 
1886.548: [GC (Allocation Failure) [PSYoungGen: 67968K->1440K(68608K)] 391934K->325406K(822784K), 0.0023222 secs] [Times: user=0.01 sys=0.00, real=0.00 secs] 
1887.720: [GC (Allocation Failure) [PSYoungGen: 68000K->1408K(68096K)] 391966K->325374K(822272K), 0.0015790 secs] [Times: user=0.01 sys=0.00, real=0.00 secs] 
1889.052: [GC (Allocation Failure) [PSYoungGen: 67968K->1440K(67584K)] 391934K->325406K(821760K), 0.0045256 secs] [Times: user=0.02 sys=0.00, real=0.01 secs] 
1890.009: [GC (Allocation Failure) [PSYoungGen: 67488K->1440K(68096K)] 391454K->325406K(822272K), 0.0039843 secs] [Times: user=0.02 sys=0.00, real=0.00 secs] 
1890.775: [GC (Allocation Failure) [PSYoungGen: 67488K->1376K(67584K)] 391454K->325342K(821760K), 0.0035252 secs] [Times: user=0.02 sys=0.00, real=0.01 secs] 
1891.598: [GC (Allocation Failure) [PSYoungGen: 67424K->1408K(67584K)] 391390K->325382K(821760K), 0.0042493 secs] [Times: user=0.02 sys=0.00, real=0.00 secs] 
1892.733: [GC (Allocation Failure) [PSYoungGen: 67456K->448K(67072K)] 391430K->325446K(821248K), 0.0018605 secs] [Times: user=0.01 sys=0.01, real=0.00 secs] 
1893.481: [GC (Allocation Failure) [PSYoungGen: 66496K->352K(68096K)] 391494K->325350K(822272K), 0.0040186 secs] [Times: user=0.01 sys=0.00, real=0.00 secs] 
1894.072: [GC (Allocation Failure) [PSYoungGen: 66400K->384K(68096K)] 391398K->325382K(822272K), 0.0028571 secs] [Times: user=0.01 sys=0.00, real=0.00 secs] 
1894.579: [GC (Allocation Failure) [PSYoungGen: 66432K->384K(68096K)] 391430K->325382K(822272K), 0.0024324 secs] [Times: user=0.01 sys=0.00, real=0.00 secs] 
1895.432: [GC (Allocation Failure) [PSYoungGen: 66432K->1405K(68096K)] 391430K->326403K(822272K), 0.0015463 secs] [Times: user=0.01 sys=0.00, real=0.00 secs] 
1895.843: [GC (Allocation Failure) [PSYoungGen: 67453K->1440K(68096K)] 392451K->326438K(822272K), 0.0016221 secs] [Times: user=0.01 sys=0.01, real=0.00 secs] 
1896.117: [GC (Allocation Failure) [PSYoungGen: 67488K->1408K(68096K)] 392486K->326406K(822272K), 0.0019789 secs] [Times: user=0.01 sys=0.00, real=0.00 secs] 
1896.407: [GC (Allocation Failure) [PSYoungGen: 67456K->1408K(68096K)] 392454K->326406K(822272K), 0.0022062 secs] [Times: user=0.01 sys=0.00, real=0.00 secs] 
1896.790: [GC (Allocation Failure) [PSYoungGen: 67456K->1392K(68096K)] 392454K->326390K(822272K), 0.0023869 secs] [Times: user=0.01 sys=0.00, real=0.00 secs] 
1898.133: [GC (Allocation Failure) [PSYoungGen: 67440K->1440K(68096K)] 392438K->326446K(822272K), 0.0031716 secs] [Times: user=0.01 sys=0.00, real=0.01 secs] 
1899.501: [GC (Allocation Failure) [PSYoungGen: 67488K->1440K(68096K)] 392494K->326446K(822272K), 0.0042398 secs] [Times: user=0.02 sys=0.00, real=0.00 secs] 
1899.941: [GC (Allocation Failure) [PSYoungGen: 67488K->1408K(68096K)] 392494K->326422K(822272K), 0.0020293 secs] [Times: user=0.01 sys=0.00, real=0.00 secs] 
1900.419: [GC (Allocation Failure) [PSYoungGen: 67456K->1408K(68096K)] 392470K->326422K(822272K), 0.0021353 secs] [Times: user=0.01 sys=0.00, real=0.00 secs] 
1901.336: [GC (Allocation Failure) [PSYoungGen: 67456K->1376K(68096K)] 392470K->326390K(822272K), 0.0013929 secs] [Times: user=0.00 sys=0.00, real=0.00 secs] 
1902.162: [GC (Allocation Failure) [PSYoungGen: 67424K->1472K(68096K)] 392438K->326486K(822272K), 0.0031929 secs] [Times: user=0.02 sys=0.00, real=0.01 secs] 
1902.922: [GC (Allocation Failure) [PSYoungGen: 67520K->1408K(68096K)] 392534K->326422K(822272K), 0.0027609 secs] [Times: user=0.01 sys=0.00, real=0.00 secs] 
1903.782: [GC (Allocation Failure) [PSYoungGen: 67456K->1376K(68096K)] 392470K->326390K(822272K), 0.0024612 secs] [Times: user=0.01 sys=0.00, real=0.00 secs] 
1904.525: [GC (Allocation Failure) [PSYoungGen: 67424K->1376K(68096K)] 392438K->326390K(822272K), 0.0020107 secs] [Times: user=0.01 sys=0.00, real=0.00 secs] 
1906.221: [GC (Allocation Failure) [PSYoungGen: 67424K->1440K(68096K)] 392438K->326454K(822272K), 0.0034809 secs] [Times: user=0.01 sys=0.00, real=0.00 secs] 
1907.293: [GC (Allocation Failure) [PSYoungGen: 67488K->1408K(68096K)] 392502K->326422K(822272K), 0.0041424 secs] [Times: user=0.02 sys=0.00, real=0.01 secs] 
1907.952: [GC (Allocation Failure) [PSYoungGen: 67456K->1376K(68096K)] 392470K->326390K(822272K), 0.0027834 secs] [Times: user=0.01 sys=0.01, real=0.00 secs] 
1908.443: [GC (Allocation Failure) [PSYoungGen: 67424K->1376K(68096K)] 392438K->326390K(822272K), 0.0025762 secs] [Times: user=0.01 sys=0.00, real=0.01 secs] 
1909.171: [GC (Allocation Failure) [PSYoungGen: 67424K->1373K(68096K)] 392438K->326387K(822272K), 0.0015235 secs] [Times: user=0.01 sys=0.00, real=0.00 secs] 
1909.962: [GC (Allocation Failure) [PSYoungGen: 67421K->1456K(68096K)] 392435K->326470K(822272K), 0.0022272 secs] [Times: user=0.01 sys=0.00, real=0.00 secs] 
1910.574: [GC (Allocation Failure) [PSYoungGen: 67504K->1440K(68096K)] 392518K->326470K(822272K), 0.0033056 secs] [Times: user=0.02 sys=0.00, real=0.01 secs] 
1911.242: [GC (Allocation Failure) [PSYoungGen: 67488K->1392K(68096K)] 392518K->326422K(822272K), 0.0034319 secs] [Times: user=0.01 sys=0.00, real=0.01 secs] 
1911.915: [GC (Allocation Failure) [PSYoungGen: 67440K->1376K(68096K)] 392470K->326406K(822272K), 0.0025966 secs] [Times: user=0.01 sys=0.00, real=0.01 secs] 
1913.277: [GC (Allocation Failure) [PSYoungGen: 67424K->1440K(68096K)] 392454K->326470K(822272K), 0.0043273 secs] [Times: user=0.02 sys=0.00, real=0.00 secs] 
1914.427: [GC (Allocation Failure) [PSYoungGen: 67488K->1376K(68096K)] 392518K->326406K(822272K), 0.0045064 secs] [Times: user=0.01 sys=0.00, real=0.00 secs] 
1915.275: [GC (Allocation Failure) [PSYoungGen: 67424K->1408K(68096K)] 392454K->326446K(822272K), 0.0044327 secs] [Times: user=0.02 sys=0.00, real=0.01 secs] 
1915.927: [GC (Allocation Failure) [PSYoungGen: 67456K->1424K(68096K)] 392494K->326462K(822272K), 0.0033011 secs] [Times: user=0.01 sys=0.00, real=0.00 secs] 
1916.614: [GC (Allocation Failure) [PSYoungGen: 67472K->1376K(68096K)] 392510K->326414K(822272K), 0.0014000 secs] [Times: user=0.01 sys=0.00, real=0.01 secs] 
1917.307: [GC (Allocation Failure) [PSYoungGen: 67424K->1440K(68096K)] 392462K->326478K(822272K), 0.0029181 secs] [Times: user=0.01 sys=0.00, real=0.00 secs] 
1917.839: [GC (Allocation Failure) [PSYoungGen: 67488K->1408K(68096K)] 392526K->326446K(822272K), 0.0041295 secs] [Times: user=0.01 sys=0.00, real=0.00 secs] 
1918.350: [GC (Allocation Failure) [PSYoungGen: 67456K->1376K(68096K)] 392494K->326414K(822272K), 0.0027631 secs] [Times: user=0.01 sys=0.00, real=0.00 secs] 
1918.926: [GC (Allocation Failure) [PSYoungGen: 67424K->1408K(68096K)] 392462K->326446K(822272K), 0.0021894 secs] [Times: user=0.01 sys=0.00, real=0.00 secs] 
1920.005: [GC (Allocation Failure) [PSYoungGen: 67456K->1440K(68096K)] 392494K->326486K(822272K), 0.0019692 secs] [Times: user=0.00 sys=0.00, real=0.01 secs] 
1921.157: [GC (Allocation Failure) [PSYoungGen: 67488K->1440K(68096K)] 392534K->326486K(822272K), 0.0025604 secs] [Times: user=0.01 sys=0.00, real=0.00 secs] 
1921.970: [GC (Allocation Failure) [PSYoungGen: 67488K->1440K(68096K)] 392534K->326486K(822272K), 0.0028314 secs] [Times: user=0.01 sys=0.00, real=0.00 secs] 
1922.798: [GC (Allocation Failure) [PSYoungGen: 67488K->1408K(67584K)] 392534K->326454K(821760K), 0.0036289 secs] [Times: user=0.01 sys=0.00, real=0.00 secs] 
1923.592: [GC (Allocation Failure) [PSYoungGen: 67456K->1405K(67584K)] 392502K->326451K(821760K), 0.0015277 secs] [Times: user=0.00 sys=0.00, real=0.00 secs] 
1924.348: [GC (Allocation Failure) [PSYoungGen: 67453K->1440K(67584K)] 392499K->326486K(821760K), 0.0018603 secs] [Times: user=0.01 sys=0.00, real=0.00 secs] 
1925.110: [GC (Allocation Failure) [PSYoungGen: 67488K->1408K(67584K)] 392534K->326454K(821760K), 0.0034263 secs] [Times: user=0.02 sys=0.00, real=0.00 secs] 
1925.827: [GC (Allocation Failure) [PSYoungGen: 67456K->1392K(67584K)] 392502K->326438K(821760K), 0.0029732 secs] [Times: user=0.01 sys=0.00, real=0.00 secs] 
1926.453: [GC (Allocation Failure) [PSYoungGen: 67440K->1408K(67584K)] 392486K->326454K(821760K), 0.0031778 secs] [Times: user=0.01 sys=0.00, real=0.01 secs] 
1927.705: [GC (Allocation Failure) [PSYoungGen: 67456K->1440K(67584K)] 392502K->326486K(821760K), 0.0016385 secs] [Times: user=0.00 sys=0.00, real=0.01 secs] 
1928.403: [GC (Allocation Failure) [PSYoungGen: 67488K->1440K(67584K)] 392534K->326494K(821760K), 0.0018720 secs] [Times: user=0.01 sys=0.00, real=0.00 secs] 
1929.131: [GC (Allocation Failure) [PSYoungGen: 67488K->1408K(67584K)] 392542K->326462K(821760K), 0.0023426 secs] [Times: user=0.01 sys=0.00, real=0.00 secs] 
1929.656: [GC (Allocation Failure) [PSYoungGen: 67456K->1344K(67584K)] 392510K->326398K(821760K), 0.0023020 secs] [Times: user=0.01 sys=0.00, real=0.00 secs] 
1930.469: [GC (Allocation Failure) [PSYoungGen: 67392K->1392K(67584K)] 392446K->326462K(821760K), 0.0016500 secs] [Times: user=0.01 sys=0.00, real=0.00 secs] 
1931.771: [GC (Allocation Failure) [PSYoungGen: 67440K->1344K(67584K)] 392510K->326414K(821760K), 0.0068755 secs] [Times: user=0.02 sys=0.00, real=0.01 secs] 
1932.849: [GC (Allocation Failure) [PSYoungGen: 67392K->1376K(67584K)] 392462K->326446K(821760K), 0.0041810 secs] [Times: user=0.02 sys=0.00, real=0.00 secs] 
1933.719: [GC (Allocation Failure) [PSYoungGen: 67424K->1424K(67584K)] 392494K->326494K(821760K), 0.0041975 secs] [Times: user=0.02 sys=0.00, real=0.00 secs] 
1934.153: [GC (Allocation Failure) [PSYoungGen: 67472K->1408K(67584K)] 392542K->326486K(821760K), 0.0020308 secs] [Times: user=0.00 sys=0.00, real=0.00 secs] 
1935.037: [GC (Allocation Failure) [PSYoungGen: 67456K->1440K(67584K)] 392534K->326518K(821760K), 0.0018987 secs] [Times: user=0.01 sys=0.00, real=0.00 secs] 
1935.886: [GC (Allocation Failure) [PSYoungGen: 67488K->1376K(67584K)] 392566K->326454K(821760K), 0.0041454 secs] [Times: user=0.02 sys=0.00, real=0.00 secs] 
1936.767: [GC (Allocation Failure) [PSYoungGen: 67424K->1440K(67584K)] 392502K->326526K(821760K), 0.0039476 secs] [Times: user=0.02 sys=0.00, real=0.00 secs] 
1937.571: [GC (Allocation Failure) [PSYoungGen: 67488K->1408K(67584K)] 392574K->326494K(821760K), 0.0035383 secs] [Times: user=0.01 sys=0.00, real=0.00 secs] 
1938.423: [GC (Allocation Failure) [PSYoungGen: 67456K->1373K(67584K)] 392542K->326459K(821760K), 0.0015469 secs] [Times: user=0.01 sys=0.00, real=0.00 secs] 
1939.270: [GC (Allocation Failure) [PSYoungGen: 67421K->1408K(67584K)] 392507K->326494K(821760K), 0.0017826 secs] [Times: user=0.00 sys=0.00, real=0.00 secs] 
1939.781: [GC (Allocation Failure) [PSYoungGen: 67456K->1424K(67584K)] 392542K->326510K(821760K), 0.0031194 secs] [Times: user=0.02 sys=0.00, real=0.00 secs] 
1940.072: [GC (Allocation Failure) [PSYoungGen: 67472K->1376K(67584K)] 392558K->326478K(821760K), 0.0021989 secs] [Times: user=0.01 sys=0.00, real=0.00 secs] 
1940.646: [GC (Allocation Failure) [PSYoungGen: 67424K->1408K(67584K)] 392526K->326510K(821760K), 0.0025771 secs] [Times: user=0.01 sys=0.00, real=0.00 secs] 
1941.698: [GC (Allocation Failure) [PSYoungGen: 67456K->1440K(67584K)] 392558K->326542K(821760K), 0.0020753 secs] [Times: user=0.01 sys=0.01, real=0.00 secs] 
1942.419: [GC (Allocation Failure) [PSYoungGen: 67488K->1440K(67584K)] 392590K->326542K(821760K), 0.0018856 secs] [Times: user=0.01 sys=0.00, real=0.00 secs] 
1943.175: [GC (Allocation Failure) [PSYoungGen: 67488K->1376K(67584K)] 392590K->326486K(821760K), 0.0021083 secs] [Times: user=0.01 sys=0.00, real=0.01 secs] 
1943.668: [GC (Allocation Failure) [PSYoungGen: 67424K->1408K(67584K)] 392534K->326518K(821760K), 0.0038716 secs] [Times: user=0.02 sys=0.00, real=0.00 secs] 
1944.556: [GC (Allocation Failure) [PSYoungGen: 67456K->1405K(67584K)] 392566K->326515K(821760K), 0.0015637 secs] [Times: user=0.01 sys=0.00, real=0.00 secs] 
1945.583: [GC (Allocation Failure) [PSYoungGen: 67453K->1472K(67584K)] 392563K->326582K(821760K), 0.0020116 secs] [Times: user=0.01 sys=0.00, real=0.00 secs] 
1946.336: [GC (Allocation Failure) [PSYoungGen: 67520K->1408K(67584K)] 392630K->326518K(821760K), 0.0032335 secs] [Times: user=0.01 sys=0.00, real=0.00 secs] 
1946.907: [GC (Allocation Failure) [PSYoungGen: 67456K->1440K(67584K)] 392566K->326550K(821760K), 0.0029197 secs] [Times: user=0.02 sys=0.00, real=0.00 secs] 
1947.483: [GC (Allocation Failure) [PSYoungGen: 67488K->1424K(67584K)] 392598K->326534K(821760K), 0.0028055 secs] [Times: user=0.01 sys=0.00, real=0.01 secs] 
1948.572: [GC (Allocation Failure) [PSYoungGen: 67472K->1472K(67584K)] 392582K->326582K(821760K), 0.0024531 secs] [Times: user=0.01 sys=0.00, real=0.00 secs] 
1948.881: [GC (Allocation Failure) [PSYoungGen: 67520K->1424K(67584K)] 392630K->326550K(821760K), 0.0019731 secs] [Times: user=0.00 sys=0.00, real=0.00 secs] 
1949.158: [GC (Allocation Failure) [PSYoungGen: 67472K->1408K(67584K)] 392598K->326542K(821760K), 0.0020368 secs] [Times: user=0.01 sys=0.00, real=0.00 secs] 
1949.433: [GC (Allocation Failure) [PSYoungGen: 67456K->1360K(67584K)] 392590K->326494K(821760K), 0.0020392 secs] [Times: user=0.01 sys=0.00, real=0.00 secs] 
1949.957: [GC (Allocation Failure) [PSYoungGen: 67408K->1405K(67584K)] 392542K->326539K(821760K), 0.0015230 secs] [Times: user=0.01 sys=0.00, real=0.00 secs] 
1951.015: [GC (Allocation Failure) [PSYoungGen: 67453K->1440K(67584K)] 392587K->326574K(821760K), 0.0025976 secs] [Times: user=0.01 sys=0.00, real=0.01 secs] 
1951.736: [GC (Allocation Failure) [PSYoungGen: 67488K->1440K(67584K)] 392622K->326574K(821760K), 0.0023416 secs] [Times: user=0.01 sys=0.00, real=0.00 secs] 
1952.350: [GC (Allocation Failure) [PSYoungGen: 67488K->1408K(67584K)] 392622K->326542K(821760K), 0.0022915 secs] [Times: user=0.01 sys=0.00, real=0.00 secs] 
1953.050: [GC (Allocation Failure) [PSYoungGen: 67456K->1408K(67584K)] 392590K->326542K(821760K), 0.0021699 secs] [Times: user=0.01 sys=0.00, real=0.00 secs] 
1954.392: [GC (Allocation Failure) [PSYoungGen: 67456K->1408K(67584K)] 392590K->326542K(821760K), 0.0024965 secs] [Times: user=0.01 sys=0.00, real=0.00 secs] 
1955.868: [GC (Allocation Failure) [PSYoungGen: 67456K->1408K(67584K)] 392590K->326542K(821760K), 0.0045421 secs] [Times: user=0.02 sys=0.00, real=0.00 secs] 
1956.779: [GC (Allocation Failure) [PSYoungGen: 67456K->1408K(67584K)] 392590K->326542K(821760K), 0.0041104 secs] [Times: user=0.01 sys=0.00, real=0.00 secs] 
1957.489: [GC (Allocation Failure) [PSYoungGen: 67456K->1408K(67584K)] 392590K->326542K(821760K), 0.0027340 secs] [Times: user=0.02 sys=0.00, real=0.00 secs] 
1958.205: [GC (Allocation Failure) [PSYoungGen: 67456K->1344K(67584K)] 392590K->326478K(821760K), 0.0016937 secs] [Times: user=0.01 sys=0.00, real=0.01 secs] 
1959.017: [GC (Allocation Failure) [PSYoungGen: 67392K->1440K(67584K)] 392526K->326574K(821760K), 0.0018736 secs] [Times: user=0.01 sys=0.00, real=0.00 secs] 
1959.585: [GC (Allocation Failure) [PSYoungGen: 67488K->1376K(67584K)] 392622K->326518K(821760K), 0.0020942 secs] [Times: user=0.01 sys=0.00, real=0.01 secs] 
1960.098: [GC (Allocation Failure) [PSYoungGen: 67424K->1376K(67584K)] 392566K->326518K(821760K), 0.0021530 secs] [Times: user=0.00 sys=0.00, real=0.00 secs] 
1960.651: [GC (Allocation Failure) [PSYoungGen: 67424K->1344K(67584K)] 392566K->326486K(821760K), 0.0019078 secs] [Times: user=0.01 sys=0.00, real=0.00 secs] 
1961.791: [GC (Allocation Failure) [PSYoungGen: 67392K->1408K(67584K)] 392534K->326550K(821760K), 0.0021510 secs] [Times: user=0.01 sys=0.00, real=0.00 secs] 
1962.563: [GC (Allocation Failure) [PSYoungGen: 67456K->1408K(67584K)] 392598K->326550K(821760K), 0.0020113 secs] [Times: user=0.01 sys=0.00, real=0.00 secs] 
1963.174: [GC (Allocation Failure) [PSYoungGen: 67456K->1376K(67584K)] 392598K->326518K(821760K), 0.0021455 secs] [Times: user=0.00 sys=0.00, real=0.01 secs] 
1963.656: [GC (Allocation Failure) [PSYoungGen: 67424K->1440K(67584K)] 392566K->326582K(821760K), 0.0021479 secs] [Times: user=0.01 sys=0.00, real=0.00 secs] 
1964.046: [GC (Allocation Failure) [PSYoungGen: 67488K->1341K(67584K)] 392630K->326483K(821760K), 0.0017284 secs] [Times: user=0.00 sys=0.00, real=0.00 secs] 
1965.028: [GC (Allocation Failure) [PSYoungGen: 67389K->1440K(67584K)] 392531K->326582K(821760K), 0.0019674 secs] [Times: user=0.00 sys=0.00, real=0.00 secs] 
1965.572: [GC (Allocation Failure) [PSYoungGen: 67488K->1376K(67584K)] 392630K->326518K(821760K), 0.0021772 secs] [Times: user=0.01 sys=0.00, real=0.00 secs] 
1966.231: [GC (Allocation Failure) [PSYoungGen: 67424K->1440K(67584K)] 392566K->326582K(821760K), 0.0021189 secs] [Times: user=0.01 sys=0.00, real=0.00 secs] 
1966.679: [GC (Allocation Failure) [PSYoungGen: 67488K->1376K(67584K)] 392630K->326518K(821760K), 0.0019974 secs] [Times: user=0.00 sys=0.00, real=0.00 secs] 
1967.489: [GC (Allocation Failure) [PSYoungGen: 67424K->1440K(67584K)] 392566K->326582K(821760K), 0.0017521 secs] [Times: user=0.00 sys=0.00, real=0.00 secs] 
1967.764: [GC (Allocation Failure) [PSYoungGen: 67488K->1392K(67584K)] 392630K->326566K(821760K), 0.0019521 secs] [Times: user=0.00 sys=0.00, real=0.01 secs] 
1968.070: [GC (Allocation Failure) [PSYoungGen: 67440K->1344K(67584K)] 392614K->326518K(821760K), 0.0018552 secs] [Times: user=0.01 sys=0.00, real=0.00 secs] 
1968.357: [GC (Allocation Failure) [PSYoungGen: 67392K->1408K(67584K)] 392566K->326582K(821760K), 0.0020208 secs] [Times: user=0.01 sys=0.00, real=0.00 secs] 
1968.672: [GC (Allocation Failure) [PSYoungGen: 67456K->1373K(67584K)] 392630K->326547K(821760K), 0.0015347 secs] [Times: user=0.00 sys=0.00, real=0.00 secs] 
1970.221: [GC (Allocation Failure) [PSYoungGen: 67421K->1408K(67584K)] 392595K->326582K(821760K), 0.0028368 secs] [Times: user=0.01 sys=0.00, real=0.00 secs] 
1970.991: [GC (Allocation Failure) [PSYoungGen: 67456K->1376K(67584K)] 392630K->326550K(821760K), 0.0027032 secs] [Times: user=0.02 sys=0.00, real=0.00 secs] 
1971.585: [GC (Allocation Failure) [PSYoungGen: 67424K->1408K(67584K)] 392598K->326582K(821760K), 0.0029182 secs] [Times: user=0.01 sys=0.00, real=0.00 secs] 
1972.203: [GC (Allocation Failure) [PSYoungGen: 67456K->1408K(67584K)] 392630K->326582K(821760K), 0.0029080 secs] [Times: user=0.01 sys=0.00, real=0.01 secs] 
1973.185: [GC (Allocation Failure) [PSYoungGen: 67456K->1408K(67584K)] 392630K->326582K(821760K), 0.0016168 secs] [Times: user=0.01 sys=0.00, real=0.01 secs] 
1973.502: [GC (Allocation Failure) [PSYoungGen: 67456K->1376K(67584K)] 392630K->326550K(821760K), 0.0018895 secs] [Times: user=0.01 sys=0.00, real=0.00 secs] 
1973.812: [GC (Allocation Failure) [PSYoungGen: 67424K->1408K(67584K)] 392598K->326582K(821760K), 0.0020916 secs] [Times: user=0.00 sys=0.00, real=0.00 secs] 
1974.088: [GC (Allocation Failure) [PSYoungGen: 67456K->1408K(67584K)] 392630K->326582K(821760K), 0.0022034 secs] [Times: user=0.01 sys=0.01, real=0.00 secs] 
1974.429: [GC (Allocation Failure) [PSYoungGen: 67449K->1325K(67584K)] 392623K->326499K(821760K), 0.0021531 secs] [Times: user=0.01 sys=0.00, real=0.00 secs] 
1975.157: [GC (Allocation Failure) [PSYoungGen: 67373K->1440K(67584K)] 392547K->326614K(821760K), 0.0019570 secs] [Times: user=0.01 sys=0.01, real=0.00 secs] 
1975.469: [GC (Allocation Failure) [PSYoungGen: 67488K->1440K(67584K)] 392662K->326614K(821760K), 0.0019109 secs] [Times: user=0.01 sys=0.00, real=0.00 secs] 
1975.743: [GC (Allocation Failure) [PSYoungGen: 67488K->1376K(67584K)] 392662K->326550K(821760K), 0.0020472 secs] [Times: user=0.01 sys=0.00, real=0.00 secs] 
1976.033: [GC (Allocation Failure) [PSYoungGen: 67424K->1408K(67584K)] 392598K->326582K(821760K), 0.0019022 secs] [Times: user=0.01 sys=0.00, real=0.00 secs] 
1976.846: [GC (Allocation Failure) [PSYoungGen: 67456K->1440K(67584K)] 392630K->326638K(821760K), 0.0019339 secs] [Times: user=0.01 sys=0.00, real=0.00 secs] 
1977.453: [GC (Allocation Failure) [PSYoungGen: 67488K->1376K(67584K)] 392686K->326574K(821760K), 0.0018840 secs] [Times: user=0.01 sys=0.00, real=0.00 secs] 
1978.140: [GC (Allocation Failure) [PSYoungGen: 67424K->1376K(67584K)] 392622K->326582K(821760K), 0.0040435 secs] [Times: user=0.02 sys=0.00, real=0.00 secs] 
1978.822: [GC (Allocation Failure) [PSYoungGen: 67424K->1408K(67584K)] 392630K->326614K(821760K), 0.0032930 secs] [Times: user=0.02 sys=0.00, real=0.00 secs] 
1979.415: [GC (Allocation Failure) [PSYoungGen: 67443K->240K(67584K)] 392649K->325446K(821760K), 0.0031121 secs] [Times: user=0.01 sys=0.00, real=0.01 secs] 
1980.688: [GC (Allocation Failure) [PSYoungGen: 66288K->1408K(68096K)] 391494K->326614K(822272K), 0.0019867 secs] [Times: user=0.01 sys=0.00, real=0.00 secs] 
1981.577: [GC (Allocation Failure) [PSYoungGen: 67456K->1376K(68096K)] 392662K->326582K(822272K), 0.0032986 secs] [Times: user=0.02 sys=0.00, real=0.00 secs] 
1982.370: [GC (Allocation Failure) [PSYoungGen: 67424K->1376K(68096K)] 392630K->326582K(822272K), 0.0035496 secs] [Times: user=0.02 sys=0.01, real=0.00 secs] 
1983.062: [GC (Allocation Failure) [PSYoungGen: 67424K->1376K(68096K)] 392630K->326582K(822272K), 0.0048311 secs] [Times: user=0.02 sys=0.01, real=0.01 secs] 
1984.145: [GC (Allocation Failure) [PSYoungGen: 67424K->1408K(68096K)] 392630K->326614K(822272K), 0.0017587 secs] [Times: user=0.00 sys=0.00, real=0.01 secs] 
1984.447: [GC (Allocation Failure) [PSYoungGen: 67456K->1408K(68096K)] 392662K->326614K(822272K), 0.0018527 secs] [Times: user=0.01 sys=0.00, real=0.00 secs] 
1984.721: [GC (Allocation Failure) [PSYoungGen: 67456K->1440K(68096K)] 392662K->326646K(822272K), 0.0018950 secs] [Times: user=0.01 sys=0.00, real=0.00 secs] 
1985.041: [GC (Allocation Failure) [PSYoungGen: 67488K->1408K(68096K)] 392694K->326614K(822272K), 0.0018217 secs] [Times: user=0.00 sys=0.00, real=0.00 secs] 
1985.330: [GC (Allocation Failure) [PSYoungGen: 67456K->1376K(68096K)] 392662K->326582K(822272K), 0.0018055 secs] [Times: user=0.01 sys=0.00, real=0.00 secs] 
1986.327: [GC (Allocation Failure) [PSYoungGen: 67424K->1440K(68096K)] 392630K->326646K(822272K), 0.0026001 secs] [Times: user=0.01 sys=0.00, real=0.00 secs] 
1987.039: [GC (Allocation Failure) [PSYoungGen: 67488K->1408K(68096K)] 392694K->326614K(822272K), 0.0022778 secs] [Times: user=0.01 sys=0.00, real=0.00 secs] 
1987.840: [GC (Allocation Failure) [PSYoungGen: 67456K->1424K(68096K)] 392662K->326630K(822272K), 0.0032685 secs] [Times: user=0.01 sys=0.00, real=0.00 secs] 
1988.785: [GC (Allocation Failure) [PSYoungGen: 67472K->1440K(68096K)] 392678K->326662K(822272K), 0.0036301 secs] [Times: user=0.02 sys=0.00, real=0.01 secs] 
1990.411: [GC (Allocation Failure) [PSYoungGen: 67488K->1440K(68096K)] 392710K->326662K(822272K), 0.0016268 secs] [Times: user=0.01 sys=0.00, real=0.00 secs] 
1990.746: [GC (Allocation Failure) [PSYoungGen: 67488K->1376K(68096K)] 392710K->326598K(822272K), 0.0019086 secs] [Times: user=0.01 sys=0.00, real=0.00 secs] 
1991.207: [GC (Allocation Failure) [PSYoungGen: 67424K->1376K(68096K)] 392646K->326598K(822272K), 0.0044367 secs] [Times: user=0.02 sys=0.01, real=0.00 secs] 
1991.753: [GC (Allocation Failure) [PSYoungGen: 67424K->1408K(68096K)] 392646K->326630K(822272K), 0.0034050 secs] [Times: user=0.02 sys=0.00, real=0.01 secs] 
1992.289: [GC (Allocation Failure) [PSYoungGen: 67456K->1440K(68096K)] 392678K->326662K(822272K), 0.0028572 secs] [Times: user=0.02 sys=0.00, real=0.00 secs] 
1993.086: [GC (Allocation Failure) [PSYoungGen: 67488K->1440K(68096K)] 392710K->326662K(822272K), 0.0019531 secs] [Times: user=0.01 sys=0.00, real=0.00 secs] 
1993.366: [GC (Allocation Failure) [PSYoungGen: 67488K->1376K(68096K)] 392710K->326598K(822272K), 0.0017719 secs] [Times: user=0.01 sys=0.00, real=0.00 secs] 
1993.641: [GC (Allocation Failure) [PSYoungGen: 67424K->1376K(68096K)] 392646K->326598K(822272K), 0.0017778 secs] [Times: user=0.01 sys=0.00, real=0.00 secs] 
1993.915: [GC (Allocation Failure) [PSYoungGen: 67424K->1376K(67584K)] 392646K->326598K(821760K), 0.0020236 secs] [Times: user=0.01 sys=0.00, real=0.01 secs] 
1995.039: [GC (Allocation Failure) [PSYoungGen: 67424K->1408K(67584K)] 392646K->326630K(821760K), 0.0026851 secs] [Times: user=0.01 sys=0.00, real=0.00 secs] 
1996.978: [GC (Allocation Failure) [PSYoungGen: 67456K->1376K(67584K)] 392678K->326598K(821760K), 0.0042408 secs] [Times: user=0.02 sys=0.00, real=0.00 secs] 
1997.928: [GC (Allocation Failure) [PSYoungGen: 67424K->1408K(67584K)] 392646K->326630K(821760K), 0.0039875 secs] [Times: user=0.01 sys=0.00, real=0.00 secs] 
1999.064: [GC (Allocation Failure) [PSYoungGen: 67456K->1440K(67584K)] 392678K->326662K(821760K), 0.0042960 secs] [Times: user=0.02 sys=0.00, real=0.01 secs] 
1999.944: [GC (Allocation Failure) [PSYoungGen: 67488K->1376K(67584K)] 392710K->326598K(821760K), 0.0032883 secs] [Times: user=0.01 sys=0.00, real=0.01 secs] 
2001.084: [GC (Allocation Failure) [PSYoungGen: 67424K->1456K(67584K)] 392646K->326694K(821760K), 0.0019187 secs] [Times: user=0.01 sys=0.00, real=0.01 secs] 
2001.553: [GC (Allocation Failure) [PSYoungGen: 67504K->1408K(67584K)] 392742K->326646K(821760K), 0.0020040 secs] [Times: user=0.01 sys=0.00, real=0.00 secs] 
2002.114: [GC (Allocation Failure) [PSYoungGen: 67456K->1408K(67584K)] 392694K->326646K(821760K), 0.0021612 secs] [Times: user=0.01 sys=0.00, real=0.01 secs] 
2002.761: [GC (Allocation Failure) [PSYoungGen: 67456K->1440K(67584K)] 392694K->326678K(821760K), 0.0021352 secs] [Times: user=0.00 sys=0.00, real=0.00 secs] 
2004.134: [GC (Allocation Failure) [PSYoungGen: 67488K->1408K(67584K)] 392726K->326646K(821760K), 0.0023346 secs] [Times: user=0.01 sys=0.00, real=0.01 secs] 
2004.753: [GC (Allocation Failure) [PSYoungGen: 67456K->1376K(67584K)] 392694K->326614K(821760K), 0.0022982 secs] [Times: user=0.01 sys=0.00, real=0.01 secs] 
2005.343: [GC (Allocation Failure) [PSYoungGen: 67424K->1408K(67584K)] 392662K->326646K(821760K), 0.0024160 secs] [Times: user=0.01 sys=0.00, real=0.01 secs] 
2006.017: [GC (Allocation Failure) [PSYoungGen: 67456K->1440K(67584K)] 392694K->326678K(821760K), 0.0022929 secs] [Times: user=0.01 sys=0.00, real=0.00 secs] 
2006.526: [GC (Allocation Failure) [PSYoungGen: 67488K->1376K(67584K)] 392726K->326614K(821760K), 0.0022190 secs] [Times: user=0.01 sys=0.00, real=0.00 secs] 
2007.986: [GC (Allocation Failure) [PSYoungGen: 67424K->1440K(67584K)] 392662K->326678K(821760K), 0.0027470 secs] [Times: user=0.02 sys=0.00, real=0.00 secs] 
2008.581: [GC (Allocation Failure) [PSYoungGen: 67488K->1440K(67584K)] 392726K->326686K(821760K), 0.0035505 secs] [Times: user=0.01 sys=0.00, real=0.00 secs] 
2009.328: [GC (Allocation Failure) [PSYoungGen: 67488K->1408K(67584K)] 392734K->326654K(821760K), 0.0040963 secs] [Times: user=0.02 sys=0.00, real=0.00 secs] 
2010.163: [GC (Allocation Failure) [PSYoungGen: 67456K->1408K(67584K)] 392702K->326654K(821760K), 0.0041698 secs] [Times: user=0.02 sys=0.00, real=0.01 secs] 
2011.345: [GC (Allocation Failure) [PSYoungGen: 67456K->1440K(67584K)] 392702K->326694K(821760K), 0.0020178 secs] [Times: user=0.01 sys=0.00, real=0.00 secs] 
2011.621: [GC (Allocation Failure) [PSYoungGen: 67488K->1376K(67584K)] 392742K->326630K(821760K), 0.0021097 secs] [Times: user=0.00 sys=0.01, real=0.00 secs] 
2011.928: [GC (Allocation Failure) [PSYoungGen: 67424K->1408K(67584K)] 392678K->326662K(821760K), 0.0021099 secs] [Times: user=0.01 sys=0.00, real=0.00 secs] 
2012.407: [GC (Allocation Failure) [PSYoungGen: 67456K->1408K(67584K)] 392710K->326662K(821760K), 0.0028391 secs] [Times: user=0.01 sys=0.00, real=0.00 secs] 
2012.999: [GC (Allocation Failure) [PSYoungGen: 67456K->1408K(67584K)] 392710K->326662K(821760K), 0.0030067 secs] [Times: user=0.02 sys=0.00, real=0.00 secs] 
2014.003: [GC (Allocation Failure) [PSYoungGen: 67456K->1440K(67584K)] 392710K->326694K(821760K), 0.0019781 secs] [Times: user=0.01 sys=0.00, real=0.01 secs] 
2014.291: [GC (Allocation Failure) [PSYoungGen: 67488K->1440K(67584K)] 392742K->326694K(821760K), 0.0032574 secs] [Times: user=0.01 sys=0.00, real=0.00 secs] 
2014.684: [GC (Allocation Failure) [PSYoungGen: 67488K->1424K(67584K)] 392742K->326678K(821760K), 0.0033326 secs] [Times: user=0.01 sys=0.00, real=0.01 secs] 
2015.269: [GC (Allocation Failure) [PSYoungGen: 67472K->1408K(67584K)] 392726K->326662K(821760K), 0.0024605 secs] [Times: user=0.01 sys=0.00, real=0.00 secs] 
2016.312: [GC (Allocation Failure) [PSYoungGen: 67456K->1408K(67584K)] 392710K->326662K(821760K), 0.0018873 secs] [Times: user=0.01 sys=0.00, real=0.00 secs] 
2016.868: [GC (Allocation Failure) [PSYoungGen: 67456K->1376K(67584K)] 392710K->326630K(821760K), 0.0018255 secs] [Times: user=0.01 sys=0.00, real=0.00 secs] 
2017.185: [GC (Allocation Failure) [PSYoungGen: 67424K->1408K(67584K)] 392678K->326662K(821760K), 0.0020937 secs] [Times: user=0.01 sys=0.00, real=0.01 secs] 
2017.475: [GC (Allocation Failure) [PSYoungGen: 67456K->1360K(67584K)] 392710K->326638K(821760K), 0.0023929 secs] [Times: user=0.01 sys=0.00, real=0.01 secs] 
2017.751: [GC (Allocation Failure) [PSYoungGen: 67408K->1408K(67584K)] 392686K->326686K(821760K), 0.0027315 secs] [Times: user=0.01 sys=0.00, real=0.00 secs] 
2018.534: [GC (Allocation Failure) [PSYoungGen: 67456K->1408K(67584K)] 392734K->326686K(821760K), 0.0019381 secs] [Times: user=0.01 sys=0.00, real=0.01 secs] 
2018.809: [GC (Allocation Failure) [PSYoungGen: 67456K->1408K(67584K)] 392734K->326686K(821760K), 0.0020258 secs] [Times: user=0.01 sys=0.00, real=0.00 secs] 
2019.084: [GC (Allocation Failure) [PSYoungGen: 67456K->1424K(67584K)] 392734K->326702K(821760K), 0.0019132 secs] [Times: user=0.01 sys=0.00, real=0.01 secs] 
2019.358: [GC (Allocation Failure) [PSYoungGen: 67472K->1424K(67584K)] 392750K->326702K(821760K), 0.0028269 secs] [Times: user=0.01 sys=0.00, real=0.00 secs] 
2020.153: [GC (Allocation Failure) [PSYoungGen: 67472K->1440K(67584K)] 392750K->326718K(821760K), 0.0019964 secs] [Times: user=0.01 sys=0.00, real=0.00 secs] 
2020.430: [GC (Allocation Failure) [PSYoungGen: 67488K->1424K(67584K)] 392766K->326702K(821760K), 0.0020348 secs] [Times: user=0.01 sys=0.00, real=0.00 secs] 
2020.707: [GC (Allocation Failure) [PSYoungGen: 67472K->1376K(67584K)] 392750K->326654K(821760K), 0.0021554 secs] [Times: user=0.00 sys=0.00, real=0.00 secs] 
2020.990: [GC (Allocation Failure) [PSYoungGen: 67424K->1424K(67584K)] 392702K->326702K(821760K), 0.0021260 secs] [Times: user=0.01 sys=0.00, real=0.00 secs] 
2021.356: [GC (Allocation Failure) [PSYoungGen: 67472K->1392K(67584K)] 392750K->326670K(821760K), 0.0036703 secs] [Times: user=0.01 sys=0.00, real=0.00 secs] 
2022.504: [GC (Allocation Failure) [PSYoungGen: 67440K->1392K(67584K)] 392718K->326670K(821760K), 0.0042195 secs] [Times: user=0.01 sys=0.00, real=0.01 secs] 
2023.081: [GC (Allocation Failure) [PSYoungGen: 67440K->1440K(67584K)] 392718K->326718K(821760K), 0.0025294 secs] [Times: user=0.01 sys=0.00, real=0.00 secs] 
2023.632: [GC (Allocation Failure) [PSYoungGen: 67488K->1408K(67584K)] 392766K->326686K(821760K), 0.0034712 secs] [Times: user=0.01 sys=0.00, real=0.01 secs] 
2023.967: [GC (Allocation Failure) [PSYoungGen: 67456K->1328K(67584K)] 392734K->326606K(821760K), 0.0022144 secs] [Times: user=0.00 sys=0.00, real=0.00 secs] 
2024.753: [GC (Allocation Failure) [PSYoungGen: 67376K->1408K(67584K)] 392654K->326686K(821760K), 0.0018907 secs] [Times: user=0.01 sys=0.00, real=0.00 secs] 
2025.397: [GC (Allocation Failure) [PSYoungGen: 67456K->1408K(67584K)] 392734K->326686K(821760K), 0.0031224 secs] [Times: user=0.01 sys=0.00, real=0.00 secs] 
2025.736: [GC (Allocation Failure) [PSYoungGen: 67456K->1408K(67584K)] 392734K->326702K(821760K), 0.0021250 secs] [Times: user=0.01 sys=0.01, real=0.00 secs] 
2026.121: [GC (Allocation Failure) [PSYoungGen: 67456K->1408K(67584K)] 392750K->326702K(821760K), 0.0020486 secs] [Times: user=0.01 sys=0.00, real=0.00 secs] 
2026.513: [GC (Allocation Failure) [PSYoungGen: 67456K->1376K(67584K)] 392750K->326670K(821760K), 0.0032430 secs] [Times: user=0.01 sys=0.01, real=0.01 secs] 
2027.549: [GC (Allocation Failure) [PSYoungGen: 67424K->1392K(67584K)] 392718K->326686K(821760K), 0.0041911 secs] [Times: user=0.02 sys=0.01, real=0.00 secs] 
2028.101: [GC (Allocation Failure) [PSYoungGen: 67440K->1344K(67584K)] 392734K->326638K(821760K), 0.0024645 secs] [Times: user=0.01 sys=0.00, real=0.00 secs] 
2028.524: [GC (Allocation Failure) [PSYoungGen: 67392K->1392K(67584K)] 392686K->326686K(821760K), 0.0025545 secs] [Times: user=0.01 sys=0.00, real=0.01 secs] 
2029.009: [GC (Allocation Failure) [PSYoungGen: 67440K->1440K(67584K)] 392734K->326734K(821760K), 0.0022404 secs] [Times: user=0.01 sys=0.00, real=0.00 secs] 
2030.237: [GC (Allocation Failure) [PSYoungGen: 67488K->1408K(67584K)] 392782K->327726K(821760K), 0.0021335 secs] [Times: user=0.01 sys=0.00, real=0.00 secs] 
2031.152: [GC (Allocation Failure) [PSYoungGen: 67456K->1376K(67584K)] 393774K->327694K(821760K), 0.0032973 secs] [Times: user=0.01 sys=0.00, real=0.01 secs] 
2032.020: [GC (Allocation Failure) [PSYoungGen: 67424K->1408K(67584K)] 393742K->327726K(821760K), 0.0032513 secs] [Times: user=0.01 sys=0.00, real=0.00 secs] 
2032.881: [GC (Allocation Failure) [PSYoungGen: 67456K->1408K(67584K)] 393774K->327726K(821760K), 0.0028790 secs] [Times: user=0.02 sys=0.00, real=0.00 secs] 
2033.689: [GC (Allocation Failure) [PSYoungGen: 67456K->1376K(67584K)] 393774K->327694K(821760K), 0.0035125 secs] [Times: user=0.02 sys=0.00, real=0.00 secs] 
2035.279: [GC (Allocation Failure) [PSYoungGen: 67424K->1440K(67584K)] 393742K->327758K(821760K), 0.0024551 secs] [Times: user=0.01 sys=0.00, real=0.00 secs] 
2036.443: [GC (Allocation Failure) [PSYoungGen: 67488K->1376K(67584K)] 393806K->327694K(821760K), 0.0047740 secs] [Times: user=0.02 sys=0.00, real=0.01 secs] 
2037.320: [GC (Allocation Failure) [PSYoungGen: 67424K->1424K(67584K)] 393742K->327742K(821760K), 0.0035142 secs] [Times: user=0.02 sys=0.01, real=0.00 secs] 
2038.235: [GC (Allocation Failure) [PSYoungGen: 67472K->1408K(67584K)] 393790K->327726K(821760K), 0.0039122 secs] [Times: user=0.02 sys=0.00, real=0.00 secs] 
2039.639: [GC (Allocation Failure) [PSYoungGen: 67456K->1472K(67584K)] 393774K->328814K(821760K), 0.0037667 secs] [Times: user=0.02 sys=0.00, real=0.00 secs] 
2040.694: [GC (Allocation Failure) [PSYoungGen: 67520K->1408K(67584K)] 394862K->328750K(821760K), 0.0032962 secs] [Times: user=0.02 sys=0.00, real=0.01 secs] 
2041.258: [GC (Allocation Failure) [PSYoungGen: 67456K->1408K(67584K)] 394798K->328750K(821760K), 0.0022679 secs] [Times: user=0.01 sys=0.00, real=0.00 secs] 
2041.689: [GC (Allocation Failure) [PSYoungGen: 67456K->1376K(67584K)] 394798K->328718K(821760K), 0.0022940 secs] [Times: user=0.01 sys=0.00, real=0.00 secs] 
2042.046: [GC (Allocation Failure) [PSYoungGen: 67424K->1408K(67584K)] 394766K->328758K(821760K), 0.0021790 secs] [Times: user=0.01 sys=0.00, real=0.00 secs] 
2043.137: [GC (Allocation Failure) [PSYoungGen: 67456K->1408K(67584K)] 394806K->328758K(821760K), 0.0019575 secs] [Times: user=0.00 sys=0.00, real=0.00 secs] 
2044.012: [GC (Allocation Failure) [PSYoungGen: 67456K->1424K(67584K)] 394806K->328774K(821760K), 0.0038653 secs] [Times: user=0.01 sys=0.00, real=0.01 secs] 
2044.821: [GC (Allocation Failure) [PSYoungGen: 67472K->1408K(67584K)] 394822K->328758K(821760K), 0.0039675 secs] [Times: user=0.01 sys=0.00, real=0.00 secs] 
2045.624: [GC (Allocation Failure) [PSYoungGen: 67456K->1408K(67584K)] 394806K->328758K(821760K), 0.0040494 secs] [Times: user=0.02 sys=0.00, real=0.01 secs] 
2046.679: [GC (Allocation Failure) [PSYoungGen: 67456K->896K(67584K)] 394806K->329270K(821760K), 0.0018097 secs] [Times: user=0.01 sys=0.00, real=0.00 secs] 
2047.324: [GC (Allocation Failure) [PSYoungGen: 66944K->320K(67584K)] 395318K->328694K(821760K), 0.0018805 secs] [Times: user=0.01 sys=0.00, real=0.01 secs] 
2047.894: [GC (Allocation Failure) [PSYoungGen: 66368K->352K(68096K)] 394742K->328734K(822272K), 0.0029694 secs] [Times: user=0.01 sys=0.00, real=0.01 secs] 
2048.515: [GC (Allocation Failure) [PSYoungGen: 66400K->384K(68096K)] 394782K->328766K(822272K), 0.0039698 secs] [Times: user=0.01 sys=0.00, real=0.01 secs] 
2049.011: [GC (Allocation Failure) [PSYoungGen: 66432K->320K(68096K)] 394814K->328702K(822272K), 0.0020280 secs] [Times: user=0.01 sys=0.00, real=0.00 secs] 
2050.171: [GC (Allocation Failure) [PSYoungGen: 66368K->1472K(68096K)] 394750K->329862K(822272K), 0.0019788 secs] [Times: user=0.01 sys=0.00, real=0.00 secs] 
2050.982: [GC (Allocation Failure) [PSYoungGen: 67520K->1440K(67584K)] 395910K->329830K(821760K), 0.0043310 secs] [Times: user=0.02 sys=0.00, real=0.01 secs] 
2051.740: [GC (Allocation Failure) [PSYoungGen: 66976K->1408K(68096K)] 395366K->329798K(822272K), 0.0036139 secs] [Times: user=0.01 sys=0.00, real=0.00 secs] 
2052.195: [GC (Allocation Failure) [PSYoungGen: 66944K->1376K(68096K)] 395334K->329766K(822272K), 0.0021281 secs] [Times: user=0.00 sys=0.00, real=0.00 secs] 
2053.067: [GC (Allocation Failure) [PSYoungGen: 66912K->1520K(68096K)] 395302K->329910K(822272K), 0.0017165 secs] [Times: user=0.00 sys=0.00, real=0.00 secs] 
2053.384: [GC (Allocation Failure) [PSYoungGen: 67056K->1376K(68096K)] 395446K->329774K(822272K), 0.0016095 secs] [Times: user=0.01 sys=0.00, real=0.01 secs] 
2053.656: [GC (Allocation Failure) [PSYoungGen: 66912K->1344K(68096K)] 395310K->329742K(822272K), 0.0015478 secs] [Times: user=0.01 sys=0.00, real=0.00 secs] 
2053.943: [GC (Allocation Failure) [PSYoungGen: 66880K->1376K(67072K)] 395278K->329790K(821248K), 0.0015924 secs] [Times: user=0.00 sys=0.00, real=0.00 secs] 
2054.221: [GC (Allocation Failure) [PSYoungGen: 66912K->1376K(67584K)] 395326K->329790K(821760K), 0.0016164 secs] [Times: user=0.00 sys=0.00, real=0.00 secs] 
2056.152: [GC (Allocation Failure) [PSYoungGen: 66912K->1440K(67584K)] 395326K->329854K(821760K), 0.0033705 secs] [Times: user=0.01 sys=0.00, real=0.00 secs] 
2056.610: [GC (Allocation Failure) [PSYoungGen: 66976K->1424K(67584K)] 395390K->329838K(821760K), 0.0027658 secs] [Times: user=0.01 sys=0.00, real=0.00 secs] 
2057.282: [GC (Allocation Failure) [PSYoungGen: 66960K->1408K(67584K)] 395374K->329822K(821760K), 0.0023693 secs] [Times: user=0.01 sys=0.00, real=0.00 secs] 
2058.075: [GC (Allocation Failure) [PSYoungGen: 66944K->1376K(67584K)] 395358K->329790K(821760K), 0.0044512 secs] [Times: user=0.02 sys=0.00, real=0.01 secs] 
2059.304: [GC (Allocation Failure) [PSYoungGen: 66912K->1373K(67584K)] 395326K->329803K(821760K), 0.0015559 secs] [Times: user=0.01 sys=0.00, real=0.01 secs] 
2059.751: [GC (Allocation Failure) [PSYoungGen: 66909K->1440K(67584K)] 395339K->329870K(821760K), 0.0019645 secs] [Times: user=0.01 sys=0.00, real=0.00 secs] 
2060.277: [GC (Allocation Failure) [PSYoungGen: 66976K->1408K(67584K)] 395406K->329838K(821760K), 0.0021904 secs] [Times: user=0.01 sys=0.00, real=0.00 secs] 
2060.894: [GC (Allocation Failure) [PSYoungGen: 66944K->1376K(67584K)] 395374K->329822K(821760K), 0.0021571 secs] [Times: user=0.01 sys=0.00, real=0.01 secs] 
2061.684: [GC (Allocation Failure) [PSYoungGen: 66912K->1408K(67584K)] 395358K->329854K(821760K), 0.0040753 secs] [Times: user=0.01 sys=0.00, real=0.01 secs] 
2063.196: [GC (Allocation Failure) [PSYoungGen: 66944K->1424K(67584K)] 395390K->329870K(821760K), 0.0041328 secs] [Times: user=0.02 sys=0.00, real=0.00 secs] 
2063.899: [GC (Allocation Failure) [PSYoungGen: 66960K->1408K(67584K)] 395406K->329854K(821760K), 0.0027950 secs] [Times: user=0.01 sys=0.00, real=0.00 secs] 
2064.442: [GC (Allocation Failure) [PSYoungGen: 66944K->1376K(67584K)] 395390K->329822K(821760K), 0.0027766 secs] [Times: user=0.01 sys=0.00, real=0.00 secs] 
2064.999: [GC (Allocation Failure) [PSYoungGen: 66912K->1376K(67584K)] 395358K->329822K(821760K), 0.0035896 secs] [Times: user=0.02 sys=0.00, real=0.00 secs] 
2065.811: [GC (Allocation Failure) [PSYoungGen: 66912K->1373K(67584K)] 395358K->329819K(821760K), 0.0015369 secs] [Times: user=0.00 sys=0.00, real=0.00 secs] 
2066.381: [GC (Allocation Failure) [PSYoungGen: 66909K->1440K(67584K)] 395355K->329886K(821760K), 0.0019161 secs] [Times: user=0.00 sys=0.00, real=0.00 secs] 
2066.790: [GC (Allocation Failure) [PSYoungGen: 66976K->1392K(67584K)] 395422K->329838K(821760K), 0.0017107 secs] [Times: user=0.01 sys=0.00, real=0.00 secs] 
2067.354: [GC (Allocation Failure) [PSYoungGen: 66928K->1408K(67584K)] 395374K->329854K(821760K), 0.0035297 secs] [Times: user=0.02 sys=0.00, real=0.01 secs] 
2067.928: [GC (Allocation Failure) [PSYoungGen: 66944K->1408K(67584K)] 395390K->329854K(821760K), 0.0023718 secs] [Times: user=0.01 sys=0.00, real=0.00 secs] 
2068.802: [GC (Allocation Failure) [PSYoungGen: 66944K->1440K(67584K)] 395390K->329886K(821760K), 0.0017852 secs] [Times: user=0.01 sys=0.00, real=0.00 secs] 
2069.101: [GC (Allocation Failure) [PSYoungGen: 66976K->1376K(67584K)] 395422K->329838K(821760K), 0.0018168 secs] [Times: user=0.00 sys=0.00, real=0.00 secs] 
2069.375: [GC (Allocation Failure) [PSYoungGen: 66912K->1408K(67584K)] 395374K->329870K(821760K), 0.0028826 secs] [Times: user=0.01 sys=0.00, real=0.01 secs] 
2069.648: [GC (Allocation Failure) [PSYoungGen: 66944K->1408K(67584K)] 395406K->329870K(821760K), 0.0019101 secs] [Times: user=0.01 sys=0.00, real=0.00 secs] 
2070.023: [GC (Allocation Failure) [PSYoungGen: 66944K->1437K(67584K)] 395406K->329899K(821760K), 0.0014907 secs] [Times: user=0.01 sys=0.00, real=0.00 secs] 
2072.288: [GC (Allocation Failure) [PSYoungGen: 66973K->1440K(67584K)] 395435K->329902K(821760K), 0.0043659 secs] [Times: user=0.01 sys=0.00, real=0.00 secs] 
2072.760: [GC (Allocation Failure) [PSYoungGen: 66976K->1408K(67584K)] 395438K->329870K(821760K), 0.0022488 secs] [Times: user=0.01 sys=0.00, real=0.00 secs] 
2073.313: [GC (Allocation Failure) [PSYoungGen: 66944K->1408K(67584K)] 395406K->329870K(821760K), 0.0034228 secs] [Times: user=0.02 sys=0.01, real=0.01 secs] 
2073.893: [GC (Allocation Failure) [PSYoungGen: 66944K->1376K(67072K)] 395406K->329838K(821248K), 0.0034400 secs] [Times: user=0.01 sys=0.00, real=0.01 secs] 
2074.897: [GC (Allocation Failure) [PSYoungGen: 66912K->1424K(67072K)] 395374K->329886K(821248K), 0.0020218 secs] [Times: user=0.01 sys=0.00, real=0.00 secs] 
2075.177: [GC (Allocation Failure) [PSYoungGen: 66960K->352K(66560K)] 395422K->329838K(820736K), 0.0060924 secs] [Times: user=0.03 sys=0.00, real=0.00 secs] 
2075.453: [GC (Allocation Failure) [PSYoungGen: 65888K->352K(67584K)] 395374K->329838K(821760K), 0.0018590 secs] [Times: user=0.01 sys=0.00, real=0.00 secs] 
2075.726: [GC (Allocation Failure) [PSYoungGen: 65888K->336K(67584K)] 395374K->329822K(821760K), 0.0018865 secs] [Times: user=0.01 sys=0.00, real=0.00 secs] 
2076.069: [GC (Allocation Failure) [PSYoungGen: 65872K->320K(67584K)] 395358K->329806K(821760K), 0.0021490 secs] [Times: user=0.01 sys=0.00, real=0.00 secs] 
2076.822: [GC (Allocation Failure) [PSYoungGen: 65856K->1408K(67584K)] 395342K->330894K(821760K), 0.0018028 secs] [Times: user=0.00 sys=0.00, real=0.00 secs] 
2077.119: [GC (Allocation Failure) [PSYoungGen: 66944K->1376K(67584K)] 396430K->330886K(821760K), 0.0019426 secs] [Times: user=0.00 sys=0.00, real=0.00 secs] 
2077.392: [GC (Allocation Failure) [PSYoungGen: 66912K->1408K(67584K)] 396422K->330918K(821760K), 0.0019205 secs] [Times: user=0.01 sys=0.00, real=0.00 secs] 
2077.664: [GC (Allocation Failure) [PSYoungGen: 66944K->1376K(67584K)] 396454K->330886K(821760K), 0.0018847 secs] [Times: user=0.01 sys=0.00, real=0.01 secs] 
2078.646: [GC (Allocation Failure) [PSYoungGen: 66912K->1408K(67584K)] 396422K->330918K(821760K), 0.0018895 secs] [Times: user=0.01 sys=0.00, real=0.00 secs] 
2079.727: [GC (Allocation Failure) [PSYoungGen: 66944K->1408K(67584K)] 396454K->330918K(821760K), 0.0050524 secs] [Times: user=0.02 sys=0.00, real=0.00 secs] 
2080.229: [GC (Allocation Failure) [PSYoungGen: 66944K->1408K(67584K)] 396454K->330918K(821760K), 0.0020503 secs] [Times: user=0.01 sys=0.00, real=0.00 secs] 
2080.523: [GC (Allocation Failure) [PSYoungGen: 66944K->1376K(67584K)] 396454K->330886K(821760K), 0.0021238 secs] [Times: user=0.01 sys=0.00, real=0.01 secs] 
2080.930: [GC (Allocation Failure) [PSYoungGen: 66912K->1408K(67584K)] 396422K->330918K(821760K), 0.0021082 secs] [Times: user=0.01 sys=0.00, real=0.00 secs] 
2082.964: [GC (Allocation Failure) [PSYoungGen: 66944K->1424K(67584K)] 396454K->330934K(821760K), 0.0041724 secs] [Times: user=0.02 sys=0.00, real=0.01 secs] 
2083.794: [GC (Allocation Failure) [PSYoungGen: 66960K->1408K(67584K)] 396470K->330918K(821760K), 0.0027789 secs] [Times: user=0.01 sys=0.00, real=0.01 secs] 
2084.549: [GC (Allocation Failure) [PSYoungGen: 66944K->1424K(67584K)] 396454K->330934K(821760K), 0.0029885 secs] [Times: user=0.01 sys=0.00, real=0.00 secs] 
2085.295: [GC (Allocation Failure) [PSYoungGen: 66960K->1408K(67584K)] 396470K->330918K(821760K), 0.0027134 secs] [Times: user=0.01 sys=0.00, real=0.01 secs] 
2086.204: [GC (Allocation Failure) [PSYoungGen: 66710K->1952K(67584K)] 396220K->331462K(821760K), 0.0017902 secs] [Times: user=0.01 sys=0.00, real=0.01 secs] 
2086.833: [GC (Allocation Failure) [PSYoungGen: 67488K->1408K(67072K)] 396998K->330918K(821248K), 0.0019964 secs] [Times: user=0.01 sys=0.00, real=0.00 secs] 
2087.509: [GC (Allocation Failure) [PSYoungGen: 66944K->1408K(67584K)] 396454K->330918K(821760K), 0.0020629 secs] [Times: user=0.01 sys=0.00, real=0.00 secs] 
2088.459: [GC (Allocation Failure) [PSYoungGen: 66944K->1376K(67584K)] 396454K->330886K(821760K), 0.0021416 secs] [Times: user=0.00 sys=0.00, real=0.00 secs] 
2089.314: [GC (Allocation Failure) [PSYoungGen: 66912K->1424K(67584K)] 396422K->330934K(821760K), 0.0023351 secs] [Times: user=0.01 sys=0.00, real=0.01 secs] 
2090.538: [GC (Allocation Failure) [PSYoungGen: 66960K->1408K(67584K)] 396470K->330918K(821760K), 0.0033698 secs] [Times: user=0.02 sys=0.01, real=0.00 secs] 
2091.084: [GC (Allocation Failure) [PSYoungGen: 66944K->1408K(67584K)] 396454K->330926K(821760K), 0.0025197 secs] [Times: user=0.01 sys=0.00, real=0.01 secs] 
2091.387: [GC (Allocation Failure) [PSYoungGen: 66944K->1408K(67584K)] 396462K->330926K(821760K), 0.0022245 secs] [Times: user=0.01 sys=0.00, real=0.00 secs] 
2091.782: [GC (Allocation Failure) [PSYoungGen: 66944K->1376K(67584K)] 396462K->330894K(821760K), 0.0020850 secs] [Times: user=0.01 sys=0.00, real=0.00 secs] 
2092.743: [GC (Allocation Failure) [PSYoungGen: 66912K->1405K(67584K)] 396430K->330923K(821760K), 0.0015452 secs] [Times: user=0.00 sys=0.00, real=0.00 secs] 
2093.503: [GC (Allocation Failure) [PSYoungGen: 66941K->1472K(67584K)] 396459K->330990K(821760K), 0.0018764 secs] [Times: user=0.01 sys=0.00, real=0.00 secs] 
2094.326: [GC (Allocation Failure) [PSYoungGen: 67008K->1408K(67584K)] 396526K->330926K(821760K), 0.0020022 secs] [Times: user=0.01 sys=0.00, real=0.00 secs] 
2094.972: [GC (Allocation Failure) [PSYoungGen: 66944K->1376K(67584K)] 396462K->330894K(821760K), 0.0022129 secs] [Times: user=0.01 sys=0.00, real=0.00 secs] 
2095.320: [GC (Allocation Failure) [PSYoungGen: 66912K->1408K(67584K)] 396430K->330926K(821760K), 0.0021408 secs] [Times: user=0.01 sys=0.00, real=0.00 secs] 
2096.500: [GC (Allocation Failure) [PSYoungGen: 66944K->1440K(67584K)] 396462K->330958K(821760K), 0.0027275 secs] [Times: user=0.02 sys=0.00, real=0.00 secs] 
2097.364: [GC (Allocation Failure) [PSYoungGen: 66976K->1424K(67584K)] 396494K->330942K(821760K), 0.0036008 secs] [Times: user=0.01 sys=0.00, real=0.01 secs] 
2098.109: [GC (Allocation Failure) [PSYoungGen: 66959K->1376K(67584K)] 396478K->330894K(821760K), 0.0033292 secs] [Times: user=0.01 sys=0.00, real=0.00 secs] 
2098.701: [GC (Allocation Failure) [PSYoungGen: 66912K->1392K(67584K)] 396430K->330910K(821760K), 0.0024816 secs] [Times: user=0.01 sys=0.01, real=0.00 secs] 
2099.466: [GC (Allocation Failure) [PSYoungGen: 66928K->1373K(67584K)] 396446K->330899K(821760K), 0.0014050 secs] [Times: user=0.01 sys=0.00, real=0.00 secs] 
2100.282: [GC (Allocation Failure) [PSYoungGen: 66909K->1440K(67584K)] 396435K->330966K(821760K), 0.0023100 secs] [Times: user=0.00 sys=0.00, real=0.00 secs] 
2100.796: [GC (Allocation Failure) [PSYoungGen: 66976K->1408K(67584K)] 396502K->330934K(821760K), 0.0023901 secs] [Times: user=0.01 sys=0.00, real=0.00 secs] 
2101.063: [GC (Allocation Failure) [PSYoungGen: 66944K->1440K(67584K)] 396470K->330966K(821760K), 0.0021202 secs] [Times: user=0.01 sys=0.00, real=0.00 secs] 
2101.508: [GC (Allocation Failure) [PSYoungGen: 66976K->1376K(67584K)] 396502K->330902K(821760K), 0.0033488 secs] [Times: user=0.01 sys=0.00, real=0.00 secs] 
2102.547: [GC (Allocation Failure) [PSYoungGen: 66912K->1408K(67072K)] 396438K->330934K(821248K), 0.0019819 secs] [Times: user=0.01 sys=0.00, real=0.00 secs] 
2103.461: [GC (Allocation Failure) [PSYoungGen: 66944K->1408K(67072K)] 396470K->330934K(821248K), 0.0028081 secs] [Times: user=0.01 sys=0.00, real=0.00 secs] 
2104.073: [GC (Allocation Failure) [PSYoungGen: 66944K->416K(66560K)] 396470K->330966K(820736K), 0.0027326 secs] [Times: user=0.01 sys=0.00, real=0.00 secs] 
2104.471: [GC (Allocation Failure) [PSYoungGen: 65952K->368K(67584K)] 396502K->330918K(821760K), 0.0020357 secs] [Times: user=0.01 sys=0.00, real=0.00 secs] 
2104.854: [GC (Allocation Failure) [PSYoungGen: 65904K->1405K(67584K)] 396454K->331955K(821760K), 0.0015644 secs] [Times: user=0.01 sys=0.00, real=0.01 secs] 
2105.834: [GC (Allocation Failure) [PSYoungGen: 66941K->1440K(67584K)] 397491K->331990K(821760K), 0.0023931 secs] [Times: user=0.01 sys=0.00, real=0.01 secs] 
2106.332: [GC (Allocation Failure) [PSYoungGen: 66976K->1440K(67584K)] 397526K->331990K(821760K), 0.0020567 secs] [Times: user=0.01 sys=0.00, real=0.00 secs] 
2106.661: [GC (Allocation Failure) [PSYoungGen: 66976K->1376K(67584K)] 397526K->331926K(821760K), 0.0025329 secs] [Times: user=0.01 sys=0.00, real=0.00 secs] 
2107.119: [GC (Allocation Failure) [PSYoungGen: 66912K->1408K(67584K)] 397462K->331974K(821760K), 0.0024671 secs] [Times: user=0.01 sys=0.00, real=0.00 secs] 
2108.136: [GC (Allocation Failure) [PSYoungGen: 66944K->1440K(67584K)] 397510K->332022K(821760K), 0.0020891 secs] [Times: user=0.01 sys=0.00, real=0.00 secs] 
2108.681: [GC (Allocation Failure) [PSYoungGen: 66976K->1440K(67584K)] 397558K->332022K(821760K), 0.0038957 secs] [Times: user=0.01 sys=0.00, real=0.00 secs] 
2109.079: [GC (Allocation Failure) [PSYoungGen: 66976K->1408K(67584K)] 397558K->331990K(821760K), 0.0019785 secs] [Times: user=0.01 sys=0.00, real=0.00 secs] 
2109.480: [GC (Allocation Failure) [PSYoungGen: 66944K->1376K(67584K)] 397526K->331958K(821760K), 0.0024009 secs] [Times: user=0.01 sys=0.00, real=0.00 secs] 
2110.033: [GC (Allocation Failure) [PSYoungGen: 66912K->1376K(67584K)] 397494K->331958K(821760K), 0.0026425 secs] [Times: user=0.01 sys=0.00, real=0.00 secs] 
2111.420: [GC (Allocation Failure) [PSYoungGen: 66912K->1440K(67584K)] 397494K->332022K(821760K), 0.0027302 secs] [Times: user=0.01 sys=0.00, real=0.00 secs] 
2112.080: [GC (Allocation Failure) [PSYoungGen: 66976K->1440K(67584K)] 397558K->332022K(821760K), 0.0033099 secs] [Times: user=0.01 sys=0.00, real=0.00 secs] 
2112.670: [GC (Allocation Failure) [PSYoungGen: 66976K->1408K(67584K)] 397558K->331990K(821760K), 0.0027329 secs] [Times: user=0.01 sys=0.00, real=0.00 secs] 
2113.026: [GC (Allocation Failure) [PSYoungGen: 66944K->1408K(67584K)] 397526K->331990K(821760K), 0.0021959 secs] [Times: user=0.01 sys=0.00, real=0.00 secs] 
2113.811: [GC (Allocation Failure) [PSYoungGen: 66944K->1472K(67584K)] 397526K->332054K(821760K), 0.0019969 secs] [Times: user=0.01 sys=0.00, real=0.00 secs] 
2114.099: [GC (Allocation Failure) [PSYoungGen: 67008K->1408K(67584K)] 397590K->331990K(821760K), 0.0021831 secs] [Times: user=0.01 sys=0.00, real=0.00 secs] 
2114.435: [GC (Allocation Failure) [PSYoungGen: 66944K->1408K(67584K)] 397526K->331998K(821760K), 0.0019514 secs] [Times: user=0.01 sys=0.00, real=0.01 secs] 
2114.858: [GC (Allocation Failure) [PSYoungGen: 66944K->1376K(67584K)] 397534K->331966K(821760K), 0.0034647 secs] [Times: user=0.02 sys=0.00, real=0.00 secs] 
2115.132: [GC (Allocation Failure) [PSYoungGen: 66912K->1392K(67584K)] 397502K->331982K(821760K), 0.0019881 secs] [Times: user=0.01 sys=0.00, real=0.00 secs] 
2115.871: [GC (Allocation Failure) [PSYoungGen: 66928K->1408K(67584K)] 397518K->331998K(821760K), 0.0015067 secs] [Times: user=0.01 sys=0.00, real=0.00 secs] 
2116.192: [GC (Allocation Failure) [PSYoungGen: 66944K->1408K(67584K)] 397534K->332022K(821760K), 0.0013646 secs] [Times: user=0.00 sys=0.00, real=0.00 secs] 
2116.521: [GC (Allocation Failure) [PSYoungGen: 66944K->1344K(67584K)] 397558K->331958K(821760K), 0.0023696 secs] [Times: user=0.01 sys=0.00, real=0.00 secs] 
2116.872: [GC (Allocation Failure) [PSYoungGen: 66880K->1408K(67584K)] 397494K->332022K(821760K), 0.0024419 secs] [Times: user=0.01 sys=0.00, real=0.00 secs] 
2117.854: [GC (Allocation Failure) [PSYoungGen: 66944K->1952K(67584K)] 397558K->332566K(821760K), 0.0018819 secs] [Times: user=0.01 sys=0.01, real=0.01 secs] 
2118.479: [GC (Allocation Failure) [PSYoungGen: 67488K->1376K(67584K)] 398102K->331990K(821760K), 0.0021719 secs] [Times: user=0.01 sys=0.00, real=0.00 secs] 
2119.072: [GC (Allocation Failure) [PSYoungGen: 66912K->1376K(67584K)] 397526K->331998K(821760K), 0.0026370 secs] [Times: user=0.01 sys=0.00, real=0.00 secs] 
2119.385: [GC (Allocation Failure) [PSYoungGen: 66912K->1376K(67584K)] 397534K->331998K(821760K), 0.0021658 secs] [Times: user=0.01 sys=0.00, real=0.01 secs] 
2119.808: [GC (Allocation Failure) [PSYoungGen: 66912K->1376K(67584K)] 397534K->331998K(821760K), 0.0019555 secs] [Times: user=0.01 sys=0.00, real=0.00 secs] 
2120.788: [GC (Allocation Failure) [PSYoungGen: 66912K->1456K(67584K)] 397534K->332078K(821760K), 0.0016915 secs] [Times: user=0.01 sys=0.00, real=0.00 secs] 
2121.189: [GC (Allocation Failure) [PSYoungGen: 66992K->1408K(67584K)] 397614K->332030K(821760K), 0.0019363 secs] [Times: user=0.01 sys=0.00, real=0.00 secs] 
2121.461: [GC (Allocation Failure) [PSYoungGen: 66944K->1408K(67584K)] 397566K->332030K(821760K), 0.0019802 secs] [Times: user=0.01 sys=0.00, real=0.00 secs] 
2121.916: [GC (Allocation Failure) [PSYoungGen: 66944K->1440K(67584K)] 397566K->332062K(821760K), 0.0020171 secs] [Times: user=0.00 sys=0.00, real=0.00 secs] 
2122.875: [GC (Allocation Failure) [PSYoungGen: 66717K->192K(67584K)] 397339K->330814K(821760K), 0.0015209 secs] [Times: user=0.00 sys=0.00, real=0.01 secs] 
2124.122: [GC (Allocation Failure) [PSYoungGen: 65728K->1408K(67584K)] 396350K->332030K(821760K), 0.0023007 secs] [Times: user=0.01 sys=0.00, real=0.00 secs] 
2125.251: [GC (Allocation Failure) [PSYoungGen: 66944K->1408K(67584K)] 397566K->332030K(821760K), 0.0040320 secs] [Times: user=0.02 sys=0.00, real=0.00 secs] 
2126.097: [GC (Allocation Failure) [PSYoungGen: 66944K->1408K(67584K)] 397566K->332030K(821760K), 0.0032494 secs] [Times: user=0.01 sys=0.00, real=0.00 secs] 
2126.666: [GC (Allocation Failure) [PSYoungGen: 66944K->1392K(67584K)] 397566K->332014K(821760K), 0.0027778 secs] [Times: user=0.01 sys=0.00, real=0.00 secs] 
2127.590: [GC (Allocation Failure) [PSYoungGen: 66928K->1440K(67584K)] 397550K->332062K(821760K), 0.0020219 secs] [Times: user=0.01 sys=0.00, real=0.00 secs] 
2128.074: [GC (Allocation Failure) [PSYoungGen: 66976K->1440K(67584K)] 397598K->332062K(821760K), 0.0022735 secs] [Times: user=0.01 sys=0.00, real=0.01 secs] 
2128.561: [GC (Allocation Failure) [PSYoungGen: 66976K->1376K(67584K)] 397598K->332014K(821760K), 0.0020663 secs] [Times: user=0.01 sys=0.00, real=0.00 secs] 
2128.838: [GC (Allocation Failure) [PSYoungGen: 66912K->1408K(67584K)] 397550K->332046K(821760K), 0.0019705 secs] [Times: user=0.01 sys=0.00, real=0.00 secs] 
2129.438: [GC (Allocation Failure) [PSYoungGen: 66944K->1405K(67584K)] 397582K->332043K(821760K), 0.0014145 secs] [Times: user=0.00 sys=0.00, real=0.00 secs] 
2130.114: [GC (Allocation Failure) [PSYoungGen: 66941K->1408K(67584K)] 397579K->332046K(821760K), 0.0017531 secs] [Times: user=0.01 sys=0.00, real=0.01 secs] 
2130.661: [GC (Allocation Failure) [PSYoungGen: 66944K->1376K(67584K)] 397582K->332014K(821760K), 0.0019581 secs] [Times: user=0.01 sys=0.00, real=0.00 secs] 
2131.091: [GC (Allocation Failure) [PSYoungGen: 66912K->1408K(67584K)] 397550K->332046K(821760K), 0.0020861 secs] [Times: user=0.01 sys=0.00, real=0.00 secs] 
2131.697: [GC (Allocation Failure) [PSYoungGen: 66944K->1408K(67584K)] 397582K->332046K(821760K), 0.0021894 secs] [Times: user=0.01 sys=0.00, real=0.00 secs] 
2132.799: [GC (Allocation Failure) [PSYoungGen: 66944K->1408K(67584K)] 397582K->332046K(821760K), 0.0020675 secs] [Times: user=0.01 sys=0.00, real=0.00 secs] 
2133.120: [GC (Allocation Failure) [PSYoungGen: 66944K->1408K(67584K)] 397582K->332046K(821760K), 0.0018804 secs] [Times: user=0.01 sys=0.00, real=0.00 secs] 
2133.418: [GC (Allocation Failure) [PSYoungGen: 66944K->1376K(67584K)] 397582K->332014K(821760K), 0.0020897 secs] [Times: user=0.01 sys=0.00, real=0.00 secs] 
2133.756: [GC (Allocation Failure) [PSYoungGen: 66912K->1408K(67584K)] 397550K->332046K(821760K), 0.0019492 secs] [Times: user=0.01 sys=0.00, real=0.00 secs] 
2134.228: [GC (Allocation Failure) [PSYoungGen: 66944K->1373K(67584K)] 397582K->332011K(821760K), 0.0014016 secs] [Times: user=0.01 sys=0.00, real=0.00 secs] 
2135.495: [GC (Allocation Failure) [PSYoungGen: 66909K->1408K(67072K)] 397547K->332046K(821248K), 0.0028088 secs] [Times: user=0.01 sys=0.00, real=0.01 secs] 
2136.502: [GC (Allocation Failure) [PSYoungGen: 66944K->1408K(67072K)] 397582K->332046K(821248K), 0.0034915 secs] [Times: user=0.01 sys=0.00, real=0.01 secs] 
2137.003: [GC (Allocation Failure) [PSYoungGen: 66944K->1408K(67072K)] 397582K->332046K(821248K), 0.0025541 secs] [Times: user=0.01 sys=0.00, real=0.01 secs] 
2137.493: [GC (Allocation Failure) [PSYoungGen: 66944K->1408K(67072K)] 397582K->332070K(821248K), 0.0023085 secs] [Times: user=0.01 sys=0.00, real=0.00 secs] 
2138.411: [GC (Allocation Failure) [PSYoungGen: 66944K->1440K(67072K)] 397606K->332102K(821248K), 0.0018364 secs] [Times: user=0.01 sys=0.00, real=0.00 secs] 
2138.932: [GC (Allocation Failure) [PSYoungGen: 66976K->1424K(67072K)] 397638K->332086K(821248K), 0.0019793 secs] [Times: user=0.01 sys=0.00, real=0.00 secs] 
2139.461: [GC (Allocation Failure) [PSYoungGen: 66960K->1392K(67072K)] 397622K->332054K(821248K), 0.0019686 secs] [Times: user=0.00 sys=0.00, real=0.00 secs] 
2139.937: [GC (Allocation Failure) [PSYoungGen: 66928K->1376K(67072K)] 397590K->332038K(821248K), 0.0018776 secs] [Times: user=0.01 sys=0.00, real=0.00 secs] 
2140.497: [GC (Allocation Failure) [PSYoungGen: 66900K->272K(67072K)] 397562K->330934K(821248K), 0.0021200 secs] [Times: user=0.00 sys=0.00, real=0.00 secs] 
2141.697: [GC (Allocation Failure) [PSYoungGen: 65808K->1440K(67584K)] 396470K->332102K(821760K), 0.0028842 secs] [Times: user=0.01 sys=0.00, real=0.00 secs] 
2142.216: [GC (Allocation Failure) [PSYoungGen: 66976K->1408K(67584K)] 397638K->332070K(821760K), 0.0023500 secs] [Times: user=0.01 sys=0.00, real=0.00 secs] 
2142.475: [GC (Allocation Failure) [PSYoungGen: 66944K->1424K(67584K)] 397606K->332086K(821760K), 0.0020088 secs] [Times: user=0.01 sys=0.00, real=0.01 secs] 
2142.803: [GC (Allocation Failure) [PSYoungGen: 66960K->1408K(67584K)] 397622K->332070K(821760K), 0.0021993 secs] [Times: user=0.01 sys=0.00, real=0.00 secs] 
2145.510: [GC (Allocation Failure) [PSYoungGen: 66944K->1440K(67584K)] 397606K->332102K(821760K), 0.0045817 secs] [Times: user=0.02 sys=0.00, real=0.00 secs] 
2146.574: [GC (Allocation Failure) [PSYoungGen: 66976K->1408K(67584K)] 397638K->332070K(821760K), 0.0028210 secs] [Times: user=0.01 sys=0.00, real=0.01 secs] 
2146.836: [GC (Allocation Failure) [PSYoungGen: 66944K->1424K(67584K)] 397606K->332086K(821760K), 0.0021248 secs] [Times: user=0.01 sys=0.00, real=0.00 secs] 
2147.109: [GC (Allocation Failure) [PSYoungGen: 66960K->1408K(67584K)] 397622K->332070K(821760K), 0.0016964 secs] [Times: user=0.00 sys=0.00, real=0.00 secs] 
2147.381: [GC (Allocation Failure) [PSYoungGen: 66944K->1408K(67584K)] 397606K->332070K(821760K), 0.0018377 secs] [Times: user=0.01 sys=0.00, real=0.00 secs] 
2148.181: [GC (Allocation Failure) [PSYoungGen: 66944K->1456K(67584K)] 397606K->332118K(821760K), 0.0023953 secs] [Times: user=0.01 sys=0.00, real=0.00 secs] 
2148.455: [GC (Allocation Failure) [PSYoungGen: 66992K->1408K(67584K)] 397654K->332078K(821760K), 0.0021421 secs] [Times: user=0.00 sys=0.00, real=0.01 secs] 
2148.727: [GC (Allocation Failure) [PSYoungGen: 66944K->1424K(67584K)] 397614K->332094K(821760K), 0.0019400 secs] [Times: user=0.01 sys=0.00, real=0.00 secs] 
2149.005: [GC (Allocation Failure) [PSYoungGen: 66960K->1408K(67584K)] 397630K->332078K(821760K), 0.0019887 secs] [Times: user=0.01 sys=0.00, real=0.01 secs] 
2149.702: [GC (Allocation Failure) [PSYoungGen: 66944K->1920K(67584K)] 397614K->332590K(821760K), 0.0017161 secs] [Times: user=0.01 sys=0.00, real=0.00 secs] 
2149.973: [GC (Allocation Failure) [PSYoungGen: 67456K->1376K(67584K)] 398126K->332046K(821760K), 0.0016491 secs] [Times: user=0.01 sys=0.00, real=0.00 secs] 
2150.245: [GC (Allocation Failure) [PSYoungGen: 66912K->1376K(67584K)] 397582K->332046K(821760K), 0.0015376 secs] [Times: user=0.01 sys=0.00, real=0.01 secs] 
2150.516: [GC (Allocation Failure) [PSYoungGen: 66912K->1376K(67584K)] 397582K->332046K(821760K), 0.0017327 secs] [Times: user=0.00 sys=0.00, real=0.00 secs] 
2150.789: [GC (Allocation Failure) [PSYoungGen: 66912K->1344K(67584K)] 397582K->332014K(821760K), 0.0025633 secs] [Times: user=0.01 sys=0.00, real=0.00 secs] 
2151.933: [GC (Allocation Failure) [PSYoungGen: 66880K->1440K(67584K)] 397550K->332110K(821760K), 0.0041673 secs] [Times: user=0.02 sys=0.00, real=0.01 secs] 
2152.615: [GC (Allocation Failure) [PSYoungGen: 66976K->1408K(67584K)] 397646K->332078K(821760K), 0.0032499 secs] [Times: user=0.01 sys=0.00, real=0.01 secs] 
2153.380: [GC (Allocation Failure) [PSYoungGen: 66944K->1376K(67584K)] 397614K->332046K(821760K), 0.0029339 secs] [Times: user=0.01 sys=0.00, real=0.00 secs] 
2154.061: [GC (Allocation Failure) [PSYoungGen: 66912K->1408K(67584K)] 397582K->332078K(821760K), 0.0028606 secs] [Times: user=0.02 sys=0.00, real=0.00 secs] 
2155.180: [GC (Allocation Failure) [PSYoungGen: 66944K->1456K(67584K)] 397614K->332126K(821760K), 0.0016477 secs] [Times: user=0.01 sys=0.00, real=0.00 secs] 
2155.497: [GC (Allocation Failure) [PSYoungGen: 66992K->1408K(67584K)] 397662K->332078K(821760K), 0.0027208 secs] [Times: user=0.01 sys=0.00, real=0.00 secs] 
2155.842: [GC (Allocation Failure) [PSYoungGen: 66944K->1376K(67584K)] 397614K->332078K(821760K), 0.0018621 secs] [Times: user=0.01 sys=0.00, real=0.00 secs] 
2156.401: [GC (Allocation Failure) [PSYoungGen: 66912K->1376K(67584K)] 397614K->332078K(821760K), 0.0023614 secs] [Times: user=0.01 sys=0.01, real=0.00 secs] 
2156.959: [GC (Allocation Failure) [PSYoungGen: 66912K->1424K(67584K)] 397614K->332126K(821760K), 0.0021875 secs] [Times: user=0.01 sys=0.00, real=0.00 secs] 
2157.940: [GC (Allocation Failure) [PSYoungGen: 66960K->1456K(67584K)] 397662K->332158K(821760K), 0.0025516 secs] [Times: user=0.01 sys=0.00, real=0.00 secs] 
2158.288: [GC (Allocation Failure) [PSYoungGen: 66992K->1376K(67584K)] 397694K->332078K(821760K), 0.0020998 secs] [Times: user=0.01 sys=0.00, real=0.00 secs] 
2158.594: [GC (Allocation Failure) [PSYoungGen: 66912K->1408K(67584K)] 397614K->332110K(821760K), 0.0022054 secs] [Times: user=0.01 sys=0.00, real=0.01 secs] 
2158.927: [GC (Allocation Failure) [PSYoungGen: 66944K->1408K(67072K)] 397646K->332110K(821248K), 0.0020209 secs] [Times: user=0.01 sys=0.00, real=0.00 secs] 
2159.564: [GC (Allocation Failure) [PSYoungGen: 66944K->1405K(67072K)] 397646K->332107K(821248K), 0.0015014 secs] [Times: user=0.00 sys=0.00, real=0.01 secs] 
2160.003: [GC (Allocation Failure) [PSYoungGen: 66941K->448K(66560K)] 397643K->332174K(820736K), 0.0019230 secs] [Times: user=0.01 sys=0.01, real=0.00 secs] 
2160.275: [GC (Allocation Failure) [PSYoungGen: 65984K->352K(67584K)] 397710K->332078K(821760K), 0.0019384 secs] [Times: user=0.01 sys=0.00, real=0.01 secs] 
2160.601: [GC (Allocation Failure) [PSYoungGen: 65888K->368K(67584K)] 397614K->332094K(821760K), 0.0020617 secs] [Times: user=0.01 sys=0.00, real=0.00 secs] 
2160.905: [GC (Allocation Failure) [PSYoungGen: 65904K->352K(67584K)] 397630K->332078K(821760K), 0.0021906 secs] [Times: user=0.00 sys=0.01, real=0.01 secs] 
2163.157: [GC (Allocation Failure) [PSYoungGen: 65888K->1440K(67584K)] 397614K->333166K(821760K), 0.0043346 secs] [Times: user=0.01 sys=0.00, real=0.00 secs] 
2164.135: [GC (Allocation Failure) [PSYoungGen: 66976K->1424K(67584K)] 398702K->333150K(821760K), 0.0032744 secs] [Times: user=0.01 sys=0.00, real=0.01 secs] 
2166.127: [GC (Allocation Failure) [PSYoungGen: 66960K->1408K(67584K)] 398686K->333134K(821760K), 0.0034602 secs] [Times: user=0.01 sys=0.00, real=0.00 secs] 
2166.874: [GC (Allocation Failure) [PSYoungGen: 66944K->1408K(67584K)] 398670K->333134K(821760K), 0.0032624 secs] [Times: user=0.02 sys=0.00, real=0.01 secs] 
2167.686: [GC (Allocation Failure) [PSYoungGen: 66944K->1389K(67584K)] 398670K->333115K(821760K), 0.0016354 secs] [Times: user=0.01 sys=0.00, real=0.00 secs] 
2168.357: [GC (Allocation Failure) [PSYoungGen: 66925K->1472K(67584K)] 398651K->333198K(821760K), 0.0028713 secs] [Times: user=0.01 sys=0.00, real=0.00 secs] 
2168.612: [GC (Allocation Failure) [PSYoungGen: 67008K->1408K(67072K)] 398734K->333134K(821248K), 0.0019670 secs] [Times: user=0.00 sys=0.00, real=0.00 secs] 
2168.885: [GC (Allocation Failure) [PSYoungGen: 66944K->1424K(67584K)] 398670K->333174K(821760K), 0.0019198 secs] [Times: user=0.01 sys=0.01, real=0.01 secs] 
2169.156: [GC (Allocation Failure) [PSYoungGen: 66960K->1408K(67584K)] 398710K->333158K(821760K), 0.0019712 secs] [Times: user=0.01 sys=0.00, real=0.00 secs] 
2170.236: [GC (Allocation Failure) [PSYoungGen: 66944K->1408K(67584K)] 398694K->333158K(821760K), 0.0023811 secs] [Times: user=0.01 sys=0.00, real=0.00 secs] 
2171.035: [GC (Allocation Failure) [PSYoungGen: 66944K->1408K(67584K)] 398694K->333158K(821760K), 0.0033861 secs] [Times: user=0.01 sys=0.00, real=0.01 secs] 
2171.882: [GC (Allocation Failure) [PSYoungGen: 66944K->1408K(67584K)] 398694K->333158K(821760K), 0.0032380 secs] [Times: user=0.02 sys=0.00, real=0.00 secs] 
2172.648: [GC (Allocation Failure) [PSYoungGen: 66944K->1408K(67584K)] 398694K->333158K(821760K), 0.0048441 secs] [Times: user=0.02 sys=0.00, real=0.00 secs] 
2173.328: [GC (Allocation Failure) [PSYoungGen: 66944K->1389K(67584K)] 398694K->333139K(821760K), 0.0019528 secs] [Times: user=0.01 sys=0.00, real=0.00 secs] 
2174.250: [GC (Allocation Failure) [PSYoungGen: 66925K->1440K(67584K)] 398675K->333190K(821760K), 0.0019070 secs] [Times: user=0.01 sys=0.00, real=0.00 secs] 
2174.528: [GC (Allocation Failure) [PSYoungGen: 66976K->1392K(67584K)] 398726K->333150K(821760K), 0.0028231 secs] [Times: user=0.01 sys=0.00, real=0.00 secs] 
2174.895: [GC (Allocation Failure) [PSYoungGen: 66928K->1440K(67584K)] 398686K->333206K(821760K), 0.0042043 secs] [Times: user=0.02 sys=0.00, real=0.01 secs] 
2175.382: [GC (Allocation Failure) [PSYoungGen: 66976K->1440K(67584K)] 398742K->333206K(821760K), 0.0026442 secs] [Times: user=0.01 sys=0.00, real=0.00 secs] 
2176.532: [GC (Allocation Failure) [PSYoungGen: 66976K->1440K(67584K)] 398742K->333206K(821760K), 0.0018880 secs] [Times: user=0.01 sys=0.00, real=0.00 secs] 
2177.505: [GC (Allocation Failure) [PSYoungGen: 66976K->1376K(67584K)] 398742K->333142K(821760K), 0.0022300 secs] [Times: user=0.01 sys=0.00, real=0.00 secs] 
2178.260: [GC (Allocation Failure) [PSYoungGen: 66912K->1408K(67584K)] 398678K->333198K(821760K), 0.0029064 secs] [Times: user=0.01 sys=0.00, real=0.00 secs] 
2178.986: [GC (Allocation Failure) [PSYoungGen: 66944K->1408K(67584K)] 398734K->333198K(821760K), 0.0028117 secs] [Times: user=0.01 sys=0.00, real=0.00 secs] 
2179.573: [GC (Allocation Failure) [PSYoungGen: 66944K->1440K(67584K)] 398734K->333230K(821760K), 0.0023226 secs] [Times: user=0.01 sys=0.00, real=0.01 secs] 
2180.827: [GC (Allocation Failure) [PSYoungGen: 66976K->1456K(67584K)] 398766K->333246K(821760K), 0.0022628 secs] [Times: user=0.01 sys=0.00, real=0.00 secs] 
2181.590: [GC (Allocation Failure) [PSYoungGen: 66992K->1376K(67584K)] 398782K->333166K(821760K), 0.0032500 secs] [Times: user=0.01 sys=0.00, real=0.00 secs] 
2182.339: [GC (Allocation Failure) [PSYoungGen: 66912K->1408K(67584K)] 398702K->333206K(821760K), 0.0025749 secs] [Times: user=0.01 sys=0.00, real=0.00 secs] 
2183.095: [GC (Allocation Failure) [PSYoungGen: 66944K->1376K(67584K)] 398742K->333174K(821760K), 0.0021195 secs] [Times: user=0.01 sys=0.00, real=0.01 secs] 
2184.094: [GC (Allocation Failure) [PSYoungGen: 66912K->1408K(67584K)] 398710K->333206K(821760K), 0.0015619 secs] [Times: user=0.01 sys=0.00, real=0.01 secs] 
2184.657: [GC (Allocation Failure) [PSYoungGen: 66944K->1408K(67584K)] 398742K->333206K(821760K), 0.0018462 secs] [Times: user=0.01 sys=0.00, real=0.00 secs] 
2185.206: [GC (Allocation Failure) [PSYoungGen: 66944K->1376K(67584K)] 398742K->333174K(821760K), 0.0020778 secs] [Times: user=0.01 sys=0.00, real=0.00 secs] 
2185.512: [GC (Allocation Failure) [PSYoungGen: 66912K->1408K(67584K)] 398710K->333206K(821760K), 0.0019775 secs] [Times: user=0.01 sys=0.00, real=0.00 secs] 
2185.784: [GC (Allocation Failure) [PSYoungGen: 66944K->1408K(67584K)] 398742K->333206K(821760K), 0.0020917 secs] [Times: user=0.01 sys=0.00, real=0.01 secs] 
2186.881: [GC (Allocation Failure) [PSYoungGen: 66944K->1440K(67584K)] 398742K->333238K(821760K), 0.0020877 secs] [Times: user=0.01 sys=0.00, real=0.00 secs] 
2187.732: [GC (Allocation Failure) [PSYoungGen: 66976K->1424K(67584K)] 398774K->333222K(821760K), 0.0021810 secs] [Times: user=0.01 sys=0.00, real=0.00 secs] 
2188.664: [GC (Allocation Failure) [PSYoungGen: 66960K->1376K(67072K)] 398758K->333174K(821248K), 0.0023458 secs] [Times: user=0.01 sys=0.00, real=0.01 secs] 
2189.395: [GC (Allocation Failure) [PSYoungGen: 66912K->1392K(67072K)] 398710K->333198K(821248K), 0.0025639 secs] [Times: user=0.01 sys=0.00, real=0.00 secs] 
2190.481: [GC (Allocation Failure) [PSYoungGen: 66928K->896K(66560K)] 398734K->333726K(820736K), 0.0020030 secs] [Times: user=0.00 sys=0.00, real=0.00 secs] 
2191.482: [GC (Allocation Failure) [PSYoungGen: 66432K->336K(67584K)] 399262K->333166K(821760K), 0.0024633 secs] [Times: user=0.01 sys=0.00, real=0.00 secs] 
2192.422: [GC (Allocation Failure) [PSYoungGen: 65872K->352K(67584K)] 398702K->333182K(821760K), 0.0027195 secs] [Times: user=0.01 sys=0.00, real=0.00 secs] 
2193.114: [GC (Allocation Failure) [PSYoungGen: 65888K->320K(67584K)] 398718K->333150K(821760K), 0.0024780 secs] [Times: user=0.01 sys=0.00, real=0.01 secs] 
2193.562: [GC (Allocation Failure) [PSYoungGen: 65856K->352K(67584K)] 398686K->333182K(821760K), 0.0020651 secs] [Times: user=0.01 sys=0.00, real=0.00 secs] 
2194.938: [GC (Allocation Failure) [PSYoungGen: 65888K->1408K(67584K)] 398718K->334238K(821760K), 0.0025040 secs] [Times: user=0.01 sys=0.00, real=0.00 secs] 
2195.644: [GC (Allocation Failure) [PSYoungGen: 66944K->1440K(67072K)] 399774K->334270K(821248K), 0.0023944 secs] [Times: user=0.00 sys=0.00, real=0.01 secs] 
2196.503: [GC (Allocation Failure) [PSYoungGen: 66464K->1424K(67584K)] 399294K->334254K(821760K), 0.0024241 secs] [Times: user=0.01 sys=0.00, real=0.01 secs] 
2198.052: [GC (Allocation Failure) [PSYoungGen: 66448K->1376K(67584K)] 399278K->334206K(821760K), 0.0035197 secs] [Times: user=0.01 sys=0.00, real=0.01 secs] 
2199.438: [GC (Allocation Failure) [PSYoungGen: 66400K->1405K(67584K)] 399230K->334235K(821760K), 0.0016595 secs] [Times: user=0.00 sys=0.00, real=0.00 secs] 
2200.284: [GC (Allocation Failure) [PSYoungGen: 66429K->1408K(67584K)] 399259K->334238K(821760K), 0.0023216 secs] [Times: user=0.01 sys=0.00, real=0.01 secs] 
2200.963: [GC (Allocation Failure) [PSYoungGen: 66432K->1408K(67584K)] 399262K->334238K(821760K), 0.0021631 secs] [Times: user=0.01 sys=0.00, real=0.01 secs] 
2201.484: [GC (Allocation Failure) [PSYoungGen: 66432K->1408K(67584K)] 399262K->334238K(821760K), 0.0023210 secs] [Times: user=0.01 sys=0.00, real=0.01 secs] 
2202.356: [GC (Allocation Failure) [PSYoungGen: 66432K->1376K(66560K)] 399262K->334214K(820736K), 0.0022600 secs] [Times: user=0.01 sys=0.00, real=0.00 secs] 
2203.441: [GC (Allocation Failure) [PSYoungGen: 66400K->1408K(67072K)] 399238K->334246K(821248K), 0.0017626 secs] [Times: user=0.01 sys=0.00, real=0.00 secs] 
2203.777: [GC (Allocation Failure) [PSYoungGen: 66432K->1376K(67072K)] 399270K->334214K(821248K), 0.0019191 secs] [Times: user=0.01 sys=0.00, real=0.00 secs] 
2204.063: [GC (Allocation Failure) [PSYoungGen: 66400K->1376K(67072K)] 399238K->334214K(821248K), 0.0019522 secs] [Times: user=0.01 sys=0.00, real=0.00 secs] 
2204.342: [GC (Allocation Failure) [PSYoungGen: 66400K->1408K(67072K)] 399238K->334246K(821248K), 0.0019845 secs] [Times: user=0.00 sys=0.00, real=0.00 secs] 
2204.715: [GC (Allocation Failure) [PSYoungGen: 66432K->1373K(67072K)] 399270K->334211K(821248K), 0.0015825 secs] [Times: user=0.00 sys=0.00, real=0.01 secs] 
2205.896: [GC (Allocation Failure) [PSYoungGen: 66397K->1440K(67072K)] 399235K->334278K(821248K), 0.0024710 secs] [Times: user=0.01 sys=0.00, real=0.00 secs] 
2206.908: [GC (Allocation Failure) [PSYoungGen: 66464K->1456K(67072K)] 399302K->334310K(821248K), 0.0027230 secs] [Times: user=0.01 sys=0.00, real=0.00 secs] 
2207.866: [GC (Allocation Failure) [PSYoungGen: 66480K->1408K(67072K)] 399334K->334262K(821248K), 0.0027207 secs] [Times: user=0.01 sys=0.00, real=0.00 secs] 
2208.635: [GC (Allocation Failure) [PSYoungGen: 66432K->1376K(67072K)] 399286K->334230K(821248K), 0.0027576 secs] [Times: user=0.02 sys=0.00, real=0.00 secs] 
2209.669: [GC (Allocation Failure) [PSYoungGen: 66400K->1440K(67072K)] 399254K->334294K(821248K), 0.0018540 secs] [Times: user=0.01 sys=0.00, real=0.00 secs] 
2209.962: [GC (Allocation Failure) [PSYoungGen: 66464K->1376K(67072K)] 399318K->334246K(821248K), 0.0019200 secs] [Times: user=0.01 sys=0.00, real=0.00 secs] 
2210.286: [GC (Allocation Failure) [PSYoungGen: 66400K->1408K(67072K)] 399270K->334278K(821248K), 0.0019721 secs] [Times: user=0.01 sys=0.00, real=0.00 secs] 
2210.557: [GC (Allocation Failure) [PSYoungGen: 66432K->1408K(67072K)] 399302K->334278K(821248K), 0.0019788 secs] [Times: user=0.00 sys=0.00, real=0.00 secs] 
2210.827: [GC (Allocation Failure) [PSYoungGen: 66432K->1376K(67072K)] 399302K->334246K(821248K), 0.0021738 secs] [Times: user=0.01 sys=0.00, real=0.00 secs] 
2211.580: [GC (Allocation Failure) [PSYoungGen: 66400K->1440K(67072K)] 399270K->334310K(821248K), 0.0018760 secs] [Times: user=0.00 sys=0.00, real=0.00 secs] 
2211.851: [GC (Allocation Failure) [PSYoungGen: 66464K->1376K(67072K)] 399334K->334246K(821248K), 0.0028980 secs] [Times: user=0.02 sys=0.00, real=0.00 secs] 
2212.157: [GC (Allocation Failure) [PSYoungGen: 66400K->1376K(67072K)] 399270K->334246K(821248K), 0.0020682 secs] [Times: user=0.01 sys=0.00, real=0.00 secs] 
2212.555: [GC (Allocation Failure) [PSYoungGen: 66400K->1376K(67072K)] 399270K->334246K(821248K), 0.0021218 secs] [Times: user=0.01 sys=0.00, real=0.01 secs] 
2213.506: [GC (Allocation Failure) [PSYoungGen: 66400K->1472K(67072K)] 399270K->334342K(821248K), 0.0018111 secs] [Times: user=0.01 sys=0.00, real=0.00 secs] 
2213.779: [GC (Allocation Failure) [PSYoungGen: 66496K->1376K(67072K)] 399366K->334246K(821248K), 0.0018106 secs] [Times: user=0.00 sys=0.00, real=0.00 secs] 
2214.049: [GC (Allocation Failure) [PSYoungGen: 66400K->1376K(67072K)] 399270K->334254K(821248K), 0.0019795 secs] [Times: user=0.01 sys=0.00, real=0.00 secs] 
2214.319: [GC (Allocation Failure) [PSYoungGen: 66400K->1408K(67072K)] 399278K->334286K(821248K), 0.0017791 secs] [Times: user=0.00 sys=0.00, real=0.00 secs] 
2214.589: [GC (Allocation Failure) [PSYoungGen: 66432K->1408K(67072K)] 399310K->334286K(821248K), 0.0019743 secs] [Times: user=0.01 sys=0.00, real=0.00 secs] 
2215.771: [GC (Allocation Failure) [PSYoungGen: 66432K->1440K(67072K)] 399310K->334334K(821248K), 0.0028991 secs] [Times: user=0.01 sys=0.00, real=0.00 secs] 
2216.314: [GC (Allocation Failure) [PSYoungGen: 66464K->1408K(67072K)] 399358K->334302K(821248K), 0.0028389 secs] [Times: user=0.02 sys=0.00, real=0.01 secs] 
2216.868: [GC (Allocation Failure) [PSYoungGen: 66432K->1408K(67072K)] 399326K->334302K(821248K), 0.0027913 secs] [Times: user=0.01 sys=0.00, real=0.00 secs] 
2217.171: [GC (Allocation Failure) [PSYoungGen: 66432K->1408K(66560K)] 399326K->334302K(820736K), 0.0021629 secs] [Times: user=0.01 sys=0.00, real=0.00 secs] 
2217.726: [GC (Allocation Failure) [PSYoungGen: 66432K->1405K(66560K)] 399326K->334299K(820736K), 0.0016433 secs] [Times: user=0.00 sys=0.00, real=0.00 secs] 
2218.223: [GC (Allocation Failure) [PSYoungGen: 66429K->416K(66048K)] 399323K->334334K(820224K), 0.0019443 secs] [Times: user=0.01 sys=0.00, real=0.00 secs] 
2218.600: [GC (Allocation Failure) [PSYoungGen: 65440K->352K(67072K)] 399358K->334270K(821248K), 0.0019285 secs] [Times: user=0.01 sys=0.00, real=0.00 secs] 
2219.015: [GC (Allocation Failure) [PSYoungGen: 65376K->352K(67072K)] 399294K->334270K(821248K), 0.0032268 secs] [Times: user=0.01 sys=0.00, real=0.01 secs] 
2219.618: [GC (Allocation Failure) [PSYoungGen: 65376K->352K(67072K)] 399294K->334270K(821248K), 0.0029079 secs] [Times: user=0.02 sys=0.00, real=0.00 secs] 
2220.868: [GC (Allocation Failure) [PSYoungGen: 65376K->1440K(67072K)] 399294K->335358K(821248K), 0.0034740 secs] [Times: user=0.01 sys=0.00, real=0.00 secs] 
2221.679: [GC (Allocation Failure) [PSYoungGen: 66464K->1376K(67072K)] 400382K->335294K(821248K), 0.0033392 secs] [Times: user=0.01 sys=0.00, real=0.00 secs] 
2222.242: [GC (Allocation Failure) [PSYoungGen: 66400K->1408K(67072K)] 400318K->335326K(821248K), 0.0028104 secs] [Times: user=0.01 sys=0.00, real=0.00 secs] 
2222.630: [GC (Allocation Failure) [PSYoungGen: 66432K->1408K(67072K)] 400350K->335326K(821248K), 0.0021095 secs] [Times: user=0.01 sys=0.00, real=0.00 secs] 
2222.900: [GC (Allocation Failure) [PSYoungGen: 66432K->1408K(67072K)] 400350K->335326K(821248K), 0.0021499 secs] [Times: user=0.01 sys=0.00, real=0.00 secs] 
2223.666: [GC (Allocation Failure) [PSYoungGen: 66432K->1408K(67072K)] 400350K->335326K(821248K), 0.0019205 secs] [Times: user=0.00 sys=0.00, real=0.00 secs] 
2223.936: [GC (Allocation Failure) [PSYoungGen: 66432K->1376K(67072K)] 400350K->335302K(821248K), 0.0015910 secs] [Times: user=0.01 sys=0.00, real=0.00 secs] 
2224.225: [GC (Allocation Failure) [PSYoungGen: 66400K->1408K(67072K)] 400326K->335334K(821248K), 0.0018989 secs] [Times: user=0.01 sys=0.00, real=0.01 secs] 
2224.530: [GC (Allocation Failure) [PSYoungGen: 66432K->1408K(67072K)] 400358K->335334K(821248K), 0.0015748 secs] [Times: user=0.00 sys=0.00, real=0.00 secs] 
2225.313: [GC (Allocation Failure) [PSYoungGen: 66432K->1440K(67072K)] 400358K->335366K(821248K), 0.0018091 secs] [Times: user=0.00 sys=0.00, real=0.00 secs] 
2225.788: [GC (Allocation Failure) [PSYoungGen: 66464K->1376K(67072K)] 400390K->335302K(821248K), 0.0018976 secs] [Times: user=0.01 sys=0.00, real=0.00 secs] 
2226.286: [GC (Allocation Failure) [PSYoungGen: 66400K->1376K(67072K)] 400326K->335334K(821248K), 0.0020230 secs] [Times: user=0.01 sys=0.00, real=0.00 secs] 
2226.746: [GC (Allocation Failure) [PSYoungGen: 66400K->1408K(67072K)] 400358K->335366K(821248K), 0.0019857 secs] [Times: user=0.01 sys=0.00, real=0.00 secs] 
2227.380: [GC (Allocation Failure) [PSYoungGen: 66432K->1408K(67072K)] 400390K->335366K(821248K), 0.0035529 secs] [Times: user=0.02 sys=0.01, real=0.00 secs] 
2228.995: [GC (Allocation Failure) [PSYoungGen: 66432K->1472K(67072K)] 400390K->335430K(821248K), 0.0039452 secs] [Times: user=0.01 sys=0.00, real=0.01 secs] 
2230.353: [GC (Allocation Failure) [PSYoungGen: 66496K->1440K(67072K)] 400454K->335398K(821248K), 0.0041102 secs] [Times: user=0.02 sys=0.00, real=0.01 secs] 
2231.191: [GC (Allocation Failure) [PSYoungGen: 66464K->1376K(67072K)] 400422K->335334K(821248K), 0.0032815 secs] [Times: user=0.02 sys=0.00, real=0.00 secs] 
2232.090: [GC (Allocation Failure) [PSYoungGen: 66400K->1408K(67072K)] 400358K->335366K(821248K), 0.0040147 secs] [Times: user=0.01 sys=0.00, real=0.00 secs] 
2233.408: [GC (Allocation Failure) [PSYoungGen: 66432K->1389K(67072K)] 400390K->335347K(821248K), 0.0015630 secs] [Times: user=0.00 sys=0.00, real=0.00 secs] 
2234.999: [GC (Allocation Failure) [PSYoungGen: 66413K->1440K(67072K)] 400371K->335398K(821248K), 0.0038224 secs] [Times: user=0.02 sys=0.00, real=0.00 secs] 
2235.360: [GC (Allocation Failure) [PSYoungGen: 66464K->1376K(67072K)] 400422K->335334K(821248K), 0.0026069 secs] [Times: user=0.01 sys=0.00, real=0.00 secs] 
2235.631: [GC (Allocation Failure) [PSYoungGen: 66400K->1440K(67072K)] 400358K->335398K(821248K), 0.0020013 secs] [Times: user=0.01 sys=0.00, real=0.00 secs] 
2235.981: [GC (Allocation Failure) [PSYoungGen: 66464K->1376K(67072K)] 400422K->335334K(821248K), 0.0020096 secs] [Times: user=0.00 sys=0.01, real=0.00 secs] 
2238.212: [GC (Allocation Failure) [PSYoungGen: 66400K->1408K(67072K)] 400358K->335366K(821248K), 0.0039344 secs] [Times: user=0.02 sys=0.00, real=0.01 secs] 
2238.759: [GC (Allocation Failure) [PSYoungGen: 66432K->1440K(67072K)] 400390K->335398K(821248K), 0.0030511 secs] [Times: user=0.01 sys=0.00, real=0.00 secs] 
2239.416: [GC (Allocation Failure) [PSYoungGen: 66464K->1408K(67072K)] 400422K->335366K(821248K), 0.0032497 secs] [Times: user=0.01 sys=0.00, real=0.00 secs] 
2240.029: [GC (Allocation Failure) [PSYoungGen: 66432K->1440K(67072K)] 400390K->335398K(821248K), 0.0035385 secs] [Times: user=0.01 sys=0.00, real=0.00 secs] 
2240.965: [GC (Allocation Failure) [PSYoungGen: 66464K->1373K(67072K)] 400422K->335331K(821248K), 0.0017058 secs] [Times: user=0.01 sys=0.00, real=0.01 secs] 
2241.868: [GC (Allocation Failure) [PSYoungGen: 66397K->1408K(67072K)] 400355K->335366K(821248K), 0.0018910 secs] [Times: user=0.01 sys=0.00, real=0.00 secs] 
2242.481: [GC (Allocation Failure) [PSYoungGen: 66432K->1408K(67072K)] 400390K->335374K(821248K), 0.0019769 secs] [Times: user=0.01 sys=0.00, real=0.00 secs] 
2243.067: [GC (Allocation Failure) [PSYoungGen: 66432K->1408K(67072K)] 400398K->335374K(821248K), 0.0019844 secs] [Times: user=0.01 sys=0.00, real=0.00 secs] 
2243.571: [GC (Allocation Failure) [PSYoungGen: 66432K->1424K(67072K)] 400398K->335390K(821248K), 0.0025440 secs] [Times: user=0.01 sys=0.00, real=0.00 secs] 
2244.650: [GC (Allocation Failure) [PSYoungGen: 66448K->1456K(67072K)] 400414K->335422K(821248K), 0.0019275 secs] [Times: user=0.01 sys=0.00, real=0.00 secs] 
2245.309: [GC (Allocation Failure) [PSYoungGen: 66480K->1376K(67072K)] 400446K->335342K(821248K), 0.0022287 secs] [Times: user=0.01 sys=0.00, real=0.00 secs] 
2246.016: [GC (Allocation Failure) [PSYoungGen: 66400K->1440K(67072K)] 400366K->335406K(821248K), 0.0027393 secs] [Times: user=0.01 sys=0.00, real=0.00 secs] 
2246.892: [GC (Allocation Failure) [PSYoungGen: 66464K->1408K(67072K)] 400430K->335374K(821248K), 0.0035528 secs] [Times: user=0.01 sys=0.00, real=0.01 secs] 
2247.742: [GC (Allocation Failure) [PSYoungGen: 66432K->1408K(66560K)] 400398K->335374K(820736K), 0.0041965 secs] [Times: user=0.02 sys=0.00, real=0.01 secs] 
2248.961: [GC (Allocation Failure) [PSYoungGen: 66432K->1440K(66560K)] 400398K->335406K(820736K), 0.0020711 secs] [Times: user=0.01 sys=0.00, real=0.00 secs] 
2249.699: [GC (Allocation Failure) [PSYoungGen: 66464K->336K(66048K)] 400430K->335334K(820224K), 0.0042617 secs] [Times: user=0.02 sys=0.00, real=0.00 secs] 
2250.332: [GC (Allocation Failure) [PSYoungGen: 65360K->352K(67072K)] 400358K->335350K(821248K), 0.0026293 secs] [Times: user=0.01 sys=0.00, real=0.00 secs] 
2250.891: [GC (Allocation Failure) [PSYoungGen: 65376K->352K(67072K)] 400374K->335350K(821248K), 0.0027011 secs] [Times: user=0.01 sys=0.00, real=0.00 secs] 
2251.864: [GC (Allocation Failure) [PSYoungGen: 65180K->1680K(67072K)] 400179K->336678K(821248K), 0.0017519 secs] [Times: user=0.01 sys=0.00, real=0.01 secs] 
2252.132: [GC (Allocation Failure) [PSYoungGen: 66704K->1392K(67072K)] 401702K->336390K(821248K), 0.0018350 secs] [Times: user=0.01 sys=0.00, real=0.00 secs] 
2252.403: [GC (Allocation Failure) [PSYoungGen: 66416K->1424K(67072K)] 401414K->336422K(821248K), 0.0019578 secs] [Times: user=0.01 sys=0.00, real=0.00 secs] 
2252.673: [GC (Allocation Failure) [PSYoungGen: 66448K->1440K(67072K)] 401446K->336438K(821248K), 0.0017670 secs] [Times: user=0.01 sys=0.00, real=0.00 secs] 
2252.943: [GC (Allocation Failure) [PSYoungGen: 66464K->1424K(67072K)] 401462K->336422K(821248K), 0.0018199 secs] [Times: user=0.01 sys=0.00, real=0.00 secs] 
2254.276: [GC (Allocation Failure) [PSYoungGen: 66448K->1440K(67072K)] 401446K->336438K(821248K), 0.0033993 secs] [Times: user=0.02 sys=0.00, real=0.00 secs] 
2254.985: [GC (Allocation Failure) [PSYoungGen: 66464K->1440K(67072K)] 401462K->336438K(821248K), 0.0032273 secs] [Times: user=0.02 sys=0.00, real=0.01 secs] 
2255.802: [GC (Allocation Failure) [PSYoungGen: 66464K->1408K(67072K)] 401462K->336406K(821248K), 0.0036497 secs] [Times: user=0.02 sys=0.01, real=0.01 secs] 
2256.672: [GC (Allocation Failure) [PSYoungGen: 66432K->1424K(67072K)] 401430K->336422K(821248K), 0.0032670 secs] [Times: user=0.01 sys=0.00, real=0.01 secs] 
2257.771: [GC (Allocation Failure) [PSYoungGen: 66448K->1408K(67072K)] 401446K->336406K(821248K), 0.0015474 secs] [Times: user=0.01 sys=0.00, real=0.00 secs] 
2258.516: [GC (Allocation Failure) [PSYoungGen: 66432K->1392K(67072K)] 401430K->336390K(821248K), 0.0019208 secs] [Times: user=0.01 sys=0.00, real=0.00 secs] 
2258.821: [GC (Allocation Failure) [PSYoungGen: 66416K->1440K(67072K)] 401414K->336446K(821248K), 0.0019357 secs] [Times: user=0.01 sys=0.00, real=0.00 secs] 
2259.206: [GC (Allocation Failure) [PSYoungGen: 66464K->1360K(67072K)] 401470K->336366K(821248K), 0.0022115 secs] [Times: user=0.01 sys=0.00, real=0.00 secs] 
2259.781: [GC (Allocation Failure) [PSYoungGen: 66384K->1440K(67072K)] 401390K->336446K(821248K), 0.0018786 secs] [Times: user=0.01 sys=0.00, real=0.00 secs] 
2260.676: [GC (Allocation Failure) [PSYoungGen: 66464K->1440K(67072K)] 401470K->336446K(821248K), 0.0018060 secs] [Times: user=0.01 sys=0.00, real=0.00 secs] 
2261.215: [GC (Allocation Failure) [PSYoungGen: 66464K->1376K(67072K)] 401470K->336414K(821248K), 0.0017522 secs] [Times: user=0.01 sys=0.00, real=0.01 secs] 
2261.802: [GC (Allocation Failure) [PSYoungGen: 66400K->1440K(67072K)] 401438K->336478K(821248K), 0.0019415 secs] [Times: user=0.01 sys=0.00, real=0.00 secs] 
2262.389: [GC (Allocation Failure) [PSYoungGen: 66464K->1344K(67072K)] 401502K->336382K(821248K), 0.0020068 secs] [Times: user=0.01 sys=0.00, real=0.00 secs] 
2262.956: [GC (Allocation Failure) [PSYoungGen: 66368K->1376K(67072K)] 401406K->336414K(821248K), 0.0019961 secs] [Times: user=0.01 sys=0.00, real=0.00 secs] 
2263.990: [GC (Allocation Failure) [PSYoungGen: 66400K->1408K(67072K)] 401438K->336446K(821248K), 0.0019890 secs] [Times: user=0.01 sys=0.00, real=0.00 secs] 
2264.376: [GC (Allocation Failure) [PSYoungGen: 66432K->1408K(67072K)] 401470K->336446K(821248K), 0.0018439 secs] [Times: user=0.01 sys=0.00, real=0.00 secs] 
2264.699: [GC (Allocation Failure) [PSYoungGen: 66432K->1408K(67072K)] 401470K->336446K(821248K), 0.0020136 secs] [Times: user=0.01 sys=0.00, real=0.00 secs] 
2265.352: [GC (Allocation Failure) [PSYoungGen: 66432K->1440K(67072K)] 401470K->336478K(821248K), 0.0030381 secs] [Times: user=0.01 sys=0.00, real=0.00 secs] 
2266.456: [GC (Allocation Failure) [PSYoungGen: 66464K->1472K(67072K)] 401502K->336510K(821248K), 0.0019134 secs] [Times: user=0.01 sys=0.00, real=0.00 secs] 
2267.058: [GC (Allocation Failure) [PSYoungGen: 66496K->1440K(67072K)] 401534K->336478K(821248K), 0.0023121 secs] [Times: user=0.01 sys=0.00, real=0.00 secs] 
2267.586: [GC (Allocation Failure) [PSYoungGen: 66464K->1440K(67072K)] 401502K->336494K(821248K), 0.0026858 secs] [Times: user=0.01 sys=0.00, real=0.00 secs] 
2268.051: [GC (Allocation Failure) [PSYoungGen: 66464K->1408K(67072K)] 401518K->336462K(821248K), 0.0018870 secs] [Times: user=0.01 sys=0.00, real=0.00 secs] 
2268.671: [GC (Allocation Failure) [PSYoungGen: 66432K->1376K(67072K)] 401486K->336430K(821248K), 0.0035427 secs] [Times: user=0.02 sys=0.00, real=0.00 secs] 
2269.983: [GC (Allocation Failure) [PSYoungGen: 66400K->1408K(67072K)] 401454K->336462K(821248K), 0.0020141 secs] [Times: user=0.01 sys=0.00, real=0.00 secs] 
2271.002: [GC (Allocation Failure) [PSYoungGen: 66432K->1440K(67072K)] 401486K->336494K(821248K), 0.0030213 secs] [Times: user=0.02 sys=0.00, real=0.00 secs] 
2271.631: [GC (Allocation Failure) [PSYoungGen: 66464K->1408K(67072K)] 401518K->336462K(821248K), 0.0033724 secs] [Times: user=0.01 sys=0.00, real=0.00 secs] 
2272.182: [GC (Allocation Failure) [PSYoungGen: 66432K->1440K(67072K)] 401486K->336494K(821248K), 0.0026869 secs] [Times: user=0.01 sys=0.00, real=0.00 secs] 
2273.220: [GC (Allocation Failure) [PSYoungGen: 66464K->1357K(67072K)] 401518K->336411K(821248K), 0.0015074 secs] [Times: user=0.01 sys=0.00, real=0.00 secs] 
2276.251: [GC (Allocation Failure) [PSYoungGen: 66381K->1424K(67072K)] 401435K->336478K(821248K), 0.0044812 secs] [Times: user=0.02 sys=0.00, real=0.00 secs] 
2276.870: [GC (Allocation Failure) [PSYoungGen: 66448K->1440K(67072K)] 401502K->336494K(821248K), 0.0021902 secs] [Times: user=0.01 sys=0.00, real=0.00 secs] 
2277.136: [GC (Allocation Failure) [PSYoungGen: 66464K->1376K(66560K)] 401518K->336430K(820736K), 0.0021124 secs] [Times: user=0.01 sys=0.00, real=0.00 secs] 
2277.474: [GC (Allocation Failure) [PSYoungGen: 66400K->1376K(66560K)] 401454K->336430K(820736K), 0.0021943 secs] [Times: user=0.01 sys=0.00, real=0.01 secs] 
2278.553: [GC (Allocation Failure) [PSYoungGen: 66400K->432K(66048K)] 401454K->336510K(820224K), 0.0027957 secs] [Times: user=0.01 sys=0.00, real=0.01 secs] 
2279.178: [GC (Allocation Failure) [PSYoungGen: 65456K->416K(67072K)] 401534K->336494K(821248K), 0.0026802 secs] [Times: user=0.01 sys=0.00, real=0.00 secs] 
2280.088: [GC (Allocation Failure) [PSYoungGen: 65440K->384K(67072K)] 401518K->336462K(821248K), 0.0031851 secs] [Times: user=0.01 sys=0.00, real=0.00 secs] 
2280.836: [GC (Allocation Failure) [PSYoungGen: 65408K->352K(67072K)] 401486K->336430K(821248K), 0.0034574 secs] [Times: user=0.02 sys=0.00, real=0.00 secs] 
2281.813: [GC (Allocation Failure) [PSYoungGen: 65376K->1357K(67072K)] 401454K->337435K(821248K), 0.0018956 secs] [Times: user=0.01 sys=0.00, real=0.00 secs] 
2282.756: [GC (Allocation Failure) [PSYoungGen: 66381K->1456K(67072K)] 402459K->337550K(821248K), 0.0020864 secs] [Times: user=0.01 sys=0.00, real=0.00 secs] 
2283.027: [GC (Allocation Failure) [PSYoungGen: 66480K->1424K(67072K)] 402574K->337518K(821248K), 0.0020191 secs] [Times: user=0.01 sys=0.01, real=0.00 secs] 
2283.506: [GC (Allocation Failure) [PSYoungGen: 66448K->1408K(67072K)] 402542K->337502K(821248K), 0.0028885 secs] [Times: user=0.01 sys=0.00, real=0.00 secs] 
2284.105: [GC (Allocation Failure) [PSYoungGen: 66432K->1408K(67072K)] 402526K->337502K(821248K), 0.0022933 secs] [Times: user=0.01 sys=0.00, real=0.01 secs] 
2285.121: [GC (Allocation Failure) [PSYoungGen: 66432K->1408K(67072K)] 402526K->337502K(821248K), 0.0019790 secs] [Times: user=0.01 sys=0.00, real=0.00 secs] 
2285.392: [GC (Allocation Failure) [PSYoungGen: 66432K->1408K(67072K)] 402526K->337502K(821248K), 0.0022386 secs] [Times: user=0.01 sys=0.00, real=0.00 secs] 
2285.663: [GC (Allocation Failure) [PSYoungGen: 66432K->1440K(67072K)] 402526K->337534K(821248K), 0.0021710 secs] [Times: user=0.01 sys=0.00, real=0.00 secs] 
2285.934: [GC (Allocation Failure) [PSYoungGen: 66464K->1440K(67072K)] 402558K->337534K(821248K), 0.0020260 secs] [Times: user=0.01 sys=0.00, real=0.01 secs] 
2286.231: [GC (Allocation Failure) [PSYoungGen: 66464K->1376K(67072K)] 402558K->337470K(821248K), 0.0019364 secs] [Times: user=0.01 sys=0.00, real=0.00 secs] 
2286.965: [GC (Allocation Failure) [PSYoungGen: 66400K->1440K(67072K)] 402494K->337534K(821248K), 0.0019076 secs] [Times: user=0.01 sys=0.00, real=0.01 secs] 
2287.236: [GC (Allocation Failure) [PSYoungGen: 66464K->1376K(67072K)] 402558K->337478K(821248K), 0.0018622 secs] [Times: user=0.01 sys=0.00, real=0.00 secs] 
2287.506: [GC (Allocation Failure) [PSYoungGen: 66400K->1408K(67072K)] 402502K->337510K(821248K), 0.0018020 secs] [Times: user=0.01 sys=0.00, real=0.00 secs] 
2287.776: [GC (Allocation Failure) [PSYoungGen: 66432K->1376K(67072K)] 402534K->337478K(821248K), 0.0018134 secs] [Times: user=0.01 sys=0.00, real=0.00 secs] 
2288.486: [GC (Allocation Failure) [PSYoungGen: 66220K->1696K(67072K)] 402323K->337798K(821248K), 0.0016393 secs] [Times: user=0.01 sys=0.00, real=0.00 secs] 
2288.754: [GC (Allocation Failure) [PSYoungGen: 66720K->1376K(67072K)] 402822K->337486K(821248K), 0.0017761 secs] [Times: user=0.00 sys=0.00, real=0.01 secs] 
2289.025: [GC (Allocation Failure) [PSYoungGen: 66400K->1408K(67072K)] 402510K->337518K(821248K), 0.0018415 secs] [Times: user=0.01 sys=0.00, real=0.01 secs] 
2289.295: [GC (Allocation Failure) [PSYoungGen: 66432K->1376K(67072K)] 402542K->337486K(821248K), 0.0019724 secs] [Times: user=0.01 sys=0.00, real=0.01 secs] 
2289.565: [GC (Allocation Failure) [PSYoungGen: 66400K->1376K(67072K)] 402510K->337486K(821248K), 0.0018492 secs] [Times: user=0.01 sys=0.00, real=0.01 secs] 
2290.286: [GC (Allocation Failure) [PSYoungGen: 66400K->1408K(67072K)] 402510K->337518K(821248K), 0.0015962 secs] [Times: user=0.01 sys=0.00, real=0.00 secs] 
2290.556: [GC (Allocation Failure) [PSYoungGen: 66432K->1408K(67072K)] 402542K->337526K(821248K), 0.0016094 secs] [Times: user=0.01 sys=0.00, real=0.00 secs] 
2290.826: [GC (Allocation Failure) [PSYoungGen: 66432K->1376K(67072K)] 402550K->337494K(821248K), 0.0015613 secs] [Times: user=0.01 sys=0.00, real=0.00 secs] 
2291.157: [GC (Allocation Failure) [PSYoungGen: 66400K->1376K(67072K)] 402518K->337494K(821248K), 0.0016149 secs] [Times: user=0.00 sys=0.00, real=0.00 secs] 
2291.915: [GC (Allocation Failure) [PSYoungGen: 66400K->1405K(67072K)] 402518K->337523K(821248K), 0.0015709 secs] [Times: user=0.00 sys=0.00, real=0.01 secs] 
2293.093: [GC (Allocation Failure) [PSYoungGen: 66429K->1408K(67072K)] 402547K->337526K(821248K), 0.0027797 secs] [Times: user=0.01 sys=0.00, real=0.01 secs] 
2293.948: [GC (Allocation Failure) [PSYoungGen: 66432K->1376K(67072K)] 402550K->337494K(821248K), 0.0043879 secs] [Times: user=0.02 sys=0.00, real=0.00 secs] 
2294.742: [GC (Allocation Failure) [PSYoungGen: 66400K->1376K(67072K)] 402518K->337494K(821248K), 0.0043013 secs] [Times: user=0.01 sys=0.00, real=0.01 secs] 
2295.526: [GC (Allocation Failure) [PSYoungGen: 66400K->1408K(67072K)] 402518K->337526K(821248K), 0.0041318 secs] [Times: user=0.01 sys=0.00, real=0.00 secs] 
2296.484: [GC (Allocation Failure) [PSYoungGen: 66432K->1440K(67072K)] 402550K->337558K(821248K), 0.0016988 secs] [Times: user=0.00 sys=0.00, real=0.01 secs] 
2297.215: [GC (Allocation Failure) [PSYoungGen: 66464K->1408K(67072K)] 402582K->337542K(821248K), 0.0031769 secs] [Times: user=0.01 sys=0.00, real=0.01 secs] 
2297.773: [GC (Allocation Failure) [PSYoungGen: 66432K->1376K(67072K)] 402566K->337510K(821248K), 0.0026792 secs] [Times: user=0.01 sys=0.00, real=0.00 secs] 
2298.309: [GC (Allocation Failure) [PSYoungGen: 66400K->1424K(67072K)] 402534K->337558K(821248K), 0.0024443 secs] [Times: user=0.01 sys=0.00, real=0.00 secs] 
2298.651: [GC (Allocation Failure) [PSYoungGen: 66448K->1373K(66560K)] 402582K->337507K(820736K), 0.0016351 secs] [Times: user=0.01 sys=0.00, real=0.00 secs] 
2299.435: [GC (Allocation Failure) [PSYoungGen: 66397K->1440K(66560K)] 402531K->337574K(820736K), 0.0022294 secs] [Times: user=0.01 sys=0.00, real=0.01 secs] 
2299.712: [GC (Allocation Failure) [PSYoungGen: 66464K->384K(66048K)] 402598K->337542K(820224K), 0.0020808 secs] [Times: user=0.01 sys=0.00, real=0.00 secs] 
2300.008: [GC (Allocation Failure) [PSYoungGen: 65408K->368K(67072K)] 402566K->337526K(821248K), 0.0019428 secs] [Times: user=0.01 sys=0.00, real=0.00 secs] 
2300.393: [GC (Allocation Failure) [PSYoungGen: 65392K->384K(67072K)] 402550K->337550K(821248K), 0.0020753 secs] [Times: user=0.00 sys=0.00, real=0.00 secs] 
2301.176: [GC (Allocation Failure) [PSYoungGen: 65408K->1440K(67072K)] 402574K->338606K(821248K), 0.0019692 secs] [Times: user=0.01 sys=0.00, real=0.00 secs] 
2301.537: [GC (Allocation Failure) [PSYoungGen: 66464K->1376K(67072K)] 403630K->338542K(821248K), 0.0017725 secs] [Times: user=0.01 sys=0.00, real=0.00 secs] 
2301.985: [GC (Allocation Failure) [PSYoungGen: 66400K->1344K(67072K)] 403566K->338510K(821248K), 0.0021725 secs] [Times: user=0.01 sys=0.00, real=0.01 secs] 
2302.503: [GC (Allocation Failure) [PSYoungGen: 66368K->1408K(67072K)] 403534K->338574K(821248K), 0.0021145 secs] [Times: user=0.01 sys=0.00, real=0.00 secs] 
2303.106: [GC (Allocation Failure) [PSYoungGen: 66432K->1408K(67072K)] 403598K->338574K(821248K), 0.0035338 secs] [Times: user=0.01 sys=0.00, real=0.00 secs] 
2304.261: [GC (Allocation Failure) [PSYoungGen: 66432K->1456K(67072K)] 403598K->338622K(821248K), 0.0019601 secs] [Times: user=0.00 sys=0.00, real=0.00 secs] 
2304.902: [GC (Allocation Failure) [PSYoungGen: 66480K->1376K(67072K)] 403646K->338542K(821248K), 0.0025135 secs] [Times: user=0.01 sys=0.00, real=0.00 secs] 
2305.728: [GC (Allocation Failure) [PSYoungGen: 66400K->1408K(67072K)] 403566K->338574K(821248K), 0.0034606 secs] [Times: user=0.02 sys=0.00, real=0.00 secs] 
2306.334: [GC (Allocation Failure) [PSYoungGen: 66432K->1376K(67072K)] 403598K->338542K(821248K), 0.0026887 secs] [Times: user=0.01 sys=0.01, real=0.01 secs] 
2307.400: [GC (Allocation Failure) [PSYoungGen: 66400K->1440K(67072K)] 403566K->338622K(821248K), 0.0018591 secs] [Times: user=0.00 sys=0.00, real=0.00 secs] 
2307.680: [GC (Allocation Failure) [PSYoungGen: 66464K->1392K(67072K)] 403646K->338574K(821248K), 0.0025644 secs] [Times: user=0.01 sys=0.00, real=0.00 secs] 
2307.945: [GC (Allocation Failure) [PSYoungGen: 66416K->1408K(67072K)] 403598K->338590K(821248K), 0.0021459 secs] [Times: user=0.01 sys=0.00, real=0.01 secs] 
2308.220: [GC (Allocation Failure) [PSYoungGen: 66432K->1408K(67072K)] 403614K->338590K(821248K), 0.0019969 secs] [Times: user=0.01 sys=0.00, real=0.00 secs] 
2308.490: [GC (Allocation Failure) [PSYoungGen: 66432K->1376K(67072K)] 403614K->338558K(821248K), 0.0020063 secs] [Times: user=0.00 sys=0.00, real=0.00 secs] 
2309.585: [GC (Allocation Failure) [PSYoungGen: 66400K->1456K(67072K)] 403582K->338638K(821248K), 0.0019701 secs] [Times: user=0.01 sys=0.00, real=0.01 secs] 
2310.682: [GC (Allocation Failure) [PSYoungGen: 66480K->1440K(67072K)] 403662K->338622K(821248K), 0.0040926 secs] [Times: user=0.02 sys=0.00, real=0.01 secs] 
2311.619: [GC (Allocation Failure) [PSYoungGen: 66464K->1408K(67072K)] 403646K->338590K(821248K), 0.0035325 secs] [Times: user=0.02 sys=0.00, real=0.00 secs] 
2312.026: [GC (Allocation Failure) [PSYoungGen: 66432K->1376K(67072K)] 403614K->338558K(821248K), 0.0028408 secs] [Times: user=0.01 sys=0.00, real=0.00 secs] 
2313.014: [GC (Allocation Failure) [PSYoungGen: 66400K->1373K(67072K)] 403582K->338555K(821248K), 0.0015413 secs] [Times: user=0.01 sys=0.00, real=0.01 secs] 
2314.858: [GC (Allocation Failure) [PSYoungGen: 66397K->1440K(67072K)] 403579K->338622K(821248K), 0.0042717 secs] [Times: user=0.02 sys=0.00, real=0.00 secs] 
2315.681: [GC (Allocation Failure) [PSYoungGen: 66464K->1424K(67072K)] 403646K->338606K(821248K), 0.0030426 secs] [Times: user=0.01 sys=0.00, real=0.00 secs] 
2316.469: [GC (Allocation Failure) [PSYoungGen: 66448K->1392K(67072K)] 403630K->338574K(821248K), 0.0035201 secs] [Times: user=0.02 sys=0.00, real=0.00 secs] 
2317.239: [GC (Allocation Failure) [PSYoungGen: 66416K->1440K(67072K)] 403598K->338622K(821248K), 0.0045981 secs] [Times: user=0.02 sys=0.00, real=0.00 secs] 
2318.628: [GC (Allocation Failure) [PSYoungGen: 66464K->1456K(67072K)] 403646K->338638K(821248K), 0.0025685 secs] [Times: user=0.01 sys=0.00, real=0.00 secs] 
2319.668: [GC (Allocation Failure) [PSYoungGen: 66480K->1440K(67072K)] 403662K->338622K(821248K), 0.0050456 secs] [Times: user=0.02 sys=0.00, real=0.00 secs] 
2320.698: [GC (Allocation Failure) [PSYoungGen: 66464K->1408K(67072K)] 403646K->338590K(821248K), 0.0045891 secs] [Times: user=0.02 sys=0.01, real=0.00 secs] 
2321.397: [GC (Allocation Failure) [PSYoungGen: 66432K->1408K(67072K)] 403614K->338590K(821248K), 0.0027807 secs] [Times: user=0.01 sys=0.00, real=0.00 secs] 
2321.670: [GC (Allocation Failure) [PSYoungGen: 66432K->1408K(67072K)] 403614K->338606K(821248K), 0.0020802 secs] [Times: user=0.00 sys=0.00, real=0.00 secs] 
2322.818: [GC (Allocation Failure) [PSYoungGen: 66432K->1408K(67072K)] 403630K->338606K(821248K), 0.0020220 secs] [Times: user=0.01 sys=0.00, real=0.00 secs] 
2323.404: [GC (Allocation Failure) [PSYoungGen: 66432K->1408K(67072K)] 403630K->338606K(821248K), 0.0033721 secs] [Times: user=0.01 sys=0.00, real=0.01 secs] 
2324.084: [GC (Allocation Failure) [PSYoungGen: 66432K->1376K(67072K)] 403630K->338574K(821248K), 0.0042115 secs] [Times: user=0.01 sys=0.00, real=0.01 secs] 
2324.850: [GC (Allocation Failure) [PSYoungGen: 66400K->1424K(66560K)] 403598K->338622K(820736K), 0.0029625 secs] [Times: user=0.02 sys=0.00, real=0.00 secs] 
2325.948: [GC (Allocation Failure) [PSYoungGen: 66448K->1440K(66560K)] 403646K->339662K(820736K), 0.0018128 secs] [Times: user=0.01 sys=0.00, real=0.00 secs] 
2326.289: [GC (Allocation Failure) [PSYoungGen: 66464K->1408K(66560K)] 404686K->339630K(820736K), 0.0018782 secs] [Times: user=0.01 sys=0.00, real=0.00 secs] 
2326.584: [GC (Allocation Failure) [PSYoungGen: 66432K->1408K(66560K)] 404654K->339630K(820736K), 0.0019661 secs] [Times: user=0.01 sys=0.00, real=0.01 secs] 
2326.952: [GC (Allocation Failure) [PSYoungGen: 66432K->416K(66048K)] 404654K->339662K(820224K), 0.0022630 secs] [Times: user=0.01 sys=0.00, real=0.00 secs] 
2327.223: [GC (Allocation Failure) [PSYoungGen: 65440K->368K(67072K)] 404686K->339614K(821248K), 0.0019569 secs] [Times: user=0.00 sys=0.00, real=0.00 secs] 
2328.213: [GC (Allocation Failure) [PSYoungGen: 65392K->1440K(67072K)] 404638K->340686K(821248K), 0.0022174 secs] [Times: user=0.01 sys=0.00, real=0.00 secs] 
2328.838: [GC (Allocation Failure) [PSYoungGen: 66464K->1408K(67072K)] 405710K->340670K(821248K), 0.0021727 secs] [Times: user=0.00 sys=0.00, real=0.00 secs] 
2329.151: [GC (Allocation Failure) [PSYoungGen: 66432K->1424K(67072K)] 405694K->340686K(821248K), 0.0023534 secs] [Times: user=0.01 sys=0.00, real=0.00 secs] 
2329.493: [GC (Allocation Failure) [PSYoungGen: 66448K->1376K(67072K)] 405710K->340638K(821248K), 0.0023795 secs] [Times: user=0.01 sys=0.00, real=0.00 secs] 
2330.259: [GC (Allocation Failure) [PSYoungGen: 66400K->320K(67072K)] 405662K->339582K(821248K), 0.0014949 secs] [Times: user=0.00 sys=0.00, real=0.00 secs] 
2331.368: [GC (Allocation Failure) [PSYoungGen: 65344K->1456K(67072K)] 404606K->340718K(821248K), 0.0044316 secs] [Times: user=0.02 sys=0.00, real=0.00 secs] 
2332.285: [GC (Allocation Failure) [PSYoungGen: 66480K->1328K(67072K)] 405742K->340590K(821248K), 0.0070718 secs] [Times: user=0.03 sys=0.00, real=0.01 secs] 
2333.136: [GC (Allocation Failure) [PSYoungGen: 66352K->1440K(67072K)] 405614K->340702K(821248K), 0.0036261 secs] [Times: user=0.01 sys=0.00, real=0.00 secs] 
2333.761: [GC (Allocation Failure) [PSYoungGen: 66464K->1376K(67072K)] 405726K->340638K(821248K), 0.0034318 secs] [Times: user=0.02 sys=0.00, real=0.00 secs] 
2334.952: [GC (Allocation Failure) [PSYoungGen: 66400K->1408K(67072K)] 405662K->340670K(821248K), 0.0034970 secs] [Times: user=0.02 sys=0.00, real=0.00 secs] 
2336.036: [GC (Allocation Failure) [PSYoungGen: 66432K->1408K(67072K)] 405694K->340670K(821248K), 0.0045830 secs] [Times: user=0.02 sys=0.00, real=0.00 secs] 
2336.673: [GC (Allocation Failure) [PSYoungGen: 66432K->1376K(67072K)] 405694K->340638K(821248K), 0.0042395 secs] [Times: user=0.02 sys=0.00, real=0.01 secs] 
2337.526: [GC (Allocation Failure) [PSYoungGen: 66400K->1376K(67072K)] 405662K->340638K(821248K), 0.0043033 secs] [Times: user=0.01 sys=0.00, real=0.00 secs] 
2338.396: [GC (Allocation Failure) [PSYoungGen: 66400K->1389K(67072K)] 405662K->340651K(821248K), 0.0016243 secs] [Times: user=0.01 sys=0.00, real=0.00 secs] 
2339.328: [GC (Allocation Failure) [PSYoungGen: 66413K->1408K(67072K)] 405675K->340670K(821248K), 0.0021476 secs] [Times: user=0.01 sys=0.00, real=0.00 secs] 
2339.947: [GC (Allocation Failure) [PSYoungGen: 66432K->1440K(67072K)] 405694K->340710K(821248K), 0.0020434 secs] [Times: user=0.01 sys=0.00, real=0.00 secs] 
2340.619: [GC (Allocation Failure) [PSYoungGen: 66464K->1408K(67072K)] 405734K->340678K(821248K), 0.0020590 secs] [Times: user=0.01 sys=0.00, real=0.00 secs] 
2341.124: [GC (Allocation Failure) [PSYoungGen: 66432K->1424K(67072K)] 405702K->340694K(821248K), 0.0022222 secs] [Times: user=0.01 sys=0.00, real=0.01 secs] 
2342.053: [GC (Allocation Failure) [PSYoungGen: 66448K->1408K(67072K)] 405718K->340678K(821248K), 0.0020328 secs] [Times: user=0.01 sys=0.00, real=0.01 secs] 
2342.351: [GC (Allocation Failure) [PSYoungGen: 66432K->1408K(67072K)] 405702K->340678K(821248K), 0.0019596 secs] [Times: user=0.01 sys=0.00, real=0.00 secs] 
2342.653: [GC (Allocation Failure) [PSYoungGen: 66432K->1408K(67072K)] 405702K->340678K(821248K), 0.0023176 secs] [Times: user=0.00 sys=0.01, real=0.00 secs] 
2342.923: [GC (Allocation Failure) [PSYoungGen: 66432K->1408K(67072K)] 405702K->340678K(821248K), 0.0020743 secs] [Times: user=0.01 sys=0.00, real=0.01 secs] 
2343.194: [GC (Allocation Failure) [PSYoungGen: 66432K->1376K(67072K)] 405702K->340646K(821248K), 0.0020385 secs] [Times: user=0.01 sys=0.00, real=0.01 secs] 
2344.883: [GC (Allocation Failure) [PSYoungGen: 66400K->1408K(67072K)] 405670K->340678K(821248K), 0.0041983 secs] [Times: user=0.02 sys=0.00, real=0.01 secs] 
2345.298: [GC (Allocation Failure) [PSYoungGen: 66432K->1408K(67072K)] 405702K->340678K(821248K), 0.0021285 secs] [Times: user=0.01 sys=0.00, real=0.00 secs] 
2345.602: [GC (Allocation Failure) [PSYoungGen: 66432K->1408K(67072K)] 405702K->340678K(821248K), 0.0022464 secs] [Times: user=0.01 sys=0.00, real=0.00 secs] 
2346.062: [GC (Allocation Failure) [PSYoungGen: 66432K->1408K(67072K)] 405702K->340678K(821248K), 0.0018540 secs] [Times: user=0.00 sys=0.00, real=0.00 secs] 
2346.975: [GC (Allocation Failure) [PSYoungGen: 65934K->1696K(67072K)] 405204K->340966K(821248K), 0.0019249 secs] [Times: user=0.01 sys=0.00, real=0.01 secs] 
2347.244: [GC (Allocation Failure) [PSYoungGen: 66720K->1376K(67072K)] 405990K->340662K(821248K), 0.0016010 secs] [Times: user=0.01 sys=0.00, real=0.00 secs] 
2347.551: [GC (Allocation Failure) [PSYoungGen: 66400K->1392K(67072K)] 405686K->340678K(821248K), 0.0017921 secs] [Times: user=0.00 sys=0.00, real=0.00 secs] 
2348.013: [GC (Allocation Failure) [PSYoungGen: 66416K->1408K(67072K)] 405702K->340694K(821248K), 0.0019281 secs] [Times: user=0.01 sys=0.00, real=0.00 secs] 
2348.511: [GC (Allocation Failure) [PSYoungGen: 66432K->1376K(67072K)] 405718K->340662K(821248K), 0.0017740 secs] [Times: user=0.01 sys=0.00, real=0.00 secs] 
2349.380: [GC (Allocation Failure) [PSYoungGen: 66400K->1424K(67072K)] 405686K->340710K(821248K), 0.0018004 secs] [Times: user=0.01 sys=0.00, real=0.00 secs] 
2349.680: [GC (Allocation Failure) [PSYoungGen: 66448K->1424K(67072K)] 405734K->340710K(821248K), 0.0019852 secs] [Times: user=0.01 sys=0.00, real=0.00 secs] 
2349.951: [GC (Allocation Failure) [PSYoungGen: 66448K->1376K(67072K)] 405734K->340662K(821248K), 0.0019880 secs] [Times: user=0.01 sys=0.00, real=0.00 secs] 
2350.251: [GC (Allocation Failure) [PSYoungGen: 66400K->1344K(67072K)] 405686K->340630K(821248K), 0.0023277 secs] [Times: user=0.01 sys=0.00, real=0.00 secs] 
2350.888: [GC (Allocation Failure) [PSYoungGen: 66368K->1373K(67072K)] 405654K->340659K(821248K), 0.0015397 secs] [Times: user=0.01 sys=0.00, real=0.00 secs] 
2351.346: [GC (Allocation Failure) [PSYoungGen: 66397K->1440K(67072K)] 405683K->340726K(821248K), 0.0019522 secs] [Times: user=0.00 sys=0.00, real=0.00 secs] 
2351.622: [GC (Allocation Failure) [PSYoungGen: 66464K->1408K(67072K)] 405750K->340694K(821248K), 0.0019345 secs] [Times: user=0.01 sys=0.00, real=0.00 secs] 
2351.988: [GC (Allocation Failure) [PSYoungGen: 66432K->1344K(67072K)] 405718K->340630K(821248K), 0.0022783 secs] [Times: user=0.01 sys=0.00, real=0.00 secs] 
2352.427: [GC (Allocation Failure) [PSYoungGen: 66368K->1440K(67072K)] 405654K->340726K(821248K), 0.0025336 secs] [Times: user=0.01 sys=0.00, real=0.00 secs] 
2353.270: [GC (Allocation Failure) [PSYoungGen: 66464K->1408K(66560K)] 405750K->340694K(820736K), 0.0019992 secs] [Times: user=0.01 sys=0.00, real=0.00 secs] 
2353.540: [GC (Allocation Failure) [PSYoungGen: 66432K->1408K(66560K)] 405718K->340694K(820736K), 0.0018200 secs] [Times: user=0.01 sys=0.00, real=0.00 secs] 
2353.811: [GC (Allocation Failure) [PSYoungGen: 66432K->1408K(66560K)] 405718K->340694K(820736K), 0.0019368 secs] [Times: user=0.01 sys=0.00, real=0.00 secs] 
2354.081: [GC (Allocation Failure) [PSYoungGen: 66432K->1392K(66560K)] 405718K->340678K(820736K), 0.0017777 secs] [Times: user=0.00 sys=0.00, real=0.00 secs] 
2354.443: [GC (Allocation Failure) [PSYoungGen: 66416K->1389K(66560K)] 405702K->340675K(820736K), 0.0015606 secs] [Times: user=0.00 sys=0.00, real=0.00 secs] 
2355.078: [GC (Allocation Failure) [PSYoungGen: 66413K->1408K(66560K)] 405699K->340702K(820736K), 0.0019515 secs] [Times: user=0.00 sys=0.00, real=0.00 secs] 
2355.348: [GC (Allocation Failure) [PSYoungGen: 66432K->1408K(66560K)] 405726K->340702K(820736K), 0.0019310 secs] [Times: user=0.00 sys=0.00, real=0.00 secs] 
2355.618: [GC (Allocation Failure) [PSYoungGen: 66432K->1408K(66560K)] 405726K->340702K(820736K), 0.0017726 secs] [Times: user=0.00 sys=0.00, real=0.00 secs] 
2355.889: [GC (Allocation Failure) [PSYoungGen: 66432K->1360K(66560K)] 405726K->340654K(820736K), 0.0018117 secs] [Times: user=0.01 sys=0.00, real=0.00 secs] 
2356.630: [GC (Allocation Failure) [PSYoungGen: 66384K->1456K(66560K)] 405678K->340750K(820736K), 0.0019243 secs] [Times: user=0.01 sys=0.00, real=0.00 secs] 
2357.213: [GC (Allocation Failure) [PSYoungGen: 66480K->1408K(66560K)] 405774K->340702K(820736K), 0.0023315 secs] [Times: user=0.01 sys=0.00, real=0.01 secs] 
2357.763: [GC (Allocation Failure) [PSYoungGen: 66432K->1440K(66560K)] 405726K->340734K(820736K), 0.0034561 secs] [Times: user=0.01 sys=0.01, real=0.01 secs] 
2358.292: [GC (Allocation Failure) [PSYoungGen: 66464K->1344K(66560K)] 405758K->340638K(820736K), 0.0027092 secs] [Times: user=0.01 sys=0.00, real=0.00 secs] 
2358.813: [GC (Allocation Failure) [PSYoungGen: 66368K->1408K(66560K)] 405662K->340702K(820736K), 0.0026455 secs] [Times: user=0.01 sys=0.00, real=0.01 secs] 
2359.889: [GC (Allocation Failure) [PSYoungGen: 66432K->1440K(66560K)] 405726K->340734K(820736K), 0.0023296 secs] [Times: user=0.01 sys=0.00, real=0.00 secs] 
2360.771: [GC (Allocation Failure) [PSYoungGen: 66464K->1408K(66560K)] 405758K->340702K(820736K), 0.0030231 secs] [Times: user=0.01 sys=0.00, real=0.00 secs] 
2361.588: [GC (Allocation Failure) [PSYoungGen: 66432K->1408K(66560K)] 405726K->340702K(820736K), 0.0016183 secs] [Times: user=0.00 sys=0.00, real=0.00 secs] 
2362.609: [GC (Allocation Failure) [PSYoungGen: 66432K->1440K(66560K)] 405726K->340734K(820736K), 0.0023867 secs] [Times: user=0.01 sys=0.00, real=0.00 secs] 
2364.298: [GC (Allocation Failure) [PSYoungGen: 66464K->1504K(66560K)] 405758K->340822K(820736K), 0.0023946 secs] [Times: user=0.01 sys=0.00, real=0.00 secs] 
2365.189: [GC (Allocation Failure) [PSYoungGen: 66528K->1376K(66560K)] 405846K->340694K(820736K), 0.0020482 secs] [Times: user=0.01 sys=0.00, real=0.00 secs] 
2365.499: [GC (Allocation Failure) [PSYoungGen: 66400K->1408K(66560K)] 405718K->340726K(820736K), 0.0021504 secs] [Times: user=0.01 sys=0.00, real=0.00 secs] 
2365.774: [GC (Allocation Failure) [PSYoungGen: 66432K->1376K(66560K)] 405750K->340694K(820736K), 0.0021050 secs] [Times: user=0.00 sys=0.00, real=0.01 secs] 
2366.133: [GC (Allocation Failure) [PSYoungGen: 66400K->1376K(66560K)] 405718K->340694K(820736K), 0.0019892 secs] [Times: user=0.01 sys=0.00, real=0.01 secs] 
2367.549: [GC (Allocation Failure) [PSYoungGen: 66400K->1488K(66560K)] 405718K->340806K(820736K), 0.0017487 secs] [Times: user=0.01 sys=0.00, real=0.00 secs] 
2368.460: [GC (Allocation Failure) [PSYoungGen: 66512K->1440K(66560K)] 405830K->340766K(820736K), 0.0046040 secs] [Times: user=0.02 sys=0.00, real=0.00 secs] 
2369.211: [GC (Allocation Failure) [PSYoungGen: 66464K->1440K(66560K)] 405790K->340766K(820736K), 0.0040357 secs] [Times: user=0.02 sys=0.00, real=0.00 secs] 
2369.809: [GC (Allocation Failure) [PSYoungGen: 66464K->1440K(66560K)] 405790K->340766K(820736K), 0.0033748 secs] [Times: user=0.01 sys=0.00, real=0.00 secs] 
2370.622: [GC (Allocation Failure) [PSYoungGen: 66464K->1437K(66560K)] 405790K->340771K(820736K), 0.0014616 secs] [Times: user=0.00 sys=0.00, real=0.00 secs] 
2371.474: [GC (Allocation Failure) [PSYoungGen: 66461K->1440K(66560K)] 405795K->340774K(820736K), 0.0019401 secs] [Times: user=0.01 sys=0.00, real=0.01 secs] 
2372.069: [GC (Allocation Failure) [PSYoungGen: 66464K->1456K(66560K)] 405798K->340790K(820736K), 0.0042037 secs] [Times: user=0.02 sys=0.00, real=0.00 secs] 
2372.683: [GC (Allocation Failure) [PSYoungGen: 66480K->1440K(66560K)] 405814K->340774K(820736K), 0.0030042 secs] [Times: user=0.01 sys=0.00, real=0.01 secs] 
2373.263: [GC (Allocation Failure) [PSYoungGen: 66464K->1472K(66560K)] 405798K->340806K(820736K), 0.0028339 secs] [Times: user=0.01 sys=0.00, real=0.01 secs] 
2374.654: [GC (Allocation Failure) [PSYoungGen: 66496K->1504K(66560K)] 405830K->340838K(820736K), 0.0026169 secs] [Times: user=0.01 sys=0.00, real=0.01 secs] 
2375.511: [GC (Allocation Failure) [PSYoungGen: 66528K->1456K(66560K)] 405862K->340878K(820736K), 0.0032620 secs] [Times: user=0.01 sys=0.01, real=0.00 secs] 
2375.997: [GC (Allocation Failure) [PSYoungGen: 66480K->1408K(66560K)] 405902K->340830K(820736K), 0.0025746 secs] [Times: user=0.02 sys=0.00, real=0.00 secs] 
2376.532: [GC (Allocation Failure) [PSYoungGen: 66432K->1408K(66560K)] 405854K->340830K(820736K), 0.0024480 secs] [Times: user=0.01 sys=0.00, real=0.00 secs] 
2377.199: [GC (Allocation Failure) [PSYoungGen: 66426K->272K(66560K)] 405849K->339694K(820736K), 0.0024662 secs] [Times: user=0.01 sys=0.00, real=0.00 secs] 
2378.164: [GC (Allocation Failure) [PSYoungGen: 65296K->1440K(67072K)] 404718K->340862K(821248K), 0.0018018 secs] [Times: user=0.01 sys=0.00, real=0.01 secs] 
2378.790: [GC (Allocation Failure) [PSYoungGen: 66464K->1440K(67072K)] 405886K->340862K(821248K), 0.0021531 secs] [Times: user=0.01 sys=0.00, real=0.00 secs] 
2379.497: [GC (Allocation Failure) [PSYoungGen: 66464K->1424K(67072K)] 405886K->340862K(821248K), 0.0023145 secs] [Times: user=0.01 sys=0.00, real=0.00 secs] 
2380.071: [GC (Allocation Failure) [PSYoungGen: 66448K->1440K(67072K)] 405886K->340878K(821248K), 0.0027870 secs] [Times: user=0.01 sys=0.00, real=0.00 secs] 
2381.011: [GC (Allocation Failure) [PSYoungGen: 66464K->1920K(67072K)] 405902K->341358K(821248K), 0.0018771 secs] [Times: user=0.00 sys=0.00, real=0.00 secs] 
2381.281: [GC (Allocation Failure) [PSYoungGen: 66944K->1408K(67072K)] 406382K->340846K(821248K), 0.0018063 secs] [Times: user=0.01 sys=0.00, real=0.00 secs] 
2381.702: [GC (Allocation Failure) [PSYoungGen: 66432K->1408K(67072K)] 405870K->340846K(821248K), 0.0018793 secs] [Times: user=0.01 sys=0.00, real=0.00 secs] 
2382.216: [GC (Allocation Failure) [PSYoungGen: 66432K->1376K(67072K)] 405870K->340814K(821248K), 0.0033369 secs] [Times: user=0.01 sys=0.00, real=0.00 secs] 
2382.715: [GC (Allocation Failure) [PSYoungGen: 66400K->1408K(67072K)] 405838K->340846K(821248K), 0.0021002 secs] [Times: user=0.01 sys=0.00, real=0.01 secs] 
2383.833: [GC (Allocation Failure) [PSYoungGen: 66432K->1440K(67072K)] 405870K->340878K(821248K), 0.0023157 secs] [Times: user=0.01 sys=0.00, real=0.01 secs] 
2384.418: [GC (Allocation Failure) [PSYoungGen: 66464K->1392K(67072K)] 405902K->340838K(821248K), 0.0024859 secs] [Times: user=0.01 sys=0.00, real=0.00 secs] 
2384.888: [GC (Allocation Failure) [PSYoungGen: 66416K->1408K(67072K)] 405862K->340854K(821248K), 0.0021303 secs] [Times: user=0.01 sys=0.00, real=0.00 secs] 
2385.191: [GC (Allocation Failure) [PSYoungGen: 66432K->1376K(67072K)] 405878K->340822K(821248K), 0.0019860 secs] [Times: user=0.01 sys=0.00, real=0.00 secs] 
2386.346: [GC (Allocation Failure) [PSYoungGen: 66400K->1373K(67072K)] 405846K->340819K(821248K), 0.0014817 secs] [Times: user=0.00 sys=0.00, real=0.00 secs] 
2387.641: [GC (Allocation Failure) [PSYoungGen: 66397K->1408K(67072K)] 405843K->340854K(821248K), 0.0040601 secs] [Times: user=0.02 sys=0.00, real=0.00 secs] 
2388.390: [GC (Allocation Failure) [PSYoungGen: 66432K->1408K(67072K)] 405878K->340862K(821248K), 0.0032456 secs] [Times: user=0.01 sys=0.00, real=0.00 secs] 
2389.185: [GC (Allocation Failure) [PSYoungGen: 66432K->1408K(67072K)] 405886K->340862K(821248K), 0.0035200 secs] [Times: user=0.01 sys=0.00, real=0.01 secs] 
2389.898: [GC (Allocation Failure) [PSYoungGen: 66432K->1376K(67072K)] 405886K->340830K(821248K), 0.0033629 secs] [Times: user=0.01 sys=0.00, real=0.00 secs] 
2390.849: [GC (Allocation Failure) [PSYoungGen: 66400K->1408K(67072K)] 405854K->340862K(821248K), 0.0017879 secs] [Times: user=0.00 sys=0.00, real=0.00 secs] 
2391.119: [GC (Allocation Failure) [PSYoungGen: 66432K->1376K(66560K)] 405886K->340830K(820736K), 0.0020321 secs] [Times: user=0.01 sys=0.00, real=0.00 secs] 
2391.390: [GC (Allocation Failure) [PSYoungGen: 66400K->1408K(66560K)] 405854K->340862K(820736K), 0.0018741 secs] [Times: user=0.01 sys=0.00, real=0.00 secs] 
2391.660: [GC (Allocation Failure) [PSYoungGen: 66432K->1408K(66560K)] 405886K->340862K(820736K), 0.0019000 secs] [Times: user=0.01 sys=0.00, real=0.00 secs] 
2392.084: [GC (Allocation Failure) [PSYoungGen: 66432K->1373K(66560K)] 405886K->340827K(820736K), 0.0015526 secs] [Times: user=0.00 sys=0.00, real=0.00 secs] 
2392.997: [GC (Allocation Failure) [PSYoungGen: 66397K->1408K(66560K)] 405851K->340862K(820736K), 0.0019578 secs] [Times: user=0.01 sys=0.00, real=0.00 secs] 
2393.539: [GC (Allocation Failure) [PSYoungGen: 66432K->1408K(66560K)] 405886K->340862K(820736K), 0.0019819 secs] [Times: user=0.01 sys=0.00, real=0.00 secs] 
2394.183: [GC (Allocation Failure) [PSYoungGen: 66432K->1408K(66560K)] 405886K->340862K(820736K), 0.0023561 secs] [Times: user=0.01 sys=0.00, real=0.00 secs] 
2394.630: [GC (Allocation Failure) [PSYoungGen: 66432K->1408K(66560K)] 405886K->340862K(820736K), 0.0024647 secs] [Times: user=0.01 sys=0.00, real=0.00 secs] 
2396.086: [GC (Allocation Failure) [PSYoungGen: 66432K->1440K(66560K)] 405886K->340894K(820736K), 0.0035393 secs] [Times: user=0.02 sys=0.00, real=0.00 secs] 
2397.138: [GC (Allocation Failure) [PSYoungGen: 66464K->1408K(66560K)] 405918K->340862K(820736K), 0.0041990 secs] [Times: user=0.01 sys=0.00, real=0.00 secs] 
2397.441: [GC (Allocation Failure) [PSYoungGen: 66432K->1376K(66560K)] 405886K->340830K(820736K), 0.0019523 secs] [Times: user=0.01 sys=0.00, real=0.00 secs] 
2397.711: [GC (Allocation Failure) [PSYoungGen: 66400K->1408K(66560K)] 405854K->340886K(820736K), 0.0020719 secs] [Times: user=0.01 sys=0.00, real=0.00 secs] 
2397.981: [GC (Allocation Failure) [PSYoungGen: 66432K->1408K(66560K)] 405910K->340886K(820736K), 0.0019821 secs] [Times: user=0.01 sys=0.00, real=0.00 secs] 
2399.287: [GC (Allocation Failure) [PSYoungGen: 66432K->1440K(66560K)] 405910K->340918K(820736K), 0.0019764 secs] [Times: user=0.00 sys=0.00, real=0.00 secs] 
2400.393: [GC (Allocation Failure) [PSYoungGen: 66464K->1376K(66560K)] 405942K->340854K(820736K), 0.0022313 secs] [Times: user=0.01 sys=0.00, real=0.00 secs] 
2401.300: [GC (Allocation Failure) [PSYoungGen: 66400K->1408K(66560K)] 405878K->340886K(820736K), 0.0022926 secs] [Times: user=0.01 sys=0.00, real=0.00 secs] 
2402.096: [GC (Allocation Failure) [PSYoungGen: 66432K->1440K(66560K)] 405910K->340918K(820736K), 0.0025676 secs] [Times: user=0.01 sys=0.00, real=0.00 secs] 
2403.125: [GC (Allocation Failure) [PSYoungGen: 66464K->1520K(66560K)] 405942K->341014K(820736K), 0.0015541 secs] [Times: user=0.01 sys=0.00, real=0.01 secs] 
2403.728: [GC (Allocation Failure) [PSYoungGen: 66544K->1376K(66560K)] 406038K->340870K(820736K), 0.0022172 secs] [Times: user=0.01 sys=0.00, real=0.00 secs] 
2404.052: [GC (Allocation Failure) [PSYoungGen: 66400K->1440K(66560K)] 405894K->340934K(820736K), 0.0025857 secs] [Times: user=0.01 sys=0.01, real=0.00 secs] 
2404.325: [GC (Allocation Failure) [PSYoungGen: 66464K->1424K(66560K)] 405958K->340918K(820736K), 0.0020641 secs] [Times: user=0.00 sys=0.00, real=0.01 secs] 
2404.750: [GC (Allocation Failure) [PSYoungGen: 66448K->1440K(66560K)] 405942K->340934K(820736K), 0.0021242 secs] [Times: user=0.01 sys=0.00, real=0.00 secs] 
2405.884: [GC (Allocation Failure) [PSYoungGen: 66464K->1440K(66560K)] 405958K->340942K(820736K), 0.0018791 secs] [Times: user=0.01 sys=0.00, real=0.01 secs] 
2406.578: [GC (Allocation Failure) [PSYoungGen: 66464K->1440K(66560K)] 405966K->340942K(820736K), 0.0041831 secs] [Times: user=0.02 sys=0.00, real=0.00 secs] 
2407.288: [GC (Allocation Failure) [PSYoungGen: 66464K->1408K(66560K)] 405966K->340910K(820736K), 0.0029553 secs] [Times: user=0.01 sys=0.00, real=0.00 secs] 
2407.738: [GC (Allocation Failure) [PSYoungGen: 66432K->1424K(66560K)] 405934K->340926K(820736K), 0.0030046 secs] [Times: user=0.01 sys=0.00, real=0.00 secs] 
2408.587: [GC (Allocation Failure) [PSYoungGen: 66448K->1373K(66560K)] 405950K->340875K(820736K), 0.0014989 secs] [Times: user=0.00 sys=0.00, real=0.00 secs] 
2409.286: [GC (Allocation Failure) [PSYoungGen: 66397K->1440K(66560K)] 405899K->340942K(820736K), 0.0027973 secs] [Times: user=0.01 sys=0.00, real=0.00 secs] 
2409.552: [GC (Allocation Failure) [PSYoungGen: 66464K->1408K(66560K)] 405966K->340926K(820736K), 0.0021950 secs] [Times: user=0.01 sys=0.00, real=0.00 secs] 
2409.823: [GC (Allocation Failure) [PSYoungGen: 66432K->1392K(66560K)] 405950K->340910K(820736K), 0.0021946 secs] [Times: user=0.01 sys=0.00, real=0.00 secs] 
2410.093: [GC (Allocation Failure) [PSYoungGen: 66416K->1408K(66560K)] 405934K->340926K(820736K), 0.0021004 secs] [Times: user=0.01 sys=0.00, real=0.01 secs] 
2411.378: [GC (Allocation Failure) [PSYoungGen: 66432K->1440K(66560K)] 405950K->340966K(820736K), 0.0044145 secs] [Times: user=0.02 sys=0.00, real=0.00 secs] 
2412.179: [GC (Allocation Failure) [PSYoungGen: 66464K->1408K(66560K)] 405990K->340942K(820736K), 0.0033274 secs] [Times: user=0.01 sys=0.00, real=0.00 secs] 
2413.005: [GC (Allocation Failure) [PSYoungGen: 66432K->1440K(66560K)] 405966K->340974K(820736K), 0.0033620 secs] [Times: user=0.01 sys=0.00, real=0.01 secs] 
2413.585: [GC (Allocation Failure) [PSYoungGen: 66464K->1424K(66560K)] 405998K->340958K(820736K), 0.0024481 secs] [Times: user=0.01 sys=0.00, real=0.01 secs] 
2414.545: [GC (Allocation Failure) [PSYoungGen: 66443K->288K(66048K)] 405978K->339830K(820224K), 0.0038594 secs] [Times: user=0.02 sys=0.00, real=0.00 secs] 
2415.949: [GC (Allocation Failure) [PSYoungGen: 64800K->1440K(66560K)] 404342K->340982K(820736K), 0.0021249 secs] [Times: user=0.00 sys=0.00, real=0.00 secs] 
2416.217: [GC (Allocation Failure) [PSYoungGen: 65952K->1376K(66560K)] 405494K->340926K(820736K), 0.0021404 secs] [Times: user=0.01 sys=0.00, real=0.00 secs] 
2416.486: [GC (Allocation Failure) [PSYoungGen: 65888K->1376K(66560K)] 405438K->340926K(820736K), 0.0020784 secs] [Times: user=0.01 sys=0.00, real=0.00 secs] 
2416.754: [GC (Allocation Failure) [PSYoungGen: 65888K->1408K(66560K)] 405438K->340958K(820736K), 0.0020578 secs] [Times: user=0.00 sys=0.00, real=0.01 secs] 
2417.655: [GC (Allocation Failure) [PSYoungGen: 65920K->1952K(66560K)] 405470K->341502K(820736K), 0.0019804 secs] [Times: user=0.01 sys=0.00, real=0.01 secs] 
2418.805: [GC (Allocation Failure) [PSYoungGen: 66464K->1408K(66560K)] 406014K->340974K(820736K), 0.0043244 secs] [Times: user=0.02 sys=0.00, real=0.01 secs] 
2419.975: [GC (Allocation Failure) [PSYoungGen: 65920K->1408K(66560K)] 405486K->340974K(820736K), 0.0042758 secs] [Times: user=0.02 sys=0.00, real=0.00 secs] 
2421.076: [GC (Allocation Failure) [PSYoungGen: 65920K->1376K(66560K)] 405486K->340942K(820736K), 0.0057656 secs] [Times: user=0.02 sys=0.00, real=0.00 secs] 
2421.877: [GC (Allocation Failure) [PSYoungGen: 65888K->1408K(66560K)] 405454K->340974K(820736K), 0.0041747 secs] [Times: user=0.01 sys=0.01, real=0.00 secs] 
2423.279: [GC (Allocation Failure) [PSYoungGen: 65920K->1472K(66560K)] 405486K->341038K(820736K), 0.0018675 secs] [Times: user=0.01 sys=0.01, real=0.00 secs] 
2424.096: [GC (Allocation Failure) [PSYoungGen: 65984K->1408K(66560K)] 405550K->340982K(820736K), 0.0020889 secs] [Times: user=0.01 sys=0.00, real=0.00 secs] 
2424.951: [GC (Allocation Failure) [PSYoungGen: 65920K->1376K(66560K)] 405494K->340950K(820736K), 0.0052223 secs] [Times: user=0.02 sys=0.00, real=0.01 secs] 
2425.805: [GC (Allocation Failure) [PSYoungGen: 65888K->1440K(66560K)] 405462K->341014K(820736K), 0.0023866 secs] [Times: user=0.01 sys=0.00, real=0.01 secs] 
2426.577: [GC (Allocation Failure) [PSYoungGen: 65952K->1405K(66560K)] 405526K->340979K(820736K), 0.0015471 secs] [Times: user=0.00 sys=0.00, real=0.00 secs] 
2427.487: [GC (Allocation Failure) [PSYoungGen: 65917K->1440K(66560K)] 405491K->341014K(820736K), 0.0022975 secs] [Times: user=0.01 sys=0.00, real=0.00 secs] 
2428.051: [GC (Allocation Failure) [PSYoungGen: 65952K->1408K(66560K)] 405526K->340982K(820736K), 0.0022037 secs] [Times: user=0.01 sys=0.00, real=0.00 secs] 
2428.320: [GC (Allocation Failure) [PSYoungGen: 65920K->1408K(66560K)] 405494K->340990K(820736K), 0.0020692 secs] [Times: user=0.00 sys=0.00, real=0.00 secs] 
2428.588: [GC (Allocation Failure) [PSYoungGen: 65920K->1408K(66560K)] 405502K->340990K(820736K), 0.0021097 secs] [Times: user=0.01 sys=0.00, real=0.00 secs] 
2429.502: [GC (Allocation Failure) [PSYoungGen: 65920K->1440K(66560K)] 405502K->341022K(820736K), 0.0018140 secs] [Times: user=0.00 sys=0.00, real=0.00 secs] 
2429.771: [GC (Allocation Failure) [PSYoungGen: 65952K->1408K(66560K)] 405534K->340990K(820736K), 0.0018119 secs] [Times: user=0.00 sys=0.00, real=0.00 secs] 
2430.039: [GC (Allocation Failure) [PSYoungGen: 65920K->1424K(66048K)] 405502K->341014K(820224K), 0.0020692 secs] [Times: user=0.00 sys=0.00, real=0.00 secs] 
2430.307: [GC (Allocation Failure) [PSYoungGen: 65936K->1408K(66048K)] 405526K->340998K(820224K), 0.0017778 secs] [Times: user=0.01 sys=0.00, real=0.00 secs] 
2430.575: [GC (Allocation Failure) [PSYoungGen: 65920K->1344K(66048K)] 405510K->340934K(820224K), 0.0018221 secs] [Times: user=0.01 sys=0.00, real=0.01 secs] 
2433.608: [GC (Allocation Failure) [PSYoungGen: 65856K->1456K(66048K)] 405446K->341046K(820224K), 0.0041028 secs] [Times: user=0.01 sys=0.00, real=0.00 secs] 
2434.367: [GC (Allocation Failure) [PSYoungGen: 65968K->1408K(66048K)] 405558K->340998K(820224K), 0.0029028 secs] [Times: user=0.01 sys=0.00, real=0.00 secs] 
2435.191: [GC (Allocation Failure) [PSYoungGen: 65920K->1424K(66048K)] 405510K->341014K(820224K), 0.0025798 secs] [Times: user=0.01 sys=0.00, real=0.00 secs] 
2436.053: [GC (Allocation Failure) [PSYoungGen: 65936K->1376K(66048K)] 405526K->340966K(820224K), 0.0025143 secs] [Times: user=0.01 sys=0.00, real=0.01 secs] 
2437.249: [GC (Allocation Failure) [PSYoungGen: 65888K->96K(65536K)] 405478K->339686K(819712K), 0.0014172 secs] [Times: user=0.00 sys=0.00, real=0.00 secs] 
2437.583: [GC (Allocation Failure) [PSYoungGen: 64096K->1344K(66048K)] 403686K->340934K(820224K), 0.0020277 secs] [Times: user=0.01 sys=0.00, real=0.00 secs] 
2437.849: [GC (Allocation Failure) [PSYoungGen: 65344K->1344K(66048K)] 404934K->340934K(820224K), 0.0019528 secs] [Times: user=0.00 sys=0.00, real=0.00 secs] 
2438.115: [GC (Allocation Failure) [PSYoungGen: 65344K->1424K(66048K)] 404934K->341014K(820224K), 0.0017531 secs] [Times: user=0.00 sys=0.00, real=0.01 secs] 
2438.388: [GC (Allocation Failure) [PSYoungGen: 65424K->1408K(66048K)] 405014K->341014K(820224K), 0.0020457 secs] [Times: user=0.01 sys=0.00, real=0.00 secs] 
2439.227: [GC (Allocation Failure) [PSYoungGen: 65408K->1408K(66048K)] 405014K->341014K(820224K), 0.0019589 secs] [Times: user=0.01 sys=0.00, real=0.00 secs] 
2439.807: [GC (Allocation Failure) [PSYoungGen: 65408K->1376K(66048K)] 405014K->340982K(820224K), 0.0017538 secs] [Times: user=0.01 sys=0.00, real=0.00 secs] 
2440.408: [GC (Allocation Failure) [PSYoungGen: 65376K->1408K(66048K)] 404982K->341014K(820224K), 0.0022101 secs] [Times: user=0.01 sys=0.00, real=0.00 secs] 
2440.955: [GC (Allocation Failure) [PSYoungGen: 65408K->1408K(66048K)] 405014K->341014K(820224K), 0.0020707 secs] [Times: user=0.01 sys=0.00, real=0.00 secs] 
2441.577: [GC (Allocation Failure) [PSYoungGen: 65408K->1408K(66048K)] 405014K->341014K(820224K), 0.0021458 secs] [Times: user=0.01 sys=0.00, real=0.00 secs] 
2444.545: [GC (Allocation Failure) [PSYoungGen: 65408K->1440K(66048K)] 405014K->341046K(820224K), 0.0033569 secs] [Times: user=0.01 sys=0.00, real=0.00 secs] 
2445.103: [GC (Allocation Failure) [PSYoungGen: 65440K->1408K(66048K)] 405046K->341014K(820224K), 0.0028317 secs] [Times: user=0.01 sys=0.00, real=0.01 secs] 
2445.835: [GC (Allocation Failure) [PSYoungGen: 65408K->1440K(66048K)] 405014K->341046K(820224K), 0.0028154 secs] [Times: user=0.01 sys=0.00, real=0.01 secs] 
2446.539: [GC (Allocation Failure) [PSYoungGen: 65440K->1408K(66048K)] 405046K->341014K(820224K), 0.0025513 secs] [Times: user=0.02 sys=0.00, real=0.00 secs] 
2447.582: [GC (Allocation Failure) [PSYoungGen: 65178K->160K(66048K)] 404784K->339766K(820224K), 0.0016293 secs] [Times: user=0.01 sys=0.00, real=0.00 secs] 
2448.285: [GC (Allocation Failure) [PSYoungGen: 64160K->1408K(66048K)] 403766K->341014K(820224K), 0.0017650 secs] [Times: user=0.00 sys=0.00, real=0.01 secs] 
2448.862: [GC (Allocation Failure) [PSYoungGen: 65408K->1408K(66048K)] 405014K->341014K(820224K), 0.0030055 secs] [Times: user=0.01 sys=0.00, real=0.00 secs] 
2449.389: [GC (Allocation Failure) [PSYoungGen: 65408K->1408K(66048K)] 405014K->341014K(820224K), 0.0028398 secs] [Times: user=0.01 sys=0.00, real=0.00 secs] 
2449.902: [GC (Allocation Failure) [PSYoungGen: 65408K->1376K(66048K)] 405014K->340990K(820224K), 0.0027663 secs] [Times: user=0.02 sys=0.00, real=0.00 secs] 
2450.818: [GC (Allocation Failure) [PSYoungGen: 65376K->1440K(66048K)] 404990K->341054K(820224K), 0.0019660 secs] [Times: user=0.01 sys=0.00, real=0.00 secs] 
2451.084: [GC (Allocation Failure) [PSYoungGen: 65440K->1424K(66048K)] 405054K->341038K(820224K), 0.0019880 secs] [Times: user=0.01 sys=0.00, real=0.01 secs] 
2451.623: [GC (Allocation Failure) [PSYoungGen: 65424K->1424K(66048K)] 405038K->341038K(820224K), 0.0036987 secs] [Times: user=0.02 sys=0.00, real=0.01 secs] 
2452.181: [GC (Allocation Failure) [PSYoungGen: 65424K->1408K(66048K)] 405038K->341022K(820224K), 0.0021601 secs] [Times: user=0.01 sys=0.00, real=0.00 secs] 
2452.809: [GC (Allocation Failure) [PSYoungGen: 65408K->1408K(66048K)] 405022K->341022K(820224K), 0.0033352 secs] [Times: user=0.02 sys=0.00, real=0.00 secs] 
2454.186: [GC (Allocation Failure) [PSYoungGen: 65408K->1440K(66048K)] 405022K->341054K(820224K), 0.0019095 secs] [Times: user=0.01 sys=0.00, real=0.00 secs] 
2455.296: [GC (Allocation Failure) [PSYoungGen: 65440K->1376K(66048K)] 405054K->340990K(820224K), 0.0046388 secs] [Times: user=0.01 sys=0.00, real=0.00 secs] 
2456.324: [GC (Allocation Failure) [PSYoungGen: 65376K->1440K(66048K)] 404990K->341054K(820224K), 0.0039882 secs] [Times: user=0.01 sys=0.00, real=0.01 secs] 
2457.340: [GC (Allocation Failure) [PSYoungGen: 65440K->1440K(66048K)] 405054K->341054K(820224K), 0.0046850 secs] [Times: user=0.02 sys=0.00, real=0.00 secs] 
2458.757: [GC (Allocation Failure) [PSYoungGen: 65440K->1440K(66048K)] 405054K->341054K(820224K), 0.0019732 secs] [Times: user=0.00 sys=0.00, real=0.00 secs] 
2459.773: [GC (Allocation Failure) [PSYoungGen: 65440K->1392K(66048K)] 405054K->341006K(820224K), 0.0040789 secs] [Times: user=0.02 sys=0.00, real=0.01 secs] 
2460.622: [GC (Allocation Failure) [PSYoungGen: 65392K->1408K(66048K)] 405006K->341030K(820224K), 0.0036214 secs] [Times: user=0.01 sys=0.00, real=0.01 secs] 
2461.309: [GC (Allocation Failure) [PSYoungGen: 65408K->1408K(66048K)] 405030K->341030K(820224K), 0.0033673 secs] [Times: user=0.01 sys=0.00, real=0.00 secs] 
2461.932: [GC (Allocation Failure) [PSYoungGen: 65408K->1376K(66048K)] 405030K->340998K(820224K), 0.0046608 secs] [Times: user=0.02 sys=0.00, real=0.01 secs] 
2462.913: [GC (Allocation Failure) [PSYoungGen: 65376K->1456K(66048K)] 404998K->341078K(820224K), 0.0019800 secs] [Times: user=0.01 sys=0.00, real=0.00 secs] 
2463.372: [GC (Allocation Failure) [PSYoungGen: 65456K->1376K(66048K)] 405078K->341006K(820224K), 0.0021940 secs] [Times: user=0.00 sys=0.00, real=0.00 secs] 
2463.642: [GC (Allocation Failure) [PSYoungGen: 65376K->1376K(66048K)] 405006K->341006K(820224K), 0.0030876 secs] [Times: user=0.02 sys=0.00, real=0.00 secs] 
2463.971: [GC (Allocation Failure) [PSYoungGen: 65376K->1408K(66048K)] 405006K->341038K(820224K), 0.0022783 secs] [Times: user=0.01 sys=0.00, real=0.00 secs] 
2464.291: [GC (Allocation Failure) [PSYoungGen: 65289K->224K(66048K)] 404920K->339854K(820224K), 0.0020796 secs] [Times: user=0.01 sys=0.00, real=0.00 secs] 
2465.033: [GC (Allocation Failure) [PSYoungGen: 64224K->1440K(66048K)] 403854K->341070K(820224K), 0.0018180 secs] [Times: user=0.01 sys=0.00, real=0.00 secs] 
2465.336: [GC (Allocation Failure) [PSYoungGen: 65440K->1440K(66048K)] 405070K->341070K(820224K), 0.0020435 secs] [Times: user=0.01 sys=0.00, real=0.00 secs] 
2465.602: [GC (Allocation Failure) [PSYoungGen: 65440K->1392K(66048K)] 405070K->341022K(820224K), 0.0023204 secs] [Times: user=0.01 sys=0.00, real=0.00 secs] 
2465.901: [GC (Allocation Failure) [PSYoungGen: 65392K->1408K(66048K)] 405022K->341038K(820224K), 0.0025641 secs] [Times: user=0.01 sys=0.00, real=0.00 secs] 
2466.646: [GC (Allocation Failure) [PSYoungGen: 65408K->1664K(66048K)] 405038K->341294K(820224K), 0.0018368 secs] [Times: user=0.00 sys=0.00, real=0.00 secs] 
2467.022: [GC (Allocation Failure) [PSYoungGen: 65664K->1424K(66048K)] 405294K->341086K(820224K), 0.0019487 secs] [Times: user=0.00 sys=0.00, real=0.00 secs] 
2467.428: [GC (Allocation Failure) [PSYoungGen: 65424K->1408K(66048K)] 405086K->341070K(820224K), 0.0021633 secs] [Times: user=0.01 sys=0.00, real=0.00 secs] 
2467.944: [GC (Allocation Failure) [PSYoungGen: 65408K->1408K(66048K)] 405070K->341070K(820224K), 0.0032429 secs] [Times: user=0.01 sys=0.00, real=0.01 secs] 
2468.538: [GC (Allocation Failure) [PSYoungGen: 65408K->1408K(66048K)] 405070K->341070K(820224K), 0.0025848 secs] [Times: user=0.01 sys=0.00, real=0.00 secs] 
2469.591: [GC (Allocation Failure) [PSYoungGen: 65408K->1440K(66048K)] 405070K->341102K(820224K), 0.0022167 secs] [Times: user=0.01 sys=0.00, real=0.00 secs] 
2470.161: [GC (Allocation Failure) [PSYoungGen: 65440K->1376K(66048K)] 405102K->341038K(820224K), 0.0025597 secs] [Times: user=0.01 sys=0.00, real=0.00 secs] 
2470.941: [GC (Allocation Failure) [PSYoungGen: 65376K->1440K(66048K)] 405038K->341102K(820224K), 0.0041672 secs] [Times: user=0.02 sys=0.00, real=0.00 secs] 
2471.740: [GC (Allocation Failure) [PSYoungGen: 65440K->1408K(66048K)] 405102K->341070K(820224K), 0.0046277 secs] [Times: user=0.02 sys=0.00, real=0.00 secs] 
2472.704: [GC (Allocation Failure) [PSYoungGen: 65408K->1373K(66048K)] 405070K->341035K(820224K), 0.0020889 secs] [Times: user=0.00 sys=0.00, real=0.01 secs] 
2473.685: [GC (Allocation Failure) [PSYoungGen: 65373K->1440K(66048K)] 405035K->341102K(820224K), 0.0020507 secs] [Times: user=0.00 sys=0.00, real=0.01 secs] 
2474.242: [GC (Allocation Failure) [PSYoungGen: 65440K->1376K(66048K)] 405102K->341046K(820224K), 0.0022678 secs] [Times: user=0.01 sys=0.00, real=0.00 secs] 
2474.677: [GC (Allocation Failure) [PSYoungGen: 65376K->1376K(66048K)] 405046K->341046K(820224K), 0.0032998 secs] [Times: user=0.01 sys=0.00, real=0.00 secs] 
2474.943: [GC (Allocation Failure) [PSYoungGen: 65376K->1344K(66048K)] 405046K->341014K(820224K), 0.0024956 secs] [Times: user=0.01 sys=0.00, real=0.01 secs] 
2476.242: [GC (Allocation Failure) [PSYoungGen: 65344K->1984K(66048K)] 405014K->341654K(820224K), 0.0039940 secs] [Times: user=0.02 sys=0.00, real=0.01 secs] 
2477.567: [GC (Allocation Failure) [PSYoungGen: 65984K->1408K(66048K)] 405654K->341078K(820224K), 0.0033429 secs] [Times: user=0.01 sys=0.00, real=0.00 secs] 
2478.109: [GC (Allocation Failure) [PSYoungGen: 65408K->1440K(66048K)] 405078K->341110K(820224K), 0.0025779 secs] [Times: user=0.01 sys=0.00, real=0.00 secs] 
2478.406: [GC (Allocation Failure) [PSYoungGen: 65440K->1408K(66048K)] 405110K->341078K(820224K), 0.0020208 secs] [Times: user=0.00 sys=0.00, real=0.00 secs] 
2478.703: [GC (Allocation Failure) [PSYoungGen: 65408K->1440K(66048K)] 405078K->341110K(820224K), 0.0021141 secs] [Times: user=0.01 sys=0.00, real=0.00 secs] 
2479.582: [GC (Allocation Failure) [PSYoungGen: 65440K->1408K(66048K)] 405110K->341086K(820224K), 0.0019692 secs] [Times: user=0.01 sys=0.00, real=0.00 secs] 
2479.898: [GC (Allocation Failure) [PSYoungGen: 65408K->1440K(66048K)] 405086K->341118K(820224K), 0.0019928 secs] [Times: user=0.00 sys=0.00, real=0.00 secs] 
2480.299: [GC (Allocation Failure) [PSYoungGen: 65440K->1408K(66048K)] 405118K->341086K(820224K), 0.0020796 secs] [Times: user=0.01 sys=0.00, real=0.00 secs] 
2480.565: [GC (Allocation Failure) [PSYoungGen: 65408K->1408K(66048K)] 405086K->341086K(820224K), 0.0019028 secs] [Times: user=0.01 sys=0.00, real=0.01 secs] 
2481.050: [GC (Allocation Failure) [PSYoungGen: 65408K->1405K(66048K)] 405086K->341083K(820224K), 0.0013756 secs] [Times: user=0.01 sys=0.00, real=0.00 secs] 
2482.671: [GC (Allocation Failure) [PSYoungGen: 65405K->1440K(66048K)] 405083K->341118K(820224K), 0.0027587 secs] [Times: user=0.01 sys=0.00, real=0.00 secs] 
2483.032: [GC (Allocation Failure) [PSYoungGen: 65440K->1376K(66048K)] 405118K->341054K(820224K), 0.0021824 secs] [Times: user=0.01 sys=0.00, real=0.00 secs] 
2483.595: [GC (Allocation Failure) [PSYoungGen: 65376K->1440K(66048K)] 405054K->341118K(820224K), 0.0020659 secs] [Times: user=0.01 sys=0.00, real=0.00 secs] 
2484.163: [GC (Allocation Failure) [PSYoungGen: 65440K->1440K(66048K)] 405118K->341118K(820224K), 0.0030148 secs] [Times: user=0.01 sys=0.00, real=0.01 secs] 
2485.167: [GC (Allocation Failure) [PSYoungGen: 65440K->1408K(66048K)] 405118K->341086K(820224K), 0.0031423 secs] [Times: user=0.01 sys=0.00, real=0.00 secs] 
2485.964: [GC (Allocation Failure) [PSYoungGen: 65408K->1408K(66048K)] 405086K->341086K(820224K), 0.0042687 secs] [Times: user=0.02 sys=0.00, real=0.01 secs] 
2486.721: [GC (Allocation Failure) [PSYoungGen: 65408K->1408K(65536K)] 405086K->341086K(819712K), 0.0029239 secs] [Times: user=0.01 sys=0.00, real=0.00 secs] 
2487.271: [GC (Allocation Failure) [PSYoungGen: 65408K->1440K(65536K)] 405086K->341134K(819712K), 0.0032343 secs] [Times: user=0.01 sys=0.00, real=0.00 secs] 
2487.746: [GC (Allocation Failure) [PSYoungGen: 65440K->400K(65024K)] 405134K->341134K(819200K), 0.0027680 secs] [Times: user=0.01 sys=0.00, real=0.00 secs] 
2488.835: [GC (Allocation Failure) [PSYoungGen: 64400K->1440K(66048K)] 405134K->342174K(820224K), 0.0023952 secs] [Times: user=0.01 sys=0.00, real=0.00 secs] 
2489.391: [GC (Allocation Failure) [PSYoungGen: 65440K->1408K(66048K)] 406174K->342142K(820224K), 0.0023707 secs] [Times: user=0.01 sys=0.00, real=0.00 secs] 
2489.721: [GC (Allocation Failure) [PSYoungGen: 65408K->1344K(66048K)] 406142K->342078K(820224K), 0.0022268 secs] [Times: user=0.01 sys=0.00, real=0.00 secs] 
2490.041: [GC (Allocation Failure) [PSYoungGen: 65344K->1408K(66048K)] 406078K->342142K(820224K), 0.0020272 secs] [Times: user=0.00 sys=0.00, real=0.00 secs] 
2490.544: [GC (Allocation Failure) [PSYoungGen: 65408K->1389K(66048K)] 406142K->342123K(820224K), 0.0015539 secs] [Times: user=0.01 sys=0.00, real=0.00 secs] 
2491.303: [GC (Allocation Failure) [PSYoungGen: 65389K->1376K(66048K)] 406123K->342110K(820224K), 0.0020482 secs] [Times: user=0.01 sys=0.00, real=0.00 secs] 
2491.840: [GC (Allocation Failure) [PSYoungGen: 65376K->1408K(66048K)] 406110K->342150K(820224K), 0.0020492 secs] [Times: user=0.01 sys=0.00, real=0.00 secs] 
2492.645: [GC (Allocation Failure) [PSYoungGen: 65408K->1408K(66048K)] 406150K->342150K(820224K), 0.0025436 secs] [Times: user=0.01 sys=0.00, real=0.01 secs] 
2493.513: [GC (Allocation Failure) [PSYoungGen: 65408K->1392K(66048K)] 406150K->342134K(820224K), 0.0027025 secs] [Times: user=0.01 sys=0.00, real=0.00 secs] 
2495.223: [GC (Allocation Failure) [PSYoungGen: 65392K->1440K(66048K)] 406134K->342182K(820224K), 0.0029789 secs] [Times: user=0.01 sys=0.00, real=0.01 secs] 
2495.794: [GC (Allocation Failure) [PSYoungGen: 65440K->1344K(66048K)] 406182K->342086K(820224K), 0.0032905 secs] [Times: user=0.01 sys=0.00, real=0.01 secs] 
2496.334: [GC (Allocation Failure) [PSYoungGen: 65344K->1408K(66048K)] 406086K->342150K(820224K), 0.0027367 secs] [Times: user=0.01 sys=0.00, real=0.01 secs] 
2496.881: [GC (Allocation Failure) [PSYoungGen: 65408K->1408K(66048K)] 406150K->342150K(820224K), 0.0033653 secs] [Times: user=0.01 sys=0.00, real=0.00 secs] 
2497.610: [GC (Allocation Failure) [PSYoungGen: 65408K->1408K(66048K)] 406150K->342150K(820224K), 0.0033196 secs] [Times: user=0.02 sys=0.00, real=0.00 secs] 
2498.715: [GC (Allocation Failure) [PSYoungGen: 65408K->1472K(66048K)] 406150K->342214K(820224K), 0.0018343 secs] [Times: user=0.01 sys=0.00, real=0.01 secs] 
2499.341: [GC (Allocation Failure) [PSYoungGen: 65472K->1376K(66048K)] 406214K->342134K(820224K), 0.0031376 secs] [Times: user=0.01 sys=0.00, real=0.00 secs] 
2499.939: [GC (Allocation Failure) [PSYoungGen: 65376K->1376K(66048K)] 406134K->342134K(820224K), 0.0025176 secs] [Times: user=0.01 sys=0.00, real=0.00 secs] 
2500.682: [GC (Allocation Failure) [PSYoungGen: 65376K->1408K(65536K)] 406134K->342166K(819712K), 0.0024063 secs] [Times: user=0.01 sys=0.00, real=0.00 secs] 
2501.800: [GC (Allocation Failure) [PSYoungGen: 65408K->1360K(65536K)] 406166K->342118K(819712K), 0.0016885 secs] [Times: user=0.00 sys=0.00, real=0.00 secs] 
2502.264: [GC (Allocation Failure) [PSYoungGen: 65360K->448K(65024K)] 406118K->342230K(819200K), 0.0019763 secs] [Times: user=0.01 sys=0.00, real=0.01 secs] 
2502.725: [GC (Allocation Failure) [PSYoungGen: 64448K->352K(66048K)] 406230K->342134K(820224K), 0.0018508 secs] [Times: user=0.01 sys=0.00, real=0.00 secs] 
2503.226: [GC (Allocation Failure) [PSYoungGen: 64352K->384K(66048K)] 406134K->342166K(820224K), 0.0031634 secs] [Times: user=0.01 sys=0.00, real=0.00 secs] 
2503.764: [GC (Allocation Failure) [PSYoungGen: 64384K->384K(66048K)] 406166K->342166K(820224K), 0.0031330 secs] [Times: user=0.01 sys=0.00, real=0.01 secs] 
2504.706: [GC (Allocation Failure) [PSYoungGen: 64384K->1408K(66048K)] 406166K->343190K(820224K), 0.0017657 secs] [Times: user=0.01 sys=0.00, real=0.00 secs] 
2504.973: [GC (Allocation Failure) [PSYoungGen: 65408K->1424K(66048K)] 407190K->343206K(820224K), 0.0019897 secs] [Times: user=0.01 sys=0.00, real=0.00 secs] 
2505.494: [GC (Allocation Failure) [PSYoungGen: 65424K->1408K(66048K)] 407206K->343190K(820224K), 0.0018936 secs] [Times: user=0.00 sys=0.00, real=0.01 secs] 
2506.023: [GC (Allocation Failure) [PSYoungGen: 65408K->1376K(66048K)] 407190K->343158K(820224K), 0.0018979 secs] [Times: user=0.01 sys=0.00, real=0.00 secs] 
2506.555: [GC (Allocation Failure) [PSYoungGen: 65376K->1376K(66048K)] 407158K->343158K(820224K), 0.0020510 secs] [Times: user=0.00 sys=0.00, real=0.01 secs] 
2507.630: [GC (Allocation Failure) [PSYoungGen: 65376K->1424K(66048K)] 407158K->343206K(820224K), 0.0019127 secs] [Times: user=0.01 sys=0.00, real=0.00 secs] 
2508.423: [GC (Allocation Failure) [PSYoungGen: 65424K->1408K(66048K)] 407206K->343198K(820224K), 0.0022960 secs] [Times: user=0.01 sys=0.00, real=0.00 secs] 
2509.319: [GC (Allocation Failure) [PSYoungGen: 65408K->1424K(66048K)] 407198K->343214K(820224K), 0.0026149 secs] [Times: user=0.01 sys=0.00, real=0.00 secs] 
2510.144: [GC (Allocation Failure) [PSYoungGen: 65424K->1408K(66048K)] 407214K->343198K(820224K), 0.0035471 secs] [Times: user=0.01 sys=0.00, real=0.01 secs] 
2511.255: [GC (Allocation Failure) [PSYoungGen: 65408K->1405K(66048K)] 407198K->343195K(820224K), 0.0015719 secs] [Times: user=0.01 sys=0.00, real=0.01 secs] 
2511.917: [GC (Allocation Failure) [PSYoungGen: 65405K->1376K(66048K)] 407195K->343166K(820224K), 0.0020844 secs] [Times: user=0.01 sys=0.01, real=0.00 secs] 
2512.258: [GC (Allocation Failure) [PSYoungGen: 65376K->1376K(66048K)] 407166K->343166K(820224K), 0.0019194 secs] [Times: user=0.01 sys=0.00, real=0.00 secs] 
2512.736: [GC (Allocation Failure) [PSYoungGen: 65376K->1376K(66048K)] 407166K->343166K(820224K), 0.0020620 secs] [Times: user=0.01 sys=0.00, real=0.00 secs] 
2513.232: [GC (Allocation Failure) [PSYoungGen: 65376K->1424K(66048K)] 407166K->343214K(820224K), 0.0018656 secs] [Times: user=0.01 sys=0.00, real=0.00 secs] 
2514.203: [GC (Allocation Failure) [PSYoungGen: 65424K->1408K(66048K)] 407214K->343198K(820224K), 0.0018243 secs] [Times: user=0.01 sys=0.00, real=0.00 secs] 
2514.849: [GC (Allocation Failure) [PSYoungGen: 65408K->1408K(66048K)] 407198K->343198K(820224K), 0.0018699 secs] [Times: user=0.01 sys=0.00, real=0.00 secs] 
2515.399: [GC (Allocation Failure) [PSYoungGen: 65408K->1408K(66048K)] 407198K->343198K(820224K), 0.0022694 secs] [Times: user=0.01 sys=0.00, real=0.00 secs] 
2515.956: [GC (Allocation Failure) [PSYoungGen: 65408K->1376K(66048K)] 407198K->343166K(820224K), 0.0030931 secs] [Times: user=0.01 sys=0.00, real=0.00 secs] 
2516.347: [GC (Allocation Failure) [PSYoungGen: 65376K->1376K(66048K)] 407166K->343166K(820224K), 0.0021398 secs] [Times: user=0.01 sys=0.00, real=0.00 secs] 
2517.679: [GC (Allocation Failure) [PSYoungGen: 65376K->1456K(66048K)] 407166K->343246K(820224K), 0.0021280 secs] [Times: user=0.00 sys=0.00, real=0.00 secs] 
2518.341: [GC (Allocation Failure) [PSYoungGen: 65456K->1408K(66048K)] 407246K->343198K(820224K), 0.0027810 secs] [Times: user=0.01 sys=0.00, real=0.00 secs] 
2519.435: [GC (Allocation Failure) [PSYoungGen: 65408K->1376K(66048K)] 407198K->343182K(820224K), 0.0047373 secs] [Times: user=0.02 sys=0.00, real=0.01 secs] 
2520.674: [GC (Allocation Failure) [PSYoungGen: 65376K->1408K(66048K)] 407182K->343214K(820224K), 0.0044984 secs] [Times: user=0.02 sys=0.00, real=0.01 secs] 
2522.302: [GC (Allocation Failure) [PSYoungGen: 65408K->1421K(66048K)] 407214K->343227K(820224K), 0.0014622 secs] [Times: user=0.01 sys=0.00, real=0.00 secs] 
2523.095: [GC (Allocation Failure) [PSYoungGen: 65421K->1440K(66048K)] 407227K->343246K(820224K), 0.0021060 secs] [Times: user=0.01 sys=0.00, real=0.01 secs] 
2524.147: [GC (Allocation Failure) [PSYoungGen: 65440K->1408K(66048K)] 407246K->343214K(820224K), 0.0051978 secs] [Times: user=0.02 sys=0.00, real=0.00 secs] 
2524.958: [GC (Allocation Failure) [PSYoungGen: 65408K->1440K(66048K)] 407214K->343246K(820224K), 0.0031355 secs] [Times: user=0.01 sys=0.00, real=0.00 secs] 
2525.617: [GC (Allocation Failure) [PSYoungGen: 65440K->1408K(66048K)] 407246K->343214K(820224K), 0.0031374 secs] [Times: user=0.02 sys=0.00, real=0.00 secs] 
2527.047: [GC (Allocation Failure) [PSYoungGen: 65408K->1408K(66048K)] 407214K->343214K(820224K), 0.0019970 secs] [Times: user=0.01 sys=0.00, real=0.00 secs] 
2527.739: [GC (Allocation Failure) [PSYoungGen: 65408K->1408K(66048K)] 407214K->343214K(820224K), 0.0029470 secs] [Times: user=0.01 sys=0.00, real=0.00 secs] 
2528.404: [GC (Allocation Failure) [PSYoungGen: 65408K->1408K(66048K)] 407214K->343214K(820224K), 0.0033221 secs] [Times: user=0.02 sys=0.00, real=0.01 secs] 
2529.168: [GC (Allocation Failure) [PSYoungGen: 65408K->1408K(66048K)] 407214K->343214K(820224K), 0.0032390 secs] [Times: user=0.02 sys=0.00, real=0.00 secs] 
2530.017: [GC (Allocation Failure) [PSYoungGen: 65408K->1408K(66048K)] 407214K->343214K(820224K), 0.0036577 secs] [Times: user=0.01 sys=0.00, real=0.00 secs] 
2530.914: [GC (Allocation Failure) [PSYoungGen: 65408K->1440K(66048K)] 407214K->343246K(820224K), 0.0020122 secs] [Times: user=0.01 sys=0.00, real=0.01 secs] 
2531.190: [GC (Allocation Failure) [PSYoungGen: 65440K->1408K(65536K)] 407246K->343214K(819712K), 0.0021601 secs] [Times: user=0.01 sys=0.00, real=0.00 secs] 
2531.464: [GC (Allocation Failure) [PSYoungGen: 65408K->1392K(65536K)] 407214K->343214K(819712K), 0.0021104 secs] [Times: user=0.01 sys=0.00, real=0.01 secs] 
2531.738: [GC (Allocation Failure) [PSYoungGen: 65392K->384K(65024K)] 407214K->343230K(819200K), 0.0037741 secs] [Times: user=0.02 sys=0.00, real=0.00 secs] 
2532.536: [GC (Allocation Failure) [PSYoungGen: 64384K->1373K(66048K)] 407230K->344219K(820224K), 0.0014105 secs] [Times: user=0.01 sys=0.00, real=0.00 secs] 
2533.104: [GC (Allocation Failure) [PSYoungGen: 65373K->1408K(66048K)] 408219K->344262K(820224K), 0.0019153 secs] [Times: user=0.00 sys=0.00, real=0.01 secs] 
2533.371: [GC (Allocation Failure) [PSYoungGen: 65408K->1408K(66048K)] 408262K->344262K(820224K), 0.0019927 secs] [Times: user=0.01 sys=0.00, real=0.00 secs] 
2533.783: [GC (Allocation Failure) [PSYoungGen: 65408K->1424K(66048K)] 408262K->344278K(820224K), 0.0019729 secs] [Times: user=0.01 sys=0.00, real=0.00 secs] 
2534.228: [GC (Allocation Failure) [PSYoungGen: 65424K->1408K(66048K)] 408278K->344270K(820224K), 0.0020543 secs] [Times: user=0.01 sys=0.00, real=0.00 secs] 
2535.201: [GC (Allocation Failure) [PSYoungGen: 65408K->1440K(66048K)] 408270K->344302K(820224K), 0.0019373 secs] [Times: user=0.01 sys=0.00, real=0.00 secs] 
2535.599: [GC (Allocation Failure) [PSYoungGen: 65440K->1424K(66048K)] 408302K->344286K(820224K), 0.0020143 secs] [Times: user=0.01 sys=0.00, real=0.00 secs] 
2535.866: [GC (Allocation Failure) [PSYoungGen: 65424K->1408K(66048K)] 408286K->344270K(820224K), 0.0019867 secs] [Times: user=0.01 sys=0.00, real=0.00 secs] 
2536.132: [GC (Allocation Failure) [PSYoungGen: 65408K->1376K(66048K)] 408270K->344270K(820224K), 0.0020187 secs] [Times: user=0.00 sys=0.00, real=0.00 secs] 
2536.398: [GC (Allocation Failure) [PSYoungGen: 65376K->1376K(66048K)] 408270K->344270K(820224K), 0.0019495 secs] [Times: user=0.01 sys=0.00, real=0.00 secs] 
2537.243: [GC (Allocation Failure) [PSYoungGen: 65376K->1472K(66048K)] 408270K->344366K(820224K), 0.0029570 secs] [Times: user=0.01 sys=0.00, real=0.01 secs] 
2537.568: [GC (Allocation Failure) [PSYoungGen: 65472K->1408K(66048K)] 408366K->344302K(820224K), 0.0019928 secs] [Times: user=0.01 sys=0.00, real=0.00 secs] 
2537.834: [GC (Allocation Failure) [PSYoungGen: 65408K->1408K(66048K)] 408302K->344310K(820224K), 0.0019970 secs] [Times: user=0.00 sys=0.00, real=0.01 secs] 
2538.099: [GC (Allocation Failure) [PSYoungGen: 65408K->1408K(66048K)] 408310K->344310K(820224K), 0.0020276 secs] [Times: user=0.01 sys=0.00, real=0.00 secs] 
2538.957: [GC (Allocation Failure) [PSYoungGen: 65408K->1568K(66048K)] 408310K->344470K(820224K), 0.0019408 secs] [Times: user=0.01 sys=0.00, real=0.00 secs] 
2540.112: [GC (Allocation Failure) [PSYoungGen: 65568K->1376K(66048K)] 408470K->344278K(820224K), 0.0042388 secs] [Times: user=0.01 sys=0.01, real=0.01 secs] 
2540.933: [GC (Allocation Failure) [PSYoungGen: 65376K->1360K(66048K)] 408278K->344262K(820224K), 0.0048058 secs] [Times: user=0.02 sys=0.00, real=0.01 secs] 
2541.521: [GC (Allocation Failure) [PSYoungGen: 65360K->1408K(66048K)] 408262K->344310K(820224K), 0.0024787 secs] [Times: user=0.01 sys=0.00, real=0.00 secs] 
2542.085: [GC (Allocation Failure) [PSYoungGen: 65408K->1440K(66048K)] 408310K->344342K(820224K), 0.0023248 secs] [Times: user=0.01 sys=0.00, real=0.01 secs] 
2543.088: [GC (Allocation Failure) [PSYoungGen: 65440K->1440K(66048K)] 408342K->344342K(820224K), 0.0019172 secs] [Times: user=0.00 sys=0.00, real=0.00 secs] 
2543.354: [GC (Allocation Failure) [PSYoungGen: 65440K->1440K(66048K)] 408342K->344342K(820224K), 0.0020148 secs] [Times: user=0.01 sys=0.00, real=0.01 secs] 
2543.621: [GC (Allocation Failure) [PSYoungGen: 65440K->1424K(66048K)] 408342K->344326K(820224K), 0.0019443 secs] [Times: user=0.01 sys=0.00, real=0.00 secs] 
2543.887: [GC (Allocation Failure) [PSYoungGen: 65424K->1344K(66048K)] 408326K->344246K(820224K), 0.0019449 secs] [Times: user=0.01 sys=0.00, real=0.00 secs] 
2544.184: [GC (Allocation Failure) [PSYoungGen: 65344K->1341K(66048K)] 408246K->344243K(820224K), 0.0019416 secs] [Times: user=0.01 sys=0.00, real=0.01 secs] 
2545.319: [GC (Allocation Failure) [PSYoungGen: 65341K->1408K(66048K)] 408243K->344310K(820224K), 0.0019244 secs] [Times: user=0.01 sys=0.00, real=0.00 secs] 
2545.925: [GC (Allocation Failure) [PSYoungGen: 65408K->1408K(65536K)] 408310K->344310K(819712K), 0.0021227 secs] [Times: user=0.01 sys=0.00, real=0.01 secs] 
2546.500: [GC (Allocation Failure) [PSYoungGen: 65408K->1408K(65536K)] 408310K->344310K(819712K), 0.0021267 secs] [Times: user=0.01 sys=0.00, real=0.00 secs] 
2546.912: [GC (Allocation Failure) [PSYoungGen: 65408K->384K(65024K)] 408310K->344310K(819200K), 0.0019917 secs] [Times: user=0.01 sys=0.00, real=0.00 secs] 
2547.632: [GC (Allocation Failure) [PSYoungGen: 64384K->1696K(66048K)] 408310K->345622K(820224K), 0.0018977 secs] [Times: user=0.00 sys=0.00, real=0.00 secs] 
2548.390: [GC (Allocation Failure) [PSYoungGen: 65696K->1408K(66048K)] 409622K->345342K(820224K), 0.0021295 secs] [Times: user=0.01 sys=0.00, real=0.00 secs] 
2549.322: [GC (Allocation Failure) [PSYoungGen: 65408K->1408K(66048K)] 409342K->345342K(820224K), 0.0042137 secs] [Times: user=0.02 sys=0.00, real=0.01 secs] 
2550.266: [GC (Allocation Failure) [PSYoungGen: 65408K->1376K(66048K)] 409342K->345310K(820224K), 0.0033347 secs] [Times: user=0.01 sys=0.00, real=0.00 secs] 
2551.004: [GC (Allocation Failure) [PSYoungGen: 65376K->1440K(66048K)] 409310K->345374K(820224K), 0.0030522 secs] [Times: user=0.01 sys=0.00, real=0.01 secs] 
2551.998: [GC (Allocation Failure) [PSYoungGen: 65440K->1440K(66048K)] 409374K->345374K(820224K), 0.0018357 secs] [Times: user=0.01 sys=0.00, real=0.00 secs] 
2552.502: [GC (Allocation Failure) [PSYoungGen: 65440K->1408K(66048K)] 409374K->345342K(820224K), 0.0020108 secs] [Times: user=0.01 sys=0.00, real=0.00 secs] 
2553.259: [GC (Allocation Failure) [PSYoungGen: 65408K->1408K(66048K)] 409342K->345342K(820224K), 0.0029156 secs] [Times: user=0.01 sys=0.00, real=0.00 secs] 
2554.055: [GC (Allocation Failure) [PSYoungGen: 65408K->1424K(66048K)] 409342K->345358K(820224K), 0.0032046 secs] [Times: user=0.01 sys=0.00, real=0.01 secs] 
2554.939: [GC (Allocation Failure) [PSYoungGen: 65424K->1373K(66048K)] 409358K->345307K(820224K), 0.0021697 secs] [Times: user=0.01 sys=0.00, real=0.00 secs] 
2555.656: [GC (Allocation Failure) [PSYoungGen: 65373K->1456K(66048K)] 409307K->345390K(820224K), 0.0020111 secs] [Times: user=0.01 sys=0.00, real=0.00 secs] 
2556.221: [GC (Allocation Failure) [PSYoungGen: 65456K->1376K(66048K)] 409390K->345310K(820224K), 0.0015883 secs] [Times: user=0.01 sys=0.00, real=0.00 secs] 
2557.082: [GC (Allocation Failure) [PSYoungGen: 65376K->1376K(66048K)] 409310K->345310K(820224K), 0.0036787 secs] [Times: user=0.02 sys=0.00, real=0.01 secs] 
2557.901: [GC (Allocation Failure) [PSYoungGen: 65376K->1392K(66048K)] 409310K->345326K(820224K), 0.0045968 secs] [Times: user=0.02 sys=0.00, real=0.01 secs] 
2559.117: [GC (Allocation Failure) [PSYoungGen: 65392K->1920K(66048K)] 409326K->345862K(820224K), 0.0017862 secs] [Times: user=0.01 sys=0.00, real=0.00 secs] 
2559.704: [GC (Allocation Failure) [PSYoungGen: 65920K->1408K(66048K)] 409862K->345350K(820224K), 0.0022808 secs] [Times: user=0.01 sys=0.00, real=0.01 secs] 
2560.407: [GC (Allocation Failure) [PSYoungGen: 65408K->1392K(66048K)] 409350K->345350K(820224K), 0.0020930 secs] [Times: user=0.01 sys=0.00, real=0.00 secs] 
2561.085: [GC (Allocation Failure) [PSYoungGen: 65392K->1408K(66048K)] 409350K->345366K(820224K), 0.0027479 secs] [Times: user=0.01 sys=0.00, real=0.01 secs] 
2561.701: [GC (Allocation Failure) [PSYoungGen: 65408K->1408K(66048K)] 409366K->345366K(820224K), 0.0023280 secs] [Times: user=0.01 sys=0.00, real=0.00 secs] 
2562.668: [GC (Allocation Failure) [PSYoungGen: 65408K->1408K(66048K)] 409366K->345366K(820224K), 0.0018291 secs] [Times: user=0.01 sys=0.00, real=0.00 secs] 
2563.278: [GC (Allocation Failure) [PSYoungGen: 65408K->1344K(66048K)] 409366K->345302K(820224K), 0.0019551 secs] [Times: user=0.01 sys=0.00, real=0.00 secs] 
2564.022: [GC (Allocation Failure) [PSYoungGen: 65344K->1360K(66048K)] 409302K->345318K(820224K), 0.0021941 secs] [Times: user=0.00 sys=0.00, real=0.00 secs] 
2564.860: [GC (Allocation Failure) [PSYoungGen: 65360K->1376K(66048K)] 409318K->345334K(820224K), 0.0044974 secs] [Times: user=0.02 sys=0.00, real=0.00 secs] 
2566.073: [GC (Allocation Failure) [PSYoungGen: 65376K->1341K(66048K)] 409334K->345299K(820224K), 0.0021016 secs] [Times: user=0.01 sys=0.00, real=0.00 secs] 
2566.975: [GC (Allocation Failure) [PSYoungGen: 65341K->1440K(66048K)] 409299K->345398K(820224K), 0.0019905 secs] [Times: user=0.01 sys=0.00, real=0.01 secs] 
2567.605: [GC (Allocation Failure) [PSYoungGen: 65440K->1408K(66048K)] 409398K->345366K(820224K), 0.0025777 secs] [Times: user=0.01 sys=0.00, real=0.00 secs] 
2568.330: [GC (Allocation Failure) [PSYoungGen: 65408K->1376K(66048K)] 409366K->345342K(820224K), 0.0027424 secs] [Times: user=0.01 sys=0.00, real=0.00 secs] 
2569.036: [GC (Allocation Failure) [PSYoungGen: 65376K->1408K(66048K)] 409342K->345374K(820224K), 0.0039915 secs] [Times: user=0.01 sys=0.00, real=0.00 secs] 
2570.136: [GC (Allocation Failure) [PSYoungGen: 65408K->1920K(66048K)] 409374K->345886K(820224K), 0.0019094 secs] [Times: user=0.01 sys=0.00, real=0.00 secs] 
2570.714: [GC (Allocation Failure) [PSYoungGen: 65920K->1344K(66048K)] 409886K->345318K(820224K), 0.0025389 secs] [Times: user=0.01 sys=0.00, real=0.01 secs] 
2571.273: [GC (Allocation Failure) [PSYoungGen: 65344K->1408K(66048K)] 409318K->345382K(820224K), 0.0023596 secs] [Times: user=0.00 sys=0.00, real=0.00 secs] 
2571.695: [GC (Allocation Failure) [PSYoungGen: 65408K->1376K(66048K)] 409382K->345350K(820224K), 0.0024521 secs] [Times: user=0.01 sys=0.01, real=0.00 secs] 
2572.089: [GC (Allocation Failure) [PSYoungGen: 65376K->1408K(66048K)] 409350K->345382K(820224K), 0.0023399 secs] [Times: user=0.01 sys=0.00, real=0.00 secs] 
2573.628: [GC (Allocation Failure) [PSYoungGen: 65408K->1408K(66048K)] 409382K->345382K(820224K), 0.0057188 secs] [Times: user=0.02 sys=0.00, real=0.00 secs] 
2574.869: [GC (Allocation Failure) [PSYoungGen: 65408K->1472K(66048K)] 409382K->345446K(820224K), 0.0039422 secs] [Times: user=0.02 sys=0.00, real=0.00 secs] 
2575.450: [GC (Allocation Failure) [PSYoungGen: 65472K->1376K(66048K)] 409446K->345350K(820224K), 0.0028029 secs] [Times: user=0.01 sys=0.00, real=0.00 secs] 
2575.980: [GC (Allocation Failure) [PSYoungGen: 65376K->1408K(66048K)] 409350K->345382K(820224K), 0.0026090 secs] [Times: user=0.01 sys=0.00, real=0.00 secs] 
2577.095: [GC (Allocation Failure) [PSYoungGen: 65408K->1341K(66048K)] 409382K->345315K(820224K), 0.0015137 secs] [Times: user=0.00 sys=0.00, real=0.01 secs] 
2577.995: [GC (Allocation Failure) [PSYoungGen: 65341K->1440K(66048K)] 409315K->345414K(820224K), 0.0020423 secs] [Times: user=0.00 sys=0.00, real=0.01 secs] 
2578.599: [GC (Allocation Failure) [PSYoungGen: 65440K->1408K(66048K)] 409414K->345382K(820224K), 0.0040954 secs] [Times: user=0.01 sys=0.00, real=0.00 secs] 
2579.174: [GC (Allocation Failure) [PSYoungGen: 65408K->1408K(66048K)] 409382K->345382K(820224K), 0.0024444 secs] [Times: user=0.01 sys=0.00, real=0.01 secs] 
2579.608: [GC (Allocation Failure) [PSYoungGen: 65408K->1344K(66048K)] 409382K->345342K(820224K), 0.0032637 secs] [Times: user=0.02 sys=0.00, real=0.00 secs] 
2580.623: [GC (Allocation Failure) [PSYoungGen: 65344K->1440K(66048K)] 409342K->345438K(820224K), 0.0017406 secs] [Times: user=0.00 sys=0.00, real=0.00 secs] 
2581.475: [GC (Allocation Failure) [PSYoungGen: 65440K->1360K(66048K)] 409438K->345358K(820224K), 0.0018167 secs] [Times: user=0.01 sys=0.00, real=0.00 secs] 
2582.203: [GC (Allocation Failure) [PSYoungGen: 65360K->1408K(66048K)] 409358K->345406K(820224K), 0.0033816 secs] [Times: user=0.01 sys=0.00, real=0.01 secs] 
2582.804: [GC (Allocation Failure) [PSYoungGen: 65408K->1440K(66048K)] 409406K->345438K(820224K), 0.0041849 secs] [Times: user=0.02 sys=0.00, real=0.01 secs] 
2583.338: [GC (Allocation Failure) [PSYoungGen: 65440K->1376K(65536K)] 409438K->345374K(819712K), 0.0029188 secs] [Times: user=0.01 sys=0.00, real=0.00 secs] 
2584.543: [GC (Allocation Failure) [PSYoungGen: 65376K->1408K(65536K)] 409374K->345406K(819712K), 0.0048665 secs] [Times: user=0.02 sys=0.00, real=0.01 secs] 
2585.233: [GC (Allocation Failure) [PSYoungGen: 65408K->1408K(65536K)] 409406K->345406K(819712K), 0.0033824 secs] [Times: user=0.02 sys=0.00, real=0.01 secs] 
2585.920: [GC (Allocation Failure) [PSYoungGen: 65408K->1408K(65536K)] 409406K->345406K(819712K), 0.0033423 secs] [Times: user=0.02 sys=0.00, real=0.00 secs] 
2586.871: [GC (Allocation Failure) [PSYoungGen: 65408K->1440K(65536K)] 409406K->345438K(819712K), 0.0039185 secs] [Times: user=0.02 sys=0.00, real=0.00 secs] 
2587.751: [GC (Allocation Failure) [PSYoungGen: 65440K->1405K(65536K)] 409438K->345403K(819712K), 0.0014391 secs] [Times: user=0.01 sys=0.00, real=0.00 secs] 
2588.591: [GC (Allocation Failure) [PSYoungGen: 65405K->1408K(65536K)] 409403K->345406K(819712K), 0.0022216 secs] [Times: user=0.01 sys=0.00, real=0.00 secs] 
2589.237: [GC (Allocation Failure) [PSYoungGen: 65408K->1424K(65536K)] 409406K->345422K(819712K), 0.0043432 secs] [Times: user=0.02 sys=0.00, real=0.00 secs] 
2589.615: [GC (Allocation Failure) [PSYoungGen: 65424K->1408K(65536K)] 409422K->345414K(819712K), 0.0025931 secs] [Times: user=0.01 sys=0.00, real=0.01 secs] 
2590.066: [GC (Allocation Failure) [PSYoungGen: 65408K->1424K(65536K)] 409414K->345430K(819712K), 0.0021056 secs] [Times: user=0.01 sys=0.00, real=0.00 secs] 
2591.360: [GC (Allocation Failure) [PSYoungGen: 65424K->1408K(65536K)] 409430K->345414K(819712K), 0.0026577 secs] [Times: user=0.01 sys=0.01, real=0.00 secs] 
2592.341: [GC (Allocation Failure) [PSYoungGen: 65408K->1440K(65536K)] 409414K->345446K(819712K), 0.0042107 secs] [Times: user=0.01 sys=0.00, real=0.00 secs] 
2592.935: [GC (Allocation Failure) [PSYoungGen: 65440K->1408K(65536K)] 409446K->345414K(819712K), 0.0024934 secs] [Times: user=0.01 sys=0.00, real=0.00 secs] 
2593.561: [GC (Allocation Failure) [PSYoungGen: 65408K->1424K(65536K)] 409414K->345430K(819712K), 0.0024249 secs] [Times: user=0.01 sys=0.00, real=0.00 secs] 
2594.251: [GC (Allocation Failure) [PSYoungGen: 65424K->1408K(65536K)] 409430K->345414K(819712K), 0.0041417 secs] [Times: user=0.02 sys=0.00, real=0.00 secs] 
2595.284: [GC (Allocation Failure) [PSYoungGen: 65408K->1408K(65536K)] 409414K->345414K(819712K), 0.0019837 secs] [Times: user=0.01 sys=0.00, real=0.01 secs] 
2595.914: [GC (Allocation Failure) [PSYoungGen: 65408K->1408K(65536K)] 409414K->345414K(819712K), 0.0041786 secs] [Times: user=0.02 sys=0.00, real=0.01 secs] 
2596.446: [GC (Allocation Failure) [PSYoungGen: 65408K->1392K(65536K)] 409414K->345398K(819712K), 0.0023351 secs] [Times: user=0.01 sys=0.00, real=0.00 secs] 
2596.802: [GC (Allocation Failure) [PSYoungGen: 65392K->1408K(65536K)] 409398K->345414K(819712K), 0.0021282 secs] [Times: user=0.00 sys=0.01, real=0.00 secs] 
2597.380: [GC (Allocation Failure) [PSYoungGen: 65408K->1421K(65536K)] 409414K->345427K(819712K), 0.0015120 secs] [Times: user=0.01 sys=0.00, real=0.00 secs] 
2598.020: [GC (Allocation Failure) [PSYoungGen: 65421K->1472K(65536K)] 409427K->345478K(819712K), 0.0017371 secs] [Times: user=0.00 sys=0.00, real=0.00 secs] 
2598.526: [GC (Allocation Failure) [PSYoungGen: 65472K->1408K(65536K)] 409478K->345430K(819712K), 0.0019242 secs] [Times: user=0.01 sys=0.00, real=0.00 secs] 
2599.123: [GC (Allocation Failure) [PSYoungGen: 65408K->1408K(65536K)] 409430K->345430K(819712K), 0.0033628 secs] [Times: user=0.01 sys=0.00, real=0.01 secs] 
2599.683: [GC (Allocation Failure) [PSYoungGen: 65408K->1408K(65536K)] 409430K->345430K(819712K), 0.0028616 secs] [Times: user=0.02 sys=0.00, real=0.01 secs] 
2600.680: [GC (Allocation Failure) [PSYoungGen: 65408K->1376K(65536K)] 409430K->345398K(819712K), 0.0028028 secs] [Times: user=0.00 sys=0.00, real=0.00 secs] 
2601.492: [GC (Allocation Failure) [PSYoungGen: 65376K->1376K(65536K)] 409398K->345398K(819712K), 0.0021605 secs] [Times: user=0.01 sys=0.00, real=0.00 secs] 
2602.486: [GC (Allocation Failure) [PSYoungGen: 65376K->1376K(65536K)] 409398K->345398K(819712K), 0.0028334 secs] [Times: user=0.02 sys=0.00, real=0.00 secs] 
2603.549: [GC (Allocation Failure) [PSYoungGen: 65376K->1408K(65536K)] 409398K->345430K(819712K), 0.0044528 secs] [Times: user=0.02 sys=0.00, real=0.00 secs] 
2604.147: [GC (Allocation Failure) [PSYoungGen: 65408K->1408K(65536K)] 409430K->345430K(819712K), 0.0028324 secs] [Times: user=0.01 sys=0.00, real=0.00 secs] 
2605.953: [GC (Allocation Failure) [PSYoungGen: 65408K->1408K(65536K)] 409430K->345430K(819712K), 0.0043850 secs] [Times: user=0.01 sys=0.00, real=0.01 secs] 
2607.330: [GC (Allocation Failure) [PSYoungGen: 65408K->1392K(65536K)] 409430K->345414K(819712K), 0.0058397 secs] [Times: user=0.02 sys=0.00, real=0.01 secs] 
2607.988: [GC (Allocation Failure) [PSYoungGen: 65392K->1440K(65536K)] 409414K->345462K(819712K), 0.0031609 secs] [Times: user=0.01 sys=0.00, real=0.00 secs] 
2608.254: [GC (Allocation Failure) [PSYoungGen: 65440K->1344K(65536K)] 409462K->345366K(819712K), 0.0019246 secs] [Times: user=0.01 sys=0.00, real=0.01 secs] 
2608.885: [GC (Allocation Failure) [PSYoungGen: 65344K->1341K(65536K)] 409366K->345363K(819712K), 0.0016709 secs] [Times: user=0.00 sys=0.00, real=0.00 secs] 
2609.289: [GC (Allocation Failure) [PSYoungGen: 65341K->1472K(65536K)] 409363K->345494K(819712K), 0.0019570 secs] [Times: user=0.01 sys=0.01, real=0.00 secs] 
2609.555: [GC (Allocation Failure) [PSYoungGen: 65472K->1408K(65536K)] 409494K->345430K(819712K), 0.0018617 secs] [Times: user=0.00 sys=0.00, real=0.00 secs] 
2609.924: [GC (Allocation Failure) [PSYoungGen: 65408K->1408K(65536K)] 409430K->345438K(819712K), 0.0020201 secs] [Times: user=0.01 sys=0.00, real=0.01 secs] 
2610.419: [GC (Allocation Failure) [PSYoungGen: 65408K->1440K(65536K)] 409438K->345470K(819712K), 0.0019322 secs] [Times: user=0.01 sys=0.00, real=0.00 secs] 
2611.279: [GC (Allocation Failure) [PSYoungGen: 65440K->1440K(65536K)] 409470K->345470K(819712K), 0.0018996 secs] [Times: user=0.01 sys=0.00, real=0.00 secs] 
2611.544: [GC (Allocation Failure) [PSYoungGen: 65440K->1376K(65536K)] 409470K->345406K(819712K), 0.0019194 secs] [Times: user=0.01 sys=0.00, real=0.01 secs] 
2612.016: [GC (Allocation Failure) [PSYoungGen: 65376K->1376K(65536K)] 409406K->345406K(819712K), 0.0041495 secs] [Times: user=0.02 sys=0.00, real=0.00 secs] 
2612.556: [GC (Allocation Failure) [PSYoungGen: 65376K->1344K(65536K)] 409406K->345374K(819712K), 0.0033717 secs] [Times: user=0.02 sys=0.01, real=0.00 secs] 
2613.133: [GC (Allocation Failure) [PSYoungGen: 65344K->1376K(65536K)] 409374K->345406K(819712K), 0.0033850 secs] [Times: user=0.02 sys=0.00, real=0.01 secs] 
2614.241: [GC (Allocation Failure) [PSYoungGen: 65376K->1440K(65536K)] 409406K->345470K(819712K), 0.0019435 secs] [Times: user=0.01 sys=0.00, real=0.00 secs] 
2614.881: [GC (Allocation Failure) [PSYoungGen: 65440K->1440K(65536K)] 409470K->345470K(819712K), 0.0024793 secs] [Times: user=0.01 sys=0.00, real=0.00 secs] 
2615.662: [GC (Allocation Failure) [PSYoungGen: 65440K->1376K(65536K)] 409470K->345406K(819712K), 0.0032918 secs] [Times: user=0.02 sys=0.00, real=0.01 secs] 
2616.387: [GC (Allocation Failure) [PSYoungGen: 65376K->1376K(65536K)] 409406K->345406K(819712K), 0.0033589 secs] [Times: user=0.01 sys=0.00, real=0.00 secs] 
2617.417: [GC (Allocation Failure) [PSYoungGen: 65376K->1373K(65536K)] 409406K->345427K(819712K), 0.0014686 secs] [Times: user=0.01 sys=0.00, real=0.00 secs] 
2617.735: [GC (Allocation Failure) [PSYoungGen: 65373K->1408K(65536K)] 409427K->345462K(819712K), 0.0019454 secs] [Times: user=0.01 sys=0.00, real=0.01 secs] 
2618.002: [GC (Allocation Failure) [PSYoungGen: 65408K->1440K(65536K)] 409462K->345494K(819712K), 0.0019243 secs] [Times: user=0.01 sys=0.00, real=0.00 secs] 
2618.267: [GC (Allocation Failure) [PSYoungGen: 65440K->1344K(65536K)] 409494K->345398K(819712K), 0.0019801 secs] [Times: user=0.01 sys=0.00, real=0.00 secs] 
2618.533: [GC (Allocation Failure) [PSYoungGen: 65344K->1408K(65536K)] 409398K->345462K(819712K), 0.0018382 secs] [Times: user=0.01 sys=0.00, real=0.00 secs] 
2619.552: [GC (Allocation Failure) [PSYoungGen: 65408K->1424K(65536K)] 409462K->345478K(819712K), 0.0026523 secs] [Times: user=0.01 sys=0.00, real=0.00 secs] 
2620.060: [GC (Allocation Failure) [PSYoungGen: 65424K->1376K(65536K)] 409478K->345430K(819712K), 0.0022081 secs] [Times: user=0.01 sys=0.00, real=0.00 secs] 
2620.326: [GC (Allocation Failure) [PSYoungGen: 65376K->1376K(65536K)] 409430K->345430K(819712K), 0.0019531 secs] [Times: user=0.00 sys=0.00, real=0.00 secs] 
2620.651: [GC (Allocation Failure) [PSYoungGen: 65376K->1392K(65536K)] 409430K->345446K(819712K), 0.0020160 secs] [Times: user=0.01 sys=0.00, real=0.00 secs] 
2620.980: [GC (Allocation Failure) [PSYoungGen: 65392K->1408K(65536K)] 409446K->345462K(819712K), 0.0020616 secs] [Times: user=0.01 sys=0.00, real=0.00 secs] 
2621.763: [GC (Allocation Failure) [PSYoungGen: 65408K->1408K(65536K)] 409462K->345462K(819712K), 0.0019938 secs] [Times: user=0.01 sys=0.00, real=0.00 secs] 
2622.080: [GC (Allocation Failure) [PSYoungGen: 65408K->1376K(65536K)] 409462K->345430K(819712K), 0.0021350 secs] [Times: user=0.00 sys=0.00, real=0.00 secs] 
2622.377: [GC (Allocation Failure) [PSYoungGen: 65376K->1392K(65536K)] 409430K->345446K(819712K), 0.0022591 secs] [Times: user=0.01 sys=0.00, real=0.00 secs] 
2622.838: [GC (Allocation Failure) [PSYoungGen: 65392K->1376K(65536K)] 409446K->345430K(819712K), 0.0021977 secs] [Times: user=0.01 sys=0.00, real=0.00 secs] 
2623.715: [GC (Allocation Failure) [PSYoungGen: 65376K->1520K(65536K)] 409430K->345582K(819712K), 0.0018233 secs] [Times: user=0.01 sys=0.00, real=0.01 secs] 
2623.997: [GC (Allocation Failure) [PSYoungGen: 65520K->1392K(65536K)] 409582K->345454K(819712K), 0.0018877 secs] [Times: user=0.01 sys=0.00, real=0.00 secs] 
2624.534: [GC (Allocation Failure) [PSYoungGen: 65392K->1376K(65536K)] 409454K->345438K(819712K), 0.0018042 secs] [Times: user=0.00 sys=0.00, real=0.01 secs] 
2625.078: [GC (Allocation Failure) [PSYoungGen: 65376K->1408K(65536K)] 409438K->345470K(819712K), 0.0019707 secs] [Times: user=0.01 sys=0.00, real=0.00 secs] 
2625.680: [GC (Allocation Failure) [PSYoungGen: 65408K->1344K(65536K)] 409470K->345430K(819712K), 0.0020650 secs] [Times: user=0.01 sys=0.00, real=0.00 secs] 
2626.696: [GC (Allocation Failure) [PSYoungGen: 65344K->1440K(65536K)] 409430K->345526K(819712K), 0.0020708 secs] [Times: user=0.01 sys=0.00, real=0.00 secs] 
2627.231: [GC (Allocation Failure) [PSYoungGen: 65440K->1440K(65536K)] 409526K->345526K(819712K), 0.0020522 secs] [Times: user=0.01 sys=0.00, real=0.00 secs] 
2627.544: [GC (Allocation Failure) [PSYoungGen: 65440K->1408K(65536K)] 409526K->345494K(819712K), 0.0020265 secs] [Times: user=0.00 sys=0.00, real=0.01 secs] 
2628.032: [GC (Allocation Failure) [PSYoungGen: 65408K->1440K(65536K)] 409494K->345526K(819712K), 0.0020120 secs] [Times: user=0.01 sys=0.00, real=0.00 secs] 
2628.531: [GC (Allocation Failure) [PSYoungGen: 65440K->288K(65536K)] 409526K->344374K(819712K), 0.0023283 secs] [Times: user=0.01 sys=0.00, real=0.00 secs] 
2629.501: [GC (Allocation Failure) [PSYoungGen: 64288K->1408K(66048K)] 408374K->345494K(820224K), 0.0020371 secs] [Times: user=0.01 sys=0.00, real=0.00 secs] 
2629.923: [GC (Allocation Failure) [PSYoungGen: 65408K->1408K(66048K)] 409494K->345494K(820224K), 0.0021284 secs] [Times: user=0.01 sys=0.00, real=0.00 secs] 
2630.193: [GC (Allocation Failure) [PSYoungGen: 65408K->1376K(66048K)] 409494K->345462K(820224K), 0.0027163 secs] [Times: user=0.01 sys=0.00, real=0.01 secs] 
2630.588: [GC (Allocation Failure) [PSYoungGen: 65376K->1376K(66048K)] 409462K->345462K(820224K), 0.0022118 secs] [Times: user=0.01 sys=0.00, real=0.00 secs] 
2631.826: [GC (Allocation Failure) [PSYoungGen: 65376K->1696K(66048K)] 409462K->345782K(820224K), 0.0019959 secs] [Times: user=0.01 sys=0.00, real=0.00 secs] 
2632.568: [GC (Allocation Failure) [PSYoungGen: 65696K->1408K(66048K)] 409782K->345494K(820224K), 0.0021635 secs] [Times: user=0.01 sys=0.00, real=0.00 secs] 
2633.024: [GC (Allocation Failure) [PSYoungGen: 65408K->1376K(66048K)] 409494K->345462K(820224K), 0.0029558 secs] [Times: user=0.01 sys=0.00, real=0.01 secs] 
2633.292: [GC (Allocation Failure) [PSYoungGen: 65376K->1440K(66048K)] 409462K->345526K(820224K), 0.0021485 secs] [Times: user=0.01 sys=0.00, real=0.00 secs] 
2633.651: [GC (Allocation Failure) [PSYoungGen: 65440K->1376K(66048K)] 409526K->345462K(820224K), 0.0019466 secs] [Times: user=0.00 sys=0.00, real=0.00 secs] 
2635.479: [GC (Allocation Failure) [PSYoungGen: 65376K->1440K(66048K)] 409462K->345526K(820224K), 0.0044554 secs] [Times: user=0.02 sys=0.00, real=0.00 secs] 
2636.502: [GC (Allocation Failure) [PSYoungGen: 65440K->1440K(66048K)] 409526K->345526K(820224K), 0.0032796 secs] [Times: user=0.01 sys=0.00, real=0.00 secs] 
2637.094: [GC (Allocation Failure) [PSYoungGen: 65440K->1408K(66048K)] 409526K->345494K(820224K), 0.0034024 secs] [Times: user=0.01 sys=0.00, real=0.01 secs] 
2637.835: [GC (Allocation Failure) [PSYoungGen: 65408K->1440K(66048K)] 409494K->345526K(820224K), 0.0033460 secs] [Times: user=0.02 sys=0.00, real=0.01 secs] 
2638.666: [GC (Allocation Failure) [PSYoungGen: 65440K->1389K(66048K)] 409526K->345475K(820224K), 0.0025910 secs] [Times: user=0.01 sys=0.00, real=0.00 secs] 
2639.639: [GC (Allocation Failure) [PSYoungGen: 65389K->1440K(66048K)] 409475K->345534K(820224K), 0.0018515 secs] [Times: user=0.00 sys=0.00, real=0.00 secs] 
2639.906: [GC (Allocation Failure) [PSYoungGen: 65440K->1344K(66048K)] 409534K->345438K(820224K), 0.0023330 secs] [Times: user=0.01 sys=0.00, real=0.00 secs] 
2640.173: [GC (Allocation Failure) [PSYoungGen: 65344K->1376K(66048K)] 409438K->345470K(820224K), 0.0033034 secs] [Times: user=0.01 sys=0.00, real=0.01 secs] 
2640.543: [GC (Allocation Failure) [PSYoungGen: 65376K->1408K(66048K)] 409470K->345502K(820224K), 0.0027723 secs] [Times: user=0.01 sys=0.00, real=0.01 secs] 
2641.467: [GC (Allocation Failure) [PSYoungGen: 65408K->1920K(66048K)] 409502K->346014K(820224K), 0.0025152 secs] [Times: user=0.01 sys=0.00, real=0.00 secs] 
2641.988: [GC (Allocation Failure) [PSYoungGen: 65920K->1424K(66048K)] 410014K->345518K(820224K), 0.0033378 secs] [Times: user=0.01 sys=0.00, real=0.00 secs] 
2642.401: [GC (Allocation Failure) [PSYoungGen: 65424K->1440K(66048K)] 409518K->345534K(820224K), 0.0023453 secs] [Times: user=0.01 sys=0.00, real=0.00 secs] 
2642.771: [GC (Allocation Failure) [PSYoungGen: 65440K->1408K(66048K)] 409534K->345502K(820224K), 0.0022530 secs] [Times: user=0.01 sys=0.00, real=0.00 secs] 
2643.367: [GC (Allocation Failure) [PSYoungGen: 65408K->1424K(66048K)] 409502K->345518K(820224K), 0.0021852 secs] [Times: user=0.01 sys=0.00, real=0.00 secs] 
2644.471: [GC (Allocation Failure) [PSYoungGen: 65424K->1408K(66048K)] 409518K->345502K(820224K), 0.0029476 secs] [Times: user=0.01 sys=0.00, real=0.00 secs] 
2645.357: [GC (Allocation Failure) [PSYoungGen: 65408K->1376K(66048K)] 409502K->345470K(820224K), 0.0046415 secs] [Times: user=0.02 sys=0.00, real=0.00 secs] 
2645.955: [GC (Allocation Failure) [PSYoungGen: 65376K->1392K(66048K)] 409470K->345486K(820224K), 0.0033590 secs] [Times: user=0.01 sys=0.00, real=0.01 secs] 
2646.596: [GC (Allocation Failure) [PSYoungGen: 65392K->1440K(66048K)] 409486K->345534K(820224K), 0.0033575 secs] [Times: user=0.02 sys=0.00, real=0.00 secs] 
2647.454: [GC (Allocation Failure) [PSYoungGen: 65440K->1373K(66048K)] 409534K->345467K(820224K), 0.0020020 secs] [Times: user=0.01 sys=0.00, real=0.01 secs] 
2648.510: [GC (Allocation Failure) [PSYoungGen: 65373K->1408K(66048K)] 409467K->345518K(820224K), 0.0018781 secs] [Times: user=0.01 sys=0.00, real=0.00 secs] 
2649.218: [GC (Allocation Failure) [PSYoungGen: 65408K->1360K(66048K)] 409518K->345478K(820224K), 0.0059019 secs] [Times: user=0.02 sys=0.00, real=0.00 secs] 
2649.716: [GC (Allocation Failure) [PSYoungGen: 65360K->1408K(66048K)] 409478K->345526K(820224K), 0.0017590 secs] [Times: user=0.01 sys=0.00, real=0.00 secs] 
2650.180: [GC (Allocation Failure) [PSYoungGen: 65408K->1344K(66048K)] 409526K->345462K(820224K), 0.0018581 secs] [Times: user=0.01 sys=0.00, real=0.00 secs] 
2651.036: [GC (Allocation Failure) [PSYoungGen: 65344K->1920K(66048K)] 409462K->346038K(820224K), 0.0018581 secs] [Times: user=0.01 sys=0.00, real=0.00 secs] 
2651.654: [GC (Allocation Failure) [PSYoungGen: 65920K->1376K(66048K)] 410038K->345494K(820224K), 0.0019523 secs] [Times: user=0.01 sys=0.00, real=0.01 secs] 
2652.417: [GC (Allocation Failure) [PSYoungGen: 65376K->1408K(66048K)] 409494K->345542K(820224K), 0.0019385 secs] [Times: user=0.01 sys=0.00, real=0.00 secs] 
2653.303: [GC (Allocation Failure) [PSYoungGen: 65408K->1376K(66048K)] 409542K->345510K(820224K), 0.0018683 secs] [Times: user=0.01 sys=0.00, real=0.00 secs] 
2654.247: [GC (Allocation Failure) [PSYoungGen: 65376K->1408K(66048K)] 409510K->345542K(820224K), 0.0018364 secs] [Times: user=0.01 sys=0.00, real=0.00 secs] 
2655.570: [GC (Allocation Failure) [PSYoungGen: 65408K->1440K(66048K)] 409542K->345574K(820224K), 0.0017874 secs] [Times: user=0.01 sys=0.00, real=0.00 secs] 
2656.012: [GC (Allocation Failure) [PSYoungGen: 65440K->1376K(66048K)] 409574K->345510K(820224K), 0.0020712 secs] [Times: user=0.01 sys=0.00, real=0.00 secs] 
2656.370: [GC (Allocation Failure) [PSYoungGen: 65376K->1392K(66048K)] 409510K->345534K(820224K), 0.0033715 secs] [Times: user=0.01 sys=0.00, real=0.00 secs] 
2656.836: [GC (Allocation Failure) [PSYoungGen: 65392K->1408K(66048K)] 409534K->345550K(820224K), 0.0027174 secs] [Times: user=0.01 sys=0.00, real=0.00 secs] 
2657.583: [GC (Allocation Failure) [PSYoungGen: 65408K->1373K(66048K)] 409550K->345515K(820224K), 0.0022323 secs] [Times: user=0.01 sys=0.00, real=0.01 secs] 
2658.346: [GC (Allocation Failure) [PSYoungGen: 65373K->1440K(66048K)] 409515K->345582K(820224K), 0.0028225 secs] [Times: user=0.01 sys=0.00, real=0.00 secs] 
2658.717: [GC (Allocation Failure) [PSYoungGen: 65440K->1376K(66048K)] 409582K->345534K(820224K), 0.0025882 secs] [Times: user=0.01 sys=0.00, real=0.00 secs] 
2659.124: [GC (Allocation Failure) [PSYoungGen: 65376K->1440K(66048K)] 409534K->345598K(820224K), 0.0026449 secs] [Times: user=0.01 sys=0.00, real=0.01 secs] 
2659.564: [GC (Allocation Failure) [PSYoungGen: 65440K->1376K(66048K)] 409598K->345534K(820224K), 0.0027846 secs] [Times: user=0.01 sys=0.00, real=0.01 secs] 
2660.475: [GC (Allocation Failure) [PSYoungGen: 65376K->1920K(66048K)] 409534K->346078K(820224K), 0.0018947 secs] [Times: user=0.01 sys=0.00, real=0.01 secs] 
2660.745: [GC (Allocation Failure) [PSYoungGen: 65920K->1376K(66048K)] 410078K->345534K(820224K), 0.0018520 secs] [Times: user=0.00 sys=0.00, real=0.01 secs] 
2661.109: [GC (Allocation Failure) [PSYoungGen: 65376K->1408K(66048K)] 409534K->345574K(820224K), 0.0019631 secs] [Times: user=0.01 sys=0.00, real=0.00 secs] 
2661.644: [GC (Allocation Failure) [PSYoungGen: 65408K->1408K(66048K)] 409574K->345574K(820224K), 0.0029076 secs] [Times: user=0.01 sys=0.00, real=0.01 secs] 
2662.204: [GC (Allocation Failure) [PSYoungGen: 65408K->1408K(66048K)] 409574K->345574K(820224K), 0.0045796 secs] [Times: user=0.02 sys=0.00, real=0.01 secs] 
2663.121: [GC (Allocation Failure) [PSYoungGen: 65408K->1440K(66048K)] 409574K->345606K(820224K), 0.0021085 secs] [Times: user=0.01 sys=0.00, real=0.00 secs] 
2663.439: [GC (Allocation Failure) [PSYoungGen: 65440K->1408K(66048K)] 409606K->345574K(820224K), 0.0022655 secs] [Times: user=0.01 sys=0.00, real=0.00 secs] 
2663.705: [GC (Allocation Failure) [PSYoungGen: 65408K->1440K(66048K)] 409574K->345606K(820224K), 0.0021178 secs] [Times: user=0.01 sys=0.00, real=0.01 secs] 
2663.971: [GC (Allocation Failure) [PSYoungGen: 65440K->1440K(66048K)] 409606K->345606K(820224K), 0.0021521 secs] [Times: user=0.01 sys=0.00, real=0.00 secs] 
2664.434: [GC (Allocation Failure) [PSYoungGen: 65440K->1341K(66048K)] 409606K->345507K(820224K), 0.0015329 secs] [Times: user=0.01 sys=0.00, real=0.01 secs] 
2665.138: [GC (Allocation Failure) [PSYoungGen: 65341K->1440K(66048K)] 409507K->345606K(820224K), 0.0021050 secs] [Times: user=0.01 sys=0.00, real=0.00 secs] 
2665.665: [GC (Allocation Failure) [PSYoungGen: 65440K->1408K(66048K)] 409606K->345598K(820224K), 0.0020540 secs] [Times: user=0.01 sys=0.00, real=0.00 secs] 
2666.177: [GC (Allocation Failure) [PSYoungGen: 65408K->1376K(66048K)] 409598K->345566K(820224K), 0.0022821 secs] [Times: user=0.01 sys=0.00, real=0.00 secs] 
2666.717: [GC (Allocation Failure) [PSYoungGen: 65376K->1440K(66048K)] 409566K->345630K(820224K), 0.0021771 secs] [Times: user=0.01 sys=0.00, real=0.00 secs] 
2667.683: [GC (Allocation Failure) [PSYoungGen: 65440K->1408K(66048K)] 409630K->345598K(820224K), 0.0019007 secs] [Times: user=0.01 sys=0.00, real=0.00 secs] 
2668.475: [GC (Allocation Failure) [PSYoungGen: 65408K->1408K(66048K)] 409598K->345598K(820224K), 0.0044753 secs] [Times: user=0.02 sys=0.00, real=0.01 secs] 
2669.334: [GC (Allocation Failure) [PSYoungGen: 65408K->1440K(65536K)] 409598K->345630K(819712K), 0.0037495 secs] [Times: user=0.01 sys=0.00, real=0.01 secs] 
2669.978: [GC (Allocation Failure) [PSYoungGen: 65440K->1376K(65536K)] 409630K->345566K(819712K), 0.0034783 secs] [Times: user=0.02 sys=0.00, real=0.00 secs] 
2670.455: [GC (Allocation Failure) [PSYoungGen: 65376K->352K(65024K)] 409566K->345566K(819200K), 0.0028519 secs] [Times: user=0.02 sys=0.00, real=0.01 secs] 
2671.465: [GC (Allocation Failure) [PSYoungGen: 64352K->1440K(66048K)] 409566K->346654K(820224K), 0.0019362 secs] [Times: user=0.01 sys=0.00, real=0.00 secs] 
2672.260: [GC (Allocation Failure) [PSYoungGen: 65440K->1408K(66048K)] 410654K->346622K(820224K), 0.0033781 secs] [Times: user=0.01 sys=0.00, real=0.00 secs] 
2673.009: [GC (Allocation Failure) [PSYoungGen: 65408K->1424K(66048K)] 410622K->346638K(820224K), 0.0032688 secs] [Times: user=0.01 sys=0.00, real=0.00 secs] 
2673.724: [GC (Allocation Failure) [PSYoungGen: 65424K->1408K(66048K)] 410638K->346622K(820224K), 0.0027831 secs] [Times: user=0.01 sys=0.00, real=0.01 secs] 
2674.566: [GC (Allocation Failure) [PSYoungGen: 65408K->1389K(66048K)] 410622K->346603K(820224K), 0.0015259 secs] [Times: user=0.00 sys=0.00, real=0.00 secs] 
2675.994: [GC (Allocation Failure) [PSYoungGen: 65389K->1456K(66048K)] 410603K->346670K(820224K), 0.0026145 secs] [Times: user=0.02 sys=0.00, real=0.01 secs] 
2677.083: [GC (Allocation Failure) [PSYoungGen: 65456K->1376K(66048K)] 410670K->346590K(820224K), 0.0033951 secs] [Times: user=0.01 sys=0.00, real=0.01 secs] 
2677.726: [GC (Allocation Failure) [PSYoungGen: 65376K->1440K(66048K)] 410590K->346654K(820224K), 0.0025530 secs] [Times: user=0.01 sys=0.00, real=0.00 secs] 
2677.999: [GC (Allocation Failure) [PSYoungGen: 65440K->1376K(66048K)] 410654K->346590K(820224K), 0.0020783 secs] [Times: user=0.01 sys=0.00, real=0.00 secs] 
2678.774: [GC (Allocation Failure) [PSYoungGen: 65376K->1440K(66048K)] 410590K->346654K(820224K), 0.0018547 secs] [Times: user=0.01 sys=0.00, real=0.01 secs] 
2679.128: [GC (Allocation Failure) [PSYoungGen: 65440K->1408K(66048K)] 410654K->346622K(820224K), 0.0019708 secs] [Times: user=0.01 sys=0.00, real=0.00 secs] 
2679.450: [GC (Allocation Failure) [PSYoungGen: 65408K->1376K(66048K)] 410622K->346598K(820224K), 0.0022670 secs] [Times: user=0.01 sys=0.00, real=0.00 secs] 
2679.717: [GC (Allocation Failure) [PSYoungGen: 65376K->1376K(66048K)] 410598K->346598K(820224K), 0.0019329 secs] [Times: user=0.01 sys=0.00, real=0.00 secs] 
2679.983: [GC (Allocation Failure) [PSYoungGen: 65376K->1344K(66048K)] 410598K->346566K(820224K), 0.0036571 secs] [Times: user=0.01 sys=0.00, real=0.01 secs] 
2680.988: [GC (Allocation Failure) [PSYoungGen: 65344K->1408K(66048K)] 410566K->346630K(820224K), 0.0019581 secs] [Times: user=0.01 sys=0.00, real=0.00 secs] 
2681.531: [GC (Allocation Failure) [PSYoungGen: 65408K->1344K(66048K)] 410630K->346566K(820224K), 0.0038907 secs] [Times: user=0.02 sys=0.00, real=0.00 secs] 
2682.050: [GC (Allocation Failure) [PSYoungGen: 65344K->1408K(65536K)] 410566K->346630K(819712K), 0.0034444 secs] [Times: user=0.01 sys=0.00, real=0.00 secs] 
2682.592: [GC (Allocation Failure) [PSYoungGen: 65408K->1424K(65536K)] 410630K->346646K(819712K), 0.0025015 secs] [Times: user=0.01 sys=0.00, real=0.00 secs] 
2683.426: [GC (Allocation Failure) [PSYoungGen: 65424K->1373K(65536K)] 410646K->346595K(819712K), 0.0015692 secs] [Times: user=0.00 sys=0.00, real=0.00 secs] 
2683.845: [GC (Allocation Failure) [PSYoungGen: 65373K->1408K(65536K)] 410595K->346630K(819712K), 0.0021035 secs] [Times: user=0.01 sys=0.00, real=0.01 secs] 
2684.159: [GC (Allocation Failure) [PSYoungGen: 65408K->1376K(65536K)] 410630K->346598K(819712K), 0.0019491 secs] [Times: user=0.01 sys=0.00, real=0.00 secs] 
2684.442: [GC (Allocation Failure) [PSYoungGen: 65376K->1408K(65536K)] 410598K->346630K(819712K), 0.0021237 secs] [Times: user=0.01 sys=0.00, real=0.00 secs] 
2684.725: [GC (Allocation Failure) [PSYoungGen: 65408K->1408K(65536K)] 410630K->346630K(819712K), 0.0020223 secs] [Times: user=0.01 sys=0.00, real=0.00 secs] 
2685.975: [GC (Allocation Failure) [PSYoungGen: 65408K->1440K(65536K)] 410630K->346662K(819712K), 0.0035602 secs] [Times: user=0.01 sys=0.00, real=0.01 secs] 
2687.080: [GC (Allocation Failure) [PSYoungGen: 65440K->1376K(65536K)] 410662K->346622K(819712K), 0.0029475 secs] [Times: user=0.01 sys=0.00, real=0.00 secs] 
2687.555: [GC (Allocation Failure) [PSYoungGen: 65376K->1376K(65536K)] 410622K->346622K(819712K), 0.0023906 secs] [Times: user=0.01 sys=0.00, real=0.01 secs] 
2688.183: [GC (Allocation Failure) [PSYoungGen: 65376K->1408K(65536K)] 410622K->346654K(819712K), 0.0030307 secs] [Times: user=0.01 sys=0.00, real=0.01 secs] 
2689.088: [GC (Allocation Failure) [PSYoungGen: 65408K->1408K(65536K)] 410654K->346654K(819712K), 0.0026848 secs] [Times: user=0.01 sys=0.00, real=0.00 secs] 
2690.353: [GC (Allocation Failure) [PSYoungGen: 65408K->1472K(65536K)] 410654K->346718K(819712K), 0.0018887 secs] [Times: user=0.01 sys=0.00, real=0.00 secs] 
2691.057: [GC (Allocation Failure) [PSYoungGen: 65472K->1408K(65536K)] 410718K->346654K(819712K), 0.0042785 secs] [Times: user=0.01 sys=0.00, real=0.00 secs] 
2691.640: [GC (Allocation Failure) [PSYoungGen: 65408K->1312K(65536K)] 410654K->346558K(819712K), 0.0040286 secs] [Times: user=0.02 sys=0.00, real=0.00 secs] 
2692.032: [GC (Allocation Failure) [PSYoungGen: 65312K->1376K(65536K)] 410558K->346622K(819712K), 0.0025999 secs] [Times: user=0.01 sys=0.00, real=0.00 secs] 
2692.860: [GC (Allocation Failure) [PSYoungGen: 65376K->1373K(65536K)] 410622K->346619K(819712K), 0.0014296 secs] [Times: user=0.00 sys=0.00, real=0.00 secs] 
2693.526: [GC (Allocation Failure) [PSYoungGen: 65373K->1424K(65536K)] 410619K->346670K(819712K), 0.0043218 secs] [Times: user=0.01 sys=0.00, real=0.00 secs] 
2694.107: [GC (Allocation Failure) [PSYoungGen: 65424K->1408K(65536K)] 410670K->346654K(819712K), 0.0032771 secs] [Times: user=0.01 sys=0.00, real=0.00 secs] 
2694.650: [GC (Allocation Failure) [PSYoungGen: 65408K->1408K(65536K)] 410654K->346654K(819712K), 0.0027312 secs] [Times: user=0.02 sys=0.00, real=0.00 secs] 
2694.913: [GC (Allocation Failure) [PSYoungGen: 65408K->1408K(65536K)] 410654K->346654K(819712K), 0.0019763 secs] [Times: user=0.01 sys=0.00, real=0.00 secs] 
2695.702: [GC (Allocation Failure) [PSYoungGen: 65408K->1440K(65536K)] 410654K->346686K(819712K), 0.0020848 secs] [Times: user=0.01 sys=0.00, real=0.00 secs] 
2695.968: [GC (Allocation Failure) [PSYoungGen: 65440K->1376K(65536K)] 410686K->346622K(819712K), 0.0021270 secs] [Times: user=0.01 sys=0.00, real=0.00 secs] 
2696.300: [GC (Allocation Failure) [PSYoungGen: 65376K->1408K(65536K)] 410622K->346654K(819712K), 0.0022875 secs] [Times: user=0.01 sys=0.00, real=0.00 secs] 
2696.965: [GC (Allocation Failure) [PSYoungGen: 65408K->1376K(65536K)] 410654K->346622K(819712K), 0.0021323 secs] [Times: user=0.01 sys=0.00, real=0.00 secs] 
2697.524: [GC (Allocation Failure) [PSYoungGen: 65376K->1408K(65536K)] 410622K->346686K(819712K), 0.0021153 secs] [Times: user=0.01 sys=0.00, real=0.01 secs] 
2698.316: [GC (Allocation Failure) [PSYoungGen: 65408K->1472K(65536K)] 410686K->346750K(819712K), 0.0019569 secs] [Times: user=0.01 sys=0.00, real=0.00 secs] 
2698.582: [GC (Allocation Failure) [PSYoungGen: 65472K->1408K(65536K)] 410750K->346686K(819712K), 0.0018078 secs] [Times: user=0.01 sys=0.00, real=0.00 secs] 
2698.848: [GC (Allocation Failure) [PSYoungGen: 65408K->1408K(65536K)] 410686K->346686K(819712K), 0.0019608 secs] [Times: user=0.01 sys=0.00, real=0.00 secs] 
2699.114: [GC (Allocation Failure) [PSYoungGen: 65408K->1440K(65536K)] 410686K->346718K(819712K), 0.0018083 secs] [Times: user=0.01 sys=0.00, real=0.01 secs] 
2699.969: [GC (Allocation Failure) [PSYoungGen: 65440K->1472K(65536K)] 410718K->346750K(819712K), 0.0019193 secs] [Times: user=0.01 sys=0.00, real=0.00 secs] 
2701.429: [GC (Allocation Failure) [PSYoungGen: 65472K->1392K(65536K)] 410750K->346670K(819712K), 0.0045323 secs] [Times: user=0.02 sys=0.00, real=0.00 secs] 
2702.161: [GC (Allocation Failure) [PSYoungGen: 65392K->1440K(65536K)] 410670K->346718K(819712K), 0.0033445 secs] [Times: user=0.01 sys=0.00, real=0.00 secs] 
2702.609: [GC (Allocation Failure) [PSYoungGen: 65440K->1440K(65536K)] 410718K->346718K(819712K), 0.0029224 secs] [Times: user=0.02 sys=0.00, real=0.00 secs] 
2703.161: [GC (Allocation Failure) [PSYoungGen: 65440K->1408K(65536K)] 410718K->346686K(819712K), 0.0023851 secs] [Times: user=0.01 sys=0.00, real=0.00 secs] 
2704.102: [GC (Allocation Failure) [PSYoungGen: 65408K->1440K(65536K)] 410686K->346718K(819712K), 0.0019178 secs] [Times: user=0.01 sys=0.00, real=0.00 secs] 
2704.435: [GC (Allocation Failure) [PSYoungGen: 65440K->1376K(65536K)] 410718K->346654K(819712K), 0.0019526 secs] [Times: user=0.01 sys=0.00, real=0.01 secs] 
2704.814: [GC (Allocation Failure) [PSYoungGen: 65376K->1424K(65536K)] 410654K->346702K(819712K), 0.0019279 secs] [Times: user=0.01 sys=0.00, real=0.01 secs] 
2705.401: [GC (Allocation Failure) [PSYoungGen: 65424K->1408K(65536K)] 410702K->346686K(819712K), 0.0018816 secs] [Times: user=0.01 sys=0.00, real=0.00 secs] 
2706.403: [GC (Allocation Failure) [PSYoungGen: 65401K->272K(65024K)] 410680K->345550K(819200K), 0.0042910 secs] [Times: user=0.02 sys=0.00, real=0.01 secs] 
2707.260: [GC (Allocation Failure) [PSYoungGen: 63760K->1440K(65536K)] 409038K->346718K(819712K), 0.0020667 secs] [Times: user=0.01 sys=0.00, real=0.00 secs] 
2707.527: [GC (Allocation Failure) [PSYoungGen: 64928K->1360K(65536K)] 410206K->346654K(819712K), 0.0020561 secs] [Times: user=0.01 sys=0.00, real=0.00 secs] 
2707.791: [GC (Allocation Failure) [PSYoungGen: 64848K->1408K(65536K)] 410142K->346702K(819712K), 0.0019364 secs] [Times: user=0.01 sys=0.00, real=0.00 secs] 
2708.055: [GC (Allocation Failure) [PSYoungGen: 64896K->1376K(65536K)] 410190K->346670K(819712K), 0.0018803 secs] [Times: user=0.01 sys=0.00, real=0.01 secs] 
2708.898: [GC (Allocation Failure) [PSYoungGen: 64864K->1536K(65536K)] 410158K->346830K(819712K), 0.0018976 secs] [Times: user=0.01 sys=0.00, real=0.00 secs] 
2709.158: [GC (Allocation Failure) [PSYoungGen: 65024K->1376K(65536K)] 410318K->346670K(819712K), 0.0020035 secs] [Times: user=0.01 sys=0.00, real=0.00 secs] 
2709.422: [GC (Allocation Failure) [PSYoungGen: 64864K->1408K(65536K)] 410158K->346702K(819712K), 0.0018035 secs] [Times: user=0.01 sys=0.00, real=0.00 secs] 
2709.686: [GC (Allocation Failure) [PSYoungGen: 64896K->1376K(65536K)] 410190K->346670K(819712K), 0.0018116 secs] [Times: user=0.01 sys=0.00, real=0.00 secs] 
2709.949: [GC (Allocation Failure) [PSYoungGen: 64864K->1376K(65536K)] 410158K->346670K(819712K), 0.0018271 secs] [Times: user=0.01 sys=0.00, real=0.00 secs] 
2711.080: [GC (Allocation Failure) [PSYoungGen: 64864K->1440K(65536K)] 410158K->346734K(819712K), 0.0021263 secs] [Times: user=0.01 sys=0.00, real=0.00 secs] 
2712.041: [GC (Allocation Failure) [PSYoungGen: 64928K->1440K(65536K)] 410222K->346734K(819712K), 0.0028631 secs] [Times: user=0.01 sys=0.00, real=0.00 secs] 
2712.948: [GC (Allocation Failure) [PSYoungGen: 64928K->1408K(65536K)] 410222K->346702K(819712K), 0.0046416 secs] [Times: user=0.02 sys=0.00, real=0.00 secs] 
2713.661: [GC (Allocation Failure) [PSYoungGen: 64896K->1456K(65536K)] 410190K->346750K(819712K), 0.0042122 secs] [Times: user=0.01 sys=0.00, real=0.00 secs] 
2714.242: [GC (Allocation Failure) [PSYoungGen: 64944K->1424K(65536K)] 410238K->346718K(819712K), 0.0027964 secs] [Times: user=0.01 sys=0.00, real=0.00 secs] 
2715.574: [GC (Allocation Failure) [PSYoungGen: 64912K->1408K(65536K)] 410206K->346702K(819712K), 0.0024454 secs] [Times: user=0.01 sys=0.00, real=0.01 secs] 
2716.656: [GC (Allocation Failure) [PSYoungGen: 64896K->1440K(65536K)] 410190K->346742K(819712K), 0.0043933 secs] [Times: user=0.02 sys=0.00, real=0.00 secs] 
2717.502: [GC (Allocation Failure) [PSYoungGen: 64928K->1440K(65536K)] 410230K->346742K(819712K), 0.0030538 secs] [Times: user=0.01 sys=0.00, real=0.00 secs] 
2718.230: [GC (Allocation Failure) [PSYoungGen: 64928K->1408K(65536K)] 410230K->346710K(819712K), 0.0032342 secs] [Times: user=0.01 sys=0.00, real=0.00 secs] 
2719.167: [GC (Allocation Failure) [PSYoungGen: 64896K->1405K(65536K)] 410198K->346707K(819712K), 0.0014079 secs] [Times: user=0.01 sys=0.00, real=0.00 secs] 
2719.951: [GC (Allocation Failure) [PSYoungGen: 64893K->1424K(65536K)] 410195K->346734K(819712K), 0.0023698 secs] [Times: user=0.01 sys=0.00, real=0.00 secs] 
2720.647: [GC (Allocation Failure) [PSYoungGen: 64912K->1408K(65024K)] 410222K->346718K(819200K), 0.0025796 secs] [Times: user=0.01 sys=0.00, real=0.00 secs] 
2721.350: [GC (Allocation Failure) [PSYoungGen: 64896K->1344K(65024K)] 410206K->346654K(819200K), 0.0025156 secs] [Times: user=0.01 sys=0.00, real=0.00 secs] 
2722.033: [GC (Allocation Failure) [PSYoungGen: 64832K->1360K(65024K)] 410142K->346670K(819200K), 0.0041401 secs] [Times: user=0.01 sys=0.00, real=0.01 secs] 
2723.098: [GC (Allocation Failure) [PSYoungGen: 64848K->1456K(65024K)] 410158K->346766K(819200K), 0.0017706 secs] [Times: user=0.01 sys=0.00, real=0.00 secs] 
2723.791: [GC (Allocation Failure) [PSYoungGen: 64944K->1408K(65024K)] 410254K->346718K(819200K), 0.0027385 secs] [Times: user=0.01 sys=0.00, real=0.00 secs] 
2724.542: [GC (Allocation Failure) [PSYoungGen: 64896K->1376K(65024K)] 410206K->346686K(819200K), 0.0025888 secs] [Times: user=0.01 sys=0.00, real=0.00 secs] 
2725.313: [GC (Allocation Failure) [PSYoungGen: 64864K->1392K(65024K)] 410174K->346702K(819200K), 0.0027271 secs] [Times: user=0.01 sys=0.00, real=0.01 secs] 
2725.952: [GC (Allocation Failure) [PSYoungGen: 64880K->1376K(65024K)] 410190K->346686K(819200K), 0.0024631 secs] [Times: user=0.01 sys=0.00, real=0.00 secs] 
2727.317: [GC (Allocation Failure) [PSYoungGen: 64864K->1440K(65024K)] 410174K->346750K(819200K), 0.0023268 secs] [Times: user=0.01 sys=0.00, real=0.00 secs] 
2728.476: [GC (Allocation Failure) [PSYoungGen: 64928K->1440K(65024K)] 410238K->346750K(819200K), 0.0033359 secs] [Times: user=0.01 sys=0.00, real=0.00 secs] 
2729.255: [GC (Allocation Failure) [PSYoungGen: 64928K->1424K(65024K)] 410238K->346734K(819200K), 0.0027353 secs] [Times: user=0.01 sys=0.00, real=0.01 secs] 
2729.674: [GC (Allocation Failure) [PSYoungGen: 64912K->1408K(65024K)] 410222K->346718K(819200K), 0.0021221 secs] [Times: user=0.01 sys=0.00, real=0.01 secs] 
2730.180: [GC (Allocation Failure) [PSYoungGen: 64896K->1373K(65024K)] 410206K->346691K(819200K), 0.0016365 secs] [Times: user=0.00 sys=0.00, real=0.00 secs] 
2730.925: [GC (Allocation Failure) [PSYoungGen: 64861K->1440K(65024K)] 410179K->346758K(819200K), 0.0018151 secs] [Times: user=0.01 sys=0.00, real=0.01 secs] 
2731.474: [GC (Allocation Failure) [PSYoungGen: 64928K->1408K(65024K)] 410246K->346726K(819200K), 0.0018826 secs] [Times: user=0.01 sys=0.00, real=0.01 secs] 
2732.029: [GC (Allocation Failure) [PSYoungGen: 64896K->1440K(65024K)] 410214K->346758K(819200K), 0.0021842 secs] [Times: user=0.00 sys=0.00, real=0.00 secs] 
2732.359: [GC (Allocation Failure) [PSYoungGen: 64928K->1376K(65024K)] 410246K->346694K(819200K), 0.0019658 secs] [Times: user=0.01 sys=0.00, real=0.00 secs] 
2733.316: [GC (Allocation Failure) [PSYoungGen: 64864K->1440K(65024K)] 410182K->346758K(819200K), 0.0020480 secs] [Times: user=0.01 sys=0.00, real=0.00 secs] 
2734.147: [GC (Allocation Failure) [PSYoungGen: 64928K->1392K(65024K)] 410246K->346710K(819200K), 0.0041214 secs] [Times: user=0.02 sys=0.00, real=0.00 secs] 
2734.936: [GC (Allocation Failure) [PSYoungGen: 64880K->1376K(65024K)] 410198K->346694K(819200K), 0.0033945 secs] [Times: user=0.01 sys=0.00, real=0.00 secs] 
2735.634: [GC (Allocation Failure) [PSYoungGen: 64864K->1408K(65024K)] 410182K->346726K(819200K), 0.0034690 secs] [Times: user=0.01 sys=0.00, real=0.01 secs] 
2736.329: [GC (Allocation Failure) [PSYoungGen: 64896K->1408K(65024K)] 410214K->346726K(819200K), 0.0029075 secs] [Times: user=0.01 sys=0.00, real=0.00 secs] 
2737.557: [GC (Allocation Failure) [PSYoungGen: 64896K->1440K(65024K)] 410214K->346758K(819200K), 0.0042022 secs] [Times: user=0.02 sys=0.00, real=0.00 secs] 
2738.152: [GC (Allocation Failure) [PSYoungGen: 64928K->1376K(65024K)] 410246K->346694K(819200K), 0.0036217 secs] [Times: user=0.02 sys=0.00, real=0.01 secs] 
2738.806: [GC (Allocation Failure) [PSYoungGen: 64864K->1408K(65024K)] 410182K->346734K(819200K), 0.0042539 secs] [Times: user=0.01 sys=0.00, real=0.00 secs] 
2739.564: [GC (Allocation Failure) [PSYoungGen: 64896K->1408K(65024K)] 410222K->346734K(819200K), 0.0042620 secs] [Times: user=0.02 sys=0.01, real=0.01 secs] 
2740.553: [GC (Allocation Failure) [PSYoungGen: 64896K->1405K(65024K)] 410222K->346731K(819200K), 0.0019702 secs] [Times: user=0.01 sys=0.00, real=0.00 secs] 
2741.837: [GC (Allocation Failure) [PSYoungGen: 64893K->1408K(65024K)] 410219K->346734K(819200K), 0.0040342 secs] [Times: user=0.02 sys=0.00, real=0.00 secs] 
2742.807: [GC (Allocation Failure) [PSYoungGen: 64896K->1424K(65024K)] 410222K->346750K(819200K), 0.0041646 secs] [Times: user=0.01 sys=0.00, real=0.00 secs] 
2743.644: [GC (Allocation Failure) [PSYoungGen: 64912K->1408K(65024K)] 410238K->346734K(819200K), 0.0033575 secs] [Times: user=0.02 sys=0.00, real=0.01 secs] 
2744.511: [GC (Allocation Failure) [PSYoungGen: 64896K->1440K(65024K)] 410222K->346766K(819200K), 0.0042607 secs] [Times: user=0.01 sys=0.00, real=0.01 secs] 
2746.166: [GC (Allocation Failure) [PSYoungGen: 64928K->896K(64512K)] 410254K->347246K(818688K), 0.0028791 secs] [Times: user=0.01 sys=0.00, real=0.00 secs] 
2746.979: [GC (Allocation Failure) [PSYoungGen: 63872K->384K(65024K)] 410222K->346734K(819200K), 0.0035118 secs] [Times: user=0.01 sys=0.00, real=0.00 secs] 
2747.434: [GC (Allocation Failure) [PSYoungGen: 63360K->352K(65024K)] 409710K->346702K(819200K), 0.0022851 secs] [Times: user=0.01 sys=0.00, real=0.01 secs] 
2747.763: [GC (Allocation Failure) [PSYoungGen: 63328K->352K(65024K)] 409678K->346702K(819200K), 0.0020032 secs] [Times: user=0.01 sys=0.00, real=0.00 secs] 
2748.047: [GC (Allocation Failure) [PSYoungGen: 63328K->352K(65024K)] 409678K->346702K(819200K), 0.0018733 secs] [Times: user=0.01 sys=0.00, real=0.00 secs] 
2748.874: [GC (Allocation Failure) [PSYoungGen: 63328K->1408K(65024K)] 409678K->347758K(819200K), 0.0024037 secs] [Times: user=0.01 sys=0.00, real=0.01 secs] 
2749.167: [GC (Allocation Failure) [PSYoungGen: 64384K->1408K(65024K)] 410734K->347758K(819200K), 0.0021465 secs] [Times: user=0.01 sys=0.00, real=0.00 secs] 
2749.473: [GC (Allocation Failure) [PSYoungGen: 64384K->1408K(65024K)] 410734K->347766K(819200K), 0.0021938 secs] [Times: user=0.01 sys=0.00, real=0.01 secs] 
2749.770: [GC (Allocation Failure) [PSYoungGen: 64384K->1408K(64512K)] 410742K->347766K(818688K), 0.0020055 secs] [Times: user=0.01 sys=0.00, real=0.00 secs] 
2750.029: [GC (Allocation Failure) [PSYoungGen: 63872K->1408K(65024K)] 410230K->347766K(819200K), 0.0020222 secs] [Times: user=0.01 sys=0.00, real=0.00 secs] 
2750.787: [GC (Allocation Failure) [PSYoungGen: 63872K->1456K(65024K)] 410230K->347814K(819200K), 0.0018646 secs] [Times: user=0.01 sys=0.00, real=0.00 secs] 
2751.083: [GC (Allocation Failure) [PSYoungGen: 63920K->1408K(65024K)] 410278K->347766K(819200K), 0.0018683 secs] [Times: user=0.00 sys=0.00, real=0.00 secs] 
2751.343: [GC (Allocation Failure) [PSYoungGen: 63872K->1376K(64000K)] 410230K->347734K(818176K), 0.0019946 secs] [Times: user=0.01 sys=0.00, real=0.00 secs] 
2751.651: [GC (Allocation Failure) [PSYoungGen: 63840K->1424K(64512K)] 410198K->347782K(818688K), 0.0019243 secs] [Times: user=0.01 sys=0.00, real=0.00 secs] 
2752.218: [GC (Allocation Failure) [PSYoungGen: 63888K->1408K(64512K)] 410246K->347766K(818688K), 0.0015061 secs] [Times: user=0.01 sys=0.00, real=0.00 secs] 
2754.235: [GC (Allocation Failure) [PSYoungGen: 63872K->1456K(64512K)] 410230K->347814K(818688K), 0.0034116 secs] [Times: user=0.01 sys=0.00, real=0.01 secs] 
2754.654: [GC (Allocation Failure) [PSYoungGen: 63920K->1408K(64512K)] 410278K->347766K(818688K), 0.0024477 secs] [Times: user=0.01 sys=0.00, real=0.01 secs] 
2754.914: [GC (Allocation Failure) [PSYoungGen: 63872K->1408K(64512K)] 410230K->347766K(818688K), 0.0019379 secs] [Times: user=0.01 sys=0.00, real=0.01 secs] 
2755.173: [GC (Allocation Failure) [PSYoungGen: 63872K->1408K(64512K)] 410230K->347766K(818688K), 0.0021298 secs] [Times: user=0.01 sys=0.00, real=0.01 secs] 
2756.306: [GC (Allocation Failure) [PSYoungGen: 63872K->1952K(64512K)] 410230K->348310K(818688K), 0.0045592 secs] [Times: user=0.02 sys=0.00, real=0.00 secs] 
2757.791: [GC (Allocation Failure) [PSYoungGen: 64416K->1408K(64000K)] 410774K->347782K(818176K), 0.0032224 secs] [Times: user=0.01 sys=0.00, real=0.00 secs] 
2758.404: [GC (Allocation Failure) [PSYoungGen: 63872K->1408K(64512K)] 410246K->347790K(818688K), 0.0033708 secs] [Times: user=0.02 sys=0.00, real=0.01 secs] 
2759.056: [GC (Allocation Failure) [PSYoungGen: 63872K->1392K(64512K)] 410254K->347774K(818688K), 0.0033435 secs] [Times: user=0.02 sys=0.00, real=0.00 secs] 
2759.508: [GC (Allocation Failure) [PSYoungGen: 63856K->1408K(64512K)] 410238K->347790K(818688K), 0.0028148 secs] [Times: user=0.01 sys=0.00, real=0.00 secs] 
2760.484: [GC (Allocation Failure) [PSYoungGen: 63872K->1472K(64512K)] 410254K->347854K(818688K), 0.0017199 secs] [Times: user=0.00 sys=0.00, real=0.01 secs] 
2761.069: [GC (Allocation Failure) [PSYoungGen: 63936K->1440K(64512K)] 410318K->347822K(818688K), 0.0019421 secs] [Times: user=0.01 sys=0.00, real=0.00 secs] 
2761.406: [GC (Allocation Failure) [PSYoungGen: 63904K->1440K(64512K)] 410286K->347822K(818688K), 0.0019777 secs] [Times: user=0.00 sys=0.00, real=0.00 secs] 
2761.708: [GC (Allocation Failure) [PSYoungGen: 63904K->1344K(64512K)] 410286K->347726K(818688K), 0.0020042 secs] [Times: user=0.01 sys=0.00, real=0.00 secs] 
2762.328: [GC (Allocation Failure) [PSYoungGen: 63808K->1408K(64512K)] 410190K->347790K(818688K), 0.0019501 secs] [Times: user=0.01 sys=0.00, real=0.00 secs] 
2763.481: [GC (Allocation Failure) [PSYoungGen: 63872K->1440K(64512K)] 410254K->347822K(818688K), 0.0018457 secs] [Times: user=0.00 sys=0.00, real=0.00 secs] 
2764.346: [GC (Allocation Failure) [PSYoungGen: 63904K->1408K(64512K)] 410286K->347790K(818688K), 0.0019958 secs] [Times: user=0.01 sys=0.00, real=0.00 secs] 
2764.952: [GC (Allocation Failure) [PSYoungGen: 63872K->1408K(64512K)] 410254K->347790K(818688K), 0.0020899 secs] [Times: user=0.01 sys=0.00, real=0.00 secs] 
2765.234: [GC (Allocation Failure) [PSYoungGen: 63872K->1376K(64512K)] 410254K->347758K(818688K), 0.0020769 secs] [Times: user=0.01 sys=0.00, real=0.01 secs] 
2765.731: [GC (Allocation Failure) [PSYoungGen: 63840K->1344K(64512K)] 410222K->347726K(818688K), 0.0015827 secs] [Times: user=0.01 sys=0.00, real=0.00 secs] 
2766.818: [GC (Allocation Failure) [PSYoungGen: 63808K->1472K(64512K)] 410190K->347854K(818688K), 0.0019405 secs] [Times: user=0.01 sys=0.00, real=0.00 secs] 
2767.882: [GC (Allocation Failure) [PSYoungGen: 63936K->1440K(64512K)] 410318K->347822K(818688K), 0.0023186 secs] [Times: user=0.01 sys=0.00, real=0.00 secs] 
2768.743: [GC (Allocation Failure) [PSYoungGen: 63904K->1376K(64512K)] 410286K->347774K(818688K), 0.0023106 secs] [Times: user=0.01 sys=0.00, real=0.00 secs] 
2769.700: [GC (Allocation Failure) [PSYoungGen: 63840K->1408K(64512K)] 410238K->347806K(818688K), 0.0029802 secs] [Times: user=0.01 sys=0.00, real=0.00 secs] 
2770.808: [GC (Allocation Failure) [PSYoungGen: 63679K->256K(64512K)] 410077K->346654K(818688K), 0.0015521 secs] [Times: user=0.01 sys=0.00, real=0.00 secs] 
2771.102: [GC (Allocation Failure) [PSYoungGen: 62720K->1440K(64512K)] 409118K->347838K(818688K), 0.0019512 secs] [Times: user=0.01 sys=0.00, real=0.00 secs] 
2771.362: [GC (Allocation Failure) [PSYoungGen: 63904K->1408K(64512K)] 410302K->347806K(818688K), 0.0019606 secs] [Times: user=0.01 sys=0.00, real=0.00 secs] 
2771.622: [GC (Allocation Failure) [PSYoungGen: 63872K->1424K(64512K)] 410270K->347822K(818688K), 0.0023294 secs] [Times: user=0.01 sys=0.00, real=0.00 secs] 
2771.955: [GC (Allocation Failure) [PSYoungGen: 63888K->1376K(64512K)] 410286K->347774K(818688K), 0.0036247 secs] [Times: user=0.02 sys=0.00, real=0.01 secs] 
2772.909: [GC (Allocation Failure) [PSYoungGen: 63840K->1472K(64512K)] 410238K->347878K(818688K), 0.0020696 secs] [Times: user=0.01 sys=0.01, real=0.00 secs] 
2773.201: [GC (Allocation Failure) [PSYoungGen: 63936K->1408K(64512K)] 410342K->347814K(818688K), 0.0018681 secs] [Times: user=0.01 sys=0.00, real=0.00 secs] 
2773.461: [GC (Allocation Failure) [PSYoungGen: 63872K->1376K(64512K)] 410278K->347782K(818688K), 0.0019356 secs] [Times: user=0.01 sys=0.00, real=0.00 secs] 
2773.757: [GC (Allocation Failure) [PSYoungGen: 63840K->1408K(64512K)] 410246K->347822K(818688K), 0.0019935 secs] [Times: user=0.01 sys=0.00, real=0.00 secs] 
2774.042: [GC (Allocation Failure) [PSYoungGen: 63872K->1376K(64512K)] 410286K->347790K(818688K), 0.0020331 secs] [Times: user=0.01 sys=0.00, real=0.00 secs] 
2775.914: [GC (Allocation Failure) [PSYoungGen: 63840K->1408K(64512K)] 410254K->347822K(818688K), 0.0046577 secs] [Times: user=0.02 sys=0.01, real=0.01 secs] 
2776.819: [GC (Allocation Failure) [PSYoungGen: 63872K->1408K(64512K)] 410286K->347830K(818688K), 0.0042269 secs] [Times: user=0.02 sys=0.00, real=0.00 secs] 
2777.430: [GC (Allocation Failure) [PSYoungGen: 63872K->1408K(64512K)] 410294K->347830K(818688K), 0.0027737 secs] [Times: user=0.01 sys=0.00, real=0.00 secs] 
2777.951: [GC (Allocation Failure) [PSYoungGen: 63872K->1392K(64512K)] 410294K->347830K(818688K), 0.0034468 secs] [Times: user=0.01 sys=0.00, real=0.00 secs] 
2778.743: [GC (Allocation Failure) [PSYoungGen: 63856K->1408K(64512K)] 410294K->347846K(818688K), 0.0046129 secs] [Times: user=0.02 sys=0.00, real=0.01 secs] 
2779.637: [GC (Allocation Failure) [PSYoungGen: 63872K->1440K(64512K)] 410310K->347878K(818688K), 0.0025815 secs] [Times: user=0.01 sys=0.00, real=0.00 secs] 
2779.907: [GC (Allocation Failure) [PSYoungGen: 63904K->1392K(64512K)] 410342K->347830K(818688K), 0.0021102 secs] [Times: user=0.01 sys=0.00, real=0.00 secs] 
2780.172: [GC (Allocation Failure) [PSYoungGen: 63856K->1424K(64512K)] 410294K->347870K(818688K), 0.0021829 secs] [Times: user=0.01 sys=0.00, real=0.00 secs] 
2780.515: [GC (Allocation Failure) [PSYoungGen: 63888K->1440K(64512K)] 410334K->347886K(818688K), 0.0018280 secs] [Times: user=0.01 sys=0.00, real=0.01 secs] 
2781.372: [GC (Allocation Failure) [PSYoungGen: 63904K->1373K(64512K)] 410350K->347819K(818688K), 0.0015523 secs] [Times: user=0.01 sys=0.00, real=0.00 secs] 
2782.546: [GC (Allocation Failure) [PSYoungGen: 63837K->1440K(64512K)] 410283K->347886K(818688K), 0.0027557 secs] [Times: user=0.02 sys=0.00, real=0.00 secs] 
2783.102: [GC (Allocation Failure) [PSYoungGen: 63904K->1408K(64512K)] 410350K->347854K(818688K), 0.0023507 secs] [Times: user=0.01 sys=0.00, real=0.00 secs] 
2783.360: [GC (Allocation Failure) [PSYoungGen: 63872K->1408K(64000K)] 410318K->347854K(818176K), 0.0021339 secs] [Times: user=0.01 sys=0.00, real=0.00 secs] 
2783.620: [GC (Allocation Failure) [PSYoungGen: 63872K->1408K(64000K)] 410318K->347854K(818176K), 0.0022302 secs] [Times: user=0.01 sys=0.00, real=0.00 secs] 
2784.328: [GC (Allocation Failure) [PSYoungGen: 63872K->416K(63488K)] 410318K->347886K(817664K), 0.0020117 secs] [Times: user=0.01 sys=0.00, real=0.00 secs] 
2784.595: [GC (Allocation Failure) [PSYoungGen: 62880K->352K(64512K)] 410350K->347830K(818688K), 0.0018156 secs] [Times: user=0.01 sys=0.00, real=0.00 secs] 
2784.856: [GC (Allocation Failure) [PSYoungGen: 62816K->352K(64512K)] 410294K->347830K(818688K), 0.0017228 secs] [Times: user=0.00 sys=0.00, real=0.00 secs] 
2785.115: [GC (Allocation Failure) [PSYoungGen: 62816K->336K(64512K)] 410294K->347814K(818688K), 0.0019905 secs] [Times: user=0.01 sys=0.00, real=0.01 secs] 
2785.374: [GC (Allocation Failure) [PSYoungGen: 62800K->288K(64512K)] 410278K->347766K(818688K), 0.0017134 secs] [Times: user=0.00 sys=0.00, real=0.01 secs] 
2786.498: [GC (Allocation Failure) [PSYoungGen: 62752K->1440K(64512K)] 410230K->348942K(818688K), 0.0023699 secs] [Times: user=0.01 sys=0.00, real=0.00 secs] 
2787.199: [GC (Allocation Failure) [PSYoungGen: 63904K->1424K(65024K)] 411406K->348926K(819200K), 0.0024584 secs] [Times: user=0.01 sys=0.00, real=0.00 secs] 
2787.702: [GC (Allocation Failure) [PSYoungGen: 63888K->1440K(65024K)] 411390K->348942K(819200K), 0.0025711 secs] [Times: user=0.01 sys=0.00, real=0.00 secs] 
2787.974: [GC (Allocation Failure) [PSYoungGen: 63904K->1440K(65024K)] 411406K->348942K(819200K), 0.0021630 secs] [Times: user=0.01 sys=0.00, real=0.01 secs] 
2788.329: [GC (Allocation Failure) [PSYoungGen: 63904K->1408K(65024K)] 411406K->348910K(819200K), 0.0021201 secs] [Times: user=0.01 sys=0.00, real=0.00 secs] 
2790.100: [GC (Allocation Failure) [PSYoungGen: 63872K->1440K(65024K)] 411374K->348942K(819200K), 0.0044369 secs] [Times: user=0.02 sys=0.00, real=0.00 secs] 
2791.905: [GC (Allocation Failure) [PSYoungGen: 63904K->1376K(65024K)] 411406K->348878K(819200K), 0.0045194 secs] [Times: user=0.02 sys=0.00, real=0.01 secs] 
2792.439: [GC (Allocation Failure) [PSYoungGen: 63840K->1408K(65024K)] 411342K->348910K(819200K), 0.0027780 secs] [Times: user=0.01 sys=0.00, real=0.00 secs] 
2793.232: [GC (Allocation Failure) [PSYoungGen: 63872K->1408K(65024K)] 411374K->348910K(819200K), 0.0029937 secs] [Times: user=0.01 sys=0.00, real=0.00 secs] 
2793.974: [GC (Allocation Failure) [PSYoungGen: 63872K->1421K(65024K)] 411374K->348923K(819200K), 0.0015913 secs] [Times: user=0.01 sys=0.00, real=0.01 secs] 
2795.244: [GC (Allocation Failure) [PSYoungGen: 63885K->1408K(65024K)] 411387K->348910K(819200K), 0.0031163 secs] [Times: user=0.01 sys=0.00, real=0.01 secs] 
2796.064: [GC (Allocation Failure) [PSYoungGen: 63872K->1440K(64000K)] 411374K->348942K(818176K), 0.0035671 secs] [Times: user=0.01 sys=0.00, real=0.01 secs] 
2796.763: [GC (Allocation Failure) [PSYoungGen: 63904K->1376K(64512K)] 411406K->348878K(818688K), 0.0035518 secs] [Times: user=0.02 sys=0.00, real=0.01 secs] 
2797.302: [GC (Allocation Failure) [PSYoungGen: 63840K->1408K(64512K)] 411342K->348910K(818688K), 0.0034040 secs] [Times: user=0.02 sys=0.00, real=0.01 secs] 
2798.268: [GC (Allocation Failure) [PSYoungGen: 63872K->1920K(64512K)] 411374K->349422K(818688K), 0.0018824 secs] [Times: user=0.01 sys=0.00, real=0.00 secs] 
2798.877: [GC (Allocation Failure) [PSYoungGen: 64384K->1408K(65024K)] 411886K->348918K(819200K), 0.0018409 secs] [Times: user=0.01 sys=0.00, real=0.00 secs] 
2799.715: [GC (Allocation Failure) [PSYoungGen: 63872K->1408K(64000K)] 411382K->348918K(818176K), 0.0027459 secs] [Times: user=0.02 sys=0.00, real=0.00 secs] 
2800.333: [GC (Allocation Failure) [PSYoungGen: 63872K->1376K(64512K)] 411382K->348886K(818688K), 0.0046209 secs] [Times: user=0.02 sys=0.00, real=0.01 secs] 
2801.117: [GC (Allocation Failure) [PSYoungGen: 63840K->1440K(64512K)] 411350K->348950K(818688K), 0.0035920 secs] [Times: user=0.02 sys=0.00, real=0.00 secs] 
2802.284: [GC (Allocation Failure) [PSYoungGen: 63904K->1456K(64512K)] 411414K->348982K(818688K), 0.0018064 secs] [Times: user=0.01 sys=0.00, real=0.01 secs] 
2802.765: [GC (Allocation Failure) [PSYoungGen: 63920K->1392K(64512K)] 411446K->348918K(818688K), 0.0021911 secs] [Times: user=0.01 sys=0.00, real=0.00 secs] 
2803.026: [GC (Allocation Failure) [PSYoungGen: 63856K->1360K(64512K)] 411382K->348886K(818688K), 0.0048603 secs] [Times: user=0.02 sys=0.00, real=0.00 secs] 
2803.288: [GC (Allocation Failure) [PSYoungGen: 63824K->1408K(64512K)] 411350K->348934K(818688K), 0.0019901 secs] [Times: user=0.01 sys=0.00, real=0.00 secs] 
2803.685: [GC (Allocation Failure) [PSYoungGen: 63872K->1440K(64512K)] 411398K->348966K(818688K), 0.0027936 secs] [Times: user=0.01 sys=0.00, real=0.01 secs] 
2804.785: [GC (Allocation Failure) [PSYoungGen: 63904K->1440K(64512K)] 411430K->348966K(818688K), 0.0042868 secs] [Times: user=0.01 sys=0.00, real=0.01 secs] 
2805.371: [GC (Allocation Failure) [PSYoungGen: 63904K->1424K(64512K)] 411430K->348950K(818688K), 0.0028407 secs] [Times: user=0.01 sys=0.00, real=0.00 secs] 
2805.821: [GC (Allocation Failure) [PSYoungGen: 63888K->1408K(64512K)] 411414K->348934K(818688K), 0.0028223 secs] [Times: user=0.01 sys=0.00, real=0.00 secs] 
2806.356: [GC (Allocation Failure) [PSYoungGen: 63872K->1376K(64512K)] 411398K->348902K(818688K), 0.0025408 secs] [Times: user=0.01 sys=0.00, real=0.00 secs] 
2807.004: [GC (Allocation Failure) [PSYoungGen: 63840K->1389K(64512K)] 411366K->348915K(818688K), 0.0019453 secs] [Times: user=0.01 sys=0.00, real=0.01 secs] 
2808.768: [GC (Allocation Failure) [PSYoungGen: 63853K->1456K(64512K)] 411379K->348990K(818688K), 0.0033782 secs] [Times: user=0.01 sys=0.00, real=0.00 secs] 
2810.299: [GC (Allocation Failure) [PSYoungGen: 63920K->1408K(64512K)] 411454K->348942K(818688K), 0.0036009 secs] [Times: user=0.01 sys=0.00, real=0.00 secs] 
2811.486: [GC (Allocation Failure) [PSYoungGen: 63872K->1408K(64512K)] 411406K->348942K(818688K), 0.0034412 secs] [Times: user=0.01 sys=0.00, real=0.00 secs] 
2812.096: [GC (Allocation Failure) [PSYoungGen: 63872K->1408K(64512K)] 411406K->348942K(818688K), 0.0026102 secs] [Times: user=0.01 sys=0.00, real=0.00 secs] 
2813.340: [GC (Allocation Failure) [PSYoungGen: 63872K->288K(64512K)] 411406K->347822K(818688K), 0.0014929 secs] [Times: user=0.00 sys=0.00, real=0.00 secs] 
2814.473: [GC (Allocation Failure) [PSYoungGen: 62752K->1408K(64512K)] 410286K->348942K(818688K), 0.0021140 secs] [Times: user=0.01 sys=0.00, real=0.00 secs] 
2815.493: [GC (Allocation Failure) [PSYoungGen: 63872K->1344K(64512K)] 411406K->348878K(818688K), 0.0046551 secs] [Times: user=0.02 sys=0.00, real=0.01 secs] 
2816.407: [GC (Allocation Failure) [PSYoungGen: 63808K->1376K(64512K)] 411342K->348910K(818688K), 0.0042262 secs] [Times: user=0.02 sys=0.00, real=0.00 secs] 
2816.924: [GC (Allocation Failure) [PSYoungGen: 63840K->1408K(64512K)] 411374K->348942K(818688K), 0.0024021 secs] [Times: user=0.01 sys=0.00, real=0.01 secs] 
2817.877: [GC (Allocation Failure) [PSYoungGen: 63872K->1408K(64512K)] 411406K->348942K(818688K), 0.0019937 secs] [Times: user=0.01 sys=0.00, real=0.00 secs] 
2818.255: [GC (Allocation Failure) [PSYoungGen: 63872K->1440K(64512K)] 411406K->348974K(818688K), 0.0020905 secs] [Times: user=0.01 sys=0.00, real=0.01 secs] 
2818.930: [GC (Allocation Failure) [PSYoungGen: 63904K->1344K(64512K)] 411438K->348878K(818688K), 0.0030320 secs] [Times: user=0.01 sys=0.00, real=0.00 secs] 
2819.863: [GC (Allocation Failure) [PSYoungGen: 63808K->1408K(64512K)] 411342K->348942K(818688K), 0.0043321 secs] [Times: user=0.02 sys=0.01, real=0.01 secs] 
2820.701: [GC (Allocation Failure) [PSYoungGen: 63872K->1408K(64512K)] 411406K->348942K(818688K), 0.0049128 secs] [Times: user=0.02 sys=0.00, real=0.01 secs] 
2821.717: [GC (Allocation Failure) [PSYoungGen: 63872K->1440K(64512K)] 411406K->348982K(818688K), 0.0019253 secs] [Times: user=0.01 sys=0.00, real=0.00 secs] 
2822.012: [GC (Allocation Failure) [PSYoungGen: 63904K->1392K(64512K)] 411446K->348942K(818688K), 0.0019851 secs] [Times: user=0.01 sys=0.00, real=0.00 secs] 
2822.763: [GC (Allocation Failure) [PSYoungGen: 63856K->1376K(64512K)] 411406K->348926K(818688K), 0.0036053 secs] [Times: user=0.01 sys=0.00, real=0.01 secs] 
2823.565: [GC (Allocation Failure) [PSYoungGen: 63840K->1408K(64512K)] 411390K->348958K(818688K), 0.0022625 secs] [Times: user=0.01 sys=0.00, real=0.01 secs] 
2824.365: [GC (Allocation Failure) [PSYoungGen: 63872K->1408K(64512K)] 411422K->348958K(818688K), 0.0033782 secs] [Times: user=0.02 sys=0.00, real=0.01 secs] 
2825.176: [GC (Allocation Failure) [PSYoungGen: 63872K->1408K(64512K)] 411422K->348958K(818688K), 0.0016547 secs] [Times: user=0.00 sys=0.01, real=0.00 secs] 
2825.435: [GC (Allocation Failure) [PSYoungGen: 63872K->1376K(64512K)] 411422K->348926K(818688K), 0.0016336 secs] [Times: user=0.01 sys=0.00, real=0.00 secs] 
2825.694: [GC (Allocation Failure) [PSYoungGen: 63840K->1408K(64512K)] 411390K->348958K(818688K), 0.0015834 secs] [Times: user=0.01 sys=0.00, real=0.01 secs] 
2825.955: [GC (Allocation Failure) [PSYoungGen: 63872K->1376K(64000K)] 411422K->348926K(818176K), 0.0034531 secs] [Times: user=0.02 sys=0.00, real=0.01 secs] 
2826.659: [GC (Allocation Failure) [PSYoungGen: 63840K->1341K(64000K)] 411390K->348891K(818176K), 0.0015589 secs] [Times: user=0.00 sys=0.00, real=0.00 secs] 
2827.479: [GC (Allocation Failure) [PSYoungGen: 63805K->400K(63488K)] 411355K->348990K(817664K), 0.0019666 secs] [Times: user=0.01 sys=0.00, real=0.00 secs] 
2828.279: [GC (Allocation Failure) [PSYoungGen: 62864K->352K(64512K)] 411454K->348950K(818688K), 0.0040792 secs] [Times: user=0.02 sys=0.00, real=0.00 secs] 
2829.005: [GC (Allocation Failure) [PSYoungGen: 62816K->352K(64512K)] 411414K->348950K(818688K), 0.0034171 secs] [Times: user=0.01 sys=0.00, real=0.01 secs] 
2829.502: [GC (Allocation Failure) [PSYoungGen: 62816K->336K(64512K)] 411414K->348934K(818688K), 0.0027811 secs] [Times: user=0.01 sys=0.00, real=0.00 secs] 
2830.553: [GC (Allocation Failure) [PSYoungGen: 62800K->1952K(64000K)] 411398K->350550K(818176K), 0.0021676 secs] [Times: user=0.01 sys=0.00, real=0.01 secs] 
2831.394: [GC (Allocation Failure) [PSYoungGen: 63904K->1408K(64512K)] 412502K->350014K(818688K), 0.0040895 secs] [Times: user=0.02 sys=0.00, real=0.01 secs] 
2831.948: [GC (Allocation Failure) [PSYoungGen: 63360K->1392K(64512K)] 411966K->349998K(818688K), 0.0035636 secs] [Times: user=0.02 sys=0.00, real=0.00 secs] 
2832.535: [GC (Allocation Failure) [PSYoungGen: 63344K->1408K(64512K)] 411950K->350014K(818688K), 0.0026825 secs] [Times: user=0.01 sys=0.00, real=0.01 secs] 
2833.296: [GC (Allocation Failure) [PSYoungGen: 63360K->1440K(64512K)] 411966K->350046K(818688K), 0.0042402 secs] [Times: user=0.02 sys=0.00, real=0.00 secs] 
2834.455: [GC (Allocation Failure) [PSYoungGen: 63392K->1440K(64512K)] 411998K->350046K(818688K), 0.0032485 secs] [Times: user=0.01 sys=0.00, real=0.01 secs] 
2835.285: [GC (Allocation Failure) [PSYoungGen: 63392K->1376K(64512K)] 411998K->349982K(818688K), 0.0045712 secs] [Times: user=0.02 sys=0.01, real=0.01 secs] 
2835.900: [GC (Allocation Failure) [PSYoungGen: 63328K->1376K(64512K)] 411934K->349982K(818688K), 0.0033650 secs] [Times: user=0.02 sys=0.00, real=0.00 secs] 
2836.507: [GC (Allocation Failure) [PSYoungGen: 63328K->1376K(63488K)] 411934K->349982K(817664K), 0.0027579 secs] [Times: user=0.01 sys=0.00, real=0.00 secs] 
2837.019: [GC (Allocation Failure) [PSYoungGen: 63328K->1440K(64000K)] 411934K->350046K(818176K), 0.0024848 secs] [Times: user=0.01 sys=0.00, real=0.00 secs] 
2838.075: [GC (Allocation Failure) [PSYoungGen: 63392K->1424K(64000K)] 411998K->350030K(818176K), 0.0019018 secs] [Times: user=0.01 sys=0.00, real=0.01 secs] 
2838.496: [GC (Allocation Failure) [PSYoungGen: 63376K->1376K(64000K)] 411982K->349982K(818176K), 0.0021089 secs] [Times: user=0.01 sys=0.00, real=0.00 secs] 
2838.811: [GC (Allocation Failure) [PSYoungGen: 63328K->1424K(64000K)] 411934K->350038K(818176K), 0.0020640 secs] [Times: user=0.01 sys=0.00, real=0.00 secs] 
2839.158: [GC (Allocation Failure) [PSYoungGen: 63376K->1440K(64000K)] 411990K->350054K(818176K), 0.0021591 secs] [Times: user=0.01 sys=0.00, real=0.00 secs] 
2839.746: [GC (Allocation Failure) [PSYoungGen: 63381K->272K(64000K)] 411995K->348886K(818176K), 0.0020910 secs] [Times: user=0.01 sys=0.00, real=0.00 secs] 
2840.848: [GC (Allocation Failure) [PSYoungGen: 62224K->1440K(64000K)] 410838K->350054K(818176K), 0.0020052 secs] [Times: user=0.01 sys=0.00, real=0.00 secs] 
2841.136: [GC (Allocation Failure) [PSYoungGen: 63392K->1408K(64000K)] 412006K->350022K(818176K), 0.0021489 secs] [Times: user=0.01 sys=0.00, real=0.00 secs] 
2841.519: [GC (Allocation Failure) [PSYoungGen: 63360K->1408K(64000K)] 411974K->350022K(818176K), 0.0021381 secs] [Times: user=0.00 sys=0.00, real=0.00 secs] 
2842.012: [GC (Allocation Failure) [PSYoungGen: 63360K->1376K(64000K)] 411974K->349990K(818176K), 0.0022167 secs] [Times: user=0.01 sys=0.00, real=0.00 secs] 
2842.793: [GC (Allocation Failure) [PSYoungGen: 63328K->1373K(64000K)] 411942K->349987K(818176K), 0.0016348 secs] [Times: user=0.01 sys=0.00, real=0.00 secs] 
2843.535: [GC (Allocation Failure) [PSYoungGen: 63325K->1408K(64000K)] 411939K->350022K(818176K), 0.0020462 secs] [Times: user=0.01 sys=0.00, real=0.00 secs] 
2843.852: [GC (Allocation Failure) [PSYoungGen: 63360K->1408K(64000K)] 411974K->350022K(818176K), 0.0019409 secs] [Times: user=0.01 sys=0.00, real=0.00 secs] 
2844.152: [GC (Allocation Failure) [PSYoungGen: 63360K->1408K(64000K)] 411974K->350022K(818176K), 0.0019565 secs] [Times: user=0.01 sys=0.00, real=0.00 secs] 
2844.819: [GC (Allocation Failure) [PSYoungGen: 63360K->1440K(64000K)] 411974K->350054K(818176K), 0.0024184 secs] [Times: user=0.01 sys=0.00, real=0.00 secs] 
2846.042: [GC (Allocation Failure) [PSYoungGen: 63392K->1952K(64000K)] 412006K->351078K(818176K), 0.0026372 secs] [Times: user=0.01 sys=0.00, real=0.00 secs] 
2847.633: [GC (Allocation Failure) [PSYoungGen: 63904K->1440K(64000K)] 413030K->350566K(818176K), 0.0040049 secs] [Times: user=0.01 sys=0.00, real=0.01 secs] 
2848.264: [GC (Allocation Failure) [PSYoungGen: 63392K->1408K(64000K)] 412518K->350542K(818176K), 0.0034169 secs] [Times: user=0.01 sys=0.00, real=0.01 secs] 
2848.902: [GC (Allocation Failure) [PSYoungGen: 63360K->1408K(64000K)] 412494K->350542K(818176K), 0.0032733 secs] [Times: user=0.02 sys=0.00, real=0.00 secs] 
2849.622: [GC (Allocation Failure) [PSYoungGen: 63360K->1376K(64000K)] 412494K->350510K(818176K), 0.0035942 secs] [Times: user=0.02 sys=0.00, real=0.00 secs] 
2850.946: [GC (Allocation Failure) [PSYoungGen: 63328K->1472K(64000K)] 412462K->350606K(818176K), 0.0023295 secs] [Times: user=0.01 sys=0.00, real=0.00 secs] 
2851.778: [GC (Allocation Failure) [PSYoungGen: 63424K->1408K(64000K)] 412558K->350542K(818176K), 0.0029994 secs] [Times: user=0.01 sys=0.00, real=0.00 secs] 
2852.643: [GC (Allocation Failure) [PSYoungGen: 63360K->1376K(64000K)] 412494K->350510K(818176K), 0.0031253 secs] [Times: user=0.01 sys=0.00, real=0.01 secs] 
2853.531: [GC (Allocation Failure) [PSYoungGen: 63328K->1408K(64000K)] 412462K->350542K(818176K), 0.0042095 secs] [Times: user=0.01 sys=0.00, real=0.01 secs] 
2854.427: [GC (Allocation Failure) [PSYoungGen: 63360K->1440K(64000K)] 412494K->350574K(818176K), 0.0033734 secs] [Times: user=0.01 sys=0.00, real=0.00 secs] 
2855.535: [GC (Allocation Failure) [PSYoungGen: 63392K->1408K(64000K)] 412526K->350542K(818176K), 0.0021422 secs] [Times: user=0.01 sys=0.01, real=0.00 secs] 
2856.071: [GC (Allocation Failure) [PSYoungGen: 63360K->1408K(64000K)] 412494K->350542K(818176K), 0.0019465 secs] [Times: user=0.01 sys=0.00, real=0.00 secs] 
2856.615: [GC (Allocation Failure) [PSYoungGen: 63360K->1424K(64000K)] 412494K->350558K(818176K), 0.0028470 secs] [Times: user=0.01 sys=0.00, real=0.01 secs] 
2857.123: [GC (Allocation Failure) [PSYoungGen: 63376K->1376K(64000K)] 412510K->350510K(818176K), 0.0029784 secs] [Times: user=0.02 sys=0.00, real=0.01 secs] 
2857.382: [GC (Allocation Failure) [PSYoungGen: 63328K->1408K(64000K)] 412462K->350542K(818176K), 0.0021036 secs] [Times: user=0.01 sys=0.00, real=0.00 secs] 
2858.172: [GC (Allocation Failure) [PSYoungGen: 63360K->1392K(64000K)] 412494K->350526K(818176K), 0.0018998 secs] [Times: user=0.01 sys=0.00, real=0.00 secs] 
2858.435: [GC (Allocation Failure) [PSYoungGen: 63344K->1376K(64000K)] 412478K->350510K(818176K), 0.0018322 secs] [Times: user=0.00 sys=0.00, real=0.01 secs] 
2858.692: [GC (Allocation Failure) [PSYoungGen: 63328K->1424K(64000K)] 412462K->350566K(818176K), 0.0018072 secs] [Times: user=0.01 sys=0.00, real=0.00 secs] 
2858.949: [GC (Allocation Failure) [PSYoungGen: 63376K->1376K(64000K)] 412518K->350518K(818176K), 0.0018408 secs] [Times: user=0.01 sys=0.00, real=0.00 secs] 
2859.521: [GC (Allocation Failure) [PSYoungGen: 63328K->1373K(63488K)] 412470K->350515K(817664K), 0.0018125 secs] [Times: user=0.01 sys=0.00, real=0.00 secs] 
2860.184: [GC (Allocation Failure) [PSYoungGen: 63325K->1472K(62976K)] 412467K->350614K(817152K), 0.0022019 secs] [Times: user=0.01 sys=0.00, real=0.01 secs] 
2860.707: [GC (Allocation Failure) [PSYoungGen: 62912K->1408K(62976K)] 412054K->350550K(817152K), 0.0019436 secs] [Times: user=0.01 sys=0.00, real=0.00 secs] 
2861.344: [GC (Allocation Failure) [PSYoungGen: 62848K->1440K(62976K)] 411990K->350582K(817152K), 0.0030334 secs] [Times: user=0.01 sys=0.00, real=0.01 secs] 
2861.958: [GC (Allocation Failure) [PSYoungGen: 62880K->1424K(62976K)] 412022K->350566K(817152K), 0.0029330 secs] [Times: user=0.01 sys=0.00, real=0.00 secs] 
2863.371: [GC (Allocation Failure) [PSYoungGen: 62864K->1440K(62976K)] 412006K->350582K(817152K), 0.0018849 secs] [Times: user=0.00 sys=0.00, real=0.00 secs] 
2864.582: [GC (Allocation Failure) [PSYoungGen: 62880K->1424K(62976K)] 412022K->350566K(817152K), 0.0022657 secs] [Times: user=0.01 sys=0.00, real=0.00 secs] 
2864.989: [GC (Allocation Failure) [PSYoungGen: 62864K->1408K(62976K)] 412006K->350550K(817152K), 0.0020636 secs] [Times: user=0.01 sys=0.00, real=0.00 secs] 
2865.311: [GC (Allocation Failure) [PSYoungGen: 62848K->1376K(62976K)] 411990K->350518K(817152K), 0.0023924 secs] [Times: user=0.01 sys=0.00, real=0.00 secs] 
2865.568: [GC (Allocation Failure) [PSYoungGen: 62816K->1424K(62976K)] 411958K->350566K(817152K), 0.0021523 secs] [Times: user=0.01 sys=0.00, real=0.00 secs] 
2866.343: [GC (Allocation Failure) [PSYoungGen: 62864K->1408K(62976K)] 412006K->350550K(817152K), 0.0019814 secs] [Times: user=0.01 sys=0.00, real=0.00 secs] 
2866.683: [GC (Allocation Failure) [PSYoungGen: 62848K->1376K(62976K)] 411990K->350542K(817152K), 0.0022000 secs] [Times: user=0.01 sys=0.00, real=0.01 secs] 
2866.976: [GC (Allocation Failure) [PSYoungGen: 62816K->1376K(62976K)] 411982K->350542K(817152K), 0.0021436 secs] [Times: user=0.01 sys=0.00, real=0.00 secs] 
2867.232: [GC (Allocation Failure) [PSYoungGen: 62816K->1344K(62976K)] 411982K->350510K(817152K), 0.0022372 secs] [Times: user=0.01 sys=0.00, real=0.00 secs] 
2867.520: [GC (Allocation Failure) [PSYoungGen: 62784K->1408K(62976K)] 411950K->350574K(817152K), 0.0022096 secs] [Times: user=0.01 sys=0.00, real=0.00 secs] 
2868.252: [GC (Allocation Failure) [PSYoungGen: 62848K->1440K(62976K)] 412014K->350606K(817152K), 0.0019712 secs] [Times: user=0.01 sys=0.00, real=0.00 secs] 
2868.507: [GC (Allocation Failure) [PSYoungGen: 62880K->1408K(62976K)] 412046K->350574K(817152K), 0.0020398 secs] [Times: user=0.01 sys=0.01, real=0.00 secs] 
2868.763: [GC (Allocation Failure) [PSYoungGen: 62848K->1376K(62976K)] 412014K->350542K(817152K), 0.0019872 secs] [Times: user=0.01 sys=0.00, real=0.00 secs] 
2869.019: [GC (Allocation Failure) [PSYoungGen: 62816K->1408K(62976K)] 411982K->350574K(817152K), 0.0019200 secs] [Times: user=0.01 sys=0.00, real=0.00 secs] 
2869.365: [GC (Allocation Failure) [PSYoungGen: 62848K->1376K(62976K)] 412014K->350542K(817152K), 0.0022536 secs] [Times: user=0.01 sys=0.00, real=0.01 secs] 
2870.697: [GC (Allocation Failure) [PSYoungGen: 62816K->1440K(62976K)] 411982K->350606K(817152K), 0.0028551 secs] [Times: user=0.01 sys=0.00, real=0.00 secs] 
2871.576: [GC (Allocation Failure) [PSYoungGen: 62880K->1424K(62976K)] 412046K->350590K(817152K), 0.0022195 secs] [Times: user=0.01 sys=0.00, real=0.00 secs] 
2871.835: [GC (Allocation Failure) [PSYoungGen: 62864K->1408K(62976K)] 412030K->350574K(817152K), 0.0020272 secs] [Times: user=0.01 sys=0.00, real=0.00 secs] 
2872.367: [GC (Allocation Failure) [PSYoungGen: 62848K->1376K(62976K)] 412014K->350542K(817152K), 0.0023208 secs] [Times: user=0.01 sys=0.00, real=0.00 secs] 
2872.933: [GC (Allocation Failure) [PSYoungGen: 62816K->1376K(62976K)] 411982K->350542K(817152K), 0.0024231 secs] [Times: user=0.01 sys=0.00, real=0.01 secs] 
2873.840: [GC (Allocation Failure) [PSYoungGen: 62816K->1408K(62976K)] 411982K->350574K(817152K), 0.0021015 secs] [Times: user=0.00 sys=0.00, real=0.00 secs] 
2874.096: [GC (Allocation Failure) [PSYoungGen: 62848K->1408K(62976K)] 412014K->350574K(817152K), 0.0022087 secs] [Times: user=0.01 sys=0.00, real=0.00 secs] 
2874.368: [GC (Allocation Failure) [PSYoungGen: 62848K->1408K(62976K)] 412014K->350574K(817152K), 0.0028388 secs] [Times: user=0.01 sys=0.00, real=0.00 secs] 
2874.717: [GC (Allocation Failure) [PSYoungGen: 62848K->1408K(62976K)] 412014K->350574K(817152K), 0.0029689 secs] [Times: user=0.01 sys=0.00, real=0.00 secs] 
2875.201: [GC (Allocation Failure) [PSYoungGen: 62848K->1373K(62976K)] 412014K->350539K(817152K), 0.0015782 secs] [Times: user=0.00 sys=0.00, real=0.00 secs] 
2876.045: [GC (Allocation Failure) [PSYoungGen: 62813K->1408K(62976K)] 411979K->350590K(817152K), 0.0020094 secs] [Times: user=0.00 sys=0.00, real=0.01 secs] 
2876.607: [GC (Allocation Failure) [PSYoungGen: 62848K->1376K(62976K)] 412030K->350558K(817152K), 0.0034446 secs] [Times: user=0.02 sys=0.01, real=0.00 secs] 
2877.094: [GC (Allocation Failure) [PSYoungGen: 62816K->1408K(62976K)] 411998K->350590K(817152K), 0.0027784 secs] [Times: user=0.01 sys=0.00, real=0.01 secs] 
2877.553: [GC (Allocation Failure) [PSYoungGen: 62848K->1408K(62976K)] 412030K->350590K(817152K), 0.0021522 secs] [Times: user=0.01 sys=0.00, real=0.01 secs] 
2878.336: [GC (Allocation Failure) [PSYoungGen: 62848K->1405K(62976K)] 412030K->350587K(817152K), 0.0015446 secs] [Times: user=0.01 sys=0.00, real=0.00 secs] 
2879.623: [GC (Allocation Failure) [PSYoungGen: 62845K->1440K(62976K)] 412027K->350622K(817152K), 0.0045604 secs] [Times: user=0.02 sys=0.00, real=0.01 secs] 
2880.546: [GC (Allocation Failure) [PSYoungGen: 62880K->1440K(62976K)] 412062K->350622K(817152K), 0.0044621 secs] [Times: user=0.02 sys=0.00, real=0.00 secs] 
2881.404: [GC (Allocation Failure) [PSYoungGen: 62880K->1408K(62976K)] 412062K->350590K(817152K), 0.0046889 secs] [Times: user=0.02 sys=0.00, real=0.01 secs] 
2881.915: [GC (Allocation Failure) [PSYoungGen: 62848K->1424K(62976K)] 412030K->350606K(817152K), 0.0027589 secs] [Times: user=0.01 sys=0.00, real=0.01 secs] 
2883.042: [GC (Allocation Failure) [PSYoungGen: 62864K->1472K(62976K)] 412046K->351678K(817152K), 0.0020768 secs] [Times: user=0.01 sys=0.00, real=0.00 secs] 
2883.557: [GC (Allocation Failure) [PSYoungGen: 62912K->1408K(62976K)] 413118K->351630K(817152K), 0.0029293 secs] [Times: user=0.01 sys=0.00, real=0.00 secs] 
2884.304: [GC (Allocation Failure) [PSYoungGen: 62848K->1408K(62976K)] 413070K->351630K(817152K), 0.0033050 secs] [Times: user=0.01 sys=0.00, real=0.01 secs] 
2885.088: [GC (Allocation Failure) [PSYoungGen: 62848K->1408K(62976K)] 413070K->351630K(817152K), 0.0034920 secs] [Times: user=0.01 sys=0.00, real=0.00 secs] 
2885.907: [GC (Allocation Failure) [PSYoungGen: 62848K->1376K(62976K)] 413070K->351598K(817152K), 0.0035824 secs] [Times: user=0.01 sys=0.00, real=0.00 secs] 
2886.926: [GC (Allocation Failure) [PSYoungGen: 62816K->1376K(62976K)] 413038K->351598K(817152K), 0.0020099 secs] [Times: user=0.00 sys=0.00, real=0.00 secs] 
2887.561: [GC (Allocation Failure) [PSYoungGen: 62816K->1408K(62976K)] 413038K->351630K(817152K), 0.0033062 secs] [Times: user=0.02 sys=0.00, real=0.00 secs] 
2888.006: [GC (Allocation Failure) [PSYoungGen: 62848K->1408K(62976K)] 413070K->351630K(817152K), 0.0023727 secs] [Times: user=0.01 sys=0.00, real=0.00 secs] 
2888.506: [GC (Allocation Failure) [PSYoungGen: 62848K->1408K(62976K)] 413070K->351630K(817152K), 0.0026232 secs] [Times: user=0.01 sys=0.00, real=0.00 secs] 
2889.052: [GC (Allocation Failure) [PSYoungGen: 62848K->1440K(62976K)] 413070K->351662K(817152K), 0.0022252 secs] [Times: user=0.01 sys=0.00, real=0.00 secs] 
2890.421: [GC (Allocation Failure) [PSYoungGen: 62880K->1456K(62976K)] 413102K->351694K(817152K), 0.0024197 secs] [Times: user=0.01 sys=0.00, real=0.00 secs] 
2891.310: [GC (Allocation Failure) [PSYoungGen: 62896K->1376K(62976K)] 413134K->351614K(817152K), 0.0029061 secs] [Times: user=0.01 sys=0.00, real=0.00 secs] 
2892.242: [GC (Allocation Failure) [PSYoungGen: 62816K->1408K(62976K)] 413054K->351646K(817152K), 0.0029466 secs] [Times: user=0.01 sys=0.00, real=0.00 secs] 
2893.069: [GC (Allocation Failure) [PSYoungGen: 62848K->1408K(62976K)] 413086K->351646K(817152K), 0.0046504 secs] [Times: user=0.02 sys=0.00, real=0.00 secs] 
2893.838: [GC (Allocation Failure) [PSYoungGen: 62848K->1376K(62976K)] 413086K->351622K(817152K), 0.0036405 secs] [Times: user=0.02 sys=0.00, real=0.00 secs] 
2894.975: [GC (Allocation Failure) [PSYoungGen: 62816K->1408K(62976K)] 413062K->351654K(817152K), 0.0021037 secs] [Times: user=0.01 sys=0.00, real=0.01 secs] 
2895.690: [GC (Allocation Failure) [PSYoungGen: 62848K->1376K(62976K)] 413094K->351622K(817152K), 0.0025465 secs] [Times: user=0.01 sys=0.00, real=0.00 secs] 
2896.407: [GC (Allocation Failure) [PSYoungGen: 62816K->1440K(62976K)] 413062K->351686K(817152K), 0.0028508 secs] [Times: user=0.02 sys=0.00, real=0.00 secs] 
2897.529: [GC (Allocation Failure) [PSYoungGen: 62880K->1424K(62976K)] 413126K->351678K(817152K), 0.0040111 secs] [Times: user=0.02 sys=0.00, real=0.00 secs] 
2898.599: [GC (Allocation Failure) [PSYoungGen: 62864K->1373K(62976K)] 413118K->351627K(817152K), 0.0033975 secs] [Times: user=0.01 sys=0.00, real=0.00 secs] 
2899.825: [GC (Allocation Failure) [PSYoungGen: 62813K->1408K(62976K)] 413067K->351662K(817152K), 0.0023941 secs] [Times: user=0.00 sys=0.00, real=0.00 secs] 
2900.181: [GC (Allocation Failure) [PSYoungGen: 62848K->1440K(62976K)] 413102K->351694K(817152K), 0.0021847 secs] [Times: user=0.01 sys=0.00, real=0.00 secs] 
2900.590: [GC (Allocation Failure) [PSYoungGen: 62880K->1408K(62976K)] 413134K->351662K(817152K), 0.0022080 secs] [Times: user=0.01 sys=0.00, real=0.00 secs] 
2901.062: [GC (Allocation Failure) [PSYoungGen: 62848K->1408K(62976K)] 413102K->351670K(817152K), 0.0022335 secs] [Times: user=0.01 sys=0.00, real=0.00 secs] 
2901.909: [GC (Allocation Failure) [PSYoungGen: 62848K->1360K(62976K)] 413110K->351622K(817152K), 0.0014129 secs] [Times: user=0.01 sys=0.00, real=0.00 secs] 
2902.502: [GC (Allocation Failure) [PSYoungGen: 62800K->1424K(62976K)] 413062K->351686K(817152K), 0.0020019 secs] [Times: user=0.01 sys=0.00, real=0.00 secs] 
2902.822: [GC (Allocation Failure) [PSYoungGen: 62864K->1408K(62976K)] 413126K->351678K(817152K), 0.0021893 secs] [Times: user=0.01 sys=0.00, real=0.00 secs] 
2903.078: [GC (Allocation Failure) [PSYoungGen: 62848K->1408K(62976K)] 413118K->351678K(817152K), 0.0020103 secs] [Times: user=0.01 sys=0.00, real=0.00 secs] 
2903.362: [GC (Allocation Failure) [PSYoungGen: 62848K->1408K(62976K)] 413118K->351678K(817152K), 0.0019951 secs] [Times: user=0.01 sys=0.00, real=0.00 secs] 
2904.114: [GC (Allocation Failure) [PSYoungGen: 62848K->1504K(62976K)] 413118K->351934K(817152K), 0.0020108 secs] [Times: user=0.01 sys=0.00, real=0.01 secs] 
2905.939: [GC (Allocation Failure) [PSYoungGen: 62944K->1376K(63488K)] 413374K->351806K(817664K), 0.0044795 secs] [Times: user=0.01 sys=0.00, real=0.00 secs] 
2906.653: [GC (Allocation Failure) [PSYoungGen: 62816K->1376K(62976K)] 413246K->351806K(817152K), 0.0031030 secs] [Times: user=0.01 sys=0.00, real=0.01 secs] 
2907.131: [GC (Allocation Failure) [PSYoungGen: 62816K->1376K(62976K)] 413246K->351806K(817152K), 0.0023590 secs] [Times: user=0.01 sys=0.00, real=0.00 secs] 
2907.703: [GC (Allocation Failure) [PSYoungGen: 62816K->1408K(62976K)] 413246K->351838K(817152K), 0.0022067 secs] [Times: user=0.01 sys=0.00, real=0.00 secs] 
2908.693: [GC (Allocation Failure) [PSYoungGen: 62848K->1472K(62976K)] 413278K->351910K(817152K), 0.0021115 secs] [Times: user=0.00 sys=0.00, real=0.00 secs] 
2909.384: [GC (Allocation Failure) [PSYoungGen: 62912K->1440K(62976K)] 413350K->351878K(817152K), 0.0019717 secs] [Times: user=0.01 sys=0.00, real=0.01 secs] 
2910.286: [GC (Allocation Failure) [PSYoungGen: 62880K->1440K(62976K)] 413318K->351878K(817152K), 0.0020935 secs] [Times: user=0.01 sys=0.00, real=0.00 secs] 
2911.056: [GC (Allocation Failure) [PSYoungGen: 62880K->1456K(62976K)] 413318K->351894K(817152K), 0.0028472 secs] [Times: user=0.02 sys=0.00, real=0.00 secs] 
2911.651: [GC (Allocation Failure) [PSYoungGen: 62896K->1472K(62976K)] 413334K->351910K(817152K), 0.0031956 secs] [Times: user=0.02 sys=0.00, real=0.00 secs] 
2912.551: [GC (Allocation Failure) [PSYoungGen: 62912K->1472K(62976K)] 413350K->351910K(817152K), 0.0021832 secs] [Times: user=0.01 sys=0.00, real=0.00 secs] 
2912.808: [GC (Allocation Failure) [PSYoungGen: 62912K->1440K(62976K)] 413350K->351878K(817152K), 0.0021960 secs] [Times: user=0.01 sys=0.00, real=0.00 secs] 
2913.064: [GC (Allocation Failure) [PSYoungGen: 62880K->1472K(62976K)] 413318K->351910K(817152K), 0.0023988 secs] [Times: user=0.01 sys=0.00, real=0.01 secs] 
2913.320: [GC (Allocation Failure) [PSYoungGen: 62912K->1472K(62976K)] 413350K->351910K(817152K), 0.0021100 secs] [Times: user=0.01 sys=0.00, real=0.00 secs] 
2913.575: [GC (Allocation Failure) [PSYoungGen: 62912K->1424K(62976K)] 413350K->351862K(817152K), 0.0020883 secs] [Times: user=0.01 sys=0.00, real=0.01 secs] 
2914.905: [GC (Allocation Failure) [PSYoungGen: 62864K->1440K(62976K)] 413302K->351942K(817152K), 0.0023844 secs] [Times: user=0.01 sys=0.00, real=0.00 secs] 
2915.725: [GC (Allocation Failure) [PSYoungGen: 62880K->1344K(62976K)] 413382K->351846K(817152K), 0.0050700 secs] [Times: user=0.02 sys=0.00, real=0.01 secs] 
2916.313: [GC (Allocation Failure) [PSYoungGen: 62784K->1440K(62976K)] 413286K->351942K(817152K), 0.0023075 secs] [Times: user=0.01 sys=0.00, real=0.01 secs] 
2916.811: [GC (Allocation Failure) [PSYoungGen: 62880K->1408K(62976K)] 413382K->351910K(817152K), 0.0022057 secs] [Times: user=0.01 sys=0.00, real=0.00 secs] 
2917.072: [GC (Allocation Failure) [PSYoungGen: 62848K->1408K(62976K)] 413350K->351910K(817152K), 0.0020748 secs] [Times: user=0.01 sys=0.00, real=0.00 secs] 
2918.060: [GC (Allocation Failure) [PSYoungGen: 62848K->1472K(62976K)] 413350K->351990K(817152K), 0.0020306 secs] [Times: user=0.01 sys=0.00, real=0.00 secs] 
2918.627: [GC (Allocation Failure) [PSYoungGen: 62912K->1408K(62976K)] 413430K->351926K(817152K), 0.0022321 secs] [Times: user=0.01 sys=0.00, real=0.00 secs] 
2919.194: [GC (Allocation Failure) [PSYoungGen: 62848K->1408K(62976K)] 413366K->351926K(817152K), 0.0023397 secs] [Times: user=0.01 sys=0.00, real=0.01 secs] 
2919.796: [GC (Allocation Failure) [PSYoungGen: 62848K->1408K(62976K)] 413366K->351926K(817152K), 0.0020420 secs] [Times: user=0.01 sys=0.00, real=0.00 secs] 
2920.308: [GC (Allocation Failure) [PSYoungGen: 62848K->1392K(62976K)] 413366K->351910K(817152K), 0.0014594 secs] [Times: user=0.01 sys=0.00, real=0.00 secs] 
2921.271: [GC (Allocation Failure) [PSYoungGen: 62832K->1440K(62976K)] 413350K->351958K(817152K), 0.0020765 secs] [Times: user=0.01 sys=0.01, real=0.00 secs] 
2922.073: [GC (Allocation Failure) [PSYoungGen: 62880K->1440K(62976K)] 413398K->351958K(817152K), 0.0020666 secs] [Times: user=0.01 sys=0.00, real=0.00 secs] 
2922.894: [GC (Allocation Failure) [PSYoungGen: 62880K->1408K(62976K)] 413398K->351926K(817152K), 0.0021698 secs] [Times: user=0.00 sys=0.00, real=0.01 secs] 
2923.505: [GC (Allocation Failure) [PSYoungGen: 62848K->1376K(62976K)] 413366K->351894K(817152K), 0.0026280 secs] [Times: user=0.01 sys=0.00, real=0.00 secs] 
2924.217: [GC (Allocation Failure) [PSYoungGen: 62816K->1373K(62976K)] 413334K->351891K(817152K), 0.0015782 secs] [Times: user=0.00 sys=0.00, real=0.00 secs] 
2924.929: [GC (Allocation Failure) [PSYoungGen: 62813K->1408K(62976K)] 413331K->351934K(817152K), 0.0021169 secs] [Times: user=0.01 sys=0.00, real=0.00 secs] 
2925.404: [GC (Allocation Failure) [PSYoungGen: 62848K->1376K(62976K)] 413374K->351902K(817152K), 0.0022428 secs] [Times: user=0.00 sys=0.00, real=0.01 secs] 
2925.739: [GC (Allocation Failure) [PSYoungGen: 62816K->1408K(62976K)] 413342K->351934K(817152K), 0.0021479 secs] [Times: user=0.01 sys=0.00, real=0.00 secs] 
2925.994: [GC (Allocation Failure) [PSYoungGen: 62848K->1344K(62976K)] 413374K->351870K(817152K), 0.0027419 secs] [Times: user=0.01 sys=0.00, real=0.01 secs] 
2927.213: [GC (Allocation Failure) [PSYoungGen: 62784K->992K(62976K)] 413310K->351526K(817152K), 0.0026331 secs] [Times: user=0.01 sys=0.00, real=0.01 secs] 
2927.447: [GC (Allocation Failure) [PSYoungGen: 62432K->2016K(62976K)] 412966K->353726K(817152K), 0.0031592 secs] [Times: user=0.01 sys=0.00, real=0.00 secs] 
2929.627: [GC (Allocation Failure) [PSYoungGen: 62944K->2528K(63488K)] 414654K->362262K(817664K), 0.0057208 secs] [Times: user=0.02 sys=0.01, real=0.00 secs] 
2935.899: [GC (Allocation Failure) [PSYoungGen: 63456K->5600K(57856K)] 423190K->386238K(812032K), 0.0384331 secs] [Times: user=0.19 sys=0.03, real=0.04 secs] 
2942.027: [GC (Allocation Failure) [PSYoungGen: 57824K->14304K(66560K)] 438462K->414174K(820736K), 0.0378336 secs] [Times: user=0.19 sys=0.02, real=0.03 secs] 
2942.188: [GC (Allocation Failure) [PSYoungGen: 66528K->24032K(67584K)] 466398K->435414K(821760K), 0.0240947 secs] [Times: user=0.12 sys=0.01, real=0.02 secs] 
2942.268: [GC (Allocation Failure) [PSYoungGen: 67552K->32736K(76288K)] 478934K->472358K(830464K), 0.0447616 secs] [Times: user=0.14 sys=0.13, real=0.04 secs] 
2942.382: [GC (Allocation Failure) [PSYoungGen: 76256K->36928K(96768K)] 515878K->476550K(850944K), 0.0241022 secs] [Times: user=0.11 sys=0.02, real=0.03 secs] 
2942.476: [GC (Allocation Failure) [PSYoungGen: 84544K->53728K(101376K)] 524166K->499862K(855552K), 0.0217883 secs] [Times: user=0.12 sys=0.00, real=0.02 secs] 
2942.553: [GC (Allocation Failure) [PSYoungGen: 101344K->66016K(107520K)] 547478K->523305K(861696K), 0.0196272 secs] [Times: user=0.09 sys=0.02, real=0.02 secs] 
2942.605: [GC (Allocation Failure) [PSYoungGen: 105733K->81888K(123392K)] 563023K->542713K(877568K), 0.0180022 secs] [Times: user=0.10 sys=0.00, real=0.02 secs] 
2942.646: [GC (Allocation Failure) [PSYoungGen: 123360K->97760K(129024K)] 584185K->561637K(883200K), 0.0255526 secs] [Times: user=0.13 sys=0.01, real=0.02 secs] 
2942.699: [GC (Allocation Failure) [PSYoungGen: 128992K->85600K(147968K)] 592869K->577017K(902144K), 0.0373552 secs] [Times: user=0.17 sys=0.04, real=0.04 secs] 
2944.081: [GC (Allocation Failure) [PSYoungGen: 116832K->57184K(156672K)] 608249K->590737K(910848K), 0.0606677 secs] [Times: user=0.28 sys=0.08, real=0.06 secs] 
2946.116: [GC (Allocation Failure) [PSYoungGen: 95072K->22269K(160256K)] 628625K->598435K(914432K), 0.0541973 secs] [Times: user=0.23 sys=0.06, real=0.05 secs] 
2946.266: [GC (Allocation Failure) [PSYoungGen: 60157K->544K(164352K)] 636323K->598909K(918528K), 0.0476140 secs] [Times: user=0.23 sys=0.03, real=0.04 secs] 
2946.425: [GC (Allocation Failure) [PSYoungGen: 46112K->3136K(164352K)] 644477K->601558K(918528K), 0.0074928 secs] [Times: user=0.04 sys=0.00, real=0.01 secs] 
2946.478: [GC (Allocation Failure) [PSYoungGen: 48704K->16192K(162304K)] 647126K->617527K(916480K), 0.0065219 secs] [Times: user=0.02 sys=0.01, real=0.00 secs] 
2946.671: [GC (Allocation Failure) [PSYoungGen: 70976K->26336K(166912K)] 672311K->642703K(921088K), 0.0194336 secs] [Times: user=0.10 sys=0.02, real=0.02 secs] 
2947.436: [GC (Allocation Failure) [PSYoungGen: 81120K->27296K(158720K)] 697487K->667839K(912896K), 0.0255169 secs] [Times: user=0.12 sys=0.03, real=0.02 secs] 
2947.584: [GC (Allocation Failure) [PSYoungGen: 92832K->34624K(164864K)] 733375K->698279K(919040K), 0.0258927 secs] [Times: user=0.13 sys=0.02, real=0.03 secs] 
2951.424: [GC (Allocation Failure) [PSYoungGen: 100160K->31584K(160256K)] 763815K->729767K(914432K), 0.0692559 secs] [Times: user=0.34 sys=0.07, real=0.07 secs] 
2951.607: [GC (Allocation Failure) [PSYoungGen: 109920K->38560K(165888K)] 808103K->768231K(920064K), 0.1016304 secs] [Times: user=0.58 sys=0.01, real=0.10 secs] 
2951.708: [Full GC (Ergonomics) [PSYoungGen: 38560K->0K(165888K)] [ParOldGen: 729671K->183122K(700416K)] 768231K->183122K(866304K), [Metaspace: 60038K->59954K(1105920K)], 0.4175051 secs] [Times: user=1.80 sys=0.01, real=0.42 secs] 
2953.646: [GC (Allocation Failure) [PSYoungGen: 78336K->45056K(176640K)] 261458K->228178K(877056K), 0.0203249 secs] [Times: user=0.12 sys=0.00, real=0.02 secs] 
2954.586: [GC (Allocation Failure) [PSYoungGen: 138752K->33120K(177152K)] 321874K->261226K(877568K), 0.0328532 secs] [Times: user=0.19 sys=0.00, real=0.03 secs] 
2954.935: [GC (Allocation Failure) [PSYoungGen: 126816K->8128K(190976K)] 354922K->269426K(891392K), 0.0440757 secs] [Times: user=0.27 sys=0.00, real=0.04 secs] 
2956.404: [GC (Allocation Failure) [PSYoungGen: 117104K->42144K(190976K)] 378403K->309698K(891392K), 0.0266245 secs] [Times: user=0.15 sys=0.00, real=0.03 secs] 
2956.583: [GC (Allocation Failure) [PSYoungGen: 154272K->54528K(207872K)] 421826K->362046K(908288K), 0.0315067 secs] [Times: user=0.17 sys=0.01, real=0.03 secs] 
2956.722: [GC (Allocation Failure) [PSYoungGen: 184576K->64256K(211456K)] 492094K->426214K(911872K), 0.0357903 secs] [Times: user=0.20 sys=0.00, real=0.04 secs] 
2956.965: [GC (Allocation Failure) [PSYoungGen: 194304K->70432K(236032K)] 556262K->496682K(936448K), 0.0824884 secs] [Times: user=0.37 sys=0.06, real=0.09 secs] 
2961.415: [GC (Allocation Failure) [PSYoungGen: 218400K->19200K(243200K)] 644650K->515938K(943616K), 0.0442265 secs] [Times: user=0.26 sys=0.00, real=0.05 secs] 
2961.609: [GC (Allocation Failure) [PSYoungGen: 167168K->65344K(265216K)] 663906K->580742K(965632K), 0.0277872 secs] [Times: user=0.15 sys=0.00, real=0.03 secs] 
2962.120: [GC (Allocation Failure) [PSYoungGen: 237376K->85888K(269824K)] 752774K->662166K(970240K), 0.0884630 secs] [Times: user=0.52 sys=0.00, real=0.09 secs] 
2965.078: [GC (Allocation Failure) [PSYoungGen: 257920K->83744K(306688K)] 834198K->737846K(1007104K), 0.1292432 secs] [Times: user=0.68 sys=0.06, real=0.13 secs] 
2965.208: [Full GC (Ergonomics) [PSYoungGen: 83744K->0K(306688K)] [ParOldGen: 654102K->240725K(832000K)] 737846K->240725K(1138688K), [Metaspace: 59966K->59966K(1105920K)], 0.6198874 secs] [Times: user=2.99 sys=0.00, real=0.62 secs] 
2966.914: [GC (Allocation Failure) [PSYoungGen: 198144K->39040K(314368K)] 438869K->279765K(1146368K), 0.0335430 secs] [Times: user=0.16 sys=0.00, real=0.04 secs] 
2967.233: [GC (Allocation Failure) [PSYoungGen: 237184K->101760K(330752K)] 477909K->377956K(1162752K), 0.0520694 secs] [Times: user=0.17 sys=0.11, real=0.05 secs] 
2967.451: [GC (Allocation Failure) [PSYoungGen: 320896K->115520K(344064K)] 597092K->476312K(1176064K), 0.0496279 secs] [Times: user=0.29 sys=0.00, real=0.05 secs] 
2969.300: [GC (Allocation Failure) [PSYoungGen: 334656K->49888K(385536K)] 695448K->526280K(1217536K), 0.1436566 secs] [Times: user=0.84 sys=0.01, real=0.14 secs] 
2970.433: [GC (Allocation Failure) [PSYoungGen: 308448K->125568K(392704K)] 784840K->647577K(1224704K), 0.0382229 secs] [Times: user=0.22 sys=0.00, real=0.04 secs] 
2973.395: [GC (Allocation Failure) [PSYoungGen: 384128K->92704K(453632K)] 906137K->731985K(1285632K), 0.0768160 secs] [Times: user=0.37 sys=0.09, real=0.08 secs] 
2974.681: [GC (Allocation Failure) [PSYoungGen: 394784K->124992K(455168K)] 1034065K->856353K(1287168K), 0.0754687 secs] [Times: user=0.44 sys=0.01, real=0.08 secs] 
2974.757: [Full GC (Ergonomics) [PSYoungGen: 124992K->0K(455168K)] [ParOldGen: 731361K->140713K(815616K)] 856353K->140713K(1270784K), [Metaspace: 59971K->59971K(1105920K)], 0.3296175 secs] [Times: user=1.52 sys=0.00, real=0.33 secs] 
2976.234: [GC (Allocation Failure) [PSYoungGen: 302080K->122112K(508928K)] 442793K->262825K(1324544K), 0.0566889 secs] [Times: user=0.25 sys=0.08, real=0.06 secs] 
2979.447: [GC (Allocation Failure) [PSYoungGen: 465664K->136224K(480256K)] 606377K->399041K(1295872K), 0.0612252 secs] [Times: user=0.36 sys=0.00, real=0.06 secs] 
2981.506: [GC (Allocation Failure) [PSYoungGen: 479776K->10592K(507904K)] 742593K->273501K(1323520K), 0.0033899 secs] [Times: user=0.01 sys=0.00, real=0.00 secs] 
2982.960: [GC (Allocation Failure) [PSYoungGen: 332640K->149952K(472064K)] 595549K->421822K(1287680K), 0.0456612 secs] [Times: user=0.27 sys=0.00, real=0.05 secs] 
2986.466: [GC (Allocation Failure) [PSYoungGen: 472000K->105216K(499200K)] 743870K->518942K(1314816K), 0.0888757 secs] [Times: user=0.53 sys=0.00, real=0.08 secs] 
2987.989: [GC (Allocation Failure) [PSYoungGen: 400128K->137056K(432128K)] 813854K->653306K(1247744K), 0.0522747 secs] [Times: user=0.31 sys=0.00, real=0.05 secs] 
2989.861: [GC (Allocation Failure) [PSYoungGen: 431968K->101728K(499712K)] 948218K->745698K(1315328K), 0.1276272 secs] [Times: user=0.76 sys=0.00, real=0.13 secs] 
2989.988: [Full GC (Ergonomics) [PSYoungGen: 101728K->0K(499712K)] [ParOldGen: 643970K->21731K(791552K)] 745698K->21731K(1291264K), [Metaspace: 59987K->59987K(1105920K)], 0.0424652 secs] [Times: user=0.12 sys=0.00, real=0.04 secs] 
2990.660: [GC (GCLocker Initiated GC) [PSYoungGen: 292352K->134624K(491520K)] 314084K->156356K(1283072K), 0.0270027 secs] [Times: user=0.16 sys=0.00, real=0.03 secs] 
2991.975: [GC (Allocation Failure) [PSYoungGen: 426976K->108704K(492544K)] 448710K->256162K(1284096K), 0.0636196 secs] [Times: user=0.37 sys=0.00, real=0.07 secs] 
2996.237: [GC (Allocation Failure) [PSYoungGen: 404128K->116448K(493568K)] 551586K->372754K(1285120K), 0.0585242 secs] [Times: user=0.35 sys=0.00, real=0.06 secs] 
2997.396: [GC (Allocation Failure) [PSYoungGen: 411872K->131424K(495616K)] 668178K->494046K(1287168K), 0.0622869 secs] [Times: user=0.37 sys=0.00, real=0.06 secs] 
2998.550: [GC (Allocation Failure) [PSYoungGen: 432480K->104448K(406016K)] 795102K->598278K(1197568K), 0.0654408 secs] [Times: user=0.39 sys=0.00, real=0.07 secs] 
3001.319: [GC (Allocation Failure) [PSYoungGen: 405504K->143232K(489472K)] 899334K->731182K(1281024K), 0.0621251 secs] [Times: user=0.37 sys=0.00, real=0.06 secs] 
3004.928: [GC (Allocation Failure) [PSYoungGen: 444288K->92800K(495616K)] 1032238K->824198K(1287168K), 0.0835643 secs] [Times: user=0.50 sys=0.00, real=0.08 secs] 
3005.012: [Full GC (Ergonomics) [PSYoungGen: 92800K->0K(495616K)] [ParOldGen: 731398K->109415K(955392K)] 824198K->109415K(1451008K), [Metaspace: 60001K->60001K(1105920K)], 0.2495460 secs] [Times: user=1.13 sys=0.00, real=0.25 secs] 
3005.478: [GC (Allocation Failure) [PSYoungGen: 301056K->150432K(494080K)] 410471K->259847K(1449472K), 0.0322451 secs] [Times: user=0.18 sys=0.01, real=0.03 secs] 
3008.396: [GC (Allocation Failure) [PSYoungGen: 456096K->88928K(502272K)] 565511K->349008K(1457664K), 0.0897084 secs] [Times: user=0.53 sys=0.00, real=0.09 secs] 
3008.710: [GC (Allocation Failure) [PSYoungGen: 394592K->150464K(492032K)] 654672K->493163K(1447424K), 0.0562067 secs] [Times: user=0.34 sys=0.00, real=0.06 secs] 
3011.367: [GC (Allocation Failure) [PSYoungGen: 451008K->84864K(499712K)] 793707K->577815K(1455104K), 0.0968163 secs] [Times: user=0.57 sys=0.00, real=0.09 secs] 
3011.842: [GC (Allocation Failure) [PSYoungGen: 385408K->149024K(491520K)] 878359K->720180K(1446912K), 0.0807519 secs] [Times: user=0.48 sys=0.00, real=0.08 secs] 
3015.718: [GC (Allocation Failure) [PSYoungGen: 445472K->82528K(497664K)] 1016628K->802932K(1453056K), 0.1136205 secs] [Times: user=0.68 sys=0.00, real=0.11 secs] 
3016.069: [GC (Allocation Failure) [PSYoungGen: 378976K->147904K(491008K)] 1099380K->944904K(1446400K), 0.0549315 secs] [Times: user=0.30 sys=0.01, real=0.05 secs] 
3016.124: [Full GC (Ergonomics) [PSYoungGen: 147904K->0K(491008K)] [ParOldGen: 797000K->222973K(1099776K)] 944904K->222973K(1590784K), [Metaspace: 60018K->60018K(1105920K)], 0.5285907 secs] [Times: user=2.49 sys=0.00, real=0.53 secs] 
3020.335: [GC (Allocation Failure) [PSYoungGen: 293376K->88896K(496128K)] 516349K->311869K(1595904K), 0.1046240 secs] [Times: user=0.62 sys=0.00, real=0.11 secs] 
3020.702: [GC (Allocation Failure) [PSYoungGen: 366831K->137696K(495616K)] 589805K->435786K(1595392K), 0.0456638 secs] [Times: user=0.27 sys=0.00, real=0.05 secs] 
3022.701: [GC (Allocation Failure) [PSYoungGen: 435168K->96384K(394240K)] 733258K->524066K(1494016K), 0.1409268 secs] [Times: user=0.84 sys=0.00, real=0.14 secs] 
3023.394: [GC (Allocation Failure) [PSYoungGen: 393856K->143104K(492544K)] 821538K->663283K(1592320K), 0.0481957 secs] [Times: user=0.28 sys=0.00, real=0.05 secs] 
3025.314: [GC (Allocation Failure) [PSYoungGen: 441600K->98048K(495616K)] 961779K->752643K(1595392K), 0.1724363 secs] [Times: user=1.03 sys=0.00, real=0.18 secs] 
3027.204: [GC (Allocation Failure) [PSYoungGen: 396544K->137472K(498688K)] 1051139K->887540K(1598464K), 0.0502131 secs] [Times: user=0.30 sys=0.00, real=0.05 secs] 
3028.383: [GC (Allocation Failure) [PSYoungGen: 444160K->102592K(499712K)] 1194228K->980732K(1599488K), 0.0819436 secs] [Times: user=0.36 sys=0.06, real=0.08 secs] 
3030.081: [GC (Allocation Failure) [PSYoungGen: 409280K->142336K(498176K)] 1287420K->1120737K(1597952K), 0.0722056 secs] [Times: user=0.26 sys=0.15, real=0.07 secs] 
3030.153: [Full GC (Ergonomics) [PSYoungGen: 142336K->0K(498176K)] [ParOldGen: 978401K->165922K(1063424K)] 1120737K->165922K(1561600K), [Metaspace: 60035K->60035K(1105920K)], 0.3889672 secs] [Times: user=1.80 sys=0.00, real=0.39 secs] 
3031.870: [GC (GCLocker Initiated GC) [PSYoungGen: 310784K->106336K(501248K)] 476706K->272259K(1564672K), 0.0767742 secs] [Times: user=0.45 sys=0.00, real=0.08 secs] 
3033.372: [GC (Allocation Failure) [PSYoungGen: 417120K->144576K(502784K)] 583046K->414586K(1566208K), 0.0541363 secs] [Times: user=0.32 sys=0.00, real=0.06 secs] 
3034.715: [GC (Allocation Failure) [PSYoungGen: 462016K->108096K(506368K)] 732026K->513458K(1569792K), 0.0972094 secs] [Times: user=0.58 sys=0.00, real=0.10 secs] 
3036.329: [GC (Allocation Failure) [PSYoungGen: 425536K->146272K(504832K)] 830898K->657984K(1568256K), 0.0534811 secs] [Times: user=0.32 sys=0.00, real=0.05 secs] 
3037.964: [GC (Allocation Failure) [PSYoungGen: 467296K->111264K(508416K)] 979008K->760432K(1571840K), 0.1204015 secs] [Times: user=0.71 sys=0.00, real=0.12 secs] 
3039.988: [GC (Allocation Failure) [PSYoungGen: 432288K->150304K(505856K)] 1081456K->907917K(1569280K), 0.0556302 secs] [Times: user=0.32 sys=0.01, real=0.05 secs] 
3041.373: [GC (GCLocker Initiated GC) [PSYoungGen: 473376K->109184K(510464K)] 1230989K->1007413K(1573888K), 0.0707932 secs] [Times: user=0.42 sys=0.00, real=0.07 secs] 
3041.444: [Full GC (Ergonomics) [PSYoungGen: 109184K->0K(510464K)] [ParOldGen: 898229K->44462K(996864K)] 1007413K->44462K(1507328K), [Metaspace: 60056K->60056K(1105920K)], 0.0945443 secs] [Times: user=0.37 sys=0.00, real=0.10 secs] 
3042.149: [GC (Allocation Failure) [PSYoungGen: 323072K->154048K(503296K)] 367537K->198513K(1500160K), 0.0315345 secs] [Times: user=0.17 sys=0.01, real=0.03 secs] 
3045.110: [GC (Allocation Failure) [PSYoungGen: 474048K->100992K(509440K)] 518513K->290905K(1506304K), 0.1451422 secs] [Times: user=0.86 sys=0.00, real=0.14 secs] 
3046.724: [GC (Allocation Failure) [PSYoungGen: 420576K->154112K(501760K)] 610490K->440846K(1498624K), 0.0496853 secs] [Times: user=0.30 sys=0.00, real=0.05 secs] 
3048.443: [GC (Allocation Failure) [PSYoungGen: 468992K->102592K(506880K)] 755726K->535214K(1503744K), 0.1024206 secs] [Times: user=0.61 sys=0.00, real=0.10 secs] 
3049.793: [GC (Allocation Failure) [PSYoungGen: 416929K->149056K(503296K)] 849552K->679935K(1500160K), 0.0498593 secs] [Times: user=0.30 sys=0.00, real=0.05 secs] 
3052.006: [GC (Allocation Failure) [PSYoungGen: 462912K->103648K(506368K)] 993791K->774507K(1503232K), 0.1665333 secs] [Times: user=0.83 sys=0.00, real=0.16 secs] 
3052.653: [GC (Allocation Failure) [PSYoungGen: 408989K->146848K(504320K)] 1079849K->917584K(1501184K), 0.0497582 secs] [Times: user=0.29 sys=0.00, real=0.05 secs] 
3055.104: [GC (Allocation Failure) [PSYoungGen: 461728K->100288K(506368K)] 1232464K->1009752K(1503232K), 0.1542725 secs] [Times: user=0.92 sys=0.00, real=0.16 secs] 
3055.259: [Full GC (Ergonomics) [PSYoungGen: 100288K->0K(506368K)] [ParOldGen: 909464K->51571K(1043456K)] 1009752K->51571K(1549824K), [Metaspace: 60062K->60062K(1105920K)], 0.1456602 secs] [Times: user=0.64 sys=0.00, real=0.14 secs] 
3055.967: [GC (Allocation Failure) [PSYoungGen: 314233K->151168K(502272K)] 365805K->202739K(1545728K), 0.0298723 secs] [Times: user=0.17 sys=0.00, real=0.03 secs] 
3057.429: [GC (Allocation Failure) [PSYoungGen: 464000K->106240K(505856K)] 515571K->300260K(1549312K), 0.1059679 secs] [Times: user=0.63 sys=0.01, real=0.10 secs] 
3057.875: [GC (Allocation Failure) [PSYoungGen: 409588K->146432K(504832K)] 603608K->440936K(1548288K), 0.0492978 secs] [Times: user=0.29 sys=0.00, real=0.05 secs] 
3060.654: [GC (Allocation Failure) [PSYoungGen: 461312K->100640K(506368K)] 755816K->533012K(1549824K), 0.1525783 secs] [Times: user=0.89 sys=0.02, real=0.16 secs] 
3061.799: [GC (Allocation Failure) [PSYoungGen: 415520K->150400K(503296K)] 847892K->679469K(1546752K), 0.0496982 secs] [Times: user=0.29 sys=0.00, real=0.05 secs] 
3064.021: [GC (Allocation Failure) [PSYoungGen: 464256K->101344K(506368K)] 993325K->772125K(1549824K), 0.1498511 secs] [Times: user=0.89 sys=0.00, real=0.15 secs] 
3064.657: [GC (Allocation Failure) [PSYoungGen: 409604K->149568K(503296K)] 1080386K->917830K(1546752K), 0.0500374 secs] [Times: user=0.30 sys=0.00, real=0.05 secs] 
3067.849: [GC (Allocation Failure) [PSYoungGen: 462400K->97920K(505856K)] 1230662K->1007482K(1549312K), 0.1668594 secs] [Times: user=0.99 sys=0.00, real=0.17 secs] 
3068.016: [Full GC (Ergonomics) [PSYoungGen: 97920K->0K(505856K)] [ParOldGen: 909562K->49252K(1074176K)] 1007482K->49252K(1580032K), [Metaspace: 60072K->60072K(1105920K)], 0.1406735 secs] [Times: user=0.61 sys=0.00, real=0.14 secs] 
3068.958: [GC (Allocation Failure) [PSYoungGen: 312832K->151200K(500224K)] 362084K->200452K(1574400K), 0.0299239 secs] [Times: user=0.17 sys=0.00, real=0.03 secs] 
3072.464: [GC (Allocation Failure) [PSYoungGen: 459936K->99040K(503808K)] 509188K->291212K(1577984K), 0.1482028 secs] [Times: user=0.88 sys=0.00, real=0.15 secs] 
3073.610: [GC (Allocation Failure) [PSYoungGen: 407776K->148512K(501248K)] 599948K->435705K(1575424K), 0.0493264 secs] [Times: user=0.29 sys=0.00, real=0.05 secs] 
3076.155: [GC (Allocation Failure) [PSYoungGen: 457248K->99520K(503808K)] 744441K->525989K(1577984K), 0.1069227 secs] [Times: user=0.63 sys=0.01, real=0.11 secs] 
3076.731: [GC (Allocation Failure) [PSYoungGen: 408256K->149760K(500224K)] 834725K->672374K(1574400K), 0.0501889 secs] [Times: user=0.30 sys=0.00, real=0.05 secs] 
3079.563: [GC (Allocation Failure) [PSYoungGen: 457472K->99392K(503296K)] 980086K->763662K(1577472K), 0.1858740 secs] [Times: user=0.90 sys=0.01, real=0.19 secs] 
3080.233: [GC (Allocation Failure) [PSYoungGen: 407104K->147360K(501760K)] 1071374K->906882K(1575936K), 0.0500848 secs] [Times: user=0.29 sys=0.00, real=0.05 secs] 
3083.353: [GC (Allocation Failure) [PSYoungGen: 454314K->103168K(412160K)] 1213837K->1000555K(1486336K), 0.1327043 secs] [Times: user=0.79 sys=0.00, real=0.14 secs] 
3083.486: [Full GC (Ergonomics) [PSYoungGen: 103168K->0K(412160K)] [ParOldGen: 897387K->41451K(1098752K)] 1000555K->41451K(1510912K), [Metaspace: 60086K->60086K(1105920K)], 0.1121622 secs] [Times: user=0.46 sys=0.00, real=0.11 secs] 
3084.533: [GC (Allocation Failure) [PSYoungGen: 308736K->146336K(501248K)] 350187K->187787K(1600000K), 0.0284389 secs] [Times: user=0.17 sys=0.00, real=0.03 secs] 
3086.819: [GC (Allocation Failure) [PSYoungGen: 455584K->98720K(502784K)] 497035K->278203K(1601536K), 0.1485527 secs] [Times: user=0.88 sys=0.01, real=0.15 secs] 
3087.546: [GC (Allocation Failure) [PSYoungGen: 407968K->146848K(502784K)] 587451K->422460K(1601536K), 0.0499617 secs] [Times: user=0.30 sys=0.00, real=0.05 secs] 
3089.682: [GC (GCLocker Initiated GC) [PSYoungGen: 458144K->102048K(413696K)] 733756K->515276K(1512448K), 0.1583882 secs] [Times: user=0.94 sys=0.00, real=0.16 secs] 
3090.760: [GC (Allocation Failure) [PSYoungGen: 413344K->147552K(501760K)] 826607K->659924K(1600512K), 0.0515395 secs] [Times: user=0.30 sys=0.00, real=0.05 secs] 
3093.230: [GC (Allocation Failure) [PSYoungGen: 458848K->103328K(504320K)] 971220K->754173K(1603072K), 0.1450267 secs] [Times: user=0.86 sys=0.00, real=0.14 secs] 
3094.759: [GC (Allocation Failure) [PSYoungGen: 414624K->145152K(503808K)] 1065469K->897218K(1602560K), 0.1374376 secs] [Times: user=0.82 sys=0.01, real=0.14 secs] 
3097.752: [GC (Allocation Failure) [PSYoungGen: 459008K->101888K(505344K)] 1211074K->990378K(1604096K), 0.1241749 secs] [Times: user=0.74 sys=0.00, real=0.13 secs] 
3099.373: [GC (GCLocker Initiated GC) [PSYoungGen: 415744K->145792K(504320K)] 1304235K->1133607K(1603072K), 0.0892210 secs] [Times: user=0.51 sys=0.01, real=0.09 secs] 
3099.462: [Full GC (Ergonomics) [PSYoungGen: 145792K->0K(504320K)] [ParOldGen: 987815K->174784K(1260032K)] 1133607K->174784K(1764352K), [Metaspace: 60091K->60091K(1105920K)], 0.4346121 secs] [Times: user=2.04 sys=0.00, real=0.44 secs] 
3102.660: [GC (Allocation Failure) [PSYoungGen: 315392K->104320K(506368K)] 490178K->279114K(1766400K), 0.0714259 secs] [Times: user=0.42 sys=0.00, real=0.07 secs] 
3105.196: [GC (Allocation Failure) [PSYoungGen: 419712K->146400K(504832K)] 594506K->422479K(1764864K), 0.0528246 secs] [Times: user=0.31 sys=0.00, real=0.05 secs] 
3106.526: [GC (Allocation Failure) [PSYoungGen: 463328K->108256K(506880K)] 739407K->521383K(1766912K), 0.0700289 secs] [Times: user=0.42 sys=0.00, real=0.07 secs] 
3107.965: [GC (Allocation Failure) [PSYoungGen: 425184K->147424K(504832K)] 838311K->667261K(1764864K), 0.1114790 secs] [Times: user=0.65 sys=0.00, real=0.11 secs] 
3110.992: [GC (Allocation Failure) [PSYoungGen: 465888K->104896K(507392K)] 985725K->763605K(1767424K), 0.1660375 secs] [Times: user=0.99 sys=0.00, real=0.17 secs] 
3112.648: [GC (Allocation Failure) [PSYoungGen: 423360K->149664K(506368K)] 1082069K->910422K(1766400K), 0.0534086 secs] [Times: user=0.32 sys=0.00, real=0.05 secs] 
3114.518: [GC (Allocation Failure) [PSYoungGen: 469664K->106016K(509440K)] 1230422K->1007226K(1769472K), 0.1515830 secs] [Times: user=0.90 sys=0.01, real=0.15 secs] 
3115.465: [GC (Allocation Failure) [PSYoungGen: 426016K->153311K(502784K)] 1327226K->1156051K(1762816K), 0.0546302 secs] [Times: user=0.30 sys=0.02, real=0.06 secs] 
3116.893: [GC (Allocation Failure) [PSYoungGen: 469215K->105120K(507392K)] 1471955K->1252171K(1767424K), 0.1037975 secs] [Times: user=0.52 sys=0.09, real=0.11 secs] 
3116.997: [Full GC (Ergonomics) [PSYoungGen: 105120K->0K(507392K)] [ParOldGen: 1147051K->50742K(1171456K)] 1252171K->50742K(1678848K), [Metaspace: 60121K->60121K(1105920K)], 0.1014713 secs] [Times: user=0.41 sys=0.00, real=0.10 secs] 
3117.919: [GC (Allocation Failure) [PSYoungGen: 313800K->152256K(502784K)] 364543K->202998K(1674240K), 0.0301868 secs] [Times: user=0.18 sys=0.00, real=0.03 secs] 
3120.607: [GC (Allocation Failure) [PSYoungGen: 466112K->97664K(506368K)] 516854K->292122K(1677824K), 0.1706874 secs] [Times: user=0.95 sys=0.00, real=0.17 secs] 
3121.687: [GC (Allocation Failure) [PSYoungGen: 411520K->151968K(500736K)] 605978K->439911K(1672192K), 0.0481533 secs] [Times: user=0.28 sys=0.00, real=0.04 secs] 
3126.025: [GC (Allocation Failure) [PSYoungGen: 461728K->99072K(504320K)] 749671K->530479K(1675776K), 0.1797467 secs] [Times: user=1.07 sys=0.00, real=0.18 secs] 
3127.590: [GC (Allocation Failure) [PSYoungGen: 408832K->150880K(500224K)] 840239K->676968K(1671680K), 0.0497360 secs] [Times: user=0.30 sys=0.00, real=0.05 secs] 
3129.295: [GC (Allocation Failure) [PSYoungGen: 458592K->98112K(503296K)] 984680K->766480K(1674752K), 0.1473816 secs] [Times: user=0.87 sys=0.01, real=0.14 secs] 
3130.396: [GC (Allocation Failure) [PSYoungGen: 405824K->149152K(500224K)] 1074192K->912529K(1671680K), 0.0997823 secs] [Times: user=0.59 sys=0.00, real=0.09 secs] 
3132.025: [GC (Allocation Failure) [PSYoungGen: 455840K->100288K(502784K)] 1219217K->1004673K(1674240K), 0.1056901 secs] [Times: user=0.63 sys=0.00, real=0.11 secs] 
3132.953: [GC (Allocation Failure) [PSYoungGen: 406976K->143744K(502272K)] 1311361K->1145258K(1673728K), 0.0806165 secs] [Times: user=0.48 sys=0.00, real=0.08 secs] 
3133.034: [Full GC (Ergonomics) [PSYoungGen: 143744K->0K(502272K)] [ParOldGen: 1001514K->184378K(1345536K)] 1145258K->184378K(1847808K), [Metaspace: 60122K->60122K(1105920K)], 0.4446758 secs] [Times: user=2.07 sys=0.00, real=0.45 secs] 
3136.505: [GC (Allocation Failure) [PSYoungGen: 308736K->99360K(502784K)] 493114K->283738K(1848320K), 0.0426191 secs] [Times: user=0.25 sys=0.00, real=0.04 secs] 
3137.879: [GC (Allocation Failure) [PSYoungGen: 408096K->143936K(502784K)] 592474K->425859K(1848320K), 0.0628982 secs] [Times: user=0.37 sys=0.00, real=0.06 secs] 
3140.106: [GC (Allocation Failure) [PSYoungGen: 454720K->104512K(503296K)] 736643K->521819K(1848832K), 0.0805376 secs] [Times: user=0.48 sys=0.00, real=0.08 secs] 
3140.707: [GC (Allocation Failure) [PSYoungGen: 415296K->147040K(501760K)] 832603K->667163K(1847296K), 0.0527779 secs] [Times: user=0.31 sys=0.00, real=0.05 secs] 
3143.248: [GC (Allocation Failure) [PSYoungGen: 459360K->102208K(503808K)] 979483K->760716K(1849344K), 0.1060031 secs] [Times: user=0.63 sys=0.01, real=0.10 secs] 
3143.726: [GC (Allocation Failure) [PSYoungGen: 414528K->150048K(502784K)] 1073036K->909016K(1848320K), 0.0525841 secs] [Times: user=0.31 sys=0.00, real=0.05 secs] 
3146.147: [GC (Allocation Failure) [PSYoungGen: 463904K->99040K(506368K)] 1222872K->999752K(1851904K), 0.1200413 secs] [Times: user=0.71 sys=0.00, real=0.12 secs] 
3146.877: [GC (Allocation Failure) [PSYoungGen: 412896K->150752K(501248K)] 1313608K->1148313K(1846784K), 0.0516601 secs] [Times: user=0.30 sys=0.00, real=0.05 secs] 
3150.182: [GC (Allocation Failure) [PSYoungGen: 461536K->97984K(504832K)] 1459097K->1238169K(1850368K), 0.1134204 secs] [Times: user=0.68 sys=0.00, real=0.11 secs] 
3151.325: [GC (GCLocker Initiated GC) [PSYoungGen: 408768K->144704K(504832K)] 1548954K->1380615K(1850368K), 0.1350580 secs] [Times: user=0.52 sys=0.19, real=0.14 secs] 
3151.460: [Full GC (Ergonomics) [PSYoungGen: 144704K->0K(504832K)] [ParOldGen: 1235911K->177215K(1370624K)] 1380615K->177215K(1875456K), [Metaspace: 60125K->60125K(1105920K)], 0.4374167 secs] [Times: user=1.96 sys=0.00, real=0.44 secs] 
3153.906: [GC (Allocation Failure) [PSYoungGen: 312832K->104032K(417280K)] 490049K->281249K(1787904K), 0.0343074 secs] [Times: user=0.20 sys=0.00, real=0.03 secs] 
3154.357: [GC (Allocation Failure) [PSYoungGen: 416864K->147840K(501248K)] 594081K->427514K(1871872K), 0.0600414 secs] [Times: user=0.36 sys=0.00, real=0.06 secs] 
3156.787: [GC (Allocation Failure) [PSYoungGen: 459136K->99872K(503808K)] 738810K->518778K(1874432K), 0.1796028 secs] [Times: user=1.07 sys=0.00, real=0.18 secs] 
3158.136: [GC (Allocation Failure) [PSYoungGen: 411168K->145408K(504832K)] 830074K->661507K(1875456K), 0.0517701 secs] [Times: user=0.31 sys=0.00, real=0.05 secs] 
3159.864: [GC (Allocation Failure) [PSYoungGen: 460288K->107584K(422912K)] 976387K->760059K(1793536K), 0.1379534 secs] [Times: user=0.82 sys=0.00, real=0.14 secs] 
3161.838: [GC (Allocation Failure) [PSYoungGen: 422464K->148288K(502272K)] 1074939K->905048K(1872896K), 0.0527266 secs] [Times: user=0.31 sys=0.00, real=0.05 secs] 
3163.355: [GC (Allocation Failure) [PSYoungGen: 462656K->105568K(505344K)] 1219416K->1001876K(1875968K), 0.1106297 secs] [Times: user=0.66 sys=0.00, real=0.11 secs] 
3164.355: [GC (Allocation Failure) [PSYoungGen: 419936K->149536K(504832K)] 1316244K->1148276K(1875456K), 0.0533618 secs] [Times: user=0.31 sys=0.00, real=0.06 secs] 
3166.379: [GC (Allocation Failure) [PSYoungGen: 465903K->104352K(507904K)] 1464644K->1243465K(1878528K), 0.1612835 secs] [Times: user=0.96 sys=0.00, real=0.16 secs] 
3167.221: [GC (Allocation Failure) [PSYoungGen: 421280K->152608K(502272K)] 1560393K->1393264K(1872896K), 0.0529928 secs] [Times: user=0.32 sys=0.00, real=0.05 secs] 
3167.274: [Full GC (Ergonomics) [PSYoungGen: 152608K->0K(502272K)] [ParOldGen: 1240656K->190512K(1398272K)] 1393264K->190512K(1900544K), [Metaspace: 60127K->60127K(1105920K)], 0.4558322 secs] [Times: user=2.12 sys=0.00, real=0.46 secs] 
3170.387: [GC (Allocation Failure) [PSYoungGen: 313856K->99264K(506368K)] 504368K->289776K(1904640K), 0.0969636 secs] [Times: user=0.57 sys=0.00, real=0.09 secs] 
3171.635: [GC (GCLocker Initiated GC) [PSYoungGen: 413120K->146912K(504320K)] 603632K->433169K(1902592K), 0.0498539 secs] [Times: user=0.28 sys=0.01, real=0.05 secs] 
3173.857: [GC (Allocation Failure) [PSYoungGen: 460768K->106080K(420352K)] 747040K->530352K(1818624K), 0.1605458 secs] [Times: user=0.95 sys=0.00, real=0.16 secs] 
3174.757: [GC (Allocation Failure) [PSYoungGen: 419936K->151520K(501760K)] 844208K->676253K(1900032K), 0.0531139 secs] [Times: user=0.31 sys=0.00, real=0.05 secs] 
3177.651: [GC (Allocation Failure) [PSYoungGen: 463840K->99456K(505344K)] 988573K->767121K(1903616K), 0.1771789 secs] [Times: user=1.06 sys=0.00, real=0.18 secs] 
3178.497: [GC (Allocation Failure) [PSYoungGen: 411776K->151072K(501760K)] 1079441K->913914K(1900032K), 0.0508692 secs] [Times: user=0.31 sys=0.00, real=0.05 secs] 
3180.402: [GC (Allocation Failure) [PSYoungGen: 461856K->99840K(504832K)] 1224698K->1004722K(1903104K), 0.1601269 secs] [Times: user=0.95 sys=0.00, real=0.16 secs] 
3181.069: [GC (Allocation Failure) [PSYoungGen: 410624K->151392K(499712K)] 1315506K->1152911K(1897984K), 0.0525573 secs] [Times: user=0.31 sys=0.00, real=0.05 secs] 
3183.363: [GC (Allocation Failure) [PSYoungGen: 457734K->97696K(503296K)] 1459254K->1242207K(1901568K), 0.1508134 secs] [Times: user=0.89 sys=0.00, real=0.15 secs] 
3184.522: [GC (Allocation Failure) [PSYoungGen: 405408K->145408K(503296K)] 1549919K->1385004K(1901568K), 0.0527204 secs] [Times: user=0.31 sys=0.00, real=0.05 secs] 
3184.575: [Full GC (Ergonomics) [PSYoungGen: 145408K->0K(503296K)] [ParOldGen: 1239596K->184304K(1398272K)] 1385004K->184304K(1901568K), [Metaspace: 60140K->60140K(1105920K)], 0.4285781 secs] [Times: user=1.98 sys=0.00, real=0.43 secs] 
3187.760: [GC (Allocation Failure) [PSYoungGen: 309760K->99456K(409600K)] 494064K->283760K(1807872K), 0.0499458 secs] [Times: user=0.29 sys=0.00, real=0.05 secs] 
3188.515: [GC (Allocation Failure) [PSYoungGen: 409216K->144064K(502784K)] 593520K->425718K(1901056K), 0.0508492 secs] [Times: user=0.30 sys=0.00, real=0.05 secs] 
3191.673: [GC (Allocation Failure) [PSYoungGen: 454336K->105856K(416256K)] 735990K->521891K(1814528K), 0.0650177 secs] [Times: user=0.39 sys=0.00, real=0.07 secs] 
3192.130: [GC (Allocation Failure) [PSYoungGen: 416128K->147200K(500224K)] 832163K->666876K(1898496K), 0.0531921 secs] [Times: user=0.31 sys=0.00, real=0.05 secs] 
3193.861: [GC (Allocation Failure) [PSYoungGen: 457984K->103648K(502784K)] 977660K->761692K(1901056K), 0.1228560 secs] [Times: user=0.74 sys=0.00, real=0.12 secs] 
3194.825: [GC (Allocation Failure) [PSYoungGen: 414432K->147616K(503808K)] 1072476K->906846K(1902080K), 0.0523782 secs] [Times: user=0.31 sys=0.00, real=0.06 secs] 
3197.295: [GC (Allocation Failure) [PSYoungGen: 462496K->103296K(506368K)] 1221726K->1002038K(1904640K), 0.1745408 secs] [Times: user=1.04 sys=0.01, real=0.18 secs] 
3198.923: [GC (Allocation Failure) [PSYoungGen: 418176K->148800K(504832K)] 1316918K->1147503K(1903104K), 0.0519535 secs] [Times: user=0.30 sys=0.00, real=0.05 secs] 
3200.889: [GC (Allocation Failure) [PSYoungGen: 464704K->101280K(507392K)] 1463407K->1240135K(1905664K), 0.1547399 secs] [Times: user=0.92 sys=0.00, real=0.15 secs] 
3202.286: [GC (Allocation Failure) [PSYoungGen: 417184K->148000K(505344K)] 1556039K->1385808K(1903616K), 0.0520689 secs] [Times: user=0.31 sys=0.00, real=0.05 secs] 
3202.338: [Full GC (Ergonomics) [PSYoungGen: 148000K->0K(505344K)] [ParOldGen: 1237808K->183450K(1398272K)] 1385808K->183450K(1903616K), [Metaspace: 60146K->60146K(1105920K)], 0.4305429 secs] [Times: user=1.99 sys=0.00, real=0.43 secs] 
3204.746: [GC (Allocation Failure) [PSYoungGen: 315904K->103680K(419840K)] 499354K->287130K(1818112K), 0.1021402 secs] [Times: user=0.61 sys=0.00, real=0.10 secs] 
3206.933: [GC (Allocation Failure) [PSYoungGen: 419584K->147264K(504832K)] 603034K->431243K(1903104K), 0.0521644 secs] [Times: user=0.30 sys=0.00, real=0.05 secs] 
3209.008: [GC (Allocation Failure) [PSYoungGen: 463168K->104608K(506880K)] 747147K->526763K(1905152K), 0.1666550 secs] [Times: user=0.99 sys=0.00, real=0.16 secs] 
3209.844: [GC (Allocation Failure) [PSYoungGen: 420512K->148864K(504832K)] 842667K->672768K(1903104K), 0.0518616 secs] [Times: user=0.31 sys=0.00, real=0.06 secs] 
3211.644: [GC (Allocation Failure) [PSYoungGen: 465280K->105920K(507392K)] 989184K->769452K(1905664K), 0.1379087 secs] [Times: user=0.82 sys=0.00, real=0.14 secs] 
3212.309: [GC (Allocation Failure) [PSYoungGen: 422336K->161280K(496128K)] 1085868K->927013K(1894400K), 0.0536168 secs] [Times: user=0.32 sys=0.00, real=0.05 secs] 
3215.089: [GC (Allocation Failure) [PSYoungGen: 468992K->97152K(503296K)] 1234725K->1007337K(1901568K), 0.1677391 secs] [Times: user=0.99 sys=0.01, real=0.17 secs] 
3216.259: [GC (Allocation Failure) [PSYoungGen: 404864K->148288K(501760K)] 1315049K->1151454K(1900032K), 0.0497137 secs] [Times: user=0.29 sys=0.01, real=0.05 secs] 
3218.652: [GC (Allocation Failure) [PSYoungGen: 456000K->100384K(408576K)] 1459166K->1243010K(1806848K), 0.1526532 secs] [Times: user=0.91 sys=0.00, real=0.15 secs] 
3219.500: [GC (Allocation Failure) [PSYoungGen: 408096K->146464K(501760K)] 1550722K->1386675K(1900032K), 0.0516697 secs] [Times: user=0.30 sys=0.00, real=0.05 secs] 
3219.552: [Full GC (Ergonomics) [PSYoungGen: 146464K->0K(501760K)] [ParOldGen: 1240211K->184608K(1398272K)] 1386675K->184608K(1900032K), [Metaspace: 60153K->60153K(1105920K)], 0.4453074 secs] [Times: user=2.09 sys=0.00, real=0.45 secs] 
3221.708: [GC (Allocation Failure) [PSYoungGen: 308224K->101344K(502784K)] 492832K->285952K(1901056K), 0.0702928 secs] [Times: user=0.42 sys=0.00, real=0.07 secs] 
3223.255: [GC (Allocation Failure) [PSYoungGen: 409568K->145632K(502272K)] 594176K->428357K(1900544K), 0.0513117 secs] [Times: user=0.30 sys=0.00, real=0.06 secs] 
3224.693: [GC (Allocation Failure) [PSYoungGen: 455392K->103616K(503296K)] 738117K->523097K(1901568K), 0.1286156 secs] [Times: user=0.77 sys=0.01, real=0.13 secs] 
3225.819: [GC (Allocation Failure) [PSYoungGen: 413376K->143584K(502784K)] 832857K->664473K(1901056K), 0.0515544 secs] [Times: user=0.31 sys=0.00, real=0.05 secs] 
3228.070: [GC (Allocation Failure) [PSYoungGen: 455904K->104608K(503296K)] 976793K->760230K(1901568K), 0.1085704 secs] [Times: user=0.64 sys=0.00, real=0.11 secs] 
3228.786: [GC (Allocation Failure) [PSYoungGen: 416928K->148832K(503296K)] 1072550K->906190K(1901568K), 0.0525086 secs] [Times: user=0.31 sys=0.00, real=0.05 secs] 
3231.336: [GC (Allocation Failure) [PSYoungGen: 463712K->102656K(505856K)] 1221070K->999694K(1904128K), 0.1408758 secs] [Times: user=0.84 sys=0.00, real=0.14 secs] 
3232.674: [GC (Allocation Failure) [PSYoungGen: 417536K->146784K(505856K)] 1314574K->1143723K(1904128K), 0.0523633 secs] [Times: user=0.31 sys=0.00, real=0.06 secs] 
3234.701: [GC (Allocation Failure) [PSYoungGen: 463712K->106144K(423424K)] 1460651K->1240743K(1821696K), 0.1290480 secs] [Times: user=0.77 sys=0.01, real=0.13 secs] 
3235.884: [GC (Allocation Failure) [PSYoungGen: 423072K->150528K(503808K)] 1557671K->1387744K(1902080K), 0.0532276 secs] [Times: user=0.32 sys=0.00, real=0.06 secs] 
3235.937: [Full GC (Ergonomics) [PSYoungGen: 150528K->0K(503808K)] [ParOldGen: 1237216K->185943K(1398272K)] 1387744K->185943K(1902080K), [Metaspace: 60155K->60155K(1105920K)], 0.4482342 secs] [Times: user=2.09 sys=0.00, real=0.45 secs] 
3238.297: [GC (Allocation Failure) [PSYoungGen: 315904K->104064K(506880K)] 501847K->290007K(1905152K), 0.0862120 secs] [Times: user=0.50 sys=0.00, real=0.08 secs] 
3239.302: [GC (Allocation Failure) [PSYoungGen: 419968K->148480K(505344K)] 605911K->434972K(1903616K), 0.0519223 secs] [Times: user=0.31 sys=0.00, real=0.05 secs] 
3241.382: [GC (Allocation Failure) [PSYoungGen: 465408K->105408K(507904K)] 751900K->531312K(1906176K), 0.1560403 secs] [Times: user=0.92 sys=0.00, real=0.16 secs] 
3242.230: [GC (Allocation Failure) [PSYoungGen: 422336K->151136K(503296K)] 848240K->678589K(1901568K), 0.0523657 secs] [Times: user=0.31 sys=0.00, real=0.05 secs] 
3244.883: [GC (Allocation Failure) [PSYoungGen: 466016K->101760K(506880K)] 993469K->771373K(1905152K), 0.1609675 secs] [Times: user=0.95 sys=0.01, real=0.16 secs] 
3245.678: [GC (Allocation Failure) [PSYoungGen: 416640K->152672K(501760K)] 1086253K->919857K(1900032K), 0.0514022 secs] [Times: user=0.30 sys=0.00, real=0.05 secs] 
3247.975: [GC (Allocation Failure) [PSYoungGen: 464480K->101376K(505344K)] 1231665K->1012417K(1903616K), 0.1443347 secs] [Times: user=0.86 sys=0.00, real=0.15 secs] 
3248.765: [GC (Allocation Failure) [PSYoungGen: 413184K->150592K(502272K)] 1324225K->1159663K(1900544K), 0.0512363 secs] [Times: user=0.30 sys=0.00, real=0.05 secs] 
3250.935: [GC (Allocation Failure) [PSYoungGen: 461376K->101088K(504832K)] 1470447K->1252063K(1903104K), 0.1525175 secs] [Times: user=0.91 sys=0.00, real=0.16 secs] 
3251.438: [GC (Allocation Failure) [PSYoungGen: 411872K->152320K(499712K)] 1562847K->1400961K(1897984K), 0.0537141 secs] [Times: user=0.31 sys=0.01, real=0.05 secs] 
3251.492: [Full GC (Ergonomics) [PSYoungGen: 152320K->0K(499712K)] [ParOldGen: 1248641K->195976K(1398272K)] 1400961K->195976K(1897984K), [Metaspace: 60163K->60163K(1105920K)], 0.4956199 secs] [Times: user=2.30 sys=0.00, real=0.50 secs] 
3254.600: [GC (Allocation Failure) [PSYoungGen: 307712K->94464K(503296K)] 503688K->290448K(1901568K), 0.0739701 secs] [Times: user=0.43 sys=0.00, real=0.07 secs] 
3255.288: [GC (Allocation Failure) [PSYoungGen: 402176K->150848K(499200K)] 598160K->437377K(1897472K), 0.0477148 secs] [Times: user=0.28 sys=0.00, real=0.05 secs] 
3257.860: [GC (Allocation Failure) [PSYoungGen: 455488K->99776K(501760K)] 742017K->528389K(1900032K), 0.1725698 secs] [Times: user=1.02 sys=0.00, real=0.17 secs] 
3258.882: [GC (Allocation Failure) [PSYoungGen: 404416K->146912K(501248K)] 833029K->669583K(1899520K), 0.0494974 secs] [Times: user=0.29 sys=0.00, real=0.05 secs] 
3261.123: [GC (Allocation Failure) [PSYoungGen: 453088K->99136K(405504K)] 975759K->760211K(1803776K), 0.1578942 secs] [Times: user=0.94 sys=0.00, real=0.16 secs] 
3262.672: [GC (Allocation Failure) [PSYoungGen: 405312K->143104K(501760K)] 1066387K->900283K(1900032K), 0.0503987 secs] [Times: user=0.30 sys=0.00, real=0.05 secs] 
3264.948: [GC (Allocation Failure) [PSYoungGen: 450816K->100672K(501760K)] 1207995K->991600K(1900032K), 0.1608916 secs] [Times: user=0.96 sys=0.00, real=0.16 secs] 
3266.998: [GC (Allocation Failure) [PSYoungGen: 408384K->143680K(501248K)] 1299312K->1132532K(1899520K), 0.0512858 secs] [Times: user=0.30 sys=0.00, real=0.05 secs] 
3268.679: [GC (Allocation Failure) [PSYoungGen: 453440K->103360K(502272K)] 1442292K->1226676K(1900544K), 0.1720111 secs] [Times: user=1.02 sys=0.01, real=0.17 secs] 
3270.760: [GC (Allocation Failure) [PSYoungGen: 413120K->143968K(503296K)] 1536436K->1368129K(1901568K), 0.0528031 secs] [Times: user=0.32 sys=0.00, real=0.05 secs] 
3270.813: [Full GC (Ergonomics) [PSYoungGen: 143968K->0K(503296K)] [ParOldGen: 1224161K->166795K(1398272K)] 1368129K->166795K(1901568K), [Metaspace: 60171K->60171K(1105920K)], 0.3972762 secs] [Times: user=1.84 sys=0.00, real=0.40 secs] 
3272.660: [GC (GCLocker Initiated GC) [PSYoungGen: 313856K->105824K(504320K)] 480652K->272620K(1902592K), 0.0778740 secs] [Times: user=0.47 sys=0.00, real=0.08 secs] 
3275.091: [GC (Allocation Failure) [PSYoungGen: 419680K->143648K(505344K)] 586479K->414251K(1903616K), 0.0544540 secs] [Times: user=0.32 sys=0.00, real=0.05 secs] 
3276.574: [GC (Allocation Failure) [PSYoungGen: 461600K->110688K(506368K)] 732203K->515663K(1904640K), 0.0922809 secs] [Times: user=0.55 sys=0.00, real=0.10 secs] 
3277.594: [GC (Allocation Failure) [PSYoungGen: 428640K->149792K(504320K)] 833615K->662376K(1902592K), 0.0542334 secs] [Times: user=0.32 sys=0.00, real=0.06 secs] 
3279.815: [GC (Allocation Failure) [PSYoungGen: 469280K->106464K(507904K)] 981864K->760024K(1906176K), 0.1416801 secs] [Times: user=0.83 sys=0.00, real=0.15 secs] 
3281.723: [GC (Allocation Failure) [PSYoungGen: 425952K->151200K(505344K)] 1079512K->908125K(1903616K), 0.0533497 secs] [Times: user=0.31 sys=0.00, real=0.06 secs] 
3283.144: [GC (Allocation Failure) [PSYoungGen: 471200K->104928K(509440K)] 1228125K->1004065K(1907712K), 0.1308768 secs] [Times: user=0.78 sys=0.01, real=0.13 secs] 
3284.695: [GC (Allocation Failure) [PSYoungGen: 424928K->152864K(503808K)] 1324065K->1152742K(1902080K), 0.0535915 secs] [Times: user=0.31 sys=0.00, real=0.06 secs] 
3286.996: [GC (Allocation Failure) [PSYoungGen: 469792K->104096K(507904K)] 1469670K->1247602K(1906176K), 0.1768686 secs] [Times: user=1.05 sys=0.00, real=0.17 secs] 
3288.227: [GC (Allocation Failure) [PSYoungGen: 421024K->153536K(501760K)] 1564530K->1397047K(1900032K), 0.0525089 secs] [Times: user=0.32 sys=0.00, real=0.05 secs] 
3288.280: [Full GC (Ergonomics) [PSYoungGen: 153536K->0K(501760K)] [ParOldGen: 1243511K->195805K(1398272K)] 1397047K->195805K(1900032K), [Metaspace: 60180K->60180K(1105920K)], 0.4705018 secs] [Times: user=2.19 sys=0.00, real=0.47 secs] 
3291.026: [GC (Allocation Failure) [PSYoungGen: 312832K->99328K(505856K)] 508637K->295133K(1904128K), 0.0974537 secs] [Times: user=0.57 sys=0.01, real=0.09 secs] 
3292.393: [GC (Allocation Failure) [PSYoungGen: 412160K->152576K(500224K)] 607965K->443298K(1898496K), 0.0491110 secs] [Times: user=0.30 sys=0.00, real=0.05 secs] 
3295.293: [GC (Allocation Failure) [PSYoungGen: 461312K->94304K(503808K)] 752034K->529018K(1902080K), 0.1673291 secs] [Times: user=0.96 sys=0.00, real=0.17 secs] 
3296.811: [GC (Allocation Failure) [PSYoungGen: 403040K->148192K(501760K)] 837754K->673262K(1900032K), 0.0487664 secs] [Times: user=0.29 sys=0.00, real=0.05 secs] 
3298.958: [GC (Allocation Failure) [PSYoungGen: 455904K->100128K(408064K)] 980974K->764382K(1806336K), 0.1723266 secs] [Times: user=1.02 sys=0.01, real=0.17 secs] 
3300.743: [GC (Allocation Failure) [PSYoungGen: 407840K->145952K(501760K)] 1072094K->907094K(1900032K), 0.0512577 secs] [Times: user=0.31 sys=0.00, real=0.05 secs] 
3302.503: [GC (Allocation Failure) [PSYoungGen: 454176K->100416K(502784K)] 1215318K->998462K(1901056K), 0.1615521 secs] [Times: user=0.96 sys=0.00, real=0.16 secs] 
3304.077: [GC (Allocation Failure) [PSYoungGen: 408640K->144192K(501760K)] 1306686K->1139628K(1900032K), 0.0524607 secs] [Times: user=0.31 sys=0.00, real=0.05 secs] 
3305.424: [GC (Allocation Failure) [PSYoungGen: 453952K->106592K(502784K)] 1449388K->1236908K(1901056K), 0.0842453 secs] [Times: user=0.49 sys=0.00, real=0.09 secs] 
3306.217: [GC (Allocation Failure) [PSYoungGen: 416352K->147008K(501248K)] 1546668K->1381813K(1899520K), 0.0548888 secs] [Times: user=0.32 sys=0.01, real=0.05 secs] 
3306.272: [Full GC (Ergonomics) [PSYoungGen: 147008K->0K(501248K)] [ParOldGen: 1234805K->181257K(1398272K)] 1381813K->181257K(1899520K), [Metaspace: 60186K->60186K(1105920K)], 0.4236296 secs] [Times: user=1.95 sys=0.00, real=0.42 secs] 
3309.009: [GC (Allocation Failure) [PSYoungGen: 311808K->101440K(503296K)] 493065K->282697K(1901568K), 0.0917728 secs] [Times: user=0.54 sys=0.00, real=0.09 secs] 
3310.580: [GC (Allocation Failure) [PSYoungGen: 413248K->153952K(500224K)] 594505K->433904K(1898496K), 0.0515457 secs] [Times: user=0.31 sys=0.00, real=0.05 secs] 
3311.986: [GC (Allocation Failure) [PSYoungGen: 464736K->105408K(504832K)] 744688K->522208K(1903104K), 0.0871505 secs] [Times: user=0.52 sys=0.00, real=0.08 secs] 
3312.725: [GC (Allocation Failure) [PSYoungGen: 416192K->156864K(497664K)] 832992K->677412K(1895936K), 0.0637755 secs] [Times: user=0.38 sys=0.00, real=0.07 secs] 
3315.568: [GC (Allocation Failure) [PSYoungGen: 463552K->97696K(502784K)] 984100K->758748K(1901056K), 0.1562291 secs] [Times: user=0.93 sys=0.00, real=0.15 secs] 
3317.676: [GC (Allocation Failure) [PSYoungGen: 404384K->144128K(501248K)] 1065436K->899609K(1899520K), 0.0500270 secs] [Times: user=0.30 sys=0.00, real=0.05 secs] 
3319.119: [GC (Allocation Failure) [PSYoungGen: 452352K->103008K(502784K)] 1207833K->993625K(1901056K), 0.1065479 secs] [Times: user=0.64 sys=0.00, real=0.11 secs] 
3320.034: [GC (Allocation Failure) [PSYoungGen: 411232K->142784K(503296K)] 1301849K->1134202K(1901568K), 0.0520337 secs] [Times: user=0.31 sys=0.00, real=0.06 secs] 
3322.663: [GC (Allocation Failure) [PSYoungGen: 454080K->104864K(503296K)] 1445498K->1229830K(1901568K), 0.1458655 secs] [Times: user=0.87 sys=0.00, real=0.15 secs] 
3323.613: [GC (Allocation Failure) [PSYoungGen: 416160K->147488K(501248K)] 1541126K->1375255K(1899520K), 0.0540341 secs] [Times: user=0.33 sys=0.00, real=0.06 secs] 
3323.667: [Full GC (Ergonomics) [PSYoungGen: 147488K->0K(501248K)] [ParOldGen: 1227767K->172051K(1398272K)] 1375255K->172051K(1899520K), [Metaspace: 60197K->60197K(1105920K)], 0.4078448 secs] [Times: user=1.87 sys=0.00, real=0.40 secs] 
3325.557: [GC (Allocation Failure) [PSYoungGen: 311490K->104832K(503808K)] 483542K->276884K(1902080K), 0.0694476 secs] [Times: user=0.41 sys=0.00, real=0.07 secs] 
3327.524: [GC (Allocation Failure) [PSYoungGen: 417152K->143200K(506368K)] 589204K->417688K(1904640K), 0.0529553 secs] [Times: user=0.31 sys=0.00, real=0.06 secs] 
3329.645: [GC (Allocation Failure) [PSYoungGen: 461152K->107520K(506880K)] 735640K->515760K(1905152K), 0.1548489 secs] [Times: user=0.90 sys=0.00, real=0.16 secs] 
3331.943: [GC (Allocation Failure) [PSYoungGen: 425472K->146432K(505344K)] 833712K->659405K(1903616K), 0.0533339 secs] [Times: user=0.31 sys=0.00, real=0.06 secs] 
3333.739: [GC (Allocation Failure) [PSYoungGen: 465920K->104064K(507392K)] 978893K->754549K(1905664K), 0.1732122 secs] [Times: user=1.03 sys=0.00, real=0.17 secs] 
3335.385: [GC (Allocation Failure) [PSYoungGen: 423552K->152288K(504832K)] 1074037K->903770K(1903104K), 0.0534734 secs] [Times: user=0.32 sys=0.00, real=0.06 secs] 
3337.589: [GC (Allocation Failure) [PSYoungGen: 471264K->103456K(508928K)] 1222746K->998594K(1907200K), 0.1701981 secs] [Times: user=1.01 sys=0.01, real=0.17 secs] 
3338.967: [GC (Allocation Failure) [PSYoungGen: 422432K->149248K(505856K)] 1317570K->1144371K(1904128K), 0.0535969 secs] [Times: user=0.31 sys=0.00, real=0.05 secs] 
3340.748: [GC (Allocation Failure) [PSYoungGen: 467200K->105312K(508416K)] 1462323K->1240411K(1906688K), 0.1584274 secs] [Times: user=0.94 sys=0.00, real=0.16 secs] 
3341.641: [GC (Allocation Failure) [PSYoungGen: 423264K->150304K(504832K)] 1558363K->1388497K(1903104K), 0.0539674 secs] [Times: user=0.32 sys=0.00, real=0.05 secs] 
3341.695: [Full GC (Ergonomics) [PSYoungGen: 150304K->0K(504832K)] [ParOldGen: 1238193K->186481K(1398272K)] 1388497K->186481K(1903104K), [Metaspace: 60202K->60202K(1105920K)], 0.4527707 secs] [Times: user=2.10 sys=0.00, real=0.46 secs] 
3344.126: [GC (Allocation Failure) [PSYoungGen: 316928K->105824K(507904K)] 503409K->292305K(1906176K), 0.1082710 secs] [Times: user=0.64 sys=0.00, real=0.10 secs] 
3345.138: [GC (Allocation Failure) [PSYoungGen: 422752K->152480K(503296K)] 609233K->441346K(1901568K), 0.0526757 secs] [Times: user=0.31 sys=0.01, real=0.05 secs] 
3347.393: [GC (Allocation Failure) [PSYoungGen: 467360K->100800K(506880K)] 756226K->533542K(1905152K), 0.1537787 secs] [Times: user=0.92 sys=0.00, real=0.16 secs] 
3348.388: [GC (Allocation Failure) [PSYoungGen: 415680K->178240K(482816K)] 848422K->707783K(1881088K), 0.0531338 secs] [Times: user=0.31 sys=0.01, real=0.05 secs] 
3351.955: [GC (Allocation Failure) [PSYoungGen: 470592K->88480K(495616K)] 1000135K->763471K(1893888K), 0.1614357 secs] [Times: user=0.96 sys=0.00, real=0.16 secs] 
3353.370: [GC (Allocation Failure) [PSYoungGen: 380832K->136576K(488448K)] 1055823K->897636K(1886720K), 0.0463275 secs] [Times: user=0.27 sys=0.00, real=0.05 secs] 
3354.616: [GC (Allocation Failure) [PSYoungGen: 428928K->99392K(492032K)] 1189988K->988324K(1890304K), 0.0820242 secs] [Times: user=0.49 sys=0.00, real=0.08 secs] 
3356.930: [GC (Allocation Failure) [PSYoungGen: 391744K->130720K(487936K)] 1280676K->1117089K(1886208K), 0.0519724 secs] [Times: user=0.28 sys=0.00, real=0.05 secs] 
3358.128: [GC (Allocation Failure) [PSYoungGen: 432800K->112352K(494080K)] 1419169K->1219885K(1892352K), 0.0641753 secs] [Times: user=0.38 sys=0.00, real=0.06 secs] 
3360.078: [GC (Allocation Failure) [PSYoungGen: 414432K->128352K(496128K)] 1521965K->1346834K(1894400K), 0.0562659 secs] [Times: user=0.33 sys=0.00, real=0.05 secs] 
3361.317: [GC (Allocation Failure) [PSYoungGen: 447840K->120544K(502272K)] 1666322K->1457402K(1900544K), 0.0774102 secs] [Times: user=0.41 sys=0.05, real=0.07 secs] 
3361.395: [Full GC (Ergonomics) [PSYoungGen: 120544K->0K(502272K)] [ParOldGen: 1336858K->17206K(1398272K)] 1457402K->17206K(1900544K), [Metaspace: 60207K->60207K(1105920K)], 0.0294957 secs] [Times: user=0.07 sys=0.00, real=0.03 secs] 
3362.022: [GC (Allocation Failure) [PSYoungGen: 319488K->138816K(515072K)] 336694K->156022K(1913344K), 0.0273458 secs] [Times: user=0.16 sys=0.00, real=0.03 secs] 
3364.416: [GC (Allocation Failure) [PSYoungGen: 477248K->7808K(346624K)] 494454K->25126K(1744896K), 0.0040843 secs] [Times: user=0.02 sys=0.00, real=0.00 secs] 
3365.846: [GC (Allocation Failure) [PSYoungGen: 346240K->155712K(491008K)] 363558K->179283K(1889280K), 0.0323732 secs] [Times: user=0.19 sys=0.00, real=0.03 secs] 
3367.766: [GC (Allocation Failure) [PSYoungGen: 454208K->97056K(498688K)] 477779K->267683K(1896960K), 0.0968193 secs] [Times: user=0.57 sys=0.00, real=0.09 secs] 
3369.148: [GC (Allocation Failure) [PSYoungGen: 395552K->138016K(496640K)] 566179K->403848K(1894912K), 0.0489560 secs] [Times: user=0.29 sys=0.00, real=0.05 secs] 
3371.502: [GC (Allocation Failure) [PSYoungGen: 441120K->104960K(499200K)] 706952K->499576K(1897472K), 0.0632742 secs] [Times: user=0.38 sys=0.00, real=0.06 secs] 
3373.306: [GC (Allocation Failure) [PSYoungGen: 408064K->134560K(500736K)] 802680K->632425K(1899008K), 0.0513200 secs] [Times: user=0.30 sys=0.00, real=0.05 secs] 
3374.716: [GC (Allocation Failure) [PSYoungGen: 444832K->114336K(499712K)] 942697K->736973K(1897984K), 0.0673255 secs] [Times: user=0.40 sys=0.01, real=0.06 secs] 
3376.813: [GC (Allocation Failure) [PSYoungGen: 424608K->133568K(503296K)] 1047245K->869186K(1901568K), 0.0540511 secs] [Times: user=0.32 sys=0.00, real=0.06 secs] 
3378.261: [GC (Allocation Failure) [PSYoungGen: 453568K->116576K(502272K)] 1189186K->976218K(1900544K), 0.0932823 secs] [Times: user=0.55 sys=0.01, real=0.09 secs] 
3380.483: [GC (Allocation Failure) [PSYoungGen: 436576K->141664K(507392K)] 1296218K->1116153K(1905664K), 0.0555136 secs] [Times: user=0.33 sys=0.00, real=0.06 secs] 
3381.986: [GC (Allocation Failure) [PSYoungGen: 472416K->115104K(509952K)] 1446905K->1221753K(1908224K), 0.0939952 secs] [Times: user=0.56 sys=0.00, real=0.09 secs] 
3382.885: [GC (Allocation Failure) [PSYoungGen: 445856K->155072K(509952K)] 1552505K->1375394K(1908224K), 0.0572009 secs] [Times: user=0.33 sys=0.01, real=0.06 secs] 
3382.942: [Full GC (Ergonomics) [PSYoungGen: 155072K->0K(509952K)] [ParOldGen: 1220322K->179179K(1398272K)] 1375394K->179179K(1908224K), [Metaspace: 60209K->60209K(1105920K)], 0.4200636 secs] [Times: user=1.95 sys=0.00, real=0.42 secs] 
3385.710: [GC (Allocation Failure) [PSYoungGen: 335360K->110400K(517120K)] 514539K->289579K(1915392K), 0.1025117 secs] [Times: user=0.61 sys=0.01, real=0.10 secs] 
3387.421: [GC (Allocation Failure) [PSYoungGen: 445760K->158784K(504832K)] 624939K->444364K(1903104K), 0.0550585 secs] [Times: user=0.33 sys=0.00, real=0.06 secs] 
3389.359: [GC (Allocation Failure) [PSYoungGen: 484928K->106560K(512512K)] 770508K->541916K(1910784K), 0.1422508 secs] [Times: user=0.85 sys=0.00, real=0.14 secs] 
3390.277: [GC (Allocation Failure) [PSYoungGen: 432704K->156160K(503808K)] 868060K->694069K(1902080K), 0.0529137 secs] [Times: user=0.32 sys=0.00, real=0.05 secs] 
3393.647: [GC (Allocation Failure) [PSYoungGen: 476160K->92896K(509440K)] 1014069K->786385K(1907712K), 0.1380188 secs] [Times: user=0.82 sys=0.00, real=0.13 secs] 
3394.187: [GC (Allocation Failure) [PSYoungGen: 412896K->154432K(500224K)] 1106385K->937270K(1898496K), 0.0554848 secs] [Times: user=0.33 sys=0.00, real=0.05 secs] 
3397.721: [GC (Allocation Failure) [PSYoungGen: 465216K->89632K(504832K)] 1248054K->1026850K(1903104K), 0.1603160 secs] [Times: user=0.95 sys=0.00, real=0.16 secs] 
3398.541: [GC (Allocation Failure) [PSYoungGen: 400416K->151040K(498176K)] 1337634K->1173459K(1896448K), 0.0634078 secs] [Times: user=0.33 sys=0.00, real=0.06 secs] 
3400.845: [GC (Allocation Failure) [PSYoungGen: 455680K->92320K(501760K)] 1478099K->1265523K(1900032K), 0.1481936 secs] [Times: user=0.87 sys=0.01, real=0.15 secs] 
3401.290: [GC (Allocation Failure) [PSYoungGen: 396960K->148640K(498176K)] 1570163K->1410432K(1896448K), 0.0540613 secs] [Times: user=0.32 sys=0.00, real=0.05 secs] 
3401.344: [Full GC (Ergonomics) [PSYoungGen: 148640K->0K(498176K)] [ParOldGen: 1261792K->207213K(1398272K)] 1410432K->207213K(1896448K), [Metaspace: 60211K->60211K(1105920K)], 0.4788048 secs] [Times: user=2.22 sys=0.00, real=0.48 secs] 
3404.759: [GC (Allocation Failure) [PSYoungGen: 302592K->88256K(500736K)] 509805K->295477K(1899008K), 0.1538725 secs] [Times: user=0.92 sys=0.00, real=0.15 secs] 
3405.753: [GC (Allocation Failure) [PSYoungGen: 387362K->144224K(500736K)] 594583K->435466K(1899008K), 0.0486742 secs] [Times: user=0.29 sys=0.00, real=0.05 secs] 
3408.877: [GC (Allocation Failure) [PSYoungGen: 447840K->96768K(400896K)] 739082K->523626K(1799168K), 0.1494885 secs] [Times: user=0.89 sys=0.00, real=0.15 secs] 
3410.306: [GC (Allocation Failure) [PSYoungGen: 400384K->144768K(497664K)] 827242K->664467K(1895936K), 0.0494324 secs] [Times: user=0.29 sys=0.00, real=0.05 secs] 
3412.412: [GC (Allocation Failure) [PSYoungGen: 447360K->97248K(499200K)] 967059K->752571K(1897472K), 0.1415669 secs] [Times: user=0.84 sys=0.01, real=0.14 secs] 
3413.754: [GC (Allocation Failure) [PSYoungGen: 399840K->144704K(499200K)] 1055163K->894144K(1897472K), 0.0493655 secs] [Times: user=0.29 sys=0.00, real=0.05 secs] 
3416.091: [GC (Allocation Failure) [PSYoungGen: 450368K->100896K(500736K)] 1199808K->986356K(1899008K), 0.1129998 secs] [Times: user=0.67 sys=0.01, real=0.11 secs] 
3417.440: [GC (Allocation Failure) [PSYoungGen: 406560K->142912K(501248K)] 1292020K->1126469K(1899520K), 0.0527156 secs] [Times: user=0.31 sys=0.00, real=0.05 secs] 
3419.639: [GC (Allocation Failure) [PSYoungGen: 452160K->105536K(502272K)] 1435717K->1222757K(1900544K), 0.0908495 secs] [Times: user=0.54 sys=0.01, real=0.09 secs] 
3421.935: [GC (Allocation Failure) [PSYoungGen: 414784K->141856K(501760K)] 1532005K->1361978K(1900032K), 0.0529028 secs] [Times: user=0.32 sys=0.00, real=0.05 secs] 
3421.988: [Full GC (Ergonomics) [PSYoungGen: 141856K->0K(501760K)] [ParOldGen: 1220122K->169051K(1398272K)] 1361978K->169051K(1900032K), [Metaspace: 60226K->60226K(1105920K)], 0.4025146 secs] [Times: user=1.87 sys=0.00, real=0.40 secs] 
3423.706: [GC (Allocation Failure) [PSYoungGen: 312832K->108192K(502784K)] 481883K->277243K(1901056K), 0.0535554 secs] [Times: user=0.31 sys=0.01, real=0.05 secs] 
3426.218: [GC (Allocation Failure) [PSYoungGen: 421024K->143776K(504320K)] 590075K->418316K(1902592K), 0.0542364 secs] [Times: user=0.32 sys=0.01, real=0.05 secs] 
3427.515: [GC (Allocation Failure) [PSYoungGen: 462240K->109120K(505856K)] 736780K->517876K(1904128K), 0.0777224 secs] [Times: user=0.47 sys=0.00, real=0.08 secs] 
3428.187: [GC (Allocation Failure) [PSYoungGen: 427584K->158240K(500736K)] 836340K->674245K(1899008K), 0.0550012 secs] [Times: user=0.33 sys=0.00, real=0.05 secs] 
3431.406: [GC (GCLocker Initiated GC) [PSYoungGen: 475168K->102752K(507904K)] 991173K->760445K(1906176K), 0.1128789 secs] [Times: user=0.67 sys=0.00, real=0.11 secs] 
3432.459: [GC (Allocation Failure) [PSYoungGen: 419680K->151648K(503296K)] 1077376K->909308K(1901568K), 0.0524651 secs] [Times: user=0.31 sys=0.00, real=0.05 secs] 
3435.365: [GC (GCLocker Initiated GC) [PSYoungGen: 466528K->100256K(506880K)] 1224188K->1001157K(1905152K), 0.1489681 secs] [Times: user=0.89 sys=0.00, real=0.15 secs] 
3436.131: [GC (GCLocker Initiated GC) [PSYoungGen: 415136K->147328K(504832K)] 1316040K->1146506K(1903104K), 0.0760557 secs] [Times: user=0.45 sys=0.00, real=0.08 secs] 
3438.737: [GC (Allocation Failure) [PSYoungGen: 462208K->101440K(506880K)] 1461388K->1239484K(1905152K), 0.1755823 secs] [Times: user=1.05 sys=0.00, real=0.17 secs] 
3439.679: [GC (Allocation Failure) [PSYoungGen: 416320K->149856K(502784K)] 1554364K->1386789K(1901056K), 0.0523295 secs] [Times: user=0.31 sys=0.00, real=0.05 secs] 
3439.731: [Full GC (Ergonomics) [PSYoungGen: 149856K->0K(502784K)] [ParOldGen: 1236933K->183823K(1398272K)] 1386789K->183823K(1901056K), [Metaspace: 60227K->60227K(1105920K)], 0.4338871 secs] [Times: user=2.01 sys=0.00, real=0.43 secs] 
3441.995: [GC (Allocation Failure) [PSYoungGen: 312832K->103264K(505856K)] 496655K->287087K(1904128K), 0.1063510 secs] [Times: user=0.63 sys=0.00, real=0.11 secs] 
3443.181: [GC (Allocation Failure) [PSYoungGen: 416096K->148192K(504320K)] 599919K->433099K(1902592K), 0.0521891 secs] [Times: user=0.31 sys=0.00, real=0.05 secs] 
3445.661: [GC (Allocation Failure) [PSYoungGen: 462048K->101920K(416256K)] 746955K->526572K(1814528K), 0.1716176 secs] [Times: user=1.02 sys=0.00, real=0.17 secs] 
3446.496: [GC (Allocation Failure) [PSYoungGen: 415776K->149568K(502784K)] 840428K->673608K(1901056K), 0.0511949 secs] [Times: user=0.30 sys=0.00, real=0.05 secs] 
3448.907: [GC (Allocation Failure) [PSYoungGen: 462400K->102016K(505856K)] 986440K->766724K(1904128K), 0.1472222 secs] [Times: user=0.88 sys=0.00, real=0.14 secs] 
3449.686: [GC (Allocation Failure) [PSYoungGen: 414848K->158016K(496128K)] 1079556K->921789K(1894400K), 0.0523541 secs] [Times: user=0.31 sys=0.01, real=0.05 secs] 
3453.022: [GC (Allocation Failure) [PSYoungGen: 463680K->97408K(502272K)] 1227453K->1002333K(1900544K), 0.1592476 secs] [Times: user=0.95 sys=0.00, real=0.16 secs] 
3454.603: [GC (Allocation Failure) [PSYoungGen: 403072K->143392K(500224K)] 1307997K->1142330K(1898496K), 0.0499474 secs] [Times: user=0.29 sys=0.00, real=0.05 secs] 
3456.521: [GC (Allocation Failure) [PSYoungGen: 451104K->101504K(502272K)] 1450042K->1234430K(1900544K), 0.1670025 secs] [Times: user=1.00 sys=0.00, real=0.17 secs] 
3458.083: [GC (Allocation Failure) [PSYoungGen: 409216K->143104K(503296K)] 1542142K->1374995K(1901568K), 0.0518175 secs] [Times: user=0.31 sys=0.00, real=0.05 secs] 
3458.135: [Full GC (Ergonomics) [PSYoungGen: 143104K->0K(503296K)] [ParOldGen: 1231891K->172365K(1398272K)] 1374995K->172365K(1901568K), [Metaspace: 60227K->60227K(1105920K)], 0.4052260 secs] [Times: user=1.87 sys=0.00, real=0.41 secs] 
3460.603: [GC (Allocation Failure) [PSYoungGen: 311296K->106560K(418304K)] 483661K->278925K(1816576K), 0.0985171 secs] [Times: user=0.58 sys=0.00, real=0.10 secs] 
3462.204: [GC (Allocation Failure) [PSYoungGen: 417856K->144992K(501760K)] 590221K->420098K(1900032K), 0.0534360 secs] [Times: user=0.31 sys=0.00, real=0.06 secs] 
3463.511: [GC (Allocation Failure) [PSYoungGen: 457824K->108512K(503296K)] 732930K->519230K(1901568K), 0.1074475 secs] [Times: user=0.64 sys=0.01, real=0.11 secs] 
3465.966: [GC (Allocation Failure) [PSYoungGen: 421344K->142944K(505856K)] 832062K->659846K(1904128K), 0.0540174 secs] [Times: user=0.31 sys=0.01, real=0.05 secs] 
3467.749: [GC (Allocation Failure) [PSYoungGen: 461920K->108736K(506368K)] 978822K->759326K(1904640K), 0.1339448 secs] [Times: user=0.79 sys=0.01, real=0.13 secs] 
3468.982: [GC (Allocation Failure) [PSYoungGen: 427712K->156896K(502272K)] 1078302K->913907K(1900544K), 0.0559472 secs] [Times: user=0.33 sys=0.00, real=0.06 secs] 
3471.198: [GC (Allocation Failure) [PSYoungGen: 474848K->109056K(508416K)] 1231859K->1005851K(1906688K), 0.1364384 secs] [Times: user=0.81 sys=0.00, real=0.13 secs] 
3472.883: [GC (Allocation Failure) [PSYoungGen: 427008K->149408K(506368K)] 1323803K->1151256K(1904640K), 0.0545348 secs] [Times: user=0.32 sys=0.00, real=0.06 secs] 
3475.081: [GC (Allocation Failure) [PSYoungGen: 468384K->108000K(508928K)] 1470232K->1249796K(1907200K), 0.1729783 secs] [Times: user=1.03 sys=0.00, real=0.17 secs] 
3475.929: [GC (Allocation Failure) [PSYoungGen: 424424K->153312K(503296K)] 1566220K->1399601K(1901568K), 0.0540388 secs] [Times: user=0.32 sys=0.00, real=0.05 secs] 
3475.983: [Full GC (Ergonomics) [PSYoungGen: 153312K->0K(503296K)] [ParOldGen: 1246289K->197333K(1398272K)] 1399601K->197333K(1901568K), [Metaspace: 60229K->60229K(1105920K)], 0.4764411 secs] [Times: user=2.22 sys=0.00, real=0.48 secs] 
3478.226: [GC (Allocation Failure) [PSYoungGen: 315904K->102976K(507392K)] 513237K->300309K(1905664K), 0.0576264 secs] [Times: user=0.34 sys=0.01, real=0.05 secs] 
3479.704: [GC (Allocation Failure) [PSYoungGen: 413795K->147456K(506368K)] 611129K->444218K(1904640K), 0.0493835 secs] [Times: user=0.29 sys=0.00, real=0.05 secs] 
3481.601: [GC (Allocation Failure) [PSYoungGen: 464384K->103680K(420864K)] 761146K->539434K(1819136K), 0.1589577 secs] [Times: user=0.93 sys=0.01, real=0.16 secs] 
3482.725: [GC (Allocation Failure) [PSYoungGen: 407455K->147488K(505856K)] 843210K->682587K(1904128K), 0.0504774 secs] [Times: user=0.30 sys=0.00, real=0.06 secs] 
3484.696: [GC (Allocation Failure) [PSYoungGen: 464416K->103904K(507392K)] 999515K->777963K(1905664K), 0.1174861 secs] [Times: user=0.70 sys=0.00, real=0.11 secs] 
3485.435: [GC (Allocation Failure) [PSYoungGen: 411412K->146528K(506368K)] 1085472K->921276K(1904640K), 0.0512057 secs] [Times: user=0.31 sys=0.00, real=0.06 secs] 
3488.427: [GC (Allocation Failure) [PSYoungGen: 464480K->103296K(507904K)] 1239228K->1015988K(1906176K), 0.1579547 secs] [Times: user=0.93 sys=0.00, real=0.16 secs] 
3489.682: [GC (Allocation Failure) [PSYoungGen: 416108K->147520K(506368K)] 1328801K->1160097K(1904640K), 0.0782472 secs] [Times: user=0.46 sys=0.00, real=0.08 secs] 
3493.494: [GC (Allocation Failure) [PSYoungGen: 465984K->97440K(508416K)] 1478561K->1248793K(1906688K), 0.1224623 secs] [Times: user=0.73 sys=0.00, real=0.13 secs] 
3494.138: [GC (Allocation Failure) [PSYoungGen: 410946K->153408K(501760K)] 1562300K->1398714K(1900032K), 0.0493292 secs] [Times: user=0.29 sys=0.00, real=0.05 secs] 
3494.187: [Full GC (Ergonomics) [PSYoungGen: 153408K->0K(501760K)] [ParOldGen: 1245306K->197920K(1398272K)] 1398714K->197920K(1900032K), [Metaspace: 60233K->60233K(1105920K)], 0.4720709 secs] [Times: user=2.20 sys=0.00, real=0.47 secs] 
3497.929: [GC (Allocation Failure) [PSYoungGen: 312832K->100416K(505856K)] 510752K->298336K(1904128K), 0.0968926 secs] [Times: user=0.57 sys=0.00, real=0.10 secs] 
3499.022: [GC (Allocation Failure) [PSYoungGen: 413248K->149952K(501760K)] 611168K->444441K(1900032K), 0.0492457 secs] [Times: user=0.29 sys=0.00, real=0.05 secs] 
3501.672: [GC (Allocation Failure) [PSYoungGen: 460736K->97280K(504832K)] 755225K->532769K(1903104K), 0.1521436 secs] [Times: user=0.91 sys=0.00, real=0.15 secs] 
3502.850: [GC (Allocation Failure) [PSYoungGen: 408064K->148832K(502272K)] 843553K->677786K(1900544K), 0.0491084 secs] [Times: user=0.29 sys=0.00, real=0.05 secs] 
3504.446: [GC (Allocation Failure) [PSYoungGen: 458592K->104512K(414720K)] 987546K->772914K(1812992K), 0.0887119 secs] [Times: user=0.53 sys=0.00, real=0.08 secs] 
3505.409: [GC (Allocation Failure) [PSYoungGen: 414272K->150240K(500224K)] 1082674K->920159K(1898496K), 0.0816023 secs] [Times: user=0.48 sys=0.00, real=0.08 secs] 
3508.108: [GC (Allocation Failure) [PSYoungGen: 458976K->98400K(503296K)] 1228895K->1010455K(1901568K), 0.1554414 secs] [Times: user=0.92 sys=0.01, real=0.15 secs] 
3509.598: [GC (Allocation Failure) [PSYoungGen: 407136K->146240K(503296K)] 1319191K->1152964K(1901568K), 0.1432491 secs] [Times: user=0.86 sys=0.00, real=0.14 secs] 
3513.015: [GC (Allocation Failure) [PSYoungGen: 457024K->95584K(504832K)] 1463748K->1240084K(1903104K), 0.1624660 secs] [Times: user=0.97 sys=0.00, real=0.17 secs] 
3514.675: [GC (Allocation Failure) [PSYoungGen: 406368K->147552K(502272K)] 1550868K->1384716K(1900544K), 0.0501393 secs] [Times: user=0.30 sys=0.00, real=0.05 secs] 
3514.725: [Full GC (Ergonomics) [PSYoungGen: 147552K->0K(502272K)] [ParOldGen: 1237164K->183193K(1398272K)] 1384716K->183193K(1900544K), [Metaspace: 60234K->60234K(1105920K)], 0.4283572 secs] [Times: user=1.98 sys=0.00, real=0.43 secs] 
3516.909: [GC (Allocation Failure) [PSYoungGen: 309760K->102144K(412160K)] 492953K->285337K(1810432K), 0.0829793 secs] [Times: user=0.49 sys=0.00, real=0.08 secs] 
3518.717: [GC (Allocation Failure) [PSYoungGen: 411904K->141760K(503296K)] 595097K->425455K(1901568K), 0.0510519 secs] [Times: user=0.30 sys=0.00, real=0.05 secs] 
3521.131: [GC (Allocation Failure) [PSYoungGen: 453568K->102880K(503296K)] 737263K->519631K(1901568K), 0.1298212 secs] [Times: user=0.76 sys=0.00, real=0.13 secs] 
3522.474: [GC (Allocation Failure) [PSYoungGen: 414688K->155584K(498688K)] 831439K->672640K(1896960K), 0.0518792 secs] [Times: user=0.31 sys=0.00, real=0.06 secs] 
3525.145: [GC (Allocation Failure) [PSYoungGen: 465344K->100960K(504320K)] 982400K->756476K(1902592K), 0.0895877 secs] [Times: user=0.53 sys=0.00, real=0.09 secs] 
3527.317: [GC (Allocation Failure) [PSYoungGen: 410720K->144960K(503808K)] 1066236K->898885K(1902080K), 0.0514575 secs] [Times: user=0.31 sys=0.00, real=0.05 secs] 
3528.971: [GC (Allocation Failure) [PSYoungGen: 457280K->103296K(415744K)] 1211205K->993357K(1814016K), 0.1545153 secs] [Times: user=0.93 sys=0.00, real=0.16 secs] 
3530.629: [GC (Allocation Failure) [PSYoungGen: 415616K->148928K(501248K)] 1305677K->1139474K(1899520K), 0.0526611 secs] [Times: user=0.31 sys=0.00, real=0.05 secs] 
3532.294: [GC (Allocation Failure) [PSYoungGen: 460224K->104640K(504320K)] 1450770K->1235442K(1902592K), 0.1036952 secs] [Times: user=0.62 sys=0.00, real=0.11 secs] 
3534.324: [GC (Allocation Failure) [PSYoungGen: 415936K->145024K(504832K)] 1546738K->1377826K(1903104K), 0.0527362 secs] [Times: user=0.31 sys=0.00, real=0.06 secs] 
3534.376: [Full GC (Ergonomics) [PSYoungGen: 145024K->0K(504832K)] [ParOldGen: 1232802K->176170K(1398272K)] 1377826K->176170K(1903104K), [Metaspace: 60238K->60238K(1105920K)], 0.4220315 secs] [Times: user=1.97 sys=0.00, real=0.42 secs] 
3536.017: [GC (Allocation Failure) [PSYoungGen: 314880K->106784K(505856K)] 491050K->282954K(1904128K), 0.0360661 secs] [Times: user=0.21 sys=0.00, real=0.03 secs] 
3537.225: [GC (Allocation Failure) [PSYoungGen: 421664K->148800K(503296K)] 597834K->428143K(1901568K), 0.0531672 secs] [Times: user=0.32 sys=0.00, real=0.06 secs] 
3539.578: [GC (Allocation Failure) [PSYoungGen: 464192K->105088K(505856K)] 743535K->524379K(1904128K), 0.0960985 secs] [Times: user=0.57 sys=0.01, real=0.09 secs] 
3540.516: [GC (Allocation Failure) [PSYoungGen: 420480K->149184K(504832K)] 839771K->671227K(1903104K), 0.0530622 secs] [Times: user=0.31 sys=0.00, real=0.05 secs] 
3543.188: [GC (Allocation Failure) [PSYoungGen: 466112K->104256K(507904K)] 988155K->766695K(1906176K), 0.1098124 secs] [Times: user=0.65 sys=0.00, real=0.11 secs] 
3544.056: [GC (Allocation Failure) [PSYoungGen: 421184K->150176K(504320K)] 1083623K->913420K(1902592K), 0.0532736 secs] [Times: user=0.31 sys=0.00, real=0.05 secs] 
3546.354: [GC (Allocation Failure) [PSYoungGen: 466080K->102432K(507392K)] 1229324K->1006908K(1905664K), 0.1280595 secs] [Times: user=0.76 sys=0.00, real=0.13 secs] 
3547.188: [GC (Allocation Failure) [PSYoungGen: 418336K->154144K(501248K)] 1322812K->1157934K(1899520K), 0.0534594 secs] [Times: user=0.31 sys=0.00, real=0.05 secs] 
3550.540: [GC (Allocation Failure) [PSYoungGen: 465952K->98208K(505344K)] 1469742K->1247982K(1903616K), 0.1629469 secs] [Times: user=0.97 sys=0.01, real=0.16 secs] 
3551.458: [GC (Allocation Failure) [PSYoungGen: 410016K->149728K(501760K)] 1559790K->1394499K(1900032K), 0.0691451 secs] [Times: user=0.41 sys=0.00, real=0.07 secs] 
3551.527: [Full GC (Ergonomics) [PSYoungGen: 149728K->0K(501760K)] [ParOldGen: 1244771K->191494K(1398272K)] 1394499K->191494K(1900032K), [Metaspace: 60242K->60242K(1105920K)], 0.4545275 secs] [Times: user=2.02 sys=0.00, real=0.45 secs] 
3554.382: [GC (Allocation Failure) [PSYoungGen: 309760K->99200K(504320K)] 501254K->290694K(1902592K), 0.0912764 secs] [Times: user=0.53 sys=0.01, real=0.09 secs] 
3555.052: [GC (Allocation Failure) [PSYoungGen: 408960K->147264K(502272K)] 600454K->434763K(1900544K), 0.0497592 secs] [Times: user=0.29 sys=0.00, real=0.05 secs] 
3557.730: [GC (Allocation Failure) [PSYoungGen: 457024K->103328K(413184K)] 744523K->529499K(1811456K), 0.1651635 secs] [Times: user=0.98 sys=0.01, real=0.17 secs] 
3558.712: [GC (Allocation Failure) [PSYoungGen: 413088K->147968K(501248K)] 839259K->671872K(1899520K), 0.0508529 secs] [Times: user=0.30 sys=0.00, real=0.05 secs] 
3562.670: [GC (Allocation Failure) [PSYoungGen: 457728K->100640K(503296K)] 981632K->763753K(1901568K), 0.1642594 secs] [Times: user=0.98 sys=0.00, real=0.16 secs] 
3564.702: [GC (Allocation Failure) [PSYoungGen: 410400K->145088K(504320K)] 1073513K->906589K(1902592K), 0.0520532 secs] [Times: user=0.31 sys=0.00, real=0.05 secs] 
3566.549: [GC (Allocation Failure) [PSYoungGen: 457920K->102720K(415744K)] 1219421K->1000701K(1814016K), 0.1459046 secs] [Times: user=0.87 sys=0.00, real=0.14 secs] 
3568.174: [GC (Allocation Failure) [PSYoungGen: 415552K->145728K(503296K)] 1313533K->1144802K(1901568K), 0.0922422 secs] [Times: user=0.54 sys=0.00, real=0.10 secs] 
3570.815: [GC (Allocation Failure) [PSYoungGen: 459072K->103616K(504832K)] 1458146K->1240218K(1903104K), 0.1629018 secs] [Times: user=0.96 sys=0.00, real=0.17 secs] 
3572.290: [GC (GCLocker Initiated GC) [PSYoungGen: 416960K->144832K(504320K)] 1553564K->1382828K(1902592K), 0.1071257 secs] [Times: user=0.64 sys=0.01, real=0.11 secs] 
3572.397: [Full GC (Ergonomics) [PSYoungGen: 144832K->0K(504320K)] [ParOldGen: 1237996K->179578K(1398272K)] 1382828K->179578K(1902592K), [Metaspace: 60242K->60242K(1105920K)], 0.4593455 secs] [Times: user=2.17 sys=0.00, real=0.46 secs] 
3576.341: [GC (Allocation Failure) [PSYoungGen: 315904K->103136K(505856K)] 495529K->282761K(1904128K), 0.0957028 secs] [Times: user=0.56 sys=0.00, real=0.10 secs] 
3577.241: [GC (Allocation Failure) [PSYoungGen: 419040K->151744K(503296K)] 598665K->430862K(1901568K), 0.0524121 secs] [Times: user=0.31 sys=0.00, real=0.05 secs] 
3579.639: [GC (Allocation Failure) [PSYoungGen: 467026K->104032K(507392K)] 746144K->526578K(1905664K), 0.1404576 secs] [Times: user=0.83 sys=0.00, real=0.14 secs] 
3580.309: [GC (Allocation Failure) [PSYoungGen: 419936K->158752K(497664K)] 842482K->682667K(1895936K), 0.0528109 secs] [Times: user=0.31 sys=0.00, real=0.05 secs] 
3582.486: [GC (GCLocker Initiated GC) [PSYoungGen: 467488K->99680K(503808K)] 991403K->764987K(1902080K), 0.1617176 secs] [Times: user=0.91 sys=0.00, real=0.16 secs] 
3583.974: [GC (Allocation Failure) [PSYoungGen: 408416K->146304K(502784K)] 1073726K->907999K(1901056K), 0.0505268 secs] [Times: user=0.30 sys=0.00, real=0.05 secs] 
3585.448: [GC (Allocation Failure) [PSYoungGen: 456064K->102496K(412672K)] 1217759K->1001747K(1810944K), 0.1265383 secs] [Times: user=0.75 sys=0.00, real=0.12 secs] 
3586.751: [GC (Allocation Failure) [PSYoungGen: 412256K->144352K(502784K)] 1311507K->1143495K(1901056K), 0.0514700 secs] [Times: user=0.30 sys=0.00, real=0.05 secs] 
3588.815: [GC (Allocation Failure) [PSYoungGen: 455136K->103072K(503296K)] 1454279K->1237375K(1901568K), 0.1718148 secs] [Times: user=1.02 sys=0.01, real=0.18 secs] 
3590.021: [GC (Allocation Failure) [PSYoungGen: 413856K->148864K(501760K)] 1548159K->1383452K(1900032K), 0.0530662 secs] [Times: user=0.31 sys=0.00, real=0.05 secs] 
3590.074: [Full GC (Ergonomics) [PSYoungGen: 148864K->0K(501760K)] [ParOldGen: 1234588K->181933K(1398272K)] 1383452K->181933K(1900032K), [Metaspace: 60242K->60242K(1105920K)], 0.4177758 secs] [Times: user=1.93 sys=0.00, real=0.42 secs] 
3593.127: [GC (GCLocker Initiated GC) [PSYoungGen: 311808K->100384K(504320K)] 493742K->282318K(1902592K), 0.0659399 secs] [Times: user=0.38 sys=0.00, real=0.06 secs] 
3594.862: [GC (Allocation Failure) [PSYoungGen: 412192K->146144K(505344K)] 594129K->425452K(1903616K), 0.0512603 secs] [Times: user=0.31 sys=0.00, real=0.05 secs] 
3597.045: [GC (Allocation Failure) [PSYoungGen: 461024K->104704K(419840K)] 740332K->520548K(1818112K), 0.1683600 secs] [Times: user=1.00 sys=0.01, real=0.17 secs] 
3599.121: [GC (Allocation Failure) [PSYoungGen: 419584K->145216K(503808K)] 835428K->663237K(1902080K), 0.0523307 secs] [Times: user=0.31 sys=0.00, real=0.05 secs] 
3600.535: [GC (Allocation Failure) [PSYoungGen: 460096K->109216K(505344K)] 978117K->763293K(1903616K), 0.1195473 secs] [Times: user=0.68 sys=0.00, real=0.11 secs] 
3601.986: [GC (Allocation Failure) [PSYoungGen: 424096K->153184K(501760K)] 1078173K->913938K(1900032K), 0.0538841 secs] [Times: user=0.32 sys=0.00, real=0.05 secs] 
3604.037: [GC (Allocation Failure) [PSYoungGen: 468064K->105440K(506368K)] 1228818K->1001858K(1904640K), 0.1606056 secs] [Times: user=0.96 sys=0.00, real=0.16 secs] 
3604.903: [GC (Allocation Failure) [PSYoungGen: 420320K->157792K(498176K)] 1316738K->1157532K(1896448K), 0.0537796 secs] [Times: user=0.32 sys=0.00, real=0.06 secs] 
3607.478: [GC (Allocation Failure) [PSYoungGen: 467552K->99360K(504320K)] 1467292K->1240032K(1902592K), 0.1594237 secs] [Times: user=0.94 sys=0.00, real=0.16 secs] 
3610.152: [GC (Allocation Failure) [PSYoungGen: 409120K->143808K(502784K)] 1549792K->1380692K(1901056K), 0.0516853 secs] [Times: user=0.31 sys=0.00, real=0.05 secs] 
3610.203: [Full GC (Ergonomics) [PSYoungGen: 143808K->0K(502784K)] [ParOldGen: 1236884K->179263K(1398272K)] 1380692K->179263K(1901056K), [Metaspace: 60366K->60366K(1105920K)], 0.4295660 secs] [Times: user=1.99 sys=0.00, real=0.43 secs] 
3612.101: [GC (Allocation Failure) [PSYoungGen: 311296K->103712K(504320K)] 490559K->282976K(1902592K), 0.0696930 secs] [Times: user=0.41 sys=0.00, real=0.07 secs] 
3613.310: [GC (Allocation Failure) [PSYoungGen: 415008K->146816K(503296K)] 594272K->427236K(1901568K), 0.0524909 secs] [Times: user=0.31 sys=0.00, real=0.05 secs] 
3615.431: [GC (Allocation Failure) [PSYoungGen: 459648K->103712K(504832K)] 740068K->522204K(1903104K), 0.0650513 secs] [Times: user=0.39 sys=0.00, real=0.07 secs] 
3616.405: [GC (Allocation Failure) [PSYoungGen: 416544K->149504K(503296K)] 835036K->669609K(1901568K), 0.0748826 secs] [Times: user=0.44 sys=0.01, real=0.08 secs] 
3619.480: [GC (Allocation Failure) [PSYoungGen: 463360K->100864K(505856K)] 983465K->762393K(1904128K), 0.0826782 secs] [Times: user=0.49 sys=0.00, real=0.08 secs] 
3620.335: [GC (Allocation Failure) [PSYoungGen: 414720K->147200K(504832K)] 1076249K->907494K(1903104K), 0.0514017 secs] [Times: user=0.30 sys=0.00, real=0.06 secs] 
3622.874: [GC (Allocation Failure) [PSYoungGen: 462080K->104064K(419328K)] 1222374K->1002950K(1817600K), 0.0926696 secs] [Times: user=0.55 sys=0.00, real=0.10 secs] 
3623.935: [GC (Allocation Failure) [PSYoungGen: 418944K->150656K(503296K)] 1317830K->1151839K(1901568K), 0.1331412 secs] [Times: user=0.79 sys=0.00, real=0.14 secs] 
3627.082: [GC (Allocation Failure) [PSYoungGen: 464512K->100064K(506368K)] 1465695K->1243759K(1904640K), 0.0827777 secs] [Times: user=0.50 sys=0.00, real=0.08 secs] 
3627.617: [GC (Allocation Failure) [PSYoungGen: 413920K->152512K(500224K)] 1557615K->1393249K(1898496K), 0.0517480 secs] [Times: user=0.31 sys=0.00, real=0.05 secs] 
3627.669: [Full GC (Ergonomics) [PSYoungGen: 152512K->0K(500224K)] [ParOldGen: 1240737K->191620K(1398272K)] 1393249K->191620K(1898496K), [Metaspace: 60368K->60368K(1105920K)], 0.4503543 secs] [Times: user=2.07 sys=0.00, real=0.45 secs] 
3630.774: [GC (Allocation Failure) [PSYoungGen: 309760K->97632K(504320K)] 501380K->289252K(1902592K), 0.0671008 secs] [Times: user=0.40 sys=0.00, real=0.07 secs] 
3631.291: [GC (Allocation Failure) [PSYoungGen: 407392K->176128K(481280K)] 599012K->461473K(1879552K), 0.0500494 secs] [Times: user=0.29 sys=0.00, real=0.05 secs] 
3633.434: [GC (Allocation Failure) [PSYoungGen: 464384K->92992K(493568K)] 749729K->521341K(1891840K), 0.1650814 secs] [Times: user=0.98 sys=0.01, real=0.17 secs] 
3635.889: [GC (Allocation Failure) [PSYoungGen: 381248K->134592K(482816K)] 809597K->652673K(1881088K), 0.0476344 secs] [Times: user=0.28 sys=0.00, real=0.05 secs] 
3637.133: [GC (Allocation Failure) [PSYoungGen: 424384K->99520K(488960K)] 942465K->743113K(1887232K), 0.0761572 secs] [Times: user=0.45 sys=0.00, real=0.08 secs] 
3640.535: [GC (Allocation Failure) [PSYoungGen: 389312K->123424K(482816K)] 1032905K->864870K(1881088K), 0.0576530 secs] [Times: user=0.33 sys=0.00, real=0.06 secs] 
3641.711: [GC (Allocation Failure) [PSYoungGen: 426528K->122208K(492544K)] 1167974K->977742K(1890816K), 0.0628216 secs] [Times: user=0.38 sys=0.00, real=0.06 secs] 
3645.680: [GC (Allocation Failure) [PSYoungGen: 425312K->115520K(496640K)] 1280846K->1092998K(1894912K), 0.0748460 secs] [Times: user=0.44 sys=0.00, real=0.07 secs] 
3646.930: [GC (Allocation Failure) [PSYoungGen: 441664K->131936K(504832K)] 1419142K->1214671K(1903104K), 0.0623133 secs] [Times: user=0.37 sys=0.00, real=0.06 secs] 
3648.365: [GC (Allocation Failure) [PSYoungGen: 458080K->131040K(513024K)] 1540815K->1345639K(1911296K), 0.0584350 secs] [Times: user=0.35 sys=0.00, real=0.06 secs] 
3649.924: [GC (Allocation Failure) [PSYoungGen: 474592K->8800K(352768K)] 1689191K->1223467K(1751040K), 0.0076160 secs] [Times: user=0.04 sys=0.00, real=0.01 secs] 
3651.245: [GC (Allocation Failure) [PSYoungGen: 352352K->166720K(485376K)] 1567019K->1388229K(1883648K), 0.0340514 secs] [Times: user=0.20 sys=0.00, real=0.04 secs] 
3651.279: [Full GC (Ergonomics) [PSYoungGen: 166720K->0K(485376K)] [ParOldGen: 1221509K->179760K(1398272K)] 1388229K->179760K(1883648K), [Metaspace: 60386K->60386K(1105920K)], 0.4432237 secs] [Times: user=2.04 sys=0.00, real=0.44 secs] 
3653.123: [GC (Allocation Failure) [PSYoungGen: 296448K->98304K(497664K)] 476208K->278064K(1895936K), 0.1018055 secs] [Times: user=0.60 sys=0.01, real=0.10 secs] 
3655.376: [GC (Allocation Failure) [PSYoungGen: 394752K->138048K(492544K)] 574512K->413001K(1890816K), 0.0498721 secs] [Times: user=0.29 sys=0.00, real=0.05 secs] 
3656.831: [GC (Allocation Failure) [PSYoungGen: 439616K->104160K(497664K)] 714569K->507745K(1895936K), 0.0860493 secs] [Times: user=0.51 sys=0.00, real=0.09 secs] 
3660.785: [GC (Allocation Failure) [PSYoungGen: 405728K->132224K(499712K)] 809313K->638094K(1897984K), 0.0524731 secs] [Times: user=0.31 sys=0.00, real=0.06 secs] 
3661.982: [GC (Allocation Failure) [PSYoungGen: 444032K->113120K(501248K)] 949902K->742070K(1899520K), 0.0637134 secs] [Times: user=0.38 sys=0.00, real=0.07 secs] 
3664.026: [GC (Allocation Failure) [PSYoungGen: 424928K->144896K(501760K)] 1053878K->885735K(1900032K), 0.0547775 secs] [Times: user=0.32 sys=0.01, real=0.05 secs] 
3665.872: [GC (Allocation Failure) [PSYoungGen: 463360K->113600K(504832K)] 1204199K->982247K(1903104K), 0.0685232 secs] [Times: user=0.40 sys=0.00, real=0.07 secs] 
3666.956: [GC (Allocation Failure) [PSYoungGen: 432064K->143392K(507904K)] 1300711K->1124746K(1906176K), 0.0561243 secs] [Times: user=0.33 sys=0.01, real=0.05 secs] 
3671.131: [GC (Allocation Failure) [PSYoungGen: 470048K->109472K(510464K)] 1451402K->1225626K(1908736K), 0.0765233 secs] [Times: user=0.45 sys=0.00, real=0.08 secs] 
3672.277: [GC (Allocation Failure) [PSYoungGen: 436128K->150784K(508416K)] 1552282K->1375275K(1906688K), 0.0563033 secs] [Times: user=0.33 sys=0.00, real=0.05 secs] 
3672.333: [Full GC (Ergonomics) [PSYoungGen: 150784K->0K(508416K)] [ParOldGen: 1224491K->172242K(1398272K)] 1375275K->172242K(1906688K), [Metaspace: 60394K->60394K(1105920K)], 0.4036525 secs] [Times: user=1.86 sys=0.00, real=0.41 secs] 
3676.051: [GC (Allocation Failure) [PSYoungGen: 328704K->108288K(513536K)] 500946K->280530K(1911808K), 0.1028921 secs] [Times: user=0.61 sys=0.00, real=0.10 secs] 
3677.414: [GC (Allocation Failure) [PSYoungGen: 436992K->154848K(504832K)] 609234K->433748K(1903104K), 0.0554412 secs] [Times: user=0.33 sys=0.00, real=0.06 secs] 
3679.542: [GC (Allocation Failure) [PSYoungGen: 477920K->109632K(510976K)] 756820K->534856K(1909248K), 0.1392827 secs] [Times: user=0.83 sys=0.01, real=0.14 secs] 
3681.103: [GC (Allocation Failure) [PSYoungGen: 429567K->152032K(506368K)] 854792K->683205K(1904640K), 0.1391108 secs] [Times: user=0.83 sys=0.00, real=0.14 secs] 
3683.788: [GC (GCLocker Initiated GC) [PSYoungGen: 474080K->102656K(510464K)] 1005253K->777517K(1908736K), 0.1701553 secs] [Times: user=1.00 sys=0.01, real=0.17 secs] 
3684.403: [GC (Allocation Failure) [PSYoungGen: 424704K->186336K(419328K)] 1099569K->963811K(1817600K), 0.0560789 secs] [Times: user=0.32 sys=0.01, real=0.06 secs] 
3686.557: [GC (Allocation Failure) [PSYoungGen: 419296K->58432K(465920K)] 1196771K->1005879K(1864192K), 0.1188670 secs] [Times: user=0.71 sys=0.00, real=0.12 secs] 
3687.486: [GC (Allocation Failure) [PSYoungGen: 291392K->108160K(465920K)] 1238839K->1112611K(1864192K), 0.0483756 secs] [Times: user=0.28 sys=0.00, real=0.04 secs] 
3688.653: [GC (Allocation Failure) [PSYoungGen: 341120K->117248K(350720K)] 1345571K->1221435K(1748992K), 0.0993808 secs] [Times: user=0.59 sys=0.00, real=0.10 secs] 
3691.876: [GC (Allocation Failure) [PSYoungGen: 350208K->56000K(459776K)] 1454395K->1276763K(1858048K), 0.1387257 secs] [Times: user=0.83 sys=0.00, real=0.13 secs] 
3692.015: [Full GC (Ergonomics) [PSYoungGen: 56000K->0K(459776K)] [ParOldGen: 1220763K->57089K(1398272K)] 1276763K->57089K(1858048K), [Metaspace: 60402K->60402K(1105920K)], 0.1748413 secs] [Times: user=0.78 sys=0.01, real=0.18 secs] 
3692.949: [GC (Allocation Failure) [PSYoungGen: 230400K->110016K(340480K)] 287489K->167105K(1738752K), 0.0231174 secs] [Times: user=0.13 sys=0.00, real=0.02 secs] 
3694.519: [GC (Allocation Failure) [PSYoungGen: 340416K->98272K(466432K)] 397505K->256993K(1864704K), 0.0567655 secs] [Times: user=0.34 sys=0.00, real=0.06 secs] 
3695.244: [GC (GCLocker Initiated GC) [PSYoungGen: 341984K->81088K(460288K)] 500705K->338081K(1858560K), 0.0791743 secs] [Times: user=0.46 sys=0.00, real=0.08 secs] 
3695.777: [GC (Allocation Failure) [PSYoungGen: 324800K->119584K(474624K)] 581796K->452357K(1872896K), 0.0770261 secs] [Times: user=0.45 sys=0.01, real=0.07 secs] 
3698.318: [GC (Allocation Failure) [PSYoungGen: 386848K->74048K(472576K)] 719621K->526189K(1870848K), 0.0872544 secs] [Times: user=0.52 sys=0.00, real=0.08 secs] 
3699.752: [GC (Allocation Failure) [PSYoungGen: 341312K->126624K(489984K)] 793453K->648888K(1888256K), 0.0436802 secs] [Times: user=0.25 sys=0.00, real=0.05 secs] 
3700.919: [GC (Allocation Failure) [PSYoungGen: 416416K->99808K(489472K)] 938680K->739424K(1887744K), 0.0642671 secs] [Times: user=0.38 sys=0.00, real=0.06 secs] 
3702.664: [GC (Allocation Failure) [PSYoungGen: 389600K->129952K(493056K)] 1029216K->868181K(1891328K), 0.0507520 secs] [Times: user=0.30 sys=0.00, real=0.05 secs] 
3703.845: [GC (Allocation Failure) [PSYoungGen: 429984K->115104K(492032K)] 1168213K->974213K(1890304K), 0.0637025 secs] [Times: user=0.38 sys=0.00, real=0.06 secs] 
3706.703: [GC (Allocation Failure) [PSYoungGen: 415136K->122176K(502784K)] 1274245K->1096089K(1901056K), 0.0648734 secs] [Times: user=0.39 sys=0.00, real=0.07 secs] 
3707.930: [GC (Allocation Failure) [PSYoungGen: 440128K->125792K(498688K)] 1414041K->1212137K(1896960K), 0.0630722 secs] [Times: user=0.38 sys=0.00, real=0.06 secs] 
3709.813: [GC (Allocation Failure) [PSYoungGen: 443744K->129408K(513024K)] 1530089K->1341410K(1911296K), 0.0603408 secs] [Times: user=0.36 sys=0.00, real=0.06 secs] 
3711.059: [GC (Allocation Failure) [PSYoungGen: 463744K->5472K(339968K)] 1675746K->1217506K(1738240K), 0.0056940 secs] [Times: user=0.03 sys=0.01, real=0.00 secs] 
3711.641: [GC (Allocation Failure) [PSYoungGen: 339808K->153504K(489984K)] 1551842K->1370204K(1888256K), 0.0462586 secs] [Times: user=0.27 sys=0.00, real=0.05 secs] 
3711.688: [Full GC (Ergonomics) [PSYoungGen: 153504K->0K(489984K)] [ParOldGen: 1216700K->173064K(1398272K)] 1370204K->173064K(1888256K), [Metaspace: 60403K->60403K(1105920K)], 0.4170601 secs] [Times: user=1.93 sys=0.01, real=0.41 secs] 
3715.212: [GC (Allocation Failure) [PSYoungGen: 299520K->97248K(499200K)] 472584K->270312K(1897472K), 0.0527226 secs] [Times: user=0.30 sys=0.01, real=0.05 secs] 
3717.165: [GC (Allocation Failure) [PSYoungGen: 396768K->143136K(497664K)] 569832K->412278K(1895936K), 0.0512209 secs] [Times: user=0.30 sys=0.00, real=0.06 secs] 
3719.527: [GC (Allocation Failure) [PSYoungGen: 447776K->109376K(414208K)] 716918K->504510K(1812480K), 0.0636838 secs] [Times: user=0.38 sys=0.00, real=0.06 secs] 
3723.634: [GC (Allocation Failure) [PSYoungGen: 414016K->127616K(500224K)] 809150K->630538K(1898496K), 0.0602056 secs] [Times: user=0.36 sys=0.00, real=0.06 secs] 
3724.888: [GC (Allocation Failure) [PSYoungGen: 438400K->119200K(498176K)] 941322K->740290K(1896448K), 0.0636612 secs] [Times: user=0.37 sys=0.00, real=0.06 secs] 
3726.865: [GC (Allocation Failure) [PSYoungGen: 429984K->127360K(505344K)] 1051074K->867811K(1903616K), 0.0659374 secs] [Times: user=0.39 sys=0.00, real=0.07 secs] 
3728.099: [GC (Allocation Failure) [PSYoungGen: 450944K->2848K(503808K)] 1191395K->743387K(1902080K), 0.0022579 secs] [Times: user=0.01 sys=0.00, real=0.00 secs] 
3731.052: [GC (Allocation Failure) [PSYoungGen: 326432K->136384K(499712K)] 1066971K->878599K(1897984K), 0.0862300 secs] [Times: user=0.51 sys=0.00, real=0.09 secs] 
3732.892: [GC (Allocation Failure) [PSYoungGen: 443072K->112096K(418816K)] 1185287K->982295K(1817088K), 0.0644915 secs] [Times: user=0.38 sys=0.00, real=0.07 secs] 
3735.691: [GC (Allocation Failure) [PSYoungGen: 418784K->131328K(498176K)] 1288983K->1112328K(1896448K), 0.0563517 secs] [Times: user=0.33 sys=0.00, real=0.06 secs] 
3737.360: [GC (Allocation Failure) [PSYoungGen: 440576K->116608K(498688K)] 1421576K->1219884K(1896960K), 0.0645251 secs] [Times: user=0.38 sys=0.00, real=0.06 secs] 
3739.277: [GC (Allocation Failure) [PSYoungGen: 425856K->134464K(502784K)] 1529132K->1353385K(1901056K), 0.0615789 secs] [Times: user=0.37 sys=0.00, real=0.06 secs] 
3739.339: [Full GC (Ergonomics) [PSYoungGen: 134464K->0K(502784K)] [ParOldGen: 1218921K->141359K(1398272K)] 1353385K->141359K(1901056K), [Metaspace: 60403K->60403K(1105920K)], 0.3261466 secs] [Times: user=1.49 sys=0.00, real=0.32 secs] 
3740.784: [GC (Allocation Failure) [PSYoungGen: 318976K->123264K(504320K)] 460335K->264623K(1902592K), 0.0442327 secs] [Times: user=0.26 sys=0.00, real=0.05 secs] 
3742.177: [GC (Allocation Failure) [PSYoungGen: 442240K->145760K(506368K)] 583599K->409716K(1904640K), 0.0616613 secs] [Times: user=0.36 sys=0.00, real=0.06 secs] 
3743.844: [GC (Allocation Failure) [PSYoungGen: 470368K->114144K(438784K)] 734324K->506472K(1837056K), 0.0697512 secs] [Times: user=0.42 sys=0.00, real=0.07 secs] 
3745.494: [GC (Allocation Failure) [PSYoungGen: 438752K->148896K(504832K)] 831080K->654178K(1903104K), 0.0554207 secs] [Times: user=0.33 sys=0.00, real=0.06 secs] 
3747.455: [GC (Allocation Failure) [PSYoungGen: 473504K->108672K(510464K)] 978786K->754482K(1908736K), 0.1235546 secs] [Times: user=0.73 sys=0.00, real=0.13 secs] 
3749.029: [GC (Allocation Failure) [PSYoungGen: 433280K->153024K(505344K)] 1079090K->905867K(1903616K), 0.0628069 secs] [Times: user=0.37 sys=0.00, real=0.06 secs] 
3752.030: [GC (Allocation Failure) [PSYoungGen: 477120K->106336K(511488K)] 1229963K->1004059K(1909760K), 0.1696930 secs] [Times: user=1.01 sys=0.01, real=0.17 secs] 
3753.696: [GC (Allocation Failure) [PSYoungGen: 430432K->153792K(502784K)] 1328155K->1154808K(1901056K), 0.0530978 secs] [Times: user=0.31 sys=0.00, real=0.05 secs] 
3757.066: [GC (Allocation Failure) [PSYoungGen: 472768K->102464K(508928K)] 1473784K->1248696K(1907200K), 0.1479133 secs] [Times: user=0.82 sys=0.00, real=0.14 secs] 
3758.909: [GC (Allocation Failure) [PSYoungGen: 421440K->153216K(501760K)] 1567672K->1398121K(1900032K), 0.0513999 secs] [Times: user=0.31 sys=0.00, real=0.05 secs] 
3758.961: [Full GC (Ergonomics) [PSYoungGen: 153216K->0K(501760K)] [ParOldGen: 1244905K->194278K(1398272K)] 1398121K->194278K(1900032K), [Metaspace: 60403K->60403K(1105920K)], 0.4664882 secs] [Times: user=2.16 sys=0.00, real=0.47 secs] 
3761.476: [GC (Allocation Failure) [PSYoungGen: 314880K->102880K(506880K)] 509158K->297158K(1905152K), 0.0942241 secs] [Times: user=0.55 sys=0.00, real=0.09 secs] 
3762.459: [GC (Allocation Failure) [PSYoungGen: 414056K->149568K(502784K)] 608334K->443768K(1901056K), 0.0978014 secs] [Times: user=0.57 sys=0.00, real=0.10 secs] 
3764.958: [GC (Allocation Failure) [PSYoungGen: 463424K->102080K(506368K)] 757624K->537528K(1904640K), 0.1493686 secs] [Times: user=0.89 sys=0.00, real=0.15 secs] 
3766.035: [GC (Allocation Failure) [PSYoungGen: 409834K->147776K(504832K)] 845282K->682658K(1903104K), 0.0784880 secs] [Times: user=0.47 sys=0.00, real=0.07 secs] 
3769.478: [GC (Allocation Failure) [PSYoungGen: 462656K->97664K(506880K)] 997538K->772234K(1905152K), 0.1601818 secs] [Times: user=0.95 sys=0.00, real=0.16 secs] 
3770.588: [GC (Allocation Failure) [PSYoungGen: 412544K->152160K(500224K)] 1087114K->919931K(1898496K), 0.0495744 secs] [Times: user=0.30 sys=0.00, real=0.05 secs] 
3772.652: [GC (Allocation Failure) [PSYoungGen: 461920K->101568K(504320K)] 1229691K->1012511K(1902592K), 0.1256911 secs] [Times: user=0.74 sys=0.00, real=0.13 secs] 
3773.500: [GC (Allocation Failure) [PSYoungGen: 411328K->149792K(501248K)] 1322271K->1158776K(1899520K), 0.0501935 secs] [Times: user=0.30 sys=0.00, real=0.05 secs] 
3776.325: [GC (Allocation Failure) [PSYoungGen: 459552K->99712K(504320K)] 1468536K->1250296K(1902592K), 0.1802313 secs] [Times: user=1.07 sys=0.00, real=0.18 secs] 
3777.417: [GC (Allocation Failure) [PSYoungGen: 409472K->149152K(501248K)] 1560056K->1396005K(1899520K), 0.0580191 secs] [Times: user=0.28 sys=0.00, real=0.05 secs] 
3777.475: [Full GC (Ergonomics) [PSYoungGen: 149152K->0K(501248K)] [ParOldGen: 1246853K->194644K(1398272K)] 1396005K->194644K(1899520K), [Metaspace: 60404K->60404K(1105920K)], 0.4623663 secs] [Times: user=2.09 sys=0.00, real=0.47 secs] 
3779.715: [GC (Allocation Failure) [PSYoungGen: 308736K->99904K(503808K)] 503380K->294548K(1902080K), 0.0796443 secs] [Times: user=0.47 sys=0.00, real=0.08 secs] 
3781.097: [GC (Allocation Failure) [PSYoungGen: 408640K->149568K(500224K)] 603284K->440105K(1898496K), 0.0490388 secs] [Times: user=0.29 sys=0.00, real=0.05 secs] 
3783.466: [GC (Allocation Failure) [PSYoungGen: 457280K->101056K(503296K)] 747817K->532317K(1901568K), 0.1691390 secs] [Times: user=1.01 sys=0.00, real=0.17 secs] 
3785.021: [GC (Allocation Failure) [PSYoungGen: 408768K->148352K(500736K)] 840029K->674526K(1899008K), 0.0500436 secs] [Times: user=0.29 sys=0.00, real=0.05 secs] 
3787.191: [GC (Allocation Failure) [PSYoungGen: 456576K->101952K(503296K)] 982750K->767918K(1901568K), 0.1329539 secs] [Times: user=0.79 sys=0.00, real=0.13 secs] 
3789.040: [GC (Allocation Failure) [PSYoungGen: 410176K->145440K(501760K)] 1076142K->910451K(1900032K), 0.0736998 secs] [Times: user=0.44 sys=0.00, real=0.07 secs] 
3790.904: [GC (Allocation Failure) [PSYoungGen: 455200K->102272K(503296K)] 1220211K->1004059K(1901568K), 0.1276764 secs] [Times: user=0.76 sys=0.00, real=0.13 secs] 
3791.756: [GC (Allocation Failure) [PSYoungGen: 412032K->149120K(500736K)] 1313819K->1150027K(1899008K), 0.0535882 secs] [Times: user=0.32 sys=0.00, real=0.05 secs] 
3795.038: [GC (Allocation Failure) [PSYoungGen: 459392K->97856K(503808K)] 1460299K->1239628K(1902080K), 0.1745368 secs] [Times: user=1.04 sys=0.00, real=0.17 secs] 
3795.981: [GC (Allocation Failure) [PSYoungGen: 408128K->147456K(503296K)] 1549900K->1384221K(1901568K), 0.0506586 secs] [Times: user=0.30 sys=0.00, real=0.05 secs] 
3796.032: [Full GC (Ergonomics) [PSYoungGen: 147456K->0K(503296K)] [ParOldGen: 1236765K->182128K(1398272K)] 1384221K->182128K(1901568K), [Metaspace: 60404K->60404K(1105920K)], 0.4355658 secs] [Times: user=2.02 sys=0.00, real=0.44 secs] 
3799.351: [GC (Allocation Failure) [PSYoungGen: 311808K->102464K(414720K)] 493936K->284592K(1812992K), 0.0830581 secs] [Times: user=0.50 sys=0.00, real=0.08 secs] 
3801.244: [GC (Allocation Failure) [PSYoungGen: 414272K->146368K(503296K)] 596400K->427885K(1901568K), 0.0516753 secs] [Times: user=0.31 sys=0.00, real=0.06 secs] 
3802.721: [GC (GCLocker Initiated GC) [PSYoungGen: 458688K->105760K(504832K)] 740205K->524285K(1903104K), 0.1212116 secs] [Times: user=0.72 sys=0.01, real=0.12 secs] 
3803.338: [GC (Allocation Failure) [PSYoungGen: 418080K->150304K(501760K)] 836608K->672049K(1900032K), 0.0526841 secs] [Times: user=0.31 sys=0.00, real=0.05 secs] 
3805.812: [GC (Allocation Failure) [PSYoungGen: 462624K->101056K(504832K)] 984369K->764521K(1903104K), 0.1531340 secs] [Times: user=0.91 sys=0.00, real=0.15 secs] 
3808.403: [GC (Allocation Failure) [PSYoungGen: 413376K->145024K(506368K)] 1076841K->906574K(1904640K), 0.0508112 secs] [Times: user=0.30 sys=0.00, real=0.05 secs] 
3810.604: [GC (Allocation Failure) [PSYoungGen: 460928K->106528K(422912K)] 1222478K->1003910K(1821184K), 0.1458213 secs] [Times: user=0.86 sys=0.00, real=0.15 secs] 
3812.882: [GC (Allocation Failure) [PSYoungGen: 422432K->146912K(503296K)] 1319814K->1147027K(1901568K), 0.0526262 secs] [Times: user=0.31 sys=0.00, real=0.05 secs] 
3814.457: [GC (Allocation Failure) [PSYoungGen: 461792K->105920K(505344K)] 1461907K->1243779K(1903616K), 0.1169142 secs] [Times: user=0.69 sys=0.01, real=0.11 secs] 
3815.634: [GC (Allocation Failure) [PSYoungGen: 420800K->151008K(503808K)] 1558659K->1391428K(1902080K), 0.0543183 secs] [Times: user=0.32 sys=0.00, real=0.06 secs] 
3815.688: [Full GC (Ergonomics) [PSYoungGen: 151008K->0K(503808K)] [ParOldGen: 1240420K->190199K(1398272K)] 1391428K->190199K(1902080K), [Metaspace: 60405K->60405K(1105920K)], 0.4500272 secs] [Times: user=2.08 sys=0.00, real=0.45 secs] 
3818.376: [GC (Allocation Failure) [PSYoungGen: 316416K->100512K(507392K)] 506615K->290711K(1905664K), 0.0865915 secs] [Times: user=0.47 sys=0.00, real=0.08 secs] 
3820.228: [GC (Allocation Failure) [PSYoungGen: 416928K->152128K(502272K)] 607127K->438676K(1900544K), 0.0507576 secs] [Times: user=0.29 sys=0.01, real=0.05 secs] 
3821.976: [GC (GCLocker Initiated GC) [PSYoungGen: 464960K->104704K(505856K)] 751508K->534716K(1904128K), 0.1340050 secs] [Times: user=0.80 sys=0.00, real=0.13 secs] 
3822.740: [GC (Allocation Failure) [PSYoungGen: 417536K->150848K(502272K)] 847583K->682111K(1900544K), 0.0514992 secs] [Times: user=0.30 sys=0.00, real=0.05 secs] 
3825.825: [GC (Allocation Failure) [PSYoungGen: 462656K->101152K(505344K)] 993919K->774451K(1903616K), 0.1718109 secs] [Times: user=1.01 sys=0.01, real=0.18 secs] 
3827.175: [GC (Allocation Failure) [PSYoungGen: 412960K->147904K(504320K)] 1086259K->918512K(1902592K), 0.0504955 secs] [Times: user=0.30 sys=0.00, real=0.05 secs] 
3829.413: [GC (Allocation Failure) [PSYoungGen: 460736K->103104K(416256K)] 1231344K->1012732K(1814528K), 0.1654430 secs] [Times: user=0.98 sys=0.00, real=0.17 secs] 
3830.786: [GC (Allocation Failure) [PSYoungGen: 415936K->150144K(501760K)] 1325564K->1159517K(1900032K), 0.0524902 secs] [Times: user=0.31 sys=0.00, real=0.05 secs] 
3834.535: [GC (Allocation Failure) [PSYoungGen: 461440K->96864K(504832K)] 1470813K->1248061K(1903104K), 0.1353264 secs] [Times: user=0.81 sys=0.00, real=0.14 secs] 
3835.810: [GC (Allocation Failure) [PSYoungGen: 408160K->149408K(501760K)] 1559357K->1393842K(1900032K), 0.0502509 secs] [Times: user=0.30 sys=0.00, real=0.05 secs] 
3835.860: [Full GC (Ergonomics) [PSYoungGen: 149408K->0K(501760K)] [ParOldGen: 1244434K->191894K(1398272K)] 1393842K->191894K(1900032K), [Metaspace: 60406K->60406K(1105920K)], 0.4568870 secs] [Times: user=2.10 sys=0.00, real=0.46 secs] 
3838.693: [GC (Allocation Failure) [PSYoungGen: 309760K->101952K(504320K)] 501654K->293846K(1902592K), 0.0623222 secs] [Times: user=0.37 sys=0.01, real=0.07 secs] 
3839.492: [GC (Allocation Failure) [PSYoungGen: 411712K->149440K(501760K)] 603606K->438272K(1900032K), 0.0493249 secs] [Times: user=0.30 sys=0.00, real=0.05 secs] 
3842.398: [GC (Allocation Failure) [PSYoungGen: 459200K->100064K(504320K)] 748032K->529744K(1902592K), 0.0759710 secs] [Times: user=0.45 sys=0.00, real=0.07 secs] 
3843.118: [GC (Allocation Failure) [PSYoungGen: 409824K->149280K(501248K)] 839504K->676446K(1899520K), 0.0522101 secs] [Times: user=0.31 sys=0.00, real=0.05 secs] 
3845.541: [GC (Allocation Failure) [PSYoungGen: 458016K->98240K(503808K)] 985182K->766542K(1902080K), 0.0821515 secs] [Times: user=0.49 sys=0.01, real=0.08 secs] 
3846.683: [GC (Allocation Failure) [PSYoungGen: 406976K->148128K(501760K)] 1075278K->911228K(1900032K), 0.0554658 secs] [Times: user=0.33 sys=0.00, real=0.06 secs] 
3849.986: [GC (Allocation Failure) [PSYoungGen: 456864K->99296K(503808K)] 1219964K->1002384K(1902080K), 0.0740700 secs] [Times: user=0.44 sys=0.01, real=0.07 secs] 
3851.216: [GC (Allocation Failure) [PSYoungGen: 408032K->145088K(502784K)] 1311120K->1145377K(1901056K), 0.1256243 secs] [Times: user=0.73 sys=0.01, real=0.12 secs] 
3855.122: [GC (GCLocker Initiated GC) [PSYoungGen: 454848K->97696K(503808K)] 1455137K->1234697K(1902080K), 0.0926847 secs] [Times: user=0.55 sys=0.00, real=0.09 secs] 
3857.558: [GC (Allocation Failure) [PSYoungGen: 407456K->145088K(502784K)] 1544492K->1377549K(1901056K), 0.0510667 secs] [Times: user=0.30 sys=0.00, real=0.05 secs] 
3857.609: [Full GC (Ergonomics) [PSYoungGen: 145088K->0K(502784K)] [ParOldGen: 1232461K->175311K(1398272K)] 1377549K->175311K(1901056K), [Metaspace: 60418K->60418K(1105920K)], 0.4119246 secs] [Times: user=1.89 sys=0.00, real=0.41 secs] 
3860.059: [GC (Allocation Failure) [PSYoungGen: 310784K->103616K(503808K)] 486095K->278927K(1902080K), 0.0918371 secs] [Times: user=0.54 sys=0.00, real=0.09 secs] 
3862.111: [GC (Allocation Failure) [PSYoungGen: 414400K->144576K(502272K)] 589711K->419660K(1900544K), 0.0522803 secs] [Times: user=0.31 sys=0.00, real=0.05 secs] 
3863.465: [GC (Allocation Failure) [PSYoungGen: 456896K->106528K(503808K)] 731980K->516896K(1902080K), 0.0912285 secs] [Times: user=0.54 sys=0.00, real=0.10 secs] 
3865.095: [GC (Allocation Failure) [PSYoungGen: 418848K->146976K(502784K)] 829216K->661597K(1901056K), 0.0531530 secs] [Times: user=0.32 sys=0.00, real=0.06 secs] 
3866.275: [GC (Allocation Failure) [PSYoungGen: 461856K->108064K(505344K)] 976477K->760481K(1903616K), 0.0657125 secs] [Times: user=0.39 sys=0.00, real=0.06 secs] 
3867.382: [GC (Allocation Failure) [PSYoungGen: 422944K->148384K(504832K)] 1075361K->906635K(1903104K), 0.0542427 secs] [Times: user=0.32 sys=0.00, real=0.06 secs] 
3870.106: [GC (Allocation Failure) [PSYoungGen: 466336K->103616K(507392K)] 1224587K->1001787K(1905664K), 0.1063641 secs] [Times: user=0.63 sys=0.00, real=0.10 secs] 
3871.314: [GC (GCLocker Initiated GC) [PSYoungGen: 421568K->150016K(505344K)] 1319739K->1149911K(1903616K), 0.1209235 secs] [Times: user=0.71 sys=0.00, real=0.12 secs] 
3874.120: [GC (GCLocker Initiated GC) [PSYoungGen: 467968K->104160K(508416K)] 1467866K->1245650K(1906688K), 0.0969016 secs] [Times: user=0.57 sys=0.00, real=0.10 secs] 
3875.232: [GC (Allocation Failure) [PSYoungGen: 422112K->152320K(502784K)] 1563605K->1394761K(1901056K), 0.0530017 secs] [Times: user=0.31 sys=0.00, real=0.06 secs] 
3875.285: [Full GC (Ergonomics) [PSYoungGen: 152320K->0K(502784K)] [ParOldGen: 1242441K->191053K(1398272K)] 1394761K->191053K(1901056K), [Metaspace: 60422K->60422K(1105920K)], 0.4613976 secs] [Times: user=2.14 sys=0.00, real=0.46 secs] 
3877.848: [GC (GCLocker Initiated GC) [PSYoungGen: 314880K->101984K(506880K)] 505933K->293038K(1905152K), 0.0691602 secs] [Times: user=0.40 sys=0.00, real=0.07 secs] 
3879.172: [GC (Allocation Failure) [PSYoungGen: 416864K->157504K(497664K)] 607952K->447373K(1895936K), 0.0507457 secs] [Times: user=0.30 sys=0.00, real=0.05 secs] 
3882.131: [GC (Allocation Failure) [PSYoungGen: 465216K->101120K(503296K)] 755085K->531729K(1901568K), 0.1333952 secs] [Times: user=0.80 sys=0.00, real=0.13 secs] 
3883.739: [GC (Allocation Failure) [PSYoungGen: 408832K->145632K(502272K)] 839441K->674022K(1900544K), 0.0504733 secs] [Times: user=0.30 sys=0.00, real=0.05 secs] 
3886.993: [GC (Allocation Failure) [PSYoungGen: 455202K->99904K(503808K)] 983592K->764894K(1902080K), 0.1407839 secs] [Times: user=0.84 sys=0.00, real=0.14 secs] 
3888.357: [GC (Allocation Failure) [PSYoungGen: 409664K->148192K(502272K)] 1074654K->910415K(1900544K), 0.0504245 secs] [Times: user=0.30 sys=0.00, real=0.05 secs] 
3891.254: [GC (Allocation Failure) [PSYoungGen: 458464K->102144K(504320K)] 1220687K->1004415K(1902592K), 0.0923729 secs] [Times: user=0.55 sys=0.00, real=0.10 secs] 
3891.980: [GC (GCLocker Initiated GC) [PSYoungGen: 412416K->150176K(501248K)] 1314689K->1151350K(1899520K), 0.0635170 secs] [Times: user=0.37 sys=0.01, real=0.06 secs] 
3895.271: [GC (Allocation Failure) [PSYoungGen: 459936K->97472K(504320K)] 1463165K->1242705K(1902592K), 0.1375931 secs] [Times: user=0.82 sys=0.00, real=0.14 secs] 
3895.951: [GC (Allocation Failure) [PSYoungGen: 407232K->149696K(500224K)] 1552465K->1391462K(1898496K), 0.0534575 secs] [Times: user=0.31 sys=0.00, real=0.05 secs] 
3896.004: [Full GC (Ergonomics) [PSYoungGen: 149696K->0K(500224K)] [ParOldGen: 1241766K->187157K(1398272K)] 1391462K->187157K(1898496K), [Metaspace: 60432K->60432K(1105920K)], 0.4592597 secs] [Times: user=2.14 sys=0.00, real=0.46 secs] 
3899.495: [GC (Allocation Failure) [PSYoungGen: 307712K->98400K(503296K)] 494869K->285557K(1901568K), 0.1033517 secs] [Times: user=0.60 sys=0.00, real=0.11 secs] 
3901.051: [GC (Allocation Failure) [PSYoungGen: 406112K->143392K(502272K)] 593269K->426541K(1900544K), 0.0502310 secs] [Times: user=0.30 sys=0.00, real=0.05 secs] 
3904.073: [GC (Allocation Failure) [PSYoungGen: 453152K->100960K(503296K)] 736301K->518769K(1901568K), 0.0905318 secs] [Times: user=0.54 sys=0.00, real=0.09 secs] 
3905.943: [GC (Allocation Failure) [PSYoungGen: 410720K->144960K(502272K)] 828529K->660843K(1900544K), 0.0514754 secs] [Times: user=0.31 sys=0.00, real=0.05 secs] 
3907.505: [GC (Allocation Failure) [PSYoungGen: 456256K->104832K(503808K)] 972139K->756811K(1902080K), 0.0808227 secs] [Times: user=0.49 sys=0.00, real=0.09 secs] 
3908.552: [GC (Allocation Failure) [PSYoungGen: 416128K->145504K(503296K)] 1068107K->900230K(1901568K), 0.0556521 secs] [Times: user=0.33 sys=0.01, real=0.06 secs] 
3911.094: [GC (Allocation Failure) [PSYoungGen: 459360K->103232K(504832K)] 1214086K->994998K(1903104K), 0.0970761 secs] [Times: user=0.58 sys=0.00, real=0.10 secs] 
3912.203: [GC (Allocation Failure) [PSYoungGen: 417088K->147808K(503296K)] 1308854K->1141067K(1901568K), 0.0632195 secs] [Times: user=0.37 sys=0.01, real=0.07 secs] 
3914.823: [GC (Allocation Failure) [PSYoungGen: 463200K->103840K(506368K)] 1456459K->1236347K(1904640K), 0.1011897 secs] [Times: user=0.60 sys=0.00, real=0.10 secs] 
3917.386: [GC (Allocation Failure) [PSYoungGen: 419232K->144896K(506368K)] 1551739K->1379064K(1904640K), 0.0521959 secs] [Times: user=0.31 sys=0.00, real=0.05 secs] 
3917.438: [Full GC (Ergonomics) [PSYoungGen: 144896K->0K(506368K)] [ParOldGen: 1234168K->176289K(1398272K)] 1379064K->176289K(1904640K), [Metaspace: 60444K->60444K(1105920K)], 0.4131529 secs] [Times: user=1.89 sys=0.00, real=0.41 secs] 
3920.934: [GC (Allocation Failure) [PSYoungGen: 318464K->108960K(427520K)] 494753K->285250K(1825792K), 0.0943511 secs] [Times: user=0.48 sys=0.01, real=0.10 secs] 
3923.445: [GC (Allocation Failure) [PSYoungGen: 427424K->146048K(505344K)] 603714K->428863K(1903616K), 0.0538774 secs] [Times: user=0.32 sys=0.00, real=0.06 secs] 
3926.412: [GC (Allocation Failure) [PSYoungGen: 465536K->106240K(507392K)] 748351K->526183K(1905664K), 0.1296871 secs] [Times: user=0.77 sys=0.00, real=0.13 secs] 
3928.614: [GC (Allocation Failure) [PSYoungGen: 425728K->150080K(506368K)] 845671K->673964K(1904640K), 0.0530677 secs] [Times: user=0.32 sys=0.00, real=0.06 secs] 
3929.870: [GC (Allocation Failure) [PSYoungGen: 471104K->108352K(509952K)] 994988K->773452K(1908224K), 0.0688083 secs] [Times: user=0.41 sys=0.00, real=0.07 secs] 
3930.758: [GC (Allocation Failure) [PSYoungGen: 424089K->151872K(505856K)] 1089190K->922458K(1904128K), 0.0802223 secs] [Times: user=0.47 sys=0.01, real=0.08 secs] 
3932.853: [GC (Allocation Failure) [PSYoungGen: 471872K->105696K(509440K)] 1242458K->1019802K(1907712K), 0.0874599 secs] [Times: user=0.52 sys=0.00, real=0.09 secs] 
3934.235: [GC (Allocation Failure) [PSYoungGen: 410974K->144608K(508928K)] 1325081K->1161123K(1907200K), 0.0966751 secs] [Times: user=0.57 sys=0.00, real=0.10 secs] 
3937.102: [GC (Allocation Failure) [PSYoungGen: 466656K->107488K(429568K)] 1483171K->1260111K(1827840K), 0.1567920 secs] [Times: user=0.93 sys=0.00, real=0.16 secs] 
3939.946: [GC (Allocation Failure) [PSYoungGen: 413794K->142400K(508928K)] 1566417K->1399248K(1907200K), 0.1424584 secs] [Times: user=0.85 sys=0.00, real=0.14 secs] 
3940.089: [Full GC (Ergonomics) [PSYoungGen: 142400K->0K(508928K)] [ParOldGen: 1256848K->196308K(1398272K)] 1399248K->196308K(1907200K), [Metaspace: 60444K->60444K(1105920K)], 0.5346427 secs] [Times: user=2.56 sys=0.00, real=0.53 secs] 
3943.194: [GC (GCLocker Initiated GC) [PSYoungGen: 323584K->102784K(509440K)] 519892K->299092K(1907712K), 0.0728554 secs] [Times: user=0.42 sys=0.01, real=0.08 secs] 
3943.930: [GC (Allocation Failure) [PSYoungGen: 426368K->146496K(508928K)] 639095K->458951K(1907200K), 0.2998238 secs] [Times: user=1.78 sys=0.01, real=0.30 secs] 
3946.956: [GC (Allocation Failure) [PSYoungGen: 471616K->98176K(511488K)] 784071K->557215K(1909760K), 0.4465131 secs] [Times: user=2.66 sys=0.01, real=0.44 secs] 
3947.808: [GC (Allocation Failure) [PSYoungGen: 423296K->157312K(501248K)] 882335K->708476K(1899520K), 0.0563743 secs] [Times: user=0.33 sys=0.00, real=0.05 secs] 
3951.425: [GC (Allocation Failure) [PSYoungGen: 473216K->93824K(507392K)] 1024380K->801588K(1905664K), 0.1722243 secs] [Times: user=1.02 sys=0.00, real=0.18 secs] 
3952.030: [GC (GCLocker Initiated GC) [PSYoungGen: 409728K->155544K(498176K)] 1117492K->951442K(1896448K), 0.0822069 secs] [Times: user=0.50 sys=0.00, real=0.08 secs] 
3954.876: [GC (Allocation Failure) [PSYoungGen: 463256K->89568K(503296K)] 1259156K->1041195K(1901568K), 0.1192334 secs] [Times: user=0.70 sys=0.00, real=0.12 secs] 
3955.769: [GC (Allocation Failure) [PSYoungGen: 397280K->152384K(496640K)] 1348907K->1188028K(1894912K), 0.0907053 secs] [Times: user=0.54 sys=0.00, real=0.09 secs] 
3959.120: [GC (Allocation Failure) [PSYoungGen: 453952K->82016K(384000K)] 1489596K->1270308K(1782272K), 0.1718988 secs] [Times: user=1.02 sys=0.01, real=0.17 secs] 
3961.013: [GC (Allocation Failure) [PSYoungGen: 383584K->147488K(496640K)] 1571876K->1411897K(1894912K), 0.1029580 secs] [Times: user=0.62 sys=0.00, real=0.11 secs] 
3961.116: [Full GC (Ergonomics) [PSYoungGen: 147488K->0K(496640K)] [ParOldGen: 1264409K->209093K(1398272K)] 1411897K->209093K(1894912K), [Metaspace: 60449K->60449K(1105920K)], 0.5220600 secs] [Times: user=2.47 sys=0.00, real=0.52 secs] 
3965.737: [GC (Allocation Failure) [PSYoungGen: 297472K->81888K(498176K)] 506565K->290981K(1896448K), 0.1335752 secs] [Times: user=0.79 sys=0.01, real=0.13 secs] 
3967.397: [GC (Allocation Failure) [PSYoungGen: 379360K->143552K(497152K)] 588453K->430694K(1895424K), 0.0465503 secs] [Times: user=0.28 sys=0.00, real=0.04 secs] 
3969.441: [GC (Allocation Failure) [PSYoungGen: 438196K->95104K(391680K)] 725339K->516890K(1789952K), 0.1559124 secs] [Times: user=0.93 sys=0.01, real=0.16 secs] 
3972.073: [GC (Allocation Failure) [PSYoungGen: 391552K->139104K(496128K)] 813338K->653223K(1894400K), 0.0481439 secs] [Times: user=0.28 sys=0.01, real=0.05 secs] 
3973.631: [GC (Allocation Failure) [PSYoungGen: 437088K->99872K(495104K)] 951207K->743991K(1893376K), 0.0665366 secs] [Times: user=0.39 sys=0.00, real=0.07 secs] 
3975.284: [GC (Allocation Failure) [PSYoungGen: 397856K->137024K(498176K)] 1041975K->878684K(1896448K), 0.0504315 secs] [Times: user=0.30 sys=0.00, real=0.05 secs] 
3976.463: [GC (Allocation Failure) [PSYoungGen: 441664K->107584K(497152K)] 1183324K->976732K(1895424K), 0.0643496 secs] [Times: user=0.38 sys=0.00, real=0.07 secs] 
3977.714: [GC (Allocation Failure) [PSYoungGen: 412224K->140704K(499712K)] 1281372K->1116558K(1897984K), 0.0557077 secs] [Times: user=0.33 sys=0.00, real=0.06 secs] 
3979.856: [GC (Allocation Failure) [PSYoungGen: 452512K->106464K(500736K)] 1428366K->1214758K(1899008K), 0.0726591 secs] [Times: user=0.43 sys=0.00, real=0.07 secs] 
3982.007: [GC (GCLocker Initiated GC) [PSYoungGen: 418272K->139648K(506368K)] 1526566K->1353568K(1904640K), 0.1243255 secs] [Times: user=0.74 sys=0.00, real=0.12 secs] 
3985.068: [GC (Allocation Failure) [PSYoungGen: 461184K->109024K(506880K)] 1675106K->1454218K(1905152K), 0.0685604 secs] [Times: user=0.40 sys=0.01, real=0.07 secs] 
3985.137: [Full GC (Ergonomics) [PSYoungGen: 109024K->0K(506880K)] [ParOldGen: 1345194K->21964K(1398272K)] 1454218K->21964K(1905152K), [Metaspace: 60451K->60451K(1105920K)], 0.0342339 secs] [Times: user=0.08 sys=0.00, real=0.03 secs] 
3985.865: [GC (Allocation Failure) [PSYoungGen: 321536K->148384K(505856K)] 343500K->170348K(1904128K), 0.0289929 secs] [Times: user=0.17 sys=0.00, real=0.03 secs] 
3988.107: [GC (Allocation Failure) [PSYoungGen: 472992K->111616K(509952K)] 494956K->273196K(1908224K), 0.1688719 secs] [Times: user=1.01 sys=0.00, real=0.17 secs] 
3989.567: [GC (GCLocker Initiated GC) [PSYoungGen: 436224K->150528K(508416K)] 597804K->421809K(1906688K), 0.0539979 secs] [Times: user=0.32 sys=0.00, real=0.05 secs] 
3992.564: [GC (Allocation Failure) [PSYoungGen: 477696K->107456K(513024K)] 748979K->520623K(1911296K), 0.1768144 secs] [Times: user=1.01 sys=0.00, real=0.18 secs] 
3993.653: [GC (Allocation Failure) [PSYoungGen: 434624K->157728K(502784K)] 847791K->674864K(1901056K), 0.0528043 secs] [Times: user=0.32 sys=0.00, real=0.06 secs] 
3996.462: [GC (Allocation Failure) [PSYoungGen: 477728K->103648K(509440K)] 994864K->769708K(1907712K), 0.1640655 secs] [Times: user=0.98 sys=0.00, real=0.17 secs] 
3998.550: [GC (Allocation Failure) [PSYoungGen: 412742K->148384K(506368K)] 1078802K->914277K(1904640K), 0.0505884 secs] [Times: user=0.30 sys=0.00, real=0.05 secs] 
4000.857: [GC (Allocation Failure) [PSYoungGen: 467360K->103200K(508928K)] 1233253K->1008981K(1907200K), 0.1632385 secs] [Times: user=0.97 sys=0.00, real=0.16 secs] 
4001.887: [GC (Allocation Failure) [PSYoungGen: 407339K->146752K(507904K)] 1313120K->1152293K(1906176K), 0.0670207 secs] [Times: user=0.40 sys=0.01, real=0.06 secs] 
4005.174: [GC (Allocation Failure) [PSYoungGen: 466752K->100736K(509440K)] 1472293K->1244909K(1907712K), 0.1755053 secs] [Times: user=1.04 sys=0.00, real=0.18 secs] 
4006.888: [GC (Allocation Failure) [PSYoungGen: 415696K->151008K(503808K)] 1559870K->1391330K(1902080K), 0.0505837 secs] [Times: user=0.30 sys=0.00, real=0.05 secs] 
4006.938: [Full GC (Ergonomics) [PSYoungGen: 151008K->0K(503808K)] [ParOldGen: 1240322K->196894K(1398272K)] 1391330K->196894K(1902080K), [Metaspace: 60458K->60458K(1105920K)], 0.4670195 secs] [Times: user=2.17 sys=0.00, real=0.47 secs] 
4009.597: [GC (Allocation Failure) [PSYoungGen: 315904K->104192K(507392K)] 512798K->301086K(1905664K), 0.0918996 secs] [Times: user=0.54 sys=0.00, real=0.09 secs] 
4010.360: [GC (Allocation Failure) [PSYoungGen: 408589K->146944K(506880K)] 605483K->444482K(1905152K), 0.0500471 secs] [Times: user=0.30 sys=0.00, real=0.05 secs] 
4012.735: [GC (Allocation Failure) [PSYoungGen: 464896K->103904K(421888K)] 762434K->540035K(1820160K), 0.1745912 secs] [Times: user=1.04 sys=0.01, real=0.18 secs] 
4013.817: [GC (Allocation Failure) [PSYoungGen: 406145K->146208K(506368K)] 842276K->682639K(1904640K), 0.0496574 secs] [Times: user=0.30 sys=0.00, real=0.05 secs] 
4017.108: [GC (Allocation Failure) [PSYoungGen: 464160K->101376K(507904K)] 1000591K->775943K(1906176K), 0.1321359 secs] [Times: user=0.79 sys=0.00, real=0.13 secs] 
4018.501: [GC (Allocation Failure) [PSYoungGen: 409195K->149056K(504832K)] 1083763K->921264K(1903104K), 0.0720787 secs] [Times: user=0.43 sys=0.00, real=0.07 secs] 
4021.261: [GC (Allocation Failure) [PSYoungGen: 465984K->101216K(507904K)] 1238192K->1014424K(1906176K), 0.1492912 secs] [Times: user=0.89 sys=0.00, real=0.15 secs] 
4022.579: [GC (Allocation Failure) [PSYoungGen: 412842K->150240K(503808K)] 1326051K->1160437K(1902080K), 0.0501714 secs] [Times: user=0.29 sys=0.00, real=0.05 secs] 
4024.913: [GC (Allocation Failure) [PSYoungGen: 465120K->100096K(506880K)] 1475317K->1251693K(1905152K), 0.1351065 secs] [Times: user=0.80 sys=0.00, real=0.14 secs] 
4026.216: [GC (Allocation Failure) [PSYoungGen: 414202K->151104K(501760K)] 1565800K->1398646K(1900032K), 0.0497354 secs] [Times: user=0.30 sys=0.00, real=0.05 secs] 
4026.266: [Full GC (Ergonomics) [PSYoungGen: 151104K->0K(501760K)] [ParOldGen: 1247542K->196927K(1398272K)] 1398646K->196927K(1900032K), [Metaspace: 60462K->60462K(1105920K)], 0.4750976 secs] [Times: user=2.21 sys=0.00, real=0.47 secs] 
4029.364: [GC (Allocation Failure) [PSYoungGen: 311808K->100928K(505344K)] 508735K->297855K(1903616K), 0.0972177 secs] [Times: user=0.57 sys=0.00, real=0.10 secs] 
4030.833: [GC (Allocation Failure) [PSYoungGen: 412736K->150336K(501760K)] 609663K->444027K(1900032K), 0.0491994 secs] [Times: user=0.29 sys=0.00, real=0.05 secs] 
4032.784: [GC (Allocation Failure) [PSYoungGen: 461120K->103232K(504832K)] 754811K->538423K(1903104K), 0.1586226 secs] [Times: user=0.94 sys=0.00, real=0.16 secs] 
4034.157: [GC (Allocation Failure) [PSYoungGen: 410803K->148224K(503296K)] 845995K->682488K(1901568K), 0.0503357 secs] [Times: user=0.30 sys=0.00, real=0.05 secs] 
4036.055: [GC (Allocation Failure) [PSYoungGen: 460032K->101856K(413696K)] 994296K->775612K(1811968K), 0.1250559 secs] [Times: user=0.74 sys=0.00, real=0.13 secs] 
4036.973: [GC (Allocation Failure) [PSYoungGen: 411374K->149024K(502272K)] 1085131K->920921K(1900544K), 0.0497401 secs] [Times: user=0.29 sys=0.00, real=0.05 secs] 
4039.410: [GC (Allocation Failure) [PSYoungGen: 460320K->100928K(504832K)] 1232217K->1013081K(1903104K), 0.1644297 secs] [Times: user=0.98 sys=0.00, real=0.16 secs] 
4040.117: [GC (Allocation Failure) [PSYoungGen: 412224K->149312K(502272K)] 1324377K->1159166K(1900544K), 0.0499263 secs] [Times: user=0.30 sys=0.00, real=0.05 secs] 
4042.973: [GC (Allocation Failure) [PSYoungGen: 460096K->102464K(504832K)] 1469950K->1253178K(1903104K), 0.1440023 secs] [Times: user=0.85 sys=0.00, real=0.15 secs] 
4043.742: [GC (Allocation Failure) [PSYoungGen: 406380K->147648K(502784K)] 1557095K->1397419K(1901056K), 0.0509754 secs] [Times: user=0.31 sys=0.01, real=0.05 secs] 
4043.793: [Full GC (Ergonomics) [PSYoungGen: 147648K->0K(502784K)] [ParOldGen: 1249771K->196404K(1398272K)] 1397419K->196404K(1901056K), [Metaspace: 60462K->60462K(1105920K)], 0.4797508 secs] [Times: user=2.15 sys=0.00, real=0.48 secs] 
4046.729: [GC (Allocation Failure) [PSYoungGen: 311296K->97408K(504832K)] 507700K->293812K(1903104K), 0.0860266 secs] [Times: user=0.51 sys=0.00, real=0.08 secs] 
4048.294: [GC (Allocation Failure) [PSYoungGen: 408704K->148800K(502272K)] 605108K->439530K(1900544K), 0.0567498 secs] [Times: user=0.34 sys=0.00, real=0.06 secs] 
4050.809: [GC (Allocation Failure) [PSYoungGen: 459584K->101408K(504832K)] 750314K->532450K(1903104K), 0.1428981 secs] [Times: user=0.85 sys=0.00, real=0.14 secs] 
4052.394: [GC (Allocation Failure) [PSYoungGen: 412192K->148288K(502272K)] 843234K->677319K(1900544K), 0.0504498 secs] [Times: user=0.30 sys=0.00, real=0.05 secs] 
4055.092: [GC (Allocation Failure) [PSYoungGen: 459072K->100704K(504832K)] 988103K->769215K(1903104K), 0.1752831 secs] [Times: user=1.04 sys=0.00, real=0.18 secs] 
4056.028: [GC (Allocation Failure) [PSYoungGen: 411488K->151072K(500224K)] 1079999K->917224K(1898496K), 0.0664574 secs] [Times: user=0.39 sys=0.00, real=0.06 secs] 
4058.693: [GC (Allocation Failure) [PSYoungGen: 459808K->97824K(503808K)] 1225960K->1006944K(1902080K), 0.1641416 secs] [Times: user=0.97 sys=0.00, real=0.17 secs] 
4060.873: [GC (Allocation Failure) [PSYoungGen: 406560K->147424K(501760K)] 1315680K->1150069K(1900032K), 0.0497147 secs] [Times: user=0.29 sys=0.00, real=0.05 secs] 
4062.992: [GC (Allocation Failure) [PSYoungGen: 456160K->102848K(411648K)] 1458805K->1243917K(1809920K), 0.1659361 secs] [Times: user=0.98 sys=0.01, real=0.17 secs] 
4064.865: [GC (Allocation Failure) [PSYoungGen: 411584K->154560K(497664K)] 1552653K->1394801K(1895936K), 0.0522403 secs] [Times: user=0.31 sys=0.00, real=0.06 secs] 
4064.918: [Full GC (Ergonomics) [PSYoungGen: 154560K->0K(497664K)] [ParOldGen: 1240241K->185283K(1398272K)] 1394801K->185283K(1895936K), [Metaspace: 60462K->60462K(1105920K)], 0.4346095 secs] [Times: user=2.01 sys=0.00, real=0.43 secs] 
4067.428: [GC (Allocation Failure) [PSYoungGen: 305664K->99968K(502272K)] 490947K->285251K(1900544K), 0.0993283 secs] [Times: user=0.58 sys=0.00, real=0.10 secs] 
4069.671: [GC (Allocation Failure) [PSYoungGen: 405632K->143904K(501248K)] 590915K->426048K(1899520K), 0.0500078 secs] [Times: user=0.29 sys=0.00, real=0.05 secs] 
4071.271: [GC (Allocation Failure) [PSYoungGen: 452128K->104480K(502784K)] 734272K->521600K(1901056K), 0.1619149 secs] [Times: user=0.96 sys=0.00, real=0.16 secs] 
4072.974: [GC (Allocation Failure) [PSYoungGen: 412704K->144896K(501760K)] 829824K->663145K(1900032K), 0.0517193 secs] [Times: user=0.30 sys=0.00, real=0.06 secs] 
4074.528: [GC (Allocation Failure) [PSYoungGen: 455168K->106752K(502784K)] 973417K->760301K(1901056K), 0.1038043 secs] [Times: user=0.62 sys=0.00, real=0.10 secs] 
4075.410: [GC (Allocation Failure) [PSYoungGen: 417024K->148352K(501248K)] 1070573K->906803K(1899520K), 0.0535717 secs] [Times: user=0.32 sys=0.00, real=0.05 secs] 
4078.354: [GC (Allocation Failure) [PSYoungGen: 460672K->101152K(503808K)] 1219123K->999703K(1902080K), 0.1741586 secs] [Times: user=1.04 sys=0.00, real=0.18 secs] 
4080.006: [GC (Allocation Failure) [PSYoungGen: 413472K->147168K(505344K)] 1312023K->1144787K(1903616K), 0.0934344 secs] [Times: user=0.55 sys=0.00, real=0.09 secs] 
4083.201: [GC (Allocation Failure) [PSYoungGen: 463072K->103072K(419328K)] 1460691K->1239723K(1817600K), 0.1316497 secs] [Times: user=0.79 sys=0.00, real=0.13 secs] 
4084.657: [GC (Allocation Failure) [PSYoungGen: 418976K->149216K(503808K)] 1555627K->1386220K(1902080K), 0.0526840 secs] [Times: user=0.31 sys=0.00, real=0.05 secs] 
4084.710: [Full GC (Ergonomics) [PSYoungGen: 149216K->0K(503808K)] [ParOldGen: 1237004K->184028K(1398272K)] 1386220K->184028K(1902080K), [Metaspace: 60462K->60462K(1105920K)], 0.4515938 secs] [Times: user=2.03 sys=0.00, real=0.45 secs] 
4087.515: [GC (Allocation Failure) [PSYoungGen: 314880K->103808K(506880K)] 498908K->287836K(1905152K), 0.0968630 secs] [Times: user=0.57 sys=0.00, real=0.10 secs] 
4089.208: [GC (Allocation Failure) [PSYoungGen: 418688K->149056K(503808K)] 602716K->433645K(1902080K), 0.0519796 secs] [Times: user=0.31 sys=0.00, real=0.05 secs] 
4091.456: [GC (Allocation Failure) [PSYoungGen: 463936K->103168K(506880K)] 748525K->527669K(1905152K), 0.1526276 secs] [Times: user=0.90 sys=0.00, real=0.15 secs] 
4093.590: [GC (Allocation Failure) [PSYoungGen: 418048K->150656K(503296K)] 842549K->674330K(1901568K), 0.0515818 secs] [Times: user=0.30 sys=0.00, real=0.05 secs] 
4095.850: [GC (Allocation Failure) [PSYoungGen: 464512K->99328K(506368K)] 988186K->765030K(1904640K), 0.1542434 secs] [Times: user=0.92 sys=0.01, real=0.15 secs] 
4097.428: [GC (Allocation Failure) [PSYoungGen: 413184K->149760K(502784K)] 1078886K->911035K(1901056K), 0.0509248 secs] [Times: user=0.30 sys=0.01, real=0.05 secs] 
4099.496: [GC (GCLocker Initiated GC) [PSYoungGen: 461568K->102816K(505344K)] 1222843K->1005135K(1903616K), 0.1327885 secs] [Times: user=0.80 sys=0.00, real=0.13 secs] 
4100.438: [GC (Allocation Failure) [PSYoungGen: 414624K->150208K(501760K)] 1316947K->1152060K(1900032K), 0.0963756 secs] [Times: user=0.57 sys=0.00, real=0.09 secs] 
4103.962: [GC (Allocation Failure) [PSYoungGen: 460992K->98496K(504832K)] 1462844K->1242140K(1903104K), 0.1074511 secs] [Times: user=0.64 sys=0.00, real=0.11 secs] 
4104.628: [GC (Allocation Failure) [PSYoungGen: 409280K->150848K(500736K)] 1552924K->1389933K(1899008K), 0.0533887 secs] [Times: user=0.31 sys=0.01, real=0.05 secs] 
4104.681: [Full GC (Ergonomics) [PSYoungGen: 150848K->0K(500736K)] [ParOldGen: 1239085K->188842K(1398272K)] 1389933K->188842K(1899008K), [Metaspace: 60462K->60462K(1105920K)], 0.4543770 secs] [Times: user=2.10 sys=0.00, real=0.46 secs] 
4108.447: [GC (Allocation Failure) [PSYoungGen: 308736K->96928K(503808K)] 497578K->285770K(1902080K), 0.0750321 secs] [Times: user=0.45 sys=0.01, real=0.07 secs] 
4109.195: [GC (Allocation Failure) [PSYoungGen: 405664K->146336K(502272K)] 594506K->429707K(1900544K), 0.0494138 secs] [Times: user=0.29 sys=0.00, real=0.05 secs] 
4111.699: [GC (Allocation Failure) [PSYoungGen: 455072K->102208K(411136K)] 738443K->523195K(1809408K), 0.1709465 secs] [Times: user=1.01 sys=0.00, real=0.17 secs] 
4113.226: [GC (Allocation Failure) [PSYoungGen: 410944K->145216K(501248K)] 831931K->665951K(1899520K), 0.0514462 secs] [Times: user=0.30 sys=0.00, real=0.05 secs] 
4115.517: [GC (Allocation Failure) [PSYoungGen: 454464K->100640K(502272K)] 975199K->757843K(1900544K), 0.1754748 secs] [Times: user=1.02 sys=0.00, real=0.17 secs] 
4118.041: [GC (Allocation Failure) [PSYoungGen: 409888K->143296K(504320K)] 1067091K->898316K(1902592K), 0.0509611 secs] [Times: user=0.30 sys=0.00, real=0.05 secs] 
4119.433: [GC (Allocation Failure) [PSYoungGen: 456640K->106912K(420352K)] 1211660K->995892K(1818624K), 0.0926008 secs] [Times: user=0.55 sys=0.00, real=0.10 secs] 
4121.661: [GC (Allocation Failure) [PSYoungGen: 420256K->155680K(498688K)] 1309236K->1148489K(1896960K), 0.0535846 secs] [Times: user=0.32 sys=0.00, real=0.05 secs] 
4123.006: [GC (Allocation Failure) [PSYoungGen: 466464K->105440K(504320K)] 1459273K->1236661K(1902592K), 0.0760690 secs] [Times: user=0.46 sys=0.00, real=0.07 secs] 
4124.410: [GC (Allocation Failure) [PSYoungGen: 416224K->146304K(505344K)] 1547445K->1381106K(1903616K), 0.0683960 secs] [Times: user=0.41 sys=0.00, real=0.07 secs] 
4124.478: [Full GC (Ergonomics) [PSYoungGen: 146304K->0K(505344K)] [ParOldGen: 1234802K->181758K(1398272K)] 1381106K->181758K(1903616K), [Metaspace: 60462K->60462K(1105920K)], 0.4357909 secs] [Times: user=2.02 sys=0.00, real=0.43 secs] 
4127.944: [GC (Allocation Failure) [PSYoungGen: 314880K->101568K(416768K)] 496638K->283326K(1815040K), 0.0582159 secs] [Times: user=0.34 sys=0.00, real=0.06 secs] 
4129.050: [GC (Allocation Failure) [PSYoungGen: 416448K->148864K(503808K)] 598206K->430374K(1902080K), 0.0517880 secs] [Times: user=0.31 sys=0.00, real=0.05 secs] 
4131.088: [GC (Allocation Failure) [PSYoungGen: 462720K->104800K(418816K)] 744230K->526727K(1817088K), 0.0932407 secs] [Times: user=0.56 sys=0.00, real=0.09 secs] 
4132.847: [GC (Allocation Failure) [PSYoungGen: 418656K->148096K(503296K)] 840583K->671723K(1901568K), 0.0525160 secs] [Times: user=0.31 sys=0.00, real=0.05 secs] 
4134.141: [GC (Allocation Failure) [PSYoungGen: 461952K->107360K(505856K)] 985579K->770051K(1904128K), 0.0723353 secs] [Times: user=0.43 sys=0.00, real=0.07 secs] 
4135.247: [GC (Allocation Failure) [PSYoungGen: 421216K->148608K(503296K)] 1083907K->915716K(1901568K), 0.1079909 secs] [Times: user=0.64 sys=0.00, real=0.10 secs] 
4137.645: [GC (Allocation Failure) [PSYoungGen: 463488K->102816K(505856K)] 1230596K->1010396K(1904128K), 0.1284618 secs] [Times: user=0.77 sys=0.00, real=0.13 secs] 
4139.608: [GC (Allocation Failure) [PSYoungGen: 417696K->148896K(504832K)] 1325276K->1156381K(1903104K), 0.1222756 secs] [Times: user=0.73 sys=0.00, real=0.12 secs] 
4142.609: [GC (Allocation Failure) [PSYoungGen: 464800K->102848K(507392K)] 1472285K->1251053K(1905664K), 0.1670231 secs] [Times: user=0.99 sys=0.00, real=0.17 secs] 
4143.504: [GC (Allocation Failure) [PSYoungGen: 415166K->151008K(502784K)] 1563372K->1398570K(1901056K), 0.0780469 secs] [Times: user=0.46 sys=0.00, real=0.08 secs] 
4143.582: [Full GC (Ergonomics) [PSYoungGen: 151008K->0K(502784K)] [ParOldGen: 1247562K->196411K(1398272K)] 1398570K->196411K(1901056K), [Metaspace: 60462K->60462K(1105920K)], 0.4909290 secs] [Times: user=2.30 sys=0.00, real=0.49 secs] 
4147.433: [GC (Allocation Failure) [PSYoungGen: 313856K->94816K(506368K)] 510267K->291227K(1904640K), 0.1007531 secs] [Times: user=0.59 sys=0.01, real=0.10 secs] 
4148.918: [GC (Allocation Failure) [PSYoungGen: 408672K->151264K(501248K)] 605083K->438520K(1899520K), 0.0470918 secs] [Times: user=0.28 sys=0.00, real=0.04 secs] 
4150.734: [GC (Allocation Failure) [PSYoungGen: 461024K->102976K(504320K)] 748280K->532472K(1902592K), 0.1627767 secs] [Times: user=0.96 sys=0.00, real=0.17 secs] 
4152.417: [GC (Allocation Failure) [PSYoungGen: 412736K->148544K(502784K)] 842232K->677345K(1901056K), 0.0515411 secs] [Times: user=0.31 sys=0.00, real=0.05 secs] 
4154.501: [GC (Allocation Failure) [PSYoungGen: 459328K->101856K(504832K)] 988129K->770569K(1903104K), 0.1375810 secs] [Times: user=0.82 sys=0.00, real=0.14 secs] 
4156.348: [GC (Allocation Failure) [PSYoungGen: 412640K->155104K(497664K)] 1081353K->921925K(1895936K), 0.0515666 secs] [Times: user=0.31 sys=0.00, real=0.05 secs] 
4158.166: [GC (Allocation Failure) [PSYoungGen: 460768K->102496K(502272K)] 1227589K->1007205K(1900544K), 0.1601617 secs] [Times: user=0.96 sys=0.01, real=0.16 secs] 
4160.359: [GC (Allocation Failure) [PSYoungGen: 408160K->144992K(501248K)] 1312869K->1148418K(1899520K), 0.0519164 secs] [Times: user=0.30 sys=0.01, real=0.05 secs] 
4162.535: [GC (Allocation Failure) [PSYoungGen: 453216K->99648K(502784K)] 1456642K->1238966K(1901056K), 0.1737291 secs] [Times: user=1.03 sys=0.01, real=0.18 secs] 
4164.464: [GC (Allocation Failure) [PSYoungGen: 407872K->145984K(502784K)] 1547190K->1381575K(1901056K), 0.0506582 secs] [Times: user=0.30 sys=0.00, real=0.05 secs] 
4164.515: [Full GC (Ergonomics) [PSYoungGen: 145984K->0K(502784K)] [ParOldGen: 1235591K->182009K(1398272K)] 1381575K->182009K(1901056K), [Metaspace: 60464K->60464K(1105920K)], 0.4422217 secs] [Times: user=2.06 sys=0.00, real=0.45 secs] 
4166.403: [GC (Allocation Failure) [PSYoungGen: 310272K->102240K(503808K)] 492281K->284249K(1902080K), 0.0969657 secs] [Times: user=0.56 sys=0.01, real=0.10 secs] 
4169.374: [GC (Allocation Failure) [PSYoungGen: 412512K->144448K(502784K)] 594521K->425334K(1901056K), 0.0514143 secs] [Times: user=0.30 sys=0.00, real=0.05 secs] 
4171.488: [GC (Allocation Failure) [PSYoungGen: 456256K->104896K(503808K)] 737142K->521030K(1902080K), 0.1653170 secs] [Times: user=0.99 sys=0.00, real=0.16 secs] 
4173.629: [GC (Allocation Failure) [PSYoungGen: 416704K->152864K(500736K)] 832838K->671287K(1899008K), 0.0524127 secs] [Times: user=0.31 sys=0.00, real=0.05 secs] 
4175.666: [GC (Allocation Failure) [PSYoungGen: 464672K->102272K(504832K)] 983095K->756543K(1903104K), 0.0682719 secs] [Times: user=0.41 sys=0.00, real=0.06 secs] 
4177.469: [GC (Allocation Failure) [PSYoungGen: 414080K->146272K(505344K)] 1068351K->900203K(1903616K), 0.0515772 secs] [Times: user=0.31 sys=0.01, real=0.05 secs] 
4179.098: [GC (Allocation Failure) [PSYoungGen: 461152K->107520K(422912K)] 1215083K->998531K(1821184K), 0.1301450 secs] [Times: user=0.78 sys=0.00, real=0.13 secs] 
4180.308: [GC (Allocation Failure) [PSYoungGen: 422400K->149664K(502272K)] 1313411K->1146273K(1900544K), 0.0694616 secs] [Times: user=0.41 sys=0.00, real=0.07 secs] 
4183.928: [GC (Allocation Failure) [PSYoungGen: 463008K->102336K(505344K)] 1459617K->1240473K(1903616K), 0.1690295 secs] [Times: user=1.00 sys=0.00, real=0.17 secs] 
4185.764: [GC (Allocation Failure) [PSYoungGen: 415680K->144640K(506368K)] 1553817K->1383434K(1904640K), 0.0955808 secs] [Times: user=0.56 sys=0.00, real=0.10 secs] 
4185.859: [Full GC (Ergonomics) [PSYoungGen: 144640K->0K(506368K)] [ParOldGen: 1238794K->182193K(1398272K)] 1383434K->182193K(1904640K), [Metaspace: 60464K->60464K(1105920K)], 0.4561869 secs] [Times: user=2.14 sys=0.00, real=0.46 secs] 
4188.931: [GC (Allocation Failure) [PSYoungGen: 316928K->105056K(422400K)] 499121K->287249K(1820672K), 0.0884827 secs] [Times: user=0.52 sys=0.01, real=0.09 secs] 
4191.016: [GC (Allocation Failure) [PSYoungGen: 421984K->148672K(504320K)] 604177K->433326K(1902592K), 0.0526421 secs] [Times: user=0.32 sys=0.00, real=0.05 secs] 
4193.091: [GC (Allocation Failure) [PSYoungGen: 465088K->103264K(506880K)] 749742K->527786K(1905152K), 0.1522133 secs] [Times: user=0.91 sys=0.00, real=0.15 secs] 
4194.571: [GC (Allocation Failure) [PSYoungGen: 419680K->154016K(501760K)] 844202K->677810K(1900032K), 0.0519547 secs] [Times: user=0.31 sys=0.00, real=0.05 secs] 
4197.692: [GC (Allocation Failure) [PSYoungGen: 467872K->99872K(506368K)] 991666K->769038K(1904640K), 0.1804975 secs] [Times: user=0.88 sys=0.01, real=0.18 secs] 
4199.138: [GC (Allocation Failure) [PSYoungGen: 413728K->158528K(496640K)] 1082894K->923447K(1894912K), 0.0503312 secs] [Times: user=0.30 sys=0.00, real=0.05 secs] 
4200.661: [GC (GCLocker Initiated GC) [PSYoungGen: 464192K->100384K(502272K)] 1229111K->1006535K(1900544K), 0.1272884 secs] [Times: user=0.76 sys=0.01, real=0.13 secs] 
4202.263: [GC (Allocation Failure) [PSYoungGen: 406048K->155104K(496128K)] 1312234K->1157810K(1894400K), 0.0508792 secs] [Times: user=0.30 sys=0.00, real=0.05 secs] 
4204.187: [GC (Allocation Failure) [PSYoungGen: 456672K->100032K(500224K)] 1459378K->1240762K(1898496K), 0.0878154 secs] [Times: user=0.52 sys=0.00, real=0.08 secs] 
4205.060: [GC (Allocation Failure) [PSYoungGen: 401600K->143040K(497152K)] 1542330K->1381547K(1895424K), 0.0507268 secs] [Times: user=0.30 sys=0.00, real=0.05 secs] 
4205.110: [Full GC (Ergonomics) [PSYoungGen: 143040K->0K(497152K)] [ParOldGen: 1238507K->179640K(1398272K)] 1381547K->179640K(1895424K), [Metaspace: 60464K->60464K(1105920K)], 0.4076590 secs] [Times: user=1.87 sys=0.00, real=0.41 secs] 
4208.771: [GC (Allocation Failure) [PSYoungGen: 303616K->99584K(499712K)] 483256K->279224K(1897984K), 0.0338331 secs] [Times: user=0.20 sys=0.00, real=0.03 secs] 
4209.577: [GC (Allocation Failure) [PSYoungGen: 403200K->141568K(500224K)] 582840K->417949K(1898496K), 0.0505882 secs] [Times: user=0.30 sys=0.00, real=0.05 secs] 
4212.358: [GC (Allocation Failure) [PSYoungGen: 450304K->103520K(501760K)] 726685K->512269K(1900032K), 0.0643331 secs] [Times: user=0.39 sys=0.00, real=0.06 secs] 
4214.845: [GC (Allocation Failure) [PSYoungGen: 412256K->142752K(504320K)] 821005K->654052K(1902592K), 0.1261707 secs] [Times: user=0.75 sys=0.00, real=0.13 secs] 
4218.779: [GC (Allocation Failure) [PSYoungGen: 456608K->101984K(504832K)] 967908K->747876K(1903104K), 0.0654573 secs] [Times: user=0.39 sys=0.00, real=0.06 secs] 
4220.563: [GC (Allocation Failure) [PSYoungGen: 415840K->145216K(504320K)] 1061732K->891470K(1902592K), 0.0522052 secs] [Times: user=0.31 sys=0.00, real=0.05 secs] 
4222.048: [GC (Allocation Failure) [PSYoungGen: 461120K->107584K(505856K)] 1207374K->989950K(1904128K), 0.0747958 secs] [Times: user=0.44 sys=0.00, real=0.07 secs] 
4224.073: [GC (GCLocker Initiated GC) [PSYoungGen: 423488K->146272K(504832K)] 1305855K->1134683K(1903104K), 0.0537804 secs] [Times: user=0.32 sys=0.00, real=0.06 secs] 
4226.496: [GC (Allocation Failure) [PSYoungGen: 464736K->108576K(506880K)] 1453196K->1234412K(1905152K), 0.0865924 secs] [Times: user=0.50 sys=0.00, real=0.08 secs] 
4228.093: [GC (Allocation Failure) [PSYoungGen: 427040K->148224K(506368K)] 1552876K->1380444K(1904640K), 0.0542912 secs] [Times: user=0.33 sys=0.00, real=0.06 secs] 
4228.147: [Full GC (Ergonomics) [PSYoungGen: 148224K->0K(506368K)] [ParOldGen: 1232220K->177665K(1398272K)] 1380444K->177665K(1904640K), [Metaspace: 60464K->60464K(1105920K)], 0.4297616 secs] [Times: user=1.91 sys=0.00, real=0.43 secs] 
4230.149: [GC (Allocation Failure) [PSYoungGen: 319877K->109312K(509440K)] 497543K->286977K(1907712K), 0.0690989 secs] [Times: user=0.41 sys=0.00, real=0.07 secs] 
4231.305: [GC (Allocation Failure) [PSYoungGen: 430336K->150624K(506368K)] 608001K->435618K(1904640K), 0.0638899 secs] [Times: user=0.37 sys=0.00, real=0.07 secs] 
4233.493: [GC (Allocation Failure) [PSYoungGen: 472160K->105888K(509952K)] 757154K->533026K(1908224K), 0.1179873 secs] [Times: user=0.71 sys=0.00, real=0.12 secs] 
4235.659: [GC (Allocation Failure) [PSYoungGen: 425875K->152896K(504320K)] 853013K->683015K(1902592K), 0.1186926 secs] [Times: user=0.70 sys=0.01, real=0.12 secs] 
4237.873: [GC (Allocation Failure) [PSYoungGen: 470848K->104576K(508416K)] 1000967K->779319K(1906688K), 0.1340538 secs] [Times: user=0.80 sys=0.01, real=0.14 secs] 
4239.150: [GC (Allocation Failure) [PSYoungGen: 422528K->153824K(502784K)] 1097271K->930037K(1901056K), 0.0937166 secs] [Times: user=0.56 sys=0.00, real=0.09 secs] 
4242.259: [GC (Allocation Failure) [PSYoungGen: 468704K->92672K(506880K)] 1244917K->1022805K(1905152K), 0.1328661 secs] [Times: user=0.79 sys=0.00, real=0.13 secs] 
4243.319: [GC (Allocation Failure) [PSYoungGen: 407552K->152736K(499712K)] 1337685K->1171950K(1897984K), 0.0548731 secs] [Times: user=0.33 sys=0.00, real=0.05 secs] 
4245.582: [GC (Allocation Failure) [PSYoungGen: 460448K->92832K(503296K)] 1479662K->1264622K(1901568K), 0.1152855 secs] [Times: user=0.68 sys=0.00, real=0.12 secs] 
4246.479: [GC (Allocation Failure) [PSYoungGen: 400544K->147936K(500224K)] 1572334K->1409580K(1898496K), 0.0914391 secs] [Times: user=0.54 sys=0.01, real=0.09 secs] 
4246.571: [Full GC (Ergonomics) [PSYoungGen: 147936K->0K(500224K)] [ParOldGen: 1261644K->206751K(1398272K)] 1409580K->206751K(1898496K), [Metaspace: 60464K->60464K(1105920K)], 0.4930552 secs] [Times: user=2.31 sys=0.00, real=0.49 secs] 
4249.650: [GC (Allocation Failure) [PSYoungGen: 305664K->91872K(502272K)] 512415K->298623K(1900544K), 0.1583952 secs] [Times: user=0.94 sys=0.00, real=0.16 secs] 
4250.766: [GC (Allocation Failure) [PSYoungGen: 389024K->142432K(501248K)] 595776K->435920K(1899520K), 0.1295081 secs] [Times: user=0.78 sys=0.00, real=0.12 secs] 
4253.952: [GC (Allocation Failure) [PSYoungGen: 449120K->98304K(405504K)] 742608K->525964K(1803776K), 0.1082124 secs] [Times: user=0.64 sys=0.01, real=0.11 secs] 
4254.593: [GC (Allocation Failure) [PSYoungGen: 404992K->148224K(499200K)] 832652K->670701K(1897472K), 0.0496729 secs] [Times: user=0.29 sys=0.01, real=0.05 secs] 
4257.141: [GC (Allocation Failure) [PSYoungGen: 454400K->100768K(501760K)] 976877K->762877K(1900032K), 0.0970890 secs] [Times: user=0.58 sys=0.00, real=0.10 secs] 
4258.272: [GC (Allocation Failure) [PSYoungGen: 406944K->148704K(500224K)] 1069053K->908683K(1898496K), 0.0794343 secs] [Times: user=0.47 sys=0.00, real=0.08 secs] 
4261.180: [GC (Allocation Failure) [PSYoungGen: 456416K->96832K(502784K)] 1216395K->997363K(1901056K), 0.1087536 secs] [Times: user=0.64 sys=0.00, real=0.11 secs] 
4262.138: [GC (GCLocker Initiated GC) [PSYoungGen: 404544K->149184K(499712K)] 1305075K->1143748K(1897984K), 0.0761669 secs] [Times: user=0.46 sys=0.00, real=0.07 secs] 
4264.721: [GC (Allocation Failure) [PSYoungGen: 455872K->99392K(502784K)] 1450439K->1234999K(1901056K), 0.1711115 secs] [Times: user=1.02 sys=0.00, real=0.17 secs] 
4266.154: [GC (Allocation Failure) [PSYoungGen: 406080K->146944K(500736K)] 1541687K->1380044K(1899008K), 0.0502312 secs] [Times: user=0.30 sys=0.00, real=0.05 secs] 
4266.205: [Full GC (Ergonomics) [PSYoungGen: 146944K->0K(500736K)] [ParOldGen: 1233100K->183934K(1398272K)] 1380044K->183934K(1899008K), [Metaspace: 60464K->60464K(1105920K)], 0.4431213 secs] [Times: user=2.07 sys=0.00, real=0.45 secs] 
4268.620: [GC (Allocation Failure) [PSYoungGen: 307712K->101632K(502784K)] 491646K->285567K(1901056K), 0.1016709 secs] [Times: user=0.60 sys=0.00, real=0.10 secs] 
4270.097: [GC (Allocation Failure) [PSYoungGen: 409344K->145632K(500736K)] 593279K->428599K(1899008K), 0.0508404 secs] [Times: user=0.30 sys=0.00, real=0.05 secs] 
4272.395: [GC (GCLocker Initiated GC) [PSYoungGen: 454368K->103232K(502784K)] 737335K->523123K(1901056K), 0.0920187 secs] [Times: user=0.55 sys=0.00, real=0.09 secs] 
4274.422: [GC (Allocation Failure) [PSYoungGen: 411968K->152192K(499200K)] 831894K->673163K(1897472K), 0.0522282 secs] [Times: user=0.31 sys=0.00, real=0.05 secs] 
4277.022: [GC (Allocation Failure) [PSYoungGen: 460928K->103840K(503296K)] 981899K->759499K(1901568K), 0.1002159 secs] [Times: user=0.60 sys=0.00, real=0.10 secs] 
4278.961: [GC (Allocation Failure) [PSYoungGen: 412576K->143136K(504320K)] 1068235K->900367K(1902592K), 0.0518742 secs] [Times: user=0.30 sys=0.00, real=0.05 secs] 
4280.210: [GC (Allocation Failure) [PSYoungGen: 455968K->106624K(419840K)] 1213199K->997887K(1818112K), 0.0639350 secs] [Times: user=0.38 sys=0.00, real=0.06 secs] 
4281.778: [GC (GCLocker Initiated GC) [PSYoungGen: 419456K->145152K(502272K)] 1310720K->1141552K(1900544K), 0.1308787 secs] [Times: user=0.78 sys=0.00, real=0.13 secs] 
4284.275: [GC (Allocation Failure) [PSYoungGen: 459008K->104160K(503808K)] 1455443K->1237227K(1902080K), 0.1028020 secs] [Times: user=0.62 sys=0.00, real=0.11 secs] 
4285.796: [GC (Allocation Failure) [PSYoungGen: 418016K->146816K(505856K)] 1551083K->1382161K(1904128K), 0.1038880 secs] [Times: user=0.62 sys=0.00, real=0.10 secs] 
4285.900: [Full GC (Ergonomics) [PSYoungGen: 146816K->0K(505856K)] [ParOldGen: 1235345K->179583K(1398272K)] 1382161K->179583K(1904128K), [Metaspace: 60464K->60464K(1105920K)], 0.4641130 secs] [Times: user=2.19 sys=0.00, real=0.46 secs] 
4288.894: [GC (Allocation Failure) [PSYoungGen: 318464K->105440K(507904K)] 498047K->285023K(1906176K), 0.0653340 secs] [Times: user=0.39 sys=0.00, real=0.07 secs] 
4290.089: [GC (Allocation Failure) [PSYoungGen: 423904K->149664K(505856K)] 603487K->432951K(1904128K), 0.0526872 secs] [Times: user=0.32 sys=0.00, real=0.05 secs] 
4293.248: [GC (Allocation Failure) [PSYoungGen: 468640K->103904K(508928K)] 751927K->528352K(1907200K), 0.1520233 secs] [Times: user=0.90 sys=0.00, real=0.15 secs] 
4295.004: [GC (Allocation Failure) [PSYoungGen: 422880K->152992K(502272K)] 847328K->677768K(1900544K), 0.0519828 secs] [Times: user=0.31 sys=0.00, real=0.06 secs] 
4297.846: [GC (Allocation Failure) [PSYoungGen: 467872K->102784K(506880K)] 992648K->771952K(1905152K), 0.1574920 secs] [Times: user=0.93 sys=0.00, real=0.15 secs] 
4298.976: [GC (Allocation Failure) [PSYoungGen: 417664K->149952K(503296K)] 1086832K->918477K(1901568K), 0.0511221 secs] [Times: user=0.30 sys=0.00, real=0.05 secs] 
4300.841: [GC (Allocation Failure) [PSYoungGen: 463808K->104352K(506368K)] 1232333K->1014301K(1904640K), 0.1031062 secs] [Times: user=0.61 sys=0.00, real=0.10 secs] 
4302.511: [GC (Allocation Failure) [PSYoungGen: 411278K->148896K(504832K)] 1321227K->1159374K(1903104K), 0.0512863 secs] [Times: user=0.31 sys=0.00, real=0.05 secs] 
4304.991: [GC (Allocation Failure) [PSYoungGen: 463776K->100576K(506880K)] 1474254K->1251558K(1905152K), 0.0881214 secs] [Times: user=0.52 sys=0.00, real=0.09 secs] 
4306.041: [GC (Allocation Failure) [PSYoungGen: 415456K->150688K(502272K)] 1566438K->1397875K(1900544K), 0.0504305 secs] [Times: user=0.30 sys=0.00, real=0.05 secs] 
4306.092: [Full GC (Ergonomics) [PSYoungGen: 150688K->0K(502272K)] [ParOldGen: 1247187K->196551K(1398272K)] 1397875K->196551K(1900544K), [Metaspace: 60464K->60464K(1105920K)], 0.4863621 secs] [Times: user=2.28 sys=0.00, real=0.49 secs] 
4308.464: [GC (Allocation Failure) [PSYoungGen: 311808K->101088K(505344K)] 508359K->297639K(1903616K), 0.0813825 secs] [Times: user=0.47 sys=0.01, real=0.09 secs] 
4309.603: [GC (Allocation Failure) [PSYoungGen: 411638K->150816K(501248K)] 608189K->444596K(1899520K), 0.0496482 secs] [Times: user=0.29 sys=0.00, real=0.05 secs] 
4311.664: [GC (Allocation Failure) [PSYoungGen: 460576K->99520K(504320K)] 754356K->535516K(1902592K), 0.1586036 secs] [Times: user=0.94 sys=0.00, real=0.16 secs] 
4312.700: [GC (Allocation Failure) [PSYoungGen: 409280K->148992K(502272K)] 845276K->681469K(1900544K), 0.0612196 secs] [Times: user=0.35 sys=0.01, real=0.06 secs] 
4315.320: [GC (Allocation Failure) [PSYoungGen: 458752K->101120K(504320K)] 991229K->774093K(1902592K), 0.1598885 secs] [Times: user=0.96 sys=0.00, real=0.16 secs] 
4316.374: [GC (Allocation Failure) [PSYoungGen: 410880K->151552K(500224K)] 1083853K->922010K(1898496K), 0.0506654 secs] [Times: user=0.30 sys=0.00, real=0.05 secs] 
4318.412: [GC (GCLocker Initiated GC) [PSYoungGen: 459264K->99072K(503296K)] 1229722K->1012698K(1901568K), 0.1537997 secs] [Times: user=0.92 sys=0.00, real=0.16 secs] 
4320.221: [GC (Allocation Failure) [PSYoungGen: 406784K->147456K(502272K)] 1320412K->1156993K(1900544K), 0.1137452 secs] [Times: user=0.68 sys=0.00, real=0.11 secs] 
4323.189: [GC (Allocation Failure) [PSYoungGen: 456192K->96992K(503808K)] 1465729K->1245801K(1902080K), 0.1670597 secs] [Times: user=1.00 sys=0.00, real=0.17 secs] 
4324.952: [GC (Allocation Failure) [PSYoungGen: 405728K->148544K(501248K)] 1554537K->1390582K(1899520K), 0.0501373 secs] [Times: user=0.30 sys=0.00, real=0.05 secs] 
4325.002: [Full GC (Ergonomics) [PSYoungGen: 148544K->0K(501248K)] [ParOldGen: 1242038K->187834K(1398272K)] 1390582K->187834K(1899520K), [Metaspace: 60464K->60464K(1105920K)], 0.4490199 secs] [Times: user=2.08 sys=0.00, real=0.45 secs] 
4326.681: [GC (Allocation Failure) [PSYoungGen: 307712K->102176K(410112K)] 495546K->290011K(1808384K), 0.0427748 secs] [Times: user=0.25 sys=0.00, real=0.04 secs] 
4327.365: [GC (Allocation Failure) [PSYoungGen: 409888K->147584K(501248K)] 597723K->434543K(1899520K), 0.0506900 secs] [Times: user=0.29 sys=0.00, real=0.06 secs] 
4330.496: [GC (Allocation Failure) [PSYoungGen: 454249K->99296K(502784K)] 741209K->524979K(1901056K), 0.1302676 secs] [Times: user=0.77 sys=0.00, real=0.13 secs] 
4331.361: [GC (Allocation Failure) [PSYoungGen: 407520K->145184K(502784K)] 833203K->668288K(1901056K), 0.0679129 secs] [Times: user=0.40 sys=0.01, real=0.07 secs] 
4333.592: [GC (Allocation Failure) [PSYoungGen: 455456K->103808K(414208K)] 978560K->763752K(1812480K), 0.0673964 secs] [Times: user=0.40 sys=0.00, real=0.07 secs] 
4335.121: [GC (Allocation Failure) [PSYoungGen: 414080K->144704K(501760K)] 1074024K->906694K(1900032K), 0.1367058 secs] [Times: user=0.81 sys=0.00, real=0.14 secs] 
4338.903: [GC (Allocation Failure) [PSYoungGen: 456000K->99872K(503296K)] 1217990K->998262K(1901568K), 0.0819869 secs] [Times: user=0.49 sys=0.00, real=0.09 secs] 
4339.793: [GC (GCLocker Initiated GC) [PSYoungGen: 411168K->148096K(503296K)] 1309559K->1144724K(1901568K), 0.0577196 secs] [Times: user=0.34 sys=0.00, real=0.06 secs] 
4342.312: [GC (Allocation Failure) [PSYoungGen: 461952K->103776K(505856K)] 1458615K->1240407K(1904128K), 0.0715016 secs] [Times: user=0.42 sys=0.00, real=0.07 secs] 
4343.145: [GC (Allocation Failure) [PSYoungGen: 417632K->150176K(503296K)] 1554263K->1388669K(1901568K), 0.0788894 secs] [Times: user=0.47 sys=0.00, real=0.07 secs] 
4343.224: [Full GC (Ergonomics) [PSYoungGen: 150176K->0K(503296K)] [ParOldGen: 1238493K->186294K(1398272K)] 1388669K->186294K(1901568K), [Metaspace: 60464K->60464K(1105920K)], 0.4470097 secs] [Times: user=2.06 sys=0.01, real=0.45 secs] 
4346.817: [GC (Allocation Failure) [PSYoungGen: 313856K->99616K(506368K)] 500150K->285910K(1904640K), 0.0659098 secs] [Times: user=0.39 sys=0.00, real=0.06 secs] 
4348.411: [GC (Allocation Failure) [PSYoungGen: 413472K->146144K(505344K)] 599766K->429435K(1903616K), 0.0504072 secs] [Times: user=0.30 sys=0.00, real=0.05 secs] 
4350.554: [GC (Allocation Failure) [PSYoungGen: 461024K->105952K(420864K)] 744315K->526315K(1819136K), 0.1528849 secs] [Times: user=0.91 sys=0.00, real=0.16 secs] 
4352.147: [GC (Allocation Failure) [PSYoungGen: 420832K->150688K(501760K)] 841195K->673644K(1900032K), 0.0526108 secs] [Times: user=0.31 sys=0.00, real=0.05 secs] 
4354.663: [GC (Allocation Failure) [PSYoungGen: 463520K->101888K(505344K)] 986476K->767404K(1903616K), 0.1215660 secs] [Times: user=0.72 sys=0.00, real=0.12 secs] 
4356.122: [GC (Allocation Failure) [PSYoungGen: 414720K->148000K(503808K)] 1080236K->912493K(1902080K), 0.0570763 secs] [Times: user=0.34 sys=0.00, real=0.06 secs] 
4358.655: [GC (Allocation Failure) [PSYoungGen: 461856K->100576K(506368K)] 1226349K->1004877K(1904640K), 0.1637111 secs] [Times: user=0.97 sys=0.00, real=0.17 secs] 
4360.053: [GC (Allocation Failure) [PSYoungGen: 414432K->149312K(502784K)] 1318733K->1151355K(1901056K), 0.0853814 secs] [Times: user=0.50 sys=0.00, real=0.09 secs] 
4365.760: [GC (Allocation Failure) [PSYoungGen: 462144K->97952K(505856K)] 1464187K->1240859K(1904128K), 0.0912693 secs] [Times: user=0.54 sys=0.00, real=0.09 secs] 
4366.893: [GC (Allocation Failure) [PSYoungGen: 410784K->147488K(502784K)] 1553691K->1386330K(1901056K), 0.0589120 secs] [Times: user=0.35 sys=0.00, real=0.06 secs] 
4366.952: [Full GC (Ergonomics) [PSYoungGen: 147488K->0K(502784K)] [ParOldGen: 1238842K->185122K(1398272K)] 1386330K->185122K(1901056K), [Metaspace: 60464K->60464K(1105920K)], 0.4478187 secs] [Times: user=2.08 sys=0.00, real=0.45 secs] 
4370.596: [GC (Allocation Failure) [PSYoungGen: 311808K->101792K(413696K)] 496930K->286914K(1811968K), 0.0362439 secs] [Times: user=0.22 sys=0.00, real=0.03 secs] 
4371.485: [GC (GCLocker Initiated GC) [PSYoungGen: 413600K->145312K(503296K)] 598722K->430252K(1901568K), 0.0853111 secs] [Times: user=0.50 sys=0.00, real=0.09 secs] 
4373.464: [GC (Allocation Failure) [PSYoungGen: 458144K->103040K(504832K)] 743088K->524712K(1903104K), 0.1455061 secs] [Times: user=0.86 sys=0.01, real=0.15 secs] 
4375.436: [GC (Allocation Failure) [PSYoungGen: 415872K->145696K(504320K)] 837544K->668109K(1902592K), 0.0952640 secs] [Times: user=0.57 sys=0.01, real=0.09 secs] 
4377.938: [GC (Allocation Failure) [PSYoungGen: 460576K->104160K(505856K)] 982989K->763981K(1904128K), 0.1133547 secs] [Times: user=0.68 sys=0.01, real=0.11 secs] 
4379.261: [GC (Allocation Failure) [PSYoungGen: 419040K->147008K(503808K)] 1078861K->909274K(1902080K), 0.1285512 secs] [Times: user=0.76 sys=0.00, real=0.13 secs] 
4382.288: [GC (Allocation Failure) [PSYoungGen: 462912K->104768K(506368K)] 1225178K->1005546K(1904640K), 0.1604452 secs] [Times: user=0.85 sys=0.00, real=0.16 secs] 
4385.127: [GC (Allocation Failure) [PSYoungGen: 420672K->149120K(504832K)] 1321450K->1150867K(1903104K), 0.0528869 secs] [Times: user=0.31 sys=0.00, real=0.05 secs] 
4386.710: [GC (Allocation Failure) [PSYoungGen: 466560K->106816K(507904K)] 1468307K->1249007K(1906176K), 0.1353638 secs] [Times: user=0.80 sys=0.00, real=0.14 secs] 
4388.046: [GC (Allocation Failure) [PSYoungGen: 424256K->152288K(503296K)] 1566447K->1397848K(1901568K), 0.0529902 secs] [Times: user=0.32 sys=0.00, real=0.05 secs] 
4388.099: [Full GC (Ergonomics) [PSYoungGen: 152288K->0K(503296K)] [ParOldGen: 1245560K->194532K(1398272K)] 1397848K->194532K(1901568K), [Metaspace: 60465K->60465K(1105920K)], 0.4685117 secs] [Times: user=2.17 sys=0.00, real=0.47 secs] 
4390.896: [GC (Allocation Failure) [PSYoungGen: 315904K->98752K(507392K)] 510436K->293284K(1905664K), 0.0913310 secs] [Times: user=0.53 sys=0.01, real=0.09 secs] 
4392.197: [GC (Allocation Failure) [PSYoungGen: 414656K->152864K(500736K)] 609188K->441941K(1899008K), 0.0493801 secs] [Times: user=0.29 sys=0.00, real=0.05 secs] 
4394.088: [GC (Allocation Failure) [PSYoungGen: 463648K->103296K(504832K)] 752725K->536345K(1903104K), 0.1672841 secs] [Times: user=0.99 sys=0.00, real=0.16 secs] 
4395.952: [GC (Allocation Failure) [PSYoungGen: 414080K->149664K(502272K)] 847129K->681762K(1900544K), 0.0506706 secs] [Times: user=0.30 sys=0.00, real=0.05 secs] 
4397.522: [GC (Allocation Failure) [PSYoungGen: 460448K->103584K(504832K)] 992546K->776710K(1903104K), 0.1398651 secs] [Times: user=0.83 sys=0.00, real=0.14 secs] 
4398.571: [GC (Allocation Failure) [PSYoungGen: 410582K->147040K(503296K)] 1083708K->920823K(1901568K), 0.0528617 secs] [Times: user=0.31 sys=0.00, real=0.05 secs] 
4400.912: [GC (Allocation Failure) [PSYoungGen: 458848K->101120K(504832K)] 1232631K->1013647K(1903104K), 0.1318709 secs] [Times: user=0.78 sys=0.00, real=0.13 secs] 
4402.207: [GC (Allocation Failure) [PSYoungGen: 412295K->148800K(503296K)] 1324823K->1159781K(1901568K), 0.0842564 secs] [Times: user=0.50 sys=0.00, real=0.08 secs] 
4404.435: [GC (Allocation Failure) [PSYoungGen: 461120K->103168K(505344K)] 1472101K->1254461K(1903616K), 0.1637352 secs] [Times: user=0.97 sys=0.01, real=0.16 secs] 
4406.555: [GC (Allocation Failure) [PSYoungGen: 415488K->147392K(503296K)] 1566781K->1398278K(1901568K), 0.1273241 secs] [Times: user=0.76 sys=0.00, real=0.13 secs] 
4406.682: [Full GC (Ergonomics) [PSYoungGen: 147392K->0K(503296K)] [ParOldGen: 1250886K->196790K(1398272K)] 1398278K->196790K(1901568K), [Metaspace: 60465K->60465K(1105920K)], 0.5274954 secs] [Times: user=2.51 sys=0.00, real=0.53 secs] 
4410.825: [GC (Allocation Failure) [PSYoungGen: 312832K->98272K(505344K)] 509622K->295062K(1903616K), 0.0805570 secs] [Times: user=0.47 sys=0.00, real=0.09 secs] 
4412.727: [GC (Allocation Failure) [PSYoungGen: 411104K->159680K(495616K)] 607894K->451091K(1893888K), 0.0526130 secs] [Times: user=0.31 sys=0.00, real=0.05 secs] 
4415.157: [GC (Allocation Failure) [PSYoungGen: 464320K->95616K(501760K)] 755731K->530443K(1900032K), 0.1637222 secs] [Times: user=0.98 sys=0.01, real=0.16 secs] 
4416.339: [GC (GCLocker Initiated GC) [PSYoungGen: 400256K->146208K(501248K)] 835084K->673489K(1899520K), 0.0482278 secs] [Times: user=0.28 sys=0.00, real=0.05 secs] 
4418.894: [GC (Allocation Failure) [PSYoungGen: 451872K->100896K(407040K)] 979188K->765992K(1805312K), 0.0922045 secs] [Times: user=0.55 sys=0.00, real=0.10 secs] 
4420.281: [GC (Allocation Failure) [PSYoungGen: 406560K->144512K(500224K)] 1071656K->909156K(1898496K), 0.0505097 secs] [Times: user=0.30 sys=0.00, real=0.05 secs] 
4421.766: [GC (Allocation Failure) [PSYoungGen: 450688K->102592K(500736K)] 1215332K->1002745K(1899008K), 0.0980097 secs] [Times: user=0.58 sys=0.00, real=0.09 secs] 
4423.538: [GC (Allocation Failure) [PSYoungGen: 408768K->144288K(501760K)] 1308921K->1144930K(1900032K), 0.0525232 secs] [Times: user=0.31 sys=0.00, real=0.05 secs] 
4426.847: [GC (Allocation Failure) [PSYoungGen: 454048K->102432K(502272K)] 1454690K->1239094K(1900544K), 0.1169437 secs] [Times: user=0.69 sys=0.01, real=0.11 secs] 
4429.253: [GC (Allocation Failure) [PSYoungGen: 412192K->143328K(503296K)] 1548854K->1380328K(1901568K), 0.0524782 secs] [Times: user=0.32 sys=0.00, real=0.05 secs] 
4429.305: [Full GC (Ergonomics) [PSYoungGen: 143328K->0K(503296K)] [ParOldGen: 1237000K->175265K(1398272K)] 1380328K->175265K(1901568K), [Metaspace: 60485K->60485K(1105920K)], 0.4169263 secs] [Times: user=1.93 sys=0.00, real=0.42 secs] 
4432.197: [GC (Allocation Failure) [PSYoungGen: 313344K->105856K(504320K)] 488609K->281121K(1902592K), 0.0391817 secs] [Times: user=0.23 sys=0.00, real=0.04 secs] 
4433.336: [GC (Allocation Failure) [PSYoungGen: 419200K->150112K(501760K)] 594465K->428314K(1900032K), 0.0535636 secs] [Times: user=0.32 sys=0.00, real=0.05 secs] 
4435.627: [GC (Allocation Failure) [PSYoungGen: 464480K->103616K(505344K)] 742682K->523302K(1903616K), 0.1469061 secs] [Times: user=0.88 sys=0.00, real=0.14 secs] 
4437.731: [GC (Allocation Failure) [PSYoungGen: 417984K->154240K(501248K)] 837670K->674935K(1899520K), 0.0522595 secs] [Times: user=0.31 sys=0.00, real=0.05 secs] 
4439.521: [GC (Allocation Failure) [PSYoungGen: 467072K->105856K(505856K)] 987767K->763519K(1904128K), 0.0944173 secs] [Times: user=0.56 sys=0.00, real=0.09 secs] 
4440.516: [GC (GCLocker Initiated GC) [PSYoungGen: 418688K->149504K(502784K)] 1076352K->911186K(1901056K), 0.0672143 secs] [Times: user=0.40 sys=0.00, real=0.06 secs] 
4443.750: [GC (Allocation Failure) [PSYoungGen: 462336K->99072K(505856K)] 1226068K->1004220K(1904128K), 0.0868343 secs] [Times: user=0.47 sys=0.00, real=0.09 secs] 
4444.947: [GC (Allocation Failure) [PSYoungGen: 411904K->151680K(500736K)] 1317052K->1155066K(1899008K), 0.0799059 secs] [Times: user=0.47 sys=0.00, real=0.08 secs] 
4447.657: [GC (Allocation Failure) [PSYoungGen: 461440K->98944K(504320K)] 1464826K->1245866K(1902592K), 0.0706684 secs] [Times: user=0.42 sys=0.00, real=0.07 secs] 
4449.305: [GC (Allocation Failure) [PSYoungGen: 408704K->145952K(503296K)] 1555626K->1388239K(1901568K), 0.0506543 secs] [Times: user=0.30 sys=0.00, real=0.06 secs] 
4449.356: [Full GC (Ergonomics) [PSYoungGen: 145952K->0K(503296K)] [ParOldGen: 1242287K->183491K(1398272K)] 1388239K->183491K(1901568K), [Metaspace: 60487K->60487K(1105920K)], 0.4481897 secs] [Times: user=2.09 sys=0.00, real=0.44 secs] 
4451.369: [GC (Allocation Failure) [PSYoungGen: 310784K->106560K(417792K)] 494275K->290051K(1816064K), 0.0916061 secs] [Times: user=0.54 sys=0.00, real=0.09 secs] 
4452.954: [GC (Allocation Failure) [PSYoungGen: 417344K->147872K(500736K)] 600835K->432296K(1899008K), 0.0515537 secs] [Times: user=0.30 sys=0.00, real=0.06 secs] 
4454.356: [GC (Allocation Failure) [PSYoungGen: 458144K->102976K(502784K)] 742568K->526560K(1901056K), 0.1008630 secs] [Times: user=0.60 sys=0.00, real=0.10 secs] 
4455.979: [GC (Allocation Failure) [PSYoungGen: 413248K->149408K(503296K)] 836832K->672549K(1901568K), 0.0525408 secs] [Times: user=0.30 sys=0.01, real=0.05 secs] 
4457.708: [GC (Allocation Failure) [PSYoungGen: 462752K->104576K(505856K)] 985893K->768517K(1904128K), 0.1003927 secs] [Times: user=0.60 sys=0.00, real=0.10 secs] 
4458.487: [GC (Allocation Failure) [PSYoungGen: 417920K->152832K(500736K)] 1081861K->918134K(1899008K), 0.0532959 secs] [Times: user=0.30 sys=0.00, real=0.05 secs] 
4463.497: [GC (Allocation Failure) [PSYoungGen: 463616K->96864K(504832K)] 1228918K->1006790K(1903104K), 0.1346456 secs] [Times: user=0.80 sys=0.00, real=0.13 secs] 
4465.629: [GC (Allocation Failure) [PSYoungGen: 407648K->146080K(504320K)] 1317574K->1149807K(1902592K), 0.1179660 secs] [Times: user=0.70 sys=0.00, real=0.12 secs] 
4468.355: [GC (Allocation Failure) [PSYoungGen: 457888K->102944K(415232K)] 1461615K->1244487K(1813504K), 0.0974824 secs] [Times: user=0.57 sys=0.01, real=0.10 secs] 
4469.116: [GC (Allocation Failure) [PSYoungGen: 414752K->149632K(500736K)] 1556295K->1390989K(1899008K), 0.0526426 secs] [Times: user=0.32 sys=0.00, real=0.05 secs] 
4469.169: [Full GC (Ergonomics) [PSYoungGen: 149632K->0K(500736K)] [ParOldGen: 1241357K->190209K(1398272K)] 1390989K->190209K(1899008K), [Metaspace: 60487K->60487K(1105920K)], 0.4586371 secs] [Times: user=2.11 sys=0.00, real=0.46 secs] 
4472.266: [GC (Allocation Failure) [PSYoungGen: 309760K->98752K(503808K)] 499969K->288961K(1902080K), 0.0631311 secs] [Times: user=0.37 sys=0.01, real=0.06 secs] 
4473.819: [GC (Allocation Failure) [PSYoungGen: 408512K->148128K(502784K)] 598721K->434038K(1901056K), 0.0498570 secs] [Times: user=0.29 sys=0.01, real=0.05 secs] 
4476.534: [GC (Allocation Failure) [PSYoungGen: 458912K->103904K(414720K)] 744822K->529502K(1812992K), 0.0866115 secs] [Times: user=0.52 sys=0.01, real=0.09 secs] 
4477.742: [GC (Allocation Failure) [PSYoungGen: 414688K->147488K(501760K)] 840286K->670763K(1900032K), 0.0509322 secs] [Times: user=0.30 sys=0.00, real=0.05 secs] 
4479.524: [GC (Allocation Failure) [PSYoungGen: 458272K->105920K(503808K)] 981547K->767323K(1902080K), 0.1609637 secs] [Times: user=0.96 sys=0.00, real=0.16 secs] 
4480.961: [GC (Allocation Failure) [PSYoungGen: 416704K->145952K(503296K)] 1078107K->910448K(1901568K), 0.1178626 secs] [Times: user=0.69 sys=0.00, real=0.12 secs] 
4484.064: [GC (Allocation Failure) [PSYoungGen: 459296K->102368K(504832K)] 1223792K->1004600K(1903104K), 0.1657166 secs] [Times: user=0.98 sys=0.00, real=0.17 secs] 
4485.043: [GC (Allocation Failure) [PSYoungGen: 415712K->150400K(502784K)] 1317944K->1151485K(1901056K), 0.0516412 secs] [Times: user=0.31 sys=0.00, real=0.05 secs] 
4487.412: [GC (Allocation Failure) [PSYoungGen: 464256K->100800K(506368K)] 1465341K->1243629K(1904640K), 0.1671964 secs] [Times: user=0.98 sys=0.01, real=0.17 secs] 
4488.699: [GC (Allocation Failure) [PSYoungGen: 414656K->150304K(501760K)] 1557485K->1390598K(1900032K), 0.0516090 secs] [Times: user=0.30 sys=0.00, real=0.05 secs] 
4488.751: [Full GC (Ergonomics) [PSYoungGen: 150304K->0K(501760K)] [ParOldGen: 1240294K->188296K(1398272K)] 1390598K->188296K(1900032K), [Metaspace: 60493K->60493K(1105920K)], 0.4572333 secs] [Times: user=2.12 sys=0.00, real=0.46 secs] 
4492.104: [GC (Allocation Failure) [PSYoungGen: 311808K->100256K(505344K)] 500104K->288552K(1903616K), 0.0992473 secs] [Times: user=0.59 sys=0.00, real=0.10 secs] 
4493.735: [GC (Allocation Failure) [PSYoungGen: 412064K->147840K(503808K)] 600360K->432701K(1902080K), 0.0504072 secs] [Times: user=0.29 sys=0.00, real=0.05 secs] 
4495.599: [GC (Allocation Failure) [PSYoungGen: 460672K->104480K(417792K)] 745533K->528093K(1816064K), 0.1606117 secs] [Times: user=0.96 sys=0.00, real=0.16 secs] 
4497.284: [GC (Allocation Failure) [PSYoungGen: 417312K->148096K(503296K)] 840925K->672970K(1901568K), 0.0521882 secs] [Times: user=0.31 sys=0.00, real=0.06 secs] 
4499.408: [GC (Allocation Failure) [PSYoungGen: 460928K->105280K(505344K)] 985802K->769186K(1903616K), 0.1042511 secs] [Times: user=0.62 sys=0.00, real=0.10 secs] 
4501.034: [GC (Allocation Failure) [PSYoungGen: 418112K->146496K(503296K)] 1082018K->911927K(1901568K), 0.0516230 secs] [Times: user=0.30 sys=0.00, real=0.06 secs] 
4502.718: [GC (Allocation Failure) [PSYoungGen: 460352K->107040K(505344K)] 1225783K->1009619K(1903616K), 0.1429690 secs] [Times: user=0.85 sys=0.00, real=0.14 secs] 
4504.904: [GC (Allocation Failure) [PSYoungGen: 420896K->147968K(504320K)] 1323475K->1154436K(1902592K), 0.1284975 secs] [Times: user=0.76 sys=0.01, real=0.13 secs] 
4508.990: [GC (Allocation Failure) [PSYoungGen: 463872K->99168K(506368K)] 1470340K->1245156K(1904640K), 0.1665876 secs] [Times: user=0.99 sys=0.00, real=0.17 secs] 
4509.759: [GC (Allocation Failure) [PSYoungGen: 415072K->151968K(502784K)] 1561060K->1393621K(1901056K), 0.0519657 secs] [Times: user=0.30 sys=0.00, real=0.05 secs] 
4509.811: [Full GC (Ergonomics) [PSYoungGen: 151968K->0K(502784K)] [ParOldGen: 1241653K->192651K(1398272K)] 1393621K->192651K(1901056K), [Metaspace: 60493K->60493K(1105920K)], 0.4625050 secs] [Times: user=2.13 sys=0.00, real=0.46 secs] 
4512.074: [GC (Allocation Failure) [PSYoungGen: 313856K->104032K(506368K)] 506507K->296684K(1904640K), 0.0675288 secs] [Times: user=0.39 sys=0.00, real=0.07 secs] 
4513.544: [GC (Allocation Failure) [PSYoungGen: 417888K->150272K(502784K)] 610540K->443717K(1901056K), 0.0510280 secs] [Times: user=0.30 sys=0.00, real=0.06 secs] 
4516.372: [GC (Allocation Failure) [PSYoungGen: 463104K->101664K(505856K)] 756549K->537165K(1904128K), 0.1362911 secs] [Times: user=0.81 sys=0.00, real=0.14 secs] 
4517.353: [GC (Allocation Failure) [PSYoungGen: 414496K->148192K(503808K)] 849997K->682078K(1902080K), 0.0504339 secs] [Times: user=0.30 sys=0.00, real=0.05 secs] 
4521.095: [GC (Allocation Failure) [PSYoungGen: 461024K->98656K(505856K)] 994910K->772574K(1904128K), 0.1518571 secs] [Times: user=0.91 sys=0.00, real=0.16 secs] 
4522.633: [GC (Allocation Failure) [PSYoungGen: 411488K->148384K(502784K)] 1085406K->918015K(1901056K), 0.1271795 secs] [Times: user=0.75 sys=0.01, real=0.13 secs] 
4525.120: [GC (Allocation Failure) [PSYoungGen: 460192K->102656K(505344K)] 1229823K->1012415K(1903616K), 0.1198495 secs] [Times: user=0.72 sys=0.01, real=0.12 secs] 
4525.854: [GC (Allocation Failure) [PSYoungGen: 414464K->150752K(501760K)] 1324223K->1159672K(1900032K), 0.0510620 secs] [Times: user=0.30 sys=0.00, real=0.05 secs] 
4527.817: [GC (Allocation Failure) [PSYoungGen: 461536K->101376K(504832K)] 1470456K->1252176K(1903104K), 0.1612808 secs] [Times: user=0.95 sys=0.01, real=0.16 secs] 
4529.611: [GC (Allocation Failure) [PSYoungGen: 412160K->149248K(502272K)] 1562960K->1397613K(1900544K), 0.0513049 secs] [Times: user=0.30 sys=0.00, real=0.05 secs] 
4529.662: [Full GC (Ergonomics) [PSYoungGen: 149248K->0K(502272K)] [ParOldGen: 1248365K->195837K(1398272K)] 1397613K->195837K(1900544K), [Metaspace: 60494K->60494K(1105920K)], 0.4674526 secs] [Times: user=2.17 sys=0.00, real=0.47 secs] 
4531.809: [GC (GCLocker Initiated GC) [PSYoungGen: 310784K->99296K(504832K)] 506621K->295133K(1903104K), 0.0895001 secs] [Times: user=0.53 sys=0.00, real=0.09 secs] 
4533.303: [GC (Allocation Failure) [PSYoungGen: 410080K->149888K(500736K)] 605920K->441579K(1899008K), 0.0493637 secs] [Times: user=0.29 sys=0.00, real=0.05 secs] 
4535.821: [GC (Allocation Failure) [PSYoungGen: 458624K->104096K(503808K)] 750315K->536763K(1902080K), 0.1424625 secs] [Times: user=0.82 sys=0.00, real=0.14 secs] 
4536.871: [GC (Allocation Failure) [PSYoungGen: 412832K->148896K(501248K)] 845499K->680060K(1899520K), 0.0504586 secs] [Times: user=0.30 sys=0.00, real=0.05 secs] 
4539.987: [GC (Allocation Failure) [PSYoungGen: 458144K->99680K(503808K)] 989308K->771284K(1902080K), 0.0885091 secs] [Times: user=0.53 sys=0.00, real=0.08 secs] 
4541.000: [GC (Allocation Failure) [PSYoungGen: 408928K->148736K(501760K)] 1080532K->916921K(1900032K), 0.1212136 secs] [Times: user=0.71 sys=0.00, real=0.12 secs] 
4544.177: [GC (Allocation Failure) [PSYoungGen: 458496K->100672K(504320K)] 1226681K->1009169K(1902592K), 0.0917971 secs] [Times: user=0.54 sys=0.00, real=0.09 secs] 
4545.769: [GC (Allocation Failure) [PSYoungGen: 410432K->147008K(502272K)] 1318929K->1152330K(1900544K), 0.0503440 secs] [Times: user=0.30 sys=0.00, real=0.05 secs] 
4547.868: [GC (Allocation Failure) [PSYoungGen: 457280K->104512K(415232K)] 1462602K->1247714K(1813504K), 0.0994855 secs] [Times: user=0.59 sys=0.01, real=0.10 secs] 
4548.865: [GC (GCLocker Initiated GC) [PSYoungGen: 414784K->149920K(501248K)] 1557986K->1394199K(1899520K), 0.0741260 secs] [Times: user=0.44 sys=0.00, real=0.08 secs] 
4548.939: [Full GC (Ergonomics) [PSYoungGen: 149920K->0K(501248K)] [ParOldGen: 1244279K->192874K(1398272K)] 1394199K->192874K(1899520K), [Metaspace: 60494K->60494K(1105920K)], 0.4652365 secs] [Times: user=2.16 sys=0.00, real=0.46 secs] 
4553.068: [GC (Allocation Failure) [PSYoungGen: 310272K->98432K(503808K)] 503149K->291309K(1902080K), 0.0414331 secs] [Times: user=0.24 sys=0.00, real=0.04 secs] 
4553.849: [GC (Allocation Failure) [PSYoungGen: 408704K->146336K(503808K)] 601581K->434009K(1902080K), 0.0490373 secs] [Times: user=0.29 sys=0.00, real=0.05 secs] 
4555.655: [GC (Allocation Failure) [PSYoungGen: 458144K->105952K(417792K)] 745817K->530537K(1816064K), 0.1610155 secs] [Times: user=0.96 sys=0.00, real=0.17 secs] 
4557.506: [GC (Allocation Failure) [PSYoungGen: 417760K->149600K(500224K)] 842345K->676986K(1898496K), 0.1018928 secs] [Times: user=0.60 sys=0.00, real=0.10 secs] 
4560.147: [GC (Allocation Failure) [PSYoungGen: 459872K->99136K(503296K)] 987258K->767962K(1901568K), 0.1587116 secs] [Times: user=0.94 sys=0.01, real=0.16 secs] 
4561.943: [GC (Allocation Failure) [PSYoungGen: 409408K->150208K(501760K)] 1078234K->914827K(1900032K), 0.0506378 secs] [Times: user=0.30 sys=0.00, real=0.05 secs] 
4564.575: [GC (Allocation Failure) [PSYoungGen: 460992K->99296K(504832K)] 1225611K->1006027K(1903104K), 0.1533513 secs] [Times: user=0.91 sys=0.01, real=0.16 secs] 
4566.794: [GC (Allocation Failure) [PSYoungGen: 410080K->148256K(502784K)] 1316811K->1150224K(1901056K), 0.0501206 secs] [Times: user=0.30 sys=0.00, real=0.05 secs] 
4569.388: [GC (Allocation Failure) [PSYoungGen: 459040K->102112K(413184K)] 1461008K->1243800K(1811456K), 0.1654700 secs] [Times: user=0.99 sys=0.00, real=0.16 secs] 
4571.741: [GC (Allocation Failure) [PSYoungGen: 412896K->148064K(501760K)] 1554584K->1388405K(1900032K), 0.0522457 secs] [Times: user=0.31 sys=0.00, real=0.05 secs] 
4571.793: [Full GC (Ergonomics) [PSYoungGen: 148064K->0K(501760K)] [ParOldGen: 1240341K->187016K(1398272K)] 1388405K->187016K(1900032K), [Metaspace: 60494K->60494K(1105920K)], 0.4472557 secs] [Times: user=2.07 sys=0.00, real=0.45 secs] 
4574.300: [GC (Allocation Failure) [PSYoungGen: 310272K->100928K(504320K)] 497288K->287944K(1902592K), 0.1018138 secs] [Times: user=0.60 sys=0.00, real=0.10 secs] 
4575.372: [GC (Allocation Failure) [PSYoungGen: 411200K->148640K(502272K)] 598216K->433217K(1900544K), 0.0506020 secs] [Times: user=0.31 sys=0.00, real=0.05 secs] 
4577.758: [GC (Allocation Failure) [PSYoungGen: 459424K->104192K(415232K)] 744001K->528881K(1813504K), 0.1147203 secs] [Times: user=0.68 sys=0.00, real=0.11 secs] 
4579.695: [GC (Allocation Failure) [PSYoungGen: 414976K->147072K(502784K)] 839665K->672286K(1901056K), 0.0520911 secs] [Times: user=0.31 sys=0.00, real=0.06 secs] 
4582.679: [GC (Allocation Failure) [PSYoungGen: 458880K->102848K(504320K)] 984094K->765870K(1902592K), 0.1315152 secs] [Times: user=0.78 sys=0.01, real=0.13 secs] 
4584.141: [GC (Allocation Failure) [PSYoungGen: 414656K->149312K(502272K)] 1077678K->910842K(1900544K), 0.0514396 secs] [Times: user=0.30 sys=0.00, real=0.05 secs] 
4585.886: [GC (Allocation Failure) [PSYoungGen: 461632K->104224K(505344K)] 1223162K->1005934K(1903616K), 0.1471700 secs] [Times: user=0.88 sys=0.00, real=0.14 secs] 
4588.056: [GC (Allocation Failure) [PSYoungGen: 416544K->149472K(502784K)] 1318254K->1151843K(1901056K), 0.0529989 secs] [Times: user=0.31 sys=0.00, real=0.05 secs] 
4590.050: [GC (Allocation Failure) [PSYoungGen: 462304K->102240K(505856K)] 1464675K->1245371K(1904128K), 0.1577133 secs] [Times: user=0.94 sys=0.00, real=0.16 secs] 
4591.441: [GC (Allocation Failure) [PSYoungGen: 415072K->150496K(502272K)] 1558203K->1392652K(1900544K), 0.0529239 secs] [Times: user=0.31 sys=0.00, real=0.05 secs] 
4591.493: [Full GC (Ergonomics) [PSYoungGen: 150496K->0K(502272K)] [ParOldGen: 1242156K->191872K(1398272K)] 1392652K->191872K(1900544K), [Metaspace: 60494K->60494K(1105920K)], 0.4631322 secs] [Times: user=2.15 sys=0.00, real=0.47 secs] 
4595.048: [GC (Allocation Failure) [PSYoungGen: 311808K->97376K(505344K)] 503680K->289248K(1903616K), 0.0959538 secs] [Times: user=0.57 sys=0.00, real=0.09 secs] 
4597.155: [GC (Allocation Failure) [PSYoungGen: 409184K->146944K(503808K)] 601056K->432873K(1902080K), 0.0487634 secs] [Times: user=0.29 sys=0.00, real=0.04 secs] 
4599.502: [GC (Allocation Failure) [PSYoungGen: 458752K->103456K(415744K)] 744681K->527585K(1814016K), 0.0932927 secs] [Times: user=0.55 sys=0.00, real=0.09 secs] 
4600.419: [GC (Allocation Failure) [PSYoungGen: 415264K->150112K(501248K)] 839393K->674726K(1899520K), 0.0518344 secs] [Times: user=0.31 sys=0.00, real=0.05 secs] 
4602.886: [GC (Allocation Failure) [PSYoungGen: 460384K->100320K(504320K)] 984998K->766278K(1902592K), 0.1281920 secs] [Times: user=0.76 sys=0.01, real=0.12 secs] 
4604.796: [GC (Allocation Failure) [PSYoungGen: 410592K->146528K(503808K)] 1076550K->908987K(1902080K), 0.0513029 secs] [Times: user=0.30 sys=0.00, real=0.05 secs] 
4606.593: [GC (Allocation Failure) [PSYoungGen: 458848K->104544K(417280K)] 1221307K->1004235K(1815552K), 0.0744154 secs] [Times: user=0.44 sys=0.00, real=0.08 secs] 
4607.478: [GC (Allocation Failure) [PSYoungGen: 416864K->149216K(502272K)] 1316555K->1150487K(1900544K), 0.0539896 secs] [Times: user=0.32 sys=0.01, real=0.05 secs] 
4610.023: [GC (Allocation Failure) [PSYoungGen: 461024K->102048K(504832K)] 1462295K->1244203K(1903104K), 0.1151619 secs] [Times: user=0.69 sys=0.00, real=0.12 secs] 
4611.539: [GC (Allocation Failure) [PSYoungGen: 413856K->149824K(502272K)] 1556011K->1390560K(1900544K), 0.0530486 secs] [Times: user=0.31 sys=0.01, real=0.05 secs] 
4611.592: [Full GC (Ergonomics) [PSYoungGen: 149824K->0K(502272K)] [ParOldGen: 1240736K->188449K(1398272K)] 1390560K->188449K(1900544K), [Metaspace: 60495K->60495K(1105920K)], 0.4542360 secs] [Times: user=2.10 sys=0.00, real=0.46 secs] 
4614.304: [GC (Allocation Failure) [PSYoungGen: 311808K->102720K(505344K)] 500257K->291169K(1903616K), 0.0801770 secs] [Times: user=0.47 sys=0.01, real=0.08 secs] 
4615.657: [GC (Allocation Failure) [PSYoungGen: 414528K->149312K(502784K)] 602977K->435018K(1901056K), 0.0505742 secs] [Times: user=0.30 sys=0.00, real=0.05 secs] 
4618.174: [GC (Allocation Failure) [PSYoungGen: 461120K->101568K(505344K)] 746826K->528098K(1903616K), 0.1324277 secs] [Times: user=0.79 sys=0.00, real=0.14 secs] 
4619.867: [GC (Allocation Failure) [PSYoungGen: 413376K->149120K(502784K)] 839906K->674163K(1901056K), 0.1417592 secs] [Times: user=0.84 sys=0.00, real=0.14 secs] 
4622.812: [GC (Allocation Failure) [PSYoungGen: 460928K->101440K(505344K)] 985971K->767459K(1903616K), 0.1263769 secs] [Times: user=0.75 sys=0.00, real=0.13 secs] 
4623.827: [GC (GCLocker Initiated GC) [PSYoungGen: 413248K->148544K(503296K)] 1079267K->912996K(1901568K), 0.0821372 secs] [Times: user=0.48 sys=0.01, real=0.08 secs] 
4626.133: [GC (Allocation Failure) [PSYoungGen: 460352K->101984K(414208K)] 1224806K->1006582K(1812480K), 0.0860859 secs] [Times: user=0.43 sys=0.00, real=0.09 secs] 
4627.894: [GC (Allocation Failure) [PSYoungGen: 413792K->147936K(502784K)] 1318390K->1151211K(1901056K), 0.0527865 secs] [Times: user=0.31 sys=0.01, real=0.06 secs] 
4629.228: [GC (Allocation Failure) [PSYoungGen: 459744K->106720K(504832K)] 1463019K->1248863K(1903104K), 0.0684412 secs] [Times: user=0.41 sys=0.00, real=0.07 secs] 
4630.881: [GC (Allocation Failure) [PSYoungGen: 418528K->147744K(502784K)] 1560671K->1393012K(1901056K), 0.0545800 secs] [Times: user=0.33 sys=0.01, real=0.06 secs] 
4630.936: [Full GC (Ergonomics) [PSYoungGen: 147744K->0K(502784K)] [ParOldGen: 1245268K->189889K(1398272K)] 1393012K->189889K(1901056K), [Metaspace: 60495K->60495K(1105920K)], 0.4557729 secs] [Times: user=2.12 sys=0.00, real=0.45 secs] 
4632.869: [GC (Allocation Failure) [PSYoungGen: 312832K->104000K(504832K)] 502721K->293889K(1903104K), 0.0817156 secs] [Times: user=0.48 sys=0.00, real=0.08 secs] 
4634.046: [GC (Allocation Failure) [PSYoungGen: 416832K->150848K(503296K)] 606721K->440738K(1901568K), 0.0512576 secs] [Times: user=0.31 sys=0.00, real=0.05 secs] 
4635.784: [GC (Allocation Failure) [PSYoungGen: 464704K->104768K(506368K)] 754594K->536558K(1904640K), 0.1485215 secs] [Times: user=0.89 sys=0.00, real=0.15 secs] 
4637.676: [GC (Allocation Failure) [PSYoungGen: 418624K->148096K(504832K)] 850414K->681463K(1903104K), 0.1283692 secs] [Times: user=0.76 sys=0.00, real=0.12 secs] 
4640.136: [GC (GCLocker Initiated GC) [PSYoungGen: 462976K->104416K(419328K)] 996343K->777775K(1817600K), 0.1026160 secs] [Times: user=0.61 sys=0.00, real=0.10 secs] 
4640.954: [GC (Allocation Failure) [PSYoungGen: 419296K->140864K(506880K)] 1109042K->931513K(1905152K), 0.2509926 secs] [Times: user=1.49 sys=0.02, real=0.26 secs] 
4643.888: [GC (Allocation Failure) [PSYoungGen: 458304K->97152K(506368K)] 1248953K->1028393K(1904640K), 0.3526197 secs] [Times: user=2.11 sys=0.00, real=0.35 secs] 
4644.900: [GC (Allocation Failure) [PSYoungGen: 414592K->154784K(500736K)] 1345833K->1177826K(1899008K), 0.0676642 secs] [Times: user=0.40 sys=0.00, real=0.07 secs] 
4647.969: [GC (Allocation Failure) [PSYoungGen: 467616K->92512K(505856K)] 1490658K->1270466K(1904128K), 0.1679379 secs] [Times: user=0.99 sys=0.00, real=0.17 secs] 
4648.726: [GC (Allocation Failure) [PSYoungGen: 405344K->152352K(498688K)] 1583298K->1417323K(1896960K), 0.0846903 secs] [Times: user=0.45 sys=0.00, real=0.08 secs] 
4648.811: [Full GC (Ergonomics) [PSYoungGen: 152352K->0K(498688K)] [ParOldGen: 1264971K->214779K(1398272K)] 1417323K->214779K(1896960K), [Metaspace: 60495K->60495K(1105920K)], 0.5123038 secs] [Times: user=2.38 sys=0.00, real=0.51 secs] 
4651.750: [GC (Allocation Failure) [PSYoungGen: 306688K->90048K(502784K)] 521467K->304827K(1901056K), 0.1142234 secs] [Times: user=0.68 sys=0.00, real=0.11 secs] 
4652.390: [GC (GCLocker Initiated GC) [PSYoungGen: 396736K->150048K(497664K)] 611515K->449440K(1895936K), 0.0815523 secs] [Times: user=0.48 sys=0.00, real=0.08 secs] 
4656.188: [GC (Allocation Failure) [PSYoungGen: 452640K->88512K(500736K)] 752035K->537539K(1899008K), 0.1547662 secs] [Times: user=0.92 sys=0.00, real=0.15 secs] 
4656.888: [GC (Allocation Failure) [PSYoungGen: 376319K->138912K(497664K)] 825347K->673200K(1895936K), 0.0527729 secs] [Times: user=0.32 sys=0.00, real=0.05 secs] 
4660.172: [GC (Allocation Failure) [PSYoungGen: 442528K->94976K(499712K)] 976816K->760156K(1897984K), 0.1610244 secs] [Times: user=0.96 sys=0.00, real=0.16 secs] 
4661.176: [GC (Allocation Failure) [PSYoungGen: 398592K->147360K(499712K)] 1063772K->904213K(1897984K), 0.0490844 secs] [Times: user=0.29 sys=0.00, real=0.04 secs] 
4663.686: [GC (Allocation Failure) [PSYoungGen: 452643K->98368K(502272K)] 1209496K->994157K(1900544K), 0.1573345 secs] [Times: user=0.94 sys=0.00, real=0.15 secs] 
4665.868: [GC (Allocation Failure) [PSYoungGen: 404544K->143584K(500736K)] 1300333K->1134954K(1899008K), 0.0503760 secs] [Times: user=0.30 sys=0.00, real=0.05 secs] 
4667.199: [GC (Allocation Failure) [PSYoungGen: 451296K->102464K(502272K)] 1442666K->1228886K(1900544K), 0.0772738 secs] [Times: user=0.46 sys=0.00, real=0.08 secs] 
4670.053: [GC (Allocation Failure) [PSYoungGen: 410176K->141952K(501760K)] 1536598K->1368283K(1900032K), 0.0520074 secs] [Times: user=0.31 sys=0.00, real=0.05 secs] 
4670.105: [Full GC (Ergonomics) [PSYoungGen: 141952K->0K(501760K)] [ParOldGen: 1226331K->174733K(1398272K)] 1368283K->174733K(1900032K), [Metaspace: 60495K->60495K(1105920K)], 0.4192437 secs] [Times: user=1.95 sys=0.00, real=0.42 secs] 
4671.606: [GC (Allocation Failure) [PSYoungGen: 310784K->106144K(502272K)] 485517K->280877K(1900544K), 0.0448988 secs] [Times: user=0.26 sys=0.00, real=0.04 secs] 
4674.528: [GC (Allocation Failure) [PSYoungGen: 416928K->142912K(503296K)] 591661K->421646K(1901568K), 0.0533283 secs] [Times: user=0.31 sys=0.00, real=0.05 secs] 
4676.421: [GC (Allocation Failure) [PSYoungGen: 458304K->106752K(504320K)] 737038K->519726K(1902592K), 0.1285009 secs] [Times: user=0.75 sys=0.01, real=0.13 secs] 
4679.268: [GC (Allocation Failure) [PSYoungGen: 422144K->152576K(502272K)] 835118K->670176K(1900544K), 0.0531045 secs] [Times: user=0.31 sys=0.00, real=0.05 secs] 
4681.621: [GC (Allocation Failure) [PSYoungGen: 469504K->108352K(507392K)] 987104K->761320K(1905664K), 0.1052643 secs] [Times: user=0.63 sys=0.00, real=0.11 secs] 
4683.942: [GC (Allocation Failure) [PSYoungGen: 425280K->146368K(507904K)] 1078248K->905689K(1906176K), 0.0867189 secs] [Times: user=0.51 sys=0.01, real=0.09 secs] 
4686.178: [GC (Allocation Failure) [PSYoungGen: 467392K->107040K(428544K)] 1226713K->1004513K(1826816K), 0.0920502 secs] [Times: user=0.55 sys=0.00, real=0.09 secs] 
4687.938: [GC (Allocation Failure) [PSYoungGen: 428064K->152224K(504832K)] 1325537K->1153230K(1903104K), 0.0992902 secs] [Times: user=0.59 sys=0.00, real=0.10 secs] 
4690.327: [GC (Allocation Failure) [PSYoungGen: 471200K->104800K(508928K)] 1472206K->1249870K(1907200K), 0.1601742 secs] [Times: user=0.95 sys=0.00, real=0.16 secs] 
4691.827: [GC (Allocation Failure) [PSYoungGen: 423776K->151744K(503296K)] 1568846K->1398219K(1901568K), 0.1235925 secs] [Times: user=0.74 sys=0.00, real=0.12 secs] 
4691.951: [Full GC (Ergonomics) [PSYoungGen: 151744K->0K(503296K)] [ParOldGen: 1246475K->196621K(1398272K)] 1398219K->196621K(1901568K), [Metaspace: 60495K->60495K(1105920K)], 0.5152030 secs] [Times: user=2.43 sys=0.01, real=0.52 secs] 
4694.762: [GC (Allocation Failure) [PSYoungGen: 315904K->100736K(507392K)] 512525K->297357K(1905664K), 0.0550832 secs] [Times: user=0.33 sys=0.00, real=0.06 secs] 
4696.169: [GC (Allocation Failure) [PSYoungGen: 416640K->150048K(503296K)] 613261K->443910K(1901568K), 0.0489379 secs] [Times: user=0.29 sys=0.00, real=0.05 secs] 
4698.107: [GC (Allocation Failure) [PSYoungGen: 463904K->104256K(506368K)] 757766K->539502K(1904640K), 0.1190644 secs] [Times: user=0.70 sys=0.00, real=0.12 secs] 
4699.667: [GC (Allocation Failure) [PSYoungGen: 413319K->146240K(505344K)] 848566K->682755K(1903616K), 0.1420323 secs] [Times: user=0.84 sys=0.01, real=0.14 secs] 
4702.195: [GC (Allocation Failure) [PSYoungGen: 461632K->104736K(420352K)] 998147K->778947K(1818624K), 0.1072197 secs] [Times: user=0.63 sys=0.01, real=0.11 secs] 
4703.470: [GC (Allocation Failure) [PSYoungGen: 406559K->145280K(504320K)] 1080771K->920980K(1902592K), 0.1213382 secs] [Times: user=0.72 sys=0.01, real=0.12 secs] 
4706.678: [GC (Allocation Failure) [PSYoungGen: 461184K->98464K(505856K)] 1236884K->1011364K(1904128K), 0.1602317 secs] [Times: user=0.94 sys=0.01, real=0.16 secs] 
4707.355: [GC (Allocation Failure) [PSYoungGen: 414368K->168128K(491008K)] 1327268K->1176573K(1889280K), 0.0586449 secs] [Times: user=0.34 sys=0.00, real=0.06 secs] 
4710.366: [GC (Allocation Failure) [PSYoungGen: 470720K->98336K(500736K)] 1479165K->1250197K(1899008K), 0.1385677 secs] [Times: user=0.80 sys=0.01, real=0.13 secs] 
4712.716: [GC (Allocation Failure) [PSYoungGen: 400928K->141472K(497152K)] 1552789K->1387634K(1895424K), 0.0490824 secs] [Times: user=0.29 sys=0.00, real=0.04 secs] 
4712.765: [Full GC (Ergonomics) [PSYoungGen: 141472K->0K(497152K)] [ParOldGen: 1246162K->185628K(1398272K)] 1387634K->185628K(1895424K), [Metaspace: 60497K->60497K(1105920K)], 0.4467299 secs] [Times: user=2.08 sys=0.00, real=0.45 secs] 
4714.818: [GC (Allocation Failure) [PSYoungGen: 304128K->101344K(499712K)] 489756K->286972K(1897984K), 0.0741357 secs] [Times: user=0.44 sys=0.00, real=0.07 secs] 
4716.511: [GC (Allocation Failure) [PSYoungGen: 405472K->142496K(502272K)] 591100K->426956K(1900544K), 0.0509292 secs] [Times: user=0.30 sys=0.00, real=0.05 secs] 
4718.991: [GC (Allocation Failure) [PSYoungGen: 452768K->106016K(502784K)] 737228K->523996K(1901056K), 0.0924441 secs] [Times: user=0.55 sys=0.00, real=0.09 secs] 
4721.472: [GC (Allocation Failure) [PSYoungGen: 416288K->141600K(503808K)] 834268K->663093K(1902080K), 0.0522252 secs] [Times: user=0.31 sys=0.00, real=0.05 secs] 
4722.864: [GC (Allocation Failure) [PSYoungGen: 455968K->109376K(503808K)] 977461K->763025K(1902080K), 0.0876088 secs] [Times: user=0.51 sys=0.01, real=0.09 secs] 
4723.895: [GC (Allocation Failure) [PSYoungGen: 423744K->149280K(502784K)] 1077393K->910106K(1901056K), 0.0541495 secs] [Times: user=0.33 sys=0.00, real=0.06 secs] 
4725.693: [GC (Allocation Failure) [PSYoungGen: 466208K->105344K(505856K)] 1227034K->1006542K(1904128K), 0.1040749 secs] [Times: user=0.61 sys=0.00, real=0.11 secs] 
4727.482: [GC (Allocation Failure) [PSYoungGen: 422272K->151808K(504320K)] 1323470K->1155533K(1902592K), 0.0530585 secs] [Times: user=0.31 sys=0.00, real=0.06 secs] 
4730.014: [GC (Allocation Failure) [PSYoungGen: 469760K->103648K(508416K)] 1473485K->1250997K(1906688K), 0.1038272 secs] [Times: user=0.61 sys=0.00, real=0.11 secs] 
4731.207: [GC (Allocation Failure) [PSYoungGen: 421600K->151840K(502784K)] 1568949K->1399099K(1901056K), 0.0519066 secs] [Times: user=0.31 sys=0.00, real=0.05 secs] 
4731.259: [Full GC (Ergonomics) [PSYoungGen: 151840K->0K(502784K)] [ParOldGen: 1247259K->196746K(1398272K)] 1399099K->196746K(1901056K), [Metaspace: 60499K->60499K(1105920K)], 0.4709964 secs] [Times: user=2.18 sys=0.00, real=0.47 secs] 
4734.311: [GC (Allocation Failure) [PSYoungGen: 314880K->105856K(506880K)] 511626K->302602K(1905152K), 0.0341892 secs] [Times: user=0.20 sys=0.00, real=0.04 secs] 
4735.126: [GC (Allocation Failure) [PSYoungGen: 416718K->145952K(506368K)] 613464K->445152K(1904640K), 0.0498103 secs] [Times: user=0.30 sys=0.00, real=0.05 secs] 
4737.479: [GC (Allocation Failure) [PSYoungGen: 463392K->105824K(423424K)] 762592K->541944K(1821696K), 0.1199842 secs] [Times: user=0.72 sys=0.00, real=0.12 secs] 
4738.640: [GC (Allocation Failure) [PSYoungGen: 423264K->153312K(502784K)] 859384K->692566K(1901056K), 0.0718479 secs] [Times: user=0.43 sys=0.01, real=0.07 secs] 
4742.207: [GC (Allocation Failure) [PSYoungGen: 468192K->92960K(506880K)] 1007446K->785622K(1905152K), 0.1687733 secs] [Times: user=1.00 sys=0.01, real=0.17 secs] 
4743.432: [GC (Allocation Failure) [PSYoungGen: 407840K->152608K(500224K)] 1100502K->934535K(1898496K), 0.0614233 secs] [Times: user=0.37 sys=0.00, real=0.06 secs] 
4746.626: [GC (Allocation Failure) [PSYoungGen: 461344K->89952K(503808K)] 1243271K->1024559K(1902080K), 0.1563367 secs] [Times: user=0.93 sys=0.00, real=0.15 secs] 
4747.339: [GC (Allocation Failure) [PSYoungGen: 398688K->149280K(499712K)] 1333295K->1170776K(1897984K), 0.0594157 secs] [Times: user=0.35 sys=0.00, real=0.06 secs] 
4750.675: [GC (Allocation Failure) [PSYoungGen: 453920K->87808K(501760K)] 1475416K->1258624K(1900032K), 0.1585723 secs] [Times: user=0.95 sys=0.00, real=0.16 secs] 
4751.942: [GC (Allocation Failure) [PSYoungGen: 384202K->143008K(501248K)] 1555018K->1398768K(1899520K), 0.1263908 secs] [Times: user=0.75 sys=0.00, real=0.13 secs] 
4752.068: [Full GC (Ergonomics) [PSYoungGen: 143008K->0K(501248K)] [ParOldGen: 1255760K->196686K(1398272K)] 1398768K->196686K(1899520K), [Metaspace: 60499K->60499K(1105920K)], 0.5318045 secs] [Times: user=2.55 sys=0.00, real=0.53 secs] 
4757.025: [GC (Allocation Failure) [PSYoungGen: 304640K->92032K(396800K)] 501326K->288718K(1795072K), 0.0613674 secs] [Times: user=0.36 sys=0.00, real=0.07 secs] 
4759.155: [GC (Allocation Failure) [PSYoungGen: 396672K->145472K(498688K)] 593358K->430034K(1896960K), 0.0466970 secs] [Times: user=0.27 sys=0.00, real=0.04 secs] 
4760.479: [GC (Allocation Failure) [PSYoungGen: 449088K->100960K(500224K)] 733650K->521931K(1898496K), 0.0906206 secs] [Times: user=0.54 sys=0.00, real=0.09 secs] 
4761.660: [GC (GCLocker Initiated GC) [PSYoungGen: 404576K->142016K(500224K)] 825547K->661787K(1898496K), 0.1011051 secs] [Times: user=0.60 sys=0.00, real=0.10 secs] 
4764.507: [GC (Allocation Failure) [PSYoungGen: 448704K->100384K(500736K)] 968478K->753814K(1899008K), 0.0643754 secs] [Times: user=0.38 sys=0.00, real=0.06 secs] 
4766.970: [GC (GCLocker Initiated GC) [PSYoungGen: 407072K->140096K(502272K)] 1060502K->892292K(1900544K), 0.1212295 secs] [Times: user=0.71 sys=0.00, real=0.12 secs] 
4770.047: [GC (Allocation Failure) [PSYoungGen: 451392K->103648K(502272K)] 1203591K->987695K(1900544K), 0.0660473 secs] [Times: user=0.39 sys=0.00, real=0.06 secs] 
4770.924: [GC (Allocation Failure) [PSYoungGen: 414944K->145088K(502272K)] 1298991K->1131604K(1900544K), 0.0545853 secs] [Times: user=0.32 sys=0.00, real=0.06 secs] 
4773.464: [GC (Allocation Failure) [PSYoungGen: 459968K->105728K(504320K)] 1446484K->1228644K(1902592K), 0.0665302 secs] [Times: user=0.40 sys=0.00, real=0.07 secs] 
4775.351: [GC (Allocation Failure) [PSYoungGen: 420608K->148256K(504320K)] 1543524K->1375877K(1902592K), 0.0897798 secs] [Times: user=0.53 sys=0.00, real=0.09 secs] 
4775.441: [Full GC (Ergonomics) [PSYoungGen: 148256K->0K(504320K)] [ParOldGen: 1227621K->173705K(1398272K)] 1375877K->173705K(1902592K), [Metaspace: 60499K->60499K(1105920K)], 0.4250119 secs] [Times: user=1.98 sys=0.00, real=0.43 secs] 
4777.753: [GC (Allocation Failure) [PSYoungGen: 318464K->107296K(507904K)] 492169K->281001K(1906176K), 0.0384278 secs] [Times: user=0.22 sys=0.00, real=0.04 secs] 
4779.350: [GC (Allocation Failure) [PSYoungGen: 425760K->149248K(505856K)] 599465K->428025K(1904128K), 0.0542784 secs] [Times: user=0.33 sys=0.00, real=0.05 secs] 
4782.297: [GC (Allocation Failure) [PSYoungGen: 467878K->105920K(509440K)] 746656K->525609K(1907712K), 0.1626102 secs] [Times: user=0.97 sys=0.00, real=0.16 secs] 
4783.654: [GC (Allocation Failure) [PSYoungGen: 425920K->151328K(504320K)] 845609K->674574K(1902592K), 0.0531465 secs] [Times: user=0.31 sys=0.00, real=0.06 secs] 
4785.957: [GC (Allocation Failure) [PSYoungGen: 469280K->102464K(508416K)] 992526K->768494K(1906688K), 0.1625691 secs] [Times: user=0.97 sys=0.00, real=0.16 secs] 
4787.573: [GC (Allocation Failure) [PSYoungGen: 420416K->151808K(502784K)] 1086446K->917291K(1901056K), 0.1510793 secs] [Times: user=0.89 sys=0.00, real=0.15 secs] 
4790.328: [GC (Allocation Failure) [PSYoungGen: 466688K->102336K(506880K)] 1232171K->1011579K(1905152K), 0.1583734 secs] [Times: user=0.94 sys=0.00, real=0.16 secs] 
4791.668: [GC (Allocation Failure) [PSYoungGen: 417216K->150336K(502272K)] 1326459K->1158524K(1900544K), 0.1405927 secs] [Times: user=0.83 sys=0.00, real=0.14 secs] 
4795.211: [GC (Allocation Failure) [PSYoungGen: 463168K->99072K(505856K)] 1471356K->1249348K(1904128K), 0.1198005 secs] [Times: user=0.71 sys=0.01, real=0.12 secs] 
4796.604: [GC (Allocation Failure) [PSYoungGen: 411904K->148768K(502784K)] 1562180K->1395049K(1901056K), 0.1326508 secs] [Times: user=0.78 sys=0.00, real=0.14 secs] 
4796.737: [Full GC (Ergonomics) [PSYoungGen: 148768K->0K(502784K)] [ParOldGen: 1246281K->193452K(1398272K)] 1395049K->193452K(1901056K), [Metaspace: 60501K->60501K(1105920K)], 0.5200174 secs] [Times: user=2.48 sys=0.00, real=0.52 secs] 
4800.429: [GC (Allocation Failure) [PSYoungGen: 311808K->97440K(505344K)] 505260K->290892K(1903616K), 0.0679472 secs] [Times: user=0.40 sys=0.00, real=0.07 secs] 
4802.124: [GC (GCLocker Initiated GC) [PSYoungGen: 409248K->146592K(503296K)] 602701K->434237K(1901568K), 0.0492379 secs] [Times: user=0.29 sys=0.01, real=0.05 secs] 
4804.439: [GC (Allocation Failure) [PSYoungGen: 458400K->103104K(415232K)] 746048K->528508K(1813504K), 0.1133463 secs] [Times: user=0.67 sys=0.01, real=0.11 secs] 
4805.584: [GC (Allocation Failure) [PSYoungGen: 414912K->148192K(501760K)] 840316K->673673K(1900032K), 0.1451093 secs] [Times: user=0.86 sys=0.01, real=0.15 secs] 
4807.454: [GC (Allocation Failure) [PSYoungGen: 459488K->103712K(504320K)] 984969K->768561K(1902592K), 0.0711237 secs] [Times: user=0.42 sys=0.00, real=0.08 secs] 
4809.140: [GC (Allocation Failure) [PSYoungGen: 415008K->148992K(502272K)] 1079857K->914246K(1900544K), 0.0958841 secs] [Times: user=0.57 sys=0.01, real=0.10 secs] 
4812.106: [GC (Allocation Failure) [PSYoungGen: 461312K->99360K(505344K)] 1226566K->1005078K(1903616K), 0.0878032 secs] [Times: user=0.52 sys=0.00, real=0.08 secs] 
4813.947: [GC (Allocation Failure) [PSYoungGen: 411680K->148320K(503808K)] 1317398K->1150404K(1902080K), 0.1103053 secs] [Times: user=0.65 sys=0.01, real=0.11 secs] 
4816.998: [GC (Allocation Failure) [PSYoungGen: 461152K->103808K(416768K)] 1463236K->1245836K(1815040K), 0.0715429 secs] [Times: user=0.42 sys=0.00, real=0.07 secs] 
4818.196: [GC (Allocation Failure) [PSYoungGen: 416640K->147968K(503296K)] 1558668K->1390753K(1901568K), 0.0796542 secs] [Times: user=0.44 sys=0.00, real=0.07 secs] 
4818.275: [Full GC (Ergonomics) [PSYoungGen: 147968K->0K(503296K)] [ParOldGen: 1242785K->187741K(1398272K)] 1390753K->187741K(1901568K), [Metaspace: 60504K->59596K(1105920K)], 0.4631424 secs] [Times: user=2.13 sys=0.00, real=0.47 secs] 
4820.520: [GC (Allocation Failure) [PSYoungGen: 312832K->104064K(505344K)] 500573K->291805K(1903616K), 0.0321140 secs] [Times: user=0.19 sys=0.00, real=0.03 secs] 
4821.907: [GC (Allocation Failure) [PSYoungGen: 416896K->150144K(502784K)] 604637K->439255K(1901056K), 0.0915312 secs] [Times: user=0.54 sys=0.00, real=0.09 secs] 
4824.101: [GC (Allocation Failure) [PSYoungGen: 462976K->101888K(505856K)] 752087K->532559K(1904128K), 0.1379251 secs] [Times: user=0.82 sys=0.00, real=0.14 secs] 
4825.522: [GC (Allocation Failure) [PSYoungGen: 414720K->149888K(502272K)] 845391K->678820K(1900544K), 0.0508609 secs] [Times: user=0.30 sys=0.00, real=0.05 secs] 
4828.316: [GC (Allocation Failure) [PSYoungGen: 461696K->100928K(505344K)] 990628K->770972K(1903616K), 0.0780247 secs] [Times: user=0.46 sys=0.00, real=0.07 secs] 
4829.244: [GC (Allocation Failure) [PSYoungGen: 412736K->149472K(501760K)] 1082780K->917841K(1900032K), 0.0905957 secs] [Times: user=0.53 sys=0.00, real=0.09 secs] 
4831.817: [GC (Allocation Failure) [PSYoungGen: 460256K->100576K(504832K)] 1228625K->1010137K(1903104K), 0.0682543 secs] [Times: user=0.40 sys=0.00, real=0.06 secs] 
4833.008: [GC (Allocation Failure) [PSYoungGen: 411360K->149216K(502272K)] 1320921K->1156529K(1900544K), 0.0965548 secs] [Times: user=0.57 sys=0.00, real=0.09 secs] 
4836.194: [GC (Allocation Failure) [PSYoungGen: 460000K->100256K(504832K)] 1467313K->1248305K(1903104K), 0.0862602 secs] [Times: user=0.51 sys=0.00, real=0.09 secs] 
4837.334: [GC (Allocation Failure) [PSYoungGen: 411040K->151360K(500736K)] 1559089K->1396767K(1899008K), 0.0893155 secs] [Times: user=0.53 sys=0.00, real=0.09 secs] 
4837.423: [Full GC (Ergonomics) [PSYoungGen: 151360K->0K(500736K)] [ParOldGen: 1245407K->194364K(1398272K)] 1396767K->194364K(1899008K), [Metaspace: 59596K->59596K(1105920K)], 0.4926592 secs] [Times: user=2.32 sys=0.00, real=0.50 secs] 
4840.336: [GC (Allocation Failure) [PSYoungGen: 308736K->97248K(503808K)] 503100K->291612K(1902080K), 0.0777560 secs] [Times: user=0.46 sys=0.01, real=0.07 secs] 
4841.498: [GC (Allocation Failure) [PSYoungGen: 405984K->147872K(501248K)] 600348K->436293K(1899520K), 0.0494840 secs] [Times: user=0.29 sys=0.01, real=0.05 secs] 
4843.814: [GC (Allocation Failure) [PSYoungGen: 455584K->101696K(409600K)] 744005K->528981K(1807872K), 0.0854203 secs] [Times: user=0.50 sys=0.00, real=0.09 secs] 
4844.993: [GC (Allocation Failure) [PSYoungGen: 409408K->147296K(500224K)] 836693K->672882K(1898496K), 0.0510507 secs] [Times: user=0.30 sys=0.00, real=0.05 secs] 
4846.723: [GC (Allocation Failure) [PSYoungGen: 453314K->99968K(502272K)] 978900K->764106K(1900544K), 0.1198769 secs] [Times: user=0.71 sys=0.00, real=0.12 secs] 
4848.124: [GC (Allocation Failure) [PSYoungGen: 407680K->145440K(502272K)] 1071818K->907223K(1900544K), 0.0504072 secs] [Times: user=0.30 sys=0.00, real=0.05 secs] 
4850.377: [GC (Allocation Failure) [PSYoungGen: 455712K->101056K(503808K)] 1217495K->999639K(1902080K), 0.1062829 secs] [Times: user=0.63 sys=0.00, real=0.10 secs] 
4852.278: [GC (Allocation Failure) [PSYoungGen: 411328K->145952K(502784K)] 1309911K->1142696K(1901056K), 0.0507597 secs] [Times: user=0.31 sys=0.00, real=0.05 secs] 
4853.632: [GC (Allocation Failure) [PSYoungGen: 457760K->108160K(504320K)] 1454504K->1241888K(1902592K), 0.0784667 secs] [Times: user=0.47 sys=0.00, real=0.08 secs] 
4854.553: [GC (Allocation Failure) [PSYoungGen: 419968K->150528K(501248K)] 1553696K->1389572K(1899520K), 0.1010778 secs] [Times: user=0.60 sys=0.01, real=0.10 secs] 
4854.654: [Full GC (Ergonomics) [PSYoungGen: 150528K->0K(501248K)] [ParOldGen: 1239044K->188450K(1398272K)] 1389572K->188450K(1899520K), [Metaspace: 59597K->59597K(1105920K)], 0.4619336 secs] [Times: user=2.07 sys=0.00, real=0.47 secs] 
4857.993: [GC (Allocation Failure) [PSYoungGen: 312320K->99488K(504320K)] 500770K->287938K(1902592K), 0.0316094 secs] [Times: user=0.18 sys=0.00, real=0.03 secs] 
4858.662: [GC (GCLocker Initiated GC) [PSYoungGen: 411808K->149440K(503296K)] 600258K->434491K(1901568K), 0.0565444 secs] [Times: user=0.34 sys=0.01, real=0.06 secs] 
4861.611: [GC (Allocation Failure) [PSYoungGen: 462272K->102112K(505856K)] 747371K->528123K(1904128K), 0.0988600 secs] [Times: user=0.59 sys=0.00, real=0.10 secs] 
4863.127: [GC (Allocation Failure) [PSYoungGen: 414944K->147200K(503808K)] 840955K->672064K(1902080K), 0.0506986 secs] [Times: user=0.30 sys=0.00, real=0.05 secs] 
4864.834: [GC (Allocation Failure) [PSYoungGen: 460544K->104896K(418304K)] 985408K->767872K(1816576K), 0.1049508 secs] [Times: user=0.60 sys=0.00, real=0.11 secs] 
4866.027: [GC (Allocation Failure) [PSYoungGen: 418240K->151328K(501760K)] 1081216K->916316K(1900032K), 0.1011073 secs] [Times: user=0.60 sys=0.00, real=0.10 secs] 
4868.219: [GC (Allocation Failure) [PSYoungGen: 463648K->101376K(505344K)] 1228636K->1009620K(1903616K), 0.1089981 secs] [Times: user=0.65 sys=0.01, real=0.11 secs] 
4869.151: [GC (Allocation Failure) [PSYoungGen: 413696K->151968K(500736K)] 1321940K->1158801K(1899008K), 0.0599673 secs] [Times: user=0.35 sys=0.00, real=0.06 secs] 
4872.107: [GC (Allocation Failure) [PSYoungGen: 461728K->97280K(504320K)] 1468561K->1247993K(1902592K), 0.1581151 secs] [Times: user=0.95 sys=0.00, real=0.15 secs] 
4872.997: [GC (Allocation Failure) [PSYoungGen: 407040K->149152K(501760K)] 1557753K->1393482K(1900032K), 0.0495779 secs] [Times: user=0.29 sys=0.00, real=0.05 secs] 
4873.046: [Full GC (Ergonomics) [PSYoungGen: 149152K->0K(501760K)] [ParOldGen: 1244330K->191132K(1398272K)] 1393482K->191132K(1900032K), [Metaspace: 59597K->59597K(1105920K)], 0.4480081 secs] [Times: user=2.06 sys=0.00, real=0.44 secs] 
4874.825: [GC (Allocation Failure) [PSYoungGen: 308736K->102944K(412160K)] 499868K->294076K(1810432K), 0.0583804 secs] [Times: user=0.34 sys=0.00, real=0.05 secs] 
4876.531: [GC (Allocation Failure) [PSYoungGen: 411680K->148128K(501248K)] 602812K->438514K(1899520K), 0.0733110 secs] [Times: user=0.44 sys=0.00, real=0.07 secs] 
4878.540: [GC (Allocation Failure) [PSYoungGen: 456864K->104000K(503296K)] 747250K->534018K(1901568K), 0.0758321 secs] [Times: user=0.45 sys=0.00, real=0.08 secs] 
4880.409: [GC (Allocation Failure) [PSYoungGen: 412736K->145536K(502272K)] 842754K->674735K(1900544K), 0.1518330 secs] [Times: user=0.79 sys=0.00, real=0.15 secs] 
4882.732: [GC (Allocation Failure) [PSYoungGen: 456320K->104992K(503296K)] 985519K->771335K(1901568K), 0.0918792 secs] [Times: user=0.54 sys=0.01, real=0.09 secs] 
4884.461: [GC (Allocation Failure) [PSYoungGen: 415776K->145920K(503296K)] 1082119K->913187K(1901568K), 0.0516290 secs] [Times: user=0.30 sys=0.00, real=0.05 secs] 
4885.772: [GC (Allocation Failure) [PSYoungGen: 459264K->105024K(504832K)] 1226531K->1009068K(1903104K), 0.0680784 secs] [Times: user=0.40 sys=0.00, real=0.07 secs] 
4886.743: [GC (Allocation Failure) [PSYoungGen: 418368K->149632K(502784K)] 1322412K->1155913K(1901056K), 0.0782789 secs] [Times: user=0.47 sys=0.00, real=0.08 secs] 
4889.164: [GC (Allocation Failure) [PSYoungGen: 464000K->102112K(505856K)] 1470281K->1249897K(1904128K), 0.1590747 secs] [Times: user=0.95 sys=0.00, real=0.16 secs] 
4890.610: [GC (Allocation Failure) [PSYoungGen: 416480K->151008K(503296K)] 1564265K->1397166K(1901568K), 0.0518004 secs] [Times: user=0.30 sys=0.01, real=0.05 secs] 
4890.662: [Full GC (Ergonomics) [PSYoungGen: 151008K->0K(503296K)] [ParOldGen: 1246158K->194086K(1398272K)] 1397166K->194086K(1901568K), [Metaspace: 59597K->59597K(1105920K)], 0.4571983 secs] [Times: user=2.12 sys=0.00, real=0.46 secs] 
4892.624: [GC (Allocation Failure) [PSYoungGen: 313856K->101184K(506368K)] 507942K->295270K(1904640K), 0.0518886 secs] [Times: user=0.30 sys=0.00, real=0.06 secs] 
4893.984: [GC (Allocation Failure) [PSYoungGen: 415040K->151040K(502272K)] 609126K->442015K(1900544K), 0.0494707 secs] [Times: user=0.29 sys=0.00, real=0.05 secs] 
4895.471: [GC (Allocation Failure) [PSYoungGen: 462848K->104096K(505344K)] 753823K->537087K(1903616K), 0.1172470 secs] [Times: user=0.70 sys=0.00, real=0.12 secs] 
4897.449: [GC (Allocation Failure) [PSYoungGen: 411055K->147680K(503808K)] 844046K->682000K(1902080K), 0.0963620 secs] [Times: user=0.57 sys=0.01, real=0.10 secs] 
4900.306: [GC (Allocation Failure) [PSYoungGen: 460512K->100448K(505856K)] 994832K->774304K(1904128K), 0.1533571 secs] [Times: user=0.91 sys=0.00, real=0.15 secs] 
4901.268: [GC (GCLocker Initiated GC) [PSYoungGen: 413280K->148672K(503808K)] 1087136K->919241K(1902080K), 0.0496725 secs] [Times: user=0.29 sys=0.00, real=0.05 secs] 
4904.007: [GC (Allocation Failure) [PSYoungGen: 461504K->98496K(505856K)] 1232075K->1008971K(1904128K), 0.1683224 secs] [Times: user=1.00 sys=0.00, real=0.16 secs] 
4904.934: [GC (Allocation Failure) [PSYoungGen: 411328K->150720K(501248K)] 1321803K->1156448K(1899520K), 0.0734499 secs] [Times: user=0.43 sys=0.00, real=0.08 secs] 
4907.143: [GC (Allocation Failure) [PSYoungGen: 460480K->102112K(504320K)] 1466208K->1250112K(1902592K), 0.1117922 secs] [Times: user=0.66 sys=0.00, real=0.11 secs] 
4907.870: [GC (Allocation Failure) [PSYoungGen: 411872K->149824K(501760K)] 1559872K->1396077K(1900032K), 0.0512894 secs] [Times: user=0.30 sys=0.00, real=0.05 secs] 
4907.921: [Full GC (Ergonomics) [PSYoungGen: 149824K->0K(501760K)] [ParOldGen: 1246253K->194394K(1398272K)] 1396077K->194394K(1900032K), [Metaspace: 59597K->59597K(1105920K)], 0.4637082 secs] [Times: user=2.13 sys=0.01, real=0.46 secs] 
4910.189: [GC (Allocation Failure) [PSYoungGen: 309760K->99040K(504320K)] 504154K->293434K(1902592K), 0.1020223 secs] [Times: user=0.60 sys=0.00, real=0.10 secs] 
4911.978: [GC (Allocation Failure) [PSYoungGen: 408800K->150848K(500224K)] 603194K->440711K(1898496K), 0.0763340 secs] [Times: user=0.45 sys=0.00, real=0.07 secs] 
4914.210: [GC (Allocation Failure) [PSYoungGen: 458560K->97120K(503296K)] 748423K->529711K(1901568K), 0.1543573 secs] [Times: user=0.91 sys=0.01, real=0.15 secs] 
4915.980: [GC (Allocation Failure) [PSYoungGen: 404832K->147424K(501760K)] 837423K->673311K(1900032K), 0.0487763 secs] [Times: user=0.29 sys=0.01, real=0.05 secs] 
4917.513: [GC (Allocation Failure) [PSYoungGen: 455136K->102304K(410112K)] 981023K->766751K(1808384K), 0.1066822 secs] [Times: user=0.64 sys=0.00, real=0.11 secs] 
4919.685: [GC (Allocation Failure) [PSYoungGen: 410016K->144864K(501760K)] 1074463K->908220K(1900032K), 0.0510812 secs] [Times: user=0.31 sys=0.00, real=0.06 secs] 
4922.088: [GC (Allocation Failure) [PSYoungGen: 453432K->103360K(502272K)] 1216788K->1002884K(1900544K), 0.0885761 secs] [Times: user=0.53 sys=0.00, real=0.09 secs] 
4924.981: [GC (Allocation Failure) [PSYoungGen: 412096K->141152K(503808K)] 1311620K->1141337K(1902080K), 0.0515133 secs] [Times: user=0.30 sys=0.00, real=0.05 secs] 
4926.158: [GC (Allocation Failure) [PSYoungGen: 453984K->108736K(503296K)] 1454169K->1240953K(1901568K), 0.0896035 secs] [Times: user=0.53 sys=0.01, real=0.09 secs] 
4926.937: [GC (Allocation Failure) [PSYoungGen: 421568K->147968K(501760K)] 1553785K->1386683K(1900032K), 0.0539564 secs] [Times: user=0.33 sys=0.00, real=0.05 secs] 
4926.991: [Full GC (Ergonomics) [PSYoungGen: 147968K->0K(501760K)] [ParOldGen: 1238715K->183519K(1398272K)] 1386683K->183519K(1900032K), [Metaspace: 59597K->59597K(1105920K)], 0.4590296 secs] [Times: user=2.11 sys=0.01, real=0.46 secs] 
4929.790: [GC (Allocation Failure) [PSYoungGen: 314880K->104992K(504320K)] 498399K->288511K(1902592K), 0.0825529 secs] [Times: user=0.49 sys=0.00, real=0.08 secs] 
4932.583: [GC (Allocation Failure) [PSYoungGen: 419872K->146336K(507392K)] 603391K->429320K(1905664K), 0.0507858 secs] [Times: user=0.31 sys=0.00, real=0.05 secs] 
4934.431: [GC (Allocation Failure) [PSYoungGen: 466848K->107488K(428032K)] 749832K->527252K(1826304K), 0.1556640 secs] [Times: user=0.92 sys=0.00, real=0.16 secs] 
4935.437: [GC (Allocation Failure) [PSYoungGen: 428000K->154560K(502784K)] 847764K->678417K(1901056K), 0.0532080 secs] [Times: user=0.32 sys=0.00, real=0.05 secs] 
4938.517: [GC (Allocation Failure) [PSYoungGen: 471488K->103392K(507904K)] 995345K->773077K(1906176K), 0.1576830 secs] [Times: user=0.92 sys=0.00, real=0.15 secs] 
4939.512: [GC (Allocation Failure) [PSYoungGen: 418032K->150400K(504320K)] 1087718K->920307K(1902592K), 0.0755713 secs] [Times: user=0.45 sys=0.00, real=0.08 secs] 
4943.962: [GC (Allocation Failure) [PSYoungGen: 466304K->100672K(507392K)] 1236211K->1012599K(1905664K), 0.1603382 secs] [Times: user=0.95 sys=0.00, real=0.16 secs] 
4945.777: [GC (Allocation Failure) [PSYoungGen: 413917K->149760K(503808K)] 1325845K->1158940K(1902080K), 0.0503377 secs] [Times: user=0.30 sys=0.00, real=0.05 secs] 
4947.853: [GC (Allocation Failure) [PSYoungGen: 463616K->102880K(506368K)] 1472796K->1253328K(1904640K), 0.1511268 secs] [Times: user=0.89 sys=0.01, real=0.15 secs] 
4949.002: [GC (Allocation Failure) [PSYoungGen: 408772K->148288K(504320K)] 1559220K->1397488K(1902592K), 0.0507106 secs] [Times: user=0.30 sys=0.00, real=0.05 secs] 
4949.053: [Full GC (Ergonomics) [PSYoungGen: 148288K->0K(504320K)] [ParOldGen: 1249200K->195682K(1398272K)] 1397488K->195682K(1902592K), [Metaspace: 59675K->59675K(1105920K)], 0.4653406 secs] [Times: user=2.15 sys=0.00, real=0.47 secs] 
4951.385: [GC (Allocation Failure) [PSYoungGen: 313856K->102272K(416256K)] 509538K->297954K(1814528K), 0.0812995 secs] [Times: user=0.48 sys=0.00, real=0.09 secs] 
4952.278: [GC (Allocation Failure) [PSYoungGen: 412470K->148384K(503296K)] 608153K->442927K(1901568K), 0.0494901 secs] [Times: user=0.29 sys=0.00, real=0.05 secs] 
4954.652: [GC (Allocation Failure) [PSYoungGen: 461728K->102080K(505856K)] 756271K->536543K(1904128K), 0.1238639 secs] [Times: user=0.74 sys=0.00, real=0.13 secs] 
4955.842: [GC (Allocation Failure) [PSYoungGen: 415424K->147648K(504320K)] 849887K->681237K(1902592K), 0.0926194 secs] [Times: user=0.55 sys=0.00, real=0.09 secs] 
4959.503: [GC (Allocation Failure) [PSYoungGen: 462016K->100672K(506368K)] 995605K->773693K(1904640K), 0.1588888 secs] [Times: user=0.94 sys=0.00, real=0.16 secs] 
4961.530: [GC (Allocation Failure) [PSYoungGen: 415040K->149888K(502784K)] 1088061K->920289K(1901056K), 0.1232981 secs] [Times: user=0.74 sys=0.00, real=0.12 secs] 
4965.491: [GC (Allocation Failure) [PSYoungGen: 462720K->101152K(505856K)] 1233121K->1013161K(1904128K), 0.0732022 secs] [Times: user=0.44 sys=0.00, real=0.07 secs] 
4966.171: [GC (Allocation Failure) [PSYoungGen: 413943K->149184K(502784K)] 1325953K->1158886K(1901056K), 0.0501000 secs] [Times: user=0.29 sys=0.00, real=0.05 secs] 
4970.219: [GC (Allocation Failure) [PSYoungGen: 460992K->98528K(505344K)] 1470694K->1248898K(1903616K), 0.1010806 secs] [Times: user=0.60 sys=0.00, real=0.10 secs] 
4971.620: [GC (Allocation Failure) [PSYoungGen: 410336K->149952K(501248K)] 1560706K->1395247K(1899520K), 0.0492225 secs] [Times: user=0.29 sys=0.00, real=0.05 secs] 
4971.669: [Full GC (Ergonomics) [PSYoungGen: 149952K->0K(501248K)] [ParOldGen: 1245295K->193364K(1398272K)] 1395247K->193364K(1899520K), [Metaspace: 59678K->59678K(1105920K)], 0.4585371 secs] [Times: user=2.11 sys=0.00, real=0.46 secs] 
4974.328: [GC (Allocation Failure) [PSYoungGen: 309760K->102048K(504320K)] 503124K->295413K(1902592K), 0.0358070 secs] [Times: user=0.21 sys=0.00, real=0.03 secs] 
4974.873: [GC (Allocation Failure) [PSYoungGen: 411808K->148096K(502784K)] 605173K->440659K(1901056K), 0.0689589 secs] [Times: user=0.40 sys=0.01, real=0.07 secs] 
4977.104: [GC (Allocation Failure) [PSYoungGen: 458880K->100640K(411648K)] 751443K->532795K(1809920K), 0.1570568 secs] [Times: user=0.94 sys=0.00, real=0.16 secs] 
4978.559: [GC (Allocation Failure) [PSYoungGen: 411424K->148672K(501760K)] 843579K->678770K(1900032K), 0.0777266 secs] [Times: user=0.46 sys=0.00, real=0.08 secs] 
4980.503: [GC (Allocation Failure) [PSYoungGen: 458944K->99936K(504320K)] 989042K->770154K(1902592K), 0.1051926 secs] [Times: user=0.63 sys=0.00, real=0.11 secs] 
4981.684: [GC (Allocation Failure) [PSYoungGen: 410208K->147264K(503808K)] 1080426K->914336K(1902080K), 0.0498351 secs] [Times: user=0.30 sys=0.00, real=0.05 secs] 
4983.723: [GC (Allocation Failure) [PSYoungGen: 459072K->105792K(417792K)] 1226144K->1011272K(1816064K), 0.1270590 secs] [Times: user=0.75 sys=0.00, real=0.13 secs] 
4984.893: [GC (Allocation Failure) [PSYoungGen: 417600K->149856K(500736K)] 1323080K->1158286K(1899008K), 0.0771066 secs] [Times: user=0.46 sys=0.00, real=0.08 secs] 
4986.990: [GC (Allocation Failure) [PSYoungGen: 460128K->100448K(503808K)] 1468558K->1250374K(1902080K), 0.0696985 secs] [Times: user=0.41 sys=0.00, real=0.07 secs] 
4988.438: [GC (Allocation Failure) [PSYoungGen: 410720K->149536K(501760K)] 1560646K->1397067K(1900032K), 0.0743701 secs] [Times: user=0.44 sys=0.01, real=0.07 secs] 
4988.512: [Full GC (Ergonomics) [PSYoungGen: 149536K->0K(501760K)] [ParOldGen: 1247531K->193983K(1398272K)] 1397067K->193983K(1900032K), [Metaspace: 59678K->59678K(1105920K)], 0.4828346 secs] [Times: user=2.25 sys=0.00, real=0.48 secs] 
4991.015: [GC (Allocation Failure) [PSYoungGen: 310784K->98144K(504832K)] 504767K->292127K(1903104K), 0.0928104 secs] [Times: user=0.54 sys=0.00, real=0.10 secs] 
4992.686: [GC (Allocation Failure) [PSYoungGen: 408928K->150400K(500736K)] 602911K->438716K(1899008K), 0.0490954 secs] [Times: user=0.29 sys=0.00, real=0.04 secs] 
4994.825: [GC (Allocation Failure) [PSYoungGen: 459136K->100544K(503808K)] 747452K->530740K(1902080K), 0.1585423 secs] [Times: user=0.94 sys=0.00, real=0.16 secs] 
4996.795: [GC (Allocation Failure) [PSYoungGen: 409280K->147008K(502272K)] 839476K->674204K(1900544K), 0.0503306 secs] [Times: user=0.30 sys=0.00, real=0.05 secs] 
4999.001: [GC (Allocation Failure) [PSYoungGen: 456768K->100384K(410624K)] 983964K->766357K(1808896K), 0.1222261 secs] [Times: user=0.73 sys=0.00, real=0.12 secs] 
4999.816: [GC (Allocation Failure) [PSYoungGen: 410144K->148608K(501248K)] 1076117K->911945K(1899520K), 0.0507052 secs] [Times: user=0.30 sys=0.00, real=0.05 secs] 
5001.887: [GC (Allocation Failure) [PSYoungGen: 457856K->101440K(503808K)] 1221193K->1005033K(1902080K), 0.0957453 secs] [Times: user=0.57 sys=0.01, real=0.09 secs] 
5003.718: [GC (Allocation Failure) [PSYoungGen: 410688K->145056K(503296K)] 1314281K->1147355K(1901568K), 0.0560523 secs] [Times: user=0.33 sys=0.00, real=0.05 secs] 
5006.014: [GC (Allocation Failure) [PSYoungGen: 456352K->103392K(414720K)] 1458651K->1242603K(1812992K), 0.1140917 secs] [Times: user=0.68 sys=0.00, real=0.12 secs] 
5007.427: [GC (Allocation Failure) [PSYoungGen: 414688K->147552K(501248K)] 1553899K->1386208K(1899520K), 0.0512666 secs] [Times: user=0.31 sys=0.00, real=0.05 secs] 
5007.478: [Full GC (Ergonomics) [PSYoungGen: 147552K->0K(501248K)] [ParOldGen: 1238656K->183872K(1398272K)] 1386208K->183872K(1899520K), [Metaspace: 59678K->59678K(1105920K)], 0.4318138 secs] [Times: user=1.99 sys=0.00, real=0.43 secs] 
5009.109: [GC (Allocation Failure) [PSYoungGen: 311296K->105280K(503808K)] 495168K->289152K(1902080K), 0.0333824 secs] [Times: user=0.20 sys=0.00, real=0.03 secs] 
5010.482: [GC (Allocation Failure) [PSYoungGen: 416576K->157536K(498176K)] 600448K->442989K(1896448K), 0.0526960 secs] [Times: user=0.31 sys=0.00, real=0.05 secs] 
5011.961: [GC (Allocation Failure) [PSYoungGen: 466272K->99808K(503808K)] 751725K->525793K(1902080K), 0.0953983 secs] [Times: user=0.56 sys=0.01, real=0.10 secs] 
5013.199: [GC (Allocation Failure) [PSYoungGen: 408544K->147680K(502784K)] 834529K->670226K(1901056K), 0.0504869 secs] [Times: user=0.30 sys=0.00, real=0.05 secs] 
5015.089: [GC (Allocation Failure) [PSYoungGen: 457440K->99808K(409600K)] 979986K->761722K(1807872K), 0.0742414 secs] [Times: user=0.44 sys=0.00, real=0.07 secs] 
5016.667: [GC (Allocation Failure) [PSYoungGen: 409568K->147520K(501760K)] 1071482K->907348K(1900032K), 0.0817113 secs] [Times: user=0.48 sys=0.00, real=0.08 secs] 
5019.179: [GC (Allocation Failure) [PSYoungGen: 456768K->99616K(503808K)] 1216596K->998796K(1902080K), 0.0655208 secs] [Times: user=0.39 sys=0.00, real=0.06 secs] 
5020.366: [GC (Allocation Failure) [PSYoungGen: 408864K->145504K(502272K)] 1308044K->1142301K(1900544K), 0.0517509 secs] [Times: user=0.31 sys=0.00, real=0.05 secs] 
5022.982: [GC (Allocation Failure) [PSYoungGen: 455776K->99968K(503808K)] 1452573K->1234122K(1902080K), 0.0653821 secs] [Times: user=0.39 sys=0.00, real=0.07 secs] 
5024.288: [GC (GCLocker Initiated GC) [PSYoungGen: 410240K->146048K(502272K)] 1544394K->1378408K(1900544K), 0.0730902 secs] [Times: user=0.44 sys=0.00, real=0.07 secs] 
5024.361: [Full GC (Ergonomics) [PSYoungGen: 146048K->0K(502272K)] [ParOldGen: 1232360K->176568K(1398272K)] 1378408K->176568K(1900544K), [Metaspace: 59678K->59678K(1105920K)], 0.4149591 secs] [Times: user=1.90 sys=0.00, real=0.42 secs] 
5027.350: [GC (Allocation Failure) [PSYoungGen: 311296K->102272K(504320K)] 487865K->278841K(1902592K), 0.0353276 secs] [Times: user=0.21 sys=0.00, real=0.04 secs] 
5028.534: [GC (Allocation Failure) [PSYoungGen: 413568K->148672K(501760K)] 590137K->425839K(1900032K), 0.0854098 secs] [Times: user=0.51 sys=0.00, real=0.09 secs] 
5030.704: [GC (Allocation Failure) [PSYoungGen: 460480K->103456K(504832K)] 737647K->521107K(1903104K), 0.0655245 secs] [Times: user=0.39 sys=0.00, real=0.07 secs] 
5032.728: [GC (Allocation Failure) [PSYoungGen: 415264K->146432K(503808K)] 832915K->665688K(1902080K), 0.0519253 secs] [Times: user=0.31 sys=0.01, real=0.05 secs] 
5034.835: [GC (Allocation Failure) [PSYoungGen: 460265K->104064K(505856K)] 979521K->761492K(1904128K), 0.0784898 secs] [Times: user=0.47 sys=0.01, real=0.08 secs] 
5036.947: [GC (Allocation Failure) [PSYoungGen: 417920K->145760K(504320K)] 1075348K->904781K(1902592K), 0.0522857 secs] [Times: user=0.31 sys=0.01, real=0.05 secs] 
5038.540: [GC (Allocation Failure) [PSYoungGen: 461152K->107232K(505856K)] 1220173K->1002953K(1904128K), 0.0823075 secs] [Times: user=0.49 sys=0.00, real=0.08 secs] 
5040.073: [GC (Allocation Failure) [PSYoungGen: 422624K->146112K(504832K)] 1318345K->1147235K(1903104K), 0.0540511 secs] [Times: user=0.32 sys=0.00, real=0.06 secs] 
5044.132: [GC (Allocation Failure) [PSYoungGen: 463552K->103616K(506880K)] 1464675K->1242323K(1905152K), 0.1187762 secs] [Times: user=0.70 sys=0.00, real=0.12 secs] 
5045.545: [GC (Allocation Failure) [PSYoungGen: 421056K->146816K(506880K)] 1559763K->1387177K(1905152K), 0.0622606 secs] [Times: user=0.37 sys=0.00, real=0.07 secs] 
5045.607: [Full GC (Ergonomics) [PSYoungGen: 146816K->0K(506880K)] [ParOldGen: 1240361K->182727K(1398272K)] 1387177K->182727K(1905152K), [Metaspace: 59681K->59681K(1105920K)], 0.4445986 secs] [Times: user=2.06 sys=0.01, real=0.44 secs] 
5048.536: [GC (Allocation Failure) [PSYoungGen: 320000K->104672K(508928K)] 502727K->287399K(1907200K), 0.0587241 secs] [Times: user=0.35 sys=0.00, real=0.05 secs] 
5050.480: [GC (Allocation Failure) [PSYoungGen: 424672K->151616K(504320K)] 607399K->435816K(1902592K), 0.1264641 secs] [Times: user=0.75 sys=0.00, real=0.13 secs] 
5054.099: [GC (Allocation Failure) [PSYoungGen: 469568K->103424K(508416K)] 753768K->530960K(1906688K), 0.1486942 secs] [Times: user=0.88 sys=0.00, real=0.15 secs] 
5056.280: [GC (Allocation Failure) [PSYoungGen: 421376K->151456K(503808K)] 848912K->678665K(1902080K), 0.0514179 secs] [Times: user=0.30 sys=0.00, real=0.05 secs] 
5058.419: [GC (Allocation Failure) [PSYoungGen: 467360K->105696K(507392K)] 994569K->775753K(1905664K), 0.1618995 secs] [Times: user=0.94 sys=0.01, real=0.16 secs] 
5059.128: [GC (Allocation Failure) [PSYoungGen: 418020K->148352K(505856K)] 1088078K->920979K(1904128K), 0.0514916 secs] [Times: user=0.31 sys=0.01, real=0.05 secs] 
5061.383: [GC (Allocation Failure) [PSYoungGen: 465280K->105376K(422400K)] 1237907K->1017795K(1820672K), 0.0716023 secs] [Times: user=0.42 sys=0.01, real=0.07 secs] 
5062.330: [GC (Allocation Failure) [PSYoungGen: 408872K->144480K(506368K)] 1321292K->1158896K(1904640K), 0.0501755 secs] [Times: user=0.29 sys=0.00, real=0.05 secs] 
5066.132: [GC (Allocation Failure) [PSYoungGen: 462432K->103232K(507392K)] 1476848K->1253856K(1905664K), 0.0925441 secs] [Times: user=0.55 sys=0.00, real=0.09 secs] 
5066.618: [GC (Allocation Failure) [PSYoungGen: 407618K->146752K(506880K)] 1558243K->1397513K(1905152K), 0.0519596 secs] [Times: user=0.31 sys=0.00, real=0.05 secs] 
5066.670: [Full GC (Ergonomics) [PSYoungGen: 146752K->0K(506880K)] [ParOldGen: 1250761K->195636K(1398272K)] 1397513K->195636K(1905152K), [Metaspace: 59681K->59681K(1105920K)], 0.4813297 secs] [Times: user=2.23 sys=0.00, real=0.48 secs] 
5069.340: [GC (Allocation Failure) [PSYoungGen: 319488K->102784K(508416K)] 515124K->298420K(1906688K), 0.0906762 secs] [Times: user=0.54 sys=0.01, real=0.09 secs] 
5070.726: [GC (Allocation Failure) [PSYoungGen: 410026K->147936K(506880K)] 605662K->442324K(1905152K), 0.0498354 secs] [Times: user=0.30 sys=0.00, real=0.05 secs] 
5072.765: [GC (Allocation Failure) [PSYoungGen: 467936K->104608K(509440K)] 762324K->538404K(1907712K), 0.1692453 secs] [Times: user=1.00 sys=0.00, real=0.17 secs] 
5073.832: [GC (Allocation Failure) [PSYoungGen: 424608K->186848K(419840K)] 858404K->721797K(1818112K), 0.0538216 secs] [Times: user=0.31 sys=0.01, real=0.06 secs] 
5075.256: [GC (Allocation Failure) [PSYoungGen: 419808K->62432K(465920K)] 954757K->751257K(1864192K), 0.0630716 secs] [Times: user=0.38 sys=0.00, real=0.06 secs] 
5075.917: [GC (Allocation Failure) [PSYoungGen: 295392K->109952K(465920K)] 984217K->859210K(1864192K), 0.0602155 secs] [Times: user=0.35 sys=0.00, real=0.06 secs] 
5076.836: [GC (Allocation Failure) [PSYoungGen: 342912K->118944K(352256K)] 1092170K->969314K(1750528K), 0.0938176 secs] [Times: user=0.55 sys=0.01, real=0.09 secs] 
5079.654: [GC (Allocation Failure) [PSYoungGen: 351904K->54048K(458752K)] 1202274K->1023194K(1857024K), 0.1209167 secs] [Times: user=0.72 sys=0.00, real=0.12 secs] 
5080.102: [GC (Allocation Failure) [PSYoungGen: 283936K->112544K(342528K)] 1253082K->1132155K(1740800K), 0.0384308 secs] [Times: user=0.22 sys=0.01, real=0.04 secs] 
5081.521: [GC (Allocation Failure) [PSYoungGen: 342432K->90784K(464896K)] 1362043K->1214647K(1863168K), 0.0559723 secs] [Times: user=0.34 sys=0.00, real=0.06 secs] 
5083.552: [GC (GCLocker Initiated GC) [PSYoungGen: 333472K->84256K(460288K)] 1457335K->1298519K(1858560K), 0.0872449 secs] [Times: user=0.51 sys=0.00, real=0.09 secs] 
5083.841: [GC (Allocation Failure) [PSYoungGen: 326944K->136192K(474624K)] 1541242K->1429042K(1872896K), 0.0501111 secs] [Times: user=0.29 sys=0.01, real=0.05 secs] 
5083.891: [Full GC (Ergonomics) [PSYoungGen: 136192K->0K(474624K)] [ParOldGen: 1292850K->211558K(1398272K)] 1429042K->211558K(1872896K), [Metaspace: 59681K->59681K(1105920K)], 0.5033070 secs] [Times: user=2.34 sys=0.00, real=0.50 secs] 
5085.860: [GC (Allocation Failure) [PSYoungGen: 261120K->72224K(472576K)] 472678K->283782K(1870848K), 0.1610396 secs] [Times: user=0.96 sys=0.00, real=0.16 secs] 
5088.443: [GC (Allocation Failure) [PSYoungGen: 333344K->122880K(480256K)] 544902K->402127K(1878528K), 0.0416357 secs] [Times: user=0.25 sys=0.00, real=0.04 secs] 
5089.576: [GC (Allocation Failure) [PSYoungGen: 400896K->100256K(481792K)] 680143K->493047K(1880064K), 0.0588207 secs] [Times: user=0.34 sys=0.01, real=0.05 secs] 
5092.140: [GC (Allocation Failure) [PSYoungGen: 378272K->114912K(484864K)] 771063K->607329K(1883136K), 0.0547708 secs] [Times: user=0.32 sys=0.00, real=0.05 secs] 
5093.586: [GC (Allocation Failure) [PSYoungGen: 412896K->131456K(487424K)] 905313K->729445K(1885696K), 0.0621288 secs] [Times: user=0.37 sys=0.00, real=0.06 secs] 
5096.312: [GC (Allocation Failure) [PSYoungGen: 429440K->102848K(497664K)] 1027429K->832477K(1895936K), 0.0844473 secs] [Times: user=0.50 sys=0.00, real=0.09 secs] 
5097.531: [GC (Allocation Failure) [PSYoungGen: 423360K->145664K(503808K)] 1152989K->967248K(1902080K), 0.0611521 secs] [Times: user=0.36 sys=0.00, real=0.06 secs] 
5098.986: [GC (Allocation Failure) [PSYoungGen: 466176K->116128K(506368K)] 1287760K->1083640K(1904640K), 0.0652619 secs] [Times: user=0.39 sys=0.00, real=0.06 secs] 
5100.212: [GC (Allocation Failure) [PSYoungGen: 443296K->132064K(508416K)] 1410808K->1205169K(1906688K), 0.0623443 secs] [Times: user=0.38 sys=0.00, real=0.06 secs] 
5102.354: [GC (Allocation Failure) [PSYoungGen: 459232K->131616K(515072K)] 1532337K->1336513K(1913344K), 0.0669697 secs] [Times: user=0.39 sys=0.00, real=0.07 secs] 
5103.623: [GC (Allocation Failure) [PSYoungGen: 468512K->5760K(343040K)] 1673409K->1210721K(1741312K), 0.0029251 secs] [Times: user=0.01 sys=0.00, real=0.01 secs] 
5105.551: [GC (Allocation Failure) [PSYoungGen: 342656K->153248K(489472K)] 1547617K->1362603K(1887744K), 0.0316697 secs] [Times: user=0.18 sys=0.01, real=0.03 secs] 
5105.583: [Full GC (Ergonomics) [PSYoungGen: 153248K->0K(489472K)] [ParOldGen: 1209355K->171088K(1398272K)] 1362603K->171088K(1887744K), [Metaspace: 59681K->59681K(1105920K)], 0.4036981 secs] [Times: user=1.85 sys=0.00, real=0.41 secs] 
5108.727: [GC (Allocation Failure) [PSYoungGen: 296448K->96896K(497664K)] 467536K->267984K(1895936K), 0.0355184 secs] [Times: user=0.21 sys=0.00, real=0.03 secs] 
5110.223: [GC (Allocation Failure) [PSYoungGen: 393344K->135264K(496640K)] 564432K->402374K(1894912K), 0.0685110 secs] [Times: user=0.41 sys=0.00, real=0.07 secs] 
5112.922: [GC (Allocation Failure) [PSYoungGen: 437856K->108800K(411648K)] 704966K->502614K(1809920K), 0.0645804 secs] [Times: user=0.38 sys=0.00, real=0.07 secs] 
5115.006: [GC (Allocation Failure) [PSYoungGen: 411392K->130208K(498176K)] 805206K->631754K(1896448K), 0.0570747 secs] [Times: user=0.33 sys=0.00, real=0.05 secs] 
5116.306: [GC (Allocation Failure) [PSYoungGen: 440480K->118336K(497152K)] 942026K->740846K(1895424K), 0.0643150 secs] [Times: user=0.38 sys=0.00, real=0.06 secs] 
5117.167: [GC (Allocation Failure) [PSYoungGen: 428608K->134368K(504832K)] 1051118K->875019K(1903104K), 0.0562856 secs] [Times: user=0.33 sys=0.00, real=0.05 secs] 
5120.250: [GC (Allocation Failure) [PSYoungGen: 457952K->2688K(326656K)] 1198603K->743435K(1724928K), 0.0034335 secs] [Times: user=0.02 sys=0.00, real=0.00 secs] 
5120.840: [GC (Allocation Failure) [PSYoungGen: 326272K->145248K(492032K)] 1067019K->888157K(1890304K), 0.0345344 secs] [Times: user=0.20 sys=0.00, real=0.03 secs] 
5123.865: [GC (Allocation Failure) [PSYoungGen: 442720K->103296K(400896K)] 1185629K->983237K(1799168K), 0.0670032 secs] [Times: user=0.40 sys=0.00, real=0.07 secs] 
5125.559: [GC (Allocation Failure) [PSYoungGen: 400768K->131328K(496128K)] 1280709K->1113367K(1894400K), 0.0525834 secs] [Times: user=0.31 sys=0.00, real=0.05 secs] 
5127.227: [GC (Allocation Failure) [PSYoungGen: 434944K->114496K(496128K)] 1416983K->1219243K(1894400K), 0.0652295 secs] [Times: user=0.39 sys=0.00, real=0.06 secs] 
5129.513: [GC (Allocation Failure) [PSYoungGen: 418112K->122912K(502784K)] 1522859K->1342147K(1901056K), 0.0701151 secs] [Times: user=0.41 sys=0.00, real=0.07 secs] 
5129.583: [Full GC (Ergonomics) [PSYoungGen: 122912K->0K(502784K)] [ParOldGen: 1219235K->136921K(1398272K)] 1342147K->136921K(1901056K), [Metaspace: 59720K->59720K(1105920K)], 0.3145149 secs] [Times: user=1.43 sys=0.00, real=0.32 secs] 
5131.216: [GC (Allocation Failure) [PSYoungGen: 317440K->125248K(499712K)] 454361K->262169K(1897984K), 0.0449768 secs] [Times: user=0.27 sys=0.00, real=0.04 secs] 
5132.782: [GC (Allocation Failure) [PSYoungGen: 442688K->140224K(508416K)] 579609K->402505K(1906688K), 0.0698713 secs] [Times: user=0.42 sys=0.00, real=0.07 secs] 
5135.605: [GC (Allocation Failure) [PSYoungGen: 468416K->2944K(331264K)] 730697K->265241K(1729536K), 0.0026471 secs] [Times: user=0.01 sys=0.00, real=0.01 secs] 
5136.705: [GC (Allocation Failure) [PSYoungGen: 331136K->146976K(490496K)] 593433K->411166K(1888768K), 0.0293341 secs] [Times: user=0.17 sys=0.00, real=0.02 secs] 
5138.491: [GC (Allocation Failure) [PSYoungGen: 441376K->102016K(396800K)] 705566K->503998K(1795072K), 0.0655110 secs] [Times: user=0.39 sys=0.00, real=0.07 secs] 
5139.972: [GC (Allocation Failure) [PSYoungGen: 396416K->130304K(495616K)] 798398K->633727K(1893888K), 0.0538750 secs] [Times: user=0.32 sys=0.00, real=0.06 secs] 
5142.157: [GC (Allocation Failure) [PSYoungGen: 431360K->115328K(495104K)] 934783K->740615K(1893376K), 0.0630737 secs] [Times: user=0.37 sys=0.00, real=0.06 secs] 
5143.932: [GC (Allocation Failure) [PSYoungGen: 416384K->122592K(501248K)] 1041671K->862831K(1899520K), 0.0692083 secs] [Times: user=0.41 sys=0.00, real=0.07 secs] 
5146.032: [GC (Allocation Failure) [PSYoungGen: 436448K->125472K(497664K)] 1176687K->978090K(1895936K), 0.0631886 secs] [Times: user=0.38 sys=0.00, real=0.06 secs] 
5148.143: [GC (Allocation Failure) [PSYoungGen: 439328K->120704K(510976K)] 1291946K->1098570K(1909248K), 0.0749410 secs] [Times: user=0.44 sys=0.00, real=0.08 secs] 
5149.625: [GC (Allocation Failure) [PSYoungGen: 452480K->1472K(333312K)] 1430346K->979402K(1731584K), 0.0028726 secs] [Times: user=0.01 sys=0.00, real=0.01 secs] 
5152.447: [GC (Allocation Failure) [PSYoungGen: 333248K->137536K(500224K)] 1311178K->1116087K(1898496K), 0.0328592 secs] [Times: user=0.19 sys=0.00, real=0.03 secs] 
5154.602: [GC (Allocation Failure) [PSYoungGen: 447296K->2816K(312832K)] 1425847K->981463K(1711104K), 0.0027423 secs] [Times: user=0.01 sys=0.00, real=0.00 secs] 
5155.604: [GC (Allocation Failure) [PSYoungGen: 312576K->140928K(484352K)] 1291223K->1119575K(1882624K), 0.0290488 secs] [Times: user=0.17 sys=0.00, real=0.03 secs] 
5157.322: [GC (Allocation Failure) [PSYoungGen: 422016K->208864K(489984K)] 1400663K->1215812K(1888256K), 0.0611359 secs] [Times: user=0.37 sys=0.00, real=0.06 secs] 
5159.604: [GC (Allocation Failure) [PSYoungGen: 489952K->108672K(441856K)] 1496900K->1324780K(1840128K), 0.0922602 secs] [Times: user=0.55 sys=0.00, real=0.10 secs] 
5159.696: [Full GC (Ergonomics) [PSYoungGen: 108672K->0K(441856K)] [ParOldGen: 1216108K->122689K(1398272K)] 1324780K->122689K(1840128K), [Metaspace: 59720K->59720K(1105920K)], 0.2737990 secs] [Times: user=1.24 sys=0.00, real=0.27 secs] 
5160.143: [GC (Allocation Failure) [PSYoungGen: 232960K->122240K(465920K)] 355649K->244929K(1864192K), 0.0370424 secs] [Times: user=0.22 sys=0.00, real=0.04 secs] 
5161.445: [GC (Allocation Failure) [PSYoungGen: 355200K->55744K(457216K)] 477889K->300769K(1855488K), 0.1580153 secs] [Times: user=0.94 sys=0.00, real=0.16 secs] 
5163.127: [GC (Allocation Failure) [PSYoungGen: 294336K->113952K(464384K)] 539361K->410386K(1862656K), 0.0374012 secs] [Times: user=0.22 sys=0.01, real=0.03 secs] 
5164.256: [GC (Allocation Failure) [PSYoungGen: 352544K->99840K(458240K)] 648978K->500978K(1856512K), 0.0583559 secs] [Times: user=0.35 sys=0.00, real=0.05 secs] 
5166.476: [GC (Allocation Failure) [PSYoungGen: 356864K->88032K(464384K)] 758002K->588730K(1862656K), 0.0845393 secs] [Times: user=0.50 sys=0.00, real=0.08 secs] 
5166.767: [GC (Allocation Failure) [PSYoungGen: 345056K->126528K(487936K)] 845754K->709395K(1886208K), 0.0519791 secs] [Times: user=0.30 sys=0.01, real=0.05 secs] 
5168.824: [GC (Allocation Failure) [PSYoungGen: 417344K->88832K(489472K)] 1000211K->798111K(1887744K), 0.1356984 secs] [Times: user=0.81 sys=0.00, real=0.14 secs] 
5169.954: [GC (Allocation Failure) [PSYoungGen: 365602K->133440K(494592K)] 1074881K->921860K(1892864K), 0.0474252 secs] [Times: user=0.28 sys=0.00, real=0.05 secs] 
5172.029: [GC (Allocation Failure) [PSYoungGen: 435008K->96352K(496128K)] 1223428K->1009448K(1894400K), 0.1476879 secs] [Times: user=0.88 sys=0.00, real=0.15 secs] 
5173.682: [GC (Allocation Failure) [PSYoungGen: 397920K->144480K(493568K)] 1311016K->1150569K(1891840K), 0.0485333 secs] [Times: user=0.28 sys=0.00, real=0.05 secs] 
5175.322: [GC (Allocation Failure) [PSYoungGen: 450144K->101024K(499200K)] 1456233K->1243065K(1897472K), 0.0649859 secs] [Times: user=0.38 sys=0.00, real=0.07 secs] 
5176.118: [GC (Allocation Failure) [PSYoungGen: 406688K->148064K(498688K)] 1548729K->1388287K(1896960K), 0.0520023 secs] [Times: user=0.31 sys=0.00, real=0.05 secs] 
5176.170: [Full GC (Ergonomics) [PSYoungGen: 148064K->0K(498688K)] [ParOldGen: 1240222K->185324K(1398272K)] 1388287K->185324K(1896960K), [Metaspace: 59720K->59720K(1105920K)], 0.4456537 secs] [Times: user=2.05 sys=0.00, real=0.45 secs] 
5178.790: [GC (Allocation Failure) [PSYoungGen: 311296K->98656K(504832K)] 496620K->283980K(1903104K), 0.0319277 secs] [Times: user=0.19 sys=0.00, real=0.03 secs] 
5179.931: [GC (Allocation Failure) [PSYoungGen: 409952K->148320K(499200K)] 595276K->430538K(1897472K), 0.0713490 secs] [Times: user=0.42 sys=0.00, real=0.07 secs] 
5181.694: [GC (Allocation Failure) [PSYoungGen: 459104K->100928K(504832K)] 741322K->523330K(1903104K), 0.0652210 secs] [Times: user=0.39 sys=0.00, real=0.07 secs] 
5183.289: [GC (GCLocker Initiated GC) [PSYoungGen: 411712K->146272K(501248K)] 834114K->667363K(1899520K), 0.0513609 secs] [Times: user=0.31 sys=0.00, real=0.05 secs] 
5185.060: [GC (Allocation Failure) [PSYoungGen: 458592K->103584K(416256K)] 979686K->762430K(1814528K), 0.0831084 secs] [Times: user=0.50 sys=0.00, real=0.08 secs] 
5186.220: [GC (Allocation Failure) [PSYoungGen: 415904K->147040K(500736K)] 1074750K->907506K(1899008K), 0.0524101 secs] [Times: user=0.31 sys=0.00, real=0.05 secs] 
5187.954: [GC (Allocation Failure) [PSYoungGen: 459872K->106272K(504832K)] 1220338K->1004978K(1903104K), 0.0653135 secs] [Times: user=0.39 sys=0.00, real=0.07 secs] 
5189.640: [GC (Allocation Failure) [PSYoungGen: 419104K->148640K(502272K)] 1317810K->1148395K(1900544K), 0.0715732 secs] [Times: user=0.43 sys=0.00, real=0.07 secs] 
5191.746: [GC (Allocation Failure) [PSYoungGen: 463520K->103008K(506368K)] 1463275K->1243251K(1904640K), 0.0762478 secs] [Times: user=0.45 sys=0.01, real=0.07 secs] 
5194.059: [GC (Allocation Failure) [PSYoungGen: 417888K->147712K(503808K)] 1558131K->1387816K(1902080K), 0.0515297 secs] [Times: user=0.30 sys=0.00, real=0.05 secs] 
5194.111: [Full GC (Ergonomics) [PSYoungGen: 147712K->0K(503808K)] [ParOldGen: 1240104K->185952K(1398272K)] 1387816K->185952K(1902080K), [Metaspace: 59720K->59720K(1105920K)], 0.4446327 secs] [Times: user=2.06 sys=0.00, real=0.45 secs] 
5196.018: [GC (Allocation Failure) [PSYoungGen: 315904K->104224K(420352K)] 501856K->290176K(1818624K), 0.0482266 secs] [Times: user=0.28 sys=0.00, real=0.05 secs] 
5197.757: [GC (Allocation Failure) [PSYoungGen: 420128K->150976K(502272K)] 606080K->437885K(1900544K), 0.0520879 secs] [Times: user=0.31 sys=0.00, real=0.05 secs] 
5199.511: [GC (Allocation Failure) [PSYoungGen: 465856K->103744K(506880K)] 752765K->533197K(1905152K), 0.1682679 secs] [Times: user=1.00 sys=0.00, real=0.17 secs] 
5201.229: [GC (Allocation Failure) [PSYoungGen: 417898K->152832K(500224K)] 847351K->681949K(1898496K), 0.0555188 secs] [Times: user=0.33 sys=0.00, real=0.05 secs] 
5203.600: [GC (Allocation Failure) [PSYoungGen: 464640K->100768K(505344K)] 993757K->774566K(1903616K), 0.1175516 secs] [Times: user=0.70 sys=0.00, real=0.12 secs] 
5205.031: [GC (Allocation Failure) [PSYoungGen: 412576K->148064K(502784K)] 1086374K->918933K(1901056K), 0.0498802 secs] [Times: user=0.30 sys=0.00, real=0.05 secs] 
5208.768: [GC (Allocation Failure) [PSYoungGen: 459872K->97952K(505344K)] 1230741K->1008381K(1903616K), 0.1684358 secs] [Times: user=1.00 sys=0.00, real=0.17 secs] 
5210.053: [GC (Allocation Failure) [PSYoungGen: 409760K->147424K(502784K)] 1320189K->1152683K(1901056K), 0.0684744 secs] [Times: user=0.41 sys=0.00, real=0.07 secs] 
5212.933: [GC (Allocation Failure) [PSYoungGen: 459232K->101312K(505344K)] 1464491K->1245499K(1903616K), 0.0861382 secs] [Times: user=0.51 sys=0.00, real=0.09 secs] 
5214.610: [GC (Allocation Failure) [PSYoungGen: 413120K->148800K(502784K)] 1557307K->1390831K(1901056K), 0.0512407 secs] [Times: user=0.30 sys=0.00, real=0.05 secs] 
5214.661: [Full GC (Ergonomics) [PSYoungGen: 148800K->0K(502784K)] [ParOldGen: 1242031K->189472K(1398272K)] 1390831K->189472K(1901056K), [Metaspace: 59720K->59720K(1105920K)], 0.4573326 secs] [Times: user=2.12 sys=0.00, real=0.46 secs] 
5216.423: [GC (Allocation Failure) [PSYoungGen: 311808K->102240K(505344K)] 501280K->291712K(1903616K), 0.0647503 secs] [Times: user=0.38 sys=0.00, real=0.07 secs] 
5217.474: [GC (Allocation Failure) [PSYoungGen: 414048K->158720K(495616K)] 603520K->446573K(1893888K), 0.0513519 secs] [Times: user=0.30 sys=0.00, real=0.05 secs] 
5219.163: [GC (Allocation Failure) [PSYoungGen: 463360K->100288K(501760K)] 751213K->529965K(1900032K), 0.1507493 secs] [Times: user=0.89 sys=0.01, real=0.15 secs] 
5221.018: [GC (Allocation Failure) [PSYoungGen: 404928K->143520K(500224K)] 834605K->669942K(1898496K), 0.0496693 secs] [Times: user=0.30 sys=0.00, real=0.05 secs] 
5222.191: [GC (Allocation Failure) [PSYoungGen: 448886K->101888K(502272K)] 975309K->763006K(1900544K), 0.0861846 secs] [Times: user=0.51 sys=0.00, real=0.09 secs] 
5224.238: [GC (Allocation Failure) [PSYoungGen: 409088K->142496K(502272K)] 1070206K->903463K(1900544K), 0.0517987 secs] [Times: user=0.31 sys=0.00, real=0.05 secs] 
5226.735: [GC (Allocation Failure) [PSYoungGen: 452768K->102752K(502784K)] 1213735K->997463K(1901056K), 0.0648752 secs] [Times: user=0.38 sys=0.00, real=0.06 secs] 
5228.286: [GC (Allocation Failure) [PSYoungGen: 413024K->143872K(502784K)] 1307735K->1138879K(1901056K), 0.0525271 secs] [Times: user=0.31 sys=0.00, real=0.05 secs] 
5229.481: [GC (Allocation Failure) [PSYoungGen: 457216K->106912K(503808K)] 1452223K->1236727K(1902080K), 0.0643583 secs] [Times: user=0.38 sys=0.01, real=0.06 secs] 
5230.864: [GC (Allocation Failure) [PSYoungGen: 420256K->148352K(502784K)] 1550071K->1383220K(1901056K), 0.0778507 secs] [Times: user=0.46 sys=0.00, real=0.08 secs] 
5230.942: [Full GC (Ergonomics) [PSYoungGen: 148352K->0K(502784K)] [ParOldGen: 1234868K->181863K(1398272K)] 1383220K->181863K(1901056K), [Metaspace: 59720K->59720K(1105920K)], 0.4410123 secs] [Times: user=2.06 sys=0.01, real=0.44 secs] 
5233.719: [GC (Allocation Failure) [PSYoungGen: 315904K->101344K(505856K)] 497767K->283208K(1904128K), 0.0328536 secs] [Times: user=0.19 sys=0.00, real=0.03 secs] 
5234.988: [GC (Allocation Failure) [PSYoungGen: 417248K->157152K(498688K)] 599112K->438183K(1896960K), 0.0522184 secs] [Times: user=0.30 sys=0.00, real=0.05 secs] 
5237.317: [GC (Allocation Failure) [PSYoungGen: 467936K->106208K(504832K)] 748967K->527479K(1903104K), 0.0651033 secs] [Times: user=0.38 sys=0.00, real=0.06 secs] 
5238.743: [GC (Allocation Failure) [PSYoungGen: 416992K->144704K(504320K)] 838263K->666600K(1902592K), 0.0512884 secs] [Times: user=0.30 sys=0.01, real=0.05 secs] 
5240.636: [GC (Allocation Failure) [PSYoungGen: 459072K->107808K(505856K)] 980968K->764880K(1904128K), 0.0642969 secs] [Times: user=0.38 sys=0.00, real=0.06 secs] 
5241.532: [GC (Allocation Failure) [PSYoungGen: 422176K->151456K(502272K)] 1079248K->913689K(1900544K), 0.0536235 secs] [Times: user=0.32 sys=0.00, real=0.05 secs] 
5243.632: [GC (Allocation Failure) [PSYoungGen: 465312K->100032K(505856K)] 1227545K->1005641K(1904128K), 0.0741275 secs] [Times: user=0.44 sys=0.00, real=0.08 secs] 
5245.200: [GC (Allocation Failure) [PSYoungGen: 413888K->150144K(502784K)] 1319497K->1152322K(1901056K), 0.0519386 secs] [Times: user=0.27 sys=0.00, real=0.05 secs] 
5247.521: [GC (Allocation Failure) [PSYoungGen: 462976K->100992K(505856K)] 1465154K->1244694K(1904128K), 0.0681540 secs] [Times: user=0.41 sys=0.00, real=0.07 secs] 
5248.479: [GC (Allocation Failure) [PSYoungGen: 413824K->150592K(501760K)] 1557526K->1391839K(1900032K), 0.0528217 secs] [Times: user=0.31 sys=0.00, real=0.05 secs] 
5248.532: [Full GC (Ergonomics) [PSYoungGen: 150592K->0K(501760K)] [ParOldGen: 1241247K->190177K(1398272K)] 1391839K->190177K(1900032K), [Metaspace: 59720K->59720K(1105920K)], 0.4537115 secs] [Times: user=2.10 sys=0.00, real=0.46 secs] 
5250.506: [GC (Allocation Failure) [PSYoungGen: 310784K->99136K(504832K)] 500961K->289313K(1903104K), 0.0815177 secs] [Times: user=0.48 sys=0.01, real=0.08 secs] 
5251.729: [GC (Allocation Failure) [PSYoungGen: 409920K->149056K(501760K)] 600097K->434846K(1900032K), 0.0496458 secs] [Times: user=0.29 sys=0.00, real=0.05 secs] 
5253.765: [GC (Allocation Failure) [PSYoungGen: 458816K->100320K(504320K)] 744606K->526806K(1902592K), 0.0653206 secs] [Times: user=0.39 sys=0.00, real=0.07 secs] 
5255.061: [GC (Allocation Failure) [PSYoungGen: 410080K->147136K(502272K)] 836566K->670931K(1900544K), 0.0505090 secs] [Times: user=0.30 sys=0.00, real=0.05 secs] 
5258.235: [GC (Allocation Failure) [PSYoungGen: 457408K->99584K(504320K)] 981203K->762327K(1902592K), 0.0641175 secs] [Times: user=0.38 sys=0.00, real=0.07 secs] 
5259.556: [GC (Allocation Failure) [PSYoungGen: 409856K->148256K(502784K)] 1072599K->908997K(1901056K), 0.0847856 secs] [Times: user=0.50 sys=0.00, real=0.08 secs] 
5261.397: [GC (Allocation Failure) [PSYoungGen: 459040K->102464K(413696K)] 1219781K->1003333K(1811968K), 0.0935106 secs] [Times: user=0.56 sys=0.00, real=0.09 secs] 
5262.930: [GC (Allocation Failure) [PSYoungGen: 413248K->147584K(502272K)] 1314117K->1147685K(1900544K), 0.0515649 secs] [Times: user=0.31 sys=0.00, real=0.05 secs] 
5265.720: [GC (Allocation Failure) [PSYoungGen: 458368K->101184K(504320K)] 1458469K->1240194K(1902592K), 0.1150539 secs] [Times: user=0.61 sys=0.00, real=0.11 secs] 
5268.138: [GC (Allocation Failure) [PSYoungGen: 411968K->143648K(504320K)] 1550978K->1381426K(1902592K), 0.0519304 secs] [Times: user=0.30 sys=0.00, real=0.05 secs] 
5268.190: [Full GC (Ergonomics) [PSYoungGen: 143648K->0K(504320K)] [ParOldGen: 1237778K->179379K(1398272K)] 1381426K->179379K(1902592K), [Metaspace: 59720K->59720K(1105920K)], 0.4273142 secs] [Times: user=1.98 sys=0.00, real=0.43 secs] 
5269.697: [GC (Allocation Failure) [PSYoungGen: 313344K->106624K(504832K)] 492723K->286003K(1903104K), 0.0339692 secs] [Times: user=0.20 sys=0.00, real=0.03 secs] 
5271.374: [GC (GCLocker Initiated GC) [PSYoungGen: 419968K->145568K(503296K)] 599347K->429929K(1901568K), 0.0814230 secs] [Times: user=0.49 sys=0.00, real=0.09 secs] 
5273.803: [GC (Allocation Failure) [PSYoungGen: 460448K->103328K(504832K)] 744811K->524715K(1903104K), 0.0995957 secs] [Times: user=0.59 sys=0.00, real=0.10 secs] 
5275.692: [GC (Allocation Failure) [PSYoungGen: 418208K->148416K(504832K)] 839595K->670216K(1903104K), 0.0512983 secs] [Times: user=0.30 sys=0.00, real=0.05 secs] 
5277.418: [GC (Allocation Failure) [PSYoungGen: 465856K->105952K(507904K)] 987656K->767448K(1906176K), 0.0670881 secs] [Times: user=0.40 sys=0.00, real=0.07 secs] 
5278.652: [GC (Allocation Failure) [PSYoungGen: 423392K->149856K(505344K)] 1084888K->914066K(1903616K), 0.0527469 secs] [Times: user=0.31 sys=0.00, real=0.05 secs] 
5281.866: [GC (Allocation Failure) [PSYoungGen: 467808K->104320K(508416K)] 1232018K->1009706K(1906688K), 0.1009638 secs] [Times: user=0.60 sys=0.01, real=0.10 secs] 
5283.187: [GC (Allocation Failure) [PSYoungGen: 422272K->150848K(503808K)] 1327658K->1156911K(1902080K), 0.0518288 secs] [Times: user=0.30 sys=0.00, real=0.05 secs] 
5285.501: [GC (Allocation Failure) [PSYoungGen: 466752K->105600K(507392K)] 1472815K->1253835K(1905664K), 0.0783156 secs] [Times: user=0.47 sys=0.00, real=0.08 secs] 
5286.148: [GC (Allocation Failure) [PSYoungGen: 413965K->148544K(505344K)] 1562200K->1398920K(1903616K), 0.0518506 secs] [Times: user=0.29 sys=0.00, real=0.05 secs] 
5286.200: [Full GC (Ergonomics) [PSYoungGen: 148544K->0K(505344K)] [ParOldGen: 1250376K->195758K(1398272K)] 1398920K->195758K(1903616K), [Metaspace: 59720K->59720K(1105920K)], 0.4663344 secs] [Times: user=2.07 sys=0.00, real=0.47 secs] 
5288.479: [GC (Allocation Failure) [PSYoungGen: 316928K->102688K(507904K)] 512686K->298446K(1906176K), 0.0836790 secs] [Times: user=0.50 sys=0.00, real=0.08 secs] 
5289.940: [GC (Allocation Failure) [PSYoungGen: 412415K->148096K(505856K)] 608174K->442792K(1904128K), 0.0808664 secs] [Times: user=0.48 sys=0.00, real=0.08 secs] 
5292.726: [GC (Allocation Failure) [PSYoungGen: 465024K->101344K(507904K)] 759720K->535928K(1906176K), 0.1452039 secs] [Times: user=0.87 sys=0.00, real=0.14 secs] 
5294.309: [GC (Allocation Failure) [PSYoungGen: 414598K->149440K(503808K)] 849183K->681753K(1902080K), 0.0502281 secs] [Times: user=0.30 sys=0.00, real=0.05 secs] 
5296.635: [GC (Allocation Failure) [PSYoungGen: 464320K->103040K(506880K)] 996633K->776197K(1905152K), 0.1361655 secs] [Times: user=0.76 sys=0.00, real=0.14 secs] 
5299.108: [GC (Allocation Failure) [PSYoungGen: 417920K->147744K(505344K)] 1091077K->920118K(1903616K), 0.0506347 secs] [Times: user=0.30 sys=0.00, real=0.05 secs] 
5301.194: [GC (Allocation Failure) [PSYoungGen: 463648K->105248K(421376K)] 1236022K->1016550K(1819648K), 0.1753430 secs] [Times: user=1.04 sys=0.00, real=0.18 secs] 
5302.065: [GC (Allocation Failure) [PSYoungGen: 414494K->145600K(505856K)] 1325797K->1158901K(1904128K), 0.0512086 secs] [Times: user=0.31 sys=0.00, real=0.06 secs] 
5305.903: [GC (Allocation Failure) [PSYoungGen: 462528K->104288K(506880K)] 1475829K->1254469K(1905152K), 0.1689691 secs] [Times: user=1.00 sys=0.00, real=0.17 secs] 
5308.068: [GC (Allocation Failure) [PSYoungGen: 414281K->146528K(506368K)] 1564463K->1397371K(1904640K), 0.0515165 secs] [Times: user=0.30 sys=0.00, real=0.05 secs] 
5308.119: [Full GC (Ergonomics) [PSYoungGen: 146528K->0K(506368K)] [ParOldGen: 1250843K->196310K(1398272K)] 1397371K->196310K(1904640K), [Metaspace: 59720K->59720K(1105920K)], 0.4748000 secs] [Times: user=2.20 sys=0.00, real=0.47 secs] 
5310.432: [GC (Allocation Failure) [PSYoungGen: 318464K->104288K(507904K)] 514774K->300598K(1906176K), 0.0954655 secs] [Times: user=0.52 sys=0.00, real=0.10 secs] 
5311.531: [GC (Allocation Failure) [PSYoungGen: 412373K->146848K(506368K)] 608683K->443279K(1904640K), 0.0494407 secs] [Times: user=0.29 sys=0.01, real=0.05 secs] 
5313.517: [GC (Allocation Failure) [PSYoungGen: 466336K->105984K(508416K)] 762767K->540503K(1906688K), 0.0965017 secs] [Times: user=0.57 sys=0.00, real=0.09 secs] 
5314.065: [GC (Allocation Failure) [PSYoungGen: 414631K->145568K(507904K)] 849151K->682636K(1906176K), 0.0510435 secs] [Times: user=0.30 sys=0.00, real=0.06 secs] 
5316.771: [GC (Allocation Failure) [PSYoungGen: 467104K->107456K(509440K)] 1004172K->781076K(1907712K), 0.1427556 secs] [Times: user=0.85 sys=0.01, real=0.14 secs] 
5317.500: [GC (Allocation Failure) [PSYoungGen: 428992K->155104K(503296K)] 1102612K->933025K(1901568K), 0.0559164 secs] [Times: user=0.34 sys=0.00, real=0.06 secs] 
5320.678: [GC (Allocation Failure) [PSYoungGen: 473056K->94336K(508416K)] 1250977K->1027521K(1906688K), 0.1398926 secs] [Times: user=0.83 sys=0.00, real=0.14 secs] 
5321.952: [GC (Allocation Failure) [PSYoungGen: 412288K->156416K(498688K)] 1345473K->1177961K(1896960K), 0.0620614 secs] [Times: user=0.37 sys=0.00, real=0.06 secs] 
5324.957: [GC (Allocation Failure) [PSYoungGen: 465152K->88032K(503808K)] 1486697K->1266146K(1902080K), 0.1628531 secs] [Times: user=0.97 sys=0.00, real=0.16 secs] 
5325.570: [GC (Allocation Failure) [PSYoungGen: 396768K->153472K(495616K)] 1574882K->1414282K(1893888K), 0.0535393 secs] [Times: user=0.31 sys=0.00, real=0.05 secs] 
5325.624: [Full GC (Ergonomics) [PSYoungGen: 153472K->0K(495616K)] [ParOldGen: 1260810K->212191K(1398272K)] 1414282K->212191K(1893888K), [Metaspace: 59720K->59720K(1105920K)], 0.4961729 secs] [Times: user=2.30 sys=0.01, real=0.50 secs] 
5328.783: [GC (Allocation Failure) [PSYoungGen: 300544K->84032K(499712K)] 512735K->296223K(1897984K), 0.1301154 secs] [Times: user=0.77 sys=0.00, real=0.13 secs] 
5329.989: [GC (Allocation Failure) [PSYoungGen: 380290K->142656K(499712K)] 592481K->434274K(1897984K), 0.0463390 secs] [Times: user=0.28 sys=0.00, real=0.05 secs] 
5331.449: [GC (Allocation Failure) [PSYoungGen: 443200K->96512K(397312K)] 734818K->522170K(1795584K), 0.0921996 secs] [Times: user=0.54 sys=0.00, real=0.09 secs] 
5332.415: [GC (Allocation Failure) [PSYoungGen: 397056K->151296K(493056K)] 822714K->669964K(1891328K), 0.0495240 secs] [Times: user=0.28 sys=0.01, real=0.05 secs] 
5334.888: [GC (Allocation Failure) [PSYoungGen: 448256K->97888K(496640K)] 966924K->750404K(1894912K), 0.0792584 secs] [Times: user=0.47 sys=0.00, real=0.08 secs] 
5336.181: [GC (Allocation Failure) [PSYoungGen: 394848K->139808K(497664K)] 1047364K->888073K(1895936K), 0.0497694 secs] [Times: user=0.30 sys=0.00, real=0.05 secs] 
5338.114: [GC (Allocation Failure) [PSYoungGen: 442400K->100384K(498688K)] 1190665K->979305K(1896960K), 0.0636963 secs] [Times: user=0.38 sys=0.00, real=0.07 secs] 
5339.419: [GC (Allocation Failure) [PSYoungGen: 402976K->142112K(500224K)] 1281897K->1120659K(1898496K), 0.0697611 secs] [Times: user=0.41 sys=0.01, real=0.07 secs] 
5341.829: [GC (Allocation Failure) [PSYoungGen: 449312K->101408K(500736K)] 1427859K->1213875K(1899008K), 0.0669929 secs] [Times: user=0.40 sys=0.00, real=0.07 secs] 
5343.214: [GC (Allocation Failure) [PSYoungGen: 408608K->151008K(498176K)] 1521075K->1364213K(1896448K), 0.0556108 secs] [Times: user=0.33 sys=0.00, real=0.06 secs] 
5345.514: [GC (Allocation Failure) [PSYoungGen: 459232K->104352K(502272K)] 1672437K->1452229K(1900544K), 0.0660409 secs] [Times: user=0.39 sys=0.00, real=0.07 secs] 
5345.580: [Full GC (Ergonomics) [PSYoungGen: 104352K->0K(502272K)] [ParOldGen: 1347877K->20489K(1398272K)] 1452229K->20489K(1900544K), [Metaspace: 59723K->59723K(1105920K)], 0.0388409 secs] [Times: user=0.10 sys=0.00, real=0.04 secs] 
5347.094: [GC (Allocation Failure) [PSYoungGen: 308224K->140544K(504320K)] 328713K->161033K(1902592K), 0.0276400 secs] [Times: user=0.16 sys=0.00, real=0.03 secs] 
5348.861: [GC (Allocation Failure) [PSYoungGen: 454912K->107872K(504832K)] 475401K->260425K(1903104K), 0.0640982 secs] [Times: user=0.38 sys=0.00, real=0.06 secs] 
5349.918: [GC (Allocation Failure) [PSYoungGen: 422240K->144128K(503808K)] 574793K->403823K(1902080K), 0.0525718 secs] [Times: user=0.31 sys=0.00, real=0.05 secs] 
5351.979: [GC (Allocation Failure) [PSYoungGen: 461056K->108352K(505344K)] 720751K->503431K(1903616K), 0.0660492 secs] [Times: user=0.38 sys=0.01, real=0.06 secs] 
5353.436: [GC (Allocation Failure) [PSYoungGen: 425280K->146656K(505856K)] 820359K->648384K(1904128K), 0.0535006 secs] [Times: user=0.31 sys=0.01, real=0.05 secs] 
5355.509: [GC (Allocation Failure) [PSYoungGen: 467680K->110176K(508416K)] 969408K->749672K(1906688K), 0.0661479 secs] [Times: user=0.40 sys=0.01, real=0.06 secs] 
5357.146: [GC (Allocation Failure) [PSYoungGen: 431200K->147264K(507904K)] 1070696K->894477K(1906176K), 0.0544987 secs] [Times: user=0.32 sys=0.00, real=0.05 secs] 
5358.876: [GC (Allocation Failure) [PSYoungGen: 471360K->110976K(510464K)] 1218573K->996229K(1908736K), 0.1327457 secs] [Times: user=0.79 sys=0.00, real=0.13 secs] 
5360.392: [GC (Allocation Failure) [PSYoungGen: 435072K->153600K(506368K)] 1320325K->1146759K(1904640K), 0.0552271 secs] [Times: user=0.33 sys=0.00, real=0.06 secs] 
5362.384: [GC (Allocation Failure) [PSYoungGen: 476672K->106784K(510976K)] 1469831K->1245055K(1909248K), 0.1706262 secs] [Times: user=1.01 sys=0.00, real=0.17 secs] 
5363.134: [GC (Allocation Failure) [PSYoungGen: 419625K->149568K(507392K)] 1557897K->1391545K(1905664K), 0.0533499 secs] [Times: user=0.31 sys=0.01, real=0.06 secs] 
5363.187: [Full GC (Ergonomics) [PSYoungGen: 149568K->0K(507392K)] [ParOldGen: 1241977K->195924K(1398272K)] 1391545K->195924K(1905664K), [Metaspace: 59723K->59723K(1105920K)], 0.4750829 secs] [Times: user=2.21 sys=0.00, real=0.47 secs] 
5366.380: [GC (Allocation Failure) [PSYoungGen: 322048K->103008K(510464K)] 517972K->298932K(1908736K), 0.0984396 secs] [Times: user=0.58 sys=0.00, real=0.10 secs] 
5368.526: [GC (Allocation Failure) [PSYoungGen: 414226K->148224K(507392K)] 610150K->442949K(1905664K), 0.0497370 secs] [Times: user=0.29 sys=0.00, real=0.05 secs] 
5370.342: [GC (Allocation Failure) [PSYoungGen: 469248K->103776K(509952K)] 763973K->538157K(1908224K), 0.1485914 secs] [Times: user=0.88 sys=0.00, real=0.15 secs] 
5371.904: [GC (Allocation Failure) [PSYoungGen: 414337K->147968K(507904K)] 848718K->681650K(1906176K), 0.0501595 secs] [Times: user=0.29 sys=0.00, real=0.05 secs] 
5373.584: [GC (Allocation Failure) [PSYoungGen: 468992K->110496K(431616K)] 1002674K->783234K(1829888K), 0.1596484 secs] [Times: user=0.94 sys=0.02, real=0.16 secs] 
5374.208: [GC (Allocation Failure) [PSYoungGen: 431520K->155936K(502784K)] 1104258K->935139K(1901056K), 0.0540983 secs] [Times: user=0.32 sys=0.00, real=0.05 secs] 
5377.440: [GC (Allocation Failure) [PSYoungGen: 472864K->91392K(408576K)] 1252067K->1026331K(1806848K), 0.1753144 secs] [Times: user=1.04 sys=0.01, real=0.17 secs] 
5378.116: [GC (Allocation Failure) [PSYoungGen: 408320K->156736K(497152K)] 1343259K->1176482K(1895424K), 0.0554393 secs] [Times: user=0.33 sys=0.00, real=0.05 secs] 
5380.660: [GC (Allocation Failure) [PSYoungGen: 462400K->87840K(502272K)] 1482146K->1263770K(1900544K), 0.1529475 secs] [Times: user=0.91 sys=0.01, real=0.15 secs] 
5381.155: [GC (Allocation Failure) [PSYoungGen: 393504K->151456K(497152K)] 1569434K->1408923K(1895424K), 0.0545786 secs] [Times: user=0.32 sys=0.00, real=0.06 secs] 
5381.210: [Full GC (Ergonomics) [PSYoungGen: 151456K->0K(497152K)] [ParOldGen: 1257467K->208730K(1398272K)] 1408923K->208730K(1895424K), [Metaspace: 59723K->59723K(1105920K)], 0.4939233 secs] [Times: user=2.31 sys=0.00, real=0.49 secs] 
5384.254: [GC (Allocation Failure) [PSYoungGen: 300544K->84096K(499712K)] 509274K->292826K(1897984K), 0.1680961 secs] [Times: user=0.99 sys=0.00, real=0.17 secs] 
5385.407: [GC (Allocation Failure) [PSYoungGen: 384640K->145216K(497664K)] 593370K->434099K(1895936K), 0.0469121 secs] [Times: user=0.27 sys=0.01, real=0.04 secs] 
5387.208: [GC (Allocation Failure) [PSYoungGen: 443712K->94016K(392704K)] 732595K->519267K(1790976K), 0.1104815 secs] [Times: user=0.66 sys=0.00, real=0.11 secs] 
5388.384: [GC (Allocation Failure) [PSYoungGen: 392512K->144704K(496128K)] 817763K->660924K(1894400K), 0.0488788 secs] [Times: user=0.28 sys=0.00, real=0.05 secs] 
5389.832: [GC (Allocation Failure) [PSYoungGen: 443200K->97664K(497152K)] 959420K->750300K(1895424K), 0.0742607 secs] [Times: user=0.44 sys=0.00, real=0.08 secs] 
5392.352: [GC (Allocation Failure) [PSYoungGen: 396160K->139072K(498688K)] 1048796K->887053K(1896960K), 0.0506665 secs] [Times: user=0.30 sys=0.00, real=0.05 secs] 
5393.590: [GC (Allocation Failure) [PSYoungGen: 442176K->101504K(498176K)] 1190157K->979837K(1896448K), 0.0728879 secs] [Times: user=0.44 sys=0.00, real=0.07 secs] 
5396.154: [GC (Allocation Failure) [PSYoungGen: 404608K->139456K(499712K)] 1282941K->1117193K(1897984K), 0.0514677 secs] [Times: user=0.31 sys=0.00, real=0.05 secs] 
5397.326: [GC (Allocation Failure) [PSYoungGen: 447680K->105152K(499712K)] 1425417K->1213417K(1897984K), 0.0688530 secs] [Times: user=0.40 sys=0.00, real=0.06 secs] 
5399.836: [GC (Allocation Failure) [PSYoungGen: 413376K->139904K(502784K)] 1521641K->1351454K(1901056K), 0.0531535 secs] [Times: user=0.31 sys=0.00, real=0.05 secs] 
5401.077: [GC (Allocation Failure) [PSYoungGen: 455296K->109024K(503296K)] 1666846K->1451510K(1901568K), 0.0655769 secs] [Times: user=0.39 sys=0.00, real=0.06 secs] 
5401.143: [Full GC (Ergonomics) [PSYoungGen: 109024K->0K(503296K)] [ParOldGen: 1342486K->20493K(1398272K)] 1451510K->20493K(1901568K), [Metaspace: 59723K->59723K(1105920K)], 0.0329734 secs] [Times: user=0.09 sys=0.00, real=0.04 secs] 
5402.900: [GC (Allocation Failure) [PSYoungGen: 315392K->144384K(505344K)] 335885K->164877K(1903616K), 0.0283818 secs] [Times: user=0.17 sys=0.00, real=0.03 secs] 
5404.625: [GC (Allocation Failure) [PSYoungGen: 465920K->109888K(507392K)] 486413K->266097K(1905664K), 0.0657406 secs] [Times: user=0.39 sys=0.00, real=0.07 secs] 
5406.719: [GC (Allocation Failure) [PSYoungGen: 431424K->146784K(508416K)] 587633K->410902K(1906688K), 0.0534553 secs] [Times: user=0.32 sys=0.00, real=0.05 secs] 
5407.897: [GC (Allocation Failure) [PSYoungGen: 472928K->113920K(511488K)] 737046K->515714K(1909760K), 0.0664009 secs] [Times: user=0.39 sys=0.00, real=0.06 secs] 
5409.684: [GC (Allocation Failure) [PSYoungGen: 440064K->151776K(507904K)] 841858K->664967K(1906176K), 0.0549359 secs] [Times: user=0.33 sys=0.00, real=0.06 secs] 
5411.716: [GC (Allocation Failure) [PSYoungGen: 478432K->110976K(512512K)] 991623K->767195K(1910784K), 0.1051499 secs] [Times: user=0.62 sys=0.00, real=0.10 secs] 
5412.543: [GC (Allocation Failure) [PSYoungGen: 437632K->158368K(503296K)] 1093851K->922044K(1901568K), 0.0548409 secs] [Times: user=0.32 sys=0.00, real=0.06 secs] 
5415.455: [GC (Allocation Failure) [PSYoungGen: 479392K->96224K(509952K)] 1243068K->1017980K(1908224K), 0.1468820 secs] [Times: user=0.87 sys=0.00, real=0.15 secs] 
5416.231: [GC (Allocation Failure) [PSYoungGen: 417248K->157312K(499200K)] 1339004K->1170206K(1897472K), 0.0706102 secs] [Times: user=0.43 sys=0.00, real=0.07 secs] 
5420.109: [GC (Allocation Failure) [PSYoungGen: 468096K->87776K(398848K)] 1480990K->1258086K(1797120K), 0.1572266 secs] [Times: user=0.93 sys=0.01, real=0.16 secs] 
5420.634: [GC (Allocation Failure) [PSYoungGen: 398560K->152736K(497152K)] 1568870K->1404935K(1895424K), 0.0535516 secs] [Times: user=0.32 sys=0.00, real=0.06 secs] 
5420.687: [Full GC (Ergonomics) [PSYoungGen: 152736K->0K(497152K)] [ParOldGen: 1252199K->210810K(1398272K)] 1404935K->210810K(1895424K), [Metaspace: 59726K->59726K(1105920K)], 0.5016100 secs] [Times: user=2.34 sys=0.00, real=0.50 secs] 
5424.113: [GC (Allocation Failure) [PSYoungGen: 302592K->85600K(500736K)] 513402K->296410K(1899008K), 0.1448696 secs] [Times: user=0.85 sys=0.01, real=0.15 secs] 
5425.045: [GC (Allocation Failure) [PSYoungGen: 376834K->142400K(499712K)] 587644K->434706K(1897984K), 0.0479966 secs] [Times: user=0.28 sys=0.00, real=0.05 secs] 
5426.885: [GC (Allocation Failure) [PSYoungGen: 444992K->96576K(399360K)] 737298K->522711K(1797632K), 0.1428631 secs] [Times: user=0.85 sys=0.01, real=0.15 secs] 
5428.642: [GC (Allocation Failure) [PSYoungGen: 399168K->145184K(497664K)] 825303K->663923K(1895936K), 0.0490768 secs] [Times: user=0.30 sys=0.01, real=0.05 secs] 
5429.957: [GC (Allocation Failure) [PSYoungGen: 447776K->100288K(499200K)] 966515K->755503K(1897472K), 0.0771809 secs] [Times: user=0.41 sys=0.00, real=0.07 secs] 
5431.992: [GC (Allocation Failure) [PSYoungGen: 402880K->141728K(500736K)] 1058095K->893913K(1899008K), 0.0502384 secs] [Times: user=0.30 sys=0.00, real=0.05 secs] 
5433.170: [GC (Allocation Failure) [PSYoungGen: 448928K->104992K(500736K)] 1201113K->990009K(1899008K), 0.0637886 secs] [Times: user=0.38 sys=0.00, real=0.06 secs] 
5434.551: [GC (Allocation Failure) [PSYoungGen: 412192K->144288K(500224K)] 1297209K->1131646K(1898496K), 0.1051118 secs] [Times: user=0.63 sys=0.00, real=0.11 secs] 
5436.700: [GC (Allocation Failure) [PSYoungGen: 454560K->100192K(501760K)] 1441918K->1223694K(1900032K), 0.0647641 secs] [Times: user=0.39 sys=0.00, real=0.06 secs] 
5438.312: [GC (Allocation Failure) [PSYoungGen: 410464K->148032K(503296K)] 1533966K->1369436K(1901568K), 0.0521838 secs] [Times: user=0.31 sys=0.01, real=0.05 secs] 
5438.364: [Full GC (Ergonomics) [PSYoungGen: 148032K->0K(503296K)] [ParOldGen: 1221404K->176512K(1398272K)] 1369436K->176512K(1901568K), [Metaspace: 59726K->59726K(1105920K)], 0.4214375 secs] [Times: user=1.94 sys=0.00, real=0.42 secs] 
5440.152: [GC (Allocation Failure) [PSYoungGen: 314368K->103488K(506368K)] 490880K->280000K(1904640K), 0.0341712 secs] [Times: user=0.20 sys=0.00, real=0.04 secs] 
5442.445: [GC (Allocation Failure) [PSYoungGen: 417856K->147200K(503296K)] 594368K->424765K(1901568K), 0.0529752 secs] [Times: user=0.31 sys=0.00, real=0.05 secs] 
5444.240: [GC (Allocation Failure) [PSYoungGen: 462080K->108640K(506368K)] 739645K->524733K(1904640K), 0.0658405 secs] [Times: user=0.40 sys=0.01, real=0.07 secs] 
5446.113: [GC (Allocation Failure) [PSYoungGen: 423520K->144640K(504832K)] 839613K->667145K(1903104K), 0.0533850 secs] [Times: user=0.32 sys=0.01, real=0.06 secs] 
5448.617: [GC (Allocation Failure) [PSYoungGen: 462080K->107136K(506368K)] 984585K->765049K(1904640K), 0.0644203 secs] [Times: user=0.38 sys=0.00, real=0.06 secs] 
5451.097: [GC (Allocation Failure) [PSYoungGen: 424576K->148640K(505344K)] 1082489K->910671K(1903616K), 0.0529883 secs] [Times: user=0.31 sys=0.00, real=0.05 secs] 
5453.491: [GC (GCLocker Initiated GC) [PSYoungGen: 468128K->104896K(508416K)] 1230160K->1007056K(1906688K), 0.1348528 secs] [Times: user=0.79 sys=0.01, real=0.14 secs] 
5455.502: [GC (Allocation Failure) [PSYoungGen: 424384K->151040K(505344K)] 1326595K->1154240K(1903616K), 0.0517829 secs] [Times: user=0.31 sys=0.00, real=0.05 secs] 
5457.051: [GC (GCLocker Initiated GC) [PSYoungGen: 470016K->108672K(508928K)] 1473217K->1254057K(1907200K), 0.1051420 secs] [Times: user=0.54 sys=0.01, real=0.11 secs] 
5458.314: [GC (Allocation Failure) [PSYoungGen: 427648K->140960K(507392K)] 1589420K->1407804K(1905664K), 0.2082683 secs] [Times: user=1.25 sys=0.00, real=0.21 secs] 
5458.522: [Full GC (Ergonomics) [PSYoungGen: 140960K->0K(507392K)] [ParOldGen: 1266844K->205831K(1398272K)] 1407804K->205831K(1905664K), [Metaspace: 59726K->59726K(1105920K)], 0.4196639 secs] [Times: user=1.83 sys=0.00, real=0.42 secs] 
5460.752: [GC (Allocation Failure) [PSYoungGen: 322048K->99808K(508416K)] 527879K->305639K(1906688K), 0.1539106 secs] [Times: user=0.91 sys=0.01, real=0.16 secs] 
5461.472: [GC (Allocation Failure) [PSYoungGen: 421856K->158336K(500736K)] 627687K->458052K(1899008K), 0.0568023 secs] [Times: user=0.34 sys=0.00, real=0.06 secs] 
5464.536: [GC (Allocation Failure) [PSYoungGen: 474240K->90304K(507392K)] 773956K->548240K(1905664K), 0.1512249 secs] [Times: user=0.90 sys=0.01, real=0.15 secs] 
5465.118: [GC (Allocation Failure) [PSYoungGen: 406208K->155264K(497152K)] 864144K->697493K(1895424K), 0.0545923 secs] [Times: user=0.32 sys=0.00, real=0.05 secs] 
5467.410: [GC (Allocation Failure) [PSYoungGen: 460928K->89632K(502272K)] 1003157K->786697K(1900544K), 0.1644630 secs] [Times: user=0.97 sys=0.00, real=0.16 secs] 
5467.904: [GC (Allocation Failure) [PSYoungGen: 395296K->152320K(495616K)] 1092361K->932673K(1893888K), 0.0530228 secs] [Times: user=0.31 sys=0.00, real=0.06 secs] 
5470.082: [GC (Allocation Failure) [PSYoungGen: 451840K->86784K(499200K)] 1232193K->1019338K(1897472K), 0.1290291 secs] [Times: user=0.77 sys=0.00, real=0.13 secs] 
5470.883: [GC (Allocation Failure) [PSYoungGen: 386304K->146016K(497152K)] 1318858K->1159963K(1895424K), 0.1014339 secs] [Times: user=0.60 sys=0.01, real=0.10 secs] 
5473.813: [GC (Allocation Failure) [PSYoungGen: 444512K->86016K(498688K)] 1458459K->1246007K(1896960K), 0.1704061 secs] [Times: user=1.01 sys=0.00, real=0.17 secs] 
5476.063: [GC (Allocation Failure) [PSYoungGen: 384512K->141888K(498176K)] 1544503K->1384044K(1896448K), 0.0487041 secs] [Times: user=0.29 sys=0.00, real=0.05 secs] 
5476.112: [Full GC (Ergonomics) [PSYoungGen: 141888K->0K(498176K)] [ParOldGen: 1242156K->190743K(1398272K)] 1384044K->190743K(1896448K), [Metaspace: 59726K->59706K(1105920K)], 0.4703136 secs] [Times: user=2.16 sys=0.00, real=0.47 secs] 
5477.665: [GC (Allocation Failure) [PSYoungGen: 299520K->96832K(396800K)] 490263K->287575K(1795072K), 0.0308717 secs] [Times: user=0.18 sys=0.00, real=0.04 secs] 
5479.579: [GC (Allocation Failure) [PSYoungGen: 396352K->140928K(497152K)] 587095K->424648K(1895424K), 0.0480506 secs] [Times: user=0.29 sys=0.00, real=0.05 secs] 
5480.771: [GC (Allocation Failure) [PSYoungGen: 441984K->102848K(497152K)] 725704K->518008K(1895424K), 0.0622937 secs] [Times: user=0.37 sys=0.00, real=0.06 secs] 
5481.528: [GC (Allocation Failure) [PSYoungGen: 403904K->141824K(497664K)] 819064K->658225K(1895936K), 0.0515768 secs] [Times: user=0.30 sys=0.00, real=0.05 secs] 
5483.844: [GC (Allocation Failure) [PSYoungGen: 447488K->99680K(498688K)] 963889K->749721K(1896960K), 0.0641644 secs] [Times: user=0.38 sys=0.00, real=0.07 secs] 
5485.701: [GC (Allocation Failure) [PSYoungGen: 405344K->141024K(502272K)] 1055385K->888835K(1900544K), 0.0507694 secs] [Times: user=0.30 sys=0.01, real=0.05 secs] 
5487.281: [GC (Allocation Failure) [PSYoungGen: 453856K->106208K(503296K)] 1201667K->986307K(1901568K), 0.0654175 secs] [Times: user=0.39 sys=0.00, real=0.07 secs] 
5488.554: [GC (GCLocker Initiated GC) [PSYoungGen: 419040K->146304K(502272K)] 1299140K->1130961K(1900544K), 0.0535534 secs] [Times: user=0.32 sys=0.00, real=0.06 secs] 
5490.328: [GC (Allocation Failure) [PSYoungGen: 462208K->107392K(505344K)] 1446867K->1229867K(1903616K), 0.0761192 secs] [Times: user=0.45 sys=0.00, real=0.07 secs] 
5492.778: [GC (Allocation Failure) [PSYoungGen: 423296K->144576K(506368K)] 1545771K->1371728K(1904640K), 0.0533502 secs] [Times: user=0.31 sys=0.01, real=0.05 secs] 
5492.831: [Full GC (Ergonomics) [PSYoungGen: 144576K->0K(506368K)] [ParOldGen: 1227152K->169751K(1398272K)] 1371728K->169751K(1904640K), [Metaspace: 59706K->59706K(1105920K)], 0.4052489 secs] [Times: user=1.88 sys=0.00, real=0.41 secs] 
5494.319: [GC (Allocation Failure) [PSYoungGen: 321024K->111712K(508416K)] 490775K->281463K(1906688K), 0.0357068 secs] [Times: user=0.21 sys=0.00, real=0.03 secs] 
5496.845: [GC (Allocation Failure) [PSYoungGen: 432736K->148352K(505856K)] 602487K->427431K(1904128K), 0.0550071 secs] [Times: user=0.33 sys=0.00, real=0.06 secs] 
5499.027: [GC (Allocation Failure) [PSYoungGen: 470912K->109280K(509440K)] 749991K->527775K(1907712K), 0.0686834 secs] [Times: user=0.41 sys=0.00, real=0.07 secs] 
5501.175: [GC (Allocation Failure) [PSYoungGen: 431840K->149984K(507392K)] 850335K->674548K(1905664K), 0.0539437 secs] [Times: user=0.32 sys=0.00, real=0.06 secs] 
5504.935: [GC (Allocation Failure) [PSYoungGen: 474080K->107328K(511488K)] 998644K->772728K(1909760K), 0.1095904 secs] [Times: user=0.64 sys=0.00, real=0.11 secs] 
5506.258: [GC (Allocation Failure) [PSYoungGen: 426365K->151712K(506368K)] 1091765K->920858K(1904640K), 0.0529740 secs] [Times: user=0.31 sys=0.00, real=0.05 secs] 
5509.603: [GC (Allocation Failure) [PSYoungGen: 473760K->105376K(510464K)] 1242906K->1017298K(1908736K), 0.1597807 secs] [Times: user=0.95 sys=0.00, real=0.16 secs] 
5510.393: [GC (Allocation Failure) [PSYoungGen: 427424K->173248K(489472K)] 1339346K->1186900K(1887744K), 0.0538057 secs] [Times: user=0.31 sys=0.01, real=0.06 secs] 
5512.616: [GC (GCLocker Initiated GC) [PSYoungGen: 476864K->87712K(391680K)] 1490516K->1258192K(1789952K), 0.1347109 secs] [Times: user=0.80 sys=0.01, real=0.13 secs] 
5513.595: [GC (Allocation Failure) [PSYoungGen: 391328K->135776K(504320K)] 1578195K->1406790K(1902592K), 0.2271528 secs] [Times: user=1.36 sys=0.00, real=0.23 secs] 
5513.822: [Full GC (Ergonomics) [PSYoungGen: 135776K->0K(504320K)] [ParOldGen: 1271014K->204580K(1398272K)] 1406790K->204580K(1902592K), [Metaspace: 59706K->59706K(1105920K)], 0.4250938 secs] [Times: user=1.82 sys=0.00, real=0.43 secs] 
5516.185: [GC (Allocation Failure) [PSYoungGen: 306176K->94624K(400896K)] 510756K->299204K(1799168K), 0.1076815 secs] [Times: user=0.64 sys=0.01, real=0.10 secs] 
5516.725: [GC (Allocation Failure) [PSYoungGen: 400800K->181696K(476672K)] 605380K->475740K(1874944K), 0.0542945 secs] [Times: user=0.32 sys=0.00, real=0.06 secs] 
5518.639: [GC (Allocation Failure) [PSYoungGen: 464832K->78560K(361984K)] 758876K->521588K(1760256K), 0.1377449 secs] [Times: user=0.82 sys=0.00, real=0.14 secs] 
5520.384: [GC (Allocation Failure) [PSYoungGen: 361696K->144800K(491008K)] 804724K->662892K(1889280K), 0.0473132 secs] [Times: user=0.28 sys=0.00, real=0.05 secs] 
5521.652: [GC (GCLocker Initiated GC) [PSYoungGen: 426912K->92704K(375296K)] 945005K->738637K(1773568K), 0.0644205 secs] [Times: user=0.38 sys=0.00, real=0.07 secs] 
5523.545: [GC (Allocation Failure) [PSYoungGen: 374816K->127872K(493568K)] 1020752K->865177K(1891840K), 0.0531585 secs] [Times: user=0.32 sys=0.00, real=0.06 secs] 
5525.404: [GC (Allocation Failure) [PSYoungGen: 416128K->112224K(487424K)] 1153433K->968089K(1885696K), 0.0625658 secs] [Times: user=0.37 sys=0.00, real=0.07 secs] 
5526.501: [GC (Allocation Failure) [PSYoungGen: 400480K->114784K(493568K)] 1256345K->1083009K(1891840K), 0.0653145 secs] [Times: user=0.39 sys=0.00, real=0.07 secs] 
5527.661: [GC (Allocation Failure) [PSYoungGen: 415328K->133888K(487936K)] 1383553K->1206286K(1886208K), 0.0624849 secs] [Times: user=0.37 sys=0.00, real=0.06 secs] 
5529.548: [GC (Allocation Failure) [PSYoungGen: 434432K->106976K(507904K)] 1506830K->1312670K(1906176K), 0.0814038 secs] [Times: user=0.49 sys=0.00, real=0.08 secs] 
5531.619: [GC (Allocation Failure) [PSYoungGen: 429024K->141088K(504320K)] 1634718K->1443307K(1902592K), 0.0626806 secs] [Times: user=0.38 sys=0.00, real=0.06 secs] 
5531.682: [Full GC (Ergonomics) [PSYoungGen: 141088K->0K(504320K)] [ParOldGen: 1302219K->250662K(1398272K)] 1443307K->250662K(1902592K), [Metaspace: 59706K->59706K(1105920K)], 0.5417920 secs] [Times: user=2.38 sys=0.00, real=0.54 secs] 
5533.804: [GC (Allocation Failure) [PSYoungGen: 322048K->123648K(507904K)] 572710K->374310K(1906176K), 0.0334427 secs] [Times: user=0.19 sys=0.01, real=0.04 secs] 
5535.033: [GC (Allocation Failure) [PSYoungGen: 456960K->132928K(510976K)] 707622K->488165K(1909248K), 0.0617821 secs] [Times: user=0.37 sys=0.00, real=0.06 secs] 
5536.186: [GC (Allocation Failure) [PSYoungGen: 466240K->137856K(520192K)] 821477K->626029K(1918464K), 0.0591032 secs] [Times: user=0.35 sys=0.00, real=0.05 secs] 
5539.702: [GC (Allocation Failure) [PSYoungGen: 483456K->13216K(358912K)] 971629K->501413K(1757184K), 0.0049537 secs] [Times: user=0.03 sys=0.00, real=0.01 secs] 
5541.496: [GC (Allocation Failure) [PSYoungGen: 358816K->158784K(491520K)] 847013K->658214K(1889792K), 0.0339737 secs] [Times: user=0.20 sys=0.01, real=0.03 secs] 
5542.788: [GC (Allocation Failure) [PSYoungGen: 460352K->100832K(500224K)] 959782K->750350K(1898496K), 0.0668637 secs] [Times: user=0.40 sys=0.00, real=0.06 secs] 
5543.687: [GC (Allocation Failure) [PSYoungGen: 402400K->144032K(500224K)] 1051918K->892608K(1898496K), 0.0502355 secs] [Times: user=0.30 sys=0.00, real=0.05 secs] 
5545.904: [GC (Allocation Failure) [PSYoungGen: 450720K->98400K(405504K)] 1199296K->982800K(1803776K), 0.0636573 secs] [Times: user=0.38 sys=0.00, real=0.07 secs] 
5547.110: [GC (Allocation Failure) [PSYoungGen: 405088K->146144K(498176K)] 1289488K->1127305K(1896448K), 0.0508342 secs] [Times: user=0.30 sys=0.01, real=0.05 secs] 
5549.235: [GC (Allocation Failure) [PSYoungGen: 452320K->100320K(501248K)] 1433481K->1219385K(1899520K), 0.0679831 secs] [Times: user=0.40 sys=0.00, real=0.07 secs] 
5551.627: [GC (Allocation Failure) [PSYoungGen: 406496K->144096K(501248K)] 1525561K->1360758K(1899520K), 0.0512251 secs] [Times: user=0.30 sys=0.00, real=0.05 secs] 
5551.678: [Full GC (Ergonomics) [PSYoungGen: 144096K->0K(501248K)] [ParOldGen: 1216662K->169345K(1398272K)] 1360758K->169345K(1899520K), [Metaspace: 59706K->59706K(1105920K)], 0.4014829 secs] [Times: user=1.84 sys=0.00, real=0.40 secs] 
5553.189: [GC (Allocation Failure) [PSYoungGen: 309760K->103840K(413696K)] 479105K->273185K(1811968K), 0.0358873 secs] [Times: user=0.21 sys=0.00, real=0.03 secs] 
5555.274: [GC (Allocation Failure) [PSYoungGen: 413600K->143360K(500736K)] 582945K->414430K(1899008K), 0.0529149 secs] [Times: user=0.31 sys=0.00, real=0.06 secs] 
5556.692: [GC (Allocation Failure) [PSYoungGen: 455168K->106080K(502784K)] 726238K->511950K(1901056K), 0.0646516 secs] [Times: user=0.39 sys=0.00, real=0.07 secs] 
5560.274: [GC (Allocation Failure) [PSYoungGen: 417888K->139392K(505344K)] 823758K->649227K(1903616K), 0.0525144 secs] [Times: user=0.31 sys=0.00, real=0.06 secs] 
5561.469: [GC (Allocation Failure) [PSYoungGen: 457856K->111104K(505856K)] 967691K->750939K(1904128K), 0.0646175 secs] [Times: user=0.39 sys=0.00, real=0.06 secs] 
5562.593: [GC (Allocation Failure) [PSYoungGen: 429568K->147744K(503808K)] 1069403K->897144K(1902080K), 0.0542215 secs] [Times: user=0.32 sys=0.00, real=0.06 secs] 
5564.788: [GC (Allocation Failure) [PSYoungGen: 468768K->108416K(507392K)] 1218168K->996672K(1905664K), 0.0660430 secs] [Times: user=0.39 sys=0.00, real=0.06 secs] 
5567.103: [GC (Allocation Failure) [PSYoungGen: 429440K->148832K(507904K)] 1317696K->1142909K(1906176K), 0.0545441 secs] [Times: user=0.33 sys=0.00, real=0.06 secs] 
5568.466: [GC (Allocation Failure) [PSYoungGen: 473952K->110240K(512000K)] 1468029K->1244013K(1910272K), 0.0965833 secs] [Times: user=0.57 sys=0.00, real=0.09 secs] 
5569.841: [GC (Allocation Failure) [PSYoungGen: 435228K->156768K(502784K)] 1569001K->1397750K(1901056K), 0.1148581 secs] [Times: user=0.68 sys=0.00, real=0.12 secs] 
5569.956: [Full GC (Ergonomics) [PSYoungGen: 156768K->0K(502784K)] [ParOldGen: 1240982K->195760K(1398272K)] 1397750K->195760K(1901056K), [Metaspace: 59707K->59707K(1105920K)], 0.5127420 secs] [Times: user=2.42 sys=0.00, real=0.51 secs] 
5572.612: [GC (Allocation Failure) [PSYoungGen: 320000K->103040K(509440K)] 515760K->298800K(1907712K), 0.0780428 secs] [Times: user=0.46 sys=0.00, real=0.08 secs] 
5573.898: [GC (Allocation Failure) [PSYoungGen: 410306K->147552K(507392K)] 606066K->442581K(1905664K), 0.0493845 secs] [Times: user=0.29 sys=0.00, real=0.05 secs] 
5576.321: [GC (Allocation Failure) [PSYoungGen: 467552K->103552K(509440K)] 762581K->537777K(1907712K), 0.1577672 secs] [Times: user=0.94 sys=0.00, real=0.16 secs] 
5577.925: [GC (Allocation Failure) [PSYoungGen: 414241K->147904K(507392K)] 848467K->681518K(1905664K), 0.0502594 secs] [Times: user=0.29 sys=0.00, real=0.06 secs] 
5580.018: [GC (Allocation Failure) [PSYoungGen: 467904K->104000K(509440K)] 1001518K->776686K(1907712K), 0.1612488 secs] [Times: user=0.96 sys=0.00, real=0.16 secs] 
5581.432: [GC (Allocation Failure) [PSYoungGen: 411171K->147072K(507392K)] 1083857K->919815K(1905664K), 0.0508984 secs] [Times: user=0.30 sys=0.00, real=0.05 secs] 
5583.824: [GC (Allocation Failure) [PSYoungGen: 467072K->103456K(423936K)] 1239815K->1014531K(1822208K), 0.1703325 secs] [Times: user=1.01 sys=0.00, real=0.17 secs] 
5585.367: [GC (Allocation Failure) [PSYoungGen: 415153K->147584K(506368K)] 1326228K->1157928K(1904640K), 0.0499007 secs] [Times: user=0.29 sys=0.00, real=0.05 secs] 
5586.821: [GC (Allocation Failure) [PSYoungGen: 467072K->107392K(508928K)] 1477416K->1256512K(1907200K), 0.0838219 secs] [Times: user=0.49 sys=0.00, real=0.08 secs] 
5587.569: [GC (Allocation Failure) [PSYoungGen: 426880K->153600K(503296K)] 1576000K->1406289K(1901568K), 0.0533698 secs] [Times: user=0.32 sys=0.00, real=0.05 secs] 
5587.622: [Full GC (Ergonomics) [PSYoungGen: 153600K->0K(503296K)] [ParOldGen: 1252689K->205753K(1398272K)] 1406289K->205753K(1901568K), [Metaspace: 59707K->59707K(1105920K)], 0.4713561 secs] [Times: user=2.17 sys=0.00, real=0.47 secs] 
5590.001: [GC (Allocation Failure) [PSYoungGen: 316928K->96832K(507904K)] 522681K->302585K(1906176K), 0.1592792 secs] [Times: user=0.95 sys=0.00, real=0.16 secs] 
5590.555: [GC (Allocation Failure) [PSYoungGen: 413760K->155680K(498688K)] 619513K->452783K(1896960K), 0.0543338 secs] [Times: user=0.32 sys=0.00, real=0.05 secs] 
5592.567: [GC (Allocation Failure) [PSYoungGen: 464416K->91552K(503808K)] 761519K->544255K(1902080K), 0.1179805 secs] [Times: user=0.70 sys=0.01, real=0.11 secs] 
5593.010: [GC (Allocation Failure) [PSYoungGen: 400288K->151616K(498176K)] 852991K->690549K(1896448K), 0.0546759 secs] [Times: user=0.33 sys=0.00, real=0.05 secs] 
5595.540: [GC (Allocation Failure) [PSYoungGen: 454383K->87488K(501248K)] 993316K->777845K(1899520K), 0.1136607 secs] [Times: user=0.68 sys=0.00, real=0.11 secs] 
5596.819: [GC (Allocation Failure) [PSYoungGen: 391104K->195328K(462848K)] 1081461K->969973K(1861120K), 0.0849771 secs] [Times: user=0.50 sys=0.00, real=0.08 secs] 
5598.966: [GC (Allocation Failure) [PSYoungGen: 461056K->70496K(336384K)] 1235701K->991389K(1734656K), 0.0621952 secs] [Times: user=0.36 sys=0.00, real=0.06 secs] 
5600.256: [GC (Allocation Failure) [PSYoungGen: 336224K->125984K(489472K)] 1257117K->1115479K(1887744K), 0.0459653 secs] [Times: user=0.27 sys=0.00, real=0.04 secs] 
5602.307: [GC (Allocation Failure) [PSYoungGen: 397344K->100992K(372736K)] 1386839K->1207783K(1771008K), 0.0614152 secs] [Times: user=0.36 sys=0.01, real=0.06 secs] 
5603.532: [GC (Allocation Failure) [PSYoungGen: 372352K->107936K(481792K)] 1479143K->1315671K(1880064K), 0.0703133 secs] [Times: user=0.42 sys=0.00, real=0.07 secs] 
5604.350: [GC (Allocation Failure) [PSYoungGen: 384928K->139456K(476160K)] 1592663K->1445224K(1874432K), 0.1452801 secs] [Times: user=0.87 sys=0.00, real=0.14 secs] 
5604.495: [Full GC (Ergonomics) [PSYoungGen: 139456K->0K(476160K)] [ParOldGen: 1305768K->250560K(1398272K)] 1445224K->250560K(1874432K), [Metaspace: 59707K->59707K(1105920K)], 0.6676344 secs] [Times: user=3.12 sys=0.00, real=0.66 secs] 
5608.430: [GC (Allocation Failure) [PSYoungGen: 276992K->72192K(492032K)] 527552K->322752K(1890304K), 0.0384818 secs] [Times: user=0.22 sys=0.00, real=0.04 secs] 
5608.815: [GC (Allocation Failure) [PSYoungGen: 366080K->142528K(493056K)] 616640K->459617K(1891328K), 0.0500501 secs] [Times: user=0.29 sys=0.00, real=0.05 secs] 
5611.485: [GC (Allocation Failure) [PSYoungGen: 436416K->82656K(497664K)] 753505K->541633K(1895936K), 0.1224985 secs] [Times: user=0.73 sys=0.00, real=0.13 secs] 
5612.617: [GC (Allocation Failure) [PSYoungGen: 382176K->147264K(446976K)] 841153K->682690K(1845248K), 0.0510200 secs] [Times: user=0.30 sys=0.00, real=0.05 secs] 
5614.701: [GC (Allocation Failure) [PSYoungGen: 446784K->89824K(500224K)] 982210K->771790K(1898496K), 0.1568881 secs] [Times: user=0.93 sys=0.00, real=0.16 secs] 
5615.821: [GC (Allocation Failure) [PSYoungGen: 388320K->142656K(497152K)] 1070286K->911143K(1895424K), 0.0494010 secs] [Times: user=0.30 sys=0.00, real=0.05 secs] 
5617.384: [GC (Allocation Failure) [PSYoungGen: 441152K->99680K(492544K)] 1209639K->1001703K(1890816K), 0.0973328 secs] [Times: user=0.58 sys=0.00, real=0.10 secs] 
5618.247: [GC (Allocation Failure) [PSYoungGen: 399712K->144576K(495616K)] 1301735K->1143493K(1893888K), 0.0497214 secs] [Times: user=0.29 sys=0.00, real=0.05 secs] 
5620.196: [GC (Allocation Failure) [PSYoungGen: 444608K->95264K(498176K)] 1443525K->1230669K(1896448K), 0.0640248 secs] [Times: user=0.38 sys=0.01, real=0.06 secs] 
5622.295: [GC (Allocation Failure) [PSYoungGen: 400928K->153792K(459776K)] 1536333K->1382021K(1858048K), 0.0497571 secs] [Times: user=0.29 sys=0.00, real=0.05 secs] 
5622.344: [Full GC (Ergonomics) [PSYoungGen: 153792K->0K(459776K)] [ParOldGen: 1228229K->181262K(1398272K)] 1382021K->181262K(1858048K), [Metaspace: 59707K->59707K(1105920K)], 0.4407966 secs] [Times: user=2.03 sys=0.00, real=0.44 secs] 
5623.855: [GC (Allocation Failure) [PSYoungGen: 305664K->99008K(502784K)] 486926K->280270K(1901056K), 0.0325956 secs] [Times: user=0.20 sys=0.00, real=0.04 secs] 
5625.781: [GC (Allocation Failure) [PSYoungGen: 401600K->149728K(498688K)] 582862K->427640K(1896960K), 0.0503896 secs] [Times: user=0.29 sys=0.01, real=0.05 secs] 
5627.842: [GC (Allocation Failure) [PSYoungGen: 452320K->101440K(498176K)] 730232K->512416K(1896448K), 0.0630790 secs] [Times: user=0.38 sys=0.00, real=0.06 secs] 
5630.838: [GC (Allocation Failure) [PSYoungGen: 404544K->136608K(498688K)] 815520K->646621K(1896960K), 0.0515022 secs] [Times: user=0.30 sys=0.00, real=0.05 secs] 
5632.074: [GC (Allocation Failure) [PSYoungGen: 439712K->106048K(495104K)] 949725K->743597K(1893376K), 0.0704028 secs] [Times: user=0.42 sys=0.00, real=0.07 secs] 
5632.977: [GC (Allocation Failure) [PSYoungGen: 415296K->142944K(498688K)] 1052845K->885365K(1896960K), 0.0536574 secs] [Times: user=0.32 sys=0.00, real=0.05 secs] 
5634.914: [GC (Allocation Failure) [PSYoungGen: 452192K->105664K(502784K)] 1194613K->982253K(1901056K), 0.0662042 secs] [Times: user=0.39 sys=0.00, real=0.07 secs] 
5636.776: [GC (Allocation Failure) [PSYoungGen: 424128K->144160K(505344K)] 1300717K->1124926K(1903616K), 0.0535418 secs] [Times: user=0.32 sys=0.00, real=0.05 secs] 
5638.328: [GC (Allocation Failure) [PSYoungGen: 462624K->110560K(505856K)] 1443390K->1226006K(1904128K), 0.0762302 secs] [Times: user=0.45 sys=0.00, real=0.07 secs] 
5639.960: [GC (Allocation Failure) [PSYoungGen: 433632K->150208K(507904K)] 1549078K->1374775K(1906176K), 0.0565262 secs] [Times: user=0.33 sys=0.00, real=0.06 secs] 
5642.264: [GC (Allocation Failure) [PSYoungGen: 473280K->108832K(510464K)] 1697847K->1474891K(1908736K), 0.0703368 secs] [Times: user=0.41 sys=0.00, real=0.07 secs] 
5642.335: [Full GC (Ergonomics) [PSYoungGen: 108832K->0K(510464K)] [ParOldGen: 1366059K->34755K(1398272K)] 1474891K->34755K(1908736K), [Metaspace: 59707K->59707K(1105920K)], 0.0667240 secs] [Times: user=0.24 sys=0.00, real=0.07 secs] 
5643.614: [GC (Allocation Failure) [PSYoungGen: 324608K->153632K(478720K)] 359363K->188387K(1876992K), 0.0302607 secs] [Times: user=0.18 sys=0.00, real=0.03 secs] 
5645.058: [GC (Allocation Failure) [PSYoungGen: 478240K->107872K(512000K)] 512995K->287203K(1910272K), 0.0704003 secs] [Times: user=0.42 sys=0.00, real=0.07 secs] 
5646.082: [GC (Allocation Failure) [PSYoungGen: 427819K->153984K(475648K)] 607150K->437693K(1873920K), 0.0528795 secs] [Times: user=0.31 sys=0.00, real=0.05 secs] 
5647.863: [GC (Allocation Failure) [PSYoungGen: 475520K->105760K(509952K)] 759229K->535089K(1908224K), 0.0956442 secs] [Times: user=0.57 sys=0.00, real=0.10 secs] 
5648.378: [GC (Allocation Failure) [PSYoungGen: 423712K->154592K(472576K)] 853041K->686083K(1870848K), 0.0518823 secs] [Times: user=0.31 sys=0.00, real=0.05 secs] 
5651.555: [GC (GCLocker Initiated GC) [PSYoungGen: 472544K->91648K(505856K)] 1004035K->777731K(1904128K), 0.1541978 secs] [Times: user=0.91 sys=0.00, real=0.16 secs] 
5652.279: [GC (Allocation Failure) [PSYoungGen: 403968K->151648K(464384K)] 1090054K->925166K(1862656K), 0.0540684 secs] [Times: user=0.32 sys=0.01, real=0.05 secs] 
5654.623: [GC (Allocation Failure) [PSYoungGen: 463968K->94048K(503808K)] 1237486K->1018878K(1902080K), 0.1377084 secs] [Times: user=0.81 sys=0.00, real=0.14 secs] 
5655.235: [GC (Allocation Failure) [PSYoungGen: 401248K->163712K(471040K)] 1326078K->1179156K(1869312K), 0.0546717 secs] [Times: user=0.33 sys=0.00, real=0.05 secs] 
5657.995: [GC (Allocation Failure) [PSYoungGen: 470912K->91136K(497152K)] 1486356K->1253796K(1895424K), 0.1613852 secs] [Times: user=0.95 sys=0.00, real=0.17 secs] 
5658.775: [GC (Allocation Failure) [PSYoungGen: 385536K->140672K(435200K)] 1548196K->1391433K(1833472K), 0.0797084 secs] [Times: user=0.47 sys=0.00, real=0.08 secs] 
5658.855: [Full GC (Ergonomics) [PSYoungGen: 140672K->0K(435200K)] [ParOldGen: 1250761K->194620K(1398272K)] 1391433K->194620K(1833472K), [Metaspace: 59707K->59707K(1105920K)], 0.4841575 secs] [Times: user=2.26 sys=0.00, real=0.49 secs] 
5660.801: [GC (Allocation Failure) [PSYoungGen: 294400K->94592K(497152K)] 489020K->289212K(1895424K), 0.0301044 secs] [Times: user=0.17 sys=0.00, real=0.03 secs] 
5663.136: [GC (Allocation Failure) [PSYoungGen: 391552K->140672K(494592K)] 586172K->425996K(1892864K), 0.0469292 secs] [Times: user=0.28 sys=0.00, real=0.04 secs] 
5664.683: [GC (Allocation Failure) [PSYoungGen: 437632K->99008K(498176K)] 722956K->516204K(1896448K), 0.0679932 secs] [Times: user=0.40 sys=0.01, real=0.07 secs] 
5667.160: [GC (Allocation Failure) [PSYoungGen: 403136K->138144K(498176K)] 820332K->652285K(1896448K), 0.0504078 secs] [Times: user=0.29 sys=0.00, real=0.05 secs] 
5668.336: [GC (Allocation Failure) [PSYoungGen: 442272K->104640K(498688K)] 956413K->747745K(1896960K), 0.0646767 secs] [Times: user=0.39 sys=0.00, real=0.06 secs] 
5669.755: [GC (Allocation Failure) [PSYoungGen: 416448K->142624K(501248K)] 1059553K->888738K(1899520K), 0.0539193 secs] [Times: user=0.31 sys=0.01, real=0.06 secs] 
5673.098: [GC (Allocation Failure) [PSYoungGen: 454432K->105472K(503296K)] 1200546K->984994K(1901568K), 0.0674856 secs] [Times: user=0.40 sys=0.01, real=0.07 secs] 
5674.732: [GC (Allocation Failure) [PSYoungGen: 424448K->146624K(505856K)] 1303970K->1130247K(1904128K), 0.0543279 secs] [Times: user=0.32 sys=0.00, real=0.06 secs] 
5676.673: [GC (Allocation Failure) [PSYoungGen: 465600K->108320K(507392K)] 1449223K->1229859K(1905664K), 0.0681309 secs] [Times: user=0.40 sys=0.00, real=0.07 secs] 
5677.504: [GC (Allocation Failure) [PSYoungGen: 430880K->148544K(508416K)] 1552419K->1376256K(1906688K), 0.0554760 secs] [Times: user=0.31 sys=0.01, real=0.06 secs] 
5677.559: [Full GC (Ergonomics) [PSYoungGen: 148544K->0K(508416K)] [ParOldGen: 1227712K->174654K(1398272K)] 1376256K->174654K(1906688K), [Metaspace: 59707K->59707K(1105920K)], 0.4146644 secs] [Times: user=1.91 sys=0.00, real=0.41 secs] 
5679.527: [GC (Allocation Failure) [PSYoungGen: 322560K->111200K(507904K)] 497214K->285854K(1906176K), 0.0450573 secs] [Times: user=0.26 sys=0.00, real=0.04 secs] 
5680.869: [GC (Allocation Failure) [PSYoungGen: 435296K->152512K(508928K)] 609950K->436435K(1907200K), 0.0554648 secs] [Times: user=0.32 sys=0.01, real=0.05 secs] 
5682.494: [GC (Allocation Failure) [PSYoungGen: 476608K->112032K(510464K)] 760531K->540139K(1908736K), 0.0670152 secs] [Times: user=0.39 sys=0.00, real=0.07 secs] 
5684.258: [GC (Allocation Failure) [PSYoungGen: 427957K->149920K(509440K)] 856064K->682872K(1907712K), 0.0727239 secs] [Times: user=0.44 sys=0.00, real=0.07 secs] 
5686.971: [GC (Allocation Failure) [PSYoungGen: 473504K->106432K(510464K)] 1006456K->780936K(1908736K), 0.1780316 secs] [Times: user=1.06 sys=0.00, real=0.18 secs] 
5687.943: [GC (Allocation Failure) [PSYoungGen: 430016K->154880K(478720K)] 1104520K->932417K(1876992K), 0.0695987 secs] [Times: user=0.42 sys=0.00, real=0.07 secs] 
5690.977: [GC (Allocation Failure) [PSYoungGen: 478464K->97440K(508416K)] 1256001K->1029657K(1906688K), 0.1322372 secs] [Times: user=0.79 sys=0.00, real=0.13 secs] 
5691.501: [GC (Allocation Failure) [PSYoungGen: 414880K->157920K(475648K)] 1347097K->1181594K(1873920K), 0.0554740 secs] [Times: user=0.33 sys=0.00, real=0.06 secs] 
5695.008: [GC (Allocation Failure) [PSYoungGen: 475360K->92128K(503808K)] 1499034K->1273686K(1902080K), 0.1709135 secs] [Times: user=1.01 sys=0.01, real=0.17 secs] 
5695.498: [GC (Allocation Failure) [PSYoungGen: 400352K->153632K(462336K)] 1581910K->1421459K(1860608K), 0.0552387 secs] [Times: user=0.33 sys=0.00, real=0.05 secs] 
5695.554: [Full GC (Ergonomics) [PSYoungGen: 153632K->0K(462336K)] [ParOldGen: 1267827K->219320K(1398272K)] 1421459K->219320K(1860608K), [Metaspace: 59707K->59707K(1105920K)], 0.5283333 secs] [Times: user=2.46 sys=0.00, real=0.53 secs] 
5699.216: [GC (Allocation Failure) [PSYoungGen: 308224K->87552K(500224K)] 527544K->306872K(1898496K), 0.1181574 secs] [Times: user=0.70 sys=0.01, real=0.11 secs] 
5699.712: [GC (Allocation Failure) [PSYoungGen: 389120K->147232K(449024K)] 608440K->447989K(1847296K), 0.0522789 secs] [Times: user=0.31 sys=0.00, real=0.05 secs] 
5702.123: [GC (Allocation Failure) [PSYoungGen: 448800K->90912K(500224K)] 749557K->537821K(1898496K), 0.1679499 secs] [Times: user=1.00 sys=0.01, real=0.17 secs] 
5702.806: [GC (Allocation Failure) [PSYoungGen: 378057K->137696K(438272K)] 824966K->672225K(1836544K), 0.0492079 secs] [Times: user=0.29 sys=0.00, real=0.04 secs] 
5704.475: [GC (Allocation Failure) [PSYoungGen: 438240K->94784K(499200K)] 972769K->758913K(1897472K), 0.0616021 secs] [Times: user=0.36 sys=0.00, real=0.07 secs] 
5706.729: [GC (Allocation Failure) [PSYoungGen: 397376K->151456K(497152K)] 1061505K->906470K(1895424K), 0.0484692 secs] [Times: user=0.29 sys=0.00, real=0.05 secs] 
5707.958: [GC (Allocation Failure) [PSYoungGen: 454048K->100544K(501248K)] 1209062K->989990K(1899520K), 0.0642085 secs] [Times: user=0.38 sys=0.00, real=0.06 secs] 
5710.756: [GC (Allocation Failure) [PSYoungGen: 406208K->138816K(500736K)] 1295654K->1126287K(1899008K), 0.0502827 secs] [Times: user=0.30 sys=0.00, real=0.05 secs] 
5711.936: [GC (Allocation Failure) [PSYoungGen: 444480K->105344K(497152K)] 1431951K->1222579K(1895424K), 0.0844520 secs] [Times: user=0.50 sys=0.01, real=0.08 secs] 
5713.980: [GC (Allocation Failure) [PSYoungGen: 415104K->150016K(499712K)] 1532339K->1370176K(1897984K), 0.0534617 secs] [Times: user=0.32 sys=0.00, real=0.05 secs] 
5714.033: [Full GC (Ergonomics) [PSYoungGen: 150016K->0K(499712K)] [ParOldGen: 1220160K->170818K(1398272K)] 1370176K->170818K(1897984K), [Metaspace: 59707K->59707K(1105920K)], 0.4065316 secs] [Times: user=1.87 sys=0.00, real=0.41 secs] 
5715.525: [GC (Allocation Failure) [PSYoungGen: 309760K->106464K(505344K)] 480578K->277282K(1903616K), 0.0406635 secs] [Times: user=0.24 sys=0.00, real=0.05 secs] 
5716.878: [GC (Allocation Failure) [PSYoungGen: 421856K->148064K(505344K)] 592674K->423075K(1903616K), 0.0539289 secs] [Times: user=0.32 sys=0.01, real=0.05 secs] 
5718.060: [GC (Allocation Failure) [PSYoungGen: 463456K->105984K(504320K)] 738467K->519963K(1902592K), 0.0656938 secs] [Times: user=0.39 sys=0.00, real=0.07 secs] 
5720.202: [GC (Allocation Failure) [PSYoungGen: 422400K->146464K(505344K)] 836379K->663768K(1903616K), 0.0524712 secs] [Times: user=0.30 sys=0.00, real=0.05 secs] 
5721.377: [GC (Allocation Failure) [PSYoungGen: 462880K->110080K(504832K)] 980184K->764664K(1903104K), 0.0647672 secs] [Times: user=0.38 sys=0.01, real=0.06 secs] 
5721.989: [GC (Allocation Failure) [PSYoungGen: 429056K->148768K(506368K)] 1083640K->911655K(1904640K), 0.0583644 secs] [Times: user=0.34 sys=0.01, real=0.06 secs] 
5724.560: [GC (Allocation Failure) [PSYoungGen: 467744K->104544K(508928K)] 1230631K->1007699K(1907200K), 0.0771011 secs] [Times: user=0.46 sys=0.00, real=0.08 secs] 
5725.461: [GC (Allocation Failure) [PSYoungGen: 426070K->156288K(478208K)] 1329225K->1161036K(1876480K), 0.0592296 secs] [Times: user=0.35 sys=0.00, real=0.06 secs] 
5727.598: [GC (Allocation Failure) [PSYoungGen: 477824K->103584K(508416K)] 1482572K->1256500K(1906688K), 0.1693794 secs] [Times: user=1.01 sys=0.00, real=0.17 secs] 
5728.769: [GC (Allocation Failure) [PSYoungGen: 410963K->148256K(505856K)] 1563879K->1400500K(1904128K), 0.0512808 secs] [Times: user=0.30 sys=0.00, real=0.05 secs] 
5728.820: [Full GC (Ergonomics) [PSYoungGen: 148256K->0K(505856K)] [ParOldGen: 1252244K->195657K(1398272K)] 1400500K->195657K(1904128K), [Metaspace: 59707K->59707K(1105920K)], 0.4981909 secs] [Times: user=2.33 sys=0.00, real=0.50 secs] 
5731.168: [GC (Allocation Failure) [PSYoungGen: 315392K->105632K(505344K)] 511049K->301289K(1903616K), 0.1034607 secs] [Times: user=0.61 sys=0.00, real=0.10 secs] 
5733.012: [GC (Allocation Failure) [PSYoungGen: 415708K->147584K(505856K)] 611365K->442761K(1904128K), 0.0493165 secs] [Times: user=0.29 sys=0.00, real=0.05 secs] 
5734.771: [GC (GCLocker Initiated GC) [PSYoungGen: 463488K->102560K(506368K)] 758666K->536674K(1904640K), 0.1255080 secs] [Times: user=0.75 sys=0.00, real=0.13 secs] 
5735.811: [GC (Allocation Failure) [PSYoungGen: 420000K->145088K(506880K)] 870502K->693659K(1905152K), 0.2562802 secs] [Times: user=1.53 sys=0.00, real=0.26 secs] 
5738.068: [GC (Allocation Failure) [PSYoungGen: 462528K->95744K(508416K)] 1011099K->789067K(1906688K), 0.4127314 secs] [Times: user=2.44 sys=0.01, real=0.41 secs] 
5739.282: [GC (Allocation Failure) [PSYoungGen: 414720K->156224K(475648K)] 1108043K->939308K(1873920K), 0.0547174 secs] [Times: user=0.32 sys=0.00, real=0.06 secs] 
5742.124: [GC (Allocation Failure) [PSYoungGen: 475200K->91808K(504832K)] 1258284K->1030876K(1903104K), 0.1722882 secs] [Times: user=1.02 sys=0.00, real=0.18 secs] 
5742.608: [GC (Allocation Failure) [PSYoungGen: 401568K->194016K(503808K)] 1340636K->1226224K(1902080K), 0.0570757 secs] [Times: user=0.34 sys=0.00, real=0.05 secs] 
5744.327: [GC (Allocation Failure) [PSYoungGen: 503776K->94304K(428032K)] 1535984K->1271228K(1826304K), 0.1265567 secs] [Times: user=0.76 sys=0.00, real=0.12 secs] 
5744.873: [GC (Allocation Failure) [PSYoungGen: 327264K->116960K(465920K)] 1504188K->1383231K(1864192K), 0.0497350 secs] [Times: user=0.29 sys=0.00, real=0.05 secs] 
5744.923: [Full GC (Ergonomics) [PSYoungGen: 116960K->0K(465920K)] [ParOldGen: 1266271K->182086K(1398272K)] 1383231K->182086K(1864192K), [Metaspace: 59709K->59709K(1105920K)], 0.4392339 secs] [Times: user=2.02 sys=0.01, real=0.44 secs] 
5747.087: [GC (Allocation Failure) [PSYoungGen: 232960K->78816K(465920K)] 415046K->260902K(1864192K), 0.0316527 secs] [Times: user=0.19 sys=0.00, real=0.03 secs] 
5749.781: [GC (Allocation Failure) [PSYoungGen: 311776K->87968K(321024K)] 493862K->348534K(1719296K), 0.0676780 secs] [Times: user=0.40 sys=0.00, real=0.07 secs] 
5750.089: [GC (Allocation Failure) [PSYoungGen: 320928K->116544K(474112K)] 581494K->459391K(1872384K), 0.0495319 secs] [Times: user=0.29 sys=0.00, real=0.05 secs] 
5751.206: [GC (Allocation Failure) [PSYoungGen: 358720K->64416K(464896K)] 701567K->523939K(1863168K), 0.0635280 secs] [Times: user=0.38 sys=0.00, real=0.06 secs] 
5751.916: [GC (Allocation Failure) [PSYoungGen: 306592K->113632K(465920K)] 766115K->635268K(1864192K), 0.0493626 secs] [Times: user=0.29 sys=0.01, real=0.05 secs] 
5754.988: [GC (Allocation Failure) [PSYoungGen: 367072K->111808K(466432K)] 888708K->737772K(1864704K), 0.0606329 secs] [Times: user=0.36 sys=0.00, real=0.06 secs] 
5756.289: [GC (Allocation Failure) [PSYoungGen: 365248K->77824K(480256K)] 991212K->815764K(1878528K), 0.1058368 secs] [Times: user=0.62 sys=0.01, real=0.10 secs] 
5756.631: [GC (Allocation Failure) [PSYoungGen: 353792K->137920K(477696K)] 1091732K->947481K(1875968K), 0.0512949 secs] [Times: user=0.31 sys=0.00, real=0.05 secs] 
5758.182: [GC (Allocation Failure) [PSYoungGen: 411055K->76640K(495104K)] 1220617K->1024241K(1893376K), 0.1234417 secs] [Times: user=0.73 sys=0.00, real=0.13 secs] 
5759.370: [GC (Allocation Failure) [PSYoungGen: 360608K->137760K(495104K)] 1308210K->1159270K(1893376K), 0.0627336 secs] [Times: user=0.37 sys=0.01, real=0.06 secs] 
5760.915: [GC (Allocation Failure) [PSYoungGen: 432672K->92160K(489472K)] 1454182K->1243278K(1887744K), 0.0633698 secs] [Times: user=0.38 sys=0.00, real=0.07 secs] 
5763.709: [GC (Allocation Failure) [PSYoungGen: 389632K->140960K(493568K)] 1540750K->1380107K(1891840K), 0.0492192 secs] [Times: user=0.30 sys=0.00, real=0.05 secs] 
5763.758: [Full GC (Ergonomics) [PSYoungGen: 140960K->0K(493568K)] [ParOldGen: 1239147K->178236K(1398272K)] 1380107K->178236K(1891840K), [Metaspace: 59709K->59709K(1105920K)], 0.4146114 secs] [Times: user=1.90 sys=0.00, real=0.41 secs] 
5765.248: [GC (Allocation Failure) [PSYoungGen: 297472K->97664K(494080K)] 475708K->275900K(1892352K), 0.0332766 secs] [Times: user=0.19 sys=0.00, real=0.03 secs] 
5767.459: [GC (Allocation Failure) [PSYoungGen: 401792K->139648K(497152K)] 580028K->413470K(1895424K), 0.0503971 secs] [Times: user=0.29 sys=0.00, real=0.05 secs] 
5769.791: [GC (GCLocker Initiated GC) [PSYoungGen: 443776K->102688K(496640K)] 717598K->507318K(1894912K), 0.0680326 secs] [Times: user=0.41 sys=0.00, real=0.07 secs] 
5771.710: [GC (Allocation Failure) [PSYoungGen: 413472K->139488K(500224K)] 818105K->645054K(1898496K), 0.0520061 secs] [Times: user=0.31 sys=0.00, real=0.05 secs] 
5772.899: [GC (Allocation Failure) [PSYoungGen: 450272K->109248K(498688K)] 955838K->745322K(1896960K), 0.0649765 secs] [Times: user=0.38 sys=0.00, real=0.06 secs] 
5773.520: [GC (Allocation Failure) [PSYoungGen: 427712K->148160K(503296K)] 1063786K->892478K(1901568K), 0.0541106 secs] [Times: user=0.32 sys=0.01, real=0.05 secs] 
5775.420: [GC (Allocation Failure) [PSYoungGen: 466624K->107328K(508928K)] 1210942K->991406K(1907200K), 0.0662199 secs] [Times: user=0.40 sys=0.00, real=0.07 secs] 
5777.631: [GC (Allocation Failure) [PSYoungGen: 431424K->149728K(508928K)] 1315502K->1139015K(1907200K), 0.0541721 secs] [Times: user=0.31 sys=0.00, real=0.05 secs] 
5778.871: [GC (Allocation Failure) [PSYoungGen: 473038K->111168K(508928K)] 1462326K->1241091K(1907200K), 0.0763978 secs] [Times: user=0.45 sys=0.01, real=0.08 secs] 
5781.394: [GC (Allocation Failure) [PSYoungGen: 435264K->149920K(508928K)] 1565187K->1388312K(1907200K), 0.0553121 secs] [Times: user=0.33 sys=0.00, real=0.06 secs] 
5781.449: [Full GC (Ergonomics) [PSYoungGen: 149920K->0K(508928K)] [ParOldGen: 1238392K->185719K(1398272K)] 1388312K->185719K(1907200K), [Metaspace: 59709K->59709K(1105920K)], 0.4559869 secs] [Times: user=2.12 sys=0.00, real=0.45 secs] 
5783.359: [GC (Allocation Failure) [PSYoungGen: 324096K->108448K(509952K)] 509815K->294168K(1908224K), 0.0545916 secs] [Times: user=0.32 sys=0.00, real=0.05 secs] 
5786.105: [GC (Allocation Failure) [PSYoungGen: 432544K->152640K(477184K)] 618264K->442852K(1875456K), 0.0528925 secs] [Times: user=0.32 sys=0.00, real=0.06 secs] 
5788.386: [GC (Allocation Failure) [PSYoungGen: 476736K->106400K(512000K)] 766948K->540300K(1910272K), 0.1597829 secs] [Times: user=0.95 sys=0.00, real=0.16 secs] 
5790.090: [GC (Allocation Failure) [PSYoungGen: 427936K->155680K(477696K)] 861836K->691534K(1875968K), 0.0523586 secs] [Times: user=0.31 sys=0.00, real=0.05 secs] 
5792.873: [GC (Allocation Failure) [PSYoungGen: 477216K->97376K(507904K)] 1013070K->788494K(1906176K), 0.1661935 secs] [Times: user=0.99 sys=0.00, real=0.17 secs] 
5794.025: [GC (Allocation Failure) [PSYoungGen: 412768K->153856K(469504K)] 1103886K->935975K(1867776K), 0.0548135 secs] [Times: user=0.32 sys=0.00, real=0.06 secs] 
5795.867: [GC (Allocation Failure) [PSYoungGen: 469248K->96160K(504832K)] 1251367K->1031879K(1903104K), 0.1054917 secs] [Times: user=0.63 sys=0.00, real=0.10 secs] 
5796.668: [GC (Allocation Failure) [PSYoungGen: 405408K->150656K(460288K)] 1341127K->1176232K(1858560K), 0.0535960 secs] [Times: user=0.32 sys=0.00, real=0.05 secs] 
5798.750: [GC (Allocation Failure) [PSYoungGen: 459904K->92736K(503296K)] 1485480K->1268024K(1901568K), 0.1244034 secs] [Times: user=0.74 sys=0.01, real=0.12 secs] 
5799.479: [GC (Allocation Failure) [PSYoungGen: 398912K->149888K(456192K)] 1574200K->1412409K(1854464K), 0.0538668 secs] [Times: user=0.32 sys=0.00, real=0.05 secs] 
5799.533: [Full GC (Ergonomics) [PSYoungGen: 149888K->0K(456192K)] [ParOldGen: 1262521K->210759K(1398272K)] 1412409K->210759K(1854464K), [Metaspace: 59709K->59709K(1105920K)], 0.5019802 secs] [Times: user=2.31 sys=0.00, real=0.50 secs] 
5802.626: [GC (Allocation Failure) [PSYoungGen: 306176K->88544K(501760K)] 516935K->299303K(1900032K), 0.1073372 secs] [Times: user=0.64 sys=0.00, real=0.10 secs] 
5803.321: [GC (Allocation Failure) [PSYoungGen: 376324K->138816K(442880K)] 587084K->434416K(1841152K), 0.0668357 secs] [Times: user=0.40 sys=0.01, real=0.07 secs] 
5805.480: [GC (Allocation Failure) [PSYoungGen: 442432K->98912K(502784K)] 738032K->525292K(1901056K), 0.0979183 secs] [Times: user=0.58 sys=0.00, real=0.10 secs] 
5806.262: [GC (Allocation Failure) [PSYoungGen: 405600K->148320K(499712K)] 831980K->667993K(1897984K), 0.0492466 secs] [Times: user=0.29 sys=0.00, real=0.05 secs] 
5808.237: [GC (Allocation Failure) [PSYoungGen: 455008K->101120K(501760K)] 974681K->760037K(1900032K), 0.0654929 secs] [Times: user=0.39 sys=0.00, real=0.06 secs] 
5809.017: [GC (Allocation Failure) [PSYoungGen: 410880K->148640K(502272K)] 1069797K->905318K(1900544K), 0.0511462 secs] [Times: user=0.30 sys=0.01, real=0.05 secs] 
5811.566: [GC (Allocation Failure) [PSYoungGen: 458400K->100512K(503296K)] 1215078K->997154K(1901568K), 0.0750791 secs] [Times: user=0.45 sys=0.00, real=0.07 secs] 
5812.336: [GC (Allocation Failure) [PSYoungGen: 411296K->150880K(461824K)] 1307938K->1144803K(1860096K), 0.0517103 secs] [Times: user=0.31 sys=0.00, real=0.05 secs] 
5814.025: [GC (Allocation Failure) [PSYoungGen: 461664K->99776K(505344K)] 1455587K->1235939K(1903616K), 0.0895749 secs] [Times: user=0.53 sys=0.01, real=0.09 secs] 
5815.864: [GC (Allocation Failure) [PSYoungGen: 409024K->155584K(464896K)] 1545187K->1387616K(1863168K), 0.0506582 secs] [Times: user=0.29 sys=0.00, real=0.05 secs] 
5815.915: [Full GC (Ergonomics) [PSYoungGen: 155584K->0K(464896K)] [ParOldGen: 1232032K->186382K(1398272K)] 1387616K->186382K(1863168K), [Metaspace: 59709K->59709K(1105920K)], 0.4468491 secs] [Times: user=2.06 sys=0.01, real=0.45 secs] 
5817.418: [GC (Allocation Failure) [PSYoungGen: 309248K->102336K(503808K)] 495630K->288718K(1902080K), 0.0432108 secs] [Times: user=0.26 sys=0.01, real=0.04 secs] 
5819.125: [GC (Allocation Failure) [PSYoungGen: 407488K->144000K(500224K)] 593870K->429091K(1898496K), 0.0502897 secs] [Times: user=0.30 sys=0.00, real=0.05 secs] 
5820.307: [GC (Allocation Failure) [PSYoungGen: 449152K->102656K(500736K)] 734243K->522667K(1899008K), 0.0648747 secs] [Times: user=0.39 sys=0.00, real=0.06 secs] 
5821.536: [GC (Allocation Failure) [PSYoungGen: 410880K->147008K(500736K)] 830891K->667568K(1899008K), 0.0515526 secs] [Times: user=0.31 sys=0.00, real=0.05 secs] 
5823.029: [GC (Allocation Failure) [PSYoungGen: 455232K->101536K(502272K)] 975792K->760556K(1900544K), 0.0658294 secs] [Times: user=0.39 sys=0.00, real=0.06 secs] 
5824.286: [GC (Allocation Failure) [PSYoungGen: 413344K->146624K(503296K)] 1072364K->905570K(1901568K), 0.0528176 secs] [Times: user=0.31 sys=0.00, real=0.05 secs] 
5827.319: [GC (Allocation Failure) [PSYoungGen: 458432K->102880K(503296K)] 1217378K->1000314K(1901568K), 0.0659161 secs] [Times: user=0.39 sys=0.00, real=0.06 secs] 
5828.922: [GC (Allocation Failure) [PSYoungGen: 416736K->145568K(504320K)] 1314170K->1143979K(1902592K), 0.0523397 secs] [Times: user=0.31 sys=0.00, real=0.05 secs] 
5831.497: [GC (Allocation Failure) [PSYoungGen: 459424K->103968K(504832K)] 1457835K->1239239K(1903104K), 0.0668706 secs] [Times: user=0.40 sys=0.00, real=0.06 secs] 
5832.194: [GC (Allocation Failure) [PSYoungGen: 420384K->151296K(505856K)] 1555655K->1388841K(1904128K), 0.0543710 secs] [Times: user=0.32 sys=0.00, real=0.06 secs] 
5832.248: [Full GC (Ergonomics) [PSYoungGen: 151296K->0K(505856K)] [ParOldGen: 1237544K->186839K(1398272K)] 1388841K->186839K(1904128K), [Metaspace: 59709K->59709K(1105920K)], 0.4480637 secs] [Times: user=2.07 sys=0.00, real=0.45 secs] 
5835.821: [GC (Allocation Failure) [PSYoungGen: 316416K->101120K(506880K)] 503255K->287959K(1905152K), 0.0319885 secs] [Times: user=0.19 sys=0.00, real=0.03 secs] 
5836.634: [GC (Allocation Failure) [PSYoungGen: 416512K->151840K(467456K)] 603351K->436100K(1865728K), 0.0509315 secs] [Times: user=0.30 sys=0.00, real=0.06 secs] 
5838.002: [GC (Allocation Failure) [PSYoungGen: 467232K->104064K(507392K)] 751492K->531084K(1905664K), 0.0687321 secs] [Times: user=0.40 sys=0.00, real=0.07 secs] 
5840.233: [GC (Allocation Failure) [PSYoungGen: 416896K->150624K(504320K)] 843916K->678249K(1902592K), 0.0546623 secs] [Times: user=0.32 sys=0.00, real=0.06 secs] 
5842.438: [GC (Allocation Failure) [PSYoungGen: 463456K->101888K(504832K)] 991081K->771985K(1903104K), 0.0682605 secs] [Times: user=0.41 sys=0.00, real=0.07 secs] 
5844.032: [GC (GCLocker Initiated GC) [PSYoungGen: 414208K->148288K(504320K)] 1084305K->917058K(1902592K), 0.0506309 secs] [Times: user=0.30 sys=0.01, real=0.05 secs] 
5845.589: [GC (Allocation Failure) [PSYoungGen: 460608K->102176K(503808K)] 1229380K->1010761K(1902080K), 0.0803509 secs] [Times: user=0.48 sys=0.00, real=0.08 secs] 
5847.045: [GC (Allocation Failure) [PSYoungGen: 415008K->149504K(504320K)] 1323593K->1157166K(1902592K), 0.0509869 secs] [Times: user=0.30 sys=0.00, real=0.06 secs] 
5848.905: [GC (Allocation Failure) [PSYoungGen: 462336K->101920K(504832K)] 1469998K->1250862K(1903104K), 0.1053520 secs] [Times: user=0.62 sys=0.00, real=0.11 secs] 
5850.565: [GC (Allocation Failure) [PSYoungGen: 415264K->149952K(463360K)] 1564206K->1397343K(1861632K), 0.0506545 secs] [Times: user=0.30 sys=0.00, real=0.06 secs] 
5850.616: [Full GC (Ergonomics) [PSYoungGen: 149952K->0K(463360K)] [ParOldGen: 1247391K->196038K(1398272K)] 1397343K->196038K(1861632K), [Metaspace: 59709K->59709K(1105920K)], 0.4657659 secs] [Times: user=2.16 sys=0.00, real=0.46 secs] 
5852.505: [GC (Allocation Failure) [PSYoungGen: 313344K->102624K(506880K)] 509382K->298662K(1905152K), 0.0759968 secs] [Times: user=0.44 sys=0.01, real=0.08 secs] 
5853.469: [GC (Allocation Failure) [PSYoungGen: 407615K->148416K(504320K)] 603653K->443457K(1902592K), 0.0497683 secs] [Times: user=0.29 sys=0.00, real=0.05 secs] 
5855.768: [GC (Allocation Failure) [PSYoungGen: 460736K->98976K(504832K)] 755777K->533913K(1903104K), 0.0802864 secs] [Times: user=0.48 sys=0.01, real=0.08 secs] 
5857.531: [GC (Allocation Failure) [PSYoungGen: 411808K->146752K(504832K)] 846745K->676718K(1903104K), 0.0497365 secs] [Times: user=0.29 sys=0.00, real=0.05 secs] 
5859.223: [GC (Allocation Failure) [PSYoungGen: 459584K->105248K(502272K)] 989550K->772374K(1900544K), 0.1693280 secs] [Times: user=1.00 sys=0.00, real=0.17 secs] 
5860.022: [GC (Allocation Failure) [PSYoungGen: 418592K->151392K(503808K)] 1085718K->920523K(1902080K), 0.0525607 secs] [Times: user=0.31 sys=0.00, real=0.05 secs] 
5863.968: [GC (Allocation Failure) [PSYoungGen: 464736K->96064K(506368K)] 1233867K->1008087K(1904640K), 0.1046026 secs] [Times: user=0.62 sys=0.00, real=0.10 secs] 
5865.526: [GC (Allocation Failure) [PSYoungGen: 408384K->150208K(462848K)] 1320407K->1154412K(1861120K), 0.0493279 secs] [Times: user=0.29 sys=0.00, real=0.04 secs] 
5867.542: [GC (Allocation Failure) [PSYoungGen: 462528K->103424K(506368K)] 1466732K->1249012K(1904640K), 0.0842791 secs] [Times: user=0.50 sys=0.01, real=0.09 secs] 
5869.262: [GC (Allocation Failure) [PSYoungGen: 414208K->145760K(503296K)] 1559796K->1390993K(1901568K), 0.0509730 secs] [Times: user=0.30 sys=0.00, real=0.05 secs] 
5869.313: [Full GC (Ergonomics) [PSYoungGen: 145760K->0K(503296K)] [ParOldGen: 1245233K->189413K(1398272K)] 1390993K->189413K(1901568K), [Metaspace: 59710K->59710K(1105920K)], 0.4604751 secs] [Times: user=2.14 sys=0.00, real=0.46 secs] 
5871.007: [GC (GCLocker Initiated GC) [PSYoungGen: 310784K->104672K(502272K)] 500197K->294085K(1900544K), 0.0436367 secs] [Times: user=0.25 sys=0.00, real=0.04 secs] 
5871.614: [GC (Allocation Failure) [PSYoungGen: 417504K->151136K(503296K)] 606952K->441692K(1901568K), 0.0517059 secs] [Times: user=0.30 sys=0.01, real=0.06 secs] 
5873.336: [GC (Allocation Failure) [PSYoungGen: 463968K->100864K(506368K)] 754524K->533732K(1904640K), 0.0791133 secs] [Times: user=0.47 sys=0.00, real=0.07 secs] 
5874.888: [GC (Allocation Failure) [PSYoungGen: 413696K->151968K(464896K)] 846564K->682597K(1863168K), 0.0506505 secs] [Times: user=0.30 sys=0.00, real=0.05 secs] 
5876.766: [GC (Allocation Failure) [PSYoungGen: 464800K->99776K(505856K)] 995429K->774157K(1904128K), 0.0662538 secs] [Times: user=0.39 sys=0.00, real=0.06 secs] 
5878.635: [GC (GCLocker Initiated GC) [PSYoungGen: 410560K->150208K(461312K)] 1084942K->921083K(1859584K), 0.0882625 secs] [Times: user=0.52 sys=0.00, real=0.09 secs] 
5880.831: [GC (Allocation Failure) [PSYoungGen: 460992K->99968K(505344K)] 1231869K->1012885K(1903616K), 0.0952807 secs] [Times: user=0.57 sys=0.00, real=0.10 secs] 
5882.806: [GC (Allocation Failure) [PSYoungGen: 409216K->146048K(502784K)] 1322133K->1154802K(1901056K), 0.0496101 secs] [Times: user=0.30 sys=0.00, real=0.05 secs] 
5883.993: [GC (Allocation Failure) [PSYoungGen: 455296K->103232K(501760K)] 1464050K->1249210K(1900032K), 0.0653310 secs] [Times: user=0.39 sys=0.00, real=0.07 secs] 
5885.467: [GC (Allocation Failure) [PSYoungGen: 414016K->148288K(502784K)] 1559994K->1394231K(1901056K), 0.0522966 secs] [Times: user=0.31 sys=0.00, real=0.05 secs] 
5885.520: [Full GC (Ergonomics) [PSYoungGen: 148288K->0K(502784K)] [ParOldGen: 1245943K->191416K(1398272K)] 1394231K->191416K(1901056K), [Metaspace: 59710K->59710K(1105920K)], 0.4482868 secs] [Times: user=2.07 sys=0.00, real=0.45 secs] 
5887.008: [GC (Allocation Failure) [PSYoungGen: 310784K->102592K(503808K)] 502200K->294008K(1902080K), 0.0312808 secs] [Times: user=0.19 sys=0.00, real=0.03 secs] 
5888.567: [GC (Allocation Failure) [PSYoungGen: 415424K->149568K(504320K)] 606840K->439825K(1902592K), 0.0496909 secs] [Times: user=0.29 sys=0.00, real=0.05 secs] 
5890.480: [GC (Allocation Failure) [PSYoungGen: 462400K->102368K(504832K)] 752657K->533265K(1903104K), 0.1142863 secs] [Times: user=0.68 sys=0.01, real=0.11 secs] 
5892.536: [GC (Allocation Failure) [PSYoungGen: 415712K->147712K(504832K)] 846609K->677174K(1903104K), 0.0507648 secs] [Times: user=0.29 sys=0.00, real=0.05 secs] 
5893.847: [GC (Allocation Failure) [PSYoungGen: 461056K->104672K(503296K)] 990518K->772758K(1901568K), 0.0685284 secs] [Times: user=0.40 sys=0.01, real=0.07 secs] 
5895.546: [GC (Allocation Failure) [PSYoungGen: 418528K->147520K(504320K)] 1086614K->915899K(1902592K), 0.0514397 secs] [Times: user=0.30 sys=0.00, real=0.05 secs] 
5896.997: [GC (Allocation Failure) [PSYoungGen: 461376K->103104K(505344K)] 1229755K->1010111K(1903616K), 0.1010185 secs] [Times: user=0.59 sys=0.00, real=0.10 secs] 
5898.093: [GC (Allocation Failure) [PSYoungGen: 416335K->151712K(467968K)] 1323343K->1158784K(1866240K), 0.0850621 secs] [Times: user=0.51 sys=0.00, real=0.09 secs] 
5899.907: [GC (Allocation Failure) [PSYoungGen: 467616K->101184K(507392K)] 1474688K->1251832K(1905664K), 0.0704956 secs] [Times: user=0.42 sys=0.00, real=0.07 secs] 
5901.626: [GC (Allocation Failure) [PSYoungGen: 413654K->149695K(463872K)] 1564303K->1397833K(1862144K), 0.0502234 secs] [Times: user=0.30 sys=0.00, real=0.05 secs] 
5901.676: [Full GC (Ergonomics) [PSYoungGen: 149695K->0K(463872K)] [ParOldGen: 1248137K->196332K(1398272K)] 1397833K->196332K(1862144K), [Metaspace: 59710K->59710K(1105920K)], 0.4725568 secs] [Times: user=2.19 sys=0.00, real=0.47 secs] 
5903.732: [GC (Allocation Failure) [PSYoungGen: 313856K->102208K(507392K)] 510188K->298540K(1905664K), 0.0778250 secs] [Times: user=0.45 sys=0.00, real=0.08 secs] 
5904.935: [GC (Allocation Failure) [PSYoungGen: 415552K->149664K(504832K)] 611884K->443997K(1903104K), 0.0493360 secs] [Times: user=0.29 sys=0.00, real=0.05 secs] 
5907.058: [GC (Allocation Failure) [PSYoungGen: 463008K->101600K(505344K)] 757341K->536581K(1903616K), 0.0975232 secs] [Times: user=0.57 sys=0.00, real=0.10 secs] 
5908.479: [GC (Allocation Failure) [PSYoungGen: 414432K->148704K(504832K)] 849413K->681866K(1903104K), 0.0499735 secs] [Times: user=0.30 sys=0.00, real=0.05 secs] 
5911.277: [GC (Allocation Failure) [PSYoungGen: 461536K->103040K(503808K)] 994698K->776158K(1902080K), 0.0775401 secs] [Times: user=0.46 sys=0.00, real=0.07 secs] 
5912.043: [GC (Allocation Failure) [PSYoungGen: 412150K->148608K(504320K)] 1085269K->920887K(1902592K), 0.0505583 secs] [Times: user=0.29 sys=0.00, real=0.05 secs] 
5914.269: [GC (Allocation Failure) [PSYoungGen: 461440K->99552K(505344K)] 1233719K->1011919K(1903616K), 0.1567642 secs] [Times: user=0.93 sys=0.01, real=0.16 secs] 
5915.585: [GC (Allocation Failure) [PSYoungGen: 413408K->150496K(464384K)] 1325775K->1158984K(1862656K), 0.0493337 secs] [Times: user=0.29 sys=0.00, real=0.05 secs] 
5918.041: [GC (Allocation Failure) [PSYoungGen: 464352K->101440K(506880K)] 1472840K->1252128K(1905152K), 0.0674074 secs] [Times: user=0.40 sys=0.00, real=0.07 secs] 
5920.074: [GC (Allocation Failure) [PSYoungGen: 413760K->147360K(504320K)] 1564448K->1395773K(1902592K), 0.0499728 secs] [Times: user=0.30 sys=0.00, real=0.05 secs] 
5920.124: [Full GC (Ergonomics) [PSYoungGen: 147360K->0K(504320K)] [ParOldGen: 1248413K->194074K(1398272K)] 1395773K->194074K(1902592K), [Metaspace: 59710K->59710K(1105920K)], 0.4791105 secs] [Times: user=2.24 sys=0.00, real=0.48 secs] 
5922.157: [GC (Allocation Failure) [PSYoungGen: 312320K->104000K(502784K)] 506394K->298075K(1901056K), 0.1009445 secs] [Times: user=0.58 sys=0.00, real=0.10 secs] 
5923.084: [GC (Allocation Failure) [PSYoungGen: 414681K->147808K(503808K)] 608756K->442735K(1902080K), 0.0499266 secs] [Times: user=0.29 sys=0.00, real=0.05 secs] 
5925.213: [GC (Allocation Failure) [PSYoungGen: 460640K->100224K(505856K)] 755567K->534747K(1904128K), 0.1346743 secs] [Times: user=0.80 sys=0.00, real=0.14 secs] 
5927.147: [GC (Allocation Failure) [PSYoungGen: 415104K->149120K(464384K)] 849627K->679680K(1862656K), 0.0493669 secs] [Times: user=0.29 sys=0.00, real=0.05 secs] 
5928.539: [GC (Allocation Failure) [PSYoungGen: 464000K->105664K(508416K)] 994560K->776664K(1906688K), 0.1002026 secs] [Times: user=0.59 sys=0.00, real=0.10 secs] 
5930.041: [GC (Allocation Failure) [PSYoungGen: 416064K->147200K(505344K)] 1087065K->920001K(1903616K), 0.0510912 secs] [Times: user=0.30 sys=0.00, real=0.05 secs] 
5932.686: [GC (Allocation Failure) [PSYoungGen: 462080K->104256K(504320K)] 1234881K->1015537K(1902592K), 0.1579550 secs] [Times: user=0.93 sys=0.00, real=0.15 secs] 
5934.095: [GC (Allocation Failure) [PSYoungGen: 414900K->147200K(505344K)] 1326182K->1158590K(1903616K), 0.0508011 secs] [Times: user=0.31 sys=0.00, real=0.06 secs] 
5935.869: [GC (Allocation Failure) [PSYoungGen: 463104K->105056K(506368K)] 1474494K->1254758K(1904640K), 0.1667082 secs] [Times: user=0.99 sys=0.01, real=0.17 secs] 
5937.086: [GC (Allocation Failure) [PSYoungGen: 412628K->145952K(506880K)] 1562331K->1396731K(1905152K), 0.0515391 secs] [Times: user=0.30 sys=0.00, real=0.05 secs] 
5937.138: [Full GC (Ergonomics) [PSYoungGen: 145952K->0K(506880K)] [ParOldGen: 1250779K->195841K(1398272K)] 1396731K->195841K(1905152K), [Metaspace: 59710K->59710K(1105920K)], 0.4701465 secs] [Times: user=2.18 sys=0.00, real=0.47 secs] 
5939.050: [GC (Allocation Failure) [PSYoungGen: 317952K->106464K(505344K)] 513793K->302305K(1903616K), 0.0427157 secs] [Times: user=0.25 sys=0.00, real=0.04 secs] 
5939.612: [GC (Allocation Failure) [PSYoungGen: 425952K->155072K(474624K)] 621793K->454038K(1872896K), 0.0515430 secs] [Times: user=0.31 sys=0.00, real=0.05 secs] 
5942.309: [GC (Allocation Failure) [PSYoungGen: 474560K->94080K(507392K)] 773526K->547934K(1905664K), 0.1675141 secs] [Times: user=1.00 sys=0.00, real=0.17 secs] 
5943.201: [GC (Allocation Failure) [PSYoungGen: 408960K->153088K(468480K)] 862814K->696843K(1866752K), 0.0552228 secs] [Times: user=0.33 sys=0.00, real=0.06 secs] 
5945.917: [GC (GCLocker Initiated GC) [PSYoungGen: 467968K->92736K(504320K)] 1011724K->789252K(1902592K), 0.1533911 secs] [Times: user=0.90 sys=0.01, real=0.15 secs] 
5947.024: [GC (Allocation Failure) [PSYoungGen: 401472K->152096K(461312K)] 1097989K->934874K(1859584K), 0.0549629 secs] [Times: user=0.33 sys=0.00, real=0.06 secs] 
5949.251: [GC (Allocation Failure) [PSYoungGen: 459448K->90752K(501760K)] 1242227K->1025322K(1900032K), 0.1550714 secs] [Times: user=0.93 sys=0.00, real=0.16 secs] 
5950.566: [GC (Allocation Failure) [PSYoungGen: 380027K->137920K(441856K)] 1314598K->1159295K(1840128K), 0.0491824 secs] [Times: user=0.29 sys=0.00, real=0.04 secs] 
5952.306: [GC (Allocation Failure) [PSYoungGen: 441536K->100384K(501760K)] 1462911K->1251359K(1900032K), 0.0630281 secs] [Times: user=0.37 sys=0.00, real=0.06 secs] 
5953.358: [GC (Allocation Failure) [PSYoungGen: 407072K->143616K(498688K)] 1558047K->1391781K(1896960K), 0.0740001 secs] [Times: user=0.43 sys=0.00, real=0.07 secs] 
5953.432: [Full GC (Ergonomics) [PSYoungGen: 143616K->0K(498688K)] [ParOldGen: 1248165K->189519K(1398272K)] 1391781K->189519K(1896960K), [Metaspace: 59710K->59710K(1105920K)], 0.4763094 secs] [Times: user=2.16 sys=0.00, real=0.48 secs] 
5957.779: [GC (Allocation Failure) [PSYoungGen: 306688K->97952K(504832K)] 496207K->287471K(1903104K), 0.0456257 secs] [Times: user=0.27 sys=0.00, real=0.04 secs] 
5959.568: [GC (Allocation Failure) [PSYoungGen: 411808K->149088K(504832K)] 601327K->433684K(1903104K), 0.0496557 secs] [Times: user=0.30 sys=0.00, real=0.05 secs] 
5961.772: [GC (GCLocker Initiated GC) [PSYoungGen: 462944K->101248K(504832K)] 747541K->526521K(1903104K), 0.0647358 secs] [Times: user=0.38 sys=0.00, real=0.07 secs] 
5964.687: [GC (Allocation Failure) [PSYoungGen: 415104K->144224K(504832K)] 840379K->667312K(1903104K), 0.0505321 secs] [Times: user=0.30 sys=0.00, real=0.05 secs] 
5965.841: [GC (Allocation Failure) [PSYoungGen: 458080K->108768K(501248K)] 981168K->767212K(1899520K), 0.0654454 secs] [Times: user=0.39 sys=0.00, real=0.07 secs] 
5968.128: [GC (Allocation Failure) [PSYoungGen: 424160K->147904K(503808K)] 1082604K->909193K(1902080K), 0.0524710 secs] [Times: user=0.31 sys=0.00, real=0.05 secs] 
5969.311: [GC (Allocation Failure) [PSYoungGen: 463296K->106624K(505856K)] 1224585K->1006821K(1904128K), 0.0880989 secs] [Times: user=0.53 sys=0.01, real=0.09 secs] 
5970.602: [GC (Allocation Failure) [PSYoungGen: 426112K->153376K(473088K)] 1326309K->1157198K(1871360K), 0.0542812 secs] [Times: user=0.32 sys=0.01, real=0.06 secs] 
5972.958: [GC (Allocation Failure) [PSYoungGen: 472864K->104256K(509440K)] 1476686K->1252862K(1907712K), 0.1196756 secs] [Times: user=0.71 sys=0.01, real=0.12 secs] 
5973.666: [GC (Allocation Failure) [PSYoungGen: 416796K->148864K(506368K)] 1565403K->1398704K(1904640K), 0.0765601 secs] [Times: user=0.45 sys=0.01, real=0.07 secs] 
5973.742: [Full GC (Ergonomics) [PSYoungGen: 148864K->0K(506368K)] [ParOldGen: 1249840K->196179K(1398272K)] 1398704K->196179K(1904640K), [Metaspace: 59710K->59710K(1105920K)], 0.4844585 secs] [Times: user=2.24 sys=0.00, real=0.49 secs] 
5976.826: [GC (Allocation Failure) [PSYoungGen: 316928K->103200K(506880K)] 513107K->299379K(1905152K), 0.0311217 secs] [Times: user=0.18 sys=0.00, real=0.03 secs] 
5977.778: [GC (Allocation Failure) [PSYoungGen: 418382K->147424K(506880K)] 614562K->444052K(1905152K), 0.0501551 secs] [Times: user=0.29 sys=0.01, real=0.05 secs] 
5980.174: [GC (Allocation Failure) [PSYoungGen: 464864K->105504K(506368K)] 761492K->540777K(1904640K), 0.0919069 secs] [Times: user=0.55 sys=0.00, real=0.10 secs] 
5980.752: [GC (Allocation Failure) [PSYoungGen: 423456K->154144K(472576K)] 858729K->692009K(1870848K), 0.0531424 secs] [Times: user=0.31 sys=0.00, real=0.05 secs] 
5983.566: [GC (Allocation Failure) [PSYoungGen: 472096K->92640K(506368K)] 1009961K->784693K(1904640K), 0.1477699 secs] [Times: user=0.88 sys=0.00, real=0.14 secs] 
5984.244: [GC (Allocation Failure) [PSYoungGen: 405472K->150400K(463360K)] 1097525K->931946K(1861632K), 0.0571105 secs] [Times: user=0.33 sys=0.00, real=0.06 secs] 
5986.964: [GC (Allocation Failure) [PSYoungGen: 463232K->91712K(504320K)] 1244778K->1023802K(1902592K), 0.1587825 secs] [Times: user=0.93 sys=0.01, real=0.16 secs] 
5987.733: [GC (Allocation Failure) [PSYoungGen: 400448K->149088K(458240K)] 1332538K->1168603K(1856512K), 0.0545899 secs] [Times: user=0.32 sys=0.00, real=0.06 secs] 
5989.719: [GC (Allocation Failure) [PSYoungGen: 457824K->93952K(503296K)] 1477339K->1261831K(1901568K), 0.1377520 secs] [Times: user=0.82 sys=0.01, real=0.14 secs] 
5990.287: [GC (Allocation Failure) [PSYoungGen: 400128K->148736K(455168K)] 1568007K->1407660K(1853440K), 0.0546509 secs] [Times: user=0.32 sys=0.00, real=0.05 secs] 
5990.342: [Full GC (Ergonomics) [PSYoungGen: 148736K->0K(455168K)] [ParOldGen: 1258924K->204809K(1398272K)] 1407660K->204809K(1853440K), [Metaspace: 59710K->59710K(1105920K)], 0.4837729 secs] [Times: user=2.25 sys=0.00, real=0.49 secs] 
5993.109: [GC (Allocation Failure) [PSYoungGen: 306176K->87488K(501760K)] 510985K->292297K(1900032K), 0.1735526 secs] [Times: user=1.03 sys=0.00, real=0.17 secs] 
5994.321: [GC (Allocation Failure) [PSYoungGen: 389914K->145600K(450048K)] 594723K->434261K(1848320K), 0.0483563 secs] [Times: user=0.29 sys=0.00, real=0.05 secs] 
5996.251: [GC (Allocation Failure) [PSYoungGen: 449728K->96736K(503296K)] 738389K->522558K(1901568K), 0.1153792 secs] [Times: user=0.68 sys=0.00, real=0.12 secs] 
5998.615: [GC (Allocation Failure) [PSYoungGen: 401376K->147488K(500224K)] 827198K->666006K(1898496K), 0.0481996 secs] [Times: user=0.29 sys=0.00, real=0.05 secs] 
6000.173: [GC (Allocation Failure) [PSYoungGen: 452128K->99520K(498688K)] 970646K->757238K(1896960K), 0.0641264 secs] [Times: user=0.38 sys=0.00, real=0.07 secs] 
6002.534: [GC (Allocation Failure) [PSYoungGen: 404672K->144896K(499712K)] 1062390K->898159K(1897984K), 0.0497766 secs] [Times: user=0.29 sys=0.00, real=0.05 secs] 
6003.689: [GC (Allocation Failure) [PSYoungGen: 450048K->102816K(498688K)] 1203311K->992283K(1896960K), 0.0654368 secs] [Times: user=0.39 sys=0.01, real=0.06 secs] 
6006.598: [GC (Allocation Failure) [PSYoungGen: 411040K->140288K(500736K)] 1300507K->1129848K(1899008K), 0.0504682 secs] [Times: user=0.30 sys=0.00, real=0.05 secs] 
6007.762: [GC (Allocation Failure) [PSYoungGen: 448512K->104352K(498176K)] 1438072K->1225036K(1896448K), 0.0658360 secs] [Times: user=0.39 sys=0.00, real=0.07 secs] 
6008.859: [GC (Allocation Failure) [PSYoungGen: 418208K->146688K(502272K)] 1538892K->1369337K(1900544K), 0.0534703 secs] [Times: user=0.32 sys=0.01, real=0.05 secs] 
6008.912: [Full GC (Ergonomics) [PSYoungGen: 146688K->0K(502272K)] [ParOldGen: 1222649K->177296K(1398272K)] 1369337K->177296K(1900544K), [Metaspace: 59710K->59710K(1105920K)], 0.4302549 secs] [Times: user=2.00 sys=0.00, real=0.43 secs] 
6010.416: [GC (Allocation Failure) [PSYoungGen: 313856K->108192K(505344K)] 491152K->285488K(1903616K), 0.0395020 secs] [Times: user=0.23 sys=0.00, real=0.04 secs] 
6012.194: [GC (Allocation Failure) [PSYoungGen: 427168K->147264K(506368K)] 604464K->429613K(1904640K), 0.0534875 secs] [Times: user=0.32 sys=0.00, real=0.06 secs] 
6013.835: [GC (Allocation Failure) [PSYoungGen: 466240K->108224K(506880K)] 748589K->529201K(1905152K), 0.1029145 secs] [Times: user=0.61 sys=0.00, real=0.11 secs] 
6015.089: [GC (Allocation Failure) [PSYoungGen: 429760K->152160K(507904K)] 850737K->678475K(1906176K), 0.0540990 secs] [Times: user=0.32 sys=0.00, real=0.05 secs] 
6018.247: [GC (Allocation Failure) [PSYoungGen: 473696K->105504K(509440K)] 1000011K->775323K(1907712K), 0.1081315 secs] [Times: user=0.64 sys=0.00, real=0.10 secs] 
6020.210: [GC (Allocation Failure) [PSYoungGen: 425504K->149568K(507904K)] 1095323K->921388K(1906176K), 0.0529053 secs] [Times: user=0.32 sys=0.00, real=0.05 secs] 
6023.849: [GC (Allocation Failure) [PSYoungGen: 469568K->101440K(508928K)] 1241388K->1014068K(1907200K), 0.0782414 secs] [Times: user=0.47 sys=0.00, real=0.08 secs] 
6025.304: [GC (Allocation Failure) [PSYoungGen: 416968K->149184K(468480K)] 1329597K->1159971K(1866752K), 0.0520676 secs] [Times: user=0.31 sys=0.01, real=0.06 secs] 
6028.084: [GC (Allocation Failure) [PSYoungGen: 468160K->103008K(509952K)] 1478947K->1254427K(1908224K), 0.1604849 secs] [Times: user=0.96 sys=0.00, real=0.16 secs] 
6029.066: [GC (Allocation Failure) [PSYoungGen: 412429K->148704K(467456K)] 1563849K->1399400K(1865728K), 0.0517568 secs] [Times: user=0.31 sys=0.00, real=0.05 secs] 
6029.117: [Full GC (Ergonomics) [PSYoungGen: 148704K->0K(467456K)] [ParOldGen: 1250696K->196500K(1398272K)] 1399400K->196500K(1865728K), [Metaspace: 59710K->59710K(1105920K)], 0.4785318 secs] [Times: user=2.23 sys=0.01, real=0.48 secs] 
6031.369: [GC (Allocation Failure) [PSYoungGen: 318464K->103520K(509440K)] 514964K->300020K(1907712K), 0.0800209 secs] [Times: user=0.47 sys=0.01, real=0.08 secs] 
6032.206: [GC (Allocation Failure) [PSYoungGen: 409930K->147776K(506880K)] 606430K->443773K(1905152K), 0.0494268 secs] [Times: user=0.29 sys=0.00, real=0.05 secs] 
6034.081: [GC (Allocation Failure) [PSYoungGen: 465216K->104000K(506368K)] 761213K->538937K(1904640K), 0.1049505 secs] [Times: user=0.62 sys=0.00, real=0.11 secs] 
6035.268: [GC (Allocation Failure) [PSYoungGen: 412067K->146688K(506880K)] 847004K->681902K(1905152K), 0.0502639 secs] [Times: user=0.29 sys=0.00, real=0.05 secs] 
6037.484: [GC (Allocation Failure) [PSYoungGen: 464640K->103072K(507392K)] 999854K->776430K(1905664K), 0.1381075 secs] [Times: user=0.83 sys=0.00, real=0.14 secs] 
6039.252: [GC (Allocation Failure) [PSYoungGen: 417245K->148448K(507904K)] 1090603K->920099K(1906176K), 0.0499714 secs] [Times: user=0.29 sys=0.00, real=0.05 secs] 
6040.801: [GC (Allocation Failure) [PSYoungGen: 467936K->107168K(506880K)] 1239587K->1018647K(1905152K), 0.1129398 secs] [Times: user=0.67 sys=0.00, real=0.11 secs] 
6041.919: [GC (Allocation Failure) [PSYoungGen: 417993K->144832K(507392K)] 1329473K->1159276K(1905664K), 0.0510828 secs] [Times: user=0.30 sys=0.00, real=0.05 secs] 
6043.948: [GC (Allocation Failure) [PSYoungGen: 464320K->109184K(505856K)] 1478764K->1259164K(1904128K), 0.1458269 secs] [Times: user=0.87 sys=0.00, real=0.14 secs] 
6044.498: [GC (Allocation Failure) [PSYoungGen: 431232K->154976K(507904K)] 1581212K->1410768K(1906176K), 0.0539610 secs] [Times: user=0.32 sys=0.00, real=0.05 secs] 
6044.552: [Full GC (Ergonomics) [PSYoungGen: 154976K->0K(507904K)] [ParOldGen: 1255792K->209627K(1398272K)] 1410768K->209627K(1906176K), [Metaspace: 59710K->59710K(1105920K)], 0.4794879 secs] [Times: user=2.21 sys=0.00, real=0.48 secs] 
6047.181: [GC (Allocation Failure) [PSYoungGen: 322048K->97280K(508928K)] 531675K->306907K(1907200K), 0.0997924 secs] [Times: user=0.60 sys=0.00, real=0.10 secs] 
6047.799: [GC (Allocation Failure) [PSYoungGen: 415232K->154336K(472576K)] 624859K->455308K(1870848K), 0.0557647 secs] [Times: user=0.33 sys=0.00, real=0.05 secs] 
6050.702: [GC (Allocation Failure) [PSYoungGen: 472288K->93728K(505344K)] 773260K->548740K(1903616K), 0.1606951 secs] [Times: user=0.95 sys=0.00, real=0.16 secs] 
6051.380: [GC (Allocation Failure) [PSYoungGen: 405024K->153632K(465408K)] 860036K->696305K(1863680K), 0.0553962 secs] [Times: user=0.32 sys=0.00, real=0.05 secs] 
6054.457: [GC (Allocation Failure) [PSYoungGen: 464928K->91328K(502272K)] 1007601K->787237K(1900544K), 0.0934131 secs] [Times: user=0.55 sys=0.00, real=0.09 secs] 
6054.808: [GC (Allocation Failure) [PSYoungGen: 396480K->152320K(457728K)] 1092389K->933705K(1856000K), 0.0546869 secs] [Times: user=0.33 sys=0.00, real=0.05 secs] 
6057.685: [GC (Allocation Failure) [PSYoungGen: 457472K->85696K(499200K)] 1238857K->1019373K(1897472K), 0.1481391 secs] [Times: user=0.88 sys=0.00, real=0.15 secs] 
6058.324: [GC (Allocation Failure) [PSYoungGen: 385216K->148928K(448512K)] 1318893K->1162498K(1846784K), 0.0521032 secs] [Times: user=0.31 sys=0.00, real=0.06 secs] 
6060.330: [GC (Allocation Failure) [PSYoungGen: 448448K->86208K(498176K)] 1462018K->1248458K(1896448K), 0.1247596 secs] [Times: user=0.74 sys=0.00, real=0.12 secs] 
6061.844: [GC (Allocation Failure) [PSYoungGen: 382656K->141920K(438784K)] 1544906K->1385927K(1837056K), 0.0501042 secs] [Times: user=0.29 sys=0.01, real=0.05 secs] 
6061.894: [Full GC (Ergonomics) [PSYoungGen: 141920K->0K(438784K)] [ParOldGen: 1244007K->192208K(1398272K)] 1385927K->192208K(1837056K), [Metaspace: 59710K->59710K(1105920K)], 0.4567090 secs] [Times: user=2.11 sys=0.00, real=0.46 secs] 
6063.427: [GC (Allocation Failure) [PSYoungGen: 296448K->96832K(499712K)] 488656K->289040K(1897984K), 0.0307892 secs] [Times: user=0.18 sys=0.00, real=0.03 secs] 
6065.651: [GC (Allocation Failure) [PSYoungGen: 396352K->138624K(496640K)] 588560K->425034K(1894912K), 0.0482835 secs] [Times: user=0.29 sys=0.01, real=0.05 secs] 
6067.114: [GC (Allocation Failure) [PSYoungGen: 438144K->101888K(498176K)] 724554K->518414K(1896448K), 0.0705245 secs] [Times: user=0.42 sys=0.00, real=0.07 secs] 
6069.256: [GC (Allocation Failure) [PSYoungGen: 407040K->140192K(497664K)] 823566K->656291K(1895936K), 0.0511191 secs] [Times: user=0.30 sys=0.00, real=0.05 secs] 
6072.056: [GC (Allocation Failure) [PSYoungGen: 445344K->103744K(498688K)] 961443K->750167K(1896960K), 0.0766403 secs] [Times: user=0.46 sys=0.00, real=0.07 secs] 
6074.582: [GC (Allocation Failure) [PSYoungGen: 417600K->140672K(502272K)] 1064023K->889317K(1900544K), 0.0531556 secs] [Times: user=0.31 sys=0.00, real=0.05 secs] 
6075.961: [GC (Allocation Failure) [PSYoungGen: 454528K->108864K(502272K)] 1203173K->989205K(1900544K), 0.0655861 secs] [Times: user=0.39 sys=0.00, real=0.07 secs] 
6078.994: [GC (Allocation Failure) [PSYoungGen: 429888K->145600K(505856K)] 1310229K->1132754K(1904128K), 0.0542511 secs] [Times: user=0.32 sys=0.00, real=0.06 secs] 
6080.191: [GC (Allocation Failure) [PSYoungGen: 466624K->109504K(508928K)] 1453778K->1233398K(1907200K), 0.0678397 secs] [Times: user=0.40 sys=0.00, real=0.07 secs] 
6081.994: [GC (Allocation Failure) [PSYoungGen: 435648K->153248K(509952K)] 1559542K->1384675K(1908224K), 0.1076285 secs] [Times: user=0.64 sys=0.00, real=0.11 secs] 
6082.101: [Full GC (Ergonomics) [PSYoungGen: 153248K->0K(509952K)] [ParOldGen: 1231427K->182784K(1398272K)] 1384675K->182784K(1908224K), [Metaspace: 59710K->59710K(1105920K)], 0.4743719 secs] [Times: user=2.24 sys=0.01, real=0.48 secs] 
6083.762: [GC (Allocation Failure) [PSYoungGen: 326144K->110880K(511488K)] 508928K->293664K(1909760K), 0.0503588 secs] [Times: user=0.30 sys=0.00, real=0.05 secs] 
6086.168: [GC (Allocation Failure) [PSYoungGen: 435488K->150784K(509952K)] 618272K->441345K(1908224K), 0.0532944 secs] [Times: user=0.31 sys=0.00, real=0.05 secs] 
6089.094: [GC (Allocation Failure) [PSYoungGen: 475392K->102368K(511488K)] 765953K->535033K(1909760K), 0.1728450 secs] [Times: user=1.03 sys=0.00, real=0.18 secs] 
6090.413: [GC (Allocation Failure) [PSYoungGen: 421631K->151392K(474624K)] 854296K->682987K(1872896K), 0.0512917 secs] [Times: user=0.30 sys=0.00, real=0.05 secs] 
6093.027: [GC (Allocation Failure) [PSYoungGen: 474464K->106464K(510976K)] 1006059K->780979K(1909248K), 0.1143228 secs] [Times: user=0.67 sys=0.00, real=0.11 secs] 
6093.990: [GC (Allocation Failure) [PSYoungGen: 426464K->153248K(473600K)] 1100979K->930539K(1871872K), 0.0530996 secs] [Times: user=0.31 sys=0.00, real=0.05 secs] 
6095.763: [GC (Allocation Failure) [PSYoungGen: 473248K->98912K(508416K)] 1250539K->1029080K(1906688K), 0.0968202 secs] [Times: user=0.58 sys=0.01, real=0.10 secs] 
6096.221: [GC (Allocation Failure) [PSYoungGen: 415328K->156736K(473600K)] 1345496K->1180208K(1871872K), 0.0563950 secs] [Times: user=0.33 sys=0.00, real=0.06 secs] 
6099.269: [GC (Allocation Failure) [PSYoungGen: 473152K->91936K(503808K)] 1496624K->1272028K(1902080K), 0.1576314 secs] [Times: user=0.94 sys=0.01, real=0.16 secs] 
6099.748: [GC (Allocation Failure) [PSYoungGen: 400160K->151200K(459776K)] 1580252K->1417313K(1858048K), 0.0539674 secs] [Times: user=0.32 sys=0.00, real=0.05 secs] 
6099.802: [Full GC (Ergonomics) [PSYoungGen: 151200K->0K(459776K)] [ParOldGen: 1266113K->214213K(1398272K)] 1417313K->214213K(1858048K), [Metaspace: 59710K->59710K(1105920K)], 0.5111404 secs] [Times: user=2.38 sys=0.00, real=0.51 secs] 
6102.767: [GC (Allocation Failure) [PSYoungGen: 308224K->88320K(501248K)] 522437K->302533K(1899520K), 0.1410058 secs] [Times: user=0.84 sys=0.00, real=0.14 secs] 
6103.347: [GC (Allocation Failure) [PSYoungGen: 391424K->148768K(452096K)] 605637K->445354K(1850368K), 0.0512306 secs] [Times: user=0.30 sys=0.00, real=0.05 secs] 
6105.614: [GC (Allocation Failure) [PSYoungGen: 451872K->89664K(500736K)] 748458K->534554K(1899008K), 0.1618369 secs] [Times: user=0.96 sys=0.00, real=0.17 secs] 
6106.824: [GC (Allocation Failure) [PSYoungGen: 390720K->142656K(499200K)] 835610K->673239K(1897472K), 0.0493503 secs] [Times: user=0.29 sys=0.00, real=0.05 secs] 
6108.779: [GC (Allocation Failure) [PSYoungGen: 443712K->98080K(497152K)] 974295K->762427K(1895424K), 0.0680790 secs] [Times: user=0.40 sys=0.00, real=0.07 secs] 
6109.465: [GC (Allocation Failure) [PSYoungGen: 400672K->145600K(498176K)] 1065019K->904484K(1896448K), 0.0487722 secs] [Times: user=0.29 sys=0.00, real=0.05 secs] 
6111.472: [GC (Allocation Failure) [PSYoungGen: 448192K->99872K(497664K)] 1207076K->995644K(1895936K), 0.0790258 secs] [Times: user=0.46 sys=0.00, real=0.08 secs] 
6112.331: [GC (Allocation Failure) [PSYoungGen: 406048K->148256K(499712K)] 1301820K->1139176K(1897984K), 0.0499986 secs] [Times: user=0.30 sys=0.00, real=0.05 secs] 
6114.428: [GC (Allocation Failure) [PSYoungGen: 454432K->98272K(502272K)] 1445352K->1229325K(1900544K), 0.0671589 secs] [Times: user=0.38 sys=0.01, real=0.07 secs] 
6116.522: [GC (Allocation Failure) [PSYoungGen: 407008K->144512K(502272K)] 1538061K->1371257K(1900544K), 0.0517379 secs] [Times: user=0.31 sys=0.00, real=0.05 secs] 
6116.573: [Full GC (Ergonomics) [PSYoungGen: 144512K->0K(502272K)] [ParOldGen: 1226745K->178257K(1398272K)] 1371257K->178257K(1900544K), [Metaspace: 59710K->59710K(1105920K)], 0.4274773 secs] [Times: user=1.97 sys=0.00, real=0.43 secs] 
6118.085: [GC (Allocation Failure) [PSYoungGen: 308736K->104448K(498688K)] 486993K->282705K(1896960K), 0.0335915 secs] [Times: user=0.20 sys=0.00, real=0.04 secs] 
6120.691: [GC (Allocation Failure) [PSYoungGen: 414720K->149312K(501248K)] 592977K->429622K(1899520K), 0.0528041 secs] [Times: user=0.31 sys=0.00, real=0.05 secs] 
6121.914: [GC (Allocation Failure) [PSYoungGen: 459584K->105888K(503296K)] 739894K->518102K(1901568K), 0.0635827 secs] [Times: user=0.37 sys=0.00, real=0.07 secs] 
6124.139: [GC (Allocation Failure) [PSYoungGen: 419232K->144544K(503808K)] 831446K->660067K(1902080K), 0.0524493 secs] [Times: user=0.31 sys=0.00, real=0.05 secs] 
6125.321: [GC (Allocation Failure) [PSYoungGen: 457888K->106944K(502784K)] 973411K->757915K(1901056K), 0.0656435 secs] [Times: user=0.39 sys=0.00, real=0.07 secs] 
6127.132: [GC (Allocation Failure) [PSYoungGen: 423360K->146752K(504832K)] 1074331K->902034K(1903104K), 0.0534021 secs] [Times: user=0.31 sys=0.00, real=0.06 secs] 
6128.323: [GC (Allocation Failure) [PSYoungGen: 463168K->109408K(505344K)] 1218450K->1002410K(1903616K), 0.0666249 secs] [Times: user=0.40 sys=0.00, real=0.07 secs] 
6129.610: [GC (Allocation Failure) [PSYoungGen: 429408K->151552K(506880K)] 1322410K->1150483K(1905152K), 0.0549108 secs] [Times: user=0.32 sys=0.01, real=0.06 secs] 
6131.592: [GC (Allocation Failure) [PSYoungGen: 471552K->107936K(508416K)] 1470483K->1249259K(1906688K), 0.0673530 secs] [Times: user=0.39 sys=0.00, real=0.07 secs] 
6132.705: [GC (Allocation Failure) [PSYoungGen: 420301K->150528K(507904K)] 1561624K->1396288K(1906176K), 0.0531507 secs] [Times: user=0.32 sys=0.00, real=0.06 secs] 
6132.758: [Full GC (Ergonomics) [PSYoungGen: 150528K->0K(507904K)] [ParOldGen: 1245760K->195549K(1398272K)] 1396288K->195549K(1906176K), [Metaspace: 59710K->59710K(1105920K)], 0.4625080 secs] [Times: user=2.13 sys=0.00, real=0.46 secs] 
6134.520: [GC (GCLocker Initiated GC) [PSYoungGen: 320512K->105376K(508928K)] 516061K->300925K(1907200K), 0.0475822 secs] [Times: user=0.28 sys=0.01, real=0.05 secs] 
6135.875: [GC (Allocation Failure) [PSYoungGen: 424864K->142816K(507904K)] 636799K->456782K(1906176K), 0.3228325 secs] [Times: user=1.91 sys=0.00, real=0.33 secs] 
6139.097: [GC (Allocation Failure) [PSYoungGen: 462304K->96672K(509440K)] 776270K->553758K(1907712K), 0.4350942 secs] [Times: user=2.59 sys=0.02, real=0.43 secs] 
6140.552: [GC (Allocation Failure) [PSYoungGen: 418720K->154464K(476672K)] 875806K->698267K(1874944K), 0.0842433 secs] [Times: user=0.50 sys=0.00, real=0.09 secs] 
6144.410: [GC (Allocation Failure) [PSYoungGen: 476512K->95040K(507392K)] 1020315K->792979K(1905664K), 0.1349804 secs] [Times: user=0.80 sys=0.00, real=0.13 secs] 
6145.206: [GC (Allocation Failure) [PSYoungGen: 409920K->155648K(471040K)] 1107859K->942368K(1869312K), 0.0553417 secs] [Times: user=0.33 sys=0.01, real=0.05 secs] 
6147.405: [GC (Allocation Failure) [PSYoungGen: 470528K->96128K(504320K)] 1257248K->1038296K(1902592K), 0.1382833 secs] [Times: user=0.82 sys=0.00, real=0.14 secs] 
6147.803: [GC (Allocation Failure) [PSYoungGen: 403840K->153184K(461312K)] 1346008K->1181560K(1859584K), 0.0543397 secs] [Times: user=0.32 sys=0.00, real=0.06 secs] 
6151.098: [GC (Allocation Failure) [PSYoungGen: 460896K->85408K(500224K)] 1489272K->1267056K(1898496K), 0.1384639 secs] [Times: user=0.82 sys=0.00, real=0.14 secs] 
6152.058: [GC (Allocation Failure) [PSYoungGen: 386976K->150048K(452096K)] 1568624K->1411367K(1850368K), 0.0525230 secs] [Times: user=0.30 sys=0.00, real=0.05 secs] 
6152.111: [Full GC (Ergonomics) [PSYoungGen: 150048K->0K(452096K)] [ParOldGen: 1261319K->209202K(1398272K)] 1411367K->209202K(1850368K), [Metaspace: 59710K->59710K(1105920K)], 0.4819936 secs] [Times: user=2.23 sys=0.00, real=0.48 secs] 
6154.575: [GC (Allocation Failure) [PSYoungGen: 301568K->87232K(498688K)] 510770K->296434K(1896960K), 0.1487565 secs] [Times: user=0.88 sys=0.00, real=0.14 secs] 
6155.197: [GC (Allocation Failure) [PSYoungGen: 380065K->142336K(440320K)] 589267K->434506K(1838592K), 0.0480460 secs] [Times: user=0.28 sys=0.00, real=0.04 secs] 
6156.415: [GC (Allocation Failure) [PSYoungGen: 439808K->95424K(499712K)] 731978K->521514K(1897984K), 0.0704502 secs] [Times: user=0.42 sys=0.00, real=0.08 secs] 
6158.185: [GC (Allocation Failure) [PSYoungGen: 395456K->142816K(497152K)] 821546K->660587K(1895424K), 0.0481176 secs] [Times: user=0.28 sys=0.00, real=0.05 secs] 
6159.561: [GC (Allocation Failure) [PSYoungGen: 442848K->98240K(497664K)] 960619K->750075K(1895936K), 0.0633952 secs] [Times: user=0.38 sys=0.00, real=0.06 secs] 
6161.207: [GC (Allocation Failure) [PSYoungGen: 402368K->150848K(498688K)] 1054203K->898288K(1896960K), 0.0497836 secs] [Times: user=0.29 sys=0.00, real=0.05 secs] 
6162.697: [GC (Allocation Failure) [PSYoungGen: 454976K->100416K(500736K)] 1202416K->981708K(1899008K), 0.0676090 secs] [Times: user=0.40 sys=0.00, real=0.06 secs] 
6163.882: [GC (Allocation Failure) [PSYoungGen: 406592K->145344K(500736K)] 1287884K->1125217K(1899008K), 0.0512320 secs] [Times: user=0.30 sys=0.00, real=0.05 secs] 
6166.184: [GC (Allocation Failure) [PSYoungGen: 451520K->100064K(499712K)] 1431393K->1217017K(1897984K), 0.0650186 secs] [Times: user=0.39 sys=0.00, real=0.07 secs] 
6167.426: [GC (Allocation Failure) [PSYoungGen: 408288K->144576K(501248K)] 1525241K->1359862K(1899520K), 0.0516668 secs] [Times: user=0.31 sys=0.00, real=0.05 secs] 
6169.463: [GC (GCLocker Initiated GC) [PSYoungGen: 452800K->102048K(500224K)] 1668086K->1453346K(1898496K), 0.0671241 secs] [Times: user=0.37 sys=0.00, real=0.07 secs] 
6169.530: [Full GC (Ergonomics) [PSYoungGen: 102048K->0K(500224K)] [ParOldGen: 1351298K->22721K(1398272K)] 1453346K->22721K(1898496K), [Metaspace: 59710K->59710K(1105920K)], 0.0398487 secs] [Times: user=0.12 sys=0.00, real=0.04 secs] 
6171.086: [GC (Allocation Failure) [PSYoungGen: 311296K->141120K(502272K)] 334019K->163844K(1900544K), 0.0285024 secs] [Times: user=0.17 sys=0.00, real=0.02 secs] 
6172.343: [GC (Allocation Failure) [PSYoungGen: 452416K->108768K(500224K)] 475140K->263388K(1898496K), 0.0767210 secs] [Times: user=0.46 sys=0.00, real=0.08 secs] 
6173.112: [GC (Allocation Failure) [PSYoungGen: 425184K->148384K(503808K)] 579804K->410348K(1902080K), 0.0534962 secs] [Times: user=0.32 sys=0.00, real=0.06 secs] 
6175.206: [GC (Allocation Failure) [PSYoungGen: 464800K->104576K(508416K)] 726764K->506549K(1906688K), 0.0665740 secs] [Times: user=0.40 sys=0.01, real=0.06 secs] 
6176.397: [GC (Allocation Failure) [PSYoungGen: 425600K->149472K(470528K)] 827573K->654705K(1868800K), 0.0527939 secs] [Times: user=0.31 sys=0.00, real=0.05 secs] 
6178.160: [GC (Allocation Failure) [PSYoungGen: 470496K->108032K(511488K)] 975729K->753593K(1909760K), 0.0663095 secs] [Times: user=0.39 sys=0.00, real=0.07 secs] 
6180.565: [GC (Allocation Failure) [PSYoungGen: 428544K->150560K(507904K)] 1074105K->901734K(1906176K), 0.0535239 secs] [Times: user=0.31 sys=0.00, real=0.06 secs] 
6182.222: [GC (Allocation Failure) [PSYoungGen: 471072K->107968K(507904K)] 1222246K->1001022K(1906176K), 0.0823639 secs] [Times: user=0.49 sys=0.00, real=0.08 secs] 
6184.530: [GC (GCLocker Initiated GC) [PSYoungGen: 428480K->151104K(507904K)] 1321535K->1148840K(1906176K), 0.0826430 secs] [Times: user=0.49 sys=0.01, real=0.08 secs] 
6186.443: [GC (Allocation Failure) [PSYoungGen: 471616K->104864K(508928K)] 1469356K->1245444K(1907200K), 0.1240803 secs] [Times: user=0.73 sys=0.01, real=0.13 secs] 
6188.063: [GC (Allocation Failure) [PSYoungGen: 424352K->151200K(471040K)] 1564932K->1393053K(1869312K), 0.0525050 secs] [Times: user=0.31 sys=0.00, real=0.05 secs] 
6188.115: [Full GC (Ergonomics) [PSYoungGen: 151200K->0K(471040K)] [ParOldGen: 1241853K->195859K(1398272K)] 1393053K->195859K(1869312K), [Metaspace: 59710K->59710K(1105920K)], 0.4716296 secs] [Times: user=2.18 sys=0.00, real=0.48 secs] 
6190.219: [GC (Allocation Failure) [PSYoungGen: 319488K->106176K(509952K)] 515347K->302036K(1908224K), 0.0582083 secs] [Times: user=0.28 sys=0.00, real=0.06 secs] 
6191.259: [GC (Allocation Failure) [PSYoungGen: 408474K->144480K(506880K)] 604334K->443041K(1905152K), 0.0497718 secs] [Times: user=0.30 sys=0.00, real=0.05 secs] 
6193.307: [GC (Allocation Failure) [PSYoungGen: 462432K->101280K(507904K)] 760993K->535837K(1906176K), 0.1451360 secs] [Times: user=0.86 sys=0.00, real=0.14 secs] 
6194.911: [GC (Allocation Failure) [PSYoungGen: 415893K->149696K(507904K)] 850451K->681318K(1906176K), 0.0495861 secs] [Times: user=0.29 sys=0.00, real=0.05 secs] 
6196.503: [GC (GCLocker Initiated GC) [PSYoungGen: 469696K->106016K(508416K)] 1001319K->778455K(1906688K), 0.1594223 secs] [Times: user=0.95 sys=0.01, real=0.16 secs] 
6197.390: [GC (Allocation Failure) [PSYoungGen: 425504K->143648K(507904K)] 1114379K->934480K(1906176K), 0.2636778 secs] [Times: user=1.58 sys=0.00, real=0.26 secs] 
6200.064: [GC (Allocation Failure) [PSYoungGen: 463136K->97440K(508928K)] 1253968K->1031320K(1907200K), 0.4646629 secs] [Times: user=2.75 sys=0.00, real=0.47 secs] 
6200.841: [GC (Allocation Failure) [PSYoungGen: 418976K->159936K(481792K)] 1352856K->1185845K(1880064K), 0.0570531 secs] [Times: user=0.34 sys=0.00, real=0.06 secs] 
6203.645: [GC (Allocation Failure) [PSYoungGen: 481472K->94496K(505344K)] 1507381K->1280393K(1903616K), 0.1492349 secs] [Times: user=0.88 sys=0.00, real=0.15 secs] 
6204.554: [GC (Allocation Failure) [PSYoungGen: 405280K->154144K(465408K)] 1591177K->1428861K(1863680K), 0.0878917 secs] [Times: user=0.53 sys=0.00, real=0.09 secs] 
6204.641: [Full GC (Ergonomics) [PSYoungGen: 154144K->0K(465408K)] [ParOldGen: 1274717K->228446K(1398272K)] 1428861K->228446K(1863680K), [Metaspace: 59710K->59710K(1105920K)], 0.5543802 secs] [Times: user=2.59 sys=0.00, real=0.56 secs] 
6208.252: [GC (Allocation Failure) [PSYoungGen: 310784K->87840K(501248K)] 539230K->316286K(1899520K), 0.0809654 secs] [Times: user=0.48 sys=0.00, real=0.08 secs] 
6208.619: [GC (Allocation Failure) [PSYoungGen: 391456K->149664K(453632K)] 619902K->460426K(1851904K), 0.0539608 secs] [Times: user=0.32 sys=0.00, real=0.05 secs] 
6211.487: [GC (Allocation Failure) [PSYoungGen: 453280K->87520K(499712K)] 764042K->547779K(1897984K), 0.1656087 secs] [Times: user=0.99 sys=0.00, real=0.16 secs] 
6211.957: [GC (Allocation Failure) [PSYoungGen: 387552K->149600K(450048K)] 847811K->691915K(1848320K), 0.0541752 secs] [Times: user=0.33 sys=0.00, real=0.05 secs] 
6214.607: [GC (Allocation Failure) [PSYoungGen: 449066K->85216K(498176K)] 991382K->776983K(1896448K), 0.1627466 secs] [Times: user=0.96 sys=0.01, real=0.16 secs] 
6216.078: [GC (Allocation Failure) [PSYoungGen: 377857K->138464K(435712K)] 1069625K->910984K(1833984K), 0.0482992 secs] [Times: user=0.28 sys=0.00, real=0.05 secs] 
6217.245: [GC (Allocation Failure) [PSYoungGen: 435424K->96768K(499200K)] 1207944K->998928K(1897472K), 0.0622235 secs] [Times: user=0.37 sys=0.00, real=0.07 secs] 
6218.861: [GC (Allocation Failure) [PSYoungGen: 396800K->143008K(496128K)] 1298960K->1138910K(1894400K), 0.0496178 secs] [Times: user=0.29 sys=0.00, real=0.05 secs] 
6220.152: [GC (Allocation Failure) [PSYoungGen: 443040K->97536K(499200K)] 1438942K->1227918K(1897472K), 0.0652341 secs] [Times: user=0.39 sys=0.01, real=0.07 secs] 
6222.911: [GC (Allocation Failure) [PSYoungGen: 403712K->140960K(499712K)] 1534094K->1366179K(1897984K), 0.0513322 secs] [Times: user=0.30 sys=0.00, real=0.05 secs] 
6222.963: [Full GC (Ergonomics) [PSYoungGen: 140960K->0K(499712K)] [ParOldGen: 1225219K->174952K(1398272K)] 1366179K->174952K(1897984K), [Metaspace: 59712K->59712K(1105920K)], 0.4169883 secs] [Times: user=1.92 sys=0.00, real=0.42 secs] 
6224.940: [GC (Allocation Failure) [PSYoungGen: 306176K->100928K(498688K)] 481128K->275880K(1896960K), 0.0348260 secs] [Times: user=0.20 sys=0.00, real=0.03 secs] 
6226.432: [GC (Allocation Failure) [PSYoungGen: 412224K->144864K(501760K)] 587176K->418209K(1900032K), 0.0516214 secs] [Times: user=0.30 sys=0.01, real=0.05 secs] 
6228.434: [GC (Allocation Failure) [PSYoungGen: 456160K->106048K(502272K)] 729505K->515185K(1900544K), 0.0658465 secs] [Times: user=0.40 sys=0.00, real=0.07 secs] 
6230.152: [GC (Allocation Failure) [PSYoungGen: 421952K->146368K(504320K)] 831089K->659118K(1902592K), 0.0532121 secs] [Times: user=0.31 sys=0.01, real=0.05 secs] 
6231.344: [GC (Allocation Failure) [PSYoungGen: 462272K->107008K(505856K)] 975022K->756946K(1904128K), 0.0758561 secs] [Times: user=0.46 sys=0.00, real=0.08 secs] 
6233.113: [GC (Allocation Failure) [PSYoungGen: 426496K->151904K(506880K)] 1076434K->906303K(1905152K), 0.0532934 secs] [Times: user=0.31 sys=0.00, real=0.06 secs] 
6234.654: [GC (Allocation Failure) [PSYoungGen: 471391K->106208K(507904K)] 1225790K->1003867K(1906176K), 0.0671319 secs] [Times: user=0.40 sys=0.00, real=0.07 secs] 
6237.232: [GC (Allocation Failure) [PSYoungGen: 424672K->149120K(506880K)] 1322331K->1149660K(1905152K), 0.0530341 secs] [Times: user=0.31 sys=0.00, real=0.05 secs] 
6238.465: [GC (Allocation Failure) [PSYoungGen: 467584K->109792K(505344K)] 1468124K->1250380K(1903616K), 0.0675926 secs] [Times: user=0.40 sys=0.01, real=0.07 secs] 
6240.336: [GC (GCLocker Initiated GC) [PSYoungGen: 428768K->148672K(506368K)] 1569356K->1395137K(1904640K), 0.0539482 secs] [Times: user=0.31 sys=0.01, real=0.05 secs] 
6240.390: [Full GC (Ergonomics) [PSYoungGen: 148672K->0K(506368K)] [ParOldGen: 1246465K->192330K(1398272K)] 1395137K->192330K(1904640K), [Metaspace: 59712K->59712K(1105920K)], 0.4629806 secs] [Times: user=2.15 sys=0.00, real=0.46 secs] 
6241.924: [GC (Allocation Failure) [PSYoungGen: 318976K->109664K(507392K)] 511309K->301997K(1905664K), 0.0336435 secs] [Times: user=0.17 sys=0.00, real=0.04 secs] 
6242.749: [GC (Allocation Failure) [PSYoungGen: 430688K->155584K(476672K)] 623021K->453933K(1874944K), 0.0541205 secs] [Times: user=0.32 sys=0.00, real=0.05 secs] 
6245.408: [GC (Allocation Failure) [PSYoungGen: 476608K->94496K(507392K)] 774957K->548213K(1905664K), 0.1814455 secs] [Times: user=1.09 sys=0.00, real=0.18 secs] 
6246.212: [GC (Allocation Failure) [PSYoungGen: 409888K->153600K(469504K)] 863605K->697982K(1867776K), 0.0558872 secs] [Times: user=0.34 sys=0.00, real=0.06 secs] 
6249.308: [GC (Allocation Failure) [PSYoungGen: 468992K->91840K(504320K)] 1013374K->789718K(1902592K), 0.1678803 secs] [Times: user=0.99 sys=0.00, real=0.17 secs] 
6250.453: [GC (Allocation Failure) [PSYoungGen: 400576K->149504K(458752K)] 1098454K->933010K(1857024K), 0.0547268 secs] [Times: user=0.33 sys=0.00, real=0.06 secs] 
6252.614: [GC (GCLocker Initiated GC) [PSYoungGen: 458240K->91264K(502784K)] 1241747K->1023731K(1901056K), 0.1548442 secs] [Times: user=0.92 sys=0.00, real=0.16 secs] 
6253.227: [GC (Allocation Failure) [PSYoungGen: 396928K->140160K(445952K)] 1345782K->1176856K(1844224K), 0.2477361 secs] [Times: user=1.48 sys=0.00, real=0.24 secs] 
6255.386: [GC (Allocation Failure) [PSYoungGen: 444333K->88032K(501248K)] 1481029K->1265084K(1899520K), 0.3919628 secs] [Times: user=2.34 sys=0.01, real=0.39 secs] 
6256.502: [GC (Allocation Failure) [PSYoungGen: 394208K->163328K(470016K)] 1571260K->1424633K(1868288K), 0.0650084 secs] [Times: user=0.39 sys=0.00, real=0.07 secs] 
6256.567: [Full GC (Ergonomics) [PSYoungGen: 163328K->0K(470016K)] [ParOldGen: 1261305K->204787K(1398272K)] 1424633K->204787K(1868288K), [Metaspace: 59712K->59712K(1105920K)], 0.4818783 secs] [Times: user=2.24 sys=0.00, real=0.48 secs] 
6259.657: [GC (Allocation Failure) [PSYoungGen: 306176K->88352K(497664K)] 510963K->293139K(1895936K), 0.1708175 secs] [Times: user=1.02 sys=0.00, real=0.17 secs] 
6260.330: [GC (Allocation Failure) [PSYoungGen: 383264K->151936K(446976K)] 588051K->441751K(1845248K), 0.0487526 secs] [Times: user=0.29 sys=0.00, real=0.05 secs] 
6261.765: [GC (Allocation Failure) [PSYoungGen: 446848K->93696K(497152K)] 736663K->518735K(1895424K), 0.0625935 secs] [Times: user=0.37 sys=0.00, real=0.06 secs] 
6262.975: [GC (GCLocker Initiated GC) [PSYoungGen: 386048K->141280K(433664K)] 811087K->657280K(1831936K), 0.0700197 secs] [Times: user=0.41 sys=0.00, real=0.07 secs] 
6264.743: [GC (Allocation Failure) [PSYoungGen: 433632K->95136K(496640K)] 949634K->744226K(1894912K), 0.0646557 secs] [Times: user=0.39 sys=0.00, real=0.07 secs] 
6267.065: [GC (Allocation Failure) [PSYoungGen: 390560K->135168K(493568K)] 1039650K->877851K(1891840K), 0.0485564 secs] [Times: user=0.29 sys=0.00, real=0.05 secs] 
6268.240: [GC (Allocation Failure) [PSYoungGen: 430592K->104288K(496128K)] 1173275K->972651K(1894400K), 0.0662977 secs] [Times: user=0.39 sys=0.00, real=0.07 secs] 
6270.858: [GC (Allocation Failure) [PSYoungGen: 408416K->130976K(495616K)] 1276779K->1102208K(1893888K), 0.0593861 secs] [Times: user=0.35 sys=0.01, real=0.06 secs] 
6272.051: [GC (Allocation Failure) [PSYoungGen: 435104K->116448K(499712K)] 1406336K->1209136K(1897984K), 0.0643935 secs] [Times: user=0.38 sys=0.00, real=0.06 secs] 
6273.970: [GC (Allocation Failure) [PSYoungGen: 435424K->131104K(501760K)] 1528112K->1339773K(1900032K), 0.0599321 secs] [Times: user=0.35 sys=0.01, real=0.06 secs] 
6276.127: [GC (Allocation Failure) [PSYoungGen: 450080K->2896K(489984K)] 1658749K->1211825K(1888256K), 0.0039428 secs] [Times: user=0.02 sys=0.01, real=0.00 secs] 
6277.715: [GC (Allocation Failure) [PSYoungGen: 312656K->133664K(443904K)] 1521585K->1344230K(1842176K), 0.0305077 secs] [Times: user=0.18 sys=0.00, real=0.04 secs] 
6277.746: [Full GC (Ergonomics) [PSYoungGen: 133664K->0K(443904K)] [ParOldGen: 1210566K->148756K(1398272K)] 1344230K->148756K(1842176K), [Metaspace: 59712K->59712K(1105920K)], 0.3406346 secs] [Times: user=1.54 sys=0.00, real=0.34 secs] 
6280.285: [GC (Allocation Failure) [PSYoungGen: 309760K->114752K(511488K)] 458516K->263508K(1909760K), 0.0410794 secs] [Times: user=0.25 sys=0.00, real=0.04 secs] 
6282.662: [GC (Allocation Failure) [PSYoungGen: 431168K->139648K(503808K)] 579924K->402233K(1902080K), 0.0621780 secs] [Times: user=0.37 sys=0.00, real=0.06 secs] 
6283.930: [GC (Allocation Failure) [PSYoungGen: 456064K->2944K(485376K)] 718649K->265737K(1883648K), 0.0021286 secs] [Times: user=0.01 sys=0.00, real=0.00 secs] 
6285.233: [GC (Allocation Failure) [PSYoungGen: 298368K->129120K(497152K)] 561161K->391913K(1895424K), 0.0339127 secs] [Times: user=0.19 sys=0.00, real=0.04 secs] 
6288.321: [GC (Allocation Failure) [PSYoungGen: 424544K->201184K(434176K)] 687337K->499725K(1832448K), 0.0624424 secs] [Times: user=0.36 sys=0.00, real=0.06 secs] 
6291.076: [GC (Allocation Failure) [PSYoungGen: 434144K->82080K(465920K)] 732685K->582201K(1864192K), 0.1244433 secs] [Times: user=0.74 sys=0.00, real=0.12 secs] 
6291.416: [GC (Allocation Failure) [PSYoungGen: 315040K->116832K(445440K)] 815161K->693606K(1843712K), 0.0494276 secs] [Times: user=0.29 sys=0.00, real=0.05 secs] 
6293.126: [GC (Allocation Failure) [PSYoungGen: 349792K->59168K(455680K)] 926566K->752798K(1853952K), 0.0636960 secs] [Times: user=0.36 sys=0.01, real=0.06 secs] 
6295.040: [GC (Allocation Failure) [PSYoungGen: 292128K->105568K(454656K)] 985758K->857022K(1852928K), 0.0544971 secs] [Times: user=0.31 sys=0.01, real=0.05 secs] 
6295.973: [GC (Allocation Failure) [PSYoungGen: 360032K->129792K(465920K)] 1111486K->977942K(1864192K), 0.1433190 secs] [Times: user=0.85 sys=0.00, real=0.15 secs] 
6298.491: [GC (Allocation Failure) [PSYoungGen: 384256K->61824K(482816K)] 1232406K->1039846K(1881088K), 0.1482602 secs] [Times: user=0.88 sys=0.00, real=0.15 secs] 
6299.001: [GC (Allocation Failure) [PSYoungGen: 340352K->138816K(486400K)] 1318374K->1172383K(1884672K), 0.0463566 secs] [Times: user=0.28 sys=0.00, real=0.05 secs] 
6300.130: [GC (Allocation Failure) [PSYoungGen: 417344K->82560K(482304K)] 1450911K->1254839K(1880576K), 0.0612903 secs] [Times: user=0.37 sys=0.00, real=0.06 secs] 
6300.786: [GC (Allocation Failure) [PSYoungGen: 364160K->136736K(485888K)] 1536439K->1389022K(1884160K), 0.0473191 secs] [Times: user=0.28 sys=0.00, real=0.04 secs] 
6300.834: [Full GC (Ergonomics) [PSYoungGen: 136736K->0K(485888K)] [ParOldGen: 1252286K->184797K(1398272K)] 1389022K->184797K(1884160K), [Metaspace: 59712K->59712K(1105920K)], 0.4466519 secs] [Times: user=2.06 sys=0.00, real=0.45 secs] 
6302.627: [GC (Allocation Failure) [PSYoungGen: 281600K->88544K(484352K)] 466397K->273342K(1882624K), 0.0448876 secs] [Times: user=0.27 sys=0.01, real=0.04 secs] 
6304.474: [GC (Allocation Failure) [PSYoungGen: 377824K->143072K(488960K)] 562622K->414506K(1887232K), 0.0468313 secs] [Times: user=0.28 sys=0.00, real=0.05 secs] 
6306.294: [GC (Allocation Failure) [PSYoungGen: 432352K->104000K(487424K)] 703786K->501754K(1885696K), 0.0633170 secs] [Times: user=0.38 sys=0.00, real=0.07 secs] 
6308.321: [GC (Allocation Failure) [PSYoungGen: 399936K->123904K(491520K)] 797690K->624143K(1889792K), 0.0569004 secs] [Times: user=0.34 sys=0.00, real=0.06 secs] 
6310.236: [GC (Allocation Failure) [PSYoungGen: 419840K->124320K(495616K)] 920079K->738639K(1893888K), 0.0630650 secs] [Times: user=0.37 sys=0.00, real=0.06 secs] 
6312.842: [GC (GCLocker Initiated GC) [PSYoungGen: 435616K->113920K(499712K)] 1049935K->851895K(1897984K), 0.0744759 secs] [Times: user=0.44 sys=0.00, real=0.08 secs] 
6314.059: [GC (Allocation Failure) [PSYoungGen: 425216K->134496K(506368K)] 1163192K->975801K(1904640K), 0.0629299 secs] [Times: user=0.37 sys=0.00, real=0.06 secs] 
6315.412: [GC (Allocation Failure) [PSYoungGen: 459616K->120160K(507392K)] 1300921K->1095785K(1905664K), 0.0623450 secs] [Times: user=0.37 sys=0.00, real=0.06 secs] 
6316.706: [GC (Allocation Failure) [PSYoungGen: 445280K->1088K(494080K)] 1420905K->976777K(1892352K), 0.0026232 secs] [Times: user=0.02 sys=0.00, real=0.00 secs] 
6319.115: [GC (Allocation Failure) [PSYoungGen: 318016K->127936K(507904K)] 1293705K->1104214K(1906176K), 0.0347518 secs] [Times: user=0.20 sys=0.01, real=0.04 secs] 
6320.348: [GC (Allocation Failure) [PSYoungGen: 444864K->2464K(489472K)] 1421142K->978886K(1887744K), 0.0031244 secs] [Times: user=0.01 sys=0.00, real=0.00 secs] 
6322.195: [GC (Allocation Failure) [PSYoungGen: 300960K->125024K(423936K)] 1277382K->1102459K(1822208K), 0.0342951 secs] [Times: user=0.19 sys=0.01, real=0.03 secs] 
6323.397: [GC (Allocation Failure) [PSYoungGen: 423520K->121952K(500224K)] 1400955K->1214971K(1898496K), 0.0636271 secs] [Times: user=0.38 sys=0.00, real=0.06 secs] 
6325.573: [GC (Allocation Failure) [PSYoungGen: 421472K->111936K(411648K)] 1514491K->1327083K(1809920K), 0.0709790 secs] [Times: user=0.42 sys=0.00, real=0.07 secs] 
6325.644: [Full GC (Ergonomics) [PSYoungGen: 111936K->0K(411648K)] [ParOldGen: 1215147K->125468K(1398272K)] 1327083K->125468K(1809920K), [Metaspace: 59712K->59712K(1105920K)], 0.2828280 secs] [Times: user=1.27 sys=0.00, real=0.29 secs] 
6327.551: [GC (Allocation Failure) [PSYoungGen: 299520K->136608K(488960K)] 424988K->262076K(1887232K), 0.0484601 secs] [Times: user=0.29 sys=0.00, real=0.05 secs] 
6328.808: [GC (Allocation Failure) [PSYoungGen: 432544K->100128K(492544K)] 558012K->362524K(1890816K), 0.1103319 secs] [Times: user=0.66 sys=0.01, real=0.11 secs] 
6329.457: [GC (Allocation Failure) [PSYoungGen: 396037K->182912K(469504K)] 658433K->535161K(1867776K), 0.0594670 secs] [Times: user=0.35 sys=0.01, real=0.06 secs] 
6331.962: [GC (Allocation Failure) [PSYoungGen: 464000K->78080K(489984K)] 816249K->578445K(1888256K), 0.1101719 secs] [Times: user=0.65 sys=0.00, real=0.11 secs] 
6332.292: [GC (GCLocker Initiated GC) [PSYoungGen: 359168K->138720K(488448K)] 859534K->711315K(1886720K), 0.0506417 secs] [Times: user=0.30 sys=0.00, real=0.05 secs] 
6334.210: [GC (Allocation Failure) [PSYoungGen: 423392K->81600K(491008K)] 996022K->792630K(1889280K), 0.1690484 secs] [Times: user=1.00 sys=0.00, real=0.17 secs] 
6334.915: [GC (Allocation Failure) [PSYoungGen: 352098K->134176K(491008K)] 1063128K->921028K(1889280K), 0.0463896 secs] [Times: user=0.28 sys=0.00, real=0.05 secs] 
6336.494: [GC (Allocation Failure) [PSYoungGen: 422944K->90784K(491008K)] 1209796K->1003508K(1889280K), 0.0605664 secs] [Times: user=0.36 sys=0.00, real=0.06 secs] 
6338.035: [GC (Allocation Failure) [PSYoungGen: 379552K->134912K(489984K)] 1292276K->1135168K(1888256K), 0.0461891 secs] [Times: user=0.27 sys=0.00, real=0.05 secs] 
6340.192: [GC (Allocation Failure) [PSYoungGen: 428288K->98688K(491008K)] 1428544K->1224889K(1889280K), 0.0655458 secs] [Times: user=0.39 sys=0.00, real=0.07 secs] 
6341.219: [GC (Allocation Failure) [PSYoungGen: 392064K->135256K(495104K)] 1518265K->1358622K(1893376K), 0.0514197 secs] [Times: user=0.30 sys=0.00, real=0.05 secs] 
6341.270: [Full GC (Ergonomics) [PSYoungGen: 135256K->0K(495104K)] [ParOldGen: 1223365K->156381K(1398272K)] 1358622K->156381K(1893376K), [Metaspace: 59712K->59712K(1105920K)], 0.3701704 secs] [Times: user=1.69 sys=0.00, real=0.37 secs] 
6343.822: [GC (Allocation Failure) [PSYoungGen: 303616K->107360K(496128K)] 459997K->263741K(1894400K), 0.0389559 secs] [Times: user=0.23 sys=0.00, real=0.04 secs] 
6345.322: [GC (Allocation Failure) [PSYoungGen: 410976K->133632K(499712K)] 567357K->396066K(1897984K), 0.0553868 secs] [Times: user=0.32 sys=0.00, real=0.06 secs] 
6347.791: [GC (Allocation Failure) [PSYoungGen: 448000K->115424K(500224K)] 710434K->502546K(1898496K), 0.0647695 secs] [Times: user=0.39 sys=0.00, real=0.07 secs] 
6350.064: [GC (Allocation Failure) [PSYoungGen: 429792K->132736K(506880K)] 816914K->634223K(1905152K), 0.0600202 secs] [Times: user=0.35 sys=0.00, real=0.06 secs] 
6352.196: [GC (Allocation Failure) [PSYoungGen: 460416K->4160K(506880K)] 961903K->505771K(1905152K), 0.0025769 secs] [Times: user=0.02 sys=0.00, real=0.00 secs] 
6354.375: [GC (Allocation Failure) [PSYoungGen: 331840K->144448K(494592K)] 833451K->648744K(1892864K), 0.0294352 secs] [Times: user=0.17 sys=0.00, real=0.03 secs] 
6356.270: [GC (Allocation Failure) [PSYoungGen: 447040K->106016K(409088K)] 951336K->745424K(1807360K), 0.0647713 secs] [Times: user=0.38 sys=0.00, real=0.06 secs] 
6359.091: [GC (Allocation Failure) [PSYoungGen: 408608K->131936K(497664K)] 1048016K->875924K(1895936K), 0.0562180 secs] [Times: user=0.34 sys=0.00, real=0.06 secs] 
6360.279: [GC (Allocation Failure) [PSYoungGen: 440160K->115328K(498176K)] 1184148K->981504K(1896448K), 0.0640223 secs] [Times: user=0.38 sys=0.01, real=0.06 secs] 
6362.070: [GC (Allocation Failure) [PSYoungGen: 423552K->129792K(503808K)] 1289728K->1110393K(1902080K), 0.0582564 secs] [Times: user=0.35 sys=0.00, real=0.06 secs] 
6364.941: [GC (Allocation Failure) [PSYoungGen: 449792K->2592K(503296K)] 1430393K->983469K(1901568K), 0.0047364 secs] [Times: user=0.02 sys=0.00, real=0.01 secs] 
6366.738: [GC (Allocation Failure) [PSYoungGen: 322592K->135968K(497664K)] 1303469K->1118290K(1895936K), 0.0299636 secs] [Times: user=0.18 sys=0.00, real=0.03 secs] 
6369.058: [GC (Allocation Failure) [PSYoungGen: 438560K->113216K(416256K)] 1420882K->1221818K(1814528K), 0.0655645 secs] [Times: user=0.39 sys=0.00, real=0.06 secs] 
6371.290: [GC (Allocation Failure) [PSYoungGen: 415808K->125792K(499200K)] 1524410K->1346899K(1897472K), 0.0634999 secs] [Times: user=0.37 sys=0.00, real=0.06 secs] 
6371.353: [Full GC (Ergonomics) [PSYoungGen: 125792K->0K(499200K)] [ParOldGen: 1221107K->140575K(1398272K)] 1346899K->140575K(1897472K), [Metaspace: 59712K->59712K(1105920K)], 0.3263001 secs] [Times: user=1.50 sys=0.00, real=0.33 secs] 
6373.078: [GC (Allocation Failure) [PSYoungGen: 307200K->120544K(497664K)] 447775K->261119K(1895936K), 0.0428732 secs] [Times: user=0.25 sys=0.01, real=0.04 secs] 
6375.475: [GC (Allocation Failure) [PSYoungGen: 427744K->121408K(504832K)] 568319K->382719K(1903104K), 0.0756151 secs] [Times: user=0.41 sys=0.00, real=0.08 secs] 
6376.963: [GC (Allocation Failure) [PSYoungGen: 441408K->126528K(503296K)] 702719K->498494K(1901568K), 0.0622431 secs] [Times: user=0.37 sys=0.00, real=0.06 secs] 
6378.046: [GC (Allocation Failure) [PSYoungGen: 446528K->132672K(511488K)] 818494K->631334K(1909760K), 0.0632286 secs] [Times: user=0.38 sys=0.00, real=0.06 secs] 
6380.134: [GC (Allocation Failure) [PSYoungGen: 462400K->3424K(333312K)] 961062K->502126K(1731584K), 0.0023605 secs] [Times: user=0.01 sys=0.00, real=0.01 secs] 
6381.623: [GC (Allocation Failure) [PSYoungGen: 333152K->150336K(487936K)] 831854K->651167K(1886208K), 0.0301584 secs] [Times: user=0.17 sys=0.00, real=0.03 secs] 
6383.017: [GC (Allocation Failure) [PSYoungGen: 443712K->99776K(496128K)] 944543K->742099K(1894400K), 0.0664811 secs] [Times: user=0.39 sys=0.00, real=0.06 secs] 
6384.715: [GC (Allocation Failure) [PSYoungGen: 393152K->131552K(495616K)] 1035475K->872884K(1893888K), 0.0508087 secs] [Times: user=0.30 sys=0.00, real=0.06 secs] 
6386.414: [GC (Allocation Failure) [PSYoungGen: 432608K->112320K(496128K)] 1173940K->976588K(1894400K), 0.0639397 secs] [Times: user=0.38 sys=0.00, real=0.07 secs] 
6388.832: [GC (Allocation Failure) [PSYoungGen: 413376K->121632K(499712K)] 1277644K->1098221K(1897984K), 0.0694584 secs] [Times: user=0.41 sys=0.00, real=0.07 secs] 
6390.220: [GC (Allocation Failure) [PSYoungGen: 433952K->125984K(496640K)] 1410541K->1214044K(1894912K), 0.0630342 secs] [Times: user=0.38 sys=0.00, real=0.06 secs] 
6391.813: [GC (Allocation Failure) [PSYoungGen: 438304K->121344K(510976K)] 1526364K->1335544K(1909248K), 0.0711361 secs] [Times: user=0.42 sys=0.00, real=0.07 secs] 
6391.884: [Full GC (Ergonomics) [PSYoungGen: 121344K->0K(510976K)] [ParOldGen: 1214200K->135373K(1398272K)] 1335544K->135373K(1909248K), [Metaspace: 59712K->59712K(1105920K)], 0.3075532 secs] [Times: user=1.39 sys=0.00, real=0.31 secs] 
6393.351: [GC (Allocation Failure) [PSYoungGen: 330752K->128416K(509440K)] 466125K->263789K(1907712K), 0.0464090 secs] [Times: user=0.28 sys=0.00, real=0.05 secs] 
6394.360: [GC (Allocation Failure) [PSYoungGen: 459168K->141984K(514048K)] 594541K->405281K(1912320K), 0.0646402 secs] [Times: user=0.39 sys=0.00, real=0.06 secs] 
6395.877: [GC (Allocation Failure) [PSYoungGen: 478368K->12992K(349696K)] 741665K->276433K(1747968K), 0.0037686 secs] [Times: user=0.02 sys=0.00, real=0.00 secs] 
6397.419: [GC (Allocation Failure) [PSYoungGen: 349376K->158400K(485376K)] 612817K->433242K(1883648K), 0.0342381 secs] [Times: user=0.20 sys=0.00, real=0.03 secs] 
6398.894: [GC (Allocation Failure) [PSYoungGen: 450752K->92736K(495616K)] 725594K->517666K(1893888K), 0.0667298 secs] [Times: user=0.40 sys=0.00, real=0.07 secs] 
6401.721: [GC (Allocation Failure) [PSYoungGen: 385088K->134048K(491008K)] 810018K->648867K(1889280K), 0.0480286 secs] [Times: user=0.28 sys=0.01, real=0.05 secs] 
6402.892: [GC (Allocation Failure) [PSYoungGen: 432032K->105696K(495616K)] 946851K->745015K(1893888K), 0.0625871 secs] [Times: user=0.37 sys=0.01, real=0.06 secs] 
6405.732: [GC (Allocation Failure) [PSYoungGen: 403680K->130048K(499712K)] 1042999K->873348K(1897984K), 0.0555859 secs] [Times: user=0.32 sys=0.00, real=0.06 secs] 
6406.924: [GC (Allocation Failure) [PSYoungGen: 439296K->117568K(498688K)] 1182596K->981580K(1896960K), 0.0648805 secs] [Times: user=0.39 sys=0.00, real=0.07 secs] 
6409.578: [GC (Allocation Failure) [PSYoungGen: 426816K->128704K(503808K)] 1290828K->1108953K(1902080K), 0.0617222 secs] [Times: user=0.37 sys=0.00, real=0.06 secs] 
6410.786: [GC (Allocation Failure) [PSYoungGen: 449216K->121360K(502272K)] 1429465K->1220437K(1900544K), 0.0646036 secs] [Times: user=0.39 sys=0.00, real=0.06 secs] 
6413.240: [GC (Allocation Failure) [PSYoungGen: 441872K->136960K(509440K)] 1540949K->1356082K(1907712K), 0.0580805 secs] [Times: user=0.34 sys=0.00, real=0.06 secs] 
6413.298: [Full GC (Ergonomics) [PSYoungGen: 136960K->0K(509440K)] [ParOldGen: 1219122K->152178K(1398272K)] 1356082K->152178K(1907712K), [Metaspace: 59712K->59712K(1105920K)], 0.3650694 secs] [Times: user=1.69 sys=0.00, real=0.36 secs] 
6414.765: [GC (Allocation Failure) [PSYoungGen: 332288K->119168K(510976K)] 484466K->271346K(1909248K), 0.0418441 secs] [Times: user=0.24 sys=0.00, real=0.05 secs] 
6415.967: [GC (Allocation Failure) [PSYoungGen: 451456K->151776K(508928K)] 603634K->421523K(1907200K), 0.0591091 secs] [Times: user=0.35 sys=0.00, real=0.06 secs] 
6417.196: [GC (Allocation Failure) [PSYoungGen: 487648K->118208K(516096K)] 757395K->529923K(1914368K), 0.0681769 secs] [Times: user=0.40 sys=0.00, real=0.06 secs] 
6418.802: [GC (Allocation Failure) [PSYoungGen: 447443K->157440K(507904K)] 859158K->684143K(1906176K), 0.0563106 secs] [Times: user=0.33 sys=0.00, real=0.06 secs] 
6421.180: [GC (Allocation Failure) [PSYoungGen: 490752K->109440K(516096K)] 1017455K->784608K(1914368K), 0.1619883 secs] [Times: user=0.96 sys=0.01, real=0.16 secs] 
6421.771: [GC (Allocation Failure) [PSYoungGen: 442752K->160864K(502784K)] 1117920K->941796K(1901056K), 0.0542427 secs] [Times: user=0.33 sys=0.00, real=0.05 secs] 
6424.708: [GC (Allocation Failure) [PSYoungGen: 483936K->94624K(510976K)] 1264868K->1036508K(1909248K), 0.1731729 secs] [Times: user=1.03 sys=0.00, real=0.17 secs] 
6425.189: [GC (Allocation Failure) [PSYoungGen: 417696K->161088K(496128K)] 1359580K->1191701K(1894400K), 0.0567972 secs] [Times: user=0.34 sys=0.00, real=0.06 secs] 
6427.983: [GC (Allocation Failure) [PSYoungGen: 469824K->89760K(503808K)] 1500437K->1281541K(1902080K), 0.1635762 secs] [Times: user=0.97 sys=0.00, real=0.17 secs] 
6428.147: [Full GC (Ergonomics) [PSYoungGen: 89760K->0K(503808K)] [ParOldGen: 1191781K->79723K(1398272K)] 1281541K->79723K(1902080K), [Metaspace: 59712K->59712K(1105920K)], 0.2139216 secs] [Times: user=0.99 sys=0.01, real=0.21 secs] 
6428.587: [GC (Allocation Failure) [PSYoungGen: 308736K->152096K(497152K)] 388459K->231819K(1895424K), 0.0338710 secs] [Times: user=0.20 sys=0.00, real=0.03 secs] 
6431.718: [GC (Allocation Failure) [PSYoungGen: 454688K->84576K(500736K)] 534411K->316115K(1899008K), 0.1691243 secs] [Times: user=1.00 sys=0.01, real=0.17 secs] 
6432.838: [GC (Allocation Failure) [PSYoungGen: 387168K->148672K(496640K)] 618707K->458180K(1894912K), 0.0522806 secs] [Times: user=0.31 sys=0.00, real=0.05 secs] 
6434.290: [GC (Allocation Failure) [PSYoungGen: 447168K->94784K(393728K)] 756676K->552188K(1792000K), 0.1343805 secs] [Times: user=0.80 sys=0.00, real=0.13 secs] 
6435.372: [GC (Allocation Failure) [PSYoungGen: 385919K->138848K(499200K)] 843324K->680705K(1897472K), 0.0483209 secs] [Times: user=0.28 sys=0.00, real=0.05 secs] 
6437.744: [GC (Allocation Failure) [PSYoungGen: 440416K->100160K(498176K)] 982273K->771661K(1896448K), 0.0624893 secs] [Times: user=0.37 sys=0.01, real=0.07 secs] 
6438.750: [GC (Allocation Failure) [PSYoungGen: 401728K->142016K(498176K)] 1073229K->910182K(1896448K), 0.0493953 secs] [Times: user=0.29 sys=0.00, real=0.05 secs] 
6440.054: [GC (Allocation Failure) [PSYoungGen: 446656K->102752K(498176K)] 1214822K->1003322K(1896448K), 0.0642780 secs] [Times: user=0.38 sys=0.00, real=0.07 secs] 
6441.555: [GC (Allocation Failure) [PSYoungGen: 407392K->147328K(499712K)] 1307962K->1147315K(1897984K), 0.0522320 secs] [Times: user=0.30 sys=0.00, real=0.06 secs] 
6443.459: [GC (GCLocker Initiated GC) [PSYoungGen: 456576K->99648K(502272K)] 1456563K->1238395K(1900544K), 0.1226109 secs] [Times: user=0.73 sys=0.00, real=0.12 secs] 
6444.842: [GC (Allocation Failure) [PSYoungGen: 408896K->145472K(503808K)] 1547695K->1381164K(1902080K), 0.0513046 secs] [Times: user=0.31 sys=0.00, real=0.05 secs] 
6444.893: [Full GC (Ergonomics) [PSYoungGen: 145472K->0K(503808K)] [ParOldGen: 1235692K->180931K(1398272K)] 1381164K->180931K(1902080K), [Metaspace: 59712K->59712K(1105920K)], 0.4212250 secs] [Times: user=1.93 sys=0.00, real=0.42 secs] 
6446.406: [GC (Allocation Failure) [PSYoungGen: 313344K->107968K(421376K)] 494275K->288900K(1819648K), 0.0452092 secs] [Times: user=0.26 sys=0.00, real=0.04 secs] 
6448.451: [GC (Allocation Failure) [PSYoungGen: 421312K->145376K(502784K)] 602244K->429304K(1901056K), 0.0520885 secs] [Times: user=0.31 sys=0.00, real=0.05 secs] 
6449.608: [GC (Allocation Failure) [PSYoungGen: 459744K->106304K(504320K)] 743672K->527020K(1902592K), 0.0649427 secs] [Times: user=0.39 sys=0.00, real=0.06 secs] 
6452.051: [GC (Allocation Failure) [PSYoungGen: 420672K->147424K(504832K)] 841388K->671333K(1903104K), 0.0526732 secs] [Times: user=0.31 sys=0.00, real=0.05 secs] 
6453.818: [GC (Allocation Failure) [PSYoungGen: 465376K->105600K(507392K)] 989285K->768489K(1905664K), 0.0655112 secs] [Times: user=0.38 sys=0.00, real=0.06 secs] 
6456.030: [GC (Allocation Failure) [PSYoungGen: 423552K->149504K(505344K)] 1086441K->914082K(1903616K), 0.0523753 secs] [Times: user=0.31 sys=0.00, real=0.05 secs] 
6457.366: [GC (Allocation Failure) [PSYoungGen: 468480K->107936K(508928K)] 1233058K->1013306K(1907200K), 0.0710510 secs] [Times: user=0.41 sys=0.00, real=0.07 secs] 
6459.371: [GC (Allocation Failure) [PSYoungGen: 426912K->149952K(505344K)] 1332282K->1160131K(1903616K), 0.0531057 secs] [Times: user=0.31 sys=0.00, real=0.05 secs] 
6461.691: [GC (Allocation Failure) [PSYoungGen: 468928K->106336K(508928K)] 1479107K->1257971K(1907200K), 0.1579805 secs] [Times: user=0.94 sys=0.01, real=0.16 secs] 
6462.683: [GC (Allocation Failure) [PSYoungGen: 411455K->144736K(507904K)] 1563091K->1398944K(1906176K), 0.0521435 secs] [Times: user=0.31 sys=0.00, real=0.06 secs] 
6462.735: [Full GC (Ergonomics) [PSYoungGen: 144736K->0K(507904K)] [ParOldGen: 1254208K->195679K(1398272K)] 1398944K->195679K(1906176K), [Metaspace: 59713K->59713K(1105920K)], 0.4820883 secs] [Times: user=2.25 sys=0.00, real=0.48 secs] 
6464.598: [GC (Allocation Failure) [PSYoungGen: 321024K->107552K(429056K)] 516703K->303231K(1827328K), 0.0780159 secs] [Times: user=0.46 sys=0.00, real=0.08 secs] 
6465.580: [GC (Allocation Failure) [PSYoungGen: 428576K->154016K(504320K)] 624255K->453624K(1902592K), 0.0513421 secs] [Times: user=0.31 sys=0.00, real=0.05 secs] 
6468.633: [GC (Allocation Failure) [PSYoungGen: 472588K->93056K(508928K)] 772196K->546576K(1907200K), 0.1424737 secs] [Times: user=0.85 sys=0.01, real=0.14 secs] 
6469.185: [GC (Allocation Failure) [PSYoungGen: 412032K->155008K(499712K)] 865552K->697896K(1897984K), 0.0551051 secs] [Times: user=0.32 sys=0.00, real=0.06 secs] 
6471.919: [GC (Allocation Failure) [PSYoungGen: 464768K->89152K(504320K)] 1007656K->787013K(1902592K), 0.1627473 secs] [Times: user=0.96 sys=0.01, real=0.16 secs] 
6473.019: [GC (Allocation Failure) [PSYoungGen: 398912K->150496K(498176K)] 1096773K->931889K(1896448K), 0.0525795 secs] [Times: user=0.31 sys=0.00, real=0.05 secs] 
6476.002: [GC (Allocation Failure) [PSYoungGen: 454112K->87392K(501248K)] 1235505K->1019217K(1899520K), 0.1192682 secs] [Times: user=0.71 sys=0.00, real=0.12 secs] 
6477.227: [GC (Allocation Failure) [PSYoungGen: 389769K->143552K(500736K)] 1321594K->1158651K(1899008K), 0.0503380 secs] [Times: user=0.30 sys=0.00, real=0.05 secs] 
6478.563: [GC (Allocation Failure) [PSYoungGen: 447680K->102816K(407040K)] 1462779K->1252555K(1805312K), 0.0814156 secs] [Times: user=0.48 sys=0.00, real=0.08 secs] 
6479.534: [GC (Allocation Failure) [PSYoungGen: 406944K->143808K(497664K)] 1556683K->1393456K(1895936K), 0.0852759 secs] [Times: user=0.50 sys=0.00, real=0.09 secs] 
6479.619: [Full GC (Ergonomics) [PSYoungGen: 143808K->0K(497664K)] [ParOldGen: 1249648K->192167K(1398272K)] 1393456K->192167K(1895936K), [Metaspace: 59713K->59713K(1105920K)], 0.4879171 secs] [Times: user=2.29 sys=0.00, real=0.49 secs] 
6481.374: [GC (Allocation Failure) [PSYoungGen: 304128K->100096K(498688K)] 496295K->292263K(1896960K), 0.0513098 secs] [Times: user=0.30 sys=0.00, real=0.06 secs] 
6483.497: [GC (Allocation Failure) [PSYoungGen: 404224K->141728K(501760K)] 596391K->430556K(1900032K), 0.0492446 secs] [Times: user=0.29 sys=0.00, real=0.05 secs] 
6484.673: [GC (Allocation Failure) [PSYoungGen: 452000K->104544K(502272K)] 740828K->525396K(1900544K), 0.0844253 secs] [Times: user=0.50 sys=0.00, real=0.09 secs] 
6486.165: [GC (Allocation Failure) [PSYoungGen: 414816K->147584K(500736K)] 835668K->669412K(1899008K), 0.0518716 secs] [Times: user=0.30 sys=0.00, real=0.06 secs] 
6488.541: [GC (Allocation Failure) [PSYoungGen: 459904K->102176K(503808K)] 981732K->762536K(1902080K), 0.0994636 secs] [Times: user=0.59 sys=0.00, real=0.10 secs] 
6490.077: [GC (Allocation Failure) [PSYoungGen: 414496K->146272K(504832K)] 1074856K->905901K(1903104K), 0.0523256 secs] [Times: user=0.31 sys=0.00, real=0.05 secs] 
6491.358: [GC (Allocation Failure) [PSYoungGen: 462688K->106560K(423424K)] 1222317K->1003485K(1821696K), 0.0656302 secs] [Times: user=0.39 sys=0.00, real=0.06 secs] 
6492.444: [GC (Allocation Failure) [PSYoungGen: 422976K->151680K(502784K)] 1319901K->1152230K(1901056K), 0.0543289 secs] [Times: user=0.31 sys=0.00, real=0.06 secs] 
6494.229: [GC (Allocation Failure) [PSYoungGen: 467072K->105184K(506880K)] 1467622K->1248402K(1905152K), 0.0708470 secs] [Times: user=0.41 sys=0.01, real=0.07 secs] 
6496.103: [GC (Allocation Failure) [PSYoungGen: 420576K->148896K(504320K)] 1563794K->1393623K(1902592K), 0.0522744 secs] [Times: user=0.31 sys=0.00, real=0.05 secs] 
6496.155: [Full GC (Ergonomics) [PSYoungGen: 148896K->0K(504320K)] [ParOldGen: 1244727K->192355K(1398272K)] 1393623K->192355K(1902592K), [Metaspace: 59713K->59713K(1105920K)], 0.4760314 secs] [Times: user=2.21 sys=0.00, real=0.48 secs] 
6497.694: [GC (Allocation Failure) [PSYoungGen: 315904K->105920K(507392K)] 508259K->298275K(1905664K), 0.0323186 secs] [Times: user=0.18 sys=0.01, real=0.04 secs] 
6498.454: [GC (Allocation Failure) [PSYoungGen: 421824K->149536K(504320K)] 614179K->441752K(1902592K), 0.0500414 secs] [Times: user=0.30 sys=0.00, real=0.05 secs] 
6499.708: [GC (Allocation Failure) [PSYoungGen: 465440K->107968K(423936K)] 757656K->540428K(1822208K), 0.0824048 secs] [Times: user=0.47 sys=0.01, real=0.08 secs] 
6500.316: [GC (Allocation Failure) [PSYoungGen: 410320K->147232K(504832K)] 842780K->681096K(1903104K), 0.0506293 secs] [Times: user=0.30 sys=0.00, real=0.05 secs] 
Heap
 PSYoungGen      total 504832K, used 354339K [0x00000000d5580000, 0x0000000100000000, 0x0000000100000000)
  eden space 31692