1.198: [GC (Allocation Failure) [PSYoungGen: 128000K->12956K(148992K)] 128000K->12980K(488960K), 0.0974257 secs] [Times: user=0.01 sys=0.01, real=0.10 secs] 
1.414: [GC (Metadata GC Threshold) [PSYoungGen: 49726K->6063K(148992K)] 49750K->6159K(488960K), 0.0038723 secs] [Times: user=0.02 sys=0.00, real=0.00 secs] 
1.418: [Full GC (Metadata GC Threshold) [PSYoungGen: 6063K->0K(148992K)] [ParOldGen: 96K->5940K(200704K)] 6159K->5940K(349696K), [Metaspace: 20448K->20448K(1067008K)], 0.0166696 secs] [Times: user=0.04 sys=0.01, real=0.02 secs] 
2.043: [GC (Allocation Failure) [PSYoungGen: 128000K->10288K(148992K)] 133940K->16236K(349696K), 0.0036713 secs] [Times: user=0.00 sys=0.00, real=0.01 secs] 
2.819: [GC (Metadata GC Threshold) [PSYoungGen: 38783K->4736K(194048K)] 44731K->10693K(394752K), 0.0025416 secs] [Times: user=0.00 sys=0.01, real=0.00 secs] 
2.821: [Full GC (Metadata GC Threshold) [PSYoungGen: 4736K->0K(194048K)] [ParOldGen: 5956K->8934K(323072K)] 10693K->8934K(517120K), [Metaspace: 33734K->33734K(1079296K)], 0.0178030 secs] [Times: user=0.05 sys=0.00, real=0.02 secs] 
3.736: [GC (Allocation Failure) [PSYoungGen: 178654K->18162K(199680K)] 187588K->27104K(522752K), 0.0069550 secs] [Times: user=0.02 sys=0.00, real=0.00 secs] 
4.290: [GC (Allocation Failure) [PSYoungGen: 196850K->13679K(267264K)] 205792K->96357K(590336K), 0.0099039 secs] [Times: user=0.04 sys=0.01, real=0.01 secs] 
4.858: [GC (Allocation Failure) [PSYoungGen: 231386K->4519K(267776K)] 314064K->185509K(590848K), 0.0104402 secs] [Times: user=0.05 sys=0.01, real=0.01 secs] 
5.453: [GC (Allocation Failure) [PSYoungGen: 251804K->4872K(391680K)] 432794K->284174K(714752K), 0.0101083 secs] [Times: user=0.05 sys=0.00, real=0.01 secs] 
5.463: [Full GC (Ergonomics) [PSYoungGen: 4872K->0K(391680K)] [ParOldGen: 279302K->208985K(730112K)] 284174K->208985K(1121792K), [Metaspace: 52544K->52544K(1097728K)], 0.0568215 secs] [Times: user=0.24 sys=0.01, real=0.06 secs] 
6.796: [GC (Allocation Failure) [PSYoungGen: 371200K->18461K(391680K)] 580185K->243838K(1121792K), 0.0055152 secs] [Times: user=0.02 sys=0.01, real=0.00 secs] 
7.829: [GC (Allocation Failure) [PSYoungGen: 389661K->3888K(463360K)] 615038K->229273K(1193472K), 0.0022761 secs] [Times: user=0.00 sys=0.00, real=0.00 secs] 
9.309: [GC (Allocation Failure) [PSYoungGen: 457008K->2192K(475648K)] 682393K->227585K(1205760K), 0.0017960 secs] [Times: user=0.00 sys=0.00, real=0.00 secs] 
12.091: [GC (Allocation Failure) [PSYoungGen: 455312K->2189K(532480K)] 680705K->227590K(1262592K), 0.0019771 secs] [Times: user=0.01 sys=0.01, real=0.00 secs] 
15.734: [GC (Allocation Failure) [PSYoungGen: 526477K->2630K(546816K)] 751878K->228039K(1276928K), 0.0028638 secs] [Times: user=0.01 sys=0.00, real=0.01 secs] 
19.316: [GC (Allocation Failure) [PSYoungGen: 526918K->2320K(593408K)] 752327K->227729K(1323520K), 0.0040211 secs] [Times: user=0.01 sys=0.01, real=0.00 secs] 
21.931: [GC (Allocation Failure) [PSYoungGen: 584976K->2413K(604160K)] 810385K->227822K(1334272K), 0.0026526 secs] [Times: user=0.01 sys=0.00, real=0.01 secs] 
24.594: [GC (Allocation Failure) [PSYoungGen: 585069K->2493K(640000K)] 810478K->227910K(1370112K), 0.0021200 secs] [Times: user=0.01 sys=0.00, real=0.00 secs] 
28.887: [GC (Allocation Failure) [PSYoungGen: 631229K->2509K(649216K)] 856646K->227926K(1379328K), 0.0022470 secs] [Times: user=0.01 sys=0.01, real=0.00 secs] 
31.492: [GC (Allocation Failure) [PSYoungGen: 631245K->2509K(668672K)] 856662K->227926K(1398784K), 0.0024856 secs] [Times: user=0.01 sys=0.01, real=0.01 secs] 
35.451: [GC (Allocation Failure) [PSYoungGen: 655821K->6576K(672256K)] 881238K->231993K(1402368K), 0.0031545 secs] [Times: user=0.01 sys=0.00, real=0.01 secs] 
41.120: [GC (Allocation Failure) [PSYoungGen: 659888K->2384K(635904K)] 885305K->227809K(1366016K), 0.0033812 secs] [Times: user=0.01 sys=0.00, real=0.00 secs] 
44.593: [GC (Allocation Failure) [PSYoungGen: 635728K->2384K(616960K)] 861153K->227817K(1347072K), 0.0027068 secs] [Times: user=0.01 sys=0.00, real=0.01 secs] 
48.944: [GC (Allocation Failure) [PSYoungGen: 616784K->2416K(599040K)] 842217K->227849K(1329152K), 0.0030510 secs] [Times: user=0.01 sys=0.00, real=0.00 secs] 
52.797: [GC (Allocation Failure) [PSYoungGen: 598896K->2493K(581632K)] 824329K->227926K(1311744K), 0.0028536 secs] [Times: user=0.01 sys=0.00, real=0.00 secs] 
54.615: [GC (Allocation Failure) [PSYoungGen: 581565K->2221K(565248K)] 806998K->227940K(1295360K), 0.0021923 secs] [Times: user=0.01 sys=0.00, real=0.00 secs] 
58.163: [GC (Allocation Failure) [PSYoungGen: 564909K->2189K(549376K)] 790628K->227956K(1279488K), 0.0020534 secs] [Times: user=0.01 sys=0.00, real=0.01 secs] 
60.766: [GC (Allocation Failure) [PSYoungGen: 549005K->1885K(533504K)] 774772K->227992K(1263616K), 0.0021823 secs] [Times: user=0.01 sys=0.00, real=0.00 secs] 
63.149: [GC (Allocation Failure) [PSYoungGen: 533341K->1837K(518656K)] 759448K->227968K(1248768K), 0.0021258 secs] [Times: user=0.01 sys=0.00, real=0.00 secs] 
65.093: [GC (Allocation Failure) [PSYoungGen: 518445K->1632K(504320K)] 744576K->227963K(1234432K), 0.0025721 secs] [Times: user=0.01 sys=0.00, real=0.01 secs] 
66.577: [GC (Allocation Failure) [PSYoungGen: 503904K->1664K(491008K)] 730235K->228019K(1221120K), 0.0019097 secs] [Times: user=0.01 sys=0.00, real=0.00 secs] 
68.730: [GC (Allocation Failure) [PSYoungGen: 490624K->1696K(478208K)] 716979K->228083K(1208320K), 0.0024124 secs] [Times: user=0.01 sys=0.00, real=0.00 secs] 
70.765: [GC (Allocation Failure) [PSYoungGen: 477856K->9888K(474112K)] 704243K->244515K(1204224K), 0.0101736 secs] [Times: user=0.02 sys=0.01, real=0.01 secs] 
74.417: [GC (Allocation Failure) [PSYoungGen: 473760K->2688K(455168K)] 708387K->237355K(1185280K), 0.0022174 secs] [Times: user=0.00 sys=0.00, real=0.00 secs] 
77.585: [GC (Allocation Failure) [PSYoungGen: 454784K->1648K(442368K)] 689451K->236355K(1172480K), 0.0018695 secs] [Times: user=0.01 sys=0.00, real=0.00 secs] 
79.139: [GC (Allocation Failure) [PSYoungGen: 441968K->1584K(431104K)] 676675K->236339K(1161216K), 0.0017725 secs] [Times: user=0.00 sys=0.00, real=0.00 secs] 
81.000: [GC (Allocation Failure) [PSYoungGen: 430640K->1648K(420352K)] 665395K->236427K(1150464K), 0.0022201 secs] [Times: user=0.01 sys=0.00, real=0.00 secs] 
82.400: [GC (Allocation Failure) [PSYoungGen: 419952K->9856K(418304K)] 654731K->252867K(1148416K), 0.0027902 secs] [Times: user=0.01 sys=0.00, real=0.00 secs] 
84.170: [GC (Allocation Failure) [PSYoungGen: 417920K->1712K(400384K)] 660931K->244731K(1130496K), 0.0016762 secs] [Times: user=0.00 sys=0.00, real=0.00 secs] 
86.410: [GC (Allocation Failure) [PSYoungGen: 400048K->1565K(390656K)] 643067K->244632K(1120768K), 0.0022342 secs] [Times: user=0.01 sys=0.00, real=0.00 secs] 
88.574: [GC (Allocation Failure) [PSYoungGen: 390173K->1600K(381440K)] 633240K->244683K(1111552K), 0.0022826 secs] [Times: user=0.01 sys=0.00, real=0.01 secs] 
90.247: [GC (Allocation Failure) [PSYoungGen: 380992K->384K(371200K)] 624075K->243483K(1101312K), 0.0018636 secs] [Times: user=0.00 sys=0.00, real=0.00 secs] 
93.179: [GC (Allocation Failure) [PSYoungGen: 371072K->1520K(372736K)] 614171K->244635K(1102848K), 0.0015503 secs] [Times: user=0.00 sys=0.00, real=0.00 secs] 
95.064: [GC (Allocation Failure) [PSYoungGen: 363504K->1632K(355840K)] 606619K->244771K(1085952K), 0.0028514 secs] [Times: user=0.01 sys=0.00, real=0.00 secs] 
96.513: [GC (Allocation Failure) [PSYoungGen: 355424K->1616K(348160K)] 598563K->244779K(1078272K), 0.0018343 secs] [Times: user=0.01 sys=0.00, real=0.01 secs] 
99.111: [GC (Allocation Failure) [PSYoungGen: 347728K->1453K(339968K)] 590891K->244624K(1070080K), 0.0022871 secs] [Times: user=0.01 sys=0.00, real=0.00 secs] 
100.510: [GC (Allocation Failure) [PSYoungGen: 339885K->8672K(339968K)] 583056K->262202K(1070080K), 0.0049813 secs] [Times: user=0.02 sys=0.00, real=0.01 secs] 
101.736: [GC (Allocation Failure) [PSYoungGen: 339936K->1661K(326144K)] 593466K->255200K(1056256K), 0.0017431 secs] [Times: user=0.00 sys=0.00, real=0.00 secs] 
103.875: [GC (Allocation Failure) [PSYoungGen: 325757K->1616K(319488K)] 579296K->255154K(1049600K), 0.0023800 secs] [Times: user=0.00 sys=0.00, real=0.00 secs] 
104.668: [GC (Allocation Failure) [PSYoungGen: 319056K->1728K(312832K)] 572594K->255275K(1042944K), 0.0019139 secs] [Times: user=0.01 sys=0.00, real=0.00 secs] 
107.901: [GC (Allocation Failure) [PSYoungGen: 312512K->1472K(305664K)] 566059K->255034K(1035776K), 0.0026488 secs] [Times: user=0.01 sys=0.00, real=0.00 secs] 
108.899: [GC (Allocation Failure) [PSYoungGen: 305600K->9920K(308224K)] 559162K->263490K(1038336K), 0.0031101 secs] [Times: user=0.01 sys=0.00, real=0.00 secs] 
111.177: [GC (Allocation Failure) [PSYoungGen: 307904K->1517K(293376K)] 561474K->255104K(1023488K), 0.0023100 secs] [Times: user=0.01 sys=0.00, real=0.00 secs] 
114.025: [GC (Allocation Failure) [PSYoungGen: 287446K->9872K(296448K)] 541033K->263482K(1026560K), 0.0044406 secs] [Times: user=0.01 sys=0.00, real=0.00 secs] 
116.290: [GC (Allocation Failure) [PSYoungGen: 296080K->1517K(282112K)] 549690K->255144K(1012224K), 0.0023863 secs] [Times: user=0.01 sys=0.00, real=0.00 secs] 
117.492: [GC (Allocation Failure) [PSYoungGen: 282093K->9872K(285184K)] 535720K->271690K(1015296K), 0.0048739 secs] [Times: user=0.02 sys=0.00, real=0.01 secs] 
119.356: [GC (Allocation Failure) [PSYoungGen: 284816K->1536K(271872K)] 546634K->263363K(1001984K), 0.0015439 secs] [Times: user=0.01 sys=0.00, real=0.00 secs] 
120.083: [GC (Allocation Failure) [PSYoungGen: 266378K->9872K(274944K)] 528205K->271706K(1005056K), 0.0026385 secs] [Times: user=0.01 sys=0.00, real=0.01 secs] 
122.677: [GC (Allocation Failure) [PSYoungGen: 274576K->1565K(261632K)] 536410K->263416K(991744K), 0.0027679 secs] [Times: user=0.01 sys=0.00, real=0.00 secs] 
123.273: [GC (Allocation Failure) [PSYoungGen: 261149K->5776K(261120K)] 523000K->267626K(991232K), 0.0022133 secs] [Times: user=0.01 sys=0.00, real=0.01 secs] 
124.297: [GC (Allocation Failure) [PSYoungGen: 260752K->1456K(251904K)] 522602K->263322K(982016K), 0.0019222 secs] [Times: user=0.01 sys=0.00, real=0.00 secs] 
124.904: [GC (Allocation Failure) [PSYoungGen: 251824K->1664K(247808K)] 513690K->263603K(977920K), 0.0016981 secs] [Times: user=0.00 sys=0.00, real=0.00 secs] 
128.157: [GC (Allocation Failure) [PSYoungGen: 247424K->1472K(243200K)] 509363K->263410K(973312K), 0.0042770 secs] [Times: user=0.02 sys=0.00, real=0.00 secs] 
129.355: [GC (Allocation Failure) [PSYoungGen: 243136K->1616K(239616K)] 505074K->263555K(969728K), 0.0018453 secs] [Times: user=0.00 sys=0.00, real=0.00 secs] 
130.877: [GC (Allocation Failure) [PSYoungGen: 239184K->1472K(235008K)] 501123K->263418K(965120K), 0.0028602 secs] [Times: user=0.01 sys=0.00, real=0.00 secs] 
133.170: [GC (Allocation Failure) [PSYoungGen: 234944K->1552K(231424K)] 496890K->263523K(961536K), 0.0016821 secs] [Times: user=0.01 sys=0.00, real=0.00 secs] 
134.664: [GC (Allocation Failure) [PSYoungGen: 228596K->9776K(236032K)] 490567K->271754K(966144K), 0.0039052 secs] [Times: user=0.01 sys=0.00, real=0.00 secs] 
136.738: [GC (Allocation Failure) [PSYoungGen: 235568K->1408K(223744K)] 497546K->263386K(953856K), 0.0042859 secs] [Times: user=0.02 sys=0.00, real=0.00 secs] 
137.332: [GC (Allocation Failure) [PSYoungGen: 223616K->1648K(220672K)] 485594K->263635K(950784K), 0.0018219 secs] [Times: user=0.01 sys=0.00, real=0.01 secs] 
140.007: [GC (Allocation Failure) [PSYoungGen: 220272K->1440K(216576K)] 482259K->263426K(946688K), 0.0030571 secs] [Times: user=0.01 sys=0.00, real=0.00 secs] 
141.109: [GC (Allocation Failure) [PSYoungGen: 216480K->1552K(213504K)] 478466K->263547K(943616K), 0.0016858 secs] [Times: user=0.01 sys=0.00, real=0.00 secs] 
142.843: [GC (Allocation Failure) [PSYoungGen: 213008K->9760K(218624K)] 475003K->271762K(948736K), 0.0022875 secs] [Times: user=0.01 sys=0.00, real=0.01 secs] 
145.555: [GC (Allocation Failure) [PSYoungGen: 218144K->1408K(206848K)] 480146K->263426K(936960K), 0.0039972 secs] [Times: user=0.02 sys=0.01, real=0.00 secs] 
146.606: [GC (Allocation Failure) [PSYoungGen: 206720K->1616K(204288K)] 468738K->263675K(934400K), 0.0018573 secs] [Times: user=0.00 sys=0.01, real=0.00 secs] 
147.359: [GC (Allocation Failure) [PSYoungGen: 203856K->9664K(208896K)] 465915K->279930K(939008K), 0.0029076 secs] [Times: user=0.01 sys=0.00, real=0.00 secs] 
148.947: [GC (Allocation Failure) [PSYoungGen: 208832K->1421K(197632K)] 479098K->271696K(927744K), 0.0033338 secs] [Times: user=0.01 sys=0.00, real=0.00 secs] 
149.366: [GC (Allocation Failure) [PSYoungGen: 197517K->1616K(195072K)] 467792K->271891K(925184K), 0.0020330 secs] [Times: user=0.00 sys=0.00, real=0.00 secs] 
151.456: [GC (Allocation Failure) [PSYoungGen: 194640K->1440K(192000K)] 464915K->271714K(922112K), 0.0026112 secs] [Times: user=0.01 sys=0.00, real=0.00 secs] 
153.699: [GC (Allocation Failure) [PSYoungGen: 191898K->1453K(189440K)] 462173K->271736K(919552K), 0.0022570 secs] [Times: user=0.00 sys=0.00, real=0.00 secs] 
154.137: [GC (Allocation Failure) [PSYoungGen: 189357K->1648K(187392K)] 459640K->271931K(917504K), 0.0017463 secs] [Times: user=0.00 sys=0.00, real=0.00 secs] 
154.946: [GC (Allocation Failure) [PSYoungGen: 186992K->1440K(184320K)] 457275K->271730K(914432K), 0.0020153 secs] [Times: user=0.01 sys=0.00, real=0.00 secs] 
155.808: [GC (Allocation Failure) [PSYoungGen: 184224K->1488K(181760K)] 454514K->271779K(911872K), 0.0015179 secs] [Times: user=0.00 sys=0.00, real=0.00 secs] 
156.175: [GC (Allocation Failure) [PSYoungGen: 181712K->1616K(179712K)] 452003K->271907K(909824K), 0.0018547 secs] [Times: user=0.01 sys=0.00, real=0.00 secs] 
157.885: [GC (Allocation Failure) [PSYoungGen: 179280K->1440K(176640K)] 449571K->271738K(906752K), 0.0020894 secs] [Times: user=0.01 sys=0.00, real=0.00 secs] 
159.075: [GC (Allocation Failure) [PSYoungGen: 176544K->1453K(174080K)] 446842K->271768K(904192K), 0.0022100 secs] [Times: user=0.01 sys=0.01, real=0.00 secs] 
159.417: [GC (Allocation Failure) [PSYoungGen: 173997K->1584K(172544K)] 444312K->271899K(902656K), 0.0019790 secs] [Times: user=0.01 sys=0.00, real=0.00 secs] 
160.107: [GC (Allocation Failure) [PSYoungGen: 172080K->1504K(169984K)] 442395K->288210K(900096K), 0.0031534 secs] [Times: user=0.01 sys=0.01, real=0.00 secs] 
160.996: [GC (Allocation Failure) [PSYoungGen: 169952K->1408K(167936K)] 456658K->288114K(898048K), 0.0021740 secs] [Times: user=0.01 sys=0.00, real=0.00 secs] 
161.414: [GC (Allocation Failure) [PSYoungGen: 167808K->1552K(166400K)] 454514K->288267K(896512K), 0.0017102 secs] [Times: user=0.01 sys=0.00, real=0.00 secs] 
162.532: [GC (Allocation Failure) [PSYoungGen: 165904K->5600K(167936K)] 452619K->296418K(898048K), 0.0040728 secs] [Times: user=0.02 sys=0.00, real=0.01 secs] 
163.593: [GC (Allocation Failure) [PSYoungGen: 167904K->1376K(161792K)] 458722K->292194K(891904K), 0.0018960 secs] [Times: user=0.01 sys=0.00, real=0.01 secs] 
164.374: [GC (Allocation Failure) [PSYoungGen: 161632K->1536K(160256K)] 452450K->292355K(890368K), 0.0016073 secs] [Times: user=0.01 sys=0.00, real=0.01 secs] 
164.652: [GC (Allocation Failure) [PSYoungGen: 159744K->1581K(158208K)] 450563K->292400K(888320K), 0.0017995 secs] [Times: user=0.01 sys=0.00, real=0.01 secs] 
165.681: [GC (Allocation Failure) [PSYoungGen: 157741K->1408K(155648K)] 448560K->292242K(885760K), 0.0031531 secs] [Times: user=0.01 sys=0.00, real=0.01 secs] 
166.670: [GC (Allocation Failure) [PSYoungGen: 155520K->1408K(153600K)] 446354K->292243K(883712K), 0.0021880 secs] [Times: user=0.01 sys=0.00, real=0.00 secs] 
167.021: [GC (Allocation Failure) [PSYoungGen: 153472K->1533K(152064K)] 444307K->292376K(882176K), 0.0018890 secs] [Times: user=0.00 sys=0.00, real=0.00 secs] 
168.163: [GC (Allocation Failure) [PSYoungGen: 152061K->5616K(154624K)] 442904K->300554K(884736K), 0.0056710 secs] [Times: user=0.02 sys=0.00, real=0.01 secs] 
169.483: [GC (Allocation Failure) [PSYoungGen: 154608K->1408K(148992K)] 449546K->296346K(879104K), 0.0028961 secs] [Times: user=0.01 sys=0.00, real=0.01 secs] 
170.295: [GC (Allocation Failure) [PSYoungGen: 148864K->1549K(147968K)] 443802K->296488K(878080K), 0.0015675 secs] [Times: user=0.01 sys=0.00, real=0.00 secs] 
170.551: [GC (Allocation Failure) [PSYoungGen: 147469K->1552K(146432K)] 442408K->296491K(876544K), 0.0016700 secs] [Times: user=0.01 sys=0.00, real=0.00 secs] 
172.033: [GC (Allocation Failure) [PSYoungGen: 145936K->1440K(144384K)] 440875K->296378K(874496K), 0.0035559 secs] [Times: user=0.01 sys=0.00, real=0.01 secs] 
173.941: [GC (Allocation Failure) [PSYoungGen: 144288K->1376K(142848K)] 439226K->296314K(872960K), 0.0033258 secs] [Times: user=0.01 sys=0.00, real=0.01 secs] 
174.739: [GC (Allocation Failure) [PSYoungGen: 142688K->1584K(141824K)] 437626K->296531K(871936K), 0.0017838 secs] [Times: user=0.01 sys=0.00, real=0.00 secs] 
174.985: [GC (Allocation Failure) [PSYoungGen: 141360K->1616K(140288K)] 436307K->296571K(870400K), 0.0019314 secs] [Times: user=0.00 sys=0.00, real=0.00 secs] 
175.831: [GC (Allocation Failure) [PSYoungGen: 139856K->1440K(138240K)] 434811K->296402K(868352K), 0.0030605 secs] [Times: user=0.01 sys=0.01, real=0.01 secs] 
177.455: [GC (Allocation Failure) [PSYoungGen: 138144K->1376K(136704K)] 433106K->296338K(866816K), 0.0030317 secs] [Times: user=0.01 sys=0.00, real=0.00 secs] 
178.007: [GC (Allocation Failure) [PSYoungGen: 136544K->1501K(135168K)] 431506K->296464K(865280K), 0.0017018 secs] [Times: user=0.01 sys=0.00, real=0.00 secs] 
178.241: [GC (Allocation Failure) [PSYoungGen: 135133K->1584K(134144K)] 430096K->296547K(864256K), 0.0018750 secs] [Times: user=0.00 sys=0.00, real=0.00 secs] 
179.348: [GC (Allocation Failure) [PSYoungGen: 133680K->1440K(132096K)] 428643K->296402K(862208K), 0.0028212 secs] [Times: user=0.01 sys=0.00, real=0.00 secs] 
179.893: [GC (Allocation Failure) [PSYoungGen: 132000K->1408K(130560K)] 426962K->296370K(860672K), 0.0022975 secs] [Times: user=0.01 sys=0.00, real=0.01 secs] 
180.251: [GC (Allocation Failure) [PSYoungGen: 130432K->1488K(129536K)] 425394K->296451K(859648K), 0.0015998 secs] [Times: user=0.01 sys=0.00, real=0.00 secs] 
180.475: [GC (Allocation Failure) [PSYoungGen: 129488K->1552K(129024K)] 424451K->296515K(859136K), 0.0018495 secs] [Times: user=0.01 sys=0.00, real=0.00 secs] 
183.157: [GC (Allocation Failure) [PSYoungGen: 128528K->1440K(127488K)] 423491K->296402K(857600K), 0.0035134 secs] [Times: user=0.01 sys=0.00, real=0.00 secs] 
183.779: [GC (Allocation Failure) [PSYoungGen: 127392K->1376K(126464K)] 422354K->296338K(856576K), 0.0021735 secs] [Times: user=0.01 sys=0.00, real=0.00 secs] 
184.287: [GC (Allocation Failure) [PSYoungGen: 126304K->1485K(125440K)] 421266K->296448K(855552K), 0.0015620 secs] [Times: user=0.00 sys=0.00, real=0.00 secs] 
184.509: [GC (Allocation Failure) [PSYoungGen: 125389K->1520K(124416K)] 420352K->296499K(854528K), 0.0017557 secs] [Times: user=0.01 sys=0.00, real=0.00 secs] 
186.570: [GC (Allocation Failure) [PSYoungGen: 122545K->1520K(123392K)] 417524K->300602K(853504K), 0.0048623 secs] [Times: user=0.02 sys=0.00, real=0.01 secs] 
187.731: [GC (Allocation Failure) [PSYoungGen: 123376K->1328K(122368K)] 422458K->300410K(852480K), 0.0037379 secs] [Times: user=0.02 sys=0.00, real=0.01 secs] 
188.708: [GC (Allocation Failure) [PSYoungGen: 122160K->1408K(121344K)] 421242K->300490K(851456K), 0.0043461 secs] [Times: user=0.01 sys=0.00, real=0.00 secs] 
189.101: [GC (Allocation Failure) [PSYoungGen: 121216K->1520K(120320K)] 420298K->300603K(850432K), 0.0017362 secs] [Times: user=0.00 sys=0.00, real=0.00 secs] 
189.308: [GC (Allocation Failure) [PSYoungGen: 120304K->1504K(119296K)] 419387K->300587K(849408K), 0.0017217 secs] [Times: user=0.01 sys=0.00, real=0.00 secs] 
189.727: [GC (Allocation Failure) [PSYoungGen: 119264K->1408K(118272K)] 418347K->300490K(848384K), 0.0016540 secs] [Times: user=0.00 sys=0.00, real=0.00 secs] 
190.220: [GC (Allocation Failure) [PSYoungGen: 118144K->1344K(117248K)] 417226K->300426K(847360K), 0.0018621 secs] [Times: user=0.00 sys=0.00, real=0.00 secs] 
190.655: [GC (Allocation Failure) [PSYoungGen: 117056K->1456K(116224K)] 416138K->300547K(846336K), 0.0020391 secs] [Times: user=0.01 sys=0.00, real=0.00 secs] 
190.917: [GC (Allocation Failure) [PSYoungGen: 116144K->1581K(115712K)] 415235K->300672K(845824K), 0.0017400 secs] [Times: user=0.01 sys=0.00, real=0.00 secs] 
191.230: [GC (Allocation Failure) [PSYoungGen: 115245K->1600K(114688K)] 414336K->300698K(844800K), 0.0018475 secs] [Times: user=0.01 sys=0.00, real=0.00 secs] 
192.230: [GC (Allocation Failure) [PSYoungGen: 114240K->1376K(113152K)] 413338K->300474K(843264K), 0.0033274 secs] [Times: user=0.01 sys=0.00, real=0.00 secs] 
192.963: [GC (Allocation Failure) [PSYoungGen: 112992K->1408K(112128K)] 412090K->300522K(842240K), 0.0019611 secs] [Times: user=0.01 sys=0.00, real=0.01 secs] 
193.341: [GC (Allocation Failure) [PSYoungGen: 112000K->1488K(111104K)] 411114K->300603K(841216K), 0.0015676 secs] [Times: user=0.00 sys=0.00, real=0.00 secs] 
193.534: [GC (Allocation Failure) [PSYoungGen: 111056K->1581K(110592K)] 410171K->300696K(840704K), 0.0015958 secs] [Times: user=0.01 sys=0.00, real=0.00 secs] 
194.189: [GC (Allocation Failure) [PSYoungGen: 110125K->1504K(109056K)] 409240K->300618K(839168K), 0.0044461 secs] [Times: user=0.01 sys=0.00, real=0.01 secs] 
195.648: [GC (Allocation Failure) [PSYoungGen: 109024K->352K(107008K)] 408138K->300490K(837120K), 0.0031716 secs] [Times: user=0.01 sys=0.01, real=0.00 secs] 
196.615: [GC (Allocation Failure) [PSYoungGen: 106848K->320K(108032K)] 406986K->300466K(838144K), 0.0025263 secs] [Times: user=0.01 sys=0.00, real=0.00 secs] 
197.248: [GC (Allocation Failure) [PSYoungGen: 105792K->1424K(105984K)] 405938K->301571K(836096K), 0.0020298 secs] [Times: user=0.01 sys=0.00, real=0.00 secs] 
197.439: [GC (Allocation Failure) [PSYoungGen: 105872K->1584K(105472K)] 406019K->301731K(835584K), 0.0017441 secs] [Times: user=0.00 sys=0.00, real=0.00 secs] 
197.623: [GC (Allocation Failure) [PSYoungGen: 105008K->1517K(103936K)] 405155K->301664K(834048K), 0.0016982 secs] [Times: user=0.00 sys=0.00, real=0.01 secs] 
198.232: [GC (Allocation Failure) [PSYoungGen: 103917K->1408K(103424K)] 404064K->301562K(833536K), 0.0017832 secs] [Times: user=0.00 sys=0.00, real=0.01 secs] 
198.795: [GC (Allocation Failure) [PSYoungGen: 103296K->1408K(102912K)] 403450K->301562K(833024K), 0.0022150 secs] [Times: user=0.00 sys=0.00, real=0.00 secs] 
199.653: [GC (Allocation Failure) [PSYoungGen: 102784K->1408K(102400K)] 402938K->301563K(832512K), 0.0023366 secs] [Times: user=0.00 sys=0.01, real=0.01 secs] 
199.950: [GC (Allocation Failure) [PSYoungGen: 102272K->1552K(102400K)] 402427K->301707K(832512K), 0.0020535 secs] [Times: user=0.01 sys=0.00, real=0.00 secs] 
200.130: [GC (Allocation Failure) [PSYoungGen: 101904K->1581K(101888K)] 402059K->301744K(832000K), 0.0018321 secs] [Times: user=0.00 sys=0.00, real=0.00 secs] 
200.471: [GC (Allocation Failure) [PSYoungGen: 101421K->480K(99840K)] 401584K->309867K(829952K), 0.0037304 secs] [Times: user=0.02 sys=0.00, real=0.01 secs] 
200.920: [GC (Allocation Failure) [PSYoungGen: 99808K->352K(101376K)] 409195K->309755K(831488K), 0.0019533 secs] [Times: user=0.01 sys=0.00, real=0.00 secs] 
201.330: [GC (Allocation Failure) [PSYoungGen: 99168K->352K(98816K)] 408571K->309755K(828928K), 0.0018519 secs] [Times: user=0.01 sys=0.00, real=0.00 secs] 
201.684: [GC (Allocation Failure) [PSYoungGen: 98656K->1424K(100352K)] 408059K->310835K(830464K), 0.0014779 secs] [Times: user=0.01 sys=0.00, real=0.00 secs] 
201.855: [GC (Allocation Failure) [PSYoungGen: 99216K->1552K(99328K)] 408627K->310979K(829440K), 0.0017168 secs] [Times: user=0.00 sys=0.00, real=0.00 secs] 
202.105: [GC (Allocation Failure) [PSYoungGen: 98832K->1776K(98816K)] 408259K->311203K(828928K), 0.0018812 secs] [Times: user=0.00 sys=0.00, real=0.00 secs] 
203.276: [GC (Allocation Failure) [PSYoungGen: 98544K->1376K(97792K)] 407971K->310811K(827904K), 0.0038496 secs] [Times: user=0.02 sys=0.00, real=0.00 secs] 
204.212: [GC (Allocation Failure) [PSYoungGen: 97632K->1408K(97280K)] 407067K->310843K(827392K), 0.0029200 secs] [Times: user=0.01 sys=0.01, real=0.01 secs] 
204.973: [GC (Allocation Failure) [PSYoungGen: 97152K->1488K(96768K)] 406587K->310923K(826880K), 0.0020902 secs] [Times: user=0.01 sys=0.00, real=0.01 secs] 
205.222: [GC (Allocation Failure) [PSYoungGen: 96720K->1597K(96768K)] 406155K->311032K(826880K), 0.0021951 secs] [Times: user=0.01 sys=0.00, real=0.01 secs] 
205.399: [GC (Allocation Failure) [PSYoungGen: 96317K->1488K(95744K)] 405752K->310923K(825856K), 0.0018431 secs] [Times: user=0.01 sys=0.00, real=0.00 secs] 
206.736: [GC (Allocation Failure) [PSYoungGen: 95696K->1472K(95232K)] 405131K->310915K(825344K), 0.0038250 secs] [Times: user=0.01 sys=0.00, real=0.00 secs] 
208.061: [GC (Allocation Failure) [PSYoungGen: 95168K->1472K(94720K)] 404611K->310923K(824832K), 0.0040921 secs] [Times: user=0.02 sys=0.00, real=0.01 secs] 
209.279: [GC (Allocation Failure) [PSYoungGen: 94656K->1440K(94208K)] 404107K->310891K(824320K), 0.0042731 secs] [Times: user=0.02 sys=0.00, real=0.00 secs] 
210.191: [GC (Allocation Failure) [PSYoungGen: 94112K->1501K(93696K)] 403563K->310952K(823808K), 0.0024533 secs] [Times: user=0.01 sys=0.00, real=0.00 secs] 
210.386: [GC (Allocation Failure) [PSYoungGen: 93661K->1520K(93184K)] 403112K->310979K(823296K), 0.0016112 secs] [Times: user=0.01 sys=0.00, real=0.00 secs] 
210.549: [GC (Allocation Failure) [PSYoungGen: 93168K->1517K(92672K)] 402627K->310984K(822784K), 0.0018066 secs] [Times: user=0.01 sys=0.00, real=0.00 secs] 
210.966: [GC (Allocation Failure) [PSYoungGen: 92653K->1456K(92160K)] 402120K->310923K(822272K), 0.0018811 secs] [Times: user=0.01 sys=0.00, real=0.00 secs] 
211.559: [GC (Allocation Failure) [PSYoungGen: 92080K->1408K(91648K)] 401547K->310883K(821760K), 0.0017986 secs] [Times: user=0.00 sys=0.00, real=0.00 secs] 
212.304: [GC (Allocation Failure) [PSYoungGen: 91520K->1408K(91136K)] 400995K->310883K(821248K), 0.0020762 secs] [Times: user=0.01 sys=0.00, real=0.00 secs] 
212.922: [GC (Allocation Failure) [PSYoungGen: 91008K->1501K(90624K)] 400483K->310976K(820736K), 0.0018487 secs] [Times: user=0.01 sys=0.00, real=0.01 secs] 
213.083: [GC (Allocation Failure) [PSYoungGen: 90589K->1517K(90112K)] 400064K->311016K(820224K), 0.0016948 secs] [Times: user=0.01 sys=0.00, real=0.01 secs] 
213.241: [GC (Allocation Failure) [PSYoungGen: 90093K->1520K(89600K)] 399592K->311019K(819712K), 0.0015307 secs] [Times: user=0.00 sys=0.00, real=0.00 secs] 
213.594: [GC (Allocation Failure) [PSYoungGen: 89584K->1440K(89088K)] 399083K->310939K(819200K), 0.0019032 secs] [Times: user=0.01 sys=0.00, real=0.00 secs] 
214.120: [GC (Allocation Failure) [PSYoungGen: 88992K->1408K(88576K)] 398491K->310907K(818688K), 0.0015908 secs] [Times: user=0.01 sys=0.00, real=0.00 secs] 
215.081: [GC (Allocation Failure) [PSYoungGen: 88448K->1376K(88064K)] 397947K->310875K(818176K), 0.0022393 secs] [Times: user=0.01 sys=0.00, real=0.00 secs] 
215.823: [GC (Allocation Failure) [PSYoungGen: 87904K->1469K(87552K)] 397403K->311000K(817664K), 0.0016566 secs] [Times: user=0.01 sys=0.00, real=0.01 secs] 
216.030: [GC (Allocation Failure) [PSYoungGen: 87485K->1520K(87040K)] 397016K->311051K(817152K), 0.0020851 secs] [Times: user=0.00 sys=0.00, real=0.00 secs] 
216.242: [GC (Allocation Failure) [PSYoungGen: 87024K->1520K(86528K)] 396555K->311051K(816640K), 0.0021347 secs] [Times: user=0.01 sys=0.00, real=0.01 secs] 
216.570: [GC (Allocation Failure) [PSYoungGen: 86512K->1456K(86016K)] 396043K->310987K(816128K), 0.0024150 secs] [Times: user=0.01 sys=0.00, real=0.00 secs] 
216.952: [GC (Allocation Failure) [PSYoungGen: 85936K->1408K(85504K)] 395467K->310939K(815616K), 0.0020993 secs] [Times: user=0.01 sys=0.00, real=0.01 secs] 
217.316: [GC (Allocation Failure) [PSYoungGen: 85376K->1312K(84992K)] 394907K->310843K(815104K), 0.0022035 secs] [Times: user=0.01 sys=0.00, real=0.00 secs] 
217.684: [GC (Allocation Failure) [PSYoungGen: 84768K->1376K(84480K)] 394299K->310931K(814592K), 0.0018947 secs] [Times: user=0.00 sys=0.00, real=0.00 secs] 
217.929: [GC (Allocation Failure) [PSYoungGen: 84320K->1424K(83968K)] 393875K->310979K(814080K), 0.0016930 secs] [Times: user=0.00 sys=0.00, real=0.00 secs] 
218.075: [GC (Allocation Failure) [PSYoungGen: 83856K->1469K(83456K)] 393411K->311024K(813568K), 0.0015484 secs] [Times: user=0.00 sys=0.00, real=0.00 secs] 
218.221: [GC (Allocation Failure) [PSYoungGen: 83389K->1488K(82944K)] 392944K->311067K(813056K), 0.0016517 secs] [Times: user=0.01 sys=0.00, real=0.00 secs] 
219.332: [GC (Allocation Failure) [PSYoungGen: 82896K->1440K(82432K)] 392475K->311027K(812544K), 0.0033770 secs] [Times: user=0.01 sys=0.00, real=0.01 secs] 
220.017: [GC (Allocation Failure) [PSYoungGen: 82336K->1376K(81920K)] 391923K->310963K(812032K), 0.0029336 secs] [Times: user=0.01 sys=0.00, real=0.00 secs] 
220.581: [GC (Allocation Failure) [PSYoungGen: 81760K->1408K(81408K)] 391347K->310995K(811520K), 0.0026196 secs] [Times: user=0.01 sys=0.00, real=0.00 secs] 
221.145: [GC (Allocation Failure) [PSYoungGen: 81280K->1424K(80896K)] 390867K->311011K(811008K), 0.0022684 secs] [Times: user=0.01 sys=0.00, real=0.00 secs] 
221.306: [GC (Allocation Failure) [PSYoungGen: 80784K->1517K(80384K)] 390371K->311104K(810496K), 0.0016032 secs] [Times: user=0.00 sys=0.00, real=0.00 secs] 
221.444: [GC (Allocation Failure) [PSYoungGen: 80365K->1549K(80384K)] 389952K->311136K(810496K), 0.0015603 secs] [Times: user=0.01 sys=0.00, real=0.00 secs] 
221.628: [GC (Allocation Failure) [PSYoungGen: 79885K->960K(78848K)] 389472K->312083K(808960K), 0.0018348 secs] [Times: user=0.01 sys=0.00, real=0.00 secs] 
221.960: [GC (Allocation Failure) [PSYoungGen: 78784K->352K(77824K)] 389907K->311475K(807936K), 0.0017731 secs] [Times: user=0.01 sys=0.00, real=0.00 secs] 
222.419: [GC (Allocation Failure) [PSYoungGen: 77664K->384K(77312K)] 388787K->311507K(807424K), 0.0017397 secs] [Times: user=0.01 sys=0.00, real=0.00 secs] 
223.018: [GC (Allocation Failure) [PSYoungGen: 77184K->352K(78336K)] 388307K->311475K(808448K), 0.0019553 secs] [Times: user=0.01 sys=0.00, real=0.00 secs] 
223.498: [GC (Allocation Failure) [PSYoungGen: 76627K->1488K(77312K)] 387750K->312611K(807424K), 0.0020950 secs] [Times: user=0.01 sys=0.00, real=0.00 secs] 
223.645: [GC (Allocation Failure) [PSYoungGen: 77264K->1520K(76800K)] 388387K->312643K(806912K), 0.0015406 secs] [Times: user=0.01 sys=0.00, real=0.00 secs] 
223.779: [GC (Allocation Failure) [PSYoungGen: 76784K->1488K(76288K)] 387907K->312611K(806400K), 0.0017422 secs] [Times: user=0.01 sys=0.00, real=0.00 secs] 
223.914: [GC (Allocation Failure) [PSYoungGen: 75953K->256K(74752K)] 387076K->311379K(804864K), 0.0016523 secs] [Times: user=0.01 sys=0.00, real=0.00 secs] 
224.240: [GC (Allocation Failure) [PSYoungGen: 74496K->1408K(75264K)] 385619K->312531K(805376K), 0.0018733 secs] [Times: user=0.01 sys=0.00, real=0.00 secs] 
224.546: [GC (Allocation Failure) [PSYoungGen: 75136K->1408K(74752K)] 386259K->312539K(804864K), 0.0018463 secs] [Times: user=0.00 sys=0.00, real=0.00 secs] 
224.850: [GC (Allocation Failure) [PSYoungGen: 74624K->1376K(74240K)] 385755K->312507K(804352K), 0.0018597 secs] [Times: user=0.01 sys=0.00, real=0.00 secs] 
225.328: [GC (Allocation Failure) [PSYoungGen: 74080K->1456K(73728K)] 385211K->312587K(803840K), 0.0021258 secs] [Times: user=0.00 sys=0.00, real=0.00 secs] 
225.470: [GC (Allocation Failure) [PSYoungGen: 73648K->1488K(73216K)] 384779K->312619K(803328K), 0.0016620 secs] [Times: user=0.00 sys=0.00, real=0.00 secs] 
225.595: [GC (Allocation Failure) [PSYoungGen: 73158K->1565K(73216K)] 384289K->312696K(803328K), 0.0015166 secs] [Times: user=0.00 sys=0.00, real=0.00 secs] 
225.721: [GC (Allocation Failure) [PSYoungGen: 72733K->1517K(78336K)] 383864K->312648K(808448K), 0.0015403 secs] [Times: user=0.01 sys=0.00, real=0.00 secs] 
226.035: [GC (Allocation Failure) [PSYoungGen: 78317K->1408K(77824K)] 389448K->312547K(807936K), 0.0018679 secs] [Times: user=0.01 sys=0.00, real=0.00 secs] 
226.632: [GC (Allocation Failure) [PSYoungGen: 77696K->1376K(77312K)] 388835K->312515K(807424K), 0.0019477 secs] [Times: user=0.00 sys=0.00, real=0.01 secs] 
227.337: [GC (Allocation Failure) [PSYoungGen: 77152K->1408K(76800K)] 388291K->312547K(806912K), 0.0023464 secs] [Times: user=0.01 sys=0.00, real=0.00 secs] 
228.188: [GC (Allocation Failure) [PSYoungGen: 76672K->1376K(76288K)] 387811K->312539K(806400K), 0.0026638 secs] [Times: user=0.01 sys=0.00, real=0.00 secs] 
228.576: [GC (Allocation Failure) [PSYoungGen: 76128K->1488K(75776K)] 387291K->312651K(805888K), 0.0020855 secs] [Times: user=0.01 sys=0.00, real=0.00 secs] 
228.719: [GC (Allocation Failure) [PSYoungGen: 75728K->1488K(75264K)] 386891K->312651K(805376K), 0.0014797 secs] [Times: user=0.01 sys=0.00, real=0.00 secs] 
228.850: [GC (Allocation Failure) [PSYoungGen: 75216K->1517K(74752K)] 386379K->312680K(804864K), 0.0016279 secs] [Times: user=0.01 sys=0.00, real=0.00 secs] 
229.259: [GC (Allocation Failure) [PSYoungGen: 74733K->1440K(74240K)] 385896K->312603K(804352K), 0.0037608 secs] [Times: user=0.01 sys=0.00, real=0.00 secs] 
229.653: [GC (Allocation Failure) [PSYoungGen: 74144K->1376K(73728K)] 385307K->312539K(803840K), 0.0020840 secs] [Times: user=0.01 sys=0.00, real=0.01 secs] 
229.953: [GC (Allocation Failure) [PSYoungGen: 73568K->1392K(73216K)] 384731K->312555K(803328K), 0.0019714 secs] [Times: user=0.01 sys=0.00, real=0.01 secs] 
230.449: [GC (Allocation Failure) [PSYoungGen: 73072K->1344K(72704K)] 384235K->312507K(802816K), 0.0021296 secs] [Times: user=0.01 sys=0.00, real=0.00 secs] 
230.837: [GC (Allocation Failure) [PSYoungGen: 72512K->1424K(72192K)] 383675K->312595K(802304K), 0.0015159 secs] [Times: user=0.01 sys=0.00, real=0.00 secs] 
230.963: [GC (Allocation Failure) [PSYoungGen: 72080K->1517K(71680K)] 383251K->312688K(801792K), 0.0015837 secs] [Times: user=0.01 sys=0.00, real=0.01 secs] 
231.086: [GC (Allocation Failure) [PSYoungGen: 71661K->1517K(71680K)] 382832K->312688K(801792K), 0.0014775 secs] [Times: user=0.01 sys=0.00, real=0.00 secs] 
231.210: [GC (Allocation Failure) [PSYoungGen: 71661K->1517K(77312K)] 382832K->312688K(807424K), 0.0015397 secs] [Times: user=0.01 sys=0.00, real=0.00 secs] 
232.703: [GC (Allocation Failure) [PSYoungGen: 77293K->1472K(76800K)] 388464K->312643K(806912K), 0.0041943 secs] [Times: user=0.02 sys=0.01, real=0.01 secs] 
233.347: [GC (Allocation Failure) [PSYoungGen: 76736K->1408K(76288K)] 387907K->312579K(806400K), 0.0024592 secs] [Times: user=0.01 sys=0.00, real=0.00 secs] 
233.652: [GC (Allocation Failure) [PSYoungGen: 76160K->1344K(75776K)] 387331K->312515K(805888K), 0.0019731 secs] [Times: user=0.01 sys=0.00, real=0.01 secs] 
234.001: [GC (Allocation Failure) [PSYoungGen: 75584K->1424K(75264K)] 386755K->312595K(805376K), 0.0019976 secs] [Times: user=0.01 sys=0.00, real=0.00 secs] 
234.142: [GC (Allocation Failure) [PSYoungGen: 75152K->1520K(74752K)] 386323K->312691K(804864K), 0.0015790 secs] [Times: user=0.01 sys=0.00, real=0.00 secs] 
234.292: [GC (Allocation Failure) [PSYoungGen: 74736K->1520K(74240K)] 385907K->312691K(804352K), 0.0019814 secs] [Times: user=0.01 sys=0.00, real=0.00 secs] 
234.460: [GC (Allocation Failure) [PSYoungGen: 74224K->1520K(80384K)] 385395K->312691K(810496K), 0.0020322 secs] [Times: user=0.01 sys=0.00, real=0.00 secs] 
235.076: [GC (Allocation Failure) [PSYoungGen: 80368K->1440K(79872K)] 391539K->312611K(809984K), 0.0022118 secs] [Times: user=0.01 sys=0.00, real=0.00 secs] 
235.734: [GC (Allocation Failure) [PSYoungGen: 79776K->1376K(79360K)] 390947K->312547K(809472K), 0.0020259 secs] [Times: user=0.00 sys=0.00, real=0.00 secs] 
236.074: [GC (Allocation Failure) [PSYoungGen: 79200K->1376K(78848K)] 390371K->312547K(808960K), 0.0024743 secs] [Times: user=0.01 sys=0.00, real=0.00 secs] 
236.867: [GC (Allocation Failure) [PSYoungGen: 78688K->1424K(78336K)] 389859K->312595K(808448K), 0.0026113 secs] [Times: user=0.01 sys=0.01, real=0.00 secs] 
237.076: [GC (Allocation Failure) [PSYoungGen: 78224K->1424K(77824K)] 389395K->312595K(807936K), 0.0015584 secs] [Times: user=0.01 sys=0.00, real=0.00 secs] 
237.211: [GC (Allocation Failure) [PSYoungGen: 77712K->1456K(77312K)] 388883K->312627K(807424K), 0.0014769 secs] [Times: user=0.01 sys=0.00, real=0.00 secs] 
237.343: [GC (Allocation Failure) [PSYoungGen: 77232K->1488K(76800K)] 388403K->312659K(806912K), 0.0015756 secs] [Times: user=0.00 sys=0.00, real=0.01 secs] 
238.418: [GC (Allocation Failure) [PSYoungGen: 76752K->1440K(76288K)] 387923K->312619K(806400K), 0.0042566 secs] [Times: user=0.02 sys=0.00, real=0.00 secs] 
239.257: [GC (Allocation Failure) [PSYoungGen: 76192K->1424K(75776K)] 387371K->312627K(805888K), 0.0024105 secs] [Times: user=0.01 sys=0.00, real=0.00 secs] 
239.596: [GC (Allocation Failure) [PSYoungGen: 75664K->1376K(75264K)] 386867K->312579K(805376K), 0.0019063 secs] [Times: user=0.01 sys=0.00, real=0.00 secs] 
240.050: [GC (Allocation Failure) [PSYoungGen: 75104K->1312K(74752K)] 386307K->312515K(804864K), 0.0021254 secs] [Times: user=0.01 sys=0.00, real=0.00 secs] 
240.369: [GC (Allocation Failure) [PSYoungGen: 74528K->1501K(74240K)] 385731K->312704K(804352K), 0.0022176 secs] [Times: user=0.01 sys=0.00, real=0.00 secs] 
240.524: [GC (Allocation Failure) [PSYoungGen: 74205K->1517K(73728K)] 385408K->312720K(803840K), 0.0016435 secs] [Times: user=0.01 sys=0.00, real=0.00 secs] 
240.672: [GC (Allocation Failure) [PSYoungGen: 73709K->1520K(73216K)] 384912K->312723K(803328K), 0.0019500 secs] [Times: user=0.01 sys=0.01, real=0.01 secs] 
241.056: [GC (Allocation Failure) [PSYoungGen: 73200K->1440K(72704K)] 384403K->312651K(802816K), 0.0035998 secs] [Times: user=0.01 sys=0.00, real=0.00 secs] 
242.193: [GC (Allocation Failure) [PSYoungGen: 72608K->1376K(72192K)] 383819K->312587K(802304K), 0.0041921 secs] [Times: user=0.02 sys=0.00, real=0.01 secs] 
242.993: [GC (Allocation Failure) [PSYoungGen: 72032K->1376K(71680K)] 383243K->312587K(801792K), 0.0033800 secs] [Times: user=0.01 sys=0.00, real=0.01 secs] 
243.815: [GC (Allocation Failure) [PSYoungGen: 71520K->1408K(71680K)] 382731K->312619K(801792K), 0.0033910 secs] [Times: user=0.01 sys=0.00, real=0.00 secs] 
244.353: [GC (Allocation Failure) [PSYoungGen: 71552K->1472K(71680K)] 382763K->312691K(801792K), 0.0027049 secs] [Times: user=0.01 sys=0.00, real=0.01 secs] 
244.528: [GC (Allocation Failure) [PSYoungGen: 71605K->1520K(71680K)] 382824K->312763K(801792K), 0.0014654 secs] [Times: user=0.01 sys=0.00, real=0.00 secs] 
244.653: [GC (Allocation Failure) [PSYoungGen: 71664K->1520K(71680K)] 382907K->312763K(801792K), 0.0016413 secs] [Times: user=0.01 sys=0.00, real=0.01 secs] 
244.780: [GC (Allocation Failure) [PSYoungGen: 71664K->1485K(71680K)] 382907K->312728K(801792K), 0.0014998 secs] [Times: user=0.00 sys=0.00, real=0.00 secs] 
245.343: [GC (Allocation Failure) [PSYoungGen: 71629K->1440K(71680K)] 382872K->312691K(801792K), 0.0024785 secs] [Times: user=0.01 sys=0.00, real=0.01 secs] 
245.929: [GC (Allocation Failure) [PSYoungGen: 71584K->1408K(71680K)] 382835K->312659K(801792K), 0.0022701 secs] [Times: user=0.01 sys=0.00, real=0.00 secs] 
246.311: [GC (Allocation Failure) [PSYoungGen: 71552K->1424K(71680K)] 382803K->312675K(801792K), 0.0021188 secs] [Times: user=0.01 sys=0.01, real=0.00 secs] 
246.625: [GC (Allocation Failure) [PSYoungGen: 71568K->1408K(71680K)] 382819K->312667K(801792K), 0.0019086 secs] [Times: user=0.01 sys=0.00, real=0.00 secs] 
246.901: [GC (Allocation Failure) [PSYoungGen: 71521K->1488K(71680K)] 382780K->312747K(801792K), 0.0016842 secs] [Times: user=0.00 sys=0.00, real=0.00 secs] 
247.025: [GC (Allocation Failure) [PSYoungGen: 71632K->1520K(71680K)] 382891K->312779K(801792K), 0.0015209 secs] [Times: user=0.00 sys=0.00, real=0.00 secs] 
247.148: [GC (Allocation Failure) [PSYoungGen: 71664K->1552K(72192K)] 382923K->312811K(802304K), 0.0016500 secs] [Times: user=0.01 sys=0.00, real=0.00 secs] 
247.272: [GC (Allocation Failure) [PSYoungGen: 71696K->525K(77312K)] 382955K->312824K(807424K), 0.0016461 secs] [Times: user=0.00 sys=0.00, real=0.01 secs] 
247.694: [GC (Allocation Failure) [PSYoungGen: 76813K->1440K(77312K)] 389112K->313747K(807424K), 0.0019495 secs] [Times: user=0.01 sys=0.00, real=0.00 secs] 
248.032: [GC (Allocation Failure) [PSYoungGen: 77216K->1408K(76800K)] 389523K->313731K(806912K), 0.0020069 secs] [Times: user=0.01 sys=0.00, real=0.01 secs] 
248.442: [GC (Allocation Failure) [PSYoungGen: 76672K->1408K(76288K)] 388995K->313739K(806400K), 0.0019736 secs] [Times: user=0.00 sys=0.00, real=0.01 secs] 
248.815: [GC (Allocation Failure) [PSYoungGen: 76160K->1488K(75776K)] 388491K->313819K(805888K), 0.0018970 secs] [Times: user=0.01 sys=0.00, real=0.00 secs] 
248.958: [GC (Allocation Failure) [PSYoungGen: 75728K->1488K(75264K)] 388059K->313819K(805376K), 0.0018708 secs] [Times: user=0.00 sys=0.00, real=0.00 secs] 
249.088: [GC (Allocation Failure) [PSYoungGen: 75216K->1456K(74752K)] 387547K->313787K(804864K), 0.0014841 secs] [Times: user=0.00 sys=0.00, real=0.00 secs] 
249.238: [GC (Allocation Failure) [PSYoungGen: 74672K->1520K(80896K)] 387003K->313851K(811008K), 0.0019416 secs] [Times: user=0.01 sys=0.00, real=0.00 secs] 
250.364: [GC (Allocation Failure) [PSYoungGen: 80880K->1440K(80384K)] 393211K->313779K(810496K), 0.0038495 secs] [Times: user=0.02 sys=0.00, real=0.00 secs] 
251.279: [GC (Allocation Failure) [PSYoungGen: 80288K->1376K(79872K)] 392627K->313715K(809984K), 0.0027050 secs] [Times: user=0.01 sys=0.00, real=0.00 secs] 
252.120: [GC (Allocation Failure) [PSYoungGen: 79712K->1392K(79360K)] 392051K->313731K(809472K), 0.0028245 secs] [Times: user=0.01 sys=0.00, real=0.00 secs] 
252.720: [GC (Allocation Failure) [PSYoungGen: 79207K->1437K(78848K)] 391546K->313776K(808960K), 0.0028226 secs] [Times: user=0.01 sys=0.01, real=0.00 secs] 
252.966: [GC (Allocation Failure) [PSYoungGen: 78749K->1520K(78336K)] 391088K->313859K(808448K), 0.0021287 secs] [Times: user=0.00 sys=0.00, real=0.00 secs] 
253.121: [GC (Allocation Failure) [PSYoungGen: 78320K->1488K(77824K)] 390659K->313827K(807936K), 0.0016292 secs] [Times: user=0.01 sys=0.00, real=0.00 secs] 
253.279: [GC (Allocation Failure) [PSYoungGen: 77776K->1520K(77312K)] 390115K->313859K(807424K), 0.0018493 secs] [Times: user=0.01 sys=0.00, real=0.00 secs] 
253.873: [GC (Allocation Failure) [PSYoungGen: 77296K->1440K(76800K)] 389635K->313787K(806912K), 0.0041127 secs] [Times: user=0.02 sys=0.00, real=0.01 secs] 
254.495: [GC (Allocation Failure) [PSYoungGen: 76704K->1408K(76288K)] 389051K->313755K(806400K), 0.0025463 secs] [Times: user=0.01 sys=0.00, real=0.00 secs] 
255.245: [GC (Allocation Failure) [PSYoungGen: 76160K->1408K(75776K)] 388507K->313755K(805888K), 0.0034295 secs] [Times: user=0.01 sys=0.00, real=0.00 secs] 
256.175: [GC (Allocation Failure) [PSYoungGen: 75503K->320K(74240K)] 387851K->312675K(804352K), 0.0030779 secs] [Times: user=0.01 sys=0.00, real=0.00 secs] 
256.395: [GC (Allocation Failure) [PSYoungGen: 74048K->1456K(75264K)] 386403K->313819K(805376K), 0.0016911 secs] [Times: user=0.01 sys=0.00, real=0.00 secs] 
256.524: [GC (Allocation Failure) [PSYoungGen: 74672K->1517K(74240K)] 387035K->313880K(804352K), 0.0015999 secs] [Times: user=0.00 sys=0.00, real=0.00 secs] 
256.653: [GC (Allocation Failure) [PSYoungGen: 74221K->1488K(73728K)] 386584K->313851K(803840K), 0.0015703 secs] [Times: user=0.01 sys=0.00, real=0.01 secs] 
257.297: [GC (Allocation Failure) [PSYoungGen: 73680K->1440K(73216K)] 386043K->313803K(803328K), 0.0024470 secs] [Times: user=0.01 sys=0.00, real=0.00 secs] 
257.957: [GC (Allocation Failure) [PSYoungGen: 73120K->1408K(72704K)] 385483K->313771K(802816K), 0.0025070 secs] [Times: user=0.01 sys=0.00, real=0.00 secs] 
258.291: [GC (Allocation Failure) [PSYoungGen: 72576K->1376K(72192K)] 384939K->313739K(802304K), 0.0017260 secs] [Times: user=0.01 sys=0.00, real=0.00 secs] 
258.759: [GC (Allocation Failure) [PSYoungGen: 72032K->1344K(71680K)] 384395K->313707K(801792K), 0.0023390 secs] [Times: user=0.01 sys=0.00, real=0.00 secs] 
259.126: [GC (Allocation Failure) [PSYoungGen: 71488K->1488K(71680K)] 383851K->313875K(801792K), 0.0018914 secs] [Times: user=0.01 sys=0.00, real=0.00 secs] 
259.252: [GC (Allocation Failure) [PSYoungGen: 71632K->1488K(71680K)] 384019K->313875K(801792K), 0.0015557 secs] [Times: user=0.01 sys=0.00, real=0.01 secs] 
259.395: [GC (Allocation Failure) [PSYoungGen: 71632K->1520K(71680K)] 384019K->313907K(801792K), 0.0018427 secs] [Times: user=0.01 sys=0.00, real=0.00 secs] 
259.551: [GC (Allocation Failure) [PSYoungGen: 71664K->1488K(77312K)] 384051K->313875K(807424K), 0.0020444 secs] [Times: user=0.01 sys=0.01, real=0.00 secs] 
260.119: [GC (Allocation Failure) [PSYoungGen: 77264K->1376K(76800K)] 389651K->313787K(806912K), 0.0018287 secs] [Times: user=0.01 sys=0.00, real=0.00 secs] 
260.672: [GC (Allocation Failure) [PSYoungGen: 76640K->1408K(76288K)] 389051K->313819K(806400K), 0.0025886 secs] [Times: user=0.01 sys=0.00, real=0.01 secs] 
261.188: [GC (Allocation Failure) [PSYoungGen: 76160K->1408K(75776K)] 388571K->313819K(805888K), 0.0019282 secs] [Times: user=0.00 sys=0.00, real=0.00 secs] 
261.865: [GC (Allocation Failure) [PSYoungGen: 75648K->1405K(75264K)] 388059K->313816K(805376K), 0.0033966 secs] [Times: user=0.01 sys=0.00, real=0.00 secs] 
262.082: [GC (Allocation Failure) [PSYoungGen: 75133K->1517K(74752K)] 387544K->313960K(804864K), 0.0014785 secs] [Times: user=0.01 sys=0.00, real=0.00 secs] 
262.212: [GC (Allocation Failure) [PSYoungGen: 74733K->1456K(74240K)] 387176K->313899K(804352K), 0.0015816 secs] [Times: user=0.01 sys=0.00, real=0.00 secs] 
262.340: [GC (Allocation Failure) [PSYoungGen: 74160K->1517K(73728K)] 386603K->313992K(803840K), 0.0014846 secs] [Times: user=0.01 sys=0.00, real=0.00 secs] 
263.067: [GC (Allocation Failure) [PSYoungGen: 73709K->1440K(73216K)] 386184K->313923K(803328K), 0.0030742 secs] [Times: user=0.01 sys=0.01, real=0.00 secs] 
263.751: [GC (Allocation Failure) [PSYoungGen: 73120K->1408K(72704K)] 385603K->313891K(802816K), 0.0034531 secs] [Times: user=0.01 sys=0.00, real=0.01 secs] 
264.348: [GC (Allocation Failure) [PSYoungGen: 72576K->1392K(72192K)] 385059K->313875K(802304K), 0.0023348 secs] [Times: user=0.01 sys=0.00, real=0.00 secs] 
265.140: [GC (Allocation Failure) [PSYoungGen: 72048K->1376K(71680K)] 384531K->313859K(801792K), 0.0021670 secs] [Times: user=0.01 sys=0.00, real=0.00 secs] 
265.668: [GC (Allocation Failure) [PSYoungGen: 71520K->1469K(71680K)] 384003K->313952K(801792K), 0.0024765 secs] [Times: user=0.01 sys=0.01, real=0.00 secs] 
265.827: [GC (Allocation Failure) [PSYoungGen: 71585K->1488K(71680K)] 384068K->313971K(801792K), 0.0015272 secs] [Times: user=0.01 sys=0.00, real=0.00 secs] 
265.953: [GC (Allocation Failure) [PSYoungGen: 71632K->1520K(71680K)] 384115K->314003K(801792K), 0.0015810 secs] [Times: user=0.01 sys=0.00, real=0.01 secs] 
266.079: [GC (Allocation Failure) [PSYoungGen: 71664K->1488K(71680K)] 384147K->313971K(801792K), 0.0015558 secs] [Times: user=0.00 sys=0.00, real=0.00 secs] 
266.668: [GC (Allocation Failure) [PSYoungGen: 71632K->1408K(71680K)] 384115K->313899K(801792K), 0.0025760 secs] [Times: user=0.01 sys=0.00, real=0.00 secs] 
267.101: [GC (Allocation Failure) [PSYoungGen: 71552K->1376K(71680K)] 384043K->313867K(801792K), 0.0020004 secs] [Times: user=0.01 sys=0.00, real=0.00 secs] 
267.952: [GC (Allocation Failure) [PSYoungGen: 71520K->1408K(71680K)] 384011K->313899K(801792K), 0.0039400 secs] [Times: user=0.02 sys=0.00, real=0.01 secs] 
268.934: [GC (Allocation Failure) [PSYoungGen: 71552K->1376K(71680K)] 384043K->313867K(801792K), 0.0030329 secs] [Times: user=0.01 sys=0.00, real=0.00 secs] 
269.258: [GC (Allocation Failure) [PSYoungGen: 71520K->1488K(71680K)] 384011K->313979K(801792K), 0.0020463 secs] [Times: user=0.01 sys=0.01, real=0.00 secs] 
269.386: [GC (Allocation Failure) [PSYoungGen: 71632K->1517K(71680K)] 384123K->314032K(801792K), 0.0015440 secs] [Times: user=0.01 sys=0.00, real=0.00 secs] 
269.509: [GC (Allocation Failure) [PSYoungGen: 71661K->1581K(72192K)] 384176K->314112K(802304K), 0.0015655 secs] [Times: user=0.01 sys=0.00, real=0.00 secs] 
269.897: [GC (Allocation Failure) [PSYoungGen: 71725K->416K(70656K)] 384256K->313971K(800768K), 0.0027482 secs] [Times: user=0.01 sys=0.00, real=0.00 secs] 
270.398: [GC (Allocation Failure) [PSYoungGen: 70560K->320K(72192K)] 384115K->313875K(802304K), 0.0019112 secs] [Times: user=0.00 sys=0.00, real=0.00 secs] 
270.690: [GC (Allocation Failure) [PSYoungGen: 70464K->352K(70656K)] 384019K->313907K(800768K), 0.0026037 secs] [Times: user=0.01 sys=0.00, real=0.00 secs] 
271.337: [GC (Allocation Failure) [PSYoungGen: 70496K->352K(70656K)] 384051K->313907K(800768K), 0.0023039 secs] [Times: user=0.01 sys=0.01, real=0.00 secs] 
271.880: [GC (Allocation Failure) [PSYoungGen: 70496K->1472K(71680K)] 384051K->315027K(801792K), 0.0026878 secs] [Times: user=0.01 sys=0.00, real=0.00 secs] 
272.050: [GC (Allocation Failure) [PSYoungGen: 71616K->1517K(71680K)] 385171K->315072K(801792K), 0.0015504 secs] [Times: user=0.01 sys=0.00, real=0.00 secs] 
272.174: [GC (Allocation Failure) [PSYoungGen: 71661K->1520K(71680K)] 385216K->315075K(801792K), 0.0018311 secs] [Times: user=0.00 sys=0.00, real=0.00 secs] 
272.297: [GC (Allocation Failure) [PSYoungGen: 71664K->1488K(77312K)] 385219K->315043K(807424K), 0.0015678 secs] [Times: user=0.01 sys=0.00, real=0.00 secs] 
272.686: [GC (Allocation Failure) [PSYoungGen: 77264K->1440K(76800K)] 390819K->314995K(806912K), 0.0020274 secs] [Times: user=0.00 sys=0.00, real=0.00 secs] 
273.014: [GC (Allocation Failure) [PSYoungGen: 76704K->1392K(76288K)] 390259K->314955K(806400K), 0.0019753 secs] [Times: user=0.01 sys=0.00, real=0.01 secs] 
273.543: [GC (Allocation Failure) [PSYoungGen: 76144K->1408K(75776K)] 389707K->314971K(805888K), 0.0027636 secs] [Times: user=0.02 sys=0.00, real=0.01 secs] 
274.171: [GC (Allocation Failure) [PSYoungGen: 75648K->1344K(75264K)] 389211K->314907K(805376K), 0.0027679 secs] [Times: user=0.01 sys=0.00, real=0.01 secs] 
274.497: [GC (Allocation Failure) [PSYoungGen: 75072K->1488K(74752K)] 388635K->315051K(804864K), 0.0016492 secs] [Times: user=0.01 sys=0.00, real=0.00 secs] 
274.627: [GC (Allocation Failure) [PSYoungGen: 74704K->1552K(74752K)] 388267K->315115K(804864K), 0.0015406 secs] [Times: user=0.00 sys=0.01, real=0.00 secs] 
274.756: [GC (Allocation Failure) [PSYoungGen: 74256K->1520K(73728K)] 387819K->315083K(803840K), 0.0016852 secs] [Times: user=0.00 sys=0.00, real=0.00 secs] 
275.136: [GC (Allocation Failure) [PSYoungGen: 73712K->1440K(73216K)] 387275K->315011K(803328K), 0.0019210 secs] [Times: user=0.01 sys=0.00, real=0.00 secs] 
276.217: [GC (Allocation Failure) [PSYoungGen: 73120K->1376K(72704K)] 386691K->314947K(802816K), 0.0044010 secs] [Times: user=0.02 sys=0.00, real=0.00 secs] 
277.072: [GC (Allocation Failure) [PSYoungGen: 72544K->1408K(72192K)] 386115K->314979K(802304K), 0.0032999 secs] [Times: user=0.01 sys=0.01, real=0.01 secs] 
277.787: [GC (Allocation Failure) [PSYoungGen: 72064K->1408K(71680K)] 385635K->314979K(801792K), 0.0031746 secs] [Times: user=0.01 sys=0.00, real=0.00 secs] 
278.322: [GC (Allocation Failure) [PSYoungGen: 71552K->1469K(71680K)] 385123K->315040K(801792K), 0.0025403 secs] [Times: user=0.01 sys=0.00, real=0.01 secs] 
278.538: [GC (Allocation Failure) [PSYoungGen: 71613K->1520K(71680K)] 385184K->315091K(801792K), 0.0021451 secs] [Times: user=0.01 sys=0.00, real=0.00 secs] 
278.684: [GC (Allocation Failure) [PSYoungGen: 71664K->1520K(71680K)] 385235K->315091K(801792K), 0.0016162 secs] [Times: user=0.01 sys=0.00, real=0.00 secs] 
278.808: [GC (Allocation Failure) [PSYoungGen: 71664K->1424K(71680K)] 385235K->314995K(801792K), 0.0014776 secs] [Times: user=0.01 sys=0.00, real=0.00 secs] 
279.380: [GC (Allocation Failure) [PSYoungGen: 71568K->1408K(71680K)] 385139K->315003K(801792K), 0.0035002 secs] [Times: user=0.01 sys=0.00, real=0.01 secs] 
280.822: [GC (Allocation Failure) [PSYoungGen: 71552K->1408K(71680K)] 385147K->315003K(801792K), 0.0026823 secs] [Times: user=0.01 sys=0.00, real=0.01 secs] 
281.925: [GC (Allocation Failure) [PSYoungGen: 71552K->1376K(71680K)] 385147K->314971K(801792K), 0.0033797 secs] [Times: user=0.01 sys=0.00, real=0.00 secs] 
282.785: [GC (Allocation Failure) [PSYoungGen: 71520K->1408K(71680K)] 385115K->315003K(801792K), 0.0031931 secs] [Times: user=0.02 sys=0.00, real=0.00 secs] 
283.197: [GC (Allocation Failure) [PSYoungGen: 71552K->1456K(71680K)] 385147K->315051K(801792K), 0.0021016 secs] [Times: user=0.01 sys=0.00, real=0.00 secs] 
283.338: [GC (Allocation Failure) [PSYoungGen: 71588K->1520K(71680K)] 385183K->315115K(801792K), 0.0014903 secs] [Times: user=0.01 sys=0.00, real=0.00 secs] 
283.462: [GC (Allocation Failure) [PSYoungGen: 71664K->1488K(71680K)] 385259K->315083K(801792K), 0.0015915 secs] [Times: user=0.00 sys=0.00, real=0.00 secs] 
283.586: [GC (Allocation Failure) [PSYoungGen: 71632K->1520K(71680K)] 385227K->315123K(801792K), 0.0016107 secs] [Times: user=0.01 sys=0.00, real=0.00 secs] 
283.911: [GC (Allocation Failure) [PSYoungGen: 71664K->1408K(71680K)] 385267K->315011K(801792K), 0.0017467 secs] [Times: user=0.00 sys=0.01, real=0.00 secs] 
284.246: [GC (Allocation Failure) [PSYoungGen: 71552K->1376K(71680K)] 385155K->314979K(801792K), 0.0018551 secs] [Times: user=0.01 sys=0.00, real=0.00 secs] 
284.608: [GC (Allocation Failure) [PSYoungGen: 71520K->1408K(71680K)] 385123K->315011K(801792K), 0.0019620 secs] [Times: user=0.01 sys=0.00, real=0.00 secs] 
284.908: [GC (Allocation Failure) [PSYoungGen: 71552K->1376K(71680K)] 385155K->314979K(801792K), 0.0019292 secs] [Times: user=0.01 sys=0.01, real=0.00 secs] 
285.663: [GC (Allocation Failure) [PSYoungGen: 71515K->1440K(71680K)] 385118K->315043K(801792K), 0.0015581 secs] [Times: user=0.01 sys=0.00, real=0.01 secs] 
285.804: [GC (Allocation Failure) [PSYoungGen: 71584K->1488K(71680K)] 385187K->315091K(801792K), 0.0018539 secs] [Times: user=0.01 sys=0.00, real=0.00 secs] 
285.959: [GC (Allocation Failure) [PSYoungGen: 71632K->1456K(71680K)] 385235K->315059K(801792K), 0.0016470 secs] [Times: user=0.01 sys=0.00, real=0.00 secs] 
286.208: [GC (Allocation Failure) [PSYoungGen: 71600K->992K(71168K)] 385203K->315627K(801280K), 0.0020002 secs] [Times: user=0.01 sys=0.00, real=0.00 secs] 
287.076: [GC (Allocation Failure) [PSYoungGen: 71136K->352K(70656K)] 385771K->314987K(800768K), 0.0037786 secs] [Times: user=0.02 sys=0.00, real=0.00 secs] 
287.945: [GC (Allocation Failure) [PSYoungGen: 70496K->352K(70656K)] 385131K->314987K(800768K), 0.0027495 secs] [Times: user=0.02 sys=0.00, real=0.00 secs] 
289.017: [GC (Allocation Failure) [PSYoungGen: 70496K->352K(72192K)] 385131K->315011K(802304K), 0.0019753 secs] [Times: user=0.01 sys=0.00, real=0.00 secs] 
289.320: [GC (Allocation Failure) [PSYoungGen: 70474K->1456K(71680K)] 385133K->316115K(801792K), 0.0019968 secs] [Times: user=0.01 sys=0.00, real=0.00 secs] 
289.454: [GC (Allocation Failure) [PSYoungGen: 71600K->1552K(72192K)] 386259K->316211K(802304K), 0.0015576 secs] [Times: user=0.01 sys=0.00, real=0.00 secs] 
289.597: [GC (Allocation Failure) [PSYoungGen: 71696K->493K(70656K)] 386355K->316176K(800768K), 0.0020349 secs] [Times: user=0.01 sys=0.00, real=0.00 secs] 
289.760: [GC (Allocation Failure) [PSYoungGen: 70637K->429K(78336K)] 386320K->316112K(808448K), 0.0021746 secs] [Times: user=0.01 sys=0.00, real=0.00 secs] 
290.254: [GC (Allocation Failure) [PSYoungGen: 76205K->1392K(76800K)] 391888K->317075K(806912K), 0.0029484 secs] [Times: user=0.01 sys=0.00, real=0.00 secs] 
290.951: [GC (Allocation Failure) [PSYoungGen: 76656K->1376K(76288K)] 392339K->317059K(806400K), 0.0039834 secs] [Times: user=0.02 sys=0.00, real=0.01 secs] 
291.649: [GC (Allocation Failure) [PSYoungGen: 76128K->1376K(75776K)] 391811K->317059K(805888K), 0.0031635 secs] [Times: user=0.01 sys=0.00, real=0.00 secs] 
292.323: [GC (Allocation Failure) [PSYoungGen: 75616K->1360K(75264K)] 391299K->317043K(805376K), 0.0026720 secs] [Times: user=0.01 sys=0.00, real=0.01 secs] 
292.754: [GC (Allocation Failure) [PSYoungGen: 75088K->1456K(74752K)] 390771K->317139K(804864K), 0.0018809 secs] [Times: user=0.01 sys=0.00, real=0.00 secs] 
292.904: [GC (Allocation Failure) [PSYoungGen: 74672K->1488K(74240K)] 390355K->317171K(804352K), 0.0019766 secs] [Times: user=0.00 sys=0.00, real=0.00 secs] 
293.071: [GC (Allocation Failure) [PSYoungGen: 74192K->1488K(73728K)] 389875K->317171K(803840K), 0.0021349 secs] [Times: user=0.01 sys=0.00, real=0.00 secs] 
293.436: [GC (Allocation Failure) [PSYoungGen: 73680K->1440K(73216K)] 389363K->317123K(803328K), 0.0024711 secs] [Times: user=0.01 sys=0.00, real=0.00 secs] 
294.428: [GC (Allocation Failure) [PSYoungGen: 73120K->1376K(72704K)] 388803K->317059K(802816K), 0.0045547 secs] [Times: user=0.02 sys=0.01, real=0.00 secs] 
295.635: [GC (Allocation Failure) [PSYoungGen: 72544K->1376K(72192K)] 388227K->317059K(802304K), 0.0035298 secs] [Times: user=0.02 sys=0.00, real=0.00 secs] 
296.481: [GC (Allocation Failure) [PSYoungGen: 72032K->1376K(71680K)] 387715K->317059K(801792K), 0.0035089 secs] [Times: user=0.01 sys=0.00, real=0.01 secs] 
297.133: [GC (Allocation Failure) [PSYoungGen: 71520K->1440K(71680K)] 387203K->317123K(801792K), 0.0027723 secs] [Times: user=0.01 sys=0.00, real=0.01 secs] 
297.317: [GC (Allocation Failure) [PSYoungGen: 71584K->1488K(71680K)] 387267K->317171K(801792K), 0.0014860 secs] [Times: user=0.01 sys=0.00, real=0.00 secs] 
297.440: [GC (Allocation Failure) [PSYoungGen: 71632K->1549K(72192K)] 387315K->317232K(802304K), 0.0015296 secs] [Times: user=0.00 sys=0.00, real=0.00 secs] 
297.564: [GC (Allocation Failure) [PSYoungGen: 71693K->477K(70656K)] 387376K->317184K(800768K), 0.0015880 secs] [Times: user=0.01 sys=0.00, real=0.00 secs] 
298.000: [GC (Allocation Failure) [PSYoungGen: 70621K->1440K(72704K)] 387328K->318155K(802816K), 0.0020149 secs] [Times: user=0.01 sys=0.00, real=0.00 secs] 
298.587: [GC (Allocation Failure) [PSYoungGen: 71584K->1440K(71680K)] 388299K->318155K(801792K), 0.0021066 secs] [Times: user=0.00 sys=0.01, real=0.00 secs] 
299.025: [GC (Allocation Failure) [PSYoungGen: 71584K->1440K(71680K)] 388299K->318155K(801792K), 0.0022684 secs] [Times: user=0.01 sys=0.00, real=0.00 secs] 
299.317: [GC (Allocation Failure) [PSYoungGen: 71584K->1408K(71680K)] 388299K->318123K(801792K), 0.0020183 secs] [Times: user=0.01 sys=0.00, real=0.00 secs] 
299.566: [GC (Allocation Failure) [PSYoungGen: 71552K->1485K(71680K)] 388267K->318216K(801792K), 0.0017552 secs] [Times: user=0.01 sys=0.00, real=0.00 secs] 
299.689: [GC (Allocation Failure) [PSYoungGen: 71629K->1520K(71680K)] 388360K->318275K(801792K), 0.0014707 secs] [Times: user=0.01 sys=0.00, real=0.00 secs] 
299.812: [GC (Allocation Failure) [PSYoungGen: 71664K->1520K(71680K)] 388419K->318291K(801792K), 0.0015246 secs] [Times: user=0.01 sys=0.00, real=0.01 secs] 
299.935: [GC (Allocation Failure) [PSYoungGen: 71664K->1488K(72704K)] 388435K->318259K(802816K), 0.0015056 secs] [Times: user=0.00 sys=0.00, real=0.00 secs] 
301.925: [GC (Allocation Failure) [PSYoungGen: 72656K->1488K(72192K)] 389427K->318267K(802304K), 0.0042357 secs] [Times: user=0.02 sys=0.00, real=0.00 secs] 
302.919: [GC (Allocation Failure) [PSYoungGen: 72144K->1376K(71680K)] 388923K->318155K(801792K), 0.0038675 secs] [Times: user=0.02 sys=0.00, real=0.00 secs] 
303.456: [GC (Allocation Failure) [PSYoungGen: 71520K->1408K(72192K)] 388299K->318187K(802304K), 0.0021687 secs] [Times: user=0.01 sys=0.00, real=0.00 secs] 
304.121: [GC (Allocation Failure) [PSYoungGen: 71552K->1440K(72192K)] 388331K->318227K(802304K), 0.0022518 secs] [Times: user=0.00 sys=0.00, real=0.00 secs] 
304.595: [GC (Allocation Failure) [PSYoungGen: 71584K->1501K(72192K)] 388371K->318288K(802304K), 0.0014866 secs] [Times: user=0.00 sys=0.00, real=0.00 secs] 
304.718: [GC (Allocation Failure) [PSYoungGen: 71645K->1485K(72192K)] 388432K->318272K(802304K), 0.0015120 secs] [Times: user=0.01 sys=0.00, real=0.00 secs] 
304.841: [GC (Allocation Failure) [PSYoungGen: 71629K->1581K(72192K)] 388416K->318368K(802304K), 0.0014946 secs] [Times: user=0.01 sys=0.00, real=0.00 secs] 
305.016: [GC (Allocation Failure) [PSYoungGen: 71725K->1984K(72192K)] 388512K->318787K(802304K), 0.0018054 secs] [Times: user=0.00 sys=0.00, real=0.00 secs] 
305.308: [GC (Allocation Failure) [PSYoungGen: 72128K->1376K(72192K)] 388931K->318179K(802304K), 0.0018450 secs] [Times: user=0.01 sys=0.01, real=0.00 secs] 
305.600: [GC (Allocation Failure) [PSYoungGen: 71520K->1376K(72192K)] 388323K->318179K(802304K), 0.0017068 secs] [Times: user=0.00 sys=0.00, real=0.00 secs] 
305.891: [GC (Allocation Failure) [PSYoungGen: 71520K->1408K(72192K)] 388323K->318211K(802304K), 0.0018417 secs] [Times: user=0.00 sys=0.00, real=0.00 secs] 
306.194: [GC (Allocation Failure) [PSYoungGen: 71552K->1392K(72192K)] 388355K->318195K(802304K), 0.0018379 secs] [Times: user=0.01 sys=0.00, real=0.00 secs] 
306.324: [GC (Allocation Failure) [PSYoungGen: 71536K->1488K(72192K)] 388339K->318291K(802304K), 0.0015008 secs] [Times: user=0.00 sys=0.00, real=0.00 secs] 
306.447: [GC (Allocation Failure) [PSYoungGen: 71632K->1552K(72192K)] 388435K->318355K(802304K), 0.0016881 secs] [Times: user=0.01 sys=0.00, real=0.00 secs] 
306.571: [GC (Allocation Failure) [PSYoungGen: 71696K->1549K(72192K)] 388499K->318352K(802304K), 0.0014956 secs] [Times: user=0.01 sys=0.00, real=0.00 secs] 
307.535: [GC (Allocation Failure) [PSYoungGen: 71693K->1408K(71680K)] 388496K->318219K(801792K), 0.0029610 secs] [Times: user=0.01 sys=0.00, real=0.00 secs] 
308.403: [GC (Allocation Failure) [PSYoungGen: 71552K->1408K(71680K)] 388363K->318235K(801792K), 0.0030765 secs] [Times: user=0.01 sys=0.00, real=0.01 secs] 
309.040: [GC (Allocation Failure) [PSYoungGen: 71552K->1440K(71680K)] 388379K->318267K(801792K), 0.0038370 secs] [Times: user=0.02 sys=0.00, real=0.01 secs] 
309.873: [GC (Allocation Failure) [PSYoungGen: 71584K->1408K(71680K)] 388411K->318235K(801792K), 0.0041544 secs] [Times: user=0.01 sys=0.00, real=0.01 secs] 
310.528: [GC (Allocation Failure) [PSYoungGen: 71552K->1437K(71680K)] 388379K->318264K(801792K), 0.0021515 secs] [Times: user=0.01 sys=0.00, real=0.00 secs] 
310.723: [GC (Allocation Failure) [PSYoungGen: 71561K->1520K(71680K)] 388388K->318347K(801792K), 0.0021939 secs] [Times: user=0.01 sys=0.00, real=0.01 secs] 
310.876: [GC (Allocation Failure) [PSYoungGen: 71664K->1485K(71680K)] 388491K->318312K(801792K), 0.0015367 secs] [Times: user=0.00 sys=0.00, real=0.00 secs] 
310.998: [GC (Allocation Failure) [PSYoungGen: 71629K->1520K(71680K)] 388456K->318363K(801792K), 0.0015853 secs] [Times: user=0.01 sys=0.00, real=0.00 secs] 
312.740: [GC (Allocation Failure) [PSYoungGen: 71664K->1424K(71680K)] 388507K->318267K(801792K), 0.0033482 secs] [Times: user=0.02 sys=0.00, real=0.00 secs] 
313.438: [GC (Allocation Failure) [PSYoungGen: 71568K->1376K(71680K)] 388411K->318219K(801792K), 0.0024560 secs] [Times: user=0.01 sys=0.00, real=0.00 secs] 
313.964: [GC (Allocation Failure) [PSYoungGen: 71520K->1408K(71680K)] 388363K->318251K(801792K), 0.0024367 secs] [Times: user=0.01 sys=0.00, real=0.00 secs] 
314.906: [GC (Allocation Failure) [PSYoungGen: 71552K->1376K(71680K)] 388395K->318219K(801792K), 0.0024266 secs] [Times: user=0.01 sys=0.00, real=0.00 secs] 
315.526: [GC (Allocation Failure) [PSYoungGen: 71520K->1469K(72192K)] 388363K->318312K(802304K), 0.0021153 secs] [Times: user=0.01 sys=0.00, real=0.00 secs] 
315.670: [GC (Allocation Failure) [PSYoungGen: 71613K->1517K(72192K)] 388456K->318360K(802304K), 0.0015113 secs] [Times: user=0.00 sys=0.00, real=0.00 secs] 
315.794: [GC (Allocation Failure) [PSYoungGen: 71661K->1517K(72192K)] 388504K->318360K(802304K), 0.0015137 secs] [Times: user=0.01 sys=0.00, real=0.00 secs] 
315.918: [GC (Allocation Failure) [PSYoungGen: 71661K->1517K(72192K)] 388504K->318376K(802304K), 0.0015009 secs] [Times: user=0.00 sys=0.00, real=0.00 secs] 
316.237: [GC (Allocation Failure) [PSYoungGen: 71661K->1440K(72192K)] 388520K->318299K(802304K), 0.0017716 secs] [Times: user=0.00 sys=0.00, real=0.00 secs] 
316.620: [GC (Allocation Failure) [PSYoungGen: 71584K->1376K(72192K)] 388443K->318235K(802304K), 0.0017643 secs] [Times: user=0.01 sys=0.00, real=0.00 secs] 
317.290: [GC (Allocation Failure) [PSYoungGen: 71520K->1408K(72192K)] 388379K->318267K(802304K), 0.0019066 secs] [Times: user=0.01 sys=0.00, real=0.00 secs] 
317.880: [GC (Allocation Failure) [PSYoungGen: 71552K->1392K(72192K)] 388411K->318251K(802304K), 0.0020215 secs] [Times: user=0.01 sys=0.00, real=0.00 secs] 
318.075: [GC (Allocation Failure) [PSYoungGen: 71520K->1485K(72192K)] 388379K->318344K(802304K), 0.0016039 secs] [Times: user=0.01 sys=0.00, real=0.00 secs] 
318.229: [GC (Allocation Failure) [PSYoungGen: 71629K->1520K(72192K)] 388488K->318379K(802304K), 0.0019346 secs] [Times: user=0.01 sys=0.00, real=0.00 secs] 
318.392: [GC (Allocation Failure) [PSYoungGen: 71664K->1549K(72192K)] 388523K->318408K(802304K), 0.0014992 secs] [Times: user=0.01 sys=0.00, real=0.01 secs] 
318.787: [GC (Allocation Failure) [PSYoungGen: 71693K->1408K(72192K)] 388552K->318299K(802304K), 0.0104239 secs] [Times: user=0.04 sys=0.00, real=0.01 secs] 
319.379: [GC (Allocation Failure) [PSYoungGen: 71552K->1408K(77824K)] 388443K->318299K(807936K), 0.0021241 secs] [Times: user=0.01 sys=0.00, real=0.00 secs] 
319.741: [GC (Allocation Failure) [PSYoungGen: 77696K->1376K(77312K)] 394587K->318267K(807424K), 0.0022826 secs] [Times: user=0.01 sys=0.00, real=0.00 secs] 
320.396: [GC (Allocation Failure) [PSYoungGen: 77152K->1376K(76800K)] 394043K->318267K(806912K), 0.0025202 secs] [Times: user=0.01 sys=0.00, real=0.00 secs] 
320.854: [GC (Allocation Failure) [PSYoungGen: 76640K->1520K(76288K)] 393531K->318411K(806400K), 0.0020050 secs] [Times: user=0.01 sys=0.00, real=0.00 secs] 
320.992: [GC (Allocation Failure) [PSYoungGen: 76272K->1469K(75776K)] 393163K->318360K(805888K), 0.0015701 secs] [Times: user=0.00 sys=0.00, real=0.00 secs] 
321.123: [GC (Allocation Failure) [PSYoungGen: 75709K->1520K(75264K)] 392600K->318411K(805376K), 0.0015080 secs] [Times: user=0.01 sys=0.00, real=0.01 secs] 
321.253: [GC (Allocation Failure) [PSYoungGen: 74857K->256K(75776K)] 391748K->317147K(805888K), 0.0015759 secs] [Times: user=0.00 sys=0.00, real=0.01 secs] 
322.505: [GC (Allocation Failure) [PSYoungGen: 73984K->1408K(74752K)] 390875K->318299K(804864K), 0.0019104 secs] [Times: user=0.01 sys=0.00, real=0.00 secs] 
323.104: [GC (Allocation Failure) [PSYoungGen: 74624K->1408K(74240K)] 391515K->318299K(804352K), 0.0021831 secs] [Times: user=0.01 sys=0.00, real=0.00 secs] 
323.731: [GC (Allocation Failure) [PSYoungGen: 74112K->1376K(73728K)] 391003K->318267K(803840K), 0.0023450 secs] [Times: user=0.01 sys=0.00, real=0.01 secs] 
324.299: [GC (Allocation Failure) [PSYoungGen: 73568K->1437K(73216K)] 390459K->318328K(803328K), 0.0028098 secs] [Times: user=0.01 sys=0.00, real=0.00 secs] 
324.518: [GC (Allocation Failure) [PSYoungGen: 73117K->1456K(72704K)] 390008K->318347K(802816K), 0.0019820 secs] [Times: user=0.01 sys=0.00, real=0.00 secs] 
324.649: [GC (Allocation Failure) [PSYoungGen: 72624K->1453K(72192K)] 389515K->318344K(802304K), 0.0015160 secs] [Times: user=0.00 sys=0.00, real=0.00 secs] 
324.794: [GC (Allocation Failure) [PSYoungGen: 72109K->1488K(71680K)] 389000K->318379K(801792K), 0.0019483 secs] [Times: user=0.01 sys=0.00, real=0.00 secs] 
325.477: [GC (Allocation Failure) [PSYoungGen: 71632K->1424K(72192K)] 388523K->318323K(802304K), 0.0031654 secs] [Times: user=0.01 sys=0.00, real=0.00 secs] 
326.124: [GC (Allocation Failure) [PSYoungGen: 71568K->1408K(72192K)] 388467K->318307K(802304K), 0.0032403 secs] [Times: user=0.01 sys=0.00, real=0.00 secs] 
326.782: [GC (Allocation Failure) [PSYoungGen: 71552K->1344K(72192K)] 388451K->318243K(802304K), 0.0026061 secs] [Times: user=0.01 sys=0.01, real=0.01 secs] 
327.519: [GC (Allocation Failure) [PSYoungGen: 71488K->1408K(72192K)] 388387K->318307K(802304K), 0.0026351 secs] [Times: user=0.01 sys=0.00, real=0.00 secs] 
328.035: [GC (Allocation Failure) [PSYoungGen: 71552K->1456K(72192K)] 388451K->318355K(802304K), 0.0020308 secs] [Times: user=0.01 sys=0.00, real=0.00 secs] 
328.217: [GC (Allocation Failure) [PSYoungGen: 71600K->1520K(72192K)] 388499K->318419K(802304K), 0.0021468 secs] [Times: user=0.01 sys=0.00, real=0.00 secs] 
328.378: [GC (Allocation Failure) [PSYoungGen: 71664K->1485K(72192K)] 388563K->318384K(802304K), 0.0014790 secs] [Times: user=0.01 sys=0.00, real=0.00 secs] 
328.501: [GC (Allocation Failure) [PSYoungGen: 71629K->1485K(72192K)] 388528K->318392K(802304K), 0.0015215 secs] [Times: user=0.00 sys=0.00, real=0.00 secs] 
328.813: [GC (Allocation Failure) [PSYoungGen: 71629K->1440K(72192K)] 388536K->318363K(802304K), 0.0022142 secs] [Times: user=0.01 sys=0.00, real=0.01 secs] 
329.105: [GC (Allocation Failure) [PSYoungGen: 71584K->1376K(72192K)] 388507K->318299K(802304K), 0.0018762 secs] [Times: user=0.01 sys=0.00, real=0.00 secs] 
329.396: [GC (Allocation Failure) [PSYoungGen: 71520K->1408K(72192K)] 388443K->318331K(802304K), 0.0019255 secs] [Times: user=0.01 sys=0.00, real=0.00 secs] 
329.688: [GC (Allocation Failure) [PSYoungGen: 71552K->1376K(72192K)] 388475K->318299K(802304K), 0.0019786 secs] [Times: user=0.01 sys=0.00, real=0.00 secs] 
329.887: [GC (Allocation Failure) [PSYoungGen: 71489K->1488K(72192K)] 388412K->318411K(802304K), 0.0015212 secs] [Times: user=0.01 sys=0.00, real=0.00 secs] 
330.011: [GC (Allocation Failure) [PSYoungGen: 71632K->1488K(72192K)] 388555K->318411K(802304K), 0.0015476 secs] [Times: user=0.00 sys=0.00, real=0.00 secs] 
330.134: [GC (Allocation Failure) [PSYoungGen: 71632K->1552K(72192K)] 388555K->318475K(802304K), 0.0014990 secs] [Times: user=0.01 sys=0.00, real=0.00 secs] 
330.320: [GC (Allocation Failure) [PSYoungGen: 71696K->2016K(72192K)] 388619K->319467K(802304K), 0.0018687 secs] [Times: user=0.01 sys=0.00, real=0.00 secs] 
330.611: [GC (Allocation Failure) [PSYoungGen: 72160K->1344K(71680K)] 389611K->318795K(801792K), 0.0018397 secs] [Times: user=0.01 sys=0.00, real=0.00 secs] 
330.902: [GC (Allocation Failure) [PSYoungGen: 71488K->1408K(71680K)] 388939K->318859K(801792K), 0.0019574 secs] [Times: user=0.01 sys=0.00, real=0.01 secs] 
331.194: [GC (Allocation Failure) [PSYoungGen: 71552K->1376K(71680K)] 389003K->318827K(801792K), 0.0017682 secs] [Times: user=0.01 sys=0.00, real=0.00 secs] 
331.487: [GC (Allocation Failure) [PSYoungGen: 71516K->1437K(71680K)] 388967K->318896K(801792K), 0.0017284 secs] [Times: user=0.01 sys=0.00, real=0.00 secs] 
331.612: [GC (Allocation Failure) [PSYoungGen: 71581K->1517K(71680K)] 389040K->318976K(801792K), 0.0016168 secs] [Times: user=0.01 sys=0.00, real=0.00 secs] 
331.735: [GC (Allocation Failure) [PSYoungGen: 71661K->1488K(71680K)] 389120K->318947K(801792K), 0.0015252 secs] [Times: user=0.00 sys=0.00, real=0.00 secs] 
331.877: [GC (Allocation Failure) [PSYoungGen: 71632K->1488K(74240K)] 389091K->318947K(804352K), 0.0020262 secs] [Times: user=0.01 sys=0.00, real=0.00 secs] 
332.132: [GC (Allocation Failure) [PSYoungGen: 74192K->1440K(74752K)] 391651K->318915K(804864K), 0.0019818 secs] [Times: user=0.00 sys=0.00, real=0.00 secs] 
332.434: [GC (Allocation Failure) [PSYoungGen: 74144K->1344K(73728K)] 391619K->318819K(803840K), 0.0022154 secs] [Times: user=0.01 sys=0.00, real=0.00 secs] 
332.734: [GC (Allocation Failure) [PSYoungGen: 73536K->1344K(73216K)] 391011K->318819K(803328K), 0.0022577 secs] [Times: user=0.01 sys=0.00, real=0.00 secs] 
333.159: [GC (Allocation Failure) [PSYoungGen: 73024K->1408K(72704K)] 390499K->318883K(802816K), 0.0018302 secs] [Times: user=0.01 sys=0.00, real=0.00 secs] 
333.405: [GC (Allocation Failure) [PSYoungGen: 72576K->1501K(72192K)] 390051K->318976K(802304K), 0.0018258 secs] [Times: user=0.00 sys=0.00, real=0.00 secs] 
333.531: [GC (Allocation Failure) [PSYoungGen: 72157K->1517K(71680K)] 389632K->319024K(801792K), 0.0016284 secs] [Times: user=0.01 sys=0.00, real=0.00 secs] 
333.656: [GC (Allocation Failure) [PSYoungGen: 71661K->1472K(77312K)] 389168K->318995K(807424K), 0.0015727 secs] [Times: user=0.01 sys=0.00, real=0.00 secs] 
333.789: [GC (Allocation Failure) [PSYoungGen: 77248K->1552K(77824K)] 394771K->319075K(807936K), 0.0015090 secs] [Times: user=0.01 sys=0.00, real=0.00 secs] 
334.147: [GC (Allocation Failure) [PSYoungGen: 77328K->1408K(76800K)] 394851K->318931K(806912K), 0.0018427 secs] [Times: user=0.01 sys=0.00, real=0.00 secs] 
334.945: [GC (Allocation Failure) [PSYoungGen: 76672K->1360K(76288K)] 394195K->318883K(806400K), 0.0027800 secs] [Times: user=0.01 sys=0.00, real=0.00 secs] 
335.825: [GC (Allocation Failure) [PSYoungGen: 76112K->1376K(75776K)] 393635K->318899K(805888K), 0.0028765 secs] [Times: user=0.01 sys=0.00, real=0.00 secs] 
336.787: [GC (Allocation Failure) [PSYoungGen: 75616K->1421K(75264K)] 393139K->318944K(805376K), 0.0033536 secs] [Times: user=0.01 sys=0.00, real=0.00 secs] 
337.003: [GC (Allocation Failure) [PSYoungGen: 75149K->1552K(75264K)] 392672K->319075K(805376K), 0.0015034 secs] [Times: user=0.01 sys=0.01, real=0.01 secs] 
337.133: [GC (Allocation Failure) [PSYoungGen: 74768K->1520K(74240K)] 392291K->319075K(804352K), 0.0015057 secs] [Times: user=0.01 sys=0.00, real=0.01 secs] 
337.263: [GC (Allocation Failure) [PSYoungGen: 74224K->1456K(73728K)] 391779K->319027K(803840K), 0.0016322 secs] [Times: user=0.01 sys=0.00, real=0.01 secs] 
337.775: [GC (Allocation Failure) [PSYoungGen: 73648K->1392K(73216K)] 391219K->318963K(803328K), 0.0027707 secs] [Times: user=0.01 sys=0.00, real=0.00 secs] 
338.063: [GC (Allocation Failure) [PSYoungGen: 73072K->1376K(72704K)] 390643K->318947K(802816K), 0.0021165 secs] [Times: user=0.01 sys=0.00, real=0.01 secs] 
338.557: [GC (Allocation Failure) [PSYoungGen: 72544K->1376K(72192K)] 390115K->318971K(802304K), 0.0026001 secs] [Times: user=0.01 sys=0.00, real=0.00 secs] 
338.943: [GC (Allocation Failure) [PSYoungGen: 72032K->1408K(71680K)] 389627K->319003K(801792K), 0.0020046 secs] [Times: user=0.01 sys=0.00, real=0.01 secs] 
339.285: [GC (Allocation Failure) [PSYoungGen: 71550K->1456K(71680K)] 389145K->319051K(801792K), 0.0014092 secs] [Times: user=0.00 sys=0.00, real=0.00 secs] 
339.410: [GC (Allocation Failure) [PSYoungGen: 71600K->1520K(72192K)] 389195K->319115K(802304K), 0.0015028 secs] [Times: user=0.01 sys=0.00, real=0.00 secs] 
339.535: [GC (Allocation Failure) [PSYoungGen: 71664K->1520K(72192K)] 389259K->319115K(802304K), 0.0014771 secs] [Times: user=0.00 sys=0.00, real=0.00 secs] 
339.659: [GC (Allocation Failure) [PSYoungGen: 71664K->1472K(72192K)] 389259K->319075K(802304K), 0.0025423 secs] [Times: user=0.01 sys=0.00, real=0.00 secs] 
339.992: [GC (Allocation Failure) [PSYoungGen: 71616K->1408K(77312K)] 389219K->319011K(807424K), 0.0019354 secs] [Times: user=0.01 sys=0.00, real=0.01 secs] 
340.307: [GC (Allocation Failure) [PSYoungGen: 77184K->1440K(76800K)] 394787K->319043K(806912K), 0.0019133 secs] [Times: user=0.00 sys=0.00, real=0.00 secs] 
340.621: [GC (Allocation Failure) [PSYoungGen: 76704K->1376K(76288K)] 394307K->318979K(806400K), 0.0032998 secs] [Times: user=0.01 sys=0.00, real=0.01 secs] 
340.940: [GC (Allocation Failure) [PSYoungGen: 76128K->1408K(75776K)] 393731K->319011K(805888K), 0.0023557 secs] [Times: user=0.01 sys=0.00, real=0.00 secs] 
341.153: [GC (Allocation Failure) [PSYoungGen: 75648K->1456K(75264K)] 393251K->319059K(805376K), 0.0019661 secs] [Times: user=0.01 sys=0.00, real=0.01 secs] 
341.289: [GC (Allocation Failure) [PSYoungGen: 75184K->1485K(75776K)] 392787K->319088K(805888K), 0.0016244 secs] [Times: user=0.01 sys=0.00, real=0.00 secs] 
341.418: [GC (Allocation Failure) [PSYoungGen: 75213K->1501K(81408K)] 392816K->319104K(811520K), 0.0017549 secs] [Times: user=0.01 sys=0.00, real=0.00 secs] 
341.751: [GC (Allocation Failure) [PSYoungGen: 80861K->1472K(80384K)] 398464K->319091K(810496K), 0.0018581 secs] [Times: user=0.01 sys=0.00, real=0.00 secs] 
342.079: [GC (Allocation Failure) [PSYoungGen: 80320K->1376K(79872K)] 397939K->318995K(809984K), 0.0018955 secs] [Times: user=0.00 sys=0.00, real=0.00 secs] 
342.405: [GC (Allocation Failure) [PSYoungGen: 79712K->1376K(79360K)] 397331K->318995K(809472K), 0.0020243 secs] [Times: user=0.01 sys=0.00, real=0.00 secs] 
342.933: [GC (Allocation Failure) [PSYoungGen: 79200K->1376K(78848K)] 396819K->318995K(808960K), 0.0022020 secs] [Times: user=0.01 sys=0.00, real=0.01 secs] 
343.102: [GC (Allocation Failure) [PSYoungGen: 78688K->1520K(78336K)] 396307K->319139K(808448K), 0.0015005 secs] [Times: user=0.01 sys=0.00, real=0.01 secs] 
343.237: [GC (Allocation Failure) [PSYoungGen: 78320K->1488K(77824K)] 395939K->319107K(807936K), 0.0015725 secs] [Times: user=0.00 sys=0.00, real=0.00 secs] 
343.394: [GC (Allocation Failure) [PSYoungGen: 77776K->1488K(77312K)] 395395K->319107K(807424K), 0.0019548 secs] [Times: user=0.01 sys=0.00, real=0.01 secs] 
344.673: [GC (Allocation Failure) [PSYoungGen: 77264K->1408K(76800K)] 394883K->319043K(806912K), 0.0034262 secs] [Times: user=0.01 sys=0.00, real=0.01 secs] 
345.940: [GC (Allocation Failure) [PSYoungGen: 76672K->1376K(76288K)] 394307K->319011K(806400K), 0.0035719 secs] [Times: user=0.01 sys=0.00, real=0.00 secs] 
347.181: [GC (Allocation Failure) [PSYoungGen: 76128K->1392K(75776K)] 393763K->319027K(805888K), 0.0031080 secs] [Times: user=0.01 sys=0.00, real=0.01 secs] 
348.047: [GC (Allocation Failure) [PSYoungGen: 75632K->1392K(75264K)] 393267K->319027K(805376K), 0.0029850 secs] [Times: user=0.01 sys=0.00, real=0.00 secs] 
348.242: [GC (Allocation Failure) [PSYoungGen: 75120K->1488K(74752K)] 392755K->319123K(804864K), 0.0015388 secs] [Times: user=0.01 sys=0.00, real=0.01 secs] 
348.371: [GC (Allocation Failure) [PSYoungGen: 74704K->1552K(74752K)] 392339K->319187K(804864K), 0.0015403 secs] [Times: user=0.01 sys=0.00, real=0.00 secs] 
348.501: [GC (Allocation Failure) [PSYoungGen: 74256K->1488K(73728K)] 391891K->319123K(803840K), 0.0016548 secs] [Times: user=0.01 sys=0.00, real=0.00 secs] 
348.847: [GC (Allocation Failure) [PSYoungGen: 73680K->1424K(73216K)] 391315K->319059K(803328K), 0.0022221 secs] [Times: user=0.01 sys=0.00, real=0.00 secs] 
349.396: [GC (Allocation Failure) [PSYoungGen: 73104K->1376K(72704K)] 390739K->319019K(802816K), 0.0023536 secs] [Times: user=0.00 sys=0.00, real=0.00 secs] 
349.975: [GC (Allocation Failure) [PSYoungGen: 72544K->1408K(72192K)] 390187K->319051K(802304K), 0.0022389 secs] [Times: user=0.00 sys=0.00, real=0.00 secs] 
350.609: [GC (Allocation Failure) [PSYoungGen: 72064K->1344K(71680K)] 389707K->318987K(801792K), 0.0026909 secs] [Times: user=0.01 sys=0.00, real=0.00 secs] 
351.019: [GC (Allocation Failure) [PSYoungGen: 71488K->1501K(71680K)] 389131K->319168K(801792K), 0.0019343 secs] [Times: user=0.00 sys=0.00, real=0.00 secs] 
351.147: [GC (Allocation Failure) [PSYoungGen: 71637K->1517K(72192K)] 389304K->319184K(802304K), 0.0014746 secs] [Times: user=0.00 sys=0.00, real=0.00 secs] 
351.270: [GC (Allocation Failure) [PSYoungGen: 71661K->1520K(72192K)] 389328K->319187K(802304K), 0.0014702 secs] [Times: user=0.01 sys=0.00, real=0.00 secs] 
351.394: [GC (Allocation Failure) [PSYoungGen: 71664K->1520K(72192K)] 389331K->319187K(802304K), 0.0016092 secs] [Times: user=0.01 sys=0.00, real=0.00 secs] 
351.920: [GC (Allocation Failure) [PSYoungGen: 71664K->1408K(72192K)] 389331K->319083K(802304K), 0.0019068 secs] [Times: user=0.01 sys=0.00, real=0.00 secs] 
352.504: [GC (Allocation Failure) [PSYoungGen: 71552K->1376K(72192K)] 389227K->319051K(802304K), 0.0020860 secs] [Times: user=0.00 sys=0.00, real=0.00 secs] 
353.092: [GC (Allocation Failure) [PSYoungGen: 71520K->1408K(72192K)] 389195K->319083K(802304K), 0.0022230 secs] [Times: user=0.01 sys=0.00, real=0.01 secs] 
353.668: [GC (Allocation Failure) [PSYoungGen: 71552K->1376K(72192K)] 389227K->319051K(802304K), 0.0020387 secs] [Times: user=0.01 sys=0.00, real=0.00 secs] 
353.898: [GC (Allocation Failure) [PSYoungGen: 71520K->1456K(72192K)] 389195K->319139K(802304K), 0.0015166 secs] [Times: user=0.01 sys=0.00, real=0.00 secs] 
354.056: [GC (Allocation Failure) [PSYoungGen: 71600K->1504K(72192K)] 389283K->319187K(802304K), 0.0020728 secs] [Times: user=0.00 sys=0.00, real=0.00 secs] 
354.222: [GC (Allocation Failure) [PSYoungGen: 71648K->1456K(72192K)] 389331K->319139K(802304K), 0.0015400 secs] [Times: user=0.00 sys=0.00, real=0.01 secs] 
354.517: [GC (Allocation Failure) [PSYoungGen: 71600K->1440K(72192K)] 389283K->319123K(802304K), 0.0021683 secs] [Times: user=0.00 sys=0.00, real=0.00 secs] 
355.128: [GC (Allocation Failure) [PSYoungGen: 71584K->1408K(72192K)] 389267K->319091K(802304K), 0.0021743 secs] [Times: user=0.01 sys=0.00, real=0.00 secs] 
355.815: [GC (Allocation Failure) [PSYoungGen: 71552K->1376K(72192K)] 389235K->319059K(802304K), 0.0032718 secs] [Times: user=0.02 sys=0.00, real=0.00 secs] 
356.415: [GC (Allocation Failure) [PSYoungGen: 71520K->1344K(72192K)] 389203K->319027K(802304K), 0.0019414 secs] [Times: user=0.00 sys=0.00, real=0.00 secs] 
357.057: [GC (Allocation Failure) [PSYoungGen: 71488K->1421K(72192K)] 389171K->319104K(802304K), 0.0019285 secs] [Times: user=0.01 sys=0.00, real=0.00 secs] 
357.192: [GC (Allocation Failure) [PSYoungGen: 71565K->1488K(72192K)] 389248K->319171K(802304K), 0.0014885 secs] [Times: user=0.01 sys=0.01, real=0.00 secs] 
357.314: [GC (Allocation Failure) [PSYoungGen: 71632K->1581K(72192K)] 389315K->319264K(802304K), 0.0016537 secs] [Times: user=0.01 sys=0.00, real=0.00 secs] 
357.438: [GC (Allocation Failure) [PSYoungGen: 71725K->1549K(72192K)] 389408K->319232K(802304K), 0.0014810 secs] [Times: user=0.01 sys=0.00, real=0.00 secs] 
357.902: [GC (Allocation Failure) [PSYoungGen: 71693K->1440K(72192K)] 389376K->319131K(802304K), 0.0019211 secs] [Times: user=0.01 sys=0.00, real=0.01 secs] 
358.782: [GC (Allocation Failure) [PSYoungGen: 71584K->1392K(72192K)] 389275K->319099K(802304K), 0.0020970 secs] [Times: user=0.01 sys=0.00, real=0.01 secs] 
359.580: [GC (Allocation Failure) [PSYoungGen: 71536K->1440K(72192K)] 389243K->319147K(802304K), 0.0039738 secs] [Times: user=0.01 sys=0.00, real=0.01 secs] 
360.148: [GC (Allocation Failure) [PSYoungGen: 71584K->1376K(72192K)] 389291K->319083K(802304K), 0.0025698 secs] [Times: user=0.01 sys=0.00, real=0.00 secs] 
360.407: [GC (Allocation Failure) [PSYoungGen: 71520K->1485K(72192K)] 389227K->319208K(802304K), 0.0014723 secs] [Times: user=0.00 sys=0.00, real=0.00 secs] 
360.532: [GC (Allocation Failure) [PSYoungGen: 71626K->1552K(72192K)] 389350K->319275K(802304K), 0.0015417 secs] [Times: user=0.00 sys=0.00, real=0.00 secs] 
360.657: [GC (Allocation Failure) [PSYoungGen: 71696K->1520K(72192K)] 389419K->319243K(802304K), 0.0014635 secs] [Times: user=0.01 sys=0.00, real=0.00 secs] 
360.781: [GC (Allocation Failure) [PSYoungGen: 71664K->1549K(72192K)] 389387K->319288K(802304K), 0.0014631 secs] [Times: user=0.01 sys=0.00, real=0.00 secs] 
361.538: [GC (Allocation Failure) [PSYoungGen: 71693K->1440K(72192K)] 389432K->319179K(802304K), 0.0020043 secs] [Times: user=0.01 sys=0.00, real=0.00 secs] 
362.122: [GC (Allocation Failure) [PSYoungGen: 71584K->1376K(72192K)] 389323K->319115K(802304K), 0.0019511 secs] [Times: user=0.01 sys=0.00, real=0.01 secs] 
362.696: [GC (Allocation Failure) [PSYoungGen: 71520K->1376K(72192K)] 389259K->319115K(802304K), 0.0024142 secs] [Times: user=0.01 sys=0.00, real=0.00 secs] 
363.696: [GC (Allocation Failure) [PSYoungGen: 71520K->1312K(72192K)] 389259K->319051K(802304K), 0.0031153 secs] [Times: user=0.01 sys=0.01, real=0.00 secs] 
364.011: [GC (Allocation Failure) [PSYoungGen: 71456K->1501K(72192K)] 389195K->319240K(802304K), 0.0021908 secs] [Times: user=0.01 sys=0.00, real=0.00 secs] 
364.141: [GC (Allocation Failure) [PSYoungGen: 71645K->1488K(72192K)] 389384K->319227K(802304K), 0.0015384 secs] [Times: user=0.01 sys=0.00, real=0.00 secs] 
364.265: [GC (Allocation Failure) [PSYoungGen: 71632K->1488K(72192K)] 389371K->319235K(802304K), 0.0014528 secs] [Times: user=0.01 sys=0.00, real=0.00 secs] 
364.427: [GC (Allocation Failure) [PSYoungGen: 71632K->1536K(72192K)] 389379K->319291K(802304K), 0.0017910 secs] [Times: user=0.01 sys=0.00, real=0.00 secs] 
364.915: [GC (Allocation Failure) [PSYoungGen: 71680K->1344K(72192K)] 389435K->319099K(802304K), 0.0022604 secs] [Times: user=0.01 sys=0.00, real=0.00 secs] 
365.207: [GC (Allocation Failure) [PSYoungGen: 71488K->1344K(72192K)] 389243K->319099K(802304K), 0.0017009 secs] [Times: user=0.01 sys=0.00, real=0.00 secs] 
365.696: [GC (Allocation Failure) [PSYoungGen: 71488K->1344K(72192K)] 389243K->319099K(802304K), 0.0018805 secs] [Times: user=0.01 sys=0.00, real=0.00 secs] 
366.277: [GC (Allocation Failure) [PSYoungGen: 71488K->1456K(72192K)] 389243K->319211K(802304K), 0.0022900 secs] [Times: user=0.00 sys=0.00, real=0.00 secs] 
366.431: [GC (Allocation Failure) [PSYoungGen: 71600K->1485K(72192K)] 389355K->319240K(802304K), 0.0014735 secs] [Times: user=0.01 sys=0.00, real=0.00 secs] 
366.573: [GC (Allocation Failure) [PSYoungGen: 71629K->1520K(72192K)] 389384K->319275K(802304K), 0.0018702 secs] [Times: user=0.01 sys=0.00, real=0.01 secs] 
366.729: [GC (Allocation Failure) [PSYoungGen: 71664K->1488K(72192K)] 389419K->319243K(802304K), 0.0020218 secs] [Times: user=0.01 sys=0.00, real=0.00 secs] 
367.013: [GC (Allocation Failure) [PSYoungGen: 71632K->1440K(72192K)] 389387K->319195K(802304K), 0.0022130 secs] [Times: user=0.01 sys=0.00, real=0.01 secs] 
367.689: [GC (Allocation Failure) [PSYoungGen: 71584K->1392K(72192K)] 389339K->319155K(802304K), 0.0021951 secs] [Times: user=0.01 sys=0.00, real=0.00 secs] 
368.442: [GC (Allocation Failure) [PSYoungGen: 71536K->1408K(72192K)] 389299K->319195K(802304K), 0.0021775 secs] [Times: user=0.00 sys=0.00, real=0.01 secs] 
369.046: [GC (Allocation Failure) [PSYoungGen: 71552K->1376K(72192K)] 389339K->319171K(802304K), 0.0020282 secs] [Times: user=0.01 sys=0.00, real=0.00 secs] 
370.498: [GC (Allocation Failure) [PSYoungGen: 71520K->1469K(72192K)] 389315K->319264K(802304K), 0.0026490 secs] [Times: user=0.01 sys=0.00, real=0.00 secs] 
370.680: [GC (Allocation Failure) [PSYoungGen: 71587K->1485K(72192K)] 389383K->319280K(802304K), 0.0015383 secs] [Times: user=0.01 sys=0.00, real=0.00 secs] 
370.804: [GC (Allocation Failure) [PSYoungGen: 71629K->1469K(72192K)] 389424K->319264K(802304K), 0.0015100 secs] [Times: user=0.01 sys=0.00, real=0.00 secs] 
370.927: [GC (Allocation Failure) [PSYoungGen: 71613K->1517K(72192K)] 389408K->319328K(802304K), 0.0015666 secs] [Times: user=0.01 sys=0.00, real=0.00 secs] 
372.206: [GC (Allocation Failure) [PSYoungGen: 71661K->1424K(72192K)] 389472K->319235K(802304K), 0.0028336 secs] [Times: user=0.01 sys=0.00, real=0.00 secs] 
373.127: [GC (Allocation Failure) [PSYoungGen: 71568K->1344K(72192K)] 389379K->319155K(802304K), 0.0030329 secs] [Times: user=0.01 sys=0.01, real=0.00 secs] 
374.079: [GC (Allocation Failure) [PSYoungGen: 71488K->1344K(72192K)] 389299K->319155K(802304K), 0.0019431 secs] [Times: user=0.00 sys=0.00, real=0.00 secs] 
374.731: [GC (Allocation Failure) [PSYoungGen: 71488K->1344K(72192K)] 389299K->319155K(802304K), 0.0025917 secs] [Times: user=0.01 sys=0.00, real=0.00 secs] 
375.378: [GC (Allocation Failure) [PSYoungGen: 71488K->1520K(72192K)] 389299K->319331K(802304K), 0.0022099 secs] [Times: user=0.01 sys=0.00, real=0.00 secs] 
375.525: [GC (Allocation Failure) [PSYoungGen: 71664K->1549K(72192K)] 389475K->319360K(802304K), 0.0015323 secs] [Times: user=0.01 sys=0.00, real=0.00 secs] 
375.648: [GC (Allocation Failure) [PSYoungGen: 71693K->1517K(72192K)] 389504K->319328K(802304K), 0.0015080 secs] [Times: user=0.00 sys=0.00, real=0.00 secs] 
375.772: [GC (Allocation Failure) [PSYoungGen: 71661K->1501K(72192K)] 389472K->319336K(802304K), 0.0015148 secs] [Times: user=0.01 sys=0.00, real=0.01 secs] 
376.339: [GC (Allocation Failure) [PSYoungGen: 71645K->1408K(72192K)] 389480K->319243K(802304K), 0.0017802 secs] [Times: user=0.01 sys=0.00, real=0.00 secs] 
376.948: [GC (Allocation Failure) [PSYoungGen: 71552K->1360K(72192K)] 389387K->319203K(802304K), 0.0029159 secs] [Times: user=0.02 sys=0.00, real=0.00 secs] 
377.537: [GC (Allocation Failure) [PSYoungGen: 71504K->1312K(72192K)] 389347K->319163K(802304K), 0.0026008 secs] [Times: user=0.01 sys=0.00, real=0.00 secs] 
377.860: [GC (Allocation Failure) [PSYoungGen: 71456K->1408K(72192K)] 389307K->319259K(802304K), 0.0019999 secs] [Times: user=0.01 sys=0.00, real=0.00 secs] 
378.029: [GC (Allocation Failure) [PSYoungGen: 71552K->1520K(72192K)] 389403K->319371K(802304K), 0.0014521 secs] [Times: user=0.01 sys=0.00, real=0.00 secs] 
378.174: [GC (Allocation Failure) [PSYoungGen: 71664K->1488K(72192K)] 389515K->319339K(802304K), 0.0019478 secs] [Times: user=0.01 sys=0.00, real=0.00 secs] 
378.341: [GC (Allocation Failure) [PSYoungGen: 71632K->1549K(72192K)] 389483K->319400K(802304K), 0.0015052 secs] [Times: user=0.00 sys=0.00, real=0.00 secs] 
378.693: [GC (Allocation Failure) [PSYoungGen: 71693K->1440K(72192K)] 389544K->319299K(802304K), 0.0022187 secs] [Times: user=0.01 sys=0.00, real=0.01 secs] 
379.627: [GC (Allocation Failure) [PSYoungGen: 71584K->1344K(72192K)] 389443K->319227K(802304K), 0.0028407 secs] [Times: user=0.01 sys=0.00, real=0.00 secs] 
380.744: [GC (Allocation Failure) [PSYoungGen: 71488K->1408K(72192K)] 389371K->319291K(802304K), 0.0028431 secs] [Times: user=0.01 sys=0.00, real=0.00 secs] 
382.213: [GC (Allocation Failure) [PSYoungGen: 71552K->1344K(72192K)] 389435K->319227K(802304K), 0.0032317 secs] [Times: user=0.01 sys=0.00, real=0.01 secs] 
382.946: [GC (Allocation Failure) [PSYoungGen: 71488K->1472K(72192K)] 389371K->319355K(802304K), 0.0021676 secs] [Times: user=0.01 sys=0.00, real=0.00 secs] 
383.097: [GC (Allocation Failure) [PSYoungGen: 71610K->1488K(72192K)] 389493K->319371K(802304K), 0.0015096 secs] [Times: user=0.01 sys=0.00, real=0.00 secs] 
383.240: [GC (Allocation Failure) [PSYoungGen: 71632K->1488K(72192K)] 389515K->319371K(802304K), 0.0018731 secs] [Times: user=0.01 sys=0.00, real=0.00 secs] 
383.391: [GC (Allocation Failure) [PSYoungGen: 71632K->1485K(72192K)] 389515K->319368K(802304K), 0.0015238 secs] [Times: user=0.00 sys=0.00, real=0.00 secs] 
383.711: [GC (Allocation Failure) [PSYoungGen: 71629K->1440K(72192K)] 389512K->319331K(802304K), 0.0018810 secs] [Times: user=0.01 sys=0.00, real=0.00 secs] 
384.318: [GC (Allocation Failure) [PSYoungGen: 71584K->1408K(72192K)] 389475K->319299K(802304K), 0.0019882 secs] [Times: user=0.01 sys=0.00, real=0.00 secs] 
385.063: [GC (Allocation Failure) [PSYoungGen: 71552K->1440K(72192K)] 389443K->319331K(802304K), 0.0021750 secs] [Times: user=0.01 sys=0.00, real=0.01 secs] 
386.240: [GC (Allocation Failure) [PSYoungGen: 71584K->1392K(72192K)] 389475K->319283K(802304K), 0.0039698 secs] [Times: user=0.01 sys=0.00, real=0.01 secs] 
386.807: [GC (Allocation Failure) [PSYoungGen: 71536K->1469K(72192K)] 389427K->319360K(802304K), 0.0022769 secs] [Times: user=0.01 sys=0.00, real=0.00 secs] 
386.965: [GC (Allocation Failure) [PSYoungGen: 71613K->1552K(72192K)] 389504K->319443K(802304K), 0.0016260 secs] [Times: user=0.00 sys=0.00, real=0.00 secs] 
387.090: [GC (Allocation Failure) [PSYoungGen: 71696K->1549K(72192K)] 389587K->319440K(802304K), 0.0014950 secs] [Times: user=0.01 sys=0.00, real=0.00 secs] 
387.215: [GC (Allocation Failure) [PSYoungGen: 71693K->1581K(72192K)] 389584K->319488K(802304K), 0.0014853 secs] [Times: user=0.00 sys=0.00, real=0.00 secs] 
388.325: [GC (Allocation Failure) [PSYoungGen: 71725K->1440K(72192K)] 389632K->319347K(802304K), 0.0020235 secs] [Times: user=0.01 sys=0.00, real=0.00 secs] 
388.616: [GC (Allocation Failure) [PSYoungGen: 71584K->1424K(72192K)] 389491K->319331K(802304K), 0.0018791 secs] [Times: user=0.01 sys=0.00, real=0.00 secs] 
388.949: [GC (Allocation Failure) [PSYoungGen: 71568K->1360K(72192K)] 389475K->319267K(802304K), 0.0018715 secs] [Times: user=0.00 sys=0.00, real=0.00 secs] 
389.393: [GC (Allocation Failure) [PSYoungGen: 71504K->1408K(72192K)] 389411K->319331K(802304K), 0.0019047 secs] [Times: user=0.01 sys=0.00, real=0.01 secs] 
389.670: [GC (Allocation Failure) [PSYoungGen: 71552K->1501K(72192K)] 389475K->319424K(802304K), 0.0023435 secs] [Times: user=0.01 sys=0.00, real=0.00 secs] 
389.827: [GC (Allocation Failure) [PSYoungGen: 71645K->1517K(72192K)] 389568K->319440K(802304K), 0.0014902 secs] [Times: user=0.01 sys=0.00, real=0.00 secs] 
389.968: [GC (Allocation Failure) [PSYoungGen: 71661K->1520K(72192K)] 389584K->319443K(802304K), 0.0018721 secs] [Times: user=0.01 sys=0.00, real=0.00 secs] 
390.294: [GC (Allocation Failure) [PSYoungGen: 71664K->1984K(72192K)] 389587K->320443K(802304K), 0.0023961 secs] [Times: user=0.01 sys=0.00, real=0.00 secs] 
391.292: [GC (Allocation Failure) [PSYoungGen: 72128K->1376K(72192K)] 390587K->319835K(802304K), 0.0027138 secs] [Times: user=0.01 sys=0.00, real=0.01 secs] 
392.230: [GC (Allocation Failure) [PSYoungGen: 71520K->1440K(72192K)] 389979K->319899K(802304K), 0.0023134 secs] [Times: user=0.01 sys=0.00, real=0.00 secs] 
392.953: [GC (Allocation Failure) [PSYoungGen: 71584K->1408K(72192K)] 390043K->319867K(802304K), 0.0022296 secs] [Times: user=0.01 sys=0.00, real=0.01 secs] 
393.739: [GC (Allocation Failure) [PSYoungGen: 71521K->1408K(72192K)] 389980K->319867K(802304K), 0.0022015 secs] [Times: user=0.01 sys=0.00, real=0.00 secs] 
393.893: [GC (Allocation Failure) [PSYoungGen: 71552K->1488K(72192K)] 390011K->319947K(802304K), 0.0015398 secs] [Times: user=0.00 sys=0.00, real=0.01 secs] 
394.016: [GC (Allocation Failure) [PSYoungGen: 71632K->1517K(72192K)] 390091K->319976K(802304K), 0.0014940 secs] [Times: user=0.01 sys=0.00, real=0.00 secs] 
394.140: [GC (Allocation Failure) [PSYoungGen: 71661K->1517K(72192K)] 390120K->319976K(802304K), 0.0015398 secs] [Times: user=0.01 sys=0.00, real=0.00 secs] 
394.678: [GC (Allocation Failure) [PSYoungGen: 71661K->1408K(72192K)] 390120K->319875K(802304K), 0.0020403 secs] [Times: user=0.01 sys=0.00, real=0.00 secs] 
395.866: [GC (Allocation Failure) [PSYoungGen: 71552K->1440K(72192K)] 390019K->319915K(802304K), 0.0030727 secs] [Times: user=0.01 sys=0.00, real=0.00 secs] 
396.797: [GC (Allocation Failure) [PSYoungGen: 71584K->1376K(72192K)] 390059K->319851K(802304K), 0.0027104 secs] [Times: user=0.01 sys=0.00, real=0.00 secs] 
397.716: [GC (Allocation Failure) [PSYoungGen: 71520K->1376K(72192K)] 389995K->319851K(802304K), 0.0023449 secs] [Times: user=0.01 sys=0.00, real=0.00 secs] 
398.430: [GC (Allocation Failure) [PSYoungGen: 71520K->1456K(72192K)] 389995K->319939K(802304K), 0.0022876 secs] [Times: user=0.01 sys=0.00, real=0.00 secs] 
398.588: [GC (Allocation Failure) [PSYoungGen: 71575K->1456K(72192K)] 390058K->319939K(802304K), 0.0016219 secs] [Times: user=0.01 sys=0.00, real=0.00 secs] 
398.712: [GC (Allocation Failure) [PSYoungGen: 71600K->1485K(72192K)] 390083K->319968K(802304K), 0.0015872 secs] [Times: user=0.00 sys=0.00, real=0.00 secs] 
398.836: [GC (Allocation Failure) [PSYoungGen: 71629K->1517K(72192K)] 390112K->320008K(802304K), 0.0014690 secs] [Times: user=0.01 sys=0.00, real=0.00 secs] 
399.162: [GC (Allocation Failure) [PSYoungGen: 71661K->1424K(72192K)] 390152K->319915K(802304K), 0.0017431 secs] [Times: user=0.01 sys=0.00, real=0.01 secs] 
399.661: [GC (Allocation Failure) [PSYoungGen: 71568K->1408K(72192K)] 390059K->319899K(802304K), 0.0019150 secs] [Times: user=0.01 sys=0.00, real=0.00 secs] 
400.225: [GC (Allocation Failure) [PSYoungGen: 71552K->1408K(72192K)] 390043K->319923K(802304K), 0.0025390 secs] [Times: user=0.01 sys=0.00, real=0.00 secs] 
400.763: [GC (Allocation Failure) [PSYoungGen: 71552K->1376K(72192K)] 390067K->319891K(802304K), 0.0024333 secs] [Times: user=0.01 sys=0.00, real=0.01 secs] 
401.183: [GC (Allocation Failure) [PSYoungGen: 71520K->1488K(72192K)] 390035K->320003K(802304K), 0.0021416 secs] [Times: user=0.01 sys=0.00, real=0.01 secs] 
401.320: [GC (Allocation Failure) [PSYoungGen: 71632K->1549K(72192K)] 390147K->320064K(802304K), 0.0014612 secs] [Times: user=0.01 sys=0.00, real=0.00 secs] 
401.443: [GC (Allocation Failure) [PSYoungGen: 71693K->1549K(72192K)] 390208K->320064K(802304K), 0.0015549 secs] [Times: user=0.00 sys=0.00, real=0.01 secs] 
401.586: [GC (Allocation Failure) [PSYoungGen: 71229K->288K(72192K)] 389744K->318803K(802304K), 0.0017189 secs] [Times: user=0.01 sys=0.00, real=0.00 secs] 
401.896: [GC (Allocation Failure) [PSYoungGen: 70432K->1408K(72192K)] 388947K->319931K(802304K), 0.0019080 secs] [Times: user=0.01 sys=0.00, real=0.00 secs] 
402.188: [GC (Allocation Failure) [PSYoungGen: 71552K->1376K(72192K)] 390075K->319899K(802304K), 0.0018714 secs] [Times: user=0.00 sys=0.00, real=0.00 secs] 
402.479: [GC (Allocation Failure) [PSYoungGen: 71520K->1376K(72192K)] 390043K->319899K(802304K), 0.0018052 secs] [Times: user=0.01 sys=0.00, real=0.00 secs] 
402.792: [GC (Allocation Failure) [PSYoungGen: 71175K->272K(72192K)] 389698K->318803K(802304K), 0.0019734 secs] [Times: user=0.01 sys=0.00, real=0.01 secs] 
402.970: [GC (Allocation Failure) [PSYoungGen: 70416K->1520K(72192K)] 388947K->320051K(802304K), 0.0021096 secs] [Times: user=0.01 sys=0.00, real=0.00 secs] 
403.135: [GC (Allocation Failure) [PSYoungGen: 71664K->1453K(72192K)] 390195K->319984K(802304K), 0.0015132 secs] [Times: user=0.01 sys=0.00, real=0.00 secs] 
403.259: [GC (Allocation Failure) [PSYoungGen: 71597K->1581K(72192K)] 390128K->320112K(802304K), 0.0014556 secs] [Times: user=0.00 sys=0.00, real=0.00 secs] 
403.467: [GC (Allocation Failure) [PSYoungGen: 71725K->1472K(72192K)] 390256K->320011K(802304K), 0.0019467 secs] [Times: user=0.01 sys=0.00, real=0.00 secs] 
403.759: [GC (Allocation Failure) [PSYoungGen: 71616K->1408K(72192K)] 390155K->319947K(802304K), 0.0019720 secs] [Times: user=0.01 sys=0.00, real=0.00 secs] 
404.051: [GC (Allocation Failure) [PSYoungGen: 71552K->1392K(72192K)] 390091K->319931K(802304K), 0.0019413 secs] [Times: user=0.01 sys=0.00, real=0.00 secs] 
404.342: [GC (Allocation Failure) [PSYoungGen: 71536K->1376K(72192K)] 390075K->319915K(802304K), 0.0018616 secs] [Times: user=0.00 sys=0.00, real=0.01 secs] 
404.619: [GC (Allocation Failure) [PSYoungGen: 71520K->1456K(72192K)] 390059K->319995K(802304K), 0.0016877 secs] [Times: user=0.00 sys=0.00, real=0.00 secs] 
404.744: [GC (Allocation Failure) [PSYoungGen: 71598K->1549K(72192K)] 390137K->320088K(802304K), 0.0014923 secs] [Times: user=0.01 sys=0.00, real=0.00 secs] 
404.868: [GC (Allocation Failure) [PSYoungGen: 71693K->1549K(72192K)] 390232K->320088K(802304K), 0.0015041 secs] [Times: user=0.00 sys=0.00, real=0.00 secs] 
404.991: [GC (Allocation Failure) [PSYoungGen: 71693K->1517K(72192K)] 390232K->320064K(802304K), 0.0015554 secs] [Times: user=0.01 sys=0.00, real=0.00 secs] 
405.567: [GC (Allocation Failure) [PSYoungGen: 71661K->1408K(71680K)] 390208K->319963K(801792K), 0.0025615 secs] [Times: user=0.01 sys=0.00, real=0.00 secs] 
405.907: [GC (Allocation Failure) [PSYoungGen: 71552K->1360K(71680K)] 390107K->319915K(801792K), 0.0037326 secs] [Times: user=0.02 sys=0.01, real=0.00 secs] 
406.268: [GC (Allocation Failure) [PSYoungGen: 71504K->1376K(71680K)] 390059K->319955K(801792K), 0.0024796 secs] [Times: user=0.01 sys=0.00, real=0.00 secs] 
406.744: [GC (Allocation Failure) [PSYoungGen: 71520K->1376K(71680K)] 390099K->319955K(801792K), 0.0027066 secs] [Times: user=0.01 sys=0.00, real=0.00 secs] 
407.091: [GC (Allocation Failure) [PSYoungGen: 71520K->1488K(71680K)] 390099K->320067K(801792K), 0.0019454 secs] [Times: user=0.01 sys=0.00, real=0.00 secs] 
407.221: [GC (Allocation Failure) [PSYoungGen: 71613K->1488K(71680K)] 390193K->320067K(801792K), 0.0015453 secs] [Times: user=0.01 sys=0.00, real=0.00 secs] 
407.344: [GC (Allocation Failure) [PSYoungGen: 71632K->1520K(71680K)] 390211K->320099K(801792K), 0.0014817 secs] [Times: user=0.01 sys=0.00, real=0.00 secs] 
407.468: [GC (Allocation Failure) [PSYoungGen: 71664K->1517K(74752K)] 390243K->320112K(804864K), 0.0016545 secs] [Times: user=0.01 sys=0.00, real=0.00 secs] 
407.996: [GC (Allocation Failure) [PSYoungGen: 74221K->1408K(73728K)] 392816K->320003K(803840K), 0.0028645 secs] [Times: user=0.01 sys=0.00, real=0.00 secs] 
408.291: [GC (Allocation Failure) [PSYoungGen: 73600K->1376K(73216K)] 392195K->319971K(803328K), 0.0022041 secs] [Times: user=0.01 sys=0.00, real=0.01 secs] 
408.595: [GC (Allocation Failure) [PSYoungGen: 73056K->1392K(72704K)] 391651K->319987K(802816K), 0.0025340 secs] [Times: user=0.01 sys=0.00, real=0.00 secs] 
408.993: [GC (Allocation Failure) [PSYoungGen: 72375K->256K(71168K)] 390970K->318851K(801280K), 0.0021376 secs] [Times: user=0.01 sys=0.00, real=0.01 secs] 
409.141: [GC (Allocation Failure) [PSYoungGen: 70912K->1520K(71680K)] 389507K->320115K(801792K), 0.0015835 secs] [Times: user=0.01 sys=0.00, real=0.00 secs] 
409.264: [GC (Allocation Failure) [PSYoungGen: 71664K->1488K(71680K)] 390259K->320083K(801792K), 0.0016769 secs] [Times: user=0.01 sys=0.00, real=0.00 secs] 
409.387: [GC (Allocation Failure) [PSYoungGen: 71632K->1456K(74240K)] 390227K->320051K(804352K), 0.0015750 secs] [Times: user=0.00 sys=0.00, real=0.00 secs] 
409.771: [GC (Allocation Failure) [PSYoungGen: 74160K->1472K(73728K)] 392755K->320075K(803840K), 0.0019554 secs] [Times: user=0.01 sys=0.00, real=0.00 secs] 
410.471: [GC (Allocation Failure) [PSYoungGen: 73664K->1376K(73216K)] 392267K->319979K(803328K), 0.0021711 secs] [Times: user=0.00 sys=0.00, real=0.00 secs] 
410.778: [GC (Allocation Failure) [PSYoungGen: 73056K->1376K(72704K)] 391659K->319979K(802816K), 0.0021044 secs] [Times: user=0.01 sys=0.00, real=0.00 secs] 
411.277: [GC (Allocation Failure) [PSYoungGen: 72544K->1376K(72192K)] 391147K->319979K(802304K), 0.0021986 secs] [Times: user=0.01 sys=0.00, real=0.00 secs] 
411.687: [GC (Allocation Failure) [PSYoungGen: 72032K->1456K(71680K)] 390635K->320059K(801792K), 0.0019765 secs] [Times: user=0.01 sys=0.00, real=0.00 secs] 
411.819: [GC (Allocation Failure) [PSYoungGen: 71600K->1488K(72192K)] 390203K->320091K(802304K), 0.0014515 secs] [Times: user=0.01 sys=0.01, real=0.00 secs] 
411.941: [GC (Allocation Failure) [PSYoungGen: 71632K->1520K(72192K)] 390235K->320123K(802304K), 0.0014776 secs] [Times: user=0.01 sys=0.00, real=0.00 secs] 
412.064: [GC (Allocation Failure) [PSYoungGen: 71664K->1581K(72192K)] 390267K->320184K(802304K), 0.0015092 secs] [Times: user=0.01 sys=0.00, real=0.00 secs] 
412.361: [GC (Allocation Failure) [PSYoungGen: 71725K->1456K(72192K)] 390328K->320067K(802304K), 0.0017328 secs] [Times: user=0.01 sys=0.00, real=0.00 secs] 
412.808: [GC (Allocation Failure) [PSYoungGen: 71600K->1408K(72192K)] 390211K->320019K(802304K), 0.0018933 secs] [Times: user=0.01 sys=0.00, real=0.00 secs] 
413.355: [GC (Allocation Failure) [PSYoungGen: 71552K->1408K(72192K)] 390163K->320019K(802304K), 0.0020920 secs] [Times: user=0.00 sys=0.01, real=0.00 secs] 
413.967: [GC (Allocation Failure) [PSYoungGen: 71552K->1440K(72192K)] 390163K->320059K(802304K), 0.0020643 secs] [Times: user=0.01 sys=0.00, real=0.00 secs] 
414.385: [GC (Allocation Failure) [PSYoungGen: 71584K->1520K(72192K)] 390203K->320139K(802304K), 0.0019443 secs] [Times: user=0.01 sys=0.00, real=0.00 secs] 
414.511: [GC (Allocation Failure) [PSYoungGen: 71664K->1581K(72192K)] 390283K->320200K(802304K), 0.0015496 secs] [Times: user=0.00 sys=0.00, real=0.00 secs] 
414.634: [GC (Allocation Failure) [PSYoungGen: 71725K->1581K(72192K)] 390344K->320200K(802304K), 0.0015038 secs] [Times: user=0.01 sys=0.00, real=0.00 secs] 
414.758: [GC (Allocation Failure) [PSYoungGen: 71725K->1485K(72192K)] 390344K->320120K(802304K), 0.0014404 secs] [Times: user=0.01 sys=0.01, real=0.00 secs] 
415.108: [GC (Allocation Failure) [PSYoungGen: 71629K->1408K(72192K)] 390264K->320043K(802304K), 0.0017932 secs] [Times: user=0.01 sys=0.00, real=0.00 secs] 
415.411: [GC (Allocation Failure) [PSYoungGen: 71552K->1408K(72192K)] 390187K->320043K(802304K), 0.0016660 secs] [Times: user=0.01 sys=0.00, real=0.00 secs] 
415.742: [GC (Allocation Failure) [PSYoungGen: 71552K->1408K(72192K)] 390187K->320043K(802304K), 0.0017573 secs] [Times: user=0.00 sys=0.00, real=0.01 secs] 
416.150: [GC (Allocation Failure) [PSYoungGen: 71348K->272K(72192K)] 389983K->318907K(802304K), 0.0022652 secs] [Times: user=0.01 sys=0.01, real=0.00 secs] 
416.305: [GC (Allocation Failure) [PSYoungGen: 70416K->1581K(72192K)] 389051K->320216K(802304K), 0.0015056 secs] [Times: user=0.00 sys=0.00, real=0.00 secs] 
416.447: [GC (Allocation Failure) [PSYoungGen: 71725K->1552K(72192K)] 390360K->320187K(802304K), 0.0018713 secs] [Times: user=0.00 sys=0.00, real=0.00 secs] 
416.602: [GC (Allocation Failure) [PSYoungGen: 71696K->1552K(72192K)] 390331K->320187K(802304K), 0.0020390 secs] [Times: user=0.01 sys=0.00, real=0.01 secs] 
416.875: [GC (Allocation Failure) [PSYoungGen: 71696K->1440K(71680K)] 390331K->320083K(801792K), 0.0023166 secs] [Times: user=0.01 sys=0.00, real=0.00 secs] 
417.167: [GC (Allocation Failure) [PSYoungGen: 71584K->1344K(71680K)] 390227K->320011K(801792K), 0.0022380 secs] [Times: user=0.01 sys=0.00, real=0.00 secs] 
417.459: [GC (Allocation Failure) [PSYoungGen: 71488K->1376K(71680K)] 390155K->320043K(801792K), 0.0020097 secs] [Times: user=0.00 sys=0.00, real=0.00 secs] 
417.751: [GC (Allocation Failure) [PSYoungGen: 71520K->1376K(71680K)] 390187K->320043K(801792K), 0.0021532 secs] [Times: user=0.00 sys=0.00, real=0.00 secs] 
418.469: [GC (Allocation Failure) [PSYoungGen: 71520K->1469K(71680K)] 390187K->320136K(801792K), 0.0021376 secs] [Times: user=0.00 sys=0.01, real=0.00 secs] 
418.628: [GC (Allocation Failure) [PSYoungGen: 71589K->1517K(71680K)] 390256K->320184K(801792K), 0.0015485 secs] [Times: user=0.01 sys=0.00, real=0.00 secs] 
418.753: [GC (Allocation Failure) [PSYoungGen: 71661K->1520K(71680K)] 390328K->320211K(801792K), 0.0015031 secs] [Times: user=0.01 sys=0.00, real=0.01 secs] 
418.877: [GC (Allocation Failure) [PSYoungGen: 71664K->1456K(71680K)] 390355K->320163K(801792K), 0.0016404 secs] [Times: user=0.01 sys=0.00, real=0.00 secs] 
419.448: [GC (Allocation Failure) [PSYoungGen: 71600K->1376K(71680K)] 390307K->320083K(801792K), 0.0021875 secs] [Times: user=0.01 sys=0.00, real=0.00 secs] 
420.212: [GC (Allocation Failure) [PSYoungGen: 71520K->1408K(71680K)] 390227K->320115K(801792K), 0.0022277 secs] [Times: user=0.01 sys=0.01, real=0.01 secs] 
421.021: [GC (Allocation Failure) [PSYoungGen: 71552K->1328K(71680K)] 390259K->320035K(801792K), 0.0025454 secs] [Times: user=0.01 sys=0.00, real=0.01 secs] 
421.820: [GC (Allocation Failure) [PSYoungGen: 71472K->1360K(72192K)] 390179K->320067K(802304K), 0.0030125 secs] [Times: user=0.01 sys=0.00, real=0.00 secs] 
422.365: [GC (Allocation Failure) [PSYoungGen: 71504K->1520K(72192K)] 390211K->320227K(802304K), 0.0021022 secs] [Times: user=0.01 sys=0.00, real=0.00 secs] 
422.556: [GC (Allocation Failure) [PSYoungGen: 71664K->1533K(72192K)] 390371K->320240K(802304K), 0.0022781 secs] [Times: user=0.00 sys=0.00, real=0.00 secs] 
422.755: [GC (Allocation Failure) [PSYoungGen: 71677K->1488K(72192K)] 390384K->320195K(802304K), 0.0021699 secs] [Times: user=0.01 sys=0.00, real=0.00 secs] 
422.946: [GC (Allocation Failure) [PSYoungGen: 71632K->1488K(72192K)] 390339K->320203K(802304K), 0.0021399 secs] [Times: user=0.01 sys=0.00, real=0.00 secs] 
423.720: [GC (Allocation Failure) [PSYoungGen: 71632K->1392K(72192K)] 390347K->320107K(802304K), 0.0031623 secs] [Times: user=0.01 sys=0.00, real=0.00 secs] 
424.492: [GC (Allocation Failure) [PSYoungGen: 71536K->1344K(72192K)] 390251K->320059K(802304K), 0.0031307 secs] [Times: user=0.01 sys=0.00, real=0.01 secs] 
425.088: [GC (Allocation Failure) [PSYoungGen: 71488K->1376K(72192K)] 390203K->320091K(802304K), 0.0024303 secs] [Times: user=0.01 sys=0.00, real=0.00 secs] 
425.378: [GC (Allocation Failure) [PSYoungGen: 71520K->1408K(72192K)] 390235K->320123K(802304K), 0.0020524 secs] [Times: user=0.01 sys=0.00, real=0.00 secs] 
425.556: [GC (Allocation Failure) [PSYoungGen: 71552K->1456K(72192K)] 390267K->320171K(802304K), 0.0014535 secs] [Times: user=0.01 sys=0.00, real=0.00 secs] 
425.679: [GC (Allocation Failure) [PSYoungGen: 71600K->1549K(72192K)] 390315K->320264K(802304K), 0.0015261 secs] [Times: user=0.01 sys=0.00, real=0.00 secs] 
425.822: [GC (Allocation Failure) [PSYoungGen: 71693K->1488K(72192K)] 390408K->320203K(802304K), 0.0019534 secs] [Times: user=0.01 sys=0.00, real=0.01 secs] 
426.140: [GC (Allocation Failure) [PSYoungGen: 71632K->1440K(72192K)] 390347K->320171K(802304K), 0.0023435 secs] [Times: user=0.00 sys=0.00, real=0.00 secs] 
426.787: [GC (Allocation Failure) [PSYoungGen: 71584K->1376K(72192K)] 390315K->320107K(802304K), 0.0020844 secs] [Times: user=0.01 sys=0.01, real=0.00 secs] 
427.353: [GC (Allocation Failure) [PSYoungGen: 71520K->1376K(72192K)] 390251K->320107K(802304K), 0.0020767 secs] [Times: user=0.01 sys=0.00, real=0.01 secs] 
427.742: [GC (Allocation Failure) [PSYoungGen: 71520K->1424K(72192K)] 390251K->320155K(802304K), 0.0016577 secs] [Times: user=0.01 sys=0.01, real=0.00 secs] 
428.025: [GC (Allocation Failure) [PSYoungGen: 71568K->1488K(72192K)] 390299K->320219K(802304K), 0.0022160 secs] [Times: user=0.01 sys=0.00, real=0.00 secs] 
428.229: [GC (Allocation Failure) [PSYoungGen: 71632K->1488K(72192K)] 390363K->320243K(802304K), 0.0020959 secs] [Times: user=0.01 sys=0.00, real=0.00 secs] 
428.373: [GC (Allocation Failure) [PSYoungGen: 71632K->1517K(72192K)] 390387K->320272K(802304K), 0.0015444 secs] [Times: user=0.01 sys=0.00, real=0.01 secs] 
428.498: [GC (Allocation Failure) [PSYoungGen: 71661K->1549K(72192K)] 390416K->320304K(802304K), 0.0015510 secs] [Times: user=0.01 sys=0.00, real=0.00 secs] 
430.487: [GC (Allocation Failure) [PSYoungGen: 71693K->1408K(72192K)] 390448K->320163K(802304K), 0.0039506 secs] [Times: user=0.01 sys=0.00, real=0.00 secs] 
430.989: [GC (Allocation Failure) [PSYoungGen: 71552K->1376K(72192K)] 390307K->320131K(802304K), 0.0025914 secs] [Times: user=0.01 sys=0.00, real=0.00 secs] 
431.663: [GC (Allocation Failure) [PSYoungGen: 71520K->1376K(72192K)] 390275K->320131K(802304K), 0.0071006 secs] [Times: user=0.03 sys=0.00, real=0.01 secs] 
432.235: [GC (Allocation Failure) [PSYoungGen: 71520K->1408K(72192K)] 390275K->320163K(802304K), 0.0018454 secs] [Times: user=0.00 sys=0.00, real=0.00 secs] 
432.662: [GC (Allocation Failure) [PSYoungGen: 71552K->1437K(72192K)] 390307K->320200K(802304K), 0.0024832 secs] [Times: user=0.01 sys=0.00, real=0.01 secs] 
432.868: [GC (Allocation Failure) [PSYoungGen: 71581K->1488K(72192K)] 390344K->320251K(802304K), 0.0019845 secs] [Times: user=0.00 sys=0.00, real=0.00 secs] 
432.994: [GC (Allocation Failure) [PSYoungGen: 71632K->1520K(72192K)] 390395K->320283K(802304K), 0.0018073 secs] [Times: user=0.01 sys=0.00, real=0.00 secs] 
433.119: [GC (Allocation Failure) [PSYoungGen: 71664K->1517K(72192K)] 390427K->320296K(802304K), 0.0016103 secs] [Times: user=0.01 sys=0.00, real=0.00 secs] 
433.725: [GC (Allocation Failure) [PSYoungGen: 71661K->1424K(72192K)] 390440K->320203K(802304K), 0.0032848 secs] [Times: user=0.02 sys=0.00, real=0.00 secs] 
434.262: [GC (Allocation Failure) [PSYoungGen: 71568K->1392K(72192K)] 390347K->320171K(802304K), 0.0028296 secs] [Times: user=0.01 sys=0.01, real=0.01 secs] 
434.824: [GC (Allocation Failure) [PSYoungGen: 71536K->1376K(72192K)] 390315K->320155K(802304K), 0.0027029 secs] [Times: user=0.01 sys=0.00, real=0.00 secs] 
435.438: [GC (Allocation Failure) [PSYoungGen: 71520K->1376K(72192K)] 390299K->320155K(802304K), 0.0021891 secs] [Times: user=0.01 sys=0.00, real=0.00 secs] 
435.721: [GC (Allocation Failure) [PSYoungGen: 71520K->1549K(72192K)] 390299K->320328K(802304K), 0.0014706 secs] [Times: user=0.01 sys=0.00, real=0.00 secs] 
435.863: [GC (Allocation Failure) [PSYoungGen: 71693K->1520K(72192K)] 390472K->320299K(802304K), 0.0019259 secs] [Times: user=0.00 sys=0.00, real=0.01 secs] 
436.018: [GC (Allocation Failure) [PSYoungGen: 71664K->1488K(72192K)] 390443K->320267K(802304K), 0.0019719 secs] [Times: user=0.01 sys=0.00, real=0.00 secs] 
436.221: [GC (Allocation Failure) [PSYoungGen: 71632K->1568K(72192K)] 390411K->320347K(802304K), 0.0039779 secs] [Times: user=0.02 sys=0.00, real=0.01 secs] 
436.937: [GC (Allocation Failure) [PSYoungGen: 71712K->1376K(72192K)] 390491K->320155K(802304K), 0.0027111 secs] [Times: user=0.01 sys=0.00, real=0.00 secs] 
438.509: [GC (Allocation Failure) [PSYoungGen: 71520K->1408K(71680K)] 390299K->320187K(801792K), 0.0028465 secs] [Times: user=0.01 sys=0.00, real=0.00 secs] 
440.015: [GC (Allocation Failure) [PSYoungGen: 71552K->1376K(71680K)] 390331K->320155K(801792K), 0.0034579 secs] [Times: user=0.01 sys=0.00, real=0.00 secs] 
440.905: [GC (Allocation Failure) [PSYoungGen: 71520K->1424K(71680K)] 390299K->320227K(801792K), 0.0026201 secs] [Times: user=0.01 sys=0.00, real=0.00 secs] 
441.083: [GC (Allocation Failure) [PSYoungGen: 71568K->1520K(71680K)] 390371K->320323K(801792K), 0.0017342 secs] [Times: user=0.01 sys=0.00, real=0.01 secs] 
441.206: [GC (Allocation Failure) [PSYoungGen: 71664K->1485K(71680K)] 390467K->320288K(801792K), 0.0014984 secs] [Times: user=0.01 sys=0.00, real=0.00 secs] 
441.347: [GC (Allocation Failure) [PSYoungGen: 71629K->1488K(75264K)] 390432K->320291K(805376K), 0.0045154 secs] [Times: user=0.02 sys=0.00, real=0.00 secs] 
441.774: [GC (Allocation Failure) [PSYoungGen: 74704K->1472K(79360K)] 393507K->320283K(809472K), 0.0023718 secs] [Times: user=0.01 sys=0.01, real=0.00 secs] 
443.107: [GC (Allocation Failure) [PSYoungGen: 78784K->1344K(78336K)] 397595K->320155K(808448K), 0.0042884 secs] [Times: user=0.01 sys=0.00, real=0.00 secs] 
444.470: [GC (Allocation Failure) [PSYoungGen: 78144K->1376K(77824K)] 396955K->320187K(807936K), 0.0043809 secs] [Times: user=0.02 sys=0.00, real=0.01 secs] 
445.505: [GC (Allocation Failure) [PSYoungGen: 77664K->1376K(77312K)] 396475K->320187K(807424K), 0.0034146 secs] [Times: user=0.01 sys=0.00, real=0.00 secs] 
445.931: [GC (Allocation Failure) [PSYoungGen: 77152K->1488K(76800K)] 395963K->320299K(806912K), 0.0020496 secs] [Times: user=0.01 sys=0.00, real=0.00 secs] 
446.070: [GC (Allocation Failure) [PSYoungGen: 76752K->1488K(76288K)] 395563K->320299K(806400K), 0.0015971 secs] [Times: user=0.01 sys=0.00, real=0.00 secs] 
446.203: [GC (Allocation Failure) [PSYoungGen: 76240K->1488K(75776K)] 395051K->320299K(805888K), 0.0014902 secs] [Times: user=0.00 sys=0.00, real=0.01 secs] 
446.512: [GC (Allocation Failure) [PSYoungGen: 75728K->1472K(75264K)] 394539K->320283K(805376K), 0.0017906 secs] [Times: user=0.01 sys=0.00, real=0.01 secs] 
447.160: [GC (Allocation Failure) [PSYoungGen: 75200K->1376K(74752K)] 394011K->320187K(804864K), 0.0038819 secs] [Times: user=0.01 sys=0.00, real=0.01 secs] 
447.889: [GC (Allocation Failure) [PSYoungGen: 74592K->1376K(74240K)] 393403K->320187K(804352K), 0.0033520 secs] [Times: user=0.01 sys=0.00, real=0.00 secs] 
448.209: [GC (Allocation Failure) [PSYoungGen: 74080K->1392K(73728K)] 392891K->320203K(803840K), 0.0020652 secs] [Times: user=0.01 sys=0.00, real=0.00 secs] 
448.481: [GC (Allocation Failure) [PSYoungGen: 73584K->1520K(73216K)] 392395K->320331K(803328K), 0.0017214 secs] [Times: user=0.01 sys=0.00, real=0.00 secs] 
448.609: [GC (Allocation Failure) [PSYoungGen: 73200K->1520K(72704K)] 392011K->320331K(802816K), 0.0015238 secs] [Times: user=0.00 sys=0.00, real=0.00 secs] 
448.754: [GC (Allocation Failure) [PSYoungGen: 72688K->1520K(72192K)] 391499K->320331K(802304K), 0.0019867 secs] [Times: user=0.01 sys=0.00, real=0.00 secs] 
448.922: [GC (Allocation Failure) [PSYoungGen: 72176K->1520K(72704K)] 390987K->320331K(802816K), 0.0021420 secs] [Times: user=0.01 sys=0.00, real=0.01 secs] 
449.213: [GC (Allocation Failure) [PSYoungGen: 72176K->1376K(71680K)] 390987K->320195K(801792K), 0.0020597 secs] [Times: user=0.00 sys=0.00, real=0.01 secs] 
449.505: [GC (Allocation Failure) [PSYoungGen: 71520K->1344K(72192K)] 390339K->320179K(802304K), 0.0019217 secs] [Times: user=0.00 sys=0.00, real=0.00 secs] 
449.797: [GC (Allocation Failure) [PSYoungGen: 71488K->1376K(72192K)] 390323K->320211K(802304K), 0.0018162 secs] [Times: user=0.01 sys=0.00, real=0.00 secs] 
450.088: [GC (Allocation Failure) [PSYoungGen: 71520K->1376K(72192K)] 390355K->320211K(802304K), 0.0018345 secs] [Times: user=0.01 sys=0.01, real=0.00 secs] 
450.289: [GC (Allocation Failure) [PSYoungGen: 71520K->1456K(72192K)] 390355K->320291K(802304K), 0.0015094 secs] [Times: user=0.00 sys=0.00, real=0.00 secs] 
450.413: [GC (Allocation Failure) [PSYoungGen: 71600K->1520K(72192K)] 390435K->320355K(802304K), 0.0014677 secs] [Times: user=0.01 sys=0.00, real=0.01 secs] 
450.537: [GC (Allocation Failure) [PSYoungGen: 71664K->1520K(72192K)] 390499K->320355K(802304K), 0.0014755 secs] [Times: user=0.01 sys=0.00, real=0.00 secs] 
450.995: [GC (Allocation Failure) [PSYoungGen: 71664K->1680K(72192K)] 390499K->320515K(802304K), 0.0039507 secs] [Times: user=0.01 sys=0.00, real=0.00 secs] 
452.257: [GC (Allocation Failure) [PSYoungGen: 71824K->1376K(72192K)] 390659K->320211K(802304K), 0.0024972 secs] [Times: user=0.01 sys=0.00, real=0.00 secs] 
452.767: [GC (Allocation Failure) [PSYoungGen: 71520K->1408K(72192K)] 390355K->320243K(802304K), 0.0021590 secs] [Times: user=0.01 sys=0.00, real=0.00 secs] 
453.071: [GC (Allocation Failure) [PSYoungGen: 71552K->1376K(72192K)] 390387K->320211K(802304K), 0.0019766 secs] [Times: user=0.01 sys=0.00, real=0.00 secs] 
453.375: [GC (Allocation Failure) [PSYoungGen: 71520K->1437K(72192K)] 390355K->320272K(802304K), 0.0018837 secs] [Times: user=0.00 sys=0.00, real=0.00 secs] 
453.510: [GC (Allocation Failure) [PSYoungGen: 71581K->1549K(72192K)] 390416K->320384K(802304K), 0.0015013 secs] [Times: user=0.01 sys=0.00, real=0.00 secs] 
453.634: [GC (Allocation Failure) [PSYoungGen: 71693K->1552K(72192K)] 390528K->320387K(802304K), 0.0015218 secs] [Times: user=0.01 sys=0.00, real=0.01 secs] 
453.757: [GC (Allocation Failure) [PSYoungGen: 71696K->1552K(72192K)] 390531K->320387K(802304K), 0.0015560 secs] [Times: user=0.01 sys=0.00, real=0.00 secs] 
454.197: [GC (Allocation Failure) [PSYoungGen: 71696K->1456K(71680K)] 390531K->320299K(801792K), 0.0021538 secs] [Times: user=0.01 sys=0.01, real=0.00 secs] 
454.808: [GC (Allocation Failure) [PSYoungGen: 71600K->1392K(71680K)] 390443K->320235K(801792K), 0.0026196 secs] [Times: user=0.01 sys=0.00, real=0.00 secs] 
455.491: [GC (Allocation Failure) [PSYoungGen: 71536K->1392K(71680K)] 390379K->320235K(801792K), 0.0024657 secs] [Times: user=0.01 sys=0.00, real=0.01 secs] 
455.994: [GC (Allocation Failure) [PSYoungGen: 71536K->1408K(71680K)] 390379K->320251K(801792K), 0.0024977 secs] [Times: user=0.01 sys=0.00, real=0.00 secs] 
456.283: [GC (Allocation Failure) [PSYoungGen: 71528K->1488K(71680K)] 390371K->320331K(801792K), 0.0018685 secs] [Times: user=0.01 sys=0.00, real=0.01 secs] 
456.440: [GC (Allocation Failure) [PSYoungGen: 71632K->1520K(71680K)] 390475K->320363K(801792K), 0.0020728 secs] [Times: user=0.01 sys=0.00, real=0.00 secs] 
456.609: [GC (Allocation Failure) [PSYoungGen: 71664K->1488K(71680K)] 390507K->320331K(801792K), 0.0020998 secs] [Times: user=0.01 sys=0.00, real=0.00 secs] 
456.772: [GC (Allocation Failure) [PSYoungGen: 71632K->1517K(71680K)] 390475K->320384K(801792K), 0.0016305 secs] [Times: user=0.01 sys=0.00, real=0.00 secs] 
457.837: [GC (Allocation Failure) [PSYoungGen: 71661K->1440K(71680K)] 390528K->320307K(801792K), 0.0032809 secs] [Times: user=0.02 sys=0.00, real=0.00 secs] 
458.399: [GC (Allocation Failure) [PSYoungGen: 71584K->1376K(71680K)] 390451K->320267K(801792K), 0.0023285 secs] [Times: user=0.01 sys=0.01, real=0.00 secs] 
458.895: [GC (Allocation Failure) [PSYoungGen: 71520K->1360K(71680K)] 390411K->320251K(801792K), 0.0020432 secs] [Times: user=0.01 sys=0.00, real=0.00 secs] 
459.454: [GC (Allocation Failure) [PSYoungGen: 71504K->1408K(72192K)] 390395K->320299K(802304K), 0.0021862 secs] [Times: user=0.00 sys=0.00, real=0.00 secs] 
459.770: [GC (Allocation Failure) [PSYoungGen: 71552K->1504K(72192K)] 390443K->320395K(802304K), 0.0018489 secs] [Times: user=0.01 sys=0.00, real=0.00 secs] 
459.895: [GC (Allocation Failure) [PSYoungGen: 71648K->1549K(72192K)] 390539K->320440K(802304K), 0.0014555 secs] [Times: user=0.01 sys=0.00, real=0.00 secs] 
460.038: [GC (Allocation Failure) [PSYoungGen: 71693K->1520K(72192K)] 390584K->320411K(802304K), 0.0018615 secs] [Times: user=0.01 sys=0.00, real=0.00 secs] 
460.193: [GC (Allocation Failure) [PSYoungGen: 71664K->1456K(72192K)] 390555K->320363K(802304K), 0.0015081 secs] [Times: user=0.00 sys=0.00, real=0.01 secs] 
460.507: [GC (Allocation Failure) [PSYoungGen: 71600K->1408K(72192K)] 390507K->320315K(802304K), 0.0020011 secs] [Times: user=0.01 sys=0.00, real=0.00 secs] 
460.802: [GC (Allocation Failure) [PSYoungGen: 71552K->1344K(72192K)] 390459K->320251K(802304K), 0.0019288 secs] [Times: user=0.01 sys=0.00, real=0.01 secs] 
461.399: [GC (Allocation Failure) [PSYoungGen: 71488K->1408K(72192K)] 390395K->320315K(802304K), 0.0018680 secs] [Times: user=0.01 sys=0.00, real=0.00 secs] 
462.046: [GC (Allocation Failure) [PSYoungGen: 71552K->1408K(72192K)] 390459K->320315K(802304K), 0.0029887 secs] [Times: user=0.01 sys=0.00, real=0.00 secs] 
462.304: [GC (Allocation Failure) [PSYoungGen: 71552K->1520K(72192K)] 390459K->320427K(802304K), 0.0019140 secs] [Times: user=0.01 sys=0.00, real=0.00 secs] 
462.432: [GC (Allocation Failure) [PSYoungGen: 71664K->1456K(72192K)] 390571K->320363K(802304K), 0.0014337 secs] [Times: user=0.00 sys=0.00, real=0.01 secs] 
462.557: [GC (Allocation Failure) [PSYoungGen: 71600K->1485K(72192K)] 390507K->320392K(802304K), 0.0014772 secs] [Times: user=0.01 sys=0.00, real=0.00 secs] 
462.890: [GC (Allocation Failure) [PSYoungGen: 71629K->1440K(72192K)] 390536K->320355K(802304K), 0.0018639 secs] [Times: user=0.01 sys=0.00, real=0.00 secs] 
463.626: [GC (Allocation Failure) [PSYoungGen: 71584K->1376K(72192K)] 390499K->320291K(802304K), 0.0017726 secs] [Times: user=0.00 sys=0.00, real=0.00 secs] 
464.416: [GC (Allocation Failure) [PSYoungGen: 71520K->1376K(72192K)] 390435K->320291K(802304K), 0.0027081 secs] [Times: user=0.01 sys=0.00, real=0.00 secs] 
465.127: [GC (Allocation Failure) [PSYoungGen: 71520K->1408K(72192K)] 390435K->320323K(802304K), 0.0037302 secs] [Times: user=0.02 sys=0.00, real=0.00 secs] 
465.740: [GC (Allocation Failure) [PSYoungGen: 71552K->1456K(72192K)] 390467K->320371K(802304K), 0.0025694 secs] [Times: user=0.01 sys=0.00, real=0.00 secs] 
465.921: [GC (Allocation Failure) [PSYoungGen: 71600K->1424K(72192K)] 390515K->320339K(802304K), 0.0020727 secs] [Times: user=0.01 sys=0.00, real=0.00 secs] 
466.047: [GC (Allocation Failure) [PSYoungGen: 71568K->1485K(72192K)] 390483K->320400K(802304K), 0.0015439 secs] [Times: user=0.01 sys=0.00, real=0.00 secs] 
466.189: [GC (Allocation Failure) [PSYoungGen: 71629K->1552K(72192K)] 390544K->320467K(802304K), 0.0018670 secs] [Times: user=0.01 sys=0.00, real=0.00 secs] 
467.176: [GC (Allocation Failure) [PSYoungGen: 71696K->1440K(72192K)] 390611K->320371K(802304K), 0.0044379 secs] [Times: user=0.02 sys=0.00, real=0.00 secs] 
467.694: [GC (Allocation Failure) [PSYoungGen: 71584K->1376K(72192K)] 390515K->320307K(802304K), 0.0020857 secs] [Times: user=0.01 sys=0.00, real=0.00 secs] 
468.280: [GC (Allocation Failure) [PSYoungGen: 71520K->1376K(72192K)] 390451K->320307K(802304K), 0.0024880 secs] [Times: user=0.01 sys=0.00, real=0.00 secs] 
468.792: [GC (Allocation Failure) [PSYoungGen: 71520K->1408K(72192K)] 390451K->320339K(802304K), 0.0023685 secs] [Times: user=0.01 sys=0.00, real=0.01 secs] 
469.222: [GC (Allocation Failure) [PSYoungGen: 71552K->1520K(72192K)] 390483K->320451K(802304K), 0.0020726 secs] [Times: user=0.01 sys=0.00, real=0.01 secs] 
469.360: [GC (Allocation Failure) [PSYoungGen: 71664K->1520K(72192K)] 390595K->320451K(802304K), 0.0014773 secs] [Times: user=0.01 sys=0.00, real=0.00 secs] 
469.483: [GC (Allocation Failure) [PSYoungGen: 71664K->1488K(72192K)] 390595K->320451K(802304K), 0.0016087 secs] [Times: user=0.00 sys=0.00, real=0.01 secs] 
469.606: [GC (Allocation Failure) [PSYoungGen: 71632K->1517K(72192K)] 390595K->320496K(802304K), 0.0015041 secs] [Times: user=0.01 sys=0.00, real=0.00 secs] 
470.651: [GC (Allocation Failure) [PSYoungGen: 71661K->1376K(72192K)] 390640K->320355K(802304K), 0.0027543 secs] [Times: user=0.01 sys=0.00, real=0.01 secs] 
471.443: [GC (Allocation Failure) [PSYoungGen: 71520K->1376K(72192K)] 390499K->320355K(802304K), 0.0031850 secs] [Times: user=0.01 sys=0.00, real=0.01 secs] 
472.292: [GC (Allocation Failure) [PSYoungGen: 71520K->1376K(72192K)] 390499K->320355K(802304K), 0.0041733 secs] [Times: user=0.01 sys=0.01, real=0.01 secs] 
473.243: [GC (Allocation Failure) [PSYoungGen: 71520K->1344K(72192K)] 390499K->320323K(802304K), 0.0048280 secs] [Times: user=0.02 sys=0.00, real=0.01 secs] 
473.643: [GC (Allocation Failure) [PSYoungGen: 71488K->1520K(72192K)] 390467K->320499K(802304K), 0.0019965 secs] [Times: user=0.00 sys=0.00, real=0.01 secs] 
473.781: [GC (Allocation Failure) [PSYoungGen: 71664K->1549K(72192K)] 390643K->320528K(802304K), 0.0015127 secs] [Times: user=0.00 sys=0.00, real=0.00 secs] 
473.904: [GC (Allocation Failure) [PSYoungGen: 71693K->1549K(72192K)] 390672K->320528K(802304K), 0.0015063 secs] [Times: user=0.00 sys=0.00, real=0.00 secs] 
474.256: [GC (Allocation Failure) [PSYoungGen: 71693K->1984K(72192K)] 390672K->321475K(802304K), 0.0026752 secs] [Times: user=0.01 sys=0.00, real=0.00 secs] 
475.495: [GC (Allocation Failure) [PSYoungGen: 72128K->1376K(72192K)] 391619K->320867K(802304K), 0.0031981 secs] [Times: user=0.01 sys=0.00, real=0.00 secs] 
476.137: [GC (Allocation Failure) [PSYoungGen: 71520K->1376K(72192K)] 391011K->320867K(802304K), 0.0024527 secs] [Times: user=0.02 sys=0.00, real=0.00 secs] 
476.875: [GC (Allocation Failure) [PSYoungGen: 71520K->1344K(72192K)] 391011K->320835K(802304K), 0.0024884 secs] [Times: user=0.02 sys=0.00, real=0.00 secs] 
477.652: [GC (Allocation Failure) [PSYoungGen: 71488K->1424K(72192K)] 390979K->320915K(802304K), 0.0023325 secs] [Times: user=0.01 sys=0.00, real=0.01 secs] 
477.817: [GC (Allocation Failure) [PSYoungGen: 71568K->1485K(72192K)] 391059K->320976K(802304K), 0.0014771 secs] [Times: user=0.00 sys=0.00, real=0.00 secs] 
477.940: [GC (Allocation Failure) [PSYoungGen: 71629K->1581K(72192K)] 391120K->321072K(802304K), 0.0014779 secs] [Times: user=0.00 sys=0.00, real=0.00 secs] 
478.064: [GC (Allocation Failure) [PSYoungGen: 71725K->1517K(72192K)] 391216K->321008K(802304K), 0.0014829 secs] [Times: user=0.00 sys=0.00, real=0.00 secs] 
478.310: [GC (Allocation Failure) [PSYoungGen: 71661K->1456K(72192K)] 391152K->320955K(802304K), 0.0018090 secs] [Times: user=0.01 sys=0.00, real=0.00 secs] 
478.632: [GC (Allocation Failure) [PSYoungGen: 71600K->1376K(72192K)] 391099K->320875K(802304K), 0.0018777 secs] [Times: user=0.00 sys=0.00, real=0.00 secs] 
478.923: [GC (Allocation Failure) [PSYoungGen: 71520K->1376K(72192K)] 391019K->320875K(802304K), 0.0018554 secs] [Times: user=0.00 sys=0.00, real=0.01 secs] 
479.272: [GC (Allocation Failure) [PSYoungGen: 71520K->1376K(72192K)] 391019K->320899K(802304K), 0.0020302 secs] [Times: user=0.01 sys=0.00, real=0.01 secs] 
479.574: [GC (Allocation Failure) [PSYoungGen: 71520K->1424K(72192K)] 391043K->320947K(802304K), 0.0021763 secs] [Times: user=0.01 sys=0.00, real=0.00 secs] 
479.770: [GC (Allocation Failure) [PSYoungGen: 71568K->1488K(72192K)] 391091K->321011K(802304K), 0.0021229 secs] [Times: user=0.01 sys=0.00, real=0.00 secs] 
479.938: [GC (Allocation Failure) [PSYoungGen: 71632K->1488K(72192K)] 391155K->321011K(802304K), 0.0021946 secs] [Times: user=0.00 sys=0.00, real=0.00 secs] 
480.093: [GC (Allocation Failure) [PSYoungGen: 71632K->1549K(72192K)] 391155K->321088K(802304K), 0.0015411 secs] [Times: user=0.01 sys=0.00, real=0.01 secs] 
481.195: [GC (Allocation Failure) [PSYoungGen: 71693K->1392K(72192K)] 391232K->320939K(802304K), 0.0023410 secs] [Times: user=0.00 sys=0.00, real=0.00 secs] 
481.553: [GC (Allocation Failure) [PSYoungGen: 71536K->1408K(72192K)] 391083K->320955K(802304K), 0.0019869 secs] [Times: user=0.01 sys=0.00, real=0.01 secs] 
482.261: [GC (Allocation Failure) [PSYoungGen: 71552K->1408K(72192K)] 391099K->320955K(802304K), 0.0026957 secs] [Times: user=0.01 sys=0.00, real=0.00 secs] 
483.060: [GC (Allocation Failure) [PSYoungGen: 71552K->1408K(72192K)] 391099K->320955K(802304K), 0.0027068 secs] [Times: user=0.01 sys=0.01, real=0.00 secs] 
483.535: [GC (Allocation Failure) [PSYoungGen: 71552K->1488K(72192K)] 391099K->321035K(802304K), 0.0021167 secs] [Times: user=0.01 sys=0.00, real=0.00 secs] 
483.683: [GC (Allocation Failure) [PSYoungGen: 71632K->1533K(72192K)] 391179K->321080K(802304K), 0.0015130 secs] [Times: user=0.01 sys=0.00, real=0.01 secs] 
483.806: [GC (Allocation Failure) [PSYoungGen: 71677K->1549K(72192K)] 391224K->321096K(802304K), 0.0015283 secs] [Times: user=0.01 sys=0.00, real=0.00 secs] 
483.929: [GC (Allocation Failure) [PSYoungGen: 71693K->1533K(72192K)] 391240K->321096K(802304K), 0.0015390 secs] [Times: user=0.01 sys=0.00, real=0.00 secs] 
485.722: [GC (Allocation Failure) [PSYoungGen: 71677K->1456K(72192K)] 391240K->321019K(802304K), 0.0041158 secs] [Times: user=0.02 sys=0.00, real=0.01 secs] 
486.540: [GC (Allocation Failure) [PSYoungGen: 71600K->1408K(72192K)] 391163K->320971K(802304K), 0.0030328 secs] [Times: user=0.02 sys=0.00, real=0.00 secs] 
487.052: [GC (Allocation Failure) [PSYoungGen: 71552K->1408K(72192K)] 391115K->320971K(802304K), 0.0025337 secs] [Times: user=0.01 sys=0.00, real=0.01 secs] 
487.854: [GC (Allocation Failure) [PSYoungGen: 71552K->1440K(72192K)] 391115K->321003K(802304K), 0.0023344 secs] [Times: user=0.01 sys=0.00, real=0.00 secs] 
488.110: [GC (Allocation Failure) [PSYoungGen: 71584K->1472K(72192K)] 391147K->321035K(802304K), 0.0016219 secs] [Times: user=0.01 sys=0.00, real=0.00 secs] 
488.234: [GC (Allocation Failure) [PSYoungGen: 71616K->1504K(72192K)] 391179K->321067K(802304K), 0.0015553 secs] [Times: user=0.01 sys=0.00, real=0.00 secs] 
488.357: [GC (Allocation Failure) [PSYoungGen: 71648K->1504K(72192K)] 391211K->321067K(802304K), 0.0015702 secs] [Times: user=0.01 sys=0.00, real=0.00 secs] 
488.774: [GC (Allocation Failure) [PSYoungGen: 71648K->1472K(72192K)] 391211K->321059K(802304K), 0.0018045 secs] [Times: user=0.01 sys=0.00, real=0.00 secs] 
489.858: [GC (Allocation Failure) [PSYoungGen: 71616K->1344K(72192K)] 391203K->320931K(802304K), 0.0041056 secs] [Times: user=0.02 sys=0.00, real=0.00 secs] 
490.506: [GC (Allocation Failure) [PSYoungGen: 71488K->1376K(72192K)] 391075K->320971K(802304K), 0.0026640 secs] [Times: user=0.01 sys=0.00, real=0.00 secs] 
491.215: [GC (Allocation Failure) [PSYoungGen: 71520K->1376K(72192K)] 391115K->320987K(802304K), 0.0029273 secs] [Times: user=0.01 sys=0.00, real=0.00 secs] 
491.920: [GC (Allocation Failure) [PSYoungGen: 71520K->1405K(72192K)] 391131K->321024K(802304K), 0.0026466 secs] [Times: user=0.01 sys=0.00, real=0.00 secs] 
492.148: [GC (Allocation Failure) [PSYoungGen: 71549K->1520K(72192K)] 391168K->321139K(802304K), 0.0021376 secs] [Times: user=0.01 sys=0.00, real=0.00 secs] 
492.292: [GC (Allocation Failure) [PSYoungGen: 71664K->1485K(72192K)] 391283K->321104K(802304K), 0.0014670 secs] [Times: user=0.01 sys=0.00, real=0.00 secs] 
492.416: [GC (Allocation Failure) [PSYoungGen: 71629K->1488K(72192K)] 391248K->321107K(802304K), 0.0016292 secs] [Times: user=0.01 sys=0.00, real=0.00 secs] 
492.961: [GC (Allocation Failure) [PSYoungGen: 71632K->1392K(72192K)] 391251K->321027K(802304K), 0.0067875 secs] [Times: user=0.02 sys=0.00, real=0.01 secs] 
493.679: [GC (Allocation Failure) [PSYoungGen: 71536K->1392K(72192K)] 391171K->321027K(802304K), 0.0040115 secs] [Times: user=0.01 sys=0.00, real=0.00 secs] 
494.290: [GC (Allocation Failure) [PSYoungGen: 71536K->1408K(72192K)] 391171K->321043K(802304K), 0.0031621 secs] [Times: user=0.01 sys=0.01, real=0.01 secs] 
494.831: [GC (Allocation Failure) [PSYoungGen: 71552K->1376K(72192K)] 391187K->321011K(802304K), 0.0036762 secs] [Times: user=0.02 sys=0.00, real=0.01 secs] 
495.173: [GC (Allocation Failure) [PSYoungGen: 71520K->1424K(72192K)] 391155K->321059K(802304K), 0.0019543 secs] [Times: user=0.01 sys=0.00, real=0.01 secs] 
495.308: [GC (Allocation Failure) [PSYoungGen: 71568K->1552K(72192K)] 391203K->321187K(802304K), 0.0014371 secs] [Times: user=0.01 sys=0.00, real=0.00 secs] 
495.431: [GC (Allocation Failure) [PSYoungGen: 71696K->1485K(72192K)] 391331K->321120K(802304K), 0.0014934 secs] [Times: user=0.01 sys=0.00, real=0.00 secs] 
495.554: [GC (Allocation Failure) [PSYoungGen: 71629K->1517K(72192K)] 391264K->321168K(802304K), 0.0019714 secs] [Times: user=0.00 sys=0.00, real=0.00 secs] 
495.985: [GC (Allocation Failure) [PSYoungGen: 71661K->1376K(72192K)] 391312K->321027K(802304K), 0.0020317 secs] [Times: user=0.00 sys=0.00, real=0.00 secs] 
496.278: [GC (Allocation Failure) [PSYoungGen: 71520K->1376K(72192K)] 391171K->321027K(802304K), 0.0021845 secs] [Times: user=0.01 sys=0.00, real=0.00 secs] 
496.584: [GC (Allocation Failure) [PSYoungGen: 71520K->1376K(72192K)] 391171K->321027K(802304K), 0.0018681 secs] [Times: user=0.01 sys=0.00, real=0.00 secs] 
496.893: [GC (Allocation Failure) [PSYoungGen: 71520K->1376K(72192K)] 391171K->321027K(802304K), 0.0018655 secs] [Times: user=0.01 sys=0.00, real=0.01 secs] 
497.115: [GC (Allocation Failure) [PSYoungGen: 71520K->1485K(72192K)] 391171K->321136K(802304K), 0.0017646 secs] [Times: user=0.00 sys=0.00, real=0.00 secs] 
497.263: [GC (Allocation Failure) [PSYoungGen: 71629K->1501K(72192K)] 391280K->321152K(802304K), 0.0024194 secs] [Times: user=0.00 sys=0.00, real=0.01 secs] 
497.419: [GC (Allocation Failure) [PSYoungGen: 71645K->1472K(72192K)] 391296K->321123K(802304K), 0.0051545 secs] [Times: user=0.02 sys=0.00, real=0.01 secs] 
497.992: [GC (Allocation Failure) [PSYoungGen: 71616K->1952K(78848K)] 391267K->321627K(808960K), 0.0027893 secs] [Times: user=0.01 sys=0.00, real=0.01 secs] 
499.031: [GC (Allocation Failure) [PSYoungGen: 78752K->1408K(79872K)] 398427K->321083K(809984K), 0.0024829 secs] [Times: user=0.01 sys=0.00, real=0.00 secs] 
499.351: [GC (Allocation Failure) [PSYoungGen: 79232K->1408K(78848K)] 398907K->321083K(808960K), 0.0020533 secs] [Times: user=0.01 sys=0.00, real=0.00 secs] 
499.672: [GC (Allocation Failure) [PSYoungGen: 78720K->1408K(78336K)] 398395K->321083K(808448K), 0.0021039 secs] [Times: user=0.01 sys=0.01, real=0.01 secs] 
499.964: [GC (Allocation Failure) [PSYoungGen: 78208K->1485K(77824K)] 397883K->321160K(807936K), 0.0016686 secs] [Times: user=0.00 sys=0.00, real=0.01 secs] 
500.098: [GC (Allocation Failure) [PSYoungGen: 77773K->1517K(77312K)] 397448K->321192K(807424K), 0.0017119 secs] [Times: user=0.01 sys=0.00, real=0.00 secs] 
500.233: [GC (Allocation Failure) [PSYoungGen: 77293K->1520K(76800K)] 396968K->321227K(806912K), 0.0014954 secs] [Times: user=0.00 sys=0.00, real=0.01 secs] 
500.428: [GC (Allocation Failure) [PSYoungGen: 76784K->1744K(76800K)] 396491K->321459K(806912K), 0.0019658 secs] [Times: user=0.00 sys=0.00, real=0.00 secs] 
500.737: [GC (Allocation Failure) [PSYoungGen: 76496K->384K(74752K)] 396211K->321123K(804864K), 0.0019938 secs] [Times: user=0.00 sys=0.00, real=0.00 secs] 
501.046: [GC (Allocation Failure) [PSYoungGen: 74624K->352K(74240K)] 395363K->321091K(804352K), 0.0017930 secs] [Times: user=0.01 sys=0.00, real=0.00 secs] 
501.353: [GC (Allocation Failure) [PSYoungGen: 74080K->352K(73728K)] 394819K->321091K(803840K), 0.0020313 secs] [Times: user=0.00 sys=0.00, real=0.01 secs] 
501.777: [GC (Allocation Failure) [PSYoungGen: 73568K->1520K(75264K)] 394307K->322259K(805376K), 0.0019202 secs] [Times: user=0.01 sys=0.00, real=0.00 secs] 
501.943: [GC (Allocation Failure) [PSYoungGen: 74224K->1488K(73728K)] 394963K->322227K(803840K), 0.0025419 secs] [Times: user=0.01 sys=0.00, real=0.01 secs] 
502.104: [GC (Allocation Failure) [PSYoungGen: 73680K->1456K(77312K)] 394419K->322195K(807424K), 0.0022364 secs] [Times: user=0.01 sys=0.00, real=0.00 secs] 
502.281: [GC (Allocation Failure) [PSYoungGen: 76208K->1581K(80896K)] 396947K->322320K(811008K), 0.0021545 secs] [Times: user=0.01 sys=0.00, real=0.00 secs] 
503.032: [GC (Allocation Failure) [PSYoungGen: 79917K->1424K(79360K)] 400656K->322171K(809472K), 0.0021787 secs] [Times: user=0.01 sys=0.00, real=0.01 secs] 
503.627: [GC (Allocation Failure) [PSYoungGen: 79248K->1408K(79360K)] 399995K->322155K(809472K), 0.0023014 secs] [Times: user=0.01 sys=0.00, real=0.00 secs] 
504.247: [GC (Allocation Failure) [PSYoungGen: 78720K->1392K(78336K)] 399467K->322139K(808448K), 0.0024438 secs] [Times: user=0.01 sys=0.00, real=0.00 secs] 
504.915: [GC (Allocation Failure) [PSYoungGen: 78192K->1501K(77824K)] 398939K->322248K(807936K), 0.0026208 secs] [Times: user=0.01 sys=0.00, real=0.00 secs] 
505.099: [GC (Allocation Failure) [PSYoungGen: 77789K->1552K(77824K)] 398536K->322299K(807936K), 0.0018611 secs] [Times: user=0.00 sys=0.01, real=0.00 secs] 
505.234: [GC (Allocation Failure) [PSYoungGen: 77328K->1520K(76800K)] 398075K->322267K(806912K), 0.0015382 secs] [Times: user=0.01 sys=0.00, real=0.00 secs] 
505.366: [GC (Allocation Failure) [PSYoungGen: 76784K->1520K(76288K)] 397531K->322267K(806400K), 0.0015590 secs] [Times: user=0.01 sys=0.00, real=0.00 secs] 
506.003: [GC (Allocation Failure) [PSYoungGen: 76272K->1440K(75776K)] 397019K->322195K(805888K), 0.0023435 secs] [Times: user=0.01 sys=0.00, real=0.01 secs] 
506.683: [GC (Allocation Failure) [PSYoungGen: 75680K->1408K(75264K)] 396435K->322163K(805376K), 0.0028541 secs] [Times: user=0.01 sys=0.00, real=0.01 secs] 
507.212: [GC (Allocation Failure) [PSYoungGen: 75136K->1408K(74752K)] 395891K->322163K(804864K), 0.0022284 secs] [Times: user=0.00 sys=0.00, real=0.01 secs] 
507.517: [GC (Allocation Failure) [PSYoungGen: 74624K->1376K(74240K)] 395379K->322131K(804352K), 0.0023092 secs] [Times: user=0.01 sys=0.01, real=0.00 secs] 
507.716: [GC (Allocation Failure) [PSYoungGen: 74080K->1520K(73728K)] 394835K->322275K(803840K), 0.0014699 secs] [Times: user=0.01 sys=0.00, real=0.00 secs] 
507.844: [GC (Allocation Failure) [PSYoungGen: 73712K->1520K(73216K)] 394467K->322275K(803328K), 0.0015777 secs] [Times: user=0.01 sys=0.00, real=0.00 secs] 
507.971: [GC (Allocation Failure) [PSYoungGen: 73200K->1520K(72704K)] 393955K->322275K(802816K), 0.0014723 secs] [Times: user=0.01 sys=0.00, real=0.00 secs] 
508.388: [GC (Allocation Failure) [PSYoungGen: 72688K->1440K(72192K)] 393443K->322195K(802304K), 0.0030331 secs] [Times: user=0.02 sys=0.01, real=0.00 secs] 
508.766: [GC (Allocation Failure) [PSYoungGen: 72096K->1424K(71680K)] 392851K->322211K(801792K), 0.0018602 secs] [Times: user=0.01 sys=0.00, real=0.00 secs] 
509.226: [GC (Allocation Failure) [PSYoungGen: 71568K->1408K(71680K)] 392355K->322195K(801792K), 0.0019539 secs] [Times: user=0.00 sys=0.00, real=0.00 secs] 
509.847: [GC (Allocation Failure) [PSYoungGen: 71552K->1408K(72192K)] 392339K->322195K(802304K), 0.0032495 secs] [Times: user=0.01 sys=0.00, real=0.00 secs] 
510.288: [GC (Allocation Failure) [PSYoungGen: 71552K->1424K(72192K)] 392339K->322211K(802304K), 0.0023482 secs] [Times: user=0.01 sys=0.00, real=0.00 secs] 
510.447: [GC (Allocation Failure) [PSYoungGen: 71568K->1520K(72192K)] 392355K->322307K(802304K), 0.0014996 secs] [Times: user=0.00 sys=0.00, real=0.00 secs] 
510.570: [GC (Allocation Failure) [PSYoungGen: 71664K->1456K(72192K)] 392451K->322243K(802304K), 0.0014747 secs] [Times: user=0.00 sys=0.00, real=0.00 secs] 
510.693: [GC (Allocation Failure) [PSYoungGen: 71600K->1517K(72192K)] 392387K->322304K(802304K), 0.0015120 secs] [Times: user=0.00 sys=0.00, real=0.01 secs] 
511.288: [GC (Allocation Failure) [PSYoungGen: 71661K->1424K(72192K)] 392448K->322219K(802304K), 0.0021923 secs] [Times: user=0.01 sys=0.00, real=0.00 secs] 
512.020: [GC (Allocation Failure) [PSYoungGen: 71568K->1408K(72192K)] 392363K->322203K(802304K), 0.0026888 secs] [Times: user=0.01 sys=0.00, real=0.00 secs] 
512.963: [GC (Allocation Failure) [PSYoungGen: 71552K->1408K(72192K)] 392347K->322203K(802304K), 0.0026590 secs] [Times: user=0.01 sys=0.00, real=0.01 secs] 
513.813: [GC (Allocation Failure) [PSYoungGen: 71552K->1376K(72192K)] 392347K->322171K(802304K), 0.0024348 secs] [Times: user=0.01 sys=0.00, real=0.01 secs] 
514.248: [GC (Allocation Failure) [PSYoungGen: 71520K->1488K(72192K)] 392315K->322283K(802304K), 0.0019092 secs] [Times: user=0.01 sys=0.00, real=0.00 secs] 
514.373: [GC (Allocation Failure) [PSYoungGen: 71632K->1536K(72192K)] 392427K->322331K(802304K), 0.0015503 secs] [Times: user=0.01 sys=0.00, real=0.01 secs] 
514.496: [GC (Allocation Failure) [PSYoungGen: 71680K->1533K(72192K)] 392475K->322328K(802304K), 0.0014650 secs] [Times: user=0.01 sys=0.00, real=0.00 secs] 
514.619: [GC (Allocation Failure) [PSYoungGen: 71677K->1456K(72192K)] 392472K->322267K(802304K), 0.0015229 secs] [Times: user=0.01 sys=0.00, real=0.00 secs] 
515.098: [GC (Allocation Failure) [PSYoungGen: 71600K->1408K(72192K)] 392411K->322219K(802304K), 0.0018180 secs] [Times: user=0.00 sys=0.00, real=0.00 secs] 
515.899: [GC (Allocation Failure) [PSYoungGen: 71552K->1360K(72192K)] 392363K->322171K(802304K), 0.0030186 secs] [Times: user=0.01 sys=0.00, real=0.00 secs] 
516.560: [GC (Allocation Failure) [PSYoungGen: 71504K->1376K(72192K)] 392315K->322187K(802304K), 0.0030380 secs] [Times: user=0.02 sys=0.00, real=0.00 secs] 
517.165: [GC (Allocation Failure) [PSYoungGen: 71520K->1376K(72192K)] 392331K->322195K(802304K), 0.0023744 secs] [Times: user=0.01 sys=0.00, real=0.00 secs] 
517.353: [GC (Allocation Failure) [PSYoungGen: 71520K->1456K(72192K)] 392339K->322275K(802304K), 0.0014897 secs] [Times: user=0.00 sys=0.00, real=0.01 secs] 
517.476: [GC (Allocation Failure) [PSYoungGen: 71600K->1549K(72192K)] 392419K->322368K(802304K), 0.0014683 secs] [Times: user=0.00 sys=0.00, real=0.00 secs] 
517.598: [GC (Allocation Failure) [PSYoungGen: 71693K->1488K(72192K)] 392512K->322307K(802304K), 0.0015863 secs] [Times: user=0.00 sys=0.00, real=0.00 secs] 
517.763: [GC (Allocation Failure) [PSYoungGen: 71632K->1440K(72192K)] 392451K->322259K(802304K), 0.0017171 secs] [Times: user=0.01 sys=0.00, real=0.01 secs] 
518.094: [GC (Allocation Failure) [PSYoungGen: 71584K->1408K(72192K)] 392403K->322227K(802304K), 0.0015618 secs] [Times: user=0.00 sys=0.00, real=0.00 secs] 
518.583: [GC (Allocation Failure) [PSYoungGen: 71552K->1344K(72192K)] 392371K->322179K(802304K), 0.0030555 secs] [Times: user=0.02 sys=0.00, real=0.01 secs] 
519.138: [GC (Allocation Failure) [PSYoungGen: 71488K->1408K(72192K)] 392323K->322243K(802304K), 0.0034053 secs] [Times: user=0.01 sys=0.00, real=0.00 secs] 
519.809: [GC (Allocation Failure) [PSYoungGen: 71552K->1360K(72192K)] 392387K->322195K(802304K), 0.0024532 secs] [Times: user=0.01 sys=0.00, real=0.00 secs] 
520.024: [GC (Allocation Failure) [PSYoungGen: 71504K->1456K(72192K)] 392339K->322291K(802304K), 0.0022959 secs] [Times: user=0.01 sys=0.00, real=0.00 secs] 
520.176: [GC (Allocation Failure) [PSYoungGen: 71600K->1581K(72192K)] 392435K->322416K(802304K), 0.0015202 secs] [Times: user=0.01 sys=0.00, real=0.00 secs] 
520.316: [GC (Allocation Failure) [PSYoungGen: 71725K->1520K(72192K)] 392560K->322355K(802304K), 0.0018634 secs] [Times: user=0.01 sys=0.00, real=0.00 secs] 
520.564: [GC (Allocation Failure) [PSYoungGen: 71664K->1408K(72192K)] 392499K->322243K(802304K), 0.0028180 secs] [Times: user=0.01 sys=0.00, real=0.00 secs] 
520.917: [GC (Allocation Failure) [PSYoungGen: 71552K->1376K(72192K)] 392387K->322211K(802304K), 0.0021410 secs] [Times: user=0.01 sys=0.00, real=0.00 secs] 
521.444: [GC (Allocation Failure) [PSYoungGen: 71520K->1360K(72192K)] 392355K->322195K(802304K), 0.0026703 secs] [Times: user=0.01 sys=0.00, real=0.00 secs] 
521.994: [GC (Allocation Failure) [PSYoungGen: 71504K->1376K(72192K)] 392339K->322211K(802304K), 0.0026783 secs] [Times: user=0.01 sys=0.00, real=0.00 secs] 
522.397: [GC (Allocation Failure) [PSYoungGen: 71520K->1488K(72192K)] 392355K->322323K(802304K), 0.0019189 secs] [Times: user=0.01 sys=0.00, real=0.00 secs] 
522.532: [GC (Allocation Failure) [PSYoungGen: 71632K->1488K(72192K)] 392467K->322323K(802304K), 0.0015268 secs] [Times: user=0.01 sys=0.00, real=0.01 secs] 
522.657: [GC (Allocation Failure) [PSYoungGen: 71632K->1520K(72192K)] 392467K->322355K(802304K), 0.0014997 secs] [Times: user=0.00 sys=0.00, real=0.00 secs] 
522.781: [GC (Allocation Failure) [PSYoungGen: 71664K->1517K(72192K)] 392499K->322368K(802304K), 0.0015150 secs] [Times: user=0.00 sys=0.00, real=0.00 secs] 
523.429: [GC (Allocation Failure) [PSYoungGen: 71661K->1440K(72192K)] 392512K->322291K(802304K), 0.0019987 secs] [Times: user=0.01 sys=0.00, real=0.00 secs] 
524.044: [GC (Allocation Failure) [PSYoungGen: 71584K->1408K(72192K)] 392435K->322267K(802304K), 0.0018743 secs] [Times: user=0.01 sys=0.00, real=0.00 secs] 
524.821: [GC (Allocation Failure) [PSYoungGen: 71552K->1376K(72192K)] 392411K->322235K(802304K), 0.0043398 secs] [Times: user=0.02 sys=0.00, real=0.01 secs] 
525.682: [GC (Allocation Failure) [PSYoungGen: 71520K->1312K(72192K)] 392379K->322171K(802304K), 0.0031830 secs] [Times: user=0.01 sys=0.00, real=0.01 secs] 
526.174: [GC (Allocation Failure) [PSYoungGen: 71456K->1456K(72192K)] 392315K->322315K(802304K), 0.0020035 secs] [Times: user=0.01 sys=0.00, real=0.00 secs] 
526.344: [GC (Allocation Failure) [PSYoungGen: 71600K->1488K(72192K)] 392459K->322347K(802304K), 0.0020282 secs] [Times: user=0.01 sys=0.00, real=0.01 secs] 
526.509: [GC (Allocation Failure) [PSYoungGen: 71632K->1488K(72192K)] 392491K->322347K(802304K), 0.0021934 secs] [Times: user=0.01 sys=0.00, real=0.00 secs] 
526.723: [GC (Allocation Failure) [PSYoungGen: 71632K->1984K(72192K)] 392491K->322859K(802304K), 0.0021264 secs] [Times: user=0.01 sys=0.00, real=0.01 secs] 
527.016: [GC (Allocation Failure) [PSYoungGen: 72128K->1376K(72192K)] 393003K->322251K(802304K), 0.0020089 secs] [Times: user=0.01 sys=0.00, real=0.00 secs] 
527.329: [GC (Allocation Failure) [PSYoungGen: 71520K->1408K(72192K)] 392395K->322283K(802304K), 0.0031758 secs] [Times: user=0.02 sys=0.00, real=0.00 secs] 
527.622: [GC (Allocation Failure) [PSYoungGen: 71552K->1408K(72192K)] 392427K->322283K(802304K), 0.0028648 secs] [Times: user=0.01 sys=0.00, real=0.01 secs] 
527.941: [GC (Allocation Failure) [PSYoungGen: 71552K->1408K(72192K)] 392427K->322283K(802304K), 0.0024536 secs] [Times: user=0.01 sys=0.00, real=0.01 secs] 
528.160: [GC (Allocation Failure) [PSYoungGen: 71542K->1488K(72192K)] 392417K->322387K(802304K), 0.0019814 secs] [Times: user=0.01 sys=0.00, real=0.00 secs] 
528.299: [GC (Allocation Failure) [PSYoungGen: 71632K->1581K(72192K)] 392531K->322480K(802304K), 0.0014514 secs] [Times: user=0.01 sys=0.00, real=0.00 secs] 
528.422: [GC (Allocation Failure) [PSYoungGen: 71725K->1517K(72192K)] 392624K->322416K(802304K), 0.0014671 secs] [Times: user=0.01 sys=0.00, real=0.01 secs] 
529.034: [GC (Allocation Failure) [PSYoungGen: 71661K->1440K(72192K)] 392560K->322347K(802304K), 0.0019039 secs] [Times: user=0.00 sys=0.00, real=0.00 secs] 
529.929: [GC (Allocation Failure) [PSYoungGen: 71584K->1376K(72192K)] 392491K->322283K(802304K), 0.0025536 secs] [Times: user=0.01 sys=0.00, real=0.00 secs] 
530.985: [GC (Allocation Failure) [PSYoungGen: 71520K->1376K(72192K)] 392427K->322283K(802304K), 0.0033425 secs] [Times: user=0.01 sys=0.00, real=0.00 secs] 
532.011: [GC (Allocation Failure) [PSYoungGen: 71520K->1408K(72192K)] 392427K->322315K(802304K), 0.0032013 secs] [Times: user=0.02 sys=0.00, real=0.01 secs] 
532.498: [GC (Allocation Failure) [PSYoungGen: 71552K->1456K(72192K)] 392459K->322363K(802304K), 0.0020299 secs] [Times: user=0.01 sys=0.00, real=0.00 secs] 
532.639: [GC (Allocation Failure) [PSYoungGen: 71599K->1517K(72192K)] 392506K->322424K(802304K), 0.0015009 secs] [Times: user=0.01 sys=0.00, real=0.00 secs] 
532.763: [GC (Allocation Failure) [PSYoungGen: 71661K->1552K(72192K)] 392568K->322459K(802304K), 0.0014902 secs] [Times: user=0.01 sys=0.00, real=0.01 secs] 
532.886: [GC (Allocation Failure) [PSYoungGen: 71696K->1533K(72192K)] 392603K->322456K(802304K), 0.0015530 secs] [Times: user=0.00 sys=0.00, real=0.00 secs] 
533.366: [GC (Allocation Failure) [PSYoungGen: 71677K->1424K(72192K)] 392600K->322347K(802304K), 0.0019077 secs] [Times: user=0.01 sys=0.00, real=0.00 secs] 
533.720: [GC (Allocation Failure) [PSYoungGen: 71568K->1376K(72192K)] 392491K->322307K(802304K), 0.0026380 secs] [Times: user=0.01 sys=0.00, real=0.00 secs] 
534.007: [GC (Allocation Failure) [PSYoungGen: 71520K->1376K(72192K)] 392451K->322307K(802304K), 0.0038055 secs] [Times: user=0.01 sys=0.00, real=0.00 secs] 
534.299: [GC (Allocation Failure) [PSYoungGen: 71520K->1344K(72192K)] 392451K->322275K(802304K), 0.0018529 secs] [Times: user=0.01 sys=0.00, real=0.00 secs] 
534.544: [GC (Allocation Failure) [PSYoungGen: 71488K->1501K(72192K)] 392419K->322432K(802304K), 0.0021895 secs] [Times: user=0.01 sys=0.00, real=0.01 secs] 
534.762: [GC (Allocation Failure) [PSYoungGen: 71645K->1488K(72192K)] 392576K->322419K(802304K), 0.0021808 secs] [Times: user=0.01 sys=0.00, real=0.01 secs] 
534.950: [GC (Allocation Failure) [PSYoungGen: 71632K->1520K(72192K)] 392563K->322451K(802304K), 0.0020569 secs] [Times: user=0.00 sys=0.00, real=0.00 secs] 
535.107: [GC (Allocation Failure) [PSYoungGen: 71664K->1517K(72192K)] 392595K->322456K(802304K), 0.0022404 secs] [Times: user=0.01 sys=0.00, real=0.00 secs] 
535.542: [GC (Allocation Failure) [PSYoungGen: 71661K->1440K(72192K)] 392600K->322387K(802304K), 0.0022118 secs] [Times: user=0.01 sys=0.00, real=0.01 secs] 
535.861: [GC (Allocation Failure) [PSYoungGen: 71584K->1408K(72192K)] 392531K->322355K(802304K), 0.0019438 secs] [Times: user=0.01 sys=0.00, real=0.00 secs] 
536.154: [GC (Allocation Failure) [PSYoungGen: 71552K->1408K(72192K)] 392499K->322355K(802304K), 0.0019319 secs] [Times: user=0.00 sys=0.00, real=0.00 secs] 
536.524: [GC (Allocation Failure) [PSYoungGen: 71552K->304K(72192K)] 392499K->321267K(802304K), 0.0019472 secs] [Times: user=0.01 sys=0.00, real=0.01 secs] 
536.698: [GC (Allocation Failure) [PSYoungGen: 70448K->1520K(72192K)] 391411K->322483K(802304K), 0.0015200 secs] [Times: user=0.00 sys=0.00, real=0.00 secs] 
536.821: [GC (Allocation Failure) [PSYoungGen: 71664K->1517K(72192K)] 392627K->322480K(802304K), 0.0016078 secs] [Times: user=0.01 sys=0.00, real=0.00 secs] 
536.944: [GC (Allocation Failure) [PSYoungGen: 71661K->1520K(72192K)] 392624K->322483K(802304K), 0.0015925 secs] [Times: user=0.01 sys=0.00, real=0.00 secs] 
537.589: [GC (Allocation Failure) [PSYoungGen: 71664K->1488K(71680K)] 392627K->322451K(801792K), 0.0025765 secs] [Times: user=0.01 sys=0.00, real=0.00 secs] 
538.461: [GC (Allocation Failure) [PSYoungGen: 71632K->1408K(71680K)] 392595K->322371K(801792K), 0.0037639 secs] [Times: user=0.01 sys=0.00, real=0.01 secs] 
539.460: [GC (Allocation Failure) [PSYoungGen: 71552K->1408K(71680K)] 392515K->322371K(801792K), 0.0034059 secs] [Times: user=0.01 sys=0.00, real=0.00 secs] 
540.347: [GC (Allocation Failure) [PSYoungGen: 71552K->1376K(71680K)] 392515K->322339K(801792K), 0.0043282 secs] [Times: user=0.02 sys=0.00, real=0.00 secs] 
541.121: [GC (Allocation Failure) [PSYoungGen: 71520K->1424K(71680K)] 392483K->322387K(801792K), 0.0027139 secs] [Times: user=0.02 sys=0.00, real=0.01 secs] 
541.301: [GC (Allocation Failure) [PSYoungGen: 71554K->1485K(71680K)] 392518K->322448K(801792K), 0.0017164 secs] [Times: user=0.01 sys=0.00, real=0.00 secs] 
541.424: [GC (Allocation Failure) [PSYoungGen: 71629K->1488K(71680K)] 392592K->322451K(801792K), 0.0015609 secs] [Times: user=0.01 sys=0.00, real=0.00 secs] 
541.547: [GC (Allocation Failure) [PSYoungGen: 71632K->1549K(72192K)] 392595K->322512K(802304K), 0.0017349 secs] [Times: user=0.01 sys=0.00, real=0.00 secs] 
541.942: [GC (Allocation Failure) [PSYoungGen: 71693K->384K(70656K)] 392656K->322387K(800768K), 0.0019402 secs] [Times: user=0.01 sys=0.00, real=0.01 secs] 
542.721: [GC (Allocation Failure) [PSYoungGen: 70528K->352K(72192K)] 392531K->322355K(802304K), 0.0018255 secs] [Times: user=0.01 sys=0.00, real=0.00 secs] 
543.841: [GC (Allocation Failure) [PSYoungGen: 70496K->384K(72192K)] 392499K->322387K(802304K), 0.0021395 secs] [Times: user=0.01 sys=0.00, real=0.00 secs] 
544.818: [GC (Allocation Failure) [PSYoungGen: 70528K->336K(72704K)] 392531K->322339K(802816K), 0.0028691 secs] [Times: user=0.02 sys=0.00, real=0.00 secs] 
545.520: [GC (Allocation Failure) [PSYoungGen: 70480K->1488K(72704K)] 392483K->323491K(802816K), 0.0023107 secs] [Times: user=0.01 sys=0.00, real=0.00 secs] 
545.721: [GC (Allocation Failure) [PSYoungGen: 71613K->1520K(72704K)] 393616K->323523K(802816K), 0.0021460 secs] [Times: user=0.01 sys=0.00, real=0.00 secs] 
545.874: [GC (Allocation Failure) [PSYoungGen: 71664K->1424K(72704K)] 393667K->323427K(802816K), 0.0014882 secs] [Times: user=0.01 sys=0.00, real=0.00 secs] 
546.016: [GC (Allocation Failure) [PSYoungGen: 71568K->1520K(72704K)] 393571K->323531K(802816K), 0.0018715 secs] [Times: user=0.00 sys=0.00, real=0.00 secs] 
547.302: [GC (Allocation Failure) [PSYoungGen: 71664K->1440K(72704K)] 393675K->323451K(802816K), 0.0039070 secs] [Times: user=0.01 sys=0.01, real=0.01 secs] 
548.021: [GC (Allocation Failure) [PSYoungGen: 71584K->1408K(72704K)] 393595K->323419K(802816K), 0.0020064 secs] [Times: user=0.01 sys=0.00, real=0.00 secs] 
548.548: [GC (Allocation Failure) [PSYoungGen: 71552K->1376K(72704K)] 393563K->323387K(802816K), 0.0022144 secs] [Times: user=0.01 sys=0.00, real=0.00 secs] 
549.127: [GC (Allocation Failure) [PSYoungGen: 71520K->1408K(72704K)] 393531K->323419K(802816K), 0.0023632 secs] [Times: user=0.01 sys=0.00, real=0.00 secs] 
549.419: [GC (Allocation Failure) [PSYoungGen: 71552K->1488K(72704K)] 393563K->323499K(802816K), 0.0017001 secs] [Times: user=0.01 sys=0.00, real=0.00 secs] 
549.543: [GC (Allocation Failure) [PSYoungGen: 71632K->1488K(72704K)] 393643K->323499K(802816K), 0.0014237 secs] [Times: user=0.01 sys=0.00, real=0.01 secs] 
549.666: [GC (Allocation Failure) [PSYoungGen: 71632K->1456K(72704K)] 393643K->323467K(802816K), 0.0014225 secs] [Times: user=0.01 sys=0.00, real=0.00 secs] 
549.868: [GC (Allocation Failure) [PSYoungGen: 71600K->1456K(71680K)] 393611K->323475K(801792K), 0.0020352 secs] [Times: user=0.01 sys=0.00, real=0.00 secs] 
550.160: [GC (Allocation Failure) [PSYoungGen: 71600K->1376K(72192K)] 393619K->323411K(802304K), 0.0019295 secs] [Times: user=0.01 sys=0.00, real=0.00 secs] 
550.480: [GC (Allocation Failure) [PSYoungGen: 71520K->1344K(72192K)] 393555K->323379K(802304K), 0.0023144 secs] [Times: user=0.00 sys=0.00, real=0.00 secs] 
550.804: [GC (Allocation Failure) [PSYoungGen: 71488K->1376K(72192K)] 393523K->323411K(802304K), 0.0022082 secs] [Times: user=0.01 sys=0.00, real=0.00 secs] 
551.134: [GC (Allocation Failure) [PSYoungGen: 71520K->1440K(72192K)] 393555K->323475K(802304K), 0.0019933 secs] [Times: user=0.01 sys=0.00, real=0.00 secs] 
551.312: [GC (Allocation Failure) [PSYoungGen: 71584K->1520K(72192K)] 393619K->323555K(802304K), 0.0019671 secs] [Times: user=0.00 sys=0.00, real=0.01 secs] 
551.464: [GC (Allocation Failure) [PSYoungGen: 71664K->1517K(72192K)] 393699K->323552K(802304K), 0.0015231 secs] [Times: user=0.00 sys=0.00, real=0.00 secs] 
551.588: [GC (Allocation Failure) [PSYoungGen: 71661K->1456K(72192K)] 393696K->323491K(802304K), 0.0014902 secs] [Times: user=0.01 sys=0.00, real=0.00 secs] 
551.899: [GC (Allocation Failure) [PSYoungGen: 71600K->1472K(72192K)] 393635K->323515K(802304K), 0.0026993 secs] [Times: user=0.01 sys=0.00, real=0.00 secs] 
552.434: [GC (Allocation Failure) [PSYoungGen: 71616K->1376K(72192K)] 393659K->323419K(802304K), 0.0028085 secs] [Times: user=0.01 sys=0.00, real=0.00 secs] 
552.978: [GC (Allocation Failure) [PSYoungGen: 71520K->1376K(72192K)] 393563K->323419K(802304K), 0.0027611 secs] [Times: user=0.01 sys=0.00, real=0.00 secs] 
553.627: [GC (Allocation Failure) [PSYoungGen: 71520K->1376K(72192K)] 393563K->323419K(802304K), 0.0026285 secs] [Times: user=0.01 sys=0.00, real=0.00 secs] 
554.050: [GC (Allocation Failure) [PSYoungGen: 71520K->1424K(72192K)] 393563K->323483K(802304K), 0.0020269 secs] [Times: user=0.00 sys=0.00, real=0.00 secs] 
554.193: [GC (Allocation Failure) [PSYoungGen: 71568K->1517K(72192K)] 393627K->323576K(802304K), 0.0015070 secs] [Times: user=0.01 sys=0.00, real=0.01 secs] 
554.316: [GC (Allocation Failure) [PSYoungGen: 71661K->1517K(72192K)] 393720K->323576K(802304K), 0.0014882 secs] [Times: user=0.00 sys=0.00, real=0.00 secs] 
554.444: [GC (Allocation Failure) [PSYoungGen: 71661K->1549K(72192K)] 393720K->323616K(802304K), 0.0015200 secs] [Times: user=0.01 sys=0.00, real=0.00 secs] 
554.991: [GC (Allocation Failure) [PSYoungGen: 71693K->1408K(72192K)] 393760K->323475K(802304K), 0.0020904 secs] [Times: user=0.01 sys=0.00, real=0.00 secs] 
555.570: [GC (Allocation Failure) [PSYoungGen: 71552K->1376K(72192K)] 393619K->323443K(802304K), 0.0022483 secs] [Times: user=0.00 sys=0.00, real=0.00 secs] 
556.164: [GC (Allocation Failure) [PSYoungGen: 71520K->1408K(72192K)] 393587K->323475K(802304K), 0.0021337 secs] [Times: user=0.01 sys=0.00, real=0.00 secs] 
556.591: [GC (Allocation Failure) [PSYoungGen: 71552K->1408K(72192K)] 393619K->323483K(802304K), 0.0020362 secs] [Times: user=0.01 sys=0.00, real=0.00 secs] 
556.827: [GC (Allocation Failure) [PSYoungGen: 71552K->1485K(72192K)] 393627K->323560K(802304K), 0.0014618 secs] [Times: user=0.01 sys=0.00, real=0.00 secs] 
556.950: [GC (Allocation Failure) [PSYoungGen: 71629K->1517K(72192K)] 393704K->323592K(802304K), 0.0014723 secs] [Times: user=0.01 sys=0.00, real=0.00 secs] 
557.073: [GC (Allocation Failure) [PSYoungGen: 71661K->1549K(72192K)] 393736K->323624K(802304K), 0.0015678 secs] [Times: user=0.00 sys=0.00, real=0.01 secs] 
557.197: [GC (Allocation Failure) [PSYoungGen: 71693K->1472K(72192K)] 393768K->323563K(802304K), 0.0015431 secs] [Times: user=0.00 sys=0.00, real=0.00 secs] 
558.119: [GC (Allocation Failure) [PSYoungGen: 71616K->1376K(72192K)] 393707K->323467K(802304K), 0.0037923 secs] [Times: user=0.01 sys=0.00, real=0.00 secs] 
559.199: [GC (Allocation Failure) [PSYoungGen: 71520K->1408K(72192K)] 393611K->323523K(802304K), 0.0038790 secs] [Times: user=0.01 sys=0.00, real=0.00 secs] 
560.196: [GC (Allocation Failure) [PSYoungGen: 71552K->1376K(72192K)] 393667K->323491K(802304K), 0.0043885 secs] [Times: user=0.02 sys=0.00, real=0.00 secs] 
561.054: [GC (Allocation Failure) [PSYoungGen: 71520K->1392K(72192K)] 393635K->323515K(802304K), 0.0040160 secs] [Times: user=0.01 sys=0.00, real=0.00 secs] 
561.281: [GC (Allocation Failure) [PSYoungGen: 71505K->1552K(72192K)] 393628K->323675K(802304K), 0.0019825 secs] [Times: user=0.01 sys=0.00, real=0.00 secs] 
561.410: [GC (Allocation Failure) [PSYoungGen: 71696K->1456K(72192K)] 393819K->323579K(802304K), 0.0014276 secs] [Times: user=0.01 sys=0.00, real=0.00 secs] 
561.552: [GC (Allocation Failure) [PSYoungGen: 71600K->1520K(72192K)] 393723K->323643K(802304K), 0.0020178 secs] [Times: user=0.01 sys=0.00, real=0.01 secs] 
561.800: [GC (Allocation Failure) [PSYoungGen: 71664K->1408K(72192K)] 393787K->323531K(802304K), 0.0018591 secs] [Times: user=0.01 sys=0.00, real=0.00 secs] 
562.092: [GC (Allocation Failure) [PSYoungGen: 71552K->1408K(72192K)] 393675K->323531K(802304K), 0.0020148 secs] [Times: user=0.01 sys=0.00, real=0.00 secs] 
562.621: [GC (Allocation Failure) [PSYoungGen: 71552K->1408K(72192K)] 393675K->323531K(802304K), 0.0019302 secs] [Times: user=0.01 sys=0.00, real=0.00 secs] 
563.161: [GC (Allocation Failure) [PSYoungGen: 71552K->1376K(72192K)] 393675K->323499K(802304K), 0.0020107 secs] [Times: user=0.00 sys=0.00, real=0.00 secs] 
563.576: [GC (Allocation Failure) [PSYoungGen: 71520K->1424K(72192K)] 393643K->323547K(802304K), 0.0019606 secs] [Times: user=0.00 sys=0.00, real=0.00 secs] 
563.710: [GC (Allocation Failure) [PSYoungGen: 71560K->1488K(72192K)] 393683K->323611K(802304K), 0.0015263 secs] [Times: user=0.01 sys=0.00, real=0.00 secs] 
563.835: [GC (Allocation Failure) [PSYoungGen: 71632K->1549K(72192K)] 393755K->323672K(802304K), 0.0014860 secs] [Times: user=0.01 sys=0.00, real=0.00 secs] 
563.958: [GC (Allocation Failure) [PSYoungGen: 71693K->1456K(72192K)] 393816K->323603K(802304K), 0.0014680 secs] [Times: user=0.01 sys=0.00, real=0.00 secs] 
564.716: [GC (Allocation Failure) [PSYoungGen: 71600K->1408K(72192K)] 393747K->323563K(802304K), 0.0022623 secs] [Times: user=0.00 sys=0.00, real=0.00 secs] 
565.241: [GC (Allocation Failure) [PSYoungGen: 71552K->1376K(72192K)] 393707K->323531K(802304K), 0.0023076 secs] [Times: user=0.01 sys=0.00, real=0.01 secs] 
565.842: [GC (Allocation Failure) [PSYoungGen: 71520K->1376K(72192K)] 393675K->323531K(802304K), 0.0022600 secs] [Times: user=0.01 sys=0.00, real=0.01 secs] 
566.359: [GC (Allocation Failure) [PSYoungGen: 71520K->1376K(72192K)] 393675K->323531K(802304K), 0.0029729 secs] [Times: user=0.01 sys=0.00, real=0.00 secs] 
566.643: [GC (Allocation Failure) [PSYoungGen: 71520K->1488K(72192K)] 393675K->323643K(802304K), 0.0020578 secs] [Times: user=0.01 sys=0.00, real=0.01 secs] 
566.789: [GC (Allocation Failure) [PSYoungGen: 71608K->1472K(72192K)] 393763K->323627K(802304K), 0.0014683 secs] [Times: user=0.01 sys=0.00, real=0.00 secs] 
566.932: [GC (Allocation Failure) [PSYoungGen: 71616K->1488K(72192K)] 393771K->323643K(802304K), 0.0019974 secs] [Times: user=0.01 sys=0.00, real=0.01 secs] 
567.099: [GC (Allocation Failure) [PSYoungGen: 71632K->1520K(72192K)] 393787K->323683K(802304K), 0.0022238 secs] [Times: user=0.00 sys=0.00, real=0.00 secs] 
567.422: [GC (Allocation Failure) [PSYoungGen: 71664K->1376K(71680K)] 393827K->323539K(801792K), 0.0021899 secs] [Times: user=0.01 sys=0.00, real=0.01 secs] 
567.743: [GC (Allocation Failure) [PSYoungGen: 71520K->1360K(71680K)] 393683K->323539K(801792K), 0.0021809 secs] [Times: user=0.01 sys=0.00, real=0.01 secs] 
568.038: [GC (Allocation Failure) [PSYoungGen: 71504K->1408K(71680K)] 393683K->323587K(801792K), 0.0024750 secs] [Times: user=0.01 sys=0.00, real=0.00 secs] 
568.328: [GC (Allocation Failure) [PSYoungGen: 71552K->1344K(71680K)] 393731K->323523K(801792K), 0.0021118 secs] [Times: user=0.01 sys=0.00, real=0.00 secs] 
568.498: [GC (Allocation Failure) [PSYoungGen: 71488K->1517K(71680K)] 393667K->323720K(801792K), 0.0016620 secs] [Times: user=0.00 sys=0.00, real=0.00 secs] 
568.640: [GC (Allocation Failure) [PSYoungGen: 71661K->1488K(71680K)] 393864K->323691K(801792K), 0.0019025 secs] [Times: user=0.01 sys=0.00, real=0.00 secs] 
568.799: [GC (Allocation Failure) [PSYoungGen: 71632K->1488K(74240K)] 393835K->323691K(804352K), 0.0017397 secs] [Times: user=0.00 sys=0.00, real=0.00 secs] 
569.675: [GC (Allocation Failure) [PSYoungGen: 74192K->1408K(73728K)] 396395K->323623K(803840K), 0.0043561 secs] [Times: user=0.01 sys=0.00, real=0.00 secs] 
570.695: [GC (Allocation Failure) [PSYoungGen: 73600K->1408K(73216K)] 395815K->323623K(803328K), 0.0042900 secs] [Times: user=0.01 sys=0.00, real=0.00 secs] 
571.553: [GC (Allocation Failure) [PSYoungGen: 73088K->1408K(72704K)] 395303K->323623K(802816K), 0.0028042 secs] [Times: user=0.01 sys=0.00, real=0.01 secs] 
572.063: [GC (Allocation Failure) [PSYoungGen: 72576K->1408K(72192K)] 394791K->323623K(802304K), 0.0021846 secs] [Times: user=0.01 sys=0.00, real=0.01 secs] 
572.626: [GC (Allocation Failure) [PSYoungGen: 72064K->1456K(71680K)] 394279K->323671K(801792K), 0.0021837 secs] [Times: user=0.01 sys=0.00, real=0.00 secs] 
572.764: [GC (Allocation Failure) [PSYoungGen: 71600K->1517K(72192K)] 393815K->323732K(802304K), 0.0014804 secs] [Times: user=0.01 sys=0.00, real=0.00 secs] 
572.887: [GC (Allocation Failure) [PSYoungGen: 71661K->1549K(72192K)] 393876K->323764K(802304K), 0.0015061 secs] [Times: user=0.00 sys=0.00, real=0.00 secs] 
573.009: [GC (Allocation Failure) [PSYoungGen: 71693K->1517K(72192K)] 393908K->323732K(802304K), 0.0014904 secs] [Times: user=0.01 sys=0.00, real=0.00 secs] 
573.508: [GC (Allocation Failure) [PSYoungGen: 71661K->1440K(72192K)] 393876K->323663K(802304K), 0.0020384 secs] [Times: user=0.01 sys=0.00, real=0.00 secs] 
573.996: [GC (Allocation Failure) [PSYoungGen: 71584K->1408K(72192K)] 393807K->323631K(802304K), 0.0022577 secs] [Times: user=0.01 sys=0.00, real=0.00 secs] 
574.301: [GC (Allocation Failure) [PSYoungGen: 71552K->1376K(72192K)] 393775K->323599K(802304K), 0.0020433 secs] [Times: user=0.01 sys=0.00, real=0.00 secs] 
574.813: [GC (Allocation Failure) [PSYoungGen: 71520K->1376K(72192K)] 393743K->323599K(802304K), 0.0021305 secs] [Times: user=0.01 sys=0.00, real=0.01 secs] 
575.215: [GC (Allocation Failure) [PSYoungGen: 71520K->1405K(72192K)] 393743K->323628K(802304K), 0.0028467 secs] [Times: user=0.01 sys=0.00, real=0.00 secs] 
575.399: [GC (Allocation Failure) [PSYoungGen: 71549K->1485K(72192K)] 393772K->323708K(802304K), 0.0016577 secs] [Times: user=0.01 sys=0.00, real=0.00 secs] 
575.522: [GC (Allocation Failure) [PSYoungGen: 71629K->1549K(72192K)] 393852K->323772K(802304K), 0.0016667 secs] [Times: user=0.01 sys=0.00, real=0.01 secs] 
575.646: [GC (Allocation Failure) [PSYoungGen: 71693K->1533K(72192K)] 393916K->323764K(802304K), 0.0015465 secs] [Times: user=0.00 sys=0.00, real=0.00 secs] 
577.354: [GC (Allocation Failure) [PSYoungGen: 71677K->1440K(72192K)] 393908K->323671K(802304K), 0.0041296 secs] [Times: user=0.02 sys=0.00, real=0.00 secs] 
578.572: [GC (Allocation Failure) [PSYoungGen: 71584K->1408K(72192K)] 393815K->323639K(802304K), 0.0036926 secs] [Times: user=0.01 sys=0.00, real=0.01 secs] 
579.589: [GC (Allocation Failure) [PSYoungGen: 71552K->1376K(72192K)] 393783K->323607K(802304K), 0.0042267 secs] [Times: user=0.02 sys=0.00, real=0.00 secs] 
580.543: [GC (Allocation Failure) [PSYoungGen: 71520K->1376K(72192K)] 393751K->323631K(802304K), 0.0038137 secs] [Times: user=0.02 sys=0.00, real=0.01 secs] 
580.898: [GC (Allocation Failure) [PSYoungGen: 71520K->1488K(72192K)] 393775K->323743K(802304K), 0.0019528 secs] [Times: user=0.01 sys=0.00, real=0.00 secs] 
581.031: [GC (Allocation Failure) [PSYoungGen: 71632K->1517K(72192K)] 393887K->323772K(802304K), 0.0014774 secs] [Times: user=0.01 sys=0.00, real=0.00 secs] 
581.174: [GC (Allocation Failure) [PSYoungGen: 71661K->1581K(72192K)] 393916K->323836K(802304K), 0.0019145 secs] [Times: user=0.01 sys=0.00, real=0.01 secs] 
581.408: [GC (Allocation Failure) [PSYoungGen: 71725K->1440K(72192K)] 393980K->323695K(802304K), 0.0022591 secs] [Times: user=0.01 sys=0.00, real=0.00 secs] 
582.371: [GC (Allocation Failure) [PSYoungGen: 71584K->1344K(72192K)] 393839K->323599K(802304K), 0.0040152 secs] [Times: user=0.02 sys=0.01, real=0.01 secs] 
583.244: [GC (Allocation Failure) [PSYoungGen: 71488K->1376K(72192K)] 393743K->323631K(802304K), 0.0034941 secs] [Times: user=0.02 sys=0.00, real=0.00 secs] 
584.181: [GC (Allocation Failure) [PSYoungGen: 71520K->1376K(72192K)] 393775K->323631K(802304K), 0.0041293 secs] [Times: user=0.01 sys=0.00, real=0.01 secs] 
585.005: [GC (Allocation Failure) [PSYoungGen: 71520K->1424K(72192K)] 393775K->323679K(802304K), 0.0027781 secs] [Times: user=0.01 sys=0.00, real=0.00 secs] 
585.184: [GC (Allocation Failure) [PSYoungGen: 71540K->1488K(72192K)] 393795K->323743K(802304K), 0.0014941 secs] [Times: user=0.00 sys=0.00, real=0.00 secs] 
585.328: [GC (Allocation Failure) [PSYoungGen: 71632K->1520K(72192K)] 393887K->323775K(802304K), 0.0018702 secs] [Times: user=0.01 sys=0.00, real=0.00 secs] 
585.484: [GC (Allocation Failure) [PSYoungGen: 71664K->1488K(72192K)] 393919K->323743K(802304K), 0.0019901 secs] [Times: user=0.01 sys=0.00, real=0.00 secs] 
586.572: [GC (Allocation Failure) [PSYoungGen: 71632K->1440K(72192K)] 393887K->323703K(802304K), 0.0030369 secs] [Times: user=0.01 sys=0.00, real=0.01 secs] 
587.351: [GC (Allocation Failure) [PSYoungGen: 71584K->1376K(72192K)] 393847K->323639K(802304K), 0.0020868 secs] [Times: user=0.01 sys=0.00, real=0.00 secs] 
587.642: [GC (Allocation Failure) [PSYoungGen: 71520K->1376K(72192K)] 393783K->323639K(802304K), 0.0020039 secs] [Times: user=0.01 sys=0.01, real=0.01 secs] 
587.933: [GC (Allocation Failure) [PSYoungGen: 71520K->1376K(72192K)] 393783K->323639K(802304K), 0.0018207 secs] [Times: user=0.01 sys=0.00, real=0.01 secs] 
588.180: [GC (Allocation Failure) [PSYoungGen: 71520K->1453K(72192K)] 393783K->323716K(802304K), 0.0015570 secs] [Times: user=0.01 sys=0.00, real=0.00 secs] 
588.304: [GC (Allocation Failure) [PSYoungGen: 71582K->1501K(72192K)] 393846K->323764K(802304K), 0.0014937 secs] [Times: user=0.01 sys=0.00, real=0.00 secs] 
588.427: [GC (Allocation Failure) [PSYoungGen: 71645K->1517K(72192K)] 393908K->323780K(802304K), 0.0015504 secs] [Times: user=0.01 sys=0.00, real=0.00 secs] 
588.550: [GC (Allocation Failure) [PSYoungGen: 71661K->1549K(72192K)] 393924K->323828K(802304K), 0.0016327 secs] [Times: user=0.01 sys=0.00, real=0.00 secs] 
589.682: [GC (Allocation Failure) [PSYoungGen: 71693K->1456K(71680K)] 393972K->323735K(801792K), 0.0044282 secs] [Times: user=0.01 sys=0.00, real=0.01 secs] 
590.511: [GC (Allocation Failure) [PSYoungGen: 71600K->1392K(71680K)] 393879K->323695K(801792K), 0.0033200 secs] [Times: user=0.01 sys=0.00, real=0.01 secs] 
591.159: [GC (Allocation Failure) [PSYoungGen: 71536K->1408K(71680K)] 393839K->323711K(801792K), 0.0027545 secs] [Times: user=0.01 sys=0.00, real=0.00 secs] 
591.782: [GC (Allocation Failure) [PSYoungGen: 71552K->1408K(71680K)] 393855K->323711K(801792K), 0.0025966 secs] [Times: user=0.01 sys=0.00, real=0.01 secs] 
592.092: [GC (Allocation Failure) [PSYoungGen: 71552K->1485K(71680K)] 393855K->323788K(801792K), 0.0014780 secs] [Times: user=0.00 sys=0.00, real=0.00 secs] 
592.214: [GC (Allocation Failure) [PSYoungGen: 71629K->1517K(71680K)] 393932K->323820K(801792K), 0.0017142 secs] [Times: user=0.00 sys=0.00, real=0.00 secs] 
592.337: [GC (Allocation Failure) [PSYoungGen: 71661K->1517K(71680K)] 393964K->323820K(801792K), 0.0014820 secs] [Times: user=0.01 sys=0.00, real=0.00 secs] 
592.533: [GC (Allocation Failure) [PSYoungGen: 71661K->1984K(72192K)] 393964K->324287K(802304K), 0.0018929 secs] [Times: user=0.01 sys=0.00, real=0.01 secs] 
592.824: [GC (Allocation Failure) [PSYoungGen: 72128K->384K(70656K)] 394431K->323711K(800768K), 0.0017963 secs] [Times: user=0.01 sys=0.00, real=0.00 secs] 
593.161: [GC (Allocation Failure) [PSYoungGen: 70528K->320K(72192K)] 393855K->323647K(802304K), 0.0018985 secs] [Times: user=0.01 sys=0.00, real=0.00 secs] 
593.465: [GC (Allocation Failure) [PSYoungGen: 70464K->352K(72704K)] 393791K->323679K(802816K), 0.0017723 secs] [Times: user=0.01 sys=0.00, real=0.00 secs] 
593.765: [GC (Allocation Failure) [PSYoungGen: 70496K->1456K(72704K)] 393823K->324783K(802816K), 0.0018878 secs] [Times: user=0.01 sys=0.00, real=0.00 secs] 
593.892: [GC (Allocation Failure) [PSYoungGen: 71600K->1517K(72704K)] 394927K->324844K(802816K), 0.0015078 secs] [Times: user=0.01 sys=0.00, real=0.00 secs] 
594.014: [GC (Allocation Failure) [PSYoungGen: 71661K->1456K(72704K)] 394988K->324783K(802816K), 0.0015819 secs] [Times: user=0.01 sys=0.00, real=0.00 secs] 
594.138: [GC (Allocation Failure) [PSYoungGen: 71600K->1485K(72704K)] 394927K->324812K(802816K), 0.0015372 secs] [Times: user=0.00 sys=0.00, real=0.00 secs] 
595.536: [GC (Allocation Failure) [PSYoungGen: 71629K->1424K(72704K)] 394956K->324751K(802816K), 0.0042149 secs] [Times: user=0.02 sys=0.00, real=0.00 secs] 
597.529: [GC (Allocation Failure) [PSYoungGen: 71568K->1312K(71680K)] 394895K->324639K(801792K), 0.0041640 secs] [Times: user=0.02 sys=0.00, real=0.00 secs] 
598.363: [GC (Allocation Failure) [PSYoungGen: 71456K->1344K(72192K)] 394783K->324671K(802304K), 0.0029968 secs] [Times: user=0.01 sys=0.00, real=0.01 secs] 
599.136: [GC (Allocation Failure) [PSYoungGen: 71488K->1408K(72192K)] 394815K->324735K(802304K), 0.0031923 secs] [Times: user=0.02 sys=0.00, real=0.00 secs] 
599.668: [GC (Allocation Failure) [PSYoungGen: 71532K->1469K(72192K)] 394859K->324796K(802304K), 0.0024903 secs] [Times: user=0.01 sys=0.00, real=0.00 secs] 
599.882: [GC (Allocation Failure) [PSYoungGen: 71613K->1520K(72192K)] 394940K->324847K(802304K), 0.0022435 secs] [Times: user=0.01 sys=0.00, real=0.01 secs] 
600.085: [GC (Allocation Failure) [PSYoungGen: 71664K->1456K(72192K)] 394991K->324783K(802304K), 0.0021529 secs] [Times: user=0.01 sys=0.00, real=0.00 secs] 
600.268: [GC (Allocation Failure) [PSYoungGen: 71600K->1488K(72192K)] 394927K->324839K(802304K), 0.0020795 secs] [Times: user=0.01 sys=0.00, real=0.00 secs] 
600.608: [GC (Allocation Failure) [PSYoungGen: 71632K->1408K(72192K)] 394983K->324767K(802304K), 0.0019537 secs] [Times: user=0.00 sys=0.00, real=0.00 secs] 
600.955: [GC (Allocation Failure) [PSYoungGen: 71552K->1376K(72192K)] 394911K->324735K(802304K), 0.0018594 secs] [Times: user=0.01 sys=0.00, real=0.00 secs] 
601.252: [GC (Allocation Failure) [PSYoungGen: 71520K->1344K(72192K)] 394879K->324703K(802304K), 0.0020442 secs] [Times: user=0.01 sys=0.00, real=0.01 secs] 
601.560: [GC (Allocation Failure) [PSYoungGen: 71488K->1408K(72192K)] 394847K->324767K(802304K), 0.0019423 secs] [Times: user=0.01 sys=0.00, real=0.00 secs] 
601.793: [GC (Allocation Failure) [PSYoungGen: 71552K->1453K(72192K)] 394911K->324812K(802304K), 0.0015225 secs] [Times: user=0.01 sys=0.00, real=0.01 secs] 
601.934: [GC (Allocation Failure) [PSYoungGen: 71590K->1520K(72192K)] 394949K->324879K(802304K), 0.0019552 secs] [Times: user=0.01 sys=0.00, real=0.00 secs] 
602.100: [GC (Allocation Failure) [PSYoungGen: 71664K->1520K(72192K)] 395023K->324887K(802304K), 0.0020211 secs] [Times: user=0.01 sys=0.00, real=0.00 secs] 
602.265: [GC (Allocation Failure) [PSYoungGen: 71664K->1517K(72192K)] 395031K->324900K(802304K), 0.0015284 secs] [Times: user=0.01 sys=0.00, real=0.00 secs] 
602.607: [GC (Allocation Failure) [PSYoungGen: 71661K->1408K(72192K)] 395044K->324799K(802304K), 0.0020523 secs] [Times: user=0.01 sys=0.00, real=0.00 secs] 
602.997: [GC (Allocation Failure) [PSYoungGen: 71552K->1376K(72192K)] 394943K->324767K(802304K), 0.0019875 secs] [Times: user=0.00 sys=0.00, real=0.00 secs] 
603.289: [GC (Allocation Failure) [PSYoungGen: 71520K->1408K(72192K)] 394911K->324799K(802304K), 0.0019089 secs] [Times: user=0.01 sys=0.00, real=0.00 secs] 
603.672: [GC (Allocation Failure) [PSYoungGen: 71552K->1408K(72192K)] 394943K->324807K(802304K), 0.0020467 secs] [Times: user=0.01 sys=0.00, real=0.01 secs] 
603.910: [GC (Allocation Failure) [PSYoungGen: 71552K->1517K(72192K)] 394951K->324916K(802304K), 0.0014782 secs] [Times: user=0.01 sys=0.00, real=0.00 secs] 
604.033: [GC (Allocation Failure) [PSYoungGen: 71661K->1517K(72192K)] 395060K->324916K(802304K), 0.0015278 secs] [Times: user=0.01 sys=0.00, real=0.01 secs] 
604.156: [GC (Allocation Failure) [PSYoungGen: 71661K->1549K(72192K)] 395060K->324948K(802304K), 0.0014723 secs] [Times: user=0.00 sys=0.00, real=0.00 secs] 
604.862: [GC (Allocation Failure) [PSYoungGen: 71693K->1408K(72192K)] 395092K->324823K(802304K), 0.0033686 secs] [Times: user=0.02 sys=0.00, real=0.01 secs] 
605.396: [GC (Allocation Failure) [PSYoungGen: 71552K->1376K(72192K)] 394967K->324791K(802304K), 0.0019642 secs] [Times: user=0.01 sys=0.00, real=0.00 secs] 
605.891: [GC (Allocation Failure) [PSYoungGen: 71520K->1376K(72192K)] 394935K->324791K(802304K), 0.0019477 secs] [Times: user=0.01 sys=0.00, real=0.00 secs] 
606.851: [GC (Allocation Failure) [PSYoungGen: 71520K->1376K(72192K)] 394935K->324791K(802304K), 0.0020042 secs] [Times: user=0.01 sys=0.00, real=0.00 secs] 
607.716: [GC (Allocation Failure) [PSYoungGen: 71520K->1469K(72192K)] 394935K->324884K(802304K), 0.0024192 secs] [Times: user=0.01 sys=0.00, real=0.00 secs] 
607.888: [GC (Allocation Failure) [PSYoungGen: 71597K->1549K(72192K)] 395013K->324964K(802304K), 0.0016228 secs] [Times: user=0.01 sys=0.00, real=0.00 secs] 
608.011: [GC (Allocation Failure) [PSYoungGen: 71693K->1488K(72192K)] 395108K->324911K(802304K), 0.0014531 secs] [Times: user=0.00 sys=0.00, real=0.00 secs] 
608.135: [GC (Allocation Failure) [PSYoungGen: 71632K->1485K(72192K)] 395055K->324908K(802304K), 0.0015418 secs] [Times: user=0.01 sys=0.00, real=0.00 secs] 
608.534: [GC (Allocation Failure) [PSYoungGen: 71629K->1424K(72192K)] 395052K->324879K(802304K), 0.0022948 secs] [Times: user=0.01 sys=0.00, real=0.00 secs] 
609.044: [GC (Allocation Failure) [PSYoungGen: 71568K->1408K(72192K)] 395023K->324863K(802304K), 0.0020349 secs] [Times: user=0.01 sys=0.00, real=0.00 secs] 
609.589: [GC (Allocation Failure) [PSYoungGen: 71552K->1376K(72192K)] 395007K->324831K(802304K), 0.0023020 secs] [Times: user=0.01 sys=0.00, real=0.00 secs] 
610.300: [GC (Allocation Failure) [PSYoungGen: 71520K->1376K(72192K)] 394975K->324839K(802304K), 0.0021089 secs] [Times: user=0.01 sys=0.01, real=0.00 secs] 
610.841: [GC (Allocation Failure) [PSYoungGen: 71520K->1520K(72192K)] 394983K->324983K(802304K), 0.0019881 secs] [Times: user=0.01 sys=0.00, real=0.00 secs] 
610.986: [GC (Allocation Failure) [PSYoungGen: 71632K->1517K(72192K)] 395095K->324980K(802304K), 0.0015056 secs] [Times: user=0.01 sys=0.00, real=0.00 secs] 
611.109: [GC (Allocation Failure) [PSYoungGen: 71661K->1549K(72192K)] 395124K->325012K(802304K), 0.0015654 secs] [Times: user=0.01 sys=0.00, real=0.00 secs] 
611.251: [GC (Allocation Failure) [PSYoungGen: 71693K->1488K(72192K)] 395156K->324967K(802304K), 0.0018823 secs] [Times: user=0.00 sys=0.00, real=0.00 secs] 
612.037: [GC (Allocation Failure) [PSYoungGen: 71632K->1440K(72192K)] 395111K->324919K(802304K), 0.0020059 secs] [Times: user=0.01 sys=0.00, real=0.00 secs] 
612.544: [GC (Allocation Failure) [PSYoungGen: 71584K->1392K(72192K)] 395063K->324871K(802304K), 0.0020209 secs] [Times: user=0.01 sys=0.00, real=0.00 secs] 
612.836: [GC (Allocation Failure) [PSYoungGen: 71536K->1376K(72192K)] 395015K->324855K(802304K), 0.0021130 secs] [Times: user=0.01 sys=0.00, real=0.00 secs] 
613.134: [GC (Allocation Failure) [PSYoungGen: 71520K->1376K(72192K)] 394999K->324855K(802304K), 0.0019774 secs] [Times: user=0.01 sys=0.00, real=0.00 secs] 
613.321: [GC (Allocation Failure) [PSYoungGen: 71520K->1485K(72192K)] 394999K->324964K(802304K), 0.0016685 secs] [Times: user=0.01 sys=0.00, real=0.00 secs] 
613.445: [GC (Allocation Failure) [PSYoungGen: 71629K->1485K(72192K)] 395108K->324964K(802304K), 0.0015077 secs] [Times: user=0.00 sys=0.00, real=0.00 secs] 
613.569: [GC (Allocation Failure) [PSYoungGen: 71629K->1520K(72192K)] 395108K->324999K(802304K), 0.0014734 secs] [Times: user=0.01 sys=0.00, real=0.00 secs] 
613.840: [GC (Allocation Failure) [PSYoungGen: 71664K->1984K(72192K)] 395143K->325479K(802304K), 0.0019069 secs] [Times: user=0.01 sys=0.00, real=0.00 secs] 
615.077: [GC (Allocation Failure) [PSYoungGen: 72128K->1408K(72192K)] 395623K->324911K(802304K), 0.0028646 secs] [Times: user=0.01 sys=0.00, real=0.00 secs] 
615.892: [GC (Allocation Failure) [PSYoungGen: 71552K->1376K(72192K)] 395055K->324879K(802304K), 0.0048883 secs] [Times: user=0.02 sys=0.00, real=0.01 secs] 
616.360: [GC (Allocation Failure) [PSYoungGen: 71520K->1376K(72192K)] 395023K->324879K(802304K), 0.0023054 secs] [Times: user=0.01 sys=0.00, real=0.00 secs] 
616.807: [GC (Allocation Failure) [PSYoungGen: 71520K->1456K(72192K)] 395023K->324959K(802304K), 0.0022331 secs] [Times: user=0.01 sys=0.00, real=0.00 secs] 
617.000: [GC (Allocation Failure) [PSYoungGen: 71600K->1488K(72192K)] 395103K->324991K(802304K), 0.0023061 secs] [Times: user=0.01 sys=0.00, real=0.00 secs] 
617.153: [GC (Allocation Failure) [PSYoungGen: 71632K->1581K(72192K)] 395135K->325084K(802304K), 0.0014580 secs] [Times: user=0.01 sys=0.00, real=0.01 secs] 
617.295: [GC (Allocation Failure) [PSYoungGen: 71725K->1552K(72192K)] 395228K->325055K(802304K), 0.0020204 secs] [Times: user=0.01 sys=0.00, real=0.00 secs] 
617.844: [GC (Allocation Failure) [PSYoungGen: 71696K->1472K(72192K)] 395199K->324975K(802304K), 0.0044834 secs] [Times: user=0.02 sys=0.00, real=0.00 secs] 
618.865: [GC (Allocation Failure) [PSYoungGen: 71616K->1408K(72192K)] 395119K->324927K(802304K), 0.0032945 secs] [Times: user=0.01 sys=0.00, real=0.00 secs] 
619.649: [GC (Allocation Failure) [PSYoungGen: 71552K->1376K(72192K)] 395071K->324895K(802304K), 0.0029719 secs] [Times: user=0.01 sys=0.00, real=0.00 secs] 
620.154: [GC (Allocation Failure) [PSYoungGen: 71520K->1376K(72192K)] 395039K->324895K(802304K), 0.0021603 secs] [Times: user=0.01 sys=0.00, real=0.01 secs] 
620.619: [GC (Allocation Failure) [PSYoungGen: 71520K->1488K(72192K)] 395039K->325015K(802304K), 0.0019910 secs] [Times: user=0.01 sys=0.00, real=0.00 secs] 
620.752: [GC (Allocation Failure) [PSYoungGen: 71632K->1517K(72192K)] 395159K->325044K(802304K), 0.0014933 secs] [Times: user=0.00 sys=0.00, real=0.00 secs] 
620.874: [GC (Allocation Failure) [PSYoungGen: 71661K->1549K(72192K)] 395188K->325076K(802304K), 0.0015224 secs] [Times: user=0.00 sys=0.00, real=0.00 secs] 
620.997: [GC (Allocation Failure) [PSYoungGen: 71693K->1520K(72192K)] 395220K->325063K(802304K), 0.0015062 secs] [Times: user=0.01 sys=0.00, real=0.00 secs] 
621.502: [GC (Allocation Failure) [PSYoungGen: 71664K->1440K(72192K)] 395207K->324991K(802304K), 0.0023604 secs] [Times: user=0.01 sys=0.00, real=0.01 secs] 
622.126: [GC (Allocation Failure) [PSYoungGen: 71584K->1376K(72192K)] 395135K->324927K(802304K), 0.0025539 secs] [Times: user=0.01 sys=0.00, real=0.00 secs] 
622.912: [GC (Allocation Failure) [PSYoungGen: 71520K->1376K(72192K)] 395071K->324927K(802304K), 0.0031904 secs] [Times: user=0.01 sys=0.00, real=0.01 secs] 
623.713: [GC (Allocation Failure) [PSYoungGen: 71520K->1408K(72192K)] 395071K->324959K(802304K), 0.0031879 secs] [Times: user=0.01 sys=0.00, real=0.01 secs] 
624.154: [GC (Allocation Failure) [PSYoungGen: 71552K->1520K(72192K)] 395103K->325071K(802304K), 0.0021194 secs] [Times: user=0.01 sys=0.00, real=0.00 secs] 
624.302: [GC (Allocation Failure) [PSYoungGen: 71664K->1549K(72192K)] 395215K->325100K(802304K), 0.0016748 secs] [Times: user=0.00 sys=0.00, real=0.01 secs] 
624.445: [GC (Allocation Failure) [PSYoungGen: 71693K->1552K(72192K)] 395244K->325103K(802304K), 0.0018648 secs] [Times: user=0.01 sys=0.01, real=0.00 secs] 
624.603: [GC (Allocation Failure) [PSYoungGen: 71696K->1517K(72192K)] 395247K->325084K(802304K), 0.0015408 secs] [Times: user=0.01 sys=0.00, real=0.01 secs] 
625.512: [GC (Allocation Failure) [PSYoungGen: 71661K->1376K(72192K)] 395228K->324943K(802304K), 0.0032686 secs] [Times: user=0.02 sys=0.00, real=0.01 secs] 
626.122: [GC (Allocation Failure) [PSYoungGen: 71520K->1344K(72192K)] 395087K->324911K(802304K), 0.0027762 secs] [Times: user=0.01 sys=0.00, real=0.01 secs] 
626.511: [GC (Allocation Failure) [PSYoungGen: 71488K->1408K(72192K)] 395055K->324975K(802304K), 0.0019455 secs] [Times: user=0.01 sys=0.00, real=0.00 secs] 
626.802: [GC (Allocation Failure) [PSYoungGen: 71552K->1376K(72192K)] 395119K->324959K(802304K), 0.0019078 secs] [Times: user=0.01 sys=0.00, real=0.01 secs] 
626.974: [GC (Allocation Failure) [PSYoungGen: 71520K->1520K(72192K)] 395103K->325103K(802304K), 0.0014828 secs] [Times: user=0.01 sys=0.00, real=0.00 secs] 
627.122: [GC (Allocation Failure) [PSYoungGen: 71664K->1488K(72192K)] 395247K->325071K(802304K), 0.0019982 secs] [Times: user=0.01 sys=0.00, real=0.01 secs] 
627.286: [GC (Allocation Failure) [PSYoungGen: 71632K->1549K(72192K)] 395215K->325132K(802304K), 0.0015098 secs] [Times: user=0.00 sys=0.00, real=0.00 secs] 
627.529: [GC (Allocation Failure) [PSYoungGen: 71693K->1440K(72192K)] 395276K->325039K(802304K), 0.0024135 secs] [Times: user=0.01 sys=0.00, real=0.00 secs] 
628.117: [GC (Allocation Failure) [PSYoungGen: 71584K->1376K(72192K)] 395183K->324975K(802304K), 0.0024837 secs] [Times: user=0.01 sys=0.00, real=0.00 secs] 
628.697: [GC (Allocation Failure) [PSYoungGen: 71520K->1376K(72192K)] 395119K->325007K(802304K), 0.0023088 secs] [Times: user=0.01 sys=0.00, real=0.00 secs] 
629.098: [GC (Allocation Failure) [PSYoungGen: 71520K->1376K(72192K)] 395151K->325007K(802304K), 0.0022691 secs] [Times: user=0.01 sys=0.00, real=0.00 secs] 
629.527: [GC (Allocation Failure) [PSYoungGen: 71520K->1488K(72192K)] 395151K->325119K(802304K), 0.0019497 secs] [Times: user=0.01 sys=0.00, real=0.00 secs] 
629.658: [GC (Allocation Failure) [PSYoungGen: 71632K->1520K(72192K)] 395263K->325151K(802304K), 0.0015002 secs] [Times: user=0.00 sys=0.00, real=0.00 secs] 
629.781: [GC (Allocation Failure) [PSYoungGen: 71664K->1485K(72192K)] 395295K->325116K(802304K), 0.0014899 secs] [Times: user=0.01 sys=0.00, real=0.00 secs] 
629.904: [GC (Allocation Failure) [PSYoungGen: 71629K->1549K(72192K)] 395260K->325180K(802304K), 0.0014448 secs] [Times: user=0.01 sys=0.00, real=0.00 secs] 
630.419: [GC (Allocation Failure) [PSYoungGen: 71693K->1440K(72192K)] 395324K->325079K(802304K), 0.0018709 secs] [Times: user=0.00 sys=0.00, real=0.00 secs] 
630.872: [GC (Allocation Failure) [PSYoungGen: 71584K->1344K(72192K)] 395223K->324983K(802304K), 0.0019932 secs] [Times: user=0.00 sys=0.00, real=0.01 secs] 
631.164: [GC (Allocation Failure) [PSYoungGen: 71488K->1408K(72192K)] 395127K->325047K(802304K), 0.0020272 secs] [Times: user=0.01 sys=0.00, real=0.00 secs] 
631.802: [GC (Allocation Failure) [PSYoungGen: 71552K->1408K(72192K)] 395191K->325047K(802304K), 0.0019975 secs] [Times: user=0.01 sys=0.00, real=0.01 secs] 
632.414: [GC (Allocation Failure) [PSYoungGen: 71552K->1501K(72192K)] 395191K->325140K(802304K), 0.0019157 secs] [Times: user=0.01 sys=0.00, real=0.00 secs] 
632.555: [GC (Allocation Failure) [PSYoungGen: 71645K->1517K(72192K)] 395284K->325156K(802304K), 0.0015222 secs] [Times: user=0.01 sys=0.00, real=0.00 secs] 
632.677: [GC (Allocation Failure) [PSYoungGen: 71661K->1488K(72192K)] 395300K->325127K(802304K), 0.0015516 secs] [Times: user=0.01 sys=0.01, real=0.00 secs] 
632.801: [GC (Allocation Failure) [PSYoungGen: 71632K->1549K(72192K)] 395271K->325196K(802304K), 0.0014709 secs] [Times: user=0.01 sys=0.00, real=0.00 secs] 
633.535: [GC (Allocation Failure) [PSYoungGen: 71693K->1472K(72192K)] 395340K->325119K(802304K), 0.0022768 secs] [Times: user=0.00 sys=0.00, real=0.00 secs] 
634.348: [GC (Allocation Failure) [PSYoungGen: 71616K->1408K(72192K)] 395263K->325055K(802304K), 0.0029239 secs] [Times: user=0.01 sys=0.00, real=0.00 secs] 
635.141: [GC (Allocation Failure) [PSYoungGen: 71552K->1376K(72192K)] 395199K->325023K(802304K), 0.0031650 secs] [Times: user=0.01 sys=0.00, real=0.01 secs] 
635.611: [GC (Allocation Failure) [PSYoungGen: 71520K->1376K(72192K)] 395167K->325023K(802304K), 0.0043090 secs] [Times: user=0.02 sys=0.00, real=0.01 secs] 
635.927: [GC (Allocation Failure) [PSYoungGen: 71520K->1488K(72192K)] 395167K->325135K(802304K), 0.0020107 secs] [Times: user=0.01 sys=0.01, real=0.00 secs] 
636.057: [GC (Allocation Failure) [PSYoungGen: 71632K->1549K(72192K)] 395279K->325196K(802304K), 0.0014792 secs] [Times: user=0.01 sys=0.00, real=0.00 secs] 
636.180: [GC (Allocation Failure) [PSYoungGen: 71693K->1456K(72192K)] 395340K->325103K(802304K), 0.0015061 secs] [Times: user=0.01 sys=0.00, real=0.00 secs] 
636.440: [GC (Allocation Failure) [PSYoungGen: 71600K->1472K(72192K)] 395247K->325127K(802304K), 0.0021952 secs] [Times: user=0.01 sys=0.00, real=0.00 secs] 
637.184: [GC (Allocation Failure) [PSYoungGen: 71616K->1376K(72192K)] 395271K->325031K(802304K), 0.0031678 secs] [Times: user=0.01 sys=0.00, real=0.00 secs] 
637.594: [GC (Allocation Failure) [PSYoungGen: 71520K->1408K(72192K)] 395175K->325063K(802304K), 0.0019399 secs] [Times: user=0.01 sys=0.00, real=0.00 secs] 
638.009: [GC (Allocation Failure) [PSYoungGen: 71552K->1392K(72192K)] 395207K->325047K(802304K), 0.0021158 secs] [Times: user=0.01 sys=0.00, real=0.00 secs] 
638.333: [GC (Allocation Failure) [PSYoungGen: 71536K->1520K(72192K)] 395191K->325175K(802304K), 0.0018023 secs] [Times: user=0.01 sys=0.00, real=0.01 secs] 
638.458: [GC (Allocation Failure) [PSYoungGen: 71664K->1520K(72192K)] 395319K->325199K(802304K), 0.0014939 secs] [Times: user=0.01 sys=0.01, real=0.00 secs] 
638.601: [GC (Allocation Failure) [PSYoungGen: 71664K->1488K(72192K)] 395343K->325167K(802304K), 0.0019887 secs] [Times: user=0.01 sys=0.00, real=0.00 secs] 
638.759: [GC (Allocation Failure) [PSYoungGen: 71632K->1549K(72192K)] 395311K->325228K(802304K), 0.0015422 secs] [Times: user=0.01 sys=0.00, real=0.00 secs] 
639.055: [GC (Allocation Failure) [PSYoungGen: 71693K->1440K(72192K)] 395372K->325135K(802304K), 0.0021260 secs] [Times: user=0.01 sys=0.00, real=0.00 secs] 
639.347: [GC (Allocation Failure) [PSYoungGen: 71584K->1344K(72192K)] 395279K->325039K(802304K), 0.0020627 secs] [Times: user=0.01 sys=0.00, real=0.00 secs] 
639.639: [GC (Allocation Failure) [PSYoungGen: 71488K->1344K(72192K)] 395183K->325039K(802304K), 0.0023542 secs] [Times: user=0.01 sys=0.00, real=0.00 secs] 
640.027: [GC (Allocation Failure) [PSYoungGen: 71488K->1376K(72192K)] 395183K->325071K(802304K), 0.0021787 secs] [Times: user=0.01 sys=0.01, real=0.00 secs] 
640.333: [GC (Allocation Failure) [PSYoungGen: 71520K->1424K(72192K)] 395215K->325127K(802304K), 0.0020964 secs] [Times: user=0.01 sys=0.00, real=0.01 secs] 
640.513: [GC (Allocation Failure) [PSYoungGen: 71538K->1520K(72192K)] 395241K->325223K(802304K), 0.0020537 secs] [Times: user=0.01 sys=0.00, real=0.01 secs] 
640.691: [GC (Allocation Failure) [PSYoungGen: 71664K->1456K(72192K)] 395367K->325159K(802304K), 0.0021599 secs] [Times: user=0.01 sys=0.00, real=0.00 secs] 
640.854: [GC (Allocation Failure) [PSYoungGen: 71600K->1549K(72192K)] 395303K->325268K(802304K), 0.0015202 secs] [Times: user=0.01 sys=0.00, real=0.00 secs] 
641.252: [GC (Allocation Failure) [PSYoungGen: 71693K->1440K(72192K)] 395412K->325159K(802304K), 0.0023301 secs] [Times: user=0.01 sys=0.00, real=0.01 secs] 
641.737: [GC (Allocation Failure) [PSYoungGen: 71584K->1344K(72192K)] 395303K->325063K(802304K), 0.0021379 secs] [Times: user=0.01 sys=0.00, real=0.00 secs] 
642.383: [GC (Allocation Failure) [PSYoungGen: 71488K->1376K(72192K)] 395207K->325095K(802304K), 0.0024688 secs] [Times: user=0.01 sys=0.00, real=0.01 secs] 
643.026: [GC (Allocation Failure) [PSYoungGen: 71520K->1376K(72192K)] 395239K->325095K(802304K), 0.0026818 secs] [Times: user=0.01 sys=0.00, real=0.00 secs] 
643.404: [GC (Allocation Failure) [PSYoungGen: 71520K->1488K(72192K)] 395239K->325207K(802304K), 0.0021348 secs] [Times: user=0.00 sys=0.00, real=0.00 secs] 
643.541: [GC (Allocation Failure) [PSYoungGen: 71632K->1552K(72192K)] 395351K->325271K(802304K), 0.0016344 secs] [Times: user=0.01 sys=0.00, real=0.00 secs] 
643.665: [GC (Allocation Failure) [PSYoungGen: 71696K->1469K(72192K)] 395415K->325188K(802304K), 0.0015560 secs] [Times: user=0.00 sys=0.00, real=0.00 secs] 
643.796: [GC (Allocation Failure) [PSYoungGen: 71613K->1568K(72192K)] 395332K->325295K(802304K), 0.0016874 secs] [Times: user=0.01 sys=0.00, real=0.00 secs] 
644.158: [GC (Allocation Failure) [PSYoungGen: 71712K->1376K(72192K)] 395439K->325103K(802304K), 0.0018652 secs] [Times: user=0.00 sys=0.00, real=0.00 secs] 
644.810: [GC (Allocation Failure) [PSYoungGen: 71520K->1376K(72192K)] 395247K->325103K(802304K), 0.0023872 secs] [Times: user=0.01 sys=0.00, real=0.00 secs] 
645.741: [GC (Allocation Failure) [PSYoungGen: 71520K->1360K(72192K)] 395247K->325087K(802304K), 0.0039838 secs] [Times: user=0.01 sys=0.00, real=0.01 secs] 
646.677: [GC (Allocation Failure) [PSYoungGen: 71504K->1488K(72192K)] 395231K->325215K(802304K), 0.0061733 secs] [Times: user=0.02 sys=0.00, real=0.00 secs] 
646.941: [GC (Allocation Failure) [PSYoungGen: 71632K->1520K(72192K)] 395359K->325247K(802304K), 0.0020685 secs] [Times: user=0.01 sys=0.00, real=0.00 secs] 
647.074: [GC (Allocation Failure) [PSYoungGen: 71664K->1501K(72192K)] 395391K->325228K(802304K), 0.0014556 secs] [Times: user=0.01 sys=0.00, real=0.00 secs] 
647.199: [GC (Allocation Failure) [PSYoungGen: 71645K->1488K(72192K)] 395372K->325215K(802304K), 0.0014965 secs] [Times: user=0.00 sys=0.00, real=0.00 secs] 
647.692: [GC (Allocation Failure) [PSYoungGen: 71632K->1472K(72192K)] 395359K->325199K(802304K), 0.0036648 secs] [Times: user=0.02 sys=0.00, real=0.01 secs] 
648.555: [GC (Allocation Failure) [PSYoungGen: 71616K->1408K(72192K)] 395343K->325135K(802304K), 0.0063984 secs] [Times: user=0.03 sys=0.01, real=0.00 secs] 
649.352: [GC (Allocation Failure) [PSYoungGen: 71552K->1376K(72192K)] 395279K->325103K(802304K), 0.0037887 secs] [Times: user=0.01 sys=0.00, real=0.01 secs] 
650.177: [GC (Allocation Failure) [PSYoungGen: 71520K->1360K(72192K)] 395247K->325111K(802304K), 0.0034415 secs] [Times: user=0.01 sys=0.00, real=0.00 secs] 
650.767: [GC (Allocation Failure) [PSYoungGen: 71504K->1469K(72192K)] 395255K->325220K(802304K), 0.0022377 secs] [Times: user=0.00 sys=0.00, real=0.00 secs] 
650.925: [GC (Allocation Failure) [PSYoungGen: 71585K->1549K(72192K)] 395336K->325300K(802304K), 0.0014961 secs] [Times: user=0.01 sys=0.00, real=0.00 secs] 
651.048: [GC (Allocation Failure) [PSYoungGen: 71693K->1488K(72192K)] 395444K->325239K(802304K), 0.0014866 secs] [Times: user=0.00 sys=0.01, real=0.00 secs] 
651.172: [GC (Allocation Failure) [PSYoungGen: 71632K->1485K(72192K)] 395383K->325244K(802304K), 0.0015450 secs] [Times: user=0.00 sys=0.00, real=0.00 secs] 
651.677: [GC (Allocation Failure) [PSYoungGen: 71629K->1440K(72192K)] 395388K->325199K(802304K), 0.0019794 secs] [Times: user=0.01 sys=0.00, real=0.00 secs] 
652.396: [GC (Allocation Failure) [PSYoungGen: 71584K->1376K(72192K)] 395343K->325135K(802304K), 0.0027260 secs] [Times: user=0.01 sys=0.00, real=0.00 secs] 
653.223: [GC (Allocation Failure) [PSYoungGen: 71520K->1408K(72192K)] 395279K->325167K(802304K), 0.0026487 secs] [Times: user=0.01 sys=0.00, real=0.01 secs] 
653.843: [GC (Allocation Failure) [PSYoungGen: 71552K->1344K(72192K)] 395311K->325103K(802304K), 0.0026687 secs] [Times: user=0.01 sys=0.00, real=0.01 secs] 
654.211: [GC (Allocation Failure) [PSYoungGen: 71488K->1424K(72192K)] 395247K->325183K(802304K), 0.0019976 secs] [Times: user=0.01 sys=0.00, real=0.00 secs] 
654.345: [GC (Allocation Failure) [PSYoungGen: 71543K->1549K(72192K)] 395302K->325308K(802304K), 0.0015055 secs] [Times: user=0.01 sys=0.00, real=0.00 secs] 
654.469: [GC (Allocation Failure) [PSYoungGen: 71693K->1517K(72192K)] 395452K->325276K(802304K), 0.0015354 secs] [Times: user=0.00 sys=0.00, real=0.00 secs] 
654.592: [GC (Allocation Failure) [PSYoungGen: 71661K->1517K(72192K)] 395420K->325292K(802304K), 0.0015061 secs] [Times: user=0.00 sys=0.00, real=0.01 secs] 
655.282: [GC (Allocation Failure) [PSYoungGen: 71661K->1408K(72192K)] 395436K->325183K(802304K), 0.0021734 secs] [Times: user=0.01 sys=0.00, real=0.01 secs] 
656.161: [GC (Allocation Failure) [PSYoungGen: 71552K->1408K(72192K)] 395327K->325183K(802304K), 0.0022276 secs] [Times: user=0.01 sys=0.00, real=0.00 secs] 
657.150: [GC (Allocation Failure) [PSYoungGen: 71552K->1376K(72192K)] 395327K->325151K(802304K), 0.0026084 secs] [Times: user=0.01 sys=0.00, real=0.00 secs] 
657.960: [GC (Allocation Failure) [PSYoungGen: 71520K->1408K(72192K)] 395295K->325183K(802304K), 0.0029084 secs] [Times: user=0.01 sys=0.00, real=0.00 secs] 
658.241: [GC (Allocation Failure) [PSYoungGen: 71552K->1520K(72192K)] 395327K->325295K(802304K), 0.0019343 secs] [Times: user=0.01 sys=0.00, real=0.00 secs] 
658.367: [GC (Allocation Failure) [PSYoungGen: 71664K->1520K(72192K)] 395439K->325295K(802304K), 0.0015654 secs] [Times: user=0.01 sys=0.01, real=0.00 secs] 
658.490: [GC (Allocation Failure) [PSYoungGen: 71664K->1517K(72192K)] 395439K->325292K(802304K), 0.0016235 secs] [Times: user=0.00 sys=0.00, real=0.00 secs] 
658.752: [GC (Allocation Failure) [PSYoungGen: 71661K->1440K(72192K)] 395436K->325223K(802304K), 0.0018039 secs] [Times: user=0.01 sys=0.00, real=0.01 secs] 
659.060: [GC (Allocation Failure) [PSYoungGen: 71584K->1376K(72192K)] 395367K->325159K(802304K), 0.0031730 secs] [Times: user=0.01 sys=0.00, real=0.00 secs] 
659.451: [GC (Allocation Failure) [PSYoungGen: 71520K->1376K(72192K)] 395303K->325175K(802304K), 0.0018014 secs] [Times: user=0.00 sys=0.01, real=0.00 secs] 
659.786: [GC (Allocation Failure) [PSYoungGen: 71520K->1408K(72192K)] 395319K->325207K(802304K), 0.0019526 secs] [Times: user=0.01 sys=0.00, real=0.00 secs] 
660.087: [GC (Allocation Failure) [PSYoungGen: 71552K->1440K(72192K)] 395351K->325239K(802304K), 0.0020401 secs] [Times: user=0.01 sys=0.00, real=0.00 secs] 
660.214: [GC (Allocation Failure) [PSYoungGen: 71578K->1581K(72192K)] 395377K->325380K(802304K), 0.0014974 secs] [Times: user=0.01 sys=0.00, real=0.00 secs] 
660.338: [GC (Allocation Failure) [PSYoungGen: 71725K->1456K(72192K)] 395524K->325255K(802304K), 0.0014699 secs] [Times: user=0.00 sys=0.00, real=0.00 secs] 
660.461: [GC (Allocation Failure) [PSYoungGen: 71600K->1485K(72192K)] 395399K->325284K(802304K), 0.0016789 secs] [Times: user=0.01 sys=0.00, real=0.00 secs] 
660.728: [GC (Allocation Failure) [PSYoungGen: 71629K->1440K(72192K)] 395428K->325239K(802304K), 0.0017628 secs] [Times: user=0.01 sys=0.00, real=0.00 secs] 
661.036: [GC (Allocation Failure) [PSYoungGen: 71584K->1376K(72192K)] 395383K->325175K(802304K), 0.0016053 secs] [Times: user=0.00 sys=0.00, real=0.00 secs] 
661.327: [GC (Allocation Failure) [PSYoungGen: 71520K->1376K(72192K)] 395319K->325175K(802304K), 0.0018998 secs] [Times: user=0.01 sys=0.00, real=0.00 secs] 
661.866: [GC (Allocation Failure) [PSYoungGen: 71520K->1376K(72192K)] 395319K->325175K(802304K), 0.0019541 secs] [Times: user=0.01 sys=0.00, real=0.00 secs] 
662.199: [GC (Allocation Failure) [PSYoungGen: 71520K->1485K(72192K)] 395319K->325284K(802304K), 0.0014616 secs] [Times: user=0.00 sys=0.00, real=0.00 secs] 
662.323: [GC (Allocation Failure) [PSYoungGen: 71629K->1488K(72192K)] 395428K->325287K(802304K), 0.0015455 secs] [Times: user=0.01 sys=0.00, real=0.01 secs] 
662.447: [GC (Allocation Failure) [PSYoungGen: 71632K->1533K(72192K)] 395431K->325332K(802304K), 0.0015059 secs] [Times: user=0.01 sys=0.00, real=0.00 secs] 
662.572: [GC (Allocation Failure) [PSYoungGen: 71677K->1485K(72192K)] 395476K->325308K(802304K), 0.0015287 secs] [Times: user=0.01 sys=0.00, real=0.00 secs] 
663.267: [GC (Allocation Failure) [PSYoungGen: 71629K->1408K(72192K)] 395452K->325231K(802304K), 0.0018285 secs] [Times: user=0.01 sys=0.00, real=0.00 secs] 
664.106: [GC (Allocation Failure) [PSYoungGen: 71552K->1440K(72192K)] 395375K->325263K(802304K), 0.0018407 secs] [Times: user=0.01 sys=0.00, real=0.00 secs] 
664.626: [GC (Allocation Failure) [PSYoungGen: 71584K->1408K(72192K)] 395407K->325231K(802304K), 0.0020290 secs] [Times: user=0.01 sys=0.00, real=0.00 secs] 
665.317: [GC (Allocation Failure) [PSYoungGen: 71552K->1408K(72192K)] 395375K->325231K(802304K), 0.0023233 secs] [Times: user=0.00 sys=0.00, real=0.00 secs] 
665.702: [GC (Allocation Failure) [PSYoungGen: 71552K->1504K(72192K)] 395375K->325327K(802304K), 0.0019321 secs] [Times: user=0.01 sys=0.00, real=0.00 secs] 
665.828: [GC (Allocation Failure) [PSYoungGen: 71648K->1552K(72192K)] 395471K->325375K(802304K), 0.0014660 secs] [Times: user=0.00 sys=0.00, real=0.00 secs] 
665.951: [GC (Allocation Failure) [PSYoungGen: 71696K->1581K(72192K)] 395519K->325404K(802304K), 0.0014849 secs] [Times: user=0.01 sys=0.00, real=0.00 secs] 
666.169: [GC (Allocation Failure) [PSYoungGen: 71725K->1952K(72192K)] 395548K->325799K(802304K), 0.0018422 secs] [Times: user=0.01 sys=0.00, real=0.00 secs] 
666.821: [GC (Allocation Failure) [PSYoungGen: 72096K->1392K(72192K)] 395943K->325239K(802304K), 0.0020709 secs] [Times: user=0.01 sys=0.01, real=0.00 secs] 
667.682: [GC (Allocation Failure) [PSYoungGen: 71536K->1392K(72192K)] 395383K->325239K(802304K), 0.0021344 secs] [Times: user=0.00 sys=0.00, real=0.01 secs] 
668.609: [GC (Allocation Failure) [PSYoungGen: 71536K->1408K(72192K)] 395383K->325255K(802304K), 0.0040836 secs] [Times: user=0.02 sys=0.00, real=0.00 secs] 
669.448: [GC (Allocation Failure) [PSYoungGen: 71552K->1405K(72192K)] 395399K->325252K(802304K), 0.0037377 secs] [Times: user=0.01 sys=0.00, real=0.00 secs] 
669.677: [GC (Allocation Failure) [PSYoungGen: 71549K->1520K(72192K)] 395396K->325367K(802304K), 0.0020105 secs] [Times: user=0.01 sys=0.00, real=0.00 secs] 
669.806: [GC (Allocation Failure) [PSYoungGen: 71664K->1485K(72192K)] 395511K->325332K(802304K), 0.0015276 secs] [Times: user=0.01 sys=0.00, real=0.00 secs] 
669.929: [GC (Allocation Failure) [PSYoungGen: 71629K->1517K(72192K)] 395476K->325380K(802304K), 0.0015587 secs] [Times: user=0.01 sys=0.00, real=0.00 secs] 
670.472: [GC (Allocation Failure) [PSYoungGen: 71661K->1440K(72192K)] 395524K->325327K(802304K), 0.0020794 secs] [Times: user=0.01 sys=0.00, real=0.01 secs] 
671.234: [GC (Allocation Failure) [PSYoungGen: 71584K->1344K(72192K)] 395471K->325231K(802304K), 0.0044437 secs] [Times: user=0.02 sys=0.00, real=0.00 secs] 
671.892: [GC (Allocation Failure) [PSYoungGen: 71488K->1376K(72192K)] 395375K->325263K(802304K), 0.0026899 secs] [Times: user=0.01 sys=0.00, real=0.01 secs] 
672.457: [GC (Allocation Failure) [PSYoungGen: 71520K->1376K(72192K)] 395407K->325263K(802304K), 0.0034685 secs] [Times: user=0.01 sys=0.00, real=0.00 secs] 
672.852: [GC (Allocation Failure) [PSYoungGen: 71520K->1488K(72192K)] 395407K->325383K(802304K), 0.0018639 secs] [Times: user=0.01 sys=0.00, real=0.01 secs] 
672.976: [GC (Allocation Failure) [PSYoungGen: 71632K->1549K(72192K)] 395527K->325444K(802304K), 0.0015110 secs] [Times: user=0.00 sys=0.00, real=0.00 secs] 
673.099: [GC (Allocation Failure) [PSYoungGen: 71693K->1488K(72192K)] 395588K->325383K(802304K), 0.0014479 secs] [Times: user=0.00 sys=0.00, real=0.00 secs] 
673.247: [GC (Allocation Failure) [PSYoungGen: 71632K->1520K(72192K)] 395527K->325439K(802304K), 0.0019491 secs] [Times: user=0.01 sys=0.00, real=0.00 secs] 
673.866: [GC (Allocation Failure) [PSYoungGen: 71664K->1472K(72192K)] 395583K->325391K(802304K), 0.0027575 secs] [Times: user=0.01 sys=0.00, real=0.00 secs] 
674.452: [GC (Allocation Failure) [PSYoungGen: 71616K->1408K(72192K)] 395535K->325327K(802304K), 0.0020642 secs] [Times: user=0.01 sys=0.00, real=0.01 secs] 
675.102: [GC (Allocation Failure) [PSYoungGen: 71552K->1408K(72192K)] 395471K->325327K(802304K), 0.0038002 secs] [Times: user=0.02 sys=0.00, real=0.01 secs] 
675.817: [GC (Allocation Failure) [PSYoungGen: 71552K->1376K(72192K)] 395471K->325295K(802304K), 0.0026209 secs] [Times: user=0.01 sys=0.00, real=0.00 secs] 
676.178: [GC (Allocation Failure) [PSYoungGen: 71520K->1520K(72192K)] 395439K->325439K(802304K), 0.0021489 secs] [Times: user=0.01 sys=0.00, real=0.00 secs] 
676.311: [GC (Allocation Failure) [PSYoungGen: 71664K->1488K(72192K)] 395583K->325407K(802304K), 0.0015115 secs] [Times: user=0.01 sys=0.00, real=0.00 secs] 
676.435: [GC (Allocation Failure) [PSYoungGen: 71632K->1549K(72192K)] 395551K->325468K(802304K), 0.0015026 secs] [Times: user=0.00 sys=0.00, real=0.00 secs] 
676.559: [GC (Allocation Failure) [PSYoungGen: 71693K->1485K(72192K)] 395612K->325420K(802304K), 0.0015183 secs] [Times: user=0.00 sys=0.00, real=0.00 secs] 
677.516: [GC (Allocation Failure) [PSYoungGen: 71629K->1440K(72192K)] 395564K->325383K(802304K), 0.0033479 secs] [Times: user=0.01 sys=0.00, real=0.00 secs] 
678.107: [GC (Allocation Failure) [PSYoungGen: 71584K->1376K(72192K)] 395527K->325319K(802304K), 0.0026489 secs] [Times: user=0.01 sys=0.00, real=0.00 secs] 
678.630: [GC (Allocation Failure) [PSYoungGen: 71520K->1392K(72192K)] 395463K->325335K(802304K), 0.0021958 secs] [Times: user=0.01 sys=0.00, real=0.00 secs] 
678.952: [GC (Allocation Failure) [PSYoungGen: 71536K->1344K(72192K)] 395479K->325319K(802304K), 0.0019571 secs] [Times: user=0.01 sys=0.00, real=0.01 secs] 
679.129: [GC (Allocation Failure) [PSYoungGen: 71488K->1520K(72192K)] 395463K->325495K(802304K), 0.0014259 secs] [Times: user=0.01 sys=0.00, real=0.00 secs] 
679.252: [GC (Allocation Failure) [PSYoungGen: 71664K->1549K(72192K)] 395639K->325524K(802304K), 0.0015953 secs] [Times: user=0.01 sys=0.00, real=0.00 secs] 
679.375: [GC (Allocation Failure) [PSYoungGen: 71693K->1488K(72192K)] 395668K->325463K(802304K), 0.0015592 secs] [Times: user=0.01 sys=0.00, real=0.00 secs] 
679.587: [GC (Allocation Failure) [PSYoungGen: 71632K->1440K(72192K)] 395607K->325415K(802304K), 0.0020273 secs] [Times: user=0.01 sys=0.00, real=0.00 secs] 
679.904: [GC (Allocation Failure) [PSYoungGen: 71584K->1360K(72192K)] 395559K->325335K(802304K), 0.0019439 secs] [Times: user=0.01 sys=0.00, real=0.00 secs] 
680.227: [GC (Allocation Failure) [PSYoungGen: 71504K->1424K(72192K)] 395479K->325399K(802304K), 0.0019032 secs] [Times: user=0.00 sys=0.00, real=0.00 secs] 
680.529: [GC (Allocation Failure) [PSYoungGen: 71568K->1408K(72192K)] 395543K->325383K(802304K), 0.0019504 secs] [Times: user=0.00 sys=0.00, real=0.00 secs] 
680.873: [GC (Allocation Failure) [PSYoungGen: 71552K->1488K(72192K)] 395527K->325463K(802304K), 0.0021629 secs] [Times: user=0.01 sys=0.00, real=0.01 secs] 
681.014: [GC (Allocation Failure) [PSYoungGen: 71632K->1549K(72192K)] 395607K->325524K(802304K), 0.0015507 secs] [Times: user=0.00 sys=0.00, real=0.00 secs] 
681.138: [GC (Allocation Failure) [PSYoungGen: 71693K->1517K(72192K)] 395668K->325492K(802304K), 0.0015359 secs] [Times: user=0.01 sys=0.00, real=0.00 secs] 
681.261: [GC (Allocation Failure) [PSYoungGen: 71661K->1581K(72192K)] 395636K->325556K(802304K), 0.0015547 secs] [Times: user=0.01 sys=0.00, real=0.00 secs] 
681.506: [GC (Allocation Failure) [PSYoungGen: 71725K->1472K(72192K)] 395700K->325455K(802304K), 0.0017124 secs] [Times: user=0.01 sys=0.00, real=0.00 secs] 
681.818: [GC (Allocation Failure) [PSYoungGen: 71616K->1344K(72192K)] 395599K->325327K(802304K), 0.0015915 secs] [Times: user=0.00 sys=0.00, real=0.00 secs] 
682.155: [GC (Allocation Failure) [PSYoungGen: 71488K->1408K(72192K)] 395471K->325391K(802304K), 0.0016173 secs] [Times: user=0.01 sys=0.00, real=0.00 secs] 
682.446: [GC (Allocation Failure) [PSYoungGen: 71552K->1376K(72192K)] 395535K->325359K(802304K), 0.0015464 secs] [Times: user=0.01 sys=0.00, real=0.00 secs] 
682.673: [GC (Allocation Failure) [PSYoungGen: 71520K->1485K(72192K)] 395503K->325468K(802304K), 0.0014568 secs] [Times: user=0.01 sys=0.00, real=0.01 secs] 
682.798: [GC (Allocation Failure) [PSYoungGen: 71607K->1520K(72192K)] 395590K->325503K(802304K), 0.0016454 secs] [Times: user=0.01 sys=0.00, real=0.00 secs] 
682.940: [GC (Allocation Failure) [PSYoungGen: 71664K->1520K(72192K)] 395647K->325503K(802304K), 0.0018700 secs] [Times: user=0.01 sys=0.00, real=0.00 secs] 
683.095: [GC (Allocation Failure) [PSYoungGen: 71664K->1485K(72192K)] 395647K->325484K(802304K), 0.0015303 secs] [Times: user=0.00 sys=0.00, real=0.00 secs] 
683.402: [GC (Allocation Failure) [PSYoungGen: 71629K->1408K(72192K)] 395628K->325407K(802304K), 0.0021107 secs] [Times: user=0.01 sys=0.00, real=0.01 secs] 
683.721: [GC (Allocation Failure) [PSYoungGen: 71552K->1376K(72192K)] 395551K->325375K(802304K), 0.0019995 secs] [Times: user=0.00 sys=0.00, real=0.00 secs] 
684.067: [GC (Allocation Failure) [PSYoungGen: 71520K->1408K(72192K)] 395519K->325407K(802304K), 0.0018840 secs] [Times: user=0.01 sys=0.00, real=0.00 secs] 
684.359: [GC (Allocation Failure) [PSYoungGen: 71552K->1360K(72192K)] 395551K->325359K(802304K), 0.0021040 secs] [Times: user=0.01 sys=0.00, real=0.00 secs] 
684.560: [GC (Allocation Failure) [PSYoungGen: 71477K->1504K(72192K)] 395476K->325503K(802304K), 0.0014772 secs] [Times: user=0.01 sys=0.00, real=0.00 secs] 
684.683: [GC (Allocation Failure) [PSYoungGen: 71648K->1581K(72192K)] 395647K->325580K(802304K), 0.0014888 secs] [Times: user=0.01 sys=0.00, real=0.01 secs] 
684.807: [GC (Allocation Failure) [PSYoungGen: 71725K->1517K(72192K)] 395724K->325516K(802304K), 0.0015097 secs] [Times: user=0.01 sys=0.00, real=0.00 secs] 
685.025: [GC (Allocation Failure) [PSYoungGen: 71661K->1920K(72192K)] 395660K->325919K(802304K), 0.0018976 secs] [Times: user=0.00 sys=0.00, real=0.00 secs] 
685.692: [GC (Allocation Failure) [PSYoungGen: 72064K->1376K(72192K)] 396063K->325375K(802304K), 0.0021055 secs] [Times: user=0.01 sys=0.00, real=0.01 secs] 
686.271: [GC (Allocation Failure) [PSYoungGen: 71520K->1376K(72192K)] 395519K->325375K(802304K), 0.0021512 secs] [Times: user=0.01 sys=0.00, real=0.00 secs] 
686.601: [GC (Allocation Failure) [PSYoungGen: 71520K->1392K(72192K)] 395519K->325391K(802304K), 0.0021238 secs] [Times: user=0.01 sys=0.00, real=0.00 secs] 
686.928: [GC (Allocation Failure) [PSYoungGen: 71536K->1488K(72192K)] 395535K->325503K(802304K), 0.0020800 secs] [Times: user=0.01 sys=0.00, real=0.00 secs] 
687.124: [GC (Allocation Failure) [PSYoungGen: 71632K->1520K(72192K)] 395647K->325535K(802304K), 0.0020690 secs] [Times: user=0.01 sys=0.00, real=0.00 secs] 
687.309: [GC (Allocation Failure) [PSYoungGen: 71664K->1552K(72192K)] 395679K->325567K(802304K), 0.0021085 secs] [Times: user=0.01 sys=0.00, real=0.00 secs] 
687.471: [GC (Allocation Failure) [PSYoungGen: 71696K->1488K(72192K)] 395711K->325503K(802304K), 0.0015352 secs] [Times: user=0.01 sys=0.00, real=0.00 secs] 
688.086: [GC (Allocation Failure) [PSYoungGen: 71632K->1424K(72192K)] 395647K->325447K(802304K), 0.0032175 secs] [Times: user=0.01 sys=0.00, real=0.00 secs] 
688.908: [GC (Allocation Failure) [PSYoungGen: 71568K->1408K(72192K)] 395591K->325431K(802304K), 0.0027110 secs] [Times: user=0.01 sys=0.00, real=0.00 secs] 
689.602: [GC (Allocation Failure) [PSYoungGen: 71552K->1344K(72192K)] 395575K->325367K(802304K), 0.0023943 secs] [Times: user=0.01 sys=0.00, real=0.01 secs] 
690.226: [GC (Allocation Failure) [PSYoungGen: 71488K->1440K(72192K)] 395511K->325463K(802304K), 0.0024629 secs] [Times: user=0.01 sys=0.00, real=0.00 secs] 
690.968: [GC (Allocation Failure) [PSYoungGen: 71584K->1456K(72192K)] 395607K->325479K(802304K), 0.0022890 secs] [Times: user=0.01 sys=0.00, real=0.00 secs] 
691.177: [GC (Allocation Failure) [PSYoungGen: 71600K->1520K(72192K)] 395623K->325543K(802304K), 0.0021616 secs] [Times: user=0.01 sys=0.00, real=0.00 secs] 
691.323: [GC (Allocation Failure) [PSYoungGen: 71664K->1488K(72192K)] 395687K->325511K(802304K), 0.0015099 secs] [Times: user=0.00 sys=0.00, real=0.01 secs] 
691.446: [GC (Allocation Failure) [PSYoungGen: 71632K->1549K(72192K)] 395655K->325588K(802304K), 0.0014896 secs] [Times: user=0.00 sys=0.00, real=0.00 secs] 
692.376: [GC (Allocation Failure) [PSYoungGen: 71693K->1440K(72192K)] 395732K->325479K(802304K), 0.0033222 secs] [Times: user=0.01 sys=0.00, real=0.00 secs] 
693.287: [GC (Allocation Failure) [PSYoungGen: 71584K->1376K(72192K)] 395623K->325415K(802304K), 0.0040391 secs] [Times: user=0.02 sys=0.00, real=0.00 secs] 
693.930: [GC (Allocation Failure) [PSYoungGen: 71520K->1440K(72192K)] 395559K->325479K(802304K), 0.0026650 secs] [Times: user=0.01 sys=0.00, real=0.00 secs] 
694.563: [GC (Allocation Failure) [PSYoungGen: 71584K->1440K(72192K)] 395623K->325487K(802304K), 0.0019227 secs] [Times: user=0.01 sys=0.00, real=0.01 secs] 
694.812: [GC (Allocation Failure) [PSYoungGen: 71584K->1485K(72192K)] 395631K->325532K(802304K), 0.0015997 secs] [Times: user=0.00 sys=0.00, real=0.00 secs] 
694.935: [GC (Allocation Failure) [PSYoungGen: 71629K->1581K(72192K)] 395676K->325628K(802304K), 0.0014854 secs] [Times: user=0.00 sys=0.00, real=0.00 secs] 
695.058: [GC (Allocation Failure) [PSYoungGen: 71725K->1549K(72192K)] 395772K->325596K(802304K), 0.0015075 secs] [Times: user=0.01 sys=0.00, real=0.00 secs] 
695.184: [GC (Allocation Failure) [PSYoungGen: 71693K->256K(72192K)] 395740K->324319K(802304K), 0.0015976 secs] [Times: user=0.01 sys=0.00, real=0.00 secs] 
695.768: [GC (Allocation Failure) [PSYoungGen: 70400K->1376K(72192K)] 394463K->325439K(802304K), 0.0018446 secs] [Times: user=0.00 sys=0.00, real=0.00 secs] 
696.439: [GC (Allocation Failure) [PSYoungGen: 71520K->1392K(72192K)] 395583K->325455K(802304K), 0.0028504 secs] [Times: user=0.01 sys=0.00, real=0.00 secs] 
697.345: [GC (Allocation Failure) [PSYoungGen: 71536K->1376K(72192K)] 395599K->325439K(802304K), 0.0026976 secs] [Times: user=0.01 sys=0.00, real=0.00 secs] 
698.445: [GC (Allocation Failure) [PSYoungGen: 71279K->240K(72192K)] 395342K->324303K(802304K), 0.0027672 secs] [Times: user=0.01 sys=0.00, real=0.00 secs] 
698.642: [GC (Allocation Failure) [PSYoungGen: 70384K->1501K(72192K)] 394447K->325564K(802304K), 0.0015569 secs] [Times: user=0.00 sys=0.00, real=0.00 secs] 
698.766: [GC (Allocation Failure) [PSYoungGen: 71645K->1456K(72192K)] 395708K->325519K(802304K), 0.0015737 secs] [Times: user=0.01 sys=0.00, real=0.00 secs] 
698.889: [GC (Allocation Failure) [PSYoungGen: 71600K->1517K(72192K)] 395663K->325580K(802304K), 0.0016298 secs] [Times: user=0.01 sys=0.00, real=0.00 secs] 
699.295: [GC (Allocation Failure) [PSYoungGen: 71661K->1440K(72192K)] 395724K->325527K(802304K), 0.0017497 secs] [Times: user=0.00 sys=0.00, real=0.00 secs] 
699.959: [GC (Allocation Failure) [PSYoungGen: 71584K->1392K(72192K)] 395671K->325495K(802304K), 0.0020577 secs] [Times: user=0.01 sys=0.00, real=0.00 secs] 
700.778: [GC (Allocation Failure) [PSYoungGen: 71536K->1408K(72192K)] 395639K->325511K(802304K), 0.0028899 secs] [Times: user=0.01 sys=0.00, real=0.00 secs] 
701.428: [GC (Allocation Failure) [PSYoungGen: 71552K->1408K(72192K)] 395655K->325511K(802304K), 0.0030541 secs] [Times: user=0.01 sys=0.00, real=0.00 secs] 
701.931: [GC (Allocation Failure) [PSYoungGen: 71552K->1488K(72192K)] 395655K->325591K(802304K), 0.0020864 secs] [Times: user=0.01 sys=0.01, real=0.00 secs] 
702.074: [GC (Allocation Failure) [PSYoungGen: 71621K->1581K(72192K)] 395724K->325684K(802304K), 0.0015016 secs] [Times: user=0.00 sys=0.00, real=0.00 secs] 
702.198: [GC (Allocation Failure) [PSYoungGen: 71725K->1456K(72192K)] 395828K->325559K(802304K), 0.0015028 secs] [Times: user=0.01 sys=0.00, real=0.00 secs] 
702.320: [GC (Allocation Failure) [PSYoungGen: 71600K->1517K(72192K)] 395703K->325628K(802304K), 0.0014832 secs] [Times: user=0.01 sys=0.00, real=0.00 secs] 
704.149: [GC (Allocation Failure) [PSYoungGen: 71661K->1472K(72192K)] 395772K->325591K(802304K), 0.0034054 secs] [Times: user=0.01 sys=0.01, real=0.00 secs] 
705.270: [GC (Allocation Failure) [PSYoungGen: 71616K->1440K(72192K)] 395735K->325559K(802304K), 0.0034294 secs] [Times: user=0.01 sys=0.00, real=0.00 secs] 
705.615: [GC (Allocation Failure) [PSYoungGen: 71584K->1408K(72192K)] 395703K->325527K(802304K), 0.0020766 secs] [Times: user=0.01 sys=0.00, real=0.00 secs] 
705.921: [GC (Allocation Failure) [PSYoungGen: 71552K->1408K(72192K)] 395671K->325527K(802304K), 0.0019953 secs] [Times: user=0.01 sys=0.00, real=0.00 secs] 
706.519: [GC (Allocation Failure) [PSYoungGen: 71535K->1552K(72192K)] 395654K->325671K(802304K), 0.0019704 secs] [Times: user=0.01 sys=0.00, real=0.00 secs] 
706.652: [GC (Allocation Failure) [PSYoungGen: 71696K->1581K(72192K)] 395815K->325700K(802304K), 0.0015307 secs] [Times: user=0.01 sys=0.00, real=0.00 secs] 
706.775: [GC (Allocation Failure) [PSYoungGen: 71725K->1520K(72192K)] 395844K->325639K(802304K), 0.0014904 secs] [Times: user=0.01 sys=0.00, real=0.00 secs] 
706.898: [GC (Allocation Failure) [PSYoungGen: 71664K->1453K(72192K)] 395783K->325588K(802304K), 0.0015476 secs] [Times: user=0.00 sys=0.00, real=0.00 secs] 
707.523: [GC (Allocation Failure) [PSYoungGen: 71597K->1408K(72192K)] 395732K->325551K(802304K), 0.0019297 secs] [Times: user=0.01 sys=0.00, real=0.01 secs] 
707.834: [GC (Allocation Failure) [PSYoungGen: 71552K->1376K(72192K)] 395695K->325519K(802304K), 0.0031741 secs] [Times: user=0.01 sys=0.00, real=0.00 secs] 
708.426: [GC (Allocation Failure) [PSYoungGen: 71520K->1376K(72192K)] 395663K->325519K(802304K), 0.0026269 secs] [Times: user=0.01 sys=0.00, real=0.00 secs] 
709.016: [GC (Allocation Failure) [PSYoungGen: 71520K->1408K(72192K)] 395663K->325551K(802304K), 0.0019606 secs] [Times: user=0.01 sys=0.00, real=0.00 secs] 
709.503: [GC (Allocation Failure) [PSYoungGen: 71552K->1549K(72192K)] 395695K->325692K(802304K), 0.0015593 secs] [Times: user=0.01 sys=0.00, real=0.01 secs] 
709.627: [GC (Allocation Failure) [PSYoungGen: 71693K->1488K(72192K)] 395836K->325631K(802304K), 0.0015335 secs] [Times: user=0.01 sys=0.00, real=0.00 secs] 
709.750: [GC (Allocation Failure) [PSYoungGen: 71632K->1517K(72192K)] 395775K->325660K(802304K), 0.0015305 secs] [Times: user=0.01 sys=0.00, real=0.00 secs] 
709.962: [GC (Allocation Failure) [PSYoungGen: 71661K->1440K(72192K)] 395804K->325607K(802304K), 0.0016968 secs] [Times: user=0.01 sys=0.00, real=0.00 secs] 
710.253: [GC (Allocation Failure) [PSYoungGen: 71584K->1408K(72192K)] 395751K->325575K(802304K), 0.0018759 secs] [Times: user=0.01 sys=0.00, real=0.01 secs] 
710.545: [GC (Allocation Failure) [PSYoungGen: 71552K->1376K(72192K)] 395719K->325543K(802304K), 0.0019012 secs] [Times: user=0.01 sys=0.00, real=0.00 secs] 
710.836: [GC (Allocation Failure) [PSYoungGen: 71520K->1408K(72192K)] 395687K->325575K(802304K), 0.0024673 secs] [Times: user=0.01 sys=0.00, real=0.00 secs] 
711.312: [GC (Allocation Failure) [PSYoungGen: 71552K->1456K(72192K)] 395719K->325623K(802304K), 0.0023319 secs] [Times: user=0.00 sys=0.00, real=0.01 secs] 
711.460: [GC (Allocation Failure) [PSYoungGen: 71600K->1488K(72192K)] 395767K->325655K(802304K), 0.0015372 secs] [Times: user=0.01 sys=0.00, real=0.00 secs] 
711.584: [GC (Allocation Failure) [PSYoungGen: 71632K->1485K(72192K)] 395799K->325652K(802304K), 0.0015012 secs] [Times: user=0.00 sys=0.00, real=0.00 secs] 
711.707: [GC (Allocation Failure) [PSYoungGen: 71629K->1485K(72192K)] 395796K->325652K(802304K), 0.0015414 secs] [Times: user=0.00 sys=0.00, real=0.00 secs] 
711.939: [GC (Allocation Failure) [PSYoungGen: 71629K->1408K(71680K)] 395796K->325583K(801792K), 0.0019071 secs] [Times: user=0.01 sys=0.00, real=0.00 secs] 
712.403: [GC (Allocation Failure) [PSYoungGen: 71552K->1376K(71680K)] 395727K->325551K(801792K), 0.0020266 secs] [Times: user=0.00 sys=0.01, real=0.01 secs] 
712.989: [GC (Allocation Failure) [PSYoungGen: 71520K->1376K(71680K)] 395695K->325559K(801792K), 0.0038436 secs] [Times: user=0.02 sys=0.00, real=0.00 secs] 
713.545: [GC (Allocation Failure) [PSYoungGen: 71520K->1408K(71680K)] 395703K->325591K(801792K), 0.0027320 secs] [Times: user=0.01 sys=0.00, real=0.00 secs] 
714.047: [GC (Allocation Failure) [PSYoungGen: 71552K->1501K(71680K)] 395735K->325684K(801792K), 0.0024233 secs] [Times: user=0.01 sys=0.00, real=0.00 secs] 
714.215: [GC (Allocation Failure) [PSYoungGen: 71635K->1581K(72192K)] 395818K->325764K(802304K), 0.0015531 secs] [Times: user=0.00 sys=0.00, real=0.00 secs] 
714.341: [GC (Allocation Failure) [PSYoungGen: 71725K->400K(70656K)] 395908K->325607K(800768K), 0.0015689 secs] [Times: user=0.01 sys=0.00, real=0.00 secs] 
714.466: [GC (Allocation Failure) [PSYoungGen: 70544K->448K(72192K)] 395751K->325671K(802304K), 0.0015834 secs] [Times: user=0.01 sys=0.00, real=0.00 secs] 
715.289: [GC (Allocation Failure) [PSYoungGen: 70592K->1408K(71680K)] 395815K->326631K(801792K), 0.0050411 secs] [Times: user=0.02 sys=0.00, real=0.01 secs] 
716.200: [GC (Allocation Failure) [PSYoungGen: 71552K->1408K(71680K)] 396775K->326631K(801792K), 0.0043912 secs] [Times: user=0.01 sys=0.00, real=0.01 secs] 
716.781: [GC (Allocation Failure) [PSYoungGen: 71552K->1376K(71680K)] 396775K->326599K(801792K), 0.0024234 secs] [Times: user=0.01 sys=0.00, real=0.00 secs] 
717.391: [GC (Allocation Failure) [PSYoungGen: 71520K->1408K(72192K)] 396743K->326631K(802304K), 0.0026391 secs] [Times: user=0.01 sys=0.00, real=0.00 secs] 
717.760: [GC (Allocation Failure) [PSYoungGen: 71552K->1488K(72192K)] 396775K->326711K(802304K), 0.0019696 secs] [Times: user=0.01 sys=0.00, real=0.00 secs] 
717.887: [GC (Allocation Failure) [PSYoungGen: 71632K->1533K(72192K)] 396855K->326756K(802304K), 0.0015058 secs] [Times: user=0.01 sys=0.00, real=0.00 secs] 
718.010: [GC (Allocation Failure) [PSYoungGen: 71677K->1456K(72192K)] 396900K->326679K(802304K), 0.0015847 secs] [Times: user=0.01 sys=0.00, real=0.00 secs] 
718.238: [GC (Allocation Failure) [PSYoungGen: 71600K->1728K(72192K)] 396823K->326951K(802304K), 0.0019908 secs] [Times: user=0.01 sys=0.00, real=0.00 secs] 
718.587: [GC (Allocation Failure) [PSYoungGen: 71872K->1408K(72192K)] 397095K->326631K(802304K), 0.0019402 secs] [Times: user=0.01 sys=0.00, real=0.00 secs] 
718.878: [GC (Allocation Failure) [PSYoungGen: 71552K->1360K(72192K)] 396775K->326607K(802304K), 0.0040602 secs] [Times: user=0.01 sys=0.00, real=0.00 secs] 
719.328: [GC (Allocation Failure) [PSYoungGen: 71504K->1376K(72192K)] 396751K->326623K(802304K), 0.0022247 secs] [Times: user=0.01 sys=0.00, real=0.00 secs] 
720.229: [GC (Allocation Failure) [PSYoungGen: 71520K->1376K(72192K)] 396767K->326623K(802304K), 0.0025683 secs] [Times: user=0.01 sys=0.00, real=0.00 secs] 
720.457: [GC (Allocation Failure) [PSYoungGen: 71520K->1488K(72192K)] 396767K->326735K(802304K), 0.0020636 secs] [Times: user=0.01 sys=0.00, real=0.00 secs] 
720.590: [GC (Allocation Failure) [PSYoungGen: 71632K->1581K(72192K)] 396879K->326828K(802304K), 0.0015593 secs] [Times: user=0.00 sys=0.00, real=0.00 secs] 
720.713: [GC (Allocation Failure) [PSYoungGen: 71725K->1453K(72192K)] 396972K->326700K(802304K), 0.0015034 secs] [Times: user=0.01 sys=0.00, real=0.01 secs] 
721.034: [GC (Allocation Failure) [PSYoungGen: 71597K->1440K(72192K)] 396844K->326711K(802304K), 0.0022703 secs] [Times: user=0.01 sys=0.00, real=0.00 secs] 
721.364: [GC (Allocation Failure) [PSYoungGen: 71584K->1408K(72192K)] 396855K->326679K(802304K), 0.0020952 secs] [Times: user=0.01 sys=0.00, real=0.01 secs] 
721.902: [GC (Allocation Failure) [PSYoungGen: 71552K->1408K(72192K)] 396823K->326679K(802304K), 0.0020323 secs] [Times: user=0.00 sys=0.00, real=0.01 secs] 
722.892: [GC (Allocation Failure) [PSYoungGen: 71552K->1376K(72192K)] 396823K->326647K(802304K), 0.0028247 secs] [Times: user=0.01 sys=0.00, real=0.01 secs] 
723.538: [GC (Allocation Failure) [PSYoungGen: 71520K->1485K(72192K)] 396791K->326756K(802304K), 0.0024792 secs] [Times: user=0.01 sys=0.00, real=0.00 secs] 
723.709: [GC (Allocation Failure) [PSYoungGen: 71608K->1453K(72192K)] 396879K->326724K(802304K), 0.0014584 secs] [Times: user=0.00 sys=0.00, real=0.00 secs] 
723.832: [GC (Allocation Failure) [PSYoungGen: 71597K->1453K(72192K)] 396868K->326724K(802304K), 0.0015118 secs] [Times: user=0.00 sys=0.00, real=0.00 secs] 
723.955: [GC (Allocation Failure) [PSYoungGen: 71597K->1488K(72192K)] 396868K->326775K(802304K), 0.0016627 secs] [Times: user=0.01 sys=0.00, real=0.00 secs] 
724.468: [GC (Allocation Failure) [PSYoungGen: 71632K->1440K(72192K)] 396919K->326727K(802304K), 0.0020855 secs] [Times: user=0.01 sys=0.00, real=0.00 secs] 
724.760: [GC (Allocation Failure) [PSYoungGen: 71584K->1312K(72192K)] 396871K->326599K(802304K), 0.0019629 secs] [Times: user=0.01 sys=0.00, real=0.00 secs] 
725.080: [GC (Allocation Failure) [PSYoungGen: 71456K->1392K(72192K)] 396743K->326679K(802304K), 0.0020676 secs] [Times: user=0.01 sys=0.00, real=0.00 secs] 
725.811: [GC (Allocation Failure) [PSYoungGen: 71536K->1408K(72192K)] 396823K->326695K(802304K), 0.0022097 secs] [Times: user=0.01 sys=0.00, real=0.00 secs] 
726.248: [GC (Allocation Failure) [PSYoungGen: 71552K->1488K(72192K)] 396839K->326775K(802304K), 0.0022217 secs] [Times: user=0.01 sys=0.00, real=0.00 secs] 
726.397: [GC (Allocation Failure) [PSYoungGen: 71632K->1552K(72192K)] 396919K->326839K(802304K), 0.0015245 secs] [Times: user=0.00 sys=0.00, real=0.00 secs] 
726.520: [GC (Allocation Failure) [PSYoungGen: 71696K->1501K(72192K)] 396983K->326788K(802304K), 0.0015256 secs] [Times: user=0.01 sys=0.00, real=0.00 secs] 
726.643: [GC (Allocation Failure) [PSYoungGen: 71645K->1517K(72192K)] 396932K->326812K(802304K), 0.0014993 secs] [Times: user=0.00 sys=0.00, real=0.01 secs] 
727.284: [GC (Allocation Failure) [PSYoungGen: 71661K->1408K(72192K)] 396956K->326703K(802304K), 0.0020980 secs] [Times: user=0.01 sys=0.00, real=0.00 secs] 
727.576: [GC (Allocation Failure) [PSYoungGen: 71552K->1408K(72192K)] 396847K->326703K(802304K), 0.0020587 secs] [Times: user=0.01 sys=0.00, real=0.00 secs] 
728.395: [GC (Allocation Failure) [PSYoungGen: 71552K->1376K(72192K)] 396847K->326695K(802304K), 0.0024261 secs] [Times: user=0.01 sys=0.00, real=0.00 secs] 
729.157: [GC (Allocation Failure) [PSYoungGen: 71520K->1344K(72192K)] 396839K->326663K(802304K), 0.0028411 secs] [Times: user=0.02 sys=0.00, real=0.00 secs] 
729.409: [GC (Allocation Failure) [PSYoungGen: 71488K->1488K(72192K)] 396807K->326815K(802304K), 0.0021375 secs] [Times: user=0.01 sys=0.00, real=0.00 secs] 
729.534: [GC (Allocation Failure) [PSYoungGen: 71632K->1424K(72192K)] 396959K->326751K(802304K), 0.0014974 secs] [Times: user=0.01 sys=0.00, real=0.00 secs] 
729.657: [GC (Allocation Failure) [PSYoungGen: 71568K->1456K(72192K)] 396895K->326783K(802304K), 0.0015420 secs] [Times: user=0.00 sys=0.00, real=0.00 secs] 
730.340: [GC (Allocation Failure) [PSYoungGen: 71600K->1472K(72192K)] 396927K->326799K(802304K), 0.0026094 secs] [Times: user=0.01 sys=0.00, real=0.00 secs] 
731.170: [GC (Allocation Failure) [PSYoungGen: 71616K->1408K(72192K)] 396943K->326735K(802304K), 0.0028972 secs] [Times: user=0.01 sys=0.00, real=0.00 secs] 
731.780: [GC (Allocation Failure) [PSYoungGen: 71552K->1408K(72192K)] 396879K->326735K(802304K), 0.0019979 secs] [Times: user=0.01 sys=0.00, real=0.00 secs] 
732.201: [GC (Allocation Failure) [PSYoungGen: 71552K->1440K(72192K)] 396879K->326767K(802304K), 0.0020998 secs] [Times: user=0.01 sys=0.00, real=0.00 secs] 
732.864: [GC (Allocation Failure) [PSYoungGen: 71584K->1437K(72192K)] 396911K->326764K(802304K), 0.0022624 secs] [Times: user=0.01 sys=0.00, real=0.00 secs] 
733.015: [GC (Allocation Failure) [PSYoungGen: 71581K->1485K(72192K)] 396908K->326812K(802304K), 0.0015467 secs] [Times: user=0.00 sys=0.00, real=0.00 secs] 
733.138: [GC (Allocation Failure) [PSYoungGen: 71629K->1552K(72192K)] 396956K->326879K(802304K), 0.0015680 secs] [Times: user=0.00 sys=0.00, real=0.00 secs] 
733.262: [GC (Allocation Failure) [PSYoungGen: 71696K->1488K(72192K)] 397023K->326815K(802304K), 0.0015031 secs] [Times: user=0.01 sys=0.00, real=0.00 secs] 
734.065: [GC (Allocation Failure) [PSYoungGen: 71632K->1440K(72192K)] 396959K->326775K(802304K), 0.0027529 secs] [Times: user=0.01 sys=0.00, real=0.00 secs] 
734.882: [GC (Allocation Failure) [PSYoungGen: 71584K->1408K(72192K)] 396919K->326743K(802304K), 0.0031288 secs] [Times: user=0.01 sys=0.00, real=0.01 secs] 
735.654: [GC (Allocation Failure) [PSYoungGen: 71552K->1344K(72192K)] 396887K->326679K(802304K), 0.0026207 secs] [Times: user=0.01 sys=0.00, real=0.00 secs] 
736.285: [GC (Allocation Failure) [PSYoungGen: 71488K->1408K(72192K)] 396823K->326751K(802304K), 0.0026699 secs] [Times: user=0.01 sys=0.00, real=0.00 secs] 
736.852: [GC (Allocation Failure) [PSYoungGen: 71552K->1488K(72192K)] 396895K->326831K(802304K), 0.0021319 secs] [Times: user=0.01 sys=0.00, real=0.01 secs] 
736.993: [GC (Allocation Failure) [PSYoungGen: 71629K->1549K(72192K)] 396972K->326892K(802304K), 0.0015339 secs] [Times: user=0.01 sys=0.00, real=0.01 secs] 
737.117: [GC (Allocation Failure) [PSYoungGen: 71693K->1488K(72192K)] 397036K->326831K(802304K), 0.0014903 secs] [Times: user=0.00 sys=0.00, real=0.00 secs] 
737.260: [GC (Allocation Failure) [PSYoungGen: 71632K->1488K(72192K)] 396975K->326839K(802304K), 0.0018657 secs] [Times: user=0.01 sys=0.00, real=0.00 secs] 
737.837: [GC (Allocation Failure) [PSYoungGen: 71632K->1408K(72192K)] 396983K->326759K(802304K), 0.0023201 secs] [Times: user=0.01 sys=0.00, real=0.00 secs] 
738.509: [GC (Allocation Failure) [PSYoungGen: 71552K->1376K(72192K)] 396903K->326727K(802304K), 0.0031102 secs] [Times: user=0.02 sys=0.00, real=0.00 secs] 
738.945: [GC (Allocation Failure) [PSYoungGen: 71520K->1408K(72192K)] 396871K->326759K(802304K), 0.0018893 secs] [Times: user=0.01 sys=0.00, real=0.00 secs] 
739.241: [GC (Allocation Failure) [PSYoungGen: 71552K->1376K(72192K)] 396903K->326751K(802304K), 0.0026067 secs] [Times: user=0.02 sys=0.00, real=0.00 secs] 
739.446: [GC (Allocation Failure) [PSYoungGen: 71520K->1453K(72192K)] 396895K->326828K(802304K), 0.0014936 secs] [Times: user=0.00 sys=0.00, real=0.00 secs] 
739.569: [GC (Allocation Failure) [PSYoungGen: 71597K->1517K(72192K)] 396972K->326892K(802304K), 0.0014772 secs] [Times: user=0.01 sys=0.00, real=0.00 secs] 
739.691: [GC (Allocation Failure) [PSYoungGen: 71661K->1485K(72192K)] 397036K->326860K(802304K), 0.0015621 secs] [Times: user=0.01 sys=0.00, real=0.00 secs] 
740.198: [GC (Allocation Failure) [PSYoungGen: 71629K->1472K(72192K)] 397004K->326847K(802304K), 0.0029822 secs] [Times: user=0.01 sys=0.00, real=0.00 secs] 
741.445: [GC (Allocation Failure) [PSYoungGen: 71616K->1376K(72192K)] 396991K->326751K(802304K), 0.0026763 secs] [Times: user=0.01 sys=0.00, real=0.00 secs] 
742.242: [GC (Allocation Failure) [PSYoungGen: 71520K->1376K(72192K)] 396895K->326751K(802304K), 0.0045082 secs] [Times: user=0.02 sys=0.00, real=0.01 secs] 
742.911: [GC (Allocation Failure) [PSYoungGen: 71520K->1408K(72192K)] 396895K->326783K(802304K), 0.0026848 secs] [Times: user=0.01 sys=0.00, real=0.00 secs] 
743.762: [GC (Allocation Failure) [PSYoungGen: 71552K->1437K(72192K)] 396927K->326812K(802304K), 0.0024578 secs] [Times: user=0.01 sys=0.00, real=0.01 secs] 
743.932: [GC (Allocation Failure) [PSYoungGen: 71581K->1456K(72192K)] 396956K->326831K(802304K), 0.0014873 secs] [Times: user=0.01 sys=0.00, real=0.00 secs] 
744.075: [GC (Allocation Failure) [PSYoungGen: 71600K->1488K(72192K)] 396975K->326863K(802304K), 0.0019460 secs] [Times: user=0.01 sys=0.00, real=0.00 secs] 
744.235: [GC (Allocation Failure) [PSYoungGen: 71632K->1581K(72192K)] 397007K->326956K(802304K), 0.0015134 secs] [Times: user=0.00 sys=0.00, real=0.00 secs] 
744.781: [GC (Allocation Failure) [PSYoungGen: 71725K->1408K(72192K)] 397100K->326807K(802304K), 0.0028157 secs] [Times: user=0.01 sys=0.00, real=0.00 secs] 
745.522: [GC (Allocation Failure) [PSYoungGen: 71552K->1376K(72192K)] 396951K->326775K(802304K), 0.0031243 secs] [Times: user=0.02 sys=0.00, real=0.01 secs] 
746.243: [GC (Allocation Failure) [PSYoungGen: 71520K->1360K(72192K)] 396919K->326759K(802304K), 0.0024197 secs] [Times: user=0.01 sys=0.00, real=0.01 secs] 
746.588: [GC (Allocation Failure) [PSYoungGen: 71504K->1456K(72192K)] 396903K->326855K(802304K), 0.0019562 secs] [Times: user=0.01 sys=0.00, real=0.00 secs] 
746.684: [GC (Allocation Failure) [PSYoungGen: 71600K->1501K(72192K)] 396999K->326900K(802304K), 0.0014942 secs] [Times: user=0.01 sys=0.00, real=0.00 secs] 
746.781: [GC (Allocation Failure) [PSYoungGen: 71645K->1501K(72192K)] 397044K->326900K(802304K), 0.0020169 secs] [Times: user=0.01 sys=0.00, real=0.00 secs] 
746.924: [GC (Allocation Failure) [PSYoungGen: 71645K->1936K(72192K)] 397044K->327335K(802304K), 0.0019465 secs] [Times: user=0.00 sys=0.00, real=0.00 secs] 
747.603: [GC (Allocation Failure) [PSYoungGen: 72080K->1408K(71680K)] 397479K->326815K(801792K), 0.0021538 secs] [Times: user=0.01 sys=0.00, real=0.01 secs] 
748.521: [GC (Allocation Failure) [PSYoungGen: 71552K->1376K(71680K)] 396959K->326783K(801792K), 0.0022982 secs] [Times: user=0.01 sys=0.00, real=0.00 secs] 
749.119: [GC (Allocation Failure) [PSYoungGen: 71520K->1344K(71680K)] 396927K->326751K(801792K), 0.0024124 secs] [Times: user=0.01 sys=0.00, real=0.00 secs] 
749.922: [GC (Allocation Failure) [PSYoungGen: 71488K->1501K(71680K)] 396895K->326924K(801792K), 0.0029089 secs] [Times: user=0.01 sys=0.00, real=0.01 secs] 
750.102: [GC (Allocation Failure) [PSYoungGen: 71645K->1456K(71680K)] 397068K->326879K(801792K), 0.0015329 secs] [Times: user=0.00 sys=0.00, real=0.01 secs] 
750.226: [GC (Allocation Failure) [PSYoungGen: 71600K->1485K(71680K)] 397023K->326908K(801792K), 0.0016167 secs] [Times: user=0.00 sys=0.00, real=0.00 secs] 
750.349: [GC (Allocation Failure) [PSYoungGen: 71629K->1488K(71680K)] 397052K->326911K(801792K), 0.0015454 secs] [Times: user=0.00 sys=0.00, real=0.00 secs] 
750.696: [GC (Allocation Failure) [PSYoungGen: 71632K->1456K(71680K)] 397055K->326879K(801792K), 0.0018484 secs] [Times: user=0.00 sys=0.00, real=0.00 secs] 
751.293: [GC (Allocation Failure) [PSYoungGen: 71600K->1376K(71680K)] 397023K->326799K(801792K), 0.0024589 secs] [Times: user=0.01 sys=0.00, real=0.01 secs] 
751.965: [GC (Allocation Failure) [PSYoungGen: 71520K->1344K(71680K)] 396943K->326767K(801792K), 0.0028535 secs] [Times: user=0.01 sys=0.00, real=0.00 secs] 
752.328: [GC (Allocation Failure) [PSYoungGen: 71488K->1376K(71680K)] 396911K->326799K(801792K), 0.0020384 secs] [Times: user=0.01 sys=0.00, real=0.00 secs] 
752.584: [GC (Allocation Failure) [PSYoungGen: 71520K->1456K(71680K)] 396943K->326879K(801792K), 0.0015449 secs] [Times: user=0.01 sys=0.00, real=0.00 secs] 
752.708: [GC (Allocation Failure) [PSYoungGen: 71574K->1520K(71680K)] 396997K->326967K(801792K), 0.0014629 secs] [Times: user=0.01 sys=0.00, real=0.00 secs] 
752.832: [GC (Allocation Failure) [PSYoungGen: 71664K->1424K(72192K)] 397111K->326887K(802304K), 0.0015057 secs] [Times: user=0.01 sys=0.00, real=0.01 secs] 
752.955: [GC (Allocation Failure) [PSYoungGen: 71568K->1488K(72192K)] 397031K->326951K(802304K), 0.0015078 secs] [Times: user=0.00 sys=0.00, real=0.00 secs] 
754.432: [GC (Allocation Failure) [PSYoungGen: 71632K->1408K(72192K)] 397095K->326871K(802304K), 0.0032026 secs] [Times: user=0.01 sys=0.00, real=0.01 secs] 
755.414: [GC (Allocation Failure) [PSYoungGen: 71552K->1392K(72192K)] 397015K->326855K(802304K), 0.0030908 secs] [Times: user=0.01 sys=0.00, real=0.00 secs] 
755.983: [GC (Allocation Failure) [PSYoungGen: 71536K->1360K(72192K)] 396999K->326823K(802304K), 0.0018262 secs] [Times: user=0.01 sys=0.00, real=0.01 secs] 
756.304: [GC (Allocation Failure) [PSYoungGen: 71504K->1344K(72192K)] 396967K->326807K(802304K), 0.0020689 secs] [Times: user=0.01 sys=0.00, real=0.00 secs] 
756.598: [GC (Allocation Failure) [PSYoungGen: 71488K->1421K(72192K)] 396951K->326884K(802304K), 0.0014640 secs] [Times: user=0.01 sys=0.00, real=0.00 secs] 
756.722: [GC (Allocation Failure) [PSYoungGen: 71565K->1501K(72192K)] 397028K->326964K(802304K), 0.0015024 secs] [Times: user=0.00 sys=0.00, real=0.00 secs] 
756.847: [GC (Allocation Failure) [PSYoungGen: 71645K->1517K(72192K)] 397108K->326980K(802304K), 0.0016102 secs] [Times: user=0.01 sys=0.00, real=0.00 secs] 
756.972: [GC (Allocation Failure) [PSYoungGen: 71661K->160K(72192K)] 397124K->325639K(802304K), 0.0016589 secs] [Times: user=0.00 sys=0.00, real=0.01 secs] 
757.616: [GC (Allocation Failure) [PSYoungGen: 70304K->1408K(72192K)] 395783K->326887K(802304K), 0.0018671 secs] [Times: user=0.01 sys=0.00, real=0.00 secs] 
758.247: [GC (Allocation Failure) [PSYoungGen: 71552K->1408K(72192K)] 397031K->326887K(802304K), 0.0021684 secs] [Times: user=0.01 sys=0.00, real=0.00 secs] 
758.819: [GC (Allocation Failure) [PSYoungGen: 71552K->1376K(72192K)] 397031K->326855K(802304K), 0.0020607 secs] [Times: user=0.01 sys=0.00, real=0.00 secs] 
759.299: [GC (Allocation Failure) [PSYoungGen: 71520K->1408K(72192K)] 396999K->326903K(802304K), 0.0021604 secs] [Times: user=0.01 sys=0.00, real=0.00 secs] 
759.716: [GC (Allocation Failure) [PSYoungGen: 71552K->1520K(72192K)] 397047K->327015K(802304K), 0.0019727 secs] [Times: user=0.01 sys=0.00, real=0.00 secs] 
759.844: [GC (Allocation Failure) [PSYoungGen: 71664K->1485K(72192K)] 397159K->326980K(802304K), 0.0014854 secs] [Times: user=0.00 sys=0.00, real=0.00 secs] 
759.986: [GC (Allocation Failure) [PSYoungGen: 71629K->1488K(72192K)] 397124K->326983K(802304K), 0.0019597 secs] [Times: user=0.00 sys=0.00, real=0.00 secs] 
760.681: [GC (Allocation Failure) [PSYoungGen: 71632K->1504K(72192K)] 397127K->327007K(802304K), 0.0036087 secs] [Times: user=0.02 sys=0.00, real=0.01 secs] 
761.982: [GC (Allocation Failure) [PSYoungGen: 71648K->1376K(72192K)] 397151K->326879K(802304K), 0.0032573 secs] [Times: user=0.01 sys=0.00, real=0.01 secs] 
762.810: [GC (Allocation Failure) [PSYoungGen: 71520K->1440K(72192K)] 397023K->326943K(802304K), 0.0031262 secs] [Times: user=0.01 sys=0.01, real=0.00 secs] 
763.824: [GC (Allocation Failure) [PSYoungGen: 71584K->1440K(72192K)] 397087K->326943K(802304K), 0.0032228 secs] [Times: user=0.01 sys=0.00, real=0.00 secs] 
764.752: [GC (Allocation Failure) [PSYoungGen: 71584K->1469K(72192K)] 397087K->326972K(802304K), 0.0026275 secs] [Times: user=0.01 sys=0.00, real=0.01 secs] 
764.926: [GC (Allocation Failure) [PSYoungGen: 71613K->1520K(72192K)] 397116K->327023K(802304K), 0.0015040 secs] [Times: user=0.00 sys=0.00, real=0.00 secs] 
765.050: [GC (Allocation Failure) [PSYoungGen: 71664K->1517K(72192K)] 397167K->327020K(802304K), 0.0014723 secs] [Times: user=0.01 sys=0.00, real=0.00 secs] 
765.173: [GC (Allocation Failure) [PSYoungGen: 71661K->1472K(72192K)] 397164K->326975K(802304K), 0.0016108 secs] [Times: user=0.00 sys=0.00, real=0.01 secs] 
765.820: [GC (Allocation Failure) [PSYoungGen: 71616K->1424K(72192K)] 397119K->326927K(802304K), 0.0022521 secs] [Times: user=0.01 sys=0.00, real=0.00 secs] 
766.705: [GC (Allocation Failure) [PSYoungGen: 71568K->1392K(72192K)] 397071K->326895K(802304K), 0.0021685 secs] [Times: user=0.01 sys=0.00, real=0.00 secs] 
767.616: [GC (Allocation Failure) [PSYoungGen: 71536K->1392K(72192K)] 397039K->326895K(802304K), 0.0024337 secs] [Times: user=0.01 sys=0.00, real=0.00 secs] 
768.449: [GC (Allocation Failure) [PSYoungGen: 71536K->1392K(72192K)] 397039K->326895K(802304K), 0.0028282 secs] [Times: user=0.01 sys=0.00, real=0.00 secs] 
769.041: [GC (Allocation Failure) [PSYoungGen: 71536K->1485K(72192K)] 397039K->326988K(802304K), 0.0020488 secs] [Times: user=0.01 sys=0.00, real=0.00 secs] 
769.186: [GC (Allocation Failure) [PSYoungGen: 71629K->1581K(72192K)] 397132K->327084K(802304K), 0.0015188 secs] [Times: user=0.00 sys=0.00, real=0.00 secs] 
769.309: [GC (Allocation Failure) [PSYoungGen: 71725K->1533K(72192K)] 397228K->327036K(802304K), 0.0015171 secs] [Times: user=0.01 sys=0.00, real=0.00 secs] 
769.432: [GC (Allocation Failure) [PSYoungGen: 71677K->1552K(72192K)] 397180K->327071K(802304K), 0.0015388 secs] [Times: user=0.01 sys=0.00, real=0.00 secs] 
769.981: [GC (Allocation Failure) [PSYoungGen: 71696K->1392K(72192K)] 397215K->326911K(802304K), 0.0020305 secs] [Times: user=0.01 sys=0.00, real=0.00 secs] 
770.366: [GC (Allocation Failure) [PSYoungGen: 71536K->1360K(72192K)] 397055K->326895K(802304K), 0.0018198 secs] [Times: user=0.01 sys=0.00, real=0.00 secs] 
770.944: [GC (Allocation Failure) [PSYoungGen: 71504K->1440K(72192K)] 397039K->326975K(802304K), 0.0018189 secs] [Times: user=0.01 sys=0.00, real=0.00 secs] 
771.553: [GC (Allocation Failure) [PSYoungGen: 71584K->1408K(72192K)] 397119K->326943K(802304K), 0.0018471 secs] [Times: user=0.00 sys=0.00, real=0.01 secs] 
771.775: [GC (Allocation Failure) [PSYoungGen: 71552K->1456K(72192K)] 397087K->326991K(802304K), 0.0016192 secs] [Times: user=0.01 sys=0.00, real=0.00 secs] 
771.899: [GC (Allocation Failure) [PSYoungGen: 71600K->1517K(72192K)] 397135K->327052K(802304K), 0.0014611 secs] [Times: user=0.00 sys=0.00, real=0.00 secs] 
772.042: [GC (Allocation Failure) [PSYoungGen: 71661K->1485K(72192K)] 397196K->327020K(802304K), 0.0019260 secs] [Times: user=0.01 sys=0.00, real=0.01 secs] 
772.307: [GC (Allocation Failure) [PSYoungGen: 71629K->1952K(72192K)] 397164K->327511K(802304K), 0.0020262 secs] [Times: user=0.01 sys=0.00, real=0.00 secs] 
772.999: [GC (Allocation Failure) [PSYoungGen: 72096K->1408K(72192K)] 397655K->326967K(802304K), 0.0024849 secs] [Times: user=0.02 sys=0.00, real=0.00 secs] 
773.667: [GC (Allocation Failure) [PSYoungGen: 71552K->1408K(72192K)] 397111K->326967K(802304K), 0.0025078 secs] [Times: user=0.01 sys=0.01, real=0.00 secs] 
774.115: [GC (Allocation Failure) [PSYoungGen: 71552K->1408K(72192K)] 397111K->326967K(802304K), 0.0020843 secs] [Times: user=0.01 sys=0.00, real=0.00 secs] 
774.447: [GC (Allocation Failure) [PSYoungGen: 71543K->1456K(72192K)] 397102K->327015K(802304K), 0.0018905 secs] [Times: user=0.01 sys=0.00, real=0.00 secs] 
774.574: [GC (Allocation Failure) [PSYoungGen: 71600K->1517K(72192K)] 397159K->327076K(802304K), 0.0015701 secs] [Times: user=0.00 sys=0.00, real=0.00 secs] 
774.725: [GC (Allocation Failure) [PSYoungGen: 71661K->1520K(72192K)] 397220K->327079K(802304K), 0.0020554 secs] [Times: user=0.01 sys=0.00, real=0.00 secs] 
774.894: [GC (Allocation Failure) [PSYoungGen: 71664K->1517K(72192K)] 397223K->327076K(802304K), 0.0015345 secs] [Times: user=0.01 sys=0.00, real=0.00 secs] 
775.126: [GC (Allocation Failure) [PSYoungGen: 71661K->1456K(72192K)] 397220K->327015K(802304K), 0.0021541 secs] [Times: user=0.01 sys=0.00, real=0.00 secs] 
775.437: [GC (Allocation Failure) [PSYoungGen: 71600K->1376K(72192K)] 397159K->326935K(802304K), 0.0020490 secs] [Times: user=0.01 sys=0.00, real=0.00 secs] 
775.729: [GC (Allocation Failure) [PSYoungGen: 71520K->1376K(72192K)] 397079K->326935K(802304K), 0.0018766 secs] [Times: user=0.00 sys=0.00, real=0.00 secs] 
776.073: [GC (Allocation Failure) [PSYoungGen: 71520K->1408K(72192K)] 397079K->326967K(802304K), 0.0019935 secs] [Times: user=0.01 sys=0.00, real=0.01 secs] 
776.416: [GC (Allocation Failure) [PSYoungGen: 71552K->1520K(72192K)] 397111K->327079K(802304K), 0.0019929 secs] [Times: user=0.00 sys=0.00, real=0.00 secs] 
776.550: [GC (Allocation Failure) [PSYoungGen: 71648K->1485K(72192K)] 397208K->327044K(802304K), 0.0015545 secs] [Times: user=0.01 sys=0.00, real=0.00 secs] 
776.691: [GC (Allocation Failure) [PSYoungGen: 71629K->1552K(72192K)] 397188K->327111K(802304K), 0.0018773 secs] [Times: user=0.01 sys=0.00, real=0.00 secs] 
776.859: [GC (Allocation Failure) [PSYoungGen: 71696K->1488K(72192K)] 397255K->327055K(802304K), 0.0022180 secs] [Times: user=0.00 sys=0.00, real=0.00 secs] 
777.472: [GC (Allocation Failure) [PSYoungGen: 71632K->1408K(72192K)] 397199K->326999K(802304K), 0.0029989 secs] [Times: user=0.01 sys=0.00, real=0.01 secs] 
778.095: [GC (Allocation Failure) [PSYoungGen: 71552K->1376K(72192K)] 397143K->326967K(802304K), 0.0054460 secs] [Times: user=0.03 sys=0.00, real=0.00 secs] 
778.684: [GC (Allocation Failure) [PSYoungGen: 71520K->1376K(72192K)] 397111K->326967K(802304K), 0.0027599 secs] [Times: user=0.01 sys=0.00, real=0.01 secs] 
779.037: [GC (Allocation Failure) [PSYoungGen: 71520K->1408K(72192K)] 397111K->326999K(802304K), 0.0019988 secs] [Times: user=0.00 sys=0.00, real=0.00 secs] 
779.278: [GC (Allocation Failure) [PSYoungGen: 71552K->1517K(72192K)] 397143K->327108K(802304K), 0.0015115 secs] [Times: user=0.00 sys=0.00, real=0.00 secs] 
779.402: [GC (Allocation Failure) [PSYoungGen: 71661K->1456K(72192K)] 397252K->327047K(802304K), 0.0016201 secs] [Times: user=0.01 sys=0.00, real=0.00 secs] 
779.545: [GC (Allocation Failure) [PSYoungGen: 71600K->1488K(72192K)] 397191K->327079K(802304K), 0.0018794 secs] [Times: user=0.01 sys=0.00, real=0.00 secs] 
779.712: [GC (Allocation Failure) [PSYoungGen: 71202K->224K(72192K)] 396793K->325815K(802304K), 0.0020093 secs] [Times: user=0.01 sys=0.00, real=0.01 secs] 
780.601: [GC (Allocation Failure) [PSYoungGen: 70368K->1344K(72192K)] 395959K->326935K(802304K), 0.0027880 secs] [Times: user=0.01 sys=0.00, real=0.01 secs] 
781.162: [GC (Allocation Failure) [PSYoungGen: 71488K->1376K(72192K)] 397079K->326967K(802304K), 0.0032217 secs] [Times: user=0.01 sys=0.00, real=0.01 secs] 
781.714: [GC (Allocation Failure) [PSYoungGen: 71520K->1376K(72192K)] 397111K->326967K(802304K), 0.0027176 secs] [Times: user=0.01 sys=0.00, real=0.00 secs] 
782.018: [GC (Allocation Failure) [PSYoungGen: 71188K->208K(72192K)] 396779K->325799K(802304K), 0.0019064 secs] [Times: user=0.01 sys=0.00, real=0.00 secs] 
782.163: [GC (Allocation Failure) [PSYoungGen: 70352K->1453K(72192K)] 395943K->327044K(802304K), 0.0015042 secs] [Times: user=0.00 sys=0.00, real=0.01 secs] 
782.286: [GC (Allocation Failure) [PSYoungGen: 71597K->1485K(72192K)] 397188K->327076K(802304K), 0.0015213 secs] [Times: user=0.01 sys=0.00, real=0.00 secs] 
782.409: [GC (Allocation Failure) [PSYoungGen: 71629K->1517K(72192K)] 397220K->327108K(802304K), 0.0062322 secs] [Times: user=0.03 sys=0.00, real=0.01 secs] 
782.604: [GC (Allocation Failure) [PSYoungGen: 71661K->1456K(79360K)] 397252K->327055K(809472K), 0.0020474 secs] [Times: user=0.01 sys=0.00, real=0.00 secs] 
782.927: [GC (Allocation Failure) [PSYoungGen: 79280K->1440K(79872K)] 404879K->327039K(809984K), 0.0020492 secs] [Times: user=0.01 sys=0.00, real=0.00 secs] 
783.251: [GC (Allocation Failure) [PSYoungGen: 79264K->1344K(86528K)] 404863K->326943K(816640K), 0.0018211 secs] [Times: user=0.01 sys=0.01, real=0.00 secs] 
783.604: [GC (Allocation Failure) [PSYoungGen: 86336K->1408K(87040K)] 411935K->327007K(817152K), 0.0018363 secs] [Times: user=0.01 sys=0.01, real=0.00 secs] 
783.834: [GC (Allocation Failure) [PSYoungGen: 86400K->1533K(86016K)] 411999K->327132K(816128K), 0.0019172 secs] [Times: user=0.00 sys=0.00, real=0.00 secs] 
783.984: [GC (Allocation Failure) [PSYoungGen: 86013K->1533K(93696K)] 411612K->327132K(823808K), 0.0018359 secs] [Times: user=0.01 sys=0.00, real=0.00 secs] 
784.146: [GC (Allocation Failure) [PSYoungGen: 93181K->1552K(93696K)] 418780K->327151K(823808K), 0.0016141 secs] [Times: user=0.01 sys=0.00, real=0.00 secs] 
785.619: [GC (Allocation Failure) [PSYoungGen: 93200K->1440K(92672K)] 418799K->327039K(822784K), 0.0035150 secs] [Times: user=0.01 sys=0.00, real=0.00 secs] 
786.399: [GC (Allocation Failure) [PSYoungGen: 92576K->1360K(92160K)] 418175K->326959K(822272K), 0.0021297 secs] [Times: user=0.01 sys=0.00, real=0.00 secs] 
787.017: [GC (Allocation Failure) [PSYoungGen: 91984K->1376K(91648K)] 417583K->326975K(821760K), 0.0020576 secs] [Times: user=0.00 sys=0.00, real=0.00 secs] 
787.326: [GC (Allocation Failure) [PSYoungGen: 91488K->1517K(91136K)] 417087K->327116K(821248K), 0.0015037 secs] [Times: user=0.00 sys=0.00, real=0.00 secs] 
787.487: [GC (Allocation Failure) [PSYoungGen: 91117K->1456K(90624K)] 416716K->327055K(820736K), 0.0017035 secs] [Times: user=0.01 sys=0.00, real=0.00 secs] 
787.646: [GC (Allocation Failure) [PSYoungGen: 90544K->1501K(90112K)] 416143K->327100K(820224K), 0.0017370 secs] [Times: user=0.01 sys=0.00, real=0.00 secs] 
789.194: [GC (Allocation Failure) [PSYoungGen: 90077K->1488K(89600K)] 415676K->327095K(819712K), 0.0030090 secs] [Times: user=0.02 sys=0.00, real=0.00 secs] 
789.677: [GC (Allocation Failure) [PSYoungGen: 89552K->1408K(89088K)] 415159K->327015K(819200K), 0.0020551 secs] [Times: user=0.01 sys=0.00, real=0.00 secs] 
790.240: [GC (Allocation Failure) [PSYoungGen: 88960K->1408K(88576K)] 414567K->327039K(818688K), 0.0019821 secs] [Times: user=0.00 sys=0.00, real=0.00 secs] 
790.637: [GC (Allocation Failure) [PSYoungGen: 88448K->1520K(88064K)] 414079K->327151K(818176K), 0.0015570 secs] [Times: user=0.00 sys=0.00, real=0.00 secs] 
790.791: [GC (Allocation Failure) [PSYoungGen: 88048K->1488K(87552K)] 413679K->327119K(817664K), 0.0016820 secs] [Times: user=0.00 sys=0.00, real=0.00 secs] 
790.942: [GC (Allocation Failure) [PSYoungGen: 87504K->1424K(87040K)] 413135K->327055K(817152K), 0.0015968 secs] [Times: user=0.00 sys=0.00, real=0.01 secs] 
791.324: [GC (Allocation Failure) [PSYoungGen: 86928K->1472K(86528K)] 412559K->327111K(816640K), 0.0019536 secs] [Times: user=0.01 sys=0.00, real=0.00 secs] 
791.699: [GC (Allocation Failure) [PSYoungGen: 86464K->1376K(86016K)] 412103K->327015K(816128K), 0.0019880 secs] [Times: user=0.01 sys=0.01, real=0.00 secs] 
792.111: [GC (Allocation Failure) [PSYoungGen: 85856K->1408K(85504K)] 411495K->327047K(815616K), 0.0032795 secs] [Times: user=0.01 sys=0.00, real=0.01 secs] 
792.447: [GC (Allocation Failure) [PSYoungGen: 85376K->1488K(84992K)] 411015K->327127K(815104K), 0.0020240 secs] [Times: user=0.01 sys=0.00, real=0.00 secs] 
792.596: [GC (Allocation Failure) [PSYoungGen: 84944K->1552K(84992K)] 410583K->327191K(815104K), 0.0016967 secs] [Times: user=0.01 sys=0.00, real=0.00 secs] 
792.744: [GC (Allocation Failure) [PSYoungGen: 84496K->1520K(83968K)] 410135K->327159K(814080K), 0.0015278 secs] [Times: user=0.01 sys=0.00, real=0.00 secs] 
792.990: [GC (Allocation Failure) [PSYoungGen: 83952K->1472K(83456K)] 409591K->327111K(813568K), 0.0020178 secs] [Times: user=0.00 sys=0.00, real=0.00 secs] 
793.375: [GC (Allocation Failure) [PSYoungGen: 83392K->1376K(82944K)] 409031K->327015K(813056K), 0.0018069 secs] [Times: user=0.00 sys=0.00, real=0.00 secs] 
793.713: [GC (Allocation Failure) [PSYoungGen: 82784K->1376K(82432K)] 408423K->327015K(812544K), 0.0018190 secs] [Times: user=0.01 sys=0.00, real=0.01 secs] 
794.105: [GC (Allocation Failure) [PSYoungGen: 82272K->1408K(81920K)] 407911K->327055K(812032K), 0.0025781 secs] [Times: user=0.01 sys=0.00, real=0.00 secs] 
794.399: [GC (Allocation Failure) [PSYoungGen: 81791K->1520K(81408K)] 407438K->327167K(811520K), 0.0023172 secs] [Times: user=0.01 sys=0.00, real=0.00 secs] 
794.563: [GC (Allocation Failure) [PSYoungGen: 81392K->1488K(80896K)] 407039K->327135K(811008K), 0.0015571 secs] [Times: user=0.00 sys=0.00, real=0.01 secs] 
794.702: [GC (Allocation Failure) [PSYoungGen: 80848K->1517K(80384K)] 406495K->327164K(810496K), 0.0017697 secs] [Times: user=0.01 sys=0.00, real=0.01 secs] 
795.047: [GC (Allocation Failure) [PSYoungGen: 80365K->1456K(79872K)] 406012K->327111K(809984K), 0.0028978 secs] [Times: user=0.01 sys=0.00, real=0.00 secs] 
795.440: [GC (Allocation Failure) [PSYoungGen: 79792K->1376K(79360K)] 405447K->327031K(809472K), 0.0021782 secs] [Times: user=0.01 sys=0.00, real=0.00 secs] 
795.763: [GC (Allocation Failure) [PSYoungGen: 79200K->1376K(78848K)] 404855K->327039K(808960K), 0.0020475 secs] [Times: user=0.01 sys=0.00, real=0.01 secs] 
796.149: [GC (Allocation Failure) [PSYoungGen: 78688K->1408K(78336K)] 404351K->327071K(808448K), 0.0021082 secs] [Times: user=0.01 sys=0.00, real=0.00 secs] 
796.348: [GC (Allocation Failure) [PSYoungGen: 78208K->1485K(77824K)] 403871K->327148K(807936K), 0.0015653 secs] [Times: user=0.00 sys=0.00, real=0.00 secs] 
796.483: [GC (Allocation Failure) [PSYoungGen: 77773K->1488K(77312K)] 403436K->327151K(807424K), 0.0016139 secs] [Times: user=0.01 sys=0.00, real=0.01 secs] 
796.616: [GC (Allocation Failure) [PSYoungGen: 77264K->1488K(76800K)] 402927K->327167K(806912K), 0.0015020 secs] [Times: user=0.00 sys=0.00, real=0.00 secs] 
797.103: [GC (Allocation Failure) [PSYoungGen: 76752K->1408K(76288K)] 402431K->327087K(806400K), 0.0023611 secs] [Times: user=0.01 sys=0.00, real=0.01 secs] 
797.730: [GC (Allocation Failure) [PSYoungGen: 76160K->1344K(75776K)] 401839K->327023K(805888K), 0.0021507 secs] [Times: user=0.01 sys=0.00, real=0.00 secs] 
798.654: [GC (Allocation Failure) [PSYoungGen: 75584K->1424K(75264K)] 401263K->327103K(805376K), 0.0030595 secs] [Times: user=0.01 sys=0.00, real=0.00 secs] 
799.488: [GC (Allocation Failure) [PSYoungGen: 75152K->1424K(74752K)] 400831K->327103K(804864K), 0.0030792 secs] [Times: user=0.01 sys=0.00, real=0.00 secs] 
799.950: [GC (Allocation Failure) [PSYoungGen: 74640K->1472K(74240K)] 400319K->327151K(804352K), 0.0023347 secs] [Times: user=0.01 sys=0.00, real=0.00 secs] 
800.139: [GC (Allocation Failure) [PSYoungGen: 74176K->1488K(73728K)] 399855K->327167K(803840K), 0.0021456 secs] [Times: user=0.01 sys=0.00, real=0.00 secs] 
800.317: [GC (Allocation Failure) [PSYoungGen: 73680K->1488K(73216K)] 399359K->327167K(803328K), 0.0021397 secs] [Times: user=0.00 sys=0.00, real=0.00 secs] 
800.629: [GC (Allocation Failure) [PSYoungGen: 73168K->1472K(72704K)] 398847K->327151K(802816K), 0.0035326 secs] [Times: user=0.01 sys=0.00, real=0.00 secs] 
801.347: [GC (Allocation Failure) [PSYoungGen: 72640K->1376K(72192K)] 398319K->327063K(802304K), 0.0041778 secs] [Times: user=0.02 sys=0.00, real=0.00 secs] 
802.076: [GC (Allocation Failure) [PSYoungGen: 72032K->1376K(71680K)] 397719K->327063K(801792K), 0.0027735 secs] [Times: user=0.02 sys=0.00, real=0.00 secs] 
802.905: [GC (Allocation Failure) [PSYoungGen: 71520K->1408K(71680K)] 397207K->327095K(801792K), 0.0034327 secs] [Times: user=0.01 sys=0.00, real=0.00 secs] 
803.434: [GC (Allocation Failure) [PSYoungGen: 71552K->1437K(72192K)] 397239K->327124K(802304K), 0.0024898 secs] [Times: user=0.01 sys=0.00, real=0.00 secs] 
803.606: [GC (Allocation Failure) [PSYoungGen: 71581K->1488K(72192K)] 397268K->327175K(802304K), 0.0016387 secs] [Times: user=0.01 sys=0.00, real=0.00 secs] 
803.729: [GC (Allocation Failure) [PSYoungGen: 71632K->1520K(72192K)] 397319K->327207K(802304K), 0.0015023 secs] [Times: user=0.01 sys=0.00, real=0.00 secs] 
803.852: [GC (Allocation Failure) [PSYoungGen: 71664K->1549K(72192K)] 397351K->327236K(802304K), 0.0015344 secs] [Times: user=0.01 sys=0.00, real=0.01 secs] 
804.113: [GC (Allocation Failure) [PSYoungGen: 71693K->1440K(72192K)] 397380K->327135K(802304K), 0.0020010 secs] [Times: user=0.01 sys=0.00, real=0.01 secs] 
804.405: [GC (Allocation Failure) [PSYoungGen: 71584K->1344K(72192K)] 397279K->327039K(802304K), 0.0028119 secs] [Times: user=0.01 sys=0.00, real=0.00 secs] 
805.085: [GC (Allocation Failure) [PSYoungGen: 71488K->1424K(72192K)] 397183K->327119K(802304K), 0.0033145 secs] [Times: user=0.01 sys=0.00, real=0.00 secs] 
805.899: [GC (Allocation Failure) [PSYoungGen: 71568K->1376K(72192K)] 397263K->327071K(802304K), 0.0039781 secs] [Times: user=0.02 sys=0.00, real=0.00 secs] 
806.509: [GC (Allocation Failure) [PSYoungGen: 71520K->1437K(72192K)] 397215K->327132K(802304K), 0.0024605 secs] [Times: user=0.01 sys=0.00, real=0.00 secs] 
806.675: [GC (Allocation Failure) [PSYoungGen: 71567K->1520K(72192K)] 397262K->327215K(802304K), 0.0015096 secs] [Times: user=0.00 sys=0.00, real=0.00 secs] 
806.799: [GC (Allocation Failure) [PSYoungGen: 71664K->1581K(72192K)] 397359K->327276K(802304K), 0.0014744 secs] [Times: user=0.01 sys=0.00, real=0.00 secs] 
806.922: [GC (Allocation Failure) [PSYoungGen: 71725K->1501K(72192K)] 397420K->327212K(802304K), 0.0015030 secs] [Times: user=0.01 sys=0.00, real=0.00 secs] 
807.562: [GC (Allocation Failure) [PSYoungGen: 71645K->1440K(72192K)] 397356K->327151K(802304K), 0.0021223 secs] [Times: user=0.01 sys=0.00, real=0.01 secs] 
808.144: [GC (Allocation Failure) [PSYoungGen: 71584K->1376K(72192K)] 397295K->327087K(802304K), 0.0032263 secs] [Times: user=0.01 sys=0.00, real=0.00 secs] 
808.576: [GC (Allocation Failure) [PSYoungGen: 71520K->1376K(72192K)] 397231K->327103K(802304K), 0.0023410 secs] [Times: user=0.01 sys=0.00, real=0.00 secs] 
809.280: [GC (Allocation Failure) [PSYoungGen: 71520K->1392K(72192K)] 397247K->327119K(802304K), 0.0041316 secs] [Times: user=0.02 sys=0.00, real=0.01 secs] 
809.752: [GC (Allocation Failure) [PSYoungGen: 71536K->1520K(72192K)] 397263K->327247K(802304K), 0.0021173 secs] [Times: user=0.01 sys=0.00, real=0.01 secs] 
809.934: [GC (Allocation Failure) [PSYoungGen: 71664K->1488K(72192K)] 397391K->327215K(802304K), 0.0022060 secs] [Times: user=0.01 sys=0.00, real=0.00 secs] 
810.085: [GC (Allocation Failure) [PSYoungGen: 71632K->1520K(72192K)] 397359K->327247K(802304K), 0.0015258 secs] [Times: user=0.01 sys=0.00, real=0.00 secs] 
810.224: [GC (Allocation Failure) [PSYoungGen: 71664K->1712K(72192K)] 397391K->327447K(802304K), 0.0015717 secs] [Times: user=0.00 sys=0.01, real=0.00 secs] 
811.534: [GC (Allocation Failure) [PSYoungGen: 71856K->1344K(72192K)] 397591K->327079K(802304K), 0.0038205 secs] [Times: user=0.02 sys=0.00, real=0.00 secs] 
812.006: [GC (Allocation Failure) [PSYoungGen: 71488K->1376K(72192K)] 397223K->327111K(802304K), 0.0021124 secs] [Times: user=0.01 sys=0.00, real=0.00 secs] 
812.298: [GC (Allocation Failure) [PSYoungGen: 71520K->1376K(72192K)] 397255K->327111K(802304K), 0.0019332 secs] [Times: user=0.01 sys=0.00, real=0.00 secs] 
812.599: [GC (Allocation Failure) [PSYoungGen: 71520K->1488K(72192K)] 397255K->327223K(802304K), 0.0019843 secs] [Times: user=0.00 sys=0.00, real=0.00 secs] 
812.761: [GC (Allocation Failure) [PSYoungGen: 71613K->1552K(72192K)] 397348K->327287K(802304K), 0.0020009 secs] [Times: user=0.01 sys=0.00, real=0.00 secs] 
812.918: [GC (Allocation Failure) [PSYoungGen: 71696K->1517K(72192K)] 397431K->327252K(802304K), 0.0015829 secs] [Times: user=0.01 sys=0.00, real=0.00 secs] 
813.041: [GC (Allocation Failure) [PSYoungGen: 71661K->1517K(72192K)] 397396K->327252K(802304K), 0.0015355 secs] [Times: user=0.01 sys=0.00, real=0.00 secs] 
813.287: [GC (Allocation Failure) [PSYoungGen: 71661K->1424K(72192K)] 397396K->327167K(802304K), 0.0023869 secs] [Times: user=0.01 sys=0.00, real=0.00 secs] 
813.579: [GC (Allocation Failure) [PSYoungGen: 71568K->1408K(72192K)] 397311K->327151K(802304K), 0.0019549 secs] [Times: user=0.01 sys=0.00, real=0.00 secs] 
813.871: [GC (Allocation Failure) [PSYoungGen: 71552K->1376K(72192K)] 397295K->327119K(802304K), 0.0021338 secs] [Times: user=0.00 sys=0.00, real=0.00 secs] 
814.175: [GC (Allocation Failure) [PSYoungGen: 71520K->1408K(72192K)] 397263K->327151K(802304K), 0.0031871 secs] [Times: user=0.01 sys=0.00, real=0.00 secs] 
814.599: [GC (Allocation Failure) [PSYoungGen: 71552K->1437K(72192K)] 397295K->327180K(802304K), 0.0027689 secs] [Times: user=0.01 sys=0.00, real=0.00 secs] 
814.825: [GC (Allocation Failure) [PSYoungGen: 71562K->1488K(72192K)] 397305K->327231K(802304K), 0.0020493 secs] [Times: user=0.01 sys=0.00, real=0.00 secs] 
814.969: [GC (Allocation Failure) [PSYoungGen: 71632K->1581K(72192K)] 397375K->327324K(802304K), 0.0015316 secs] [Times: user=0.01 sys=0.00, real=0.00 secs] 
815.092: [GC (Allocation Failure) [PSYoungGen: 71725K->1485K(72192K)] 397468K->327244K(802304K), 0.0016284 secs] [Times: user=0.01 sys=0.00, real=0.01 secs] 
815.687: [GC (Allocation Failure) [PSYoungGen: 71629K->1376K(72192K)] 397388K->327135K(802304K), 0.0022565 secs] [Times: user=0.01 sys=0.00, real=0.00 secs] 
815.979: [GC (Allocation Failure) [PSYoungGen: 71520K->1392K(72192K)] 397279K->327151K(802304K), 0.0019313 secs] [Times: user=0.00 sys=0.00, real=0.00 secs] 
816.522: [GC (Allocation Failure) [PSYoungGen: 71536K->1376K(72192K)] 397295K->327135K(802304K), 0.0024041 secs] [Times: user=0.01 sys=0.00, real=0.01 secs] 
817.093: [GC (Allocation Failure) [PSYoungGen: 71520K->1408K(72192K)] 397279K->327191K(802304K), 0.0032961 secs] [Times: user=0.01 sys=0.00, real=0.01 secs] 
817.534: [GC (Allocation Failure) [PSYoungGen: 71552K->1437K(72192K)] 397335K->327220K(802304K), 0.0020230 secs] [Times: user=0.01 sys=0.00, real=0.00 secs] 
817.681: [GC (Allocation Failure) [PSYoungGen: 71581K->1520K(72192K)] 397364K->327303K(802304K), 0.0015350 secs] [Times: user=0.01 sys=0.00, real=0.00 secs] 
817.804: [GC (Allocation Failure) [PSYoungGen: 71664K->1520K(72192K)] 397447K->327303K(802304K), 0.0014991 secs] [Times: user=0.00 sys=0.00, real=0.00 secs] 
817.927: [GC (Allocation Failure) [PSYoungGen: 71664K->1520K(72192K)] 397447K->327319K(802304K), 0.0014998 secs] [Times: user=0.01 sys=0.00, real=0.00 secs] 
818.906: [GC (Allocation Failure) [PSYoungGen: 71664K->1408K(72192K)] 397463K->327207K(802304K), 0.0019622 secs] [Times: user=0.00 sys=0.00, real=0.00 secs] 
819.652: [GC (Allocation Failure) [PSYoungGen: 71552K->1344K(72192K)] 397351K->327143K(802304K), 0.0037678 secs] [Times: user=0.01 sys=0.00, real=0.01 secs] 
820.175: [GC (Allocation Failure) [PSYoungGen: 71488K->1408K(72192K)] 397287K->327207K(802304K), 0.0026003 secs] [Times: user=0.01 sys=0.00, real=0.00 secs] 
820.678: [GC (Allocation Failure) [PSYoungGen: 71552K->1408K(72192K)] 397351K->327207K(802304K), 0.0023885 secs] [Times: user=0.01 sys=0.00, real=0.00 secs] 
820.893: [GC (Allocation Failure) [PSYoungGen: 71552K->1520K(72192K)] 397351K->327319K(802304K), 0.0015058 secs] [Times: user=0.01 sys=0.00, real=0.01 secs] 
821.044: [GC (Allocation Failure) [PSYoungGen: 71664K->1520K(72192K)] 397463K->327319K(802304K), 0.0019165 secs] [Times: user=0.00 sys=0.00, real=0.00 secs] 
821.210: [GC (Allocation Failure) [PSYoungGen: 71664K->1485K(72192K)] 397463K->327284K(802304K), 0.0014752 secs] [Times: user=0.00 sys=0.00, real=0.00 secs] 
821.569: [GC (Allocation Failure) [PSYoungGen: 71629K->1472K(72192K)] 397428K->327279K(802304K), 0.0023055 secs] [Times: user=0.01 sys=0.00, real=0.00 secs] 
822.408: [GC (Allocation Failure) [PSYoungGen: 71616K->1376K(72192K)] 397423K->327183K(802304K), 0.0040808 secs] [Times: user=0.01 sys=0.00, real=0.00 secs] 
823.308: [GC (Allocation Failure) [PSYoungGen: 71520K->1408K(72192K)] 397327K->327215K(802304K), 0.0034710 secs] [Times: user=0.01 sys=0.00, real=0.00 secs] 
824.099: [GC (Allocation Failure) [PSYoungGen: 71552K->1344K(72192K)] 397359K->327151K(802304K), 0.0040481 secs] [Times: user=0.02 sys=0.00, real=0.00 secs] 
825.079: [GC (Allocation Failure) [PSYoungGen: 71488K->1440K(72192K)] 397295K->327247K(802304K), 0.0026989 secs] [Times: user=0.01 sys=0.00, real=0.00 secs] 
825.308: [GC (Allocation Failure) [PSYoungGen: 71584K->1520K(72192K)] 397391K->327327K(802304K), 0.0020553 secs] [Times: user=0.01 sys=0.00, real=0.00 secs] 
825.445: [GC (Allocation Failure) [PSYoungGen: 71664K->1533K(72192K)] 397471K->327340K(802304K), 0.0015179 secs] [Times: user=0.01 sys=0.00, real=0.00 secs] 
825.568: [GC (Allocation Failure) [PSYoungGen: 71677K->1488K(72192K)] 397484K->327295K(802304K), 0.0015313 secs] [Times: user=0.01 sys=0.00, real=0.00 secs] 
826.333: [GC (Allocation Failure) [PSYoungGen: 71632K->1440K(72192K)] 397439K->327247K(802304K), 0.0043132 secs] [Times: user=0.02 sys=0.00, real=0.01 secs] 
827.092: [GC (Allocation Failure) [PSYoungGen: 71584K->1408K(72192K)] 397391K->327215K(802304K), 0.0026902 secs] [Times: user=0.01 sys=0.00, real=0.01 secs] 
827.955: [GC (Allocation Failure) [PSYoungGen: 71552K->1376K(72192K)] 397359K->327183K(802304K), 0.0030567 secs] [Times: user=0.02 sys=0.00, real=0.00 secs] 
828.791: [GC (Allocation Failure) [PSYoungGen: 71520K->1408K(72192K)] 397327K->327215K(802304K), 0.0038721 secs] [Times: user=0.01 sys=0.00, real=0.01 secs] 
829.272: [GC (Allocation Failure) [PSYoungGen: 71552K->1501K(72192K)] 397359K->327308K(802304K), 0.0021139 secs] [Times: user=0.00 sys=0.00, real=0.01 secs] 
829.420: [GC (Allocation Failure) [PSYoungGen: 71645K->1517K(72192K)] 397452K->327324K(802304K), 0.0014609 secs] [Times: user=0.00 sys=0.00, real=0.00 secs] 
829.543: [GC (Allocation Failure) [PSYoungGen: 71661K->1520K(72192K)] 397468K->327327K(802304K), 0.0016452 secs] [Times: user=0.01 sys=0.00, real=0.01 secs] 
829.667: [GC (Allocation Failure) [PSYoungGen: 71664K->1517K(72192K)] 397471K->327340K(802304K), 0.0014956 secs] [Times: user=0.00 sys=0.01, real=0.00 secs] 
830.699: [GC (Allocation Failure) [PSYoungGen: 71661K->1408K(72192K)] 397484K->327231K(802304K), 0.0032436 secs] [Times: user=0.02 sys=0.00, real=0.00 secs] 
831.155: [GC (Allocation Failure) [PSYoungGen: 71552K->1408K(72192K)] 397375K->327255K(802304K), 0.0027915 secs] [Times: user=0.01 sys=0.00, real=0.00 secs] 
831.519: [GC (Allocation Failure) [PSYoungGen: 71552K->1344K(72192K)] 397399K->327191K(802304K), 0.0019298 secs] [Times: user=0.01 sys=0.00, real=0.00 secs] 
832.005: [GC (Allocation Failure) [PSYoungGen: 71488K->1376K(72192K)] 397335K->327223K(802304K), 0.0020129 secs] [Times: user=0.01 sys=0.00, real=0.00 secs] 
832.296: [GC (Allocation Failure) [PSYoungGen: 71520K->1469K(72192K)] 397367K->327316K(802304K), 0.0023245 secs] [Times: user=0.01 sys=0.00, real=0.00 secs] 
832.458: [GC (Allocation Failure) [PSYoungGen: 71613K->1501K(72192K)] 397460K->327348K(802304K), 0.0016458 secs] [Times: user=0.00 sys=0.00, real=0.00 secs] 
832.581: [GC (Allocation Failure) [PSYoungGen: 71645K->1520K(72192K)] 397492K->327367K(802304K), 0.0016114 secs] [Times: user=0.00 sys=0.00, real=0.00 secs] 
833.139: [GC (Allocation Failure) [PSYoungGen: 71664K->1968K(72192K)] 397511K->327815K(802304K), 0.0031807 secs] [Times: user=0.02 sys=0.00, real=0.00 secs] 
834.296: [GC (Allocation Failure) [PSYoungGen: 72112K->1408K(72192K)] 397959K->327255K(802304K), 0.0028653 secs] [Times: user=0.02 sys=0.00, real=0.00 secs] 
834.575: [GC (Allocation Failure) [PSYoungGen: 71552K->1376K(72192K)] 397399K->327223K(802304K), 0.0019928 secs] [Times: user=0.00 sys=0.00, real=0.00 secs] 
834.871: [GC (Allocation Failure) [PSYoungGen: 71520K->1408K(72192K)] 397367K->327255K(802304K), 0.0019378 secs] [Times: user=0.01 sys=0.00, real=0.00 secs] 
835.416: [GC (Allocation Failure) [PSYoungGen: 71552K->1437K(72192K)] 397399K->327284K(802304K), 0.0036719 secs] [Times: user=0.01 sys=0.00, real=0.00 secs] 
835.640: [GC (Allocation Failure) [PSYoungGen: 71581K->1520K(72192K)] 397428K->327367K(802304K), 0.0019285 secs] [Times: user=0.01 sys=0.00, real=0.00 secs] 
835.769: [GC (Allocation Failure) [PSYoungGen: 71664K->1504K(72192K)] 397511K->327351K(802304K), 0.0014746 secs] [Times: user=0.01 sys=0.00, real=0.00 secs] 
835.892: [GC (Allocation Failure) [PSYoungGen: 71648K->1488K(72192K)] 397495K->327335K(802304K), 0.0014881 secs] [Times: user=0.01 sys=0.00, real=0.01 secs] 
836.225: [GC (Allocation Failure) [PSYoungGen: 71632K->1440K(72192K)] 397479K->327295K(802304K), 0.0036396 secs] [Times: user=0.02 sys=0.00, real=0.00 secs] 
836.864: [GC (Allocation Failure) [PSYoungGen: 71584K->1424K(72192K)] 397439K->327279K(802304K), 0.0027273 secs] [Times: user=0.01 sys=0.00, real=0.00 secs] 
837.624: [GC (Allocation Failure) [PSYoungGen: 71568K->1344K(72192K)] 397423K->327199K(802304K), 0.0039529 secs] [Times: user=0.02 sys=0.00, real=0.00 secs] 
838.455: [GC (Allocation Failure) [PSYoungGen: 71488K->1408K(72192K)] 397343K->327263K(802304K), 0.0042494 secs] [Times: user=0.02 sys=0.00, real=0.00 secs] 
839.140: [GC (Allocation Failure) [PSYoungGen: 71552K->1424K(72192K)] 397407K->327279K(802304K), 0.0025094 secs] [Times: user=0.01 sys=0.00, real=0.00 secs] 
839.311: [GC (Allocation Failure) [PSYoungGen: 71545K->1517K(72192K)] 397400K->327388K(802304K), 0.0015010 secs] [Times: user=0.01 sys=0.00, real=0.00 secs] 
839.434: [GC (Allocation Failure) [PSYoungGen: 71661K->1517K(72192K)] 397532K->327404K(802304K), 0.0014987 secs] [Times: user=0.01 sys=0.00, real=0.00 secs] 
839.557: [GC (Allocation Failure) [PSYoungGen: 71661K->1456K(72192K)] 397548K->327359K(802304K), 0.0015225 secs] [Times: user=0.00 sys=0.00, real=0.00 secs] 
840.040: [GC (Allocation Failure) [PSYoungGen: 71600K->1408K(72192K)] 397503K->327311K(802304K), 0.0018207 secs] [Times: user=0.00 sys=0.00, real=0.00 secs] 
840.369: [GC (Allocation Failure) [PSYoungGen: 71552K->1376K(72192K)] 397455K->327279K(802304K), 0.0021676 secs] [Times: user=0.01 sys=0.00, real=0.00 secs] 
840.696: [GC (Allocation Failure) [PSYoungGen: 71520K->1344K(72192K)] 397423K->327247K(802304K), 0.0027954 secs] [Times: user=0.02 sys=0.00, real=0.00 secs] 
840.990: [GC (Allocation Failure) [PSYoungGen: 71488K->1376K(72192K)] 397391K->327279K(802304K), 0.0022776 secs] [Times: user=0.01 sys=0.00, real=0.00 secs] 
841.200: [GC (Allocation Failure) [PSYoungGen: 71520K->1517K(72192K)] 397423K->327420K(802304K), 0.0014636 secs] [Times: user=0.01 sys=0.00, real=0.00 secs] 
841.323: [GC (Allocation Failure) [PSYoungGen: 71661K->1517K(72192K)] 397564K->327420K(802304K), 0.0015067 secs] [Times: user=0.01 sys=0.00, real=0.01 secs] 
841.452: [GC (Allocation Failure) [PSYoungGen: 71661K->1453K(72192K)] 397564K->327356K(802304K), 0.0014550 secs] [Times: user=0.01 sys=0.00, real=0.00 secs] 
841.620: [GC (Allocation Failure) [PSYoungGen: 71597K->1456K(72192K)] 397500K->327367K(802304K), 0.0015847 secs] [Times: user=0.01 sys=0.00, real=0.00 secs] 
841.943: [GC (Allocation Failure) [PSYoungGen: 71600K->1440K(72192K)] 397511K->327351K(802304K), 0.0018299 secs] [Times: user=0.01 sys=0.00, real=0.01 secs] 
842.234: [GC (Allocation Failure) [PSYoungGen: 71584K->1408K(72192K)] 397495K->327319K(802304K), 0.0019417 secs] [Times: user=0.01 sys=0.00, real=0.00 secs] 
842.526: [GC (Allocation Failure) [PSYoungGen: 71552K->1408K(72192K)] 397463K->327319K(802304K), 0.0017845 secs] [Times: user=0.01 sys=0.00, real=0.00 secs] 
842.824: [GC (Allocation Failure) [PSYoungGen: 71552K->1421K(72192K)] 397463K->327332K(802304K), 0.0017892 secs] [Times: user=0.01 sys=0.00, real=0.00 secs] 
842.956: [GC (Allocation Failure) [PSYoungGen: 71565K->1552K(72192K)] 397476K->327463K(802304K), 0.0014358 secs] [Times: user=0.01 sys=0.00, real=0.00 secs] 
843.079: [GC (Allocation Failure) [PSYoungGen: 71696K->1517K(72192K)] 397607K->327428K(802304K), 0.0015820 secs] [Times: user=0.01 sys=0.00, real=0.00 secs] 
843.203: [GC (Allocation Failure) [PSYoungGen: 71661K->1549K(72192K)] 397572K->327460K(802304K), 0.0016746 secs] [Times: user=0.01 sys=0.00, real=0.01 secs] 
843.915: [GC (Allocation Failure) [PSYoungGen: 71693K->1408K(71680K)] 397604K->327319K(801792K), 0.0037664 secs] [Times: user=0.02 sys=0.00, real=0.00 secs] 
844.557: [GC (Allocation Failure) [PSYoungGen: 71552K->1376K(71680K)] 397463K->327287K(801792K), 0.0035020 secs] [Times: user=0.01 sys=0.00, real=0.00 secs] 
845.105: [GC (Allocation Failure) [PSYoungGen: 71520K->1344K(71680K)] 397431K->327255K(801792K), 0.0020593 secs] [Times: user=0.00 sys=0.00, real=0.00 secs] 
845.514: [GC (Allocation Failure) [PSYoungGen: 71488K->1344K(71680K)] 397399K->327255K(801792K), 0.0022646 secs] [Times: user=0.00 sys=0.00, real=0.00 secs] 
845.910: [GC (Allocation Failure) [PSYoungGen: 71488K->1488K(71680K)] 397399K->327399K(801792K), 0.0020777 secs] [Times: user=0.00 sys=0.00, real=0.00 secs] 
846.046: [GC (Allocation Failure) [PSYoungGen: 71630K->1517K(71680K)] 397542K->327428K(801792K), 0.0016350 secs] [Times: user=0.01 sys=0.00, real=0.00 secs] 
846.172: [GC (Allocation Failure) [PSYoungGen: 71661K->1520K(71680K)] 397572K->327431K(801792K), 0.0015941 secs] [Times: user=0.00 sys=0.00, real=0.01 secs] 
846.297: [GC (Allocation Failure) [PSYoungGen: 71664K->1456K(71680K)] 397575K->327375K(801792K), 0.0017445 secs] [Times: user=0.00 sys=0.00, real=0.00 secs] 
846.799: [GC (Allocation Failure) [PSYoungGen: 71600K->1440K(71680K)] 397519K->327359K(801792K), 0.0018572 secs] [Times: user=0.00 sys=0.00, real=0.00 secs] 
847.352: [GC (Allocation Failure) [PSYoungGen: 71584K->1296K(71680K)] 397503K->327223K(801792K), 0.0024297 secs] [Times: user=0.01 sys=0.00, real=0.01 secs] 
847.644: [GC (Allocation Failure) [PSYoungGen: 71440K->1344K(71680K)] 397367K->327295K(801792K), 0.0021504 secs] [Times: user=0.01 sys=0.00, real=0.00 secs] 
848.035: [GC (Allocation Failure) [PSYoungGen: 71488K->1424K(71680K)] 397439K->327375K(801792K), 0.0028166 secs] [Times: user=0.01 sys=0.00, real=0.00 secs] 
848.351: [GC (Allocation Failure) [PSYoungGen: 71568K->1488K(72192K)] 397519K->327439K(802304K), 0.0020292 secs] [Times: user=0.01 sys=0.00, real=0.00 secs] 
848.480: [GC (Allocation Failure) [PSYoungGen: 71608K->1549K(72192K)] 397560K->327500K(802304K), 0.0015139 secs] [Times: user=0.01 sys=0.00, real=0.00 secs] 
848.623: [GC (Allocation Failure) [PSYoungGen: 71693K->1456K(72192K)] 397644K->327407K(802304K), 0.0018774 secs] [Times: user=0.01 sys=0.00, real=0.01 secs] 
848.788: [GC (Allocation Failure) [PSYoungGen: 71600K->1520K(72192K)] 397551K->327495K(802304K), 0.0022580 secs] [Times: user=0.01 sys=0.00, real=0.00 secs] 
849.518: [GC (Allocation Failure) [PSYoungGen: 71664K->1392K(71680K)] 397639K->327367K(801792K), 0.0031887 secs] [Times: user=0.01 sys=0.00, real=0.00 secs] 
850.204: [GC (Allocation Failure) [PSYoungGen: 71536K->1376K(71680K)] 397511K->327351K(801792K), 0.0030008 secs] [Times: user=0.01 sys=0.00, real=0.00 secs] 
850.820: [GC (Allocation Failure) [PSYoungGen: 71520K->1376K(71680K)] 397495K->327351K(801792K), 0.0040739 secs] [Times: user=0.02 sys=0.00, real=0.01 secs] 
851.809: [GC (Allocation Failure) [PSYoungGen: 71520K->1376K(71680K)] 397495K->327351K(801792K), 0.0033118 secs] [Times: user=0.01 sys=0.00, real=0.00 secs] 
852.129: [GC (Allocation Failure) [PSYoungGen: 71520K->1488K(71680K)] 397495K->327463K(801792K), 0.0019663 secs] [Times: user=0.00 sys=0.01, real=0.00 secs] 
852.256: [GC (Allocation Failure) [PSYoungGen: 71632K->1517K(71680K)] 397607K->327492K(801792K), 0.0015569 secs] [Times: user=0.01 sys=0.00, real=0.00 secs] 
852.378: [GC (Allocation Failure) [PSYoungGen: 71661K->1469K(71680K)] 397636K->327444K(801792K), 0.0015557 secs] [Times: user=0.01 sys=0.00, real=0.00 secs] 
852.879: [GC (Allocation Failure) [PSYoungGen: 71613K->1440K(71680K)] 397588K->327415K(801792K), 0.0030011 secs] [Times: user=0.01 sys=0.00, real=0.00 secs] 
854.246: [GC (Allocation Failure) [PSYoungGen: 71584K->1408K(71680K)] 397559K->327383K(801792K), 0.0032496 secs] [Times: user=0.01 sys=0.00, real=0.00 secs] 
855.351: [GC (Allocation Failure) [PSYoungGen: 71552K->1408K(71680K)] 397527K->327383K(801792K), 0.0042742 secs] [Times: user=0.02 sys=0.00, real=0.01 secs] 
856.209: [GC (Allocation Failure) [PSYoungGen: 71552K->1376K(71680K)] 397527K->327351K(801792K), 0.0024665 secs] [Times: user=0.01 sys=0.00, real=0.00 secs] 
856.879: [GC (Allocation Failure) [PSYoungGen: 71520K->1405K(71680K)] 397495K->327380K(801792K), 0.0022913 secs] [Times: user=0.01 sys=0.00, real=0.00 secs] 
857.085: [GC (Allocation Failure) [PSYoungGen: 71549K->1488K(72192K)] 397524K->327463K(802304K), 0.0022708 secs] [Times: user=0.01 sys=0.00, real=0.00 secs] 
857.236: [GC (Allocation Failure) [PSYoungGen: 71632K->1488K(72192K)] 397607K->327471K(802304K), 0.0015409 secs] [Times: user=0.01 sys=0.00, real=0.00 secs] 
857.359: [GC (Allocation Failure) [PSYoungGen: 71632K->1517K(72192K)] 397615K->327500K(802304K), 0.0015547 secs] [Times: user=0.01 sys=0.00, real=0.00 secs] 
857.796: [GC (Allocation Failure) [PSYoungGen: 71661K->1408K(72192K)] 397644K->327391K(802304K), 0.0040572 secs] [Times: user=0.02 sys=0.00, real=0.00 secs] 
858.695: [GC (Allocation Failure) [PSYoungGen: 71552K->1376K(72192K)] 397535K->327359K(802304K), 0.0029019 secs] [Times: user=0.02 sys=0.00, real=0.00 secs] 
859.326: [GC (Allocation Failure) [PSYoungGen: 71520K->1376K(72192K)] 397503K->327359K(802304K), 0.0028735 secs] [Times: user=0.01 sys=0.00, real=0.00 secs] 
860.222: [GC (Allocation Failure) [PSYoungGen: 71520K->1408K(72192K)] 397503K->327391K(802304K), 0.0043162 secs] [Times: user=0.01 sys=0.00, real=0.01 secs] 
860.798: [GC (Allocation Failure) [PSYoungGen: 71552K->1469K(72192K)] 397535K->327452K(802304K), 0.0022664 secs] [Times: user=0.01 sys=0.00, real=0.00 secs] 
860.960: [GC (Allocation Failure) [PSYoungGen: 71612K->1488K(72192K)] 397595K->327471K(802304K), 0.0016727 secs] [Times: user=0.01 sys=0.00, real=0.00 secs] 
861.084: [GC (Allocation Failure) [PSYoungGen: 71632K->1488K(72192K)] 397615K->327471K(802304K), 0.0014997 secs] [Times: user=0.00 sys=0.00, real=0.00 secs] 
861.209: [GC (Allocation Failure) [PSYoungGen: 71632K->1456K(72192K)] 397615K->327455K(802304K), 0.0015154 secs] [Times: user=0.00 sys=0.00, real=0.00 secs] 
862.127: [GC (Allocation Failure) [PSYoungGen: 71600K->1456K(72192K)] 397599K->327463K(802304K), 0.0019855 secs] [Times: user=0.00 sys=0.00, real=0.00 secs] 
862.752: [GC (Allocation Failure) [PSYoungGen: 71600K->1376K(72192K)] 397607K->327383K(802304K), 0.0020937 secs] [Times: user=0.01 sys=0.01, real=0.01 secs] 
863.376: [GC (Allocation Failure) [PSYoungGen: 71520K->1376K(72192K)] 397527K->327383K(802304K), 0.0021180 secs] [Times: user=0.01 sys=0.00, real=0.00 secs] 
864.319: [GC (Allocation Failure) [PSYoungGen: 71520K->1344K(72192K)] 397527K->327351K(802304K), 0.0026550 secs] [Times: user=0.01 sys=0.00, real=0.00 secs] 
864.667: [GC (Allocation Failure) [PSYoungGen: 71488K->1520K(72192K)] 397495K->327527K(802304K), 0.0019271 secs] [Times: user=0.01 sys=0.00, real=0.00 secs] 
864.793: [GC (Allocation Failure) [PSYoungGen: 71664K->1517K(72192K)] 397671K->327524K(802304K), 0.0015231 secs] [Times: user=0.00 sys=0.00, real=0.01 secs] 
864.916: [GC (Allocation Failure) [PSYoungGen: 71661K->1517K(72192K)] 397668K->327524K(802304K), 0.0015161 secs] [Times: user=0.00 sys=0.00, real=0.00 secs] 
865.071: [GC (Allocation Failure) [PSYoungGen: 71661K->1984K(72192K)] 397668K->327991K(802304K), 0.0016987 secs] [Times: user=0.01 sys=0.00, real=0.00 secs] 
865.671: [GC (Allocation Failure) [PSYoungGen: 72128K->1376K(72192K)] 398135K->327383K(802304K), 0.0018683 secs] [Times: user=0.01 sys=0.00, real=0.00 secs] 
866.257: [GC (Allocation Failure) [PSYoungGen: 71520K->1376K(72192K)] 397527K->327383K(802304K), 0.0022129 secs] [Times: user=0.01 sys=0.00, real=0.00 secs] 
866.832: [GC (Allocation Failure) [PSYoungGen: 71520K->1376K(72192K)] 397527K->327383K(802304K), 0.0024122 secs] [Times: user=0.01 sys=0.00, real=0.01 secs] 
867.684: [GC (Allocation Failure) [PSYoungGen: 71520K->1405K(72192K)] 397527K->327412K(802304K), 0.0029840 secs] [Times: user=0.02 sys=0.00, real=0.00 secs] 
867.916: [GC (Allocation Failure) [PSYoungGen: 71549K->1520K(72192K)] 397556K->327527K(802304K), 0.0021009 secs] [Times: user=0.01 sys=0.00, real=0.00 secs] 
868.051: [GC (Allocation Failure) [PSYoungGen: 71664K->1517K(72192K)] 397671K->327524K(802304K), 0.0015036 secs] [Times: user=0.00 sys=0.00, real=0.00 secs] 
868.193: [GC (Allocation Failure) [PSYoungGen: 71661K->1488K(72192K)] 397668K->327495K(802304K), 0.0019849 secs] [Times: user=0.00 sys=0.00, real=0.01 secs] 
868.828: [GC (Allocation Failure) [PSYoungGen: 71632K->1408K(72192K)] 397639K->327431K(802304K), 0.0043381 secs] [Times: user=0.02 sys=0.00, real=0.00 secs] 
869.643: [GC (Allocation Failure) [PSYoungGen: 71552K->1408K(72192K)] 397575K->327463K(802304K), 0.0028602 secs] [Times: user=0.01 sys=0.00, real=0.01 secs] 
870.179: [GC (Allocation Failure) [PSYoungGen: 71552K->1344K(72192K)] 397607K->327399K(802304K), 0.0023985 secs] [Times: user=0.01 sys=0.00, real=0.00 secs] 
870.842: [GC (Allocation Failure) [PSYoungGen: 71488K->1376K(72192K)] 397543K->327431K(802304K), 0.0021991 secs] [Times: user=0.01 sys=0.00, real=0.01 secs] 
871.379: [GC (Allocation Failure) [PSYoungGen: 71497K->1456K(72192K)] 397553K->327511K(802304K), 0.0019360 secs] [Times: user=0.01 sys=0.00, real=0.00 secs] 
871.518: [GC (Allocation Failure) [PSYoungGen: 71600K->1456K(72192K)] 397655K->327511K(802304K), 0.0015312 secs] [Times: user=0.01 sys=0.00, real=0.00 secs] 
871.641: [GC (Allocation Failure) [PSYoungGen: 71600K->1549K(72192K)] 397655K->327604K(802304K), 0.0015161 secs] [Times: user=0.01 sys=0.00, real=0.00 secs] 
871.765: [GC (Allocation Failure) [PSYoungGen: 71693K->1456K(72192K)] 397748K->327527K(802304K), 0.0015106 secs] [Times: user=0.00 sys=0.00, real=0.00 secs] 
872.457: [GC (Allocation Failure) [PSYoungGen: 71600K->1456K(72192K)] 397671K->327527K(802304K), 0.0019749 secs] [Times: user=0.01 sys=0.00, real=0.00 secs] 
873.318: [GC (Allocation Failure) [PSYoungGen: 71600K->1376K(72192K)] 397671K->327447K(802304K), 0.0026847 secs] [Times: user=0.01 sys=0.00, real=0.00 secs] 
874.170: [GC (Allocation Failure) [PSYoungGen: 71520K->1408K(72192K)] 397591K->327479K(802304K), 0.0032783 secs] [Times: user=0.01 sys=0.00, real=0.01 secs] 
875.218: [GC (Allocation Failure) [PSYoungGen: 71552K->1440K(72192K)] 397623K->327511K(802304K), 0.0037443 secs] [Times: user=0.01 sys=0.01, real=0.00 secs] 
875.684: [GC (Allocation Failure) [PSYoungGen: 71584K->1533K(72192K)] 397655K->327604K(802304K), 0.0019603 secs] [Times: user=0.01 sys=0.00, real=0.00 secs] 
875.822: [GC (Allocation Failure) [PSYoungGen: 71677K->1456K(72192K)] 397748K->327527K(802304K), 0.0015919 secs] [Times: user=0.01 sys=0.00, real=0.01 secs] 
875.964: [GC (Allocation Failure) [PSYoungGen: 71600K->1552K(72192K)] 397671K->327623K(802304K), 0.0018821 secs] [Times: user=0.00 sys=0.00, real=0.00 secs] 
876.114: [GC (Allocation Failure) [PSYoungGen: 71696K->1488K(72192K)] 397767K->327575K(802304K), 0.0015529 secs] [Times: user=0.01 sys=0.00, real=0.00 secs] 
876.399: [GC (Allocation Failure) [PSYoungGen: 71632K->1408K(72192K)] 397719K->327495K(802304K), 0.0018898 secs] [Times: user=0.00 sys=0.00, real=0.00 secs] 
876.845: [GC (Allocation Failure) [PSYoungGen: 71552K->1344K(72192K)] 397639K->327431K(802304K), 0.0018525 secs] [Times: user=0.00 sys=0.00, real=0.00 secs] 
877.510: [GC (Allocation Failure) [PSYoungGen: 71488K->1408K(72192K)] 397575K->327495K(802304K), 0.0031901 secs] [Times: user=0.01 sys=0.00, real=0.00 secs] 
878.195: [GC (Allocation Failure) [PSYoungGen: 71552K->1392K(72192K)] 397639K->327479K(802304K), 0.0040241 secs] [Times: user=0.02 sys=0.00, real=0.00 secs] 
878.493: [GC (Allocation Failure) [PSYoungGen: 71536K->1488K(72192K)] 397623K->327575K(802304K), 0.0020002 secs] [Times: user=0.00 sys=0.00, real=0.01 secs] 
878.622: [GC (Allocation Failure) [PSYoungGen: 71632K->1549K(72192K)] 397719K->327636K(802304K), 0.0015297 secs] [Times: user=0.00 sys=0.00, real=0.01 secs] 
878.745: [GC (Allocation Failure) [PSYoungGen: 71693K->1517K(72192K)] 397780K->327604K(802304K), 0.0015126 secs] [Times: user=0.00 sys=0.01, real=0.00 secs] 
879.055: [GC (Allocation Failure) [PSYoungGen: 71661K->1440K(72192K)] 397748K->327527K(802304K), 0.0020729 secs] [Times: user=0.01 sys=0.00, real=0.00 secs] 
879.684: [GC (Allocation Failure) [PSYoungGen: 71584K->1408K(72192K)] 397671K->327519K(802304K), 0.0020005 secs] [Times: user=0.01 sys=0.00, real=0.01 secs] 
880.272: [GC (Allocation Failure) [PSYoungGen: 71552K->1376K(72192K)] 397663K->327487K(802304K), 0.0026763 secs] [Times: user=0.01 sys=0.00, real=0.01 secs] 
880.625: [GC (Allocation Failure) [PSYoungGen: 71520K->1344K(72192K)] 397631K->327455K(802304K), 0.0019340 secs] [Times: user=0.01 sys=0.00, real=0.00 secs] 
880.915: [GC (Allocation Failure) [PSYoungGen: 71488K->1456K(72192K)] 397599K->327567K(802304K), 0.0024377 secs] [Times: user=0.01 sys=0.00, real=0.00 secs] 
881.124: [GC (Allocation Failure) [PSYoungGen: 71594K->1520K(72192K)] 397705K->327631K(802304K), 0.0020647 secs] [Times: user=0.01 sys=0.00, real=0.00 secs] 
881.250: [GC (Allocation Failure) [PSYoungGen: 71664K->1517K(72192K)] 397775K->327628K(802304K), 0.0014732 secs] [Times: user=0.01 sys=0.00, real=0.00 secs] 
881.373: [GC (Allocation Failure) [PSYoungGen: 71661K->1549K(72192K)] 397772K->327660K(802304K), 0.0015426 secs] [Times: user=0.00 sys=0.00, real=0.01 secs] 
881.642: [GC (Allocation Failure) [PSYoungGen: 71693K->1360K(72192K)] 397804K->327471K(802304K), 0.0026677 secs] [Times: user=0.01 sys=0.00, real=0.01 secs] 
882.191: [GC (Allocation Failure) [PSYoungGen: 71504K->1344K(72192K)] 397615K->327455K(802304K), 0.0025854 secs] [Times: user=0.01 sys=0.00, real=0.00 secs] 
882.714: [GC (Allocation Failure) [PSYoungGen: 71488K->1376K(72192K)] 397599K->327487K(802304K), 0.0026189 secs] [Times: user=0.01 sys=0.00, real=0.00 secs] 
883.237: [GC (Allocation Failure) [PSYoungGen: 71520K->1344K(72192K)] 397631K->327455K(802304K), 0.0031131 secs] [Times: user=0.01 sys=0.00, real=0.00 secs] 
883.624: [GC (Allocation Failure) [PSYoungGen: 71488K->1488K(72192K)] 397599K->327599K(802304K), 0.0021459 secs] [Times: user=0.01 sys=0.00, real=0.00 secs] 
883.761: [GC (Allocation Failure) [PSYoungGen: 71600K->1520K(72192K)] 397711K->327631K(802304K), 0.0015225 secs] [Times: user=0.00 sys=0.00, real=0.00 secs] 
883.885: [GC (Allocation Failure) [PSYoungGen: 71664K->1520K(72192K)] 397775K->327631K(802304K), 0.0015508 secs] [Times: user=0.00 sys=0.00, real=0.00 secs] 
884.028: [GC (Allocation Failure) [PSYoungGen: 71664K->1488K(72192K)] 397775K->327615K(802304K), 0.0020756 secs] [Times: user=0.00 sys=0.00, real=0.00 secs] 
884.763: [GC (Allocation Failure) [PSYoungGen: 71632K->1440K(72192K)] 397759K->327567K(802304K), 0.0023451 secs] [Times: user=0.01 sys=0.00, real=0.01 secs] 
885.425: [GC (Allocation Failure) [PSYoungGen: 71584K->1376K(72192K)] 397711K->327503K(802304K), 0.0038561 secs] [Times: user=0.02 sys=0.01, real=0.00 secs] 
886.280: [GC (Allocation Failure) [PSYoungGen: 71520K->1376K(72192K)] 397647K->327503K(802304K), 0.0032047 secs] [Times: user=0.01 sys=0.00, real=0.00 secs] 
887.143: [GC (Allocation Failure) [PSYoungGen: 71520K->1408K(72192K)] 397647K->327535K(802304K), 0.0039099 secs] [Times: user=0.02 sys=0.00, real=0.01 secs] 
887.466: [GC (Allocation Failure) [PSYoungGen: 71552K->1488K(72192K)] 397679K->327615K(802304K), 0.0020010 secs] [Times: user=0.01 sys=0.00, real=0.00 secs] 
887.598: [GC (Allocation Failure) [PSYoungGen: 71632K->1520K(72192K)] 397759K->327647K(802304K), 0.0015360 secs] [Times: user=0.01 sys=0.00, real=0.00 secs] 
887.742: [GC (Allocation Failure) [PSYoungGen: 71664K->1469K(72192K)] 397791K->327596K(802304K), 0.0020437 secs] [Times: user=0.01 sys=0.00, real=0.01 secs] 
887.977: [GC (Allocation Failure) [PSYoungGen: 71613K->1440K(72192K)] 397740K->327567K(802304K), 0.0018872 secs] [Times: user=0.01 sys=0.00, real=0.00 secs] 
888.535: [GC (Allocation Failure) [PSYoungGen: 71584K->1408K(72192K)] 397711K->327535K(802304K), 0.0024331 secs] [Times: user=0.01 sys=0.00, real=0.00 secs] 
889.111: [GC (Allocation Failure) [PSYoungGen: 71552K->1376K(72192K)] 397679K->327527K(802304K), 0.0032373 secs] [Times: user=0.01 sys=0.00, real=0.01 secs] 
889.690: [GC (Allocation Failure) [PSYoungGen: 71520K->1408K(72192K)] 397671K->327559K(802304K), 0.0027325 secs] [Times: user=0.01 sys=0.00, real=0.00 secs] 
890.232: [GC (Allocation Failure) [PSYoungGen: 71552K->1392K(72192K)] 397703K->327543K(802304K), 0.0023460 secs] [Times: user=0.01 sys=0.00, real=0.01 secs] 
890.396: [GC (Allocation Failure) [PSYoungGen: 71536K->1488K(72192K)] 397687K->327639K(802304K), 0.0014724 secs] [Times: user=0.00 sys=0.00, real=0.00 secs] 
890.539: [GC (Allocation Failure) [PSYoungGen: 71632K->1488K(72192K)] 397783K->327639K(802304K), 0.0018244 secs] [Times: user=0.01 sys=0.00, real=0.00 secs] 
890.691: [GC (Allocation Failure) [PSYoungGen: 71632K->1488K(72192K)] 397783K->327639K(802304K), 0.0015465 secs] [Times: user=0.01 sys=0.00, real=0.00 secs] 
890.928: [GC (Allocation Failure) [PSYoungGen: 71632K->1440K(72192K)] 397783K->327591K(802304K), 0.0023785 secs] [Times: user=0.01 sys=0.00, real=0.00 secs] 
891.224: [GC (Allocation Failure) [PSYoungGen: 71584K->1376K(72192K)] 397735K->327527K(802304K), 0.0021094 secs] [Times: user=0.01 sys=0.00, real=0.00 secs] 
891.516: [GC (Allocation Failure) [PSYoungGen: 71520K->1344K(72192K)] 397671K->327495K(802304K), 0.0019697 secs] [Times: user=0.00 sys=0.00, real=0.00 secs] 
891.808: [GC (Allocation Failure) [PSYoungGen: 71488K->1376K(72192K)] 397639K->327527K(802304K), 0.0019940 secs] [Times: user=0.01 sys=0.00, real=0.00 secs] 
892.114: [GC (Allocation Failure) [PSYoungGen: 71520K->1517K(72192K)] 397671K->327668K(802304K), 0.0025564 secs] [Times: user=0.00 sys=0.01, real=0.00 secs] 
892.287: [GC (Allocation Failure) [PSYoungGen: 71660K->1549K(72192K)] 397811K->327700K(802304K), 0.0015290 secs] [Times: user=0.00 sys=0.00, real=0.00 secs] 
892.411: [GC (Allocation Failure) [PSYoungGen: 71693K->1469K(72192K)] 397844K->327620K(802304K), 0.0014791 secs] [Times: user=0.01 sys=0.00, real=0.00 secs] 
892.533: [GC (Allocation Failure) [PSYoungGen: 71613K->1488K(72192K)] 397764K->327647K(802304K), 0.0015186 secs] [Times: user=0.01 sys=0.00, real=0.01 secs] 
893.632: [GC (Allocation Failure) [PSYoungGen: 71632K->1408K(71680K)] 397791K->327567K(801792K), 0.0069181 secs] [Times: user=0.02 sys=0.00, real=0.01 secs] 
894.539: [GC (Allocation Failure) [PSYoungGen: 71552K->1424K(71680K)] 397711K->327583K(801792K), 0.0027787 secs] [Times: user=0.01 sys=0.00, real=0.00 secs] 
894.822: [GC (Allocation Failure) [PSYoungGen: 71568K->1376K(71680K)] 397727K->327535K(801792K), 0.0020856 secs] [Times: user=0.01 sys=0.00, real=0.01 secs] 
895.140: [GC (Allocation Failure) [PSYoungGen: 71520K->1376K(71680K)] 397679K->327535K(801792K), 0.0024087 secs] [Times: user=0.01 sys=0.00, real=0.00 secs] 
895.408: [GC (Allocation Failure) [PSYoungGen: 71520K->1488K(71680K)] 397679K->327647K(801792K), 0.0019640 secs] [Times: user=0.01 sys=0.00, real=0.00 secs] 
895.550: [GC (Allocation Failure) [PSYoungGen: 71632K->1472K(71680K)] 397791K->327631K(801792K), 0.0015727 secs] [Times: user=0.01 sys=0.00, real=0.00 secs] 
895.673: [GC (Allocation Failure) [PSYoungGen: 71616K->1424K(71680K)] 397775K->327583K(801792K), 0.0015135 secs] [Times: user=0.01 sys=0.00, real=0.01 secs] 
895.798: [GC (Allocation Failure) [PSYoungGen: 71568K->1440K(74240K)] 397727K->327607K(804352K), 0.0017506 secs] [Times: user=0.01 sys=0.00, real=0.00 secs] 
898.366: [GC (Allocation Failure) [PSYoungGen: 73632K->1424K(73216K)] 399799K->327591K(803328K), 0.0043102 secs] [Times: user=0.02 sys=0.00, real=0.00 secs] 
899.016: [GC (Allocation Failure) [PSYoungGen: 73104K->1344K(72704K)] 399271K->327511K(802816K), 0.0032665 secs] [Times: user=0.01 sys=0.00, real=0.00 secs] 
899.493: [GC (Allocation Failure) [PSYoungGen: 72512K->1408K(72192K)] 398679K->327575K(802304K), 0.0022477 secs] [Times: user=0.00 sys=0.00, real=0.01 secs] 
900.007: [GC (Allocation Failure) [PSYoungGen: 72064K->1437K(71680K)] 398231K->327604K(801792K), 0.0026395 secs] [Times: user=0.01 sys=0.00, real=0.00 secs] 
900.225: [GC (Allocation Failure) [PSYoungGen: 71581K->1520K(71680K)] 397748K->327687K(801792K), 0.0020847 secs] [Times: user=0.00 sys=0.00, real=0.00 secs] 
900.363: [GC (Allocation Failure) [PSYoungGen: 71664K->1485K(71680K)] 397831K->327652K(801792K), 0.0015960 secs] [Times: user=0.01 sys=0.00, real=0.01 secs] 
900.504: [GC (Allocation Failure) [PSYoungGen: 71629K->1488K(71680K)] 397796K->327679K(801792K), 0.0018753 secs] [Times: user=0.00 sys=0.00, real=0.00 secs] 
900.823: [GC (Allocation Failure) [PSYoungGen: 71632K->1440K(71680K)] 397823K->327631K(801792K), 0.0032148 secs] [Times: user=0.01 sys=0.00, real=0.01 secs] 
901.153: [GC (Allocation Failure) [PSYoungGen: 71584K->1344K(71680K)] 397775K->327535K(801792K), 0.0019819 secs] [Times: user=0.01 sys=0.00, real=0.01 secs] 
901.444: [GC (Allocation Failure) [PSYoungGen: 71488K->1408K(71680K)] 397679K->327599K(801792K), 0.0020215 secs] [Times: user=0.01 sys=0.00, real=0.00 secs] 
901.736: [GC (Allocation Failure) [PSYoungGen: 71552K->1376K(71680K)] 397743K->327567K(801792K), 0.0019186 secs] [Times: user=0.01 sys=0.00, real=0.00 secs] 
901.998: [GC (Allocation Failure) [PSYoungGen: 71520K->1520K(71680K)] 397711K->327711K(801792K), 0.0022743 secs] [Times: user=0.00 sys=0.00, real=0.00 secs] 
902.185: [GC (Allocation Failure) [PSYoungGen: 71664K->1488K(72192K)] 397855K->327679K(802304K), 0.0020509 secs] [Times: user=0.00 sys=0.00, real=0.00 secs] 
902.316: [GC (Allocation Failure) [PSYoungGen: 71632K->1488K(72192K)] 397823K->327679K(802304K), 0.0016072 secs] [Times: user=0.01 sys=0.00, real=0.00 secs] 
902.439: [GC (Allocation Failure) [PSYoungGen: 71632K->1520K(72192K)] 397823K->327719K(802304K), 0.0016212 secs] [Times: user=0.00 sys=0.00, real=0.00 secs] 
903.641: [GC (Allocation Failure) [PSYoungGen: 71664K->1440K(72192K)] 397863K->327647K(802304K), 0.0028229 secs] [Times: user=0.02 sys=0.00, real=0.01 secs] 
904.360: [GC (Allocation Failure) [PSYoungGen: 71584K->1376K(72192K)] 397791K->327583K(802304K), 0.0023074 secs] [Times: user=0.01 sys=0.00, real=0.00 secs] 
905.277: [GC (Allocation Failure) [PSYoungGen: 71520K->1376K(72192K)] 397727K->327583K(802304K), 0.0040912 secs] [Times: user=0.02 sys=0.00, real=0.00 secs] 
906.233: [GC (Allocation Failure) [PSYoungGen: 71520K->1408K(72192K)] 397727K->327623K(802304K), 0.0038309 secs] [Times: user=0.02 sys=0.00, real=0.01 secs] 
906.693: [GC (Allocation Failure) [PSYoungGen: 71552K->1456K(72192K)] 397767K->327671K(802304K), 0.0020342 secs] [Times: user=0.01 sys=0.00, real=0.01 secs] 
906.834: [GC (Allocation Failure) [PSYoungGen: 71600K->1456K(72192K)] 397815K->327671K(802304K), 0.0015145 secs] [Times: user=0.01 sys=0.00, real=0.00 secs] 
906.958: [GC (Allocation Failure) [PSYoungGen: 71600K->1549K(72192K)] 397815K->327764K(802304K), 0.0015239 secs] [Times: user=0.00 sys=0.00, real=0.00 secs] 
907.081: [GC (Allocation Failure) [PSYoungGen: 71693K->1485K(72192K)] 397908K->327724K(802304K), 0.0015534 secs] [Times: user=0.00 sys=0.00, real=0.00 secs] 
907.396: [GC (Allocation Failure) [PSYoungGen: 71629K->1408K(72192K)] 397868K->327647K(802304K), 0.0017784 secs] [Times: user=0.01 sys=0.00, real=0.00 secs] 
907.978: [GC (Allocation Failure) [PSYoungGen: 71552K->1392K(72192K)] 397791K->327631K(802304K), 0.0018784 secs] [Times: user=0.00 sys=0.00, real=0.00 secs] 
908.581: [GC (Allocation Failure) [PSYoungGen: 71536K->1312K(72192K)] 397775K->327551K(802304K), 0.0026795 secs] [Times: user=0.01 sys=0.00, real=0.00 secs] 
909.178: [GC (Allocation Failure) [PSYoungGen: 71456K->1376K(72192K)] 397695K->327615K(802304K), 0.0026961 secs] [Times: user=0.02 sys=0.00, real=0.00 secs] 
909.382: [GC (Allocation Failure) [PSYoungGen: 71520K->1488K(72192K)] 397759K->327727K(802304K), 0.0015285 secs] [Times: user=0.00 sys=0.00, real=0.00 secs] 
909.505: [GC (Allocation Failure) [PSYoungGen: 71632K->1456K(72192K)] 397871K->327695K(802304K), 0.0014823 secs] [Times: user=0.01 sys=0.00, real=0.00 secs] 
909.629: [GC (Allocation Failure) [PSYoungGen: 71600K->1517K(72192K)] 397839K->327756K(802304K), 0.0015105 secs] [Times: user=0.01 sys=0.00, real=0.00 secs] 
909.823: [GC (Allocation Failure) [PSYoungGen: 71661K->1456K(72192K)] 397900K->327719K(802304K), 0.0018415 secs] [Times: user=0.01 sys=0.00, real=0.01 secs] 
910.179: [GC (Allocation Failure) [PSYoungGen: 71600K->1376K(72192K)] 397863K->327639K(802304K), 0.0017596 secs] [Times: user=0.01 sys=0.00, real=0.00 secs] 
910.757: [GC (Allocation Failure) [PSYoungGen: 71520K->1392K(72192K)] 397783K->327655K(802304K), 0.0017857 secs] [Times: user=0.01 sys=0.00, real=0.00 secs] 
911.333: [GC (Allocation Failure) [PSYoungGen: 71536K->1376K(72192K)] 397799K->327639K(802304K), 0.0018596 secs] [Times: user=0.01 sys=0.00, real=0.01 secs] 
911.803: [GC (Allocation Failure) [PSYoungGen: 71520K->1485K(72192K)] 397783K->327748K(802304K), 0.0014570 secs] [Times: user=0.00 sys=0.00, real=0.01 secs] 
911.926: [GC (Allocation Failure) [PSYoungGen: 71621K->1549K(72192K)] 397884K->327812K(802304K), 0.0015912 secs] [Times: user=0.00 sys=0.00, real=0.00 secs] 
912.050: [GC (Allocation Failure) [PSYoungGen: 71693K->1517K(72192K)] 397956K->327780K(802304K), 0.0014882 secs] [Times: user=0.01 sys=0.00, real=0.00 secs] 
912.174: [GC (Allocation Failure) [PSYoungGen: 71661K->1485K(72192K)] 397924K->327748K(802304K), 0.0015438 secs] [Times: user=0.00 sys=0.00, real=0.01 secs] 
912.791: [GC (Allocation Failure) [PSYoungGen: 71629K->1440K(72192K)] 397892K->327703K(802304K), 0.0017513 secs] [Times: user=0.01 sys=0.00, real=0.00 secs] 
913.863: [GC (Allocation Failure) [PSYoungGen: 71584K->1344K(72192K)] 397847K->327607K(802304K), 0.0019381 secs] [Times: user=0.01 sys=0.00, real=0.01 secs] 
914.597: [GC (Allocation Failure) [PSYoungGen: 71488K->1408K(72192K)] 397751K->327671K(802304K), 0.0040240 secs] [Times: user=0.01 sys=0.00, real=0.00 secs] 
915.466: [GC (Allocation Failure) [PSYoungGen: 71552K->1408K(72192K)] 397815K->327671K(802304K), 0.0040328 secs] [Times: user=0.02 sys=0.00, real=0.00 secs] 
916.081: [GC (Allocation Failure) [PSYoungGen: 71552K->1456K(72192K)] 397815K->327719K(802304K), 0.0022893 secs] [Times: user=0.00 sys=0.00, real=0.00 secs] 
916.241: [GC (Allocation Failure) [PSYoungGen: 71577K->1456K(72192K)] 397840K->327719K(802304K), 0.0014922 secs] [Times: user=0.01 sys=0.00, real=0.00 secs] 
916.365: [GC (Allocation Failure) [PSYoungGen: 71600K->1485K(72192K)] 397863K->327748K(802304K), 0.0015055 secs] [Times: user=0.00 sys=0.00, real=0.00 secs] 
916.488: [GC (Allocation Failure) [PSYoungGen: 71629K->1549K(72192K)] 397892K->327820K(802304K), 0.0015636 secs] [Times: user=0.00 sys=0.00, real=0.00 secs] 
917.595: [GC (Allocation Failure) [PSYoungGen: 71693K->1360K(72192K)] 397964K->327631K(802304K), 0.0030476 secs] [Times: user=0.01 sys=0.00, real=0.00 secs] 
918.704: [GC (Allocation Failure) [PSYoungGen: 71504K->1376K(72192K)] 397775K->327647K(802304K), 0.0041357 secs] [Times: user=0.02 sys=0.00, real=0.00 secs] 
919.586: [GC (Allocation Failure) [PSYoungGen: 71520K->1344K(72192K)] 397791K->327615K(802304K), 0.0029955 secs] [Times: user=0.01 sys=0.00, real=0.00 secs] 
920.326: [GC (Allocation Failure) [PSYoungGen: 71488K->1376K(72192K)] 397759K->327647K(802304K), 0.0027257 secs] [Times: user=0.01 sys=0.00, real=0.00 secs] 
920.851: [GC (Allocation Failure) [PSYoungGen: 71495K->1520K(72192K)] 397766K->327791K(802304K), 0.0020133 secs] [Times: user=0.01 sys=0.00, real=0.00 secs] 
920.987: [GC (Allocation Failure) [PSYoungGen: 71664K->1517K(72192K)] 397935K->327788K(802304K), 0.0015836 secs] [Times: user=0.00 sys=0.00, real=0.00 secs] 
921.109: [GC (Allocation Failure) [PSYoungGen: 71661K->1517K(72192K)] 397932K->327788K(802304K), 0.0015628 secs] [Times: user=0.00 sys=0.00, real=0.00 secs] 
921.281: [GC (Allocation Failure) [PSYoungGen: 71661K->1968K(72192K)] 397932K->328263K(802304K), 0.0016696 secs] [Times: user=0.00 sys=0.01, real=0.00 secs] 
921.611: [GC (Allocation Failure) [PSYoungGen: 72112K->1376K(72192K)] 398407K->327671K(802304K), 0.0018924 secs] [Times: user=0.01 sys=0.00, real=0.00 secs] 
922.108: [GC (Allocation Failure) [PSYoungGen: 71520K->1344K(72192K)] 397815K->327639K(802304K), 0.0017980 secs] [Times: user=0.01 sys=0.00, real=0.00 secs] 
922.664: [GC (Allocation Failure) [PSYoungGen: 71488K->1376K(72192K)] 397783K->327671K(802304K), 0.0023132 secs] [Times: user=0.01 sys=0.00, real=0.00 secs] 
923.267: [GC (Allocation Failure) [PSYoungGen: 71520K->1472K(72192K)] 397815K->327767K(802304K), 0.0021667 secs] [Times: user=0.01 sys=0.00, real=0.00 secs] 
923.413: [GC (Allocation Failure) [PSYoungGen: 71616K->1517K(72192K)] 397911K->327812K(802304K), 0.0014373 secs] [Times: user=0.01 sys=0.00, real=0.01 secs] 
923.558: [GC (Allocation Failure) [PSYoungGen: 71661K->1552K(72192K)] 397956K->327847K(802304K), 0.0018469 secs] [Times: user=0.00 sys=0.00, real=0.00 secs] 
923.712: [GC (Allocation Failure) [PSYoungGen: 71696K->1520K(72192K)] 397991K->327815K(802304K), 0.0015631 secs] [Times: user=0.01 sys=0.00, real=0.00 secs] 
923.938: [GC (Allocation Failure) [PSYoungGen: 71664K->1424K(72192K)] 397959K->327727K(802304K), 0.0025085 secs] [Times: user=0.01 sys=0.00, real=0.00 secs] 
924.320: [GC (Allocation Failure) [PSYoungGen: 71568K->1392K(72192K)] 397871K->327695K(802304K), 0.0020057 secs] [Times: user=0.00 sys=0.00, real=0.00 secs] 
924.875: [GC (Allocation Failure) [PSYoungGen: 71536K->1408K(72192K)] 397839K->327711K(802304K), 0.0018938 secs] [Times: user=0.00 sys=0.00, real=0.00 secs] 
925.434: [GC (Allocation Failure) [PSYoungGen: 71552K->1376K(72192K)] 397855K->327679K(802304K), 0.0028127 secs] [Times: user=0.02 sys=0.00, real=0.00 secs] 
925.838: [GC (Allocation Failure) [PSYoungGen: 71520K->1520K(72192K)] 397823K->327823K(802304K), 0.0016136 secs] [Times: user=0.01 sys=0.00, real=0.00 secs] 
925.961: [GC (Allocation Failure) [PSYoungGen: 71660K->1488K(72192K)] 397964K->327791K(802304K), 0.0015100 secs] [Times: user=0.01 sys=0.00, real=0.00 secs] 
926.085: [GC (Allocation Failure) [PSYoungGen: 71632K->1469K(72192K)] 397935K->327772K(802304K), 0.0014920 secs] [Times: user=0.00 sys=0.00, real=0.00 secs] 
926.208: [GC (Allocation Failure) [PSYoungGen: 71613K->1501K(72192K)] 397916K->327820K(802304K), 0.0014733 secs] [Times: user=0.01 sys=0.00, real=0.00 secs] 
926.495: [GC (Allocation Failure) [PSYoungGen: 71645K->1440K(72192K)] 397964K->327759K(802304K), 0.0019281 secs] [Times: user=0.01 sys=0.01, real=0.00 secs] 
926.836: [GC (Allocation Failure) [PSYoungGen: 71584K->1376K(72192K)] 397903K->327695K(802304K), 0.0019164 secs] [Times: user=0.01 sys=0.00, real=0.00 secs] 
927.317: [GC (Allocation Failure) [PSYoungGen: 71520K->1360K(72192K)] 397839K->327703K(802304K), 0.0026170 secs] [Times: user=0.01 sys=0.00, real=0.00 secs] 
927.897: [GC (Allocation Failure) [PSYoungGen: 71504K->1408K(72192K)] 397847K->327751K(802304K), 0.0026850 secs] [Times: user=0.01 sys=0.00, real=0.00 secs] 
928.218: [GC (Allocation Failure) [PSYoungGen: 71552K->1456K(72192K)] 397895K->327799K(802304K), 0.0018912 secs] [Times: user=0.01 sys=0.00, real=0.00 secs] 
928.383: [GC (Allocation Failure) [PSYoungGen: 71600K->1488K(72192K)] 397943K->327831K(802304K), 0.0018786 secs] [Times: user=0.01 sys=0.00, real=0.01 secs] 
928.533: [GC (Allocation Failure) [PSYoungGen: 71632K->1520K(72192K)] 397975K->327863K(802304K), 0.0015537 secs] [Times: user=0.01 sys=0.00, real=0.01 secs] 
928.658: [GC (Allocation Failure) [PSYoungGen: 71664K->224K(72192K)] 398007K->326567K(802304K), 0.0016741 secs] [Times: user=0.00 sys=0.00, real=0.00 secs] 
929.171: [GC (Allocation Failure) [PSYoungGen: 70368K->1392K(72192K)] 396711K->327735K(802304K), 0.0019173 secs] [Times: user=0.01 sys=0.00, real=0.00 secs] 
929.921: [GC (Allocation Failure) [PSYoungGen: 71536K->1312K(72192K)] 397879K->327655K(802304K), 0.0039154 secs] [Times: user=0.02 sys=0.00, real=0.01 secs] 
930.771: [GC (Allocation Failure) [PSYoungGen: 71456K->1408K(72192K)] 397799K->327751K(802304K), 0.0044704 secs] [Times: user=0.02 sys=0.00, real=0.01 secs] 
931.652: [GC (Allocation Failure) [PSYoungGen: 71326K->256K(72192K)] 397670K->326599K(802304K), 0.0039861 secs] [Times: user=0.01 sys=0.00, real=0.01 secs] 
931.877: [GC (Allocation Failure) [PSYoungGen: 70400K->1488K(72192K)] 396743K->327831K(802304K), 0.0019789 secs] [Times: user=0.01 sys=0.00, real=0.00 secs] 
932.006: [GC (Allocation Failure) [PSYoungGen: 71632K->1581K(72192K)] 397975K->327924K(802304K), 0.0015552 secs] [Times: user=0.00 sys=0.00, real=0.00 secs] 
932.129: [GC (Allocation Failure) [PSYoungGen: 71725K->1456K(72192K)] 398068K->327799K(802304K), 0.0014908 secs] [Times: user=0.01 sys=0.00, real=0.00 secs] 
932.299: [GC (Allocation Failure) [PSYoungGen: 71600K->1472K(72192K)] 397943K->327815K(802304K), 0.0017166 secs] [Times: user=0.00 sys=0.00, real=0.00 secs] 
932.590: [GC (Allocation Failure) [PSYoungGen: 71616K->1376K(72192K)] 397959K->327719K(802304K), 0.0015834 secs] [Times: user=0.01 sys=0.00, real=0.00 secs] 
933.043: [GC (Allocation Failure) [PSYoungGen: 71520K->1408K(72192K)] 397863K->327751K(802304K), 0.0016298 secs] [Times: user=0.01 sys=0.00, real=0.01 secs] 
933.640: [GC (Allocation Failure) [PSYoungGen: 71552K->1408K(72192K)] 397895K->327751K(802304K), 0.0034984 secs] [Times: user=0.01 sys=0.01, real=0.00 secs] 
934.140: [GC (Allocation Failure) [PSYoungGen: 71552K->1424K(72192K)] 397895K->327767K(802304K), 0.0020971 secs] [Times: user=0.01 sys=0.00, real=0.00 secs] 
934.286: [GC (Allocation Failure) [PSYoungGen: 71568K->1552K(72192K)] 397911K->327895K(802304K), 0.0015226 secs] [Times: user=0.01 sys=0.00, real=0.00 secs] 
934.409: [GC (Allocation Failure) [PSYoungGen: 71696K->1520K(72192K)] 398039K->327863K(802304K), 0.0014826 secs] [Times: user=0.01 sys=0.00, real=0.00 secs] 
934.532: [GC (Allocation Failure) [PSYoungGen: 71664K->1485K(72192K)] 398007K->327836K(802304K), 0.0015751 secs] [Times: user=0.00 sys=0.00, real=0.00 secs] 
934.789: [GC (Allocation Failure) [PSYoungGen: 71629K->1440K(72192K)] 397980K->327815K(802304K), 0.0017615 secs] [Times: user=0.01 sys=0.00, real=0.00 secs] 
935.081: [GC (Allocation Failure) [PSYoungGen: 71584K->1376K(72192K)] 397959K->327751K(802304K), 0.0019019 secs] [Times: user=0.01 sys=0.00, real=0.00 secs] 
935.545: [GC (Allocation Failure) [PSYoungGen: 71520K->1408K(72192K)] 397895K->327783K(802304K), 0.0041882 secs] [Times: user=0.02 sys=0.00, real=0.00 secs] 
936.279: [GC (Allocation Failure) [PSYoungGen: 71552K->1344K(72192K)] 397927K->327719K(802304K), 0.0042265 secs] [Times: user=0.01 sys=0.00, real=0.01 secs] 
936.824: [GC (Allocation Failure) [PSYoungGen: 71458K->1437K(72192K)] 397833K->327812K(802304K), 0.0022798 secs] [Times: user=0.01 sys=0.00, real=0.00 secs] 
936.984: [GC (Allocation Failure) [PSYoungGen: 71581K->1472K(72192K)] 397956K->327847K(802304K), 0.0015031 secs] [Times: user=0.01 sys=0.00, real=0.00 secs] 
937.107: [GC (Allocation Failure) [PSYoungGen: 71616K->1533K(72192K)] 397991K->327908K(802304K), 0.0015154 secs] [Times: user=0.00 sys=0.00, real=0.00 secs] 
937.230: [GC (Allocation Failure) [PSYoungGen: 71677K->1469K(72192K)] 398052K->327852K(802304K), 0.0014813 secs] [Times: user=0.01 sys=0.00, real=0.00 secs] 
937.553: [GC (Allocation Failure) [PSYoungGen: 71613K->1408K(72192K)] 397996K->327815K(802304K), 0.0019196 secs] [Times: user=0.01 sys=0.00, real=0.01 secs] 
938.380: [GC (Allocation Failure) [PSYoungGen: 71552K->1376K(72192K)] 397959K->327783K(802304K), 0.0026303 secs] [Times: user=0.01 sys=0.00, real=0.00 secs] 
939.229: [GC (Allocation Failure) [PSYoungGen: 71520K->1376K(72192K)] 397927K->327783K(802304K), 0.0033240 secs] [Times: user=0.02 sys=0.00, real=0.00 secs] 
940.086: [GC (Allocation Failure) [PSYoungGen: 71520K->1376K(72192K)] 397927K->327783K(802304K), 0.0034589 secs] [Times: user=0.01 sys=0.00, real=0.00 secs] 
940.404: [GC (Allocation Failure) [PSYoungGen: 71520K->1488K(72192K)] 397927K->327895K(802304K), 0.0018055 secs] [Times: user=0.01 sys=0.00, real=0.00 secs] 
940.536: [GC (Allocation Failure) [PSYoungGen: 71632K->1520K(72192K)] 398039K->327927K(802304K), 0.0014802 secs] [Times: user=0.00 sys=0.00, real=0.00 secs] 
940.661: [GC (Allocation Failure) [PSYoungGen: 71664K->1517K(72192K)] 398071K->327924K(802304K), 0.0015249 secs] [Times: user=0.01 sys=0.00, real=0.00 secs] 
940.955: [GC (Allocation Failure) [PSYoungGen: 71661K->1440K(72192K)] 398068K->327847K(802304K), 0.0019394 secs] [Times: user=0.01 sys=0.00, real=0.00 secs] 
941.607: [GC (Allocation Failure) [PSYoungGen: 71584K->1376K(72192K)] 397991K->327783K(802304K), 0.0033929 secs] [Times: user=0.01 sys=0.00, real=0.00 secs] 
942.279: [GC (Allocation Failure) [PSYoungGen: 71520K->1376K(72192K)] 397927K->327783K(802304K), 0.0028394 secs] [Times: user=0.02 sys=0.00, real=0.00 secs] 
942.975: [GC (Allocation Failure) [PSYoungGen: 71520K->1344K(72192K)] 397927K->327751K(802304K), 0.0032330 secs] [Times: user=0.02 sys=0.00, real=0.00 secs] 
943.669: [GC (Allocation Failure) [PSYoungGen: 71488K->1424K(72192K)] 397895K->327831K(802304K), 0.0028136 secs] [Times: user=0.02 sys=0.00, real=0.00 secs] 
943.857: [GC (Allocation Failure) [PSYoungGen: 71568K->1408K(72192K)] 397975K->327815K(802304K), 0.0020969 secs] [Times: user=0.00 sys=0.00, real=0.00 secs] 
944.010: [GC (Allocation Failure) [PSYoungGen: 71552K->1488K(72192K)] 397959K->327895K(802304K), 0.0020958 secs] [Times: user=0.01 sys=0.00, real=0.00 secs] 
944.171: [GC (Allocation Failure) [PSYoungGen: 71632K->1552K(72192K)] 398039K->327959K(802304K), 0.0015072 secs] [Times: user=0.01 sys=0.00, real=0.00 secs] 
945.723: [GC (Allocation Failure) [PSYoungGen: 71696K->1408K(72192K)] 398103K->327815K(802304K), 0.0042717 secs] [Times: user=0.02 sys=0.00, real=0.01 secs] 
946.373: [GC (Allocation Failure) [PSYoungGen: 71552K->1376K(72192K)] 397959K->327783K(802304K), 0.0026969 secs] [Times: user=0.01 sys=0.00, real=0.01 secs] 
946.983: [GC (Allocation Failure) [PSYoungGen: 71520K->1408K(72192K)] 397927K->327815K(802304K), 0.0021917 secs] [Times: user=0.01 sys=0.00, real=0.01 secs] 
947.275: [GC (Allocation Failure) [PSYoungGen: 71552K->1408K(72192K)] 397959K->327815K(802304K), 0.0019295 secs] [Times: user=0.00 sys=0.00, real=0.00 secs] 
947.533: [GC (Allocation Failure) [PSYoungGen: 71552K->1453K(72192K)] 397959K->327860K(802304K), 0.0014648 secs] [Times: user=0.01 sys=0.00, real=0.01 secs] 
947.658: [GC (Allocation Failure) [PSYoungGen: 71570K->1520K(72192K)] 397978K->327927K(802304K), 0.0014923 secs] [Times: user=0.01 sys=0.00, real=0.00 secs] 
947.782: [GC (Allocation Failure) [PSYoungGen: 71664K->1520K(72192K)] 398071K->327927K(802304K), 0.0014917 secs] [Times: user=0.00 sys=0.00, real=0.00 secs] 
947.904: [GC (Allocation Failure) [PSYoungGen: 71664K->1501K(72192K)] 398071K->327916K(802304K), 0.0014930 secs] [Times: user=0.01 sys=0.00, real=0.00 secs] 
948.883: [GC (Allocation Failure) [PSYoungGen: 71645K->1440K(72192K)] 398060K->327855K(802304K), 0.0024518 secs] [Times: user=0.01 sys=0.00, real=0.01 secs] 
949.202: [GC (Allocation Failure) [PSYoungGen: 71584K->1376K(72192K)] 397999K->327791K(802304K), 0.0020061 secs] [Times: user=0.01 sys=0.00, real=0.01 secs] 
949.738: [GC (Allocation Failure) [PSYoungGen: 71520K->1376K(72192K)] 397935K->327815K(802304K), 0.0020433 secs] [Times: user=0.01 sys=0.00, real=0.00 secs] 
950.406: [GC (Allocation Failure) [PSYoungGen: 71520K->1408K(72192K)] 397959K->327847K(802304K), 0.0022256 secs] [Times: user=0.01 sys=0.00, real=0.00 secs] 
950.778: [GC (Allocation Failure) [PSYoungGen: 71552K->1488K(72192K)] 397991K->327927K(802304K), 0.0015993 secs] [Times: user=0.00 sys=0.00, real=0.00 secs] 
950.904: [GC (Allocation Failure) [PSYoungGen: 71632K->1453K(72192K)] 398071K->327892K(802304K), 0.0015622 secs] [Times: user=0.00 sys=0.00, real=0.01 secs] 
951.029: [GC (Allocation Failure) [PSYoungGen: 71597K->1424K(72192K)] 398036K->327863K(802304K), 0.0015936 secs] [Times: user=0.01 sys=0.00, real=0.00 secs] 
951.315: [GC (Allocation Failure) [PSYoungGen: 71568K->1696K(72192K)] 398007K->328143K(802304K), 0.0021153 secs] [Times: user=0.00 sys=0.00, real=0.00 secs] 
953.379: [GC (Allocation Failure) [PSYoungGen: 71840K->1376K(72192K)] 398287K->327823K(802304K), 0.0032881 secs] [Times: user=0.01 sys=0.00, real=0.00 secs] 
954.091: [GC (Allocation Failure) [PSYoungGen: 71520K->1376K(72192K)] 397967K->327823K(802304K), 0.0036755 secs] [Times: user=0.01 sys=0.00, real=0.01 secs] 
954.743: [GC (Allocation Failure) [PSYoungGen: 71520K->1376K(72192K)] 397967K->327823K(802304K), 0.0024630 secs] [Times: user=0.01 sys=0.00, real=0.01 secs] 
955.535: [GC (Allocation Failure) [PSYoungGen: 71520K->1437K(72192K)] 397967K->327884K(802304K), 0.0033853 secs] [Times: user=0.01 sys=0.00, real=0.00 secs] 
955.752: [GC (Allocation Failure) [PSYoungGen: 71581K->1488K(72192K)] 398028K->327935K(802304K), 0.0020719 secs] [Times: user=0.00 sys=0.00, real=0.00 secs] 
955.917: [GC (Allocation Failure) [PSYoungGen: 71632K->1520K(72192K)] 398079K->327967K(802304K), 0.0020266 secs] [Times: user=0.01 sys=0.00, real=0.00 secs] 
956.074: [GC (Allocation Failure) [PSYoungGen: 71664K->1501K(72192K)] 398111K->327948K(802304K), 0.0022321 secs] [Times: user=0.01 sys=0.00, real=0.00 secs] 
956.302: [GC (Allocation Failure) [PSYoungGen: 71645K->1440K(72192K)] 398092K->327895K(802304K), 0.0018189 secs] [Times: user=0.00 sys=0.00, real=0.01 secs] 
956.594: [GC (Allocation Failure) [PSYoungGen: 71584K->1408K(72192K)] 398039K->327863K(802304K), 0.0018174 secs] [Times: user=0.01 sys=0.00, real=0.00 secs] 
957.272: [GC (Allocation Failure) [PSYoungGen: 71552K->1408K(72192K)] 398007K->327863K(802304K), 0.0019925 secs] [Times: user=0.01 sys=0.00, real=0.01 secs] 
958.035: [GC (Allocation Failure) [PSYoungGen: 71552K->1376K(72192K)] 398007K->327831K(802304K), 0.0023800 secs] [Times: user=0.01 sys=0.00, real=0.00 secs] 
958.736: [GC (Allocation Failure) [PSYoungGen: 71520K->1424K(72192K)] 397975K->327879K(802304K), 0.0032406 secs] [Times: user=0.02 sys=0.00, real=0.00 secs] 
958.940: [GC (Allocation Failure) [PSYoungGen: 71568K->1520K(72192K)] 398023K->327975K(802304K), 0.0016557 secs] [Times: user=0.01 sys=0.00, real=0.00 secs] 
959.063: [GC (Allocation Failure) [PSYoungGen: 71664K->1549K(72192K)] 398119K->328004K(802304K), 0.0014877 secs] [Times: user=0.01 sys=0.00, real=0.01 secs] 
959.186: [GC (Allocation Failure) [PSYoungGen: 71693K->1520K(72192K)] 398148K->327991K(802304K), 0.0015405 secs] [Times: user=0.01 sys=0.00, real=0.00 secs] 
959.672: [GC (Allocation Failure) [PSYoungGen: 71664K->1392K(72192K)] 398135K->327879K(802304K), 0.0037791 secs] [Times: user=0.02 sys=0.00, real=0.01 secs] 
960.281: [GC (Allocation Failure) [PSYoungGen: 71536K->1408K(72192K)] 398023K->327895K(802304K), 0.0028288 secs] [Times: user=0.01 sys=0.00, real=0.01 secs] 
960.871: [GC (Allocation Failure) [PSYoungGen: 71552K->1408K(72192K)] 398039K->327895K(802304K), 0.0026752 secs] [Times: user=0.02 sys=0.00, real=0.01 secs] 
961.313: [GC (Allocation Failure) [PSYoungGen: 71552K->1344K(72192K)] 398039K->327831K(802304K), 0.0024841 secs] [Times: user=0.01 sys=0.00, real=0.01 secs] 
961.713: [GC (Allocation Failure) [PSYoungGen: 71488K->1488K(72192K)] 397975K->327975K(802304K), 0.0019539 secs] [Times: user=0.01 sys=0.00, real=0.01 secs] 
961.843: [GC (Allocation Failure) [PSYoungGen: 71626K->1456K(72192K)] 398113K->327943K(802304K), 0.0015036 secs] [Times: user=0.01 sys=0.00, real=0.01 secs] 
961.985: [GC (Allocation Failure) [PSYoungGen: 71600K->1488K(72192K)] 398087K->327975K(802304K), 0.0019025 secs] [Times: user=0.01 sys=0.00, real=0.00 secs] 
962.139: [GC (Allocation Failure) [PSYoungGen: 71632K->1520K(72192K)] 398119K->328023K(802304K), 0.0016557 secs] [Times: user=0.00 sys=0.00, real=0.00 secs] 
962.813: [GC (Allocation Failure) [PSYoungGen: 71664K->1408K(72192K)] 398167K->327911K(802304K), 0.0030136 secs] [Times: user=0.02 sys=0.00, real=0.01 secs] 
963.100: [GC (Allocation Failure) [PSYoungGen: 71552K->1376K(72192K)] 398055K->327879K(802304K), 0.0020830 secs] [Times: user=0.01 sys=0.00, real=0.00 secs] 
963.394: [GC (Allocation Failure) [PSYoungGen: 71520K->1328K(72192K)] 398023K->327831K(802304K), 0.0022572 secs] [Times: user=0.01 sys=0.00, real=0.00 secs] 
963.684: [GC (Allocation Failure) [PSYoungGen: 71472K->1408K(72192K)] 397975K->327911K(802304K), 0.0019962 secs] [Times: user=0.01 sys=0.00, real=0.00 secs] 
963.854: [GC (Allocation Failure) [PSYoungGen: 71552K->1456K(72192K)] 398055K->327959K(802304K), 0.0014766 secs] [Times: user=0.00 sys=0.00, real=0.00 secs] 
963.977: [GC (Allocation Failure) [PSYoungGen: 71600K->1485K(72192K)] 398103K->327988K(802304K), 0.0015805 secs] [Times: user=0.00 sys=0.00, real=0.00 secs] 
964.100: [GC (Allocation Failure) [PSYoungGen: 71629K->1549K(72192K)] 398132K->328052K(802304K), 0.0014255 secs] [Times: user=0.01 sys=0.00, real=0.00 secs] 
964.410: [GC (Allocation Failure) [PSYoungGen: 71693K->1408K(72192K)] 398196K->327911K(802304K), 0.0061099 secs] [Times: user=0.02 sys=0.00, real=0.01 secs] 
965.261: [GC (Allocation Failure) [PSYoungGen: 71552K->1376K(77824K)] 398055K->327879K(807936K), 0.0045957 secs] [Times: user=0.01 sys=0.01, real=0.01 secs] 
966.050: [GC (Allocation Failure) [PSYoungGen: 77664K->1376K(77312K)] 404167K->327879K(807424K), 0.0029837 secs] [Times: user=0.01 sys=0.00, real=0.00 secs] 
966.658: [GC (Allocation Failure) [PSYoungGen: 77152K->1376K(76800K)] 403655K->327879K(806912K), 0.0027911 secs] [Times: user=0.01 sys=0.00, real=0.00 secs] 
967.119: [GC (Allocation Failure) [PSYoungGen: 76640K->1456K(76288K)] 403143K->327959K(806400K), 0.0020237 secs] [Times: user=0.01 sys=0.00, real=0.00 secs] 
967.262: [GC (Allocation Failure) [PSYoungGen: 76208K->1520K(75776K)] 402711K->328023K(805888K), 0.0016538 secs] [Times: user=0.00 sys=0.00, real=0.00 secs] 
967.416: [GC (Allocation Failure) [PSYoungGen: 75760K->1488K(75264K)] 402263K->327999K(805376K), 0.0020276 secs] [Times: user=0.01 sys=0.00, real=0.00 secs] 
967.552: [GC (Allocation Failure) [PSYoungGen: 75216K->1472K(75776K)] 401727K->327983K(805888K), 0.0017660 secs] [Times: user=0.00 sys=0.00, real=0.01 secs] 
968.179: [GC (Allocation Failure) [PSYoungGen: 75200K->1376K(74752K)] 401711K->327911K(804864K), 0.0022734 secs] [Times: user=0.01 sys=0.00, real=0.00 secs] 
968.907: [GC (Allocation Failure) [PSYoungGen: 74592K->1376K(74240K)] 401127K->327911K(804352K), 0.0029499 secs] [Times: user=0.01 sys=0.00, real=0.00 secs] 
969.733: [GC (Allocation Failure) [PSYoungGen: 74080K->1408K(73728K)] 400615K->327943K(803840K), 0.0034149 secs] [Times: user=0.01 sys=0.00, real=0.01 secs] 
970.801: [GC (Allocation Failure) [PSYoungGen: 73600K->1392K(73216K)] 400135K->327927K(803328K), 0.0036728 secs] [Times: user=0.01 sys=0.00, real=0.01 secs] 
971.055: [GC (Allocation Failure) [PSYoungGen: 73072K->1488K(72704K)] 399607K->328031K(802816K), 0.0021423 secs] [Times: user=0.00 sys=0.00, real=0.00 secs] 
971.192: [GC (Allocation Failure) [PSYoungGen: 72656K->1456K(72192K)] 399199K->327999K(802304K), 0.0015933 secs] [Times: user=0.00 sys=0.00, real=0.00 secs] 
971.316: [GC (Allocation Failure) [PSYoungGen: 72112K->1520K(71680K)] 398655K->328063K(801792K), 0.0016221 secs] [Times: user=0.01 sys=0.01, real=0.00 secs] 
971.825: [GC (Allocation Failure) [PSYoungGen: 71664K->1440K(72192K)] 398207K->327983K(802304K), 0.0030763 secs] [Times: user=0.01 sys=0.00, real=0.00 secs] 
972.128: [GC (Allocation Failure) [PSYoungGen: 71584K->1376K(72192K)] 398127K->327919K(802304K), 0.0021176 secs] [Times: user=0.01 sys=0.00, real=0.00 secs] 
972.444: [GC (Allocation Failure) [PSYoungGen: 71520K->1408K(72192K)] 398063K->327951K(802304K), 0.0020235 secs] [Times: user=0.00 sys=0.00, real=0.01 secs] 
972.800: [GC (Allocation Failure) [PSYoungGen: 71552K->1360K(72192K)] 398095K->327903K(802304K), 0.0021293 secs] [Times: user=0.01 sys=0.00, real=0.00 secs] 
973.195: [GC (Allocation Failure) [PSYoungGen: 71504K->1488K(72192K)] 398047K->328031K(802304K), 0.0018279 secs] [Times: user=0.00 sys=0.00, real=0.00 secs] 
973.329: [GC (Allocation Failure) [PSYoungGen: 71617K->1549K(72192K)] 398161K->328092K(802304K), 0.0014961 secs] [Times: user=0.01 sys=0.00, real=0.00 secs] 
973.453: [GC (Allocation Failure) [PSYoungGen: 71693K->1549K(72192K)] 398236K->328092K(802304K), 0.0015228 secs] [Times: user=0.01 sys=0.00, real=0.01 secs] 
973.596: [GC (Allocation Failure) [PSYoungGen: 71693K->1437K(72192K)] 398236K->327980K(802304K), 0.0018287 secs] [Times: user=0.01 sys=0.00, real=0.00 secs] 
974.243: [GC (Allocation Failure) [PSYoungGen: 71581K->1440K(72192K)] 398124K->327991K(802304K), 0.0020034 secs] [Times: user=0.01 sys=0.00, real=0.01 secs] 
974.918: [GC (Allocation Failure) [PSYoungGen: 71584K->1408K(72192K)] 398135K->327967K(802304K), 0.0019576 secs] [Times: user=0.01 sys=0.00, real=0.00 secs] 
975.557: [GC (Allocation Failure) [PSYoungGen: 71552K->1408K(72192K)] 398111K->327967K(802304K), 0.0020826 secs] [Times: user=0.01 sys=0.00, real=0.00 secs] 
976.091: [GC (Allocation Failure) [PSYoungGen: 71552K->1376K(72192K)] 398111K->327935K(802304K), 0.0021666 secs] [Times: user=0.01 sys=0.00, real=0.00 secs] 
976.847: [GC (Allocation Failure) [PSYoungGen: 71503K->1520K(72192K)] 398062K->328079K(802304K), 0.0020227 secs] [Times: user=0.01 sys=0.00, real=0.00 secs] 
976.979: [GC (Allocation Failure) [PSYoungGen: 71664K->1488K(72192K)] 398223K->328047K(802304K), 0.0015238 secs] [Times: user=0.01 sys=0.00, real=0.00 secs] 
977.102: [GC (Allocation Failure) [PSYoungGen: 71632K->1581K(72192K)] 398191K->328140K(802304K), 0.0018126 secs] [Times: user=0.00 sys=0.00, real=0.01 secs] 
977.226: [GC (Allocation Failure) [PSYoungGen: 71725K->1440K(72192K)] 398284K->327999K(802304K), 0.0014688 secs] [Times: user=0.01 sys=0.00, real=0.00 secs] 
977.892: [GC (Allocation Failure) [PSYoungGen: 71584K->1408K(72192K)] 398143K->327967K(802304K), 0.0018930 secs] [Times: user=0.01 sys=0.00, real=0.01 secs] 
978.552: [GC (Allocation Failure) [PSYoungGen: 71552K->1344K(72192K)] 398111K->327903K(802304K), 0.0019592 secs] [Times: user=0.00 sys=0.00, real=0.01 secs] 
979.353: [GC (Allocation Failure) [PSYoungGen: 71488K->1344K(72192K)] 398047K->327927K(802304K), 0.0024504 secs] [Times: user=0.01 sys=0.00, real=0.01 secs] 
980.032: [GC (Allocation Failure) [PSYoungGen: 71265K->256K(72192K)] 397848K->326839K(802304K), 0.0023605 secs] [Times: user=0.01 sys=0.00, real=0.01 secs] 
980.205: [GC (Allocation Failure) [PSYoungGen: 70400K->1421K(72192K)] 396983K->328004K(802304K), 0.0014952 secs] [Times: user=0.00 sys=0.00, real=0.00 secs] 
980.328: [GC (Allocation Failure) [PSYoungGen: 71565K->1533K(72192K)] 398148K->328116K(802304K), 0.0014271 secs] [Times: user=0.01 sys=0.00, real=0.00 secs] 
980.450: [GC (Allocation Failure) [PSYoungGen: 71677K->1424K(72192K)] 398260K->328007K(802304K), 0.0014637 secs] [Times: user=0.01 sys=0.00, real=0.00 secs] 
980.893: [GC (Allocation Failure) [PSYoungGen: 71568K->1440K(72192K)] 398151K->328031K(802304K), 0.0029217 secs] [Times: user=0.01 sys=0.01, real=0.01 secs] 
981.535: [GC (Allocation Failure) [PSYoungGen: 71584K->1392K(72192K)] 398175K->327983K(802304K), 0.0026273 secs] [Times: user=0.01 sys=0.00, real=0.00 secs] 
982.127: [GC (Allocation Failure) [PSYoungGen: 71536K->1408K(72192K)] 398127K->327999K(802304K), 0.0021053 secs] [Times: user=0.01 sys=0.00, real=0.00 secs] 
982.726: [GC (Allocation Failure) [PSYoungGen: 71552K->1408K(72192K)] 398143K->327999K(802304K), 0.0020517 secs] [Times: user=0.01 sys=0.00, real=0.00 secs] 
983.240: [GC (Allocation Failure) [PSYoungGen: 71545K->1469K(72192K)] 398136K->328060K(802304K), 0.0019359 secs] [Times: user=0.01 sys=0.00, real=0.00 secs] 
983.373: [GC (Allocation Failure) [PSYoungGen: 71613K->1456K(72192K)] 398204K->328047K(802304K), 0.0015082 secs] [Times: user=0.01 sys=0.00, real=0.01 secs] 
983.515: [GC (Allocation Failure) [PSYoungGen: 71600K->1456K(72192K)] 398191K->328047K(802304K), 0.0020191 secs] [Times: user=0.01 sys=0.00, real=0.00 secs] 
983.670: [GC (Allocation Failure) [PSYoungGen: 71600K->1488K(72192K)] 398191K->328095K(802304K), 0.0019555 secs] [Times: user=0.01 sys=0.01, real=0.00 secs] 
984.085: [GC (Allocation Failure) [PSYoungGen: 71632K->1376K(72192K)] 398239K->327983K(802304K), 0.0023353 secs] [Times: user=0.01 sys=0.00, real=0.00 secs] 
984.663: [GC (Allocation Failure) [PSYoungGen: 71520K->1408K(72192K)] 398127K->328015K(802304K), 0.0021502 secs] [Times: user=0.01 sys=0.00, real=0.01 secs] 
985.214: [GC (Allocation Failure) [PSYoungGen: 71552K->1376K(72192K)] 398159K->327983K(802304K), 0.0023365 secs] [Times: user=0.01 sys=0.00, real=0.01 secs] 
985.740: [GC (Allocation Failure) [PSYoungGen: 71520K->1392K(72192K)] 398127K->327999K(802304K), 0.0022145 secs] [Times: user=0.01 sys=0.00, real=0.00 secs] 
986.174: [GC (Allocation Failure) [PSYoungGen: 71536K->1520K(72192K)] 398143K->328127K(802304K), 0.0019409 secs] [Times: user=0.00 sys=0.00, real=0.00 secs] 
986.303: [GC (Allocation Failure) [PSYoungGen: 71635K->1501K(72192K)] 398242K->328108K(802304K), 0.0014959 secs] [Times: user=0.00 sys=0.00, real=0.01 secs] 
986.425: [GC (Allocation Failure) [PSYoungGen: 71645K->1549K(72192K)] 398252K->328156K(802304K), 0.0015344 secs] [Times: user=0.01 sys=0.00, real=0.00 secs] 
986.549: [GC (Allocation Failure) [PSYoungGen: 71693K->1520K(72192K)] 398300K->328143K(802304K), 0.0015222 secs] [Times: user=0.01 sys=0.00, real=0.00 secs] 
987.350: [GC (Allocation Failure) [PSYoungGen: 71664K->1424K(72192K)] 398287K->328047K(802304K), 0.0019402 secs] [Times: user=0.01 sys=0.00, real=0.00 secs] 
988.120: [GC (Allocation Failure) [PSYoungGen: 71568K->1376K(72192K)] 398191K->327999K(802304K), 0.0021085 secs] [Times: user=0.01 sys=0.00, real=0.00 secs] 
988.775: [GC (Allocation Failure) [PSYoungGen: 71520K->1376K(72192K)] 398143K->328015K(802304K), 0.0020385 secs] [Times: user=0.01 sys=0.00, real=0.00 secs] 
989.263: [GC (Allocation Failure) [PSYoungGen: 71520K->1312K(72192K)] 398159K->327951K(802304K), 0.0020295 secs] [Times: user=0.01 sys=0.00, real=0.01 secs] 
989.539: [GC (Allocation Failure) [PSYoungGen: 71456K->1456K(72192K)] 398095K->328095K(802304K), 0.0014519 secs] [Times: user=0.01 sys=0.00, real=0.00 secs] 
989.681: [GC (Allocation Failure) [PSYoungGen: 71600K->1520K(72192K)] 398239K->328159K(802304K), 0.0018350 secs] [Times: user=0.01 sys=0.00, real=0.00 secs] 
989.843: [GC (Allocation Failure) [PSYoungGen: 71664K->1488K(72192K)] 398303K->328127K(802304K), 0.0015117 secs] [Times: user=0.01 sys=0.00, real=0.01 secs] 
990.107: [GC (Allocation Failure) [PSYoungGen: 71632K->1440K(72192K)] 398271K->328079K(802304K), 0.0020432 secs] [Times: user=0.01 sys=0.00, real=0.00 secs] 
990.933: [GC (Allocation Failure) [PSYoungGen: 71584K->1376K(72192K)] 398223K->328015K(802304K), 0.0027586 secs] [Times: user=0.01 sys=0.00, real=0.01 secs] 
991.874: [GC (Allocation Failure) [PSYoungGen: 71520K->1376K(72192K)] 398159K->328015K(802304K), 0.0024827 secs] [Times: user=0.01 sys=0.00, real=0.00 secs] 
992.711: [GC (Allocation Failure) [PSYoungGen: 71520K->1376K(72192K)] 398159K->328015K(802304K), 0.0030744 secs] [Times: user=0.01 sys=0.00, real=0.01 secs] 
993.446: [GC (Allocation Failure) [PSYoungGen: 71520K->1408K(72192K)] 398159K->328047K(802304K), 0.0024292 secs] [Times: user=0.01 sys=0.00, real=0.00 secs] 
993.614: [GC (Allocation Failure) [PSYoungGen: 71552K->1488K(72192K)] 398191K->328127K(802304K), 0.0014932 secs] [Times: user=0.00 sys=0.00, real=0.00 secs] 
993.737: [GC (Allocation Failure) [PSYoungGen: 71632K->1581K(72192K)] 398271K->328220K(802304K), 0.0015256 secs] [Times: user=0.01 sys=0.00, real=0.00 secs] 
993.860: [GC (Allocation Failure) [PSYoungGen: 71725K->1581K(72192K)] 398364K->328220K(802304K), 0.0015376 secs] [Times: user=0.00 sys=0.00, real=0.00 secs] 
994.356: [GC (Allocation Failure) [PSYoungGen: 71725K->1440K(72192K)] 398364K->328079K(802304K), 0.0020150 secs] [Times: user=0.00 sys=0.00, real=0.00 secs] 
995.289: [GC (Allocation Failure) [PSYoungGen: 71584K->1344K(72192K)] 398223K->327983K(802304K), 0.0028550 secs] [Times: user=0.02 sys=0.00, real=0.00 secs] 
996.213: [GC (Allocation Failure) [PSYoungGen: 71488K->1392K(72192K)] 398127K->328031K(802304K), 0.0035061 secs] [Times: user=0.01 sys=0.00, real=0.01 secs] 
996.700: [GC (Allocation Failure) [PSYoungGen: 71536K->1408K(72192K)] 398175K->328047K(802304K), 0.0020491 secs] [Times: user=0.01 sys=0.00, real=0.00 secs] 
996.999: [GC (Allocation Failure) [PSYoungGen: 71552K->1488K(72192K)] 398191K->328127K(802304K), 0.0024272 secs] [Times: user=0.01 sys=0.00, real=0.00 secs] 
997.188: [GC (Allocation Failure) [PSYoungGen: 71609K->1520K(72192K)] 398248K->328159K(802304K), 0.0019765 secs] [Times: user=0.01 sys=0.00, real=0.00 secs] 
997.315: [GC (Allocation Failure) [PSYoungGen: 71664K->1517K(72192K)] 398303K->328156K(802304K), 0.0015659 secs] [Times: user=0.00 sys=0.00, real=0.00 secs] 
997.439: [GC (Allocation Failure) [PSYoungGen: 71661K->1472K(72192K)] 398300K->328127K(802304K), 0.0015296 secs] [Times: user=0.01 sys=0.00, real=0.00 secs] 
997.972: [GC (Allocation Failure) [PSYoungGen: 71616K->1456K(72192K)] 398271K->328111K(802304K), 0.0032466 secs] [Times: user=0.02 sys=0.00, real=0.01 secs] 
998.733: [GC (Allocation Failure) [PSYoungGen: 71600K->1376K(72192K)] 398255K->328031K(802304K), 0.0032024 secs] [Times: user=0.01 sys=0.00, real=0.01 secs] 
999.609: [GC (Allocation Failure) [PSYoungGen: 71520K->1376K(72192K)] 398175K->328047K(802304K), 0.0040867 secs] [Times: user=0.01 sys=0.00, real=0.00 secs] 
1000.270: [GC (Allocation Failure) [PSYoungGen: 71520K->1408K(72192K)] 398191K->328079K(802304K), 0.0031971 secs] [Times: user=0.01 sys=0.00, real=0.00 secs] 
1000.686: [GC (Allocation Failure) [PSYoungGen: 71552K->1488K(72192K)] 398223K->328159K(802304K), 0.0019284 secs] [Times: user=0.01 sys=0.00, real=0.00 secs] 
1000.823: [GC (Allocation Failure) [PSYoungGen: 71632K->1485K(72192K)] 398303K->328156K(802304K), 0.0015503 secs] [Times: user=0.01 sys=0.00, real=0.01 secs] 
1000.946: [GC (Allocation Failure) [PSYoungGen: 71629K->1456K(72192K)] 398300K->328127K(802304K), 0.0015144 secs] [Times: user=0.00 sys=0.00, real=0.00 secs] 
1001.069: [GC (Allocation Failure) [PSYoungGen: 71600K->1440K(72192K)] 398271K->328111K(802304K), 0.0016383 secs] [Times: user=0.01 sys=0.00, real=0.00 secs] 
1002.879: [GC (Allocation Failure) [PSYoungGen: 71584K->1408K(72192K)] 398255K->328079K(802304K), 0.0041339 secs] [Times: user=0.01 sys=0.00, real=0.00 secs] 
1004.080: [GC (Allocation Failure) [PSYoungGen: 71552K->1408K(72192K)] 398223K->328079K(802304K), 0.0040090 secs] [Times: user=0.01 sys=0.00, real=0.01 secs] 
1004.859: [GC (Allocation Failure) [PSYoungGen: 71552K->1408K(72192K)] 398223K->328079K(802304K), 0.0028116 secs] [Times: user=0.01 sys=0.00, real=0.00 secs] 
1005.614: [GC (Allocation Failure) [PSYoungGen: 71311K->256K(72192K)] 397982K->326927K(802304K), 0.0036707 secs] [Times: user=0.01 sys=0.00, real=0.00 secs] 
1005.838: [GC (Allocation Failure) [PSYoungGen: 70400K->1520K(72192K)] 397071K->328191K(802304K), 0.0020053 secs] [Times: user=0.01 sys=0.00, real=0.00 secs] 
1005.966: [GC (Allocation Failure) [PSYoungGen: 71664K->1485K(72192K)] 398335K->328156K(802304K), 0.0014974 secs] [Times: user=0.00 sys=0.00, real=0.00 secs] 
1006.108: [GC (Allocation Failure) [PSYoungGen: 71629K->1552K(72192K)] 398300K->328223K(802304K), 0.0018909 secs] [Times: user=0.00 sys=0.00, real=0.00 secs] 
1006.471: [GC (Allocation Failure) [PSYoungGen: 71696K->1472K(72192K)] 398367K->328143K(802304K), 0.0020068 secs] [Times: user=0.01 sys=0.00, real=0.00 secs] 
1007.092: [GC (Allocation Failure) [PSYoungGen: 71616K->1344K(72192K)] 398287K->328015K(802304K), 0.0029616 secs] [Times: user=0.01 sys=0.00, real=0.01 secs] 
1007.454: [GC (Allocation Failure) [PSYoungGen: 71488K->1376K(72192K)] 398159K->328047K(802304K), 0.0019728 secs] [Times: user=0.00 sys=0.00, real=0.00 secs] 
1007.878: [GC (Allocation Failure) [PSYoungGen: 71520K->1376K(72192K)] 398191K->328047K(802304K), 0.0019176 secs] [Times: user=0.01 sys=0.00, real=0.00 secs] 
1008.372: [GC (Allocation Failure) [PSYoungGen: 71520K->1437K(72192K)] 398191K->328108K(802304K), 0.0024018 secs] [Times: user=0.01 sys=0.00, real=0.01 secs] 
1008.537: [GC (Allocation Failure) [PSYoungGen: 71552K->1520K(72192K)] 398224K->328191K(802304K), 0.0015170 secs] [Times: user=0.01 sys=0.00, real=0.00 secs] 
1008.661: [GC (Allocation Failure) [PSYoungGen: 71664K->1549K(72192K)] 398335K->328220K(802304K), 0.0015227 secs] [Times: user=0.01 sys=0.00, real=0.00 secs] 
1008.784: [GC (Allocation Failure) [PSYoungGen: 71693K->1485K(72192K)] 398364K->328172K(802304K), 0.0015384 secs] [Times: user=0.01 sys=0.00, real=0.00 secs] 
1009.174: [GC (Allocation Failure) [PSYoungGen: 71629K->1408K(72192K)] 398316K->328127K(802304K), 0.0017798 secs] [Times: user=0.01 sys=0.00, real=0.00 secs] 
1010.096: [GC (Allocation Failure) [PSYoungGen: 71552K->1440K(72192K)] 398271K->328159K(802304K), 0.0026477 secs] [Times: user=0.01 sys=0.00, real=0.00 secs] 
1011.210: [GC (Allocation Failure) [PSYoungGen: 71584K->1376K(72192K)] 398303K->328095K(802304K), 0.0041907 secs] [Times: user=0.01 sys=0.00, real=0.01 secs] 
1012.312: [GC (Allocation Failure) [PSYoungGen: 71520K->1440K(72192K)] 398239K->328159K(802304K), 0.0038117 secs] [Times: user=0.02 sys=0.00, real=0.01 secs] 
1012.869: [GC (Allocation Failure) [PSYoungGen: 71584K->1533K(72192K)] 398303K->328252K(802304K), 0.0022559 secs] [Times: user=0.01 sys=0.00, real=0.00 secs] 
1013.019: [GC (Allocation Failure) [PSYoungGen: 71649K->1472K(72192K)] 398368K->328191K(802304K), 0.0015327 secs] [Times: user=0.00 sys=0.00, real=0.00 secs] 
1013.141: [GC (Allocation Failure) [PSYoungGen: 71616K->1520K(72192K)] 398335K->328239K(802304K), 0.0015811 secs] [Times: user=0.01 sys=0.00, real=0.00 secs] 
1013.265: [GC (Allocation Failure) [PSYoungGen: 71664K->1549K(72192K)] 398383K->328284K(802304K), 0.0015093 secs] [Times: user=0.00 sys=0.00, real=0.00 secs] 
1013.905: [GC (Allocation Failure) [PSYoungGen: 71693K->1472K(72192K)] 398428K->328207K(802304K), 0.0018058 secs] [Times: user=0.00 sys=0.00, real=0.00 secs] 
1014.489: [GC (Allocation Failure) [PSYoungGen: 71616K->1376K(72192K)] 398351K->328111K(802304K), 0.0032971 secs] [Times: user=0.01 sys=0.00, real=0.00 secs] 
1015.415: [GC (Allocation Failure) [PSYoungGen: 71520K->1440K(72192K)] 398255K->328175K(802304K), 0.0037310 secs] [Times: user=0.01 sys=0.00, real=0.00 secs] 
1016.251: [GC (Allocation Failure) [PSYoungGen: 71584K->1408K(72192K)] 398319K->328143K(802304K), 0.0041674 secs] [Times: user=0.02 sys=0.00, real=0.01 secs] 
1016.690: [GC (Allocation Failure) [PSYoungGen: 71552K->1520K(72192K)] 398287K->328255K(802304K), 0.0021059 secs] [Times: user=0.01 sys=0.00, real=0.00 secs] 
1016.826: [GC (Allocation Failure) [PSYoungGen: 71664K->1517K(72192K)] 398399K->328252K(802304K), 0.0017407 secs] [Times: user=0.01 sys=0.00, real=0.00 secs] 
1016.949: [GC (Allocation Failure) [PSYoungGen: 71661K->1517K(72192K)] 398396K->328252K(802304K), 0.0015352 secs] [Times: user=0.01 sys=0.00, real=0.00 secs] 
1017.136: [GC (Allocation Failure) [PSYoungGen: 71661K->1440K(72192K)] 398396K->328191K(802304K), 0.0017048 secs] [Times: user=0.01 sys=0.00, real=0.00 secs] 
1017.522: [GC (Allocation Failure) [PSYoungGen: 71584K->1408K(72192K)] 398335K->328159K(802304K), 0.0018710 secs] [Times: user=0.00 sys=0.00, real=0.00 secs] 
1018.030: [GC (Allocation Failure) [PSYoungGen: 71552K->1376K(72192K)] 398303K->328127K(802304K), 0.0018525 secs] [Times: user=0.01 sys=0.00, real=0.00 secs] 
1018.591: [GC (Allocation Failure) [PSYoungGen: 71520K->1408K(72192K)] 398271K->328159K(802304K), 0.0028868 secs] [Times: user=0.01 sys=0.00, real=0.01 secs] 
1019.194: [GC (Allocation Failure) [PSYoungGen: 71552K->1456K(72192K)] 398303K->328223K(802304K), 0.0034535 secs] [Times: user=0.01 sys=0.00, real=0.00 secs] 
1019.419: [GC (Allocation Failure) [PSYoungGen: 71600K->1520K(72192K)] 398367K->328287K(802304K), 0.0020178 secs] [Times: user=0.01 sys=0.00, real=0.00 secs] 
1019.548: [GC (Allocation Failure) [PSYoungGen: 71664K->1501K(72192K)] 398431K->328268K(802304K), 0.0016103 secs] [Times: user=0.01 sys=0.00, real=0.00 secs] 
1019.671: [GC (Allocation Failure) [PSYoungGen: 71645K->1424K(72192K)] 398412K->328191K(802304K), 0.0014809 secs] [Times: user=0.01 sys=0.00, real=0.00 secs] 
1019.921: [GC (Allocation Failure) [PSYoungGen: 71568K->1408K(72192K)] 398335K->328183K(802304K), 0.0023268 secs] [Times: user=0.01 sys=0.00, real=0.01 secs] 
1020.367: [GC (Allocation Failure) [PSYoungGen: 71552K->1376K(72192K)] 398327K->328151K(802304K), 0.0027863 secs] [Times: user=0.01 sys=0.00, real=0.00 secs] 
1020.924: [GC (Allocation Failure) [PSYoungGen: 71520K->1376K(72192K)] 398295K->328151K(802304K), 0.0024705 secs] [Times: user=0.01 sys=0.00, real=0.01 secs] 
1021.555: [GC (Allocation Failure) [PSYoungGen: 71520K->1392K(72192K)] 398295K->328167K(802304K), 0.0037336 secs] [Times: user=0.02 sys=0.00, real=0.00 secs] 
1021.997: [GC (Allocation Failure) [PSYoungGen: 71536K->1501K(72192K)] 398311K->328276K(802304K), 0.0021805 secs] [Times: user=0.01 sys=0.00, real=0.00 secs] 
1022.144: [GC (Allocation Failure) [PSYoungGen: 71617K->1517K(72192K)] 398392K->328292K(802304K), 0.0015003 secs] [Times: user=0.01 sys=0.00, real=0.00 secs] 
1022.267: [GC (Allocation Failure) [PSYoungGen: 71661K->1485K(72192K)] 398436K->328260K(802304K), 0.0015426 secs] [Times: user=0.01 sys=0.00, real=0.00 secs] 
1022.390: [GC (Allocation Failure) [PSYoungGen: 71629K->1488K(72192K)] 398404K->328279K(802304K), 0.0014889 secs] [Times: user=0.00 sys=0.00, real=0.00 secs] 
1022.966: [GC (Allocation Failure) [PSYoungGen: 71632K->1424K(72192K)] 398423K->328215K(802304K), 0.0020957 secs] [Times: user=0.01 sys=0.00, real=0.00 secs] 
1023.487: [GC (Allocation Failure) [PSYoungGen: 71568K->1376K(72192K)] 398359K->328167K(802304K), 0.0025844 secs] [Times: user=0.01 sys=0.00, real=0.00 secs] 
1023.777: [GC (Allocation Failure) [PSYoungGen: 71520K->1344K(72192K)] 398311K->328135K(802304K), 0.0021808 secs] [Times: user=0.01 sys=0.00, real=0.00 secs] 
1024.065: [GC (Allocation Failure) [PSYoungGen: 71488K->1392K(72192K)] 398279K->328183K(802304K), 0.0019287 secs] [Times: user=0.01 sys=0.00, real=0.00 secs] 
1024.314: [GC (Allocation Failure) [PSYoungGen: 71516K->1520K(72192K)] 398307K->328311K(802304K), 0.0020394 secs] [Times: user=0.01 sys=0.00, real=0.00 secs] 
1024.487: [GC (Allocation Failure) [PSYoungGen: 71664K->1517K(72192K)] 398455K->328308K(802304K), 0.0015435 secs] [Times: user=0.00 sys=0.00, real=0.00 secs] 
1024.611: [GC (Allocation Failure) [PSYoungGen: 71661K->1517K(72192K)] 398452K->328308K(802304K), 0.0015641 secs] [Times: user=0.00 sys=0.00, real=0.00 secs] 
1024.900: [GC (Allocation Failure) [PSYoungGen: 71661K->1568K(72192K)] 398452K->328359K(802304K), 0.0019500 secs] [Times: user=0.00 sys=0.00, real=0.00 secs] 
1025.899: [GC (Allocation Failure) [PSYoungGen: 71712K->1376K(72192K)] 398503K->328167K(802304K), 0.0066336 secs] [Times: user=0.02 sys=0.00, real=0.01 secs] 
1026.549: [GC (Allocation Failure) [PSYoungGen: 71520K->1376K(72192K)] 398311K->328167K(802304K), 0.0031388 secs] [Times: user=0.01 sys=0.00, real=0.00 secs] 
1027.169: [GC (Allocation Failure) [PSYoungGen: 71520K->1344K(72192K)] 398311K->328135K(802304K), 0.0026958 secs] [Times: user=0.01 sys=0.00, real=0.00 secs] 
1027.518: [GC (Allocation Failure) [PSYoungGen: 71488K->1440K(72192K)] 398279K->328231K(802304K), 0.0020434 secs] [Times: user=0.01 sys=0.00, real=0.00 secs] 
1027.659: [GC (Allocation Failure) [PSYoungGen: 71584K->1488K(72192K)] 398375K->328279K(802304K), 0.0016058 secs] [Times: user=0.00 sys=0.00, real=0.00 secs] 
1027.783: [GC (Allocation Failure) [PSYoungGen: 71632K->1456K(72192K)] 398423K->328247K(802304K), 0.0015158 secs] [Times: user=0.00 sys=0.00, real=0.01 secs] 
1027.923: [GC (Allocation Failure) [PSYoungGen: 71600K->1456K(72192K)] 398391K->328247K(802304K), 0.0018823 secs] [Times: user=0.01 sys=0.00, real=0.01 secs] 
1028.530: [GC (Allocation Failure) [PSYoungGen: 71600K->1440K(72192K)] 398391K->328255K(802304K), 0.0025488 secs] [Times: user=0.01 sys=0.00, real=0.00 secs] 
1029.507: [GC (Allocation Failure) [PSYoungGen: 71584K->1344K(72192K)] 398399K->328159K(802304K), 0.0038939 secs] [Times: user=0.01 sys=0.00, real=0.00 secs] 
1030.570: [GC (Allocation Failure) [PSYoungGen: 71488K->1376K(72192K)] 398303K->328191K(802304K), 0.0045218 secs] [Times: user=0.01 sys=0.00, real=0.01 secs] 
1031.670: [GC (Allocation Failure) [PSYoungGen: 71520K->1344K(72192K)] 398335K->328159K(802304K), 0.0042007 secs] [Times: user=0.01 sys=0.00, real=0.01 secs] 
1032.104: [GC (Allocation Failure) [PSYoungGen: 71488K->1520K(72192K)] 398303K->328335K(802304K), 0.0021544 secs] [Times: user=0.01 sys=0.00, real=0.00 secs] 
1032.256: [GC (Allocation Failure) [PSYoungGen: 71633K->1520K(72192K)] 398448K->328335K(802304K), 0.0014795 secs] [Times: user=0.01 sys=0.00, real=0.00 secs] 
1032.381: [GC (Allocation Failure) [PSYoungGen: 71664K->1517K(72192K)] 398479K->328332K(802304K), 0.0015062 secs] [Times: user=0.01 sys=0.00, real=0.00 secs] 
1032.505: [GC (Allocation Failure) [PSYoungGen: 71661K->1520K(72192K)] 398476K->328351K(802304K), 0.0016236 secs] [Times: user=0.01 sys=0.00, real=0.00 secs] 
1033.505: [GC (Allocation Failure) [PSYoungGen: 71664K->1440K(72192K)] 398495K->328271K(802304K), 0.0028803 secs] [Times: user=0.01 sys=0.00, real=0.00 secs] 
1034.133: [GC (Allocation Failure) [PSYoungGen: 71584K->1376K(72192K)] 398415K->328207K(802304K), 0.0028483 secs] [Times: user=0.01 sys=0.00, real=0.01 secs] 
1034.805: [GC (Allocation Failure) [PSYoungGen: 71520K->1344K(72192K)] 398351K->328175K(802304K), 0.0032298 secs] [Times: user=0.02 sys=0.00, real=0.00 secs] 
1035.497: [GC (Allocation Failure) [PSYoungGen: 71488K->1376K(72192K)] 398319K->328207K(802304K), 0.0041042 secs] [Times: user=0.02 sys=0.00, real=0.00 secs] 
1035.890: [GC (Allocation Failure) [PSYoungGen: 71520K->1424K(72192K)] 398351K->328255K(802304K), 0.0023488 secs] [Times: user=0.01 sys=0.00, real=0.00 secs] 
1036.048: [GC (Allocation Failure) [PSYoungGen: 71567K->1485K(72192K)] 398398K->328316K(802304K), 0.0014996 secs] [Times: user=0.01 sys=0.00, real=0.00 secs] 
1036.199: [GC (Allocation Failure) [PSYoungGen: 71629K->1520K(72192K)] 398460K->328351K(802304K), 0.0021617 secs] [Times: user=0.01 sys=0.00, real=0.00 secs] 
1036.369: [GC (Allocation Failure) [PSYoungGen: 71664K->1533K(72192K)] 398495K->328372K(802304K), 0.0015186 secs] [Times: user=0.01 sys=0.00, real=0.00 secs] 
1037.450: [GC (Allocation Failure) [PSYoungGen: 71677K->1408K(72192K)] 398516K->328247K(802304K), 0.0033428 secs] [Times: user=0.01 sys=0.00, real=0.00 secs] 
1038.330: [GC (Allocation Failure) [PSYoungGen: 71552K->1376K(72192K)] 398391K->328215K(802304K), 0.0035253 secs] [Times: user=0.02 sys=0.00, real=0.00 secs] 
1039.261: [GC (Allocation Failure) [PSYoungGen: 71520K->1344K(72192K)] 398359K->328183K(802304K), 0.0032665 secs] [Times: user=0.01 sys=0.00, real=0.01 secs] 
1039.814: [GC (Allocation Failure) [PSYoungGen: 71488K->1360K(72192K)] 398327K->328199K(802304K), 0.0024884 secs] [Times: user=0.01 sys=0.00, real=0.00 secs] 
1040.071: [GC (Allocation Failure) [PSYoungGen: 71504K->1520K(72192K)] 398343K->328359K(802304K), 0.0014907 secs] [Times: user=0.01 sys=0.00, real=0.00 secs] 
1040.196: [GC (Allocation Failure) [PSYoungGen: 71664K->1488K(72192K)] 398503K->328327K(802304K), 0.0015888 secs] [Times: user=0.01 sys=0.00, real=0.00 secs] 
1040.321: [GC (Allocation Failure) [PSYoungGen: 71632K->1517K(72192K)] 398471K->328372K(802304K), 0.0014853 secs] [Times: user=0.00 sys=0.00, real=0.00 secs] 
1041.354: [GC (Allocation Failure) [PSYoungGen: 71661K->1424K(72192K)] 398516K->328287K(802304K), 0.0045866 secs] [Times: user=0.02 sys=0.00, real=0.00 secs] 
1043.538: [GC (Allocation Failure) [PSYoungGen: 71568K->1408K(72192K)] 398431K->328271K(802304K), 0.0032956 secs] [Times: user=0.01 sys=0.00, real=0.00 secs] 
1044.183: [GC (Allocation Failure) [PSYoungGen: 71552K->1376K(72192K)] 398415K->328239K(802304K), 0.0027830 secs] [Times: user=0.01 sys=0.00, real=0.01 secs] 
1044.974: [GC (Allocation Failure) [PSYoungGen: 71520K->1376K(72192K)] 398383K->328239K(802304K), 0.0024008 secs] [Times: user=0.01 sys=0.00, real=0.00 secs] 
1045.718: [GC (Allocation Failure) [PSYoungGen: 71520K->1408K(72192K)] 398383K->328271K(802304K), 0.0027192 secs] [Times: user=0.01 sys=0.00, real=0.00 secs] 
1045.936: [GC (Allocation Failure) [PSYoungGen: 71552K->1469K(72192K)] 398415K->328332K(802304K), 0.0019282 secs] [Times: user=0.00 sys=0.00, real=0.00 secs] 
1046.064: [GC (Allocation Failure) [PSYoungGen: 71613K->1517K(72192K)] 398476K->328380K(802304K), 0.0015284 secs] [Times: user=0.00 sys=0.00, real=0.00 secs] 
1046.187: [GC (Allocation Failure) [PSYoungGen: 71661K->1549K(72192K)] 398524K->328412K(802304K), 0.0016424 secs] [Times: user=0.00 sys=0.00, real=0.00 secs] 
1047.454: [GC (Allocation Failure) [PSYoungGen: 71693K->1440K(72192K)] 398556K->328303K(802304K), 0.0045707 secs] [Times: user=0.02 sys=0.00, real=0.00 secs] 
1048.178: [GC (Allocation Failure) [PSYoungGen: 71584K->1376K(72192K)] 398447K->328239K(802304K), 0.0038373 secs] [Times: user=0.01 sys=0.00, real=0.00 secs] 
1048.831: [GC (Allocation Failure) [PSYoungGen: 71520K->1376K(72192K)] 398383K->328239K(802304K), 0.0031392 secs] [Times: user=0.02 sys=0.00, real=0.01 secs] 
1049.211: [GC (Allocation Failure) [PSYoungGen: 71520K->1376K(72192K)] 398383K->328239K(802304K), 0.0018697 secs] [Times: user=0.01 sys=0.00, real=0.00 secs] 
1049.604: [GC (Allocation Failure) [PSYoungGen: 71520K->1488K(72192K)] 398383K->328351K(802304K), 0.0021178 secs] [Times: user=0.01 sys=0.01, real=0.00 secs] 
1049.730: [GC (Allocation Failure) [PSYoungGen: 71632K->1469K(72192K)] 398495K->328332K(802304K), 0.0015218 secs] [Times: user=0.00 sys=0.00, real=0.00 secs] 
1049.853: [GC (Allocation Failure) [PSYoungGen: 71613K->1517K(72192K)] 398476K->328380K(802304K), 0.0015620 secs] [Times: user=0.01 sys=0.00, real=0.01 secs] 
1049.977: [GC (Allocation Failure) [PSYoungGen: 71661K->1485K(72192K)] 398524K->328364K(802304K), 0.0014789 secs] [Times: user=0.01 sys=0.00, real=0.00 secs] 
1050.649: [GC (Allocation Failure) [PSYoungGen: 71629K->1440K(72192K)] 398508K->328343K(802304K), 0.0026953 secs] [Times: user=0.01 sys=0.00, real=0.00 secs] 
1050.941: [GC (Allocation Failure) [PSYoungGen: 71584K->1376K(72192K)] 398487K->328279K(802304K), 0.0021555 secs] [Times: user=0.01 sys=0.00, real=0.00 secs] 
1051.416: [GC (Allocation Failure) [PSYoungGen: 71520K->1408K(72192K)] 398423K->328311K(802304K), 0.0025368 secs] [Times: user=0.01 sys=0.00, real=0.00 secs] 
1052.028: [GC (Allocation Failure) [PSYoungGen: 71552K->1344K(72192K)] 398455K->328247K(802304K), 0.0028484 secs] [Times: user=0.01 sys=0.00, real=0.00 secs] 
1052.389: [GC (Allocation Failure) [PSYoungGen: 71488K->1488K(72192K)] 398391K->328391K(802304K), 0.0020079 secs] [Times: user=0.01 sys=0.00, real=0.00 secs] 
1052.520: [GC (Allocation Failure) [PSYoungGen: 71632K->1520K(72192K)] 398535K->328423K(802304K), 0.0015449 secs] [Times: user=0.01 sys=0.00, real=0.00 secs] 
1052.643: [GC (Allocation Failure) [PSYoungGen: 71664K->1485K(72192K)] 398567K->328388K(802304K), 0.0015471 secs] [Times: user=0.01 sys=0.00, real=0.01 secs] 
1052.912: [GC (Allocation Failure) [PSYoungGen: 71629K->1984K(72192K)] 398532K->329399K(802304K), 0.0019728 secs] [Times: user=0.01 sys=0.00, real=0.00 secs] 
1053.324: [GC (Allocation Failure) [PSYoungGen: 72128K->1376K(72192K)] 399543K->328791K(802304K), 0.0021321 secs] [Times: user=0.01 sys=0.00, real=0.00 secs] 
1053.658: [GC (Allocation Failure) [PSYoungGen: 71520K->1376K(72192K)] 398935K->328791K(802304K), 0.0020196 secs] [Times: user=0.01 sys=0.01, real=0.00 secs] 
1053.976: [GC (Allocation Failure) [PSYoungGen: 71520K->1360K(72192K)] 398935K->328775K(802304K), 0.0020288 secs] [Times: user=0.01 sys=0.00, real=0.00 secs] 
1054.322: [GC (Allocation Failure) [PSYoungGen: 71504K->1488K(72192K)] 398919K->328903K(802304K), 0.0020455 secs] [Times: user=0.01 sys=0.00, real=0.01 secs] 
1054.502: [GC (Allocation Failure) [PSYoungGen: 71632K->1520K(72192K)] 399047K->328935K(802304K), 0.0020609 secs] [Times: user=0.01 sys=0.00, real=0.01 secs] 
1054.659: [GC (Allocation Failure) [PSYoungGen: 71664K->1485K(72192K)] 399079K->328900K(802304K), 0.0017949 secs] [Times: user=0.00 sys=0.00, real=0.00 secs] 
1054.782: [GC (Allocation Failure) [PSYoungGen: 71629K->1485K(72192K)] 399044K->328900K(802304K), 0.0015480 secs] [Times: user=0.01 sys=0.00, real=0.01 secs] 
1055.074: [GC (Allocation Failure) [PSYoungGen: 71629K->1440K(72192K)] 399044K->328855K(802304K), 0.0022368 secs] [Times: user=0.00 sys=0.00, real=0.00 secs] 
1055.541: [GC (Allocation Failure) [PSYoungGen: 71584K->1376K(72192K)] 398999K->328791K(802304K), 0.0023829 secs] [Times: user=0.01 sys=0.00, real=0.00 secs] 
1056.019: [GC (Allocation Failure) [PSYoungGen: 71520K->1408K(72192K)] 398935K->328823K(802304K), 0.0025094 secs] [Times: user=0.01 sys=0.00, real=0.00 secs] 
1056.520: [GC (Allocation Failure) [PSYoungGen: 71552K->1376K(72192K)] 398967K->328791K(802304K), 0.0024756 secs] [Times: user=0.01 sys=0.00, real=0.00 secs] 
1056.984: [GC (Allocation Failure) [PSYoungGen: 71520K->1424K(72192K)] 398935K->328839K(802304K), 0.0022517 secs] [Times: user=0.01 sys=0.00, real=0.00 secs] 
1057.144: [GC (Allocation Failure) [PSYoungGen: 71553K->1485K(72192K)] 398968K->328916K(802304K), 0.0016836 secs] [Times: user=0.00 sys=0.00, real=0.00 secs] 
1057.289: [GC (Allocation Failure) [PSYoungGen: 71629K->1488K(72192K)] 399060K->328919K(802304K), 0.0018730 secs] [Times: user=0.00 sys=0.00, real=0.00 secs] 
1057.444: [GC (Allocation Failure) [PSYoungGen: 71632K->1520K(72192K)] 399063K->328959K(802304K), 0.0019238 secs] [Times: user=0.01 sys=0.00, real=0.00 secs] 
1057.827: [GC (Allocation Failure) [PSYoungGen: 71664K->1440K(72192K)] 399103K->328879K(802304K), 0.0019127 secs] [Times: user=0.01 sys=0.00, real=0.00 secs] 
1058.120: [GC (Allocation Failure) [PSYoungGen: 71584K->1344K(72192K)] 399023K->328783K(802304K), 0.0018644 secs] [Times: user=0.01 sys=0.00, real=0.00 secs] 
1058.614: [GC (Allocation Failure) [PSYoungGen: 71488K->1392K(72192K)] 398927K->328831K(802304K), 0.0021176 secs] [Times: user=0.01 sys=0.00, real=0.00 secs] 
1059.196: [GC (Allocation Failure) [PSYoungGen: 71536K->1360K(72192K)] 398975K->328799K(802304K), 0.0031836 secs] [Times: user=0.02 sys=0.00, real=0.00 secs] 
1059.917: [GC (Allocation Failure) [PSYoungGen: 71504K->1520K(72192K)] 398943K->328959K(802304K), 0.0020782 secs] [Times: user=0.01 sys=0.00, real=0.00 secs] 
1060.098: [GC (Allocation Failure) [PSYoungGen: 71664K->1520K(72192K)] 399103K->328959K(802304K), 0.0021080 secs] [Times: user=0.01 sys=0.00, real=0.00 secs] 
1060.255: [GC (Allocation Failure) [PSYoungGen: 71664K->1485K(72192K)] 399103K->328924K(802304K), 0.0015570 secs] [Times: user=0.01 sys=0.00, real=0.00 secs] 
1060.377: [GC (Allocation Failure) [PSYoungGen: 71629K->1581K(72192K)] 399068K->329028K(802304K), 0.0015327 secs] [Times: user=0.01 sys=0.00, real=0.00 secs] 
1060.988: [GC (Allocation Failure) [PSYoungGen: 71725K->1440K(72192K)] 399172K->328887K(802304K), 0.0025372 secs] [Times: user=0.01 sys=0.00, real=0.00 secs] 
1061.570: [GC (Allocation Failure) [PSYoungGen: 71584K->1376K(72192K)] 399031K->328823K(802304K), 0.0022744 secs] [Times: user=0.01 sys=0.00, real=0.00 secs] 
1062.128: [GC (Allocation Failure) [PSYoungGen: 71520K->1376K(72192K)] 398967K->328823K(802304K), 0.0021182 secs] [Times: user=0.01 sys=0.00, real=0.00 secs] 
1062.726: [GC (Allocation Failure) [PSYoungGen: 71520K->1408K(72192K)] 398967K->328855K(802304K), 0.0021026 secs] [Times: user=0.01 sys=0.00, real=0.00 secs] 
1062.960: [GC (Allocation Failure) [PSYoungGen: 71552K->1520K(72192K)] 398999K->328967K(802304K), 0.0020265 secs] [Times: user=0.01 sys=0.00, real=0.00 secs] 
1063.106: [GC (Allocation Failure) [PSYoungGen: 71664K->1488K(72192K)] 399111K->328935K(802304K), 0.0015216 secs] [Times: user=0.01 sys=0.00, real=0.00 secs] 
1063.229: [GC (Allocation Failure) [PSYoungGen: 71632K->1517K(72192K)] 399079K->328964K(802304K), 0.0015282 secs] [Times: user=0.01 sys=0.00, real=0.00 secs] 
1063.477: [GC (Allocation Failure) [PSYoungGen: 71661K->1440K(72192K)] 399108K->328895K(802304K), 0.0020835 secs] [Times: user=0.01 sys=0.00, real=0.00 secs] 
1064.075: [GC (Allocation Failure) [PSYoungGen: 71584K->1376K(72192K)] 399039K->328831K(802304K), 0.0022760 secs] [Times: user=0.01 sys=0.00, real=0.00 secs] 
1064.497: [GC (Allocation Failure) [PSYoungGen: 71520K->1408K(72192K)] 398975K->328863K(802304K), 0.0021223 secs] [Times: user=0.01 sys=0.00, real=0.00 secs] 
1064.788: [GC (Allocation Failure) [PSYoungGen: 71552K->1376K(72192K)] 399007K->328831K(802304K), 0.0019438 secs] [Times: user=0.01 sys=0.00, real=0.00 secs] 
1065.070: [GC (Allocation Failure) [PSYoungGen: 71520K->1440K(72192K)] 398975K->328895K(802304K), 0.0019355 secs] [Times: user=0.00 sys=0.00, real=0.00 secs] 
1065.201: [GC (Allocation Failure) [PSYoungGen: 71565K->1517K(72192K)] 399020K->328972K(802304K), 0.0015920 secs] [Times: user=0.01 sys=0.00, real=0.00 secs] 
1065.325: [GC (Allocation Failure) [PSYoungGen: 71661K->1517K(72192K)] 399116K->328972K(802304K), 0.0015418 secs] [Times: user=0.01 sys=0.00, real=0.00 secs] 
1065.448: [GC (Allocation Failure) [PSYoungGen: 71661K->1581K(72192K)] 399116K->329036K(802304K), 0.0016457 secs] [Times: user=0.01 sys=0.00, real=0.00 secs] 
1065.695: [GC (Allocation Failure) [PSYoungGen: 71725K->1408K(71680K)] 399180K->328863K(801792K), 0.0020443 secs] [Times: user=0.00 sys=0.00, real=0.00 secs] 
1065.987: [GC (Allocation Failure) [PSYoungGen: 71552K->1424K(77824K)] 399007K->328879K(807936K), 0.0047980 secs] [Times: user=0.03 sys=0.00, real=0.00 secs] 
1066.304: [GC (Allocation Failure) [PSYoungGen: 77200K->1312K(76800K)] 404655K->328767K(806912K), 0.0017449 secs] [Times: user=0.01 sys=0.00, real=0.00 secs] 
1066.705: [GC (Allocation Failure) [PSYoungGen: 76576K->1392K(76288K)] 404031K->328863K(806400K), 0.0019792 secs] [Times: user=0.01 sys=0.00, real=0.00 secs] 
1066.982: [GC (Allocation Failure) [PSYoungGen: 76144K->1469K(75776K)] 403615K->328940K(805888K), 0.0015363 secs] [Times: user=0.01 sys=0.00, real=0.01 secs] 
1067.117: [GC (Allocation Failure) [PSYoungGen: 75709K->1456K(75264K)] 403180K->328927K(805376K), 0.0017219 secs] [Times: user=0.01 sys=0.00, real=0.00 secs] 
1067.246: [GC (Allocation Failure) [PSYoungGen: 75184K->1488K(74752K)] 402655K->328959K(804864K), 0.0014871 secs] [Times: user=0.01 sys=0.00, real=0.00 secs] 
1067.692: [GC (Allocation Failure) [PSYoungGen: 74704K->1472K(74240K)] 402175K->328951K(804352K), 0.0024541 secs] [Times: user=0.01 sys=0.00, real=0.01 secs] 
1068.208: [GC (Allocation Failure) [PSYoungGen: 74176K->1408K(73728K)] 401655K->328887K(803840K), 0.0023121 secs] [Times: user=0.01 sys=0.00, real=0.00 secs] 
1068.528: [GC (Allocation Failure) [PSYoungGen: 73600K->1408K(73216K)] 401079K->328895K(803328K), 0.0020855 secs] [Times: user=0.01 sys=0.00, real=0.00 secs] 
1069.073: [GC (Allocation Failure) [PSYoungGen: 73088K->1376K(72704K)] 400575K->328863K(802816K), 0.0025979 secs] [Times: user=0.01 sys=0.01, real=0.01 secs] 
1069.612: [GC (Allocation Failure) [PSYoungGen: 72544K->1488K(72192K)] 400031K->328975K(802304K), 0.0021394 secs] [Times: user=0.01 sys=0.00, real=0.01 secs] 
1069.756: [GC (Allocation Failure) [PSYoungGen: 72140K->1520K(71680K)] 399627K->329039K(801792K), 0.0015060 secs] [Times: user=0.01 sys=0.00, real=0.00 secs] 
1069.879: [GC (Allocation Failure) [PSYoungGen: 71664K->1549K(72192K)] 399183K->329068K(802304K), 0.0016002 secs] [Times: user=0.01 sys=0.00, real=0.00 secs] 
1070.003: [GC (Allocation Failure) [PSYoungGen: 71693K->1488K(71680K)] 399212K->329007K(801792K), 0.0014667 secs] [Times: user=0.00 sys=0.00, real=0.01 secs] 
1070.677: [GC (Allocation Failure) [PSYoungGen: 71632K->1440K(72192K)] 399151K->328967K(802304K), 0.0023443 secs] [Times: user=0.01 sys=0.00, real=0.00 secs] 
1071.291: [GC (Allocation Failure) [PSYoungGen: 71584K->1376K(72192K)] 399111K->328903K(802304K), 0.0021395 secs] [Times: user=0.01 sys=0.00, real=0.00 secs] 
1071.602: [GC (Allocation Failure) [PSYoungGen: 71520K->1376K(72192K)] 399047K->328903K(802304K), 0.0019991 secs] [Times: user=0.01 sys=0.00, real=0.01 secs] 
1071.893: [GC (Allocation Failure) [PSYoungGen: 71520K->1408K(72192K)] 399047K->328935K(802304K), 0.0018538 secs] [Times: user=0.01 sys=0.00, real=0.01 secs] 
1072.090: [GC (Allocation Failure) [PSYoungGen: 71552K->1485K(72192K)] 399079K->329012K(802304K), 0.0014857 secs] [Times: user=0.01 sys=0.00, real=0.00 secs] 
1072.214: [GC (Allocation Failure) [PSYoungGen: 71629K->1517K(72192K)] 399156K->329044K(802304K), 0.0015186 secs] [Times: user=0.01 sys=0.00, real=0.00 secs] 
1072.337: [GC (Allocation Failure) [PSYoungGen: 71661K->1549K(72192K)] 399188K->329076K(802304K), 0.0015099 secs] [Times: user=0.00 sys=0.00, real=0.00 secs] 
1072.461: [GC (Allocation Failure) [PSYoungGen: 71693K->1488K(72192K)] 399220K->329039K(802304K), 0.0014973 secs] [Times: user=0.01 sys=0.00, real=0.00 secs] 
1073.048: [GC (Allocation Failure) [PSYoungGen: 71632K->1440K(72192K)] 399183K->328991K(802304K), 0.0022463 secs] [Times: user=0.01 sys=0.00, real=0.00 secs] 
1073.873: [GC (Allocation Failure) [PSYoungGen: 71584K->1408K(72192K)] 399135K->328959K(802304K), 0.0041458 secs] [Times: user=0.02 sys=0.00, real=0.01 secs] 
1074.745: [GC (Allocation Failure) [PSYoungGen: 71552K->1376K(72192K)] 399103K->328927K(802304K), 0.0031190 secs] [Times: user=0.01 sys=0.00, real=0.00 secs] 
1075.376: [GC (Allocation Failure) [PSYoungGen: 71520K->1408K(72192K)] 399071K->328959K(802304K), 0.0027619 secs] [Times: user=0.01 sys=0.00, real=0.00 secs] 
1075.628: [GC (Allocation Failure) [PSYoungGen: 71552K->1488K(72192K)] 399103K->329039K(802304K), 0.0015554 secs] [Times: user=0.01 sys=0.00, real=0.00 secs] 
1075.751: [GC (Allocation Failure) [PSYoungGen: 71632K->1488K(72192K)] 399183K->329039K(802304K), 0.0014904 secs] [Times: user=0.00 sys=0.00, real=0.00 secs] 
1075.874: [GC (Allocation Failure) [PSYoungGen: 71632K->1456K(72192K)] 399183K->329007K(802304K), 0.0015046 secs] [Times: user=0.01 sys=0.00, real=0.01 secs] 
1076.198: [GC (Allocation Failure) [PSYoungGen: 71600K->1472K(72192K)] 399151K->329031K(802304K), 0.0018113 secs] [Times: user=0.01 sys=0.00, real=0.00 secs] 
1076.835: [GC (Allocation Failure) [PSYoungGen: 71616K->1376K(72192K)] 399175K->328935K(802304K), 0.0019435 secs] [Times: user=0.00 sys=0.00, real=0.00 secs] 
1077.622: [GC (Allocation Failure) [PSYoungGen: 71520K->1376K(72192K)] 399079K->328935K(802304K), 0.0026155 secs] [Times: user=0.01 sys=0.00, real=0.01 secs] 
1078.586: [GC (Allocation Failure) [PSYoungGen: 71520K->1376K(72192K)] 399079K->328935K(802304K), 0.0040771 secs] [Times: user=0.02 sys=0.00, real=0.00 secs] 
1079.522: [GC (Allocation Failure) [PSYoungGen: 71520K->1440K(72192K)] 399079K->328999K(802304K), 0.0026928 secs] [Times: user=0.01 sys=0.00, real=0.01 secs] 
1079.711: [GC (Allocation Failure) [PSYoungGen: 71584K->1501K(72192K)] 399143K->329060K(802304K), 0.0014900 secs] [Times: user=0.00 sys=0.00, real=0.00 secs] 
1079.854: [GC (Allocation Failure) [PSYoungGen: 71645K->1437K(72192K)] 399204K->328996K(802304K), 0.0019111 secs] [Times: user=0.01 sys=0.00, real=0.00 secs] 
1080.009: [GC (Allocation Failure) [PSYoungGen: 71581K->1437K(72192K)] 399140K->329012K(802304K), 0.0018681 secs] [Times: user=0.01 sys=0.00, real=0.00 secs] 
1080.298: [GC (Allocation Failure) [PSYoungGen: 71581K->1440K(72192K)] 399156K->329015K(802304K), 0.0020190 secs] [Times: user=0.00 sys=0.00, real=0.00 secs] 
1080.632: [GC (Allocation Failure) [PSYoungGen: 71584K->1344K(72192K)] 399159K->328919K(802304K), 0.0020415 secs] [Times: user=0.01 sys=0.00, real=0.01 secs] 
1080.924: [GC (Allocation Failure) [PSYoungGen: 71488K->1408K(72192K)] 399063K->328983K(802304K), 0.0026853 secs] [Times: user=0.01 sys=0.00, real=0.00 secs] 
1081.217: [GC (Allocation Failure) [PSYoungGen: 71552K->1408K(71680K)] 399127K->328983K(801792K), 0.0022957 secs] [Times: user=0.01 sys=0.00, real=0.00 secs] 
1081.505: [GC (Allocation Failure) [PSYoungGen: 71552K->1453K(71680K)] 399127K->329028K(801792K), 0.0014792 secs] [Times: user=0.01 sys=0.00, real=0.00 secs] 
1081.631: [GC (Allocation Failure) [PSYoungGen: 71597K->1469K(71680K)] 399172K->329044K(801792K), 0.0015060 secs] [Times: user=0.01 sys=0.00, real=0.00 secs] 
1081.755: [GC (Allocation Failure) [PSYoungGen: 71613K->1520K(71168K)] 399188K->329095K(801280K), 0.0015376 secs] [Times: user=0.01 sys=0.00, real=0.00 secs] 
1081.880: [GC (Allocation Failure) [PSYoungGen: 71152K->1517K(71680K)] 398727K->329108K(801792K), 0.0015567 secs] [Times: user=0.01 sys=0.00, real=0.00 secs] 
1084.640: [GC (Allocation Failure) [PSYoungGen: 71149K->1440K(71168K)] 398740K->329031K(801280K), 0.0046772 secs] [Times: user=0.02 sys=0.00, real=0.01 secs] 
1085.529: [GC (Allocation Failure) [PSYoungGen: 71072K->1376K(71168K)] 398663K->328967K(801280K), 0.0024388 secs] [Times: user=0.01 sys=0.00, real=0.00 secs] 
1085.822: [GC (Allocation Failure) [PSYoungGen: 71008K->1376K(71168K)] 398599K->328967K(801280K), 0.0020099 secs] [Times: user=0.01 sys=0.00, real=0.01 secs] 
1086.419: [GC (Allocation Failure) [PSYoungGen: 71008K->1376K(71168K)] 398599K->328967K(801280K), 0.0022589 secs] [Times: user=0.01 sys=0.00, real=0.00 secs] 
1086.667: [GC (Allocation Failure) [PSYoungGen: 71008K->1456K(71168K)] 398599K->329047K(801280K), 0.0014711 secs] [Times: user=0.01 sys=0.00, real=0.00 secs] 
1086.792: [GC (Allocation Failure) [PSYoungGen: 71088K->1517K(71168K)] 398679K->329108K(801280K), 0.0017682 secs] [Times: user=0.01 sys=0.00, real=0.00 secs] 
1086.934: [GC (Allocation Failure) [PSYoungGen: 71149K->1488K(71168K)] 398740K->329079K(801280K), 0.0018906 secs] [Times: user=0.01 sys=0.00, real=0.00 secs] 
1087.140: [GC (Allocation Failure) [PSYoungGen: 71120K->1984K(71680K)] 398711K->329575K(801792K), 0.0019604 secs] [Times: user=0.00 sys=0.00, real=0.00 secs] 
1087.625: [GC (Allocation Failure) [PSYoungGen: 71616K->352K(70144K)] 399207K->328967K(800256K), 0.0020438 secs] [Times: user=0.01 sys=0.00, real=0.00 secs] 
1087.914: [GC (Allocation Failure) [PSYoungGen: 69984K->352K(70144K)] 398599K->328967K(800256K), 0.0021831 secs] [Times: user=0.01 sys=0.00, real=0.00 secs] 
1088.337: [GC (Allocation Failure) [PSYoungGen: 69984K->336K(72192K)] 398599K->328951K(802304K), 0.0031812 secs] [Times: user=0.02 sys=0.00, real=0.00 secs] 
1088.894: [GC (Allocation Failure) [PSYoungGen: 69968K->1408K(72192K)] 398583K->330023K(802304K), 0.0021412 secs] [Times: user=0.01 sys=0.00, real=0.00 secs] 
1089.042: [GC (Allocation Failure) [PSYoungGen: 71040K->1485K(72192K)] 399655K->330100K(802304K), 0.0015070 secs] [Times: user=0.00 sys=0.00, real=0.00 secs] 
1089.185: [GC (Allocation Failure) [PSYoungGen: 71117K->1520K(72192K)] 399732K->330135K(802304K), 0.0020451 secs] [Times: user=0.01 sys=0.00, real=0.00 secs] 
1089.360: [GC (Allocation Failure) [PSYoungGen: 71152K->1520K(72192K)] 399767K->330135K(802304K), 0.0022937 secs] [Times: user=0.01 sys=0.00, real=0.00 secs] 
1089.785: [GC (Allocation Failure) [PSYoungGen: 71152K->1472K(72192K)] 399767K->330119K(802304K), 0.0035492 secs] [Times: user=0.02 sys=0.00, real=0.00 secs] 
1090.463: [GC (Allocation Failure) [PSYoungGen: 71104K->1376K(72192K)] 399751K->330023K(802304K), 0.0030757 secs] [Times: user=0.01 sys=0.00, real=0.01 secs] 
1091.008: [GC (Allocation Failure) [PSYoungGen: 71008K->1344K(71168K)] 399655K->329991K(801280K), 0.0042408 secs] [Times: user=0.02 sys=0.00, real=0.00 secs] 
1091.597: [GC (Allocation Failure) [PSYoungGen: 70976K->1376K(71680K)] 399623K->330023K(801792K), 0.0027204 secs] [Times: user=0.02 sys=0.00, real=0.00 secs] 
1092.145: [GC (Allocation Failure) [PSYoungGen: 71008K->1456K(71680K)] 399655K->330103K(801792K), 0.0027696 secs] [Times: user=0.01 sys=0.00, real=0.00 secs] 
1092.322: [GC (Allocation Failure) [PSYoungGen: 71088K->1549K(71680K)] 399735K->330196K(801792K), 0.0015468 secs] [Times: user=0.01 sys=0.00, real=0.01 secs] 
1092.446: [GC (Allocation Failure) [PSYoungGen: 71181K->1517K(71680K)] 399828K->330164K(801792K), 0.0015396 secs] [Times: user=0.01 sys=0.00, real=0.00 secs] 
1092.571: [GC (Allocation Failure) [PSYoungGen: 71149K->1453K(71680K)] 399796K->330116K(801792K), 0.0015600 secs] [Times: user=0.00 sys=0.00, real=0.00 secs] 
1092.926: [GC (Allocation Failure) [PSYoungGen: 71085K->1456K(71680K)] 399748K->330119K(801792K), 0.0026594 secs] [Times: user=0.01 sys=0.00, real=0.00 secs] 
1093.211: [GC (Allocation Failure) [PSYoungGen: 71088K->1408K(71680K)] 399751K->330071K(801792K), 0.0019626 secs] [Times: user=0.01 sys=0.00, real=0.00 secs] 
1093.501: [GC (Allocation Failure) [PSYoungGen: 71040K->1376K(71680K)] 399703K->330039K(801792K), 0.0018496 secs] [Times: user=0.01 sys=0.00, real=0.00 secs] 
1093.874: [GC (Allocation Failure) [PSYoungGen: 71008K->1376K(71680K)] 399671K->330047K(801792K), 0.0019784 secs] [Times: user=0.01 sys=0.00, real=0.00 secs] 
1094.340: [GC (Allocation Failure) [PSYoungGen: 71008K->1453K(71680K)] 399679K->330124K(801792K), 0.0014977 secs] [Times: user=0.01 sys=0.00, real=0.00 secs] 
1094.463: [GC (Allocation Failure) [PSYoungGen: 71085K->1517K(71680K)] 399756K->330188K(801792K), 0.0015188 secs] [Times: user=0.00 sys=0.00, real=0.01 secs] 
1094.586: [GC (Allocation Failure) [PSYoungGen: 71149K->1549K(71680K)] 399820K->330220K(801792K), 0.0015528 secs] [Times: user=0.01 sys=0.00, real=0.00 secs] 
1094.729: [GC (Allocation Failure) [PSYoungGen: 71181K->1520K(71680K)] 399852K->330199K(801792K), 0.0020620 secs] [Times: user=0.00 sys=0.00, real=0.00 secs] 
1095.815: [GC (Allocation Failure) [PSYoungGen: 71152K->1424K(71680K)] 399831K->330103K(801792K), 0.0021862 secs] [Times: user=0.01 sys=0.00, real=0.00 secs] 
1096.104: [GC (Allocation Failure) [PSYoungGen: 71056K->1408K(71680K)] 399735K->330087K(801792K), 0.0019234 secs] [Times: user=0.01 sys=0.00, real=0.00 secs] 
1096.394: [GC (Allocation Failure) [PSYoungGen: 71040K->1376K(71680K)] 399719K->330055K(801792K), 0.0019243 secs] [Times: user=0.01 sys=0.00, real=0.00 secs] 
1096.977: [GC (Allocation Failure) [PSYoungGen: 71008K->1376K(71680K)] 399687K->330055K(801792K), 0.0019103 secs] [Times: user=0.01 sys=0.00, real=0.00 secs] 
1097.270: [GC (Allocation Failure) [PSYoungGen: 71008K->1456K(71680K)] 399687K->330135K(801792K), 0.0015646 secs] [Times: user=0.01 sys=0.00, real=0.00 secs] 
1097.394: [GC (Allocation Failure) [PSYoungGen: 71088K->1549K(71680K)] 399767K->330228K(801792K), 0.0015526 secs] [Times: user=0.01 sys=0.00, real=0.00 secs] 
1097.519: [GC (Allocation Failure) [PSYoungGen: 71181K->1456K(71680K)] 399860K->330159K(801792K), 0.0015499 secs] [Times: user=0.00 sys=0.00, real=0.00 secs] 
1097.949: [GC (Allocation Failure) [PSYoungGen: 71088K->1952K(71680K)] 399791K->330655K(801792K), 0.0018295 secs] [Times: user=0.01 sys=0.00, real=0.00 secs] 
1099.584: [GC (Allocation Failure) [PSYoungGen: 71584K->1344K(71680K)] 400287K->330047K(801792K), 0.0030969 secs] [Times: user=0.01 sys=0.00, real=0.00 secs] 
1099.874: [GC (Allocation Failure) [PSYoungGen: 70976K->1376K(71680K)] 399679K->330079K(801792K), 0.0018652 secs] [Times: user=0.01 sys=0.00, real=0.00 secs] 
1100.315: [GC (Allocation Failure) [PSYoungGen: 71008K->1344K(71680K)] 399711K->330047K(801792K), 0.0026113 secs] [Times: user=0.01 sys=0.00, real=0.00 secs] 
1100.859: [GC (Allocation Failure) [PSYoungGen: 70976K->1440K(71680K)] 399679K->330143K(801792K), 0.0023513 secs] [Times: user=0.01 sys=0.00, real=0.00 secs] 
1101.012: [GC (Allocation Failure) [PSYoungGen: 71072K->1485K(71680K)] 399775K->330188K(801792K), 0.0015160 secs] [Times: user=0.01 sys=0.00, real=0.00 secs] 
1101.136: [GC (Allocation Failure) [PSYoungGen: 71117K->1485K(71680K)] 399820K->330188K(801792K), 0.0017158 secs] [Times: user=0.01 sys=0.00, real=0.00 secs] 
1101.278: [GC (Allocation Failure) [PSYoungGen: 71117K->1552K(71680K)] 399820K->330255K(801792K), 0.0020463 secs] [Times: user=0.01 sys=0.00, real=0.00 secs] 
1101.602: [GC (Allocation Failure) [PSYoungGen: 71184K->1488K(71168K)] 399887K->330191K(801280K), 0.0017983 secs] [Times: user=0.01 sys=0.00, real=0.00 secs] 
1101.982: [GC (Allocation Failure) [PSYoungGen: 71120K->1376K(71168K)] 399823K->330079K(801280K), 0.0020820 secs] [Times: user=0.00 sys=0.00, real=0.01 secs] 
1102.271: [GC (Allocation Failure) [PSYoungGen: 71008K->1376K(71168K)] 399711K->330079K(801280K), 0.0020725 secs] [Times: user=0.01 sys=0.00, real=0.00 secs] 
1102.563: [GC (Allocation Failure) [PSYoungGen: 71008K->1376K(71168K)] 399711K->330079K(801280K), 0.0035735 secs] [Times: user=0.01 sys=0.00, real=0.01 secs] 
1102.855: [GC (Allocation Failure) [PSYoungGen: 71008K->1437K(71168K)] 399711K->330140K(801280K), 0.0024777 secs] [Times: user=0.01 sys=0.00, real=0.00 secs] 
1103.046: [GC (Allocation Failure) [PSYoungGen: 71069K->1453K(71168K)] 399772K->330156K(801280K), 0.0016916 secs] [Times: user=0.01 sys=0.00, real=0.00 secs] 
1103.170: [GC (Allocation Failure) [PSYoungGen: 71085K->1520K(71168K)] 399788K->330223K(801280K), 0.0016048 secs] [Times: user=0.01 sys=0.00, real=0.00 secs] 
1103.294: [GC (Allocation Failure) [PSYoungGen: 71152K->1485K(74240K)] 399855K->330204K(804352K), 0.0014889 secs] [Times: user=0.01 sys=0.00, real=0.00 secs] 
1104.948: [GC (Allocation Failure) [PSYoungGen: 73677K->1440K(73216K)] 402396K->330159K(803328K), 0.0033043 secs] [Times: user=0.01 sys=0.00, real=0.00 secs] 
1105.846: [GC (Allocation Failure) [PSYoungGen: 73120K->1408K(72704K)] 401839K->330127K(802816K), 0.0028504 secs] [Times: user=0.02 sys=0.00, real=0.00 secs] 
1106.316: [GC (Allocation Failure) [PSYoungGen: 72576K->1392K(72192K)] 401295K->330111K(802304K), 0.0020264 secs] [Times: user=0.01 sys=0.00, real=0.00 secs] 
1106.952: [GC (Allocation Failure) [PSYoungGen: 72048K->1376K(71680K)] 400767K->330095K(801792K), 0.0025343 secs] [Times: user=0.01 sys=0.00, real=0.01 secs] 
1107.445: [GC (Allocation Failure) [PSYoungGen: 71520K->1488K(71680K)] 400239K->330207K(801792K), 0.0020383 secs] [Times: user=0.01 sys=0.00, real=0.00 secs] 
1107.577: [GC (Allocation Failure) [PSYoungGen: 71630K->1469K(71680K)] 400349K->330188K(801792K), 0.0016358 secs] [Times: user=0.00 sys=0.00, real=0.00 secs] 
1107.699: [GC (Allocation Failure) [PSYoungGen: 71613K->1520K(71680K)] 400332K->330239K(801792K), 0.0015256 secs] [Times: user=0.01 sys=0.00, real=0.00 secs] 
1107.822: [GC (Allocation Failure) [PSYoungGen: 71664K->1488K(71680K)] 400383K->330223K(801792K), 0.0018911 secs] [Times: user=0.01 sys=0.00, real=0.01 secs] 
1109.304: [GC (Allocation Failure) [PSYoungGen: 71632K->1376K(71680K)] 400367K->330111K(801792K), 0.0044732 secs] [Times: user=0.02 sys=0.01, real=0.00 secs] 
1109.990: [GC (Allocation Failure) [PSYoungGen: 71520K->1408K(71680K)] 400255K->330143K(801792K), 0.0032605 secs] [Times: user=0.01 sys=0.00, real=0.00 secs] 
1110.890: [GC (Allocation Failure) [PSYoungGen: 71552K->1376K(71680K)] 400287K->330127K(801792K), 0.0020488 secs] [Times: user=0.01 sys=0.00, real=0.00 secs] 
1111.842: [GC (Allocation Failure) [PSYoungGen: 71520K->1392K(72192K)] 400271K->330143K(802304K), 0.0021861 secs] [Times: user=0.00 sys=0.00, real=0.01 secs] 
1112.021: [GC (Allocation Failure) [PSYoungGen: 71536K->1517K(72192K)] 400287K->330268K(802304K), 0.0015537 secs] [Times: user=0.00 sys=0.00, real=0.00 secs] 
1112.145: [GC (Allocation Failure) [PSYoungGen: 71661K->1488K(72192K)] 400412K->330239K(802304K), 0.0015033 secs] [Times: user=0.00 sys=0.00, real=0.00 secs] 
1112.267: [GC (Allocation Failure) [PSYoungGen: 71632K->1517K(72192K)] 400383K->330268K(802304K), 0.0015853 secs] [Times: user=0.01 sys=0.00, real=0.00 secs] 
1112.436: [GC (Allocation Failure) [PSYoungGen: 71661K->1392K(72192K)] 400412K->330143K(802304K), 0.0017448 secs] [Times: user=0.01 sys=0.00, real=0.00 secs] 
1112.726: [GC (Allocation Failure) [PSYoungGen: 71536K->1344K(72192K)] 400287K->330095K(802304K), 0.0015276 secs] [Times: user=0.01 sys=0.00, real=0.00 secs] 
1113.196: [GC (Allocation Failure) [PSYoungGen: 71488K->1376K(72192K)] 400239K->330127K(802304K), 0.0018854 secs] [Times: user=0.01 sys=0.00, real=0.00 secs] 
1113.762: [GC (Allocation Failure) [PSYoungGen: 71520K->1360K(72192K)] 400271K->330111K(802304K), 0.0041420 secs] [Times: user=0.02 sys=0.00, real=0.01 secs] 
1114.228: [GC (Allocation Failure) [PSYoungGen: 71504K->1437K(72192K)] 400255K->330188K(802304K), 0.0021914 secs] [Times: user=0.01 sys=0.00, real=0.00 secs] 
1114.379: [GC (Allocation Failure) [PSYoungGen: 71581K->1549K(72192K)] 400332K->330300K(802304K), 0.0015102 secs] [Times: user=0.01 sys=0.00, real=0.00 secs] 
1114.501: [GC (Allocation Failure) [PSYoungGen: 71693K->1456K(72192K)] 400444K->330207K(802304K), 0.0014918 secs] [Times: user=0.00 sys=0.00, real=0.00 secs] 
1114.625: [GC (Allocation Failure) [PSYoungGen: 71600K->1485K(72192K)] 400351K->330236K(802304K), 0.0015044 secs] [Times: user=0.01 sys=0.00, real=0.00 secs] 
1115.190: [GC (Allocation Failure) [PSYoungGen: 71629K->1424K(72192K)] 400380K->330183K(802304K), 0.0022021 secs] [Times: user=0.01 sys=0.00, real=0.00 secs] 
1115.922: [GC (Allocation Failure) [PSYoungGen: 71568K->1344K(72192K)] 400327K->330103K(802304K), 0.0035030 secs] [Times: user=0.01 sys=0.00, real=0.01 secs] 
1116.624: [GC (Allocation Failure) [PSYoungGen: 71488K->1344K(72192K)] 400247K->330103K(802304K), 0.0040018 secs] [Times: user=0.01 sys=0.00, real=0.00 secs] 
1117.323: [GC (Allocation Failure) [PSYoungGen: 71488K->1376K(72192K)] 400247K->330135K(802304K), 0.0027691 secs] [Times: user=0.01 sys=0.00, real=0.01 secs] 
1117.801: [GC (Allocation Failure) [PSYoungGen: 71520K->1456K(72192K)] 400279K->330215K(802304K), 0.0019527 secs] [Times: user=0.00 sys=0.00, real=0.00 secs] 
1117.933: [GC (Allocation Failure) [PSYoungGen: 71600K->1424K(72192K)] 400359K->330183K(802304K), 0.0015189 secs] [Times: user=0.00 sys=0.00, real=0.01 secs] 
1118.056: [GC (Allocation Failure) [PSYoungGen: 71568K->1456K(72192K)] 400327K->330215K(802304K), 0.0015200 secs] [Times: user=0.01 sys=0.00, real=0.00 secs] 
1118.184: [GC (Allocation Failure) [PSYoungGen: 71600K->1437K(72192K)] 400359K->330212K(802304K), 0.0016008 secs] [Times: user=0.00 sys=0.00, real=0.00 secs] 
1119.597: [GC (Allocation Failure) [PSYoungGen: 71581K->1408K(72192K)] 400356K->330199K(802304K), 0.0039915 secs] [Times: user=0.02 sys=0.00, real=0.00 secs] 
1120.362: [GC (Allocation Failure) [PSYoungGen: 71552K->1376K(72192K)] 400343K->330167K(802304K), 0.0031767 secs] [Times: user=0.01 sys=0.00, real=0.01 secs] 
1121.061: [GC (Allocation Failure) [PSYoungGen: 71520K->1376K(72192K)] 400311K->330167K(802304K), 0.0026760 secs] [Times: user=0.01 sys=0.00, real=0.01 secs] 
1121.915: [GC (Allocation Failure) [PSYoungGen: 71520K->1408K(71680K)] 400311K->330199K(801792K), 0.0027483 secs] [Times: user=0.02 sys=0.00, real=0.00 secs] 
1122.216: [GC (Allocation Failure) [PSYoungGen: 71552K->1488K(71680K)] 400343K->330279K(801792K), 0.0017114 secs] [Times: user=0.01 sys=0.00, real=0.00 secs] 
1122.339: [GC (Allocation Failure) [PSYoungGen: 71632K->1517K(72192K)] 400423K->330308K(802304K), 0.0015408 secs] [Times: user=0.01 sys=0.00, real=0.00 secs] 
1122.462: [GC (Allocation Failure) [PSYoungGen: 71661K->1488K(72192K)] 400452K->330279K(802304K), 0.0016240 secs] [Times: user=0.00 sys=0.00, real=0.01 secs] 
1122.737: [GC (Allocation Failure) [PSYoungGen: 71632K->1472K(72192K)] 400423K->330263K(802304K), 0.0016587 secs] [Times: user=0.01 sys=0.00, real=0.00 secs] 
1123.539: [GC (Allocation Failure) [PSYoungGen: 71616K->1376K(72192K)] 400407K->330167K(802304K), 0.0017764 secs] [Times: user=0.01 sys=0.00, real=0.00 secs] 
1124.179: [GC (Allocation Failure) [PSYoungGen: 71520K->1376K(72192K)] 400311K->330167K(802304K), 0.0020060 secs] [Times: user=0.01 sys=0.00, real=0.00 secs] 
1124.745: [GC (Allocation Failure) [PSYoungGen: 71520K->1376K(72192K)] 400311K->330167K(802304K), 0.0030323 secs] [Times: user=0.01 sys=0.00, real=0.00 secs] 
1125.368: [GC (Allocation Failure) [PSYoungGen: 71520K->1437K(72192K)] 400311K->330228K(802304K), 0.0022678 secs] [Times: user=0.01 sys=0.00, real=0.00 secs] 
1125.527: [GC (Allocation Failure) [PSYoungGen: 71581K->1485K(72192K)] 400372K->330276K(802304K), 0.0015070 secs] [Times: user=0.01 sys=0.00, real=0.00 secs] 
1125.651: [GC (Allocation Failure) [PSYoungGen: 71629K->1488K(72192K)] 400420K->330279K(802304K), 0.0015423 secs] [Times: user=0.00 sys=0.00, real=0.00 secs] 
1125.774: [GC (Allocation Failure) [PSYoungGen: 71632K->1517K(72192K)] 400423K->330308K(802304K), 0.0015805 secs] [Times: user=0.01 sys=0.00, real=0.00 secs] 
1126.040: [GC (Allocation Failure) [PSYoungGen: 71661K->1408K(72192K)] 400452K->330207K(802304K), 0.0017938 secs] [Times: user=0.01 sys=0.00, real=0.00 secs] 
1126.341: [GC (Allocation Failure) [PSYoungGen: 71552K->1344K(72192K)] 400351K->330143K(802304K), 0.0017770 secs] [Times: user=0.00 sys=0.01, real=0.00 secs] 
1126.706: [GC (Allocation Failure) [PSYoungGen: 71488K->1408K(72192K)] 400287K->330207K(802304K), 0.0028255 secs] [Times: user=0.01 sys=0.00, real=0.00 secs] 
1127.040: [GC (Allocation Failure) [PSYoungGen: 71552K->1376K(72192K)] 400351K->330175K(802304K), 0.0018974 secs] [Times: user=0.01 sys=0.00, real=0.00 secs] 
1127.294: [GC (Allocation Failure) [PSYoungGen: 71520K->1485K(72192K)] 400319K->330284K(802304K), 0.0014390 secs] [Times: user=0.00 sys=0.00, real=0.00 secs] 
1127.437: [GC (Allocation Failure) [PSYoungGen: 71628K->1520K(72192K)] 400427K->330319K(802304K), 0.0018840 secs] [Times: user=0.00 sys=0.00, real=0.00 secs] 
1127.569: [GC (Allocation Failure) [PSYoungGen: 71664K->1520K(72192K)] 400463K->330335K(802304K), 0.0015176 secs] [Times: user=0.00 sys=0.00, real=0.00 secs] 
1127.693: [GC (Allocation Failure) [PSYoungGen: 71664K->1520K(72192K)] 400479K->330343K(802304K), 0.0014981 secs] [Times: user=0.01 sys=0.00, real=0.01 secs] 
1128.057: [GC (Allocation Failure) [PSYoungGen: 71664K->1424K(72192K)] 400487K->330247K(802304K), 0.0020183 secs] [Times: user=0.01 sys=0.00, real=0.00 secs] 
1128.356: [GC (Allocation Failure) [PSYoungGen: 71568K->1360K(72192K)] 400391K->330183K(802304K), 0.0031148 secs] [Times: user=0.01 sys=0.00, real=0.00 secs] 
1128.655: [GC (Allocation Failure) [PSYoungGen: 71504K->1376K(72192K)] 400327K->330199K(802304K), 0.0021134 secs] [Times: user=0.01 sys=0.00, real=0.00 secs] 
1128.953: [GC (Allocation Failure) [PSYoungGen: 71520K->1376K(72192K)] 400343K->330199K(802304K), 0.0024513 secs] [Times: user=0.01 sys=0.00, real=0.01 secs] 
1129.254: [GC (Allocation Failure) [PSYoungGen: 71520K->1488K(72192K)] 400343K->330311K(802304K), 0.0021086 secs] [Times: user=0.00 sys=0.00, real=0.00 secs] 
1129.424: [GC (Allocation Failure) [PSYoungGen: 71632K->1488K(72192K)] 400455K->330311K(802304K), 0.0020414 secs] [Times: user=0.01 sys=0.00, real=0.00 secs] 
1129.577: [GC (Allocation Failure) [PSYoungGen: 71632K->1488K(72192K)] 400455K->330311K(802304K), 0.0016679 secs] [Times: user=0.01 sys=0.00, real=0.00 secs] 
1129.808: [GC (Allocation Failure) [PSYoungGen: 71632K->1472K(72192K)] 400455K->330295K(802304K), 0.0018815 secs] [Times: user=0.00 sys=0.00, real=0.00 secs] 
1130.437: [GC (Allocation Failure) [PSYoungGen: 71616K->1408K(72192K)] 400439K->330231K(802304K), 0.0027367 secs] [Times: user=0.01 sys=0.00, real=0.00 secs] 
1131.024: [GC (Allocation Failure) [PSYoungGen: 71552K->1344K(72192K)] 400375K->330167K(802304K), 0.0022052 secs] [Times: user=0.01 sys=0.00, real=0.00 secs] 
1131.887: [GC (Allocation Failure) [PSYoungGen: 71488K->1376K(72192K)] 400311K->330199K(802304K), 0.0039319 secs] [Times: user=0.02 sys=0.00, real=0.00 secs] 
1132.665: [GC (Allocation Failure) [PSYoungGen: 71520K->1440K(72192K)] 400343K->330263K(802304K), 0.0029969 secs] [Times: user=0.01 sys=0.00, real=0.00 secs] 
1132.864: [GC (Allocation Failure) [PSYoungGen: 71556K->1517K(72192K)] 400379K->330340K(802304K), 0.0015162 secs] [Times: user=0.01 sys=0.00, real=0.00 secs] 
1132.988: [GC (Allocation Failure) [PSYoungGen: 71661K->1549K(72192K)] 400484K->330372K(802304K), 0.0016190 secs] [Times: user=0.00 sys=0.00, real=0.00 secs] 
1133.113: [GC (Allocation Failure) [PSYoungGen: 71693K->1485K(72192K)] 400516K->330308K(802304K), 0.0015233 secs] [Times: user=0.01 sys=0.00, real=0.01 secs] 
1133.421: [GC (Allocation Failure) [PSYoungGen: 71629K->1440K(72192K)] 400452K->330271K(802304K), 0.0018839 secs] [Times: user=0.01 sys=0.00, real=0.00 secs] 
1134.070: [GC (Allocation Failure) [PSYoungGen: 71584K->1408K(72192K)] 400415K->330239K(802304K), 0.0023561 secs] [Times: user=0.01 sys=0.00, real=0.00 secs] 
1134.852: [GC (Allocation Failure) [PSYoungGen: 71552K->1392K(72192K)] 400383K->330223K(802304K), 0.0028768 secs] [Times: user=0.02 sys=0.00, real=0.01 secs] 
1135.696: [GC (Allocation Failure) [PSYoungGen: 71536K->1392K(72192K)] 400367K->330223K(802304K), 0.0027357 secs] [Times: user=0.01 sys=0.00, real=0.00 secs] 
1136.374: [GC (Allocation Failure) [PSYoungGen: 71536K->1488K(72192K)] 400367K->330319K(802304K), 0.0021383 secs] [Times: user=0.01 sys=0.00, real=0.00 secs] 
1136.516: [GC (Allocation Failure) [PSYoungGen: 71610K->1549K(72192K)] 400442K->330380K(802304K), 0.0016026 secs] [Times: user=0.01 sys=0.00, real=0.00 secs] 
1136.640: [GC (Allocation Failure) [PSYoungGen: 71693K->1488K(72192K)] 400524K->330319K(802304K), 0.0015100 secs] [Times: user=0.00 sys=0.01, real=0.00 secs] 
1136.785: [GC (Allocation Failure) [PSYoungGen: 71632K->1456K(72192K)] 400463K->330295K(802304K), 0.0022788 secs] [Times: user=0.01 sys=0.00, real=0.00 secs] 
1138.036: [GC (Allocation Failure) [PSYoungGen: 71600K->1472K(72192K)] 400439K->330311K(802304K), 0.0031022 secs] [Times: user=0.01 sys=0.00, real=0.00 secs] 
1139.211: [GC (Allocation Failure) [PSYoungGen: 71616K->1408K(72192K)] 400455K->330247K(802304K), 0.0032486 secs] [Times: user=0.01 sys=0.00, real=0.01 secs] 
1141.172: [GC (Allocation Failure) [PSYoungGen: 71552K->1392K(72192K)] 400391K->330231K(802304K), 0.0042478 secs] [Times: user=0.01 sys=0.01, real=0.01 secs] 
1142.594: [GC (Allocation Failure) [PSYoungGen: 71536K->1376K(72192K)] 400375K->330231K(802304K), 0.0037435 secs] [Times: user=0.01 sys=0.00, real=0.01 secs] 
1143.201: [GC (Allocation Failure) [PSYoungGen: 71520K->1488K(72192K)] 400375K->330343K(802304K), 0.0021330 secs] [Times: user=0.01 sys=0.00, real=0.00 secs] 
1143.397: [GC (Allocation Failure) [PSYoungGen: 71632K->1520K(72192K)] 400487K->330375K(802304K), 0.0022010 secs] [Times: user=0.01 sys=0.00, real=0.00 secs] 
1143.545: [GC (Allocation Failure) [PSYoungGen: 71664K->1488K(72192K)] 400519K->330343K(802304K), 0.0015248 secs] [Times: user=0.00 sys=0.00, real=0.00 secs] 
1143.669: [GC (Allocation Failure) [PSYoungGen: 71632K->1549K(72192K)] 400487K->330436K(802304K), 0.0015258 secs] [Times: user=0.01 sys=0.00, real=0.00 secs] 
1144.358: [GC (Allocation Failure) [PSYoungGen: 71693K->1376K(72192K)] 400580K->330263K(802304K), 0.0031979 secs] [Times: user=0.02 sys=0.00, real=0.00 secs] 
1144.995: [GC (Allocation Failure) [PSYoungGen: 71520K->1376K(72192K)] 400407K->330263K(802304K), 0.0031622 secs] [Times: user=0.01 sys=0.00, real=0.00 secs] 
1145.461: [GC (Allocation Failure) [PSYoungGen: 71520K->1408K(72192K)] 400407K->330295K(802304K), 0.0024511 secs] [Times: user=0.01 sys=0.00, real=0.00 secs] 
1146.082: [GC (Allocation Failure) [PSYoungGen: 71552K->1376K(72192K)] 400439K->330263K(802304K), 0.0028138 secs] [Times: user=0.02 sys=0.00, real=0.01 secs] 
1146.331: [GC (Allocation Failure) [PSYoungGen: 71520K->1520K(72192K)] 400407K->330407K(802304K), 0.0018928 secs] [Times: user=0.01 sys=0.00, real=0.00 secs] 
1146.456: [GC (Allocation Failure) [PSYoungGen: 71664K->1549K(72192K)] 400551K->330436K(802304K), 0.0015147 secs] [Times: user=0.01 sys=0.00, real=0.00 secs] 
1146.580: [GC (Allocation Failure) [PSYoungGen: 71693K->1501K(72192K)] 400580K->330388K(802304K), 0.0015135 secs] [Times: user=0.01 sys=0.00, real=0.00 secs] 
1147.724: [GC (Allocation Failure) [PSYoungGen: 71645K->1472K(72192K)] 400532K->330367K(802304K), 0.0040995 secs] [Times: user=0.02 sys=0.00, real=0.00 secs] 
1148.310: [GC (Allocation Failure) [PSYoungGen: 71616K->1376K(72192K)] 400511K->330271K(802304K), 0.0022947 secs] [Times: user=0.01 sys=0.01, real=0.00 secs] 
1148.614: [GC (Allocation Failure) [PSYoungGen: 71520K->1376K(72192K)] 400415K->330271K(802304K), 0.0021239 secs] [Times: user=0.01 sys=0.00, real=0.00 secs] 
1148.906: [GC (Allocation Failure) [PSYoungGen: 71520K->1376K(72192K)] 400415K->330295K(802304K), 0.0031459 secs] [Times: user=0.02 sys=0.00, real=0.00 secs] 
1149.189: [GC (Allocation Failure) [PSYoungGen: 71520K->1424K(72192K)] 400439K->330343K(802304K), 0.0014200 secs] [Times: user=0.01 sys=0.00, real=0.00 secs] 
1149.313: [GC (Allocation Failure) [PSYoungGen: 71568K->1520K(72192K)] 400487K->330439K(802304K), 0.0015592 secs] [Times: user=0.01 sys=0.00, real=0.01 secs] 
1149.437: [GC (Allocation Failure) [PSYoungGen: 71664K->1453K(72192K)] 400583K->330372K(802304K), 0.0015728 secs] [Times: user=0.00 sys=0.00, real=0.00 secs] 
1149.561: [GC (Allocation Failure) [PSYoungGen: 71597K->1485K(72192K)] 400516K->330404K(802304K), 0.0015283 secs] [Times: user=0.01 sys=0.00, real=0.00 secs] 
1150.700: [GC (Allocation Failure) [PSYoungGen: 71629K->1472K(71680K)] 400548K->330391K(801792K), 0.0046532 secs] [Times: user=0.02 sys=0.00, real=0.01 secs] 
1151.915: [GC (Allocation Failure) [PSYoungGen: 71616K->1424K(71680K)] 400535K->330343K(801792K), 0.0034304 secs] [Times: user=0.02 sys=0.00, real=0.00 secs] 
1152.838: [GC (Allocation Failure) [PSYoungGen: 71568K->1344K(71680K)] 400487K->330263K(801792K), 0.0032638 secs] [Times: user=0.02 sys=0.00, real=0.00 secs] 
1153.533: [GC (Allocation Failure) [PSYoungGen: 71488K->1376K(71680K)] 400407K->330295K(801792K), 0.0029482 secs] [Times: user=0.02 sys=0.00, real=0.01 secs] 
1154.241: [GC (Allocation Failure) [PSYoungGen: 71520K->1456K(71680K)] 400439K->330375K(801792K), 0.0023353 secs] [Times: user=0.01 sys=0.00, real=0.00 secs] 
1154.403: [GC (Allocation Failure) [PSYoungGen: 71600K->1501K(71680K)] 400519K->330420K(801792K), 0.0017152 secs] [Times: user=0.01 sys=0.00, real=0.01 secs] 
1154.526: [GC (Allocation Failure) [PSYoungGen: 71645K->1533K(71680K)] 400564K->330452K(801792K), 0.0015115 secs] [Times: user=0.01 sys=0.00, real=0.00 secs] 
1154.650: [GC (Allocation Failure) [PSYoungGen: 71677K->1520K(71680K)] 400596K->330455K(801792K), 0.0016281 secs] [Times: user=0.00 sys=0.00, real=0.00 secs] 
1156.072: [GC (Allocation Failure) [PSYoungGen: 71664K->1408K(71680K)] 400599K->330343K(801792K), 0.0026136 secs] [Times: user=0.02 sys=0.00, real=0.01 secs] 
1157.084: [GC (Allocation Failure) [PSYoungGen: 71552K->1376K(71680K)] 400487K->330311K(801792K), 0.0030157 secs] [Times: user=0.01 sys=0.00, real=0.00 secs] 
1158.438: [GC (Allocation Failure) [PSYoungGen: 71520K->1408K(71680K)] 400455K->330343K(801792K), 0.0028727 secs] [Times: user=0.02 sys=0.00, real=0.00 secs] 
1159.705: [GC (Allocation Failure) [PSYoungGen: 71552K->1376K(71680K)] 400487K->330311K(801792K), 0.0031807 secs] [Times: user=0.01 sys=0.00, real=0.00 secs] 
1160.208: [GC (Allocation Failure) [PSYoungGen: 71520K->1488K(72192K)] 400455K->330423K(802304K), 0.0022490 secs] [Times: user=0.01 sys=0.00, real=0.00 secs] 
1160.345: [GC (Allocation Failure) [PSYoungGen: 71632K->1485K(72192K)] 400567K->330420K(802304K), 0.0015015 secs] [Times: user=0.00 sys=0.00, real=0.00 secs] 
1160.487: [GC (Allocation Failure) [PSYoungGen: 71629K->1488K(72192K)] 400564K->330423K(802304K), 0.0018827 secs] [Times: user=0.01 sys=0.00, real=0.00 secs] 
1160.715: [GC (Allocation Failure) [PSYoungGen: 71126K->1712K(72192K)] 400061K->330647K(802304K), 0.0020805 secs] [Times: user=0.01 sys=0.00, real=0.00 secs] 
1161.536: [GC (Allocation Failure) [PSYoungGen: 71856K->1408K(72192K)] 400791K->330343K(802304K), 0.0027440 secs] [Times: user=0.01 sys=0.00, real=0.00 secs] 
1162.794: [GC (Allocation Failure) [PSYoungGen: 71552K->1312K(72192K)] 400487K->330255K(802304K), 0.0042150 secs] [Times: user=0.02 sys=0.00, real=0.00 secs] 
1163.788: [GC (Allocation Failure) [PSYoungGen: 71456K->1408K(72192K)] 400399K->330351K(802304K), 0.0039272 secs] [Times: user=0.02 sys=0.00, real=0.00 secs] 
1164.379: [GC (Allocation Failure) [PSYoungGen: 71552K->1456K(72192K)] 400495K->330399K(802304K), 0.0024736 secs] [Times: user=0.01 sys=0.00, real=0.00 secs] 
1164.551: [GC (Allocation Failure) [PSYoungGen: 71570K->1453K(72192K)] 400513K->330396K(802304K), 0.0015099 secs] [Times: user=0.01 sys=0.00, real=0.00 secs] 
1164.675: [GC (Allocation Failure) [PSYoungGen: 71597K->1472K(72192K)] 400540K->330415K(802304K), 0.0015093 secs] [Times: user=0.00 sys=0.00, real=0.00 secs] 
1164.799: [GC (Allocation Failure) [PSYoungGen: 71616K->1520K(72192K)] 400559K->330463K(802304K), 0.0016191 secs] [Times: user=0.01 sys=0.00, real=0.00 secs] 
1165.576: [GC (Allocation Failure) [PSYoungGen: 71664K->1440K(72192K)] 400607K->330383K(802304K), 0.0040629 secs] [Times: user=0.02 sys=0.00, real=0.00 secs] 
1166.929: [GC (Allocation Failure) [PSYoungGen: 71584K->1408K(72192K)] 400527K->330351K(802304K), 0.0040762 secs] [Times: user=0.01 sys=0.00, real=0.00 secs] 
1168.171: [GC (Allocation Failure) [PSYoungGen: 71552K->1408K(72192K)] 400495K->330351K(802304K), 0.0038278 secs] [Times: user=0.01 sys=0.00, real=0.01 secs] 
1169.066: [GC (Allocation Failure) [PSYoungGen: 71552K->1344K(72192K)] 400495K->330287K(802304K), 0.0032853 secs] [Times: user=0.01 sys=0.00, real=0.00 secs] 
1169.539: [GC (Allocation Failure) [PSYoungGen: 71461K->1456K(72192K)] 400405K->330399K(802304K), 0.0026565 secs] [Times: user=0.01 sys=0.00, real=0.00 secs] 
1169.731: [GC (Allocation Failure) [PSYoungGen: 71600K->1485K(72192K)] 400543K->330428K(802304K), 0.0014368 secs] [Times: user=0.00 sys=0.00, real=0.00 secs] 
1169.856: [GC (Allocation Failure) [PSYoungGen: 71629K->1488K(72192K)] 400572K->330431K(802304K), 0.0014922 secs] [Times: user=0.00 sys=0.00, real=0.00 secs] 
1169.979: [GC (Allocation Failure) [PSYoungGen: 71632K->1488K(72192K)] 400575K->330447K(802304K), 0.0015079 secs] [Times: user=0.01 sys=0.00, real=0.00 secs] 
1170.453: [GC (Allocation Failure) [PSYoungGen: 71632K->1472K(72192K)] 400591K->330431K(802304K), 0.0029718 secs] [Times: user=0.01 sys=0.00, real=0.01 secs] 
1170.762: [GC (Allocation Failure) [PSYoungGen: 71616K->1376K(72192K)] 400575K->330351K(802304K), 0.0021463 secs] [Times: user=0.01 sys=0.00, real=0.01 secs] 
1171.317: [GC (Allocation Failure) [PSYoungGen: 71520K->1344K(72192K)] 400495K->330319K(802304K), 0.0019747 secs] [Times: user=0.00 sys=0.00, real=0.00 secs] 
1171.996: [GC (Allocation Failure) [PSYoungGen: 71488K->1344K(72192K)] 400463K->330319K(802304K), 0.0019215 secs] [Times: user=0.01 sys=0.00, real=0.00 secs] 
1172.355: [GC (Allocation Failure) [PSYoungGen: 71488K->1453K(72192K)] 400463K->330428K(802304K), 0.0015264 secs] [Times: user=0.01 sys=0.00, real=0.00 secs] 
1172.499: [GC (Allocation Failure) [PSYoungGen: 71586K->1488K(72192K)] 400561K->330463K(802304K), 0.0018091 secs] [Times: user=0.00 sys=0.00, real=0.00 secs] 
1172.664: [GC (Allocation Failure) [PSYoungGen: 71632K->1456K(72192K)] 400607K->330431K(802304K), 0.0020668 secs] [Times: user=0.01 sys=0.00, real=0.00 secs] 
1172.821: [GC (Allocation Failure) [PSYoungGen: 71600K->1456K(72192K)] 400575K->330447K(802304K), 0.0017329 secs] [Times: user=0.01 sys=0.00, real=0.00 secs] 
1173.716: [GC (Allocation Failure) [PSYoungGen: 71600K->1408K(72192K)] 400591K->330399K(802304K), 0.0039828 secs] [Times: user=0.02 sys=0.00, real=0.00 secs] 
1174.471: [GC (Allocation Failure) [PSYoungGen: 71552K->1376K(72192K)] 400543K->330367K(802304K), 0.0027742 secs] [Times: user=0.01 sys=0.01, real=0.01 secs] 
1175.330: [GC (Allocation Failure) [PSYoungGen: 71520K->1408K(72192K)] 400511K->330399K(802304K), 0.0030302 secs] [Times: user=0.01 sys=0.00, real=0.00 secs] 
1176.013: [GC (Allocation Failure) [PSYoungGen: 71552K->1376K(72192K)] 400543K->330367K(802304K), 0.0027610 secs] [Times: user=0.02 sys=0.00, real=0.01 secs] 
1176.207: [GC (Allocation Failure) [PSYoungGen: 71520K->1488K(72192K)] 400511K->330479K(802304K), 0.0014813 secs] [Times: user=0.01 sys=0.00, real=0.00 secs] 
1176.350: [GC (Allocation Failure) [PSYoungGen: 71632K->1456K(72192K)] 400623K->330447K(802304K), 0.0018903 secs] [Times: user=0.01 sys=0.00, real=0.00 secs] 
1176.505: [GC (Allocation Failure) [PSYoungGen: 71600K->1488K(72192K)] 400591K->330479K(802304K), 0.0015128 secs] [Times: user=0.01 sys=0.00, real=0.00 secs] 
1176.831: [GC (Allocation Failure) [PSYoungGen: 71632K->1472K(72192K)] 400623K->330463K(802304K), 0.0024119 secs] [Times: user=0.01 sys=0.00, real=0.01 secs] 
1177.591: [GC (Allocation Failure) [PSYoungGen: 71616K->1376K(72192K)] 400607K->330367K(802304K), 0.0026049 secs] [Times: user=0.01 sys=0.00, real=0.00 secs] 
1178.342: [GC (Allocation Failure) [PSYoungGen: 71520K->1408K(72192K)] 400511K->330399K(802304K), 0.0026746 secs] [Times: user=0.01 sys=0.00, real=0.01 secs] 
1179.085: [GC (Allocation Failure) [PSYoungGen: 71552K->1392K(72192K)] 400543K->330383K(802304K), 0.0028173 secs] [Times: user=0.02 sys=0.00, real=0.00 secs] 
1179.715: [GC (Allocation Failure) [PSYoungGen: 71536K->1424K(72192K)] 400527K->330415K(802304K), 0.0022447 secs] [Times: user=0.01 sys=0.00, real=0.00 secs] 
1179.879: [GC (Allocation Failure) [PSYoungGen: 71568K->1520K(72192K)] 400559K->330527K(802304K), 0.0015038 secs] [Times: user=0.01 sys=0.00, real=0.00 secs] 
1180.023: [GC (Allocation Failure) [PSYoungGen: 71664K->1456K(72192K)] 400671K->330463K(802304K), 0.0018912 secs] [Times: user=0.01 sys=0.00, real=0.01 secs] 
1180.188: [GC (Allocation Failure) [PSYoungGen: 71600K->1488K(72192K)] 400607K->330495K(802304K), 0.0021293 secs] [Times: user=0.01 sys=0.00, real=0.00 secs] 
1180.821: [GC (Allocation Failure) [PSYoungGen: 71632K->1408K(72192K)] 400639K->330415K(802304K), 0.0031775 secs] [Times: user=0.02 sys=0.00, real=0.01 secs] 
1181.605: [GC (Allocation Failure) [PSYoungGen: 71552K->1408K(72192K)] 400559K->330415K(802304K), 0.0026148 secs] [Times: user=0.01 sys=0.00, real=0.00 secs] 
1182.606: [GC (Allocation Failure) [PSYoungGen: 71552K->1376K(72192K)] 400559K->330383K(802304K), 0.0024622 secs] [Times: user=0.01 sys=0.00, real=0.00 secs] 
1183.464: [GC (Allocation Failure) [PSYoungGen: 71520K->1376K(72192K)] 400527K->330383K(802304K), 0.0024171 secs] [Times: user=0.01 sys=0.00, real=0.00 secs] 
1183.986: [GC (Allocation Failure) [PSYoungGen: 71520K->1456K(72192K)] 400527K->330463K(802304K), 0.0020323 secs] [Times: user=0.01 sys=0.00, real=0.00 secs] 
1184.124: [GC (Allocation Failure) [PSYoungGen: 71600K->1488K(72192K)] 400607K->330495K(802304K), 0.0014943 secs] [Times: user=0.00 sys=0.00, real=0.00 secs] 
1184.248: [GC (Allocation Failure) [PSYoungGen: 71632K->1517K(72192K)] 400639K->330524K(802304K), 0.0015453 secs] [Times: user=0.01 sys=0.00, real=0.00 secs] 
1184.372: [GC (Allocation Failure) [PSYoungGen: 71661K->1456K(72192K)] 400668K->330479K(802304K), 0.0014732 secs] [Times: user=0.01 sys=0.00, real=0.00 secs] 
1185.034: [GC (Allocation Failure) [PSYoungGen: 71600K->1408K(72192K)] 400623K->330431K(802304K), 0.0020638 secs] [Times: user=0.01 sys=0.00, real=0.00 secs] 
1185.662: [GC (Allocation Failure) [PSYoungGen: 71552K->1376K(72192K)] 400575K->330399K(802304K), 0.0023035 secs] [Times: user=0.00 sys=0.00, real=0.01 secs] 
1186.027: [GC (Allocation Failure) [PSYoungGen: 71520K->1376K(72192K)] 400543K->330399K(802304K), 0.0021565 secs] [Times: user=0.01 sys=0.00, real=0.00 secs] 
1186.420: [GC (Allocation Failure) [PSYoungGen: 71520K->1376K(72192K)] 400543K->330399K(802304K), 0.0019294 secs] [Times: user=0.01 sys=0.00, real=0.00 secs] 
1186.670: [GC (Allocation Failure) [PSYoungGen: 71520K->1453K(72192K)] 400543K->330476K(802304K), 0.0015158 secs] [Times: user=0.00 sys=0.00, real=0.00 secs] 
1186.795: [GC (Allocation Failure) [PSYoungGen: 71597K->1488K(72192K)] 400620K->330511K(802304K), 0.0015854 secs] [Times: user=0.01 sys=0.00, real=0.00 secs] 
1186.939: [GC (Allocation Failure) [PSYoungGen: 71632K->1488K(72192K)] 400655K->330511K(802304K), 0.0033182 secs] [Times: user=0.02 sys=0.00, real=0.00 secs] 
1187.277: [GC (Allocation Failure) [PSYoungGen: 71632K->1952K(72192K)] 400655K->331487K(802304K), 0.0019883 secs] [Times: user=0.01 sys=0.00, real=0.00 secs] 
1187.906: [GC (Allocation Failure) [PSYoungGen: 72096K->1376K(71680K)] 401631K->330911K(801792K), 0.0022486 secs] [Times: user=0.01 sys=0.01, real=0.00 secs] 
1188.692: [GC (Allocation Failure) [PSYoungGen: 71520K->1376K(71680K)] 401055K->330935K(801792K), 0.0028978 secs] [Times: user=0.01 sys=0.00, real=0.01 secs] 
1189.491: [GC (Allocation Failure) [PSYoungGen: 71520K->1408K(71680K)] 401079K->330967K(801792K), 0.0032750 secs] [Times: user=0.01 sys=0.00, real=0.01 secs] 
1190.242: [GC (Allocation Failure) [PSYoungGen: 71552K->1453K(71680K)] 401111K->331012K(801792K), 0.0030511 secs] [Times: user=0.01 sys=0.00, real=0.01 secs] 
1190.433: [GC (Allocation Failure) [PSYoungGen: 71597K->1517K(71680K)] 401156K->331076K(801792K), 0.0016295 secs] [Times: user=0.01 sys=0.00, real=0.01 secs] 
1190.557: [GC (Allocation Failure) [PSYoungGen: 71661K->1552K(72192K)] 401220K->331111K(802304K), 0.0016936 secs] [Times: user=0.01 sys=0.00, real=0.00 secs] 
1190.681: [GC (Allocation Failure) [PSYoungGen: 71696K->525K(71168K)] 401255K->331108K(801280K), 0.0015087 secs] [Times: user=0.00 sys=0.00, real=0.00 secs] 
1191.292: [GC (Allocation Failure) [PSYoungGen: 70669K->1440K(71680K)] 401252K->332023K(801792K), 0.0031988 secs] [Times: user=0.01 sys=0.00, real=0.01 secs] 
1191.741: [GC (Allocation Failure) [PSYoungGen: 71584K->1408K(71680K)] 402167K->331991K(801792K), 0.0021747 secs] [Times: user=0.01 sys=0.00, real=0.00 secs] 
1192.372: [GC (Allocation Failure) [PSYoungGen: 71552K->1408K(71680K)] 402135K->331991K(801792K), 0.0024395 secs] [Times: user=0.01 sys=0.00, real=0.01 secs] 
1193.036: [GC (Allocation Failure) [PSYoungGen: 71552K->1376K(71680K)] 402135K->331959K(801792K), 0.0039925 secs] [Times: user=0.02 sys=0.00, real=0.00 secs] 
1193.760: [GC (Allocation Failure) [PSYoungGen: 71520K->1456K(71680K)] 402103K->332039K(801792K), 0.0021612 secs] [Times: user=0.01 sys=0.00, real=0.00 secs] 
1193.907: [GC (Allocation Failure) [PSYoungGen: 71570K->1517K(72192K)] 402153K->332100K(802304K), 0.0015552 secs] [Times: user=0.01 sys=0.00, real=0.00 secs] 
1194.031: [GC (Allocation Failure) [PSYoungGen: 71661K->1485K(72192K)] 402244K->332068K(802304K), 0.0014707 secs] [Times: user=0.01 sys=0.00, real=0.00 secs] 
1194.155: [GC (Allocation Failure) [PSYoungGen: 71629K->1517K(72192K)] 402212K->332116K(802304K), 0.0015099 secs] [Times: user=0.00 sys=0.00, real=0.00 secs] 
1194.560: [GC (Allocation Failure) [PSYoungGen: 71661K->1408K(72192K)] 402260K->332007K(802304K), 0.0020523 secs] [Times: user=0.01 sys=0.00, real=0.00 secs] 
1194.918: [GC (Allocation Failure) [PSYoungGen: 71552K->1408K(72192K)] 402151K->332007K(802304K), 0.0018929 secs] [Times: user=0.01 sys=0.00, real=0.00 secs] 
1195.217: [GC (Allocation Failure) [PSYoungGen: 71552K->1344K(72192K)] 402151K->331943K(802304K), 0.0020795 secs] [Times: user=0.01 sys=0.00, real=0.00 secs] 
1195.566: [GC (Allocation Failure) [PSYoungGen: 71488K->1344K(72192K)] 402087K->331943K(802304K), 0.0020134 secs] [Times: user=0.01 sys=0.00, real=0.00 secs] 
1195.928: [GC (Allocation Failure) [PSYoungGen: 71488K->1456K(72192K)] 402087K->332055K(802304K), 0.0017856 secs] [Times: user=0.01 sys=0.00, real=0.00 secs] 
1196.091: [GC (Allocation Failure) [PSYoungGen: 71600K->1520K(72192K)] 402199K->332119K(802304K), 0.0018655 secs] [Times: user=0.01 sys=0.00, real=0.00 secs] 
1196.240: [GC (Allocation Failure) [PSYoungGen: 71664K->1488K(72192K)] 402263K->332087K(802304K), 0.0015548 secs] [Times: user=0.01 sys=0.00, real=0.00 secs] 
1196.364: [GC (Allocation Failure) [PSYoungGen: 71632K->160K(72192K)] 402231K->330783K(802304K), 0.0015164 secs] [Times: user=0.01 sys=0.00, real=0.00 secs] 
1197.033: [GC (Allocation Failure) [PSYoungGen: 70304K->1376K(72192K)] 400927K->331999K(802304K), 0.0024525 secs] [Times: user=0.01 sys=0.00, real=0.01 secs] 
1197.584: [GC (Allocation Failure) [PSYoungGen: 71520K->1408K(72192K)] 402143K->332031K(802304K), 0.0019538 secs] [Times: user=0.01 sys=0.00, real=0.00 secs] 
1197.923: [GC (Allocation Failure) [PSYoungGen: 71552K->1408K(72192K)] 402175K->332055K(802304K), 0.0020061 secs] [Times: user=0.01 sys=0.00, real=0.01 secs] 
1198.330: [GC (Allocation Failure) [PSYoungGen: 71552K->240K(72192K)] 402199K->330887K(802304K), 0.0018700 secs] [Times: user=0.01 sys=0.00, real=0.00 secs] 
1198.471: [GC (Allocation Failure) [PSYoungGen: 70384K->1485K(72192K)] 401031K->332132K(802304K), 0.0015037 secs] [Times: user=0.01 sys=0.00, real=0.00 secs] 
1198.595: [GC (Allocation Failure) [PSYoungGen: 71629K->1440K(72192K)] 402276K->332087K(802304K), 0.0016794 secs] [Times: user=0.01 sys=0.00, real=0.00 secs] 
1198.719: [GC (Allocation Failure) [PSYoungGen: 71584K->1456K(72192K)] 402231K->332103K(802304K), 0.0015109 secs] [Times: user=0.00 sys=0.00, real=0.00 secs] 
1199.047: [GC (Allocation Failure) [PSYoungGen: 71600K->1376K(72192K)] 402247K->332023K(802304K), 0.0023602 secs] [Times: user=0.01 sys=0.00, real=0.00 secs] 
1199.682: [GC (Allocation Failure) [PSYoungGen: 71520K->1344K(72192K)] 402167K->331991K(802304K), 0.0030861 secs] [Times: user=0.01 sys=0.00, real=0.01 secs] 
1200.257: [GC (Allocation Failure) [PSYoungGen: 71488K->1344K(72192K)] 402135K->331991K(802304K), 0.0024843 secs] [Times: user=0.01 sys=0.00, real=0.00 secs] 
1200.755: [GC (Allocation Failure) [PSYoungGen: 71488K->1344K(72192K)] 402135K->331991K(802304K), 0.0038604 secs] [Times: user=0.01 sys=0.00, real=0.00 secs] 
1201.551: [GC (Allocation Failure) [PSYoungGen: 71488K->1437K(72192K)] 402135K->332084K(802304K), 0.0024250 secs] [Times: user=0.01 sys=0.00, real=0.00 secs] 
1201.763: [GC (Allocation Failure) [PSYoungGen: 71563K->1520K(72192K)] 402210K->332167K(802304K), 0.0023059 secs] [Times: user=0.01 sys=0.00, real=0.01 secs] 
1201.917: [GC (Allocation Failure) [PSYoungGen: 71664K->1456K(72192K)] 402311K->332103K(802304K), 0.0015107 secs] [Times: user=0.01 sys=0.00, real=0.00 secs] 
1202.042: [GC (Allocation Failure) [PSYoungGen: 71600K->1485K(72192K)] 402247K->332132K(802304K), 0.0014953 secs] [Times: user=0.01 sys=0.00, real=0.00 secs] 
1203.258: [GC (Allocation Failure) [PSYoungGen: 71629K->1408K(72192K)] 402276K->332055K(802304K), 0.0028381 secs] [Times: user=0.02 sys=0.00, real=0.00 secs] 
1203.556: [GC (Allocation Failure) [PSYoungGen: 71552K->1408K(72192K)] 402199K->332055K(802304K), 0.0019495 secs] [Times: user=0.01 sys=0.00, real=0.00 secs] 
1203.850: [GC (Allocation Failure) [PSYoungGen: 71552K->1408K(72192K)] 402199K->332055K(802304K), 0.0018937 secs] [Times: user=0.01 sys=0.01, real=0.00 secs] 
1204.141: [GC (Allocation Failure) [PSYoungGen: 71552K->1376K(72192K)] 402199K->332023K(802304K), 0.0019172 secs] [Times: user=0.01 sys=0.00, real=0.00 secs] 
1204.370: [GC (Allocation Failure) [PSYoungGen: 71520K->1485K(72192K)] 402167K->332132K(802304K), 0.0015964 secs] [Times: user=0.01 sys=0.00, real=0.00 secs] 
1204.493: [GC (Allocation Failure) [PSYoungGen: 71609K->1488K(72192K)] 402257K->332135K(802304K), 0.0016112 secs] [Times: user=0.01 sys=0.00, real=0.01 secs] 
1204.635: [GC (Allocation Failure) [PSYoungGen: 71632K->1488K(72192K)] 402279K->332135K(802304K), 0.0019535 secs] [Times: user=0.01 sys=0.00, real=0.00 secs] 
1204.795: [GC (Allocation Failure) [PSYoungGen: 71632K->1488K(72192K)] 402279K->332151K(802304K), 0.0018637 secs] [Times: user=0.01 sys=0.00, real=0.00 secs] 
1205.304: [GC (Allocation Failure) [PSYoungGen: 71632K->1408K(71680K)] 402295K->332071K(801792K), 0.0022402 secs] [Times: user=0.01 sys=0.00, real=0.00 secs] 
1205.893: [GC (Allocation Failure) [PSYoungGen: 71552K->1408K(71680K)] 402215K->332071K(801792K), 0.0053064 secs] [Times: user=0.02 sys=0.00, real=0.01 secs] 
1206.465: [GC (Allocation Failure) [PSYoungGen: 71552K->1376K(71680K)] 402215K->332039K(801792K), 0.0033149 secs] [Times: user=0.01 sys=0.00, real=0.00 secs] 
1207.056: [GC (Allocation Failure) [PSYoungGen: 71520K->1392K(71680K)] 402183K->332055K(801792K), 0.0025764 secs] [Times: user=0.01 sys=0.00, real=0.00 secs] 
1207.346: [GC (Allocation Failure) [PSYoungGen: 71536K->1520K(71680K)] 402199K->332183K(801792K), 0.0016826 secs] [Times: user=0.01 sys=0.00, real=0.00 secs] 
1207.471: [GC (Allocation Failure) [PSYoungGen: 71664K->1549K(72192K)] 402327K->332212K(802304K), 0.0017443 secs] [Times: user=0.01 sys=0.00, real=0.00 secs] 
1207.595: [GC (Allocation Failure) [PSYoungGen: 71693K->429K(70656K)] 402356K->332124K(800768K), 0.0016638 secs] [Times: user=0.00 sys=0.01, real=0.00 secs] 
1207.855: [GC (Allocation Failure) [PSYoungGen: 70573K->1440K(72192K)] 402268K->333151K(802304K), 0.0018974 secs] [Times: user=0.01 sys=0.00, real=0.00 secs] 
1208.583: [GC (Allocation Failure) [PSYoungGen: 71584K->1392K(71680K)] 403295K->333103K(801792K), 0.0019242 secs] [Times: user=0.01 sys=0.00, real=0.01 secs] 
1209.047: [GC (Allocation Failure) [PSYoungGen: 71536K->1344K(71680K)] 403247K->333055K(801792K), 0.0028407 secs] [Times: user=0.01 sys=0.00, real=0.00 secs] 
1209.356: [GC (Allocation Failure) [PSYoungGen: 71488K->1376K(71680K)] 403199K->333095K(801792K), 0.0022750 secs] [Times: user=0.01 sys=0.00, real=0.00 secs] 
1209.651: [GC (Allocation Failure) [PSYoungGen: 71520K->1488K(71680K)] 403239K->333207K(801792K), 0.0020648 secs] [Times: user=0.01 sys=0.00, real=0.00 secs] 
1209.783: [GC (Allocation Failure) [PSYoungGen: 71632K->1520K(72192K)] 403351K->333239K(802304K), 0.0016399 secs] [Times: user=0.01 sys=0.00, real=0.01 secs] 
1209.906: [GC (Allocation Failure) [PSYoungGen: 71664K->1456K(72192K)] 403383K->333175K(802304K), 0.0014508 secs] [Times: user=0.00 sys=0.00, real=0.00 secs] 
1210.049: [GC (Allocation Failure) [PSYoungGen: 71600K->1456K(72192K)] 403319K->333175K(802304K), 0.0019434 secs] [Times: user=0.00 sys=0.00, real=0.00 secs] 
1210.994: [GC (Allocation Failure) [PSYoungGen: 71600K->1408K(72192K)] 403319K->333135K(802304K), 0.0038510 secs] [Times: user=0.02 sys=0.00, real=0.00 secs] 
1211.651: [GC (Allocation Failure) [PSYoungGen: 71552K->1360K(72192K)] 403279K->333087K(802304K), 0.0023490 secs] [Times: user=0.01 sys=0.00, real=0.01 secs] 
1212.507: [GC (Allocation Failure) [PSYoungGen: 71504K->1408K(72192K)] 403231K->333135K(802304K), 0.0027063 secs] [Times: user=0.01 sys=0.00, real=0.00 secs] 
1213.199: [GC (Allocation Failure) [PSYoungGen: 71552K->1408K(72192K)] 403279K->333135K(802304K), 0.0032125 secs] [Times: user=0.01 sys=0.00, real=0.00 secs] 
1213.675: [GC (Allocation Failure) [PSYoungGen: 71552K->1520K(72192K)] 403279K->333247K(802304K), 0.0020455 secs] [Times: user=0.01 sys=0.00, real=0.00 secs] 
1213.848: [GC (Allocation Failure) [PSYoungGen: 71650K->1488K(72192K)] 403377K->333215K(802304K), 0.0020528 secs] [Times: user=0.01 sys=0.00, real=0.00 secs] 
1214.009: [GC (Allocation Failure) [PSYoungGen: 71632K->1456K(72192K)] 403359K->333183K(802304K), 0.0015684 secs] [Times: user=0.01 sys=0.00, real=0.00 secs] 
1214.134: [GC (Allocation Failure) [PSYoungGen: 71600K->1520K(72192K)] 403327K->333255K(802304K), 0.0015696 secs] [Times: user=0.00 sys=0.01, real=0.01 secs] 
1214.822: [GC (Allocation Failure) [PSYoungGen: 71664K->1440K(72192K)] 403399K->333183K(802304K), 0.0032804 secs] [Times: user=0.02 sys=0.01, real=0.01 secs] 
1215.442: [GC (Allocation Failure) [PSYoungGen: 71584K->1376K(72192K)] 403327K->333127K(802304K), 0.0024197 secs] [Times: user=0.01 sys=0.00, real=0.01 secs] 
1215.924: [GC (Allocation Failure) [PSYoungGen: 71520K->1376K(72192K)] 403271K->333127K(802304K), 0.0019651 secs] [Times: user=0.01 sys=0.00, real=0.00 secs] 
1216.262: [GC (Allocation Failure) [PSYoungGen: 71520K->1408K(72192K)] 403271K->333159K(802304K), 0.0019808 secs] [Times: user=0.01 sys=0.00, real=0.01 secs] 
1216.474: [GC (Allocation Failure) [PSYoungGen: 71552K->1456K(72192K)] 403303K->333207K(802304K), 0.0016517 secs] [Times: user=0.01 sys=0.00, real=0.00 secs] 
1216.598: [GC (Allocation Failure) [PSYoungGen: 71600K->1488K(72192K)] 403351K->333239K(802304K), 0.0015137 secs] [Times: user=0.01 sys=0.00, real=0.00 secs] 
1216.721: [GC (Allocation Failure) [PSYoungGen: 71632K->1488K(72192K)] 403383K->333239K(802304K), 0.0015030 secs] [Times: user=0.01 sys=0.00, real=0.00 secs] 
1216.894: [GC (Allocation Failure) [PSYoungGen: 71632K->1952K(72192K)] 403383K->333711K(802304K), 0.0016996 secs] [Times: user=0.01 sys=0.00, real=0.00 secs] 
1217.563: [GC (Allocation Failure) [PSYoungGen: 72096K->1376K(72192K)] 403855K->333135K(802304K), 0.0017351 secs] [Times: user=0.01 sys=0.00, real=0.01 secs] 
1218.365: [GC (Allocation Failure) [PSYoungGen: 71520K->1344K(72192K)] 403279K->333127K(802304K), 0.0041419 secs] [Times: user=0.01 sys=0.00, real=0.00 secs] 
1219.002: [GC (Allocation Failure) [PSYoungGen: 71488K->1376K(72192K)] 403271K->333159K(802304K), 0.0026383 secs] [Times: user=0.01 sys=0.00, real=0.01 secs] 
1219.622: [GC (Allocation Failure) [PSYoungGen: 71520K->1408K(72192K)] 403303K->333191K(802304K), 0.0020811 secs] [Times: user=0.01 sys=0.00, real=0.01 secs] 
1219.815: [GC (Allocation Failure) [PSYoungGen: 71552K->1520K(72192K)] 403335K->333303K(802304K), 0.0022428 secs] [Times: user=0.01 sys=0.00, real=0.00 secs] 
1219.979: [GC (Allocation Failure) [PSYoungGen: 71664K->1424K(72192K)] 403447K->333207K(802304K), 0.0015329 secs] [Times: user=0.00 sys=0.00, real=0.00 secs] 
1220.103: [GC (Allocation Failure) [PSYoungGen: 71568K->1424K(72192K)] 403351K->333207K(802304K), 0.0015555 secs] [Times: user=0.00 sys=0.00, real=0.01 secs] 
1220.314: [GC (Allocation Failure) [PSYoungGen: 71568K->1440K(72192K)] 403351K->333239K(802304K), 0.0023230 secs] [Times: user=0.01 sys=0.00, real=0.00 secs] 
1220.626: [GC (Allocation Failure) [PSYoungGen: 71584K->1408K(72192K)] 403383K->333207K(802304K), 0.0023658 secs] [Times: user=0.00 sys=0.00, real=0.00 secs] 
1221.091: [GC (Allocation Failure) [PSYoungGen: 71552K->1376K(72192K)] 403351K->333175K(802304K), 0.0019449 secs] [Times: user=0.01 sys=0.00, real=0.00 secs] 
1221.675: [GC (Allocation Failure) [PSYoungGen: 71520K->1376K(72192K)] 403319K->333175K(802304K), 0.0021883 secs] [Times: user=0.01 sys=0.00, real=0.00 secs] 
1222.147: [GC (Allocation Failure) [PSYoungGen: 71520K->1456K(72192K)] 403319K->333255K(802304K), 0.0019816 secs] [Times: user=0.01 sys=0.00, real=0.00 secs] 
1222.291: [GC (Allocation Failure) [PSYoungGen: 71600K->1488K(72192K)] 403399K->333287K(802304K), 0.0016136 secs] [Times: user=0.01 sys=0.00, real=0.00 secs] 
1222.415: [GC (Allocation Failure) [PSYoungGen: 71632K->1456K(72192K)] 403431K->333255K(802304K), 0.0014795 secs] [Times: user=0.01 sys=0.00, real=0.00 secs] 
1222.540: [GC (Allocation Failure) [PSYoungGen: 71600K->1456K(72192K)] 403399K->333271K(802304K), 0.0016493 secs] [Times: user=0.00 sys=0.00, real=0.00 secs] 
1223.104: [GC (Allocation Failure) [PSYoungGen: 71600K->1440K(72192K)] 403415K->333263K(802304K), 0.0027105 secs] [Times: user=0.01 sys=0.00, real=0.00 secs] 
1223.661: [GC (Allocation Failure) [PSYoungGen: 71584K->1344K(72192K)] 403407K->333167K(802304K), 0.0023669 secs] [Times: user=0.01 sys=0.00, real=0.00 secs] 
1224.315: [GC (Allocation Failure) [PSYoungGen: 71488K->1408K(72192K)] 403311K->333231K(802304K), 0.0022788 secs] [Times: user=0.01 sys=0.00, real=0.00 secs] 
1224.970: [GC (Allocation Failure) [PSYoungGen: 71552K->1376K(72192K)] 403375K->333199K(802304K), 0.0022303 secs] [Times: user=0.01 sys=0.00, real=0.00 secs] 
1225.261: [GC (Allocation Failure) [PSYoungGen: 71520K->1424K(72192K)] 403343K->333247K(802304K), 0.0017449 secs] [Times: user=0.01 sys=0.00, real=0.00 secs] 
1225.386: [GC (Allocation Failure) [PSYoungGen: 71568K->1517K(72192K)] 403391K->333340K(802304K), 0.0015122 secs] [Times: user=0.01 sys=0.00, real=0.00 secs] 
1225.511: [GC (Allocation Failure) [PSYoungGen: 71661K->1488K(72192K)] 403484K->333311K(802304K), 0.0014909 secs] [Times: user=0.00 sys=0.00, real=0.00 secs] 
1225.636: [GC (Allocation Failure) [PSYoungGen: 71632K->1456K(72192K)] 403455K->333303K(802304K), 0.0015210 secs] [Times: user=0.00 sys=0.00, real=0.00 secs] 
1226.828: [GC (Allocation Failure) [PSYoungGen: 71600K->1408K(72192K)] 403447K->333263K(802304K), 0.0020020 secs] [Times: user=0.01 sys=0.00, real=0.00 secs] 
1228.209: [GC (Allocation Failure) [PSYoungGen: 71552K->1408K(72192K)] 403407K->333263K(802304K), 0.0027121 secs] [Times: user=0.02 sys=0.00, real=0.00 secs] 
1229.237: [GC (Allocation Failure) [PSYoungGen: 71552K->1408K(72192K)] 403407K->333263K(802304K), 0.0026977 secs] [Times: user=0.01 sys=0.00, real=0.00 secs] 
1229.897: [GC (Allocation Failure) [PSYoungGen: 71552K->1392K(72192K)] 403407K->333247K(802304K), 0.0028877 secs] [Times: user=0.01 sys=0.00, real=0.00 secs] 
1230.212: [GC (Allocation Failure) [PSYoungGen: 71536K->1520K(72192K)] 403391K->333375K(802304K), 0.0018107 secs] [Times: user=0.00 sys=0.00, real=0.00 secs] 
1230.342: [GC (Allocation Failure) [PSYoungGen: 71664K->1456K(72192K)] 403519K->333311K(802304K), 0.0015823 secs] [Times: user=0.01 sys=0.00, real=0.00 secs] 
1230.485: [GC (Allocation Failure) [PSYoungGen: 71600K->1520K(72192K)] 403455K->333399K(802304K), 0.0019648 secs] [Times: user=0.01 sys=0.00, real=0.00 secs] 
1231.180: [GC (Allocation Failure) [PSYoungGen: 71664K->1440K(72192K)] 403543K->333335K(802304K), 0.0028523 secs] [Times: user=0.01 sys=0.01, real=0.00 secs] 
1232.457: [GC (Allocation Failure) [PSYoungGen: 71584K->1344K(72192K)] 403479K->333239K(802304K), 0.0034305 secs] [Times: user=0.02 sys=0.00, real=0.00 secs] 
1233.332: [GC (Allocation Failure) [PSYoungGen: 71488K->1376K(72192K)] 403383K->333271K(802304K), 0.0030377 secs] [Times: user=0.01 sys=0.01, real=0.01 secs] 
1233.942: [GC (Allocation Failure) [PSYoungGen: 71520K->1376K(72192K)] 403415K->333271K(802304K), 0.0026400 secs] [Times: user=0.01 sys=0.00, real=0.01 secs] 
1234.546: [GC (Allocation Failure) [PSYoungGen: 71506K->1408K(72192K)] 403401K->333303K(802304K), 0.0022799 secs] [Times: user=0.01 sys=0.00, real=0.00 secs] 
1234.706: [GC (Allocation Failure) [PSYoungGen: 71548K->1488K(72192K)] 403443K->333383K(802304K), 0.0014578 secs] [Times: user=0.01 sys=0.00, real=0.00 secs] 
1234.830: [GC (Allocation Failure) [PSYoungGen: 71632K->1536K(72192K)] 403527K->333431K(802304K), 0.0015751 secs] [Times: user=0.00 sys=0.00, real=0.00 secs] 
1234.954: [GC (Allocation Failure) [PSYoungGen: 71680K->1488K(72192K)] 403575K->333383K(802304K), 0.0014925 secs] [Times: user=0.01 sys=0.00, real=0.01 secs] 
1235.199: [GC (Allocation Failure) [PSYoungGen: 71632K->1440K(72192K)] 403527K->333359K(802304K), 0.0017386 secs] [Times: user=0.01 sys=0.00, real=0.00 secs] 
1235.534: [GC (Allocation Failure) [PSYoungGen: 71584K->1424K(72192K)] 403503K->333343K(802304K), 0.0017856 secs] [Times: user=0.01 sys=0.00, real=0.00 secs] 
1236.052: [GC (Allocation Failure) [PSYoungGen: 71568K->1408K(72192K)] 403487K->333327K(802304K), 0.0022809 secs] [Times: user=0.01 sys=0.00, real=0.01 secs] 
1236.601: [GC (Allocation Failure) [PSYoungGen: 71552K->1408K(72192K)] 403471K->333327K(802304K), 0.0024449 secs] [Times: user=0.01 sys=0.00, real=0.00 secs] 
1237.046: [GC (Allocation Failure) [PSYoungGen: 71552K->1488K(72192K)] 403471K->333407K(802304K), 0.0021320 secs] [Times: user=0.00 sys=0.00, real=0.00 secs] 
1237.229: [GC (Allocation Failure) [PSYoungGen: 71632K->1520K(72192K)] 403551K->333439K(802304K), 0.0021284 secs] [Times: user=0.00 sys=0.00, real=0.00 secs] 
1237.386: [GC (Allocation Failure) [PSYoungGen: 71664K->1453K(72192K)] 403583K->333372K(802304K), 0.0015764 secs] [Times: user=0.01 sys=0.00, real=0.00 secs] 
1237.510: [GC (Allocation Failure) [PSYoungGen: 71597K->1520K(72192K)] 403516K->333455K(802304K), 0.0014797 secs] [Times: user=0.01 sys=0.00, real=0.00 secs] 
1237.796: [GC (Allocation Failure) [PSYoungGen: 71664K->1440K(72192K)] 403599K->333375K(802304K), 0.0020164 secs] [Times: user=0.01 sys=0.00, real=0.00 secs] 
1238.175: [GC (Allocation Failure) [PSYoungGen: 71584K->1408K(72192K)] 403519K->333359K(802304K), 0.0038167 secs] [Times: user=0.02 sys=0.01, real=0.00 secs] 
1238.735: [GC (Allocation Failure) [PSYoungGen: 71552K->1376K(72192K)] 403503K->333327K(802304K), 0.0022608 secs] [Times: user=0.01 sys=0.00, real=0.00 secs] 
1239.328: [GC (Allocation Failure) [PSYoungGen: 71520K->1408K(72192K)] 403471K->333359K(802304K), 0.0023379 secs] [Times: user=0.01 sys=0.00, real=0.00 secs] 
1239.654: [GC (Allocation Failure) [PSYoungGen: 71552K->1456K(72192K)] 403503K->333407K(802304K), 0.0017074 secs] [Times: user=0.01 sys=0.00, real=0.00 secs] 
1239.779: [GC (Allocation Failure) [PSYoungGen: 71600K->1517K(72192K)] 403551K->333468K(802304K), 0.0014890 secs] [Times: user=0.01 sys=0.00, real=0.00 secs] 
1239.903: [GC (Allocation Failure) [PSYoungGen: 71661K->1456K(72192K)] 403612K->333407K(802304K), 0.0014918 secs] [Times: user=0.01 sys=0.00, real=0.01 secs] 
1240.117: [GC (Allocation Failure) [PSYoungGen: 71600K->1712K(72192K)] 403551K->333671K(802304K), 0.0020662 secs] [Times: user=0.01 sys=0.00, real=0.00 secs] 
1240.460: [GC (Allocation Failure) [PSYoungGen: 71856K->1376K(72192K)] 403815K->333335K(802304K), 0.0020214 secs] [Times: user=0.00 sys=0.00, real=0.00 secs] 
1241.173: [GC (Allocation Failure) [PSYoungGen: 71520K->1408K(72192K)] 403479K->333367K(802304K), 0.0056880 secs] [Times: user=0.02 sys=0.00, real=0.01 secs] 
1241.952: [GC (Allocation Failure) [PSYoungGen: 71552K->1376K(72192K)] 403511K->333335K(802304K), 0.0023435 secs] [Times: user=0.00 sys=0.00, real=0.01 secs] 
1242.786: [GC (Allocation Failure) [PSYoungGen: 71520K->1456K(72192K)] 403479K->333415K(802304K), 0.0026723 secs] [Times: user=0.01 sys=0.00, real=0.00 secs] 
1242.975: [GC (Allocation Failure) [PSYoungGen: 71600K->1456K(72192K)] 403559K->333415K(802304K), 0.0015359 secs] [Times: user=0.00 sys=0.00, real=0.00 secs] 
1243.099: [GC (Allocation Failure) [PSYoungGen: 71600K->1469K(72192K)] 403559K->333428K(802304K), 0.0015167 secs] [Times: user=0.00 sys=0.00, real=0.00 secs] 
1243.223: [GC (Allocation Failure) [PSYoungGen: 71613K->1456K(72192K)] 403572K->333415K(802304K), 0.0016276 secs] [Times: user=0.01 sys=0.00, real=0.01 secs] 
1243.712: [GC (Allocation Failure) [PSYoungGen: 71600K->1456K(72192K)] 403559K->333423K(802304K), 0.0021820 secs] [Times: user=0.01 sys=0.00, real=0.01 secs] 
1244.630: [GC (Allocation Failure) [PSYoungGen: 71600K->1376K(72192K)] 403567K->333343K(802304K), 0.0030403 secs] [Times: user=0.01 sys=0.00, real=0.00 secs] 
1245.263: [GC (Allocation Failure) [PSYoungGen: 71520K->1408K(72192K)] 403487K->333375K(802304K), 0.0026858 secs] [Times: user=0.01 sys=0.00, real=0.01 secs] 
1245.949: [GC (Allocation Failure) [PSYoungGen: 71552K->1408K(72192K)] 403519K->333375K(802304K), 0.0025675 secs] [Times: user=0.02 sys=0.00, real=0.00 secs] 
1246.457: [GC (Allocation Failure) [PSYoungGen: 71552K->1469K(72192K)] 403519K->333436K(802304K), 0.0030883 secs] [Times: user=0.01 sys=0.00, real=0.00 secs] 
1246.661: [GC (Allocation Failure) [PSYoungGen: 71613K->1488K(72192K)] 403580K->333455K(802304K), 0.0015895 secs] [Times: user=0.01 sys=0.00, real=0.00 secs] 
1246.786: [GC (Allocation Failure) [PSYoungGen: 71632K->1456K(72192K)] 403599K->333423K(802304K), 0.0015506 secs] [Times: user=0.01 sys=0.00, real=0.00 secs] 
1246.909: [GC (Allocation Failure) [PSYoungGen: 71600K->1469K(72192K)] 403567K->333460K(802304K), 0.0015553 secs] [Times: user=0.00 sys=0.00, real=0.00 secs] 
1247.649: [GC (Allocation Failure) [PSYoungGen: 71613K->1408K(72192K)] 403604K->333399K(802304K), 0.0030088 secs] [Times: user=0.01 sys=0.00, real=0.00 secs] 
1248.490: [GC (Allocation Failure) [PSYoungGen: 71552K->1376K(72192K)] 403543K->333367K(802304K), 0.0032291 secs] [Times: user=0.02 sys=0.00, real=0.00 secs] 
1249.213: [GC (Allocation Failure) [PSYoungGen: 71520K->1408K(72192K)] 403511K->333399K(802304K), 0.0046134 secs] [Times: user=0.02 sys=0.00, real=0.01 secs] 
1249.891: [GC (Allocation Failure) [PSYoungGen: 71552K->1360K(72192K)] 403543K->333375K(802304K), 0.0038827 secs] [Times: user=0.02 sys=0.00, real=0.01 secs] 
1250.248: [GC (Allocation Failure) [PSYoungGen: 71504K->1520K(72192K)] 403519K->333535K(802304K), 0.0018742 secs] [Times: user=0.01 sys=0.00, real=0.00 secs] 
1250.385: [GC (Allocation Failure) [PSYoungGen: 71664K->1488K(72192K)] 403679K->333503K(802304K), 0.0015064 secs] [Times: user=0.01 sys=0.00, real=0.00 secs] 
1250.508: [GC (Allocation Failure) [PSYoungGen: 71632K->1520K(72192K)] 403647K->333535K(802304K), 0.0016332 secs] [Times: user=0.01 sys=0.00, real=0.00 secs] 
1250.632: [GC (Allocation Failure) [PSYoungGen: 71664K->1453K(72192K)] 403679K->333484K(802304K), 0.0014667 secs] [Times: user=0.00 sys=0.00, real=0.01 secs] 
1251.662: [GC (Allocation Failure) [PSYoungGen: 71597K->1440K(72192K)] 403628K->333471K(802304K), 0.0031136 secs] [Times: user=0.02 sys=0.00, real=0.01 secs] 
1252.387: [GC (Allocation Failure) [PSYoungGen: 71584K->1344K(72192K)] 403615K->333375K(802304K), 0.0032550 secs] [Times: user=0.02 sys=0.00, real=0.00 secs] 
1253.415: [GC (Allocation Failure) [PSYoungGen: 71488K->1376K(72192K)] 403519K->333415K(802304K), 0.0033662 secs] [Times: user=0.01 sys=0.00, real=0.00 secs] 
1254.147: [GC (Allocation Failure) [PSYoungGen: 71520K->1392K(72192K)] 403559K->333431K(802304K), 0.0034969 secs] [Times: user=0.02 sys=0.01, real=0.00 secs] 
1254.412: [GC (Allocation Failure) [PSYoungGen: 71536K->1520K(72192K)] 403575K->333559K(802304K), 0.0019038 secs] [Times: user=0.01 sys=0.00, real=0.01 secs] 
1254.544: [GC (Allocation Failure) [PSYoungGen: 71664K->1488K(72192K)] 403703K->333527K(802304K), 0.0015766 secs] [Times: user=0.01 sys=0.00, real=0.00 secs] 
1254.669: [GC (Allocation Failure) [PSYoungGen: 71632K->1520K(72192K)] 403671K->333559K(802304K), 0.0014852 secs] [Times: user=0.01 sys=0.00, real=0.00 secs] 
1254.907: [GC (Allocation Failure) [PSYoungGen: 71664K->1472K(72192K)] 403703K->333511K(802304K), 0.0018553 secs] [Times: user=0.01 sys=0.00, real=0.00 secs] 
1255.680: [GC (Allocation Failure) [PSYoungGen: 71616K->1408K(72192K)] 403655K->333447K(802304K), 0.0031012 secs] [Times: user=0.01 sys=0.00, real=0.00 secs] 
1256.211: [GC (Allocation Failure) [PSYoungGen: 71552K->1408K(72192K)] 403591K->333447K(802304K), 0.0026737 secs] [Times: user=0.01 sys=0.00, real=0.00 secs] 
1256.813: [GC (Allocation Failure) [PSYoungGen: 71552K->1376K(72192K)] 403591K->333415K(802304K), 0.0021858 secs] [Times: user=0.00 sys=0.01, real=0.01 secs] 
1257.423: [GC (Allocation Failure) [PSYoungGen: 71520K->1456K(72192K)] 403559K->333495K(802304K), 0.0019750 secs] [Times: user=0.00 sys=0.00, real=0.01 secs] 
1257.562: [GC (Allocation Failure) [PSYoungGen: 71600K->1472K(72192K)] 403639K->333511K(802304K), 0.0015070 secs] [Times: user=0.01 sys=0.00, real=0.01 secs] 
1257.686: [GC (Allocation Failure) [PSYoungGen: 71616K->1456K(72192K)] 403655K->333495K(802304K), 0.0015375 secs] [Times: user=0.00 sys=0.00, real=0.00 secs] 
1257.809: [GC (Allocation Failure) [PSYoungGen: 71600K->1485K(72192K)] 403639K->333524K(802304K), 0.0014821 secs] [Times: user=0.01 sys=0.00, real=0.00 secs] 
1258.197: [GC (Allocation Failure) [PSYoungGen: 71629K->1472K(72192K)] 403668K->333511K(802304K), 0.0019299 secs] [Times: user=0.01 sys=0.00, real=0.00 secs] 
1259.008: [GC (Allocation Failure) [PSYoungGen: 71616K->1376K(72192K)] 403655K->333415K(802304K), 0.0018754 secs] [Times: user=0.01 sys=0.00, real=0.00 secs] 
1259.907: [GC (Allocation Failure) [PSYoungGen: 71520K->1376K(72192K)] 403559K->333439K(802304K), 0.0018693 secs] [Times: user=0.01 sys=0.00, real=0.00 secs] 
1260.485: [GC (Allocation Failure) [PSYoungGen: 71520K->1408K(72192K)] 403583K->333471K(802304K), 0.0019422 secs] [Times: user=0.01 sys=0.00, real=0.00 secs] 
1261.120: [GC (Allocation Failure) [PSYoungGen: 71544K->1488K(72192K)] 403608K->333551K(802304K), 0.0023735 secs] [Times: user=0.01 sys=0.00, real=0.00 secs] 
1261.260: [GC (Allocation Failure) [PSYoungGen: 71614K->1517K(72192K)] 403677K->333580K(802304K), 0.0015547 secs] [Times: user=0.01 sys=0.00, real=0.00 secs] 
1261.406: [GC (Allocation Failure) [PSYoungGen: 71661K->1488K(72192K)] 403724K->333551K(802304K), 0.0018671 secs] [Times: user=0.00 sys=0.00, real=0.00 secs] 
1261.558: [GC (Allocation Failure) [PSYoungGen: 71632K->1488K(72192K)] 403695K->333567K(802304K), 0.0015385 secs] [Times: user=0.01 sys=0.00, real=0.00 secs] 
1261.868: [GC (Allocation Failure) [PSYoungGen: 71632K->1440K(72192K)] 403711K->333519K(802304K), 0.0018047 secs] [Times: user=0.00 sys=0.00, real=0.00 secs] 
1262.182: [GC (Allocation Failure) [PSYoungGen: 71584K->1376K(72192K)] 403663K->333455K(802304K), 0.0019929 secs] [Times: user=0.01 sys=0.00, real=0.01 secs] 
1262.475: [GC (Allocation Failure) [PSYoungGen: 71520K->1408K(72192K)] 403599K->333487K(802304K), 0.0020500 secs] [Times: user=0.01 sys=0.00, real=0.00 secs] 
1262.813: [GC (Allocation Failure) [PSYoungGen: 71552K->1376K(72192K)] 403631K->333455K(802304K), 0.0019766 secs] [Times: user=0.01 sys=0.00, real=0.01 secs] 
1263.035: [GC (Allocation Failure) [PSYoungGen: 71520K->1488K(72192K)] 403599K->333567K(802304K), 0.0014915 secs] [Times: user=0.01 sys=0.00, real=0.00 secs] 
1263.159: [GC (Allocation Failure) [PSYoungGen: 71632K->1520K(72192K)] 403711K->333599K(802304K), 0.0015205 secs] [Times: user=0.01 sys=0.00, real=0.00 secs] 
1263.282: [GC (Allocation Failure) [PSYoungGen: 71664K->1456K(72192K)] 403743K->333535K(802304K), 0.0015204 secs] [Times: user=0.01 sys=0.00, real=0.01 secs] 
1263.973: [GC (Allocation Failure) [PSYoungGen: 71600K->1952K(72192K)] 403679K->334031K(802304K), 0.0049298 secs] [Times: user=0.02 sys=0.00, real=0.01 secs] 
1265.855: [GC (Allocation Failure) [PSYoungGen: 72096K->1376K(72192K)] 404175K->333455K(802304K), 0.0041623 secs] [Times: user=0.01 sys=0.00, real=0.00 secs] 
1266.369: [GC (Allocation Failure) [PSYoungGen: 71520K->1376K(72192K)] 403599K->333455K(802304K), 0.0019356 secs] [Times: user=0.01 sys=0.00, real=0.00 secs] 
1266.660: [GC (Allocation Failure) [PSYoungGen: 71520K->1344K(72192K)] 403599K->333423K(802304K), 0.0019504 secs] [Times: user=0.00 sys=0.00, real=0.00 secs] 
1267.109: [GC (Allocation Failure) [PSYoungGen: 71488K->1440K(72192K)] 403567K->333519K(802304K), 0.0019362 secs] [Times: user=0.01 sys=0.00, real=0.00 secs] 
1267.245: [GC (Allocation Failure) [PSYoungGen: 71560K->1488K(72192K)] 403639K->333567K(802304K), 0.0015875 secs] [Times: user=0.00 sys=0.00, real=0.00 secs] 
1267.369: [GC (Allocation Failure) [PSYoungGen: 71632K->1501K(72192K)] 403711K->333580K(802304K), 0.0014927 secs] [Times: user=0.01 sys=0.00, real=0.00 secs] 
1267.493: [GC (Allocation Failure) [PSYoungGen: 71645K->1485K(72192K)] 403724K->333564K(802304K), 0.0015227 secs] [Times: user=0.00 sys=0.00, real=0.01 secs] 
1267.956: [GC (Allocation Failure) [PSYoungGen: 71629K->1472K(72192K)] 403708K->333551K(802304K), 0.0018832 secs] [Times: user=0.01 sys=0.00, real=0.00 secs] 
1268.537: [GC (Allocation Failure) [PSYoungGen: 71616K->1408K(72192K)] 403695K->333487K(802304K), 0.0022863 secs] [Times: user=0.01 sys=0.00, real=0.00 secs] 
1268.820: [GC (Allocation Failure) [PSYoungGen: 71552K->1408K(72192K)] 403631K->333511K(802304K), 0.0019792 secs] [Times: user=0.01 sys=0.00, real=0.00 secs] 
1269.112: [GC (Allocation Failure) [PSYoungGen: 71552K->1408K(72192K)] 403655K->333511K(802304K), 0.0019759 secs] [Times: user=0.01 sys=0.00, real=0.01 secs] 
1269.364: [GC (Allocation Failure) [PSYoungGen: 71552K->1453K(72192K)] 403655K->333556K(802304K), 0.0015692 secs] [Times: user=0.00 sys=0.00, real=0.00 secs] 
1269.489: [GC (Allocation Failure) [PSYoungGen: 71596K->1488K(72192K)] 403699K->333591K(802304K), 0.0016336 secs] [Times: user=0.01 sys=0.00, real=0.00 secs] 
1269.613: [GC (Allocation Failure) [PSYoungGen: 71632K->1488K(72192K)] 403735K->333591K(802304K), 0.0015066 secs] [Times: user=0.01 sys=0.00, real=0.01 secs] 
1269.756: [GC (Allocation Failure) [PSYoungGen: 71632K->1456K(72192K)] 403735K->333575K(802304K), 0.0021358 secs] [Times: user=0.01 sys=0.00, real=0.00 secs] 
1270.963: [GC (Allocation Failure) [PSYoungGen: 71600K->1440K(71680K)] 403719K->333559K(801792K), 0.0027448 secs] [Times: user=0.01 sys=0.00, real=0.01 secs] 
1272.353: [GC (Allocation Failure) [PSYoungGen: 71584K->1408K(71680K)] 403703K->333527K(801792K), 0.0048072 secs] [Times: user=0.02 sys=0.00, real=0.01 secs] 
1273.016: [GC (Allocation Failure) [PSYoungGen: 71552K->1408K(71680K)] 403671K->333527K(801792K), 0.0031315 secs] [Times: user=0.01 sys=0.00, real=0.00 secs] 
1273.668: [GC (Allocation Failure) [PSYoungGen: 71552K->1408K(71680K)] 403671K->333527K(801792K), 0.0029475 secs] [Times: user=0.01 sys=0.00, real=0.00 secs] 
1274.075: [GC (Allocation Failure) [PSYoungGen: 71552K->1501K(71680K)] 403671K->333620K(801792K), 0.0022247 secs] [Times: user=0.01 sys=0.00, real=0.00 secs] 
1274.206: [GC (Allocation Failure) [PSYoungGen: 71645K->1549K(72192K)] 403764K->333668K(802304K), 0.0017596 secs] [Times: user=0.00 sys=0.00, real=0.00 secs] 
1274.331: [GC (Allocation Failure) [PSYoungGen: 71693K->461K(70656K)] 403812K->333604K(800768K), 0.0015776 secs] [Times: user=0.01 sys=0.00, real=0.00 secs] 
1274.456: [GC (Allocation Failure) [PSYoungGen: 70605K->464K(72192K)] 403748K->333615K(802304K), 0.0015362 secs] [Times: user=0.00 sys=0.00, real=0.00 secs] 
1275.984: [GC (Allocation Failure) [PSYoungGen: 70608K->1440K(71680K)] 403759K->334591K(801792K), 0.0043435 secs] [Times: user=0.02 sys=0.00, real=0.00 secs] 
1276.601: [GC (Allocation Failure) [PSYoungGen: 71584K->1408K(71680K)] 404735K->334559K(801792K), 0.0027411 secs] [Times: user=0.02 sys=0.00, real=0.01 secs] 
1277.321: [GC (Allocation Failure) [PSYoungGen: 71552K->1376K(71680K)] 404703K->334527K(801792K), 0.0027834 secs] [Times: user=0.01 sys=0.00, real=0.01 secs] 
1277.868: [GC (Allocation Failure) [PSYoungGen: 71520K->1408K(71680K)] 404671K->334559K(801792K), 0.0031954 secs] [Times: user=0.01 sys=0.00, real=0.00 secs] 
1278.100: [GC (Allocation Failure) [PSYoungGen: 71552K->1488K(72192K)] 404703K->334639K(802304K), 0.0017004 secs] [Times: user=0.01 sys=0.00, real=0.00 secs] 
1278.224: [GC (Allocation Failure) [PSYoungGen: 71632K->1549K(72192K)] 404783K->334700K(802304K), 0.0016878 secs] [Times: user=0.01 sys=0.00, real=0.00 secs] 
1278.348: [GC (Allocation Failure) [PSYoungGen: 71693K->1520K(72192K)] 404844K->334671K(802304K), 0.0014870 secs] [Times: user=0.00 sys=0.00, real=0.00 secs] 
1278.570: [GC (Allocation Failure) [PSYoungGen: 71664K->1440K(72192K)] 404815K->334591K(802304K), 0.0017950 secs] [Times: user=0.01 sys=0.00, real=0.00 secs] 
1279.152: [GC (Allocation Failure) [PSYoungGen: 71584K->1392K(72192K)] 404735K->334543K(802304K), 0.0017393 secs] [Times: user=0.00 sys=0.00, real=0.01 secs] 
1279.757: [GC (Allocation Failure) [PSYoungGen: 71536K->1360K(72192K)] 404687K->334535K(802304K), 0.0021657 secs] [Times: user=0.01 sys=0.00, real=0.00 secs] 
1280.355: [GC (Allocation Failure) [PSYoungGen: 71504K->1344K(72192K)] 404679K->334519K(802304K), 0.0021208 secs] [Times: user=0.01 sys=0.00, real=0.00 secs] 
1280.938: [GC (Allocation Failure) [PSYoungGen: 71488K->1456K(72192K)] 404663K->334631K(802304K), 0.0021099 secs] [Times: user=0.01 sys=0.00, real=0.00 secs] 
1281.085: [GC (Allocation Failure) [PSYoungGen: 71600K->1456K(72192K)] 404775K->334631K(802304K), 0.0016284 secs] [Times: user=0.00 sys=0.00, real=0.00 secs] 
1281.210: [GC (Allocation Failure) [PSYoungGen: 71600K->1488K(72192K)] 404775K->334663K(802304K), 0.0014746 secs] [Times: user=0.00 sys=0.01, real=0.00 secs] 
1281.353: [GC (Allocation Failure) [PSYoungGen: 71632K->1488K(72192K)] 404807K->334663K(802304K), 0.0019295 secs] [Times: user=0.01 sys=0.00, real=0.01 secs] 
1281.853: [GC (Allocation Failure) [PSYoungGen: 71632K->1408K(72192K)] 404807K->334583K(802304K), 0.0024071 secs] [Times: user=0.01 sys=0.00, real=0.01 secs] 
1282.400: [GC (Allocation Failure) [PSYoungGen: 71552K->1408K(72192K)] 404727K->334583K(802304K), 0.0025791 secs] [Times: user=0.01 sys=0.00, real=0.00 secs] 
1283.017: [GC (Allocation Failure) [PSYoungGen: 71552K->1408K(72192K)] 404727K->334583K(802304K), 0.0024885 secs] [Times: user=0.01 sys=0.00, real=0.00 secs] 
1283.602: [GC (Allocation Failure) [PSYoungGen: 71552K->1392K(72192K)] 404727K->334567K(802304K), 0.0030226 secs] [Times: user=0.01 sys=0.00, real=0.01 secs] 
1284.045: [GC (Allocation Failure) [PSYoungGen: 71536K->1469K(72192K)] 404711K->334644K(802304K), 0.0021999 secs] [Times: user=0.01 sys=0.00, real=0.00 secs] 
1284.189: [GC (Allocation Failure) [PSYoungGen: 71612K->1488K(72192K)] 404787K->334663K(802304K), 0.0015132 secs] [Times: user=0.01 sys=0.00, real=0.00 secs] 
1284.312: [GC (Allocation Failure) [PSYoungGen: 71632K->1504K(72192K)] 404807K->334679K(802304K), 0.0020798 secs] [Times: user=0.01 sys=0.00, real=0.01 secs] 
1284.456: [GC (Allocation Failure) [PSYoungGen: 71648K->1488K(72192K)] 404823K->334679K(802304K), 0.0019511 secs] [Times: user=0.01 sys=0.00, real=0.00 secs] 
1285.035: [GC (Allocation Failure) [PSYoungGen: 71632K->1408K(72192K)] 404823K->334599K(802304K), 0.0022757 secs] [Times: user=0.01 sys=0.00, real=0.00 secs] 
1285.928: [GC (Allocation Failure) [PSYoungGen: 71552K->1376K(72192K)] 404743K->334567K(802304K), 0.0038498 secs] [Times: user=0.01 sys=0.00, real=0.00 secs] 
1286.696: [GC (Allocation Failure) [PSYoungGen: 71520K->1312K(72192K)] 404711K->334503K(802304K), 0.0032995 secs] [Times: user=0.01 sys=0.00, real=0.00 secs] 
1287.462: [GC (Allocation Failure) [PSYoungGen: 71456K->1360K(72192K)] 404647K->334551K(802304K), 0.0033269 secs] [Times: user=0.02 sys=0.01, real=0.01 secs] 
1287.797: [GC (Allocation Failure) [PSYoungGen: 71504K->1456K(72192K)] 404695K->334647K(802304K), 0.0017359 secs] [Times: user=0.01 sys=0.00, real=0.00 secs] 
1287.965: [GC (Allocation Failure) [PSYoungGen: 71600K->1424K(72192K)] 404791K->334615K(802304K), 0.0018732 secs] [Times: user=0.01 sys=0.00, real=0.00 secs] 
1288.123: [GC (Allocation Failure) [PSYoungGen: 71568K->1472K(72192K)] 404759K->334663K(802304K), 0.0015658 secs] [Times: user=0.01 sys=0.00, real=0.01 secs] 
1288.295: [GC (Allocation Failure) [PSYoungGen: 71616K->2000K(72192K)] 404807K->335191K(802304K), 0.0021255 secs] [Times: user=0.01 sys=0.00, real=0.00 secs] 
1288.685: [GC (Allocation Failure) [PSYoungGen: 72144K->1392K(72192K)] 405335K->334583K(802304K), 0.0020493 secs] [Times: user=0.01 sys=0.00, real=0.00 secs] 
1289.272: [GC (Allocation Failure) [PSYoungGen: 71536K->1376K(72192K)] 404727K->334583K(802304K), 0.0021190 secs] [Times: user=0.01 sys=0.00, real=0.01 secs] 
1289.862: [GC (Allocation Failure) [PSYoungGen: 71520K->1408K(72192K)] 404727K->334615K(802304K), 0.0033039 secs] [Times: user=0.01 sys=0.00, real=0.01 secs] 
1290.491: [GC (Allocation Failure) [PSYoungGen: 71534K->1440K(72192K)] 404741K->334647K(802304K), 0.0029523 secs] [Times: user=0.01 sys=0.00, real=0.01 secs] 
1290.713: [GC (Allocation Failure) [PSYoungGen: 71584K->1488K(72192K)] 404791K->334695K(802304K), 0.0020686 secs] [Times: user=0.01 sys=0.00, real=0.01 secs] 
1290.844: [GC (Allocation Failure) [PSYoungGen: 71632K->1485K(72192K)] 404839K->334692K(802304K), 0.0015122 secs] [Times: user=0.01 sys=0.00, real=0.00 secs] 
1290.969: [GC (Allocation Failure) [PSYoungGen: 71629K->1440K(72192K)] 404836K->334647K(802304K), 0.0014910 secs] [Times: user=0.00 sys=0.00, real=0.00 secs] 
1292.108: [GC (Allocation Failure) [PSYoungGen: 71584K->1440K(72192K)] 404791K->334647K(802304K), 0.0045035 secs] [Times: user=0.02 sys=0.00, real=0.00 secs] 
1293.050: [GC (Allocation Failure) [PSYoungGen: 71584K->1408K(72192K)] 404791K->334615K(802304K), 0.0027964 secs] [Times: user=0.01 sys=0.00, real=0.00 secs] 
1293.817: [GC (Allocation Failure) [PSYoungGen: 71552K->1408K(72192K)] 404759K->334615K(802304K), 0.0028527 secs] [Times: user=0.01 sys=0.00, real=0.00 secs] 
1294.642: [GC (Allocation Failure) [PSYoungGen: 71552K->1392K(72192K)] 404759K->334599K(802304K), 0.0043330 secs] [Times: user=0.02 sys=0.01, real=0.01 secs] 
1295.249: [GC (Allocation Failure) [PSYoungGen: 71536K->1501K(72192K)] 404743K->334708K(802304K), 0.0024702 secs] [Times: user=0.01 sys=0.00, real=0.00 secs] 
1295.416: [GC (Allocation Failure) [PSYoungGen: 71619K->1485K(72192K)] 404826K->334692K(802304K), 0.0015093 secs] [Times: user=0.01 sys=0.00, real=0.00 secs] 
1295.540: [GC (Allocation Failure) [PSYoungGen: 71629K->1517K(72192K)] 404836K->334724K(802304K), 0.0016923 secs] [Times: user=0.00 sys=0.00, real=0.00 secs] 
1295.664: [GC (Allocation Failure) [PSYoungGen: 71661K->1456K(72192K)] 404868K->334671K(802304K), 0.0019762 secs] [Times: user=0.00 sys=0.00, real=0.00 secs] 
1296.046: [GC (Allocation Failure) [PSYoungGen: 71600K->1424K(71680K)] 404815K->334639K(801792K), 0.0018711 secs] [Times: user=0.00 sys=0.00, real=0.00 secs] 
1296.423: [GC (Allocation Failure) [PSYoungGen: 71568K->1376K(71680K)] 404783K->334591K(801792K), 0.0019392 secs] [Times: user=0.01 sys=0.00, real=0.01 secs] 
1296.731: [GC (Allocation Failure) [PSYoungGen: 71520K->1376K(71680K)] 404735K->334591K(801792K), 0.0027225 secs] [Times: user=0.01 sys=0.00, real=0.01 secs] 
1297.295: [GC (Allocation Failure) [PSYoungGen: 71520K->1376K(71680K)] 404735K->334591K(801792K), 0.0028972 secs] [Times: user=0.01 sys=0.00, real=0.00 secs] 
1297.653: [GC (Allocation Failure) [PSYoungGen: 71520K->1456K(71680K)] 404735K->334671K(801792K), 0.0020789 secs] [Times: user=0.01 sys=0.00, real=0.01 secs] 
1297.833: [GC (Allocation Failure) [PSYoungGen: 71600K->1517K(71680K)] 404815K->334732K(801792K), 0.0024391 secs] [Times: user=0.01 sys=0.00, real=0.01 secs] 
1297.998: [GC (Allocation Failure) [PSYoungGen: 71661K->1517K(71680K)] 404876K->334732K(801792K), 0.0015553 secs] [Times: user=0.00 sys=0.00, real=0.00 secs] 
1298.140: [GC (Allocation Failure) [PSYoungGen: 71169K->256K(70656K)] 404384K->333471K(800768K), 0.0018954 secs] [Times: user=0.00 sys=0.00, real=0.00 secs] 
1299.273: [GC (Allocation Failure) [PSYoungGen: 70400K->1360K(71680K)] 403615K->334599K(801792K), 0.0040874 secs] [Times: user=0.02 sys=0.00, real=0.01 secs] 
1300.064: [GC (Allocation Failure) [PSYoungGen: 71504K->1344K(71680K)] 404743K->334583K(801792K), 0.0041661 secs] [Times: user=0.01 sys=0.00, real=0.00 secs] 
1300.807: [GC (Allocation Failure) [PSYoungGen: 71488K->1408K(71680K)] 404727K->334647K(801792K), 0.0040463 secs] [Times: user=0.02 sys=0.00, real=0.00 secs] 
1301.341: [GC (Allocation Failure) [PSYoungGen: 71552K->272K(72192K)] 404791K->333511K(802304K), 0.0022818 secs] [Times: user=0.01 sys=0.00, real=0.00 secs] 
1301.501: [GC (Allocation Failure) [PSYoungGen: 70416K->1453K(72192K)] 403655K->334692K(802304K), 0.0015423 secs] [Times: user=0.00 sys=0.00, real=0.00 secs] 
1301.643: [GC (Allocation Failure) [PSYoungGen: 71597K->1520K(72192K)] 404836K->334759K(802304K), 0.0019503 secs] [Times: user=0.01 sys=0.00, real=0.01 secs] 
1301.813: [GC (Allocation Failure) [PSYoungGen: 71664K->1456K(72192K)] 404903K->334695K(802304K), 0.0015750 secs] [Times: user=0.00 sys=0.00, real=0.01 secs] 
1302.147: [GC (Allocation Failure) [PSYoungGen: 71600K->1408K(72192K)] 404839K->334647K(802304K), 0.0025227 secs] [Times: user=0.02 sys=0.00, real=0.00 secs] 
1302.722: [GC (Allocation Failure) [PSYoungGen: 71552K->1376K(72192K)] 404791K->334615K(802304K), 0.0026486 secs] [Times: user=0.01 sys=0.00, real=0.01 secs] 
1303.310: [GC (Allocation Failure) [PSYoungGen: 71520K->1408K(72192K)] 404759K->334647K(802304K), 0.0021931 secs] [Times: user=0.01 sys=0.00, real=0.00 secs] 
1303.830: [GC (Allocation Failure) [PSYoungGen: 71552K->1408K(72192K)] 404791K->334647K(802304K), 0.0039440 secs] [Times: user=0.01 sys=0.00, real=0.01 secs] 
1304.282: [GC (Allocation Failure) [PSYoungGen: 71552K->1456K(72192K)] 404791K->334695K(802304K), 0.0022498 secs] [Times: user=0.01 sys=0.00, real=0.01 secs] 
1304.443: [GC (Allocation Failure) [PSYoungGen: 71596K->1517K(72192K)] 404836K->334756K(802304K), 0.0015865 secs] [Times: user=0.00 sys=0.00, real=0.01 secs] 
1304.568: [GC (Allocation Failure) [PSYoungGen: 71661K->1453K(72192K)] 404900K->334692K(802304K), 0.0014949 secs] [Times: user=0.01 sys=0.00, real=0.00 secs] 
1304.691: [GC (Allocation Failure) [PSYoungGen: 71597K->1517K(72192K)] 404836K->334764K(802304K), 0.0015085 secs] [Times: user=0.01 sys=0.00, real=0.00 secs] 
1306.185: [GC (Allocation Failure) [PSYoungGen: 71661K->1408K(72192K)] 404908K->334655K(802304K), 0.0044983 secs] [Times: user=0.01 sys=0.00, real=0.00 secs] 
1307.357: [GC (Allocation Failure) [PSYoungGen: 71552K->1408K(72192K)] 404799K->334655K(802304K), 0.0025305 secs] [Times: user=0.01 sys=0.00, real=0.00 secs] 
1308.231: [GC (Allocation Failure) [PSYoungGen: 71552K->1376K(72192K)] 404799K->334623K(802304K), 0.0042379 secs] [Times: user=0.01 sys=0.00, real=0.01 secs] 
1309.081: [GC (Allocation Failure) [PSYoungGen: 71520K->1376K(72192K)] 404767K->334623K(802304K), 0.0032691 secs] [Times: user=0.01 sys=0.00, real=0.01 secs] 
1309.467: [GC (Allocation Failure) [PSYoungGen: 71494K->1520K(72192K)] 404741K->334767K(802304K), 0.0020061 secs] [Times: user=0.01 sys=0.00, real=0.00 secs] 
1309.655: [GC (Allocation Failure) [PSYoungGen: 71664K->1488K(72192K)] 404911K->334735K(802304K), 0.0021157 secs] [Times: user=0.01 sys=0.00, real=0.00 secs] 
1309.809: [GC (Allocation Failure) [PSYoungGen: 71632K->1453K(72192K)] 404879K->334700K(802304K), 0.0015500 secs] [Times: user=0.01 sys=0.00, real=0.00 secs] 
1309.950: [GC (Allocation Failure) [PSYoungGen: 71597K->1488K(72192K)] 404844K->334743K(802304K), 0.0018887 secs] [Times: user=0.01 sys=0.00, real=0.00 secs] 
1310.250: [GC (Allocation Failure) [PSYoungGen: 71632K->1376K(72192K)] 404887K->334639K(802304K), 0.0021701 secs] [Times: user=0.01 sys=0.00, real=0.00 secs] 
1310.541: [GC (Allocation Failure) [PSYoungGen: 71520K->1344K(72192K)] 404783K->334607K(802304K), 0.0019955 secs] [Times: user=0.01 sys=0.00, real=0.00 secs] 
1310.833: [GC (Allocation Failure) [PSYoungGen: 71488K->1376K(72192K)] 404751K->334639K(802304K), 0.0024043 secs] [Times: user=0.01 sys=0.00, real=0.01 secs] 
1311.125: [GC (Allocation Failure) [PSYoungGen: 71520K->1376K(72192K)] 404783K->334639K(802304K), 0.0020622 secs] [Times: user=0.01 sys=0.00, real=0.00 secs] 
1311.301: [GC (Allocation Failure) [PSYoungGen: 71520K->1424K(72192K)] 404783K->334687K(802304K), 0.0014991 secs] [Times: user=0.01 sys=0.00, real=0.00 secs] 
1311.425: [GC (Allocation Failure) [PSYoungGen: 71568K->1485K(72192K)] 404831K->334748K(802304K), 0.0015003 secs] [Times: user=0.01 sys=0.00, real=0.00 secs] 
1311.549: [GC (Allocation Failure) [PSYoungGen: 71629K->1488K(72192K)] 404892K->334751K(802304K), 0.0015539 secs] [Times: user=0.00 sys=0.00, real=0.00 secs] 
1311.833: [GC (Allocation Failure) [PSYoungGen: 71632K->1472K(72192K)] 404895K->334735K(802304K), 0.0023342 secs] [Times: user=0.01 sys=0.00, real=0.01 secs] 
1312.125: [GC (Allocation Failure) [PSYoungGen: 71616K->1344K(72192K)] 404879K->334607K(802304K), 0.0019559 secs] [Times: user=0.00 sys=0.01, real=0.00 secs] 
1312.416: [GC (Allocation Failure) [PSYoungGen: 71488K->1392K(72192K)] 404751K->334655K(802304K), 0.0018969 secs] [Times: user=0.01 sys=0.00, real=0.00 secs] 
1312.709: [GC (Allocation Failure) [PSYoungGen: 71536K->1408K(72192K)] 404799K->334671K(802304K), 0.0031920 secs] [Times: user=0.02 sys=0.00, real=0.00 secs] 
1313.192: [GC (Allocation Failure) [PSYoungGen: 71552K->1424K(72192K)] 404815K->334687K(802304K), 0.0022755 secs] [Times: user=0.01 sys=0.00, real=0.01 secs] 
1313.349: [GC (Allocation Failure) [PSYoungGen: 71568K->1485K(72192K)] 404831K->334748K(802304K), 0.0017322 secs] [Times: user=0.01 sys=0.00, real=0.00 secs] 
1313.492: [GC (Allocation Failure) [PSYoungGen: 71629K->1456K(72192K)] 404892K->334719K(802304K), 0.0018673 secs] [Times: user=0.01 sys=0.00, real=0.00 secs] 
1313.654: [GC (Allocation Failure) [PSYoungGen: 71600K->1488K(72192K)] 404863K->334751K(802304K), 0.0016044 secs] [Times: user=0.01 sys=0.00, real=0.00 secs] 
1314.003: [GC (Allocation Failure) [PSYoungGen: 71632K->1440K(72192K)] 404895K->334703K(802304K), 0.0021946 secs] [Times: user=0.01 sys=0.01, real=0.01 secs] 
1314.577: [GC (Allocation Failure) [PSYoungGen: 71584K->1392K(72192K)] 404847K->334655K(802304K), 0.0024268 secs] [Times: user=0.01 sys=0.00, real=0.00 secs] 
1315.075: [GC (Allocation Failure) [PSYoungGen: 71536K->1376K(72192K)] 404799K->334639K(802304K), 0.0026644 secs] [Times: user=0.01 sys=0.00, real=0.00 secs] 
1315.658: [GC (Allocation Failure) [PSYoungGen: 71520K->1408K(72192K)] 404783K->334671K(802304K), 0.0024689 secs] [Times: user=0.01 sys=0.00, real=0.00 secs] 
1316.300: [GC (Allocation Failure) [PSYoungGen: 71552K->1488K(72192K)] 404815K->334751K(802304K), 0.0023832 secs] [Times: user=0.01 sys=0.00, real=0.00 secs] 
1316.462: [GC (Allocation Failure) [PSYoungGen: 71620K->1517K(72192K)] 404884K->334780K(802304K), 0.0015008 secs] [Times: user=0.01 sys=0.00, real=0.01 secs] 
1316.604: [GC (Allocation Failure) [PSYoungGen: 71661K->1520K(72192K)] 404924K->334783K(802304K), 0.0018963 secs] [Times: user=0.01 sys=0.00, real=0.00 secs] 
1316.766: [GC (Allocation Failure) [PSYoungGen: 71664K->1456K(72192K)] 404927K->334735K(802304K), 0.0015587 secs] [Times: user=0.00 sys=0.00, real=0.00 secs] 
1317.882: [GC (Allocation Failure) [PSYoungGen: 71600K->1456K(72192K)] 404879K->334735K(802304K), 0.0030792 secs] [Times: user=0.01 sys=0.00, real=0.01 secs] 
1318.442: [GC (Allocation Failure) [PSYoungGen: 71600K->1408K(72192K)] 404879K->334687K(802304K), 0.0023539 secs] [Times: user=0.01 sys=0.00, real=0.01 secs] 
1318.832: [GC (Allocation Failure) [PSYoungGen: 71552K->1376K(72192K)] 404831K->334687K(802304K), 0.0021965 secs] [Times: user=0.01 sys=0.00, real=0.01 secs] 
1319.412: [GC (Allocation Failure) [PSYoungGen: 71520K->1344K(72192K)] 404831K->334655K(802304K), 0.0024433 secs] [Times: user=0.01 sys=0.00, real=0.01 secs] 
1319.826: [GC (Allocation Failure) [PSYoungGen: 71488K->1453K(72192K)] 404799K->334764K(802304K), 0.0015360 secs] [Times: user=0.00 sys=0.00, real=0.00 secs] 
1319.950: [GC (Allocation Failure) [PSYoungGen: 71597K->1485K(72192K)] 404908K->334796K(802304K), 0.0015344 secs] [Times: user=0.00 sys=0.00, real=0.00 secs] 
1320.073: [GC (Allocation Failure) [PSYoungGen: 71629K->1549K(72192K)] 404940K->334860K(802304K), 0.0016072 secs] [Times: user=0.00 sys=0.00, real=0.01 secs] 
1320.239: [GC (Allocation Failure) [PSYoungGen: 71693K->1728K(72192K)] 405004K->335039K(802304K), 0.0025309 secs] [Times: user=0.01 sys=0.00, real=0.00 secs] 
1320.563: [GC (Allocation Failure) [PSYoungGen: 71872K->1408K(71680K)] 405183K->334719K(801792K), 0.0017822 secs] [Times: user=0.01 sys=0.00, real=0.01 secs] 
1321.086: [GC (Allocation Failure) [PSYoungGen: 71552K->1376K(71680K)] 404863K->334687K(801792K), 0.0019456 secs] [Times: user=0.01 sys=0.00, real=0.00 secs] 
1321.615: [GC (Allocation Failure) [PSYoungGen: 71520K->1344K(71680K)] 404831K->334655K(801792K), 0.0023727 secs] [Times: user=0.01 sys=0.00, real=0.00 secs] 
1322.172: [GC (Allocation Failure) [PSYoungGen: 71488K->1453K(71680K)] 404799K->334764K(801792K), 0.0022180 secs] [Times: user=0.01 sys=0.00, real=0.01 secs] 
1322.322: [GC (Allocation Failure) [PSYoungGen: 71597K->1517K(71680K)] 404908K->334828K(801792K), 0.0015986 secs] [Times: user=0.01 sys=0.00, real=0.00 secs] 
1322.448: [GC (Allocation Failure) [PSYoungGen: 71661K->1549K(72192K)] 404972K->334860K(802304K), 0.0017433 secs] [Times: user=0.01 sys=0.00, real=0.00 secs] 
1322.573: [GC (Allocation Failure) [PSYoungGen: 71693K->525K(71168K)] 405004K->334860K(801280K), 0.0016659 secs] [Times: user=0.01 sys=0.00, real=0.01 secs] 
1323.000: [GC (Allocation Failure) [PSYoungGen: 70669K->1440K(71680K)] 405004K->335775K(801792K), 0.0018381 secs] [Times: user=0.01 sys=0.00, real=0.00 secs] 
1323.732: [GC (Allocation Failure) [PSYoungGen: 71584K->1376K(71680K)] 405919K->335711K(801792K), 0.0024302 secs] [Times: user=0.01 sys=0.00, real=0.01 secs] 
1324.219: [GC (Allocation Failure) [PSYoungGen: 71520K->1392K(71680K)] 405855K->335727K(801792K), 0.0021649 secs] [Times: user=0.01 sys=0.00, real=0.00 secs] 
1324.733: [GC (Allocation Failure) [PSYoungGen: 71536K->1376K(71680K)] 405871K->335711K(801792K), 0.0021422 secs] [Times: user=0.01 sys=0.00, real=0.01 secs] 
1325.305: [GC (Allocation Failure) [PSYoungGen: 71520K->1488K(71680K)] 405855K->335823K(801792K), 0.0023824 secs] [Times: user=0.01 sys=0.00, real=0.00 secs] 
1325.505: [GC (Allocation Failure) [PSYoungGen: 71607K->1488K(72192K)] 405943K->335823K(802304K), 0.0021228 secs] [Times: user=0.00 sys=0.00, real=0.00 secs] 
1325.637: [GC (Allocation Failure) [PSYoungGen: 71632K->1488K(72192K)] 405967K->335823K(802304K), 0.0015215 secs] [Times: user=0.00 sys=0.00, real=0.00 secs] 
1325.778: [GC (Allocation Failure) [PSYoungGen: 71632K->1488K(72192K)] 405967K->335831K(802304K), 0.0019533 secs] [Times: user=0.00 sys=0.00, real=0.00 secs] 
1326.346: [GC (Allocation Failure) [PSYoungGen: 71632K->1408K(72192K)] 405975K->335751K(802304K), 0.0035659 secs] [Times: user=0.01 sys=0.00, real=0.00 secs] 
1327.106: [GC (Allocation Failure) [PSYoungGen: 71552K->1408K(72192K)] 405895K->335751K(802304K), 0.0035420 secs] [Times: user=0.02 sys=0.00, real=0.00 secs] 
1327.635: [GC (Allocation Failure) [PSYoungGen: 71552K->1376K(72192K)] 405895K->335719K(802304K), 0.0024344 secs] [Times: user=0.01 sys=0.00, real=0.00 secs] 
1328.164: [GC (Allocation Failure) [PSYoungGen: 71520K->1408K(72192K)] 405863K->335759K(802304K), 0.0022836 secs] [Times: user=0.01 sys=0.00, real=0.01 secs] 
1328.483: [GC (Allocation Failure) [PSYoungGen: 71552K->1453K(72192K)] 405903K->335804K(802304K), 0.0014626 secs] [Times: user=0.00 sys=0.00, real=0.01 secs] 
1328.606: [GC (Allocation Failure) [PSYoungGen: 71568K->1520K(72192K)] 405919K->335871K(802304K), 0.0014776 secs] [Times: user=0.01 sys=0.01, real=0.00 secs] 
1328.731: [GC (Allocation Failure) [PSYoungGen: 71664K->1469K(72192K)] 406015K->335836K(802304K), 0.0016238 secs] [Times: user=0.00 sys=0.00, real=0.00 secs] 
1328.855: [GC (Allocation Failure) [PSYoungGen: 71613K->1552K(72192K)] 405980K->335935K(802304K), 0.0015260 secs] [Times: user=0.00 sys=0.00, real=0.00 secs] 
1329.686: [GC (Allocation Failure) [PSYoungGen: 71696K->1424K(72192K)] 406079K->335807K(802304K), 0.0022399 secs] [Times: user=0.01 sys=0.00, real=0.00 secs] 
1330.483: [GC (Allocation Failure) [PSYoungGen: 71568K->1376K(72192K)] 405951K->335767K(802304K), 0.0030625 secs] [Times: user=0.01 sys=0.00, real=0.01 secs] 
1331.189: [GC (Allocation Failure) [PSYoungGen: 71520K->1376K(72192K)] 405911K->335767K(802304K), 0.0026875 secs] [Times: user=0.01 sys=0.00, real=0.00 secs] 
1331.531: [GC (Allocation Failure) [PSYoungGen: 71520K->1424K(72192K)] 405911K->335823K(802304K), 0.0019578 secs] [Times: user=0.01 sys=0.00, real=0.00 secs] 
1331.718: [GC (Allocation Failure) [PSYoungGen: 71568K->1485K(72192K)] 405967K->335884K(802304K), 0.0015594 secs] [Times: user=0.01 sys=0.00, real=0.00 secs] 
1331.843: [GC (Allocation Failure) [PSYoungGen: 71629K->1456K(72192K)] 406028K->335855K(802304K), 0.0015279 secs] [Times: user=0.01 sys=0.00, real=0.01 secs] 
1331.967: [GC (Allocation Failure) [PSYoungGen: 71600K->1488K(72192K)] 405999K->335887K(802304K), 0.0014827 secs] [Times: user=0.00 sys=0.00, real=0.00 secs] 
1332.392: [GC (Allocation Failure) [PSYoungGen: 71632K->1408K(72192K)] 406031K->335807K(802304K), 0.0023788 secs] [Times: user=0.01 sys=0.00, real=0.01 secs] 
1333.522: [GC (Allocation Failure) [PSYoungGen: 71552K->1376K(72192K)] 405951K->335775K(802304K), 0.0032408 secs] [Times: user=0.02 sys=0.00, real=0.01 secs] 
1334.519: [GC (Allocation Failure) [PSYoungGen: 71520K->1376K(72192K)] 405919K->335775K(802304K), 0.0037444 secs] [Times: user=0.01 sys=0.00, real=0.00 secs] 
1335.493: [GC (Allocation Failure) [PSYoungGen: 71520K->1408K(72192K)] 405919K->335807K(802304K), 0.0038371 secs] [Times: user=0.02 sys=0.00, real=0.01 secs] 
1336.548: [GC (Allocation Failure) [PSYoungGen: 71552K->1437K(72192K)] 405951K->335836K(802304K), 0.0031007 secs] [Times: user=0.01 sys=0.00, real=0.00 secs] 
1336.757: [GC (Allocation Failure) [PSYoungGen: 71573K->1520K(72192K)] 405973K->335919K(802304K), 0.0017586 secs] [Times: user=0.00 sys=0.00, real=0.00 secs] 
1336.881: [GC (Allocation Failure) [PSYoungGen: 71664K->1517K(72192K)] 406063K->335916K(802304K), 0.0015620 secs] [Times: user=0.01 sys=0.00, real=0.00 secs] 
1337.024: [GC (Allocation Failure) [PSYoungGen: 71661K->1424K(72192K)] 406060K->335823K(802304K), 0.0033882 secs] [Times: user=0.02 sys=0.00, real=0.00 secs] 
1337.926: [GC (Allocation Failure) [PSYoungGen: 71568K->1440K(71680K)] 405967K->335847K(801792K), 0.0050808 secs] [Times: user=0.01 sys=0.00, real=0.00 secs] 
1338.822: [GC (Allocation Failure) [PSYoungGen: 71584K->1392K(77824K)] 405991K->335799K(807936K), 0.0136523 secs] [Times: user=0.03 sys=0.05, real=0.02 secs] 
1339.692: [GC (Allocation Failure) [PSYoungGen: 77168K->1376K(76800K)] 411575K->335783K(806912K), 0.0031540 secs] [Times: user=0.02 sys=0.01, real=0.01 secs] 
1340.513: [GC (Allocation Failure) [PSYoungGen: 76640K->1408K(76288K)] 411047K->335815K(806400K), 0.0034514 secs] [Times: user=0.01 sys=0.00, real=0.01 secs] 
1341.008: [GC (Allocation Failure) [PSYoungGen: 76160K->1517K(75776K)] 410567K->335948K(805888K), 0.0021558 secs] [Times: user=0.01 sys=0.00, real=0.00 secs] 
1341.153: [GC (Allocation Failure) [PSYoungGen: 75757K->1424K(75264K)] 410188K->335855K(805376K), 0.0017034 secs] [Times: user=0.01 sys=0.01, real=0.01 secs] 
1341.283: [GC (Allocation Failure) [PSYoungGen: 75152K->1517K(74752K)] 409583K->335948K(804864K), 0.0016461 secs] [Times: user=0.01 sys=0.00, real=0.01 secs] 
1341.490: [GC (Allocation Failure) [PSYoungGen: 74733K->1440K(74240K)] 409164K->335871K(804352K), 0.0019494 secs] [Times: user=0.00 sys=0.00, real=0.00 secs] 
1341.875: [GC (Allocation Failure) [PSYoungGen: 74144K->1408K(73728K)] 408575K->335855K(803840K), 0.0017609 secs] [Times: user=0.00 sys=0.00, real=0.00 secs] 
1342.249: [GC (Allocation Failure) [PSYoungGen: 73600K->1376K(73216K)] 408047K->335823K(803328K), 0.0020017 secs] [Times: user=0.00 sys=0.00, real=0.00 secs] 
1342.564: [GC (Allocation Failure) [PSYoungGen: 73056K->1392K(72704K)] 407503K->335839K(802816K), 0.0018149 secs] [Times: user=0.00 sys=0.00, real=0.00 secs] 
1342.879: [GC (Allocation Failure) [PSYoungGen: 72560K->1453K(72192K)] 407007K->335900K(802304K), 0.0015437 secs] [Times: user=0.01 sys=0.00, real=0.00 secs] 
1343.025: [GC (Allocation Failure) [PSYoungGen: 72109K->1469K(71680K)] 406556K->335916K(801792K), 0.0017962 secs] [Times: user=0.00 sys=0.00, real=0.00 secs] 
1343.176: [GC (Allocation Failure) [PSYoungGen: 71613K->1488K(71680K)] 406060K->335935K(801792K), 0.0016405 secs] [Times: user=0.01 sys=0.00, real=0.00 secs] 
1343.322: [GC (Allocation Failure) [PSYoungGen: 71632K->1456K(72192K)] 406079K->335903K(802304K), 0.0018083 secs] [Times: user=0.00 sys=0.00, real=0.00 secs] 
1343.653: [GC (Allocation Failure) [PSYoungGen: 71600K->1392K(72192K)] 406047K->335847K(802304K), 0.0036207 secs] [Times: user=0.02 sys=0.00, real=0.01 secs] 
1343.970: [GC (Allocation Failure) [PSYoungGen: 71536K->1392K(72192K)] 405991K->335847K(802304K), 0.0020401 secs] [Times: user=0.01 sys=0.00, real=0.00 secs] 
1344.398: [GC (Allocation Failure) [PSYoungGen: 71536K->1376K(72192K)] 405991K->335831K(802304K), 0.0019717 secs] [Times: user=0.01 sys=0.00, real=0.00 secs] 
1345.007: [GC (Allocation Failure) [PSYoungGen: 71520K->1408K(72192K)] 405975K->335863K(802304K), 0.0033348 secs] [Times: user=0.01 sys=0.00, real=0.00 secs] 
1345.408: [GC (Allocation Failure) [PSYoungGen: 71552K->1520K(72192K)] 406007K->335975K(802304K), 0.0019784 secs] [Times: user=0.01 sys=0.00, real=0.00 secs] 
1345.551: [GC (Allocation Failure) [PSYoungGen: 71664K->1453K(72192K)] 406119K->335908K(802304K), 0.0014976 secs] [Times: user=0.01 sys=0.00, real=0.00 secs] 
1345.674: [GC (Allocation Failure) [PSYoungGen: 71597K->1469K(72192K)] 406052K->335924K(802304K), 0.0016646 secs] [Times: user=0.00 sys=0.00, real=0.00 secs] 
1345.798: [GC (Allocation Failure) [PSYoungGen: 71613K->1517K(72192K)] 406068K->335980K(802304K), 0.0015352 secs] [Times: user=0.01 sys=0.00, real=0.00 secs] 
1346.891: [GC (Allocation Failure) [PSYoungGen: 71661K->1408K(72192K)] 406124K->335871K(802304K), 0.0034867 secs] [Times: user=0.02 sys=0.00, real=0.01 secs] 
1347.934: [GC (Allocation Failure) [PSYoungGen: 71552K->1376K(72192K)] 406015K->335839K(802304K), 0.0032756 secs] [Times: user=0.01 sys=0.00, real=0.00 secs] 
1348.941: [GC (Allocation Failure) [PSYoungGen: 71520K->1408K(72192K)] 405983K->335887K(802304K), 0.0032815 secs] [Times: user=0.01 sys=0.00, real=0.01 secs] 
1349.825: [GC (Allocation Failure) [PSYoungGen: 71552K->1376K(72192K)] 406031K->335855K(802304K), 0.0038990 secs] [Times: user=0.02 sys=0.00, real=0.00 secs] 
1350.167: [GC (Allocation Failure) [PSYoungGen: 71520K->1520K(72192K)] 405999K->335999K(802304K), 0.0020592 secs] [Times: user=0.01 sys=0.00, real=0.00 secs] 
1350.299: [GC (Allocation Failure) [PSYoungGen: 71664K->1456K(72192K)] 406143K->335935K(802304K), 0.0015100 secs] [Times: user=0.01 sys=0.00, real=0.00 secs] 
1350.422: [GC (Allocation Failure) [PSYoungGen: 71600K->1549K(72192K)] 406079K->336028K(802304K), 0.0016647 secs] [Times: user=0.00 sys=0.00, real=0.00 secs] 
1350.621: [GC (Allocation Failure) [PSYoungGen: 71693K->1472K(72192K)] 406172K->335959K(802304K), 0.0018699 secs] [Times: user=0.00 sys=0.00, real=0.00 secs] 
1350.913: [GC (Allocation Failure) [PSYoungGen: 71616K->1408K(72192K)] 406103K->335895K(802304K), 0.0017823 secs] [Times: user=0.01 sys=0.00, real=0.01 secs] 
1351.233: [GC (Allocation Failure) [PSYoungGen: 71552K->1424K(72192K)] 406039K->335911K(802304K), 0.0016437 secs] [Times: user=0.00 sys=0.00, real=0.01 secs] 
1351.678: [GC (Allocation Failure) [PSYoungGen: 71568K->1376K(72192K)] 406055K->335863K(802304K), 0.0017796 secs] [Times: user=0.01 sys=0.00, real=0.00 secs] 
1352.271: [GC (Allocation Failure) [PSYoungGen: 71520K->1488K(72192K)] 406007K->335975K(802304K), 0.0022773 secs] [Times: user=0.01 sys=0.00, real=0.00 secs] 
1352.420: [GC (Allocation Failure) [PSYoungGen: 71631K->1520K(72192K)] 406119K->336007K(802304K), 0.0015024 secs] [Times: user=0.01 sys=0.00, real=0.00 secs] 
1352.544: [GC (Allocation Failure) [PSYoungGen: 71664K->1488K(72192K)] 406151K->335975K(802304K), 0.0016772 secs] [Times: user=0.01 sys=0.00, real=0.00 secs] 
1352.670: [GC (Allocation Failure) [PSYoungGen: 71632K->1517K(72192K)] 406119K->336004K(802304K), 0.0014925 secs] [Times: user=0.00 sys=0.00, real=0.00 secs] 
1353.221: [GC (Allocation Failure) [PSYoungGen: 71661K->1408K(72192K)] 406148K->335895K(802304K), 0.0018599 secs] [Times: user=0.00 sys=0.00, real=0.00 secs] 
1354.238: [GC (Allocation Failure) [PSYoungGen: 71552K->1376K(72192K)] 406039K->335863K(802304K), 0.0019132 secs] [Times: user=0.01 sys=0.00, real=0.00 secs] 
1354.908: [GC (Allocation Failure) [PSYoungGen: 71520K->1376K(72192K)] 406007K->335863K(802304K), 0.0021446 secs] [Times: user=0.01 sys=0.00, real=0.00 secs] 
1355.472: [GC (Allocation Failure) [PSYoungGen: 71520K->1376K(72192K)] 406007K->335863K(802304K), 0.0021108 secs] [Times: user=0.00 sys=0.00, real=0.01 secs] 
1356.143: [GC (Allocation Failure) [PSYoungGen: 71520K->1488K(72192K)] 406007K->335975K(802304K), 0.0021273 secs] [Times: user=0.01 sys=0.00, real=0.01 secs] 
1356.288: [GC (Allocation Failure) [PSYoungGen: 71632K->1456K(72192K)] 406119K->335943K(802304K), 0.0014858 secs] [Times: user=0.00 sys=0.00, real=0.00 secs] 
1356.411: [GC (Allocation Failure) [PSYoungGen: 71600K->1456K(72192K)] 406087K->335943K(802304K), 0.0016374 secs] [Times: user=0.01 sys=0.01, real=0.00 secs] 
1356.536: [GC (Allocation Failure) [PSYoungGen: 71600K->1485K(72192K)] 406087K->335988K(802304K), 0.0015745 secs] [Times: user=0.00 sys=0.00, real=0.00 secs] 
1357.428: [GC (Allocation Failure) [PSYoungGen: 71629K->1408K(72192K)] 406132K->335911K(802304K), 0.0023031 secs] [Times: user=0.01 sys=0.00, real=0.00 secs] 
1358.309: [GC (Allocation Failure) [PSYoungGen: 71552K->1392K(72192K)] 406055K->335895K(802304K), 0.0024055 secs] [Times: user=0.01 sys=0.00, real=0.00 secs] 
1358.824: [GC (Allocation Failure) [PSYoungGen: 71536K->1376K(72192K)] 406039K->335879K(802304K), 0.0023774 secs] [Times: user=0.01 sys=0.00, real=0.00 secs] 
1359.339: [GC (Allocation Failure) [PSYoungGen: 71520K->1408K(72192K)] 406023K->335911K(802304K), 0.0024093 secs] [Times: user=0.01 sys=0.00, real=0.00 secs] 
1359.632: [GC (Allocation Failure) [PSYoungGen: 71552K->1488K(72192K)] 406055K->335991K(802304K), 0.0018476 secs] [Times: user=0.01 sys=0.00, real=0.00 secs] 
1359.757: [GC (Allocation Failure) [PSYoungGen: 71632K->1485K(72192K)] 406135K->336004K(802304K), 0.0043183 secs] [Times: user=0.02 sys=0.00, real=0.00 secs] 
1359.883: [GC (Allocation Failure) [PSYoungGen: 71629K->1485K(78848K)] 406148K->336004K(808960K), 0.0016163 secs] [Times: user=0.01 sys=0.00, real=0.01 secs] 
1360.346: [GC (Allocation Failure) [PSYoungGen: 78285K->1408K(78848K)] 412804K->335927K(808960K), 0.0023762 secs] [Times: user=0.01 sys=0.01, real=0.00 secs] 
1361.581: [GC (Allocation Failure) [PSYoungGen: 78208K->1392K(77824K)] 412727K->335911K(807936K), 0.0034558 secs] [Times: user=0.02 sys=0.01, real=0.01 secs] 
1362.548: [GC (Allocation Failure) [PSYoungGen: 77680K->1408K(77312K)] 412199K->335927K(807424K), 0.0043767 secs] [Times: user=0.02 sys=0.00, real=0.00 secs] 
1363.439: [GC (Allocation Failure) [PSYoungGen: 77184K->1344K(76800K)] 411703K->335863K(806912K), 0.0033838 secs] [Times: user=0.01 sys=0.00, real=0.00 secs] 
1364.081: [GC (Allocation Failure) [PSYoungGen: 76608K->1440K(76288K)] 411127K->335959K(806400K), 0.0072614 secs] [Times: user=0.03 sys=0.00, real=0.01 secs] 
1364.263: [GC (Allocation Failure) [PSYoungGen: 76192K->1533K(75776K)] 410711K->336052K(805888K), 0.0015526 secs] [Times: user=0.01 sys=0.00, real=0.01 secs] 
1364.417: [GC (Allocation Failure) [PSYoungGen: 75773K->1453K(75264K)] 410292K->335972K(805376K), 0.0020030 secs] [Times: user=0.00 sys=0.00, real=0.00 secs] 
1364.575: [GC (Allocation Failure) [PSYoungGen: 75181K->1533K(74752K)] 409700K->336052K(804864K), 0.0018005 secs] [Times: user=0.01 sys=0.00, real=0.00 secs] 
1365.326: [GC (Allocation Failure) [PSYoungGen: 74749K->1440K(74240K)] 409268K->335959K(804352K), 0.0037905 secs] [Times: user=0.01 sys=0.01, real=0.00 secs] 
1366.003: [GC (Allocation Failure) [PSYoungGen: 74144K->1376K(73728K)] 408663K->335895K(803840K), 0.0028165 secs] [Times: user=0.02 sys=0.00, real=0.01 secs] 
1366.316: [GC (Allocation Failure) [PSYoungGen: 73568K->1376K(73216K)] 408087K->335895K(803328K), 0.0021905 secs] [Times: user=0.01 sys=0.00, real=0.00 secs] 
1366.702: [GC (Allocation Failure) [PSYoungGen: 73056K->1472K(72704K)] 407575K->335991K(802816K), 0.0020656 secs] [Times: user=0.01 sys=0.00, real=0.01 secs] 
1366.849: [GC (Allocation Failure) [PSYoungGen: 72640K->1549K(72704K)] 407159K->336068K(802816K), 0.0017076 secs] [Times: user=0.00 sys=0.00, real=0.00 secs] 
1366.975: [GC (Allocation Failure) [PSYoungGen: 72205K->525K(71168K)] 406724K->336068K(801280K), 0.0015865 secs] [Times: user=0.00 sys=0.00, real=0.00 secs] 
1367.098: [GC (Allocation Failure) [PSYoungGen: 70669K->445K(76800K)] 406212K->335988K(806912K), 0.0018056 secs] [Times: user=0.00 sys=0.00, real=0.00 secs] 
1367.717: [GC (Allocation Failure) [PSYoungGen: 76733K->1440K(77312K)] 412276K->336983K(807424K), 0.0021776 secs] [Times: user=0.01 sys=0.00, real=0.00 secs] 
1368.033: [GC (Allocation Failure) [PSYoungGen: 77216K->1408K(76800K)] 412759K->336951K(806912K), 0.0026930 secs] [Times: user=0.01 sys=0.00, real=0.01 secs] 
1368.375: [GC (Allocation Failure) [PSYoungGen: 76672K->1376K(76288K)] 412215K->336951K(806400K), 0.0023186 secs] [Times: user=0.01 sys=0.00, real=0.00 secs] 
1368.998: [GC (Allocation Failure) [PSYoungGen: 76128K->1408K(75776K)] 411703K->336983K(805888K), 0.0032013 secs] [Times: user=0.01 sys=0.00, real=0.00 secs] 
1369.395: [GC (Allocation Failure) [PSYoungGen: 75648K->1488K(75264K)] 411223K->337063K(805376K), 0.0018753 secs] [Times: user=0.00 sys=0.00, real=0.00 secs] 
1369.536: [GC (Allocation Failure) [PSYoungGen: 75216K->1485K(74752K)] 410791K->337060K(804864K), 0.0016065 secs] [Times: user=0.01 sys=0.00, real=0.00 secs] 
1369.667: [GC (Allocation Failure) [PSYoungGen: 74701K->1517K(74240K)] 410276K->337092K(804352K), 0.0014923 secs] [Times: user=0.01 sys=0.00, real=0.00 secs] 
1369.938: [GC (Allocation Failure) [PSYoungGen: 74221K->1488K(73728K)] 409796K->337063K(803840K), 0.0022905 secs] [Times: user=0.01 sys=0.00, real=0.00 secs] 
1370.296: [GC (Allocation Failure) [PSYoungGen: 73680K->1408K(73216K)] 409255K->336983K(803328K), 0.0020272 secs] [Times: user=0.00 sys=0.00, real=0.00 secs] 
1370.608: [GC (Allocation Failure) [PSYoungGen: 73088K->1376K(72704K)] 408663K->336951K(802816K), 0.0021600 secs] [Times: user=0.01 sys=0.00, real=0.00 secs] 
1370.946: [GC (Allocation Failure) [PSYoungGen: 72544K->1344K(72192K)] 408119K->336919K(802304K), 0.0019020 secs] [Times: user=0.01 sys=0.00, real=0.00 secs] 
1371.229: [GC (Allocation Failure) [PSYoungGen: 72000K->1456K(71680K)] 407575K->337031K(801792K), 0.0023760 secs] [Times: user=0.01 sys=0.00, real=0.00 secs] 
1371.426: [GC (Allocation Failure) [PSYoungGen: 71600K->1456K(72192K)] 407175K->337031K(802304K), 0.0020641 secs] [Times: user=0.00 sys=0.00, real=0.00 secs] 
1371.557: [GC (Allocation Failure) [PSYoungGen: 71600K->1472K(72192K)] 407175K->337047K(802304K), 0.0015320 secs] [Times: user=0.01 sys=0.00, real=0.00 secs] 
1371.680: [GC (Allocation Failure) [PSYoungGen: 71616K->1456K(72192K)] 407191K->337031K(802304K), 0.0015891 secs] [Times: user=0.01 sys=0.00, real=0.00 secs] 
1372.648: [GC (Allocation Failure) [PSYoungGen: 71600K->1424K(72192K)] 407175K->336999K(802304K), 0.0039195 secs] [Times: user=0.02 sys=0.00, real=0.00 secs] 
1373.442: [GC (Allocation Failure) [PSYoungGen: 71568K->1376K(72192K)] 407143K->336951K(802304K), 0.0027767 secs] [Times: user=0.01 sys=0.00, real=0.01 secs] 
1374.075: [GC (Allocation Failure) [PSYoungGen: 71520K->1376K(72192K)] 407095K->336951K(802304K), 0.0028972 secs] [Times: user=0.01 sys=0.00, real=0.00 secs] 
1374.589: [GC (Allocation Failure) [PSYoungGen: 71520K->1408K(72192K)] 407095K->336983K(802304K), 0.0021864 secs] [Times: user=0.01 sys=0.00, real=0.00 secs] 
1375.043: [GC (Allocation Failure) [PSYoungGen: 71552K->1456K(72192K)] 407127K->337031K(802304K), 0.0026206 secs] [Times: user=0.01 sys=0.00, real=0.01 secs] 
1375.221: [GC (Allocation Failure) [PSYoungGen: 71600K->1485K(72192K)] 407175K->337060K(802304K), 0.0014863 secs] [Times: user=0.00 sys=0.00, real=0.00 secs] 
1375.344: [GC (Allocation Failure) [PSYoungGen: 71629K->1488K(72192K)] 407204K->337063K(802304K), 0.0015116 secs] [Times: user=0.00 sys=0.00, real=0.00 secs] 
1375.468: [GC (Allocation Failure) [PSYoungGen: 71632K->1485K(72192K)] 407207K->337076K(802304K), 0.0019459 secs] [Times: user=0.01 sys=0.00, real=0.00 secs] 
1376.393: [GC (Allocation Failure) [PSYoungGen: 71629K->1440K(72192K)] 407220K->337031K(802304K), 0.0025619 secs] [Times: user=0.01 sys=0.00, real=0.01 secs] 
1376.733: [GC (Allocation Failure) [PSYoungGen: 71584K->1376K(72192K)] 407175K->336967K(802304K), 0.0020129 secs] [Times: user=0.01 sys=0.00, real=0.01 secs] 
1377.329: [GC (Allocation Failure) [PSYoungGen: 71520K->1408K(72192K)] 407111K->336999K(802304K), 0.0034518 secs] [Times: user=0.01 sys=0.00, real=0.00 secs] 
1378.179: [GC (Allocation Failure) [PSYoungGen: 71552K->1376K(72192K)] 407143K->336967K(802304K), 0.0033110 secs] [Times: user=0.01 sys=0.00, real=0.00 secs] 
1378.534: [GC (Allocation Failure) [PSYoungGen: 71520K->1520K(72192K)] 407111K->337111K(802304K), 0.0019022 secs] [Times: user=0.01 sys=0.00, real=0.00 secs] 
1378.663: [GC (Allocation Failure) [PSYoungGen: 71664K->1488K(72192K)] 407255K->337079K(802304K), 0.0016070 secs] [Times: user=0.00 sys=0.00, real=0.01 secs] 
1378.787: [GC (Allocation Failure) [PSYoungGen: 71632K->1456K(72192K)] 407223K->337047K(802304K), 0.0015800 secs] [Times: user=0.01 sys=0.00, real=0.00 secs] 
1379.332: [GC (Allocation Failure) [PSYoungGen: 71600K->1456K(72192K)] 407191K->337071K(802304K), 0.0026025 secs] [Times: user=0.01 sys=0.00, real=0.01 secs] 
1380.609: [GC (Allocation Failure) [PSYoungGen: 71600K->1376K(72192K)] 407215K->336991K(802304K), 0.0026698 secs] [Times: user=0.01 sys=0.00, real=0.00 secs] 
1381.240: [GC (Allocation Failure) [PSYoungGen: 71520K->1376K(72192K)] 407135K->336991K(802304K), 0.0026777 secs] [Times: user=0.01 sys=0.00, real=0.00 secs] 
1382.027: [GC (Allocation Failure) [PSYoungGen: 71520K->1408K(72192K)] 407135K->337023K(802304K), 0.0032709 secs] [Times: user=0.01 sys=0.00, real=0.00 secs] 
1382.850: [GC (Allocation Failure) [PSYoungGen: 71552K->1469K(72192K)] 407167K->337084K(802304K), 0.0030186 secs] [Times: user=0.02 sys=0.00, real=0.00 secs] 
1383.046: [GC (Allocation Failure) [PSYoungGen: 71613K->1488K(72192K)] 407228K->337103K(802304K), 0.0015383 secs] [Times: user=0.01 sys=0.00, real=0.00 secs] 
1383.169: [GC (Allocation Failure) [PSYoungGen: 71632K->1456K(72192K)] 407247K->337071K(802304K), 0.0015138 secs] [Times: user=0.01 sys=0.00, real=0.00 secs] 
1383.294: [GC (Allocation Failure) [PSYoungGen: 71600K->1485K(72192K)] 407215K->337100K(802304K), 0.0014799 secs] [Times: user=0.00 sys=0.00, real=0.00 secs] 
1383.738: [GC (Allocation Failure) [PSYoungGen: 71629K->1440K(72192K)] 407244K->337055K(802304K), 0.0020581 secs] [Times: user=0.01 sys=0.00, real=0.00 secs] 
1384.368: [GC (Allocation Failure) [PSYoungGen: 71584K->1344K(72192K)] 407199K->336959K(802304K), 0.0027018 secs] [Times: user=0.01 sys=0.00, real=0.00 secs] 
1385.185: [GC (Allocation Failure) [PSYoungGen: 71488K->1376K(72192K)] 407103K->336991K(802304K), 0.0030771 secs] [Times: user=0.01 sys=0.00, real=0.00 secs] 
1387.034: [GC (Allocation Failure) [PSYoungGen: 71520K->1376K(72192K)] 407135K->336991K(802304K), 0.0032992 secs] [Times: user=0.01 sys=0.00, real=0.00 secs] 
1387.556: [GC (Allocation Failure) [PSYoungGen: 71520K->1488K(72192K)] 407135K->337103K(802304K), 0.0020768 secs] [Times: user=0.01 sys=0.00, real=0.00 secs] 
1387.704: [GC (Allocation Failure) [PSYoungGen: 71617K->1552K(72192K)] 407232K->337167K(802304K), 0.0016483 secs] [Times: user=0.00 sys=0.00, real=0.00 secs] 
1387.828: [GC (Allocation Failure) [PSYoungGen: 71696K->1520K(72192K)] 407311K->337135K(802304K), 0.0015062 secs] [Times: user=0.01 sys=0.00, real=0.00 secs] 
1387.971: [GC (Allocation Failure) [PSYoungGen: 71664K->1488K(72192K)] 407279K->337127K(802304K), 0.0019853 secs] [Times: user=0.01 sys=0.00, real=0.00 secs] 
1388.298: [GC (Allocation Failure) [PSYoungGen: 71632K->1424K(72192K)] 407271K->337063K(802304K), 0.0021098 secs] [Times: user=0.00 sys=0.00, real=0.00 secs] 
1388.640: [GC (Allocation Failure) [PSYoungGen: 71568K->1376K(72192K)] 407207K->337015K(802304K), 0.0019601 secs] [Times: user=0.01 sys=0.00, real=0.00 secs] 
1388.960: [GC (Allocation Failure) [PSYoungGen: 71520K->1344K(72192K)] 407159K->336983K(802304K), 0.0024417 secs] [Times: user=0.01 sys=0.00, real=0.00 secs] 
1389.292: [GC (Allocation Failure) [PSYoungGen: 71488K->1408K(72192K)] 407127K->337071K(802304K), 0.0021516 secs] [Times: user=0.01 sys=0.00, real=0.01 secs] 
1389.519: [GC (Allocation Failure) [PSYoungGen: 71552K->1456K(72192K)] 407215K->337119K(802304K), 0.0015522 secs] [Times: user=0.01 sys=0.00, real=0.00 secs] 
1389.643: [GC (Allocation Failure) [PSYoungGen: 71600K->1424K(72192K)] 407263K->337087K(802304K), 0.0015686 secs] [Times: user=0.01 sys=0.00, real=0.01 secs] 
1389.766: [GC (Allocation Failure) [PSYoungGen: 71568K->1456K(72192K)] 407231K->337119K(802304K), 0.0014628 secs] [Times: user=0.01 sys=0.00, real=0.00 secs] 
1389.921: [GC (Allocation Failure) [PSYoungGen: 71600K->1984K(72192K)] 407263K->338159K(802304K), 0.0017638 secs] [Times: user=0.01 sys=0.00, real=0.00 secs] 
1390.261: [GC (Allocation Failure) [PSYoungGen: 72128K->1376K(72192K)] 408303K->337551K(802304K), 0.0018432 secs] [Times: user=0.00 sys=0.01, real=0.00 secs] 
1390.712: [GC (Allocation Failure) [PSYoungGen: 71520K->1376K(72192K)] 407695K->337551K(802304K), 0.0018218 secs] [Times: user=0.01 sys=0.00, real=0.01 secs] 
1391.247: [GC (Allocation Failure) [PSYoungGen: 71520K->1408K(72192K)] 407695K->337583K(802304K), 0.0029114 secs] [Times: user=0.01 sys=0.00, real=0.00 secs] 
1391.808: [GC (Allocation Failure) [PSYoungGen: 71552K->1360K(72192K)] 407727K->337535K(802304K), 0.0027008 secs] [Times: user=0.01 sys=0.00, real=0.00 secs] 
1392.037: [GC (Allocation Failure) [PSYoungGen: 71504K->1520K(72192K)] 407679K->337695K(802304K), 0.0020808 secs] [Times: user=0.01 sys=0.00, real=0.00 secs] 
1392.172: [GC (Allocation Failure) [PSYoungGen: 71664K->1421K(72192K)] 407839K->337596K(802304K), 0.0015311 secs] [Times: user=0.00 sys=0.00, real=0.00 secs] 
1392.295: [GC (Allocation Failure) [PSYoungGen: 71565K->1424K(72192K)] 407740K->337599K(802304K), 0.0014805 secs] [Times: user=0.01 sys=0.00, real=0.00 secs] 
1392.755: [GC (Allocation Failure) [PSYoungGen: 71568K->1440K(72192K)] 407743K->337615K(802304K), 0.0038149 secs] [Times: user=0.02 sys=0.00, real=0.00 secs] 
1393.380: [GC (Allocation Failure) [PSYoungGen: 71584K->1408K(72192K)] 407759K->337583K(802304K), 0.0023745 secs] [Times: user=0.01 sys=0.00, real=0.00 secs] 
1394.011: [GC (Allocation Failure) [PSYoungGen: 71552K->1408K(72192K)] 407727K->337583K(802304K), 0.0033055 secs] [Times: user=0.01 sys=0.00, real=0.01 secs] 
1394.602: [GC (Allocation Failure) [PSYoungGen: 71552K->1344K(72192K)] 407727K->337519K(802304K), 0.0030954 secs] [Times: user=0.01 sys=0.00, real=0.01 secs] 
1395.085: [GC (Allocation Failure) [PSYoungGen: 71488K->1456K(72192K)] 407663K->337631K(802304K), 0.0022118 secs] [Times: user=0.01 sys=0.00, real=0.00 secs] 
1395.236: [GC (Allocation Failure) [PSYoungGen: 71579K->1456K(72192K)] 407755K->337631K(802304K), 0.0015100 secs] [Times: user=0.01 sys=0.00, real=0.00 secs] 
1395.360: [GC (Allocation Failure) [PSYoungGen: 71600K->1424K(72192K)] 407775K->337599K(802304K), 0.0015938 secs] [Times: user=0.01 sys=0.00, real=0.00 secs] 
1395.484: [GC (Allocation Failure) [PSYoungGen: 71568K->1472K(72192K)] 407743K->337663K(802304K), 0.0014939 secs] [Times: user=0.01 sys=0.00, real=0.00 secs] 
1395.780: [GC (Allocation Failure) [PSYoungGen: 71616K->1472K(72192K)] 407807K->337663K(802304K), 0.0018701 secs] [Times: user=0.01 sys=0.00, real=0.00 secs] 
1396.284: [GC (Allocation Failure) [PSYoungGen: 71616K->1392K(72192K)] 407807K->337583K(802304K), 0.0018170 secs] [Times: user=0.01 sys=0.00, real=0.00 secs] 
1396.889: [GC (Allocation Failure) [PSYoungGen: 71536K->1376K(72192K)] 407727K->337567K(802304K), 0.0021965 secs] [Times: user=0.01 sys=0.00, real=0.00 secs] 
1397.520: [GC (Allocation Failure) [PSYoungGen: 71520K->1376K(72192K)] 407711K->337567K(802304K), 0.0021902 secs] [Times: user=0.00 sys=0.00, real=0.00 secs] 
1397.904: [GC (Allocation Failure) [PSYoungGen: 71520K->1456K(72192K)] 407711K->337647K(802304K), 0.0015180 secs] [Times: user=0.00 sys=0.00, real=0.00 secs] 
1398.027: [GC (Allocation Failure) [PSYoungGen: 71600K->1581K(72192K)] 407791K->337772K(802304K), 0.0015293 secs] [Times: user=0.00 sys=0.00, real=0.00 secs] 
1398.151: [GC (Allocation Failure) [PSYoungGen: 71725K->1488K(72192K)] 407916K->337679K(802304K), 0.0016201 secs] [Times: user=0.01 sys=0.00, real=0.00 secs] 
1398.293: [GC (Allocation Failure) [PSYoungGen: 71632K->1456K(72192K)] 407823K->337671K(802304K), 0.0018866 secs] [Times: user=0.01 sys=0.00, real=0.01 secs] 
1399.124: [GC (Allocation Failure) [PSYoungGen: 71600K->1440K(72192K)] 407815K->337655K(802304K), 0.0021732 secs] [Times: user=0.01 sys=0.00, real=0.00 secs] 
1400.133: [GC (Allocation Failure) [PSYoungGen: 71584K->1344K(72192K)] 407799K->337559K(802304K), 0.0036182 secs] [Times: user=0.01 sys=0.00, real=0.01 secs] 
1400.988: [GC (Allocation Failure) [PSYoungGen: 71488K->1408K(72192K)] 407703K->337623K(802304K), 0.0027280 secs] [Times: user=0.01 sys=0.00, real=0.00 secs] 
1401.700: [GC (Allocation Failure) [PSYoungGen: 71552K->1408K(72192K)] 407767K->337623K(802304K), 0.0029779 secs] [Times: user=0.02 sys=0.00, real=0.00 secs] 
1401.933: [GC (Allocation Failure) [PSYoungGen: 71552K->1456K(72192K)] 407767K->337671K(802304K), 0.0017198 secs] [Times: user=0.00 sys=0.00, real=0.01 secs] 
1402.058: [GC (Allocation Failure) [PSYoungGen: 71600K->1424K(72192K)] 407815K->337639K(802304K), 0.0015155 secs] [Times: user=0.01 sys=0.00, real=0.00 secs] 
1402.181: [GC (Allocation Failure) [PSYoungGen: 71568K->1520K(72192K)] 407783K->337735K(802304K), 0.0016196 secs] [Times: user=0.01 sys=0.00, real=0.00 secs] 
1403.006: [GC (Allocation Failure) [PSYoungGen: 71664K->1440K(72192K)] 407879K->337655K(802304K), 0.0023084 secs] [Times: user=0.00 sys=0.00, real=0.00 secs] 
1403.634: [GC (Allocation Failure) [PSYoungGen: 71584K->1376K(72192K)] 407799K->337591K(802304K), 0.0022552 secs] [Times: user=0.01 sys=0.00, real=0.00 secs] 
1404.231: [GC (Allocation Failure) [PSYoungGen: 71520K->1376K(72192K)] 407735K->337591K(802304K), 0.0033989 secs] [Times: user=0.01 sys=0.00, real=0.01 secs] 
1404.780: [GC (Allocation Failure) [PSYoungGen: 71520K->1376K(72192K)] 407735K->337591K(802304K), 0.0028662 secs] [Times: user=0.01 sys=0.00, real=0.00 secs] 
1405.069: [GC (Allocation Failure) [PSYoungGen: 71520K->1488K(72192K)] 407735K->337703K(802304K), 0.0017090 secs] [Times: user=0.00 sys=0.00, real=0.00 secs] 
1405.200: [GC (Allocation Failure) [PSYoungGen: 71610K->1488K(72192K)] 407825K->337703K(802304K), 0.0015772 secs] [Times: user=0.01 sys=0.00, real=0.00 secs] 
1405.326: [GC (Allocation Failure) [PSYoungGen: 71632K->1520K(72192K)] 407847K->337735K(802304K), 0.0014574 secs] [Times: user=0.01 sys=0.00, real=0.00 secs] 
1405.450: [GC (Allocation Failure) [PSYoungGen: 71664K->1520K(72192K)] 407879K->337735K(802304K), 0.0014973 secs] [Times: user=0.00 sys=0.01, real=0.00 secs] 
1405.817: [GC (Allocation Failure) [PSYoungGen: 71664K->1424K(72192K)] 407879K->337639K(802304K), 0.0018749 secs] [Times: user=0.01 sys=0.00, real=0.00 secs] 
1406.392: [GC (Allocation Failure) [PSYoungGen: 71568K->1376K(72192K)] 407783K->337591K(802304K), 0.0017593 secs] [Times: user=0.01 sys=0.00, real=0.00 secs] 
1406.990: [GC (Allocation Failure) [PSYoungGen: 71520K->1376K(72192K)] 407735K->337591K(802304K), 0.0016628 secs] [Times: user=0.01 sys=0.00, real=0.00 secs] 
1407.403: [GC (Allocation Failure) [PSYoungGen: 71520K->1376K(72192K)] 407735K->337591K(802304K), 0.0022433 secs] [Times: user=0.01 sys=0.00, real=0.01 secs] 
1407.688: [GC (Allocation Failure) [PSYoungGen: 71520K->1437K(72192K)] 407735K->337652K(802304K), 0.0025687 secs] [Times: user=0.01 sys=0.00, real=0.00 secs] 
1407.932: [GC (Allocation Failure) [PSYoungGen: 71581K->1488K(72192K)] 407796K->337703K(802304K), 0.0021900 secs] [Times: user=0.01 sys=0.00, real=0.01 secs] 
1408.116: [GC (Allocation Failure) [PSYoungGen: 71632K->1504K(72192K)] 407847K->337719K(802304K), 0.0021887 secs] [Times: user=0.00 sys=0.00, real=0.00 secs] 
1408.264: [GC (Allocation Failure) [PSYoungGen: 71648K->1504K(72192K)] 407863K->337735K(802304K), 0.0015827 secs] [Times: user=0.01 sys=0.00, real=0.01 secs] 
1408.953: [GC (Allocation Failure) [PSYoungGen: 71648K->1440K(72192K)] 407879K->337671K(802304K), 0.0032279 secs] [Times: user=0.02 sys=0.00, real=0.01 secs] 
1409.858: [GC (Allocation Failure) [PSYoungGen: 71584K->1408K(72192K)] 407815K->337639K(802304K), 0.0036333 secs] [Times: user=0.01 sys=0.01, real=0.00 secs] 
1410.783: [GC (Allocation Failure) [PSYoungGen: 71552K->1376K(72192K)] 407783K->337607K(802304K), 0.0031430 secs] [Times: user=0.01 sys=0.01, real=0.01 secs] 
1411.604: [GC (Allocation Failure) [PSYoungGen: 71520K->1344K(72192K)] 407751K->337575K(802304K), 0.0044001 secs] [Times: user=0.01 sys=0.00, real=0.00 secs] 
1412.024: [GC (Allocation Failure) [PSYoungGen: 71488K->1488K(72192K)] 407719K->337719K(802304K), 0.0020642 secs] [Times: user=0.01 sys=0.00, real=0.00 secs] 
1412.205: [GC (Allocation Failure) [PSYoungGen: 71632K->1488K(72192K)] 407863K->337719K(802304K), 0.0021396 secs] [Times: user=0.01 sys=0.00, real=0.00 secs] 
1412.359: [GC (Allocation Failure) [PSYoungGen: 71632K->1485K(72192K)] 407863K->337716K(802304K), 0.0017413 secs] [Times: user=0.01 sys=0.00, real=0.00 secs] 
1412.573: [GC (Allocation Failure) [PSYoungGen: 71629K->1456K(72192K)] 407860K->337687K(802304K), 0.0020843 secs] [Times: user=0.01 sys=0.00, real=0.01 secs] 
1413.168: [GC (Allocation Failure) [PSYoungGen: 71600K->1392K(72192K)] 407831K->337623K(802304K), 0.0022784 secs] [Times: user=0.01 sys=0.00, real=0.00 secs] 
1413.739: [GC (Allocation Failure) [PSYoungGen: 71536K->1376K(72192K)] 407767K->337607K(802304K), 0.0020552 secs] [Times: user=0.01 sys=0.00, real=0.00 secs] 
1414.531: [GC (Allocation Failure) [PSYoungGen: 71520K->1376K(72192K)] 407751K->337607K(802304K), 0.0036985 secs] [Times: user=0.02 sys=0.00, real=0.01 secs] 
1415.199: [GC (Allocation Failure) [PSYoungGen: 71520K->1405K(72192K)] 407751K->337636K(802304K), 0.0030878 secs] [Times: user=0.02 sys=0.00, real=0.00 secs] 
1415.402: [GC (Allocation Failure) [PSYoungGen: 71549K->1440K(72192K)] 407780K->337671K(802304K), 0.0015795 secs] [Times: user=0.01 sys=0.00, real=0.00 secs] 
1415.528: [GC (Allocation Failure) [PSYoungGen: 71584K->1488K(72192K)] 407815K->337719K(802304K), 0.0016762 secs] [Times: user=0.01 sys=0.00, real=0.00 secs] 
1415.673: [GC (Allocation Failure) [PSYoungGen: 71632K->1456K(72192K)] 407863K->337687K(802304K), 0.0019747 secs] [Times: user=0.01 sys=0.00, real=0.01 secs] 
1416.346: [GC (Allocation Failure) [PSYoungGen: 71600K->1424K(72192K)] 407831K->337655K(802304K), 0.0033877 secs] [Times: user=0.01 sys=0.00, real=0.00 secs] 
1416.910: [GC (Allocation Failure) [PSYoungGen: 71568K->1408K(72192K)] 407799K->337639K(802304K), 0.0022476 secs] [Times: user=0.00 sys=0.00, real=0.00 secs] 
1417.201: [GC (Allocation Failure) [PSYoungGen: 71552K->1376K(72192K)] 407783K->337607K(802304K), 0.0020160 secs] [Times: user=0.01 sys=0.00, real=0.00 secs] 
1417.513: [GC (Allocation Failure) [PSYoungGen: 71520K->1376K(72192K)] 407751K->337607K(802304K), 0.0018870 secs] [Times: user=0.00 sys=0.00, real=0.01 secs] 
1417.826: [GC (Allocation Failure) [PSYoungGen: 71520K->1453K(72192K)] 407751K->337684K(802304K), 0.0015776 secs] [Times: user=0.01 sys=0.00, real=0.00 secs] 
1417.949: [GC (Allocation Failure) [PSYoungGen: 71565K->1552K(72192K)] 407796K->337783K(802304K), 0.0014974 secs] [Times: user=0.01 sys=0.00, real=0.00 secs] 
1418.073: [GC (Allocation Failure) [PSYoungGen: 71696K->1456K(72192K)] 407927K->337687K(802304K), 0.0014795 secs] [Times: user=0.01 sys=0.00, real=0.01 secs] 
1418.197: [GC (Allocation Failure) [PSYoungGen: 71600K->1456K(72192K)] 407831K->337711K(802304K), 0.0016143 secs] [Times: user=0.01 sys=0.00, real=0.00 secs] 
1419.158: [GC (Allocation Failure) [PSYoungGen: 71600K->1408K(72192K)] 407855K->337663K(802304K), 0.0027055 secs] [Times: user=0.01 sys=0.00, real=0.00 secs] 
1419.922: [GC (Allocation Failure) [PSYoungGen: 71552K->1408K(72192K)] 407807K->337663K(802304K), 0.0030021 secs] [Times: user=0.01 sys=0.00, real=0.01 secs] 
1420.569: [GC (Allocation Failure) [PSYoungGen: 71552K->1376K(72192K)] 407807K->337631K(802304K), 0.0027663 secs] [Times: user=0.01 sys=0.00, real=0.00 secs] 
1421.255: [GC (Allocation Failure) [PSYoungGen: 71520K->1376K(72192K)] 407775K->337631K(802304K), 0.0026989 secs] [Times: user=0.01 sys=0.00, real=0.00 secs] 
1421.684: [GC (Allocation Failure) [PSYoungGen: 71520K->1488K(72192K)] 407775K->337743K(802304K), 0.0018390 secs] [Times: user=0.01 sys=0.00, real=0.00 secs] 
1421.812: [GC (Allocation Failure) [PSYoungGen: 71632K->1485K(72192K)] 407887K->337740K(802304K), 0.0014813 secs] [Times: user=0.00 sys=0.00, real=0.00 secs] 
1421.937: [GC (Allocation Failure) [PSYoungGen: 71629K->1485K(72192K)] 407884K->337740K(802304K), 0.0015617 secs] [Times: user=0.00 sys=0.00, real=0.00 secs] 
1422.096: [GC (Allocation Failure) [PSYoungGen: 71629K->1456K(72192K)] 407884K->337711K(802304K), 0.0017132 secs] [Times: user=0.00 sys=0.00, real=0.00 secs] 
1422.391: [GC (Allocation Failure) [PSYoungGen: 71600K->1360K(72192K)] 407855K->337615K(802304K), 0.0018149 secs] [Times: user=0.01 sys=0.00, real=0.00 secs] 
1422.683: [GC (Allocation Failure) [PSYoungGen: 71504K->1392K(72192K)] 407759K->337647K(802304K), 0.0017494 secs] [Times: user=0.00 sys=0.00, real=0.01 secs] 
1422.974: [GC (Allocation Failure) [PSYoungGen: 71536K->1376K(72192K)] 407791K->337631K(802304K), 0.0017577 secs] [Times: user=0.01 sys=0.00, real=0.00 secs] 
1423.297: [GC (Allocation Failure) [PSYoungGen: 71520K->1472K(72192K)] 407775K->337727K(802304K), 0.0019015 secs] [Times: user=0.00 sys=0.00, real=0.00 secs] 
1423.456: [GC (Allocation Failure) [PSYoungGen: 71616K->1520K(72192K)] 407871K->337775K(802304K), 0.0019599 secs] [Times: user=0.01 sys=0.00, real=0.00 secs] 
1423.610: [GC (Allocation Failure) [PSYoungGen: 71664K->1488K(72192K)] 407919K->337743K(802304K), 0.0015438 secs] [Times: user=0.00 sys=0.00, real=0.00 secs] 
1423.733: [GC (Allocation Failure) [PSYoungGen: 71632K->1456K(72192K)] 407887K->337711K(802304K), 0.0015712 secs] [Times: user=0.01 sys=0.00, real=0.01 secs] 
1423.995: [GC (Allocation Failure) [PSYoungGen: 71600K->1440K(72192K)] 407855K->337703K(802304K), 0.0023647 secs] [Times: user=0.00 sys=0.00, real=0.00 secs] 
1424.380: [GC (Allocation Failure) [PSYoungGen: 71584K->1376K(72192K)] 407847K->337639K(802304K), 0.0020377 secs] [Times: user=0.01 sys=0.00, real=0.00 secs] 
1424.880: [GC (Allocation Failure) [PSYoungGen: 71520K->1376K(72192K)] 407783K->337639K(802304K), 0.0020422 secs] [Times: user=0.01 sys=0.00, real=0.00 secs] 
1425.430: [GC (Allocation Failure) [PSYoungGen: 71520K->1376K(72192K)] 407783K->337639K(802304K), 0.0020449 secs] [Times: user=0.01 sys=0.00, real=0.00 secs] 
1425.975: [GC (Allocation Failure) [PSYoungGen: 71520K->1488K(72192K)] 407783K->337751K(802304K), 0.0020344 secs] [Times: user=0.01 sys=0.00, real=0.00 secs] 
1426.116: [GC (Allocation Failure) [PSYoungGen: 71632K->1488K(72192K)] 407895K->337751K(802304K), 0.0015438 secs] [Times: user=0.01 sys=0.00, real=0.00 secs] 
1426.240: [GC (Allocation Failure) [PSYoungGen: 71632K->1488K(72192K)] 407895K->337751K(802304K), 0.0015513 secs] [Times: user=0.01 sys=0.00, real=0.00 secs] 
1426.364: [GC (Allocation Failure) [PSYoungGen: 71632K->1488K(72192K)] 407895K->337759K(802304K), 0.0015458 secs] [Times: user=0.00 sys=0.00, real=0.00 secs] 
1426.784: [GC (Allocation Failure) [PSYoungGen: 71632K->1440K(72192K)] 407903K->337711K(802304K), 0.0017373 secs] [Times: user=0.01 sys=0.00, real=0.00 secs] 
1427.632: [GC (Allocation Failure) [PSYoungGen: 71584K->1408K(72192K)] 407855K->337703K(802304K), 0.0033481 secs] [Times: user=0.01 sys=0.00, real=0.01 secs] 
1428.485: [GC (Allocation Failure) [PSYoungGen: 71552K->1408K(72192K)] 407847K->337703K(802304K), 0.0027628 secs] [Times: user=0.01 sys=0.00, real=0.00 secs] 
1429.366: [GC (Allocation Failure) [PSYoungGen: 71552K->1344K(72192K)] 407847K->337639K(802304K), 0.0042104 secs] [Times: user=0.01 sys=0.00, real=0.00 secs] 
1429.831: [GC (Allocation Failure) [PSYoungGen: 71488K->1469K(72192K)] 407783K->337764K(802304K), 0.0021064 secs] [Times: user=0.01 sys=0.00, real=0.00 secs] 
1429.973: [GC (Allocation Failure) [PSYoungGen: 71613K->1520K(72192K)] 407908K->337815K(802304K), 0.0014994 secs] [Times: user=0.01 sys=0.00, real=0.01 secs] 
1430.097: [GC (Allocation Failure) [PSYoungGen: 71664K->1456K(72192K)] 407959K->337751K(802304K), 0.0015524 secs] [Times: user=0.00 sys=0.00, real=0.00 secs] 
1430.220: [GC (Allocation Failure) [PSYoungGen: 71600K->1520K(72192K)] 407895K->337831K(802304K), 0.0015255 secs] [Times: user=0.01 sys=0.00, real=0.00 secs] 
1431.325: [GC (Allocation Failure) [PSYoungGen: 71664K->1376K(72192K)] 407975K->337687K(802304K), 0.0027052 secs] [Times: user=0.01 sys=0.00, real=0.00 secs] 
1432.050: [GC (Allocation Failure) [PSYoungGen: 71520K->1408K(72192K)] 407831K->337719K(802304K), 0.0024159 secs] [Times: user=0.01 sys=0.00, real=0.00 secs] 
1432.716: [GC (Allocation Failure) [PSYoungGen: 71552K->1376K(72192K)] 407863K->337687K(802304K), 0.0028651 secs] [Times: user=0.01 sys=0.00, real=0.00 secs] 
1433.655: [GC (Allocation Failure) [PSYoungGen: 71520K->1408K(72192K)] 407831K->337727K(802304K), 0.0026194 secs] [Times: user=0.01 sys=0.00, real=0.00 secs] 
1433.943: [GC (Allocation Failure) [PSYoungGen: 71552K->1472K(72192K)] 407871K->337791K(802304K), 0.0014882 secs] [Times: user=0.01 sys=0.00, real=0.01 secs] 
1434.066: [GC (Allocation Failure) [PSYoungGen: 71616K->1408K(72192K)] 407935K->337727K(802304K), 0.0015162 secs] [Times: user=0.01 sys=0.00, real=0.00 secs] 
1434.190: [GC (Allocation Failure) [PSYoungGen: 71552K->1488K(72192K)] 407871K->337807K(802304K), 0.0015370 secs] [Times: user=0.01 sys=0.00, real=0.00 secs] 
1434.559: [GC (Allocation Failure) [PSYoungGen: 71632K->1424K(72192K)] 407951K->337751K(802304K), 0.0020879 secs] [Times: user=0.01 sys=0.00, real=0.00 secs] 
1435.197: [GC (Allocation Failure) [PSYoungGen: 71568K->1440K(72192K)] 407895K->337767K(802304K), 0.0023789 secs] [Times: user=0.01 sys=0.00, real=0.00 secs] 
1435.858: [GC (Allocation Failure) [PSYoungGen: 71584K->1408K(72192K)] 407911K->337735K(802304K), 0.0028549 secs] [Times: user=0.01 sys=0.00, real=0.00 secs] 
1436.437: [GC (Allocation Failure) [PSYoungGen: 71552K->1440K(71680K)] 407879K->337767K(801792K), 0.0028585 secs] [Times: user=0.01 sys=0.00, real=0.00 secs] 
1437.090: [GC (Allocation Failure) [PSYoungGen: 71584K->1520K(71680K)] 407911K->337847K(801792K), 0.0019274 secs] [Times: user=0.01 sys=0.00, real=0.00 secs] 
1437.259: [GC (Allocation Failure) [PSYoungGen: 71664K->1552K(72192K)] 407991K->337879K(802304K), 0.0019196 secs] [Times: user=0.01 sys=0.00, real=0.00 secs] 
1437.422: [GC (Allocation Failure) [PSYoungGen: 71696K->1488K(72192K)] 408023K->337815K(802304K), 0.0015323 secs] [Times: user=0.01 sys=0.00, real=0.01 secs] 
1437.546: [GC (Allocation Failure) [PSYoungGen: 71632K->1552K(72192K)] 407959K->337879K(802304K), 0.0015155 secs] [Times: user=0.01 sys=0.00, real=0.00 secs] 
1438.009: [GC (Allocation Failure) [PSYoungGen: 71696K->1424K(72192K)] 408023K->337767K(802304K), 0.0033869 secs] [Times: user=0.02 sys=0.00, real=0.00 secs] 
1438.461: [GC (Allocation Failure) [PSYoungGen: 71568K->1408K(72192K)] 407911K->337751K(802304K), 0.0024555 secs] [Times: user=0.01 sys=0.00, real=0.00 secs] 
1438.976: [GC (Allocation Failure) [PSYoungGen: 71552K->1440K(72192K)] 407895K->337799K(802304K), 0.0024551 secs] [Times: user=0.02 sys=0.00, real=0.00 secs] 
1439.472: [GC (Allocation Failure) [PSYoungGen: 71584K->1408K(72192K)] 407943K->337767K(802304K), 0.0045475 secs] [Times: user=0.02 sys=0.00, real=0.01 secs] 
1439.906: [GC (Allocation Failure) [PSYoungGen: 71552K->1520K(72192K)] 407911K->337879K(802304K), 0.0022788 secs] [Times: user=0.01 sys=0.00, real=0.00 secs] 
1440.057: [GC (Allocation Failure) [PSYoungGen: 71664K->1552K(72192K)] 408023K->337911K(802304K), 0.0016489 secs] [Times: user=0.01 sys=0.00, real=0.00 secs] 
1440.182: [GC (Allocation Failure) [PSYoungGen: 71696K->1488K(72192K)] 408055K->337847K(802304K), 0.0014987 secs] [Times: user=0.00 sys=0.00, real=0.00 secs] 
1440.305: [GC (Allocation Failure) [PSYoungGen: 71632K->1520K(72192K)] 407991K->337911K(802304K), 0.0015151 secs] [Times: user=0.01 sys=0.00, real=0.00 secs] 
1440.603: [GC (Allocation Failure) [PSYoungGen: 71664K->1376K(72192K)] 408055K->337767K(802304K), 0.0019419 secs] [Times: user=0.01 sys=0.00, real=0.01 secs] 
1440.895: [GC (Allocation Failure) [PSYoungGen: 71520K->1344K(72192K)] 407911K->337735K(802304K), 0.0018263 secs] [Times: user=0.00 sys=0.00, real=0.00 secs] 
1441.187: [GC (Allocation Failure) [PSYoungGen: 71488K->1376K(72192K)] 407879K->337767K(802304K), 0.0017290 secs] [Times: user=0.01 sys=0.00, real=0.00 secs] 
1441.481: [GC (Allocation Failure) [PSYoungGen: 71520K->1344K(72192K)] 407911K->337735K(802304K), 0.0027061 secs] [Times: user=0.01 sys=0.00, real=0.00 secs] 
1441.732: [GC (Allocation Failure) [PSYoungGen: 71484K->1488K(72192K)] 407875K->337879K(802304K), 0.0019237 secs] [Times: user=0.01 sys=0.00, real=0.01 secs] 
1441.863: [GC (Allocation Failure) [PSYoungGen: 71632K->1488K(72192K)] 408023K->337879K(802304K), 0.0016527 secs] [Times: user=0.01 sys=0.00, real=0.01 secs] 
1441.986: [GC (Allocation Failure) [PSYoungGen: 71632K->1485K(72192K)] 408023K->337876K(802304K), 0.0017279 secs] [Times: user=0.01 sys=0.00, real=0.00 secs] 
1442.724: [GC (Allocation Failure) [PSYoungGen: 71629K->1984K(72192K)] 408020K->338887K(802304K), 0.0032367 secs] [Times: user=0.01 sys=0.00, real=0.00 secs] 
1444.106: [GC (Allocation Failure) [PSYoungGen: 72128K->1376K(72192K)] 409031K->338279K(802304K), 0.0044240 secs] [Times: user=0.02 sys=0.00, real=0.00 secs] 
1444.847: [GC (Allocation Failure) [PSYoungGen: 71520K->1408K(71680K)] 408423K->338311K(801792K), 0.0033015 secs] [Times: user=0.01 sys=0.00, real=0.00 secs] 
1445.447: [GC (Allocation Failure) [PSYoungGen: 71552K->1344K(71680K)] 408455K->338247K(801792K), 0.0038416 secs] [Times: user=0.01 sys=0.00, real=0.00 secs] 
1445.869: [GC (Allocation Failure) [PSYoungGen: 71483K->1424K(71680K)] 408386K->338327K(801792K), 0.0031760 secs] [Times: user=0.01 sys=0.00, real=0.00 secs] 
1446.066: [GC (Allocation Failure) [PSYoungGen: 71568K->1517K(71680K)] 408471K->338420K(801792K), 0.0018582 secs] [Times: user=0.01 sys=0.00, real=0.00 secs] 
1446.196: [GC (Allocation Failure) [PSYoungGen: 71661K->1517K(71680K)] 408564K->338444K(801792K), 0.0016887 secs] [Times: user=0.01 sys=0.00, real=0.00 secs] 
1446.322: [GC (Allocation Failure) [PSYoungGen: 71661K->1520K(71680K)] 408588K->338463K(801792K), 0.0016797 secs] [Times: user=0.00 sys=0.00, real=0.01 secs] 
1446.549: [GC (Allocation Failure) [PSYoungGen: 71664K->1440K(71680K)] 408607K->338383K(801792K), 0.0018040 secs] [Times: user=0.01 sys=0.00, real=0.00 secs] 
1446.840: [GC (Allocation Failure) [PSYoungGen: 71584K->1376K(71680K)] 408527K->338319K(801792K), 0.0019121 secs] [Times: user=0.00 sys=0.00, real=0.00 secs] 
1447.273: [GC (Allocation Failure) [PSYoungGen: 71520K->1376K(71680K)] 408463K->338319K(801792K), 0.0017407 secs] [Times: user=0.01 sys=0.00, real=0.01 secs] 
1447.850: [GC (Allocation Failure) [PSYoungGen: 71520K->1344K(72192K)] 408463K->338287K(802304K), 0.0027488 secs] [Times: user=0.01 sys=0.00, real=0.00 secs] 
1448.493: [GC (Allocation Failure) [PSYoungGen: 71488K->1488K(72192K)] 408431K->338431K(802304K), 0.0023187 secs] [Times: user=0.01 sys=0.00, real=0.01 secs] 
1448.696: [GC (Allocation Failure) [PSYoungGen: 71609K->1488K(72192K)] 408552K->338431K(802304K), 0.0021764 secs] [Times: user=0.01 sys=0.00, real=0.00 secs] 
1448.844: [GC (Allocation Failure) [PSYoungGen: 71632K->1549K(72192K)] 408575K->338500K(802304K), 0.0015230 secs] [Times: user=0.01 sys=0.00, real=0.00 secs] 
1448.969: [GC (Allocation Failure) [PSYoungGen: 71693K->1440K(72192K)] 408644K->338407K(802304K), 0.0019182 secs] [Times: user=0.01 sys=0.00, real=0.00 secs] 
1449.238: [GC (Allocation Failure) [PSYoungGen: 71584K->1376K(72192K)] 408551K->338359K(802304K), 0.0022704 secs] [Times: user=0.01 sys=0.00, real=0.00 secs] 
1449.742: [GC (Allocation Failure) [PSYoungGen: 71520K->1376K(72192K)] 408503K->338359K(802304K), 0.0020353 secs] [Times: user=0.01 sys=0.00, real=0.01 secs] 
1450.322: [GC (Allocation Failure) [PSYoungGen: 71520K->1376K(72192K)] 408503K->338359K(802304K), 0.0021694 secs] [Times: user=0.01 sys=0.00, real=0.01 secs] 
1450.937: [GC (Allocation Failure) [PSYoungGen: 71520K->1344K(72192K)] 408503K->338327K(802304K), 0.0027866 secs] [Times: user=0.01 sys=0.00, real=0.00 secs] 
1451.246: [GC (Allocation Failure) [PSYoungGen: 71488K->1453K(72192K)] 408471K->338444K(802304K), 0.0014643 secs] [Times: user=0.00 sys=0.00, real=0.00 secs] 
1451.369: [GC (Allocation Failure) [PSYoungGen: 71597K->1456K(72192K)] 408588K->338447K(802304K), 0.0015556 secs] [Times: user=0.00 sys=0.01, real=0.00 secs] 
1451.493: [GC (Allocation Failure) [PSYoungGen: 71600K->1456K(72192K)] 408591K->338447K(802304K), 0.0015296 secs] [Times: user=0.01 sys=0.00, real=0.01 secs] 
1451.636: [GC (Allocation Failure) [PSYoungGen: 71137K->256K(72192K)] 408129K->337255K(802304K), 0.0017287 secs] [Times: user=0.01 sys=0.00, real=0.00 secs] 
1451.993: [GC (Allocation Failure) [PSYoungGen: 70400K->1376K(72192K)] 407399K->338375K(802304K), 0.0018978 secs] [Times: user=0.01 sys=0.00, real=0.01 secs] 
1452.441: [GC (Allocation Failure) [PSYoungGen: 71520K->1376K(72192K)] 408519K->338375K(802304K), 0.0022324 secs] [Times: user=0.00 sys=0.00, real=0.00 secs] 
1453.061: [GC (Allocation Failure) [PSYoungGen: 71520K->1408K(72192K)] 408519K->338407K(802304K), 0.0033855 secs] [Times: user=0.01 sys=0.00, real=0.01 secs] 
1453.895: [GC (Allocation Failure) [PSYoungGen: 71206K->272K(72192K)] 408206K->337271K(802304K), 0.0053638 secs] [Times: user=0.03 sys=0.00, real=0.00 secs] 
1454.143: [GC (Allocation Failure) [PSYoungGen: 70416K->1520K(72192K)] 407415K->338519K(802304K), 0.0019917 secs] [Times: user=0.00 sys=0.00, real=0.01 secs] 
1454.277: [GC (Allocation Failure) [PSYoungGen: 71664K->1488K(72192K)] 408663K->338487K(802304K), 0.0014955 secs] [Times: user=0.00 sys=0.00, real=0.00 secs] 
1454.400: [GC (Allocation Failure) [PSYoungGen: 71632K->1520K(72192K)] 408631K->338527K(802304K), 0.0016457 secs] [Times: user=0.01 sys=0.00, real=0.00 secs] 
1454.760: [GC (Allocation Failure) [PSYoungGen: 71664K->1440K(72192K)] 408671K->338463K(802304K), 0.0021145 secs] [Times: user=0.01 sys=0.00, real=0.00 secs] 
1455.411: [GC (Allocation Failure) [PSYoungGen: 71584K->1376K(72192K)] 408607K->338399K(802304K), 0.0021231 secs] [Times: user=0.00 sys=0.00, real=0.00 secs] 
1456.115: [GC (Allocation Failure) [PSYoungGen: 71520K->1376K(72192K)] 408543K->338399K(802304K), 0.0023815 secs] [Times: user=0.01 sys=0.00, real=0.00 secs] 
1456.649: [GC (Allocation Failure) [PSYoungGen: 71520K->1392K(72192K)] 408543K->338415K(802304K), 0.0040141 secs] [Times: user=0.02 sys=0.00, real=0.00 secs] 
1457.163: [GC (Allocation Failure) [PSYoungGen: 71536K->1469K(72192K)] 408559K->338500K(802304K), 0.0025374 secs] [Times: user=0.01 sys=0.00, real=0.01 secs] 
1457.382: [GC (Allocation Failure) [PSYoungGen: 71594K->1456K(72192K)] 408625K->338487K(802304K), 0.0023865 secs] [Times: user=0.01 sys=0.00, real=0.01 secs] 
1457.537: [GC (Allocation Failure) [PSYoungGen: 71600K->1453K(72192K)] 408631K->338484K(802304K), 0.0015211 secs] [Times: user=0.01 sys=0.00, real=0.00 secs] 
1457.662: [GC (Allocation Failure) [PSYoungGen: 71597K->1488K(72192K)] 408628K->338527K(802304K), 0.0015270 secs] [Times: user=0.01 sys=0.00, real=0.00 secs] 
1458.056: [GC (Allocation Failure) [PSYoungGen: 71632K->1408K(72192K)] 408671K->338447K(802304K), 0.0034253 secs] [Times: user=0.01 sys=0.01, real=0.00 secs] 
1458.581: [GC (Allocation Failure) [PSYoungGen: 71552K->1376K(72192K)] 408591K->338415K(802304K), 0.0021437 secs] [Times: user=0.01 sys=0.00, real=0.00 secs] 
1459.150: [GC (Allocation Failure) [PSYoungGen: 71520K->1344K(72192K)] 408559K->338407K(802304K), 0.0025663 secs] [Times: user=0.01 sys=0.00, real=0.00 secs] 
1459.935: [GC (Allocation Failure) [PSYoungGen: 71488K->1344K(72192K)] 408551K->338407K(802304K), 0.0040387 secs] [Times: user=0.02 sys=0.00, real=0.00 secs] 
1460.465: [GC (Allocation Failure) [PSYoungGen: 71465K->1456K(72192K)] 408528K->338519K(802304K), 0.0022840 secs] [Times: user=0.01 sys=0.00, real=0.00 secs] 
1460.617: [GC (Allocation Failure) [PSYoungGen: 71600K->1453K(72192K)] 408663K->338516K(802304K), 0.0015436 secs] [Times: user=0.01 sys=0.00, real=0.00 secs] 
1460.759: [GC (Allocation Failure) [PSYoungGen: 71597K->1488K(72192K)] 408660K->338551K(802304K), 0.0019823 secs] [Times: user=0.01 sys=0.00, real=0.00 secs] 
1460.923: [GC (Allocation Failure) [PSYoungGen: 71632K->1485K(72192K)] 408695K->338556K(802304K), 0.0015460 secs] [Times: user=0.00 sys=0.00, real=0.01 secs] 
1461.616: [GC (Allocation Failure) [PSYoungGen: 71629K->1376K(72192K)] 408700K->338447K(802304K), 0.0033210 secs] [Times: user=0.01 sys=0.01, real=0.00 secs] 
1462.537: [GC (Allocation Failure) [PSYoungGen: 71520K->1376K(72192K)] 408591K->338447K(802304K), 0.0045270 secs] [Times: user=0.01 sys=0.00, real=0.00 secs] 
1463.346: [GC (Allocation Failure) [PSYoungGen: 71520K->1408K(72192K)] 408591K->338479K(802304K), 0.0026003 secs] [Times: user=0.01 sys=0.00, real=0.00 secs] 
1463.943: [GC (Allocation Failure) [PSYoungGen: 71552K->1376K(72192K)] 408623K->338447K(802304K), 0.0021873 secs] [Times: user=0.01 sys=0.00, real=0.01 secs] 
1464.156: [GC (Allocation Failure) [PSYoungGen: 71520K->1488K(72192K)] 408591K->338559K(802304K), 0.0015685 secs] [Times: user=0.01 sys=0.00, real=0.00 secs] 
1464.282: [GC (Allocation Failure) [PSYoungGen: 71632K->1504K(72192K)] 408703K->338575K(802304K), 0.0015610 secs] [Times: user=0.01 sys=0.00, real=0.00 secs] 
1464.407: [GC (Allocation Failure) [PSYoungGen: 71648K->1456K(72192K)] 408719K->338527K(802304K), 0.0016101 secs] [Times: user=0.01 sys=0.00, real=0.00 secs] 
1464.789: [GC (Allocation Failure) [PSYoungGen: 71600K->1472K(72192K)] 408671K->338551K(802304K), 0.0020276 secs] [Times: user=0.01 sys=0.00, real=0.00 secs] 
1465.512: [GC (Allocation Failure) [PSYoungGen: 71616K->1376K(72192K)] 408695K->338455K(802304K), 0.0020902 secs] [Times: user=0.01 sys=0.00, real=0.01 secs] 
1466.002: [GC (Allocation Failure) [PSYoungGen: 71520K->1344K(72192K)] 408599K->338423K(802304K), 0.0020976 secs] [Times: user=0.00 sys=0.00, real=0.01 secs] 
1466.352: [GC (Allocation Failure) [PSYoungGen: 71488K->1376K(72192K)] 408567K->338455K(802304K), 0.0020184 secs] [Times: user=0.01 sys=0.00, real=0.00 secs] 
1466.812: [GC (Allocation Failure) [PSYoungGen: 71520K->1437K(72192K)] 408599K->338516K(802304K), 0.0022314 secs] [Times: user=0.00 sys=0.00, real=0.01 secs] 
1466.960: [GC (Allocation Failure) [PSYoungGen: 71581K->1440K(72192K)] 408660K->338519K(802304K), 0.0015796 secs] [Times: user=0.01 sys=0.00, real=0.00 secs] 
1467.084: [GC (Allocation Failure) [PSYoungGen: 71584K->1501K(72192K)] 408663K->338580K(802304K), 0.0018675 secs] [Times: user=0.01 sys=0.00, real=0.00 secs] 
1467.208: [GC (Allocation Failure) [PSYoungGen: 71645K->1485K(72192K)] 408724K->338564K(802304K), 0.0015721 secs] [Times: user=0.01 sys=0.00, real=0.00 secs] 
1469.044: [GC (Allocation Failure) [PSYoungGen: 71629K->1472K(72192K)] 408708K->338551K(802304K), 0.0046967 secs] [Times: user=0.02 sys=0.00, real=0.00 secs] 
1469.673: [GC (Allocation Failure) [PSYoungGen: 71616K->1376K(72192K)] 408695K->338479K(802304K), 0.0027838 secs] [Times: user=0.02 sys=0.00, real=0.01 secs] 
1469.968: [GC (Allocation Failure) [PSYoungGen: 71520K->1408K(72192K)] 408623K->338511K(802304K), 0.0020147 secs] [Times: user=0.00 sys=0.00, real=0.00 secs] 
1470.259: [GC (Allocation Failure) [PSYoungGen: 71552K->1376K(72192K)] 408655K->338479K(802304K), 0.0019210 secs] [Times: user=0.01 sys=0.00, real=0.00 secs] 
1470.608: [GC (Allocation Failure) [PSYoungGen: 71520K->1485K(72192K)] 408623K->338588K(802304K), 0.0014515 secs] [Times: user=0.01 sys=0.00, real=0.00 secs] 
1470.732: [GC (Allocation Failure) [PSYoungGen: 71623K->1456K(72192K)] 408726K->338559K(802304K), 0.0015062 secs] [Times: user=0.01 sys=0.00, real=0.00 secs] 
1470.856: [GC (Allocation Failure) [PSYoungGen: 71600K->1517K(72192K)] 408703K->338620K(802304K), 0.0015798 secs] [Times: user=0.00 sys=0.00, real=0.00 secs] 
1470.979: [GC (Allocation Failure) [PSYoungGen: 71661K->1456K(72192K)] 408764K->338567K(802304K), 0.0016014 secs] [Times: user=0.00 sys=0.00, real=0.00 secs] 
1471.575: [GC (Allocation Failure) [PSYoungGen: 71600K->1408K(72192K)] 408711K->338519K(802304K), 0.0022309 secs] [Times: user=0.01 sys=0.00, real=0.00 secs] 
1472.160: [GC (Allocation Failure) [PSYoungGen: 71552K->1408K(72192K)] 408663K->338519K(802304K), 0.0026033 secs] [Times: user=0.01 sys=0.00, real=0.00 secs] 
1472.549: [GC (Allocation Failure) [PSYoungGen: 71552K->1392K(72192K)] 408663K->338503K(802304K), 0.0025961 secs] [Times: user=0.01 sys=0.00, real=0.00 secs] 
1473.303: [GC (Allocation Failure) [PSYoungGen: 71536K->1408K(72192K)] 408647K->338519K(802304K), 0.0026475 secs] [Times: user=0.01 sys=0.00, real=0.01 secs] 
1473.701: [GC (Allocation Failure) [PSYoungGen: 71552K->1504K(72192K)] 408663K->338615K(802304K), 0.0018726 secs] [Times: user=0.01 sys=0.00, real=0.00 secs] 
1473.834: [GC (Allocation Failure) [PSYoungGen: 71648K->1488K(72192K)] 408759K->338599K(802304K), 0.0015078 secs] [Times: user=0.01 sys=0.00, real=0.00 secs] 
1473.957: [GC (Allocation Failure) [PSYoungGen: 71632K->1485K(72192K)] 408743K->338596K(802304K), 0.0016431 secs] [Times: user=0.00 sys=0.00, real=0.00 secs] 
1474.209: [GC (Allocation Failure) [PSYoungGen: 71629K->1984K(72192K)] 408740K->339095K(802304K), 0.0019481 secs] [Times: user=0.01 sys=0.00, real=0.00 secs] 
1474.942: [GC (Allocation Failure) [PSYoungGen: 72128K->1376K(72192K)] 409239K->338487K(802304K), 0.0021376 secs] [Times: user=0.01 sys=0.00, real=0.01 secs] 
1475.453: [GC (Allocation Failure) [PSYoungGen: 71520K->1376K(72192K)] 408631K->338487K(802304K), 0.0021336 secs] [Times: user=0.01 sys=0.00, real=0.01 secs] 
1476.166: [GC (Allocation Failure) [PSYoungGen: 71520K->1344K(72192K)] 408631K->338455K(802304K), 0.0032361 secs] [Times: user=0.02 sys=0.00, real=0.00 secs] 
1476.652: [GC (Allocation Failure) [PSYoungGen: 71488K->1437K(72192K)] 408599K->338548K(802304K), 0.0022041 secs] [Times: user=0.01 sys=0.00, real=0.01 secs] 
1476.808: [GC (Allocation Failure) [PSYoungGen: 71581K->1488K(72192K)] 408692K->338599K(802304K), 0.0016316 secs] [Times: user=0.00 sys=0.00, real=0.00 secs] 
1476.937: [GC (Allocation Failure) [PSYoungGen: 71632K->1456K(72192K)] 408743K->338567K(802304K), 0.0015884 secs] [Times: user=0.00 sys=0.00, real=0.00 secs] 
1477.064: [GC (Allocation Failure) [PSYoungGen: 71600K->1520K(72192K)] 408711K->338631K(802304K), 0.0014829 secs] [Times: user=0.00 sys=0.00, real=0.00 secs] 
1477.346: [GC (Allocation Failure) [PSYoungGen: 71664K->1408K(72192K)] 408775K->338527K(802304K), 0.0019314 secs] [Times: user=0.01 sys=0.00, real=0.00 secs] 
1477.638: [GC (Allocation Failure) [PSYoungGen: 71552K->1344K(72192K)] 408671K->338463K(802304K), 0.0020421 secs] [Times: user=0.01 sys=0.00, real=0.00 secs] 
1478.028: [GC (Allocation Failure) [PSYoungGen: 71488K->1376K(72192K)] 408607K->338511K(802304K), 0.0022627 secs] [Times: user=0.01 sys=0.00, real=0.00 secs] 
1478.320: [GC (Allocation Failure) [PSYoungGen: 71520K->1376K(72192K)] 408655K->338511K(802304K), 0.0021404 secs] [Times: user=0.00 sys=0.00, real=0.00 secs] 
1478.661: [GC (Allocation Failure) [PSYoungGen: 71520K->1469K(72192K)] 408655K->338604K(802304K), 0.0029445 secs] [Times: user=0.01 sys=0.00, real=0.01 secs] 
1478.851: [GC (Allocation Failure) [PSYoungGen: 71613K->1485K(72192K)] 408748K->338620K(802304K), 0.0015404 secs] [Times: user=0.00 sys=0.00, real=0.00 secs] 
1478.974: [GC (Allocation Failure) [PSYoungGen: 71629K->1453K(72192K)] 408764K->338588K(802304K), 0.0015103 secs] [Times: user=0.00 sys=0.00, real=0.00 secs] 
1479.098: [GC (Allocation Failure) [PSYoungGen: 71597K->1456K(72192K)] 408732K->338607K(802304K), 0.0016179 secs] [Times: user=0.01 sys=0.00, real=0.00 secs] 
1479.358: [GC (Allocation Failure) [PSYoungGen: 71600K->1376K(72192K)] 408751K->338527K(802304K), 0.0028498 secs] [Times: user=0.01 sys=0.00, real=0.00 secs] 
1479.685: [GC (Allocation Failure) [PSYoungGen: 71520K->1344K(71680K)] 408671K->338495K(801792K), 0.0020715 secs] [Times: user=0.01 sys=0.01, real=0.00 secs] 
1480.118: [GC (Allocation Failure) [PSYoungGen: 71488K->1328K(71680K)] 408639K->338479K(801792K), 0.0023374 secs] [Times: user=0.01 sys=0.00, real=0.00 secs] 
1480.539: [GC (Allocation Failure) [PSYoungGen: 71472K->1344K(71680K)] 408623K->338503K(801792K), 0.0020826 secs] [Times: user=0.01 sys=0.00, real=0.00 secs] 
1480.828: [GC (Allocation Failure) [PSYoungGen: 71488K->1517K(71680K)] 408647K->338676K(801792K), 0.0016862 secs] [Times: user=0.01 sys=0.00, real=0.00 secs] 
1480.952: [GC (Allocation Failure) [PSYoungGen: 71661K->1517K(71680K)] 408820K->338700K(801792K), 0.0016858 secs] [Times: user=0.00 sys=0.00, real=0.00 secs] 
1481.075: [GC (Allocation Failure) [PSYoungGen: 71661K->1549K(72192K)] 408844K->338748K(802304K), 0.0017079 secs] [Times: user=0.01 sys=0.00, real=0.00 secs] 
1481.200: [GC (Allocation Failure) [PSYoungGen: 71693K->429K(74752K)] 408892K->338652K(804864K), 0.0014746 secs] [Times: user=0.01 sys=0.00, real=0.00 secs] 
1482.747: [GC (Allocation Failure) [PSYoungGen: 74157K->1376K(74752K)] 412380K->339599K(804864K), 0.0028076 secs] [Times: user=0.01 sys=0.00, real=0.00 secs] 
1483.276: [GC (Allocation Failure) [PSYoungGen: 74592K->1344K(74240K)] 412815K->339567K(804352K), 0.0020797 secs] [Times: user=0.01 sys=0.00, real=0.00 secs] 
1483.583: [GC (Allocation Failure) [PSYoungGen: 74048K->1344K(73728K)] 412271K->339567K(803840K), 0.0027953 secs] [Times: user=0.01 sys=0.00, real=0.01 secs] 
1484.049: [GC (Allocation Failure) [PSYoungGen: 73536K->1408K(73216K)] 411759K->339631K(803328K), 0.0023772 secs] [Times: user=0.00 sys=0.00, real=0.00 secs] 
1484.217: [GC (Allocation Failure) [PSYoungGen: 73088K->1536K(73216K)] 411311K->339759K(803328K), 0.0016720 secs] [Times: user=0.01 sys=0.00, real=0.00 secs] 
1484.345: [GC (Allocation Failure) [PSYoungGen: 72704K->1424K(72192K)] 410927K->339647K(802304K), 0.0016099 secs] [Times: user=0.01 sys=0.00, real=0.00 secs] 
1484.469: [GC (Allocation Failure) [PSYoungGen: 72080K->1453K(71680K)] 410303K->339676K(801792K), 0.0016143 secs] [Times: user=0.01 sys=0.00, real=0.00 secs] 
1484.931: [GC (Allocation Failure) [PSYoungGen: 71597K->1456K(71680K)] 409820K->339687K(801792K), 0.0017786 secs] [Times: user=0.01 sys=0.00, real=0.00 secs] 
1485.506: [GC (Allocation Failure) [PSYoungGen: 71600K->1344K(72192K)] 409831K->339575K(802304K), 0.0027911 secs] [Times: user=0.01 sys=0.00, real=0.00 secs] 
1485.793: [GC (Allocation Failure) [PSYoungGen: 71488K->1344K(72192K)] 409719K->339575K(802304K), 0.0025457 secs] [Times: user=0.01 sys=0.00, real=0.01 secs] 
1486.140: [GC (Allocation Failure) [PSYoungGen: 71488K->1392K(72192K)] 409719K->339623K(802304K), 0.0020177 secs] [Times: user=0.01 sys=0.00, real=0.00 secs] 
1486.525: [GC (Allocation Failure) [PSYoungGen: 71536K->1453K(72192K)] 409767K->339692K(802304K), 0.0014923 secs] [Times: user=0.01 sys=0.00, real=0.00 secs] 
1486.668: [GC (Allocation Failure) [PSYoungGen: 71573K->1520K(72192K)] 409812K->339759K(802304K), 0.0020112 secs] [Times: user=0.01 sys=0.00, real=0.00 secs] 
1486.835: [GC (Allocation Failure) [PSYoungGen: 71664K->1453K(72192K)] 409903K->339692K(802304K), 0.0015447 secs] [Times: user=0.01 sys=0.00, real=0.00 secs] 
1486.958: [GC (Allocation Failure) [PSYoungGen: 71597K->1488K(72192K)] 409836K->339727K(802304K), 0.0018357 secs] [Times: user=0.00 sys=0.00, real=0.00 secs] 
1487.694: [GC (Allocation Failure) [PSYoungGen: 71632K->1360K(71680K)] 409871K->339623K(801792K), 0.0042187 secs] [Times: user=0.01 sys=0.01, real=0.00 secs] 
1488.553: [GC (Allocation Failure) [PSYoungGen: 71504K->1312K(71680K)] 409767K->339575K(801792K), 0.0041462 secs] [Times: user=0.01 sys=0.01, real=0.01 secs] 
1489.336: [GC (Allocation Failure) [PSYoungGen: 71456K->1312K(71680K)] 409719K->339575K(801792K), 0.0029854 secs] [Times: user=0.01 sys=0.00, real=0.00 secs] 
1489.656: [GC (Allocation Failure) [PSYoungGen: 71456K->1344K(71680K)] 409719K->339607K(801792K), 0.0020345 secs] [Times: user=0.00 sys=0.00, real=0.00 secs] 
1489.854: [GC (Allocation Failure) [PSYoungGen: 71488K->1485K(71680K)] 409751K->339748K(801792K), 0.0014348 secs] [Times: user=0.01 sys=0.01, real=0.00 secs] 
1489.977: [GC (Allocation Failure) [PSYoungGen: 71629K->1517K(71680K)] 409892K->339780K(801792K), 0.0017569 secs] [Times: user=0.00 sys=0.00, real=0.00 secs] 
1490.101: [GC (Allocation Failure) [PSYoungGen: 71661K->1517K(71680K)] 409924K->339780K(801792K), 0.0016153 secs] [Times: user=0.01 sys=0.00, real=0.00 secs] 
1490.462: [GC (Allocation Failure) [PSYoungGen: 71661K->1696K(72192K)] 409924K->339959K(802304K), 0.0023292 secs] [Times: user=0.00 sys=0.00, real=0.01 secs] 
1491.709: [GC (Allocation Failure) [PSYoungGen: 71840K->384K(70656K)] 410103K->339671K(800768K), 0.0052379 secs] [Times: user=0.02 sys=0.00, real=0.01 secs] 
1492.859: [GC (Allocation Failure) [PSYoungGen: 70528K->368K(72192K)] 409815K->339655K(802304K), 0.0038623 secs] [Times: user=0.02 sys=0.00, real=0.00 secs] 
1493.761: [GC (Allocation Failure) [PSYoungGen: 70512K->352K(72192K)] 409799K->339639K(802304K), 0.0029995 secs] [Times: user=0.01 sys=0.00, real=0.01 secs] 
1494.379: [GC (Allocation Failure) [PSYoungGen: 70496K->1456K(72704K)] 409783K->340743K(802816K), 0.0027673 secs] [Times: user=0.01 sys=0.00, real=0.00 secs] 
1494.571: [GC (Allocation Failure) [PSYoungGen: 71600K->1456K(72704K)] 410887K->340743K(802816K), 0.0015579 secs] [Times: user=0.01 sys=0.00, real=0.00 secs] 
1494.713: [GC (Allocation Failure) [PSYoungGen: 71600K->1488K(72704K)] 410887K->340775K(802816K), 0.0018713 secs] [Times: user=0.01 sys=0.00, real=0.01 secs] 
1494.878: [GC (Allocation Failure) [PSYoungGen: 71632K->1520K(72704K)] 410919K->340807K(802816K), 0.0017648 secs] [Times: user=0.01 sys=0.00, real=0.00 secs] 
1495.197: [GC (Allocation Failure) [PSYoungGen: 71664K->1408K(72704K)] 410951K->340711K(802816K), 0.0021917 secs] [Times: user=0.01 sys=0.00, real=0.00 secs] 
1495.500: [GC (Allocation Failure) [PSYoungGen: 71552K->1376K(72704K)] 410855K->340679K(802816K), 0.0020660 secs] [Times: user=0.01 sys=0.00, real=0.00 secs] 
1495.791: [GC (Allocation Failure) [PSYoungGen: 71520K->1408K(71680K)] 410823K->340711K(801792K), 0.0021481 secs] [Times: user=0.01 sys=0.01, real=0.00 secs] 
1496.083: [GC (Allocation Failure) [PSYoungGen: 71552K->1376K(72192K)] 410855K->340679K(802304K), 0.0019053 secs] [Times: user=0.01 sys=0.00, real=0.01 secs] 
1496.344: [GC (Allocation Failure) [PSYoungGen: 71520K->1456K(72192K)] 410823K->340759K(802304K), 0.0024684 secs] [Times: user=0.01 sys=0.00, real=0.01 secs] 
1496.487: [GC (Allocation Failure) [PSYoungGen: 71574K->1456K(72192K)] 410878K->340759K(802304K), 0.0020854 secs] [Times: user=0.01 sys=0.00, real=0.00 secs] 
1496.642: [GC (Allocation Failure) [PSYoungGen: 71600K->1456K(72192K)] 410903K->340759K(802304K), 0.0016534 secs] [Times: user=0.01 sys=0.00, real=0.01 secs] 
1496.766: [GC (Allocation Failure) [PSYoungGen: 71600K->1520K(72192K)] 410903K->340839K(802304K), 0.0015364 secs] [Times: user=0.01 sys=0.00, real=0.00 secs] 
1497.034: [GC (Allocation Failure) [PSYoungGen: 71664K->1440K(72192K)] 410983K->340759K(802304K), 0.0021778 secs] [Times: user=0.01 sys=0.00, real=0.00 secs] 
1497.326: [GC (Allocation Failure) [PSYoungGen: 71584K->1344K(72192K)] 410903K->340687K(802304K), 0.0019573 secs] [Times: user=0.01 sys=0.00, real=0.00 secs] 
1497.618: [GC (Allocation Failure) [PSYoungGen: 71488K->1424K(72192K)] 410831K->340767K(802304K), 0.0017303 secs] [Times: user=0.01 sys=0.00, real=0.00 secs] 
1497.910: [GC (Allocation Failure) [PSYoungGen: 71568K->1376K(72192K)] 410911K->340719K(802304K), 0.0018051 secs] [Times: user=0.01 sys=0.00, real=0.00 secs] 
1498.506: [GC (Allocation Failure) [PSYoungGen: 71520K->1456K(72192K)] 410863K->340799K(802304K), 0.0017028 secs] [Times: user=0.01 sys=0.00, real=0.00 secs] 
1498.630: [GC (Allocation Failure) [PSYoungGen: 71592K->1424K(72192K)] 410936K->340767K(802304K), 0.0015622 secs] [Times: user=0.01 sys=0.00, real=0.00 secs] 
1498.772: [GC (Allocation Failure) [PSYoungGen: 71568K->1520K(72192K)] 410911K->340863K(802304K), 0.0018902 secs] [Times: user=0.01 sys=0.00, real=0.00 secs] 
1498.931: [GC (Allocation Failure) [PSYoungGen: 71664K->1517K(72192K)] 411007K->340868K(802304K), 0.0015027 secs] [Times: user=0.01 sys=0.00, real=0.00 secs] 
1499.541: [GC (Allocation Failure) [PSYoungGen: 71661K->1376K(72192K)] 411012K->340727K(802304K), 0.0028098 secs] [Times: user=0.01 sys=0.00, real=0.01 secs] 
1500.299: [GC (Allocation Failure) [PSYoungGen: 71520K->1376K(72192K)] 410871K->340727K(802304K), 0.0031929 secs] [Times: user=0.01 sys=0.00, real=0.00 secs] 
1501.041: [GC (Allocation Failure) [PSYoungGen: 71520K->1344K(72192K)] 410871K->340695K(802304K), 0.0031281 secs] [Times: user=0.02 sys=0.00, real=0.01 secs] 
1501.804: [GC (Allocation Failure) [PSYoungGen: 71488K->1376K(72192K)] 410839K->340727K(802304K), 0.0039575 secs] [Times: user=0.01 sys=0.00, real=0.00 secs] 
1502.118: [GC (Allocation Failure) [PSYoungGen: 71520K->1456K(72192K)] 410871K->340807K(802304K), 0.0017547 secs] [Times: user=0.01 sys=0.00, real=0.00 secs] 
1502.246: [GC (Allocation Failure) [PSYoungGen: 71600K->1488K(72192K)] 410951K->340839K(802304K), 0.0015660 secs] [Times: user=0.01 sys=0.00, real=0.00 secs] 
1502.371: [GC (Allocation Failure) [PSYoungGen: 71632K->1453K(72192K)] 410983K->340804K(802304K), 0.0017778 secs] [Times: user=0.01 sys=0.00, real=0.00 secs] 
1502.630: [GC (Allocation Failure) [PSYoungGen: 71597K->1440K(72192K)] 410948K->340799K(802304K), 0.0018226 secs] [Times: user=0.01 sys=0.00, real=0.00 secs] 
1503.386: [GC (Allocation Failure) [PSYoungGen: 71584K->1344K(72192K)] 410943K->340703K(802304K), 0.0018888 secs] [Times: user=0.00 sys=0.00, real=0.00 secs] 
1503.677: [GC (Allocation Failure) [PSYoungGen: 71488K->1392K(72192K)] 410847K->340751K(802304K), 0.0022154 secs] [Times: user=0.01 sys=0.00, real=0.00 secs] 
1504.351: [GC (Allocation Failure) [PSYoungGen: 71536K->1344K(72192K)] 410895K->340703K(802304K), 0.0028787 secs] [Times: user=0.01 sys=0.00, real=0.01 secs] 
1505.056: [GC (Allocation Failure) [PSYoungGen: 71488K->1421K(72192K)] 410847K->340780K(802304K), 0.0026870 secs] [Times: user=0.01 sys=0.00, real=0.00 secs] 
1505.238: [GC (Allocation Failure) [PSYoungGen: 71565K->1520K(72192K)] 410924K->340879K(802304K), 0.0015176 secs] [Times: user=0.01 sys=0.00, real=0.00 secs] 
1505.362: [GC (Allocation Failure) [PSYoungGen: 71664K->1549K(72192K)] 411023K->340908K(802304K), 0.0016567 secs] [Times: user=0.01 sys=0.00, real=0.01 secs] 
1505.486: [GC (Allocation Failure) [PSYoungGen: 71693K->1440K(72192K)] 411052K->340799K(802304K), 0.0015262 secs] [Times: user=0.00 sys=0.00, real=0.00 secs] 
1506.684: [GC (Allocation Failure) [PSYoungGen: 71584K->1440K(72192K)] 410943K->340799K(802304K), 0.0056098 secs] [Times: user=0.02 sys=0.00, real=0.00 secs] 
1507.014: [GC (Allocation Failure) [PSYoungGen: 71584K->1376K(72192K)] 410943K->340735K(802304K), 0.0021104 secs] [Times: user=0.00 sys=0.00, real=0.00 secs] 
1507.402: [GC (Allocation Failure) [PSYoungGen: 71520K->1408K(72192K)] 410879K->340767K(802304K), 0.0019784 secs] [Times: user=0.01 sys=0.00, real=0.01 secs] 
1507.902: [GC (Allocation Failure) [PSYoungGen: 71552K->1408K(72192K)] 410911K->340767K(802304K), 0.0033570 secs] [Times: user=0.02 sys=0.00, real=0.01 secs] 
1508.331: [GC (Allocation Failure) [PSYoungGen: 71552K->1456K(72192K)] 410911K->340815K(802304K), 0.0023243 secs] [Times: user=0.01 sys=0.00, real=0.00 secs] 
1508.480: [GC (Allocation Failure) [PSYoungGen: 71579K->1520K(72192K)] 410938K->340879K(802304K), 0.0016825 secs] [Times: user=0.01 sys=0.00, real=0.00 secs] 
1508.605: [GC (Allocation Failure) [PSYoungGen: 71664K->1485K(72192K)] 411023K->340844K(802304K), 0.0015266 secs] [Times: user=0.01 sys=0.00, real=0.00 secs] 
1508.728: [GC (Allocation Failure) [PSYoungGen: 71629K->1501K(72192K)] 410988K->340876K(802304K), 0.0023338 secs] [Times: user=0.01 sys=0.00, real=0.00 secs] 
1509.701: [GC (Allocation Failure) [PSYoungGen: 71645K->1440K(71680K)] 411020K->340815K(801792K), 0.0021926 secs] [Times: user=0.01 sys=0.00, real=0.00 secs] 
1510.530: [GC (Allocation Failure) [PSYoungGen: 71584K->1376K(71680K)] 410959K->340751K(801792K), 0.0027797 secs] [Times: user=0.01 sys=0.00, real=0.00 secs] 
1511.497: [GC (Allocation Failure) [PSYoungGen: 71520K->1344K(71680K)] 410895K->340719K(801792K), 0.0046010 secs] [Times: user=0.02 sys=0.00, real=0.00 secs] 
1512.385: [GC (Allocation Failure) [PSYoungGen: 71488K->1424K(71680K)] 410863K->340799K(801792K), 0.0045210 secs] [Times: user=0.01 sys=0.00, real=0.00 secs] 
1512.915: [GC (Allocation Failure) [PSYoungGen: 71568K->1517K(71680K)] 410943K->340916K(801792K), 0.0021327 secs] [Times: user=0.01 sys=0.00, real=0.00 secs] 
1513.092: [GC (Allocation Failure) [PSYoungGen: 71661K->1517K(71680K)] 411060K->340916K(801792K), 0.0019808 secs] [Times: user=0.01 sys=0.00, real=0.01 secs] 
1513.273: [GC (Allocation Failure) [PSYoungGen: 71661K->1488K(71680K)] 411060K->340887K(801792K), 0.0022125 secs] [Times: user=0.01 sys=0.00, real=0.01 secs] 
1513.476: [GC (Allocation Failure) [PSYoungGen: 71632K->2000K(72192K)] 411031K->341399K(802304K), 0.0020235 secs] [Times: user=0.01 sys=0.00, real=0.00 secs] 
1513.784: [GC (Allocation Failure) [PSYoungGen: 72144K->368K(70656K)] 411543K->340791K(800768K), 0.0021561 secs] [Times: user=0.00 sys=0.00, real=0.01 secs] 
1514.577: [GC (Allocation Failure) [PSYoungGen: 70512K->352K(70656K)] 410935K->340775K(800768K), 0.0026674 secs] [Times: user=0.01 sys=0.00, real=0.00 secs] 
1515.404: [GC (Allocation Failure) [PSYoungGen: 70496K->320K(72704K)] 410919K->340743K(802816K), 0.0026830 secs] [Times: user=0.01 sys=0.00, real=0.00 secs] 
1516.225: [GC (Allocation Failure) [PSYoungGen: 70464K->1405K(72704K)] 410887K->341828K(802816K), 0.0038785 secs] [Times: user=0.02 sys=0.00, real=0.00 secs] 
1516.445: [GC (Allocation Failure) [PSYoungGen: 71549K->1456K(72704K)] 411972K->341879K(802816K), 0.0019849 secs] [Times: user=0.01 sys=0.00, real=0.00 secs] 
1516.571: [GC (Allocation Failure) [PSYoungGen: 71600K->1501K(72704K)] 412023K->341924K(802816K), 0.0015240 secs] [Times: user=0.01 sys=0.00, real=0.00 secs] 
1516.695: [GC (Allocation Failure) [PSYoungGen: 71645K->1472K(72704K)] 412068K->341895K(802816K), 0.0015207 secs] [Times: user=0.01 sys=0.00, real=0.00 secs] 
1517.678: [GC (Allocation Failure) [PSYoungGen: 71616K->1440K(72704K)] 412039K->341871K(802816K), 0.0036957 secs] [Times: user=0.01 sys=0.00, real=0.00 secs] 
1518.271: [GC (Allocation Failure) [PSYoungGen: 71584K->1408K(72704K)] 412015K->341839K(802816K), 0.0031062 secs] [Times: user=0.01 sys=0.00, real=0.01 secs] 
1519.117: [GC (Allocation Failure) [PSYoungGen: 71552K->1376K(71680K)] 411983K->341807K(801792K), 0.0044388 secs] [Times: user=0.02 sys=0.01, real=0.00 secs] 
1519.839: [GC (Allocation Failure) [PSYoungGen: 71520K->1408K(72192K)] 411951K->341839K(802304K), 0.0027459 secs] [Times: user=0.01 sys=0.00, real=0.00 secs] 
1520.309: [GC (Allocation Failure) [PSYoungGen: 71552K->1456K(72192K)] 411983K->341903K(802304K), 0.0023453 secs] [Times: user=0.01 sys=0.00, real=0.00 secs] 
1520.515: [GC (Allocation Failure) [PSYoungGen: 71600K->1488K(72192K)] 412047K->341935K(802304K), 0.0023545 secs] [Times: user=0.01 sys=0.00, real=0.00 secs] 
1520.670: [GC (Allocation Failure) [PSYoungGen: 71632K->1456K(72192K)] 412079K->341903K(802304K), 0.0017454 secs] [Times: user=0.00 sys=0.00, real=0.00 secs] 
1520.794: [GC (Allocation Failure) [PSYoungGen: 71600K->1453K(72192K)] 412047K->341916K(802304K), 0.0015591 secs] [Times: user=0.01 sys=0.00, real=0.01 secs] 
1521.662: [GC (Allocation Failure) [PSYoungGen: 71597K->1472K(72192K)] 412060K->341935K(802304K), 0.0044993 secs] [Times: user=0.02 sys=0.00, real=0.01 secs] 
1522.750: [GC (Allocation Failure) [PSYoungGen: 71616K->1408K(72192K)] 412079K->341871K(802304K), 0.0045046 secs] [Times: user=0.01 sys=0.00, real=0.01 secs] 
1523.680: [GC (Allocation Failure) [PSYoungGen: 71552K->1376K(72192K)] 412015K->341839K(802304K), 0.0039810 secs] [Times: user=0.02 sys=0.00, real=0.01 secs] 
1524.166: [GC (Allocation Failure) [PSYoungGen: 71520K->1376K(72192K)] 411983K->341839K(802304K), 0.0027457 secs] [Times: user=0.01 sys=0.00, real=0.00 secs] 
1524.467: [GC (Allocation Failure) [PSYoungGen: 71520K->1488K(72192K)] 411983K->341951K(802304K), 0.0017494 secs] [Times: user=0.01 sys=0.00, real=0.00 secs] 
1524.593: [GC (Allocation Failure) [PSYoungGen: 71632K->1552K(72192K)] 412095K->342015K(802304K), 0.0015308 secs] [Times: user=0.00 sys=0.00, real=0.01 secs] 
1524.717: [GC (Allocation Failure) [PSYoungGen: 71696K->1453K(72192K)] 412159K->341916K(802304K), 0.0015829 secs] [Times: user=0.00 sys=0.00, real=0.00 secs] 
1524.840: [GC (Allocation Failure) [PSYoungGen: 71597K->1504K(72192K)] 412060K->341983K(802304K), 0.0015426 secs] [Times: user=0.00 sys=0.00, real=0.00 secs] 
1525.376: [GC (Allocation Failure) [PSYoungGen: 71648K->1408K(72192K)] 412127K->341887K(802304K), 0.0020105 secs] [Times: user=0.01 sys=0.00, real=0.00 secs] 
1525.680: [GC (Allocation Failure) [PSYoungGen: 71552K->1408K(72192K)] 412031K->341887K(802304K), 0.0019436 secs] [Times: user=0.01 sys=0.00, real=0.00 secs] 
1526.256: [GC (Allocation Failure) [PSYoungGen: 71552K->1408K(72192K)] 412031K->341887K(802304K), 0.0033596 secs] [Times: user=0.01 sys=0.00, real=0.00 secs] 
1526.876: [GC (Allocation Failure) [PSYoungGen: 71552K->1376K(72192K)] 412031K->341855K(802304K), 0.0027483 secs] [Times: user=0.01 sys=0.00, real=0.00 secs] 
1527.167: [GC (Allocation Failure) [PSYoungGen: 71520K->1520K(72192K)] 411999K->341999K(802304K), 0.0015253 secs] [Times: user=0.01 sys=0.00, real=0.00 secs] 
1527.291: [GC (Allocation Failure) [PSYoungGen: 71664K->1504K(72192K)] 412143K->341983K(802304K), 0.0016229 secs] [Times: user=0.00 sys=0.00, real=0.00 secs] 
1527.416: [GC (Allocation Failure) [PSYoungGen: 71648K->1456K(72192K)] 412127K->341935K(802304K), 0.0015042 secs] [Times: user=0.01 sys=0.00, real=0.00 secs] 
1527.907: [GC (Allocation Failure) [PSYoungGen: 71600K->1440K(72192K)] 412079K->341919K(802304K), 0.0027087 secs] [Times: user=0.01 sys=0.00, real=0.00 secs] 
1528.519: [GC (Allocation Failure) [PSYoungGen: 71584K->1408K(72192K)] 412063K->341903K(802304K), 0.0027386 secs] [Times: user=0.01 sys=0.00, real=0.00 secs] 
1529.194: [GC (Allocation Failure) [PSYoungGen: 71552K->1376K(72192K)] 412047K->341871K(802304K), 0.0023117 secs] [Times: user=0.01 sys=0.00, real=0.01 secs] 
1529.969: [GC (Allocation Failure) [PSYoungGen: 71520K->1376K(72192K)] 412015K->341871K(802304K), 0.0031705 secs] [Times: user=0.01 sys=0.00, real=0.00 secs] 
1530.515: [GC (Allocation Failure) [PSYoungGen: 71520K->1456K(72192K)] 412015K->341951K(802304K), 0.0025123 secs] [Times: user=0.01 sys=0.00, real=0.00 secs] 
1530.687: [GC (Allocation Failure) [PSYoungGen: 71600K->1456K(72192K)] 412095K->341951K(802304K), 0.0017407 secs] [Times: user=0.00 sys=0.00, real=0.00 secs] 
1530.811: [GC (Allocation Failure) [PSYoungGen: 71600K->1485K(72192K)] 412095K->341980K(802304K), 0.0014631 secs] [Times: user=0.01 sys=0.00, real=0.00 secs] 
1530.953: [GC (Allocation Failure) [PSYoungGen: 71629K->1456K(72192K)] 412124K->341951K(802304K), 0.0019101 secs] [Times: user=0.01 sys=0.00, real=0.01 secs] 
1531.539: [GC (Allocation Failure) [PSYoungGen: 71600K->1408K(72192K)] 412095K->341903K(802304K), 0.0023078 secs] [Times: user=0.01 sys=0.00, real=0.00 secs] 
1531.932: [GC (Allocation Failure) [PSYoungGen: 71552K->1376K(72192K)] 412047K->341871K(802304K), 0.0018754 secs] [Times: user=0.01 sys=0.00, real=0.01 secs] 
1532.400: [GC (Allocation Failure) [PSYoungGen: 71520K->1408K(72192K)] 412015K->341903K(802304K), 0.0019237 secs] [Times: user=0.01 sys=0.00, real=0.00 secs] 
1532.997: [GC (Allocation Failure) [PSYoungGen: 71552K->1408K(72192K)] 412047K->341903K(802304K), 0.0022197 secs] [Times: user=0.01 sys=0.00, real=0.00 secs] 
1533.392: [GC (Allocation Failure) [PSYoungGen: 71552K->1488K(72192K)] 412047K->341983K(802304K), 0.0020442 secs] [Times: user=0.01 sys=0.00, real=0.01 secs] 
1533.561: [GC (Allocation Failure) [PSYoungGen: 71632K->1488K(72192K)] 412127K->341983K(802304K), 0.0020874 secs] [Times: user=0.01 sys=0.00, real=0.00 secs] 
1533.707: [GC (Allocation Failure) [PSYoungGen: 71632K->1456K(72192K)] 412127K->341951K(802304K), 0.0015703 secs] [Times: user=0.01 sys=0.00, real=0.00 secs] 
1533.830: [GC (Allocation Failure) [PSYoungGen: 71600K->1456K(72192K)] 412095K->341967K(802304K), 0.0015432 secs] [Times: user=0.01 sys=0.00, real=0.00 secs] 
1535.695: [GC (Allocation Failure) [PSYoungGen: 71600K->1408K(72192K)] 412111K->341919K(802304K), 0.0040413 secs] [Times: user=0.02 sys=0.00, real=0.00 secs] 
1536.465: [GC (Allocation Failure) [PSYoungGen: 71552K->1376K(72192K)] 412063K->341887K(802304K), 0.0027070 secs] [Times: user=0.01 sys=0.00, real=0.00 secs] 
1537.071: [GC (Allocation Failure) [PSYoungGen: 71520K->1376K(72192K)] 412031K->341887K(802304K), 0.0027617 secs] [Times: user=0.01 sys=0.00, real=0.01 secs] 
1537.482: [GC (Allocation Failure) [PSYoungGen: 71520K->1408K(72192K)] 412031K->341919K(802304K), 0.0021217 secs] [Times: user=0.00 sys=0.00, real=0.01 secs] 
1537.689: [GC (Allocation Failure) [PSYoungGen: 71552K->1456K(72192K)] 412063K->341967K(802304K), 0.0015122 secs] [Times: user=0.01 sys=0.00, real=0.00 secs] 
1537.812: [GC (Allocation Failure) [PSYoungGen: 71600K->1549K(72192K)] 412111K->342060K(802304K), 0.0015336 secs] [Times: user=0.01 sys=0.00, real=0.00 secs] 
1537.936: [GC (Allocation Failure) [PSYoungGen: 71693K->1456K(72192K)] 412204K->341967K(802304K), 0.0014903 secs] [Times: user=0.01 sys=0.00, real=0.00 secs] 
1538.131: [GC (Allocation Failure) [PSYoungGen: 71600K->1472K(72192K)] 412111K->341983K(802304K), 0.0018174 secs] [Times: user=0.00 sys=0.01, real=0.00 secs] 
1538.482: [GC (Allocation Failure) [PSYoungGen: 71616K->1344K(72192K)] 412127K->341855K(802304K), 0.0022833 secs] [Times: user=0.01 sys=0.00, real=0.01 secs] 
1538.774: [GC (Allocation Failure) [PSYoungGen: 71488K->1376K(72192K)] 411999K->341887K(802304K), 0.0015887 secs] [Times: user=0.01 sys=0.00, real=0.00 secs] 
1539.102: [GC (Allocation Failure) [PSYoungGen: 71520K->1392K(72192K)] 412031K->341927K(802304K), 0.0022118 secs] [Times: user=0.01 sys=0.01, real=0.01 secs] 
1539.456: [GC (Allocation Failure) [PSYoungGen: 71536K->1488K(72192K)] 412071K->342023K(802304K), 0.0021647 secs] [Times: user=0.01 sys=0.00, real=0.00 secs] 
1539.603: [GC (Allocation Failure) [PSYoungGen: 71632K->1437K(72192K)] 412167K->341972K(802304K), 0.0017020 secs] [Times: user=0.00 sys=0.00, real=0.01 secs] 
1539.726: [GC (Allocation Failure) [PSYoungGen: 71581K->1517K(72192K)] 412116K->342052K(802304K), 0.0016268 secs] [Times: user=0.00 sys=0.00, real=0.00 secs] 
1539.850: [GC (Allocation Failure) [PSYoungGen: 71661K->1581K(72192K)] 412196K->342116K(802304K), 0.0015684 secs] [Times: user=0.01 sys=0.00, real=0.00 secs] 
1540.111: [GC (Allocation Failure) [PSYoungGen: 71725K->1472K(72192K)] 412260K->342015K(802304K), 0.0018761 secs] [Times: user=0.01 sys=0.00, real=0.00 secs] 
1540.859: [GC (Allocation Failure) [PSYoungGen: 71616K->1408K(72192K)] 412159K->341951K(802304K), 0.0022479 secs] [Times: user=0.01 sys=0.00, real=0.00 secs] 
1541.564: [GC (Allocation Failure) [PSYoungGen: 71552K->1376K(72192K)] 412095K->341919K(802304K), 0.0027191 secs] [Times: user=0.01 sys=0.00, real=0.00 secs] 
1542.486: [GC (Allocation Failure) [PSYoungGen: 71520K->1440K(72192K)] 412063K->341983K(802304K), 0.0029547 secs] [Times: user=0.01 sys=0.00, real=0.00 secs] 
1543.241: [GC (Allocation Failure) [PSYoungGen: 71584K->1469K(72192K)] 412127K->342012K(802304K), 0.0025582 secs] [Times: user=0.01 sys=0.00, real=0.00 secs] 
1543.411: [GC (Allocation Failure) [PSYoungGen: 71613K->1456K(72192K)] 412156K->341999K(802304K), 0.0015213 secs] [Times: user=0.01 sys=0.00, real=0.00 secs] 
1543.534: [GC (Allocation Failure) [PSYoungGen: 71600K->1488K(72192K)] 412143K->342031K(802304K), 0.0016393 secs] [Times: user=0.01 sys=0.00, real=0.00 secs] 
1543.678: [GC (Allocation Failure) [PSYoungGen: 71632K->1533K(72192K)] 412175K->342084K(802304K), 0.0028136 secs] [Times: user=0.01 sys=0.00, real=0.00 secs] 
1544.705: [GC (Allocation Failure) [PSYoungGen: 71677K->1472K(72192K)] 412228K->342023K(802304K), 0.0026903 secs] [Times: user=0.01 sys=0.00, real=0.00 secs] 
1545.855: [GC (Allocation Failure) [PSYoungGen: 71616K->1376K(72192K)] 412167K->341927K(802304K), 0.0039097 secs] [Times: user=0.02 sys=0.00, real=0.00 secs] 
1546.614: [GC (Allocation Failure) [PSYoungGen: 71520K->1408K(72192K)] 412071K->341959K(802304K), 0.0031553 secs] [Times: user=0.02 sys=0.00, real=0.00 secs] 
1547.495: [GC (Allocation Failure) [PSYoungGen: 71552K->1376K(72192K)] 412103K->341927K(802304K), 0.0033536 secs] [Times: user=0.01 sys=0.00, real=0.00 secs] 
1547.841: [GC (Allocation Failure) [PSYoungGen: 71507K->1552K(72192K)] 412058K->342103K(802304K), 0.0021019 secs] [Times: user=0.01 sys=0.00, real=0.00 secs] 
1547.981: [GC (Allocation Failure) [PSYoungGen: 71696K->1488K(72192K)] 412247K->342039K(802304K), 0.0014644 secs] [Times: user=0.00 sys=0.00, real=0.00 secs] 
1548.104: [GC (Allocation Failure) [PSYoungGen: 71632K->1517K(72192K)] 412183K->342068K(802304K), 0.0015447 secs] [Times: user=0.01 sys=0.00, real=0.00 secs] 
1548.246: [GC (Allocation Failure) [PSYoungGen: 71661K->1424K(72192K)] 412212K->341975K(802304K), 0.0017068 secs] [Times: user=0.00 sys=0.01, real=0.00 secs] 
1549.448: [GC (Allocation Failure) [PSYoungGen: 71568K->1408K(72192K)] 412119K->341959K(802304K), 0.0037105 secs] [Times: user=0.01 sys=0.00, real=0.00 secs] 
1550.029: [GC (Allocation Failure) [PSYoungGen: 71552K->1440K(72192K)] 412103K->341991K(802304K), 0.0027900 secs] [Times: user=0.01 sys=0.00, real=0.00 secs] 
1550.597: [GC (Allocation Failure) [PSYoungGen: 71584K->1376K(72192K)] 412135K->341959K(802304K), 0.0029339 secs] [Times: user=0.01 sys=0.00, real=0.00 secs] 
1550.983: [GC (Allocation Failure) [PSYoungGen: 71520K->1456K(72192K)] 412103K->342039K(802304K), 0.0021985 secs] [Times: user=0.01 sys=0.00, real=0.01 secs] 
1551.136: [GC (Allocation Failure) [PSYoungGen: 71600K->1517K(72192K)] 412183K->342100K(802304K), 0.0014951 secs] [Times: user=0.00 sys=0.00, real=0.00 secs] 
1551.259: [GC (Allocation Failure) [PSYoungGen: 71661K->1485K(72192K)] 412244K->342068K(802304K), 0.0016316 secs] [Times: user=0.01 sys=0.00, real=0.00 secs] 
1551.382: [GC (Allocation Failure) [PSYoungGen: 71629K->1456K(72192K)] 412212K->342039K(802304K), 0.0014734 secs] [Times: user=0.01 sys=0.00, real=0.01 secs] 
1551.623: [GC (Allocation Failure) [PSYoungGen: 71600K->1424K(72192K)] 412183K->342007K(802304K), 0.0018589 secs] [Times: user=0.00 sys=0.00, real=0.01 secs] 
1551.925: [GC (Allocation Failure) [PSYoungGen: 71568K->1376K(72192K)] 412151K->341959K(802304K), 0.0018789 secs] [Times: user=0.01 sys=0.01, real=0.00 secs] 
1552.253: [GC (Allocation Failure) [PSYoungGen: 71520K->1376K(72192K)] 412103K->341959K(802304K), 0.0025414 secs] [Times: user=0.01 sys=0.00, real=0.01 secs] 
1552.560: [GC (Allocation Failure) [PSYoungGen: 71520K->1360K(72192K)] 412103K->341943K(802304K), 0.0028521 secs] [Times: user=0.01 sys=0.00, real=0.00 secs] 
1552.839: [GC (Allocation Failure) [PSYoungGen: 71504K->1424K(72192K)] 412087K->342007K(802304K), 0.0022646 secs] [Times: user=0.01 sys=0.00, real=0.00 secs] 
1553.037: [GC (Allocation Failure) [PSYoungGen: 71542K->1488K(72192K)] 412126K->342071K(802304K), 0.0019780 secs] [Times: user=0.01 sys=0.00, real=0.00 secs] 
1553.171: [GC (Allocation Failure) [PSYoungGen: 71632K->1533K(72192K)] 412215K->342116K(802304K), 0.0015061 secs] [Times: user=0.01 sys=0.00, real=0.00 secs] 
1553.295: [GC (Allocation Failure) [PSYoungGen: 71677K->1501K(72192K)] 412260K->342100K(802304K), 0.0016592 secs] [Times: user=0.01 sys=0.00, real=0.00 secs] 
1553.626: [GC (Allocation Failure) [PSYoungGen: 71645K->1392K(78336K)] 412244K->341991K(808448K), 0.0031684 secs] [Times: user=0.01 sys=0.00, real=0.00 secs] 
1553.941: [GC (Allocation Failure) [PSYoungGen: 77680K->1376K(77312K)] 418279K->341975K(807424K), 0.0020466 secs] [Times: user=0.01 sys=0.00, real=0.00 secs] 
1554.305: [GC (Allocation Failure) [PSYoungGen: 77152K->1344K(76800K)] 417751K->341943K(806912K), 0.0020414 secs] [Times: user=0.01 sys=0.00, real=0.00 secs] 
1554.663: [GC (Allocation Failure) [PSYoungGen: 76608K->1408K(76288K)] 417207K->342007K(806400K), 0.0019192 secs] [Times: user=0.01 sys=0.00, real=0.01 secs] 
1554.884: [GC (Allocation Failure) [PSYoungGen: 76160K->1485K(75776K)] 416759K->342084K(805888K), 0.0017557 secs] [Times: user=0.01 sys=0.00, real=0.00 secs] 
1555.016: [GC (Allocation Failure) [PSYoungGen: 75725K->1520K(75264K)] 416324K->342119K(805376K), 0.0015865 secs] [Times: user=0.01 sys=0.00, real=0.00 secs] 
1555.147: [GC (Allocation Failure) [PSYoungGen: 75248K->1549K(75264K)] 415847K->342148K(805376K), 0.0015288 secs] [Times: user=0.01 sys=0.00, real=0.00 secs] 
1555.860: [GC (Allocation Failure) [PSYoungGen: 74765K->1440K(74240K)] 415364K->342047K(804352K), 0.0021654 secs] [Times: user=0.00 sys=0.00, real=0.00 secs] 
1556.650: [GC (Allocation Failure) [PSYoungGen: 74144K->1408K(73728K)] 414751K->342015K(803840K), 0.0039833 secs] [Times: user=0.02 sys=0.00, real=0.01 secs] 
1557.347: [GC (Allocation Failure) [PSYoungGen: 73600K->1376K(73216K)] 414207K->341983K(803328K), 0.0033929 secs] [Times: user=0.01 sys=0.00, real=0.00 secs] 
1557.951: [GC (Allocation Failure) [PSYoungGen: 73056K->1376K(72704K)] 413663K->342007K(802816K), 0.0022266 secs] [Times: user=0.01 sys=0.00, real=0.00 secs] 
1558.623: [GC (Allocation Failure) [PSYoungGen: 72544K->1520K(72192K)] 413175K->342151K(802304K), 0.0024326 secs] [Times: user=0.00 sys=0.00, real=0.01 secs] 
1558.832: [GC (Allocation Failure) [PSYoungGen: 72149K->1488K(72704K)] 412781K->342119K(802816K), 0.0053442 secs] [Times: user=0.02 sys=0.00, real=0.01 secs] 
1559.035: [GC (Allocation Failure) [PSYoungGen: 72656K->1520K(73216K)] 413287K->342151K(803328K), 0.0021587 secs] [Times: user=0.00 sys=0.00, real=0.00 secs] 
1559.187: [GC (Allocation Failure) [PSYoungGen: 72688K->1485K(79360K)] 413319K->342116K(809472K), 0.0016019 secs] [Times: user=0.01 sys=0.01, real=0.00 secs] 
1560.047: [GC (Allocation Failure) [PSYoungGen: 78797K->1408K(78336K)] 419428K->342039K(808448K), 0.0040190 secs] [Times: user=0.02 sys=0.00, real=0.00 secs] 
1560.589: [GC (Allocation Failure) [PSYoungGen: 78208K->1376K(77824K)] 418839K->342007K(807936K), 0.0021275 secs] [Times: user=0.00 sys=0.00, real=0.00 secs] 
1560.953: [GC (Allocation Failure) [PSYoungGen: 77664K->1376K(77312K)] 418295K->342007K(807424K), 0.0020696 secs] [Times: user=0.00 sys=0.00, real=0.01 secs] 
1561.478: [GC (Allocation Failure) [PSYoungGen: 77152K->1453K(76800K)] 417783K->342084K(806912K), 0.0020063 secs] [Times: user=0.00 sys=0.00, real=0.00 secs] 
1561.621: [GC (Allocation Failure) [PSYoungGen: 76717K->1456K(76288K)] 417348K->342087K(806400K), 0.0016072 secs] [Times: user=0.00 sys=0.00, real=0.00 secs] 
1561.753: [GC (Allocation Failure) [PSYoungGen: 76208K->1485K(75776K)] 416839K->342116K(805888K), 0.0016786 secs] [Times: user=0.01 sys=0.00, real=0.01 secs] 
1561.885: [GC (Allocation Failure) [PSYoungGen: 75725K->1488K(75264K)] 416356K->342119K(805376K), 0.0016397 secs] [Times: user=0.00 sys=0.00, real=0.00 secs] 
1562.397: [GC (Allocation Failure) [PSYoungGen: 75216K->1440K(74752K)] 415847K->342079K(804864K), 0.0019693 secs] [Times: user=0.00 sys=0.00, real=0.00 secs] 
1563.058: [GC (Allocation Failure) [PSYoungGen: 74656K->1376K(74240K)] 415295K->342015K(804352K), 0.0020757 secs] [Times: user=0.01 sys=0.00, real=0.00 secs] 
1563.659: [GC (Allocation Failure) [PSYoungGen: 74080K->1376K(73728K)] 414719K->342015K(803840K), 0.0016745 secs] [Times: user=0.01 sys=0.00, real=0.00 secs] 
1564.252: [GC (Allocation Failure) [PSYoungGen: 73568K->1392K(73216K)] 414207K->342031K(803328K), 0.0016812 secs] [Times: user=0.01 sys=0.00, real=0.01 secs] 
1564.506: [GC (Allocation Failure) [PSYoungGen: 73072K->1517K(72704K)] 413711K->342156K(802816K), 0.0018086 secs] [Times: user=0.01 sys=0.00, real=0.00 secs] 
1564.633: [GC (Allocation Failure) [PSYoungGen: 72685K->1485K(72192K)] 413324K->342124K(802304K), 0.0018622 secs] [Times: user=0.00 sys=0.00, real=0.01 secs] 
1564.780: [GC (Allocation Failure) [PSYoungGen: 72141K->1488K(71680K)] 412780K->342127K(801792K), 0.0020425 secs] [Times: user=0.01 sys=0.00, real=0.00 secs] 
1565.002: [GC (Allocation Failure) [PSYoungGen: 71632K->1440K(72192K)] 412271K->342079K(802304K), 0.0021004 secs] [Times: user=0.01 sys=0.00, real=0.01 secs] 
1565.293: [GC (Allocation Failure) [PSYoungGen: 71584K->1376K(72192K)] 412223K->342015K(802304K), 0.0020066 secs] [Times: user=0.01 sys=0.00, real=0.01 secs] 
1565.584: [GC (Allocation Failure) [PSYoungGen: 71520K->1376K(72192K)] 412159K->342015K(802304K), 0.0019866 secs] [Times: user=0.00 sys=0.00, real=0.00 secs] 
1565.876: [GC (Allocation Failure) [PSYoungGen: 71520K->1376K(72192K)] 412159K->342015K(802304K), 0.0019023 secs] [Times: user=0.01 sys=0.00, real=0.00 secs] 
1566.194: [GC (Allocation Failure) [PSYoungGen: 71520K->1488K(72192K)] 412159K->342127K(802304K), 0.0022958 secs] [Times: user=0.01 sys=0.00, real=0.00 secs] 
1566.400: [GC (Allocation Failure) [PSYoungGen: 71632K->1456K(72192K)] 412271K->342095K(802304K), 0.0023328 secs] [Times: user=0.00 sys=0.00, real=0.00 secs] 
1566.553: [GC (Allocation Failure) [PSYoungGen: 71574K->1469K(72192K)] 412213K->342108K(802304K), 0.0015657 secs] [Times: user=0.01 sys=0.00, real=0.01 secs] 
1566.695: [GC (Allocation Failure) [PSYoungGen: 71613K->1488K(72192K)] 412252K->342127K(802304K), 0.0019511 secs] [Times: user=0.01 sys=0.00, real=0.00 secs] 
1567.498: [GC (Allocation Failure) [PSYoungGen: 71632K->1456K(72192K)] 412271K->342111K(802304K), 0.0037661 secs] [Times: user=0.02 sys=0.00, real=0.00 secs] 
1568.320: [GC (Allocation Failure) [PSYoungGen: 71600K->1344K(72192K)] 412255K->342023K(802304K), 0.0031338 secs] [Times: user=0.01 sys=0.00, real=0.00 secs] 
1569.011: [GC (Allocation Failure) [PSYoungGen: 71488K->1360K(72192K)] 412167K->342039K(802304K), 0.0022093 secs] [Times: user=0.01 sys=0.00, real=0.01 secs] 
1569.713: [GC (Allocation Failure) [PSYoungGen: 71504K->1376K(72192K)] 412183K->342063K(802304K), 0.0023713 secs] [Times: user=0.01 sys=0.00, real=0.01 secs] 
1570.164: [GC (Allocation Failure) [PSYoungGen: 71520K->1424K(72192K)] 412207K->342111K(802304K), 0.0019503 secs] [Times: user=0.01 sys=0.00, real=0.01 secs] 
1570.303: [GC (Allocation Failure) [PSYoungGen: 71555K->1488K(72192K)] 412243K->342175K(802304K), 0.0015243 secs] [Times: user=0.00 sys=0.00, real=0.01 secs] 
1570.428: [GC (Allocation Failure) [PSYoungGen: 71632K->1485K(72192K)] 412319K->342172K(802304K), 0.0015431 secs] [Times: user=0.01 sys=0.00, real=0.00 secs] 
1570.552: [GC (Allocation Failure) [PSYoungGen: 71629K->1517K(72192K)] 412316K->342212K(802304K), 0.0015050 secs] [Times: user=0.00 sys=0.00, real=0.00 secs] 
1571.070: [GC (Allocation Failure) [PSYoungGen: 71661K->1440K(72192K)] 412356K->342135K(802304K), 0.0019902 secs] [Times: user=0.01 sys=0.00, real=0.00 secs] 
1571.476: [GC (Allocation Failure) [PSYoungGen: 71584K->1360K(72192K)] 412279K->342055K(802304K), 0.0022144 secs] [Times: user=0.01 sys=0.00, real=0.00 secs] 
1571.894: [GC (Allocation Failure) [PSYoungGen: 71504K->1376K(72192K)] 412199K->342071K(802304K), 0.0027002 secs] [Times: user=0.01 sys=0.00, real=0.00 secs] 
1572.668: [GC (Allocation Failure) [PSYoungGen: 71520K->1376K(72192K)] 412215K->342071K(802304K), 0.0027524 secs] [Times: user=0.01 sys=0.00, real=0.00 secs] 
1572.949: [GC (Allocation Failure) [PSYoungGen: 71520K->1488K(72192K)] 412215K->342183K(802304K), 0.0021401 secs] [Times: user=0.01 sys=0.00, real=0.00 secs] 
1573.074: [GC (Allocation Failure) [PSYoungGen: 71632K->1488K(72192K)] 412327K->342183K(802304K), 0.0015186 secs] [Times: user=0.00 sys=0.00, real=0.00 secs] 
1573.198: [GC (Allocation Failure) [PSYoungGen: 71632K->1517K(72192K)] 412327K->342212K(802304K), 0.0015420 secs] [Times: user=0.00 sys=0.00, real=0.00 secs] 
1573.593: [GC (Allocation Failure) [PSYoungGen: 71661K->1984K(72192K)] 412356K->343191K(802304K), 0.0020587 secs] [Times: user=0.01 sys=0.00, real=0.01 secs] 
1574.763: [GC (Allocation Failure) [PSYoungGen: 72128K->1408K(72192K)] 413335K->342615K(802304K), 0.0044915 secs] [Times: user=0.02 sys=0.00, real=0.01 secs] 
1575.574: [GC (Allocation Failure) [PSYoungGen: 71552K->1344K(72192K)] 412759K->342559K(802304K), 0.0029071 secs] [Times: user=0.01 sys=0.00, real=0.01 secs] 
1576.270: [GC (Allocation Failure) [PSYoungGen: 71488K->1344K(72192K)] 412703K->342559K(802304K), 0.0024619 secs] [Times: user=0.01 sys=0.00, real=0.00 secs] 
1576.832: [GC (Allocation Failure) [PSYoungGen: 71488K->1424K(72192K)] 412703K->342639K(802304K), 0.0024433 secs] [Times: user=0.01 sys=0.00, real=0.01 secs] 
1577.036: [GC (Allocation Failure) [PSYoungGen: 71568K->1456K(72192K)] 412783K->342671K(802304K), 0.0023130 secs] [Times: user=0.01 sys=0.00, real=0.00 secs] 
1577.233: [GC (Allocation Failure) [PSYoungGen: 71600K->1520K(72192K)] 412815K->342735K(802304K), 0.0022325 secs] [Times: user=0.00 sys=0.00, real=0.01 secs] 
1577.389: [GC (Allocation Failure) [PSYoungGen: 71664K->1488K(72192K)] 412879K->342703K(802304K), 0.0015649 secs] [Times: user=0.01 sys=0.00, real=0.00 secs] 
1578.055: [GC (Allocation Failure) [PSYoungGen: 71632K->1440K(72192K)] 412847K->342655K(802304K), 0.0040178 secs] [Times: user=0.01 sys=0.00, real=0.00 secs] 
1579.242: [GC (Allocation Failure) [PSYoungGen: 71584K->1376K(72192K)] 412799K->342591K(802304K), 0.0041258 secs] [Times: user=0.02 sys=0.00, real=0.01 secs] 
1579.883: [GC (Allocation Failure) [PSYoungGen: 71520K->1376K(72192K)] 412735K->342591K(802304K), 0.0027274 secs] [Times: user=0.01 sys=0.00, real=0.01 secs] 
1580.760: [GC (Allocation Failure) [PSYoungGen: 71520K->1376K(72192K)] 412735K->342615K(802304K), 0.0042793 secs] [Times: user=0.02 sys=0.00, real=0.01 secs] 
1581.454: [GC (Allocation Failure) [PSYoungGen: 71520K->1456K(72192K)] 412759K->342695K(802304K), 0.0025557 secs] [Times: user=0.01 sys=0.00, real=0.00 secs] 
1581.627: [GC (Allocation Failure) [PSYoungGen: 71600K->1517K(72192K)] 412839K->342756K(802304K), 0.0015072 secs] [Times: user=0.01 sys=0.00, real=0.00 secs] 
1581.751: [GC (Allocation Failure) [PSYoungGen: 71661K->1488K(72192K)] 412900K->342727K(802304K), 0.0016665 secs] [Times: user=0.01 sys=0.00, real=0.00 secs] 
1581.874: [GC (Allocation Failure) [PSYoungGen: 71632K->1485K(72192K)] 412871K->342740K(802304K), 0.0015640 secs] [Times: user=0.01 sys=0.00, real=0.00 secs] 
1582.160: [GC (Allocation Failure) [PSYoungGen: 71629K->1440K(72192K)] 412884K->342695K(802304K), 0.0017392 secs] [Times: user=0.01 sys=0.00, real=0.00 secs] 
1582.653: [GC (Allocation Failure) [PSYoungGen: 71584K->1408K(72192K)] 412839K->342663K(802304K), 0.0021152 secs] [Times: user=0.01 sys=0.00, real=0.01 secs] 
1582.989: [GC (Allocation Failure) [PSYoungGen: 71552K->1392K(72192K)] 412807K->342647K(802304K), 0.0020923 secs] [Times: user=0.01 sys=0.00, real=0.00 secs] 
1583.525: [GC (Allocation Failure) [PSYoungGen: 71536K->1376K(72192K)] 412791K->342631K(802304K), 0.0021893 secs] [Times: user=0.01 sys=0.00, real=0.00 secs] 
1583.935: [GC (Allocation Failure) [PSYoungGen: 71520K->1488K(72192K)] 412775K->342743K(802304K), 0.0019904 secs] [Times: user=0.00 sys=0.00, real=0.00 secs] 
1584.064: [GC (Allocation Failure) [PSYoungGen: 71632K->1520K(72192K)] 412887K->342775K(802304K), 0.0015444 secs] [Times: user=0.00 sys=0.00, real=0.00 secs] 
1584.187: [GC (Allocation Failure) [PSYoungGen: 71664K->1424K(72192K)] 412919K->342679K(802304K), 0.0016344 secs] [Times: user=0.00 sys=0.00, real=0.00 secs] 
1584.311: [GC (Allocation Failure) [PSYoungGen: 71568K->1520K(72192K)] 412823K->342807K(802304K), 0.0015290 secs] [Times: user=0.01 sys=0.00, real=0.00 secs] 
1584.964: [GC (Allocation Failure) [PSYoungGen: 71664K->1408K(72192K)] 412951K->342695K(802304K), 0.0019530 secs] [Times: user=0.01 sys=0.00, real=0.00 secs] 
1585.256: [GC (Allocation Failure) [PSYoungGen: 71552K->1344K(72192K)] 412839K->342631K(802304K), 0.0019834 secs] [Times: user=0.01 sys=0.00, real=0.00 secs] 
1585.555: [GC (Allocation Failure) [PSYoungGen: 71488K->1376K(72192K)] 412775K->342663K(802304K), 0.0020316 secs] [Times: user=0.01 sys=0.00, real=0.00 secs] 
1585.939: [GC (Allocation Failure) [PSYoungGen: 71520K->1376K(72192K)] 412807K->342663K(802304K), 0.0020587 secs] [Times: user=0.01 sys=0.00, real=0.00 secs] 
1586.136: [GC (Allocation Failure) [PSYoungGen: 71520K->1485K(72192K)] 412807K->342772K(802304K), 0.0016264 secs] [Times: user=0.00 sys=0.00, real=0.00 secs] 
1586.260: [GC (Allocation Failure) [PSYoungGen: 71629K->1456K(72192K)] 412916K->342743K(802304K), 0.0015169 secs] [Times: user=0.00 sys=0.00, real=0.00 secs] 
1586.383: [GC (Allocation Failure) [PSYoungGen: 71600K->1453K(72192K)] 412887K->342740K(802304K), 0.0015365 secs] [Times: user=0.00 sys=0.00, real=0.01 secs] 
1586.832: [GC (Allocation Failure) [PSYoungGen: 71597K->1440K(72192K)] 412884K->342727K(802304K), 0.0024521 secs] [Times: user=0.01 sys=0.00, real=0.01 secs] 
1587.500: [GC (Allocation Failure) [PSYoungGen: 71584K->1376K(72192K)] 412871K->342679K(802304K), 0.0042411 secs] [Times: user=0.02 sys=0.00, real=0.01 secs] 
1588.069: [GC (Allocation Failure) [PSYoungGen: 71520K->1376K(72192K)] 412823K->342679K(802304K), 0.0024951 secs] [Times: user=0.01 sys=0.00, real=0.00 secs] 
1588.415: [GC (Allocation Failure) [PSYoungGen: 71520K->1376K(72192K)] 412823K->342679K(802304K), 0.0027546 secs] [Times: user=0.01 sys=0.00, real=0.00 secs] 
1588.719: [GC (Allocation Failure) [PSYoungGen: 71520K->1456K(72192K)] 412823K->342759K(802304K), 0.0021736 secs] [Times: user=0.00 sys=0.00, real=0.00 secs] 
1588.910: [GC (Allocation Failure) [PSYoungGen: 71600K->1520K(72192K)] 412903K->342823K(802304K), 0.0023040 secs] [Times: user=0.01 sys=0.00, real=0.00 secs] 
1589.067: [GC (Allocation Failure) [PSYoungGen: 71664K->1456K(72192K)] 412967K->342759K(802304K), 0.0015584 secs] [Times: user=0.00 sys=0.00, real=0.00 secs] 
1589.190: [GC (Allocation Failure) [PSYoungGen: 71600K->1485K(72192K)] 412903K->342788K(802304K), 0.0015335 secs] [Times: user=0.00 sys=0.00, real=0.00 secs] 
1590.186: [GC (Allocation Failure) [PSYoungGen: 71629K->1456K(72192K)] 412932K->342759K(802304K), 0.0041179 secs] [Times: user=0.02 sys=0.00, real=0.00 secs] 
1590.967: [GC (Allocation Failure) [PSYoungGen: 71600K->1408K(72192K)] 412903K->342711K(802304K), 0.0038447 secs] [Times: user=0.02 sys=0.00, real=0.00 secs] 
1592.119: [GC (Allocation Failure) [PSYoungGen: 71552K->1408K(72192K)] 412855K->342711K(802304K), 0.0032797 secs] [Times: user=0.01 sys=0.00, real=0.00 secs] 
1592.743: [GC (Allocation Failure) [PSYoungGen: 71552K->1376K(72192K)] 412855K->342679K(802304K), 0.0031608 secs] [Times: user=0.01 sys=0.01, real=0.01 secs] 
1593.150: [GC (Allocation Failure) [PSYoungGen: 71520K->1469K(72192K)] 412823K->342772K(802304K), 0.0021275 secs] [Times: user=0.01 sys=0.00, real=0.00 secs] 
1593.292: [GC (Allocation Failure) [PSYoungGen: 71613K->1456K(72192K)] 412916K->342759K(802304K), 0.0016946 secs] [Times: user=0.01 sys=0.00, real=0.01 secs] 
1593.416: [GC (Allocation Failure) [PSYoungGen: 71600K->1488K(72192K)] 412903K->342791K(802304K), 0.0016407 secs] [Times: user=0.01 sys=0.00, real=0.00 secs] 
1593.539: [GC (Allocation Failure) [PSYoungGen: 71632K->1549K(72192K)] 412935K->342868K(802304K), 0.0015494 secs] [Times: user=0.00 sys=0.01, real=0.00 secs] 
1593.830: [GC (Allocation Failure) [PSYoungGen: 71693K->1424K(72192K)] 413012K->342743K(802304K), 0.0017436 secs] [Times: user=0.01 sys=0.00, real=0.00 secs] 
1594.121: [GC (Allocation Failure) [PSYoungGen: 71568K->1376K(72192K)] 412887K->342695K(802304K), 0.0018154 secs] [Times: user=0.01 sys=0.00, real=0.00 secs] 
1594.524: [GC (Allocation Failure) [PSYoungGen: 71520K->1408K(72192K)] 412839K->342727K(802304K), 0.0021910 secs] [Times: user=0.00 sys=0.00, real=0.00 secs] 
1595.078: [GC (Allocation Failure) [PSYoungGen: 71552K->1376K(72192K)] 412871K->342695K(802304K), 0.0022356 secs] [Times: user=0.01 sys=0.00, real=0.00 secs] 
1595.338: [GC (Allocation Failure) [PSYoungGen: 71520K->1469K(72192K)] 412839K->342788K(802304K), 0.0015202 secs] [Times: user=0.01 sys=0.00, real=0.00 secs] 
1595.461: [GC (Allocation Failure) [PSYoungGen: 71613K->1488K(72192K)] 412932K->342807K(802304K), 0.0016058 secs] [Times: user=0.00 sys=0.00, real=0.00 secs] 
1595.585: [GC (Allocation Failure) [PSYoungGen: 71632K->1485K(72192K)] 412951K->342804K(802304K), 0.0014912 secs] [Times: user=0.01 sys=0.00, real=0.00 secs] 
1595.810: [GC (Allocation Failure) [PSYoungGen: 71629K->1952K(72192K)] 412948K->343279K(802304K), 0.0018237 secs] [Times: user=0.01 sys=0.00, real=0.00 secs] 
1596.295: [GC (Allocation Failure) [PSYoungGen: 72096K->1376K(72192K)] 413423K->342703K(802304K), 0.0020218 secs] [Times: user=0.01 sys=0.00, real=0.00 secs] 
1596.822: [GC (Allocation Failure) [PSYoungGen: 71520K->1360K(72192K)] 412847K->342687K(802304K), 0.0039046 secs] [Times: user=0.01 sys=0.00, real=0.01 secs] 
1597.557: [GC (Allocation Failure) [PSYoungGen: 71504K->1376K(72192K)] 412831K->342719K(802304K), 0.0026940 secs] [Times: user=0.02 sys=0.00, real=0.00 secs] 
1598.758: [GC (Allocation Failure) [PSYoungGen: 71520K->1392K(72192K)] 412863K->342735K(802304K), 0.0032901 secs] [Times: user=0.01 sys=0.00, real=0.00 secs] 
1598.972: [GC (Allocation Failure) [PSYoungGen: 71536K->1520K(72192K)] 412879K->342863K(802304K), 0.0020318 secs] [Times: user=0.01 sys=0.00, real=0.01 secs] 
1599.129: [GC (Allocation Failure) [PSYoungGen: 71664K->1488K(72192K)] 413007K->342831K(802304K), 0.0019048 secs] [Times: user=0.00 sys=0.00, real=0.00 secs] 
1599.304: [GC (Allocation Failure) [PSYoungGen: 71632K->1488K(72192K)] 412975K->342831K(802304K), 0.0021977 secs] [Times: user=0.01 sys=0.00, real=0.01 secs] 
1600.834: [GC (Allocation Failure) [PSYoungGen: 71632K->1456K(72192K)] 412975K->342799K(802304K), 0.0035788 secs] [Times: user=0.01 sys=0.00, real=0.00 secs] 
1601.379: [GC (Allocation Failure) [PSYoungGen: 71600K->1344K(72192K)] 412943K->342687K(802304K), 0.0021105 secs] [Times: user=0.00 sys=0.00, real=0.00 secs] 
1601.983: [GC (Allocation Failure) [PSYoungGen: 71488K->1376K(72192K)] 412831K->342719K(802304K), 0.0022445 secs] [Times: user=0.01 sys=0.00, real=0.01 secs] 
1602.583: [GC (Allocation Failure) [PSYoungGen: 71520K->1408K(72192K)] 412863K->342751K(802304K), 0.0021941 secs] [Times: user=0.01 sys=0.00, real=0.01 secs] 
1602.988: [GC (Allocation Failure) [PSYoungGen: 71552K->1424K(72192K)] 412895K->342767K(802304K), 0.0019701 secs] [Times: user=0.01 sys=0.00, real=0.00 secs] 
1603.118: [GC (Allocation Failure) [PSYoungGen: 71551K->1533K(72192K)] 412895K->342876K(802304K), 0.0017038 secs] [Times: user=0.01 sys=0.00, real=0.00 secs] 
1603.243: [GC (Allocation Failure) [PSYoungGen: 71677K->1424K(72192K)] 413020K->342767K(802304K), 0.0014709 secs] [Times: user=0.01 sys=0.00, real=0.01 secs] 
1603.385: [GC (Allocation Failure) [PSYoungGen: 71568K->1520K(72192K)] 412911K->342879K(802304K), 0.0019044 secs] [Times: user=0.00 sys=0.00, real=0.00 secs] 
1603.721: [GC (Allocation Failure) [PSYoungGen: 71664K->1440K(72192K)] 413023K->342799K(802304K), 0.0020372 secs] [Times: user=0.01 sys=0.00, real=0.00 secs] 
1604.296: [GC (Allocation Failure) [PSYoungGen: 71584K->1360K(72192K)] 412943K->342719K(802304K), 0.0021917 secs] [Times: user=0.01 sys=0.00, real=0.00 secs] 
1605.093: [GC (Allocation Failure) [PSYoungGen: 71504K->1408K(72192K)] 412863K->342767K(802304K), 0.0027940 secs] [Times: user=0.01 sys=0.00, real=0.01 secs] 
1605.960: [GC (Allocation Failure) [PSYoungGen: 71552K->1408K(72192K)] 412911K->342767K(802304K), 0.0042727 secs] [Times: user=0.02 sys=0.00, real=0.01 secs] 
1606.414: [GC (Allocation Failure) [PSYoungGen: 71552K->1520K(72192K)] 412911K->342879K(802304K), 0.0020194 secs] [Times: user=0.01 sys=0.00, real=0.00 secs] 
1606.555: [GC (Allocation Failure) [PSYoungGen: 71664K->1424K(72192K)] 413023K->342783K(802304K), 0.0014825 secs] [Times: user=0.00 sys=0.00, real=0.00 secs] 
1606.678: [GC (Allocation Failure) [PSYoungGen: 71568K->1517K(72192K)] 412927K->342876K(802304K), 0.0015023 secs] [Times: user=0.01 sys=0.00, real=0.00 secs] 
1606.821: [GC (Allocation Failure) [PSYoungGen: 71229K->256K(72192K)] 412589K->341615K(802304K), 0.0016949 secs] [Times: user=0.01 sys=0.00, real=0.00 secs] 
1608.263: [GC (Allocation Failure) [PSYoungGen: 70400K->1408K(72192K)] 411759K->342767K(802304K), 0.0021011 secs] [Times: user=0.01 sys=0.00, real=0.01 secs] 
1608.554: [GC (Allocation Failure) [PSYoungGen: 71552K->1408K(72192K)] 412911K->342767K(802304K), 0.0019081 secs] [Times: user=0.01 sys=0.00, real=0.00 secs] 
1609.113: [GC (Allocation Failure) [PSYoungGen: 71552K->1376K(72192K)] 412911K->342751K(802304K), 0.0019444 secs] [Times: user=0.00 sys=0.00, real=0.01 secs] 
1609.683: [GC (Allocation Failure) [PSYoungGen: 71185K->288K(72192K)] 412561K->341663K(802304K), 0.0040000 secs] [Times: user=0.01 sys=0.00, real=0.01 secs] 
1609.914: [GC (Allocation Failure) [PSYoungGen: 70432K->1488K(72192K)] 411807K->342863K(802304K), 0.0020955 secs] [Times: user=0.01 sys=0.00, real=0.00 secs] 
1610.082: [GC (Allocation Failure) [PSYoungGen: 71632K->1520K(72192K)] 413007K->342895K(802304K), 0.0026236 secs] [Times: user=0.01 sys=0.00, real=0.01 secs] 
1610.253: [GC (Allocation Failure) [PSYoungGen: 71664K->1520K(72192K)] 413039K->342895K(802304K), 0.0021671 secs] [Times: user=0.01 sys=0.00, real=0.01 secs] 
1610.856: [GC (Allocation Failure) [PSYoungGen: 71664K->1472K(72192K)] 413039K->342847K(802304K), 0.0031504 secs] [Times: user=0.01 sys=0.00, real=0.00 secs] 
1611.810: [GC (Allocation Failure) [PSYoungGen: 71616K->1328K(72192K)] 412991K->342703K(802304K), 0.0038216 secs] [Times: user=0.02 sys=0.00, real=0.01 secs] 
1612.457: [GC (Allocation Failure) [PSYoungGen: 71472K->1328K(72192K)] 412847K->342703K(802304K), 0.0019100 secs] [Times: user=0.01 sys=0.00, real=0.00 secs] 
1613.815: [GC (Allocation Failure) [PSYoungGen: 71472K->1408K(72192K)] 412847K->342783K(802304K), 0.0031907 secs] [Times: user=0.02 sys=0.00, real=0.00 secs] 
1614.678: [GC (Allocation Failure) [PSYoungGen: 71534K->1469K(72192K)] 412910K->342844K(802304K), 0.0022389 secs] [Times: user=0.01 sys=0.00, real=0.00 secs] 
1614.833: [GC (Allocation Failure) [PSYoungGen: 71613K->1504K(72192K)] 412988K->342879K(802304K), 0.0015314 secs] [Times: user=0.01 sys=0.00, real=0.01 secs] 
1614.956: [GC (Allocation Failure) [PSYoungGen: 71648K->1517K(72192K)] 413023K->342892K(802304K), 0.0015691 secs] [Times: user=0.00 sys=0.00, real=0.00 secs] 
1615.080: [GC (Allocation Failure) [PSYoungGen: 71661K->1488K(72192K)] 413036K->342879K(802304K), 0.0014988 secs] [Times: user=0.00 sys=0.00, real=0.00 secs] 
1615.369: [GC (Allocation Failure) [PSYoungGen: 71632K->1472K(72192K)] 413023K->342863K(802304K), 0.0018857 secs] [Times: user=0.01 sys=0.00, real=0.00 secs] 
1615.707: [GC (Allocation Failure) [PSYoungGen: 71616K->1376K(72192K)] 413007K->342767K(802304K), 0.0019349 secs] [Times: user=0.01 sys=0.01, real=0.00 secs] 
1616.146: [GC (Allocation Failure) [PSYoungGen: 71520K->1408K(72192K)] 412911K->342799K(802304K), 0.0017967 secs] [Times: user=0.01 sys=0.00, real=0.00 secs] 
1616.832: [GC (Allocation Failure) [PSYoungGen: 71552K->1376K(72192K)] 412943K->342767K(802304K), 0.0032553 secs] [Times: user=0.02 sys=0.00, real=0.01 secs] 
1617.230: [GC (Allocation Failure) [PSYoungGen: 71520K->1437K(72192K)] 412911K->342828K(802304K), 0.0019862 secs] [Times: user=0.01 sys=0.00, real=0.00 secs] 
1617.367: [GC (Allocation Failure) [PSYoungGen: 71581K->1456K(72192K)] 412972K->342847K(802304K), 0.0015709 secs] [Times: user=0.00 sys=0.00, real=0.00 secs] 
1617.492: [GC (Allocation Failure) [PSYoungGen: 71600K->1485K(72192K)] 412991K->342876K(802304K), 0.0015587 secs] [Times: user=0.00 sys=0.00, real=0.00 secs] 
1617.618: [GC (Allocation Failure) [PSYoungGen: 71629K->1456K(72192K)] 413020K->342855K(802304K), 0.0016658 secs] [Times: user=0.00 sys=0.00, real=0.00 secs] 
1618.286: [GC (Allocation Failure) [PSYoungGen: 71600K->1440K(72192K)] 412999K->342839K(802304K), 0.0019915 secs] [Times: user=0.00 sys=0.00, real=0.00 secs] 
1618.579: [GC (Allocation Failure) [PSYoungGen: 71584K->1376K(72192K)] 412983K->342775K(802304K), 0.0019283 secs] [Times: user=0.01 sys=0.00, real=0.00 secs] 
1618.871: [GC (Allocation Failure) [PSYoungGen: 71520K->1376K(72192K)] 412919K->342799K(802304K), 0.0020341 secs] [Times: user=0.00 sys=0.00, real=0.00 secs] 
1619.162: [GC (Allocation Failure) [PSYoungGen: 71520K->1376K(72192K)] 412943K->342799K(802304K), 0.0020546 secs] [Times: user=0.01 sys=0.00, real=0.01 secs] 
1619.337: [GC (Allocation Failure) [PSYoungGen: 71520K->1453K(72192K)] 412943K->342876K(802304K), 0.0015239 secs] [Times: user=0.01 sys=0.00, real=0.00 secs] 
1619.460: [GC (Allocation Failure) [PSYoungGen: 71597K->1517K(72192K)] 413020K->342940K(802304K), 0.0014647 secs] [Times: user=0.01 sys=0.00, real=0.00 secs] 
1619.583: [GC (Allocation Failure) [PSYoungGen: 71661K->1453K(72192K)] 413084K->342876K(802304K), 0.0015279 secs] [Times: user=0.00 sys=0.00, real=0.01 secs] 
1619.932: [GC (Allocation Failure) [PSYoungGen: 71597K->1456K(72192K)] 413020K->342879K(802304K), 0.0020992 secs] [Times: user=0.01 sys=0.00, real=0.01 secs] 
1620.957: [GC (Allocation Failure) [PSYoungGen: 71600K->1376K(72192K)] 413023K->342799K(802304K), 0.0030513 secs] [Times: user=0.01 sys=0.00, real=0.00 secs] 
1621.915: [GC (Allocation Failure) [PSYoungGen: 71520K->1376K(72192K)] 412943K->342799K(802304K), 0.0039919 secs] [Times: user=0.02 sys=0.00, real=0.00 secs] 
1622.439: [GC (Allocation Failure) [PSYoungGen: 71520K->1376K(72192K)] 412943K->342799K(802304K), 0.0020382 secs] [Times: user=0.01 sys=0.00, real=0.00 secs] 
1622.777: [GC (Allocation Failure) [PSYoungGen: 71520K->1472K(72192K)] 412943K->342895K(802304K), 0.0023034 secs] [Times: user=0.01 sys=0.00, real=0.00 secs] 
1622.941: [GC (Allocation Failure) [PSYoungGen: 71603K->1456K(72192K)] 413026K->342879K(802304K), 0.0017045 secs] [Times: user=0.00 sys=0.00, real=0.00 secs] 
1623.085: [GC (Allocation Failure) [PSYoungGen: 71600K->1520K(72192K)] 413023K->342943K(802304K), 0.0018911 secs] [Times: user=0.01 sys=0.00, real=0.00 secs] 
1623.241: [GC (Allocation Failure) [PSYoungGen: 71664K->1456K(72192K)] 413087K->342879K(802304K), 0.0015098 secs] [Times: user=0.00 sys=0.00, real=0.00 secs] 
1623.766: [GC (Allocation Failure) [PSYoungGen: 71600K->1440K(72192K)] 413023K->342863K(802304K), 0.0040520 secs] [Times: user=0.02 sys=0.00, real=0.00 secs] 
1624.345: [GC (Allocation Failure) [PSYoungGen: 71584K->1408K(72192K)] 413007K->342831K(802304K), 0.0033284 secs] [Times: user=0.01 sys=0.00, real=0.00 secs] 
1624.936: [GC (Allocation Failure) [PSYoungGen: 71552K->1376K(72192K)] 412975K->342799K(802304K), 0.0025586 secs] [Times: user=0.01 sys=0.00, real=0.00 secs] 
1625.402: [GC (Allocation Failure) [PSYoungGen: 71520K->1376K(72192K)] 412943K->342799K(802304K), 0.0020591 secs] [Times: user=0.01 sys=0.00, real=0.01 secs] 
1625.665: [GC (Allocation Failure) [PSYoungGen: 71520K->1485K(72192K)] 412943K->342908K(802304K), 0.0016013 secs] [Times: user=0.01 sys=0.00, real=0.00 secs] 
1625.789: [GC (Allocation Failure) [PSYoungGen: 71629K->1456K(72192K)] 413052K->342879K(802304K), 0.0015406 secs] [Times: user=0.01 sys=0.00, real=0.00 secs] 
1625.912: [GC (Allocation Failure) [PSYoungGen: 71600K->1456K(72192K)] 413023K->342879K(802304K), 0.0015194 secs] [Times: user=0.00 sys=0.00, real=0.01 secs] 
1626.036: [GC (Allocation Failure) [PSYoungGen: 71600K->1469K(72192K)] 413023K->342908K(802304K), 0.0015537 secs] [Times: user=0.01 sys=0.00, real=0.00 secs] 
1626.327: [GC (Allocation Failure) [PSYoungGen: 71613K->1408K(72192K)] 413052K->342847K(802304K), 0.0018787 secs] [Times: user=0.01 sys=0.00, real=0.00 secs] 
1626.677: [GC (Allocation Failure) [PSYoungGen: 71552K->1376K(72192K)] 412991K->342815K(802304K), 0.0019454 secs] [Times: user=0.01 sys=0.00, real=0.00 secs] 
1627.194: [GC (Allocation Failure) [PSYoungGen: 71520K->1408K(72192K)] 412959K->342847K(802304K), 0.0020875 secs] [Times: user=0.00 sys=0.00, real=0.00 secs] 
1627.722: [GC (Allocation Failure) [PSYoungGen: 71552K->1376K(72192K)] 412991K->342839K(802304K), 0.0023827 secs] [Times: user=0.01 sys=0.00, real=0.01 secs] 
1628.088: [GC (Allocation Failure) [PSYoungGen: 71520K->1488K(72192K)] 412983K->342951K(802304K), 0.0021199 secs] [Times: user=0.01 sys=0.01, real=0.00 secs] 
1628.232: [GC (Allocation Failure) [PSYoungGen: 71632K->1485K(72192K)] 413095K->342948K(802304K), 0.0015665 secs] [Times: user=0.01 sys=0.00, real=0.00 secs] 
1628.357: [GC (Allocation Failure) [PSYoungGen: 71629K->1517K(72192K)] 413092K->342980K(802304K), 0.0015348 secs] [Times: user=0.00 sys=0.00, real=0.00 secs] 
1628.537: [GC (Allocation Failure) [PSYoungGen: 71661K->1728K(72192K)] 413124K->343191K(802304K), 0.0023650 secs] [Times: user=0.01 sys=0.00, real=0.00 secs] 
1628.871: [GC (Allocation Failure) [PSYoungGen: 71872K->1376K(72192K)] 413335K->342839K(802304K), 0.0021349 secs] [Times: user=0.01 sys=0.00, real=0.01 secs] 
1629.181: [GC (Allocation Failure) [PSYoungGen: 71520K->1376K(72192K)] 412983K->342839K(802304K), 0.0019721 secs] [Times: user=0.00 sys=0.00, real=0.00 secs] 
1629.505: [GC (Allocation Failure) [PSYoungGen: 71520K->1392K(72192K)] 412983K->342855K(802304K), 0.0020282 secs] [Times: user=0.01 sys=0.00, real=0.00 secs] 
1629.836: [GC (Allocation Failure) [PSYoungGen: 71536K->1453K(72192K)] 412999K->342916K(802304K), 0.0019464 secs] [Times: user=0.01 sys=0.00, real=0.00 secs] 
1629.971: [GC (Allocation Failure) [PSYoungGen: 71597K->1472K(72192K)] 413060K->342935K(802304K), 0.0015824 secs] [Times: user=0.00 sys=0.00, real=0.00 secs] 
1630.095: [GC (Allocation Failure) [PSYoungGen: 71616K->1520K(72192K)] 413079K->342983K(802304K), 0.0015647 secs] [Times: user=0.01 sys=0.00, real=0.00 secs] 
1630.218: [GC (Allocation Failure) [PSYoungGen: 71664K->1424K(72192K)] 413127K->342887K(802304K), 0.0016808 secs] [Times: user=0.01 sys=0.00, real=0.00 secs] 
1631.156: [GC (Allocation Failure) [PSYoungGen: 71568K->1440K(72192K)] 413031K->342903K(802304K), 0.0048873 secs] [Times: user=0.02 sys=0.00, real=0.00 secs] 
1632.194: [GC (Allocation Failure) [PSYoungGen: 71584K->1376K(72192K)] 413047K->342839K(802304K), 0.0038459 secs] [Times: user=0.01 sys=0.00, real=0.00 secs] 
1632.881: [GC (Allocation Failure) [PSYoungGen: 71520K->1440K(72192K)] 412983K->342903K(802304K), 0.0027565 secs] [Times: user=0.01 sys=0.00, real=0.01 secs] 
1633.443: [GC (Allocation Failure) [PSYoungGen: 71584K->1376K(72192K)] 413047K->342839K(802304K), 0.0022182 secs] [Times: user=0.01 sys=0.00, real=0.01 secs] 
1634.003: [GC (Allocation Failure) [PSYoungGen: 71488K->1488K(72192K)] 412952K->342951K(802304K), 0.0023759 secs] [Times: user=0.01 sys=0.00, real=0.01 secs] 
1634.165: [GC (Allocation Failure) [PSYoungGen: 71632K->1488K(72192K)] 413095K->342951K(802304K), 0.0022134 secs] [Times: user=0.01 sys=0.00, real=0.00 secs] 
1634.290: [GC (Allocation Failure) [PSYoungGen: 71632K->1501K(72192K)] 413095K->342964K(802304K), 0.0015317 secs] [Times: user=0.01 sys=0.00, real=0.00 secs] 
1634.414: [GC (Allocation Failure) [PSYoungGen: 71645K->1501K(72192K)] 413108K->342980K(802304K), 0.0016030 secs] [Times: user=0.01 sys=0.00, real=0.00 secs] 
1634.694: [GC (Allocation Failure) [PSYoungGen: 71645K->1440K(72192K)] 413124K->342927K(802304K), 0.0017989 secs] [Times: user=0.01 sys=0.00, real=0.00 secs] 
1635.035: [GC (Allocation Failure) [PSYoungGen: 71584K->1408K(72192K)] 413071K->342895K(802304K), 0.0017164 secs] [Times: user=0.01 sys=0.00, real=0.00 secs] 
1635.498: [GC (Allocation Failure) [PSYoungGen: 71552K->1408K(72192K)] 413039K->342895K(802304K), 0.0017069 secs] [Times: user=0.01 sys=0.00, real=0.00 secs] 
1636.067: [GC (Allocation Failure) [PSYoungGen: 71552K->1440K(72192K)] 413039K->342927K(802304K), 0.0017444 secs] [Times: user=0.01 sys=0.00, real=0.00 secs] 
1636.378: [GC (Allocation Failure) [PSYoungGen: 71584K->1517K(72192K)] 413071K->343004K(802304K), 0.0016261 secs] [Times: user=0.01 sys=0.00, real=0.00 secs] 
1636.504: [GC (Allocation Failure) [PSYoungGen: 71661K->1472K(72192K)] 413148K->342959K(802304K), 0.0015338 secs] [Times: user=0.01 sys=0.00, real=0.00 secs] 
1636.627: [GC (Allocation Failure) [PSYoungGen: 71616K->1485K(72192K)] 413103K->342972K(802304K), 0.0015256 secs] [Times: user=0.00 sys=0.00, real=0.00 secs] 
1636.770: [GC (Allocation Failure) [PSYoungGen: 71629K->1456K(72192K)] 413116K->342959K(802304K), 0.0019121 secs] [Times: user=0.01 sys=0.00, real=0.00 secs] 
1637.187: [GC (Allocation Failure) [PSYoungGen: 71600K->1472K(72192K)] 413103K->342983K(802304K), 0.0020806 secs] [Times: user=0.01 sys=0.00, real=0.00 secs] 
1637.479: [GC (Allocation Failure) [PSYoungGen: 71616K->1408K(72192K)] 413127K->342951K(802304K), 0.0019567 secs] [Times: user=0.01 sys=0.00, real=0.00 secs] 
1637.771: [GC (Allocation Failure) [PSYoungGen: 71552K->1408K(72192K)] 413095K->342951K(802304K), 0.0019930 secs] [Times: user=0.00 sys=0.00, real=0.00 secs] 
1638.063: [GC (Allocation Failure) [PSYoungGen: 71552K->1376K(72192K)] 413095K->342919K(802304K), 0.0019896 secs] [Times: user=0.00 sys=0.00, real=0.01 secs] 
1638.212: [GC (Allocation Failure) [PSYoungGen: 71520K->1517K(72192K)] 413063K->343060K(802304K), 0.0015611 secs] [Times: user=0.01 sys=0.00, real=0.00 secs] 
1638.336: [GC (Allocation Failure) [PSYoungGen: 71661K->1517K(72192K)] 413204K->343060K(802304K), 0.0015555 secs] [Times: user=0.01 sys=0.00, real=0.00 secs] 
1638.479: [GC (Allocation Failure) [PSYoungGen: 71661K->1488K(72192K)] 413204K->343031K(802304K), 0.0019741 secs] [Times: user=0.01 sys=0.00, real=0.00 secs] 
1639.941: [GC (Allocation Failure) [PSYoungGen: 71632K->1472K(71680K)] 413175K->343023K(801792K), 0.0038812 secs] [Times: user=0.02 sys=0.00, real=0.01 secs] 
1641.008: [GC (Allocation Failure) [PSYoungGen: 71616K->1376K(71680K)] 413167K->342927K(801792K), 0.0027519 secs] [Times: user=0.01 sys=0.01, real=0.00 secs] 
1642.036: [GC (Allocation Failure) [PSYoungGen: 71520K->1344K(71680K)] 413071K->342895K(801792K), 0.0040465 secs] [Times: user=0.01 sys=0.00, real=0.00 secs] 
1642.735: [GC (Allocation Failure) [PSYoungGen: 71488K->1408K(71680K)] 413039K->342959K(801792K), 0.0030207 secs] [Times: user=0.01 sys=0.00, real=0.00 secs] 
1643.060: [GC (Allocation Failure) [PSYoungGen: 71552K->1456K(71680K)] 413103K->343007K(801792K), 0.0022310 secs] [Times: user=0.01 sys=0.00, real=0.00 secs] 
1643.275: [GC (Allocation Failure) [PSYoungGen: 71600K->1517K(71680K)] 413151K->343068K(801792K), 0.0021458 secs] [Times: user=0.00 sys=0.01, real=0.00 secs] 
1643.423: [GC (Allocation Failure) [PSYoungGen: 71661K->1517K(71680K)] 413212K->343068K(801792K), 0.0015900 secs] [Times: user=0.00 sys=0.00, real=0.01 secs] 
1643.567: [GC (Allocation Failure) [PSYoungGen: 71661K->1488K(71680K)] 413212K->343039K(801792K), 0.0021164 secs] [Times: user=0.00 sys=0.00, real=0.00 secs] 
1644.713: [GC (Allocation Failure) [PSYoungGen: 71632K->1440K(71680K)] 413183K->342999K(801792K), 0.0043519 secs] [Times: user=0.01 sys=0.00, real=0.01 secs] 
1645.346: [GC (Allocation Failure) [PSYoungGen: 71584K->1376K(71680K)] 413143K->342935K(801792K), 0.0027515 secs] [Times: user=0.01 sys=0.00, real=0.00 secs] 
1646.095: [GC (Allocation Failure) [PSYoungGen: 71520K->1344K(71680K)] 413079K->342903K(801792K), 0.0032805 secs] [Times: user=0.02 sys=0.00, real=0.00 secs] 
1646.741: [GC (Allocation Failure) [PSYoungGen: 71488K->1344K(71680K)] 413047K->342903K(801792K), 0.0028868 secs] [Times: user=0.01 sys=0.00, real=0.01 secs] 
1647.103: [GC (Allocation Failure) [PSYoungGen: 71488K->1456K(72192K)] 413047K->343015K(802304K), 0.0021017 secs] [Times: user=0.01 sys=0.00, real=0.01 secs] 
1647.281: [GC (Allocation Failure) [PSYoungGen: 71600K->1456K(72192K)] 413159K->343015K(802304K), 0.0022036 secs] [Times: user=0.01 sys=0.00, real=0.00 secs] 
1647.440: [GC (Allocation Failure) [PSYoungGen: 71600K->1536K(72192K)] 413159K->343095K(802304K), 0.0018124 secs] [Times: user=0.00 sys=0.00, real=0.00 secs] 
1647.564: [GC (Allocation Failure) [PSYoungGen: 71680K->1453K(72192K)] 413239K->343028K(802304K), 0.0015297 secs] [Times: user=0.01 sys=0.00, real=0.00 secs] 
1648.492: [GC (Allocation Failure) [PSYoungGen: 71597K->1408K(72192K)] 413172K->342983K(802304K), 0.0034240 secs] [Times: user=0.01 sys=0.00, real=0.01 secs] 
1649.317: [GC (Allocation Failure) [PSYoungGen: 71552K->1408K(72192K)] 413127K->342983K(802304K), 0.0038994 secs] [Times: user=0.02 sys=0.00, real=0.00 secs] 
1649.992: [GC (Allocation Failure) [PSYoungGen: 71552K->1344K(72192K)] 413127K->342943K(802304K), 0.0031378 secs] [Times: user=0.02 sys=0.00, real=0.01 secs] 
1650.682: [GC (Allocation Failure) [PSYoungGen: 71488K->1360K(72192K)] 413087K->342959K(802304K), 0.0025630 secs] [Times: user=0.01 sys=0.00, real=0.01 secs] 
1650.956: [GC (Allocation Failure) [PSYoungGen: 71498K->1488K(72192K)] 413098K->343087K(802304K), 0.0017553 secs] [Times: user=0.00 sys=0.00, real=0.00 secs] 
1651.081: [GC (Allocation Failure) [PSYoungGen: 71632K->1517K(72192K)] 413231K->343116K(802304K), 0.0044487 secs] [Times: user=0.02 sys=0.00, real=0.01 secs] 
1651.212: [GC (Allocation Failure) [PSYoungGen: 71661K->1517K(78848K)] 413260K->343116K(808960K), 0.0015533 secs] [Times: user=0.00 sys=0.01, real=0.01 secs] 
1651.526: [GC (Allocation Failure) [PSYoungGen: 78317K->1408K(78848K)] 419916K->343007K(808960K), 0.0018822 secs] [Times: user=0.01 sys=0.00, real=0.00 secs] 
1652.543: [GC (Allocation Failure) [PSYoungGen: 78208K->1408K(77824K)] 419807K->343007K(807936K), 0.0017478 secs] [Times: user=0.00 sys=0.00, real=0.01 secs] 
1653.205: [GC (Allocation Failure) [PSYoungGen: 77696K->1376K(77312K)] 419295K->342975K(807424K), 0.0042803 secs] [Times: user=0.02 sys=0.00, real=0.00 secs] 
1654.118: [GC (Allocation Failure) [PSYoungGen: 77152K->1376K(76800K)] 418751K->342975K(806912K), 0.0032860 secs] [Times: user=0.01 sys=0.00, real=0.00 secs] 
1654.596: [GC (Allocation Failure) [PSYoungGen: 76629K->1485K(76288K)] 418228K->343084K(806400K), 0.0023854 secs] [Times: user=0.01 sys=0.00, real=0.00 secs] 
1654.753: [GC (Allocation Failure) [PSYoungGen: 76237K->1517K(75776K)] 417836K->343116K(805888K), 0.0016403 secs] [Times: user=0.01 sys=0.00, real=0.01 secs] 
1654.886: [GC (Allocation Failure) [PSYoungGen: 75757K->1549K(75776K)] 417356K->343148K(805888K), 0.0016389 secs] [Times: user=0.01 sys=0.00, real=0.00 secs] 
1655.036: [GC (Allocation Failure) [PSYoungGen: 75277K->416K(73728K)] 416876K->343039K(803840K), 0.0016619 secs] [Times: user=0.01 sys=0.00, real=0.00 secs] 
1655.847: [GC (Allocation Failure) [PSYoungGen: 73632K->384K(74752K)] 416255K->343015K(804864K), 0.0038873 secs] [Times: user=0.01 sys=0.00, real=0.00 secs] 
1656.451: [GC (Allocation Failure) [PSYoungGen: 73088K->320K(72704K)] 415719K->342951K(802816K), 0.0032953 secs] [Times: user=0.01 sys=0.00, real=0.01 secs] 
1657.032: [GC (Allocation Failure) [PSYoungGen: 72512K->320K(72192K)] 415143K->342951K(802304K), 0.0021649 secs] [Times: user=0.01 sys=0.00, real=0.01 secs] 
1657.340: [GC (Allocation Failure) [PSYoungGen: 72000K->1488K(72704K)] 414631K->344119K(802816K), 0.0023406 secs] [Times: user=0.01 sys=0.00, real=0.00 secs] 
1657.476: [GC (Allocation Failure) [PSYoungGen: 72656K->1485K(72192K)] 415287K->344116K(802304K), 0.0024153 secs] [Times: user=0.00 sys=0.00, real=0.00 secs] 
1657.629: [GC (Allocation Failure) [PSYoungGen: 72141K->1488K(77312K)] 414772K->344119K(807424K), 0.0021413 secs] [Times: user=0.01 sys=0.00, real=0.00 secs] 
1657.847: [GC (Allocation Failure) [PSYoungGen: 76240K->1488K(77312K)] 418871K->344119K(807424K), 0.0024242 secs] [Times: user=0.01 sys=0.00, real=0.00 secs] 
1659.199: [GC (Allocation Failure) [PSYoungGen: 76240K->1424K(75776K)] 418871K->344055K(805888K), 0.0046573 secs] [Times: user=0.01 sys=0.00, real=0.01 secs] 
1660.163: [GC (Allocation Failure) [PSYoungGen: 75664K->1344K(75264K)] 418295K->343991K(805376K), 0.0033081 secs] [Times: user=0.01 sys=0.00, real=0.01 secs] 
1661.139: [GC (Allocation Failure) [PSYoungGen: 75072K->1344K(74752K)] 417719K->343991K(804864K), 0.0029999 secs] [Times: user=0.01 sys=0.00, real=0.00 secs] 
1661.658: [GC (Allocation Failure) [PSYoungGen: 74560K->1376K(74240K)] 417207K->344023K(804352K), 0.0026393 secs] [Times: user=0.01 sys=0.00, real=0.00 secs] 
1661.885: [GC (Allocation Failure) [PSYoungGen: 74080K->1456K(73728K)] 416727K->344103K(803840K), 0.0015714 secs] [Times: user=0.01 sys=0.00, real=0.00 secs] 
1662.012: [GC (Allocation Failure) [PSYoungGen: 73648K->1520K(73216K)] 416295K->344167K(803328K), 0.0016062 secs] [Times: user=0.00 sys=0.00, real=0.01 secs] 
1662.139: [GC (Allocation Failure) [PSYoungGen: 73200K->1453K(72704K)] 415847K->344100K(802816K), 0.0016692 secs] [Times: user=0.01 sys=0.00, real=0.00 secs] 
1662.423: [GC (Allocation Failure) [PSYoungGen: 72621K->1440K(72192K)] 415268K->344087K(802304K), 0.0018608 secs] [Times: user=0.00 sys=0.00, real=0.01 secs] 
1663.292: [GC (Allocation Failure) [PSYoungGen: 72096K->1408K(71680K)] 414743K->344055K(801792K), 0.0026568 secs] [Times: user=0.02 sys=0.00, real=0.01 secs] 
1664.184: [GC (Allocation Failure) [PSYoungGen: 71552K->1408K(71680K)] 414199K->344055K(801792K), 0.0037353 secs] [Times: user=0.01 sys=0.00, real=0.00 secs] 
1665.062: [GC (Allocation Failure) [PSYoungGen: 71552K->1408K(71680K)] 414199K->344055K(801792K), 0.0034077 secs] [Times: user=0.02 sys=0.00, real=0.01 secs] 
1665.604: [GC (Allocation Failure) [PSYoungGen: 71552K->1440K(71680K)] 414199K->344087K(801792K), 0.0024331 secs] [Times: user=0.01 sys=0.00, real=0.00 secs] 
1665.764: [GC (Allocation Failure) [PSYoungGen: 71584K->1517K(71680K)] 414231K->344164K(801792K), 0.0015363 secs] [Times: user=0.00 sys=0.00, real=0.00 secs] 
1665.887: [GC (Allocation Failure) [PSYoungGen: 71661K->1517K(71680K)] 414308K->344164K(801792K), 0.0018006 secs] [Times: user=0.00 sys=0.00, real=0.00 secs] 
1666.011: [GC (Allocation Failure) [PSYoungGen: 71661K->1456K(71680K)] 414308K->344103K(801792K), 0.0014905 secs] [Times: user=0.00 sys=0.00, real=0.00 secs] 
1668.746: [GC (Allocation Failure) [PSYoungGen: 71600K->1424K(71680K)] 414247K->344071K(801792K), 0.0046977 secs] [Times: user=0.01 sys=0.00, real=0.00 secs] 
1669.133: [GC (Allocation Failure) [PSYoungGen: 71568K->1376K(71680K)] 414215K->344023K(801792K), 0.0019258 secs] [Times: user=0.01 sys=0.00, real=0.01 secs] 
1669.630: [GC (Allocation Failure) [PSYoungGen: 71520K->1376K(71680K)] 414167K->344023K(801792K), 0.0020614 secs] [Times: user=0.01 sys=0.00, real=0.00 secs] 
1670.200: [GC (Allocation Failure) [PSYoungGen: 71520K->1408K(71680K)] 414167K->344055K(801792K), 0.0024031 secs] [Times: user=0.00 sys=0.00, real=0.00 secs] 
1670.768: [GC (Allocation Failure) [PSYoungGen: 71552K->1456K(71680K)] 414199K->344103K(801792K), 0.0025238 secs] [Times: user=0.01 sys=0.00, real=0.00 secs] 
1670.928: [GC (Allocation Failure) [PSYoungGen: 71600K->1485K(72192K)] 414247K->344132K(802304K), 0.0015250 secs] [Times: user=0.00 sys=0.00, real=0.00 secs] 
1671.053: [GC (Allocation Failure) [PSYoungGen: 71629K->1485K(72192K)] 414276K->344132K(802304K), 0.0015436 secs] [Times: user=0.01 sys=0.00, real=0.01 secs] 
1671.200: [GC (Allocation Failure) [PSYoungGen: 71629K->1488K(72192K)] 414276K->344143K(802304K), 0.0019713 secs] [Times: user=0.01 sys=0.00, real=0.00 secs] 
1673.459: [GC (Allocation Failure) [PSYoungGen: 71632K->1440K(72192K)] 414287K->344103K(802304K), 0.0040705 secs] [Times: user=0.02 sys=0.00, real=0.00 secs] 
1674.253: [GC (Allocation Failure) [PSYoungGen: 71584K->1376K(72192K)] 414247K->344039K(802304K), 0.0030935 secs] [Times: user=0.01 sys=0.00, real=0.01 secs] 
1675.307: [GC (Allocation Failure) [PSYoungGen: 71520K->1376K(72192K)] 414183K->344039K(802304K), 0.0035475 secs] [Times: user=0.01 sys=0.00, real=0.00 secs] 
1676.286: [GC (Allocation Failure) [PSYoungGen: 71520K->1408K(72192K)] 414183K->344071K(802304K), 0.0039786 secs] [Times: user=0.02 sys=0.00, real=0.00 secs] 
1676.799: [GC (Allocation Failure) [PSYoungGen: 71552K->1520K(72192K)] 414215K->344183K(802304K), 0.0021566 secs] [Times: user=0.01 sys=0.00, real=0.00 secs] 
1676.984: [GC (Allocation Failure) [PSYoungGen: 71664K->1488K(72192K)] 414327K->344151K(802304K), 0.0022665 secs] [Times: user=0.00 sys=0.00, real=0.00 secs] 
1677.142: [GC (Allocation Failure) [PSYoungGen: 71632K->1456K(72192K)] 414295K->344119K(802304K), 0.0015695 secs] [Times: user=0.01 sys=0.00, real=0.00 secs] 
1677.341: [GC (Allocation Failure) [PSYoungGen: 71600K->1520K(72192K)] 414263K->344183K(802304K), 0.0018786 secs] [Times: user=0.00 sys=0.00, real=0.00 secs] 
1678.044: [GC (Allocation Failure) [PSYoungGen: 71664K->1376K(72192K)] 414327K->344039K(802304K), 0.0024721 secs] [Times: user=0.01 sys=0.00, real=0.00 secs] 
1678.894: [GC (Allocation Failure) [PSYoungGen: 71520K->1408K(72192K)] 414183K->344071K(802304K), 0.0030769 secs] [Times: user=0.01 sys=0.00, real=0.01 secs] 
1679.642: [GC (Allocation Failure) [PSYoungGen: 71552K->1408K(72192K)] 414215K->344071K(802304K), 0.0030642 secs] [Times: user=0.01 sys=0.00, real=0.01 secs] 
1680.284: [GC (Allocation Failure) [PSYoungGen: 71552K->1424K(72192K)] 414215K->344087K(802304K), 0.0027754 secs] [Times: user=0.01 sys=0.00, real=0.00 secs] 
1680.473: [GC (Allocation Failure) [PSYoungGen: 71568K->1517K(72192K)] 414231K->344180K(802304K), 0.0015133 secs] [Times: user=0.00 sys=0.00, real=0.01 secs] 
1680.596: [GC (Allocation Failure) [PSYoungGen: 71661K->1456K(72192K)] 414324K->344119K(802304K), 0.0015100 secs] [Times: user=0.01 sys=0.00, real=0.00 secs] 
1680.752: [GC (Allocation Failure) [PSYoungGen: 71600K->1488K(72192K)] 414263K->344151K(802304K), 0.0021282 secs] [Times: user=0.01 sys=0.00, real=0.01 secs] 
1681.253: [GC (Allocation Failure) [PSYoungGen: 71632K->1440K(72192K)] 414295K->344135K(802304K), 0.0033141 secs] [Times: user=0.01 sys=0.00, real=0.01 secs] 
1681.830: [GC (Allocation Failure) [PSYoungGen: 71584K->1376K(72192K)] 414279K->344071K(802304K), 0.0044099 secs] [Times: user=0.01 sys=0.00, real=0.01 secs] 
1682.373: [GC (Allocation Failure) [PSYoungGen: 71520K->1376K(72192K)] 414215K->344071K(802304K), 0.0027073 secs] [Times: user=0.01 sys=0.00, real=0.01 secs] 
1682.800: [GC (Allocation Failure) [PSYoungGen: 71520K->1376K(72192K)] 414215K->344071K(802304K), 0.0020137 secs] [Times: user=0.01 sys=0.00, real=0.00 secs] 
1683.108: [GC (Allocation Failure) [PSYoungGen: 71520K->1485K(72192K)] 414215K->344180K(802304K), 0.0016429 secs] [Times: user=0.01 sys=0.00, real=0.00 secs] 
1683.232: [GC (Allocation Failure) [PSYoungGen: 71618K->1453K(72192K)] 414314K->344148K(802304K), 0.0015340 secs] [Times: user=0.01 sys=0.00, real=0.01 secs] 
1683.357: [GC (Allocation Failure) [PSYoungGen: 71597K->1456K(72192K)] 414292K->344151K(802304K), 0.0015509 secs] [Times: user=0.00 sys=0.00, real=0.00 secs] 
1683.500: [GC (Allocation Failure) [PSYoungGen: 71600K->1520K(72192K)] 414295K->344231K(802304K), 0.0019741 secs] [Times: user=0.00 sys=0.00, real=0.00 secs] 
1683.910: [GC (Allocation Failure) [PSYoungGen: 71664K->1408K(71680K)] 414375K->344119K(801792K), 0.0019872 secs] [Times: user=0.01 sys=0.00, real=0.00 secs] 
1684.491: [GC (Allocation Failure) [PSYoungGen: 71552K->1408K(71680K)] 414263K->344119K(801792K), 0.0021252 secs] [Times: user=0.01 sys=0.01, real=0.00 secs] 
1685.421: [GC (Allocation Failure) [PSYoungGen: 71552K->1376K(71680K)] 414263K->344087K(801792K), 0.0024676 secs] [Times: user=0.01 sys=0.00, real=0.00 secs] 
1686.123: [GC (Allocation Failure) [PSYoungGen: 71520K->1408K(71680K)] 414231K->344119K(801792K), 0.0026668 secs] [Times: user=0.01 sys=0.00, real=0.01 secs] 
1686.529: [GC (Allocation Failure) [PSYoungGen: 71552K->1517K(71680K)] 414263K->344228K(801792K), 0.0019155 secs] [Times: user=0.00 sys=0.00, real=0.00 secs] 
1686.660: [GC (Allocation Failure) [PSYoungGen: 71661K->1549K(72192K)] 414372K->344260K(802304K), 0.0017560 secs] [Times: user=0.00 sys=0.00, real=0.00 secs] 
1686.783: [GC (Allocation Failure) [PSYoungGen: 71693K->461K(70656K)] 414404K->344196K(800768K), 0.0016437 secs] [Times: user=0.00 sys=0.00, real=0.01 secs] 
1686.907: [GC (Allocation Failure) [PSYoungGen: 70605K->496K(72192K)] 414340K->344247K(802304K), 0.0014518 secs] [Times: user=0.01 sys=0.00, real=0.00 secs] 
1688.263: [GC (Allocation Failure) [PSYoungGen: 70640K->1408K(71680K)] 414391K->345159K(801792K), 0.0033612 secs] [Times: user=0.01 sys=0.00, real=0.01 secs] 
1688.673: [GC (Allocation Failure) [PSYoungGen: 71552K->1376K(71680K)] 415303K->345135K(801792K), 0.0023150 secs] [Times: user=0.01 sys=0.00, real=0.01 secs] 
1688.974: [GC (Allocation Failure) [PSYoungGen: 71520K->1376K(71680K)] 415279K->345151K(801792K), 0.0019977 secs] [Times: user=0.01 sys=0.00, real=0.00 secs] 
1689.358: [GC (Allocation Failure) [PSYoungGen: 71520K->1344K(71680K)] 415295K->345119K(801792K), 0.0020865 secs] [Times: user=0.01 sys=0.00, real=0.00 secs] 
1689.600: [GC (Allocation Failure) [PSYoungGen: 71488K->1453K(72192K)] 415263K->345228K(802304K), 0.0015463 secs] [Times: user=0.01 sys=0.00, real=0.00 secs] 
1689.723: [GC (Allocation Failure) [PSYoungGen: 71597K->1520K(72192K)] 415372K->345295K(802304K), 0.0015100 secs] [Times: user=0.00 sys=0.00, real=0.01 secs] 
1689.847: [GC (Allocation Failure) [PSYoungGen: 71664K->1488K(72192K)] 415439K->345263K(802304K), 0.0015266 secs] [Times: user=0.01 sys=0.00, real=0.00 secs] 
1690.138: [GC (Allocation Failure) [PSYoungGen: 71632K->1440K(72192K)] 415407K->345215K(802304K), 0.0017627 secs] [Times: user=0.01 sys=0.00, real=0.00 secs] 
1690.961: [GC (Allocation Failure) [PSYoungGen: 71584K->1376K(72192K)] 415359K->345159K(802304K), 0.0026574 secs] [Times: user=0.01 sys=0.00, real=0.01 secs] 
1691.463: [GC (Allocation Failure) [PSYoungGen: 71520K->1392K(72192K)] 415303K->345175K(802304K), 0.0024587 secs] [Times: user=0.01 sys=0.00, real=0.01 secs] 
1692.131: [GC (Allocation Failure) [PSYoungGen: 71536K->1376K(72192K)] 415319K->345159K(802304K), 0.0067960 secs] [Times: user=0.03 sys=0.00, real=0.01 secs] 
1692.811: [GC (Allocation Failure) [PSYoungGen: 71520K->1456K(72192K)] 415303K->345239K(802304K), 0.0023467 secs] [Times: user=0.01 sys=0.00, real=0.00 secs] 
1692.968: [GC (Allocation Failure) [PSYoungGen: 71600K->1520K(72192K)] 415383K->345303K(802304K), 0.0014865 secs] [Times: user=0.01 sys=0.00, real=0.00 secs] 
1693.093: [GC (Allocation Failure) [PSYoungGen: 71664K->1517K(72192K)] 415447K->345300K(802304K), 0.0015261 secs] [Times: user=0.00 sys=0.00, real=0.01 secs] 
1693.217: [GC (Allocation Failure) [PSYoungGen: 71661K->1501K(72192K)] 415444K->345284K(802304K), 0.0015232 secs] [Times: user=0.01 sys=0.00, real=0.00 secs] 
1694.138: [GC (Allocation Failure) [PSYoungGen: 71645K->1440K(72192K)] 415428K->345223K(802304K), 0.0032280 secs] [Times: user=0.01 sys=0.00, real=0.00 secs] 
1694.717: [GC (Allocation Failure) [PSYoungGen: 71584K->1376K(72192K)] 415367K->345159K(802304K), 0.0023766 secs] [Times: user=0.01 sys=0.00, real=0.00 secs] 
1695.266: [GC (Allocation Failure) [PSYoungGen: 71520K->1408K(72192K)] 415303K->345191K(802304K), 0.0020797 secs] [Times: user=0.01 sys=0.01, real=0.00 secs] 
1696.029: [GC (Allocation Failure) [PSYoungGen: 71552K->1360K(72192K)] 415335K->345151K(802304K), 0.0033002 secs] [Times: user=0.01 sys=0.00, real=0.00 secs] 
1696.702: [GC (Allocation Failure) [PSYoungGen: 71504K->1469K(72192K)] 415295K->345260K(802304K), 0.0022541 secs] [Times: user=0.01 sys=0.00, real=0.01 secs] 
1696.864: [GC (Allocation Failure) [PSYoungGen: 71598K->1456K(72192K)] 415390K->345247K(802304K), 0.0014929 secs] [Times: user=0.00 sys=0.00, real=0.00 secs] 
1697.007: [GC (Allocation Failure) [PSYoungGen: 71600K->1488K(72192K)] 415391K->345279K(802304K), 0.0019115 secs] [Times: user=0.00 sys=0.00, real=0.00 secs] 
1697.162: [GC (Allocation Failure) [PSYoungGen: 71632K->1488K(72192K)] 415423K->345287K(802304K), 0.0019100 secs] [Times: user=0.01 sys=0.00, real=0.01 secs] 
1697.498: [GC (Allocation Failure) [PSYoungGen: 71632K->1440K(72192K)] 415431K->345239K(802304K), 0.0020769 secs] [Times: user=0.01 sys=0.00, real=0.00 secs] 
1697.790: [GC (Allocation Failure) [PSYoungGen: 71584K->1376K(72192K)] 415383K->345175K(802304K), 0.0023520 secs] [Times: user=0.01 sys=0.00, real=0.00 secs] 
1698.082: [GC (Allocation Failure) [PSYoungGen: 71520K->1392K(72192K)] 415319K->345191K(802304K), 0.0021897 secs] [Times: user=0.00 sys=0.00, real=0.01 secs] 
1698.373: [GC (Allocation Failure) [PSYoungGen: 71536K->1376K(72192K)] 415335K->345191K(802304K), 0.0017564 secs] [Times: user=0.01 sys=0.00, real=0.01 secs] 
1698.558: [GC (Allocation Failure) [PSYoungGen: 71520K->1488K(72192K)] 415335K->345303K(802304K), 0.0015450 secs] [Times: user=0.00 sys=0.00, real=0.00 secs] 
1698.682: [GC (Allocation Failure) [PSYoungGen: 71632K->1485K(72192K)] 415447K->345300K(802304K), 0.0014893 secs] [Times: user=0.01 sys=0.00, real=0.00 secs] 
1698.806: [GC (Allocation Failure) [PSYoungGen: 71629K->1549K(72192K)] 415444K->345364K(802304K), 0.0015159 secs] [Times: user=0.01 sys=0.00, real=0.00 secs] 
1699.053: [GC (Allocation Failure) [PSYoungGen: 71209K->1696K(72192K)] 415024K->345527K(802304K), 0.0018302 secs] [Times: user=0.01 sys=0.00, real=0.01 secs] 
1699.652: [GC (Allocation Failure) [PSYoungGen: 71840K->1376K(72192K)] 415671K->345207K(802304K), 0.0018955 secs] [Times: user=0.00 sys=0.00, real=0.00 secs] 
1700.365: [GC (Allocation Failure) [PSYoungGen: 71520K->1376K(72192K)] 415351K->345207K(802304K), 0.0038832 secs] [Times: user=0.02 sys=0.00, real=0.00 secs] 
1701.150: [GC (Allocation Failure) [PSYoungGen: 71520K->1408K(72192K)] 415351K->345239K(802304K), 0.0044387 secs] [Times: user=0.02 sys=0.00, real=0.01 secs] 
1701.951: [GC (Allocation Failure) [PSYoungGen: 71552K->1392K(72192K)] 415383K->345223K(802304K), 0.0030627 secs] [Times: user=0.01 sys=0.00, real=0.01 secs] 
1702.158: [GC (Allocation Failure) [PSYoungGen: 71520K->1456K(72192K)] 415352K->345287K(802304K), 0.0016733 secs] [Times: user=0.00 sys=0.00, real=0.00 secs] 
1702.301: [GC (Allocation Failure) [PSYoungGen: 71600K->1488K(72192K)] 415431K->345319K(802304K), 0.0019024 secs] [Times: user=0.00 sys=0.00, real=0.00 secs] 
1702.464: [GC (Allocation Failure) [PSYoungGen: 71632K->1488K(72192K)] 415463K->345319K(802304K), 0.0016909 secs] [Times: user=0.01 sys=0.00, real=0.00 secs] 
1702.857: [GC (Allocation Failure) [PSYoungGen: 71632K->1440K(72192K)] 415463K->345271K(802304K), 0.0029714 secs] [Times: user=0.02 sys=0.00, real=0.00 secs] 
1703.661: [GC (Allocation Failure) [PSYoungGen: 71584K->1376K(72192K)] 415415K->345207K(802304K), 0.0029833 secs] [Times: user=0.01 sys=0.00, real=0.01 secs] 
1704.283: [GC (Allocation Failure) [PSYoungGen: 71520K->1408K(72192K)] 415351K->345239K(802304K), 0.0026770 secs] [Times: user=0.01 sys=0.00, real=0.01 secs] 
1704.965: [GC (Allocation Failure) [PSYoungGen: 71552K->1376K(72192K)] 415383K->345207K(802304K), 0.0027261 secs] [Times: user=0.02 sys=0.00, real=0.00 secs] 
1705.500: [GC (Allocation Failure) [PSYoungGen: 71520K->1469K(72192K)] 415351K->345300K(802304K), 0.0025063 secs] [Times: user=0.01 sys=0.00, real=0.00 secs] 
1705.671: [GC (Allocation Failure) [PSYoungGen: 71600K->1501K(72192K)] 415432K->345332K(802304K), 0.0016773 secs] [Times: user=0.01 sys=0.00, real=0.00 secs] 
1705.797: [GC (Allocation Failure) [PSYoungGen: 71645K->1488K(72192K)] 415476K->345319K(802304K), 0.0015390 secs] [Times: user=0.00 sys=0.00, real=0.00 secs] 
1705.921: [GC (Allocation Failure) [PSYoungGen: 71632K->1437K(72192K)] 415463K->345284K(802304K), 0.0015458 secs] [Times: user=0.01 sys=0.00, real=0.00 secs] 
1706.371: [GC (Allocation Failure) [PSYoungGen: 71581K->1408K(72192K)] 415428K->345255K(802304K), 0.0021601 secs] [Times: user=0.01 sys=0.00, real=0.00 secs] 
1706.982: [GC (Allocation Failure) [PSYoungGen: 71552K->1408K(72192K)] 415399K->345255K(802304K), 0.0022945 secs] [Times: user=0.01 sys=0.00, real=0.01 secs] 
1707.884: [GC (Allocation Failure) [PSYoungGen: 71552K->1344K(72192K)] 415399K->345191K(802304K), 0.0032305 secs] [Times: user=0.01 sys=0.00, real=0.00 secs] 
1708.777: [GC (Allocation Failure) [PSYoungGen: 71488K->1408K(72192K)] 415335K->345255K(802304K), 0.0030497 secs] [Times: user=0.01 sys=0.00, real=0.00 secs] 
1709.363: [GC (Allocation Failure) [PSYoungGen: 71552K->1488K(72192K)] 415399K->345335K(802304K), 0.0021645 secs] [Times: user=0.01 sys=0.00, real=0.01 secs] 
1709.508: [GC (Allocation Failure) [PSYoungGen: 71628K->1453K(72192K)] 415475K->345300K(802304K), 0.0015580 secs] [Times: user=0.01 sys=0.00, real=0.00 secs] 
1709.651: [GC (Allocation Failure) [PSYoungGen: 71597K->1520K(72192K)] 415444K->345383K(802304K), 0.0019210 secs] [Times: user=0.01 sys=0.00, real=0.00 secs] 
1709.813: [GC (Allocation Failure) [PSYoungGen: 71664K->1488K(72192K)] 415527K->345367K(802304K), 0.0021135 secs] [Times: user=0.00 sys=0.00, real=0.01 secs] 
1710.977: [GC (Allocation Failure) [PSYoungGen: 71632K->1376K(72192K)] 415511K->345255K(802304K), 0.0028858 secs] [Times: user=0.01 sys=0.00, real=0.00 secs] 
1712.002: [GC (Allocation Failure) [PSYoungGen: 71520K->1408K(72192K)] 415399K->345287K(802304K), 0.0027235 secs] [Times: user=0.01 sys=0.00, real=0.01 secs] 
1712.866: [GC (Allocation Failure) [PSYoungGen: 71552K->1376K(72192K)] 415431K->345255K(802304K), 0.0028573 secs] [Times: user=0.01 sys=0.00, real=0.00 secs] 
1713.812: [GC (Allocation Failure) [PSYoungGen: 71520K->1408K(72192K)] 415399K->345295K(802304K), 0.0031172 secs] [Times: user=0.01 sys=0.00, real=0.01 secs] 
1714.088: [GC (Allocation Failure) [PSYoungGen: 71552K->1520K(72192K)] 415439K->345407K(802304K), 0.0018125 secs] [Times: user=0.00 sys=0.00, real=0.00 secs] 
1714.214: [GC (Allocation Failure) [PSYoungGen: 71664K->1517K(72192K)] 415551K->345404K(802304K), 0.0015325 secs] [Times: user=0.01 sys=0.00, real=0.00 secs] 
1714.339: [GC (Allocation Failure) [PSYoungGen: 71661K->1520K(72192K)] 415548K->345407K(802304K), 0.0015183 secs] [Times: user=0.01 sys=0.00, real=0.00 secs] 
1714.593: [GC (Allocation Failure) [PSYoungGen: 71664K->1456K(72192K)] 415551K->345359K(802304K), 0.0020713 secs] [Times: user=0.01 sys=0.00, real=0.01 secs] 
1715.142: [GC (Allocation Failure) [PSYoungGen: 71600K->1376K(72192K)] 415503K->345279K(802304K), 0.0021420 secs] [Times: user=0.00 sys=0.00, real=0.01 secs] 
1715.663: [GC (Allocation Failure) [PSYoungGen: 71520K->1408K(72192K)] 415423K->345311K(802304K), 0.0032133 secs] [Times: user=0.01 sys=0.00, real=0.01 secs] 
1716.170: [GC (Allocation Failure) [PSYoungGen: 71552K->1344K(72192K)] 415455K->345247K(802304K), 0.0032525 secs] [Times: user=0.01 sys=0.01, real=0.00 secs] 
1716.720: [GC (Allocation Failure) [PSYoungGen: 71488K->1488K(72192K)] 415391K->345391K(802304K), 0.0021408 secs] [Times: user=0.01 sys=0.00, real=0.00 secs] 
1716.859: [GC (Allocation Failure) [PSYoungGen: 71632K->1517K(72192K)] 415535K->345420K(802304K), 0.0015168 secs] [Times: user=0.00 sys=0.00, real=0.00 secs] 
1716.982: [GC (Allocation Failure) [PSYoungGen: 71661K->1424K(72192K)] 415564K->345327K(802304K), 0.0015452 secs] [Times: user=0.01 sys=0.00, real=0.01 secs] 
1717.107: [GC (Allocation Failure) [PSYoungGen: 71568K->1517K(72192K)] 415471K->345420K(802304K), 0.0015745 secs] [Times: user=0.01 sys=0.00, real=0.00 secs] 
1717.531: [GC (Allocation Failure) [PSYoungGen: 71661K->1472K(72192K)] 415564K->345375K(802304K), 0.0019163 secs] [Times: user=0.00 sys=0.00, real=0.00 secs] 
1718.189: [GC (Allocation Failure) [PSYoungGen: 71616K->1376K(72192K)] 415519K->345279K(802304K), 0.0019541 secs] [Times: user=0.01 sys=0.00, real=0.00 secs] 
1718.882: [GC (Allocation Failure) [PSYoungGen: 71520K->1408K(72192K)] 415423K->345327K(802304K), 0.0034743 secs] [Times: user=0.01 sys=0.00, real=0.01 secs] 
1719.624: [GC (Allocation Failure) [PSYoungGen: 71552K->1344K(72192K)] 415471K->345263K(802304K), 0.0035512 secs] [Times: user=0.01 sys=0.00, real=0.00 secs] 
1720.129: [GC (Allocation Failure) [PSYoungGen: 71488K->1456K(72192K)] 415407K->345375K(802304K), 0.0022614 secs] [Times: user=0.01 sys=0.00, real=0.00 secs] 
1720.320: [GC (Allocation Failure) [PSYoungGen: 71577K->1501K(72192K)] 415497K->345420K(802304K), 0.0023365 secs] [Times: user=0.01 sys=0.00, real=0.00 secs] 
1720.482: [GC (Allocation Failure) [PSYoungGen: 71645K->1485K(72192K)] 415564K->345404K(802304K), 0.0015658 secs] [Times: user=0.01 sys=0.00, real=0.01 secs] 
1720.625: [GC (Allocation Failure) [PSYoungGen: 71629K->1488K(72192K)] 415548K->345423K(802304K), 0.0019237 secs] [Times: user=0.00 sys=0.00, real=0.00 secs] 
1720.974: [GC (Allocation Failure) [PSYoungGen: 71632K->1408K(72192K)] 415567K->345343K(802304K), 0.0022947 secs] [Times: user=0.01 sys=0.00, real=0.00 secs] 
1721.710: [GC (Allocation Failure) [PSYoungGen: 71552K->1376K(72192K)] 415487K->345311K(802304K), 0.0022063 secs] [Times: user=0.01 sys=0.00, real=0.00 secs] 
1722.549: [GC (Allocation Failure) [PSYoungGen: 71520K->1408K(72192K)] 415455K->345343K(802304K), 0.0041543 secs] [Times: user=0.02 sys=0.00, real=0.00 secs] 
1723.532: [GC (Allocation Failure) [PSYoungGen: 71552K->1344K(72192K)] 415487K->345279K(802304K), 0.0038998 secs] [Times: user=0.02 sys=0.00, real=0.01 secs] 
1723.924: [GC (Allocation Failure) [PSYoungGen: 71488K->1488K(72192K)] 415423K->345423K(802304K), 0.0019442 secs] [Times: user=0.01 sys=0.00, real=0.00 secs] 
1724.062: [GC (Allocation Failure) [PSYoungGen: 71632K->1501K(72192K)] 415567K->345436K(802304K), 0.0017255 secs] [Times: user=0.00 sys=0.00, real=0.01 secs] 
1724.185: [GC (Allocation Failure) [PSYoungGen: 71645K->1549K(72192K)] 415580K->345484K(802304K), 0.0015239 secs] [Times: user=0.00 sys=0.00, real=0.00 secs] 
1724.385: [GC (Allocation Failure) [PSYoungGen: 71693K->2000K(72192K)] 415628K->345935K(802304K), 0.0018599 secs] [Times: user=0.01 sys=0.00, real=0.00 secs] 
1725.148: [GC (Allocation Failure) [PSYoungGen: 72144K->1408K(72192K)] 416079K->345343K(802304K), 0.0019271 secs] [Times: user=0.01 sys=0.00, real=0.00 secs] 
1726.442: [GC (Allocation Failure) [PSYoungGen: 71552K->1344K(72192K)] 415487K->345279K(802304K), 0.0041125 secs] [Times: user=0.02 sys=0.00, real=0.01 secs] 
1727.750: [GC (Allocation Failure) [PSYoungGen: 71488K->1408K(72192K)] 415423K->345343K(802304K), 0.0041272 secs] [Times: user=0.01 sys=0.00, real=0.01 secs] 
1728.750: [GC (Allocation Failure) [PSYoungGen: 71552K->1453K(72192K)] 415487K->345388K(802304K), 0.0039036 secs] [Times: user=0.01 sys=0.00, real=0.01 secs] 
1728.968: [GC (Allocation Failure) [PSYoungGen: 71597K->1520K(72192K)] 415532K->345455K(802304K), 0.0018247 secs] [Times: user=0.01 sys=0.00, real=0.00 secs] 
1729.130: [GC (Allocation Failure) [PSYoungGen: 71664K->1488K(72192K)] 415599K->345423K(802304K), 0.0019656 secs] [Times: user=0.00 sys=0.00, real=0.00 secs] 
1729.283: [GC (Allocation Failure) [PSYoungGen: 71632K->1520K(72192K)] 415567K->345455K(802304K), 0.0014905 secs] [Times: user=0.01 sys=0.00, real=0.01 secs] 
1729.678: [GC (Allocation Failure) [PSYoungGen: 71664K->1440K(72192K)] 415599K->345383K(802304K), 0.0026851 secs] [Times: user=0.01 sys=0.00, real=0.00 secs] 
1730.292: [GC (Allocation Failure) [PSYoungGen: 71584K->1408K(72192K)] 415527K->345351K(802304K), 0.0024743 secs] [Times: user=0.01 sys=0.00, real=0.01 secs] 
1730.910: [GC (Allocation Failure) [PSYoungGen: 71552K->1376K(72192K)] 415495K->345351K(802304K), 0.0031781 secs] [Times: user=0.02 sys=0.00, real=0.00 secs] 
1731.280: [GC (Allocation Failure) [PSYoungGen: 71520K->1376K(72192K)] 415495K->345351K(802304K), 0.0019688 secs] [Times: user=0.01 sys=0.00, real=0.00 secs] 
1731.675: [GC (Allocation Failure) [PSYoungGen: 71520K->1437K(72192K)] 415495K->345412K(802304K), 0.0027893 secs] [Times: user=0.02 sys=0.00, real=0.00 secs] 
1731.858: [GC (Allocation Failure) [PSYoungGen: 71581K->1517K(72192K)] 415556K->345492K(802304K), 0.0016409 secs] [Times: user=0.00 sys=0.00, real=0.00 secs] 
1731.981: [GC (Allocation Failure) [PSYoungGen: 71661K->1453K(72192K)] 415636K->345428K(802304K), 0.0016990 secs] [Times: user=0.00 sys=0.00, real=0.00 secs] 
1732.104: [GC (Allocation Failure) [PSYoungGen: 71597K->1549K(72192K)] 415572K->345540K(802304K), 0.0015774 secs] [Times: user=0.00 sys=0.00, real=0.00 secs] 
1732.849: [GC (Allocation Failure) [PSYoungGen: 71693K->1456K(72192K)] 415684K->345447K(802304K), 0.0041954 secs] [Times: user=0.01 sys=0.00, real=0.00 secs] 
1734.160: [GC (Allocation Failure) [PSYoungGen: 71600K->1408K(72192K)] 415591K->345399K(802304K), 0.0043858 secs] [Times: user=0.02 sys=0.00, real=0.01 secs] 
1735.260: [GC (Allocation Failure) [PSYoungGen: 71552K->1440K(72192K)] 415543K->345431K(802304K), 0.0043149 secs] [Times: user=0.01 sys=0.00, real=0.01 secs] 
1735.983: [GC (Allocation Failure) [PSYoungGen: 71584K->1344K(72192K)] 415575K->345335K(802304K), 0.0032761 secs] [Times: user=0.01 sys=0.00, real=0.01 secs] 
1736.349: [GC (Allocation Failure) [PSYoungGen: 71488K->1520K(72192K)] 415479K->345511K(802304K), 0.0021535 secs] [Times: user=0.01 sys=0.00, real=0.00 secs] 
1736.485: [GC (Allocation Failure) [PSYoungGen: 71664K->1469K(72192K)] 415655K->345460K(802304K), 0.0015416 secs] [Times: user=0.01 sys=0.00, real=0.00 secs] 
1736.608: [GC (Allocation Failure) [PSYoungGen: 71613K->1517K(72192K)] 415604K->345508K(802304K), 0.0015854 secs] [Times: user=0.00 sys=0.00, real=0.00 secs] 
1736.733: [GC (Allocation Failure) [PSYoungGen: 71661K->1453K(72192K)] 415652K->345460K(802304K), 0.0015527 secs] [Times: user=0.00 sys=0.00, real=0.01 secs] 
1737.287: [GC (Allocation Failure) [PSYoungGen: 71597K->1376K(72192K)] 415604K->345383K(802304K), 0.0017010 secs] [Times: user=0.01 sys=0.00, real=0.00 secs] 
1737.883: [GC (Allocation Failure) [PSYoungGen: 71520K->1408K(72192K)] 415527K->345415K(802304K), 0.0032550 secs] [Times: user=0.02 sys=0.00, real=0.01 secs] 
1738.415: [GC (Allocation Failure) [PSYoungGen: 71552K->1344K(72192K)] 415559K->345351K(802304K), 0.0024649 secs] [Times: user=0.01 sys=0.01, real=0.00 secs] 
1738.975: [GC (Allocation Failure) [PSYoungGen: 71488K->1376K(72192K)] 415495K->345383K(802304K), 0.0031027 secs] [Times: user=0.01 sys=0.00, real=0.00 secs] 
1739.215: [GC (Allocation Failure) [PSYoungGen: 71520K->1488K(72192K)] 415527K->345495K(802304K), 0.0017608 secs] [Times: user=0.01 sys=0.00, real=0.00 secs] 
1739.339: [GC (Allocation Failure) [PSYoungGen: 71632K->1485K(72192K)] 415639K->345492K(802304K), 0.0014988 secs] [Times: user=0.00 sys=0.00, real=0.00 secs] 
1739.463: [GC (Allocation Failure) [PSYoungGen: 71629K->1485K(72192K)] 415636K->345492K(802304K), 0.0015734 secs] [Times: user=0.00 sys=0.00, real=0.01 secs] 
1739.668: [GC (Allocation Failure) [PSYoungGen: 71629K->1408K(72192K)] 415636K->345447K(802304K), 0.0018547 secs] [Times: user=0.01 sys=0.00, real=0.00 secs] 
1739.959: [GC (Allocation Failure) [PSYoungGen: 71552K->1376K(72192K)] 415591K->345415K(802304K), 0.0016384 secs] [Times: user=0.00 sys=0.00, real=0.00 secs] 
1740.250: [GC (Allocation Failure) [PSYoungGen: 71520K->1376K(72192K)] 415559K->345415K(802304K), 0.0018342 secs] [Times: user=0.00 sys=0.00, real=0.00 secs] 
1740.541: [GC (Allocation Failure) [PSYoungGen: 71520K->1408K(72192K)] 415559K->345447K(802304K), 0.0017795 secs] [Times: user=0.01 sys=0.00, real=0.00 secs] 
1740.831: [GC (Allocation Failure) [PSYoungGen: 71552K->1488K(72192K)] 415591K->345527K(802304K), 0.0019971 secs] [Times: user=0.01 sys=0.00, real=0.00 secs] 
1740.961: [GC (Allocation Failure) [PSYoungGen: 71632K->1488K(72192K)] 415671K->345527K(802304K), 0.0014948 secs] [Times: user=0.01 sys=0.00, real=0.00 secs] 
1741.084: [GC (Allocation Failure) [PSYoungGen: 71632K->1549K(72192K)] 415671K->345588K(802304K), 0.0015049 secs] [Times: user=0.01 sys=0.00, real=0.00 secs] 
1741.207: [GC (Allocation Failure) [PSYoungGen: 71693K->1453K(72192K)] 415732K->345492K(802304K), 0.0017090 secs] [Times: user=0.00 sys=0.00, real=0.00 secs] 
1741.874: [GC (Allocation Failure) [PSYoungGen: 71597K->1408K(72192K)] 415636K->345455K(802304K), 0.0020925 secs] [Times: user=0.01 sys=0.00, real=0.00 secs] 
1742.994: [GC (Allocation Failure) [PSYoungGen: 71552K->1392K(72192K)] 415599K->345439K(802304K), 0.0044949 secs] [Times: user=0.02 sys=0.00, real=0.00 secs] 
1743.580: [GC (Allocation Failure) [PSYoungGen: 71536K->1408K(72192K)] 415583K->345455K(802304K), 0.0044826 secs] [Times: user=0.01 sys=0.00, real=0.01 secs] 
1744.145: [GC (Allocation Failure) [PSYoungGen: 71552K->1344K(72192K)] 415599K->345391K(802304K), 0.0022608 secs] [Times: user=0.01 sys=0.00, real=0.00 secs] 
1744.563: [GC (Allocation Failure) [PSYoungGen: 71488K->1488K(72192K)] 415535K->345535K(802304K), 0.0025267 secs] [Times: user=0.01 sys=0.00, real=0.01 secs] 
1744.751: [GC (Allocation Failure) [PSYoungGen: 71632K->1488K(72192K)] 415679K->345535K(802304K), 0.0015133 secs] [Times: user=0.01 sys=0.00, real=0.00 secs] 
1744.874: [GC (Allocation Failure) [PSYoungGen: 71632K->1517K(72192K)] 415679K->345564K(802304K), 0.0015420 secs] [Times: user=0.01 sys=0.00, real=0.00 secs] 
1744.997: [GC (Allocation Failure) [PSYoungGen: 71661K->1456K(72192K)] 415708K->345519K(802304K), 0.0015605 secs] [Times: user=0.01 sys=0.00, real=0.00 secs] 
1745.547: [GC (Allocation Failure) [PSYoungGen: 71600K->1408K(72192K)] 415663K->345471K(802304K), 0.0027501 secs] [Times: user=0.01 sys=0.00, real=0.00 secs] 
1746.056: [GC (Allocation Failure) [PSYoungGen: 71552K->1376K(72192K)] 415615K->345439K(802304K), 0.0024149 secs] [Times: user=0.01 sys=0.00, real=0.00 secs] 
1746.648: [GC (Allocation Failure) [PSYoungGen: 71520K->1376K(72192K)] 415583K->345439K(802304K), 0.0051508 secs] [Times: user=0.02 sys=0.00, real=0.00 secs] 
1747.635: [GC (Allocation Failure) [PSYoungGen: 71520K->1360K(72192K)] 415583K->345423K(802304K), 0.0033147 secs] [Times: user=0.02 sys=0.00, real=0.00 secs] 
1748.009: [GC (Allocation Failure) [PSYoungGen: 71504K->1520K(72192K)] 415567K->345583K(802304K), 0.0021070 secs] [Times: user=0.01 sys=0.00, real=0.00 secs] 
1748.146: [GC (Allocation Failure) [PSYoungGen: 71664K->1472K(72192K)] 415727K->345535K(802304K), 0.0015277 secs] [Times: user=0.00 sys=0.00, real=0.00 secs] 
1748.269: [GC (Allocation Failure) [PSYoungGen: 71616K->1488K(72192K)] 415679K->345551K(802304K), 0.0015089 secs] [Times: user=0.01 sys=0.00, real=0.00 secs] 
1748.462: [GC (Allocation Failure) [PSYoungGen: 71632K->1984K(72192K)] 415695K->346047K(802304K), 0.0017911 secs] [Times: user=0.00 sys=0.00, real=0.01 secs] 
1748.763: [GC (Allocation Failure) [PSYoungGen: 72128K->1376K(72192K)] 416191K->345455K(802304K), 0.0016088 secs] [Times: user=0.01 sys=0.00, real=0.01 secs] 
1749.054: [GC (Allocation Failure) [PSYoungGen: 71520K->1376K(72192K)] 415599K->345455K(802304K), 0.0015066 secs] [Times: user=0.00 sys=0.00, real=0.00 secs] 
1749.466: [GC (Allocation Failure) [PSYoungGen: 71520K->1344K(72192K)] 415599K->345423K(802304K), 0.0016083 secs] [Times: user=0.00 sys=0.00, real=0.00 secs] 
1750.034: [GC (Allocation Failure) [PSYoungGen: 71488K->1424K(72192K)] 415567K->345503K(802304K), 0.0022168 secs] [Times: user=0.01 sys=0.00, real=0.00 secs] 
1750.199: [GC (Allocation Failure) [PSYoungGen: 71568K->1517K(72192K)] 415647K->345596K(802304K), 0.0014879 secs] [Times: user=0.01 sys=0.00, real=0.00 secs] 
1750.322: [GC (Allocation Failure) [PSYoungGen: 71661K->1485K(72192K)] 415740K->345564K(802304K), 0.0015024 secs] [Times: user=0.00 sys=0.00, real=0.01 secs] 
1750.445: [GC (Allocation Failure) [PSYoungGen: 71629K->1485K(72192K)] 415708K->345564K(802304K), 0.0015370 secs] [Times: user=0.00 sys=0.00, real=0.00 secs] 
1750.930: [GC (Allocation Failure) [PSYoungGen: 71629K->1440K(72192K)] 415708K->345519K(802304K), 0.0023264 secs] [Times: user=0.01 sys=0.00, real=0.00 secs] 
1751.639: [GC (Allocation Failure) [PSYoungGen: 71584K->1376K(72192K)] 415663K->345455K(802304K), 0.0041848 secs] [Times: user=0.02 sys=0.00, real=0.00 secs] 
1752.350: [GC (Allocation Failure) [PSYoungGen: 71520K->1408K(72192K)] 415599K->345487K(802304K), 0.0024893 secs] [Times: user=0.01 sys=0.00, real=0.00 secs] 
1753.095: [GC (Allocation Failure) [PSYoungGen: 71552K->1408K(72192K)] 415631K->345487K(802304K), 0.0029400 secs] [Times: user=0.01 sys=0.00, real=0.00 secs] 
1753.643: [GC (Allocation Failure) [PSYoungGen: 71552K->1488K(72192K)] 415631K->345567K(802304K), 0.0023597 secs] [Times: user=0.00 sys=0.00, real=0.01 secs] 
1753.805: [GC (Allocation Failure) [PSYoungGen: 71629K->1488K(72192K)] 415708K->345567K(802304K), 0.0015255 secs] [Times: user=0.01 sys=0.00, real=0.00 secs] 
1753.939: [GC (Allocation Failure) [PSYoungGen: 71632K->1504K(72192K)] 415711K->345583K(802304K), 0.0015387 secs] [Times: user=0.01 sys=0.00, real=0.00 secs] 
1754.066: [GC (Allocation Failure) [PSYoungGen: 71648K->1485K(72192K)] 415727K->345580K(802304K), 0.0015335 secs] [Times: user=0.01 sys=0.00, real=0.00 secs] 
1754.383: [GC (Allocation Failure) [PSYoungGen: 71629K->1408K(72192K)] 415724K->345503K(802304K), 0.0017769 secs] [Times: user=0.01 sys=0.00, real=0.01 secs] 
1754.875: [GC (Allocation Failure) [PSYoungGen: 71552K->1376K(72192K)] 415647K->345471K(802304K), 0.0018836 secs] [Times: user=0.00 sys=0.00, real=0.00 secs] 
1755.762: [GC (Allocation Failure) [PSYoungGen: 71520K->1408K(72192K)] 415615K->345503K(802304K), 0.0039596 secs] [Times: user=0.02 sys=0.00, real=0.01 secs] 
1756.804: [GC (Allocation Failure) [PSYoungGen: 71552K->1376K(72192K)] 415647K->345471K(802304K), 0.0043485 secs] [Times: user=0.01 sys=0.01, real=0.00 secs] 
1757.422: [GC (Allocation Failure) [PSYoungGen: 71520K->1520K(72192K)] 415615K->345615K(802304K), 0.0021639 secs] [Times: user=0.01 sys=0.00, real=0.01 secs] 
1757.567: [GC (Allocation Failure) [PSYoungGen: 71664K->1485K(72192K)] 415759K->345580K(802304K), 0.0015538 secs] [Times: user=0.01 sys=0.00, real=0.00 secs] 
1757.691: [GC (Allocation Failure) [PSYoungGen: 71629K->1520K(72192K)] 415724K->345615K(802304K), 0.0023063 secs] [Times: user=0.01 sys=0.00, real=0.00 secs] 
1757.815: [GC (Allocation Failure) [PSYoungGen: 71664K->128K(72192K)] 415759K->344239K(802304K), 0.0016826 secs] [Times: user=0.01 sys=0.00, real=0.00 secs] 
1759.146: [GC (Allocation Failure) [PSYoungGen: 70272K->1376K(71680K)] 414383K->345487K(801792K), 0.0054771 secs] [Times: user=0.02 sys=0.00, real=0.00 secs] 
1759.788: [GC (Allocation Failure) [PSYoungGen: 71520K->1408K(71680K)] 415631K->345519K(801792K), 0.0023678 secs] [Times: user=0.01 sys=0.00, real=0.00 secs] 
1760.432: [GC (Allocation Failure) [PSYoungGen: 71552K->1376K(71680K)] 415663K->345511K(801792K), 0.0025694 secs] [Times: user=0.01 sys=0.00, real=0.01 secs] 
1761.027: [GC (Allocation Failure) [PSYoungGen: 71520K->1376K(71680K)] 415655K->345511K(801792K), 0.0041103 secs] [Times: user=0.02 sys=0.00, real=0.00 secs] 
1761.280: [GC (Allocation Failure) [PSYoungGen: 71508K->1453K(71680K)] 415643K->345588K(801792K), 0.0017442 secs] [Times: user=0.01 sys=0.00, real=0.00 secs] 
1761.407: [GC (Allocation Failure) [PSYoungGen: 71597K->1581K(72192K)] 415732K->345716K(802304K), 0.0017229 secs] [Times: user=0.01 sys=0.00, real=0.00 secs] 
1761.531: [GC (Allocation Failure) [PSYoungGen: 71725K->525K(71168K)] 415860K->345684K(801280K), 0.0016282 secs] [Times: user=0.01 sys=0.00, real=0.00 secs] 
1762.166: [GC (Allocation Failure) [PSYoungGen: 70669K->1440K(71680K)] 415828K->346599K(801792K), 0.0035497 secs] [Times: user=0.01 sys=0.00, real=0.00 secs] 
1762.789: [GC (Allocation Failure) [PSYoungGen: 71584K->1408K(71680K)] 416743K->346575K(801792K), 0.0027548 secs] [Times: user=0.01 sys=0.00, real=0.00 secs] 
1763.303: [GC (Allocation Failure) [PSYoungGen: 71552K->1376K(71680K)] 416719K->346543K(801792K), 0.0023899 secs] [Times: user=0.01 sys=0.00, real=0.01 secs] 
1763.795: [GC (Allocation Failure) [PSYoungGen: 71520K->1376K(71680K)] 416687K->346543K(801792K), 0.0031439 secs] [Times: user=0.02 sys=0.00, real=0.00 secs] 
1764.321: [GC (Allocation Failure) [PSYoungGen: 71520K->1469K(71680K)] 416687K->346636K(801792K), 0.0028288 secs] [Times: user=0.01 sys=0.00, real=0.01 secs] 
1764.501: [GC (Allocation Failure) [PSYoungGen: 71613K->1456K(72192K)] 416780K->346623K(802304K), 0.0015562 secs] [Times: user=0.00 sys=0.00, real=0.00 secs] 
1764.645: [GC (Allocation Failure) [PSYoungGen: 71600K->1520K(72192K)] 416767K->346687K(802304K), 0.0018734 secs] [Times: user=0.01 sys=0.00, real=0.00 secs] 
1764.810: [GC (Allocation Failure) [PSYoungGen: 71664K->1488K(72192K)] 416831K->346655K(802304K), 0.0021870 secs] [Times: user=0.01 sys=0.00, real=0.00 secs] 
1765.293: [GC (Allocation Failure) [PSYoungGen: 71632K->1376K(72192K)] 416799K->346543K(802304K), 0.0024389 secs] [Times: user=0.01 sys=0.00, real=0.01 secs] 
1765.654: [GC (Allocation Failure) [PSYoungGen: 71520K->1312K(72192K)] 416687K->346479K(802304K), 0.0021461 secs] [Times: user=0.01 sys=0.00, real=0.00 secs] 
1765.974: [GC (Allocation Failure) [PSYoungGen: 71456K->1376K(72192K)] 416623K->346543K(802304K), 0.0020381 secs] [Times: user=0.01 sys=0.00, real=0.00 secs] 
1766.265: [GC (Allocation Failure) [PSYoungGen: 71520K->1408K(72192K)] 416687K->346575K(802304K), 0.0020785 secs] [Times: user=0.00 sys=0.00, real=0.00 secs] 
1766.537: [GC (Allocation Failure) [PSYoungGen: 71552K->1453K(72192K)] 416719K->346620K(802304K), 0.0015136 secs] [Times: user=0.01 sys=0.00, real=0.00 secs] 
1766.681: [GC (Allocation Failure) [PSYoungGen: 71597K->1456K(72192K)] 416764K->346623K(802304K), 0.0019116 secs] [Times: user=0.01 sys=0.00, real=0.00 secs] 
1766.838: [GC (Allocation Failure) [PSYoungGen: 71600K->1517K(72192K)] 416767K->346684K(802304K), 0.0015555 secs] [Times: user=0.01 sys=0.00, real=0.00 secs] 
1766.963: [GC (Allocation Failure) [PSYoungGen: 71661K->1485K(72192K)] 416828K->346668K(802304K), 0.0015327 secs] [Times: user=0.00 sys=0.00, real=0.01 secs] 
1768.193: [GC (Allocation Failure) [PSYoungGen: 71629K->1408K(72192K)] 416812K->346615K(802304K), 0.0034038 secs] [Times: user=0.01 sys=0.00, real=0.01 secs] 
1769.349: [GC (Allocation Failure) [PSYoungGen: 71552K->1344K(72192K)] 416759K->346551K(802304K), 0.0023094 secs] [Times: user=0.01 sys=0.00, real=0.00 secs] 
1769.877: [GC (Allocation Failure) [PSYoungGen: 71488K->1344K(72192K)] 416695K->346551K(802304K), 0.0026475 secs] [Times: user=0.02 sys=0.00, real=0.00 secs] 
1770.479: [GC (Allocation Failure) [PSYoungGen: 71488K->1408K(72192K)] 416695K->346615K(802304K), 0.0031326 secs] [Times: user=0.01 sys=0.00, real=0.00 secs] 
1770.763: [GC (Allocation Failure) [PSYoungGen: 71552K->1488K(72192K)] 416759K->346695K(802304K), 0.0020294 secs] [Times: user=0.01 sys=0.00, real=0.01 secs] 
1770.891: [GC (Allocation Failure) [PSYoungGen: 71632K->1485K(72192K)] 416839K->346692K(802304K), 0.0014981 secs] [Times: user=0.01 sys=0.00, real=0.00 secs] 
1771.014: [GC (Allocation Failure) [PSYoungGen: 71629K->1456K(72192K)] 416836K->346663K(802304K), 0.0015078 secs] [Times: user=0.01 sys=0.00, real=0.00 secs] 
1771.222: [GC (Allocation Failure) [PSYoungGen: 71600K->1472K(72192K)] 416807K->346679K(802304K), 0.0017805 secs] [Times: user=0.00 sys=0.00, real=0.00 secs] 
1771.573: [GC (Allocation Failure) [PSYoungGen: 71616K->1376K(72192K)] 416823K->346583K(802304K), 0.0017060 secs] [Times: user=0.01 sys=0.00, real=0.01 secs] 
1772.090: [GC (Allocation Failure) [PSYoungGen: 71520K->1392K(72192K)] 416727K->346599K(802304K), 0.0021616 secs] [Times: user=0.01 sys=0.00, real=0.00 secs] 
1772.643: [GC (Allocation Failure) [PSYoungGen: 71536K->1408K(72192K)] 416743K->346615K(802304K), 0.0023103 secs] [Times: user=0.01 sys=0.00, real=0.01 secs] 
1773.556: [GC (Allocation Failure) [PSYoungGen: 71552K->1437K(72192K)] 416759K->346644K(802304K), 0.0030946 secs] [Times: user=0.01 sys=0.00, real=0.00 secs] 
1773.761: [GC (Allocation Failure) [PSYoungGen: 71579K->1488K(72192K)] 416787K->346695K(802304K), 0.0017496 secs] [Times: user=0.00 sys=0.00, real=0.00 secs] 
1773.885: [GC (Allocation Failure) [PSYoungGen: 71632K->1517K(72192K)] 416839K->346724K(802304K), 0.0016300 secs] [Times: user=0.01 sys=0.01, real=0.00 secs] 
1774.008: [GC (Allocation Failure) [PSYoungGen: 71661K->1424K(72192K)] 416868K->346631K(802304K), 0.0015769 secs] [Times: user=0.01 sys=0.00, real=0.00 secs] 
1774.292: [GC (Allocation Failure) [PSYoungGen: 71568K->1408K(72192K)] 416775K->346615K(802304K), 0.0019524 secs] [Times: user=0.01 sys=0.00, real=0.01 secs] 
1774.584: [GC (Allocation Failure) [PSYoungGen: 71552K->1408K(72192K)] 416759K->346615K(802304K), 0.0018209 secs] [Times: user=0.01 sys=0.00, real=0.00 secs] 
1774.876: [GC (Allocation Failure) [PSYoungGen: 71552K->1408K(72192K)] 416759K->346615K(802304K), 0.0019267 secs] [Times: user=0.01 sys=0.00, real=0.00 secs] 
1775.252: [GC (Allocation Failure) [PSYoungGen: 71552K->1312K(72192K)] 416759K->346519K(802304K), 0.0025437 secs] [Times: user=0.01 sys=0.00, real=0.01 secs] 
1775.569: [GC (Allocation Failure) [PSYoungGen: 71456K->1488K(72192K)] 416663K->346695K(802304K), 0.0019234 secs] [Times: user=0.00 sys=0.00, real=0.00 secs] 
1775.695: [GC (Allocation Failure) [PSYoungGen: 71632K->1485K(72192K)] 416839K->346692K(802304K), 0.0015875 secs] [Times: user=0.01 sys=0.00, real=0.00 secs] 
1775.819: [GC (Allocation Failure) [PSYoungGen: 71629K->1501K(72192K)] 416836K->346708K(802304K), 0.0020834 secs] [Times: user=0.01 sys=0.00, real=0.00 secs] 
1775.942: [GC (Allocation Failure) [PSYoungGen: 71645K->1488K(72192K)] 416852K->346711K(802304K), 0.0015357 secs] [Times: user=0.00 sys=0.00, real=0.00 secs] 
1776.510: [GC (Allocation Failure) [PSYoungGen: 71632K->1408K(71680K)] 416855K->346631K(801792K), 0.0019016 secs] [Times: user=0.01 sys=0.00, real=0.00 secs] 
1777.192: [GC (Allocation Failure) [PSYoungGen: 71552K->1376K(71680K)] 416775K->346599K(801792K), 0.0036374 secs] [Times: user=0.01 sys=0.00, real=0.01 secs] 
1777.877: [GC (Allocation Failure) [PSYoungGen: 71520K->1360K(71680K)] 416743K->346607K(801792K), 0.0028666 secs] [Times: user=0.01 sys=0.00, real=0.00 secs] 
1778.506: [GC (Allocation Failure) [PSYoungGen: 71504K->1376K(71680K)] 416751K->346623K(801792K), 0.0031232 secs] [Times: user=0.02 sys=0.00, real=0.00 secs] 
1778.827: [GC (Allocation Failure) [PSYoungGen: 71520K->1424K(71680K)] 416767K->346671K(801792K), 0.0020418 secs] [Times: user=0.01 sys=0.00, real=0.00 secs] 
1778.959: [GC (Allocation Failure) [PSYoungGen: 71568K->1517K(71680K)] 416815K->346764K(801792K), 0.0017341 secs] [Times: user=0.01 sys=0.00, real=0.00 secs] 
1779.083: [GC (Allocation Failure) [PSYoungGen: 71661K->1517K(71680K)] 416908K->346764K(801792K), 0.0014985 secs] [Times: user=0.00 sys=0.00, real=0.01 secs] 
1779.253: [GC (Allocation Failure) [PSYoungGen: 71661K->1728K(72192K)] 416908K->346975K(802304K), 0.0019216 secs] [Times: user=0.01 sys=0.00, real=0.01 secs] 
1779.573: [GC (Allocation Failure) [PSYoungGen: 71872K->368K(70656K)] 417119K->346639K(800768K), 0.0018983 secs] [Times: user=0.01 sys=0.00, real=0.01 secs] 
1779.923: [GC (Allocation Failure) [PSYoungGen: 70512K->400K(72192K)] 416783K->346671K(802304K), 0.0018619 secs] [Times: user=0.01 sys=0.01, real=0.01 secs] 
1780.484: [GC (Allocation Failure) [PSYoungGen: 70544K->384K(71168K)] 416815K->346655K(801280K), 0.0033332 secs] [Times: user=0.02 sys=0.00, real=0.00 secs] 
1781.078: [GC (Allocation Failure) [PSYoungGen: 70528K->1392K(72192K)] 416799K->347663K(802304K), 0.0030595 secs] [Times: user=0.01 sys=0.00, real=0.00 secs] 
1781.291: [GC (Allocation Failure) [PSYoungGen: 71536K->1488K(71680K)] 417807K->347759K(801792K), 0.0019869 secs] [Times: user=0.01 sys=0.00, real=0.00 secs] 
1781.416: [GC (Allocation Failure) [PSYoungGen: 71120K->1485K(72192K)] 417391K->347756K(802304K), 0.0015593 secs] [Times: user=0.00 sys=0.00, real=0.00 secs] 
1781.539: [GC (Allocation Failure) [PSYoungGen: 71117K->1549K(72192K)] 417388K->347820K(802304K), 0.0020673 secs] [Times: user=0.01 sys=0.00, real=0.00 secs] 
1781.807: [GC (Allocation Failure) [PSYoungGen: 71181K->1408K(72192K)] 417452K->347679K(802304K), 0.0024384 secs] [Times: user=0.01 sys=0.00, real=0.00 secs] 
1782.099: [GC (Allocation Failure) [PSYoungGen: 71040K->1376K(71168K)] 417311K->347647K(801280K), 0.0020569 secs] [Times: user=0.01 sys=0.00, real=0.00 secs] 
1782.460: [GC (Allocation Failure) [PSYoungGen: 71008K->1408K(71168K)] 417279K->347679K(801280K), 0.0018705 secs] [Times: user=0.01 sys=0.00, real=0.00 secs] 
1782.770: [GC (Allocation Failure) [PSYoungGen: 71040K->1392K(71168K)] 417311K->347663K(801280K), 0.0018864 secs] [Times: user=0.00 sys=0.00, real=0.00 secs] 
1783.207: [GC (Allocation Failure) [PSYoungGen: 71024K->1453K(71168K)] 417295K->347724K(801280K), 0.0023259 secs] [Times: user=0.01 sys=0.00, real=0.00 secs] 
1783.345: [GC (Allocation Failure) [PSYoungGen: 71085K->1520K(71168K)] 417356K->347791K(801280K), 0.0016406 secs] [Times: user=0.00 sys=0.00, real=0.00 secs] 
1783.469: [GC (Allocation Failure) [PSYoungGen: 71152K->1549K(71680K)] 417423K->347820K(801792K), 0.0018090 secs] [Times: user=0.01 sys=0.00, real=0.00 secs] 
1783.592: [GC (Allocation Failure) [PSYoungGen: 71181K->429K(74240K)] 417452K->347740K(804352K), 0.0015475 secs] [Times: user=0.01 sys=0.00, real=0.00 secs] 
1784.162: [GC (Allocation Failure) [PSYoungGen: 73645K->1440K(74240K)] 420956K->348751K(804352K), 0.0023066 secs] [Times: user=0.01 sys=0.00, real=0.01 secs] 
1784.766: [GC (Allocation Failure) [PSYoungGen: 74144K->1408K(73728K)] 421455K->348719K(803840K), 0.0022060 secs] [Times: user=0.01 sys=0.00, real=0.00 secs] 
1785.125: [GC (Allocation Failure) [PSYoungGen: 73600K->1376K(73216K)] 420911K->348687K(803328K), 0.0021827 secs] [Times: user=0.01 sys=0.00, real=0.00 secs] 
1785.493: [GC (Allocation Failure) [PSYoungGen: 73056K->1376K(72704K)] 420367K->348687K(802816K), 0.0019572 secs] [Times: user=0.01 sys=0.00, real=0.01 secs] 
1785.766: [GC (Allocation Failure) [PSYoungGen: 72544K->1456K(72192K)] 419855K->348767K(802304K), 0.0020089 secs] [Times: user=0.01 sys=0.00, real=0.00 secs] 
1785.912: [GC (Allocation Failure) [PSYoungGen: 72112K->1520K(71680K)] 419423K->348831K(801792K), 0.0019197 secs] [Times: user=0.00 sys=0.00, real=0.01 secs] 
1786.063: [GC (Allocation Failure) [PSYoungGen: 71664K->1456K(72192K)] 418975K->348767K(802304K), 0.0015679 secs] [Times: user=0.01 sys=0.00, real=0.01 secs] 
1786.329: [GC (Allocation Failure) [PSYoungGen: 71600K->1712K(72192K)] 418911K->349023K(802304K), 0.0022815 secs] [Times: user=0.01 sys=0.00, real=0.00 secs] 
1787.199: [GC (Allocation Failure) [PSYoungGen: 71856K->1344K(72192K)] 419167K->348655K(802304K), 0.0026935 secs] [Times: user=0.01 sys=0.01, real=0.00 secs] 
1787.834: [GC (Allocation Failure) [PSYoungGen: 71488K->1344K(72192K)] 418799K->348671K(802304K), 0.0035317 secs] [Times: user=0.02 sys=0.00, real=0.00 secs] 
1788.639: [GC (Allocation Failure) [PSYoungGen: 71488K->1344K(72192K)] 418815K->348671K(802304K), 0.0033450 secs] [Times: user=0.01 sys=0.00, real=0.00 secs] 
1789.446: [GC (Allocation Failure) [PSYoungGen: 71488K->1392K(72192K)] 418815K->348719K(802304K), 0.0034830 secs] [Times: user=0.01 sys=0.00, real=0.00 secs] 
1789.657: [GC (Allocation Failure) [PSYoungGen: 71536K->1485K(72192K)] 418863K->348812K(802304K), 0.0018977 secs] [Times: user=0.00 sys=0.00, real=0.00 secs] 
1789.782: [GC (Allocation Failure) [PSYoungGen: 71629K->1453K(72192K)] 418956K->348780K(802304K), 0.0015553 secs] [Times: user=0.01 sys=0.00, real=0.01 secs] 
1789.907: [GC (Allocation Failure) [PSYoungGen: 71597K->1520K(72192K)] 418924K->348847K(802304K), 0.0015355 secs] [Times: user=0.00 sys=0.00, real=0.00 secs] 
1790.414: [GC (Allocation Failure) [PSYoungGen: 71664K->1408K(72192K)] 418991K->348735K(802304K), 0.0020869 secs] [Times: user=0.00 sys=0.00, real=0.00 secs] 
1791.573: [GC (Allocation Failure) [PSYoungGen: 71552K->1408K(72192K)] 418879K->348735K(802304K), 0.0026969 secs] [Times: user=0.01 sys=0.00, real=0.01 secs] 
1792.473: [GC (Allocation Failure) [PSYoungGen: 71552K->1392K(72192K)] 418879K->348719K(802304K), 0.0033977 secs] [Times: user=0.02 sys=0.00, real=0.01 secs] 
1793.152: [GC (Allocation Failure) [PSYoungGen: 71536K->1376K(72192K)] 418863K->348703K(802304K), 0.0033361 secs] [Times: user=0.01 sys=0.00, real=0.01 secs] 
1793.657: [GC (Allocation Failure) [PSYoungGen: 71520K->1488K(72192K)] 418847K->348815K(802304K), 0.0023973 secs] [Times: user=0.01 sys=0.00, real=0.00 secs] 
1793.865: [GC (Allocation Failure) [PSYoungGen: 71620K->1488K(72192K)] 418947K->348815K(802304K), 0.0022976 secs] [Times: user=0.01 sys=0.00, real=0.00 secs] 
1794.017: [GC (Allocation Failure) [PSYoungGen: 71632K->1485K(72192K)] 418959K->348812K(802304K), 0.0015528 secs] [Times: user=0.01 sys=0.00, real=0.00 secs] 
1794.141: [GC (Allocation Failure) [PSYoungGen: 71629K->1456K(72192K)] 418956K->348799K(802304K), 0.0015345 secs] [Times: user=0.01 sys=0.00, real=0.00 secs] 
1794.578: [GC (Allocation Failure) [PSYoungGen: 71600K->1392K(72192K)] 418943K->348735K(802304K), 0.0043689 secs] [Times: user=0.02 sys=0.00, real=0.00 secs] 
1795.167: [GC (Allocation Failure) [PSYoungGen: 71536K->1376K(72192K)] 418879K->348719K(802304K), 0.0027124 secs] [Times: user=0.02 sys=0.00, real=0.00 secs] 
1795.765: [GC (Allocation Failure) [PSYoungGen: 71520K->1392K(72192K)] 418863K->348735K(802304K), 0.0021084 secs] [Times: user=0.01 sys=0.00, real=0.00 secs] 
1796.344: [GC (Allocation Failure) [PSYoungGen: 71536K->1376K(72192K)] 418879K->348719K(802304K), 0.0025172 secs] [Times: user=0.01 sys=0.01, real=0.00 secs] 
1796.744: [GC (Allocation Failure) [PSYoungGen: 71520K->1488K(72192K)] 418863K->348831K(802304K), 0.0020632 secs] [Times: user=0.00 sys=0.00, real=0.00 secs] 
1796.877: [GC (Allocation Failure) [PSYoungGen: 71632K->1485K(72192K)] 418975K->348828K(802304K), 0.0015545 secs] [Times: user=0.01 sys=0.00, real=0.00 secs] 
1797.000: [GC (Allocation Failure) [PSYoungGen: 71629K->1421K(72192K)] 418972K->348764K(802304K), 0.0015993 secs] [Times: user=0.01 sys=0.00, real=0.00 secs] 
1797.123: [GC (Allocation Failure) [PSYoungGen: 71565K->1504K(72192K)] 418908K->348863K(802304K), 0.0018806 secs] [Times: user=0.01 sys=0.00, real=0.01 secs] 
1797.832: [GC (Allocation Failure) [PSYoungGen: 71648K->1408K(71680K)] 419007K->348767K(801792K), 0.0024088 secs] [Times: user=0.01 sys=0.00, real=0.01 secs] 
1798.565: [GC (Allocation Failure) [PSYoungGen: 71552K->1408K(71680K)] 418911K->348783K(801792K), 0.0025573 secs] [Times: user=0.01 sys=0.00, real=0.00 secs] 
1799.423: [GC (Allocation Failure) [PSYoungGen: 71552K->1376K(71680K)] 418927K->348751K(801792K), 0.0028982 secs] [Times: user=0.01 sys=0.00, real=0.01 secs] 
1800.471: [GC (Allocation Failure) [PSYoungGen: 71520K->1376K(71680K)] 418895K->348751K(801792K), 0.0028078 secs] [Times: user=0.01 sys=0.00, real=0.01 secs] 
1800.706: [GC (Allocation Failure) [PSYoungGen: 71520K->1517K(71680K)] 418895K->348924K(801792K), 0.0015773 secs] [Times: user=0.00 sys=0.00, real=0.00 secs] 
1800.832: [GC (Allocation Failure) [PSYoungGen: 71661K->1472K(71680K)] 419068K->348879K(801792K), 0.0018429 secs] [Times: user=0.00 sys=0.00, real=0.00 secs] 
1800.959: [GC (Allocation Failure) [PSYoungGen: 71616K->1485K(71680K)] 419023K->348892K(801792K), 0.0015755 secs] [Times: user=0.01 sys=0.00, real=0.00 secs] 
1801.437: [GC (Allocation Failure) [PSYoungGen: 71629K->1440K(71680K)] 419036K->348847K(801792K), 0.0031155 secs] [Times: user=0.01 sys=0.00, real=0.00 secs] 
1802.224: [GC (Allocation Failure) [PSYoungGen: 71584K->1408K(71680K)] 418991K->348815K(801792K), 0.0033847 secs] [Times: user=0.02 sys=0.00, real=0.00 secs] 
1803.110: [GC (Allocation Failure) [PSYoungGen: 71552K->1376K(71680K)] 418959K->348783K(801792K), 0.0037414 secs] [Times: user=0.01 sys=0.00, real=0.01 secs] 
1803.706: [GC (Allocation Failure) [PSYoungGen: 71520K->1376K(71680K)] 418927K->348783K(801792K), 0.0023339 secs] [Times: user=0.01 sys=0.00, real=0.00 secs] 
1804.277: [GC (Allocation Failure) [PSYoungGen: 71520K->1440K(71680K)] 418927K->348847K(801792K), 0.0029393 secs] [Times: user=0.01 sys=0.00, real=0.00 secs] 
1804.469: [GC (Allocation Failure) [PSYoungGen: 71584K->1501K(72192K)] 418991K->348908K(802304K), 0.0016905 secs] [Times: user=0.00 sys=0.00, real=0.00 secs] 
1804.612: [GC (Allocation Failure) [PSYoungGen: 71645K->1488K(72192K)] 419052K->348895K(802304K), 0.0019652 secs] [Times: user=0.01 sys=0.00, real=0.01 secs] 
1804.776: [GC (Allocation Failure) [PSYoungGen: 71632K->1488K(72192K)] 419039K->348895K(802304K), 0.0019244 secs] [Times: user=0.01 sys=0.00, real=0.00 secs] 
1805.629: [GC (Allocation Failure) [PSYoungGen: 71632K->1408K(72192K)] 419039K->348839K(802304K), 0.0031678 secs] [Times: user=0.01 sys=0.00, real=0.00 secs] 
1806.201: [GC (Allocation Failure) [PSYoungGen: 71552K->1376K(72192K)] 418983K->348807K(802304K), 0.0025600 secs] [Times: user=0.01 sys=0.00, real=0.01 secs] 
1806.793: [GC (Allocation Failure) [PSYoungGen: 71520K->1376K(72192K)] 418951K->348807K(802304K), 0.0021430 secs] [Times: user=0.00 sys=0.01, real=0.01 secs] 
1807.484: [GC (Allocation Failure) [PSYoungGen: 71520K->1376K(72192K)] 418951K->348807K(802304K), 0.0076322 secs] [Times: user=0.04 sys=0.00, real=0.00 secs] 
1807.793: [GC (Allocation Failure) [PSYoungGen: 71520K->1453K(72192K)] 418951K->348884K(802304K), 0.0015073 secs] [Times: user=0.00 sys=0.00, real=0.01 secs] 
1807.917: [GC (Allocation Failure) [PSYoungGen: 71579K->1424K(72192K)] 419010K->348855K(802304K), 0.0015270 secs] [Times: user=0.01 sys=0.00, real=0.00 secs] 
1808.040: [GC (Allocation Failure) [PSYoungGen: 71568K->1456K(72192K)] 418999K->348887K(802304K), 0.0015374 secs] [Times: user=0.01 sys=0.00, real=0.00 secs] 
1808.164: [GC (Allocation Failure) [PSYoungGen: 71600K->1517K(72192K)] 419031K->348972K(802304K), 0.0014978 secs] [Times: user=0.01 sys=0.00, real=0.00 secs] 
1808.625: [GC (Allocation Failure) [PSYoungGen: 71661K->1440K(72192K)] 419116K->348903K(802304K), 0.0020666 secs] [Times: user=0.01 sys=0.00, real=0.00 secs] 
1809.209: [GC (Allocation Failure) [PSYoungGen: 71584K->1344K(72192K)] 419047K->348823K(802304K), 0.0026480 secs] [Times: user=0.02 sys=0.00, real=0.00 secs] 
1809.900: [GC (Allocation Failure) [PSYoungGen: 71488K->1408K(72192K)] 418967K->348887K(802304K), 0.0024924 secs] [Times: user=0.01 sys=0.00, real=0.00 secs] 
1810.659: [GC (Allocation Failure) [PSYoungGen: 71552K->1408K(72192K)] 419031K->348895K(802304K), 0.0040083 secs] [Times: user=0.01 sys=0.00, real=0.00 secs] 
1811.011: [GC (Allocation Failure) [PSYoungGen: 71525K->1488K(72192K)] 419013K->348975K(802304K), 0.0021101 secs] [Times: user=0.01 sys=0.00, real=0.00 secs] 
1811.148: [GC (Allocation Failure) [PSYoungGen: 71632K->1517K(72192K)] 419119K->349004K(802304K), 0.0015101 secs] [Times: user=0.00 sys=0.00, real=0.00 secs] 
1811.272: [GC (Allocation Failure) [PSYoungGen: 71661K->1424K(72192K)] 419148K->348911K(802304K), 0.0016673 secs] [Times: user=0.01 sys=0.00, real=0.01 secs] 
1811.627: [GC (Allocation Failure) [PSYoungGen: 71568K->1952K(72192K)] 419055K->349951K(802304K), 0.0023230 secs] [Times: user=0.01 sys=0.00, real=0.00 secs] 
1812.282: [GC (Allocation Failure) [PSYoungGen: 72096K->1376K(72192K)] 420095K->349375K(802304K), 0.0023457 secs] [Times: user=0.01 sys=0.00, real=0.01 secs] 
1812.844: [GC (Allocation Failure) [PSYoungGen: 71520K->1456K(72192K)] 419519K->349455K(802304K), 0.0022054 secs] [Times: user=0.01 sys=0.00, real=0.00 secs] 
1813.543: [GC (Allocation Failure) [PSYoungGen: 71600K->1408K(72192K)] 419599K->349407K(802304K), 0.0033397 secs] [Times: user=0.02 sys=0.01, real=0.01 secs] 
1814.400: [GC (Allocation Failure) [PSYoungGen: 71527K->1373K(72192K)] 419526K->349372K(802304K), 0.0038904 secs] [Times: user=0.01 sys=0.00, real=0.01 secs] 
1814.623: [GC (Allocation Failure) [PSYoungGen: 71517K->1488K(72192K)] 419516K->349487K(802304K), 0.0017849 secs] [Times: user=0.01 sys=0.00, real=0.01 secs] 
1814.750: [GC (Allocation Failure) [PSYoungGen: 71632K->1488K(72192K)] 419631K->349487K(802304K), 0.0015309 secs] [Times: user=0.00 sys=0.00, real=0.00 secs] 
1814.874: [GC (Allocation Failure) [PSYoungGen: 71632K->1453K(72192K)] 419631K->349452K(802304K), 0.0015752 secs] [Times: user=0.00 sys=0.00, real=0.00 secs] 
1816.174: [GC (Allocation Failure) [PSYoungGen: 71597K->1440K(72192K)] 419596K->349439K(802304K), 0.0053491 secs] [Times: user=0.02 sys=0.00, real=0.01 secs] 
1817.145: [GC (Allocation Failure) [PSYoungGen: 71584K->1376K(72192K)] 419583K->349383K(802304K), 0.0025291 secs] [Times: user=0.01 sys=0.00, real=0.00 secs] 
1817.840: [GC (Allocation Failure) [PSYoungGen: 71520K->1344K(72192K)] 419527K->349351K(802304K), 0.0093092 secs] [Times: user=0.03 sys=0.01, real=0.01 secs] 
1818.441: [GC (Allocation Failure) [PSYoungGen: 71488K->1376K(72192K)] 419495K->349383K(802304K), 0.0024623 secs] [Times: user=0.01 sys=0.00, real=0.01 secs] 
1819.581: [GC (Allocation Failure) [PSYoungGen: 71520K->1520K(72192K)] 419527K->349527K(802304K), 0.0023177 secs] [Times: user=0.01 sys=0.00, real=0.00 secs] 
1819.735: [GC (Allocation Failure) [PSYoungGen: 71640K->1485K(72192K)] 419647K->349492K(802304K), 0.0015429 secs] [Times: user=0.01 sys=0.00, real=0.00 secs] 
1819.859: [GC (Allocation Failure) [PSYoungGen: 71629K->1517K(72192K)] 419636K->349524K(802304K), 0.0015692 secs] [Times: user=0.01 sys=0.00, real=0.00 secs] 
1820.002: [GC (Allocation Failure) [PSYoungGen: 71661K->1456K(72192K)] 419668K->349471K(802304K), 0.0020215 secs] [Times: user=0.01 sys=0.00, real=0.01 secs] 
1820.848: [GC (Allocation Failure) [PSYoungGen: 71600K->1440K(72192K)] 419615K->349455K(802304K), 0.0024815 secs] [Times: user=0.01 sys=0.00, real=0.00 secs] 
1821.569: [GC (Allocation Failure) [PSYoungGen: 71584K->1376K(72192K)] 419599K->349415K(802304K), 0.0024151 secs] [Times: user=0.01 sys=0.01, real=0.00 secs] 
1822.579: [GC (Allocation Failure) [PSYoungGen: 71520K->1408K(72192K)] 419559K->349447K(802304K), 0.0028135 secs] [Times: user=0.01 sys=0.00, real=0.00 secs] 
1823.455: [GC (Allocation Failure) [PSYoungGen: 71552K->1376K(72192K)] 419591K->349415K(802304K), 0.0026348 secs] [Times: user=0.02 sys=0.00, real=0.00 secs] 
1824.058: [GC (Allocation Failure) [PSYoungGen: 71520K->1456K(72192K)] 419559K->349495K(802304K), 0.0020856 secs] [Times: user=0.01 sys=0.00, real=0.00 secs] 
1824.198: [GC (Allocation Failure) [PSYoungGen: 71600K->1517K(72192K)] 419639K->349556K(802304K), 0.0015311 secs] [Times: user=0.01 sys=0.00, real=0.00 secs] 
1824.321: [GC (Allocation Failure) [PSYoungGen: 71661K->1520K(72192K)] 419700K->349559K(802304K), 0.0016846 secs] [Times: user=0.00 sys=0.00, real=0.00 secs] 
1824.445: [GC (Allocation Failure) [PSYoungGen: 71211K->224K(72192K)] 419251K->348263K(802304K), 0.0013679 secs] [Times: user=0.01 sys=0.00, real=0.00 secs] 
1825.622: [GC (Allocation Failure) [PSYoungGen: 70368K->1376K(72192K)] 418407K->349415K(802304K), 0.0037216 secs] [Times: user=0.01 sys=0.00, real=0.01 secs] 
1826.205: [GC (Allocation Failure) [PSYoungGen: 71520K->1376K(72192K)] 419559K->349415K(802304K), 0.0021211 secs] [Times: user=0.00 sys=0.00, real=0.00 secs] 
1826.771: [GC (Allocation Failure) [PSYoungGen: 71520K->1344K(72192K)] 419559K->349383K(802304K), 0.0027307 secs] [Times: user=0.01 sys=0.00, real=0.00 secs] 
1827.282: [GC (Allocation Failure) [PSYoungGen: 71488K->256K(72192K)] 419527K->348295K(802304K), 0.0019556 secs] [Times: user=0.01 sys=0.00, real=0.01 secs] 
1827.419: [GC (Allocation Failure) [PSYoungGen: 70400K->1424K(72192K)] 418439K->349463K(802304K), 0.0021091 secs] [Times: user=0.01 sys=0.00, real=0.00 secs] 
1827.544: [GC (Allocation Failure) [PSYoungGen: 71568K->1485K(72192K)] 419607K->349524K(802304K), 0.0015681 secs] [Times: user=0.00 sys=0.00, real=0.00 secs] 
1827.688: [GC (Allocation Failure) [PSYoungGen: 71629K->1488K(72192K)] 419668K->349527K(802304K), 0.0019565 secs] [Times: user=0.01 sys=0.00, real=0.00 secs] 
1828.355: [GC (Allocation Failure) [PSYoungGen: 71632K->1408K(72192K)] 419671K->349447K(802304K), 0.0040635 secs] [Times: user=0.02 sys=0.00, real=0.00 secs] 
1830.493: [GC (Allocation Failure) [PSYoungGen: 71552K->1376K(72192K)] 419591K->349415K(802304K), 0.0042654 secs] [Times: user=0.01 sys=0.00, real=0.01 secs] 
1831.546: [GC (Allocation Failure) [PSYoungGen: 71520K->1376K(72192K)] 419559K->349439K(802304K), 0.0041239 secs] [Times: user=0.01 sys=0.00, real=0.00 secs] 
1831.923: [GC (Allocation Failure) [PSYoungGen: 71520K->1376K(72192K)] 419583K->349439K(802304K), 0.0020020 secs] [Times: user=0.01 sys=0.00, real=0.01 secs] 
1832.371: [GC (Allocation Failure) [PSYoungGen: 71520K->1488K(72192K)] 419583K->349551K(802304K), 0.0021495 secs] [Times: user=0.01 sys=0.00, real=0.00 secs] 
1832.567: [GC (Allocation Failure) [PSYoungGen: 71632K->1488K(72192K)] 419695K->349551K(802304K), 0.0024847 secs] [Times: user=0.01 sys=0.00, real=0.00 secs] 
1832.773: [GC (Allocation Failure) [PSYoungGen: 71632K->1520K(72192K)] 419695K->349583K(802304K), 0.0022291 secs] [Times: user=0.01 sys=0.00, real=0.01 secs] 
1832.921: [GC (Allocation Failure) [PSYoungGen: 71664K->1472K(72192K)] 419727K->349543K(802304K), 0.0015537 secs] [Times: user=0.01 sys=0.00, real=0.00 secs] 
1833.298: [GC (Allocation Failure) [PSYoungGen: 71616K->1392K(72192K)] 419687K->349463K(802304K), 0.0033173 secs] [Times: user=0.01 sys=0.00, real=0.00 secs] 
1833.759: [GC (Allocation Failure) [PSYoungGen: 71536K->1376K(72192K)] 419607K->349447K(802304K), 0.0023006 secs] [Times: user=0.01 sys=0.00, real=0.00 secs] 
1834.367: [GC (Allocation Failure) [PSYoungGen: 71520K->1408K(72192K)] 419591K->349479K(802304K), 0.0023495 secs] [Times: user=0.01 sys=0.00, real=0.00 secs] 
1834.915: [GC (Allocation Failure) [PSYoungGen: 71552K->1392K(72192K)] 419623K->349463K(802304K), 0.0025675 secs] [Times: user=0.01 sys=0.00, real=0.00 secs] 
1835.378: [GC (Allocation Failure) [PSYoungGen: 71536K->1437K(72192K)] 419607K->349508K(802304K), 0.0017824 secs] [Times: user=0.01 sys=0.00, real=0.00 secs] 
1835.520: [GC (Allocation Failure) [PSYoungGen: 71576K->1456K(72192K)] 419648K->349527K(802304K), 0.0018993 secs] [Times: user=0.01 sys=0.00, real=0.00 secs] 
1835.684: [GC (Allocation Failure) [PSYoungGen: 71600K->1520K(72192K)] 419671K->349591K(802304K), 0.0021258 secs] [Times: user=0.01 sys=0.00, real=0.00 secs] 
1835.884: [GC (Allocation Failure) [PSYoungGen: 71664K->1488K(72192K)] 419735K->349567K(802304K), 0.0068443 secs] [Times: user=0.02 sys=0.01, real=0.01 secs] 
1836.193: [GC (Allocation Failure) [PSYoungGen: 71632K->1440K(72192K)] 419711K->349519K(802304K), 0.0020281 secs] [Times: user=0.01 sys=0.00, real=0.01 secs] 
1836.484: [GC (Allocation Failure) [PSYoungGen: 71584K->1376K(77824K)] 419663K->349455K(807936K), 0.0020325 secs] [Times: user=0.01 sys=0.00, real=0.00 secs] 
1837.055: [GC (Allocation Failure) [PSYoungGen: 77664K->1376K(77312K)] 425743K->349455K(807424K), 0.0021839 secs] [Times: user=0.01 sys=0.00, real=0.00 secs] 
1837.383: [GC (Allocation Failure) [PSYoungGen: 77152K->1533K(76800K)] 425231K->349612K(806912K), 0.0022191 secs] [Times: user=0.01 sys=0.00, real=0.01 secs] 
1837.530: [GC (Allocation Failure) [PSYoungGen: 76797K->1517K(76288K)] 424876K->349612K(806400K), 0.0015792 secs] [Times: user=0.01 sys=0.00, real=0.00 secs] 
1837.663: [GC (Allocation Failure) [PSYoungGen: 76269K->1549K(76800K)] 424364K->349644K(806912K), 0.0017653 secs] [Times: user=0.01 sys=0.00, real=0.01 secs] 
1837.795: [GC (Allocation Failure) [PSYoungGen: 76301K->1549K(76800K)] 424396K->349644K(806912K), 0.0017340 secs] [Times: user=0.01 sys=0.00, real=0.00 secs] 
1838.048: [GC (Allocation Failure) [PSYoungGen: 76301K->1440K(82432K)] 424396K->349535K(812544K), 0.0020139 secs] [Times: user=0.00 sys=0.00, real=0.00 secs] 
1838.384: [GC (Allocation Failure) [PSYoungGen: 82336K->1408K(81920K)] 430431K->349503K(812032K), 0.0018703 secs] [Times: user=0.01 sys=0.00, real=0.00 secs] 
1838.718: [GC (Allocation Failure) [PSYoungGen: 81792K->1328K(81408K)] 429887K->349423K(811520K), 0.0019512 secs] [Times: user=0.01 sys=0.00, real=0.00 secs] 
1839.101: [GC (Allocation Failure) [PSYoungGen: 81200K->1504K(80896K)] 429295K->349599K(811008K), 0.0022810 secs] [Times: user=0.01 sys=0.00, real=0.01 secs] 
1839.253: [GC (Allocation Failure) [PSYoungGen: 80864K->1517K(80384K)] 428959K->349612K(810496K), 0.0017109 secs] [Times: user=0.00 sys=0.00, real=0.01 secs] 
1839.391: [GC (Allocation Failure) [PSYoungGen: 80365K->1472K(79872K)] 428460K->349567K(809984K), 0.0016051 secs] [Times: user=0.00 sys=0.00, real=0.00 secs] 
1839.529: [GC (Allocation Failure) [PSYoungGen: 79808K->1456K(79360K)] 427903K->349551K(809472K), 0.0015675 secs] [Times: user=0.01 sys=0.00, real=0.00 secs] 
1840.042: [GC (Allocation Failure) [PSYoungGen: 79280K->1440K(78848K)] 427375K->349535K(808960K), 0.0021775 secs] [Times: user=0.00 sys=0.00, real=0.01 secs] 
1840.806: [GC (Allocation Failure) [PSYoungGen: 78752K->1408K(78336K)] 426847K->349519K(808448K), 0.0024967 secs] [Times: user=0.01 sys=0.00, real=0.00 secs] 
1841.518: [GC (Allocation Failure) [PSYoungGen: 78208K->1344K(77824K)] 426319K->349455K(807936K), 0.0036809 secs] [Times: user=0.02 sys=0.00, real=0.00 secs] 
1842.308: [GC (Allocation Failure) [PSYoungGen: 77632K->1488K(77312K)] 425743K->349599K(807424K), 0.0028604 secs] [Times: user=0.01 sys=0.00, real=0.00 secs] 
1842.506: [GC (Allocation Failure) [PSYoungGen: 77264K->1520K(76800K)] 425375K->349631K(806912K), 0.0017118 secs] [Times: user=0.01 sys=0.00, real=0.00 secs] 
1842.640: [GC (Allocation Failure) [PSYoungGen: 76784K->1517K(76288K)] 424895K->349628K(806400K), 0.0016277 secs] [Times: user=0.01 sys=0.00, real=0.00 secs] 
1842.793: [GC (Allocation Failure) [PSYoungGen: 76269K->1520K(75776K)] 424380K->349631K(805888K), 0.0019843 secs] [Times: user=0.01 sys=0.00, real=0.01 secs] 
1843.211: [GC (Allocation Failure) [PSYoungGen: 75760K->1424K(75264K)] 423871K->349535K(805376K), 0.0021220 secs] [Times: user=0.01 sys=0.00, real=0.00 secs] 
1843.518: [GC (Allocation Failure) [PSYoungGen: 75152K->1408K(74752K)] 423263K->349519K(804864K), 0.0022632 secs] [Times: user=0.01 sys=0.00, real=0.00 secs] 
1843.822: [GC (Allocation Failure) [PSYoungGen: 74624K->1376K(74240K)] 422735K->349487K(804352K), 0.0021281 secs] [Times: user=0.00 sys=0.00, real=0.01 secs] 
1844.124: [GC (Allocation Failure) [PSYoungGen: 74080K->1376K(73728K)] 422191K->349487K(803840K), 0.0020780 secs] [Times: user=0.01 sys=0.00, real=0.00 secs] 
1844.364: [GC (Allocation Failure) [PSYoungGen: 73568K->1517K(73216K)] 421679K->349628K(803328K), 0.0017699 secs] [Times: user=0.01 sys=0.00, real=0.00 secs] 
1844.491: [GC (Allocation Failure) [PSYoungGen: 73197K->1520K(72704K)] 421308K->349631K(802816K), 0.0018099 secs] [Times: user=0.01 sys=0.00, real=0.00 secs] 
1844.618: [GC (Allocation Failure) [PSYoungGen: 72688K->1520K(72192K)] 420799K->349631K(802304K), 0.0017078 secs] [Times: user=0.00 sys=0.01, real=0.00 secs] 
1844.821: [GC (Allocation Failure) [PSYoungGen: 72176K->1440K(71680K)] 420287K->349551K(801792K), 0.0020436 secs] [Times: user=0.01 sys=0.00, real=0.00 secs] 
1845.325: [GC (Allocation Failure) [PSYoungGen: 71584K->1376K(72192K)] 419695K->349495K(802304K), 0.0020212 secs] [Times: user=0.00 sys=0.00, real=0.00 secs] 
1845.911: [GC (Allocation Failure) [PSYoungGen: 71520K->1376K(72192K)] 419639K->349495K(802304K), 0.0042586 secs] [Times: user=0.01 sys=0.00, real=0.01 secs] 
1846.490: [GC (Allocation Failure) [PSYoungGen: 71520K->1408K(72192K)] 419639K->349527K(802304K), 0.0027466 secs] [Times: user=0.01 sys=0.00, real=0.00 secs] 
1847.099: [GC (Allocation Failure) [PSYoungGen: 71552K->1456K(72192K)] 419671K->349575K(802304K), 0.0022757 secs] [Times: user=0.01 sys=0.00, real=0.00 secs] 
1847.289: [GC (Allocation Failure) [PSYoungGen: 71600K->1520K(72192K)] 419719K->349663K(802304K), 0.0022383 secs] [Times: user=0.01 sys=0.00, real=0.00 secs] 
1847.439: [GC (Allocation Failure) [PSYoungGen: 71664K->1424K(72192K)] 419807K->349567K(802304K), 0.0015620 secs] [Times: user=0.00 sys=0.00, real=0.00 secs] 
1847.563: [GC (Allocation Failure) [PSYoungGen: 71568K->1488K(72192K)] 419711K->349631K(802304K), 0.0015281 secs] [Times: user=0.01 sys=0.00, real=0.01 secs] 
1847.990: [GC (Allocation Failure) [PSYoungGen: 71632K->1376K(72192K)] 419775K->349519K(802304K), 0.0037199 secs] [Times: user=0.01 sys=0.00, real=0.00 secs] 
1848.735: [GC (Allocation Failure) [PSYoungGen: 71520K->1376K(72192K)] 419663K->349519K(802304K), 0.0035504 secs] [Times: user=0.02 sys=0.00, real=0.00 secs] 
1849.592: [GC (Allocation Failure) [PSYoungGen: 71520K->1408K(72192K)] 419663K->349551K(802304K), 0.0039918 secs] [Times: user=0.01 sys=0.00, real=0.01 secs] 
1850.436: [GC (Allocation Failure) [PSYoungGen: 71552K->1344K(72192K)] 419695K->349487K(802304K), 0.0038598 secs] [Times: user=0.02 sys=0.00, real=0.00 secs] 
1850.967: [GC (Allocation Failure) [PSYoungGen: 71488K->1520K(72192K)] 419631K->349663K(802304K), 0.0022871 secs] [Times: user=0.01 sys=0.00, real=0.00 secs] 
1851.117: [GC (Allocation Failure) [PSYoungGen: 71646K->1453K(72192K)] 419789K->349596K(802304K), 0.0015426 secs] [Times: user=0.01 sys=0.00, real=0.00 secs] 
1851.259: [GC (Allocation Failure) [PSYoungGen: 71597K->1520K(72192K)] 419740K->349663K(802304K), 0.0019872 secs] [Times: user=0.00 sys=0.00, real=0.00 secs] 
1851.424: [GC (Allocation Failure) [PSYoungGen: 71664K->1520K(72192K)] 419807K->349671K(802304K), 0.0021712 secs] [Times: user=0.01 sys=0.00, real=0.01 secs] 
1852.188: [GC (Allocation Failure) [PSYoungGen: 71664K->1408K(72192K)] 419815K->349559K(802304K), 0.0023081 secs] [Times: user=0.01 sys=0.00, real=0.00 secs] 
1853.074: [GC (Allocation Failure) [PSYoungGen: 71552K->1328K(72192K)] 419703K->349479K(802304K), 0.0025508 secs] [Times: user=0.01 sys=0.00, real=0.00 secs] 
1853.894: [GC (Allocation Failure) [PSYoungGen: 71472K->1392K(72192K)] 419623K->349543K(802304K), 0.0030069 secs] [Times: user=0.02 sys=0.00, real=0.00 secs] 
1854.539: [GC (Allocation Failure) [PSYoungGen: 71536K->1376K(72192K)] 419687K->349527K(802304K), 0.0033272 secs] [Times: user=0.01 sys=0.00, real=0.00 secs] 
1854.949: [GC (Allocation Failure) [PSYoungGen: 71520K->1520K(72192K)] 419671K->349671K(802304K), 0.0021250 secs] [Times: user=0.00 sys=0.00, real=0.00 secs] 
1855.121: [GC (Allocation Failure) [PSYoungGen: 71664K->1488K(72192K)] 419815K->349639K(802304K), 0.0021231 secs] [Times: user=0.01 sys=0.00, real=0.00 secs] 
1855.287: [GC (Allocation Failure) [PSYoungGen: 71632K->1469K(72192K)] 419783K->349620K(802304K), 0.0014984 secs] [Times: user=0.01 sys=0.00, real=0.00 secs] 
1855.467: [GC (Allocation Failure) [PSYoungGen: 71613K->1920K(72192K)] 419764K->350079K(802304K), 0.0018969 secs] [Times: user=0.01 sys=0.00, real=0.00 secs] 
1856.032: [GC (Allocation Failure) [PSYoungGen: 72064K->1360K(72192K)] 420223K->349519K(802304K), 0.0027547 secs] [Times: user=0.01 sys=0.00, real=0.01 secs] 
1856.605: [GC (Allocation Failure) [PSYoungGen: 71504K->1312K(72192K)] 419663K->349471K(802304K), 0.0024940 secs] [Times: user=0.01 sys=0.00, real=0.00 secs] 
1857.105: [GC (Allocation Failure) [PSYoungGen: 71456K->1376K(72192K)] 419615K->349535K(802304K), 0.0022558 secs] [Times: user=0.01 sys=0.00, real=0.00 secs] 
1857.632: [GC (Allocation Failure) [PSYoungGen: 71520K->1456K(72192K)] 419679K->349615K(802304K), 0.0022370 secs] [Times: user=0.01 sys=0.00, real=0.01 secs] 
1857.782: [GC (Allocation Failure) [PSYoungGen: 71600K->1485K(72192K)] 419759K->349644K(802304K), 0.0015968 secs] [Times: user=0.00 sys=0.00, real=0.00 secs] 
1857.906: [GC (Allocation Failure) [PSYoungGen: 71629K->1469K(72192K)] 419788K->349628K(802304K), 0.0015814 secs] [Times: user=0.00 sys=0.00, real=0.00 secs] 
1858.030: [GC (Allocation Failure) [PSYoungGen: 71613K->1504K(72192K)] 419772K->349663K(802304K), 0.0015356 secs] [Times: user=0.00 sys=0.00, real=0.00 secs] 
1859.711: [GC (Allocation Failure) [PSYoungGen: 71648K->1408K(72192K)] 419807K->349567K(802304K), 0.0031971 secs] [Times: user=0.02 sys=0.00, real=0.01 secs] 
1860.006: [GC (Allocation Failure) [PSYoungGen: 71552K->1376K(72192K)] 419711K->349551K(802304K), 0.0033480 secs] [Times: user=0.01 sys=0.00, real=0.00 secs] 
1860.332: [GC (Allocation Failure) [PSYoungGen: 71520K->1376K(72192K)] 419695K->349551K(802304K), 0.0020402 secs] [Times: user=0.01 sys=0.00, real=0.01 secs] 
1860.755: [GC (Allocation Failure) [PSYoungGen: 71520K->1328K(72192K)] 419695K->349503K(802304K), 0.0019556 secs] [Times: user=0.01 sys=0.00, real=0.00 secs] 
1861.184: [GC (Allocation Failure) [PSYoungGen: 71472K->1520K(72192K)] 419647K->349695K(802304K), 0.0019306 secs] [Times: user=0.00 sys=0.00, real=0.00 secs] 
1861.311: [GC (Allocation Failure) [PSYoungGen: 71636K->1456K(72192K)] 419812K->349631K(802304K), 0.0016559 secs] [Times: user=0.01 sys=0.00, real=0.00 secs] 
1861.435: [GC (Allocation Failure) [PSYoungGen: 71600K->1517K(72192K)] 419775K->349692K(802304K), 0.0015423 secs] [Times: user=0.01 sys=0.00, real=0.00 secs] 
1861.559: [GC (Allocation Failure) [PSYoungGen: 71661K->1424K(72192K)] 419836K->349615K(802304K), 0.0017626 secs] [Times: user=0.01 sys=0.00, real=0.00 secs] 
1862.057: [GC (Allocation Failure) [PSYoungGen: 71568K->1408K(71680K)] 419759K->349599K(801792K), 0.0016431 secs] [Times: user=0.01 sys=0.00, real=0.00 secs] 
1862.416: [GC (Allocation Failure) [PSYoungGen: 71552K->1408K(71680K)] 419743K->349599K(801792K), 0.0017184 secs] [Times: user=0.01 sys=0.00, real=0.00 secs] 
1862.707: [GC (Allocation Failure) [PSYoungGen: 71552K->1376K(71680K)] 419743K->349567K(801792K), 0.0017823 secs] [Times: user=0.01 sys=0.00, real=0.00 secs] 
1862.998: [GC (Allocation Failure) [PSYoungGen: 71520K->1392K(71680K)] 419711K->349583K(801792K), 0.0018693 secs] [Times: user=0.01 sys=0.00, real=0.00 secs] 
1863.202: [GC (Allocation Failure) [PSYoungGen: 71536K->1485K(71680K)] 419727K->349676K(801792K), 0.0016766 secs] [Times: user=0.01 sys=0.00, real=0.00 secs] 
1863.325: [GC (Allocation Failure) [PSYoungGen: 71629K->1549K(72192K)] 419820K->349740K(802304K), 0.0017687 secs] [Times: user=0.00 sys=0.00, real=0.00 secs] 
1863.449: [GC (Allocation Failure) [PSYoungGen: 71693K->464K(70656K)] 419884K->349679K(800768K), 0.0016212 secs] [Times: user=0.00 sys=0.00, real=0.00 secs] 
1863.572: [GC (Allocation Failure) [PSYoungGen: 70608K->352K(74240K)] 419823K->349575K(804352K), 0.0015147 secs] [Times: user=0.01 sys=0.00, real=0.00 secs] 
1864.871: [GC (Allocation Failure) [PSYoungGen: 72544K->1392K(73216K)] 421767K->350615K(803328K), 0.0023117 secs] [Times: user=0.01 sys=0.00, real=0.01 secs] 
1866.149: [GC (Allocation Failure) [PSYoungGen: 73072K->1376K(72704K)] 422295K->350599K(802816K), 0.0031036 secs] [Times: user=0.01 sys=0.00, real=0.00 secs] 
1867.063: [GC (Allocation Failure) [PSYoungGen: 72544K->1376K(72192K)] 421767K->350599K(802304K), 0.0028173 secs] [Times: user=0.02 sys=0.00, real=0.01 secs] 
1867.655: [GC (Allocation Failure) [PSYoungGen: 72032K->1456K(71680K)] 421255K->350679K(801792K), 0.0026594 secs] [Times: user=0.01 sys=0.00, real=0.00 secs] 
1867.829: [GC (Allocation Failure) [PSYoungGen: 71583K->1517K(71680K)] 420807K->350772K(801792K), 0.0015968 secs] [Times: user=0.01 sys=0.00, real=0.00 secs] 
1867.952: [GC (Allocation Failure) [PSYoungGen: 71661K->1453K(71680K)] 420916K->350708K(801792K), 0.0016503 secs] [Times: user=0.01 sys=0.00, real=0.01 secs] 
1868.076: [GC (Allocation Failure) [PSYoungGen: 71597K->1504K(71680K)] 420852K->350759K(801792K), 0.0015291 secs] [Times: user=0.00 sys=0.00, real=0.00 secs] 
1868.471: [GC (Allocation Failure) [PSYoungGen: 71648K->1440K(71680K)] 420903K->350695K(801792K), 0.0019274 secs] [Times: user=0.01 sys=0.00, real=0.00 secs] 
1869.051: [GC (Allocation Failure) [PSYoungGen: 71584K->1376K(71680K)] 420839K->350631K(801792K), 0.0019008 secs] [Times: user=0.00 sys=0.00, real=0.00 secs] 
1869.357: [GC (Allocation Failure) [PSYoungGen: 71520K->1376K(71680K)] 420775K->350655K(801792K), 0.0019512 secs] [Times: user=0.01 sys=0.00, real=0.00 secs] 
1869.662: [GC (Allocation Failure) [PSYoungGen: 71520K->1376K(71680K)] 420799K->350655K(801792K), 0.0018971 secs] [Times: user=0.00 sys=0.00, real=0.01 secs] 
1870.030: [GC (Allocation Failure) [PSYoungGen: 71520K->1488K(71680K)] 420799K->350767K(801792K), 0.0020351 secs] [Times: user=0.01 sys=0.00, real=0.00 secs] 
1870.156: [GC (Allocation Failure) [PSYoungGen: 71632K->1488K(72192K)] 420911K->350767K(802304K), 0.0015074 secs] [Times: user=0.00 sys=0.00, real=0.00 secs] 
1870.280: [GC (Allocation Failure) [PSYoungGen: 71632K->1520K(72192K)] 420911K->350799K(802304K), 0.0015327 secs] [Times: user=0.00 sys=0.00, real=0.00 secs] 
1870.403: [GC (Allocation Failure) [PSYoungGen: 71664K->1453K(72192K)] 420943K->350732K(802304K), 0.0016779 secs] [Times: user=0.01 sys=0.00, real=0.01 secs] 
1870.898: [GC (Allocation Failure) [PSYoungGen: 71597K->1408K(72192K)] 420876K->350703K(802304K), 0.0018028 secs] [Times: user=0.00 sys=0.00, real=0.00 secs] 
1871.588: [GC (Allocation Failure) [PSYoungGen: 71552K->1392K(72192K)] 420847K->350687K(802304K), 0.0018165 secs] [Times: user=0.01 sys=0.00, real=0.00 secs] 
1872.103: [GC (Allocation Failure) [PSYoungGen: 71536K->1344K(72192K)] 420831K->350639K(802304K), 0.0019821 secs] [Times: user=0.01 sys=0.00, real=0.01 secs] 
1872.688: [GC (Allocation Failure) [PSYoungGen: 71488K->1376K(72192K)] 420783K->350671K(802304K), 0.0019692 secs] [Times: user=0.01 sys=0.00, real=0.00 secs] 
1873.075: [GC (Allocation Failure) [PSYoungGen: 71520K->1437K(72192K)] 420815K->350732K(802304K), 0.0015560 secs] [Times: user=0.01 sys=0.00, real=0.00 secs] 
1873.199: [GC (Allocation Failure) [PSYoungGen: 71575K->1488K(72192K)] 420871K->350783K(802304K), 0.0015595 secs] [Times: user=0.00 sys=0.00, real=0.00 secs] 
1873.342: [GC (Allocation Failure) [PSYoungGen: 71632K->1520K(72192K)] 420927K->350815K(802304K), 0.0019211 secs] [Times: user=0.01 sys=0.00, real=0.01 secs] 
1873.506: [GC (Allocation Failure) [PSYoungGen: 71664K->1488K(72192K)] 420959K->350791K(802304K), 0.0019340 secs] [Times: user=0.01 sys=0.00, real=0.00 secs] 
1873.956: [GC (Allocation Failure) [PSYoungGen: 71632K->1408K(72192K)] 420935K->350711K(802304K), 0.0022936 secs] [Times: user=0.01 sys=0.00, real=0.00 secs] 
1874.577: [GC (Allocation Failure) [PSYoungGen: 71552K->1376K(72192K)] 420855K->350679K(802304K), 0.0025072 secs] [Times: user=0.01 sys=0.00, real=0.00 secs] 
1875.123: [GC (Allocation Failure) [PSYoungGen: 71520K->1376K(72192K)] 420823K->350679K(802304K), 0.0024783 secs] [Times: user=0.01 sys=0.00, real=0.01 secs] 
1875.867: [GC (Allocation Failure) [PSYoungGen: 71520K->1408K(72192K)] 420823K->350711K(802304K), 0.0026445 secs] [Times: user=0.01 sys=0.00, real=0.00 secs] 
1876.137: [GC (Allocation Failure) [PSYoungGen: 71552K->1488K(72192K)] 420855K->350791K(802304K), 0.0017093 secs] [Times: user=0.01 sys=0.00, real=0.00 secs] 
1876.261: [GC (Allocation Failure) [PSYoungGen: 71632K->1485K(72192K)] 420935K->350788K(802304K), 0.0015074 secs] [Times: user=0.01 sys=0.00, real=0.00 secs] 
1876.404: [GC (Allocation Failure) [PSYoungGen: 71629K->1405K(72192K)] 420932K->350708K(802304K), 0.0019151 secs] [Times: user=0.01 sys=0.00, real=0.00 secs] 
1876.610: [GC (Allocation Failure) [PSYoungGen: 71549K->1440K(72192K)] 420852K->350743K(802304K), 0.0020265 secs] [Times: user=0.01 sys=0.00, real=0.00 secs] 
1876.902: [GC (Allocation Failure) [PSYoungGen: 71584K->1376K(72192K)] 420887K->350679K(802304K), 0.0029643 secs] [Times: user=0.02 sys=0.00, real=0.01 secs] 
1877.433: [GC (Allocation Failure) [PSYoungGen: 71520K->1376K(72192K)] 420823K->350679K(802304K), 0.0018045 secs] [Times: user=0.00 sys=0.00, real=0.01 secs] 
1878.002: [GC (Allocation Failure) [PSYoungGen: 71520K->1376K(72192K)] 420823K->350695K(802304K), 0.0017965 secs] [Times: user=0.01 sys=0.00, real=0.00 secs] 
1878.467: [GC (Allocation Failure) [PSYoungGen: 71520K->1485K(72192K)] 420839K->350804K(802304K), 0.0016071 secs] [Times: user=0.00 sys=0.00, real=0.00 secs] 
1878.592: [GC (Allocation Failure) [PSYoungGen: 71620K->1552K(72192K)] 420940K->350871K(802304K), 0.0014903 secs] [Times: user=0.00 sys=0.00, real=0.00 secs] 
1878.715: [GC (Allocation Failure) [PSYoungGen: 71696K->1517K(72192K)] 421015K->350836K(802304K), 0.0015005 secs] [Times: user=0.01 sys=0.00, real=0.00 secs] 
1878.839: [GC (Allocation Failure) [PSYoungGen: 71661K->1488K(72192K)] 420980K->350807K(802304K), 0.0015265 secs] [Times: user=0.00 sys=0.00, real=0.00 secs] 
1879.072: [GC (Allocation Failure) [PSYoungGen: 71632K->1440K(72192K)] 420951K->350767K(802304K), 0.0019131 secs] [Times: user=0.00 sys=0.00, real=0.01 secs] 
1879.364: [GC (Allocation Failure) [PSYoungGen: 71584K->1344K(72192K)] 420911K->350671K(802304K), 0.0018734 secs] [Times: user=0.01 sys=0.00, real=0.00 secs] 
1879.761: [GC (Allocation Failure) [PSYoungGen: 71488K->1376K(72192K)] 420815K->350703K(802304K), 0.0017238 secs] [Times: user=0.00 sys=0.00, real=0.00 secs] 
1880.392: [GC (Allocation Failure) [PSYoungGen: 71520K->1376K(72192K)] 420847K->350703K(802304K), 0.0020813 secs] [Times: user=0.01 sys=0.00, real=0.01 secs] 
1880.821: [GC (Allocation Failure) [PSYoungGen: 71520K->1520K(72192K)] 420847K->350847K(802304K), 0.0019690 secs] [Times: user=0.01 sys=0.00, real=0.00 secs] 
1880.949: [GC (Allocation Failure) [PSYoungGen: 71652K->1517K(72192K)] 420980K->350844K(802304K), 0.0015524 secs] [Times: user=0.01 sys=0.00, real=0.00 secs] 
1881.073: [GC (Allocation Failure) [PSYoungGen: 71661K->1456K(72192K)] 420988K->350783K(802304K), 0.0015330 secs] [Times: user=0.00 sys=0.00, real=0.01 secs] 
1881.196: [GC (Allocation Failure) [PSYoungGen: 71600K->1517K(72192K)] 420927K->350860K(802304K), 0.0015265 secs] [Times: user=0.01 sys=0.00, real=0.00 secs] 
1882.146: [GC (Allocation Failure) [PSYoungGen: 71661K->1360K(72192K)] 421004K->350703K(802304K), 0.0042566 secs] [Times: user=0.01 sys=0.00, real=0.00 secs] 
1882.931: [GC (Allocation Failure) [PSYoungGen: 71504K->1376K(72192K)] 420847K->350719K(802304K), 0.0032532 secs] [Times: user=0.01 sys=0.00, real=0.01 secs] 
1883.597: [GC (Allocation Failure) [PSYoungGen: 71520K->1408K(72192K)] 420863K->350751K(802304K), 0.0028388 secs] [Times: user=0.01 sys=0.00, real=0.00 secs] 
1884.144: [GC (Allocation Failure) [PSYoungGen: 71552K->1344K(72192K)] 420895K->350687K(802304K), 0.0027856 secs] [Times: user=0.01 sys=0.00, real=0.00 secs] 
1884.456: [GC (Allocation Failure) [PSYoungGen: 71488K->1440K(72192K)] 420831K->350783K(802304K), 0.0015108 secs] [Times: user=0.01 sys=0.00, real=0.00 secs] 
1884.579: [GC (Allocation Failure) [PSYoungGen: 71584K->1469K(72192K)] 420927K->350812K(802304K), 0.0015316 secs] [Times: user=0.00 sys=0.00, real=0.00 secs] 
1884.701: [GC (Allocation Failure) [PSYoungGen: 71613K->1469K(72192K)] 420956K->350812K(802304K), 0.0015259 secs] [Times: user=0.00 sys=0.00, real=0.00 secs] 
1885.055: [GC (Allocation Failure) [PSYoungGen: 71613K->1968K(72192K)] 420956K->351311K(802304K), 0.0029135 secs] [Times: user=0.01 sys=0.00, real=0.00 secs] 
1886.038: [GC (Allocation Failure) [PSYoungGen: 72112K->1344K(72192K)] 421455K->350687K(802304K), 0.0043282 secs] [Times: user=0.01 sys=0.00, real=0.00 secs] 
1886.806: [GC (Allocation Failure) [PSYoungGen: 71488K->1408K(72192K)] 420831K->350751K(802304K), 0.0031197 secs] [Times: user=0.02 sys=0.00, real=0.00 secs] 
1887.364: [GC (Allocation Failure) [PSYoungGen: 71552K->1408K(72192K)] 420895K->350751K(802304K), 0.0027651 secs] [Times: user=0.02 sys=0.00, real=0.00 secs] 
1888.106: [GC (Allocation Failure) [PSYoungGen: 71552K->1424K(72192K)] 420895K->350767K(802304K), 0.0040436 secs] [Times: user=0.02 sys=0.00, real=0.00 secs] 
1888.325: [GC (Allocation Failure) [PSYoungGen: 71568K->1520K(72192K)] 420911K->350863K(802304K), 0.0019704 secs] [Times: user=0.01 sys=0.00, real=0.00 secs] 
1888.452: [GC (Allocation Failure) [PSYoungGen: 71664K->1504K(72192K)] 421007K->350847K(802304K), 0.0022345 secs] [Times: user=0.01 sys=0.00, real=0.01 secs] 
1888.596: [GC (Allocation Failure) [PSYoungGen: 71648K->1456K(72192K)] 420991K->350799K(802304K), 0.0019774 secs] [Times: user=0.01 sys=0.00, real=0.00 secs] 
1888.884: [GC (Allocation Failure) [PSYoungGen: 71600K->1440K(72192K)] 420943K->350783K(802304K), 0.0026058 secs] [Times: user=0.02 sys=0.00, real=0.00 secs] 
1889.212: [GC (Allocation Failure) [PSYoungGen: 71584K->1376K(71680K)] 420927K->350743K(801792K), 0.0020928 secs] [Times: user=0.01 sys=0.00, real=0.01 secs] 
1889.512: [GC (Allocation Failure) [PSYoungGen: 71520K->1376K(71680K)] 420887K->350743K(801792K), 0.0021101 secs] [Times: user=0.00 sys=0.00, real=0.01 secs] 
1889.812: [GC (Allocation Failure) [PSYoungGen: 71520K->1376K(71680K)] 420887K->350743K(801792K), 0.0019050 secs] [Times: user=0.01 sys=0.00, real=0.00 secs] 
1890.121: [GC (Allocation Failure) [PSYoungGen: 71520K->1549K(72192K)] 420887K->350916K(802304K), 0.0015608 secs] [Times: user=0.01 sys=0.00, real=0.00 secs] 
1890.246: [GC (Allocation Failure) [PSYoungGen: 71693K->525K(71168K)] 421060K->350916K(801280K), 0.0016381 secs] [Times: user=0.00 sys=0.00, real=0.00 secs] 
1890.371: [GC (Allocation Failure) [PSYoungGen: 70669K->397K(70656K)] 421060K->350788K(800768K), 0.0016865 secs] [Times: user=0.01 sys=0.00, real=0.00 secs] 
1890.496: [GC (Allocation Failure) [PSYoungGen: 70541K->480K(75264K)] 420932K->350895K(805376K), 0.0017562 secs] [Times: user=0.01 sys=0.00, real=0.00 secs] 
1891.375: [GC (Allocation Failure) [PSYoungGen: 73696K->1440K(74240K)] 424111K->351863K(804352K), 0.0034083 secs] [Times: user=0.01 sys=0.01, real=0.00 secs] 
1892.209: [GC (Allocation Failure) [PSYoungGen: 74144K->1408K(73728K)] 424567K->351831K(803840K), 0.0035660 secs] [Times: user=0.01 sys=0.00, real=0.00 secs] 
1892.943: [GC (Allocation Failure) [PSYoungGen: 73600K->1408K(73216K)] 424023K->351839K(803328K), 0.0029043 secs] [Times: user=0.01 sys=0.00, real=0.01 secs] 
1893.654: [GC (Allocation Failure) [PSYoungGen: 73088K->1408K(72704K)] 423519K->351839K(802816K), 0.0029843 secs] [Times: user=0.01 sys=0.00, real=0.00 secs] 
1894.020: [GC (Allocation Failure) [PSYoungGen: 72576K->1520K(72192K)] 423007K->351951K(802304K), 0.0022225 secs] [Times: user=0.01 sys=0.00, real=0.00 secs] 
1894.157: [GC (Allocation Failure) [PSYoungGen: 72176K->1485K(71680K)] 422607K->351916K(801792K), 0.0015783 secs] [Times: user=0.01 sys=0.00, real=0.00 secs] 
1894.280: [GC (Allocation Failure) [PSYoungGen: 71600K->1549K(72192K)] 422031K->351980K(802304K), 0.0015435 secs] [Times: user=0.00 sys=0.00, real=0.00 secs] 
1894.572: [GC (Allocation Failure) [PSYoungGen: 71693K->1408K(72192K)] 422124K->351839K(802304K), 0.0020852 secs] [Times: user=0.01 sys=0.00, real=0.01 secs] 
1894.883: [GC (Allocation Failure) [PSYoungGen: 71552K->1376K(72192K)] 421983K->351807K(802304K), 0.0020645 secs] [Times: user=0.01 sys=0.00, real=0.01 secs] 
1895.201: [GC (Allocation Failure) [PSYoungGen: 71520K->1376K(72192K)] 421951K->351807K(802304K), 0.0020452 secs] [Times: user=0.01 sys=0.00, real=0.00 secs] 
1895.563: [GC (Allocation Failure) [PSYoungGen: 71520K->1344K(72192K)] 421951K->351775K(802304K), 0.0019608 secs] [Times: user=0.01 sys=0.00, real=0.01 secs] 
1895.956: [GC (Allocation Failure) [PSYoungGen: 71488K->1472K(72192K)] 421919K->351903K(802304K), 0.0020745 secs] [Times: user=0.01 sys=0.00, real=0.00 secs] 
1896.129: [GC (Allocation Failure) [PSYoungGen: 71616K->1488K(72192K)] 422047K->351919K(802304K), 0.0018712 secs] [Times: user=0.01 sys=0.00, real=0.00 secs] 
1896.316: [GC (Allocation Failure) [PSYoungGen: 71632K->1456K(72192K)] 422063K->351887K(802304K), 0.0024459 secs] [Times: user=0.01 sys=0.00, real=0.00 secs] 
1896.524: [GC (Allocation Failure) [PSYoungGen: 71600K->1520K(72192K)] 422031K->351951K(802304K), 0.0023425 secs] [Times: user=0.01 sys=0.00, real=0.00 secs] 
1897.379: [GC (Allocation Failure) [PSYoungGen: 71664K->1424K(72192K)] 422095K->351863K(802304K), 0.0063349 secs] [Times: user=0.02 sys=0.00, real=0.01 secs] 
1898.231: [GC (Allocation Failure) [PSYoungGen: 71568K->1376K(72192K)] 422007K->351815K(802304K), 0.0040575 secs] [Times: user=0.01 sys=0.00, real=0.01 secs] 
1898.812: [GC (Allocation Failure) [PSYoungGen: 71520K->1344K(72192K)] 421959K->351791K(802304K), 0.0031301 secs] [Times: user=0.02 sys=0.01, real=0.01 secs] 
1899.387: [GC (Allocation Failure) [PSYoungGen: 71488K->1344K(72192K)] 421935K->351791K(802304K), 0.0032065 secs] [Times: user=0.02 sys=0.00, real=0.00 secs] 
1899.821: [GC (Allocation Failure) [PSYoungGen: 71488K->1469K(72192K)] 421935K->351916K(802304K), 0.0022199 secs] [Times: user=0.01 sys=0.00, real=0.00 secs] 
1899.975: [GC (Allocation Failure) [PSYoungGen: 71591K->1485K(72192K)] 422038K->351932K(802304K), 0.0016159 secs] [Times: user=0.01 sys=0.00, real=0.00 secs] 
1900.118: [GC (Allocation Failure) [PSYoungGen: 71629K->1488K(72192K)] 422076K->351935K(802304K), 0.0019156 secs] [Times: user=0.01 sys=0.00, real=0.00 secs] 
1900.292: [GC (Allocation Failure) [PSYoungGen: 71632K->1488K(72192K)] 422079K->351951K(802304K), 0.0021872 secs] [Times: user=0.01 sys=0.00, real=0.01 secs] 
1900.959: [GC (Allocation Failure) [PSYoungGen: 71632K->1376K(72192K)] 422095K->351839K(802304K), 0.0024420 secs] [Times: user=0.01 sys=0.00, real=0.00 secs] 
1901.605: [GC (Allocation Failure) [PSYoungGen: 71520K->1408K(72192K)] 421983K->351871K(802304K), 0.0032557 secs] [Times: user=0.02 sys=0.00, real=0.00 secs] 
1902.060: [GC (Allocation Failure) [PSYoungGen: 71552K->1376K(72192K)] 422015K->351839K(802304K), 0.0027863 secs] [Times: user=0.01 sys=0.00, real=0.00 secs] 
1902.580: [GC (Allocation Failure) [PSYoungGen: 71520K->1440K(72192K)] 421983K->351903K(802304K), 0.0029523 secs] [Times: user=0.02 sys=0.00, real=0.00 secs] 
1902.924: [GC (Allocation Failure) [PSYoungGen: 71584K->1520K(72192K)] 422047K->351983K(802304K), 0.0018117 secs] [Times: user=0.01 sys=0.00, real=0.01 secs] 
1903.056: [GC (Allocation Failure) [PSYoungGen: 71664K->1488K(72192K)] 422127K->351951K(802304K), 0.0015264 secs] [Times: user=0.01 sys=0.00, real=0.00 secs] 
1903.197: [GC (Allocation Failure) [PSYoungGen: 71632K->1520K(72192K)] 422095K->351983K(802304K), 0.0025121 secs] [Times: user=0.01 sys=0.00, real=0.00 secs] 
1903.364: [GC (Allocation Failure) [PSYoungGen: 71664K->1440K(72192K)] 422127K->351903K(802304K), 0.0016143 secs] [Times: user=0.00 sys=0.00, real=0.00 secs] 
1904.262: [GC (Allocation Failure) [PSYoungGen: 71584K->1376K(72192K)] 422047K->351839K(802304K), 0.0034571 secs] [Times: user=0.02 sys=0.00, real=0.01 secs] 
1904.993: [GC (Allocation Failure) [PSYoungGen: 71520K->1408K(72192K)] 421983K->351871K(802304K), 0.0031838 secs] [Times: user=0.01 sys=0.00, real=0.01 secs] 
1906.053: [GC (Allocation Failure) [PSYoungGen: 71552K->1376K(72192K)] 422015K->351839K(802304K), 0.0027830 secs] [Times: user=0.01 sys=0.00, real=0.01 secs] 
1907.143: [GC (Allocation Failure) [PSYoungGen: 71520K->1405K(72192K)] 421983K->351868K(802304K), 0.0040284 secs] [Times: user=0.02 sys=0.00, real=0.01 secs] 
1907.377: [GC (Allocation Failure) [PSYoungGen: 71549K->1520K(72192K)] 422012K->351983K(802304K), 0.0020368 secs] [Times: user=0.01 sys=0.00, real=0.00 secs] 
1907.506: [GC (Allocation Failure) [PSYoungGen: 71664K->1488K(72192K)] 422127K->351951K(802304K), 0.0015020 secs] [Times: user=0.00 sys=0.00, real=0.00 secs] 
1907.634: [GC (Allocation Failure) [PSYoungGen: 71632K->1488K(72192K)] 422095K->351951K(802304K), 0.0015713 secs] [Times: user=0.01 sys=0.00, real=0.01 secs] 
1907.910: [GC (Allocation Failure) [PSYoungGen: 71632K->1440K(72192K)] 422095K->351911K(802304K), 0.0015240 secs] [Times: user=0.01 sys=0.00, real=0.00 secs] 
1908.700: [GC (Allocation Failure) [PSYoungGen: 71584K->1376K(72192K)] 422055K->351847K(802304K), 0.0038539 secs] [Times: user=0.02 sys=0.00, real=0.00 secs] 
1909.282: [GC (Allocation Failure) [PSYoungGen: 71520K->1424K(72192K)] 421991K->351895K(802304K), 0.0031169 secs] [Times: user=0.01 sys=0.00, real=0.01 secs] 
1909.976: [GC (Allocation Failure) [PSYoungGen: 71568K->1376K(72192K)] 422039K->351871K(802304K), 0.0031631 secs] [Times: user=0.01 sys=0.00, real=0.00 secs] 
1910.912: [GC (Allocation Failure) [PSYoungGen: 71520K->1437K(72192K)] 422015K->351932K(802304K), 0.0024877 secs] [Times: user=0.01 sys=0.00, real=0.01 secs] 
1911.078: [GC (Allocation Failure) [PSYoungGen: 71557K->1488K(72192K)] 422052K->351983K(802304K), 0.0015819 secs] [Times: user=0.01 sys=0.00, real=0.00 secs] 
1911.221: [GC (Allocation Failure) [PSYoungGen: 71632K->1520K(72192K)] 422127K->352015K(802304K), 0.0019258 secs] [Times: user=0.01 sys=0.00, real=0.00 secs] 
1911.372: [GC (Allocation Failure) [PSYoungGen: 71664K->1453K(72192K)] 422159K->351964K(802304K), 0.0015483 secs] [Times: user=0.01 sys=0.00, real=0.00 secs] 
1911.801: [GC (Allocation Failure) [PSYoungGen: 71597K->1440K(72192K)] 422108K->351951K(802304K), 0.0022865 secs] [Times: user=0.01 sys=0.01, real=0.01 secs] 
1912.146: [GC (Allocation Failure) [PSYoungGen: 71584K->1376K(72192K)] 422095K->351887K(802304K), 0.0019835 secs] [Times: user=0.01 sys=0.00, real=0.00 secs] 
1912.501: [GC (Allocation Failure) [PSYoungGen: 71520K->1408K(72192K)] 422031K->351919K(802304K), 0.0018802 secs] [Times: user=0.00 sys=0.00, real=0.00 secs] 
1913.016: [GC (Allocation Failure) [PSYoungGen: 71552K->1344K(72192K)] 422063K->351855K(802304K), 0.0020635 secs] [Times: user=0.00 sys=0.00, real=0.00 secs] 
1913.380: [GC (Allocation Failure) [PSYoungGen: 71488K->1520K(72192K)] 421999K->352031K(802304K), 0.0017157 secs] [Times: user=0.01 sys=0.00, real=0.00 secs] 
1913.509: [GC (Allocation Failure) [PSYoungGen: 71664K->1456K(72192K)] 422175K->351967K(802304K), 0.0014950 secs] [Times: user=0.00 sys=0.00, real=0.00 secs] 
1913.633: [GC (Allocation Failure) [PSYoungGen: 71600K->1520K(72192K)] 422111K->352031K(802304K), 0.0016300 secs] [Times: user=0.01 sys=0.00, real=0.01 secs] 
1913.757: [GC (Allocation Failure) [PSYoungGen: 71664K->1485K(72192K)] 422175K->352004K(802304K), 0.0016320 secs] [Times: user=0.00 sys=0.00, real=0.00 secs] 
1914.064: [GC (Allocation Failure) [PSYoungGen: 71629K->1344K(72192K)] 422148K->351863K(802304K), 0.0018587 secs] [Times: user=0.01 sys=0.00, real=0.00 secs] 
1914.356: [GC (Allocation Failure) [PSYoungGen: 71488K->1408K(72192K)] 422007K->351927K(802304K), 0.0018995 secs] [Times: user=0.01 sys=0.00, real=0.00 secs] 
1914.647: [GC (Allocation Failure) [PSYoungGen: 71552K->1408K(72192K)] 422071K->351927K(802304K), 0.0017445 secs] [Times: user=0.01 sys=0.01, real=0.00 secs] 
1914.939: [GC (Allocation Failure) [PSYoungGen: 71552K->1376K(72192K)] 422071K->351895K(802304K), 0.0018816 secs] [Times: user=0.01 sys=0.00, real=0.00 secs] 
1915.109: [GC (Allocation Failure) [PSYoungGen: 71520K->1501K(72192K)] 422039K->352020K(802304K), 0.0016533 secs] [Times: user=0.01 sys=0.00, real=0.00 secs] 
1915.234: [GC (Allocation Failure) [PSYoungGen: 71645K->1424K(72192K)] 422164K->351943K(802304K), 0.0016713 secs] [Times: user=0.01 sys=0.00, real=0.00 secs] 
1915.377: [GC (Allocation Failure) [PSYoungGen: 71568K->1488K(72192K)] 422087K->352007K(802304K), 0.0017917 secs] [Times: user=0.01 sys=0.00, real=0.00 secs] 
1915.748: [GC (Allocation Failure) [PSYoungGen: 71632K->1440K(71680K)] 422151K->351967K(801792K), 0.0018964 secs] [Times: user=0.01 sys=0.00, real=0.00 secs] 
1916.808: [GC (Allocation Failure) [PSYoungGen: 71584K->1376K(71680K)] 422111K->351903K(801792K), 0.0045403 secs] [Times: user=0.02 sys=0.01, real=0.00 secs] 
1917.243: [GC (Allocation Failure) [PSYoungGen: 71520K->1344K(71680K)] 422047K->351895K(801792K), 0.0022434 secs] [Times: user=0.00 sys=0.00, real=0.01 secs] 
1917.845: [GC (Allocation Failure) [PSYoungGen: 71488K->1408K(71680K)] 422039K->351959K(801792K), 0.0034245 secs] [Times: user=0.02 sys=0.00, real=0.00 secs] 
1918.616: [GC (Allocation Failure) [PSYoungGen: 71552K->1472K(71680K)] 422103K->352023K(801792K), 0.0028483 secs] [Times: user=0.01 sys=0.00, real=0.00 secs] 
1918.811: [GC (Allocation Failure) [PSYoungGen: 71614K->1517K(71680K)] 422165K->352068K(801792K), 0.0018775 secs] [Times: user=0.01 sys=0.00, real=0.00 secs] 
1918.937: [GC (Allocation Failure) [PSYoungGen: 71661K->1488K(71680K)] 422212K->352039K(801792K), 0.0015335 secs] [Times: user=0.01 sys=0.00, real=0.00 secs] 
1919.061: [GC (Allocation Failure) [PSYoungGen: 71632K->1456K(71680K)] 422183K->352007K(801792K), 0.0017062 secs] [Times: user=0.01 sys=0.00, real=0.00 secs] 
1919.773: [GC (Allocation Failure) [PSYoungGen: 71600K->1424K(71680K)] 422151K->351975K(801792K), 0.0034263 secs] [Times: user=0.01 sys=0.01, real=0.01 secs] 
1920.538: [GC (Allocation Failure) [PSYoungGen: 71568K->1408K(71680K)] 422119K->351959K(801792K), 0.0034054 secs] [Times: user=0.01 sys=0.00, real=0.00 secs] 
1920.964: [GC (Allocation Failure) [PSYoungGen: 71552K->1408K(71680K)] 422103K->351959K(801792K), 0.0021059 secs] [Times: user=0.01 sys=0.00, real=0.00 secs] 
1921.256: [GC (Allocation Failure) [PSYoungGen: 71552K->1376K(71680K)] 422103K->351927K(801792K), 0.0021546 secs] [Times: user=0.01 sys=0.00, real=0.00 secs] 
1921.545: [GC (Allocation Failure) [PSYoungGen: 71520K->1517K(72192K)] 422071K->352068K(802304K), 0.0016409 secs] [Times: user=0.01 sys=0.00, real=0.00 secs] 
1921.669: [GC (Allocation Failure) [PSYoungGen: 71647K->1517K(72192K)] 422198K->352068K(802304K), 0.0015182 secs] [Times: user=0.01 sys=0.00, real=0.00 secs] 
1921.794: [GC (Allocation Failure) [PSYoungGen: 71661K->1456K(72192K)] 422212K->352007K(802304K), 0.0016581 secs] [Times: user=0.01 sys=0.00, real=0.00 secs] 
1921.918: [GC (Allocation Failure) [PSYoungGen: 71600K->1488K(72192K)] 422151K->352055K(802304K), 0.0014973 secs] [Times: user=0.01 sys=0.00, real=0.00 secs] 
1922.624: [GC (Allocation Failure) [PSYoungGen: 71632K->1440K(72192K)] 422199K->352015K(802304K), 0.0021408 secs] [Times: user=0.01 sys=0.00, real=0.00 secs] 
1923.595: [GC (Allocation Failure) [PSYoungGen: 71584K->1376K(72192K)] 422159K->351951K(802304K), 0.0043864 secs] [Times: user=0.02 sys=0.00, real=0.00 secs] 
1924.648: [GC (Allocation Failure) [PSYoungGen: 71520K->1376K(72192K)] 422095K->351951K(802304K), 0.0042683 secs] [Times: user=0.02 sys=0.00, real=0.00 secs] 
1925.629: [GC (Allocation Failure) [PSYoungGen: 71520K->1376K(72192K)] 422095K->351951K(802304K), 0.0023185 secs] [Times: user=0.01 sys=0.00, real=0.00 secs] 
1925.905: [GC (Allocation Failure) [PSYoungGen: 71520K->1456K(72192K)] 422095K->352031K(802304K), 0.0016672 secs] [Times: user=0.01 sys=0.00, real=0.00 secs] 
1926.029: [GC (Allocation Failure) [PSYoungGen: 71600K->1488K(72192K)] 422175K->352063K(802304K), 0.0015215 secs] [Times: user=0.01 sys=0.00, real=0.00 secs] 
1926.153: [GC (Allocation Failure) [PSYoungGen: 71632K->1485K(72192K)] 422207K->352060K(802304K), 0.0015602 secs] [Times: user=0.01 sys=0.00, real=0.01 secs] 
1926.311: [GC (Allocation Failure) [PSYoungGen: 71629K->1968K(72192K)] 422204K->352799K(802304K), 0.0017629 secs] [Times: user=0.01 sys=0.00, real=0.00 secs] 
1926.666: [GC (Allocation Failure) [PSYoungGen: 72112K->1376K(72192K)] 422943K->352207K(802304K), 0.0018473 secs] [Times: user=0.01 sys=0.00, real=0.00 secs] 
1927.232: [GC (Allocation Failure) [PSYoungGen: 71520K->1408K(72192K)] 422351K->352239K(802304K), 0.0018508 secs] [Times: user=0.00 sys=0.00, real=0.01 secs] 
1927.812: [GC (Allocation Failure) [PSYoungGen: 71552K->1376K(72192K)] 422383K->352207K(802304K), 0.0018130 secs] [Times: user=0.01 sys=0.00, real=0.01 secs] 
1928.372: [GC (Allocation Failure) [PSYoungGen: 71520K->1376K(72192K)] 422351K->352207K(802304K), 0.0019885 secs] [Times: user=0.00 sys=0.00, real=0.01 secs] 
1928.515: [GC (Allocation Failure) [PSYoungGen: 71520K->1488K(72192K)] 422351K->352319K(802304K), 0.0016328 secs] [Times: user=0.01 sys=0.00, real=0.00 secs] 
1928.638: [GC (Allocation Failure) [PSYoungGen: 71632K->1501K(72192K)] 422463K->352332K(802304K), 0.0016570 secs] [Times: user=0.01 sys=0.00, real=0.00 secs] 
1928.763: [GC (Allocation Failure) [PSYoungGen: 71645K->1456K(72192K)] 422476K->352287K(802304K), 0.0015269 secs] [Times: user=0.01 sys=0.00, real=0.01 secs] 
1928.996: [GC (Allocation Failure) [PSYoungGen: 71600K->1408K(72192K)] 422431K->352279K(802304K), 0.0017607 secs] [Times: user=0.01 sys=0.00, real=0.00 secs] 
1929.300: [GC (Allocation Failure) [PSYoungGen: 71552K->1376K(72192K)] 422423K->352247K(802304K), 0.0017730 secs] [Times: user=0.01 sys=0.00, real=0.00 secs] 
1929.809: [GC (Allocation Failure) [PSYoungGen: 71520K->1376K(72192K)] 422391K->352255K(802304K), 0.0018738 secs] [Times: user=0.01 sys=0.00, real=0.00 secs] 
1930.375: [GC (Allocation Failure) [PSYoungGen: 71520K->1376K(72192K)] 422399K->352255K(802304K), 0.0018073 secs] [Times: user=0.00 sys=0.00, real=0.00 secs] 
1930.825: [GC (Allocation Failure) [PSYoungGen: 71520K->1485K(72192K)] 422399K->352365K(802304K), 0.0016523 secs] [Times: user=0.01 sys=0.00, real=0.00 secs] 
1930.969: [GC (Allocation Failure) [PSYoungGen: 71619K->1488K(72192K)] 422499K->352367K(802304K), 0.0020204 secs] [Times: user=0.01 sys=0.00, real=0.00 secs] 
1931.128: [GC (Allocation Failure) [PSYoungGen: 71632K->1488K(72192K)] 422511K->352367K(802304K), 0.0029937 secs] [Times: user=0.01 sys=0.00, real=0.00 secs] 
1931.293: [GC (Allocation Failure) [PSYoungGen: 71632K->1517K(78336K)] 422511K->352413K(808448K), 0.0015922 secs] [Times: user=0.01 sys=0.00, real=0.01 secs] 
1931.960: [GC (Allocation Failure) [PSYoungGen: 77805K->1472K(78336K)] 428701K->352367K(808448K), 0.0090051 secs] [Times: user=0.01 sys=0.03, real=0.01 secs] 
1932.678: [GC (Allocation Failure) [PSYoungGen: 77760K->1408K(77312K)] 428655K->352303K(807424K), 0.0022638 secs] [Times: user=0.01 sys=0.00, real=0.00 secs] 
1933.300: [GC (Allocation Failure) [PSYoungGen: 77184K->1376K(76800K)] 428079K->352271K(806912K), 0.0023272 secs] [Times: user=0.01 sys=0.00, real=0.00 secs] 
1933.686: [GC (Allocation Failure) [PSYoungGen: 76640K->1392K(76288K)] 427535K->352287K(806400K), 0.0019887 secs] [Times: user=0.01 sys=0.00, real=0.00 secs] 
1933.893: [GC (Allocation Failure) [PSYoungGen: 76144K->1501K(75776K)] 427039K->352396K(805888K), 0.0016232 secs] [Times: user=0.01 sys=0.00, real=0.01 secs] 
1934.025: [GC (Allocation Failure) [PSYoungGen: 75741K->1517K(75264K)] 426636K->352412K(805376K), 0.0015696 secs] [Times: user=0.01 sys=0.00, real=0.00 secs] 
1934.155: [GC (Allocation Failure) [PSYoungGen: 75245K->1501K(74752K)] 426140K->352396K(804864K), 0.0017296 secs] [Times: user=0.01 sys=0.00, real=0.00 secs] 
1934.553: [GC (Allocation Failure) [PSYoungGen: 74717K->1472K(74240K)] 425612K->352367K(804352K), 0.0017794 secs] [Times: user=0.00 sys=0.01, real=0.01 secs] 
1935.519: [GC (Allocation Failure) [PSYoungGen: 74176K->1408K(73728K)] 425071K->352311K(803840K), 0.0020716 secs] [Times: user=0.01 sys=0.01, real=0.00 secs] 
1936.686: [GC (Allocation Failure) [PSYoungGen: 73600K->1376K(73216K)] 424503K->352279K(803328K), 0.0019014 secs] [Times: user=0.01 sys=0.00, real=0.00 secs] 
1937.613: [GC (Allocation Failure) [PSYoungGen: 73056K->1408K(72704K)] 423959K->352311K(802816K), 0.0020833 secs] [Times: user=0.01 sys=0.00, real=0.01 secs] 
1938.041: [GC (Allocation Failure) [PSYoungGen: 72576K->1453K(72192K)] 423479K->352356K(802304K), 0.0016162 secs] [Times: user=0.01 sys=0.00, real=0.00 secs] 
1938.167: [GC (Allocation Failure) [PSYoungGen: 72100K->1549K(72192K)] 423004K->352453K(802304K), 0.0017718 secs] [Times: user=0.01 sys=0.00, real=0.00 secs] 
1938.292: [GC (Allocation Failure) [PSYoungGen: 71693K->493K(70656K)] 422597K->352421K(800768K), 0.0017077 secs] [Times: user=0.01 sys=0.00, real=0.01 secs] 
1938.421: [GC (Allocation Failure) [PSYoungGen: 70637K->400K(72192K)] 422565K->352327K(802304K), 0.0015808 secs] [Times: user=0.00 sys=0.00, real=0.00 secs] 
1938.989: [GC (Allocation Failure) [PSYoungGen: 70544K->1440K(71680K)] 422471K->353367K(801792K), 0.0020195 secs] [Times: user=0.01 sys=0.00, real=0.00 secs] 
1939.344: [GC (Allocation Failure) [PSYoungGen: 71584K->1376K(71680K)] 423511K->353327K(801792K), 0.0020746 secs] [Times: user=0.00 sys=0.00, real=0.00 secs] 
1939.636: [GC (Allocation Failure) [PSYoungGen: 71520K->1376K(71680K)] 423471K->353327K(801792K), 0.0023381 secs] [Times: user=0.01 sys=0.00, real=0.00 secs] 
1940.079: [GC (Allocation Failure) [PSYoungGen: 71520K->1376K(71680K)] 423471K->353327K(801792K), 0.0021859 secs] [Times: user=0.00 sys=0.00, real=0.00 secs] 
1940.299: [GC (Allocation Failure) [PSYoungGen: 71520K->1421K(71680K)] 423471K->353373K(801792K), 0.0015319 secs] [Times: user=0.01 sys=0.00, real=0.00 secs] 
1940.423: [GC (Allocation Failure) [PSYoungGen: 71565K->1440K(71680K)] 423517K->353391K(801792K), 0.0016365 secs] [Times: user=0.00 sys=0.00, real=0.01 secs] 
1940.546: [GC (Allocation Failure) [PSYoungGen: 71584K->1453K(71680K)] 423535K->353405K(801792K), 0.0015177 secs] [Times: user=0.00 sys=0.00, real=0.00 secs] 
1940.811: [GC (Allocation Failure) [PSYoungGen: 71597K->1472K(71680K)] 423549K->353423K(801792K), 0.0019030 secs] [Times: user=0.01 sys=0.00, real=0.00 secs] 
1941.473: [GC (Allocation Failure) [PSYoungGen: 71616K->1360K(71680K)] 423567K->353311K(801792K), 0.0020003 secs] [Times: user=0.01 sys=0.00, real=0.01 secs] 
1941.784: [GC (Allocation Failure) [PSYoungGen: 71504K->1408K(71680K)] 423455K->353359K(801792K), 0.0027176 secs] [Times: user=0.01 sys=0.00, real=0.00 secs] 
1942.185: [GC (Allocation Failure) [PSYoungGen: 71552K->1408K(71680K)] 423503K->353359K(801792K), 0.0020857 secs] [Times: user=0.01 sys=0.00, real=0.00 secs] 
1942.772: [GC (Allocation Failure) [PSYoungGen: 71552K->1392K(72192K)] 423503K->353343K(802304K), 0.0031002 secs] [Times: user=0.01 sys=0.00, real=0.01 secs] 
1943.024: [GC (Allocation Failure) [PSYoungGen: 71536K->1488K(72192K)] 423487K->353439K(802304K), 0.0041153 secs] [Times: user=0.02 sys=0.00, real=0.00 secs] 
1943.165: [GC (Allocation Failure) [PSYoungGen: 71632K->1440K(72192K)] 423583K->353391K(802304K), 0.0015720 secs] [Times: user=0.00 sys=0.00, real=0.00 secs] 
1943.289: [GC (Allocation Failure) [PSYoungGen: 71584K->1520K(72192K)] 423535K->353471K(802304K), 0.0111588 secs] [Times: user=0.05 sys=0.00, real=0.01 secs] 
1943.867: [GC (Allocation Failure) [PSYoungGen: 71664K->1392K(72192K)] 423615K->353343K(802304K), 0.0037448 secs] [Times: user=0.02 sys=0.00, real=0.00 secs] 
1944.642: [GC (Allocation Failure) [PSYoungGen: 71536K->1408K(79872K)] 423487K->353359K(809984K), 0.0035430 secs] [Times: user=0.01 sys=0.00, real=0.01 secs] 
1945.770: [GC (Allocation Failure) [PSYoungGen: 79744K->1360K(80384K)] 431695K->353311K(810496K), 0.0035236 secs] [Times: user=0.01 sys=0.00, real=0.00 secs] 
1946.829: [GC (Allocation Failure) [PSYoungGen: 79696K->1376K(87040K)] 431647K->353327K(817152K), 0.0036843 secs] [Times: user=0.01 sys=0.00, real=0.00 secs] 
1947.319: [GC (Allocation Failure) [PSYoungGen: 86880K->1517K(86528K)] 438831K->353469K(816640K), 0.0019338 secs] [Times: user=0.01 sys=0.00, real=0.00 secs] 
1947.476: [GC (Allocation Failure) [PSYoungGen: 86509K->1469K(86016K)] 438461K->353421K(816128K), 0.0016106 secs] [Times: user=0.00 sys=0.00, real=0.00 secs] 
1947.626: [GC (Allocation Failure) [PSYoungGen: 85949K->1549K(86016K)] 437901K->353501K(816128K), 0.0017001 secs] [Times: user=0.01 sys=0.00, real=0.00 secs] 
1948.714: [GC (Allocation Failure) [PSYoungGen: 85517K->1408K(84992K)] 437469K->353359K(815104K), 0.0029992 secs] [Times: user=0.02 sys=0.00, real=0.00 secs] 
1949.696: [GC (Allocation Failure) [PSYoungGen: 84864K->1376K(84480K)] 436815K->353327K(814592K), 0.0034926 secs] [Times: user=0.01 sys=0.00, real=0.00 secs] 
1950.608: [GC (Allocation Failure) [PSYoungGen: 84320K->1376K(83968K)] 436271K->353327K(814080K), 0.0039625 secs] [Times: user=0.01 sys=0.00, real=0.00 secs] 
1951.352: [GC (Allocation Failure) [PSYoungGen: 83808K->1456K(83456K)] 435759K->353407K(813568K), 0.0025218 secs] [Times: user=0.01 sys=0.00, real=0.01 secs] 
1951.587: [GC (Allocation Failure) [PSYoungGen: 83376K->1520K(82944K)] 435327K->353495K(813056K), 0.0021849 secs] [Times: user=0.01 sys=0.00, real=0.00 secs] 
1951.798: [GC (Allocation Failure) [PSYoungGen: 82928K->1456K(82432K)] 434903K->353431K(812544K), 0.0022645 secs] [Times: user=0.01 sys=0.00, real=0.00 secs] 
1952.556: [GC (Allocation Failure) [PSYoungGen: 82352K->1472K(81920K)] 434327K->353447K(812032K), 0.0046908 secs] [Times: user=0.02 sys=0.00, real=0.00 secs] 
1953.159: [GC (Allocation Failure) [PSYoungGen: 81856K->1408K(81408K)] 433831K->353383K(811520K), 0.0025248 secs] [Times: user=0.01 sys=0.00, real=0.00 secs] 
1953.660: [GC (Allocation Failure) [PSYoungGen: 81280K->1344K(80896K)] 433255K->353327K(811008K), 0.0032556 secs] [Times: user=0.01 sys=0.00, real=0.00 secs] 
1954.129: [GC (Allocation Failure) [PSYoungGen: 80704K->1376K(80384K)] 432687K->353359K(810496K), 0.0024885 secs] [Times: user=0.01 sys=0.00, real=0.00 secs] 
1954.398: [GC (Allocation Failure) [PSYoungGen: 80224K->1517K(79872K)] 432207K->353501K(809984K), 0.0015950 secs] [Times: user=0.01 sys=0.00, real=0.00 secs] 
1954.560: [GC (Allocation Failure) [PSYoungGen: 79853K->1488K(79360K)] 431837K->353471K(809472K), 0.0020751 secs] [Times: user=0.01 sys=0.00, real=0.00 secs] 
1954.727: [GC (Allocation Failure) [PSYoungGen: 79312K->1520K(78848K)] 431295K->353503K(808960K), 0.0015995 secs] [Times: user=0.01 sys=0.00, real=0.00 secs] 
1955.601: [GC (Allocation Failure) [PSYoungGen: 78832K->1456K(78336K)] 430815K->353439K(808448K), 0.0047984 secs] [Times: user=0.02 sys=0.00, real=0.01 secs] 
1956.654: [GC (Allocation Failure) [PSYoungGen: 78256K->1408K(77824K)] 430239K->353391K(807936K), 0.0039963 secs] [Times: user=0.01 sys=0.00, real=0.00 secs] 
1958.623: [GC (Allocation Failure) [PSYoungGen: 77696K->1408K(77312K)] 429679K->353391K(807424K), 0.0035810 secs] [Times: user=0.01 sys=0.01, real=0.01 secs] 
1959.587: [GC (Allocation Failure) [PSYoungGen: 77184K->1376K(76800K)] 429167K->353359K(806912K), 0.0031987 secs] [Times: user=0.01 sys=0.00, real=0.00 secs] 
1959.938: [GC (Allocation Failure) [PSYoungGen: 76640K->1440K(76288K)] 428623K->353423K(806400K), 0.0019483 secs] [Times: user=0.01 sys=0.00, real=0.00 secs] 
1960.070: [GC (Allocation Failure) [PSYoungGen: 76192K->1504K(75776K)] 428175K->353487K(805888K), 0.0015461 secs] [Times: user=0.01 sys=0.00, real=0.00 secs] 
1960.227: [GC (Allocation Failure) [PSYoungGen: 75744K->1488K(75264K)] 427727K->353471K(805376K), 0.0020294 secs] [Times: user=0.01 sys=0.00, real=0.00 secs] 
1960.522: [GC (Allocation Failure) [PSYoungGen: 75216K->1440K(74752K)] 427199K->353423K(804864K), 0.0021803 secs] [Times: user=0.01 sys=0.00, real=0.01 secs] 
1961.140: [GC (Allocation Failure) [PSYoungGen: 74656K->1376K(74240K)] 426639K->353383K(804352K), 0.0022171 secs] [Times: user=0.00 sys=0.00, real=0.00 secs] 
1961.565: [GC (Allocation Failure) [PSYoungGen: 74080K->1376K(73728K)] 426087K->353383K(803840K), 0.0020874 secs] [Times: user=0.01 sys=0.00, real=0.00 secs] 
1961.865: [GC (Allocation Failure) [PSYoungGen: 73568K->1376K(73216K)] 425575K->353383K(803328K), 0.0023281 secs] [Times: user=0.00 sys=0.01, real=0.00 secs] 
1962.194: [GC (Allocation Failure) [PSYoungGen: 73056K->1520K(72704K)] 425063K->353527K(802816K), 0.0017365 secs] [Times: user=0.01 sys=0.00, real=0.01 secs] 
1962.321: [GC (Allocation Failure) [PSYoungGen: 72657K->1517K(72192K)] 424665K->353525K(802304K), 0.0016095 secs] [Times: user=0.01 sys=0.00, real=0.00 secs] 
1962.447: [GC (Allocation Failure) [PSYoungGen: 72173K->1517K(71680K)] 424181K->353525K(801792K), 0.0015155 secs] [Times: user=0.01 sys=0.00, real=0.00 secs] 
1962.571: [GC (Allocation Failure) [PSYoungGen: 71653K->1456K(71680K)] 423660K->353463K(801792K), 0.0017505 secs] [Times: user=0.01 sys=0.00, real=0.00 secs] 
1963.028: [GC (Allocation Failure) [PSYoungGen: 71600K->1456K(72192K)] 423607K->353471K(802304K), 0.0019244 secs] [Times: user=0.01 sys=0.01, real=0.00 secs] 
1963.607: [GC (Allocation Failure) [PSYoungGen: 71600K->1392K(72192K)] 423615K->353407K(802304K), 0.0018121 secs] [Times: user=0.01 sys=0.00, real=0.00 secs] 
1964.131: [GC (Allocation Failure) [PSYoungGen: 71536K->1376K(72192K)] 423551K->353391K(802304K), 0.0022146 secs] [Times: user=0.01 sys=0.00, real=0.00 secs] 
1964.689: [GC (Allocation Failure) [PSYoungGen: 71520K->1408K(72192K)] 423535K->353423K(802304K), 0.0022088 secs] [Times: user=0.00 sys=0.00, real=0.00 secs] 
1965.056: [GC (Allocation Failure) [PSYoungGen: 71552K->1456K(72192K)] 423567K->353471K(802304K), 0.0020064 secs] [Times: user=0.01 sys=0.00, real=0.00 secs] 
1965.187: [GC (Allocation Failure) [PSYoungGen: 71600K->1456K(72192K)] 423615K->353471K(802304K), 0.0015307 secs] [Times: user=0.01 sys=0.00, real=0.00 secs] 
1965.330: [GC (Allocation Failure) [PSYoungGen: 71600K->1520K(72192K)] 423615K->353535K(802304K), 0.0019977 secs] [Times: user=0.01 sys=0.00, real=0.00 secs] 
1965.485: [GC (Allocation Failure) [PSYoungGen: 71664K->1488K(72192K)] 423679K->353519K(802304K), 0.0015272 secs] [Times: user=0.00 sys=0.00, real=0.00 secs] 
1966.153: [GC (Allocation Failure) [PSYoungGen: 71632K->1408K(72192K)] 423663K->353439K(802304K), 0.0020443 secs] [Times: user=0.01 sys=0.00, real=0.01 secs] 
1966.843: [GC (Allocation Failure) [PSYoungGen: 71552K->1344K(72192K)] 423583K->353375K(802304K), 0.0020377 secs] [Times: user=0.01 sys=0.00, real=0.01 secs] 
1967.557: [GC (Allocation Failure) [PSYoungGen: 71488K->1376K(72192K)] 423519K->353407K(802304K), 0.0022060 secs] [Times: user=0.01 sys=0.00, real=0.00 secs] 
1968.218: [GC (Allocation Failure) [PSYoungGen: 71520K->1376K(72192K)] 423551K->353407K(802304K), 0.0022268 secs] [Times: user=0.01 sys=0.00, real=0.00 secs] 
1968.446: [GC (Allocation Failure) [PSYoungGen: 71520K->1456K(72192K)] 423551K->353487K(802304K), 0.0015447 secs] [Times: user=0.00 sys=0.00, real=0.00 secs] 
1968.570: [GC (Allocation Failure) [PSYoungGen: 71600K->1424K(72192K)] 423631K->353455K(802304K), 0.0014885 secs] [Times: user=0.01 sys=0.00, real=0.00 secs] 
1968.694: [GC (Allocation Failure) [PSYoungGen: 71568K->1424K(72192K)] 423599K->353471K(802304K), 0.0015157 secs] [Times: user=0.01 sys=0.01, real=0.00 secs] 
1969.049: [GC (Allocation Failure) [PSYoungGen: 71568K->1472K(72192K)] 423615K->353519K(802304K), 0.0018615 secs] [Times: user=0.00 sys=0.00, real=0.00 secs] 
1969.676: [GC (Allocation Failure) [PSYoungGen: 71616K->1376K(72192K)] 423663K->353423K(802304K), 0.0018621 secs] [Times: user=0.01 sys=0.00, real=0.00 secs] 
1970.400: [GC (Allocation Failure) [PSYoungGen: 71520K->1376K(72192K)] 423567K->353423K(802304K), 0.0021214 secs] [Times: user=0.01 sys=0.00, real=0.00 secs] 
1971.227: [GC (Allocation Failure) [PSYoungGen: 71520K->1344K(72192K)] 423567K->353391K(802304K), 0.0030984 secs] [Times: user=0.01 sys=0.00, real=0.00 secs] 
1971.914: [GC (Allocation Failure) [PSYoungGen: 71488K->1453K(72192K)] 423535K->353501K(802304K), 0.0024848 secs] [Times: user=0.01 sys=0.00, real=0.00 secs] 
1972.088: [GC (Allocation Failure) [PSYoungGen: 71572K->1488K(72192K)] 423620K->353535K(802304K), 0.0015317 secs] [Times: user=0.00 sys=0.00, real=0.00 secs] 
1972.213: [GC (Allocation Failure) [PSYoungGen: 71632K->1549K(72192K)] 423679K->353597K(802304K), 0.0015024 secs] [Times: user=0.01 sys=0.00, real=0.01 secs] 
1972.337: [GC (Allocation Failure) [PSYoungGen: 71693K->1424K(72192K)] 423741K->353471K(802304K), 0.0014719 secs] [Times: user=0.01 sys=0.00, real=0.00 secs] 
1972.816: [GC (Allocation Failure) [PSYoungGen: 71568K->1440K(72192K)] 423615K->353495K(802304K), 0.0019431 secs] [Times: user=0.01 sys=0.00, real=0.00 secs] 
1973.451: [GC (Allocation Failure) [PSYoungGen: 71584K->1408K(72192K)] 423639K->353463K(802304K), 0.0019901 secs] [Times: user=0.01 sys=0.00, real=0.00 secs] 
1974.040: [GC (Allocation Failure) [PSYoungGen: 71552K->1440K(72192K)] 423607K->353495K(802304K), 0.0019589 secs] [Times: user=0.01 sys=0.00, real=0.00 secs] 
1974.332: [GC (Allocation Failure) [PSYoungGen: 71584K->1408K(72192K)] 423639K->353463K(802304K), 0.0019546 secs] [Times: user=0.01 sys=0.00, real=0.01 secs] 
1974.586: [GC (Allocation Failure) [PSYoungGen: 71538K->1453K(72192K)] 423594K->353509K(802304K), 0.0016279 secs] [Times: user=0.00 sys=0.00, real=0.00 secs] 
1974.728: [GC (Allocation Failure) [PSYoungGen: 71597K->1520K(72192K)] 423653K->353575K(802304K), 0.0018836 secs] [Times: user=0.01 sys=0.00, real=0.00 secs] 
1974.896: [GC (Allocation Failure) [PSYoungGen: 71664K->1520K(72192K)] 423719K->353575K(802304K), 0.0017221 secs] [Times: user=0.00 sys=0.00, real=0.00 secs] 
1975.021: [GC (Allocation Failure) [PSYoungGen: 71664K->1469K(72192K)] 423719K->353540K(802304K), 0.0016640 secs] [Times: user=0.01 sys=0.00, real=0.00 secs] 
1975.304: [GC (Allocation Failure) [PSYoungGen: 71613K->1408K(72192K)] 423684K->353479K(802304K), 0.0021203 secs] [Times: user=0.00 sys=0.00, real=0.01 secs] 
1975.595: [GC (Allocation Failure) [PSYoungGen: 71552K->1408K(72192K)] 423623K->353479K(802304K), 0.0021394 secs] [Times: user=0.01 sys=0.00, real=0.00 secs] 
1975.887: [GC (Allocation Failure) [PSYoungGen: 71552K->1408K(72192K)] 423623K->353479K(802304K), 0.0019274 secs] [Times: user=0.01 sys=0.00, real=0.00 secs] 
1976.178: [GC (Allocation Failure) [PSYoungGen: 71552K->1376K(72192K)] 423623K->353447K(802304K), 0.0017458 secs] [Times: user=0.01 sys=0.00, real=0.00 secs] 
1976.382: [GC (Allocation Failure) [PSYoungGen: 71520K->1456K(72192K)] 423591K->353527K(802304K), 0.0015165 secs] [Times: user=0.00 sys=0.00, real=0.00 secs] 
1976.506: [GC (Allocation Failure) [PSYoungGen: 71600K->1549K(72192K)] 423671K->353621K(802304K), 0.0015166 secs] [Times: user=0.01 sys=0.00, real=0.00 secs] 
1976.629: [GC (Allocation Failure) [PSYoungGen: 71693K->1488K(72192K)] 423765K->353559K(802304K), 0.0015290 secs] [Times: user=0.00 sys=0.00, real=0.00 secs] 
1976.809: [GC (Allocation Failure) [PSYoungGen: 71632K->1984K(72192K)] 423703K->354087K(802304K), 0.0017197 secs] [Times: user=0.01 sys=0.00, real=0.00 secs] 
1977.101: [GC (Allocation Failure) [PSYoungGen: 72128K->1376K(72192K)] 424231K->353479K(802304K), 0.0018503 secs] [Times: user=0.01 sys=0.00, real=0.00 secs] 
1977.412: [GC (Allocation Failure) [PSYoungGen: 71520K->1376K(72192K)] 423623K->353479K(802304K), 0.0018568 secs] [Times: user=0.01 sys=0.00, real=0.00 secs] 
1977.703: [GC (Allocation Failure) [PSYoungGen: 71520K->1376K(72192K)] 423623K->353479K(802304K), 0.0017171 secs] [Times: user=0.01 sys=0.00, real=0.01 secs] 
1977.994: [GC (Allocation Failure) [PSYoungGen: 71520K->1440K(72192K)] 423623K->353543K(802304K), 0.0018797 secs] [Times: user=0.01 sys=0.00, real=0.01 secs] 
1978.158: [GC (Allocation Failure) [PSYoungGen: 71584K->1488K(72192K)] 423687K->353591K(802304K), 0.0019064 secs] [Times: user=0.01 sys=0.00, real=0.00 secs] 
1978.325: [GC (Allocation Failure) [PSYoungGen: 71632K->1520K(72192K)] 423735K->353623K(802304K), 0.0020461 secs] [Times: user=0.01 sys=0.00, real=0.00 secs] 
1978.491: [GC (Allocation Failure) [PSYoungGen: 71664K->1488K(72192K)] 423767K->353591K(802304K), 0.0015260 secs] [Times: user=0.01 sys=0.00, real=0.00 secs] 
1978.936: [GC (Allocation Failure) [PSYoungGen: 71632K->1408K(72192K)] 423735K->353511K(802304K), 0.0029707 secs] [Times: user=0.01 sys=0.00, real=0.00 secs] 
1979.382: [GC (Allocation Failure) [PSYoungGen: 71552K->1376K(72192K)] 423655K->353479K(802304K), 0.0021799 secs] [Times: user=0.00 sys=0.00, real=0.01 secs] 
1979.680: [GC (Allocation Failure) [PSYoungGen: 71520K->1376K(72192K)] 423623K->353479K(802304K), 0.0018619 secs] [Times: user=0.01 sys=0.00, real=0.00 secs] 
1979.998: [GC (Allocation Failure) [PSYoungGen: 71520K->1344K(72192K)] 423623K->353447K(802304K), 0.0019528 secs] [Times: user=0.01 sys=0.00, real=0.00 secs] 
1980.279: [GC (Allocation Failure) [PSYoungGen: 71488K->1485K(72192K)] 423591K->353589K(802304K), 0.0015190 secs] [Times: user=0.00 sys=0.00, real=0.00 secs] 
1980.403: [GC (Allocation Failure) [PSYoungGen: 71609K->1456K(72192K)] 423713K->353559K(802304K), 0.0016809 secs] [Times: user=0.01 sys=0.00, real=0.01 secs] 
1980.529: [GC (Allocation Failure) [PSYoungGen: 71600K->1549K(72192K)] 423703K->353653K(802304K), 0.0015377 secs] [Times: user=0.00 sys=0.00, real=0.00 secs] 
1980.655: [GC (Allocation Failure) [PSYoungGen: 71693K->1549K(72192K)] 423797K->353669K(802304K), 0.0016298 secs] [Times: user=0.01 sys=0.00, real=0.00 secs] 
1980.999: [GC (Allocation Failure) [PSYoungGen: 71693K->1440K(71680K)] 423813K->353559K(801792K), 0.0018767 secs] [Times: user=0.00 sys=0.00, real=0.00 secs] 
1981.321: [GC (Allocation Failure) [PSYoungGen: 71584K->1376K(71680K)] 423703K->353495K(801792K), 0.0020151 secs] [Times: user=0.01 sys=0.00, real=0.00 secs] 
1981.667: [GC (Allocation Failure) [PSYoungGen: 71520K->1376K(71680K)] 423639K->353495K(801792K), 0.0017443 secs] [Times: user=0.01 sys=0.00, real=0.00 secs] 
1981.959: [GC (Allocation Failure) [PSYoungGen: 71520K->1360K(71680K)] 423639K->353479K(801792K), 0.0021140 secs] [Times: user=0.00 sys=0.01, real=0.00 secs] 
1982.168: [GC (Allocation Failure) [PSYoungGen: 71504K->1517K(71680K)] 423623K->353661K(801792K), 0.0016581 secs] [Times: user=0.01 sys=0.00, real=0.00 secs] 
1982.292: [GC (Allocation Failure) [PSYoungGen: 71661K->1485K(71680K)] 423805K->353629K(801792K), 0.0018264 secs] [Times: user=0.01 sys=0.00, real=0.01 secs] 
1982.416: [GC (Allocation Failure) [PSYoungGen: 71629K->1469K(74752K)] 423773K->353612K(804864K), 0.0017328 secs] [Times: user=0.01 sys=0.00, real=0.00 secs] 
1982.596: [GC (Allocation Failure) [PSYoungGen: 74685K->1568K(75264K)] 426828K->353711K(805376K), 0.0018701 secs] [Times: user=0.01 sys=0.00, real=0.00 secs] 
1982.958: [GC (Allocation Failure) [PSYoungGen: 74784K->1408K(74240K)] 426927K->353551K(804352K), 0.0019560 secs] [Times: user=0.01 sys=0.00, real=0.00 secs] 
1983.261: [GC (Allocation Failure) [PSYoungGen: 74112K->1376K(73728K)] 426255K->353519K(803840K), 0.0019696 secs] [Times: user=0.01 sys=0.00, real=0.00 secs] 
1983.612: [GC (Allocation Failure) [PSYoungGen: 73568K->1376K(73216K)] 425711K->353519K(803328K), 0.0018522 secs] [Times: user=0.01 sys=0.00, real=0.01 secs] 
1983.938: [GC (Allocation Failure) [PSYoungGen: 73056K->1488K(72704K)] 425199K->353631K(802816K), 0.0019935 secs] [Times: user=0.01 sys=0.00, real=0.00 secs] 
1984.069: [GC (Allocation Failure) [PSYoungGen: 72656K->1520K(72192K)] 424799K->353663K(802304K), 0.0017061 secs] [Times: user=0.00 sys=0.00, real=0.00 secs] 
1984.195: [GC (Allocation Failure) [PSYoungGen: 72176K->1517K(71680K)] 424319K->353661K(801792K), 0.0016489 secs] [Times: user=0.00 sys=0.00, real=0.00 secs] 
1984.319: [GC (Allocation Failure) [PSYoungGen: 71661K->1456K(77824K)] 423805K->353599K(807936K), 0.0015908 secs] [Times: user=0.00 sys=0.00, real=0.00 secs] 
1984.925: [GC (Allocation Failure) [PSYoungGen: 77744K->1456K(77312K)] 429887K->353607K(807424K), 0.0022498 secs] [Times: user=0.01 sys=0.00, real=0.00 secs] 
1985.692: [GC (Allocation Failure) [PSYoungGen: 77232K->1408K(76800K)] 429383K->353559K(806912K), 0.0024088 secs] [Times: user=0.01 sys=0.00, real=0.01 secs] 
1986.567: [GC (Allocation Failure) [PSYoungGen: 76672K->1376K(76288K)] 428823K->353527K(806400K), 0.0036709 secs] [Times: user=0.01 sys=0.00, real=0.00 secs] 
1987.671: [GC (Allocation Failure) [PSYoungGen: 76128K->1376K(75776K)] 428279K->353527K(805888K), 0.0043333 secs] [Times: user=0.01 sys=0.00, real=0.01 secs] 
1988.086: [GC (Allocation Failure) [PSYoungGen: 75616K->1520K(75264K)] 427767K->353671K(805376K), 0.0021964 secs] [Times: user=0.01 sys=0.00, real=0.00 secs] 
1988.225: [GC (Allocation Failure) [PSYoungGen: 75248K->1501K(74752K)] 427399K->353653K(804864K), 0.0016466 secs] [Times: user=0.01 sys=0.00, real=0.00 secs] 
1988.356: [GC (Allocation Failure) [PSYoungGen: 74717K->1440K(74240K)] 426869K->353591K(804352K), 0.0015893 secs] [Times: user=0.01 sys=0.00, real=0.00 secs] 
1989.118: [GC (Allocation Failure) [PSYoungGen: 74144K->1408K(73728K)] 426295K->353583K(803840K), 0.0044942 secs] [Times: user=0.02 sys=0.00, real=0.00 secs] 
1990.173: [GC (Allocation Failure) [PSYoungGen: 73600K->1376K(73216K)] 425775K->353551K(803328K), 0.0033341 secs] [Times: user=0.02 sys=0.00, real=0.01 secs] 
1990.844: [GC (Allocation Failure) [PSYoungGen: 73056K->1376K(72704K)] 425231K->353551K(802816K), 0.0037622 secs] [Times: user=0.02 sys=0.00, real=0.00 secs] 
1991.751: [GC (Allocation Failure) [PSYoungGen: 72544K->1344K(72192K)] 424719K->353519K(802304K), 0.0045201 secs] [Times: user=0.02 sys=0.00, real=0.01 secs] 
1992.387: [GC (Allocation Failure) [PSYoungGen: 72000K->1456K(71680K)] 424175K->353631K(801792K), 0.0024787 secs] [Times: user=0.01 sys=0.00, real=0.00 secs] 
1992.546: [GC (Allocation Failure) [PSYoungGen: 71600K->1517K(72192K)] 423775K->353693K(802304K), 0.0015845 secs] [Times: user=0.01 sys=0.01, real=0.00 secs] 
1992.689: [GC (Allocation Failure) [PSYoungGen: 71661K->1488K(72192K)] 423837K->353663K(802304K), 0.0019302 secs] [Times: user=0.00 sys=0.00, real=0.00 secs] 
1992.844: [GC (Allocation Failure) [PSYoungGen: 71632K->1488K(72192K)] 423807K->353663K(802304K), 0.0015433 secs] [Times: user=0.00 sys=0.00, real=0.00 secs] 
1993.290: [GC (Allocation Failure) [PSYoungGen: 71632K->1408K(72192K)] 423807K->353583K(802304K), 0.0023406 secs] [Times: user=0.01 sys=0.00, real=0.00 secs] 
1993.877: [GC (Allocation Failure) [PSYoungGen: 71552K->1376K(72192K)] 423727K->353551K(802304K), 0.0022326 secs] [Times: user=0.01 sys=0.00, real=0.00 secs] 
1994.465: [GC (Allocation Failure) [PSYoungGen: 71520K->1408K(72192K)] 423695K->353583K(802304K), 0.0023160 secs] [Times: user=0.01 sys=0.00, real=0.00 secs] 
1994.964: [GC (Allocation Failure) [PSYoungGen: 71552K->1376K(72192K)] 423727K->353551K(802304K), 0.0021855 secs] [Times: user=0.01 sys=0.00, real=0.00 secs] 
1995.195: [GC (Allocation Failure) [PSYoungGen: 71520K->1456K(72192K)] 423695K->353631K(802304K), 0.0015040 secs] [Times: user=0.01 sys=0.00, real=0.00 secs] 
1995.319: [GC (Allocation Failure) [PSYoungGen: 71574K->1440K(72192K)] 423750K->353615K(802304K), 0.0015395 secs] [Times: user=0.01 sys=0.00, real=0.00 secs] 
1995.443: [GC (Allocation Failure) [PSYoungGen: 71584K->1485K(72192K)] 423759K->353661K(802304K), 0.0027322 secs] [Times: user=0.01 sys=0.00, real=0.01 secs] 
1995.568: [GC (Allocation Failure) [PSYoungGen: 71629K->1472K(72192K)] 423805K->353663K(802304K), 0.0015318 secs] [Times: user=0.00 sys=0.00, real=0.00 secs] 
1996.215: [GC (Allocation Failure) [PSYoungGen: 71616K->1408K(71680K)] 423807K->353599K(801792K), 0.0024099 secs] [Times: user=0.01 sys=0.00, real=0.00 secs] 
1996.777: [GC (Allocation Failure) [PSYoungGen: 71552K->1376K(71680K)] 423743K->353567K(801792K), 0.0023638 secs] [Times: user=0.01 sys=0.00, real=0.00 secs] 
1997.384: [GC (Allocation Failure) [PSYoungGen: 71520K->1376K(71680K)] 423711K->353567K(801792K), 0.0019936 secs] [Times: user=0.01 sys=0.00, real=0.00 secs] 
1997.980: [GC (Allocation Failure) [PSYoungGen: 71520K->1376K(71680K)] 423711K->353567K(801792K), 0.0020925 secs] [Times: user=0.01 sys=0.00, real=0.00 secs] 
1998.208: [GC (Allocation Failure) [PSYoungGen: 71520K->1517K(71680K)] 423711K->353733K(801792K), 0.0015261 secs] [Times: user=0.00 sys=0.00, real=0.00 secs] 
1998.332: [GC (Allocation Failure) [PSYoungGen: 71661K->1517K(71680K)] 423877K->353733K(801792K), 0.0017297 secs] [Times: user=0.00 sys=0.00, real=0.01 secs] 
1998.475: [GC (Allocation Failure) [PSYoungGen: 71661K->1520K(71680K)] 423877K->353735K(801792K), 0.0019875 secs] [Times: user=0.00 sys=0.00, real=0.00 secs] 
1998.795: [GC (Allocation Failure) [PSYoungGen: 71664K->1472K(71680K)] 423879K->353687K(801792K), 0.0025160 secs] [Times: user=0.01 sys=0.00, real=0.00 secs] 
1999.302: [GC (Allocation Failure) [PSYoungGen: 71616K->1376K(71680K)] 423831K->353591K(801792K), 0.0020692 secs] [Times: user=0.01 sys=0.00, real=0.01 secs] 
1999.616: [GC (Allocation Failure) [PSYoungGen: 71520K->1376K(71680K)] 423735K->353591K(801792K), 0.0021585 secs] [Times: user=0.01 sys=0.00, real=0.00 secs] 
1999.939: [GC (Allocation Failure) [PSYoungGen: 71520K->1408K(71680K)] 423735K->353623K(801792K), 0.0021776 secs] [Times: user=0.00 sys=0.00, real=0.00 secs] 
2000.253: [GC (Allocation Failure) [PSYoungGen: 71552K->1424K(71680K)] 423767K->353639K(801792K), 0.0015941 secs] [Times: user=0.01 sys=0.00, real=0.01 secs] 
2000.378: [GC (Allocation Failure) [PSYoungGen: 71568K->1517K(72192K)] 423783K->353733K(802304K), 0.0016008 secs] [Times: user=0.01 sys=0.00, real=0.00 secs] 
2000.502: [GC (Allocation Failure) [PSYoungGen: 71661K->1488K(72192K)] 423877K->353703K(802304K), 0.0015214 secs] [Times: user=0.01 sys=0.00, real=0.01 secs] 
2000.626: [GC (Allocation Failure) [PSYoungGen: 71632K->1549K(72192K)] 423847K->353765K(802304K), 0.0015631 secs] [Times: user=0.01 sys=0.00, real=0.00 secs] 
2000.877: [GC (Allocation Failure) [PSYoungGen: 71693K->1408K(72192K)] 423909K->353631K(802304K), 0.0020011 secs] [Times: user=0.01 sys=0.00, real=0.00 secs] 
2001.207: [GC (Allocation Failure) [PSYoungGen: 71552K->1360K(72192K)] 423775K->353583K(802304K), 0.0018909 secs] [Times: user=0.01 sys=0.00, real=0.00 secs] 
2001.564: [GC (Allocation Failure) [PSYoungGen: 71504K->1376K(72192K)] 423727K->353599K(802304K), 0.0018257 secs] [Times: user=0.01 sys=0.00, real=0.00 secs] 
2001.855: [GC (Allocation Failure) [PSYoungGen: 71520K->1376K(72192K)] 423743K->353599K(802304K), 0.0019214 secs] [Times: user=0.00 sys=0.00, real=0.00 secs] 
2002.100: [GC (Allocation Failure) [PSYoungGen: 71520K->1453K(72192K)] 423743K->353677K(802304K), 0.0016417 secs] [Times: user=0.01 sys=0.00, real=0.00 secs] 
2002.224: [GC (Allocation Failure) [PSYoungGen: 71597K->1456K(72192K)] 423821K->353679K(802304K), 0.0015160 secs] [Times: user=0.01 sys=0.00, real=0.00 secs] 
2002.348: [GC (Allocation Failure) [PSYoungGen: 71600K->1488K(72192K)] 423823K->353711K(802304K), 0.0014790 secs] [Times: user=0.01 sys=0.00, real=0.00 secs] 
2002.472: [GC (Allocation Failure) [PSYoungGen: 71632K->1488K(72192K)] 423855K->353727K(802304K), 0.0017368 secs] [Times: user=0.01 sys=0.00, real=0.01 secs] 
2003.694: [GC (Allocation Failure) [PSYoungGen: 71632K->1392K(72192K)] 423871K->353631K(802304K), 0.0046679 secs] [Times: user=0.02 sys=0.00, real=0.00 secs] 
2004.480: [GC (Allocation Failure) [PSYoungGen: 71536K->1376K(72192K)] 423775K->353615K(802304K), 0.0025834 secs] [Times: user=0.01 sys=0.00, real=0.00 secs] 
2005.204: [GC (Allocation Failure) [PSYoungGen: 71520K->1408K(72192K)] 423759K->353647K(802304K), 0.0025276 secs] [Times: user=0.01 sys=0.00, real=0.00 secs] 
2005.923: [GC (Allocation Failure) [PSYoungGen: 71552K->1392K(72192K)] 423791K->353631K(802304K), 0.0027313 secs] [Times: user=0.01 sys=0.00, real=0.01 secs] 
2006.245: [GC (GCLocker Initiated GC) [PSYoungGen: 71536K->1392K(72192K)] 423775K->353631K(802304K), 0.0019668 secs] [Times: user=0.00 sys=0.00, real=0.00 secs] 
2006.374: [GC (Allocation Failure) [PSYoungGen: 71536K->1421K(72192K)] 423907K->353791K(802304K), 0.0015386 secs] [Times: user=0.01 sys=0.00, real=0.00 secs] 
2006.499: [GC (Allocation Failure) [PSYoungGen: 71565K->1453K(72192K)] 423935K->353824K(802304K), 0.0016732 secs] [Times: user=0.00 sys=0.00, real=0.00 secs] 
2006.699: [GC (Allocation Failure) [PSYoungGen: 71597K->1440K(71680K)] 423968K->353810K(801792K), 0.0020644 secs] [Times: user=0.01 sys=0.00, real=0.00 secs] 
2007.002: [GC (Allocation Failure) [PSYoungGen: 71584K->1376K(71680K)] 423954K->353746K(801792K), 0.0020262 secs] [Times: user=0.00 sys=0.00, real=0.01 secs] 
2007.399: [GC (Allocation Failure) [PSYoungGen: 71520K->384K(71168K)] 423890K->353778K(801280K), 0.0019425 secs] [Times: user=0.01 sys=0.00, real=0.00 secs] 
2007.756: [GC (Allocation Failure) [PSYoungGen: 70528K->352K(72192K)] 423922K->353746K(802304K), 0.0021318 secs] [Times: user=0.01 sys=0.00, real=0.00 secs] 
2008.263: [GC (Allocation Failure) [PSYoungGen: 70496K->1392K(72192K)] 423890K->354787K(802304K), 0.0025659 secs] [Times: user=0.01 sys=0.00, real=0.01 secs] 
2008.475: [GC (Allocation Failure) [PSYoungGen: 71536K->1520K(72192K)] 424931K->354915K(802304K), 0.0020484 secs] [Times: user=0.01 sys=0.00, real=0.00 secs] 
2008.605: [GC (Allocation Failure) [PSYoungGen: 71664K->1488K(72192K)] 425059K->354883K(802304K), 0.0015331 secs] [Times: user=0.00 sys=0.00, real=0.00 secs] 
2008.749: [GC (Allocation Failure) [PSYoungGen: 71632K->1488K(72192K)] 425027K->354899K(802304K), 0.0019386 secs] [Times: user=0.00 sys=0.00, real=0.00 secs] 
2009.001: [GC (Allocation Failure) [PSYoungGen: 71632K->1392K(72192K)] 425043K->354802K(802304K), 0.0025898 secs] [Times: user=0.01 sys=0.00, real=0.00 secs] 
2009.294: [GC (Allocation Failure) [PSYoungGen: 71536K->1376K(72192K)] 424946K->354786K(802304K), 0.0020511 secs] [Times: user=0.01 sys=0.00, real=0.00 secs] 
2009.586: [GC (Allocation Failure) [PSYoungGen: 71520K->1392K(72192K)] 424930K->354802K(802304K), 0.0019359 secs] [Times: user=0.01 sys=0.00, real=0.00 secs] 
2009.877: [GC (Allocation Failure) [PSYoungGen: 71536K->1408K(72192K)] 424946K->354818K(802304K), 0.0020218 secs] [Times: user=0.01 sys=0.00, real=0.00 secs] 
2010.122: [GC (Allocation Failure) [PSYoungGen: 71552K->1421K(72192K)] 424962K->354840K(802304K), 0.0016559 secs] [Times: user=0.01 sys=0.00, real=0.01 secs] 
2010.247: [GC (Allocation Failure) [PSYoungGen: 71565K->1456K(72192K)] 424984K->354891K(802304K), 0.0015211 secs] [Times: user=0.01 sys=0.00, real=0.00 secs] 
2010.374: [GC (Allocation Failure) [PSYoungGen: 71600K->1453K(72192K)] 425035K->354904K(802304K), 0.0056764 secs] [Times: user=0.02 sys=0.00, real=0.00 secs] 
2010.526: [GC (Allocation Failure) [PSYoungGen: 71597K->1437K(72192K)] 425048K->354904K(802304K), 0.0019985 secs] [Times: user=0.00 sys=0.00, real=0.00 secs] 
2012.296: [GC (Allocation Failure) [PSYoungGen: 71581K->1408K(78336K)] 425048K->354874K(808448K), 0.0044697 secs] [Times: user=0.01 sys=0.00, real=0.00 secs] 
2013.221: [GC (Allocation Failure) [PSYoungGen: 78208K->1376K(79360K)] 431674K->354842K(809472K), 0.0030183 secs] [Times: user=0.01 sys=0.00, real=0.01 secs] 
2014.320: [GC (Allocation Failure) [PSYoungGen: 78688K->1376K(78336K)] 432154K->354842K(808448K), 0.0036902 secs] [Times: user=0.01 sys=0.00, real=0.01 secs] 
2015.411: [GC (Allocation Failure) [PSYoungGen: 78176K->1469K(77824K)] 431642K->354936K(807936K), 0.0043304 secs] [Times: user=0.02 sys=0.00, real=0.01 secs] 
2015.668: [GC (Allocation Failure) [PSYoungGen: 77757K->1517K(77312K)] 431224K->355016K(807424K), 0.0020402 secs] [Times: user=0.01 sys=0.00, real=0.00 secs] 
2015.807: [GC (Allocation Failure) [PSYoungGen: 77293K->1453K(76800K)] 430792K->354952K(806912K), 0.0018871 secs] [Times: user=0.01 sys=0.00, real=0.00 secs] 
2015.960: [GC (Allocation Failure) [PSYoungGen: 76717K->1485K(76288K)] 430216K->354984K(806400K), 0.0020122 secs] [Times: user=0.01 sys=0.00, real=0.00 secs] 
2017.004: [GC (Allocation Failure) [PSYoungGen: 76237K->1392K(75776K)] 429736K->354890K(805888K), 0.0049681 secs] [Times: user=0.01 sys=0.00, real=0.00 secs] 
2017.961: [GC (Allocation Failure) [PSYoungGen: 75632K->1408K(75264K)] 429130K->354906K(805376K), 0.0023519 secs] [Times: user=0.01 sys=0.00, real=0.00 secs] 
2018.634: [GC (Allocation Failure) [PSYoungGen: 75136K->1376K(74752K)] 428634K->354874K(804864K), 0.0025231 secs] [Times: user=0.01 sys=0.00, real=0.00 secs] 
2019.098: [GC (Allocation Failure) [PSYoungGen: 74592K->1408K(74240K)] 428090K->354906K(804352K), 0.0021137 secs] [Times: user=0.01 sys=0.00, real=0.00 secs] 
2019.303: [GC (Allocation Failure) [PSYoungGen: 74112K->1517K(73728K)] 427610K->355016K(803840K), 0.0016847 secs] [Times: user=0.01 sys=0.00, real=0.01 secs] 
2019.431: [GC (Allocation Failure) [PSYoungGen: 73709K->1488K(73216K)] 427208K->354987K(803328K), 0.0015971 secs] [Times: user=0.01 sys=0.00, real=0.00 secs] 
2019.557: [GC (Allocation Failure) [PSYoungGen: 73168K->1469K(79872K)] 426667K->354968K(809984K), 0.0022249 secs] [Times: user=0.01 sys=0.00, real=0.00 secs] 
2019.888: [GC (Allocation Failure) [PSYoungGen: 79293K->1440K(78848K)] 432792K->354938K(808960K), 0.0018967 secs] [Times: user=0.01 sys=0.00, real=0.00 secs] 
2020.568: [GC (Allocation Failure) [PSYoungGen: 78752K->1376K(78336K)] 432250K->354882K(808448K), 0.0035162 secs] [Times: user=0.01 sys=0.00, real=0.00 secs] 
2021.277: [GC (Allocation Failure) [PSYoungGen: 78176K->1376K(77824K)] 431682K->354898K(807936K), 0.0034284 secs] [Times: user=0.01 sys=0.00, real=0.00 secs] 
2022.047: [GC (Allocation Failure) [PSYoungGen: 77664K->1376K(77312K)] 431186K->354898K(807424K), 0.0026884 secs] [Times: user=0.01 sys=0.00, real=0.00 secs] 
2022.671: [GC (Allocation Failure) [PSYoungGen: 77152K->1485K(76800K)] 430674K->355008K(806912K), 0.0016824 secs] [Times: user=0.01 sys=0.00, real=0.00 secs] 
2022.825: [GC (Allocation Failure) [PSYoungGen: 76749K->1469K(76288K)] 430272K->354992K(806400K), 0.0020990 secs] [Times: user=0.00 sys=0.00, real=0.00 secs] 
2022.999: [GC (Allocation Failure) [PSYoungGen: 76221K->1424K(75776K)] 429744K->354947K(805888K), 0.0016770 secs] [Times: user=0.01 sys=0.00, real=0.00 secs] 
2023.261: [GC (Allocation Failure) [PSYoungGen: 75664K->1440K(75264K)] 429187K->354962K(805376K), 0.0023361 secs] [Times: user=0.01 sys=0.00, real=0.00 secs] 
2023.839: [GC (Allocation Failure) [PSYoungGen: 75168K->1376K(74752K)] 428690K->354898K(804864K), 0.0024349 secs] [Times: user=0.01 sys=0.00, real=0.00 secs] 
2024.464: [GC (Allocation Failure) [PSYoungGen: 74592K->1424K(74240K)] 428114K->354946K(804352K), 0.0026206 secs] [Times: user=0.01 sys=0.00, real=0.00 secs] 
2025.053: [GC (Allocation Failure) [PSYoungGen: 74128K->1408K(73728K)] 427650K->354930K(803840K), 0.0033416 secs] [Times: user=0.01 sys=0.00, real=0.01 secs] 
2025.509: [GC (Allocation Failure) [PSYoungGen: 73600K->1456K(73216K)] 427122K->354979K(803328K), 0.0023736 secs] [Times: user=0.01 sys=0.00, real=0.00 secs] 
2025.662: [GC (Allocation Failure) [PSYoungGen: 73136K->1517K(72704K)] 426659K->355040K(802816K), 0.0016348 secs] [Times: user=0.01 sys=0.00, real=0.01 secs] 
2025.789: [GC (Allocation Failure) [PSYoungGen: 72685K->1549K(72704K)] 426208K->355072K(802816K), 0.0015992 secs] [Times: user=0.01 sys=0.00, real=0.00 secs] 
2025.915: [GC (Allocation Failure) [PSYoungGen: 72205K->1485K(71680K)] 425728K->355008K(801792K), 0.0016724 secs] [Times: user=0.01 sys=0.00, real=0.00 secs] 
2027.042: [GC (Allocation Failure) [PSYoungGen: 71629K->1376K(71680K)] 425152K->354898K(801792K), 0.0042329 secs] [Times: user=0.02 sys=0.00, real=0.01 secs] 
2027.746: [GC (Allocation Failure) [PSYoungGen: 71520K->1408K(72192K)] 425042K->354930K(802304K), 0.0040966 secs] [Times: user=0.02 sys=0.00, real=0.00 secs] 
2028.404: [GC (Allocation Failure) [PSYoungGen: 71552K->1408K(72192K)] 425074K->354930K(802304K), 0.0031088 secs] [Times: user=0.01 sys=0.00, real=0.00 secs] 
2029.280: [GC (Allocation Failure) [PSYoungGen: 71552K->1376K(72192K)] 425074K->354898K(802304K), 0.0029655 secs] [Times: user=0.01 sys=0.00, real=0.00 secs] 
2029.781: [GC (Allocation Failure) [PSYoungGen: 71520K->1488K(72192K)] 425042K->355027K(802304K), 0.0020691 secs] [Times: user=0.01 sys=0.00, real=0.00 secs] 
2029.920: [GC (Allocation Failure) [PSYoungGen: 71610K->1424K(72192K)] 425149K->354963K(802304K), 0.0015545 secs] [Times: user=0.01 sys=0.00, real=0.00 secs] 
2030.044: [GC (Allocation Failure) [PSYoungGen: 71568K->1453K(72192K)] 425107K->354992K(802304K), 0.0015772 secs] [Times: user=0.01 sys=0.00, real=0.01 secs] 
2030.167: [GC (Allocation Failure) [PSYoungGen: 71597K->1488K(72192K)] 425136K->355035K(802304K), 0.0015649 secs] [Times: user=0.01 sys=0.00, real=0.00 secs] 
2031.048: [GC (Allocation Failure) [PSYoungGen: 71632K->1424K(72192K)] 425179K->354970K(802304K), 0.0039863 secs] [Times: user=0.02 sys=0.00, real=0.00 secs] 
2031.682: [GC (Allocation Failure) [PSYoungGen: 71568K->1376K(72192K)] 425114K->354922K(802304K), 0.0033040 secs] [Times: user=0.01 sys=0.00, real=0.01 secs] 
2032.436: [GC (Allocation Failure) [PSYoungGen: 71520K->1376K(72192K)] 425066K->354922K(802304K), 0.0027715 secs] [Times: user=0.01 sys=0.00, real=0.00 secs] 
2033.354: [GC (Allocation Failure) [PSYoungGen: 71520K->1376K(72192K)] 425066K->354922K(802304K), 0.0040029 secs] [Times: user=0.01 sys=0.00, real=0.00 secs] 
2033.706: [GC (Allocation Failure) [PSYoungGen: 71520K->1520K(72192K)] 425066K->355067K(802304K), 0.0019654 secs] [Times: user=0.00 sys=0.00, real=0.00 secs] 
2033.839: [GC (Allocation Failure) [PSYoungGen: 71664K->1485K(72192K)] 425211K->355032K(802304K), 0.0015489 secs] [Times: user=0.01 sys=0.00, real=0.00 secs] 
2033.981: [GC (Allocation Failure) [PSYoungGen: 71629K->1469K(72192K)] 425176K->355016K(802304K), 0.0019189 secs] [Times: user=0.01 sys=0.00, real=0.00 secs] 
2034.362: [GC (Allocation Failure) [PSYoungGen: 71613K->1408K(72192K)] 425160K->354954K(802304K), 0.0022448 secs] [Times: user=0.01 sys=0.00, real=0.01 secs] 
2035.032: [GC (Allocation Failure) [PSYoungGen: 71552K->1408K(72192K)] 425098K->354954K(802304K), 0.0028238 secs] [Times: user=0.01 sys=0.00, real=0.01 secs] 
2035.423: [GC (Allocation Failure) [PSYoungGen: 71552K->1344K(72192K)] 425098K->354890K(802304K), 0.0028257 secs] [Times: user=0.01 sys=0.00, real=0.01 secs] 
2036.001: [GC (Allocation Failure) [PSYoungGen: 71488K->1408K(72192K)] 425034K->354954K(802304K), 0.0022681 secs] [Times: user=0.00 sys=0.00, real=0.00 secs] 
2036.548: [GC (Allocation Failure) [PSYoungGen: 71552K->1456K(72192K)] 425098K->355003K(802304K), 0.0022827 secs] [Times: user=0.01 sys=0.01, real=0.00 secs] 
2036.699: [GC (Allocation Failure) [PSYoungGen: 71600K->1437K(72192K)] 425147K->354984K(802304K), 0.0026578 secs] [Times: user=0.01 sys=0.00, real=0.00 secs] 
2036.824: [GC (Allocation Failure) [PSYoungGen: 71581K->1520K(72192K)] 425128K->355067K(802304K), 0.0015222 secs] [Times: user=0.00 sys=0.00, real=0.01 secs] 
2036.947: [GC (Allocation Failure) [PSYoungGen: 71664K->1456K(72192K)] 425211K->355003K(802304K), 0.0016392 secs] [Times: user=0.00 sys=0.00, real=0.00 secs] 
2037.497: [GC (Allocation Failure) [PSYoungGen: 71600K->1440K(71680K)] 425147K->354994K(801792K), 0.0022795 secs] [Times: user=0.00 sys=0.00, real=0.00 secs] 
2038.251: [GC (Allocation Failure) [PSYoungGen: 71584K->1376K(71680K)] 425138K->354930K(801792K), 0.0049157 secs] [Times: user=0.01 sys=0.01, real=0.01 secs] 
2038.965: [GC (Allocation Failure) [PSYoungGen: 71520K->1424K(71680K)] 425074K->354978K(801792K), 0.0040056 secs] [Times: user=0.02 sys=0.00, real=0.00 secs] 
2039.826: [GC (Allocation Failure) [PSYoungGen: 71568K->1376K(71680K)] 425122K->354946K(801792K), 0.0035587 secs] [Times: user=0.01 sys=0.01, real=0.00 secs] 
2040.447: [GC (Allocation Failure) [PSYoungGen: 71520K->1517K(71680K)] 425090K->355088K(801792K), 0.0023948 secs] [Times: user=0.01 sys=0.00, real=0.00 secs] 
2040.606: [GC (Allocation Failure) [PSYoungGen: 71661K->1485K(71680K)] 425232K->355056K(801792K), 0.0017590 secs] [Times: user=0.01 sys=0.00, real=0.00 secs] 
2040.730: [GC (Allocation Failure) [PSYoungGen: 71629K->1456K(71680K)] 425200K->355027K(801792K), 0.0015157 secs] [Times: user=0.01 sys=0.00, real=0.00 secs] 
2040.873: [GC (Allocation Failure) [PSYoungGen: 71600K->1488K(71680K)] 425171K->355075K(801792K), 0.0020443 secs] [Times: user=0.01 sys=0.00, real=0.01 secs] 
2041.785: [GC (Allocation Failure) [PSYoungGen: 71632K->1424K(71680K)] 425219K->355010K(801792K), 0.0023785 secs] [Times: user=0.01 sys=0.00, real=0.00 secs] 
2042.456: [GC (Allocation Failure) [PSYoungGen: 71568K->1376K(71680K)] 425154K->354962K(801792K), 0.0041357 secs] [Times: user=0.02 sys=0.00, real=0.00 secs] 
2043.151: [GC (Allocation Failure) [PSYoungGen: 71520K->1376K(71680K)] 425106K->354962K(801792K), 0.0045775 secs] [Times: user=0.01 sys=0.00, real=0.01 secs] 
2043.836: [GC (Allocation Failure) [PSYoungGen: 71520K->1376K(71680K)] 425106K->354962K(801792K), 0.0036756 secs] [Times: user=0.01 sys=0.01, real=0.00 secs] 
2044.203: [GC (Allocation Failure) [PSYoungGen: 71515K->1520K(72192K)] 425102K->355107K(802304K), 0.0020797 secs] [Times: user=0.01 sys=0.00, real=0.01 secs] 
2044.337: [GC (Allocation Failure) [PSYoungGen: 71664K->1424K(72192K)] 425251K->355011K(802304K), 0.0014744 secs] [Times: user=0.01 sys=0.00, real=0.00 secs] 
2044.463: [GC (Allocation Failure) [PSYoungGen: 71568K->1520K(72192K)] 425155K->355107K(802304K), 0.0015822 secs] [Times: user=0.01 sys=0.00, real=0.01 secs] 
2044.634: [GC (Allocation Failure) [PSYoungGen: 71664K->1472K(72192K)] 425251K->355058K(802304K), 0.0017843 secs] [Times: user=0.01 sys=0.00, real=0.00 secs] 
2044.926: [GC (Allocation Failure) [PSYoungGen: 71616K->1424K(72192K)] 425202K->355010K(802304K), 0.0017729 secs] [Times: user=0.00 sys=0.00, real=0.00 secs] 
2045.217: [GC (Allocation Failure) [PSYoungGen: 71568K->1376K(72192K)] 425154K->354962K(802304K), 0.0017553 secs] [Times: user=0.01 sys=0.00, real=0.00 secs] 
2045.508: [GC (Allocation Failure) [PSYoungGen: 71520K->1376K(72192K)] 425106K->354962K(802304K), 0.0016502 secs] [Times: user=0.00 sys=0.00, real=0.00 secs] 
2045.786: [GC (Allocation Failure) [PSYoungGen: 71520K->1453K(72192K)] 425106K->355040K(802304K), 0.0015981 secs] [Times: user=0.01 sys=0.00, real=0.00 secs] 
2045.910: [GC (Allocation Failure) [PSYoungGen: 71597K->1520K(72192K)] 425184K->355107K(802304K), 0.0015105 secs] [Times: user=0.01 sys=0.00, real=0.00 secs] 
2046.034: [GC (Allocation Failure) [PSYoungGen: 71664K->1456K(72192K)] 425251K->355043K(802304K), 0.0015213 secs] [Times: user=0.00 sys=0.00, real=0.00 secs] 
2046.159: [GC (Allocation Failure) [PSYoungGen: 71600K->1485K(72192K)] 425187K->355072K(802304K), 0.0016452 secs] [Times: user=0.00 sys=0.00, real=0.00 secs] 
2047.233: [GC (Allocation Failure) [PSYoungGen: 71629K->1440K(72192K)] 425216K->355026K(802304K), 0.0046245 secs] [Times: user=0.02 sys=0.00, real=0.01 secs] 
2047.881: [GC (Allocation Failure) [PSYoungGen: 71584K->1408K(72192K)] 425170K->355010K(802304K), 0.0026090 secs] [Times: user=0.01 sys=0.00, real=0.00 secs] 
2048.529: [GC (Allocation Failure) [PSYoungGen: 71552K->1344K(72192K)] 425154K->354962K(802304K), 0.0029783 secs] [Times: user=0.02 sys=0.00, real=0.00 secs] 
2049.239: [GC (Allocation Failure) [PSYoungGen: 71488K->1392K(72192K)] 425106K->355010K(802304K), 0.0027443 secs] [Times: user=0.01 sys=0.00, real=0.00 secs] 
2049.861: [GC (Allocation Failure) [PSYoungGen: 71536K->1469K(72192K)] 425154K->355088K(802304K), 0.0023544 secs] [Times: user=0.01 sys=0.00, real=0.00 secs] 
2050.022: [GC (Allocation Failure) [PSYoungGen: 71590K->1552K(72192K)] 425209K->355171K(802304K), 0.0016648 secs] [Times: user=0.00 sys=0.00, real=0.01 secs] 
2050.166: [GC (Allocation Failure) [PSYoungGen: 71696K->1488K(72192K)] 425315K->355115K(802304K), 0.0019036 secs] [Times: user=0.01 sys=0.00, real=0.00 secs] 
2050.320: [GC (Allocation Failure) [PSYoungGen: 71632K->1488K(72192K)] 425259K->355123K(802304K), 0.0015887 secs] [Times: user=0.00 sys=0.00, real=0.00 secs] 
2051.141: [GC (Allocation Failure) [PSYoungGen: 71632K->1408K(72192K)] 425267K->355042K(802304K), 0.0027979 secs] [Times: user=0.01 sys=0.00, real=0.01 secs] 
2051.685: [GC (Allocation Failure) [PSYoungGen: 71552K->1344K(72192K)] 425186K->354978K(802304K), 0.0022299 secs] [Times: user=0.01 sys=0.00, real=0.00 secs] 
2052.507: [GC (Allocation Failure) [PSYoungGen: 71488K->1376K(72192K)] 425122K->355010K(802304K), 0.0023689 secs] [Times: user=0.01 sys=0.00, real=0.00 secs] 
2053.455: [GC (Allocation Failure) [PSYoungGen: 71520K->1328K(72192K)] 425154K->354962K(802304K), 0.0040088 secs] [Times: user=0.01 sys=0.01, real=0.00 secs] 
2054.081: [GC (Allocation Failure) [PSYoungGen: 71472K->1520K(72192K)] 425106K->355155K(802304K), 0.0021445 secs] [Times: user=0.00 sys=0.00, real=0.00 secs] 
2054.266: [GC (Allocation Failure) [PSYoungGen: 71664K->1453K(72192K)] 425299K->355088K(802304K), 0.0027179 secs] [Times: user=0.01 sys=0.00, real=0.00 secs] 
2054.423: [GC (Allocation Failure) [PSYoungGen: 71597K->1453K(72192K)] 425232K->355088K(802304K), 0.0015447 secs] [Times: user=0.01 sys=0.00, real=0.01 secs] 
2054.547: [GC (Allocation Failure) [PSYoungGen: 71165K->256K(72192K)] 424800K->353890K(802304K), 0.0015623 secs] [Times: user=0.00 sys=0.00, real=0.00 secs] 
2054.905: [GC (Allocation Failure) [PSYoungGen: 70400K->1408K(72192K)] 424034K->355042K(802304K), 0.0021597 secs] [Times: user=0.01 sys=0.00, real=0.00 secs] 
2055.197: [GC (Allocation Failure) [PSYoungGen: 71552K->1376K(72192K)] 425186K->355010K(802304K), 0.0020722 secs] [Times: user=0.01 sys=0.00, real=0.00 secs] 
2055.489: [GC (Allocation Failure) [PSYoungGen: 71520K->1376K(72192K)] 425154K->355018K(802304K), 0.0020058 secs] [Times: user=0.00 sys=0.00, real=0.00 secs] 
2055.790: [GC (Allocation Failure) [PSYoungGen: 71186K->272K(72192K)] 424828K->353914K(802304K), 0.0020448 secs] [Times: user=0.01 sys=0.00, real=0.00 secs] 
2055.925: [GC (Allocation Failure) [PSYoungGen: 70416K->1485K(72192K)] 424058K->355128K(802304K), 0.0015243 secs] [Times: user=0.01 sys=0.00, real=0.00 secs] 
2056.069: [GC (Allocation Failure) [PSYoungGen: 71629K->1520K(72192K)] 425272K->355163K(802304K), 0.0019389 secs] [Times: user=0.00 sys=0.00, real=0.00 secs] 
2056.227: [GC (Allocation Failure) [PSYoungGen: 71664K->1453K(72192K)] 425307K->355096K(802304K), 0.0017882 secs] [Times: user=0.00 sys=0.00, real=0.00 secs] 
2056.417: [GC (Allocation Failure) [PSYoungGen: 71597K->1440K(78336K)] 425240K->355090K(808448K), 0.0022372 secs] [Times: user=0.01 sys=0.00, real=0.00 secs] 
2056.735: [GC (Allocation Failure) [PSYoungGen: 77728K->1344K(77312K)] 431378K->354994K(807424K), 0.0021484 secs] [Times: user=0.01 sys=0.00, real=0.00 secs] 
2057.050: [GC (Allocation Failure) [PSYoungGen: 77120K->1344K(76800K)] 430770K->355010K(806912K), 0.0022078 secs] [Times: user=0.01 sys=0.00, real=0.00 secs] 
2057.363: [GC (Allocation Failure) [PSYoungGen: 76608K->1376K(76288K)] 430274K->355042K(806400K), 0.0019925 secs] [Times: user=0.01 sys=0.00, real=0.01 secs] 
2057.614: [GC (Allocation Failure) [PSYoungGen: 76128K->1517K(75776K)] 429794K->355184K(805888K), 0.0018492 secs] [Times: user=0.01 sys=0.00, real=0.00 secs] 
2057.747: [GC (Allocation Failure) [PSYoungGen: 75757K->1453K(75264K)] 429424K->355120K(805376K), 0.0016328 secs] [Times: user=0.00 sys=0.00, real=0.00 secs] 
2057.877: [GC (Allocation Failure) [PSYoungGen: 75181K->1485K(74752K)] 428848K->355152K(804864K), 0.0017319 secs] [Times: user=0.00 sys=0.00, real=0.00 secs] 
2058.044: [GC (Allocation Failure) [PSYoungGen: 74701K->1952K(75264K)] 428368K->355618K(805376K), 0.0020297 secs] [Times: user=0.01 sys=0.00, real=0.01 secs] 
2058.345: [GC (Allocation Failure) [PSYoungGen: 75168K->1376K(74240K)] 428834K->355050K(804352K), 0.0017726 secs] [Times: user=0.01 sys=0.00, real=0.00 secs] 
2058.647: [GC (Allocation Failure) [PSYoungGen: 74080K->1376K(73728K)] 427754K->355050K(803840K), 0.0018945 secs] [Times: user=0.01 sys=0.00, real=0.00 secs] 
2058.952: [GC (Allocation Failure) [PSYoungGen: 73568K->1344K(73216K)] 427242K->355018K(803328K), 0.0018436 secs] [Times: user=0.01 sys=0.00, real=0.00 secs] 
2059.369: [GC (Allocation Failure) [PSYoungGen: 73024K->1485K(72704K)] 426698K->355160K(802816K), 0.0016633 secs] [Times: user=0.01 sys=0.00, real=0.00 secs] 
2059.496: [GC (Allocation Failure) [PSYoungGen: 72652K->1517K(72192K)] 426327K->355192K(802304K), 0.0017214 secs] [Times: user=0.01 sys=0.00, real=0.00 secs] 
2059.624: [GC (Allocation Failure) [PSYoungGen: 72173K->1488K(71680K)] 425848K->355163K(801792K), 0.0017656 secs] [Times: user=0.01 sys=0.00, real=0.00 secs] 
2059.769: [GC (Allocation Failure) [PSYoungGen: 71632K->1501K(77824K)] 425307K->355176K(807936K), 0.0020564 secs] [Times: user=0.01 sys=0.00, real=0.00 secs] 
2060.371: [GC (Allocation Failure) [PSYoungGen: 77789K->1440K(77312K)] 431464K->355114K(807424K), 0.0026206 secs] [Times: user=0.01 sys=0.00, real=0.00 secs] 
2060.979: [GC (Allocation Failure) [PSYoungGen: 77216K->1376K(76800K)] 430890K->355050K(806912K), 0.0026094 secs] [Times: user=0.01 sys=0.00, real=0.00 secs] 
2061.784: [GC (Allocation Failure) [PSYoungGen: 76640K->1376K(76288K)] 430314K->355050K(806400K), 0.0028398 secs] [Times: user=0.01 sys=0.00, real=0.00 secs] 
2062.721: [GC (Allocation Failure) [PSYoungGen: 76128K->1360K(75776K)] 429802K->355034K(805888K), 0.0034385 secs] [Times: user=0.01 sys=0.00, real=0.01 secs] 
2063.176: [GC (Allocation Failure) [PSYoungGen: 75600K->1488K(75264K)] 429274K->355163K(805376K), 0.0020049 secs] [Times: user=0.01 sys=0.00, real=0.00 secs] 
2063.311: [GC (Allocation Failure) [PSYoungGen: 75216K->1549K(75264K)] 428891K->355224K(805376K), 0.0015496 secs] [Times: user=0.00 sys=0.00, real=0.00 secs] 
2063.441: [GC (Allocation Failure) [PSYoungGen: 74765K->1501K(74240K)] 428440K->355176K(804352K), 0.0018000 secs] [Times: user=0.01 sys=0.00, real=0.00 secs] 
2064.012: [GC (Allocation Failure) [PSYoungGen: 74205K->1440K(73728K)] 427880K->355114K(803840K), 0.0022895 secs] [Times: user=0.01 sys=0.00, real=0.01 secs] 
2065.520: [GC (Allocation Failure) [PSYoungGen: 73632K->1344K(73216K)] 427306K->355018K(803328K), 0.0033451 secs] [Times: user=0.01 sys=0.00, real=0.00 secs] 
2066.306: [GC (Allocation Failure) [PSYoungGen: 73024K->1376K(72704K)] 426698K->355050K(802816K), 0.0026040 secs] [Times: user=0.02 sys=0.00, real=0.00 secs] 
2067.342: [GC (Allocation Failure) [PSYoungGen: 72544K->1344K(72192K)] 426218K->355018K(802304K), 0.0047592 secs] [Times: user=0.02 sys=0.01, real=0.01 secs] 
2067.993: [GC (Allocation Failure) [PSYoungGen: 72000K->1453K(71680K)] 425674K->355128K(801792K), 0.0023290 secs] [Times: user=0.01 sys=0.00, real=0.01 secs] 
2068.150: [GC (Allocation Failure) [PSYoungGen: 71597K->1485K(71680K)] 425272K->355160K(801792K), 0.0016597 secs] [Times: user=0.01 sys=0.00, real=0.00 secs] 
2068.274: [GC (Allocation Failure) [PSYoungGen: 71629K->1549K(72192K)] 425304K->355224K(802304K), 0.0016959 secs] [Times: user=0.01 sys=0.00, real=0.00 secs] 
2068.398: [GC (Allocation Failure) [PSYoungGen: 71693K->1485K(72192K)] 425368K->355160K(802304K), 0.0015374 secs] [Times: user=0.01 sys=0.00, real=0.00 secs] 
2068.937: [GC (Allocation Failure) [PSYoungGen: 71629K->1440K(72192K)] 425304K->355122K(802304K), 0.0020420 secs] [Times: user=0.01 sys=0.00, real=0.00 secs] 
2069.722: [GC (Allocation Failure) [PSYoungGen: 71584K->1344K(72192K)] 425266K->355026K(802304K), 0.0027639 secs] [Times: user=0.01 sys=0.00, real=0.01 secs] 
2070.443: [GC (Allocation Failure) [PSYoungGen: 71488K->1392K(72192K)] 425170K->355074K(802304K), 0.0031973 secs] [Times: user=0.02 sys=0.00, real=0.01 secs] 
2071.125: [GC (Allocation Failure) [PSYoungGen: 71536K->1408K(72192K)] 425218K->355114K(802304K), 0.0025530 secs] [Times: user=0.01 sys=0.00, real=0.00 secs] 
2071.411: [GC (Allocation Failure) [PSYoungGen: 71552K->1453K(72192K)] 425258K->355160K(802304K), 0.0015965 secs] [Times: user=0.01 sys=0.00, real=0.00 secs] 
2071.534: [GC (Allocation Failure) [PSYoungGen: 71597K->1485K(72192K)] 425304K->355192K(802304K), 0.0015159 secs] [Times: user=0.01 sys=0.00, real=0.00 secs] 
2071.676: [GC (Allocation Failure) [PSYoungGen: 71629K->1485K(72192K)] 425336K->355192K(802304K), 0.0016765 secs] [Times: user=0.01 sys=0.00, real=0.00 secs] 
2071.840: [GC (Allocation Failure) [PSYoungGen: 71629K->1501K(72192K)] 425336K->355224K(802304K), 0.0015911 secs] [Times: user=0.01 sys=0.00, real=0.00 secs] 
2072.719: [GC (Allocation Failure) [PSYoungGen: 71645K->1408K(72192K)] 425368K->355130K(802304K), 0.0041702 secs] [Times: user=0.02 sys=0.00, real=0.00 secs] 
2073.303: [GC (Allocation Failure) [PSYoungGen: 71552K->1376K(72192K)] 425274K->355098K(802304K), 0.0026175 secs] [Times: user=0.01 sys=0.00, real=0.01 secs] 
2073.941: [GC (Allocation Failure) [PSYoungGen: 71520K->1392K(72192K)] 425242K->355114K(802304K), 0.0025789 secs] [Times: user=0.01 sys=0.00, real=0.01 secs] 
2074.553: [GC (Allocation Failure) [PSYoungGen: 71536K->1408K(72192K)] 425258K->355130K(802304K), 0.0031671 secs] [Times: user=0.01 sys=0.00, real=0.01 secs] 
2074.815: [GC (Allocation Failure) [PSYoungGen: 71552K->1469K(72192K)] 425274K->355192K(802304K), 0.0017469 secs] [Times: user=0.01 sys=0.00, real=0.00 secs] 
2074.940: [GC (Allocation Failure) [PSYoungGen: 71613K->1517K(72192K)] 425336K->355240K(802304K), 0.0015366 secs] [Times: user=0.00 sys=0.00, real=0.00 secs] 
2075.065: [GC (Allocation Failure) [PSYoungGen: 71661K->1453K(72192K)] 425384K->355176K(802304K), 0.0017790 secs] [Times: user=0.01 sys=0.00, real=0.00 secs] 
2075.495: [GC (Allocation Failure) [PSYoungGen: 71597K->1408K(72192K)] 425320K->355130K(802304K), 0.0049275 secs] [Times: user=0.02 sys=0.01, real=0.00 secs] 
2076.432: [GC (Allocation Failure) [PSYoungGen: 71552K->1376K(72192K)] 425274K->355098K(802304K), 0.0029397 secs] [Times: user=0.01 sys=0.00, real=0.01 secs] 
2077.467: [GC (Allocation Failure) [PSYoungGen: 71520K->1408K(72192K)] 425242K->355130K(802304K), 0.0043244 secs] [Times: user=0.01 sys=0.00, real=0.00 secs] 
2078.686: [GC (Allocation Failure) [PSYoungGen: 71552K->1408K(72192K)] 425274K->355130K(802304K), 0.0039305 secs] [Times: user=0.01 sys=0.00, real=0.00 secs] 
2079.394: [GC (Allocation Failure) [PSYoungGen: 71552K->1485K(72192K)] 425274K->355208K(802304K), 0.0029038 secs] [Times: user=0.01 sys=0.00, real=0.00 secs] 
2079.588: [GC (Allocation Failure) [PSYoungGen: 71609K->1517K(72192K)] 425331K->355240K(802304K), 0.0016059 secs] [Times: user=0.00 sys=0.00, real=0.00 secs] 
2079.732: [GC (Allocation Failure) [PSYoungGen: 71661K->1501K(72192K)] 425384K->355224K(802304K), 0.0019029 secs] [Times: user=0.01 sys=0.00, real=0.01 secs] 
2079.902: [GC (Allocation Failure) [PSYoungGen: 71645K->1488K(72192K)] 425368K->355211K(802304K), 0.0020875 secs] [Times: user=0.01 sys=0.00, real=0.01 secs] 
2080.585: [GC (Allocation Failure) [PSYoungGen: 71632K->1424K(72192K)] 425355K->355162K(802304K), 0.0043012 secs] [Times: user=0.02 sys=0.01, real=0.00 secs] 
2081.364: [GC (Allocation Failure) [PSYoungGen: 71568K->1376K(72192K)] 425306K->355114K(802304K), 0.0060917 secs] [Times: user=0.03 sys=0.01, real=0.00 secs] 
2081.996: [GC (Allocation Failure) [PSYoungGen: 71520K->1344K(72192K)] 425258K->355082K(802304K), 0.0026160 secs] [Times: user=0.01 sys=0.00, real=0.00 secs] 
2082.545: [GC (Allocation Failure) [PSYoungGen: 71488K->1344K(72192K)] 425226K->355082K(802304K), 0.0023139 secs] [Times: user=0.01 sys=0.00, real=0.00 secs] 
2082.959: [GC (Allocation Failure) [PSYoungGen: 71488K->1456K(72192K)] 425226K->355195K(802304K), 0.0018410 secs] [Times: user=0.01 sys=0.00, real=0.00 secs] 
2083.093: [GC (Allocation Failure) [PSYoungGen: 71586K->1485K(72192K)] 425325K->355224K(802304K), 0.0016669 secs] [Times: user=0.01 sys=0.00, real=0.01 secs] 
2083.217: [GC (Allocation Failure) [PSYoungGen: 71629K->1517K(72192K)] 425368K->355256K(802304K), 0.0016853 secs] [Times: user=0.01 sys=0.00, real=0.00 secs] 
2083.341: [GC (Allocation Failure) [PSYoungGen: 71661K->1469K(72192K)] 425400K->355224K(802304K), 0.0016883 secs] [Times: user=0.00 sys=0.00, real=0.00 secs] 
2083.955: [GC (Allocation Failure) [PSYoungGen: 71613K->1376K(72192K)] 425368K->355130K(802304K), 0.0018209 secs] [Times: user=0.00 sys=0.00, real=0.00 secs] 
2084.586: [GC (Allocation Failure) [PSYoungGen: 71520K->1408K(72192K)] 425274K->355162K(802304K), 0.0040393 secs] [Times: user=0.02 sys=0.01, real=0.00 secs] 
2085.086: [GC (Allocation Failure) [PSYoungGen: 71552K->1376K(72192K)] 425306K->355130K(802304K), 0.0032870 secs] [Times: user=0.02 sys=0.00, real=0.00 secs] 
2085.853: [GC (Allocation Failure) [PSYoungGen: 71520K->1392K(72192K)] 425274K->355146K(802304K), 0.0027257 secs] [Times: user=0.01 sys=0.00, real=0.01 secs] 
2086.157: [GC (Allocation Failure) [PSYoungGen: 71536K->1485K(72192K)] 425290K->355240K(802304K), 0.0017185 secs] [Times: user=0.00 sys=0.00, real=0.00 secs] 
2086.282: [GC (Allocation Failure) [PSYoungGen: 71629K->1501K(72192K)] 425384K->355256K(802304K), 0.0038445 secs] [Times: user=0.02 sys=0.00, real=0.01 secs] 
2086.409: [GC (Allocation Failure) [PSYoungGen: 71645K->1485K(72192K)] 425400K->355240K(802304K), 0.0016455 secs] [Times: user=0.00 sys=0.00, real=0.00 secs] 
2086.578: [GC (Allocation Failure) [PSYoungGen: 71629K->1440K(78848K)] 425384K->355194K(808960K), 0.0019071 secs] [Times: user=0.00 sys=0.00, real=0.00 secs] 
2086.897: [GC (Allocation Failure) [PSYoungGen: 78240K->1344K(78848K)] 431994K->355098K(808960K), 0.0019271 secs] [Times: user=0.00 sys=0.00, real=0.00 secs] 
2087.216: [GC (Allocation Failure) [PSYoungGen: 78144K->1440K(85504K)] 431898K->355194K(815616K), 0.0257478 secs] [Times: user=0.07 sys=0.06, real=0.02 secs] 
2087.590: [GC (Allocation Failure) [PSYoungGen: 84896K->1408K(85504K)] 438650K->355186K(815616K), 0.0031120 secs] [Times: user=0.01 sys=0.01, real=0.00 secs] 
2087.881: [GC (Allocation Failure) [PSYoungGen: 84864K->1488K(94720K)] 438642K->355267K(824832K), 0.0028238 secs] [Times: user=0.01 sys=0.01, real=0.00 secs] 
2088.078: [GC (Allocation Failure) [PSYoungGen: 94672K->1488K(95232K)] 448451K->355283K(825344K), 0.0020488 secs] [Times: user=0.01 sys=0.00, real=0.00 secs] 
2088.264: [GC (Allocation Failure) [PSYoungGen: 94672K->1488K(105472K)] 448467K->355283K(835584K), 0.0053604 secs] [Times: user=0.01 sys=0.02, real=0.00 secs] 
2090.271: [GC (Allocation Failure) [PSYoungGen: 104912K->1408K(105472K)] 458707K->355202K(835584K), 0.0043051 secs] [Times: user=0.02 sys=0.00, real=0.01 secs] 
2091.545: [GC (Allocation Failure) [PSYoungGen: 104832K->1456K(114688K)] 458626K->355250K(844800K), 0.0087046 secs] [Times: user=0.02 sys=0.03, real=0.00 secs] 
2092.668: [GC (Allocation Failure) [PSYoungGen: 114608K->1453K(115712K)] 468402K->355248K(845824K), 0.0027524 secs] [Times: user=0.02 sys=0.00, real=0.00 secs] 
2092.915: [GC (Allocation Failure) [PSYoungGen: 115117K->1584K(114688K)] 468912K->355379K(844800K), 0.0018229 secs] [Times: user=0.01 sys=0.01, real=0.00 secs] 
2093.114: [GC (Allocation Failure) [PSYoungGen: 114224K->1581K(113664K)] 468019K->355376K(843776K), 0.0019308 secs] [Times: user=0.01 sys=0.00, real=0.00 secs] 
2094.960: [GC (Allocation Failure) [PSYoungGen: 113197K->384K(111104K)] 466992K->355202K(841216K), 0.0023557 secs] [Times: user=0.01 sys=0.00, real=0.00 secs] 
2096.453: [GC (Allocation Failure) [PSYoungGen: 110976K->368K(111616K)] 465794K->355186K(841728K), 0.0032111 secs] [Times: user=0.02 sys=0.00, real=0.01 secs] 
2097.023: [GC (Allocation Failure) [PSYoungGen: 109936K->1453K(110080K)] 464754K->356272K(840192K), 0.0017647 secs] [Times: user=0.00 sys=0.00, real=0.01 secs] 
2097.217: [GC (Allocation Failure) [PSYoungGen: 109997K->1520K(109056K)] 464816K->356339K(839168K), 0.0018820 secs] [Times: user=0.00 sys=0.00, real=0.00 secs] 
2097.408: [GC (Allocation Failure) [PSYoungGen: 109040K->1533K(108032K)] 463859K->356352K(838144K), 0.0017311 secs] [Times: user=0.00 sys=0.00, real=0.00 secs] 
2097.969: [GC (Allocation Failure) [PSYoungGen: 108029K->1408K(107008K)] 462848K->356226K(837120K), 0.0020174 secs] [Times: user=0.01 sys=0.00, real=0.00 secs] 
2098.997: [GC (Allocation Failure) [PSYoungGen: 106880K->1376K(105984K)] 461698K->356194K(836096K), 0.0020257 secs] [Times: user=0.01 sys=0.00, real=0.00 secs] 
2099.848: [GC (Allocation Failure) [PSYoungGen: 105824K->1517K(104960K)] 460642K->356336K(835072K), 0.0019725 secs] [Times: user=0.00 sys=0.00, real=0.00 secs] 
2100.035: [GC (Allocation Failure) [PSYoungGen: 104941K->1520K(103936K)] 459760K->356339K(834048K), 0.0017100 secs] [Times: user=0.01 sys=0.00, real=0.00 secs] 
2100.215: [GC (Allocation Failure) [PSYoungGen: 103920K->1517K(103424K)] 458739K->356336K(833536K), 0.0016439 secs] [Times: user=0.01 sys=0.00, real=0.00 secs] 
2100.956: [GC (Allocation Failure) [PSYoungGen: 103405K->1408K(102912K)] 458224K->356226K(833024K), 0.0019300 secs] [Times: user=0.01 sys=0.00, real=0.00 secs] 
2101.804: [GC (Allocation Failure) [PSYoungGen: 102784K->1360K(102400K)] 457602K->356178K(832512K), 0.0021019 secs] [Times: user=0.01 sys=0.00, real=0.00 secs] 
2102.597: [GC (Allocation Failure) [PSYoungGen: 102224K->1408K(101888K)] 457042K->356242K(832000K), 0.0027433 secs] [Times: user=0.01 sys=0.00, real=0.00 secs] 
2102.854: [GC (Allocation Failure) [PSYoungGen: 101760K->1565K(101888K)] 456594K->356400K(832000K), 0.0016114 secs] [Times: user=0.01 sys=0.00, real=0.00 secs] 
2103.032: [GC (Allocation Failure) [PSYoungGen: 101405K->525K(100352K)] 456240K->356384K(830464K), 0.0015589 secs] [Times: user=0.00 sys=0.00, real=0.00 secs] 
2103.748: [GC (Allocation Failure) [PSYoungGen: 99853K->1472K(100352K)] 455712K->357330K(830464K), 0.0027406 secs] [Times: user=0.01 sys=0.00, real=0.00 secs] 
2104.791: [GC (Allocation Failure) [PSYoungGen: 100288K->1392K(99840K)] 456146K->357250K(829952K), 0.0025217 secs] [Times: user=0.01 sys=0.00, real=0.00 secs] 
2105.636: [GC (Allocation Failure) [PSYoungGen: 99696K->1408K(99328K)] 455554K->357266K(829440K), 0.0027838 secs] [Times: user=0.01 sys=0.00, real=0.00 secs] 
2106.187: [GC (Allocation Failure) [PSYoungGen: 99200K->1488K(98816K)] 455058K->357347K(828928K), 0.0018305 secs] [Times: user=0.01 sys=0.00, real=0.00 secs] 
2106.362: [GC (Allocation Failure) [PSYoungGen: 98768K->1549K(98816K)] 454627K->357408K(828928K), 0.0017783 secs] [Times: user=0.00 sys=0.00, real=0.01 secs] 
2106.535: [GC (Allocation Failure) [PSYoungGen: 98317K->525K(97280K)] 454176K->357408K(827392K), 0.0017156 secs] [Times: user=0.01 sys=0.00, real=0.00 secs] 
2108.217: [GC (Allocation Failure) [PSYoungGen: 96781K->1440K(97280K)] 453664K->358322K(827392K), 0.0034145 secs] [Times: user=0.01 sys=0.00, real=0.00 secs] 
2109.281: [GC (Allocation Failure) [PSYoungGen: 97184K->1392K(96768K)] 454066K->358274K(826880K), 0.0034375 secs] [Times: user=0.02 sys=0.00, real=0.01 secs] 
2110.323: [GC (Allocation Failure) [PSYoungGen: 96624K->1408K(96256K)] 453506K->358290K(826368K), 0.0033221 secs] [Times: user=0.02 sys=0.00, real=0.01 secs] 
2110.844: [GC (Allocation Failure) [PSYoungGen: 96128K->1517K(95744K)] 453010K->358400K(825856K), 0.0017164 secs] [Times: user=0.00 sys=0.00, real=0.00 secs] 
2111.011: [GC (Allocation Failure) [PSYoungGen: 95725K->1520K(95232K)] 452608K->358403K(825344K), 0.0017444 secs] [Times: user=0.00 sys=0.00, real=0.00 secs] 
2111.356: [GC (Allocation Failure) [PSYoungGen: 95216K->1472K(94720K)] 452099K->358354K(824832K), 0.0019638 secs] [Times: user=0.01 sys=0.00, real=0.00 secs] 
2112.259: [GC (Allocation Failure) [PSYoungGen: 94656K->1376K(94208K)] 451538K->358274K(824320K), 0.0021089 secs] [Times: user=0.01 sys=0.00, real=0.00 secs] 
2113.200: [GC (Allocation Failure) [PSYoungGen: 94048K->1408K(93696K)] 450946K->358306K(823808K), 0.0021719 secs] [Times: user=0.01 sys=0.00, real=0.00 secs] 
2114.086: [GC (Allocation Failure) [PSYoungGen: 93568K->1488K(93184K)] 450466K->358387K(823296K), 0.0024074 secs] [Times: user=0.01 sys=0.00, real=0.00 secs] 
2114.276: [GC (Allocation Failure) [PSYoungGen: 93136K->1424K(92672K)] 450035K->358323K(822784K), 0.0018339 secs] [Times: user=0.01 sys=0.00, real=0.00 secs] 
2114.467: [GC (Allocation Failure) [PSYoungGen: 92560K->1520K(92160K)] 449459K->358419K(822272K), 0.0020396 secs] [Times: user=0.01 sys=0.00, real=0.00 secs] 
2114.769: [GC (Allocation Failure) [PSYoungGen: 92144K->1472K(91648K)] 449043K->358370K(821760K), 0.0022780 secs] [Times: user=0.01 sys=0.00, real=0.00 secs] 
2115.252: [GC (Allocation Failure) [PSYoungGen: 91584K->1344K(91136K)] 448482K->358242K(821248K), 0.0021670 secs] [Times: user=0.01 sys=0.01, real=0.01 secs] 
2115.925: [GC (Allocation Failure) [PSYoungGen: 90944K->1408K(90624K)] 447842K->358306K(820736K), 0.0022199 secs] [Times: user=0.01 sys=0.00, real=0.00 secs] 
2116.595: [GC (Allocation Failure) [PSYoungGen: 90496K->1421K(90112K)] 447394K->358320K(820224K), 0.0021263 secs] [Times: user=0.00 sys=0.00, real=0.00 secs] 
2116.817: [GC (Allocation Failure) [PSYoungGen: 89997K->1488K(89600K)] 446896K->358419K(819712K), 0.0021766 secs] [Times: user=0.01 sys=0.00, real=0.00 secs] 
2116.997: [GC (Allocation Failure) [PSYoungGen: 89552K->1501K(89088K)] 446483K->358432K(819200K), 0.0016693 secs] [Times: user=0.00 sys=0.00, real=0.00 secs] 
2117.614: [GC (Allocation Failure) [PSYoungGen: 89053K->1408K(88576K)] 445984K->358338K(818688K), 0.0041634 secs] [Times: user=0.01 sys=0.00, real=0.00 secs] 
2118.953: [GC (Allocation Failure) [PSYoungGen: 88448K->1376K(88064K)] 445378K->358306K(818176K), 0.0036266 secs] [Times: user=0.01 sys=0.00, real=0.01 secs] 
2119.786: [GC (Allocation Failure) [PSYoungGen: 87904K->1408K(87552K)] 444834K->358338K(817664K), 0.0028471 secs] [Times: user=0.01 sys=0.00, real=0.00 secs] 
2120.780: [GC (Allocation Failure) [PSYoungGen: 87424K->1360K(87040K)] 444354K->358291K(817152K), 0.0036500 secs] [Times: user=0.02 sys=0.00, real=0.01 secs] 
2121.021: [GC (Allocation Failure) [PSYoungGen: 86864K->1517K(86528K)] 443795K->358448K(816640K), 0.0015859 secs] [Times: user=0.01 sys=0.00, real=0.00 secs] 
2121.172: [GC (Allocation Failure) [PSYoungGen: 86509K->1485K(86016K)] 443440K->358432K(816128K), 0.0017058 secs] [Times: user=0.01 sys=0.00, real=0.01 secs] 
2121.320: [GC (Allocation Failure) [PSYoungGen: 85965K->1501K(85504K)] 442912K->358448K(815616K), 0.0015696 secs] [Times: user=0.01 sys=0.00, real=0.00 secs] 
2122.169: [GC (Allocation Failure) [PSYoungGen: 85469K->1408K(84992K)] 442416K->358354K(815104K), 0.0019968 secs] [Times: user=0.01 sys=0.00, real=0.00 secs] 
2123.042: [GC (Allocation Failure) [PSYoungGen: 84864K->1408K(84480K)] 441810K->358354K(814592K), 0.0022994 secs] [Times: user=0.01 sys=0.00, real=0.01 secs] 
2123.741: [GC (Allocation Failure) [PSYoungGen: 84352K->1376K(83968K)] 441298K->358322K(814080K), 0.0026499 secs] [Times: user=0.01 sys=0.00, real=0.01 secs] 
2124.246: [GC (Allocation Failure) [PSYoungGen: 83802K->1456K(83456K)] 440748K->358403K(813568K), 0.0021672 secs] [Times: user=0.01 sys=0.00, real=0.00 secs] 
2124.454: [GC (Allocation Failure) [PSYoungGen: 83376K->1456K(82944K)] 440323K->358403K(813056K), 0.0021759 secs] [Times: user=0.00 sys=0.00, real=0.00 secs] 
2124.617: [GC (Allocation Failure) [PSYoungGen: 82864K->1520K(82432K)] 439811K->358528K(812544K), 0.0016097 secs] [Times: user=0.01 sys=0.00, real=0.00 secs] 
2125.049: [GC (Allocation Failure) [PSYoungGen: 82416K->1440K(81920K)] 439424K->358447K(812032K), 0.0036840 secs] [Times: user=0.02 sys=0.00, real=0.00 secs] 
2125.452: [GC (Allocation Failure) [PSYoungGen: 81824K->1376K(81408K)] 438831K->358383K(811520K), 0.0021382 secs] [Times: user=0.01 sys=0.00, real=0.01 secs] 
2125.902: [GC (Allocation Failure) [PSYoungGen: 81248K->1376K(80896K)] 438255K->358383K(811008K), 0.0021528 secs] [Times: user=0.01 sys=0.00, real=0.01 secs] 
2126.514: [GC (Allocation Failure) [PSYoungGen: 80736K->1392K(80384K)] 437743K->358400K(810496K), 0.0021604 secs] [Times: user=0.01 sys=0.01, real=0.00 secs] 
2126.772: [GC (Allocation Failure) [PSYoungGen: 80240K->1453K(79872K)] 437248K->358461K(809984K), 0.0016744 secs] [Times: user=0.00 sys=0.00, real=0.00 secs] 
2126.910: [GC (Allocation Failure) [PSYoungGen: 79789K->1472K(79360K)] 436797K->358480K(809472K), 0.0016070 secs] [Times: user=0.01 sys=0.00, real=0.00 secs] 
2127.049: [GC (Allocation Failure) [PSYoungGen: 79296K->1549K(79360K)] 436304K->358557K(809472K), 0.0016968 secs] [Times: user=0.00 sys=0.00, real=0.00 secs] 
2127.618: [GC (Allocation Failure) [PSYoungGen: 78861K->400K(77312K)] 435869K->358432K(807424K), 0.0028731 secs] [Times: user=0.01 sys=0.00, real=0.00 secs] 
2128.032: [GC (Allocation Failure) [PSYoungGen: 77200K->384K(78336K)] 435232K->358415K(808448K), 0.0033043 secs] [Times: user=0.01 sys=0.00, real=0.01 secs] 
2128.438: [GC (Allocation Failure) [PSYoungGen: 76672K->320K(76288K)] 434703K->358367K(806400K), 0.0021141 secs] [Times: user=0.01 sys=0.00, real=0.00 secs] 
2128.753: [GC (Allocation Failure) [PSYoungGen: 76096K->352K(77312K)] 434143K->358423K(807424K), 0.0019879 secs] [Times: user=0.00 sys=0.00, real=0.01 secs] 
2128.929: [GC (Allocation Failure) [PSYoungGen: 75616K->1488K(76288K)] 433687K->359560K(806400K), 0.0017968 secs] [Times: user=0.01 sys=0.00, real=0.00 secs] 
2129.062: [GC (Allocation Failure) [PSYoungGen: 76240K->1485K(75776K)] 434312K->359557K(805888K), 0.0017129 secs] [Times: user=0.01 sys=0.00, real=0.01 secs] 
2129.194: [GC (Allocation Failure) [PSYoungGen: 75725K->1517K(75264K)] 433797K->359589K(805376K), 0.0016377 secs] [Times: user=0.00 sys=0.00, real=0.00 secs] 
2130.320: [GC (Allocation Failure) [PSYoungGen: 75245K->1440K(74752K)] 433317K->359512K(804864K), 0.0047776 secs] [Times: user=0.01 sys=0.00, real=0.01 secs] 
2131.086: [GC (Allocation Failure) [PSYoungGen: 74656K->1440K(74240K)] 432728K->359512K(804352K), 0.0026597 secs] [Times: user=0.01 sys=0.01, real=0.00 secs] 
2131.567: [GC (Allocation Failure) [PSYoungGen: 74144K->1376K(73728K)] 432216K->359448K(803840K), 0.0021261 secs] [Times: user=0.01 sys=0.00, real=0.00 secs] 
2132.175: [GC (Allocation Failure) [PSYoungGen: 73568K->1408K(73216K)] 431640K->359480K(803328K), 0.0036628 secs] [Times: user=0.01 sys=0.00, real=0.00 secs] 
2132.567: [GC (Allocation Failure) [PSYoungGen: 73088K->1485K(72704K)] 431160K->359557K(802816K), 0.0028196 secs] [Times: user=0.01 sys=0.00, real=0.00 secs] 
2132.746: [GC (Allocation Failure) [PSYoungGen: 72653K->1485K(72192K)] 430725K->359557K(802304K), 0.0017692 secs] [Times: user=0.01 sys=0.00, real=0.00 secs] 
2132.873: [GC (Allocation Failure) [PSYoungGen: 72141K->1456K(71680K)] 430213K->359528K(801792K), 0.0018143 secs] [Times: user=0.01 sys=0.00, real=0.01 secs] 
2132.999: [GC (Allocation Failure) [PSYoungGen: 71600K->1485K(71680K)] 429672K->359557K(801792K), 0.0016708 secs] [Times: user=0.00 sys=0.00, real=0.00 secs] 
2133.298: [GC (Allocation Failure) [PSYoungGen: 71629K->1376K(71680K)] 429701K->359448K(801792K), 0.0030452 secs] [Times: user=0.01 sys=0.00, real=0.00 secs] 
2133.587: [GC (Allocation Failure) [PSYoungGen: 71520K->1408K(71680K)] 429592K->359480K(801792K), 0.0020692 secs] [Times: user=0.00 sys=0.00, real=0.00 secs] 
2133.879: [GC (Allocation Failure) [PSYoungGen: 71552K->1376K(71680K)] 429624K->359448K(801792K), 0.0023322 secs] [Times: user=0.01 sys=0.00, real=0.00 secs] 
2134.171: [GC (Allocation Failure) [PSYoungGen: 71520K->1408K(71680K)] 429592K->359480K(801792K), 0.0026806 secs] [Times: user=0.01 sys=0.00, real=0.01 secs] 
2134.380: [GC (Allocation Failure) [PSYoungGen: 71552K->1517K(71680K)] 429624K->359589K(801792K), 0.0018455 secs] [Times: user=0.01 sys=0.00, real=0.00 secs] 
2134.504: [GC (Allocation Failure) [PSYoungGen: 71661K->1453K(71680K)] 429733K->359525K(801792K), 0.0016930 secs] [Times: user=0.01 sys=0.00, real=0.00 secs] 
2134.628: [GC (Allocation Failure) [PSYoungGen: 71597K->1453K(78336K)] 429669K->359525K(808448K), 0.0016563 secs] [Times: user=0.01 sys=0.00, real=0.00 secs] 
2134.845: [GC (Allocation Failure) [PSYoungGen: 77741K->1472K(78336K)] 435813K->359552K(808448K), 0.0022285 secs] [Times: user=0.01 sys=0.00, real=0.00 secs] 
2135.163: [GC (Allocation Failure) [PSYoungGen: 77760K->1408K(77312K)] 435840K->359488K(807424K), 0.0021284 secs] [Times: user=0.01 sys=0.00, real=0.01 secs] 
2135.478: [GC (Allocation Failure) [PSYoungGen: 77184K->1408K(76800K)] 435264K->359488K(806912K), 0.0021748 secs] [Times: user=0.01 sys=0.00, real=0.00 secs] 
2135.791: [GC (Allocation Failure) [PSYoungGen: 76672K->1344K(76288K)] 434752K->359424K(806400K), 0.0021369 secs] [Times: user=0.00 sys=0.00, real=0.00 secs] 
2136.385: [GC (Allocation Failure) [PSYoungGen: 76096K->1488K(75776K)] 434176K->359584K(805888K), 0.0020906 secs] [Times: user=0.00 sys=0.00, real=0.00 secs] 
2136.525: [GC (Allocation Failure) [PSYoungGen: 75728K->1488K(75264K)] 433824K->359584K(805376K), 0.0016514 secs] [Times: user=0.01 sys=0.00, real=0.00 secs] 
2136.676: [GC (Allocation Failure) [PSYoungGen: 75216K->1488K(74752K)] 433312K->359584K(804864K), 0.0020849 secs] [Times: user=0.01 sys=0.00, real=0.00 secs] 
2136.918: [GC (Allocation Failure) [PSYoungGen: 74704K->1920K(74752K)] 432800K->360016K(804864K), 0.0022610 secs] [Times: user=0.01 sys=0.00, real=0.00 secs] 
2137.606: [GC (Allocation Failure) [PSYoungGen: 74624K->1376K(73728K)] 432720K->359472K(803840K), 0.0021966 secs] [Times: user=0.01 sys=0.00, real=0.00 secs] 
2138.450: [GC (Allocation Failure) [PSYoungGen: 73568K->1408K(73216K)] 431664K->359504K(803328K), 0.0026882 secs] [Times: user=0.01 sys=0.00, real=0.00 secs] 
2139.501: [GC (Allocation Failure) [PSYoungGen: 73088K->1392K(72704K)] 431184K->359488K(802816K), 0.0042847 secs] [Times: user=0.01 sys=0.00, real=0.01 secs] 
2140.652: [GC (Allocation Failure) [PSYoungGen: 72560K->1440K(72192K)] 430656K->359536K(802304K), 0.0034189 secs] [Times: user=0.01 sys=0.00, real=0.01 secs] 
2140.861: [GC (Allocation Failure) [PSYoungGen: 72096K->1520K(71680K)] 430192K->359616K(801792K), 0.0015665 secs] [Times: user=0.00 sys=0.00, real=0.00 secs] 
2140.985: [GC (Allocation Failure) [PSYoungGen: 71664K->1485K(71680K)] 429760K->359581K(801792K), 0.0016805 secs] [Times: user=0.01 sys=0.00, real=0.00 secs] 
2141.127: [GC (Allocation Failure) [PSYoungGen: 71629K->1520K(72192K)] 429725K->359616K(802304K), 0.0019973 secs] [Times: user=0.00 sys=0.00, real=0.00 secs] 
2141.496: [GC (Allocation Failure) [PSYoungGen: 71664K->1472K(72192K)] 429760K->359568K(802304K), 0.0021030 secs] [Times: user=0.01 sys=0.00, real=0.00 secs] 
2141.860: [GC (Allocation Failure) [PSYoungGen: 71616K->1376K(72192K)] 429712K->359472K(802304K), 0.0021399 secs] [Times: user=0.01 sys=0.00, real=0.00 secs] 
2142.383: [GC (Allocation Failure) [PSYoungGen: 71520K->1344K(72192K)] 429616K->359440K(802304K), 0.0026478 secs] [Times: user=0.01 sys=0.00, real=0.01 secs] 
2142.960: [GC (Allocation Failure) [PSYoungGen: 71488K->1408K(72192K)] 429584K->359504K(802304K), 0.0021448 secs] [Times: user=0.01 sys=0.01, real=0.00 secs] 
2143.402: [GC (Allocation Failure) [PSYoungGen: 71552K->1453K(72192K)] 429648K->359549K(802304K), 0.0018922 secs] [Times: user=0.01 sys=0.00, real=0.00 secs] 
2143.534: [GC (Allocation Failure) [PSYoungGen: 71597K->1453K(72192K)] 429693K->359549K(802304K), 0.0015191 secs] [Times: user=0.00 sys=0.00, real=0.00 secs] 
2143.663: [GC (Allocation Failure) [PSYoungGen: 71597K->1485K(72192K)] 429693K->359581K(802304K), 0.0016313 secs] [Times: user=0.00 sys=0.00, real=0.01 secs] 
2143.807: [GC (Allocation Failure) [PSYoungGen: 71629K->1520K(72192K)] 429725K->359624K(802304K), 0.0018645 secs] [Times: user=0.01 sys=0.00, real=0.00 secs] 
2144.673: [GC (Allocation Failure) [PSYoungGen: 71664K->1424K(72192K)] 429768K->359528K(802304K), 0.0026688 secs] [Times: user=0.01 sys=0.00, real=0.01 secs] 
2145.777: [GC (Allocation Failure) [PSYoungGen: 71568K->1376K(72192K)] 429672K->359480K(802304K), 0.0040120 secs] [Times: user=0.02 sys=0.00, real=0.00 secs] 
2146.755: [GC (Allocation Failure) [PSYoungGen: 71520K->1408K(72192K)] 429624K->359512K(802304K), 0.0039366 secs] [Times: user=0.02 sys=0.00, real=0.00 secs] 
2147.794: [GC (Allocation Failure) [PSYoungGen: 71552K->1408K(72192K)] 429656K->359512K(802304K), 0.0035720 secs] [Times: user=0.02 sys=0.00, real=0.00 secs] 
2148.206: [GC (Allocation Failure) [PSYoungGen: 71552K->1469K(72192K)] 429656K->359573K(802304K), 0.0020155 secs] [Times: user=0.01 sys=0.00, real=0.00 secs] 
2148.344: [GC (Allocation Failure) [PSYoungGen: 71613K->1520K(72192K)] 429717K->359624K(802304K), 0.0017000 secs] [Times: user=0.01 sys=0.00, real=0.00 secs] 
2148.469: [GC (Allocation Failure) [PSYoungGen: 71664K->1517K(72192K)] 429768K->359621K(802304K), 0.0016362 secs] [Times: user=0.01 sys=0.01, real=0.00 secs] 
2148.668: [GC (Allocation Failure) [PSYoungGen: 71661K->1696K(72192K)] 429765K->359800K(802304K), 0.0019164 secs] [Times: user=0.01 sys=0.00, real=0.00 secs] 
2149.375: [GC (Allocation Failure) [PSYoungGen: 71840K->1360K(72192K)] 429944K->359464K(802304K), 0.0040148 secs] [Times: user=0.02 sys=0.00, real=0.00 secs] 
2149.858: [GC (Allocation Failure) [PSYoungGen: 71504K->1312K(72192K)] 429608K->359416K(802304K), 0.0020700 secs] [Times: user=0.00 sys=0.00, real=0.00 secs] 
2150.141: [GC (Allocation Failure) [PSYoungGen: 71456K->1360K(72192K)] 429560K->359480K(802304K), 0.0019570 secs] [Times: user=0.01 sys=0.00, real=0.00 secs] 
2150.512: [GC (Allocation Failure) [PSYoungGen: 71504K->1456K(72192K)] 429624K->359576K(802304K), 0.0019682 secs] [Times: user=0.01 sys=0.00, real=0.00 secs] 
2150.682: [GC (Allocation Failure) [PSYoungGen: 71598K->1552K(72192K)] 429718K->359672K(802304K), 0.0022020 secs] [Times: user=0.01 sys=0.00, real=0.01 secs] 
2150.848: [GC (Allocation Failure) [PSYoungGen: 71696K->1485K(72192K)] 429816K->359605K(802304K), 0.0015411 secs] [Times: user=0.00 sys=0.00, real=0.00 secs] 
2150.990: [GC (Allocation Failure) [PSYoungGen: 71629K->1456K(72192K)] 429749K->359576K(802304K), 0.0019441 secs] [Times: user=0.00 sys=0.00, real=0.00 secs] 
2152.342: [GC (Allocation Failure) [PSYoungGen: 71600K->1408K(72192K)] 429720K->359536K(802304K), 0.0042252 secs] [Times: user=0.01 sys=0.00, real=0.01 secs] 
2152.977: [GC (Allocation Failure) [PSYoungGen: 71552K->1408K(72192K)] 429680K->359536K(802304K), 0.0036200 secs] [Times: user=0.02 sys=0.00, real=0.00 secs] 
2153.556: [GC (Allocation Failure) [PSYoungGen: 71552K->1408K(72192K)] 429680K->359536K(802304K), 0.0031559 secs] [Times: user=0.02 sys=0.00, real=0.00 secs] 
2153.914: [GC (Allocation Failure) [PSYoungGen: 71552K->1408K(72192K)] 429680K->359536K(802304K), 0.0017806 secs] [Times: user=0.01 sys=0.00, real=0.00 secs] 
2154.173: [GC (Allocation Failure) [PSYoungGen: 71552K->1456K(72192K)] 429680K->359584K(802304K), 0.0016388 secs] [Times: user=0.01 sys=0.00, real=0.01 secs] 
2154.298: [GC (Allocation Failure) [PSYoungGen: 71600K->1469K(72192K)] 429728K->359597K(802304K), 0.0015556 secs] [Times: user=0.01 sys=0.00, real=0.00 secs] 
2154.422: [GC (Allocation Failure) [PSYoungGen: 71613K->1488K(72192K)] 429741K->359616K(802304K), 0.0016766 secs] [Times: user=0.01 sys=0.00, real=0.00 secs] 
2154.546: [GC (Allocation Failure) [PSYoungGen: 71632K->1485K(72192K)] 429760K->359629K(802304K), 0.0016566 secs] [Times: user=0.01 sys=0.00, real=0.00 secs] 
2155.247: [GC (Allocation Failure) [PSYoungGen: 71629K->1472K(71680K)] 429773K->359616K(801792K), 0.0021833 secs] [Times: user=0.00 sys=0.01, real=0.00 secs] 
2155.554: [GC (Allocation Failure) [PSYoungGen: 71616K->1376K(71680K)] 429760K->359520K(801792K), 0.0022618 secs] [Times: user=0.01 sys=0.00, real=0.01 secs] 
2155.967: [GC (Allocation Failure) [PSYoungGen: 71520K->1376K(71680K)] 429664K->359520K(801792K), 0.0020604 secs] [Times: user=0.01 sys=0.00, real=0.00 secs] 
2156.614: [GC (Allocation Failure) [PSYoungGen: 71520K->1376K(71680K)] 429664K->359520K(801792K), 0.0027608 secs] [Times: user=0.01 sys=0.00, real=0.00 secs] 
2156.992: [GC (Allocation Failure) [PSYoungGen: 71520K->1485K(71680K)] 429664K->359629K(801792K), 0.0020175 secs] [Times: user=0.01 sys=0.00, real=0.01 secs] 
2157.122: [GC (Allocation Failure) [PSYoungGen: 71629K->1549K(72192K)] 429773K->359693K(802304K), 0.0017886 secs] [Times: user=0.00 sys=0.00, real=0.01 secs] 
2157.246: [GC (Allocation Failure) [PSYoungGen: 71693K->496K(70656K)] 429837K->359664K(800768K), 0.0015772 secs] [Times: user=0.00 sys=0.00, real=0.00 secs] 
2157.370: [GC (Allocation Failure) [PSYoungGen: 70640K->461K(74240K)] 429808K->359637K(804352K), 0.0016935 secs] [Times: user=0.00 sys=0.00, real=0.00 secs] 
2158.160: [GC (Allocation Failure) [PSYoungGen: 72653K->1424K(73216K)] 431829K->360624K(803328K), 0.0023850 secs] [Times: user=0.01 sys=0.00, real=0.00 secs] 
2158.480: [GC (Allocation Failure) [PSYoungGen: 73104K->1408K(77824K)] 432304K->360608K(807936K), 0.0061094 secs] [Times: user=0.01 sys=0.02, real=0.01 secs] 
2158.799: [GC (Allocation Failure) [PSYoungGen: 77184K->1408K(76800K)] 436384K->360608K(806912K), 0.0021534 secs] [Times: user=0.01 sys=0.00, real=0.00 secs] 
2159.109: [GC (Allocation Failure) [PSYoungGen: 76672K->1517K(76288K)] 435872K->360717K(806400K), 0.0021898 secs] [Times: user=0.01 sys=0.00, real=0.00 secs] 
2159.255: [GC (Allocation Failure) [PSYoungGen: 76269K->1517K(75776K)] 435469K->360717K(805888K), 0.0016809 secs] [Times: user=0.01 sys=0.00, real=0.00 secs] 
2159.389: [GC (Allocation Failure) [PSYoungGen: 75757K->1485K(78336K)] 434957K->360685K(808448K), 0.0016548 secs] [Times: user=0.00 sys=0.00, real=0.00 secs] 
2159.526: [GC (Allocation Failure) [PSYoungGen: 77773K->1485K(82432K)] 436973K->360685K(812544K), 0.0016479 secs] [Times: user=0.01 sys=0.00, real=0.00 secs] 
2159.837: [GC (Allocation Failure) [PSYoungGen: 81869K->1408K(81408K)] 441069K->360608K(811520K), 0.0018386 secs] [Times: user=0.01 sys=0.00, real=0.00 secs] 
2160.168: [GC (Allocation Failure) [PSYoungGen: 81280K->1376K(80896K)] 440480K->360576K(811008K), 0.0019018 secs] [Times: user=0.01 sys=0.00, real=0.00 secs] 
2160.507: [GC (Allocation Failure) [PSYoungGen: 80736K->1408K(80384K)] 439936K->360608K(810496K), 0.0019614 secs] [Times: user=0.00 sys=0.00, real=0.00 secs] 
2160.897: [GC (Allocation Failure) [PSYoungGen: 80256K->1549K(80384K)] 439456K->360749K(810496K), 0.0017301 secs] [Times: user=0.01 sys=0.00, real=0.00 secs] 
2161.058: [GC (Allocation Failure) [PSYoungGen: 79885K->1520K(79360K)] 439085K->360720K(809472K), 0.0020535 secs] [Times: user=0.01 sys=0.00, real=0.00 secs] 
2161.228: [GC (Allocation Failure) [PSYoungGen: 79344K->1469K(78848K)] 438544K->360669K(808960K), 0.0015316 secs] [Times: user=0.00 sys=0.00, real=0.00 secs] 
2161.365: [GC (Allocation Failure) [PSYoungGen: 78781K->1517K(78336K)] 437981K->360717K(808448K), 0.0017111 secs] [Times: user=0.01 sys=0.00, real=0.00 secs] 
2162.007: [GC (Allocation Failure) [PSYoungGen: 78317K->1408K(77824K)] 437517K->360608K(807936K), 0.0023701 secs] [Times: user=0.01 sys=0.00, real=0.00 secs] 
2162.365: [GC (Allocation Failure) [PSYoungGen: 77696K->1376K(77312K)] 436896K->360584K(807424K), 0.0020808 secs] [Times: user=0.01 sys=0.00, real=0.00 secs] 
2162.745: [GC (Allocation Failure) [PSYoungGen: 77152K->1376K(76800K)] 436360K->360584K(806912K), 0.0021443 secs] [Times: user=0.01 sys=0.00, real=0.00 secs] 
2163.181: [GC (Allocation Failure) [PSYoungGen: 76640K->1453K(76288K)] 435848K->360661K(806400K), 0.0025237 secs] [Times: user=0.01 sys=0.00, real=0.01 secs] 
2163.408: [GC (Allocation Failure) [PSYoungGen: 76205K->1488K(75776K)] 435413K->360696K(805888K), 0.0019330 secs] [Times: user=0.00 sys=0.00, real=0.00 secs] 
2163.547: [GC (Allocation Failure) [PSYoungGen: 75728K->1485K(75264K)] 434936K->360693K(805376K), 0.0018593 secs] [Times: user=0.00 sys=0.00, real=0.00 secs] 
2163.678: [GC (Allocation Failure) [PSYoungGen: 75213K->1485K(74752K)] 434421K->360693K(804864K), 0.0015879 secs] [Times: user=0.01 sys=0.00, real=0.00 secs] 
2164.296: [GC (Allocation Failure) [PSYoungGen: 74701K->1408K(74240K)] 433909K->360616K(804352K), 0.0034454 secs] [Times: user=0.02 sys=0.00, real=0.00 secs] 
2164.922: [GC (Allocation Failure) [PSYoungGen: 74112K->1376K(73728K)] 433320K->360584K(803840K), 0.0027870 secs] [Times: user=0.01 sys=0.01, real=0.01 secs] 
2165.549: [GC (Allocation Failure) [PSYoungGen: 73568K->1408K(73216K)] 432776K->360616K(803328K), 0.0025810 secs] [Times: user=0.01 sys=0.00, real=0.00 secs] 
2166.149: [GC (Allocation Failure) [PSYoungGen: 73088K->1376K(72704K)] 432296K->360584K(802816K), 0.0023695 secs] [Times: user=0.01 sys=0.00, real=0.00 secs] 
2166.432: [GC (Allocation Failure) [PSYoungGen: 72544K->1485K(72192K)] 431752K->360693K(802304K), 0.0017419 secs] [Times: user=0.00 sys=0.00, real=0.00 secs] 
2166.558: [GC (Allocation Failure) [PSYoungGen: 72141K->1517K(71680K)] 431349K->360725K(801792K), 0.0015630 secs] [Times: user=0.01 sys=0.00, real=0.00 secs] 
2166.701: [GC (Allocation Failure) [PSYoungGen: 71661K->1520K(71680K)] 430869K->360728K(801792K), 0.0019863 secs] [Times: user=0.01 sys=0.00, real=0.00 secs] 
2166.924: [GC (Allocation Failure) [PSYoungGen: 71664K->1440K(72192K)] 430872K->360648K(802304K), 0.0022285 secs] [Times: user=0.00 sys=0.01, real=0.00 secs] 
2167.216: [GC (Allocation Failure) [PSYoungGen: 71584K->1408K(72192K)] 430792K->360632K(802304K), 0.0021118 secs] [Times: user=0.01 sys=0.00, real=0.00 secs] 
2167.615: [GC (Allocation Failure) [PSYoungGen: 71552K->1408K(72192K)] 430776K->360632K(802304K), 0.0020226 secs] [Times: user=0.01 sys=0.00, real=0.00 secs] 
2168.288: [GC (Allocation Failure) [PSYoungGen: 71552K->1376K(72192K)] 430776K->360624K(802304K), 0.0022611 secs] [Times: user=0.01 sys=0.00, real=0.00 secs] 
2168.984: [GC (Allocation Failure) [PSYoungGen: 71520K->1405K(72192K)] 430768K->360653K(802304K), 0.0025799 secs] [Times: user=0.01 sys=0.00, real=0.00 secs] 
2169.199: [GC (Allocation Failure) [PSYoungGen: 71549K->1520K(72192K)] 430797K->360768K(802304K), 0.0022002 secs] [Times: user=0.01 sys=0.00, real=0.00 secs] 
2169.345: [GC (Allocation Failure) [PSYoungGen: 71664K->1453K(72192K)] 430912K->360701K(802304K), 0.0015705 secs] [Times: user=0.01 sys=0.00, real=0.00 secs] 
2169.489: [GC (Allocation Failure) [PSYoungGen: 71597K->1488K(72192K)] 430845K->360736K(802304K), 0.0019126 secs] [Times: user=0.00 sys=0.00, real=0.00 secs] 
2169.708: [GC (Allocation Failure) [PSYoungGen: 71632K->1440K(72192K)] 430880K->360696K(802304K), 0.0024284 secs] [Times: user=0.01 sys=0.00, real=0.00 secs] 
2170.291: [GC (Allocation Failure) [PSYoungGen: 71584K->1424K(72192K)] 430840K->360688K(802304K), 0.0027814 secs] [Times: user=0.01 sys=0.00, real=0.00 secs] 
2170.996: [GC (Allocation Failure) [PSYoungGen: 71568K->1344K(72192K)] 430832K->360608K(802304K), 0.0027935 secs] [Times: user=0.01 sys=0.00, real=0.00 secs] 
2171.762: [GC (Allocation Failure) [PSYoungGen: 71488K->1376K(72192K)] 430752K->360640K(802304K), 0.0031399 secs] [Times: user=0.02 sys=0.01, real=0.01 secs] 
2172.345: [GC (Allocation Failure) [PSYoungGen: 71520K->1456K(72192K)] 430784K->360720K(802304K), 0.0022990 secs] [Times: user=0.01 sys=0.00, real=0.00 secs] 
2172.497: [GC (Allocation Failure) [PSYoungGen: 71600K->1552K(72192K)] 430864K->360816K(802304K), 0.0015764 secs] [Times: user=0.01 sys=0.00, real=0.00 secs] 
2172.640: [GC (Allocation Failure) [PSYoungGen: 71696K->1520K(72192K)] 430960K->360784K(802304K), 0.0019641 secs] [Times: user=0.01 sys=0.00, real=0.00 secs] 
2172.795: [GC (Allocation Failure) [PSYoungGen: 71664K->1485K(72192K)] 430928K->360757K(802304K), 0.0015548 secs] [Times: user=0.01 sys=0.00, real=0.00 secs] 
2173.241: [GC (Allocation Failure) [PSYoungGen: 71629K->1440K(72192K)] 430901K->360712K(802304K), 0.0021334 secs] [Times: user=0.01 sys=0.01, real=0.00 secs] 
2173.618: [GC (Allocation Failure) [PSYoungGen: 71584K->1376K(72192K)] 430856K->360648K(802304K), 0.0020122 secs] [Times: user=0.01 sys=0.00, real=0.00 secs] 
2173.961: [GC (Allocation Failure) [PSYoungGen: 71520K->1376K(72192K)] 430792K->360648K(802304K), 0.0020448 secs] [Times: user=0.00 sys=0.00, real=0.00 secs] 
2174.412: [GC (Allocation Failure) [PSYoungGen: 71520K->1344K(72192K)] 430792K->360616K(802304K), 0.0025225 secs] [Times: user=0.01 sys=0.00, real=0.01 secs] 
2174.760: [GC (Allocation Failure) [PSYoungGen: 71488K->1453K(72192K)] 430760K->360725K(802304K), 0.0015905 secs] [Times: user=0.01 sys=0.00, real=0.00 secs] 
2174.905: [GC (Allocation Failure) [PSYoungGen: 71597K->1456K(72192K)] 430869K->360736K(802304K), 0.0017329 secs] [Times: user=0.01 sys=0.00, real=0.00 secs] 
2175.067: [GC (Allocation Failure) [PSYoungGen: 71600K->1517K(72192K)] 430880K->360797K(802304K), 0.0017617 secs] [Times: user=0.01 sys=0.00, real=0.00 secs] 
2175.272: [GC (Allocation Failure) [PSYoungGen: 71661K->1728K(72192K)] 430941K->361008K(802304K), 0.0021120 secs] [Times: user=0.01 sys=0.00, real=0.01 secs] 
2176.208: [GC (Allocation Failure) [PSYoungGen: 71872K->1392K(72192K)] 431152K->360672K(802304K), 0.0024964 secs] [Times: user=0.01 sys=0.00, real=0.00 secs] 
2176.542: [GC (Allocation Failure) [PSYoungGen: 71536K->1376K(72192K)] 430816K->360656K(802304K), 0.0022661 secs] [Times: user=0.01 sys=0.00, real=0.01 secs] 
2176.847: [GC (Allocation Failure) [PSYoungGen: 71520K->1376K(72192K)] 430800K->360656K(802304K), 0.0021007 secs] [Times: user=0.01 sys=0.00, real=0.00 secs] 
2177.154: [GC (Allocation Failure) [PSYoungGen: 71520K->1485K(72192K)] 430800K->360765K(802304K), 0.0021519 secs] [Times: user=0.01 sys=0.00, real=0.00 secs] 
2177.296: [GC (Allocation Failure) [PSYoungGen: 71629K->1504K(72192K)] 430909K->360808K(802304K), 0.0015543 secs] [Times: user=0.00 sys=0.00, real=0.00 secs] 
2177.420: [GC (Allocation Failure) [PSYoungGen: 71648K->1517K(72192K)] 430952K->360821K(802304K), 0.0016172 secs] [Times: user=0.01 sys=0.00, real=0.00 secs] 
2177.563: [GC (Allocation Failure) [PSYoungGen: 71661K->1488K(72192K)] 430965K->360792K(802304K), 0.0021482 secs] [Times: user=0.01 sys=0.00, real=0.01 secs] 
2179.260: [GC (Allocation Failure) [PSYoungGen: 71632K->1440K(72192K)] 430936K->360744K(802304K), 0.0042626 secs] [Times: user=0.01 sys=0.01, real=0.01 secs] 
2180.290: [GC (Allocation Failure) [PSYoungGen: 71584K->1424K(72192K)] 430888K->360728K(802304K), 0.0032011 secs] [Times: user=0.02 sys=0.00, real=0.00 secs] 
2181.083: [GC (Allocation Failure) [PSYoungGen: 71568K->1344K(72192K)] 430872K->360648K(802304K), 0.0028745 secs] [Times: user=0.01 sys=0.00, real=0.01 secs] 
2181.732: [GC (Allocation Failure) [PSYoungGen: 71488K->1344K(72192K)] 430792K->360648K(802304K), 0.0025580 secs] [Times: user=0.01 sys=0.00, real=0.01 secs] 
2182.480: [GC (Allocation Failure) [PSYoungGen: 71488K->1520K(72192K)] 430792K->360824K(802304K), 0.0021319 secs] [Times: user=0.01 sys=0.00, real=0.00 secs] 
2182.626: [GC (Allocation Failure) [PSYoungGen: 71635K->1501K(72192K)] 430939K->360805K(802304K), 0.0016223 secs] [Times: user=0.00 sys=0.00, real=0.00 secs] 
2182.769: [GC (Allocation Failure) [PSYoungGen: 71645K->1488K(72192K)] 430949K->360792K(802304K), 0.0019125 secs] [Times: user=0.01 sys=0.00, real=0.00 secs] 
2182.929: [GC (Allocation Failure) [PSYoungGen: 71632K->1501K(72192K)] 430936K->360821K(802304K), 0.0016282 secs] [Times: user=0.01 sys=0.00, real=0.00 secs] 
2183.252: [GC (Allocation Failure) [PSYoungGen: 71645K->1424K(72192K)] 430965K->360744K(802304K), 0.0021563 secs] [Times: user=0.01 sys=0.00, real=0.01 secs] 
2183.620: [GC (Allocation Failure) [PSYoungGen: 71568K->1392K(72192K)] 430888K->360712K(802304K), 0.0019741 secs] [Times: user=0.00 sys=0.00, real=0.00 secs] 
2183.912: [GC (Allocation Failure) [PSYoungGen: 71536K->1376K(72192K)] 430856K->360696K(802304K), 0.0018210 secs] [Times: user=0.00 sys=0.00, real=0.01 secs] 
2184.246: [GC (Allocation Failure) [PSYoungGen: 71520K->1344K(72192K)] 430840K->360664K(802304K), 0.0019005 secs] [Times: user=0.00 sys=0.00, real=0.00 secs] 
2184.551: [GC (Allocation Failure) [PSYoungGen: 71488K->1485K(72192K)] 430808K->360805K(802304K), 0.0016487 secs] [Times: user=0.01 sys=0.00, real=0.00 secs] 
2184.680: [GC (Allocation Failure) [PSYoungGen: 71629K->1549K(72192K)] 430949K->360869K(802304K), 0.0015718 secs] [Times: user=0.01 sys=0.00, real=0.00 secs] 
2184.806: [GC (Allocation Failure) [PSYoungGen: 71693K->1456K(72192K)] 431013K->360776K(802304K), 0.0017612 secs] [Times: user=0.01 sys=0.00, real=0.00 secs] 
2184.951: [GC (Allocation Failure) [PSYoungGen: 71600K->1552K(72192K)] 430920K->360880K(802304K), 0.0018407 secs] [Times: user=0.01 sys=0.00, real=0.00 secs] 
2186.565: [GC (Allocation Failure) [PSYoungGen: 71696K->1424K(72192K)] 431024K->360752K(802304K), 0.0028742 secs] [Times: user=0.01 sys=0.00, real=0.00 secs] 
2187.320: [GC (Allocation Failure) [PSYoungGen: 71568K->1328K(72192K)] 430896K->360656K(802304K), 0.0036285 secs] [Times: user=0.01 sys=0.00, real=0.01 secs] 
2188.795: [GC (Allocation Failure) [PSYoungGen: 71472K->1376K(72192K)] 430800K->360704K(802304K), 0.0044636 secs] [Times: user=0.01 sys=0.00, real=0.00 secs] 
2190.010: [GC (Allocation Failure) [PSYoungGen: 71520K->1408K(72192K)] 430848K->360752K(802304K), 0.0043881 secs] [Times: user=0.02 sys=0.00, real=0.01 secs] 
2190.357: [GC (Allocation Failure) [PSYoungGen: 71552K->1504K(72192K)] 430896K->360848K(802304K), 0.0018108 secs] [Times: user=0.01 sys=0.00, real=0.00 secs] 
2190.491: [GC (Allocation Failure) [PSYoungGen: 71648K->1581K(72192K)] 430992K->360925K(802304K), 0.0016966 secs] [Times: user=0.01 sys=0.00, real=0.00 secs] 
2190.617: [GC (Allocation Failure) [PSYoungGen: 71725K->1485K(72192K)] 431069K->360829K(802304K), 0.0015689 secs] [Times: user=0.01 sys=0.00, real=0.00 secs] 
2190.891: [GC (Allocation Failure) [PSYoungGen: 71629K->1472K(72192K)] 430973K->360816K(802304K), 0.0019703 secs] [Times: user=0.01 sys=0.00, real=0.00 secs] 
2191.528: [GC (Allocation Failure) [PSYoungGen: 71616K->1344K(72192K)] 430960K->360688K(802304K), 0.0022517 secs] [Times: user=0.01 sys=0.00, real=0.00 secs] 
2192.403: [GC (Allocation Failure) [PSYoungGen: 71488K->1376K(72192K)] 430832K->360720K(802304K), 0.0045589 secs] [Times: user=0.02 sys=0.00, real=0.01 secs] 
2193.250: [GC (Allocation Failure) [PSYoungGen: 71520K->1408K(72192K)] 430864K->360752K(802304K), 0.0035366 secs] [Times: user=0.01 sys=0.00, real=0.01 secs] 
2193.985: [GC (Allocation Failure) [PSYoungGen: 71552K->1472K(72192K)] 430896K->360816K(802304K), 0.0027722 secs] [Times: user=0.01 sys=0.00, real=0.00 secs] 
2194.219: [GC (Allocation Failure) [PSYoungGen: 71589K->1520K(72192K)] 430933K->360864K(802304K), 0.0021608 secs] [Times: user=0.01 sys=0.00, real=0.00 secs] 
2194.359: [GC (Allocation Failure) [PSYoungGen: 71664K->1485K(72192K)] 431008K->360829K(802304K), 0.0015967 secs] [Times: user=0.00 sys=0.00, real=0.00 secs] 
2194.502: [GC (Allocation Failure) [PSYoungGen: 71629K->1488K(72192K)] 430973K->360832K(802304K), 0.0019450 secs] [Times: user=0.01 sys=0.00, real=0.00 secs] 
2195.023: [GC (Allocation Failure) [PSYoungGen: 71632K->1424K(72192K)] 430976K->360768K(802304K), 0.0036518 secs] [Times: user=0.01 sys=0.00, real=0.01 secs] 
2195.692: [GC (Allocation Failure) [PSYoungGen: 71568K->1376K(72192K)] 430912K->360720K(802304K), 0.0028057 secs] [Times: user=0.01 sys=0.00, real=0.01 secs] 
2196.511: [GC (Allocation Failure) [PSYoungGen: 71520K->1376K(72192K)] 430864K->360720K(802304K), 0.0033909 secs] [Times: user=0.01 sys=0.00, real=0.01 secs] 
2197.166: [GC (Allocation Failure) [PSYoungGen: 71520K->1376K(72192K)] 430864K->360720K(802304K), 0.0025514 secs] [Times: user=0.01 sys=0.00, real=0.00 secs] 
2197.546: [GC (Allocation Failure) [PSYoungGen: 71520K->1517K(72192K)] 430864K->360861K(802304K), 0.0019658 secs] [Times: user=0.01 sys=0.00, real=0.00 secs] 
2197.684: [GC (Allocation Failure) [PSYoungGen: 71650K->1485K(72192K)] 430994K->360829K(802304K), 0.0016789 secs] [Times: user=0.01 sys=0.00, real=0.01 secs] 
2197.809: [GC (Allocation Failure) [PSYoungGen: 71629K->1485K(72192K)] 430973K->360829K(802304K), 0.0015399 secs] [Times: user=0.00 sys=0.00, real=0.00 secs] 
2197.933: [GC (Allocation Failure) [PSYoungGen: 71629K->1517K(72192K)] 430973K->360877K(802304K), 0.0015939 secs] [Times: user=0.01 sys=0.00, real=0.01 secs] 
2199.160: [GC (Allocation Failure) [PSYoungGen: 71661K->1408K(72192K)] 431021K->360768K(802304K), 0.0030170 secs] [Times: user=0.02 sys=0.00, real=0.00 secs] 
2200.163: [GC (Allocation Failure) [PSYoungGen: 71552K->1408K(72192K)] 430912K->360768K(802304K), 0.0036253 secs] [Times: user=0.01 sys=0.00, real=0.01 secs] 
2201.313: [GC (Allocation Failure) [PSYoungGen: 71552K->1344K(72192K)] 430912K->360712K(802304K), 0.0038106 secs] [Times: user=0.01 sys=0.00, real=0.01 secs] 
2202.292: [GC (Allocation Failure) [PSYoungGen: 71488K->1376K(72192K)] 430856K->360744K(802304K), 0.0029802 secs] [Times: user=0.01 sys=0.00, real=0.01 secs] 
2202.597: [GC (Allocation Failure) [PSYoungGen: 71520K->1421K(72192K)] 430888K->360789K(802304K), 0.0017654 secs] [Times: user=0.01 sys=0.00, real=0.00 secs] 
2202.721: [GC (Allocation Failure) [PSYoungGen: 71565K->1456K(72192K)] 430933K->360824K(802304K), 0.0016869 secs] [Times: user=0.01 sys=0.01, real=0.00 secs] 
2202.847: [GC (Allocation Failure) [PSYoungGen: 71600K->1517K(72192K)] 430968K->360885K(802304K), 0.0016768 secs] [Times: user=0.00 sys=0.00, real=0.00 secs] 
2203.336: [GC (Allocation Failure) [PSYoungGen: 71661K->1472K(72192K)] 431029K->360840K(802304K), 0.0027934 secs] [Times: user=0.01 sys=0.00, real=0.00 secs] 
2204.259: [GC (Allocation Failure) [PSYoungGen: 71616K->1376K(72192K)] 430984K->360744K(802304K), 0.0025141 secs] [Times: user=0.01 sys=0.01, real=0.00 secs] 
2204.874: [GC (Allocation Failure) [PSYoungGen: 71520K->1392K(72192K)] 430888K->360760K(802304K), 0.0022390 secs] [Times: user=0.01 sys=0.00, real=0.00 secs] 
2205.819: [GC (Allocation Failure) [PSYoungGen: 71536K->1408K(72192K)] 430904K->360776K(802304K), 0.0031342 secs] [Times: user=0.01 sys=0.00, real=0.00 secs] 
2206.464: [GC (Allocation Failure) [PSYoungGen: 71552K->1456K(72192K)] 430920K->360824K(802304K), 0.0028065 secs] [Times: user=0.01 sys=0.00, real=0.00 secs] 
2206.643: [GC (Allocation Failure) [PSYoungGen: 71600K->1517K(72192K)] 430968K->360885K(802304K), 0.0016683 secs] [Times: user=0.00 sys=0.00, real=0.01 secs] 
2206.768: [GC (Allocation Failure) [PSYoungGen: 71661K->1469K(72192K)] 431029K->360837K(802304K), 0.0016163 secs] [Times: user=0.01 sys=0.00, real=0.00 secs] 
2206.894: [GC (Allocation Failure) [PSYoungGen: 71613K->1469K(72192K)] 430981K->360837K(802304K), 0.0015554 secs] [Times: user=0.00 sys=0.00, real=0.00 secs] 
2207.515: [GC (Allocation Failure) [PSYoungGen: 71613K->1408K(72192K)] 430981K->360776K(802304K), 0.0032476 secs] [Times: user=0.01 sys=0.00, real=0.00 secs] 
2207.871: [GC (Allocation Failure) [PSYoungGen: 71552K->1376K(72192K)] 430920K->360744K(802304K), 0.0020533 secs] [Times: user=0.01 sys=0.00, real=0.00 secs] 
2208.162: [GC (Allocation Failure) [PSYoungGen: 71520K->1376K(72192K)] 430888K->360744K(802304K), 0.0020628 secs] [Times: user=0.01 sys=0.00, real=0.01 secs] 
2208.487: [GC (Allocation Failure) [PSYoungGen: 71520K->1344K(72192K)] 430888K->360712K(802304K), 0.0019689 secs] [Times: user=0.00 sys=0.00, real=0.00 secs] 
2208.855: [GC (Allocation Failure) [PSYoungGen: 71488K->1453K(72192K)] 430856K->360837K(802304K), 0.0017129 secs] [Times: user=0.01 sys=0.00, real=0.00 secs] 
2208.979: [GC (Allocation Failure) [PSYoungGen: 71597K->1485K(72192K)] 430981K->360869K(802304K), 0.0016984 secs] [Times: user=0.01 sys=0.00, real=0.00 secs] 
2209.122: [GC (Allocation Failure) [PSYoungGen: 71629K->1456K(72192K)] 431013K->360840K(802304K), 0.0017933 secs] [Times: user=0.00 sys=0.00, real=0.00 secs] 
2209.279: [GC (Allocation Failure) [PSYoungGen: 71600K->1485K(72192K)] 430984K->360885K(802304K), 0.0017351 secs] [Times: user=0.01 sys=0.00, real=0.00 secs] 
2210.560: [GC (Allocation Failure) [PSYoungGen: 71629K->1376K(72192K)] 431029K->360776K(802304K), 0.0039817 secs] [Times: user=0.02 sys=0.00, real=0.01 secs] 
2211.882: [GC (Allocation Failure) [PSYoungGen: 71520K->1328K(72192K)] 430920K->360728K(802304K), 0.0035088 secs] [Times: user=0.02 sys=0.00, real=0.01 secs] 
2212.611: [GC (Allocation Failure) [PSYoungGen: 71472K->1376K(72192K)] 430872K->360776K(802304K), 0.0032115 secs] [Times: user=0.02 sys=0.00, real=0.01 secs] 
2213.141: [GC (Allocation Failure) [PSYoungGen: 71520K->1344K(72192K)] 430920K->360744K(802304K), 0.0022874 secs] [Times: user=0.01 sys=0.00, real=0.01 secs] 
2213.435: [GC (Allocation Failure) [PSYoungGen: 71488K->1453K(72192K)] 430888K->360853K(802304K), 0.0017355 secs] [Times: user=0.00 sys=0.00, real=0.00 secs] 
2213.559: [GC (Allocation Failure) [PSYoungGen: 71597K->1517K(72192K)] 430997K->360917K(802304K), 0.0015646 secs] [Times: user=0.01 sys=0.00, real=0.00 secs] 
2213.683: [GC (Allocation Failure) [PSYoungGen: 71661K->1520K(72192K)] 431061K->360920K(802304K), 0.0015538 secs] [Times: user=0.01 sys=0.00, real=0.01 secs] 
2213.807: [GC (Allocation Failure) [PSYoungGen: 71208K->256K(72192K)] 430608K->359672K(802304K), 0.0016676 secs] [Times: user=0.01 sys=0.00, real=0.00 secs] 
2214.553: [GC (Allocation Failure) [PSYoungGen: 70400K->1376K(72192K)] 429816K->360792K(802304K), 0.0023638 secs] [Times: user=0.01 sys=0.00, real=0.01 secs] 
2214.896: [GC (Allocation Failure) [PSYoungGen: 71520K->1312K(72192K)] 430936K->360728K(802304K), 0.0020987 secs] [Times: user=0.00 sys=0.00, real=0.00 secs] 
2215.290: [GC (Allocation Failure) [PSYoungGen: 71456K->1408K(72192K)] 430872K->360824K(802304K), 0.0020675 secs] [Times: user=0.01 sys=0.00, real=0.00 secs] 
2215.932: [GC (Allocation Failure) [PSYoungGen: 71216K->240K(72192K)] 430632K->359656K(802304K), 0.0021334 secs] [Times: user=0.01 sys=0.00, real=0.01 secs] 
2216.079: [GC (Allocation Failure) [PSYoungGen: 70384K->1517K(72192K)] 429800K->360933K(802304K), 0.0016868 secs] [Times: user=0.01 sys=0.00, real=0.00 secs] 
2216.204: [GC (Allocation Failure) [PSYoungGen: 71661K->1488K(72192K)] 431077K->360904K(802304K), 0.0017872 secs] [Times: user=0.00 sys=0.00, real=0.00 secs] 
2216.329: [GC (Allocation Failure) [PSYoungGen: 71632K->1520K(72192K)] 431048K->360936K(802304K), 0.0015347 secs] [Times: user=0.01 sys=0.00, real=0.00 secs] 
2216.957: [GC (Allocation Failure) [PSYoungGen: 71664K->1392K(72192K)] 431080K->360808K(802304K), 0.0072594 secs] [Times: user=0.04 sys=0.00, real=0.01 secs] 
2218.261: [GC (Allocation Failure) [PSYoungGen: 71536K->1440K(72192K)] 430952K->360856K(802304K), 0.0032301 secs] [Times: user=0.01 sys=0.00, real=0.01 secs] 
2219.361: [GC (Allocation Failure) [PSYoungGen: 71584K->1376K(72192K)] 431000K->360808K(802304K), 0.0029964 secs] [Times: user=0.01 sys=0.00, real=0.01 secs] 
2220.429: [GC (Allocation Failure) [PSYoungGen: 71520K->1376K(72192K)] 430952K->360808K(802304K), 0.0042335 secs] [Times: user=0.02 sys=0.00, real=0.01 secs] 
2221.264: [GC (Allocation Failure) [PSYoungGen: 71520K->1421K(72192K)] 430952K->360853K(802304K), 0.0026056 secs] [Times: user=0.01 sys=0.01, real=0.01 secs] 
2221.433: [GC (Allocation Failure) [PSYoungGen: 71565K->1485K(72192K)] 430997K->360917K(802304K), 0.0017662 secs] [Times: user=0.01 sys=0.00, real=0.01 secs] 
2221.557: [GC (Allocation Failure) [PSYoungGen: 71629K->1453K(72192K)] 431061K->360885K(802304K), 0.0015267 secs] [Times: user=0.01 sys=0.00, real=0.00 secs] 
2221.681: [GC (Allocation Failure) [PSYoungGen: 71597K->1485K(72192K)] 431029K->360925K(802304K), 0.0015782 secs] [Times: user=0.01 sys=0.00, real=0.00 secs] 
2221.944: [GC (Allocation Failure) [PSYoungGen: 71629K->1408K(72192K)] 431069K->360848K(802304K), 0.0019420 secs] [Times: user=0.01 sys=0.00, real=0.00 secs] 
2222.596: [GC (Allocation Failure) [PSYoungGen: 71552K->1408K(72192K)] 430992K->360848K(802304K), 0.0022128 secs] [Times: user=0.01 sys=0.00, real=0.00 secs] 
2223.473: [GC (Allocation Failure) [PSYoungGen: 71552K->1376K(72192K)] 430992K->360816K(802304K), 0.0027892 secs] [Times: user=0.01 sys=0.00, real=0.01 secs] 
2224.426: [GC (Allocation Failure) [PSYoungGen: 71520K->1376K(72192K)] 430960K->360816K(802304K), 0.0043424 secs] [Times: user=0.02 sys=0.00, real=0.00 secs] 
2225.034: [GC (Allocation Failure) [PSYoungGen: 71520K->1456K(72192K)] 430960K->360896K(802304K), 0.0023815 secs] [Times: user=0.01 sys=0.00, real=0.00 secs] 
2225.190: [GC (Allocation Failure) [PSYoungGen: 71596K->1488K(72192K)] 431036K->360928K(802304K), 0.0016956 secs] [Times: user=0.00 sys=0.00, real=0.00 secs] 
2225.313: [GC (Allocation Failure) [PSYoungGen: 71632K->1549K(72192K)] 431072K->360989K(802304K), 0.0016324 secs] [Times: user=0.01 sys=0.00, real=0.01 secs] 
2225.457: [GC (Allocation Failure) [PSYoungGen: 71693K->1488K(72192K)] 431133K->360944K(802304K), 0.0017983 secs] [Times: user=0.01 sys=0.00, real=0.00 secs] 
2226.140: [GC (Allocation Failure) [PSYoungGen: 71632K->1392K(72192K)] 431088K->360848K(802304K), 0.0023058 secs] [Times: user=0.01 sys=0.00, real=0.00 secs] 
2226.924: [GC (Allocation Failure) [PSYoungGen: 71536K->1344K(72192K)] 430992K->360800K(802304K), 0.0031554 secs] [Times: user=0.01 sys=0.00, real=0.00 secs] 
2227.736: [GC (Allocation Failure) [PSYoungGen: 71488K->1408K(72192K)] 430944K->360864K(802304K), 0.0043732 secs] [Times: user=0.02 sys=0.01, real=0.00 secs] 
2228.457: [GC (Allocation Failure) [PSYoungGen: 71552K->1376K(72192K)] 431008K->360832K(802304K), 0.0028309 secs] [Times: user=0.01 sys=0.00, real=0.00 secs] 
2228.920: [GC (Allocation Failure) [PSYoungGen: 71520K->1488K(72192K)] 430976K->360944K(802304K), 0.0020084 secs] [Times: user=0.01 sys=0.00, real=0.00 secs] 
2229.048: [GC (Allocation Failure) [PSYoungGen: 71632K->1501K(72192K)] 431088K->360957K(802304K), 0.0015704 secs] [Times: user=0.01 sys=0.00, real=0.00 secs] 
2229.190: [GC (Allocation Failure) [PSYoungGen: 71645K->1520K(72192K)] 431101K->360976K(802304K), 0.0020685 secs] [Times: user=0.00 sys=0.00, real=0.00 secs] 
2229.423: [GC (Allocation Failure) [PSYoungGen: 71664K->1408K(72192K)] 431120K->360864K(802304K), 0.0022690 secs] [Times: user=0.00 sys=0.00, real=0.01 secs] 
2229.715: [GC (Allocation Failure) [PSYoungGen: 71552K->1360K(72192K)] 431008K->360840K(802304K), 0.0020553 secs] [Times: user=0.01 sys=0.00, real=0.00 secs] 
2230.314: [GC (Allocation Failure) [PSYoungGen: 71504K->1312K(72192K)] 430984K->360792K(802304K), 0.0022855 secs] [Times: user=0.01 sys=0.00, real=0.00 secs] 
2231.022: [GC (Allocation Failure) [PSYoungGen: 71456K->1376K(72192K)] 430936K->360856K(802304K), 0.0023434 secs] [Times: user=0.00 sys=0.00, real=0.01 secs] 
2231.659: [GC (Allocation Failure) [PSYoungGen: 71520K->1485K(72192K)] 431000K->360965K(802304K), 0.0021472 secs] [Times: user=0.01 sys=0.00, real=0.00 secs] 
2231.805: [GC (Allocation Failure) [PSYoungGen: 71629K->1549K(72192K)] 431109K->361029K(802304K), 0.0015557 secs] [Times: user=0.00 sys=0.00, real=0.00 secs] 
2231.950: [GC (Allocation Failure) [PSYoungGen: 71693K->1520K(72192K)] 431173K->361000K(802304K), 0.0019446 secs] [Times: user=0.01 sys=0.00, real=0.00 secs] 
2232.104: [GC (Allocation Failure) [PSYoungGen: 71664K->1517K(72192K)] 431144K->360997K(802304K), 0.0015490 secs] [Times: user=0.01 sys=0.00, real=0.00 secs] 
2232.368: [GC (Allocation Failure) [PSYoungGen: 71661K->1440K(72192K)] 431141K->360920K(802304K), 0.0023865 secs] [Times: user=0.01 sys=0.00, real=0.00 secs] 
2232.707: [GC (Allocation Failure) [PSYoungGen: 71584K->1376K(72192K)] 431064K->360856K(802304K), 0.0021385 secs] [Times: user=0.00 sys=0.00, real=0.00 secs] 
2233.002: [GC (Allocation Failure) [PSYoungGen: 71520K->1360K(72192K)] 431000K->360840K(802304K), 0.0031650 secs] [Times: user=0.01 sys=0.00, real=0.01 secs] 
2233.339: [GC (Allocation Failure) [PSYoungGen: 71504K->1376K(72192K)] 430984K->360856K(802304K), 0.0021985 secs] [Times: user=0.01 sys=0.00, real=0.00 secs] 
2233.901: [GC (Allocation Failure) [PSYoungGen: 71520K->1485K(72192K)] 431000K->360965K(802304K), 0.0020062 secs] [Times: user=0.01 sys=0.00, real=0.00 secs] 
2234.062: [GC (Allocation Failure) [PSYoungGen: 71629K->1456K(72192K)] 431109K->360936K(802304K), 0.0019161 secs] [Times: user=0.00 sys=0.00, real=0.01 secs] 
2234.192: [GC (Allocation Failure) [PSYoungGen: 71600K->1520K(72192K)] 431080K->361000K(802304K), 0.0015506 secs] [Times: user=0.00 sys=0.00, real=0.00 secs] 
2234.317: [GC (Allocation Failure) [PSYoungGen: 71664K->1485K(72192K)] 431144K->360981K(802304K), 0.0015105 secs] [Times: user=0.01 sys=0.00, real=0.00 secs] 
2234.607: [GC (Allocation Failure) [PSYoungGen: 71629K->1408K(72192K)] 431125K->360904K(802304K), 0.0019083 secs] [Times: user=0.01 sys=0.00, real=0.00 secs] 
2235.214: [GC (Allocation Failure) [PSYoungGen: 71552K->1408K(72192K)] 431048K->360904K(802304K), 0.0042721 secs] [Times: user=0.01 sys=0.00, real=0.00 secs] 
2235.772: [GC (Allocation Failure) [PSYoungGen: 71552K->1344K(72192K)] 431048K->360840K(802304K), 0.0033811 secs] [Times: user=0.02 sys=0.00, real=0.01 secs] 
2236.348: [GC (Allocation Failure) [PSYoungGen: 71488K->1376K(72192K)] 430984K->360872K(802304K), 0.0035874 secs] [Times: user=0.02 sys=0.00, real=0.00 secs] 
2236.639: [GC (Allocation Failure) [PSYoungGen: 71520K->1520K(72192K)] 431016K->361016K(802304K), 0.0018579 secs] [Times: user=0.01 sys=0.00, real=0.00 secs] 
2236.767: [GC (Allocation Failure) [PSYoungGen: 71664K->1485K(72192K)] 431160K->360981K(802304K), 0.0016852 secs] [Times: user=0.01 sys=0.00, real=0.00 secs] 
2236.891: [GC (Allocation Failure) [PSYoungGen: 71629K->1488K(72192K)] 431125K->360984K(802304K), 0.0016709 secs] [Times: user=0.01 sys=0.00, real=0.00 secs] 
2237.050: [GC (Allocation Failure) [PSYoungGen: 71632K->1680K(72192K)] 431128K->361184K(802304K), 0.0019895 secs] [Times: user=0.01 sys=0.00, real=0.00 secs] 
2237.429: [GC (Allocation Failure) [PSYoungGen: 71824K->1344K(72192K)] 431328K->360864K(802304K), 0.0019643 secs] [Times: user=0.01 sys=0.00, real=0.00 secs] 
2238.105: [GC (Allocation Failure) [PSYoungGen: 71488K->1344K(72192K)] 431008K->360864K(802304K), 0.0039380 secs] [Times: user=0.01 sys=0.00, real=0.00 secs] 
2238.950: [GC (Allocation Failure) [PSYoungGen: 71488K->1376K(72192K)] 431008K->360896K(802304K), 0.0034064 secs] [Times: user=0.01 sys=0.00, real=0.00 secs] 
2239.984: [GC (Allocation Failure) [PSYoungGen: 71520K->1392K(72192K)] 431040K->360912K(802304K), 0.0041323 secs] [Times: user=0.01 sys=0.00, real=0.00 secs] 
2240.206: [GC (Allocation Failure) [PSYoungGen: 71536K->1488K(72192K)] 431056K->361008K(802304K), 0.0019324 secs] [Times: user=0.01 sys=0.00, real=0.00 secs] 
2240.332: [GC (Allocation Failure) [PSYoungGen: 71632K->1517K(72192K)] 431152K->361037K(802304K), 0.0015543 secs] [Times: user=0.01 sys=0.00, real=0.01 secs] 
2240.456: [GC (Allocation Failure) [PSYoungGen: 71661K->1485K(72192K)] 431181K->361005K(802304K), 0.0016451 secs] [Times: user=0.01 sys=0.00, real=0.00 secs] 
2240.767: [GC (Allocation Failure) [PSYoungGen: 71629K->1408K(72192K)] 431149K->360928K(802304K), 0.0021898 secs] [Times: user=0.01 sys=0.00, real=0.00 secs] 
2241.182: [GC (Allocation Failure) [PSYoungGen: 71552K->1344K(72192K)] 431072K->360864K(802304K), 0.0019267 secs] [Times: user=0.01 sys=0.00, real=0.01 secs] 
2241.595: [GC (Allocation Failure) [PSYoungGen: 71488K->1392K(72192K)] 431008K->360912K(802304K), 0.0020660 secs] [Times: user=0.01 sys=0.00, real=0.00 secs] 
2241.916: [GC (Allocation Failure) [PSYoungGen: 71536K->1376K(72192K)] 431056K->360896K(802304K), 0.0020461 secs] [Times: user=0.00 sys=0.00, real=0.00 secs] 
2242.200: [GC (Allocation Failure) [PSYoungGen: 71520K->1485K(72192K)] 431040K->361005K(802304K), 0.0015771 secs] [Times: user=0.01 sys=0.00, real=0.00 secs] 
2242.326: [GC (Allocation Failure) [PSYoungGen: 71618K->1549K(72192K)] 431138K->361069K(802304K), 0.0015620 secs] [Times: user=0.00 sys=0.00, real=0.00 secs] 
2242.451: [GC (Allocation Failure) [PSYoungGen: 71693K->1453K(72192K)] 431213K->360973K(802304K), 0.0017628 secs] [Times: user=0.01 sys=0.00, real=0.00 secs] 
2242.577: [GC (Allocation Failure) [PSYoungGen: 71597K->1549K(72192K)] 431117K->361077K(802304K), 0.0016447 secs] [Times: user=0.00 sys=0.00, real=0.00 secs] 
2242.993: [GC (Allocation Failure) [PSYoungGen: 71693K->1408K(71680K)] 431221K->360936K(801792K), 0.0020601 secs] [Times: user=0.01 sys=0.00, real=0.01 secs] 
2243.653: [GC (Allocation Failure) [PSYoungGen: 71552K->1440K(71680K)] 431080K->360968K(801792K), 0.0023643 secs] [Times: user=0.01 sys=0.00, real=0.01 secs] 
2244.218: [GC (Allocation Failure) [PSYoungGen: 71584K->1408K(71680K)] 431112K->360936K(801792K), 0.0040926 secs] [Times: user=0.02 sys=0.00, real=0.00 secs] 
2244.853: [GC (Allocation Failure) [PSYoungGen: 71552K->1408K(71680K)] 431080K->360936K(801792K), 0.0035337 secs] [Times: user=0.01 sys=0.00, real=0.01 secs] 
2245.234: [GC (Allocation Failure) [PSYoungGen: 71552K->1488K(71680K)] 431080K->361016K(801792K), 0.0020760 secs] [Times: user=0.00 sys=0.00, real=0.00 secs] 
2245.375: [GC (Allocation Failure) [PSYoungGen: 71618K->1485K(71680K)] 431146K->361013K(801792K), 0.0017584 secs] [Times: user=0.00 sys=0.00, real=0.00 secs] 
2245.498: [GC (Allocation Failure) [PSYoungGen: 71629K->1456K(71680K)] 431157K->360984K(801792K), 0.0017194 secs] [Times: user=0.00 sys=0.00, real=0.00 secs] 
2245.622: [GC (Allocation Failure) [PSYoungGen: 71600K->1517K(74752K)] 431128K->361053K(804864K), 0.0015753 secs] [Times: user=0.01 sys=0.00, real=0.00 secs] 
2246.431: [GC (Allocation Failure) [PSYoungGen: 74221K->1472K(73728K)] 433757K->361008K(803840K), 0.0029980 secs] [Times: user=0.01 sys=0.00, real=0.01 secs] 
2247.234: [GC (Allocation Failure) [PSYoungGen: 73664K->1424K(73216K)] 433200K->360960K(803328K), 0.0028941 secs] [Times: user=0.01 sys=0.00, real=0.00 secs] 
2247.923: [GC (Allocation Failure) [PSYoungGen: 73104K->1376K(72704K)] 432640K->360912K(802816K), 0.0028836 secs] [Times: user=0.01 sys=0.00, real=0.01 secs] 
2248.624: [GC (Allocation Failure) [PSYoungGen: 72544K->1424K(72192K)] 432080K->360960K(802304K), 0.0033417 secs] [Times: user=0.02 sys=0.00, real=0.00 secs] 
2248.827: [GC (Allocation Failure) [PSYoungGen: 72080K->1485K(71680K)] 431616K->361021K(801792K), 0.0017818 secs] [Times: user=0.01 sys=0.00, real=0.00 secs] 
2248.951: [GC (Allocation Failure) [PSYoungGen: 71629K->1517K(71680K)] 431165K->361053K(801792K), 0.0019068 secs] [Times: user=0.00 sys=0.00, real=0.00 secs] 
2249.076: [GC (Allocation Failure) [PSYoungGen: 71661K->1456K(74752K)] 431197K->361008K(804864K), 0.0028479 secs] [Times: user=0.01 sys=0.00, real=0.00 secs] 
2249.509: [GC (Allocation Failure) [PSYoungGen: 74672K->1440K(75264K)] 434224K->360992K(805376K), 0.0021646 secs] [Times: user=0.01 sys=0.00, real=0.00 secs] 
2250.172: [GC (Allocation Failure) [PSYoungGen: 74656K->1376K(74240K)] 434208K->360928K(804352K), 0.0035361 secs] [Times: user=0.01 sys=0.00, real=0.01 secs] 
2250.867: [GC (Allocation Failure) [PSYoungGen: 74080K->1392K(73728K)] 433632K->360944K(803840K), 0.0024993 secs] [Times: user=0.00 sys=0.00, real=0.00 secs] 
2251.333: [GC (Allocation Failure) [PSYoungGen: 73584K->1376K(73216K)] 433136K->360928K(803328K), 0.0028879 secs] [Times: user=0.01 sys=0.00, real=0.01 secs] 
2251.581: [GC (Allocation Failure) [PSYoungGen: 73056K->1517K(72704K)] 432608K->361069K(802816K), 0.0016379 secs] [Times: user=0.01 sys=0.00, real=0.00 secs] 
2251.707: [GC (Allocation Failure) [PSYoungGen: 72685K->1517K(72192K)] 432237K->361101K(802304K), 0.0017267 secs] [Times: user=0.01 sys=0.00, real=0.00 secs] 
2251.833: [GC (Allocation Failure) [PSYoungGen: 72173K->1485K(71680K)] 431757K->361069K(801792K), 0.0018275 secs] [Times: user=0.01 sys=0.00, real=0.01 secs] 
2251.957: [GC (Allocation Failure) [PSYoungGen: 71629K->1488K(77824K)] 431213K->361072K(807936K), 0.0016877 secs] [Times: user=0.01 sys=0.00, real=0.00 secs] 
2253.213: [GC (Allocation Failure) [PSYoungGen: 77776K->1440K(77312K)] 437360K->361024K(807424K), 0.0042518 secs] [Times: user=0.01 sys=0.00, real=0.01 secs] 
2254.162: [GC (Allocation Failure) [PSYoungGen: 77216K->1376K(76800K)] 436800K->360960K(806912K), 0.0044219 secs] [Times: user=0.01 sys=0.00, real=0.01 secs] 
2255.074: [GC (Allocation Failure) [PSYoungGen: 76640K->1376K(76288K)] 436224K->360960K(806400K), 0.0040987 secs] [Times: user=0.02 sys=0.00, real=0.01 secs] 
2255.901: [GC (Allocation Failure) [PSYoungGen: 76128K->1469K(75776K)] 435712K->361053K(805888K), 0.0026733 secs] [Times: user=0.01 sys=0.00, real=0.01 secs] 
2256.148: [GC (Allocation Failure) [PSYoungGen: 75709K->1488K(75264K)] 435293K->361072K(805376K), 0.0022738 secs] [Times: user=0.01 sys=0.00, real=0.00 secs] 
2256.333: [GC (Allocation Failure) [PSYoungGen: 75216K->1501K(74752K)] 434800K->361085K(804864K), 0.0027028 secs] [Times: user=0.01 sys=0.00, real=0.01 secs] 
2256.478: [GC (Allocation Failure) [PSYoungGen: 74717K->1485K(74240K)] 434301K->361069K(804352K), 0.0016337 secs] [Times: user=0.01 sys=0.00, real=0.00 secs] 
2256.774: [GC (Allocation Failure) [PSYoungGen: 74189K->1440K(73728K)] 433773K->361024K(803840K), 0.0030602 secs] [Times: user=0.01 sys=0.00, real=0.00 secs] 
2257.413: [GC (Allocation Failure) [PSYoungGen: 73632K->1376K(73216K)] 433216K->360960K(803328K), 0.0028900 secs] [Times: user=0.01 sys=0.00, real=0.01 secs] 
2257.994: [GC (Allocation Failure) [PSYoungGen: 73056K->1408K(72704K)] 432640K->360992K(802816K), 0.0023571 secs] [Times: user=0.01 sys=0.00, real=0.00 secs] 
2258.623: [GC (Allocation Failure) [PSYoungGen: 72576K->1376K(72192K)] 432160K->360960K(802304K), 0.0091326 secs] [Times: user=0.04 sys=0.00, real=0.01 secs] 
2258.966: [GC (Allocation Failure) [PSYoungGen: 72032K->1520K(71680K)] 431616K->361104K(801792K), 0.0018460 secs] [Times: user=0.00 sys=0.00, real=0.00 secs] 
2259.093: [GC (Allocation Failure) [PSYoungGen: 71664K->1453K(72192K)] 431248K->361037K(802304K), 0.0016524 secs] [Times: user=0.00 sys=0.00, real=0.01 secs] 
2259.217: [GC (Allocation Failure) [PSYoungGen: 71597K->1520K(72192K)] 431181K->361104K(802304K), 0.0016860 secs] [Times: user=0.00 sys=0.00, real=0.00 secs] 
2259.341: [GC (Allocation Failure) [PSYoungGen: 71664K->1440K(72192K)] 431248K->361024K(802304K), 0.0016151 secs] [Times: user=0.01 sys=0.00, real=0.00 secs] 
2259.693: [GC (Allocation Failure) [PSYoungGen: 71584K->1424K(71680K)] 431168K->361040K(801792K), 0.0019431 secs] [Times: user=0.00 sys=0.00, real=0.01 secs] 
2260.003: [GC (Allocation Failure) [PSYoungGen: 71568K->1344K(71680K)] 431184K->360960K(801792K), 0.0017926 secs] [Times: user=0.00 sys=0.00, real=0.01 secs] 
2260.329: [GC (Allocation Failure) [PSYoungGen: 71488K->1408K(71680K)] 431104K->361024K(801792K), 0.0027668 secs] [Times: user=0.01 sys=0.00, real=0.00 secs] 
2260.671: [GC (Allocation Failure) [PSYoungGen: 71552K->1421K(71680K)] 431168K->361037K(801792K), 0.0024160 secs] [Times: user=0.01 sys=0.00, real=0.01 secs] 
2260.871: [GC (Allocation Failure) [PSYoungGen: 71565K->1453K(71680K)] 431181K->361069K(801792K), 0.0024982 secs] [Times: user=0.01 sys=0.00, real=0.01 secs] 
2261.029: [GC (Allocation Failure) [PSYoungGen: 71597K->1517K(71680K)] 431213K->361133K(801792K), 0.0018533 secs] [Times: user=0.00 sys=0.00, real=0.00 secs] 
2261.172: [GC (Allocation Failure) [PSYoungGen: 71661K->1520K(74752K)] 431277K->361136K(804864K), 0.0018601 secs] [Times: user=0.01 sys=0.00, real=0.00 secs] 
2261.947: [GC (Allocation Failure) [PSYoungGen: 74736K->1440K(74240K)] 434352K->361056K(804352K), 0.0047074 secs] [Times: user=0.02 sys=0.00, real=0.00 secs] 
2262.761: [GC (Allocation Failure) [PSYoungGen: 74144K->1408K(73728K)] 433760K->361024K(803840K), 0.0032872 secs] [Times: user=0.01 sys=0.00, real=0.01 secs] 
2263.083: [GC (Allocation Failure) [PSYoungGen: 73600K->1376K(73216K)] 433216K->360992K(803328K), 0.0022085 secs] [Times: user=0.01 sys=0.00, real=0.01 secs] 
2263.381: [GC (Allocation Failure) [PSYoungGen: 73056K->1376K(72704K)] 432672K->360992K(802816K), 0.0019814 secs] [Times: user=0.01 sys=0.00, real=0.00 secs] 
2263.648: [GC (Allocation Failure) [PSYoungGen: 72544K->1485K(72192K)] 432160K->361101K(802304K), 0.0017534 secs] [Times: user=0.00 sys=0.00, real=0.00 secs] 
2263.793: [GC (Allocation Failure) [PSYoungGen: 72141K->1520K(71680K)] 431757K->361136K(801792K), 0.0020704 secs] [Times: user=0.01 sys=0.00, real=0.01 secs] 
2263.953: [GC (Allocation Failure) [PSYoungGen: 71664K->1517K(72192K)] 431280K->361133K(802304K), 0.0015835 secs] [Times: user=0.00 sys=0.00, real=0.01 secs] 
2264.103: [GC (Allocation Failure) [PSYoungGen: 71661K->1520K(72192K)] 431277K->361152K(802304K), 0.0019549 secs] [Times: user=0.01 sys=0.00, real=0.01 secs] 
2265.131: [GC (Allocation Failure) [PSYoungGen: 71664K->1440K(72192K)] 431296K->361072K(802304K), 0.0041281 secs] [Times: user=0.02 sys=0.00, real=0.01 secs] 
2266.061: [GC (Allocation Failure) [PSYoungGen: 71584K->1376K(72192K)] 431216K->361008K(802304K), 0.0031536 secs] [Times: user=0.01 sys=0.00, real=0.01 secs] 
2266.892: [GC (Allocation Failure) [PSYoungGen: 71520K->1408K(72192K)] 431152K->361040K(802304K), 0.0026865 secs] [Times: user=0.02 sys=0.00, real=0.01 secs] 
2267.618: [GC (Allocation Failure) [PSYoungGen: 71552K->1408K(72192K)] 431184K->361040K(802304K), 0.0039990 secs] [Times: user=0.01 sys=0.00, real=0.00 secs] 
2268.018: [GC (Allocation Failure) [PSYoungGen: 71552K->1552K(72192K)] 431184K->361184K(802304K), 0.0020646 secs] [Times: user=0.01 sys=0.00, real=0.00 secs] 
2268.158: [GC (Allocation Failure) [PSYoungGen: 71696K->1501K(72192K)] 431328K->361133K(802304K), 0.0016819 secs] [Times: user=0.01 sys=0.00, real=0.00 secs] 
2268.282: [GC (Allocation Failure) [PSYoungGen: 71645K->1453K(72192K)] 431277K->361085K(802304K), 0.0015085 secs] [Times: user=0.00 sys=0.00, real=0.01 secs] 
2268.478: [GC (Allocation Failure) [PSYoungGen: 71597K->1696K(72192K)] 431229K->361328K(802304K), 0.0020404 secs] [Times: user=0.01 sys=0.00, real=0.00 secs] 
2269.383: [GC (Allocation Failure) [PSYoungGen: 71840K->1408K(72192K)] 431472K->361064K(802304K), 0.0044980 secs] [Times: user=0.02 sys=0.00, real=0.01 secs] 
2270.184: [GC (Allocation Failure) [PSYoungGen: 71552K->1392K(72192K)] 431208K->361048K(802304K), 0.0044866 secs] [Times: user=0.02 sys=0.00, real=0.00 secs] 
2271.180: [GC (Allocation Failure) [PSYoungGen: 71536K->1408K(72192K)] 431192K->361064K(802304K), 0.0040226 secs] [Times: user=0.02 sys=0.00, real=0.01 secs] 
2272.300: [GC (Allocation Failure) [PSYoungGen: 71552K->1392K(72192K)] 431208K->361048K(802304K), 0.0044587 secs] [Times: user=0.02 sys=0.00, real=0.01 secs] 
2272.559: [GC (Allocation Failure) [PSYoungGen: 71536K->1520K(72192K)] 431192K->361176K(802304K), 0.0019314 secs] [Times: user=0.01 sys=0.00, real=0.00 secs] 
2272.693: [GC (Allocation Failure) [PSYoungGen: 71664K->1469K(72192K)] 431320K->361125K(802304K), 0.0015722 secs] [Times: user=0.01 sys=0.00, real=0.01 secs] 
2272.836: [GC (Allocation Failure) [PSYoungGen: 71613K->1520K(72192K)] 431269K->361176K(802304K), 0.0021746 secs] [Times: user=0.01 sys=0.00, real=0.00 secs] 
2273.541: [GC (Allocation Failure) [PSYoungGen: 71664K->1472K(72192K)] 431320K->361128K(802304K), 0.0039658 secs] [Times: user=0.01 sys=0.00, real=0.01 secs] 
2274.242: [GC (Allocation Failure) [PSYoungGen: 71616K->1408K(72192K)] 431272K->361064K(802304K), 0.0027761 secs] [Times: user=0.01 sys=0.00, real=0.01 secs] 
2274.616: [GC (Allocation Failure) [PSYoungGen: 71552K->1376K(72192K)] 431208K->361032K(802304K), 0.0020619 secs] [Times: user=0.00 sys=0.01, real=0.00 secs] 
2275.154: [GC (Allocation Failure) [PSYoungGen: 71520K->1376K(72192K)] 431176K->361032K(802304K), 0.0020578 secs] [Times: user=0.00 sys=0.00, real=0.00 secs] 
2275.697: [GC (Allocation Failure) [PSYoungGen: 71496K->1453K(72192K)] 431152K->361109K(802304K), 0.0028137 secs] [Times: user=0.01 sys=0.00, real=0.00 secs] 
2275.880: [GC (Allocation Failure) [PSYoungGen: 71597K->1485K(72192K)] 431253K->361141K(802304K), 0.0015592 secs] [Times: user=0.01 sys=0.00, real=0.00 secs] 
2276.004: [GC (Allocation Failure) [PSYoungGen: 71629K->1517K(72192K)] 431285K->361173K(802304K), 0.0017165 secs] [Times: user=0.01 sys=0.00, real=0.01 secs] 
2276.127: [GC (Allocation Failure) [PSYoungGen: 71661K->1485K(72192K)] 431317K->361157K(802304K), 0.0015961 secs] [Times: user=0.01 sys=0.00, real=0.00 secs] 
2276.561: [GC (Allocation Failure) [PSYoungGen: 71629K->1456K(72192K)] 431301K->361128K(802304K), 0.0020654 secs] [Times: user=0.01 sys=0.00, real=0.00 secs] 
2276.922: [GC (Allocation Failure) [PSYoungGen: 71600K->1408K(72192K)] 431272K->361080K(802304K), 0.0018210 secs] [Times: user=0.01 sys=0.00, real=0.01 secs] 
2277.504: [GC (Allocation Failure) [PSYoungGen: 71552K->1376K(72192K)] 431224K->361048K(802304K), 0.0021409 secs] [Times: user=0.01 sys=0.00, real=0.00 secs] 
2278.130: [GC (Allocation Failure) [PSYoungGen: 71520K->1376K(72192K)] 431192K->361048K(802304K), 0.0021860 secs] [Times: user=0.01 sys=0.00, real=0.00 secs] 
2278.527: [GC (Allocation Failure) [PSYoungGen: 71520K->1501K(72192K)] 431192K->361197K(802304K), 0.0024307 secs] [Times: user=0.01 sys=0.00, real=0.00 secs] 
2278.686: [GC (Allocation Failure) [PSYoungGen: 71645K->1517K(72192K)] 431341K->361213K(802304K), 0.0015367 secs] [Times: user=0.01 sys=0.00, real=0.00 secs] 
2278.810: [GC (Allocation Failure) [PSYoungGen: 71661K->1485K(72192K)] 431357K->361181K(802304K), 0.0015833 secs] [Times: user=0.01 sys=0.00, real=0.00 secs] 
2278.953: [GC (Allocation Failure) [PSYoungGen: 71629K->1488K(72192K)] 431325K->361200K(802304K), 0.0018754 secs] [Times: user=0.01 sys=0.00, real=0.01 secs] 
2279.255: [GC (Allocation Failure) [PSYoungGen: 71632K->1408K(72192K)] 431344K->361120K(802304K), 0.0023304 secs] [Times: user=0.01 sys=0.00, real=0.00 secs] 
2279.680: [GC (Allocation Failure) [PSYoungGen: 71552K->1344K(72192K)] 431264K->361056K(802304K), 0.0020167 secs] [Times: user=0.01 sys=0.00, real=0.00 secs] 
2280.256: [GC (Allocation Failure) [PSYoungGen: 71488K->1344K(72192K)] 431200K->361056K(802304K), 0.0020246 secs] [Times: user=0.01 sys=0.00, real=0.00 secs] 
2280.897: [GC (Allocation Failure) [PSYoungGen: 71488K->1376K(72192K)] 431200K->361088K(802304K), 0.0032320 secs] [Times: user=0.01 sys=0.00, real=0.00 secs] 
2281.155: [GC (Allocation Failure) [PSYoungGen: 71520K->1520K(72192K)] 431232K->361232K(802304K), 0.0016804 secs] [Times: user=0.00 sys=0.00, real=0.00 secs] 
2281.280: [GC (Allocation Failure) [PSYoungGen: 71664K->1488K(72192K)] 431376K->361200K(802304K), 0.0016932 secs] [Times: user=0.00 sys=0.00, real=0.00 secs] 
2281.404: [GC (Allocation Failure) [PSYoungGen: 71632K->1517K(72192K)] 431344K->361229K(802304K), 0.0016817 secs] [Times: user=0.01 sys=0.00, real=0.00 secs] 
2281.741: [GC (Allocation Failure) [PSYoungGen: 71661K->1440K(72192K)] 431373K->361152K(802304K), 0.0017952 secs] [Times: user=0.01 sys=0.00, real=0.00 secs] 
2282.646: [GC (Allocation Failure) [PSYoungGen: 71584K->1376K(72192K)] 431296K->361088K(802304K), 0.0025320 secs] [Times: user=0.01 sys=0.00, real=0.00 secs] 
2283.403: [GC (Allocation Failure) [PSYoungGen: 71520K->1408K(72192K)] 431232K->361120K(802304K), 0.0028927 secs] [Times: user=0.01 sys=0.01, real=0.01 secs] 
2284.307: [GC (Allocation Failure) [PSYoungGen: 71552K->1376K(72192K)] 431264K->361088K(802304K), 0.0034116 secs] [Times: user=0.01 sys=0.00, real=0.00 secs] 
2284.874: [GC (Allocation Failure) [PSYoungGen: 71520K->1408K(72192K)] 431232K->361120K(802304K), 0.0028970 secs] [Times: user=0.02 sys=0.00, real=0.00 secs] 
2285.058: [GC (Allocation Failure) [PSYoungGen: 71552K->1424K(72192K)] 431264K->361136K(802304K), 0.0017250 secs] [Times: user=0.01 sys=0.00, real=0.00 secs] 
2285.184: [GC (Allocation Failure) [PSYoungGen: 71568K->1485K(72192K)] 431280K->361197K(802304K), 0.0016496 secs] [Times: user=0.01 sys=0.00, real=0.00 secs] 
2285.309: [GC (Allocation Failure) [PSYoungGen: 71629K->1517K(72192K)] 431341K->361229K(802304K), 0.0017568 secs] [Times: user=0.01 sys=0.00, real=0.00 secs] 
2285.763: [GC (Allocation Failure) [PSYoungGen: 71661K->1408K(72192K)] 431373K->361128K(802304K), 0.0020954 secs] [Times: user=0.01 sys=0.00, real=0.01 secs] 
2286.359: [GC (Allocation Failure) [PSYoungGen: 71552K->1376K(72192K)] 431272K->361096K(802304K), 0.0021632 secs] [Times: user=0.01 sys=0.00, real=0.00 secs] 
2287.050: [GC (Allocation Failure) [PSYoungGen: 71520K->1376K(72192K)] 431240K->361096K(802304K), 0.0028239 secs] [Times: user=0.01 sys=0.00, real=0.00 secs] 
2287.551: [GC (Allocation Failure) [PSYoungGen: 71520K->1376K(72192K)] 431240K->361096K(802304K), 0.0036103 secs] [Times: user=0.01 sys=0.00, real=0.01 secs] 
2288.013: [GC (Allocation Failure) [PSYoungGen: 71520K->1520K(72192K)] 431240K->361240K(802304K), 0.0021608 secs] [Times: user=0.01 sys=0.00, real=0.01 secs] 
2288.155: [GC (Allocation Failure) [PSYoungGen: 71649K->1453K(72192K)] 431369K->361173K(802304K), 0.0017055 secs] [Times: user=0.01 sys=0.00, real=0.00 secs] 
2288.279: [GC (Allocation Failure) [PSYoungGen: 71597K->1520K(72192K)] 431317K->361240K(802304K), 0.0015393 secs] [Times: user=0.01 sys=0.00, real=0.00 secs] 
2288.403: [GC (Allocation Failure) [PSYoungGen: 71664K->1488K(72192K)] 431384K->361224K(802304K), 0.0015676 secs] [Times: user=0.01 sys=0.00, real=0.01 secs] 
2289.023: [GC (Allocation Failure) [PSYoungGen: 71632K->1408K(72192K)] 431368K->361160K(802304K), 0.0020318 secs] [Times: user=0.01 sys=0.00, real=0.01 secs] 
2289.488: [GC (Allocation Failure) [PSYoungGen: 71552K->1376K(72192K)] 431304K->361128K(802304K), 0.0025561 secs] [Times: user=0.00 sys=0.00, real=0.00 secs] 
2289.782: [GC (Allocation Failure) [PSYoungGen: 71520K->1376K(72192K)] 431272K->361128K(802304K), 0.0022071 secs] [Times: user=0.01 sys=0.00, real=0.01 secs] 
2290.203: [GC (Allocation Failure) [PSYoungGen: 71520K->1408K(72192K)] 431272K->361168K(802304K), 0.0020002 secs] [Times: user=0.01 sys=0.00, real=0.01 secs] 
2290.421: [GC (Allocation Failure) [PSYoungGen: 71552K->1488K(72192K)] 431312K->361248K(802304K), 0.0016478 secs] [Times: user=0.01 sys=0.00, real=0.00 secs] 
2290.547: [GC (Allocation Failure) [PSYoungGen: 71632K->1517K(72192K)] 431392K->361277K(802304K), 0.0016832 secs] [Times: user=0.01 sys=0.00, real=0.00 secs] 
2290.672: [GC (Allocation Failure) [PSYoungGen: 71661K->1549K(72192K)] 431421K->361309K(802304K), 0.0015342 secs] [Times: user=0.01 sys=0.00, real=0.01 secs] 
2290.867: [GC (Allocation Failure) [PSYoungGen: 71693K->1952K(72192K)] 431453K->361712K(802304K), 0.0020061 secs] [Times: user=0.01 sys=0.00, real=0.00 secs] 
2291.185: [GC (Allocation Failure) [PSYoungGen: 72096K->1408K(72192K)] 431856K->361168K(802304K), 0.0021225 secs] [Times: user=0.01 sys=0.00, real=0.00 secs] 
2291.477: [GC (Allocation Failure) [PSYoungGen: 71552K->1376K(72192K)] 431312K->361136K(802304K), 0.0022025 secs] [Times: user=0.01 sys=0.00, real=0.00 secs] 
2291.827: [GC (Allocation Failure) [PSYoungGen: 71520K->1376K(72192K)] 431280K->361136K(802304K), 0.0023029 secs] [Times: user=0.01 sys=0.00, real=0.00 secs] 
2292.172: [GC (Allocation Failure) [PSYoungGen: 71516K->1453K(72192K)] 431276K->361213K(802304K), 0.0019241 secs] [Times: user=0.01 sys=0.00, real=0.01 secs] 
2292.308: [GC (Allocation Failure) [PSYoungGen: 71597K->1517K(72192K)] 431357K->361277K(802304K), 0.0016922 secs] [Times: user=0.00 sys=0.00, real=0.00 secs] 
2292.431: [GC (Allocation Failure) [PSYoungGen: 71661K->1517K(72192K)] 431421K->361277K(802304K), 0.0015254 secs] [Times: user=0.01 sys=0.00, real=0.00 secs] 
2292.576: [GC (Allocation Failure) [PSYoungGen: 71661K->1488K(72192K)] 431421K->361248K(802304K), 0.0021018 secs] [Times: user=0.00 sys=0.00, real=0.00 secs] 
2292.878: [GC (Allocation Failure) [PSYoungGen: 71632K->1472K(71680K)] 431392K->361232K(801792K), 0.0020526 secs] [Times: user=0.01 sys=0.00, real=0.00 secs] 
2293.316: [GC (Allocation Failure) [PSYoungGen: 71616K->1344K(71680K)] 431376K->361112K(801792K), 0.0022018 secs] [Times: user=0.01 sys=0.00, real=0.00 secs] 
2293.807: [GC (Allocation Failure) [PSYoungGen: 71488K->1376K(71680K)] 431256K->361144K(801792K), 0.0045681 secs] [Times: user=0.02 sys=0.00, real=0.00 secs] 
2294.469: [GC (Allocation Failure) [PSYoungGen: 71520K->1376K(71680K)] 431288K->361144K(801792K), 0.0030509 secs] [Times: user=0.01 sys=0.00, real=0.00 secs] 
2294.982: [GC (Allocation Failure) [PSYoungGen: 71520K->1485K(71680K)] 431288K->361253K(801792K), 0.0022752 secs] [Times: user=0.01 sys=0.00, real=0.01 secs] 
2295.135: [GC (Allocation Failure) [PSYoungGen: 71629K->1456K(71680K)] 431397K->361224K(801792K), 0.0018561 secs] [Times: user=0.01 sys=0.00, real=0.00 secs] 
2295.259: [GC (Allocation Failure) [PSYoungGen: 71600K->1453K(71680K)] 431368K->361221K(801792K), 0.0015248 secs] [Times: user=0.01 sys=0.00, real=0.00 secs] 
2295.384: [GC (Allocation Failure) [PSYoungGen: 71597K->1456K(74752K)] 431365K->361240K(804864K), 0.0017492 secs] [Times: user=0.01 sys=0.00, real=0.00 secs] 
2296.585: [GC (Allocation Failure) [PSYoungGen: 74160K->1376K(73728K)] 433944K->361160K(803840K), 0.0048420 secs] [Times: user=0.01 sys=0.01, real=0.00 secs] 
2297.426: [GC (Allocation Failure) [PSYoungGen: 73568K->1376K(73216K)] 433352K->361160K(803328K), 0.0036671 secs] [Times: user=0.01 sys=0.00, real=0.00 secs] 
2298.151: [GC (Allocation Failure) [PSYoungGen: 73056K->1344K(72704K)] 432840K->361128K(802816K), 0.0024409 secs] [Times: user=0.01 sys=0.01, real=0.00 secs] 
2298.838: [GC (Allocation Failure) [PSYoungGen: 72512K->1408K(72192K)] 432296K->361192K(802304K), 0.0064426 secs] [Times: user=0.02 sys=0.00, real=0.01 secs] 
2299.196: [GC (Allocation Failure) [PSYoungGen: 72064K->1485K(71680K)] 431848K->361269K(801792K), 0.0019782 secs] [Times: user=0.01 sys=0.00, real=0.00 secs] 
2299.330: [GC (Allocation Failure) [PSYoungGen: 71629K->1517K(71680K)] 431413K->361301K(801792K), 0.0016646 secs] [Times: user=0.00 sys=0.00, real=0.00 secs] 
2299.454: [GC (Allocation Failure) [PSYoungGen: 71661K->1453K(71680K)] 431445K->361253K(801792K), 0.0016989 secs] [Times: user=0.01 sys=0.00, real=0.01 secs] 
2299.617: [GC (Allocation Failure) [PSYoungGen: 71597K->1968K(72192K)] 431397K->361768K(802304K), 0.0018833 secs] [Times: user=0.00 sys=0.00, real=0.00 secs] 
2300.481: [GC (Allocation Failure) [PSYoungGen: 72112K->368K(70656K)] 431912K->361192K(800768K), 0.0051508 secs] [Times: user=0.02 sys=0.00, real=0.01 secs] 
2301.418: [GC (Allocation Failure) [PSYoungGen: 70512K->368K(70656K)] 431336K->361192K(800768K), 0.0044419 secs] [Times: user=0.02 sys=0.00, real=0.00 secs] 
2302.381: [GC (Allocation Failure) [PSYoungGen: 70512K->336K(72704K)] 431336K->361160K(802816K), 0.0041521 secs] [Times: user=0.02 sys=0.00, real=0.01 secs] 
2303.025: [GC (Allocation Failure) [PSYoungGen: 70467K->1437K(72704K)] 431291K->362261K(802816K), 0.0028085 secs] [Times: user=0.02 sys=0.00, real=0.00 secs] 
2303.203: [GC (Allocation Failure) [PSYoungGen: 71581K->1517K(72704K)] 432405K->362341K(802816K), 0.0015391 secs] [Times: user=0.01 sys=0.00, real=0.01 secs] 
2303.328: [GC (Allocation Failure) [PSYoungGen: 71661K->1501K(72704K)] 432485K->362325K(802816K), 0.0015594 secs] [Times: user=0.00 sys=0.00, real=0.00 secs] 
2303.451: [GC (Allocation Failure) [PSYoungGen: 71645K->1517K(72704K)] 432469K->362341K(802816K), 0.0015900 secs] [Times: user=0.01 sys=0.00, real=0.00 secs] 
2303.799: [GC (Allocation Failure) [PSYoungGen: 71661K->1488K(72704K)] 432485K->362312K(802816K), 0.0020225 secs] [Times: user=0.01 sys=0.00, real=0.00 secs] 
2304.440: [GC (Allocation Failure) [PSYoungGen: 71632K->1392K(72704K)] 432456K->362216K(802816K), 0.0019875 secs] [Times: user=0.01 sys=0.00, real=0.00 secs] 
2305.180: [GC (Allocation Failure) [PSYoungGen: 71536K->1424K(72704K)] 432360K->362248K(802816K), 0.0034317 secs] [Times: user=0.01 sys=0.00, real=0.01 secs] 
2305.744: [GC (Allocation Failure) [PSYoungGen: 71568K->1440K(71680K)] 432392K->362264K(801792K), 0.0052586 secs] [Times: user=0.02 sys=0.00, real=0.00 secs] 
2306.187: [GC (Allocation Failure) [PSYoungGen: 71584K->1469K(72192K)] 432408K->362293K(802304K), 0.0022046 secs] [Times: user=0.01 sys=0.00, real=0.00 secs] 
2306.339: [GC (Allocation Failure) [PSYoungGen: 71593K->1549K(72192K)] 432417K->362373K(802304K), 0.0015490 secs] [Times: user=0.01 sys=0.00, real=0.00 secs] 
2306.465: [GC (Allocation Failure) [PSYoungGen: 71693K->1501K(72192K)] 432517K->362325K(802304K), 0.0016854 secs] [Times: user=0.01 sys=0.00, real=0.00 secs] 
2306.589: [GC (Allocation Failure) [PSYoungGen: 71645K->1501K(72192K)] 432469K->362349K(802304K), 0.0018363 secs] [Times: user=0.00 sys=0.01, real=0.00 secs] 
2307.104: [GC (Allocation Failure) [PSYoungGen: 71645K->1440K(72192K)] 432493K->362288K(802304K), 0.0024047 secs] [Times: user=0.01 sys=0.00, real=0.01 secs] 
2307.662: [GC (Allocation Failure) [PSYoungGen: 71584K->1360K(72192K)] 432432K->362208K(802304K), 0.0033484 secs] [Times: user=0.01 sys=0.00, real=0.01 secs] 
2308.247: [GC (Allocation Failure) [PSYoungGen: 71504K->1344K(72192K)] 432352K->362192K(802304K), 0.0027497 secs] [Times: user=0.01 sys=0.00, real=0.00 secs] 
2308.925: [GC (Allocation Failure) [PSYoungGen: 71488K->1376K(72192K)] 432336K->362232K(802304K), 0.0039986 secs] [Times: user=0.01 sys=0.01, real=0.00 secs] 
2309.325: [GC (Allocation Failure) [PSYoungGen: 71520K->1488K(72192K)] 432376K->362344K(802304K), 0.0021412 secs] [Times: user=0.01 sys=0.00, real=0.00 secs] 
2309.469: [GC (Allocation Failure) [PSYoungGen: 71632K->1485K(72192K)] 432488K->362341K(802304K), 0.0016615 secs] [Times: user=0.01 sys=0.00, real=0.00 secs] 
2309.594: [GC (Allocation Failure) [PSYoungGen: 71629K->1549K(72192K)] 432485K->362405K(802304K), 0.0016828 secs] [Times: user=0.01 sys=0.00, real=0.00 secs] 
2309.729: [GC (Allocation Failure) [PSYoungGen: 71693K->1485K(72192K)] 432549K->362349K(802304K), 0.0017410 secs] [Times: user=0.01 sys=0.00, real=0.00 secs] 
2310.797: [GC (Allocation Failure) [PSYoungGen: 71629K->1376K(72192K)] 432493K->362240K(802304K), 0.0047358 secs] [Times: user=0.02 sys=0.00, real=0.00 secs] 
2311.654: [GC (Allocation Failure) [PSYoungGen: 71520K->1408K(72192K)] 432384K->362272K(802304K), 0.0032440 secs] [Times: user=0.01 sys=0.00, real=0.00 secs] 
2312.485: [GC (Allocation Failure) [PSYoungGen: 71552K->1408K(72192K)] 432416K->362272K(802304K), 0.0027344 secs] [Times: user=0.01 sys=0.00, real=0.00 secs] 
2313.316: [GC (Allocation Failure) [PSYoungGen: 71552K->1376K(72192K)] 432416K->362240K(802304K), 0.0029130 secs] [Times: user=0.01 sys=0.00, real=0.00 secs] 
2313.561: [GC (Allocation Failure) [PSYoungGen: 71520K->1517K(72192K)] 432384K->362381K(802304K), 0.0016900 secs] [Times: user=0.00 sys=0.00, real=0.00 secs] 
2313.685: [GC (Allocation Failure) [PSYoungGen: 71661K->1488K(72192K)] 432525K->362352K(802304K), 0.0015695 secs] [Times: user=0.01 sys=0.00, real=0.00 secs] 
2313.829: [GC (Allocation Failure) [PSYoungGen: 71632K->1488K(72192K)] 432496K->362352K(802304K), 0.0017520 secs] [Times: user=0.01 sys=0.00, real=0.00 secs] 
2314.040: [GC (Allocation Failure) [PSYoungGen: 71632K->1440K(72192K)] 432496K->362312K(802304K), 0.0021739 secs] [Times: user=0.01 sys=0.00, real=0.00 secs] 
2314.331: [GC (Allocation Failure) [PSYoungGen: 71584K->1392K(72192K)] 432456K->362264K(802304K), 0.0021048 secs] [Times: user=0.01 sys=0.00, real=0.00 secs] 
2314.623: [GC (Allocation Failure) [PSYoungGen: 71536K->1376K(72192K)] 432408K->362248K(802304K), 0.0022107 secs] [Times: user=0.01 sys=0.00, real=0.01 secs] 
2314.915: [GC (Allocation Failure) [PSYoungGen: 71520K->1376K(72192K)] 432392K->362248K(802304K), 0.0021619 secs] [Times: user=0.01 sys=0.00, real=0.00 secs] 
2315.210: [GC (Allocation Failure) [PSYoungGen: 71515K->1517K(72192K)] 432387K->362389K(802304K), 0.0020130 secs] [Times: user=0.01 sys=0.00, real=0.00 secs] 
2315.397: [GC (Allocation Failure) [PSYoungGen: 71661K->1520K(72192K)] 432533K->362392K(802304K), 0.0022442 secs] [Times: user=0.01 sys=0.00, real=0.00 secs] 
2315.544: [GC (Allocation Failure) [PSYoungGen: 71664K->1501K(72192K)] 432536K->362373K(802304K), 0.0016987 secs] [Times: user=0.01 sys=0.00, real=0.00 secs] 
2315.668: [GC (Allocation Failure) [PSYoungGen: 71645K->1485K(72192K)] 432517K->362357K(802304K), 0.0016218 secs] [Times: user=0.00 sys=0.00, real=0.00 secs] 
2315.930: [GC (Allocation Failure) [PSYoungGen: 71629K->1408K(78336K)] 432501K->362280K(808448K), 0.0026825 secs] [Times: user=0.01 sys=0.00, real=0.00 secs] 
2316.248: [GC (Allocation Failure) [PSYoungGen: 77696K->1408K(77312K)] 438568K->362280K(807424K), 0.0023620 secs] [Times: user=0.01 sys=0.00, real=0.00 secs] 
2316.563: [GC (Allocation Failure) [PSYoungGen: 77184K->1344K(76800K)] 438056K->362232K(806912K), 0.0022010 secs] [Times: user=0.01 sys=0.00, real=0.01 secs] 
2316.876: [GC (Allocation Failure) [PSYoungGen: 76608K->1344K(76288K)] 437496K->362232K(806400K), 0.0021055 secs] [Times: user=0.01 sys=0.00, real=0.00 secs] 
2317.153: [GC (Allocation Failure) [PSYoungGen: 76096K->1453K(75776K)] 436984K->362341K(805888K), 0.0018627 secs] [Times: user=0.00 sys=0.00, real=0.01 secs] 
2317.286: [GC (Allocation Failure) [PSYoungGen: 75693K->1517K(75264K)] 436581K->362405K(805376K), 0.0016370 secs] [Times: user=0.00 sys=0.01, real=0.00 secs] 
2317.416: [GC (Allocation Failure) [PSYoungGen: 75245K->1485K(74752K)] 436133K->362373K(804864K), 0.0017860 secs] [Times: user=0.01 sys=0.00, real=0.00 secs] 
2317.709: [GC (Allocation Failure) [PSYoungGen: 74701K->1424K(74240K)] 435589K->362320K(804352K), 0.0018543 secs] [Times: user=0.01 sys=0.00, real=0.00 secs] 
2318.442: [GC (Allocation Failure) [PSYoungGen: 74128K->1408K(73728K)] 435024K->362304K(803840K), 0.0020416 secs] [Times: user=0.00 sys=0.00, real=0.01 secs] 
2319.245: [GC (Allocation Failure) [PSYoungGen: 73600K->1408K(73216K)] 434496K->362304K(803328K), 0.0036839 secs] [Times: user=0.01 sys=0.00, real=0.00 secs] 
2319.883: [GC (Allocation Failure) [PSYoungGen: 73088K->1376K(72704K)] 433984K->362272K(802816K), 0.0032530 secs] [Times: user=0.02 sys=0.00, real=0.01 secs] 
2320.422: [GC (Allocation Failure) [PSYoungGen: 72544K->1488K(72192K)] 433440K->362384K(802304K), 0.0024925 secs] [Times: user=0.01 sys=0.00, real=0.01 secs] 
2320.584: [GC (Allocation Failure) [PSYoungGen: 72144K->1453K(71680K)] 433040K->362349K(801792K), 0.0016298 secs] [Times: user=0.00 sys=0.00, real=0.01 secs] 
2320.707: [GC (Allocation Failure) [PSYoungGen: 71597K->1520K(72192K)] 432493K->362416K(802304K), 0.0015740 secs] [Times: user=0.01 sys=0.00, real=0.00 secs] 
2320.851: [GC (Allocation Failure) [PSYoungGen: 71664K->1552K(72192K)] 432560K->362448K(802304K), 0.0019327 secs] [Times: user=0.01 sys=0.00, real=0.00 secs] 
2321.457: [GC (Allocation Failure) [PSYoungGen: 71696K->1408K(72192K)] 432592K->362304K(802304K), 0.0020768 secs] [Times: user=0.01 sys=0.00, real=0.00 secs] 
2321.811: [GC (Allocation Failure) [PSYoungGen: 71552K->1376K(72192K)] 432448K->362272K(802304K), 0.0037761 secs] [Times: user=0.01 sys=0.00, real=0.01 secs] 
2322.631: [GC (Allocation Failure) [PSYoungGen: 71520K->1408K(72192K)] 432416K->362304K(802304K), 0.0033949 secs] [Times: user=0.02 sys=0.00, real=0.01 secs] 
2323.548: [GC (Allocation Failure) [PSYoungGen: 71552K->1376K(72192K)] 432448K->362272K(802304K), 0.0033413 secs] [Times: user=0.01 sys=0.01, real=0.00 secs] 
2323.953: [GC (Allocation Failure) [PSYoungGen: 71520K->1488K(72192K)] 432416K->362384K(802304K), 0.0022478 secs] [Times: user=0.01 sys=0.00, real=0.01 secs] 
2324.140: [GC (Allocation Failure) [PSYoungGen: 71632K->1488K(72192K)] 432528K->362384K(802304K), 0.0020685 secs] [Times: user=0.01 sys=0.00, real=0.00 secs] 
2324.299: [GC (Allocation Failure) [PSYoungGen: 71632K->1488K(72192K)] 432528K->362384K(802304K), 0.0021962 secs] [Times: user=0.01 sys=0.00, real=0.00 secs] 
2324.509: [GC (Allocation Failure) [PSYoungGen: 71632K->1600K(72192K)] 432528K->362496K(802304K), 0.0019448 secs] [Times: user=0.00 sys=0.00, real=0.00 secs] 
2325.327: [GC (Allocation Failure) [PSYoungGen: 71744K->1344K(72192K)] 432640K->362240K(802304K), 0.0040010 secs] [Times: user=0.02 sys=0.00, real=0.00 secs] 
2325.703: [GC (Allocation Failure) [PSYoungGen: 71488K->1376K(72192K)] 432384K->362272K(802304K), 0.0020704 secs] [Times: user=0.01 sys=0.00, real=0.01 secs] 
2326.212: [GC (Allocation Failure) [PSYoungGen: 71520K->1408K(72192K)] 432416K->362304K(802304K), 0.0019233 secs] [Times: user=0.01 sys=0.00, real=0.01 secs] 
2326.827: [GC (Allocation Failure) [PSYoungGen: 71552K->1437K(72192K)] 432448K->362333K(802304K), 0.0025004 secs] [Times: user=0.01 sys=0.00, real=0.00 secs] 
2327.014: [GC (Allocation Failure) [PSYoungGen: 71581K->1485K(72192K)] 432477K->362381K(802304K), 0.0016998 secs] [Times: user=0.00 sys=0.00, real=0.00 secs] 
2327.157: [GC (Allocation Failure) [PSYoungGen: 71629K->1456K(72192K)] 432525K->362352K(802304K), 0.0019565 secs] [Times: user=0.00 sys=0.00, real=0.00 secs] 
2327.318: [GC (Allocation Failure) [PSYoungGen: 71600K->1488K(72192K)] 432496K->362384K(802304K), 0.0020871 secs] [Times: user=0.01 sys=0.00, real=0.00 secs] 
2328.484: [GC (Allocation Failure) [PSYoungGen: 71632K->1440K(72192K)] 432528K->362336K(802304K), 0.0046479 secs] [Times: user=0.02 sys=0.00, real=0.00 secs] 
2329.570: [GC (Allocation Failure) [PSYoungGen: 71584K->1408K(72192K)] 432480K->362304K(802304K), 0.0033781 secs] [Times: user=0.01 sys=0.00, real=0.00 secs] 
2330.475: [GC (Allocation Failure) [PSYoungGen: 71552K->1408K(72192K)] 432448K->362320K(802304K), 0.0043369 secs] [Times: user=0.02 sys=0.00, real=0.00 secs] 
2331.395: [GC (Allocation Failure) [PSYoungGen: 71552K->1344K(72192K)] 432464K->362256K(802304K), 0.0044003 secs] [Times: user=0.02 sys=0.00, real=0.00 secs] 
2332.019: [GC (Allocation Failure) [PSYoungGen: 71488K->1485K(72192K)] 432400K->362397K(802304K), 0.0023284 secs] [Times: user=0.01 sys=0.00, real=0.00 secs] 
2332.174: [GC (Allocation Failure) [PSYoungGen: 71608K->1581K(72192K)] 432520K->362493K(802304K), 0.0015822 secs] [Times: user=0.01 sys=0.00, real=0.00 secs] 
2332.298: [GC (Allocation Failure) [PSYoungGen: 71725K->1517K(72192K)] 432637K->362429K(802304K), 0.0017575 secs] [Times: user=0.01 sys=0.00, real=0.00 secs] 
2332.423: [GC (Allocation Failure) [PSYoungGen: 71661K->1469K(72192K)] 432573K->362397K(802304K), 0.0017221 secs] [Times: user=0.01 sys=0.00, real=0.01 secs] 
2333.065: [GC (Allocation Failure) [PSYoungGen: 71613K->1440K(72192K)] 432541K->362368K(802304K), 0.0021333 secs] [Times: user=0.01 sys=0.00, real=0.00 secs] 
2333.819: [GC (Allocation Failure) [PSYoungGen: 71584K->1392K(72192K)] 432512K->362320K(802304K), 0.0026771 secs] [Times: user=0.01 sys=0.00, real=0.00 secs] 
2334.700: [GC (Allocation Failure) [PSYoungGen: 71536K->1408K(72192K)] 432464K->362336K(802304K), 0.0028172 secs] [Times: user=0.02 sys=0.00, real=0.00 secs] 
2335.285: [GC (Allocation Failure) [PSYoungGen: 71552K->1376K(72192K)] 432480K->362304K(802304K), 0.0025353 secs] [Times: user=0.01 sys=0.00, real=0.00 secs] 
2335.628: [GC (Allocation Failure) [PSYoungGen: 71520K->1453K(72192K)] 432448K->362381K(802304K), 0.0017848 secs] [Times: user=0.01 sys=0.00, real=0.00 secs] 
2335.755: [GC (Allocation Failure) [PSYoungGen: 71597K->1549K(72192K)] 432525K->362477K(802304K), 0.0016755 secs] [Times: user=0.01 sys=0.00, real=0.00 secs] 
2335.879: [GC (Allocation Failure) [PSYoungGen: 71693K->1549K(72192K)] 432621K->362477K(802304K), 0.0015744 secs] [Times: user=0.00 sys=0.00, real=0.00 secs] 
2336.003: [GC (Allocation Failure) [PSYoungGen: 71693K->1517K(72192K)] 432621K->362453K(802304K), 0.0015422 secs] [Times: user=0.01 sys=0.00, real=0.01 secs] 
2337.506: [GC (Allocation Failure) [PSYoungGen: 71661K->1440K(72192K)] 432597K->362376K(802304K), 0.0040734 secs] [Times: user=0.02 sys=0.00, real=0.00 secs] 
2338.659: [GC (Allocation Failure) [PSYoungGen: 71584K->1392K(72192K)] 432520K->362328K(802304K), 0.0034231 secs] [Times: user=0.01 sys=0.00, real=0.00 secs] 
2339.173: [GC (Allocation Failure) [PSYoungGen: 71536K->1344K(72192K)] 432472K->362280K(802304K), 0.0027284 secs] [Times: user=0.01 sys=0.00, real=0.01 secs] 
2339.721: [GC (Allocation Failure) [PSYoungGen: 71488K->1376K(72192K)] 432424K->362312K(802304K), 0.0024720 secs] [Times: user=0.01 sys=0.00, real=0.01 secs] 
2339.943: [GC (Allocation Failure) [PSYoungGen: 71520K->1485K(72192K)] 432456K->362421K(802304K), 0.0015891 secs] [Times: user=0.00 sys=0.00, real=0.01 secs] 
2340.066: [GC (Allocation Failure) [PSYoungGen: 71629K->1517K(72192K)] 432565K->362453K(802304K), 0.0016978 secs] [Times: user=0.00 sys=0.00, real=0.00 secs] 
2340.190: [GC (Allocation Failure) [PSYoungGen: 71661K->1485K(72192K)] 432597K->362421K(802304K), 0.0015568 secs] [Times: user=0.01 sys=0.00, real=0.00 secs] 
2340.460: [GC (Allocation Failure) [PSYoungGen: 71629K->1440K(72192K)] 432565K->362392K(802304K), 0.0020934 secs] [Times: user=0.01 sys=0.00, real=0.00 secs] 
2341.082: [GC (Allocation Failure) [PSYoungGen: 71584K->1376K(72192K)] 432536K->362328K(802304K), 0.0027634 secs] [Times: user=0.01 sys=0.00, real=0.01 secs] 
2341.615: [GC (Allocation Failure) [PSYoungGen: 71520K->1408K(72192K)] 432472K->362360K(802304K), 0.0028794 secs] [Times: user=0.01 sys=0.00, real=0.00 secs] 
2342.147: [GC (Allocation Failure) [PSYoungGen: 71552K->1376K(72192K)] 432504K->362328K(802304K), 0.0026882 secs] [Times: user=0.01 sys=0.00, real=0.00 secs] 
2342.647: [GC (Allocation Failure) [PSYoungGen: 71520K->1405K(72192K)] 432472K->362357K(802304K), 0.0023936 secs] [Times: user=0.01 sys=0.00, real=0.00 secs] 
2342.806: [GC (Allocation Failure) [PSYoungGen: 71549K->1549K(72192K)] 432501K->362501K(802304K), 0.0016746 secs] [Times: user=0.01 sys=0.00, real=0.00 secs] 
2342.932: [GC (Allocation Failure) [PSYoungGen: 71693K->1517K(72192K)] 432645K->362469K(802304K), 0.0016991 secs] [Times: user=0.00 sys=0.00, real=0.00 secs] 
2343.058: [GC (Allocation Failure) [PSYoungGen: 71661K->1453K(72192K)] 432613K->362405K(802304K), 0.0016897 secs] [Times: user=0.00 sys=0.00, real=0.00 secs] 
2343.668: [GC (Allocation Failure) [PSYoungGen: 71597K->1472K(72192K)] 432549K->362424K(802304K), 0.0024519 secs] [Times: user=0.01 sys=0.00, real=0.00 secs] 
2344.329: [GC (Allocation Failure) [PSYoungGen: 71616K->1344K(72192K)] 432568K->362296K(802304K), 0.0023324 secs] [Times: user=0.01 sys=0.01, real=0.00 secs] 
2344.992: [GC (Allocation Failure) [PSYoungGen: 71488K->1376K(72192K)] 432440K->362328K(802304K), 0.0023677 secs] [Times: user=0.01 sys=0.00, real=0.01 secs] 
2345.761: [GC (Allocation Failure) [PSYoungGen: 71520K->1408K(72192K)] 432472K->362360K(802304K), 0.0027841 secs] [Times: user=0.01 sys=0.00, real=0.00 secs] 
2346.414: [GC (Allocation Failure) [PSYoungGen: 71552K->1453K(72192K)] 432504K->362405K(802304K), 0.0023890 secs] [Times: user=0.01 sys=0.00, real=0.01 secs] 
2346.578: [GC (Allocation Failure) [PSYoungGen: 71597K->1469K(72192K)] 432549K->362421K(802304K), 0.0016973 secs] [Times: user=0.01 sys=0.00, real=0.00 secs] 
2346.701: [GC (Allocation Failure) [PSYoungGen: 71613K->1517K(72192K)] 432565K->362469K(802304K), 0.0016711 secs] [Times: user=0.01 sys=0.00, real=0.00 secs] 
2346.826: [GC (Allocation Failure) [PSYoungGen: 71661K->1549K(72192K)] 432613K->362517K(802304K), 0.0017040 secs] [Times: user=0.01 sys=0.00, real=0.00 secs] 
2348.734: [GC (Allocation Failure) [PSYoungGen: 71693K->1424K(72192K)] 432661K->362392K(802304K), 0.0041033 secs] [Times: user=0.02 sys=0.00, real=0.00 secs] 
2349.358: [GC (Allocation Failure) [PSYoungGen: 71568K->1376K(72192K)] 432536K->362344K(802304K), 0.0032906 secs] [Times: user=0.02 sys=0.00, real=0.00 secs] 
2349.944: [GC (Allocation Failure) [PSYoungGen: 71520K->1408K(72192K)] 432488K->362376K(802304K), 0.0040105 secs] [Times: user=0.02 sys=0.00, real=0.00 secs] 
2350.531: [GC (Allocation Failure) [PSYoungGen: 71552K->1376K(72192K)] 432520K->362352K(802304K), 0.0033136 secs] [Times: user=0.02 sys=0.01, real=0.01 secs] 
2350.859: [GC (Allocation Failure) [PSYoungGen: 71520K->1424K(72192K)] 432496K->362400K(802304K), 0.0019956 secs] [Times: user=0.01 sys=0.00, real=0.00 secs] 
2350.993: [GC (Allocation Failure) [PSYoungGen: 71568K->1485K(72192K)] 432544K->362461K(802304K), 0.0016147 secs] [Times: user=0.00 sys=0.00, real=0.01 secs] 
2351.118: [GC (Allocation Failure) [PSYoungGen: 71629K->1488K(72192K)] 432605K->362464K(802304K), 0.0016347 secs] [Times: user=0.01 sys=0.00, real=0.00 secs] 
2351.282: [GC (Allocation Failure) [PSYoungGen: 71632K->1584K(72192K)] 432608K->362560K(802304K), 0.0017112 secs] [Times: user=0.01 sys=0.00, real=0.00 secs] 
2351.578: [GC (Allocation Failure) [PSYoungGen: 71728K->1376K(72192K)] 432704K->362352K(802304K), 0.0017783 secs] [Times: user=0.00 sys=0.00, real=0.00 secs] 
2351.870: [GC (Allocation Failure) [PSYoungGen: 71520K->1376K(72192K)] 432496K->362352K(802304K), 0.0019341 secs] [Times: user=0.01 sys=0.00, real=0.00 secs] 
2352.161: [GC (Allocation Failure) [PSYoungGen: 71520K->1376K(72192K)] 432496K->362352K(802304K), 0.0020737 secs] [Times: user=0.01 sys=0.01, real=0.00 secs] 
2352.475: [GC (Allocation Failure) [PSYoungGen: 71520K->1421K(72192K)] 432496K->362397K(802304K), 0.0020593 secs] [Times: user=0.01 sys=0.00, real=0.00 secs] 
2352.623: [GC (Allocation Failure) [PSYoungGen: 71557K->1453K(72192K)] 432533K->362429K(802304K), 0.0015577 secs] [Times: user=0.00 sys=0.00, real=0.01 secs] 
2352.748: [GC (Allocation Failure) [PSYoungGen: 71597K->1485K(72192K)] 432573K->362461K(802304K), 0.0017313 secs] [Times: user=0.01 sys=0.00, real=0.00 secs] 
2352.872: [GC (Allocation Failure) [PSYoungGen: 71629K->1485K(72192K)] 432605K->362461K(802304K), 0.0016905 secs] [Times: user=0.01 sys=0.00, real=0.00 secs] 
2353.676: [GC (Allocation Failure) [PSYoungGen: 71629K->1472K(71680K)] 432605K->362448K(801792K), 0.0033936 secs] [Times: user=0.01 sys=0.00, real=0.00 secs] 
2354.621: [GC (Allocation Failure) [PSYoungGen: 71616K->1408K(71680K)] 432592K->362384K(801792K), 0.0034677 secs] [Times: user=0.02 sys=0.00, real=0.01 secs] 
2355.274: [GC (Allocation Failure) [PSYoungGen: 71552K->1408K(71680K)] 432528K->362384K(801792K), 0.0031797 secs] [Times: user=0.01 sys=0.00, real=0.00 secs] 
2355.879: [GC (Allocation Failure) [PSYoungGen: 71552K->1376K(71680K)] 432528K->362352K(801792K), 0.0029098 secs] [Times: user=0.01 sys=0.01, real=0.00 secs] 
2356.369: [GC (Allocation Failure) [PSYoungGen: 71520K->1456K(71680K)] 432496K->362432K(801792K), 0.0021108 secs] [Times: user=0.01 sys=0.00, real=0.00 secs] 
2356.512: [GC (Allocation Failure) [PSYoungGen: 71600K->1517K(71680K)] 432576K->362493K(801792K), 0.0017888 secs] [Times: user=0.01 sys=0.00, real=0.01 secs] 
2356.637: [GC (Allocation Failure) [PSYoungGen: 71661K->1453K(71680K)] 432637K->362429K(801792K), 0.0017528 secs] [Times: user=0.00 sys=0.00, real=0.00 secs] 
2356.760: [GC (Allocation Failure) [PSYoungGen: 71597K->1485K(74752K)] 432573K->362477K(804864K), 0.0017125 secs] [Times: user=0.01 sys=0.00, real=0.00 secs] 
2357.043: [GC (Allocation Failure) [PSYoungGen: 74189K->1472K(73728K)] 435181K->362464K(803840K), 0.0023192 secs] [Times: user=0.01 sys=0.00, real=0.01 secs] 
2357.344: [GC (Allocation Failure) [PSYoungGen: 73664K->1376K(73216K)] 434656K->362368K(803328K), 0.0020903 secs] [Times: user=0.01 sys=0.00, real=0.00 secs] 
2357.642: [GC (Allocation Failure) [PSYoungGen: 73056K->1376K(72704K)] 434048K->362368K(802816K), 0.0019302 secs] [Times: user=0.01 sys=0.01, real=0.00 secs] 
2357.937: [GC (Allocation Failure) [PSYoungGen: 72544K->1344K(72192K)] 433536K->362360K(802304K), 0.0020496 secs] [Times: user=0.01 sys=0.00, real=0.00 secs] 
2358.132: [GC (Allocation Failure) [PSYoungGen: 72000K->1485K(71680K)] 433016K->362501K(801792K), 0.0018104 secs] [Times: user=0.00 sys=0.00, real=0.01 secs] 
2358.257: [GC (Allocation Failure) [PSYoungGen: 71629K->1517K(71680K)] 432645K->362533K(801792K), 0.0017501 secs] [Times: user=0.00 sys=0.00, real=0.00 secs] 
2358.382: [GC (Allocation Failure) [PSYoungGen: 71661K->1517K(74752K)] 432677K->362533K(804864K), 0.0017403 secs] [Times: user=0.00 sys=0.00, real=0.00 secs] 
2358.965: [GC (Allocation Failure) [PSYoungGen: 74733K->1952K(74752K)] 435749K->362968K(804864K), 0.0036863 secs] [Times: user=0.01 sys=0.00, real=0.00 secs] 
2360.691: [GC (Allocation Failure) [PSYoungGen: 74656K->1376K(73728K)] 435672K->362392K(803840K), 0.0045755 secs] [Times: user=0.02 sys=0.00, real=0.01 secs] 
2361.327: [GC (Allocation Failure) [PSYoungGen: 73568K->1376K(73216K)] 434584K->362392K(803328K), 0.0025271 secs] [Times: user=0.01 sys=0.00, real=0.00 secs] 
2361.686: [GC (Allocation Failure) [PSYoungGen: 73056K->1408K(72704K)] 434072K->362424K(802816K), 0.0019822 secs] [Times: user=0.01 sys=0.00, real=0.00 secs] 
2362.115: [GC (Allocation Failure) [PSYoungGen: 72576K->1453K(72192K)] 433592K->362469K(802304K), 0.0022124 secs] [Times: user=0.01 sys=0.00, real=0.00 secs] 
2362.266: [GC (Allocation Failure) [PSYoungGen: 72109K->1485K(71680K)] 433125K->362501K(801792K), 0.0017683 secs] [Times: user=0.01 sys=0.00, real=0.00 secs] 
2362.389: [GC (Allocation Failure) [PSYoungGen: 71629K->1453K(71680K)] 432645K->362469K(801792K), 0.0018057 secs] [Times: user=0.01 sys=0.00, real=0.00 secs] 
2362.515: [GC (Allocation Failure) [PSYoungGen: 71597K->1517K(72192K)] 432613K->362541K(802304K), 0.0017542 secs] [Times: user=0.01 sys=0.00, real=0.00 secs] 
2363.082: [GC (Allocation Failure) [PSYoungGen: 71661K->1408K(72192K)] 432685K->362440K(802304K), 0.0018961 secs] [Times: user=0.00 sys=0.00, real=0.00 secs] 
2363.726: [GC (Allocation Failure) [PSYoungGen: 71552K->1408K(72192K)] 432584K->362440K(802304K), 0.0020927 secs] [Times: user=0.01 sys=0.00, real=0.00 secs] 
2364.203: [GC (Allocation Failure) [PSYoungGen: 71552K->1376K(72192K)] 432584K->362408K(802304K), 0.0025883 secs] [Times: user=0.01 sys=0.00, real=0.01 secs] 
2365.042: [GC (Allocation Failure) [PSYoungGen: 71520K->1360K(72192K)] 432552K->362392K(802304K), 0.0025002 secs] [Times: user=0.01 sys=0.00, real=0.01 secs] 
2365.545: [GC (Allocation Failure) [PSYoungGen: 71504K->1520K(72192K)] 432536K->362552K(802304K), 0.0018993 secs] [Times: user=0.01 sys=0.00, real=0.00 secs] 
2365.677: [GC (Allocation Failure) [PSYoungGen: 71645K->1469K(72192K)] 432677K->362501K(802304K), 0.0015307 secs] [Times: user=0.01 sys=0.00, real=0.00 secs] 
2365.825: [GC (Allocation Failure) [PSYoungGen: 71613K->1488K(72192K)] 432645K->362520K(802304K), 0.0020651 secs] [Times: user=0.01 sys=0.00, real=0.00 secs] 
2365.995: [GC (Allocation Failure) [PSYoungGen: 71632K->1485K(72192K)] 432664K->362533K(802304K), 0.0015846 secs] [Times: user=0.00 sys=0.00, real=0.00 secs] 
2366.284: [GC (Allocation Failure) [PSYoungGen: 71629K->1440K(72192K)] 432677K->362488K(802304K), 0.0022284 secs] [Times: user=0.01 sys=0.00, real=0.00 secs] 
2366.576: [GC (Allocation Failure) [PSYoungGen: 71584K->1376K(72192K)] 432632K->362424K(802304K), 0.0021240 secs] [Times: user=0.01 sys=0.00, real=0.00 secs] 
2366.867: [GC (Allocation Failure) [PSYoungGen: 71520K->1408K(72192K)] 432568K->362456K(802304K), 0.0020951 secs] [Times: user=0.01 sys=0.00, real=0.00 secs] 
2367.159: [GC (Allocation Failure) [PSYoungGen: 71552K->1408K(72192K)] 432600K->362456K(802304K), 0.0019854 secs] [Times: user=0.01 sys=0.00, real=0.00 secs] 
2367.342: [GC (Allocation Failure) [PSYoungGen: 71552K->1453K(72192K)] 432600K->362501K(802304K), 0.0015382 secs] [Times: user=0.01 sys=0.00, real=0.01 secs] 
2367.466: [GC (Allocation Failure) [PSYoungGen: 71597K->1501K(72192K)] 432645K->362549K(802304K), 0.0017152 secs] [Times: user=0.01 sys=0.00, real=0.00 secs] 
2367.590: [GC (Allocation Failure) [PSYoungGen: 71645K->1517K(72192K)] 432693K->362581K(802304K), 0.0016621 secs] [Times: user=0.01 sys=0.00, real=0.00 secs] 
2367.734: [GC (Allocation Failure) [PSYoungGen: 71661K->1968K(78336K)] 432725K->363544K(808448K), 0.0018480 secs] [Times: user=0.01 sys=0.00, real=0.00 secs] 
2368.122: [GC (Allocation Failure) [PSYoungGen: 78256K->1376K(77312K)] 439832K->362952K(807424K), 0.0020998 secs] [Times: user=0.01 sys=0.00, real=0.01 secs] 
2368.656: [GC (Allocation Failure) [PSYoungGen: 77152K->1408K(76800K)] 438728K->362984K(806912K), 0.0019541 secs] [Times: user=0.00 sys=0.00, real=0.00 secs] 
2369.302: [GC (Allocation Failure) [PSYoungGen: 76672K->1376K(76288K)] 438248K->362952K(806400K), 0.0017999 secs] [Times: user=0.01 sys=0.00, real=0.00 secs] 
2369.822: [GC (Allocation Failure) [PSYoungGen: 76128K->1456K(75776K)] 437704K->363032K(805888K), 0.0021462 secs] [Times: user=0.01 sys=0.00, real=0.01 secs] 
2369.959: [GC (Allocation Failure) [PSYoungGen: 75696K->1485K(75264K)] 437272K->363061K(805376K), 0.0018156 secs] [Times: user=0.01 sys=0.00, real=0.00 secs] 
2370.090: [GC (Allocation Failure) [PSYoungGen: 75213K->1485K(74752K)] 436789K->363061K(804864K), 0.0016848 secs] [Times: user=0.01 sys=0.00, real=0.00 secs] 
2370.221: [GC (Allocation Failure) [PSYoungGen: 74701K->1520K(74240K)] 436277K->363096K(804352K), 0.0017310 secs] [Times: user=0.00 sys=0.00, real=0.00 secs] 
2370.582: [GC (Allocation Failure) [PSYoungGen: 74224K->1408K(73728K)] 435800K->362992K(803840K), 0.0020205 secs] [Times: user=0.01 sys=0.00, real=0.01 secs] 
2370.882: [GC (Allocation Failure) [PSYoungGen: 73600K->1376K(73216K)] 435184K->362960K(803328K), 0.0019327 secs] [Times: user=0.01 sys=0.00, real=0.00 secs] 
2371.215: [GC (Allocation Failure) [PSYoungGen: 73056K->1376K(72704K)] 434640K->362960K(802816K), 0.0032445 secs] [Times: user=0.01 sys=0.00, real=0.00 secs] 
2371.536: [GC (Allocation Failure) [PSYoungGen: 72544K->1376K(72192K)] 434128K->362960K(802304K), 0.0021161 secs] [Times: user=0.00 sys=0.00, real=0.00 secs] 
2371.739: [GC (Allocation Failure) [PSYoungGen: 72032K->1453K(71680K)] 433616K->363037K(801792K), 0.0017236 secs] [Times: user=0.00 sys=0.00, real=0.00 secs] 
2371.863: [GC (Allocation Failure) [PSYoungGen: 71597K->1485K(72192K)] 433181K->363069K(802304K), 0.0016567 secs] [Times: user=0.00 sys=0.00, real=0.01 secs] 
2371.987: [GC (Allocation Failure) [PSYoungGen: 71629K->1453K(72192K)] 433213K->363037K(802304K), 0.0017470 secs] [Times: user=0.01 sys=0.00, real=0.00 secs] 
2373.197: [GC (Allocation Failure) [PSYoungGen: 71597K->1456K(72192K)] 433181K->363040K(802304K), 0.0048463 secs] [Times: user=0.02 sys=0.00, real=0.00 secs] 
2373.955: [GC (Allocation Failure) [PSYoungGen: 71600K->1344K(72192K)] 433184K->362928K(802304K), 0.0020520 secs] [Times: user=0.01 sys=0.00, real=0.00 secs] 
2374.259: [GC (Allocation Failure) [PSYoungGen: 71488K->1376K(72192K)] 433072K->362960K(802304K), 0.0028232 secs] [Times: user=0.01 sys=0.00, real=0.00 secs] 
2374.549: [GC (Allocation Failure) [PSYoungGen: 71520K->1360K(72192K)] 433104K->362944K(802304K), 0.0021193 secs] [Times: user=0.01 sys=0.00, real=0.00 secs] 
2374.834: [GC (Allocation Failure) [PSYoungGen: 71504K->1517K(72192K)] 433088K->363101K(802304K), 0.0019412 secs] [Times: user=0.01 sys=0.00, real=0.01 secs] 
2374.965: [GC (Allocation Failure) [PSYoungGen: 71661K->1469K(72192K)] 433245K->363053K(802304K), 0.0015730 secs] [Times: user=0.01 sys=0.00, real=0.00 secs] 
2375.108: [GC (Allocation Failure) [PSYoungGen: 71613K->1437K(72192K)] 433197K->363021K(802304K), 0.0019092 secs] [Times: user=0.00 sys=0.00, real=0.00 secs] 
2375.265: [GC (Allocation Failure) [PSYoungGen: 71581K->1517K(72192K)] 433165K->363101K(802304K), 0.0015830 secs] [Times: user=0.00 sys=0.00, real=0.00 secs] 
2376.806: [GC (Allocation Failure) [PSYoungGen: 71661K->1424K(72192K)] 433245K->363008K(802304K), 0.0046046 secs] [Times: user=0.02 sys=0.00, real=0.00 secs] 
2378.144: [GC (Allocation Failure) [PSYoungGen: 71568K->1376K(72192K)] 433152K->362960K(802304K), 0.0043932 secs] [Times: user=0.02 sys=0.00, real=0.00 secs] 
2378.564: [GC (Allocation Failure) [PSYoungGen: 71520K->1376K(72192K)] 433104K->362960K(802304K), 0.0019985 secs] [Times: user=0.00 sys=0.00, real=0.00 secs] 
2379.228: [GC (Allocation Failure) [PSYoungGen: 71520K->1376K(72192K)] 433104K->362960K(802304K), 0.0034656 secs] [Times: user=0.02 sys=0.00, real=0.00 secs] 
2379.732: [GC (Allocation Failure) [PSYoungGen: 71520K->1520K(72192K)] 433104K->363104K(802304K), 0.0023317 secs] [Times: user=0.01 sys=0.00, real=0.01 secs] 
2379.890: [GC (Allocation Failure) [PSYoungGen: 71664K->1501K(72192K)] 433248K->363085K(802304K), 0.0015798 secs] [Times: user=0.00 sys=0.00, real=0.00 secs] 
2380.033: [GC (Allocation Failure) [PSYoungGen: 71645K->1437K(72192K)] 433229K->363021K(802304K), 0.0019562 secs] [Times: user=0.01 sys=0.00, real=0.01 secs] 
2380.189: [GC (Allocation Failure) [PSYoungGen: 71581K->1520K(72192K)] 433165K->363120K(802304K), 0.0020057 secs] [Times: user=0.00 sys=0.00, real=0.00 secs] 
2380.539: [GC (Allocation Failure) [PSYoungGen: 71664K->1440K(72192K)] 433264K->363040K(802304K), 0.0021169 secs] [Times: user=0.01 sys=0.00, real=0.00 secs] 
2380.830: [GC (Allocation Failure) [PSYoungGen: 71584K->1360K(72192K)] 433184K->362960K(802304K), 0.0019215 secs] [Times: user=0.01 sys=0.00, real=0.00 secs] 
2381.122: [GC (Allocation Failure) [PSYoungGen: 71504K->1376K(72192K)] 433104K->362976K(802304K), 0.0019809 secs] [Times: user=0.01 sys=0.00, real=0.01 secs] 
2381.413: [GC (Allocation Failure) [PSYoungGen: 71520K->1376K(72192K)] 433120K->362976K(802304K), 0.0020328 secs] [Times: user=0.01 sys=0.00, real=0.01 secs] 
2381.671: [GC (Allocation Failure) [PSYoungGen: 71520K->1453K(72192K)] 433120K->363053K(802304K), 0.0017756 secs] [Times: user=0.01 sys=0.00, real=0.00 secs] 
2381.795: [GC (Allocation Failure) [PSYoungGen: 71597K->1485K(72192K)] 433197K->363085K(802304K), 0.0015026 secs] [Times: user=0.00 sys=0.00, real=0.00 secs] 
2381.938: [GC (Allocation Failure) [PSYoungGen: 71629K->1520K(72192K)] 433229K->363120K(802304K), 0.0021943 secs] [Times: user=0.01 sys=0.00, real=0.00 secs] 
2382.412: [GC (Allocation Failure) [PSYoungGen: 71664K->1456K(71680K)] 433264K->363056K(801792K), 0.0038913 secs] [Times: user=0.01 sys=0.00, real=0.01 secs] 
2383.299: [GC (Allocation Failure) [PSYoungGen: 71600K->1376K(71680K)] 433200K->362976K(801792K), 0.0033357 secs] [Times: user=0.01 sys=0.01, real=0.00 secs] 
2383.904: [GC (Allocation Failure) [PSYoungGen: 71520K->1392K(71680K)] 433120K->362992K(801792K), 0.0028528 secs] [Times: user=0.01 sys=0.00, real=0.00 secs] 
2384.601: [GC (Allocation Failure) [PSYoungGen: 71536K->1376K(71680K)] 433136K->362976K(801792K), 0.0061165 secs] [Times: user=0.02 sys=0.01, real=0.01 secs] 
2385.243: [GC (Allocation Failure) [PSYoungGen: 71520K->1469K(71680K)] 433120K->363069K(801792K), 0.0028148 secs] [Times: user=0.01 sys=0.00, real=0.01 secs] 
2385.422: [GC (Allocation Failure) [PSYoungGen: 71613K->1453K(71680K)] 433213K->363053K(801792K), 0.0017121 secs] [Times: user=0.01 sys=0.00, real=0.01 secs] 
2385.546: [GC (Allocation Failure) [PSYoungGen: 71597K->1517K(71680K)] 433197K->363141K(801792K), 0.0015257 secs] [Times: user=0.01 sys=0.00, real=0.00 secs] 
2385.670: [GC (Allocation Failure) [PSYoungGen: 71661K->1485K(71680K)] 433285K->363125K(801792K), 0.0017680 secs] [Times: user=0.01 sys=0.00, real=0.00 secs] 
2386.160: [GC (Allocation Failure) [PSYoungGen: 71629K->1424K(71680K)] 433269K->363064K(801792K), 0.0024305 secs] [Times: user=0.01 sys=0.00, real=0.00 secs] 
2386.780: [GC (Allocation Failure) [PSYoungGen: 71568K->1344K(71680K)] 433208K->362984K(801792K), 0.0027308 secs] [Times: user=0.01 sys=0.00, real=0.00 secs] 
2387.118: [GC (Allocation Failure) [PSYoungGen: 71488K->1376K(71680K)] 433128K->363016K(801792K), 0.0022499 secs] [Times: user=0.00 sys=0.00, real=0.00 secs] 
2387.497: [GC (Allocation Failure) [PSYoungGen: 71520K->1376K(71680K)] 433160K->363016K(801792K), 0.0021679 secs] [Times: user=0.00 sys=0.00, real=0.00 secs] 
2387.941: [GC (Allocation Failure) [PSYoungGen: 71520K->1421K(72192K)] 433160K->363061K(802304K), 0.0016683 secs] [Times: user=0.01 sys=0.00, real=0.00 secs] 
2388.083: [GC (Allocation Failure) [PSYoungGen: 71554K->1488K(72192K)] 433194K->363128K(802304K), 0.0018770 secs] [Times: user=0.00 sys=0.00, real=0.01 secs] 
2388.240: [GC (Allocation Failure) [PSYoungGen: 71632K->1488K(72192K)] 433272K->363128K(802304K), 0.0016816 secs] [Times: user=0.01 sys=0.00, real=0.00 secs] 
2388.364: [GC (Allocation Failure) [PSYoungGen: 71632K->1485K(72192K)] 433272K->363133K(802304K), 0.0025199 secs] [Times: user=0.00 sys=0.00, real=0.00 secs] 
2389.053: [GC (Allocation Failure) [PSYoungGen: 71629K->1392K(71680K)] 433277K->363056K(801792K), 0.0029993 secs] [Times: user=0.01 sys=0.00, real=0.01 secs] 
2389.426: [GC (Allocation Failure) [PSYoungGen: 71536K->1424K(77824K)] 433200K->363088K(807936K), 0.0048515 secs] [Times: user=0.01 sys=0.02, real=0.00 secs] 
2389.762: [GC (Allocation Failure) [PSYoungGen: 77200K->1376K(76800K)] 438864K->363040K(806912K), 0.0020627 secs] [Times: user=0.01 sys=0.00, real=0.01 secs] 
2390.300: [GC (Allocation Failure) [PSYoungGen: 76640K->1376K(76288K)] 438304K->363040K(806400K), 0.0025698 secs] [Times: user=0.01 sys=0.00, real=0.00 secs] 
2390.539: [GC (Allocation Failure) [PSYoungGen: 76128K->1453K(75776K)] 437792K->363117K(805888K), 0.0015933 secs] [Times: user=0.00 sys=0.00, real=0.00 secs] 
2390.671: [GC (Allocation Failure) [PSYoungGen: 75693K->1485K(75264K)] 437357K->363149K(805376K), 0.0016695 secs] [Times: user=0.01 sys=0.00, real=0.00 secs] 
2390.820: [GC (Allocation Failure) [PSYoungGen: 75213K->1517K(74752K)] 436877K->363213K(804864K), 0.0019130 secs] [Times: user=0.01 sys=0.00, real=0.00 secs] 
2391.206: [GC (Allocation Failure) [PSYoungGen: 74733K->1440K(74240K)] 436429K->363136K(804352K), 0.0024916 secs] [Times: user=0.01 sys=0.00, real=0.00 secs] 
2391.892: [GC (Allocation Failure) [PSYoungGen: 74144K->1408K(73728K)] 435840K->363104K(803840K), 0.0023730 secs] [Times: user=0.01 sys=0.00, real=0.01 secs] 
2392.192: [GC (Allocation Failure) [PSYoungGen: 73600K->1408K(73216K)] 435296K->363104K(803328K), 0.0022095 secs] [Times: user=0.01 sys=0.00, real=0.01 secs] 
2392.543: [GC (Allocation Failure) [PSYoungGen: 73088K->1424K(72704K)] 434784K->363120K(802816K), 0.0019836 secs] [Times: user=0.01 sys=0.00, real=0.01 secs] 
2392.934: [GC (Allocation Failure) [PSYoungGen: 72592K->1453K(72192K)] 434288K->363149K(802304K), 0.0017835 secs] [Times: user=0.01 sys=0.00, real=0.00 secs] 
2393.059: [GC (Allocation Failure) [PSYoungGen: 72109K->1504K(71680K)] 433805K->363200K(801792K), 0.0016752 secs] [Times: user=0.01 sys=0.00, real=0.00 secs] 
2393.182: [GC (Allocation Failure) [PSYoungGen: 71648K->1488K(71680K)] 433344K->363184K(801792K), 0.0016736 secs] [Times: user=0.01 sys=0.00, real=0.01 secs] 
2393.306: [GC (Allocation Failure) [PSYoungGen: 71632K->1485K(72192K)] 433328K->363181K(802304K), 0.0016809 secs] [Times: user=0.01 sys=0.00, real=0.00 secs] 
2393.661: [GC (Allocation Failure) [PSYoungGen: 71629K->1424K(72192K)] 433325K->363120K(802304K), 0.0019717 secs] [Times: user=0.01 sys=0.00, real=0.00 secs] 
2394.185: [GC (Allocation Failure) [PSYoungGen: 71568K->1344K(72192K)] 433264K->363040K(802304K), 0.0021225 secs] [Times: user=0.00 sys=0.00, real=0.00 secs] 
2394.996: [GC (Allocation Failure) [PSYoungGen: 71488K->1344K(72192K)] 433184K->363040K(802304K), 0.0023151 secs] [Times: user=0.01 sys=0.00, real=0.00 secs] 
2395.731: [GC (Allocation Failure) [PSYoungGen: 71488K->1344K(72192K)] 433184K->363040K(802304K), 0.0027133 secs] [Times: user=0.01 sys=0.00, real=0.00 secs] 
2396.072: [GC (Allocation Failure) [PSYoungGen: 71478K->1485K(72192K)] 433174K->363181K(802304K), 0.0017892 secs] [Times: user=0.01 sys=0.00, real=0.01 secs] 
2396.197: [GC (Allocation Failure) [PSYoungGen: 71629K->1485K(72192K)] 433325K->363181K(802304K), 0.0015819 secs] [Times: user=0.00 sys=0.00, real=0.00 secs] 
2396.321: [GC (Allocation Failure) [PSYoungGen: 71629K->1453K(72192K)] 433325K->363149K(802304K), 0.0016659 secs] [Times: user=0.01 sys=0.00, real=0.00 secs] 
2396.525: [GC (Allocation Failure) [PSYoungGen: 71597K->1984K(72192K)] 433293K->364192K(802304K), 0.0018794 secs] [Times: user=0.00 sys=0.00, real=0.00 secs] 
2396.857: [GC (Allocation Failure) [PSYoungGen: 72128K->1408K(72192K)] 434336K->363616K(802304K), 0.0019632 secs] [Times: user=0.00 sys=0.00, real=0.00 secs] 
2397.218: [GC (Allocation Failure) [PSYoungGen: 71552K->1344K(72192K)] 433760K->363552K(802304K), 0.0020598 secs] [Times: user=0.01 sys=0.00, real=0.00 secs] 
2397.614: [GC (Allocation Failure) [PSYoungGen: 71488K->1376K(72192K)] 433696K->363600K(802304K), 0.0020720 secs] [Times: user=0.01 sys=0.00, real=0.00 secs] 
2398.135: [GC (Allocation Failure) [PSYoungGen: 71490K->1453K(72192K)] 433714K->363677K(802304K), 0.0022643 secs] [Times: user=0.00 sys=0.00, real=0.00 secs] 
2398.284: [GC (Allocation Failure) [PSYoungGen: 71597K->1485K(72192K)] 433821K->363709K(802304K), 0.0015885 secs] [Times: user=0.00 sys=0.00, real=0.00 secs] 
2398.408: [GC (Allocation Failure) [PSYoungGen: 71629K->1453K(72192K)] 433853K->363677K(802304K), 0.0016005 secs] [Times: user=0.00 sys=0.00, real=0.00 secs] 
2398.531: [GC (Allocation Failure) [PSYoungGen: 71597K->1488K(72192K)] 433821K->363712K(802304K), 0.0016904 secs] [Times: user=0.00 sys=0.00, real=0.00 secs] 
2398.871: [GC (Allocation Failure) [PSYoungGen: 71632K->1408K(72192K)] 433856K->363640K(802304K), 0.0019609 secs] [Times: user=0.01 sys=0.00, real=0.00 secs] 
2399.542: [GC (Allocation Failure) [PSYoungGen: 71552K->1408K(72192K)] 433784K->363640K(802304K), 0.0034610 secs] [Times: user=0.02 sys=0.00, real=0.01 secs] 
2400.209: [GC (Allocation Failure) [PSYoungGen: 71552K->1376K(72192K)] 433784K->363608K(802304K), 0.0028366 secs] [Times: user=0.01 sys=0.00, real=0.00 secs] 
2400.756: [GC (Allocation Failure) [PSYoungGen: 71520K->1376K(72192K)] 433752K->363608K(802304K), 0.0025237 secs] [Times: user=0.01 sys=0.00, real=0.00 secs] 
2401.204: [GC (Allocation Failure) [PSYoungGen: 71520K->1485K(72192K)] 433752K->363717K(802304K), 0.0019935 secs] [Times: user=0.00 sys=0.00, real=0.00 secs] 
2401.383: [GC (Allocation Failure) [PSYoungGen: 71613K->1488K(72192K)] 433845K->363720K(802304K), 0.0019828 secs] [Times: user=0.01 sys=0.00, real=0.01 secs] 
2401.557: [GC (Allocation Failure) [PSYoungGen: 71632K->1520K(72192K)] 433864K->363752K(802304K), 0.0022443 secs] [Times: user=0.01 sys=0.00, real=0.00 secs] 
2401.711: [GC (Allocation Failure) [PSYoungGen: 71664K->1485K(72192K)] 433896K->363725K(802304K), 0.0017124 secs] [Times: user=0.01 sys=0.00, real=0.00 secs] 
2402.358: [GC (Allocation Failure) [PSYoungGen: 71629K->1440K(72192K)] 433869K->363680K(802304K), 0.0027151 secs] [Times: user=0.01 sys=0.00, real=0.00 secs] 
2402.646: [GC (Allocation Failure) [PSYoungGen: 71584K->1376K(72192K)] 433824K->363616K(802304K), 0.0020359 secs] [Times: user=0.01 sys=0.00, real=0.00 secs] 
2403.003: [GC (Allocation Failure) [PSYoungGen: 71520K->1376K(72192K)] 433760K->363616K(802304K), 0.0019512 secs] [Times: user=0.01 sys=0.00, real=0.01 secs] 
2403.294: [GC (Allocation Failure) [PSYoungGen: 71520K->1376K(72192K)] 433760K->363616K(802304K), 0.0019635 secs] [Times: user=0.01 sys=0.00, real=0.00 secs] 
2403.512: [GC (Allocation Failure) [PSYoungGen: 71520K->1421K(72192K)] 433760K->363661K(802304K), 0.0015275 secs] [Times: user=0.00 sys=0.00, real=0.01 secs] 
2403.636: [GC (Allocation Failure) [PSYoungGen: 71565K->1549K(72192K)] 433805K->363789K(802304K), 0.0014981 secs] [Times: user=0.01 sys=0.00, real=0.00 secs] 
2403.760: [GC (Allocation Failure) [PSYoungGen: 71693K->1520K(72192K)] 433933K->363760K(802304K), 0.0016746 secs] [Times: user=0.01 sys=0.00, real=0.00 secs] 
2403.884: [GC (Allocation Failure) [PSYoungGen: 71199K->256K(72192K)] 433440K->362496K(802304K), 0.0015930 secs] [Times: user=0.01 sys=0.00, real=0.00 secs] 
2405.180: [GC (Allocation Failure) [PSYoungGen: 70400K->1408K(71680K)] 432640K->363648K(801792K), 0.0047016 secs] [Times: user=0.02 sys=0.00, real=0.01 secs] 
2405.746: [GC (Allocation Failure) [PSYoungGen: 71552K->1440K(71680K)] 433792K->363680K(801792K), 0.0031057 secs] [Times: user=0.01 sys=0.01, real=0.00 secs] 
2406.039: [GC (Allocation Failure) [PSYoungGen: 71584K->1360K(71680K)] 433824K->363600K(801792K), 0.0020452 secs] [Times: user=0.01 sys=0.00, real=0.00 secs] 
2406.370: [GC (Allocation Failure) [PSYoungGen: 71172K->240K(70656K)] 433412K->362480K(800768K), 0.0023005 secs] [Times: user=0.01 sys=0.00, real=0.00 secs] 
2406.560: [GC (Allocation Failure) [PSYoungGen: 70384K->1488K(71680K)] 432624K->363728K(801792K), 0.0025825 secs] [Times: user=0.00 sys=0.00, real=0.00 secs] 
2406.770: [GC (Allocation Failure) [PSYoungGen: 71632K->1488K(71680K)] 433872K->363728K(801792K), 0.0025189 secs] [Times: user=0.01 sys=0.01, real=0.00 secs] 
2406.920: [GC (Allocation Failure) [PSYoungGen: 71632K->1485K(71680K)] 433872K->363725K(801792K), 0.0016001 secs] [Times: user=0.00 sys=0.00, real=0.00 secs] 
2407.342: [GC (Allocation Failure) [PSYoungGen: 71629K->1440K(71680K)] 433869K->363696K(801792K), 0.0033464 secs] [Times: user=0.01 sys=0.00, real=0.01 secs] 
2407.880: [GC (Allocation Failure) [PSYoungGen: 71584K->1376K(71680K)] 433840K->363648K(801792K), 0.0022311 secs] [Times: user=0.01 sys=0.00, real=0.00 secs] 
2408.173: [GC (Allocation Failure) [PSYoungGen: 71520K->1376K(71680K)] 433792K->363648K(801792K), 0.0022295 secs] [Times: user=0.00 sys=0.00, real=0.01 secs] 
2408.478: [GC (Allocation Failure) [PSYoungGen: 71520K->1376K(71680K)] 433792K->363648K(801792K), 0.0020107 secs] [Times: user=0.01 sys=0.00, real=0.00 secs] 
2409.170: [GC (Allocation Failure) [PSYoungGen: 71520K->1485K(72192K)] 433792K->363757K(802304K), 0.0019489 secs] [Times: user=0.01 sys=0.00, real=0.00 secs] 
2409.306: [GC (Allocation Failure) [PSYoungGen: 71629K->1485K(72192K)] 433901K->363757K(802304K), 0.0017041 secs] [Times: user=0.01 sys=0.00, real=0.00 secs] 
2409.429: [GC (Allocation Failure) [PSYoungGen: 71629K->1517K(72192K)] 433901K->363789K(802304K), 0.0015277 secs] [Times: user=0.01 sys=0.00, real=0.00 secs] 
2409.553: [GC (Allocation Failure) [PSYoungGen: 71661K->1485K(72192K)] 433933K->363765K(802304K), 0.0014958 secs] [Times: user=0.01 sys=0.00, real=0.01 secs] 
2410.060: [GC (Allocation Failure) [PSYoungGen: 71629K->1440K(72192K)] 433909K->363728K(802304K), 0.0019108 secs] [Times: user=0.00 sys=0.00, real=0.00 secs] 
2410.673: [GC (Allocation Failure) [PSYoungGen: 71584K->1392K(72192K)] 433872K->363680K(802304K), 0.0033172 secs] [Times: user=0.01 sys=0.00, real=0.01 secs] 
2410.963: [GC (Allocation Failure) [PSYoungGen: 71536K->1376K(72192K)] 433824K->363664K(802304K), 0.0022400 secs] [Times: user=0.01 sys=0.00, real=0.01 secs] 
2411.344: [GC (Allocation Failure) [PSYoungGen: 71520K->1408K(72192K)] 433808K->363696K(802304K), 0.0023725 secs] [Times: user=0.01 sys=0.00, real=0.00 secs] 
2411.663: [GC (Allocation Failure) [PSYoungGen: 71529K->1485K(72192K)] 433817K->363773K(802304K), 0.0020410 secs] [Times: user=0.01 sys=0.00, real=0.01 secs] 
2411.791: [GC (Allocation Failure) [PSYoungGen: 71629K->1517K(72192K)] 433917K->363805K(802304K), 0.0015610 secs] [Times: user=0.01 sys=0.00, real=0.00 secs] 
2411.914: [GC (Allocation Failure) [PSYoungGen: 71661K->1485K(72192K)] 433949K->363773K(802304K), 0.0016367 secs] [Times: user=0.00 sys=0.00, real=0.01 secs] 
2412.038: [GC (Allocation Failure) [PSYoungGen: 71629K->1485K(72192K)] 433917K->363789K(802304K), 0.0017188 secs] [Times: user=0.00 sys=0.01, real=0.00 secs] 
2412.958: [GC (Allocation Failure) [PSYoungGen: 71629K->1440K(72192K)] 433933K->363744K(802304K), 0.0046350 secs] [Times: user=0.01 sys=0.00, real=0.00 secs] 
2413.987: [GC (Allocation Failure) [PSYoungGen: 71584K->1376K(72192K)] 433888K->363680K(802304K), 0.0029139 secs] [Times: user=0.02 sys=0.00, real=0.00 secs] 
2414.819: [GC (Allocation Failure) [PSYoungGen: 71520K->1376K(72192K)] 433824K->363680K(802304K), 0.0023934 secs] [Times: user=0.01 sys=0.00, real=0.00 secs] 
2416.376: [GC (Allocation Failure) [PSYoungGen: 71520K->1376K(72192K)] 433824K->363680K(802304K), 0.0138166 secs] [Times: user=0.07 sys=0.00, real=0.01 secs] 
2416.703: [GC (Allocation Failure) [PSYoungGen: 71520K->1504K(72192K)] 433824K->363808K(802304K), 0.0019264 secs] [Times: user=0.01 sys=0.00, real=0.01 secs] 
2416.836: [GC (Allocation Failure) [PSYoungGen: 71648K->1485K(72192K)] 433952K->363789K(802304K), 0.0015415 secs] [Times: user=0.01 sys=0.00, real=0.00 secs] 
2416.962: [GC (Allocation Failure) [PSYoungGen: 71629K->1517K(72192K)] 433933K->363829K(802304K), 0.0017870 secs] [Times: user=0.01 sys=0.00, real=0.01 secs] 
2417.182: [GC (Allocation Failure) [PSYoungGen: 71661K->1472K(72192K)] 433973K->363784K(802304K), 0.0019173 secs] [Times: user=0.01 sys=0.00, real=0.01 secs] 
2417.935: [GC (Allocation Failure) [PSYoungGen: 71616K->1376K(72192K)] 433928K->363688K(802304K), 0.0023836 secs] [Times: user=0.01 sys=0.00, real=0.00 secs] 
2418.547: [GC (Allocation Failure) [PSYoungGen: 71520K->1376K(72192K)] 433832K->363688K(802304K), 0.0056861 secs] [Times: user=0.03 sys=0.00, real=0.00 secs] 
2419.192: [GC (Allocation Failure) [PSYoungGen: 71520K->1440K(72192K)] 433832K->363752K(802304K), 0.0023246 secs] [Times: user=0.01 sys=0.00, real=0.01 secs] 
2419.811: [GC (Allocation Failure) [PSYoungGen: 71584K->1469K(72192K)] 433896K->363781K(802304K), 0.0023967 secs] [Times: user=0.01 sys=0.00, real=0.00 secs] 
2419.969: [GC (Allocation Failure) [PSYoungGen: 71613K->1549K(72192K)] 433925K->363861K(802304K), 0.0015896 secs] [Times: user=0.00 sys=0.00, real=0.00 secs] 
2420.111: [GC (Allocation Failure) [PSYoungGen: 71693K->1488K(72192K)] 434005K->363800K(802304K), 0.0018493 secs] [Times: user=0.00 sys=0.00, real=0.00 secs] 
2420.266: [GC (Allocation Failure) [PSYoungGen: 71632K->1485K(72192K)] 433944K->363797K(802304K), 0.0015969 secs] [Times: user=0.01 sys=0.00, real=0.00 secs] 
2420.592: [GC (Allocation Failure) [PSYoungGen: 71629K->1408K(72192K)] 433941K->363744K(802304K), 0.0023697 secs] [Times: user=0.01 sys=0.00, real=0.01 secs] 
2421.308: [GC (Allocation Failure) [PSYoungGen: 71552K->1376K(72192K)] 433888K->363712K(802304K), 0.0026819 secs] [Times: user=0.01 sys=0.00, real=0.00 secs] 
2422.194: [GC (Allocation Failure) [PSYoungGen: 71520K->1376K(72192K)] 433856K->363712K(802304K), 0.0027291 secs] [Times: user=0.01 sys=0.00, real=0.00 secs] 
2422.832: [GC (Allocation Failure) [PSYoungGen: 71520K->1328K(72192K)] 433856K->363672K(802304K), 0.0025438 secs] [Times: user=0.01 sys=0.00, real=0.01 secs] 
2423.332: [GC (Allocation Failure) [PSYoungGen: 71472K->1517K(72192K)] 433816K->363861K(802304K), 0.0021362 secs] [Times: user=0.01 sys=0.00, real=0.01 secs] 
2423.467: [GC (Allocation Failure) [PSYoungGen: 71661K->1453K(72192K)] 434005K->363797K(802304K), 0.0016822 secs] [Times: user=0.01 sys=0.00, real=0.00 secs] 
2423.609: [GC (Allocation Failure) [PSYoungGen: 71597K->1520K(72192K)] 433941K->363864K(802304K), 0.0018368 secs] [Times: user=0.01 sys=0.00, real=0.00 secs] 
2423.765: [GC (Allocation Failure) [PSYoungGen: 71664K->1517K(72192K)] 434008K->363869K(802304K), 0.0015730 secs] [Times: user=0.01 sys=0.00, real=0.00 secs] 
2424.417: [GC (Allocation Failure) [PSYoungGen: 71661K->1440K(72192K)] 434013K->363792K(802304K), 0.0021048 secs] [Times: user=0.01 sys=0.00, real=0.00 secs] 
2424.751: [GC (Allocation Failure) [PSYoungGen: 71584K->1408K(72192K)] 433936K->363760K(802304K), 0.0019936 secs] [Times: user=0.00 sys=0.00, real=0.00 secs] 
2425.180: [GC (Allocation Failure) [PSYoungGen: 71552K->1376K(72192K)] 433904K->363728K(802304K), 0.0020323 secs] [Times: user=0.01 sys=0.00, real=0.00 secs] 
2425.857: [GC (Allocation Failure) [PSYoungGen: 71520K->1344K(72192K)] 433872K->363696K(802304K), 0.0022374 secs] [Times: user=0.01 sys=0.00, real=0.00 secs] 
2426.157: [GC (Allocation Failure) [PSYoungGen: 71488K->1485K(72192K)] 433840K->363837K(802304K), 0.0015440 secs] [Times: user=0.01 sys=0.00, real=0.00 secs] 
2426.282: [GC (Allocation Failure) [PSYoungGen: 71629K->1517K(72192K)] 433981K->363869K(802304K), 0.0017081 secs] [Times: user=0.01 sys=0.00, real=0.00 secs] 
2426.407: [GC (Allocation Failure) [PSYoungGen: 71661K->1520K(72192K)] 434013K->363872K(802304K), 0.0016957 secs] [Times: user=0.01 sys=0.00, real=0.00 secs] 
2426.601: [GC (Allocation Failure) [PSYoungGen: 71664K->1776K(72192K)] 434016K->364128K(802304K), 0.0020285 secs] [Times: user=0.00 sys=0.00, real=0.00 secs] 
2427.478: [GC (Allocation Failure) [PSYoungGen: 71920K->1408K(72192K)] 434272K->363760K(802304K), 0.0028870 secs] [Times: user=0.01 sys=0.00, real=0.00 secs] 
2428.111: [GC (Allocation Failure) [PSYoungGen: 71552K->1344K(72192K)] 433904K->363696K(802304K), 0.0025726 secs] [Times: user=0.01 sys=0.00, real=0.00 secs] 
2428.402: [GC (Allocation Failure) [PSYoungGen: 71488K->1392K(72192K)] 433840K->363760K(802304K), 0.0021766 secs] [Times: user=0.01 sys=0.00, real=0.01 secs] 
2429.041: [GC (Allocation Failure) [PSYoungGen: 71536K->1485K(72192K)] 433904K->363853K(802304K), 0.0025502 secs] [Times: user=0.01 sys=0.00, real=0.01 secs] 
2429.211: [GC (Allocation Failure) [PSYoungGen: 71629K->1485K(72192K)] 433997K->363853K(802304K), 0.0016649 secs] [Times: user=0.01 sys=0.00, real=0.00 secs] 
2429.335: [GC (Allocation Failure) [PSYoungGen: 71629K->1488K(72192K)] 433997K->363856K(802304K), 0.0015352 secs] [Times: user=0.01 sys=0.00, real=0.00 secs] 
2429.459: [GC (Allocation Failure) [PSYoungGen: 71632K->1485K(72192K)] 434000K->363853K(802304K), 0.0017042 secs] [Times: user=0.00 sys=0.00, real=0.00 secs] 
2429.692: [GC (Allocation Failure) [PSYoungGen: 71629K->1440K(72192K)] 433997K->363808K(802304K), 0.0019459 secs] [Times: user=0.00 sys=0.00, real=0.01 secs] 
2430.019: [GC (Allocation Failure) [PSYoungGen: 71584K->1408K(72192K)] 433952K->363776K(802304K), 0.0019977 secs] [Times: user=0.01 sys=0.00, real=0.00 secs] 
2430.310: [GC (Allocation Failure) [PSYoungGen: 71552K->1392K(72192K)] 433920K->363760K(802304K), 0.0019281 secs] [Times: user=0.00 sys=0.00, real=0.00 secs] 
2430.601: [GC (Allocation Failure) [PSYoungGen: 71536K->1344K(72192K)] 433904K->363712K(802304K), 0.0020946 secs] [Times: user=0.01 sys=0.00, real=0.00 secs] 
2430.892: [GC (Allocation Failure) [PSYoungGen: 71475K->1453K(72192K)] 433843K->363821K(802304K), 0.0019628 secs] [Times: user=0.00 sys=0.00, real=0.01 secs] 
2431.023: [GC (Allocation Failure) [PSYoungGen: 71597K->1520K(72192K)] 433965K->363888K(802304K), 0.0016793 secs] [Times: user=0.01 sys=0.00, real=0.01 secs] 
2431.148: [GC (Allocation Failure) [PSYoungGen: 71664K->1485K(72192K)] 434032K->363853K(802304K), 0.0017543 secs] [Times: user=0.00 sys=0.00, real=0.00 secs] 
2431.273: [GC (Allocation Failure) [PSYoungGen: 71629K->1517K(78336K)] 433997K->363901K(808448K), 0.0018207 secs] [Times: user=0.01 sys=0.00, real=0.01 secs] 
2431.871: [GC (Allocation Failure) [PSYoungGen: 77805K->1456K(77312K)] 440189K->363840K(807424K), 0.0025575 secs] [Times: user=0.01 sys=0.00, real=0.01 secs] 
2432.578: [GC (Allocation Failure) [PSYoungGen: 77232K->1408K(76800K)] 439616K->363792K(806912K), 0.0026244 secs] [Times: user=0.01 sys=0.00, real=0.00 secs] 
2433.054: [GC (Allocation Failure) [PSYoungGen: 76672K->1376K(76288K)] 439056K->363760K(806400K), 0.0021832 secs] [Times: user=0.01 sys=0.00, real=0.00 secs] 
2433.365: [GC (Allocation Failure) [PSYoungGen: 76128K->1376K(75776K)] 438512K->363760K(805888K), 0.0021830 secs] [Times: user=0.01 sys=0.00, real=0.00 secs] 
2433.541: [GC (Allocation Failure) [PSYoungGen: 75616K->1517K(75264K)] 438000K->363901K(805376K), 0.0016257 secs] [Times: user=0.01 sys=0.00, real=0.00 secs] 
2433.671: [GC (Allocation Failure) [PSYoungGen: 75245K->1517K(74752K)] 437629K->363901K(804864K), 0.0017570 secs] [Times: user=0.01 sys=0.00, real=0.00 secs] 
2433.801: [GC (Allocation Failure) [PSYoungGen: 74733K->1456K(74240K)] 437117K->363840K(804352K), 0.0017702 secs] [Times: user=0.01 sys=0.00, real=0.00 secs] 
2434.274: [GC (Allocation Failure) [PSYoungGen: 74160K->1440K(73728K)] 436544K->363824K(803840K), 0.0020125 secs] [Times: user=0.01 sys=0.00, real=0.00 secs] 
2434.586: [GC (Allocation Failure) [PSYoungGen: 73632K->1360K(73216K)] 436016K->363744K(803328K), 0.0022639 secs] [Times: user=0.01 sys=0.00, real=0.00 secs] 
2434.967: [GC (Allocation Failure) [PSYoungGen: 73040K->1408K(72704K)] 435424K->363792K(802816K), 0.0022643 secs] [Times: user=0.01 sys=0.00, real=0.00 secs] 
2435.637: [GC (Allocation Failure) [PSYoungGen: 72576K->1408K(72192K)] 434960K->363792K(802304K), 0.0035710 secs] [Times: user=0.02 sys=0.00, real=0.00 secs] 
2436.190: [GC (Allocation Failure) [PSYoungGen: 72064K->1456K(71680K)] 434448K->363840K(801792K), 0.0024975 secs] [Times: user=0.01 sys=0.00, real=0.00 secs] 
2436.349: [GC (Allocation Failure) [PSYoungGen: 71600K->1517K(72192K)] 433984K->363901K(802304K), 0.0015475 secs] [Times: user=0.01 sys=0.00, real=0.00 secs] 
2436.473: [GC (Allocation Failure) [PSYoungGen: 71661K->1517K(72192K)] 434045K->363901K(802304K), 0.0016855 secs] [Times: user=0.01 sys=0.00, real=0.01 secs] 
2436.597: [GC (Allocation Failure) [PSYoungGen: 71661K->1456K(72192K)] 434045K->363840K(802304K), 0.0023074 secs] [Times: user=0.01 sys=0.00, real=0.00 secs] 
2437.593: [GC (Allocation Failure) [PSYoungGen: 71600K->1472K(71680K)] 433984K->363856K(801792K), 0.0040166 secs] [Times: user=0.02 sys=0.00, real=0.01 secs] 
2438.279: [GC (Allocation Failure) [PSYoungGen: 71616K->1424K(71680K)] 434000K->363832K(801792K), 0.0032375 secs] [Times: user=0.01 sys=0.00, real=0.00 secs] 
2438.836: [GC (Allocation Failure) [PSYoungGen: 71568K->1376K(71680K)] 433976K->363784K(801792K), 0.0020334 secs] [Times: user=0.01 sys=0.00, real=0.00 secs] 
2439.665: [GC (Allocation Failure) [PSYoungGen: 71520K->1408K(71680K)] 433928K->363816K(801792K), 0.0030562 secs] [Times: user=0.02 sys=0.00, real=0.00 secs] 
2440.198: [GC (Allocation Failure) [PSYoungGen: 71552K->1424K(71680K)] 433960K->363832K(801792K), 0.0021659 secs] [Times: user=0.01 sys=0.00, real=0.00 secs] 
2440.338: [GC (Allocation Failure) [PSYoungGen: 71568K->1485K(71680K)] 433976K->363893K(801792K), 0.0018153 secs] [Times: user=0.01 sys=0.00, real=0.00 secs] 
2440.461: [GC (Allocation Failure) [PSYoungGen: 71629K->1485K(71680K)] 434037K->363893K(801792K), 0.0015441 secs] [Times: user=0.00 sys=0.00, real=0.00 secs] 
2440.908: [GC (Allocation Failure) [PSYoungGen: 71629K->2016K(72192K)] 434037K->364448K(802304K), 0.0030585 secs] [Times: user=0.01 sys=0.00, real=0.00 secs] 
2442.252: [GC (Allocation Failure) [PSYoungGen: 72160K->416K(70656K)] 434592K->363872K(800768K), 0.0044553 secs] [Times: user=0.02 sys=0.00, real=0.01 secs] 
2442.864: [GC (Allocation Failure) [PSYoungGen: 70560K->368K(70656K)] 434016K->363824K(800768K), 0.0027928 secs] [Times: user=0.01 sys=0.00, real=0.00 secs] 
2443.802: [GC (Allocation Failure) [PSYoungGen: 70512K->320K(72704K)] 433968K->363776K(802816K), 0.0039739 secs] [Times: user=0.01 sys=0.00, real=0.01 secs] 
2444.827: [GC (Allocation Failure) [PSYoungGen: 70464K->1453K(72704K)] 433920K->364909K(802816K), 0.0040153 secs] [Times: user=0.02 sys=0.00, real=0.00 secs] 
2445.047: [GC (Allocation Failure) [PSYoungGen: 71597K->1488K(72704K)] 435053K->364944K(802816K), 0.0019767 secs] [Times: user=0.01 sys=0.00, real=0.00 secs] 
2445.173: [GC (Allocation Failure) [PSYoungGen: 71632K->1485K(72704K)] 435088K->364941K(802816K), 0.0016385 secs] [Times: user=0.01 sys=0.00, real=0.01 secs] 
2445.317: [GC (Allocation Failure) [PSYoungGen: 71629K->1549K(72704K)] 435085K->365005K(802816K), 0.0020645 secs] [Times: user=0.01 sys=0.00, real=0.00 secs] 
2445.598: [GC (Allocation Failure) [PSYoungGen: 71693K->1440K(72704K)] 435149K->364896K(802816K), 0.0022723 secs] [Times: user=0.01 sys=0.00, real=0.00 secs] 
2446.185: [GC (Allocation Failure) [PSYoungGen: 71584K->1424K(72704K)] 435040K->364880K(802816K), 0.0019163 secs] [Times: user=0.01 sys=0.00, real=0.00 secs] 
2446.842: [GC (Allocation Failure) [PSYoungGen: 71568K->1408K(71680K)] 435024K->364864K(801792K), 0.0036181 secs] [Times: user=0.02 sys=0.00, real=0.01 secs] 
2447.407: [GC (Allocation Failure) [PSYoungGen: 71552K->1376K(72192K)] 435008K->364832K(802304K), 0.0027749 secs] [Times: user=0.01 sys=0.00, real=0.00 secs] 
2447.823: [GC (Allocation Failure) [PSYoungGen: 71520K->1552K(72192K)] 434976K->365008K(802304K), 0.0018766 secs] [Times: user=0.01 sys=0.00, real=0.01 secs] 
2447.955: [GC (Allocation Failure) [PSYoungGen: 71667K->1549K(72192K)] 435123K->365005K(802304K), 0.0015581 secs] [Times: user=0.01 sys=0.00, real=0.00 secs] 
2448.080: [GC (Allocation Failure) [PSYoungGen: 71693K->1533K(72192K)] 435149K->364989K(802304K), 0.0016918 secs] [Times: user=0.00 sys=0.00, real=0.00 secs] 
2448.204: [GC (Allocation Failure) [PSYoungGen: 71677K->1488K(72192K)] 435133K->364960K(802304K), 0.0016056 secs] [Times: user=0.01 sys=0.00, real=0.00 secs] 
2449.089: [GC (Allocation Failure) [PSYoungGen: 71632K->1408K(72192K)] 435104K->364880K(802304K), 0.0038095 secs] [Times: user=0.01 sys=0.00, real=0.00 secs] 
2449.593: [GC (Allocation Failure) [PSYoungGen: 71552K->1344K(72192K)] 435024K->364840K(802304K), 0.0021456 secs] [Times: user=0.01 sys=0.00, real=0.01 secs] 
2449.885: [GC (Allocation Failure) [PSYoungGen: 71488K->1392K(72192K)] 434984K->364888K(802304K), 0.0019449 secs] [Times: user=0.00 sys=0.00, real=0.00 secs] 
2450.473: [GC (Allocation Failure) [PSYoungGen: 71536K->1376K(72192K)] 435032K->364872K(802304K), 0.0019892 secs] [Times: user=0.00 sys=0.00, real=0.01 secs] 
2450.811: [GC (Allocation Failure) [PSYoungGen: 71520K->1485K(72192K)] 435016K->364981K(802304K), 0.0025231 secs] [Times: user=0.00 sys=0.00, real=0.00 secs] 
2450.995: [GC (Allocation Failure) [PSYoungGen: 71629K->1485K(72192K)] 435125K->364981K(802304K), 0.0015526 secs] [Times: user=0.00 sys=0.00, real=0.00 secs] 
2451.122: [GC (Allocation Failure) [PSYoungGen: 71629K->1421K(72192K)] 435125K->364917K(802304K), 0.0023559 secs] [Times: user=0.01 sys=0.00, real=0.01 secs] 
2451.250: [GC (Allocation Failure) [PSYoungGen: 71565K->1517K(72192K)] 435061K->365029K(802304K), 0.0016162 secs] [Times: user=0.01 sys=0.00, real=0.00 secs] 
2451.842: [GC (Allocation Failure) [PSYoungGen: 71661K->1376K(72192K)] 435173K->364888K(802304K), 0.0032934 secs] [Times: user=0.01 sys=0.00, real=0.01 secs] 
2452.421: [GC (Allocation Failure) [PSYoungGen: 71520K->1376K(72192K)] 435032K->364888K(802304K), 0.0033281 secs] [Times: user=0.01 sys=0.00, real=0.01 secs] 
2452.997: [GC (Allocation Failure) [PSYoungGen: 71520K->1360K(72192K)] 435032K->364872K(802304K), 0.0033879 secs] [Times: user=0.01 sys=0.00, real=0.00 secs] 
2453.485: [GC (Allocation Failure) [PSYoungGen: 71504K->1312K(72192K)] 435016K->364824K(802304K), 0.0023494 secs] [Times: user=0.01 sys=0.00, real=0.00 secs] 
2453.665: [GC (Allocation Failure) [PSYoungGen: 71456K->1549K(72192K)] 434968K->365061K(802304K), 0.0015376 secs] [Times: user=0.01 sys=0.00, real=0.00 secs] 
2453.788: [GC (Allocation Failure) [PSYoungGen: 71693K->1520K(72192K)] 435205K->365032K(802304K), 0.0016654 secs] [Times: user=0.01 sys=0.00, real=0.00 secs] 
2453.914: [GC (Allocation Failure) [PSYoungGen: 71664K->1517K(72192K)] 435176K->365029K(802304K), 0.0017039 secs] [Times: user=0.00 sys=0.00, real=0.01 secs] 
2454.291: [GC (Allocation Failure) [PSYoungGen: 71661K->1440K(72192K)] 435173K->364960K(802304K), 0.0020005 secs] [Times: user=0.01 sys=0.00, real=0.00 secs] 
2454.945: [GC (Allocation Failure) [PSYoungGen: 71584K->1376K(72192K)] 435104K->364896K(802304K), 0.0023746 secs] [Times: user=0.01 sys=0.00, real=0.00 secs] 
2455.238: [GC (Allocation Failure) [PSYoungGen: 71520K->1376K(72192K)] 435040K->364896K(802304K), 0.0021729 secs] [Times: user=0.01 sys=0.00, real=0.00 secs] 
2455.562: [GC (Allocation Failure) [PSYoungGen: 71520K->1376K(72192K)] 435040K->364896K(802304K), 0.0018937 secs] [Times: user=0.00 sys=0.00, real=0.00 secs] 
2455.839: [GC (Allocation Failure) [PSYoungGen: 71520K->1517K(72192K)] 435040K->365037K(802304K), 0.0017141 secs] [Times: user=0.00 sys=0.00, real=0.00 secs] 
2455.965: [GC (Allocation Failure) [PSYoungGen: 71648K->1520K(72192K)] 435168K->365040K(802304K), 0.0015778 secs] [Times: user=0.01 sys=0.00, real=0.00 secs] 
2456.108: [GC (Allocation Failure) [PSYoungGen: 71664K->1488K(72192K)] 435184K->365008K(802304K), 0.0018160 secs] [Times: user=0.00 sys=0.00, real=0.00 secs] 
2456.270: [GC (Allocation Failure) [PSYoungGen: 71632K->1488K(72192K)] 435152K->365008K(802304K), 0.0015507 secs] [Times: user=0.01 sys=0.00, real=0.00 secs] 
2456.710: [GC (Allocation Failure) [PSYoungGen: 71632K->1440K(72192K)] 435152K->364968K(802304K), 0.0027640 secs] [Times: user=0.01 sys=0.00, real=0.00 secs] 
2457.323: [GC (Allocation Failure) [PSYoungGen: 71584K->1376K(72192K)] 435112K->364904K(802304K), 0.0030112 secs] [Times: user=0.01 sys=0.00, real=0.01 secs] 
2457.938: [GC (Allocation Failure) [PSYoungGen: 71520K->1408K(72192K)] 435048K->364952K(802304K), 0.0025069 secs] [Times: user=0.01 sys=0.00, real=0.00 secs] 
2458.455: [GC (Allocation Failure) [PSYoungGen: 71552K->1376K(72192K)] 435096K->364920K(802304K), 0.0021719 secs] [Times: user=0.01 sys=0.00, real=0.00 secs] 
2458.684: [GC (Allocation Failure) [PSYoungGen: 71520K->1517K(72192K)] 435064K->365061K(802304K), 0.0016192 secs] [Times: user=0.00 sys=0.00, real=0.00 secs] 
2458.808: [GC (Allocation Failure) [PSYoungGen: 71661K->1517K(72192K)] 435205K->365061K(802304K), 0.0016864 secs] [Times: user=0.01 sys=0.00, real=0.00 secs] 
2458.932: [GC (Allocation Failure) [PSYoungGen: 71661K->1517K(72192K)] 435205K->365061K(802304K), 0.0015535 secs] [Times: user=0.01 sys=0.00, real=0.01 secs] 
2459.056: [GC (Allocation Failure) [PSYoungGen: 71661K->1488K(72192K)] 435205K->365048K(802304K), 0.0023240 secs] [Times: user=0.01 sys=0.00, real=0.00 secs] 
2459.747: [GC (Allocation Failure) [PSYoungGen: 71632K->1456K(77824K)] 435192K->365016K(807936K), 0.0077316 secs] [Times: user=0.01 sys=0.04, real=0.01 secs] 
2460.355: [GC (Allocation Failure) [PSYoungGen: 77744K->1408K(77312K)] 441304K->364968K(807424K), 0.0033833 secs] [Times: user=0.01 sys=0.00, real=0.00 secs] 
2460.997: [GC (Allocation Failure) [PSYoungGen: 77184K->1408K(76800K)] 440744K->364968K(806912K), 0.0030232 secs] [Times: user=0.01 sys=0.00, real=0.00 secs] 
2461.641: [GC (Allocation Failure) [PSYoungGen: 76672K->1517K(76288K)] 440232K->365077K(806400K), 0.0025803 secs] [Times: user=0.01 sys=0.00, real=0.00 secs] 
2461.820: [GC (Allocation Failure) [PSYoungGen: 76269K->1488K(75776K)] 439829K->365048K(805888K), 0.0017431 secs] [Times: user=0.01 sys=0.00, real=0.00 secs] 
2461.954: [GC (Allocation Failure) [PSYoungGen: 75728K->1488K(75264K)] 439288K->365048K(805376K), 0.0018172 secs] [Times: user=0.00 sys=0.00, real=0.00 secs] 
2462.085: [GC (Allocation Failure) [PSYoungGen: 75216K->1488K(74752K)] 438776K->365048K(804864K), 0.0017472 secs] [Times: user=0.00 sys=0.00, real=0.00 secs] 
2463.025: [GC (Allocation Failure) [PSYoungGen: 74704K->1440K(74240K)] 438264K->365016K(804352K), 0.0047990 secs] [Times: user=0.02 sys=0.00, real=0.00 secs] 
2464.668: [GC (Allocation Failure) [PSYoungGen: 74144K->1376K(73728K)] 437720K->364952K(803840K), 0.0068134 secs] [Times: user=0.03 sys=0.00, real=0.01 secs] 
2466.127: [GC (Allocation Failure) [PSYoungGen: 73568K->1408K(73216K)] 437144K->364984K(803328K), 0.0046081 secs] [Times: user=0.02 sys=0.00, real=0.00 secs] 
2467.066: [GC (Allocation Failure) [PSYoungGen: 73088K->1440K(72704K)] 436664K->365016K(802816K), 0.0034926 secs] [Times: user=0.02 sys=0.00, real=0.00 secs] 
2467.476: [GC (Allocation Failure) [PSYoungGen: 72608K->1552K(72704K)] 436184K->365128K(802816K), 0.0021029 secs] [Times: user=0.00 sys=0.00, real=0.00 secs] 
2467.647: [GC (Allocation Failure) [PSYoungGen: 72208K->1517K(71680K)] 435784K->365093K(801792K), 0.0024951 secs] [Times: user=0.00 sys=0.00, real=0.00 secs] 
2467.805: [GC (Allocation Failure) [PSYoungGen: 71661K->1533K(71680K)] 435237K->365109K(801792K), 0.0016924 secs] [Times: user=0.01 sys=0.00, real=0.00 secs] 
2467.928: [GC (Allocation Failure) [PSYoungGen: 71677K->1440K(72192K)] 435253K->365016K(802304K), 0.0016688 secs] [Times: user=0.00 sys=0.00, real=0.00 secs] 
2468.676: [GC (Allocation Failure) [PSYoungGen: 71584K->1408K(72192K)] 435160K->364984K(802304K), 0.0033698 secs] [Times: user=0.01 sys=0.00, real=0.00 secs] 
2469.264: [GC (Allocation Failure) [PSYoungGen: 71552K->1424K(72192K)] 435128K->365000K(802304K), 0.0028054 secs] [Times: user=0.01 sys=0.00, real=0.01 secs] 
2469.602: [GC (Allocation Failure) [PSYoungGen: 71568K->1440K(72192K)] 435144K->365016K(802304K), 0.0021789 secs] [Times: user=0.01 sys=0.00, real=0.01 secs] 
2469.910: [GC (Allocation Failure) [PSYoungGen: 71584K->1488K(72192K)] 435160K->365064K(802304K), 0.0019629 secs] [Times: user=0.00 sys=0.00, real=0.00 secs] 
2470.048: [GC (Allocation Failure) [PSYoungGen: 71632K->1488K(72192K)] 435208K->365064K(802304K), 0.0016791 secs] [Times: user=0.01 sys=0.00, real=0.00 secs] 
2470.174: [GC (Allocation Failure) [PSYoungGen: 71632K->1549K(72192K)] 435208K->365125K(802304K), 0.0016656 secs] [Times: user=0.00 sys=0.00, real=0.00 secs] 
2470.300: [GC (Allocation Failure) [PSYoungGen: 71693K->1549K(72192K)] 435269K->365125K(802304K), 0.0017216 secs] [Times: user=0.00 sys=0.00, real=0.00 secs] 
2470.608: [GC (Allocation Failure) [PSYoungGen: 71693K->1456K(71680K)] 435269K->365056K(801792K), 0.0020908 secs] [Times: user=0.01 sys=0.01, real=0.00 secs] 
2471.359: [GC (Allocation Failure) [PSYoungGen: 71600K->1408K(71680K)] 435200K->365008K(801792K), 0.0020920 secs] [Times: user=0.01 sys=0.01, real=0.00 secs] 
2472.208: [GC (Allocation Failure) [PSYoungGen: 71552K->1360K(71680K)] 435152K->364960K(801792K), 0.0061842 secs] [Times: user=0.01 sys=0.00, real=0.01 secs] 
2472.816: [GC (Allocation Failure) [PSYoungGen: 71504K->1312K(71680K)] 435104K->364912K(801792K), 0.0027156 secs] [Times: user=0.01 sys=0.00, real=0.00 secs] 
2473.357: [GC (Allocation Failure) [PSYoungGen: 71456K->1453K(71680K)] 435056K->365053K(801792K), 0.0021997 secs] [Times: user=0.01 sys=0.00, real=0.00 secs] 
2473.513: [GC (Allocation Failure) [PSYoungGen: 71587K->1549K(72192K)] 435187K->365149K(802304K), 0.0025627 secs] [Times: user=0.00 sys=0.00, real=0.01 secs] 
2473.660: [GC (Allocation Failure) [PSYoungGen: 71693K->493K(70656K)] 435293K->365117K(800768K), 0.0021279 secs] [Times: user=0.01 sys=0.00, real=0.00 secs] 
2473.829: [GC (Allocation Failure) [PSYoungGen: 70637K->461K(74240K)] 435261K->365093K(804352K), 0.0022518 secs] [Times: user=0.01 sys=0.00, real=0.00 secs] 
2474.133: [GC (Allocation Failure) [PSYoungGen: 72653K->1440K(73216K)] 437285K->366072K(803328K), 0.0022964 secs] [Times: user=0.00 sys=0.00, real=0.01 secs] 
2474.453: [GC (Allocation Failure) [PSYoungGen: 73120K->1408K(72704K)] 437752K->366040K(802816K), 0.0021367 secs] [Times: user=0.01 sys=0.00, real=0.01 secs] 
2474.757: [GC (Allocation Failure) [PSYoungGen: 72576K->1344K(72192K)] 437208K->365976K(802304K), 0.0020510 secs] [Times: user=0.01 sys=0.00, real=0.00 secs] 
2475.050: [GC (Allocation Failure) [PSYoungGen: 72000K->1376K(71680K)] 436632K->366008K(801792K), 0.0022192 secs] [Times: user=0.01 sys=0.00, real=0.00 secs] 
2475.306: [GC (Allocation Failure) [PSYoungGen: 71520K->1485K(71680K)] 436152K->366117K(801792K), 0.0017147 secs] [Times: user=0.01 sys=0.00, real=0.00 secs] 
2475.430: [GC (Allocation Failure) [PSYoungGen: 71629K->1517K(71680K)] 436261K->366149K(801792K), 0.0018241 secs] [Times: user=0.00 sys=0.00, real=0.00 secs] 
2475.555: [GC (Allocation Failure) [PSYoungGen: 71661K->1488K(71680K)] 436293K->366120K(801792K), 0.0015418 secs] [Times: user=0.01 sys=0.00, real=0.00 secs] 
2475.681: [GC (Allocation Failure) [PSYoungGen: 71632K->1485K(74752K)] 436264K->366133K(804864K), 0.0017699 secs] [Times: user=0.00 sys=0.00, real=0.00 secs] 
2477.664: [GC (Allocation Failure) [PSYoungGen: 74189K->1408K(73728K)] 438837K->366056K(803840K), 0.0044857 secs] [Times: user=0.02 sys=0.01, real=0.01 secs] 
2478.441: [GC (Allocation Failure) [PSYoungGen: 73600K->1392K(73216K)] 438248K->366040K(803328K), 0.0030270 secs] [Times: user=0.01 sys=0.00, real=0.01 secs] 
2479.347: [GC (Allocation Failure) [PSYoungGen: 73072K->1376K(72704K)] 437720K->366040K(802816K), 0.0028381 secs] [Times: user=0.01 sys=0.00, real=0.00 secs] 
2480.374: [GC (Allocation Failure) [PSYoungGen: 72544K->1453K(72192K)] 437208K->366117K(802304K), 0.0030022 secs] [Times: user=0.02 sys=0.00, real=0.00 secs] 
2480.571: [GC (Allocation Failure) [PSYoungGen: 72109K->1485K(71680K)] 436773K->366149K(801792K), 0.0016214 secs] [Times: user=0.01 sys=0.00, real=0.00 secs] 
2480.715: [GC (Allocation Failure) [PSYoungGen: 71629K->1485K(71680K)] 436293K->366149K(801792K), 0.0018155 secs] [Times: user=0.01 sys=0.00, real=0.00 secs] 
2480.871: [GC (Allocation Failure) [PSYoungGen: 71629K->1517K(71680K)] 436293K->366181K(801792K), 0.0021053 secs] [Times: user=0.01 sys=0.00, real=0.00 secs] 
2481.136: [GC (Allocation Failure) [PSYoungGen: 71661K->1392K(71680K)] 436325K->366056K(801792K), 0.0023141 secs] [Times: user=0.01 sys=0.00, real=0.00 secs] 
2481.484: [GC (Allocation Failure) [PSYoungGen: 71536K->1344K(71680K)] 436200K->366008K(801792K), 0.0019993 secs] [Times: user=0.01 sys=0.00, real=0.00 secs] 
2481.794: [GC (Allocation Failure) [PSYoungGen: 71488K->1408K(71680K)] 436152K->366072K(801792K), 0.0020028 secs] [Times: user=0.01 sys=0.00, real=0.00 secs] 
2482.312: [GC (Allocation Failure) [PSYoungGen: 71552K->1344K(71680K)] 436216K->366008K(801792K), 0.0021609 secs] [Times: user=0.01 sys=0.00, real=0.01 secs] 
2482.804: [GC (Allocation Failure) [PSYoungGen: 71488K->1453K(71680K)] 436152K->366117K(801792K), 0.0022207 secs] [Times: user=0.01 sys=0.00, real=0.00 secs] 
2482.987: [GC (Allocation Failure) [PSYoungGen: 71597K->1552K(72192K)] 436261K->366216K(802304K), 0.0023853 secs] [Times: user=0.01 sys=0.00, real=0.00 secs] 
2483.146: [GC (Allocation Failure) [PSYoungGen: 71696K->1517K(72192K)] 436360K->366181K(802304K), 0.0015718 secs] [Times: user=0.01 sys=0.00, real=0.00 secs] 
2483.270: [GC (Allocation Failure) [PSYoungGen: 71661K->1520K(72192K)] 436325K->366184K(802304K), 0.0015657 secs] [Times: user=0.01 sys=0.00, real=0.00 secs] 
2483.949: [GC (Allocation Failure) [PSYoungGen: 71664K->1472K(72192K)] 436328K->366136K(802304K), 0.0042000 secs] [Times: user=0.01 sys=0.00, real=0.00 secs] 
2484.721: [GC (Allocation Failure) [PSYoungGen: 71616K->1376K(72192K)] 436280K->366040K(802304K), 0.0032713 secs] [Times: user=0.01 sys=0.00, real=0.01 secs] 
2485.372: [GC (Allocation Failure) [PSYoungGen: 71520K->1408K(72192K)] 436184K->366072K(802304K), 0.0028325 secs] [Times: user=0.01 sys=0.00, real=0.01 secs] 
2485.853: [GC (Allocation Failure) [PSYoungGen: 71552K->1344K(72192K)] 436216K->366008K(802304K), 0.0020586 secs] [Times: user=0.00 sys=0.00, real=0.01 secs] 
2486.063: [GC (Allocation Failure) [PSYoungGen: 71488K->1453K(72192K)] 436152K->366117K(802304K), 0.0016534 secs] [Times: user=0.01 sys=0.00, real=0.01 secs] 
2486.188: [GC (Allocation Failure) [PSYoungGen: 71572K->1485K(72192K)] 436236K->366149K(802304K), 0.0016513 secs] [Times: user=0.01 sys=0.00, real=0.00 secs] 
2486.314: [GC (Allocation Failure) [PSYoungGen: 71629K->1469K(72192K)] 436293K->366133K(802304K), 0.0017954 secs] [Times: user=0.01 sys=0.00, real=0.00 secs] 
2486.458: [GC (Allocation Failure) [PSYoungGen: 71613K->1520K(72192K)] 436277K->366200K(802304K), 0.0020131 secs] [Times: user=0.01 sys=0.00, real=0.00 secs] 
2487.336: [GC (Allocation Failure) [PSYoungGen: 71664K->1376K(72192K)] 436344K->366056K(802304K), 0.0022800 secs] [Times: user=0.01 sys=0.00, real=0.00 secs] 
2488.030: [GC (Allocation Failure) [PSYoungGen: 71520K->1344K(72192K)] 436200K->366024K(802304K), 0.0023456 secs] [Times: user=0.01 sys=0.00, real=0.00 secs] 
2488.660: [GC (Allocation Failure) [PSYoungGen: 71488K->1376K(72192K)] 436168K->366056K(802304K), 0.0023070 secs] [Times: user=0.01 sys=0.00, real=0.00 secs] 
2488.967: [GC (Allocation Failure) [PSYoungGen: 71520K->1408K(72192K)] 436200K->366104K(802304K), 0.0020737 secs] [Times: user=0.01 sys=0.00, real=0.00 secs] 
2489.136: [GC (Allocation Failure) [PSYoungGen: 71552K->1485K(72192K)] 436248K->366181K(802304K), 0.0016754 secs] [Times: user=0.01 sys=0.00, real=0.00 secs] 
2489.261: [GC (Allocation Failure) [PSYoungGen: 71629K->1485K(72192K)] 436325K->366181K(802304K), 0.0016730 secs] [Times: user=0.00 sys=0.00, real=0.00 secs] 
2489.384: [GC (Allocation Failure) [PSYoungGen: 71629K->1485K(72192K)] 436325K->366181K(802304K), 0.0016419 secs] [Times: user=0.01 sys=0.00, real=0.00 secs] 
2489.951: [GC (Allocation Failure) [PSYoungGen: 71629K->1424K(72192K)] 436325K->366120K(802304K), 0.0030372 secs] [Times: user=0.02 sys=0.00, real=0.01 secs] 
2491.020: [GC (Allocation Failure) [PSYoungGen: 71568K->1376K(72192K)] 436264K->366072K(802304K), 0.0031777 secs] [Times: user=0.02 sys=0.00, real=0.00 secs] 
2492.020: [GC (Allocation Failure) [PSYoungGen: 71520K->1360K(72192K)] 436216K->366056K(802304K), 0.0033165 secs] [Times: user=0.02 sys=0.00, real=0.00 secs] 
2492.920: [GC (Allocation Failure) [PSYoungGen: 71504K->1376K(72192K)] 436200K->366072K(802304K), 0.0031521 secs] [Times: user=0.02 sys=0.00, real=0.00 secs] 
2493.871: [GC (Allocation Failure) [PSYoungGen: 71520K->1453K(72192K)] 436216K->366149K(802304K), 0.0029860 secs] [Times: user=0.01 sys=0.00, real=0.01 secs] 
2494.057: [GC (Allocation Failure) [PSYoungGen: 71596K->1517K(72192K)] 436292K->366213K(802304K), 0.0015738 secs] [Times: user=0.01 sys=0.00, real=0.00 secs] 
2494.181: [GC (Allocation Failure) [PSYoungGen: 71661K->1549K(72192K)] 436357K->366245K(802304K), 0.0015468 secs] [Times: user=0.01 sys=0.00, real=0.00 secs] 
2494.307: [GC (Allocation Failure) [PSYoungGen: 71693K->1517K(72192K)] 436389K->366213K(802304K), 0.0016759 secs] [Times: user=0.00 sys=0.00, real=0.00 secs] 
2494.782: [GC (Allocation Failure) [PSYoungGen: 71661K->1376K(72192K)] 436357K->366072K(802304K), 0.0018591 secs] [Times: user=0.01 sys=0.00, real=0.00 secs] 
2495.451: [GC (Allocation Failure) [PSYoungGen: 71520K->1376K(72192K)] 436216K->366072K(802304K), 0.0040354 secs] [Times: user=0.01 sys=0.01, real=0.01 secs] 
2495.753: [GC (Allocation Failure) [PSYoungGen: 71520K->1376K(72192K)] 436216K->366072K(802304K), 0.0019824 secs] [Times: user=0.01 sys=0.00, real=0.01 secs] 
2496.082: [GC (Allocation Failure) [PSYoungGen: 71520K->1408K(72192K)] 436216K->366104K(802304K), 0.0018550 secs] [Times: user=0.00 sys=0.00, real=0.01 secs] 
2496.491: [GC (Allocation Failure) [PSYoungGen: 71552K->1453K(72192K)] 436248K->366149K(802304K), 0.0016563 secs] [Times: user=0.00 sys=0.00, real=0.00 secs] 
2496.616: [GC (Allocation Failure) [PSYoungGen: 71580K->1453K(72192K)] 436276K->366149K(802304K), 0.0015490 secs] [Times: user=0.01 sys=0.00, real=0.00 secs] 
2496.759: [GC (Allocation Failure) [PSYoungGen: 71597K->1488K(72192K)] 436293K->366184K(802304K), 0.0020405 secs] [Times: user=0.01 sys=0.00, real=0.00 secs] 
2496.887: [GC (Allocation Failure) [PSYoungGen: 71632K->1517K(72192K)] 436328K->366229K(802304K), 0.0015841 secs] [Times: user=0.00 sys=0.00, real=0.00 secs] 
2497.549: [GC (Allocation Failure) [PSYoungGen: 71661K->1376K(72192K)] 436373K->366088K(802304K), 0.0019288 secs] [Times: user=0.01 sys=0.00, real=0.00 secs] 
2498.181: [GC (Allocation Failure) [PSYoungGen: 71520K->1376K(72192K)] 436232K->366088K(802304K), 0.0031689 secs] [Times: user=0.01 sys=0.00, real=0.01 secs] 
2498.923: [GC (Allocation Failure) [PSYoungGen: 71520K->1424K(72192K)] 436232K->366152K(802304K), 0.0036350 secs] [Times: user=0.01 sys=0.00, real=0.01 secs] 
2499.462: [GC (Allocation Failure) [PSYoungGen: 71568K->1376K(72192K)] 436296K->366104K(802304K), 0.0027075 secs] [Times: user=0.01 sys=0.00, real=0.01 secs] 
2499.739: [GC (Allocation Failure) [PSYoungGen: 71493K->1517K(72192K)] 436221K->366245K(802304K), 0.0020518 secs] [Times: user=0.01 sys=0.00, real=0.00 secs] 
2499.869: [GC (Allocation Failure) [PSYoungGen: 71661K->1453K(72192K)] 436389K->366181K(802304K), 0.0016623 secs] [Times: user=0.01 sys=0.00, real=0.00 secs] 
2499.993: [GC (Allocation Failure) [PSYoungGen: 71597K->1549K(72192K)] 436325K->366277K(802304K), 0.0015538 secs] [Times: user=0.00 sys=0.00, real=0.01 secs] 
2500.172: [GC (Allocation Failure) [PSYoungGen: 71693K->1952K(72192K)] 436421K->366680K(802304K), 0.0019021 secs] [Times: user=0.01 sys=0.00, real=0.00 secs] 
2500.677: [GC (Allocation Failure) [PSYoungGen: 72096K->1376K(72192K)] 436824K->366104K(802304K), 0.0017991 secs] [Times: user=0.01 sys=0.00, real=0.00 secs] 
2500.969: [GC (Allocation Failure) [PSYoungGen: 71520K->1376K(72192K)] 436248K->366104K(802304K), 0.0016059 secs] [Times: user=0.00 sys=0.00, real=0.00 secs] 
2501.260: [GC (Allocation Failure) [PSYoungGen: 71520K->1408K(72192K)] 436248K->366136K(802304K), 0.0030411 secs] [Times: user=0.01 sys=0.00, real=0.00 secs] 
2501.566: [GC (Allocation Failure) [PSYoungGen: 71547K->1485K(72192K)] 436275K->366213K(802304K), 0.0020251 secs] [Times: user=0.01 sys=0.00, real=0.00 secs] 
2501.705: [GC (Allocation Failure) [PSYoungGen: 71629K->1581K(72192K)] 436357K->366309K(802304K), 0.0015616 secs] [Times: user=0.01 sys=0.00, real=0.00 secs] 
2501.830: [GC (Allocation Failure) [PSYoungGen: 71725K->1485K(72192K)] 436453K->366213K(802304K), 0.0016925 secs] [Times: user=0.01 sys=0.00, real=0.00 secs] 
2501.956: [GC (Allocation Failure) [PSYoungGen: 71629K->1549K(72192K)] 436357K->366277K(802304K), 0.0016485 secs] [Times: user=0.00 sys=0.00, real=0.00 secs] 
2502.499: [GC (Allocation Failure) [PSYoungGen: 71693K->1440K(72192K)] 436421K->366176K(802304K), 0.0024410 secs] [Times: user=0.01 sys=0.00, real=0.00 secs] 
2503.119: [GC (Allocation Failure) [PSYoungGen: 71584K->1408K(72192K)] 436320K->366144K(802304K), 0.0026471 secs] [Times: user=0.01 sys=0.00, real=0.00 secs] 
2503.740: [GC (Allocation Failure) [PSYoungGen: 71552K->1440K(72192K)] 436288K->366176K(802304K), 0.0030921 secs] [Times: user=0.02 sys=0.00, real=0.00 secs] 
2504.194: [GC (Allocation Failure) [PSYoungGen: 71584K->1376K(72192K)] 436320K->366112K(802304K), 0.0020030 secs] [Times: user=0.01 sys=0.00, real=0.00 secs] 
2504.459: [GC (Allocation Failure) [PSYoungGen: 71520K->1485K(72192K)] 436256K->366221K(802304K), 0.0017064 secs] [Times: user=0.01 sys=0.00, real=0.00 secs] 
2504.585: [GC (Allocation Failure) [PSYoungGen: 71608K->1581K(72192K)] 436344K->366317K(802304K), 0.0016967 secs] [Times: user=0.01 sys=0.00, real=0.00 secs] 
2504.729: [GC (Allocation Failure) [PSYoungGen: 71725K->1517K(72192K)] 436461K->366253K(802304K), 0.0019809 secs] [Times: user=0.00 sys=0.00, real=0.00 secs] 
2504.892: [GC (Allocation Failure) [PSYoungGen: 71661K->1533K(72192K)] 436397K->366285K(802304K), 0.0018311 secs] [Times: user=0.01 sys=0.00, real=0.01 secs] 
2505.369: [GC (Allocation Failure) [PSYoungGen: 71677K->1440K(72192K)] 436429K->366192K(802304K), 0.0027201 secs] [Times: user=0.01 sys=0.00, real=0.00 secs] 
2505.978: [GC (Allocation Failure) [PSYoungGen: 71584K->1376K(72192K)] 436336K->366128K(802304K), 0.0027683 secs] [Times: user=0.02 sys=0.00, real=0.00 secs] 
2506.508: [GC (Allocation Failure) [PSYoungGen: 71520K->1376K(72192K)] 436272K->366128K(802304K), 0.0027215 secs] [Times: user=0.01 sys=0.00, real=0.00 secs] 
2506.855: [GC (Allocation Failure) [PSYoungGen: 71520K->1344K(72192K)] 436272K->366096K(802304K), 0.0024997 secs] [Times: user=0.01 sys=0.00, real=0.00 secs] 
2507.066: [GC (Allocation Failure) [PSYoungGen: 71488K->1517K(72192K)] 436240K->366269K(802304K), 0.0016823 secs] [Times: user=0.01 sys=0.00, real=0.00 secs] 
2507.192: [GC (Allocation Failure) [PSYoungGen: 71661K->1549K(72192K)] 436413K->366301K(802304K), 0.0015880 secs] [Times: user=0.01 sys=0.00, real=0.00 secs] 
2507.335: [GC (Allocation Failure) [PSYoungGen: 71693K->1488K(72192K)] 436445K->366240K(802304K), 0.0020924 secs] [Times: user=0.01 sys=0.00, real=0.00 secs] 
2507.501: [GC (Allocation Failure) [PSYoungGen: 71632K->384K(78336K)] 436384K->365152K(808448K), 0.0016957 secs] [Times: user=0.01 sys=0.00, real=0.00 secs] 
2510.520: [GC (Allocation Failure) [PSYoungGen: 76672K->1408K(77312K)] 441440K->366176K(807424K), 0.0048016 secs] [Times: user=0.02 sys=0.00, real=0.01 secs] 
2511.286: [GC (Allocation Failure) [PSYoungGen: 77184K->1376K(76800K)] 441952K->366144K(806912K), 0.0022764 secs] [Times: user=0.01 sys=0.00, real=0.00 secs] 
2512.010: [GC (Allocation Failure) [PSYoungGen: 76640K->1408K(76288K)] 441408K->366176K(806400K), 0.0023756 secs] [Times: user=0.01 sys=0.00, real=0.00 secs] 
2512.896: [GC (Allocation Failure) [PSYoungGen: 76160K->1517K(75776K)] 440928K->366285K(805888K), 0.0027362 secs] [Times: user=0.01 sys=0.00, real=0.00 secs] 
2513.078: [GC (Allocation Failure) [PSYoungGen: 75757K->1485K(75264K)] 440525K->366253K(805376K), 0.0015683 secs] [Times: user=0.01 sys=0.00, real=0.00 secs] 
2513.208: [GC (Allocation Failure) [PSYoungGen: 75213K->1517K(74752K)] 439981K->366285K(804864K), 0.0016642 secs] [Times: user=0.01 sys=0.00, real=0.00 secs] 
2513.338: [GC (Allocation Failure) [PSYoungGen: 74733K->1485K(74240K)] 439501K->366253K(804352K), 0.0018021 secs] [Times: user=0.01 sys=0.00, real=0.00 secs] 
2514.049: [GC (Allocation Failure) [PSYoungGen: 74189K->1408K(73728K)] 438957K->366176K(803840K), 0.0022467 secs] [Times: user=0.01 sys=0.00, real=0.00 secs] 
2514.405: [GC (Allocation Failure) [PSYoungGen: 73600K->1408K(73216K)] 438368K->366176K(803328K), 0.0021218 secs] [Times: user=0.01 sys=0.00, real=0.00 secs] 
2514.777: [GC (Allocation Failure) [PSYoungGen: 73088K->1408K(72704K)] 437856K->366176K(802816K), 0.0021494 secs] [Times: user=0.00 sys=0.00, real=0.00 secs] 
2515.084: [GC (Allocation Failure) [PSYoungGen: 72576K->1408K(72192K)] 437344K->366176K(802304K), 0.0021288 secs] [Times: user=0.01 sys=0.00, real=0.00 secs] 
2515.265: [GC (Allocation Failure) [PSYoungGen: 72064K->1456K(71680K)] 436832K->366224K(801792K), 0.0016568 secs] [Times: user=0.01 sys=0.00, real=0.00 secs] 
2515.389: [GC (Allocation Failure) [PSYoungGen: 71600K->1517K(72192K)] 436368K->366285K(802304K), 0.0015407 secs] [Times: user=0.00 sys=0.00, real=0.00 secs] 
2515.533: [GC (Allocation Failure) [PSYoungGen: 71661K->1453K(72192K)] 436429K->366221K(802304K), 0.0018993 secs] [Times: user=0.00 sys=0.00, real=0.01 secs] 
2515.930: [GC (Allocation Failure) [PSYoungGen: 71597K->1440K(72192K)] 436365K->366208K(802304K), 0.0025629 secs] [Times: user=0.01 sys=0.00, real=0.00 secs] 
2517.244: [GC (Allocation Failure) [PSYoungGen: 71584K->1392K(72192K)] 436352K->366160K(802304K), 0.0032913 secs] [Times: user=0.02 sys=0.00, real=0.00 secs] 
2518.151: [GC (Allocation Failure) [PSYoungGen: 71536K->1376K(72192K)] 436304K->366144K(802304K), 0.0029446 secs] [Times: user=0.01 sys=0.00, real=0.01 secs] 
2518.528: [GC (Allocation Failure) [PSYoungGen: 71520K->1376K(72192K)] 436288K->366144K(802304K), 0.0020780 secs] [Times: user=0.01 sys=0.00, real=0.00 secs] 
2518.817: [GC (Allocation Failure) [PSYoungGen: 71520K->1453K(72192K)] 436288K->366237K(802304K), 0.0019967 secs] [Times: user=0.01 sys=0.00, real=0.00 secs] 
2518.947: [GC (Allocation Failure) [PSYoungGen: 71597K->1485K(72192K)] 436381K->366269K(802304K), 0.0015383 secs] [Times: user=0.01 sys=0.00, real=0.00 secs] 
2519.090: [GC (Allocation Failure) [PSYoungGen: 71629K->1488K(72192K)] 436413K->366272K(802304K), 0.0019225 secs] [Times: user=0.00 sys=0.00, real=0.00 secs] 
2519.253: [GC (Allocation Failure) [PSYoungGen: 71632K->1485K(72192K)] 436416K->366269K(802304K), 0.0018126 secs] [Times: user=0.00 sys=0.00, real=0.01 secs] 
2519.712: [GC (Allocation Failure) [PSYoungGen: 71629K->1456K(72192K)] 436413K->366240K(802304K), 0.0035999 secs] [Times: user=0.02 sys=0.00, real=0.01 secs] 
2520.729: [GC (Allocation Failure) [PSYoungGen: 71600K->1376K(72192K)] 436384K->366160K(802304K), 0.0041539 secs] [Times: user=0.01 sys=0.00, real=0.00 secs] 
2521.582: [GC (Allocation Failure) [PSYoungGen: 71520K->1408K(72192K)] 436304K->366192K(802304K), 0.0028061 secs] [Times: user=0.01 sys=0.00, real=0.01 secs] 
2522.357: [GC (Allocation Failure) [PSYoungGen: 71552K->1376K(72192K)] 436336K->366160K(802304K), 0.0042055 secs] [Times: user=0.02 sys=0.00, real=0.00 secs] 
2522.799: [GC (Allocation Failure) [PSYoungGen: 71520K->1456K(72192K)] 436304K->366240K(802304K), 0.0023130 secs] [Times: user=0.01 sys=0.00, real=0.00 secs] 
2522.956: [GC (Allocation Failure) [PSYoungGen: 71590K->1485K(72192K)] 436375K->366269K(802304K), 0.0015545 secs] [Times: user=0.01 sys=0.00, real=0.00 secs] 
2523.085: [GC (Allocation Failure) [PSYoungGen: 71629K->1517K(72192K)] 436413K->366301K(802304K), 0.0016255 secs] [Times: user=0.00 sys=0.00, real=0.00 secs] 
2523.211: [GC (Allocation Failure) [PSYoungGen: 71661K->1485K(72192K)] 436445K->366277K(802304K), 0.0017106 secs] [Times: user=0.01 sys=0.00, real=0.00 secs] 
2524.285: [GC (Allocation Failure) [PSYoungGen: 71629K->1424K(72192K)] 436421K->366216K(802304K), 0.0034486 secs] [Times: user=0.01 sys=0.00, real=0.00 secs] 
2524.842: [GC (Allocation Failure) [PSYoungGen: 71568K->1408K(72192K)] 436360K->366200K(802304K), 0.0026444 secs] [Times: user=0.01 sys=0.00, real=0.01 secs] 
2525.603: [GC (Allocation Failure) [PSYoungGen: 71552K->1376K(72192K)] 436344K->366168K(802304K), 0.0025065 secs] [Times: user=0.01 sys=0.00, real=0.01 secs] 
2526.220: [GC (Allocation Failure) [PSYoungGen: 71520K->1376K(72192K)] 436312K->366168K(802304K), 0.0023860 secs] [Times: user=0.01 sys=0.00, real=0.00 secs] 
2526.513: [GC (Allocation Failure) [PSYoungGen: 71520K->1485K(72192K)] 436312K->366277K(802304K), 0.0019598 secs] [Times: user=0.01 sys=0.00, real=0.01 secs] 
2526.679: [GC (Allocation Failure) [PSYoungGen: 71629K->1520K(72192K)] 436421K->366312K(802304K), 0.0021245 secs] [Times: user=0.01 sys=0.00, real=0.00 secs] 
2526.843: [GC (Allocation Failure) [PSYoungGen: 71664K->1549K(72192K)] 436456K->366341K(802304K), 0.0015621 secs] [Times: user=0.00 sys=0.00, real=0.01 secs] 
2526.978: [GC (Allocation Failure) [PSYoungGen: 71693K->1408K(72192K)] 436485K->366200K(802304K), 0.0015946 secs] [Times: user=0.01 sys=0.00, real=0.00 secs] 
2528.243: [GC (Allocation Failure) [PSYoungGen: 71552K->1376K(72192K)] 436344K->366168K(802304K), 0.0041390 secs] [Times: user=0.01 sys=0.00, real=0.01 secs] 
2529.469: [GC (Allocation Failure) [PSYoungGen: 71520K->1376K(72192K)] 436312K->366168K(802304K), 0.0046639 secs] [Times: user=0.01 sys=0.00, real=0.01 secs] 
2530.200: [GC (Allocation Failure) [PSYoungGen: 71520K->1408K(72192K)] 436312K->366208K(802304K), 0.0028380 secs] [Times: user=0.01 sys=0.00, real=0.00 secs] 
2530.933: [GC (Allocation Failure) [PSYoungGen: 70971K->224K(72192K)] 435771K->365032K(802304K), 0.0025807 secs] [Times: user=0.01 sys=0.00, real=0.01 secs] 
2531.105: [GC (Allocation Failure) [PSYoungGen: 70368K->1485K(72192K)] 435176K->366293K(802304K), 0.0017028 secs] [Times: user=0.01 sys=0.00, real=0.00 secs] 
2531.230: [GC (Allocation Failure) [PSYoungGen: 71629K->1517K(72192K)] 436437K->366325K(802304K), 0.0015281 secs] [Times: user=0.00 sys=0.00, real=0.00 secs] 
2531.356: [GC (Allocation Failure) [PSYoungGen: 71661K->1517K(72192K)] 436469K->366325K(802304K), 0.0015495 secs] [Times: user=0.01 sys=0.00, real=0.00 secs] 
2531.678: [GC (Allocation Failure) [PSYoungGen: 71661K->1424K(72192K)] 436469K->366240K(802304K), 0.0021309 secs] [Times: user=0.00 sys=0.00, real=0.00 secs] 
2532.296: [GC (Allocation Failure) [PSYoungGen: 71568K->1376K(72192K)] 436384K->366200K(802304K), 0.0024771 secs] [Times: user=0.01 sys=0.00, real=0.00 secs] 
2532.890: [GC (Allocation Failure) [PSYoungGen: 71520K->1376K(72192K)] 436344K->366200K(802304K), 0.0023473 secs] [Times: user=0.01 sys=0.00, real=0.00 secs] 
2533.482: [GC (Allocation Failure) [PSYoungGen: 71520K->1408K(72192K)] 436344K->366232K(802304K), 0.0040511 secs] [Times: user=0.02 sys=0.01, real=0.01 secs] 
2533.991: [GC (Allocation Failure) [PSYoungGen: 71552K->1456K(72192K)] 436376K->366280K(802304K), 0.0025231 secs] [Times: user=0.02 sys=0.00, real=0.01 secs] 
2534.158: [GC (Allocation Failure) [PSYoungGen: 71569K->1520K(72192K)] 436393K->366344K(802304K), 0.0015674 secs] [Times: user=0.00 sys=0.00, real=0.00 secs] 
2534.283: [GC (Allocation Failure) [PSYoungGen: 71664K->1549K(72192K)] 436488K->366373K(802304K), 0.0016871 secs] [Times: user=0.01 sys=0.00, real=0.01 secs] 
2534.407: [GC (Allocation Failure) [PSYoungGen: 71693K->1485K(72192K)] 436517K->366325K(802304K), 0.0014980 secs] [Times: user=0.01 sys=0.00, real=0.00 secs] 
2535.056: [GC (Allocation Failure) [PSYoungGen: 71629K->1408K(72192K)] 436469K->366248K(802304K), 0.0018384 secs] [Times: user=0.00 sys=0.00, real=0.00 secs] 
2536.136: [GC (Allocation Failure) [PSYoungGen: 71552K->1344K(72192K)] 436392K->366184K(802304K), 0.0043047 secs] [Times: user=0.02 sys=0.00, real=0.00 secs] 
2537.055: [GC (Allocation Failure) [PSYoungGen: 71488K->1408K(72192K)] 436328K->366256K(802304K), 0.0034777 secs] [Times: user=0.01 sys=0.01, real=0.00 secs] 
2537.584: [GC (Allocation Failure) [PSYoungGen: 71552K->1344K(72192K)] 436400K->366192K(802304K), 0.0026093 secs] [Times: user=0.01 sys=0.00, real=0.00 secs] 
2538.011: [GC (Allocation Failure) [PSYoungGen: 71488K->1488K(72192K)] 436336K->366336K(802304K), 0.0020891 secs] [Times: user=0.01 sys=0.00, real=0.00 secs] 
2538.147: [GC (Allocation Failure) [PSYoungGen: 71632K->1485K(72192K)] 436480K->366333K(802304K), 0.0014945 secs] [Times: user=0.01 sys=0.00, real=0.00 secs] 
2538.272: [GC (Allocation Failure) [PSYoungGen: 71629K->1488K(72192K)] 436477K->366336K(802304K), 0.0015542 secs] [Times: user=0.00 sys=0.00, real=0.00 secs] 
2538.397: [GC (Allocation Failure) [PSYoungGen: 71632K->1485K(72192K)] 436480K->366349K(802304K), 0.0016237 secs] [Times: user=0.01 sys=0.00, real=0.00 secs] 
2538.777: [GC (Allocation Failure) [PSYoungGen: 71629K->1408K(72192K)] 436493K->366272K(802304K), 0.0022538 secs] [Times: user=0.01 sys=0.00, real=0.00 secs] 
2539.069: [GC (Allocation Failure) [PSYoungGen: 71552K->1376K(72192K)] 436416K->366256K(802304K), 0.0021704 secs] [Times: user=0.00 sys=0.00, real=0.00 secs] 
2539.394: [GC (Allocation Failure) [PSYoungGen: 71520K->1376K(72192K)] 436400K->366256K(802304K), 0.0021760 secs] [Times: user=0.01 sys=0.00, real=0.00 secs] 
2539.707: [GC (Allocation Failure) [PSYoungGen: 71520K->1376K(72192K)] 436400K->366256K(802304K), 0.0022133 secs] [Times: user=0.01 sys=0.00, real=0.00 secs] 
2540.405: [GC (Allocation Failure) [PSYoungGen: 71520K->1488K(72192K)] 436400K->366368K(802304K), 0.0024419 secs] [Times: user=0.01 sys=0.00, real=0.00 secs] 
2540.600: [GC (Allocation Failure) [PSYoungGen: 71632K->1520K(72192K)] 436512K->366400K(802304K), 0.0020463 secs] [Times: user=0.01 sys=0.00, real=0.00 secs] 
2540.771: [GC (Allocation Failure) [PSYoungGen: 71664K->1488K(72192K)] 436544K->366368K(802304K), 0.0021108 secs] [Times: user=0.01 sys=0.00, real=0.00 secs] 
2540.957: [GC (Allocation Failure) [PSYoungGen: 71632K->1440K(72192K)] 436512K->366328K(802304K), 0.0019928 secs] [Times: user=0.01 sys=0.00, real=0.00 secs] 
2541.292: [GC (Allocation Failure) [PSYoungGen: 71584K->1376K(72192K)] 436472K->366264K(802304K), 0.0021050 secs] [Times: user=0.01 sys=0.00, real=0.01 secs] 
2541.588: [GC (Allocation Failure) [PSYoungGen: 71520K->1408K(72192K)] 436408K->366296K(802304K), 0.0021184 secs] [Times: user=0.00 sys=0.00, real=0.00 secs] 
2541.883: [GC (Allocation Failure) [PSYoungGen: 71552K->1408K(72192K)] 436440K->366296K(802304K), 0.0020519 secs] [Times: user=0.01 sys=0.00, real=0.01 secs] 
2542.207: [GC (Allocation Failure) [PSYoungGen: 71552K->1437K(72192K)] 436440K->366325K(802304K), 0.0020626 secs] [Times: user=0.01 sys=0.00, real=0.00 secs] 
2542.339: [GC (Allocation Failure) [PSYoungGen: 71581K->1453K(72192K)] 436469K->366341K(802304K), 0.0016668 secs] [Times: user=0.00 sys=0.00, real=0.00 secs] 
2542.464: [GC (Allocation Failure) [PSYoungGen: 71597K->1440K(72192K)] 436485K->366328K(802304K), 0.0016833 secs] [Times: user=0.01 sys=0.00, real=0.00 secs] 
2542.588: [GC (Allocation Failure) [PSYoungGen: 71584K->1517K(72192K)] 436472K->366405K(802304K), 0.0016240 secs] [Times: user=0.01 sys=0.00, real=0.00 secs] 
2542.860: [GC (Allocation Failure) [PSYoungGen: 71661K->1472K(72192K)] 436549K->366368K(802304K), 0.0020703 secs] [Times: user=0.01 sys=0.00, real=0.00 secs] 
2543.152: [GC (Allocation Failure) [PSYoungGen: 71616K->1344K(72192K)] 436512K->366240K(802304K), 0.0019132 secs] [Times: user=0.01 sys=0.00, real=0.00 secs] 
2543.487: [GC (Allocation Failure) [PSYoungGen: 71488K->1392K(72192K)] 436384K->366288K(802304K), 0.0021340 secs] [Times: user=0.00 sys=0.00, real=0.00 secs] 
2543.779: [GC (Allocation Failure) [PSYoungGen: 71536K->1344K(72192K)] 436432K->366240K(802304K), 0.0021691 secs] [Times: user=0.01 sys=0.00, real=0.00 secs] 
2544.083: [GC (Allocation Failure) [PSYoungGen: 71488K->1485K(72192K)] 436384K->366381K(802304K), 0.0014998 secs] [Times: user=0.01 sys=0.00, real=0.01 secs] 
2544.208: [GC (Allocation Failure) [PSYoungGen: 71629K->1517K(72192K)] 436525K->366413K(802304K), 0.0015432 secs] [Times: user=0.00 sys=0.00, real=0.00 secs] 
2544.332: [GC (Allocation Failure) [PSYoungGen: 71661K->1456K(72192K)] 436557K->366352K(802304K), 0.0016804 secs] [Times: user=0.01 sys=0.00, real=0.00 secs] 
2544.456: [GC (Allocation Failure) [PSYoungGen: 71600K->1485K(72192K)] 436496K->366397K(802304K), 0.0016995 secs] [Times: user=0.00 sys=0.00, real=0.00 secs] 
2544.820: [GC (Allocation Failure) [PSYoungGen: 71629K->1408K(72192K)] 436541K->366320K(802304K), 0.0018406 secs] [Times: user=0.01 sys=0.00, real=0.00 secs] 
2545.264: [GC (Allocation Failure) [PSYoungGen: 71552K->1408K(72192K)] 436464K->366320K(802304K), 0.0020069 secs] [Times: user=0.01 sys=0.00, real=0.00 secs] 
2545.750: [GC (Allocation Failure) [PSYoungGen: 71552K->1376K(72192K)] 436464K->366288K(802304K), 0.0018404 secs] [Times: user=0.01 sys=0.00, real=0.00 secs] 
2546.226: [GC (Allocation Failure) [PSYoungGen: 71520K->1408K(72192K)] 436432K->366328K(802304K), 0.0018621 secs] [Times: user=0.01 sys=0.00, real=0.00 secs] 
2546.483: [GC (Allocation Failure) [PSYoungGen: 71552K->1485K(72192K)] 436472K->366405K(802304K), 0.0016110 secs] [Times: user=0.00 sys=0.00, real=0.01 secs] 
2546.626: [GC (Allocation Failure) [PSYoungGen: 71629K->1488K(72192K)] 436549K->366424K(802304K), 0.0019836 secs] [Times: user=0.00 sys=0.00, real=0.00 secs] 
2546.800: [GC (Allocation Failure) [PSYoungGen: 71632K->1488K(72192K)] 436568K->366424K(802304K), 0.0024182 secs] [Times: user=0.01 sys=0.00, real=0.00 secs] 
2547.040: [GC (Allocation Failure) [PSYoungGen: 71632K->1712K(72192K)] 436568K->366648K(802304K), 0.0019208 secs] [Times: user=0.01 sys=0.00, real=0.00 secs] 
2547.374: [GC (Allocation Failure) [PSYoungGen: 71856K->1376K(72192K)] 436792K->366312K(802304K), 0.0021735 secs] [Times: user=0.01 sys=0.00, real=0.00 secs] 
2547.666: [GC (Allocation Failure) [PSYoungGen: 71520K->1344K(72192K)] 436456K->366280K(802304K), 0.0020281 secs] [Times: user=0.01 sys=0.00, real=0.00 secs] 
2548.130: [GC (Allocation Failure) [PSYoungGen: 71488K->1392K(72192K)] 436424K->366328K(802304K), 0.0019888 secs] [Times: user=0.01 sys=0.00, real=0.00 secs] 
2548.650: [GC (Allocation Failure) [PSYoungGen: 71536K->1405K(72192K)] 436472K->366341K(802304K), 0.0028045 secs] [Times: user=0.01 sys=0.00, real=0.00 secs] 
2548.826: [GC (Allocation Failure) [PSYoungGen: 71549K->1485K(72192K)] 436485K->366421K(802304K), 0.0015678 secs] [Times: user=0.00 sys=0.00, real=0.00 secs] 
2548.952: [GC (Allocation Failure) [PSYoungGen: 71629K->1453K(72192K)] 436565K->366389K(802304K), 0.0015966 secs] [Times: user=0.01 sys=0.00, real=0.01 secs] 
2549.077: [GC (Allocation Failure) [PSYoungGen: 71597K->1453K(72192K)] 436533K->366389K(802304K), 0.0017136 secs] [Times: user=0.00 sys=0.00, real=0.00 secs] 
2549.376: [GC (Allocation Failure) [PSYoungGen: 71597K->1440K(72192K)] 436533K->366376K(802304K), 0.0019378 secs] [Times: user=0.01 sys=0.00, real=0.00 secs] 
2550.024: [GC (Allocation Failure) [PSYoungGen: 71584K->1376K(72192K)] 436520K->366312K(802304K), 0.0019773 secs] [Times: user=0.01 sys=0.00, real=0.00 secs] 
2550.343: [GC (Allocation Failure) [PSYoungGen: 71520K->1408K(72192K)] 436456K->366344K(802304K), 0.0020493 secs] [Times: user=0.01 sys=0.00, real=0.01 secs] 
2550.657: [GC (Allocation Failure) [PSYoungGen: 71552K->1376K(72192K)] 436488K->366312K(802304K), 0.0019810 secs] [Times: user=0.01 sys=0.00, real=0.00 secs] 
2550.953: [GC (Allocation Failure) [PSYoungGen: 71496K->1485K(72192K)] 436432K->366421K(802304K), 0.0018472 secs] [Times: user=0.00 sys=0.00, real=0.01 secs] 
2551.078: [GC (Allocation Failure) [PSYoungGen: 71629K->1517K(72192K)] 436565K->366453K(802304K), 0.0016744 secs] [Times: user=0.00 sys=0.00, real=0.00 secs] 
2551.203: [GC (Allocation Failure) [PSYoungGen: 71661K->1485K(72192K)] 436597K->366421K(802304K), 0.0016912 secs] [Times: user=0.01 sys=0.00, real=0.01 secs] 
2551.327: [GC (Allocation Failure) [PSYoungGen: 71629K->1485K(72192K)] 436565K->366437K(802304K), 0.0017006 secs] [Times: user=0.01 sys=0.00, real=0.00 secs] 
2551.618: [GC (Allocation Failure) [PSYoungGen: 71629K->1440K(71680K)] 436581K->366392K(801792K), 0.0017210 secs] [Times: user=0.00 sys=0.00, real=0.00 secs] 
2552.012: [GC (Allocation Failure) [PSYoungGen: 71584K->1408K(71680K)] 436536K->366360K(801792K), 0.0019311 secs] [Times: user=0.01 sys=0.00, real=0.01 secs] 
2552.582: [GC (Allocation Failure) [PSYoungGen: 71552K->1344K(71680K)] 436504K->366304K(801792K), 0.0017800 secs] [Times: user=0.01 sys=0.00, real=0.00 secs] 
2553.280: [GC (Allocation Failure) [PSYoungGen: 71488K->1376K(71680K)] 436448K->366336K(801792K), 0.0021509 secs] [Times: user=0.01 sys=0.01, real=0.00 secs] 
2553.634: [GC (Allocation Failure) [PSYoungGen: 71520K->1453K(71680K)] 436480K->366413K(801792K), 0.0016150 secs] [Times: user=0.01 sys=0.00, real=0.00 secs] 
2553.761: [GC (Allocation Failure) [PSYoungGen: 71593K->1453K(71680K)] 436553K->366413K(801792K), 0.0018073 secs] [Times: user=0.00 sys=0.00, real=0.00 secs] 
2553.885: [GC (Allocation Failure) [PSYoungGen: 71597K->1517K(71680K)] 436557K->366477K(801792K), 0.0017138 secs] [Times: user=0.00 sys=0.00, real=0.00 secs] 
2554.010: [GC (Allocation Failure) [PSYoungGen: 71661K->1517K(71680K)] 436621K->366493K(801792K), 0.0016211 secs] [Times: user=0.00 sys=0.00, real=0.00 secs] 
2555.084: [GC (Allocation Failure) [PSYoungGen: 71661K->1424K(71680K)] 436637K->366400K(801792K), 0.0025309 secs] [Times: user=0.01 sys=0.00, real=0.00 secs] 
2555.726: [GC (Allocation Failure) [PSYoungGen: 71568K->1408K(71680K)] 436544K->366384K(801792K), 0.0023142 secs] [Times: user=0.01 sys=0.00, real=0.00 secs] 
2556.091: [GC (Allocation Failure) [PSYoungGen: 71552K->1376K(71680K)] 436528K->366352K(801792K), 0.0021682 secs] [Times: user=0.01 sys=0.01, real=0.01 secs] 
2556.384: [GC (Allocation Failure) [PSYoungGen: 71520K->1376K(71680K)] 436496K->366352K(801792K), 0.0021526 secs] [Times: user=0.01 sys=0.01, real=0.01 secs] 
2556.576: [GC (Allocation Failure) [PSYoungGen: 71520K->1517K(72192K)] 436496K->366493K(802304K), 0.0016754 secs] [Times: user=0.00 sys=0.00, real=0.00 secs] 
2556.701: [GC (Allocation Failure) [PSYoungGen: 71661K->1485K(72192K)] 436637K->366461K(802304K), 0.0016893 secs] [Times: user=0.00 sys=0.00, real=0.00 secs] 
2556.825: [GC (Allocation Failure) [PSYoungGen: 71629K->1517K(72192K)] 436605K->366493K(802304K), 0.0016692 secs] [Times: user=0.00 sys=0.00, real=0.00 secs] 
2557.171: [GC (Allocation Failure) [PSYoungGen: 71661K->1440K(72192K)] 436637K->366416K(802304K), 0.0019520 secs] [Times: user=0.01 sys=0.00, real=0.00 secs] 
2558.131: [GC (Allocation Failure) [PSYoungGen: 71584K->1392K(72192K)] 436560K->366368K(802304K), 0.0022647 secs] [Times: user=0.01 sys=0.00, real=0.00 secs] 
2558.762: [GC (Allocation Failure) [PSYoungGen: 71536K->1344K(72192K)] 436512K->366344K(802304K), 0.0022314 secs] [Times: user=0.01 sys=0.00, real=0.01 secs] 
2559.573: [GC (Allocation Failure) [PSYoungGen: 71488K->1344K(72192K)] 436488K->366344K(802304K), 0.0025774 secs] [Times: user=0.01 sys=0.00, real=0.01 secs] 
2560.078: [GC (Allocation Failure) [PSYoungGen: 71488K->1485K(72192K)] 436488K->366485K(802304K), 0.0022951 secs] [Times: user=0.01 sys=0.00, real=0.00 secs] 
2560.233: [GC (Allocation Failure) [PSYoungGen: 71629K->1517K(72192K)] 436629K->366517K(802304K), 0.0016026 secs] [Times: user=0.01 sys=0.00, real=0.01 secs] 
2560.357: [GC (Allocation Failure) [PSYoungGen: 71661K->1517K(72192K)] 436661K->366517K(802304K), 0.0016509 secs] [Times: user=0.01 sys=0.00, real=0.00 secs] 
2560.481: [GC (Allocation Failure) [PSYoungGen: 71661K->1485K(72192K)] 436661K->366485K(802304K), 0.0016236 secs] [Times: user=0.01 sys=0.00, real=0.00 secs] 
2560.978: [GC (Allocation Failure) [PSYoungGen: 71629K->1440K(72192K)] 436629K->366440K(802304K), 0.0018791 secs] [Times: user=0.01 sys=0.00, real=0.00 secs] 
2561.795: [GC (Allocation Failure) [PSYoungGen: 71584K->1376K(72192K)] 436584K->366376K(802304K), 0.0020204 secs] [Times: user=0.01 sys=0.00, real=0.00 secs] 
2562.584: [GC (Allocation Failure) [PSYoungGen: 71520K->1360K(72192K)] 436520K->366368K(802304K), 0.0021058 secs] [Times: user=0.01 sys=0.00, real=0.00 secs] 
2563.505: [GC (Allocation Failure) [PSYoungGen: 71504K->1392K(72192K)] 436512K->366400K(802304K), 0.0020947 secs] [Times: user=0.01 sys=0.00, real=0.00 secs] 
2564.037: [GC (Allocation Failure) [PSYoungGen: 71536K->1488K(72192K)] 436544K->366496K(802304K), 0.0019728 secs] [Times: user=0.01 sys=0.00, real=0.00 secs] 
2564.178: [GC (Allocation Failure) [PSYoungGen: 71630K->1485K(72192K)] 436638K->366493K(802304K), 0.0015561 secs] [Times: user=0.00 sys=0.00, real=0.00 secs] 
2564.305: [GC (Allocation Failure) [PSYoungGen: 71629K->1517K(72192K)] 436637K->366525K(802304K), 0.0016142 secs] [Times: user=0.01 sys=0.00, real=0.00 secs] 
2564.430: [GC (Allocation Failure) [PSYoungGen: 71661K->1549K(72192K)] 436669K->366573K(802304K), 0.0016184 secs] [Times: user=0.01 sys=0.00, real=0.00 secs] 
2565.283: [GC (Allocation Failure) [PSYoungGen: 71693K->1440K(72192K)] 436717K->366464K(802304K), 0.0020223 secs] [Times: user=0.01 sys=0.00, real=0.01 secs] 
2566.216: [GC (Allocation Failure) [PSYoungGen: 71584K->1376K(72192K)] 436608K->366400K(802304K), 0.0020702 secs] [Times: user=0.01 sys=0.00, real=0.00 secs] 
2567.167: [GC (Allocation Failure) [PSYoungGen: 71520K->1376K(72192K)] 436544K->366400K(802304K), 0.0028195 secs] [Times: user=0.02 sys=0.00, real=0.00 secs] 
2568.179: [GC (Allocation Failure) [PSYoungGen: 71520K->1376K(72192K)] 436544K->366400K(802304K), 0.0027639 secs] [Times: user=0.01 sys=0.00, real=0.00 secs] 
2568.617: [GC (Allocation Failure) [PSYoungGen: 71520K->1485K(72192K)] 436544K->366509K(802304K), 0.0018466 secs] [Times: user=0.01 sys=0.00, real=0.00 secs] 
2568.746: [GC (Allocation Failure) [PSYoungGen: 71629K->1552K(72192K)] 436653K->366576K(802304K), 0.0015859 secs] [Times: user=0.01 sys=0.00, real=0.00 secs] 
2568.869: [GC (Allocation Failure) [PSYoungGen: 71696K->1488K(72192K)] 436720K->366512K(802304K), 0.0015124 secs] [Times: user=0.01 sys=0.00, real=0.00 secs] 
2569.047: [GC (Allocation Failure) [PSYoungGen: 71632K->1520K(72192K)] 436656K->366544K(802304K), 0.0018094 secs] [Times: user=0.01 sys=0.00, real=0.00 secs] 
2569.728: [GC (Allocation Failure) [PSYoungGen: 71664K->1376K(72192K)] 436688K->366400K(802304K), 0.0032801 secs] [Times: user=0.02 sys=0.00, real=0.00 secs] 
2570.701: [GC (Allocation Failure) [PSYoungGen: 71520K->1376K(72192K)] 436544K->366416K(802304K), 0.0044881 secs] [Times: user=0.02 sys=0.00, real=0.01 secs] 
2571.792: [GC (Allocation Failure) [PSYoungGen: 71520K->1344K(72192K)] 436560K->366384K(802304K), 0.0044859 secs] [Times: user=0.02 sys=0.00, real=0.01 secs] 
2572.538: [GC (Allocation Failure) [PSYoungGen: 71488K->1424K(72192K)] 436528K->366464K(802304K), 0.0025886 secs] [Times: user=0.01 sys=0.00, real=0.00 secs] 
2572.720: [GC (Allocation Failure) [PSYoungGen: 71568K->1485K(72192K)] 436608K->366525K(802304K), 0.0015528 secs] [Times: user=0.01 sys=0.00, real=0.00 secs] 
2572.845: [GC (Allocation Failure) [PSYoungGen: 71629K->1485K(72192K)] 436669K->366525K(802304K), 0.0015360 secs] [Times: user=0.01 sys=0.00, real=0.00 secs] 
2572.969: [GC (Allocation Failure) [PSYoungGen: 71629K->1485K(72192K)] 436669K->366525K(802304K), 0.0015466 secs] [Times: user=0.01 sys=0.00, real=0.00 secs] 
2573.449: [GC (Allocation Failure) [PSYoungGen: 71629K->1440K(72192K)] 436669K->366480K(802304K), 0.0021226 secs] [Times: user=0.01 sys=0.00, real=0.00 secs] 
2574.518: [GC (Allocation Failure) [PSYoungGen: 71584K->1376K(72192K)] 436624K->366416K(802304K), 0.0031691 secs] [Times: user=0.02 sys=0.00, real=0.00 secs] 
2575.497: [GC (Allocation Failure) [PSYoungGen: 71520K->1344K(72192K)] 436560K->366384K(802304K), 0.0033097 secs] [Times: user=0.02 sys=0.00, real=0.00 secs] 
2576.431: [GC (Allocation Failure) [PSYoungGen: 71488K->1408K(72192K)] 436528K->366448K(802304K), 0.0039596 secs] [Times: user=0.01 sys=0.00, real=0.01 secs] 
2577.159: [GC (Allocation Failure) [PSYoungGen: 71552K->1453K(72192K)] 436592K->366493K(802304K), 0.0026045 secs] [Times: user=0.01 sys=0.00, real=0.00 secs] 
2577.331: [GC (Allocation Failure) [PSYoungGen: 71581K->1517K(72192K)] 436621K->366557K(802304K), 0.0017851 secs] [Times: user=0.01 sys=0.00, real=0.00 secs] 
2577.455: [GC (Allocation Failure) [PSYoungGen: 71661K->1517K(72192K)] 436701K->366557K(802304K), 0.0015624 secs] [Times: user=0.00 sys=0.00, real=0.00 secs] 
2577.600: [GC (Allocation Failure) [PSYoungGen: 71661K->1456K(72192K)] 436701K->366512K(802304K), 0.0017229 secs] [Times: user=0.00 sys=0.00, real=0.00 secs] 
2578.294: [GC (Allocation Failure) [PSYoungGen: 71600K->1440K(72192K)] 436656K->366496K(802304K), 0.0021446 secs] [Times: user=0.01 sys=0.00, real=0.00 secs] 
2579.017: [GC (Allocation Failure) [PSYoungGen: 71584K->1408K(72192K)] 436640K->366464K(802304K), 0.0022825 secs] [Times: user=0.01 sys=0.00, real=0.00 secs] 
2579.730: [GC (Allocation Failure) [PSYoungGen: 71552K->1376K(72192K)] 436608K->366432K(802304K), 0.0025653 secs] [Times: user=0.01 sys=0.00, real=0.00 secs] 
2580.222: [GC (Allocation Failure) [PSYoungGen: 71520K->1344K(72192K)] 436576K->366416K(802304K), 0.0024829 secs] [Times: user=0.01 sys=0.00, real=0.01 secs] 
2580.629: [GC (Allocation Failure) [PSYoungGen: 71488K->1453K(72192K)] 436560K->366525K(802304K), 0.0017878 secs] [Times: user=0.01 sys=0.00, real=0.00 secs] 
2580.761: [GC (Allocation Failure) [PSYoungGen: 71597K->1485K(72192K)] 436669K->366557K(802304K), 0.0016865 secs] [Times: user=0.01 sys=0.00, real=0.00 secs] 
2580.887: [GC (Allocation Failure) [PSYoungGen: 71629K->1549K(72192K)] 436701K->366621K(802304K), 0.0015593 secs] [Times: user=0.00 sys=0.00, real=0.00 secs] 
2581.012: [GC (Allocation Failure) [PSYoungGen: 71693K->1517K(72192K)] 436765K->366605K(802304K), 0.0015655 secs] [Times: user=0.01 sys=0.00, real=0.01 secs] 
2581.591: [GC (Allocation Failure) [PSYoungGen: 71661K->1408K(72192K)] 436749K->366496K(802304K), 0.0020457 secs] [Times: user=0.01 sys=0.00, real=0.00 secs] 
2581.896: [GC (Allocation Failure) [PSYoungGen: 71552K->1424K(72192K)] 436640K->366512K(802304K), 0.0031555 secs] [Times: user=0.01 sys=0.00, real=0.00 secs] 
2582.197: [GC (Allocation Failure) [PSYoungGen: 71568K->1344K(72192K)] 436656K->366432K(802304K), 0.0025679 secs] [Times: user=0.01 sys=0.00, real=0.00 secs] 
2582.525: [GC (Allocation Failure) [PSYoungGen: 71488K->1376K(72192K)] 436576K->366464K(802304K), 0.0019581 secs] [Times: user=0.01 sys=0.00, real=0.00 secs] 
2582.728: [GC (Allocation Failure) [PSYoungGen: 71520K->1517K(72192K)] 436608K->366605K(802304K), 0.0015778 secs] [Times: user=0.01 sys=0.00, real=0.00 secs] 
2582.852: [GC (Allocation Failure) [PSYoungGen: 71661K->1485K(72192K)] 436749K->366573K(802304K), 0.0016746 secs] [Times: user=0.01 sys=0.00, real=0.01 secs] 
2582.976: [GC (Allocation Failure) [PSYoungGen: 71629K->1453K(72192K)] 436717K->366541K(802304K), 0.0017983 secs] [Times: user=0.01 sys=0.00, real=0.00 secs] 
2583.199: [GC (Allocation Failure) [PSYoungGen: 71597K->1440K(72192K)] 436685K->366528K(802304K), 0.0020420 secs] [Times: user=0.01 sys=0.00, real=0.00 secs] 
2583.853: [GC (Allocation Failure) [PSYoungGen: 71584K->1376K(72192K)] 436672K->366464K(802304K), 0.0025537 secs] [Times: user=0.01 sys=0.00, real=0.01 secs] 
2584.457: [GC (Allocation Failure) [PSYoungGen: 71520K->1376K(72192K)] 436608K->366464K(802304K), 0.0080160 secs] [Times: user=0.02 sys=0.00, real=0.01 secs] 
2585.128: [GC (Allocation Failure) [PSYoungGen: 71520K->1376K(72192K)] 436608K->366464K(802304K), 0.0039785 secs] [Times: user=0.02 sys=0.00, real=0.00 secs] 
2585.861: [GC (Allocation Failure) [PSYoungGen: 71520K->1453K(72192K)] 436608K->366541K(802304K), 0.0027203 secs] [Times: user=0.01 sys=0.00, real=0.01 secs] 
2586.087: [GC (Allocation Failure) [PSYoungGen: 71597K->1488K(72192K)] 436685K->366576K(802304K), 0.0021938 secs] [Times: user=0.00 sys=0.00, real=0.00 secs] 
2586.232: [GC (Allocation Failure) [PSYoungGen: 71632K->1485K(72192K)] 436720K->366573K(802304K), 0.0015195 secs] [Times: user=0.00 sys=0.00, real=0.00 secs] 
2586.357: [GC (Allocation Failure) [PSYoungGen: 71629K->1549K(72192K)] 436717K->366637K(802304K), 0.0015702 secs] [Times: user=0.00 sys=0.00, real=0.00 secs] 
2587.568: [GC (Allocation Failure) [PSYoungGen: 71693K->1424K(72192K)] 436781K->366512K(802304K), 0.0045723 secs] [Times: user=0.02 sys=0.00, real=0.00 secs] 
2588.662: [GC (Allocation Failure) [PSYoungGen: 71568K->1376K(72192K)] 436656K->366464K(802304K), 0.0041418 secs] [Times: user=0.01 sys=0.00, real=0.01 secs] 
2589.575: [GC (Allocation Failure) [PSYoungGen: 71520K->1408K(72192K)] 436608K->366496K(802304K), 0.0033037 secs] [Times: user=0.01 sys=0.00, real=0.00 secs] 
2590.147: [GC (Allocation Failure) [PSYoungGen: 71552K->1376K(72192K)] 436640K->366472K(802304K), 0.0026450 secs] [Times: user=0.01 sys=0.00, real=0.00 secs] 
2590.439: [GC (Allocation Failure) [PSYoungGen: 71520K->1485K(72192K)] 436616K->366581K(802304K), 0.0017474 secs] [Times: user=0.01 sys=0.00, real=0.00 secs] 
2590.563: [GC (Allocation Failure) [PSYoungGen: 71616K->1456K(72192K)] 436712K->366552K(802304K), 0.0017178 secs] [Times: user=0.01 sys=0.00, real=0.01 secs] 
2590.687: [GC (Allocation Failure) [PSYoungGen: 71600K->1488K(72192K)] 436696K->366584K(802304K), 0.0016878 secs] [Times: user=0.00 sys=0.00, real=0.00 secs] 
2590.811: [GC (Allocation Failure) [PSYoungGen: 71632K->1485K(72192K)] 436728K->366613K(802304K), 0.0015624 secs] [Times: user=0.00 sys=0.00, real=0.00 secs] 
2591.600: [GC (Allocation Failure) [PSYoungGen: 71629K->1440K(72192K)] 436757K->366568K(802304K), 0.0028297 secs] [Times: user=0.01 sys=0.01, real=0.00 secs] 
2592.397: [GC (Allocation Failure) [PSYoungGen: 71584K->1408K(72192K)] 436712K->366536K(802304K), 0.0027117 secs] [Times: user=0.01 sys=0.00, real=0.00 secs] 
2593.323: [GC (Allocation Failure) [PSYoungGen: 71552K->1408K(72192K)] 436680K->366536K(802304K), 0.0034868 secs] [Times: user=0.02 sys=0.00, real=0.01 secs] 
2594.141: [GC (Allocation Failure) [PSYoungGen: 71552K->1376K(72192K)] 436680K->366504K(802304K), 0.0036175 secs] [Times: user=0.02 sys=0.00, real=0.01 secs] 
2594.701: [GC (Allocation Failure) [PSYoungGen: 71520K->1456K(72192K)] 436648K->366584K(802304K), 0.0018813 secs] [Times: user=0.01 sys=0.00, real=0.00 secs] 
2594.843: [GC (Allocation Failure) [PSYoungGen: 71600K->1453K(72192K)] 436728K->366581K(802304K), 0.0016219 secs] [Times: user=0.01 sys=0.00, real=0.01 secs] 
2594.967: [GC (Allocation Failure) [PSYoungGen: 71597K->1549K(72192K)] 436725K->366677K(802304K), 0.0015700 secs] [Times: user=0.01 sys=0.00, real=0.00 secs] 
2595.151: [GC (Allocation Failure) [PSYoungGen: 71693K->1712K(72192K)] 436821K->366856K(802304K), 0.0019646 secs] [Times: user=0.01 sys=0.00, real=0.00 secs] 
2595.849: [GC (Allocation Failure) [PSYoungGen: 71856K->1328K(72192K)] 437000K->366472K(802304K), 0.0019507 secs] [Times: user=0.01 sys=0.00, real=0.00 secs] 
2596.408: [GC (Allocation Failure) [PSYoungGen: 71472K->1344K(72192K)] 436616K->366488K(802304K), 0.0020495 secs] [Times: user=0.01 sys=0.00, real=0.00 secs] 
2596.985: [GC (Allocation Failure) [PSYoungGen: 71488K->1376K(72192K)] 436632K->366520K(802304K), 0.0020755 secs] [Times: user=0.01 sys=0.00, real=0.00 secs] 
2597.537: [GC (Allocation Failure) [PSYoungGen: 71520K->1485K(72192K)] 436664K->366629K(802304K), 0.0022844 secs] [Times: user=0.01 sys=0.00, real=0.00 secs] 
2597.686: [GC (Allocation Failure) [PSYoungGen: 71629K->1501K(72192K)] 436773K->366645K(802304K), 0.0017055 secs] [Times: user=0.01 sys=0.00, real=0.00 secs] 
2597.811: [GC (Allocation Failure) [PSYoungGen: 71645K->1453K(72192K)] 436789K->366597K(802304K), 0.0016277 secs] [Times: user=0.01 sys=0.00, real=0.00 secs] 
2597.956: [GC (Allocation Failure) [PSYoungGen: 71597K->1488K(72192K)] 436741K->366632K(802304K), 0.0019731 secs] [Times: user=0.00 sys=0.00, real=0.00 secs] 
2598.466: [GC (Allocation Failure) [PSYoungGen: 71632K->1440K(72192K)] 436776K->366584K(802304K), 0.0023709 secs] [Times: user=0.01 sys=0.00, real=0.00 secs] 
2599.406: [GC (Allocation Failure) [PSYoungGen: 71584K->1376K(72192K)] 436728K->366520K(802304K), 0.0027771 secs] [Times: user=0.01 sys=0.00, real=0.00 secs] 
2600.110: [GC (Allocation Failure) [PSYoungGen: 71520K->1312K(72192K)] 436664K->366472K(802304K), 0.0030141 secs] [Times: user=0.01 sys=0.00, real=0.00 secs] 
2601.218: [GC (Allocation Failure) [PSYoungGen: 71456K->1344K(72192K)] 436616K->366504K(802304K), 0.0046377 secs] [Times: user=0.02 sys=0.00, real=0.00 secs] 
2602.258: [GC (Allocation Failure) [PSYoungGen: 71464K->1453K(72192K)] 436624K->366613K(802304K), 0.0025806 secs] [Times: user=0.01 sys=0.00, real=0.00 secs] 
2602.430: [GC (Allocation Failure) [PSYoungGen: 71589K->1549K(72192K)] 436749K->366709K(802304K), 0.0014954 secs] [Times: user=0.01 sys=0.00, real=0.00 secs] 
2602.554: [GC (Allocation Failure) [PSYoungGen: 71693K->1456K(72192K)] 436853K->366616K(802304K), 0.0015704 secs] [Times: user=0.00 sys=0.00, real=0.00 secs] 
2602.678: [GC (Allocation Failure) [PSYoungGen: 71600K->1517K(72192K)] 436760K->366685K(802304K), 0.0016045 secs] [Times: user=0.01 sys=0.00, real=0.00 secs] 
2603.383: [GC (Allocation Failure) [PSYoungGen: 71661K->1408K(72192K)] 436829K->366576K(802304K), 0.0038894 secs] [Times: user=0.02 sys=0.00, real=0.01 secs] 
2603.922: [GC (Allocation Failure) [PSYoungGen: 71552K->1376K(72192K)] 436720K->366544K(802304K), 0.0022357 secs] [Times: user=0.01 sys=0.00, real=0.01 secs] 
2604.329: [GC (Allocation Failure) [PSYoungGen: 71520K->1392K(72192K)] 436688K->366560K(802304K), 0.0024248 secs] [Times: user=0.01 sys=0.00, real=0.00 secs] 
2605.032: [GC (Allocation Failure) [PSYoungGen: 71536K->1376K(72192K)] 436704K->366544K(802304K), 0.0026276 secs] [Times: user=0.01 sys=0.00, real=0.01 secs] 
2605.466: [GC (Allocation Failure) [PSYoungGen: 71520K->1453K(72192K)] 436688K->366621K(802304K), 0.0021327 secs] [Times: user=0.01 sys=0.00, real=0.00 secs] 
2605.603: [GC (Allocation Failure) [PSYoungGen: 71594K->1456K(72192K)] 436762K->366624K(802304K), 0.0015342 secs] [Times: user=0.00 sys=0.00, real=0.01 secs] 
2605.727: [GC (Allocation Failure) [PSYoungGen: 71600K->1517K(72192K)] 436768K->366685K(802304K), 0.0016949 secs] [Times: user=0.01 sys=0.00, real=0.00 secs] 
2605.852: [GC (Allocation Failure) [PSYoungGen: 71661K->1520K(72192K)] 436829K->366696K(802304K), 0.0015310 secs] [Times: user=0.01 sys=0.00, real=0.00 secs] 
2606.256: [GC (Allocation Failure) [PSYoungGen: 71664K->1408K(72192K)] 436840K->366584K(802304K), 0.0018673 secs] [Times: user=0.00 sys=0.00, real=0.00 secs] 
2606.854: [GC (Allocation Failure) [PSYoungGen: 71552K->1344K(72192K)] 436728K->366520K(802304K), 0.0028110 secs] [Times: user=0.01 sys=0.00, real=0.00 secs] 
2607.430: [GC (Allocation Failure) [PSYoungGen: 71488K->1408K(72192K)] 436664K->366584K(802304K), 0.0033778 secs] [Times: user=0.01 sys=0.00, real=0.00 secs] 
2607.994: [GC (Allocation Failure) [PSYoungGen: 71552K->1376K(72192K)] 436728K->366552K(802304K), 0.0033362 secs] [Times: user=0.01 sys=0.00, real=0.00 secs] 
2608.246: [GC (Allocation Failure) [PSYoungGen: 71520K->1488K(72192K)] 436696K->366664K(802304K), 0.0019244 secs] [Times: user=0.01 sys=0.00, real=0.00 secs] 
2608.373: [GC (Allocation Failure) [PSYoungGen: 71632K->1469K(72192K)] 436808K->366661K(802304K), 0.0015120 secs] [Times: user=0.01 sys=0.00, real=0.01 secs] 
2608.496: [GC (Allocation Failure) [PSYoungGen: 71613K->1485K(72192K)] 436805K->366677K(802304K), 0.0015324 secs] [Times: user=0.01 sys=0.00, real=0.00 secs] 
2608.697: [GC (Allocation Failure) [PSYoungGen: 71629K->1424K(72192K)] 436821K->366624K(802304K), 0.0019908 secs] [Times: user=0.01 sys=0.00, real=0.00 secs] 
2609.139: [GC (Allocation Failure) [PSYoungGen: 71568K->1376K(72192K)] 436768K->366576K(802304K), 0.0019772 secs] [Times: user=0.01 sys=0.00, real=0.00 secs] 
2609.834: [GC (Allocation Failure) [PSYoungGen: 71520K->1408K(72192K)] 436720K->366608K(802304K), 0.0033281 secs] [Times: user=0.02 sys=0.00, real=0.00 secs] 
2610.419: [GC (Allocation Failure) [PSYoungGen: 71552K->1376K(72192K)] 436752K->366576K(802304K), 0.0033155 secs] [Times: user=0.01 sys=0.00, real=0.00 secs] 
2610.962: [GC (Allocation Failure) [PSYoungGen: 71520K->1469K(72192K)] 436720K->366669K(802304K), 0.0025482 secs] [Times: user=0.01 sys=0.00, real=0.01 secs] 
2611.134: [GC (Allocation Failure) [PSYoungGen: 71599K->1485K(72192K)] 436799K->366685K(802304K), 0.0016865 secs] [Times: user=0.01 sys=0.00, real=0.00 secs] 
2611.260: [GC (Allocation Failure) [PSYoungGen: 71629K->1485K(72192K)] 436829K->366685K(802304K), 0.0016400 secs] [Times: user=0.01 sys=0.00, real=0.00 secs] 
2611.385: [GC (Allocation Failure) [PSYoungGen: 71629K->1517K(72192K)] 436829K->366717K(802304K), 0.0016982 secs] [Times: user=0.00 sys=0.00, real=0.00 secs] 
2611.891: [GC (Allocation Failure) [PSYoungGen: 71661K->1472K(72192K)] 436861K->366672K(802304K), 0.0017721 secs] [Times: user=0.00 sys=0.00, real=0.00 secs] 
2612.584: [GC (Allocation Failure) [PSYoungGen: 71616K->1408K(72192K)] 436816K->366608K(802304K), 0.0042640 secs] [Times: user=0.02 sys=0.00, real=0.00 secs] 
2612.915: [GC (Allocation Failure) [PSYoungGen: 71552K->1344K(72192K)] 436752K->366544K(802304K), 0.0026584 secs] [Times: user=0.01 sys=0.00, real=0.00 secs] 
2613.203: [GC (Allocation Failure) [PSYoungGen: 71488K->1408K(72192K)] 436688K->366608K(802304K), 0.0020732 secs] [Times: user=0.01 sys=0.00, real=0.01 secs] 
2613.456: [GC (Allocation Failure) [PSYoungGen: 71552K->1453K(72192K)] 436752K->366653K(802304K), 0.0016899 secs] [Times: user=0.01 sys=0.00, real=0.00 secs] 
2613.579: [GC (Allocation Failure) [PSYoungGen: 71569K->1581K(72192K)] 436769K->366781K(802304K), 0.0016967 secs] [Times: user=0.00 sys=0.00, real=0.00 secs] 
2613.721: [GC (Allocation Failure) [PSYoungGen: 71725K->1488K(72192K)] 436925K->366688K(802304K), 0.0019943 secs] [Times: user=0.01 sys=0.00, real=0.00 secs] 
2613.882: [GC (Allocation Failure) [PSYoungGen: 71632K->1517K(78336K)] 436832K->366733K(808448K), 0.0020962 secs] [Times: user=0.01 sys=0.00, real=0.01 secs] 
2614.201: [GC (Allocation Failure) [PSYoungGen: 77805K->1408K(77312K)] 443021K->366624K(807424K), 0.0022143 secs] [Times: user=0.01 sys=0.00, real=0.00 secs] 
2614.517: [GC (Allocation Failure) [PSYoungGen: 77184K->1376K(76800K)] 442400K->366592K(806912K), 0.0023522 secs] [Times: user=0.01 sys=0.00, real=0.00 secs] 
2614.830: [GC (Allocation Failure) [PSYoungGen: 76640K->1376K(76288K)] 441856K->366592K(806400K), 0.0021865 secs] [Times: user=0.00 sys=0.00, real=0.00 secs] 
2615.155: [GC (Allocation Failure) [PSYoungGen: 76128K->1405K(75776K)] 441344K->366621K(805888K), 0.0033135 secs] [Times: user=0.01 sys=0.00, real=0.00 secs] 
2615.293: [GC (Allocation Failure) [PSYoungGen: 75645K->1520K(75264K)] 440861K->366736K(805376K), 0.0016249 secs] [Times: user=0.01 sys=0.00, real=0.01 secs] 
2615.450: [GC (Allocation Failure) [PSYoungGen: 75248K->1501K(75776K)] 440464K->366717K(805888K), 0.0023107 secs] [Times: user=0.01 sys=0.00, real=0.00 secs] 
2615.619: [GC (Allocation Failure) [PSYoungGen: 75229K->1453K(75776K)] 440445K->366669K(805888K), 0.0015797 secs] [Times: user=0.01 sys=0.00, real=0.00 secs] 
2615.887: [GC (Allocation Failure) [PSYoungGen: 75181K->1440K(74752K)] 440397K->366656K(804864K), 0.0022597 secs] [Times: user=0.01 sys=0.00, real=0.00 secs] 
2616.193: [GC (Allocation Failure) [PSYoungGen: 74656K->1344K(74240K)] 439872K->366576K(804352K), 0.0022133 secs] [Times: user=0.00 sys=0.00, real=0.01 secs] 
2616.495: [GC (Allocation Failure) [PSYoungGen: 74048K->1376K(73728K)] 439280K->366608K(803840K), 0.0021400 secs] [Times: user=0.01 sys=0.00, real=0.00 secs] 
2616.795: [GC (Allocation Failure) [PSYoungGen: 73568K->1344K(73216K)] 438800K->366576K(803328K), 0.0021515 secs] [Times: user=0.01 sys=0.00, real=0.00 secs] 
2616.997: [GC (Allocation Failure) [PSYoungGen: 73024K->1485K(72704K)] 438256K->366717K(802816K), 0.0017334 secs] [Times: user=0.01 sys=0.00, real=0.00 secs] 
2617.143: [GC (Allocation Failure) [PSYoungGen: 72653K->1517K(72192K)] 437885K->366749K(802304K), 0.0020035 secs] [Times: user=0.01 sys=0.00, real=0.01 secs] 
2617.304: [GC (Allocation Failure) [PSYoungGen: 72173K->1453K(71680K)] 437405K->366685K(801792K), 0.0015708 secs] [Times: user=0.01 sys=0.00, real=0.00 secs] 
2617.657: [GC (Allocation Failure) [PSYoungGen: 71597K->1984K(72192K)] 436829K->367216K(802304K), 0.0022193 secs] [Times: user=0.01 sys=0.00, real=0.00 secs] 
2619.033: [GC (Allocation Failure) [PSYoungGen: 72128K->352K(70656K)] 437360K->366616K(800768K), 0.0029278 secs] [Times: user=0.01 sys=0.00, real=0.01 secs] 
2620.232: [GC (Allocation Failure) [PSYoungGen: 70496K->320K(70656K)] 436760K->366584K(800768K), 0.0035311 secs] [Times: user=0.02 sys=0.00, real=0.01 secs] 
2621.126: [GC (Allocation Failure) [PSYoungGen: 70464K->320K(70656K)] 436728K->366584K(800768K), 0.0030594 secs] [Times: user=0.01 sys=0.00, real=0.00 secs] 
2622.012: [GC (Allocation Failure) [PSYoungGen: 70452K->1453K(72704K)] 436716K->367717K(802816K), 0.0031155 secs] [Times: user=0.01 sys=0.00, real=0.01 secs] 
2622.219: [GC (Allocation Failure) [PSYoungGen: 71597K->1453K(71680K)] 437861K->367717K(801792K), 0.0018340 secs] [Times: user=0.01 sys=0.00, real=0.00 secs] 
2622.343: [GC (Allocation Failure) [PSYoungGen: 71597K->1517K(71680K)] 437861K->367781K(801792K), 0.0017788 secs] [Times: user=0.01 sys=0.00, real=0.01 secs] 
2622.468: [GC (Allocation Failure) [PSYoungGen: 71661K->1453K(72704K)] 437925K->367717K(802816K), 0.0015560 secs] [Times: user=0.01 sys=0.00, real=0.00 secs] 
2622.684: [GC (Allocation Failure) [PSYoungGen: 71597K->1408K(72704K)] 437861K->367672K(802816K), 0.0017572 secs] [Times: user=0.01 sys=0.00, real=0.00 secs] 
2622.986: [GC (Allocation Failure) [PSYoungGen: 71552K->1376K(72704K)] 437816K->367640K(802816K), 0.0018051 secs] [Times: user=0.01 sys=0.01, real=0.00 secs] 
2623.523: [GC (Allocation Failure) [PSYoungGen: 71520K->1376K(71680K)] 437784K->367640K(801792K), 0.0029306 secs] [Times: user=0.02 sys=0.00, real=0.01 secs] 
2624.174: [GC (Allocation Failure) [PSYoungGen: 71520K->1376K(72192K)] 437784K->367640K(802304K), 0.0029289 secs] [Times: user=0.02 sys=0.00, real=0.00 secs] 
2624.702: [GC (Allocation Failure) [PSYoungGen: 71520K->1453K(72192K)] 437784K->367717K(802304K), 0.0027352 secs] [Times: user=0.01 sys=0.00, real=0.01 secs] 
2624.882: [GC (Allocation Failure) [PSYoungGen: 71595K->1517K(72192K)] 437859K->367781K(802304K), 0.0016498 secs] [Times: user=0.01 sys=0.00, real=0.01 secs] 
2625.007: [GC (Allocation Failure) [PSYoungGen: 71661K->1517K(72192K)] 437925K->367781K(802304K), 0.0016450 secs] [Times: user=0.00 sys=0.00, real=0.00 secs] 
2625.131: [GC (Allocation Failure) [PSYoungGen: 71661K->1485K(72192K)] 437925K->367765K(802304K), 0.0016063 secs] [Times: user=0.00 sys=0.00, real=0.00 secs] 
2625.391: [GC (Allocation Failure) [PSYoungGen: 71629K->1440K(72192K)] 437909K->367720K(802304K), 0.0021427 secs] [Times: user=0.01 sys=0.00, real=0.00 secs] 
2625.733: [GC (Allocation Failure) [PSYoungGen: 71584K->1376K(72192K)] 437864K->367656K(802304K), 0.0015414 secs] [Times: user=0.00 sys=0.00, real=0.01 secs] 
2626.472: [GC (Allocation Failure) [PSYoungGen: 71520K->1376K(72192K)] 437800K->367656K(802304K), 0.0022716 secs] [Times: user=0.01 sys=0.00, real=0.01 secs] 
2627.035: [GC (Allocation Failure) [PSYoungGen: 71520K->1408K(72192K)] 437800K->367688K(802304K), 0.0027306 secs] [Times: user=0.01 sys=0.00, real=0.00 secs] 
2627.678: [GC (Allocation Failure) [PSYoungGen: 71552K->1488K(72192K)] 437832K->367768K(802304K), 0.0020427 secs] [Times: user=0.01 sys=0.00, real=0.00 secs] 
2627.825: [GC (Allocation Failure) [PSYoungGen: 71621K->1485K(72192K)] 437901K->367765K(802304K), 0.0017279 secs] [Times: user=0.01 sys=0.00, real=0.00 secs] 
2627.950: [GC (Allocation Failure) [PSYoungGen: 71629K->1453K(72192K)] 437909K->367741K(802304K), 0.0015771 secs] [Times: user=0.01 sys=0.00, real=0.00 secs] 
2628.074: [GC (Allocation Failure) [PSYoungGen: 71597K->1485K(72192K)] 437885K->367805K(802304K), 0.0015004 secs] [Times: user=0.01 sys=0.00, real=0.00 secs] 
2628.685: [GC (Allocation Failure) [PSYoungGen: 71629K->1408K(72192K)] 437949K->367728K(802304K), 0.0020406 secs] [Times: user=0.01 sys=0.00, real=0.00 secs] 
2629.524: [GC (Allocation Failure) [PSYoungGen: 71552K->1376K(72192K)] 437872K->367696K(802304K), 0.0022196 secs] [Times: user=0.01 sys=0.00, real=0.00 secs] 
2630.160: [GC (Allocation Failure) [PSYoungGen: 71520K->1392K(72192K)] 437840K->367712K(802304K), 0.0025222 secs] [Times: user=0.01 sys=0.00, real=0.00 secs] 
2630.761: [GC (Allocation Failure) [PSYoungGen: 71536K->1376K(72192K)] 437856K->367696K(802304K), 0.0021185 secs] [Times: user=0.01 sys=0.00, real=0.00 secs] 
2630.954: [GC (Allocation Failure) [PSYoungGen: 71520K->1488K(72192K)] 437840K->367808K(802304K), 0.0018851 secs] [Times: user=0.01 sys=0.00, real=0.00 secs] 
2631.079: [GC (Allocation Failure) [PSYoungGen: 71632K->1517K(72192K)] 437952K->367837K(802304K), 0.0016529 secs] [Times: user=0.00 sys=0.00, real=0.00 secs] 
2631.203: [GC (Allocation Failure) [PSYoungGen: 71661K->1453K(72192K)] 437981K->367773K(802304K), 0.0015693 secs] [Times: user=0.00 sys=0.00, real=0.01 secs] 
2631.545: [GC (Allocation Failure) [PSYoungGen: 71597K->1408K(72192K)] 437917K->367728K(802304K), 0.0018974 secs] [Times: user=0.01 sys=0.00, real=0.00 secs] 
2632.355: [GC (Allocation Failure) [PSYoungGen: 71552K->1376K(72192K)] 437872K->367696K(802304K), 0.0022567 secs] [Times: user=0.01 sys=0.00, real=0.00 secs] 
2633.317: [GC (Allocation Failure) [PSYoungGen: 71520K->1408K(72192K)] 437840K->367728K(802304K), 0.0026494 secs] [Times: user=0.02 sys=0.01, real=0.00 secs] 
2634.348: [GC (Allocation Failure) [PSYoungGen: 71552K->1408K(72192K)] 437872K->367728K(802304K), 0.0033520 secs] [Times: user=0.02 sys=0.00, real=0.00 secs] 
2635.383: [GC (Allocation Failure) [PSYoungGen: 71552K->1421K(72192K)] 437872K->367741K(802304K), 0.0028697 secs] [Times: user=0.01 sys=0.00, real=0.01 secs] 
2635.573: [GC (Allocation Failure) [PSYoungGen: 71542K->1549K(72192K)] 437863K->367869K(802304K), 0.0016050 secs] [Times: user=0.00 sys=0.00, real=0.01 secs] 
2635.746: [GC (Allocation Failure) [PSYoungGen: 71693K->1488K(72192K)] 438013K->367808K(802304K), 0.0024310 secs] [Times: user=0.01 sys=0.00, real=0.00 secs] 
2635.914: [GC (Allocation Failure) [PSYoungGen: 71632K->1517K(72192K)] 437952K->367837K(802304K), 0.0015974 secs] [Times: user=0.00 sys=0.00, real=0.00 secs] 
2636.329: [GC (Allocation Failure) [PSYoungGen: 71661K->1440K(72192K)] 437981K->367760K(802304K), 0.0035104 secs] [Times: user=0.02 sys=0.00, real=0.00 secs] 
2636.897: [GC (Allocation Failure) [PSYoungGen: 71584K->1408K(72192K)] 437904K->367728K(802304K), 0.0025381 secs] [Times: user=0.01 sys=0.00, real=0.00 secs] 
2637.592: [GC (Allocation Failure) [PSYoungGen: 71552K->1344K(72192K)] 437872K->367664K(802304K), 0.0023710 secs] [Times: user=0.01 sys=0.00, real=0.01 secs] 
2638.102: [GC (Allocation Failure) [PSYoungGen: 71488K->1360K(72192K)] 437808K->367680K(802304K), 0.0025812 secs] [Times: user=0.01 sys=0.00, real=0.01 secs] 
2638.518: [GC (Allocation Failure) [PSYoungGen: 71504K->1520K(72192K)] 437824K->367840K(802304K), 0.0021182 secs] [Times: user=0.01 sys=0.00, real=0.00 secs] 
2638.695: [GC (Allocation Failure) [PSYoungGen: 71664K->1488K(72192K)] 437984K->367808K(802304K), 0.0021805 secs] [Times: user=0.01 sys=0.00, real=0.00 secs] 
2638.850: [GC (Allocation Failure) [PSYoungGen: 71632K->1453K(72192K)] 437952K->367773K(802304K), 0.0018536 secs] [Times: user=0.01 sys=0.00, real=0.00 secs] 
2638.994: [GC (Allocation Failure) [PSYoungGen: 71597K->1485K(72192K)] 437917K->367813K(802304K), 0.0019864 secs] [Times: user=0.01 sys=0.00, real=0.00 secs] 
2639.564: [GC (Allocation Failure) [PSYoungGen: 71629K->1440K(72192K)] 437957K->367768K(802304K), 0.0040546 secs] [Times: user=0.02 sys=0.00, real=0.00 secs] 
2640.187: [GC (Allocation Failure) [PSYoungGen: 71584K->1344K(72192K)] 437912K->367688K(802304K), 0.0028498 secs] [Times: user=0.01 sys=0.00, real=0.00 secs] 
2640.484: [GC (Allocation Failure) [PSYoungGen: 71488K->1344K(72192K)] 437832K->367688K(802304K), 0.0020984 secs] [Times: user=0.00 sys=0.00, real=0.00 secs] 
2640.843: [GC (Allocation Failure) [PSYoungGen: 71488K->1392K(72192K)] 437832K->367736K(802304K), 0.0020558 secs] [Times: user=0.01 sys=0.00, real=0.01 secs] 
2641.136: [GC (Allocation Failure) [PSYoungGen: 71536K->1453K(72192K)] 437880K->367797K(802304K), 0.0016829 secs] [Times: user=0.01 sys=0.00, real=0.00 secs] 
2641.260: [GC (Allocation Failure) [PSYoungGen: 71597K->1485K(72192K)] 437941K->367829K(802304K), 0.0015335 secs] [Times: user=0.01 sys=0.00, real=0.00 secs] 
2641.403: [GC (Allocation Failure) [PSYoungGen: 71629K->1488K(72192K)] 437973K->367832K(802304K), 0.0019561 secs] [Times: user=0.01 sys=0.00, real=0.01 secs] 
2641.620: [GC (Allocation Failure) [PSYoungGen: 71632K->1472K(72192K)] 437976K->367816K(802304K), 0.0020683 secs] [Times: user=0.01 sys=0.00, real=0.00 secs] 
2641.934: [GC (Allocation Failure) [PSYoungGen: 71616K->1376K(72192K)] 437960K->367720K(802304K), 0.0019248 secs] [Times: user=0.01 sys=0.00, real=0.00 secs] 
2642.309: [GC (Allocation Failure) [PSYoungGen: 71520K->1376K(72192K)] 437864K->367720K(802304K), 0.0020916 secs] [Times: user=0.01 sys=0.00, real=0.00 secs] 
2642.648: [GC (Allocation Failure) [PSYoungGen: 71520K->1344K(72192K)] 437864K->367688K(802304K), 0.0020380 secs] [Times: user=0.00 sys=0.00, real=0.00 secs] 
2642.978: [GC (Allocation Failure) [PSYoungGen: 71488K->1389K(72192K)] 437832K->367733K(802304K), 0.0020429 secs] [Times: user=0.01 sys=0.00, real=0.00 secs] 
2643.120: [GC (Allocation Failure) [PSYoungGen: 71533K->1485K(72192K)] 437877K->367829K(802304K), 0.0017133 secs] [Times: user=0.01 sys=0.00, real=0.00 secs] 
2643.246: [GC (Allocation Failure) [PSYoungGen: 71629K->1549K(72192K)] 437973K->367893K(802304K), 0.0016626 secs] [Times: user=0.01 sys=0.00, real=0.00 secs] 
2643.373: [GC (Allocation Failure) [PSYoungGen: 71693K->1453K(72192K)] 438037K->367797K(802304K), 0.0017738 secs] [Times: user=0.01 sys=0.00, real=0.01 secs] 
2643.645: [GC (Allocation Failure) [PSYoungGen: 71597K->1440K(72192K)] 437941K->367792K(802304K), 0.0020341 secs] [Times: user=0.01 sys=0.00, real=0.00 secs] 
2643.937: [GC (Allocation Failure) [PSYoungGen: 71584K->1376K(72192K)] 437936K->367728K(802304K), 0.0019051 secs] [Times: user=0.01 sys=0.00, real=0.00 secs] 
2644.232: [GC (Allocation Failure) [PSYoungGen: 71520K->1408K(72192K)] 437872K->367760K(802304K), 0.0019841 secs] [Times: user=0.01 sys=0.00, real=0.01 secs] 
2644.524: [GC (Allocation Failure) [PSYoungGen: 71552K->1376K(72192K)] 437904K->367728K(802304K), 0.0019163 secs] [Times: user=0.01 sys=0.00, real=0.00 secs] 
2644.786: [GC (Allocation Failure) [PSYoungGen: 71520K->1437K(72192K)] 437872K->367789K(802304K), 0.0023161 secs] [Times: user=0.01 sys=0.00, real=0.00 secs] 
2644.979: [GC (Allocation Failure) [PSYoungGen: 71581K->1517K(72192K)] 437933K->367869K(802304K), 0.0017603 secs] [Times: user=0.00 sys=0.00, real=0.00 secs] 
2645.122: [GC (Allocation Failure) [PSYoungGen: 71661K->1552K(72192K)] 438013K->367904K(802304K), 0.0019094 secs] [Times: user=0.01 sys=0.00, real=0.01 secs] 
2645.281: [GC (Allocation Failure) [PSYoungGen: 71696K->1456K(72192K)] 438048K->367824K(802304K), 0.0018196 secs] [Times: user=0.00 sys=0.00, real=0.00 secs] 
2645.768: [GC (Allocation Failure) [PSYoungGen: 71600K->1424K(72192K)] 437968K->367792K(802304K), 0.0041802 secs] [Times: user=0.02 sys=0.00, real=0.00 secs] 
2646.421: [GC (Allocation Failure) [PSYoungGen: 71568K->1408K(72192K)] 437936K->367784K(802304K), 0.0033999 secs] [Times: user=0.02 sys=0.00, real=0.01 secs] 
2647.066: [GC (Allocation Failure) [PSYoungGen: 71552K->1440K(72192K)] 437928K->367832K(802304K), 0.0034658 secs] [Times: user=0.01 sys=0.00, real=0.00 secs] 
2647.604: [GC (Allocation Failure) [PSYoungGen: 71584K->1408K(72192K)] 437976K->367800K(802304K), 0.0027177 secs] [Times: user=0.01 sys=0.00, real=0.00 secs] 
2647.964: [GC (Allocation Failure) [PSYoungGen: 71552K->1488K(72192K)] 437944K->367880K(802304K), 0.0019379 secs] [Times: user=0.01 sys=0.00, real=0.00 secs] 
2648.091: [GC (Allocation Failure) [PSYoungGen: 71632K->1517K(72192K)] 438024K->367909K(802304K), 0.0015212 secs] [Times: user=0.01 sys=0.00, real=0.00 secs] 
2648.215: [GC (Allocation Failure) [PSYoungGen: 71661K->1549K(72192K)] 438053K->367941K(802304K), 0.0015595 secs] [Times: user=0.00 sys=0.00, real=0.00 secs] 
2648.397: [GC (Allocation Failure) [PSYoungGen: 71693K->1504K(72192K)] 438085K->367896K(802304K), 0.0019126 secs] [Times: user=0.01 sys=0.00, real=0.00 secs] 
2648.726: [GC (Allocation Failure) [PSYoungGen: 71648K->1376K(72192K)] 438040K->367768K(802304K), 0.0017816 secs] [Times: user=0.01 sys=0.00, real=0.00 secs] 
2649.126: [GC (Allocation Failure) [PSYoungGen: 71520K->1344K(72192K)] 437912K->367736K(802304K), 0.0021087 secs] [Times: user=0.00 sys=0.00, real=0.00 secs] 
2649.674: [GC (Allocation Failure) [PSYoungGen: 71488K->1408K(72192K)] 437880K->367800K(802304K), 0.0020310 secs] [Times: user=0.01 sys=0.00, real=0.00 secs] 
2650.253: [GC (Allocation Failure) [PSYoungGen: 71552K->1424K(72192K)] 437944K->367824K(802304K), 0.0029016 secs] [Times: user=0.01 sys=0.00, real=0.01 secs] 
2650.449: [GC (Allocation Failure) [PSYoungGen: 71568K->1453K(72192K)] 437968K->367853K(802304K), 0.0016449 secs] [Times: user=0.01 sys=0.00, real=0.00 secs] 
2650.574: [GC (Allocation Failure) [PSYoungGen: 71597K->1517K(72192K)] 437997K->367917K(802304K), 0.0015356 secs] [Times: user=0.01 sys=0.00, real=0.00 secs] 
2650.717: [GC (Allocation Failure) [PSYoungGen: 71661K->1488K(72192K)] 438061K->367888K(802304K), 0.0019524 secs] [Times: user=0.01 sys=0.00, real=0.00 secs] 
2651.430: [GC (Allocation Failure) [PSYoungGen: 71632K->1440K(72192K)] 438032K->367840K(802304K), 0.0034383 secs] [Times: user=0.01 sys=0.00, real=0.01 secs] 
2652.091: [GC (Allocation Failure) [PSYoungGen: 71584K->1376K(72192K)] 437984K->367776K(802304K), 0.0032134 secs] [Times: user=0.02 sys=0.00, real=0.01 secs] 
2652.683: [GC (Allocation Failure) [PSYoungGen: 71520K->1376K(72192K)] 437920K->367776K(802304K), 0.0031089 secs] [Times: user=0.02 sys=0.00, real=0.01 secs] 
2653.108: [GC (Allocation Failure) [PSYoungGen: 71520K->1392K(72192K)] 437920K->367792K(802304K), 0.0021950 secs] [Times: user=0.00 sys=0.00, real=0.00 secs] 
2653.385: [GC (Allocation Failure) [PSYoungGen: 71536K->1517K(72192K)] 437936K->367917K(802304K), 0.0015387 secs] [Times: user=0.01 sys=0.00, real=0.00 secs] 
2653.509: [GC (Allocation Failure) [PSYoungGen: 71645K->1517K(72192K)] 438045K->367917K(802304K), 0.0015987 secs] [Times: user=0.01 sys=0.00, real=0.00 secs] 
2653.634: [GC (Allocation Failure) [PSYoungGen: 71661K->1485K(72192K)] 438061K->367885K(802304K), 0.0016839 secs] [Times: user=0.00 sys=0.00, real=0.00 secs] 
2653.758: [GC (Allocation Failure) [PSYoungGen: 71629K->1485K(72192K)] 438029K->367901K(802304K), 0.0015763 secs] [Times: user=0.01 sys=0.00, real=0.00 secs] 
2654.166: [GC (Allocation Failure) [PSYoungGen: 71629K->1424K(71680K)] 438045K->367840K(801792K), 0.0017486 secs] [Times: user=0.01 sys=0.00, real=0.00 secs] 
2654.741: [GC (Allocation Failure) [PSYoungGen: 71568K->1408K(71680K)] 437984K->367824K(801792K), 0.0020499 secs] [Times: user=0.01 sys=0.01, real=0.00 secs] 
2655.348: [GC (Allocation Failure) [PSYoungGen: 71552K->1376K(71680K)] 437968K->367800K(801792K), 0.0023848 secs] [Times: user=0.01 sys=0.00, real=0.00 secs] 
2655.954: [GC (Allocation Failure) [PSYoungGen: 71520K->1376K(71680K)] 437944K->367800K(801792K), 0.0045508 secs] [Times: user=0.02 sys=0.00, real=0.00 secs] 
2656.266: [GC (Allocation Failure) [PSYoungGen: 71520K->1517K(71680K)] 437944K->367941K(801792K), 0.0018916 secs] [Times: user=0.01 sys=0.00, real=0.00 secs] 
2656.394: [GC (Allocation Failure) [PSYoungGen: 71661K->1485K(71680K)] 438085K->367909K(801792K), 0.0017045 secs] [Times: user=0.01 sys=0.00, real=0.00 secs] 
2656.518: [GC (Allocation Failure) [PSYoungGen: 71629K->1485K(71680K)] 438053K->367909K(801792K), 0.0017081 secs] [Times: user=0.01 sys=0.00, real=0.00 secs] 
2656.642: [GC (Allocation Failure) [PSYoungGen: 71629K->1501K(74752K)] 438053K->367941K(804864K), 0.0017616 secs] [Times: user=0.01 sys=0.00, real=0.00 secs] 
2657.320: [GC (Allocation Failure) [PSYoungGen: 74205K->1408K(73728K)] 440645K->367848K(803840K), 0.0020603 secs] [Times: user=0.00 sys=0.00, real=0.00 secs] 
2658.142: [GC (Allocation Failure) [PSYoungGen: 73600K->1344K(73216K)] 440040K->367800K(803328K), 0.0038819 secs] [Times: user=0.01 sys=0.00, real=0.01 secs] 
2658.995: [GC (Allocation Failure) [PSYoungGen: 73024K->1408K(72704K)] 439480K->367864K(802816K), 0.0037493 secs] [Times: user=0.02 sys=0.00, real=0.00 secs] 
2659.897: [GC (Allocation Failure) [PSYoungGen: 72576K->256K(71168K)] 439032K->366712K(801280K), 0.0034360 secs] [Times: user=0.01 sys=0.00, real=0.00 secs] 
2660.102: [GC (Allocation Failure) [PSYoungGen: 70912K->1517K(71680K)] 437368K->367973K(801792K), 0.0016812 secs] [Times: user=0.01 sys=0.00, real=0.01 secs] 
2660.226: [GC (Allocation Failure) [PSYoungGen: 71661K->1488K(71680K)] 438117K->367944K(801792K), 0.0017071 secs] [Times: user=0.01 sys=0.00, real=0.00 secs] 
2660.350: [GC (Allocation Failure) [PSYoungGen: 71632K->1485K(71680K)] 438088K->367941K(801792K), 0.0017080 secs] [Times: user=0.01 sys=0.00, real=0.00 secs] 
2661.098: [GC (Allocation Failure) [PSYoungGen: 71629K->1456K(71680K)] 438085K->367912K(801792K), 0.0045390 secs] [Times: user=0.02 sys=0.00, real=0.00 secs] 
2661.755: [GC (Allocation Failure) [PSYoungGen: 71600K->1376K(71680K)] 438056K->367832K(801792K), 0.0020921 secs] [Times: user=0.01 sys=0.00, real=0.00 secs] 
2662.046: [GC (Allocation Failure) [PSYoungGen: 71520K->1376K(71680K)] 437976K->367832K(801792K), 0.0022508 secs] [Times: user=0.01 sys=0.00, real=0.00 secs] 
2662.338: [GC (Allocation Failure) [PSYoungGen: 71520K->1376K(71680K)] 437976K->367832K(801792K), 0.0020051 secs] [Times: user=0.01 sys=0.00, real=0.00 secs] 
2662.686: [GC (Allocation Failure) [PSYoungGen: 71520K->1488K(72192K)] 437976K->367944K(802304K), 0.0016981 secs] [Times: user=0.01 sys=0.00, real=0.00 secs] 
2662.811: [GC (Allocation Failure) [PSYoungGen: 71600K->1453K(72192K)] 438056K->367909K(802304K), 0.0016085 secs] [Times: user=0.01 sys=0.00, real=0.00 secs] 
2662.936: [GC (Allocation Failure) [PSYoungGen: 71597K->1453K(72192K)] 438053K->367909K(802304K), 0.0015951 secs] [Times: user=0.00 sys=0.00, real=0.00 secs] 
2663.079: [GC (Allocation Failure) [PSYoungGen: 71597K->1488K(72192K)] 438053K->367944K(802304K), 0.0019901 secs] [Times: user=0.01 sys=0.00, real=0.00 secs] 
2663.654: [GC (Allocation Failure) [PSYoungGen: 71632K->1456K(72192K)] 438088K->367912K(802304K), 0.0021427 secs] [Times: user=0.01 sys=0.00, real=0.00 secs] 
2664.194: [GC (Allocation Failure) [PSYoungGen: 71600K->1344K(72192K)] 438056K->367800K(802304K), 0.0023295 secs] [Times: user=0.01 sys=0.00, real=0.00 secs] 
2664.484: [GC (Allocation Failure) [PSYoungGen: 71488K->1408K(72192K)] 437944K->367864K(802304K), 0.0021331 secs] [Times: user=0.01 sys=0.00, real=0.00 secs] 
2664.970: [GC (Allocation Failure) [PSYoungGen: 71552K->1360K(72192K)] 438008K->367816K(802304K), 0.0021556 secs] [Times: user=0.01 sys=0.00, real=0.00 secs] 
2665.289: [GC (Allocation Failure) [PSYoungGen: 71504K->1485K(72192K)] 437960K->367941K(802304K), 0.0018884 secs] [Times: user=0.01 sys=0.00, real=0.00 secs] 
2665.415: [GC (Allocation Failure) [PSYoungGen: 71629K->1485K(72192K)] 438085K->367941K(802304K), 0.0015342 secs] [Times: user=0.01 sys=0.00, real=0.00 secs] 
2665.538: [GC (Allocation Failure) [PSYoungGen: 71629K->1517K(72192K)] 438085K->367973K(802304K), 0.0015448 secs] [Times: user=0.01 sys=0.00, real=0.00 secs] 
2665.663: [GC (Allocation Failure) [PSYoungGen: 71661K->1517K(72192K)] 438117K->367981K(802304K), 0.0016987 secs] [Times: user=0.01 sys=0.00, real=0.01 secs] 
2667.362: [GC (Allocation Failure) [PSYoungGen: 71661K->1408K(72192K)] 438125K->367872K(802304K), 0.0046366 secs] [Times: user=0.02 sys=0.00, real=0.01 secs] 
2667.894: [GC (Allocation Failure) [PSYoungGen: 71552K->1376K(72192K)] 438016K->367840K(802304K), 0.0020477 secs] [Times: user=0.01 sys=0.00, real=0.00 secs] 
2668.318: [GC (Allocation Failure) [PSYoungGen: 71520K->1344K(72192K)] 437984K->367808K(802304K), 0.0022535 secs] [Times: user=0.01 sys=0.00, real=0.00 secs] 
2668.808: [GC (Allocation Failure) [PSYoungGen: 71488K->1376K(72192K)] 437952K->367856K(802304K), 0.0023990 secs] [Times: user=0.01 sys=0.00, real=0.00 secs] 
2669.115: [GC (Allocation Failure) [PSYoungGen: 71520K->1456K(72192K)] 438000K->367936K(802304K), 0.0020404 secs] [Times: user=0.01 sys=0.00, real=0.00 secs] 
2669.256: [GC (Allocation Failure) [PSYoungGen: 71600K->1485K(72192K)] 438080K->367965K(802304K), 0.0016146 secs] [Times: user=0.01 sys=0.00, real=0.00 secs] 
2669.380: [GC (Allocation Failure) [PSYoungGen: 71629K->1517K(72192K)] 438109K->367997K(802304K), 0.0017018 secs] [Times: user=0.01 sys=0.00, real=0.00 secs] 
2669.862: [GC (Allocation Failure) [PSYoungGen: 71661K->1472K(72192K)] 438141K->367952K(802304K), 0.0038742 secs] [Times: user=0.01 sys=0.00, real=0.01 secs] 
2670.906: [GC (Allocation Failure) [PSYoungGen: 71616K->1344K(72192K)] 438096K->367824K(802304K), 0.0040248 secs] [Times: user=0.01 sys=0.00, real=0.00 secs] 
2671.316: [GC (Allocation Failure) [PSYoungGen: 71488K->1408K(72192K)] 437968K->367888K(802304K), 0.0028303 secs] [Times: user=0.01 sys=0.00, real=0.00 secs] 
2671.925: [GC (Allocation Failure) [PSYoungGen: 71552K->1376K(72192K)] 438032K->367856K(802304K), 0.0040592 secs] [Times: user=0.02 sys=0.00, real=0.00 secs] 
2672.527: [GC (Allocation Failure) [PSYoungGen: 71520K->1456K(72192K)] 438000K->367936K(802304K), 0.0032219 secs] [Times: user=0.01 sys=0.00, real=0.00 secs] 
2672.726: [GC (Allocation Failure) [PSYoungGen: 71599K->1517K(72192K)] 438079K->367997K(802304K), 0.0015365 secs] [Times: user=0.00 sys=0.00, real=0.00 secs] 
2672.850: [GC (Allocation Failure) [PSYoungGen: 71661K->1549K(72192K)] 438141K->368029K(802304K), 0.0018089 secs] [Times: user=0.01 sys=0.00, real=0.00 secs] 
2672.974: [GC (Allocation Failure) [PSYoungGen: 71693K->1453K(72192K)] 438173K->367933K(802304K), 0.0016873 secs] [Times: user=0.01 sys=0.00, real=0.00 secs] 
2674.311: [GC (Allocation Failure) [PSYoungGen: 71597K->1456K(72192K)] 438077K->367936K(802304K), 0.0046277 secs] [Times: user=0.01 sys=0.00, real=0.01 secs] 
2675.414: [GC (Allocation Failure) [PSYoungGen: 71600K->1408K(72192K)] 438080K->367888K(802304K), 0.0040326 secs] [Times: user=0.02 sys=0.00, real=0.00 secs] 
2676.234: [GC (Allocation Failure) [PSYoungGen: 71552K->1376K(72192K)] 438032K->367856K(802304K), 0.0033195 secs] [Times: user=0.01 sys=0.00, real=0.00 secs] 
2676.959: [GC (Allocation Failure) [PSYoungGen: 71520K->1376K(72192K)] 438000K->367856K(802304K), 0.0029109 secs] [Times: user=0.02 sys=0.00, real=0.00 secs] 
2677.431: [GC (Allocation Failure) [PSYoungGen: 71520K->1520K(72192K)] 438000K->368000K(802304K), 0.0022639 secs] [Times: user=0.01 sys=0.00, real=0.00 secs] 
2677.581: [GC (Allocation Failure) [PSYoungGen: 71657K->1517K(72192K)] 438137K->367997K(802304K), 0.0017231 secs] [Times: user=0.00 sys=0.00, real=0.00 secs] 
2677.706: [GC (Allocation Failure) [PSYoungGen: 71661K->1485K(72192K)] 438141K->367965K(802304K), 0.0015314 secs] [Times: user=0.01 sys=0.00, real=0.00 secs] 
2677.830: [GC (Allocation Failure) [PSYoungGen: 71629K->1517K(72192K)] 438109K->368005K(802304K), 0.0014893 secs] [Times: user=0.01 sys=0.00, real=0.00 secs] 
2678.406: [GC (Allocation Failure) [PSYoungGen: 71661K->1408K(72192K)] 438149K->367896K(802304K), 0.0018836 secs] [Times: user=0.01 sys=0.00, real=0.00 secs] 
2678.919: [GC (Allocation Failure) [PSYoungGen: 71552K->1376K(72192K)] 438040K->367864K(802304K), 0.0022542 secs] [Times: user=0.01 sys=0.00, real=0.00 secs] 
2679.304: [GC (Allocation Failure) [PSYoungGen: 71520K->1408K(72192K)] 438008K->367896K(802304K), 0.0024935 secs] [Times: user=0.01 sys=0.00, real=0.00 secs] 
2679.956: [GC (Allocation Failure) [PSYoungGen: 71552K->1408K(72192K)] 438040K->367920K(802304K), 0.0032068 secs] [Times: user=0.01 sys=0.00, real=0.00 secs] 
2680.380: [GC (Allocation Failure) [PSYoungGen: 71552K->1456K(72192K)] 438064K->367968K(802304K), 0.0020683 secs] [Times: user=0.01 sys=0.00, real=0.00 secs] 
2680.514: [GC (Allocation Failure) [PSYoungGen: 71600K->1453K(72192K)] 438112K->367965K(802304K), 0.0016052 secs] [Times: user=0.01 sys=0.00, real=0.00 secs] 
2680.657: [GC (Allocation Failure) [PSYoungGen: 71597K->1520K(72192K)] 438109K->368032K(802304K), 0.0019861 secs] [Times: user=0.01 sys=0.00, real=0.00 secs] 
2680.887: [GC (Allocation Failure) [PSYoungGen: 71664K->1712K(72192K)] 438176K->368232K(802304K), 0.0019510 secs] [Times: user=0.00 sys=0.00, real=0.00 secs] 
2681.553: [GC (Allocation Failure) [PSYoungGen: 71856K->1376K(72192K)] 438376K->367896K(802304K), 0.0025625 secs] [Times: user=0.01 sys=0.00, real=0.01 secs] 
2682.113: [GC (Allocation Failure) [PSYoungGen: 71520K->1344K(72192K)] 438040K->367864K(802304K), 0.0025210 secs] [Times: user=0.01 sys=0.00, real=0.01 secs] 
2682.729: [GC (Allocation Failure) [PSYoungGen: 71488K->1344K(72192K)] 438008K->367864K(802304K), 0.0025361 secs] [Times: user=0.02 sys=0.00, real=0.00 secs] 
2683.104: [GC (Allocation Failure) [PSYoungGen: 71488K->1437K(72192K)] 438008K->367957K(802304K), 0.0022322 secs] [Times: user=0.01 sys=0.00, real=0.00 secs] 
2683.251: [GC (Allocation Failure) [PSYoungGen: 71581K->1485K(72192K)] 438101K->368005K(802304K), 0.0016817 secs] [Times: user=0.01 sys=0.00, real=0.00 secs] 
2683.375: [GC (Allocation Failure) [PSYoungGen: 71629K->1520K(72192K)] 438149K->368040K(802304K), 0.0015421 secs] [Times: user=0.01 sys=0.00, real=0.00 secs] 
2683.519: [GC (Allocation Failure) [PSYoungGen: 71664K->1456K(72192K)] 438184K->367976K(802304K), 0.0019489 secs] [Times: user=0.01 sys=0.00, real=0.00 secs] 
2683.746: [GC (Allocation Failure) [PSYoungGen: 71600K->1440K(72192K)] 438120K->367960K(802304K), 0.0021858 secs] [Times: user=0.01 sys=0.00, real=0.00 secs] 
2684.038: [GC (Allocation Failure) [PSYoungGen: 71584K->1376K(72192K)] 438104K->367896K(802304K), 0.0020431 secs] [Times: user=0.00 sys=0.00, real=0.00 secs] 
2684.330: [GC (Allocation Failure) [PSYoungGen: 71520K->1376K(72192K)] 438040K->367896K(802304K), 0.0020834 secs] [Times: user=0.01 sys=0.00, real=0.00 secs] 
2684.622: [GC (Allocation Failure) [PSYoungGen: 71520K->1344K(72192K)] 438040K->367864K(802304K), 0.0019683 secs] [Times: user=0.01 sys=0.00, real=0.01 secs] 
2684.903: [GC (Allocation Failure) [PSYoungGen: 71488K->1453K(72192K)] 438008K->367973K(802304K), 0.0019685 secs] [Times: user=0.01 sys=0.00, real=0.01 secs] 
2685.031: [GC (Allocation Failure) [PSYoungGen: 71582K->1517K(72192K)] 438102K->368037K(802304K), 0.0015968 secs] [Times: user=0.01 sys=0.00, real=0.00 secs] 
2685.173: [GC (Allocation Failure) [PSYoungGen: 71661K->1488K(72192K)] 438181K->368008K(802304K), 0.0019446 secs] [Times: user=0.01 sys=0.00, real=0.01 secs] 
2685.341: [GC (Allocation Failure) [PSYoungGen: 71632K->1488K(78336K)] 438152K->368016K(808448K), 0.0019530 secs] [Times: user=0.01 sys=0.00, real=0.00 secs] 
2686.201: [GC (Allocation Failure) [PSYoungGen: 77776K->1408K(77312K)] 444304K->367936K(807424K), 0.0029388 secs] [Times: user=0.01 sys=0.00, real=0.01 secs] 
2687.302: [GC (Allocation Failure) [PSYoungGen: 77184K->1376K(76800K)] 443712K->367904K(806912K), 0.0029595 secs] [Times: user=0.01 sys=0.00, real=0.01 secs] 
2688.384: [GC (Allocation Failure) [PSYoungGen: 76640K->1376K(76288K)] 443168K->367920K(806400K), 0.0030902 secs] [Times: user=0.02 sys=0.00, real=0.01 secs] 
2689.424: [GC (Allocation Failure) [PSYoungGen: 76128K->1408K(75776K)] 442672K->367952K(805888K), 0.0030479 secs] [Times: user=0.02 sys=0.00, real=0.00 secs] 
2689.677: [GC (Allocation Failure) [PSYoungGen: 75648K->1453K(75264K)] 442192K->367997K(805376K), 0.0017959 secs] [Times: user=0.00 sys=0.00, real=0.00 secs] 
2689.828: [GC (Allocation Failure) [PSYoungGen: 75181K->1456K(74752K)] 441725K->368000K(804864K), 0.0019924 secs] [Times: user=0.01 sys=0.00, real=0.00 secs] 
2689.992: [GC (Allocation Failure) [PSYoungGen: 74672K->1488K(74240K)] 441216K->368032K(804352K), 0.0021755 secs] [Times: user=0.01 sys=0.00, real=0.01 secs] 
2690.225: [GC (Allocation Failure) [PSYoungGen: 74192K->1408K(73728K)] 440736K->367952K(803840K), 0.0023162 secs] [Times: user=0.01 sys=0.00, real=0.00 secs] 
2690.756: [GC (Allocation Failure) [PSYoungGen: 73600K->1344K(73216K)] 440144K->367888K(803328K), 0.0022599 secs] [Times: user=0.01 sys=0.00, real=0.00 secs] 
2691.410: [GC (Allocation Failure) [PSYoungGen: 73024K->1344K(72704K)] 439568K->367888K(802816K), 0.0023523 secs] [Times: user=0.00 sys=0.00, real=0.00 secs] 
2692.048: [GC (Allocation Failure) [PSYoungGen: 72512K->1376K(72192K)] 439056K->367920K(802304K), 0.0023230 secs] [Times: user=0.01 sys=0.00, real=0.00 secs] 
2692.454: [GC (Allocation Failure) [PSYoungGen: 72032K->1520K(71680K)] 438576K->368064K(801792K), 0.0020597 secs] [Times: user=0.01 sys=0.00, real=0.00 secs] 
2692.612: [GC (Allocation Failure) [PSYoungGen: 71664K->1488K(72192K)] 438208K->368032K(802304K), 0.0019672 secs] [Times: user=0.01 sys=0.00, real=0.01 secs] 
2692.781: [GC (Allocation Failure) [PSYoungGen: 71632K->1552K(72192K)] 438176K->368096K(802304K), 0.0022687 secs] [Times: user=0.01 sys=0.00, real=0.00 secs] 
2692.948: [GC (Allocation Failure) [PSYoungGen: 71696K->1517K(72192K)] 438240K->368061K(802304K), 0.0016293 secs] [Times: user=0.01 sys=0.00, real=0.00 secs] 
2694.468: [GC (Allocation Failure) [PSYoungGen: 71661K->1424K(72192K)] 438205K->367976K(802304K), 0.0047215 secs] [Times: user=0.01 sys=0.00, real=0.00 secs] 
2695.541: [GC (Allocation Failure) [PSYoungGen: 71568K->1408K(72192K)] 438120K->367960K(802304K), 0.0040384 secs] [Times: user=0.02 sys=0.00, real=0.01 secs] 
2696.147: [GC (Allocation Failure) [PSYoungGen: 71552K->1376K(72192K)] 438104K->367928K(802304K), 0.0025232 secs] [Times: user=0.01 sys=0.00, real=0.00 secs] 
2696.712: [GC (Allocation Failure) [PSYoungGen: 71520K->1392K(72192K)] 438072K->367944K(802304K), 0.0022123 secs] [Times: user=0.01 sys=0.00, real=0.01 secs] 
2696.963: [GC (Allocation Failure) [PSYoungGen: 71536K->1453K(72192K)] 438088K->368005K(802304K), 0.0016953 secs] [Times: user=0.01 sys=0.00, real=0.01 secs] 
2697.089: [GC (Allocation Failure) [PSYoungGen: 71597K->1517K(72192K)] 438149K->368069K(802304K), 0.0028410 secs] [Times: user=0.01 sys=0.00, real=0.00 secs] 
2697.246: [GC (Allocation Failure) [PSYoungGen: 71661K->1520K(72192K)] 438213K->368072K(802304K), 0.0021179 secs] [Times: user=0.01 sys=0.00, real=0.00 secs] 
2697.524: [GC (Allocation Failure) [PSYoungGen: 71164K->1728K(72192K)] 437716K->368280K(802304K), 0.0024248 secs] [Times: user=0.00 sys=0.00, real=0.00 secs] 
2698.232: [GC (Allocation Failure) [PSYoungGen: 71872K->1344K(71680K)] 438424K->367896K(801792K), 0.0033047 secs] [Times: user=0.01 sys=0.01, real=0.01 secs] 
2698.714: [GC (Allocation Failure) [PSYoungGen: 71488K->1392K(71680K)] 438040K->367944K(801792K), 0.0022937 secs] [Times: user=0.01 sys=0.00, real=0.00 secs] 
2699.042: [GC (Allocation Failure) [PSYoungGen: 71536K->1344K(71680K)] 438088K->367896K(801792K), 0.0020979 secs] [Times: user=0.01 sys=0.00, real=0.01 secs] 
2699.349: [GC (Allocation Failure) [PSYoungGen: 71488K->1469K(71680K)] 438040K->368021K(801792K), 0.0021643 secs] [Times: user=0.01 sys=0.00, real=0.00 secs] 
2699.480: [GC (Allocation Failure) [PSYoungGen: 71613K->1520K(71680K)] 438165K->368088K(801792K), 0.0017681 secs] [Times: user=0.01 sys=0.00, real=0.00 secs] 
2699.604: [GC (Allocation Failure) [PSYoungGen: 71664K->1456K(75776K)] 438232K->368024K(805888K), 0.0017906 secs] [Times: user=0.01 sys=0.00, real=0.00 secs] 
2699.735: [GC (Allocation Failure) [PSYoungGen: 75184K->1517K(78336K)] 441752K->368085K(808448K), 0.0015598 secs] [Times: user=0.01 sys=0.00, real=0.00 secs] 
2700.031: [GC (Allocation Failure) [PSYoungGen: 77805K->1408K(77312K)] 444373K->367984K(807424K), 0.0019275 secs] [Times: user=0.01 sys=0.00, real=0.00 secs] 
2700.392: [GC (Allocation Failure) [PSYoungGen: 77184K->1376K(76800K)] 443760K->367952K(806912K), 0.0020597 secs] [Times: user=0.01 sys=0.00, real=0.01 secs] 
2700.706: [GC (Allocation Failure) [PSYoungGen: 76640K->1360K(76288K)] 443216K->367936K(806400K), 0.0018950 secs] [Times: user=0.01 sys=0.00, real=0.00 secs] 
2701.147: [GC (Allocation Failure) [PSYoungGen: 76112K->1408K(75776K)] 442688K->367984K(805888K), 0.0021030 secs] [Times: user=0.00 sys=0.00, real=0.00 secs] 
2701.423: [GC (Allocation Failure) [PSYoungGen: 75648K->1549K(75776K)] 442224K->368125K(805888K), 0.0017611 secs] [Times: user=0.01 sys=0.00, real=0.01 secs] 
2701.553: [GC (Allocation Failure) [PSYoungGen: 75277K->1517K(74752K)] 441853K->368125K(804864K), 0.0015921 secs] [Times: user=0.01 sys=0.00, real=0.01 secs] 
2701.683: [GC (Allocation Failure) [PSYoungGen: 74733K->1485K(74240K)] 441341K->368109K(804352K), 0.0016874 secs] [Times: user=0.00 sys=0.00, real=0.01 secs] 
2702.286: [GC (Allocation Failure) [PSYoungGen: 74189K->1472K(73728K)] 440813K->368096K(803840K), 0.0038111 secs] [Times: user=0.02 sys=0.00, real=0.00 secs] 
2702.602: [GC (Allocation Failure) [PSYoungGen: 73664K->1376K(73216K)] 440288K->368000K(803328K), 0.0022994 secs] [Times: user=0.01 sys=0.00, real=0.01 secs] 
2703.081: [GC (Allocation Failure) [PSYoungGen: 73056K->1376K(72704K)] 439680K->368000K(802816K), 0.0020675 secs] [Times: user=0.01 sys=0.00, real=0.00 secs] 
2703.774: [GC (Allocation Failure) [PSYoungGen: 72544K->1376K(72192K)] 439168K->368000K(802304K), 0.0021659 secs] [Times: user=0.00 sys=0.00, real=0.00 secs] 
2704.353: [GC (Allocation Failure) [PSYoungGen: 72032K->1485K(71680K)] 438656K->368109K(801792K), 0.0025052 secs] [Times: user=0.01 sys=0.00, real=0.01 secs] 
2704.518: [GC (Allocation Failure) [PSYoungGen: 71629K->1549K(72192K)] 438253K->368173K(802304K), 0.0016035 secs] [Times: user=0.01 sys=0.00, real=0.00 secs] 
2704.643: [GC (Allocation Failure) [PSYoungGen: 71693K->1485K(71680K)] 438317K->368109K(801792K), 0.0015572 secs] [Times: user=0.01 sys=0.00, real=0.01 secs] 
2704.767: [GC (Allocation Failure) [PSYoungGen: 71629K->1485K(72192K)] 438253K->368109K(802304K), 0.0016646 secs] [Times: user=0.00 sys=0.00, real=0.00 secs] 
2705.708: [GC (Allocation Failure) [PSYoungGen: 71629K->1456K(72192K)] 438253K->368080K(802304K), 0.0025877 secs] [Times: user=0.01 sys=0.00, real=0.00 secs] 
2707.812: [GC (Allocation Failure) [PSYoungGen: 71600K->1376K(72192K)] 438224K->368000K(802304K), 0.0043559 secs] [Times: user=0.02 sys=0.00, real=0.01 secs] 
2708.776: [GC (Allocation Failure) [PSYoungGen: 71520K->1408K(72192K)] 438144K->368032K(802304K), 0.0022095 secs] [Times: user=0.01 sys=0.00, real=0.00 secs] 
2709.169: [GC (Allocation Failure) [PSYoungGen: 71552K->1392K(72192K)] 438176K->368016K(802304K), 0.0019760 secs] [Times: user=0.01 sys=0.00, real=0.00 secs] 
2709.691: [GC (Allocation Failure) [PSYoungGen: 71536K->1437K(72192K)] 438160K->368061K(802304K), 0.0016285 secs] [Times: user=0.00 sys=0.00, real=0.00 secs] 
2709.815: [GC (Allocation Failure) [PSYoungGen: 71552K->1517K(72192K)] 438176K->368141K(802304K), 0.0018402 secs] [Times: user=0.00 sys=0.00, real=0.00 secs] 
2709.939: [GC (Allocation Failure) [PSYoungGen: 71661K->1485K(72192K)] 438285K->368109K(802304K), 0.0016831 secs] [Times: user=0.01 sys=0.01, real=0.00 secs] 
2710.063: [GC (Allocation Failure) [PSYoungGen: 71629K->1517K(72192K)] 438253K->368157K(802304K), 0.0015867 secs] [Times: user=0.01 sys=0.00, real=0.01 secs] 
2710.384: [GC (Allocation Failure) [PSYoungGen: 71661K->1440K(72192K)] 438301K->368096K(802304K), 0.0020483 secs] [Times: user=0.01 sys=0.00, real=0.00 secs] 
2710.676: [GC (Allocation Failure) [PSYoungGen: 71584K->1408K(72192K)] 438240K->368064K(802304K), 0.0019384 secs] [Times: user=0.01 sys=0.00, real=0.00 secs] 
2710.968: [GC (Allocation Failure) [PSYoungGen: 71552K->1376K(72192K)] 438208K->368032K(802304K), 0.0019070 secs] [Times: user=0.01 sys=0.00, real=0.00 secs] 
2711.305: [GC (Allocation Failure) [PSYoungGen: 71520K->1392K(72192K)] 438176K->368048K(802304K), 0.0017575 secs] [Times: user=0.01 sys=0.00, real=0.00 secs] 
2711.518: [GC (Allocation Failure) [PSYoungGen: 71536K->1533K(72192K)] 438192K->368189K(802304K), 0.0018254 secs] [Times: user=0.01 sys=0.00, real=0.00 secs] 
2711.642: [GC (Allocation Failure) [PSYoungGen: 71677K->1517K(72192K)] 438333K->368173K(802304K), 0.0015823 secs] [Times: user=0.01 sys=0.00, real=0.01 secs] 
2711.766: [GC (Allocation Failure) [PSYoungGen: 71661K->1517K(72192K)] 438317K->368173K(802304K), 0.0016735 secs] [Times: user=0.01 sys=0.00, real=0.00 secs] 
2712.024: [GC (Allocation Failure) [PSYoungGen: 71661K->1360K(72192K)] 438317K->368024K(802304K), 0.0018005 secs] [Times: user=0.00 sys=0.00, real=0.00 secs] 
2713.484: [GC (Allocation Failure) [PSYoungGen: 71504K->1344K(72192K)] 438168K->368008K(802304K), 0.0023509 secs] [Times: user=0.01 sys=0.00, real=0.00 secs] 
2714.312: [GC (Allocation Failure) [PSYoungGen: 71488K->1408K(72192K)] 438152K->368072K(802304K), 0.0023467 secs] [Times: user=0.01 sys=0.00, real=0.01 secs] 
2714.794: [GC (Allocation Failure) [PSYoungGen: 71552K->1376K(72192K)] 438216K->368040K(802304K), 0.0020279 secs] [Times: user=0.01 sys=0.00, real=0.00 secs] 
2715.417: [GC (Allocation Failure) [PSYoungGen: 71520K->1485K(72192K)] 438184K->368149K(802304K), 0.0024343 secs] [Times: user=0.01 sys=0.00, real=0.00 secs] 
2715.627: [GC (Allocation Failure) [PSYoungGen: 71629K->1520K(72192K)] 438293K->368184K(802304K), 0.0024442 secs] [Times: user=0.01 sys=0.00, real=0.00 secs] 
2715.779: [GC (Allocation Failure) [PSYoungGen: 71664K->1485K(72192K)] 438328K->368149K(802304K), 0.0015710 secs] [Times: user=0.01 sys=0.00, real=0.00 secs] 
2715.923: [GC (Allocation Failure) [PSYoungGen: 71629K->1488K(72192K)] 438293K->368152K(802304K), 0.0018457 secs] [Times: user=0.01 sys=0.00, real=0.01 secs] 
2716.247: [GC (Allocation Failure) [PSYoungGen: 71632K->1408K(72192K)] 438296K->368072K(802304K), 0.0028856 secs] [Times: user=0.01 sys=0.00, real=0.00 secs] 
2716.758: [GC (Allocation Failure) [PSYoungGen: 71552K->1408K(72192K)] 438216K->368072K(802304K), 0.0032661 secs] [Times: user=0.01 sys=0.01, real=0.00 secs] 
2717.083: [GC (Allocation Failure) [PSYoungGen: 71552K->1376K(72192K)] 438216K->368040K(802304K), 0.0020588 secs] [Times: user=0.00 sys=0.00, real=0.01 secs] 
2717.392: [GC (Allocation Failure) [PSYoungGen: 71520K->1408K(72192K)] 438184K->368072K(802304K), 0.0017812 secs] [Times: user=0.01 sys=0.00, real=0.01 secs] 
2717.795: [GC (Allocation Failure) [PSYoungGen: 71552K->1424K(72192K)] 438216K->368088K(802304K), 0.0023538 secs] [Times: user=0.01 sys=0.00, real=0.00 secs] 
2717.984: [GC (Allocation Failure) [PSYoungGen: 71540K->1520K(72192K)] 438204K->368184K(802304K), 0.0016100 secs] [Times: user=0.01 sys=0.00, real=0.00 secs] 
2718.128: [GC (Allocation Failure) [PSYoungGen: 71664K->1520K(72192K)] 438328K->368184K(802304K), 0.0018925 secs] [Times: user=0.01 sys=0.00, real=0.00 secs] 
2718.289: [GC (Allocation Failure) [PSYoungGen: 71664K->1552K(72192K)] 438328K->368224K(802304K), 0.0020613 secs] [Times: user=0.00 sys=0.00, real=0.00 secs] 
2718.734: [GC (Allocation Failure) [PSYoungGen: 71696K->1440K(72192K)] 438368K->368136K(802304K), 0.0032395 secs] [Times: user=0.01 sys=0.00, real=0.01 secs] 
2719.228: [GC (Allocation Failure) [PSYoungGen: 71584K->1376K(72192K)] 438280K->368072K(802304K), 0.0025632 secs] [Times: user=0.01 sys=0.00, real=0.00 secs] 
2719.581: [GC (Allocation Failure) [PSYoungGen: 71520K->1376K(72192K)] 438216K->368072K(802304K), 0.0020768 secs] [Times: user=0.01 sys=0.00, real=0.00 secs] 
2719.908: [GC (Allocation Failure) [PSYoungGen: 71520K->1344K(72192K)] 438216K->368040K(802304K), 0.0019953 secs] [Times: user=0.00 sys=0.00, real=0.00 secs] 
2720.118: [GC (Allocation Failure) [PSYoungGen: 71488K->1485K(72192K)] 438184K->368181K(802304K), 0.0016515 secs] [Times: user=0.01 sys=0.00, real=0.00 secs] 
2720.241: [GC (Allocation Failure) [PSYoungGen: 71629K->1456K(72192K)] 438325K->368152K(802304K), 0.0017605 secs] [Times: user=0.01 sys=0.00, real=0.00 secs] 
2720.365: [GC (Allocation Failure) [PSYoungGen: 71600K->1485K(72192K)] 438296K->368181K(802304K), 0.0017190 secs] [Times: user=0.01 sys=0.00, real=0.00 secs] 
2720.731: [GC (Allocation Failure) [PSYoungGen: 71629K->2016K(72192K)] 438325K->368712K(802304K), 0.0021335 secs] [Times: user=0.01 sys=0.00, real=0.00 secs] 
2722.196: [GC (Allocation Failure) [PSYoungGen: 72160K->1376K(72192K)] 438856K->368072K(802304K), 0.0043639 secs] [Times: user=0.01 sys=0.00, real=0.00 secs] 
2722.746: [GC (Allocation Failure) [PSYoungGen: 71520K->1376K(71680K)] 438216K->368072K(801792K), 0.0025316 secs] [Times: user=0.01 sys=0.00, real=0.00 secs] 
2723.180: [GC (Allocation Failure) [PSYoungGen: 71520K->1408K(71680K)] 438216K->368104K(801792K), 0.0022906 secs] [Times: user=0.01 sys=0.00, real=0.00 secs] 
2723.585: [GC (Allocation Failure) [PSYoungGen: 71552K->1485K(71680K)] 438248K->368181K(801792K), 0.0021189 secs] [Times: user=0.01 sys=0.00, real=0.00 secs] 
2723.745: [GC (Allocation Failure) [PSYoungGen: 71629K->1517K(71680K)] 438325K->368213K(801792K), 0.0018369 secs] [Times: user=0.01 sys=0.00, real=0.00 secs] 
2723.870: [GC (Allocation Failure) [PSYoungGen: 71661K->1517K(71680K)] 438357K->368213K(801792K), 0.0016584 secs] [Times: user=0.01 sys=0.00, real=0.00 secs] 
2723.994: [GC (Allocation Failure) [PSYoungGen: 71661K->1517K(71680K)] 438357K->368213K(801792K), 0.0017638 secs] [Times: user=0.00 sys=0.00, real=0.00 secs] 
2724.778: [GC (Allocation Failure) [PSYoungGen: 71661K->1440K(71680K)] 438357K->368136K(801792K), 0.0038808 secs] [Times: user=0.01 sys=0.00, real=0.00 secs] 
2725.334: [GC (Allocation Failure) [PSYoungGen: 71584K->1408K(71680K)] 438280K->368104K(801792K), 0.0026813 secs] [Times: user=0.01 sys=0.00, real=0.00 secs] 
2725.934: [GC (Allocation Failure) [PSYoungGen: 71552K->1344K(71680K)] 438248K->368040K(801792K), 0.0023027 secs] [Times: user=0.01 sys=0.00, real=0.00 secs] 
2726.423: [GC (Allocation Failure) [PSYoungGen: 71488K->1344K(72192K)] 438184K->368040K(802304K), 0.0022563 secs] [Times: user=0.01 sys=0.00, real=0.01 secs] 
2726.870: [GC (Allocation Failure) [PSYoungGen: 71488K->1485K(72192K)] 438184K->368181K(802304K), 0.0021313 secs] [Times: user=0.01 sys=0.00, real=0.00 secs] 
2727.013: [GC (Allocation Failure) [PSYoungGen: 71619K->1533K(72192K)] 438315K->368229K(802304K), 0.0015764 secs] [Times: user=0.01 sys=0.00, real=0.01 secs] 
2727.137: [GC (Allocation Failure) [PSYoungGen: 71677K->1533K(72192K)] 438373K->368229K(802304K), 0.0015529 secs] [Times: user=0.01 sys=0.00, real=0.00 secs] 
2727.261: [GC (Allocation Failure) [PSYoungGen: 71677K->1437K(72192K)] 438373K->368149K(802304K), 0.0016418 secs] [Times: user=0.00 sys=0.00, real=0.00 secs] 
2727.750: [GC (Allocation Failure) [PSYoungGen: 71581K->1408K(72192K)] 438293K->368120K(802304K), 0.0019740 secs] [Times: user=0.01 sys=0.00, real=0.00 secs] 
2728.332: [GC (Allocation Failure) [PSYoungGen: 71552K->1344K(72192K)] 438264K->368072K(802304K), 0.0020879 secs] [Times: user=0.00 sys=0.00, real=0.01 secs] 
2728.665: [GC (Allocation Failure) [PSYoungGen: 71488K->1360K(72192K)] 438216K->368088K(802304K), 0.0020591 secs] [Times: user=0.01 sys=0.00, real=0.00 secs] 
2729.078: [GC (Allocation Failure) [PSYoungGen: 71504K->1392K(72192K)] 438232K->368120K(802304K), 0.0021484 secs] [Times: user=0.01 sys=0.00, real=0.00 secs] 
2729.336: [GC (Allocation Failure) [PSYoungGen: 71536K->1485K(72192K)] 438264K->368213K(802304K), 0.0015374 secs] [Times: user=0.01 sys=0.00, real=0.00 secs] 
2729.460: [GC (Allocation Failure) [PSYoungGen: 71629K->1485K(72192K)] 438357K->368213K(802304K), 0.0015895 secs] [Times: user=0.01 sys=0.00, real=0.00 secs] 
2729.584: [GC (Allocation Failure) [PSYoungGen: 71629K->1485K(72192K)] 438357K->368213K(802304K), 0.0016019 secs] [Times: user=0.01 sys=0.00, real=0.00 secs] 
2729.708: [GC (Allocation Failure) [PSYoungGen: 71629K->1485K(72192K)] 438357K->368221K(802304K), 0.0016787 secs] [Times: user=0.01 sys=0.01, real=0.00 secs] 
2730.551: [GC (Allocation Failure) [PSYoungGen: 71629K->1440K(71680K)] 438365K->368176K(801792K), 0.0018418 secs] [Times: user=0.01 sys=0.00, real=0.00 secs] 
2731.505: [GC (Allocation Failure) [PSYoungGen: 71584K->1376K(71680K)] 438320K->368112K(801792K), 0.0035876 secs] [Times: user=0.01 sys=0.00, real=0.00 secs] 
2732.294: [GC (Allocation Failure) [PSYoungGen: 71520K->1376K(71680K)] 438256K->368112K(801792K), 0.0033500 secs] [Times: user=0.01 sys=0.00, real=0.00 secs] 
2733.246: [GC (Allocation Failure) [PSYoungGen: 71520K->1376K(71680K)] 438256K->368112K(801792K), 0.0036267 secs] [Times: user=0.02 sys=0.00, real=0.00 secs] 
2733.569: [GC (Allocation Failure) [PSYoungGen: 71520K->1517K(71680K)] 438256K->368277K(801792K), 0.0019832 secs] [Times: user=0.00 sys=0.00, real=0.00 secs] 
2733.701: [GC (Allocation Failure) [PSYoungGen: 71661K->1549K(72192K)] 438421K->368309K(802304K), 0.0017600 secs] [Times: user=0.01 sys=0.00, real=0.00 secs] 
2733.826: [GC (Allocation Failure) [PSYoungGen: 71693K->493K(70656K)] 438453K->368277K(800768K), 0.0016412 secs] [Times: user=0.01 sys=0.00, real=0.00 secs] 
2734.025: [GC (Allocation Failure) [PSYoungGen: 70637K->1472K(72192K)] 438421K->369264K(802304K), 0.0016658 secs] [Times: user=0.01 sys=0.00, real=0.00 secs] 
2734.317: [GC (Allocation Failure) [PSYoungGen: 71616K->1360K(71680K)] 439408K->369152K(801792K), 0.0016653 secs] [Times: user=0.00 sys=0.00, real=0.00 secs] 
2734.877: [GC (Allocation Failure) [PSYoungGen: 71504K->1376K(71680K)] 439296K->369168K(801792K), 0.0042686 secs] [Times: user=0.01 sys=0.00, real=0.00 secs] 
2735.441: [GC (Allocation Failure) [PSYoungGen: 71520K->1408K(71680K)] 439312K->369200K(801792K), 0.0026569 secs] [Times: user=0.01 sys=0.00, real=0.01 secs] 
2736.035: [GC (Allocation Failure) [PSYoungGen: 71552K->1437K(71680K)] 439344K->369229K(801792K), 0.0031311 secs] [Times: user=0.01 sys=0.00, real=0.00 secs] 
2736.219: [GC (Allocation Failure) [PSYoungGen: 71576K->1552K(72192K)] 439368K->369344K(802304K), 0.0015712 secs] [Times: user=0.01 sys=0.00, real=0.00 secs] 
2736.344: [GC (Allocation Failure) [PSYoungGen: 71696K->1485K(72192K)] 439488K->369277K(802304K), 0.0017392 secs] [Times: user=0.00 sys=0.00, real=0.00 secs] 
2736.468: [GC (Allocation Failure) [PSYoungGen: 71629K->1453K(72192K)] 439421K->369245K(802304K), 0.0016889 secs] [Times: user=0.01 sys=0.00, real=0.00 secs] 
2736.707: [GC (Allocation Failure) [PSYoungGen: 71597K->1440K(72192K)] 439389K->369240K(802304K), 0.0017312 secs] [Times: user=0.01 sys=0.00, real=0.00 secs] 
2737.146: [GC (Allocation Failure) [PSYoungGen: 71584K->1376K(72192K)] 439384K->369176K(802304K), 0.0016433 secs] [Times: user=0.00 sys=0.00, real=0.00 secs] 
2737.722: [GC (Allocation Failure) [PSYoungGen: 71520K->1392K(72192K)] 439320K->369192K(802304K), 0.0023144 secs] [Times: user=0.01 sys=0.00, real=0.01 secs] 
2738.310: [GC (Allocation Failure) [PSYoungGen: 71536K->1376K(72192K)] 439336K->369192K(802304K), 0.0034125 secs] [Times: user=0.02 sys=0.00, real=0.01 secs] 
2738.728: [GC (Allocation Failure) [PSYoungGen: 71520K->1485K(72192K)] 439336K->369301K(802304K), 0.0021414 secs] [Times: user=0.01 sys=0.00, real=0.00 secs] 
2738.873: [GC (Allocation Failure) [PSYoungGen: 71629K->1453K(72192K)] 439445K->369269K(802304K), 0.0015349 secs] [Times: user=0.01 sys=0.00, real=0.01 secs] 
2738.997: [GC (Allocation Failure) [PSYoungGen: 71597K->1453K(72192K)] 439413K->369269K(802304K), 0.0017033 secs] [Times: user=0.00 sys=0.00, real=0.00 secs] 
2739.141: [GC (Allocation Failure) [PSYoungGen: 71597K->1552K(72192K)] 439413K->369384K(802304K), 0.0019283 secs] [Times: user=0.01 sys=0.00, real=0.00 secs] 
2739.679: [GC (Allocation Failure) [PSYoungGen: 71696K->1408K(72192K)] 439528K->369240K(802304K), 0.0023450 secs] [Times: user=0.01 sys=0.00, real=0.00 secs] 
2740.257: [GC (Allocation Failure) [PSYoungGen: 71552K->1376K(72192K)] 439384K->369208K(802304K), 0.0023960 secs] [Times: user=0.01 sys=0.00, real=0.00 secs] 
2740.838: [GC (Allocation Failure) [PSYoungGen: 71520K->1376K(72192K)] 439352K->369208K(802304K), 0.0041124 secs] [Times: user=0.02 sys=0.00, real=0.00 secs] 
2741.298: [GC (Allocation Failure) [PSYoungGen: 71520K->1376K(72192K)] 439352K->369208K(802304K), 0.0023829 secs] [Times: user=0.01 sys=0.00, real=0.00 secs] 
2741.505: [GC (Allocation Failure) [PSYoungGen: 71520K->1485K(72192K)] 439352K->369317K(802304K), 0.0016588 secs] [Times: user=0.00 sys=0.00, real=0.00 secs] 
2741.629: [GC (Allocation Failure) [PSYoungGen: 71629K->1453K(72192K)] 439461K->369285K(802304K), 0.0015314 secs] [Times: user=0.00 sys=0.00, real=0.00 secs] 
2741.753: [GC (Allocation Failure) [PSYoungGen: 71597K->1453K(72192K)] 439429K->369285K(802304K), 0.0016602 secs] [Times: user=0.01 sys=0.00, real=0.01 secs] 
2741.968: [GC (Allocation Failure) [PSYoungGen: 71597K->1984K(72192K)] 439429K->369816K(802304K), 0.0017518 secs] [Times: user=0.01 sys=0.00, real=0.00 secs] 
2742.727: [GC (Allocation Failure) [PSYoungGen: 72128K->1376K(72192K)] 439960K->369208K(802304K), 0.0021812 secs] [Times: user=0.01 sys=0.00, real=0.00 secs] 
2743.302: [GC (Allocation Failure) [PSYoungGen: 71520K->1408K(72192K)] 439352K->369240K(802304K), 0.0023468 secs] [Times: user=0.01 sys=0.00, real=0.01 secs] 
2743.717: [GC (Allocation Failure) [PSYoungGen: 71552K->1424K(72192K)] 439384K->369256K(802304K), 0.0019835 secs] [Times: user=0.00 sys=0.00, real=0.00 secs] 
2744.094: [GC (Allocation Failure) [PSYoungGen: 71568K->1469K(72192K)] 439400K->369301K(802304K), 0.0020772 secs] [Times: user=0.01 sys=0.00, real=0.00 secs] 
2744.243: [GC (Allocation Failure) [PSYoungGen: 71613K->1485K(72192K)] 439445K->369317K(802304K), 0.0016686 secs] [Times: user=0.01 sys=0.00, real=0.01 secs] 
2744.368: [GC (Allocation Failure) [PSYoungGen: 71629K->1549K(72192K)] 439461K->369381K(802304K), 0.0016829 secs] [Times: user=0.01 sys=0.00, real=0.00 secs] 
2744.492: [GC (Allocation Failure) [PSYoungGen: 71693K->1549K(72192K)] 439525K->369381K(802304K), 0.0015389 secs] [Times: user=0.01 sys=0.00, real=0.01 secs] 
2744.822: [GC (Allocation Failure) [PSYoungGen: 71693K->1440K(72192K)] 439525K->369272K(802304K), 0.0020367 secs] [Times: user=0.01 sys=0.00, real=0.01 secs] 
2745.486: [GC (Allocation Failure) [PSYoungGen: 71584K->1344K(72192K)] 439416K->369176K(802304K), 0.0020960 secs] [Times: user=0.01 sys=0.00, real=0.00 secs] 
2745.915: [GC (Allocation Failure) [PSYoungGen: 71488K->1376K(72192K)] 439320K->369208K(802304K), 0.0023009 secs] [Times: user=0.01 sys=0.00, real=0.00 secs] 
2746.201: [GC (Allocation Failure) [PSYoungGen: 71520K->1376K(72192K)] 439352K->369208K(802304K), 0.0022175 secs] [Times: user=0.01 sys=0.00, real=0.00 secs] 
2746.504: [GC (Allocation Failure) [PSYoungGen: 71520K->1485K(72192K)] 439352K->369317K(802304K), 0.0016060 secs] [Times: user=0.01 sys=0.00, real=0.00 secs] 
2746.628: [GC (Allocation Failure) [PSYoungGen: 71614K->1485K(72192K)] 439446K->369317K(802304K), 0.0015671 secs] [Times: user=0.00 sys=0.00, real=0.00 secs] 
2746.753: [GC (Allocation Failure) [PSYoungGen: 71629K->1485K(72192K)] 439461K->369317K(802304K), 0.0016789 secs] [Times: user=0.01 sys=0.00, real=0.01 secs] 
2746.877: [GC (Allocation Failure) [PSYoungGen: 71629K->1485K(72192K)] 439461K->369341K(802304K), 0.0016307 secs] [Times: user=0.00 sys=0.00, real=0.00 secs] 
2747.450: [GC (Allocation Failure) [PSYoungGen: 71629K->1440K(71680K)] 439485K->369312K(801792K), 0.0017006 secs] [Times: user=0.01 sys=0.00, real=0.00 secs] 
2748.097: [GC (Allocation Failure) [PSYoungGen: 71584K->1376K(71680K)] 439456K->369248K(801792K), 0.0036643 secs] [Times: user=0.02 sys=0.00, real=0.00 secs] 
2748.512: [GC (Allocation Failure) [PSYoungGen: 71520K->1360K(71680K)] 439392K->369232K(801792K), 0.0020237 secs] [Times: user=0.01 sys=0.00, real=0.01 secs] 
2748.806: [GC (Allocation Failure) [PSYoungGen: 71504K->1344K(71680K)] 439376K->369216K(801792K), 0.0029768 secs] [Times: user=0.01 sys=0.00, real=0.00 secs] 
2749.045: [GC (Allocation Failure) [PSYoungGen: 71488K->1453K(71680K)] 439360K->369325K(801792K), 0.0016226 secs] [Times: user=0.01 sys=0.00, real=0.00 secs] 
2749.190: [GC (Allocation Failure) [PSYoungGen: 71597K->1549K(72192K)] 439469K->369421K(802304K), 0.0021732 secs] [Times: user=0.00 sys=0.00, real=0.00 secs] 
2749.370: [GC (Allocation Failure) [PSYoungGen: 71693K->557K(71168K)] 439565K->369453K(801280K), 0.0022068 secs] [Times: user=0.01 sys=0.00, real=0.00 secs] 
2749.534: [GC (Allocation Failure) [PSYoungGen: 70701K->461K(70656K)] 439597K->369373K(800768K), 0.0017575 secs] [Times: user=0.00 sys=0.00, real=0.00 secs] 
2750.215: [GC (Allocation Failure) [PSYoungGen: 70605K->1440K(71680K)] 439517K->370352K(801792K), 0.0020575 secs] [Times: user=0.01 sys=0.00, real=0.00 secs] 
2750.506: [GC (Allocation Failure) [PSYoungGen: 71584K->1408K(71680K)] 440496K->370320K(801792K), 0.0020639 secs] [Times: user=0.01 sys=0.00, real=0.00 secs] 
2750.820: [GC (Allocation Failure) [PSYoungGen: 71552K->1360K(71680K)] 440464K->370272K(801792K), 0.0019284 secs] [Times: user=0.01 sys=0.00, real=0.00 secs] 
2751.381: [GC (Allocation Failure) [PSYoungGen: 71504K->1344K(71680K)] 440416K->370256K(801792K), 0.0019482 secs] [Times: user=0.01 sys=0.00, real=0.00 secs] 
2751.604: [GC (Allocation Failure) [PSYoungGen: 71488K->1485K(72192K)] 440400K->370397K(802304K), 0.0015671 secs] [Times: user=0.01 sys=0.00, real=0.00 secs] 
2751.727: [GC (Allocation Failure) [PSYoungGen: 71629K->1485K(72192K)] 440541K->370397K(802304K), 0.0017660 secs] [Times: user=0.01 sys=0.00, real=0.00 secs] 
2751.851: [GC (Allocation Failure) [PSYoungGen: 71629K->1453K(72192K)] 440541K->370365K(802304K), 0.0017057 secs] [Times: user=0.01 sys=0.00, real=0.00 secs] 
2752.053: [GC (Allocation Failure) [PSYoungGen: 71597K->1440K(72192K)] 440509K->370352K(802304K), 0.0018780 secs] [Times: user=0.01 sys=0.00, real=0.01 secs] 
2752.372: [GC (Allocation Failure) [PSYoungGen: 71584K->1360K(72192K)] 440496K->370272K(802304K), 0.0019124 secs] [Times: user=0.00 sys=0.00, real=0.01 secs] 
2752.663: [GC (Allocation Failure) [PSYoungGen: 71504K->1344K(72192K)] 440416K->370256K(802304K), 0.0019871 secs] [Times: user=0.00 sys=0.00, real=0.01 secs] 
2753.000: [GC (Allocation Failure) [PSYoungGen: 71488K->1408K(72192K)] 440400K->370320K(802304K), 0.0019631 secs] [Times: user=0.01 sys=0.00, real=0.00 secs] 
2753.276: [GC (Allocation Failure) [PSYoungGen: 71552K->1456K(72192K)] 440464K->370368K(802304K), 0.0018430 secs] [Times: user=0.01 sys=0.00, real=0.00 secs] 
2753.401: [GC (Allocation Failure) [PSYoungGen: 71582K->1485K(72192K)] 440494K->370397K(802304K), 0.0015501 secs] [Times: user=0.00 sys=0.00, real=0.00 secs] 
2753.526: [GC (Allocation Failure) [PSYoungGen: 71629K->1485K(72192K)] 440541K->370397K(802304K), 0.0016753 secs] [Times: user=0.01 sys=0.00, real=0.00 secs] 
2753.650: [GC (Allocation Failure) [PSYoungGen: 71629K->1485K(72192K)] 440541K->370397K(802304K), 0.0016032 secs] [Times: user=0.00 sys=0.00, real=0.00 secs] 
2754.018: [GC (Allocation Failure) [PSYoungGen: 71629K->1440K(72192K)] 440541K->370352K(802304K), 0.0019417 secs] [Times: user=0.01 sys=0.00, real=0.00 secs] 
2754.348: [GC (Allocation Failure) [PSYoungGen: 71584K->1344K(72192K)] 440496K->370256K(802304K), 0.0020610 secs] [Times: user=0.00 sys=0.00, real=0.00 secs] 
2754.648: [GC (Allocation Failure) [PSYoungGen: 71488K->1392K(72192K)] 440400K->370304K(802304K), 0.0019196 secs] [Times: user=0.00 sys=0.00, real=0.00 secs] 
2754.939: [GC (Allocation Failure) [PSYoungGen: 71536K->1376K(72192K)] 440448K->370288K(802304K), 0.0019680 secs] [Times: user=0.00 sys=0.00, real=0.00 secs] 
2755.181: [GC (Allocation Failure) [PSYoungGen: 71520K->1485K(72192K)] 440432K->370397K(802304K), 0.0016862 secs] [Times: user=0.01 sys=0.00, real=0.00 secs] 
2755.305: [GC (Allocation Failure) [PSYoungGen: 71614K->1485K(72192K)] 440526K->370397K(802304K), 0.0015811 secs] [Times: user=0.00 sys=0.00, real=0.00 secs] 
2755.429: [GC (Allocation Failure) [PSYoungGen: 71629K->1485K(72192K)] 440541K->370397K(802304K), 0.0016432 secs] [Times: user=0.00 sys=0.00, real=0.00 secs] 
2755.553: [GC (Allocation Failure) [PSYoungGen: 71629K->1485K(72192K)] 440541K->370413K(802304K), 0.0015846 secs] [Times: user=0.00 sys=0.00, real=0.01 secs] 
2755.856: [GC (Allocation Failure) [PSYoungGen: 71629K->1408K(72192K)] 440557K->370336K(802304K), 0.0018316 secs] [Times: user=0.01 sys=0.00, real=0.00 secs] 
2756.191: [GC (Allocation Failure) [PSYoungGen: 71552K->1376K(72192K)] 440480K->370328K(802304K), 0.0018058 secs] [Times: user=0.01 sys=0.00, real=0.00 secs] 
2756.514: [GC (Allocation Failure) [PSYoungGen: 71520K->1376K(72192K)] 440472K->370328K(802304K), 0.0019816 secs] [Times: user=0.01 sys=0.00, real=0.01 secs] 
2756.806: [GC (Allocation Failure) [PSYoungGen: 71520K->1392K(72192K)] 440472K->370344K(802304K), 0.0019817 secs] [Times: user=0.00 sys=0.00, real=0.00 secs] 
2757.019: [GC (Allocation Failure) [PSYoungGen: 71536K->1485K(72192K)] 440488K->370437K(802304K), 0.0016005 secs] [Times: user=0.00 sys=0.00, real=0.00 secs] 
2757.143: [GC (Allocation Failure) [PSYoungGen: 71629K->1517K(72192K)] 440581K->370469K(802304K), 0.0016616 secs] [Times: user=0.01 sys=0.00, real=0.01 secs] 
2757.267: [GC (Allocation Failure) [PSYoungGen: 71661K->1549K(72192K)] 440613K->370501K(802304K), 0.0017729 secs] [Times: user=0.00 sys=0.00, real=0.00 secs] 
2757.844: [GC (Allocation Failure) [PSYoungGen: 71693K->1440K(71680K)] 440645K->370400K(801792K), 0.0026541 secs] [Times: user=0.01 sys=0.00, real=0.00 secs] 
2759.673: [GC (Allocation Failure) [PSYoungGen: 71584K->1408K(71680K)] 440544K->370368K(801792K), 0.0083957 secs] [Times: user=0.04 sys=0.00, real=0.01 secs] 
2760.564: [GC (Allocation Failure) [PSYoungGen: 71552K->1408K(71680K)] 440512K->370368K(801792K), 0.0036542 secs] [Times: user=0.01 sys=0.00, real=0.00 secs] 
2761.438: [GC (Allocation Failure) [PSYoungGen: 71552K->1376K(71680K)] 440512K->370336K(801792K), 0.0029739 secs] [Times: user=0.01 sys=0.00, real=0.00 secs] 
2761.821: [GC (Allocation Failure) [PSYoungGen: 71520K->1485K(71680K)] 440480K->370445K(801792K), 0.0021465 secs] [Times: user=0.01 sys=0.00, real=0.00 secs] 
2761.967: [GC (Allocation Failure) [PSYoungGen: 71629K->1456K(71680K)] 440589K->370416K(801792K), 0.0018605 secs] [Times: user=0.01 sys=0.00, real=0.00 secs] 
2762.092: [GC (Allocation Failure) [PSYoungGen: 71600K->1520K(71680K)] 440560K->370480K(801792K), 0.0015385 secs] [Times: user=0.01 sys=0.00, real=0.00 secs] 
2762.216: [GC (Allocation Failure) [PSYoungGen: 71664K->1517K(71680K)] 440624K->370477K(801792K), 0.0017538 secs] [Times: user=0.01 sys=0.01, real=0.00 secs] 
2762.808: [GC (Allocation Failure) [PSYoungGen: 71661K->1424K(71680K)] 440621K->370384K(801792K), 0.0020762 secs] [Times: user=0.01 sys=0.00, real=0.00 secs] 
2763.984: [GC (Allocation Failure) [PSYoungGen: 71568K->1408K(71680K)] 440528K->370368K(801792K), 0.0026880 secs] [Times: user=0.01 sys=0.00, real=0.01 secs] 
2764.816: [GC (Allocation Failure) [PSYoungGen: 71552K->1376K(71680K)] 440512K->370336K(801792K), 0.0029821 secs] [Times: user=0.01 sys=0.00, real=0.00 secs] 
2765.612: [GC (Allocation Failure) [PSYoungGen: 71520K->1376K(71680K)] 440480K->370336K(801792K), 0.0029941 secs] [Times: user=0.01 sys=0.00, real=0.01 secs] 
2766.303: [GC (Allocation Failure) [PSYoungGen: 71520K->1488K(72192K)] 440480K->370448K(802304K), 0.0023497 secs] [Times: user=0.01 sys=0.00, real=0.01 secs] 
2766.496: [GC (Allocation Failure) [PSYoungGen: 71609K->1520K(72192K)] 440569K->370480K(802304K), 0.0024638 secs] [Times: user=0.01 sys=0.00, real=0.00 secs] 
2766.651: [GC (Allocation Failure) [PSYoungGen: 71664K->1485K(72192K)] 440624K->370445K(802304K), 0.0018303 secs] [Times: user=0.01 sys=0.00, real=0.00 secs] 
2766.775: [GC (Allocation Failure) [PSYoungGen: 71629K->1485K(72192K)] 440589K->370469K(802304K), 0.0015944 secs] [Times: user=0.01 sys=0.00, real=0.00 secs] 
2767.296: [GC (Allocation Failure) [PSYoungGen: 71629K->1408K(72192K)] 440613K->370392K(802304K), 0.0026086 secs] [Times: user=0.01 sys=0.00, real=0.00 secs] 
2767.829: [GC (Allocation Failure) [PSYoungGen: 71552K->1408K(72192K)] 440536K->370392K(802304K), 0.0024885 secs] [Times: user=0.01 sys=0.00, real=0.00 secs] 
2768.270: [GC (Allocation Failure) [PSYoungGen: 71552K->1376K(72192K)] 440536K->370360K(802304K), 0.0020953 secs] [Times: user=0.01 sys=0.00, real=0.00 secs] 
2768.561: [GC (Allocation Failure) [PSYoungGen: 71520K->1376K(72192K)] 440504K->370360K(802304K), 0.0019725 secs] [Times: user=0.01 sys=0.00, real=0.00 secs] 
2768.770: [GC (Allocation Failure) [PSYoungGen: 71520K->1485K(72192K)] 440504K->370469K(802304K), 0.0017061 secs] [Times: user=0.00 sys=0.00, real=0.00 secs] 
2768.898: [GC (Allocation Failure) [PSYoungGen: 71629K->1453K(72192K)] 440613K->370445K(802304K), 0.0015449 secs] [Times: user=0.00 sys=0.00, real=0.00 secs] 
2769.043: [GC (Allocation Failure) [PSYoungGen: 71597K->1517K(72192K)] 440589K->370509K(802304K), 0.0018501 secs] [Times: user=0.00 sys=0.00, real=0.01 secs] 
2769.194: [GC (Allocation Failure) [PSYoungGen: 71661K->1408K(72192K)] 440653K->370424K(802304K), 0.0016084 secs] [Times: user=0.00 sys=0.00, real=0.00 secs] 
2770.284: [GC (Allocation Failure) [PSYoungGen: 71552K->1376K(72192K)] 440568K->370392K(802304K), 0.0026728 secs] [Times: user=0.01 sys=0.00, real=0.00 secs] 
2770.568: [GC (Allocation Failure) [PSYoungGen: 71520K->1376K(72192K)] 440536K->370400K(802304K), 0.0020269 secs] [Times: user=0.01 sys=0.00, real=0.00 secs] 
2771.085: [GC (Allocation Failure) [PSYoungGen: 71520K->1376K(72192K)] 440544K->370400K(802304K), 0.0028372 secs] [Times: user=0.01 sys=0.00, real=0.00 secs] 
2771.664: [GC (Allocation Failure) [PSYoungGen: 71520K->1453K(72192K)] 440544K->370477K(802304K), 0.0030966 secs] [Times: user=0.01 sys=0.00, real=0.00 secs] 
2771.863: [GC (Allocation Failure) [PSYoungGen: 71597K->1517K(72192K)] 440621K->370541K(802304K), 0.0015258 secs] [Times: user=0.00 sys=0.00, real=0.01 secs] 
2772.006: [GC (Allocation Failure) [PSYoungGen: 71661K->1517K(72192K)] 440685K->370541K(802304K), 0.0019533 secs] [Times: user=0.00 sys=0.00, real=0.00 secs] 
2772.160: [GC (Allocation Failure) [PSYoungGen: 71661K->1517K(72192K)] 440685K->370541K(802304K), 0.0017100 secs] [Times: user=0.01 sys=0.00, real=0.00 secs] 
2772.605: [GC (Allocation Failure) [PSYoungGen: 71661K->1440K(72192K)] 440685K->370472K(802304K), 0.0029300 secs] [Times: user=0.01 sys=0.00, real=0.00 secs] 
2772.967: [GC (Allocation Failure) [PSYoungGen: 71584K->1376K(72192K)] 440616K->370408K(802304K), 0.0027360 secs] [Times: user=0.01 sys=0.00, real=0.00 secs] 
2773.308: [GC (Allocation Failure) [PSYoungGen: 71520K->1376K(72192K)] 440552K->370408K(802304K), 0.0032350 secs] [Times: user=0.01 sys=0.00, real=0.00 secs] 
2773.983: [GC (Allocation Failure) [PSYoungGen: 71520K->1376K(72192K)] 440552K->370408K(802304K), 0.0025779 secs] [Times: user=0.01 sys=0.00, real=0.01 secs] 
2774.448: [GC (Allocation Failure) [PSYoungGen: 71520K->1421K(72192K)] 440552K->370453K(802304K), 0.0021136 secs] [Times: user=0.01 sys=0.00, real=0.00 secs] 
2774.592: [GC (Allocation Failure) [PSYoungGen: 71540K->1517K(72192K)] 440572K->370549K(802304K), 0.0015694 secs] [Times: user=0.01 sys=0.01, real=0.00 secs] 
2774.716: [GC (Allocation Failure) [PSYoungGen: 71661K->1453K(72192K)] 440693K->370485K(802304K), 0.0015094 secs] [Times: user=0.00 sys=0.00, real=0.00 secs] 
2774.871: [GC (Allocation Failure) [PSYoungGen: 71597K->1552K(72192K)] 440629K->370592K(802304K), 0.0020677 secs] [Times: user=0.00 sys=0.00, real=0.00 secs] 
2775.345: [GC (Allocation Failure) [PSYoungGen: 71696K->1440K(72192K)] 440736K->370488K(802304K), 0.0023668 secs] [Times: user=0.01 sys=0.00, real=0.00 secs] 
2775.900: [GC (Allocation Failure) [PSYoungGen: 71584K->1344K(72192K)] 440632K->370392K(802304K), 0.0024422 secs] [Times: user=0.01 sys=0.00, real=0.00 secs] 
2776.432: [GC (Allocation Failure) [PSYoungGen: 71488K->1392K(72192K)] 440536K->370440K(802304K), 0.0027411 secs] [Times: user=0.01 sys=0.00, real=0.01 secs] 
2777.206: [GC (Allocation Failure) [PSYoungGen: 71536K->1408K(72192K)] 440584K->370456K(802304K), 0.0044685 secs] [Times: user=0.02 sys=0.00, real=0.00 secs] 
2777.704: [GC (Allocation Failure) [PSYoungGen: 71552K->1488K(72192K)] 440600K->370536K(802304K), 0.0024275 secs] [Times: user=0.01 sys=0.00, real=0.00 secs] 
2777.864: [GC (Allocation Failure) [PSYoungGen: 71632K->1469K(72192K)] 440680K->370517K(802304K), 0.0016054 secs] [Times: user=0.00 sys=0.00, real=0.00 secs] 
2777.988: [GC (Allocation Failure) [PSYoungGen: 71613K->1488K(72192K)] 440661K->370536K(802304K), 0.0016620 secs] [Times: user=0.00 sys=0.00, real=0.00 secs] 
2778.112: [GC (Allocation Failure) [PSYoungGen: 71632K->1472K(72192K)] 440680K->370536K(802304K), 0.0016069 secs] [Times: user=0.01 sys=0.00, real=0.00 secs] 
2778.430: [GC (Allocation Failure) [PSYoungGen: 71616K->1440K(72192K)] 440680K->370504K(802304K), 0.0029667 secs] [Times: user=0.02 sys=0.00, real=0.00 secs] 
2778.747: [GC (Allocation Failure) [PSYoungGen: 71584K->1344K(72192K)] 440648K->370408K(802304K), 0.0021319 secs] [Times: user=0.01 sys=0.00, real=0.00 secs] 
2779.043: [GC (Allocation Failure) [PSYoungGen: 71488K->1408K(72192K)] 440552K->370472K(802304K), 0.0029173 secs] [Times: user=0.01 sys=0.00, real=0.01 secs] 
2779.336: [GC (Allocation Failure) [PSYoungGen: 71552K->1344K(72192K)] 440616K->370408K(802304K), 0.0020711 secs] [Times: user=0.01 sys=0.00, real=0.00 secs] 
2779.547: [GC (Allocation Failure) [PSYoungGen: 71488K->1453K(72192K)] 440552K->370517K(802304K), 0.0017064 secs] [Times: user=0.01 sys=0.00, real=0.00 secs] 
2779.671: [GC (Allocation Failure) [PSYoungGen: 71597K->1453K(72192K)] 440661K->370517K(802304K), 0.0027224 secs] [Times: user=0.01 sys=0.00, real=0.01 secs] 
2779.796: [GC (Allocation Failure) [PSYoungGen: 71597K->1517K(72192K)] 440661K->370581K(802304K), 0.0016574 secs] [Times: user=0.00 sys=0.00, real=0.00 secs] 
2780.009: [GC (Allocation Failure) [PSYoungGen: 71661K->1440K(78848K)] 440725K->370504K(808960K), 0.0022405 secs] [Times: user=0.01 sys=0.00, real=0.00 secs] 
2780.329: [GC (Allocation Failure) [PSYoungGen: 78240K->1376K(78848K)] 447304K->370440K(808960K), 0.0021154 secs] [Times: user=0.00 sys=0.00, real=0.00 secs] 
2780.681: [GC (Allocation Failure) [PSYoungGen: 78176K->1392K(77824K)] 447240K->370456K(807936K), 0.0020179 secs] [Times: user=0.01 sys=0.00, real=0.00 secs] 
2780.998: [GC (Allocation Failure) [PSYoungGen: 77680K->1392K(77312K)] 446744K->370456K(807424K), 0.0019672 secs] [Times: user=0.01 sys=0.00, real=0.00 secs] 
2781.277: [GC (Allocation Failure) [PSYoungGen: 77168K->1517K(76800K)] 446232K->370581K(806912K), 0.0015259 secs] [Times: user=0.01 sys=0.00, real=0.00 secs] 
2781.412: [GC (Allocation Failure) [PSYoungGen: 76781K->1488K(76288K)] 445845K->370552K(806400K), 0.0016648 secs] [Times: user=0.01 sys=0.00, real=0.01 secs] 
2781.547: [GC (Allocation Failure) [PSYoungGen: 76240K->1485K(75776K)] 445304K->370549K(805888K), 0.0016233 secs] [Times: user=0.01 sys=0.00, real=0.00 secs] 
2782.149: [GC (Allocation Failure) [PSYoungGen: 75725K->1744K(75776K)] 444789K->370808K(805888K), 0.0047237 secs] [Times: user=0.02 sys=0.00, real=0.01 secs] 
2784.417: [GC (Allocation Failure) [PSYoungGen: 75472K->352K(73728K)] 444536K->370440K(803840K), 0.0052071 secs] [Times: user=0.02 sys=0.00, real=0.00 secs] 
2785.298: [GC (Allocation Failure) [PSYoungGen: 73568K->352K(74752K)] 443656K->370440K(804864K), 0.0039307 secs] [Times: user=0.01 sys=0.00, real=0.00 secs] 
2786.272: [GC (Allocation Failure) [PSYoungGen: 73056K->352K(72704K)] 443144K->370440K(802816K), 0.0031146 secs] [Times: user=0.01 sys=0.00, real=0.01 secs] 
2787.071: [GC (Allocation Failure) [PSYoungGen: 72544K->1421K(74240K)] 442632K->371509K(804352K), 0.0032676 secs] [Times: user=0.01 sys=0.00, real=0.01 secs] 
2787.281: [GC (Allocation Failure) [PSYoungGen: 73101K->1517K(72704K)] 443189K->371605K(802816K), 0.0018529 secs] [Times: user=0.01 sys=0.00, real=0.00 secs] 
2787.409: [GC (Allocation Failure) [PSYoungGen: 72685K->1453K(72192K)] 442773K->371541K(802304K), 0.0016867 secs] [Times: user=0.00 sys=0.00, real=0.00 secs] 
2787.555: [GC (Allocation Failure) [PSYoungGen: 72109K->1517K(71680K)] 442197K->371605K(801792K), 0.0020485 secs] [Times: user=0.01 sys=0.00, real=0.00 secs] 
2788.128: [GC (Allocation Failure) [PSYoungGen: 71661K->1408K(71680K)] 441749K->371496K(801792K), 0.0048599 secs] [Times: user=0.01 sys=0.00, real=0.00 secs] 
2788.579: [GC (Allocation Failure) [PSYoungGen: 71552K->1360K(71680K)] 441640K->371448K(801792K), 0.0022521 secs] [Times: user=0.00 sys=0.00, real=0.00 secs] 
2788.871: [GC (Allocation Failure) [PSYoungGen: 71504K->1376K(71680K)] 441592K->371464K(801792K), 0.0025562 secs] [Times: user=0.01 sys=0.00, real=0.00 secs] 
2789.412: [GC (Allocation Failure) [PSYoungGen: 71520K->1408K(71680K)] 441608K->371496K(801792K), 0.0060720 secs] [Times: user=0.03 sys=0.00, real=0.01 secs] 
2789.801: [GC (Allocation Failure) [PSYoungGen: 71531K->1456K(71680K)] 441619K->371544K(801792K), 0.0020915 secs] [Times: user=0.01 sys=0.00, real=0.00 secs] 
2789.935: [GC (Allocation Failure) [PSYoungGen: 71600K->1453K(71680K)] 441688K->371541K(801792K), 0.0016095 secs] [Times: user=0.00 sys=0.00, real=0.00 secs] 
2790.078: [GC (Allocation Failure) [PSYoungGen: 71597K->1488K(72704K)] 441685K->371576K(802816K), 0.0022405 secs] [Times: user=0.01 sys=0.00, real=0.00 secs] 
2790.240: [GC (Allocation Failure) [PSYoungGen: 72144K->1453K(78336K)] 442232K->371557K(808448K), 0.0015984 secs] [Times: user=0.01 sys=0.00, real=0.00 secs] 
2791.936: [GC (Allocation Failure) [PSYoungGen: 77741K->1440K(77312K)] 447845K->371560K(807424K), 0.0028262 secs] [Times: user=0.01 sys=0.00, real=0.00 secs] 
2792.560: [GC (Allocation Failure) [PSYoungGen: 77216K->1376K(76800K)] 447336K->371496K(806912K), 0.0024319 secs] [Times: user=0.01 sys=0.00, real=0.00 secs] 
2793.233: [GC (Allocation Failure) [PSYoungGen: 76640K->1440K(76288K)] 446760K->371560K(806400K), 0.0041890 secs] [Times: user=0.02 sys=0.00, real=0.01 secs] 
2793.822: [GC (Allocation Failure) [PSYoungGen: 76192K->1421K(75776K)] 446312K->371541K(805888K), 0.0026016 secs] [Times: user=0.01 sys=0.00, real=0.01 secs] 
2794.001: [GC (Allocation Failure) [PSYoungGen: 75661K->1520K(75264K)] 445781K->371640K(805376K), 0.0017890 secs] [Times: user=0.00 sys=0.00, real=0.00 secs] 
2794.130: [GC (Allocation Failure) [PSYoungGen: 75248K->1456K(74752K)] 445368K->371576K(804864K), 0.0021145 secs] [Times: user=0.01 sys=0.00, real=0.00 secs] 
2794.261: [GC (Allocation Failure) [PSYoungGen: 74672K->1488K(75264K)] 444792K->371608K(805376K), 0.0017355 secs] [Times: user=0.00 sys=0.00, real=0.00 secs] 
2794.549: [GC (Allocation Failure) [PSYoungGen: 74704K->1456K(74240K)] 444824K->371576K(804352K), 0.0019562 secs] [Times: user=0.00 sys=0.00, real=0.00 secs] 
2794.882: [GC (Allocation Failure) [PSYoungGen: 74160K->1376K(73728K)] 444280K->371496K(803840K), 0.0019722 secs] [Times: user=0.01 sys=0.00, real=0.01 secs] 
2795.215: [GC (Allocation Failure) [PSYoungGen: 73568K->1376K(73216K)] 443688K->371496K(803328K), 0.0034108 secs] [Times: user=0.01 sys=0.00, real=0.00 secs] 
2795.514: [GC (Allocation Failure) [PSYoungGen: 73056K->1376K(72704K)] 443176K->371496K(802816K), 0.0021704 secs] [Times: user=0.01 sys=0.00, real=0.00 secs] 
2795.745: [GC (Allocation Failure) [PSYoungGen: 72544K->1517K(72192K)] 442664K->371637K(802304K), 0.0017492 secs] [Times: user=0.01 sys=0.00, real=0.00 secs] 
2795.872: [GC (Allocation Failure) [PSYoungGen: 72173K->1488K(71680K)] 442293K->371608K(801792K), 0.0018339 secs] [Times: user=0.00 sys=0.00, real=0.00 secs] 
2795.996: [GC (Allocation Failure) [PSYoungGen: 71632K->1453K(77824K)] 441752K->371573K(807936K), 0.0016378 secs] [Times: user=0.00 sys=0.00, real=0.00 secs] 
2796.639: [GC (Allocation Failure) [PSYoungGen: 77741K->1472K(77312K)] 447861K->371592K(807424K), 0.0033859 secs] [Times: user=0.01 sys=0.00, real=0.00 secs] 
2797.602: [GC (Allocation Failure) [PSYoungGen: 77248K->1408K(76800K)] 447368K->371528K(806912K), 0.0035773 secs] [Times: user=0.01 sys=0.00, real=0.01 secs] 
2798.168: [GC (Allocation Failure) [PSYoungGen: 76672K->1376K(76288K)] 446792K->371512K(806400K), 0.0027044 secs] [Times: user=0.01 sys=0.00, real=0.00 secs] 
2798.690: [GC (Allocation Failure) [PSYoungGen: 76128K->1408K(75776K)] 446264K->371544K(805888K), 0.0026822 secs] [Times: user=0.01 sys=0.00, real=0.00 secs] 
2799.178: [GC (Allocation Failure) [PSYoungGen: 75648K->1485K(75264K)] 445784K->371621K(805376K), 0.0028740 secs] [Times: user=0.01 sys=0.00, real=0.00 secs] 
2799.421: [GC (Allocation Failure) [PSYoungGen: 75213K->1488K(74752K)] 445349K->371624K(804864K), 0.0022325 secs] [Times: user=0.01 sys=0.00, real=0.00 secs] 
2799.611: [GC (Allocation Failure) [PSYoungGen: 74704K->1485K(74240K)] 444840K->371621K(804352K), 0.0029129 secs] [Times: user=0.01 sys=0.00, real=0.00 secs] 
2799.774: [GC (Allocation Failure) [PSYoungGen: 74189K->1517K(73728K)] 444325K->371653K(803840K), 0.0017818 secs] [Times: user=0.00 sys=0.00, real=0.00 secs] 
2800.535: [GC (Allocation Failure) [PSYoungGen: 73709K->1408K(73216K)] 443845K->371544K(803328K), 0.0024701 secs] [Times: user=0.00 sys=0.00, real=0.00 secs] 
2800.882: [GC (Allocation Failure) [PSYoungGen: 73088K->1344K(72704K)] 443224K->371480K(802816K), 0.0022386 secs] [Times: user=0.01 sys=0.00, real=0.01 secs] 
2801.181: [GC (Allocation Failure) [PSYoungGen: 72512K->1376K(72192K)] 442648K->371512K(802304K), 0.0021448 secs] [Times: user=0.01 sys=0.00, real=0.00 secs] 
2801.627: [GC (Allocation Failure) [PSYoungGen: 71917K->256K(71680K)] 442053K->370392K(801792K), 0.0021441 secs] [Times: user=0.01 sys=0.01, real=0.00 secs] 
2801.814: [GC (Allocation Failure) [PSYoungGen: 70400K->1456K(72192K)] 440536K->371592K(802304K), 0.0025111 secs] [Times: user=0.01 sys=0.00, real=0.00 secs] 
2801.978: [GC (Allocation Failure) [PSYoungGen: 71600K->1485K(72192K)] 441736K->371621K(802304K), 0.0017832 secs] [Times: user=0.01 sys=0.00, real=0.00 secs] 
2802.102: [GC (Allocation Failure) [PSYoungGen: 71629K->1485K(72192K)] 441765K->371621K(802304K), 0.0018564 secs] [Times: user=0.01 sys=0.00, real=0.01 secs] 
2802.334: [GC (Allocation Failure) [PSYoungGen: 71629K->1408K(71680K)] 441765K->371544K(801792K), 0.0021415 secs] [Times: user=0.01 sys=0.00, real=0.00 secs] 
2802.743: [GC (Allocation Failure) [PSYoungGen: 71552K->1376K(71680K)] 441688K->371512K(801792K), 0.0022768 secs] [Times: user=0.01 sys=0.00, real=0.01 secs] 
2803.277: [GC (Allocation Failure) [PSYoungGen: 71520K->1376K(71680K)] 441656K->371512K(801792K), 0.0021222 secs] [Times: user=0.00 sys=0.00, real=0.00 secs] 
2804.064: [GC (Allocation Failure) [PSYoungGen: 71520K->1344K(71680K)] 441656K->371480K(801792K), 0.0024236 secs] [Times: user=0.01 sys=0.00, real=0.00 secs] 
2804.561: [GC (Allocation Failure) [PSYoungGen: 71488K->1488K(71680K)] 441624K->371624K(801792K), 0.0020872 secs] [Times: user=0.01 sys=0.00, real=0.00 secs] 
2804.694: [GC (Allocation Failure) [PSYoungGen: 71632K->1520K(71680K)] 441768K->371656K(801792K), 0.0018062 secs] [Times: user=0.01 sys=0.00, real=0.00 secs] 
2804.820: [GC (Allocation Failure) [PSYoungGen: 71664K->1456K(71680K)] 441800K->371592K(801792K), 0.0016803 secs] [Times: user=0.01 sys=0.00, real=0.00 secs] 
2804.944: [GC (Allocation Failure) [PSYoungGen: 71600K->1488K(74752K)] 441736K->371624K(804864K), 0.0017835 secs] [Times: user=0.01 sys=0.00, real=0.00 secs] 
2805.264: [GC (Allocation Failure) [PSYoungGen: 74192K->1408K(73728K)] 444328K->371544K(803840K), 0.0021562 secs] [Times: user=0.01 sys=0.00, real=0.00 secs] 
2805.596: [GC (Allocation Failure) [PSYoungGen: 73600K->1376K(73216K)] 443736K->371512K(803328K), 0.0021787 secs] [Times: user=0.01 sys=0.00, real=0.00 secs] 
2805.947: [GC (Allocation Failure) [PSYoungGen: 73056K->1376K(72704K)] 443192K->371512K(802816K), 0.0021780 secs] [Times: user=0.01 sys=0.00, real=0.00 secs] 
2806.243: [GC (Allocation Failure) [PSYoungGen: 72544K->1376K(72192K)] 442680K->371512K(802304K), 0.0024004 secs] [Times: user=0.01 sys=0.00, real=0.01 secs] 
2806.470: [GC (Allocation Failure) [PSYoungGen: 72032K->1453K(71680K)] 442168K->371589K(801792K), 0.0016237 secs] [Times: user=0.01 sys=0.01, real=0.00 secs] 
2806.593: [GC (Allocation Failure) [PSYoungGen: 71597K->1488K(71680K)] 441733K->371624K(801792K), 0.0018091 secs] [Times: user=0.00 sys=0.00, real=0.01 secs] 
2806.718: [GC (Allocation Failure) [PSYoungGen: 71632K->1453K(71680K)] 441768K->371589K(801792K), 0.0015573 secs] [Times: user=0.00 sys=0.00, real=0.00 secs] 
2806.860: [GC (Allocation Failure) [PSYoungGen: 71597K->336K(74752K)] 441733K->370480K(804864K), 0.0019909 secs] [Times: user=0.00 sys=0.00, real=0.00 secs] 
2808.353: [GC (Allocation Failure) [PSYoungGen: 73040K->1440K(73728K)] 443184K->371608K(803840K), 0.0031667 secs] [Times: user=0.01 sys=0.00, real=0.01 secs] 
2808.897: [GC (Allocation Failure) [PSYoungGen: 73632K->1376K(73216K)] 443800K->371544K(803328K), 0.0028046 secs] [Times: user=0.01 sys=0.00, real=0.00 secs] 
2809.187: [GC (Allocation Failure) [PSYoungGen: 73056K->1424K(72704K)] 443224K->371592K(802816K), 0.0020459 secs] [Times: user=0.01 sys=0.00, real=0.00 secs] 
2809.546: [GC (Allocation Failure) [PSYoungGen: 72592K->1485K(72192K)] 442760K->371653K(802304K), 0.0021272 secs] [Times: user=0.01 sys=0.00, real=0.00 secs] 
2809.680: [GC (Allocation Failure) [PSYoungGen: 72141K->1485K(71680K)] 442309K->371653K(801792K), 0.0016896 secs] [Times: user=0.01 sys=0.00, real=0.00 secs] 
2809.804: [GC (Allocation Failure) [PSYoungGen: 71629K->1485K(71680K)] 441797K->371653K(801792K), 0.0018162 secs] [Times: user=0.01 sys=0.00, real=0.00 secs] 
2809.933: [GC (Allocation Failure) [PSYoungGen: 71629K->1485K(74752K)] 441797K->371653K(804864K), 0.0015984 secs] [Times: user=0.00 sys=0.00, real=0.01 secs] 
2810.481: [GC (Allocation Failure) [PSYoungGen: 74701K->1424K(74240K)] 444869K->371592K(804352K), 0.0022898 secs] [Times: user=0.00 sys=0.00, real=0.00 secs] 
2811.540: [GC (Allocation Failure) [PSYoungGen: 74128K->1376K(73728K)] 444296K->371544K(803840K), 0.0029066 secs] [Times: user=0.01 sys=0.00, real=0.00 secs] 
2812.366: [GC (Allocation Failure) [PSYoungGen: 73568K->1408K(73216K)] 443736K->371576K(803328K), 0.0033909 secs] [Times: user=0.01 sys=0.00, real=0.00 secs] 
2813.228: [GC (Allocation Failure) [PSYoungGen: 73088K->1376K(72704K)] 443256K->371544K(802816K), 0.0052438 secs] [Times: user=0.02 sys=0.00, real=0.00 secs] 
2813.884: [GC (Allocation Failure) [PSYoungGen: 72544K->1520K(72192K)] 442712K->371688K(802304K), 0.0022323 secs] [Times: user=0.01 sys=0.00, real=0.00 secs] 
2814.067: [GC (Allocation Failure) [PSYoungGen: 72176K->1488K(71680K)] 442344K->371656K(801792K), 0.0021128 secs] [Times: user=0.01 sys=0.00, real=0.00 secs] 
2814.220: [GC (Allocation Failure) [PSYoungGen: 71632K->1453K(72192K)] 441800K->371621K(802304K), 0.0017922 secs] [Times: user=0.01 sys=0.00, real=0.00 secs] 
2814.344: [GC (Allocation Failure) [PSYoungGen: 71597K->1501K(72192K)] 441765K->371669K(802304K), 0.0015875 secs] [Times: user=0.01 sys=0.00, real=0.00 secs] 
2814.741: [GC (Allocation Failure) [PSYoungGen: 71645K->1408K(72192K)] 441813K->371576K(802304K), 0.0023332 secs] [Times: user=0.01 sys=0.01, real=0.00 secs] 
2815.033: [GC (Allocation Failure) [PSYoungGen: 71552K->1344K(72192K)] 441720K->371512K(802304K), 0.0020563 secs] [Times: user=0.01 sys=0.00, real=0.01 secs] 
2815.326: [GC (Allocation Failure) [PSYoungGen: 71488K->1344K(72192K)] 441656K->371512K(802304K), 0.0020530 secs] [Times: user=0.01 sys=0.00, real=0.00 secs] 
2815.617: [GC (Allocation Failure) [PSYoungGen: 71488K->1344K(72192K)] 441656K->371512K(802304K), 0.0020631 secs] [Times: user=0.01 sys=0.00, real=0.00 secs] 
2815.780: [GC (Allocation Failure) [PSYoungGen: 71488K->1485K(72192K)] 441656K->371653K(802304K), 0.0015294 secs] [Times: user=0.00 sys=0.00, real=0.00 secs] 
2815.904: [GC (Allocation Failure) [PSYoungGen: 71629K->1485K(72192K)] 441797K->371653K(802304K), 0.0016317 secs] [Times: user=0.00 sys=0.00, real=0.00 secs] 
2816.027: [GC (Allocation Failure) [PSYoungGen: 71629K->1453K(72192K)] 441797K->371621K(802304K), 0.0015517 secs] [Times: user=0.01 sys=0.00, real=0.00 secs] 
2816.208: [GC (Allocation Failure) [PSYoungGen: 71597K->1472K(78336K)] 441765K->371640K(808448K), 0.0019077 secs] [Times: user=0.01 sys=0.00, real=0.00 secs] 
2816.525: [GC (Allocation Failure) [PSYoungGen: 77760K->1408K(77312K)] 447928K->371576K(807424K), 0.0018521 secs] [Times: user=0.01 sys=0.00, real=0.00 secs] 
2816.840: [GC (Allocation Failure) [PSYoungGen: 77184K->1344K(76800K)] 447352K->371512K(806912K), 0.0020650 secs] [Times: user=0.01 sys=0.00, real=0.00 secs] 
2817.153: [GC (Allocation Failure) [PSYoungGen: 76608K->1376K(76288K)] 446776K->371560K(806400K), 0.0018730 secs] [Times: user=0.01 sys=0.00, real=0.01 secs] 
2817.430: [GC (Allocation Failure) [PSYoungGen: 76128K->1453K(75776K)] 446312K->371637K(805888K), 0.0021729 secs] [Times: user=0.01 sys=0.00, real=0.00 secs] 
2817.629: [GC (Allocation Failure) [PSYoungGen: 75693K->1520K(75264K)] 445877K->371704K(805376K), 0.0025870 secs] [Times: user=0.00 sys=0.00, real=0.00 secs] 
2817.849: [GC (Allocation Failure) [PSYoungGen: 75248K->1520K(74752K)] 445432K->371704K(804864K), 0.0025224 secs] [Times: user=0.01 sys=0.00, real=0.00 secs] 
2818.055: [GC (Allocation Failure) [PSYoungGen: 74736K->1520K(74240K)] 444920K->371704K(804352K), 0.0023858 secs] [Times: user=0.01 sys=0.00, real=0.00 secs] 
2818.633: [GC (Allocation Failure) [PSYoungGen: 74224K->1440K(73728K)] 444408K->371632K(803840K), 0.0034135 secs] [Times: user=0.01 sys=0.00, real=0.01 secs] 
2819.185: [GC (Allocation Failure) [PSYoungGen: 73632K->1344K(73216K)] 443824K->371536K(803328K), 0.0029800 secs] [Times: user=0.01 sys=0.01, real=0.00 secs] 
2819.745: [GC (Allocation Failure) [PSYoungGen: 73024K->1376K(72704K)] 443216K->371568K(802816K), 0.0023147 secs] [Times: user=0.01 sys=0.00, real=0.00 secs] 
2820.340: [GC (Allocation Failure) [PSYoungGen: 72544K->1405K(72192K)] 442736K->371597K(802304K), 0.0026741 secs] [Times: user=0.01 sys=0.00, real=0.00 secs] 
2820.559: [GC (Allocation Failure) [PSYoungGen: 72061K->1488K(71680K)] 442253K->371680K(801792K), 0.0023882 secs] [Times: user=0.01 sys=0.00, real=0.00 secs] 
2820.705: [GC (Allocation Failure) [PSYoungGen: 71632K->1517K(72192K)] 441824K->371709K(802304K), 0.0016419 secs] [Times: user=0.00 sys=0.00, real=0.00 secs] 
2820.848: [GC (Allocation Failure) [PSYoungGen: 71661K->1456K(72192K)] 441853K->371648K(802304K), 0.0019656 secs] [Times: user=0.01 sys=0.00, real=0.00 secs] 
2821.276: [GC (Allocation Failure) [PSYoungGen: 71600K->1440K(72192K)] 441792K->371632K(802304K), 0.0040777 secs] [Times: user=0.01 sys=0.00, real=0.00 secs] 
2821.920: [GC (Allocation Failure) [PSYoungGen: 71584K->1376K(72192K)] 441776K->371568K(802304K), 0.0033575 secs] [Times: user=0.02 sys=0.00, real=0.00 secs] 
2822.445: [GC (Allocation Failure) [PSYoungGen: 71520K->1344K(72192K)] 441712K->371536K(802304K), 0.0023672 secs] [Times: user=0.01 sys=0.00, real=0.00 secs] 
2822.923: [GC (Allocation Failure) [PSYoungGen: 71488K->1376K(72192K)] 441680K->371568K(802304K), 0.0023243 secs] [Times: user=0.00 sys=0.00, real=0.01 secs] 
2823.357: [GC (Allocation Failure) [PSYoungGen: 71498K->1456K(72192K)] 441690K->371648K(802304K), 0.0021811 secs] [Times: user=0.01 sys=0.00, real=0.00 secs] 
2823.498: [GC (Allocation Failure) [PSYoungGen: 71592K->1485K(72192K)] 441784K->371677K(802304K), 0.0015771 secs] [Times: user=0.01 sys=0.00, real=0.00 secs] 
2823.643: [GC (Allocation Failure) [PSYoungGen: 71629K->1488K(72192K)] 441821K->371680K(802304K), 0.0019337 secs] [Times: user=0.01 sys=0.00, real=0.01 secs] 
2823.807: [GC (Allocation Failure) [PSYoungGen: 71632K->1453K(72192K)] 441824K->371645K(802304K), 0.0016278 secs] [Times: user=0.01 sys=0.00, real=0.00 secs] 
2824.817: [GC (Allocation Failure) [PSYoungGen: 71597K->1424K(72192K)] 441789K->371616K(802304K), 0.0035259 secs] [Times: user=0.02 sys=0.00, real=0.00 secs] 
2825.737: [GC (Allocation Failure) [PSYoungGen: 71568K->1376K(72192K)] 441760K->371568K(802304K), 0.0033818 secs] [Times: user=0.01 sys=0.00, real=0.00 secs] 
2826.364: [GC (Allocation Failure) [PSYoungGen: 71520K->1408K(72192K)] 441712K->371600K(802304K), 0.0020887 secs] [Times: user=0.01 sys=0.00, real=0.00 secs] 
2826.716: [GC (Allocation Failure) [PSYoungGen: 71552K->1360K(72192K)] 441744K->371552K(802304K), 0.0020675 secs] [Times: user=0.01 sys=0.00, real=0.00 secs] 
2826.972: [GC (Allocation Failure) [PSYoungGen: 71504K->1453K(72192K)] 441696K->371645K(802304K), 0.0017031 secs] [Times: user=0.01 sys=0.00, real=0.00 secs] 
2827.096: [GC (Allocation Failure) [PSYoungGen: 71566K->1485K(72192K)] 441758K->371677K(802304K), 0.0017894 secs] [Times: user=0.01 sys=0.00, real=0.00 secs] 
2827.220: [GC (Allocation Failure) [PSYoungGen: 71629K->1485K(72192K)] 441821K->371677K(802304K), 0.0015616 secs] [Times: user=0.01 sys=0.00, real=0.00 secs] 
2827.344: [GC (Allocation Failure) [PSYoungGen: 71629K->1517K(72192K)] 441821K->371725K(802304K), 0.0016255 secs] [Times: user=0.01 sys=0.00, real=0.00 secs] 
2827.715: [GC (Allocation Failure) [PSYoungGen: 71661K->1408K(72192K)] 441869K->371616K(802304K), 0.0020773 secs] [Times: user=0.00 sys=0.00, real=0.00 secs] 
2828.072: [GC (Allocation Failure) [PSYoungGen: 71552K->1360K(72192K)] 441760K->371568K(802304K), 0.0018446 secs] [Times: user=0.01 sys=0.00, real=0.00 secs] 
2828.557: [GC (Allocation Failure) [PSYoungGen: 71504K->1408K(72192K)] 441712K->371632K(802304K), 0.0024869 secs] [Times: user=0.01 sys=0.00, real=0.00 secs] 
2829.124: [GC (Allocation Failure) [PSYoungGen: 71552K->1344K(72192K)] 441776K->371568K(802304K), 0.0021655 secs] [Times: user=0.01 sys=0.00, real=0.00 secs] 
2829.325: [GC (Allocation Failure) [PSYoungGen: 71488K->1485K(72192K)] 441712K->371709K(802304K), 0.0023838 secs] [Times: user=0.01 sys=0.00, real=0.00 secs] 
2829.450: [GC (Allocation Failure) [PSYoungGen: 71629K->1485K(72192K)] 441853K->371709K(802304K), 0.0015563 secs] [Times: user=0.01 sys=0.00, real=0.00 secs] 
2829.574: [GC (Allocation Failure) [PSYoungGen: 71629K->1520K(72192K)] 441853K->371744K(802304K), 0.0015850 secs] [Times: user=0.01 sys=0.00, real=0.00 secs] 
2829.771: [GC (Allocation Failure) [PSYoungGen: 71664K->1440K(72192K)] 441888K->371664K(802304K), 0.0021420 secs] [Times: user=0.01 sys=0.00, real=0.00 secs] 
2830.063: [GC (Allocation Failure) [PSYoungGen: 71584K->1392K(72192K)] 441808K->371616K(802304K), 0.0020406 secs] [Times: user=0.00 sys=0.00, real=0.01 secs] 
2830.518: [GC (Allocation Failure) [PSYoungGen: 71536K->1392K(72192K)] 441760K->371616K(802304K), 0.0030139 secs] [Times: user=0.01 sys=0.00, real=0.00 secs] 
2831.028: [GC (Allocation Failure) [PSYoungGen: 71536K->1392K(72192K)] 441760K->371616K(802304K), 0.0028614 secs] [Times: user=0.01 sys=0.00, real=0.00 secs] 
2831.499: [GC (Allocation Failure) [PSYoungGen: 71536K->1440K(72192K)] 441760K->371664K(802304K), 0.0031868 secs] [Times: user=0.01 sys=0.00, real=0.00 secs] 
2831.714: [GC (Allocation Failure) [PSYoungGen: 71584K->1517K(72192K)] 441808K->371741K(802304K), 0.0017719 secs] [Times: user=0.00 sys=0.00, real=0.00 secs] 
2831.840: [GC (Allocation Failure) [PSYoungGen: 71661K->1549K(72192K)] 441885K->371773K(802304K), 0.0015376 secs] [Times: user=0.01 sys=0.00, real=0.00 secs] 
2831.965: [GC (Allocation Failure) [PSYoungGen: 71693K->1485K(72192K)] 441917K->371709K(802304K), 0.0017927 secs] [Times: user=0.00 sys=0.00, real=0.00 secs] 
2832.207: [GC (Allocation Failure) [PSYoungGen: 71629K->1472K(78336K)] 441853K->371704K(808448K), 0.0024742 secs] [Times: user=0.00 sys=0.00, real=0.00 secs] 
2832.613: [GC (Allocation Failure) [PSYoungGen: 77760K->1408K(77312K)] 447992K->371640K(807424K), 0.0021814 secs] [Times: user=0.01 sys=0.00, real=0.01 secs] 
2833.209: [GC (Allocation Failure) [PSYoungGen: 77184K->1408K(76800K)] 447416K->371640K(806912K), 0.0024714 secs] [Times: user=0.01 sys=0.00, real=0.00 secs] 
2833.759: [GC (Allocation Failure) [PSYoungGen: 76672K->1392K(76288K)] 446904K->371624K(806400K), 0.0038560 secs] [Times: user=0.02 sys=0.00, real=0.00 secs] 
2834.065: [GC (Allocation Failure) [PSYoungGen: 76144K->1517K(75776K)] 446376K->371757K(805888K), 0.0020198 secs] [Times: user=0.01 sys=0.00, real=0.00 secs] 
2834.202: [GC (Allocation Failure) [PSYoungGen: 75757K->1517K(75264K)] 445997K->371757K(805376K), 0.0017675 secs] [Times: user=0.00 sys=0.00, real=0.00 secs] 
2834.333: [GC (Allocation Failure) [PSYoungGen: 75245K->1517K(74752K)] 445485K->371757K(804864K), 0.0018266 secs] [Times: user=0.00 sys=0.00, real=0.01 secs] 
2834.731: [GC (Allocation Failure) [PSYoungGen: 74733K->1440K(74240K)] 444973K->371680K(804352K), 0.0019817 secs] [Times: user=0.01 sys=0.00, real=0.00 secs] 
2835.033: [GC (Allocation Failure) [PSYoungGen: 74144K->1376K(73728K)] 444384K->371616K(803840K), 0.0030349 secs] [Times: user=0.01 sys=0.00, real=0.01 secs] 
2835.335: [GC (Allocation Failure) [PSYoungGen: 73568K->1392K(73216K)] 443808K->371632K(803328K), 0.0019830 secs] [Times: user=0.00 sys=0.00, real=0.00 secs] 
2835.641: [GC (Allocation Failure) [PSYoungGen: 73072K->1376K(72704K)] 443312K->371616K(802816K), 0.0027298 secs] [Times: user=0.01 sys=0.00, real=0.00 secs] 
2835.932: [GC (Allocation Failure) [PSYoungGen: 72544K->1456K(72192K)] 442784K->371696K(802304K), 0.0022907 secs] [Times: user=0.01 sys=0.00, real=0.01 secs] 
2836.076: [GC (Allocation Failure) [PSYoungGen: 72112K->1517K(71680K)] 442352K->371757K(801792K), 0.0016686 secs] [Times: user=0.01 sys=0.00, real=0.00 secs] 
2836.201: [GC (Allocation Failure) [PSYoungGen: 71661K->1453K(72192K)] 441901K->371693K(802304K), 0.0017067 secs] [Times: user=0.00 sys=0.00, real=0.00 secs] 
2836.326: [GC (Allocation Failure) [PSYoungGen: 71597K->1485K(72192K)] 441837K->371725K(802304K), 0.0015757 secs] [Times: user=0.01 sys=0.00, real=0.00 secs] 
2836.594: [GC (Allocation Failure) [PSYoungGen: 71629K->1376K(72192K)] 441869K->371616K(802304K), 0.0017501 secs] [Times: user=0.01 sys=0.00, real=0.01 secs] 
2836.884: [GC (Allocation Failure) [PSYoungGen: 71520K->1360K(72192K)] 441760K->371616K(802304K), 0.0015898 secs] [Times: user=0.01 sys=0.00, real=0.00 secs] 
2837.175: [GC (Allocation Failure) [PSYoungGen: 71504K->1360K(72192K)] 441760K->371616K(802304K), 0.0016850 secs] [Times: user=0.00 sys=0.00, real=0.00 secs] 
2837.466: [GC (Allocation Failure) [PSYoungGen: 71504K->1392K(72192K)] 441760K->371648K(802304K), 0.0019705 secs] [Times: user=0.01 sys=0.00, real=0.00 secs] 
2837.737: [GC (Allocation Failure) [PSYoungGen: 71536K->1456K(72192K)] 441792K->371712K(802304K), 0.0024842 secs] [Times: user=0.01 sys=0.00, real=0.00 secs] 
2837.900: [GC (Allocation Failure) [PSYoungGen: 71600K->1485K(72192K)] 441856K->371741K(802304K), 0.0015632 secs] [Times: user=0.01 sys=0.00, real=0.00 secs] 
2838.023: [GC (Allocation Failure) [PSYoungGen: 71629K->1517K(72192K)] 441885K->371773K(802304K), 0.0017237 secs] [Times: user=0.01 sys=0.00, real=0.01 secs] 
2838.147: [GC (Allocation Failure) [PSYoungGen: 71199K->224K(72192K)] 441455K->370480K(802304K), 0.0015882 secs] [Times: user=0.00 sys=0.00, real=0.00 secs] 
2838.463: [GC (Allocation Failure) [PSYoungGen: 70368K->1344K(72192K)] 440624K->371600K(802304K), 0.0026659 secs] [Times: user=0.01 sys=0.00, real=0.01 secs] 
2838.862: [GC (Allocation Failure) [PSYoungGen: 71488K->1344K(72192K)] 441744K->371600K(802304K), 0.0020850 secs] [Times: user=0.00 sys=0.00, real=0.01 secs] 
2839.408: [GC (Allocation Failure) [PSYoungGen: 71488K->1376K(72192K)] 441744K->371632K(802304K), 0.0023565 secs] [Times: user=0.01 sys=0.00, real=0.00 secs] 
2840.358: [GC (Allocation Failure) [PSYoungGen: 71188K->256K(72192K)] 441444K->370512K(802304K), 0.0040519 secs] [Times: user=0.02 sys=0.00, real=0.00 secs] 
2840.592: [GC (Allocation Failure) [PSYoungGen: 70400K->1421K(72192K)] 440656K->371677K(802304K), 0.0045247 secs] [Times: user=0.02 sys=0.00, real=0.01 secs] 
2840.727: [GC (Allocation Failure) [PSYoungGen: 71565K->1485K(72192K)] 441821K->371741K(802304K), 0.0015359 secs] [Times: user=0.01 sys=0.00, real=0.00 secs] 
2840.854: [GC (Allocation Failure) [PSYoungGen: 71629K->1485K(72192K)] 441885K->371741K(802304K), 0.0016938 secs] [Times: user=0.01 sys=0.00, real=0.00 secs] 
2841.079: [GC (Allocation Failure) [PSYoungGen: 71629K->1440K(78336K)] 441885K->371696K(808448K), 0.0018038 secs] [Times: user=0.01 sys=0.00, real=0.00 secs] 
2841.466: [GC (Allocation Failure) [PSYoungGen: 77728K->1376K(77312K)] 447984K->371632K(807424K), 0.0018990 secs] [Times: user=0.01 sys=0.00, real=0.00 secs] 
2841.792: [GC (Allocation Failure) [PSYoungGen: 77152K->1392K(76800K)] 447408K->371648K(806912K), 0.0020164 secs] [Times: user=0.01 sys=0.00, real=0.01 secs] 
2842.179: [GC (Allocation Failure) [PSYoungGen: 76656K->1360K(76288K)] 446912K->371616K(806400K), 0.0020251 secs] [Times: user=0.01 sys=0.00, real=0.00 secs] 
2842.462: [GC (Allocation Failure) [PSYoungGen: 76112K->1517K(75776K)] 446368K->371773K(805888K), 0.0017765 secs] [Times: user=0.01 sys=0.00, real=0.00 secs] 
2842.595: [GC (Allocation Failure) [PSYoungGen: 75757K->1488K(75264K)] 446013K->371744K(805376K), 0.0018347 secs] [Times: user=0.01 sys=0.00, real=0.00 secs] 
2842.726: [GC (Allocation Failure) [PSYoungGen: 75216K->1517K(74752K)] 445472K->371773K(804864K), 0.0017795 secs] [Times: user=0.01 sys=0.00, real=0.00 secs] 
2842.886: [GC (Allocation Failure) [PSYoungGen: 74733K->1696K(75264K)] 444989K->371952K(805376K), 0.0019579 secs] [Times: user=0.01 sys=0.00, real=0.00 secs] 
2843.738: [GC (Allocation Failure) [PSYoungGen: 74912K->1376K(74240K)] 445168K->371640K(804352K), 0.0036172 secs] [Times: user=0.02 sys=0.00, real=0.00 secs] 
2844.347: [GC (Allocation Failure) [PSYoungGen: 74080K->1376K(73728K)] 444344K->371640K(803840K), 0.0035481 secs] [Times: user=0.02 sys=0.00, real=0.00 secs] 
2844.950: [GC (Allocation Failure) [PSYoungGen: 73568K->1376K(73216K)] 443832K->371640K(803328K), 0.0036146 secs] [Times: user=0.01 sys=0.00, real=0.00 secs] 
2845.340: [GC (Allocation Failure) [PSYoungGen: 73056K->1469K(72704K)] 443320K->371733K(802816K), 0.0021637 secs] [Times: user=0.01 sys=0.00, real=0.00 secs] 
2845.485: [GC (Allocation Failure) [PSYoungGen: 72637K->1517K(72192K)] 442901K->371781K(802304K), 0.0016090 secs] [Times: user=0.00 sys=0.00, real=0.00 secs] 
2845.611: [GC (Allocation Failure) [PSYoungGen: 72173K->1549K(72192K)] 442437K->371813K(802304K), 0.0017632 secs] [Times: user=0.00 sys=0.00, real=0.00 secs] 
2845.736: [GC (Allocation Failure) [PSYoungGen: 71693K->493K(77312K)] 441957K->371781K(807424K), 0.0017504 secs] [Times: user=0.00 sys=0.00, real=0.00 secs] 
2845.992: [GC (Allocation Failure) [PSYoungGen: 76781K->1440K(77312K)] 448069K->372728K(807424K), 0.0017124 secs] [Times: user=0.01 sys=0.00, real=0.00 secs] 
2846.305: [GC (Allocation Failure) [PSYoungGen: 77216K->1344K(76800K)] 448504K->372632K(806912K), 0.0016504 secs] [Times: user=0.01 sys=0.01, real=0.00 secs] 
2846.622: [GC (Allocation Failure) [PSYoungGen: 76608K->1408K(76288K)] 447896K->372696K(806400K), 0.0023745 secs] [Times: user=0.01 sys=0.00, real=0.01 secs] 
2846.932: [GC (Allocation Failure) [PSYoungGen: 76160K->1344K(75776K)] 447448K->372632K(805888K), 0.0023740 secs] [Times: user=0.01 sys=0.00, real=0.01 secs] 
2847.194: [GC (Allocation Failure) [PSYoungGen: 75584K->1488K(75264K)] 446872K->372792K(805376K), 0.0024612 secs] [Times: user=0.01 sys=0.00, real=0.00 secs] 
2847.374: [GC (Allocation Failure) [PSYoungGen: 75216K->1453K(74752K)] 446520K->372757K(804864K), 0.0016666 secs] [Times: user=0.01 sys=0.01, real=0.01 secs] 
2847.503: [GC (Allocation Failure) [PSYoungGen: 74669K->1517K(74240K)] 445973K->372821K(804352K), 0.0016917 secs] [Times: user=0.01 sys=0.00, real=0.01 secs] 
2847.845: [GC (Allocation Failure) [PSYoungGen: 74221K->1440K(73728K)] 445525K->372752K(803840K), 0.0036573 secs] [Times: user=0.01 sys=0.00, real=0.00 secs] 
2848.506: [GC (Allocation Failure) [PSYoungGen: 73632K->1344K(73216K)] 444944K->372656K(803328K), 0.0027547 secs] [Times: user=0.01 sys=0.00, real=0.00 secs] 
2848.813: [GC (Allocation Failure) [PSYoungGen: 73024K->1360K(72704K)] 444336K->372672K(802816K), 0.0020852 secs] [Times: user=0.01 sys=0.00, real=0.01 secs] 
2849.344: [GC (Allocation Failure) [PSYoungGen: 72528K->1376K(72192K)] 443840K->372688K(802304K), 0.0021510 secs] [Times: user=0.01 sys=0.00, real=0.00 secs] 
2849.867: [GC (Allocation Failure) [PSYoungGen: 72032K->1485K(71680K)] 443344K->372797K(801792K), 0.0028428 secs] [Times: user=0.01 sys=0.00, real=0.00 secs] 
2850.034: [GC (Allocation Failure) [PSYoungGen: 71629K->1485K(72192K)] 442941K->372797K(802304K), 0.0016086 secs] [Times: user=0.00 sys=0.00, real=0.00 secs] 
2850.176: [GC (Allocation Failure) [PSYoungGen: 71629K->1488K(72192K)] 442941K->372800K(802304K), 0.0019287 secs] [Times: user=0.01 sys=0.00, real=0.00 secs] 
2850.340: [GC (Allocation Failure) [PSYoungGen: 71632K->1552K(72192K)] 442944K->372864K(802304K), 0.0021856 secs] [Times: user=0.01 sys=0.00, real=0.00 secs] 
2850.787: [GC (Allocation Failure) [PSYoungGen: 71696K->1440K(72192K)] 443008K->372752K(802304K), 0.0021430 secs] [Times: user=0.01 sys=0.01, real=0.00 secs] 
2851.079: [GC (Allocation Failure) [PSYoungGen: 71584K->1376K(72192K)] 442896K->372688K(802304K), 0.0033883 secs] [Times: user=0.02 sys=0.00, real=0.00 secs] 
2851.372: [GC (Allocation Failure) [PSYoungGen: 71520K->1376K(72192K)] 442832K->372688K(802304K), 0.0019134 secs] [Times: user=0.01 sys=0.00, real=0.01 secs] 
2851.714: [GC (Allocation Failure) [PSYoungGen: 71520K->1376K(72192K)] 442832K->372688K(802304K), 0.0019527 secs] [Times: user=0.01 sys=0.00, real=0.01 secs] 
2851.967: [GC (Allocation Failure) [PSYoungGen: 71520K->1456K(72192K)] 442832K->372768K(802304K), 0.0016837 secs] [Times: user=0.00 sys=0.00, real=0.00 secs] 
2852.091: [GC (Allocation Failure) [PSYoungGen: 71600K->1517K(72192K)] 442912K->372829K(802304K), 0.0016335 secs] [Times: user=0.00 sys=0.00, real=0.00 secs] 
2852.216: [GC (Allocation Failure) [PSYoungGen: 71661K->1488K(72192K)] 442973K->372800K(802304K), 0.0017900 secs] [Times: user=0.01 sys=0.00, real=0.00 secs] 
2852.341: [GC (Allocation Failure) [PSYoungGen: 71632K->160K(72192K)] 442944K->371488K(802304K), 0.0014797 secs] [Times: user=0.00 sys=0.00, real=0.00 secs] 
2853.321: [GC (Allocation Failure) [PSYoungGen: 70304K->1424K(71680K)] 441632K->372752K(801792K), 0.0028324 secs] [Times: user=0.01 sys=0.00, real=0.01 secs] 
2854.131: [GC (Allocation Failure) [PSYoungGen: 71568K->1408K(71680K)] 442896K->372736K(801792K), 0.0031191 secs] [Times: user=0.01 sys=0.00, real=0.01 secs] 
2854.858: [GC (Allocation Failure) [PSYoungGen: 71552K->1408K(71680K)] 442880K->372736K(801792K), 0.0032166 secs] [Times: user=0.02 sys=0.00, real=0.00 secs] 
2855.719: [GC (Allocation Failure) [PSYoungGen: 71552K->1408K(71680K)] 442880K->372736K(801792K), 0.0036025 secs] [Times: user=0.01 sys=0.00, real=0.00 secs] 
2855.963: [GC (Allocation Failure) [PSYoungGen: 71552K->1517K(71680K)] 442880K->372845K(801792K), 0.0017026 secs] [Times: user=0.00 sys=0.00, real=0.01 secs] 
2856.089: [GC (Allocation Failure) [PSYoungGen: 71661K->1517K(71680K)] 442989K->372845K(801792K), 0.0018393 secs] [Times: user=0.00 sys=0.00, real=0.00 secs] 
2856.215: [GC (Allocation Failure) [PSYoungGen: 71661K->1485K(71680K)] 442989K->372813K(801792K), 0.0016695 secs] [Times: user=0.01 sys=0.00, real=0.00 secs] 
2856.509: [GC (Allocation Failure) [PSYoungGen: 71629K->1472K(71680K)] 442957K->372800K(801792K), 0.0019707 secs] [Times: user=0.01 sys=0.00, real=0.00 secs] 
2857.084: [GC (Allocation Failure) [PSYoungGen: 71616K->1376K(71680K)] 442944K->372704K(801792K), 0.0018553 secs] [Times: user=0.01 sys=0.00, real=0.00 secs] 
2857.753: [GC (Allocation Failure) [PSYoungGen: 71520K->1408K(71680K)] 442848K->372736K(801792K), 0.0024362 secs] [Times: user=0.01 sys=0.00, real=0.01 secs] 
2858.669: [GC (Allocation Failure) [PSYoungGen: 71552K->1376K(71680K)] 442880K->372704K(801792K), 0.0021653 secs] [Times: user=0.00 sys=0.00, real=0.00 secs] 
2859.518: [GC (Allocation Failure) [PSYoungGen: 71520K->1485K(71680K)] 442848K->372813K(801792K), 0.0024283 secs] [Times: user=0.01 sys=0.00, real=0.00 secs] 
2859.672: [GC (Allocation Failure) [PSYoungGen: 71629K->1517K(72192K)] 442957K->372845K(802304K), 0.0017160 secs] [Times: user=0.01 sys=0.00, real=0.01 secs] 
2859.815: [GC (Allocation Failure) [PSYoungGen: 71661K->1520K(72192K)] 442989K->372848K(802304K), 0.0019616 secs] [Times: user=0.01 sys=0.00, real=0.00 secs] 
2859.977: [GC (Allocation Failure) [PSYoungGen: 71664K->1488K(72192K)] 442992K->372816K(802304K), 0.0019344 secs] [Times: user=0.01 sys=0.00, real=0.00 secs] 
2860.594: [GC (Allocation Failure) [PSYoungGen: 71632K->1424K(72192K)] 442960K->372776K(802304K), 0.0022503 secs] [Times: user=0.01 sys=0.00, real=0.01 secs] 
2861.176: [GC (Allocation Failure) [PSYoungGen: 71568K->1376K(72192K)] 442920K->372728K(802304K), 0.0020981 secs] [Times: user=0.01 sys=0.00, real=0.00 secs] 
2862.136: [GC (Allocation Failure) [PSYoungGen: 71520K->1376K(72192K)] 442872K->372728K(802304K), 0.0026813 secs] [Times: user=0.01 sys=0.00, real=0.00 secs] 
2863.017: [GC (Allocation Failure) [PSYoungGen: 71520K->1408K(72192K)] 442872K->372760K(802304K), 0.0040879 secs] [Times: user=0.01 sys=0.00, real=0.00 secs] 
2863.458: [GC (Allocation Failure) [PSYoungGen: 71552K->1485K(72192K)] 442904K->372837K(802304K), 0.0021256 secs] [Times: user=0.00 sys=0.00, real=0.00 secs] 
2863.599: [GC (Allocation Failure) [PSYoungGen: 71629K->1485K(72192K)] 442981K->372837K(802304K), 0.0015759 secs] [Times: user=0.01 sys=0.00, real=0.00 secs] 
2863.723: [GC (Allocation Failure) [PSYoungGen: 71629K->1485K(72192K)] 442981K->372837K(802304K), 0.0016985 secs] [Times: user=0.01 sys=0.00, real=0.01 secs] 
2863.847: [GC (Allocation Failure) [PSYoungGen: 71629K->1549K(72192K)] 442981K->372909K(802304K), 0.0016859 secs] [Times: user=0.01 sys=0.00, real=0.00 secs] 
2864.245: [GC (Allocation Failure) [PSYoungGen: 71693K->1376K(72192K)] 443053K->372736K(802304K), 0.0019138 secs] [Times: user=0.01 sys=0.00, real=0.00 secs] 
2864.730: [GC (Allocation Failure) [PSYoungGen: 71520K->1360K(72192K)] 442880K->372720K(802304K), 0.0019834 secs] [Times: user=0.00 sys=0.00, real=0.00 secs] 
2865.337: [GC (Allocation Failure) [PSYoungGen: 71504K->1376K(72192K)] 442864K->372736K(802304K), 0.0035758 secs] [Times: user=0.01 sys=0.00, real=0.00 secs] 
2865.982: [GC (Allocation Failure) [PSYoungGen: 71520K->1376K(72192K)] 442880K->372736K(802304K), 0.0041183 secs] [Times: user=0.01 sys=0.01, real=0.01 secs] 
2866.285: [GC (Allocation Failure) [PSYoungGen: 71520K->1517K(72192K)] 442880K->372877K(802304K), 0.0020806 secs] [Times: user=0.00 sys=0.00, real=0.00 secs] 
2866.419: [GC (Allocation Failure) [PSYoungGen: 71661K->1501K(72192K)] 443021K->372861K(802304K), 0.0016466 secs] [Times: user=0.01 sys=0.00, real=0.00 secs] 
2866.545: [GC (Allocation Failure) [PSYoungGen: 71645K->1517K(72192K)] 443005K->372877K(802304K), 0.0016472 secs] [Times: user=0.01 sys=0.00, real=0.00 secs] 
2866.720: [GC (Allocation Failure) [PSYoungGen: 71661K->1920K(72192K)] 443021K->373280K(802304K), 0.0020650 secs] [Times: user=0.01 sys=0.00, real=0.00 secs] 
2867.013: [GC (Allocation Failure) [PSYoungGen: 72064K->1344K(72192K)] 443424K->372704K(802304K), 0.0018957 secs] [Times: user=0.01 sys=0.00, real=0.01 secs] 
2867.315: [GC (Allocation Failure) [PSYoungGen: 71488K->1344K(72192K)] 442848K->372704K(802304K), 0.0017800 secs] [Times: user=0.00 sys=0.00, real=0.00 secs] 
2867.826: [GC (Allocation Failure) [PSYoungGen: 71488K->1344K(72192K)] 442848K->372712K(802304K), 0.0023264 secs] [Times: user=0.01 sys=0.00, real=0.00 secs] 
2868.358: [GC (Allocation Failure) [PSYoungGen: 71472K->1437K(72192K)] 442840K->372805K(802304K), 0.0023428 secs] [Times: user=0.01 sys=0.00, real=0.00 secs] 
2868.520: [GC (Allocation Failure) [PSYoungGen: 71581K->1485K(72192K)] 442949K->372853K(802304K), 0.0016816 secs] [Times: user=0.01 sys=0.00, real=0.00 secs] 
2868.644: [GC (Allocation Failure) [PSYoungGen: 71629K->1453K(72192K)] 442997K->372821K(802304K), 0.0017341 secs] [Times: user=0.00 sys=0.00, real=0.00 secs] 
2868.768: [GC (Allocation Failure) [PSYoungGen: 71597K->1485K(72192K)] 442965K->372853K(802304K), 0.0017065 secs] [Times: user=0.01 sys=0.00, real=0.00 secs] 
2869.136: [GC (Allocation Failure) [PSYoungGen: 71629K->1408K(71680K)] 442997K->372776K(801792K), 0.0019894 secs] [Times: user=0.00 sys=0.00, real=0.00 secs] 
2869.556: [GC (Allocation Failure) [PSYoungGen: 71552K->1408K(71680K)] 442920K->372776K(801792K), 0.0019782 secs] [Times: user=0.01 sys=0.00, real=0.00 secs] 
2870.312: [GC (Allocation Failure) [PSYoungGen: 71552K->1376K(71680K)] 442920K->372744K(801792K), 0.0028546 secs] [Times: user=0.01 sys=0.00, real=0.01 secs] 
2871.187: [GC (Allocation Failure) [PSYoungGen: 71520K->1376K(71680K)] 442888K->372744K(801792K), 0.0046577 secs] [Times: user=0.01 sys=0.00, real=0.00 secs] 
2871.893: [GC (Allocation Failure) [PSYoungGen: 71520K->1453K(71680K)] 442888K->372821K(801792K), 0.0026292 secs] [Times: user=0.01 sys=0.00, real=0.01 secs] 
2872.067: [GC (Allocation Failure) [PSYoungGen: 71576K->1485K(71680K)] 442944K->372853K(801792K), 0.0021970 secs] [Times: user=0.01 sys=0.00, real=0.00 secs] 
2872.194: [GC (Allocation Failure) [PSYoungGen: 71629K->1453K(71680K)] 442997K->372821K(801792K), 0.0017269 secs] [Times: user=0.00 sys=0.00, real=0.00 secs] 
2872.320: [GC (Allocation Failure) [PSYoungGen: 71597K->1485K(71680K)] 442965K->372861K(801792K), 0.0017895 secs] [Times: user=0.01 sys=0.00, real=0.00 secs] 
2873.133: [GC (Allocation Failure) [PSYoungGen: 71629K->1440K(71680K)] 443005K->372816K(801792K), 0.0030100 secs] [Times: user=0.01 sys=0.00, real=0.01 secs] 
2873.815: [GC (Allocation Failure) [PSYoungGen: 71584K->1376K(71680K)] 442960K->372752K(801792K), 0.0030416 secs] [Times: user=0.01 sys=0.00, real=0.00 secs] 
2874.555: [GC (Allocation Failure) [PSYoungGen: 71520K->1376K(71680K)] 442896K->372752K(801792K), 0.0027803 secs] [Times: user=0.01 sys=0.00, real=0.00 secs] 
2875.224: [GC (Allocation Failure) [PSYoungGen: 71520K->1408K(71680K)] 442896K->372784K(801792K), 0.0030987 secs] [Times: user=0.02 sys=0.00, real=0.00 secs] 
2875.568: [GC (Allocation Failure) [PSYoungGen: 71552K->1488K(72192K)] 442928K->372864K(802304K), 0.0020071 secs] [Times: user=0.01 sys=0.00, real=0.00 secs] 
2875.699: [GC (Allocation Failure) [PSYoungGen: 71632K->1549K(72192K)] 443008K->372925K(802304K), 0.0017298 secs] [Times: user=0.01 sys=0.00, real=0.00 secs] 
2875.824: [GC (Allocation Failure) [PSYoungGen: 71693K->1517K(72192K)] 443069K->372893K(802304K), 0.0017466 secs] [Times: user=0.01 sys=0.00, real=0.01 secs] 
2875.947: [GC (Allocation Failure) [PSYoungGen: 71661K->1456K(72192K)] 443037K->372848K(802304K), 0.0017393 secs] [Times: user=0.00 sys=0.00, real=0.00 secs] 
2876.961: [GC (Allocation Failure) [PSYoungGen: 71600K->1424K(71680K)] 442992K->372816K(801792K), 0.0030881 secs] [Times: user=0.01 sys=0.00, real=0.01 secs] 
2878.048: [GC (Allocation Failure) [PSYoungGen: 71568K->1392K(71680K)] 442960K->372784K(801792K), 0.0037461 secs] [Times: user=0.01 sys=0.00, real=0.00 secs] 
2879.112: [GC (Allocation Failure) [PSYoungGen: 71536K->1344K(71680K)] 442928K->372736K(801792K), 0.0034842 secs] [Times: user=0.01 sys=0.00, real=0.01 secs] 
2879.948: [GC (Allocation Failure) [PSYoungGen: 71488K->1360K(71680K)] 442880K->372752K(801792K), 0.0037590 secs] [Times: user=0.01 sys=0.00, real=0.00 secs] 
2880.199: [GC (Allocation Failure) [PSYoungGen: 71504K->1485K(71680K)] 442896K->372877K(801792K), 0.0019286 secs] [Times: user=0.01 sys=0.01, real=0.00 secs] 
2880.328: [GC (Allocation Failure) [PSYoungGen: 71629K->1533K(71680K)] 443021K->372925K(801792K), 0.0018530 secs] [Times: user=0.01 sys=0.00, real=0.00 secs] 
2880.453: [GC (Allocation Failure) [PSYoungGen: 71677K->1453K(71680K)] 443069K->372845K(801792K), 0.0016105 secs] [Times: user=0.00 sys=0.00, real=0.01 secs] 
2880.790: [GC (Allocation Failure) [PSYoungGen: 71597K->1440K(71680K)] 442989K->372848K(801792K), 0.0021744 secs] [Times: user=0.01 sys=0.00, real=0.00 secs] 
2881.429: [GC (Allocation Failure) [PSYoungGen: 71584K->1344K(71680K)] 442992K->372752K(801792K), 0.0019922 secs] [Times: user=0.01 sys=0.00, real=0.00 secs] 
2882.127: [GC (Allocation Failure) [PSYoungGen: 71488K->1376K(71680K)] 442896K->372784K(801792K), 0.0024011 secs] [Times: user=0.01 sys=0.01, real=0.00 secs] 
2882.788: [GC (Allocation Failure) [PSYoungGen: 71520K->1344K(71680K)] 442928K->372752K(801792K), 0.0022166 secs] [Times: user=0.01 sys=0.00, real=0.00 secs] 
2883.515: [GC (Allocation Failure) [PSYoungGen: 71488K->1424K(71680K)] 442896K->372832K(801792K), 0.0024271 secs] [Times: user=0.01 sys=0.00, real=0.00 secs] 
2883.707: [GC (Allocation Failure) [PSYoungGen: 71541K->1520K(72192K)] 442949K->372928K(802304K), 0.0022390 secs] [Times: user=0.01 sys=0.00, real=0.00 secs] 
2883.859: [GC (Allocation Failure) [PSYoungGen: 71664K->1520K(72192K)] 443072K->372928K(802304K), 0.0015922 secs] [Times: user=0.00 sys=0.00, real=0.00 secs] 
2883.984: [GC (Allocation Failure) [PSYoungGen: 71664K->1488K(72192K)] 443072K->372896K(802304K), 0.0016404 secs] [Times: user=0.01 sys=0.00, real=0.00 secs] 
2884.224: [GC (Allocation Failure) [PSYoungGen: 71632K->1424K(72192K)] 443040K->372832K(802304K), 0.0021919 secs] [Times: user=0.01 sys=0.00, real=0.00 secs] 
2884.517: [GC (Allocation Failure) [PSYoungGen: 71568K->1408K(72192K)] 442976K->372816K(802304K), 0.0022196 secs] [Times: user=0.01 sys=0.00, real=0.00 secs] 
2884.869: [GC (Allocation Failure) [PSYoungGen: 71552K->1408K(72192K)] 442960K->372816K(802304K), 0.0020934 secs] [Times: user=0.01 sys=0.00, real=0.00 secs] 
2885.419: [GC (Allocation Failure) [PSYoungGen: 71552K->1376K(72192K)] 442960K->372784K(802304K), 0.0020668 secs] [Times: user=0.01 sys=0.00, real=0.00 secs] 
2885.766: [GC (Allocation Failure) [PSYoungGen: 71520K->1421K(72192K)] 442928K->372829K(802304K), 0.0016919 secs] [Times: user=0.00 sys=0.00, real=0.00 secs] 
2885.890: [GC (Allocation Failure) [PSYoungGen: 71565K->1453K(72192K)] 442973K->372861K(802304K), 0.0017179 secs] [Times: user=0.01 sys=0.00, real=0.00 secs] 
2886.014: [GC (Allocation Failure) [PSYoungGen: 71597K->1520K(72192K)] 443005K->372928K(802304K), 0.0017325 secs] [Times: user=0.01 sys=0.00, real=0.00 secs] 
2886.158: [GC (Allocation Failure) [PSYoungGen: 71664K->1485K(72192K)] 443072K->372909K(802304K), 0.0018220 secs] [Times: user=0.00 sys=0.00, real=0.00 secs] 
2886.773: [GC (Allocation Failure) [PSYoungGen: 71629K->1376K(72192K)] 443053K->372800K(802304K), 0.0022379 secs] [Times: user=0.01 sys=0.00, real=0.01 secs] 
2887.311: [GC (Allocation Failure) [PSYoungGen: 71520K->1344K(72192K)] 442944K->372776K(802304K), 0.0021369 secs] [Times: user=0.01 sys=0.00, real=0.00 secs] 
2887.781: [GC (Allocation Failure) [PSYoungGen: 71488K->1408K(72192K)] 442920K->372856K(802304K), 0.0023145 secs] [Times: user=0.01 sys=0.00, real=0.01 secs] 
2888.361: [GC (Allocation Failure) [PSYoungGen: 71552K->1344K(72192K)] 443000K->372792K(802304K), 0.0025283 secs] [Times: user=0.01 sys=0.00, real=0.01 secs] 
2888.631: [GC (Allocation Failure) [PSYoungGen: 71488K->1485K(72192K)] 442936K->372933K(802304K), 0.0015532 secs] [Times: user=0.01 sys=0.00, real=0.00 secs] 
2888.757: [GC (Allocation Failure) [PSYoungGen: 71629K->1453K(72192K)] 443077K->372901K(802304K), 0.0017900 secs] [Times: user=0.00 sys=0.00, real=0.00 secs] 
2888.882: [GC (Allocation Failure) [PSYoungGen: 71597K->1517K(72192K)] 443045K->372965K(802304K), 0.0017025 secs] [Times: user=0.01 sys=0.00, real=0.00 secs] 
2889.108: [GC (Allocation Failure) [PSYoungGen: 71661K->1440K(72192K)] 443109K->372888K(802304K), 0.0019383 secs] [Times: user=0.01 sys=0.00, real=0.00 secs] 
2890.065: [GC (Allocation Failure) [PSYoungGen: 71584K->1360K(72192K)] 443032K->372808K(802304K), 0.0040969 secs] [Times: user=0.02 sys=0.00, real=0.00 secs] 
2890.944: [GC (Allocation Failure) [PSYoungGen: 71504K->1344K(72192K)] 442952K->372800K(802304K), 0.0046555 secs] [Times: user=0.01 sys=0.00, real=0.00 secs] 
2891.884: [GC (Allocation Failure) [PSYoungGen: 71488K->1376K(72192K)] 442944K->372832K(802304K), 0.0084721 secs] [Times: user=0.03 sys=0.00, real=0.00 secs] 
2892.771: [GC (Allocation Failure) [PSYoungGen: 71520K->1456K(72192K)] 442976K->372912K(802304K), 0.0040273 secs] [Times: user=0.01 sys=0.00, real=0.01 secs] 
2892.989: [GC (Allocation Failure) [PSYoungGen: 71600K->1488K(72192K)] 443056K->372944K(802304K), 0.0018584 secs] [Times: user=0.01 sys=0.00, real=0.00 secs] 
2893.115: [GC (Allocation Failure) [PSYoungGen: 71632K->1453K(72192K)] 443088K->372909K(802304K), 0.0016595 secs] [Times: user=0.01 sys=0.00, real=0.00 secs] 
2893.239: [GC (Allocation Failure) [PSYoungGen: 71597K->1485K(72192K)] 443053K->372941K(802304K), 0.0016288 secs] [Times: user=0.01 sys=0.00, real=0.00 secs] 
2893.807: [GC (Allocation Failure) [PSYoungGen: 71629K->1472K(72192K)] 443085K->372936K(802304K), 0.0020965 secs] [Times: user=0.01 sys=0.00, real=0.00 secs] 
2894.568: [GC (Allocation Failure) [PSYoungGen: 71616K->1408K(72192K)] 443080K->372872K(802304K), 0.0023373 secs] [Times: user=0.01 sys=0.00, real=0.00 secs] 
2894.847: [GC (Allocation Failure) [PSYoungGen: 71552K->1376K(72192K)] 443016K->372840K(802304K), 0.0020420 secs] [Times: user=0.01 sys=0.00, real=0.00 secs] 
2895.369: [GC (Allocation Failure) [PSYoungGen: 71520K->1376K(72192K)] 442984K->372840K(802304K), 0.0021764 secs] [Times: user=0.01 sys=0.00, real=0.00 secs] 
2895.859: [GC (Allocation Failure) [PSYoungGen: 71520K->1485K(72192K)] 442984K->372949K(802304K), 0.0020049 secs] [Times: user=0.01 sys=0.00, real=0.00 secs] 
2895.993: [GC (Allocation Failure) [PSYoungGen: 71607K->1488K(72192K)] 443071K->372952K(802304K), 0.0015347 secs] [Times: user=0.01 sys=0.00, real=0.01 secs] 
2896.117: [GC (Allocation Failure) [PSYoungGen: 71632K->1517K(72192K)] 443096K->372981K(802304K), 0.0016506 secs] [Times: user=0.00 sys=0.00, real=0.00 secs] 
2896.242: [GC (Allocation Failure) [PSYoungGen: 71661K->1517K(72192K)] 443125K->372997K(802304K), 0.0015676 secs] [Times: user=0.01 sys=0.00, real=0.00 secs] 
2897.007: [GC (Allocation Failure) [PSYoungGen: 71661K->1440K(72192K)] 443141K->372928K(802304K), 0.0034888 secs] [Times: user=0.01 sys=0.00, real=0.00 secs] 
2898.154: [GC (Allocation Failure) [PSYoungGen: 71584K->1408K(72192K)] 443072K->372896K(802304K), 0.0032303 secs] [Times: user=0.01 sys=0.00, real=0.00 secs] 
2898.942: [GC (Allocation Failure) [PSYoungGen: 71552K->1376K(72192K)] 443040K->372864K(802304K), 0.0036663 secs] [Times: user=0.01 sys=0.00, real=0.01 secs] 
2899.688: [GC (Allocation Failure) [PSYoungGen: 71520K->1376K(72192K)] 443008K->372888K(802304K), 0.0041274 secs] [Times: user=0.02 sys=0.00, real=0.00 secs] 
2900.135: [GC (Allocation Failure) [PSYoungGen: 71520K->1456K(72192K)] 443032K->372968K(802304K), 0.0021826 secs] [Times: user=0.01 sys=0.00, real=0.00 secs] 
2900.312: [GC (Allocation Failure) [PSYoungGen: 71600K->1517K(72192K)] 443112K->373029K(802304K), 0.0021905 secs] [Times: user=0.01 sys=0.00, real=0.01 secs] 
2900.467: [GC (Allocation Failure) [PSYoungGen: 71661K->1485K(72192K)] 443173K->372997K(802304K), 0.0018101 secs] [Times: user=0.00 sys=0.00, real=0.00 secs] 
2900.591: [GC (Allocation Failure) [PSYoungGen: 71199K->224K(72192K)] 442711K->371752K(802304K), 0.0016122 secs] [Times: user=0.00 sys=0.00, real=0.00 secs] 
2901.231: [GC (Allocation Failure) [PSYoungGen: 70368K->1344K(72192K)] 441896K->372872K(802304K), 0.0032567 secs] [Times: user=0.01 sys=0.00, real=0.01 secs] 
2901.526: [GC (Allocation Failure) [PSYoungGen: 71488K->1344K(72192K)] 443016K->372872K(802304K), 0.0020904 secs] [Times: user=0.01 sys=0.00, real=0.00 secs] 
2901.969: [GC (Allocation Failure) [PSYoungGen: 71488K->1344K(72192K)] 443016K->372872K(802304K), 0.0029300 secs] [Times: user=0.01 sys=0.00, real=0.00 secs] 
2902.510: [GC (Allocation Failure) [PSYoungGen: 71188K->256K(72192K)] 442716K->371784K(802304K), 0.0025852 secs] [Times: user=0.01 sys=0.00, real=0.00 secs] 
2902.675: [GC (Allocation Failure) [PSYoungGen: 70400K->1485K(72192K)] 441928K->373013K(802304K), 0.0017592 secs] [Times: user=0.01 sys=0.00, real=0.00 secs] 
2902.799: [GC (Allocation Failure) [PSYoungGen: 71629K->1485K(72192K)] 443157K->373013K(802304K), 0.0017042 secs] [Times: user=0.01 sys=0.00, real=0.00 secs] 
2902.923: [GC (Allocation Failure) [PSYoungGen: 71629K->1501K(72192K)] 443157K->373029K(802304K), 0.0016793 secs] [Times: user=0.00 sys=0.00, real=0.01 secs] 
2903.870: [GC (Allocation Failure) [PSYoungGen: 71645K->1440K(72192K)] 443173K->372968K(802304K), 0.0040333 secs] [Times: user=0.02 sys=0.00, real=0.01 secs] 
2904.466: [GC (Allocation Failure) [PSYoungGen: 71584K->1376K(72192K)] 443112K->372904K(802304K), 0.0034688 secs] [Times: user=0.01 sys=0.00, real=0.00 secs] 
2905.149: [GC (Allocation Failure) [PSYoungGen: 71520K->1344K(72192K)] 443048K->372872K(802304K), 0.0032140 secs] [Times: user=0.01 sys=0.00, real=0.00 secs] 
2905.924: [GC (Allocation Failure) [PSYoungGen: 71488K->1376K(72192K)] 443016K->372904K(802304K), 0.0037260 secs] [Times: user=0.02 sys=0.00, real=0.00 secs] 
2906.613: [GC (Allocation Failure) [PSYoungGen: 71520K->1424K(72192K)] 443048K->372952K(802304K), 0.0027322 secs] [Times: user=0.01 sys=0.00, real=0.01 secs] 
2906.797: [GC (Allocation Failure) [PSYoungGen: 71539K->1485K(72192K)] 443067K->373013K(802304K), 0.0016798 secs] [Times: user=0.00 sys=0.00, real=0.00 secs] 
2906.922: [GC (Allocation Failure) [PSYoungGen: 71629K->1517K(72192K)] 443157K->373045K(802304K), 0.0017873 secs] [Times: user=0.01 sys=0.00, real=0.01 secs] 
2907.046: [GC (Allocation Failure) [PSYoungGen: 71661K->1453K(72192K)] 443189K->372989K(802304K), 0.0017324 secs] [Times: user=0.01 sys=0.00, real=0.00 secs] 
2907.428: [GC (Allocation Failure) [PSYoungGen: 71597K->1440K(72192K)] 443133K->372976K(802304K), 0.0019427 secs] [Times: user=0.01 sys=0.00, real=0.00 secs] 
2907.906: [GC (Allocation Failure) [PSYoungGen: 71584K->1392K(72192K)] 443120K->372928K(802304K), 0.0018645 secs] [Times: user=0.00 sys=0.00, real=0.00 secs] 
2908.197: [GC (Allocation Failure) [PSYoungGen: 71536K->1376K(72192K)] 443072K->372912K(802304K), 0.0023723 secs] [Times: user=0.01 sys=0.00, real=0.00 secs] 
2908.586: [GC (Allocation Failure) [PSYoungGen: 71520K->1376K(72192K)] 443056K->372928K(802304K), 0.0034361 secs] [Times: user=0.01 sys=0.00, real=0.00 secs] 
2908.914: [GC (Allocation Failure) [PSYoungGen: 71503K->1485K(72192K)] 443055K->373037K(802304K), 0.0019565 secs] [Times: user=0.01 sys=0.00, real=0.00 secs] 
2909.044: [GC (Allocation Failure) [PSYoungGen: 71629K->1517K(72192K)] 443181K->373069K(802304K), 0.0016871 secs] [Times: user=0.00 sys=0.00, real=0.01 secs] 
2909.167: [GC (Allocation Failure) [PSYoungGen: 71661K->1517K(72192K)] 443213K->373069K(802304K), 0.0016930 secs] [Times: user=0.00 sys=0.00, real=0.00 secs] 
2909.292: [GC (Allocation Failure) [PSYoungGen: 71661K->1485K(72192K)] 443213K->373053K(802304K), 0.0016145 secs] [Times: user=0.01 sys=0.00, real=0.00 secs] 
2909.807: [GC (Allocation Failure) [PSYoungGen: 71629K->1440K(72192K)] 443197K->373008K(802304K), 0.0019030 secs] [Times: user=0.00 sys=0.00, real=0.00 secs] 
2910.337: [GC (Allocation Failure) [PSYoungGen: 71584K->1376K(72192K)] 443152K->372944K(802304K), 0.0028191 secs] [Times: user=0.01 sys=0.00, real=0.00 secs] 
2910.875: [GC (Allocation Failure) [PSYoungGen: 71520K->1392K(72192K)] 443088K->372960K(802304K), 0.0028077 secs] [Times: user=0.01 sys=0.00, real=0.00 secs] 
2911.427: [GC (Allocation Failure) [PSYoungGen: 71536K->1360K(72192K)] 443104K->372928K(802304K), 0.0025568 secs] [Times: user=0.01 sys=0.00, real=0.00 secs] 
2911.877: [GC (Allocation Failure) [PSYoungGen: 71504K->1488K(72192K)] 443072K->373056K(802304K), 0.0017185 secs] [Times: user=0.00 sys=0.00, real=0.00 secs] 
2912.020: [GC (Allocation Failure) [PSYoungGen: 71632K->1488K(72192K)] 443200K->373056K(802304K), 0.0019360 secs] [Times: user=0.01 sys=0.00, real=0.00 secs] 
2912.179: [GC (Allocation Failure) [PSYoungGen: 71632K->1517K(72192K)] 443200K->373085K(802304K), 0.0017638 secs] [Times: user=0.00 sys=0.00, real=0.00 secs] 
2912.368: [GC (Allocation Failure) [PSYoungGen: 71661K->1472K(72192K)] 443229K->373040K(802304K), 0.0066891 secs] [Times: user=0.03 sys=0.00, real=0.01 secs] 
2912.664: [GC (Allocation Failure) [PSYoungGen: 71616K->1376K(72192K)] 443184K->372944K(802304K), 0.0020743 secs] [Times: user=0.00 sys=0.00, real=0.00 secs] 
2913.014: [GC (Allocation Failure) [PSYoungGen: 71520K->1376K(77824K)] 443088K->372944K(807936K), 0.0020751 secs] [Times: user=0.01 sys=0.00, real=0.00 secs] 
2913.585: [GC (Allocation Failure) [PSYoungGen: 77664K->1408K(77312K)] 449232K->372976K(807424K), 0.0024015 secs] [Times: user=0.00 sys=0.00, real=0.00 secs] 
2914.070: [GC (Allocation Failure) [PSYoungGen: 77184K->1517K(76800K)] 448752K->373085K(806912K), 0.0024323 secs] [Times: user=0.01 sys=0.00, real=0.00 secs] 
2914.273: [GC (Allocation Failure) [PSYoungGen: 76781K->1552K(76800K)] 448349K->373120K(806912K), 0.0026366 secs] [Times: user=0.01 sys=0.00, real=0.01 secs] 
2914.438: [GC (Allocation Failure) [PSYoungGen: 76304K->1517K(75776K)] 447872K->373085K(805888K), 0.0017929 secs] [Times: user=0.00 sys=0.00, real=0.00 secs] 
2914.572: [GC (Allocation Failure) [PSYoungGen: 75757K->1517K(76800K)] 447325K->373085K(806912K), 0.0017520 secs] [Times: user=0.01 sys=0.00, real=0.00 secs] 
2915.356: [GC (Allocation Failure) [PSYoungGen: 76269K->1440K(75776K)] 447837K->373008K(805888K), 0.0033739 secs] [Times: user=0.01 sys=0.00, real=0.00 secs] 
2915.703: [GC (Allocation Failure) [PSYoungGen: 75680K->1360K(75264K)] 447248K->372928K(805376K), 0.0021654 secs] [Times: user=0.01 sys=0.00, real=0.01 secs] 
2916.343: [GC (Allocation Failure) [PSYoungGen: 75088K->1344K(74752K)] 446656K->372912K(804864K), 0.0026192 secs] [Times: user=0.01 sys=0.00, real=0.01 secs] 
2917.402: [GC (Allocation Failure) [PSYoungGen: 74560K->1501K(74240K)] 446128K->373069K(804352K), 0.0033942 secs] [Times: user=0.01 sys=0.00, real=0.01 secs] 
2917.665: [GC (Allocation Failure) [PSYoungGen: 74205K->1517K(73728K)] 445773K->373085K(803840K), 0.0020978 secs] [Times: user=0.01 sys=0.00, real=0.00 secs] 
2917.854: [GC (Allocation Failure) [PSYoungGen: 73709K->1517K(73216K)] 445277K->373085K(803328K), 0.0024177 secs] [Times: user=0.01 sys=0.00, real=0.00 secs] 
2918.019: [GC (Allocation Failure) [PSYoungGen: 73197K->1517K(72704K)] 444765K->373085K(802816K), 0.0018211 secs] [Times: user=0.01 sys=0.00, real=0.00 secs] 
2918.819: [GC (Allocation Failure) [PSYoungGen: 72685K->1408K(72192K)] 444253K->372976K(802304K), 0.0035737 secs] [Times: user=0.02 sys=0.00, real=0.00 secs] 
2919.113: [GC (Allocation Failure) [PSYoungGen: 72064K->1360K(71680K)] 443632K->372944K(801792K), 0.0021604 secs] [Times: user=0.01 sys=0.00, real=0.01 secs] 
2919.425: [GC (Allocation Failure) [PSYoungGen: 71504K->1376K(71680K)] 443088K->372960K(801792K), 0.0020987 secs] [Times: user=0.01 sys=0.00, real=0.00 secs] 
2919.716: [GC (Allocation Failure) [PSYoungGen: 71520K->1376K(71680K)] 443104K->372960K(801792K), 0.0019707 secs] [Times: user=0.01 sys=0.01, real=0.00 secs] 
2920.060: [GC (Allocation Failure) [PSYoungGen: 71520K->1453K(71680K)] 443104K->373037K(801792K), 0.0017499 secs] [Times: user=0.01 sys=0.00, real=0.00 secs] 
2920.185: [GC (Allocation Failure) [PSYoungGen: 71586K->1485K(71680K)] 443170K->373069K(801792K), 0.0016874 secs] [Times: user=0.01 sys=0.00, real=0.00 secs] 
2920.311: [GC (Allocation Failure) [PSYoungGen: 71629K->1485K(71680K)] 443213K->373069K(801792K), 0.0017436 secs] [Times: user=0.01 sys=0.00, real=0.00 secs] 
2920.437: [GC (Allocation Failure) [PSYoungGen: 71629K->1488K(74752K)] 443213K->373072K(804864K), 0.0016338 secs] [Times: user=0.01 sys=0.00, real=0.00 secs] 
2920.734: [GC (Allocation Failure) [PSYoungGen: 74704K->1376K(74240K)] 446288K->372960K(804352K), 0.0018947 secs] [Times: user=0.01 sys=0.00, real=0.00 secs] 
2921.036: [GC (Allocation Failure) [PSYoungGen: 74080K->1376K(73728K)] 445664K->372960K(803840K), 0.0019205 secs] [Times: user=0.01 sys=0.00, real=0.00 secs] 
2921.341: [GC (Allocation Failure) [PSYoungGen: 73568K->1376K(73216K)] 445152K->372960K(803328K), 0.0033357 secs] [Times: user=0.01 sys=0.00, real=0.01 secs] 
2921.639: [GC (Allocation Failure) [PSYoungGen: 73056K->1344K(72704K)] 444640K->372928K(802816K), 0.0029008 secs] [Times: user=0.01 sys=0.00, real=0.00 secs] 
2921.859: [GC (Allocation Failure) [PSYoungGen: 72512K->1488K(72192K)] 444096K->373072K(802304K), 0.0018468 secs] [Times: user=0.01 sys=0.00, real=0.00 secs] 
2921.985: [GC (Allocation Failure) [PSYoungGen: 72144K->1485K(71680K)] 443728K->373069K(801792K), 0.0018045 secs] [Times: user=0.01 sys=0.00, real=0.00 secs] 
2922.109: [GC (Allocation Failure) [PSYoungGen: 71629K->1485K(72192K)] 443213K->373069K(802304K), 0.0016530 secs] [Times: user=0.01 sys=0.00, real=0.00 secs] 
2922.295: [GC (Allocation Failure) [PSYoungGen: 71629K->1472K(78336K)] 443213K->373064K(808448K), 0.0021759 secs] [Times: user=0.01 sys=0.00, real=0.00 secs] 
2922.613: [GC (Allocation Failure) [PSYoungGen: 77760K->1408K(78336K)] 449352K->373000K(808448K), 0.0061129 secs] [Times: user=0.02 sys=0.00, real=0.01 secs] 
2923.147: [GC (Allocation Failure) [PSYoungGen: 77696K->1376K(84480K)] 449288K->372968K(814592K), 0.0020108 secs] [Times: user=0.01 sys=0.00, real=0.00 secs] 
2923.781: [GC (Allocation Failure) [PSYoungGen: 84320K->1392K(83968K)] 455912K->372984K(814080K), 0.0030107 secs] [Times: user=0.01 sys=0.00, real=0.01 secs] 
2924.171: [GC (Allocation Failure) [PSYoungGen: 83824K->1581K(83968K)] 455416K->373173K(814080K), 0.0020488 secs] [Times: user=0.01 sys=0.00, real=0.00 secs] 
2924.317: [GC (Allocation Failure) [PSYoungGen: 83501K->1488K(82944K)] 455093K->373080K(813056K), 0.0018268 secs] [Times: user=0.01 sys=0.00, real=0.00 secs] 
2924.463: [GC (Allocation Failure) [PSYoungGen: 82896K->1488K(82432K)] 454488K->373080K(812544K), 0.0017304 secs] [Times: user=0.00 sys=0.00, real=0.01 secs] 
2925.469: [GC (Allocation Failure) [PSYoungGen: 82384K->1424K(81920K)] 453976K->373016K(812032K), 0.0048295 secs] [Times: user=0.02 sys=0.00, real=0.01 secs] 
2926.387: [GC (Allocation Failure) [PSYoungGen: 81808K->1408K(81408K)] 453400K->373000K(811520K), 0.0035894 secs] [Times: user=0.01 sys=0.00, real=0.00 secs] 
2927.233: [GC (Allocation Failure) [PSYoungGen: 81280K->1360K(80896K)] 452872K->372952K(811008K), 0.0045390 secs] [Times: user=0.01 sys=0.00, real=0.01 secs] 
2928.161: [GC (Allocation Failure) [PSYoungGen: 80555K->240K(79872K)] 452148K->371832K(809984K), 0.0030767 secs] [Times: user=0.01 sys=0.00, real=0.01 secs] 
2928.388: [GC (Allocation Failure) [PSYoungGen: 79088K->1488K(79872K)] 450680K->373080K(809984K), 0.0017563 secs] [Times: user=0.01 sys=0.00, real=0.00 secs] 
2928.531: [GC (Allocation Failure) [PSYoungGen: 79824K->1456K(79360K)] 451416K->373048K(809472K), 0.0017254 secs] [Times: user=0.01 sys=0.00, real=0.00 secs] 
2928.671: [GC (Allocation Failure) [PSYoungGen: 79280K->1501K(78848K)] 450872K->373093K(808960K), 0.0017826 secs] [Times: user=0.00 sys=0.00, real=0.00 secs] 
2929.427: [GC (Allocation Failure) [PSYoungGen: 78813K->1456K(78336K)] 450405K->373048K(808448K), 0.0034552 secs] [Times: user=0.01 sys=0.00, real=0.00 secs] 
2930.621: [GC (Allocation Failure) [PSYoungGen: 78256K->1344K(77824K)] 449848K->372936K(807936K), 0.0042798 secs] [Times: user=0.02 sys=0.00, real=0.01 secs] 
2931.613: [GC (Allocation Failure) [PSYoungGen: 77632K->1408K(77312K)] 449224K->373016K(807424K), 0.0043879 secs] [Times: user=0.02 sys=0.00, real=0.01 secs] 
2932.424: [GC (Allocation Failure) [PSYoungGen: 77184K->1488K(76800K)] 448792K->373096K(806912K), 0.0032909 secs] [Times: user=0.01 sys=0.00, real=0.00 secs] 
2932.644: [GC (Allocation Failure) [PSYoungGen: 76752K->1456K(76288K)] 448360K->373064K(806400K), 0.0018088 secs] [Times: user=0.00 sys=0.01, real=0.00 secs] 
2932.777: [GC (Allocation Failure) [PSYoungGen: 76208K->1517K(75776K)] 447816K->373125K(805888K), 0.0017592 secs] [Times: user=0.01 sys=0.00, real=0.00 secs] 
2932.913: [GC (Allocation Failure) [PSYoungGen: 75757K->1488K(75264K)] 447365K->373096K(805376K), 0.0016304 secs] [Times: user=0.01 sys=0.00, real=0.01 secs] 
2933.341: [GC (Allocation Failure) [PSYoungGen: 75216K->1408K(74752K)] 446824K->373016K(804864K), 0.0021221 secs] [Times: user=0.00 sys=0.00, real=0.00 secs] 
2934.308: [GC (Allocation Failure) [PSYoungGen: 74624K->1360K(74240K)] 446232K->372968K(804352K), 0.0022753 secs] [Times: user=0.01 sys=0.00, real=0.00 secs] 
2935.365: [GC (Allocation Failure) [PSYoungGen: 74064K->1376K(73728K)] 445672K->372984K(803840K), 0.0030751 secs] [Times: user=0.01 sys=0.00, real=0.00 secs] 
2936.256: [GC (Allocation Failure) [PSYoungGen: 73568K->1376K(73216K)] 445176K->372984K(803328K), 0.0027222 secs] [Times: user=0.01 sys=0.00, real=0.00 secs] 
2936.628: [GC (Allocation Failure) [PSYoungGen: 73056K->1517K(72704K)] 444664K->373125K(802816K), 0.0021853 secs] [Times: user=0.01 sys=0.00, real=0.00 secs] 
2936.809: [GC (Allocation Failure) [PSYoungGen: 72685K->1488K(72192K)] 444293K->373096K(802304K), 0.0022730 secs] [Times: user=0.01 sys=0.00, real=0.00 secs] 
2937.019: [GC (Allocation Failure) [PSYoungGen: 72144K->1520K(71680K)] 443752K->373128K(801792K), 0.0025084 secs] [Times: user=0.01 sys=0.00, real=0.00 secs] 
2937.173: [GC (Allocation Failure) [PSYoungGen: 71603K->256K(72192K)] 443211K->371864K(802304K), 0.0016817 secs] [Times: user=0.01 sys=0.00, real=0.01 secs] 
2938.104: [GC (Allocation Failure) [PSYoungGen: 70400K->1344K(72192K)] 442008K->372952K(802304K), 0.0027308 secs] [Times: user=0.01 sys=0.00, real=0.00 secs] 
2938.926: [GC (Allocation Failure) [PSYoungGen: 71488K->1408K(72192K)] 443096K->373016K(802304K), 0.0028968 secs] [Times: user=0.02 sys=0.00, real=0.00 secs] 
2939.883: [GC (Allocation Failure) [PSYoungGen: 71552K->1392K(72192K)] 443160K->373000K(802304K), 0.0034259 secs] [Times: user=0.01 sys=0.00, real=0.01 secs] 
2940.890: [GC (Allocation Failure) [PSYoungGen: 71246K->256K(72192K)] 442854K->371864K(802304K), 0.0040401 secs] [Times: user=0.02 sys=0.00, real=0.01 secs] 
2941.117: [GC (Allocation Failure) [PSYoungGen: 70400K->1456K(72192K)] 442008K->373080K(802304K), 0.0020917 secs] [Times: user=0.01 sys=0.00, real=0.00 secs] 
2941.278: [GC (Allocation Failure) [PSYoungGen: 71600K->1520K(72192K)] 443224K->373144K(802304K), 0.0020884 secs] [Times: user=0.01 sys=0.00, real=0.00 secs] 
2941.453: [GC (Allocation Failure) [PSYoungGen: 71664K->1488K(72192K)] 443288K->373112K(802304K), 0.0023342 secs] [Times: user=0.01 sys=0.00, real=0.01 secs] 
2942.008: [GC (Allocation Failure) [PSYoungGen: 71632K->1472K(72192K)] 443256K->373096K(802304K), 0.0036298 secs] [Times: user=0.02 sys=0.00, real=0.00 secs] 
2942.875: [GC (Allocation Failure) [PSYoungGen: 71616K->1440K(72192K)] 443240K->373064K(802304K), 0.0032190 secs] [Times: user=0.02 sys=0.00, real=0.00 secs] 
2943.511: [GC (Allocation Failure) [PSYoungGen: 71584K->1408K(72192K)] 443208K->373032K(802304K), 0.0027869 secs] [Times: user=0.01 sys=0.00, real=0.01 secs] 
2944.354: [GC (Allocation Failure) [PSYoungGen: 71552K->1408K(72192K)] 443176K->373032K(802304K), 0.0028327 secs] [Times: user=0.01 sys=0.00, real=0.00 secs] 
2945.000: [GC (Allocation Failure) [PSYoungGen: 71552K->1520K(72192K)] 443176K->373144K(802304K), 0.0023353 secs] [Times: user=0.01 sys=0.00, real=0.00 secs] 
2945.155: [GC (Allocation Failure) [PSYoungGen: 71637K->1485K(72192K)] 443262K->373109K(802304K), 0.0015770 secs] [Times: user=0.01 sys=0.00, real=0.00 secs] 
2945.316: [GC (Allocation Failure) [PSYoungGen: 71629K->1520K(72192K)] 443253K->373144K(802304K), 0.0022756 secs] [Times: user=0.00 sys=0.00, real=0.00 secs] 
2945.484: [GC (Allocation Failure) [PSYoungGen: 71664K->1453K(72192K)] 443288K->373085K(802304K), 0.0015924 secs] [Times: user=0.01 sys=0.00, real=0.00 secs] 
2946.188: [GC (Allocation Failure) [PSYoungGen: 71597K->1392K(72192K)] 443229K->373040K(802304K), 0.0037892 secs] [Times: user=0.02 sys=0.00, real=0.00 secs] 
2947.025: [GC (Allocation Failure) [PSYoungGen: 71536K->1376K(72192K)] 443184K->373024K(802304K), 0.0026755 secs] [Times: user=0.01 sys=0.00, real=0.00 secs] 
2948.198: [GC (Allocation Failure) [PSYoungGen: 71520K->1408K(72192K)] 443168K->373056K(802304K), 0.0041021 secs] [Times: user=0.02 sys=0.00, real=0.00 secs] 
2949.168: [GC (Allocation Failure) [PSYoungGen: 71552K->1408K(72192K)] 443200K->373056K(802304K), 0.0028803 secs] [Times: user=0.01 sys=0.00, real=0.00 secs] 
2949.667: [GC (Allocation Failure) [PSYoungGen: 71525K->1517K(72192K)] 443173K->373165K(802304K), 0.0021694 secs] [Times: user=0.01 sys=0.00, real=0.00 secs] 
2949.841: [GC (Allocation Failure) [PSYoungGen: 71661K->1520K(72192K)] 443309K->373168K(802304K), 0.0022018 secs] [Times: user=0.00 sys=0.00, real=0.00 secs] 
2950.025: [GC (Allocation Failure) [PSYoungGen: 71664K->1488K(72192K)] 443312K->373136K(802304K), 0.0048634 secs] [Times: user=0.02 sys=0.00, real=0.00 secs] 
2950.185: [GC (Allocation Failure) [PSYoungGen: 71632K->1453K(72192K)] 443280K->373109K(802304K), 0.0016344 secs] [Times: user=0.01 sys=0.00, real=0.00 secs] 
2950.876: [GC (Allocation Failure) [PSYoungGen: 71597K->1408K(71680K)] 443253K->373080K(801792K), 0.0032736 secs] [Times: user=0.01 sys=0.00, real=0.00 secs] 
2951.461: [GC (Allocation Failure) [PSYoungGen: 71552K->1376K(71680K)] 443224K->373048K(801792K), 0.0035341 secs] [Times: user=0.01 sys=0.00, real=0.01 secs] 
2952.035: [GC (Allocation Failure) [PSYoungGen: 71520K->1376K(71680K)] 443192K->373048K(801792K), 0.0029085 secs] [Times: user=0.02 sys=0.00, real=0.00 secs] 
2952.383: [GC (Allocation Failure) [PSYoungGen: 71520K->1312K(71680K)] 443192K->372984K(801792K), 0.0022130 secs] [Times: user=0.01 sys=0.00, real=0.01 secs] 
2952.582: [GC (Allocation Failure) [PSYoungGen: 71456K->1517K(71680K)] 443128K->373189K(801792K), 0.0017038 secs] [Times: user=0.01 sys=0.00, real=0.01 secs] 
2952.707: [GC (Allocation Failure) [PSYoungGen: 71661K->1581K(72192K)] 443333K->373253K(802304K), 0.0019078 secs] [Times: user=0.01 sys=0.01, real=0.00 secs] 
2952.831: [GC (Allocation Failure) [PSYoungGen: 71725K->464K(74752K)] 443397K->373160K(804864K), 0.0017273 secs] [Times: user=0.01 sys=0.00, real=0.00 secs] 
2953.246: [GC (Allocation Failure) [PSYoungGen: 74192K->1472K(74752K)] 446888K->374168K(804864K), 0.0025461 secs] [Times: user=0.01 sys=0.00, real=0.00 secs] 
2954.170: [GC (Allocation Failure) [PSYoungGen: 74688K->1344K(74240K)] 447384K->374040K(804352K), 0.0035045 secs] [Times: user=0.01 sys=0.00, real=0.01 secs] 
2955.081: [GC (Allocation Failure) [PSYoungGen: 74048K->1376K(73728K)] 446744K->374072K(803840K), 0.0034737 secs] [Times: user=0.01 sys=0.00, real=0.01 secs] 
2956.086: [GC (Allocation Failure) [PSYoungGen: 73568K->1376K(73216K)] 446264K->374072K(803328K), 0.0032686 secs] [Times: user=0.01 sys=0.01, real=0.00 secs] 
2956.710: [GC (Allocation Failure) [PSYoungGen: 73056K->1456K(72704K)] 445752K->374152K(802816K), 0.0025700 secs] [Times: user=0.01 sys=0.00, real=0.00 secs] 
2956.871: [GC (Allocation Failure) [PSYoungGen: 72624K->1504K(72192K)] 445320K->374200K(802304K), 0.0017321 secs] [Times: user=0.01 sys=0.00, real=0.00 secs] 
2957.005: [GC (Allocation Failure) [PSYoungGen: 72160K->1453K(71680K)] 444856K->374149K(801792K), 0.0023852 secs] [Times: user=0.01 sys=0.00, real=0.00 secs] 
2957.134: [GC (Allocation Failure) [PSYoungGen: 71597K->1488K(72192K)] 444293K->374184K(802304K), 0.0021466 secs] [Times: user=0.01 sys=0.00, real=0.00 secs] 
2958.886: [GC (Allocation Failure) [PSYoungGen: 71632K->2016K(72192K)] 444328K->375133K(802304K), 0.0030816 secs] [Times: user=0.01 sys=0.00, real=0.00 secs] 
2961.490: [GC (Allocation Failure) [PSYoungGen: 72160K->2528K(70144K)] 445277K->382422K(800256K), 0.0079847 secs] [Times: user=0.04 sys=0.01, real=0.01 secs] 
2968.937: [GC (Allocation Failure) [PSYoungGen: 70112K->5088K(72704K)] 450006K->407451K(802816K), 0.0396233 secs] [Times: user=0.19 sys=0.02, real=0.04 secs] 
2975.544: [GC (Allocation Failure) [PSYoungGen: 72672K->14320K(71680K)] 475035K->437716K(801792K), 0.0485597 secs] [Times: user=0.23 sys=0.04, real=0.04 secs] 
2975.702: [GC (Allocation Failure) [PSYoungGen: 71664K->24560K(81920K)] 495060K->464764K(812032K), 0.0230740 secs] [Times: user=0.11 sys=0.01, real=0.03 secs] 
2975.793: [GC (Allocation Failure) [PSYoungGen: 81904K->35296K(89600K)] 522108K->491219K(819712K), 0.0358585 secs] [Times: user=0.17 sys=0.03, real=0.04 secs] 
2975.900: [GC (Allocation Failure) [PSYoungGen: 89568K->47600K(101888K)] 545491K->517116K(832000K), 0.0255857 secs] [Times: user=0.14 sys=0.00, real=0.03 secs] 
2975.990: [GC (Allocation Failure) [PSYoungGen: 101872K->61408K(110592K)] 571388K->543003K(840704K), 0.0292686 secs] [Times: user=0.14 sys=0.03, real=0.03 secs] 
2976.684: [GC (Allocation Failure) [PSYoungGen: 107773K->77296K(126464K)] 589369K->564289K(856576K), 0.0424094 secs] [Times: user=0.20 sys=0.04, real=0.04 secs] 
2977.803: [GC (Allocation Failure) [PSYoungGen: 126448K->93152K(132608K)] 613441K->586909K(862720K), 0.0491836 secs] [Times: user=0.21 sys=0.07, real=0.05 secs] 
2980.055: [GC (Allocation Failure) [PSYoungGen: 132576K->110720K(152064K)] 626333K->604669K(882176K), 0.0778340 secs] [Times: user=0.46 sys=0.01, real=0.07 secs] 
2983.761: [GC (Allocation Failure) [PSYoungGen: 150005K->121024K(159744K)] 643955K->655733K(889856K), 0.0469636 secs] [Times: user=0.17 sys=0.11, real=0.05 secs] 
2984.368: [GC (Allocation Failure) [PSYoungGen: 148672K->33917K(61952K)] 683381K->621075K(792064K), 0.0408127 secs] [Times: user=0.17 sys=0.08, real=0.04 secs] 
2984.468: [GC (Allocation Failure) [PSYoungGen: 61565K->160K(177664K)] 648723K->621213K(907776K), 0.0451929 secs] [Times: user=0.21 sys=0.04, real=0.04 secs] 
2984.578: [GC (Allocation Failure) [PSYoungGen: 33440K->2432K(177664K)] 654493K->623509K(907776K), 0.0071333 secs] [Times: user=0.04 sys=0.00, real=0.01 secs] 
2984.624: [GC (Allocation Failure) [PSYoungGen: 35712K->10752K(171008K)] 656789K->634078K(901120K), 0.0052464 secs] [Times: user=0.01 sys=0.01, real=0.00 secs] 
2985.890: [GC (Allocation Failure) [PSYoungGen: 50176K->15648K(176128K)] 673502K->648510K(906240K), 0.0236581 secs] [Times: user=0.12 sys=0.03, real=0.03 secs] 
2985.993: [GC (Allocation Failure) [PSYoungGen: 55072K->18480K(164864K)] 687934K->666919K(894976K), 0.0356112 secs] [Times: user=0.16 sys=0.04, real=0.04 secs] 
2986.130: [GC (Allocation Failure) [PSYoungGen: 65584K->22496K(171520K)] 714023K->689302K(901632K), 0.0335410 secs] [Times: user=0.15 sys=0.03, real=0.03 secs] 
2986.238: [GC (Allocation Failure) [PSYoungGen: 69600K->22464K(161280K)] 736406K->711414K(891392K), 0.0307918 secs] [Times: user=0.16 sys=0.01, real=0.03 secs] 
2986.269: [Full GC (Ergonomics) [PSYoungGen: 22464K->0K(161280K)] [ParOldGen: 688950K->102653K(572416K)] 711414K->102653K(733696K), [Metaspace: 60125K->60029K(1105920K)], 0.2840592 secs] [Times: user=1.30 sys=0.01, real=0.28 secs] 
2986.587: [GC (Allocation Failure) [PSYoungGen: 56320K->38304K(167424K)] 158973K->140957K(739840K), 0.0091537 secs] [Times: user=0.05 sys=0.00, real=0.01 secs] 
2986.634: [GC (Allocation Failure) [PSYoungGen: 94624K->27232K(159232K)] 197277K->159869K(731648K), 0.0182554 secs] [Times: user=0.10 sys=0.00, real=0.01 secs] 
2986.696: [GC (Allocation Failure) [PSYoungGen: 94304K->32544K(165888K)] 226941K->192437K(738304K), 0.0674149 secs] [Times: user=0.40 sys=0.00, real=0.06 secs] 
2987.549: [GC (Allocation Failure) [PSYoungGen: 99616K->55792K(171008K)] 259509K->248150K(743424K), 0.0328835 secs] [Times: user=0.19 sys=0.00, real=0.03 secs] 
2987.923: [GC (Allocation Failure) [PSYoungGen: 134128K->36608K(173568K)] 326486K->268285K(745984K), 0.0265135 secs] [Times: user=0.15 sys=0.00, real=0.03 secs] 
2988.812: [GC (Allocation Failure) [PSYoungGen: 114944K->352K(182784K)] 346621K->268373K(755200K), 0.0517082 secs] [Times: user=0.30 sys=0.01, real=0.06 secs] 
2988.950: [GC (Allocation Failure) [PSYoungGen: 93536K->32848K(183296K)] 361557K->300974K(755712K), 0.0075377 secs] [Times: user=0.05 sys=0.00, real=0.01 secs] 
2989.031: [GC (Allocation Failure) [PSYoungGen: 126032K->45472K(196096K)] 394158K->341706K(768512K), 0.0239976 secs] [Times: user=0.12 sys=0.00, real=0.03 secs] 
2989.135: [GC (Allocation Failure) [PSYoungGen: 156576K->54432K(196096K)] 452810K->391534K(768512K), 0.0278445 secs] [Times: user=0.13 sys=0.00, real=0.02 secs] 
2989.324: [GC (Allocation Failure) [PSYoungGen: 165536K->52800K(218624K)] 502638K->443490K(791040K), 0.0508660 secs] [Times: user=0.28 sys=0.01, real=0.05 secs] 
2989.849: [GC (Allocation Failure) [PSYoungGen: 183872K->67968K(220160K)] 574562K->511362K(792576K), 0.0794720 secs] [Times: user=0.47 sys=0.00, real=0.08 secs] 
2991.000: [GC (Allocation Failure) [PSYoungGen: 199040K->13600K(248832K)] 642434K->524610K(821248K), 0.0358182 secs] [Times: user=0.17 sys=0.00, real=0.04 secs] 
2991.035: [Full GC (Ergonomics) [PSYoungGen: 13600K->0K(248832K)] [ParOldGen: 511010K->25792K(549376K)] 524610K->25792K(798208K), [Metaspace: 60035K->60035K(1105920K)], 0.0361893 secs] [Times: user=0.09 sys=0.01, real=0.03 secs] 
2993.966: [GC (Allocation Failure) [PSYoungGen: 156160K->70048K(250368K)] 181952K->95840K(799744K), 0.0305467 secs] [Times: user=0.18 sys=0.00, real=0.03 secs] 
2994.155: [GC (Allocation Failure) [PSYoungGen: 226208K->77888K(278016K)] 252000K->168836K(827392K), 0.0485907 secs] [Times: user=0.22 sys=0.08, real=0.04 secs] 
2994.797: [GC (Allocation Failure) [PSYoungGen: 255040K->108512K(285696K)] 345988K->269220K(835072K), 0.1198655 secs] [Times: user=0.70 sys=0.02, real=0.12 secs] 
2996.274: [GC (Allocation Failure) [PSYoungGen: 285664K->34576K(351232K)] 446372K->287521K(900608K), 0.0619654 secs] [Times: user=0.33 sys=0.03, real=0.06 secs] 
2996.783: [GC (Allocation Failure) [PSYoungGen: 244984K->98816K(356864K)] 497929K->379973K(906240K), 0.0374717 secs] [Times: user=0.22 sys=0.00, real=0.04 secs] 
2998.413: [GC (Allocation Failure) [PSYoungGen: 309248K->104352K(395264K)] 590405K->475269K(944640K), 0.1608793 secs] [Times: user=0.86 sys=0.05, real=0.17 secs] 
3000.935: [GC (Allocation Failure) [PSYoungGen: 346528K->63920K(402432K)] 717445K->539118K(951808K), 0.1100663 secs] [Times: user=0.66 sys=0.00, real=0.11 secs] 
3001.045: [Full GC (Ergonomics) [PSYoungGen: 63920K->0K(402432K)] [ParOldGen: 475197K->59054K(654336K)] 539118K->59054K(1056768K), [Metaspace: 60042K->60042K(1105920K)], 0.1731376 secs] [Times: user=0.77 sys=0.00, real=0.17 secs] 
3002.541: [GC (Allocation Failure) [PSYoungGen: 242176K->121904K(424448K)] 301230K->180959K(1078784K), 0.0837171 secs] [Times: user=0.37 sys=0.13, real=0.09 secs] 
3004.449: [GC (Allocation Failure) [PSYoungGen: 395312K->95616K(437248K)] 454367K->260070K(1091584K), 0.0571736 secs] [Times: user=0.34 sys=0.00, real=0.06 secs] 
3005.399: [GC (Allocation Failure) [PSYoungGen: 369024K->110736K(478720K)] 533478K->370079K(1133056K), 0.0619364 secs] [Times: user=0.28 sys=0.10, real=0.06 secs] 
3006.645: [GC (Allocation Failure) [PSYoungGen: 425616K->138208K(483840K)] 684959K->497119K(1138176K), 0.0621257 secs] [Times: user=0.36 sys=0.01, real=0.06 secs] 
3009.745: [GC (Allocation Failure) [PSYoungGen: 453088K->112768K(513536K)] 811999K->609591K(1167872K), 0.0756330 secs] [Times: user=0.38 sys=0.07, real=0.07 secs] 
3009.820: [Full GC (Ergonomics) [PSYoungGen: 112768K->0K(513536K)] [ParOldGen: 496823K->130436K(803840K)] 609591K->130436K(1317376K), [Metaspace: 60047K->60047K(1105920K)], 0.2807445 secs] [Times: user=1.28 sys=0.01, real=0.28 secs] 
3011.257: [GC (Allocation Failure) [PSYoungGen: 331264K->135760K(467456K)] 461700K->266197K(1271296K), 0.0503763 secs] [Times: user=0.30 sys=0.00, real=0.05 secs] 
3014.455: [GC (Allocation Failure) [PSYoungGen: 467024K->130912K(497152K)] 597461K->396505K(1300992K), 0.1592445 secs] [Times: user=0.90 sys=0.02, real=0.16 secs] 
3017.215: [GC (Allocation Failure) [PSYoungGen: 435552K->116960K(501760K)] 701145K->503350K(1305600K), 0.0629754 secs] [Times: user=0.37 sys=0.00, real=0.06 secs] 
3018.340: [GC (Allocation Failure) [PSYoungGen: 421600K->130624K(497664K)] 807990K->633782K(1301504K), 0.0703663 secs] [Times: user=0.42 sys=0.01, real=0.07 secs] 
3019.617: [GC (Allocation Failure) [PSYoungGen: 433216K->126432K(500736K)] 936374K->741677K(1304576K), 0.0771656 secs] [Times: user=0.36 sys=0.09, real=0.08 secs] 
3019.694: [Full GC (Ergonomics) [PSYoungGen: 126432K->0K(500736K)] [ParOldGen: 615245K->254421K(1004032K)] 741677K->254421K(1504768K), [Metaspace: 60048K->60048K(1105920K)], 0.5419811 secs] [Times: user=2.41 sys=0.00, real=0.54 secs] 
3024.201: [GC (Allocation Failure) [PSYoungGen: 302592K->107552K(484352K)] 557013K->361973K(1488384K), 0.0350506 secs] [Times: user=0.20 sys=0.00, real=0.04 secs] 
3026.257: [GC (Allocation Failure) [PSYoungGen: 410144K->141248K(492544K)] 664565K->492021K(1496576K), 0.0613767 secs] [Times: user=0.37 sys=0.00, real=0.06 secs] 
3027.628: [GC (Allocation Failure) [PSYoungGen: 443840K->97520K(500224K)] 794613K->589453K(1504256K), 0.0787278 secs] [Times: user=0.47 sys=0.00, real=0.08 secs] 
3031.044: [GC (Allocation Failure) [PSYoungGen: 409875K->185696K(499200K)] 901808K->764769K(1503232K), 0.0611601 secs] [Times: user=0.36 sys=0.00, real=0.06 secs] 
3032.794: [GC (Allocation Failure) [PSYoungGen: 496404K->93168K(491008K)] 1075478K->823178K(1495040K), 0.1063878 secs] [Times: user=0.56 sys=0.06, real=0.11 secs] 
3034.240: [GC (Allocation Failure) [PSYoungGen: 384496K->140992K(432640K)] 1114506K->958210K(1436672K), 0.1140250 secs] [Times: user=0.59 sys=0.07, real=0.12 secs] 
3034.354: [Full GC (Ergonomics) [PSYoungGen: 140992K->0K(432640K)] [ParOldGen: 817218K->244359K(1042944K)] 958210K->244359K(1475584K), [Metaspace: 60059K->60059K(1105920K)], 0.6037423 secs] [Times: user=2.86 sys=0.00, real=0.60 secs] 
3038.992: [GC (Allocation Failure) [PSYoungGen: 291328K->81760K(497152K)] 535687K->326119K(1540096K), 0.0406026 secs] [Times: user=0.24 sys=0.00, real=0.04 secs] 
3039.284: [GC (Allocation Failure) [PSYoungGen: 373600K->157360K(449536K)] 617959K->477501K(1492480K), 0.0525520 secs] [Times: user=0.31 sys=0.01, real=0.05 secs] 
3040.706: [GC (Allocation Failure) [PSYoungGen: 449200K->87776K(493568K)] 769341K->547996K(1536512K), 0.0968897 secs] [Times: user=0.57 sys=0.00, real=0.09 secs] 
3041.058: [GC (Allocation Failure) [PSYoungGen: 368686K->133200K(417280K)] 828906K->675421K(1460224K), 0.0485471 secs] [Times: user=0.29 sys=0.00, real=0.05 secs] 
3043.157: [GC (Allocation Failure) [PSYoungGen: 416848K->89200K(491008K)] 959069K->755754K(1533952K), 0.1563263 secs] [Times: user=0.93 sys=0.00, real=0.15 secs] 
3044.740: [GC (Allocation Failure) [PSYoungGen: 376944K->132768K(486912K)] 1043498K->886634K(1529856K), 0.0487204 secs] [Times: user=0.29 sys=0.00, real=0.05 secs] 
3046.655: [GC (Allocation Failure) [PSYoungGen: 420512K->99072K(493568K)] 1174378K->977298K(1536512K), 0.0745779 secs] [Times: user=0.39 sys=0.05, real=0.07 secs] 
3046.730: [Full GC (Ergonomics) [PSYoungGen: 99072K->0K(493568K)] [ParOldGen: 878226K->24376K(849920K)] 977298K->24376K(1343488K), [Metaspace: 60075K->60075K(1105920K)], 0.0345638 secs] [Times: user=0.10 sys=0.00, real=0.04 secs] 
3048.666: [GC (Allocation Failure) [PSYoungGen: 301568K->133056K(494080K)] 325944K->157432K(1344000K), 0.0289564 secs] [Times: user=0.17 sys=0.00, real=0.03 secs] 
3051.171: [GC (Allocation Failure) [PSYoungGen: 434624K->110784K(492032K)] 459000K->258780K(1341952K), 0.0629705 secs] [Times: user=0.38 sys=0.00, real=0.07 secs] 
3053.578: [GC (Allocation Failure) [PSYoungGen: 425152K->131936K(499200K)] 573148K->389849K(1349120K), 0.0571304 secs] [Times: user=0.33 sys=0.01, real=0.06 secs] 
3057.277: [GC (Allocation Failure) [PSYoungGen: 446304K->116352K(500224K)] 704217K->495809K(1350144K), 0.0644322 secs] [Times: user=0.38 sys=0.02, real=0.06 secs] 
3059.859: [GC (Allocation Failure) [PSYoungGen: 446080K->138720K(507392K)] 825537K->634137K(1357312K), 0.1050858 secs] [Times: user=0.62 sys=0.01, real=0.11 secs] 
3062.960: [GC (Allocation Failure) [PSYoungGen: 468448K->6448K(493568K)] 963865K->501898K(1343488K), 0.0024521 secs] [Times: user=0.01 sys=0.00, real=0.00 secs] 
3065.484: [GC (Allocation Failure) [PSYoungGen: 320304K->140368K(454656K)] 815754K->639537K(1304576K), 0.0318349 secs] [Times: user=0.19 sys=0.00, real=0.03 secs] 
3066.740: [GC (Allocation Failure) [PSYoungGen: 454224K->109008K(510976K)] 953393K->739129K(1360896K), 0.0644712 secs] [Times: user=0.39 sys=0.00, real=0.07 secs] 
3070.049: [GC (Allocation Failure) [PSYoungGen: 423376K->140864K(502272K)] 1053497K->877725K(1352192K), 0.0551552 secs] [Times: user=0.33 sys=0.00, real=0.06 secs] 
3070.104: [Full GC (Ergonomics) [PSYoungGen: 140864K->0K(502272K)] [ParOldGen: 736861K->160053K(1064448K)] 877725K->160053K(1566720K), [Metaspace: 60099K->60099K(1105920K)], 0.3675876 secs] [Times: user=1.70 sys=0.00, real=0.36 secs] 
3071.742: [GC (Allocation Failure) [PSYoungGen: 314368K->111808K(501760K)] 474421K->271861K(1566208K), 0.0425196 secs] [Times: user=0.25 sys=0.00, real=0.05 secs] 
3074.309: [GC (Allocation Failure) [PSYoungGen: 431296K->141200K(503808K)] 591349K->411586K(1568256K), 0.0571170 secs] [Times: user=0.34 sys=0.00, real=0.06 secs] 
3075.864: [GC (Allocation Failure) [PSYoungGen: 460688K->110320K(505344K)] 731074K->512830K(1569792K), 0.0660628 secs] [Times: user=0.39 sys=0.00, real=0.06 secs] 
3079.290: [GC (Allocation Failure) [PSYoungGen: 437488K->146656K(508416K)] 839998K->657802K(1572864K), 0.0549197 secs] [Times: user=0.32 sys=0.01, real=0.06 secs] 
3080.826: [GC (Allocation Failure) [PSYoungGen: 473824K->115744K(510464K)] 984970K->764390K(1574912K), 0.0668548 secs] [Times: user=0.40 sys=0.00, real=0.06 secs] 
3081.304: [GC (Allocation Failure) [PSYoungGen: 447008K->155488K(511488K)] 1095654K->918071K(1575936K), 0.0567608 secs] [Times: user=0.34 sys=0.00, real=0.05 secs] 
3085.010: [GC (Allocation Failure) [PSYoungGen: 486752K->109744K(514560K)] 1249335K->1019376K(1579008K), 0.1931617 secs] [Times: user=1.06 sys=0.08, real=0.19 secs] 
3085.203: [Full GC (Ergonomics) [PSYoungGen: 109744K->0K(514560K)] [ParOldGen: 909631K->56191K(1013760K)] 1019376K->56191K(1528320K), [Metaspace: 60113K->60113K(1105920K)], 0.1513694 secs] [Times: user=0.69 sys=0.00, real=0.16 secs] 
3086.701: [GC (Allocation Failure) [PSYoungGen: 322607K->148080K(511488K)] 378798K->204272K(1525248K), 0.0293617 secs] [Times: user=0.18 sys=0.00, real=0.03 secs] 
3090.368: [GC (Allocation Failure) [PSYoungGen: 476272K->106496K(512512K)] 532464K->301415K(1526272K), 0.1469910 secs] [Times: user=0.88 sys=0.00, real=0.15 secs] 
3092.237: [GC (Allocation Failure) [PSYoungGen: 434688K->153248K(481792K)] 629607K->451208K(1495552K), 0.1343420 secs] [Times: user=0.80 sys=0.00, real=0.13 secs] 
3096.078: [GC (Allocation Failure) [PSYoungGen: 481440K->102336K(512512K)] 779400K->553144K(1526272K), 0.1442191 secs] [Times: user=0.86 sys=0.00, real=0.14 secs] 
3096.961: [GC (Allocation Failure) [PSYoungGen: 425920K->156448K(480256K)] 876728K->699873K(1494016K), 0.0563903 secs] [Times: user=0.33 sys=0.01, real=0.06 secs] 
3099.751: [GC (Allocation Failure) [PSYoungGen: 480032K->98560K(507904K)] 1023457K->798053K(1521664K), 0.1518182 secs] [Times: user=0.90 sys=0.00, real=0.15 secs] 
3101.853: [GC (Allocation Failure) [PSYoungGen: 413952K->149408K(464896K)] 1113445K->941346K(1478656K), 0.1503887 secs] [Times: user=0.89 sys=0.01, real=0.15 secs] 
3106.816: [GC (Allocation Failure) [PSYoungGen: 464800K->89792K(505856K)] 1256738K->1030570K(1519616K), 0.1459348 secs] [Times: user=0.84 sys=0.02, real=0.14 secs] 
3106.962: [Full GC (Ergonomics) [PSYoungGen: 89792K->0K(505856K)] [ParOldGen: 940778K->72914K(1069568K)] 1030570K->72914K(1575424K), [Metaspace: 60117K->60117K(1105920K)], 0.1942676 secs] [Times: user=0.89 sys=0.00, real=0.20 secs] 
3108.092: [GC (Allocation Failure) [PSYoungGen: 312320K->149376K(461824K)] 385234K->222290K(1531392K), 0.0561499 secs] [Times: user=0.33 sys=0.00, real=0.06 secs] 
3112.107: [GC (Allocation Failure) [PSYoungGen: 461696K->92416K(504320K)] 534610K->314194K(1573888K), 0.1495341 secs] [Times: user=0.89 sys=0.01, real=0.15 secs] 
3112.504: [GC (Allocation Failure) [PSYoungGen: 400640K->150016K(458752K)] 622418K->458223K(1528320K), 0.0532201 secs] [Times: user=0.31 sys=0.00, real=0.05 secs] 
3116.377: [GC (Allocation Failure) [PSYoungGen: 458240K->88144K(502272K)] 766447K->545920K(1571840K), 0.1528122 secs] [Times: user=0.91 sys=0.00, real=0.15 secs] 
3116.970: [GC (Allocation Failure) [PSYoungGen: 386130K->140224K(444928K)] 843905K->682300K(1514496K), 0.0492541 secs] [Times: user=0.29 sys=0.00, real=0.05 secs] 
3120.472: [GC (Allocation Failure) [PSYoungGen: 444864K->94256K(503296K)] 986940K->768012K(1572864K), 0.1543624 secs] [Times: user=0.92 sys=0.00, real=0.16 secs] 
3122.134: [GC (Allocation Failure) [PSYoungGen: 401456K->145696K(500736K)] 1075212K->910308K(1570304K), 0.1074819 secs] [Times: user=0.63 sys=0.00, real=0.10 secs] 
3124.820: [GC (Allocation Failure) [PSYoungGen: 452896K->101856K(499712K)] 1217508K->1003796K(1569280K), 0.1664990 secs] [Times: user=0.99 sys=0.01, real=0.17 secs] 
3124.986: [Full GC (Ergonomics) [PSYoungGen: 101856K->0K(499712K)] [ParOldGen: 901940K->44813K(1061376K)] 1003796K->44813K(1561088K), [Metaspace: 60121K->60121K(1105920K)], 0.1281516 secs] [Times: user=0.54 sys=0.00, real=0.13 secs] 
3126.659: [GC (Allocation Failure) [PSYoungGen: 309248K->143136K(501248K)] 354061K->187949K(1562624K), 0.0291809 secs] [Times: user=0.17 sys=0.00, real=0.03 secs] 
3128.459: [GC (Allocation Failure) [PSYoungGen: 452384K->104000K(500224K)] 497197K->282561K(1561600K), 0.1159165 secs] [Times: user=0.68 sys=0.00, real=0.12 secs] 
3130.298: [GC (Allocation Failure) [PSYoungGen: 417344K->142928K(502784K)] 595905K->423369K(1564160K), 0.0913404 secs] [Times: user=0.54 sys=0.01, real=0.09 secs] 
3133.989: [GC (Allocation Failure) [PSYoungGen: 456272K->102624K(503808K)] 736713K->517157K(1565184K), 0.0685240 secs] [Times: user=0.40 sys=0.00, real=0.07 secs] 
3135.426: [GC (Allocation Failure) [PSYoungGen: 421088K->145360K(505856K)] 835621K->660798K(1567232K), 0.1026765 secs] [Times: user=0.60 sys=0.01, real=0.10 secs] 
3139.270: [GC (Allocation Failure) [PSYoungGen: 463824K->108800K(505856K)] 979262K->760461K(1567232K), 0.1584623 secs] [Times: user=0.95 sys=0.00, real=0.16 secs] 
3141.201: [GC (Allocation Failure) [PSYoungGen: 430336K->148640K(507392K)] 1081997K->906202K(1568768K), 0.0542985 secs] [Times: user=0.32 sys=0.00, real=0.06 secs] 
3142.802: [GC (Allocation Failure) [PSYoungGen: 470176K->107808K(509440K)] 1227738K->1004430K(1570816K), 0.1431552 secs] [Times: user=0.85 sys=0.00, real=0.15 secs] 
3142.945: [Full GC (Ergonomics) [PSYoungGen: 107808K->0K(509440K)] [ParOldGen: 896622K->45847K(1076736K)] 1004430K->45847K(1586176K), [Metaspace: 60136K->60136K(1105920K)], 0.1207191 secs] [Times: user=0.49 sys=0.00, real=0.12 secs] 
3144.199: [GC (Allocation Failure) [PSYoungGen: 323584K->153184K(477184K)] 369431K->199031K(1553920K), 0.0308056 secs] [Times: user=0.19 sys=0.00, real=0.03 secs] 
3147.100: [GC (Allocation Failure) [PSYoungGen: 476768K->104832K(510976K)] 522615K->295028K(1587712K), 0.1666629 secs] [Times: user=0.99 sys=0.00, real=0.17 secs] 
3148.261: [GC (Allocation Failure) [PSYoungGen: 425344K->151648K(472576K)] 615540K->442724K(1549312K), 0.0512352 secs] [Times: user=0.31 sys=0.00, real=0.05 secs] 
3150.272: [GC (Allocation Failure) [PSYoungGen: 472160K->105184K(509952K)] 763236K->539517K(1586688K), 0.1610634 secs] [Times: user=0.96 sys=0.01, real=0.16 secs] 
3151.717: [GC (Allocation Failure) [PSYoungGen: 418138K->144992K(507392K)] 852471K->680677K(1584128K), 0.1513460 secs] [Times: user=0.90 sys=0.00, real=0.15 secs] 
3154.680: [GC (Allocation Failure) [PSYoungGen: 463456K->103184K(507392K)] 999141K->775406K(1584128K), 0.1755195 secs] [Times: user=1.04 sys=0.00, real=0.18 secs] 
3156.398: [GC (Allocation Failure) [PSYoungGen: 420209K->148512K(507904K)] 1092431K->919646K(1584640K), 0.0511359 secs] [Times: user=0.30 sys=0.00, real=0.05 secs] 
3159.181: [GC (Allocation Failure) [PSYoungGen: 468512K->102736K(508416K)] 1239646K->1013583K(1585152K), 0.1539001 secs] [Times: user=0.91 sys=0.00, real=0.16 secs] 
3159.335: [Full GC (Ergonomics) [PSYoungGen: 102736K->0K(508416K)] [ParOldGen: 910846K->56330K(1114112K)] 1013583K->56330K(1622528K), [Metaspace: 60140K->60140K(1105920K)], 0.1548383 secs] [Times: user=0.67 sys=0.00, real=0.15 secs] 
3159.729: [GC (Allocation Failure) [PSYoungGen: 313265K->148304K(508416K)] 369595K->204634K(1622528K), 0.0293900 secs] [Times: user=0.17 sys=0.00, real=0.03 secs] 
3163.866: [GC (GCLocker Initiated GC) [PSYoungGen: 468816K->103136K(508928K)] 525146K->299258K(1623040K), 0.1712142 secs] [Times: user=1.02 sys=0.01, real=0.17 secs] 
3164.615: [GC (Allocation Failure) [PSYoungGen: 423136K->142752K(508416K)] 635646K->454259K(1622528K), 0.2444162 secs] [Times: user=1.46 sys=0.00, real=0.24 secs] 
3168.198: [GC (Allocation Failure) [PSYoungGen: 459106K->94000K(508928K)] 770614K->548164K(1623040K), 0.4416747 secs] [Times: user=2.62 sys=0.01, real=0.44 secs] 
3168.885: [GC (Allocation Failure) [PSYoungGen: 415536K->153312K(475136K)] 869700K->697788K(1589248K), 0.0545959 secs] [Times: user=0.32 sys=0.00, real=0.05 secs] 
3171.530: [GC (Allocation Failure) [PSYoungGen: 474848K->96080K(507904K)] 1019324K->793661K(1622016K), 0.1728583 secs] [Times: user=1.03 sys=0.00, real=0.17 secs] 
3171.974: [GC (Allocation Failure) [PSYoungGen: 411472K->150416K(465920K)] 1109053K->937750K(1580032K), 0.0561193 secs] [Times: user=0.33 sys=0.00, real=0.05 secs] 
3176.027: [GC (Allocation Failure) [PSYoungGen: 465808K->97504K(506368K)] 1253142K->1033881K(1620480K), 0.1596761 secs] [Times: user=0.94 sys=0.01, real=0.16 secs] 
3176.187: [Full GC (Ergonomics) [PSYoungGen: 97504K->0K(506368K)] [ParOldGen: 936377K->75416K(1160704K)] 1033881K->75416K(1667072K), [Metaspace: 60161K->60161K(1105920K)], 0.1930005 secs] [Times: user=0.90 sys=0.00, real=0.19 secs] 
3176.576: [GC (Allocation Failure) [PSYoungGen: 311808K->150528K(462848K)] 387224K->225944K(1623552K), 0.0340870 secs] [Times: user=0.20 sys=0.00, real=0.03 secs] 
3179.670: [GC (Allocation Failure) [PSYoungGen: 462336K->91712K(504320K)] 537752K->317040K(1665024K), 0.1555810 secs] [Times: user=0.93 sys=0.00, real=0.16 secs] 
3180.080: [GC (Allocation Failure) [PSYoungGen: 400448K->149520K(458752K)] 625776K->460745K(1619456K), 0.0533679 secs] [Times: user=0.31 sys=0.00, real=0.05 secs] 
3184.597: [GC (Allocation Failure) [PSYoungGen: 457268K->89616K(502784K)] 768493K->549997K(1663488K), 0.1652305 secs] [Times: user=0.99 sys=0.00, real=0.16 secs] 
3185.211: [GC (Allocation Failure) [PSYoungGen: 382942K->138208K(443392K)] 843323K->684518K(1604096K), 0.0488266 secs] [Times: user=0.29 sys=0.00, real=0.05 secs] 
3187.883: [GC (Allocation Failure) [PSYoungGen: 443360K->97264K(503296K)] 989670K->773182K(1664000K), 0.1706765 secs] [Times: user=1.01 sys=0.01, real=0.17 secs] 
3189.377: [GC (Allocation Failure) [PSYoungGen: 405488K->145440K(500224K)] 1081406K->914266K(1660928K), 0.0489332 secs] [Times: user=0.29 sys=0.00, real=0.05 secs] 
3191.719: [GC (Allocation Failure) [PSYoungGen: 453664K->100480K(502784K)] 1222490K->1005854K(1663488K), 0.1641143 secs] [Times: user=0.97 sys=0.00, real=0.16 secs] 
3193.944: [GC (Allocation Failure) [PSYoungGen: 413312K->145856K(503808K)] 1318686K->1147811K(1664512K), 0.0596480 secs] [Times: user=0.30 sys=0.04, real=0.06 secs] 
3194.004: [Full GC (Ergonomics) [PSYoungGen: 145856K->0K(503808K)] [ParOldGen: 1001955K->185835K(1296896K)] 1147811K->185835K(1800704K), [Metaspace: 60180K->60180K(1105920K)], 0.4348746 secs] [Times: user=2.02 sys=0.00, real=0.43 secs] 
3196.694: [GC (Allocation Failure) [PSYoungGen: 311654K->103856K(502272K)] 497489K->289691K(1799168K), 0.1097247 secs] [Times: user=0.64 sys=0.01, real=0.10 secs] 
3197.863: [GC (Allocation Failure) [PSYoungGen: 418224K->145424K(503808K)] 604059K->432329K(1800704K), 0.0514884 secs] [Times: user=0.30 sys=0.00, real=0.06 secs] 
3200.794: [GC (Allocation Failure) [PSYoungGen: 459792K->102432K(505344K)] 746697K->526084K(1802240K), 0.1685395 secs] [Times: user=1.00 sys=0.00, real=0.16 secs] 
3202.492: [GC (Allocation Failure) [PSYoungGen: 420384K->145760K(506368K)] 844036K->669765K(1803264K), 0.0560254 secs] [Times: user=0.33 sys=0.00, real=0.06 secs] 
3205.361: [GC (Allocation Failure) [PSYoungGen: 463712K->104544K(505856K)] 987717K->765781K(1802752K), 0.1652439 secs] [Times: user=0.98 sys=0.01, real=0.17 secs] 
3207.724: [GC (Allocation Failure) [PSYoungGen: 424032K->147808K(506880K)] 1085269K->910754K(1803776K), 0.0528696 secs] [Times: user=0.32 sys=0.00, real=0.05 secs] 
3210.106: [GC (Allocation Failure) [PSYoungGen: 467296K->104912K(508416K)] 1230242K->1006739K(1805312K), 0.1743383 secs] [Times: user=1.04 sys=0.00, real=0.17 secs] 
3211.217: [GC (Allocation Failure) [PSYoungGen: 425936K->150400K(471552K)] 1327763K->1154083K(1768448K), 0.0621980 secs] [Times: user=0.37 sys=0.00, real=0.06 secs] 
3214.845: [GC (Allocation Failure) [PSYoungGen: 471424K->107552K(511488K)] 1475107K->1253131K(1808384K), 0.1864804 secs] [Times: user=0.98 sys=0.13, real=0.18 secs] 
3215.032: [Full GC (Ergonomics) [PSYoungGen: 107552K->0K(511488K)] [ParOldGen: 1145579K->51574K(1190912K)] 1253131K->51574K(1702400K), [Metaspace: 60183K->60183K(1105920K)], 0.1425068 secs] [Times: user=0.62 sys=0.00, real=0.15 secs] 
3216.459: [GC (Allocation Failure) [PSYoungGen: 320512K->152352K(473088K)] 372086K->203926K(1664000K), 0.0304474 secs] [Times: user=0.18 sys=0.00, real=0.03 secs] 
3220.159: [GC (Allocation Failure) [PSYoungGen: 472864K->102416K(509440K)] 524438K->297527K(1700352K), 0.1654911 secs] [Times: user=0.99 sys=0.00, real=0.17 secs] 
3221.462: [GC (Allocation Failure) [PSYoungGen: 417223K->148448K(506880K)] 612333K->442379K(1697792K), 0.0956889 secs] [Times: user=0.56 sys=0.00, real=0.10 secs] 
3224.466: [GC (Allocation Failure) [PSYoungGen: 465888K->101472K(507392K)] 759819K->535259K(1698304K), 0.1412491 secs] [Times: user=0.83 sys=0.00, real=0.14 secs] 
3226.184: [GC (Allocation Failure) [PSYoungGen: 417823K->150384K(467456K)] 851611K->681253K(1658368K), 0.0502571 secs] [Times: user=0.30 sys=0.00, real=0.05 secs] 
3228.766: [GC (Allocation Failure) [PSYoungGen: 467312K->105504K(508928K)] 998181K->777948K(1699840K), 0.1630349 secs] [Times: user=0.97 sys=0.00, real=0.16 secs] 
3229.683: [GC (Allocation Failure) [PSYoungGen: 417400K->145408K(505856K)] 1089845K->919601K(1696768K), 0.0507015 secs] [Times: user=0.30 sys=0.00, real=0.06 secs] 
3233.571: [GC (GCLocker Initiated GC) [PSYoungGen: 461312K->97568K(507392K)] 1235505K->1008409K(1698304K), 0.1679894 secs] [Times: user=1.00 sys=0.00, real=0.17 secs] 
3234.758: [GC (Allocation Failure) [PSYoungGen: 415008K->151216K(468992K)] 1325852K->1155538K(1659904K), 0.0493913 secs] [Times: user=0.29 sys=0.00, real=0.05 secs] 
3234.808: [Full GC (Ergonomics) [PSYoungGen: 151216K->0K(468992K)] [ParOldGen: 1004321K->196836K(1379840K)] 1155538K->196836K(1848832K), [Metaspace: 60183K->60183K(1105920K)], 0.4779516 secs] [Times: user=2.23 sys=0.00, real=0.48 secs] 
3237.789: [GC (Allocation Failure) [PSYoungGen: 317440K->101824K(507904K)] 514276K->298660K(1887744K), 0.0999268 secs] [Times: user=0.58 sys=0.00, real=0.10 secs] 
3238.975: [GC (Allocation Failure) [PSYoungGen: 416704K->149792K(464896K)] 613540K->444677K(1844736K), 0.0503953 secs] [Times: user=0.30 sys=0.00, real=0.05 secs] 
3241.757: [GC (Allocation Failure) [PSYoungGen: 464672K->103792K(507904K)] 759557K->539694K(1887744K), 0.1682797 secs] [Times: user=1.01 sys=0.00, real=0.17 secs] 
3242.506: [GC (Allocation Failure) [PSYoungGen: 418160K->150416K(464896K)] 854062K->684275K(1844736K), 0.0522824 secs] [Times: user=0.31 sys=0.00, real=0.05 secs] 
3245.438: [GC (Allocation Failure) [PSYoungGen: 464784K->100352K(507392K)] 998643K->776202K(1887232K), 0.1788776 secs] [Times: user=1.07 sys=0.01, real=0.18 secs] 
3247.813: [GC (Allocation Failure) [PSYoungGen: 413696K->148640K(504832K)] 1089546K->920215K(1884672K), 0.0500755 secs] [Times: user=0.30 sys=0.00, real=0.05 secs] 
3250.350: [GC (Allocation Failure) [PSYoungGen: 461984K->103904K(503808K)] 1233559K->1015423K(1883648K), 0.1706701 secs] [Times: user=1.02 sys=0.00, real=0.17 secs] 
3252.063: [GC (Allocation Failure) [PSYoungGen: 417248K->147440K(504320K)] 1328767K->1158924K(1884160K), 0.0513389 secs] [Times: user=0.31 sys=0.00, real=0.06 secs] 
3253.511: [GC (Allocation Failure) [PSYoungGen: 460784K->102096K(504832K)] 1472268K->1252048K(1884672K), 0.0990575 secs] [Times: user=0.59 sys=0.00, real=0.10 secs] 
3255.229: [GC (Allocation Failure) [PSYoungGen: 416976K->143648K(505344K)] 1566928K->1392437K(1885184K), 0.1609949 secs] [Times: user=0.88 sys=0.06, real=0.16 secs] 
3255.390: [Full GC (Ergonomics) [PSYoungGen: 143648K->0K(505344K)] [ParOldGen: 1248789K->191492K(1398272K)] 1392437K->191492K(1903616K), [Metaspace: 60185K->60185K(1105920K)], 0.5030179 secs] [Times: user=2.40 sys=0.00, real=0.50 secs] 
3258.834: [GC (Allocation Failure) [PSYoungGen: 314880K->103824K(503808K)] 506372K->295317K(1902080K), 0.0898780 secs] [Times: user=0.52 sys=0.01, real=0.09 secs] 
3260.175: [GC (Allocation Failure) [PSYoungGen: 421264K->148256K(505856K)] 612757K->439549K(1904128K), 0.0511810 secs] [Times: user=0.30 sys=0.00, real=0.05 secs] 
3263.865: [GC (Allocation Failure) [PSYoungGen: 465696K->102144K(508416K)] 756989K->532361K(1906688K), 0.1608009 secs] [Times: user=0.96 sys=0.01, real=0.16 secs] 
3265.572: [GC (Allocation Failure) [PSYoungGen: 421120K->151808K(471040K)] 851337K->679414K(1869312K), 0.0511934 secs] [Times: user=0.30 sys=0.00, real=0.05 secs] 
3269.049: [GC (Allocation Failure) [PSYoungGen: 470784K->102400K(508928K)] 998390K->773126K(1907200K), 0.1735141 secs] [Times: user=1.04 sys=0.00, real=0.17 secs] 
3270.514: [GC (Allocation Failure) [PSYoungGen: 418816K->149344K(465920K)] 1089542K->919157K(1864192K), 0.1062903 secs] [Times: user=0.63 sys=0.00, real=0.10 secs] 
3273.118: [GC (GCLocker Initiated GC) [PSYoungGen: 465760K->103568K(508416K)] 1235573K->1014462K(1906688K), 0.1678083 secs] [Times: user=0.99 sys=0.00, real=0.17 secs] 
3274.779: [GC (Allocation Failure) [PSYoungGen: 418960K->147536K(505856K)] 1329857K->1157557K(1904128K), 0.0517013 secs] [Times: user=0.30 sys=0.00, real=0.05 secs] 
3276.970: [GC (Allocation Failure) [PSYoungGen: 462928K->104144K(504832K)] 1472949K->1252753K(1903104K), 0.1686357 secs] [Times: user=1.01 sys=0.00, real=0.17 secs] 
3278.292: [GC (Allocation Failure) [PSYoungGen: 420560K->148064K(505856K)] 1569169K->1396237K(1904128K), 0.0521332 secs] [Times: user=0.30 sys=0.00, real=0.06 secs] 
3278.345: [Full GC (Ergonomics) [PSYoungGen: 148064K->0K(505856K)] [ParOldGen: 1248173K->195742K(1398272K)] 1396237K->195742K(1904128K), [Metaspace: 60198K->60198K(1105920K)], 0.4713634 secs] [Times: user=2.21 sys=0.00, real=0.47 secs] 
3282.414: [GC (Allocation Failure) [PSYoungGen: 316416K->104496K(505856K)] 512158K->300238K(1904128K), 0.0818145 secs] [Times: user=0.47 sys=0.01, real=0.08 secs] 
3283.959: [GC (Allocation Failure) [PSYoungGen: 421936K->158336K(476160K)] 617678K->454011K(1874432K), 0.0512974 secs] [Times: user=0.30 sys=0.00, real=0.05 secs] 
3287.967: [GC (Allocation Failure) [PSYoungGen: 475776K->101952K(505856K)] 771451K->538939K(1904128K), 0.1748503 secs] [Times: user=1.04 sys=0.01, real=0.17 secs] 
3289.022: [GC (Allocation Failure) [PSYoungGen: 412736K->147264K(503808K)] 849723K->682536K(1902080K), 0.0523545 secs] [Times: user=0.31 sys=0.00, real=0.06 secs] 
3292.963: [GC (Allocation Failure) [PSYoungGen: 458048K->99136K(503808K)] 993320K->773280K(1902080K), 0.1724302 secs] [Times: user=1.02 sys=0.00, real=0.18 secs] 
3294.405: [GC (Allocation Failure) [PSYoungGen: 410944K->148352K(504320K)] 1085088K->917596K(1902592K), 0.0507251 secs] [Times: user=0.30 sys=0.00, real=0.05 secs] 
3297.010: [GC (Allocation Failure) [PSYoungGen: 460160K->99616K(504320K)] 1229404K->1008409K(1902592K), 0.1688357 secs] [Times: user=1.01 sys=0.00, real=0.17 secs] 
3299.041: [GC (Allocation Failure) [PSYoungGen: 411424K->144064K(504320K)] 1320217K->1149457K(1902592K), 0.0743450 secs] [Times: user=0.44 sys=0.00, real=0.08 secs] 
3301.701: [GC (Allocation Failure) [PSYoungGen: 455872K->100544K(501760K)] 1461265K->1241553K(1900032K), 0.1024585 secs] [Times: user=0.61 sys=0.00, real=0.11 secs] 
3303.309: [GC (Allocation Failure) [PSYoungGen: 413888K->142144K(503808K)] 1554897K->1381250K(1902080K), 0.0544359 secs] [Times: user=0.32 sys=0.00, real=0.06 secs] 
3303.364: [Full GC (Ergonomics) [PSYoungGen: 142144K->0K(503808K)] [ParOldGen: 1239106K->179461K(1398272K)] 1381250K->179461K(1902080K), [Metaspace: 60203K->60203K(1105920K)], 0.4284193 secs] [Times: user=1.99 sys=0.00, real=0.42 secs] 
3305.726: [GC (GCLocker Initiated GC) [PSYoungGen: 313344K->105056K(502784K)] 492805K->284518K(1901056K), 0.0452216 secs] [Times: user=0.26 sys=0.01, real=0.04 secs] 
3307.458: [GC (Allocation Failure) [PSYoungGen: 422496K->153856K(505344K)] 601977K->436070K(1903616K), 0.0534478 secs] [Times: user=0.32 sys=0.00, real=0.05 secs] 
3310.919: [GC (Allocation Failure) [PSYoungGen: 471296K->106432K(507904K)] 753510K->525002K(1906176K), 0.1028202 secs] [Times: user=0.61 sys=0.00, real=0.10 secs] 
3313.912: [GC (Allocation Failure) [PSYoungGen: 423360K->142720K(506368K)] 841930K->664999K(1904640K), 0.0522697 secs] [Times: user=0.31 sys=0.00, real=0.06 secs] 
3315.685: [GC (Allocation Failure) [PSYoungGen: 459648K->107296K(504320K)] 981927K->762883K(1902592K), 0.1064647 secs] [Times: user=0.62 sys=0.00, real=0.10 secs] 
3317.636: [GC (Allocation Failure) [PSYoungGen: 426784K->144896K(506368K)] 1082371K->905880K(1904640K), 0.0793342 secs] [Times: user=0.47 sys=0.00, real=0.08 secs] 
3320.199: [GC (Allocation Failure) [PSYoungGen: 464384K->107264K(507904K)] 1225368K->1004688K(1906176K), 0.1018956 secs] [Times: user=0.60 sys=0.00, real=0.10 secs] 
3322.151: [GC (Allocation Failure) [PSYoungGen: 431360K->148032K(509440K)] 1328784K->1150517K(1907712K), 0.0544591 secs] [Times: user=0.32 sys=0.00, real=0.06 secs] 
3325.735: [GC (Allocation Failure) [PSYoungGen: 472128K->105888K(510976K)] 1474613K->1247133K(1909248K), 0.1709247 secs] [Times: user=1.02 sys=0.00, real=0.17 secs] 
3327.735: [GC (Allocation Failure) [PSYoungGen: 431520K->151872K(477696K)] 1572765K->1395777K(1875968K), 0.1249105 secs] [Times: user=0.74 sys=0.01, real=0.12 secs] 
3327.860: [Full GC (Ergonomics) [PSYoungGen: 151872K->0K(477696K)] [ParOldGen: 1243905K->191191K(1398272K)] 1395777K->191191K(1875968K), [Metaspace: 60203K->60203K(1105920K)], 0.5333536 secs] [Times: user=2.55 sys=0.00, real=0.53 secs] 
3331.597: [GC (Allocation Failure) [PSYoungGen: 325632K->104704K(512000K)] 516823K->295895K(1910272K), 0.0961878 secs] [Times: user=0.56 sys=0.01, real=0.09 secs] 
3332.494: [GC (Allocation Failure) [PSYoungGen: 427264K->151200K(474112K)] 618455K->443472K(1872384K), 0.0716804 secs] [Times: user=0.43 sys=0.00, real=0.07 secs] 
3335.019: [GC (Allocation Failure) [PSYoungGen: 473760K->103424K(510464K)] 766032K->538480K(1908736K), 0.1541957 secs] [Times: user=0.91 sys=0.01, real=0.16 secs] 
3336.280: [GC (Allocation Failure) [PSYoungGen: 416160K->148144K(508416K)] 851216K->682310K(1906688K), 0.0507650 secs] [Times: user=0.30 sys=0.00, real=0.05 secs] 
3340.665: [GC (Allocation Failure) [PSYoungGen: 468144K->102976K(508416K)] 1002310K->776693K(1906688K), 0.1632436 secs] [Times: user=0.98 sys=0.00, real=0.16 secs] 
3341.786: [GC (Allocation Failure) [PSYoungGen: 418987K->148256K(508416K)] 1092704K->920977K(1906688K), 0.0513863 secs] [Times: user=0.30 sys=0.00, real=0.05 secs] 
3345.516: [GC (Allocation Failure) [PSYoungGen: 468256K->102288K(508928K)] 1240977K->1014574K(1907200K), 0.1692885 secs] [Times: user=1.01 sys=0.01, real=0.17 secs] 
3347.258: [GC (Allocation Failure) [PSYoungGen: 417462K->149456K(468992K)] 1329748K->1159563K(1867264K), 0.0512716 secs] [Times: user=0.30 sys=0.00, real=0.05 secs] 
3349.042: [GC (Allocation Failure) [PSYoungGen: 468944K->107424K(510464K)] 1479051K->1258154K(1908736K), 0.1770334 secs] [Times: user=1.06 sys=0.01, real=0.18 secs] 
3351.737: [GC (Allocation Failure) [PSYoungGen: 412893K->142592K(507392K)] 1563624K->1397575K(1905664K), 0.1223999 secs] [Times: user=0.73 sys=0.00, real=0.12 secs] 
3351.859: [Full GC (Ergonomics) [PSYoungGen: 142592K->0K(507392K)] [ParOldGen: 1254983K->196609K(1398272K)] 1397575K->196609K(1905664K), [Metaspace: 60205K->60205K(1105920K)], 0.5249582 secs] [Times: user=2.50 sys=0.00, real=0.53 secs] 
3355.080: [GC (Allocation Failure) [PSYoungGen: 318976K->100208K(508928K)] 515585K->296818K(1907200K), 0.0922236 secs] [Times: user=0.54 sys=0.01, real=0.09 secs] 
3356.482: [GC (Allocation Failure) [PSYoungGen: 417960K->151568K(507392K)] 614569K->444130K(1905664K), 0.0487582 secs] [Times: user=0.28 sys=0.00, real=0.05 secs] 
3358.779: [GC (Allocation Failure) [PSYoungGen: 472080K->106400K(508928K)] 764642K->541942K(1907200K), 0.1684676 secs] [Times: user=1.00 sys=0.01, real=0.17 secs] 
3359.737: [GC (Allocation Failure) [PSYoungGen: 418716K->145008K(507904K)] 854258K->683099K(1906176K), 0.0753567 secs] [Times: user=0.45 sys=0.00, real=0.07 secs] 
3364.287: [GC (Allocation Failure) [PSYoungGen: 465008K->105808K(506880K)] 1003099K->780267K(1905152K), 0.1712334 secs] [Times: user=1.02 sys=0.00, real=0.17 secs] 
3365.437: [GC (Allocation Failure) [PSYoungGen: 418559K->146448K(508416K)] 1093017K->922396K(1906688K), 0.0514455 secs] [Times: user=0.30 sys=0.01, real=0.05 secs] 
3367.781: [GC (GCLocker Initiated GC) [PSYoungGen: 468496K->106992K(509440K)] 1244444K->1020204K(1907712K), 0.1657410 secs] [Times: user=0.98 sys=0.01, real=0.17 secs] 
3369.952: [GC (Allocation Failure) [PSYoungGen: 431088K->142432K(509952K)] 1360703K->1175194K(1908224K), 0.3525560 secs] [Times: user=2.10 sys=0.01, real=0.36 secs] 
3373.496: [GC (Allocation Failure) [PSYoungGen: 466528K->97024K(512000K)] 1499290K->1271906K(1910272K), 0.3947547 secs] [Times: user=2.31 sys=0.00, real=0.39 secs] 
3374.455: [GC (GCLocker Initiated GC) [PSYoungGen: 424192K->157056K(484352K)] 1599074K->1422679K(1882624K), 0.1325288 secs] [Times: user=0.77 sys=0.01, real=0.13 secs] 
3374.587: [Full GC (Ergonomics) [PSYoungGen: 157056K->0K(484352K)] [ParOldGen: 1265623K->219927K(1398272K)] 1422679K->219927K(1882624K), [Metaspace: 60219K->60219K(1105920K)], 0.5737029 secs] [Times: user=2.74 sys=0.00, real=0.57 secs] 
3379.492: [GC (Allocation Failure) [PSYoungGen: 327168K->105504K(509952K)] 547099K->325435K(1908224K), 0.1124548 secs] [Times: user=0.66 sys=0.00, real=0.12 secs] 
3380.131: [GC (Allocation Failure) [PSYoungGen: 423968K->154336K(473088K)] 643899K->469272K(1871360K), 0.0827297 secs] [Times: user=0.49 sys=0.00, real=0.08 secs] 
3385.229: [GC (Allocation Failure) [PSYoungGen: 472800K->90112K(505856K)] 787736K->559328K(1904128K), 0.1729570 secs] [Times: user=1.03 sys=0.00, real=0.17 secs] 
3385.623: [GC (Allocation Failure) [PSYoungGen: 402944K->152736K(465920K)] 872160K->706193K(1864192K), 0.0546215 secs] [Times: user=0.32 sys=0.00, real=0.06 secs] 
3388.085: [GC (Allocation Failure) [PSYoungGen: 465568K->92608K(503296K)] 1019025K->798549K(1901568K), 0.1411259 secs] [Times: user=0.84 sys=0.01, real=0.14 secs] 
3389.397: [GC (Allocation Failure) [PSYoungGen: 399296K->146736K(453632K)] 1105237K->939691K(1851904K), 0.1286120 secs] [Times: user=0.77 sys=0.00, real=0.13 secs] 
3393.731: [GC (Allocation Failure) [PSYoungGen: 453424K->86624K(502272K)] 1246379K->1026290K(1900544K), 0.0801310 secs] [Times: user=0.48 sys=0.00, real=0.08 secs] 
3394.395: [GC (Allocation Failure) [PSYoungGen: 391776K->147552K(453120K)] 1331442K->1167951K(1851392K), 0.0558317 secs] [Times: user=0.32 sys=0.00, real=0.05 secs] 
3399.280: [GC (Allocation Failure) [PSYoungGen: 452704K->86896K(501248K)] 1473103K->1254640K(1899520K), 0.1506992 secs] [Times: user=0.90 sys=0.01, real=0.15 secs] 
3400.079: [GC (Allocation Failure) [PSYoungGen: 385978K->142272K(500224K)] 1553721K->1393144K(1898496K), 0.0491126 secs] [Times: user=0.28 sys=0.01, real=0.05 secs] 
3400.128: [Full GC (Ergonomics) [PSYoungGen: 142272K->0K(500224K)] [ParOldGen: 1250872K->196967K(1398272K)] 1393144K->196967K(1898496K), [Metaspace: 60225K->60225K(1105920K)], 0.4907968 secs] [Times: user=2.29 sys=0.00, real=0.49 secs] 
3402.137: [GC (Allocation Failure) [PSYoungGen: 302592K->96672K(495616K)] 499559K->293639K(1893888K), 0.0893179 secs] [Times: user=0.46 sys=0.00, real=0.09 secs] 
3403.583: [GC (Allocation Failure) [PSYoungGen: 399776K->143968K(498176K)] 596743K->433348K(1896448K), 0.0657962 secs] [Times: user=0.39 sys=0.00, real=0.07 secs] 
3406.556: [GC (Allocation Failure) [PSYoungGen: 447072K->99696K(498688K)] 736452K->524665K(1896960K), 0.0650656 secs] [Times: user=0.38 sys=0.00, real=0.06 secs] 
3409.110: [GC (Allocation Failure) [PSYoungGen: 407408K->136288K(500736K)] 832377K->658469K(1899008K), 0.0507351 secs] [Times: user=0.30 sys=0.00, real=0.05 secs] 
3410.402: [GC (Allocation Failure) [PSYoungGen: 444000K->103760K(498176K)] 966181K->753094K(1896448K), 0.0633451 secs] [Times: user=0.38 sys=0.00, real=0.07 secs] 
3412.664: [GC (Allocation Failure) [PSYoungGen: 418128K->160032K(502272K)] 1067462K->910726K(1900544K), 0.0530191 secs] [Times: user=0.31 sys=0.01, real=0.05 secs] 
3415.598: [GC (Allocation Failure) [PSYoungGen: 474400K->106096K(506880K)] 1225094K->991319K(1905152K), 0.0647113 secs] [Times: user=0.38 sys=0.00, real=0.06 secs] 
3418.016: [GC (Allocation Failure) [PSYoungGen: 417904K->141472K(503296K)] 1303127K->1131159K(1901568K), 0.1258496 secs] [Times: user=0.74 sys=0.00, real=0.12 secs] 
3420.045: [GC (Allocation Failure) [PSYoungGen: 453280K->102944K(504320K)] 1442967K->1225631K(1902592K), 0.0648772 secs] [Times: user=0.38 sys=0.01, real=0.06 secs] 
3423.229: [GC (Allocation Failure) [PSYoungGen: 418336K->140256K(504320K)] 1541023K->1364060K(1902592K), 0.0529116 secs] [Times: user=0.31 sys=0.00, real=0.05 secs] 
3423.282: [Full GC (Ergonomics) [PSYoungGen: 140256K->0K(504320K)] [ParOldGen: 1223804K->162388K(1398272K)] 1364060K->162388K(1902592K), [Metaspace: 60235K->60235K(1105920K)], 0.3804019 secs] [Times: user=1.75 sys=0.00, real=0.38 secs] 
3425.151: [GC (Allocation Failure) [PSYoungGen: 315392K->108208K(501760K)] 477780K->270596K(1900032K), 0.0386295 secs] [Times: user=0.23 sys=0.00, real=0.04 secs] 
3427.278: [GC (Allocation Failure) [PSYoungGen: 429232K->145696K(505856K)] 591620K->414801K(1904128K), 0.0550541 secs] [Times: user=0.32 sys=0.00, real=0.05 secs] 
3428.779: [GC (Allocation Failure) [PSYoungGen: 466720K->110080K(509440K)] 735825K->516001K(1907712K), 0.0663437 secs] [Times: user=0.40 sys=0.00, real=0.07 secs] 
3430.886: [GC (Allocation Failure) [PSYoungGen: 436736K->149152K(510464K)] 842657K->662686K(1908736K), 0.0552090 secs] [Times: user=0.32 sys=0.00, real=0.05 secs] 
3433.413: [GC (Allocation Failure) [PSYoungGen: 475808K->110080K(511488K)] 989342K->763766K(1909760K), 0.0903411 secs] [Times: user=0.54 sys=0.00, real=0.10 secs] 
3436.417: [GC (Allocation Failure) [PSYoungGen: 437760K->148496K(511488K)] 1091446K->909796K(1909760K), 0.0572945 secs] [Times: user=0.30 sys=0.00, real=0.06 secs] 
3438.031: [GC (Allocation Failure) [PSYoungGen: 476176K->112256K(510976K)] 1237476K->1012683K(1909248K), 0.1225404 secs] [Times: user=0.73 sys=0.00, real=0.12 secs] 
3439.437: [GC (Allocation Failure) [PSYoungGen: 440448K->151168K(511488K)] 1340875K->1160376K(1909760K), 0.1491729 secs] [Times: user=0.88 sys=0.00, real=0.15 secs] 
3442.539: [GC (Allocation Failure) [PSYoungGen: 479360K->109760K(513024K)] 1488568K->1261352K(1911296K), 0.1266335 secs] [Times: user=0.75 sys=0.01, real=0.13 secs] 
3443.288: [GC (Allocation Failure) [PSYoungGen: 437440K->155216K(483328K)] 1589032K->1412370K(1881600K), 0.0536963 secs] [Times: user=0.32 sys=0.00, real=0.05 secs] 
3443.342: [Full GC (Ergonomics) [PSYoungGen: 155216K->0K(483328K)] [ParOldGen: 1257153K->210352K(1398272K)] 1412370K->210352K(1881600K), [Metaspace: 60239K->60239K(1105920K)], 0.5015678 secs] [Times: user=2.35 sys=0.00, real=0.51 secs] 
3445.772: [GC (Allocation Failure) [PSYoungGen: 327680K->100032K(510464K)] 538032K->310384K(1908736K), 0.2037308 secs] [Times: user=1.10 sys=0.00, real=0.21 secs] 
3446.903: [GC (Allocation Failure) [PSYoungGen: 421056K->149280K(470528K)] 631408K->453661K(1868800K), 0.1358764 secs] [Times: user=0.78 sys=0.03, real=0.14 secs] 
3450.672: [GC (Allocation Failure) [PSYoungGen: 470304K->98528K(509440K)] 774685K->551469K(1907712K), 0.1713007 secs] [Times: user=1.02 sys=0.00, real=0.17 secs] 
3451.082: [GC (Allocation Failure) [PSYoungGen: 417504K->169296K(488448K)] 870445K->714679K(1886720K), 0.0581873 secs] [Times: user=0.34 sys=0.00, real=0.06 secs] 
3457.425: [GC (Allocation Failure) [PSYoungGen: 488272K->102224K(501760K)] 1033655K->799791K(1900032K), 0.1625122 secs] [Times: user=0.96 sys=0.00, real=0.16 secs] 
3457.814: [GC (Allocation Failure) [PSYoungGen: 404816K->145632K(499712K)] 1102383K->931207K(1897984K), 0.0536067 secs] [Times: user=0.32 sys=0.00, real=0.05 secs] 
3461.873: [GC (Allocation Failure) [PSYoungGen: 448224K->95824K(500224K)] 1233799K->1026672K(1898496K), 0.1522371 secs] [Times: user=0.91 sys=0.00, real=0.16 secs] 
3462.544: [GC (Allocation Failure) [PSYoungGen: 387393K->138176K(499712K)] 1318240K->1150796K(1897984K), 0.0483881 secs] [Times: user=0.28 sys=0.00, real=0.04 secs] 
3464.666: [GC (Allocation Failure) [PSYoungGen: 442304K->96016K(501760K)] 1454924K->1238253K(1900032K), 0.1696330 secs] [Times: user=1.01 sys=0.01, real=0.17 secs] 
3466.403: [GC (Allocation Failure) [PSYoungGen: 404752K->144752K(500736K)] 1546989K->1379378K(1899008K), 0.1357039 secs] [Times: user=0.70 sys=0.01, real=0.14 secs] 
3466.539: [Full GC (Ergonomics) [PSYoungGen: 144752K->0K(500736K)] [ParOldGen: 1234625K->187078K(1398272K)] 1379378K->187078K(1899008K), [Metaspace: 60241K->60241K(1105920K)], 0.5191776 secs] [Times: user=2.47 sys=0.00, real=0.52 secs] 
3468.386: [GC (Allocation Failure) [PSYoungGen: 308736K->102592K(502784K)] 495814K->289670K(1901056K), 0.0441709 secs] [Times: user=0.26 sys=0.00, real=0.04 secs] 
3470.235: [GC (Allocation Failure) [PSYoungGen: 416448K->146688K(504320K)] 603526K->432139K(1902592K), 0.0507453 secs] [Times: user=0.30 sys=0.00, real=0.05 secs] 
3474.032: [GC (Allocation Failure) [PSYoungGen: 460544K->101984K(504832K)] 745995K->524483K(1903104K), 0.0823813 secs] [Times: user=0.49 sys=0.00, real=0.09 secs] 
3476.460: [GC (Allocation Failure) [PSYoungGen: 418400K->147072K(505856K)] 840899K->668332K(1904128K), 0.0547086 secs] [Times: user=0.31 sys=0.00, real=0.06 secs] 
3479.153: [GC (Allocation Failure) [PSYoungGen: 463488K->107040K(504832K)] 984748K->766428K(1903104K), 0.1705482 secs] [Times: user=1.02 sys=0.00, real=0.17 secs] 
3481.020: [GC (Allocation Failure) [PSYoungGen: 424480K->147520K(505856K)] 1083868K->910413K(1904128K), 0.0543720 secs] [Times: user=0.33 sys=0.00, real=0.06 secs] 
3483.702: [GC (Allocation Failure) [PSYoungGen: 464960K->103632K(507904K)] 1227853K->1005102K(1906176K), 0.1661283 secs] [Times: user=0.99 sys=0.00, real=0.17 secs] 
3486.255: [GC (Allocation Failure) [PSYoungGen: 423120K->150688K(470528K)] 1324590K->1152162K(1868800K), 0.0750774 secs] [Times: user=0.45 sys=0.00, real=0.07 secs] 
3489.328: [GC (Allocation Failure) [PSYoungGen: 470176K->104160K(509952K)] 1471650K->1248038K(1908224K), 0.1763172 secs] [Times: user=1.05 sys=0.00, real=0.18 secs] 
3490.548: [GC (Allocation Failure) [PSYoungGen: 422624K->148832K(507392K)] 1566502K->1393419K(1905664K), 0.0535595 secs] [Times: user=0.31 sys=0.01, real=0.05 secs] 
3490.601: [Full GC (Ergonomics) [PSYoungGen: 148832K->0K(507392K)] [ParOldGen: 1244587K->192300K(1398272K)] 1393419K->192300K(1905664K), [Metaspace: 60242K->60242K(1105920K)], 0.4722802 secs] [Times: user=2.20 sys=0.00, real=0.47 secs] 
3493.154: [GC (Allocation Failure) [PSYoungGen: 318464K->104800K(507392K)] 510764K->297100K(1905664K), 0.1066545 secs] [Times: user=0.63 sys=0.01, real=0.10 secs] 
3495.439: [GC (Allocation Failure) [PSYoungGen: 423264K->151136K(470016K)] 615564K->444334K(1868288K), 0.0510762 secs] [Times: user=0.30 sys=0.00, real=0.05 secs] 
3498.330: [GC (Allocation Failure) [PSYoungGen: 469600K->105088K(509440K)] 762798K->541030K(1907712K), 0.1719087 secs] [Times: user=1.01 sys=0.01, real=0.17 secs] 
3499.734: [GC (Allocation Failure) [PSYoungGen: 417097K->145472K(506368K)] 853040K->682671K(1904640K), 0.0507492 secs] [Times: user=0.30 sys=0.00, real=0.05 secs] 
3503.388: [GC (Allocation Failure) [PSYoungGen: 462400K->98480K(508416K)] 999599K->772640K(1906688K), 0.1699461 secs] [Times: user=1.01 sys=0.01, real=0.17 secs] 
3505.035: [GC (Allocation Failure) [PSYoungGen: 416432K->151168K(469504K)] 1090592K->919024K(1867776K), 0.0495106 secs] [Times: user=0.29 sys=0.01, real=0.05 secs] 
3509.739: [GC (Allocation Failure) [PSYoungGen: 469120K->101824K(508416K)] 1236976K->1012024K(1906688K), 0.1432619 secs] [Times: user=0.85 sys=0.00, real=0.14 secs] 
3510.441: [GC (Allocation Failure) [PSYoungGen: 417728K->147104K(506368K)] 1327928K->1155957K(1904640K), 0.0822039 secs] [Times: user=0.49 sys=0.01, real=0.08 secs] 
3514.082: [GC (Allocation Failure) [PSYoungGen: 463008K->103136K(505344K)] 1471861K->1250285K(1903616K), 0.1256508 secs] [Times: user=0.75 sys=0.00, real=0.13 secs] 
3515.086: [GC (Allocation Failure) [PSYoungGen: 419040K->148032K(505856K)] 1566189K->1395253K(1904128K), 0.1488637 secs] [Times: user=0.87 sys=0.01, real=0.15 secs] 
3515.235: [Full GC (Ergonomics) [PSYoungGen: 148032K->0K(505856K)] [ParOldGen: 1247221K->194705K(1398272K)] 1395253K->194705K(1904128K), [Metaspace: 60244K->60244K(1105920K)], 0.5271212 secs] [Times: user=2.53 sys=0.00, real=0.52 secs] 
3519.023: [GC (Allocation Failure) [PSYoungGen: 315904K->98464K(507392K)] 510609K->293169K(1905664K), 0.1018345 secs] [Times: user=0.60 sys=0.01, real=0.11 secs] 
3520.728: [GC (Allocation Failure) [PSYoungGen: 414880K->147200K(463872K)] 609585K->436730K(1862144K), 0.0491001 secs] [Times: user=0.29 sys=0.00, real=0.05 secs] 
3523.876: [GC (Allocation Failure) [PSYoungGen: 463616K->102656K(508928K)] 753146K->530718K(1907200K), 0.1671778 secs] [Times: user=0.99 sys=0.00, real=0.16 secs] 
3525.954: [GC (Allocation Failure) [PSYoungGen: 419072K->146528K(506368K)] 847134K->673779K(1904640K), 0.1442039 secs] [Times: user=0.85 sys=0.00, real=0.14 secs] 
3528.127: [GC (Allocation Failure) [PSYoungGen: 462944K->105760K(504320K)] 990195K->771143K(1902592K), 0.1511685 secs] [Times: user=0.89 sys=0.01, real=0.15 secs] 
3530.400: [GC (Allocation Failure) [PSYoungGen: 423200K->146336K(505856K)] 1088583K->913928K(1904128K), 0.0517409 secs] [Times: user=0.31 sys=0.00, real=0.05 secs] 
3533.789: [GC (Allocation Failure) [PSYoungGen: 463776K->106880K(506368K)] 1231368K->1011536K(1904640K), 0.1691662 secs] [Times: user=1.00 sys=0.00, real=0.17 secs] 
3535.812: [GC (Allocation Failure) [PSYoungGen: 426880K->147584K(507392K)] 1331536K->1155509K(1905664K), 0.0532417 secs] [Times: user=0.32 sys=0.00, real=0.06 secs] 
3539.141: [GC (Allocation Failure) [PSYoungGen: 467584K->107056K(508416K)] 1475509K->1253902K(1906688K), 0.1552880 secs] [Times: user=0.93 sys=0.00, real=0.16 secs] 
3540.514: [GC (Allocation Failure) [PSYoungGen: 427701K->149600K(508928K)] 1574546K->1399914K(1907200K), 0.0530230 secs] [Times: user=0.31 sys=0.00, real=0.05 secs] 
3540.567: [Full GC (Ergonomics) [PSYoungGen: 149600K->0K(508928K)] [ParOldGen: 1250314K->197428K(1398272K)] 1399914K->197428K(1907200K), [Metaspace: 60244K->60244K(1105920K)], 0.4861509 secs] [Times: user=2.27 sys=0.00, real=0.49 secs] 
3543.703: [GC (Allocation Failure) [PSYoungGen: 322048K->106816K(509440K)] 519476K->304244K(1907712K), 0.0950858 secs] [Times: user=0.56 sys=0.00, real=0.10 secs] 
3545.208: [GC (Allocation Failure) [PSYoungGen: 416923K->144576K(509440K)] 614351K->445097K(1907712K), 0.1077874 secs] [Times: user=0.64 sys=0.00, real=0.11 secs] 
3548.467: [GC (Allocation Failure) [PSYoungGen: 467136K->107104K(507904K)] 767657K->543769K(1906176K), 0.1704903 secs] [Times: user=1.01 sys=0.00, real=0.17 secs] 
3549.616: [GC (Allocation Failure) [PSYoungGen: 416867K->145152K(509440K)] 853533K->684290K(1907712K), 0.0511117 secs] [Times: user=0.31 sys=0.00, real=0.05 secs] 
3552.130: [GC (Allocation Failure) [PSYoungGen: 469248K->109536K(508928K)] 1008386K->784442K(1907200K), 0.1006445 secs] [Times: user=0.59 sys=0.01, real=0.10 secs] 
3553.030: [GC (Allocation Failure) [PSYoungGen: 436192K->153584K(510464K)] 1111098K->933891K(1908736K), 0.0530754 secs] [Times: user=0.32 sys=0.00, real=0.05 secs] 
3558.000: [GC (Allocation Failure) [PSYoungGen: 480240K->95712K(510976K)] 1260547K->1028987K(1909248K), 0.1669461 secs] [Times: user=1.00 sys=0.01, real=0.17 secs] 
3558.991: [GC (Allocation Failure) [PSYoungGen: 418272K->155792K(478720K)] 1351547K->1178396K(1876992K), 0.0557084 secs] [Times: user=0.32 sys=0.00, real=0.06 secs] 
3561.156: [GC (Allocation Failure) [PSYoungGen: 478352K->101728K(507904K)] 1500956K->1279636K(1906176K), 0.1616493 secs] [Times: user=0.96 sys=0.00, real=0.16 secs] 
3561.742: [GC (Allocation Failure) [PSYoungGen: 416608K->152608K(467968K)] 1594516K->1426535K(1866240K), 0.0850344 secs] [Times: user=0.50 sys=0.01, real=0.09 secs] 
3561.828: [Full GC (Ergonomics) [PSYoungGen: 152608K->0K(467968K)] [ParOldGen: 1273927K->224870K(1398272K)] 1426535K->224870K(1866240K), [Metaspace: 60261K->60261K(1105920K)], 0.5416781 secs] [Times: user=2.55 sys=0.00, real=0.54 secs] 
3566.875: [GC (Allocation Failure) [PSYoungGen: 314880K->91456K(504832K)] 539750K->316326K(1903104K), 0.1054979 secs] [Times: user=0.63 sys=0.00, real=0.10 secs] 
3567.720: [GC (Allocation Failure) [PSYoungGen: 401728K->148960K(459264K)] 626598K->459414K(1857536K), 0.0543748 secs] [Times: user=0.33 sys=0.00, real=0.06 secs] 
3571.067: [GC (Allocation Failure) [PSYoungGen: 459232K->91232K(503296K)] 769686K->550235K(1901568K), 0.1487834 secs] [Times: user=0.89 sys=0.01, real=0.15 secs] 
3571.482: [GC (Allocation Failure) [PSYoungGen: 398432K->147840K(455168K)] 857435K->692251K(1853440K), 0.0545101 secs] [Times: user=0.32 sys=0.00, real=0.06 secs] 
3574.978: [GC (Allocation Failure) [PSYoungGen: 455040K->88096K(502272K)] 999451K->780219K(1900544K), 0.1638064 secs] [Times: user=0.98 sys=0.00, real=0.16 secs] 
3575.760: [GC (Allocation Failure) [PSYoungGen: 393248K->148640K(454144K)] 1085371K->922724K(1852416K), 0.0538417 secs] [Times: user=0.32 sys=0.01, real=0.05 secs] 
3580.500: [GC (Allocation Failure) [PSYoungGen: 453792K->87200K(500736K)] 1227876K->1009572K(1899008K), 0.1454515 secs] [Times: user=0.78 sys=0.00, real=0.15 secs] 
3582.013: [GC (Allocation Failure) [PSYoungGen: 388768K->142064K(499712K)] 1311140K->1147674K(1897984K), 0.0491616 secs] [Times: user=0.29 sys=0.00, real=0.05 secs] 
3584.023: [GC (Allocation Failure) [PSYoungGen: 443632K->98560K(495616K)] 1449242K->1237621K(1893888K), 0.1326764 secs] [Times: user=0.78 sys=0.01, real=0.14 secs] 
3585.243: [GC (GCLocker Initiated GC) [PSYoungGen: 401152K->141680K(497664K)] 1540213K->1376151K(1895936K), 0.0820224 secs] [Times: user=0.49 sys=0.00, real=0.09 secs] 
3585.325: [Full GC (Ergonomics) [PSYoungGen: 141680K->0K(497664K)] [ParOldGen: 1234470K->184625K(1398272K)] 1376151K->184625K(1895936K), [Metaspace: 60265K->60265K(1105920K)], 0.4613466 secs] [Times: user=2.17 sys=0.00, real=0.46 secs] 
3589.260: [GC (GCLocker Initiated GC) [PSYoungGen: 302592K->95504K(498688K)] 487221K->280133K(1896960K), 0.0317955 secs] [Times: user=0.19 sys=0.00, real=0.03 secs] 
3590.223: [GC (Allocation Failure) [PSYoungGen: 404240K->142368K(501248K)] 588872K->420740K(1899520K), 0.0496531 secs] [Times: user=0.30 sys=0.00, real=0.05 secs] 
3592.099: [GC (Allocation Failure) [PSYoungGen: 451104K->103200K(500224K)] 729476K->514852K(1898496K), 0.0649251 secs] [Times: user=0.39 sys=0.00, real=0.07 secs] 
3594.353: [GC (Allocation Failure) [PSYoungGen: 416032K->142144K(502784K)] 827684K->654832K(1901056K), 0.0523462 secs] [Times: user=0.31 sys=0.00, real=0.06 secs] 
3596.615: [GC (Allocation Failure) [PSYoungGen: 454976K->107280K(501760K)] 967664K->752489K(1900032K), 0.0649630 secs] [Times: user=0.38 sys=0.01, real=0.06 secs] 
3597.601: [GC (Allocation Failure) [PSYoungGen: 425232K->145856K(504832K)] 1070441K->896357K(1903104K), 0.0541891 secs] [Times: user=0.33 sys=0.00, real=0.06 secs] 
3599.892: [GC (Allocation Failure) [PSYoungGen: 463808K->108224K(506368K)] 1214309K->995789K(1904640K), 0.0670109 secs] [Times: user=0.40 sys=0.00, real=0.07 secs] 
3602.220: [GC (Allocation Failure) [PSYoungGen: 430784K->144168K(507904K)] 1318349K->1137538K(1906176K), 0.0539401 secs] [Times: user=0.32 sys=0.00, real=0.05 secs] 
3604.402: [GC (Allocation Failure) [PSYoungGen: 466728K->111840K(507392K)] 1460098K->1239570K(1905664K), 0.0666404 secs] [Times: user=0.40 sys=0.00, real=0.07 secs] 
3605.322: [GC (Allocation Failure) [PSYoungGen: 437984K->152960K(509440K)] 1565714K->1390383K(1907712K), 0.0560808 secs] [Times: user=0.33 sys=0.00, real=0.06 secs] 
3605.378: [Full GC (Ergonomics) [PSYoungGen: 152960K->0K(509440K)] [ParOldGen: 1237423K->189932K(1398272K)] 1390383K->189932K(1907712K), [Metaspace: 60389K->60389K(1105920K)], 0.4514685 secs] [Times: user=2.07 sys=0.01, real=0.45 secs] 
3608.278: [GC (Allocation Failure) [PSYoungGen: 326144K->105392K(512512K)] 516076K->295324K(1910784K), 0.1063688 secs] [Times: user=0.63 sys=0.01, real=0.11 secs] 
3609.952: [GC (Allocation Failure) [PSYoungGen: 430512K->152960K(478208K)] 620444K->443849K(1876480K), 0.0517939 secs] [Times: user=0.31 sys=0.00, real=0.05 secs] 
3612.298: [GC (GCLocker Initiated GC) [PSYoungGen: 478080K->105456K(511488K)] 768970K->540027K(1909760K), 0.1807442 secs] [Times: user=1.07 sys=0.01, real=0.18 secs] 
3613.506: [GC (Allocation Failure) [PSYoungGen: 426992K->143200K(508928K)] 877949K->696135K(1907200K), 0.3055986 secs] [Times: user=1.81 sys=0.00, real=0.30 secs] 
3617.306: [GC (Allocation Failure) [PSYoungGen: 464736K->94720K(509952K)] 1017671K->791151K(1908224K), 0.4514298 secs] [Times: user=2.70 sys=0.00, real=0.45 secs] 
3619.110: [GC (Allocation Failure) [PSYoungGen: 416768K->154368K(476672K)] 1113199K->939544K(1874944K), 0.0549613 secs] [Times: user=0.33 sys=0.00, real=0.06 secs] 
3621.999: [GC (Allocation Failure) [PSYoungGen: 476416K->97280K(507904K)] 1261592K->1036304K(1906176K), 0.1651116 secs] [Times: user=0.98 sys=0.00, real=0.17 secs] 
3622.894: [GC (Allocation Failure) [PSYoungGen: 412672K->151904K(467456K)] 1351696K->1182469K(1865728K), 0.0807543 secs] [Times: user=0.48 sys=0.00, real=0.09 secs] 
3626.853: [GC (Allocation Failure) [PSYoungGen: 467296K->90688K(504832K)] 1497861K->1273109K(1903104K), 0.1602481 secs] [Times: user=0.96 sys=0.01, real=0.16 secs] 
3628.074: [GC (GCLocker Initiated GC) [PSYoungGen: 400960K->149520K(460288K)] 1583381K->1417215K(1858560K), 0.1448978 secs] [Times: user=0.86 sys=0.00, real=0.15 secs] 
3628.219: [Full GC (Ergonomics) [PSYoungGen: 149520K->0K(460288K)] [ParOldGen: 1267694K->214923K(1398272K)] 1417215K->214923K(1858560K), [Metaspace: 60390K->60390K(1105920K)], 0.5702707 secs] [Times: user=2.73 sys=0.00, real=0.57 secs] 
3633.196: [GC (Allocation Failure) [PSYoungGen: 310272K->89504K(503296K)] 525198K->304430K(1901568K), 0.1449628 secs] [Times: user=0.86 sys=0.00, real=0.14 secs] 
3634.140: [GC (Allocation Failure) [PSYoungGen: 396192K->147280K(454144K)] 611118K->445684K(1852416K), 0.0524601 secs] [Times: user=0.31 sys=0.00, real=0.05 secs] 
3636.626: [GC (Allocation Failure) [PSYoungGen: 453968K->91008K(502784K)] 752372K->535783K(1901056K), 0.1367148 secs] [Times: user=0.81 sys=0.01, real=0.13 secs] 
3637.349: [GC (Allocation Failure) [PSYoungGen: 388139K->140800K(501248K)] 832915K->673468K(1899520K), 0.0746836 secs] [Times: user=0.44 sys=0.00, real=0.08 secs] 
3640.734: [GC (Allocation Failure) [PSYoungGen: 445952K->98192K(498176K)] 978620K->763397K(1896448K), 0.1658604 secs] [Times: user=0.98 sys=0.00, real=0.16 secs] 
3642.299: [GC (Allocation Failure) [PSYoungGen: 404880K->142432K(499712K)] 1070085K->902389K(1897984K), 0.0499863 secs] [Times: user=0.29 sys=0.00, real=0.05 secs] 
3644.081: [GC (Allocation Failure) [PSYoungGen: 449120K->102256K(499200K)] 1209077K->995798K(1897472K), 0.0725085 secs] [Times: user=0.43 sys=0.00, real=0.08 secs] 
3645.888: [GC (Allocation Failure) [PSYoungGen: 414576K->145136K(502272K)] 1308118K->1137107K(1900544K), 0.0519312 secs] [Times: user=0.31 sys=0.00, real=0.05 secs] 
3648.327: [GC (Allocation Failure) [PSYoungGen: 457456K->104448K(503296K)] 1449427K->1232230K(1901568K), 0.0777536 secs] [Times: user=0.46 sys=0.00, real=0.08 secs] 
3649.398: [GC (Allocation Failure) [PSYoungGen: 420864K->145280K(504832K)] 1548646K->1375223K(1903104K), 0.0539698 secs] [Times: user=0.32 sys=0.00, real=0.05 secs] 
3649.452: [Full GC (Ergonomics) [PSYoungGen: 145280K->0K(504832K)] [ParOldGen: 1229943K->182967K(1398272K)] 1375223K->182967K(1903104K), [Metaspace: 60396K->60396K(1105920K)], 0.4385063 secs] [Times: user=2.03 sys=0.00, real=0.44 secs] 
3653.612: [GC (Allocation Failure) [PSYoungGen: 316416K->105808K(504832K)] 499383K->288776K(1903104K), 0.0543681 secs] [Times: user=0.31 sys=0.01, real=0.06 secs] 
3656.021: [GC (Allocation Failure) [PSYoungGen: 425296K->145712K(506368K)] 608264K->431318K(1904640K), 0.0524683 secs] [Times: user=0.31 sys=0.00, real=0.06 secs] 
3658.274: [GC (Allocation Failure) [PSYoungGen: 465200K->107840K(507392K)] 750806K->530033K(1905664K), 0.0686181 secs] [Times: user=0.40 sys=0.00, real=0.06 secs] 
3659.936: [GC (Allocation Failure) [PSYoungGen: 430400K->148480K(508416K)] 852593K->675032K(1906688K), 0.0533102 secs] [Times: user=0.31 sys=0.00, real=0.05 secs] 
3663.310: [GC (Allocation Failure) [PSYoungGen: 471040K->109888K(508928K)] 997592K->775480K(1907200K), 0.1479281 secs] [Times: user=0.88 sys=0.01, real=0.15 secs] 
3664.750: [GC (Allocation Failure) [PSYoungGen: 433984K->150800K(509440K)] 1099576K->922346K(1907712K), 0.0537698 secs] [Times: user=0.31 sys=0.01, real=0.05 secs] 
3669.262: [GC (Allocation Failure) [PSYoungGen: 474896K->105024K(510976K)] 1246442K->1018061K(1909248K), 0.1553384 secs] [Times: user=0.93 sys=0.00, real=0.16 secs] 
3671.290: [GC (Allocation Failure) [PSYoungGen: 418382K->146496K(509952K)] 1331420K->1160626K(1908224K), 0.1253916 secs] [Times: user=0.74 sys=0.00, real=0.13 secs] 
3675.271: [GC (Allocation Failure) [PSYoungGen: 470080K->104480K(510464K)] 1484210K->1256858K(1908736K), 0.1710715 secs] [Times: user=1.02 sys=0.00, real=0.17 secs] 
3676.713: [GC (Allocation Failure) [PSYoungGen: 412653K->145760K(510464K)] 1565031K->1399299K(1908736K), 0.1245630 secs] [Times: user=0.74 sys=0.00, real=0.13 secs] 
3676.837: [Full GC (Ergonomics) [PSYoungGen: 145760K->0K(510464K)] [ParOldGen: 1253539K->197362K(1398272K)] 1399299K->197362K(1908736K), [Metaspace: 60404K->60404K(1105920K)], 0.5268655 secs] [Times: user=2.51 sys=0.00, real=0.53 secs] 
3680.038: [GC (Allocation Failure) [PSYoungGen: 324096K->104736K(508928K)] 521458K->302098K(1907200K), 0.0969057 secs] [Times: user=0.56 sys=0.01, real=0.10 secs] 
3681.311: [GC (Allocation Failure) [PSYoungGen: 419448K->146336K(509952K)] 616811K->444835K(1908224K), 0.0504067 secs] [Times: user=0.30 sys=0.00, real=0.05 secs] 
3683.807: [GC (Allocation Failure) [PSYoungGen: 470944K->109760K(509440K)] 769443K->545755K(1907712K), 0.1610279 secs] [Times: user=0.96 sys=0.00, real=0.16 secs] 
3685.292: [GC (Allocation Failure) [PSYoungGen: 435904K->149728K(510464K)] 871899K->692244K(1908736K), 0.0904336 secs] [Times: user=0.54 sys=0.00, real=0.09 secs] 
3687.718: [GC (Allocation Failure) [PSYoungGen: 475872K->100896K(513024K)] 1018388K->792676K(1911296K), 0.1787025 secs] [Times: user=1.07 sys=0.00, real=0.18 secs] 
3689.196: [GC (Allocation Failure) [PSYoungGen: 426528K->157568K(483328K)] 1118308K->944873K(1881600K), 0.1412621 secs] [Times: user=0.84 sys=0.00, real=0.14 secs] 
3693.748: [GC (Allocation Failure) [PSYoungGen: 483200K->92848K(507392K)] 1270506K->1037555K(1905664K), 0.1526793 secs] [Times: user=0.90 sys=0.00, real=0.15 secs] 
3694.154: [GC (Allocation Failure) [PSYoungGen: 408240K->183904K(499712K)] 1352947K->1215431K(1897984K), 0.0565118 secs] [Times: user=0.34 sys=0.00, real=0.05 secs] 
3697.667: [GC (Allocation Failure) [PSYoungGen: 499296K->93600K(486400K)] 1530823K->1275239K(1884672K), 0.1580523 secs] [Times: user=0.94 sys=0.00, real=0.16 secs] 
3698.057: [GC (Allocation Failure) [PSYoungGen: 380832K->140608K(493056K)] 1562471K->1409936K(1891328K), 0.0532944 secs] [Times: user=0.32 sys=0.00, real=0.05 secs] 
3698.110: [Full GC (Ergonomics) [PSYoungGen: 140608K->0K(493056K)] [ParOldGen: 1269328K->209082K(1398272K)] 1409936K->209082K(1891328K), [Metaspace: 60410K->60410K(1105920K)], 0.4933135 secs] [Times: user=2.29 sys=0.00, real=0.50 secs] 
3700.446: [GC (Allocation Failure) [PSYoungGen: 287232K->83232K(491008K)] 496314K->292314K(1889280K), 0.1466534 secs] [Times: user=0.87 sys=0.01, real=0.14 secs] 
3702.141: [GC (Allocation Failure) [PSYoungGen: 373536K->134448K(493568K)] 582618K->423071K(1891840K), 0.0456528 secs] [Times: user=0.27 sys=0.00, real=0.05 secs] 
3703.309: [GC (Allocation Failure) [PSYoungGen: 424752K->93984K(493056K)] 713375K->507595K(1891328K), 0.0717516 secs] [Times: user=0.43 sys=0.00, real=0.07 secs] 
3705.441: [GC (Allocation Failure) [PSYoungGen: 390432K->135840K(493568K)] 804043K->641400K(1891840K), 0.0511962 secs] [Times: user=0.30 sys=0.00, real=0.05 secs] 
3707.860: [GC (Allocation Failure) [PSYoungGen: 432288K->101520K(497664K)] 937848K->734084K(1895936K), 0.0631095 secs] [Times: user=0.38 sys=0.00, real=0.06 secs] 
3710.576: [GC (Allocation Failure) [PSYoungGen: 408720K->134112K(498688K)] 1041284K->866641K(1896960K), 0.0607713 secs] [Times: user=0.36 sys=0.00, real=0.06 secs] 
3712.202: [GC (Allocation Failure) [PSYoungGen: 441312K->114160K(498688K)] 1173841K->971589K(1896960K), 0.0641927 secs] [Times: user=0.38 sys=0.00, real=0.07 secs] 
3715.349: [GC (Allocation Failure) [PSYoungGen: 432624K->134720K(502272K)] 1290053K->1104793K(1900544K), 0.0665780 secs] [Times: user=0.39 sys=0.00, real=0.07 secs] 
3716.897: [GC (Allocation Failure) [PSYoungGen: 453184K->114816K(504832K)] 1423257K->1210201K(1903104K), 0.0651555 secs] [Times: user=0.39 sys=0.00, real=0.06 secs] 
3719.293: [GC (Allocation Failure) [PSYoungGen: 447104K->143120K(510464K)] 1542489K->1351775K(1908736K), 0.0552492 secs] [Times: user=0.32 sys=0.01, real=0.06 secs] 
3721.085: [GC (Allocation Failure) [PSYoungGen: 475408K->118544K(513536K)] 1684063K->1460711K(1911808K), 0.0817430 secs] [Times: user=0.41 sys=0.07, real=0.08 secs] 
3721.167: [Full GC (Ergonomics) [PSYoungGen: 118544K->0K(513536K)] [ParOldGen: 1342166K->30388K(1398272K)] 1460711K->30388K(1911808K), [Metaspace: 60411K->60411K(1105920K)], 0.0536919 secs] [Times: user=0.18 sys=0.00, real=0.05 secs] 
3722.219: [GC (Allocation Failure) [PSYoungGen: 340480K->159648K(500224K)] 370868K->190036K(1898496K), 0.0318545 secs] [Times: user=0.19 sys=0.00, real=0.03 secs] 
3724.950: [GC (Allocation Failure) [PSYoungGen: 500128K->113408K(518656K)] 530516K->294357K(1916928K), 0.1760325 secs] [Times: user=1.05 sys=0.00, real=0.18 secs] 
3725.980: [GC (Allocation Failure) [PSYoungGen: 448256K->159424K(494592K)] 629205K->450049K(1892864K), 0.0551025 secs] [Times: user=0.32 sys=0.01, real=0.06 secs] 
3729.678: [GC (Allocation Failure) [PSYoungGen: 494272K->101696K(512512K)] 784897K->551365K(1910784K), 0.1594515 secs] [Times: user=0.95 sys=0.00, real=0.16 secs] 
3730.108: [GC (Allocation Failure) [PSYoungGen: 426816K->157888K(483328K)] 876485K->702990K(1881600K), 0.0569678 secs] [Times: user=0.34 sys=0.00, real=0.06 secs] 
3732.523: [GC (Allocation Failure) [PSYoungGen: 483008K->100816K(508416K)] 1028110K->803519K(1906688K), 0.1357308 secs] [Times: user=0.81 sys=0.00, real=0.14 secs] 
3733.792: [GC (Allocation Failure) [PSYoungGen: 417232K->152192K(468992K)] 1119935K->949863K(1867264K), 0.1251256 secs] [Times: user=0.75 sys=0.00, real=0.13 secs] 
3738.724: [GC (Allocation Failure) [PSYoungGen: 468608K->90176K(504320K)] 1266279K->1039871K(1902592K), 0.1393159 secs] [Times: user=0.83 sys=0.00, real=0.13 secs] 
3739.091: [GC (Allocation Failure) [PSYoungGen: 400960K->150032K(461312K)] 1350655K->1183601K(1859584K), 0.0556504 secs] [Times: user=0.33 sys=0.00, real=0.06 secs] 
3742.393: [GC (GCLocker Initiated GC) [PSYoungGen: 460816K->91216K(503296K)] 1494385K->1274713K(1901568K), 0.1184648 secs] [Times: user=0.70 sys=0.00, real=0.12 secs] 
3743.323: [GC (Allocation Failure) [PSYoungGen: 398416K->146016K(453632K)] 1581917K->1414753K(1851904K), 0.1556343 secs] [Times: user=0.93 sys=0.00, real=0.16 secs] 
3743.479: [Full GC (Ergonomics) [PSYoungGen: 146016K->0K(453632K)] [ParOldGen: 1268737K->218843K(1398272K)] 1414753K->218843K(1851904K), [Metaspace: 60415K->60415K(1105920K)], 0.5819874 secs] [Times: user=2.81 sys=0.00, real=0.58 secs] 
3746.460: [GC (Allocation Failure) [PSYoungGen: 307200K->90688K(503296K)] 526043K->309531K(1901568K), 0.1187462 secs] [Times: user=0.71 sys=0.00, real=0.12 secs] 
3747.635: [GC (Allocation Failure) [PSYoungGen: 397376K->144528K(502272K)] 616219K->448809K(1900544K), 0.1225384 secs] [Times: user=0.73 sys=0.00, real=0.12 secs] 
3751.100: [GC (Allocation Failure) [PSYoungGen: 451216K->91808K(501248K)] 755497K->540400K(1899520K), 0.1586479 secs] [Times: user=0.94 sys=0.01, real=0.16 secs] 
3751.741: [GC (Allocation Failure) [PSYoungGen: 383981K->138416K(501760K)] 832574K->674646K(1900032K), 0.0498360 secs] [Times: user=0.29 sys=0.00, real=0.05 secs] 
3756.079: [GC (Allocation Failure) [PSYoungGen: 445104K->97152K(499200K)] 981334K->763253K(1897472K), 0.1517230 secs] [Times: user=0.89 sys=0.00, real=0.15 secs] 
3757.221: [GC (Allocation Failure) [PSYoungGen: 406912K->144352K(501248K)] 1073013K->903934K(1899520K), 0.0669511 secs] [Times: user=0.40 sys=0.01, real=0.07 secs] 
3760.987: [GC (Allocation Failure) [PSYoungGen: 454112K->101728K(501760K)] 1213694K->996406K(1900032K), 0.0763173 secs] [Times: user=0.45 sys=0.00, real=0.08 secs] 
3762.996: [GC (Allocation Failure) [PSYoungGen: 416096K->146544K(503808K)] 1310774K->1139371K(1902080K), 0.0517513 secs] [Times: user=0.30 sys=0.00, real=0.05 secs] 
3765.767: [GC (Allocation Failure) [PSYoungGen: 460912K->105552K(504320K)] 1453739K->1235563K(1902592K), 0.1081832 secs] [Times: user=0.64 sys=0.01, real=0.11 secs] 
3766.729: [GC (Allocation Failure) [PSYoungGen: 422480K->148656K(505344K)] 1552491K->1381120K(1903616K), 0.1274044 secs] [Times: user=0.76 sys=0.00, real=0.13 secs] 
3766.856: [Full GC (Ergonomics) [PSYoungGen: 148656K->0K(505344K)] [ParOldGen: 1232463K->188057K(1398272K)] 1381120K->188057K(1903616K), [Metaspace: 60415K->60415K(1105920K)], 0.4944616 secs] [Times: user=2.37 sys=0.00, real=0.49 secs] 
3770.509: [GC (Allocation Failure) [PSYoungGen: 316928K->105168K(506880K)] 504985K->293226K(1905152K), 0.0325626 secs] [Times: user=0.19 sys=0.00, real=0.03 secs] 
3771.339: [GC (Allocation Failure) [PSYoungGen: 423632K->158256K(477184K)] 611690K->445850K(1875456K), 0.0516895 secs] [Times: user=0.31 sys=0.00, real=0.05 secs] 
3773.897: [GC (Allocation Failure) [PSYoungGen: 476720K->106112K(507392K)] 764314K->534534K(1905664K), 0.1593438 secs] [Times: user=0.95 sys=0.00, real=0.16 secs] 
3775.785: [GC (Allocation Failure) [PSYoungGen: 418432K->146080K(503808K)] 846854K->677502K(1902080K), 0.0796396 secs] [Times: user=0.44 sys=0.01, real=0.08 secs] 
3777.955: [GC (Allocation Failure) [PSYoungGen: 458400K->102656K(504320K)] 989822K->771947K(1902592K), 0.1667776 secs] [Times: user=0.99 sys=0.00, real=0.16 secs] 
3780.284: [GC (Allocation Failure) [PSYoungGen: 417024K->147680K(504832K)] 1086315K->916419K(1903104K), 0.0962637 secs] [Times: user=0.57 sys=0.00, real=0.09 secs] 
3782.466: [GC (Allocation Failure) [PSYoungGen: 462048K->104848K(504320K)] 1230787K->1012892K(1902592K), 0.1742611 secs] [Times: user=1.03 sys=0.00, real=0.17 secs] 
3783.342: [GC (Allocation Failure) [PSYoungGen: 420752K->149936K(505344K)] 1328796K->1158909K(1903616K), 0.0519186 secs] [Times: user=0.31 sys=0.00, real=0.06 secs] 
3786.332: [GC (Allocation Failure) [PSYoungGen: 465840K->103648K(506880K)] 1474813K->1253484K(1905152K), 0.1710727 secs] [Times: user=1.02 sys=0.00, real=0.17 secs] 
3788.425: [GC (Allocation Failure) [PSYoungGen: 420064K->147904K(506368K)] 1569900K->1398481K(1904640K), 0.0846435 secs] [Times: user=0.50 sys=0.01, real=0.08 secs] 
3788.510: [Full GC (Ergonomics) [PSYoungGen: 147904K->0K(506368K)] [ParOldGen: 1250577K->196970K(1398272K)] 1398481K->196970K(1904640K), [Metaspace: 60417K->60417K(1105920K)], 0.4952853 secs] [Times: user=2.33 sys=0.00, real=0.50 secs] 
3791.419: [GC (Allocation Failure) [PSYoungGen: 316416K->102384K(506880K)] 513386K->299355K(1905152K), 0.1044772 secs] [Times: user=0.61 sys=0.01, real=0.10 secs] 
3792.948: [GC (Allocation Failure) [PSYoungGen: 419312K->147328K(506880K)] 616283K->443176K(1905152K), 0.0495810 secs] [Times: user=0.29 sys=0.00, real=0.05 secs] 
3795.478: [GC (Allocation Failure) [PSYoungGen: 464256K->104896K(504832K)] 760104K->539516K(1903104K), 0.1679040 secs] [Times: user=1.01 sys=0.00, real=0.17 secs] 
3797.516: [GC (Allocation Failure) [PSYoungGen: 418740K->147584K(505856K)] 853360K->683301K(1904128K), 0.0770731 secs] [Times: user=0.45 sys=0.00, real=0.07 secs] 
3800.616: [GC (Allocation Failure) [PSYoungGen: 464512K->105664K(506880K)] 1000229K->780573K(1905152K), 0.1676074 secs] [Times: user=1.00 sys=0.00, real=0.17 secs] 
3802.089: [GC (Allocation Failure) [PSYoungGen: 419264K->145920K(507392K)] 1094173K->922242K(1905664K), 0.0512058 secs] [Times: user=0.30 sys=0.01, real=0.05 secs] 
3804.770: [GC (Allocation Failure) [PSYoungGen: 464896K->107776K(505856K)] 1241218K->1020878K(1904128K), 0.1708586 secs] [Times: user=1.01 sys=0.00, real=0.17 secs] 
3805.890: [GC (Allocation Failure) [PSYoungGen: 414572K->143248K(507392K)] 1327674K->1160495K(1905664K), 0.0520243 secs] [Times: user=0.31 sys=0.01, real=0.05 secs] 
3808.450: [GC (Allocation Failure) [PSYoungGen: 463760K->106464K(507392K)] 1481007K->1258031K(1905664K), 0.1043993 secs] [Times: user=0.62 sys=0.00, real=0.11 secs] 
3809.232: [GC (Allocation Failure) [PSYoungGen: 415098K->144000K(509440K)] 1566665K->1398747K(1907712K), 0.0743812 secs] [Times: user=0.44 sys=0.00, real=0.08 secs] 
3809.306: [Full GC (Ergonomics) [PSYoungGen: 144000K->0K(509440K)] [ParOldGen: 1254747K->196992K(1398272K)] 1398747K->196992K(1907712K), [Metaspace: 60419K->60419K(1105920K)], 0.4892492 secs] [Times: user=2.28 sys=0.00, real=0.49 secs] 
3813.601: [GC (Allocation Failure) [PSYoungGen: 324608K->105968K(510976K)] 521600K->302961K(1909248K), 0.0953584 secs] [Times: user=0.56 sys=0.00, real=0.10 secs] 
3814.310: [GC (Allocation Failure) [PSYoungGen: 434160K->156768K(485376K)] 631153K->455519K(1883648K), 0.0518808 secs] [Times: user=0.31 sys=0.00, real=0.05 secs] 
3816.807: [GC (Allocation Failure) [PSYoungGen: 484960K->97488K(510464K)] 783711K->552576K(1908736K), 0.1516582 secs] [Times: user=0.89 sys=0.00, real=0.15 secs] 
3817.880: [GC (Allocation Failure) [PSYoungGen: 418512K->154368K(475648K)] 873600K->700912K(1873920K), 0.0641867 secs] [Times: user=0.38 sys=0.00, real=0.07 secs] 
3821.959: [GC (Allocation Failure) [PSYoungGen: 475392K->94160K(506368K)] 1021936K->794913K(1904640K), 0.1646753 secs] [Times: user=0.99 sys=0.00, real=0.17 secs] 
3822.438: [GC (Allocation Failure) [PSYoungGen: 407504K->152768K(466432K)] 1108257K->941601K(1864704K), 0.0552356 secs] [Times: user=0.33 sys=0.00, real=0.05 secs] 
3824.806: [GC (Allocation Failure) [PSYoungGen: 466112K->96576K(504320K)] 1254945K->1037849K(1902592K), 0.1749832 secs] [Times: user=1.03 sys=0.00, real=0.17 secs] 
3826.130: [GC (Allocation Failure) [PSYoungGen: 404800K->163808K(472064K)] 1346073K->1196004K(1870336K), 0.1016724 secs] [Times: user=0.60 sys=0.01, real=0.10 secs] 
3829.665: [GC (Allocation Failure) [PSYoungGen: 472032K->86848K(497152K)] 1504228K->1266268K(1895424K), 0.1502081 secs] [Times: user=0.89 sys=0.01, real=0.15 secs] 
3830.741: [GC (Allocation Failure) [PSYoungGen: 375401K->137952K(433152K)] 1554822K->1397985K(1831424K), 0.1227760 secs] [Times: user=0.73 sys=0.00, real=0.13 secs] 
3830.864: [Full GC (Ergonomics) [PSYoungGen: 137952K->0K(433152K)] [ParOldGen: 1260033K->196487K(1398272K)] 1397985K->196487K(1831424K), [Metaspace: 60420K->60420K(1105920K)], 0.5305645 secs] [Times: user=2.55 sys=0.00, real=0.53 secs] 
3833.514: [GC (Allocation Failure) [PSYoungGen: 294912K->94048K(496128K)] 491399K->290535K(1894400K), 0.0869613 secs] [Times: user=0.51 sys=0.00, real=0.08 secs] 
3835.593: [GC (Allocation Failure) [PSYoungGen: 391008K->139296K(494080K)] 587495K->426624K(1892352K), 0.0462798 secs] [Times: user=0.27 sys=0.00, real=0.05 secs] 
3837.070: [GC (Allocation Failure) [PSYoungGen: 436256K->99888K(498688K)] 723584K->517897K(1896960K), 0.0619023 secs] [Times: user=0.36 sys=0.00, real=0.06 secs] 
3838.910: [GC (Allocation Failure) [PSYoungGen: 405552K->148672K(498688K)] 823561K->664301K(1896960K), 0.0517123 secs] [Times: user=0.31 sys=0.00, real=0.05 secs] 
3842.184: [GC (Allocation Failure) [PSYoungGen: 454336K->100736K(502272K)] 969965K->748073K(1900544K), 0.0638033 secs] [Times: user=0.38 sys=0.00, real=0.06 secs] 
3844.730: [GC (Allocation Failure) [PSYoungGen: 411008K->141312K(502784K)] 1058345K->887310K(1901056K), 0.0571259 secs] [Times: user=0.33 sys=0.00, real=0.06 secs] 
3845.901: [GC (Allocation Failure) [PSYoungGen: 451584K->108288K(497664K)] 1197582K->986346K(1895936K), 0.0654546 secs] [Times: user=0.39 sys=0.00, real=0.07 secs] 
3849.174: [GC (Allocation Failure) [PSYoungGen: 421632K->140544K(501760K)] 1299690K->1125227K(1900032K), 0.0535933 secs] [Times: user=0.32 sys=0.00, real=0.05 secs] 
3851.235: [GC (Allocation Failure) [PSYoungGen: 453888K->106960K(503808K)] 1438571K->1223296K(1902080K), 0.0656030 secs] [Times: user=0.38 sys=0.01, real=0.06 secs] 
3853.688: [GC (Allocation Failure) [PSYoungGen: 428496K->142048K(506880K)] 1544832K->1364136K(1905152K), 0.0642606 secs] [Times: user=0.38 sys=0.00, real=0.06 secs] 
3856.638: [GC (Allocation Failure) [PSYoungGen: 463584K->111664K(506368K)] 1685672K->1467229K(1904640K), 0.0676817 secs] [Times: user=0.40 sys=0.00, real=0.07 secs] 
3856.706: [Full GC (Ergonomics) [PSYoungGen: 111664K->0K(506368K)] [ParOldGen: 1355564K->27299K(1398272K)] 1467229K->27299K(1904640K), [Metaspace: 60445K->60445K(1105920K)], 0.0465868 secs] [Times: user=0.15 sys=0.00, real=0.04 secs] 
3859.092: [GC (Allocation Failure) [PSYoungGen: 327168K->146192K(509440K)] 354467K->173491K(1907712K), 0.0301294 secs] [Times: user=0.17 sys=0.00, real=0.03 secs] 
3861.280: [GC (GCLocker Initiated GC) [PSYoungGen: 473360K->110880K(512000K)] 500660K->274923K(1910272K), 0.0664917 secs] [Times: user=0.38 sys=0.01, real=0.07 secs] 
3862.772: [GC (Allocation Failure) [PSYoungGen: 442656K->152480K(484352K)] 606702K->424607K(1882624K), 0.0543374 secs] [Times: user=0.32 sys=0.00, real=0.06 secs] 
3866.543: [GC (Allocation Failure) [PSYoungGen: 484256K->113440K(516096K)] 756383K->528919K(1914368K), 0.1154255 secs] [Times: user=0.68 sys=0.01, real=0.12 secs] 
3868.734: [GC (Allocation Failure) [PSYoungGen: 442725K->152016K(481792K)] 858205K->676609K(1880064K), 0.0541926 secs] [Times: user=0.32 sys=0.00, real=0.05 secs] 
3870.525: [GC (Allocation Failure) [PSYoungGen: 481744K->112464K(515072K)] 1006337K->779737K(1913344K), 0.1333861 secs] [Times: user=0.79 sys=0.01, real=0.13 secs] 
3871.106: [GC (Allocation Failure) [PSYoungGen: 440656K->154752K(483328K)] 1107929K->930957K(1881600K), 0.0615281 secs] [Times: user=0.37 sys=0.00, real=0.06 secs] 
3876.594: [GC (Allocation Failure) [PSYoungGen: 482944K->92400K(509440K)] 1259149K->1023222K(1907712K), 0.1717958 secs] [Times: user=1.03 sys=0.00, real=0.17 secs] 
3877.150: [GC (Allocation Failure) [PSYoungGen: 413424K->154464K(475648K)] 1344246K->1172090K(1873920K), 0.0549148 secs] [Times: user=0.33 sys=0.00, real=0.06 secs] 
3880.746: [GC (Allocation Failure) [PSYoungGen: 475488K->96672K(506880K)] 1493114K->1268306K(1905152K), 0.1760585 secs] [Times: user=1.04 sys=0.00, real=0.17 secs] 
3882.614: [GC (Allocation Failure) [PSYoungGen: 410528K->148720K(462848K)] 1582162K->1411175K(1861120K), 0.1190359 secs] [Times: user=0.71 sys=0.00, real=0.11 secs] 
3882.733: [Full GC (Ergonomics) [PSYoungGen: 148720K->0K(462848K)] [ParOldGen: 1262455K->215840K(1398272K)] 1411175K->215840K(1861120K), [Metaspace: 60445K->60445K(1105920K)], 0.5471828 secs] [Times: user=2.60 sys=0.00, real=0.55 secs] 
3885.436: [GC (Allocation Failure) [PSYoungGen: 313856K->95344K(505856K)] 529696K->311185K(1904128K), 0.1247922 secs] [Times: user=0.74 sys=0.00, real=0.12 secs] 
3886.125: [GC (Allocation Failure) [PSYoungGen: 407152K->148864K(460800K)] 622993K->453737K(1859072K), 0.0582975 secs] [Times: user=0.35 sys=0.00, real=0.05 secs] 
3889.724: [GC (Allocation Failure) [PSYoungGen: 460672K->92384K(504832K)] 765545K->545337K(1903104K), 0.1607267 secs] [Times: user=0.96 sys=0.00, real=0.16 secs] 
3891.342: [GC (Allocation Failure) [PSYoungGen: 402144K->147424K(457216K)] 855097K->686526K(1855488K), 0.0542261 secs] [Times: user=0.32 sys=0.00, real=0.06 secs] 
3895.222: [GC (Allocation Failure) [PSYoungGen: 457184K->91648K(503808K)] 996286K->777342K(1902080K), 0.1615071 secs] [Times: user=0.95 sys=0.01, real=0.16 secs] 
3896.245: [GC (Allocation Failure) [PSYoungGen: 390030K->139360K(447488K)] 1075724K->913231K(1845760K), 0.0499990 secs] [Times: user=0.30 sys=0.00, real=0.05 secs] 
3898.503: [GC (Allocation Failure) [PSYoungGen: 447072K->101952K(504832K)] 1220943K->1006663K(1903104K), 0.1362178 secs] [Times: user=0.81 sys=0.00, real=0.14 secs] 
3899.689: [GC (Allocation Failure) [PSYoungGen: 412736K->145920K(501760K)] 1317447K->1149355K(1900032K), 0.0510764 secs] [Times: user=0.30 sys=0.00, real=0.05 secs] 
3902.084: [GC (Allocation Failure) [PSYoungGen: 456704K->101120K(503808K)] 1460139K->1241911K(1902080K), 0.1592115 secs] [Times: user=0.94 sys=0.01, real=0.15 secs] 
3903.164: [GC (Allocation Failure) [PSYoungGen: 416000K->149920K(504832K)] 1556791K->1388696K(1903104K), 0.0838557 secs] [Times: user=0.50 sys=0.00, real=0.08 secs] 
3903.248: [Full GC (Ergonomics) [PSYoungGen: 149920K->0K(504832K)] [ParOldGen: 1238776K->194859K(1398272K)] 1388696K->194859K(1903104K), [Metaspace: 60446K->60446K(1105920K)], 0.4870168 secs] [Times: user=2.29 sys=0.00, real=0.49 secs] 
3906.081: [GC (Allocation Failure) [PSYoungGen: 314880K->103584K(505856K)] 509739K->298443K(1904128K), 0.0937931 secs] [Times: user=0.56 sys=0.00, real=0.10 secs] 
3907.777: [GC (Allocation Failure) [PSYoungGen: 418464K->146976K(505344K)] 613323K->441628K(1903616K), 0.1121145 secs] [Times: user=0.66 sys=0.00, real=0.11 secs] 
3911.557: [GC (Allocation Failure) [PSYoungGen: 461856K->100768K(505344K)] 756508K->533804K(1903616K), 0.1782017 secs] [Times: user=1.06 sys=0.00, real=0.18 secs] 
3913.087: [GC (Allocation Failure) [PSYoungGen: 416672K->148608K(505856K)] 849708K->679237K(1904128K), 0.0510851 secs] [Times: user=0.30 sys=0.00, real=0.05 secs] 
3916.544: [GC (Allocation Failure) [PSYoungGen: 464512K->102336K(505856K)] 995141K->772813K(1904128K), 0.1635448 secs] [Times: user=0.98 sys=0.00, real=0.16 secs] 
3918.272: [GC (Allocation Failure) [PSYoungGen: 418240K->149344K(505856K)] 1088717K->918634K(1904128K), 0.0510654 secs] [Times: user=0.30 sys=0.00, real=0.05 secs] 
3921.618: [GC (Allocation Failure) [PSYoungGen: 465248K->103808K(505856K)] 1234538K->1013878K(1904128K), 0.1800130 secs] [Times: user=1.07 sys=0.00, real=0.18 secs] 
3923.468: [GC (Allocation Failure) [PSYoungGen: 419712K->147904K(505856K)] 1329782K->1158139K(1904128K), 0.0523187 secs] [Times: user=0.31 sys=0.00, real=0.05 secs] 
3925.842: [GC (Allocation Failure) [PSYoungGen: 463808K->103168K(505344K)] 1474043K->1252387K(1903616K), 0.1644213 secs] [Times: user=0.98 sys=0.00, real=0.17 secs] 
3927.725: [GC (Allocation Failure) [PSYoungGen: 419584K->150032K(505856K)] 1568803K->1397696K(1904128K), 0.0506056 secs] [Times: user=0.30 sys=0.00, real=0.05 secs] 
3927.775: [Full GC (Ergonomics) [PSYoungGen: 150032K->0K(505856K)] [ParOldGen: 1247664K->196832K(1398272K)] 1397696K->196832K(1904128K), [Metaspace: 60447K->60447K(1105920K)], 0.4796925 secs] [Times: user=2.23 sys=0.00, real=0.48 secs] 
3931.135: [GC (Allocation Failure) [PSYoungGen: 316416K->102112K(506880K)] 513248K->298944K(1905152K), 0.0972170 secs] [Times: user=0.57 sys=0.00, real=0.09 secs] 
3932.456: [GC (Allocation Failure) [PSYoungGen: 416961K->148960K(505856K)] 613794K->444125K(1904128K), 0.0499692 secs] [Times: user=0.30 sys=0.00, real=0.05 secs] 
3934.769: [GC (Allocation Failure) [PSYoungGen: 464352K->104000K(504832K)] 759517K->539245K(1903104K), 0.1611878 secs] [Times: user=0.95 sys=0.01, real=0.16 secs] 
3936.672: [GC (Allocation Failure) [PSYoungGen: 415694K->147120K(505344K)] 850940K->682518K(1903616K), 0.0911658 secs] [Times: user=0.54 sys=0.01, real=0.09 secs] 
3941.717: [GC (Allocation Failure) [PSYoungGen: 462512K->99584K(506880K)] 997910K->773426K(1905152K), 0.1658692 secs] [Times: user=0.99 sys=0.00, real=0.16 secs] 
3943.120: [GC (Allocation Failure) [PSYoungGen: 416512K->167232K(484352K)] 1090354K->937179K(1882624K), 0.0828068 secs] [Times: user=0.49 sys=0.00, real=0.08 secs] 
3946.733: [GC (Allocation Failure) [PSYoungGen: 484160K->103584K(502272K)] 1254107K->1015983K(1900544K), 0.1702367 secs] [Times: user=1.01 sys=0.00, real=0.17 secs] 
3948.982: [GC (Allocation Failure) [PSYoungGen: 406176K->139488K(442368K)] 1318575K->1151883K(1840640K), 0.0504111 secs] [Times: user=0.30 sys=0.00, real=0.05 secs] 
3951.301: [GC (Allocation Failure) [PSYoungGen: 442080K->99248K(499200K)] 1454475K->1242128K(1897472K), 0.0663773 secs] [Times: user=0.39 sys=0.00, real=0.07 secs] 
3952.774: [GC (Allocation Failure) [PSYoungGen: 403888K->139472K(497152K)] 1546768K->1378301K(1895424K), 0.0521023 secs] [Times: user=0.30 sys=0.01, real=0.05 secs] 
3952.826: [Full GC (Ergonomics) [PSYoungGen: 139472K->0K(497152K)] [ParOldGen: 1238828K->176614K(1398272K)] 1378301K->176614K(1895424K), [Metaspace: 60447K->60447K(1105920K)], 0.4250437 secs] [Times: user=1.97 sys=0.00, real=0.42 secs] 
3954.344: [GC (Allocation Failure) [PSYoungGen: 304640K->102368K(503808K)] 481254K->278982K(1902080K), 0.0358324 secs] [Times: user=0.20 sys=0.01, real=0.03 secs] 
3957.377: [GC (Allocation Failure) [PSYoungGen: 416736K->144384K(503296K)] 593350K->420915K(1901568K), 0.0523244 secs] [Times: user=0.31 sys=0.00, real=0.05 secs] 
3958.617: [GC (Allocation Failure) [PSYoungGen: 458752K->104976K(505856K)] 735283K->516651K(1904128K), 0.0656759 secs] [Times: user=0.39 sys=0.00, real=0.06 secs] 
3961.140: [GC (Allocation Failure) [PSYoungGen: 424976K->149088K(507392K)] 836651K->663571K(1905664K), 0.0545250 secs] [Times: user=0.30 sys=0.00, real=0.06 secs] 
3963.208: [GC (Allocation Failure) [PSYoungGen: 469088K->109776K(507392K)] 983571K->764580K(1905664K), 0.0672095 secs] [Times: user=0.40 sys=0.00, real=0.07 secs] 
3964.949: [GC (Allocation Failure) [PSYoungGen: 430800K->147712K(507904K)] 1085604K->910036K(1906176K), 0.0545888 secs] [Times: user=0.32 sys=0.00, real=0.06 secs] 
3967.445: [GC (Allocation Failure) [PSYoungGen: 468736K->108800K(507904K)] 1231060K->1009724K(1906176K), 0.0801080 secs] [Times: user=0.47 sys=0.00, real=0.08 secs] 
3970.531: [GC (Allocation Failure) [PSYoungGen: 431872K->145248K(508928K)] 1332796K->1151889K(1907200K), 0.1383942 secs] [Times: user=0.82 sys=0.00, real=0.14 secs] 
3973.826: [GC (Allocation Failure) [PSYoungGen: 468320K->106512K(509440K)] 1474961K->1249818K(1907712K), 0.1084522 secs] [Times: user=0.65 sys=0.00, real=0.11 secs] 
3974.986: [GC (Allocation Failure) [PSYoungGen: 432144K->152576K(478720K)] 1575450K->1399174K(1876992K), 0.0659333 secs] [Times: user=0.39 sys=0.00, real=0.06 secs] 
3975.052: [Full GC (Ergonomics) [PSYoungGen: 152576K->0K(478720K)] [ParOldGen: 1246598K->196137K(1398272K)] 1399174K->196137K(1876992K), [Metaspace: 60447K->60447K(1105920K)], 0.4811074 secs] [Times: user=2.26 sys=0.00, real=0.48 secs] 
3977.477: [GC (Allocation Failure) [PSYoungGen: 325632K->108384K(512512K)] 521769K->304521K(1910784K), 0.0687515 secs] [Times: user=0.40 sys=0.00, real=0.07 secs] 
3978.414: [GC (Allocation Failure) [PSYoungGen: 418002K->144304K(509952K)] 614139K->444754K(1908224K), 0.0513326 secs] [Times: user=0.30 sys=0.00, real=0.05 secs] 
3981.950: [GC (Allocation Failure) [PSYoungGen: 467888K->107312K(510464K)] 768338K->543167K(1908736K), 0.1684546 secs] [Times: user=1.00 sys=0.00, real=0.17 secs] 
3984.173: [GC (Allocation Failure) [PSYoungGen: 420111K->142944K(510464K)] 855966K->682651K(1908736K), 0.1140894 secs] [Times: user=0.68 sys=0.00, real=0.12 secs] 
3988.508: [GC (Allocation Failure) [PSYoungGen: 468576K->105536K(510464K)] 1008283K->779659K(1908736K), 0.1588301 secs] [Times: user=0.94 sys=0.00, real=0.16 secs] 
3990.255: [GC (Allocation Failure) [PSYoungGen: 422402K->145472K(512000K)] 1096525K->921312K(1910272K), 0.0503171 secs] [Times: user=0.30 sys=0.00, real=0.05 secs] 
3992.760: [GC (Allocation Failure) [PSYoungGen: 474176K->111712K(510976K)] 1250016K->1024340K(1909248K), 0.1663482 secs] [Times: user=0.99 sys=0.01, real=0.17 secs] 
3993.517: [GC (Allocation Failure) [PSYoungGen: 442464K->156576K(487424K)] 1355092K->1177137K(1885696K), 0.0549337 secs] [Times: user=0.32 sys=0.00, real=0.05 secs] 
3996.921: [GC (Allocation Failure) [PSYoungGen: 487328K->101408K(512512K)] 1507889K->1278237K(1910784K), 0.1479278 secs] [Times: user=0.88 sys=0.00, real=0.15 secs] 
3997.383: [GC (Allocation Failure) [PSYoungGen: 426528K->157472K(482816K)] 1603357K->1429986K(1881088K), 0.0791770 secs] [Times: user=0.47 sys=0.00, real=0.08 secs] 
3997.462: [Full GC (Ergonomics) [PSYoungGen: 157472K->0K(482816K)] [ParOldGen: 1272513K->228065K(1398272K)] 1429986K->228065K(1881088K), [Metaspace: 60454K->60454K(1105920K)], 0.5457735 secs] [Times: user=2.55 sys=0.00, real=0.55 secs] 
4001.401: [GC (Allocation Failure) [PSYoungGen: 325120K->96144K(507392K)] 553185K->324210K(1905664K), 0.0883969 secs] [Times: user=0.52 sys=0.01, real=0.09 secs] 
4001.748: [GC (Allocation Failure) [PSYoungGen: 411536K->153536K(468992K)] 639602K->471683K(1867264K), 0.0568035 secs] [Times: user=0.34 sys=0.01, real=0.06 secs] 
4004.694: [GC (Allocation Failure) [PSYoungGen: 468928K->93344K(504320K)] 787075K->564751K(1902592K), 0.1455131 secs] [Times: user=0.85 sys=0.01, real=0.14 secs] 
4005.982: [GC (Allocation Failure) [PSYoungGen: 402592K->149808K(459264K)] 873999K->708349K(1857536K), 0.1499760 secs] [Times: user=0.90 sys=0.00, real=0.15 secs] 
4008.057: [GC (Allocation Failure) [PSYoungGen: 459056K->95712K(503808K)] 1017597K->803804K(1902080K), 0.1350242 secs] [Times: user=0.80 sys=0.00, real=0.13 secs] 
4008.629: [GC (Allocation Failure) [PSYoungGen: 402912K->146944K(502272K)] 1111004K->945057K(1900544K), 0.0838816 secs] [Times: user=0.50 sys=0.00, real=0.08 secs] 
4012.038: [GC (Allocation Failure) [PSYoungGen: 454144K->88064K(502784K)] 1252257K->1033017K(1901056K), 0.1502659 secs] [Times: user=0.89 sys=0.00, real=0.15 secs] 
4012.425: [GC (Allocation Failure) [PSYoungGen: 394240K->149280K(455680K)] 1339193K->1175926K(1853952K), 0.0599203 secs] [Times: user=0.34 sys=0.00, real=0.06 secs] 
4017.201: [GC (Allocation Failure) [PSYoungGen: 455456K->87200K(501248K)] 1482102K->1262910K(1899520K), 0.1624604 secs] [Times: user=0.96 sys=0.00, real=0.17 secs] 
4017.697: [GC (Allocation Failure) [PSYoungGen: 389792K->147648K(450560K)] 1565502K->1404611K(1848832K), 0.0527576 secs] [Times: user=0.31 sys=0.00, real=0.05 secs] 
4017.750: [Full GC (Ergonomics) [PSYoungGen: 147648K->0K(450560K)] [ParOldGen: 1256963K->212085K(1398272K)] 1404611K->212085K(1848832K), [Metaspace: 60454K->60454K(1105920K)], 0.5012316 secs] [Times: user=2.33 sys=0.00, real=0.50 secs] 
4021.370: [GC (Allocation Failure) [PSYoungGen: 301101K->88896K(500736K)] 513187K->300981K(1899008K), 0.1655426 secs] [Times: user=0.98 sys=0.00, real=0.17 secs] 
4022.624: [GC (Allocation Failure) [PSYoungGen: 388135K->138336K(439808K)] 600221K->436202K(1838080K), 0.1486563 secs] [Times: user=0.76 sys=0.00, real=0.14 secs] 
4024.147: [GC (Allocation Failure) [PSYoungGen: 439392K->96224K(501248K)] 737258K->523698K(1899520K), 0.0622350 secs] [Times: user=0.36 sys=0.00, real=0.06 secs] 
4027.355: [GC (Allocation Failure) [PSYoungGen: 400352K->141728K(498176K)] 827826K->661370K(1896448K), 0.0477576 secs] [Times: user=0.28 sys=0.00, real=0.04 secs] 
4029.174: [GC (Allocation Failure) [PSYoungGen: 445856K->104272K(497664K)] 965498K->756695K(1895936K), 0.0677421 secs] [Times: user=0.40 sys=0.00, real=0.06 secs] 
4031.266: [GC (Allocation Failure) [PSYoungGen: 414032K->143295K(500224K)] 1066455K->896379K(1898496K), 0.0520617 secs] [Times: user=0.30 sys=0.00, real=0.05 secs] 
4035.592: [GC (Allocation Failure) [PSYoungGen: 453055K->98224K(504832K)] 1206139K->985560K(1903104K), 0.0638351 secs] [Times: user=0.38 sys=0.01, real=0.07 secs] 
4037.785: [GC (Allocation Failure) [PSYoungGen: 414640K->144800K(505856K)] 1301976K->1128276K(1904128K), 0.1285865 secs] [Times: user=0.77 sys=0.00, real=0.13 secs] 
4039.561: [GC (Allocation Failure) [PSYoungGen: 461216K->104192K(504320K)] 1444692K->1223988K(1902592K), 0.0685776 secs] [Times: user=0.39 sys=0.01, real=0.07 secs] 
4042.304: [GC (Allocation Failure) [PSYoungGen: 422144K->147888K(505856K)] 1541940K->1369330K(1904128K), 0.0541433 secs] [Times: user=0.32 sys=0.00, real=0.05 secs] 
4042.358: [Full GC (Ergonomics) [PSYoungGen: 147888K->0K(505856K)] [ParOldGen: 1221441K->176323K(1398272K)] 1369330K->176323K(1904128K), [Metaspace: 60454K->60454K(1105920K)], 0.4252209 secs] [Times: user=1.97 sys=0.00, real=0.42 secs] 
4043.850: [GC (Allocation Failure) [PSYoungGen: 317952K->111344K(504832K)] 494275K->287668K(1903104K), 0.0398440 secs] [Times: user=0.24 sys=0.00, real=0.04 secs] 
4045.607: [GC (Allocation Failure) [PSYoungGen: 431344K->144384K(506368K)] 607668K->429496K(1904640K), 0.0539372 secs] [Times: user=0.32 sys=0.00, real=0.05 secs] 
4047.611: [GC (Allocation Failure) [PSYoungGen: 464384K->110112K(506368K)] 749496K->529804K(1904640K), 0.0654355 secs] [Times: user=0.39 sys=0.00, real=0.07 secs] 
4048.802: [GC (Allocation Failure) [PSYoungGen: 434208K->154176K(508416K)] 853900K->680928K(1906688K), 0.0540666 secs] [Times: user=0.31 sys=0.00, real=0.06 secs] 
4050.832: [GC (Allocation Failure) [PSYoungGen: 478272K->107296K(511488K)] 1005024K->779681K(1909760K), 0.1629538 secs] [Times: user=0.97 sys=0.00, real=0.17 secs] 
4052.152: [GC (Allocation Failure) [PSYoungGen: 425315K->145184K(508928K)] 1097700K->921669K(1907200K), 0.1357479 secs] [Times: user=0.81 sys=0.00, real=0.14 secs] 
4055.793: [GC (Allocation Failure) [PSYoungGen: 467232K->103872K(508416K)] 1243717K->1017141K(1906688K), 0.1575536 secs] [Times: user=0.94 sys=0.00, real=0.16 secs] 
4056.691: [GC (Allocation Failure) [PSYoungGen: 417091K->147408K(509440K)] 1330361K->1160563K(1907712K), 0.0518161 secs] [Times: user=0.31 sys=0.00, real=0.05 secs] 
4059.408: [GC (Allocation Failure) [PSYoungGen: 470992K->105440K(510464K)] 1484147K->1257170K(1908736K), 0.1731996 secs] [Times: user=1.03 sys=0.00, real=0.17 secs] 
4060.506: [GC (Allocation Failure) [PSYoungGen: 415304K->145056K(510464K)] 1567034K->1398798K(1908736K), 0.0523021 secs] [Times: user=0.31 sys=0.00, real=0.05 secs] 
4060.558: [Full GC (Ergonomics) [PSYoungGen: 145056K->0K(510464K)] [ParOldGen: 1253741K->196916K(1398272K)] 1398798K->196916K(1908736K), [Metaspace: 60454K->60454K(1105920K)], 0.4844895 secs] [Times: user=2.25 sys=0.00, real=0.48 secs] 
4064.130: [GC (Allocation Failure) [PSYoungGen: 324608K->103648K(509440K)] 521524K->300565K(1907712K), 0.0997053 secs] [Times: user=0.59 sys=0.00, real=0.10 secs] 
4065.647: [GC (Allocation Failure) [PSYoungGen: 415637K->147328K(510464K)] 612554K->444037K(1908736K), 0.0498649 secs] [Times: user=0.30 sys=0.00, real=0.05 secs] 
4067.171: [GC (Allocation Failure) [PSYoungGen: 472960K->109760K(510464K)] 769669K->544925K(1908736K), 0.1134566 secs] [Times: user=0.68 sys=0.00, real=0.12 secs] 
4068.284: [GC (Allocation Failure) [PSYoungGen: 436416K->153552K(480256K)] 871581K->694671K(1878528K), 0.0537327 secs] [Times: user=0.32 sys=0.00, real=0.05 secs] 
4071.067: [GC (Allocation Failure) [PSYoungGen: 480208K->100304K(511488K)] 1021327K->794211K(1909760K), 0.1741396 secs] [Times: user=1.04 sys=0.00, real=0.17 secs] 
4071.905: [GC (Allocation Failure) [PSYoungGen: 422864K->154080K(476672K)] 1116771K->942823K(1874944K), 0.1078199 secs] [Times: user=0.64 sys=0.00, real=0.10 secs] 
4075.910: [GC (GCLocker Initiated GC) [PSYoungGen: 476640K->97040K(507904K)] 1265383K->1039536K(1906176K), 0.1715070 secs] [Times: user=1.03 sys=0.00, real=0.17 secs] 
4076.395: [GC (Allocation Failure) [PSYoungGen: 412944K->152096K(468480K)] 1355444K->1185652K(1866752K), 0.0672214 secs] [Times: user=0.40 sys=0.00, real=0.06 secs] 
4079.296: [GC (Allocation Failure) [PSYoungGen: 468000K->95264K(505344K)] 1501556K->1280472K(1903616K), 0.1542748 secs] [Times: user=0.92 sys=0.00, real=0.15 secs] 
4079.987: [GC (Allocation Failure) [PSYoungGen: 406048K->148096K(459264K)] 1591256K->1423041K(1857536K), 0.0894285 secs] [Times: user=0.53 sys=0.00, real=0.09 secs] 
4080.076: [Full GC (Ergonomics) [PSYoungGen: 148096K->0K(459264K)] [ParOldGen: 1274945K->222683K(1398272K)] 1423041K->222683K(1857536K), [Metaspace: 60455K->60455K(1105920K)], 0.5381833 secs] [Times: user=2.52 sys=0.00, real=0.54 secs] 
4083.836: [GC (Allocation Failure) [PSYoungGen: 310784K->91616K(504320K)] 533467K->314299K(1902592K), 0.1151698 secs] [Times: user=0.68 sys=0.01, real=0.11 secs] 
4084.333: [GC (Allocation Failure) [PSYoungGen: 400864K->149728K(459264K)] 623547K->458439K(1857536K), 0.0768850 secs] [Times: user=0.45 sys=0.00, real=0.08 secs] 
4087.246: [GC (Allocation Failure) [PSYoungGen: 458976K->90464K(502784K)] 767687K->548776K(1901056K), 0.1573633 secs] [Times: user=0.93 sys=0.00, real=0.15 secs] 
4088.286: [GC (Allocation Failure) [PSYoungGen: 396128K->146944K(453120K)] 854440K->690280K(1851392K), 0.0889459 secs] [Times: user=0.52 sys=0.00, real=0.09 secs] 
4092.171: [GC (Allocation Failure) [PSYoungGen: 450028K->88304K(502272K)] 993365K->778249K(1900544K), 0.1661510 secs] [Times: user=0.98 sys=0.01, real=0.17 secs] 
4093.294: [GC (Allocation Failure) [PSYoungGen: 380229K->138384K(443392K)] 1070174K->912494K(1841664K), 0.0502031 secs] [Times: user=0.29 sys=0.00, real=0.05 secs] 
4095.445: [GC (Allocation Failure) [PSYoungGen: 443024K->97952K(503296K)] 1217134K->1001677K(1901568K), 0.1686944 secs] [Times: user=1.00 sys=0.00, real=0.17 secs] 
4097.481: [GC (Allocation Failure) [PSYoungGen: 405664K->143584K(500224K)] 1309389K->1141638K(1898496K), 0.0533586 secs] [Times: user=0.28 sys=0.00, real=0.06 secs] 
4100.215: [GC (Allocation Failure) [PSYoungGen: 451296K->101904K(500736K)] 1449350K->1234903K(1899008K), 0.0744645 secs] [Times: user=0.44 sys=0.00, real=0.07 secs] 
4102.278: [GC (Allocation Failure) [PSYoungGen: 414224K->145472K(502784K)] 1547223K->1377015K(1901056K), 0.0519958 secs] [Times: user=0.31 sys=0.00, real=0.05 secs] 
4102.330: [Full GC (Ergonomics) [PSYoungGen: 145472K->0K(502784K)] [ParOldGen: 1231543K->184622K(1398272K)] 1377015K->184622K(1901056K), [Metaspace: 60457K->60457K(1105920K)], 0.4480006 secs] [Times: user=2.08 sys=0.00, real=0.45 secs] 
4105.449: [GC (Allocation Failure) [PSYoungGen: 312107K->102592K(503296K)] 496730K->287214K(1901568K), 0.0430754 secs] [Times: user=0.25 sys=0.00, real=0.04 secs] 
4107.748: [GC (Allocation Failure) [PSYoungGen: 418496K->145088K(504832K)] 603118K->430175K(1903104K), 0.0513134 secs] [Times: user=0.31 sys=0.00, real=0.05 secs] 
4109.473: [GC (Allocation Failure) [PSYoungGen: 460992K->104256K(505344K)] 746079K->525663K(1903616K), 0.1039262 secs] [Times: user=0.60 sys=0.02, real=0.11 secs] 
4112.018: [GC (Allocation Failure) [PSYoungGen: 422720K->148720K(506368K)] 844127K->671772K(1904640K), 0.0551025 secs] [Times: user=0.33 sys=0.00, real=0.05 secs] 
4114.308: [GC (Allocation Failure) [PSYoungGen: 467184K->106496K(506368K)] 990236K->769744K(1904640K), 0.0821626 secs] [Times: user=0.49 sys=0.00, real=0.08 secs] 
4116.245: [GC (Allocation Failure) [PSYoungGen: 425984K->150528K(506880K)] 1089232K->917181K(1905152K), 0.0534123 secs] [Times: user=0.32 sys=0.00, real=0.05 secs] 
4120.337: [GC (GCLocker Initiated GC) [PSYoungGen: 470016K->103376K(508416K)] 1236670K->1012143K(1906688K), 0.0666486 secs] [Times: user=0.40 sys=0.00, real=0.06 secs] 
4122.465: [GC (Allocation Failure) [PSYoungGen: 422352K->156368K(475648K)] 1331122K->1164918K(1873920K), 0.0529120 secs] [Times: user=0.31 sys=0.00, real=0.05 secs] 
4124.459: [GC (Allocation Failure) [PSYoungGen: 475344K->104528K(507392K)] 1483894K->1252030K(1905664K), 0.1159075 secs] [Times: user=0.69 sys=0.01, real=0.12 secs] 
4125.930: [GC (Allocation Failure) [PSYoungGen: 417360K->149184K(504320K)] 1564862K->1397663K(1902592K), 0.0522528 secs] [Times: user=0.31 sys=0.00, real=0.05 secs] 
4125.982: [Full GC (Ergonomics) [PSYoungGen: 149184K->0K(504320K)] [ParOldGen: 1248479K->195440K(1398272K)] 1397663K->195440K(1902592K), [Metaspace: 60465K->60465K(1105920K)], 0.4701985 secs] [Times: user=2.17 sys=0.00, real=0.47 secs] 
4129.715: [GC (Allocation Failure) [PSYoungGen: 312832K->99696K(505344K)] 508272K->295137K(1903616K), 0.0746174 secs] [Times: user=0.43 sys=0.01, real=0.07 secs] 
4132.103: [GC (Allocation Failure) [PSYoungGen: 412528K->145504K(504832K)] 607969K->436606K(1903104K), 0.0499762 secs] [Times: user=0.29 sys=0.01, real=0.05 secs] 
4134.355: [GC (Allocation Failure) [PSYoungGen: 458336K->102272K(502784K)] 749438K->529910K(1901056K), 0.0803544 secs] [Times: user=0.46 sys=0.02, real=0.08 secs] 
4135.989: [GC (Allocation Failure) [PSYoungGen: 416128K->147968K(504320K)] 843766K->673939K(1902592K), 0.0514758 secs] [Times: user=0.30 sys=0.00, real=0.05 secs] 
4137.615: [GC (Allocation Failure) [PSYoungGen: 461824K->104384K(505344K)] 987795K->769347K(1903616K), 0.1001782 secs] [Times: user=0.60 sys=0.00, real=0.10 secs] 
4140.091: [GC (Allocation Failure) [PSYoungGen: 420288K->146208K(505856K)] 1085251K->912340K(1904128K), 0.0690526 secs] [Times: user=0.41 sys=0.00, real=0.07 secs] 
4142.635: [GC (Allocation Failure) [PSYoungGen: 462112K->105024K(504320K)] 1228244K->1008492K(1902592K), 0.1061784 secs] [Times: user=0.63 sys=0.00, real=0.10 secs] 
4145.442: [GC (Allocation Failure) [PSYoungGen: 422464K->146752K(505856K)] 1325932K->1151964K(1904128K), 0.1221629 secs] [Times: user=0.72 sys=0.00, real=0.13 secs] 
4148.529: [GC (Allocation Failure) [PSYoungGen: 464192K->105184K(507392K)] 1469404K->1248676K(1905664K), 0.0677847 secs] [Times: user=0.41 sys=0.00, real=0.07 secs] 
4151.403: [GC (Allocation Failure) [PSYoungGen: 425184K->143776K(507904K)] 1568676K->1389153K(1906176K), 0.1513946 secs] [Times: user=0.90 sys=0.00, real=0.16 secs] 
4151.554: [Full GC (Ergonomics) [PSYoungGen: 143776K->0K(507904K)] [ParOldGen: 1245377K->187252K(1398272K)] 1389153K->187252K(1906176K), [Metaspace: 60477K->60477K(1105920K)], 0.5111270 secs] [Times: user=2.46 sys=0.00, real=0.51 secs] 
4153.988: [GC (Allocation Failure) [PSYoungGen: 320000K->107456K(506368K)] 507252K->294708K(1904640K), 0.0438415 secs] [Times: user=0.26 sys=0.00, real=0.04 secs] 
4156.534: [GC (Allocation Failure) [PSYoungGen: 430016K->157360K(480256K)] 617268K->449072K(1878528K), 0.1080136 secs] [Times: user=0.60 sys=0.00, real=0.10 secs] 
4159.347: [GC (Allocation Failure) [PSYoungGen: 479920K->104288K(509440K)] 771632K->536671K(1907712K), 0.1078024 secs] [Times: user=0.65 sys=0.00, real=0.11 secs] 
4161.969: [GC (Allocation Failure) [PSYoungGen: 422240K->148768K(507392K)] 854623K->680836K(1905664K), 0.0513842 secs] [Times: user=0.31 sys=0.00, real=0.05 secs] 
4164.640: [GC (Allocation Failure) [PSYoungGen: 466720K->105184K(506368K)] 998788K->777324K(1904640K), 0.1669667 secs] [Times: user=0.99 sys=0.00, real=0.17 secs] 
4167.319: [GC (Allocation Failure) [PSYoungGen: 422189K->148032K(506880K)] 1094329K->921857K(1905152K), 0.1114991 secs] [Times: user=0.66 sys=0.01, real=0.11 secs] 
4171.675: [GC (Allocation Failure) [PSYoungGen: 465984K->104576K(507904K)] 1239809K->1017469K(1906176K), 0.1582026 secs] [Times: user=0.94 sys=0.01, real=0.15 secs] 
4172.778: [GC (Allocation Failure) [PSYoungGen: 416597K->145792K(507904K)] 1329490K->1159881K(1906176K), 0.0661307 secs] [Times: user=0.40 sys=0.00, real=0.07 secs] 
4175.472: [GC (Allocation Failure) [PSYoungGen: 464768K->104928K(505856K)] 1478857K->1256322K(1904128K), 0.1824925 secs] [Times: user=1.08 sys=0.01, real=0.19 secs] 
4177.308: [GC (Allocation Failure) [PSYoungGen: 424928K->146672K(507392K)] 1576322K->1399295K(1905664K), 0.0525061 secs] [Times: user=0.30 sys=0.00, real=0.05 secs] 
4177.360: [Full GC (Ergonomics) [PSYoungGen: 146672K->0K(507392K)] [ParOldGen: 1252622K->198010K(1398272K)] 1399295K->198010K(1905664K), [Metaspace: 60479K->60479K(1105920K)], 0.4813755 secs] [Times: user=2.24 sys=0.00, real=0.48 secs] 
4180.123: [GC (Allocation Failure) [PSYoungGen: 320000K->108976K(507392K)] 518010K->306987K(1905664K), 0.1035262 secs] [Times: user=0.61 sys=0.01, real=0.11 secs] 
4181.110: [GC (Allocation Failure) [PSYoungGen: 431024K->150496K(508416K)] 629035K->453983K(1906688K), 0.0521258 secs] [Times: user=0.31 sys=0.01, real=0.05 secs] 
4184.084: [GC (Allocation Failure) [PSYoungGen: 469604K->95824K(509952K)] 773092K->549428K(1908224K), 0.1638010 secs] [Times: user=0.97 sys=0.00, real=0.16 secs] 
4184.910: [GC (Allocation Failure) [PSYoungGen: 416336K->152192K(473088K)] 869940K->697936K(1871360K), 0.0988185 secs] [Times: user=0.58 sys=0.00, real=0.10 secs] 
4188.626: [GC (Allocation Failure) [PSYoungGen: 472704K->94224K(507392K)] 1018448K->791933K(1905664K), 0.1746931 secs] [Times: user=1.04 sys=0.00, real=0.17 secs] 
4189.862: [GC (Allocation Failure) [PSYoungGen: 409104K->152448K(467456K)] 1106813K->937593K(1865728K), 0.0547513 secs] [Times: user=0.33 sys=0.00, real=0.06 secs] 
4193.595: [GC (Allocation Failure) [PSYoungGen: 467328K->92224K(504320K)] 1252473K->1029373K(1902592K), 0.1579479 secs] [Times: user=0.94 sys=0.00, real=0.15 secs] 
4194.373: [GC (Allocation Failure) [PSYoungGen: 400960K->149408K(458240K)] 1338109K->1173410K(1856512K), 0.0543852 secs] [Times: user=0.32 sys=0.00, real=0.06 secs] 
4196.850: [GC (Allocation Failure) [PSYoungGen: 458144K->94816K(503808K)] 1482146K->1268074K(1902080K), 0.1008003 secs] [Times: user=0.60 sys=0.00, real=0.10 secs] 
4197.976: [GC (Allocation Failure) [PSYoungGen: 401504K->146304K(501760K)] 1574762K->1408843K(1900032K), 0.1360272 secs] [Times: user=0.81 sys=0.00, real=0.13 secs] 
4198.112: [Full GC (Ergonomics) [PSYoungGen: 146304K->0K(501760K)] [ParOldGen: 1262539K->205410K(1398272K)] 1408843K->205410K(1900032K), [Metaspace: 60484K->60484K(1105920K)], 0.5348355 secs] [Times: user=2.55 sys=0.00, real=0.54 secs] 
4202.049: [GC (Allocation Failure) [PSYoungGen: 306688K->89520K(502784K)] 512098K->294930K(1901056K), 0.1127423 secs] [Times: user=0.67 sys=0.00, real=0.11 secs] 
4202.929: [GC (Allocation Failure) [PSYoungGen: 396208K->143744K(502272K)] 601618K->434838K(1900544K), 0.0484681 secs] [Times: user=0.28 sys=0.01, real=0.05 secs] 
4207.178: [GC (Allocation Failure) [PSYoungGen: 450432K->100784K(497152K)] 741526K->526251K(1895424K), 0.0966494 secs] [Times: user=0.57 sys=0.00, real=0.10 secs] 
4208.958: [GC (Allocation Failure) [PSYoungGen: 407472K->141440K(499712K)] 832939K->663791K(1897984K), 0.0489944 secs] [Times: user=0.29 sys=0.00, real=0.05 secs] 
4210.833: [GC (Allocation Failure) [PSYoungGen: 448128K->103856K(499200K)] 970479K->757840K(1897472K), 0.0622777 secs] [Times: user=0.37 sys=0.00, real=0.07 secs] 
4211.912: [GC (Allocation Failure) [PSYoungGen: 416176K->146416K(502272K)] 1070160K->901221K(1900544K), 0.0526684 secs] [Times: user=0.31 sys=0.00, real=0.06 secs] 
4214.536: [GC (Allocation Failure) [PSYoungGen: 457187K->101984K(504832K)] 1211992K->994076K(1903104K), 0.0652211 secs] [Times: user=0.39 sys=0.00, real=0.06 secs] 
4215.581: [GC (Allocation Failure) [PSYoungGen: 418912K->148416K(505856K)] 1311004K->1140589K(1904128K), 0.0521423 secs] [Times: user=0.31 sys=0.00, real=0.05 secs] 
4219.443: [GC (Allocation Failure) [PSYoungGen: 465344K->102272K(506880K)] 1457517K->1234205K(1905152K), 0.0658071 secs] [Times: user=0.39 sys=0.01, real=0.07 secs] 
4220.496: [GC (Allocation Failure) [PSYoungGen: 419200K->150352K(467456K)] 1551133K->1381643K(1865728K), 0.0519345 secs] [Times: user=0.31 sys=0.00, real=0.05 secs] 
4220.548: [Full GC (Ergonomics) [PSYoungGen: 150352K->0K(467456K)] [ParOldGen: 1231290K->188486K(1398272K)] 1381643K->188486K(1865728K), [Metaspace: 60486K->60486K(1105920K)], 0.4582173 secs] [Times: user=2.13 sys=0.00, real=0.46 secs] 
4222.637: [GC (GCLocker Initiated GC) [PSYoungGen: 316928K->106032K(509440K)] 505414K->294519K(1907712K), 0.0327465 secs] [Times: user=0.19 sys=0.00, real=0.03 secs] 
4224.327: [GC (Allocation Failure) [PSYoungGen: 422448K->145728K(505856K)] 610938K->436766K(1904128K), 0.0516813 secs] [Times: user=0.31 sys=0.00, real=0.05 secs] 
4226.714: [GC (Allocation Failure) [PSYoungGen: 462144K->107968K(504320K)] 753182K->534886K(1902592K), 0.0644064 secs] [Times: user=0.39 sys=0.00, real=0.06 secs] 
4229.112: [GC (GCLocker Initiated GC) [PSYoungGen: 426432K->144272K(505856K)] 853352K->675658K(1904128K), 0.0525602 secs] [Times: user=0.29 sys=0.02, real=0.06 secs] 
4232.036: [GC (Allocation Failure) [PSYoungGen: 462736K->105856K(506880K)] 994172K->772107K(1905152K), 0.0747797 secs] [Times: user=0.45 sys=0.00, real=0.07 secs] 
4234.910: [GC (Allocation Failure) [PSYoungGen: 428416K->150928K(508416K)] 1094667K->919377K(1906688K), 0.1371583 secs] [Times: user=0.82 sys=0.00, real=0.14 secs] 
4238.911: [GC (Allocation Failure) [PSYoungGen: 473488K->106016K(509952K)] 1241937K->1016940K(1908224K), 0.1699230 secs] [Times: user=0.89 sys=0.00, real=0.17 secs] 
4240.621: [GC (Allocation Failure) [PSYoungGen: 424787K->146976K(508928K)] 1335712K->1159833K(1907200K), 0.0909664 secs] [Times: user=0.54 sys=0.00, real=0.09 secs] 
4244.471: [GC (Allocation Failure) [PSYoungGen: 469024K->104096K(509952K)] 1481881K->1255501K(1908224K), 0.1135758 secs] [Times: user=0.67 sys=0.01, real=0.12 secs] 
4245.652: [GC (Allocation Failure) [PSYoungGen: 421834K->146704K(509952K)] 1573239K->1398927K(1908224K), 0.0688669 secs] [Times: user=0.41 sys=0.00, real=0.07 secs] 
4245.721: [Full GC (Ergonomics) [PSYoungGen: 146704K->0K(509952K)] [ParOldGen: 1252222K->197662K(1398272K)] 1398927K->197662K(1908224K), [Metaspace: 60486K->60486K(1105920K)], 0.4741808 secs] [Times: user=2.21 sys=0.00, real=0.48 secs] 
4249.745: [GC (Allocation Failure) [PSYoungGen: 323072K->105872K(508928K)] 520734K->303535K(1907200K), 0.0701668 secs] [Times: user=0.41 sys=0.00, real=0.07 secs] 
4251.445: [GC (Allocation Failure) [PSYoungGen: 418406K->145056K(509440K)] 616069K->444387K(1907712K), 0.1367063 secs] [Times: user=0.81 sys=0.00, real=0.13 secs] 
4254.017: [GC (Allocation Failure) [PSYoungGen: 468128K->105600K(508416K)] 767459K->541627K(1906688K), 0.1370792 secs] [Times: user=0.81 sys=0.01, real=0.14 secs] 
4254.918: [GC (Allocation Failure) [PSYoungGen: 419667K->145088K(509952K)] 855695K->683180K(1908224K), 0.0510703 secs] [Times: user=0.31 sys=0.00, real=0.05 secs] 
4259.214: [GC (Allocation Failure) [PSYoungGen: 470208K->103744K(510976K)] 1008300K->778076K(1909248K), 0.1047949 secs] [Times: user=0.62 sys=0.01, real=0.10 secs] 
4260.455: [GC (Allocation Failure) [PSYoungGen: 425908K->149040K(476672K)] 1100240K->922554K(1874944K), 0.0503318 secs] [Times: user=0.30 sys=0.00, real=0.05 secs] 
4263.005: [GC (Allocation Failure) [PSYoungGen: 476208K->112432K(514560K)] 1249722K->1025342K(1912832K), 0.1450095 secs] [Times: user=0.87 sys=0.00, real=0.14 secs] 
4264.076: [GC (Allocation Failure) [PSYoungGen: 439088K->154848K(481792K)] 1351998K->1176634K(1880064K), 0.1282418 secs] [Times: user=0.77 sys=0.00, real=0.13 secs] 
4268.980: [GC (Allocation Failure) [PSYoungGen: 481504K->96608K(510464K)] 1503290K->1273082K(1908736K), 0.1441657 secs] [Times: user=0.86 sys=0.00, real=0.15 secs] 
4269.460: [GC (Allocation Failure) [PSYoungGen: 418144K->155376K(477184K)] 1594618K->1422612K(1875456K), 0.0559935 secs] [Times: user=0.33 sys=0.00, real=0.06 secs] 
4269.516: [Full GC (Ergonomics) [PSYoungGen: 155376K->0K(477184K)] [ParOldGen: 1267235K->221210K(1398272K)] 1422612K->221210K(1875456K), [Metaspace: 60486K->60486K(1105920K)], 0.5094039 secs] [Times: user=2.28 sys=0.00, real=0.51 secs] 
4273.418: [GC (Allocation Failure) [PSYoungGen: 321536K->100816K(507392K)] 542746K->322027K(1905664K), 0.1274579 secs] [Times: user=0.75 sys=0.00, real=0.13 secs] 
4273.804: [GC (Allocation Failure) [PSYoungGen: 414672K->153056K(466944K)] 635883K->465155K(1865216K), 0.0557857 secs] [Times: user=0.33 sys=0.00, real=0.05 secs] 
4277.278: [GC (Allocation Failure) [PSYoungGen: 466912K->94032K(504832K)] 779011K->558995K(1903104K), 0.1473108 secs] [Times: user=0.88 sys=0.00, real=0.15 secs] 
4278.364: [GC (Allocation Failure) [PSYoungGen: 403792K->148544K(458752K)] 868755K->701023K(1857024K), 0.1248849 secs] [Times: user=0.74 sys=0.00, real=0.12 secs] 
4282.325: [GC (Allocation Failure) [PSYoungGen: 458304K->90976K(503296K)] 1010783K->791888K(1901568K), 0.1582469 secs] [Times: user=0.93 sys=0.00, real=0.15 secs] 
4283.538: [GC (Allocation Failure) [PSYoungGen: 398176K->146752K(454144K)] 1099088K->933048K(1852416K), 0.0802379 secs] [Times: user=0.47 sys=0.00, real=0.08 secs] 
4286.843: [GC (Allocation Failure) [PSYoungGen: 453952K->89312K(502784K)] 1240248K->1022200K(1901056K), 0.1711148 secs] [Times: user=1.02 sys=0.00, real=0.18 secs] 
4287.545: [GC (Allocation Failure) [PSYoungGen: 395488K->149184K(455680K)] 1328376K->1165709K(1853952K), 0.0530418 secs] [Times: user=0.31 sys=0.00, real=0.05 secs] 
4291.622: [GC (Allocation Failure) [PSYoungGen: 455360K->85760K(500736K)] 1471885K->1251313K(1899008K), 0.1620458 secs] [Times: user=0.96 sys=0.00, real=0.17 secs] 
4293.268: [GC (Allocation Failure) [PSYoungGen: 387840K->142688K(500224K)] 1553393K->1389974K(1898496K), 0.0498511 secs] [Times: user=0.29 sys=0.00, real=0.05 secs] 
4293.317: [Full GC (Ergonomics) [PSYoungGen: 142688K->0K(500224K)] [ParOldGen: 1247286K->196853K(1398272K)] 1389974K->196853K(1898496K), [Metaspace: 60486K->60486K(1105920K)], 0.4828010 secs] [Times: user=2.25 sys=0.00, real=0.48 secs] 
4295.748: [GC (Allocation Failure) [PSYoungGen: 302080K->96576K(495104K)] 498933K->293430K(1893376K), 0.0734079 secs] [Times: user=0.43 sys=0.00, real=0.07 secs] 
4297.736: [GC (Allocation Failure) [PSYoungGen: 399168K->142304K(497664K)] 596022K->432338K(1895936K), 0.0475239 secs] [Times: user=0.28 sys=0.00, real=0.05 secs] 
4298.960: [GC (Allocation Failure) [PSYoungGen: 444338K->101008K(497664K)] 734373K->524351K(1895936K), 0.0634919 secs] [Times: user=0.38 sys=0.00, real=0.06 secs] 
4301.433: [GC (Allocation Failure) [PSYoungGen: 408720K->148320K(500224K)] 832063K->670931K(1898496K), 0.0515884 secs] [Times: user=0.30 sys=0.01, real=0.06 secs] 
4303.216: [GC (Allocation Failure) [PSYoungGen: 456032K->101168K(502272K)] 978643K->755212K(1900544K), 0.0733049 secs] [Times: user=0.44 sys=0.00, real=0.07 secs] 
4305.634: [GC (Allocation Failure) [PSYoungGen: 411952K->143616K(502784K)] 1065996K->896760K(1901056K), 0.0519571 secs] [Times: user=0.31 sys=0.00, real=0.05 secs] 
4308.393: [GC (Allocation Failure) [PSYoungGen: 454400K->102480K(501248K)] 1207544K->990565K(1899520K), 0.0659425 secs] [Times: user=0.39 sys=0.00, real=0.07 secs] 
4310.594: [GC (Allocation Failure) [PSYoungGen: 415824K->140736K(503296K)] 1303909K->1129541K(1901568K), 0.0527058 secs] [Times: user=0.31 sys=0.00, real=0.05 secs] 
4313.032: [GC (Allocation Failure) [PSYoungGen: 454080K->106064K(501248K)] 1442885K->1226610K(1899520K), 0.0765077 secs] [Times: user=0.46 sys=0.00, real=0.08 secs] 
4314.458: [GC (Allocation Failure) [PSYoungGen: 424528K->146912K(504832K)] 1545074K->1372118K(1903104K), 0.0551081 secs] [Times: user=0.33 sys=0.00, real=0.05 secs] 
4314.513: [Full GC (Ergonomics) [PSYoungGen: 146912K->0K(504832K)] [ParOldGen: 1225206K->170700K(1398272K)] 1372118K->170700K(1903104K), [Metaspace: 60487K->60487K(1105920K)], 0.4098576 secs] [Times: user=1.90 sys=0.00, real=0.41 secs] 
4316.592: [GC (Allocation Failure) [PSYoungGen: 318464K->107264K(508416K)] 489164K->277964K(1906688K), 0.0365369 secs] [Times: user=0.22 sys=0.00, real=0.04 secs] 
4319.351: [GC (Allocation Failure) [PSYoungGen: 430336K->149056K(508928K)] 601036K->424717K(1907200K), 0.0546645 secs] [Times: user=0.33 sys=0.00, real=0.06 secs] 
4321.164: [GC (Allocation Failure) [PSYoungGen: 472128K->110528K(508416K)] 747789K->526125K(1906688K), 0.0665721 secs] [Times: user=0.40 sys=0.00, real=0.06 secs] 
4323.689: [GC (Allocation Failure) [PSYoungGen: 434112K->148192K(508928K)] 849709K->672146K(1907200K), 0.0543119 secs] [Times: user=0.32 sys=0.00, real=0.05 secs] 
4325.854: [GC (Allocation Failure) [PSYoungGen: 471776K->107872K(510464K)] 995730K->771238K(1908736K), 0.0947738 secs] [Times: user=0.56 sys=0.01, real=0.09 secs] 
4327.605: [GC (Allocation Failure) [PSYoungGen: 432992K->151360K(476672K)] 1096358K->919611K(1874944K), 0.0538490 secs] [Times: user=0.31 sys=0.00, real=0.05 secs] 
4330.072: [GC (Allocation Failure) [PSYoungGen: 476480K->111072K(513024K)] 1244731K->1021859K(1911296K), 0.1407990 secs] [Times: user=0.84 sys=0.00, real=0.14 secs] 
4330.589: [GC (Allocation Failure) [PSYoungGen: 435168K->153904K(478208K)] 1345955K->1172045K(1876480K), 0.0547247 secs] [Times: user=0.32 sys=0.01, real=0.06 secs] 
4333.514: [GC (Allocation Failure) [PSYoungGen: 478000K->96992K(509440K)] 1496141K->1268432K(1907712K), 0.1673074 secs] [Times: user=1.00 sys=0.00, real=0.16 secs] 
4334.795: [GC (Allocation Failure) [PSYoungGen: 415968K->153760K(473088K)] 1587408K->1416717K(1871360K), 0.0796829 secs] [Times: user=0.46 sys=0.00, real=0.08 secs] 
4334.875: [Full GC (Ergonomics) [PSYoungGen: 153760K->0K(473088K)] [ParOldGen: 1262957K->214585K(1398272K)] 1416717K->214585K(1871360K), [Metaspace: 60487K->60487K(1105920K)], 0.5108167 secs] [Times: user=2.38 sys=0.00, real=0.51 secs] 
4338.138: [GC (Allocation Failure) [PSYoungGen: 318976K->92640K(505856K)] 533561K->307225K(1904128K), 0.1358582 secs] [Times: user=0.79 sys=0.00, real=0.14 secs] 
4338.822: [GC (Allocation Failure) [PSYoungGen: 404960K->148544K(461312K)] 619545K->449966K(1859584K), 0.0865964 secs] [Times: user=0.51 sys=0.00, real=0.09 secs] 
4343.409: [GC (Allocation Failure) [PSYoungGen: 460864K->92704K(504832K)] 762286K->542246K(1903104K), 0.1575634 secs] [Times: user=0.94 sys=0.00, real=0.16 secs] 
4344.356: [GC (Allocation Failure) [PSYoungGen: 402464K->148928K(458752K)] 852006K->685271K(1857024K), 0.0572343 secs] [Times: user=0.34 sys=0.00, real=0.06 secs] 
4347.276: [GC (Allocation Failure) [PSYoungGen: 458688K->92864K(503808K)] 995031K->777879K(1902080K), 0.1640724 secs] [Times: user=0.98 sys=0.00, real=0.16 secs] 
4348.570: [GC (Allocation Failure) [PSYoungGen: 395456K->138416K(445952K)] 1080472K->912571K(1844224K), 0.0498244 secs] [Times: user=0.30 sys=0.00, real=0.05 secs] 
4350.571: [GC (Allocation Failure) [PSYoungGen: 445616K->99424K(503296K)] 1219771K->1003266K(1901568K), 0.0736975 secs] [Times: user=0.44 sys=0.00, real=0.08 secs] 
4352.489: [GC (Allocation Failure) [PSYoungGen: 409184K->144032K(500736K)] 1313026K->1143471K(1899008K), 0.0498529 secs] [Times: user=0.29 sys=0.00, real=0.05 secs] 
4354.305: [GC (Allocation Failure) [PSYoungGen: 453792K->105952K(501248K)] 1453231K->1240703K(1899520K), 0.0653604 secs] [Times: user=0.39 sys=0.00, real=0.06 secs] 
4356.306: [GC (Allocation Failure) [PSYoungGen: 421344K->146816K(503808K)] 1556095K->1383852K(1902080K), 0.0535286 secs] [Times: user=0.32 sys=0.00, real=0.05 secs] 
4356.360: [Full GC (Ergonomics) [PSYoungGen: 146816K->0K(503808K)] [ParOldGen: 1237036K->191382K(1398272K)] 1383852K->191382K(1902080K), [Metaspace: 60487K->60487K(1105920K)], 0.4631259 secs] [Times: user=2.16 sys=0.00, real=0.46 secs] 
4358.970: [GC (GCLocker Initiated GC) [PSYoungGen: 315392K->102624K(507904K)] 506775K->294007K(1906176K), 0.0461368 secs] [Times: user=0.27 sys=0.00, real=0.05 secs] 
4360.564: [GC (Allocation Failure) [PSYoungGen: 422112K->148256K(467968K)] 613498K->438784K(1866240K), 0.0500695 secs] [Times: user=0.30 sys=0.00, real=0.05 secs] 
4363.263: [GC (Allocation Failure) [PSYoungGen: 467744K->108448K(511488K)] 758272K->538096K(1909760K), 0.0919385 secs] [Times: user=0.54 sys=0.00, real=0.10 secs] 
4365.097: [GC (Allocation Failure) [PSYoungGen: 428448K->147136K(507392K)] 858096K->682045K(1905664K), 0.1556355 secs] [Times: user=0.92 sys=0.00, real=0.15 secs] 
4367.706: [GC (Allocation Failure) [PSYoungGen: 467136K->106752K(507904K)] 1002045K->780405K(1906176K), 0.1540960 secs] [Times: user=0.91 sys=0.01, real=0.15 secs] 
4368.518: [GC (Allocation Failure) [PSYoungGen: 415831K->144576K(508416K)] 1089484K->921606K(1906688K), 0.0520587 secs] [Times: user=0.31 sys=0.00, real=0.05 secs] 
4371.790: [GC (Allocation Failure) [PSYoungGen: 466112K->106048K(507904K)] 1243142K->1019098K(1906176K), 0.1702555 secs] [Times: user=1.02 sys=0.00, real=0.17 secs] 
4374.282: [GC (Allocation Failure) [PSYoungGen: 419500K->145520K(509440K)] 1332550K->1160567K(1907712K), 0.0515071 secs] [Times: user=0.30 sys=0.00, real=0.06 secs] 
4376.813: [GC (Allocation Failure) [PSYoungGen: 469616K->106560K(509440K)] 1484663K->1257986K(1907712K), 0.1817057 secs] [Times: user=1.08 sys=0.01, real=0.19 secs] 
4378.378: [GC (Allocation Failure) [PSYoungGen: 432704K->154208K(480768K)] 1584130K->1408287K(1879040K), 0.0533135 secs] [Times: user=0.31 sys=0.00, real=0.05 secs] 
4378.432: [Full GC (Ergonomics) [PSYoungGen: 154208K->0K(480768K)] [ParOldGen: 1254079K->206984K(1398272K)] 1408287K->206984K(1879040K), [Metaspace: 60488K->60488K(1105920K)], 0.4779384 secs] [Times: user=2.23 sys=0.00, real=0.48 secs] 
4382.865: [GC (Allocation Failure) [PSYoungGen: 325218K->94864K(509952K)] 532203K->301849K(1908224K), 0.1750324 secs] [Times: user=0.95 sys=0.00, real=0.17 secs] 
4383.818: [GC (Allocation Failure) [PSYoungGen: 415376K->152608K(473600K)] 622361K->450854K(1871872K), 0.0635937 secs] [Times: user=0.38 sys=0.01, real=0.06 secs] 
4388.089: [GC (Allocation Failure) [PSYoungGen: 473120K->94176K(506880K)] 771366K->544918K(1905152K), 0.1496147 secs] [Times: user=0.89 sys=0.01, real=0.15 secs] 
4388.708: [GC (Allocation Failure) [PSYoungGen: 408032K->152640K(466944K)] 858774K->692184K(1865216K), 0.0545607 secs] [Times: user=0.32 sys=0.00, real=0.05 secs] 
4392.658: [GC (Allocation Failure) [PSYoungGen: 466496K->95200K(504832K)] 1006040K->787196K(1903104K), 0.1669702 secs] [Times: user=0.99 sys=0.01, real=0.17 secs] 
4393.262: [GC (Allocation Failure) [PSYoungGen: 403936K->150576K(459776K)] 1095932K->927657K(1858048K), 0.0525895 secs] [Times: user=0.31 sys=0.00, real=0.06 secs] 
4396.699: [GC (Allocation Failure) [PSYoungGen: 458542K->90416K(502784K)] 1235623K->1017770K(1901056K), 0.1414420 secs] [Times: user=0.83 sys=0.01, real=0.14 secs] 
4398.155: [GC (Allocation Failure) [PSYoungGen: 390066K->138448K(444416K)] 1317419K->1152542K(1842688K), 0.0507205 secs] [Times: user=0.29 sys=0.00, real=0.05 secs] 
4401.162: [GC (Allocation Failure) [PSYoungGen: 444112K->99872K(502784K)] 1458206K->1243566K(1901056K), 0.0756023 secs] [Times: user=0.45 sys=0.00, real=0.08 secs] 
4402.760: [GC (Allocation Failure) [PSYoungGen: 408096K->142880K(500224K)] 1551790K->1383094K(1898496K), 0.0500993 secs] [Times: user=0.29 sys=0.00, real=0.05 secs] 
4402.810: [Full GC (Ergonomics) [PSYoungGen: 142880K->0K(500224K)] [ParOldGen: 1240214K->189461K(1398272K)] 1383094K->189461K(1898496K), [Metaspace: 60488K->60488K(1105920K)], 0.4512207 secs] [Times: user=2.10 sys=0.00, real=0.45 secs] 
4404.860: [GC (Allocation Failure) [PSYoungGen: 308224K->101936K(502784K)] 497685K->291398K(1901056K), 0.0318276 secs] [Times: user=0.19 sys=0.00, real=0.03 secs] 
4406.540: [GC (Allocation Failure) [PSYoungGen: 416304K->148992K(503808K)] 605766K->436866K(1902080K), 0.0504841 secs] [Times: user=0.30 sys=0.00, real=0.05 secs] 
4408.906: [GC (Allocation Failure) [PSYoungGen: 463360K->103424K(505856K)] 751234K->531698K(1904128K), 0.1337485 secs] [Times: user=0.80 sys=0.00, real=0.13 secs] 
4410.951: [GC (Allocation Failure) [PSYoungGen: 419840K->147792K(505856K)] 848114K->676476K(1904128K), 0.0830114 secs] [Times: user=0.49 sys=0.00, real=0.09 secs] 
4413.248: [GC (Allocation Failure) [PSYoungGen: 464208K->102000K(506368K)] 992892K->770048K(1904640K), 0.0956531 secs] [Times: user=0.57 sys=0.00, real=0.10 secs] 
4414.980: [GC (Allocation Failure) [PSYoungGen: 418928K->150208K(467456K)] 1086976K->916884K(1865728K), 0.0804389 secs] [Times: user=0.48 sys=0.00, real=0.08 secs] 
4417.807: [GC (Allocation Failure) [PSYoungGen: 467136K->104704K(508928K)] 1233812K->1013180K(1907200K), 0.1003387 secs] [Times: user=0.60 sys=0.00, real=0.10 secs] 
4420.412: [GC (Allocation Failure) [PSYoungGen: 420608K->148176K(505856K)] 1329084K->1157182K(1904128K), 0.0527589 secs] [Times: user=0.31 sys=0.00, real=0.06 secs] 
4422.514: [GC (Allocation Failure) [PSYoungGen: 464080K->104768K(505344K)] 1473086K->1253409K(1903616K), 0.1054766 secs] [Times: user=0.63 sys=0.00, real=0.10 secs] 
4424.580: [GC (Allocation Failure) [PSYoungGen: 421184K->148352K(505856K)] 1569825K->1397690K(1904128K), 0.1046422 secs] [Times: user=0.62 sys=0.00, real=0.11 secs] 
4424.685: [Full GC (Ergonomics) [PSYoungGen: 148352K->0K(505856K)] [ParOldGen: 1249338K->195695K(1398272K)] 1397690K->195695K(1904128K), [Metaspace: 60488K->60488K(1105920K)], 0.5067708 secs] [Times: user=2.40 sys=0.00, real=0.50 secs] 
4427.250: [GC (Allocation Failure) [PSYoungGen: 316416K->103584K(506880K)] 512111K->299280K(1905152K), 0.0589238 secs] [Times: user=0.34 sys=0.00, real=0.06 secs] 
4428.570: [GC (Allocation Failure) [PSYoungGen: 421024K->145408K(506880K)] 616720K->441220K(1905152K), 0.0726645 secs] [Times: user=0.43 sys=0.00, real=0.07 secs] 
4432.457: [GC (Allocation Failure) [PSYoungGen: 462848K->104320K(505344K)] 758660K->536836K(1903616K), 0.1669245 secs] [Times: user=1.00 sys=0.00, real=0.17 secs] 
4434.748: [GC (Allocation Failure) [PSYoungGen: 423296K->150048K(506880K)] 855812K->682513K(1905152K), 0.0509805 secs] [Times: user=0.30 sys=0.00, real=0.05 secs] 
4437.587: [GC (Allocation Failure) [PSYoungGen: 469024K->104720K(507904K)] 1001489K->778638K(1906176K), 0.1623996 secs] [Times: user=0.96 sys=0.00, real=0.16 secs] 
4439.155: [GC (Allocation Failure) [PSYoungGen: 420677K->145968K(507392K)] 1094595K->920851K(1905664K), 0.0511282 secs] [Times: user=0.30 sys=0.00, real=0.05 secs] 
4441.849: [GC (Allocation Failure) [PSYoungGen: 464944K->105408K(506880K)] 1239827K->1017514K(1905152K), 0.1286072 secs] [Times: user=0.76 sys=0.00, real=0.13 secs] 
4443.401: [GC (Allocation Failure) [PSYoungGen: 422430K->145424K(507904K)] 1334536K->1159496K(1906176K), 0.0511286 secs] [Times: user=0.31 sys=0.00, real=0.05 secs] 
4447.186: [GC (Allocation Failure) [PSYoungGen: 465936K->106368K(506880K)] 1480008K->1257063K(1905152K), 0.1404917 secs] [Times: user=0.83 sys=0.00, real=0.14 secs] 
4449.045: [GC (Allocation Failure) [PSYoungGen: 420123K->144384K(508416K)] 1570818K->1397312K(1906688K), 0.1485227 secs] [Times: user=0.88 sys=0.01, real=0.15 secs] 
4449.194: [Full GC (Ergonomics) [PSYoungGen: 144384K->0K(508416K)] [ParOldGen: 1252928K->197096K(1398272K)] 1397312K->197096K(1906688K), [Metaspace: 60495K->60495K(1105920K)], 0.5402936 secs] [Times: user=2.59 sys=0.00, real=0.54 secs] 
4452.914: [GC (Allocation Failure) [PSYoungGen: 322560K->105440K(509440K)] 519656K->302536K(1907712K), 0.0813691 secs] [Times: user=0.47 sys=0.00, real=0.08 secs] 
4454.162: [GC (Allocation Failure) [PSYoungGen: 415772K->145392K(510464K)] 612869K->443950K(1908736K), 0.0832884 secs] [Times: user=0.49 sys=0.00, real=0.09 secs] 
4457.055: [GC (GCLocker Initiated GC) [PSYoungGen: 471024K->109360K(509440K)] 769598K->544806K(1907712K), 0.1560528 secs] [Times: user=0.92 sys=0.01, real=0.15 secs] 
4458.380: [GC (Allocation Failure) [PSYoungGen: 437040K->152672K(510976K)] 872538K->693610K(1909248K), 0.0529851 secs] [Times: user=0.31 sys=0.00, real=0.05 secs] 
4461.697: [GC (Allocation Failure) [PSYoungGen: 480352K->102496K(512512K)] 1021290K->795242K(1910784K), 0.1567040 secs] [Times: user=0.93 sys=0.01, real=0.15 secs] 
4462.412: [GC (Allocation Failure) [PSYoungGen: 427104K->156352K(481280K)] 1119850K->945671K(1879552K), 0.0571829 secs] [Times: user=0.34 sys=0.00, real=0.06 secs] 
4465.177: [GC (Allocation Failure) [PSYoungGen: 480960K->98464K(508416K)] 1270279K->1043495K(1906688K), 0.1497719 secs] [Times: user=0.85 sys=0.00, real=0.15 secs] 
4466.266: [GC (Allocation Failure) [PSYoungGen: 415392K->153264K(470528K)] 1360423K->1190348K(1868800K), 0.1395726 secs] [Times: user=0.83 sys=0.00, real=0.14 secs] 
4469.307: [GC (Allocation Failure) [PSYoungGen: 470192K->93296K(505344K)] 1507278K->1283498K(1903616K), 0.1508312 secs] [Times: user=0.90 sys=0.00, real=0.15 secs] 
4470.717: [GC (Allocation Failure) [PSYoungGen: 404080K->147232K(458240K)] 1594282K->1424926K(1856512K), 0.1515071 secs] [Times: user=0.91 sys=0.00, real=0.15 secs] 
4470.868: [Full GC (Ergonomics) [PSYoungGen: 147232K->0K(458240K)] [ParOldGen: 1277694K->224260K(1398272K)] 1424926K->224260K(1856512K), [Metaspace: 60495K->60495K(1105920K)], 0.5801198 secs] [Times: user=2.77 sys=0.00, real=0.58 secs] 
4474.568: [GC (Allocation Failure) [PSYoungGen: 310784K->88288K(503808K)] 535044K->312548K(1902080K), 0.1064663 secs] [Times: user=0.62 sys=0.00, real=0.11 secs] 
4474.973: [GC (Allocation Failure) [PSYoungGen: 397024K->150912K(459776K)] 621284K->457181K(1858048K), 0.0534329 secs] [Times: user=0.31 sys=0.00, real=0.06 secs] 
4478.476: [GC (Allocation Failure) [PSYoungGen: 459648K->89856K(501760K)] 765917K->546741K(1900032K), 0.1664912 secs] [Times: user=0.99 sys=0.00, real=0.16 secs] 
4479.197: [GC (Allocation Failure) [PSYoungGen: 393472K->146912K(450560K)] 850357K->687502K(1848832K), 0.0533137 secs] [Times: user=0.31 sys=0.00, real=0.05 secs] 
4484.002: [GC (Allocation Failure) [PSYoungGen: 450528K->85472K(500736K)] 991118K->772718K(1899008K), 0.1723091 secs] [Times: user=1.02 sys=0.01, real=0.18 secs] 
4485.285: [GC (Allocation Failure) [PSYoungGen: 387552K->142112K(500224K)] 1074798K->910955K(1898496K), 0.0501220 secs] [Times: user=0.30 sys=0.00, real=0.05 secs] 
4487.490: [GC (Allocation Failure) [PSYoungGen: 444192K->98752K(494080K)] 1213035K->1001371K(1892352K), 0.0631842 secs] [Times: user=0.38 sys=0.00, real=0.06 secs] 
4489.894: [GC (Allocation Failure) [PSYoungGen: 401344K->139680K(497152K)] 1303963K->1137284K(1895424K), 0.0490270 secs] [Times: user=0.29 sys=0.00, real=0.04 secs] 
4492.547: [GC (Allocation Failure) [PSYoungGen: 442272K->98032K(498176K)] 1439876K->1226461K(1896448K), 0.0755050 secs] [Times: user=0.45 sys=0.00, real=0.07 secs] 
4495.083: [GC (Allocation Failure) [PSYoungGen: 407792K->142160K(501248K)] 1536221K->1365961K(1899520K), 0.0506396 secs] [Times: user=0.29 sys=0.00, real=0.05 secs] 
4495.133: [Full GC (Ergonomics) [PSYoungGen: 142160K->0K(501248K)] [ParOldGen: 1223801K->174571K(1398272K)] 1365961K->174571K(1899520K), [Metaspace: 60502K->60502K(1105920K)], 0.4181561 secs] [Times: user=1.95 sys=0.00, real=0.42 secs] 
4498.416: [GC (Allocation Failure) [PSYoungGen: 309760K->101088K(501248K)] 484331K->275659K(1899520K), 0.0371000 secs] [Times: user=0.20 sys=0.01, real=0.03 secs] 
4500.485: [GC (Allocation Failure) [PSYoungGen: 415968K->143104K(503808K)] 590539K->416819K(1902080K), 0.0514883 secs] [Times: user=0.31 sys=0.00, real=0.05 secs] 
4503.122: [GC (Allocation Failure) [PSYoungGen: 457984K->109376K(502784K)] 731699K->517176K(1901056K), 0.0640020 secs] [Times: user=0.38 sys=0.01, real=0.07 secs] 
4504.927: [GC (Allocation Failure) [PSYoungGen: 428352K->145792K(505344K)] 836152K->660060K(1903616K), 0.0549724 secs] [Times: user=0.33 sys=0.00, real=0.05 secs] 
4507.204: [GC (Allocation Failure) [PSYoungGen: 464768K->107456K(506880K)] 979036K->758076K(1905152K), 0.0663142 secs] [Times: user=0.39 sys=0.00, real=0.06 secs] 
4508.413: [GC (Allocation Failure) [PSYoungGen: 431040K->151424K(508416K)] 1081660K->907853K(1906688K), 0.0552153 secs] [Times: user=0.33 sys=0.00, real=0.06 secs] 
4510.279: [GC (Allocation Failure) [PSYoungGen: 475008K->106960K(510976K)] 1231437K->1006346K(1909248K), 0.0813041 secs] [Times: user=0.49 sys=0.00, real=0.08 secs] 
4512.404: [GC (Allocation Failure) [PSYoungGen: 430032K->152384K(475648K)] 1329418K->1154898K(1873920K), 0.0535574 secs] [Times: user=0.32 sys=0.00, real=0.05 secs] 
4515.032: [GC (Allocation Failure) [PSYoungGen: 475456K->106880K(511488K)] 1477970K->1253262K(1909760K), 0.1498672 secs] [Times: user=0.89 sys=0.00, real=0.15 secs] 
4517.301: [GC (Allocation Failure) [PSYoungGen: 427392K->146688K(507904K)] 1573774K->1396331K(1906176K), 0.1002915 secs] [Times: user=0.58 sys=0.01, real=0.10 secs] 
4517.401: [Full GC (Ergonomics) [PSYoungGen: 146688K->0K(507904K)] [ParOldGen: 1249643K->193485K(1398272K)] 1396331K->193485K(1906176K), [Metaspace: 60502K->60502K(1105920K)], 0.4890267 secs] [Times: user=2.31 sys=0.00, real=0.49 secs] 
4520.180: [GC (Allocation Failure) [PSYoungGen: 320512K->104192K(508416K)] 513997K->297678K(1906688K), 0.0538892 secs] [Times: user=0.32 sys=0.00, real=0.06 secs] 
4522.090: [GC (Allocation Failure) [PSYoungGen: 426240K->150496K(472576K)] 619726K->444630K(1870848K), 0.0512932 secs] [Times: user=0.31 sys=0.00, real=0.05 secs] 
4524.489: [GC (Allocation Failure) [PSYoungGen: 472544K->108192K(511488K)] 766678K->544062K(1909760K), 0.1738839 secs] [Times: user=1.03 sys=0.01, real=0.17 secs] 
4525.811: [GC (Allocation Failure) [PSYoungGen: 415130K->142848K(508416K)] 851001K->683271K(1906688K), 0.0506110 secs] [Times: user=0.30 sys=0.00, real=0.05 secs] 
4530.188: [GC (Allocation Failure) [PSYoungGen: 463872K->103936K(508928K)] 1004295K->778299K(1907200K), 0.1482787 secs] [Times: user=0.88 sys=0.01, real=0.15 secs] 
4531.384: [GC (Allocation Failure) [PSYoungGen: 415152K->146272K(508928K)] 1089516K->921368K(1907200K), 0.0508116 secs] [Times: user=0.30 sys=0.01, real=0.05 secs] 
4534.511: [GC (Allocation Failure) [PSYoungGen: 469856K->106016K(510464K)] 1244952K->1018712K(1908736K), 0.1671851 secs] [Times: user=1.00 sys=0.00, real=0.17 secs] 
4535.813: [GC (Allocation Failure) [PSYoungGen: 417008K->145392K(510976K)] 1329705K->1159874K(1909248K), 0.0510505 secs] [Times: user=0.31 sys=0.00, real=0.06 secs] 
4539.228: [GC (Allocation Failure) [PSYoungGen: 471536K->103616K(512000K)] 1486018K->1254477K(1910272K), 0.1082006 secs] [Times: user=0.64 sys=0.00, real=0.11 secs] 
4541.477: [GC (Allocation Failure) [PSYoungGen: 416562K->147264K(512000K)] 1567424K->1397782K(1910272K), 0.0861037 secs] [Times: user=0.52 sys=0.00, real=0.08 secs] 
4541.563: [Full GC (Ergonomics) [PSYoungGen: 147264K->0K(512000K)] [ParOldGen: 1250518K->197037K(1398272K)] 1397782K->197037K(1910272K), [Metaspace: 60502K->60502K(1105920K)], 0.5007976 secs] [Times: user=2.34 sys=0.01, real=0.51 secs] 
4544.932: [GC (Allocation Failure) [PSYoungGen: 327168K->106976K(510976K)] 524205K->304013K(1909248K), 0.1001364 secs] [Times: user=0.59 sys=0.01, real=0.10 secs] 
4546.579: [GC (Allocation Failure) [PSYoungGen: 434144K->154656K(482304K)] 631181K->454270K(1880576K), 0.0521883 secs] [Times: user=0.31 sys=0.00, real=0.05 secs] 
4550.172: [GC (Allocation Failure) [PSYoungGen: 481824K->99872K(510976K)] 781438K->553822K(1909248K), 0.1718943 secs] [Times: user=1.02 sys=0.00, real=0.18 secs] 
4551.339: [GC (Allocation Failure) [PSYoungGen: 421408K->155168K(477184K)] 875358K->702773K(1875456K), 0.0613741 secs] [Times: user=0.36 sys=0.00, real=0.06 secs] 
4555.361: [GC (Allocation Failure) [PSYoungGen: 476704K->96864K(506880K)] 1024309K->799397K(1905152K), 0.1789855 secs] [Times: user=1.07 sys=0.00, real=0.18 secs] 
4556.854: [GC (Allocation Failure) [PSYoungGen: 410720K->151728K(465920K)] 1113253K->944687K(1864192K), 0.1300609 secs] [Times: user=0.77 sys=0.01, real=0.13 secs] 
4560.620: [GC (GCLocker Initiated GC) [PSYoungGen: 465584K->88832K(503808K)] 1258544K->1033143K(1902080K), 0.1510551 secs] [Times: user=0.90 sys=0.00, real=0.15 secs] 
4561.205: [GC (Allocation Failure) [PSYoungGen: 397568K->148224K(457216K)] 1341881K->1175126K(1855488K), 0.0535638 secs] [Times: user=0.32 sys=0.00, real=0.05 secs] 
4564.407: [GC (Allocation Failure) [PSYoungGen: 456792K->89312K(502784K)] 1483695K->1264254K(1901056K), 0.1709062 secs] [Times: user=1.02 sys=0.01, real=0.17 secs] 
4565.714: [GC (Allocation Failure) [PSYoungGen: 382400K->138384K(444416K)] 1557343K->1398316K(1842688K), 0.0509492 secs] [Times: user=0.30 sys=0.00, real=0.05 secs] 
4565.765: [Full GC (Ergonomics) [PSYoungGen: 138384K->0K(444416K)] [ParOldGen: 1259931K->197515K(1398272K)] 1398316K->197515K(1842688K), [Metaspace: 60502K->60502K(1105920K)], 0.4729184 secs] [Times: user=2.20 sys=0.00, real=0.47 secs] 
4567.746: [GC (Allocation Failure) [PSYoungGen: 305664K->104976K(503808K)] 503179K->302492K(1902080K), 0.0725477 secs] [Times: user=0.43 sys=0.00, real=0.07 secs] 
4568.847: [GC (Allocation Failure) [PSYoungGen: 414224K->145664K(500224K)] 611740K->443192K(1898496K), 0.1326457 secs] [Times: user=0.78 sys=0.00, real=0.13 secs] 
4570.823: [GC (Allocation Failure) [PSYoungGen: 454912K->98640K(505856K)] 752440K->533541K(1904128K), 0.0672509 secs] [Times: user=0.40 sys=0.00, real=0.07 secs] 
4573.519: [GC (Allocation Failure) [PSYoungGen: 414032K->148960K(464384K)] 848933K->679037K(1862656K), 0.0882502 secs] [Times: user=0.52 sys=0.00, real=0.09 secs] 
4574.964: [GC (Allocation Failure) [PSYoungGen: 464352K->104768K(508928K)] 994429K->775341K(1907200K), 0.0927019 secs] [Times: user=0.55 sys=0.00, real=0.09 secs] 
4577.209: [GC (Allocation Failure) [PSYoungGen: 420160K->146544K(505344K)] 1090733K->918486K(1903616K), 0.0563896 secs] [Times: user=0.33 sys=0.01, real=0.06 secs] 
4579.706: [GC (Allocation Failure) [PSYoungGen: 461936K->103248K(505856K)] 1233878K->1013294K(1904128K), 0.0646854 secs] [Times: user=0.38 sys=0.00, real=0.06 secs] 
4581.984: [GC (Allocation Failure) [PSYoungGen: 420176K->148640K(506368K)] 1330222K->1158242K(1904640K), 0.0516572 secs] [Times: user=0.30 sys=0.01, real=0.05 secs] 
4584.028: [GC (Allocation Failure) [PSYoungGen: 465568K->104000K(505856K)] 1475170K->1253594K(1904128K), 0.1726971 secs] [Times: user=1.03 sys=0.01, real=0.17 secs] 
4586.246: [GC (Allocation Failure) [PSYoungGen: 421440K->147872K(506368K)] 1571034K->1397795K(1904640K), 0.0512761 secs] [Times: user=0.31 sys=0.00, real=0.05 secs] 
4586.297: [Full GC (Ergonomics) [PSYoungGen: 147872K->0K(506368K)] [ParOldGen: 1249923K->196509K(1398272K)] 1397795K->196509K(1904640K), [Metaspace: 60504K->60504K(1105920K)], 0.4706274 secs] [Times: user=2.18 sys=0.00, real=0.47 secs] 
4589.794: [GC (Allocation Failure) [PSYoungGen: 317440K->104032K(507392K)] 513949K->300541K(1905664K), 0.0873478 secs] [Times: user=0.51 sys=0.00, real=0.08 secs] 
4591.051: [GC (Allocation Failure) [PSYoungGen: 415003K->147264K(507392K)] 611513K->444510K(1905664K), 0.0615368 secs] [Times: user=0.36 sys=0.00, real=0.06 secs] 
4594.384: [GC (Allocation Failure) [PSYoungGen: 465728K->102912K(506880K)] 762974K->538998K(1905152K), 0.1614207 secs] [Times: user=0.96 sys=0.00, real=0.16 secs] 
4596.674: [GC (Allocation Failure) [PSYoungGen: 421685K->147952K(507392K)] 857771K->683235K(1905664K), 0.0505501 secs] [Times: user=0.29 sys=0.00, real=0.05 secs] 
4598.981: [GC (Allocation Failure) [PSYoungGen: 466928K->105184K(506880K)] 1002211K->779635K(1905152K), 0.1481265 secs] [Times: user=0.79 sys=0.01, real=0.15 secs] 
4600.360: [GC (Allocation Failure) [PSYoungGen: 415381K->145840K(507392K)] 1089833K->920992K(1905664K), 0.0507221 secs] [Times: user=0.30 sys=0.01, real=0.05 secs] 
4602.396: [GC (Allocation Failure) [PSYoungGen: 465328K->108528K(505856K)] 1240480K->1021104K(1904128K), 0.0876769 secs] [Times: user=0.52 sys=0.00, real=0.09 secs] 
4603.247: [GC (Allocation Failure) [PSYoungGen: 415094K->142448K(507392K)] 1327670K->1159813K(1905664K), 0.0520898 secs] [Times: user=0.31 sys=0.00, real=0.05 secs] 
4605.830: [GC (Allocation Failure) [PSYoungGen: 463472K->109328K(506880K)] 1480837K->1260189K(1905152K), 0.1311381 secs] [Times: user=0.78 sys=0.00, real=0.13 secs] 
4606.596: [GC (Allocation Failure) [PSYoungGen: 434960K->152672K(509440K)] 1585821K->1409233K(1907712K), 0.0964665 secs] [Times: user=0.57 sys=0.01, real=0.09 secs] 
4606.693: [Full GC (Ergonomics) [PSYoungGen: 152672K->0K(509440K)] [ParOldGen: 1256561K->208464K(1398272K)] 1409233K->208464K(1907712K), [Metaspace: 60504K->60504K(1105920K)], 0.5133275 secs] [Times: user=2.42 sys=0.00, real=0.52 secs] 
4612.024: [GC (Allocation Failure) [PSYoungGen: 325632K->93552K(510976K)] 534096K->302016K(1909248K), 0.1394956 secs] [Times: user=0.83 sys=0.00, real=0.13 secs] 
4613.907: [GC (Allocation Failure) [PSYoungGen: 416112K->152720K(475648K)] 624576K->450562K(1873920K), 0.1212948 secs] [Times: user=0.72 sys=0.00, real=0.12 secs] 
4617.540: [GC (Allocation Failure) [PSYoungGen: 475280K->96768K(507904K)] 773122K->547009K(1906176K), 0.1333627 secs] [Times: user=0.78 sys=0.01, real=0.14 secs] 
4618.079: [GC (Allocation Failure) [PSYoungGen: 412672K->151712K(467968K)] 862913K->692618K(1866240K), 0.0561521 secs] [Times: user=0.32 sys=0.01, real=0.06 secs] 
4621.608: [GC (Allocation Failure) [PSYoungGen: 467616K->92640K(505344K)] 1008522K->784546K(1903616K), 0.1721718 secs] [Times: user=1.03 sys=0.00, real=0.17 secs] 
4622.231: [GC (Allocation Failure) [PSYoungGen: 403424K->151504K(462336K)] 1095330K->930240K(1860608K), 0.0539764 secs] [Times: user=0.32 sys=0.01, real=0.06 secs] 
4624.559: [GC (Allocation Failure) [PSYoungGen: 462288K->94992K(503808K)] 1241024K->1024948K(1902080K), 0.1558105 secs] [Times: user=0.92 sys=0.00, real=0.16 secs] 
4625.471: [GC (Allocation Failure) [PSYoungGen: 401680K->148288K(501760K)] 1331636K->1167496K(1900032K), 0.0537651 secs] [Times: user=0.32 sys=0.00, real=0.06 secs] 
4628.865: [GC (Allocation Failure) [PSYoungGen: 454976K->88272K(502272K)] 1474184K->1255545K(1900544K), 0.1696689 secs] [Times: user=1.01 sys=0.00, real=0.17 secs] 
4629.675: [GC (Allocation Failure) [PSYoungGen: 385616K->139568K(444928K)] 1552889K->1390853K(1843200K), 0.0495901 secs] [Times: user=0.29 sys=0.01, real=0.05 secs] 
4629.725: [Full GC (Ergonomics) [PSYoungGen: 139568K->0K(444928K)] [ParOldGen: 1251285K->197327K(1398272K)] 1390853K->197327K(1843200K), [Metaspace: 60504K->60504K(1105920K)], 0.4568112 secs] [Times: user=2.02 sys=0.00, real=0.45 secs] 
4631.252: [GC (Allocation Failure) [PSYoungGen: 305152K->100384K(503808K)] 502479K->297711K(1902080K), 0.0313386 secs] [Times: user=0.19 sys=0.01, real=0.03 secs] 
4633.514: [GC (Allocation Failure) [PSYoungGen: 408608K->143280K(500736K)] 605935K->437376K(1899008K), 0.0484511 secs] [Times: user=0.28 sys=0.00, real=0.04 secs] 
4635.703: [GC (Allocation Failure) [PSYoungGen: 451504K->104064K(501248K)] 745600K->532575K(1899520K), 0.0727796 secs] [Times: user=0.42 sys=0.00, real=0.08 secs] 
4638.334: [GC (Allocation Failure) [PSYoungGen: 416896K->143424K(502784K)] 845407K->672864K(1901056K), 0.0516961 secs] [Times: user=0.31 sys=0.00, real=0.05 secs] 
4640.139: [GC (Allocation Failure) [PSYoungGen: 456256K->105024K(502784K)] 985696K->769040K(1901056K), 0.0669693 secs] [Times: user=0.40 sys=0.01, real=0.07 secs] 
4641.956: [GC (Allocation Failure) [PSYoungGen: 422976K->147616K(505344K)] 1086992K->913533K(1903616K), 0.0533763 secs] [Times: user=0.32 sys=0.00, real=0.05 secs] 
4644.191: [GC (Allocation Failure) [PSYoungGen: 465568K->105120K(508416K)] 1231485K->1010037K(1906688K), 0.0664551 secs] [Times: user=0.39 sys=0.00, real=0.07 secs] 
4646.304: [GC (Allocation Failure) [PSYoungGen: 426144K->148448K(508416K)] 1331061K->1154922K(1906688K), 0.0524119 secs] [Times: user=0.31 sys=0.00, real=0.05 secs] 
4649.516: [GC (Allocation Failure) [PSYoungGen: 469472K->104832K(508416K)] 1475946K->1250510K(1906688K), 0.0666745 secs] [Times: user=0.40 sys=0.00, real=0.06 secs] 
4650.604: [GC (Allocation Failure) [PSYoungGen: 425065K->150048K(471552K)] 1570744K->1397435K(1869824K), 0.0772593 secs] [Times: user=0.45 sys=0.00, real=0.07 secs] 
4650.682: [Full GC (Ergonomics) [PSYoungGen: 150048K->0K(471552K)] [ParOldGen: 1247387K->197659K(1398272K)] 1397435K->197659K(1869824K), [Metaspace: 60505K->60505K(1105920K)], 0.4815907 secs] [Times: user=2.24 sys=0.01, real=0.48 secs] 
4653.888: [GC (Allocation Failure) [PSYoungGen: 321024K->106368K(510976K)] 518683K->304027K(1909248K), 0.0981995 secs] [Times: user=0.58 sys=0.00, real=0.10 secs] 
4655.538: [GC (Allocation Failure) [PSYoungGen: 418528K->145024K(507904K)] 616188K->444920K(1906176K), 0.1407891 secs] [Times: user=0.84 sys=0.00, real=0.14 secs] 
4658.404: [GC (Allocation Failure) [PSYoungGen: 465024K->107296K(505344K)] 764920K->543340K(1903616K), 0.0918986 secs] [Times: user=0.54 sys=0.01, real=0.09 secs] 
4660.228: [GC (Allocation Failure) [PSYoungGen: 421202K->144256K(507392K)] 857247K->683801K(1905664K), 0.1157950 secs] [Times: user=0.68 sys=0.00, real=0.11 secs] 
4662.343: [GC (Allocation Failure) [PSYoungGen: 465792K->106528K(509440K)] 1005337K->781073K(1907712K), 0.0838069 secs] [Times: user=0.49 sys=0.01, real=0.09 secs] 
4663.352: [GC (Allocation Failure) [PSYoungGen: 432160K->154336K(480256K)] 1106705K->931534K(1878528K), 0.0526126 secs] [Times: user=0.31 sys=0.00, real=0.06 secs] 
4666.476: [GC (Allocation Failure) [PSYoungGen: 479968K->99856K(510976K)] 1257166K->1031214K(1909248K), 0.1706805 secs] [Times: user=1.02 sys=0.00, real=0.17 secs] 
4667.270: [GC (Allocation Failure) [PSYoungGen: 420880K->155520K(476672K)] 1352238K->1180823K(1874944K), 0.0572729 secs] [Times: user=0.33 sys=0.01, real=0.06 secs] 
4670.527: [GC (Allocation Failure) [PSYoungGen: 476544K->94592K(506368K)] 1501847K->1274911K(1904640K), 0.1617962 secs] [Times: user=0.97 sys=0.00, real=0.16 secs] 
4671.733: [GC (Allocation Failure) [PSYoungGen: 407424K->152448K(465408K)] 1587743K->1420839K(1863680K), 0.0550394 secs] [Times: user=0.33 sys=0.00, real=0.06 secs] 
4671.788: [Full GC (Ergonomics) [PSYoungGen: 152448K->0K(465408K)] [ParOldGen: 1268391K->219479K(1398272K)] 1420839K->219479K(1863680K), [Metaspace: 60505K->60505K(1105920K)], 0.5169607 secs] [Times: user=2.42 sys=0.00, real=0.52 secs] 
4675.655: [GC (Allocation Failure) [PSYoungGen: 312832K->88192K(503296K)] 532311K->307671K(1901568K), 0.1134816 secs] [Times: user=0.66 sys=0.01, real=0.11 secs] 
4676.821: [GC (Allocation Failure) [PSYoungGen: 395392K->149024K(456704K)] 614871K->450001K(1854976K), 0.0521964 secs] [Times: user=0.31 sys=0.00, real=0.05 secs] 
4679.274: [GC (Allocation Failure) [PSYoungGen: 453704K->89936K(501760K)] 754681K->539617K(1900032K), 0.1658028 secs] [Times: user=0.98 sys=0.00, real=0.16 secs] 
4681.781: [GC (Allocation Failure) [PSYoungGen: 389622K->137984K(441856K)] 839303K->673641K(1840128K), 0.1312608 secs] [Times: user=0.77 sys=0.01, real=0.13 secs] 
4683.687: [GC (Allocation Failure) [PSYoungGen: 441600K->97952K(502272K)] 977257K->763217K(1900544K), 0.0807990 secs] [Times: user=0.48 sys=0.01, real=0.08 secs] 
4685.108: [GC (Allocation Failure) [PSYoungGen: 404640K->143296K(499200K)] 1069905K->903490K(1897472K), 0.0767708 secs] [Times: user=0.45 sys=0.01, real=0.08 secs] 
4686.939: [GC (Allocation Failure) [PSYoungGen: 449984K->101280K(502272K)] 1210178K->996282K(1900544K), 0.0854107 secs] [Times: user=0.51 sys=0.00, real=0.09 secs] 
4688.754: [GC (Allocation Failure) [PSYoungGen: 414112K->145040K(503296K)] 1309114K->1137988K(1901568K), 0.0518204 secs] [Times: user=0.31 sys=0.00, real=0.05 secs] 
4690.511: [GC (Allocation Failure) [PSYoungGen: 457872K->106496K(502272K)] 1450820K->1235747K(1900544K), 0.0672349 secs] [Times: user=0.40 sys=0.00, real=0.07 secs] 
4691.327: [GC (Allocation Failure) [PSYoungGen: 422400K->149664K(504320K)] 1551651K->1381944K(1902592K), 0.0535826 secs] [Times: user=0.32 sys=0.00, real=0.05 secs] 
4691.380: [Full GC (Ergonomics) [PSYoungGen: 149664K->0K(504320K)] [ParOldGen: 1232280K->190317K(1398272K)] 1381944K->190317K(1902592K), [Metaspace: 60507K->60507K(1105920K)], 0.4631009 secs] [Times: user=2.07 sys=0.00, real=0.46 secs] 
4695.116: [GC (Allocation Failure) [PSYoungGen: 315904K->102736K(507392K)] 506221K->293053K(1905664K), 0.0318569 secs] [Times: user=0.19 sys=0.00, real=0.03 secs] 
4696.343: [GC (Allocation Failure) [PSYoungGen: 420688K->149328K(467456K)] 611005K->439098K(1865728K), 0.0510769 secs] [Times: user=0.30 sys=0.00, real=0.06 secs] 
4698.176: [GC (Allocation Failure) [PSYoungGen: 467280K->104784K(509952K)] 757050K->534418K(1908224K), 0.0940599 secs] [Times: user=0.56 sys=0.01, real=0.09 secs] 
4699.436: [GC (Allocation Failure) [PSYoungGen: 422224K->150752K(468480K)] 851858K->682214K(1866752K), 0.0741358 secs] [Times: user=0.44 sys=0.00, real=0.07 secs] 
4702.469: [GC (Allocation Failure) [PSYoungGen: 468192K->104256K(508928K)] 999654K->778054K(1907200K), 0.1725055 secs] [Times: user=1.03 sys=0.00, real=0.17 secs] 
4705.152: [GC (Allocation Failure) [PSYoungGen: 419938K->147184K(505856K)] 1093737K->921388K(1904128K), 0.0510271 secs] [Times: user=0.30 sys=0.00, real=0.05 secs] 
4706.729: [GC (Allocation Failure) [PSYoungGen: 463088K->103328K(505856K)] 1237292K->1015763K(1904128K), 0.1162925 secs] [Times: user=0.69 sys=0.00, real=0.12 secs] 
4707.813: [GC (Allocation Failure) [PSYoungGen: 420256K->148944K(506368K)] 1332691K->1160666K(1904640K), 0.0512079 secs] [Times: user=0.31 sys=0.00, real=0.06 secs] 
4710.964: [GC (Allocation Failure) [PSYoungGen: 465872K->105632K(505856K)] 1477594K->1257117K(1904128K), 0.1093128 secs] [Times: user=0.65 sys=0.00, real=0.10 secs] 
4711.593: [GC (Allocation Failure) [PSYoungGen: 415530K->145168K(506368K)] 1567015K->1398554K(1904640K), 0.0524178 secs] [Times: user=0.31 sys=0.00, real=0.06 secs] 
4711.645: [Full GC (Ergonomics) [PSYoungGen: 145168K->0K(506368K)] [ParOldGen: 1253386K->197497K(1398272K)] 1398554K->197497K(1904640K), [Metaspace: 60526K->60526K(1105920K)], 0.4758657 secs] [Times: user=2.18 sys=0.00, real=0.47 secs] 
4715.736: [GC (Allocation Failure) [PSYoungGen: 317440K->101952K(506368K)] 514937K->299449K(1904640K), 0.0467503 secs] [Times: user=0.28 sys=0.00, real=0.04 secs] 
4718.409: [GC (Allocation Failure) [PSYoungGen: 421440K->149312K(507392K)] 618937K->445210K(1905664K), 0.0497042 secs] [Times: user=0.29 sys=0.00, real=0.05 secs] 
4721.980: [GC (Allocation Failure) [PSYoungGen: 468800K->102416K(508928K)] 764698K->538739K(1907200K), 0.1769353 secs] [Times: user=1.05 sys=0.00, real=0.18 secs] 
4723.576: [GC (Allocation Failure) [PSYoungGen: 418312K->148192K(507904K)] 854635K->683315K(1906176K), 0.0505666 secs] [Times: user=0.30 sys=0.00, real=0.05 secs] 
4726.482: [GC (Allocation Failure) [PSYoungGen: 467168K->105088K(506880K)] 1002291K->779975K(1905152K), 0.1739487 secs] [Times: user=1.04 sys=0.00, real=0.18 secs] 
4728.150: [GC (Allocation Failure) [PSYoungGen: 419227K->145792K(507392K)] 1094115K->922116K(1905664K), 0.1334310 secs] [Times: user=0.79 sys=0.00, real=0.14 secs] 
4730.808: [GC (Allocation Failure) [PSYoungGen: 464768K->106304K(505856K)] 1241092K->1019992K(1904128K), 0.1207198 secs] [Times: user=0.72 sys=0.00, real=0.12 secs] 
4732.554: [GC (Allocation Failure) [PSYoungGen: 411992K->145456K(507392K)] 1325681K->1161429K(1905664K), 0.0522956 secs] [Times: user=0.30 sys=0.00, real=0.05 secs] 
4736.056: [GC (Allocation Failure) [PSYoungGen: 465968K->103136K(509440K)] 1481941K->1255856K(1907712K), 0.1766326 secs] [Times: user=1.05 sys=0.00, real=0.17 secs] 
4737.390: [GC (Allocation Failure) [PSYoungGen: 424187K->147488K(509952K)] 1576908K->1399733K(1908224K), 0.0515855 secs] [Times: user=0.30 sys=0.00, real=0.05 secs] 
4737.441: [Full GC (Ergonomics) [PSYoungGen: 147488K->0K(509952K)] [ParOldGen: 1252245K->197651K(1398272K)] 1399733K->197651K(1908224K), [Metaspace: 60527K->60527K(1105920K)], 0.4879629 secs] [Times: user=2.28 sys=0.00, real=0.49 secs] 
4740.393: [GC (Allocation Failure) [PSYoungGen: 323584K->108576K(508928K)] 521235K->306227K(1907200K), 0.0829276 secs] [Times: user=0.48 sys=0.00, real=0.09 secs] 
4741.508: [GC (Allocation Failure) [PSYoungGen: 417659K->143808K(509440K)] 615310K->445668K(1907712K), 0.0510648 secs] [Times: user=0.31 sys=0.00, real=0.05 secs] 
4745.227: [GC (Allocation Failure) [PSYoungGen: 467392K->108736K(507904K)] 769252K->544996K(1906176K), 0.1717128 secs] [Times: user=1.02 sys=0.01, real=0.17 secs] 
4746.583: [GC (Allocation Failure) [PSYoungGen: 434880K->153168K(509952K)] 871140K->694102K(1908224K), 0.0530642 secs] [Times: user=0.31 sys=0.00, real=0.06 secs] 
4751.315: [GC (Allocation Failure) [PSYoungGen: 479312K->98592K(511488K)] 1020246K->792077K(1909760K), 0.1824646 secs] [Times: user=1.08 sys=0.00, real=0.18 secs] 
4752.854: [GC (Allocation Failure) [PSYoungGen: 421664K->154368K(477696K)] 1115149K->940270K(1875968K), 0.1317882 secs] [Times: user=0.79 sys=0.00, real=0.13 secs] 
4756.351: [GC (Allocation Failure) [PSYoungGen: 477440K->96656K(507904K)] 1263342K->1036523K(1906176K), 0.1735187 secs] [Times: user=1.02 sys=0.01, real=0.18 secs] 
4757.416: [GC (Allocation Failure) [PSYoungGen: 412560K->151744K(467968K)] 1352427K->1182547K(1866240K), 0.1211244 secs] [Times: user=0.72 sys=0.00, real=0.12 secs] 
4761.629: [GC (Allocation Failure) [PSYoungGen: 467648K->91200K(505344K)] 1498451K->1273567K(1903616K), 0.1712019 secs] [Times: user=1.02 sys=0.00, real=0.17 secs] 
4762.134: [GC (Allocation Failure) [PSYoungGen: 402496K->151600K(463360K)] 1584863K->1419352K(1861632K), 0.0554916 secs] [Times: user=0.33 sys=0.00, real=0.05 secs] 
4762.190: [Full GC (Ergonomics) [PSYoungGen: 151600K->0K(463360K)] [ParOldGen: 1267752K->216597K(1398272K)] 1419352K->216597K(1861632K), [Metaspace: 60528K->60528K(1105920K)], 0.5149406 secs] [Times: user=2.40 sys=0.00, real=0.52 secs] 
4765.531: [GC (Allocation Failure) [PSYoungGen: 311296K->89216K(502272K)] 527893K->305813K(1900544K), 0.1174762 secs] [Times: user=0.69 sys=0.00, real=0.12 secs] 
4766.365: [GC (Allocation Failure) [PSYoungGen: 394368K->146976K(452608K)] 610965K->446698K(1850880K), 0.0514834 secs] [Times: user=0.31 sys=0.00, real=0.05 secs] 
4769.563: [GC (Allocation Failure) [PSYoungGen: 452128K->89360K(502272K)] 751850K->535707K(1900544K), 0.1612907 secs] [Times: user=0.95 sys=0.01, real=0.17 secs] 
4770.995: [GC (Allocation Failure) [PSYoungGen: 390894K->142256K(500736K)] 837240K->673896K(1899008K), 0.0488211 secs] [Times: user=0.29 sys=0.00, real=0.05 secs] 
4772.522: [GC (Allocation Failure) [PSYoungGen: 446384K->101680K(496128K)] 978024K->766988K(1894400K), 0.0851190 secs] [Times: user=0.50 sys=0.00, real=0.09 secs] 
4774.763: [GC (GCLocker Initiated GC) [PSYoungGen: 406832K->137648K(498688K)] 1072141K->901482K(1896960K), 0.0925279 secs] [Times: user=0.54 sys=0.00, real=0.10 secs] 
4777.088: [GC (Allocation Failure) [PSYoungGen: 442800K->101968K(498176K)] 1206637K->994953K(1896448K), 0.0736354 secs] [Times: user=0.43 sys=0.00, real=0.07 secs] 
4779.670: [GC (Allocation Failure) [PSYoungGen: 415312K->143872K(502272K)] 1308297K->1137897K(1900544K), 0.0495009 secs] [Times: user=0.30 sys=0.00, real=0.05 secs] 
4781.161: [GC (Allocation Failure) [PSYoungGen: 457216K->104592K(504320K)] 1451241K->1233930K(1902592K), 0.0744615 secs] [Times: user=0.44 sys=0.00, real=0.08 secs] 
4784.379: [GC (Allocation Failure) [PSYoungGen: 424080K->143536K(506368K)] 1553418K->1375330K(1904640K), 0.1220994 secs] [Times: user=0.73 sys=0.00, real=0.12 secs] 
4784.501: [Full GC (Ergonomics) [PSYoungGen: 143536K->0K(506368K)] [ParOldGen: 1231794K->179964K(1398272K)] 1375330K->179964K(1904640K), [Metaspace: 60528K->60528K(1105920K)], 0.4770583 secs] [Times: user=2.27 sys=0.00, real=0.48 secs] 
4786.537: [GC (Allocation Failure) [PSYoungGen: 319488K->106768K(506880K)] 499452K->286733K(1905152K), 0.0338626 secs] [Times: user=0.20 sys=0.01, real=0.03 secs] 
4788.987: [GC (Allocation Failure) [PSYoungGen: 429840K->148480K(508416K)] 609805K->432885K(1906688K), 0.1109857 secs] [Times: user=0.66 sys=0.00, real=0.11 secs] 
4790.681: [GC (Allocation Failure) [PSYoungGen: 471552K->108416K(509440K)] 755957K->532701K(1907712K), 0.0665764 secs] [Times: user=0.39 sys=0.00, real=0.07 secs] 
4793.763: [GC (Allocation Failure) [PSYoungGen: 433536K->151760K(477184K)] 857821K->680530K(1875456K), 0.0537371 secs] [Times: user=0.32 sys=0.00, real=0.06 secs] 
4795.552: [GC (Allocation Failure) [PSYoungGen: 476880K->105376K(512000K)] 1005650K->776765K(1910272K), 0.1494607 secs] [Times: user=0.88 sys=0.00, real=0.15 secs] 
4797.434: [GC (Allocation Failure) [PSYoungGen: 419445K->147904K(509440K)] 1090835K->920898K(1907712K), 0.0733662 secs] [Times: user=0.43 sys=0.00, real=0.07 secs] 
4802.113: [GC (Allocation Failure) [PSYoungGen: 470464K->105344K(508416K)] 1243458K->1017810K(1906688K), 0.1703551 secs] [Times: user=1.02 sys=0.00, real=0.17 secs] 
4803.486: [GC (Allocation Failure) [PSYoungGen: 414290K->145152K(508928K)] 1326757K->1159331K(1907200K), 0.0515622 secs] [Times: user=0.30 sys=0.00, real=0.05 secs] 
4806.055: [GC (Allocation Failure) [PSYoungGen: 467712K->106800K(508928K)] 1481891K->1257564K(1907200K), 0.1685579 secs] [Times: user=0.99 sys=0.01, real=0.17 secs] 
4808.155: [GC (GCLocker Initiated GC) [PSYoungGen: 431408K->152960K(477696K)] 1582172K->1406324K(1875968K), 0.1345607 secs] [Times: user=0.80 sys=0.00, real=0.13 secs] 
4808.290: [Full GC (Ergonomics) [PSYoungGen: 152960K->0K(477696K)] [ParOldGen: 1253364K->205680K(1398272K)] 1406324K->205680K(1875968K), [Metaspace: 60529K->60529K(1105920K)], 0.5285628 secs] [Times: user=2.52 sys=0.00, real=0.53 secs] 
4811.643: [GC (Allocation Failure) [PSYoungGen: 324608K->101984K(510976K)] 530291K->307667K(1909248K), 0.1595703 secs] [Times: user=0.95 sys=0.00, real=0.16 secs] 
4814.278: [GC (Allocation Failure) [PSYoungGen: 423008K->151904K(473088K)] 628691K->449531K(1871360K), 0.1284741 secs] [Times: user=0.76 sys=0.00, real=0.13 secs] 
4817.544: [GC (Allocation Failure) [PSYoungGen: 472928K->95888K(508416K)] 770555K->545292K(1906688K), 0.1635345 secs] [Times: user=0.98 sys=0.00, real=0.16 secs] 
4818.785: [GC (Allocation Failure) [PSYoungGen: 412816K->151680K(468992K)] 862220K->690915K(1867264K), 0.0558201 secs] [Times: user=0.33 sys=0.00, real=0.05 secs] 
4821.717: [GC (Allocation Failure) [PSYoungGen: 468608K->93424K(505856K)] 1007843K->783720K(1904128K), 0.1541789 secs] [Times: user=0.90 sys=0.01, real=0.15 secs] 
4823.195: [GC (Allocation Failure) [PSYoungGen: 405232K->146960K(459264K)] 1095528K->924829K(1857536K), 0.1479999 secs] [Times: user=0.88 sys=0.00, real=0.14 secs] 
4826.133: [GC (Allocation Failure) [PSYoungGen: 455637K->92336K(505344K)] 1233506K->1016945K(1903616K), 0.1444036 secs] [Times: user=0.86 sys=0.00, real=0.15 secs] 
4826.670: [GC (GCLocker Initiated GC) [PSYoungGen: 402608K->148208K(458752K)] 1327219K->1161440K(1857024K), 0.0541788 secs] [Times: user=0.32 sys=0.00, real=0.06 secs] 
4829.356: [GC (Allocation Failure) [PSYoungGen: 458480K->90736K(503808K)] 1471714K->1251826K(1902080K), 0.1657521 secs] [Times: user=0.98 sys=0.01, real=0.16 secs] 
4830.349: [GC (Allocation Failure) [PSYoungGen: 388238K->142064K(502784K)] 1549328K->1390183K(1901056K), 0.0510767 secs] [Times: user=0.30 sys=0.00, real=0.05 secs] 
4830.400: [Full GC (Ergonomics) [PSYoungGen: 142064K->0K(502784K)] [ParOldGen: 1248118K->196821K(1398272K)] 1390183K->196821K(1901056K), [Metaspace: 60529K->59622K(1105920K)], 0.4902863 secs] [Times: user=2.26 sys=0.00, real=0.49 secs] 
4832.033: [GC (Allocation Failure) [PSYoungGen: 307712K->102016K(497664K)] 504533K->298837K(1895936K), 0.0451079 secs] [Times: user=0.26 sys=0.00, real=0.05 secs] 
4834.120: [GC (Allocation Failure) [PSYoungGen: 410752K->142688K(500224K)] 607573K->437842K(1898496K), 0.0487794 secs] [Times: user=0.29 sys=0.00, real=0.05 secs] 
4835.827: [GC (Allocation Failure) [PSYoungGen: 451424K->106544K(500224K)] 746578K->534943K(1898496K), 0.0815020 secs] [Times: user=0.48 sys=0.00, real=0.08 secs] 
4836.886: [GC (Allocation Failure) [PSYoungGen: 421424K->144192K(503296K)] 849823K->673667K(1901568K), 0.0510840 secs] [Times: user=0.30 sys=0.00, real=0.05 secs] 
4840.378: [GC (Allocation Failure) [PSYoungGen: 459072K->111024K(503808K)] 988547K->775336K(1902080K), 0.0917976 secs] [Times: user=0.54 sys=0.00, real=0.09 secs] 
4843.520: [GC (GCLocker Initiated GC) [PSYoungGen: 431536K->144368K(506368K)] 1095848K->912721K(1904640K), 0.0912106 secs] [Times: user=0.54 sys=0.00, real=0.09 secs] 
4845.597: [GC (Allocation Failure) [PSYoungGen: 464880K->108944K(507392K)] 1233236K->1013220K(1905664K), 0.0662226 secs] [Times: user=0.38 sys=0.00, real=0.06 secs] 
4847.992: [GC (Allocation Failure) [PSYoungGen: 434576K->149872K(509440K)] 1338852K->1159505K(1907712K), 0.0526222 secs] [Times: user=0.31 sys=0.00, real=0.06 secs] 
4851.340: [GC (Allocation Failure) [PSYoungGen: 475504K->107040K(512000K)] 1485137K->1257488K(1910272K), 0.1627935 secs] [Times: user=0.97 sys=0.00, real=0.16 secs] 
4853.129: [GC (Allocation Failure) [PSYoungGen: 433184K->152384K(478720K)] 1583632K->1406873K(1876992K), 0.1099763 secs] [Times: user=0.66 sys=0.00, real=0.11 secs] 
4853.239: [Full GC (Ergonomics) [PSYoungGen: 152384K->0K(478720K)] [ParOldGen: 1254489K->206613K(1398272K)] 1406873K->206613K(1876992K), [Metaspace: 59622K->59622K(1105920K)], 0.5191306 secs] [Times: user=2.46 sys=0.00, real=0.52 secs] 
4856.244: [GC (Allocation Failure) [PSYoungGen: 326144K->99664K(510976K)] 532757K->306278K(1909248K), 0.1568836 secs] [Times: user=0.93 sys=0.01, real=0.15 secs] 
4857.690: [GC (Allocation Failure) [PSYoungGen: 421200K->151584K(473600K)] 627814K->452462K(1871872K), 0.1126755 secs] [Times: user=0.66 sys=0.01, real=0.11 secs] 
4861.448: [GC (Allocation Failure) [PSYoungGen: 473120K->96464K(508416K)] 773998K->548791K(1906688K), 0.1717692 secs] [Times: user=1.03 sys=0.00, real=0.17 secs] 
4862.331: [GC (Allocation Failure) [PSYoungGen: 413392K->152896K(470016K)] 865719K->695223K(1868288K), 0.0551256 secs] [Times: user=0.33 sys=0.00, real=0.06 secs] 
4865.694: [GC (GCLocker Initiated GC) [PSYoungGen: 469824K->94688K(505856K)] 1012151K->789495K(1904128K), 0.1547499 secs] [Times: user=0.92 sys=0.00, real=0.15 secs] 
4866.833: [GC (Allocation Failure) [PSYoungGen: 405984K->147760K(459264K)] 1100794K->931387K(1857536K), 0.0979161 secs] [Times: user=0.58 sys=0.00, real=0.10 secs] 
4870.485: [GC (Allocation Failure) [PSYoungGen: 459056K->91520K(504832K)] 1242683K->1022446K(1903104K), 0.1709828 secs] [Times: user=1.02 sys=0.00, real=0.17 secs] 
4871.169: [GC (Allocation Failure) [PSYoungGen: 401280K->167024K(477184K)] 1332206K->1183219K(1875456K), 0.0548427 secs] [Times: user=0.32 sys=0.01, real=0.06 secs] 
4874.911: [GC (Allocation Failure) [PSYoungGen: 476564K->88336K(496640K)] 1492758K->1254762K(1894912K), 0.1769143 secs] [Times: user=1.02 sys=0.01, real=0.18 secs] 
4875.792: [GC (Allocation Failure) [PSYoungGen: 381712K->138208K(431616K)] 1548138K->1389607K(1829888K), 0.0511924 secs] [Times: user=0.30 sys=0.00, real=0.05 secs] 
4875.844: [Full GC (Ergonomics) [PSYoungGen: 138208K->0K(431616K)] [ParOldGen: 1251399K->196877K(1398272K)] 1389607K->196877K(1829888K), [Metaspace: 59622K->59622K(1105920K)], 0.4773075 secs] [Times: user=2.22 sys=0.01, real=0.47 secs] 
4878.102: [GC (Allocation Failure) [PSYoungGen: 293376K->91376K(495616K)] 490253K->288254K(1893888K), 0.0552857 secs] [Times: user=0.31 sys=0.02, real=0.06 secs] 
4880.011: [GC (Allocation Failure) [PSYoungGen: 386800K->139712K(493568K)] 583678K->423986K(1891840K), 0.0462151 secs] [Times: user=0.27 sys=0.00, real=0.05 secs] 
4881.659: [GC (Allocation Failure) [PSYoungGen: 435136K->99200K(497664K)] 719410K->514174K(1895936K), 0.0632742 secs] [Times: user=0.37 sys=0.01, real=0.06 secs] 
4884.597: [GC (Allocation Failure) [PSYoungGen: 402816K->137520K(497664K)] 817790K->649435K(1895936K), 0.0543482 secs] [Times: user=0.32 sys=0.00, real=0.05 secs] 
4885.958: [GC (Allocation Failure) [PSYoungGen: 441136K->104304K(497664K)] 953051K->744476K(1895936K), 0.0643071 secs] [Times: user=0.37 sys=0.00, real=0.06 secs] 
4887.985: [GC (Allocation Failure) [PSYoungGen: 416112K->137680K(500736K)] 1056284K->880788K(1899008K), 0.0602337 secs] [Times: user=0.35 sys=0.01, real=0.06 secs] 
4891.691: [GC (Allocation Failure) [PSYoungGen: 449488K->109536K(501248K)] 1192596K->981412K(1899520K), 0.0773586 secs] [Times: user=0.40 sys=0.00, real=0.08 secs] 
4894.543: [GC (Allocation Failure) [PSYoungGen: 431072K->139696K(505856K)] 1302948K->1120513K(1904128K), 0.0614838 secs] [Times: user=0.37 sys=0.00, real=0.07 secs] 
4897.170: [GC (Allocation Failure) [PSYoungGen: 461232K->111232K(506880K)] 1442049K->1222761K(1905152K), 0.0682306 secs] [Times: user=0.38 sys=0.00, real=0.07 secs] 
4899.988: [GC (Allocation Failure) [PSYoungGen: 440960K->148384K(510464K)] 1552489K->1369677K(1908736K), 0.0563329 secs] [Times: user=0.34 sys=0.00, real=0.06 secs] 
4901.467: [GC (Allocation Failure) [PSYoungGen: 478112K->114192K(513536K)] 1699405K->1474670K(1911808K), 0.0678977 secs] [Times: user=0.40 sys=0.00, real=0.07 secs] 
4901.535: [Full GC (Ergonomics) [PSYoungGen: 114192K->0K(513536K)] [ParOldGen: 1360477K->34655K(1398272K)] 1474670K->34655K(1911808K), [Metaspace: 59623K->59623K(1105920K)], 0.0646709 secs] [Times: user=0.23 sys=0.00, real=0.06 secs] 
4903.136: [GC (Allocation Failure) [PSYoungGen: 333824K->152992K(486912K)] 368479K->187647K(1885184K), 0.0306177 secs] [Times: user=0.18 sys=0.00, real=0.03 secs] 
4904.890: [GC (Allocation Failure) [PSYoungGen: 486816K->114688K(517120K)] 521471K->293427K(1915392K), 0.0675947 secs] [Times: user=0.41 sys=0.00, real=0.07 secs] 
4907.385: [GC (Allocation Failure) [PSYoungGen: 435361K->148160K(513536K)] 614101K->438264K(1911808K), 0.0748936 secs] [Times: user=0.40 sys=0.00, real=0.07 secs] 
4910.635: [GC (Allocation Failure) [PSYoungGen: 479936K->105856K(515584K)] 770040K->535744K(1913856K), 0.1774410 secs] [Times: user=1.06 sys=0.00, real=0.17 secs] 
4912.429: [GC (Allocation Failure) [PSYoungGen: 437632K->156960K(488960K)] 867520K->688949K(1887232K), 0.0589065 secs] [Times: user=0.35 sys=0.00, real=0.06 secs] 
4915.509: [GC (Allocation Failure) [PSYoungGen: 488736K->101792K(512000K)] 1020725K->790549K(1910272K), 0.1759175 secs] [Times: user=1.05 sys=0.00, real=0.18 secs] 
4916.033: [GC (Allocation Failure) [PSYoungGen: 425376K->156400K(480256K)] 1114133K->941178K(1878528K), 0.0571128 secs] [Times: user=0.34 sys=0.00, real=0.06 secs] 
4919.625: [GC (Allocation Failure) [PSYoungGen: 479984K->95904K(507392K)] 1264762K->1036974K(1905664K), 0.1253575 secs] [Times: user=0.74 sys=0.00, real=0.12 secs] 
4920.979: [GC (Allocation Failure) [PSYoungGen: 410784K->150144K(465408K)] 1351854K->1181531K(1863680K), 0.0993707 secs] [Times: user=0.59 sys=0.00, real=0.10 secs] 
4924.291: [GC (Allocation Failure) [PSYoungGen: 465024K->94272K(505856K)] 1496411K->1275587K(1904128K), 0.1494346 secs] [Times: user=0.89 sys=0.00, real=0.15 secs] 
4925.099: [GC (Allocation Failure) [PSYoungGen: 406080K->151200K(463360K)] 1587395K->1421271K(1861632K), 0.0975000 secs] [Times: user=0.58 sys=0.00, real=0.10 secs] 
4925.197: [Full GC (Ergonomics) [PSYoungGen: 151200K->0K(463360K)] [ParOldGen: 1270071K->225819K(1398272K)] 1421271K->225819K(1861632K), [Metaspace: 59627K->59627K(1105920K)], 0.5668793 secs] [Times: user=2.70 sys=0.00, real=0.56 secs] 
4929.048: [GC (Allocation Failure) [PSYoungGen: 311808K->89664K(503296K)] 537627K->315483K(1901568K), 0.1097812 secs] [Times: user=0.65 sys=0.00, real=0.11 secs] 
4929.479: [GC (Allocation Failure) [PSYoungGen: 396864K->148224K(455680K)] 622683K->458164K(1853952K), 0.0536476 secs] [Times: user=0.32 sys=0.00, real=0.05 secs] 
4932.713: [GC (Allocation Failure) [PSYoungGen: 455424K->90464K(502272K)] 765364K->548564K(1900544K), 0.1687894 secs] [Times: user=1.00 sys=0.01, real=0.17 secs] 
4933.662: [GC (Allocation Failure) [PSYoungGen: 395104K->145280K(501248K)] 853204K->688685K(1899520K), 0.0545234 secs] [Times: user=0.32 sys=0.00, real=0.06 secs] 
4937.873: [GC (Allocation Failure) [PSYoungGen: 449920K->87520K(501248K)] 993325K->775933K(1899520K), 0.1661045 secs] [Times: user=0.99 sys=0.01, real=0.17 secs] 
4938.929: [GC (Allocation Failure) [PSYoungGen: 386450K->140304K(501248K)] 1074863K->912494K(1899520K), 0.0498367 secs] [Times: user=0.30 sys=0.00, real=0.05 secs] 
4941.897: [GC (Allocation Failure) [PSYoungGen: 444944K->99888K(496640K)] 1217134K->1003351K(1894912K), 0.1078824 secs] [Times: user=0.64 sys=0.00, real=0.11 secs] 
4944.743: [GC (Allocation Failure) [PSYoungGen: 406064K->148656K(499200K)] 1309527K->1148670K(1897472K), 0.0891455 secs] [Times: user=0.53 sys=0.00, real=0.09 secs] 
4946.640: [GC (Allocation Failure) [PSYoungGen: 454832K->99920K(502784K)] 1454846K->1231830K(1901056K), 0.0779399 secs] [Times: user=0.46 sys=0.00, real=0.08 secs] 
4949.255: [GC (Allocation Failure) [PSYoungGen: 409680K->142032K(502784K)] 1541590K->1371167K(1901056K), 0.0514127 secs] [Times: user=0.31 sys=0.00, real=0.05 secs] 
4949.307: [Full GC (Ergonomics) [PSYoungGen: 142032K->0K(502784K)] [ParOldGen: 1229134K->178955K(1398272K)] 1371167K->178955K(1901056K), [Metaspace: 59648K->59648K(1105920K)], 0.4327771 secs] [Times: user=2.01 sys=0.00, real=0.43 secs] 
4951.003: [GC (Allocation Failure) [PSYoungGen: 309760K->105024K(498176K)] 488715K->283980K(1896448K), 0.0460382 secs] [Times: user=0.27 sys=0.00, real=0.05 secs] 
4953.198: [GC (Allocation Failure) [PSYoungGen: 417344K->141536K(501760K)] 596300K->423096K(1900032K), 0.0516281 secs] [Times: user=0.30 sys=0.00, real=0.05 secs] 
4954.881: [GC (Allocation Failure) [PSYoungGen: 453856K->107840K(502784K)] 735416K->521704K(1901056K), 0.0720631 secs] [Times: user=0.42 sys=0.00, real=0.07 secs] 
4956.503: [GC (Allocation Failure) [PSYoungGen: 427328K->144640K(505856K)] 841192K->664237K(1904128K), 0.0536615 secs] [Times: user=0.31 sys=0.00, real=0.06 secs] 
4958.393: [GC (Allocation Failure) [PSYoungGen: 464128K->110224K(506368K)] 983725K->765158K(1904640K), 0.0658859 secs] [Times: user=0.39 sys=0.00, real=0.07 secs] 
4959.626: [GC (Allocation Failure) [PSYoungGen: 434320K->152608K(508416K)] 1089254K->914734K(1906688K), 0.0552211 secs] [Times: user=0.33 sys=0.00, real=0.05 secs] 
4961.855: [GC (Allocation Failure) [PSYoungGen: 476704K->107056K(511488K)] 1238830K->1013251K(1909760K), 0.0676662 secs] [Times: user=0.40 sys=0.00, real=0.06 secs] 
4964.086: [GC (Allocation Failure) [PSYoungGen: 428115K->150320K(474624K)] 1334310K->1160200K(1872896K), 0.0534749 secs] [Times: user=0.31 sys=0.00, real=0.05 secs] 
4967.047: [GC (Allocation Failure) [PSYoungGen: 474416K->108192K(512512K)] 1484296K->1259591K(1910784K), 0.1746296 secs] [Times: user=1.04 sys=0.00, real=0.17 secs] 
4968.312: [GC (Allocation Failure) [PSYoungGen: 415255K->142752K(509440K)] 1566655K->1398616K(1907712K), 0.0531829 secs] [Times: user=0.31 sys=0.00, real=0.06 secs] 
4968.365: [Full GC (Ergonomics) [PSYoungGen: 142752K->0K(509440K)] [ParOldGen: 1255864K->197000K(1398272K)] 1398616K->197000K(1907712K), [Metaspace: 59650K->59650K(1105920K)], 0.4853295 secs] [Times: user=2.27 sys=0.00, real=0.48 secs] 
4972.059: [GC (Allocation Failure) [PSYoungGen: 323072K->103520K(510464K)] 520072K->300520K(1908736K), 0.1037543 secs] [Times: user=0.61 sys=0.00, real=0.10 secs] 
4973.414: [GC (Allocation Failure) [PSYoungGen: 419306K->147392K(509952K)] 616306K->444253K(1908224K), 0.0503524 secs] [Times: user=0.29 sys=0.00, real=0.05 secs] 
4977.724: [GC (Allocation Failure) [PSYoungGen: 472512K->106992K(511488K)] 769373K->542465K(1909760K), 0.1727728 secs] [Times: user=1.02 sys=0.00, real=0.17 secs] 
4978.994: [GC (GCLocker Initiated GC) [PSYoungGen: 433648K->152960K(479744K)] 869122K->691498K(1878016K), 0.0525902 secs] [Times: user=0.31 sys=0.00, real=0.05 secs] 
4982.442: [GC (Allocation Failure) [PSYoungGen: 479616K->98624K(510976K)] 1018206K->789606K(1909248K), 0.1780006 secs] [Times: user=1.06 sys=0.00, real=0.18 secs] 
4983.365: [GC (Allocation Failure) [PSYoungGen: 420672K->154896K(477184K)] 1111654K->938483K(1875456K), 0.0568313 secs] [Times: user=0.34 sys=0.00, real=0.05 secs] 
4986.428: [GC (Allocation Failure) [PSYoungGen: 476944K->94816K(506880K)] 1260531K->1032883K(1905152K), 0.1741476 secs] [Times: user=1.03 sys=0.00, real=0.17 secs] 
4987.065: [GC (Allocation Failure) [PSYoungGen: 408672K->152016K(465920K)] 1346739K->1178880K(1864192K), 0.0542278 secs] [Times: user=0.32 sys=0.00, real=0.05 secs] 
4989.662: [GC (Allocation Failure) [PSYoungGen: 465872K->96128K(504832K)] 1492736K->1274443K(1903104K), 0.1646224 secs] [Times: user=0.98 sys=0.00, real=0.17 secs] 
4990.102: [GC (Allocation Failure) [PSYoungGen: 405376K->148048K(503296K)] 1583691K->1416433K(1901568K), 0.0576752 secs] [Times: user=0.32 sys=0.00, real=0.06 secs] 
4990.159: [Full GC (Ergonomics) [PSYoungGen: 148048K->0K(503296K)] [ParOldGen: 1268384K->215792K(1398272K)] 1416433K->215792K(1901568K), [Metaspace: 59650K->59650K(1105920K)], 0.5169671 secs] [Times: user=2.39 sys=0.00, real=0.52 secs] 
4995.261: [GC (Allocation Failure) [PSYoungGen: 309248K->90032K(503808K)] 525040K->305825K(1902080K), 0.1445988 secs] [Times: user=0.86 sys=0.00, real=0.15 secs] 
4996.038: [GC (Allocation Failure) [PSYoungGen: 398256K->149344K(457728K)] 614049K->448897K(1856000K), 0.0531173 secs] [Times: user=0.31 sys=0.00, real=0.05 secs] 
4997.911: [GC (Allocation Failure) [PSYoungGen: 457568K->95648K(503296K)] 757121K->543973K(1901568K), 0.0833112 secs] [Times: user=0.50 sys=0.00, real=0.09 secs] 
4998.692: [GC (Allocation Failure) [PSYoungGen: 389151K->137136K(442880K)] 837477K->675699K(1841152K), 0.0497801 secs] [Times: user=0.29 sys=0.01, real=0.05 secs] 
5002.476: [GC (Allocation Failure) [PSYoungGen: 442800K->96016K(501248K)] 981363K->762707K(1899520K), 0.0845031 secs] [Times: user=0.50 sys=0.01, real=0.08 secs] 
5004.880: [GC (Allocation Failure) [PSYoungGen: 403728K->143232K(499200K)] 1070419K->902415K(1897472K), 0.0486075 secs] [Times: user=0.29 sys=0.00, real=0.05 secs] 
5007.464: [GC (Allocation Failure) [PSYoungGen: 450944K->100080K(503296K)] 1210127K->993492K(1901568K), 0.0782085 secs] [Times: user=0.46 sys=0.01, real=0.07 secs] 
5010.566: [GC (Allocation Failure) [PSYoungGen: 414960K->145280K(504832K)] 1308372K->1136040K(1903104K), 0.0505308 secs] [Times: user=0.29 sys=0.00, real=0.05 secs] 
5012.371: [GC (Allocation Failure) [PSYoungGen: 459375K->106064K(502784K)] 1450136K->1233813K(1901056K), 0.0665257 secs] [Times: user=0.39 sys=0.01, real=0.07 secs] 
5014.847: [GC (Allocation Failure) [PSYoungGen: 422992K->145216K(504832K)] 1550741K->1376689K(1903104K), 0.0532304 secs] [Times: user=0.32 sys=0.00, real=0.05 secs] 
5014.900: [Full GC (Ergonomics) [PSYoungGen: 145216K->0K(504832K)] [ParOldGen: 1231473K->182557K(1398272K)] 1376689K->182557K(1903104K), [Metaspace: 59650K->59650K(1105920K)], 0.4414892 secs] [Times: user=2.05 sys=0.00, real=0.44 secs] 
5016.423: [GC (Allocation Failure) [PSYoungGen: 316928K->108496K(505856K)] 499485K->291054K(1904128K), 0.0341087 secs] [Times: user=0.20 sys=0.00, real=0.04 secs] 
5017.465: [GC (Allocation Failure) [PSYoungGen: 429520K->147840K(507392K)] 612078K->435760K(1905664K), 0.0534877 secs] [Times: user=0.30 sys=0.01, real=0.05 secs] 
5019.648: [GC (Allocation Failure) [PSYoungGen: 468864K->109760K(507392K)] 756784K->536196K(1905664K), 0.0662974 secs] [Times: user=0.39 sys=0.00, real=0.07 secs] 
5021.186: [GC (Allocation Failure) [PSYoungGen: 430318K->150896K(508416K)] 856754K->683710K(1906688K), 0.0540581 secs] [Times: user=0.32 sys=0.00, real=0.05 secs] 
5024.475: [GC (Allocation Failure) [PSYoungGen: 473968K->104496K(510976K)] 1006782K->779594K(1909248K), 0.1807606 secs] [Times: user=1.07 sys=0.00, real=0.18 secs] 
5025.674: [GC (Allocation Failure) [PSYoungGen: 416061K->145888K(509440K)] 1091159K->921748K(1907712K), 0.0516488 secs] [Times: user=0.31 sys=0.00, real=0.05 secs] 
5028.243: [GC (Allocation Failure) [PSYoungGen: 468448K->108144K(507392K)] 1244308K->1021409K(1905664K), 0.1608804 secs] [Times: user=0.96 sys=0.00, real=0.17 secs] 
5030.030: [GC (Allocation Failure) [PSYoungGen: 421016K->142768K(508928K)] 1334281K->1160338K(1907200K), 0.1462966 secs] [Times: user=0.87 sys=0.01, real=0.15 secs] 
5032.485: [GC (Allocation Failure) [PSYoungGen: 466352K->109696K(507392K)] 1483922K->1261425K(1905664K), 0.1519328 secs] [Times: user=0.90 sys=0.00, real=0.15 secs] 
5033.413: [GC (Allocation Failure) [PSYoungGen: 436864K->152672K(509952K)] 1588593K->1409888K(1908224K), 0.0534361 secs] [Times: user=0.31 sys=0.00, real=0.06 secs] 
5033.467: [Full GC (Ergonomics) [PSYoungGen: 152672K->0K(509952K)] [ParOldGen: 1257216K->208214K(1398272K)] 1409888K->208214K(1908224K), [Metaspace: 59652K->59652K(1105920K)], 0.4883176 secs] [Times: user=2.29 sys=0.00, real=0.49 secs] 
5037.188: [GC (Allocation Failure) [PSYoungGen: 327168K->100080K(512512K)] 535382K->308295K(1910784K), 0.1638200 secs] [Times: user=0.97 sys=0.00, real=0.16 secs] 
5038.775: [GC (Allocation Failure) [PSYoungGen: 425200K->155808K(481280K)] 633415K->458056K(1879552K), 0.1190421 secs] [Times: user=0.70 sys=0.00, real=0.12 secs] 
5042.477: [GC (Allocation Failure) [PSYoungGen: 480928K->99408K(508928K)] 783176K->556993K(1907200K), 0.1665415 secs] [Times: user=0.99 sys=0.00, real=0.16 secs] 
5043.591: [GC (Allocation Failure) [PSYoungGen: 416848K->151488K(468992K)] 874433K->702325K(1867264K), 0.1170524 secs] [Times: user=0.70 sys=0.00, real=0.12 secs] 
5047.416: [GC (Allocation Failure) [PSYoungGen: 468928K->91024K(505856K)] 1019765K->792922K(1904128K), 0.1659250 secs] [Times: user=0.99 sys=0.00, real=0.16 secs] 
5047.868: [GC (Allocation Failure) [PSYoungGen: 403344K->151808K(464384K)] 1105242K->938234K(1862656K), 0.0553842 secs] [Times: user=0.33 sys=0.00, real=0.05 secs] 
5050.119: [GC (Allocation Failure) [PSYoungGen: 464128K->93312K(503808K)] 1250554K->1031134K(1902080K), 0.1686228 secs] [Times: user=1.00 sys=0.01, real=0.17 secs] 
5051.123: [GC (Allocation Failure) [PSYoungGen: 400512K->146016K(502272K)] 1338334K->1170879K(1900544K), 0.0749769 secs] [Times: user=0.44 sys=0.01, real=0.08 secs] 
5055.717: [GC (Allocation Failure) [PSYoungGen: 453216K->88640K(502784K)] 1478079K->1258987K(1901056K), 0.1439898 secs] [Times: user=0.85 sys=0.00, real=0.14 secs] 
5056.965: [GC (GCLocker Initiated GC) [PSYoungGen: 395328K->146864K(453632K)] 1565675K->1399701K(1851904K), 0.1395481 secs] [Times: user=0.83 sys=0.00, real=0.14 secs] 
5057.105: [Full GC (Ergonomics) [PSYoungGen: 146864K->0K(453632K)] [ParOldGen: 1252836K->206103K(1398272K)] 1399701K->206103K(1851904K), [Metaspace: 59652K->59652K(1105920K)], 0.5301284 secs] [Times: user=2.54 sys=0.00, real=0.53 secs] 
5059.268: [GC (Allocation Failure) [PSYoungGen: 306688K->91216K(502784K)] 512793K->297322K(1901056K), 0.1205703 secs] [Times: user=0.72 sys=0.01, real=0.12 secs] 
5060.055: [GC (Allocation Failure) [PSYoungGen: 396368K->150816K(456192K)] 602474K->444330K(1854464K), 0.0698217 secs] [Times: user=0.41 sys=0.00, real=0.07 secs] 
5063.897: [GC (Allocation Failure) [PSYoungGen: 455968K->97664K(502272K)] 749482K->525058K(1900544K), 0.0630392 secs] [Times: user=0.36 sys=0.01, real=0.06 secs] 
5066.537: [GC (GCLocker Initiated GC) [PSYoungGen: 400256K->138496K(441344K)] 827650K->660355K(1839616K), 0.1146261 secs] [Times: user=0.68 sys=0.00, real=0.11 secs] 
5068.993: [GC (Allocation Failure) [PSYoungGen: 441088K->100192K(500736K)] 962950K->751886K(1899008K), 0.0621317 secs] [Times: user=0.37 sys=0.00, real=0.07 secs] 
5071.465: [GC (GCLocker Initiated GC) [PSYoungGen: 405856K->140208K(497664K)] 1057550K->889759K(1895936K), 0.0499163 secs] [Times: user=0.29 sys=0.00, real=0.05 secs] 
5073.398: [GC (Allocation Failure) [PSYoungGen: 445872K->104064K(502784K)] 1195475K->985347K(1901056K), 0.0654128 secs] [Times: user=0.39 sys=0.01, real=0.06 secs] 
5075.826: [GC (Allocation Failure) [PSYoungGen: 418944K->142016K(503296K)] 1300227K->1125539K(1901568K), 0.0523260 secs] [Times: user=0.31 sys=0.00, real=0.05 secs] 
5078.395: [GC (Allocation Failure) [PSYoungGen: 456896K->107328K(503296K)] 1440419K->1223915K(1901568K), 0.0760313 secs] [Times: user=0.44 sys=0.00, real=0.07 secs] 
5080.219: [GC (Allocation Failure) [PSYoungGen: 428352K->144896K(506368K)] 1544939K->1366864K(1904640K), 0.0541015 secs] [Times: user=0.32 sys=0.00, real=0.05 secs] 
5082.615: [GC (Allocation Failure) [PSYoungGen: 465920K->110528K(507904K)] 1687888K->1468480K(1906176K), 0.0656931 secs] [Times: user=0.39 sys=0.00, real=0.06 secs] 
5082.680: [Full GC (Ergonomics) [PSYoungGen: 110528K->0K(507904K)] [ParOldGen: 1357952K->36835K(1398272K)] 1468480K->36835K(1906176K), [Metaspace: 59652K->59652K(1105920K)], 0.0713719 secs] [Times: user=0.26 sys=0.00, real=0.07 secs] 
5084.632: [GC (Allocation Failure) [PSYoungGen: 325632K->148400K(509440K)] 362467K->185236K(1907712K), 0.0295625 secs] [Times: user=0.17 sys=0.00, real=0.03 secs] 
5086.518: [GC (Allocation Failure) [PSYoungGen: 474032K->110784K(510464K)] 510868K->287196K(1908736K), 0.0662637 secs] [Times: user=0.39 sys=0.00, real=0.07 secs] 
5087.857: [GC (Allocation Failure) [PSYoungGen: 438464K->154000K(481792K)] 614876K->438138K(1880064K), 0.0535187 secs] [Times: user=0.32 sys=0.00, real=0.05 secs] 
5090.856: [GC (Allocation Failure) [PSYoungGen: 481680K->107488K(513024K)] 765818K->537121K(1911296K), 0.1699834 secs] [Times: user=1.01 sys=0.00, real=0.17 secs] 
5091.674: [GC (Allocation Failure) [PSYoungGen: 431584K->154592K(478720K)] 861217K->688110K(1876992K), 0.0532349 secs] [Times: user=0.31 sys=0.00, real=0.05 secs] 
5094.049: [GC (Allocation Failure) [PSYoungGen: 478688K->97456K(509440K)] 1012206K->785067K(1907712K), 0.1608219 secs] [Times: user=0.95 sys=0.00, real=0.16 secs] 
5094.611: [GC (Allocation Failure) [PSYoungGen: 415920K->153184K(472064K)] 1103531K->932033K(1870336K), 0.0592322 secs] [Times: user=0.33 sys=0.02, real=0.06 secs] 
5098.977: [GC (Allocation Failure) [PSYoungGen: 471648K->94336K(506368K)] 1250497K->1026077K(1904640K), 0.1683901 secs] [Times: user=0.99 sys=0.01, real=0.17 secs] 
5099.805: [GC (Allocation Failure) [PSYoungGen: 407168K->151264K(464384K)] 1338909K->1171109K(1862656K), 0.0547650 secs] [Times: user=0.32 sys=0.01, real=0.05 secs] 
5102.613: [GC (Allocation Failure) [PSYoungGen: 464096K->92704K(503808K)] 1483941K->1263373K(1902080K), 0.1486450 secs] [Times: user=0.88 sys=0.01, real=0.15 secs] 
5103.389: [GC (Allocation Failure) [PSYoungGen: 400416K->148096K(456192K)] 1571085K->1404962K(1854464K), 0.0551822 secs] [Times: user=0.33 sys=0.00, real=0.06 secs] 
5103.444: [Full GC (Ergonomics) [PSYoungGen: 148096K->0K(456192K)] [ParOldGen: 1256866K->207918K(1398272K)] 1404962K->207918K(1854464K), [Metaspace: 59652K->59652K(1105920K)], 0.4881694 secs] [Times: user=2.22 sys=0.00, real=0.48 secs] 
5107.144: [GC (Allocation Failure) [PSYoungGen: 307712K->90832K(503296K)] 515630K->298750K(1901568K), 0.1711537 secs] [Times: user=1.02 sys=0.01, real=0.17 secs] 
5108.373: [GC (Allocation Failure) [PSYoungGen: 390755K->141072K(502272K)] 598673K->435823K(1900544K), 0.0484109 secs] [Times: user=0.28 sys=0.00, real=0.05 secs] 
5112.340: [GC (Allocation Failure) [PSYoungGen: 447760K->96144K(499200K)] 742511K->523355K(1897472K), 0.0772249 secs] [Times: user=0.45 sys=0.00, real=0.08 secs] 
5115.399: [GC (Allocation Failure) [PSYoungGen: 403856K->142240K(500736K)] 831067K->662427K(1899008K), 0.1249258 secs] [Times: user=0.75 sys=0.00, real=0.13 secs] 
5117.938: [GC (Allocation Failure) [PSYoungGen: 449952K->100288K(500224K)] 970139K->754315K(1898496K), 0.0660289 secs] [Times: user=0.39 sys=0.00, real=0.07 secs] 
5120.557: [GC (Allocation Failure) [PSYoungGen: 412608K->144400K(502784K)] 1066635K->896273K(1901056K), 0.0508952 secs] [Times: user=0.30 sys=0.00, real=0.05 secs] 
5121.744: [GC (Allocation Failure) [PSYoungGen: 456720K->104528K(502784K)] 1208593K->991825K(1901056K), 0.0762566 secs] [Times: user=0.46 sys=0.00, real=0.07 secs] 
5124.244: [GC (Allocation Failure) [PSYoungGen: 420944K->145536K(504832K)] 1308241K->1134949K(1903104K), 0.0538141 secs] [Times: user=0.32 sys=0.00, real=0.06 secs] 
5126.822: [GC (Allocation Failure) [PSYoungGen: 461952K->101712K(506880K)] 1451365K->1228182K(1905152K), 0.0741753 secs] [Times: user=0.44 sys=0.00, real=0.08 secs] 
5128.782: [GC (Allocation Failure) [PSYoungGen: 421200K->147552K(507392K)] 1547670K->1373366K(1905664K), 0.0534504 secs] [Times: user=0.31 sys=0.00, real=0.06 secs] 
5128.836: [Full GC (Ergonomics) [PSYoungGen: 147552K->0K(507392K)] [ParOldGen: 1225814K->180827K(1398272K)] 1373366K->180827K(1905664K), [Metaspace: 59691K->59691K(1105920K)], 0.4378501 secs] [Times: user=2.04 sys=0.00, real=0.43 secs] 
5130.315: [GC (Allocation Failure) [PSYoungGen: 319488K->110320K(505856K)] 500315K->291147K(1904128K), 0.0341870 secs] [Times: user=0.20 sys=0.00, real=0.03 secs] 
5132.731: [GC (Allocation Failure) [PSYoungGen: 430320K->145216K(506880K)] 611147K->433232K(1905152K), 0.1084971 secs] [Times: user=0.64 sys=0.00, real=0.11 secs] 
5135.522: [GC (Allocation Failure) [PSYoungGen: 465216K->106544K(507392K)] 753232K->530997K(1905664K), 0.0786722 secs] [Times: user=0.47 sys=0.00, real=0.08 secs] 
5137.453: [GC (Allocation Failure) [PSYoungGen: 430128K->150208K(508928K)] 854581K->676025K(1907200K), 0.0871947 secs] [Times: user=0.51 sys=0.00, real=0.09 secs] 
5139.056: [GC (Allocation Failure) [PSYoungGen: 473792K->109824K(510464K)] 999609K->777441K(1908736K), 0.0951117 secs] [Times: user=0.56 sys=0.00, real=0.09 secs] 
5141.048: [GC (Allocation Failure) [PSYoungGen: 432594K->148640K(509952K)] 1100211K->922754K(1908224K), 0.0533286 secs] [Times: user=0.32 sys=0.00, real=0.05 secs] 
5144.221: [GC (Allocation Failure) [PSYoungGen: 472736K->105600K(510464K)] 1246850K->1019526K(1908736K), 0.1667083 secs] [Times: user=0.98 sys=0.01, real=0.17 secs] 
5145.688: [GC (Allocation Failure) [PSYoungGen: 413892K->145920K(510464K)] 1327819K->1161614K(1908736K), 0.0523453 secs] [Times: user=0.31 sys=0.00, real=0.05 secs] 
5147.948: [GC (Allocation Failure) [PSYoungGen: 470528K->108160K(508928K)] 1486222K->1260886K(1907200K), 0.1710738 secs] [Times: user=1.01 sys=0.01, real=0.17 secs] 
5149.011: [GC (Allocation Failure) [PSYoungGen: 433280K->153632K(479232K)] 1586006K->1410135K(1877504K), 0.0533999 secs] [Times: user=0.32 sys=0.00, real=0.06 secs] 
5149.064: [Full GC (Ergonomics) [PSYoungGen: 153632K->0K(479232K)] [ParOldGen: 1256503K->207535K(1398272K)] 1410135K->207535K(1877504K), [Metaspace: 59691K->59691K(1105920K)], 0.4917554 secs] [Times: user=2.29 sys=0.00, real=0.49 secs] 
5151.320: [GC (Allocation Failure) [PSYoungGen: 325120K->101840K(510976K)] 532655K->309376K(1909248K), 0.1709200 secs] [Times: user=1.01 sys=0.00, real=0.17 secs] 
5151.857: [GC (Allocation Failure) [PSYoungGen: 423376K->153536K(475136K)] 630912K->457257K(1873408K), 0.0568161 secs] [Times: user=0.33 sys=0.01, real=0.06 secs] 
5154.958: [GC (Allocation Failure) [PSYoungGen: 475072K->98016K(507904K)] 778793K->554637K(1906176K), 0.1587700 secs] [Times: user=0.88 sys=0.00, real=0.16 secs] 
5155.374: [GC (Allocation Failure) [PSYoungGen: 413920K->168160K(484352K)] 870541K->716989K(1882624K), 0.0569929 secs] [Times: user=0.34 sys=0.00, real=0.05 secs] 
5157.656: [GC (Allocation Failure) [PSYoungGen: 484064K->95392K(500224K)] 1032893K->795525K(1898496K), 0.1122780 secs] [Times: user=0.66 sys=0.00, real=0.11 secs] 
5158.019: [GC (Allocation Failure) [PSYoungGen: 395424K->146048K(498688K)] 1095557K->935670K(1896960K), 0.0549329 secs] [Times: user=0.32 sys=0.00, real=0.06 secs] 
5161.465: [GC (Allocation Failure) [PSYoungGen: 446080K->87456K(499712K)] 1235702K->1022814K(1897984K), 0.1706192 secs] [Times: user=1.02 sys=0.00, real=0.17 secs] 
5162.939: [GC (Allocation Failure) [PSYoungGen: 388000K->144672K(499200K)] 1323358K->1160962K(1897472K), 0.0535367 secs] [Times: user=0.31 sys=0.01, real=0.05 secs] 
5164.557: [GC (Allocation Failure) [PSYoungGen: 445216K->89888K(498688K)] 1461506K->1250426K(1896960K), 0.0930231 secs] [Times: user=0.55 sys=0.00, real=0.09 secs] 
5165.967: [GC (Allocation Failure) [PSYoungGen: 390944K->141440K(499200K)] 1551482K->1388251K(1897472K), 0.0869988 secs] [Times: user=0.52 sys=0.00, real=0.09 secs] 
5166.054: [Full GC (Ergonomics) [PSYoungGen: 141440K->0K(499200K)] [ParOldGen: 1246811K->194528K(1398272K)] 1388251K->194528K(1897472K), [Metaspace: 59691K->59691K(1105920K)], 0.4972471 secs] [Times: user=2.36 sys=0.00, real=0.49 secs] 
5168.798: [GC (Allocation Failure) [PSYoungGen: 301056K->95232K(495616K)] 495584K->289760K(1893888K), 0.0416414 secs] [Times: user=0.24 sys=0.00, real=0.04 secs] 
5169.875: [GC (Allocation Failure) [PSYoungGen: 398336K->142592K(498176K)] 592864K->429237K(1896448K), 0.0480345 secs] [Times: user=0.28 sys=0.00, real=0.04 secs] 
5173.169: [GC (Allocation Failure) [PSYoungGen: 445696K->98528K(498176K)] 732341K->518973K(1896448K), 0.0673436 secs] [Times: user=0.40 sys=0.00, real=0.07 secs] 
5174.434: [GC (Allocation Failure) [PSYoungGen: 406752K->142768K(500736K)] 827197K->659579K(1899008K), 0.0507866 secs] [Times: user=0.30 sys=0.00, real=0.05 secs] 
5177.768: [GC (Allocation Failure) [PSYoungGen: 450992K->100608K(501248K)] 967803K->750738K(1899520K), 0.0657403 secs] [Times: user=0.39 sys=0.00, real=0.07 secs] 
5179.031: [GC (Allocation Failure) [PSYoungGen: 413440K->139920K(503296K)] 1063570K->889328K(1901568K), 0.0519324 secs] [Times: user=0.31 sys=0.00, real=0.05 secs] 
5182.676: [GC (Allocation Failure) [PSYoungGen: 452752K->107968K(500224K)] 1202160K->987979K(1898496K), 0.0750842 secs] [Times: user=0.44 sys=0.00, real=0.07 secs] 
5184.674: [GC (Allocation Failure) [PSYoungGen: 425920K->141600K(504320K)] 1305931K->1127976K(1902592K), 0.0596169 secs] [Times: user=0.33 sys=0.02, real=0.05 secs] 
5187.225: [GC (Allocation Failure) [PSYoungGen: 459552K->109056K(505344K)] 1445928K->1227136K(1903616K), 0.0670398 secs] [Times: user=0.40 sys=0.00, real=0.06 secs] 
5189.242: [GC (Allocation Failure) [PSYoungGen: 434176K->148096K(508416K)] 1552256K->1373477K(1906688K), 0.0561156 secs] [Times: user=0.33 sys=0.00, real=0.06 secs] 
5189.298: [Full GC (Ergonomics) [PSYoungGen: 148096K->0K(508416K)] [ParOldGen: 1225381K->171567K(1398272K)] 1373477K->171567K(1906688K), [Metaspace: 59691K->59691K(1105920K)], 0.4111299 secs] [Times: user=1.90 sys=0.00, real=0.41 secs] 
5191.657: [GC (Allocation Failure) [PSYoungGen: 325120K->109216K(512000K)] 496687K->280783K(1910272K), 0.0355877 secs] [Times: user=0.21 sys=0.00, real=0.03 secs] 
5193.606: [GC (Allocation Failure) [PSYoungGen: 437920K->149472K(512000K)] 609487K->428221K(1910272K), 0.0551681 secs] [Times: user=0.33 sys=0.00, real=0.05 secs] 
5196.570: [GC (Allocation Failure) [PSYoungGen: 478176K->110320K(512512K)] 756925K->529886K(1910784K), 0.0670613 secs] [Times: user=0.39 sys=0.01, real=0.07 secs] 
5199.099: [GC (Allocation Failure) [PSYoungGen: 438512K->149568K(512000K)] 858078K->676266K(1910272K), 0.1177384 secs] [Times: user=0.70 sys=0.01, real=0.12 secs] 
5201.407: [GC (Allocation Failure) [PSYoungGen: 477760K->110912K(512000K)] 1004458K->778754K(1910272K), 0.0969093 secs] [Times: user=0.57 sys=0.00, real=0.10 secs] 
5203.895: [GC (Allocation Failure) [PSYoungGen: 432166K->147120K(512000K)] 1100008K->922111K(1910272K), 0.1470352 secs] [Times: user=0.87 sys=0.00, real=0.14 secs] 
5206.080: [GC (Allocation Failure) [PSYoungGen: 475312K->111296K(510976K)] 1250303K->1024635K(1909248K), 0.1232276 secs] [Times: user=0.68 sys=0.00, real=0.12 secs] 
5206.715: [GC (Allocation Failure) [PSYoungGen: 440512K->155040K(484352K)] 1353851K->1175775K(1882624K), 0.0543335 secs] [Times: user=0.32 sys=0.00, real=0.05 secs] 
5209.522: [GC (Allocation Failure) [PSYoungGen: 484256K->101696K(512000K)] 1504991K->1276851K(1910272K), 0.1816571 secs] [Times: user=1.08 sys=0.00, real=0.19 secs] 
5210.019: [GC (Allocation Failure) [PSYoungGen: 425792K->172992K(497152K)] 1600947K->1443988K(1895424K), 0.0594984 secs] [Times: user=0.36 sys=0.00, real=0.06 secs] 
5210.078: [Full GC (Ergonomics) [PSYoungGen: 172992K->0K(497152K)] [ParOldGen: 1270996K->225977K(1398272K)] 1443988K->225977K(1895424K), [Metaspace: 59691K->59691K(1105920K)], 0.5342152 secs] [Times: user=2.50 sys=0.00, real=0.53 secs] 
5213.369: [GC (Allocation Failure) [PSYoungGen: 324096K->96480K(501760K)] 550073K->322457K(1900032K), 0.0950227 secs] [Times: user=0.55 sys=0.00, real=0.10 secs] 
5213.750: [GC (Allocation Failure) [PSYoungGen: 400096K->148080K(500736K)] 626073K->464619K(1899008K), 0.0559019 secs] [Times: user=0.33 sys=0.00, real=0.06 secs] 
5216.677: [GC (Allocation Failure) [PSYoungGen: 451696K->94288K(500736K)] 768235K->558571K(1899008K), 0.1425895 secs] [Times: user=0.72 sys=0.00, real=0.14 secs] 
5217.357: [GC (Allocation Failure) [PSYoungGen: 397904K->148032K(500736K)] 862187K->696711K(1899008K), 0.0977817 secs] [Times: user=0.58 sys=0.00, real=0.10 secs] 
5219.786: [GC (Allocation Failure) [PSYoungGen: 451648K->88000K(500736K)] 1000327K->784527K(1899008K), 0.1571133 secs] [Times: user=0.94 sys=0.00, real=0.15 secs] 
5220.195: [GC (Allocation Failure) [PSYoungGen: 390592K->147392K(450048K)] 1087119K->926088K(1848320K), 0.0528425 secs] [Times: user=0.31 sys=0.00, real=0.05 secs] 
5222.696: [GC (Allocation Failure) [PSYoungGen: 449984K->87328K(500224K)] 1228680K->1013176K(1898496K), 0.1086075 secs] [Times: user=0.64 sys=0.00, real=0.11 secs] 
5223.548: [GC (Allocation Failure) [PSYoungGen: 388384K->141552K(442880K)] 1314232K->1151033K(1841152K), 0.0498310 secs] [Times: user=0.30 sys=0.01, real=0.05 secs] 
5225.732: [GC (Allocation Failure) [PSYoungGen: 442608K->99008K(502272K)] 1452089K->1240997K(1900544K), 0.1039757 secs] [Times: user=0.61 sys=0.00, real=0.11 secs] 
5227.041: [GC (Allocation Failure) [PSYoungGen: 403136K->141952K(499200K)] 1545125K->1380194K(1897472K), 0.0507470 secs] [Times: user=0.29 sys=0.00, real=0.05 secs] 
5227.092: [Full GC (Ergonomics) [PSYoungGen: 141952K->0K(499200K)] [ParOldGen: 1238242K->185789K(1398272K)] 1380194K->185789K(1897472K), [Metaspace: 59692K->59692K(1105920K)], 0.4724703 secs] [Times: user=2.18 sys=0.00, real=0.48 secs] 
5230.300: [GC (Allocation Failure) [PSYoungGen: 304128K->96576K(501248K)] 489917K->282365K(1899520K), 0.0321186 secs] [Times: user=0.18 sys=0.00, real=0.03 secs] 
5232.830: [GC (Allocation Failure) [PSYoungGen: 404800K->140688K(500736K)] 590589K->420395K(1899008K), 0.0490390 secs] [Times: user=0.29 sys=0.00, real=0.05 secs] 
5234.069: [GC (Allocation Failure) [PSYoungGen: 448912K->104192K(498688K)] 728619K->515439K(1896960K), 0.0637326 secs] [Times: user=0.38 sys=0.00, real=0.06 secs] 
5235.462: [GC (Allocation Failure) [PSYoungGen: 417536K->143936K(502272K)] 828783K->657128K(1900544K), 0.0518669 secs] [Times: user=0.30 sys=0.00, real=0.06 secs] 
5237.611: [GC (Allocation Failure) [PSYoungGen: 457280K->106624K(503808K)] 970472K->754416K(1902080K), 0.0750174 secs] [Times: user=0.44 sys=0.00, real=0.08 secs] 
5239.285: [GC (Allocation Failure) [PSYoungGen: 425600K->171360K(490496K)] 1073392K->923627K(1888768K), 0.0552507 secs] [Times: user=0.33 sys=0.00, real=0.05 secs] 
5241.712: [GC (GCLocker Initiated GC) [PSYoungGen: 490336K->105264K(503808K)] 1242604K->995701K(1902080K), 0.0768489 secs] [Times: user=0.46 sys=0.00, real=0.08 secs] 
5244.373: [GC (Allocation Failure) [PSYoungGen: 410416K->137792K(443392K)] 1300856K->1130960K(1841664K), 0.0539849 secs] [Times: user=0.32 sys=0.00, real=0.06 secs] 
5246.447: [GC (Allocation Failure) [PSYoungGen: 442944K->104704K(501248K)] 1436112K->1226252K(1899520K), 0.0651229 secs] [Times: user=0.38 sys=0.00, real=0.06 secs] 
5248.021: [GC (Allocation Failure) [PSYoungGen: 412928K->138576K(498176K)] 1534476K->1363566K(1896448K), 0.0563956 secs] [Times: user=0.33 sys=0.00, real=0.06 secs] 
5248.077: [Full GC (Ergonomics) [PSYoungGen: 138576K->0K(498176K)] [ParOldGen: 1224989K->161313K(1398272K)] 1363566K->161313K(1896448K), [Metaspace: 59692K->59692K(1105920K)], 0.3788621 secs] [Times: user=1.74 sys=0.01, real=0.38 secs] 
5250.615: [GC (Allocation Failure) [PSYoungGen: 308224K->106192K(505856K)] 469537K->267506K(1904128K), 0.0382512 secs] [Times: user=0.23 sys=0.00, real=0.04 secs] 
5252.632: [GC (Allocation Failure) [PSYoungGen: 425168K->142848K(504832K)] 586482K->408646K(1903104K), 0.0546875 secs] [Times: user=0.32 sys=0.00, real=0.06 secs] 
5253.814: [GC (Allocation Failure) [PSYoungGen: 461824K->109584K(506880K)] 727622K->508855K(1905152K), 0.0752884 secs] [Times: user=0.44 sys=0.00, real=0.07 secs] 
5256.075: [GC (Allocation Failure) [PSYoungGen: 435728K->146832K(509440K)] 834999K->654112K(1907712K), 0.0542285 secs] [Times: user=0.32 sys=0.00, real=0.05 secs] 
5258.029: [GC (Allocation Failure) [PSYoungGen: 472976K->110144K(512000K)] 980256K->755455K(1910272K), 0.0653638 secs] [Times: user=0.38 sys=0.00, real=0.07 secs] 
5260.691: [GC (Allocation Failure) [PSYoungGen: 439872K->152896K(482816K)] 1085183K->905592K(1881088K), 0.0543649 secs] [Times: user=0.32 sys=0.00, real=0.06 secs] 
5263.132: [GC (Allocation Failure) [PSYoungGen: 482624K->107421K(514048K)] 1235320K->1004102K(1912320K), 0.0993658 secs] [Times: user=0.59 sys=0.01, real=0.10 secs] 
5264.859: [GC (Allocation Failure) [PSYoungGen: 434077K->153248K(480256K)] 1330758K->1153537K(1878528K), 0.0551576 secs] [Times: user=0.32 sys=0.00, real=0.06 secs] 
5268.211: [GC (Allocation Failure) [PSYoungGen: 479904K->111904K(513024K)] 1480193K->1256473K(1911296K), 0.1725231 secs] [Times: user=1.02 sys=0.00, real=0.17 secs] 
5270.287: [GC (Allocation Failure) [PSYoungGen: 431446K->145280K(509440K)] 1576016K->1398498K(1907712K), 0.1334504 secs] [Times: user=0.79 sys=0.01, real=0.13 secs] 
5270.420: [Full GC (Ergonomics) [PSYoungGen: 145280K->0K(509440K)] [ParOldGen: 1253218K->195874K(1398272K)] 1398498K->195874K(1907712K), [Metaspace: 59736K->59736K(1105920K)], 0.5283717 secs] [Times: user=2.52 sys=0.00, real=0.53 secs] 
5273.041: [GC (Allocation Failure) [PSYoungGen: 323584K->105568K(510976K)] 519458K->301442K(1909248K), 0.0332629 secs] [Times: user=0.19 sys=0.00, real=0.04 secs] 
5274.390: [GC (Allocation Failure) [PSYoungGen: 418522K->145632K(510464K)] 614397K->443287K(1908736K), 0.0497323 secs] [Times: user=0.30 sys=0.00, real=0.05 secs] 
5276.861: [GC (Allocation Failure) [PSYoungGen: 471264K->107728K(510464K)] 768919K->542204K(1908736K), 0.0938548 secs] [Times: user=0.56 sys=0.00, real=0.10 secs] 
5278.179: [GC (GCLocker Initiated GC) [PSYoungGen: 435408K->153808K(481792K)] 869884K->692117K(1880064K), 0.1058913 secs] [Times: user=0.59 sys=0.01, real=0.11 secs] 
5281.659: [GC (Allocation Failure) [PSYoungGen: 481488K->98304K(510976K)] 1019799K->789758K(1909248K), 0.1670387 secs] [Times: user=0.99 sys=0.00, real=0.17 secs] 
5283.082: [GC (Allocation Failure) [PSYoungGen: 420864K->155168K(478208K)] 1112318K->938695K(1876480K), 0.0817558 secs] [Times: user=0.49 sys=0.00, real=0.09 secs] 
5286.801: [GC (Allocation Failure) [PSYoungGen: 477728K->97376K(507392K)] 1261255K->1035855K(1905664K), 0.1775898 secs] [Times: user=1.06 sys=0.00, real=0.18 secs] 
5287.253: [GC (Allocation Failure) [PSYoungGen: 412256K->153744K(468992K)] 1350735K->1183781K(1867264K), 0.0574076 secs] [Times: user=0.34 sys=0.01, real=0.06 secs] 
5290.031: [GC (Allocation Failure) [PSYoungGen: 468624K->91248K(503808K)] 1498661K->1274889K(1902080K), 0.1806094 secs] [Times: user=1.07 sys=0.00, real=0.18 secs] 
5290.523: [GC (Allocation Failure) [PSYoungGen: 399984K->149248K(458240K)] 1583625K->1417587K(1856512K), 0.0537879 secs] [Times: user=0.31 sys=0.00, real=0.06 secs] 
5290.577: [Full GC (Ergonomics) [PSYoungGen: 149248K->0K(458240K)] [ParOldGen: 1268339K->217030K(1398272K)] 1417587K->217030K(1856512K), [Metaspace: 59753K->59753K(1105920K)], 0.5132220 secs] [Times: user=2.40 sys=0.00, real=0.51 secs] 
5295.006: [GC (Allocation Failure) [PSYoungGen: 308736K->90240K(502784K)] 525766K->307270K(1901056K), 0.1377350 secs] [Times: user=0.81 sys=0.00, real=0.14 secs] 
5295.892: [GC (Allocation Failure) [PSYoungGen: 395904K->147952K(453632K)] 612934K->448613K(1851904K), 0.0846298 secs] [Times: user=0.50 sys=0.01, real=0.09 secs] 
5299.086: [GC (Allocation Failure) [PSYoungGen: 450874K->91600K(502272K)] 751534K->539901K(1900544K), 0.1720854 secs] [Times: user=1.02 sys=0.00, real=0.17 secs] 
5299.914: [GC (Allocation Failure) [PSYoungGen: 389643K->138272K(442880K)] 837943K->674705K(1841152K), 0.1115182 secs] [Times: user=0.66 sys=0.01, real=0.11 secs] 
5302.587: [GC (Allocation Failure) [PSYoungGen: 442400K->99232K(501760K)] 978833K->765265K(1900032K), 0.0621718 secs] [Times: user=0.36 sys=0.00, real=0.06 secs] 
5304.020: [GC (Allocation Failure) [PSYoungGen: 405920K->143072K(499200K)] 1071953K->905082K(1897472K), 0.0499123 secs] [Times: user=0.29 sys=0.01, real=0.05 secs] 
5307.272: [GC (Allocation Failure) [PSYoungGen: 449760K->98832K(503296K)] 1211770K->994690K(1901568K), 0.1665504 secs] [Times: user=0.99 sys=0.01, real=0.17 secs] 
5309.632: [GC (Allocation Failure) [PSYoungGen: 412176K->144576K(503808K)] 1308034K->1136351K(1902080K), 0.0509060 secs] [Times: user=0.29 sys=0.00, real=0.05 secs] 
5310.950: [GC (Allocation Failure) [PSYoungGen: 457920K->104320K(503296K)] 1449695K->1231595K(1901568K), 0.0654678 secs] [Times: user=0.39 sys=0.00, real=0.07 secs] 
5313.133: [GC (Allocation Failure) [PSYoungGen: 420224K->144976K(504832K)] 1547499K->1374316K(1903104K), 0.0529223 secs] [Times: user=0.32 sys=0.00, real=0.06 secs] 
5313.186: [Full GC (Ergonomics) [PSYoungGen: 144976K->0K(504832K)] [ParOldGen: 1229339K->180563K(1398272K)] 1374316K->180563K(1903104K), [Metaspace: 59753K->59753K(1105920K)], 0.4373261 secs] [Times: user=2.03 sys=0.00, real=0.43 secs] 
5314.673: [GC (Allocation Failure) [PSYoungGen: 315904K->109408K(503296K)] 496467K->289971K(1901568K), 0.0343468 secs] [Times: user=0.20 sys=0.00, real=0.04 secs] 
5316.296: [GC (Allocation Failure) [PSYoungGen: 428896K->147088K(505856K)] 609459K->433524K(1904128K), 0.0538172 secs] [Times: user=0.32 sys=0.00, real=0.05 secs] 
5318.969: [GC (Allocation Failure) [PSYoungGen: 466576K->109536K(507392K)] 753012K->533008K(1905664K), 0.0649342 secs] [Times: user=0.39 sys=0.00, real=0.06 secs] 
5320.521: [GC (Allocation Failure) [PSYoungGen: 432608K->157360K(480768K)] 856080K->686869K(1879040K), 0.0547168 secs] [Times: user=0.32 sys=0.00, real=0.06 secs] 
5323.410: [GC (Allocation Failure) [PSYoungGen: 480432K->110240K(510464K)] 1009941K->779296K(1908736K), 0.0667553 secs] [Times: user=0.40 sys=0.00, real=0.07 secs] 
5324.218: [GC (Allocation Failure) [PSYoungGen: 419289K->145120K(506880K)] 1088346K->920845K(1905152K), 0.0542595 secs] [Times: user=0.32 sys=0.01, real=0.05 secs] 
5326.148: [GC (Allocation Failure) [PSYoungGen: 463584K->103360K(507904K)] 1239309K->1015477K(1906176K), 0.1027983 secs] [Times: user=0.61 sys=0.01, real=0.10 secs] 
5327.707: [GC (Allocation Failure) [PSYoungGen: 417609K->146800K(507904K)] 1329727K->1158967K(1906176K), 0.0521865 secs] [Times: user=0.31 sys=0.00, real=0.05 secs] 
5329.558: [GC (Allocation Failure) [PSYoungGen: 467824K->103424K(509952K)] 1479991K->1253970K(1908224K), 0.1329463 secs] [Times: user=0.71 sys=0.00, real=0.13 secs] 
5331.715: [GC (Allocation Failure) [PSYoungGen: 415587K->147360K(509952K)] 1566134K->1397899K(1908224K), 0.0531640 secs] [Times: user=0.32 sys=0.00, real=0.05 secs] 
5331.768: [Full GC (Ergonomics) [PSYoungGen: 147360K->0K(509952K)] [ParOldGen: 1250539K->195886K(1398272K)] 1397899K->195886K(1908224K), [Metaspace: 59753K->59753K(1105920K)], 0.4823005 secs] [Times: user=2.23 sys=0.00, real=0.48 secs] 
5334.856: [GC (Allocation Failure) [PSYoungGen: 323072K->105296K(508928K)] 518958K->301183K(1907200K), 0.0633795 secs] [Times: user=0.37 sys=0.00, real=0.06 secs] 
5336.731: [GC (Allocation Failure) [PSYoungGen: 415732K->145920K(509440K)] 611619K->442951K(1907712K), 0.0610173 secs] [Times: user=0.36 sys=0.00, real=0.06 secs] 
5338.390: [GC (Allocation Failure) [PSYoungGen: 468992K->106096K(509440K)] 766023K->540608K(1907712K), 0.0675562 secs] [Times: user=0.40 sys=0.00, real=0.07 secs] 
5340.455: [GC (Allocation Failure) [PSYoungGen: 417371K->145184K(509952K)] 851883K->681552K(1908224K), 0.0502692 secs] [Times: user=0.30 sys=0.00, real=0.05 secs] 
5343.104: [GC (Allocation Failure) [PSYoungGen: 469280K->110800K(507392K)] 1005648K->783925K(1905664K), 0.1036254 secs] [Times: user=0.62 sys=0.00, real=0.10 secs] 
5344.330: [GC (Allocation Failure) [PSYoungGen: 436432K->151776K(509440K)] 1109557K->931625K(1907712K), 0.0535267 secs] [Times: user=0.31 sys=0.01, real=0.05 secs] 
5348.380: [GC (Allocation Failure) [PSYoungGen: 477408K->97616K(512000K)] 1257257K->1028430K(1910272K), 0.1452213 secs] [Times: user=0.86 sys=0.00, real=0.15 secs] 
5349.640: [GC (Allocation Failure) [PSYoungGen: 421712K->155344K(479744K)] 1352526K->1178335K(1878016K), 0.1487716 secs] [Times: user=0.88 sys=0.00, real=0.15 secs] 
5352.933: [GC (Allocation Failure) [PSYoungGen: 479440K->96272K(507904K)] 1502431K->1274219K(1906176K), 0.1606268 secs] [Times: user=0.96 sys=0.00, real=0.16 secs] 
5354.106: [GC (Allocation Failure) [PSYoungGen: 412176K->151552K(467968K)] 1590123K->1419791K(1866240K), 0.1230186 secs] [Times: user=0.73 sys=0.01, real=0.12 secs] 
5354.229: [Full GC (Ergonomics) [PSYoungGen: 151552K->0K(467968K)] [ParOldGen: 1268239K->218127K(1398272K)] 1419791K->218127K(1866240K), [Metaspace: 59753K->59753K(1105920K)], 0.5569168 secs] [Times: user=2.64 sys=0.00, real=0.56 secs] 
5356.967: [GC (Allocation Failure) [PSYoungGen: 315904K->92192K(505344K)] 534031K->310319K(1903616K), 0.1339142 secs] [Times: user=0.79 sys=0.00, real=0.13 secs] 
5357.819: [GC (Allocation Failure) [PSYoungGen: 402976K->151024K(461824K)] 621103K->455746K(1860096K), 0.0536089 secs] [Times: user=0.32 sys=0.00, real=0.05 secs] 
5361.126: [GC (Allocation Failure) [PSYoungGen: 461808K->94096K(503296K)] 766530K->549514K(1901568K), 0.1559429 secs] [Times: user=0.93 sys=0.00, real=0.15 secs] 
5361.948: [GC (Allocation Failure) [PSYoungGen: 400784K->148976K(455680K)] 856202K->688191K(1853952K), 0.0534892 secs] [Times: user=0.31 sys=0.01, real=0.05 secs] 
5365.422: [GC (Allocation Failure) [PSYoungGen: 455664K->87968K(501760K)] 994879K->775694K(1900032K), 0.1606444 secs] [Times: user=0.95 sys=0.00, real=0.16 secs] 
5366.044: [GC (Allocation Failure) [PSYoungGen: 379731K->139296K(443904K)] 1067458K->911231K(1842176K), 0.0488373 secs] [Times: user=0.29 sys=0.00, real=0.04 secs] 
5367.858: [GC (Allocation Failure) [PSYoungGen: 443424K->98944K(503296K)] 1215359K->1001759K(1901568K), 0.0843788 secs] [Times: user=0.50 sys=0.00, real=0.08 secs] 
5369.141: [GC (Allocation Failure) [PSYoungGen: 406144K->143680K(500224K)] 1308959K->1141772K(1898496K), 0.0495308 secs] [Times: user=0.29 sys=0.00, real=0.05 secs] 
5371.217: [GC (Allocation Failure) [PSYoungGen: 450880K->100560K(501760K)] 1448972K->1233125K(1900032K), 0.0981159 secs] [Times: user=0.59 sys=0.00, real=0.10 secs] 
5372.115: [GC (Allocation Failure) [PSYoungGen: 412368K->148384K(502784K)] 1544933K->1378097K(1901056K), 0.0521691 secs] [Times: user=0.31 sys=0.00, real=0.05 secs] 
5372.167: [Full GC (Ergonomics) [PSYoungGen: 148384K->0K(502784K)] [ParOldGen: 1229713K->186504K(1398272K)] 1378097K->186504K(1901056K), [Metaspace: 59753K->59753K(1105920K)], 0.4478846 secs] [Times: user=2.06 sys=0.00, real=0.45 secs] 
5375.134: [GC (Allocation Failure) [PSYoungGen: 310387K->99568K(504832K)] 496891K->286072K(1903104K), 0.0431305 secs] [Times: user=0.25 sys=0.00, real=0.05 secs] 
5376.209: [GC (Allocation Failure) [PSYoungGen: 413424K->146592K(504832K)] 599928K->430165K(1903104K), 0.0504886 secs] [Times: user=0.29 sys=0.00, real=0.05 secs] 
5378.214: [GC (Allocation Failure) [PSYoungGen: 460448K->103024K(503296K)] 744021K->523950K(1901568K), 0.0647715 secs] [Times: user=0.38 sys=0.00, real=0.06 secs] 
5379.787: [GC (Allocation Failure) [PSYoungGen: 417392K->144880K(504320K)] 838318K->666815K(1902592K), 0.1096852 secs] [Times: user=0.65 sys=0.00, real=0.11 secs] 
5382.923: [GC (Allocation Failure) [PSYoungGen: 459248K->102192K(504832K)] 981183K->760507K(1903104K), 0.0649482 secs] [Times: user=0.39 sys=0.00, real=0.07 secs] 
5385.160: [GC (Allocation Failure) [PSYoungGen: 419120K->143136K(505856K)] 1077435K->901231K(1904128K), 0.0512598 secs] [Times: user=0.30 sys=0.00, real=0.05 secs] 
5387.359: [GC (Allocation Failure) [PSYoungGen: 460064K->108128K(503808K)] 1218159K->1000003K(1902080K), 0.0689571 secs] [Times: user=0.41 sys=0.01, real=0.07 secs] 
5389.929: [GC (Allocation Failure) [PSYoungGen: 428128K->146416K(506368K)] 1320003K->1144137K(1904640K), 0.0548519 secs] [Times: user=0.32 sys=0.00, real=0.06 secs] 
5392.383: [GC (Allocation Failure) [PSYoungGen: 466416K->103808K(508928K)] 1464137K->1239008K(1907200K), 0.0724144 secs] [Times: user=0.43 sys=0.00, real=0.08 secs] 
5395.266: [GC (Allocation Failure) [PSYoungGen: 427392K->146080K(509440K)] 1562592K->1382545K(1907712K), 0.0532126 secs] [Times: user=0.31 sys=0.00, real=0.05 secs] 
5395.319: [Full GC (Ergonomics) [PSYoungGen: 146080K->0K(509440K)] [ParOldGen: 1236465K->180897K(1398272K)] 1382545K->180897K(1907712K), [Metaspace: 59753K->59753K(1105920K)], 0.4351510 secs] [Times: user=2.01 sys=0.00, real=0.44 secs] 
5397.130: [GC (Allocation Failure) [PSYoungGen: 323584K->112032K(507392K)] 504481K->292929K(1905664K), 0.0343313 secs] [Times: user=0.20 sys=0.00, real=0.04 secs] 
5398.983: [GC (Allocation Failure) [PSYoungGen: 436640K->150896K(508928K)] 617537K->440427K(1907200K), 0.1426131 secs] [Times: user=0.85 sys=0.00, real=0.15 secs] 
5401.711: [GC (Allocation Failure) [PSYoungGen: 475504K->109280K(510976K)] 765035K->541026K(1909248K), 0.0774647 secs] [Times: user=0.46 sys=0.00, real=0.08 secs] 
5404.876: [GC (Allocation Failure) [PSYoungGen: 427567K->145312K(510464K)] 859313K->682647K(1908736K), 0.1333336 secs] [Times: user=0.79 sys=0.00, real=0.13 secs] 
5407.857: [GC (Allocation Failure) [PSYoungGen: 470944K->105888K(511488K)] 1008279K->780031K(1909760K), 0.1643696 secs] [Times: user=0.97 sys=0.01, real=0.16 secs] 
5409.090: [GC (Allocation Failure) [PSYoungGen: 433568K->155744K(483840K)] 1107711K->932064K(1882112K), 0.0550863 secs] [Times: user=0.33 sys=0.00, real=0.06 secs] 
5412.104: [GC (GCLocker Initiated GC) [PSYoungGen: 483424K->96864K(509952K)] 1259744K->1028768K(1908224K), 0.1736380 secs] [Times: user=0.85 sys=0.00, real=0.17 secs] 
5413.508: [GC (Allocation Failure) [PSYoungGen: 416864K->152800K(473088K)] 1348771K->1175520K(1871360K), 0.0904281 secs] [Times: user=0.54 sys=0.00, real=0.09 secs] 
5416.212: [GC (Allocation Failure) [PSYoungGen: 472800K->97120K(507392K)] 1495520K->1272416K(1905664K), 0.1697229 secs] [Times: user=1.01 sys=0.01, real=0.17 secs] 
5416.697: [GC (Allocation Failure) [PSYoungGen: 411488K->151920K(466432K)] 1586784K->1418010K(1864704K), 0.0564516 secs] [Times: user=0.34 sys=0.00, real=0.05 secs] 
5416.753: [Full GC (Ergonomics) [PSYoungGen: 151920K->0K(466432K)] [ParOldGen: 1266089K->215366K(1398272K)] 1418010K->215366K(1864704K), [Metaspace: 59753K->59753K(1105920K)], 0.5161046 secs] [Times: user=2.42 sys=0.00, real=0.52 secs] 
5419.552: [GC (Allocation Failure) [PSYoungGen: 314368K->93616K(504832K)] 529734K->308983K(1903104K), 0.1356563 secs] [Times: user=0.80 sys=0.00, real=0.14 secs] 
5420.344: [GC (Allocation Failure) [PSYoungGen: 403376K->150176K(460288K)] 618743K->452315K(1858560K), 0.0539724 secs] [Times: user=0.32 sys=0.00, real=0.05 secs] 
5424.521: [GC (Allocation Failure) [PSYoungGen: 456678K->87504K(502784K)] 758818K->539532K(1901056K), 0.1752421 secs] [Times: user=1.04 sys=0.00, real=0.18 secs] 
5425.508: [GC (Allocation Failure) [PSYoungGen: 386640K->138384K(444928K)] 838667K->673296K(1843200K), 0.0531293 secs] [Times: user=0.30 sys=0.01, real=0.05 secs] 
5427.821: [GC (Allocation Failure) [PSYoungGen: 444560K->100864K(504320K)] 979472K->765404K(1902592K), 0.0771628 secs] [Times: user=0.46 sys=0.00, real=0.08 secs] 
5430.233: [GC (Allocation Failure) [PSYoungGen: 410112K->141376K(501248K)] 1074652K->903753K(1899520K), 0.1212864 secs] [Times: user=0.71 sys=0.01, real=0.13 secs] 
5432.282: [GC (Allocation Failure) [PSYoungGen: 450624K->102848K(503808K)] 1213001K->998009K(1902080K), 0.0636305 secs] [Times: user=0.38 sys=0.00, real=0.07 secs] 
5434.348: [GC (Allocation Failure) [PSYoungGen: 417728K->147280K(503808K)] 1312889K->1142166K(1902080K), 0.1463606 secs] [Times: user=0.87 sys=0.00, real=0.15 secs] 
5437.647: [GC (Allocation Failure) [PSYoungGen: 462160K->100928K(507392K)] 1457046K->1234658K(1905664K), 0.1088622 secs] [Times: user=0.65 sys=0.01, real=0.11 secs] 
5439.878: [GC (Allocation Failure) [PSYoungGen: 419392K->149376K(467968K)] 1553122K->1380158K(1866240K), 0.0519095 secs] [Times: user=0.30 sys=0.00, real=0.05 secs] 
5439.930: [Full GC (Ergonomics) [PSYoungGen: 149376K->0K(467968K)] [ParOldGen: 1230782K->187306K(1398272K)] 1380158K->187306K(1866240K), [Metaspace: 59753K->59733K(1105920K)], 0.4587023 secs] [Times: user=2.12 sys=0.00, real=0.46 secs] 
5441.454: [GC (Allocation Failure) [PSYoungGen: 318464K->105121K(509952K)] 505770K->292428K(1908224K), 0.0326479 secs] [Times: user=0.19 sys=0.00, real=0.03 secs] 
5443.939: [GC (Allocation Failure) [PSYoungGen: 422561K->148928K(506368K)] 609868K->437512K(1904640K), 0.0511501 secs] [Times: user=0.30 sys=0.00, real=0.05 secs] 
5445.492: [GC (GCLocker Initiated GC) [PSYoungGen: 466368K->105808K(506880K)] 754952K->534521K(1905152K), 0.0893013 secs] [Times: user=0.53 sys=0.00, real=0.09 secs] 
5447.728: [GC (Allocation Failure) [PSYoungGen: 423760K->146688K(506880K)] 852477K->677701K(1905152K), 0.0881554 secs] [Times: user=0.52 sys=0.00, real=0.09 secs] 
5450.012: [GC (Allocation Failure) [PSYoungGen: 464640K->103904K(505856K)] 995653K->772869K(1904128K), 0.0764168 secs] [Times: user=0.44 sys=0.01, real=0.08 secs] 
5452.108: [GC (Allocation Failure) [PSYoungGen: 422880K->146784K(506880K)] 1091845K->916658K(1905152K), 0.0690096 secs] [Times: user=0.41 sys=0.00, real=0.07 secs] 
5453.946: [GC (Allocation Failure) [PSYoungGen: 465760K->107232K(506880K)] 1235634K->1015450K(1905152K), 0.0844441 secs] [Times: user=0.50 sys=0.01, real=0.08 secs] 
5455.456: [GC (Allocation Failure) [PSYoungGen: 423219K->147168K(507904K)] 1331438K->1159071K(1906176K), 0.0523608 secs] [Times: user=0.31 sys=0.00, real=0.05 secs] 
5456.977: [GC (Allocation Failure) [PSYoungGen: 468192K->107968K(508416K)] 1480095K->1257975K(1906688K), 0.0655916 secs] [Times: user=0.39 sys=0.00, real=0.06 secs] 
5458.810: [GC (Allocation Failure) [PSYoungGen: 417738K->143039K(508928K)] 1567746K->1397227K(1907200K), 0.0522984 secs] [Times: user=0.30 sys=0.00, real=0.05 secs] 
5458.862: [Full GC (Ergonomics) [PSYoungGen: 143039K->0K(508928K)] [ParOldGen: 1254188K->195848K(1398272K)] 1397227K->195848K(1907200K), [Metaspace: 59733K->59733K(1105920K)], 0.4810023 secs] [Times: user=2.24 sys=0.01, real=0.48 secs] 
5460.713: [GC (Allocation Failure) [PSYoungGen: 322560K->109184K(506880K)] 518408K->305032K(1905152K), 0.0440485 secs] [Times: user=0.25 sys=0.00, real=0.05 secs] 
5461.526: [GC (Allocation Failure) [PSYoungGen: 434816K->152912K(509440K)] 630664K->454566K(1907712K), 0.1061753 secs] [Times: user=0.62 sys=0.00, real=0.10 secs] 
5464.305: [GC (Allocation Failure) [PSYoungGen: 478544K->101344K(512000K)] 780198K->555417K(1910272K), 0.1628336 secs] [Times: user=0.97 sys=0.00, real=0.16 secs] 
5464.939: [GC (Allocation Failure) [PSYoungGen: 424928K->157536K(481280K)] 879001K->707358K(1879552K), 0.0798114 secs] [Times: user=0.48 sys=0.00, real=0.08 secs] 
5467.946: [GC (Allocation Failure) [PSYoungGen: 481120K->96224K(507392K)] 1030942K->803498K(1905664K), 0.1336723 secs] [Times: user=0.79 sys=0.00, real=0.13 secs] 
5468.334: [GC (Allocation Failure) [PSYoungGen: 411104K->152480K(467456K)] 1118378K->949931K(1865728K), 0.0566262 secs] [Times: user=0.33 sys=0.00, real=0.05 secs] 
5473.103: [GC (Allocation Failure) [PSYoungGen: 467360K->91360K(504320K)] 1264811K->1041195K(1902592K), 0.1426255 secs] [Times: user=0.85 sys=0.00, real=0.15 secs] 
5473.468: [GC (Allocation Failure) [PSYoungGen: 400608K->148784K(458240K)] 1350443K->1184212K(1856512K), 0.0551632 secs] [Times: user=0.32 sys=0.01, real=0.05 secs] 
5476.450: [GC (Allocation Failure) [PSYoungGen: 458032K->90880K(503296K)] 1493460K->1274220K(1901568K), 0.1705038 secs] [Times: user=1.01 sys=0.00, real=0.17 secs] 
5476.888: [GC (Allocation Failure) [PSYoungGen: 397568K->166128K(473088K)] 1580908K->1434453K(1871360K), 0.0560837 secs] [Times: user=0.33 sys=0.00, real=0.06 secs] 
5476.944: [Full GC (Ergonomics) [PSYoungGen: 166128K->0K(473088K)] [ParOldGen: 1268325K->217072K(1398272K)] 1434453K->217072K(1871360K), [Metaspace: 59733K->59733K(1105920K)], 0.5112869 secs] [Times: user=2.36 sys=0.00, real=0.51 secs] 
5480.412: [GC (Allocation Failure) [PSYoungGen: 306688K->86112K(495104K)] 523760K->303185K(1893376K), 0.1348088 secs] [Times: user=0.80 sys=0.00, real=0.14 secs] 
5480.987: [GC (Allocation Failure) [PSYoungGen: 368728K->137200K(428032K)] 585801K->434674K(1826304K), 0.0464556 secs] [Times: user=0.27 sys=0.00, real=0.04 secs] 
5482.100: [GC (Allocation Failure) [PSYoungGen: 428016K->93408K(494592K)] 725490K->519417K(1892864K), 0.0614834 secs] [Times: user=0.36 sys=0.00, real=0.06 secs] 
5485.040: [GC (Allocation Failure) [PSYoungGen: 386784K->136064K(492032K)] 812793K->651702K(1890304K), 0.0476395 secs] [Times: user=0.28 sys=0.00, real=0.05 secs] 
5486.261: [GC (Allocation Failure) [PSYoungGen: 429440K->96832K(497152K)] 945078K->739438K(1895424K), 0.0636478 secs] [Times: user=0.36 sys=0.01, real=0.07 secs] 
5489.478: [GC (Allocation Failure) [PSYoungGen: 398912K->136160K(495616K)] 1041518K->872963K(1893888K), 0.0542830 secs] [Times: user=0.33 sys=0.00, real=0.05 secs] 
5490.759: [GC (Allocation Failure) [PSYoungGen: 438240K->105936K(500224K)] 1175043K->969735K(1898496K), 0.0637671 secs] [Times: user=0.38 sys=0.00, real=0.06 secs] 
5492.981: [GC (GCLocker Initiated GC) [PSYoungGen: 419280K->133664K(501248K)] 1283080K->1102505K(1899520K), 0.0678553 secs] [Times: user=0.41 sys=0.00, real=0.07 secs] 
5494.169: [GC (Allocation Failure) [PSYoungGen: 447008K->115488K(501760K)] 1415856K->1208420K(1900032K), 0.0668010 secs] [Times: user=0.40 sys=0.01, real=0.07 secs] 
5495.982: [GC (Allocation Failure) [PSYoungGen: 440608K->140080K(505856K)] 1533540K->1347706K(1904128K), 0.0643019 secs] [Times: user=0.38 sys=0.01, real=0.07 secs] 
5498.350: [GC (Allocation Failure) [PSYoungGen: 465200K->113920K(510976K)] 1672826K->1452649K(1909248K), 0.0678735 secs] [Times: user=0.40 sys=0.01, real=0.07 secs] 
5498.418: [Full GC (Ergonomics) [PSYoungGen: 113920K->0K(510976K)] [ParOldGen: 1338729K->21766K(1398272K)] 1452649K->21766K(1909248K), [Metaspace: 59733K->59733K(1105920K)], 0.0343479 secs] [Times: user=0.08 sys=0.00, real=0.03 secs] 
5500.928: [GC (Allocation Failure) [PSYoungGen: 336384K->150176K(514048K)] 358150K->171942K(1912320K), 0.0674063 secs] [Times: user=0.40 sys=0.00, real=0.07 secs] 
5504.069: [GC (Allocation Failure) [PSYoungGen: 486560K->119024K(516608K)] 508326K->282575K(1914880K), 0.0668464 secs] [Times: user=0.40 sys=0.00, real=0.07 secs] 
5506.441: [GC (Allocation Failure) [PSYoungGen: 457968K->155744K(495104K)] 621519K->432924K(1893376K), 0.0560868 secs] [Times: user=0.33 sys=0.00, real=0.06 secs] 
5508.530: [GC (Allocation Failure) [PSYoungGen: 494688K->114272K(518144K)] 771868K->538024K(1916416K), 0.1031309 secs] [Times: user=0.61 sys=0.00, real=0.10 secs] 
5509.395: [GC (Allocation Failure) [PSYoungGen: 448608K->155840K(490496K)] 872360K->689947K(1888768K), 0.0868741 secs] [Times: user=0.51 sys=0.00, real=0.08 secs] 
5511.900: [GC (Allocation Failure) [PSYoungGen: 490176K->106864K(514560K)] 1024283K->795616K(1912832K), 0.1479619 secs] [Times: user=0.87 sys=0.00, real=0.15 secs] 
5512.345: [GC (Allocation Failure) [PSYoungGen: 435056K->159600K(487936K)] 1123808K->949756K(1886208K), 0.0595742 secs] [Times: user=0.35 sys=0.00, real=0.06 secs] 
5514.436: [GC (Allocation Failure) [PSYoungGen: 487792K->103632K(509952K)] 1277948K->1053260K(1908224K), 0.1238839 secs] [Times: user=0.73 sys=0.00, real=0.12 secs] 
5515.729: [GC (Allocation Failure) [PSYoungGen: 423120K->150560K(470528K)] 1372748K->1198069K(1868800K), 0.1643765 secs] [Times: user=0.98 sys=0.00, real=0.16 secs] 
5519.012: [GC (Allocation Failure) [PSYoungGen: 470048K->93008K(507392K)] 1517557K->1290701K(1905664K), 0.1200503 secs] [Times: user=0.71 sys=0.00, real=0.12 secs] 
5519.132: [Full GC (Ergonomics) [PSYoungGen: 93008K->0K(507392K)] [ParOldGen: 1197693K->96655K(1398272K)] 1290701K->96655K(1905664K), [Metaspace: 59733K->59733K(1105920K)], 0.2446133 secs] [Times: user=1.13 sys=0.00, real=0.25 secs] 
5519.591: [GC (Allocation Failure) [PSYoungGen: 315904K->154144K(470528K)] 412559K->250799K(1868800K), 0.0334473 secs] [Times: user=0.20 sys=0.00, real=0.04 secs] 
5522.525: [GC (Allocation Failure) [PSYoungGen: 470048K->93296K(503808K)] 566703K->344056K(1902080K), 0.1138772 secs] [Times: user=0.68 sys=0.00, real=0.11 secs] 
5523.698: [GC (Allocation Failure) [PSYoungGen: 401520K->147072K(455680K)] 652280K->485136K(1853952K), 0.1434047 secs] [Times: user=0.85 sys=0.00, real=0.14 secs] 
5526.882: [GC (Allocation Failure) [PSYoungGen: 455296K->91024K(503296K)] 793360K->575785K(1901568K), 0.1061429 secs] [Times: user=0.63 sys=0.00, real=0.11 secs] 
5527.390: [GC (Allocation Failure) [PSYoungGen: 398224K->148992K(456704K)] 882985K->718873K(1854976K), 0.0758551 secs] [Times: user=0.45 sys=0.00, real=0.08 secs] 
5529.415: [GC (Allocation Failure) [PSYoungGen: 456192K->90432K(502272K)] 1026073K->809337K(1900544K), 0.1250778 secs] [Times: user=0.74 sys=0.00, real=0.12 secs] 
5531.500: [GC (Allocation Failure) [PSYoungGen: 395072K->145040K(501248K)] 1113977K->947451K(1899520K), 0.1387744 secs] [Times: user=0.82 sys=0.00, real=0.14 secs] 
5534.098: [GC (Allocation Failure) [PSYoungGen: 449680K->87936K(501248K)] 1252091K->1035146K(1899520K), 0.1311740 secs] [Times: user=0.78 sys=0.00, real=0.13 secs] 
5534.488: [GC (Allocation Failure) [PSYoungGen: 392576K->148896K(453632K)] 1339786K->1178100K(1851904K), 0.0551879 secs] [Times: user=0.33 sys=0.00, real=0.05 secs] 
5537.610: [GC (Allocation Failure) [PSYoungGen: 453536K->90368K(501248K)] 1482740K->1268344K(1899520K), 0.1180511 secs] [Times: user=0.70 sys=0.00, real=0.12 secs] 
5538.238: [GC (Allocation Failure) [PSYoungGen: 392448K->144384K(499712K)] 1570424K->1406625K(1897984K), 0.0677319 secs] [Times: user=0.39 sys=0.01, real=0.07 secs] 
5538.306: [Full GC (Ergonomics) [PSYoungGen: 144384K->0K(499712K)] [ParOldGen: 1262241K->207717K(1398272K)] 1406625K->207717K(1897984K), [Metaspace: 59733K->59733K(1105920K)], 0.4948650 secs] [Times: user=2.32 sys=0.00, real=0.49 secs] 
5541.351: [GC (Allocation Failure) [PSYoungGen: 302080K->91264K(498176K)] 509797K->298981K(1896448K), 0.0949821 secs] [Times: user=0.56 sys=0.00, real=0.10 secs] 
5542.212: [GC (Allocation Failure) [PSYoungGen: 392565K->139872K(499200K)] 600283K->435330K(1897472K), 0.0491224 secs] [Times: user=0.29 sys=0.00, real=0.05 secs] 
5545.019: [GC (Allocation Failure) [PSYoungGen: 442464K->96208K(495616K)] 737922K->523039K(1893888K), 0.0631084 secs] [Times: user=0.37 sys=0.00, real=0.06 secs] 
5547.292: [GC (Allocation Failure) [PSYoungGen: 402384K->148288K(499200K)] 829215K->667643K(1897472K), 0.0502727 secs] [Times: user=0.29 sys=0.01, real=0.05 secs] 
5548.499: [GC (Allocation Failure) [PSYoungGen: 454464K->104608K(500224K)] 973819K->754767K(1898496K), 0.0824606 secs] [Times: user=0.49 sys=0.00, real=0.08 secs] 
5550.452: [GC (Allocation Failure) [PSYoungGen: 413856K->138368K(501248K)] 1064015K->891284K(1899520K), 0.1011154 secs] [Times: user=0.59 sys=0.00, real=0.10 secs] 
5552.307: [GC (Allocation Failure) [PSYoungGen: 447616K->103328K(499200K)] 1200532K->985948K(1897472K), 0.0766052 secs] [Times: user=0.46 sys=0.00, real=0.08 secs] 
5554.241: [GC (Allocation Failure) [PSYoungGen: 418720K->146288K(503296K)] 1301340K->1129642K(1901568K), 0.0534941 secs] [Times: user=0.32 sys=0.00, real=0.06 secs] 
5557.117: [GC (Allocation Failure) [PSYoungGen: 461680K->103024K(506880K)] 1445034K->1223666K(1905152K), 0.0659504 secs] [Times: user=0.39 sys=0.00, real=0.06 secs] 
5559.360: [GC (Allocation Failure) [PSYoungGen: 423024K->153920K(474112K)] 1543666K->1375382K(1872384K), 0.0533215 secs] [Times: user=0.31 sys=0.00, real=0.05 secs] 
5559.413: [Full GC (Ergonomics) [PSYoungGen: 153920K->0K(474112K)] [ParOldGen: 1221462K->173544K(1398272K)] 1375382K->173544K(1872384K), [Metaspace: 59733K->59733K(1105920K)], 0.4212095 secs] [Times: user=1.96 sys=0.00, real=0.43 secs] 
5560.916: [GC (Allocation Failure) [PSYoungGen: 320000K->110416K(510464K)] 493544K->283961K(1908736K), 0.0357756 secs] [Times: user=0.21 sys=0.00, real=0.03 secs] 
5562.238: [GC (Allocation Failure) [PSYoungGen: 427856K->147456K(505856K)] 601401K->429413K(1904128K), 0.0547526 secs] [Times: user=0.33 sys=0.00, real=0.05 secs] 
5565.002: [GC (Allocation Failure) [PSYoungGen: 464896K->105536K(506880K)] 746853K->526105K(1905152K), 0.1626028 secs] [Times: user=0.97 sys=0.01, real=0.17 secs] 
5567.030: [GC (Allocation Failure) [PSYoungGen: 425024K->146336K(507392K)] 845593K->669262K(1905664K), 0.0569241 secs] [Times: user=0.33 sys=0.00, real=0.06 secs] 
5569.067: [GC (Allocation Failure) [PSYoungGen: 465824K->108496K(505856K)] 988750K->768710K(1904128K), 0.0654714 secs] [Times: user=0.39 sys=0.00, real=0.06 secs] 
5571.917: [GC (GCLocker Initiated GC) [PSYoungGen: 429520K->146448K(507392K)] 1089735K->911708K(1905664K), 0.1015321 secs] [Times: user=0.60 sys=0.00, real=0.10 secs] 
5573.628: [GC (GCLocker Initiated GC) [PSYoungGen: 467472K->109312K(508416K)] 1232734K->1012561K(1906688K), 0.0662985 secs] [Times: user=0.38 sys=0.01, real=0.07 secs] 
5576.040: [GC (Allocation Failure) [PSYoungGen: 433408K->149504K(509440K)] 1336660K->1158465K(1907712K), 0.1232349 secs] [Times: user=0.72 sys=0.02, real=0.12 secs] 
5578.887: [GC (Allocation Failure) [PSYoungGen: 473600K->105728K(510976K)] 1482561K->1255837K(1909248K), 0.1245734 secs] [Times: user=0.74 sys=0.00, real=0.12 secs] 
5581.353: [GC (Allocation Failure) [PSYoungGen: 421897K->147040K(510464K)] 1572006K->1398710K(1908736K), 0.0525620 secs] [Times: user=0.31 sys=0.00, real=0.06 secs] 
5581.406: [Full GC (Ergonomics) [PSYoungGen: 147040K->0K(510464K)] [ParOldGen: 1251670K->196437K(1398272K)] 1398710K->196437K(1908736K), [Metaspace: 59733K->59733K(1105920K)], 0.4814025 secs] [Times: user=2.24 sys=0.00, real=0.48 secs] 
5583.285: [GC (Allocation Failure) [PSYoungGen: 324608K->107616K(509952K)] 521045K->304053K(1908224K), 0.0464940 secs] [Times: user=0.26 sys=0.01, real=0.04 secs] 
5585.076: [GC (Allocation Failure) [PSYoungGen: 432736K->152992K(478208K)] 629173K->452990K(1876480K), 0.0519325 secs] [Times: user=0.31 sys=0.00, real=0.05 secs] 
5588.679: [GC (Allocation Failure) [PSYoungGen: 478112K->97952K(510464K)] 778110K->550638K(1908736K), 0.1667167 secs] [Times: user=0.99 sys=0.01, real=0.17 secs] 
5589.282: [GC (Allocation Failure) [PSYoungGen: 418976K->154112K(475648K)] 871662K->699305K(1873920K), 0.0558044 secs] [Times: user=0.33 sys=0.00, real=0.06 secs] 
5592.972: [GC (Allocation Failure) [PSYoungGen: 475136K->94496K(506880K)] 1020329K->793589K(1905152K), 0.1719823 secs] [Times: user=1.02 sys=0.00, real=0.18 secs] 
5593.605: [GC (Allocation Failure) [PSYoungGen: 408352K->151936K(465920K)] 1107445K->939454K(1864192K), 0.0554991 secs] [Times: user=0.33 sys=0.00, real=0.05 secs] 
5597.515: [GC (Allocation Failure) [PSYoungGen: 465792K->94528K(504320K)] 1253310K->1033430K(1902592K), 0.1674971 secs] [Times: user=0.99 sys=0.00, real=0.16 secs] 
5598.376: [GC (Allocation Failure) [PSYoungGen: 403264K->147232K(456192K)] 1342166K->1174427K(1854464K), 0.0545502 secs] [Times: user=0.32 sys=0.00, real=0.05 secs] 
5600.969: [GC (Allocation Failure) [PSYoungGen: 451949K->90928K(503808K)] 1479145K->1264208K(1902080K), 0.1560026 secs] [Times: user=0.93 sys=0.00, real=0.16 secs] 
5601.643: [GC (Allocation Failure) [PSYoungGen: 389984K->139136K(446976K)] 1563264K->1399250K(1845248K), 0.0513446 secs] [Times: user=0.30 sys=0.00, real=0.06 secs] 
5601.695: [Full GC (Ergonomics) [PSYoungGen: 139136K->0K(446976K)] [ParOldGen: 1260114K->196907K(1398272K)] 1399250K->196907K(1845248K), [Metaspace: 59733K->59733K(1105920K)], 0.4887068 secs] [Times: user=2.27 sys=0.00, real=0.48 secs] 
5604.648: [GC (Allocation Failure) [PSYoungGen: 307712K->102848K(505344K)] 504619K->299755K(1903616K), 0.0313846 secs] [Times: user=0.18 sys=0.00, real=0.03 secs] 
5605.845: [GC (Allocation Failure) [PSYoungGen: 414144K->143504K(501760K)] 611051K->439744K(1900032K), 0.0491378 secs] [Times: user=0.29 sys=0.00, real=0.05 secs] 
5608.363: [GC (Allocation Failure) [PSYoungGen: 454800K->106768K(503808K)] 751040K->537413K(1902080K), 0.0647803 secs] [Times: user=0.38 sys=0.01, real=0.07 secs] 
5609.549: [GC (Allocation Failure) [PSYoungGen: 423696K->148704K(504832K)] 854341K->680641K(1903104K), 0.0514708 secs] [Times: user=0.31 sys=0.01, real=0.05 secs] 
5611.268: [GC (Allocation Failure) [PSYoungGen: 465632K->105584K(507904K)] 997569K->777309K(1906176K), 0.0663423 secs] [Times: user=0.39 sys=0.00, real=0.07 secs] 
5612.829: [GC (Allocation Failure) [PSYoungGen: 414116K->146144K(507904K)] 1085841K->920434K(1906176K), 0.0620342 secs] [Times: user=0.37 sys=0.00, real=0.06 secs] 
5614.603: [GC (Allocation Failure) [PSYoungGen: 466144K->103904K(507904K)] 1240434K->1015898K(1906176K), 0.0985455 secs] [Times: user=0.58 sys=0.00, real=0.10 secs] 
5617.103: [GC (Allocation Failure) [PSYoungGen: 424928K->146592K(508416K)] 1336922K->1159150K(1906688K), 0.1184006 secs] [Times: user=0.70 sys=0.00, real=0.12 secs] 
5620.183: [GC (Allocation Failure) [PSYoungGen: 467616K->103488K(508416K)] 1480174K->1254230K(1906688K), 0.0664133 secs] [Times: user=0.38 sys=0.01, real=0.07 secs] 
5622.987: [GC (Allocation Failure) [PSYoungGen: 423261K->147744K(508928K)] 1574003K->1397967K(1907200K), 0.0520234 secs] [Times: user=0.31 sys=0.00, real=0.05 secs] 
5623.039: [Full GC (Ergonomics) [PSYoungGen: 147744K->0K(508928K)] [ParOldGen: 1250223K->196412K(1398272K)] 1397967K->196412K(1907200K), [Metaspace: 59733K->59733K(1105920K)], 0.4874372 secs] [Times: user=2.28 sys=0.00, real=0.49 secs] 
5624.886: [GC (Allocation Failure) [PSYoungGen: 322048K->108640K(508416K)] 518460K->305052K(1906688K), 0.0532553 secs] [Times: user=0.31 sys=0.00, real=0.05 secs] 
5625.993: [GC (Allocation Failure) [PSYoungGen: 419338K->142736K(508928K)] 615751K->443370K(1907200K), 0.0499766 secs] [Times: user=0.30 sys=0.00, real=0.05 secs] 
5630.087: [GC (GCLocker Initiated GC) [PSYoungGen: 465296K->109104K(506880K)] 765930K->543218K(1905152K), 0.1196467 secs] [Times: user=0.71 sys=0.00, real=0.12 secs] 
5632.045: [GC (Allocation Failure) [PSYoungGen: 434736K->150672K(509440K)] 868853K->689937K(1907712K), 0.1393174 secs] [Times: user=0.83 sys=0.00, real=0.14 secs] 
5634.647: [GC (Allocation Failure) [PSYoungGen: 476304K->98688K(512512K)] 1015569K->788361K(1910784K), 0.1718019 secs] [Times: user=1.02 sys=0.00, real=0.17 secs] 
5636.372: [GC (Allocation Failure) [PSYoungGen: 423808K->154048K(479232K)] 1113481K->935973K(1877504K), 0.0563432 secs] [Times: user=0.33 sys=0.00, real=0.06 secs] 
5638.823: [GC (Allocation Failure) [PSYoungGen: 479168K->100032K(509440K)] 1261093K->1035566K(1907712K), 0.1441318 secs] [Times: user=0.85 sys=0.00, real=0.15 secs] 
5639.365: [GC (Allocation Failure) [PSYoungGen: 418496K->155392K(474112K)] 1354030K->1184670K(1872384K), 0.0579821 secs] [Times: user=0.34 sys=0.00, real=0.05 secs] 
5642.589: [GC (Allocation Failure) [PSYoungGen: 473856K->96288K(505856K)] 1503134K->1280774K(1904128K), 0.1411854 secs] [Times: user=0.84 sys=0.01, real=0.14 secs] 
5643.529: [GC (Allocation Failure) [PSYoungGen: 407584K->145696K(504320K)] 1592070K->1420431K(1902592K), 0.1291634 secs] [Times: user=0.77 sys=0.00, real=0.13 secs] 
5643.658: [Full GC (Ergonomics) [PSYoungGen: 145696K->0K(504320K)] [ParOldGen: 1274735K->218813K(1398272K)] 1420431K->218813K(1902592K), [Metaspace: 59733K->59733K(1105920K)], 0.5621075 secs] [Times: user=2.68 sys=0.01, real=0.56 secs] 
5646.902: [GC (Allocation Failure) [PSYoungGen: 311296K->93248K(504832K)] 530109K->312061K(1903104K), 0.1280694 secs] [Times: user=0.76 sys=0.00, real=0.13 secs] 
5647.307: [GC (Allocation Failure) [PSYoungGen: 405056K->152160K(464384K)] 623869K->458134K(1862656K), 0.0550859 secs] [Times: user=0.33 sys=0.00, real=0.05 secs] 
5652.494: [GC (Allocation Failure) [PSYoungGen: 463968K->86160K(502272K)] 769942K->544135K(1900544K), 0.1672357 secs] [Times: user=1.00 sys=0.01, real=0.16 secs] 
5653.037: [GC (Allocation Failure) [PSYoungGen: 391824K->148976K(454656K)] 849799K->687268K(1852928K), 0.0523017 secs] [Times: user=0.32 sys=0.00, real=0.05 secs] 
5656.634: [GC (Allocation Failure) [PSYoungGen: 454640K->88400K(501248K)] 992932K->775484K(1899520K), 0.1684052 secs] [Times: user=1.00 sys=0.01, real=0.16 secs] 
5657.191: [GC (Allocation Failure) [PSYoungGen: 386035K->139552K(441856K)] 1073118K->911560K(1840128K), 0.0489941 secs] [Times: user=0.29 sys=0.00, real=0.05 secs] 
5659.719: [GC (Allocation Failure) [PSYoungGen: 441632K->95840K(502272K)] 1213640K->998888K(1900544K), 0.0835268 secs] [Times: user=0.49 sys=0.01, real=0.08 secs] 
5661.770: [GC (Allocation Failure) [PSYoungGen: 400992K->140096K(499200K)] 1304040K->1135693K(1897472K), 0.0939389 secs] [Times: user=0.55 sys=0.01, real=0.10 secs] 
5664.234: [GC (GCLocker Initiated GC) [PSYoungGen: 445248K->96816K(502272K)] 1440845K->1223994K(1900544K), 0.0788785 secs] [Times: user=0.47 sys=0.00, real=0.08 secs] 
5665.799: [GC (Allocation Failure) [PSYoungGen: 407088K->143968K(501760K)] 1534318K->1365614K(1900032K), 0.0508888 secs] [Times: user=0.30 sys=0.00, real=0.05 secs] 
5665.850: [Full GC (Ergonomics) [PSYoungGen: 143968K->0K(501760K)] [ParOldGen: 1221646K->172672K(1398272K)] 1365614K->172672K(1900032K), [Metaspace: 59733K->59733K(1105920K)], 0.4313674 secs] [Times: user=2.01 sys=0.00, real=0.43 secs] 
5667.623: [GC (Allocation Failure) [PSYoungGen: 310272K->102944K(501760K)] 482944K->275616K(1900032K), 0.0377797 secs] [Times: user=0.22 sys=0.00, real=0.04 secs] 
5670.180: [GC (Allocation Failure) [PSYoungGen: 417312K->143648K(503808K)] 589984K->416883K(1902080K), 0.0527436 secs] [Times: user=0.31 sys=0.00, real=0.05 secs] 
5671.918: [GC (Allocation Failure) [PSYoungGen: 458016K->106032K(502784K)] 731251K->513856K(1901056K), 0.0647598 secs] [Times: user=0.38 sys=0.00, real=0.06 secs] 
5674.373: [GC (Allocation Failure) [PSYoungGen: 424496K->144992K(505344K)] 832320K->656188K(1903616K), 0.0532603 secs] [Times: user=0.32 sys=0.00, real=0.06 secs] 
5676.148: [GC (Allocation Failure) [PSYoungGen: 463456K->109552K(506368K)] 974652K->756757K(1904640K), 0.0655400 secs] [Times: user=0.38 sys=0.00, real=0.07 secs] 
5678.604: [GC (Allocation Failure) [PSYoungGen: 432112K->147328K(507904K)] 1079317K->901617K(1906176K), 0.0538414 secs] [Times: user=0.32 sys=0.00, real=0.05 secs] 
5681.086: [GC (Allocation Failure) [PSYoungGen: 469888K->108224K(509440K)] 1224177K->1000817K(1907712K), 0.0662547 secs] [Times: user=0.39 sys=0.00, real=0.06 secs] 
5682.714: [GC (Allocation Failure) [PSYoungGen: 433344K->148400K(509952K)] 1325937K->1146406K(1908224K), 0.0540722 secs] [Times: user=0.32 sys=0.00, real=0.05 secs] 
5685.590: [GC (Allocation Failure) [PSYoungGen: 473520K->109104K(509952K)] 1471526K->1246054K(1908224K), 0.0838291 secs] [Times: user=0.50 sys=0.00, real=0.08 secs] 
5687.592: [GC (Allocation Failure) [PSYoungGen: 435248K->151040K(510464K)] 1572198K->1393658K(1908736K), 0.0547030 secs] [Times: user=0.32 sys=0.00, real=0.06 secs] 
5687.647: [Full GC (Ergonomics) [PSYoungGen: 151040K->0K(510464K)] [ParOldGen: 1242618K->192181K(1398272K)] 1393658K->192181K(1908736K), [Metaspace: 59733K->59733K(1105920K)], 0.4740946 secs] [Times: user=2.21 sys=0.00, real=0.47 secs] 
5689.769: [GC (Allocation Failure) [PSYoungGen: 326144K->109648K(511488K)] 518325K->301830K(1909760K), 0.0394946 secs] [Times: user=0.24 sys=0.00, real=0.04 secs] 
5692.561: [GC (Allocation Failure) [PSYoungGen: 426399K->146384K(510464K)] 618581K->443355K(1908736K), 0.0516122 secs] [Times: user=0.30 sys=0.00, real=0.05 secs] 
5693.859: [GC (Allocation Failure) [PSYoungGen: 471504K->109920K(509440K)] 768475K->544050K(1907712K), 0.0943330 secs] [Times: user=0.55 sys=0.01, real=0.09 secs] 
5695.160: [GC (Allocation Failure) [PSYoungGen: 436064K->150336K(510464K)] 870194K->690735K(1908736K), 0.0734773 secs] [Times: user=0.43 sys=0.01, real=0.07 secs] 
5699.228: [GC (Allocation Failure) [PSYoungGen: 476480K->98464K(512512K)] 1016879K->788331K(1910784K), 0.1730359 secs] [Times: user=1.03 sys=0.00, real=0.17 secs] 
5699.711: [GC (Allocation Failure) [PSYoungGen: 423584K->155888K(481280K)] 1113451K->938253K(1879552K), 0.0562880 secs] [Times: user=0.33 sys=0.00, real=0.06 secs] 
5703.353: [GC (Allocation Failure) [PSYoungGen: 481008K->97584K(508416K)] 1263373K->1034881K(1906688K), 0.1695243 secs] [Times: user=1.00 sys=0.01, real=0.17 secs] 
5704.030: [GC (Allocation Failure) [PSYoungGen: 414000K->150528K(467456K)] 1351297K->1179169K(1865728K), 0.0562521 secs] [Times: user=0.31 sys=0.01, real=0.06 secs] 
5707.106: [GC (Allocation Failure) [PSYoungGen: 466944K->98464K(506880K)] 1495585K->1276369K(1905152K), 0.1023063 secs] [Times: user=0.61 sys=0.00, real=0.10 secs] 
5707.463: [GC (Allocation Failure) [PSYoungGen: 411808K->149184K(462848K)] 1589713K->1419666K(1861120K), 0.0556229 secs] [Times: user=0.33 sys=0.00, real=0.06 secs] 
5707.518: [Full GC (Ergonomics) [PSYoungGen: 149184K->0K(462848K)] [ParOldGen: 1270482K->218889K(1398272K)] 1419666K->218889K(1861120K), [Metaspace: 59733K->59733K(1105920K)], 0.5198618 secs] [Times: user=2.42 sys=0.00, real=0.52 secs] 
5710.906: [GC (Allocation Failure) [PSYoungGen: 313344K->93312K(505344K)] 532233K->312201K(1903616K), 0.1243627 secs] [Times: user=0.73 sys=0.00, real=0.12 secs] 
5711.417: [GC (Allocation Failure) [PSYoungGen: 404096K->151600K(462848K)] 622985K->457651K(1861120K), 0.0542827 secs] [Times: user=0.32 sys=0.00, real=0.05 secs] 
5714.362: [GC (Allocation Failure) [PSYoungGen: 462384K->89504K(502784K)] 768435K->546810K(1901056K), 0.1509688 secs] [Times: user=0.90 sys=0.00, real=0.15 secs] 
5714.934: [GC (Allocation Failure) [PSYoungGen: 395680K->148736K(455168K)] 852986K->689451K(1853440K), 0.0527691 secs] [Times: user=0.31 sys=0.00, real=0.05 secs] 
5718.023: [GC (Allocation Failure) [PSYoungGen: 454912K->93120K(502272K)] 995627K->782283K(1900544K), 0.1746141 secs] [Times: user=1.04 sys=0.00, real=0.18 secs] 
5718.804: [GC (Allocation Failure) [PSYoungGen: 383639K->135840K(440320K)] 1072802K->911892K(1838592K), 0.0505916 secs] [Times: user=0.30 sys=0.01, real=0.05 secs] 
5719.977: [GC (Allocation Failure) [PSYoungGen: 439968K->101888K(501248K)] 1216020K->1004640K(1899520K), 0.0833508 secs] [Times: user=0.49 sys=0.01, real=0.08 secs] 
5721.918: [GC (Allocation Failure) [PSYoungGen: 409088K->139824K(498176K)] 1311840K->1140829K(1896448K), 0.0502778 secs] [Times: user=0.30 sys=0.00, real=0.05 secs] 
5724.921: [GC (Allocation Failure) [PSYoungGen: 447024K->100992K(504832K)] 1448029K->1232513K(1903104K), 0.0642771 secs] [Times: user=0.38 sys=0.00, real=0.07 secs] 
5727.077: [GC (Allocation Failure) [PSYoungGen: 417920K->147104K(504832K)] 1549441K->1375854K(1903104K), 0.0529162 secs] [Times: user=0.31 sys=0.01, real=0.05 secs] 
5727.130: [Full GC (Ergonomics) [PSYoungGen: 147104K->0K(504832K)] [ParOldGen: 1228750K->184083K(1398272K)] 1375854K->184083K(1903104K), [Metaspace: 59733K->59733K(1105920K)], 0.4307927 secs] [Times: user=1.98 sys=0.00, real=0.43 secs] 
5728.609: [GC (Allocation Failure) [PSYoungGen: 316928K->109552K(504832K)] 501011K->293636K(1903104K), 0.0333685 secs] [Times: user=0.19 sys=0.00, real=0.03 secs] 
5730.468: [GC (Allocation Failure) [PSYoungGen: 429552K->147584K(506368K)] 613636K->437549K(1904640K), 0.0529554 secs] [Times: user=0.31 sys=0.00, real=0.05 secs] 
5733.676: [GC (Allocation Failure) [PSYoungGen: 467584K->107360K(508416K)] 757549K->535433K(1906688K), 0.0694006 secs] [Times: user=0.41 sys=0.00, real=0.07 secs] 
5735.431: [GC (Allocation Failure) [PSYoungGen: 430432K->148128K(508928K)] 858505K->680262K(1907200K), 0.0630458 secs] [Times: user=0.38 sys=0.00, real=0.07 secs] 
5737.689: [GC (Allocation Failure) [PSYoungGen: 471200K->105472K(509952K)] 1003334K->777326K(1908224K), 0.0767628 secs] [Times: user=0.45 sys=0.01, real=0.08 secs] 
5739.219: [GC (Allocation Failure) [PSYoungGen: 423699K->147328K(509952K)] 1095553K->920791K(1908224K), 0.0516602 secs] [Times: user=0.31 sys=0.00, real=0.05 secs] 
5740.928: [GC (Allocation Failure) [PSYoungGen: 471424K->110176K(508928K)] 1244887K->1021787K(1907200K), 0.1086993 secs] [Times: user=0.65 sys=0.00, real=0.11 secs] 
5741.763: [GC (Allocation Failure) [PSYoungGen: 434272K->152800K(509440K)] 1345883K->1170204K(1907712K), 0.0541498 secs] [Times: user=0.32 sys=0.00, real=0.06 secs] 
5744.802: [GC (Allocation Failure) [PSYoungGen: 476896K->98720K(510464K)] 1494300K->1268276K(1908736K), 0.1660234 secs] [Times: user=0.98 sys=0.01, real=0.17 secs] 
5745.532: [GC (Allocation Failure) [PSYoungGen: 419744K->155264K(476672K)] 1589300K->1417357K(1874944K), 0.0572643 secs] [Times: user=0.34 sys=0.00, real=0.06 secs] 
5745.589: [Full GC (Ergonomics) [PSYoungGen: 155264K->0K(476672K)] [ParOldGen: 1262093K->216506K(1398272K)] 1417357K->216506K(1874944K), [Metaspace: 59733K->59733K(1105920K)], 0.5124236 secs] [Times: user=2.40 sys=0.00, real=0.51 secs] 
5749.698: [GC (Allocation Failure) [PSYoungGen: 321024K->93776K(506368K)] 537530K->310282K(1904640K), 0.1287055 secs] [Times: user=0.77 sys=0.00, real=0.13 secs] 
5750.733: [GC (Allocation Failure) [PSYoungGen: 406608K->148288K(461312K)] 623114K->452851K(1859584K), 0.1194637 secs] [Times: user=0.71 sys=0.00, real=0.12 secs] 
5754.400: [GC (Allocation Failure) [PSYoungGen: 461120K->94528K(505856K)] 765683K->547279K(1904128K), 0.1605371 secs] [Times: user=0.95 sys=0.00, real=0.16 secs] 
5755.660: [GC (Allocation Failure) [PSYoungGen: 405824K->147360K(458752K)] 858575K->687636K(1857024K), 0.1329945 secs] [Times: user=0.79 sys=0.01, real=0.13 secs] 
5757.726: [GC (Allocation Failure) [PSYoungGen: 458656K->94448K(505344K)] 998932K->781677K(1903616K), 0.1602584 secs] [Times: user=0.95 sys=0.00, real=0.16 secs] 
5758.578: [GC (Allocation Failure) [PSYoungGen: 404720K->149184K(459776K)] 1091949K->924528K(1858048K), 0.0534532 secs] [Times: user=0.32 sys=0.00, real=0.05 secs] 
5761.127: [GC (Allocation Failure) [PSYoungGen: 459456K->91360K(503808K)] 1234800K->1015236K(1902080K), 0.1739905 secs] [Times: user=1.03 sys=0.00, real=0.17 secs] 
5761.732: [GC (Allocation Failure) [PSYoungGen: 385584K->139072K(446976K)] 1309460K->1150609K(1845248K), 0.0501458 secs] [Times: user=0.29 sys=0.00, real=0.05 secs] 
5762.909: [GC (Allocation Failure) [PSYoungGen: 446784K->100752K(504832K)] 1458321K->1242653K(1903104K), 0.0639511 secs] [Times: user=0.38 sys=0.00, real=0.06 secs] 
5765.278: [GC (Allocation Failure) [PSYoungGen: 411536K->144096K(501760K)] 1553437K->1382813K(1900032K), 0.0502589 secs] [Times: user=0.30 sys=0.00, real=0.05 secs] 
5765.329: [Full GC (Ergonomics) [PSYoungGen: 144096K->0K(501760K)] [ParOldGen: 1238717K->189795K(1398272K)] 1382813K->189795K(1900032K), [Metaspace: 59733K->59733K(1105920K)], 0.4624345 secs] [Times: user=2.16 sys=0.00, real=0.46 secs] 
5767.528: [GC (Allocation Failure) [PSYoungGen: 310784K->104992K(502272K)] 500579K->294788K(1900544K), 0.0322785 secs] [Times: user=0.19 sys=0.00, real=0.03 secs] 
5770.153: [GC (GCLocker Initiated GC) [PSYoungGen: 420384K->145488K(504320K)] 610180K->436798K(1902592K), 0.0727398 secs] [Times: user=0.43 sys=0.00, real=0.08 secs] 
5772.200: [GC (Allocation Failure) [PSYoungGen: 460880K->103184K(505856K)] 752193K->531213K(1904128K), 0.0847642 secs] [Times: user=0.51 sys=0.00, real=0.09 secs] 
5774.488: [GC (Allocation Failure) [PSYoungGen: 422160K->148320K(506880K)] 850189K->676033K(1905152K), 0.0512839 secs] [Times: user=0.31 sys=0.00, real=0.05 secs] 
5776.565: [GC (Allocation Failure) [PSYoungGen: 467296K->109248K(505856K)] 995009K->776429K(1904128K), 0.0930381 secs] [Times: user=0.55 sys=0.01, real=0.09 secs] 
5778.866: [GC (Allocation Failure) [PSYoungGen: 429248K->145408K(506880K)] 1096429K->918606K(1905152K), 0.1305062 secs] [Times: user=0.77 sys=0.00, real=0.13 secs] 
5781.140: [GC (Allocation Failure) [PSYoungGen: 465408K->108768K(506880K)] 1238606K->1019006K(1905152K), 0.0794795 secs] [Times: user=0.47 sys=0.00, real=0.08 secs] 
5782.954: [GC (Allocation Failure) [PSYoungGen: 422466K->144032K(508416K)] 1332705K->1159507K(1906688K), 0.1461081 secs] [Times: user=0.87 sys=0.00, real=0.14 secs] 
5785.503: [GC (Allocation Failure) [PSYoungGen: 467104K->104688K(509952K)] 1482579K->1255763K(1908224K), 0.0685316 secs] [Times: user=0.41 sys=0.00, real=0.07 secs] 
5787.874: [GC (Allocation Failure) [PSYoungGen: 420613K->147440K(510976K)] 1571689K->1399000K(1909248K), 0.0508029 secs] [Times: user=0.30 sys=0.01, real=0.05 secs] 
5787.924: [Full GC (Ergonomics) [PSYoungGen: 147440K->0K(510976K)] [ParOldGen: 1251559K->196893K(1398272K)] 1399000K->196893K(1909248K), [Metaspace: 59733K->59733K(1105920K)], 0.4769032 secs] [Times: user=2.22 sys=0.00, real=0.47 secs] 
5790.306: [GC (Allocation Failure) [PSYoungGen: 326656K->108576K(510976K)] 523549K->305469K(1909248K), 0.0475844 secs] [Times: user=0.27 sys=0.01, real=0.04 secs] 
5792.195: [GC (Allocation Failure) [PSYoungGen: 436256K->154368K(482304K)] 633149K->455469K(1880576K), 0.0526444 secs] [Times: user=0.31 sys=0.00, real=0.05 secs] 
5796.114: [GC (Allocation Failure) [PSYoungGen: 482048K->100496K(511488K)] 783149K->555242K(1909760K), 0.1488284 secs] [Times: user=0.89 sys=0.00, real=0.14 secs] 
5796.656: [GC (Allocation Failure) [PSYoungGen: 423056K->155312K(478208K)] 877802K->704090K(1876480K), 0.0569851 secs] [Times: user=0.33 sys=0.00, real=0.05 secs] 
5801.336: [GC (GCLocker Initiated GC) [PSYoungGen: 477872K->96320K(507392K)] 1026650K->799486K(1905664K), 0.1702726 secs] [Times: user=1.01 sys=0.00, real=0.17 secs] 
5801.751: [GC (Allocation Failure) [PSYoungGen: 411200K->152528K(467456K)] 1114369K->945878K(1865728K), 0.0567033 secs] [Times: user=0.34 sys=0.00, real=0.06 secs] 
5804.559: [GC (Allocation Failure) [PSYoungGen: 467408K->95504K(504832K)] 1260758K->1041198K(1903104K), 0.1547139 secs] [Times: user=0.92 sys=0.00, real=0.15 secs] 
5805.954: [GC (Allocation Failure) [PSYoungGen: 405264K->146816K(503808K)] 1350958K->1182038K(1902080K), 0.0869189 secs] [Times: user=0.52 sys=0.00, real=0.08 secs] 
5808.968: [GC (Allocation Failure) [PSYoungGen: 456576K->91680K(503808K)] 1491798K->1273566K(1902080K), 0.1480044 secs] [Times: user=0.88 sys=0.00, real=0.15 secs] 
5809.939: [GC (Allocation Failure) [PSYoungGen: 401440K->147632K(457728K)] 1583326K->1415202K(1856000K), 0.0954632 secs] [Times: user=0.57 sys=0.00, real=0.10 secs] 
5810.035: [Full GC (Ergonomics) [PSYoungGen: 147632K->0K(457728K)] [ParOldGen: 1267570K->213072K(1398272K)] 1415202K->213072K(1856000K), [Metaspace: 59736K->59736K(1105920K)], 0.5307280 secs] [Times: user=2.51 sys=0.00, real=0.53 secs] 
5812.899: [GC (Allocation Failure) [PSYoungGen: 309760K->91136K(503808K)] 522832K->304208K(1902080K), 0.1390728 secs] [Times: user=0.83 sys=0.00, real=0.14 secs] 
5813.605: [GC (Allocation Failure) [PSYoungGen: 398848K->164960K(473088K)] 611920K->462823K(1871360K), 0.0527747 secs] [Times: user=0.31 sys=0.00, real=0.05 secs] 
5816.516: [GC (Allocation Failure) [PSYoungGen: 472672K->89328K(496640K)] 770535K->535080K(1894912K), 0.1541436 secs] [Times: user=0.92 sys=0.00, real=0.15 secs] 
5818.466: [GC (Allocation Failure) [PSYoungGen: 382192K->137024K(430080K)] 827944K->667924K(1828352K), 0.1043170 secs] [Times: user=0.62 sys=0.00, real=0.10 secs] 
5820.570: [GC (Allocation Failure) [PSYoungGen: 429503K->95328K(495104K)] 960403K->754620K(1893376K), 0.0618988 secs] [Times: user=0.37 sys=0.00, real=0.06 secs] 
5823.071: [GC (Allocation Failure) [PSYoungGen: 390752K->135216K(492544K)] 1050044K->887657K(1890816K), 0.0492758 secs] [Times: user=0.29 sys=0.00, real=0.05 secs] 
5824.613: [GC (Allocation Failure) [PSYoungGen: 430640K->97872K(498688K)] 1183081K->976869K(1896960K), 0.0735200 secs] [Times: user=0.39 sys=0.00, real=0.08 secs] 
5826.678: [GC (Allocation Failure) [PSYoungGen: 403024K->135904K(496640K)] 1282021K->1111113K(1894912K), 0.0592222 secs] [Times: user=0.35 sys=0.00, real=0.06 secs] 
5828.377: [GC (Allocation Failure) [PSYoungGen: 441056K->109040K(501248K)] 1416265K->1210794K(1899520K), 0.0649893 secs] [Times: user=0.38 sys=0.00, real=0.06 secs] 
5830.255: [GC (GCLocker Initiated GC) [PSYoungGen: 425968K->136048K(502784K)] 1527722K->1346011K(1901056K), 0.0636342 secs] [Times: user=0.37 sys=0.00, real=0.06 secs] 
5833.009: [GC (Allocation Failure) [PSYoungGen: 452976K->113856K(503296K)] 1662942K->1450158K(1901568K), 0.0662180 secs] [Times: user=0.38 sys=0.01, real=0.07 secs] 
5833.075: [Full GC (Ergonomics) [PSYoungGen: 113856K->0K(503296K)] [ParOldGen: 1336302K->18583K(1398272K)] 1450158K->18583K(1901568K), [Metaspace: 59736K->59736K(1105920K)], 0.0292777 secs] [Times: user=0.07 sys=0.00, real=0.03 secs] 
5834.874: [GC (Allocation Failure) [PSYoungGen: 328192K->145488K(508416K)] 346775K->164071K(1906688K), 0.0353882 secs] [Times: user=0.19 sys=0.00, real=0.03 secs] 
5837.620: [GC (Allocation Failure) [PSYoungGen: 473680K->111392K(513536K)] 492263K->265743K(1911808K), 0.0653993 secs] [Times: user=0.39 sys=0.00, real=0.07 secs] 
5840.150: [GC (Allocation Failure) [PSYoungGen: 446752K->151536K(514560K)] 601103K->415568K(1912832K), 0.0540503 secs] [Times: user=0.32 sys=0.00, real=0.06 secs] 
5842.004: [GC (Allocation Failure) [PSYoungGen: 486896K->114976K(515584K)] 750928K->521611K(1913856K), 0.0860310 secs] [Times: user=0.51 sys=0.01, real=0.08 secs] 
5842.892: [GC (Allocation Failure) [PSYoungGen: 449312K->157280K(492032K)] 855947K->675592K(1890304K), 0.0558723 secs] [Times: user=0.33 sys=0.00, real=0.06 secs] 
5845.501: [GC (Allocation Failure) [PSYoungGen: 491616K->112432K(515072K)] 1009928K->778873K(1913344K), 0.1347836 secs] [Times: user=0.80 sys=0.00, real=0.14 secs] 
5846.457: [GC (Allocation Failure) [PSYoungGen: 440624K->152576K(481280K)] 1107065K->928181K(1879552K), 0.1035389 secs] [Times: user=0.61 sys=0.00, real=0.10 secs] 
5849.089: [GC (Allocation Failure) [PSYoungGen: 480768K->99456K(512000K)] 1256373K->1027305K(1910272K), 0.1603046 secs] [Times: user=0.95 sys=0.01, real=0.16 secs] 
5849.741: [GC (Allocation Failure) [PSYoungGen: 423552K->155888K(480256K)] 1351401K->1176711K(1878528K), 0.0578240 secs] [Times: user=0.34 sys=0.00, real=0.06 secs] 
5852.427: [GC (Allocation Failure) [PSYoungGen: 479984K->97888K(507904K)] 1500807K->1274306K(1906176K), 0.1649384 secs] [Times: user=0.99 sys=0.00, real=0.16 secs] 
5853.447: [GC (GCLocker Initiated GC) [PSYoungGen: 413792K->150624K(466944K)] 1590211K->1418472K(1865216K), 0.1347419 secs] [Times: user=0.77 sys=0.02, real=0.13 secs] 
5853.582: [Full GC (Ergonomics) [PSYoungGen: 150624K->0K(466944K)] [ParOldGen: 1267848K->223628K(1398272K)] 1418472K->223628K(1865216K), [Metaspace: 59736K->59736K(1105920K)], 0.5793551 secs] [Times: user=2.78 sys=0.00, real=0.58 secs] 
5856.148: [GC (Allocation Failure) [PSYoungGen: 315904K->97760K(506880K)] 539582K->321438K(1905152K), 0.1014591 secs] [Times: user=0.60 sys=0.00, real=0.10 secs] 
5856.503: [GC (GCLocker Initiated GC) [PSYoungGen: 411104K->150032K(463872K)] 634782K->465072K(1862144K), 0.0555475 secs] [Times: user=0.32 sys=0.01, real=0.06 secs] 
5859.553: [GC (Allocation Failure) [PSYoungGen: 463376K->95472K(505344K)] 778418K->559514K(1903616K), 0.1252951 secs] [Times: user=0.74 sys=0.00, real=0.13 secs] 
5859.990: [GC (Allocation Failure) [PSYoungGen: 406256K->150496K(461312K)] 870298K->704338K(1859584K), 0.0671412 secs] [Times: user=0.40 sys=0.00, real=0.07 secs] 
5862.834: [GC (Allocation Failure) [PSYoungGen: 461280K->90496K(503296K)] 1015122K->794842K(1901568K), 0.1467416 secs] [Times: user=0.87 sys=0.00, real=0.14 secs] 
5864.454: [GC (Allocation Failure) [PSYoungGen: 397696K->146576K(454144K)] 1102042K->934908K(1852416K), 0.1397031 secs] [Times: user=0.83 sys=0.00, real=0.14 secs] 
5868.633: [GC (Allocation Failure) [PSYoungGen: 453776K->89552K(502784K)] 1242108K->1024316K(1901056K), 0.1667224 secs] [Times: user=1.00 sys=0.00, real=0.17 secs] 
5869.684: [GC (Allocation Failure) [PSYoungGen: 395216K->179840K(485888K)] 1329980K->1197324K(1884160K), 0.1434771 secs] [Times: user=0.85 sys=0.01, real=0.14 secs] 
5872.577: [GC (Allocation Failure) [PSYoungGen: 485504K->89600K(490496K)] 1502988K->1253932K(1888768K), 0.1646985 secs] [Times: user=0.98 sys=0.00, real=0.16 secs] 
5873.684: [GC (Allocation Failure) [PSYoungGen: 370176K->129984K(410624K)] 1534508K->1379661K(1808896K), 0.0677400 secs] [Times: user=0.40 sys=0.00, real=0.06 secs] 
5873.752: [Full GC (Ergonomics) [PSYoungGen: 129984K->0K(410624K)] [ParOldGen: 1249677K->187596K(1398272K)] 1379661K->187596K(1808896K), [Metaspace: 59736K->59736K(1105920K)], 0.4571107 secs] [Times: user=2.13 sys=0.01, real=0.46 secs] 
5875.395: [GC (Allocation Failure) [PSYoungGen: 280576K->92368K(485376K)] 468172K->279964K(1883648K), 0.0312490 secs] [Times: user=0.18 sys=0.00, real=0.03 secs] 
5877.247: [GC (Allocation Failure) [PSYoungGen: 375504K->127872K(482816K)] 563100K->405433K(1881088K), 0.0533208 secs] [Times: user=0.31 sys=0.00, real=0.05 secs] 
5879.042: [GC (Allocation Failure) [PSYoungGen: 411008K->104832K(494592K)] 688569K->500777K(1892864K), 0.0612108 secs] [Times: user=0.36 sys=0.00, real=0.06 secs] 
5880.644: [GC (Allocation Failure) [PSYoungGen: 406400K->126480K(491520K)] 802345K->626506K(1889792K), 0.0723323 secs] [Times: user=0.42 sys=0.00, real=0.08 secs] 
5883.630: [GC (Allocation Failure) [PSYoungGen: 428048K->120992K(502784K)] 928074K->737785K(1901056K), 0.0632059 secs] [Times: user=0.38 sys=0.00, real=0.06 secs] 
5885.632: [GC (Allocation Failure) [PSYoungGen: 443040K->120480K(501248K)] 1059833K->858057K(1899520K), 0.0666041 secs] [Times: user=0.39 sys=0.00, real=0.07 secs] 
5889.173: [GC (Allocation Failure) [PSYoungGen: 442528K->128224K(515072K)] 1180105K->974982K(1913344K), 0.0633795 secs] [Times: user=0.37 sys=0.01, real=0.07 secs] 
5890.174: [GC (GCLocker Initiated GC) [PSYoungGen: 469728K->140048K(512512K)] 1316487K->1115040K(1910784K), 0.0836921 secs] [Times: user=0.50 sys=0.01, real=0.08 secs] 
5894.398: [GC (Allocation Failure) [PSYoungGen: 481552K->8528K(496640K)] 1456546K->983578K(1894912K), 0.0041526 secs] [Times: user=0.02 sys=0.00, real=0.00 secs] 
5897.329: [GC (Allocation Failure) [PSYoungGen: 332624K->144160K(468480K)] 1307674K->1126308K(1866752K), 0.0348620 secs] [Times: user=0.17 sys=0.00, real=0.04 secs] 
5898.698: [GC (Allocation Failure) [PSYoungGen: 468256K->111488K(514048K)] 1450404K->1228508K(1912320K), 0.0676090 secs] [Times: user=0.40 sys=0.00, real=0.07 secs] 
5900.956: [GC (Allocation Failure) [PSYoungGen: 433536K->144496K(506880K)] 1550556K->1370794K(1905152K), 0.1099681 secs] [Times: user=0.66 sys=0.00, real=0.11 secs] 
5901.066: [Full GC (Ergonomics) [PSYoungGen: 144496K->0K(506880K)] [ParOldGen: 1226297K->170273K(1398272K)] 1370794K->170273K(1905152K), [Metaspace: 59736K->59736K(1105920K)], 0.4341192 secs] [Times: user=2.04 sys=0.00, real=0.43 secs] 
5903.975: [GC (Allocation Failure) [PSYoungGen: 322048K->107264K(506880K)] 492321K->277537K(1905152K), 0.0392615 secs] [Times: user=0.23 sys=0.00, real=0.04 secs] 
5905.549: [GC (Allocation Failure) [PSYoungGen: 432384K->151008K(508416K)] 602657K->426230K(1906688K), 0.0539435 secs] [Times: user=0.32 sys=0.00, real=0.05 secs] 
5908.320: [GC (Allocation Failure) [PSYoungGen: 476128K->109840K(510464K)] 751350K->527278K(1908736K), 0.0666626 secs] [Times: user=0.39 sys=0.00, real=0.07 secs] 
5911.141: [GC (Allocation Failure) [PSYoungGen: 434960K->149280K(509440K)] 852398K->672811K(1907712K), 0.0539656 secs] [Times: user=0.32 sys=0.01, real=0.06 secs] 
5913.562: [GC (GCLocker Initiated GC) [PSYoungGen: 474400K->107776K(510464K)] 997933K->771693K(1908736K), 0.0805880 secs] [Times: user=0.48 sys=0.00, real=0.08 secs] 
5915.076: [GC (Allocation Failure) [PSYoungGen: 432896K->152192K(477696K)] 1096815K->920608K(1875968K), 0.0535425 secs] [Times: user=0.31 sys=0.00, real=0.05 secs] 
5916.618: [GC (Allocation Failure) [PSYoungGen: 477312K->108096K(512512K)] 1245728K->1020320K(1910784K), 0.0671664 secs] [Times: user=0.39 sys=0.00, real=0.07 secs] 
5918.717: [GC (Allocation Failure) [PSYoungGen: 423908K->143792K(508928K)] 1336133K->1159966K(1907200K), 0.0520441 secs] [Times: user=0.30 sys=0.00, real=0.05 secs] 
5922.158: [GC (Allocation Failure) [PSYoungGen: 466352K->105440K(508416K)] 1482526K->1256565K(1906688K), 0.1658694 secs] [Times: user=0.98 sys=0.01, real=0.17 secs] 
5923.746: [GC (Allocation Failure) [PSYoungGen: 419539K->145264K(509440K)] 1570664K->1398179K(1907712K), 0.0516884 secs] [Times: user=0.30 sys=0.00, real=0.05 secs] 
5923.798: [Full GC (Ergonomics) [PSYoungGen: 145264K->0K(509440K)] [ParOldGen: 1252914K->196317K(1398272K)] 1398179K->196317K(1907712K), [Metaspace: 59736K->59736K(1105920K)], 0.4753082 secs] [Times: user=2.21 sys=0.00, real=0.47 secs] 
5926.107: [GC (Allocation Failure) [PSYoungGen: 324608K->106720K(509952K)] 520925K->303037K(1908224K), 0.1004696 secs] [Times: user=0.58 sys=0.01, real=0.10 secs] 
5927.971: [GC (Allocation Failure) [PSYoungGen: 433888K->152688K(480256K)] 630205K->451723K(1878528K), 0.0512285 secs] [Times: user=0.31 sys=0.00, real=0.05 secs] 
5930.205: [GC (Allocation Failure) [PSYoungGen: 479856K->100160K(512000K)] 778891K->551310K(1910272K), 0.1741822 secs] [Times: user=1.04 sys=0.00, real=0.17 secs] 
5931.215: [GC (Allocation Failure) [PSYoungGen: 423232K->155392K(478720K)] 874382K->700959K(1876992K), 0.0796944 secs] [Times: user=0.47 sys=0.01, real=0.08 secs] 
5935.189: [GC (Allocation Failure) [PSYoungGen: 478464K->93728K(507392K)] 1024031K->794615K(1905664K), 0.1719833 secs] [Times: user=1.02 sys=0.00, real=0.17 secs] 
5935.799: [GC (Allocation Failure) [PSYoungGen: 408608K->153216K(468480K)] 1109495K->941440K(1866752K), 0.0549132 secs] [Times: user=0.33 sys=0.00, real=0.06 secs] 
5938.564: [GC (Allocation Failure) [PSYoungGen: 468096K->93472K(504320K)] 1256320K->1034424K(1902592K), 0.1612772 secs] [Times: user=0.96 sys=0.00, real=0.16 secs] 
5939.535: [GC (Allocation Failure) [PSYoungGen: 402208K->149280K(458240K)] 1343160K->1178201K(1856512K), 0.0905253 secs] [Times: user=0.54 sys=0.00, real=0.09 secs] 
5943.087: [GC (Allocation Failure) [PSYoungGen: 458016K->89056K(502784K)] 1486937K->1266949K(1901056K), 0.1228061 secs] [Times: user=0.72 sys=0.01, real=0.12 secs] 
5943.704: [GC (Allocation Failure) [PSYoungGen: 394720K->149104K(455168K)] 1572613K->1409767K(1853440K), 0.0537693 secs] [Times: user=0.32 sys=0.00, real=0.05 secs] 
5943.758: [Full GC (Ergonomics) [PSYoungGen: 149104K->0K(455168K)] [ParOldGen: 1260662K->209038K(1398272K)] 1409767K->209038K(1853440K), [Metaspace: 59736K->59736K(1105920K)], 0.4907873 secs] [Times: user=2.29 sys=0.00, real=0.49 secs] 
5947.451: [GC (Allocation Failure) [PSYoungGen: 305664K->85648K(500736K)] 514702K->294687K(1899008K), 0.1346745 secs] [Times: user=0.78 sys=0.01, real=0.14 secs] 
5949.012: [GC (Allocation Failure) [PSYoungGen: 387728K->142496K(500224K)] 596767K->433499K(1898496K), 0.0480855 secs] [Times: user=0.29 sys=0.00, real=0.05 secs] 
5951.024: [GC (Allocation Failure) [PSYoungGen: 444576K->99392K(495104K)] 735579K->524319K(1893376K), 0.0619931 secs] [Times: user=0.36 sys=0.00, real=0.06 secs] 
5953.076: [GC (Allocation Failure) [PSYoungGen: 401984K->140544K(497664K)] 826911K->659444K(1895936K), 0.0481223 secs] [Times: user=0.28 sys=0.00, real=0.05 secs] 
5954.836: [GC (Allocation Failure) [PSYoungGen: 443136K->100864K(497152K)] 962036K->751168K(1895424K), 0.0848409 secs] [Times: user=0.50 sys=0.01, real=0.08 secs] 
5957.123: [GC (Allocation Failure) [PSYoungGen: 410112K->141952K(500736K)] 1060416K->890541K(1899008K), 0.0515324 secs] [Times: user=0.31 sys=0.00, real=0.06 secs] 
5958.933: [GC (Allocation Failure) [PSYoungGen: 451200K->106768K(499712K)] 1199789K->988077K(1897984K), 0.0754020 secs] [Times: user=0.44 sys=0.01, real=0.08 secs] 
5961.025: [GC (Allocation Failure) [PSYoungGen: 422160K->152464K(503296K)] 1303469K->1138029K(1901568K), 0.0540579 secs] [Times: user=0.32 sys=0.00, real=0.05 secs] 
5963.408: [GC (Allocation Failure) [PSYoungGen: 467856K->104224K(507392K)] 1453421K->1224933K(1905664K), 0.0669405 secs] [Times: user=0.40 sys=0.00, real=0.07 secs] 
5965.749: [GC (Allocation Failure) [PSYoungGen: 420640K->145824K(505856K)] 1541349K->1368369K(1904128K), 0.0528466 secs] [Times: user=0.31 sys=0.00, real=0.05 secs] 
5965.802: [Full GC (Ergonomics) [PSYoungGen: 145824K->0K(505856K)] [ParOldGen: 1222545K->176099K(1398272K)] 1368369K->176099K(1904128K), [Metaspace: 59736K->59736K(1105920K)], 0.4238765 secs] [Times: user=1.97 sys=0.00, real=0.43 secs] 
5968.045: [GC (Allocation Failure) [PSYoungGen: 316416K->103376K(505344K)] 492515K->279476K(1903616K), 0.0340976 secs] [Times: user=0.20 sys=0.00, real=0.03 secs] 
5970.765: [GC (Allocation Failure) [PSYoungGen: 421328K->146784K(506368K)] 597428K->423416K(1904640K), 0.0525147 secs] [Times: user=0.31 sys=0.00, real=0.05 secs] 
5971.981: [GC (Allocation Failure) [PSYoungGen: 464736K->109184K(504832K)] 741368K->523480K(1903104K), 0.0648165 secs] [Times: user=0.38 sys=0.00, real=0.07 secs] 
5974.786: [GC (Allocation Failure) [PSYoungGen: 428672K->145088K(506368K)] 842968K->666073K(1904640K), 0.0533808 secs] [Times: user=0.31 sys=0.00, real=0.05 secs] 
5975.998: [GC (Allocation Failure) [PSYoungGen: 464576K->109152K(506880K)] 985561K->766049K(1905152K), 0.0645637 secs] [Times: user=0.39 sys=0.00, real=0.06 secs] 
5978.721: [GC (Allocation Failure) [PSYoungGen: 432224K->148320K(508416K)] 1089121K->910934K(1906688K), 0.0535806 secs] [Times: user=0.31 sys=0.00, real=0.06 secs] 
5981.148: [GC (Allocation Failure) [PSYoungGen: 471392K->108688K(509952K)] 1234006K->1010679K(1908224K), 0.0660117 secs] [Times: user=0.40 sys=0.00, real=0.07 secs] 
5982.787: [GC (Allocation Failure) [PSYoungGen: 434320K->151936K(477696K)] 1336311K->1159215K(1875968K), 0.0534853 secs] [Times: user=0.32 sys=0.00, real=0.05 secs] 
5984.716: [GC (Allocation Failure) [PSYoungGen: 477568K->107824K(512512K)] 1484847K->1258236K(1910784K), 0.1153957 secs] [Times: user=0.68 sys=0.00, real=0.11 secs] 
5986.279: [GC (Allocation Failure) [PSYoungGen: 415497K->143088K(509952K)] 1565908K->1397424K(1908224K), 0.0515820 secs] [Times: user=0.30 sys=0.00, real=0.05 secs] 
5986.331: [Full GC (Ergonomics) [PSYoungGen: 143088K->0K(509952K)] [ParOldGen: 1254336K->195757K(1398272K)] 1397424K->195757K(1908224K), [Metaspace: 59736K->59736K(1105920K)], 0.4774936 secs] [Times: user=2.22 sys=0.00, real=0.48 secs] 
5989.008: [GC (Allocation Failure) [PSYoungGen: 323584K->104608K(510464K)] 519341K->300365K(1908736K), 0.0588380 secs] [Times: user=0.34 sys=0.00, real=0.06 secs] 
5990.428: [GC (Allocation Failure) [PSYoungGen: 414076K->146192K(510464K)] 609833K->443175K(1908736K), 0.0500124 secs] [Times: user=0.30 sys=0.00, real=0.05 secs] 
5991.874: [GC (Allocation Failure) [PSYoungGen: 471824K->107168K(510464K)] 768807K->541546K(1908736K), 0.0688619 secs] [Times: user=0.41 sys=0.00, real=0.07 secs] 
5993.933: [GC (Allocation Failure) [PSYoungGen: 418520K->144896K(511488K)] 852899K->682115K(1909760K), 0.0513026 secs] [Times: user=0.30 sys=0.01, real=0.06 secs] 
5996.567: [GC (Allocation Failure) [PSYoungGen: 472576K->108576K(511488K)] 1009795K->781163K(1909760K), 0.1521532 secs] [Times: user=0.90 sys=0.00, real=0.15 secs] 
5997.659: [GC (Allocation Failure) [PSYoungGen: 438304K->172992K(502784K)] 1110891K->950112K(1901056K), 0.0536666 secs] [Times: user=0.31 sys=0.00, real=0.05 secs] 
6000.528: [GC (Allocation Failure) [PSYoungGen: 502720K->98720K(505344K)] 1279840K->1032092K(1903616K), 0.1544557 secs] [Times: user=0.90 sys=0.01, real=0.15 secs] 
6001.412: [GC (Allocation Failure) [PSYoungGen: 409504K->165552K(476672K)] 1342876K->1191750K(1874944K), 0.0567089 secs] [Times: user=0.34 sys=0.00, real=0.06 secs] 
6004.402: [GC (Allocation Failure) [PSYoungGen: 476336K->91744K(498176K)] 1502534K->1266913K(1896448K), 0.1733717 secs] [Times: user=1.04 sys=0.00, real=0.18 secs] 
6005.572: [GC (Allocation Failure) [PSYoungGen: 373001K->135680K(433152K)] 1548170K->1396938K(1831424K), 0.1323224 secs] [Times: user=0.79 sys=0.00, real=0.14 secs] 
6005.704: [Full GC (Ergonomics) [PSYoungGen: 135680K->0K(433152K)] [ParOldGen: 1261258K->195700K(1398272K)] 1396938K->195700K(1831424K), [Metaspace: 59736K->59736K(1105920K)], 0.5355839 secs] [Times: user=2.56 sys=0.00, real=0.53 secs] 
6007.248: [GC (Allocation Failure) [PSYoungGen: 296960K->100560K(495616K)] 492660K->296261K(1893888K), 0.0305673 secs] [Times: user=0.18 sys=0.00, real=0.03 secs] 
6008.885: [GC (Allocation Failure) [PSYoungGen: 399568K->136864K(493568K)] 595269K->427783K(1891840K), 0.0600647 secs] [Times: user=0.35 sys=0.00, real=0.06 secs] 
6011.593: [GC (Allocation Failure) [PSYoungGen: 435872K->98624K(501760K)] 726791K->517391K(1900032K), 0.0614972 secs] [Times: user=0.36 sys=0.00, real=0.07 secs] 
6013.873: [GC (Allocation Failure) [PSYoungGen: 408384K->141664K(499712K)] 827151K->656572K(1897984K), 0.0511448 secs] [Times: user=0.30 sys=0.00, real=0.06 secs] 
6016.049: [GC (Allocation Failure) [PSYoungGen: 451424K->105808K(503296K)] 966332K->753229K(1901568K), 0.0650820 secs] [Times: user=0.38 sys=0.00, real=0.07 secs] 
6017.641: [GC (Allocation Failure) [PSYoungGen: 424272K->144032K(505344K)] 1071693K->895353K(1903616K), 0.0797186 secs] [Times: user=0.47 sys=0.00, real=0.08 secs] 
6020.809: [GC (Allocation Failure) [PSYoungGen: 462496K->107456K(507392K)] 1213817K->993597K(1905664K), 0.0665917 secs] [Times: user=0.39 sys=0.01, real=0.07 secs] 
6022.184: [GC (Allocation Failure) [PSYoungGen: 431040K->148288K(508928K)] 1317181K->1139290K(1907200K), 0.0543722 secs] [Times: user=0.32 sys=0.01, real=0.05 secs] 
6025.215: [GC (Allocation Failure) [PSYoungGen: 470433K->110864K(508928K)] 1461435K->1240523K(1907200K), 0.0679590 secs] [Times: user=0.41 sys=0.00, real=0.06 secs] 
6027.141: [GC (Allocation Failure) [PSYoungGen: 436496K->147312K(509952K)] 1566155K->1386000K(1908224K), 0.0915696 secs] [Times: user=0.55 sys=0.00, real=0.09 secs] 
6027.233: [Full GC (Ergonomics) [PSYoungGen: 147312K->0K(509952K)] [ParOldGen: 1238687K->184152K(1398272K)] 1386000K->184152K(1908224K), [Metaspace: 59736K->59736K(1105920K)], 0.4560653 secs] [Times: user=2.12 sys=0.01, real=0.46 secs] 
6029.473: [GC (Allocation Failure) [PSYoungGen: 325632K->108512K(512000K)] 509784K->292664K(1910272K), 0.0335152 secs] [Times: user=0.19 sys=0.01, real=0.04 secs] 
6030.873: [GC (Allocation Failure) [PSYoungGen: 436192K->153120K(481280K)] 620344K->442409K(1879552K), 0.0533891 secs] [Times: user=0.31 sys=0.00, real=0.06 secs] 
6033.261: [GC (Allocation Failure) [PSYoungGen: 480800K->111456K(513536K)] 770089K->544813K(1911808K), 0.1282971 secs] [Times: user=0.77 sys=0.00, real=0.13 secs] 
6034.357: [GC (Allocation Failure) [PSYoungGen: 436576K->152608K(478208K)] 869933K->693610K(1876480K), 0.0539286 secs] [Times: user=0.31 sys=0.00, real=0.05 secs] 
6038.234: [GC (Allocation Failure) [PSYoungGen: 477728K->97248K(510464K)] 1018730K->790298K(1908736K), 0.1578009 secs] [Times: user=0.95 sys=0.00, real=0.15 secs] 
6038.904: [GC (Allocation Failure) [PSYoungGen: 418272K->153600K(475136K)] 1111322K->937827K(1873408K), 0.0568010 secs] [Times: user=0.34 sys=0.00, real=0.05 secs] 
6044.065: [GC (Allocation Failure) [PSYoungGen: 474624K->94048K(506880K)] 1258851K->1031403K(1905152K), 0.1539520 secs] [Times: user=0.91 sys=0.01, real=0.15 secs] 
6045.009: [GC (Allocation Failure) [PSYoungGen: 408416K->152224K(466944K)] 1345771K->1177552K(1865216K), 0.0545000 secs] [Times: user=0.33 sys=0.00, real=0.06 secs] 
6048.596: [GC (Allocation Failure) [PSYoungGen: 466592K->92608K(504320K)] 1491920K->1269744K(1902592K), 0.1675755 secs] [Times: user=0.99 sys=0.00, real=0.16 secs] 
6049.112: [GC (Allocation Failure) [PSYoungGen: 401344K->149552K(458752K)] 1578480K->1413565K(1857024K), 0.0543935 secs] [Times: user=0.32 sys=0.00, real=0.06 secs] 
6049.166: [Full GC (Ergonomics) [PSYoungGen: 149552K->0K(458752K)] [ParOldGen: 1264013K->211382K(1398272K)] 1413565K->211382K(1857024K), [Metaspace: 59736K->59736K(1105920K)], 0.4973177 secs] [Times: user=2.31 sys=0.00, real=0.49 secs] 
6051.521: [GC (Allocation Failure) [PSYoungGen: 308736K->97216K(503808K)] 520118K->308598K(1902080K), 0.1537701 secs] [Times: user=0.90 sys=0.00, real=0.16 secs] 
6052.112: [GC (Allocation Failure) [PSYoungGen: 403904K->147744K(501760K)] 615286K->445722K(1900032K), 0.0525087 secs] [Times: user=0.31 sys=0.00, real=0.06 secs] 
6054.869: [GC (Allocation Failure) [PSYoungGen: 454432K->89216K(502784K)] 752410K->534210K(1901056K), 0.1124910 secs] [Times: user=0.67 sys=0.00, real=0.11 secs] 
6056.391: [GC (Allocation Failure) [PSYoungGen: 395392K->143504K(502272K)] 840386K->673776K(1900544K), 0.0494630 secs] [Times: user=0.28 sys=0.01, real=0.05 secs] 
6058.863: [GC (Allocation Failure) [PSYoungGen: 449680K->102832K(496128K)] 979952K->767532K(1894400K), 0.0944786 secs] [Times: user=0.56 sys=0.00, real=0.10 secs] 
6061.711: [GC (Allocation Failure) [PSYoungGen: 409008K->139056K(499200K)] 1073708K->903113K(1897472K), 0.0493452 secs] [Times: user=0.30 sys=0.00, real=0.05 secs] 
6063.638: [GC (Allocation Failure) [PSYoungGen: 445232K->100416K(499712K)] 1209289K->994768K(1897984K), 0.0622849 secs] [Times: user=0.37 sys=0.00, real=0.06 secs] 
6066.489: [GC (Allocation Failure) [PSYoungGen: 414272K->144064K(503296K)] 1308624K->1134973K(1901568K), 0.0502374 secs] [Times: user=0.29 sys=0.00, real=0.05 secs] 
6068.584: [GC (Allocation Failure) [PSYoungGen: 457920K->105168K(503808K)] 1448829K->1231074K(1902080K), 0.0832586 secs] [Times: user=0.49 sys=0.00, real=0.08 secs] 
6070.322: [GC (Allocation Failure) [PSYoungGen: 423632K->144160K(505856K)] 1549538K->1373002K(1904128K), 0.0608385 secs] [Times: user=0.35 sys=0.00, real=0.06 secs] 
6070.382: [Full GC (Ergonomics) [PSYoungGen: 144160K->0K(505856K)] [ParOldGen: 1228842K->180356K(1398272K)] 1373002K->180356K(1904128K), [Metaspace: 59736K->59736K(1105920K)], 0.4340270 secs] [Times: user=2.01 sys=0.01, real=0.44 secs] 
6072.600: [GC (Allocation Failure) [PSYoungGen: 318464K->107072K(505856K)] 498820K->287429K(1904128K), 0.0425070 secs] [Times: user=0.25 sys=0.00, real=0.04 secs] 
6075.346: [GC (Allocation Failure) [PSYoungGen: 429632K->147936K(507904K)] 609989K->431657K(1906176K), 0.0527187 secs] [Times: user=0.31 sys=0.00, real=0.05 secs] 
6077.058: [GC (Allocation Failure) [PSYoungGen: 470496K->112176K(507904K)] 754217K->534958K(1906176K), 0.0669700 secs] [Times: user=0.39 sys=0.00, real=0.07 secs] 
6079.773: [GC (Allocation Failure) [PSYoungGen: 436784K->149504K(508928K)] 859566K->678618K(1907200K), 0.0533668 secs] [Times: user=0.31 sys=0.00, real=0.06 secs] 
6081.364: [GC (Allocation Failure) [PSYoungGen: 474112K->111520K(510976K)] 1003226K->781202K(1909248K), 0.1107198 secs] [Times: user=0.58 sys=0.00, real=0.11 secs] 
6082.933: [GC (Allocation Failure) [PSYoungGen: 422518K->142752K(510976K)] 1092200K->920039K(1909248K), 0.0524711 secs] [Times: user=0.31 sys=0.00, real=0.06 secs] 
6085.590: [GC (Allocation Failure) [PSYoungGen: 469408K->110288K(509440K)] 1246695K->1021316K(1907712K), 0.1695582 secs] [Times: user=1.01 sys=0.01, real=0.17 secs] 
6086.929: [GC (Allocation Failure) [PSYoungGen: 439504K->182240K(511488K)] 1350532K->1218916K(1909760K), 0.1116325 secs] [Times: user=0.66 sys=0.01, real=0.11 secs] 
6091.377: [GC (Allocation Failure) [PSYoungGen: 511456K->100800K(420352K)] 1548132K->1270296K(1818624K), 0.1700204 secs] [Times: user=1.01 sys=0.00, real=0.17 secs] 
6092.015: [GC (Allocation Failure) [PSYoungGen: 333760K->114368K(465920K)] 1503256K->1378409K(1864192K), 0.0580279 secs] [Times: user=0.34 sys=0.01, real=0.05 secs] 
6092.073: [Full GC (Ergonomics) [PSYoungGen: 114368K->0K(465920K)] [ParOldGen: 1264041K->177288K(1398272K)] 1378409K->177288K(1864192K), [Metaspace: 59736K->59736K(1105920K)], 0.4348399 secs] [Times: user=2.02 sys=0.00, real=0.44 secs] 
6094.833: [GC (Allocation Failure) [PSYoungGen: 232960K->83136K(465920K)] 410248K->260424K(1864192K), 0.0333975 secs] [Times: user=0.20 sys=0.00, real=0.04 secs] 
6096.611: [GC (GCLocker Initiated GC) [PSYoungGen: 316096K->87248K(320512K)] 493384K->347529K(1718784K), 0.0798738 secs] [Times: user=0.47 sys=0.00, real=0.08 secs] 
6096.862: [GC (Allocation Failure) [PSYoungGen: 320208K->114240K(472576K)] 580491K->455927K(1870848K), 0.0485634 secs] [Times: user=0.29 sys=0.00, real=0.05 secs] 
6098.518: [GC (Allocation Failure) [PSYoungGen: 355392K->63504K(464384K)] 697079K->519288K(1862656K), 0.0519820 secs] [Times: user=0.31 sys=0.00, real=0.05 secs] 
6101.214: [GC (Allocation Failure) [PSYoungGen: 304656K->108160K(465408K)] 760440K->625164K(1863680K), 0.0603808 secs] [Times: user=0.36 sys=0.00, real=0.06 secs] 
6102.162: [GC (Allocation Failure) [PSYoungGen: 359552K->163264K(466944K)] 876556K->779020K(1865216K), 0.0595539 secs] [Times: user=0.34 sys=0.00, real=0.06 secs] 
6104.091: [GC (Allocation Failure) [PSYoungGen: 414656K->67744K(476672K)] 1030412K->805548K(1874944K), 0.1401387 secs] [Times: user=0.83 sys=0.00, real=0.14 secs] 
6104.441: [GC (Allocation Failure) [PSYoungGen: 316594K->120928K(375296K)] 1054398K->920457K(1773568K), 0.0430264 secs] [Times: user=0.25 sys=0.00, real=0.05 secs] 
6105.577: [GC (Allocation Failure) [PSYoungGen: 374880K->78912K(470016K)] 1174409K->990905K(1868288K), 0.0558577 secs] [Times: user=0.33 sys=0.00, real=0.05 secs] 
6106.913: [GC (Allocation Failure) [PSYoungGen: 335936K->119008K(466944K)] 1247929K->1108038K(1865216K), 0.0596611 secs] [Times: user=0.35 sys=0.00, real=0.06 secs] 
6109.433: [GC (Allocation Failure) [PSYoungGen: 376032K->116384K(480768K)] 1365062K->1215438K(1879040K), 0.0616771 secs] [Times: user=0.36 sys=0.00, real=0.07 secs] 
6111.091: [GC (Allocation Failure) [PSYoungGen: 400544K->89808K(478208K)] 1499598K->1305263K(1876480K), 0.0962804 secs] [Times: user=0.57 sys=0.00, real=0.10 secs] 
6112.332: [GC (Allocation Failure) [PSYoungGen: 373968K->136320K(497664K)] 1589423K->1435595K(1895936K), 0.1162729 secs] [Times: user=0.63 sys=0.01, real=0.12 secs] 
6112.448: [Full GC (Ergonomics) [PSYoungGen: 136320K->0K(497664K)] [ParOldGen: 1299275K->233295K(1398272K)] 1435595K->233295K(1895936K), [Metaspace: 59736K->59736K(1105920K)], 0.5924985 secs] [Times: user=2.81 sys=0.00, real=0.59 secs] 
6115.925: [GC (Allocation Failure) [PSYoungGen: 307200K->89216K(498688K)] 540495K->322511K(1896960K), 0.0709291 secs] [Times: user=0.42 sys=0.00, real=0.07 secs] 
6116.911: [GC (Allocation Failure) [PSYoungGen: 396416K->148896K(498176K)] 629711K->464980K(1896448K), 0.1176065 secs] [Times: user=0.68 sys=0.03, real=0.12 secs] 
6119.692: [GC (Allocation Failure) [PSYoungGen: 458656K->92992K(504320K)] 774740K->557740K(1902592K), 0.1450287 secs] [Times: user=0.87 sys=0.00, real=0.15 secs] 
6120.720: [GC (Allocation Failure) [PSYoungGen: 402752K->148240K(498176K)] 867500K->700233K(1896448K), 0.1393228 secs] [Times: user=0.83 sys=0.00, real=0.14 secs] 
6123.439: [GC (Allocation Failure) [PSYoungGen: 455952K->87808K(503296K)] 1007945K->788061K(1901568K), 0.1743200 secs] [Times: user=1.04 sys=0.00, real=0.17 secs] 
6124.329: [GC (Allocation Failure) [PSYoungGen: 395520K->148560K(496128K)] 1095773K->930187K(1894400K), 0.1299604 secs] [Times: user=0.77 sys=0.00, real=0.13 secs] 
6128.523: [GC (Allocation Failure) [PSYoungGen: 452176K->86752K(501248K)] 1233803K->1016738K(1899520K), 0.1721145 secs] [Times: user=1.02 sys=0.00, real=0.18 secs] 
6130.136: [GC (Allocation Failure) [PSYoungGen: 376363K->137872K(499712K)] 1306349K->1148900K(1897984K), 0.0519644 secs] [Times: user=0.31 sys=0.00, real=0.05 secs] 
6131.546: [GC (Allocation Failure) [PSYoungGen: 444048K->99584K(406016K)] 1455076K->1240079K(1804288K), 0.0615740 secs] [Times: user=0.36 sys=0.00, real=0.06 secs] 
6133.830: [GC (Allocation Failure) [PSYoungGen: 405760K->140768K(498176K)] 1546255K->1377484K(1896448K), 0.0535352 secs] [Times: user=0.32 sys=0.00, real=0.06 secs] 
6133.884: [Full GC (Ergonomics) [PSYoungGen: 140768K->0K(498176K)] [ParOldGen: 1236716K->185800K(1398272K)] 1377484K->185800K(1896448K), [Metaspace: 59736K->59736K(1105920K)], 0.4566010 secs] [Times: user=2.12 sys=0.00, real=0.45 secs] 
6136.201: [GC (Allocation Failure) [PSYoungGen: 307712K->101328K(500224K)] 493512K->287129K(1898496K), 0.0320505 secs] [Times: user=0.18 sys=0.00, real=0.03 secs] 
6138.071: [GC (Allocation Failure) [PSYoungGen: 409040K->150400K(498176K)] 594841K->433981K(1896448K), 0.0757932 secs] [Times: user=0.45 sys=0.00, real=0.08 secs] 
6141.158: [GC (Allocation Failure) [PSYoungGen: 460672K->103424K(503808K)] 744253K->520225K(1902080K), 0.0630510 secs] [Times: user=0.38 sys=0.00, real=0.06 secs] 
6143.399: [GC (Allocation Failure) [PSYoungGen: 413696K->139648K(505344K)] 830497K->657994K(1903616K), 0.0516346 secs] [Times: user=0.31 sys=0.00, real=0.05 secs] 
6145.529: [GC (Allocation Failure) [PSYoungGen: 456064K->105712K(422400K)] 974410K->755023K(1820672K), 0.0654314 secs] [Times: user=0.38 sys=0.02, real=0.07 secs] 
6148.724: [GC (Allocation Failure) [PSYoungGen: 422128K->144800K(502272K)] 1071439K->896915K(1900544K), 0.0536091 secs] [Times: user=0.32 sys=0.00, real=0.05 secs] 
6150.266: [GC (Allocation Failure) [PSYoungGen: 461728K->108384K(505344K)] 1213843K->995867K(1903616K), 0.0771045 secs] [Times: user=0.46 sys=0.00, real=0.07 secs] 
6152.601: [GC (Allocation Failure) [PSYoungGen: 425312K->144224K(506368K)] 1312795K->1138147K(1904640K), 0.0546983 secs] [Times: user=0.32 sys=0.00, real=0.06 secs] 
6154.826: [GC (Allocation Failure) [PSYoungGen: 466784K->108576K(508928K)] 1460707K->1238072K(1907200K), 0.0646568 secs] [Times: user=0.38 sys=0.01, real=0.06 secs] 
6157.312: [GC (Allocation Failure) [PSYoungGen: 431136K->148704K(506880K)] 1560632K->1384100K(1905152K), 0.0559516 secs] [Times: user=0.33 sys=0.01, real=0.06 secs] 
6157.368: [Full GC (Ergonomics) [PSYoungGen: 148704K->0K(506880K)] [ParOldGen: 1235396K->182353K(1398272K)] 1384100K->182353K(1905152K), [Metaspace: 59736K->59736K(1105920K)], 0.4463782 secs] [Times: user=2.07 sys=0.00, real=0.45 secs] 
6159.634: [GC (Allocation Failure) [PSYoungGen: 324608K->110096K(510976K)] 506961K->292450K(1909248K), 0.1019722 secs] [Times: user=0.59 sys=0.01, real=0.10 secs] 
6161.646: [GC (Allocation Failure) [PSYoungGen: 434704K->150688K(507904K)] 617058K->439798K(1906176K), 0.0545461 secs] [Times: user=0.32 sys=0.01, real=0.05 secs] 
6163.039: [GC (Allocation Failure) [PSYoungGen: 475808K->110432K(512000K)] 764918K->541838K(1910272K), 0.0659789 secs] [Times: user=0.39 sys=0.00, real=0.07 secs] 
6165.751: [GC (Allocation Failure) [PSYoungGen: 427302K->144016K(510976K)] 858709K->682140K(1909248K), 0.0525835 secs] [Times: user=0.31 sys=0.01, real=0.06 secs] 
6168.340: [GC (Allocation Failure) [PSYoungGen: 471696K->108928K(512512K)] 1009820K->782075K(1910784K), 0.1756779 secs] [Times: user=1.04 sys=0.00, real=0.18 secs] 
6169.964: [GC (Allocation Failure) [PSYoungGen: 436608K->154944K(505856K)] 1109755K->932576K(1904128K), 0.0534190 secs] [Times: user=0.30 sys=0.02, real=0.05 secs] 
6172.132: [GC (Allocation Failure) [PSYoungGen: 479040K->98528K(511488K)] 1256672K->1030200K(1909760K), 0.1576399 secs] [Times: user=0.93 sys=0.00, real=0.16 secs] 
6173.152: [GC (Allocation Failure) [PSYoungGen: 422624K->155184K(502272K)] 1354296K->1178490K(1900544K), 0.0565010 secs] [Times: user=0.33 sys=0.00, real=0.06 secs] 
6176.240: [GC (Allocation Failure) [PSYoungGen: 471088K->97184K(507392K)] 1494394K->1275270K(1905664K), 0.1556117 secs] [Times: user=0.92 sys=0.00, real=0.16 secs] 
6176.686: [GC (Allocation Failure) [PSYoungGen: 413088K->152768K(500224K)] 1591174K->1421594K(1898496K), 0.0567939 secs] [Times: user=0.34 sys=0.00, real=0.05 secs] 
6176.743: [Full GC (Ergonomics) [PSYoungGen: 152768K->0K(500224K)] [ParOldGen: 1268826K->219634K(1398272K)] 1421594K->219634K(1898496K), [Metaspace: 59736K->59736K(1105920K)], 0.5193692 secs] [Times: user=2.43 sys=0.00, real=0.52 secs] 
6181.635: [GC (Allocation Failure) [PSYoungGen: 309760K->86192K(504320K)] 529394K->305827K(1902592K), 0.1357294 secs] [Times: user=0.81 sys=0.00, real=0.13 secs] 
6182.741: [GC (GCLocker Initiated GC) [PSYoungGen: 395952K->149808K(498176K)] 615587K->449124K(1896448K), 0.0521609 secs] [Times: user=0.31 sys=0.00, real=0.05 secs] 
6184.415: [GC (Allocation Failure) [PSYoungGen: 453424K->96608K(501248K)] 752744K->545483K(1899520K), 0.1256445 secs] [Times: user=0.75 sys=0.00, real=0.12 secs] 
6185.989: [GC (Allocation Failure) [PSYoungGen: 395282K->138848K(498688K)] 844158K->674228K(1896960K), 0.0503261 secs] [Times: user=0.30 sys=0.00, real=0.05 secs] 
6187.184: [GC (Allocation Failure) [PSYoungGen: 445024K->103552K(500224K)] 980404K->768424K(1898496K), 0.0642200 secs] [Times: user=0.38 sys=0.00, real=0.06 secs] 
6188.126: [GC (Allocation Failure) [PSYoungGen: 409728K->142400K(502272K)] 1074600K->907585K(1900544K), 0.0515828 secs] [Times: user=0.30 sys=0.00, real=0.05 secs] 
6190.830: [GC (Allocation Failure) [PSYoungGen: 454208K->102592K(502784K)] 1219393K->1001357K(1901056K), 0.1055141 secs] [Times: user=0.63 sys=0.01, real=0.11 secs] 
6192.401: [GC (Allocation Failure) [PSYoungGen: 414400K->147296K(503296K)] 1313165K->1144294K(1901568K), 0.0516797 secs] [Times: user=0.30 sys=0.01, real=0.05 secs] 
6194.365: [GC (Allocation Failure) [PSYoungGen: 462176K->104304K(505856K)] 1459174K->1239995K(1904128K), 0.0662335 secs] [Times: user=0.39 sys=0.00, real=0.06 secs] 
6196.966: [GC (Allocation Failure) [PSYoungGen: 419184K->153072K(501760K)] 1554875K->1389440K(1900032K), 0.1294422 secs] [Times: user=0.74 sys=0.02, real=0.13 secs] 
6197.096: [Full GC (Ergonomics) [PSYoungGen: 153072K->0K(501760K)] [ParOldGen: 1236367K->188022K(1398272K)] 1389440K->188022K(1900032K), [Metaspace: 59737K->59737K(1105920K)], 0.4966173 secs] [Times: user=2.37 sys=0.01, real=0.49 secs] 
6199.369: [GC (Allocation Failure) [PSYoungGen: 313856K->104608K(506368K)] 501878K->292630K(1904640K), 0.0322196 secs] [Times: user=0.19 sys=0.00, real=0.03 secs] 
6201.673: [GC (Allocation Failure) [PSYoungGen: 418464K->146400K(505344K)] 606486K->435903K(1903616K), 0.0811454 secs] [Times: user=0.47 sys=0.01, real=0.09 secs] 
6203.770: [GC (Allocation Failure) [PSYoungGen: 462304K->104608K(420864K)] 751807K->531999K(1819136K), 0.0948274 secs] [Times: user=0.56 sys=0.00, real=0.10 secs] 
6205.984: [GC (Allocation Failure) [PSYoungGen: 420512K->146144K(504320K)] 847903K->674376K(1902592K), 0.0511979 secs] [Times: user=0.31 sys=0.00, real=0.05 secs] 
6207.104: [GC (Allocation Failure) [PSYoungGen: 462048K->107136K(506368K)] 990280K->772452K(1904640K), 0.0654172 secs] [Times: user=0.38 sys=0.01, real=0.06 secs] 
6209.926: [GC (Allocation Failure) [PSYoungGen: 423040K->141952K(506368K)] 1088356K->911465K(1904640K), 0.0721158 secs] [Times: user=0.42 sys=0.00, real=0.07 secs] 
6212.611: [GC (Allocation Failure) [PSYoungGen: 461440K->106112K(506880K)] 1230953K->1009177K(1905152K), 0.0881960 secs] [Times: user=0.53 sys=0.00, real=0.09 secs] 
6213.751: [GC (Allocation Failure) [PSYoungGen: 425600K->149696K(506368K)] 1328665K->1155290K(1904640K), 0.0533790 secs] [Times: user=0.32 sys=0.00, real=0.06 secs] 
6215.433: [GC (Allocation Failure) [PSYoungGen: 471232K->108240K(509440K)] 1476826K->1254671K(1907712K), 0.0962970 secs] [Times: user=0.57 sys=0.01, real=0.10 secs] 
6217.447: [GC (Allocation Failure) [PSYoungGen: 428442K->147328K(509440K)] 1574872K->1398615K(1907712K), 0.0529466 secs] [Times: user=0.31 sys=0.00, real=0.05 secs] 
6217.500: [Full GC (Ergonomics) [PSYoungGen: 147328K->0K(509440K)] [ParOldGen: 1251287K->196589K(1398272K)] 1398615K->196589K(1907712K), [Metaspace: 59737K->59737K(1105920K)], 0.4851624 secs] [Times: user=2.27 sys=0.00, real=0.49 secs] 
6219.682: [GC (Allocation Failure) [PSYoungGen: 324096K->107584K(432128K)] 520685K->304173K(1830400K), 0.0316981 secs] [Times: user=0.18 sys=0.00, real=0.04 secs] 
6221.609: [GC (Allocation Failure) [PSYoungGen: 419741K->143952K(509952K)] 616331K->444623K(1908224K), 0.0737999 secs] [Times: user=0.44 sys=0.00, real=0.07 secs] 
6224.729: [GC (Allocation Failure) [PSYoungGen: 469072K->111136K(510976K)] 769743K->547162K(1909248K), 0.1124944 secs] [Times: user=0.66 sys=0.01, real=0.11 secs] 
6225.905: [GC (Allocation Failure) [PSYoungGen: 436256K->153104K(506368K)] 872282K->695976K(1904640K), 0.0527534 secs] [Times: user=0.31 sys=0.00, real=0.05 secs] 
6229.700: [GC (Allocation Failure) [PSYoungGen: 476688K->94736K(510976K)] 1019560K->789756K(1909248K), 0.1654214 secs] [Times: user=0.99 sys=0.00, real=0.17 secs] 
6230.280: [GC (Allocation Failure) [PSYoungGen: 418320K->157536K(499712K)] 1113340K->941116K(1897984K), 0.0560580 secs] [Times: user=0.33 sys=0.00, real=0.06 secs] 
6233.777: [GC (Allocation Failure) [PSYoungGen: 470368K->93904K(505856K)] 1253948K->1034741K(1904128K), 0.1701437 secs] [Times: user=1.01 sys=0.00, real=0.17 secs] 
6234.511: [GC (Allocation Failure) [PSYoungGen: 406736K->150384K(500736K)] 1347573K->1178706K(1899008K), 0.0552020 secs] [Times: user=0.33 sys=0.01, real=0.06 secs] 
6237.498: [GC (GCLocker Initiated GC) [PSYoungGen: 459120K->89296K(503808K)] 1487443K->1267119K(1902080K), 0.1423026 secs] [Times: user=0.84 sys=0.00, real=0.14 secs] 
6238.324: [GC (Allocation Failure) [PSYoungGen: 398032K->149888K(498176K)] 1575907K->1410874K(1896448K), 0.0537849 secs] [Times: user=0.31 sys=0.00, real=0.05 secs] 
6238.378: [Full GC (Ergonomics) [PSYoungGen: 149888K->0K(498176K)] [ParOldGen: 1260986K->208017K(1398272K)] 1410874K->208017K(1896448K), [Metaspace: 59737K->59737K(1105920K)], 0.4913607 secs] [Times: user=2.30 sys=0.00, real=0.49 secs] 
6241.088: [GC (Allocation Failure) [PSYoungGen: 303616K->89776K(501248K)] 511633K->297793K(1899520K), 0.1653410 secs] [Times: user=0.98 sys=0.00, real=0.16 secs] 
6241.963: [GC (Allocation Failure) [PSYoungGen: 385577K->140736K(499200K)] 593595K->434742K(1897472K), 0.0493673 secs] [Times: user=0.29 sys=0.00, real=0.05 secs] 
6243.617: [GC (Allocation Failure) [PSYoungGen: 445376K->98880K(500736K)] 739382K->524910K(1899008K), 0.0844225 secs] [Times: user=0.50 sys=0.00, real=0.08 secs] 
6245.346: [GC (Allocation Failure) [PSYoungGen: 403520K->142656K(500736K)] 829550K->664651K(1899008K), 0.0713705 secs] [Times: user=0.42 sys=0.00, real=0.07 secs] 
6246.739: [GC (Allocation Failure) [PSYoungGen: 450368K->100896K(501248K)] 972363K->757155K(1899520K), 0.0780042 secs] [Times: user=0.46 sys=0.00, real=0.08 secs] 
6249.051: [GC (Allocation Failure) [PSYoungGen: 408608K->141712K(502272K)] 1064867K->895364K(1900544K), 0.0513468 secs] [Times: user=0.30 sys=0.00, real=0.05 secs] 
6250.189: [GC (Allocation Failure) [PSYoungGen: 453520K->107648K(502784K)] 1207172K->993971K(1901056K), 0.0816753 secs] [Times: user=0.48 sys=0.00, real=0.08 secs] 
6251.223: [GC (Allocation Failure) [PSYoungGen: 419456K->147520K(502272K)] 1305779K->1138096K(1900544K), 0.0539627 secs] [Times: user=0.32 sys=0.00, real=0.06 secs] 
6253.115: [GC (Allocation Failure) [PSYoungGen: 462400K->104800K(504832K)] 1452976K->1233932K(1903104K), 0.1125983 secs] [Times: user=0.67 sys=0.00, real=0.11 secs] 
6254.643: [GC (Allocation Failure) [PSYoungGen: 419680K->145344K(506368K)] 1548812K->1376129K(1904640K), 0.0774423 secs] [Times: user=0.46 sys=0.00, real=0.08 secs] 
6254.720: [Full GC (Ergonomics) [PSYoungGen: 145344K->0K(506368K)] [ParOldGen: 1230785K->183113K(1398272K)] 1376129K->183113K(1904640K), [Metaspace: 59741K->59741K(1105920K)], 0.4504751 secs] [Times: user=2.10 sys=0.00, real=0.45 secs] 
6256.230: [GC (Allocation Failure) [PSYoungGen: 319488K->109216K(508416K)] 502601K->292329K(1906688K), 0.0336992 secs] [Times: user=0.20 sys=0.00, real=0.04 secs] 
6258.064: [GC (Allocation Failure) [PSYoungGen: 428704K->149424K(504832K)] 611817K->438399K(1903104K), 0.0537332 secs] [Times: user=0.32 sys=0.00, real=0.05 secs] 
6259.691: [GC (Allocation Failure) [PSYoungGen: 468912K->106784K(508416K)] 757887K->535990K(1906688K), 0.0818520 secs] [Times: user=0.48 sys=0.01, real=0.08 secs] 
6261.535: [GC (Allocation Failure) [PSYoungGen: 426272K->147264K(507904K)] 855478K->679607K(1906176K), 0.1066961 secs] [Times: user=0.63 sys=0.00, real=0.10 secs] 
6264.984: [GC (Allocation Failure) [PSYoungGen: 469312K->107664K(430080K)] 1001655K->778780K(1828352K), 0.0655391 secs] [Times: user=0.39 sys=0.01, real=0.06 secs] 
6266.453: [GC (Allocation Failure) [PSYoungGen: 425088K->146672K(507904K)] 1096204K->921625K(1906176K), 0.0516250 secs] [Times: user=0.31 sys=0.00, real=0.06 secs] 
6269.388: [GC (Allocation Failure) [PSYoungGen: 469232K->106897K(509952K)] 1244185K->1018949K(1908224K), 0.1601410 secs] [Times: user=0.95 sys=0.00, real=0.16 secs] 
6270.882: [GC (Allocation Failure) [PSYoungGen: 413158K->144224K(509952K)] 1325211K->1159613K(1908224K), 0.0520593 secs] [Times: user=0.31 sys=0.00, real=0.06 secs] 
6273.380: [GC (Allocation Failure) [PSYoungGen: 469344K->108320K(510976K)] 1484733K->1258909K(1909248K), 0.0663094 secs] [Times: user=0.38 sys=0.00, real=0.07 secs] 
6275.348: [GC (Allocation Failure) [PSYoungGen: 423570K->143392K(510464K)] 1574160K->1398298K(1908736K), 0.0525558 secs] [Times: user=0.31 sys=0.00, real=0.05 secs] 
6275.400: [Full GC (Ergonomics) [PSYoungGen: 143392K->0K(510464K)] [ParOldGen: 1254906K->196254K(1398272K)] 1398298K->196254K(1908736K), [Metaspace: 59741K->59741K(1105920K)], 0.4830603 secs] [Times: user=2.24 sys=0.00, real=0.48 secs] 
6277.306: [GC (Allocation Failure) [PSYoungGen: 327168K->109184K(511488K)] 523422K->305438K(1909760K), 0.0660206 secs] [Times: user=0.38 sys=0.00, real=0.06 secs] 
6279.068: [GC (Allocation Failure) [PSYoungGen: 436352K->153920K(507392K)] 632606K->455387K(1905664K), 0.0525208 secs] [Times: user=0.31 sys=0.01, real=0.05 secs] 
6282.215: [GC (Allocation Failure) [PSYoungGen: 480064K->98912K(512512K)] 781531K->553447K(1910784K), 0.1543980 secs] [Times: user=0.92 sys=0.01, real=0.15 secs] 
6282.708: [GC (Allocation Failure) [PSYoungGen: 425056K->156976K(501760K)] 879591K->704148K(1900032K), 0.0567179 secs] [Times: user=0.33 sys=0.00, real=0.06 secs] 
6286.833: [GC (Allocation Failure) [PSYoungGen: 472880K->95968K(507392K)] 1020052K->799652K(1905664K), 0.1715318 secs] [Times: user=1.02 sys=0.00, real=0.18 secs] 
6288.076: [GC (GCLocker Initiated GC) [PSYoungGen: 411872K->150480K(502272K)] 1115556K->943677K(1900544K), 0.1056741 secs] [Times: user=0.63 sys=0.00, real=0.10 secs] 
6291.217: [GC (Allocation Failure) [PSYoungGen: 462288K->91376K(505344K)] 1255488K->1034468K(1903616K), 0.1653804 secs] [Times: user=0.98 sys=0.00, real=0.16 secs] 
6292.183: [GC (Allocation Failure) [PSYoungGen: 403184K->149824K(500736K)] 1346276K->1178004K(1899008K), 0.0946827 secs] [Times: user=0.57 sys=0.00, real=0.10 secs] 
6295.427: [GC (Allocation Failure) [PSYoungGen: 457536K->89776K(503296K)] 1485716K->1267753K(1901568K), 0.1703640 secs] [Times: user=1.01 sys=0.01, real=0.17 secs] 
6296.282: [GC (Allocation Failure) [PSYoungGen: 397488K->149200K(498688K)] 1575465K->1411682K(1896960K), 0.0615906 secs] [Times: user=0.37 sys=0.00, real=0.07 secs] 
6296.344: [Full GC (Ergonomics) [PSYoungGen: 149200K->0K(498688K)] [ParOldGen: 1262481K->210974K(1398272K)] 1411682K->210974K(1896960K), [Metaspace: 59741K->59741K(1105920K)], 0.4945076 secs] [Times: user=2.29 sys=0.00, real=0.49 secs] 
6299.725: [GC (Allocation Failure) [PSYoungGen: 303616K->87136K(501248K)] 514590K->298110K(1899520K), 0.1554494 secs] [Times: user=0.93 sys=0.00, real=0.15 secs] 
6301.303: [GC (Allocation Failure) [PSYoungGen: 389949K->140704K(499712K)] 600923K->434955K(1897984K), 0.1010695 secs] [Times: user=0.60 sys=0.01, real=0.11 secs] 
6303.330: [GC (GCLocker Initiated GC) [PSYoungGen: 444832K->96896K(500736K)] 739083K->523467K(1899008K), 0.0617653 secs] [Times: user=0.37 sys=0.00, real=0.06 secs] 
6304.524: [GC (Allocation Failure) [PSYoungGen: 401024K->142944K(500224K)] 827597K->663098K(1898496K), 0.0659190 secs] [Times: user=0.39 sys=0.00, real=0.06 secs] 
6307.095: [GC (Allocation Failure) [PSYoungGen: 449120K->100928K(500736K)] 969274K->755678K(1899008K), 0.0633097 secs] [Times: user=0.37 sys=0.00, real=0.06 secs] 
6308.083: [GC (Allocation Failure) [PSYoungGen: 407104K->145120K(499712K)] 1061854K->897298K(1897984K), 0.0505421 secs] [Times: user=0.30 sys=0.00, real=0.05 secs] 
6310.093: [GC (Allocation Failure) [PSYoungGen: 453344K->101296K(501760K)] 1205522K->989691K(1900032K), 0.0636382 secs] [Times: user=0.37 sys=0.00, real=0.07 secs] 
6311.840: [GC (Allocation Failure) [PSYoungGen: 409520K->142032K(502784K)] 1297915K->1129360K(1901056K), 0.0507476 secs] [Times: user=0.30 sys=0.00, real=0.05 secs] 
6313.024: [GC (Allocation Failure) [PSYoungGen: 454864K->105952K(503808K)] 1442192K->1226075K(1902080K), 0.0638748 secs] [Times: user=0.38 sys=0.00, real=0.07 secs] 
6315.660: [GC (Allocation Failure) [PSYoungGen: 418784K->143328K(503296K)] 1538907K->1366920K(1901568K), 0.0528885 secs] [Times: user=0.30 sys=0.00, real=0.05 secs] 
6315.713: [Full GC (Ergonomics) [PSYoungGen: 143328K->0K(503296K)] [ParOldGen: 1223592K->174652K(1398272K)] 1366920K->174652K(1901568K), [Metaspace: 59741K->59741K(1105920K)], 0.4212234 secs] [Times: user=1.95 sys=0.00, real=0.43 secs] 
6317.908: [GC (Allocation Failure) [PSYoungGen: 316416K->104640K(504832K)] 491068K->279292K(1903104K), 0.0454319 secs] [Times: user=0.27 sys=0.00, real=0.05 secs] 
6320.043: [GC (Allocation Failure) [PSYoungGen: 421056K->144576K(506880K)] 595708K->421297K(1905152K), 0.0529639 secs] [Times: user=0.31 sys=0.00, real=0.06 secs] 
6321.197: [GC (Allocation Failure) [PSYoungGen: 466112K->110960K(508928K)] 742833K->523002K(1907200K), 0.0794671 secs] [Times: user=0.48 sys=0.00, real=0.08 secs] 
6322.809: [GC (Allocation Failure) [PSYoungGen: 432496K->146592K(506368K)] 844538K->667190K(1904640K), 0.0542650 secs] [Times: user=0.32 sys=0.00, real=0.05 secs] 
6324.142: [GC (Allocation Failure) [PSYoungGen: 469664K->110944K(509440K)] 990262K->769130K(1907712K), 0.0801891 secs] [Times: user=0.48 sys=0.00, real=0.08 secs] 
6326.662: [GC (Allocation Failure) [PSYoungGen: 434016K->150224K(508416K)] 1092202K->915979K(1906688K), 0.0542699 secs] [Times: user=0.33 sys=0.00, real=0.06 secs] 
6328.339: [GC (Allocation Failure) [PSYoungGen: 475856K->110720K(512000K)] 1241611K->1017883K(1910272K), 0.0703444 secs] [Times: user=0.41 sys=0.01, real=0.07 secs] 
6329.517: [GC (Allocation Failure) [PSYoungGen: 421921K->144912K(511488K)] 1329084K->1158736K(1909760K), 0.0524096 secs] [Times: user=0.31 sys=0.00, real=0.05 secs] 
6332.974: [GC (Allocation Failure) [PSYoungGen: 473104K->107024K(513024K)] 1486928K->1257016K(1911296K), 0.0811836 secs] [Times: user=0.49 sys=0.00, real=0.08 secs] 
6335.312: [GC (Allocation Failure) [PSYoungGen: 420396K->143424K(512000K)] 1570388K->1396992K(1910272K), 0.1334997 secs] [Times: user=0.79 sys=0.00, real=0.14 secs] 
6335.445: [Full GC (Ergonomics) [PSYoungGen: 143424K->0K(512000K)] [ParOldGen: 1253568K->196151K(1398272K)] 1396992K->196151K(1910272K), [Metaspace: 59742K->59742K(1105920K)], 0.5318750 secs] [Times: user=2.54 sys=0.00, real=0.53 secs] 
6337.933: [GC (GCLocker Initiated GC) [PSYoungGen: 329728K->108496K(513024K)] 525879K->304648K(1911296K), 0.1003845 secs] [Times: user=0.59 sys=0.01, real=0.10 secs] 
6339.303: [GC (Allocation Failure) [PSYoungGen: 438224K->153152K(507904K)] 634379K->453975K(1906176K), 0.0520498 secs] [Times: user=0.30 sys=0.00, real=0.06 secs] 
6341.725: [GC (Allocation Failure) [PSYoungGen: 480320K->100752K(513024K)] 781143K->553820K(1911296K), 0.1748920 secs] [Times: user=1.05 sys=0.00, real=0.17 secs] 
6342.232: [GC (Allocation Failure) [PSYoungGen: 427920K->157520K(501760K)] 880988K->705561K(1900032K), 0.0569316 secs] [Times: user=0.33 sys=0.01, real=0.06 secs] 
6345.117: [GC (Allocation Failure) [PSYoungGen: 474448K->92000K(507904K)] 1022489K->796952K(1906176K), 0.1554005 secs] [Times: user=0.92 sys=0.01, real=0.15 secs] 
6345.641: [GC (Allocation Failure) [PSYoungGen: 408928K->154400K(499200K)] 1113880K->945119K(1897472K), 0.0548357 secs] [Times: user=0.32 sys=0.00, real=0.06 secs] 
6350.508: [GC (Allocation Failure) [PSYoungGen: 463136K->88688K(503808K)] 1253855K->1033540K(1902080K), 0.1615425 secs] [Times: user=0.96 sys=0.00, real=0.16 secs] 
6351.583: [GC (Allocation Failure) [PSYoungGen: 397424K->148896K(499712K)] 1342276K->1175588K(1897984K), 0.0548723 secs] [Times: user=0.33 sys=0.00, real=0.06 secs] 
6353.947: [GC (Allocation Failure) [PSYoungGen: 453536K->93408K(501760K)] 1480228K->1268716K(1900032K), 0.1502735 secs] [Times: user=0.89 sys=0.00, real=0.15 secs] 
6355.217: [GC (Allocation Failure) [PSYoungGen: 398048K->144192K(501760K)] 1573356K->1407101K(1900032K), 0.1164878 secs] [Times: user=0.69 sys=0.01, real=0.12 secs] 
6355.334: [Full GC (Ergonomics) [PSYoungGen: 144192K->0K(501760K)] [ParOldGen: 1262909K->206027K(1398272K)] 1407101K->206027K(1900032K), [Metaspace: 59742K->59742K(1105920K)], 0.5198956 secs] [Times: user=2.46 sys=0.00, real=0.52 secs] 
6359.235: [GC (Allocation Failure) [PSYoungGen: 306176K->88800K(502272K)] 512203K->294827K(1900544K), 0.1499377 secs] [Times: user=0.87 sys=0.00, real=0.15 secs] 
6360.441: [GC (Allocation Failure) [PSYoungGen: 394976K->142576K(502272K)] 601003K->433941K(1900544K), 0.0714687 secs] [Times: user=0.42 sys=0.00, real=0.07 secs] 
6361.839: [GC (Allocation Failure) [PSYoungGen: 449264K->101472K(408576K)] 740629K->526988K(1806848K), 0.0629914 secs] [Times: user=0.37 sys=0.00, real=0.06 secs] 
6363.836: [GC (Allocation Failure) [PSYoungGen: 408160K->142928K(498688K)] 833676K->666592K(1896960K), 0.0940983 secs] [Times: user=0.55 sys=0.00, real=0.09 secs] 
6365.536: [GC (Allocation Failure) [PSYoungGen: 449104K->101152K(499712K)] 972768K->758687K(1897984K), 0.0657018 secs] [Times: user=0.39 sys=0.00, real=0.06 secs] 
6367.415: [GC (Allocation Failure) [PSYoungGen: 407328K->143168K(501248K)] 1064863K->898460K(1899520K), 0.0509455 secs] [Times: user=0.30 sys=0.00, real=0.05 secs] 
6369.904: [GC (Allocation Failure) [PSYoungGen: 454464K->105088K(502784K)] 1209756K->995020K(1901056K), 0.0641528 secs] [Times: user=0.38 sys=0.00, real=0.06 secs] 
6371.351: [GC (Allocation Failure) [PSYoungGen: 416384K->142400K(504320K)] 1306316K->1134347K(1902592K), 0.0528223 secs] [Times: user=0.31 sys=0.01, real=0.05 secs] 
6374.567: [GC (Allocation Failure) [PSYoungGen: 458816K->106784K(505344K)] 1450763K->1231951K(1903616K), 0.0643353 secs] [Times: user=0.37 sys=0.01, real=0.06 secs] 
6376.009: [GC (Allocation Failure) [PSYoungGen: 423200K->145872K(504832K)] 1548367K->1375143K(1903104K), 0.0544051 secs] [Times: user=0.31 sys=0.02, real=0.05 secs] 
6376.063: [Full GC (Ergonomics) [PSYoungGen: 145872K->0K(504832K)] [ParOldGen: 1229271K->180517K(1398272K)] 1375143K->180517K(1903104K), [Metaspace: 59742K->59742K(1105920K)], 0.4346882 secs] [Times: user=2.02 sys=0.00, real=0.44 secs] 
6378.780: [GC (Allocation Failure) [PSYoungGen: 319488K->107488K(507392K)] 500005K->288005K(1905664K), 0.0346138 secs] [Times: user=0.20 sys=0.01, real=0.04 secs] 
6380.894: [GC (Allocation Failure) [PSYoungGen: 426976K->147552K(506880K)] 607493K->431710K(1905152K), 0.0531302 secs] [Times: user=0.31 sys=0.00, real=0.05 secs] 
6382.922: [GC (Allocation Failure) [PSYoungGen: 470112K->110944K(509952K)] 754270K->533066K(1908224K), 0.0655069 secs] [Times: user=0.38 sys=0.01, real=0.07 secs] 
6384.509: [GC (Allocation Failure) [PSYoungGen: 433504K->150496K(507392K)] 855626K->680055K(1905664K), 0.0540059 secs] [Times: user=0.32 sys=0.00, real=0.05 secs] 
6387.304: [GC (Allocation Failure) [PSYoungGen: 474080K->108256K(510976K)] 1003639K->779183K(1909248K), 0.0849660 secs] [Times: user=0.51 sys=0.00, real=0.08 secs] 
6388.471: [GC (Allocation Failure) [PSYoungGen: 419478K->144960K(510464K)] 1090406K->920432K(1908736K), 0.0516812 secs] [Times: user=0.31 sys=0.00, real=0.05 secs] 
6391.643: [GC (Allocation Failure) [PSYoungGen: 471104K->108528K(512000K)] 1246576K->1020017K(1910272K), 0.0642729 secs] [Times: user=0.38 sys=0.00, real=0.07 secs] 
6392.761: [GC (Allocation Failure) [PSYoungGen: 434672K->151072K(507392K)] 1346161K->1167549K(1905664K), 0.0536432 secs] [Times: user=0.32 sys=0.00, real=0.06 secs] 
6395.406: [GC (Allocation Failure) [PSYoungGen: 475168K->99936K(511488K)] 1491645K->1267065K(1909760K), 0.1501299 secs] [Times: user=0.89 sys=0.00, real=0.15 secs] 
6396.616: [GC (Allocation Failure) [PSYoungGen: 424032K->155936K(501760K)] 1591161K->1417014K(1900032K), 0.0567542 secs] [Times: user=0.34 sys=0.00, real=0.05 secs] 
6396.673: [Full GC (Ergonomics) [PSYoungGen: 155936K->0K(501760K)] [ParOldGen: 1261078K->215386K(1398272K)] 1417014K->215386K(1900032K), [Metaspace: 59742K->59742K(1105920K)], 0.5022800 secs] [Times: user=2.33 sys=0.00, real=0.51 secs] 
6399.964: [GC (Allocation Failure) [PSYoungGen: 315904K->90048K(507392K)] 531290K->305434K(1905664K), 0.1176309 secs] [Times: user=0.70 sys=0.01, real=0.11 secs] 
6400.910: [GC (Allocation Failure) [PSYoungGen: 405952K->150400K(501248K)] 621338K->449872K(1899520K), 0.0531340 secs] [Times: user=0.31 sys=0.01, real=0.05 secs] 
6402.974: [GC (Allocation Failure) [PSYoungGen: 460160K->94944K(504320K)] 759632K->543752K(1902592K), 0.1638944 secs] [Times: user=0.97 sys=0.00, real=0.16 secs] 
6404.260: [GC (Allocation Failure) [PSYoungGen: 404704K->182496K(476160K)] 853512K->720373K(1874432K), 0.0586445 secs] [Times: user=0.33 sys=0.01, real=0.06 secs] 
6406.058: [GC (Allocation Failure) [PSYoungGen: 465632K->80992K(364544K)] 1003509K->768173K(1762816K), 0.1015794 secs] [Times: user=0.61 sys=0.00, real=0.10 secs] 
6407.867: [GC (GCLocker Initiated GC) [PSYoungGen: 364128K->133056K(495616K)] 1051310K->896819K(1893888K), 0.0553408 secs] [Times: user=0.32 sys=0.01, real=0.05 secs] 
6409.890: [GC (Allocation Failure) [PSYoungGen: 420288K->95136K(382464K)] 1184102K->983102K(1780736K), 0.0625150 secs] [Times: user=0.37 sys=0.01, real=0.06 secs] 
6410.785: [GC (Allocation Failure) [PSYoungGen: 382368K->131984K(492544K)] 1270334K->1112596K(1890816K), 0.0565710 secs] [Times: user=0.33 sys=0.00, real=0.05 secs] 
6412.108: [GC (Allocation Failure) [PSYoungGen: 423824K->105856K(487936K)] 1404436K->1208235K(1886208K), 0.0633387 secs] [Times: user=0.38 sys=0.00, real=0.06 secs] 
6413.599: [GC (Allocation Failure) [PSYoungGen: 397696K->124544K(497152K)] 1500075K->1332236K(1895424K), 0.0686281 secs] [Times: user=0.41 sys=0.00, real=0.07 secs] 
6415.742: [GC (Allocation Failure) [PSYoungGen: 432256K->122272K(494080K)] 1639948K->1445756K(1892352K), 0.0647033 secs] [Times: user=0.38 sys=0.00, real=0.07 secs] 
6415.806: [Full GC (Ergonomics) [PSYoungGen: 122272K->0K(494080K)] [ParOldGen: 1323484K->251361K(1398272K)] 1445756K->251361K(1892352K), [Metaspace: 59747K->59747K(1105920K)], 0.5440335 secs] [Times: user=2.39 sys=0.00, real=0.54 secs] 
6418.874: [GC (Allocation Failure) [PSYoungGen: 307712K->119536K(507392K)] 559073K->370897K(1905664K), 0.0361778 secs] [Times: user=0.21 sys=0.00, real=0.03 secs] 
6420.489: [GC (Allocation Failure) [PSYoungGen: 447728K->129184K(502784K)] 699089K->489337K(1901056K), 0.0622778 secs] [Times: user=0.37 sys=0.00, real=0.06 secs] 
6423.168: [GC (Allocation Failure) [PSYoungGen: 457376K->140512K(515584K)] 817529K->629301K(1913856K), 0.0711612 secs] [Times: user=0.42 sys=0.01, real=0.07 secs] 
6424.380: [GC (Allocation Failure) [PSYoungGen: 484064K->6864K(350720K)] 972853K->495738K(1748992K), 0.0046193 secs] [Times: user=0.02 sys=0.00, real=0.01 secs] 
6426.373: [GC (Allocation Failure) [PSYoungGen: 350416K->155520K(493568K)] 839290K->649541K(1891840K), 0.0321654 secs] [Times: user=0.19 sys=0.00, real=0.04 secs] 
6429.026: [GC (Allocation Failure) [PSYoungGen: 460160K->102560K(501760K)] 954181K->743077K(1900032K), 0.0674156 secs] [Times: user=0.40 sys=0.00, real=0.06 secs] 
6430.312: [GC (Allocation Failure) [PSYoungGen: 407200K->140928K(501760K)] 1047717K->882262K(1900032K), 0.0530026 secs] [Times: user=0.31 sys=0.00, real=0.06 secs] 
6433.894: [GC (Allocation Failure) [PSYoungGen: 451200K->99888K(410624K)] 1192534K->973570K(1808896K), 0.0640280 secs] [Times: user=0.38 sys=0.00, real=0.06 secs] 
6435.447: [GC (Allocation Failure) [PSYoungGen: 410160K->139872K(501248K)] 1283842K->1111782K(1899520K), 0.0584020 secs] [Times: user=0.34 sys=0.00, real=0.06 secs] 
6438.685: [GC (Allocation Failure) [PSYoungGen: 452192K->107232K(502784K)] 1424102K->1209187K(1901056K), 0.0669999 secs] [Times: user=0.39 sys=0.00, real=0.06 secs] 
6441.068: [GC (Allocation Failure) [PSYoungGen: 419552K->137696K(504320K)] 1521507K->1345607K(1902592K), 0.0598731 secs] [Times: user=0.36 sys=0.00, real=0.06 secs] 
6441.128: [Full GC (Ergonomics) [PSYoungGen: 137696K->0K(504320K)] [ParOldGen: 1207911K->153747K(1398272K)] 1345607K->153747K(1902592K), [Metaspace: 59752K->59752K(1105920K)], 0.3718838 secs] [Times: user=1.67 sys=0.00, real=0.37 secs] 
6443.946: [GC (Allocation Failure) [PSYoungGen: 318976K->110816K(504832K)] 472723K->264563K(1903104K), 0.0400413 secs] [Times: user=0.24 sys=0.00, real=0.04 secs] 
6446.396: [GC (Allocation Failure) [PSYoungGen: 429792K->139552K(506880K)] 583539K->402616K(1905152K), 0.0607160 secs] [Times: user=0.36 sys=0.00, real=0.06 secs] 
6448.894: [GC (Allocation Failure) [PSYoungGen: 465696K->112576K(508416K)] 728760K->506276K(1906688K), 0.0695110 secs] [Times: user=0.41 sys=0.00, real=0.07 secs] 
6451.418: [GC (Allocation Failure) [PSYoungGen: 438720K->155488K(506368K)] 832420K->660177K(1904640K), 0.0591388 secs] [Times: user=0.35 sys=0.00, real=0.06 secs] 
6452.665: [GC (Allocation Failure) [PSYoungGen: 484192K->111200K(513536K)] 988881K->753985K(1911808K), 0.0781979 secs] [Times: user=0.47 sys=0.00, real=0.07 secs] 
6454.951: [GC (Allocation Failure) [PSYoungGen: 439904K->152576K(506880K)] 1082689K->904402K(1905152K), 0.0557955 secs] [Times: user=0.33 sys=0.00, real=0.06 secs] 
6456.821: [GC (Allocation Failure) [PSYoungGen: 478720K->109552K(512512K)] 1230546K->1004947K(1910784K), 0.0672309 secs] [Times: user=0.40 sys=0.00, real=0.07 secs] 
6459.456: [GC (Allocation Failure) [PSYoungGen: 435696K->149888K(507904K)] 1331091K->1151507K(1906176K), 0.0542360 secs] [Times: user=0.32 sys=0.00, real=0.05 secs] 
6461.166: [GC (GCLocker Initiated GC) [PSYoungGen: 475008K->109312K(512000K)] 1476627K->1251803K(1910272K), 0.0679193 secs] [Times: user=0.39 sys=0.00, real=0.06 secs] 
6463.812: [GC (Allocation Failure) [PSYoungGen: 434432K->142368K(512000K)] 1593359K->1406926K(1910272K), 0.2352011 secs] [Times: user=1.41 sys=0.00, real=0.24 secs] 
6464.047: [Full GC (Ergonomics) [PSYoungGen: 142368K->0K(512000K)] [ParOldGen: 1264558K->204650K(1398272K)] 1406926K->204650K(1910272K), [Metaspace: 59752K->59752K(1105920K)], 0.4196480 secs] [Times: user=1.85 sys=0.01, real=0.42 secs] 
6467.236: [GC (Allocation Failure) [PSYoungGen: 328192K->102832K(512512K)] 532842K->307483K(1910784K), 0.1808913 secs] [Times: user=1.08 sys=0.00, real=0.18 secs] 
6469.149: [GC (Allocation Failure) [PSYoungGen: 431024K->155520K(504832K)] 635675K->452547K(1903104K), 0.0793734 secs] [Times: user=0.48 sys=0.00, real=0.08 secs] 
6472.205: [GC (Allocation Failure) [PSYoungGen: 477568K->92992K(510464K)] 774595K->545351K(1908736K), 0.1236992 secs] [Times: user=0.69 sys=0.00, real=0.12 secs] 
6473.605: [GC (Allocation Failure) [PSYoungGen: 415040K->155296K(499712K)] 867399K->694400K(1897984K), 0.1261508 secs] [Times: user=0.75 sys=0.00, real=0.12 secs] 
6476.589: [GC (Allocation Failure) [PSYoungGen: 467104K->90512K(505344K)] 1006208K->784933K(1903616K), 0.1506382 secs] [Times: user=0.90 sys=0.00, real=0.15 secs] 
6477.349: [GC (Allocation Failure) [PSYoungGen: 402320K->151344K(498688K)] 1096741K->929760K(1896960K), 0.0536150 secs] [Times: user=0.31 sys=0.00, real=0.05 secs] 
6481.269: [GC (Allocation Failure) [PSYoungGen: 454639K->87344K(502272K)] 1233054K->1016508K(1900544K), 0.1482862 secs] [Times: user=0.89 sys=0.00, real=0.15 secs] 
6482.124: [GC (Allocation Failure) [PSYoungGen: 380987K->138032K(498688K)] 1310151K->1150409K(1896960K), 0.0497182 secs] [Times: user=0.29 sys=0.00, real=0.05 secs] 
6484.251: [GC (GCLocker Initiated GC) [PSYoungGen: 444208K->99648K(500736K)] 1456586K->1241634K(1899008K), 0.0801234 secs] [Times: user=0.47 sys=0.01, real=0.08 secs] 
6487.436: [GC (Allocation Failure) [PSYoungGen: 405824K->140944K(502784K)] 1547811K->1378688K(1901056K), 0.0495563 secs] [Times: user=0.30 sys=0.00, real=0.05 secs] 
6487.486: [Full GC (Ergonomics) [PSYoungGen: 140944K->0K(502784K)] [ParOldGen: 1237744K->185270K(1398272K)] 1378688K->185270K(1901056K), [Metaspace: 59752K->59752K(1105920K)], 0.4511034 secs] [Times: user=2.10 sys=0.00, real=0.45 secs] 
6488.986: [GC (Allocation Failure) [PSYoungGen: 311296K->105856K(503296K)] 496566K->291126K(1901568K), 0.0326985 secs] [Times: user=0.19 sys=0.00, real=0.03 secs] 
6491.463: [GC (Allocation Failure) [PSYoungGen: 417152K->142528K(502272K)] 602422K->430435K(1900544K), 0.0537440 secs] [Times: user=0.31 sys=0.00, real=0.06 secs] 
6493.659: [GC (Allocation Failure) [PSYoungGen: 456896K->104448K(503296K)] 744803K->526339K(1901568K), 0.0652732 secs] [Times: user=0.38 sys=0.00, real=0.07 secs] 
6496.199: [GC (Allocation Failure) [PSYoungGen: 418816K->142000K(506880K)] 840707K->665253K(1905152K), 0.1068055 secs] [Times: user=0.63 sys=0.01, real=0.11 secs] 
6499.746: [GC (Allocation Failure) [PSYoungGen: 463024K->105584K(507904K)] 986277K->762209K(1906176K), 0.0756356 secs] [Times: user=0.45 sys=0.00, real=0.07 secs] 
6501.814: [GC (Allocation Failure) [PSYoungGen: 426608K->146112K(507392K)] 1083233K->905597K(1905664K), 0.0545069 secs] [Times: user=0.31 sys=0.00, real=0.05 secs] 
6503.003: [GC (Allocation Failure) [PSYoungGen: 469696K->110512K(509952K)] 1229181K->1006754K(1908224K), 0.0658042 secs] [Times: user=0.39 sys=0.00, real=0.07 secs] 
6504.588: [GC (Allocation Failure) [PSYoungGen: 434096K->152608K(505856K)] 1330338K->1156046K(1904128K), 0.0560825 secs] [Times: user=0.33 sys=0.00, real=0.06 secs] 
6506.653: [GC (Allocation Failure) [PSYoungGen: 475680K->108368K(510976K)] 1479118K->1255466K(1909248K), 0.1326729 secs] [Times: user=0.79 sys=0.00, real=0.14 secs] 
6508.681: [GC (Allocation Failure) [PSYoungGen: 422788K->146064K(509440K)] 1569886K->1396911K(1907712K), 0.0535135 secs] [Times: user=0.32 sys=0.00, real=0.06 secs] 
6508.735: [Full GC (Ergonomics) [PSYoungGen: 146064K->0K(509440K)] [ParOldGen: 1250846K->195567K(1398272K)] 1396911K->195567K(1907712K), [Metaspace: 59752K->59752K(1105920K)], 0.4786888 secs] [Times: user=2.23 sys=0.00, real=0.47 secs] 
6510.954: [GC (Allocation Failure) [PSYoungGen: 325120K->108080K(433664K)] 520687K->303648K(1831936K), 0.0317932 secs] [Times: user=0.18 sys=0.01, real=0.03 secs] 
6512.953: [GC (Allocation Failure) [PSYoungGen: 420087K->143424K(510464K)] 615654K->442964K(1908736K), 0.0511833 secs] [Times: user=0.29 sys=0.00, real=0.06 secs] 
6515.232: [GC (Allocation Failure) [PSYoungGen: 470080K->107968K(511488K)] 769620K->541816K(1909760K), 0.0928575 secs] [Times: user=0.55 sys=0.00, real=0.10 secs] 
6516.178: [GC (Allocation Failure) [PSYoungGen: 434624K->155296K(505344K)] 868472K->693689K(1903616K), 0.0622681 secs] [Times: user=0.37 sys=0.00, real=0.06 secs] 
6520.345: [GC (Allocation Failure) [PSYoungGen: 478368K->97152K(510976K)] 1016761K->790649K(1909248K), 0.1754184 secs] [Times: user=1.04 sys=0.00, real=0.17 secs] 
6521.247: [GC (Allocation Failure) [PSYoungGen: 420224K->155728K(500736K)] 1113721K->939978K(1899008K), 0.0573673 secs] [Times: user=0.35 sys=0.00, real=0.06 secs] 
6523.881: [GC (Allocation Failure) [PSYoungGen: 469584K->92640K(506368K)] 1253834K->1032202K(1904640K), 0.1425242 secs] [Times: user=0.85 sys=0.00, real=0.15 secs] 
6525.889: [GC (Allocation Failure) [PSYoungGen: 406496K->168640K(487424K)] 1346058K->1194222K(1885696K), 0.0984893 secs] [Times: user=0.59 sys=0.00, real=0.10 secs] 
6529.052: [GC (Allocation Failure) [PSYoungGen: 464064K->83872K(497152K)] 1489646K->1261514K(1895424K), 0.1689017 secs] [Times: user=1.00 sys=0.00, real=0.17 secs] 
6529.815: [GC (Allocation Failure) [PSYoungGen: 378270K->138832K(493056K)] 1555913K->1396620K(1891328K), 0.0493891 secs] [Times: user=0.29 sys=0.00, real=0.05 secs] 
6529.864: [Full GC (Ergonomics) [PSYoungGen: 138832K->0K(493056K)] [ParOldGen: 1257787K->195880K(1398272K)] 1396620K->195880K(1891328K), [Metaspace: 59752K->59752K(1105920K)], 0.4730789 secs] [Times: user=2.20 sys=0.00, real=0.47 secs] 
6532.099: [GC (Allocation Failure) [PSYoungGen: 295424K->93920K(495104K)] 491304K->289800K(1893376K), 0.0571317 secs] [Times: user=0.34 sys=0.00, real=0.06 secs] 
6534.152: [GC (Allocation Failure) [PSYoungGen: 389344K->138224K(496128K)] 585224K->423781K(1894400K), 0.0468294 secs] [Times: user=0.27 sys=0.00, real=0.05 secs] 
6537.642: [GC (Allocation Failure) [PSYoungGen: 439792K->98176K(497664K)] 725349K->512817K(1895936K), 0.0628267 secs] [Times: user=0.37 sys=0.00, real=0.07 secs] 
6539.535: [GC (Allocation Failure) [PSYoungGen: 399744K->135360K(500224K)] 814385K->645726K(1898496K), 0.0551595 secs] [Times: user=0.33 sys=0.01, real=0.05 secs] 
6542.351: [GC (Allocation Failure) [PSYoungGen: 445120K->105232K(500736K)] 955486K->740914K(1899008K), 0.0670554 secs] [Times: user=0.40 sys=0.00, real=0.07 secs] 
6544.444: [GC (Allocation Failure) [PSYoungGen: 414992K->137152K(505344K)] 1050674K->876998K(1903616K), 0.0600262 secs] [Times: user=0.35 sys=0.00, real=0.06 secs] 
6546.611: [GC (Allocation Failure) [PSYoungGen: 455104K->111200K(504832K)] 1194950K->978931K(1903104K), 0.0648709 secs] [Times: user=0.39 sys=0.00, real=0.07 secs] 
6548.469: [GC (Allocation Failure) [PSYoungGen: 429152K->140128K(505856K)] 1296883K->1118283K(1904128K), 0.0611548 secs] [Times: user=0.37 sys=0.00, real=0.06 secs] 
6550.807: [GC (Allocation Failure) [PSYoungGen: 463712K->111200K(506880K)] 1441867K->1220659K(1905152K), 0.0668408 secs] [Times: user=0.40 sys=0.00, real=0.07 secs] 
6552.330: [GC (Allocation Failure) [PSYoungGen: 434784K->147472K(508928K)] 1544243K->1366569K(1907200K), 0.0567737 secs] [Times: user=0.34 sys=0.00, real=0.06 secs] 
6553.500: [GC (Allocation Failure) [PSYoungGen: 477200K->112080K(512512K)] 1696297K->1469405K(1910784K), 0.0757702 secs] [Times: user=0.45 sys=0.00, real=0.08 secs] 
6553.575: [Full GC (Ergonomics) [PSYoungGen: 112080K->0K(512512K)] [ParOldGen: 1357324K->30260K(1398272K)] 1469405K->30260K(1910784K), [Metaspace: 59752K->59752K(1105920K)], 0.0647420 secs] [Times: user=0.23 sys=0.01, real=0.06 secs] 
6555.440: [GC (Allocation Failure) [PSYoungGen: 329728K->151360K(510464K)] 359988K->181620K(1908736K), 0.0301842 secs] [Times: user=0.18 sys=0.00, real=0.03 secs] 
6556.539: [GC (Allocation Failure) [PSYoungGen: 482624K->114464K(515072K)] 512884K->287000K(1913344K), 0.0653476 secs] [Times: user=0.39 sys=0.00, real=0.07 secs] 
6559.449: [GC (Allocation Failure) [PSYoungGen: 445728K->152768K(509440K)] 618264K->436713K(1907712K), 0.0548517 secs] [Times: user=0.32 sys=0.00, real=0.06 secs] 
6562.054: [GC (Allocation Failure) [PSYoungGen: 481984K->110496K(514048K)] 765929K->537993K(1912320K), 0.1599720 secs] [Times: user=0.96 sys=0.00, real=0.16 secs] 
6563.101: [GC (Allocation Failure) [PSYoungGen: 439712K->154896K(506368K)] 867209K->688795K(1904640K), 0.0538700 secs] [Times: user=0.32 sys=0.01, real=0.06 secs] 
6565.901: [GC (Allocation Failure) [PSYoungGen: 478992K->101440K(511488K)] 1012891K->789530K(1909760K), 0.1783156 secs] [Times: user=1.06 sys=0.00, real=0.18 secs] 
6567.244: [GC (Allocation Failure) [PSYoungGen: 425536K->151776K(505344K)] 1113626K->935207K(1903616K), 0.1280203 secs] [Times: user=0.73 sys=0.03, real=0.12 secs] 
6570.355: [GC (Allocation Failure) [PSYoungGen: 470752K->95360K(508928K)] 1254183K->1029983K(1907200K), 0.1649901 secs] [Times: user=0.97 sys=0.00, real=0.16 secs] 
6571.182: [GC (Allocation Failure) [PSYoungGen: 414336K->153024K(502272K)] 1348959K->1176708K(1900544K), 0.1098273 secs] [Times: user=0.65 sys=0.00, real=0.11 secs] 
6574.052: [GC (Allocation Failure) [PSYoungGen: 465856K->92128K(505856K)] 1489540K->1268652K(1904128K), 0.1589126 secs] [Times: user=0.95 sys=0.00, real=0.16 secs] 
6574.489: [GC (Allocation Failure) [PSYoungGen: 404960K->151008K(500736K)] 1581484K->1413417K(1899008K), 0.0541851 secs] [Times: user=0.32 sys=0.00, real=0.05 secs] 
6574.543: [Full GC (Ergonomics) [PSYoungGen: 151008K->0K(500736K)] [ParOldGen: 1262409K->218013K(1398272K)] 1413417K->218013K(1899008K), [Metaspace: 59752K->59752K(1105920K)], 0.5242117 secs] [Times: user=2.45 sys=0.00, real=0.53 secs] 
6579.705: [GC (Allocation Failure) [PSYoungGen: 307712K->86976K(503296K)] 525725K->304989K(1901568K), 0.1284943 secs] [Times: user=0.76 sys=0.00, real=0.12 secs] 
6580.878: [GC (GCLocker Initiated GC) [PSYoungGen: 394688K->148624K(498176K)] 612702K->447383K(1896448K), 0.0526767 secs] [Times: user=0.31 sys=0.00, real=0.05 secs] 
6583.213: [GC (Allocation Failure) [PSYoungGen: 451216K->88832K(500736K)] 749978K->535581K(1899008K), 0.1372917 secs] [Times: user=0.82 sys=0.01, real=0.14 secs] 
6584.604: [GC (Allocation Failure) [PSYoungGen: 385782K->141264K(498688K)] 832532K->672371K(1896960K), 0.0498022 secs] [Times: user=0.29 sys=0.00, real=0.05 secs] 
6586.135: [GC (Allocation Failure) [PSYoungGen: 444880K->102848K(500224K)] 975987K->766650K(1898496K), 0.0636820 secs] [Times: user=0.38 sys=0.01, real=0.06 secs] 
6588.444: [GC (Allocation Failure) [PSYoungGen: 406464K->139392K(500736K)] 1070266K->902415K(1899008K), 0.0499893 secs] [Times: user=0.29 sys=0.00, real=0.05 secs] 
6590.333: [GC (Allocation Failure) [PSYoungGen: 447104K->103360K(500224K)] 1210127K->996495K(1898496K), 0.0630902 secs] [Times: user=0.37 sys=0.00, real=0.07 secs] 
6591.400: [GC (Allocation Failure) [PSYoungGen: 411072K->142560K(501248K)] 1304207K->1135680K(1899520K), 0.0519044 secs] [Times: user=0.31 sys=0.00, real=0.05 secs] 
6594.958: [GC (Allocation Failure) [PSYoungGen: 452882K->103440K(502272K)] 1446002K->1229837K(1900544K), 0.0689853 secs] [Times: user=0.41 sys=0.00, real=0.07 secs] 
6596.239: [GC (Allocation Failure) [PSYoungGen: 415760K->141408K(505856K)] 1542157K->1368337K(1904128K), 0.0522507 secs] [Times: user=0.30 sys=0.01, real=0.05 secs] 
6596.291: [Full GC (Ergonomics) [PSYoungGen: 141408K->0K(505856K)] [ParOldGen: 1226929K->177784K(1398272K)] 1368337K->177784K(1904128K), [Metaspace: 59752K->59752K(1105920K)], 0.4275815 secs] [Times: user=1.97 sys=0.00, real=0.43 secs] 
6599.089: [GC (Allocation Failure) [PSYoungGen: 318976K->109104K(506880K)] 496760K->286889K(1905152K), 0.0345972 secs] [Times: user=0.21 sys=0.00, real=0.03 secs] 
6601.551: [GC (Allocation Failure) [PSYoungGen: 428080K->146400K(505344K)] 605865K->430389K(1903616K), 0.0544299 secs] [Times: user=0.33 sys=0.00, real=0.06 secs] 
6602.681: [GC (Allocation Failure) [PSYoungGen: 467936K->109568K(507904K)] 751925K->530869K(1906176K), 0.0658300 secs] [Times: user=0.38 sys=0.01, real=0.07 secs] 
6604.047: [GC (Allocation Failure) [PSYoungGen: 431104K->149152K(507392K)] 852405K->676722K(1905664K), 0.0535394 secs] [Times: user=0.32 sys=0.00, real=0.05 secs] 
6607.293: [GC (Allocation Failure) [PSYoungGen: 473760K->109088K(511488K)] 1001330K->777362K(1909760K), 0.0817971 secs] [Times: user=0.48 sys=0.01, real=0.09 secs] 
6609.611: [GC (Allocation Failure) [PSYoungGen: 433696K->146496K(509952K)] 1101970K->920334K(1908224K), 0.1383935 secs] [Times: user=0.82 sys=0.00, real=0.14 secs] 
6611.542: [GC (Allocation Failure) [PSYoungGen: 473152K->111808K(438784K)] 1246990K->1023646K(1837056K), 0.0791448 secs] [Times: user=0.47 sys=0.00, real=0.08 secs] 
6612.101: [GC (Allocation Failure) [PSYoungGen: 438464K->153856K(506368K)] 1350302K->1173467K(1904640K), 0.0585436 secs] [Times: user=0.34 sys=0.00, real=0.06 secs] 
6615.623: [GC (Allocation Failure) [PSYoungGen: 477952K->97696K(511488K)] 1497563K->1270559K(1909760K), 0.1248497 secs] [Times: user=0.72 sys=0.01, real=0.13 secs] 
6616.203: [GC (Allocation Failure) [PSYoungGen: 421792K->155584K(501248K)] 1594655K->1420148K(1899520K), 0.0573958 secs] [Times: user=0.34 sys=0.00, real=0.06 secs] 
6616.260: [Full GC (Ergonomics) [PSYoungGen: 155584K->0K(501248K)] [ParOldGen: 1264564K->218133K(1398272K)] 1420148K->218133K(1899520K), [Metaspace: 59752K->59752K(1105920K)], 0.5320962 secs] [Times: user=2.43 sys=0.00, real=0.53 secs] 
6619.389: [GC (Allocation Failure) [PSYoungGen: 314880K->89952K(506880K)] 533013K->308085K(1905152K), 0.1264457 secs] [Times: user=0.75 sys=0.01, real=0.13 secs] 
6620.316: [GC (Allocation Failure) [PSYoungGen: 404832K->153504K(498688K)] 622965K->455738K(1896960K), 0.0542847 secs] [Times: user=0.32 sys=0.00, real=0.05 secs] 
6623.342: [GC (Allocation Failure) [PSYoungGen: 460192K->88608K(502784K)] 762426K->544074K(1901056K), 0.1739437 secs] [Times: user=1.04 sys=0.00, real=0.18 secs] 
6624.185: [GC (Allocation Failure) [PSYoungGen: 395296K->145504K(501248K)] 850762K->683707K(1899520K), 0.0526650 secs] [Times: user=0.31 sys=0.00, real=0.05 secs] 
6626.636: [GC (Allocation Failure) [PSYoungGen: 451168K->92032K(397824K)] 989371K->775195K(1796096K), 0.0913632 secs] [Times: user=0.54 sys=0.00, real=0.09 secs] 
6628.115: [GC (Allocation Failure) [PSYoungGen: 397696K->140896K(501760K)] 1080859K->912056K(1900032K), 0.0493430 secs] [Times: user=0.30 sys=0.00, real=0.05 secs] 
6630.125: [GC (Allocation Failure) [PSYoungGen: 447584K->103296K(410112K)] 1218744K->1005928K(1808384K), 0.0622836 secs] [Times: user=0.37 sys=0.00, real=0.06 secs] 
6630.999: [GC (Allocation Failure) [PSYoungGen: 409984K->144224K(499200K)] 1312616K->1146600K(1897472K), 0.0508120 secs] [Times: user=0.30 sys=0.01, real=0.05 secs] 
6633.520: [GC (Allocation Failure) [PSYoungGen: 451936K->100864K(500224K)] 1454312K->1238240K(1898496K), 0.0627262 secs] [Times: user=0.37 sys=0.00, real=0.06 secs] 
6634.940: [GC (Allocation Failure) [PSYoungGen: 408576K->144928K(503296K)] 1545952K->1379789K(1901568K), 0.0503993 secs] [Times: user=0.30 sys=0.00, real=0.05 secs] 
6634.991: [Full GC (Ergonomics) [PSYoungGen: 144928K->0K(503296K)] [ParOldGen: 1234861K->188147K(1398272K)] 1379789K->188147K(1901568K), [Metaspace: 59752K->59752K(1105920K)], 0.4619005 secs] [Times: user=2.15 sys=0.00, real=0.46 secs] 
6637.326: [GC (Allocation Failure) [PSYoungGen: 313344K->99777K(504832K)] 501491K->287924K(1903104K), 0.0621727 secs] [Times: user=0.37 sys=0.00, real=0.06 secs] 
6639.100: [GC (Allocation Failure) [PSYoungGen: 413121K->149360K(502784K)] 601268K->433741K(1901056K), 0.0505897 secs] [Times: user=0.30 sys=0.01, real=0.05 secs] 
6641.116: [GC (Allocation Failure) [PSYoungGen: 463216K->105312K(506368K)] 747597K->530553K(1904640K), 0.0690097 secs] [Times: user=0.41 sys=0.00, real=0.07 secs] 
6643.400: [GC (Allocation Failure) [PSYoungGen: 419168K->145280K(504320K)] 844409K->672381K(1902592K), 0.0522709 secs] [Times: user=0.31 sys=0.00, real=0.05 secs] 
6645.273: [GC (Allocation Failure) [PSYoungGen: 460672K->105984K(506368K)] 987773K->769781K(1904640K), 0.1107187 secs] [Times: user=0.66 sys=0.00, real=0.12 secs] 
6647.565: [GC (Allocation Failure) [PSYoungGen: 421376K->146176K(504320K)] 1085173K->912154K(1902592K), 0.0523553 secs] [Times: user=0.31 sys=0.00, real=0.05 secs] 
6648.698: [GC (Allocation Failure) [PSYoungGen: 463104K->107424K(506368K)] 1229082K->1010166K(1904640K), 0.0649311 secs] [Times: user=0.38 sys=0.01, real=0.06 secs] 
6651.623: [GC (Allocation Failure) [PSYoungGen: 424352K->145232K(506880K)] 1327094K->1151460K(1905152K), 0.0533035 secs] [Times: user=0.31 sys=0.00, real=0.06 secs] 
6652.782: [GC (Allocation Failure) [PSYoungGen: 465744K->109952K(508416K)] 1471972K->1252523K(1906688K), 0.0704988 secs] [Times: user=0.42 sys=0.00, real=0.07 secs] 
6655.182: [GC (Allocation Failure) [PSYoungGen: 430464K->148720K(505856K)] 1573035K->1397257K(1904128K), 0.0537333 secs] [Times: user=0.32 sys=0.00, real=0.06 secs] 
6655.236: [Full GC (Ergonomics) [PSYoungGen: 148720K->0K(505856K)] [ParOldGen: 1248536K->195771K(1398272K)] 1397257K->195771K(1904128K), [Metaspace: 59752K->59752K(1105920K)], 0.4819047 secs] [Times: user=2.25 sys=0.00, real=0.48 secs] 
6657.681: [GC (GCLocker Initiated GC) [PSYoungGen: 321536K->105808K(508928K)] 517307K->301580K(1907200K), 0.0740790 secs] [Times: user=0.37 sys=0.00, real=0.08 secs] 
6658.963: [GC (Allocation Failure) [PSYoungGen: 427344K->138144K(509952K)] 639502K->452897K(1908224K), 0.3833425 secs] [Times: user=2.29 sys=0.01, real=0.39 secs] 
6662.192: [GC (Allocation Failure) [PSYoungGen: 464800K->103360K(510976K)] 779553K->555969K(1909248K), 0.4146742 secs] [Times: user=2.47 sys=0.00, real=0.42 secs] 
6662.913: [GC (Allocation Failure) [PSYoungGen: 430016K->158096K(503296K)] 882625K->703874K(1901568K), 0.0572481 secs] [Times: user=0.34 sys=0.01, real=0.06 secs] 
6666.171: [GC (Allocation Failure) [PSYoungGen: 479120K->95200K(509952K)] 1024898K->798498K(1908224K), 0.1614085 secs] [Times: user=0.96 sys=0.01, real=0.16 secs] 
6666.660: [GC (Allocation Failure) [PSYoungGen: 416224K->154176K(501248K)] 1119522K->946767K(1899520K), 0.0585938 secs] [Times: user=0.35 sys=0.00, real=0.06 secs] 
6670.458: [GC (Allocation Failure) [PSYoungGen: 467008K->90656K(505856K)] 1259599K->1037107K(1904128K), 0.1668210 secs] [Times: user=1.00 sys=0.00, real=0.17 secs] 
6670.991: [GC (Allocation Failure) [PSYoungGen: 403488K->168496K(486912K)] 1349939K->1198388K(1885184K), 0.0552192 secs] [Times: user=0.33 sys=0.00, real=0.06 secs] 
6673.452: [GC (Allocation Failure) [PSYoungGen: 462896K->86864K(496640K)] 1492788K->1268464K(1894912K), 0.1436936 secs] [Times: user=0.86 sys=0.00, real=0.15 secs] 
6674.179: [GC (Allocation Failure) [PSYoungGen: 367680K->135072K(488960K)] 1549280K->1397448K(1887232K), 0.0478714 secs] [Times: user=0.29 sys=0.00, real=0.05 secs] 
6674.227: [Full GC (Ergonomics) [PSYoungGen: 135072K->0K(488960K)] [ParOldGen: 1262376K->195664K(1398272K)] 1397448K->195664K(1887232K), [Metaspace: 59752K->59752K(1105920K)], 0.4826329 secs] [Times: user=2.26 sys=0.00, real=0.48 secs] 
6675.746: [GC (Allocation Failure) [PSYoungGen: 294912K->95664K(493056K)] 490576K->291329K(1891328K), 0.0307425 secs] [Times: user=0.18 sys=0.00, real=0.03 secs] 
6677.833: [GC (Allocation Failure) [PSYoungGen: 390576K->136352K(494592K)] 586241K->424061K(1892864K), 0.0471787 secs] [Times: user=0.28 sys=0.00, real=0.05 secs] 
6678.999: [GC (Allocation Failure) [PSYoungGen: 440992K->101904K(498688K)] 728701K->516898K(1896960K), 0.0686136 secs] [Times: user=0.40 sys=0.01, real=0.07 secs] 
6681.028: [GC (Allocation Failure) [PSYoungGen: 406544K->137984K(503296K)] 821538K->652478K(1901568K), 0.0523621 secs] [Times: user=0.31 sys=0.00, real=0.05 secs] 
6684.356: [GC (Allocation Failure) [PSYoungGen: 452352K->104800K(504320K)] 966846K->747530K(1902592K), 0.0632375 secs] [Times: user=0.37 sys=0.01, real=0.06 secs] 
6686.981: [GC (Allocation Failure) [PSYoungGen: 419168K->141840K(505344K)] 1061898K->887419K(1903616K), 0.0559227 secs] [Times: user=0.33 sys=0.00, real=0.06 secs] 
6688.301: [GC (Allocation Failure) [PSYoungGen: 460816K->108768K(506368K)] 1206395K->986923K(1904640K), 0.0682594 secs] [Times: user=0.39 sys=0.00, real=0.07 secs] 
6690.605: [GC (Allocation Failure) [PSYoungGen: 427744K->144944K(505856K)] 1305899K->1130099K(1904128K), 0.0558658 secs] [Times: user=0.33 sys=0.00, real=0.05 secs] 
6692.521: [GC (Allocation Failure) [PSYoungGen: 467504K->109008K(508416K)] 1452659K->1230144K(1906688K), 0.0653837 secs] [Times: user=0.39 sys=0.00, real=0.07 secs] 
6695.401: [GC (Allocation Failure) [PSYoungGen: 431568K->146272K(508928K)] 1552704K->1373963K(1907200K), 0.0544477 secs] [Times: user=0.31 sys=0.00, real=0.06 secs] 
6695.455: [Full GC (Ergonomics) [PSYoungGen: 146272K->0K(508928K)] [ParOldGen: 1227691K->172116K(1398272K)] 1373963K->172116K(1907200K), [Metaspace: 59752K->59752K(1105920K)], 0.4126989 secs] [Times: user=1.93 sys=0.00, real=0.41 secs] 
6697.153: [GC (Allocation Failure) [PSYoungGen: 326656K->113296K(512000K)] 498772K->285413K(1910272K), 0.0360288 secs] [Times: user=0.21 sys=0.00, real=0.04 secs] 
6698.791: [GC (Allocation Failure) [PSYoungGen: 439952K->147168K(509440K)] 612069K->430258K(1907712K), 0.0565365 secs] [Times: user=0.31 sys=0.02, real=0.06 secs] 
6701.573: [GC (Allocation Failure) [PSYoungGen: 475360K->111696K(512512K)] 758450K->532143K(1910784K), 0.0656793 secs] [Times: user=0.38 sys=0.01, real=0.07 secs] 
6703.974: [GC (Allocation Failure) [PSYoungGen: 439888K->151728K(508928K)] 860335K->680392K(1907200K), 0.0781332 secs] [Times: user=0.46 sys=0.00, real=0.07 secs] 
6705.933: [GC (Allocation Failure) [PSYoungGen: 479920K->110336K(513536K)] 1008584K->782015K(1911808K), 0.0662128 secs] [Times: user=0.39 sys=0.00, real=0.07 secs] 
6707.237: [GC (Allocation Failure) [PSYoungGen: 423139K->143824K(513536K)] 1094818K->921973K(1911808K), 0.0528519 secs] [Times: user=0.32 sys=0.00, real=0.05 secs] 
6709.699: [GC (Allocation Failure) [PSYoungGen: 474239K->112576K(443904K)] 1252388K->1024748K(1842176K), 0.1651337 secs] [Times: user=0.98 sys=0.01, real=0.17 secs] 
6710.386: [GC (Allocation Failure) [PSYoungGen: 443840K->157696K(505344K)] 1356012K->1178621K(1903616K), 0.0550997 secs] [Times: user=0.33 sys=0.00, real=0.05 secs] 
6714.328: [GC (Allocation Failure) [PSYoungGen: 482816K->93504K(512000K)] 1503741K->1271925K(1910272K), 0.1760663 secs] [Times: user=1.05 sys=0.00, real=0.18 secs] 
6714.809: [GC (Allocation Failure) [PSYoungGen: 418624K->156272K(500736K)] 1597045K->1422218K(1899008K), 0.0571074 secs] [Times: user=0.34 sys=0.00, real=0.06 secs] 
6714.866: [Full GC (Ergonomics) [PSYoungGen: 156272K->0K(500736K)] [ParOldGen: 1265946K->220418K(1398272K)] 1422218K->220418K(1899008K), [Metaspace: 59752K->59752K(1105920K)], 0.5223898 secs] [Times: user=2.44 sys=0.00, real=0.52 secs] 
6718.031: [GC (Allocation Failure) [PSYoungGen: 313856K->92960K(506368K)] 534274K->313378K(1904640K), 0.1194199 secs] [Times: user=0.71 sys=0.00, real=0.12 secs] 
6718.415: [GC (Allocation Failure) [PSYoungGen: 406816K->151440K(500736K)] 627234K->458855K(1899008K), 0.0550141 secs] [Times: user=0.33 sys=0.00, real=0.05 secs] 
6721.911: [GC (Allocation Failure) [PSYoungGen: 460176K->88592K(503808K)] 767591K->546675K(1902080K), 0.1566354 secs] [Times: user=0.94 sys=0.00, real=0.16 secs] 
6722.419: [GC (Allocation Failure) [PSYoungGen: 397328K->148160K(499712K)] 855411K->688956K(1897984K), 0.0729479 secs] [Times: user=0.43 sys=0.00, real=0.07 secs] 
6725.179: [GC (Allocation Failure) [PSYoungGen: 451534K->88448K(501760K)] 992330K->777240K(1900032K), 0.1605070 secs] [Times: user=0.95 sys=0.00, real=0.16 secs] 
6726.249: [GC (Allocation Failure) [PSYoungGen: 383401K->138048K(497664K)] 1072193K->911165K(1895936K), 0.1024511 secs] [Times: user=0.61 sys=0.00, real=0.10 secs] 
6727.688: [GC (Allocation Failure) [PSYoungGen: 443712K->103456K(500224K)] 1216829K->1006205K(1898496K), 0.0630637 secs] [Times: user=0.37 sys=0.00, real=0.06 secs] 
6729.770: [GC (Allocation Failure) [PSYoungGen: 409120K->139536K(503296K)] 1311869K->1142486K(1901568K), 0.0826244 secs] [Times: user=0.48 sys=0.00, real=0.08 secs] 
6732.122: [GC (Allocation Failure) [PSYoungGen: 451856K->105776K(503296K)] 1454806K->1238934K(1901568K), 0.0766654 secs] [Times: user=0.45 sys=0.01, real=0.08 secs] 
6734.535: [GC (Allocation Failure) [PSYoungGen: 418096K->144192K(502784K)] 1551254K->1379806K(1901056K), 0.0879811 secs] [Times: user=0.52 sys=0.00, real=0.08 secs] 
6734.623: [Full GC (Ergonomics) [PSYoungGen: 144192K->0K(502784K)] [ParOldGen: 1235614K->187427K(1398272K)] 1379806K->187427K(1901056K), [Metaspace: 59755K->59755K(1105920K)], 0.4664680 secs] [Times: user=2.18 sys=0.00, real=0.47 secs] 
6736.909: [GC (Allocation Failure) [PSYoungGen: 315392K->105552K(504320K)] 502819K->292980K(1902592K), 0.0326605 secs] [Times: user=0.18 sys=0.00, real=0.03 secs] 
6739.347: [GC (Allocation Failure) [PSYoungGen: 420944K->146640K(505856K)] 608372K->434061K(1904128K), 0.1359271 secs] [Times: user=0.80 sys=0.00, real=0.13 secs] 
6742.310: [GC (Allocation Failure) [PSYoungGen: 466640K->105503K(508416K)] 754061K->531080K(1906688K), 0.0638006 secs] [Times: user=0.37 sys=0.00, real=0.06 secs] 
6744.765: [GC (Allocation Failure) [PSYoungGen: 425503K->156944K(501248K)] 851080K->684301K(1899520K), 0.0529118 secs] [Times: user=0.31 sys=0.00, real=0.05 secs] 
6746.084: [GC (Allocation Failure) [PSYoungGen: 472848K->106752K(507392K)] 1000205K->773997K(1905664K), 0.0655631 secs] [Times: user=0.39 sys=0.00, real=0.06 secs] 
6748.740: [GC (Allocation Failure) [PSYoungGen: 422656K->145376K(507392K)] 1089901K->916129K(1905664K), 0.0523649 secs] [Times: user=0.31 sys=0.00, real=0.05 secs] 
6750.058: [GC (Allocation Failure) [PSYoungGen: 464352K->106848K(425984K)] 1235105K->1013986K(1824256K), 0.0928827 secs] [Times: user=0.53 sys=0.00, real=0.09 secs] 
6752.075: [GC (Allocation Failure) [PSYoungGen: 421999K->148320K(504832K)] 1329137K->1159254K(1903104K), 0.1082117 secs] [Times: user=0.64 sys=0.01, real=0.10 secs] 
6754.624: [GC (Allocation Failure) [PSYoungGen: 466272K->105232K(507392K)] 1477206K->1255903K(1905664K), 0.1418409 secs] [Times: user=0.85 sys=0.00, real=0.14 secs] 
6756.355: [GC (Allocation Failure) [PSYoungGen: 421423K->146464K(507392K)] 1572094K->1398203K(1905664K), 0.0517258 secs] [Times: user=0.30 sys=0.00, real=0.05 secs] 
6756.407: [Full GC (Ergonomics) [PSYoungGen: 146464K->0K(507392K)] [ParOldGen: 1251739K->196876K(1398272K)] 1398203K->196876K(1905664K), [Metaspace: 59755K->59755K(1105920K)], 0.4787223 secs] [Times: user=2.23 sys=0.00, real=0.48 secs] 
6758.328: [GC (Allocation Failure) [PSYoungGen: 320512K->108864K(429568K)] 517388K->305740K(1827840K), 0.0427933 secs] [Times: user=0.25 sys=0.00, real=0.04 secs] 
6759.666: [GC (Allocation Failure) [PSYoungGen: 418161K->143616K(508416K)] 615038K->445076K(1906688K), 0.0508042 secs] [Times: user=0.30 sys=0.00, real=0.05 secs] 
6761.160: [GC (Allocation Failure) [PSYoungGen: 466176K->108576K(508928K)] 767636K->543836K(1907200K), 0.0852434 secs] [Times: user=0.51 sys=0.00, real=0.09 secs] 
6762.441: [GC (Allocation Failure) [PSYoungGen: 431136K->151552K(506880K)] 866396K->692173K(1905152K), 0.0757574 secs] [Times: user=0.45 sys=0.00, real=0.08 secs] 
6767.451: [GC (Allocation Failure) [PSYoungGen: 474624K->94368K(510464K)] 1015245K->786061K(1908736K), 0.1705873 secs] [Times: user=1.01 sys=0.00, real=0.17 secs] 
6768.338: [GC (Allocation Failure) [PSYoungGen: 417440K->151792K(504320K)] 1109133K->934046K(1902592K), 0.0589527 secs] [Times: user=0.35 sys=0.00, real=0.06 secs] 
6770.638: [GC (Allocation Failure) [PSYoungGen: 468720K->95264K(507904K)] 1250974K->1028813K(1906176K), 0.1234934 secs] [Times: user=0.65 sys=0.00, real=0.12 secs] 
6771.333: [GC (Allocation Failure) [PSYoungGen: 412192K->153856K(500224K)] 1345741K->1176622K(1898496K), 0.0569411 secs] [Times: user=0.33 sys=0.00, real=0.06 secs] 
6773.936: [GC (Allocation Failure) [PSYoungGen: 463616K->91840K(504320K)] 1486382K->1268158K(1902592K), 0.1575537 secs] [Times: user=0.94 sys=0.00, real=0.15 secs] 
6774.412: [GC (Allocation Failure) [PSYoungGen: 401600K->150224K(499712K)] 1577918K->1412556K(1897984K), 0.0551571 secs] [Times: user=0.33 sys=0.00, real=0.06 secs] 
6774.467: [Full GC (Ergonomics) [PSYoungGen: 150224K->0K(499712K)] [ParOldGen: 1262331K->209996K(1398272K)] 1412556K->209996K(1897984K), [Metaspace: 59755K->59755K(1105920K)], 0.5009080 secs] [Times: user=2.32 sys=0.00, real=0.50 secs] 
6777.493: [GC (Allocation Failure) [PSYoungGen: 305664K->89344K(502272K)] 515660K->299340K(1900544K), 0.1486223 secs] [Times: user=0.89 sys=0.00, real=0.15 secs] 
6778.977: [GC (Allocation Failure) [PSYoungGen: 388204K->140224K(499712K)] 598200K->435281K(1897984K), 0.0481272 secs] [Times: user=0.28 sys=0.00, real=0.05 secs] 
6781.103: [GC (Allocation Failure) [PSYoungGen: 446400K->101184K(501248K)] 741457K->527749K(1899520K), 0.0834704 secs] [Times: user=0.50 sys=0.00, real=0.09 secs] 
6783.373: [GC (Allocation Failure) [PSYoungGen: 407360K->141120K(502272K)] 833925K->665485K(1900544K), 0.0494910 secs] [Times: user=0.30 sys=0.00, real=0.05 secs] 
6785.155: [GC (Allocation Failure) [PSYoungGen: 451392K->102224K(502272K)] 975757K->758982K(1900544K), 0.0732102 secs] [Times: user=0.43 sys=0.01, real=0.07 secs] 
6787.035: [GC (Allocation Failure) [PSYoungGen: 412496K->144640K(501760K)] 1069254K->900386K(1900032K), 0.0512823 secs] [Times: user=0.30 sys=0.00, real=0.05 secs] 
6789.117: [GC (Allocation Failure) [PSYoungGen: 457472K->106672K(503808K)] 1213218K->998078K(1902080K), 0.0938138 secs] [Times: user=0.56 sys=0.00, real=0.09 secs] 
6790.199: [GC (Allocation Failure) [PSYoungGen: 419504K->146912K(503808K)] 1310910K->1140818K(1902080K), 0.0530161 secs] [Times: user=0.32 sys=0.00, real=0.05 secs] 
6792.562: [GC (Allocation Failure) [PSYoungGen: 463328K->105936K(506368K)] 1457234K->1236963K(1904640K), 0.0661139 secs] [Times: user=0.40 sys=0.00, real=0.07 secs] 
6793.650: [GC (Allocation Failure) [PSYoungGen: 422352K->145504K(505856K)] 1553379K->1378847K(1904128K), 0.0531304 secs] [Times: user=0.30 sys=0.01, real=0.05 secs] 
6793.703: [Full GC (Ergonomics) [PSYoungGen: 145504K->0K(505856K)] [ParOldGen: 1233343K->185914K(1398272K)] 1378847K->185914K(1904128K), [Metaspace: 59755K->59755K(1105920K)], 0.4474306 secs] [Times: user=2.07 sys=0.00, real=0.45 secs] 
6796.842: [GC (Allocation Failure) [PSYoungGen: 319488K->111873K(507904K)] 505402K->297787K(1906176K), 0.0452648 secs] [Times: user=0.26 sys=0.00, real=0.05 secs] 
6798.176: [GC (Allocation Failure) [PSYoungGen: 431361K->147776K(505344K)] 617275K->439247K(1903616K), 0.0527165 secs] [Times: user=0.31 sys=0.00, real=0.05 secs] 
6801.117: [GC (Allocation Failure) [PSYoungGen: 468800K->108960K(508416K)] 760271K->538275K(1906688K), 0.1260877 secs] [Times: user=0.74 sys=0.01, real=0.12 secs] 
6803.433: [GC (Allocation Failure) [PSYoungGen: 429984K->146752K(509440K)] 859299K->681908K(1907712K), 0.0757606 secs] [Times: user=0.45 sys=0.00, real=0.08 secs] 
6806.023: [GC (Allocation Failure) [PSYoungGen: 471872K->108816K(511488K)] 1007028K->781605K(1909760K), 0.1492977 secs] [Times: user=0.88 sys=0.01, real=0.15 secs] 
6807.730: [GC (Allocation Failure) [PSYoungGen: 433936K->183264K(416256K)] 1106725K->962585K(1814528K), 0.0561540 secs] [Times: user=0.32 sys=0.01, real=0.06 secs] 
6809.401: [GC (Allocation Failure) [PSYoungGen: 416224K->61920K(465920K)] 1195545K->991349K(1864192K), 0.0691705 secs] [Times: user=0.41 sys=0.01, real=0.07 secs] 
6810.630: [GC (Allocation Failure) [PSYoungGen: 294880K->103776K(465920K)] 1224309K->1092722K(1864192K), 0.0679673 secs] [Times: user=0.41 sys=0.00, real=0.07 secs] 
6811.242: [GC (Allocation Failure) [PSYoungGen: 336736K->119456K(352768K)] 1325682K->1202462K(1751040K), 0.1205882 secs] [Times: user=0.71 sys=0.00, real=0.12 secs] 
6813.604: [GC (Allocation Failure) [PSYoungGen: 352416K->57696K(458240K)] 1435422K->1259910K(1856512K), 0.0857398 secs] [Times: user=0.51 sys=0.01, real=0.08 secs] 
6814.446: [GC (Allocation Failure) [PSYoungGen: 288096K->109072K(460800K)] 1490310K->1366264K(1859072K), 0.0383673 secs] [Times: user=0.22 sys=0.00, real=0.04 secs] 
6814.484: [Full GC (Ergonomics) [PSYoungGen: 109072K->0K(460800K)] [ParOldGen: 1257191K->164351K(1398272K)] 1366264K->164351K(1859072K), [Metaspace: 59755K->59755K(1105920K)], 0.3888890 secs] [Times: user=1.77 sys=0.01, real=0.38 secs] 
6817.490: [GC (Allocation Failure) [PSYoungGen: 230400K->97056K(462336K)] 394751K->261407K(1860608K), 0.0374486 secs] [Times: user=0.22 sys=0.00, real=0.04 secs] 
6818.696: [GC (GCLocker Initiated GC) [PSYoungGen: 343840K->77616K(462336K)] 508192K->338905K(1860608K), 0.0841279 secs] [Times: user=0.49 sys=0.01, real=0.08 secs] 
6818.959: [GC (Allocation Failure) [PSYoungGen: 324400K->137136K(481792K)] 585691K->470156K(1880064K), 0.0479374 secs] [Times: user=0.28 sys=0.01, real=0.05 secs] 
6821.201: [GC (Allocation Failure) [PSYoungGen: 406448K->75472K(480768K)] 739468K->528900K(1879040K), 0.0550677 secs] [Times: user=0.33 sys=0.00, real=0.06 secs] 
6823.031: [GC (Allocation Failure) [PSYoungGen: 344784K->125616K(481792K)] 798212K->651309K(1880064K), 0.0491847 secs] [Times: user=0.29 sys=0.00, real=0.05 secs] 
6824.747: [GC (Allocation Failure) [PSYoungGen: 404144K->98304K(482816K)] 929837K->740140K(1881088K), 0.0598890 secs] [Times: user=0.35 sys=0.00, real=0.06 secs] 
6826.756: [GC (Allocation Failure) [PSYoungGen: 376832K->115536K(484352K)] 1018668K->854730K(1882624K), 0.0706557 secs] [Times: user=0.42 sys=0.00, real=0.07 secs] 
6828.989: [GC (Allocation Failure) [PSYoungGen: 411984K->132768K(486912K)] 1151178K->977337K(1885184K), 0.0624064 secs] [Times: user=0.37 sys=0.00, real=0.06 secs] 
6831.511: [GC (Allocation Failure) [PSYoungGen: 421196K->93440K(500224K)] 1265766K->1070201K(1898496K), 0.1020535 secs] [Times: user=0.61 sys=0.00, real=0.10 secs] 
6832.456: [GC (Allocation Failure) [PSYoungGen: 411392K->168320K(486400K)] 1388153K->1232046K(1884672K), 0.0861274 secs] [Times: user=0.51 sys=0.00, real=0.08 secs] 
6835.293: [GC (Allocation Failure) [PSYoungGen: 483229K->93136K(503296K)] 1546956K->1307839K(1901568K), 0.1056061 secs] [Times: user=0.63 sys=0.00, real=0.11 secs] 
6835.652: [GC (Allocation Failure) [PSYoungGen: 396752K->148416K(499200K)] 1611455K->1450155K(1897472K), 0.0574894 secs] [Times: user=0.34 sys=0.00, real=0.06 secs] 
6835.709: [Full GC (Ergonomics) [PSYoungGen: 148416K->0K(499200K)] [ParOldGen: 1301739K->248582K(1398272K)] 1450155K->248582K(1897472K), [Metaspace: 59755K->59755K(1105920K)], 0.6101645 secs] [Times: user=2.86 sys=0.00, real=0.61 secs] 
6839.414: [GC (Allocation Failure) [PSYoungGen: 303616K->85697K(501248K)] 552198K->334279K(1899520K), 0.0354861 secs] [Times: user=0.20 sys=0.00, real=0.03 secs] 
6839.693: [GC (Allocation Failure) [PSYoungGen: 387265K->147520K(449536K)] 635847K->475611K(1847808K), 0.0548190 secs] [Times: user=0.33 sys=0.00, real=0.06 secs] 
6843.147: [GC (Allocation Failure) [PSYoungGen: 449088K->85840K(500224K)] 777179K->561464K(1898496K), 0.1270076 secs] [Times: user=0.76 sys=0.00, real=0.13 secs] 
6843.538: [GC (Allocation Failure) [PSYoungGen: 384848K->161712K(460800K)] 860472K->716873K(1859072K), 0.0546321 secs] [Times: user=0.32 sys=0.00, real=0.05 secs] 
6846.784: [GC (Allocation Failure) [PSYoungGen: 460720K->85056K(494080K)] 1015881K->785156K(1892352K), 0.1705403 secs] [Times: user=1.02 sys=0.00, real=0.17 secs] 
6847.647: [GC (Allocation Failure) [PSYoungGen: 359877K->131792K(418816K)] 1059977K->910758K(1817088K), 0.0478950 secs] [Times: user=0.29 sys=0.00, real=0.05 secs] 
6849.250: [GC (Allocation Failure) [PSYoungGen: 418512K->92160K(491520K)] 1197478K->993873K(1889792K), 0.0641535 secs] [Times: user=0.38 sys=0.00, real=0.07 secs] 
6851.236: [GC (Allocation Failure) [PSYoungGen: 382464K->134240K(487936K)] 1284177K->1124614K(1886208K), 0.0478233 secs] [Times: user=0.28 sys=0.00, real=0.05 secs] 
6853.249: [GC (Allocation Failure) [PSYoungGen: 424544K->97216K(497152K)] 1414918K->1212658K(1895424K), 0.0637897 secs] [Times: user=0.38 sys=0.00, real=0.06 secs] 
6854.395: [GC (Allocation Failure) [PSYoungGen: 401344K->137024K(496128K)] 1516786K->1348183K(1894400K), 0.0551980 secs] [Times: user=0.33 sys=0.00, real=0.05 secs] 
6858.089: [GC (Allocation Failure) [PSYoungGen: 441152K->107456K(496640K)] 1652311K->1445752K(1894912K), 0.0646001 secs] [Times: user=0.38 sys=0.00, real=0.07 secs] 
6858.154: [Full GC (Ergonomics) [PSYoungGen: 107456K->0K(496640K)] [ParOldGen: 1338295K->16903K(1398272K)] 1445752K->16903K(1894912K), [Metaspace: 59755K->59755K(1105920K)], 0.0307968 secs] [Times: user=0.08 sys=0.01, real=0.03 secs] 
6860.036: [GC (Allocation Failure) [PSYoungGen: 314880K->134672K(501248K)] 331783K->151576K(1899520K), 0.0361065 secs] [Times: user=0.21 sys=0.00, real=0.03 secs] 
6861.639: [GC (Allocation Failure) [PSYoungGen: 449552K->114656K(500224K)] 466456K->256271K(1898496K), 0.0636054 secs] [Times: user=0.38 sys=0.00, real=0.06 secs] 
6862.906: [GC (Allocation Failure) [PSYoungGen: 440800K->149088K(506368K)] 582415K->404292K(1904640K), 0.0624285 secs] [Times: user=0.37 sys=0.01, real=0.06 secs] 
6866.047: [GC (Allocation Failure) [PSYoungGen: 475232K->112928K(513536K)] 730436K->499380K(1911808K), 0.0657804 secs] [Times: user=0.39 sys=0.00, real=0.06 secs] 
6867.549: [GC (Allocation Failure) [PSYoungGen: 446240K->148000K(513536K)] 832692K->645809K(1911808K), 0.0563624 secs] [Times: user=0.33 sys=0.00, real=0.06 secs] 
6870.085: [GC (Allocation Failure) [PSYoungGen: 481312K->117504K(513024K)] 979121K->753193K(1911296K), 0.0692492 secs] [Times: user=0.41 sys=0.00, real=0.07 secs] 
6871.357: [GC (Allocation Failure) [PSYoungGen: 451328K->150752K(513536K)] 1087017K->901825K(1911808K), 0.0565451 secs] [Times: user=0.34 sys=0.00, real=0.05 secs] 
6873.910: [GC (Allocation Failure) [PSYoungGen: 484576K->116912K(514560K)] 1235649K->1009246K(1912832K), 0.0736787 secs] [Times: user=0.43 sys=0.00, real=0.08 secs] 
6875.592: [GC (Allocation Failure) [PSYoungGen: 445429K->148112K(514560K)] 1337763K->1153775K(1912832K), 0.0558772 secs] [Times: user=0.34 sys=0.00, real=0.06 secs] 
6878.362: [GC (Allocation Failure) [PSYoungGen: 482960K->115344K(514560K)] 1488623K->1259495K(1912832K), 0.1180166 secs] [Times: user=0.70 sys=0.00, real=0.12 secs] 
6878.987: [GC (Allocation Failure) [PSYoungGen: 451216K->162064K(498176K)] 1595367K->1415604K(1896448K), 0.0563678 secs] [Times: user=0.34 sys=0.00, real=0.05 secs] 
6879.043: [Full GC (Ergonomics) [PSYoungGen: 162064K->0K(498176K)] [ParOldGen: 1253539K->220302K(1398272K)] 1415604K->220302K(1896448K), [Metaspace: 59755K->59755K(1105920K)], 0.5271329 secs] [Times: user=2.46 sys=0.00, real=0.53 secs] 
6883.033: [GC (Allocation Failure) [PSYoungGen: 335872K->99680K(512000K)] 556174K->319982K(1910272K), 0.1066319 secs] [Times: user=0.63 sys=0.00, real=0.11 secs] 
6884.450: [GC (Allocation Failure) [PSYoungGen: 424288K->153264K(478208K)] 644590K->467236K(1876480K), 0.1472477 secs] [Times: user=0.88 sys=0.00, real=0.15 secs] 
6886.769: [GC (Allocation Failure) [PSYoungGen: 477872K->97728K(508928K)] 791844K->564723K(1907200K), 0.1393639 secs] [Times: user=0.83 sys=0.00, real=0.14 secs] 
6888.434: [GC (Allocation Failure) [PSYoungGen: 416192K->153536K(472064K)] 883187K->710880K(1870336K), 0.1236321 secs] [Times: user=0.73 sys=0.01, real=0.12 secs] 
6890.839: [GC (Allocation Failure) [PSYoungGen: 472000K->98160K(506368K)] 1029344K->808713K(1904640K), 0.1244665 secs] [Times: user=0.74 sys=0.00, real=0.12 secs] 
6892.457: [GC (Allocation Failure) [PSYoungGen: 410992K->146816K(505344K)] 1121545K->948937K(1903616K), 0.1542340 secs] [Times: user=0.92 sys=0.00, real=0.15 secs] 
6897.295: [GC (Allocation Failure) [PSYoungGen: 459648K->91456K(505856K)] 1261769K->1040425K(1904128K), 0.1327057 secs] [Times: user=0.79 sys=0.01, real=0.13 secs] 
6898.019: [GC (Allocation Failure) [PSYoungGen: 403776K->150528K(463360K)] 1352745K->1185166K(1861632K), 0.0892573 secs] [Times: user=0.53 sys=0.00, real=0.09 secs] 
6901.881: [GC (Allocation Failure) [PSYoungGen: 462848K->92976K(503808K)] 1497486K->1277935K(1902080K), 0.1422648 secs] [Times: user=0.84 sys=0.00, real=0.14 secs] 
6902.272: [GC (Allocation Failure) [PSYoungGen: 400688K->148096K(456192K)] 1585647K->1419675K(1854464K), 0.0561673 secs] [Times: user=0.33 sys=0.00, real=0.06 secs] 
6902.328: [Full GC (Ergonomics) [PSYoungGen: 148096K->0K(456192K)] [ParOldGen: 1271579K->228394K(1398272K)] 1419675K->228394K(1854464K), [Metaspace: 59755K->59755K(1105920K)], 0.5437477 secs] [Times: user=2.52 sys=0.00, real=0.54 secs] 
6904.956: [GC (Allocation Failure) [PSYoungGen: 307712K->89552K(502784K)] 536106K->317947K(1901056K), 0.0956965 secs] [Times: user=0.55 sys=0.00, real=0.09 secs] 
6905.776: [GC (Allocation Failure) [PSYoungGen: 395216K->147664K(453632K)] 623611K->459264K(1851904K), 0.1026186 secs] [Times: user=0.61 sys=0.00, real=0.10 secs] 
6909.015: [GC (Allocation Failure) [PSYoungGen: 453328K->90624K(502272K)] 764928K->549679K(1900544K), 0.1656903 secs] [Times: user=0.99 sys=0.00, real=0.16 secs] 
6909.654: [GC (Allocation Failure) [PSYoungGen: 394752K->160816K(465408K)] 853807K->704263K(1863680K), 0.0545670 secs] [Times: user=0.33 sys=0.00, real=0.05 secs] 
6911.832: [GC (Allocation Failure) [PSYoungGen: 464944K->93664K(497664K)] 1008391K->780942K(1895936K), 0.0879176 secs] [Times: user=0.52 sys=0.00, real=0.09 secs] 
6912.739: [GC (Allocation Failure) [PSYoungGen: 384076K->136912K(431104K)] 1071355K->911988K(1829376K), 0.0506171 secs] [Times: user=0.30 sys=0.00, real=0.05 secs] 
6916.282: [GC (Allocation Failure) [PSYoungGen: 430800K->92416K(494592K)] 1205876K->995739K(1892864K), 0.0747248 secs] [Times: user=0.44 sys=0.00, real=0.08 secs] 
6917.721: [GC (Allocation Failure) [PSYoungGen: 388352K->136992K(492544K)] 1291675K->1129144K(1890816K), 0.0471286 secs] [Times: user=0.28 sys=0.00, real=0.05 secs] 
6918.949: [GC (Allocation Failure) [PSYoungGen: 432928K->100992K(498688K)] 1425080K->1220596K(1896960K), 0.0644723 secs] [Times: user=0.38 sys=0.00, real=0.07 secs] 
6921.409: [GC (Allocation Failure) [PSYoungGen: 408192K->136896K(498688K)] 1527796K->1355115K(1896960K), 0.0585178 secs] [Times: user=0.34 sys=0.01, real=0.06 secs] 
6921.467: [Full GC (Ergonomics) [PSYoungGen: 136896K->0K(498688K)] [ParOldGen: 1218219K->162832K(1398272K)] 1355115K->162832K(1896960K), [Metaspace: 59755K->59755K(1105920K)], 0.3880859 secs] [Times: user=1.80 sys=0.00, real=0.39 secs] 
6922.924: [GC (Allocation Failure) [PSYoungGen: 307200K->107489K(500224K)] 470032K->270321K(1898496K), 0.0447686 secs] [Times: user=0.26 sys=0.00, real=0.04 secs] 
6924.363: [GC (Allocation Failure) [PSYoungGen: 424417K->142272K(503296K)] 587249K->411405K(1901568K), 0.0569786 secs] [Times: user=0.33 sys=0.00, real=0.06 secs] 
6926.659: [GC (Allocation Failure) [PSYoungGen: 459200K->107312K(505856K)] 728333K->510210K(1904128K), 0.0674470 secs] [Times: user=0.40 sys=0.00, real=0.07 secs] 
6929.465: [GC (Allocation Failure) [PSYoungGen: 431920K->147808K(508416K)] 834818K->655630K(1906688K), 0.0537034 secs] [Times: user=0.32 sys=0.00, real=0.05 secs] 
6931.083: [GC (Allocation Failure) [PSYoungGen: 472416K->114048K(509440K)] 980238K->760238K(1907712K), 0.0705379 secs] [Times: user=0.41 sys=0.00, real=0.08 secs] 
6933.192: [GC (Allocation Failure) [PSYoungGen: 441728K->147216K(510464K)] 1087918K->905552K(1908736K), 0.1420324 secs] [Times: user=0.84 sys=0.01, real=0.15 secs] 
6935.741: [GC (Allocation Failure) [PSYoungGen: 474896K->110336K(512000K)] 1233232K->1007431K(1910272K), 0.1172675 secs] [Times: user=0.70 sys=0.00, real=0.12 secs] 
6938.053: [GC (Allocation Failure) [PSYoungGen: 440576K->152704K(483328K)] 1337671K->1156680K(1881600K), 0.0545951 secs] [Times: user=0.32 sys=0.00, real=0.06 secs] 
6939.912: [GC (Allocation Failure) [PSYoungGen: 482944K->110304K(515072K)] 1486920K->1258208K(1913344K), 0.0776505 secs] [Times: user=0.46 sys=0.00, real=0.08 secs] 
6941.718: [GC (Allocation Failure) [PSYoungGen: 423512K->144272K(511488K)] 1571416K->1399337K(1909760K), 0.0531954 secs] [Times: user=0.31 sys=0.00, real=0.05 secs] 
6941.771: [Full GC (Ergonomics) [PSYoungGen: 144272K->0K(511488K)] [ParOldGen: 1255065K->196055K(1398272K)] 1399337K->196055K(1909760K), [Metaspace: 59757K->59757K(1105920K)], 0.4833239 secs] [Times: user=2.26 sys=0.00, real=0.49 secs] 
6945.027: [GC (Allocation Failure) [PSYoungGen: 327680K->110272K(510976K)] 523735K->306327K(1909248K), 0.0930259 secs] [Times: user=0.55 sys=0.01, real=0.09 secs] 
6946.544: [GC (Allocation Failure) [PSYoungGen: 440000K->153360K(512000K)] 636055K->455607K(1910272K), 0.0525623 secs] [Times: user=0.31 sys=0.01, real=0.05 secs] 
6949.737: [GC (Allocation Failure) [PSYoungGen: 483088K->100672K(513024K)] 785335K->555498K(1911296K), 0.1667670 secs] [Times: user=0.99 sys=0.00, real=0.17 secs] 
6950.243: [GC (Allocation Failure) [PSYoungGen: 426816K->174416K(500736K)] 881642K->723704K(1899008K), 0.0578665 secs] [Times: user=0.34 sys=0.00, real=0.06 secs] 
6952.030: [GC (Allocation Failure) [PSYoungGen: 500560K->102752K(503296K)] 1049848K->809583K(1901568K), 0.1038187 secs] [Times: user=0.62 sys=0.00, real=0.11 secs] 
6952.330: [GC (Allocation Failure) [PSYoungGen: 407904K->147152K(500736K)] 1114735K->950972K(1899008K), 0.0581005 secs] [Times: user=0.34 sys=0.00, real=0.06 secs] 
6955.464: [GC (Allocation Failure) [PSYoungGen: 452304K->88896K(500736K)] 1256124K->1039068K(1899008K), 0.1514021 secs] [Times: user=0.88 sys=0.01, real=0.15 secs] 
6955.844: [GC (Allocation Failure) [PSYoungGen: 393536K->148416K(453120K)] 1343708K->1181549K(1851392K), 0.0549897 secs] [Times: user=0.32 sys=0.00, real=0.05 secs] 
6958.696: [GC (Allocation Failure) [PSYoungGen: 453056K->87872K(501248K)] 1486189K->1269161K(1899520K), 0.1652454 secs] [Times: user=0.98 sys=0.01, real=0.16 secs] 
6959.380: [GC (Allocation Failure) [PSYoungGen: 390976K->147040K(450560K)] 1572265K->1411038K(1848832K), 0.0560484 secs] [Times: user=0.33 sys=0.00, real=0.06 secs] 
6959.436: [Full GC (Ergonomics) [PSYoungGen: 147040K->0K(450560K)] [ParOldGen: 1263998K->211103K(1398272K)] 1411038K->211103K(1848832K), [Metaspace: 59757K->59757K(1105920K)], 0.5064093 secs] [Times: user=2.36 sys=0.00, real=0.50 secs] 
6962.394: [GC (Allocation Failure) [PSYoungGen: 303104K->85936K(500224K)] 514207K->297039K(1898496K), 0.1368763 secs] [Times: user=0.80 sys=0.00, real=0.14 secs] 
6963.762: [GC (Allocation Failure) [PSYoungGen: 386992K->139584K(440832K)] 598095K->432540K(1839104K), 0.0599115 secs] [Times: user=0.35 sys=0.00, real=0.06 secs] 
6965.925: [GC (Allocation Failure) [PSYoungGen: 440640K->100448K(502272K)] 733596K->523980K(1900544K), 0.1045233 secs] [Times: user=0.53 sys=0.00, real=0.10 secs] 
6968.370: [GC (Allocation Failure) [PSYoungGen: 405088K->138784K(498688K)] 828620K->658704K(1896960K), 0.0494349 secs] [Times: user=0.28 sys=0.01, real=0.05 secs] 
6970.412: [GC (Allocation Failure) [PSYoungGen: 443424K->102704K(501760K)] 963344K->752033K(1900032K), 0.0621726 secs] [Times: user=0.36 sys=0.01, real=0.07 secs] 
6972.122: [GC (Allocation Failure) [PSYoungGen: 412976K->141280K(500224K)] 1062305K->890969K(1898496K), 0.0510292 secs] [Times: user=0.31 sys=0.00, real=0.05 secs] 
6974.632: [GC (Allocation Failure) [PSYoungGen: 451552K->104736K(502784K)] 1201241K->986537K(1901056K), 0.0641272 secs] [Times: user=0.38 sys=0.00, real=0.07 secs] 
6976.123: [GC (Allocation Failure) [PSYoungGen: 423200K->145072K(505344K)] 1305001K->1129151K(1903616K), 0.0523053 secs] [Times: user=0.31 sys=0.00, real=0.06 secs] 
6979.269: [GC (Allocation Failure) [PSYoungGen: 463536K->107888K(506880K)] 1447615K->1227231K(1905152K), 0.0663000 secs] [Times: user=0.39 sys=0.00, real=0.07 secs] 
6981.047: [GC (Allocation Failure) [PSYoungGen: 430960K->147008K(508416K)] 1550303K->1371603K(1906688K), 0.0540555 secs] [Times: user=0.32 sys=0.00, real=0.05 secs] 
6981.101: [Full GC (Ergonomics) [PSYoungGen: 147008K->0K(508416K)] [ParOldGen: 1224595K->178799K(1398272K)] 1371603K->178799K(1906688K), [Metaspace: 59757K->59757K(1105920K)], 0.4332034 secs] [Times: user=2.00 sys=0.00, real=0.44 secs] 
6983.905: [GC (Allocation Failure) [PSYoungGen: 323072K->109280K(508928K)] 501871K->288079K(1907200K), 0.0340324 secs] [Times: user=0.20 sys=0.00, real=0.03 secs] 
6986.282: [GC (Allocation Failure) [PSYoungGen: 434912K->151616K(509952K)] 613711K->435988K(1908224K), 0.0542074 secs] [Times: user=0.32 sys=0.00, real=0.06 secs] 
6988.428: [GC (Allocation Failure) [PSYoungGen: 477248K->110832K(510976K)] 761620K->538205K(1909248K), 0.0675788 secs] [Times: user=0.40 sys=0.00, real=0.07 secs] 
6989.913: [GC (Allocation Failure) [PSYoungGen: 432538K->147184K(509952K)] 859911K->682270K(1908224K), 0.0538460 secs] [Times: user=0.31 sys=0.00, real=0.06 secs] 
6992.636: [GC (Allocation Failure) [PSYoungGen: 471792K->107600K(510464K)] 1006878K->780854K(1908736K), 0.1481870 secs] [Times: user=0.87 sys=0.00, real=0.15 secs] 
6993.988: [GC (GCLocker Initiated GC) [PSYoungGen: 433744K->151920K(478208K)] 1106998K->929207K(1876480K), 0.0904797 secs] [Times: user=0.53 sys=0.00, real=0.09 secs] 
6998.294: [GC (Allocation Failure) [PSYoungGen: 478064K->94800K(510464K)] 1259450K->1027946K(1908736K), 0.1737092 secs] [Times: user=1.03 sys=0.00, real=0.17 secs] 
6998.955: [GC (Allocation Failure) [PSYoungGen: 416336K->155136K(477184K)] 1349482K->1181010K(1875456K), 0.0680075 secs] [Times: user=0.41 sys=0.00, real=0.06 secs] 
7001.584: [GC (Allocation Failure) [PSYoungGen: 476672K->96096K(506880K)] 1502546K->1276882K(1905152K), 0.1445768 secs] [Times: user=0.85 sys=0.00, real=0.14 secs] 
7002.120: [GC (Allocation Failure) [PSYoungGen: 409440K->152736K(466432K)] 1590226K->1423667K(1864704K), 0.0555745 secs] [Times: user=0.34 sys=0.00, real=0.06 secs] 
7002.175: [Full GC (Ergonomics) [PSYoungGen: 152736K->0K(466432K)] [ParOldGen: 1270931K->217767K(1398272K)] 1423667K->217767K(1864704K), [Metaspace: 59757K->59757K(1105920K)], 0.5232301 secs] [Times: user=2.45 sys=0.00, real=0.52 secs] 
7005.405: [GC (Allocation Failure) [PSYoungGen: 313344K->97536K(504832K)] 531111K->315303K(1903104K), 0.1326433 secs] [Times: user=0.78 sys=0.00, real=0.13 secs] 
7005.853: [GC (Allocation Failure) [PSYoungGen: 406272K->148624K(502784K)] 624039K->453677K(1901056K), 0.0541602 secs] [Times: user=0.32 sys=0.00, real=0.06 secs] 
7008.865: [GC (Allocation Failure) [PSYoungGen: 457360K->92960K(503808K)] 762413K->545924K(1902080K), 0.1289497 secs] [Times: user=0.76 sys=0.00, real=0.13 secs] 
7009.371: [GC (Allocation Failure) [PSYoungGen: 400672K->150208K(458240K)] 853636K->690137K(1856512K), 0.0535801 secs] [Times: user=0.32 sys=0.00, real=0.06 secs] 
7014.138: [GC (Allocation Failure) [PSYoungGen: 457920K->84096K(501248K)] 997849K->774141K(1899520K), 0.1657770 secs] [Times: user=0.98 sys=0.01, real=0.16 secs] 
7015.690: [GC (Allocation Failure) [PSYoungGen: 387712K->141968K(501248K)] 1077757K->911898K(1899520K), 0.0483692 secs] [Times: user=0.29 sys=0.00, real=0.05 secs] 
7017.375: [GC (Allocation Failure) [PSYoungGen: 445584K->102272K(494080K)] 1215514K->1005534K(1892352K), 0.0649681 secs] [Times: user=0.37 sys=0.00, real=0.06 secs] 
7020.382: [GC (Allocation Failure) [PSYoungGen: 405888K->137680K(497664K)] 1309150K->1139711K(1895936K), 0.0500679 secs] [Times: user=0.30 sys=0.00, real=0.05 secs] 
7021.822: [GC (Allocation Failure) [PSYoungGen: 441296K->100128K(497152K)] 1443327K->1230987K(1895424K), 0.0983637 secs] [Times: user=0.59 sys=0.00, real=0.10 secs] 
7024.284: [GC (Allocation Failure) [PSYoungGen: 412448K->151536K(501760K)] 1543307K->1379775K(1900032K), 0.0519834 secs] [Times: user=0.31 sys=0.00, real=0.06 secs] 
7024.336: [Full GC (Ergonomics) [PSYoungGen: 151536K->0K(501760K)] [ParOldGen: 1228238K->177952K(1398272K)] 1379775K->177952K(1900032K), [Metaspace: 59757K->59757K(1105920K)], 0.4384475 secs] [Times: user=2.04 sys=0.00, real=0.44 secs] 
7026.006: [GC (Allocation Failure) [PSYoungGen: 312320K->102416K(506368K)] 490272K->280368K(1904640K), 0.0345054 secs] [Times: user=0.21 sys=0.00, real=0.03 secs] 
7028.467: [GC (Allocation Failure) [PSYoungGen: 416272K->146432K(504832K)] 594224K->423787K(1903104K), 0.0518680 secs] [Times: user=0.30 sys=0.00, real=0.05 secs] 
7030.658: [GC (Allocation Failure) [PSYoungGen: 460288K->103712K(502784K)] 737643K->518347K(1901056K), 0.1259162 secs] [Times: user=0.75 sys=0.00, real=0.13 secs] 
7032.941: [GC (Allocation Failure) [PSYoungGen: 418592K->143984K(504320K)] 833227K->659476K(1902592K), 0.0521591 secs] [Times: user=0.30 sys=0.00, real=0.05 secs] 
7034.104: [GC (Allocation Failure) [PSYoungGen: 458864K->105728K(503808K)] 974356K->755960K(1902080K), 0.0655128 secs] [Times: user=0.38 sys=0.00, real=0.06 secs] 
7035.857: [GC (Allocation Failure) [PSYoungGen: 424192K->147136K(505856K)] 1074424K->900009K(1904128K), 0.0538404 secs] [Times: user=0.32 sys=0.00, real=0.05 secs] 
7037.815: [GC (Allocation Failure) [PSYoungGen: 465600K->107632K(507904K)] 1218473K->998777K(1906176K), 0.0653453 secs] [Times: user=0.39 sys=0.00, real=0.06 secs] 
7040.031: [GC (Allocation Failure) [PSYoungGen: 429168K->148320K(508416K)] 1320313K->1144586K(1906688K), 0.0538932 secs] [Times: user=0.32 sys=0.00, real=0.06 secs] 
7041.874: [GC (Allocation Failure) [PSYoungGen: 469856K->105328K(509440K)] 1466122K->1241146K(1907712K), 0.0665324 secs] [Times: user=0.40 sys=0.00, real=0.06 secs] 
7044.337: [GC (Allocation Failure) [PSYoungGen: 427888K->148656K(509440K)] 1563706K->1386199K(1907712K), 0.0528054 secs] [Times: user=0.31 sys=0.00, real=0.05 secs] 
7044.390: [Full GC (Ergonomics) [PSYoungGen: 148656K->0K(509440K)] [ParOldGen: 1237542K->184811K(1398272K)] 1386199K->184811K(1907712K), [Metaspace: 59757K->59757K(1105920K)], 0.4522781 secs] [Times: user=2.11 sys=0.00, real=0.45 secs] 
7046.013: [GC (Allocation Failure) [PSYoungGen: 322560K->107712K(508416K)] 507371K->292523K(1906688K), 0.0327577 secs] [Times: user=0.20 sys=0.00, real=0.04 secs] 
7048.227: [GC (Allocation Failure) [PSYoungGen: 430272K->150528K(508928K)] 615083K->440122K(1907200K), 0.0909620 secs] [Times: user=0.54 sys=0.00, real=0.09 secs] 
7051.183: [GC (Allocation Failure) [PSYoungGen: 473088K->106816K(509952K)] 762682K->538470K(1908224K), 0.1438416 secs] [Times: user=0.86 sys=0.00, real=0.15 secs] 
7052.771: [GC (Allocation Failure) [PSYoungGen: 424029K->146928K(508928K)] 855683K->681496K(1907200K), 0.0518146 secs] [Times: user=0.30 sys=0.00, real=0.05 secs] 
7054.365: [GC (Allocation Failure) [PSYoungGen: 468464K->107776K(507904K)] 1003032K->780347K(1906176K), 0.0929156 secs] [Times: user=0.55 sys=0.00, real=0.09 secs] 
7056.146: [GC (Allocation Failure) [PSYoungGen: 415752K->142960K(508928K)] 1088323K->919916K(1907200K), 0.0751953 secs] [Times: user=0.44 sys=0.00, real=0.07 secs] 
7059.321: [GC (Allocation Failure) [PSYoungGen: 465520K->107744K(506880K)] 1242476K->1018992K(1905152K), 0.1601442 secs] [Times: user=0.95 sys=0.00, real=0.16 secs] 
7060.329: [GC (Allocation Failure) [PSYoungGen: 420605K->144416K(509440K)] 1331853K->1159041K(1907712K), 0.0517548 secs] [Times: user=0.30 sys=0.00, real=0.05 secs] 
7062.346: [GC (Allocation Failure) [PSYoungGen: 470048K->109568K(510464K)] 1484673K->1259185K(1908736K), 0.0844328 secs] [Times: user=0.50 sys=0.00, real=0.08 secs] 
7063.740: [GC (Allocation Failure) [PSYoungGen: 439296K->153952K(483840K)] 1588913K->1408894K(1882112K), 0.1327451 secs] [Times: user=0.79 sys=0.00, real=0.13 secs] 
7063.873: [Full GC (Ergonomics) [PSYoungGen: 153952K->0K(483840K)] [ParOldGen: 1254942K->207539K(1398272K)] 1408894K->207539K(1882112K), [Metaspace: 59757K->59757K(1105920K)], 0.5377933 secs] [Times: user=2.58 sys=0.00, real=0.54 secs] 
7068.094: [GC (Allocation Failure) [PSYoungGen: 329728K->103168K(513024K)] 537267K->310707K(1911296K), 0.1786373 secs] [Times: user=1.06 sys=0.00, real=0.17 secs] 
7069.608: [GC (Allocation Failure) [PSYoungGen: 428800K->155120K(480768K)] 636339K->454920K(1879040K), 0.1301105 secs] [Times: user=0.77 sys=0.00, real=0.13 secs] 
7073.042: [GC (Allocation Failure) [PSYoungGen: 480752K->97936K(509440K)] 780552K->552653K(1907712K), 0.1347712 secs] [Times: user=0.79 sys=0.00, real=0.14 secs] 
7073.774: [GC (GCLocker Initiated GC) [PSYoungGen: 416912K->152704K(472064K)] 871630K->699258K(1870336K), 0.0643257 secs] [Times: user=0.38 sys=0.00, real=0.06 secs] 
7078.092: [GC (Allocation Failure) [PSYoungGen: 471680K->92912K(505856K)] 1018235K->791844K(1904128K), 0.1703976 secs] [Times: user=1.02 sys=0.00, real=0.17 secs] 
7078.509: [GC (Allocation Failure) [PSYoungGen: 405232K->152240K(464896K)] 1104164K->937993K(1863168K), 0.0560599 secs] [Times: user=0.33 sys=0.00, real=0.06 secs] 
7079.727: [GC (Allocation Failure) [PSYoungGen: 464560K->91920K(503296K)] 1250313K->1029713K(1901568K), 0.0825619 secs] [Times: user=0.49 sys=0.00, real=0.08 secs] 
7080.423: [GC (Allocation Failure) [PSYoungGen: 399120K->145984K(453632K)] 1336913K->1170265K(1851904K), 0.0833520 secs] [Times: user=0.50 sys=0.00, real=0.09 secs] 
Heap
 PSYoungGen      total 453632K, used 329364K [0x00000000d5580000, 0x0000000100000000, 0x0000000100000000)
  eden space 307200K