5.419: [GC (Allocation Failure) [PSYoungGen: 128000K->12487K(148992K)] 128000K->12567K(488960K), 0.0160836 secs] [Times: user=0.02 sys=0.00, real=0.02 secs] 
5.839: [GC (Metadata GC Threshold) [PSYoungGen: 48892K->6027K(148992K)] 48972K->6123K(488960K), 0.0046670 secs] [Times: user=0.02 sys=0.01, real=0.01 secs] 
5.844: [Full GC (Metadata GC Threshold) [PSYoungGen: 6027K->0K(148992K)] [ParOldGen: 96K->5928K(134144K)] 6123K->5928K(283136K), [Metaspace: 20460K->20460K(1067008K)], 0.0195597 secs] [Times: user=0.05 sys=0.01, real=0.02 secs] 
7.160: [GC (Allocation Failure) [PSYoungGen: 128000K->9806K(148992K)] 133928K->15743K(283136K), 0.0037574 secs] [Times: user=0.02 sys=0.00, real=0.01 secs] 
7.872: [GC (Metadata GC Threshold) [PSYoungGen: 39810K->4676K(148992K)] 45747K->10620K(283136K), 0.0040451 secs] [Times: user=0.01 sys=0.00, real=0.01 secs] 
7.876: [Full GC (Metadata GC Threshold) [PSYoungGen: 4676K->0K(148992K)] [ParOldGen: 5944K->8909K(222720K)] 10620K->8909K(371712K), [Metaspace: 33738K->33738K(1079296K)], 0.0356875 secs] [Times: user=0.11 sys=0.00, real=0.03 secs] 
9.403: [GC (Allocation Failure) [PSYoungGen: 128000K->13239K(148992K)] 136909K->22156K(371712K), 0.0056849 secs] [Times: user=0.02 sys=0.00, real=0.00 secs] 
10.147: [GC (Allocation Failure) [PSYoungGen: 138025K->14597K(183808K)] 146943K->56290K(406528K), 0.0118802 secs] [Times: user=0.05 sys=0.01, real=0.01 secs] 
10.588: [GC (Allocation Failure) [PSYoungGen: 176573K->4736K(185344K)] 218266K->111973K(408064K), 0.0090168 secs] [Times: user=0.05 sys=0.01, real=0.01 secs] 
11.049: [GC (Allocation Failure) [PSYoungGen: 162504K->4752K(271872K)] 269742K->177533K(494592K), 0.0093854 secs] [Times: user=0.04 sys=0.02, real=0.01 secs] 
11.058: [Full GC (Ergonomics) [PSYoungGen: 4752K->0K(271872K)] [ParOldGen: 172781K->159716K(505856K)] 177533K->159716K(777728K), [Metaspace: 52340K->52340K(1097728K)], 0.0704481 secs] [Times: user=0.31 sys=0.00, real=0.07 secs] 
11.933: [GC (Allocation Failure) [PSYoungGen: 253440K->17891K(271360K)] 413156K->358114K(777216K), 0.0241880 secs] [Times: user=0.06 sys=0.01, real=0.02 secs] 
12.334: [GC (Allocation Failure) [PSYoungGen: 271331K->93685K(412160K)] 611554K->541353K(918016K), 0.0240710 secs] [Times: user=0.02 sys=0.01, real=0.02 secs] 
12.358: [Full GC (Ergonomics) [PSYoungGen: 93685K->0K(412160K)] [ParOldGen: 447668K->408733K(903680K)] 541353K->408733K(1315840K), [Metaspace: 52419K->52419K(1097728K)], 0.0491999 secs] [Times: user=0.23 sys=0.00, real=0.05 secs] 
13.082: [GC (Allocation Failure) [PSYoungGen: 311763K->111079K(429568K)] 720496K->599890K(1333248K), 0.0311977 secs] [Times: user=0.02 sys=0.02, real=0.04 secs] 
14.915: [GC (Allocation Failure) [PSYoungGen: 429543K->56717K(536064K)] 918354K->545536K(1439744K), 0.0085491 secs] [Times: user=0.02 sys=0.00, real=0.01 secs] 
15.413: [GC (Allocation Failure) [PSYoungGen: 480141K->127485K(550912K)] 968960K->828174K(1454592K), 0.0384058 secs] [Times: user=0.03 sys=0.01, real=0.04 secs] 
17.742: [GC (Allocation Failure) [PSYoungGen: 550909K->88690K(410624K)] 1251598K->789903K(1314304K), 0.0143528 secs] [Times: user=0.02 sys=0.00, real=0.02 secs] 
18.196: [GC (Allocation Failure) [PSYoungGen: 351346K->203973K(466944K)] 1052559K->905249K(1370624K), 0.0221170 secs] [Times: user=0.03 sys=0.00, real=0.02 secs] 
18.516: [GC (Allocation Failure) [PSYoungGen: 466629K->209235K(464896K)] 1167905K->911928K(1368576K), 0.0232382 secs] [Times: user=0.03 sys=0.00, real=0.02 secs] 
19.228: [GC (Allocation Failure) [PSYoungGen: 442195K->101971K(465920K)] 1144888K->804938K(1369600K), 0.0108565 secs] [Times: user=0.03 sys=0.00, real=0.01 secs] 
20.183: [GC (Allocation Failure) [PSYoungGen: 334931K->49271K(465920K)] 1037898K->752559K(1369600K), 0.0065367 secs] [Times: user=0.01 sys=0.00, real=0.00 secs] 
20.536: [GC (Allocation Failure) [PSYoungGen: 282231K->185586K(465920K)] 985519K->890280K(1369600K), 0.0206906 secs] [Times: user=0.03 sys=0.01, real=0.02 secs] 
20.821: [GC (Allocation Failure) [PSYoungGen: 418546K->184205K(465920K)] 1123240K->889308K(1369600K), 0.0200681 secs] [Times: user=0.02 sys=0.00, real=0.02 secs] 
23.164: [GC (Allocation Failure) [PSYoungGen: 417165K->96589K(465920K)] 1122268K->801958K(1369600K), 0.0178467 secs] [Times: user=0.05 sys=0.00, real=0.01 secs] 
24.915: [GC (Allocation Failure) [PSYoungGen: 329549K->57669K(465920K)] 1034918K->763231K(1369600K), 0.0093280 secs] [Times: user=0.02 sys=0.00, real=0.01 secs] 
25.214: [GC (Allocation Failure) [PSYoungGen: 290629K->184590K(465920K)] 996191K->891413K(1369600K), 0.0204168 secs] [Times: user=0.03 sys=0.00, real=0.02 secs] 
25.498: [GC (Allocation Failure) [PSYoungGen: 417550K->184623K(465920K)] 1124373K->891719K(1369600K), 0.0201295 secs] [Times: user=0.03 sys=0.00, real=0.02 secs] 
26.401: [GC (Allocation Failure) [PSYoungGen: 417583K->88219K(465920K)] 1124679K->795588K(1369600K), 0.0104552 secs] [Times: user=0.03 sys=0.00, real=0.01 secs] 
27.310: [GC (Allocation Failure) [PSYoungGen: 321179K->67726K(465920K)] 1028548K->775417K(1369600K), 0.0083353 secs] [Times: user=0.02 sys=0.00, real=0.01 secs] 
27.581: [GC (Allocation Failure) [PSYoungGen: 300686K->184205K(465920K)] 1008377K->893277K(1369600K), 0.0203534 secs] [Times: user=0.03 sys=0.00, real=0.02 secs] 
27.923: [GC (Allocation Failure) [PSYoungGen: 417165K->184430K(465920K)] 1126237K->893776K(1369600K), 0.0202302 secs] [Times: user=0.02 sys=0.00, real=0.02 secs] 
28.706: [GC (Allocation Failure) [PSYoungGen: 417390K->78773K(465920K)] 1126736K->788264K(1369600K), 0.0093569 secs] [Times: user=0.03 sys=0.00, real=0.01 secs] 
29.460: [GC (Allocation Failure) [PSYoungGen: 311733K->75213K(465920K)] 1021224K->785025K(1369600K), 0.0091362 secs] [Times: user=0.01 sys=0.00, real=0.01 secs] 
29.733: [GC (Allocation Failure) [PSYoungGen: 308173K->184173K(465920K)] 1017985K->895246K(1369600K), 0.0202677 secs] [Times: user=0.03 sys=0.00, real=0.03 secs] 
30.016: [GC (Allocation Failure) [PSYoungGen: 417133K->184687K(465920K)] 1128206K->896042K(1369600K), 0.0201973 secs] [Times: user=0.02 sys=0.00, real=0.02 secs] 
32.111: [GC (Allocation Failure) [PSYoungGen: 417647K->71142K(465920K)] 1129002K->782762K(1369600K), 0.0193186 secs] [Times: user=0.06 sys=0.00, real=0.02 secs] 
34.407: [GC (Allocation Failure) [PSYoungGen: 304102K->84659K(465920K)] 1015722K->796593K(1369600K), 0.0113415 secs] [Times: user=0.02 sys=0.00, real=0.01 secs] 
34.689: [GC (Allocation Failure) [PSYoungGen: 317619K->184205K(465920K)] 1029553K->897520K(1369600K), 0.0202905 secs] [Times: user=0.02 sys=0.00, real=0.02 secs] 
34.975: [GC (Allocation Failure) [PSYoungGen: 417165K->184366K(465920K)] 1130480K->897954K(1369600K), 0.0224025 secs] [Times: user=0.02 sys=0.00, real=0.02 secs] 
35.978: [GC (Allocation Failure) [PSYoungGen: 417326K->61888K(465920K)] 1130914K->775613K(1369600K), 0.0076102 secs] [Times: user=0.03 sys=0.00, real=0.01 secs] 
37.174: [GC (Allocation Failure) [PSYoungGen: 294848K->93945K(465920K)] 1008573K->807984K(1369600K), 0.0139372 secs] [Times: user=0.03 sys=0.00, real=0.01 secs] 
37.476: [GC (Allocation Failure) [PSYoungGen: 326905K->184333K(465920K)] 1040944K->899626K(1369600K), 0.0203382 secs] [Times: user=0.03 sys=0.00, real=0.02 secs] 
37.817: [GC (Allocation Failure) [PSYoungGen: 417293K->184719K(465920K)] 1132586K->900292K(1369600K), 0.0201221 secs] [Times: user=0.03 sys=0.00, real=0.02 secs] 
39.987: [GC (Allocation Failure) [PSYoungGen: 417679K->52233K(465920K)] 1133252K->768072K(1369600K), 0.0076904 secs] [Times: user=0.03 sys=0.00, real=0.01 secs] 
41.033: [GC (Allocation Failure) [PSYoungGen: 285193K->103517K(465920K)] 1001032K->819663K(1369600K), 0.0120430 secs] [Times: user=0.02 sys=0.00, real=0.01 secs] 
41.366: [GC (Allocation Failure) [PSYoungGen: 336477K->184173K(465920K)] 1052623K->901573K(1369600K), 0.0205982 secs] [Times: user=0.03 sys=0.00, real=0.02 secs] 
41.717: [GC (Allocation Failure) [PSYoungGen: 417133K->184044K(465920K)] 1134533K->901725K(1369600K), 0.0200788 secs] [Times: user=0.03 sys=0.00, real=0.02 secs] 
43.085: [GC (Allocation Failure) [PSYoungGen: 417004K->43429K(465920K)] 1134685K->761375K(1369600K), 0.0071690 secs] [Times: user=0.03 sys=0.00, real=0.00 secs] 
44.101: [GC (Allocation Failure) [PSYoungGen: 276389K->112067K(465920K)] 994335K->830319K(1369600K), 0.0129608 secs] [Times: user=0.02 sys=0.00, real=0.02 secs] 
44.435: [GC (Allocation Failure) [PSYoungGen: 345027K->183948K(465920K)] 1063279K->903453K(1369600K), 0.0204534 secs] [Times: user=0.03 sys=0.00, real=0.02 secs] 
44.777: [GC (Allocation Failure) [PSYoungGen: 416908K->184398K(465920K)] 1136413K->904176K(1369600K), 0.0202857 secs] [Times: user=0.03 sys=0.00, real=0.02 secs] 
46.122: [GC (Allocation Failure) [PSYoungGen: 417358K->34722K(465920K)] 1137136K->754765K(1369600K), 0.0061088 secs] [Times: user=0.03 sys=0.00, real=0.01 secs] 
47.012: [GC (Allocation Failure) [PSYoungGen: 267682K->121095K(465920K)] 987725K->841469K(1369600K), 0.0137783 secs] [Times: user=0.03 sys=0.00, real=0.02 secs] 
47.349: [GC (Allocation Failure) [PSYoungGen: 354055K->184976K(465920K)] 1074429K->906603K(1369600K), 0.0204413 secs] [Times: user=0.03 sys=0.00, real=0.02 secs] 
47.697: [GC (Allocation Failure) [PSYoungGen: 417936K->178279K(465920K)] 1139563K->900179K(1369600K), 0.0210794 secs] [Times: user=0.03 sys=0.00, real=0.02 secs] 
48.947: [GC (Allocation Failure) [PSYoungGen: 411239K->32832K(465920K)] 1133139K->756183K(1369600K), 0.0042469 secs] [Times: user=0.02 sys=0.00, real=0.00 secs] 
49.872: [GC (Allocation Failure) [PSYoungGen: 265792K->130221K(465920K)] 989143K->853588K(1369600K), 0.0146670 secs] [Times: user=0.02 sys=0.00, real=0.02 secs] 
50.150: [GC (Allocation Failure) [PSYoungGen: 363181K->184719K(465920K)] 1086548K->909340K(1369600K), 0.0202041 secs] [Times: user=0.03 sys=0.00, real=0.02 secs] 
50.554: [GC (Allocation Failure) [PSYoungGen: 417679K->171427K(465920K)] 1142300K->896321K(1369600K), 0.0234708 secs] [Times: user=0.04 sys=0.00, real=0.02 secs] 
52.092: [GC (Allocation Failure) [PSYoungGen: 404387K->96K(465920K)] 1129281K->726425K(1369600K), 0.0038285 secs] [Times: user=0.02 sys=0.00, real=0.01 secs] 
53.120: [GC (Allocation Failure) [PSYoungGen: 233056K->141659K(465920K)] 959385K->868013K(1369600K), 0.0156823 secs] [Times: user=0.02 sys=0.00, real=0.02 secs] 
53.400: [GC (Allocation Failure) [PSYoungGen: 374619K->186100K(465920K)] 1100973K->913700K(1369600K), 0.0204108 secs] [Times: user=0.03 sys=0.00, real=0.02 secs] 
54.163: [GC (Allocation Failure) [PSYoungGen: 419060K->162670K(465920K)] 1146660K->890543K(1369600K), 0.0276247 secs] [Times: user=0.04 sys=0.00, real=0.02 secs] 
56.019: [GC (Allocation Failure) [PSYoungGen: 395630K->64K(465920K)] 1123503K->729258K(1369600K), 0.0028696 secs] [Times: user=0.01 sys=0.00, real=0.00 secs] 
56.682: [GC (Allocation Failure) [PSYoungGen: 233024K->154126K(465920K)] 962218K->883336K(1369600K), 0.0169264 secs] [Times: user=0.02 sys=0.00, real=0.02 secs] 
57.025: [GC (Allocation Failure) [PSYoungGen: 387086K->186100K(465920K)] 1116296K->916564K(1369600K), 0.0202621 secs] [Times: user=0.03 sys=0.00, real=0.02 secs] 
57.837: [GC (Allocation Failure) [PSYoungGen: 419060K->150220K(465920K)] 1149524K->880949K(1369600K), 0.0266683 secs] [Times: user=0.04 sys=0.00, real=0.03 secs] 
59.163: [GC (Allocation Failure) [PSYoungGen: 383180K->96K(465920K)] 1113909K->732288K(1369600K), 0.0030159 secs] [Times: user=0.02 sys=0.00, real=0.01 secs] 
59.599: [GC (Allocation Failure) [PSYoungGen: 233056K->165918K(465920K)] 965248K->898134K(1369600K), 0.0185561 secs] [Times: user=0.02 sys=0.00, real=0.02 secs] 
59.884: [GC (Allocation Failure) [PSYoungGen: 398878K->184944K(465920K)] 1131094K->918422K(1369600K), 0.0207506 secs] [Times: user=0.03 sys=0.00, real=0.02 secs] 
60.404: [GC (Allocation Failure) [PSYoungGen: 415750K->139681K(465920K)] 1149228K->873432K(1369600K), 0.0169857 secs] [Times: user=0.03 sys=0.00, real=0.01 secs] 
62.035: [GC (Allocation Failure) [PSYoungGen: 372641K->64K(465920K)] 1106392K->735255K(1369600K), 0.0026267 secs] [Times: user=0.01 sys=0.00, real=0.00 secs] 
62.507: [GC (Allocation Failure) [PSYoungGen: 233024K->172794K(465920K)] 968215K->907993K(1369600K), 0.0189120 secs] [Times: user=0.03 sys=0.00, real=0.02 secs] 
62.790: [GC (Allocation Failure) [PSYoungGen: 405754K->184687K(465920K)] 1140953K->921131K(1369600K), 0.0202529 secs] [Times: user=0.03 sys=0.00, real=0.02 secs] 
63.761: [GC (Allocation Failure) [PSYoungGen: 417647K->141174K(465920K)] 1154091K->878012K(1369600K), 0.0182537 secs] [Times: user=0.03 sys=0.00, real=0.02 secs] 
66.445: [GC (Allocation Failure) [PSYoungGen: 374134K->96K(465920K)] 1110972K->738253K(1369600K), 0.0038366 secs] [Times: user=0.02 sys=0.00, real=0.00 secs] 
66.923: [GC (Allocation Failure) [PSYoungGen: 233056K->181276K(465920K)] 971213K->919450K(1369600K), 0.0197633 secs] [Times: user=0.03 sys=0.00, real=0.02 secs] 
67.211: [GC (Allocation Failure) [PSYoungGen: 414236K->184590K(465920K)] 1152410K->924009K(1369600K), 0.0204881 secs] [Times: user=0.03 sys=0.00, real=0.02 secs] 
68.461: [GC (Allocation Failure) [PSYoungGen: 417550K->132788K(465920K)] 1156969K->872472K(1369600K), 0.0174760 secs] [Times: user=0.03 sys=0.00, real=0.02 secs] 
69.468: [GC (Allocation Failure) [PSYoungGen: 365748K->7253K(465920K)] 1105432K->747237K(1369600K), 0.0048399 secs] [Times: user=0.02 sys=0.00, real=0.01 secs] 
69.831: [GC (Allocation Failure) [PSYoungGen: 240213K->184044K(465920K)] 980197K->925410K(1369600K), 0.0201052 secs] [Times: user=0.03 sys=0.00, real=0.02 secs] 
70.115: [GC (Allocation Failure) [PSYoungGen: 417004K->184044K(465920K)] 1158370K->925563K(1369600K), 0.0203984 secs] [Times: user=0.03 sys=0.00, real=0.02 secs] 
71.411: [GC (Allocation Failure) [PSYoungGen: 417004K->123437K(465920K)] 1158523K->865221K(1369600K), 0.0247719 secs] [Times: user=0.05 sys=0.00, real=0.03 secs] 
73.865: [GC (Allocation Failure) [PSYoungGen: 356397K->15996K(465920K)] 1098181K->758085K(1369600K), 0.0068282 secs] [Times: user=0.02 sys=0.00, real=0.00 secs] 
74.233: [GC (Allocation Failure) [PSYoungGen: 248956K->186357K(465920K)] 991045K->929692K(1369600K), 0.0202947 secs] [Times: user=0.03 sys=0.00, real=0.02 secs] 
74.518: [GC (Allocation Failure) [PSYoungGen: 419317K->186132K(465920K)] 1162652K->929740K(1369600K), 0.0202289 secs] [Times: user=0.03 sys=0.00, real=0.02 secs] 
75.143: [GC (Allocation Failure) [PSYoungGen: 419092K->110296K(465920K)] 1162700K->854305K(1369600K), 0.0117918 secs] [Times: user=0.02 sys=0.00, real=0.01 secs] 
76.811: [GC (Allocation Failure) [PSYoungGen: 343226K->30262K(465920K)] 1087236K->774456K(1369600K), 0.0057674 secs] [Times: user=0.02 sys=0.00, real=0.01 secs] 
77.160: [GC (Allocation Failure) [PSYoungGen: 263222K->185715K(465920K)] 1007416K->931163K(1369600K), 0.0205278 secs] [Times: user=0.03 sys=0.00, real=0.02 secs] 
77.446: [GC (Allocation Failure) [PSYoungGen: 418675K->184398K(465920K)] 1164123K->930127K(1369600K), 0.0202287 secs] [Times: user=0.03 sys=0.00, real=0.02 secs] 
78.109: [GC (Allocation Failure) [PSYoungGen: 415397K->98327K(465920K)] 1161126K->844338K(1369600K), 0.0113885 secs] [Times: user=0.02 sys=0.00, real=0.01 secs] 
78.938: [GC (Allocation Failure) [PSYoungGen: 331287K->38134K(465920K)] 1077298K->784474K(1369600K), 0.0054582 secs] [Times: user=0.01 sys=0.00, real=0.01 secs] 
79.206: [GC (Allocation Failure) [PSYoungGen: 271094K->184205K(465920K)] 1017434K->931919K(1369600K), 0.0204447 secs] [Times: user=0.03 sys=0.01, real=0.02 secs] 
79.490: [GC (Allocation Failure) [PSYoungGen: 417165K->184462K(465920K)] 1164879K->932320K(1369600K), 0.0201174 secs] [Times: user=0.02 sys=0.00, real=0.02 secs] 
80.124: [GC (Allocation Failure) [PSYoungGen: 407589K->92030K(465920K)] 1155448K->840185K(1369600K), 0.0114280 secs] [Times: user=0.03 sys=0.00, real=0.01 secs] 
80.991: [GC (Allocation Failure) [PSYoungGen: 324990K->37941K(465920K)] 1073145K->786395K(1369600K), 0.0065341 secs] [Times: user=0.01 sys=0.00, real=0.01 secs] 
81.333: [GC (Allocation Failure) [PSYoungGen: 270901K->184430K(465920K)] 1019355K->934137K(1369600K), 0.0203681 secs] [Times: user=0.02 sys=0.00, real=0.02 secs] 
81.615: [GC (Allocation Failure) [PSYoungGen: 417390K->184301K(465920K)] 1167097K->934289K(1369600K), 0.0201683 secs] [Times: user=0.03 sys=0.00, real=0.02 secs] 
82.335: [GC (Allocation Failure) [PSYoungGen: 409335K->91998K(465920K)] 1159323K->842395K(1369600K), 0.0123032 secs] [Times: user=0.02 sys=0.00, real=0.01 secs] 
84.573: [GC (Allocation Failure) [PSYoungGen: 324958K->37973K(465920K)] 1075355K->788548K(1369600K), 0.0090812 secs] [Times: user=0.02 sys=0.00, real=0.00 secs] 
84.912: [GC (Allocation Failure) [PSYoungGen: 270933K->184301K(465920K)] 1021508K->936130K(1369600K), 0.0205567 secs] [Times: user=0.02 sys=0.00, real=0.02 secs] 
85.195: [GC (Allocation Failure) [PSYoungGen: 417261K->184751K(465920K)] 1169090K->936860K(1369600K), 0.0202240 secs] [Times: user=0.03 sys=0.00, real=0.02 secs] 
85.865: [GC (Allocation Failure) [PSYoungGen: 407562K->91773K(465920K)] 1159671K->844155K(1369600K), 0.0125213 secs] [Times: user=0.03 sys=0.00, real=0.01 secs] 
86.759: [GC (Allocation Failure) [PSYoungGen: 324733K->37941K(465920K)] 1077115K->790630K(1369600K), 0.0065673 secs] [Times: user=0.01 sys=0.00, real=0.01 secs] 
87.117: [GC (Allocation Failure) [PSYoungGen: 270901K->183948K(465920K)] 1023590K->937889K(1369600K), 0.0205466 secs] [Times: user=0.03 sys=0.00, real=0.02 secs] 
87.458: [GC (Allocation Failure) [PSYoungGen: 416908K->184462K(465920K)] 1170849K->938677K(1369600K), 0.0204293 secs] [Times: user=0.03 sys=0.00, real=0.02 secs] 
89.915: [GC (Allocation Failure) [PSYoungGen: 409892K->92383K(465920K)] 1164107K->846871K(1369600K), 0.0208421 secs] [Times: user=0.04 sys=0.00, real=0.02 secs] 
91.868: [GC (Allocation Failure) [PSYoungGen: 325343K->37877K(465920K)] 1079831K->792683K(1369600K), 0.0076109 secs] [Times: user=0.02 sys=0.00, real=0.01 secs] 
92.244: [GC (Allocation Failure) [PSYoungGen: 270837K->184237K(465920K)] 1025643K->940296K(1369600K), 0.0205829 secs] [Times: user=0.03 sys=0.00, real=0.02 secs] 
92.532: [GC (Allocation Failure) [PSYoungGen: 417197K->184494K(465920K)] 1173256K->940819K(1369600K), 0.0204407 secs] [Times: user=0.02 sys=0.00, real=0.02 secs] 
94.393: [GC (Allocation Failure) [PSYoungGen: 407566K->92158K(465920K)] 1163891K->848764K(1369600K), 0.0144132 secs] [Times: user=0.03 sys=0.00, real=0.01 secs] 
95.827: [GC (Allocation Failure) [PSYoungGen: 325118K->37556K(465920K)] 1081724K->794475K(1369600K), 0.0065655 secs] [Times: user=0.01 sys=0.00, real=0.01 secs] 
96.112: [GC (Allocation Failure) [PSYoungGen: 270516K->184494K(465920K)] 1027435K->942667K(1369600K), 0.0204924 secs] [Times: user=0.02 sys=0.00, real=0.02 secs] 
96.397: [GC (Allocation Failure) [PSYoungGen: 417454K->184590K(465920K)] 1175627K->943044K(1369600K), 0.0203272 secs] [Times: user=0.03 sys=0.00, real=0.02 secs] 
97.787: [GC (Allocation Failure) [PSYoungGen: 407634K->92094K(465920K)] 1166088K->850813K(1369600K), 0.0194742 secs] [Times: user=0.03 sys=0.00, real=0.02 secs] 
99.630: [GC (Allocation Failure) [PSYoungGen: 325054K->37620K(465920K)] 1083773K->796645K(1369600K), 0.0075612 secs] [Times: user=0.01 sys=0.00, real=0.01 secs] 
99.942: [GC (Allocation Failure) [PSYoungGen: 270580K->184558K(465920K)] 1029605K->944845K(1369600K), 0.0210220 secs] [Times: user=0.03 sys=0.00, real=0.03 secs] 
100.285: [GC (Allocation Failure) [PSYoungGen: 417518K->184944K(465920K)] 1177805K->945511K(1369600K), 0.0203310 secs] [Times: user=0.03 sys=0.00, real=0.02 secs] 
101.671: [GC (Allocation Failure) [PSYoungGen: 408007K->91644K(465920K)] 1168575K->852485K(1369600K), 0.0136615 secs] [Times: user=0.03 sys=0.00, real=0.02 secs] 
103.486: [GC (Allocation Failure) [PSYoungGen: 324604K->37459K(465920K)] 1085445K->798605K(1369600K), 0.0072621 secs] [Times: user=0.02 sys=0.00, real=0.01 secs] 
103.797: [GC (Allocation Failure) [PSYoungGen: 270419K->184590K(465920K)] 1031565K->946990K(1369600K), 0.0203985 secs] [Times: user=0.02 sys=0.00, real=0.02 secs] 
104.081: [GC (Allocation Failure) [PSYoungGen: 417550K->184751K(465920K)] 1179950K->947432K(1369600K), 0.0201456 secs] [Times: user=0.03 sys=0.00, real=0.02 secs] 
104.705: [GC (Allocation Failure) [PSYoungGen: 409764K->91998K(465920K)] 1172445K->855080K(1369600K), 0.0109725 secs] [Times: user=0.02 sys=0.00, real=0.01 secs] 
105.870: [GC (Allocation Failure) [PSYoungGen: 324958K->37684K(465920K)] 1088040K->800928K(1369600K), 0.0073546 secs] [Times: user=0.02 sys=0.00, real=0.01 secs] 
106.228: [GC (Allocation Failure) [PSYoungGen: 270644K->184815K(465920K)] 1033888K->949313K(1369600K), 0.0202851 secs] [Times: user=0.03 sys=0.00, real=0.02 secs] 
106.512: [GC (Allocation Failure) [PSYoungGen: 417775K->184655K(465920K)] 1182273K->949562K(1369600K), 0.0202321 secs] [Times: user=0.02 sys=0.00, real=0.02 secs] 
107.154: [GC (Allocation Failure) [PSYoungGen: 407203K->91516K(465920K)] 1172110K->856567K(1369600K), 0.0121507 secs] [Times: user=0.02 sys=0.00, real=0.01 secs] 
107.965: [GC (Allocation Failure) [PSYoungGen: 324476K->38005K(465920K)] 1089527K->803370K(1369600K), 0.0054749 secs] [Times: user=0.01 sys=0.00, real=0.00 secs] 
108.233: [GC (Allocation Failure) [PSYoungGen: 270965K->183980K(465920K)] 1036330K->950598K(1369600K), 0.0204640 secs] [Times: user=0.02 sys=0.00, real=0.02 secs] 
108.516: [GC (Allocation Failure) [PSYoungGen: 416940K->184494K(465920K)] 1183558K->951394K(1369600K), 0.0201168 secs] [Times: user=0.03 sys=0.00, real=0.02 secs] 
111.182: [GC (Allocation Failure) [PSYoungGen: 409725K->92383K(465920K)] 1176624K->859548K(1369600K), 0.0205717 secs] [Times: user=0.04 sys=0.00, real=0.02 secs] 
112.867: [GC (Allocation Failure) [PSYoungGen: 325343K->37684K(465920K)] 1092508K->805149K(1369600K), 0.0069273 secs] [Times: user=0.02 sys=0.01, real=0.01 secs] 
113.154: [GC (Allocation Failure) [PSYoungGen: 270644K->184719K(465920K)] 1038109K->953429K(1369600K), 0.0203983 secs] [Times: user=0.02 sys=0.00, real=0.02 secs] 
113.440: [GC (Allocation Failure) [PSYoungGen: 417679K->184719K(465920K)] 1186389K->953710K(1369600K), 0.0201953 secs] [Times: user=0.03 sys=0.00, real=0.02 secs] 
114.267: [GC (Allocation Failure) [PSYoungGen: 407534K->91644K(465920K)] 1176525K->860908K(1369600K), 0.0111204 secs] [Times: user=0.03 sys=0.00, real=0.01 secs] 
115.732: [GC (Allocation Failure) [PSYoungGen: 324604K->37491K(465920K)] 1093868K->807074K(1369600K), 0.0054294 secs] [Times: user=0.02 sys=0.00, real=0.01 secs] 
115.999: [GC (Allocation Failure) [PSYoungGen: 270451K->183948K(465920K)] 1040034K->954784K(1369600K), 0.0201711 secs] [Times: user=0.03 sys=0.00, real=0.02 secs] 
116.340: [GC (Allocation Failure) [PSYoungGen: 416908K->184430K(465920K)] 1187744K->955667K(1369600K), 0.0202591 secs] [Times: user=0.02 sys=0.00, real=0.02 secs] 
117.100: [GC (Allocation Failure) [PSYoungGen: 409651K->92865K(465920K)] 1180889K->864239K(1369600K), 0.0115173 secs] [Times: user=0.02 sys=0.00, real=0.01 secs] 
118.462: [GC (Allocation Failure) [PSYoungGen: 325825K->37556K(465920K)] 1097199K->809236K(1369600K), 0.0064205 secs] [Times: user=0.01 sys=0.00, real=0.01 secs] 
118.741: [GC (Allocation Failure) [PSYoungGen: 270516K->184108K(465920K)] 1042196K->957042K(1369600K), 0.0202883 secs] [Times: user=0.03 sys=0.00, real=0.02 secs] 
119.030: [GC (Allocation Failure) [PSYoungGen: 417068K->184590K(465920K)] 1190002K->957926K(1369600K), 0.0202629 secs] [Times: user=0.03 sys=0.00, real=0.02 secs] 
121.507: [GC (Allocation Failure) [PSYoungGen: 409931K->92544K(465920K)] 1183267K->866024K(1369600K), 0.0192873 secs] [Times: user=0.04 sys=0.00, real=0.02 secs] 
123.636: [GC (Allocation Failure) [PSYoungGen: 325504K->37684K(465920K)] 1098984K->811464K(1369600K), 0.0083551 secs] [Times: user=0.02 sys=0.00, real=0.01 secs] 
123.960: [GC (Allocation Failure) [PSYoungGen: 270644K->184076K(465920K)] 1044424K->959109K(1369600K), 0.0203353 secs] [Times: user=0.03 sys=0.00, real=0.02 secs] 
124.301: [GC (Allocation Failure) [PSYoungGen: 417036K->184462K(465920K)] 1192069K->959905K(1369600K), 0.0202033 secs] [Times: user=0.02 sys=0.00, real=0.02 secs] 
124.962: [GC (Allocation Failure) [PSYoungGen: 408064K->92544K(465920K)] 1183507K->868131K(1369600K), 0.0125842 secs] [Times: user=0.03 sys=0.00, real=0.02 secs] 
126.409: [GC (Allocation Failure) [PSYoungGen: 325504K->37813K(465920K)] 1101091K->813730K(1369600K), 0.0086528 secs] [Times: user=0.02 sys=0.00, real=0.01 secs] 
126.738: [GC (Allocation Failure) [PSYoungGen: 270773K->184494K(465920K)] 1046690K->961793K(1369600K), 0.0204874 secs] [Times: user=0.03 sys=0.00, real=0.02 secs] 
127.021: [GC (Allocation Failure) [PSYoungGen: 417454K->184590K(465920K)] 1194753K->962050K(1369600K), 0.0202417 secs] [Times: user=0.02 sys=0.00, real=0.02 secs] 
128.576: [GC (Allocation Failure) [PSYoungGen: 408618K->91933K(465920K)] 1186078K->869658K(1369600K), 0.0160817 secs] [Times: user=0.04 sys=0.00, real=0.01 secs] 
130.002: [GC (Allocation Failure) [PSYoungGen: 324893K->37588K(465920K)] 1102618K->815618K(1369600K), 0.0059210 secs] [Times: user=0.01 sys=0.00, real=0.01 secs] 
130.273: [GC (Allocation Failure) [PSYoungGen: 270548K->183722K(465920K)] 1048578K->963015K(1369600K), 0.0204004 secs] [Times: user=0.03 sys=0.00, real=0.02 secs] 
130.557: [GC (Allocation Failure) [PSYoungGen: 416682K->184687K(465920K)] 1195975K->964260K(1369600K), 0.0202305 secs] [Times: user=0.03 sys=0.00, real=0.02 secs] 
131.379: [GC (Allocation Failure) [PSYoungGen: 410077K->92801K(465920K)] 1189650K->872647K(1369600K), 0.0127547 secs] [Times: user=0.03 sys=0.00, real=0.01 secs] 
132.368: [GC (Allocation Failure) [PSYoungGen: 325761K->38005K(465920K)] 1105607K->818168K(1369600K), 0.0056062 secs] [Times: user=0.02 sys=0.00, real=0.01 secs] 
132.696: [GC (Allocation Failure) [PSYoungGen: 270965K->184590K(465920K)] 1051128K->966135K(1369600K), 0.0205592 secs] [Times: user=0.03 sys=0.00, real=0.02 secs] 
132.979: [GC (Allocation Failure) [PSYoungGen: 417550K->184655K(465920K)] 1199095K->966344K(1369600K), 0.0204057 secs] [Times: user=0.03 sys=0.00, real=0.02 secs] 
133.618: [GC (Allocation Failure) [PSYoungGen: 407217K->91548K(465920K)] 1188907K->873510K(1369600K), 0.0114268 secs] [Times: user=0.02 sys=0.00, real=0.01 secs] 
135.041: [GC (Allocation Failure) [PSYoungGen: 324508K->37588K(465920K)] 1106470K->819860K(1369600K), 0.0060960 secs] [Times: user=0.01 sys=0.00, real=0.01 secs] 
135.365: [GC (Allocation Failure) [PSYoungGen: 270548K->184719K(465920K)] 1052820K->968373K(1369600K), 0.0206364 secs] [Times: user=0.03 sys=0.00, real=0.02 secs] 
135.727: [GC (Allocation Failure) [PSYoungGen: 417679K->184687K(465920K)] 1201333K->968494K(1369600K), 0.0202173 secs] [Times: user=0.03 sys=0.00, real=0.02 secs] 
136.369: [GC (Allocation Failure) [PSYoungGen: 407496K->91773K(465920K)] 1191303K->875853K(1369600K), 0.0123116 secs] [Times: user=0.03 sys=0.00, real=0.01 secs] 
137.689: [GC (Allocation Failure) [PSYoungGen: 324733K->37745K(465920K)] 1108813K->822147K(1369600K), 0.0065636 secs] [Times: user=0.02 sys=0.00, real=0.01 secs] 
137.967: [GC (Allocation Failure) [PSYoungGen: 270705K->184687K(465920K)] 1055107K->970471K(1369600K), 0.0202218 secs] [Times: user=0.02 sys=0.00, real=0.02 secs] 
138.251: [GC (Allocation Failure) [PSYoungGen: 417647K->184687K(465920K)] 1203431K->970623K(1369600K), 0.0200798 secs] [Times: user=0.03 sys=0.00, real=0.02 secs] 
139.565: [GC (Allocation Failure) [PSYoungGen: 407269K->91644K(465920K)] 1193206K->877854K(1369600K), 0.0238754 secs] [Times: user=0.05 sys=0.00, real=0.02 secs] 
141.546: [GC (Allocation Failure) [PSYoungGen: 324604K->37973K(465920K)] 1110814K->824498K(1369600K), 0.0069949 secs] [Times: user=0.01 sys=0.00, real=0.01 secs] 
141.839: [GC (Allocation Failure) [PSYoungGen: 270933K->183787K(465920K)] 1057458K->971566K(1369600K), 0.0201272 secs] [Times: user=0.03 sys=0.00, real=0.02 secs] 
142.125: [GC (Allocation Failure) [PSYoungGen: 416747K->184462K(465920K)] 1204526K->972522K(1369600K), 0.0203479 secs] [Times: user=0.03 sys=0.00, real=0.02 secs] 
143.358: [GC (Allocation Failure) [PSYoungGen: 409832K->92544K(465920K)] 1197892K->880877K(1369600K), 0.0146525 secs] [Times: user=0.03 sys=0.00, real=0.01 secs] 
144.781: [GC (Allocation Failure) [PSYoungGen: 325504K->37845K(465920K)] 1113837K->826491K(1369600K), 0.0092795 secs] [Times: user=0.02 sys=0.00, real=0.01 secs] 
145.128: [GC (Allocation Failure) [PSYoungGen: 270805K->184558K(465920K)] 1059451K->974587K(1369600K), 0.0204557 secs] [Times: user=0.02 sys=0.00, real=0.02 secs] 
145.414: [GC (Allocation Failure) [PSYoungGen: 417518K->184462K(465920K)] 1207547K->974643K(1369600K), 0.0202508 secs] [Times: user=0.03 sys=0.00, real=0.02 secs] 
147.073: [GC (Allocation Failure) [PSYoungGen: 406940K->91869K(465920K)] 1197122K->882323K(1369600K), 0.0189526 secs] [Times: user=0.03 sys=0.00, real=0.01 secs] 
149.214: [GC (Allocation Failure) [PSYoungGen: 324829K->37877K(465920K)] 1115283K->828645K(1369600K), 0.0093490 secs] [Times: user=0.02 sys=0.00, real=0.01 secs] 
149.562: [GC (Allocation Failure) [PSYoungGen: 270837K->184751K(465920K)] 1061605K->976901K(1369600K), 0.0203059 secs] [Times: user=0.03 sys=0.00, real=0.02 secs] 
149.851: [GC (Allocation Failure) [PSYoungGen: 417711K->184687K(465920K)] 1209861K->977013K(1369600K), 0.0202287 secs] [Times: user=0.03 sys=0.01, real=0.02 secs] 
150.499: [GC (Allocation Failure) [PSYoungGen: 407229K->91484K(465920K)] 1199555K->884075K(1369600K), 0.0126228 secs] [Times: user=0.03 sys=0.00, real=0.01 secs] 
151.930: [GC (Allocation Failure) [PSYoungGen: 324444K->37713K(465920K)] 1117035K->830615K(1369600K), 0.0073958 secs] [Times: user=0.02 sys=0.00, real=0.01 secs] 
152.238: [GC (Allocation Failure) [PSYoungGen: 270673K->183948K(465920K)] 1063575K->978103K(1369600K), 0.0201587 secs] [Times: user=0.03 sys=0.00, real=0.02 secs] 
152.520: [GC (Allocation Failure) [PSYoungGen: 416908K->184462K(465920K)] 1211063K->978898K(1369600K), 0.0202715 secs] [Times: user=0.03 sys=0.00, real=0.02 secs] 
154.507: [GC (Allocation Failure) [PSYoungGen: 409730K->92704K(465920K)] 1204166K->887413K(1369600K), 0.0259976 secs] [Times: user=0.06 sys=0.00, real=0.03 secs] 
156.983: [GC (Allocation Failure) [PSYoungGen: 325664K->37684K(465920K)] 1120373K->832691K(1369600K), 0.0070118 secs] [Times: user=0.02 sys=0.00, real=0.01 secs] 
157.284: [GC (Allocation Failure) [PSYoungGen: 270644K->184044K(465920K)] 1065651K->980305K(1369600K), 0.0202124 secs] [Times: user=0.03 sys=0.00, real=0.02 secs] 
157.573: [GC (Allocation Failure) [PSYoungGen: 417004K->184590K(465920K)] 1213265K->981124K(1369600K), 0.0201494 secs] [Times: user=0.03 sys=0.00, real=0.02 secs] 
160.089: [GC (Allocation Failure) [PSYoungGen: 409694K->92415K(465920K)] 1206228K->889350K(1369600K), 0.0242159 secs] [Times: user=0.05 sys=0.00, real=0.03 secs] 
162.760: [GC (Allocation Failure) [PSYoungGen: 325375K->37845K(465920K)] 1122310K->834965K(1369600K), 0.0084180 secs] [Times: user=0.02 sys=0.01, real=0.01 secs] 
163.084: [GC (Allocation Failure) [PSYoungGen: 270805K->184687K(465920K)] 1067925K->983045K(1369600K), 0.0203023 secs] [Times: user=0.03 sys=0.00, real=0.02 secs] 
163.376: [GC (Allocation Failure) [PSYoungGen: 417647K->184719K(465920K)] 1216005K->983358K(1369600K), 0.0205934 secs] [Times: user=0.03 sys=0.00, real=0.02 secs] 
164.586: [GC (Allocation Failure) [PSYoungGen: 407279K->91516K(465920K)] 1205918K->890428K(1369600K), 0.0131621 secs] [Times: user=0.03 sys=0.00, real=0.01 secs] 
166.517: [GC (Allocation Failure) [PSYoungGen: 324476K->37973K(465920K)] 1123388K->837183K(1369600K), 0.0065046 secs] [Times: user=0.01 sys=0.00, real=0.01 secs] 
166.799: [GC (Allocation Failure) [PSYoungGen: 270933K->184655K(465920K)] 1070143K->985110K(1369600K), 0.0202229 secs] [Times: user=0.02 sys=0.00, real=0.02 secs] 
167.132: [GC (Allocation Failure) [PSYoungGen: 417615K->184719K(465920K)] 1218070K->985447K(1369600K), 0.0203350 secs] [Times: user=0.02 sys=0.00, real=0.02 secs] 
168.937: [GC (Allocation Failure) [PSYoungGen: 407267K->91419K(465920K)] 1207995K->892428K(1369600K), 0.0137507 secs] [Times: user=0.03 sys=0.00, real=0.01 secs] 
171.207: [GC (Allocation Failure) [PSYoungGen: 324379K->37845K(465920K)] 1125388K->839168K(1369600K), 0.0070410 secs] [Times: user=0.02 sys=0.00, real=0.01 secs] 
171.506: [GC (Allocation Failure) [PSYoungGen: 270805K->183916K(465920K)] 1072128K->986492K(1369600K), 0.0203076 secs] [Times: user=0.03 sys=0.00, real=0.02 secs] 
171.789: [GC (Allocation Failure) [PSYoungGen: 416876K->184815K(465920K)] 1219452K->987665K(1369600K), 0.0205436 secs] [Times: user=0.03 sys=0.00, real=0.02 secs] 
173.981: [GC (Allocation Failure) [PSYoungGen: 410140K->92190K(465920K)] 1212990K->895442K(1369600K), 0.0151686 secs] [Times: user=0.03 sys=0.00, real=0.02 secs] 
176.377: [GC (Allocation Failure) [PSYoungGen: 325150K->37845K(465920K)] 1128402K->841265K(1369600K), 0.0086975 secs] [Times: user=0.02 sys=0.00, real=0.01 secs] 
176.700: [GC (Allocation Failure) [PSYoungGen: 270805K->184173K(465920K)] 1074225K->988839K(1369600K), 0.0202679 secs] [Times: user=0.03 sys=0.00, real=0.02 secs] 
176.983: [GC (Allocation Failure) [PSYoungGen: 417133K->184944K(465920K)] 1221799K->989891K(1369600K), 0.0205609 secs] [Times: user=0.03 sys=0.00, real=0.02 secs] 
179.466: [GC (Allocation Failure) [PSYoungGen: 407695K->91709K(465920K)] 1212642K->896921K(1369600K), 0.0126001 secs] [Times: user=0.02 sys=0.00, real=0.01 secs] 
181.156: [GC (Allocation Failure) [PSYoungGen: 324669K->38102K(465920K)] 1129881K->843614K(1369600K), 0.0065649 secs] [Times: user=0.02 sys=0.00, real=0.01 secs] 
181.497: [GC (Allocation Failure) [PSYoungGen: 271062K->184301K(465920K)] 1076574K->991187K(1369600K), 0.0205508 secs] [Times: user=0.02 sys=0.00, real=0.02 secs] 
181.839: [GC (Allocation Failure) [PSYoungGen: 417261K->184526K(465920K)] 1224147K->991557K(1369600K), 0.0205813 secs] [Times: user=0.03 sys=0.00, real=0.02 secs] 
182.493: [GC (Allocation Failure) [PSYoungGen: 407367K->91773K(465920K)] 1214398K->899084K(1369600K), 0.0114999 secs] [Times: user=0.03 sys=0.00, real=0.01 secs] 
183.825: [GC (Allocation Failure) [PSYoungGen: 324733K->37523K(465920K)] 1132044K->845149K(1369600K), 0.0056129 secs] [Times: user=0.01 sys=0.00, real=0.00 secs] 
184.092: [GC (Allocation Failure) [PSYoungGen: 270483K->183787K(465920K)] 1078109K->992658K(1369600K), 0.0201097 secs] [Times: user=0.03 sys=0.00, real=0.02 secs] 
184.375: [GC (Allocation Failure) [PSYoungGen: 416747K->184687K(465920K)] 1225618K->993839K(1369600K), 0.0203118 secs] [Times: user=0.03 sys=0.00, real=0.02 secs] 
185.540: [GC (Allocation Failure) [PSYoungGen: 408589K->92769K(465920K)] 1217741K->902186K(1369600K), 0.0206110 secs] [Times: user=0.04 sys=0.00, real=0.02 secs] 
188.033: [GC (Allocation Failure) [PSYoungGen: 325729K->37588K(465920K)] 1135146K->847310K(1369600K), 0.0077140 secs] [Times: user=0.02 sys=0.00, real=0.00 secs] 
188.348: [GC (Allocation Failure) [PSYoungGen: 270548K->184558K(465920K)] 1080270K->995535K(1369600K), 0.0202491 secs] [Times: user=0.03 sys=0.00, real=0.02 secs] 
188.634: [GC (Allocation Failure) [PSYoungGen: 417518K->186357K(465920K)] 1228495K->997736K(1369600K), 0.0208784 secs] [Times: user=0.03 sys=0.00, real=0.02 secs] 
189.620: [GC (Allocation Failure) [PSYoungGen: 408311K->90230K(465920K)] 1219689K->901753K(1369600K), 0.0111915 secs] [Times: user=0.02 sys=0.00, real=0.01 secs] 
190.416: [GC (Allocation Failure) [PSYoungGen: 323190K->38102K(465920K)] 1134713K->849940K(1369600K), 0.0055462 secs] [Times: user=0.02 sys=0.00, real=0.00 secs] 
190.686: [GC (Allocation Failure) [PSYoungGen: 271062K->184173K(465920K)] 1082900K->997264K(1369600K), 0.0203802 secs] [Times: user=0.03 sys=0.00, real=0.02 secs] 
190.974: [GC (Allocation Failure) [PSYoungGen: 417133K->184558K(465920K)] 1230224K->997931K(1369600K), 0.0202683 secs] [Times: user=0.03 sys=0.00, real=0.02 secs] 
192.761: [GC (Allocation Failure) [PSYoungGen: 405005K->91837K(465920K)] 1218377K->905604K(1369600K), 0.0121571 secs] [Times: user=0.03 sys=0.00, real=0.02 secs] 
194.931: [GC (Allocation Failure) [PSYoungGen: 324797K->37588K(465920K)] 1138564K->851531K(1369600K), 0.0070795 secs] [Times: user=0.01 sys=0.00, real=0.01 secs] 
195.231: [GC (Allocation Failure) [PSYoungGen: 270548K->184687K(465920K)] 1084491K->999884K(1369600K), 0.0207776 secs] [Times: user=0.03 sys=0.00, real=0.02 secs] 
195.519: [GC (Allocation Failure) [PSYoungGen: 417647K->186486K(465920K)] 1232844K->1001956K(1369600K), 0.0205367 secs] [Times: user=0.03 sys=0.00, real=0.02 secs] 
196.348: [GC (Allocation Failure) [PSYoungGen: 403748K->89973K(465920K)] 1219218K->905717K(1369600K), 0.0119585 secs] [Times: user=0.02 sys=0.00, real=0.01 secs] 
197.158: [GC (Allocation Failure) [PSYoungGen: 322933K->38102K(465920K)] 1138677K->854159K(1369600K), 0.0055578 secs] [Times: user=0.01 sys=0.00, real=0.01 secs] 
197.479: [GC (Allocation Failure) [PSYoungGen: 271062K->184173K(465920K)] 1087119K->1001483K(1369600K), 0.0206057 secs] [Times: user=0.03 sys=0.00, real=0.02 secs] 
197.762: [GC (Allocation Failure) [PSYoungGen: 417133K->184558K(465920K)] 1234443K->1002150K(1369600K), 0.0203296 secs] [Times: user=0.03 sys=0.00, real=0.02 secs] 
198.669: [GC (Allocation Failure) [PSYoungGen: 409619K->91869K(465920K)] 1227210K->909862K(1369600K), 0.0125085 secs] [Times: user=0.03 sys=0.00, real=0.01 secs] 
200.450: [GC (Allocation Failure) [PSYoungGen: 324829K->37620K(465920K)] 1142822K->855782K(1369600K), 0.0078381 secs] [Times: user=0.02 sys=0.00, real=0.01 secs] 
200.768: [GC (Allocation Failure) [PSYoungGen: 270580K->184815K(465920K)] 1088742K->1004239K(1369600K), 0.0205487 secs] [Times: user=0.03 sys=0.00, real=0.02 secs] 
201.052: [GC (Allocation Failure) [PSYoungGen: 417775K->184719K(465920K)] 1237199K->1004416K(1369600K), 0.0204112 secs] [Times: user=0.02 sys=0.00, real=0.02 secs] 
202.169: [GC (Allocation Failure) [PSYoungGen: 407167K->91612K(465920K)] 1226864K->911582K(1369600K), 0.0193439 secs] [Times: user=0.04 sys=0.00, real=0.02 secs] 
203.874: [GC (Allocation Failure) [PSYoungGen: 324572K->37684K(465920K)] 1144542K->857960K(1369600K), 0.0071640 secs] [Times: user=0.02 sys=0.00, real=0.00 secs] 
204.171: [GC (Allocation Failure) [PSYoungGen: 270644K->184398K(465920K)] 1090920K->1006048K(1369600K), 0.0205307 secs] [Times: user=0.02 sys=0.00, real=0.02 secs] 
204.509: [GC (Allocation Failure) [PSYoungGen: 417358K->184494K(465920K)] 1239008K->1006289K(1369600K), 0.0205335 secs] [Times: user=0.03 sys=0.00, real=0.02 secs] 
205.519: [GC (Allocation Failure) [PSYoungGen: 407551K->91998K(465920K)] 1229346K->914065K(1369600K), 0.0126471 secs] [Times: user=0.03 sys=0.00, real=0.01 secs] 
206.391: [GC (Allocation Failure) [PSYoungGen: 324958K->38034K(465920K)] 1147025K->860416K(1369600K), 0.0055742 secs] [Times: user=0.01 sys=0.00, real=0.01 secs] 
206.661: [GC (Allocation Failure) [PSYoungGen: 270994K->184494K(465920K)] 1093376K->1008129K(1369600K), 0.0205471 secs] [Times: user=0.03 sys=0.00, real=0.02 secs] 
206.944: [GC (Allocation Failure) [PSYoungGen: 417454K->184590K(465920K)] 1241089K->1008506K(1369600K), 0.0202805 secs] [Times: user=0.02 sys=0.00, real=0.02 secs] 
208.150: [GC (Allocation Failure) [PSYoungGen: 407129K->91773K(465920K)] 1231045K->915962K(1369600K), 0.0125292 secs] [Times: user=0.03 sys=0.00, real=0.02 secs] 
209.270: [GC (Allocation Failure) [PSYoungGen: 324733K->38002K(465920K)] 1148922K->862505K(1369600K), 0.0088392 secs] [Times: user=0.02 sys=0.00, real=0.01 secs] 
209.629: [GC (Allocation Failure) [PSYoungGen: 270962K->184526K(465920K)] 1095465K->1010274K(1369600K), 0.0206135 secs] [Times: user=0.03 sys=0.00, real=0.02 secs] 
209.912: [GC (Allocation Failure) [PSYoungGen: 417486K->184558K(465920K)] 1243234K->1010588K(1369600K), 0.0202573 secs] [Times: user=0.03 sys=0.00, real=0.02 secs] 
211.797: [GC (Allocation Failure) [PSYoungGen: 407095K->91773K(465920K)] 1233125K->918067K(1369600K), 0.0122017 secs] [Times: user=0.02 sys=0.00, real=0.01 secs] 
213.870: [GC (Allocation Failure) [PSYoungGen: 324733K->37845K(465920K)] 1151027K->864453K(1369600K), 0.0085097 secs] [Times: user=0.02 sys=0.00, real=0.01 secs] 
214.198: [GC (Allocation Failure) [PSYoungGen: 270805K->184494K(465920K)] 1097413K->1012355K(1369600K), 0.0204049 secs] [Times: user=0.02 sys=0.00, real=0.02 secs] 
214.534: [GC (Allocation Failure) [PSYoungGen: 417454K->184269K(465920K)] 1245315K->1012404K(1369600K), 0.0202459 secs] [Times: user=0.03 sys=0.00, real=0.02 secs] 
215.729: [GC (Allocation Failure) [PSYoungGen: 409312K->92158K(465920K)] 1237447K->920695K(1369600K), 0.0266812 secs] [Times: user=0.06 sys=0.00, real=0.03 secs] 
216.610: [GC (Allocation Failure) [PSYoungGen: 325118K->38259K(465920K)] 1153655K->866973K(1369600K), 0.0055458 secs] [Times: user=0.01 sys=0.00, real=0.01 secs] 
216.940: [GC (Allocation Failure) [PSYoungGen: 271219K->184751K(465920K)] 1099933K->1014838K(1369600K), 0.0205755 secs] [Times: user=0.03 sys=0.00, real=0.02 secs] 
217.223: [GC (Allocation Failure) [PSYoungGen: 417711K->184623K(465920K)] 1247798K->1014975K(1369600K), 0.0205324 secs] [Times: user=0.03 sys=0.00, real=0.03 secs] 
219.219: [GC (Allocation Failure) [PSYoungGen: 406922K->91130K(465920K)] 1237275K->921756K(1369600K), 0.0137111 secs] [Times: user=0.02 sys=0.00, real=0.02 secs] 
220.911: [GC (Allocation Failure) [PSYoungGen: 324090K->37941K(465920K)] 1154716K->868744K(1369600K), 0.0065359 secs] [Times: user=0.01 sys=0.00, real=0.01 secs] 
221.194: [GC (Allocation Failure) [PSYoungGen: 270901K->184719K(465920K)] 1101704K->1016783K(1369600K), 0.0207379 secs] [Times: user=0.02 sys=0.00, real=0.02 secs] 
221.537: [GC (Allocation Failure) [PSYoungGen: 417679K->184719K(465920K)] 1249743K->1017056K(1369600K), 0.0202823 secs] [Times: user=0.02 sys=0.00, real=0.02 secs] 
222.947: [GC (Allocation Failure) [PSYoungGen: 407276K->91387K(465920K)] 1239614K->923998K(1369600K), 0.0170653 secs] [Times: user=0.03 sys=0.00, real=0.02 secs] 
225.738: [GC (Allocation Failure) [PSYoungGen: 324347K->37845K(465920K)] 1156958K->870761K(1369600K), 0.0079260 secs] [Times: user=0.02 sys=0.00, real=0.01 secs] 
226.051: [GC (Allocation Failure) [PSYoungGen: 270805K->184719K(465920K)] 1103721K->1019017K(1369600K), 0.0204425 secs] [Times: user=0.03 sys=0.00, real=0.02 secs] 
226.335: [GC (Allocation Failure) [PSYoungGen: 417679K->184655K(465920K)] 1251977K->1019098K(1369600K), 0.0204541 secs] [Times: user=0.02 sys=0.00, real=0.02 secs] 
227.609: [GC (Allocation Failure) [PSYoungGen: 407214K->91484K(465920K)] 1241657K->926200K(1369600K), 0.0123922 secs] [Times: user=0.02 sys=0.01, real=0.01 secs] 
229.270: [GC (Allocation Failure) [PSYoungGen: 324444K->37813K(465920K)] 1159160K->872843K(1369600K), 0.0069003 secs] [Times: user=0.02 sys=0.00, real=0.01 secs] 
229.561: [GC (Allocation Failure) [PSYoungGen: 270773K->183851K(465920K)] 1105803K->1020135K(1369600K), 0.0203619 secs] [Times: user=0.03 sys=0.00, real=0.02 secs] 
229.912: [GC (Allocation Failure) [PSYoungGen: 416811K->184719K(465920K)] 1253095K->1021299K(1369600K), 0.0202353 secs] [Times: user=0.03 sys=0.00, real=0.02 secs] 
230.578: [GC (Allocation Failure) [PSYoungGen: 408543K->92383K(465920K)] 1245124K->929237K(1369600K), 0.0126322 secs] [Times: user=0.03 sys=0.00, real=0.01 secs] 
231.384: [GC (Allocation Failure) [PSYoungGen: 325343K->37973K(465920K)] 1162197K->875141K(1369600K), 0.0059514 secs] [Times: user=0.02 sys=0.00, real=0.00 secs] 
231.712: [GC (Allocation Failure) [PSYoungGen: 270933K->184333K(465920K)] 1108101K->1022754K(1369600K), 0.0204797 secs] [Times: user=0.03 sys=0.00, real=0.02 secs] 
231.998: [GC (Allocation Failure) [PSYoungGen: 417293K->184173K(465920K)] 1255714K->1022867K(1369600K), 0.0202428 secs] [Times: user=0.03 sys=0.00, real=0.02 secs] 
233.743: [GC (Allocation Failure) [PSYoungGen: 409385K->92255K(465920K)] 1248079K->931222K(1369600K), 0.0253905 secs] [Times: user=0.06 sys=0.00, real=0.02 secs] 
234.965: [GC (Allocation Failure) [PSYoungGen: 325215K->38102K(465920K)] 1164182K->877374K(1369600K), 0.0093517 secs] [Times: user=0.03 sys=0.00, real=0.01 secs] 
235.308: [GC (Allocation Failure) [PSYoungGen: 271062K->184719K(465920K)] 1110334K->1025245K(1369600K), 0.0206526 secs] [Times: user=0.03 sys=0.00, real=0.02 secs] 
235.594: [GC (Allocation Failure) [PSYoungGen: 417679K->184494K(465920K)] 1258205K->1025301K(1369600K), 0.0203395 secs] [Times: user=0.02 sys=0.00, real=0.02 secs] 
237.254: [GC (Allocation Failure) [PSYoungGen: 406972K->91484K(465920K)] 1247779K->932564K(1369600K), 0.0208580 secs] [Times: user=0.04 sys=0.00, real=0.02 secs] 
240.493: [GC (Allocation Failure) [PSYoungGen: 324444K->37748K(465920K)] 1165524K->879134K(1369600K), 0.0094592 secs] [Times: user=0.03 sys=0.00, real=0.00 secs] 
240.830: [GC (Allocation Failure) [PSYoungGen: 270708K->184719K(465920K)] 1112094K->1027495K(1369600K), 0.0206889 secs] [Times: user=0.03 sys=0.00, real=0.02 secs] 
241.113: [GC (Allocation Failure) [PSYoungGen: 417679K->184687K(465920K)] 1260455K->1027616K(1369600K), 0.0203416 secs] [Times: user=0.03 sys=0.00, real=0.03 secs] 
242.203: [GC (Allocation Failure) [PSYoungGen: 407226K->91612K(465920K)] 1250155K->934814K(1369600K), 0.0149970 secs] [Times: user=0.03 sys=0.00, real=0.01 secs] 
243.489: [GC (Allocation Failure) [PSYoungGen: 324572K->37684K(465920K)] 1167774K->881192K(1369600K), 0.0066736 secs] [Times: user=0.02 sys=0.00, real=0.01 secs] 
243.772: [GC (Allocation Failure) [PSYoungGen: 270644K->183851K(465920K)] 1114152K->1028612K(1369600K), 0.0205104 secs] [Times: user=0.03 sys=0.01, real=0.02 secs] 
244.057: [GC (Allocation Failure) [PSYoungGen: 416811K->184623K(465920K)] 1261572K->1029649K(1369600K), 0.0205132 secs] [Times: user=0.03 sys=0.00, real=0.02 secs] 
245.461: [GC (Allocation Failure) [PSYoungGen: 410037K->92512K(465920K)] 1255063K->937803K(1369600K), 0.0141750 secs] [Times: user=0.03 sys=0.00, real=0.02 secs] 
247.386: [GC (Allocation Failure) [PSYoungGen: 325472K->37491K(465920K)] 1170763K->883096K(1369600K), 0.0070755 secs] [Times: user=0.02 sys=0.00, real=0.00 secs] 
247.685: [GC (Allocation Failure) [PSYoungGen: 270451K->184076K(465920K)] 1116056K->1030935K(1369600K), 0.0204805 secs] [Times: user=0.03 sys=0.00, real=0.02 secs] 
247.969: [GC (Allocation Failure) [PSYoungGen: 417036K->184494K(465920K)] 1263895K->1031626K(1369600K), 0.0203596 secs] [Times: user=0.03 sys=0.00, real=0.02 secs] 
248.666: [GC (Allocation Failure) [PSYoungGen: 409668K->92640K(465920K)] 1256800K->940037K(1369600K), 0.0118671 secs] [Times: user=0.02 sys=0.00, real=0.01 secs] 
249.645: [GC (Allocation Failure) [PSYoungGen: 325600K->38037K(465920K)] 1172997K->885750K(1369600K), 0.0057873 secs] [Times: user=0.02 sys=0.00, real=0.00 secs] 
249.915: [GC (Allocation Failure) [PSYoungGen: 270997K->184751K(465920K)] 1118710K->1033725K(1369600K), 0.0206197 secs] [Times: user=0.03 sys=0.00, real=0.02 secs] 
250.199: [GC (Allocation Failure) [PSYoungGen: 417711K->184655K(465920K)] 1266685K->1033902K(1369600K), 0.0249687 secs] [Times: user=0.04 sys=0.00, real=0.03 secs] 
251.513: [GC (Allocation Failure) [PSYoungGen: 407220K->91387K(465920K)] 1256467K->940907K(1369600K), 0.0198712 secs] [Times: user=0.04 sys=0.01, real=0.02 secs] 
252.501: [GC (Allocation Failure) [PSYoungGen: 324347K->37973K(465920K)] 1173867K->887799K(1369600K), 0.0055826 secs] [Times: user=0.02 sys=0.00, real=0.01 secs] 
252.769: [GC (Allocation Failure) [PSYoungGen: 270933K->183980K(465920K)] 1120759K->1035051K(1369600K), 0.0204841 secs] [Times: user=0.03 sys=0.00, real=0.02 secs] 
253.057: [GC (Allocation Failure) [PSYoungGen: 416940K->184398K(465920K)] 1268011K->1035871K(1369600K), 0.0203865 secs] [Times: user=0.03 sys=0.00, real=0.02 secs] 
254.280: [GC (Allocation Failure) [PSYoungGen: 409627K->92415K(465920K)] 1261100K->944033K(1369600K), 0.0133254 secs] [Times: user=0.03 sys=0.00, real=0.02 secs] 
255.947: [GC (Allocation Failure) [PSYoungGen: 325375K->37845K(465920K)] 1176993K->889776K(1369600K), 0.0071938 secs] [Times: user=0.02 sys=0.00, real=0.01 secs] 
256.247: [GC (Allocation Failure) [PSYoungGen: 270805K->184751K(465920K)] 1122736K->1037936K(1369600K), 0.0206311 secs] [Times: user=0.02 sys=0.00, real=0.02 secs] 
256.531: [GC (Allocation Failure) [PSYoungGen: 417711K->184687K(465920K)] 1270896K->1038273K(1369600K), 0.0204881 secs] [Times: user=0.02 sys=0.00, real=0.02 secs] 
257.192: [GC (Allocation Failure) [PSYoungGen: 407119K->91516K(465920K)] 1260706K->945383K(1369600K), 0.0118765 secs] [Times: user=0.02 sys=0.00, real=0.02 secs] 
258.067: [GC (Allocation Failure) [PSYoungGen: 324476K->37973K(465920K)] 1178343K->892034K(1369600K), 0.0060790 secs] [Times: user=0.01 sys=0.00, real=0.00 secs] 
258.335: [GC (Allocation Failure) [PSYoungGen: 270933K->183787K(465920K)] 1124994K->1039093K(1369600K), 0.0202767 secs] [Times: user=0.02 sys=0.00, real=0.02 secs] 
258.674: [GC (Allocation Failure) [PSYoungGen: 416747K->184655K(465920K)] 1272053K->1040226K(1369600K), 0.0204230 secs] [Times: user=0.03 sys=0.00, real=0.02 secs] 
259.379: [GC (Allocation Failure) [PSYoungGen: 410092K->92255K(465920K)] 1265664K->948091K(1369600K), 0.0122572 secs] [Times: user=0.03 sys=0.00, real=0.01 secs] 
260.272: [GC (Allocation Failure) [PSYoungGen: 325215K->38002K(465920K)] 1181051K->894160K(1369600K), 0.0060861 secs] [Times: user=0.01 sys=0.00, real=0.01 secs] 
260.547: [GC (Allocation Failure) [PSYoungGen: 270962K->184526K(465920K)] 1127120K->1041930K(1369600K), 0.0204395 secs] [Times: user=0.03 sys=0.00, real=0.02 secs] 
260.914: [GC (Allocation Failure) [PSYoungGen: 417486K->184847K(465920K)] 1274890K->1042524K(1369600K), 0.0204577 secs] [Times: user=0.03 sys=0.00, real=0.02 secs] 
261.616: [GC (Allocation Failure) [PSYoungGen: 407339K->91387K(465920K)] 1265016K->949345K(1369600K), 0.0119971 secs] [Times: user=0.03 sys=0.00, real=0.01 secs] 
263.604: [GC (Allocation Failure) [PSYoungGen: 324347K->37588K(465920K)] 1182305K->895851K(1369600K), 0.0078199 secs] [Times: user=0.02 sys=0.00, real=0.00 secs] 
263.912: [GC (Allocation Failure) [PSYoungGen: 270548K->182791K(465920K)] 1128811K->1042436K(1369600K), 0.0203678 secs] [Times: user=0.02 sys=0.00, real=0.02 secs] 
264.196: [GC (Allocation Failure) [PSYoungGen: 415751K->184462K(465920K)] 1275396K->1044252K(1369600K), 0.0204228 secs] [Times: user=0.03 sys=0.00, real=0.02 secs] 
264.924: [GC (Allocation Failure) [PSYoungGen: 412044K->93925K(465920K)] 1271834K->953989K(1369600K), 0.0117140 secs] [Times: user=0.02 sys=0.00, real=0.01 secs] 
265.856: [GC (Allocation Failure) [PSYoungGen: 326885K->37649K(465920K)] 1186949K->898030K(1369600K), 0.0056648 secs] [Times: user=0.02 sys=0.00, real=0.00 secs] 
266.185: [GC (Allocation Failure) [PSYoungGen: 270609K->184912K(465920K)] 1130990K->1046667K(1369600K), 0.0203605 secs] [Times: user=0.03 sys=0.00, real=0.02 secs] 
266.472: [GC (Allocation Failure) [PSYoungGen: 417872K->184847K(465920K)] 1279627K->1046755K(1369600K), 0.0203150 secs] [Times: user=0.03 sys=0.00, real=0.02 secs] 
268.556: [GC (Allocation Failure) [PSYoungGen: 407739K->91355K(465920K)] 1269646K->953664K(1369600K), 0.0142368 secs] [Times: user=0.03 sys=0.00, real=0.01 secs] 
269.772: [GC (Allocation Failure) [PSYoungGen: 324315K->37620K(465920K)] 1186624K->900122K(1369600K), 0.0066588 secs] [Times: user=0.01 sys=0.00, real=0.01 secs] 
270.054: [GC (Allocation Failure) [PSYoungGen: 270580K->184558K(465920K)] 1133082K->1048314K(1369600K), 0.0205182 secs] [Times: user=0.03 sys=0.00, real=0.02 secs] 
270.405: [GC (Allocation Failure) [PSYoungGen: 417518K->184366K(465920K)] 1281274K->1048395K(1369600K), 0.0206426 secs] [Times: user=0.02 sys=0.00, real=0.02 secs] 
271.107: [GC (Allocation Failure) [PSYoungGen: 409289K->92094K(465920K)] 1273318K->956396K(1369600K), 0.0127042 secs] [Times: user=0.02 sys=0.00, real=0.01 secs] 
271.946: [GC (Allocation Failure) [PSYoungGen: 325054K->37877K(465920K)] 1189356K->902492K(1369600K), 0.0056307 secs] [Times: user=0.01 sys=0.00, real=0.00 secs] 
272.214: [GC (Allocation Failure) [PSYoungGen: 270837K->184301K(465920K)] 1135452K->1050170K(1369600K), 0.0203382 secs] [Times: user=0.03 sys=0.00, real=0.02 secs] 
272.553: [GC (Allocation Failure) [PSYoungGen: 417261K->184719K(465920K)] 1283130K->1050998K(1369600K), 0.0204311 secs] [Times: user=0.03 sys=0.01, real=0.02 secs] 
274.108: [GC (Allocation Failure) [PSYoungGen: 409794K->91869K(465920K)] 1276073K->958421K(1369600K), 0.0148240 secs] [Times: user=0.03 sys=0.00, real=0.01 secs] 
276.155: [GC (Allocation Failure) [PSYoungGen: 324829K->37588K(465920K)] 1191381K->904325K(1369600K), 0.0093189 secs] [Times: user=0.02 sys=0.00, real=0.01 secs] 
276.502: [GC (Allocation Failure) [PSYoungGen: 270548K->184719K(465920K)] 1137285K->1052709K(1369600K), 0.0203120 secs] [Times: user=0.03 sys=0.00, real=0.02 secs] 
276.790: [GC (Allocation Failure) [PSYoungGen: 417679K->184366K(465920K)] 1285669K->1052621K(1369600K), 0.0202704 secs] [Times: user=0.03 sys=0.00, real=0.02 secs] 
278.759: [GC (Allocation Failure) [PSYoungGen: 409412K->92062K(465920K)] 1277668K->960591K(1369600K), 0.0257348 secs] [Times: user=0.05 sys=0.00, real=0.03 secs] 
280.995: [GC (Allocation Failure) [PSYoungGen: 325022K->37777K(465920K)] 1193551K->906612K(1369600K), 0.0085560 secs] [Times: user=0.02 sys=0.00, real=0.01 secs] 
281.297: [GC (Allocation Failure) [PSYoungGen: 270737K->184847K(465920K)] 1139572K->1054935K(1369600K), 0.0205652 secs] [Times: user=0.03 sys=0.00, real=0.02 secs] 
281.581: [GC (Allocation Failure) [PSYoungGen: 417807K->184687K(465920K)] 1287895K->1055184K(1369600K), 0.0204071 secs] [Times: user=0.03 sys=0.00, real=0.02 secs] 
282.610: [GC (Allocation Failure) [PSYoungGen: 407253K->91452K(465920K)] 1277751K->962102K(1369600K), 0.0123793 secs] [Times: user=0.03 sys=0.00, real=0.01 secs] 
283.450: [GC (Allocation Failure) [PSYoungGen: 324412K->38102K(465920K)] 1195062K->909050K(1369600K), 0.0070936 secs] [Times: user=0.02 sys=0.01, real=0.01 secs] 
283.816: [GC (Allocation Failure) [PSYoungGen: 271062K->184719K(465920K)] 1142010K->1056920K(1369600K), 0.0204291 secs] [Times: user=0.03 sys=0.00, real=0.02 secs] 
284.103: [GC (Allocation Failure) [PSYoungGen: 417679K->184623K(465920K)] 1289880K->1057089K(1369600K), 0.0206959 secs] [Times: user=0.03 sys=0.00, real=0.02 secs] 
285.110: [GC (Allocation Failure) [PSYoungGen: 407047K->91258K(465920K)] 1279514K->963998K(1369600K), 0.0120477 secs] [Times: user=0.03 sys=0.00, real=0.01 secs] 
286.587: [GC (Allocation Failure) [PSYoungGen: 324218K->37877K(465920K)] 1196958K->910922K(1369600K), 0.0057261 secs] [Times: user=0.02 sys=0.00, real=0.01 secs] 
286.860: [GC (Allocation Failure) [PSYoungGen: 270837K->184687K(465920K)] 1143882K->1058978K(1369600K), 0.0202900 secs] [Times: user=0.03 sys=0.00, real=0.02 secs] 
287.143: [GC (Allocation Failure) [PSYoungGen: 417647K->184719K(465920K)] 1291938K->1059283K(1369600K), 0.0204374 secs] [Times: user=0.02 sys=0.00, real=0.02 secs] 
288.226: [GC (Allocation Failure) [PSYoungGen: 407276K->91452K(465920K)] 1281840K->966289K(1369600K), 0.0127107 secs] [Times: user=0.02 sys=0.00, real=0.01 secs] 
289.711: [GC (Allocation Failure) [PSYoungGen: 324412K->37716K(465920K)] 1199249K->912851K(1369600K), 0.0070984 secs] [Times: user=0.02 sys=0.00, real=0.01 secs] 
290.076: [GC (Allocation Failure) [PSYoungGen: 270676K->184719K(465920K)] 1145811K->1061115K(1369600K), 0.0204704 secs] [Times: user=0.03 sys=0.00, real=0.02 secs] 
290.360: [GC (Allocation Failure) [PSYoungGen: 417679K->184687K(465920K)] 1294075K->1061356K(1369600K), 0.0204409 secs] [Times: user=0.03 sys=0.00, real=0.02 secs] 
290.988: [GC (Allocation Failure) [PSYoungGen: 407243K->91644K(465920K)] 1283913K->968595K(1369600K), 0.0123779 secs] [Times: user=0.03 sys=0.00, real=0.01 secs] 
292.406: [GC (Allocation Failure) [PSYoungGen: 324604K->37684K(465920K)] 1201555K->914932K(1369600K), 0.0070360 secs] [Times: user=0.01 sys=0.00, real=0.01 secs] 
292.779: [GC (Allocation Failure) [PSYoungGen: 270644K->184687K(465920K)] 1147892K->1063181K(1369600K), 0.0204424 secs] [Times: user=0.03 sys=0.00, real=0.02 secs] 
293.062: [GC (Allocation Failure) [PSYoungGen: 417647K->184751K(465920K)] 1296141K->1063526K(1369600K), 0.0203949 secs] [Times: user=0.03 sys=0.00, real=0.03 secs] 
294.179: [GC (Allocation Failure) [PSYoungGen: 407304K->91580K(465920K)] 1286079K->970620K(1369600K), 0.0162829 secs] [Times: user=0.04 sys=0.00, real=0.02 secs] 
295.654: [GC (Allocation Failure) [PSYoungGen: 324540K->37845K(465920K)] 1203580K->917182K(1369600K), 0.0071133 secs] [Times: user=0.02 sys=0.00, real=0.00 secs] 
295.945: [GC (Allocation Failure) [PSYoungGen: 270805K->183787K(465920K)] 1150142K->1064370K(1369600K), 0.0204252 secs] [Times: user=0.03 sys=0.00, real=0.02 secs] 
296.232: [GC (Allocation Failure) [PSYoungGen: 416747K->184655K(465920K)] 1297330K->1065519K(1369600K), 0.0206337 secs] [Times: user=0.03 sys=0.00, real=0.03 secs] 
297.429: [GC (Allocation Failure) [PSYoungGen: 410071K->92383K(465920K)] 1290936K->973513K(1369600K), 0.0126648 secs] [Times: user=0.02 sys=0.00, real=0.01 secs] 
298.495: [GC (Allocation Failure) [PSYoungGen: 325343K->37973K(465920K)] 1206473K->919416K(1369600K), 0.0068530 secs] [Times: user=0.02 sys=0.00, real=0.00 secs] 
298.852: [GC (Allocation Failure) [PSYoungGen: 270933K->184558K(465920K)] 1152376K->1067255K(1369600K), 0.0206936 secs] [Times: user=0.03 sys=0.00, real=0.02 secs] 
299.134: [GC (Allocation Failure) [PSYoungGen: 417518K->184301K(465920K)] 1300215K->1067279K(1369600K), 0.0204515 secs] [Times: user=0.03 sys=0.00, real=0.02 secs] 
301.476: [GC (Allocation Failure) [PSYoungGen: 409215K->91837K(465920K)] 1292193K->975088K(1369600K), 0.0219940 secs] [Times: user=0.05 sys=0.01, real=0.02 secs] 
302.565: [GC (Allocation Failure) [PSYoungGen: 324797K->37973K(465920K)] 1208048K->921538K(1369600K), 0.0057957 secs] [Times: user=0.02 sys=0.00, real=0.00 secs] 
302.834: [GC (Allocation Failure) [PSYoungGen: 270933K->184462K(465920K)] 1154498K->1069408K(1369600K), 0.0207503 secs] [Times: user=0.03 sys=0.00, real=0.02 secs] 
303.177: [GC (Allocation Failure) [PSYoungGen: 417422K->184558K(465920K)] 1302368K->1069649K(1369600K), 0.0204322 secs] [Times: user=0.03 sys=0.00, real=0.02 secs] 
303.926: [GC (Allocation Failure) [PSYoungGen: 407098K->91741K(465920K)] 1292190K->977097K(1369600K), 0.0124700 secs] [Times: user=0.03 sys=0.00, real=0.01 secs] 
305.039: [GC (Allocation Failure) [PSYoungGen: 324701K->37845K(465920K)] 1210057K->923515K(1369600K), 0.0098728 secs] [Times: user=0.02 sys=0.00, real=0.01 secs] 
305.373: [GC (Allocation Failure) [PSYoungGen: 270805K->184462K(465920K)] 1156475K->1071385K(1369600K), 0.0209663 secs] [Times: user=0.02 sys=0.00, real=0.03 secs] 
305.655: [GC (Allocation Failure) [PSYoungGen: 417422K->184301K(465920K)] 1304345K->1071506K(1369600K), 0.0209051 secs] [Times: user=0.03 sys=0.00, real=0.02 secs] 
306.810: [GC (Allocation Failure) [PSYoungGen: 409346K->92126K(465920K)] 1296551K->979724K(1369600K), 0.0235523 secs] [Times: user=0.05 sys=0.00, real=0.03 secs] 
308.173: [GC (Allocation Failure) [PSYoungGen: 325086K->37845K(465920K)] 1212684K->925620K(1369600K), 0.0065418 secs] [Times: user=0.02 sys=0.00, real=0.00 secs] 
308.449: [GC (Allocation Failure) [PSYoungGen: 270805K->184205K(465920K)] 1158580K->1073234K(1369600K), 0.0207667 secs] [Times: user=0.03 sys=0.00, real=0.02 secs] 
308.794: [GC (Allocation Failure) [PSYoungGen: 417165K->184912K(465920K)] 1306194K->1074214K(1369600K), 0.0204005 secs] [Times: user=0.03 sys=0.00, real=0.02 secs] 
310.025: [GC (Allocation Failure) [PSYoungGen: 407655K->91677K(465920K)] 1296957K->981244K(1369600K), 0.0145982 secs] [Times: user=0.03 sys=0.01, real=0.01 secs] 
311.871: [GC (Allocation Failure) [PSYoungGen: 324637K->37588K(465920K)] 1214204K->927468K(1369600K), 0.0094955 secs] [Times: user=0.02 sys=0.00, real=0.01 secs] 
312.211: [GC (Allocation Failure) [PSYoungGen: 270548K->184847K(465920K)] 1160428K->1075982K(1369600K), 0.0206940 secs] [Times: user=0.03 sys=0.00, real=0.02 secs] 
312.495: [GC (Allocation Failure) [PSYoungGen: 417807K->184173K(465920K)] 1308942K->1075580K(1369600K), 0.0204167 secs] [Times: user=0.02 sys=0.00, real=0.02 secs] 
313.634: [GC (Allocation Failure) [PSYoungGen: 409497K->92158K(465920K)] 1300905K->983831K(1369600K), 0.0151324 secs] [Times: user=0.03 sys=0.00, real=0.01 secs] 
315.259: [GC (Allocation Failure) [PSYoungGen: 325118K->37716K(465920K)] 1216791K->929686K(1369600K), 0.0072676 secs] [Times: user=0.02 sys=0.00, real=0.01 secs] 
315.555: [GC (Allocation Failure) [PSYoungGen: 270676K->184719K(465920K)] 1162646K->1078071K(1369600K), 0.0204476 secs] [Times: user=0.03 sys=0.00, real=0.02 secs] 
315.841: [GC (Allocation Failure) [PSYoungGen: 417679K->184558K(465920K)] 1311031K->1078055K(1369600K), 0.0209159 secs] [Times: user=0.03 sys=0.00, real=0.02 secs] 
317.159: [GC (Allocation Failure) [PSYoungGen: 409406K->91773K(465920K)] 1302903K->985671K(1369600K), 0.0197184 secs] [Times: user=0.04 sys=0.00, real=0.02 secs] 
318.619: [GC (Allocation Failure) [PSYoungGen: 324733K->37877K(465920K)] 1218631K->931938K(1369600K), 0.0070059 secs] [Times: user=0.01 sys=0.00, real=0.01 secs] 
318.902: [GC (Allocation Failure) [PSYoungGen: 270837K->184879K(465920K)] 1164898K->1080194K(1369600K), 0.0207851 secs] [Times: user=0.02 sys=0.00, real=0.02 secs] 
319.190: [GC (Allocation Failure) [PSYoungGen: 417839K->184687K(465920K)] 1313154K->1080275K(1369600K), 0.0204276 secs] [Times: user=0.03 sys=0.00, real=0.02 secs] 
320.585: [GC (Allocation Failure) [PSYoungGen: 406644K->91387K(465920K)] 1302232K->987248K(1369600K), 0.0243285 secs] [Times: user=0.05 sys=0.00, real=0.02 secs] 
322.201: [GC (Allocation Failure) [PSYoungGen: 324347K->37684K(465920K)] 1220208K->933851K(1369600K), 0.0081840 secs] [Times: user=0.02 sys=0.00, real=0.01 secs] 
322.522: [GC (Allocation Failure) [PSYoungGen: 270644K->184494K(465920K)] 1166811K->1081914K(1369600K), 0.0204457 secs] [Times: user=0.03 sys=0.00, real=0.03 secs] 
322.809: [GC (Allocation Failure) [PSYoungGen: 417454K->184333K(465920K)] 1314874K->1082027K(1369600K), 0.0203767 secs] [Times: user=0.02 sys=0.00, real=0.02 secs] 
323.465: [GC (Allocation Failure) [PSYoungGen: 409377K->92287K(465920K)] 1307071K->990382K(1369600K), 0.0122781 secs] [Times: user=0.03 sys=0.00, real=0.01 secs] 
324.924: [GC (Allocation Failure) [PSYoungGen: 325247K->37973K(465920K)] 1223342K->936246K(1369600K), 0.0072416 secs] [Times: user=0.02 sys=0.00, real=0.00 secs] 
325.226: [GC (Allocation Failure) [PSYoungGen: 270933K->184719K(465920K)] 1169206K->1084373K(1369600K), 0.0206570 secs] [Times: user=0.03 sys=0.00, real=0.02 secs] 
325.509: [GC (Allocation Failure) [PSYoungGen: 417679K->184719K(465920K)] 1317333K->1084518K(1369600K), 0.0204484 secs] [Times: user=0.03 sys=0.00, real=0.02 secs] 
326.645: [GC (Allocation Failure) [PSYoungGen: 407254K->91355K(465920K)] 1307053K->991427K(1369600K), 0.0143309 secs] [Times: user=0.02 sys=0.00, real=0.01 secs] 
328.735: [GC (Allocation Failure) [PSYoungGen: 324315K->37716K(465920K)] 1224387K->938094K(1369600K), 0.0078682 secs] [Times: user=0.02 sys=0.00, real=0.00 secs] 
329.040: [GC (Allocation Failure) [PSYoungGen: 270676K->184751K(465920K)] 1171054K->1086511K(1369600K), 0.0206464 secs] [Times: user=0.03 sys=0.00, real=0.02 secs] 
329.323: [GC (Allocation Failure) [PSYoungGen: 417711K->182694K(465920K)] 1319471K->1084607K(1369600K), 0.0202700 secs] [Times: user=0.03 sys=0.00, real=0.03 secs] 
330.399: [GC (Allocation Failure) [PSYoungGen: 408720K->93700K(465920K)] 1310633K->995910K(1369600K), 0.0141887 secs] [Times: user=0.03 sys=0.00, real=0.02 secs] 
330.413: [Full GC (Ergonomics) [PSYoungGen: 93700K->0K(465920K)] [ParOldGen: 902209K->235436K(629760K)] 995910K->235436K(1095680K), [Metaspace: 54830K->54822K(1099776K)], 0.0592422 secs] [Times: user=0.19 sys=0.01, real=0.05 secs] 
331.075: [GC (Allocation Failure) [PSYoungGen: 232960K->131232K(465920K)] 468396K->366668K(1095680K), 0.0116725 secs] [Times: user=0.06 sys=0.00, real=0.01 secs] 
331.527: [GC (Allocation Failure) [PSYoungGen: 364192K->151807K(465920K)] 599628K->518355K(1095680K), 0.0218458 secs] [Times: user=0.07 sys=0.00, real=0.02 secs] 
331.812: [GC (Allocation Failure) [PSYoungGen: 384767K->184526K(465920K)] 751315K->585225K(1095680K), 0.0225767 secs] [Times: user=0.04 sys=0.00, real=0.03 secs] 
332.532: [GC (Allocation Failure) [PSYoungGen: 417486K->179185K(465920K)] 818185K->580028K(1095680K), 0.0292336 secs] [Times: user=0.04 sys=0.00, real=0.03 secs] 
334.052: [GC (Allocation Failure) [PSYoungGen: 412145K->32896K(465920K)] 812988K->435176K(1095680K), 0.0038815 secs] [Times: user=0.02 sys=0.00, real=0.01 secs] 
334.918: [GC (Allocation Failure) [PSYoungGen: 265856K->135458K(465920K)] 668136K->537755K(1095680K), 0.0150842 secs] [Times: user=0.02 sys=0.00, real=0.01 secs] 
335.255: [GC (Allocation Failure) [PSYoungGen: 368418K->184269K(465920K)] 770715K->587811K(1095680K), 0.0200099 secs] [Times: user=0.03 sys=0.00, real=0.02 secs] 
335.759: [GC (Allocation Failure) [PSYoungGen: 417229K->166543K(465920K)] 820771K->570350K(1095680K), 0.0220719 secs] [Times: user=0.04 sys=0.00, real=0.02 secs] 
336.835: [GC (Allocation Failure) [PSYoungGen: 399503K->64K(465920K)] 803310K->405308K(1095680K), 0.0023524 secs] [Times: user=0.01 sys=0.00, real=0.00 secs] 
337.459: [GC (Allocation Failure) [PSYoungGen: 233024K->153612K(465920K)] 638268K->558873K(1095680K), 0.0167426 secs] [Times: user=0.02 sys=0.00, real=0.02 secs] 
337.741: [GC (Allocation Failure) [PSYoungGen: 386572K->186164K(465920K)] 791833K->592808K(1095680K), 0.0202313 secs] [Times: user=0.02 sys=0.00, real=0.02 secs] 
338.515: [GC (Allocation Failure) [PSYoungGen: 419124K->150686K(465920K)] 825768K->557602K(1095680K), 0.0181563 secs] [Times: user=0.03 sys=0.00, real=0.02 secs] 
339.844: [GC (Allocation Failure) [PSYoungGen: 383646K->96K(465920K)] 790562K->408329K(1095680K), 0.0022610 secs] [Times: user=0.01 sys=0.00, real=0.00 secs] 
340.276: [GC (Allocation Failure) [PSYoungGen: 233056K->172601K(465920K)] 641289K->580867K(1095680K), 0.0188356 secs] [Times: user=0.02 sys=0.00, real=0.02 secs] 
340.561: [GC (Allocation Failure) [PSYoungGen: 405561K->186068K(465920K)] 813827K->595708K(1095680K), 0.0204307 secs] [Times: user=0.03 sys=0.00, real=0.02 secs] 
341.176: [GC (Allocation Failure) [PSYoungGen: 419028K->123472K(465920K)] 828668K->533248K(1095680K), 0.0170792 secs] [Times: user=0.02 sys=0.00, real=0.02 secs] 
342.372: [GC (Allocation Failure) [PSYoungGen: 356432K->6485K(465920K)] 766208K->416563K(1095680K), 0.0029678 secs] [Times: user=0.01 sys=0.00, real=0.01 secs] 
342.676: [GC (Allocation Failure) [PSYoungGen: 239445K->186068K(465920K)] 649523K->597392K(1095680K), 0.0200857 secs] [Times: user=0.02 sys=0.00, real=0.02 secs] 
342.961: [GC (Allocation Failure) [PSYoungGen: 419028K->185972K(465920K)] 830352K->597568K(1095680K), 0.0202631 secs] [Times: user=0.03 sys=0.00, real=0.02 secs] 
343.680: [GC (Allocation Failure) [PSYoungGen: 418932K->103728K(465920K)] 830528K->515590K(1095680K), 0.0138075 secs] [Times: user=0.02 sys=0.00, real=0.02 secs] 
344.967: [GC (Allocation Failure) [PSYoungGen: 336688K->26920K(465920K)] 748550K->439091K(1095680K), 0.0051358 secs] [Times: user=0.02 sys=0.00, real=0.00 secs] 
345.252: [GC (Allocation Failure) [PSYoungGen: 259880K->185715K(465920K)] 672051K->599132K(1095680K), 0.0203634 secs] [Times: user=0.03 sys=0.00, real=0.02 secs] 
345.536: [GC (Allocation Failure) [PSYoungGen: 418675K->185875K(465920K)] 832092K->599573K(1095680K), 0.0202508 secs] [Times: user=0.02 sys=0.00, real=0.02 secs] 
348.080: [GC (Allocation Failure) [PSYoungGen: 411241K->83823K(465920K)] 824939K->497786K(1095680K), 0.0257996 secs] [Times: user=0.04 sys=0.00, real=0.03 secs] 
350.338: [GC (Allocation Failure) [PSYoungGen: 316783K->37909K(465920K)] 730746K->452179K(1095680K), 0.0068972 secs] [Times: user=0.02 sys=0.00, real=0.01 secs] 
350.633: [GC (Allocation Failure) [PSYoungGen: 270869K->184141K(465920K)] 685139K->599665K(1095680K), 0.0199658 secs] [Times: user=0.03 sys=0.00, real=0.02 secs] 
350.979: [GC (Allocation Failure) [PSYoungGen: 417101K->184976K(465920K)] 832625K->600773K(1095680K), 0.0199993 secs] [Times: user=0.02 sys=0.00, real=0.02 secs] 
352.913: [GC (Allocation Failure) [PSYoungGen: 417936K->108109K(465920K)] 833733K->524307K(1095680K), 0.0201993 secs] [Times: user=0.05 sys=0.00, real=0.02 secs] 
354.749: [GC (Allocation Failure) [PSYoungGen: 341069K->53557K(465920K)] 757267K->469934K(1095680K), 0.0084858 secs] [Times: user=0.02 sys=0.00, real=0.01 secs] 
355.044: [GC (Allocation Failure) [PSYoungGen: 286517K->186325K(465920K)] 702894K->603949K(1095680K), 0.0201793 secs] [Times: user=0.03 sys=0.00, real=0.02 secs] 
355.333: [GC (Allocation Failure) [PSYoungGen: 419285K->186100K(465920K)] 836909K->603997K(1095680K), 0.0202901 secs] [Times: user=0.03 sys=0.00, real=0.02 secs] 
356.095: [GC (Allocation Failure) [PSYoungGen: 419060K->89135K(465920K)] 836957K->507425K(1095680K), 0.0097060 secs] [Times: user=0.02 sys=0.00, real=0.01 secs] 
356.837: [GC (Allocation Failure) [PSYoungGen: 322095K->74281K(465920K)] 740385K->492756K(1095680K), 0.0088906 secs] [Times: user=0.02 sys=0.00, real=0.01 secs] 
357.111: [GC (Allocation Failure) [PSYoungGen: 307241K->185843K(465920K)] 725716K->605693K(1095680K), 0.0202641 secs] [Times: user=0.03 sys=0.00, real=0.02 secs] 
357.396: [GC (Allocation Failure) [PSYoungGen: 418803K->185811K(465920K)] 838653K->605805K(1095680K), 0.0202443 secs] [Times: user=0.02 sys=0.00, real=0.02 secs] 
359.892: [GC (Allocation Failure) [PSYoungGen: 418771K->69198K(465920K)] 838765K->489465K(1095680K), 0.0087365 secs] [Times: user=0.03 sys=0.00, real=0.01 secs] 
360.969: [GC (Allocation Failure) [PSYoungGen: 302158K->92820K(465920K)] 722425K->513401K(1095680K), 0.0107880 secs] [Times: user=0.02 sys=0.00, real=0.01 secs] 
361.245: [GC (Allocation Failure) [PSYoungGen: 325780K->186486K(465920K)] 746361K->608312K(1095680K), 0.0202267 secs] [Times: user=0.03 sys=0.00, real=0.02 secs] 
361.534: [GC (Allocation Failure) [PSYoungGen: 419446K->186100K(465920K)] 841272K->608328K(1095680K), 0.0202078 secs] [Times: user=0.03 sys=0.00, real=0.02 secs] 
362.765: [GC (Allocation Failure) [PSYoungGen: 419060K->49759K(465920K)] 841288K->472252K(1095680K), 0.0059167 secs] [Times: user=0.02 sys=0.01, real=0.00 secs] 
363.326: [GC (Allocation Failure) [PSYoungGen: 282719K->113866K(465920K)] 705212K->536546K(1095680K), 0.0129534 secs] [Times: user=0.02 sys=0.00, real=0.01 secs] 
363.602: [GC (Allocation Failure) [PSYoungGen: 346826K->184590K(465920K)] 769506K->608524K(1095680K), 0.0201615 secs] [Times: user=0.03 sys=0.00, real=0.02 secs] 
363.892: [GC (Allocation Failure) [PSYoungGen: 417550K->183654K(465920K)] 841484K->607989K(1095680K), 0.0202816 secs] [Times: user=0.03 sys=0.00, real=0.02 secs] 
366.164: [GC (Allocation Failure) [PSYoungGen: 416614K->33056K(465920K)] 840949K->458540K(1095680K), 0.0041666 secs] [Times: user=0.02 sys=0.00, real=0.00 secs] 
366.836: [GC (Allocation Failure) [PSYoungGen: 266016K->129610K(465920K)] 691500K->555244K(1095680K), 0.0144097 secs] [Times: user=0.02 sys=0.00, real=0.01 secs] 
367.116: [GC (Allocation Failure) [PSYoungGen: 362570K->186454K(465920K)] 788204K->613334K(1095680K), 0.0203310 secs] [Times: user=0.02 sys=0.00, real=0.02 secs] 
367.700: [GC (Allocation Failure) [PSYoungGen: 419414K->168158K(465920K)] 846294K->595311K(1095680K), 0.0223118 secs] [Times: user=0.03 sys=0.00, real=0.02 secs] 
370.278: [GC (Allocation Failure) [PSYoungGen: 401118K->128K(465920K)] 828271K->428711K(1095680K), 0.0031503 secs] [Times: user=0.01 sys=0.00, real=0.00 secs] 
371.160: [GC (Allocation Failure) [PSYoungGen: 233088K->149403K(465920K)] 661671K->578026K(1095680K), 0.0164462 secs] [Times: user=0.03 sys=0.00, real=0.02 secs] 
371.442: [GC (Allocation Failure) [PSYoungGen: 382363K->186132K(465920K)] 810986K->616001K(1095680K), 0.0204068 secs] [Times: user=0.02 sys=0.00, real=0.02 secs] 
372.287: [GC (Allocation Failure) [PSYoungGen: 419092K->154943K(465920K)] 848961K->585085K(1095680K), 0.0265233 secs] [Times: user=0.04 sys=0.00, real=0.03 secs] 
374.400: [GC (Allocation Failure) [PSYoungGen: 387903K->128K(465920K)] 818045K->431711K(1095680K), 0.0034703 secs] [Times: user=0.01 sys=0.01, real=0.01 secs] 
375.043: [GC (Allocation Failure) [PSYoungGen: 233088K->167749K(465920K)] 664671K->599365K(1095680K), 0.0183078 secs] [Times: user=0.03 sys=0.00, real=0.01 secs] 
375.331: [GC (Allocation Failure) [PSYoungGen: 400709K->186229K(465920K)] 832325K->619219K(1095680K), 0.0204398 secs] [Times: user=0.03 sys=0.00, real=0.02 secs] 
375.838: [GC (Allocation Failure) [PSYoungGen: 419189K->128228K(465920K)] 852179K->561370K(1095680K), 0.0145653 secs] [Times: user=0.02 sys=0.00, real=0.02 secs] 
377.426: [GC (Allocation Failure) [PSYoungGen: 361188K->1473K(465920K)] 794330K->434925K(1095680K), 0.0025083 secs] [Times: user=0.01 sys=0.00, real=0.00 secs] 
377.818: [GC (Allocation Failure) [PSYoungGen: 234433K->186132K(465920K)] 667885K->620959K(1095680K), 0.0201426 secs] [Times: user=0.03 sys=0.00, real=0.02 secs] 
378.103: [GC (Allocation Failure) [PSYoungGen: 419092K->185972K(465920K)] 853919K->620951K(1095680K), 0.0202368 secs] [Times: user=0.02 sys=0.00, real=0.02 secs] 
379.184: [GC (Allocation Failure) [PSYoungGen: 418932K->108757K(465920K)] 853911K->544000K(1095680K), 0.0208911 secs] [Times: user=0.03 sys=0.00, real=0.02 secs] 
380.462: [GC (Allocation Failure) [PSYoungGen: 341717K->22068K(465920K)] 776960K->457612K(1095680K), 0.0047006 secs] [Times: user=0.01 sys=0.00, real=0.01 secs] 
380.742: [GC (Allocation Failure) [PSYoungGen: 255028K->185715K(465920K)] 690572K->622640K(1095680K), 0.0204971 secs] [Times: user=0.03 sys=0.00, real=0.02 secs] 
381.086: [GC (Allocation Failure) [PSYoungGen: 418675K->184398K(465920K)] 855600K->621468K(1095680K), 0.0202625 secs] [Times: user=0.02 sys=0.00, real=0.02 secs] 
382.693: [GC (Allocation Failure) [PSYoungGen: 417358K->90137K(465920K)] 854428K->527480K(1095680K), 0.0149184 secs] [Times: user=0.02 sys=0.00, real=0.01 secs] 
384.370: [GC (Allocation Failure) [PSYoungGen: 323097K->37973K(465920K)] 760440K->475630K(1095680K), 0.0063088 secs] [Times: user=0.02 sys=0.00, real=0.01 secs] 
384.725: [GC (Allocation Failure) [PSYoungGen: 270933K->184141K(465920K)] 708590K->623051K(1095680K), 0.0200088 secs] [Times: user=0.03 sys=0.00, real=0.02 secs] 
385.011: [GC (Allocation Failure) [PSYoungGen: 417101K->184526K(465920K)] 856011K->623710K(1095680K), 0.0200907 secs] [Times: user=0.02 sys=0.00, real=0.02 secs] 
385.747: [GC (Allocation Failure) [PSYoungGen: 401404K->75630K(465920K)] 840588K->515207K(1095680K), 0.0111994 secs] [Times: user=0.01 sys=0.00, real=0.01 secs] 
386.776: [GC (Allocation Failure) [PSYoungGen: 308590K->38066K(465920K)] 748167K->477831K(1095680K), 0.0062476 secs] [Times: user=0.01 sys=0.00, real=0.00 secs] 
387.051: [GC (Allocation Failure) [PSYoungGen: 271026K->184462K(465920K)] 710791K->625472K(1095680K), 0.0199983 secs] [Times: user=0.03 sys=0.00, real=0.02 secs] 
387.335: [GC (Allocation Failure) [PSYoungGen: 417422K->184655K(465920K)] 858432K->625946K(1095680K), 0.0200876 secs] [Times: user=0.03 sys=0.00, real=0.02 secs] 
388.423: [GC (Allocation Failure) [PSYoungGen: 417615K->107980K(465920K)] 858906K->549544K(1095680K), 0.0128696 secs] [Times: user=0.03 sys=0.00, real=0.02 secs] 
389.520: [GC (Allocation Failure) [PSYoungGen: 340940K->54617K(465920K)] 782504K->496497K(1095680K), 0.0070271 secs] [Times: user=0.01 sys=0.00, real=0.01 secs] 
389.790: [GC (Allocation Failure) [PSYoungGen: 287577K->183916K(465920K)] 729457K->627049K(1095680K), 0.0200657 secs] [Times: user=0.03 sys=0.00, real=0.02 secs] 
390.073: [GC (Allocation Failure) [PSYoungGen: 416876K->184687K(465920K)] 860009K->628101K(1095680K), 0.0201172 secs] [Times: user=0.02 sys=0.00, real=0.02 secs] 
391.100: [GC (Allocation Failure) [PSYoungGen: 417647K->91915K(465920K)] 861061K->535594K(1095680K), 0.0114175 secs] [Times: user=0.03 sys=0.00, real=0.01 secs] 
392.072: [GC (Allocation Failure) [PSYoungGen: 324875K->70425K(465920K)] 768554K->514399K(1095680K), 0.0085796 secs] [Times: user=0.02 sys=0.00, real=0.01 secs] 
392.343: [GC (Allocation Failure) [PSYoungGen: 303385K->184430K(465920K)] 747359K->629657K(1095680K), 0.0200799 secs] [Times: user=0.02 sys=0.00, real=0.02 secs] 
392.630: [GC (Allocation Failure) [PSYoungGen: 417390K->184237K(465920K)] 862617K->629737K(1095680K), 0.0199883 secs] [Times: user=0.03 sys=0.00, real=0.02 secs] 
393.592: [GC (Allocation Failure) [PSYoungGen: 417197K->76106K(465920K)] 862697K->521871K(1095680K), 0.0082107 secs] [Times: user=0.02 sys=0.00, real=0.01 secs] 
394.275: [GC (Allocation Failure) [PSYoungGen: 309025K->86459K(465920K)] 754790K->532523K(1095680K), 0.0102530 secs] [Times: user=0.02 sys=0.00, real=0.01 secs] 
394.548: [GC (Allocation Failure) [PSYoungGen: 319419K->184333K(465920K)] 765483K->631652K(1095680K), 0.0201143 secs] [Times: user=0.03 sys=0.00, real=0.02 secs] 
394.831: [GC (Allocation Failure) [PSYoungGen: 417293K->184558K(465920K)] 864612K->632150K(1095680K), 0.0201376 secs] [Times: user=0.02 sys=0.00, real=0.02 secs] 
397.034: [GC (Allocation Failure) [PSYoungGen: 417518K->59816K(465920K)] 865110K->507672K(1095680K), 0.0095620 secs] [Times: user=0.03 sys=0.00, real=0.01 secs] 
398.355: [GC (Allocation Failure) [PSYoungGen: 292776K->102588K(465920K)] 740632K->550761K(1095680K), 0.0117771 secs] [Times: user=0.02 sys=0.00, real=0.01 secs] 
398.629: [GC (Allocation Failure) [PSYoungGen: 335548K->184141K(465920K)] 783721K->633559K(1095680K), 0.0202838 secs] [Times: user=0.02 sys=0.00, real=0.02 secs] 
398.912: [GC (Allocation Failure) [PSYoungGen: 417101K->184494K(465920K)] 866519K->634185K(1095680K), 0.0201287 secs] [Times: user=0.03 sys=0.00, real=0.02 secs] 
400.659: [GC (Allocation Failure) [PSYoungGen: 417454K->43815K(465920K)] 867145K->493908K(1095680K), 0.0071171 secs] [Times: user=0.03 sys=0.00, real=0.01 secs] 
402.074: [GC (Allocation Failure) [PSYoungGen: 276775K->118268K(465920K)] 726868K->568540K(1095680K), 0.0133706 secs] [Times: user=0.01 sys=0.00, real=0.01 secs] 
402.348: [GC (Allocation Failure) [PSYoungGen: 351228K->183819K(465920K)] 801500K->635345K(1095680K), 0.0200734 secs] [Times: user=0.03 sys=0.00, real=0.02 secs] 
402.675: [GC (Allocation Failure) [PSYoungGen: 416779K->181207K(465920K)] 868305K->633126K(1095680K), 0.0213251 secs] [Times: user=0.02 sys=0.00, real=0.02 secs] 
403.699: [GC (Allocation Failure) [PSYoungGen: 414167K->32864K(465920K)] 866086K->486068K(1095680K), 0.0037566 secs] [Times: user=0.02 sys=0.00, real=0.01 secs] 
404.287: [GC (Allocation Failure) [PSYoungGen: 265824K->133720K(465920K)] 719028K->586949K(1095680K), 0.0173781 secs] [Times: user=0.02 sys=0.00, real=0.02 secs] 
404.572: [GC (Allocation Failure) [PSYoungGen: 366680K->184430K(465920K)] 819909K->638920K(1095680K), 0.0200630 secs] [Times: user=0.03 sys=0.00, real=0.02 secs] 
405.685: [GC (Allocation Failure) [PSYoungGen: 417390K->166102K(465920K)] 871880K->620865K(1095680K), 0.0288429 secs] [Times: user=0.04 sys=0.00, real=0.03 secs] 
408.372: [GC (Allocation Failure) [PSYoungGen: 399062K->96K(465920K)] 853825K->456305K(1095680K), 0.0023136 secs] [Times: user=0.01 sys=0.00, real=0.01 secs] 
408.800: [GC (Allocation Failure) [PSYoungGen: 233056K->151844K(465920K)] 689265K->608070K(1095680K), 0.0168625 secs] [Times: user=0.02 sys=0.00, real=0.02 secs] 
409.082: [GC (Allocation Failure) [PSYoungGen: 384804K->186132K(465920K)] 841030K->643611K(1095680K), 0.0202943 secs] [Times: user=0.03 sys=0.00, real=0.02 secs] 
409.798: [GC (Allocation Failure) [PSYoungGen: 419092K->152517K(465920K)] 876571K->610397K(1095680K), 0.0175965 secs] [Times: user=0.02 sys=0.00, real=0.02 secs] 
411.861: [GC (Allocation Failure) [PSYoungGen: 385477K->96K(465920K)] 843357K->459296K(1095680K), 0.0037523 secs] [Times: user=0.01 sys=0.00, real=0.01 secs] 
412.334: [GC (Allocation Failure) [PSYoungGen: 233056K->170416K(465920K)] 692256K->629641K(1095680K), 0.0187760 secs] [Times: user=0.02 sys=0.00, real=0.01 secs] 
412.616: [GC (Allocation Failure) [PSYoungGen: 403376K->184301K(465920K)] 862601K->644771K(1095680K), 0.0203007 secs] [Times: user=0.03 sys=0.00, real=0.02 secs] 
413.538: [GC (Allocation Failure) [PSYoungGen: 417261K->127457K(465920K)] 877731K->588208K(1095680K), 0.0172557 secs] [Times: user=0.03 sys=0.01, real=0.02 secs] 
414.831: [GC (Allocation Failure) [PSYoungGen: 360417K->1858K(465920K)] 821168K->462917K(1095680K), 0.0029924 secs] [Times: user=0.01 sys=0.00, real=0.01 secs] 
415.146: [GC (Allocation Failure) [PSYoungGen: 234818K->184783K(465920K)] 695877K->647096K(1095680K), 0.0201447 secs] [Times: user=0.03 sys=0.00, real=0.02 secs] 
415.489: [GC (Allocation Failure) [PSYoungGen: 417743K->184141K(465920K)] 880056K->646726K(1095680K), 0.0200783 secs] [Times: user=0.02 sys=0.00, real=0.02 secs] 
417.868: [GC (Allocation Failure) [PSYoungGen: 417101K->111488K(465920K)] 879686K->574338K(1095680K), 0.0248388 secs] [Times: user=0.04 sys=0.00, real=0.02 secs] 
419.696: [GC (Allocation Failure) [PSYoungGen: 344448K->17856K(465920K)] 807298K->481014K(1095680K), 0.0053877 secs] [Times: user=0.01 sys=0.00, real=0.00 secs] 
420.012: [GC (Allocation Failure) [PSYoungGen: 250816K->186357K(465920K)] 713974K->650898K(1095680K), 0.0203481 secs] [Times: user=0.03 sys=0.00, real=0.02 secs] 
420.301: [GC (Allocation Failure) [PSYoungGen: 419317K->186036K(465920K)] 883858K->650721K(1095680K), 0.0203333 secs] [Times: user=0.03 sys=0.00, real=0.02 secs] 
422.501: [GC (Allocation Failure) [PSYoungGen: 418996K->92081K(465920K)] 883681K->557159K(1095680K), 0.0272826 secs] [Times: user=0.04 sys=0.00, real=0.03 secs] 
424.234: [GC (Allocation Failure) [PSYoungGen: 325041K->37877K(465920K)] 790119K->503124K(1095680K), 0.0068676 secs] [Times: user=0.01 sys=0.00, real=0.00 secs] 
424.608: [GC (Allocation Failure) [PSYoungGen: 270837K->184526K(465920K)] 736084K->651019K(1095680K), 0.0203818 secs] [Times: user=0.03 sys=0.00, real=0.02 secs] 
424.893: [GC (Allocation Failure) [PSYoungGen: 417486K->186261K(465920K)] 883979K->653027K(1095680K), 0.0204345 secs] [Times: user=0.02 sys=0.00, real=0.02 secs] 
426.633: [GC (Allocation Failure) [PSYoungGen: 419221K->106486K(465920K)] 885987K->573517K(1095680K), 0.0272851 secs] [Times: user=0.07 sys=0.00, real=0.03 secs] 
428.577: [GC (Allocation Failure) [PSYoungGen: 339446K->55870K(465920K)] 806477K->523081K(1095680K), 0.0089058 secs] [Times: user=0.02 sys=0.00, real=0.01 secs] 
428.871: [GC (Allocation Failure) [PSYoungGen: 288830K->186389K(465920K)] 756041K->654974K(1095680K), 0.0203151 secs] [Times: user=0.02 sys=0.00, real=0.02 secs] 
429.157: [GC (Allocation Failure) [PSYoungGen: 419349K->186100K(465920K)] 887934K->654838K(1095680K), 0.0202839 secs] [Times: user=0.03 sys=0.00, real=0.02 secs] 
431.208: [GC (Allocation Failure) [PSYoungGen: 419060K->86758K(465920K)] 887798K->555888K(1095680K), 0.0165244 secs] [Times: user=0.05 sys=0.00, real=0.02 secs] 
432.479: [GC (Allocation Failure) [PSYoungGen: 319718K->75631K(465920K)] 788848K->544955K(1095680K), 0.0112336 secs] [Times: user=0.02 sys=0.00, real=0.01 secs] 
432.770: [GC (Allocation Failure) [PSYoungGen: 308591K->184301K(465920K)] 777915K->654871K(1095680K), 0.0201363 secs] [Times: user=0.03 sys=0.00, real=0.02 secs] 
433.056: [GC (Allocation Failure) [PSYoungGen: 417261K->186261K(465920K)] 887831K->657104K(1095680K), 0.0204148 secs] [Times: user=0.02 sys=0.00, real=0.02 secs] 
434.633: [GC (Allocation Failure) [PSYoungGen: 419221K->68941K(465920K)] 890064K->540049K(1095680K), 0.0082480 secs] [Times: user=0.03 sys=0.01, real=0.00 secs] 
435.472: [GC (Allocation Failure) [PSYoungGen: 301901K->94202K(465920K)] 773009K->565620K(1095680K), 0.0131298 secs] [Times: user=0.02 sys=0.01, real=0.02 secs] 
435.762: [GC (Allocation Failure) [PSYoungGen: 327162K->186229K(465920K)] 798580K->658892K(1095680K), 0.0204775 secs] [Times: user=0.03 sys=0.00, real=0.02 secs] 
436.052: [GC (Allocation Failure) [PSYoungGen: 419189K->185875K(465920K)] 891852K->658812K(1095680K), 0.0207340 secs] [Times: user=0.02 sys=0.01, real=0.03 secs] 
437.491: [GC (Allocation Failure) [PSYoungGen: 418835K->48891K(465920K)] 891772K->522093K(1095680K), 0.0059498 secs] [Times: user=0.03 sys=0.00, real=0.01 secs] 
438.581: [GC (Allocation Failure) [PSYoungGen: 281851K->113609K(465920K)] 755053K->587118K(1095680K), 0.0130050 secs] [Times: user=0.01 sys=0.00, real=0.02 secs] 
438.856: [GC (Allocation Failure) [PSYoungGen: 346569K->184044K(465920K)] 820078K->658807K(1095680K), 0.0201550 secs] [Times: user=0.02 sys=0.01, real=0.02 secs] 
439.154: [GC (Allocation Failure) [PSYoungGen: 417004K->183337K(465920K)] 891767K->658373K(1095680K), 0.0200748 secs] [Times: user=0.03 sys=0.00, real=0.02 secs] 
441.427: [GC (Allocation Failure) [PSYoungGen: 416297K->34144K(465920K)] 891333K->509332K(1095680K), 0.0058402 secs] [Times: user=0.03 sys=0.00, real=0.01 secs] 
442.265: [GC (Allocation Failure) [PSYoungGen: 267104K->128261K(465920K)] 742292K->603626K(1095680K), 0.0145659 secs] [Times: user=0.03 sys=0.00, real=0.01 secs] 
442.543: [GC (Allocation Failure) [PSYoungGen: 361221K->184944K(465920K)] 836586K->661555K(1095680K), 0.0200998 secs] [Times: user=0.02 sys=0.00, real=0.02 secs] 
443.004: [GC (Allocation Failure) [PSYoungGen: 417904K->171018K(465920K)] 894515K->647910K(1095680K), 0.0201420 secs] [Times: user=0.03 sys=0.00, real=0.02 secs] 
444.171: [GC (Allocation Failure) [PSYoungGen: 403978K->96K(465920K)] 880870K->478433K(1095680K), 0.0024273 secs] [Times: user=0.01 sys=0.00, real=0.01 secs] 
444.952: [GC (Allocation Failure) [PSYoungGen: 233056K->144487K(465920K)] 711393K->622840K(1095680K), 0.0167968 secs] [Times: user=0.03 sys=0.00, real=0.02 secs] 
445.238: [GC (Allocation Failure) [PSYoungGen: 377447K->184301K(465920K)] 855800K->663901K(1095680K), 0.0200767 secs] [Times: user=0.02 sys=0.00, real=0.02 secs] 
445.865: [GC (Allocation Failure) [PSYoungGen: 417261K->161674K(465920K)] 896861K->641547K(1095680K), 0.0221931 secs] [Times: user=0.03 sys=0.00, real=0.02 secs] 
447.630: [GC (Allocation Failure) [PSYoungGen: 394634K->96K(465920K)] 874507K->481410K(1095680K), 0.0027272 secs] [Times: user=0.01 sys=0.00, real=0.01 secs] 
448.437: [GC (Allocation Failure) [PSYoungGen: 232958K->159749K(465920K)] 714272K->641087K(1095680K), 0.0175730 secs] [Times: user=0.02 sys=0.00, real=0.02 secs] 
448.772: [GC (Allocation Failure) [PSYoungGen: 392709K->184301K(465920K)] 874047K->666885K(1095680K), 0.0201577 secs] [Times: user=0.03 sys=0.00, real=0.02 secs] 
449.756: [GC (Allocation Failure) [PSYoungGen: 417261K->146348K(465920K)] 899845K->629205K(1095680K), 0.0192844 secs] [Times: user=0.03 sys=0.00, real=0.02 secs] 
450.745: [GC (Allocation Failure) [PSYoungGen: 379308K->96K(465920K)] 862165K->484382K(1095680K), 0.0022924 secs] [Times: user=0.01 sys=0.01, real=0.00 secs] 
451.087: [GC (Allocation Failure) [PSYoungGen: 233056K->175686K(465920K)] 717342K->659996K(1095680K), 0.0191973 secs] [Times: user=0.03 sys=0.00, real=0.02 secs] 
451.371: [GC (Allocation Failure) [PSYoungGen: 408646K->184398K(465920K)] 892956K->669954K(1095680K), 0.0201737 secs] [Times: user=0.03 sys=0.01, real=0.02 secs] 
453.643: [GC (Allocation Failure) [PSYoungGen: 417358K->122027K(465920K)] 902914K->607856K(1095680K), 0.0202197 secs] [Times: user=0.03 sys=0.00, real=0.03 secs] 
454.836: [GC (Allocation Failure) [PSYoungGen: 354987K->7674K(465920K)] 840816K->493807K(1095680K), 0.0031549 secs] [Times: user=0.01 sys=0.00, real=0.00 secs] 
455.125: [GC (Allocation Failure) [PSYoungGen: 240634K->186357K(465920K)] 726767K->673737K(1095680K), 0.0203176 secs] [Times: user=0.03 sys=0.00, real=0.02 secs] 
455.475: [GC (Allocation Failure) [PSYoungGen: 419317K->186132K(465920K)] 906697K->673793K(1095680K), 0.0202276 secs] [Times: user=0.02 sys=0.00, real=0.02 secs] 
457.564: [GC (Allocation Failure) [PSYoungGen: 419092K->102266K(465920K)] 906753K->590328K(1095680K), 0.0193752 secs] [Times: user=0.03 sys=0.00, real=0.02 secs] 
459.181: [GC (Allocation Failure) [PSYoungGen: 335226K->28109K(465920K)] 823288K->516360K(1095680K), 0.0065461 secs] [Times: user=0.02 sys=0.00, real=0.01 secs] 
459.504: [GC (Allocation Failure) [PSYoungGen: 261069K->186389K(465920K)] 749320K->675886K(1095680K), 0.0204985 secs] [Times: user=0.02 sys=0.00, real=0.02 secs] 
459.791: [GC (Allocation Failure) [PSYoungGen: 419349K->184205K(465920K)] 908846K->673982K(1095680K), 0.0201950 secs] [Times: user=0.03 sys=0.00, real=0.02 secs] 
461.035: [GC (Allocation Failure) [PSYoungGen: 409175K->83679K(465920K)] 898952K->573858K(1095680K), 0.0126380 secs] [Times: user=0.02 sys=0.00, real=0.01 secs] 
461.972: [GC (Allocation Failure) [PSYoungGen: 316639K->38134K(465920K)] 806818K->528488K(1095680K), 0.0054269 secs] [Times: user=0.01 sys=0.00, real=0.01 secs] 
462.240: [GC (Allocation Failure) [PSYoungGen: 271094K->184205K(465920K)] 761448K->675805K(1095680K), 0.0201905 secs] [Times: user=0.03 sys=0.00, real=0.02 secs] 
462.581: [GC (Allocation Failure) [PSYoungGen: 417165K->184590K(465920K)] 908765K->676463K(1095680K), 0.0202038 secs] [Times: user=0.03 sys=0.00, real=0.02 secs] 
463.805: [GC (Allocation Failure) [PSYoungGen: 401461K->75453K(465920K)] 893335K->567720K(1095680K), 0.0131541 secs] [Times: user=0.02 sys=0.00, real=0.01 secs] 
464.963: [GC (Allocation Failure) [PSYoungGen: 308413K->38005K(465920K)] 800680K->530441K(1095680K), 0.0053911 secs] [Times: user=0.01 sys=0.00, real=0.00 secs] 
465.293: [GC (Allocation Failure) [PSYoungGen: 270965K->184430K(465920K)] 763401K->678119K(1095680K), 0.0203113 secs] [Times: user=0.02 sys=0.00, real=0.03 secs] 
465.585: [GC (Allocation Failure) [PSYoungGen: 417390K->184687K(465920K)] 911079K->678649K(1095680K), 0.0201679 secs] [Times: user=0.03 sys=0.00, real=0.02 secs] 
466.663: [GC (Allocation Failure) [PSYoungGen: 417647K->107980K(465920K)] 911609K->602216K(1095680K), 0.0181357 secs] [Times: user=0.04 sys=0.00, real=0.01 secs] 
467.501: [GC (Allocation Failure) [PSYoungGen: 340940K->54842K(465920K)] 835176K->549377K(1095680K), 0.0071541 secs] [Times: user=0.01 sys=0.00, real=0.01 secs] 
467.771: [GC (Allocation Failure) [PSYoungGen: 287802K->184269K(465920K)] 782337K->680050K(1095680K), 0.0201090 secs] [Times: user=0.02 sys=0.00, real=0.02 secs] 
468.054: [GC (Allocation Failure) [PSYoungGen: 417229K->184622K(465920K)] 913010K->680684K(1095680K), 0.0201805 secs] [Times: user=0.02 sys=0.00, real=0.02 secs] 
469.135: [GC (Allocation Failure) [PSYoungGen: 417582K->91400K(465920K)] 913644K->587736K(1095680K), 0.0103504 secs] [Times: user=0.03 sys=0.00, real=0.01 secs] 
470.577: [GC (Allocation Failure) [PSYoungGen: 324360K->70711K(465920K)] 820696K->567354K(1095680K), 0.0086554 secs] [Times: user=0.01 sys=0.00, real=0.01 secs] 
470.848: [GC (Allocation Failure) [PSYoungGen: 303671K->184526K(465920K)] 800314K->682423K(1095680K), 0.0201123 secs] [Times: user=0.03 sys=0.00, real=0.02 secs] 
471.131: [GC (Allocation Failure) [PSYoungGen: 417486K->184173K(465920K)] 915383K->682350K(1095680K), 0.0206648 secs] [Times: user=0.03 sys=0.00, real=0.02 secs] 
472.346: [GC (Allocation Failure) [PSYoungGen: 417133K->75753K(465920K)] 915310K->574195K(1095680K), 0.0101508 secs] [Times: user=0.03 sys=0.00, real=0.01 secs] 
473.698: [GC (Allocation Failure) [PSYoungGen: 308671K->86362K(465920K)] 807114K->585120K(1095680K), 0.0101844 secs] [Times: user=0.02 sys=0.00, real=0.01 secs] 
473.971: [GC (Allocation Failure) [PSYoungGen: 319322K->184333K(465920K)] 818080K->684337K(1095680K), 0.0202448 secs] [Times: user=0.03 sys=0.00, real=0.02 secs] 
474.315: [GC (Allocation Failure) [PSYoungGen: 417293K->184526K(465920K)] 917297K->684811K(1095680K), 0.0202945 secs] [Times: user=0.02 sys=0.00, real=0.02 secs] 
477.295: [GC (Allocation Failure) [PSYoungGen: 417486K->59912K(465920K)] 917771K->560462K(1095680K), 0.0129068 secs] [Times: user=0.04 sys=0.00, real=0.01 secs] 
479.129: [GC (Allocation Failure) [PSYoungGen: 292872K->101913K(465920K)] 793422K->602787K(1095680K), 0.0118341 secs] [Times: user=0.02 sys=0.00, real=0.01 secs] 
479.464: [GC (Allocation Failure) [PSYoungGen: 334873K->183916K(465920K)] 835747K->686035K(1095680K), 0.0202172 secs] [Times: user=0.03 sys=0.00, real=0.02 secs] 
479.812: [GC (Allocation Failure) [PSYoungGen: 416876K->184526K(465920K)] 918995K->686935K(1095680K), 0.0202157 secs] [Times: user=0.02 sys=0.00, real=0.02 secs] 
482.024: [GC (Allocation Failure) [PSYoungGen: 417486K->44746K(465920K)] 919895K->547420K(1095680K), 0.0083121 secs] [Times: user=0.03 sys=0.01, real=0.01 secs] 
483.023: [GC (Allocation Failure) [PSYoungGen: 277706K->117336K(465920K)] 780380K->620318K(1095680K), 0.0134524 secs] [Times: user=0.02 sys=0.00, real=0.02 secs] 
483.298: [GC (Allocation Failure) [PSYoungGen: 350296K->184012K(465920K)] 853278K->688239K(1095680K), 0.0201232 secs] [Times: user=0.02 sys=0.00, real=0.02 secs] 
483.629: [GC (Allocation Failure) [PSYoungGen: 416972K->181114K(465920K)] 921199K->685614K(1095680K), 0.0224132 secs] [Times: user=0.03 sys=0.00, real=0.02 secs] 
484.831: [GC (Allocation Failure) [PSYoungGen: 414074K->32896K(465920K)] 918574K->538840K(1095680K), 0.0041709 secs] [Times: user=0.02 sys=0.00, real=0.01 secs] 
485.646: [GC (Allocation Failure) [PSYoungGen: 265856K->132405K(465920K)] 771800K->638366K(1095680K), 0.0149209 secs] [Times: user=0.02 sys=0.00, real=0.01 secs] 
485.921: [GC (Allocation Failure) [PSYoungGen: 365365K->182277K(465920K)] 871326K->689483K(1095680K), 0.0214986 secs] [Times: user=0.03 sys=0.00, real=0.02 secs] 
486.491: [GC (Allocation Failure) [PSYoungGen: 415237K->171684K(465920K)] 922443K->679155K(1095680K), 0.0277300 secs] [Times: user=0.04 sys=0.00, real=0.03 secs] 
487.680: [GC (Allocation Failure) [PSYoungGen: 404644K->96K(465920K)] 912115K->508884K(1095680K), 0.0022921 secs] [Times: user=0.01 sys=0.00, real=0.00 secs] 
488.250: [GC (Allocation Failure) [PSYoungGen: 233056K->146125K(465920K)] 741844K->654938K(1095680K), 0.0162515 secs] [Times: user=0.02 sys=0.00, real=0.02 secs] 
488.589: [GC (Allocation Failure) [PSYoungGen: 379085K->184815K(465920K)] 887898K->694873K(1095680K), 0.0203032 secs] [Times: user=0.02 sys=0.00, real=0.02 secs] 
489.205: [GC (Allocation Failure) [PSYoungGen: 417775K->159425K(465920K)] 927833K->669764K(1095680K), 0.0228133 secs] [Times: user=0.03 sys=0.00, real=0.02 secs] 
490.764: [GC (Allocation Failure) [PSYoungGen: 392385K->128K(465920K)] 902724K->511908K(1095680K), 0.0052541 secs] [Times: user=0.03 sys=0.00, real=0.00 secs] 
491.429: [GC (Allocation Failure) [PSYoungGen: 233088K->162191K(465920K)] 744868K->674004K(1095680K), 0.0178143 secs] [Times: user=0.03 sys=0.00, real=0.02 secs] 
491.769: [GC (Allocation Failure) [PSYoungGen: 395151K->183884K(465920K)] 906964K->696942K(1095680K), 0.0200501 secs] [Times: user=0.02 sys=0.00, real=0.02 secs] 
492.812: [GC (Allocation Failure) [PSYoungGen: 416844K->144276K(465920K)] 929902K->657599K(1095680K), 0.0261016 secs] [Times: user=0.04 sys=0.00, real=0.03 secs] 
495.387: [GC (Allocation Failure) [PSYoungGen: 377236K->96K(465920K)] 890559K->514861K(1095680K), 0.0030893 secs] [Times: user=0.01 sys=0.00, real=0.00 secs] 
495.831: [GC (Allocation Failure) [PSYoungGen: 233056K->177324K(465920K)] 747821K->692105K(1095680K), 0.0194274 secs] [Times: user=0.02 sys=0.00, real=0.02 secs] 
496.113: [GC (Allocation Failure) [PSYoungGen: 410284K->184269K(465920K)] 925065K->700296K(1095680K), 0.0201358 secs] [Times: user=0.02 sys=0.00, real=0.03 secs] 
497.771: [GC (Allocation Failure) [PSYoungGen: 417229K->120613K(465920K)] 933256K->636913K(1095680K), 0.0230911 secs] [Times: user=0.03 sys=0.00, real=0.03 secs] 
500.498: [GC (Allocation Failure) [PSYoungGen: 353573K->8991K(465920K)] 869873K->525609K(1095680K), 0.0048720 secs] [Times: user=0.02 sys=0.00, real=0.01 secs] 
500.834: [GC (Allocation Failure) [PSYoungGen: 241951K->186550K(465920K)] 758569K->704550K(1095680K), 0.0204999 secs] [Times: user=0.03 sys=0.00, real=0.02 secs] 
501.174: [GC (Allocation Failure) [PSYoungGen: 419510K->186132K(465920K)] 937510K->704277K(1095680K), 0.0204386 secs] [Times: user=0.02 sys=0.00, real=0.02 secs] 
501.803: [GC (Allocation Failure) [PSYoungGen: 419092K->100836K(465920K)] 937237K->619246K(1095680K), 0.0146129 secs] [Times: user=0.03 sys=0.00, real=0.01 secs] 
503.362: [GC (Allocation Failure) [PSYoungGen: 333796K->29555K(465920K)] 852206K->548275K(1095680K), 0.0057077 secs] [Times: user=0.02 sys=0.00, real=0.01 secs] 
503.649: [GC (Allocation Failure) [PSYoungGen: 262515K->185683K(465920K)] 781235K->705657K(1095680K), 0.0203455 secs] [Times: user=0.03 sys=0.00, real=0.02 secs] 
503.990: [GC (Allocation Failure) [PSYoungGen: 418643K->184430K(465920K)] 938617K->704684K(1095680K), 0.0203917 secs] [Times: user=0.03 sys=0.00, real=0.02 secs] 
505.273: [GC (Allocation Failure) [PSYoungGen: 408259K->82682K(465920K)] 928513K->603202K(1095680K), 0.0121668 secs] [Times: user=0.03 sys=0.00, real=0.01 secs] 
506.232: [GC (Allocation Failure) [PSYoungGen: 315642K->38291K(465920K)] 836162K->559135K(1095680K), 0.0054543 secs] [Times: user=0.02 sys=0.00, real=0.01 secs] 
506.507: [GC (Allocation Failure) [PSYoungGen: 271251K->184430K(465920K)] 792095K->706519K(1095680K), 0.0206153 secs] [Times: user=0.03 sys=0.00, real=0.02 secs] 
506.797: [GC (Allocation Failure) [PSYoungGen: 417390K->186518K(465920K)] 939479K->708880K(1095680K), 0.0205423 secs] [Times: user=0.02 sys=0.00, real=0.02 secs] 
508.010: [GC (Allocation Failure) [PSYoungGen: 419478K->105924K(465920K)] 941840K->628551K(1095680K), 0.0278694 secs] [Times: user=0.06 sys=0.00, real=0.03 secs] 
508.882: [GC (Allocation Failure) [PSYoungGen: 338784K->57187K(465920K)] 861411K->580122K(1095680K), 0.0074093 secs] [Times: user=0.01 sys=0.00, real=0.01 secs] 
509.214: [GC (Allocation Failure) [PSYoungGen: 290147K->184655K(465920K)] 813082K->708843K(1095680K), 0.0202263 secs] [Times: user=0.03 sys=0.00, real=0.02 secs] 
509.497: [GC (Allocation Failure) [PSYoungGen: 417615K->184430K(465920K)] 941803K->708891K(1095680K), 0.0203988 secs] [Times: user=0.02 sys=0.00, real=0.02 secs] 
511.843: [GC (Allocation Failure) [PSYoungGen: 417390K->88846K(465920K)] 941851K->613589K(1095680K), 0.0242602 secs] [Times: user=0.07 sys=0.00, real=0.02 secs] 
513.395: [GC (Allocation Failure) [PSYoungGen: 321806K->73124K(465920K)] 846549K->598191K(1095680K), 0.0091782 secs] [Times: user=0.01 sys=0.00, real=0.01 secs] 
513.667: [GC (Allocation Failure) [PSYoungGen: 306084K->184333K(465920K)] 831151K->710637K(1095680K), 0.0201020 secs] [Times: user=0.02 sys=0.00, real=0.02 secs] 
513.952: [GC (Allocation Failure) [PSYoungGen: 417293K->183723K(465920K)] 943597K->710308K(1095680K), 0.0201682 secs] [Times: user=0.03 sys=0.01, real=0.02 secs] 
515.867: [GC (Allocation Failure) [PSYoungGen: 416683K->73889K(465920K)] 943268K->600748K(1095680K), 0.0188955 secs] [Times: user=0.06 sys=0.00, real=0.02 secs] 
517.204: [GC (Allocation Failure) [PSYoungGen: 306849K->88161K(465920K)] 833708K->615328K(1095680K), 0.0104407 secs] [Times: user=0.02 sys=0.00, real=0.01 secs] 
517.477: [GC (Allocation Failure) [PSYoungGen: 321121K->184173K(465920K)] 848288K->712585K(1095680K), 0.0201757 secs] [Times: user=0.03 sys=0.00, real=0.02 secs] 
517.760: [GC (Allocation Failure) [PSYoungGen: 417133K->184430K(465920K)] 945545K->713123K(1095680K), 0.0202959 secs] [Times: user=0.02 sys=0.00, real=0.02 secs] 
520.463: [GC (Allocation Failure) [PSYoungGen: 417390K->58386K(465920K)] 946083K->587344K(1095680K), 0.0108596 secs] [Times: user=0.04 sys=0.00, real=0.01 secs] 
521.835: [GC (Allocation Failure) [PSYoungGen: 291346K->103745K(465920K)] 820304K->633029K(1095680K), 0.0120403 secs] [Times: user=0.01 sys=0.00, real=0.01 secs] 
522.110: [GC (Allocation Failure) [PSYoungGen: 336705K->184141K(465920K)] 865989K->714670K(1095680K), 0.0201051 secs] [Times: user=0.02 sys=0.00, real=0.02 secs] 
522.393: [GC (Allocation Failure) [PSYoungGen: 417101K->184590K(465920K)] 947630K->715393K(1095680K), 0.0204169 secs] [Times: user=0.03 sys=0.00, real=0.02 secs] 
525.352: [GC (Allocation Failure) [PSYoungGen: 417550K->42722K(465920K)] 948353K->573918K(1095680K), 0.0052378 secs] [Times: user=0.03 sys=0.00, real=0.01 secs] 
526.441: [GC (Allocation Failure) [PSYoungGen: 275682K->118940K(465920K)] 806878K->650323K(1095680K), 0.0136516 secs] [Times: user=0.02 sys=0.00, real=0.02 secs] 
526.718: [GC (Allocation Failure) [PSYoungGen: 351900K->184719K(465920K)] 883283K->717348K(1095680K), 0.0201451 secs] [Times: user=0.03 sys=0.00, real=0.02 secs] 
527.207: [GC (Allocation Failure) [PSYoungGen: 417679K->179153K(465920K)] 950308K->712055K(1095680K), 0.0287858 secs] [Times: user=0.04 sys=0.00, real=0.03 secs] 
531.323: [GC (Allocation Failure) [PSYoungGen: 412113K->32928K(465920K)] 945015K->567279K(1095680K), 0.0056806 secs] [Times: user=0.03 sys=0.00, real=0.00 secs] 
532.234: [GC (Allocation Failure) [PSYoungGen: 265888K->136293K(465920K)] 800239K->670669K(1095680K), 0.0153007 secs] [Times: user=0.02 sys=0.00, real=0.01 secs] 
532.514: [GC (Allocation Failure) [PSYoungGen: 369253K->186100K(465920K)] 903629K->721730K(1095680K), 0.0204495 secs] [Times: user=0.03 sys=0.00, real=0.02 secs] 
533.093: [GC (Allocation Failure) [PSYoungGen: 419060K->164004K(465920K)] 954690K->699907K(1095680K), 0.0216399 secs] [Times: user=0.03 sys=0.00, real=0.02 secs] 
534.620: [GC (Allocation Failure) [PSYoungGen: 396964K->128K(465920K)] 932867K->537484K(1095680K), 0.0025312 secs] [Times: user=0.01 sys=0.00, real=0.00 secs] 
535.085: [GC (Allocation Failure) [PSYoungGen: 233088K->154383K(465920K)] 770444K->691747K(1095680K), 0.0171057 secs] [Times: user=0.02 sys=0.00, real=0.01 secs] 
535.370: [GC (Allocation Failure) [PSYoungGen: 387343K->184462K(465920K)] 924707K->723072K(1095680K), 0.0202216 secs] [Times: user=0.03 sys=0.00, real=0.02 secs] 
536.167: [GC (Allocation Failure) [PSYoungGen: 417422K->147457K(465920K)] 956032K->686348K(1095680K), 0.0196498 secs] [Times: user=0.03 sys=0.00, real=0.02 secs] 
538.337: [GC (Allocation Failure) [PSYoungGen: 380417K->64K(465920K)] 919308K->540411K(1095680K), 0.0043916 secs] [Times: user=0.02 sys=0.00, real=0.00 secs] 
538.926: [GC (Allocation Failure) [PSYoungGen: 233024K->169420K(465920K)] 773371K->709783K(1095680K), 0.0186618 secs] [Times: user=0.03 sys=0.00, real=0.02 secs] 
539.208: [GC (Allocation Failure) [PSYoungGen: 402380K->184462K(465920K)] 942743K->726207K(1095680K), 0.0201484 secs] [Times: user=0.02 sys=0.00, real=0.02 secs] 
539.781: [GC (Allocation Failure) [PSYoungGen: 417422K->128340K(465920K)] 959167K->670351K(1095680K), 0.0157964 secs] [Times: user=0.03 sys=0.00, real=0.02 secs] 
540.949: [GC (Allocation Failure) [PSYoungGen: 361300K->1473K(465920K)] 903311K->543662K(1095680K), 0.0023058 secs] [Times: user=0.01 sys=0.00, real=0.00 secs] 
541.236: [GC (Allocation Failure) [PSYoungGen: 234433K->183690K(465920K)] 776622K->727126K(1095680K), 0.0201273 secs] [Times: user=0.02 sys=0.00, real=0.02 secs] 
541.521: [GC (Allocation Failure) [PSYoungGen: 416650K->184430K(465920K)] 960086K->728146K(1095680K), 0.0202336 secs] [Times: user=0.02 sys=0.00, real=0.02 secs] 
542.987: [GC (Allocation Failure) [PSYoungGen: 417390K->112837K(465920K)] 961106K->656826K(1095680K), 0.0310117 secs] [Times: user=0.05 sys=0.00, real=0.03 secs] 
545.301: [GC (Allocation Failure) [PSYoungGen: 345797K->16895K(465920K)] 889786K->561192K(1095680K), 0.0056069 secs] [Times: user=0.02 sys=0.00, real=0.01 secs] 
545.624: [GC (Allocation Failure) [PSYoungGen: 249855K->186389K(465920K)] 794152K->731940K(1095680K), 0.0205510 secs] [Times: user=0.02 sys=0.00, real=0.02 secs] 
545.914: [GC (Allocation Failure) [PSYoungGen: 419349K->185972K(465920K)] 964900K->731924K(1095680K), 0.0204635 secs] [Times: user=0.03 sys=0.00, real=0.02 secs] 
547.745: [GC (Allocation Failure) [PSYoungGen: 418932K->93093K(465920K)] 964884K->639197K(1095680K), 0.0233854 secs] [Times: user=0.04 sys=0.00, real=0.02 secs] 
550.567: [GC (Allocation Failure) [PSYoungGen: 325996K->36109K(465920K)] 872101K->582522K(1095680K), 0.0072466 secs] [Times: user=0.02 sys=0.00, real=0.01 secs] 
550.878: [GC (Allocation Failure) [PSYoungGen: 269069K->186261K(465920K)] 815482K->733935K(1095680K), 0.0204131 secs] [Times: user=0.03 sys=0.00, real=0.02 secs] 
551.162: [GC (Allocation Failure) [PSYoungGen: 419221K->185972K(465920K)] 966895K->733927K(1095680K), 0.0203564 secs] [Times: user=0.03 sys=0.00, real=0.03 secs] 
552.322: [GC (Allocation Failure) [PSYoungGen: 418932K->106855K(465920K)] 966887K->655075K(1095680K), 0.0120267 secs] [Times: user=0.02 sys=0.00, real=0.02 secs] 
553.554: [GC (Allocation Failure) [PSYoungGen: 339815K->55227K(465920K)] 888035K->603745K(1095680K), 0.0071576 secs] [Times: user=0.01 sys=0.00, real=0.00 secs] 
553.825: [GC (Allocation Failure) [PSYoungGen: 288187K->184558K(465920K)] 836705K->734322K(1095680K), 0.0202028 secs] [Times: user=0.03 sys=0.00, real=0.02 secs] 
554.116: [GC (Allocation Failure) [PSYoungGen: 417518K->186357K(465920K)] 967282K->736394K(1095680K), 0.0204132 secs] [Times: user=0.03 sys=0.00, real=0.02 secs] 
554.871: [GC (Allocation Failure) [PSYoungGen: 419317K->88959K(465920K)] 969354K->639260K(1095680K), 0.0104292 secs] [Times: user=0.03 sys=0.00, real=0.01 secs] 
555.626: [GC (Allocation Failure) [PSYoungGen: 321919K->73767K(465920K)] 872220K->624384K(1095680K), 0.0091184 secs] [Times: user=0.01 sys=0.00, real=0.01 secs] 
555.961: [GC (Allocation Failure) [PSYoungGen: 306727K->184462K(465920K)] 857344K->736332K(1095680K), 0.0202453 secs] [Times: user=0.03 sys=0.00, real=0.02 secs] 
556.242: [GC (Allocation Failure) [PSYoungGen: 417422K->184141K(465920K)] 969292K->736284K(1095680K), 0.0200884 secs] [Times: user=0.02 sys=0.00, real=0.02 secs] 
557.071: [GC (Allocation Failure) [PSYoungGen: 417101K->72765K(465920K)] 969244K->625173K(1095680K), 0.0085840 secs] [Times: user=0.02 sys=0.00, real=0.01 secs] 
557.812: [GC (Allocation Failure) [PSYoungGen: 305725K->89993K(465920K)] 858133K->642707K(1095680K), 0.0108136 secs] [Times: user=0.02 sys=0.00, real=0.02 secs] 
558.088: [GC (Allocation Failure) [PSYoungGen: 322953K->184301K(465920K)] 875667K->738253K(1095680K), 0.0201515 secs] [Times: user=0.02 sys=0.00, real=0.02 secs] 
558.370: [GC (Allocation Failure) [PSYoungGen: 417261K->184526K(465920K)] 971213K->738751K(1095680K), 0.0202385 secs] [Times: user=0.03 sys=0.00, real=0.02 secs] 
560.085: [GC (Allocation Failure) [PSYoungGen: 417486K->56346K(465920K)] 971711K->610836K(1095680K), 0.0074957 secs] [Times: user=0.02 sys=0.00, real=0.00 secs] 
561.117: [GC (Allocation Failure) [PSYoungGen: 289306K->105416K(465920K)] 843796K->660230K(1095680K), 0.0122366 secs] [Times: user=0.02 sys=0.00, real=0.01 secs] 
561.391: [GC (Allocation Failure) [PSYoungGen: 338376K->184205K(465920K)] 893190K->740273K(1095680K), 0.0203402 secs] [Times: user=0.02 sys=0.00, real=0.02 secs] 
561.675: [GC (Allocation Failure) [PSYoungGen: 417165K->184558K(465920K)] 973233K->740907K(1095680K), 0.0202317 secs] [Times: user=0.02 sys=0.00, real=0.02 secs] 
562.737: [GC (Allocation Failure) [PSYoungGen: 417518K->41051K(465920K)] 973867K->597665K(1095680K), 0.0051554 secs] [Times: user=0.02 sys=0.00, real=0.00 secs] 
563.291: [GC (Allocation Failure) [PSYoungGen: 274011K->121609K(465920K)] 830625K->678547K(1095680K), 0.0139218 secs] [Times: user=0.02 sys=0.01, real=0.02 secs] 
563.567: [GC (Allocation Failure) [PSYoungGen: 354569K->184141K(465920K)] 911507K->742460K(1095680K), 0.0202575 secs] [Times: user=0.03 sys=0.00, real=0.02 secs] 
564.302: [GC (Allocation Failure) [PSYoungGen: 417101K->177448K(465920K)] 975420K->735904K(1095680K), 0.0473990 secs] [Times: user=0.07 sys=0.00, real=0.05 secs] 
567.077: [GC (Allocation Failure) [PSYoungGen: 410408K->128K(465920K)] 968864K->560042K(1095680K), 0.0029501 secs] [Times: user=0.02 sys=0.00, real=0.00 secs] 
567.841: [GC (Allocation Failure) [PSYoungGen: 233088K->136775K(465920K)] 793002K->696721K(1095680K), 0.0153221 secs] [Times: user=0.03 sys=0.00, real=0.02 secs] 
568.127: [GC (Allocation Failure) [PSYoungGen: 369735K->184205K(465920K)] 929681K->745533K(1095680K), 0.0202252 secs] [Times: user=0.03 sys=0.00, real=0.02 secs] 
568.713: [GC (Allocation Failure) [PSYoungGen: 417165K->163306K(465920K)] 978493K->724779K(1095680K), 0.0218680 secs] [Times: user=0.03 sys=0.00, real=0.02 secs] 
569.771: [GC (Allocation Failure) [PSYoungGen: 396266K->128K(465920K)] 957739K->563040K(1095680K), 0.0026022 secs] [Times: user=0.01 sys=0.00, real=0.01 secs] 
570.330: [GC (Allocation Failure) [PSYoungGen: 233088K->152262K(465920K)] 796000K->715207K(1095680K), 0.0171368 secs] [Times: user=0.02 sys=0.00, real=0.02 secs] 
570.609: [GC (Allocation Failure) [PSYoungGen: 385222K->184333K(465920K)] 948167K->748532K(1095680K), 0.0201972 secs] [Times: user=0.03 sys=0.00, real=0.02 secs] 
571.475: [GC (Allocation Failure) [PSYoungGen: 417293K->153899K(465920K)] 981492K->718362K(1095680K), 0.0207213 secs] [Times: user=0.03 sys=0.00, real=0.02 secs] 
573.533: [GC (Allocation Failure) [PSYoungGen: 386859K->64K(465920K)] 951322K->565957K(1095680K), 0.0026167 secs] [Times: user=0.01 sys=0.00, real=0.00 secs] 
573.932: [GC (Allocation Failure) [PSYoungGen: 233024K->167589K(465920K)] 798917K->733498K(1095680K), 0.0184999 secs] [Times: user=0.03 sys=0.00, real=0.02 secs] 
574.215: [GC (Allocation Failure) [PSYoungGen: 400549K->184462K(465920K)] 966458K->751616K(1095680K), 0.0203607 secs] [Times: user=0.02 sys=0.00, real=0.02 secs] 
575.829: [GC (Allocation Failure) [PSYoungGen: 417422K->130187K(465920K)] 984576K->697615K(1095680K), 0.0365186 secs] [Times: user=0.05 sys=0.00, real=0.04 secs] 
577.415: [GC (Allocation Failure) [PSYoungGen: 363147K->128K(465920K)] 930575K->568993K(1095680K), 0.0030540 secs] [Times: user=0.02 sys=0.00, real=0.00 secs] 
577.801: [GC (Allocation Failure) [PSYoungGen: 233088K->182016K(465920K)] 801953K->750921K(1095680K), 0.0198451 secs] [Times: user=0.02 sys=0.00, real=0.02 secs] 
578.084: [GC (Allocation Failure) [PSYoungGen: 414976K->184526K(465920K)] 983881K->754806K(1095680K), 0.0202705 secs] [Times: user=0.03 sys=0.00, real=0.02 secs] 
578.685: [GC (Allocation Failure) [PSYoungGen: 417486K->115632K(465920K)] 987766K->686065K(1095680K), 0.0164680 secs] [Times: user=0.02 sys=0.01, real=0.01 secs] 
579.580: [GC (Allocation Failure) [PSYoungGen: 348592K->14357K(465920K)] 919025K->585097K(1095680K), 0.0038659 secs] [Times: user=0.01 sys=0.00, real=0.01 secs] 
579.924: [GC (Allocation Failure) [PSYoungGen: 247317K->183755K(465920K)] 818057K->755757K(1095680K), 0.0201522 secs] [Times: user=0.03 sys=0.00, real=0.02 secs] 
580.263: [GC (Allocation Failure) [PSYoungGen: 416715K->184301K(465920K)] 988717K->756584K(1095680K), 0.0201841 secs] [Times: user=0.02 sys=0.00, real=0.03 secs] 
581.604: [GC (Allocation Failure) [PSYoungGen: 417261K->99937K(465920K)] 989544K->672484K(1095680K), 0.0190668 secs] [Times: user=0.03 sys=0.00, real=0.02 secs] 
583.783: [GC (Allocation Failure) [PSYoungGen: 332897K->29234K(465920K)] 905444K->602081K(1095680K), 0.0067139 secs] [Times: user=0.02 sys=0.00, real=0.00 secs] 
584.103: [GC (Allocation Failure) [PSYoungGen: 262194K->184558K(465920K)] 835041K->758659K(1095680K), 0.0203118 secs] [Times: user=0.03 sys=0.00, real=0.03 secs] 
584.390: [GC (Allocation Failure) [PSYoungGen: 417518K->183916K(465920K)] 991619K->758298K(1095680K), 0.0202363 secs] [Times: user=0.03 sys=0.00, real=0.02 secs] 
585.945: [GC (Allocation Failure) [PSYoungGen: 410907K->84610K(465920K)] 985289K->659265K(1095680K), 0.0128264 secs] [Times: user=0.02 sys=0.00, real=0.01 secs] 
587.182: [GC (Allocation Failure) [PSYoungGen: 317570K->37748K(465920K)] 892225K->612721K(1095680K), 0.0060624 secs] [Times: user=0.02 sys=0.00, real=0.01 secs] 
587.450: [GC (Allocation Failure) [PSYoungGen: 270708K->183787K(465920K)] 845681K->760014K(1095680K), 0.0201908 secs] [Times: user=0.03 sys=0.00, real=0.02 secs] 
587.733: [GC (Allocation Failure) [PSYoungGen: 416747K->184623K(465920K)] 992974K->761122K(1095680K), 0.0204076 secs] [Times: user=0.03 sys=0.00, real=0.02 secs] 
588.479: [GC (Allocation Failure) [PSYoungGen: 417583K->108864K(465920K)] 994082K->685629K(1095680K), 0.0145578 secs] [Times: user=0.03 sys=0.00, real=0.02 secs] 
589.611: [GC (Allocation Failure) [PSYoungGen: 341824K->53746K(465920K)] 918589K->630827K(1095680K), 0.0071392 secs] [Times: user=0.02 sys=0.00, real=0.01 secs] 
589.881: [GC (Allocation Failure) [PSYoungGen: 286706K->184847K(465920K)] 863787K->763181K(1095680K), 0.0203621 secs] [Times: user=0.02 sys=0.00, real=0.02 secs] 
590.164: [GC (Allocation Failure) [PSYoungGen: 417807K->184237K(465920K)] 996141K->762852K(1095680K), 0.0204280 secs] [Times: user=0.03 sys=0.00, real=0.02 secs] 
592.202: [GC (Allocation Failure) [PSYoungGen: 417197K->92429K(465920K)] 995812K->671309K(1095680K), 0.0233488 secs] [Times: user=0.06 sys=0.00, real=0.03 secs] 
594.136: [GC (Allocation Failure) [PSYoungGen: 325389K->69493K(465920K)] 904269K->648687K(1095680K), 0.0104583 secs] [Times: user=0.02 sys=0.00, real=0.01 secs] 
594.512: [GC (Allocation Failure) [PSYoungGen: 302453K->186518K(465920K)] 881647K->766966K(1095680K), 0.0206205 secs] [Times: user=0.02 sys=0.00, real=0.02 secs] 
594.854: [GC (Allocation Failure) [PSYoungGen: 419478K->186068K(465920K)] 999926K->766789K(1095680K), 0.0205649 secs] [Times: user=0.02 sys=0.00, real=0.02 secs] 
595.679: [GC (Allocation Failure) [PSYoungGen: 419028K->73022K(465920K)] 999749K->654007K(1095680K), 0.0091912 secs] [Times: user=0.03 sys=0.00, real=0.01 secs] 
596.341: [GC (Allocation Failure) [PSYoungGen: 305982K->90892K(465920K)] 886967K->672192K(1095680K), 0.0108828 secs] [Times: user=0.02 sys=0.00, real=0.01 secs] 
596.674: [GC (Allocation Failure) [PSYoungGen: 323852K->185747K(465920K)] 905152K->768420K(1095680K), 0.0204656 secs] [Times: user=0.02 sys=0.00, real=0.02 secs] 
596.960: [GC (GCLocker Initiated GC) [PSYoungGen: 418707K->184558K(465920K)] 1001380K->767384K(1095680K), 0.0202076 secs] [Times: user=0.03 sys=0.00, real=0.02 secs] 
598.893: [GC (Allocation Failure) [PSYoungGen: 417518K->54000K(465920K)] 1000347K->637102K(1095680K), 0.0073084 secs] [Times: user=0.02 sys=0.00, real=0.01 secs] 
600.365: [GC (Allocation Failure) [PSYoungGen: 286960K->107857K(465920K)] 870062K->691185K(1095680K), 0.0126008 secs] [Times: user=0.02 sys=0.00, real=0.01 secs] 
600.640: [GC (Allocation Failure) [PSYoungGen: 340817K->184205K(465920K)] 924145K->768794K(1095680K), 0.0202889 secs] [Times: user=0.02 sys=0.00, real=0.02 secs] 
600.928: [GC (Allocation Failure) [PSYoungGen: 417165K->184366K(465920K)] 1001754K->769356K(1095680K), 0.0203093 secs] [Times: user=0.03 sys=0.00, real=0.02 secs] 
602.173: [GC (Allocation Failure) [PSYoungGen: 417326K->38738K(465920K)] 1002316K->623865K(1095680K), 0.0060804 secs] [Times: user=0.02 sys=0.00, real=0.00 secs] 
603.498: [GC (Allocation Failure) [PSYoungGen: 271698K->123794K(465920K)] 856825K->709235K(1095680K), 0.0141764 secs] [Times: user=0.03 sys=0.00, real=0.01 secs] 
603.830: [GC (Allocation Failure) [PSYoungGen: 356754K->184462K(465920K)] 942195K->771156K(1095680K), 0.0205123 secs] [Times: user=0.03 sys=0.00, real=0.02 secs] 
604.191: [GC (Allocation Failure) [PSYoungGen: 417422K->175006K(465920K)] 1004116K->761974K(1095680K), 0.0222446 secs] [Times: user=0.03 sys=0.00, real=0.03 secs] 
605.086: [GC (Allocation Failure) [PSYoungGen: 407966K->128K(465920K)] 994934K->588535K(1095680K), 0.0024219 secs] [Times: user=0.01 sys=0.00, real=0.00 secs] 
605.598: [GC (Allocation Failure) [PSYoungGen: 233088K->141688K(465920K)] 821495K->730119K(1095680K), 0.0158909 secs] [Times: user=0.02 sys=0.00, real=0.02 secs] 
605.878: [GC (Allocation Failure) [PSYoungGen: 374648K->186100K(465920K)] 963079K->775785K(1095680K), 0.0203459 secs] [Times: user=0.03 sys=0.00, real=0.02 secs] 
606.275: [GC (Allocation Failure) [PSYoungGen: 419060K->162638K(465920K)] 1008745K->752604K(1095680K), 0.0190958 secs] [Times: user=0.02 sys=0.00, real=0.02 secs] 
607.823: [GC (Allocation Failure) [PSYoungGen: 395598K->96K(465920K)] 985564K->591501K(1095680K), 0.0035376 secs] [Times: user=0.02 sys=0.00, real=0.00 secs] 
608.541: [GC (Allocation Failure) [PSYoungGen: 233056K->160938K(465920K)] 824461K->752359K(1095680K), 0.0176912 secs] [Times: user=0.02 sys=0.00, real=0.02 secs] 
608.822: [GC (Allocation Failure) [PSYoungGen: 393898K->184494K(465920K)] 985319K->777169K(1095680K), 0.0202018 secs] [Times: user=0.03 sys=0.00, real=0.02 secs] 
609.339: [GC (Allocation Failure) [PSYoungGen: 417454K->145031K(465920K)] 1010129K->738108K(1095680K), 0.0174821 secs] [Times: user=0.03 sys=0.00, real=0.02 secs] 
610.363: [GC (Allocation Failure) [PSYoungGen: 377991K->96K(465920K)] 971068K->594488K(1095680K), 0.0026626 secs] [Times: user=0.01 sys=0.00, real=0.00 secs] 
610.688: [GC (Allocation Failure) [PSYoungGen: 233056K->180120K(465920K)] 827448K->774544K(1095680K), 0.0198584 secs] [Times: user=0.02 sys=0.00, real=0.02 secs] 
610.972: [GC (Allocation Failure) [PSYoungGen: 413080K->185811K(465920K)] 1007504K->781481K(1095680K), 0.0204400 secs] [Times: user=0.03 sys=0.00, real=0.02 secs] 
611.897: [GC (Allocation Failure) [PSYoungGen: 418771K->116243K(465920K)] 1014441K->712202K(1095680K), 0.0170718 secs] [Times: user=0.03 sys=0.00, real=0.02 secs] 
614.190: [GC (Allocation Failure) [PSYoungGen: 349203K->14100K(465920K)] 945162K->610373K(1095680K), 0.0068090 secs] [Times: user=0.02 sys=0.00, real=0.01 secs] 
614.612: [GC (Allocation Failure) [PSYoungGen: 247060K->185747K(465920K)] 843333K->783273K(1095680K), 0.0204428 secs] [Times: user=0.03 sys=0.00, real=0.03 secs] 
614.955: [GC (Allocation Failure) [PSYoungGen: 418707K->184462K(465920K)] 1016233K->782261K(1095680K), 0.0204269 secs] [Times: user=0.03 sys=0.00, real=0.02 secs] 
616.827: [GC (Allocation Failure) [PSYoungGen: 417422K->98153K(465920K)] 1015221K->696354K(1095680K), 0.0224439 secs] [Times: user=0.04 sys=0.00, real=0.02 secs] 
618.946: [GC (Allocation Failure) [PSYoungGen: 331113K->32604K(465920K)] 929314K->630979K(1095680K), 0.0068293 secs] [Times: user=0.02 sys=0.00, real=0.00 secs] 
619.262: [GC (Allocation Failure) [PSYoungGen: 265564K->185715K(465920K)] 863939K->785471K(1095680K), 0.0205075 secs] [Times: user=0.03 sys=0.00, real=0.02 secs] 
619.615: [GC (Allocation Failure) [PSYoungGen: 418675K->184398K(465920K)] 1018431K->784298K(1095680K), 0.0202724 secs] [Times: user=0.03 sys=0.00, real=0.02 secs] 
620.823: [GC (Allocation Failure) [PSYoungGen: 404544K->79598K(465920K)] 1004445K->679788K(1095680K), 0.0134285 secs] [Times: user=0.02 sys=0.00, real=0.01 secs] 
621.847: [GC (Allocation Failure) [PSYoungGen: 312558K->38005K(465920K)] 912748K->638509K(1095680K), 0.0055534 secs] [Times: user=0.02 sys=0.00, real=0.01 secs] 
622.178: [GC (Allocation Failure) [PSYoungGen: 270965K->184719K(465920K)] 871469K->786476K(1095680K), 0.0205443 secs] [Times: user=0.02 sys=0.00, real=0.02 secs] 
622.461: [GC (Allocation Failure) [PSYoungGen: 417679K->184141K(465920K)] 1019436K->786171K(1095680K), 0.0201320 secs] [Times: user=0.03 sys=0.00, real=0.02 secs] 
624.097: [GC (Allocation Failure) [PSYoungGen: 417101K->108285K(465920K)] 1019131K->710580K(1095680K), 0.0183427 secs] [Times: user=0.05 sys=0.00, real=0.02 secs] 
625.019: [GC (Allocation Failure) [PSYoungGen: 341245K->54360K(465920K)] 943540K->656969K(1095680K), 0.0071346 secs] [Times: user=0.02 sys=0.00, real=0.01 secs] 
625.349: [GC (Allocation Failure) [PSYoungGen: 287320K->186518K(465920K)] 889929K->790373K(1095680K), 0.0205705 secs] [Times: user=0.03 sys=0.00, real=0.02 secs] 
625.635: [GC (Allocation Failure) [PSYoungGen: 419478K->186068K(465920K)] 1023333K->790325K(1095680K), 0.0205520 secs] [Times: user=0.03 sys=0.00, real=0.02 secs] 
626.449: [GC (Allocation Failure) [PSYoungGen: 419028K->88219K(465920K)] 1023285K->692741K(1095680K), 0.0107348 secs] [Times: user=0.03 sys=0.00, real=0.01 secs] 
627.416: [GC (Allocation Failure) [PSYoungGen: 321179K->75052K(465920K)] 925701K->679758K(1095680K), 0.0091772 secs] [Times: user=0.02 sys=0.00, real=0.01 secs] 
627.750: [GC (Allocation Failure) [PSYoungGen: 308012K->186389K(465920K)] 912718K->792350K(1095680K), 0.0204756 secs] [Times: user=0.02 sys=0.00, real=0.02 secs] 
628.098: [GC (Allocation Failure) [PSYoungGen: 419349K->185972K(465920K)] 1025310K->792205K(1095680K), 0.0205273 secs] [Times: user=0.03 sys=0.00, real=0.02 secs] 
629.832: [GC (Allocation Failure) [PSYoungGen: 418932K->67752K(465920K)] 1025165K->674250K(1095680K), 0.0115667 secs] [Times: user=0.04 sys=0.00, real=0.02 secs] 
631.092: [GC (Allocation Failure) [PSYoungGen: 300712K->95519K(465920K)] 907210K->702340K(1095680K), 0.0113184 secs] [Times: user=0.01 sys=0.00, real=0.02 secs] 
631.426: [GC (Allocation Failure) [PSYoungGen: 328479K->184558K(465920K)] 935300K->792632K(1095680K), 0.0204162 secs] [Times: user=0.03 sys=0.00, real=0.02 secs] 
631.713: [GC (Allocation Failure) [PSYoungGen: 417518K->186325K(465920K)] 1025592K->794681K(1095680K), 0.0207681 secs] [Times: user=0.03 sys=0.00, real=0.02 secs] 
634.532: [GC (Allocation Failure) [PSYoungGen: 419285K->48731K(465920K)] 1027641K->657351K(1095680K), 0.0108597 secs] [Times: user=0.04 sys=0.00, real=0.01 secs] 
635.939: [GC (Allocation Failure) [PSYoungGen: 281691K->113352K(465920K)] 890311K->722286K(1095680K), 0.0130734 secs] [Times: user=0.02 sys=0.00, real=0.01 secs] 
636.215: [GC (Allocation Failure) [PSYoungGen: 346312K->184205K(465920K)] 955246K->794384K(1095680K), 0.0202258 secs] [Times: user=0.03 sys=0.00, real=0.02 secs] 
636.498: [GC (Allocation Failure) [PSYoungGen: 417165K->183433K(465920K)] 1027344K->793894K(1095680K), 0.0201958 secs] [Times: user=0.02 sys=0.00, real=0.02 secs] 
637.772: [GC (Allocation Failure) [PSYoungGen: 416393K->34208K(465920K)] 1026854K->644821K(1095680K), 0.0044959 secs] [Times: user=0.02 sys=0.00, real=0.01 secs] 
638.636: [GC (Allocation Failure) [PSYoungGen: 267168K->128293K(465920K)] 877781K->739091K(1095680K), 0.0147037 secs] [Times: user=0.03 sys=0.00, real=0.01 secs] 
638.913: [GC (Allocation Failure) [PSYoungGen: 361253K->184976K(465920K)] 972051K->797028K(1095680K), 0.0202891 secs] [Times: user=0.02 sys=0.00, real=0.02 secs] 
639.569: [GC (Allocation Failure) [PSYoungGen: 417936K->171018K(465920K)] 1029988K->783350K(1095680K), 0.0313319 secs] [Times: user=0.04 sys=0.00, real=0.03 secs] 
641.345: [GC (Allocation Failure) [PSYoungGen: 403978K->96K(465920K)] 1016310K->613872K(1095680K), 0.0040313 secs] [Times: user=0.02 sys=0.00, real=0.00 secs] 
642.123: [GC (Allocation Failure) [PSYoungGen: 233054K->144101K(465920K)] 846830K->757886K(1095680K), 0.0161825 secs] [Times: user=0.02 sys=0.00, real=0.01 secs] 
642.463: [GC (Allocation Failure) [PSYoungGen: 377061K->184333K(465920K)] 990846K->799371K(1095680K), 0.0203685 secs] [Times: user=0.02 sys=0.00, real=0.02 secs] 
643.471: [GC (Allocation Failure) [PSYoungGen: 417293K->162028K(465920K)] 1032331K->777460K(1095680K), 0.0430692 secs] [Times: user=0.07 sys=0.00, real=0.05 secs] 
645.353: [GC (Allocation Failure) [PSYoungGen: 394988K->96K(465920K)] 1010420K->616835K(1095680K), 0.0049116 secs] [Times: user=0.02 sys=0.00, real=0.01 secs] 
645.922: [GC (Allocation Failure) [PSYoungGen: 232963K->159652K(465920K)] 849702K->776416K(1095680K), 0.0177613 secs] [Times: user=0.02 sys=0.00, real=0.02 secs] 
646.208: [GC (Allocation Failure) [PSYoungGen: 392612K->184301K(465920K)] 1009376K->802318K(1095680K), 0.0203707 secs] [Times: user=0.02 sys=0.00, real=0.02 secs] 
646.868: [GC (Allocation Failure) [PSYoungGen: 417261K->146477K(465920K)] 1035278K->764759K(1095680K), 0.0184487 secs] [Times: user=0.03 sys=0.00, real=0.02 secs] 
648.941: [GC (Allocation Failure) [PSYoungGen: 379437K->96K(465920K)] 997719K->619817K(1095680K), 0.0055772 secs] [Times: user=0.02 sys=0.00, real=0.01 secs] 
649.447: [GC (Allocation Failure) [PSYoungGen: 233056K->175236K(465920K)] 852777K->794981K(1095680K), 0.0193564 secs] [Times: user=0.03 sys=0.00, real=0.02 secs] 
649.728: [GC (Allocation Failure) [PSYoungGen: 408196K->184205K(465920K)] 1027941K->805212K(1095680K), 0.0204072 secs] [Times: user=0.03 sys=0.00, real=0.02 secs] 
650.238: [GC (Allocation Failure) [PSYoungGen: 417165K->122830K(465920K)] 1038172K->744102K(1095680K), 0.0142080 secs] [Times: user=0.02 sys=0.01, real=0.01 secs] 
651.563: [GC (Allocation Failure) [PSYoungGen: 355790K->6774K(465920K)] 977062K->628352K(1095680K), 0.0055768 secs] [Times: user=0.02 sys=0.00, real=0.01 secs] 
651.930: [GC (Allocation Failure) [PSYoungGen: 239734K->184976K(465920K)] 861312K->807799K(1095680K), 0.0205066 secs] [Times: user=0.02 sys=0.00, real=0.02 secs] 
652.212: [GC (Allocation Failure) [PSYoungGen: 417936K->184301K(465920K)] 1040759K->807398K(1095680K), 0.0204446 secs] [Times: user=0.03 sys=0.00, real=0.02 secs] 
652.799: [GC (Allocation Failure) [PSYoungGen: 417261K->106379K(465920K)] 1040358K->729877K(1095680K), 0.0158622 secs] [Times: user=0.03 sys=0.00, real=0.02 secs] 
653.657: [GC (Allocation Failure) [PSYoungGen: 339339K->23800K(465920K)] 962837K->647492K(1095680K), 0.0041054 secs] [Times: user=0.01 sys=0.01, real=0.00 secs] 
653.985: [GC (Allocation Failure) [PSYoungGen: 256760K->186389K(465920K)] 880452K->811335K(1095680K), 0.0204814 secs] [Times: user=0.03 sys=0.00, real=0.02 secs] 
654.273: [GC (Allocation Failure) [PSYoungGen: 419349K->184783K(465920K)] 1044295K->810001K(1095680K), 0.0202085 secs] [Times: user=0.03 sys=0.00, real=0.03 secs] 
654.902: [GC (Allocation Failure) [PSYoungGen: 412379K->87438K(465920K)] 1037597K->712921K(1095680K), 0.0133010 secs] [Times: user=0.02 sys=0.00, real=0.02 secs] 
655.723: [GC (Allocation Failure) [PSYoungGen: 320398K->38166K(465920K)] 945881K->663965K(1095680K), 0.0059573 secs] [Times: user=0.02 sys=0.00, real=0.00 secs] 
655.993: [GC (Allocation Failure) [PSYoungGen: 271126K->184462K(465920K)] 896925K->811635K(1095680K), 0.0203824 secs] [Times: user=0.03 sys=0.00, real=0.02 secs] 
656.277: [GC (Allocation Failure) [PSYoungGen: 417422K->184301K(465920K)] 1044595K->811627K(1095680K), 0.0202896 secs] [Times: user=0.03 sys=0.00, real=0.02 secs] 
656.914: [GC (Allocation Failure) [PSYoungGen: 417261K->108269K(465920K)] 1044587K->735868K(1095680K), 0.0127760 secs] [Times: user=0.03 sys=0.00, real=0.01 secs] 
657.735: [GC (Allocation Failure) [PSYoungGen: 341229K->54617K(465920K)] 968828K->682539K(1095680K), 0.0072371 secs] [Times: user=0.02 sys=0.00, real=0.00 secs] 
658.005: [GC (Allocation Failure) [PSYoungGen: 287577K->184655K(465920K)] 915499K->813831K(1095680K), 0.0203595 secs] [Times: user=0.02 sys=0.00, real=0.02 secs] 
658.025: [Full GC (Ergonomics) [PSYoungGen: 184655K->0K(465920K)] [ParOldGen: 629175K->462621K(890368K)] 813831K->462621K(1356288K), [Metaspace: 55231K->55231K(1099776K)], 0.0610143 secs] [Times: user=0.27 sys=0.01, real=0.06 secs] 
658.348: [GC (Allocation Failure) [PSYoungGen: 232960K->184044K(465920K)] 695581K->646666K(1356288K), 0.0198976 secs] [Times: user=0.03 sys=0.00, real=0.02 secs] 
659.577: [GC (Allocation Failure) [PSYoungGen: 417004K->91850K(465920K)] 879626K->554769K(1356288K), 0.0180080 secs] [Times: user=0.04 sys=0.00, real=0.02 secs] 
660.467: [GC (Allocation Failure) [PSYoungGen: 324810K->63935K(465920K)] 787729K->527153K(1356288K), 0.0092324 secs] [Times: user=0.01 sys=0.00, real=0.01 secs] 
660.798: [GC (Allocation Failure) [PSYoungGen: 296895K->184141K(465920K)] 760113K->648605K(1356288K), 0.0201177 secs] [Times: user=0.02 sys=0.00, real=0.02 secs] 
661.140: [GC (Allocation Failure) [PSYoungGen: 417101K->184526K(465920K)] 881565K->649263K(1356288K), 0.0200280 secs] [Times: user=0.02 sys=0.00, real=0.02 secs] 
662.034: [GC (Allocation Failure) [PSYoungGen: 417486K->82420K(465920K)] 882223K->547422K(1356288K), 0.0093777 secs] [Times: user=0.03 sys=0.00, real=0.01 secs] 
662.932: [GC (Allocation Failure) [PSYoungGen: 315380K->73831K(465920K)] 780382K->539141K(1356288K), 0.0087920 secs] [Times: user=0.02 sys=0.00, real=0.01 secs] 
663.204: [GC (Allocation Failure) [PSYoungGen: 306791K->184012K(465920K)] 772101K->650688K(1356288K), 0.0199056 secs] [Times: user=0.02 sys=0.00, real=0.02 secs] 
663.549: [GC (Allocation Failure) [PSYoungGen: 416972K->184494K(465920K)] 883648K->651315K(1356288K), 0.0200365 secs] [Times: user=0.02 sys=0.00, real=0.02 secs] 
664.993: [GC (Allocation Failure) [PSYoungGen: 417454K->72684K(465920K)] 884275K->539899K(1356288K), 0.0117846 secs] [Times: user=0.04 sys=0.00, real=0.01 secs] 
666.046: [GC (Allocation Failure) [PSYoungGen: 305644K->83214K(465920K)] 772859K->550615K(1356288K), 0.0098191 secs] [Times: user=0.02 sys=0.00, real=0.01 secs] 
666.377: [GC (Allocation Failure) [PSYoungGen: 316174K->184141K(465920K)] 783575K->652788K(1356288K), 0.0199489 secs] [Times: user=0.03 sys=0.00, real=0.02 secs] 
666.659: [GC (Allocation Failure) [PSYoungGen: 417101K->184462K(465920K)] 885748K->653511K(1356288K), 0.0200041 secs] [Times: user=0.03 sys=0.00, real=0.02 secs] 
670.333: [GC (Allocation Failure) [PSYoungGen: 417422K->63270K(465920K)] 886471K->532456K(1356288K), 0.0109656 secs] [Times: user=0.04 sys=0.00, real=0.01 secs] 
671.785: [GC (Allocation Failure) [PSYoungGen: 296230K->92242K(465920K)] 765416K->561729K(1356288K), 0.0107814 secs] [Times: user=0.02 sys=0.00, real=0.01 secs] 
672.061: [GC (Allocation Failure) [PSYoungGen: 325202K->184398K(465920K)] 794689K->655123K(1356288K), 0.0201713 secs] [Times: user=0.03 sys=0.00, real=0.02 secs] 
672.352: [GC (Allocation Failure) [PSYoungGen: 417358K->184526K(465920K)] 888083K->655653K(1356288K), 0.0202359 secs] [Times: user=0.02 sys=0.00, real=0.02 secs] 
673.159: [GC (Allocation Failure) [PSYoungGen: 417486K->53904K(465920K)] 888613K->525167K(1356288K), 0.0054588 secs] [Times: user=0.02 sys=0.00, real=0.01 secs] 
673.790: [GC (Allocation Failure) [PSYoungGen: 286864K->102138K(465920K)] 758127K->573717K(1356288K), 0.0119357 secs] [Times: user=0.02 sys=0.00, real=0.01 secs] 
674.064: [GC (Allocation Failure) [PSYoungGen: 335098K->184141K(465920K)] 806677K->656965K(1356288K), 0.0200405 secs] [Times: user=0.02 sys=0.01, real=0.02 secs] 
674.352: [GC (Allocation Failure) [PSYoungGen: 417101K->184526K(465920K)] 889925K->657624K(1356288K), 0.0200773 secs] [Times: user=0.02 sys=0.00, real=0.02 secs] 
675.190: [GC (Allocation Failure) [PSYoungGen: 417486K->44200K(465920K)] 890584K->517691K(1356288K), 0.0057902 secs] [Times: user=0.03 sys=0.00, real=0.01 secs] 
675.808: [GC (Allocation Failure) [PSYoungGen: 277160K->111810K(465920K)] 750651K->585478K(1356288K), 0.0126607 secs] [Times: user=0.02 sys=0.00, real=0.01 secs] 
676.084: [GC (Allocation Failure) [PSYoungGen: 344770K->184173K(465920K)] 818438K->659207K(1356288K), 0.0199878 secs] [Times: user=0.03 sys=0.00, real=0.02 secs] 
676.428: [GC (Allocation Failure) [PSYoungGen: 417133K->184526K(465920K)] 892167K->659705K(1356288K), 0.0200934 secs] [Times: user=0.02 sys=0.00, real=0.02 secs] 
677.602: [GC (Allocation Failure) [PSYoungGen: 417486K->34625K(465920K)] 892665K->510198K(1356288K), 0.0056589 secs] [Times: user=0.03 sys=0.00, real=0.01 secs] 
678.248: [GC (Allocation Failure) [PSYoungGen: 267585K->121320K(465920K)] 743158K->597070K(1356288K), 0.0136453 secs] [Times: user=0.02 sys=0.00, real=0.01 secs] 
678.524: [GC (Allocation Failure) [PSYoungGen: 354280K->184944K(465920K)] 830030K->661931K(1356288K), 0.0202130 secs] [Times: user=0.02 sys=0.00, real=0.02 secs] 
678.991: [GC (Allocation Failure) [PSYoungGen: 417904K->176966K(465920K)] 894891K->654218K(1356288K), 0.0233497 secs] [Times: user=0.03 sys=0.00, real=0.03 secs] 
681.414: [GC (Allocation Failure) [PSYoungGen: 409926K->32928K(465920K)] 887178K->511631K(1356288K), 0.0057073 secs] [Times: user=0.03 sys=0.01, real=0.00 secs] 
682.269: [GC (Allocation Failure) [PSYoungGen: 265888K->128772K(465920K)] 744591K->607500K(1356288K), 0.0142974 secs] [Times: user=0.02 sys=0.00, real=0.02 secs] 
682.546: [GC (Allocation Failure) [PSYoungGen: 361732K->184430K(465920K)] 840460K->664532K(1356288K), 0.0199602 secs] [Times: user=0.03 sys=0.00, real=0.02 secs] 
683.155: [GC (Allocation Failure) [PSYoungGen: 417390K->173082K(465920K)] 897492K->653449K(1356288K), 0.0240860 secs] [Times: user=0.04 sys=0.00, real=0.02 secs] 
685.993: [GC (Allocation Failure) [PSYoungGen: 406042K->64K(465920K)] 886409K->481740K(1356288K), 0.0025418 secs] [Times: user=0.02 sys=0.00, real=0.00 secs] 
687.123: [GC (Allocation Failure) [PSYoungGen: 233024K->137996K(465920K)] 714700K->619681K(1356288K), 0.0154319 secs] [Times: user=0.02 sys=0.00, real=0.02 secs] 
687.463: [GC (Allocation Failure) [PSYoungGen: 370956K->184655K(465920K)] 852641K->667577K(1356288K), 0.0199998 secs] [Times: user=0.02 sys=0.00, real=0.02 secs] 
688.188: [GC (Allocation Failure) [PSYoungGen: 417615K->161475K(465920K)] 900537K->644662K(1356288K), 0.0295362 secs] [Times: user=0.04 sys=0.00, real=0.03 secs] 
690.850: [GC (Allocation Failure) [PSYoungGen: 394435K->64K(465920K)] 877622K->484682K(1356288K), 0.0034980 secs] [Times: user=0.02 sys=0.00, real=0.01 secs] 
691.632: [GC (Allocation Failure) [PSYoungGen: 233024K->146672K(465920K)] 717642K->631322K(1356288K), 0.0162659 secs] [Times: user=0.02 sys=0.00, real=0.02 secs] 
691.912: [GC (Allocation Failure) [PSYoungGen: 379632K->184398K(465920K)] 864282K->670286K(1356288K), 0.0201485 secs] [Times: user=0.03 sys=0.00, real=0.02 secs] 
692.471: [GC (Allocation Failure) [PSYoungGen: 417358K->159345K(465920K)] 903246K->645498K(1356288K), 0.0200269 secs] [Times: user=0.02 sys=0.00, real=0.02 secs] 
694.285: [GC (Allocation Failure) [PSYoungGen: 392305K->64K(465920K)] 878458K->487661K(1356288K), 0.0023500 secs] [Times: user=0.01 sys=0.00, real=0.00 secs] 
694.895: [GC (Allocation Failure) [PSYoungGen: 233024K->156279K(465920K)] 720621K->643892K(1356288K), 0.0172174 secs] [Times: user=0.02 sys=0.00, real=0.01 secs] 
695.233: [GC (Allocation Failure) [PSYoungGen: 389239K->184301K(465920K)] 876852K->673152K(1356288K), 0.0200493 secs] [Times: user=0.02 sys=0.00, real=0.02 secs] 
695.975: [GC (Allocation Failure) [PSYoungGen: 417261K->149786K(465920K)] 906112K->638910K(1356288K), 0.0209565 secs] [Times: user=0.03 sys=0.00, real=0.02 secs] 
697.792: [GC (Allocation Failure) [PSYoungGen: 382746K->96K(465920K)] 871870K->490653K(1356288K), 0.0021881 secs] [Times: user=0.01 sys=0.00, real=0.01 secs] 
698.306: [GC (Allocation Failure) [PSYoungGen: 233056K->165661K(465920K)] 723613K->656235K(1356288K), 0.0180593 secs] [Times: user=0.03 sys=0.00, real=0.02 secs] 
698.587: [GC (Allocation Failure) [PSYoungGen: 398621K->184430K(465920K)] 889195K->676241K(1356288K), 0.0199807 secs] [Times: user=0.03 sys=0.00, real=0.02 secs] 
699.383: [GC (Allocation Failure) [PSYoungGen: 416502K->140259K(465920K)] 908313K->632472K(1356288K), 0.0172892 secs] [Times: user=0.02 sys=0.00, real=0.02 secs] 
701.030: [GC (Allocation Failure) [PSYoungGen: 373219K->64K(465920K)] 865432K->493597K(1356288K), 0.0021272 secs] [Times: user=0.01 sys=0.00, real=0.00 secs] 
701.417: [GC (Allocation Failure) [PSYoungGen: 233024K->173019K(465920K)] 726557K->666577K(1356288K), 0.0186822 secs] [Times: user=0.03 sys=0.00, real=0.02 secs] 
701.699: [GC (Allocation Failure) [PSYoungGen: 405979K->184655K(465920K)] 899537K->679579K(1356288K), 0.0200337 secs] [Times: user=0.03 sys=0.00, real=0.02 secs] 
702.791: [GC (Allocation Failure) [PSYoungGen: 417615K->140948K(465920K)] 912539K->636009K(1356288K), 0.0198609 secs] [Times: user=0.03 sys=0.00, real=0.02 secs] 
705.464: [GC (Allocation Failure) [PSYoungGen: 373908K->96K(465920K)] 868969K->496586K(1356288K), 0.0026694 secs] [Times: user=0.01 sys=0.00, real=0.00 secs] 
705.803: [GC (Allocation Failure) [PSYoungGen: 233056K->182819K(465920K)] 729546K->679333K(1356288K), 0.0198124 secs] [Times: user=0.03 sys=0.00, real=0.02 secs] 
706.090: [GC (Allocation Failure) [PSYoungGen: 415779K->183916K(465920K)] 912293K->681676K(1356288K), 0.0199499 secs] [Times: user=0.03 sys=0.00, real=0.02 secs] 
707.028: [GC (Allocation Failure) [PSYoungGen: 416876K->131856K(465920K)] 914636K->629881K(1356288K), 0.0171561 secs] [Times: user=0.03 sys=0.00, real=0.02 secs] 
709.420: [GC (Allocation Failure) [PSYoungGen: 364816K->7545K(465920K)] 862841K->505876K(1356288K), 0.0038415 secs] [Times: user=0.01 sys=0.00, real=0.01 secs] 
709.741: [GC (Allocation Failure) [PSYoungGen: 240505K->184655K(465920K)] 738836K->684239K(1356288K), 0.0200769 secs] [Times: user=0.03 sys=0.00, real=0.02 secs] 
710.024: [GC (Allocation Failure) [PSYoungGen: 417615K->184912K(465920K)] 917199K->684769K(1356288K), 0.0202350 secs] [Times: user=0.03 sys=0.00, real=0.02 secs] 
710.933: [GC (Allocation Failure) [PSYoungGen: 417872K->121606K(465920K)] 917729K->621728K(1356288K), 0.0158891 secs] [Times: user=0.03 sys=0.00, real=0.01 secs] 
712.768: [GC (Allocation Failure) [PSYoungGen: 354566K->18309K(465920K)] 854688K->518729K(1356288K), 0.0048155 secs] [Times: user=0.01 sys=0.00, real=0.01 secs] 
713.165: [GC (Allocation Failure) [PSYoungGen: 251269K->186197K(465920K)] 751689K->687991K(1356288K), 0.0202856 secs] [Times: user=0.03 sys=0.00, real=0.02 secs] 
713.517: [GC (Allocation Failure) [PSYoungGen: 419157K->185908K(465920K)] 920951K->687847K(1356288K), 0.0203073 secs] [Times: user=0.03 sys=0.00, real=0.02 secs] 
714.569: [GC (Allocation Failure) [PSYoungGen: 418868K->108208K(465920K)] 920807K->610419K(1356288K), 0.0140376 secs] [Times: user=0.03 sys=0.00, real=0.02 secs] 
716.257: [GC (Allocation Failure) [PSYoungGen: 341168K->31676K(465920K)] 843379K->534193K(1356288K), 0.0058049 secs] [Times: user=0.02 sys=0.00, real=0.01 secs] 
716.545: [GC (Allocation Failure) [PSYoungGen: 264636K->184173K(465920K)] 767153K->687936K(1356288K), 0.0199625 secs] [Times: user=0.02 sys=0.00, real=0.02 secs] 
716.833: [GC (Allocation Failure) [PSYoungGen: 417133K->184912K(465920K)] 920896K->688948K(1356288K), 0.0202390 secs] [Times: user=0.03 sys=0.00, real=0.02 secs] 
718.352: [GC (Allocation Failure) [PSYoungGen: 416627K->97926K(465920K)] 920663K->602243K(1356288K), 0.0135582 secs] [Times: user=0.03 sys=0.01, real=0.02 secs] 
719.985: [GC (Allocation Failure) [PSYoungGen: 330886K->37877K(465920K)] 835203K->542508K(1356288K), 0.0066551 secs] [Times: user=0.02 sys=0.00, real=0.00 secs] 
720.277: [GC (Allocation Failure) [PSYoungGen: 270837K->184141K(465920K)] 775468K->690025K(1356288K), 0.0200548 secs] [Times: user=0.03 sys=0.00, real=0.02 secs] 
720.561: [GC (Allocation Failure) [PSYoungGen: 417101K->184494K(465920K)] 922985K->690652K(1356288K), 0.0201669 secs] [Times: user=0.03 sys=0.00, real=0.02 secs] 
721.985: [GC (Allocation Failure) [PSYoungGen: 409692K->92126K(465920K)] 915849K->598549K(1356288K), 0.0187330 secs] [Times: user=0.04 sys=0.00, real=0.02 secs] 
723.094: [GC (Allocation Failure) [PSYoungGen: 325086K->37973K(465920K)] 831509K->544710K(1356288K), 0.0062114 secs] [Times: user=0.02 sys=0.00, real=0.00 secs] 
723.370: [GC (Allocation Failure) [PSYoungGen: 270933K->184141K(465920K)] 777670K->692123K(1356288K), 0.0200395 secs] [Times: user=0.03 sys=0.00, real=0.02 secs] 
723.652: [GC (Allocation Failure) [PSYoungGen: 417101K->183690K(465920K)] 925083K->691946K(1356288K), 0.0199698 secs] [Times: user=0.03 sys=0.00, real=0.02 secs] 
725.548: [GC (Allocation Failure) [PSYoungGen: 408094K->92897K(465920K)] 916349K->601417K(1356288K), 0.0157834 secs] [Times: user=0.03 sys=0.00, real=0.02 secs] 
728.043: [GC (Allocation Failure) [PSYoungGen: 325857K->37941K(465920K)] 834377K->546761K(1356288K), 0.0069272 secs] [Times: user=0.02 sys=0.00, real=0.00 secs] 
728.345: [GC (Allocation Failure) [PSYoungGen: 270901K->184815K(465920K)] 779721K->695010K(1356288K), 0.0202374 secs] [Times: user=0.03 sys=0.00, real=0.02 secs] 
728.633: [GC (Allocation Failure) [PSYoungGen: 417775K->184623K(465920K)] 927970K->695090K(1356288K), 0.0202163 secs] [Times: user=0.03 sys=0.00, real=0.02 secs] 
729.319: [GC (Allocation Failure) [PSYoungGen: 407037K->91242K(465920K)] 917505K->601854K(1356288K), 0.0113586 secs] [Times: user=0.02 sys=0.00, real=0.01 secs] 
730.155: [GC (Allocation Failure) [PSYoungGen: 324202K->37877K(465920K)] 834814K->548810K(1356288K), 0.0053270 secs] [Times: user=0.01 sys=0.01, real=0.00 secs] 
730.486: [GC (Allocation Failure) [PSYoungGen: 270837K->184655K(465920K)] 781770K->696842K(1356288K), 0.0200871 secs] [Times: user=0.02 sys=0.00, real=0.02 secs] 
730.827: [GC (Allocation Failure) [PSYoungGen: 417615K->184719K(465920K)] 929802K->697179K(1356288K), 0.0200541 secs] [Times: user=0.03 sys=0.00, real=0.02 secs] 
731.505: [GC (Allocation Failure) [PSYoungGen: 407278K->91452K(465920K)] 919738K->604177K(1356288K), 0.0117125 secs] [Times: user=0.02 sys=0.00, real=0.01 secs] 
732.460: [GC (Allocation Failure) [PSYoungGen: 324412K->37941K(465920K)] 837137K->550964K(1356288K), 0.0061337 secs] [Times: user=0.01 sys=0.00, real=0.01 secs] 
732.800: [GC (Allocation Failure) [PSYoungGen: 270901K->183916K(465920K)] 783924K->698184K(1356288K), 0.0200289 secs] [Times: user=0.02 sys=0.00, real=0.02 secs] 
733.142: [GC (Allocation Failure) [PSYoungGen: 416876K->184430K(465920K)] 931144K->698963K(1356288K), 0.0200720 secs] [Times: user=0.02 sys=0.00, real=0.02 secs] 
733.823: [GC (Allocation Failure) [PSYoungGen: 409626K->92383K(465920K)] 924159K->607182K(1356288K), 0.0116371 secs] [Times: user=0.02 sys=0.00, real=0.01 secs] 
734.687: [GC (Allocation Failure) [PSYoungGen: 325343K->37941K(465920K)] 840142K->553046K(1356288K), 0.0053392 secs] [Times: user=0.02 sys=0.00, real=0.00 secs] 
735.015: [GC (Allocation Failure) [PSYoungGen: 270901K->184173K(465920K)] 786006K->700515K(1356288K), 0.0200486 secs] [Times: user=0.02 sys=0.00, real=0.02 secs] 
735.298: [GC (Allocation Failure) [PSYoungGen: 417133K->184880K(465920K)] 933475K->701495K(1356288K), 0.0201284 secs] [Times: user=0.03 sys=0.00, real=0.02 secs] 
737.576: [GC (Allocation Failure) [PSYoungGen: 407588K->91596K(465920K)] 924203K->608476K(1356288K), 0.0182823 secs] [Times: user=0.03 sys=0.00, real=0.02 secs] 
740.216: [GC (Allocation Failure) [PSYoungGen: 324556K->38005K(465920K)] 841436K->555207K(1356288K), 0.0074936 secs] [Times: user=0.01 sys=0.00, real=0.01 secs] 
740.610: [GC (Allocation Failure) [PSYoungGen: 270965K->184269K(465920K)] 788167K->702709K(1356288K), 0.0199460 secs] [Times: user=0.02 sys=0.00, real=0.02 secs] 
740.948: [GC (Allocation Failure) [PSYoungGen: 417229K->184558K(465920K)] 935669K->703271K(1356288K), 0.0200146 secs] [Times: user=0.03 sys=0.00, real=0.02 secs] 
741.629: [GC (Allocation Failure) [PSYoungGen: 407149K->91837K(465920K)] 925862K->610815K(1356288K), 0.0120133 secs] [Times: user=0.02 sys=0.00, real=0.01 secs] 
742.535: [GC (Allocation Failure) [PSYoungGen: 324797K->37973K(465920K)] 843775K->557257K(1356288K), 0.0052789 secs] [Times: user=0.01 sys=0.00, real=0.00 secs] 
742.895: [GC (Allocation Failure) [PSYoungGen: 270933K->183787K(465920K)] 790217K->704316K(1356288K), 0.0201166 secs] [Times: user=0.03 sys=0.00, real=0.02 secs] 
743.254: [GC (Allocation Failure) [PSYoungGen: 416747K->184398K(465920K)] 937276K->705200K(1356288K), 0.0202127 secs] [Times: user=0.02 sys=0.00, real=0.02 secs] 
744.916: [GC (Allocation Failure) [PSYoungGen: 409621K->92512K(465920K)] 930423K->613579K(1356288K), 0.0201612 secs] [Times: user=0.04 sys=0.00, real=0.02 secs] 
747.135: [GC (Allocation Failure) [PSYoungGen: 325472K->37845K(465920K)] 846539K->559217K(1356288K), 0.0082061 secs] [Times: user=0.02 sys=0.00, real=0.01 secs] 
747.463: [GC (Allocation Failure) [PSYoungGen: 270805K->184687K(465920K)] 792177K->707297K(1356288K), 0.0202894 secs] [Times: user=0.03 sys=0.00, real=0.03 secs] 
747.755: [GC (Allocation Failure) [PSYoungGen: 417647K->184719K(465920K)] 940257K->707731K(1356288K), 0.0203165 secs] [Times: user=0.02 sys=0.00, real=0.02 secs] 
748.465: [GC (Allocation Failure) [PSYoungGen: 407152K->91548K(465920K)] 930164K->614825K(1356288K), 0.0118795 secs] [Times: user=0.03 sys=0.00, real=0.01 secs] 
749.368: [GC (Allocation Failure) [PSYoungGen: 324508K->38134K(465920K)] 847785K->561596K(1356288K), 0.0053942 secs] [Times: user=0.01 sys=0.00, real=0.01 secs] 
749.640: [GC (Allocation Failure) [PSYoungGen: 271094K->184141K(465920K)] 794556K->708848K(1356288K), 0.0200883 secs] [Times: user=0.03 sys=0.00, real=0.02 secs] 
749.931: [GC (Allocation Failure) [PSYoungGen: 417101K->184622K(465920K)] 941808K->709732K(1356288K), 0.0201606 secs] [Times: user=0.02 sys=0.00, real=0.02 secs] 
750.582: [GC (Allocation Failure) [PSYoungGen: 407229K->91869K(465920K)] 932339K->617115K(1356288K), 0.0117117 secs] [Times: user=0.03 sys=0.00, real=0.02 secs] 
751.737: [GC (Allocation Failure) [PSYoungGen: 324829K->37941K(465920K)] 850075K->563479K(1356288K), 0.0069762 secs] [Times: user=0.01 sys=0.00, real=0.01 secs] 
752.036: [GC (Allocation Failure) [PSYoungGen: 270901K->183755K(465920K)] 796439K->710531K(1356288K), 0.0200681 secs] [Times: user=0.03 sys=0.00, real=0.02 secs] 
752.379: [GC (Allocation Failure) [PSYoungGen: 416715K->184398K(465920K)] 943491K->711446K(1356288K), 0.0201376 secs] [Times: user=0.03 sys=0.00, real=0.02 secs] 
754.389: [GC (Allocation Failure) [PSYoungGen: 409644K->92512K(465920K)] 936693K->619825K(1356288K), 0.0145803 secs] [Times: user=0.03 sys=0.00, real=0.02 secs] 
756.130: [GC (Allocation Failure) [PSYoungGen: 325472K->38102K(465920K)] 852785K->565721K(1356288K), 0.0061758 secs] [Times: user=0.02 sys=0.00, real=0.01 secs] 
756.475: [GC (Allocation Failure) [PSYoungGen: 271062K->184687K(465920K)] 798681K->713552K(1356288K), 0.0202757 secs] [Times: user=0.02 sys=0.00, real=0.02 secs] 
756.822: [GC (Allocation Failure) [PSYoungGen: 417647K->184430K(465920K)] 946512K->713568K(1356288K), 0.0201767 secs] [Times: user=0.02 sys=0.00, real=0.02 secs] 
757.528: [GC (Allocation Failure) [PSYoungGen: 406912K->91516K(465920K)] 936050K->620927K(1356288K), 0.0104664 secs] [Times: user=0.02 sys=0.00, real=0.01 secs] 
758.603: [GC (Allocation Failure) [PSYoungGen: 324476K->37973K(465920K)] 853887K->567698K(1356288K), 0.0062836 secs] [Times: user=0.01 sys=0.00, real=0.00 secs] 
758.884: [GC (Allocation Failure) [PSYoungGen: 270933K->183884K(465920K)] 800658K->714846K(1356288K), 0.0202070 secs] [Times: user=0.03 sys=0.00, real=0.02 secs] 
759.225: [GC (Allocation Failure) [PSYoungGen: 416844K->184366K(465920K)] 947806K->715601K(1356288K), 0.0202624 secs] [Times: user=0.03 sys=0.00, real=0.02 secs] 
761.013: [GC (Allocation Failure) [PSYoungGen: 409671K->92447K(465920K)] 940906K->623948K(1356288K), 0.0143467 secs] [Times: user=0.03 sys=0.00, real=0.01 secs] 
763.039: [GC (Allocation Failure) [PSYoungGen: 325407K->38230K(465920K)] 856908K->570030K(1356288K), 0.0062866 secs] [Times: user=0.02 sys=0.00, real=0.01 secs] 
763.317: [GC (Allocation Failure) [PSYoungGen: 271190K->184783K(465920K)] 802990K->717829K(1356288K), 0.0202635 secs] [Times: user=0.03 sys=0.00, real=0.02 secs] 
763.667: [GC (Allocation Failure) [PSYoungGen: 417743K->184687K(465920K)] 950789K->718006K(1356288K), 0.0202817 secs] [Times: user=0.02 sys=0.01, real=0.02 secs] 
765.368: [GC (Allocation Failure) [PSYoungGen: 406131K->90969K(465920K)] 939450K->624553K(1356288K), 0.0193980 secs] [Times: user=0.04 sys=0.00, real=0.02 secs] 
767.708: [GC (Allocation Failure) [PSYoungGen: 323929K->38102K(465920K)] 857513K->571991K(1356288K), 0.0066670 secs] [Times: user=0.01 sys=0.00, real=0.01 secs] 
768.003: [GC (Allocation Failure) [PSYoungGen: 271062K->184944K(465920K)] 804951K->720071K(1356288K), 0.0204964 secs] [Times: user=0.02 sys=0.00, real=0.03 secs] 
768.293: [GC (Allocation Failure) [PSYoungGen: 417904K->184269K(465920K)] 953031K->719669K(1356288K), 0.0203531 secs] [Times: user=0.03 sys=0.00, real=0.02 secs] 
769.123: [GC (Allocation Failure) [PSYoungGen: 406867K->91355K(465920K)] 942267K->627157K(1356288K), 0.0114278 secs] [Times: user=0.02 sys=0.00, real=0.01 secs] 
770.329: [GC (Allocation Failure) [PSYoungGen: 324315K->38005K(465920K)] 860117K->573984K(1356288K), 0.0063625 secs] [Times: user=0.01 sys=0.00, real=0.01 secs] 
770.616: [GC (Allocation Failure) [PSYoungGen: 270965K->184141K(465920K)] 806944K->721373K(1356288K), 0.0204617 secs] [Times: user=0.03 sys=0.00, real=0.02 secs] 
770.971: [GC (Allocation Failure) [PSYoungGen: 417101K->184526K(465920K)] 954333K->722160K(1356288K), 0.0202882 secs] [Times: user=0.03 sys=0.00, real=0.02 secs] 
773.082: [GC (Allocation Failure) [PSYoungGen: 405087K->92030K(465920K)] 942721K->629800K(1356288K), 0.0146852 secs] [Times: user=0.03 sys=0.00, real=0.02 secs] 
775.048: [GC (Allocation Failure) [PSYoungGen: 324990K->37973K(465920K)] 862760K->576066K(1356288K), 0.0074874 secs] [Times: user=0.01 sys=0.00, real=0.01 secs] 
775.357: [GC (Allocation Failure) [PSYoungGen: 270933K->184655K(465920K)] 809026K->723993K(1356288K), 0.0202166 secs] [Times: user=0.02 sys=0.00, real=0.02 secs] 
775.697: [GC (Allocation Failure) [PSYoungGen: 417615K->186486K(465920K)] 956953K->726097K(1356288K), 0.0205262 secs] [Times: user=0.02 sys=0.00, real=0.02 secs] 
777.137: [GC (Allocation Failure) [PSYoungGen: 403747K->89588K(465920K)] 943358K->629464K(1356288K), 0.0131222 secs] [Times: user=0.03 sys=0.00, real=0.01 secs] 
779.214: [GC (Allocation Failure) [PSYoungGen: 322548K->37973K(465920K)] 862424K->578163K(1356288K), 0.0068723 secs] [Times: user=0.01 sys=0.00, real=0.00 secs] 
779.511: [GC (Allocation Failure) [PSYoungGen: 270933K->184205K(465920K)] 811123K->725640K(1356288K), 0.0200746 secs] [Times: user=0.03 sys=0.00, real=0.02 secs] 
779.794: [GC (Allocation Failure) [PSYoungGen: 417165K->184558K(465920K)] 958600K->726411K(1356288K), 0.0200200 secs] [Times: user=0.02 sys=0.00, real=0.02 secs] 
780.964: [GC (Allocation Failure) [PSYoungGen: 409625K->91918K(465920K)] 951478K->634036K(1356288K), 0.0120810 secs] [Times: user=0.03 sys=0.00, real=0.01 secs] 
782.211: [GC (Allocation Failure) [PSYoungGen: 324878K->37716K(465920K)] 866996K->580003K(1356288K), 0.0054596 secs] [Times: user=0.01 sys=0.00, real=0.01 secs] 
782.481: [GC (Allocation Failure) [PSYoungGen: 270676K->184141K(465920K)] 812963K->727674K(1356288K), 0.0201518 secs] [Times: user=0.03 sys=0.00, real=0.02 secs] 
782.772: [GC (Allocation Failure) [PSYoungGen: 417101K->184558K(465920K)] 960634K->728364K(1356288K), 0.0200073 secs] [Times: user=0.03 sys=0.00, real=0.02 secs] 
783.968: [GC (Allocation Failure) [PSYoungGen: 408135K->92287K(465920K)] 951941K->636358K(1356288K), 0.0159997 secs] [Times: user=0.04 sys=0.00, real=0.02 secs] 
784.832: [GC (Allocation Failure) [PSYoungGen: 325247K->38102K(465920K)] 869318K->582486K(1356288K), 0.0063189 secs] [Times: user=0.01 sys=0.00, real=0.01 secs] 
785.174: [GC (Allocation Failure) [PSYoungGen: 271062K->184430K(465920K)] 815446K->730060K(1356288K), 0.0201732 secs] [Times: user=0.03 sys=0.00, real=0.02 secs] 
785.457: [GC (Allocation Failure) [PSYoungGen: 417390K->184526K(465920K)] 963020K->730430K(1356288K), 0.0202928 secs] [Times: user=0.02 sys=0.00, real=0.02 secs] 
786.648: [GC (Allocation Failure) [PSYoungGen: 407067K->91580K(465920K)] 952970K->637749K(1356288K), 0.0144042 secs] [Times: user=0.03 sys=0.00, real=0.01 secs] 
788.498: [GC (Allocation Failure) [PSYoungGen: 324540K->37716K(465920K)] 870709K->584190K(1356288K), 0.0076415 secs] [Times: user=0.02 sys=0.00, real=0.01 secs] 
788.887: [GC (Allocation Failure) [PSYoungGen: 270676K->184398K(465920K)] 817150K->732117K(1356288K), 0.0203469 secs] [Times: user=0.03 sys=0.00, real=0.02 secs] 
789.232: [GC (Allocation Failure) [PSYoungGen: 417358K->184269K(465920K)] 965077K->732262K(1356288K), 0.0201863 secs] [Times: user=0.03 sys=0.00, real=0.02 secs] 
791.048: [GC (Allocation Failure) [PSYoungGen: 409358K->92255K(465920K)] 957351K->640649K(1356288K), 0.0121046 secs] [Times: user=0.02 sys=0.00, real=0.01 secs] 
793.252: [GC (Allocation Failure) [PSYoungGen: 325215K->37973K(465920K)] 873609K->586545K(1356288K), 0.0070637 secs] [Times: user=0.02 sys=0.00, real=0.01 secs] 
793.557: [GC (Allocation Failure) [PSYoungGen: 270933K->184783K(465920K)] 819505K->734592K(1356288K), 0.0202894 secs] [Times: user=0.03 sys=0.00, real=0.02 secs] 
793.904: [GC (Allocation Failure) [PSYoungGen: 417743K->184687K(465920K)] 967552K->734769K(1356288K), 0.0202821 secs] [Times: user=0.03 sys=0.00, real=0.02 secs] 
796.177: [GC (Allocation Failure) [PSYoungGen: 406629K->91194K(465920K)] 956711K->641542K(1356288K), 0.0137844 secs] [Times: user=0.02 sys=0.01, real=0.01 secs] 
798.443: [GC (Allocation Failure) [PSYoungGen: 324154K->37716K(465920K)] 874502K->588369K(1356288K), 0.0073745 secs] [Times: user=0.02 sys=0.00, real=0.00 secs] 
798.834: [GC (Allocation Failure) [PSYoungGen: 270676K->184398K(465920K)] 821329K->736296K(1356288K), 0.0200910 secs] [Times: user=0.02 sys=0.00, real=0.02 secs] 
799.172: [GC (Allocation Failure) [PSYoungGen: 417358K->184526K(465920K)] 969256K->736698K(1356288K), 0.0202149 secs] [Times: user=0.03 sys=0.00, real=0.02 secs] 
801.000: [GC (Allocation Failure) [PSYoungGen: 407617K->91966K(465920K)] 959788K->644410K(1356288K), 0.0128317 secs] [Times: user=0.02 sys=0.00, real=0.01 secs] 
803.090: [GC (Allocation Failure) [PSYoungGen: 324926K->37845K(465920K)] 877370K->590619K(1356288K), 0.0063043 secs] [Times: user=0.02 sys=0.00, real=0.01 secs] 
803.373: [GC (Allocation Failure) [PSYoungGen: 270805K->184398K(465920K)] 823579K->738410K(1356288K), 0.0200767 secs] [Times: user=0.03 sys=0.00, real=0.02 secs] 
803.656: [GC (Allocation Failure) [PSYoungGen: 417358K->184269K(465920K)] 971370K->738554K(1356288K), 0.0200738 secs] [Times: user=0.03 sys=0.00, real=0.02 secs] 
804.449: [GC (Allocation Failure) [PSYoungGen: 409294K->92126K(465920K)] 963580K->646805K(1356288K), 0.0119095 secs] [Times: user=0.02 sys=0.00, real=0.01 secs] 
805.814: [GC (Allocation Failure) [PSYoungGen: 325086K->37588K(465920K)] 879765K->592444K(1356288K), 0.0076387 secs] [Times: user=0.01 sys=0.00, real=0.00 secs] 
806.174: [GC (Allocation Failure) [PSYoungGen: 270548K->184783K(465920K)] 825404K->740885K(1356288K), 0.0201188 secs] [Times: user=0.03 sys=0.00, real=0.02 secs] 
806.462: [GC (Allocation Failure) [PSYoungGen: 417743K->184687K(465920K)] 973845K->741061K(1356288K), 0.0201299 secs] [Times: user=0.02 sys=0.00, real=0.02 secs] 
808.775: [GC (Allocation Failure) [PSYoungGen: 407157K->91596K(465920K)] 963531K->648244K(1356288K), 0.0123508 secs] [Times: user=0.02 sys=0.00, real=0.01 secs] 
810.745: [GC (Allocation Failure) [PSYoungGen: 324556K->37877K(465920K)] 881204K->594830K(1356288K), 0.0063835 secs] [Times: user=0.02 sys=0.00, real=0.00 secs] 
811.102: [GC (Allocation Failure) [PSYoungGen: 270837K->184430K(465920K)] 827790K->742637K(1356288K), 0.0202221 secs] [Times: user=0.02 sys=0.00, real=0.02 secs] 
811.390: [GC (Allocation Failure) [PSYoungGen: 417390K->184558K(465920K)] 975597K->743038K(1356288K), 0.0201909 secs] [Times: user=0.02 sys=0.00, real=0.02 secs] 
812.719: [GC (Allocation Failure) [PSYoungGen: 407105K->91837K(465920K)] 965585K->650590K(1356288K), 0.0136976 secs] [Times: user=0.03 sys=0.00, real=0.02 secs] 
814.701: [GC (Allocation Failure) [PSYoungGen: 324797K->37970K(465920K)] 883550K->597033K(1356288K), 0.0065291 secs] [Times: user=0.01 sys=0.00, real=0.01 secs] 
814.981: [GC (Allocation Failure) [PSYoungGen: 270930K->184398K(465920K)] 829993K->744698K(1356288K), 0.0203629 secs] [Times: user=0.03 sys=0.00, real=0.02 secs] 
815.264: [GC (Allocation Failure) [PSYoungGen: 417358K->184269K(465920K)] 977658K->744842K(1356288K), 0.0203427 secs] [Times: user=0.02 sys=0.00, real=0.02 secs] 
816.790: [GC (Allocation Failure) [PSYoungGen: 409316K->92030K(465920K)] 969890K->653005K(1356288K), 0.0186267 secs] [Times: user=0.04 sys=0.00, real=0.02 secs] 
818.139: [GC (Allocation Failure) [PSYoungGen: 324990K->37941K(465920K)] 885965K->599093K(1356288K), 0.0055525 secs] [Times: user=0.01 sys=0.00, real=0.01 secs] 
818.408: [GC (Allocation Failure) [PSYoungGen: 270901K->184655K(465920K)] 832053K->747060K(1356288K), 0.0203058 secs] [Times: user=0.03 sys=0.00, real=0.02 secs] 
818.691: [GC (Allocation Failure) [PSYoungGen: 417615K->184623K(465920K)] 980020K->747301K(1356288K), 0.0201714 secs] [Times: user=0.03 sys=0.00, real=0.02 secs] 
819.820: [GC (Allocation Failure) [PSYoungGen: 407201K->91387K(465920K)] 969880K->654331K(1356288K), 0.0245505 secs] [Times: user=0.05 sys=0.00, real=0.03 secs] 
821.269: [GC (Allocation Failure) [PSYoungGen: 324347K->37813K(465920K)] 887291K->601073K(1356288K), 0.0055857 secs] [Times: user=0.01 sys=0.00, real=0.01 secs] 
821.537: [GC (Allocation Failure) [PSYoungGen: 270773K->184687K(465920K)] 834033K->749313K(1356288K), 0.0203236 secs] [Times: user=0.03 sys=0.00, real=0.02 secs] 
821.821: [GC (Allocation Failure) [PSYoungGen: 417647K->184655K(465920K)] 982273K->749425K(1356288K), 0.0201662 secs] [Times: user=0.02 sys=0.00, real=0.02 secs] 
822.958: [GC (Allocation Failure) [PSYoungGen: 407214K->91452K(465920K)] 971985K->656495K(1356288K), 0.0118491 secs] [Times: user=0.03 sys=0.00, real=0.01 secs] 
825.344: [GC (Allocation Failure) [PSYoungGen: 324412K->37588K(465920K)] 889455K->602929K(1356288K), 0.0072594 secs] [Times: user=0.01 sys=0.00, real=0.00 secs] 
825.653: [GC (Allocation Failure) [PSYoungGen: 270548K->183787K(465920K)] 835889K->750366K(1356288K), 0.0199791 secs] [Times: user=0.02 sys=0.00, real=0.02 secs] 
825.936: [GC (Allocation Failure) [PSYoungGen: 416747K->184430K(465920K)] 983326K->751282K(1356288K), 0.0200555 secs] [Times: user=0.02 sys=0.00, real=0.02 secs] 
826.624: [GC (Allocation Failure) [PSYoungGen: 409656K->92961K(465920K)] 976508K->660086K(1356288K), 0.0103293 secs] [Times: user=0.02 sys=0.00, real=0.01 secs] 
828.040: [GC (Allocation Failure) [PSYoungGen: 325921K->37459K(465920K)] 893046K->604906K(1356288K), 0.0075076 secs] [Times: user=0.02 sys=0.00, real=0.01 secs] 
828.351: [GC (Allocation Failure) [PSYoungGen: 270419K->183884K(465920K)] 837866K->752576K(1356288K), 0.0200335 secs] [Times: user=0.03 sys=0.00, real=0.02 secs] 
828.689: [GC (Allocation Failure) [PSYoungGen: 416844K->184494K(465920K)] 985536K->753460K(1356288K), 0.0201263 secs] [Times: user=0.02 sys=0.00, real=0.02 secs] 
829.336: [GC (Allocation Failure) [PSYoungGen: 409704K->92769K(465920K)] 978669K->662007K(1356288K), 0.0123145 secs] [Times: user=0.03 sys=0.00, real=0.01 secs] 
831.196: [GC (Allocation Failure) [PSYoungGen: 325729K->37556K(465920K)] 894967K->607102K(1356288K), 0.0069420 secs] [Times: user=0.01 sys=0.00, real=0.00 secs] 
831.493: [GC (Allocation Failure) [PSYoungGen: 270516K->184655K(465920K)] 840062K->755430K(1356288K), 0.0201578 secs] [Times: user=0.02 sys=0.00, real=0.02 secs] 
831.776: [GC (Allocation Failure) [PSYoungGen: 417615K->184687K(465920K)] 988390K->755735K(1356288K), 0.0201489 secs] [Times: user=0.03 sys=0.00, real=0.02 secs] 
833.410: [GC (Allocation Failure) [PSYoungGen: 407511K->91693K(465920K)] 978559K->663006K(1356288K), 0.0121861 secs] [Times: user=0.02 sys=0.00, real=0.01 secs] 
834.217: [GC (Allocation Failure) [PSYoungGen: 324653K->37941K(465920K)] 895966K->609553K(1356288K), 0.0055105 secs] [Times: user=0.02 sys=0.00, real=0.01 secs] 
834.488: [GC (Allocation Failure) [PSYoungGen: 270901K->183884K(465920K)] 842513K->756733K(1356288K), 0.0207546 secs] [Times: user=0.02 sys=0.00, real=0.02 secs] 
834.777: [GC (Allocation Failure) [PSYoungGen: 416844K->184430K(465920K)] 989693K->757552K(1356288K), 0.0200985 secs] [Times: user=0.03 sys=0.00, real=0.02 secs] 
835.879: [GC (Allocation Failure) [PSYoungGen: 409638K->92367K(465920K)] 982761K->665762K(1356288K), 0.0249434 secs] [Times: user=0.04 sys=0.00, real=0.03 secs] 
837.269: [GC (Allocation Failure) [PSYoungGen: 325327K->37813K(465920K)] 898722K->611514K(1356288K), 0.0055906 secs] [Times: user=0.01 sys=0.00, real=0.01 secs] 
837.541: [GC (Allocation Failure) [PSYoungGen: 270773K->184044K(465920K)] 844474K->758991K(1356288K), 0.0204294 secs] [Times: user=0.03 sys=0.00, real=0.02 secs] 
837.825: [GC (Allocation Failure) [PSYoungGen: 417004K->184944K(465920K)] 991951K->760163K(1356288K), 0.0202263 secs] [Times: user=0.03 sys=0.00, real=0.02 secs] 
838.962: [GC (Allocation Failure) [PSYoungGen: 410264K->91901K(465920K)] 985484K->667522K(1356288K), 0.0193887 secs] [Times: user=0.03 sys=0.00, real=0.02 secs] 
841.742: [GC (Allocation Failure) [PSYoungGen: 324861K->37748K(465920K)] 900482K->613555K(1356288K), 0.0078206 secs] [Times: user=0.01 sys=0.00, real=0.01 secs] 
842.063: [GC (Allocation Failure) [PSYoungGen: 270708K->184141K(465920K)] 846515K->761193K(1356288K), 0.0201480 secs] [Times: user=0.02 sys=0.01, real=0.02 secs] 
842.353: [GC (Allocation Failure) [PSYoungGen: 417101K->183626K(465920K)] 994153K->760952K(1356288K), 0.0201926 secs] [Times: user=0.02 sys=0.00, real=0.03 secs] 
843.925: [GC (Allocation Failure) [PSYoungGen: 410573K->93106K(465920K)] 987898K->670704K(1356288K), 0.0144555 secs] [Times: user=0.03 sys=0.00, real=0.01 secs] 
846.605: [GC (Allocation Failure) [PSYoungGen: 326066K->37459K(465920K)] 903664K->615347K(1356288K), 0.0071994 secs] [Times: user=0.02 sys=0.00, real=0.00 secs] 
846.915: [GC (Allocation Failure) [PSYoungGen: 270419K->184398K(465920K)] 848307K->763531K(1356288K), 0.0201040 secs] [Times: user=0.03 sys=0.00, real=0.02 secs] 
847.199: [GC (Allocation Failure) [PSYoungGen: 417358K->184687K(465920K)] 996491K->764093K(1356288K), 0.0201690 secs] [Times: user=0.03 sys=0.00, real=0.02 secs] 
848.100: [GC (Allocation Failure) [PSYoungGen: 407630K->92158K(465920K)] 987036K->671830K(1356288K), 0.0119893 secs] [Times: user=0.02 sys=0.00, real=0.01 secs] 
849.313: [GC (Allocation Failure) [PSYoungGen: 325118K->37813K(465920K)] 904790K->617800K(1356288K), 0.0062018 secs] [Times: user=0.01 sys=0.00, real=0.00 secs] 
849.589: [GC (Allocation Failure) [PSYoungGen: 270773K->184494K(465920K)] 850760K->765727K(1356288K), 0.0202474 secs] [Times: user=0.03 sys=0.00, real=0.02 secs] 
849.873: [GC (Allocation Failure) [PSYoungGen: 417454K->184558K(465920K)] 998687K->766080K(1356288K), 0.0202768 secs] [Times: user=0.03 sys=0.00, real=0.02 secs] 
850.863: [GC (Allocation Failure) [PSYoungGen: 407094K->91901K(465920K)] 988616K->673704K(1356288K), 0.0129428 secs] [Times: user=0.02 sys=0.00, real=0.01 secs] 
852.893: [GC (Allocation Failure) [PSYoungGen: 324861K->37459K(465920K)] 906664K->619579K(1356288K), 0.0080583 secs] [Times: user=0.02 sys=0.00, real=0.01 secs] 
853.218: [GC (Allocation Failure) [PSYoungGen: 270419K->184430K(465920K)] 852539K->767915K(1356288K), 0.0202140 secs] [Times: user=0.03 sys=0.00, real=0.02 secs] 
853.502: [GC (Allocation Failure) [PSYoungGen: 417390K->184526K(465920K)] 1000875K->768156K(1356288K), 0.0201539 secs] [Times: user=0.03 sys=0.00, real=0.02 secs] 
855.016: [GC (Allocation Failure) [PSYoungGen: 408097K->92255K(465920K)] 991727K->676150K(1356288K), 0.0274301 secs] [Times: user=0.05 sys=0.00, real=0.03 secs] 
856.304: [GC (Allocation Failure) [PSYoungGen: 325215K->37941K(465920K)] 909110K->622128K(1356288K), 0.0057730 secs] [Times: user=0.01 sys=0.00, real=0.00 secs] 
856.572: [GC (Allocation Failure) [PSYoungGen: 270901K->184430K(465920K)] 855088K->769854K(1356288K), 0.0203539 secs] [Times: user=0.03 sys=0.00, real=0.03 secs] 
856.915: [GC (Allocation Failure) [PSYoungGen: 417390K->184558K(465920K)] 1002814K->770256K(1356288K), 0.0202282 secs] [Times: user=0.02 sys=0.00, real=0.02 secs] 
858.012: [GC (Allocation Failure) [PSYoungGen: 407100K->91725K(465920K)] 992798K->677687K(1356288K), 0.0138653 secs] [Times: user=0.03 sys=0.00, real=0.02 secs] 
859.907: [GC (Allocation Failure) [PSYoungGen: 324685K->37620K(465920K)] 910647K->623888K(1356288K), 0.0075532 secs] [Times: user=0.01 sys=0.00, real=0.01 secs] 
860.290: [GC (Allocation Failure) [PSYoungGen: 270580K->184655K(465920K)] 856848K->772169K(1356288K), 0.0201924 secs] [Times: user=0.02 sys=0.00, real=0.02 secs] 
860.627: [GC (Allocation Failure) [PSYoungGen: 417615K->186422K(465920K)] 1005129K->774201K(1356288K), 0.0204950 secs] [Times: user=0.03 sys=0.00, real=0.02 secs] 
861.858: [GC (Allocation Failure) [PSYoungGen: 408321K->89941K(465920K)] 996100K->677985K(1356288K), 0.0183239 secs] [Times: user=0.03 sys=0.00, real=0.02 secs] 
863.106: [GC (Allocation Failure) [PSYoungGen: 322901K->37941K(465920K)] 910945K->626291K(1356288K), 0.0063381 secs] [Times: user=0.01 sys=0.00, real=0.00 secs] 
863.385: [GC (Allocation Failure) [PSYoungGen: 270901K->184783K(465920K)] 859251K->774371K(1356288K), 0.0202907 secs] [Times: user=0.02 sys=0.00, real=0.02 secs] 
863.668: [GC (Allocation Failure) [PSYoungGen: 417743K->184109K(465920K)] 1007331K->773969K(1356288K), 0.0200213 secs] [Times: user=0.02 sys=0.00, real=0.02 secs] 
864.350: [GC (Allocation Failure) [PSYoungGen: 407124K->91789K(465920K)] 996984K->681922K(1356288K), 0.0106594 secs] [Times: user=0.02 sys=0.00, real=0.01 secs] 
865.338: [GC (Allocation Failure) [PSYoungGen: 324749K->37845K(465920K)] 914882K->628270K(1356288K), 0.0063173 secs] [Times: user=0.02 sys=0.00, real=0.01 secs] 
865.683: [GC (Allocation Failure) [PSYoungGen: 270805K->184655K(465920K)] 861230K->776334K(1356288K), 0.0202220 secs] [Times: user=0.02 sys=0.00, real=0.02 secs] 
866.031: [GC (Allocation Failure) [PSYoungGen: 417615K->184719K(465920K)] 1009294K->776791K(1356288K), 0.0202468 secs] [Times: user=0.03 sys=0.00, real=0.02 secs] 
866.758: [GC (Allocation Failure) [PSYoungGen: 407172K->91452K(465920K)] 999245K->683789K(1356288K), 0.0112847 secs] [Times: user=0.02 sys=0.00, real=0.01 secs] 
868.327: [GC (Allocation Failure) [PSYoungGen: 324412K->37459K(465920K)] 916749K->629990K(1356288K), 0.0068063 secs] [Times: user=0.02 sys=0.00, real=0.01 secs] 
868.618: [GC (Allocation Failure) [PSYoungGen: 270419K->183755K(465920K)] 862950K->777532K(1356288K), 0.0202482 secs] [Times: user=0.03 sys=0.00, real=0.02 secs] 
868.901: [GC (Allocation Failure) [PSYoungGen: 416715K->184687K(465920K)] 1010492K->778736K(1356288K), 0.0204378 secs] [Times: user=0.02 sys=0.00, real=0.02 secs] 
870.122: [GC (Allocation Failure) [PSYoungGen: 410142K->92801K(465920K)] 1004191K->687115K(1356288K), 0.0256359 secs] [Times: user=0.04 sys=0.00, real=0.03 secs] 
871.425: [GC (Allocation Failure) [PSYoungGen: 325761K->37973K(465920K)] 920075K->632602K(1356288K), 0.0054679 secs] [Times: user=0.02 sys=0.00, real=0.00 secs] 
871.750: [GC (Allocation Failure) [PSYoungGen: 270933K->184526K(465920K)] 865562K->780392K(1356288K), 0.0203028 secs] [Times: user=0.02 sys=0.00, real=0.02 secs] 
872.033: [GC (Allocation Failure) [PSYoungGen: 417486K->184301K(465920K)] 1013352K->780440K(1356288K), 0.0201733 secs] [Times: user=0.03 sys=0.00, real=0.02 secs] 
873.471: [GC (Allocation Failure) [PSYoungGen: 409185K->91869K(465920K)] 1005324K->688273K(1356288K), 0.0200600 secs] [Times: user=0.04 sys=0.00, real=0.02 secs] 
874.591: [GC (Allocation Failure) [PSYoungGen: 324829K->37941K(465920K)] 921233K->634645K(1356288K), 0.0055610 secs] [Times: user=0.01 sys=0.00, real=0.01 secs] 
874.860: [GC (Allocation Failure) [PSYoungGen: 270901K->184526K(465920K)] 867605K->782476K(1356288K), 0.0201656 secs] [Times: user=0.03 sys=0.00, real=0.02 secs] 
875.143: [GC (Allocation Failure) [PSYoungGen: 417486K->184558K(465920K)] 1015436K->782781K(1356288K), 0.0203402 secs] [Times: user=0.03 sys=0.00, real=0.02 secs] 
876.457: [GC (Allocation Failure) [PSYoungGen: 407088K->91612K(465920K)] 1005311K->690100K(1356288K), 0.0127307 secs] [Times: user=0.03 sys=0.00, real=0.01 secs] 
878.593: [GC (Allocation Failure) [PSYoungGen: 324572K->37973K(465920K)] 923060K->636775K(1356288K), 0.0068669 secs] [Times: user=0.01 sys=0.00, real=0.00 secs] 
878.888: [GC (Allocation Failure) [PSYoungGen: 270933K->184912K(465920K)] 869735K->784959K(1356288K), 0.0203577 secs] [Times: user=0.03 sys=0.00, real=0.02 secs] 
879.232: [GC (Allocation Failure) [PSYoungGen: 417872K->184237K(465920K)] 1017919K->784557K(1356288K), 0.0202124 secs] [Times: user=0.02 sys=0.00, real=0.02 secs] 
879.898: [GC (Allocation Failure) [PSYoungGen: 406868K->91499K(465920K)] 1007188K->692213K(1356288K), 0.0117628 secs] [Times: user=0.02 sys=0.00, real=0.01 secs] 
881.470: [GC (Allocation Failure) [PSYoungGen: 324459K->37588K(465920K)] 925173K->638487K(1356288K), 0.0074676 secs] [Times: user=0.01 sys=0.00, real=0.01 secs] 
881.788: [GC (Allocation Failure) [PSYoungGen: 270548K->184655K(465920K)] 871447K->786791K(1356288K), 0.0203436 secs] [Times: user=0.03 sys=0.00, real=0.02 secs] 
882.131: [GC (Allocation Failure) [PSYoungGen: 417615K->184655K(465920K)] 1019751K->787193K(1356288K), 0.0203424 secs] [Times: user=0.02 sys=0.01, real=0.02 secs] 
882.829: [GC (Allocation Failure) [PSYoungGen: 407096K->91693K(465920K)] 1009635K->694504K(1356288K), 0.0119752 secs] [Times: user=0.03 sys=0.00, real=0.01 secs] 
884.215: [GC (Allocation Failure) [PSYoungGen: 324653K->37973K(465920K)] 927464K->640954K(1356288K), 0.0073585 secs] [Times: user=0.02 sys=0.00, real=0.00 secs] 
884.585: [GC (Allocation Failure) [PSYoungGen: 270933K->183755K(465920K)] 873914K->787973K(1356288K), 0.0203949 secs] [Times: user=0.02 sys=0.00, real=0.02 secs] 
884.873: [GC (Allocation Failure) [PSYoungGen: 416715K->184430K(465920K)] 1020933K->788921K(1356288K), 0.0202379 secs] [Times: user=0.02 sys=0.00, real=0.02 secs] 
886.406: [GC (Allocation Failure) [PSYoungGen: 409670K->92512K(465920K)] 1014161K->697268K(1356288K), 0.0161174 secs] [Times: user=0.03 sys=0.00, real=0.01 secs] 
888.620: [GC (Allocation Failure) [PSYoungGen: 325472K->37716K(465920K)] 930228K->642778K(1356288K), 0.0082262 secs] [Times: user=0.01 sys=0.00, real=0.01 secs] 
888.942: [GC (Allocation Failure) [PSYoungGen: 270676K->184141K(465920K)] 875738K->790440K(1356288K), 0.0204243 secs] [Times: user=0.03 sys=0.00, real=0.02 secs] 
889.232: [GC (Allocation Failure) [PSYoungGen: 417101K->184494K(465920K)] 1023400K->791059K(1356288K), 0.0203648 secs] [Times: user=0.03 sys=0.00, real=0.02 secs] 
890.736: [GC (Allocation Failure) [PSYoungGen: 408112K->92287K(465920K)] 1014677K->699116K(1356288K), 0.0266091 secs] [Times: user=0.05 sys=0.00, real=0.03 secs] 
892.530: [GC (Allocation Failure) [PSYoungGen: 325247K->37716K(465920K)] 932076K->644859K(1356288K), 0.0086002 secs] [Times: user=0.02 sys=0.00, real=0.01 secs] 
892.857: [GC (Allocation Failure) [PSYoungGen: 270676K->184430K(465920K)] 877819K->792818K(1356288K), 0.0203144 secs] [Times: user=0.03 sys=0.00, real=0.02 secs] 
893.144: [GC (Allocation Failure) [PSYoungGen: 417390K->184301K(465920K)] 1025778K->792963K(1356288K), 0.0203795 secs] [Times: user=0.03 sys=0.00, real=0.02 secs] 
894.141: [GC (Allocation Failure) [PSYoungGen: 409350K->92287K(465920K)] 1018012K->701342K(1356288K), 0.0137194 secs] [Times: user=0.03 sys=0.00, real=0.02 secs] 
894.962: [GC (Allocation Failure) [PSYoungGen: 325247K->37970K(465920K)] 934302K->647211K(1356288K), 0.0055290 secs] [Times: user=0.01 sys=0.00, real=0.01 secs] 
895.229: [GC (Allocation Failure) [PSYoungGen: 270930K->184269K(465920K)] 880171K->794755K(1356288K), 0.0201819 secs] [Times: user=0.03 sys=0.00, real=0.02 secs] 
895.512: [GC (Allocation Failure) [PSYoungGen: 417229K->184590K(465920K)] 1027715K->795478K(1356288K), 0.0202506 secs] [Times: user=0.03 sys=0.00, real=0.02 secs] 
896.370: [GC (Allocation Failure) [PSYoungGen: 407073K->91885K(465920K)] 1017961K->702909K(1356288K), 0.0135522 secs] [Times: user=0.03 sys=0.00, real=0.02 secs] 
897.378: [GC (Allocation Failure) [PSYoungGen: 324845K->37973K(465920K)] 935869K->649305K(1356288K), 0.0063570 secs] [Times: user=0.01 sys=0.00, real=0.01 secs] 
897.658: [GC (Allocation Failure) [PSYoungGen: 270933K->184398K(465920K)] 882265K->797104K(1356288K), 0.0205226 secs] [Times: user=0.03 sys=0.00, real=0.02 secs] 
897.945: [GC (Allocation Failure) [PSYoungGen: 417358K->184558K(465920K)] 1030064K->797409K(1356288K), 0.0203792 secs] [Times: user=0.03 sys=0.00, real=0.02 secs] 
899.478: [GC (Allocation Failure) [PSYoungGen: 407138K->91805K(465920K)] 1019989K->704920K(1356288K), 0.0189791 secs] [Times: user=0.04 sys=0.00, real=0.02 secs] 
902.203: [GC (Allocation Failure) [PSYoungGen: 324765K->37813K(465920K)] 937880K->651237K(1356288K), 0.0074879 secs] [Times: user=0.02 sys=0.00, real=0.01 secs] 
902.515: [GC (Allocation Failure) [PSYoungGen: 270773K->184398K(465920K)] 884197K->799188K(1356288K), 0.0204175 secs] [Times: user=0.02 sys=0.00, real=0.02 secs] 
902.802: [GC (Allocation Failure) [PSYoungGen: 417358K->184494K(465920K)] 1032148K->799429K(1356288K), 0.0202849 secs] [Times: user=0.03 sys=0.00, real=0.02 secs] 
904.625: [GC (Allocation Failure) [PSYoungGen: 407042K->91901K(465920K)] 1021977K->707101K(1356288K), 0.0131095 secs] [Times: user=0.03 sys=0.00, real=0.01 secs] 
906.152: [GC (Allocation Failure) [PSYoungGen: 324861K->37556K(465920K)] 940061K->653065K(1356288K), 0.0062411 secs] [Times: user=0.02 sys=0.00, real=0.01 secs] 
906.437: [GC (Allocation Failure) [PSYoungGen: 270516K->184398K(465920K)] 886025K->801289K(1356288K), 0.0204644 secs] [Times: user=0.03 sys=0.00, real=0.02 secs] 
906.784: [GC (Allocation Failure) [PSYoungGen: 417358K->184558K(465920K)] 1034249K->801586K(1356288K), 0.0204104 secs] [Times: user=0.03 sys=0.00, real=0.02 secs] 
908.437: [GC (Allocation Failure) [PSYoungGen: 407618K->92158K(465920K)] 1024646K->709460K(1356288K), 0.0172705 secs] [Times: user=0.03 sys=0.01, real=0.02 secs] 
910.230: [GC (Allocation Failure) [PSYoungGen: 325118K->37491K(465920K)] 942420K->655106K(1356288K), 0.0064846 secs] [Times: user=0.02 sys=0.00, real=0.01 secs] 
910.514: [GC (Allocation Failure) [PSYoungGen: 270451K->184558K(465920K)] 888066K->803427K(1356288K), 0.0202849 secs] [Times: user=0.03 sys=0.00, real=0.02 secs] 
910.798: [GC (Allocation Failure) [PSYoungGen: 417518K->184880K(465920K)] 1036387K->804021K(1356288K), 0.0203163 secs] [Times: user=0.03 sys=0.00, real=0.02 secs] 
912.369: [GC (Allocation Failure) [PSYoungGen: 408217K->91709K(465920K)] 1027359K->711115K(1356288K), 0.0166065 secs] [Times: user=0.03 sys=0.00, real=0.02 secs] 
914.027: [GC (Allocation Failure) [PSYoungGen: 324669K->37845K(465920K)] 944075K->657560K(1356288K), 0.0069113 secs] [Times: user=0.02 sys=0.00, real=0.01 secs] 
914.327: [GC (Allocation Failure) [PSYoungGen: 270805K->184526K(465920K)] 890520K->805471K(1356288K), 0.0205524 secs] [Times: user=0.02 sys=0.00, real=0.02 secs] 
914.611: [GC (Allocation Failure) [PSYoungGen: 417486K->184719K(465920K)] 1038431K->805936K(1356288K), 0.0202824 secs] [Times: user=0.03 sys=0.00, real=0.02 secs] 
915.947: [GC (Allocation Failure) [PSYoungGen: 407434K->91644K(465920K)] 1028651K->713255K(1356288K), 0.0246270 secs] [Times: user=0.05 sys=0.00, real=0.02 secs] 
917.905: [GC (Allocation Failure) [PSYoungGen: 324604K->37845K(465920K)] 946215K->659627K(1356288K), 0.0085744 secs] [Times: user=0.02 sys=0.00, real=0.01 secs] 
918.236: [GC (Allocation Failure) [PSYoungGen: 270805K->184687K(465920K)] 892587K->807715K(1356288K), 0.0204088 secs] [Times: user=0.02 sys=0.00, real=0.02 secs] 
918.578: [GC (Allocation Failure) [PSYoungGen: 417647K->184687K(465920K)] 1040675K->807988K(1356288K), 0.0205188 secs] [Times: user=0.03 sys=0.00, real=0.02 secs] 
919.460: [GC (Allocation Failure) [PSYoungGen: 407279K->91452K(465920K)] 1030580K->715018K(1356288K), 0.0119577 secs] [Times: user=0.03 sys=0.00, real=0.01 secs] 
921.172: [GC (Allocation Failure) [PSYoungGen: 324412K->37459K(465920K)] 947978K->661331K(1356288K), 0.0067806 secs] [Times: user=0.02 sys=0.00, real=0.01 secs] 
921.463: [GC (Allocation Failure) [PSYoungGen: 270419K->184655K(465920K)] 894291K->809901K(1356288K), 0.0204290 secs] [Times: user=0.02 sys=0.00, real=0.02 secs] 
921.752: [GC (Allocation Failure) [PSYoungGen: 417615K->184655K(465920K)] 1042861K->810037K(1356288K), 0.0202604 secs] [Times: user=0.03 sys=0.00, real=0.02 secs] 
923.219: [GC (Allocation Failure) [PSYoungGen: 409771K->91869K(465920K)] 1035154K->717517K(1356288K), 0.0193335 secs] [Times: user=0.04 sys=0.00, real=0.02 secs] 
925.092: [GC (Allocation Failure) [PSYoungGen: 324829K->37588K(465920K)] 950477K->663541K(1356288K), 0.0083607 secs] [Times: user=0.02 sys=0.00, real=0.01 secs] 
925.496: [GC (Allocation Failure) [PSYoungGen: 270548K->184655K(465920K)] 896501K->811974K(1356288K), 0.0204912 secs] [Times: user=0.02 sys=0.00, real=0.02 secs] 
925.779: [GC (Allocation Failure) [PSYoungGen: 417615K->184494K(465920K)] 1044934K->811958K(1356288K), 0.0203580 secs] [Times: user=0.03 sys=0.00, real=0.02 secs] 
926.453: [GC (Allocation Failure) [PSYoungGen: 404747K->91853K(465920K)] 1032211K->719719K(1356288K), 0.0126133 secs] [Times: user=0.02 sys=0.00, real=0.02 secs] 
927.261: [GC (Allocation Failure) [PSYoungGen: 324813K->37941K(465920K)] 952679K->665992K(1356288K), 0.0055362 secs] [Times: user=0.01 sys=0.00, real=0.01 secs] 
927.591: [GC (Allocation Failure) [PSYoungGen: 270901K->184655K(465920K)] 898952K->813943K(1356288K), 0.0207353 secs] [Times: user=0.03 sys=0.00, real=0.02 secs] 
927.934: [GC (Allocation Failure) [PSYoungGen: 417615K->184912K(465920K)] 1046903K->814473K(1356288K), 0.0203383 secs] [Times: user=0.03 sys=0.00, real=0.02 secs] 
928.603: [GC (Allocation Failure) [PSYoungGen: 407736K->91130K(465920K)] 1037298K->720957K(1356288K), 0.0124338 secs] [Times: user=0.02 sys=0.00, real=0.01 secs] 
929.541: [GC (Allocation Failure) [PSYoungGen: 324090K->37973K(465920K)] 953917K->668100K(1356288K), 0.0060231 secs] [Times: user=0.01 sys=0.00, real=0.01 secs] 
929.893: [GC (Allocation Failure) [PSYoungGen: 270933K->184590K(465920K)] 901060K->815978K(1356288K), 0.0203550 secs] [Times: user=0.03 sys=0.00, real=0.02 secs] 
930.234: [GC (Allocation Failure) [PSYoungGen: 417550K->184655K(465920K)] 1048938K->816308K(1356288K), 0.0202974 secs] [Times: user=0.03 sys=0.00, real=0.02 secs] 
930.876: [GC (Allocation Failure) [PSYoungGen: 407116K->91516K(465920K)] 1038769K->723570K(1356288K), 0.0118083 secs] [Times: user=0.02 sys=0.00, real=0.01 secs] 
931.841: [GC (Allocation Failure) [PSYoungGen: 324476K->37973K(465920K)] 956530K->670205K(1356288K), 0.0065916 secs] [Times: user=0.02 sys=0.00, real=0.01 secs] 
932.181: [GC (Allocation Failure) [PSYoungGen: 270933K->183948K(465920K)] 903165K->817417K(1356288K), 0.0202966 secs] [Times: user=0.03 sys=0.00, real=0.02 secs] 
932.524: [GC (Allocation Failure) [PSYoungGen: 416908K->184430K(465920K)] 1050377K->818301K(1356288K), 0.0204053 secs] [Times: user=0.02 sys=0.00, real=0.02 secs] 
933.597: [GC (Allocation Failure) [PSYoungGen: 409662K->92351K(465920K)] 1043533K->726359K(1356288K), 0.0126628 secs] [Times: user=0.03 sys=0.00, real=0.01 secs] 
935.142: [GC (Allocation Failure) [PSYoungGen: 325311K->37556K(465920K)] 959319K->671869K(1356288K), 0.0066135 secs] [Times: user=0.02 sys=0.00, real=0.01 secs] 
935.500: [GC (Allocation Failure) [PSYoungGen: 270516K->184719K(465920K)] 904829K->820278K(1356288K), 0.0204850 secs] [Times: user=0.02 sys=0.00, real=0.02 secs] 
935.841: [GC (Allocation Failure) [PSYoungGen: 417679K->184430K(465920K)] 1053238K->820254K(1356288K), 0.0203412 secs] [Times: user=0.03 sys=0.00, real=0.02 secs] 
936.474: [GC (Allocation Failure) [PSYoungGen: 409470K->92030K(465920K)] 1045294K->728119K(1356288K), 0.0123267 secs] [Times: user=0.02 sys=0.00, real=0.01 secs] 
938.396: [GC (Allocation Failure) [PSYoungGen: 324990K->37684K(465920K)] 961079K->674079K(1356288K), 0.0073172 secs] [Times: user=0.01 sys=0.00, real=0.01 secs] 
938.694: [GC (Allocation Failure) [PSYoungGen: 270644K->184815K(465920K)] 907039K->822584K(1356288K), 0.0206020 secs] [Times: user=0.03 sys=0.00, real=0.02 secs] 
939.036: [GC (Allocation Failure) [PSYoungGen: 417775K->184655K(465920K)] 1055544K->822568K(1356288K), 0.0204184 secs] [Times: user=0.02 sys=0.00, real=0.02 secs] 
940.289: [GC (Allocation Failure) [PSYoungGen: 407134K->91516K(465920K)] 1045048K->729694K(1356288K), 0.0124698 secs] [Times: user=0.03 sys=0.00, real=0.01 secs] 
941.538: [GC (Allocation Failure) [PSYoungGen: 324476K->37556K(465920K)] 962654K->676056K(1356288K), 0.0065176 secs] [Times: user=0.02 sys=0.00, real=0.01 secs] 
941.814: [GC (Allocation Failure) [PSYoungGen: 270516K->184462K(465920K)] 909016K->824216K(1356288K), 0.0204027 secs] [Times: user=0.03 sys=0.01, real=0.02 secs] 
942.096: [GC (Allocation Failure) [PSYoungGen: 417422K->184301K(465920K)] 1057176K->824328K(1356288K), 0.0202044 secs] [Times: user=0.03 sys=0.00, real=0.02 secs] 
943.511: [GC (Allocation Failure) [PSYoungGen: 409339K->92383K(465920K)] 1049366K->732812K(1356288K), 0.0146825 secs] [Times: user=0.03 sys=0.00, real=0.02 secs] 
944.317: [GC (Allocation Failure) [PSYoungGen: 325343K->38099K(465920K)] 965772K->678707K(1356288K), 0.0056539 secs] [Times: user=0.01 sys=0.00, real=0.01 secs] 
944.587: [GC (Allocation Failure) [PSYoungGen: 271059K->184719K(465920K)] 911667K->826709K(1356288K), 0.0204493 secs] [Times: user=0.02 sys=0.00, real=0.02 secs] 
944.871: [GC (Allocation Failure) [PSYoungGen: 417679K->184719K(465920K)] 1059669K->826982K(1356288K), 0.0203330 secs] [Times: user=0.02 sys=0.00, real=0.02 secs] 
946.194: [GC (Allocation Failure) [PSYoungGen: 407159K->91226K(465920K)] 1049422K->733763K(1356288K), 0.0123498 secs] [Times: user=0.02 sys=0.00, real=0.01 secs] 
948.341: [GC (Allocation Failure) [PSYoungGen: 324186K->37973K(465920K)] 966723K->680695K(1356288K), 0.0076451 secs] [Times: user=0.01 sys=0.00, real=0.01 secs] 
948.653: [GC (Allocation Failure) [PSYoungGen: 270933K->183916K(465920K)] 913655K->827883K(1356288K), 0.0203738 secs] [Times: user=0.03 sys=0.00, real=0.03 secs] 
948.939: [GC (Allocation Failure) [PSYoungGen: 416876K->184398K(465920K)] 1060843K->828638K(1356288K), 0.0204550 secs] [Times: user=0.03 sys=0.00, real=0.02 secs] 
950.846: [GC (Allocation Failure) [PSYoungGen: 408148K->92415K(465920K)] 1052388K->736921K(1356288K), 0.0255763 secs] [Times: user=0.05 sys=0.00, real=0.02 secs] 
952.154: [GC (Allocation Failure) [PSYoungGen: 325375K->37845K(465920K)] 969881K->682658K(1356288K), 0.0066977 secs] [Times: user=0.02 sys=0.00, real=0.00 secs] 
952.438: [GC (Allocation Failure) [PSYoungGen: 270805K->184944K(465920K)] 915618K->831002K(1356288K), 0.0204153 secs] [Times: user=0.02 sys=0.00, real=0.02 secs] 
952.724: [GC (Allocation Failure) [PSYoungGen: 417904K->184269K(465920K)] 1063962K->830601K(1356288K), 0.0204943 secs] [Times: user=0.03 sys=0.00, real=0.02 secs] 
953.385: [GC (Allocation Failure) [PSYoungGen: 407125K->91644K(465920K)] 1053457K->738377K(1356288K), 0.0112444 secs] [Times: user=0.02 sys=0.00, real=0.01 secs] 
954.198: [GC (Allocation Failure) [PSYoungGen: 324604K->37941K(465920K)] 971337K->684852K(1356288K), 0.0056469 secs] [Times: user=0.01 sys=0.00, real=0.01 secs] 
954.465: [GC (Allocation Failure) [PSYoungGen: 270901K->183851K(465920K)] 917812K->832015K(1356288K), 0.0203406 secs] [Times: user=0.03 sys=0.00, real=0.02 secs] 
954.754: [GC (Allocation Failure) [PSYoungGen: 416811K->184398K(465920K)] 1064975K->832835K(1356288K), 0.0204114 secs] [Times: user=0.02 sys=0.00, real=0.02 secs] 
955.400: [GC (Allocation Failure) [PSYoungGen: 408064K->92544K(465920K)] 1056501K->741246K(1356288K), 0.0107687 secs] [Times: user=0.02 sys=0.00, real=0.01 secs] 
956.761: [GC (Allocation Failure) [PSYoungGen: 325504K->37716K(465920K)] 974206K->686732K(1356288K), 0.0072511 secs] [Times: user=0.01 sys=0.00, real=0.01 secs] 
957.133: [GC (Allocation Failure) [PSYoungGen: 270676K->184430K(465920K)] 919692K->834699K(1356288K), 0.0206066 secs] [Times: user=0.03 sys=0.00, real=0.02 secs] 
957.416: [GC (Allocation Failure) [PSYoungGen: 417390K->184558K(465920K)] 1067659K->835101K(1356288K), 0.0215742 secs] [Times: user=0.03 sys=0.00, real=0.02 secs] 
959.007: [GC (Allocation Failure) [PSYoungGen: 407609K->92014K(465920K)] 1058151K->742829K(1356288K), 0.0164888 secs] [Times: user=0.03 sys=0.00, real=0.02 secs] 
960.311: [GC (Allocation Failure) [PSYoungGen: 324974K->37845K(465920K)] 975789K->688960K(1356288K), 0.0084421 secs] [Times: user=0.02 sys=0.00, real=0.01 secs] 
960.639: [GC (Allocation Failure) [PSYoungGen: 270805K->184462K(465920K)] 921920K->836839K(1356288K), 0.0204438 secs] [Times: user=0.03 sys=0.00, real=0.02 secs] 
960.921: [GC (Allocation Failure) [PSYoungGen: 417422K->184301K(465920K)] 1069799K->836951K(1356288K), 0.0204719 secs] [Times: user=0.03 sys=0.00, real=0.02 secs] 
963.255: [GC (Allocation Failure) [PSYoungGen: 409349K->92158K(465920K)] 1061999K->745202K(1356288K), 0.0202167 secs] [Times: user=0.04 sys=0.00, real=0.02 secs] 
964.414: [GC (Allocation Failure) [PSYoungGen: 325118K->37973K(465920K)] 978162K->691202K(1356288K), 0.0067424 secs] [Times: user=0.02 sys=0.00, real=0.00 secs] 
964.776: [GC (Allocation Failure) [PSYoungGen: 270933K->184847K(465920K)] 924162K->839322K(1356288K), 0.0205571 secs] [Times: user=0.02 sys=0.00, real=0.02 secs] 
965.060: [GC (Allocation Failure) [PSYoungGen: 417807K->184623K(465920K)] 1072282K->839491K(1356288K), 0.0204957 secs] [Times: user=0.03 sys=0.00, real=0.02 secs] 
967.134: [GC (Allocation Failure) [PSYoungGen: 407043K->91226K(465920K)] 1061911K->746231K(1356288K), 0.0268879 secs] [Times: user=0.06 sys=0.00, real=0.02 secs] 
968.887: [GC (Allocation Failure) [PSYoungGen: 324186K->37973K(465920K)] 979191K->693292K(1356288K), 0.0057097 secs] [Times: user=0.01 sys=0.00, real=0.01 secs] 
969.157: [GC (Allocation Failure) [PSYoungGen: 270933K->184719K(465920K)] 926252K->841291K(1356288K), 0.0204090 secs] [Times: user=0.02 sys=0.00, real=0.02 secs] 
969.496: [GC (Allocation Failure) [PSYoungGen: 417679K->184719K(465920K)] 1074251K->841572K(1356288K), 0.0204153 secs] [Times: user=0.03 sys=0.00, real=0.02 secs] 
970.961: [GC (Allocation Failure) [PSYoungGen: 407279K->91323K(465920K)] 1064132K->748465K(1356288K), 0.0213443 secs] [Times: user=0.04 sys=0.00, real=0.02 secs] 
973.033: [GC (Allocation Failure) [PSYoungGen: 324283K->37813K(465920K)] 981425K->695245K(1356288K), 0.0068591 secs] [Times: user=0.02 sys=0.00, real=0.00 secs] 
973.316: [GC (Allocation Failure) [PSYoungGen: 270773K->183884K(465920K)] 928205K->842561K(1356288K), 0.0206723 secs] [Times: user=0.02 sys=0.00, real=0.02 secs] 
973.662: [GC (Allocation Failure) [PSYoungGen: 416844K->184366K(465920K)] 1075521K->843437K(1356288K), 0.0205259 secs] [Times: user=0.02 sys=0.00, real=0.02 secs] 
974.685: [GC (Allocation Failure) [PSYoungGen: 409597K->92544K(465920K)] 1068668K->751759K(1356288K), 0.0127361 secs] [Times: user=0.03 sys=0.00, real=0.01 secs] 
975.736: [GC (Allocation Failure) [PSYoungGen: 325504K->37941K(465920K)] 984719K->697465K(1356288K), 0.0065839 secs] [Times: user=0.01 sys=0.00, real=0.00 secs] 
976.012: [GC (Allocation Failure) [PSYoungGen: 270901K->184687K(465920K)] 930425K->845448K(1356288K), 0.0202113 secs] [Times: user=0.03 sys=0.00, real=0.02 secs] 
976.296: [GC (Allocation Failure) [PSYoungGen: 417647K->184655K(465920K)] 1078408K->845818K(1356288K), 0.0202860 secs] [Times: user=0.03 sys=0.00, real=0.02 secs] 
977.379: [GC (Allocation Failure) [PSYoungGen: 407088K->91355K(465920K)] 1068251K->752783K(1356288K), 0.0124518 secs] [Times: user=0.03 sys=0.00, real=0.01 secs] 
978.545: [GC (Allocation Failure) [PSYoungGen: 324315K->37813K(465920K)] 985743K->699428K(1356288K), 0.0059415 secs] [Times: user=0.02 sys=0.00, real=0.00 secs] 
978.812: [GC (Allocation Failure) [PSYoungGen: 270773K->183884K(465920K)] 932388K->846744K(1356288K), 0.0203514 secs] [Times: user=0.03 sys=0.00, real=0.02 secs] 
979.096: [GC (Allocation Failure) [PSYoungGen: 416844K->184462K(465920K)] 1079704K->847716K(1356288K), 0.0204077 secs] [Times: user=0.03 sys=0.00, real=0.02 secs] 
981.021: [GC (Allocation Failure) [PSYoungGen: 409722K->92544K(465920K)] 1072976K->755935K(1356288K), 0.0200026 secs] [Times: user=0.04 sys=0.00, real=0.02 secs] 
982.684: [GC (Allocation Failure) [PSYoungGen: 325504K->37716K(465920K)] 988895K->701437K(1356288K), 0.0080298 secs] [Times: user=0.02 sys=0.00, real=0.00 secs] 
983.006: [GC (Allocation Failure) [PSYoungGen: 270676K->184655K(465920K)] 934397K->849629K(1356288K), 0.0206188 secs] [Times: user=0.03 sys=0.00, real=0.02 secs] 
983.347: [GC (Allocation Failure) [PSYoungGen: 417615K->184623K(465920K)] 1082589K->849998K(1356288K), 0.0205501 secs] [Times: user=0.03 sys=0.00, real=0.02 secs] 
984.545: [GC (Allocation Failure) [PSYoungGen: 407319K->91628K(465920K)] 1072695K->757269K(1356288K), 0.0193249 secs] [Times: user=0.04 sys=0.00, real=0.02 secs] 
985.454: [GC (Allocation Failure) [PSYoungGen: 324588K->38099K(465920K)] 990229K->703925K(1356288K), 0.0057109 secs] [Times: user=0.02 sys=0.00, real=0.00 secs] 
985.726: [GC (Allocation Failure) [PSYoungGen: 271059K->184687K(465920K)] 936885K->851879K(1356288K), 0.0204312 secs] [Times: user=0.03 sys=0.00, real=0.02 secs] 
986.072: [GC (Allocation Failure) [PSYoungGen: 417647K->184687K(465920K)] 1084839K->852023K(1356288K), 0.0205371 secs] [Times: user=0.02 sys=0.00, real=0.03 secs] 
987.036: [GC (Allocation Failure) [PSYoungGen: 407122K->91194K(465920K)] 1074459K->758796K(1356288K), 0.0135697 secs] [Times: user=0.03 sys=0.00, real=0.01 secs] 
989.569: [GC (Allocation Failure) [PSYoungGen: 324154K->37777K(465920K)] 991756K->705687K(1356288K), 0.0086730 secs] [Times: user=0.02 sys=0.00, real=0.01 secs] 
989.897: [GC (Allocation Failure) [PSYoungGen: 270737K->184687K(465920K)] 938647K->853850K(1356288K), 0.0204676 secs] [Times: user=0.03 sys=0.00, real=0.02 secs] 
990.185: [GC (Allocation Failure) [PSYoungGen: 417647K->184623K(465920K)] 1086810K->854059K(1356288K), 0.0205118 secs] [Times: user=0.02 sys=0.00, real=0.02 secs] 
991.783: [GC (Allocation Failure) [PSYoungGen: 407183K->91644K(465920K)] 1076619K->761345K(1356288K), 0.0199415 secs] [Times: user=0.04 sys=0.00, real=0.02 secs] 
993.724: [GC (Allocation Failure) [PSYoungGen: 324604K->37845K(465920K)] 994305K->707854K(1356288K), 0.0074913 secs] [Times: user=0.01 sys=0.00, real=0.00 secs] 
994.033: [GC (Allocation Failure) [PSYoungGen: 270805K->183626K(465920K)] 940814K->854881K(1356288K), 0.0203067 secs] [Times: user=0.03 sys=0.00, real=0.02 secs] 
994.317: [GC (Allocation Failure) [PSYoungGen: 416586K->184558K(465920K)] 1087841K->856086K(1356288K), 0.0203383 secs] [Times: user=0.02 sys=0.00, real=0.02 secs] 
995.015: [GC (Allocation Failure) [PSYoungGen: 408509K->92672K(465920K)] 1080037K->764465K(1356288K), 0.0109354 secs] [Times: user=0.02 sys=0.00, real=0.01 secs] 
995.964: [GC (Allocation Failure) [PSYoungGen: 325632K->37941K(465920K)] 997425K->710026K(1356288K), 0.0065754 secs] [Times: user=0.01 sys=0.00, real=0.00 secs] 
996.250: [GC (Allocation Failure) [PSYoungGen: 270901K->184912K(465920K)] 942986K->858234K(1356288K), 0.0204628 secs] [Times: user=0.02 sys=0.00, real=0.02 secs] 
996.593: [GC (Allocation Failure) [PSYoungGen: 417872K->184944K(465920K)] 1091194K->858539K(1356288K), 0.0204904 secs] [Times: user=0.03 sys=0.00, real=0.02 secs] 
997.585: [GC (Allocation Failure) [PSYoungGen: 407782K->90841K(465920K)] 1081377K->764702K(1356288K), 0.0124542 secs] [Times: user=0.02 sys=0.00, real=0.01 secs] 
999.158: [GC (Allocation Failure) [PSYoungGen: 323801K->37716K(465920K)] 997662K->711891K(1356288K), 0.0078425 secs] [Times: user=0.01 sys=0.00, real=0.01 secs] 
999.544: [GC (Allocation Failure) [PSYoungGen: 270676K->183819K(465920K)] 944851K->859247K(1356288K), 0.0203937 secs] [Times: user=0.03 sys=0.00, real=0.02 secs] 
999.832: [GC (Allocation Failure) [PSYoungGen: 416779K->184558K(465920K)] 1092207K->860259K(1356288K), 0.0203516 secs] [Times: user=0.03 sys=0.00, real=0.02 secs] 
1000.579: [GC (Allocation Failure) [PSYoungGen: 409620K->92560K(465920K)] 1085322K->768663K(1356288K), 0.0124513 secs] [Times: user=0.03 sys=0.00, real=0.01 secs] 
1002.157: [GC (Allocation Failure) [PSYoungGen: 325520K->37845K(465920K)] 1001623K->714117K(1356288K), 0.0071744 secs] [Times: user=0.02 sys=0.00, real=0.01 secs] 
1002.455: [GC (Allocation Failure) [PSYoungGen: 270805K->184655K(465920K)] 947077K->862164K(1356288K), 0.0203905 secs] [Times: user=0.03 sys=0.00, real=0.02 secs] 
1002.743: [GC (Allocation Failure) [PSYoungGen: 417615K->184687K(465920K)] 1095124K->862469K(1356288K), 0.0203580 secs] [Times: user=0.02 sys=0.00, real=0.02 secs] 
1003.488: [GC (Allocation Failure) [PSYoungGen: 407257K->91516K(465920K)] 1085039K->769563K(1356288K), 0.0114237 secs] [Times: user=0.03 sys=0.00, real=0.01 secs] 
1006.101: [GC (Allocation Failure) [PSYoungGen: 324476K->37459K(465920K)] 1002523K->715806K(1356288K), 0.0080056 secs] [Times: user=0.02 sys=0.00, real=0.01 secs] 
1006.422: [GC (Allocation Failure) [PSYoungGen: 270419K->184655K(465920K)] 948766K->864368K(1356288K), 0.0205324 secs] [Times: user=0.03 sys=0.00, real=0.03 secs] 
1006.771: [GC (Allocation Failure) [PSYoungGen: 417615K->184719K(465920K)] 1097328K->864577K(1356288K), 0.0204030 secs] [Times: user=0.03 sys=0.00, real=0.02 secs] 
1007.539: [GC (Allocation Failure) [PSYoungGen: 407282K->91837K(465920K)] 1087140K->771960K(1356288K), 0.0126984 secs] [Times: user=0.03 sys=0.00, real=0.01 secs] 
1008.342: [GC (Allocation Failure) [PSYoungGen: 324797K->37941K(465920K)] 1004920K->718356K(1356288K), 0.0057270 secs] [Times: user=0.01 sys=0.00, real=0.01 secs] 
1008.609: [GC (Allocation Failure) [PSYoungGen: 270901K->183787K(465920K)] 951316K->865440K(1356288K), 0.0203953 secs] [Times: user=0.03 sys=0.00, real=0.02 secs] 
1008.902: [GC (Allocation Failure) [PSYoungGen: 416747K->184430K(465920K)] 1098400K->866355K(1356288K), 0.0204213 secs] [Times: user=0.02 sys=0.00, real=0.02 secs] 
1010.484: [GC (Allocation Failure) [PSYoungGen: 409704K->92544K(465920K)] 1091630K->774742K(1356288K), 0.0162384 secs] [Times: user=0.03 sys=0.00, real=0.01 secs] 
1012.812: [GC (Allocation Failure) [PSYoungGen: 325504K->37716K(465920K)] 1007702K->720229K(1356288K), 0.0076998 secs] [Times: user=0.02 sys=0.01, real=0.01 secs] 
1013.122: [GC (Allocation Failure) [PSYoungGen: 270676K->184655K(465920K)] 953189K->868405K(1356288K), 0.0205924 secs] [Times: user=0.03 sys=0.00, real=0.03 secs] 
1013.412: [GC (Allocation Failure) [PSYoungGen: 417615K->184687K(465920K)] 1101365K->868838K(1356288K), 0.0205749 secs] [Times: user=0.03 sys=0.00, real=0.03 secs] 
1015.491: [GC (Allocation Failure) [PSYoungGen: 407374K->91596K(465920K)] 1091526K->776013K(1356288K), 0.0269706 secs] [Times: user=0.05 sys=0.00, real=0.03 secs] 
1018.038: [GC (Allocation Failure) [PSYoungGen: 324556K->37845K(465920K)] 1008973K->722433K(1356288K), 0.0075747 secs] [Times: user=0.02 sys=0.00, real=0.01 secs] 
1018.413: [GC (Allocation Failure) [PSYoungGen: 270805K->184655K(465920K)] 955393K->870489K(1356288K), 0.0207711 secs] [Times: user=0.02 sys=0.00, real=0.02 secs] 
1018.697: [GC (Allocation Failure) [PSYoungGen: 417615K->184623K(465920K)] 1103449K->870730K(1356288K), 0.0204203 secs] [Times: user=0.03 sys=0.00, real=0.02 secs] 
1019.767: [GC (Allocation Failure) [PSYoungGen: 407213K->91452K(465920K)] 1093320K->777823K(1356288K), 0.0164412 secs] [Times: user=0.03 sys=0.00, real=0.02 secs] 
1021.086: [GC (Allocation Failure) [PSYoungGen: 324412K->37973K(465920K)] 1010783K->724669K(1356288K), 0.0058800 secs] [Times: user=0.01 sys=0.00, real=0.00 secs] 
1021.355: [GC (Allocation Failure) [PSYoungGen: 270933K->183916K(465920K)] 957629K->871857K(1356288K), 0.0204536 secs] [Times: user=0.03 sys=0.00, real=0.02 secs] 
1021.638: [GC (Allocation Failure) [PSYoungGen: 416876K->184430K(465920K)] 1104817K->872644K(1356288K), 0.0204656 secs] [Times: user=0.03 sys=0.00, real=0.02 secs] 
1022.717: [GC (Allocation Failure) [PSYoungGen: 409652K->92335K(465920K)] 1097866K->780815K(1356288K), 0.0210860 secs] [Times: user=0.04 sys=0.00, real=0.02 secs] 
1024.038: [GC (Allocation Failure) [PSYoungGen: 325295K->37813K(465920K)] 1013775K->726598K(1356288K), 0.0058068 secs] [Times: user=0.01 sys=0.00, real=0.01 secs] 
1024.306: [GC (Allocation Failure) [PSYoungGen: 270773K->184012K(465920K)] 959558K->874035K(1356288K), 0.0205131 secs] [Times: user=0.03 sys=0.00, real=0.02 secs] 
1024.594: [GC (Allocation Failure) [PSYoungGen: 416972K->184494K(465920K)] 1106995K->874790K(1356288K), 0.0203147 secs] [Times: user=0.02 sys=0.00, real=0.02 secs] 
1027.178: [GC (Allocation Failure) [PSYoungGen: 409649K->92287K(465920K)] 1099945K->782847K(1356288K), 0.0244502 secs] [Times: user=0.05 sys=0.00, real=0.02 secs] 
1029.107: [GC (Allocation Failure) [PSYoungGen: 325247K->38198K(465920K)] 1015807K->729073K(1356288K), 0.0058309 secs] [Times: user=0.01 sys=0.00, real=0.01 secs] 
1029.385: [GC (Allocation Failure) [PSYoungGen: 271158K->184719K(465920K)] 962033K->876831K(1356288K), 0.0205497 secs] [Times: user=0.03 sys=0.00, real=0.02 secs] 
1029.732: [GC (Allocation Failure) [PSYoungGen: 417679K->184687K(465920K)] 1109791K->877224K(1356288K), 0.0204772 secs] [Times: user=0.02 sys=0.00, real=0.02 secs] 
1031.338: [GC (Allocation Failure) [PSYoungGen: 406999K->91098K(465920K)] 1099537K->783772K(1356288K), 0.0162968 secs] [Times: user=0.03 sys=0.00, real=0.02 secs] 
1033.127: [GC (Allocation Failure) [PSYoungGen: 324058K->37716K(465920K)] 1016732K->730696K(1356288K), 0.0093407 secs] [Times: user=0.03 sys=0.00, real=0.01 secs] 
1033.431: [GC (Allocation Failure) [PSYoungGen: 270676K->184655K(465920K)] 963656K->879009K(1356288K), 0.0204932 secs] [Times: user=0.03 sys=0.00, real=0.02 secs] 
1033.715: [GC (Allocation Failure) [PSYoungGen: 417615K->184719K(465920K)] 1111969K->879217K(1356288K), 0.0203365 secs] [Times: user=0.02 sys=0.00, real=0.02 secs] 
1035.003: [GC (Allocation Failure) [PSYoungGen: 407290K->91564K(465920K)] 1101789K->786336K(1356288K), 0.0257642 secs] [Times: user=0.05 sys=0.00, real=0.02 secs] 
1036.805: [GC (Allocation Failure) [PSYoungGen: 324524K->37845K(465920K)] 1019296K->732924K(1356288K), 0.0069659 secs] [Times: user=0.02 sys=0.00, real=0.00 secs] 
1037.098: [GC (Allocation Failure) [PSYoungGen: 270805K->184655K(465920K)] 965884K->880972K(1356288K), 0.0203955 secs] [Times: user=0.03 sys=0.00, real=0.02 secs] 
1037.381: [GC (Allocation Failure) [PSYoungGen: 417615K->184655K(465920K)] 1113932K->881245K(1356288K), 0.0204002 secs] [Times: user=0.03 sys=0.00, real=0.02 secs] 
1039.302: [GC (Allocation Failure) [PSYoungGen: 407203K->91467K(465920K)] 1103794K->788323K(1356288K), 0.0170433 secs] [Times: user=0.03 sys=0.00, real=0.02 secs] 
1041.834: [GC (Allocation Failure) [PSYoungGen: 324427K->37331K(465920K)] 1021283K->734494K(1356288K), 0.0083761 secs] [Times: user=0.02 sys=0.00, real=0.00 secs] 
1042.159: [GC (Allocation Failure) [PSYoungGen: 270291K->183755K(465920K)] 967454K->882164K(1356288K), 0.0204905 secs] [Times: user=0.03 sys=0.00, real=0.02 secs] 
1042.496: [GC (Allocation Failure) [PSYoungGen: 416715K->184430K(465920K)] 1115124K->883112K(1356288K), 0.0201469 secs] [Times: user=0.03 sys=0.00, real=0.02 secs] 
1043.753: [GC (Allocation Failure) [PSYoungGen: 409657K->93154K(465920K)] 1108339K->792102K(1356288K), 0.0133371 secs] [Times: user=0.03 sys=0.01, real=0.02 secs] 
1045.292: [GC (Allocation Failure) [PSYoungGen: 326114K->37845K(465920K)] 1025062K->737090K(1356288K), 0.0073328 secs] [Times: user=0.02 sys=0.00, real=0.01 secs] 
1045.669: [GC (Allocation Failure) [PSYoungGen: 270805K->184655K(465920K)] 970050K->885153K(1356288K), 0.0206793 secs] [Times: user=0.03 sys=0.00, real=0.02 secs] 
1046.012: [GC (Allocation Failure) [PSYoungGen: 417615K->184687K(465920K)] 1118113K->885587K(1356288K), 0.0204737 secs] [Times: user=0.03 sys=0.00, real=0.02 secs] 
1047.221: [GC (Allocation Failure) [PSYoungGen: 407129K->91484K(465920K)] 1108030K->792649K(1356288K), 0.0169187 secs] [Times: user=0.03 sys=0.00, real=0.02 secs] 
1048.735: [GC (Allocation Failure) [PSYoungGen: 324444K->37973K(465920K)] 1025609K->739324K(1356288K), 0.0069761 secs] [Times: user=0.02 sys=0.00, real=0.00 secs] 
1049.024: [GC (Allocation Failure) [PSYoungGen: 270933K->183787K(465920K)] 972284K->886375K(1356288K), 0.0204263 secs] [Times: user=0.02 sys=0.01, real=0.02 secs] 
1049.312: [GC (Allocation Failure) [PSYoungGen: 416747K->184430K(465920K)] 1119335K->887291K(1356288K), 0.0203981 secs] [Times: user=0.02 sys=0.00, real=0.02 secs] 
1050.325: [GC (Allocation Failure) [PSYoungGen: 409709K->92528K(465920K)] 1112570K->795662K(1356288K), 0.0129781 secs] [Times: user=0.03 sys=0.00, real=0.01 secs] 
1051.550: [GC (Allocation Failure) [PSYoungGen: 325488K->37684K(465920K)] 1028622K->741110K(1356288K), 0.0057505 secs] [Times: user=0.01 sys=0.00, real=0.01 secs] 
1051.880: [GC (Allocation Failure) [PSYoungGen: 270644K->184655K(465920K)] 974070K->889334K(1356288K), 0.0209113 secs] [Times: user=0.03 sys=0.00, real=0.02 secs] 
1052.164: [GC (Allocation Failure) [PSYoungGen: 417615K->184687K(465920K)] 1122294K->889768K(1356288K), 0.0204660 secs] [Times: user=0.03 sys=0.01, real=0.02 secs] 
1052.816: [GC (Allocation Failure) [PSYoungGen: 407381K->91580K(465920K)] 1112463K->796926K(1356288K), 0.0123405 secs] [Times: user=0.03 sys=0.00, real=0.01 secs] 
1053.672: [GC (Allocation Failure) [PSYoungGen: 324540K->37941K(465920K)] 1029886K->743467K(1356288K), 0.0056423 secs] [Times: user=0.02 sys=0.00, real=0.01 secs] 
1053.940: [GC (Allocation Failure) [PSYoungGen: 270901K->183916K(465920K)] 976427K->890687K(1356288K), 0.0204718 secs] [Times: user=0.03 sys=0.00, real=0.02 secs] 
1054.224: [GC (Allocation Failure) [PSYoungGen: 416876K->184462K(465920K)] 1123647K->891506K(1356288K), 0.0204151 secs] [Times: user=0.02 sys=0.00, real=0.02 secs] 
1055.221: [GC (Allocation Failure) [PSYoungGen: 409672K->92415K(465920K)] 1116716K->799725K(1356288K), 0.0138354 secs] [Times: user=0.03 sys=0.00, real=0.02 secs] 
1056.042: [GC (Allocation Failure) [PSYoungGen: 325375K->37941K(465920K)] 1032685K->745549K(1356288K), 0.0057631 secs] [Times: user=0.01 sys=0.00, real=0.01 secs] 
1056.314: [GC (Allocation Failure) [PSYoungGen: 270901K->184173K(465920K)] 978509K->893018K(1356288K), 0.0206230 secs] [Times: user=0.03 sys=0.00, real=0.02 secs] 
1056.596: [GC (Allocation Failure) [PSYoungGen: 417133K->183594K(465920K)] 1125978K->892713K(1356288K), 0.0204572 secs] [Times: user=0.03 sys=0.00, real=0.02 secs] 
1058.243: [GC (Allocation Failure) [PSYoungGen: 408512K->92929K(465920K)] 1117630K->802312K(1356288K), 0.0201018 secs] [Times: user=0.04 sys=0.00, real=0.02 secs] 
1059.587: [GC (Allocation Failure) [PSYoungGen: 325889K->37973K(465920K)] 1035272K->747664K(1356288K), 0.0058829 secs] [Times: user=0.01 sys=0.00, real=0.01 secs] 
1059.857: [GC (Allocation Failure) [PSYoungGen: 270933K->184719K(465920K)] 980624K->895663K(1356288K), 0.0206379 secs] [Times: user=0.03 sys=0.00, real=0.02 secs] 
1060.151: [GC (Allocation Failure) [PSYoungGen: 417679K->184430K(465920K)] 1128623K->895647K(1356288K), 0.0203777 secs] [Times: user=0.03 sys=0.00, real=0.02 secs] 
1061.502: [GC (Allocation Failure) [PSYoungGen: 406903K->91532K(465920K)] 1118121K->803015K(1356288K), 0.0276116 secs] [Times: user=0.06 sys=0.00, real=0.03 secs] 
1063.483: [GC (Allocation Failure) [PSYoungGen: 324492K->37845K(465920K)] 1035975K->749617K(1356288K), 0.0071736 secs] [Times: user=0.02 sys=0.00, real=0.00 secs] 
1063.778: [GC (Allocation Failure) [PSYoungGen: 270805K->184719K(465920K)] 982577K->897745K(1356288K), 0.0204712 secs] [Times: user=0.02 sys=0.00, real=0.02 secs] 
1064.061: [GC (Allocation Failure) [PSYoungGen: 417679K->184430K(465920K)] 1130705K->897729K(1356288K), 0.0203598 secs] [Times: user=0.03 sys=0.00, real=0.02 secs] 
1064.760: [GC (Allocation Failure) [PSYoungGen: 407167K->91741K(465920K)] 1120466K->805313K(1356288K), 0.0111962 secs] [Times: user=0.02 sys=0.00, real=0.01 secs] 
1065.758: [GC (Allocation Failure) [PSYoungGen: 324701K->37973K(465920K)] 1038273K->751846K(1356288K), 0.0068544 secs] [Times: user=0.01 sys=0.00, real=0.01 secs] 
1066.039: [GC (Allocation Failure) [PSYoungGen: 270933K->183948K(465920K)] 984806K->899074K(1356288K), 0.0206182 secs] [Times: user=0.03 sys=0.00, real=0.02 secs] 
1066.380: [GC (Allocation Failure) [PSYoungGen: 416908K->184398K(465920K)] 1132034K->899797K(1356288K), 0.0203451 secs] [Times: user=0.02 sys=0.01, real=0.02 secs] 
1067.258: [GC (Allocation Failure) [PSYoungGen: 409614K->92351K(465920K)] 1125013K->808023K(1356288K), 0.0123706 secs] [Times: user=0.02 sys=0.00, real=0.01 secs] 
1069.443: [GC (Allocation Failure) [PSYoungGen: 325311K->37363K(465920K)] 1040983K->753343K(1356288K), 0.0085954 secs] [Times: user=0.03 sys=0.00, real=0.01 secs] 
1069.777: [GC (Allocation Failure) [PSYoungGen: 270323K->184623K(465920K)] 986303K->901985K(1356288K), 0.0207449 secs] [Times: user=0.03 sys=0.00, real=0.02 secs] 
1070.065: [GC (Allocation Failure) [PSYoungGen: 417583K->184719K(465920K)] 1134945K->902354K(1356288K), 0.0205882 secs] [Times: user=0.02 sys=0.00, real=0.02 secs] 
1071.271: [GC (Allocation Failure) [PSYoungGen: 409857K->91950K(465920K)] 1127493K->809722K(1356288K), 0.0202694 secs] [Times: user=0.05 sys=0.00, real=0.02 secs] 
1072.649: [GC (Allocation Failure) [PSYoungGen: 324910K->37813K(465920K)] 1042682K->755882K(1356288K), 0.0057741 secs] [Times: user=0.01 sys=0.00, real=0.01 secs] 
1072.957: [GC (Allocation Failure) [PSYoungGen: 270773K->184430K(465920K)] 988842K->903745K(1356288K), 0.0234506 secs] [Times: user=0.04 sys=0.00, real=0.02 secs] 
1073.311: [GC (Allocation Failure) [PSYoungGen: 417390K->184687K(465920K)] 1136705K->904395K(1356288K), 0.0204376 secs] [Times: user=0.03 sys=0.00, real=0.02 secs] 
1074.217: [GC (Allocation Failure) [PSYoungGen: 407481K->91725K(465920K)] 1127190K->811570K(1356288K), 0.0133414 secs] [Times: user=0.03 sys=0.00, real=0.01 secs] 
1075.868: [GC (Allocation Failure) [PSYoungGen: 324685K->37459K(465920K)] 1044530K->757618K(1356288K), 0.0076230 secs] [Times: user=0.02 sys=0.00, real=0.01 secs] 
1076.218: [GC (Allocation Failure) [PSYoungGen: 270419K->183819K(465920K)] 990578K->905232K(1356288K), 0.0204015 secs] [Times: user=0.03 sys=0.00, real=0.02 secs] 
1076.558: [GC (Allocation Failure) [PSYoungGen: 416779K->184398K(465920K)] 1138192K->906083K(1356288K), 0.0203385 secs] [Times: user=0.02 sys=0.00, real=0.02 secs] 
1077.634: [GC (Allocation Failure) [PSYoungGen: 409622K->93026K(465920K)] 1131308K->814977K(1356288K), 0.0163911 secs] [Times: user=0.04 sys=0.00, real=0.01 secs] 
1079.547: [GC (Allocation Failure) [PSYoungGen: 325986K->37620K(465920K)] 1047937K->759892K(1356288K), 0.0075713 secs] [Times: user=0.02 sys=0.00, real=0.01 secs] 
1079.932: [GC (Allocation Failure) [PSYoungGen: 270580K->184687K(465920K)] 992852K->908213K(1356288K), 0.0206255 secs] [Times: user=0.03 sys=0.00, real=0.02 secs] 
1080.275: [GC (Allocation Failure) [PSYoungGen: 417647K->184655K(465920K)] 1141173K->908454K(1356288K), 0.0203505 secs] [Times: user=0.02 sys=0.00, real=0.02 secs] 
1083.473: [GC (Allocation Failure) [PSYoungGen: 407482K->91693K(465920K)] 1131281K->815757K(1356288K), 0.0268464 secs] [Times: user=0.05 sys=0.00, real=0.02 secs] 
1085.774: [GC (Allocation Failure) [PSYoungGen: 324653K->37813K(465920K)] 1048717K->762175K(1356288K), 0.0077617 secs] [Times: user=0.02 sys=0.00, real=0.00 secs] 
1086.081: [GC (Allocation Failure) [PSYoungGen: 270773K->184719K(465920K)] 995135K->910318K(1356288K), 0.0205668 secs] [Times: user=0.03 sys=0.00, real=0.02 secs] 
1086.367: [GC (Allocation Failure) [PSYoungGen: 417679K->184687K(465920K)] 1143278K->910559K(1356288K), 0.0204640 secs] [Times: user=0.03 sys=0.00, real=0.02 secs] 
1087.511: [GC (Allocation Failure) [PSYoungGen: 407245K->91484K(465920K)] 1133117K->817621K(1356288K), 0.0169956 secs] [Times: user=0.04 sys=0.00, real=0.02 secs] 
1089.864: [GC (Allocation Failure) [PSYoungGen: 324444K->37491K(465920K)] 1050581K->763934K(1356288K), 0.0086163 secs] [Times: user=0.02 sys=0.00, real=0.00 secs] 
1090.193: [GC (Allocation Failure) [PSYoungGen: 270451K->183819K(465920K)] 996894K->911516K(1356288K), 0.0205601 secs] [Times: user=0.02 sys=0.00, real=0.02 secs] 
1090.533: [GC (Allocation Failure) [PSYoungGen: 416779K->184655K(465920K)] 1144476K->912625K(1356288K), 0.0204642 secs] [Times: user=0.03 sys=0.00, real=0.02 secs] 
1091.164: [GC (Allocation Failure) [PSYoungGen: 410084K->92785K(465920K)] 1138054K->821036K(1356288K), 0.0124769 secs] [Times: user=0.03 sys=0.00, real=0.01 secs] 
1091.966: [GC (Allocation Failure) [PSYoungGen: 325745K->37941K(465920K)] 1053996K->766482K(1356288K), 0.0057481 secs] [Times: user=0.02 sys=0.00, real=0.00 secs] 
1092.235: [GC (Allocation Failure) [PSYoungGen: 270901K->184430K(465920K)] 999442K->914216K(1356288K), 0.0206202 secs] [Times: user=0.03 sys=0.00, real=0.02 secs] 
1092.519: [GC (Allocation Failure) [PSYoungGen: 417390K->184655K(465920K)] 1147176K->914843K(1356288K), 0.0203807 secs] [Times: user=0.03 sys=0.00, real=0.02 secs] 
1094.838: [GC (Allocation Failure) [PSYoungGen: 407187K->91596K(465920K)] 1137375K->821928K(1356288K), 0.0150244 secs] [Times: user=0.03 sys=0.00, real=0.02 secs] 
1095.871: [GC (Allocation Failure) [PSYoungGen: 324556K->37973K(465920K)] 1054888K->768619K(1356288K), 0.0066465 secs] [Times: user=0.02 sys=0.00, real=0.01 secs] 
1096.147: [GC (Allocation Failure) [PSYoungGen: 270933K->183658K(465920K)] 1001579K->915550K(1356288K), 0.0205102 secs] [Times: user=0.03 sys=0.00, real=0.02 secs] 
1096.431: [GC (Allocation Failure) [PSYoungGen: 416618K->184526K(465920K)] 1148510K->916691K(1356288K), 0.0203451 secs] [Times: user=0.03 sys=0.00, real=0.02 secs] 
1097.516: [GC (Allocation Failure) [PSYoungGen: 408341K->92512K(465920K)] 1140506K->824950K(1356288K), 0.0126799 secs] [Times: user=0.02 sys=0.00, real=0.01 secs] 
1098.438: [GC (Allocation Failure) [PSYoungGen: 325472K->37845K(465920K)] 1057910K->770583K(1356288K), 0.0057751 secs] [Times: user=0.01 sys=0.00, real=0.01 secs] 
1098.710: [GC (Allocation Failure) [PSYoungGen: 270805K->184815K(465920K)] 1003543K->918799K(1356288K), 0.0205333 secs] [Times: user=0.03 sys=0.00, real=0.02 secs] 
1098.994: [GC (Allocation Failure) [PSYoungGen: 417775K->184944K(465920K)] 1151759K->919192K(1356288K), 0.0204582 secs] [Times: user=0.03 sys=0.00, real=0.02 secs] 
1101.110: [GC (Allocation Failure) [PSYoungGen: 407833K->91066K(465920K)] 1142082K->825716K(1356288K), 0.0279905 secs] [Times: user=0.06 sys=0.00, real=0.03 secs] 
1103.061: [GC (Allocation Failure) [PSYoungGen: 324026K->37716K(465920K)] 1058676K->772546K(1356288K), 0.0072288 secs] [Times: user=0.02 sys=0.00, real=0.01 secs] 
1103.358: [GC (Allocation Failure) [PSYoungGen: 270676K->184558K(465920K)] 1005506K->920770K(1356288K), 0.0206536 secs] [Times: user=0.03 sys=0.00, real=0.02 secs] 
1103.645: [GC (Allocation Failure) [PSYoungGen: 417518K->184590K(465920K)] 1153730K->921075K(1356288K), 0.0203448 secs] [Times: user=0.02 sys=0.00, real=0.02 secs] 
1105.624: [GC (Allocation Failure) [PSYoungGen: 407082K->91885K(465920K)] 1143567K->828515K(1356288K), 0.0215981 secs] [Times: user=0.05 sys=0.00, real=0.02 secs] 
1107.378: [GC (Allocation Failure) [PSYoungGen: 324845K->37845K(465920K)] 1061475K->774780K(1356288K), 0.0073211 secs] [Times: user=0.02 sys=0.00, real=0.01 secs] 
1107.675: [GC (Allocation Failure) [PSYoungGen: 270805K->184430K(465920K)] 1007740K->922610K(1356288K), 0.0206281 secs] [Times: user=0.03 sys=0.00, real=0.02 secs] 
1107.958: [GC (Allocation Failure) [PSYoungGen: 417390K->184526K(465920K)] 1155570K->922980K(1356288K), 0.0206291 secs] [Times: user=0.03 sys=0.00, real=0.02 secs] 
1108.660: [GC (Allocation Failure) [PSYoungGen: 407075K->91933K(465920K)] 1145529K->830652K(1356288K), 0.0112607 secs] [Times: user=0.02 sys=0.00, real=0.01 secs] 
1110.193: [GC (Allocation Failure) [PSYoungGen: 324893K->37620K(465920K)] 1063612K->776646K(1356288K), 0.0071028 secs] [Times: user=0.01 sys=0.00, real=0.00 secs] 
1110.484: [GC (Allocation Failure) [PSYoungGen: 270580K->184462K(465920K)] 1009606K->924878K(1356288K), 0.0205252 secs] [Times: user=0.03 sys=0.01, real=0.02 secs] 
1110.773: [GC (Allocation Failure) [PSYoungGen: 417422K->184558K(465920K)] 1157838K->925119K(1356288K), 0.0203325 secs] [Times: user=0.03 sys=0.00, real=0.02 secs] 
1111.882: [GC (Allocation Failure) [PSYoungGen: 407617K->92126K(465920K)] 1148179K->832952K(1356288K), 0.0132732 secs] [Times: user=0.03 sys=0.00, real=0.02 secs] 
1113.705: [GC (Allocation Failure) [PSYoungGen: 325086K->37299K(465920K)] 1065912K->778423K(1356288K), 0.0067218 secs] [Times: user=0.01 sys=0.00, real=0.00 secs] 
1113.990: [GC (Allocation Failure) [PSYoungGen: 270259K->184687K(465920K)] 1011383K->927056K(1356288K), 0.0205496 secs] [Times: user=0.03 sys=0.00, real=0.02 secs] 
1114.329: [GC (Allocation Failure) [PSYoungGen: 417647K->184012K(465920K)] 1160016K->926655K(1356288K), 0.0205447 secs] [Times: user=0.03 sys=0.00, real=0.02 secs] 
1115.558: [GC (Allocation Failure) [PSYoungGen: 408110K->92640K(465920K)] 1150753K->835548K(1356288K), 0.0153660 secs] [Times: user=0.03 sys=0.00, real=0.02 secs] 
1116.528: [GC (Allocation Failure) [PSYoungGen: 325600K->37813K(465920K)] 1068508K->781042K(1356288K), 0.0066470 secs] [Times: user=0.02 sys=0.00, real=0.01 secs] 
1116.809: [GC (Allocation Failure) [PSYoungGen: 270773K->184976K(465920K)] 1014002K->929459K(1356288K), 0.0206673 secs] [Times: user=0.03 sys=0.00, real=0.02 secs] 
1117.152: [GC (Allocation Failure) [PSYoungGen: 417936K->184301K(465920K)] 1162419K->929057K(1356288K), 0.0206994 secs] [Times: user=0.03 sys=0.00, real=0.03 secs] 
1118.570: [GC (Allocation Failure) [PSYoungGen: 407156K->91612K(465920K)] 1151912K->836762K(1356288K), 0.0167088 secs] [Times: user=0.04 sys=0.00, real=0.02 secs] 
1119.946: [GC (Allocation Failure) [PSYoungGen: 324572K->37748K(465920K)] 1069722K->783077K(1356288K), 0.0068037 secs] [Times: user=0.01 sys=0.00, real=0.01 secs] 
1120.233: [GC (Allocation Failure) [PSYoungGen: 270708K->184590K(465920K)] 1016037K->931309K(1356288K), 0.0205607 secs] [Times: user=0.03 sys=0.00, real=0.03 secs] 
1120.516: [GC (Allocation Failure) [PSYoungGen: 417550K->184398K(465920K)] 1164269K->931253K(1356288K), 0.0203670 secs] [Times: user=0.03 sys=0.00, real=0.02 secs] 
1121.246: [GC (Allocation Failure) [PSYoungGen: 409455K->91966K(465920K)] 1156311K->839086K(1356288K), 0.0100501 secs] [Times: user=0.02 sys=0.00, real=0.01 secs] 
1122.212: [GC (Allocation Failure) [PSYoungGen: 324926K->38070K(465920K)] 1072046K->785496K(1356288K), 0.0067526 secs] [Times: user=0.01 sys=0.00, real=0.01 secs] 
1122.489: [GC (Allocation Failure) [PSYoungGen: 271030K->184430K(465920K)] 1018456K->933109K(1356288K), 0.0204711 secs] [Times: user=0.03 sys=0.00, real=0.02 secs] 
1122.773: [GC (Allocation Failure) [PSYoungGen: 417390K->184655K(465920K)] 1166069K->933736K(1356288K), 0.0204389 secs] [Times: user=0.03 sys=0.00, real=0.02 secs] 
1124.663: [GC (Allocation Failure) [PSYoungGen: 407189K->91484K(465920K)] 1156270K->840701K(1356288K), 0.0266748 secs] [Times: user=0.06 sys=0.00, real=0.02 secs] 
1126.603: [GC (Allocation Failure) [PSYoungGen: 324444K->37973K(465920K)] 1073661K->787499K(1356288K), 0.0068118 secs] [Times: user=0.02 sys=0.00, real=0.01 secs] 
1126.888: [GC (Allocation Failure) [PSYoungGen: 270933K->183819K(465920K)] 1020459K->934599K(1356288K), 0.0204403 secs] [Times: user=0.03 sys=0.00, real=0.02 secs] 
1127.172: [GC (Allocation Failure) [PSYoungGen: 416779K->184366K(465920K)] 1167559K->935418K(1356288K), 0.0203854 secs] [Times: user=0.03 sys=0.00, real=0.02 secs] 
1128.492: [GC (Allocation Failure) [PSYoungGen: 409608K->92480K(465920K)] 1160661K->843797K(1356288K), 0.0139598 secs] [Times: user=0.03 sys=0.00, real=0.02 secs] 
1130.256: [GC (Allocation Failure) [PSYoungGen: 325440K->37363K(465920K)] 1076757K->788986K(1356288K), 0.0071259 secs] [Times: user=0.02 sys=0.00, real=0.01 secs] 
1130.625: [GC (Allocation Failure) [PSYoungGen: 270323K->184687K(465920K)] 1021946K->937572K(1356288K), 0.0207920 secs] [Times: user=0.03 sys=0.00, real=0.02 secs] 
1130.970: [GC (Allocation Failure) [PSYoungGen: 417647K->184623K(465920K)] 1170532K->937909K(1356288K), 0.0207488 secs] [Times: user=0.03 sys=0.00, real=0.02 secs] 
1131.606: [GC (Allocation Failure) [PSYoungGen: 409633K->92030K(465920K)] 1162919K->845581K(1356288K), 0.0128516 secs] [Times: user=0.03 sys=0.00, real=0.01 secs] 
1132.420: [GC (Allocation Failure) [PSYoungGen: 324990K->38005K(465920K)] 1078541K->791742K(1356288K), 0.0058548 secs] [Times: user=0.01 sys=0.00, real=0.01 secs] 
1132.745: [GC (Allocation Failure) [PSYoungGen: 270965K->184398K(465920K)] 1024702K->939372K(1356288K), 0.0206490 secs] [Times: user=0.03 sys=0.00, real=0.02 secs] 
1133.029: [GC (Allocation Failure) [PSYoungGen: 417358K->184719K(465920K)] 1172332K->939958K(1356288K), 0.0204264 secs] [Times: user=0.02 sys=0.00, real=0.02 secs] 
1133.796: [GC (Allocation Failure) [PSYoungGen: 407168K->91644K(465920K)] 1162408K->847149K(1356288K), 0.0118459 secs] [Times: user=0.02 sys=0.00, real=0.01 secs] 
1135.889: [GC (Allocation Failure) [PSYoungGen: 324604K->37331K(465920K)] 1080109K->793127K(1356288K), 0.0072608 secs] [Times: user=0.01 sys=0.00, real=0.01 secs] 
1136.189: [GC (Allocation Failure) [PSYoungGen: 270291K->184398K(465920K)] 1026087K->941560K(1356288K), 0.0205889 secs] [Times: user=0.03 sys=0.00, real=0.02 secs] 
1136.473: [GC (Allocation Failure) [PSYoungGen: 417358K->184590K(465920K)] 1174520K->941897K(1356288K), 0.0204277 secs] [Times: user=0.02 sys=0.00, real=0.02 secs] 
1137.149: [GC (Allocation Failure) [PSYoungGen: 408195K->92383K(465920K)] 1165502K->849956K(1356288K), 0.0118270 secs] [Times: user=0.03 sys=0.00, real=0.01 secs] 
1137.974: [GC (Allocation Failure) [PSYoungGen: 325343K->38070K(465920K)] 1082916K->795942K(1356288K), 0.0058294 secs] [Times: user=0.01 sys=0.00, real=0.00 secs] 
1138.243: [GC (Allocation Failure) [PSYoungGen: 271030K->184398K(465920K)] 1028902K->943508K(1356288K), 0.0203808 secs] [Times: user=0.03 sys=0.00, real=0.02 secs] 
1138.535: [GC (Allocation Failure) [PSYoungGen: 417358K->184494K(465920K)] 1176468K->943877K(1356288K), 0.0204002 secs] [Times: user=0.03 sys=0.00, real=0.02 secs] 
1140.040: [GC (Allocation Failure) [PSYoungGen: 407068K->91580K(465920K)] 1166452K->851228K(1356288K), 0.0208704 secs] [Times: user=0.04 sys=0.00, real=0.02 secs] 
1142.264: [GC (Allocation Failure) [PSYoungGen: 324540K->37813K(465920K)] 1084188K->797767K(1356288K), 0.0080813 secs] [Times: user=0.02 sys=0.00, real=0.00 secs] 
1142.628: [GC (Allocation Failure) [PSYoungGen: 270773K->184398K(465920K)] 1030727K->945605K(1356288K), 0.0206262 secs] [Times: user=0.03 sys=0.00, real=0.02 secs] 
1142.910: [GC (Allocation Failure) [PSYoungGen: 417358K->184269K(465920K)] 1178565K->945750K(1356288K), 0.0205391 secs] [Times: user=0.03 sys=0.00, real=0.02 secs] 
1143.533: [GC (Allocation Failure) [PSYoungGen: 409313K->92190K(465920K)] 1170794K->854072K(1356288K), 0.0130304 secs] [Times: user=0.02 sys=0.01, real=0.01 secs] 
1144.701: [GC (Allocation Failure) [PSYoungGen: 325150K->37845K(465920K)] 1087032K->799904K(1356288K), 0.0097915 secs] [Times: user=0.03 sys=0.00, real=0.01 secs] 
1145.067: [GC (Allocation Failure) [PSYoungGen: 270805K->184783K(465920K)] 1032864K->948072K(1356288K), 0.0206894 secs] [Times: user=0.03 sys=0.00, real=0.02 secs] 
1145.351: [GC (Allocation Failure) [PSYoungGen: 417743K->184655K(465920K)] 1181032K->948209K(1356288K), 0.0205111 secs] [Times: user=0.03 sys=0.00, real=0.02 secs] 
1146.427: [GC (Allocation Failure) [PSYoungGen: 407194K->91387K(465920K)] 1170748K->855206K(1356288K), 0.0124999 secs] [Times: user=0.03 sys=0.00, real=0.01 secs] 
1147.517: [GC (Allocation Failure) [PSYoungGen: 324347K->36817K(465920K)] 1088166K->800941K(1356288K), 0.0066755 secs] [Times: user=0.01 sys=0.00, real=0.01 secs] 
1147.794: [GC (Allocation Failure) [PSYoungGen: 269777K->184815K(465920K)] 1033901K->950178K(1356288K), 0.0206106 secs] [Times: user=0.03 sys=0.00, real=0.02 secs] 
1148.078: [GC (Allocation Failure) [PSYoungGen: 417775K->184655K(465920K)] 1183138K->950290K(1356288K), 0.0205383 secs] [Times: user=0.03 sys=0.00, real=0.02 secs] 
1149.496: [GC (Allocation Failure) [PSYoungGen: 409793K->92383K(465920K)] 1175428K->858284K(1356288K), 0.0149816 secs] [Times: user=0.03 sys=0.00, real=0.01 secs] 
1151.108: [GC (Allocation Failure) [PSYoungGen: 325343K->37842K(465920K)] 1091244K->804050K(1356288K), 0.0056977 secs] [Times: user=0.02 sys=0.00, real=0.01 secs] 
1151.378: [GC (Allocation Failure) [PSYoungGen: 270802K->184655K(465920K)] 1037010K->952092K(1356288K), 0.0205012 secs] [Times: user=0.03 sys=0.00, real=0.02 secs] 
1151.664: [GC (Allocation Failure) [PSYoungGen: 417615K->184655K(465920K)] 1185052K->952365K(1356288K), 0.0204647 secs] [Times: user=0.03 sys=0.00, real=0.02 secs] 
1152.341: [GC (Allocation Failure) [PSYoungGen: 407212K->91516K(465920K)] 1174923K->859491K(1356288K), 0.0113384 secs] [Times: user=0.02 sys=0.00, real=0.01 secs] 
1153.207: [GC (Allocation Failure) [PSYoungGen: 324476K->38131K(465920K)] 1092451K->806416K(1356288K), 0.0060186 secs] [Times: user=0.01 sys=0.00, real=0.01 secs] 
1153.478: [GC (Allocation Failure) [PSYoungGen: 271091K->184173K(465920K)] 1039376K->953704K(1356288K), 0.0205992 secs] [Times: user=0.03 sys=0.00, real=0.02 secs] 
1153.820: [GC (Allocation Failure) [PSYoungGen: 417133K->184655K(465920K)] 1186664K->954459K(1356288K), 0.0204581 secs] [Times: user=0.02 sys=0.00, real=0.02 secs] 
1155.488: [GC (Allocation Failure) [PSYoungGen: 407814K->91709K(465920K)] 1177618K->861906K(1356288K), 0.0124964 secs] [Times: user=0.03 sys=0.00, real=0.01 secs] 
1157.094: [GC (Allocation Failure) [PSYoungGen: 324669K->37716K(465920K)] 1094866K->808085K(1356288K), 0.0073940 secs] [Times: user=0.02 sys=0.00, real=0.00 secs] 
1157.469: [GC (Allocation Failure) [PSYoungGen: 270676K->184526K(465920K)] 1041045K->956125K(1356288K), 0.0204969 secs] [Times: user=0.02 sys=0.00, real=0.02 secs] 
1157.809: [GC (Allocation Failure) [PSYoungGen: 417486K->184719K(465920K)] 1189085K->956591K(1356288K), 0.0205022 secs] [Times: user=0.02 sys=0.00, real=0.02 secs] 
1158.549: [GC (Allocation Failure) [PSYoungGen: 407170K->91805K(465920K)] 1179042K->864078K(1356288K), 0.0126693 secs] [Times: user=0.03 sys=0.00, real=0.01 secs] 
1159.387: [GC (Allocation Failure) [PSYoungGen: 324765K->37973K(465920K)] 1097038K->810418K(1356288K), 0.0059193 secs] [Times: user=0.02 sys=0.00, real=0.00 secs] 
1159.655: [GC (Allocation Failure) [PSYoungGen: 270933K->183755K(465920K)] 1043378K->957454K(1356288K), 0.0205082 secs] [Times: user=0.03 sys=0.00, real=0.02 secs] 
1159.938: [GC (Allocation Failure) [PSYoungGen: 416715K->184462K(465920K)] 1190414K->958433K(1356288K), 0.0203644 secs] [Times: user=0.03 sys=0.00, real=0.02 secs] 
1161.089: [GC (Allocation Failure) [PSYoungGen: 409683K->92480K(465920K)] 1183655K->866717K(1356288K), 0.0193907 secs] [Times: user=0.04 sys=0.00, real=0.02 secs] 
1162.125: [GC (Allocation Failure) [PSYoungGen: 325440K->38102K(465920K)] 1099677K->812639K(1356288K), 0.0095489 secs] [Times: user=0.02 sys=0.01, real=0.01 secs] 
1162.546: [GC (Allocation Failure) [PSYoungGen: 271062K->184655K(465920K)] 1045599K->960437K(1356288K), 0.0205134 secs] [Times: user=0.02 sys=0.00, real=0.02 secs] 
1162.834: [GC (Allocation Failure) [PSYoungGen: 417615K->184655K(465920K)] 1193397K->960839K(1356288K), 0.0206554 secs] [Times: user=0.03 sys=0.00, real=0.02 secs] 
1163.472: [GC (Allocation Failure) [PSYoungGen: 407097K->91258K(465920K)] 1183281K->867708K(1356288K), 0.0126592 secs] [Times: user=0.03 sys=0.00, real=0.02 secs] 
1164.292: [GC (Allocation Failure) [PSYoungGen: 324218K->37973K(465920K)] 1100668K->814610K(1356288K), 0.0058537 secs] [Times: user=0.01 sys=0.00, real=0.01 secs] 
1164.561: [GC (Allocation Failure) [PSYoungGen: 270933K->183884K(465920K)] 1047570K->961758K(1356288K), 0.0204840 secs] [Times: user=0.03 sys=0.00, real=0.02 secs] 
1164.851: [GC (Allocation Failure) [PSYoungGen: 416844K->184815K(465920K)] 1194718K->962963K(1356288K), 0.0205005 secs] [Times: user=0.03 sys=0.00, real=0.02 secs] 
1166.491: [GC (Allocation Failure) [PSYoungGen: 410125K->91982K(465920K)] 1188272K->870531K(1356288K), 0.0174434 secs] [Times: user=0.04 sys=0.00, real=0.02 secs] 
1167.933: [GC (Allocation Failure) [PSYoungGen: 324942K->37845K(465920K)] 1103491K->816571K(1356288K), 0.0072504 secs] [Times: user=0.02 sys=0.00, real=0.00 secs] 
1168.224: [GC (Allocation Failure) [PSYoungGen: 270805K->184655K(465920K)] 1049531K->964626K(1356288K), 0.0205107 secs] [Times: user=0.03 sys=0.00, real=0.02 secs] 
1168.588: [GC (Allocation Failure) [PSYoungGen: 417615K->184687K(465920K)] 1197586K->964931K(1356288K), 0.0208262 secs] [Times: user=0.02 sys=0.00, real=0.02 secs] 
1170.060: [GC (Allocation Failure) [PSYoungGen: 407269K->91484K(465920K)] 1187513K->871993K(1356288K), 0.0141349 secs] [Times: user=0.03 sys=0.00, real=0.02 secs] 
1171.318: [GC (Allocation Failure) [PSYoungGen: 324444K->37941K(465920K)] 1104953K->818759K(1356288K), 0.0068221 secs] [Times: user=0.02 sys=0.00, real=0.01 secs] 
1171.600: [GC (Allocation Failure) [PSYoungGen: 270901K->184655K(465920K)] 1051719K->966838K(1356288K), 0.0205827 secs] [Times: user=0.03 sys=0.01, real=0.02 secs] 
1171.884: [GC (Allocation Failure) [PSYoungGen: 417615K->184623K(465920K)] 1199798K->966943K(1356288K), 0.0207649 secs] [Times: user=0.03 sys=0.00, real=0.02 secs] 
1173.181: [GC (Allocation Failure) [PSYoungGen: 407181K->91371K(465920K)] 1189501K->873972K(1356288K), 0.0202933 secs] [Times: user=0.05 sys=0.00, real=0.02 secs] 
1175.219: [GC (Allocation Failure) [PSYoungGen: 324331K->37941K(465920K)] 1106932K->820851K(1356288K), 0.0092539 secs] [Times: user=0.03 sys=0.00, real=0.01 secs] 
1175.614: [GC (Allocation Failure) [PSYoungGen: 270901K->183884K(465920K)] 1053811K->968030K(1356288K), 0.0206120 secs] [Times: user=0.03 sys=0.00, real=0.02 secs] 
1175.958: [GC (Allocation Failure) [PSYoungGen: 416844K->184366K(465920K)] 1200990K->968786K(1356288K), 0.0206865 secs] [Times: user=0.03 sys=0.00, real=0.02 secs] 
1177.176: [GC (Allocation Failure) [PSYoungGen: 409577K->92415K(465920K)] 1193997K->877100K(1356288K), 0.0151064 secs] [Times: user=0.04 sys=0.00, real=0.01 secs] 
1178.821: [GC (Allocation Failure) [PSYoungGen: 325375K->37845K(465920K)] 1110060K->822830K(1356288K), 0.0071460 secs] [Times: user=0.02 sys=0.00, real=0.01 secs] 
1179.116: [GC (Allocation Failure) [PSYoungGen: 270805K->184655K(465920K)] 1055790K->970877K(1356288K), 0.0206647 secs] [Times: user=0.03 sys=0.00, real=0.02 secs] 
1179.400: [GC (Allocation Failure) [PSYoungGen: 417615K->184494K(465920K)] 1203837K->970989K(1356288K), 0.0205446 secs] [Times: user=0.03 sys=0.01, real=0.02 secs] 
1181.143: [GC (Allocation Failure) [PSYoungGen: 407219K->91741K(465920K)] 1193715K->878517K(1356288K), 0.0164718 secs] [Times: user=0.03 sys=0.00, real=0.02 secs] 
1182.122: [GC (Allocation Failure) [PSYoungGen: 324701K->38070K(465920K)] 1111477K->825144K(1356288K), 0.0068922 secs] [Times: user=0.02 sys=0.00, real=0.01 secs] 
1182.402: [GC (Allocation Failure) [PSYoungGen: 271030K->184655K(465920K)] 1058104K->973095K(1356288K), 0.0205729 secs] [Times: user=0.02 sys=0.00, real=0.03 secs] 
1182.692: [GC (Allocation Failure) [PSYoungGen: 417615K->184687K(465920K)] 1206055K->973272K(1356288K), 0.0206318 secs] [Times: user=0.03 sys=0.00, real=0.03 secs] 
1184.203: [GC (Allocation Failure) [PSYoungGen: 407107K->91146K(465920K)] 1195692K->879997K(1356288K), 0.0164154 secs] [Times: user=0.04 sys=0.00, real=0.01 secs] 
1186.649: [GC (Allocation Failure) [PSYoungGen: 324106K->38230K(465920K)] 1112957K->827386K(1356288K), 0.0074377 secs] [Times: user=0.02 sys=0.00, real=0.01 secs] 
1186.949: [GC (Allocation Failure) [PSYoungGen: 271190K->184655K(465920K)] 1060346K->975185K(1356288K), 0.0206452 secs] [Times: user=0.03 sys=0.00, real=0.02 secs] 
1187.235: [GC (Allocation Failure) [PSYoungGen: 417615K->184687K(465920K)] 1208145K->975361K(1356288K), 0.0208556 secs] [Times: user=0.03 sys=0.00, real=0.02 secs] 
1188.053: [GC (Allocation Failure) [PSYoungGen: 406973K->91098K(465920K)] 1197648K->882038K(1356288K), 0.0120297 secs] [Times: user=0.03 sys=0.00, real=0.01 secs] 
1189.615: [GC (Allocation Failure) [PSYoungGen: 324058K->37845K(465920K)] 1114998K->829084K(1356288K), 0.0076107 secs] [Times: user=0.02 sys=0.00, real=0.00 secs] 
1189.913: [GC (Allocation Failure) [PSYoungGen: 270805K->184655K(465920K)] 1062044K->977148K(1356288K), 0.0207263 secs] [Times: user=0.03 sys=0.00, real=0.02 secs] 
1190.198: [GC (Allocation Failure) [PSYoungGen: 417615K->184719K(465920K)] 1210108K->977485K(1356288K), 0.0205555 secs] [Times: user=0.02 sys=0.00, real=0.02 secs] 
1190.993: [GC (Allocation Failure) [PSYoungGen: 407270K->91484K(465920K)] 1200036K->884515K(1356288K), 0.0110661 secs] [Times: user=0.02 sys=0.00, real=0.01 secs] 
1192.695: [GC (Allocation Failure) [PSYoungGen: 324444K->37716K(465920K)] 1117475K->831053K(1356288K), 0.0081079 secs] [Times: user=0.02 sys=0.00, real=0.01 secs] 
1193.080: [GC (Allocation Failure) [PSYoungGen: 270676K->184655K(465920K)] 1064013K->979229K(1356288K), 0.0205929 secs] [Times: user=0.03 sys=0.00, real=0.02 secs] 
1193.372: [GC (Allocation Failure) [PSYoungGen: 417615K->184687K(465920K)] 1212189K->979535K(1356288K), 0.0206752 secs] [Times: user=0.03 sys=0.00, real=0.02 secs] 
1194.006: [GC (Allocation Failure) [PSYoungGen: 407230K->91564K(465920K)] 1202078K->886677K(1356288K), 0.0129521 secs] [Times: user=0.03 sys=0.00, real=0.01 secs] 
1194.902: [GC (Allocation Failure) [PSYoungGen: 324524K->38070K(465920K)] 1119637K->833491K(1356288K), 0.0068318 secs] [Times: user=0.02 sys=0.00, real=0.01 secs] 
1195.182: [GC (Allocation Failure) [PSYoungGen: 271030K->184655K(465920K)] 1066451K->981329K(1356288K), 0.0205661 secs] [Times: user=0.02 sys=0.00, real=0.03 secs] 
1195.472: [GC (Allocation Failure) [PSYoungGen: 417615K->184655K(465920K)] 1214289K->981602K(1356288K), 0.0205601 secs] [Times: user=0.03 sys=0.00, real=0.03 secs] 
1196.638: [GC (Allocation Failure) [PSYoungGen: 407082K->91226K(465920K)] 1204030K->888439K(1356288K), 0.0256432 secs] [Times: user=0.06 sys=0.00, real=0.03 secs] 
1198.168: [GC (Allocation Failure) [PSYoungGen: 324186K->37813K(465920K)] 1121399K->835333K(1356288K), 0.0069463 secs] [Times: user=0.01 sys=0.00, real=0.01 secs] 
1198.454: [GC (Allocation Failure) [PSYoungGen: 270773K->184655K(465920K)] 1068293K->983558K(1356288K), 0.0208660 secs] [Times: user=0.03 sys=0.00, real=0.02 secs] 
1198.798: [GC (Allocation Failure) [PSYoungGen: 417615K->184687K(465920K)] 1216518K->983726K(1356288K), 0.0208796 secs] [Times: user=0.03 sys=0.00, real=0.02 secs] 
1200.503: [GC (Allocation Failure) [PSYoungGen: 407285K->91516K(465920K)] 1206325K->890820K(1356288K), 0.0219517 secs] [Times: user=0.05 sys=0.00, real=0.02 secs] 
1202.773: [GC (Allocation Failure) [PSYoungGen: 324476K->37716K(465920K)] 1123780K->837334K(1356288K), 0.0089164 secs] [Times: user=0.03 sys=0.01, real=0.00 secs] 
1203.171: [GC (Allocation Failure) [PSYoungGen: 270676K->183755K(465920K)] 1070294K->984627K(1356288K), 0.0208908 secs] [Times: user=0.02 sys=0.00, real=0.02 secs] 
1203.457: [GC (Allocation Failure) [PSYoungGen: 416715K->184462K(465920K)] 1217587K->985607K(1356288K), 0.0252248 secs] [Times: user=0.04 sys=0.00, real=0.02 secs] 
1204.103: [GC (Allocation Failure) [PSYoungGen: 409573K->92769K(465920K)] 1210718K->894315K(1356288K), 0.0128816 secs] [Times: user=0.03 sys=0.00, real=0.01 secs] 
1205.024: [GC (Allocation Failure) [PSYoungGen: 325729K->37813K(465920K)] 1127275K->839544K(1356288K), 0.0061018 secs] [Times: user=0.01 sys=0.00, real=0.00 secs] 
1205.292: [GC (Allocation Failure) [PSYoungGen: 270773K->184012K(465920K)] 1072504K->986989K(1356288K), 0.0206292 secs] [Times: user=0.03 sys=0.00, real=0.02 secs] 
1205.576: [GC (Allocation Failure) [PSYoungGen: 416972K->184558K(465920K)] 1219949K->987800K(1356288K), 0.0206653 secs] [Times: user=0.03 sys=0.00, real=0.02 secs] 
1206.509: [GC (Allocation Failure) [PSYoungGen: 409711K->92191K(465920K)] 1212953K->895698K(1356288K), 0.0171686 secs] [Times: user=0.04 sys=0.00, real=0.02 secs] 
1208.290: [GC (Allocation Failure) [PSYoungGen: 325151K->37845K(465920K)] 1128658K->841650K(1356288K), 0.0090378 secs] [Times: user=0.02 sys=0.00, real=0.01 secs] 
1208.621: [GC (Allocation Failure) [PSYoungGen: 270805K->184655K(465920K)] 1074610K->989713K(1356288K), 0.0211793 secs] [Times: user=0.02 sys=0.00, real=0.02 secs] 
1208.906: [GC (Allocation Failure) [PSYoungGen: 417615K->184430K(465920K)] 1222673K->989769K(1356288K), 0.0206684 secs] [Times: user=0.03 sys=0.00, real=0.02 secs] 
1210.130: [GC (Allocation Failure) [PSYoungGen: 407173K->91773K(465920K)] 1212512K->897377K(1356288K), 0.0247634 secs] [Times: user=0.05 sys=0.00, real=0.03 secs] 
1212.262: [GC (Allocation Failure) [PSYoungGen: 324733K->37845K(465920K)] 1130337K->843771K(1356288K), 0.0082302 secs] [Times: user=0.02 sys=0.00, real=0.01 secs] 
1212.584: [GC (Allocation Failure) [PSYoungGen: 270805K->184719K(465920K)] 1076731K->992019K(1356288K), 0.0206529 secs] [Times: user=0.02 sys=0.01, real=0.02 secs] 
1212.873: [GC (Allocation Failure) [PSYoungGen: 417679K->184655K(465920K)] 1224979K->992100K(1356288K), 0.0206645 secs] [Times: user=0.03 sys=0.00, real=0.02 secs] 
1213.899: [GC (Allocation Failure) [PSYoungGen: 407202K->91452K(465920K)] 1214647K->899162K(1356288K), 0.0138120 secs] [Times: user=0.03 sys=0.00, real=0.02 secs] 
1216.187: [GC (Allocation Failure) [PSYoungGen: 324412K->37585K(465920K)] 1132122K->845597K(1356288K), 0.0080032 secs] [Times: user=0.02 sys=0.00, real=0.01 secs] 
1216.505: [GC (Allocation Failure) [PSYoungGen: 270545K->183787K(465920K)] 1078557K->993037K(1356288K), 0.0204871 secs] [Times: user=0.02 sys=0.00, real=0.02 secs] 
1216.849: [GC (Allocation Failure) [PSYoungGen: 416747K->184687K(465920K)] 1225997K->994201K(1356288K), 0.0204839 secs] [Times: user=0.03 sys=0.00, real=0.02 secs] 
1217.513: [GC (Allocation Failure) [PSYoungGen: 410222K->92640K(465920K)] 1219736K->902428K(1356288K), 0.0124006 secs] [Times: user=0.02 sys=0.00, real=0.02 secs] 
1219.260: [GC (Allocation Failure) [PSYoungGen: 325600K->37973K(465920K)] 1135388K->848066K(1356288K), 0.0075295 secs] [Times: user=0.02 sys=0.00, real=0.01 secs] 
1219.557: [GC (Allocation Failure) [PSYoungGen: 270933K->184622K(465920K)] 1081026K->996090K(1356288K), 0.0208507 secs] [Times: user=0.03 sys=0.00, real=0.02 secs] 
1219.842: [GC (Allocation Failure) [PSYoungGen: 417582K->184430K(465920K)] 1229050K->996050K(1356288K), 0.0207782 secs] [Times: user=0.03 sys=0.00, real=0.03 secs] 
1221.564: [GC (Allocation Failure) [PSYoungGen: 407180K->91741K(465920K)] 1218800K->903626K(1356288K), 0.0170501 secs] [Times: user=0.03 sys=0.00, real=0.01 secs] 
1222.982: [GC (Allocation Failure) [PSYoungGen: 324701K->37813K(465920K)] 1136586K->850011K(1356288K), 0.0072369 secs] [Times: user=0.02 sys=0.00, real=0.01 secs] 
1223.344: [GC (Allocation Failure) [PSYoungGen: 270773K->184655K(465920K)] 1082971K->998220K(1356288K), 0.0215774 secs] [Times: user=0.03 sys=0.00, real=0.02 secs] 
1223.695: [GC (Allocation Failure) [PSYoungGen: 417615K->184655K(465920K)] 1231180K->998364K(1356288K), 0.0208085 secs] [Times: user=0.03 sys=0.00, real=0.02 secs] 
1224.440: [GC (Allocation Failure) [PSYoungGen: 407208K->91452K(465920K)] 1220918K->905426K(1356288K), 0.0123946 secs] [Times: user=0.03 sys=0.01, real=0.01 secs] 
1225.234: [GC (Allocation Failure) [PSYoungGen: 324412K->37941K(465920K)] 1138386K->852229K(1356288K), 0.0058692 secs] [Times: user=0.01 sys=0.00, real=0.00 secs] 
1225.561: [GC (Allocation Failure) [PSYoungGen: 270901K->183916K(465920K)] 1085189K->999449K(1356288K), 0.0206372 secs] [Times: user=0.03 sys=0.00, real=0.02 secs] 
1225.850: [GC (Allocation Failure) [PSYoungGen: 416876K->184398K(465920K)] 1232409K->1000204K(1356288K), 0.0206028 secs] [Times: user=0.03 sys=0.01, real=0.02 secs] 
1227.191: [GC (Allocation Failure) [PSYoungGen: 409606K->92303K(465920K)] 1225412K->908375K(1356288K), 0.0158181 secs] [Times: user=0.03 sys=0.00, real=0.02 secs] 
1229.035: [GC (Allocation Failure) [PSYoungGen: 325263K->37845K(465920K)] 1141335K->854214K(1356288K), 0.0071094 secs] [Times: user=0.02 sys=0.00, real=0.00 secs] 
1229.391: [GC (Allocation Failure) [PSYoungGen: 270805K->184622K(465920K)] 1087174K->1002245K(1356288K), 0.0207576 secs] [Times: user=0.03 sys=0.00, real=0.02 secs] 
1229.674: [GC (Allocation Failure) [PSYoungGen: 417582K->184430K(465920K)] 1235205K->1002350K(1356288K), 0.0205724 secs] [Times: user=0.03 sys=0.00, real=0.02 secs] 
1231.674: [GC (Allocation Failure) [PSYoungGen: 409378K->91821K(465920K)] 1227298K->910135K(1356288K), 0.0265762 secs] [Times: user=0.07 sys=0.00, real=0.02 secs] 
1233.837: [GC (Allocation Failure) [PSYoungGen: 324781K->37716K(465920K)] 1143095K->856199K(1356288K), 0.0081913 secs] [Times: user=0.02 sys=0.00, real=0.01 secs] 
1234.152: [GC (Allocation Failure) [PSYoungGen: 270676K->184301K(465920K)] 1089159K->1004030K(1356288K), 0.0207489 secs] [Times: user=0.03 sys=0.00, real=0.02 secs] 
1234.520: [GC (Allocation Failure) [PSYoungGen: 417261K->184687K(465920K)] 1236990K->1004688K(1356288K), 0.0206903 secs] [Times: user=0.03 sys=0.00, real=0.02 secs] 
1235.936: [GC (Allocation Failure) [PSYoungGen: 405195K->91982K(465920K)] 1225197K->912256K(1356288K), 0.0147433 secs] [Times: user=0.03 sys=0.00, real=0.01 secs] 
1237.668: [GC (Allocation Failure) [PSYoungGen: 324942K->37716K(465920K)] 1145216K->858291K(1356288K), 0.0068684 secs] [Times: user=0.02 sys=0.00, real=0.01 secs] 
1237.947: [GC (Allocation Failure) [PSYoungGen: 270676K->184687K(465920K)] 1091251K->1006515K(1356288K), 0.0207186 secs] [Times: user=0.03 sys=0.00, real=0.02 secs] 
1238.230: [GC (Allocation Failure) [PSYoungGen: 417647K->184044K(465920K)] 1239475K->1006146K(1356288K), 0.0206295 secs] [Times: user=0.03 sys=0.00, real=0.02 secs] 
1240.021: [GC (Allocation Failure) [PSYoungGen: 408056K->92255K(465920K)] 1230157K->914621K(1356288K), 0.0154126 secs] [Times: user=0.04 sys=0.00, real=0.02 secs] 
1243.036: [GC (Allocation Failure) [PSYoungGen: 325215K->37845K(465920K)] 1147581K->860535K(1356288K), 0.0079062 secs] [Times: user=0.02 sys=0.00, real=0.01 secs] 
1243.342: [GC (Allocation Failure) [PSYoungGen: 270805K->184430K(465920K)] 1093495K->1008366K(1356288K), 0.0207744 secs] [Times: user=0.03 sys=0.00, real=0.02 secs] 
1243.631: [GC (Allocation Failure) [PSYoungGen: 417390K->184301K(465920K)] 1241326K->1008510K(1356288K), 0.0206889 secs] [Times: user=0.03 sys=0.00, real=0.02 secs] 
1245.368: [GC (Allocation Failure) [PSYoungGen: 409346K->92062K(465920K)] 1233555K->916665K(1356288K), 0.0122855 secs] [Times: user=0.02 sys=0.00, real=0.01 secs] 
1247.263: [GC (Allocation Failure) [PSYoungGen: 325022K->37299K(465920K)] 1149625K->862081K(1356288K), 0.0067191 secs] [Times: user=0.01 sys=0.00, real=0.01 secs] 
1247.609: [GC (Allocation Failure) [PSYoungGen: 270259K->184719K(465920K)] 1095041K->1010867K(1356288K), 0.0207267 secs] [Times: user=0.03 sys=0.00, real=0.02 secs] 
1247.952: [GC (Allocation Failure) [PSYoungGen: 417679K->184687K(465920K)] 1243827K->1011108K(1356288K), 0.0205871 secs] [Times: user=0.03 sys=0.00, real=0.02 secs] 
1248.727: [GC (Allocation Failure) [PSYoungGen: 409691K->91998K(465920K)] 1236113K->918692K(1356288K), 0.0109649 secs] [Times: user=0.02 sys=0.00, real=0.01 secs] 
1250.054: [GC (Allocation Failure) [PSYoungGen: 324958K->37716K(465920K)] 1151652K->864588K(1356288K), 0.0068636 secs] [Times: user=0.02 sys=0.00, real=0.00 secs] 
1250.337: [GC (Allocation Failure) [PSYoungGen: 270676K->184847K(465920K)] 1097548K->1012973K(1356288K), 0.0207232 secs] [Times: user=0.03 sys=0.00, real=0.02 secs] 
1250.623: [GC (Allocation Failure) [PSYoungGen: 417807K->184655K(465920K)] 1245933K->1013182K(1356288K), 0.0203939 secs] [Times: user=0.03 sys=0.00, real=0.03 secs] 
1252.143: [GC (Allocation Failure) [PSYoungGen: 407207K->91484K(465920K)] 1235734K->920147K(1356288K), 0.0133605 secs] [Times: user=0.02 sys=0.00, real=0.02 secs] 
1253.431: [GC (Allocation Failure) [PSYoungGen: 324444K->37684K(465920K)] 1153107K->866645K(1356288K), 0.0059267 secs] [Times: user=0.01 sys=0.00, real=0.01 secs] 
1253.753: [GC (Allocation Failure) [PSYoungGen: 270644K->183658K(465920K)] 1099605K->1013865K(1356288K), 0.0208744 secs] [Times: user=0.03 sys=0.00, real=0.02 secs] 
1254.040: [GC (Allocation Failure) [PSYoungGen: 416618K->184655K(465920K)] 1246825K->1015135K(1356288K), 0.0206187 secs] [Times: user=0.03 sys=0.00, real=0.02 secs] 
1254.871: [GC (Allocation Failure) [PSYoungGen: 409930K->92640K(465920K)] 1240410K->923514K(1356288K), 0.0128240 secs] [Times: user=0.03 sys=0.00, real=0.02 secs] 
1255.679: [GC (Allocation Failure) [PSYoungGen: 325600K->37941K(465920K)] 1156474K->868992K(1356288K), 0.0059780 secs] [Times: user=0.02 sys=0.00, real=0.01 secs] 
1255.948: [GC (Allocation Failure) [PSYoungGen: 270901K->184333K(465920K)] 1101952K->1016629K(1356288K), 0.0207007 secs] [Times: user=0.03 sys=0.00, real=0.02 secs] 
1256.233: [GC (Allocation Failure) [PSYoungGen: 417293K->184655K(465920K)] 1249589K->1017216K(1356288K), 0.0205920 secs] [Times: user=0.03 sys=0.00, real=0.03 secs] 
1257.733: [GC (Allocation Failure) [PSYoungGen: 407597K->91709K(465920K)] 1240158K->924535K(1356288K), 0.0140950 secs] [Times: user=0.03 sys=0.00, real=0.01 secs] 
1259.511: [GC (Allocation Failure) [PSYoungGen: 324669K->38005K(465920K)] 1157495K->871132K(1356288K), 0.0070224 secs] [Times: user=0.02 sys=0.00, real=0.01 secs] 
1259.872: [GC (Allocation Failure) [PSYoungGen: 270965K->184333K(465920K)] 1104092K->1018850K(1356288K), 0.0208120 secs] [Times: user=0.03 sys=0.00, real=0.02 secs] 
1260.155: [GC (Allocation Failure) [PSYoungGen: 417293K->184590K(465920K)] 1251810K->1019251K(1356288K), 0.0205381 secs] [Times: user=0.03 sys=0.00, real=0.02 secs] 
1261.009: [GC (Allocation Failure) [PSYoungGen: 407191K->91885K(465920K)] 1241852K->926819K(1356288K), 0.0125982 secs] [Times: user=0.02 sys=0.00, real=0.01 secs] 
1261.903: [GC (Allocation Failure) [PSYoungGen: 324845K->37941K(465920K)] 1159779K->873175K(1356288K), 0.0060239 secs] [Times: user=0.02 sys=0.00, real=0.00 secs] 
1262.171: [GC (Allocation Failure) [PSYoungGen: 270901K->183755K(465920K)] 1106135K->1020227K(1356288K), 0.0205482 secs] [Times: user=0.03 sys=0.00, real=0.02 secs] 
1262.455: [GC (Allocation Failure) [PSYoungGen: 416715K->184430K(465920K)] 1253187K->1021175K(1356288K), 0.0205218 secs] [Times: user=0.03 sys=0.00, real=0.02 secs] 
1263.961: [GC (Allocation Failure) [PSYoungGen: 409646K->92496K(465920K)] 1246391K->929506K(1356288K), 0.0251054 secs] [Times: user=0.05 sys=0.00, real=0.03 secs] 
1266.152: [GC (Allocation Failure) [PSYoungGen: 325456K->37845K(465920K)] 1162466K->875155K(1356288K), 0.0076171 secs] [Times: user=0.01 sys=0.00, real=0.01 secs] 
1266.451: [GC (Allocation Failure) [PSYoungGen: 270805K->184719K(465920K)] 1108115K->1023274K(1356288K), 0.0207702 secs] [Times: user=0.03 sys=0.00, real=0.02 secs] 
1266.737: [GC (Allocation Failure) [PSYoungGen: 417679K->184687K(465920K)] 1256234K->1023644K(1356288K), 0.0207766 secs] [Times: user=0.03 sys=0.00, real=0.02 secs] 
1267.841: [GC (Allocation Failure) [PSYoungGen: 407127K->91484K(465920K)] 1246085K->930706K(1356288K), 0.0129749 secs] [Times: user=0.03 sys=0.00, real=0.02 secs] 
1269.839: [GC (Allocation Failure) [PSYoungGen: 324444K->37363K(465920K)] 1163666K->876756K(1356288K), 0.0073265 secs] [Times: user=0.02 sys=0.00, real=0.01 secs] 
1270.126: [GC (Allocation Failure) [PSYoungGen: 270323K->183787K(465920K)] 1109716K->1024426K(1356288K), 0.0206049 secs] [Times: user=0.03 sys=0.00, real=0.02 secs] 
1270.409: [GC (Allocation Failure) [PSYoungGen: 416747K->184366K(465920K)] 1257386K->1025278K(1356288K), 0.0204728 secs] [Times: user=0.03 sys=0.00, real=0.02 secs] 
1271.425: [GC (Allocation Failure) [PSYoungGen: 409593K->93186K(465920K)] 1250505K->934364K(1356288K), 0.0198868 secs] [Times: user=0.05 sys=0.00, real=0.02 secs] 
1272.592: [GC (Allocation Failure) [PSYoungGen: 326146K->37973K(465920K)] 1167324K->879456K(1356288K), 0.0089909 secs] [Times: user=0.02 sys=0.00, real=0.01 secs] 
1272.999: [GC (Allocation Failure) [PSYoungGen: 270933K->184719K(465920K)] 1112416K->1027448K(1356288K), 0.0209310 secs] [Times: user=0.03 sys=0.00, real=0.02 secs] 
1273.285: [GC (Allocation Failure) [PSYoungGen: 417679K->184655K(465920K)] 1260408K->1027785K(1356288K), 0.0206812 secs] [Times: user=0.03 sys=0.00, real=0.02 secs] 
1274.140: [GC (Allocation Failure) [PSYoungGen: 407094K->91339K(465920K)] 1250224K->934734K(1356288K), 0.0133871 secs] [Times: user=0.03 sys=0.00, real=0.02 secs] 
1275.783: [GC (Allocation Failure) [PSYoungGen: 324299K->37556K(465920K)] 1167694K->881131K(1356288K), 0.0069776 secs] [Times: user=0.02 sys=0.00, real=0.00 secs] 
1276.068: [GC (Allocation Failure) [PSYoungGen: 270516K->183916K(465920K)] 1114091K->1028728K(1356288K), 0.0207936 secs] [Times: user=0.03 sys=0.00, real=0.02 secs] 
1276.413: [GC (Allocation Failure) [PSYoungGen: 416876K->184366K(465920K)] 1261688K->1029451K(1356288K), 0.0205938 secs] [Times: user=0.03 sys=0.00, real=0.02 secs] 
1277.106: [GC (Allocation Failure) [PSYoungGen: 409568K->92769K(465920K)] 1254654K->938120K(1356288K), 0.0142919 secs] [Times: user=0.03 sys=0.00, real=0.01 secs] 
1277.991: [GC (Allocation Failure) [PSYoungGen: 325729K->37973K(465920K)] 1171080K->883624K(1356288K), 0.0067818 secs] [Times: user=0.02 sys=0.00, real=0.01 secs] 
1278.341: [GC (Allocation Failure) [PSYoungGen: 270933K->184044K(465920K)] 1116584K->1030941K(1356288K), 0.0206208 secs] [Times: user=0.03 sys=0.00, real=0.02 secs] 
1278.626: [GC (Allocation Failure) [PSYoungGen: 417004K->184976K(465920K)] 1263901K->1032145K(1356288K), 0.0207587 secs] [Times: user=0.03 sys=0.00, real=0.02 secs] 
1279.780: [GC (Allocation Failure) [PSYoungGen: 407754K->91693K(465920K)] 1254924K->939256K(1356288K), 0.0184062 secs] [Times: user=0.04 sys=0.00, real=0.02 secs] 
1280.869: [GC (Allocation Failure) [PSYoungGen: 324653K->38070K(465920K)] 1172216K->885812K(1356288K), 0.0069328 secs] [Times: user=0.02 sys=0.00, real=0.01 secs] 
1281.210: [GC (Allocation Failure) [PSYoungGen: 271030K->184558K(465920K)] 1118772K->1033675K(1356288K), 0.0208283 secs] [Times: user=0.03 sys=0.00, real=0.02 secs] 
1281.497: [GC (Allocation Failure) [PSYoungGen: 417518K->184687K(465920K)] 1266635K->1033948K(1356288K), 0.0206344 secs] [Times: user=0.03 sys=0.01, real=0.02 secs] 
1282.796: [GC (Allocation Failure) [PSYoungGen: 407258K->91339K(465920K)] 1256519K->940865K(1356288K), 0.0247810 secs] [Times: user=0.06 sys=0.01, real=0.02 secs] 
1284.506: [GC (Allocation Failure) [PSYoungGen: 324299K->37845K(465920K)] 1173825K->887679K(1356288K), 0.0075009 secs] [Times: user=0.02 sys=0.00, real=0.01 secs] 
1284.807: [GC (Allocation Failure) [PSYoungGen: 270805K->184687K(465920K)] 1120639K->1035895K(1356288K), 0.0207073 secs] [Times: user=0.03 sys=0.00, real=0.02 secs] 
1285.091: [GC (Allocation Failure) [PSYoungGen: 417647K->184687K(465920K)] 1268855K->1036039K(1356288K), 0.0206605 secs] [Times: user=0.03 sys=0.00, real=0.02 secs] 
1286.298: [GC (Allocation Failure) [PSYoungGen: 407250K->91467K(465920K)] 1258603K->943085K(1356288K), 0.0125689 secs] [Times: user=0.03 sys=0.00, real=0.01 secs] 
1288.000: [GC (Allocation Failure) [PSYoungGen: 324427K->37588K(465920K)] 1176045K->889505K(1356288K), 0.0073546 secs] [Times: user=0.02 sys=0.00, real=0.01 secs] 
1288.347: [GC (Allocation Failure) [PSYoungGen: 270548K->183787K(465920K)] 1122465K->1036950K(1356288K), 0.0205809 secs] [Times: user=0.03 sys=0.00, real=0.02 secs] 
1288.632: [GC (Allocation Failure) [PSYoungGen: 416747K->184462K(465920K)] 1269910K->1037898K(1356288K), 0.0207272 secs] [Times: user=0.03 sys=0.00, real=0.02 secs] 
1289.768: [GC (Allocation Failure) [PSYoungGen: 409718K->92897K(465920K)] 1263155K->946599K(1356288K), 0.0176467 secs] [Times: user=0.04 sys=0.00, real=0.02 secs] 
1291.011: [GC (Allocation Failure) [PSYoungGen: 325857K->37973K(465920K)] 1179559K->891975K(1356288K), 0.0058658 secs] [Times: user=0.01 sys=0.00, real=0.01 secs] 
1291.280: [GC (Allocation Failure) [PSYoungGen: 270933K->184719K(465920K)] 1124935K->1039974K(1356288K), 0.0206949 secs] [Times: user=0.03 sys=0.00, real=0.02 secs] 
1291.565: [GC (Allocation Failure) [PSYoungGen: 417679K->184687K(465920K)] 1272934K->1040207K(1356288K), 0.0207022 secs] [Times: user=0.03 sys=0.00, real=0.02 secs] 
1292.197: [GC (Allocation Failure) [PSYoungGen: 407259K->91355K(465920K)] 1262779K->947140K(1356288K), 0.0117713 secs] [Times: user=0.02 sys=0.00, real=0.01 secs] 
1293.162: [GC (Allocation Failure) [PSYoungGen: 324315K->38198K(465920K)] 1180100K->894289K(1356288K), 0.0063344 secs] [Times: user=0.02 sys=0.00, real=0.01 secs] 
1293.494: [GC (Allocation Failure) [PSYoungGen: 271158K->184655K(465920K)] 1127249K->1041983K(1356288K), 0.0206005 secs] [Times: user=0.03 sys=0.00, real=0.02 secs] 
1293.778: [GC (Allocation Failure) [PSYoungGen: 417615K->184655K(465920K)] 1274943K->1042256K(1356288K), 0.0206758 secs] [Times: user=0.03 sys=0.00, real=0.02 secs] 
1294.967: [GC (Allocation Failure) [PSYoungGen: 406955K->91066K(465920K)] 1264557K->948941K(1356288K), 0.0127232 secs] [Times: user=0.03 sys=0.00, real=0.01 secs] 
1295.757: [GC (Allocation Failure) [PSYoungGen: 324026K->38005K(465920K)] 1181901K->896194K(1356288K), 0.0059496 secs] [Times: user=0.01 sys=0.00, real=0.01 secs] 
1296.031: [GC (Allocation Failure) [PSYoungGen: 270965K->183884K(465920K)] 1129154K->1043302K(1356288K), 0.0204873 secs] [Times: user=0.03 sys=0.00, real=0.02 secs] 
1296.319: [GC (Allocation Failure) [PSYoungGen: 416844K->184815K(465920K)] 1276262K->1044498K(1356288K), 0.0206449 secs] [Times: user=0.03 sys=0.00, real=0.02 secs] 
1297.761: [GC (Allocation Failure) [PSYoungGen: 410139K->91982K(465920K)] 1269822K->952058K(1356288K), 0.0169555 secs] [Times: user=0.03 sys=0.00, real=0.02 secs] 
1299.515: [GC (Allocation Failure) [PSYoungGen: 324942K->37652K(465920K)] 1185018K->897908K(1356288K), 0.0074121 secs] [Times: user=0.02 sys=0.00, real=0.00 secs] 
1299.804: [GC (Allocation Failure) [PSYoungGen: 270612K->184044K(465920K)] 1130868K->1045546K(1356288K), 0.0207125 secs] [Times: user=0.03 sys=0.00, real=0.02 secs] 
1300.092: [GC (Allocation Failure) [PSYoungGen: 417004K->184912K(465920K)] 1278506K->1046686K(1356288K), 0.0206539 secs] [Times: user=0.02 sys=0.00, real=0.03 secs] 
1302.037: [GC (Allocation Failure) [PSYoungGen: 410338K->92126K(465920K)] 1272112K->954174K(1356288K), 0.0131966 secs] [Times: user=0.03 sys=0.00, real=0.01 secs] 
1302.934: [GC (Allocation Failure) [PSYoungGen: 325086K->37941K(465920K)] 1187134K->900281K(1356288K), 0.0059858 secs] [Times: user=0.02 sys=0.00, real=0.00 secs] 
1303.262: [GC (Allocation Failure) [PSYoungGen: 270901K->184526K(465920K)] 1133241K->1048240K(1356288K), 0.0208788 secs] [Times: user=0.03 sys=0.00, real=0.03 secs] 
1303.551: [GC (Allocation Failure) [PSYoungGen: 417486K->184623K(465920K)] 1281200K->1048481K(1356288K), 0.0208836 secs] [Times: user=0.03 sys=0.00, real=0.02 secs] 
1306.255: [GC (Allocation Failure) [PSYoungGen: 407194K->91484K(465920K)] 1271052K->955607K(1356288K), 0.0199983 secs] [Times: user=0.04 sys=0.00, real=0.02 secs] 
1307.221: [GC (Allocation Failure) [PSYoungGen: 324444K->38134K(465920K)] 1188567K->902573K(1356288K), 0.0060905 secs] [Times: user=0.02 sys=0.00, real=0.01 secs] 
1307.542: [GC (Allocation Failure) [PSYoungGen: 271094K->184012K(465920K)] 1135533K->1049681K(1356288K), 0.0206819 secs] [Times: user=0.03 sys=0.00, real=0.02 secs] 
1307.830: [GC (Allocation Failure) [PSYoungGen: 416972K->184494K(465920K)] 1282641K->1050436K(1356288K), 0.0207336 secs] [Times: user=0.03 sys=0.00, real=0.02 secs] 
1308.510: [GC (Allocation Failure) [PSYoungGen: 409549K->91982K(465920K)] 1275491K->958325K(1356288K), 0.0133303 secs] [Times: user=0.03 sys=0.00, real=0.02 secs] 
1309.307: [GC (Allocation Failure) [PSYoungGen: 324942K->37941K(465920K)] 1191285K->904478K(1356288K), 0.0059850 secs] [Times: user=0.02 sys=0.00, real=0.01 secs] 
1309.636: [GC (Allocation Failure) [PSYoungGen: 270901K->184333K(465920K)] 1137438K->1052108K(1356288K), 0.0208444 secs] [Times: user=0.03 sys=0.00, real=0.02 secs] 
1309.919: [GC (Allocation Failure) [PSYoungGen: 417293K->184687K(465920K)] 1285068K->1052750K(1356288K), 0.0207715 secs] [Times: user=0.03 sys=0.00, real=0.02 secs] 
1310.534: [GC (Allocation Failure) [PSYoungGen: 407490K->91741K(465920K)] 1275554K->960069K(1356288K), 0.0142374 secs] [Times: user=0.03 sys=0.00, real=0.01 secs] 
1311.473: [GC (Allocation Failure) [PSYoungGen: 324701K->37973K(465920K)] 1193029K->906610K(1356288K), 0.0072290 secs] [Times: user=0.02 sys=0.00, real=0.00 secs] 
1311.754: [GC (Allocation Failure) [PSYoungGen: 270933K->183884K(465920K)] 1139570K->1053765K(1356288K), 0.0205124 secs] [Times: user=0.03 sys=0.00, real=0.02 secs] 
1312.040: [GC (Allocation Failure) [PSYoungGen: 416844K->184366K(465920K)] 1286725K->1054649K(1356288K), 0.0206382 secs] [Times: user=0.03 sys=0.00, real=0.02 secs] 
1313.239: [GC (Allocation Failure) [PSYoungGen: 409593K->92431K(465920K)] 1279877K->962859K(1356288K), 0.0125019 secs] [Times: user=0.02 sys=0.00, real=0.01 secs] 
1314.206: [GC (Allocation Failure) [PSYoungGen: 325391K->37941K(465920K)] 1195819K->908685K(1356288K), 0.0070976 secs] [Times: user=0.02 sys=0.00, real=0.01 secs] 
1314.490: [GC (Allocation Failure) [PSYoungGen: 270901K->184012K(465920K)] 1141645K->1055994K(1356288K), 0.0206330 secs] [Times: user=0.03 sys=0.00, real=0.02 secs] 
1314.774: [GC (Allocation Failure) [PSYoungGen: 416972K->184976K(465920K)] 1288954K->1057231K(1356288K), 0.0207023 secs] [Times: user=0.02 sys=0.00, real=0.02 secs] 
1317.201: [GC (Allocation Failure) [PSYoungGen: 408079K->91709K(465920K)] 1280334K->964236K(1356288K), 0.0199851 secs] [Times: user=0.05 sys=0.00, real=0.02 secs] 
1318.782: [GC (Allocation Failure) [PSYoungGen: 324669K->37813K(465920K)] 1197196K->910657K(1356288K), 0.0077555 secs] [Times: user=0.02 sys=0.00, real=0.01 secs] 
1319.166: [GC (Allocation Failure) [PSYoungGen: 270773K->184912K(465920K)] 1143617K->1059001K(1356288K), 0.0211110 secs] [Times: user=0.03 sys=0.00, real=0.02 secs] 
1319.449: [GC (Allocation Failure) [PSYoungGen: 417872K->183819K(465920K)] 1291961K->1058182K(1356288K), 0.0206032 secs] [Times: user=0.03 sys=0.00, real=0.02 secs] 
1320.865: [GC (Allocation Failure) [PSYoungGen: 409222K->92174K(465920K)] 1283585K->966970K(1356288K), 0.0171812 secs] [Times: user=0.04 sys=0.00, real=0.01 secs] 
1322.247: [GC (Allocation Failure) [PSYoungGen: 325134K->37813K(465920K)] 1199930K->912790K(1356288K), 0.0074684 secs] [Times: user=0.02 sys=0.00, real=0.01 secs] 
1322.629: [GC (Allocation Failure) [PSYoungGen: 270773K->184655K(465920K)] 1145750K->1060862K(1356288K), 0.0208555 secs] [Times: user=0.03 sys=0.00, real=0.02 secs] 
1322.913: [GC (Allocation Failure) [PSYoungGen: 417615K->184655K(465920K)] 1293822K->1061135K(1356288K), 0.0207590 secs] [Times: user=0.03 sys=0.00, real=0.02 secs] 
1324.569: [GC (Allocation Failure) [PSYoungGen: 407214K->91452K(465920K)] 1283694K->968197K(1356288K), 0.0197760 secs] [Times: user=0.05 sys=0.00, real=0.02 secs] 
1326.394: [GC (Allocation Failure) [PSYoungGen: 324412K->37684K(465920K)] 1201157K->914735K(1356288K), 0.0076217 secs] [Times: user=0.02 sys=0.00, real=0.00 secs] 
1326.698: [GC (Allocation Failure) [PSYoungGen: 270644K->184655K(465920K)] 1147695K->1062951K(1356288K), 0.0206987 secs] [Times: user=0.03 sys=0.00, real=0.02 secs] 
1326.983: [GC (Allocation Failure) [PSYoungGen: 417615K->184655K(465920K)] 1295911K->1063224K(1356288K), 0.0208703 secs] [Times: user=0.03 sys=0.00, real=0.02 secs] 
1327.820: [GC (Allocation Failure) [PSYoungGen: 407212K->91580K(465920K)] 1285782K->970415K(1356288K), 0.0191747 secs] [Times: user=0.04 sys=0.01, real=0.02 secs] 
1328.995: [GC (Allocation Failure) [PSYoungGen: 324540K->37941K(465920K)] 1203375K->917092K(1356288K), 0.0074224 secs] [Times: user=0.02 sys=0.00, real=0.00 secs] 
1329.284: [GC (Allocation Failure) [PSYoungGen: 270901K->183755K(465920K)] 1150052K->1064136K(1356288K), 0.0206285 secs] [Times: user=0.03 sys=0.00, real=0.02 secs] 
1329.573: [GC (Allocation Failure) [PSYoungGen: 416715K->184655K(465920K)] 1297096K->1065308K(1356288K), 0.0207246 secs] [Times: user=0.03 sys=0.00, real=0.03 secs] 
1331.370: [GC (Allocation Failure) [PSYoungGen: 410071K->92239K(465920K)] 1290725K->973173K(1356288K), 0.0154552 secs] [Times: user=0.03 sys=0.00, real=0.02 secs] 
1332.177: [GC (Allocation Failure) [PSYoungGen: 325199K->38131K(465920K)] 1206133K->919379K(1356288K), 0.0073799 secs] [Times: user=0.02 sys=0.00, real=0.01 secs] 
1332.506: [GC (Allocation Failure) [PSYoungGen: 271091K->184655K(465920K)] 1152339K->1067261K(1356288K), 0.0208824 secs] [Times: user=0.03 sys=0.00, real=0.02 secs] 
1332.851: [GC (Allocation Failure) [PSYoungGen: 417615K->184687K(465920K)] 1300221K->1067566K(1356288K), 0.0208061 secs] [Times: user=0.03 sys=0.00, real=0.02 secs] 
1333.917: [GC (Allocation Failure) [PSYoungGen: 407126K->91162K(465920K)] 1290006K->974315K(1356288K), 0.0201501 secs] [Times: user=0.04 sys=0.00, real=0.02 secs] 
1334.748: [GC (Allocation Failure) [PSYoungGen: 324122K->38070K(465920K)] 1207275K->921401K(1356288K), 0.0076941 secs] [Times: user=0.02 sys=0.00, real=0.01 secs] 
1335.101: [GC (Allocation Failure) [PSYoungGen: 271030K->184687K(465920K)] 1154361K->1069393K(1356288K), 0.0207095 secs] [Times: user=0.03 sys=0.00, real=0.02 secs] 
1335.390: [GC (Allocation Failure) [PSYoungGen: 417647K->184655K(465920K)] 1302353K->1069505K(1356288K), 0.0208492 secs] [Times: user=0.03 sys=0.00, real=0.02 secs] 
1338.010: [GC (Allocation Failure) [PSYoungGen: 407091K->91194K(465920K)] 1291941K->976310K(1356288K), 0.0271889 secs] [Times: user=0.06 sys=0.00, real=0.03 secs] 
1340.054: [GC (Allocation Failure) [PSYoungGen: 324154K->37845K(465920K)] 1209270K->923260K(1356288K), 0.0085494 secs] [Times: user=0.02 sys=0.00, real=0.00 secs] 
1340.440: [GC (Allocation Failure) [PSYoungGen: 270805K->184655K(465920K)] 1156220K->1071308K(1356288K), 0.0207107 secs] [Times: user=0.03 sys=0.00, real=0.02 secs] 
1340.725: [GC (Allocation Failure) [PSYoungGen: 417615K->184623K(465920K)] 1304268K->1071549K(1356288K), 0.0208551 secs] [Times: user=0.03 sys=0.00, real=0.02 secs] 
1341.935: [GC (Allocation Failure) [PSYoungGen: 407185K->91484K(465920K)] 1294111K->978675K(1356288K), 0.0257415 secs] [Times: user=0.06 sys=0.00, real=0.02 secs] 
1342.995: [GC (Allocation Failure) [PSYoungGen: 324444K->38070K(465920K)] 1211635K->925567K(1356288K), 0.0060154 secs] [Times: user=0.01 sys=0.00, real=0.00 secs] 
1343.264: [GC (Allocation Failure) [PSYoungGen: 271030K->184141K(465920K)] 1158527K->1072875K(1356288K), 0.0208085 secs] [Times: user=0.03 sys=0.00, real=0.02 secs] 
1343.284: [Full GC (Ergonomics) [PSYoungGen: 184141K->0K(465920K)] [ParOldGen: 888734K->553461K(1003520K)] 1072875K->553461K(1469440K), [Metaspace: 55915K->55915K(1101824K)], 0.0613120 secs] [Times: user=0.25 sys=0.00, real=0.06 secs] 
1343.673: [GC (Allocation Failure) [PSYoungGen: 232960K->184558K(465920K)] 786421K->738020K(1469440K), 0.0201548 secs] [Times: user=0.03 sys=0.00, real=0.02 secs] 
1345.573: [GC (Allocation Failure) [PSYoungGen: 407108K->91853K(465920K)] 960569K->645628K(1469440K), 0.0131267 secs] [Times: user=0.02 sys=0.00, real=0.01 secs] 
1346.832: [GC (Allocation Failure) [PSYoungGen: 324813K->37748K(465920K)] 878588K->591831K(1469440K), 0.0065915 secs] [Times: user=0.01 sys=0.00, real=0.01 secs] 
1347.123: [GC (Allocation Failure) [PSYoungGen: 270708K->184590K(465920K)] 824791K->739926K(1469440K), 0.0201575 secs] [Times: user=0.03 sys=0.00, real=0.02 secs] 
1347.465: [GC (Allocation Failure) [PSYoungGen: 417550K->186357K(465920K)] 972886K->741967K(1469440K), 0.0202450 secs] [Times: user=0.03 sys=0.00, real=0.02 secs] 
1348.138: [GC (Allocation Failure) [PSYoungGen: 407493K->90070K(465920K)] 963102K->645952K(1469440K), 0.0113925 secs] [Times: user=0.02 sys=0.00, real=0.01 secs] 
1349.019: [GC (Allocation Failure) [PSYoungGen: 323030K->37941K(465920K)] 878912K->594113K(1469440K), 0.0067234 secs] [Times: user=0.02 sys=0.00, real=0.01 secs] 
1349.395: [GC (Allocation Failure) [PSYoungGen: 270901K->184237K(465920K)] 827073K->741662K(1469440K), 0.0201372 secs] [Times: user=0.03 sys=0.00, real=0.02 secs] 
1349.678: [GC (Allocation Failure) [PSYoungGen: 417197K->184109K(465920K)] 974622K->741823K(1469440K), 0.0200798 secs] [Times: user=0.02 sys=0.00, real=0.02 secs] 
1350.836: [GC (Allocation Failure) [PSYoungGen: 409335K->92383K(465920K)] 967049K->650499K(1469440K), 0.0198713 secs] [Times: user=0.03 sys=0.00, real=0.02 secs] 
1351.738: [GC (Allocation Failure) [PSYoungGen: 325343K->38166K(465920K)] 883459K->596470K(1469440K), 0.0053270 secs] [Times: user=0.01 sys=0.00, real=0.01 secs] 
1352.006: [GC (Allocation Failure) [PSYoungGen: 271126K->184590K(465920K)] 829430K->744148K(1469440K), 0.0202018 secs] [Times: user=0.02 sys=0.00, real=0.02 secs] 
1352.363: [GC (Allocation Failure) [PSYoungGen: 417550K->184333K(465920K)] 977108K->744172K(1469440K), 0.0201096 secs] [Times: user=0.02 sys=0.00, real=0.02 secs] 
1353.552: [GC (Allocation Failure) [PSYoungGen: 406903K->91725K(465920K)] 966742K->651836K(1469440K), 0.0162400 secs] [Times: user=0.03 sys=0.00, real=0.02 secs] 
1355.580: [GC (Allocation Failure) [PSYoungGen: 324685K->37716K(465920K)] 884796K->598133K(1469440K), 0.0077921 secs] [Times: user=0.02 sys=0.00, real=0.01 secs] 
1355.976: [GC (Allocation Failure) [PSYoungGen: 270676K->184430K(465920K)] 831093K->746229K(1469440K), 0.0203435 secs] [Times: user=0.02 sys=0.00, real=0.02 secs] 
1356.259: [GC (Allocation Failure) [PSYoungGen: 417390K->184494K(465920K)] 979189K->746438K(1469440K), 0.0202527 secs] [Times: user=0.03 sys=0.00, real=0.02 secs] 
1356.969: [GC (Allocation Failure) [PSYoungGen: 407549K->91982K(465920K)] 969493K->654199K(1469440K), 0.0118367 secs] [Times: user=0.03 sys=0.00, real=0.01 secs] 
1357.939: [GC (Allocation Failure) [PSYoungGen: 324942K->38005K(465920K)] 887159K->600536K(1469440K), 0.0065552 secs] [Times: user=0.02 sys=0.00, real=0.01 secs] 
1358.296: [GC (Allocation Failure) [PSYoungGen: 270965K->184462K(465920K)] 833496K->748246K(1469440K), 0.0201180 secs] [Times: user=0.03 sys=0.00, real=0.02 secs] 
1358.578: [GC (Allocation Failure) [PSYoungGen: 417422K->184333K(465920K)] 981206K->748398K(1469440K), 0.0201629 secs] [Times: user=0.03 sys=0.00, real=0.02 secs] 
1359.825: [GC (Allocation Failure) [PSYoungGen: 409404K->91982K(465920K)] 973469K->656440K(1469440K), 0.0157600 secs] [Times: user=0.03 sys=0.00, real=0.01 secs] 
1360.691: [GC (Allocation Failure) [PSYoungGen: 324942K->38034K(465920K)] 889400K->602694K(1469440K), 0.0052876 secs] [Times: user=0.01 sys=0.00, real=0.01 secs] 
1360.959: [GC (Allocation Failure) [PSYoungGen: 270994K->184333K(465920K)] 835654K->750247K(1469440K), 0.0200385 secs] [Times: user=0.03 sys=0.00, real=0.02 secs] 
1361.242: [GC (Allocation Failure) [PSYoungGen: 417293K->184558K(465920K)] 983207K->750881K(1469440K), 0.0200085 secs] [Times: user=0.03 sys=0.00, real=0.02 secs] 
1362.555: [GC (Allocation Failure) [PSYoungGen: 407042K->91853K(465920K)] 973365K->658321K(1469440K), 0.0159389 secs] [Times: user=0.03 sys=0.00, real=0.01 secs] 
1363.563: [GC (Allocation Failure) [PSYoungGen: 324813K->37906K(465920K)] 891281K->604687K(1469440K), 0.0053258 secs] [Times: user=0.01 sys=0.00, real=0.00 secs] 
1363.887: [GC (Allocation Failure) [PSYoungGen: 270866K->184430K(465920K)] 837647K->752465K(1469440K), 0.0202557 secs] [Times: user=0.02 sys=0.00, real=0.02 secs] 
1364.173: [GC (Allocation Failure) [PSYoungGen: 417390K->184590K(465920K)] 985425K->752898K(1469440K), 0.0204348 secs] [Times: user=0.02 sys=0.00, real=0.02 secs] 
1365.209: [GC (Allocation Failure) [PSYoungGen: 407137K->91821K(465920K)] 975445K->660402K(1469440K), 0.0156259 secs] [Times: user=0.03 sys=0.00, real=0.02 secs] 
1366.313: [GC (Allocation Failure) [PSYoungGen: 324781K->37973K(465920K)] 893362K->606870K(1469440K), 0.0062591 secs] [Times: user=0.02 sys=0.00, real=0.00 secs] 
1366.590: [GC (Allocation Failure) [PSYoungGen: 270933K->184976K(465920K)] 839830K->755119K(1469440K), 0.0202414 secs] [Times: user=0.02 sys=0.00, real=0.02 secs] 
1366.873: [GC (Allocation Failure) [PSYoungGen: 417936K->184333K(465920K)] 988079K->754749K(1469440K), 0.0201150 secs] [Times: user=0.03 sys=0.00, real=0.02 secs] 
1367.738: [GC (Allocation Failure) [PSYoungGen: 406934K->91484K(465920K)] 977350K->662301K(1469440K), 0.0118829 secs] [Times: user=0.02 sys=0.00, real=0.01 secs] 
1368.945: [GC (Allocation Failure) [PSYoungGen: 324444K->37877K(465920K)] 895261K->608871K(1469440K), 0.0063229 secs] [Times: user=0.01 sys=0.00, real=0.00 secs] 
1369.225: [GC (Allocation Failure) [PSYoungGen: 270837K->184719K(465920K)] 841831K->756967K(1469440K), 0.0204691 secs] [Times: user=0.03 sys=0.00, real=0.02 secs] 
1369.514: [GC (Allocation Failure) [PSYoungGen: 417679K->184590K(465920K)] 989927K->757240K(1469440K), 0.0200151 secs] [Times: user=0.02 sys=0.00, real=0.02 secs] 
1370.458: [GC (Allocation Failure) [PSYoungGen: 407055K->91596K(465920K)] 979705K->664406K(1469440K), 0.0127054 secs] [Times: user=0.03 sys=0.00, real=0.01 secs] 
1371.603: [GC (Allocation Failure) [PSYoungGen: 324556K->38034K(465920K)] 897366K->611166K(1469440K), 0.0053495 secs] [Times: user=0.01 sys=0.00, real=0.01 secs] 
1371.871: [GC (Allocation Failure) [PSYoungGen: 270994K->184462K(465920K)] 844126K->758839K(1469440K), 0.0201369 secs] [Times: user=0.03 sys=0.00, real=0.02 secs] 
1372.158: [GC (Allocation Failure) [PSYoungGen: 417422K->184590K(465920K)] 991799K->759249K(1469440K), 0.0201768 secs] [Times: user=0.03 sys=0.00, real=0.02 secs] 
1372.785: [GC (Allocation Failure) [PSYoungGen: 407134K->91741K(465920K)] 981793K->666680K(1469440K), 0.0096971 secs] [Times: user=0.02 sys=0.00, real=0.01 secs] 
1373.608: [GC (Allocation Failure) [PSYoungGen: 324701K->37909K(465920K)] 899640K->613181K(1469440K), 0.0053521 secs] [Times: user=0.01 sys=0.00, real=0.01 secs] 
1373.877: [GC (Allocation Failure) [PSYoungGen: 270869K->184430K(465920K)] 846141K->760955K(1469440K), 0.0201877 secs] [Times: user=0.03 sys=0.00, real=0.02 secs] 
1374.164: [GC (Allocation Failure) [PSYoungGen: 417390K->184237K(465920K)] 993915K->761036K(1469440K), 0.0201588 secs] [Times: user=0.02 sys=0.00, real=0.02 secs] 
1375.522: [GC (Allocation Failure) [PSYoungGen: 409277K->92094K(465920K)] 986076K->669286K(1469440K), 0.0191543 secs] [Times: user=0.04 sys=0.00, real=0.02 secs] 
1377.429: [GC (Allocation Failure) [PSYoungGen: 325054K->37877K(465920K)] 902246K->615254K(1469440K), 0.0075682 secs] [Times: user=0.02 sys=0.00, real=0.01 secs] 
1377.828: [GC (Allocation Failure) [PSYoungGen: 270837K->184205K(465920K)] 848214K->762836K(1469440K), 0.0202560 secs] [Times: user=0.02 sys=0.00, real=0.02 secs] 
1378.114: [GC (Allocation Failure) [PSYoungGen: 417165K->184558K(465920K)] 995796K->763591K(1469440K), 0.0202248 secs] [Times: user=0.02 sys=0.00, real=0.02 secs] 
1379.889: [GC (Allocation Failure) [PSYoungGen: 409773K->92158K(465920K)] 988805K->671327K(1469440K), 0.0197699 secs] [Times: user=0.04 sys=0.00, real=0.02 secs] 
1381.028: [GC (Allocation Failure) [PSYoungGen: 325118K->38291K(465920K)] 904287K->617799K(1469440K), 0.0055823 secs] [Times: user=0.01 sys=0.00, real=0.01 secs] 
1381.297: [GC (Allocation Failure) [PSYoungGen: 271251K->184719K(465920K)] 850759K->765608K(1469440K), 0.0201596 secs] [Times: user=0.02 sys=0.00, real=0.02 secs] 
1381.635: [GC (Allocation Failure) [PSYoungGen: 417679K->184687K(465920K)] 998568K->765721K(1469440K), 0.0201811 secs] [Times: user=0.02 sys=0.00, real=0.02 secs] 
1383.371: [GC (Allocation Failure) [PSYoungGen: 406964K->91098K(465920K)] 987998K->672397K(1469440K), 0.0240202 secs] [Times: user=0.05 sys=0.00, real=0.03 secs] 
1385.270: [GC (Allocation Failure) [PSYoungGen: 324058K->37845K(465920K)] 905357K->619446K(1469440K), 0.0067184 secs] [Times: user=0.01 sys=0.00, real=0.01 secs] 
1385.569: [GC (Allocation Failure) [PSYoungGen: 270805K->184719K(465920K)] 852406K->767573K(1469440K), 0.0201868 secs] [Times: user=0.03 sys=0.00, real=0.02 secs] 
1385.852: [GC (Allocation Failure) [PSYoungGen: 417679K->184719K(465920K)] 1000533K->767846K(1469440K), 0.0200875 secs] [Times: user=0.03 sys=0.00, real=0.02 secs] 
1387.326: [GC (Allocation Failure) [PSYoungGen: 407276K->91484K(465920K)] 990404K->674884K(1469440K), 0.0120528 secs] [Times: user=0.02 sys=0.00, real=0.01 secs] 
1388.389: [GC (Allocation Failure) [PSYoungGen: 324444K->37780K(465920K)] 907844K->621511K(1469440K), 0.0053651 secs] [Times: user=0.01 sys=0.00, real=0.01 secs] 
1388.720: [GC (Allocation Failure) [PSYoungGen: 270740K->183948K(465920K)] 854471K->768932K(1469440K), 0.0201687 secs] [Times: user=0.03 sys=0.00, real=0.02 secs] 
1389.003: [GC (Allocation Failure) [PSYoungGen: 416908K->184398K(465920K)] 1001892K->769655K(1469440K), 0.0201132 secs] [Times: user=0.02 sys=0.00, real=0.02 secs] 
1391.046: [GC (Allocation Failure) [PSYoungGen: 409772K->92704K(465920K)] 995029K->678234K(1469440K), 0.0266017 secs] [Times: user=0.05 sys=0.00, real=0.02 secs] 
1392.699: [GC (Allocation Failure) [PSYoungGen: 325664K->38005K(465920K)] 911194K->623851K(1469440K), 0.0067442 secs] [Times: user=0.02 sys=0.00, real=0.01 secs] 
1392.986: [GC (Allocation Failure) [PSYoungGen: 270965K->184076K(465920K)] 856811K->771176K(1469440K), 0.0201511 secs] [Times: user=0.03 sys=0.00, real=0.02 secs] 
1393.269: [GC (Allocation Failure) [PSYoungGen: 417036K->184366K(465920K)] 1004136K->771867K(1469440K), 0.0201856 secs] [Times: user=0.03 sys=0.00, real=0.02 secs] 
1394.089: [GC (Allocation Failure) [PSYoungGen: 407965K->92271K(465920K)] 995466K->679924K(1469440K), 0.0108480 secs] [Times: user=0.02 sys=0.00, real=0.01 secs] 
1395.783: [GC (Allocation Failure) [PSYoungGen: 325231K->37491K(465920K)] 912884K->625453K(1469440K), 0.0088152 secs] [Times: user=0.02 sys=0.00, real=0.00 secs] 
1396.200: [GC (Allocation Failure) [PSYoungGen: 270451K->184462K(465920K)] 858413K->773806K(1469440K), 0.0204203 secs] [Times: user=0.02 sys=0.00, real=0.02 secs] 
1396.483: [GC (Allocation Failure) [PSYoungGen: 417422K->184558K(465920K)] 1006766K->774055K(1469440K), 0.0201455 secs] [Times: user=0.02 sys=0.00, real=0.02 secs] 
1397.390: [GC (Allocation Failure) [PSYoungGen: 408136K->92287K(465920K)] 997633K->682048K(1469440K), 0.0123423 secs] [Times: user=0.03 sys=0.00, real=0.01 secs] 
1398.215: [GC (Allocation Failure) [PSYoungGen: 325247K->37973K(465920K)] 915008K->628040K(1469440K), 0.0067976 secs] [Times: user=0.01 sys=0.00, real=0.00 secs] 
1398.491: [GC (Allocation Failure) [PSYoungGen: 270933K->184462K(465920K)] 861000K->775782K(1469440K), 0.0202152 secs] [Times: user=0.03 sys=0.00, real=0.02 secs] 
1398.774: [GC (Allocation Failure) [PSYoungGen: 417422K->184590K(465920K)] 1008742K->776192K(1469440K), 0.0202584 secs] [Times: user=0.02 sys=0.00, real=0.02 secs] 
1400.038: [GC (Allocation Failure) [PSYoungGen: 407165K->91741K(465920K)] 998767K->683615K(1469440K), 0.0143504 secs] [Times: user=0.03 sys=0.00, real=0.01 secs] 
1401.361: [GC (Allocation Failure) [PSYoungGen: 324701K->37813K(465920K)] 916575K->629995K(1469440K), 0.0064649 secs] [Times: user=0.01 sys=0.00, real=0.01 secs] 
1401.642: [GC (Allocation Failure) [PSYoungGen: 270773K->184430K(465920K)] 862955K->777866K(1469440K), 0.0201162 secs] [Times: user=0.03 sys=0.00, real=0.02 secs] 
1401.980: [GC (Allocation Failure) [PSYoungGen: 417390K->184269K(465920K)] 1010826K->777978K(1469440K), 0.0201665 secs] [Times: user=0.02 sys=0.01, real=0.02 secs] 
1402.642: [GC (Allocation Failure) [PSYoungGen: 409314K->92126K(465920K)] 1003023K->686237K(1469440K), 0.0123571 secs] [Times: user=0.02 sys=0.00, real=0.02 secs] 
1404.025: [GC (Allocation Failure) [PSYoungGen: 325086K->37748K(465920K)] 919197K->632036K(1469440K), 0.0064910 secs] [Times: user=0.01 sys=0.00, real=0.00 secs] 
1404.312: [GC (Allocation Failure) [PSYoungGen: 270708K->184847K(465920K)] 864996K->780389K(1469440K), 0.0203432 secs] [Times: user=0.03 sys=0.01, real=0.02 secs] 
1404.599: [GC (Allocation Failure) [PSYoungGen: 417807K->184719K(465920K)] 1013349K->780670K(1469440K), 0.0200308 secs] [Times: user=0.03 sys=0.00, real=0.02 secs] 
1405.242: [GC (Allocation Failure) [PSYoungGen: 407270K->91435K(465920K)] 1003221K->687523K(1469440K), 0.0116040 secs] [Times: user=0.02 sys=0.00, real=0.02 secs] 
1406.593: [GC (Allocation Failure) [PSYoungGen: 324395K->37845K(465920K)] 920483K->634240K(1469440K), 0.0065549 secs] [Times: user=0.02 sys=0.00, real=0.00 secs] 
1406.948: [GC (Allocation Failure) [PSYoungGen: 270805K->184719K(465920K)] 867200K->782497K(1469440K), 0.0201738 secs] [Times: user=0.03 sys=0.00, real=0.02 secs] 
1407.282: [GC (Allocation Failure) [PSYoungGen: 417679K->184687K(465920K)] 1015457K->782617K(1469440K), 0.0202298 secs] [Times: user=0.03 sys=0.00, real=0.02 secs] 
1408.499: [GC (Allocation Failure) [PSYoungGen: 407248K->91467K(465920K)] 1005178K->689663K(1469440K), 0.0168131 secs] [Times: user=0.04 sys=0.00, real=0.02 secs] 
1409.306: [GC (Allocation Failure) [PSYoungGen: 324427K->38005K(465920K)] 922623K->636517K(1469440K), 0.0054496 secs] [Times: user=0.01 sys=0.00, real=0.00 secs] 
1409.575: [GC (Allocation Failure) [PSYoungGen: 270965K->183883K(465920K)] 869477K->783648K(1469440K), 0.0200530 secs] [Times: user=0.03 sys=0.01, real=0.02 secs] 
1409.861: [GC (Allocation Failure) [PSYoungGen: 416843K->184719K(465920K)] 1016608K->784781K(1469440K), 0.0201529 secs] [Times: user=0.03 sys=0.00, real=0.02 secs] 
1411.140: [GC (Allocation Failure) [PSYoungGen: 410129K->92255K(465920K)] 1010192K->692590K(1469440K), 0.0166602 secs] [Times: user=0.03 sys=0.00, real=0.02 secs] 
1413.070: [GC (Allocation Failure) [PSYoungGen: 325215K->37877K(465920K)] 925550K->638512K(1469440K), 0.0076071 secs] [Times: user=0.02 sys=0.00, real=0.01 secs] 
1413.387: [GC (Allocation Failure) [PSYoungGen: 270837K->184558K(465920K)] 871472K->786576K(1469440K), 0.0202524 secs] [Times: user=0.03 sys=0.00, real=0.02 secs] 
1413.670: [GC (Allocation Failure) [PSYoungGen: 417518K->184430K(465920K)] 1019536K->786600K(1469440K), 0.0202097 secs] [Times: user=0.02 sys=0.00, real=0.02 secs] 
1414.543: [GC (Allocation Failure) [PSYoungGen: 406922K->91901K(465920K)] 1009092K->694344K(1469440K), 0.0109267 secs] [Times: user=0.02 sys=0.00, real=0.02 secs] 
1416.924: [GC (Allocation Failure) [PSYoungGen: 324861K->37331K(465920K)] 927304K->640066K(1469440K), 0.0091318 secs] [Times: user=0.03 sys=0.01, real=0.01 secs] 
1417.265: [GC (Allocation Failure) [PSYoungGen: 270291K->183658K(465920K)] 873026K->787647K(1469440K), 0.0201941 secs] [Times: user=0.03 sys=0.00, real=0.02 secs] 
1417.627: [GC (Allocation Failure) [PSYoungGen: 416618K->184558K(465920K)] 1020607K->788820K(1469440K), 0.0203374 secs] [Times: user=0.03 sys=0.00, real=0.02 secs] 
1418.305: [GC (Allocation Failure) [PSYoungGen: 409968K->93106K(465920K)] 1014230K->697641K(1469440K), 0.0124518 secs] [Times: user=0.02 sys=0.00, real=0.01 secs] 
1419.573: [GC (Allocation Failure) [PSYoungGen: 326066K->37652K(465920K)] 930601K->642500K(1469440K), 0.0063262 secs] [Times: user=0.01 sys=0.00, real=0.00 secs] 
1419.856: [GC (Allocation Failure) [PSYoungGen: 270612K->184558K(465920K)] 875460K->790668K(1469440K), 0.0202111 secs] [Times: user=0.03 sys=0.00, real=0.02 secs] 
1420.139: [GC (Allocation Failure) [PSYoungGen: 417518K->184301K(465920K)] 1023628K->790692K(1469440K), 0.0199634 secs] [Times: user=0.02 sys=0.00, real=0.02 secs] 
1421.562: [GC (Allocation Failure) [PSYoungGen: 409185K->92271K(465920K)] 1015576K->698935K(1469440K), 0.0236199 secs] [Times: user=0.04 sys=0.00, real=0.03 secs] 
1423.499: [GC (Allocation Failure) [PSYoungGen: 325231K->37877K(465920K)] 931895K->644857K(1469440K), 0.0069706 secs] [Times: user=0.01 sys=0.00, real=0.01 secs] 
1423.794: [GC (Allocation Failure) [PSYoungGen: 270837K->184076K(465920K)] 877817K->792310K(1469440K), 0.0201226 secs] [Times: user=0.03 sys=0.00, real=0.02 secs] 
1424.077: [GC (Allocation Failure) [PSYoungGen: 417036K->184687K(465920K)] 1025270K->793202K(1469440K), 0.0200524 secs] [Times: user=0.02 sys=0.00, real=0.02 secs] 
1425.358: [GC (Allocation Failure) [PSYoungGen: 408044K->92110K(465920K)] 1016559K->700898K(1469440K), 0.0248227 secs] [Times: user=0.05 sys=0.00, real=0.02 secs] 
1427.384: [GC (Allocation Failure) [PSYoungGen: 325070K->37813K(465920K)] 933858K->646914K(1469440K), 0.0072473 secs] [Times: user=0.01 sys=0.00, real=0.00 secs] 
1427.694: [GC (Allocation Failure) [PSYoungGen: 270773K->184301K(465920K)] 879874K->794777K(1469440K), 0.0200910 secs] [Times: user=0.03 sys=0.00, real=0.02 secs] 
1427.977: [GC (Allocation Failure) [PSYoungGen: 417261K->184590K(465920K)] 1027737K->795211K(1469440K), 0.0202324 secs] [Times: user=0.03 sys=0.00, real=0.02 secs] 
1429.336: [GC (Allocation Failure) [PSYoungGen: 409776K->92030K(465920K)] 1020397K->702923K(1469440K), 0.0198543 secs] [Times: user=0.04 sys=0.00, real=0.02 secs] 
1431.213: [GC (Allocation Failure) [PSYoungGen: 324990K->37620K(465920K)] 935883K->648827K(1469440K), 0.0084082 secs] [Times: user=0.02 sys=0.00, real=0.00 secs] 
1431.606: [GC (Allocation Failure) [PSYoungGen: 270580K->184301K(465920K)] 881787K->796754K(1469440K), 0.0203464 secs] [Times: user=0.03 sys=0.00, real=0.02 secs] 
1431.892: [GC (Allocation Failure) [PSYoungGen: 417261K->183626K(465920K)] 1029714K->796352K(1469440K), 0.0199911 secs] [Times: user=0.02 sys=0.00, real=0.02 secs] 
1434.057: [GC (Allocation Failure) [PSYoungGen: 410631K->93154K(465920K)] 1023357K->706153K(1469440K), 0.0203108 secs] [Times: user=0.04 sys=0.00, real=0.02 secs] 
1435.488: [GC (Allocation Failure) [PSYoungGen: 326114K->37973K(465920K)] 939113K->651270K(1469440K), 0.0081937 secs] [Times: user=0.01 sys=0.00, real=0.01 secs] 
1435.817: [GC (Allocation Failure) [PSYoungGen: 270933K->184687K(465920K)] 884230K->799365K(1469440K), 0.0202477 secs] [Times: user=0.03 sys=0.00, real=0.02 secs] 
1436.158: [GC (Allocation Failure) [PSYoungGen: 417647K->184430K(465920K)] 1032325K->799261K(1469440K), 0.0202641 secs] [Times: user=0.02 sys=0.00, real=0.02 secs] 
1436.849: [GC (Allocation Failure) [PSYoungGen: 406737K->91644K(465920K)] 1021569K->706748K(1469440K), 0.0118264 secs] [Times: user=0.02 sys=0.00, real=0.01 secs] 
1437.722: [GC (Allocation Failure) [PSYoungGen: 324604K->38134K(465920K)] 939708K->653544K(1469440K), 0.0064776 secs] [Times: user=0.01 sys=0.00, real=0.01 secs] 
1438.001: [GC (Allocation Failure) [PSYoungGen: 271094K->184462K(465920K)] 886504K->801125K(1469440K), 0.0201728 secs] [Times: user=0.03 sys=0.00, real=0.02 secs] 
1438.285: [GC (Allocation Failure) [PSYoungGen: 417422K->184558K(465920K)] 1034085K->801495K(1469440K), 0.0200962 secs] [Times: user=0.02 sys=0.00, real=0.02 secs] 
1438.986: [GC (Allocation Failure) [PSYoungGen: 407104K->91676K(465920K)] 1024041K->708886K(1469440K), 0.0117077 secs] [Times: user=0.03 sys=0.00, real=0.01 secs] 
1440.171: [GC (Allocation Failure) [PSYoungGen: 324636K->37845K(465920K)] 941846K->655360K(1469440K), 0.0063472 secs] [Times: user=0.01 sys=0.00, real=0.01 secs] 
1440.449: [GC (Allocation Failure) [PSYoungGen: 270805K->184430K(465920K)] 888320K->803207K(1469440K), 0.0202857 secs] [Times: user=0.03 sys=0.00, real=0.02 secs] 
1440.737: [GC (Allocation Failure) [PSYoungGen: 417390K->184558K(465920K)] 1036167K->803608K(1469440K), 0.0202322 secs] [Times: user=0.03 sys=0.00, real=0.02 secs] 
1441.672: [GC (Allocation Failure) [PSYoungGen: 407099K->91885K(465920K)] 1026149K->711208K(1469440K), 0.0112681 secs] [Times: user=0.03 sys=0.00, real=0.02 secs] 
1443.214: [GC (Allocation Failure) [PSYoungGen: 324845K->37716K(465920K)] 944168K->657337K(1469440K), 0.0066584 secs] [Times: user=0.02 sys=0.00, real=0.00 secs] 
1443.579: [GC (Allocation Failure) [PSYoungGen: 270676K->184462K(465920K)] 890297K->805465K(1469440K), 0.0202801 secs] [Times: user=0.03 sys=0.00, real=0.02 secs] 
1443.861: [GC (Allocation Failure) [PSYoungGen: 417422K->184558K(465920K)] 1038425K->805706K(1469440K), 0.0203493 secs] [Times: user=0.03 sys=0.00, real=0.02 secs] 
1444.971: [GC (Allocation Failure) [PSYoungGen: 407617K->91982K(465920K)] 1028764K->713402K(1469440K), 0.0120808 secs] [Times: user=0.03 sys=0.00, real=0.02 secs] 
1445.781: [GC (Allocation Failure) [PSYoungGen: 324942K->38005K(465920K)] 946362K->659742K(1469440K), 0.0055095 secs] [Times: user=0.01 sys=0.00, real=0.01 secs] 
1446.107: [GC (Allocation Failure) [PSYoungGen: 270965K->184462K(465920K)] 892702K->807452K(1469440K), 0.0201312 secs] [Times: user=0.03 sys=0.00, real=0.02 secs] 
1446.389: [GC (Allocation Failure) [PSYoungGen: 417422K->184269K(465920K)] 1040412K->807532K(1469440K), 0.0202517 secs] [Times: user=0.03 sys=0.00, real=0.02 secs] 
1447.035: [GC (Allocation Failure) [PSYoungGen: 409315K->91982K(465920K)] 1032579K->715647K(1469440K), 0.0117347 secs] [Times: user=0.02 sys=0.00, real=0.01 secs] 
1447.819: [GC (Allocation Failure) [PSYoungGen: 324942K->37973K(465920K)] 948607K->661815K(1469440K), 0.0055788 secs] [Times: user=0.01 sys=0.00, real=0.01 secs] 
1448.087: [GC (Allocation Failure) [PSYoungGen: 270933K->184301K(465920K)] 894775K->809389K(1469440K), 0.0200754 secs] [Times: user=0.03 sys=0.00, real=0.02 secs] 
1448.429: [GC (Allocation Failure) [PSYoungGen: 417261K->183690K(465920K)] 1042349K->809059K(1469440K), 0.0203043 secs] [Times: user=0.02 sys=0.00, real=0.02 secs] 
1451.134: [GC (Allocation Failure) [PSYoungGen: 408147K->92737K(465920K)] 1033516K->718371K(1469440K), 0.0272127 secs] [Times: user=0.05 sys=0.00, real=0.02 secs] 
1452.931: [GC (Allocation Failure) [PSYoungGen: 325697K->37877K(465920K)] 951331K->663819K(1469440K), 0.0075251 secs] [Times: user=0.02 sys=0.00, real=0.01 secs] 
1453.238: [GC (Allocation Failure) [PSYoungGen: 270837K->183819K(465920K)] 896779K->811007K(1469440K), 0.0201764 secs] [Times: user=0.03 sys=0.00, real=0.02 secs] 
1453.575: [GC (Allocation Failure) [PSYoungGen: 416779K->184333K(465920K)] 1043967K->811802K(1469440K), 0.0201295 secs] [Times: user=0.03 sys=0.00, real=0.02 secs] 
1454.668: [GC (Allocation Failure) [PSYoungGen: 408235K->92769K(465920K)] 1035704K->720510K(1469440K), 0.0124152 secs] [Times: user=0.02 sys=0.00, real=0.01 secs] 
1455.932: [GC (Allocation Failure) [PSYoungGen: 325729K->37877K(465920K)] 953470K->665926K(1469440K), 0.0076136 secs] [Times: user=0.02 sys=0.00, real=0.01 secs] 
1456.248: [GC (Allocation Failure) [PSYoungGen: 270837K->184944K(465920K)] 898886K->814247K(1469440K), 0.0201400 secs] [Times: user=0.02 sys=0.00, real=0.02 secs] 
1456.592: [GC (Allocation Failure) [PSYoungGen: 417904K->184333K(465920K)] 1047207K->813918K(1469440K), 0.0201878 secs] [Times: user=0.03 sys=0.00, real=0.02 secs] 
1458.237: [GC (Allocation Failure) [PSYoungGen: 407195K->91564K(465920K)] 1036779K->721542K(1469440K), 0.0158561 secs] [Times: user=0.03 sys=0.00, real=0.02 secs] 
1459.317: [GC (Allocation Failure) [PSYoungGen: 324524K->37877K(465920K)] 954502K->668024K(1469440K), 0.0066082 secs] [Times: user=0.02 sys=0.00, real=0.01 secs] 
1459.663: [GC (Allocation Failure) [PSYoungGen: 270837K->183722K(465920K)] 900984K->815115K(1469440K), 0.0208692 secs] [Times: user=0.03 sys=0.00, real=0.02 secs] 
1459.959: [GC (Allocation Failure) [PSYoungGen: 416682K->184655K(465920K)] 1048075K->816337K(1469440K), 0.0201889 secs] [Times: user=0.02 sys=0.00, real=0.02 secs] 
1460.594: [GC (Allocation Failure) [PSYoungGen: 410016K->92512K(465920K)] 1041698K->724467K(1469440K), 0.0121274 secs] [Times: user=0.03 sys=0.00, real=0.01 secs] 
1461.452: [GC (Allocation Failure) [PSYoungGen: 325472K->37970K(465920K)] 957427K->670239K(1469440K), 0.0101704 secs] [Times: user=0.02 sys=0.00, real=0.01 secs] 
1461.799: [GC (Allocation Failure) [PSYoungGen: 270930K->184205K(465920K)] 903199K->817727K(1469440K), 0.0202636 secs] [Times: user=0.03 sys=0.00, real=0.02 secs] 
1462.083: [GC (Allocation Failure) [PSYoungGen: 417165K->184976K(465920K)] 1050687K->818779K(1469440K), 0.0202819 secs] [Times: user=0.03 sys=0.00, real=0.02 secs] 
1462.704: [GC (Allocation Failure) [PSYoungGen: 407864K->91612K(465920K)] 1041668K->725680K(1469440K), 0.0120154 secs] [Times: user=0.03 sys=0.00, real=0.01 secs] 
1464.445: [GC (Allocation Failure) [PSYoungGen: 324572K->37620K(465920K)] 958640K->671994K(1469440K), 0.0074345 secs] [Times: user=0.02 sys=0.00, real=0.00 secs] 
1464.756: [GC (Allocation Failure) [PSYoungGen: 270580K->184558K(465920K)] 904954K->820178K(1469440K), 0.0202008 secs] [Times: user=0.02 sys=0.00, real=0.02 secs] 
1465.039: [GC (Allocation Failure) [PSYoungGen: 417518K->184269K(465920K)] 1053138K->820162K(1469440K), 0.0202104 secs] [Times: user=0.03 sys=0.00, real=0.02 secs] 
1465.681: [GC (Allocation Failure) [PSYoungGen: 409154K->92255K(465920K)] 1045047K->728412K(1469440K), 0.0097834 secs] [Times: user=0.02 sys=0.00, real=0.01 secs] 
1466.710: [GC (Allocation Failure) [PSYoungGen: 325215K->37877K(465920K)] 961372K->674342K(1469440K), 0.0056098 secs] [Times: user=0.01 sys=0.00, real=0.01 secs] 
1466.979: [GC (Allocation Failure) [PSYoungGen: 270837K->184430K(465920K)] 907302K->822270K(1469440K), 0.0202455 secs] [Times: user=0.03 sys=0.00, real=0.02 secs] 
1467.263: [GC (Allocation Failure) [PSYoungGen: 417390K->184494K(465920K)] 1055230K->822479K(1469440K), 0.0202684 secs] [Times: user=0.02 sys=0.00, real=0.03 secs] 
1467.939: [GC (Allocation Failure) [PSYoungGen: 407034K->91869K(465920K)] 1045018K->730119K(1469440K), 0.0111322 secs] [Times: user=0.02 sys=0.00, real=0.01 secs] 
1468.787: [GC (Allocation Failure) [PSYoungGen: 324829K->37973K(465920K)] 963079K->676538K(1469440K), 0.0053722 secs] [Times: user=0.01 sys=0.00, real=0.00 secs] 
1469.056: [GC (Allocation Failure) [PSYoungGen: 270933K->184944K(465920K)] 909498K->824755K(1469440K), 0.0201986 secs] [Times: user=0.03 sys=0.00, real=0.02 secs] 
1469.339: [GC (Allocation Failure) [PSYoungGen: 417904K->184237K(465920K)] 1057715K->824328K(1469440K), 0.0200817 secs] [Times: user=0.03 sys=0.00, real=0.02 secs] 
1470.033: [GC (Allocation Failure) [PSYoungGen: 407059K->91612K(465920K)] 1047151K->731993K(1469440K), 0.0118370 secs] [Times: user=0.02 sys=0.00, real=0.01 secs] 
1471.874: [GC (Allocation Failure) [PSYoungGen: 324572K->37877K(465920K)] 964953K->678563K(1469440K), 0.0073711 secs] [Times: user=0.02 sys=0.00, real=0.00 secs] 
1472.180: [GC (Allocation Failure) [PSYoungGen: 270837K->184462K(465920K)] 911523K->826394K(1469440K), 0.0201355 secs] [Times: user=0.03 sys=0.00, real=0.02 secs] 
1472.462: [GC (Allocation Failure) [PSYoungGen: 417422K->184269K(465920K)] 1059354K->826474K(1469440K), 0.0200827 secs] [Times: user=0.02 sys=0.00, real=0.02 secs] 
1473.323: [GC (Allocation Failure) [PSYoungGen: 409308K->92126K(465920K)] 1051513K->734741K(1469440K), 0.0117552 secs] [Times: user=0.02 sys=0.00, real=0.02 secs] 
1474.363: [GC (Allocation Failure) [PSYoungGen: 325086K->38102K(465920K)] 967701K->680896K(1469440K), 0.0058864 secs] [Times: user=0.01 sys=0.00, real=0.00 secs] 
1474.636: [GC (Allocation Failure) [PSYoungGen: 271062K->184687K(465920K)] 913856K->828726K(1469440K), 0.0205035 secs] [Times: user=0.03 sys=0.00, real=0.02 secs] 
1474.920: [GC (Allocation Failure) [PSYoungGen: 417647K->184462K(465920K)] 1061686K->828774K(1469440K), 0.0202301 secs] [Times: user=0.03 sys=0.00, real=0.02 secs] 
1477.015: [GC (Allocation Failure) [PSYoungGen: 406921K->91484K(465920K)] 1051234K->736069K(1469440K), 0.0190309 secs] [Times: user=0.04 sys=0.00, real=0.02 secs] 
1478.946: [GC (Allocation Failure) [PSYoungGen: 324444K->37748K(465920K)] 969029K->682640K(1469440K), 0.0077403 secs] [Times: user=0.02 sys=0.01, real=0.01 secs] 
1479.265: [GC (Allocation Failure) [PSYoungGen: 270708K->184719K(465920K)] 915600K->830864K(1469440K), 0.0202161 secs] [Times: user=0.03 sys=0.00, real=0.02 secs] 
1479.555: [GC (Allocation Failure) [PSYoungGen: 417679K->184430K(465920K)] 1063824K->830719K(1469440K), 0.0203810 secs] [Times: user=0.02 sys=0.00, real=0.02 secs] 
1480.149: [GC (Allocation Failure) [PSYoungGen: 406877K->91885K(465920K)] 1053166K->738472K(1469440K), 0.0098995 secs] [Times: user=0.02 sys=0.00, real=0.01 secs] 
1481.652: [GC (Allocation Failure) [PSYoungGen: 324845K->37970K(465920K)] 971432K->684867K(1469440K), 0.0074351 secs] [Times: user=0.02 sys=0.00, real=0.01 secs] 
1481.959: [GC (Allocation Failure) [PSYoungGen: 270930K->184687K(465920K)] 917827K->832837K(1469440K), 0.0202748 secs] [Times: user=0.03 sys=0.00, real=0.02 secs] 
1482.243: [GC (Allocation Failure) [PSYoungGen: 417647K->184398K(465920K)] 1065797K->832821K(1469440K), 0.0201948 secs] [Times: user=0.03 sys=0.00, real=0.02 secs] 
1483.407: [GC (Allocation Failure) [PSYoungGen: 406868K->91628K(465920K)] 1055291K->740324K(1469440K), 0.0114029 secs] [Times: user=0.03 sys=0.00, real=0.01 secs] 
1485.331: [GC (Allocation Failure) [PSYoungGen: 324588K->37459K(465920K)] 973284K->686455K(1469440K), 0.0068536 secs] [Times: user=0.02 sys=0.00, real=0.01 secs] 
1485.620: [GC (Allocation Failure) [PSYoungGen: 270419K->183658K(465920K)] 919415K->833892K(1469440K), 0.0201297 secs] [Times: user=0.02 sys=0.00, real=0.02 secs] 
1485.903: [GC (Allocation Failure) [PSYoungGen: 416618K->184623K(465920K)] 1066852K->835129K(1469440K), 0.0202796 secs] [Times: user=0.02 sys=0.00, real=0.02 secs] 
1487.207: [GC (Allocation Failure) [PSYoungGen: 409970K->92913K(465920K)] 1060477K->743822K(1469440K), 0.0149335 secs] [Times: user=0.03 sys=0.00, real=0.01 secs] 
1488.793: [GC (Allocation Failure) [PSYoungGen: 325873K->37877K(465920K)] 976782K->688970K(1469440K), 0.0066841 secs] [Times: user=0.02 sys=0.00, real=0.00 secs] 
1489.076: [GC (Allocation Failure) [PSYoungGen: 270837K->184558K(465920K)] 921930K->837026K(1469440K), 0.0202980 secs] [Times: user=0.03 sys=0.00, real=0.02 secs] 
1489.360: [GC (Allocation Failure) [PSYoungGen: 417518K->184751K(465920K)] 1069986K->837371K(1469440K), 0.0202664 secs] [Times: user=0.02 sys=0.00, real=0.02 secs] 
1491.584: [GC (Allocation Failure) [PSYoungGen: 407442K->91580K(465920K)] 1060062K->744610K(1469440K), 0.0254390 secs] [Times: user=0.05 sys=0.00, real=0.02 secs] 
1493.906: [GC (Allocation Failure) [PSYoungGen: 324540K->37877K(465920K)] 977570K->691084K(1469440K), 0.0078372 secs] [Times: user=0.02 sys=0.00, real=0.01 secs] 
1494.226: [GC (Allocation Failure) [PSYoungGen: 270837K->184687K(465920K)] 924044K->839268K(1469440K), 0.0202658 secs] [Times: user=0.03 sys=0.00, real=0.02 secs] 
1494.571: [GC (Allocation Failure) [PSYoungGen: 417647K->184623K(465920K)] 1072228K->839348K(1469440K), 0.0207528 secs] [Times: user=0.02 sys=0.00, real=0.02 secs] 
1496.031: [GC (Allocation Failure) [PSYoungGen: 407178K->91516K(465920K)] 1061903K->746522K(1469440K), 0.0131967 secs] [Times: user=0.03 sys=0.00, real=0.02 secs] 
1497.122: [GC (Allocation Failure) [PSYoungGen: 324476K->37909K(465920K)] 979482K->693237K(1469440K), 0.0054617 secs] [Times: user=0.01 sys=0.00, real=0.01 secs] 
1497.453: [GC (Allocation Failure) [PSYoungGen: 270869K->184687K(465920K)] 926197K->841389K(1469440K), 0.0202447 secs] [Times: user=0.03 sys=0.00, real=0.02 secs] 
1497.737: [GC (Allocation Failure) [PSYoungGen: 417647K->184687K(465920K)] 1074349K->841534K(1469440K), 0.0202072 secs] [Times: user=0.03 sys=0.00, real=0.02 secs] 
1499.474: [GC (Allocation Failure) [PSYoungGen: 407274K->91484K(465920K)] 1064121K->748596K(1469440K), 0.0299807 secs] [Times: user=0.10 sys=0.00, real=0.03 secs] 
1500.769: [GC (Allocation Failure) [PSYoungGen: 324444K->38005K(465920K)] 981556K->695439K(1469440K), 0.0054358 secs] [Times: user=0.01 sys=0.00, real=0.01 secs] 
1501.110: [GC (Allocation Failure) [PSYoungGen: 270965K->183916K(465920K)] 928399K->842595K(1469440K), 0.0201242 secs] [Times: user=0.03 sys=0.00, real=0.02 secs] 
1501.393: [GC (Allocation Failure) [PSYoungGen: 416876K->184398K(465920K)] 1075555K->843479K(1469440K), 0.0202893 secs] [Times: user=0.03 sys=0.00, real=0.02 secs] 
1502.740: [GC (Allocation Failure) [PSYoungGen: 409633K->92415K(465920K)] 1068714K->751641K(1469440K), 0.0129253 secs] [Times: user=0.02 sys=0.00, real=0.02 secs] 
1504.008: [GC (Allocation Failure) [PSYoungGen: 325375K->37877K(465920K)] 984601K->697416K(1469440K), 0.0055319 secs] [Times: user=0.01 sys=0.00, real=0.01 secs] 
1504.277: [GC (Allocation Failure) [PSYoungGen: 270837K->184687K(465920K)] 930376K->845480K(1469440K), 0.0202700 secs] [Times: user=0.03 sys=0.00, real=0.02 secs] 
1504.617: [GC (Allocation Failure) [PSYoungGen: 417647K->184494K(465920K)] 1078440K->845568K(1469440K), 0.0205394 secs] [Times: user=0.02 sys=0.00, real=0.02 secs] 
1505.346: [GC (Allocation Failure) [PSYoungGen: 407219K->91693K(465920K)] 1068293K->753040K(1469440K), 0.0120125 secs] [Times: user=0.02 sys=0.00, real=0.01 secs] 
1506.181: [GC (Allocation Failure) [PSYoungGen: 324653K->38102K(465920K)] 986000K->699746K(1469440K), 0.0055553 secs] [Times: user=0.01 sys=0.00, real=0.01 secs] 
1506.450: [GC (Allocation Failure) [PSYoungGen: 271062K->184687K(465920K)] 932706K->847585K(1469440K), 0.0203068 secs] [Times: user=0.02 sys=0.00, real=0.02 secs] 
1506.793: [GC (Allocation Failure) [PSYoungGen: 417647K->184398K(465920K)] 1080545K->847569K(1469440K), 0.0203441 secs] [Times: user=0.03 sys=0.00, real=0.02 secs] 
1508.607: [GC (Allocation Failure) [PSYoungGen: 406880K->91452K(465920K)] 1070051K->754896K(1469440K), 0.0144551 secs] [Times: user=0.03 sys=0.00, real=0.01 secs] 
1509.555: [GC (Allocation Failure) [PSYoungGen: 324412K->38037K(465920K)] 987856K->701797K(1469440K), 0.0056262 secs] [Times: user=0.02 sys=0.00, real=0.00 secs] 
1509.881: [GC (Allocation Failure) [PSYoungGen: 270997K->183916K(465920K)] 934757K->848929K(1469440K), 0.0201669 secs] [Times: user=0.03 sys=0.00, real=0.02 secs] 
1510.164: [GC (Allocation Failure) [PSYoungGen: 416876K->184430K(465920K)] 1081889K->849724K(1469440K), 0.0203177 secs] [Times: user=0.03 sys=0.00, real=0.02 secs] 
1511.363: [GC (Allocation Failure) [PSYoungGen: 409634K->92383K(465920K)] 1074929K->757951K(1469440K), 0.0120665 secs] [Times: user=0.02 sys=0.00, real=0.02 secs] 
1512.269: [GC (Allocation Failure) [PSYoungGen: 325343K->38134K(465920K)] 990911K->704007K(1469440K), 0.0070897 secs] [Times: user=0.02 sys=0.00, real=0.01 secs] 
1512.569: [GC (Allocation Failure) [PSYoungGen: 271094K->184590K(465920K)] 936967K->851717K(1469440K), 0.0205200 secs] [Times: user=0.03 sys=0.00, real=0.02 secs] 
1512.853: [GC (Allocation Failure) [PSYoungGen: 417550K->184815K(465920K)] 1084677K->852215K(1469440K), 0.0203807 secs] [Times: user=0.03 sys=0.00, real=0.02 secs] 
1513.556: [GC (Allocation Failure) [PSYoungGen: 407192K->91226K(465920K)] 1074593K->758900K(1469440K), 0.0107590 secs] [Times: user=0.02 sys=0.00, real=0.01 secs] 
1514.532: [GC (Allocation Failure) [PSYoungGen: 324186K->38259K(465920K)] 991860K->706238K(1469440K), 0.0070778 secs] [Times: user=0.02 sys=0.00, real=0.01 secs] 
1514.812: [GC (Allocation Failure) [PSYoungGen: 271219K->184687K(465920K)] 939198K->853911K(1469440K), 0.0204050 secs] [Times: user=0.03 sys=0.00, real=0.03 secs] 
1515.095: [GC (Allocation Failure) [PSYoungGen: 417647K->184687K(465920K)] 1086871K->854192K(1469440K), 0.0203938 secs] [Times: user=0.02 sys=0.00, real=0.02 secs] 
1517.469: [GC (Allocation Failure) [PSYoungGen: 406981K->91066K(465920K)] 1076487K->760845K(1469440K), 0.0275511 secs] [Times: user=0.06 sys=0.00, real=0.03 secs] 
1519.301: [GC (Allocation Failure) [PSYoungGen: 324026K->38005K(465920K)] 993805K->708090K(1469440K), 0.0076785 secs] [Times: user=0.02 sys=0.00, real=0.01 secs] 
1519.613: [GC (Allocation Failure) [PSYoungGen: 270965K->184751K(465920K)] 941050K->856081K(1469440K), 0.0204828 secs] [Times: user=0.03 sys=0.00, real=0.02 secs] 
1519.951: [GC (Allocation Failure) [PSYoungGen: 417711K->184623K(465920K)] 1089041K->856250K(1469440K), 0.0203868 secs] [Times: user=0.03 sys=0.00, real=0.02 secs] 
1520.589: [GC (Allocation Failure) [PSYoungGen: 407183K->91339K(465920K)] 1078810K->763247K(1469440K), 0.0121261 secs] [Times: user=0.02 sys=0.00, real=0.01 secs] 
1521.382: [GC (Allocation Failure) [PSYoungGen: 324299K->38005K(465920K)] 996207K->710231K(1469440K), 0.0055056 secs] [Times: user=0.02 sys=0.00, real=0.01 secs] 
1521.650: [GC (Allocation Failure) [PSYoungGen: 270965K->183948K(465920K)] 943191K->857419K(1469440K), 0.0202436 secs] [Times: user=0.02 sys=0.00, real=0.02 secs] 
1521.936: [GC (Allocation Failure) [PSYoungGen: 416908K->184815K(465920K)] 1090379K->858568K(1469440K), 0.0202573 secs] [Times: user=0.03 sys=0.00, real=0.02 secs] 
1522.564: [GC (Allocation Failure) [PSYoungGen: 407696K->91998K(465920K)] 1081448K->766015K(1469440K), 0.0110707 secs] [Times: user=0.02 sys=0.00, real=0.01 secs] 
1523.370: [GC (Allocation Failure) [PSYoungGen: 324958K->37973K(465920K)] 998975K->712305K(1469440K), 0.0065052 secs] [Times: user=0.01 sys=0.00, real=0.01 secs] 
1523.647: [GC (Allocation Failure) [PSYoungGen: 270933K->183916K(465920K)] 945265K->859501K(1469440K), 0.0203480 secs] [Times: user=0.03 sys=0.00, real=0.02 secs] 
1523.931: [GC (Allocation Failure) [PSYoungGen: 416876K->184494K(465920K)] 1092461K->860352K(1469440K), 0.0203319 secs] [Times: user=0.03 sys=0.00, real=0.02 secs] 
1525.716: [GC (Allocation Failure) [PSYoungGen: 409912K->92287K(465920K)] 1085770K->768538K(1469440K), 0.0169621 secs] [Times: user=0.03 sys=0.00, real=0.01 secs] 
1527.372: [GC (Allocation Failure) [PSYoungGen: 325247K->37877K(465920K)] 1001498K->714322K(1469440K), 0.0068999 secs] [Times: user=0.01 sys=0.00, real=0.01 secs] 
1527.662: [GC (Allocation Failure) [PSYoungGen: 270837K->184076K(465920K)] 947282K->861767K(1469440K), 0.0204622 secs] [Times: user=0.02 sys=0.00, real=0.02 secs] 
1528.001: [GC (Allocation Failure) [PSYoungGen: 417036K->184558K(465920K)] 1094727K->862522K(1469440K), 0.0203420 secs] [Times: user=0.02 sys=0.00, real=0.02 secs] 
1529.692: [GC (Allocation Failure) [PSYoungGen: 408171K->92255K(465920K)] 1086135K->770491K(1469440K), 0.0200790 secs] [Times: user=0.04 sys=0.00, real=0.02 secs] 
1532.227: [GC (Allocation Failure) [PSYoungGen: 325215K->37877K(465920K)] 1003451K->716427K(1469440K), 0.0077895 secs] [Times: user=0.02 sys=0.00, real=0.01 secs] 
1532.543: [GC (Allocation Failure) [PSYoungGen: 270837K->183658K(465920K)] 949387K->863462K(1469440K), 0.0203305 secs] [Times: user=0.03 sys=0.00, real=0.02 secs] 
1532.831: [GC (Allocation Failure) [PSYoungGen: 416618K->184526K(465920K)] 1096422K->864603K(1469440K), 0.0203861 secs] [Times: user=0.02 sys=0.01, real=0.02 secs] 
1533.454: [GC (Allocation Failure) [PSYoungGen: 410092K->92640K(465920K)] 1090170K->772990K(1469440K), 0.0126110 secs] [Times: user=0.03 sys=0.00, real=0.01 secs] 
1534.344: [GC (Allocation Failure) [PSYoungGen: 325600K->38005K(465920K)] 1005950K->718661K(1469440K), 0.0095628 secs] [Times: user=0.02 sys=0.00, real=0.01 secs] 
1534.698: [GC (Allocation Failure) [PSYoungGen: 270965K->184430K(465920K)] 951621K->866331K(1469440K), 0.0205892 secs] [Times: user=0.02 sys=0.00, real=0.02 secs] 
1534.985: [GC (Allocation Failure) [PSYoungGen: 417390K->184815K(465920K)] 1099291K->866998K(1469440K), 0.0205038 secs] [Times: user=0.02 sys=0.00, real=0.02 secs] 
1535.602: [GC (Allocation Failure) [PSYoungGen: 407735K->91484K(465920K)] 1089918K->773939K(1469440K), 0.0126386 secs] [Times: user=0.02 sys=0.00, real=0.02 secs] 
1536.413: [GC (Allocation Failure) [PSYoungGen: 324444K->37877K(465920K)] 1006899K->720648K(1469440K), 0.0055250 secs] [Times: user=0.01 sys=0.00, real=0.01 secs] 
1536.682: [GC (Allocation Failure) [PSYoungGen: 270837K->184944K(465920K)] 953608K->868961K(1469440K), 0.0205878 secs] [Times: user=0.03 sys=0.00, real=0.02 secs] 
1536.971: [GC (Allocation Failure) [PSYoungGen: 417904K->184944K(465920K)] 1101921K->869234K(1469440K), 0.0205434 secs] [Times: user=0.03 sys=0.00, real=0.02 secs] 
1537.572: [GC (Allocation Failure) [PSYoungGen: 407087K->91001K(465920K)] 1091377K->775564K(1469440K), 0.0099228 secs] [Times: user=0.02 sys=0.00, real=0.01 secs] 
1538.372: [GC (Allocation Failure) [PSYoungGen: 323961K->37748K(465920K)] 1008524K->722617K(1469440K), 0.0056691 secs] [Times: user=0.01 sys=0.00, real=0.01 secs] 
1538.707: [GC (Allocation Failure) [PSYoungGen: 270708K->186357K(465920K)] 955577K->872472K(1469440K), 0.0208004 secs] [Times: user=0.03 sys=0.00, real=0.02 secs] 
1538.992: [GC (Allocation Failure) [PSYoungGen: 419317K->186100K(465920K)] 1105432K->872488K(1469440K), 0.0206325 secs] [Times: user=0.03 sys=0.00, real=0.02 secs] 
1539.670: [GC (Allocation Failure) [PSYoungGen: 405567K->88527K(465920K)] 1091954K->775180K(1469440K), 0.0119939 secs] [Times: user=0.02 sys=0.00, real=0.01 secs] 
1540.524: [GC (Allocation Failure) [PSYoungGen: 321487K->38134K(465920K)] 1008140K->725108K(1469440K), 0.0059095 secs] [Times: user=0.02 sys=0.00, real=0.00 secs] 
1540.854: [GC (Allocation Failure) [PSYoungGen: 271094K->184205K(465920K)] 958068K->872424K(1469440K), 0.0204439 secs] [Times: user=0.03 sys=0.00, real=0.02 secs] 
1541.196: [GC (Allocation Failure) [PSYoungGen: 417165K->184430K(465920K)] 1105384K->873051K(1469440K), 0.0205686 secs] [Times: user=0.03 sys=0.00, real=0.02 secs] 
1543.016: [GC (Allocation Failure) [PSYoungGen: 407541K->92030K(465920K)] 1096162K->780787K(1469440K), 0.0126464 secs] [Times: user=0.03 sys=0.00, real=0.01 secs] 
1544.420: [GC (Allocation Failure) [PSYoungGen: 324990K->37588K(465920K)] 1013747K->726667K(1469440K), 0.0095146 secs] [Times: user=0.02 sys=0.00, real=0.01 secs] 
1544.756: [GC (Allocation Failure) [PSYoungGen: 270548K->184847K(465920K)] 959627K->875172K(1469440K), 0.0209516 secs] [Times: user=0.03 sys=0.00, real=0.02 secs] 
1545.089: [GC (Allocation Failure) [PSYoungGen: 417807K->184141K(465920K)] 1108132K->874739K(1469440K), 0.0204788 secs] [Times: user=0.03 sys=0.00, real=0.02 secs] 
1545.735: [GC (Allocation Failure) [PSYoungGen: 404853K->92126K(465920K)] 1095451K->782997K(1469440K), 0.0122059 secs] [Times: user=0.03 sys=0.00, real=0.01 secs] 
1546.566: [GC (Allocation Failure) [PSYoungGen: 325086K->38102K(465920K)] 1015957K->729287K(1469440K), 0.0069126 secs] [Times: user=0.02 sys=0.00, real=0.00 secs] 
1546.853: [GC (Allocation Failure) [PSYoungGen: 271062K->184687K(465920K)] 962247K->877117K(1469440K), 0.0205771 secs] [Times: user=0.03 sys=0.00, real=0.02 secs] 
1547.140: [GC (Allocation Failure) [PSYoungGen: 417647K->184687K(465920K)] 1110077K->877519K(1469440K), 0.0204263 secs] [Times: user=0.02 sys=0.00, real=0.02 secs] 
1548.238: [GC (Allocation Failure) [PSYoungGen: 407131K->91258K(465920K)] 1099963K->784364K(1469440K), 0.0134181 secs] [Times: user=0.03 sys=0.00, real=0.01 secs] 
1549.081: [GC (Allocation Failure) [PSYoungGen: 324218K->37973K(465920K)] 1017324K->731256K(1469440K), 0.0057021 secs] [Times: user=0.01 sys=0.00, real=0.01 secs] 
1549.348: [GC (Allocation Failure) [PSYoungGen: 270933K->183980K(465920K)] 964216K->878507K(1469440K), 0.0204729 secs] [Times: user=0.03 sys=0.00, real=0.02 secs] 
1549.633: [GC (Allocation Failure) [PSYoungGen: 416940K->184366K(465920K)] 1111467K->879183K(1469440K), 0.0207482 secs] [Times: user=0.02 sys=0.00, real=0.02 secs] 
1550.633: [GC (Allocation Failure) [PSYoungGen: 409574K->92447K(465920K)] 1104391K->787537K(1469440K), 0.0127509 secs] [Times: user=0.02 sys=0.00, real=0.01 secs] 
1551.493: [GC (Allocation Failure) [PSYoungGen: 325407K->38002K(465920K)] 1020497K->733398K(1469440K), 0.0056894 secs] [Times: user=0.02 sys=0.00, real=0.00 secs] 
1551.761: [GC (Allocation Failure) [PSYoungGen: 270962K->184173K(465920K)] 966358K->880814K(1469440K), 0.0203507 secs] [Times: user=0.03 sys=0.00, real=0.02 secs] 
1552.110: [GC (Allocation Failure) [PSYoungGen: 417133K->184976K(465920K)] 1113774K->881898K(1469440K), 0.0203341 secs] [Times: user=0.03 sys=0.00, real=0.02 secs] 
1553.341: [GC (Allocation Failure) [PSYoungGen: 407697K->91612K(465920K)] 1104619K->788808K(1469440K), 0.0135385 secs] [Times: user=0.03 sys=0.00, real=0.02 secs] 
1554.331: [GC (Allocation Failure) [PSYoungGen: 324572K->37845K(465920K)] 1021768K->735354K(1469440K), 0.0056612 secs] [Times: user=0.01 sys=0.00, real=0.01 secs] 
1554.658: [GC (Allocation Failure) [PSYoungGen: 270805K->184333K(465920K)] 968314K->883088K(1469440K), 0.0205489 secs] [Times: user=0.03 sys=0.00, real=0.02 secs] 
1554.945: [GC (Allocation Failure) [PSYoungGen: 417293K->184494K(465920K)] 1116048K->883522K(1469440K), 0.0204770 secs] [Times: user=0.02 sys=0.00, real=0.02 secs] 
1556.370: [GC (Allocation Failure) [PSYoungGen: 409652K->91998K(465920K)] 1108680K->791290K(1469440K), 0.0146272 secs] [Times: user=0.02 sys=0.00, real=0.02 secs] 
1558.190: [GC (Allocation Failure) [PSYoungGen: 324958K->37745K(465920K)] 1024250K->737356K(1469440K), 0.0070753 secs] [Times: user=0.02 sys=0.00, real=0.01 secs] 
1558.488: [GC (Allocation Failure) [PSYoungGen: 270705K->184333K(465920K)] 970316K->885189K(1469440K), 0.0204065 secs] [Times: user=0.03 sys=0.00, real=0.02 secs] 
1558.771: [GC (Allocation Failure) [PSYoungGen: 417293K->184558K(465920K)] 1118149K->885816K(1469440K), 0.0203311 secs] [Times: user=0.03 sys=0.00, real=0.02 secs] 
1559.763: [GC (Allocation Failure) [PSYoungGen: 407580K->92158K(465920K)] 1108838K->793560K(1469440K), 0.0133263 secs] [Times: user=0.03 sys=0.00, real=0.01 secs] 
1561.315: [GC (Allocation Failure) [PSYoungGen: 325118K->37716K(465920K)] 1026520K->739424K(1469440K), 0.0067339 secs] [Times: user=0.02 sys=0.00, real=0.00 secs] 
1561.678: [GC (Allocation Failure) [PSYoungGen: 270676K->184430K(465920K)] 972384K->887504K(1469440K), 0.0205369 secs] [Times: user=0.03 sys=0.00, real=0.02 secs] 
1562.020: [GC (Allocation Failure) [PSYoungGen: 417390K->184526K(465920K)] 1120464K->887745K(1469440K), 0.0203695 secs] [Times: user=0.02 sys=0.00, real=0.02 secs] 
1562.628: [GC (Allocation Failure) [PSYoungGen: 407585K->92030K(465920K)] 1110803K->795513K(1469440K), 0.0125367 secs] [Times: user=0.03 sys=0.00, real=0.01 secs] 
1563.600: [GC (Allocation Failure) [PSYoungGen: 324990K->37973K(465920K)] 1028473K->741755K(1469440K), 0.0057234 secs] [Times: user=0.01 sys=0.00, real=0.01 secs] 
1563.927: [GC (Allocation Failure) [PSYoungGen: 270933K->184430K(465920K)] 974715K->889457K(1469440K), 0.0205395 secs] [Times: user=0.03 sys=0.00, real=0.02 secs] 
1564.211: [GC (Allocation Failure) [PSYoungGen: 417390K->184494K(465920K)] 1122417K->889794K(1469440K), 0.0203626 secs] [Times: user=0.03 sys=0.00, real=0.02 secs] 
1565.714: [GC (Allocation Failure) [PSYoungGen: 407016K->91741K(465920K)] 1112316K->797314K(1469440K), 0.0168273 secs] [Times: user=0.03 sys=0.00, real=0.01 secs] 
1568.073: [GC (Allocation Failure) [PSYoungGen: 324701K->37331K(465920K)] 1030274K->743209K(1469440K), 0.0075241 secs] [Times: user=0.02 sys=0.00, real=0.01 secs] 
1568.379: [GC (Allocation Failure) [PSYoungGen: 270291K->184430K(465920K)] 976169K->891683K(1469440K), 0.0204570 secs] [Times: user=0.03 sys=0.00, real=0.02 secs] 
1568.663: [GC (Allocation Failure) [PSYoungGen: 417390K->184590K(465920K)] 1124643K->891988K(1469440K), 0.0202590 secs] [Times: user=0.02 sys=0.00, real=0.02 secs] 
1570.002: [GC (Allocation Failure) [PSYoungGen: 408215K->92303K(465920K)] 1115612K->799966K(1469440K), 0.0190721 secs] [Times: user=0.04 sys=0.01, real=0.02 secs] 
1571.778: [GC (GCLocker Initiated GC) [PSYoungGen: 325263K->36174K(465920K)] 1032926K->744150K(1469440K), 0.0093783 secs] [Times: user=0.02 sys=0.00, real=0.01 secs] 
1572.113: [GC (Allocation Failure) [PSYoungGen: 269134K->184623K(465920K)] 978364K->895090K(1469440K), 0.0205244 secs] [Times: user=0.03 sys=0.00, real=0.02 secs] 
1572.396: [GC (Allocation Failure) [PSYoungGen: 417583K->184205K(465920K)] 1128050K->894680K(1469440K), 0.0203075 secs] [Times: user=0.03 sys=0.00, real=0.02 secs] 
1573.345: [GC (Allocation Failure) [PSYoungGen: 408169K->92640K(465920K)] 1118645K->803421K(1469440K), 0.0125595 secs] [Times: user=0.03 sys=0.00, real=0.01 secs] 
1574.819: [GC (Allocation Failure) [PSYoungGen: 325600K->37588K(465920K)] 1036381K->748662K(1469440K), 0.0085417 secs] [Times: user=0.02 sys=0.00, real=0.01 secs] 
1575.144: [GC (Allocation Failure) [PSYoungGen: 270548K->184815K(465920K)] 981622K->897136K(1469440K), 0.0203094 secs] [Times: user=0.03 sys=0.00, real=0.02 secs] 
1575.434: [GC (Allocation Failure) [PSYoungGen: 417775K->184141K(465920K)] 1130096K->896734K(1469440K), 0.0204383 secs] [Times: user=0.03 sys=0.00, real=0.02 secs] 
1577.058: [GC (Allocation Failure) [PSYoungGen: 409472K->92158K(465920K)] 1122066K->805025K(1469440K), 0.0245155 secs] [Times: user=0.05 sys=0.01, real=0.02 secs] 
1578.748: [GC (Allocation Failure) [PSYoungGen: 325118K->37716K(465920K)] 1037985K->750888K(1469440K), 0.0067061 secs] [Times: user=0.02 sys=0.00, real=0.01 secs] 
1579.033: [GC (Allocation Failure) [PSYoungGen: 270676K->184687K(465920K)] 983848K->899104K(1469440K), 0.0203104 secs] [Times: user=0.02 sys=0.00, real=0.02 secs] 
1579.317: [GC (Allocation Failure) [PSYoungGen: 417647K->184398K(465920K)] 1132064K->899088K(1469440K), 0.0203529 secs] [Times: user=0.03 sys=0.00, real=0.02 secs] 
1582.022: [GC (Allocation Failure) [PSYoungGen: 409466K->91933K(465920K)] 1124157K->806897K(1469440K), 0.0242326 secs] [Times: user=0.05 sys=0.00, real=0.03 secs] 
1584.781: [GC (Allocation Failure) [PSYoungGen: 324893K->37620K(465920K)] 1039857K->752889K(1469440K), 0.0072462 secs] [Times: user=0.02 sys=0.00, real=0.01 secs] 
1585.086: [GC (Allocation Failure) [PSYoungGen: 270580K->184687K(465920K)] 985849K->901322K(1469440K), 0.0203185 secs] [Times: user=0.03 sys=0.00, real=0.02 secs] 
1585.370: [GC (Allocation Failure) [PSYoungGen: 417647K->184655K(465920K)] 1134282K->901435K(1469440K), 0.0204346 secs] [Times: user=0.02 sys=0.00, real=0.02 secs] 
1587.126: [GC (Allocation Failure) [PSYoungGen: 407465K->91725K(465920K)] 1124246K->808778K(1469440K), 0.0151696 secs] [Times: user=0.03 sys=0.00, real=0.01 secs] 
1589.057: [GC (Allocation Failure) [PSYoungGen: 324685K->37973K(465920K)] 1041738K->755340K(1469440K), 0.0065613 secs] [Times: user=0.02 sys=0.00, real=0.01 secs] 
1589.333: [GC (Allocation Failure) [PSYoungGen: 270933K->184751K(465920K)] 988300K->903492K(1469440K), 0.0204285 secs] [Times: user=0.03 sys=0.00, real=0.02 secs] 
1589.618: [GC (Allocation Failure) [PSYoungGen: 417711K->184623K(465920K)] 1136452K->903661K(1469440K), 0.0204869 secs] [Times: user=0.03 sys=0.00, real=0.02 secs] 
1590.571: [GC (Allocation Failure) [PSYoungGen: 407189K->91387K(465920K)] 1126228K->810562K(1469440K), 0.0132100 secs] [Times: user=0.03 sys=0.00, real=0.02 secs] 
1592.633: [GC (Allocation Failure) [PSYoungGen: 324347K->37845K(465920K)] 1043522K->757341K(1469440K), 0.0078612 secs] [Times: user=0.02 sys=0.00, real=0.01 secs] 
1592.951: [GC (Allocation Failure) [PSYoungGen: 270805K->184655K(465920K)] 990301K->905525K(1469440K), 0.0282691 secs] [Times: user=0.06 sys=0.00, real=0.03 secs] 
1593.301: [GC (Allocation Failure) [PSYoungGen: 417615K->184687K(465920K)] 1138485K->905702K(1469440K), 0.0203671 secs] [Times: user=0.03 sys=0.00, real=0.02 secs] 
1594.828: [GC (Allocation Failure) [PSYoungGen: 407250K->91420K(465920K)] 1128265K->812700K(1469440K), 0.0246564 secs] [Times: user=0.05 sys=0.00, real=0.02 secs] 
1595.967: [GC (Allocation Failure) [PSYoungGen: 324380K->37973K(465920K)] 1045660K->759545K(1469440K), 0.0075904 secs] [Times: user=0.02 sys=0.00, real=0.01 secs] 
1596.274: [GC (Allocation Failure) [PSYoungGen: 270933K->183690K(465920K)] 992505K->906508K(1469440K), 0.0201565 secs] [Times: user=0.02 sys=0.00, real=0.02 secs] 
1596.557: [GC (Allocation Failure) [PSYoungGen: 416650K->184526K(465920K)] 1139468K->907617K(1469440K), 0.0203404 secs] [Times: user=0.03 sys=0.00, real=0.02 secs] 
1597.660: [GC (Allocation Failure) [PSYoungGen: 408346K->92464K(465920K)] 1131437K->815820K(1469440K), 0.0133354 secs] [Times: user=0.03 sys=0.00, real=0.02 secs] 
1598.596: [GC (Allocation Failure) [PSYoungGen: 325424K->37845K(465920K)] 1048780K->761501K(1469440K), 0.0067421 secs] [Times: user=0.02 sys=0.00, real=0.00 secs] 
1598.945: [GC (Allocation Failure) [PSYoungGen: 270805K->184976K(465920K)] 994461K->909877K(1469440K), 0.0205449 secs] [Times: user=0.03 sys=0.00, real=0.02 secs] 
1599.233: [GC (Allocation Failure) [PSYoungGen: 417936K->184912K(465920K)] 1142837K->910086K(1469440K), 0.0204890 secs] [Times: user=0.03 sys=0.00, real=0.03 secs] 
1600.297: [GC (Allocation Failure) [PSYoungGen: 407742K->91001K(465920K)] 1132917K->816441K(1469440K), 0.0145788 secs] [Times: user=0.03 sys=0.00, real=0.01 secs] 
1601.317: [GC (Allocation Failure) [PSYoungGen: 323961K->37973K(465920K)] 1049401K->763721K(1469440K), 0.0066719 secs] [Times: user=0.01 sys=0.00, real=0.01 secs] 
1601.593: [GC (Allocation Failure) [PSYoungGen: 270933K->184558K(465920K)] 996681K->911551K(1469440K), 0.0203619 secs] [Times: user=0.03 sys=0.00, real=0.02 secs] 
1601.879: [GC (Allocation Failure) [PSYoungGen: 417518K->184687K(465920K)] 1144511K->911953K(1469440K), 0.0204346 secs] [Times: user=0.03 sys=0.00, real=0.02 secs] 
1603.872: [GC (Allocation Failure) [PSYoungGen: 407136K->91516K(465920K)] 1134402K->819183K(1469440K), 0.0160656 secs] [Times: user=0.04 sys=0.00, real=0.02 secs] 
1604.882: [GC (Allocation Failure) [PSYoungGen: 324476K->38005K(465920K)] 1052143K->765858K(1469440K), 0.0060890 secs] [Times: user=0.02 sys=0.00, real=0.01 secs] 
1605.153: [GC (Allocation Failure) [PSYoungGen: 270965K->183658K(465920K)] 998818K->912757K(1469440K), 0.0203874 secs] [Times: user=0.03 sys=0.00, real=0.03 secs] 
1605.499: [GC (Allocation Failure) [PSYoungGen: 416618K->184494K(465920K)] 1145717K->913874K(1469440K), 0.0204238 secs] [Times: user=0.02 sys=0.00, real=0.02 secs] 
1606.178: [GC (Allocation Failure) [PSYoungGen: 408311K->92544K(465920K)] 1137691K->822196K(1469440K), 0.0125477 secs] [Times: user=0.03 sys=0.00, real=0.01 secs] 
1607.029: [GC (Allocation Failure) [PSYoungGen: 325504K->38005K(465920K)] 1055156K->767963K(1469440K), 0.0056164 secs] [Times: user=0.01 sys=0.00, real=0.01 secs] 
1607.297: [GC (Allocation Failure) [PSYoungGen: 270965K->184301K(465920K)] 1000923K->915633K(1469440K), 0.0203214 secs] [Times: user=0.03 sys=0.00, real=0.02 secs] 
1607.579: [GC (Allocation Failure) [PSYoungGen: 417261K->184173K(465920K)] 1148593K->915649K(1469440K), 0.0202421 secs] [Times: user=0.03 sys=0.00, real=0.02 secs] 
1608.327: [GC (Allocation Failure) [PSYoungGen: 409087K->92255K(465920K)] 1140564K->824005K(1469440K), 0.0115421 secs] [Times: user=0.02 sys=0.00, real=0.01 secs] 
1610.145: [GC (Allocation Failure) [PSYoungGen: 325215K->37395K(465920K)] 1056965K->769450K(1469440K), 0.0069719 secs] [Times: user=0.02 sys=0.00, real=0.00 secs] 
1610.437: [GC (Allocation Failure) [PSYoungGen: 270355K->183916K(465920K)] 1002410K->917225K(1469440K), 0.0204890 secs] [Times: user=0.03 sys=0.00, real=0.02 secs] 
1610.723: [GC (Allocation Failure) [PSYoungGen: 416876K->184623K(465920K)] 1150185K->918205K(1469440K), 0.0204521 secs] [Times: user=0.03 sys=0.00, real=0.02 secs] 
1611.404: [GC (Allocation Failure) [PSYoungGen: 409650K->92769K(465920K)] 1143233K->826753K(1469440K), 0.0109327 secs] [Times: user=0.02 sys=0.00, real=0.01 secs] 
1612.267: [GC (Allocation Failure) [PSYoungGen: 325729K->37973K(465920K)] 1059713K->772121K(1469440K), 0.0056810 secs] [Times: user=0.01 sys=0.00, real=0.01 secs] 
1612.534: [GC (Allocation Failure) [PSYoungGen: 270933K->184076K(465920K)] 1005081K->919469K(1469440K), 0.0202608 secs] [Times: user=0.03 sys=0.00, real=0.02 secs] 
1612.818: [GC (Allocation Failure) [PSYoungGen: 417036K->184526K(465920K)] 1152429K->920200K(1469440K), 0.0204052 secs] [Times: user=0.03 sys=0.00, real=0.02 secs] 
1613.506: [GC (Allocation Failure) [PSYoungGen: 409704K->92126K(465920K)] 1145378K->828073K(1469440K), 0.0108443 secs] [Times: user=0.02 sys=0.00, real=0.01 secs] 
1615.045: [GC (Allocation Failure) [PSYoungGen: 325086K->37716K(465920K)] 1061033K->773961K(1469440K), 0.0087341 secs] [Times: user=0.02 sys=0.00, real=0.01 secs] 
1615.374: [GC (Allocation Failure) [PSYoungGen: 270676K->184301K(465920K)] 1006921K->921784K(1469440K), 0.0204942 secs] [Times: user=0.03 sys=0.00, real=0.02 secs] 
1615.659: [GC (Allocation Failure) [PSYoungGen: 417261K->184687K(465920K)] 1154744K->922442K(1469440K), 0.0202779 secs] [Times: user=0.03 sys=0.00, real=0.02 secs] 
1616.407: [GC (Allocation Failure) [PSYoungGen: 405213K->91982K(465920K)] 1142968K->830010K(1469440K), 0.0125290 secs] [Times: user=0.03 sys=0.00, real=0.01 secs] 
1617.518: [GC (Allocation Failure) [PSYoungGen: 324942K->37973K(465920K)] 1062970K->776302K(1469440K), 0.0087066 secs] [Times: user=0.02 sys=0.00, real=0.01 secs] 
1617.842: [GC (Allocation Failure) [PSYoungGen: 270933K->184687K(465920K)] 1009262K->924261K(1469440K), 0.0203194 secs] [Times: user=0.02 sys=0.00, real=0.02 secs] 
1618.177: [GC (Allocation Failure) [PSYoungGen: 417647K->184655K(465920K)] 1157221K->924502K(1469440K), 0.0204055 secs] [Times: user=0.03 sys=0.00, real=0.02 secs] 
1619.394: [GC (Allocation Failure) [PSYoungGen: 407239K->91419K(465920K)] 1147086K->831539K(1469440K), 0.0133256 secs] [Times: user=0.03 sys=0.00, real=0.01 secs] 
1622.466: [GC (Allocation Failure) [PSYoungGen: 324379K->37363K(465920K)] 1064499K->777799K(1469440K), 0.0087528 secs] [Times: user=0.02 sys=0.00, real=0.01 secs] 
1622.795: [GC (Allocation Failure) [PSYoungGen: 270323K->183916K(465920K)] 1010759K->925605K(1469440K), 0.0204541 secs] [Times: user=0.03 sys=0.00, real=0.02 secs] 
1623.083: [GC (Allocation Failure) [PSYoungGen: 416876K->184430K(465920K)] 1158565K->926392K(1469440K), 0.0205285 secs] [Times: user=0.02 sys=0.00, real=0.02 secs] 
1623.739: [GC (Allocation Failure) [PSYoungGen: 409711K->92994K(465920K)] 1151674K->835222K(1469440K), 0.0130324 secs] [Times: user=0.02 sys=0.00, real=0.01 secs] 
1624.548: [GC (Allocation Failure) [PSYoungGen: 325954K->37973K(465920K)] 1068182K->780507K(1469440K), 0.0059223 secs] [Times: user=0.01 sys=0.00, real=0.01 secs] 
1624.816: [GC (Allocation Failure) [PSYoungGen: 270933K->184076K(465920K)] 1013467K->927863K(1469440K), 0.0204311 secs] [Times: user=0.02 sys=0.00, real=0.02 secs] 
1625.103: [GC (Allocation Failure) [PSYoungGen: 417036K->184558K(465920K)] 1160823K->928626K(1469440K), 0.0204573 secs] [Times: user=0.03 sys=0.00, real=0.02 secs] 
1625.727: [GC (Allocation Failure) [PSYoungGen: 409614K->92158K(465920K)] 1153683K->836628K(1469440K), 0.0110389 secs] [Times: user=0.02 sys=0.00, real=0.01 secs] 
1626.816: [GC (Allocation Failure) [PSYoungGen: 325118K->38005K(465920K)] 1069588K->782652K(1469440K), 0.0078611 secs] [Times: user=0.02 sys=0.00, real=0.01 secs] 
1627.121: [GC (Allocation Failure) [PSYoungGen: 270965K->184173K(465920K)] 1015612K->930065K(1469440K), 0.0204217 secs] [Times: user=0.03 sys=0.00, real=0.02 secs] 
1627.406: [GC (Allocation Failure) [PSYoungGen: 417133K->183722K(465920K)] 1163025K->929888K(1469440K), 0.0204863 secs] [Times: user=0.02 sys=0.00, real=0.02 secs] 
1628.074: [GC (Allocation Failure) [PSYoungGen: 408100K->92929K(465920K)] 1154266K->839360K(1469440K), 0.0116479 secs] [Times: user=0.02 sys=0.00, real=0.01 secs] 
1629.265: [GC (Allocation Failure) [PSYoungGen: 325889K->38005K(465920K)] 1072320K->784744K(1469440K), 0.0081238 secs] [Times: user=0.02 sys=0.00, real=0.00 secs] 
1629.584: [GC (Allocation Failure) [PSYoungGen: 270965K->184783K(465920K)] 1017704K->932903K(1469440K), 0.0203379 secs] [Times: user=0.02 sys=0.00, real=0.02 secs] 
1629.930: [GC (Allocation Failure) [PSYoungGen: 417743K->184558K(465920K)] 1165863K->932839K(1469440K), 0.0206762 secs] [Times: user=0.03 sys=0.00, real=0.02 secs] 
1630.575: [GC (Allocation Failure) [PSYoungGen: 406849K->91499K(465920K)] 1155130K->840182K(1469440K), 0.0122705 secs] [Times: user=0.02 sys=0.00, real=0.01 secs] 
1631.691: [GC (Allocation Failure) [PSYoungGen: 324459K->37745K(465920K)] 1073142K->786607K(1469440K), 0.0056050 secs] [Times: user=0.01 sys=0.00, real=0.01 secs] 
1631.958: [GC (Allocation Failure) [PSYoungGen: 270705K->183916K(465920K)] 1019567K->934031K(1469440K), 0.0202929 secs] [Times: user=0.03 sys=0.00, real=0.02 secs] 
1632.241: [GC (Allocation Failure) [PSYoungGen: 416876K->184430K(465920K)] 1166991K->934947K(1469440K), 0.0210371 secs] [Times: user=0.03 sys=0.00, real=0.02 secs] 
1632.926: [GC (Allocation Failure) [PSYoungGen: 409761K->92704K(465920K)] 1160278K->843366K(1469440K), 0.0116032 secs] [Times: user=0.02 sys=0.00, real=0.01 secs] 
1634.003: [GC (Allocation Failure) [PSYoungGen: 325664K->38131K(465920K)] 1076326K->789098K(1469440K), 0.0094205 secs] [Times: user=0.02 sys=0.00, real=0.01 secs] 
1634.388: [GC (Allocation Failure) [PSYoungGen: 271091K->184687K(465920K)] 1022058K->936908K(1469440K), 0.0203811 secs] [Times: user=0.03 sys=0.00, real=0.02 secs] 
1634.734: [GC (Allocation Failure) [PSYoungGen: 417647K->184655K(465920K)] 1169868K->937149K(1469440K), 0.0204744 secs] [Times: user=0.02 sys=0.00, real=0.02 secs] 
1635.968: [GC (Allocation Failure) [PSYoungGen: 407097K->91258K(465920K)] 1159591K->844018K(1469440K), 0.0164513 secs] [Times: user=0.04 sys=0.00, real=0.02 secs] 
1636.884: [GC (Allocation Failure) [PSYoungGen: 324218K->37973K(465920K)] 1076978K->791030K(1469440K), 0.0059326 secs] [Times: user=0.01 sys=0.00, real=0.00 secs] 
1637.209: [GC (Allocation Failure) [PSYoungGen: 270933K->183916K(465920K)] 1023990K->938218K(1469440K), 0.0204361 secs] [Times: user=0.03 sys=0.00, real=0.02 secs] 
1637.492: [GC (Allocation Failure) [PSYoungGen: 416876K->184366K(465920K)] 1171178K->938941K(1469440K), 0.0205288 secs] [Times: user=0.03 sys=0.00, real=0.02 secs] 
1638.656: [GC (Allocation Failure) [PSYoungGen: 408078K->92383K(465920K)] 1162653K->847224K(1469440K), 0.0177146 secs] [Times: user=0.03 sys=0.01, real=0.02 secs] 
1639.687: [GC (Allocation Failure) [PSYoungGen: 325343K->38037K(465920K)] 1080184K->793192K(1469440K), 0.0079566 secs] [Times: user=0.02 sys=0.00, real=0.01 secs] 
1640.042: [GC (Allocation Failure) [PSYoungGen: 270997K->184462K(465920K)] 1026152K->940998K(1469440K), 0.0206908 secs] [Times: user=0.03 sys=0.00, real=0.03 secs] 
1640.331: [GC (Allocation Failure) [PSYoungGen: 417422K->184558K(465920K)] 1173958K->941231K(1469440K), 0.0235282 secs] [Times: user=0.04 sys=0.00, real=0.03 secs] 
1641.269: [GC (Allocation Failure) [PSYoungGen: 407106K->91741K(465920K)] 1163779K->848679K(1469440K), 0.0160592 secs] [Times: user=0.03 sys=0.00, real=0.02 secs] 
1642.115: [GC (Allocation Failure) [PSYoungGen: 324701K->38134K(465920K)] 1081639K->795378K(1469440K), 0.0077646 secs] [Times: user=0.01 sys=0.00, real=0.00 secs] 
1642.474: [GC (Allocation Failure) [PSYoungGen: 271094K->184462K(465920K)] 1028338K->942959K(1469440K), 0.0204684 secs] [Times: user=0.03 sys=0.00, real=0.02 secs] 
1642.757: [GC (Allocation Failure) [PSYoungGen: 417422K->184590K(465920K)] 1175919K->943361K(1469440K), 0.0204349 secs] [Times: user=0.03 sys=0.00, real=0.02 secs] 
1644.565: [GC (Allocation Failure) [PSYoungGen: 407131K->91612K(465920K)] 1165902K->850656K(1469440K), 0.0201575 secs] [Times: user=0.04 sys=0.00, real=0.02 secs] 
1646.338: [GC (Allocation Failure) [PSYoungGen: 324572K->37877K(465920K)] 1083616K->797234K(1469440K), 0.0074150 secs] [Times: user=0.02 sys=0.00, real=0.01 secs] 
1646.636: [GC (Allocation Failure) [PSYoungGen: 270837K->184944K(465920K)] 1030194K->945547K(1469440K), 0.0205598 secs] [Times: user=0.02 sys=0.00, real=0.02 secs] 
1646.921: [GC (Allocation Failure) [PSYoungGen: 417904K->184944K(465920K)] 1178507K->945828K(1469440K), 0.0206386 secs] [Times: user=0.03 sys=0.00, real=0.02 secs] 
1648.554: [GC (Allocation Failure) [PSYoungGen: 407174K->90953K(465920K)] 1168058K->852118K(1469440K), 0.0153483 secs] [Times: user=0.03 sys=0.00, real=0.01 secs] 
1651.556: [GC (Allocation Failure) [PSYoungGen: 323913K->38131K(465920K)] 1085078K->799603K(1469440K), 0.0073128 secs] [Times: user=0.01 sys=0.00, real=0.01 secs] 
1651.854: [GC (Allocation Failure) [PSYoungGen: 271091K->186325K(465920K)] 1032563K->949060K(1469440K), 0.0206221 secs] [Times: user=0.03 sys=0.00, real=0.02 secs] 
1652.200: [GC (Allocation Failure) [PSYoungGen: 419285K->186100K(465920K)] 1182020K->949108K(1469440K), 0.0206579 secs] [Times: user=0.03 sys=0.00, real=0.02 secs] 
1653.971: [GC (Allocation Failure) [PSYoungGen: 404897K->88110K(465920K)] 1167904K->851519K(1469440K), 0.0246898 secs] [Times: user=0.05 sys=0.01, real=0.03 secs] 
1656.255: [GC (Allocation Failure) [PSYoungGen: 321070K->38005K(465920K)] 1084479K->801599K(1469440K), 0.0081247 secs] [Times: user=0.02 sys=0.00, real=0.01 secs] 
1656.570: [GC (Allocation Failure) [PSYoungGen: 270965K->184173K(465920K)] 1034559K->949012K(1469440K), 0.0204291 secs] [Times: user=0.03 sys=0.00, real=0.02 secs] 
1656.913: [GC (Allocation Failure) [PSYoungGen: 417133K->184430K(465920K)] 1181972K->949679K(1469440K), 0.0204313 secs] [Times: user=0.03 sys=0.00, real=0.02 secs] 
1657.972: [GC (Allocation Failure) [PSYoungGen: 407541K->92126K(465920K)] 1172790K->857520K(1469440K), 0.0124644 secs] [Times: user=0.02 sys=0.00, real=0.02 secs] 
1659.621: [GC (Allocation Failure) [PSYoungGen: 325086K->37909K(465920K)] 1090480K->803608K(1469440K), 0.0073288 secs] [Times: user=0.01 sys=0.00, real=0.01 secs] 
1659.916: [GC (Allocation Failure) [PSYoungGen: 270869K->184430K(465920K)] 1036568K->951391K(1469440K), 0.0203610 secs] [Times: user=0.03 sys=0.00, real=0.02 secs] 
1660.199: [GC (Allocation Failure) [PSYoungGen: 417390K->184526K(465920K)] 1184351K->951768K(1469440K), 0.0205388 secs] [Times: user=0.02 sys=0.00, real=0.02 secs] 
1661.408: [GC (Allocation Failure) [PSYoungGen: 407074K->91869K(465920K)] 1174317K->859376K(1469440K), 0.0252542 secs] [Times: user=0.06 sys=0.01, real=0.03 secs] 
1662.443: [GC (Allocation Failure) [PSYoungGen: 324829K->38005K(465920K)] 1092336K->805826K(1469440K), 0.0060055 secs] [Times: user=0.02 sys=0.00, real=0.00 secs] 
1662.771: [GC (Allocation Failure) [PSYoungGen: 270965K->184976K(465920K)] 1038786K->954042K(1469440K), 0.0206823 secs] [Times: user=0.03 sys=0.00, real=0.02 secs] 
1663.054: [GC (Allocation Failure) [PSYoungGen: 417936K->184173K(465920K)] 1187002K->953641K(1469440K), 0.0204874 secs] [Times: user=0.02 sys=0.00, real=0.02 secs] 
1665.084: [GC (Allocation Failure) [PSYoungGen: 406902K->91676K(465920K)] 1176370K->861289K(1469440K), 0.0217434 secs] [Times: user=0.05 sys=0.00, real=0.02 secs] 
1666.795: [GC (Allocation Failure) [PSYoungGen: 324636K->37748K(465920K)] 1094249K->807661K(1469440K), 0.0067078 secs] [Times: user=0.02 sys=0.00, real=0.00 secs] 
1667.130: [GC (Allocation Failure) [PSYoungGen: 270708K->184687K(465920K)] 1040621K->955845K(1469440K), 0.0206807 secs] [Times: user=0.03 sys=0.00, real=0.02 secs] 
1667.414: [GC (Allocation Failure) [PSYoungGen: 417647K->184655K(465920K)] 1188805K->956215K(1469440K), 0.0205768 secs] [Times: user=0.03 sys=0.00, real=0.02 secs] 
1668.112: [GC (Allocation Failure) [PSYoungGen: 407355K->91628K(465920K)] 1178915K->863461K(1469440K), 0.0116298 secs] [Times: user=0.03 sys=0.00, real=0.02 secs] 
1668.934: [GC (Allocation Failure) [PSYoungGen: 324588K->37973K(465920K)] 1096421K->810002K(1469440K), 0.0057641 secs] [Times: user=0.01 sys=0.00, real=0.00 secs] 
1669.201: [GC (Allocation Failure) [PSYoungGen: 270933K->183916K(465920K)] 1042962K->957190K(1469440K), 0.0203623 secs] [Times: user=0.02 sys=0.00, real=0.02 secs] 
1669.484: [GC (Allocation Failure) [PSYoungGen: 416876K->184494K(465920K)] 1190150K->958169K(1469440K), 0.0204112 secs] [Times: user=0.03 sys=0.00, real=0.02 secs] 
1670.278: [GC (Allocation Failure) [PSYoungGen: 409590K->92383K(465920K)] 1183266K->866340K(1469440K), 0.0118893 secs] [Times: user=0.02 sys=0.00, real=0.01 secs] 
1671.750: [GC (Allocation Failure) [PSYoungGen: 325343K->37588K(465920K)] 1099300K->811724K(1469440K), 0.0068957 secs] [Times: user=0.02 sys=0.00, real=0.01 secs] 
1672.035: [GC (Allocation Failure) [PSYoungGen: 270548K->184687K(465920K)] 1044684K->960068K(1469440K), 0.0204193 secs] [Times: user=0.03 sys=0.00, real=0.02 secs] 
1672.380: [GC (Allocation Failure) [PSYoungGen: 417647K->184687K(465920K)] 1193028K->960470K(1469440K), 0.0205633 secs] [Times: user=0.03 sys=0.00, real=0.02 secs] 
1673.543: [GC (Allocation Failure) [PSYoungGen: 407126K->91725K(465920K)] 1182909K->867781K(1469440K), 0.0137097 secs] [Times: user=0.03 sys=0.00, real=0.02 secs] 
1674.566: [GC (Allocation Failure) [PSYoungGen: 324685K->37973K(465920K)] 1100741K->814201K(1469440K), 0.0057275 secs] [Times: user=0.01 sys=0.00, real=0.00 secs] 
1674.905: [GC (Allocation Failure) [PSYoungGen: 270933K->183819K(465920K)] 1047161K->961292K(1469440K), 0.0205480 secs] [Times: user=0.03 sys=0.00, real=0.02 secs] 
1675.199: [GC (Allocation Failure) [PSYoungGen: 416779K->184366K(465920K)] 1194252K->962112K(1469440K), 0.0207362 secs] [Times: user=0.03 sys=0.00, real=0.02 secs] 
1676.249: [GC (Allocation Failure) [PSYoungGen: 409581K->92480K(465920K)] 1187328K->870491K(1469440K), 0.0170941 secs] [Times: user=0.03 sys=0.00, real=0.02 secs] 
1677.824: [GC (Allocation Failure) [PSYoungGen: 325440K->37684K(465920K)] 1103451K->815865K(1469440K), 0.0099281 secs] [Times: user=0.02 sys=0.00, real=0.01 secs] 
1678.177: [GC (Allocation Failure) [PSYoungGen: 270644K->184719K(465920K)] 1048825K->964145K(1469440K), 0.0205159 secs] [Times: user=0.03 sys=0.00, real=0.02 secs] 
1678.519: [GC (Allocation Failure) [PSYoungGen: 417679K->184719K(465920K)] 1197105K->964546K(1469440K), 0.0207328 secs] [Times: user=0.03 sys=0.00, real=0.02 secs] 
1680.234: [GC (Allocation Failure) [PSYoungGen: 407447K->91676K(465920K)] 1187275K->871777K(1469440K), 0.0149056 secs] [Times: user=0.03 sys=0.00, real=0.01 secs] 
1682.440: [GC (Allocation Failure) [PSYoungGen: 324636K->37713K(465920K)] 1104737K->817993K(1469440K), 0.0077908 secs] [Times: user=0.02 sys=0.00, real=0.01 secs] 
1682.744: [GC (Allocation Failure) [PSYoungGen: 270673K->184687K(465920K)] 1050953K->966212K(1469440K), 0.0204866 secs] [Times: user=0.03 sys=0.00, real=0.02 secs] 
1683.032: [GC (Allocation Failure) [PSYoungGen: 417647K->184655K(465920K)] 1199172K->966453K(1469440K), 0.0205196 secs] [Times: user=0.03 sys=0.00, real=0.03 secs] 
1683.676: [GC (Allocation Failure) [PSYoungGen: 407209K->91596K(465920K)] 1189008K->873660K(1469440K), 0.0113820 secs] [Times: user=0.02 sys=0.00, real=0.01 secs] 
1684.507: [GC (Allocation Failure) [PSYoungGen: 324556K->38259K(465920K)] 1106620K->820629K(1469440K), 0.0058218 secs] [Times: user=0.02 sys=0.00, real=0.01 secs] 
1684.777: [GC (Allocation Failure) [PSYoungGen: 271219K->184687K(465920K)] 1053589K->968430K(1469440K), 0.0204001 secs] [Times: user=0.03 sys=0.00, real=0.02 secs] 
1685.060: [GC (Allocation Failure) [PSYoungGen: 417647K->184623K(465920K)] 1201390K->968511K(1469440K), 0.0204252 secs] [Times: user=0.03 sys=0.00, real=0.02 secs] 
1686.495: [GC (Allocation Failure) [PSYoungGen: 406929K->91098K(465920K)] 1190817K->875251K(1469440K), 0.0266177 secs] [Times: user=0.06 sys=0.00, real=0.02 secs] 
1688.219: [GC (Allocation Failure) [PSYoungGen: 324058K->37845K(465920K)] 1108211K->822320K(1469440K), 0.0078638 secs] [Times: user=0.02 sys=0.00, real=0.01 secs] 
1688.523: [GC (Allocation Failure) [PSYoungGen: 270805K->184687K(465920K)] 1055280K->970407K(1469440K), 0.0205487 secs] [Times: user=0.03 sys=0.00, real=0.02 secs] 
1688.812: [GC (Allocation Failure) [PSYoungGen: 417647K->184719K(465920K)] 1203367K->970712K(1469440K), 0.0205838 secs] [Times: user=0.02 sys=0.00, real=0.02 secs] 
1690.080: [GC (Allocation Failure) [PSYoungGen: 407310K->91452K(465920K)] 1193304K->877710K(1469440K), 0.0209071 secs] [Times: user=0.05 sys=0.00, real=0.02 secs] 
1691.473: [GC (Allocation Failure) [PSYoungGen: 324412K->37813K(465920K)] 1110670K->824373K(1469440K), 0.0073380 secs] [Times: user=0.01 sys=0.00, real=0.01 secs] 
1691.770: [GC (Allocation Failure) [PSYoungGen: 270773K->183787K(465920K)] 1057333K->971601K(1469440K), 0.0204027 secs] [Times: user=0.03 sys=0.00, real=0.02 secs] 
1692.052: [GC (Allocation Failure) [PSYoungGen: 416747K->184398K(465920K)] 1204561K->972613K(1469440K), 0.0205426 secs] [Times: user=0.03 sys=0.00, real=0.03 secs] 
1694.093: [GC (Allocation Failure) [PSYoungGen: 409508K->92672K(465920K)] 1197724K->881153K(1469440K), 0.0277455 secs] [Times: user=0.06 sys=0.00, real=0.02 secs] 
1696.036: [GC (Allocation Failure) [PSYoungGen: 325632K->37748K(465920K)] 1114113K->826414K(1469440K), 0.0097294 secs] [Times: user=0.03 sys=0.00, real=0.01 secs] 
1696.383: [GC (Allocation Failure) [PSYoungGen: 270708K->184687K(465920K)] 1059374K->974590K(1469440K), 0.0204630 secs] [Times: user=0.03 sys=0.00, real=0.03 secs] 
1696.670: [GC (Allocation Failure) [PSYoungGen: 417647K->184719K(465920K)] 1207550K->975032K(1469440K), 0.0203788 secs] [Times: user=0.03 sys=0.00, real=0.02 secs] 
1698.348: [GC (Allocation Failure) [PSYoungGen: 407410K->91596K(465920K)] 1197723K->882174K(1469440K), 0.0203557 secs] [Times: user=0.05 sys=0.00, real=0.02 secs] 
1699.950: [GC (Allocation Failure) [PSYoungGen: 324556K->37877K(465920K)] 1115134K->828632K(1469440K), 0.0058227 secs] [Times: user=0.02 sys=0.00, real=0.01 secs] 
1700.219: [GC (Allocation Failure) [PSYoungGen: 270837K->184687K(465920K)] 1061592K->976816K(1469440K), 0.0204441 secs] [Times: user=0.03 sys=0.00, real=0.02 secs] 
1700.507: [GC (Allocation Failure) [PSYoungGen: 417647K->184719K(465920K)] 1209776K->976992K(1469440K), 0.0208384 secs] [Times: user=0.03 sys=0.00, real=0.02 secs] 
1702.134: [GC (Allocation Failure) [PSYoungGen: 407286K->91452K(465920K)] 1199559K->883998K(1469440K), 0.0244208 secs] [Times: user=0.06 sys=0.00, real=0.02 secs] 
1703.796: [GC (Allocation Failure) [PSYoungGen: 324412K->37845K(465920K)] 1116958K->830705K(1469440K), 0.0073310 secs] [Times: user=0.02 sys=0.00, real=0.01 secs] 
1704.084: [GC (Allocation Failure) [PSYoungGen: 270805K->183819K(465920K)] 1063665K->977933K(1469440K), 0.0205414 secs] [Times: user=0.03 sys=0.00, real=0.02 secs] 
1704.372: [GC (Allocation Failure) [PSYoungGen: 416779K->184430K(465920K)] 1210893K->978825K(1469440K), 0.0205818 secs] [Times: user=0.03 sys=0.00, real=0.02 secs] 
1705.155: [GC (Allocation Failure) [PSYoungGen: 409801K->92704K(465920K)] 1204196K->887380K(1469440K), 0.0128552 secs] [Times: user=0.03 sys=0.00, real=0.01 secs] 
1705.956: [GC (Allocation Failure) [PSYoungGen: 325664K->38002K(465920K)] 1120340K->833000K(1469440K), 0.0057037 secs] [Times: user=0.01 sys=0.00, real=0.00 secs] 
1706.283: [GC (Allocation Failure) [PSYoungGen: 270962K->184687K(465920K)] 1065960K->980922K(1469440K), 0.0205920 secs] [Times: user=0.03 sys=0.00, real=0.02 secs] 
1706.574: [GC (Allocation Failure) [PSYoungGen: 417647K->184687K(465920K)] 1213882K->981195K(1469440K), 0.0205493 secs] [Times: user=0.03 sys=0.00, real=0.02 secs] 
1707.172: [GC (Allocation Failure) [PSYoungGen: 407246K->91355K(465920K)] 1203755K->888129K(1469440K), 0.0124418 secs] [Times: user=0.02 sys=0.00, real=0.02 secs] 
1708.455: [GC (Allocation Failure) [PSYoungGen: 324315K->37845K(465920K)] 1121089K->834932K(1469440K), 0.0071938 secs] [Times: user=0.02 sys=0.00, real=0.00 secs] 
1708.745: [GC (Allocation Failure) [PSYoungGen: 270805K->184719K(465920K)] 1067892K->983060K(1469440K), 0.0206394 secs] [Times: user=0.03 sys=0.00, real=0.02 secs] 
1709.037: [GC (Allocation Failure) [PSYoungGen: 417679K->184719K(465920K)] 1216020K->983341K(1469440K), 0.0204682 secs] [Times: user=0.03 sys=0.00, real=0.02 secs] 
1711.144: [GC (Allocation Failure) [PSYoungGen: 407299K->91484K(465920K)] 1205921K->890379K(1469440K), 0.0148867 secs] [Times: user=0.04 sys=0.00, real=0.01 secs] 
1713.345: [GC (Allocation Failure) [PSYoungGen: 324444K->37748K(465920K)] 1123339K->836951K(1469440K), 0.0081443 secs] [Times: user=0.02 sys=0.00, real=0.01 secs] 
1713.664: [GC (Allocation Failure) [PSYoungGen: 270708K->183819K(465920K)] 1069911K->984267K(1469440K), 0.0204048 secs] [Times: user=0.03 sys=0.00, real=0.02 secs] 
1714.020: [GC (Allocation Failure) [PSYoungGen: 416779K->184719K(465920K)] 1217227K->985440K(1469440K), 0.0206596 secs] [Times: user=0.02 sys=0.00, real=0.02 secs] 
1716.187: [GC (Allocation Failure) [PSYoungGen: 410150K->92528K(465920K)] 1210872K->893530K(1469440K), 0.0214886 secs] [Times: user=0.04 sys=0.00, real=0.02 secs] 
1717.784: [GC (Allocation Failure) [PSYoungGen: 325488K->37716K(465920K)] 1126490K->839027K(1469440K), 0.0071367 secs] [Times: user=0.02 sys=0.00, real=0.00 secs] 
1718.152: [GC (Allocation Failure) [PSYoungGen: 270676K->184044K(465920K)] 1071987K->986600K(1469440K), 0.0204072 secs] [Times: user=0.03 sys=0.00, real=0.02 secs] 
1718.435: [GC (Allocation Failure) [PSYoungGen: 417004K->184526K(465920K)] 1219560K->987355K(1469440K), 0.0208275 secs] [Times: user=0.03 sys=0.00, real=0.02 secs] 
1720.069: [GC (Allocation Failure) [PSYoungGen: 409619K->92367K(465920K)] 1212448K->895598K(1469440K), 0.0165748 secs] [Times: user=0.04 sys=0.00, real=0.02 secs] 
1721.260: [GC (Allocation Failure) [PSYoungGen: 325327K->37973K(465920K)] 1128558K->841391K(1469440K), 0.0057165 secs] [Times: user=0.01 sys=0.01, real=0.01 secs] 
1721.586: [GC (Allocation Failure) [PSYoungGen: 270933K->184173K(465920K)] 1074351K->988828K(1469440K), 0.0207269 secs] [Times: user=0.03 sys=0.00, real=0.02 secs] 
1721.870: [GC (Allocation Failure) [PSYoungGen: 417133K->184590K(465920K)] 1221788K->989519K(1469440K), 0.0204458 secs] [Times: user=0.02 sys=0.00, real=0.02 secs] 
1724.323: [GC (Allocation Failure) [PSYoungGen: 407649K->91982K(465920K)] 1212578K->897183K(1469440K), 0.0254111 secs] [Times: user=0.06 sys=0.00, real=0.02 secs] 
1726.077: [GC (Allocation Failure) [PSYoungGen: 324942K->37845K(465920K)] 1130143K->843346K(1469440K), 0.0058319 secs] [Times: user=0.01 sys=0.00, real=0.01 secs] 
1726.354: [GC (Allocation Failure) [PSYoungGen: 270805K->184462K(465920K)] 1076306K->991217K(1469440K), 0.0206007 secs] [Times: user=0.03 sys=0.00, real=0.02 secs] 
1726.639: [GC (Allocation Failure) [PSYoungGen: 417422K->184590K(465920K)] 1224177K->991619K(1469440K), 0.0205101 secs] [Times: user=0.03 sys=0.00, real=0.02 secs] 
1728.043: [GC (Allocation Failure) [PSYoungGen: 407125K->91853K(465920K)] 1214154K->899147K(1469440K), 0.0206041 secs] [Times: user=0.05 sys=0.00, real=0.02 secs] 
1730.167: [GC (Allocation Failure) [PSYoungGen: 324813K->37909K(465920K)] 1132107K->845516K(1469440K), 0.0081620 secs] [Times: user=0.02 sys=0.00, real=0.01 secs] 
1730.487: [GC (Allocation Failure) [PSYoungGen: 270869K->184430K(465920K)] 1078476K->993427K(1469440K), 0.0205651 secs] [Times: user=0.03 sys=0.00, real=0.02 secs] 
1730.774: [GC (Allocation Failure) [PSYoungGen: 417390K->184526K(465920K)] 1226387K->993676K(1469440K), 0.0205488 secs] [Times: user=0.03 sys=0.00, real=0.02 secs] 
1731.950: [GC (Allocation Failure) [PSYoungGen: 407074K->91837K(465920K)] 1216224K->901252K(1469440K), 0.0173718 secs] [Times: user=0.04 sys=0.00, real=0.02 secs] 
1732.966: [GC (Allocation Failure) [PSYoungGen: 324797K->37973K(465920K)] 1134212K->847688K(1469440K), 0.0058785 secs] [Times: user=0.01 sys=0.00, real=0.00 secs] 
1733.295: [GC (Allocation Failure) [PSYoungGen: 270933K->184462K(465920K)] 1080648K->995422K(1469440K), 0.0204113 secs] [Times: user=0.03 sys=0.00, real=0.02 secs] 
1733.627: [GC (Allocation Failure) [PSYoungGen: 417422K->184526K(465920K)] 1228382K->995759K(1469440K), 0.0206280 secs] [Times: user=0.03 sys=0.00, real=0.02 secs] 
1734.253: [GC (Allocation Failure) [PSYoungGen: 407059K->91693K(465920K)] 1218292K->903191K(1469440K), 0.0129557 secs] [Times: user=0.03 sys=0.00, real=0.01 secs] 
1735.173: [GC (Allocation Failure) [PSYoungGen: 324653K->38002K(465920K)] 1136151K->849822K(1469440K), 0.0057100 secs] [Times: user=0.01 sys=0.00, real=0.00 secs] 
1735.502: [GC (Allocation Failure) [PSYoungGen: 270962K->184462K(465920K)] 1082782K->997535K(1469440K), 0.0207210 secs] [Times: user=0.03 sys=0.00, real=0.02 secs] 
1735.791: [GC (Allocation Failure) [PSYoungGen: 417422K->184494K(465920K)] 1230495K->997841K(1469440K), 0.0206811 secs] [Times: user=0.03 sys=0.00, real=0.02 secs] 
1736.913: [GC (Allocation Failure) [PSYoungGen: 407035K->91741K(465920K)] 1220382K->905352K(1469440K), 0.0145724 secs] [Times: user=0.03 sys=0.00, real=0.01 secs] 
1738.169: [GC (Allocation Failure) [PSYoungGen: 324701K->37845K(465920K)] 1138312K->851778K(1469440K), 0.0057723 secs] [Times: user=0.01 sys=0.00, real=0.01 secs] 
1738.502: [GC (Allocation Failure) [PSYoungGen: 270805K->184462K(465920K)] 1084738K->999641K(1469440K), 0.0205345 secs] [Times: user=0.03 sys=0.00, real=0.02 secs] 
1738.847: [GC (Allocation Failure) [PSYoungGen: 417422K->184333K(465920K)] 1232601K->999785K(1469440K), 0.0204236 secs] [Times: user=0.03 sys=0.00, real=0.02 secs] 
1740.416: [GC (Allocation Failure) [PSYoungGen: 409404K->92078K(465920K)] 1224856K->907932K(1469440K), 0.0200511 secs] [Times: user=0.05 sys=0.00, real=0.02 secs] 
1742.000: [GC (Allocation Failure) [PSYoungGen: 325038K->37845K(465920K)] 1140892K->853876K(1469440K), 0.0070849 secs] [Times: user=0.02 sys=0.00, real=0.01 secs] 
1742.288: [GC (Allocation Failure) [PSYoungGen: 270805K->184719K(465920K)] 1086836K->1001995K(1469440K), 0.0205554 secs] [Times: user=0.03 sys=0.00, real=0.02 secs] 
1742.571: [GC (Allocation Failure) [PSYoungGen: 417679K->184687K(465920K)] 1234955K->1002236K(1469440K), 0.0204130 secs] [Times: user=0.03 sys=0.00, real=0.02 secs] 
1744.237: [GC (Allocation Failure) [PSYoungGen: 407237K->91516K(465920K)] 1224786K->909338K(1469440K), 0.0149611 secs] [Times: user=0.03 sys=0.00, real=0.01 secs] 
1746.368: [GC (Allocation Failure) [PSYoungGen: 324476K->37748K(465920K)] 1142298K->855884K(1469440K), 0.0079188 secs] [Times: user=0.02 sys=0.01, real=0.01 secs] 
1746.676: [GC (Allocation Failure) [PSYoungGen: 270708K->183787K(465920K)] 1088844K->1003169K(1469440K), 0.0224367 secs] [Times: user=0.03 sys=0.00, real=0.02 secs] 
1746.970: [GC (Allocation Failure) [PSYoungGen: 416747K->184719K(465920K)] 1236129K->1004382K(1469440K), 0.0205632 secs] [Times: user=0.03 sys=0.00, real=0.02 secs] 
1748.200: [GC (Allocation Failure) [PSYoungGen: 410139K->92480K(465920K)] 1229802K->912408K(1469440K), 0.0197014 secs] [Times: user=0.04 sys=0.00, real=0.02 secs] 
1749.299: [GC (Allocation Failure) [PSYoungGen: 325440K->37973K(465920K)] 1145368K->858201K(1469440K), 0.0058600 secs] [Times: user=0.02 sys=0.00, real=0.01 secs] 
1749.568: [GC (Allocation Failure) [PSYoungGen: 270933K->184365K(465920K)] 1091161K->1005847K(1469440K), 0.0204513 secs] [Times: user=0.02 sys=0.00, real=0.02 secs] 
1749.854: [GC (Allocation Failure) [PSYoungGen: 417325K->184815K(465920K)] 1238807K->1006594K(1469440K), 0.0205374 secs] [Times: user=0.03 sys=0.00, real=0.02 secs] 
1751.726: [GC (Allocation Failure) [PSYoungGen: 407836K->91676K(465920K)] 1229614K->913728K(1469440K), 0.0165035 secs] [Times: user=0.03 sys=0.00, real=0.01 secs] 
1753.116: [GC (Allocation Failure) [PSYoungGen: 324636K->37973K(465920K)] 1146688K->860339K(1469440K), 0.0066021 secs] [Times: user=0.02 sys=0.00, real=0.00 secs] 
1753.465: [GC (Allocation Failure) [PSYoungGen: 270933K->184558K(465920K)] 1093299K->1008298K(1469440K), 0.0204709 secs] [Times: user=0.03 sys=0.00, real=0.02 secs] 
1753.753: [GC (Allocation Failure) [PSYoungGen: 417518K->184751K(465920K)] 1241258K->1008643K(1469440K), 0.0205489 secs] [Times: user=0.02 sys=0.00, real=0.02 secs] 
1755.028: [GC (Allocation Failure) [PSYoungGen: 407211K->91516K(465920K)] 1231103K->915801K(1469440K), 0.0152352 secs] [Times: user=0.04 sys=0.00, real=0.02 secs] 
1757.290: [GC (Allocation Failure) [PSYoungGen: 324476K->37588K(465920K)] 1148761K->862045K(1469440K), 0.0072568 secs] [Times: user=0.01 sys=0.00, real=0.01 secs] 
1757.580: [GC (Allocation Failure) [PSYoungGen: 270548K->183787K(465920K)] 1095005K->1009490K(1469440K), 0.0206230 secs] [Times: user=0.03 sys=0.00, real=0.02 secs] 
1757.864: [GC (Allocation Failure) [PSYoungGen: 416747K->184655K(465920K)] 1242450K->1010631K(1469440K), 0.0206127 secs] [Times: user=0.03 sys=0.00, real=0.02 secs] 
1760.090: [GC (Allocation Failure) [PSYoungGen: 410240K->92672K(465920K)] 1236216K->918913K(1469440K), 0.0257047 secs] [Times: user=0.06 sys=0.00, real=0.03 secs] 
1762.195: [GC (Allocation Failure) [PSYoungGen: 325632K->38005K(465920K)] 1151873K->864570K(1469440K), 0.0089058 secs] [Times: user=0.02 sys=0.00, real=0.01 secs] 
1762.520: [GC (Allocation Failure) [PSYoungGen: 270965K->183916K(465920K)] 1097530K->1011726K(1469440K), 0.0203749 secs] [Times: user=0.03 sys=0.00, real=0.02 secs] 
1762.804: [GC (Allocation Failure) [PSYoungGen: 416876K->184847K(465920K)] 1244686K->1012931K(1469440K), 0.0205317 secs] [Times: user=0.02 sys=0.00, real=0.02 secs] 
1764.106: [GC (Allocation Failure) [PSYoungGen: 410269K->91966K(465920K)] 1238353K->920314K(1469440K), 0.0210819 secs] [Times: user=0.05 sys=0.00, real=0.02 secs] 
1765.634: [GC (Allocation Failure) [PSYoungGen: 324926K->37845K(465920K)] 1153274K->866499K(1469440K), 0.0073229 secs] [Times: user=0.01 sys=0.00, real=0.00 secs] 
1765.925: [GC (Allocation Failure) [PSYoungGen: 270805K->184205K(465920K)] 1099459K->1014104K(1469440K), 0.0204842 secs] [Times: user=0.02 sys=0.00, real=0.02 secs] 
1766.269: [GC (Allocation Failure) [PSYoungGen: 417165K->184558K(465920K)] 1247064K->1014731K(1469440K), 0.0204130 secs] [Times: user=0.02 sys=0.00, real=0.02 secs] 
1768.081: [GC (Allocation Failure) [PSYoungGen: 407626K->92158K(465920K)] 1237798K->922604K(1469440K), 0.0259997 secs] [Times: user=0.05 sys=0.00, real=0.03 secs] 
1769.305: [GC (Allocation Failure) [PSYoungGen: 325118K->37973K(465920K)] 1155564K->868725K(1469440K), 0.0057311 secs] [Times: user=0.01 sys=0.00, real=0.00 secs] 
1769.575: [GC (Allocation Failure) [PSYoungGen: 270933K->184879K(465920K)] 1101685K->1016868K(1469440K), 0.0204634 secs] [Times: user=0.02 sys=0.00, real=0.02 secs] 
1769.917: [GC (Allocation Failure) [PSYoungGen: 417839K->184109K(465920K)] 1249828K->1016395K(1469440K), 0.0204200 secs] [Times: user=0.03 sys=0.00, real=0.02 secs] 
1771.927: [GC (Allocation Failure) [PSYoungGen: 407101K->91741K(465920K)] 1239388K->924292K(1469440K), 0.0195719 secs] [Times: user=0.04 sys=0.00, real=0.02 secs] 
1773.504: [GC (Allocation Failure) [PSYoungGen: 324701K->37845K(465920K)] 1157252K->870718K(1469440K), 0.0074984 secs] [Times: user=0.02 sys=0.00, real=0.00 secs] 
1773.806: [GC (Allocation Failure) [PSYoungGen: 270805K->184687K(465920K)] 1103678K->1018805K(1469440K), 0.0205141 secs] [Times: user=0.02 sys=0.00, real=0.02 secs] 
1774.150: [GC (Allocation Failure) [PSYoungGen: 417647K->184751K(465920K)] 1251765K->1019279K(1469440K), 0.0204978 secs] [Times: user=0.03 sys=0.00, real=0.02 secs] 
1776.035: [GC (Allocation Failure) [PSYoungGen: 407189K->91467K(465920K)] 1241717K->926269K(1469440K), 0.0167777 secs] [Times: user=0.04 sys=0.00, real=0.01 secs] 
1777.953: [GC (Allocation Failure) [PSYoungGen: 324427K->38005K(465920K)] 1159229K->872984K(1469440K), 0.0089983 secs] [Times: user=0.02 sys=0.00, real=0.00 secs] 
1778.278: [GC (Allocation Failure) [PSYoungGen: 270965K->183787K(465920K)] 1105944K->1020003K(1469440K), 0.0206025 secs] [Times: user=0.02 sys=0.00, real=0.02 secs] 
1778.620: [GC (Allocation Failure) [PSYoungGen: 416747K->184430K(465920K)] 1252963K->1020919K(1469440K), 0.0207764 secs] [Times: user=0.03 sys=0.00, real=0.02 secs] 
1779.306: [GC (Allocation Failure) [PSYoungGen: 409672K->92544K(465920K)] 1246161K->929306K(1469440K), 0.0125988 secs] [Times: user=0.03 sys=0.00, real=0.01 secs] 
1781.271: [GC (Allocation Failure) [PSYoungGen: 325504K->37649K(465920K)] 1162266K->874717K(1469440K), 0.0082255 secs] [Times: user=0.02 sys=0.00, real=0.01 secs] 
1781.588: [GC (Allocation Failure) [PSYoungGen: 270609K->184687K(465920K)] 1107677K->1023000K(1469440K), 0.0204657 secs] [Times: user=0.03 sys=0.00, real=0.02 secs] 
1781.872: [GC (Allocation Failure) [PSYoungGen: 417647K->184719K(465920K)] 1255960K->1023313K(1469440K), 0.0204704 secs] [Times: user=0.03 sys=0.00, real=0.02 secs] 
1782.469: [GC (Allocation Failure) [PSYoungGen: 407530K->91709K(465920K)] 1246125K->930568K(1469440K), 0.0101511 secs] [Times: user=0.02 sys=0.00, real=0.01 secs] 
1783.473: [GC (Allocation Failure) [PSYoungGen: 324669K->37617K(465920K)] 1163528K->876784K(1469440K), 0.0056655 secs] [Times: user=0.02 sys=0.00, real=0.00 secs] 
1783.800: [GC (Allocation Failure) [PSYoungGen: 270577K->183787K(465920K)] 1109744K->1024208K(1469440K), 0.0205717 secs] [Times: user=0.03 sys=0.00, real=0.02 secs] 
1784.085: [GC (Allocation Failure) [PSYoungGen: 416747K->184687K(465920K)] 1257168K->1025381K(1469440K), 0.0206524 secs] [Times: user=0.03 sys=0.00, real=0.02 secs] 
1785.943: [GC (Allocation Failure) [PSYoungGen: 410230K->92672K(465920K)] 1250924K->933632K(1469440K), 0.0250491 secs] [Times: user=0.06 sys=0.00, real=0.03 secs] 
1788.192: [GC (Allocation Failure) [PSYoungGen: 325632K->37588K(465920K)] 1166592K->878869K(1469440K), 0.0088636 secs] [Times: user=0.03 sys=0.00, real=0.01 secs] 
1788.518: [GC (Allocation Failure) [PSYoungGen: 270548K->184044K(465920K)] 1111829K->1026571K(1469440K), 0.0205378 secs] [Times: user=0.03 sys=0.00, real=0.02 secs] 
1788.800: [GC (Allocation Failure) [PSYoungGen: 417004K->184590K(465920K)] 1259531K->1027398K(1469440K), 0.0205871 secs] [Times: user=0.03 sys=0.00, real=0.02 secs] 
1789.715: [GC (Allocation Failure) [PSYoungGen: 409689K->92544K(465920K)] 1252497K->935753K(1469440K), 0.0130344 secs] [Times: user=0.03 sys=0.00, real=0.01 secs] 
1790.660: [GC (Allocation Failure) [PSYoungGen: 325504K->38002K(465920K)] 1168713K->881401K(1469440K), 0.0057836 secs] [Times: user=0.01 sys=0.00, real=0.01 secs] 
1790.981: [GC (Allocation Failure) [PSYoungGen: 270962K->184687K(465920K)] 1114361K->1029331K(1469440K), 0.0206089 secs] [Times: user=0.03 sys=0.00, real=0.02 secs] 
1791.264: [GC (Allocation Failure) [PSYoungGen: 417647K->184655K(465920K)] 1262291K->1029572K(1469440K), 0.0206155 secs] [Times: user=0.03 sys=0.00, real=0.02 secs] 
1792.261: [GC (Allocation Failure) [PSYoungGen: 407223K->91355K(465920K)] 1252140K->936546K(1469440K), 0.0173401 secs] [Times: user=0.04 sys=0.00, real=0.02 secs] 
1793.141: [GC (Allocation Failure) [PSYoungGen: 324315K->38230K(465920K)] 1169506K->883726K(1469440K), 0.0072694 secs] [Times: user=0.02 sys=0.00, real=0.01 secs] 
1793.478: [GC (Allocation Failure) [PSYoungGen: 271190K->184687K(465920K)] 1116686K->1031549K(1469440K), 0.0205853 secs] [Times: user=0.03 sys=0.00, real=0.02 secs] 
1793.761: [GC (Allocation Failure) [PSYoungGen: 417647K->184687K(465920K)] 1264509K->1031694K(1469440K), 0.0206049 secs] [Times: user=0.03 sys=0.00, real=0.02 secs] 
1795.944: [GC (Allocation Failure) [PSYoungGen: 406993K->91162K(465920K)] 1254000K->938442K(1469440K), 0.0169926 secs] [Times: user=0.04 sys=0.00, real=0.01 secs] 
1798.151: [GC (Allocation Failure) [PSYoungGen: 324122K->37617K(465920K)] 1171402K->885212K(1469440K), 0.0090958 secs] [Times: user=0.03 sys=0.00, real=0.01 secs] 
1798.540: [GC (Allocation Failure) [PSYoungGen: 270577K->184687K(465920K)] 1118172K->1033528K(1469440K), 0.0205747 secs] [Times: user=0.03 sys=0.00, real=0.02 secs] 
1798.826: [GC (Allocation Failure) [PSYoungGen: 417647K->184687K(465920K)] 1266488K->1033801K(1469440K), 0.0204825 secs] [Times: user=0.03 sys=0.00, real=0.02 secs] 
1799.510: [GC (Allocation Failure) [PSYoungGen: 407534K->91741K(465920K)] 1256649K->941120K(1469440K), 0.0127473 secs] [Times: user=0.03 sys=0.00, real=0.01 secs] 
1800.952: [GC (Allocation Failure) [PSYoungGen: 324701K->37877K(465920K)] 1174080K->887562K(1469440K), 0.0082086 secs] [Times: user=0.02 sys=0.00, real=0.01 secs] 
1801.269: [GC (Allocation Failure) [PSYoungGen: 270837K->184687K(465920K)] 1120522K->1035738K(1469440K), 0.0206154 secs] [Times: user=0.03 sys=0.00, real=0.02 secs] 
1801.553: [GC (Allocation Failure) [PSYoungGen: 417647K->184719K(465920K)] 1268698K->1035914K(1469440K), 0.0206218 secs] [Times: user=0.03 sys=0.00, real=0.03 secs] 
1802.179: [GC (Allocation Failure) [PSYoungGen: 407278K->91516K(465920K)] 1258474K->942984K(1469440K), 0.0115728 secs] [Times: user=0.03 sys=0.00, real=0.01 secs] 
1802.988: [GC (Allocation Failure) [PSYoungGen: 324476K->37973K(465920K)] 1175944K->889748K(1469440K), 0.0058391 secs] [Times: user=0.01 sys=0.00, real=0.01 secs] 
1803.256: [GC (Allocation Failure) [PSYoungGen: 270933K->183916K(465920K)] 1122708K->1036928K(1469440K), 0.0204799 secs] [Times: user=0.03 sys=0.00, real=0.02 secs] 
1803.540: [GC (Allocation Failure) [PSYoungGen: 416876K->184398K(465920K)] 1269888K->1037683K(1469440K), 0.0206014 secs] [Times: user=0.03 sys=0.00, real=0.02 secs] 
1804.818: [GC (Allocation Failure) [PSYoungGen: 409608K->92399K(465920K)] 1262893K->945957K(1469440K), 0.0141012 secs] [Times: user=0.03 sys=0.00, real=0.01 secs] 
1807.008: [GC (Allocation Failure) [PSYoungGen: 325359K->37620K(465920K)] 1178917K->891484K(1469440K), 0.0079516 secs] [Times: user=0.02 sys=0.00, real=0.01 secs] 
1807.316: [GC (Allocation Failure) [PSYoungGen: 270580K->184173K(465920K)] 1124444K->1039274K(1469440K), 0.0204749 secs] [Times: user=0.03 sys=0.00, real=0.02 secs] 
1807.600: [GC (Allocation Failure) [PSYoungGen: 417133K->184622K(465920K)] 1272234K->1040141K(1469440K), 0.0205172 secs] [Times: user=0.02 sys=0.00, real=0.02 secs] 
1808.658: [GC (Allocation Failure) [PSYoungGen: 409775K->92383K(465920K)] 1265294K->948039K(1469440K), 0.0152831 secs] [Times: user=0.03 sys=0.00, real=0.02 secs] 
1810.196: [GC (Allocation Failure) [PSYoungGen: 325343K->37909K(465920K)] 1180999K->893878K(1469440K), 0.0070175 secs] [Times: user=0.01 sys=0.00, real=0.01 secs] 
1810.479: [GC (Allocation Failure) [PSYoungGen: 270869K->184687K(465920K)] 1126838K->1041918K(1469440K), 0.0205095 secs] [Times: user=0.03 sys=0.00, real=0.02 secs] 
1810.821: [GC (Allocation Failure) [PSYoungGen: 417647K->184655K(465920K)] 1274878K->1042159K(1469440K), 0.0209471 secs] [Times: user=0.03 sys=0.00, real=0.02 secs] 
1811.988: [GC (Allocation Failure) [PSYoungGen: 407221K->91467K(465920K)] 1264725K->949245K(1469440K), 0.0221214 secs] [Times: user=0.05 sys=0.00, real=0.02 secs] 
1813.543: [GC (Allocation Failure) [PSYoungGen: 324427K->37780K(465920K)] 1182205K->895879K(1469440K), 0.0101934 secs] [Times: user=0.02 sys=0.00, real=0.02 secs] 
1813.885: [GC (Allocation Failure) [PSYoungGen: 270740K->183787K(465920K)] 1128839K->1043139K(1469440K), 0.0206198 secs] [Times: user=0.03 sys=0.00, real=0.02 secs] 
1814.172: [GC (Allocation Failure) [PSYoungGen: 416747K->184687K(465920K)] 1276099K->1044320K(1469440K), 0.0205235 secs] [Times: user=0.03 sys=0.00, real=0.03 secs] 
1814.842: [GC (Allocation Failure) [PSYoungGen: 410111K->92480K(465920K)] 1269744K->952386K(1469440K), 0.0127747 secs] [Times: user=0.03 sys=0.00, real=0.02 secs] 
1815.699: [GC (Allocation Failure) [PSYoungGen: 325440K->38005K(465920K)] 1185346K->898217K(1469440K), 0.0058511 secs] [Times: user=0.02 sys=0.00, real=0.01 secs] 
1815.971: [GC (Allocation Failure) [PSYoungGen: 270965K->184558K(465920K)] 1131177K->1046016K(1469440K), 0.0205302 secs] [Times: user=0.03 sys=0.00, real=0.02 secs] 
1816.315: [GC (Allocation Failure) [PSYoungGen: 417518K->184815K(465920K)] 1278976K->1046675K(1469440K), 0.0206084 secs] [Times: user=0.03 sys=0.00, real=0.02 secs] 
1817.893: [GC (Allocation Failure) [PSYoungGen: 407200K->91355K(465920K)] 1269060K->953479K(1469440K), 0.0169666 secs] [Times: user=0.04 sys=0.00, real=0.01 secs] 
1819.817: [GC (Allocation Failure) [PSYoungGen: 324315K->37748K(465920K)] 1186439K->900050K(1469440K), 0.0073464 secs] [Times: user=0.02 sys=0.00, real=0.01 secs] 
1820.182: [GC (Allocation Failure) [PSYoungGen: 270708K->184719K(465920K)] 1133010K->1048410K(1469440K), 0.0207436 secs] [Times: user=0.03 sys=0.00, real=0.02 secs] 
1820.471: [GC (Allocation Failure) [PSYoungGen: 417679K->184623K(465920K)] 1281370K->1048459K(1469440K), 0.0206267 secs] [Times: user=0.03 sys=0.00, real=0.02 secs] 
1821.278: [GC (Allocation Failure) [PSYoungGen: 407178K->91612K(465920K)] 1271014K->955721K(1469440K), 0.0124404 secs] [Times: user=0.02 sys=0.00, real=0.01 secs] 
1822.354: [GC (Allocation Failure) [PSYoungGen: 324572K->37845K(465920K)] 1188681K->902260K(1469440K), 0.0069705 secs] [Times: user=0.01 sys=0.00, real=0.00 secs] 
1822.630: [GC (Allocation Failure) [PSYoungGen: 270805K->183948K(465920K)] 1135220K->1049616K(1469440K), 0.0204634 secs] [Times: user=0.03 sys=0.00, real=0.02 secs] 
1822.912: [GC (Allocation Failure) [PSYoungGen: 416908K->184430K(465920K)] 1282576K->1050500K(1469440K), 0.0205664 secs] [Times: user=0.03 sys=0.00, real=0.03 secs] 
1824.091: [GC (Allocation Failure) [PSYoungGen: 409659K->92464K(465920K)] 1275729K->958678K(1469440K), 0.0116842 secs] [Times: user=0.03 sys=0.00, real=0.02 secs] 
1824.890: [GC (Allocation Failure) [PSYoungGen: 325424K->38002K(465920K)] 1191638K->904539K(1469440K), 0.0058974 secs] [Times: user=0.02 sys=0.00, real=0.01 secs] 
1825.158: [GC (Allocation Failure) [PSYoungGen: 270962K->184076K(465920K)] 1137499K->1051866K(1469440K), 0.0205486 secs] [Times: user=0.03 sys=0.00, real=0.02 secs] 
1825.441: [GC (Allocation Failure) [PSYoungGen: 417036K->184558K(465920K)] 1284826K->1052621K(1469440K), 0.0206201 secs] [Times: user=0.03 sys=0.00, real=0.02 secs] 
1826.240: [GC (Allocation Failure) [PSYoungGen: 409611K->92126K(465920K)] 1277674K->960591K(1469440K), 0.0119200 secs] [Times: user=0.02 sys=0.00, real=0.01 secs] 
1827.731: [GC (Allocation Failure) [PSYoungGen: 325086K->37620K(465920K)] 1193551K->906269K(1469440K), 0.0075217 secs] [Times: user=0.02 sys=0.00, real=0.01 secs] 
1828.030: [GC (Allocation Failure) [PSYoungGen: 270580K->184687K(465920K)] 1139229K->1054582K(1469440K), 0.0206752 secs] [Times: user=0.03 sys=0.00, real=0.02 secs] 
1828.314: [GC (Allocation Failure) [PSYoungGen: 417647K->184366K(465920K)] 1287542K->1054534K(1469440K), 0.0206130 secs] [Times: user=0.03 sys=0.00, real=0.02 secs] 
1829.528: [GC (Allocation Failure) [PSYoungGen: 409440K->91950K(465920K)] 1279608K->962383K(1469440K), 0.0168838 secs] [Times: user=0.04 sys=0.00, real=0.02 secs] 
1830.961: [GC (Allocation Failure) [PSYoungGen: 324910K->38005K(465920K)] 1195343K->908760K(1469440K), 0.0073013 secs] [Times: user=0.02 sys=0.00, real=0.01 secs] 
1831.249: [GC (Allocation Failure) [PSYoungGen: 270965K->184687K(465920K)] 1141720K->1056816K(1469440K), 0.0205624 secs] [Times: user=0.03 sys=0.00, real=0.02 secs] 
1831.533: [GC (Allocation Failure) [PSYoungGen: 417647K->184719K(465920K)] 1289776K->1057001K(1469440K), 0.0205342 secs] [Times: user=0.03 sys=0.00, real=0.02 secs] 
1832.386: [GC (Allocation Failure) [PSYoungGen: 407272K->91419K(465920K)] 1279554K->963974K(1469440K), 0.0116998 secs] [Times: user=0.03 sys=0.00, real=0.01 secs] 
1833.355: [GC (Allocation Failure) [PSYoungGen: 324379K->38230K(465920K)] 1196934K->911107K(1469440K), 0.0059200 secs] [Times: user=0.01 sys=0.00, real=0.00 secs] 
1833.624: [GC (Allocation Failure) [PSYoungGen: 271190K->184687K(465920K)] 1144067K->1058817K(1469440K), 0.0206736 secs] [Times: user=0.03 sys=0.00, real=0.02 secs] 
1833.913: [GC (Allocation Failure) [PSYoungGen: 417647K->184655K(465920K)] 1291777K->1059058K(1469440K), 0.0206447 secs] [Times: user=0.03 sys=0.00, real=0.03 secs] 
1835.301: [GC (Allocation Failure) [PSYoungGen: 406952K->91066K(465920K)] 1281356K->965734K(1469440K), 0.0151248 secs] [Times: user=0.03 sys=0.00, real=0.02 secs] 
1836.893: [GC (Allocation Failure) [PSYoungGen: 324026K->37716K(465920K)] 1198694K->912706K(1469440K), 0.0069991 secs] [Times: user=0.02 sys=0.00, real=0.01 secs] 
1837.237: [GC (Allocation Failure) [PSYoungGen: 270676K->183948K(465920K)] 1145666K->1060191K(1469440K), 0.0207748 secs] [Times: user=0.03 sys=0.00, real=0.02 secs] 
1837.522: [GC (Allocation Failure) [PSYoungGen: 416908K->184430K(465920K)] 1293151K->1061075K(1469440K), 0.0208591 secs] [Times: user=0.03 sys=0.00, real=0.02 secs] 
1839.239: [GC (Allocation Failure) [PSYoungGen: 409784K->92576K(465920K)] 1286429K->969358K(1469440K), 0.0210850 secs] [Times: user=0.05 sys=0.00, real=0.02 secs] 
1841.686: [GC (Allocation Failure) [PSYoungGen: 325536K->37363K(465920K)] 1202318K->914442K(1469440K), 0.0080911 secs] [Times: user=0.02 sys=0.00, real=0.01 secs] 
1842.070: [GC (Allocation Failure) [PSYoungGen: 270323K->184687K(465920K)] 1147402K->1063028K(1469440K), 0.0206348 secs] [Times: user=0.03 sys=0.00, real=0.02 secs] 
1842.354: [GC (Allocation Failure) [PSYoungGen: 417647K->184719K(465920K)] 1295988K->1063461K(1469440K), 0.0205281 secs] [Times: user=0.03 sys=0.00, real=0.02 secs] 
1843.129: [GC (Allocation Failure) [PSYoungGen: 409721K->91966K(465920K)] 1288464K->970973K(1469440K), 0.0125247 secs] [Times: user=0.02 sys=0.00, real=0.01 secs] 
1844.079: [GC (Allocation Failure) [PSYoungGen: 324926K->38002K(465920K)] 1203933K->917190K(1469440K), 0.0057683 secs] [Times: user=0.01 sys=0.00, real=0.01 secs] 
1844.347: [GC (Allocation Failure) [PSYoungGen: 270962K->184462K(465920K)] 1150150K->1064903K(1469440K), 0.0206201 secs] [Times: user=0.03 sys=0.00, real=0.02 secs] 
1844.694: [GC (Allocation Failure) [PSYoungGen: 417422K->184655K(465920K)] 1297863K->1065497K(1469440K), 0.0206712 secs] [Times: user=0.03 sys=0.00, real=0.02 secs] 
1846.463: [GC (Allocation Failure) [PSYoungGen: 407187K->91564K(465920K)] 1288029K->972543K(1469440K), 0.0195451 secs] [Times: user=0.05 sys=0.00, real=0.02 secs] 
1848.706: [GC (Allocation Failure) [PSYoungGen: 324524K->37716K(465920K)] 1205503K->919009K(1469440K), 0.0076128 secs] [Times: user=0.02 sys=0.00, real=0.01 secs] 
1849.008: [GC (Allocation Failure) [PSYoungGen: 270676K->184719K(465920K)] 1151969K->1067386K(1469440K), 0.0207630 secs] [Times: user=0.03 sys=0.00, real=0.02 secs] 
1849.298: [GC (Allocation Failure) [PSYoungGen: 417679K->184655K(465920K)] 1300346K->1067466K(1469440K), 0.0206030 secs] [Times: user=0.03 sys=0.00, real=0.02 secs] 
1850.172: [GC (Allocation Failure) [PSYoungGen: 407245K->91676K(465920K)] 1290056K->974761K(1469440K), 0.0126325 secs] [Times: user=0.02 sys=0.00, real=0.02 secs] 
1852.109: [GC (Allocation Failure) [PSYoungGen: 324636K->37459K(465920K)] 1207721K->920857K(1469440K), 0.0076352 secs] [Times: user=0.02 sys=0.00, real=0.01 secs] 
1852.483: [GC (Allocation Failure) [PSYoungGen: 270419K->183787K(465920K)] 1153817K->1068423K(1469440K), 0.0207225 secs] [Times: user=0.03 sys=0.00, real=0.02 secs] 
1852.771: [GC (Allocation Failure) [PSYoungGen: 416747K->184687K(465920K)] 1301383K->1069596K(1469440K), 0.0205949 secs] [Times: user=0.03 sys=0.00, real=0.02 secs] 
1853.366: [GC (Allocation Failure) [PSYoungGen: 410106K->92801K(465920K)] 1295015K->977975K(1469440K), 0.0128880 secs] [Times: user=0.03 sys=0.00, real=0.01 secs] 
1854.597: [GC (Allocation Failure) [PSYoungGen: 325761K->37748K(465920K)] 1210935K->923214K(1469440K), 0.0069815 secs] [Times: user=0.02 sys=0.00, real=0.01 secs] 
1854.873: [GC (Allocation Failure) [PSYoungGen: 270708K->184558K(465920K)] 1156174K->1071270K(1469440K), 0.0207260 secs] [Times: user=0.03 sys=0.00, real=0.03 secs] 
1855.214: [GC (Allocation Failure) [PSYoungGen: 417518K->184301K(465920K)] 1304230K->1071294K(1469440K), 0.0206809 secs] [Times: user=0.03 sys=0.00, real=0.02 secs] 
1856.540: [GC (Allocation Failure) [PSYoungGen: 409185K->92158K(465920K)] 1296178K->979424K(1469440K), 0.0157672 secs] [Times: user=0.03 sys=0.00, real=0.02 secs] 
1858.246: [GC (Allocation Failure) [PSYoungGen: 325118K->37620K(465920K)] 1212384K->925201K(1469440K), 0.0070941 secs] [Times: user=0.02 sys=0.00, real=0.01 secs] 
1858.531: [GC (Allocation Failure) [PSYoungGen: 270580K->184430K(465920K)] 1158161K->1073386K(1469440K), 0.0208584 secs] [Times: user=0.03 sys=0.00, real=0.02 secs] 
1858.879: [GC (Allocation Failure) [PSYoungGen: 417390K->184526K(465920K)] 1306346K->1073627K(1469440K), 0.0207242 secs] [Times: user=0.03 sys=0.01, real=0.02 secs] 
1859.811: [GC (Allocation Failure) [PSYoungGen: 407615K->92126K(465920K)] 1296715K->981492K(1469440K), 0.0137506 secs] [Times: user=0.03 sys=0.00, real=0.02 secs] 
1861.351: [GC (Allocation Failure) [PSYoungGen: 325086K->37491K(465920K)] 1214452K->927173K(1469440K), 0.0069705 secs] [Times: user=0.02 sys=0.00, real=0.01 secs] 
1861.629: [GC (Allocation Failure) [PSYoungGen: 270451K->184462K(465920K)] 1160133K->1075381K(1469440K), 0.0208965 secs] [Times: user=0.03 sys=0.00, real=0.02 secs] 
1861.912: [GC (Allocation Failure) [PSYoungGen: 417422K->184301K(465920K)] 1308341K->1075501K(1469440K), 0.0205777 secs] [Times: user=0.03 sys=0.00, real=0.02 secs] 
1863.228: [GC (Allocation Failure) [PSYoungGen: 409473K->92480K(465920K)] 1300674K->984074K(1469440K), 0.0169851 secs] [Times: user=0.03 sys=0.00, real=0.02 secs] 
1865.705: [GC (Allocation Failure) [PSYoungGen: 325440K->37620K(465920K)] 1217034K->929391K(1469440K), 0.0075997 secs] [Times: user=0.02 sys=0.00, real=0.00 secs] 
1866.082: [GC (Allocation Failure) [PSYoungGen: 270580K->184173K(465920K)] 1162351K->1077181K(1469440K), 0.0210444 secs] [Times: user=0.03 sys=0.00, real=0.02 secs] 
1866.374: [GC (Allocation Failure) [PSYoungGen: 417133K->184590K(465920K)] 1310141K->1078000K(1469440K), 0.0206903 secs] [Times: user=0.03 sys=0.00, real=0.02 secs] 
1867.889: [GC (Allocation Failure) [PSYoungGen: 409763K->92383K(465920K)] 1303173K->985930K(1469440K), 0.0268857 secs] [Times: user=0.06 sys=0.00, real=0.03 secs] 
1869.834: [GC (Allocation Failure) [PSYoungGen: 325343K->37780K(465920K)] 1218890K->931641K(1469440K), 0.0084772 secs] [Times: user=0.02 sys=0.00, real=0.01 secs] 
1870.219: [GC (Allocation Failure) [PSYoungGen: 270740K->184687K(465920K)] 1164601K->1079801K(1469440K), 0.0208023 secs] [Times: user=0.03 sys=0.00, real=0.02 secs] 
1870.556: [GC (Allocation Failure) [PSYoungGen: 417647K->184655K(465920K)] 1312761K->1080042K(1469440K), 0.0204903 secs] [Times: user=0.03 sys=0.00, real=0.02 secs] 
1871.181: [GC (Allocation Failure) [PSYoungGen: 407218K->91612K(465920K)] 1302605K->987264K(1469440K), 0.0132053 secs] [Times: user=0.03 sys=0.00, real=0.02 secs] 
1872.279: [GC (Allocation Failure) [PSYoungGen: 324572K->38002K(465920K)] 1220224K->933964K(1469440K), 0.0076657 secs] [Times: user=0.02 sys=0.00, real=0.01 secs] 
1872.654: [GC (Allocation Failure) [PSYoungGen: 270962K->183916K(465920K)] 1166924K->1081131K(1469440K), 0.0208362 secs] [Times: user=0.03 sys=0.00, real=0.02 secs] 
1872.939: [GC (Allocation Failure) [PSYoungGen: 416876K->184494K(465920K)] 1314091K->1082111K(1469440K), 0.0206057 secs] [Times: user=0.03 sys=0.00, real=0.02 secs] 
1873.742: [GC (Allocation Failure) [PSYoungGen: 409728K->92351K(465920K)] 1307345K->990113K(1469440K), 0.0126808 secs] [Times: user=0.03 sys=0.00, real=0.02 secs] 
1875.287: [GC (Allocation Failure) [PSYoungGen: 325311K->37973K(465920K)] 1223073K->936040K(1469440K), 0.0083815 secs] [Times: user=0.02 sys=0.00, real=0.01 secs] 
1875.606: [GC (Allocation Failure) [PSYoungGen: 270933K->184719K(465920K)] 1169000K->1084040K(1469440K), 0.0207450 secs] [Times: user=0.03 sys=0.00, real=0.02 secs] 
1875.890: [GC (Allocation Failure) [PSYoungGen: 417679K->184430K(465920K)] 1317000K->1084032K(1469440K), 0.0210313 secs] [Times: user=0.03 sys=0.00, real=0.02 secs] 
1877.465: [GC (Allocation Failure) [PSYoungGen: 406901K->91628K(465920K)] 1306503K->991503K(1469440K), 0.0141221 secs] [Times: user=0.03 sys=0.01, real=0.01 secs] 
1878.913: [GC (Allocation Failure) [PSYoungGen: 324588K->37813K(465920K)] 1224463K->937985K(1469440K), 0.0102669 secs] [Times: user=0.03 sys=0.00, real=0.02 secs] 
1879.251: [GC (Allocation Failure) [PSYoungGen: 270773K->184719K(465920K)] 1170945K->1086257K(1469440K), 0.0209118 secs] [Times: user=0.03 sys=0.00, real=0.02 secs] 
1879.535: [GC (Allocation Failure) [PSYoungGen: 417679K->184719K(465920K)] 1319217K->1086402K(1469440K), 0.0206166 secs] [Times: user=0.03 sys=0.00, real=0.02 secs] 
1880.189: [GC (Allocation Failure) [PSYoungGen: 407269K->91452K(465920K)] 1308952K->993416K(1469440K), 0.0122702 secs] [Times: user=0.03 sys=0.00, real=0.01 secs] 
1880.995: [GC (Allocation Failure) [PSYoungGen: 324412K->37973K(465920K)] 1226376K->940245K(1469440K), 0.0060110 secs] [Times: user=0.02 sys=0.00, real=0.00 secs] 
1881.323: [GC (GCLocker Initiated GC) [PSYoungGen: 270933K->183884K(465920K)] 1173205K->1087409K(1469440K), 0.0207760 secs] [Times: user=0.03 sys=0.00, real=0.03 secs] 
1881.664: [GC (Allocation Failure) [PSYoungGen: 416844K->184751K(465920K)] 1321494K->1089667K(1469440K), 0.0207992 secs] [Times: user=0.03 sys=0.00, real=0.02 secs] 
1883.929: [GC (Allocation Failure) [PSYoungGen: 407708K->91098K(465920K)] 1312624K->996158K(1469440K), 0.0167299 secs] [Times: user=0.04 sys=0.00, real=0.02 secs] 
1886.092: [GC (Allocation Failure) [PSYoungGen: 324058K->37459K(465920K)] 1229118K->942737K(1469440K), 0.0077926 secs] [Times: user=0.02 sys=0.00, real=0.01 secs] 
1886.392: [GC (Allocation Failure) [PSYoungGen: 270419K->184462K(465920K)] 1175697K->1091121K(1469440K), 0.0206118 secs] [Times: user=0.03 sys=0.00, real=0.02 secs] 
1886.675: [GC (Allocation Failure) [PSYoungGen: 417422K->184301K(465920K)] 1324081K->1091105K(1469440K), 0.0205943 secs] [Times: user=0.03 sys=0.00, real=0.02 secs] 
1887.931: [GC (Allocation Failure) [PSYoungGen: 409425K->92544K(465920K)] 1316230K->999621K(1469440K), 0.0127780 secs] [Times: user=0.03 sys=0.00, real=0.02 secs] 
1889.280: [GC (Allocation Failure) [PSYoungGen: 325504K->37588K(465920K)] 1232581K->944973K(1469440K), 0.0071596 secs] [Times: user=0.01 sys=0.00, real=0.01 secs] 
1889.561: [GC (Allocation Failure) [PSYoungGen: 270548K->184108K(465920K)] 1177933K->1092739K(1469440K), 0.0206815 secs] [Times: user=0.03 sys=0.00, real=0.02 secs] 
1889.906: [GC (Allocation Failure) [PSYoungGen: 417068K->184526K(465920K)] 1325699K->1093462K(1469440K), 0.0207916 secs] [Times: user=0.03 sys=0.00, real=0.02 secs] 
1891.816: [GC (Allocation Failure) [PSYoungGen: 409711K->92544K(465920K)] 1318647K->1001745K(1469440K), 0.0224695 secs] [Times: user=0.05 sys=0.00, real=0.02 secs] 
1893.506: [GC (Allocation Failure) [PSYoungGen: 325504K->37877K(465920K)] 1234705K->947371K(1469440K), 0.0074438 secs] [Times: user=0.02 sys=0.00, real=0.01 secs] 
1893.799: [GC (Allocation Failure) [PSYoungGen: 270837K->184719K(465920K)] 1180331K->1095459K(1469440K), 0.0206382 secs] [Times: user=0.03 sys=0.00, real=0.02 secs] 
1894.136: [GC (Allocation Failure) [PSYoungGen: 417679K->184655K(465920K)] 1328419K->1095668K(1469440K), 0.0206540 secs] [Times: user=0.03 sys=0.00, real=0.02 secs] 
1894.877: [GC (Allocation Failure) [PSYoungGen: 407216K->91484K(465920K)] 1318229K->1002770K(1469440K), 0.0126280 secs] [Times: user=0.03 sys=0.00, real=0.01 secs] 
1896.349: [GC (Allocation Failure) [PSYoungGen: 324444K->37909K(465920K)] 1235730K->949511K(1469440K), 0.0068462 secs] [Times: user=0.01 sys=0.00, real=0.01 secs] 
1896.626: [GC (Allocation Failure) [PSYoungGen: 270869K->183948K(465920K)] 1182471K->1096795K(1469440K), 0.0206479 secs] [Times: user=0.03 sys=0.00, real=0.02 secs] 
1896.975: [GC (Allocation Failure) [PSYoungGen: 416908K->184462K(465920K)] 1329755K->1097719K(1469440K), 0.0207278 secs] [Times: user=0.03 sys=0.00, real=0.02 secs] 
1897.736: [GC (Allocation Failure) [PSYoungGen: 409694K->92480K(465920K)] 1322952K->1005874K(1469440K), 0.0128649 secs] [Times: user=0.02 sys=0.00, real=0.01 secs] 
1899.236: [GC (Allocation Failure) [PSYoungGen: 325440K->38037K(465920K)] 1238834K->951739K(1469440K), 0.0060286 secs] [Times: user=0.02 sys=0.00, real=0.00 secs] 
1899.505: [GC (Allocation Failure) [PSYoungGen: 270997K->184622K(465920K)] 1184699K->1099570K(1469440K), 0.0206017 secs] [Times: user=0.03 sys=0.00, real=0.02 secs] 
1899.788: [GC (Allocation Failure) [PSYoungGen: 417582K->184366K(465920K)] 1332530K->1099602K(1469440K), 0.0204835 secs] [Times: user=0.03 sys=0.00, real=0.02 secs] 
1901.220: [GC (Allocation Failure) [PSYoungGen: 406751K->91725K(465920K)] 1321988K->1007363K(1469440K), 0.0212897 secs] [Times: user=0.05 sys=0.00, real=0.02 secs] 
1903.081: [GC (Allocation Failure) [PSYoungGen: 324685K->37813K(465920K)] 1240323K->953638K(1469440K), 0.0086100 secs] [Times: user=0.02 sys=0.00, real=0.01 secs] 
1903.476: [GC (Allocation Failure) [PSYoungGen: 270773K->184687K(465920K)] 1186598K->1101758K(1469440K), 0.0206192 secs] [Times: user=0.03 sys=0.00, real=0.02 secs] 
1903.759: [GC (Allocation Failure) [PSYoungGen: 417647K->184430K(465920K)] 1334718K->1101774K(1469440K), 0.0207276 secs] [Times: user=0.03 sys=0.00, real=0.02 secs] 
1904.789: [GC (Allocation Failure) [PSYoungGen: 407166K->91709K(465920K)] 1324510K->1009318K(1469440K), 0.0137303 secs] [Times: user=0.03 sys=0.00, real=0.02 secs] 
1906.341: [GC (Allocation Failure) [PSYoungGen: 324669K->37716K(465920K)] 1242278K->955633K(1469440K), 0.0093771 secs] [Times: user=0.03 sys=0.00, real=0.01 secs] 
1906.674: [GC (Allocation Failure) [PSYoungGen: 270676K->184719K(465920K)] 1188593K->1104018K(1469440K), 0.0207942 secs] [Times: user=0.03 sys=0.00, real=0.02 secs] 
1906.960: [GC (Allocation Failure) [PSYoungGen: 417679K->184687K(465920K)] 1336978K->1104139K(1469440K), 0.0207297 secs] [Times: user=0.03 sys=0.00, real=0.02 secs] 
1907.655: [GC (Allocation Failure) [PSYoungGen: 407238K->91676K(465920K)] 1326690K->1011409K(1469440K), 0.0140401 secs] [Times: user=0.03 sys=0.00, real=0.01 secs] 
1909.263: [GC (Allocation Failure) [PSYoungGen: 324636K->37745K(465920K)] 1244369K->957786K(1469440K), 0.0079040 secs] [Times: user=0.02 sys=0.00, real=0.00 secs] 
1909.640: [GC (Allocation Failure) [PSYoungGen: 270705K->183851K(465920K)] 1190746K->1105137K(1469440K), 0.0205763 secs] [Times: user=0.03 sys=0.00, real=0.02 secs] 
1909.928: [GC (Allocation Failure) [PSYoungGen: 416811K->184719K(465920K)] 1338097K->1106294K(1469440K), 0.0206283 secs] [Times: user=0.03 sys=0.00, real=0.02 secs] 
1910.596: [GC (Allocation Failure) [PSYoungGen: 408509K->92512K(465920K)] 1330084K->1014368K(1469440K), 0.0133150 secs] [Times: user=0.03 sys=0.00, real=0.01 secs] 
1911.449: [GC (Allocation Failure) [PSYoungGen: 325472K->37845K(465920K)] 1247328K->960007K(1469440K), 0.0059024 secs] [Times: user=0.01 sys=0.00, real=0.01 secs] 
1911.719: [GC (Allocation Failure) [PSYoungGen: 270805K->184301K(465920K)] 1192967K->1107701K(1469440K), 0.0207131 secs] [Times: user=0.03 sys=0.00, real=0.02 secs] 
1912.002: [GC (Allocation Failure) [PSYoungGen: 417261K->184173K(465920K)] 1340661K->1107845K(1469440K), 0.0208016 secs] [Times: user=0.03 sys=0.00, real=0.03 secs] 
1912.701: [GC (Allocation Failure) [PSYoungGen: 409395K->92351K(465920K)] 1333067K->1016297K(1469440K), 0.0127868 secs] [Times: user=0.03 sys=0.00, real=0.02 secs] 
1914.426: [GC (Allocation Failure) [PSYoungGen: 325311K->37877K(465920K)] 1249257K->962136K(1469440K), 0.0090778 secs] [Times: user=0.02 sys=0.00, real=0.01 secs] 
1914.755: [GC (Allocation Failure) [PSYoungGen: 270837K->184173K(465920K)] 1195096K->1109670K(1469440K), 0.0205456 secs] [Times: user=0.03 sys=0.00, real=0.02 secs] 
1915.098: [GC (Allocation Failure) [PSYoungGen: 417133K->185008K(465920K)] 1342630K->1110786K(1469440K), 0.0207261 secs] [Times: user=0.03 sys=0.00, real=0.02 secs] 
1916.970: [GC (Allocation Failure) [PSYoungGen: 407720K->91693K(465920K)] 1333499K->1017736K(1469440K), 0.0175784 secs] [Times: user=0.04 sys=0.00, real=0.02 secs] 
1919.804: [GC (Allocation Failure) [PSYoungGen: 324653K->36238K(465920K)] 1250696K->962595K(1469440K), 0.0091989 secs] [Times: user=0.02 sys=0.00, real=0.01 secs] 
1920.135: [GC (Allocation Failure) [PSYoungGen: 269198K->184462K(465920K)] 1195555K->1112080K(1469440K), 0.0207828 secs] [Times: user=0.03 sys=0.00, real=0.02 secs] 
1920.418: [GC (Allocation Failure) [PSYoungGen: 417422K->184076K(465920K)] 1345040K->1111847K(1469440K), 0.0208671 secs] [Times: user=0.03 sys=0.00, real=0.02 secs] 
1921.046: [GC (Allocation Failure) [PSYoungGen: 410180K->94054K(465920K)] 1337951K->1022090K(1469440K), 0.0116758 secs] [Times: user=0.02 sys=0.00, real=0.01 secs] 
1921.855: [GC (Allocation Failure) [PSYoungGen: 327014K->37874K(465920K)] 1255050K->966210K(1469440K), 0.0059025 secs] [Times: user=0.01 sys=0.00, real=0.00 secs] 
1922.122: [GC (Allocation Failure) [PSYoungGen: 270834K->183948K(465920K)] 1199170K->1113529K(1469440K), 0.0208240 secs] [Times: user=0.03 sys=0.00, real=0.03 secs] 
1922.411: [GC (Allocation Failure) [PSYoungGen: 416908K->184462K(465920K)] 1346489K->1114445K(1469440K), 0.0206283 secs] [Times: user=0.03 sys=0.00, real=0.02 secs] 
1924.658: [GC (Allocation Failure) [PSYoungGen: 409698K->92528K(465920K)] 1339681K->1022776K(1469440K), 0.0284693 secs] [Times: user=0.06 sys=0.00, real=0.03 secs] 
1925.546: [GC (Allocation Failure) [PSYoungGen: 325488K->38134K(465920K)] 1255736K->968567K(1469440K), 0.0060634 secs] [Times: user=0.01 sys=0.00, real=0.00 secs] 
1925.870: [GC (Allocation Failure) [PSYoungGen: 271094K->184687K(465920K)] 1201527K->1116366K(1469440K), 0.0206375 secs] [Times: user=0.03 sys=0.00, real=0.02 secs] 
1926.215: [GC (Allocation Failure) [PSYoungGen: 417647K->184623K(465920K)] 1349326K->1116703K(1469440K), 0.0210106 secs] [Times: user=0.03 sys=0.00, real=0.02 secs] 
1927.984: [GC (Allocation Failure) [PSYoungGen: 407064K->91226K(465920K)] 1339145K->1023572K(1469440K), 0.0200543 secs] [Times: user=0.05 sys=0.00, real=0.02 secs] 
1929.527: [GC (Allocation Failure) [PSYoungGen: 324186K->37877K(465920K)] 1256532K->970408K(1469440K), 0.0075062 secs] [Times: user=0.02 sys=0.00, real=0.01 secs] 
1929.821: [GC (Allocation Failure) [PSYoungGen: 270837K->184719K(465920K)] 1203368K->1118640K(1469440K), 0.0206764 secs] [Times: user=0.03 sys=0.00, real=0.02 secs] 
1930.159: [GC (Allocation Failure) [PSYoungGen: 417679K->184687K(465920K)] 1351600K->1118752K(1469440K), 0.0207822 secs] [Times: user=0.03 sys=0.01, real=0.02 secs] 
1930.771: [GC (Allocation Failure) [PSYoungGen: 407250K->91484K(465920K)] 1341316K->1025822K(1469440K), 0.0118464 secs] [Times: user=0.02 sys=0.00, real=0.02 secs] 
1931.564: [GC (Allocation Failure) [PSYoungGen: 324444K->38002K(465920K)] 1258782K->972647K(1469440K), 0.0059290 secs] [Times: user=0.02 sys=0.00, real=0.00 secs] 
1931.899: [GC (Allocation Failure) [PSYoungGen: 270962K->183948K(465920K)] 1205607K->1119838K(1469440K), 0.0205899 secs] [Times: user=0.03 sys=0.00, real=0.02 secs] 
1932.182: [GC (Allocation Failure) [PSYoungGen: 416908K->184430K(465920K)] 1352798K->1120593K(1469440K), 0.0209747 secs] [Times: user=0.03 sys=0.00, real=0.03 secs] 
1932.793: [GC (Allocation Failure) [PSYoungGen: 409639K->92383K(465920K)] 1345802K->1028819K(1469440K), 0.0125151 secs] [Times: user=0.03 sys=0.00, real=0.02 secs] 
1933.593: [GC (Allocation Failure) [PSYoungGen: 325343K->38002K(465920K)] 1261779K->974747K(1469440K), 0.0058916 secs] [Times: user=0.01 sys=0.00, real=0.00 secs] 
1933.862: [GC (Allocation Failure) [PSYoungGen: 270962K->184205K(465920K)] 1207707K->1122194K(1469440K), 0.0208579 secs] [Times: user=0.03 sys=0.00, real=0.02 secs] 
1934.152: [GC (Allocation Failure) [PSYoungGen: 417165K->184880K(465920K)] 1355154K->1123143K(1469440K), 0.0207555 secs] [Times: user=0.03 sys=0.00, real=0.02 secs] 
1936.038: [GC (Allocation Failure) [PSYoungGen: 407589K->91612K(465920K)] 1345852K->1030148K(1469440K), 0.0264723 secs] [Times: user=0.06 sys=0.01, real=0.03 secs] 
1937.673: [GC (Allocation Failure) [PSYoungGen: 324572K->37845K(465920K)] 1263108K->976697K(1469440K), 0.0068285 secs] [Times: user=0.02 sys=0.00, real=0.01 secs] 
1938.011: [GC (Allocation Failure) [PSYoungGen: 270805K->184333K(465920K)] 1209657K->1124439K(1469440K), 0.0211669 secs] [Times: user=0.03 sys=0.00, real=0.02 secs] 
1938.294: [GC (Allocation Failure) [PSYoungGen: 417293K->184558K(465920K)] 1357399K->1124937K(1469440K), 0.0205911 secs] [Times: user=0.03 sys=0.00, real=0.02 secs] 
1938.925: [GC (Allocation Failure) [PSYoungGen: 405101K->91982K(465920K)] 1345480K->1032633K(1469440K), 0.0124767 secs] [Times: user=0.03 sys=0.00, real=0.01 secs] 
1939.746: [GC (Allocation Failure) [PSYoungGen: 324942K->38037K(465920K)] 1265593K->978995K(1469440K), 0.0061125 secs] [Times: user=0.01 sys=0.00, real=0.00 secs] 
1940.014: [GC (Allocation Failure) [PSYoungGen: 270997K->184687K(465920K)] 1211955K->1126906K(1469440K), 0.0209632 secs] [Times: user=0.03 sys=0.00, real=0.02 secs] 
1940.352: [GC (Allocation Failure) [PSYoungGen: 417647K->183980K(465920K)] 1359866K->1126472K(1469440K), 0.0206715 secs] [Times: user=0.03 sys=0.00, real=0.02 secs] 
1941.480: [GC (Allocation Failure) [PSYoungGen: 407454K->91966K(465920K)] 1349946K->1034723K(1469440K), 0.0264396 secs] [Times: user=0.05 sys=0.00, real=0.03 secs] 
1943.098: [GC (Allocation Failure) [PSYoungGen: 324926K->37877K(465920K)] 1267683K->980956K(1469440K), 0.0077324 secs] [Times: user=0.02 sys=0.00, real=0.01 secs] 
1943.393: [GC (Allocation Failure) [PSYoungGen: 270837K->183819K(465920K)] 1213916K->1128151K(1469440K), 0.0209114 secs] [Times: user=0.02 sys=0.01, real=0.02 secs] 
1943.678: [GC (Allocation Failure) [PSYoungGen: 416779K->184333K(465920K)] 1361111K->1129075K(1469440K), 0.0205636 secs] [Times: user=0.03 sys=0.00, real=0.02 secs] 
1945.122: [GC (Allocation Failure) [PSYoungGen: 409600K->92753K(465920K)] 1354342K->1037639K(1469440K), 0.0132046 secs] [Times: user=0.03 sys=0.00, real=0.02 secs] 
1946.030: [GC (Allocation Failure) [PSYoungGen: 325713K->37973K(465920K)] 1270599K->983167K(1469440K), 0.0061368 secs] [Times: user=0.02 sys=0.00, real=0.01 secs] 
1946.358: [GC (Allocation Failure) [PSYoungGen: 270933K->183948K(465920K)] 1216127K->1130395K(1469440K), 0.0210965 secs] [Times: user=0.03 sys=0.00, real=0.02 secs] 
1946.644: [GC (Allocation Failure) [PSYoungGen: 416908K->184847K(465920K)] 1363355K->1131576K(1469440K), 0.0207161 secs] [Times: user=0.03 sys=0.00, real=0.02 secs] 
1947.902: [GC (Allocation Failure) [PSYoungGen: 408049K->91998K(465920K)] 1354777K->1039000K(1469440K), 0.0182425 secs] [Times: user=0.04 sys=0.00, real=0.02 secs] 
1949.815: [GC (Allocation Failure) [PSYoungGen: 324958K->38166K(465920K)] 1271960K->985473K(1469440K), 0.0070231 secs] [Times: user=0.02 sys=0.00, real=0.00 secs] 
1950.162: [GC (Allocation Failure) [PSYoungGen: 271126K->184301K(465920K)] 1218433K->1132999K(1469440K), 0.0211421 secs] [Times: user=0.03 sys=0.00, real=0.03 secs] 
1950.450: [GC (Allocation Failure) [PSYoungGen: 417261K->184109K(465920K)] 1365959K->1132951K(1469440K), 0.0210010 secs] [Times: user=0.03 sys=0.00, real=0.02 secs] 
1951.799: [GC (Allocation Failure) [PSYoungGen: 409028K->92126K(465920K)] 1357870K->1041234K(1469440K), 0.0173391 secs] [Times: user=0.03 sys=0.00, real=0.02 secs] 
1954.307: [GC (Allocation Failure) [PSYoungGen: 325086K->37716K(465920K)] 1274194K->987129K(1469440K), 0.0081799 secs] [Times: user=0.02 sys=0.00, real=0.01 secs] 
1954.617: [GC (Allocation Failure) [PSYoungGen: 270676K->184590K(465920K)] 1220089K->1135257K(1469440K), 0.0207908 secs] [Times: user=0.03 sys=0.00, real=0.02 secs] 
1954.900: [GC (Allocation Failure) [PSYoungGen: 417550K->184751K(465920K)] 1368217K->1135698K(1469440K), 0.0207214 secs] [Times: user=0.03 sys=0.00, real=0.02 secs] 
1955.603: [GC (Allocation Failure) [PSYoungGen: 407433K->91725K(465920K)] 1358380K->1043074K(1469440K), 0.0112692 secs] [Times: user=0.02 sys=0.00, real=0.01 secs] 
1956.429: [GC (Allocation Failure) [PSYoungGen: 324685K->38002K(465920K)] 1276034K->989537K(1469440K), 0.0059930 secs] [Times: user=0.01 sys=0.00, real=0.01 secs] 
1956.699: [GC (Allocation Failure) [PSYoungGen: 270962K->183819K(465920K)] 1222497K->1136607K(1469440K), 0.0208794 secs] [Times: user=0.03 sys=0.00, real=0.02 secs] 
1956.987: [GC (Allocation Failure) [PSYoungGen: 416779K->184494K(465920K)] 1369567K->1137555K(1469440K), 0.0206943 secs] [Times: user=0.03 sys=0.00, real=0.02 secs] 
1958.179: [GC (Allocation Failure) [PSYoungGen: 409714K->92512K(465920K)] 1362775K->1045838K(1469440K), 0.0128818 secs] [Times: user=0.03 sys=0.00, real=0.01 secs] 
1959.848: [GC (Allocation Failure) [PSYoungGen: 325472K->37748K(465920K)] 1278798K->991380K(1469440K), 0.0077314 secs] [Times: user=0.02 sys=0.00, real=0.01 secs] 
1960.148: [GC (Allocation Failure) [PSYoungGen: 270708K->184751K(465920K)] 1224340K->1139644K(1469440K), 0.0208740 secs] [Times: user=0.03 sys=0.00, real=0.02 secs] 
1960.435: [GC (Allocation Failure) [PSYoungGen: 417711K->184751K(465920K)] 1372604K->1140054K(1469440K), 0.0206548 secs] [Times: user=0.03 sys=0.00, real=0.02 secs] 
1961.395: [GC (Allocation Failure) [PSYoungGen: 407448K->91676K(465920K)] 1362751K->1047252K(1469440K), 0.0119321 secs] [Times: user=0.02 sys=0.00, real=0.01 secs] 
1962.611: [GC (Allocation Failure) [PSYoungGen: 324636K->37845K(465920K)] 1280212K->993598K(1469440K), 0.0092065 secs] [Times: user=0.02 sys=0.00, real=0.01 secs] 
1962.970: [GC (Allocation Failure) [PSYoungGen: 270805K->184719K(465920K)] 1226558K->1141854K(1469440K), 0.0210589 secs] [Times: user=0.04 sys=0.00, real=0.02 secs] 
1963.314: [GC (Allocation Failure) [PSYoungGen: 417679K->184687K(465920K)] 1374814K->1141967K(1469440K), 0.0210359 secs] [Times: user=0.03 sys=0.00, real=0.02 secs] 
1964.861: [GC (Allocation Failure) [PSYoungGen: 407253K->91516K(465920K)] 1364533K->1049069K(1469440K), 0.0125596 secs] [Times: user=0.02 sys=0.00, real=0.02 secs] 
1966.325: [GC (Allocation Failure) [PSYoungGen: 324476K->37716K(465920K)] 1282029K->995571K(1469440K), 0.0084794 secs] [Times: user=0.03 sys=0.00, real=0.01 secs] 
1966.647: [GC (Allocation Failure) [PSYoungGen: 270676K->183948K(465920K)] 1228531K->1143056K(1469440K), 0.0207760 secs] [Times: user=0.03 sys=0.00, real=0.02 secs] 
1966.930: [GC (Allocation Failure) [PSYoungGen: 416908K->184398K(465920K)] 1376016K->1143908K(1469440K), 0.0207424 secs] [Times: user=0.03 sys=0.00, real=0.02 secs] 
1968.151: [GC (Allocation Failure) [PSYoungGen: 409753K->92672K(465920K)] 1369264K->1052319K(1469440K), 0.0262997 secs] [Times: user=0.06 sys=0.00, real=0.03 secs] 
1969.734: [GC (Allocation Failure) [PSYoungGen: 325632K->37877K(465920K)] 1285279K->997837K(1469440K), 0.0071842 secs] [Times: user=0.02 sys=0.00, real=0.00 secs] 
1970.017: [GC (Allocation Failure) [PSYoungGen: 270837K->184719K(465920K)] 1230797K->1145933K(1469440K), 0.0209982 secs] [Times: user=0.03 sys=0.00, real=0.02 secs] 
1970.301: [GC (Allocation Failure) [PSYoungGen: 417679K->184719K(465920K)] 1378893K->1146334K(1469440K), 0.0206880 secs] [Times: user=0.03 sys=0.00, real=0.02 secs] 
1970.948: [GC (Allocation Failure) [PSYoungGen: 407159K->91467K(465920K)] 1368774K->1053356K(1469440K), 0.0119065 secs] [Times: user=0.02 sys=0.00, real=0.01 secs] 
1972.401: [GC (Allocation Failure) [PSYoungGen: 324427K->37716K(465920K)] 1286316K->999768K(1469440K), 0.0073973 secs] [Times: user=0.02 sys=0.00, real=0.01 secs] 
1972.683: [GC (Allocation Failure) [PSYoungGen: 270676K->184719K(465920K)] 1232728K->1148025K(1469440K), 0.0210841 secs] [Times: user=0.04 sys=0.01, real=0.03 secs] 
1972.971: [GC (Allocation Failure) [PSYoungGen: 417679K->184655K(465920K)] 1380985K->1148234K(1469440K), 0.0208108 secs] [Times: user=0.03 sys=0.00, real=0.02 secs] 
1974.589: [GC (Allocation Failure) [PSYoungGen: 407205K->91612K(465920K)] 1370784K->1055472K(1469440K), 0.0208877 secs] [Times: user=0.05 sys=0.00, real=0.02 secs] 
1976.412: [GC (Allocation Failure) [PSYoungGen: 324572K->37588K(465920K)] 1288432K->1001756K(1469440K), 0.0083338 secs] [Times: user=0.02 sys=0.00, real=0.01 secs] 
1976.719: [GC (Allocation Failure) [PSYoungGen: 270548K->183851K(465920K)] 1234716K->1149273K(1469440K), 0.0208229 secs] [Times: user=0.03 sys=0.00, real=0.02 secs] 
1977.004: [GC (Allocation Failure) [PSYoungGen: 416811K->184430K(465920K)] 1382233K->1150124K(1469440K), 0.0206278 secs] [Times: user=0.03 sys=0.00, real=0.02 secs] 
1979.129: [GC (Allocation Failure) [PSYoungGen: 409659K->92865K(465920K)] 1375354K->1058825K(1469440K), 0.0277469 secs] [Times: user=0.07 sys=0.00, real=0.03 secs] 
1980.826: [GC (Allocation Failure) [PSYoungGen: 325825K->37845K(465920K)] 1291785K->1004110K(1469440K), 0.0079244 secs] [Times: user=0.02 sys=0.00, real=0.01 secs] 
1981.127: [GC (Allocation Failure) [PSYoungGen: 270805K->184719K(465920K)] 1237070K->1152246K(1469440K), 0.0209664 secs] [Times: user=0.04 sys=0.00, real=0.02 secs] 
1981.412: [GC (Allocation Failure) [PSYoungGen: 417679K->184655K(465920K)] 1385206K->1152583K(1469440K), 0.0209144 secs] [Times: user=0.03 sys=0.00, real=0.03 secs] 
1982.264: [GC (Allocation Failure) [PSYoungGen: 407095K->91435K(465920K)] 1375024K->1059637K(1469440K), 0.0127486 secs] [Times: user=0.03 sys=0.00, real=0.01 secs] 
1983.833: [GC (Allocation Failure) [PSYoungGen: 324395K->37588K(465920K)] 1292597K->1005967K(1469440K), 0.0075286 secs] [Times: user=0.02 sys=0.00, real=0.00 secs] 
1984.123: [GC (Allocation Failure) [PSYoungGen: 270548K->183819K(465920K)] 1238927K->1153452K(1469440K), 0.0208225 secs] [Times: user=0.03 sys=0.00, real=0.02 secs] 
1984.467: [GC (Allocation Failure) [PSYoungGen: 416779K->184687K(465920K)] 1386412K->1154592K(1469440K), 0.0206932 secs] [Times: user=0.03 sys=0.00, real=0.02 secs] 
1986.589: [GC (Allocation Failure) [PSYoungGen: 410233K->92640K(465920K)] 1380139K->1062811K(1469440K), 0.0203684 secs] [Times: user=0.05 sys=0.00, real=0.02 secs] 
1988.115: [GC (Allocation Failure) [PSYoungGen: 325600K->37973K(465920K)] 1295771K->1008458K(1469440K), 0.0071237 secs] [Times: user=0.02 sys=0.00, real=0.00 secs] 
1988.392: [GC (Allocation Failure) [PSYoungGen: 270933K->184558K(465920K)] 1241418K->1156296K(1469440K), 0.0208692 secs] [Times: user=0.03 sys=0.00, real=0.02 secs] 
1988.675: [GC (Allocation Failure) [PSYoungGen: 417518K->184301K(465920K)] 1389256K->1156312K(1469440K), 0.0206410 secs] [Times: user=0.03 sys=0.00, real=0.02 secs] 
1989.633: [GC (Allocation Failure) [PSYoungGen: 406655K->91885K(465920K)] 1378666K->1064169K(1469440K), 0.0121030 secs] [Times: user=0.03 sys=0.00, real=0.02 secs] 
1990.969: [GC (Allocation Failure) [PSYoungGen: 324845K->37845K(465920K)] 1297129K->1010439K(1469440K), 0.0093317 secs] [Times: user=0.02 sys=0.00, real=0.01 secs] 
1991.298: [GC (Allocation Failure) [PSYoungGen: 270805K->184976K(465920K)] 1243399K->1158824K(1469440K), 0.0210435 secs] [Times: user=0.03 sys=0.00, real=0.02 secs] 
1991.585: [GC (Allocation Failure) [PSYoungGen: 417936K->184301K(465920K)] 1391784K->1158422K(1469440K), 0.0206553 secs] [Times: user=0.03 sys=0.00, real=0.02 secs] 
1992.214: [GC (Allocation Failure) [PSYoungGen: 407154K->91628K(465920K)] 1381275K->1066142K(1469440K), 0.0130019 secs] [Times: user=0.03 sys=0.00, real=0.01 secs] 
1993.010: [GC (Allocation Failure) [PSYoungGen: 324588K->37973K(465920K)] 1299102K->1012681K(1469440K), 0.0059382 secs] [Times: user=0.02 sys=0.00, real=0.01 secs] 
1993.277: [GC (Allocation Failure) [PSYoungGen: 270933K->183787K(465920K)] 1245641K->1159748K(1469440K), 0.0208256 secs] [Times: user=0.03 sys=0.00, real=0.02 secs] 
1993.563: [GC (Allocation Failure) [PSYoungGen: 416747K->184590K(465920K)] 1392708K->1160824K(1469440K), 0.0207823 secs] [Times: user=0.03 sys=0.00, real=0.02 secs] 
1994.910: [GC (Allocation Failure) [PSYoungGen: 409662K->92383K(465920K)] 1385896K->1069019K(1469440K), 0.0181287 secs] [Times: user=0.04 sys=0.00, real=0.02 secs] 
1997.700: [GC (Allocation Failure) [PSYoungGen: 325343K->37588K(465920K)] 1301979K->1014393K(1469440K), 0.0088659 secs] [Times: user=0.02 sys=0.00, real=0.01 secs] 
1998.092: [GC (Allocation Failure) [PSYoungGen: 270548K->184719K(465920K)] 1247353K->1162777K(1469440K), 0.0209546 secs] [Times: user=0.03 sys=0.00, real=0.03 secs] 
1998.376: [GC (Allocation Failure) [PSYoungGen: 417679K->184719K(465920K)] 1395737K->1163058K(1469440K), 0.0208085 secs] [Times: user=0.03 sys=0.00, real=0.02 secs] 
1999.448: [GC (Allocation Failure) [PSYoungGen: 407578K->91757K(465920K)] 1385917K->1070377K(1469440K), 0.0132459 secs] [Times: user=0.03 sys=0.00, real=0.01 secs] 
2000.719: [GC (Allocation Failure) [PSYoungGen: 324717K->37716K(465920K)] 1303337K->1016653K(1469440K), 0.0075909 secs] [Times: user=0.01 sys=0.00, real=0.01 secs] 
2001.008: [GC (Allocation Failure) [PSYoungGen: 270676K->184719K(465920K)] 1249613K->1164909K(1469440K), 0.0209886 secs] [Times: user=0.03 sys=0.00, real=0.02 secs] 
2001.292: [GC (Allocation Failure) [PSYoungGen: 417679K->184655K(465920K)] 1397869K->1165118K(1469440K), 0.0206922 secs] [Times: user=0.03 sys=0.00, real=0.03 secs] 
2003.098: [GC (Allocation Failure) [PSYoungGen: 407202K->91644K(465920K)] 1387665K->1072380K(1469440K), 0.0203928 secs] [Times: user=0.05 sys=0.00, real=0.02 secs] 
2004.055: [GC (Allocation Failure) [PSYoungGen: 324604K->38102K(465920K)] 1305340K->1019154K(1469440K), 0.0061591 secs] [Times: user=0.01 sys=0.00, real=0.00 secs] 
2004.379: [GC (Allocation Failure) [PSYoungGen: 271062K->184687K(465920K)] 1252114K->1167121K(1469440K), 0.0209308 secs] [Times: user=0.03 sys=0.00, real=0.02 secs] 
2004.729: [GC (Allocation Failure) [PSYoungGen: 417647K->184687K(465920K)] 1400081K->1167265K(1469440K), 0.0209532 secs] [Times: user=0.03 sys=0.00, real=0.02 secs] 
2006.767: [GC (Allocation Failure) [PSYoungGen: 407121K->91242K(465920K)] 1389700K->1074086K(1469440K), 0.0217252 secs] [Times: user=0.05 sys=0.00, real=0.02 secs] 
2008.470: [GC (Allocation Failure) [PSYoungGen: 324202K->37973K(465920K)] 1307046K->1021124K(1469440K), 0.0083699 secs] [Times: user=0.02 sys=0.00, real=0.01 secs] 
2008.858: [GC (Allocation Failure) [PSYoungGen: 270933K->184719K(465920K)] 1254084K->1169124K(1469440K), 0.0207782 secs] [Times: user=0.03 sys=0.00, real=0.02 secs] 
2009.141: [GC (Allocation Failure) [PSYoungGen: 417679K->184687K(465920K)] 1402084K->1169365K(1469440K), 0.0207268 secs] [Times: user=0.03 sys=0.00, real=0.02 secs] 
2010.178: [GC (Allocation Failure) [PSYoungGen: 407268K->91387K(465920K)] 1391946K->1076338K(1469440K), 0.0132325 secs] [Times: user=0.03 sys=0.00, real=0.01 secs] 
2011.189: [GC (Allocation Failure) [PSYoungGen: 324347K->37973K(465920K)] 1309298K->1023240K(1469440K), 0.0071495 secs] [Times: user=0.02 sys=0.00, real=0.01 secs] 
2011.535: [GC (Allocation Failure) [PSYoungGen: 270933K->183916K(465920K)] 1256200K->1170428K(1469440K), 0.0208831 secs] [Times: user=0.03 sys=0.00, real=0.02 secs] 
2011.886: [GC (Allocation Failure) [PSYoungGen: 416876K->184815K(465920K)] 1403388K->1171609K(1469440K), 0.0208871 secs] [Times: user=0.03 sys=0.00, real=0.02 secs] 
2013.514: [GC (Allocation Failure) [PSYoungGen: 410134K->91982K(465920K)] 1396927K->1079169K(1469440K), 0.0261078 secs] [Times: user=0.06 sys=0.00, real=0.02 secs] 
2015.087: [GC (Allocation Failure) [PSYoungGen: 324942K->37716K(465920K)] 1312129K->1025074K(1469440K), 0.0074944 secs] [Times: user=0.02 sys=0.00, real=0.01 secs] 
2015.379: [GC (Allocation Failure) [PSYoungGen: 270676K->184173K(465920K)] 1258034K->1172776K(1469440K), 0.0206389 secs] [Times: user=0.03 sys=0.00, real=0.02 secs] 
2015.663: [GC (Allocation Failure) [PSYoungGen: 417133K->184590K(465920K)] 1405736K->1173467K(1469440K), 0.0206700 secs] [Times: user=0.03 sys=0.00, real=0.02 secs] 
2016.528: [GC (Allocation Failure) [PSYoungGen: 408173K->92287K(465920K)] 1397050K->1081428K(1469440K), 0.0121835 secs] [Times: user=0.02 sys=0.00, real=0.01 secs] 
2017.410: [GC (Allocation Failure) [PSYoungGen: 325247K->38005K(465920K)] 1314388K->1027455K(1469440K), 0.0063640 secs] [Times: user=0.01 sys=0.00, real=0.01 secs] 
2017.680: [GC (Allocation Failure) [PSYoungGen: 270965K->184462K(465920K)] 1260415K->1175165K(1469440K), 0.0207264 secs] [Times: user=0.03 sys=0.00, real=0.02 secs] 
2017.969: [GC (Allocation Failure) [PSYoungGen: 417422K->184558K(465920K)] 1408125K->1175542K(1469440K), 0.0206815 secs] [Times: user=0.03 sys=0.00, real=0.02 secs] 
2018.670: [GC (Allocation Failure) [PSYoungGen: 407103K->91693K(465920K)] 1398087K->1082950K(1469440K), 0.0122975 secs] [Times: user=0.02 sys=0.01, real=0.01 secs] 
2020.098: [GC (Allocation Failure) [PSYoungGen: 324653K->37620K(465920K)] 1315910K->1029187K(1469440K), 0.0077079 secs] [Times: user=0.02 sys=0.01, real=0.01 secs] 
2020.388: [GC (Allocation Failure) [PSYoungGen: 270580K->184847K(465920K)] 1262147K->1177668K(1469440K), 0.0207809 secs] [Times: user=0.03 sys=0.00, real=0.02 secs] 
2020.671: [GC (Allocation Failure) [PSYoungGen: 417807K->184044K(465920K)] 1410628K->1177266K(1469440K), 0.0206953 secs] [Times: user=0.03 sys=0.00, real=0.02 secs] 
2022.659: [GC (Allocation Failure) [PSYoungGen: 407945K->92239K(465920K)] 1401167K->1085606K(1469440K), 0.0185677 secs] [Times: user=0.04 sys=0.00, real=0.02 secs] 
2025.354: [GC (Allocation Failure) [PSYoungGen: 325199K->38102K(465920K)] 1318566K->1031769K(1469440K), 0.0079478 secs] [Times: user=0.02 sys=0.00, real=0.00 secs] 
2025.728: [GC (Allocation Failure) [PSYoungGen: 271062K->183787K(465920K)] 1264729K->1178700K(1469440K), 0.0209804 secs] [Times: user=0.03 sys=0.00, real=0.02 secs] 
2026.012: [GC (Allocation Failure) [PSYoungGen: 416747K->184526K(465920K)] 1411660K->1179712K(1469440K), 0.0207579 secs] [Times: user=0.03 sys=0.00, real=0.02 secs] 
2027.220: [GC (Allocation Failure) [PSYoungGen: 409986K->92255K(465920K)] 1405172K->1087705K(1469440K), 0.0147307 secs] [Times: user=0.04 sys=0.00, real=0.02 secs] 
2029.262: [GC (Allocation Failure) [PSYoungGen: 325215K->37716K(465920K)] 1320665K->1033489K(1469440K), 0.0084462 secs] [Times: user=0.03 sys=0.00, real=0.01 secs] 
2029.574: [GC (Allocation Failure) [PSYoungGen: 270676K->184237K(465920K)] 1266449K->1181255K(1469440K), 0.0207221 secs] [Times: user=0.03 sys=0.00, real=0.02 secs] 
2029.914: [GC (Allocation Failure) [PSYoungGen: 417197K->184944K(465920K)] 1414215K->1182243K(1469440K), 0.0205969 secs] [Times: user=0.03 sys=0.00, real=0.02 secs] 
2031.310: [GC (Allocation Failure) [PSYoungGen: 407653K->91933K(465920K)] 1404952K->1089505K(1469440K), 0.0144768 secs] [Times: user=0.03 sys=0.00, real=0.02 secs] 
2032.299: [GC (Allocation Failure) [PSYoungGen: 324893K->37845K(465920K)] 1322465K->1035723K(1469440K), 0.0059816 secs] [Times: user=0.02 sys=0.00, real=0.01 secs] 
2032.568: [GC (Allocation Failure) [PSYoungGen: 270805K->184301K(465920K)] 1268683K->1183561K(1469440K), 0.0206804 secs] [Times: user=0.03 sys=0.00, real=0.02 secs] 
2032.852: [GC (Allocation Failure) [PSYoungGen: 417261K->184590K(465920K)] 1416521K->1183995K(1469440K), 0.0208239 secs] [Times: user=0.03 sys=0.00, real=0.03 secs] 
2034.501: [GC (Allocation Failure) [PSYoungGen: 409755K->91982K(465920K)] 1409160K->1091667K(1469440K), 0.0130659 secs] [Times: user=0.03 sys=0.00, real=0.02 secs] 
2035.881: [GC (Allocation Failure) [PSYoungGen: 324942K->37745K(465920K)] 1324627K->1037729K(1469440K), 0.0067151 secs] [Times: user=0.02 sys=0.00, real=0.01 secs] 
2036.209: [GC (Allocation Failure) [PSYoungGen: 270705K->184687K(465920K)] 1270689K->1186052K(1469440K), 0.0208675 secs] [Times: user=0.03 sys=0.00, real=0.02 secs] 
2036.494: [GC (Allocation Failure) [PSYoungGen: 417647K->184719K(465920K)] 1419012K->1186237K(1469440K), 0.0212856 secs] [Times: user=0.03 sys=0.00, real=0.02 secs] 
2038.155: [GC (Allocation Failure) [PSYoungGen: 407529K->91580K(465920K)] 1409047K->1093363K(1469440K), 0.0275301 secs] [Times: user=0.06 sys=0.00, real=0.03 secs] 
2039.696: [GC (Allocation Failure) [PSYoungGen: 324540K->37845K(465920K)] 1326323K->1039927K(1469440K), 0.0075308 secs] [Times: user=0.02 sys=0.00, real=0.01 secs] 
2039.704: [Full GC (Ergonomics) [PSYoungGen: 37845K->0K(465920K)] [ParOldGen: 1002082K->418612K(891904K)] 1039927K->418612K(1357824K), [Metaspace: 56415K->56291K(1101824K)], 0.0616490 secs] [Times: user=0.20 sys=0.00, real=0.06 secs] 
2040.048: [GC (Allocation Failure) [PSYoungGen: 232960K->184719K(465920K)] 651572K->603331K(1357824K), 0.0200820 secs] [Times: user=0.03 sys=0.00, real=0.02 secs] 
2040.387: [GC (Allocation Failure) [PSYoungGen: 417679K->184687K(465920K)] 836291K->603476K(1357824K), 0.0199420 secs] [Times: user=0.03 sys=0.00, real=0.02 secs] 
2041.618: [GC (Allocation Failure) [PSYoungGen: 407248K->91452K(465920K)] 826038K->510514K(1357824K), 0.0198347 secs] [Times: user=0.04 sys=0.00, real=0.02 secs] 
2043.598: [GC (Allocation Failure) [PSYoungGen: 324412K->37716K(465920K)] 743474K->457086K(1357824K), 0.0066561 secs] [Times: user=0.01 sys=0.00, real=0.01 secs] 
2043.893: [GC (Allocation Failure) [PSYoungGen: 270676K->183819K(465920K)] 690046K->604443K(1357824K), 0.0199189 secs] [Times: user=0.02 sys=0.00, real=0.02 secs] 
2044.185: [GC (Allocation Failure) [PSYoungGen: 416779K->184687K(465920K)] 837403K->605583K(1357824K), 0.0200820 secs] [Times: user=0.02 sys=0.00, real=0.02 secs] 
2044.961: [GC (Allocation Failure) [PSYoungGen: 410115K->92544K(465920K)] 831012K->513705K(1357824K), 0.0116726 secs] [Times: user=0.03 sys=0.00, real=0.01 secs] 
2046.019: [GC (Allocation Failure) [PSYoungGen: 325504K->37973K(465920K)] 746665K->459457K(1357824K), 0.0063467 secs] [Times: user=0.01 sys=0.00, real=0.01 secs] 
2046.307: [GC (Allocation Failure) [PSYoungGen: 270933K->184462K(465920K)] 692417K->607191K(1357824K), 0.0199764 secs] [Times: user=0.02 sys=0.00, real=0.02 secs] 
2046.592: [GC (Allocation Failure) [PSYoungGen: 417422K->184815K(465920K)] 840151K->607817K(1357824K), 0.0205161 secs] [Times: user=0.02 sys=0.00, real=0.03 secs] 
2048.160: [GC (Allocation Failure) [PSYoungGen: 407223K->91516K(465920K)] 830225K->514919K(1357824K), 0.0157648 secs] [Times: user=0.02 sys=0.00, real=0.02 secs] 
2049.292: [GC (Allocation Failure) [PSYoungGen: 324476K->37845K(465920K)] 747879K->461417K(1357824K), 0.0061404 secs] [Times: user=0.02 sys=0.00, real=0.01 secs] 
2049.569: [GC (Allocation Failure) [PSYoungGen: 270805K->183883K(465920K)] 694377K->608709K(1357824K), 0.0198671 secs] [Times: user=0.03 sys=0.00, real=0.02 secs] 
2049.852: [GC (Allocation Failure) [PSYoungGen: 416843K->184366K(465920K)] 841669K->609481K(1357824K), 0.0198699 secs] [Times: user=0.02 sys=0.00, real=0.02 secs] 
2051.273: [GC (Allocation Failure) [PSYoungGen: 409725K->92608K(465920K)] 834841K->517997K(1357824K), 0.0131196 secs] [Times: user=0.03 sys=0.00, real=0.01 secs] 
2053.139: [GC (Allocation Failure) [PSYoungGen: 325568K->37299K(465920K)] 750957K->462995K(1357824K), 0.0065379 secs] [Times: user=0.01 sys=0.00, real=0.01 secs] 
2053.502: [GC (Allocation Failure) [PSYoungGen: 270259K->183916K(465920K)] 695955K->610857K(1357824K), 0.0198737 secs] [Times: user=0.03 sys=0.00, real=0.02 secs] 
2053.792: [GC (Allocation Failure) [PSYoungGen: 416876K->184815K(465920K)] 843817K->612030K(1357824K), 0.0200604 secs] [Times: user=0.03 sys=0.00, real=0.02 secs] 
2055.216: [GC (Allocation Failure) [PSYoungGen: 410358K->92640K(465920K)] 837573K->520120K(1357824K), 0.0233382 secs] [Times: user=0.04 sys=0.00, real=0.02 secs] 
2057.176: [GC (Allocation Failure) [PSYoungGen: 325600K->37588K(465920K)] 753080K->465368K(1357824K), 0.0078149 secs] [Times: user=0.02 sys=0.00, real=0.01 secs] 
2057.500: [GC (Allocation Failure) [PSYoungGen: 270548K->184044K(465920K)] 698328K->613070K(1357824K), 0.0199249 secs] [Times: user=0.02 sys=0.00, real=0.02 secs] 
2057.783: [GC (Allocation Failure) [PSYoungGen: 417004K->184590K(465920K)] 846030K->613889K(1357824K), 0.0198352 secs] [Times: user=0.03 sys=0.00, real=0.02 secs] 
2058.832: [GC (Allocation Failure) [PSYoungGen: 409783K->92512K(465920K)] 839082K->522083K(1357824K), 0.0110725 secs] [Times: user=0.02 sys=0.00, real=0.02 secs] 
2059.641: [GC (Allocation Failure) [PSYoungGen: 325472K->38037K(465920K)] 755043K->467923K(1357824K), 0.0052284 secs] [Times: user=0.01 sys=0.00, real=0.01 secs] 
2059.909: [GC (Allocation Failure) [PSYoungGen: 270997K->184719K(465920K)] 700883K->615866K(1357824K), 0.0199786 secs] [Times: user=0.03 sys=0.00, real=0.02 secs] 
2060.192: [GC (Allocation Failure) [PSYoungGen: 417679K->184687K(465920K)] 848826K->616107K(1357824K), 0.0199165 secs] [Times: user=0.02 sys=0.00, real=0.02 secs] 
2061.263: [GC (Allocation Failure) [PSYoungGen: 407249K->91323K(465920K)] 838669K->523008K(1357824K), 0.0104126 secs] [Times: user=0.02 sys=0.00, real=0.01 secs] 
2062.436: [GC (Allocation Failure) [PSYoungGen: 324283K->37520K(465920K)] 755968K->469513K(1357824K), 0.0051681 secs] [Times: user=0.01 sys=0.00, real=0.00 secs] 
2062.775: [GC (Allocation Failure) [PSYoungGen: 270480K->183787K(465920K)] 702473K->617025K(1357824K), 0.0198834 secs] [Times: user=0.02 sys=0.00, real=0.02 secs] 
2063.057: [GC (Allocation Failure) [PSYoungGen: 416747K->184430K(465920K)] 849985K->617941K(1357824K), 0.0198960 secs] [Times: user=0.03 sys=0.00, real=0.02 secs] 
2063.766: [GC (Allocation Failure) [PSYoungGen: 409738K->93042K(465920K)] 843250K->526826K(1357824K), 0.0128580 secs] [Times: user=0.03 sys=0.00, real=0.01 secs] 
2065.317: [GC (Allocation Failure) [PSYoungGen: 326002K->37427K(465920K)] 759786K->471527K(1357824K), 0.0060627 secs] [Times: user=0.02 sys=0.00, real=0.00 secs] 
2065.670: [GC (Allocation Failure) [PSYoungGen: 270387K->184076K(465920K)] 704487K->619422K(1357824K), 0.0199855 secs] [Times: user=0.02 sys=0.00, real=0.02 secs] 
2065.953: [GC (Allocation Failure) [PSYoungGen: 417036K->184526K(465920K)] 852382K->620274K(1357824K), 0.0201822 secs] [Times: user=0.02 sys=0.00, real=0.03 secs] 
2066.979: [GC (Allocation Failure) [PSYoungGen: 409840K->92640K(465920K)] 845587K->528524K(1357824K), 0.0121671 secs] [Times: user=0.02 sys=0.00, real=0.01 secs] 
2068.526: [GC (Allocation Failure) [PSYoungGen: 325600K->37845K(465920K)] 761484K->474042K(1357824K), 0.0063545 secs] [Times: user=0.01 sys=0.00, real=0.00 secs] 
2068.820: [GC (Allocation Failure) [PSYoungGen: 270805K->184687K(465920K)] 707002K->622138K(1357824K), 0.0200600 secs] [Times: user=0.02 sys=0.00, real=0.02 secs] 
2069.161: [GC (Allocation Failure) [PSYoungGen: 417647K->184719K(465920K)] 855098K->622451K(1357824K), 0.0200308 secs] [Times: user=0.03 sys=0.00, real=0.02 secs] 
2070.525: [GC (Allocation Failure) [PSYoungGen: 407321K->91548K(465920K)] 845053K->529553K(1357824K), 0.0140897 secs] [Times: user=0.03 sys=0.00, real=0.01 secs] 
2072.250: [GC (Allocation Failure) [PSYoungGen: 324508K->37556K(465920K)] 762513K->475867K(1357824K), 0.0063583 secs] [Times: user=0.01 sys=0.00, real=0.01 secs] 
2072.618: [GC (Allocation Failure) [PSYoungGen: 270516K->184687K(465920K)] 708827K->624243K(1357824K), 0.0201050 secs] [Times: user=0.02 sys=0.00, real=0.02 secs] 
2072.902: [GC (Allocation Failure) [PSYoungGen: 417647K->184687K(465920K)] 857203K->624516K(1357824K), 0.0200154 secs] [Times: user=0.03 sys=0.00, real=0.02 secs] 
2073.586: [GC (Allocation Failure) [PSYoungGen: 407497K->91773K(465920K)] 847327K->531875K(1357824K), 0.0113636 secs] [Times: user=0.02 sys=0.00, real=0.01 secs] 
2075.137: [GC (Allocation Failure) [PSYoungGen: 324733K->37716K(465920K)] 764835K->478127K(1357824K), 0.0063295 secs] [Times: user=0.02 sys=0.00, real=0.01 secs] 
2075.425: [GC (Allocation Failure) [PSYoungGen: 270676K->183916K(465920K)] 711087K->625572K(1357824K), 0.0198825 secs] [Times: user=0.02 sys=0.00, real=0.02 secs] 
2075.713: [GC (Allocation Failure) [PSYoungGen: 416876K->184462K(465920K)] 858532K->626391K(1357824K), 0.0198947 secs] [Times: user=0.03 sys=0.00, real=0.02 secs] 
2077.362: [GC (Allocation Failure) [PSYoungGen: 409807K->92608K(465920K)] 851737K->534803K(1357824K), 0.0183680 secs] [Times: user=0.03 sys=0.00, real=0.02 secs] 
2079.400: [GC (Allocation Failure) [PSYoungGen: 325568K->38005K(465920K)] 767763K->480497K(1357824K), 0.0070806 secs] [Times: user=0.01 sys=0.00, real=0.01 secs] 
2079.704: [GC (Allocation Failure) [PSYoungGen: 270965K->184719K(465920K)] 713457K->628601K(1357824K), 0.0200410 secs] [Times: user=0.02 sys=0.00, real=0.02 secs] 
2079.992: [GC (Allocation Failure) [PSYoungGen: 417679K->184751K(465920K)] 861561K->628906K(1357824K), 0.0200322 secs] [Times: user=0.03 sys=0.00, real=0.02 secs] 
2081.233: [GC (Allocation Failure) [PSYoungGen: 407193K->91323K(465920K)] 851349K->535743K(1357824K), 0.0242021 secs] [Times: user=0.05 sys=0.00, real=0.03 secs] 
2082.268: [GC (Allocation Failure) [PSYoungGen: 324283K->38134K(465920K)] 768703K->482739K(1357824K), 0.0055076 secs] [Times: user=0.01 sys=0.00, real=0.01 secs] 
2082.597: [GC (Allocation Failure) [PSYoungGen: 271094K->184719K(465920K)] 715699K->630578K(1357824K), 0.0202690 secs] [Times: user=0.02 sys=0.01, real=0.02 secs] 
2082.880: [GC (Allocation Failure) [PSYoungGen: 417679K->184655K(465920K)] 863538K->630787K(1357824K), 0.0201759 secs] [Times: user=0.03 sys=0.00, real=0.02 secs] 
2083.493: [GC (Allocation Failure) [PSYoungGen: 407083K->91178K(465920K)] 853215K->537584K(1357824K), 0.0119689 secs] [Times: user=0.02 sys=0.00, real=0.01 secs] 
2084.381: [GC (Allocation Failure) [PSYoungGen: 324138K->38002K(465920K)] 770544K->484721K(1357824K), 0.0061442 secs] [Times: user=0.01 sys=0.00, real=0.01 secs] 
2084.655: [GC (Allocation Failure) [PSYoungGen: 270962K->183948K(465920K)] 717681K->631912K(1357824K), 0.0201026 secs] [Times: user=0.02 sys=0.00, real=0.02 secs] 
2084.944: [GC (Allocation Failure) [PSYoungGen: 416908K->184847K(465920K)] 864872K->633085K(1357824K), 0.0227942 secs] [Times: user=0.03 sys=0.00, real=0.02 secs] 
2085.573: [GC (Allocation Failure) [PSYoungGen: 405537K->91982K(465920K)] 853775K->540621K(1357824K), 0.0109779 secs] [Times: user=0.02 sys=0.00, real=0.02 secs] 
2086.424: [GC (Allocation Failure) [PSYoungGen: 324942K->38005K(465920K)] 773581K->486832K(1357824K), 0.0052866 secs] [Times: user=0.01 sys=0.00, real=0.00 secs] 
2086.694: [GC (Allocation Failure) [PSYoungGen: 270965K->184558K(465920K)] 719792K->634623K(1357824K), 0.0200476 secs] [Times: user=0.03 sys=0.00, real=0.02 secs] 
2086.978: [GC (Allocation Failure) [PSYoungGen: 417518K->184269K(465920K)] 867583K->634607K(1357824K), 0.0199227 secs] [Times: user=0.02 sys=0.00, real=0.02 secs] 
2088.754: [GC (Allocation Failure) [PSYoungGen: 409139K->91869K(465920K)] 859477K->542480K(1357824K), 0.0246854 secs] [Times: user=0.05 sys=0.01, real=0.02 secs] 
2090.335: [GC (Allocation Failure) [PSYoungGen: 324829K->37909K(465920K)] 775440K->488819K(1357824K), 0.0052728 secs] [Times: user=0.01 sys=0.00, real=0.00 secs] 
2090.661: [GC (Allocation Failure) [PSYoungGen: 270869K->184173K(465920K)] 721779K->636337K(1357824K), 0.0201594 secs] [Times: user=0.03 sys=0.00, real=0.02 secs] 
2090.997: [GC (Allocation Failure) [PSYoungGen: 417133K->184590K(465920K)] 869297K->637027K(1357824K), 0.0200494 secs] [Times: user=0.03 sys=0.00, real=0.02 secs] 
2092.164: [GC (Allocation Failure) [PSYoungGen: 407654K->92094K(465920K)] 860091K->544805K(1357824K), 0.0120157 secs] [Times: user=0.02 sys=0.00, real=0.01 secs] 
2093.803: [GC (Allocation Failure) [PSYoungGen: 325054K->37427K(465920K)] 777765K->490427K(1357824K), 0.0061832 secs] [Times: user=0.01 sys=0.00, real=0.01 secs] 
2094.088: [GC (Allocation Failure) [PSYoungGen: 270387K->184430K(465920K)] 723387K->638675K(1357824K), 0.0199745 secs] [Times: user=0.03 sys=0.00, real=0.02 secs] 
2094.372: [GC (Allocation Failure) [PSYoungGen: 417390K->184526K(465920K)] 871635K->639053K(1357824K), 0.0201121 secs] [Times: user=0.02 sys=0.00, real=0.02 secs] 
2095.926: [GC (Allocation Failure) [PSYoungGen: 408092K->92287K(465920K)] 862619K->547078K(1357824K), 0.0143185 secs] [Times: user=0.03 sys=0.00, real=0.01 secs] 
2097.735: [GC (Allocation Failure) [PSYoungGen: 325247K->37328K(465920K)] 780038K->492427K(1357824K), 0.0059824 secs] [Times: user=0.01 sys=0.00, real=0.00 secs] 
2098.094: [GC (Allocation Failure) [PSYoungGen: 270288K->184687K(465920K)] 725387K->641040K(1357824K), 0.0200505 secs] [Times: user=0.03 sys=0.00, real=0.02 secs] 
2098.376: [GC (Allocation Failure) [PSYoungGen: 417647K->184912K(465920K)] 874000K->641538K(1357824K), 0.0201957 secs] [Times: user=0.03 sys=0.00, real=0.02 secs] 
2099.822: [GC (Allocation Failure) [PSYoungGen: 407468K->91757K(465920K)] 864095K->548656K(1357824K), 0.0185199 secs] [Times: user=0.03 sys=0.00, real=0.02 secs] 
2102.965: [GC (Allocation Failure) [PSYoungGen: 324717K->37684K(465920K)] 781616K->494897K(1357824K), 0.0073355 secs] [Times: user=0.02 sys=0.01, real=0.00 secs] 
2103.287: [GC (Allocation Failure) [PSYoungGen: 270644K->186357K(465920K)] 727857K->644816K(1357824K), 0.0202451 secs] [Times: user=0.03 sys=0.00, real=0.02 secs] 
2103.570: [GC (Allocation Failure) [PSYoungGen: 419317K->184301K(465920K)] 877776K->643033K(1357824K), 0.0201236 secs] [Times: user=0.03 sys=0.00, real=0.02 secs] 
2104.271: [GC (Allocation Failure) [PSYoungGen: 405950K->90327K(465920K)] 864682K->549331K(1357824K), 0.0116565 secs] [Times: user=0.03 sys=0.00, real=0.02 secs] 
2105.691: [GC (Allocation Failure) [PSYoungGen: 323287K->37684K(465920K)] 782291K->496994K(1357824K), 0.0075014 secs] [Times: user=0.01 sys=0.00, real=0.01 secs] 
2106.042: [GC (Allocation Failure) [PSYoungGen: 270644K->184205K(465920K)] 729954K->644753K(1357824K), 0.0200396 secs] [Times: user=0.02 sys=0.00, real=0.02 secs] 
2106.381: [GC (Allocation Failure) [PSYoungGen: 417165K->184044K(465920K)] 877713K->644865K(1357824K), 0.0200593 secs] [Times: user=0.03 sys=0.00, real=0.02 secs] 
2107.987: [GC (Allocation Failure) [PSYoungGen: 408133K->92753K(465920K)] 868954K->553847K(1357824K), 0.0242360 secs] [Times: user=0.05 sys=0.00, real=0.02 secs] 
2109.762: [GC (Allocation Failure) [PSYoungGen: 325713K->37748K(465920K)] 786807K->499156K(1357824K), 0.0085797 secs] [Times: user=0.02 sys=0.00, real=0.01 secs] 
2110.178: [GC (Allocation Failure) [PSYoungGen: 270708K->184462K(465920K)] 732116K->647252K(1357824K), 0.0200218 secs] [Times: user=0.03 sys=0.00, real=0.02 secs] 
2110.460: [GC (Allocation Failure) [PSYoungGen: 417422K->184526K(465920K)] 880212K->647461K(1357824K), 0.0201300 secs] [Times: user=0.03 sys=0.00, real=0.02 secs] 
2112.072: [GC (Allocation Failure) [PSYoungGen: 407571K->91966K(465920K)] 870505K->555173K(1357824K), 0.0186793 secs] [Times: user=0.03 sys=0.00, real=0.02 secs] 
2114.355: [GC (Allocation Failure) [PSYoungGen: 324926K->37684K(465920K)] 788133K->501191K(1357824K), 0.0074183 secs] [Times: user=0.02 sys=0.00, real=0.00 secs] 
2114.670: [GC (Allocation Failure) [PSYoungGen: 270644K->184462K(465920K)] 734151K->649351K(1357824K), 0.0201176 secs] [Times: user=0.02 sys=0.00, real=0.02 secs] 
2114.953: [GC (Allocation Failure) [PSYoungGen: 417422K->184558K(465920K)] 882311K->649592K(1357824K), 0.0200402 secs] [Times: user=0.03 sys=0.00, real=0.02 secs] 
2116.916: [GC (Allocation Failure) [PSYoungGen: 407610K->92030K(465920K)] 872644K->557337K(1357824K), 0.0120767 secs] [Times: user=0.02 sys=0.00, real=0.01 secs] 
2119.483: [GC (Allocation Failure) [PSYoungGen: 324990K->38134K(465920K)] 790297K->503754K(1357824K), 0.0059507 secs] [Times: user=0.01 sys=0.00, real=0.00 secs] 
2119.762: [GC (Allocation Failure) [PSYoungGen: 271094K->184462K(465920K)] 736714K->651336K(1357824K), 0.0199937 secs] [Times: user=0.02 sys=0.00, real=0.02 secs] 
2120.054: [GC (Allocation Failure) [PSYoungGen: 417422K->184622K(465920K)] 884296K->651777K(1357824K), 0.0201085 secs] [Times: user=0.03 sys=0.00, real=0.02 secs] 
2121.879: [GC (Allocation Failure) [PSYoungGen: 407164K->91612K(465920K)] 874319K->559040K(1357824K), 0.0184481 secs] [Times: user=0.04 sys=0.00, real=0.02 secs] 
2123.529: [GC (Allocation Failure) [PSYoungGen: 324572K->37813K(465920K)] 792000K->505557K(1357824K), 0.0066514 secs] [Times: user=0.01 sys=0.00, real=0.01 secs] 
2123.829: [GC (Allocation Failure) [PSYoungGen: 270773K->184462K(465920K)] 738517K->653451K(1357824K), 0.0200156 secs] [Times: user=0.03 sys=0.00, real=0.02 secs] 
2124.172: [GC (Allocation Failure) [PSYoungGen: 417422K->184269K(465920K)] 886411K->653540K(1357824K), 0.0199987 secs] [Times: user=0.03 sys=0.00, real=0.02 secs] 
2125.244: [GC (Allocation Failure) [PSYoungGen: 409316K->92158K(465920K)] 878587K->561830K(1357824K), 0.0241779 secs] [Times: user=0.05 sys=0.00, real=0.02 secs] 
2126.820: [GC (Allocation Failure) [PSYoungGen: 325118K->37973K(465920K)] 794790K->507833K(1357824K), 0.0063062 secs] [Times: user=0.01 sys=0.00, real=0.01 secs] 
2127.103: [GC (Allocation Failure) [PSYoungGen: 270933K->184687K(465920K)] 740793K->655792K(1357824K), 0.0202535 secs] [Times: user=0.03 sys=0.00, real=0.02 secs] 
2127.443: [GC (Allocation Failure) [PSYoungGen: 417647K->184719K(465920K)] 888752K->656105K(1357824K), 0.0201966 secs] [Times: user=0.02 sys=0.00, real=0.02 secs] 
2128.746: [GC (Allocation Failure) [PSYoungGen: 407276K->91355K(465920K)] 878662K->563006K(1357824K), 0.0161860 secs] [Times: user=0.03 sys=0.00, real=0.01 secs] 
2130.750: [GC (Allocation Failure) [PSYoungGen: 324315K->37877K(465920K)] 795966K->509822K(1357824K), 0.0075874 secs] [Times: user=0.02 sys=0.00, real=0.01 secs] 
2131.142: [GC (Allocation Failure) [PSYoungGen: 270837K->183948K(465920K)] 742782K->657154K(1357824K), 0.0202134 secs] [Times: user=0.02 sys=0.00, real=0.02 secs] 
2131.488: [GC (Allocation Failure) [PSYoungGen: 416908K->184430K(465920K)] 890114K->657909K(1357824K), 0.0201867 secs] [Times: user=0.02 sys=0.00, real=0.02 secs] 
2132.690: [GC (Allocation Failure) [PSYoungGen: 409643K->92496K(465920K)] 883123K->566249K(1357824K), 0.0143603 secs] [Times: user=0.03 sys=0.00, real=0.02 secs] 
2134.212: [GC (Allocation Failure) [PSYoungGen: 325456K->37973K(465920K)] 799209K->512040K(1357824K), 0.0065567 secs] [Times: user=0.02 sys=0.00, real=0.01 secs] 
2134.502: [GC (Allocation Failure) [PSYoungGen: 270933K->184687K(465920K)] 745000K->659999K(1357824K), 0.0199910 secs] [Times: user=0.02 sys=0.00, real=0.02 secs] 
2134.846: [GC (Allocation Failure) [PSYoungGen: 417647K->184687K(465920K)] 892959K->660272K(1357824K), 0.0201593 secs] [Times: user=0.03 sys=0.00, real=0.02 secs] 
2135.978: [GC (Allocation Failure) [PSYoungGen: 407247K->91355K(465920K)] 882832K->567213K(1357824K), 0.0152530 secs] [Times: user=0.03 sys=0.00, real=0.02 secs] 
2137.052: [GC (Allocation Failure) [PSYoungGen: 324315K->38005K(465920K)] 800173K->514177K(1357824K), 0.0053294 secs] [Times: user=0.02 sys=0.00, real=0.01 secs] 
2137.322: [GC (Allocation Failure) [PSYoungGen: 270965K->183916K(465920K)] 747137K->661341K(1357824K), 0.0200717 secs] [Times: user=0.03 sys=0.00, real=0.02 secs] 
2137.611: [GC (Allocation Failure) [PSYoungGen: 416876K->184462K(465920K)] 894301K->662168K(1357824K), 0.0200681 secs] [Times: user=0.03 sys=0.00, real=0.02 secs] 
2138.747: [GC (Allocation Failure) [PSYoungGen: 409674K->92367K(465920K)] 887381K->570347K(1357824K), 0.0236033 secs] [Times: user=0.05 sys=0.00, real=0.02 secs] 
2140.194: [GC (Allocation Failure) [PSYoungGen: 325327K->38037K(465920K)] 803307K->516331K(1357824K), 0.0066167 secs] [Times: user=0.01 sys=0.00, real=0.00 secs] 
2140.549: [GC (Allocation Failure) [PSYoungGen: 270997K->184558K(465920K)] 749291K->664226K(1357824K), 0.0200586 secs] [Times: user=0.03 sys=0.00, real=0.02 secs] 
2140.831: [GC (Allocation Failure) [PSYoungGen: 417518K->184462K(465920K)] 897186K->664282K(1357824K), 0.0201209 secs] [Times: user=0.02 sys=0.00, real=0.02 secs] 
2141.440: [GC (Allocation Failure) [PSYoungGen: 407205K->91741K(465920K)] 887025K->571834K(1357824K), 0.0118033 secs] [Times: user=0.03 sys=0.00, real=0.01 secs] 
2142.847: [GC (Allocation Failure) [PSYoungGen: 324701K->37620K(465920K)] 804794K->518013K(1357824K), 0.0053985 secs] [Times: user=0.01 sys=0.00, real=0.00 secs] 
2143.115: [GC (Allocation Failure) [PSYoungGen: 270580K->184719K(465920K)] 750973K->666494K(1357824K), 0.0201011 secs] [Times: user=0.02 sys=0.00, real=0.02 secs] 
2143.398: [GC (Allocation Failure) [PSYoungGen: 417679K->184687K(465920K)] 899454K->666615K(1357824K), 0.0199932 secs] [Times: user=0.03 sys=0.00, real=0.02 secs] 
2144.320: [GC (Allocation Failure) [PSYoungGen: 407485K->91757K(465920K)] 889413K->573958K(1357824K), 0.0123906 secs] [Times: user=0.03 sys=0.00, real=0.01 secs] 
2145.612: [GC (Allocation Failure) [PSYoungGen: 324717K->38102K(465920K)] 806918K->520618K(1357824K), 0.0062609 secs] [Times: user=0.02 sys=0.00, real=0.01 secs] 
2145.894: [GC (Allocation Failure) [PSYoungGen: 271062K->184173K(465920K)] 753578K->667935K(1357824K), 0.0200952 secs] [Times: user=0.03 sys=0.00, real=0.02 secs] 
2146.178: [GC (Allocation Failure) [PSYoungGen: 417133K->184558K(465920K)] 900895K->668730K(1357824K), 0.0201484 secs] [Times: user=0.02 sys=0.00, real=0.02 secs] 
2146.825: [GC (Allocation Failure) [PSYoungGen: 407161K->91901K(465920K)] 891333K->576217K(1357824K), 0.0111068 secs] [Times: user=0.02 sys=0.00, real=0.01 secs] 
2148.216: [GC (Allocation Failure) [PSYoungGen: 324861K->37520K(465920K)] 809177K->522145K(1357824K), 0.0052571 secs] [Times: user=0.01 sys=0.00, real=0.00 secs] 
2148.544: [GC (Allocation Failure) [PSYoungGen: 270480K->184687K(465920K)] 755105K->670557K(1357824K), 0.0201090 secs] [Times: user=0.03 sys=0.00, real=0.02 secs] 
2148.833: [GC (Allocation Failure) [PSYoungGen: 417647K->184655K(465920K)] 903517K->670798K(1357824K), 0.0202011 secs] [Times: user=0.03 sys=0.00, real=0.02 secs] 
2149.923: [GC (Allocation Failure) [PSYoungGen: 407252K->91885K(465920K)] 893395K->578309K(1357824K), 0.0129171 secs] [Times: user=0.03 sys=0.00, real=0.02 secs] 
2151.883: [GC (Allocation Failure) [PSYoungGen: 324845K->37745K(465920K)] 811269K->524493K(1357824K), 0.0073169 secs] [Times: user=0.01 sys=0.00, real=0.01 secs] 
2152.196: [GC (Allocation Failure) [PSYoungGen: 270705K->184719K(465920K)] 757453K->672704K(1357824K), 0.0203928 secs] [Times: user=0.03 sys=0.00, real=0.02 secs] 
2152.479: [GC (Allocation Failure) [PSYoungGen: 417679K->184751K(465920K)] 905664K->673009K(1357824K), 0.0201848 secs] [Times: user=0.02 sys=0.00, real=0.02 secs] 
2153.320: [GC (Allocation Failure) [PSYoungGen: 407302K->91644K(465920K)] 895560K->580176K(1357824K), 0.0112419 secs] [Times: user=0.02 sys=0.00, real=0.01 secs] 
2154.128: [GC (Allocation Failure) [PSYoungGen: 324604K->38134K(465920K)] 813136K->526983K(1357824K), 0.0054470 secs] [Times: user=0.01 sys=0.00, real=0.01 secs] 
2154.398: [GC (Allocation Failure) [PSYoungGen: 271094K->184076K(465920K)] 759943K->674179K(1357824K), 0.0199653 secs] [Times: user=0.03 sys=0.00, real=0.02 secs] 
2154.681: [GC (Allocation Failure) [PSYoungGen: 417036K->184558K(465920K)] 907139K->674934K(1357824K), 0.0200105 secs] [Times: user=0.03 sys=0.00, real=0.02 secs] 
2155.418: [GC (Allocation Failure) [PSYoungGen: 407540K->91998K(465920K)] 897916K->582639K(1357824K), 0.0109125 secs] [Times: user=0.02 sys=0.00, real=0.01 secs] 
2156.913: [GC (Allocation Failure) [PSYoungGen: 324958K->37874K(465920K)] 815599K->528831K(1357824K), 0.0071320 secs] [Times: user=0.02 sys=0.00, real=0.00 secs] 
2157.222: [GC (Allocation Failure) [PSYoungGen: 270834K->184976K(465920K)] 761791K->677186K(1357824K), 0.0204852 secs] [Times: user=0.03 sys=0.00, real=0.03 secs] 
2157.512: [GC (Allocation Failure) [PSYoungGen: 417936K->184237K(465920K)] 910146K->676849K(1357824K), 0.0199616 secs] [Times: user=0.03 sys=0.00, real=0.02 secs] 
2159.686: [GC (Allocation Failure) [PSYoungGen: 407256K->91773K(465920K)] 899868K->584529K(1357824K), 0.0208728 secs] [Times: user=0.04 sys=0.00, real=0.02 secs] 
2162.016: [GC (Allocation Failure) [PSYoungGen: 324733K->37845K(465920K)] 817489K->530909K(1357824K), 0.0073956 secs] [Times: user=0.01 sys=0.00, real=0.01 secs] 
2162.324: [GC (Allocation Failure) [PSYoungGen: 270805K->184687K(465920K)] 763869K->678997K(1357824K), 0.0201310 secs] [Times: user=0.03 sys=0.00, real=0.02 secs] 
2162.663: [GC (Allocation Failure) [PSYoungGen: 417647K->184623K(465920K)] 911957K->679334K(1357824K), 0.0202319 secs] [Times: user=0.02 sys=0.00, real=0.02 secs] 
2163.713: [GC (Allocation Failure) [PSYoungGen: 407068K->91516K(465920K)] 901780K->586500K(1357824K), 0.0192392 secs] [Times: user=0.03 sys=0.00, real=0.01 secs] 
2165.292: [GC (Allocation Failure) [PSYoungGen: 324476K->37845K(465920K)] 819460K->533017K(1357824K), 0.0067430 secs] [Times: user=0.02 sys=0.00, real=0.01 secs] 
2165.589: [GC (Allocation Failure) [PSYoungGen: 270805K->183916K(465920K)] 765977K->680333K(1357824K), 0.0199181 secs] [Times: user=0.03 sys=0.00, real=0.02 secs] 
2165.872: [GC (Allocation Failure) [PSYoungGen: 416876K->184462K(465920K)] 913293K->681289K(1357824K), 0.0201280 secs] [Times: user=0.03 sys=0.00, real=0.02 secs] 
2166.557: [GC (Allocation Failure) [PSYoungGen: 409689K->92544K(465920K)] 906516K->589644K(1357824K), 0.0112437 secs] [Times: user=0.02 sys=0.00, real=0.01 secs] 
2167.990: [GC (Allocation Failure) [PSYoungGen: 325504K->37716K(465920K)] 822604K->535001K(1357824K), 0.0073953 secs] [Times: user=0.02 sys=0.00, real=0.01 secs] 
2168.307: [GC (Allocation Failure) [PSYoungGen: 270676K->184719K(465920K)] 767961K->683258K(1357824K), 0.0201171 secs] [Times: user=0.02 sys=0.00, real=0.02 secs] 
2168.589: [GC (Allocation Failure) [PSYoungGen: 417679K->184687K(465920K)] 916218K->683499K(1357824K), 0.0200434 secs] [Times: user=0.02 sys=0.00, real=0.02 secs] 
2171.097: [GC (Allocation Failure) [PSYoungGen: 407285K->91612K(465920K)] 906097K->590689K(1357824K), 0.0243615 secs] [Times: user=0.05 sys=0.00, real=0.02 secs] 
2172.938: [GC (Allocation Failure) [PSYoungGen: 324572K->37813K(465920K)] 823649K->537195K(1357824K), 0.0068153 secs] [Times: user=0.02 sys=0.00, real=0.01 secs] 
2173.310: [GC (Allocation Failure) [PSYoungGen: 270773K->184976K(465920K)] 770155K->685604K(1357824K), 0.0201293 secs] [Times: user=0.03 sys=0.00, real=0.02 secs] 
2173.652: [GC (Allocation Failure) [PSYoungGen: 417936K->184141K(465920K)] 918564K->685042K(1357824K), 0.0200260 secs] [Times: user=0.03 sys=0.00, real=0.02 secs] 
2174.572: [GC (Allocation Failure) [PSYoungGen: 406987K->91773K(465920K)] 907889K->592947K(1357824K), 0.0119200 secs] [Times: user=0.02 sys=0.00, real=0.02 secs] 
2175.498: [GC (Allocation Failure) [PSYoungGen: 324733K->38002K(465920K)] 825907K->539477K(1357824K), 0.0061089 secs] [Times: user=0.01 sys=0.00, real=0.01 secs] 
2175.825: [GC (Allocation Failure) [PSYoungGen: 270962K->184462K(465920K)] 772437K->687182K(1357824K), 0.0201518 secs] [Times: user=0.03 sys=0.00, real=0.02 secs] 
2176.176: [GC (Allocation Failure) [PSYoungGen: 417422K->184333K(465920K)] 920142K->687334K(1357824K), 0.0201640 secs] [Times: user=0.03 sys=0.00, real=0.02 secs] 
2177.585: [GC (Allocation Failure) [PSYoungGen: 409379K->91998K(465920K)] 912380K->595400K(1357824K), 0.0142274 secs] [Times: user=0.02 sys=0.00, real=0.01 secs] 
2178.382: [GC (Allocation Failure) [PSYoungGen: 324958K->38134K(465920K)] 828360K->541714K(1357824K), 0.0054838 secs] [Times: user=0.01 sys=0.00, real=0.01 secs] 
2178.651: [GC (Allocation Failure) [PSYoungGen: 271094K->184687K(465920K)] 774674K->689641K(1357824K), 0.0200966 secs] [Times: user=0.03 sys=0.00, real=0.02 secs] 
2178.934: [GC (Allocation Failure) [PSYoungGen: 417647K->184655K(465920K)] 922601K->689753K(1357824K), 0.0200850 secs] [Times: user=0.02 sys=0.00, real=0.02 secs] 
2181.127: [GC (Allocation Failure) [PSYoungGen: 407108K->91258K(465920K)] 912207K->596622K(1357824K), 0.0231988 secs] [Times: user=0.04 sys=0.00, real=0.02 secs] 
2183.094: [GC (Allocation Failure) [PSYoungGen: 324218K->37745K(465920K)] 829582K->543423K(1357824K), 0.0073902 secs] [Times: user=0.02 sys=0.00, real=0.00 secs] 
2183.408: [GC (Allocation Failure) [PSYoungGen: 270705K->183948K(465920K)] 776383K->690878K(1357824K), 0.0199872 secs] [Times: user=0.03 sys=0.00, real=0.02 secs] 
2183.690: [GC (Allocation Failure) [PSYoungGen: 416908K->184430K(465920K)] 923838K->691762K(1357824K), 0.0202437 secs] [Times: user=0.02 sys=0.00, real=0.02 secs] 
2186.021: [GC (Allocation Failure) [PSYoungGen: 409785K->92640K(465920K)] 917118K->600117K(1357824K), 0.0238938 secs] [Times: user=0.05 sys=0.00, real=0.03 secs] 
2187.317: [GC (Allocation Failure) [PSYoungGen: 325600K->37973K(465920K)] 833077K->545756K(1357824K), 0.0060907 secs] [Times: user=0.02 sys=0.00, real=0.00 secs] 
2187.601: [GC (Allocation Failure) [PSYoungGen: 270933K->184719K(465920K)] 778716K->693747K(1357824K), 0.0201229 secs] [Times: user=0.03 sys=0.00, real=0.02 secs] 
2187.937: [GC (Allocation Failure) [PSYoungGen: 417679K->184655K(465920K)] 926707K->694085K(1357824K), 0.0201140 secs] [Times: user=0.03 sys=0.00, real=0.02 secs] 
2189.928: [GC (Allocation Failure) [PSYoungGen: 407127K->91387K(465920K)] 916557K->601090K(1357824K), 0.0188130 secs] [Times: user=0.04 sys=0.00, real=0.02 secs] 
2190.814: [GC (Allocation Failure) [PSYoungGen: 324347K->38134K(465920K)] 834050K->548022K(1357824K), 0.0054949 secs] [Times: user=0.01 sys=0.00, real=0.00 secs] 
2191.143: [GC (Allocation Failure) [PSYoungGen: 271094K->184719K(465920K)] 780982K->695989K(1357824K), 0.0201601 secs] [Times: user=0.03 sys=0.00, real=0.03 secs] 
2191.487: [GC (Allocation Failure) [PSYoungGen: 417679K->184719K(465920K)] 928949K->696134K(1357824K), 0.0200705 secs] [Times: user=0.03 sys=0.00, real=0.02 secs] 
2192.502: [GC (Allocation Failure) [PSYoungGen: 407150K->91226K(465920K)] 918565K->602914K(1357824K), 0.0122701 secs] [Times: user=0.02 sys=0.00, real=0.02 secs] 
2193.312: [GC (Allocation Failure) [PSYoungGen: 324186K->38291K(465920K)] 835874K->550287K(1357824K), 0.0053928 secs] [Times: user=0.01 sys=0.00, real=0.01 secs] 
2193.582: [GC (Allocation Failure) [PSYoungGen: 271251K->184687K(465920K)] 783247K->698057K(1357824K), 0.0204247 secs] [Times: user=0.03 sys=0.01, real=0.02 secs] 
2193.928: [GC (Allocation Failure) [PSYoungGen: 417647K->184655K(465920K)] 931017K->698169K(1357824K), 0.0210292 secs] [Times: user=0.03 sys=0.00, real=0.02 secs] 
2195.104: [GC (Allocation Failure) [PSYoungGen: 406955K->91130K(465920K)] 920470K->604910K(1357824K), 0.0249615 secs] [Times: user=0.05 sys=0.00, real=0.02 secs] 
2196.747: [GC (Allocation Failure) [PSYoungGen: 324090K->37877K(465920K)] 837870K->551970K(1357824K), 0.0055825 secs] [Times: user=0.01 sys=0.00, real=0.01 secs] 
2197.014: [GC (Allocation Failure) [PSYoungGen: 270837K->183916K(465920K)] 784930K->699255K(1357824K), 0.0200608 secs] [Times: user=0.02 sys=0.00, real=0.02 secs] 
2197.298: [GC (Allocation Failure) [PSYoungGen: 416876K->184398K(465920K)] 932215K->700010K(1357824K), 0.0203422 secs] [Times: user=0.02 sys=0.00, real=0.02 secs] 
2199.226: [GC (Allocation Failure) [PSYoungGen: 409599K->92512K(465920K)] 925211K->608389K(1357824K), 0.0145000 secs] [Times: user=0.02 sys=0.01, real=0.01 secs] 
2201.711: [GC (Allocation Failure) [PSYoungGen: 325472K->37649K(465920K)] 841349K->553826K(1357824K), 0.0072183 secs] [Times: user=0.02 sys=0.00, real=0.01 secs] 
2202.019: [GC (Allocation Failure) [PSYoungGen: 270609K->184590K(465920K)] 786786K->702149K(1357824K), 0.0201336 secs] [Times: user=0.02 sys=0.00, real=0.02 secs] 
2202.303: [GC (Allocation Failure) [PSYoungGen: 417550K->184430K(465920K)] 935109K->702133K(1357824K), 0.0200810 secs] [Times: user=0.03 sys=0.00, real=0.02 secs] 
2202.986: [GC (Allocation Failure) [PSYoungGen: 409479K->92094K(465920K)] 927182K->610063K(1357824K), 0.0112631 secs] [Times: user=0.02 sys=0.00, real=0.01 secs] 
2203.788: [GC (Allocation Failure) [PSYoungGen: 325054K->38134K(465920K)] 843023K->556408K(1357824K), 0.0054785 secs] [Times: user=0.01 sys=0.00, real=0.01 secs] 
2204.058: [GC (Allocation Failure) [PSYoungGen: 271094K->184815K(465920K)] 789368K->704464K(1357824K), 0.0201126 secs] [Times: user=0.03 sys=0.00, real=0.02 secs] 
2204.400: [GC (Allocation Failure) [PSYoungGen: 417775K->184623K(465920K)] 937424K->704544K(1357824K), 0.0202542 secs] [Times: user=0.02 sys=0.00, real=0.02 secs] 
2205.660: [GC (Allocation Failure) [PSYoungGen: 406898K->91162K(465920K)] 926819K->611228K(1357824K), 0.0133964 secs] [Times: user=0.02 sys=0.00, real=0.02 secs] 
2207.234: [GC (Allocation Failure) [PSYoungGen: 324122K->37617K(465920K)] 844188K->557988K(1357824K), 0.0069322 secs] [Times: user=0.02 sys=0.00, real=0.00 secs] 
2207.532: [GC (Allocation Failure) [PSYoungGen: 270577K->183916K(465920K)] 790948K->705541K(1357824K), 0.0203603 secs] [Times: user=0.02 sys=0.00, real=0.02 secs] 
2207.817: [GC (Allocation Failure) [PSYoungGen: 416876K->184815K(465920K)] 938501K->706714K(1357824K), 0.0203176 secs] [Times: user=0.02 sys=0.00, real=0.02 secs] 
2208.758: [GC (Allocation Failure) [PSYoungGen: 410135K->92383K(465920K)] 932033K->614675K(1357824K), 0.0114003 secs] [Times: user=0.03 sys=0.00, real=0.01 secs] 
2210.542: [GC (Allocation Failure) [PSYoungGen: 325343K->37491K(465920K)] 847635K->559963K(1357824K), 0.0074079 secs] [Times: user=0.02 sys=0.00, real=0.01 secs] 
2210.853: [GC (Allocation Failure) [PSYoungGen: 270451K->184044K(465920K)] 792923K->707777K(1357824K), 0.0201617 secs] [Times: user=0.03 sys=0.00, real=0.02 secs] 
2211.135: [GC (Allocation Failure) [PSYoungGen: 417004K->184590K(465920K)] 940737K->708604K(1357824K), 0.0200535 secs] [Times: user=0.03 sys=0.00, real=0.02 secs] 
2211.861: [GC (Allocation Failure) [PSYoungGen: 408314K->92640K(465920K)] 932328K->616919K(1357824K), 0.0131457 secs] [Times: user=0.03 sys=0.00, real=0.02 secs] 
2212.777: [GC (Allocation Failure) [PSYoungGen: 325600K->38131K(465920K)] 849879K->562718K(1357824K), 0.0053490 secs] [Times: user=0.02 sys=0.00, real=0.00 secs] 
2213.045: [GC (Allocation Failure) [PSYoungGen: 271091K->184462K(465920K)] 795678K->710286K(1357824K), 0.0201327 secs] [Times: user=0.03 sys=0.00, real=0.02 secs] 
2213.388: [GC (Allocation Failure) [PSYoungGen: 417422K->184269K(465920K)] 943246K->710367K(1357824K), 0.0201292 secs] [Times: user=0.03 sys=0.00, real=0.02 secs] 
2214.250: [GC (Allocation Failure) [PSYoungGen: 404702K->91869K(465920K)] 930800K->618369K(1357824K), 0.0120201 secs] [Times: user=0.02 sys=0.00, real=0.01 secs] 
2216.228: [GC (Allocation Failure) [PSYoungGen: 324829K->37716K(465920K)] 851329K->564385K(1357824K), 0.0075582 secs] [Times: user=0.02 sys=0.00, real=0.01 secs] 
2216.548: [GC (Allocation Failure) [PSYoungGen: 270676K->186518K(465920K)] 797345K->714440K(1357824K), 0.0203839 secs] [Times: user=0.03 sys=0.00, real=0.02 secs] 
2216.833: [GC (Allocation Failure) [PSYoungGen: 419478K->186132K(465920K)] 947400K->714464K(1357824K), 0.0203477 secs] [Times: user=0.03 sys=0.00, real=0.03 secs] 
2217.580: [GC (Allocation Failure) [PSYoungGen: 405445K->88415K(465920K)] 933777K->617020K(1357824K), 0.0115494 secs] [Times: user=0.03 sys=0.00, real=0.01 secs] 
2218.394: [GC (Allocation Failure) [PSYoungGen: 321375K->38131K(465920K)] 849980K->566913K(1357824K), 0.0054944 secs] [Times: user=0.01 sys=0.00, real=0.00 secs] 
2218.719: [GC (Allocation Failure) [PSYoungGen: 271091K->184205K(465920K)] 799873K->714232K(1357824K), 0.0201979 secs] [Times: user=0.02 sys=0.00, real=0.02 secs] 
2219.005: [GC (Allocation Failure) [PSYoungGen: 417165K->184366K(465920K)] 947192K->714795K(1357824K), 0.0202862 secs] [Times: user=0.02 sys=0.01, real=0.02 secs] 
2221.519: [GC (Allocation Failure) [PSYoungGen: 407503K->92062K(465920K)] 937932K->622635K(1357824K), 0.0250473 secs] [Times: user=0.05 sys=0.00, real=0.03 secs] 
2223.284: [GC (Allocation Failure) [PSYoungGen: 325022K->37973K(465920K)] 855595K->568871K(1357824K), 0.0072226 secs] [Times: user=0.02 sys=0.00, real=0.00 secs] 
2223.594: [GC (Allocation Failure) [PSYoungGen: 270933K->184430K(465920K)] 801831K->716701K(1357824K), 0.0201473 secs] [Times: user=0.02 sys=0.00, real=0.02 secs] 
2223.878: [GC (Allocation Failure) [PSYoungGen: 417390K->184590K(465920K)] 949661K->717006K(1357824K), 0.0200731 secs] [Times: user=0.03 sys=0.00, real=0.02 secs] 
2225.174: [GC (Allocation Failure) [PSYoungGen: 407135K->91709K(465920K)] 939551K->624390K(1357824K), 0.0127199 secs] [Times: user=0.02 sys=0.00, real=0.01 secs] 
2226.122: [GC (Allocation Failure) [PSYoungGen: 324669K->37874K(465920K)] 857350K->570865K(1357824K), 0.0055323 secs] [Times: user=0.01 sys=0.00, real=0.01 secs] 
2226.390: [GC (Allocation Failure) [PSYoungGen: 270834K->184430K(465920K)] 803825K->718667K(1357824K), 0.0201215 secs] [Times: user=0.03 sys=0.00, real=0.02 secs] 
2226.672: [GC (Allocation Failure) [PSYoungGen: 417390K->184558K(465920K)] 951627K->719068K(1357824K), 0.0201153 secs] [Times: user=0.02 sys=0.00, real=0.02 secs] 
2227.887: [GC (Allocation Failure) [PSYoungGen: 407613K->91853K(465920K)] 942123K->626636K(1357824K), 0.0131444 secs] [Times: user=0.03 sys=0.00, real=0.01 secs] 
2230.008: [GC (Allocation Failure) [PSYoungGen: 324813K->37234K(465920K)] 859596K->572325K(1357824K), 0.0068576 secs] [Times: user=0.02 sys=0.00, real=0.01 secs] 
2230.380: [GC (Allocation Failure) [PSYoungGen: 270194K->184847K(465920K)] 805285K->721184K(1357824K), 0.0202749 secs] [Times: user=0.03 sys=0.00, real=0.02 secs] 
2230.663: [GC (Allocation Failure) [PSYoungGen: 417807K->184044K(465920K)] 954144K->720790K(1357824K), 0.0201873 secs] [Times: user=0.02 sys=0.00, real=0.02 secs] 
2232.327: [GC (Allocation Failure) [PSYoungGen: 408077K->92624K(465920K)] 944823K->629507K(1357824K), 0.0248144 secs] [Times: user=0.05 sys=0.00, real=0.02 secs] 
2234.161: [GC (Allocation Failure) [PSYoungGen: 325584K->37845K(465920K)] 862467K->575033K(1357824K), 0.0076701 secs] [Times: user=0.02 sys=0.00, real=0.01 secs] 
2234.482: [GC (Allocation Failure) [PSYoungGen: 270805K->184430K(465920K)] 807993K->722871K(1357824K), 0.0200888 secs] [Times: user=0.03 sys=0.00, real=0.02 secs] 
2234.769: [GC (Allocation Failure) [PSYoungGen: 417390K->184333K(465920K)] 955831K->723048K(1357824K), 0.0201399 secs] [Times: user=0.03 sys=0.01, real=0.02 secs] 
2235.440: [GC (Allocation Failure) [PSYoungGen: 409379K->92078K(465920K)] 948094K->631194K(1357824K), 0.0114240 secs] [Times: user=0.02 sys=0.00, real=0.01 secs] 
2236.270: [GC (Allocation Failure) [PSYoungGen: 325038K->38002K(465920K)] 864154K->577304K(1357824K), 0.0053722 secs] [Times: user=0.01 sys=0.00, real=0.01 secs] 
2236.537: [GC (Allocation Failure) [PSYoungGen: 270962K->184333K(465920K)] 810264K->724888K(1357824K), 0.0200873 secs] [Times: user=0.02 sys=0.00, real=0.02 secs] 
2236.820: [GC (Allocation Failure) [PSYoungGen: 417293K->184944K(465920K)] 957848K->725772K(1357824K), 0.0202307 secs] [Times: user=0.03 sys=0.00, real=0.02 secs] 
2237.434: [GC (Allocation Failure) [PSYoungGen: 407644K->91516K(465920K)] 948472K->632617K(1357824K), 0.0105731 secs] [Times: user=0.02 sys=0.00, real=0.01 secs] 
2238.226: [GC (Allocation Failure) [PSYoungGen: 324476K->37906K(465920K)] 865577K->579313K(1357824K), 0.0053702 secs] [Times: user=0.01 sys=0.00, real=0.00 secs] 
2238.494: [GC (Allocation Failure) [PSYoungGen: 270866K->184944K(465920K)] 812273K->727596K(1357824K), 0.0202966 secs] [Times: user=0.02 sys=0.00, real=0.02 secs] 
2238.785: [GC (Allocation Failure) [PSYoungGen: 417904K->184141K(465920K)] 960556K->727066K(1357824K), 0.0202870 secs] [Times: user=0.02 sys=0.00, real=0.02 secs] 
2239.880: [GC (Allocation Failure) [PSYoungGen: 407013K->91709K(465920K)] 949939K->634899K(1357824K), 0.0121529 secs] [Times: user=0.02 sys=0.00, real=0.01 secs] 
2241.486: [GC (Allocation Failure) [PSYoungGen: 324669K->37588K(465920K)] 867859K->581100K(1357824K), 0.0063933 secs] [Times: user=0.01 sys=0.00, real=0.00 secs] 
2241.843: [GC (Allocation Failure) [PSYoungGen: 270548K->184462K(465920K)] 814060K->729220K(1357824K), 0.0201561 secs] [Times: user=0.02 sys=0.00, real=0.02 secs] 
2242.134: [GC (Allocation Failure) [PSYoungGen: 417422K->184269K(465920K)] 962180K->729300K(1357824K), 0.0202636 secs] [Times: user=0.02 sys=0.00, real=0.02 secs] 
2242.916: [GC (Allocation Failure) [PSYoungGen: 409311K->92415K(465920K)] 954343K->637840K(1357824K), 0.0119702 secs] [Times: user=0.03 sys=0.00, real=0.01 secs] 
2243.853: [GC (Allocation Failure) [PSYoungGen: 325375K->38005K(465920K)] 870800K->583611K(1357824K), 0.0053996 secs] [Times: user=0.01 sys=0.00, real=0.00 secs] 
2244.184: [GC (Allocation Failure) [PSYoungGen: 270965K->184719K(465920K)] 816571K->731578K(1357824K), 0.0201316 secs] [Times: user=0.02 sys=0.00, real=0.02 secs] 
2244.471: [GC (Allocation Failure) [PSYoungGen: 417679K->184719K(465920K)] 964538K->731859K(1357824K), 0.0201627 secs] [Times: user=0.03 sys=0.00, real=0.02 secs] 
2246.238: [GC (Allocation Failure) [PSYoungGen: 407278K->91307K(465920K)] 954419K->638713K(1357824K), 0.0156767 secs] [Times: user=0.03 sys=0.00, real=0.02 secs] 
2247.551: [GC (Allocation Failure) [PSYoungGen: 324267K->37906K(465920K)] 871673K->585633K(1357824K), 0.0056205 secs] [Times: user=0.01 sys=0.00, real=0.01 secs] 
2247.822: [GC (Allocation Failure) [PSYoungGen: 270866K->183948K(465920K)] 818593K->732921K(1357824K), 0.0201315 secs] [Times: user=0.03 sys=0.00, real=0.02 secs] 
2248.163: [GC (Allocation Failure) [PSYoungGen: 416908K->184430K(465920K)] 965881K->733684K(1357824K), 0.0201957 secs] [Times: user=0.02 sys=0.00, real=0.02 secs] 
2248.793: [GC (Allocation Failure) [PSYoungGen: 408114K->92544K(465920K)] 957368K->642071K(1357824K), 0.0111846 secs] [Times: user=0.03 sys=0.00, real=0.01 secs] 
2249.594: [GC (Allocation Failure) [PSYoungGen: 325504K->38037K(465920K)] 875031K->587872K(1357824K), 0.0054562 secs] [Times: user=0.01 sys=0.00, real=0.00 secs] 
2249.859: [GC (GCLocker Initiated GC) [PSYoungGen: 270997K->182116K(465920K)] 820832K->733197K(1357824K), 0.0198622 secs] [Times: user=0.03 sys=0.00, real=0.02 secs] 
2250.144: [GC (Allocation Failure) [PSYoungGen: 415076K->184269K(465920K)] 967153K->736619K(1357824K), 0.0199997 secs] [Times: user=0.03 sys=0.00, real=0.02 secs] 
2251.126: [GC (Allocation Failure) [PSYoungGen: 409077K->93604K(465920K)] 961428K->646099K(1357824K), 0.0110814 secs] [Times: user=0.02 sys=0.00, real=0.01 secs] 
2251.928: [GC (Allocation Failure) [PSYoungGen: 326564K->38163K(465920K)] 879059K->590995K(1357824K), 0.0055408 secs] [Times: user=0.01 sys=0.00, real=0.01 secs] 
2252.196: [GC (Allocation Failure) [PSYoungGen: 271123K->184687K(465920K)] 823955K->738893K(1357824K), 0.0201314 secs] [Times: user=0.02 sys=0.00, real=0.02 secs] 
2252.481: [GC (Allocation Failure) [PSYoungGen: 417647K->184398K(465920K)] 971853K->738749K(1357824K), 0.0203659 secs] [Times: user=0.03 sys=0.00, real=0.02 secs] 
2254.624: [GC (Allocation Failure) [PSYoungGen: 406706K->91467K(465920K)] 961057K->646092K(1357824K), 0.0274880 secs] [Times: user=0.06 sys=0.01, real=0.02 secs] 
2256.548: [GC (Allocation Failure) [PSYoungGen: 324427K->37874K(465920K)] 879052K->592806K(1357824K), 0.0068121 secs] [Times: user=0.01 sys=0.00, real=0.01 secs] 
2256.840: [GC (Allocation Failure) [PSYoungGen: 270834K->184462K(465920K)] 825766K->740639K(1357824K), 0.0202550 secs] [Times: user=0.02 sys=0.00, real=0.02 secs] 
2257.122: [GC (Allocation Failure) [PSYoungGen: 417422K->184558K(465920K)] 973599K->741009K(1357824K), 0.0201442 secs] [Times: user=0.03 sys=0.00, real=0.02 secs] 
2258.285: [GC (Allocation Failure) [PSYoungGen: 407097K->91901K(465920K)] 963548K->648625K(1357824K), 0.0114891 secs] [Times: user=0.03 sys=0.00, real=0.01 secs] 
2259.096: [GC (Allocation Failure) [PSYoungGen: 324861K->38005K(465920K)] 881585K->595055K(1357824K), 0.0053929 secs] [Times: user=0.01 sys=0.00, real=0.00 secs] 
2259.441: [GC (Allocation Failure) [PSYoungGen: 270965K->184494K(465920K)] 828015K->742789K(1357824K), 0.0202376 secs] [Times: user=0.03 sys=0.00, real=0.02 secs] 
2259.793: [GC (Allocation Failure) [PSYoungGen: 417454K->184558K(465920K)] 975749K->743151K(1357824K), 0.0200871 secs] [Times: user=0.03 sys=0.00, real=0.02 secs] 
2260.507: [GC (Allocation Failure) [PSYoungGen: 407091K->91709K(465920K)] 965684K->650566K(1357824K), 0.0130453 secs] [Times: user=0.03 sys=0.00, real=0.01 secs] 
2262.021: [GC (Allocation Failure) [PSYoungGen: 324669K->37845K(465920K)] 883526K->597002K(1357824K), 0.0064778 secs] [Times: user=0.01 sys=0.00, real=0.01 secs] 
2262.308: [GC (Allocation Failure) [PSYoungGen: 270805K->184430K(465920K)] 829962K->744833K(1357824K), 0.0202861 secs] [Times: user=0.03 sys=0.00, real=0.02 secs] 
2262.652: [GC (Allocation Failure) [PSYoungGen: 417390K->184269K(465920K)] 977793K->744945K(1357824K), 0.0201392 secs] [Times: user=0.03 sys=0.00, real=0.02 secs] 
2263.914: [GC (Allocation Failure) [PSYoungGen: 409317K->92126K(465920K)] 969993K->653204K(1357824K), 0.0134614 secs] [Times: user=0.03 sys=0.00, real=0.01 secs] 
2266.069: [GC (Allocation Failure) [PSYoungGen: 325086K->37360K(465920K)] 886164K->598617K(1357824K), 0.0065411 secs] [Times: user=0.01 sys=0.01, real=0.01 secs] 
2266.361: [GC (Allocation Failure) [PSYoungGen: 270320K->184687K(465920K)] 831577K->747197K(1357824K), 0.0200880 secs] [Times: user=0.02 sys=0.00, real=0.02 secs] 
2266.645: [GC (Allocation Failure) [PSYoungGen: 417647K->184719K(465920K)] 980157K->747502K(1357824K), 0.0201782 secs] [Times: user=0.03 sys=0.00, real=0.02 secs] 
2267.935: [GC (Allocation Failure) [PSYoungGen: 409836K->91998K(465920K)] 972620K->655046K(1357824K), 0.0184725 secs] [Times: user=0.04 sys=0.00, real=0.02 secs] 
2268.896: [GC (Allocation Failure) [PSYoungGen: 324958K->38134K(465920K)] 888006K->601484K(1357824K), 0.0055304 secs] [Times: user=0.01 sys=0.00, real=0.00 secs] 
2269.166: [GC (Allocation Failure) [PSYoungGen: 271094K->184815K(465920K)] 834444K->749548K(1357824K), 0.0201433 secs] [Times: user=0.03 sys=0.00, real=0.02 secs] 
2269.452: [GC (Allocation Failure) [PSYoungGen: 417775K->184719K(465920K)] 982508K->749596K(1357824K), 0.0229728 secs] [Times: user=0.02 sys=0.00, real=0.03 secs] 
2271.966: [GC (Allocation Failure) [PSYoungGen: 406988K->91098K(465920K)] 971865K->656264K(1357824K), 0.0194725 secs] [Times: user=0.04 sys=0.00, real=0.02 secs] 
2273.873: [GC (Allocation Failure) [PSYoungGen: 324058K->37745K(465920K)] 889224K->603235K(1357824K), 0.0070058 secs] [Times: user=0.02 sys=0.00, real=0.01 secs] 
2274.171: [GC (Allocation Failure) [PSYoungGen: 270705K->183787K(465920K)] 836195K->750523K(1357824K), 0.0201257 secs] [Times: user=0.03 sys=0.00, real=0.02 secs] 
2274.510: [GC (Allocation Failure) [PSYoungGen: 416747K->184333K(465920K)] 983483K->751470K(1357824K), 0.0202118 secs] [Times: user=0.02 sys=0.00, real=0.02 secs] 
2276.686: [GC (Allocation Failure) [PSYoungGen: 408163K->92897K(465920K)] 975301K->660179K(1357824K), 0.0204082 secs] [Times: user=0.04 sys=0.00, real=0.02 secs] 
2278.939: [GC (Allocation Failure) [PSYoungGen: 325857K->37845K(465920K)] 893139K->605434K(1357824K), 0.0070268 secs] [Times: user=0.02 sys=0.00, real=0.01 secs] 
2279.235: [GC (Allocation Failure) [PSYoungGen: 270805K->184430K(465920K)] 838394K->753273K(1357824K), 0.0202003 secs] [Times: user=0.03 sys=0.00, real=0.02 secs] 
2279.518: [GC (Allocation Failure) [PSYoungGen: 417390K->184205K(465920K)] 986233K->753321K(1357824K), 0.0201913 secs] [Times: user=0.03 sys=0.00, real=0.02 secs] 
2280.947: [GC (Allocation Failure) [PSYoungGen: 409112K->92255K(465920K)] 978228K->661660K(1357824K), 0.0121537 secs] [Times: user=0.02 sys=0.00, real=0.01 secs] 
2282.544: [GC (Allocation Failure) [PSYoungGen: 325215K->38002K(465920K)] 894620K->607713K(1357824K), 0.0056271 secs] [Times: user=0.01 sys=0.00, real=0.00 secs] 
2282.874: [GC (Allocation Failure) [PSYoungGen: 270962K->184205K(465920K)] 840673K->755161K(1357824K), 0.0205534 secs] [Times: user=0.02 sys=0.00, real=0.02 secs] 
2283.213: [GC (Allocation Failure) [PSYoungGen: 417165K->184590K(465920K)] 988121K->755948K(1357824K), 0.0202114 secs] [Times: user=0.03 sys=0.00, real=0.03 secs] 
2283.962: [GC (Allocation Failure) [PSYoungGen: 405150K->91966K(465920K)] 976508K->663468K(1357824K), 0.0121250 secs] [Times: user=0.03 sys=0.00, real=0.02 secs] 
2285.496: [GC (Allocation Failure) [PSYoungGen: 324926K->37488K(465920K)] 896428K->609297K(1357824K), 0.0062617 secs] [Times: user=0.02 sys=0.00, real=0.00 secs] 
2285.775: [GC (Allocation Failure) [PSYoungGen: 270448K->186486K(465920K)] 842257K->759548K(1357824K), 0.0204262 secs] [Times: user=0.03 sys=0.00, real=0.02 secs] 
2286.060: [GC (Allocation Failure) [PSYoungGen: 419446K->185908K(465920K)] 992508K->759372K(1357824K), 0.0203700 secs] [Times: user=0.02 sys=0.00, real=0.02 secs] 
2287.639: [GC (Allocation Failure) [PSYoungGen: 406364K->88817K(465920K)] 979828K->662417K(1357824K), 0.0247237 secs] [Times: user=0.05 sys=0.00, real=0.03 secs] 
2289.918: [GC (Allocation Failure) [PSYoungGen: 321777K->37845K(465920K)] 895377K->611753K(1357824K), 0.0077489 secs] [Times: user=0.01 sys=0.00, real=0.01 secs] 
2290.239: [GC (Allocation Failure) [PSYoungGen: 270805K->186357K(465920K)] 844713K->761527K(1357824K), 0.0204680 secs] [Times: user=0.03 sys=0.00, real=0.02 secs] 
2290.524: [GC (Allocation Failure) [PSYoungGen: 419317K->186100K(465920K)] 994487K->761551K(1357824K), 0.0202286 secs] [Times: user=0.03 sys=0.00, real=0.02 secs] 
2291.217: [GC (Allocation Failure) [PSYoungGen: 405026K->88399K(465920K)] 980477K->664123K(1357824K), 0.0112595 secs] [Times: user=0.02 sys=0.00, real=0.01 secs] 
2292.069: [GC (Allocation Failure) [PSYoungGen: 321359K->38134K(465920K)] 897083K->614163K(1357824K), 0.0054232 secs] [Times: user=0.01 sys=0.00, real=0.01 secs] 
2292.394: [GC (Allocation Failure) [PSYoungGen: 271094K->184173K(465920K)] 847123K->761456K(1357824K), 0.0202022 secs] [Times: user=0.03 sys=0.00, real=0.02 secs] 
2292.742: [GC (Allocation Failure) [PSYoungGen: 417133K->184398K(465920K)] 994416K->762082K(1357824K), 0.0204863 secs] [Times: user=0.03 sys=0.00, real=0.02 secs] 
2293.657: [GC (Allocation Failure) [PSYoungGen: 407507K->92030K(465920K)] 985192K->669851K(1357824K), 0.0135461 secs] [Times: user=0.03 sys=0.00, real=0.01 secs] 
2295.592: [GC (Allocation Failure) [PSYoungGen: 324990K->38002K(465920K)] 902811K->616139K(1357824K), 0.0064394 secs] [Times: user=0.01 sys=0.00, real=0.01 secs] 
2295.875: [GC (Allocation Failure) [PSYoungGen: 270962K->183658K(465920K)] 849099K->763041K(1357824K), 0.0201927 secs] [Times: user=0.03 sys=0.00, real=0.02 secs] 
2296.160: [GC (Allocation Failure) [PSYoungGen: 416618K->184558K(465920K)] 996001K->764222K(1357824K), 0.0200968 secs] [Times: user=0.03 sys=0.00, real=0.02 secs] 
2298.196: [GC (Allocation Failure) [PSYoungGen: 410000K->92512K(465920K)] 989663K->672448K(1357824K), 0.0159612 secs] [Times: user=0.03 sys=0.00, real=0.01 secs] 
2300.040: [GC (Allocation Failure) [PSYoungGen: 325472K->37716K(465920K)] 905408K->617953K(1357824K), 0.0063702 secs] [Times: user=0.02 sys=0.00, real=0.01 secs] 
2300.323: [GC (Allocation Failure) [PSYoungGen: 270676K->184590K(465920K)] 850913K->766080K(1357824K), 0.0207134 secs] [Times: user=0.02 sys=0.00, real=0.03 secs] 
2300.613: [GC (Allocation Failure) [PSYoungGen: 417550K->184269K(465920K)] 999040K->766032K(1357824K), 0.0201965 secs] [Times: user=0.02 sys=0.00, real=0.02 secs] 
2301.902: [GC (Allocation Failure) [PSYoungGen: 409161K->92094K(465920K)] 990924K->674122K(1357824K), 0.0132341 secs] [Times: user=0.02 sys=0.00, real=0.02 secs] 
2303.609: [GC (Allocation Failure) [PSYoungGen: 325054K->37973K(465920K)] 907082K->620309K(1357824K), 0.0070707 secs] [Times: user=0.02 sys=0.00, real=0.01 secs] 
2303.909: [GC (Allocation Failure) [PSYoungGen: 270933K->184430K(465920K)] 853269K->768011K(1357824K), 0.0202353 secs] [Times: user=0.02 sys=0.00, real=0.02 secs] 
2304.192: [GC (Allocation Failure) [PSYoungGen: 417390K->184301K(465920K)] 1000971K->768164K(1357824K), 0.0201970 secs] [Times: user=0.03 sys=0.00, real=0.02 secs] 
2305.012: [GC (Allocation Failure) [PSYoungGen: 409346K->91998K(465920K)] 993209K->676262K(1357824K), 0.0112198 secs] [Times: user=0.02 sys=0.00, real=0.02 secs] 
2306.622: [GC (Allocation Failure) [PSYoungGen: 324958K->37973K(465920K)] 909222K->622408K(1357824K), 0.0069059 secs] [Times: user=0.01 sys=0.00, real=0.01 secs] 
2306.917: [GC (Allocation Failure) [PSYoungGen: 270933K->184847K(465920K)] 855368K->770536K(1357824K), 0.0201376 secs] [Times: user=0.03 sys=0.00, real=0.02 secs] 
2307.205: [GC (Allocation Failure) [PSYoungGen: 417807K->184687K(465920K)] 1003496K->770777K(1357824K), 0.0202949 secs] [Times: user=0.03 sys=0.00, real=0.02 secs] 
2308.013: [GC (Allocation Failure) [PSYoungGen: 407112K->91210K(465920K)] 993202K->677445K(1357824K), 0.0121636 secs] [Times: user=0.02 sys=0.00, real=0.01 secs] 
2310.013: [GC (Allocation Failure) [PSYoungGen: 324170K->38005K(465920K)] 910405K->624554K(1357824K), 0.0073846 secs] [Times: user=0.02 sys=0.00, real=0.00 secs] 
2310.321: [GC (Allocation Failure) [PSYoungGen: 270965K->184687K(465920K)] 857514K->772617K(1357824K), 0.0201696 secs] [Times: user=0.03 sys=0.00, real=0.02 secs] 
2310.615: [GC (Allocation Failure) [PSYoungGen: 417647K->184687K(465920K)] 1005577K->772762K(1357824K), 0.0202917 secs] [Times: user=0.03 sys=0.00, real=0.02 secs] 
2311.280: [GC (Allocation Failure) [PSYoungGen: 407250K->91387K(465920K)] 995325K->679727K(1357824K), 0.0118516 secs] [Times: user=0.02 sys=0.00, real=0.01 secs] 
2312.190: [GC (Allocation Failure) [PSYoungGen: 324347K->38034K(465920K)] 912687K->626698K(1357824K), 0.0055765 secs] [Times: user=0.01 sys=0.00, real=0.01 secs] 
2312.459: [GC (Allocation Failure) [PSYoungGen: 270994K->183916K(465920K)] 859658K->773833K(1357824K), 0.0203386 secs] [Times: user=0.03 sys=0.00, real=0.02 secs] 
2312.742: [GC (Allocation Failure) [PSYoungGen: 416876K->184815K(465920K)] 1006793K->775006K(1357824K), 0.0203153 secs] [Times: user=0.02 sys=0.00, real=0.02 secs] 
2314.635: [GC (Allocation Failure) [PSYoungGen: 410142K->92030K(465920K)] 1000333K->682622K(1357824K), 0.0125782 secs] [Times: user=0.02 sys=0.00, real=0.01 secs] 
2315.444: [GC (Allocation Failure) [PSYoungGen: 324990K->37973K(465920K)] 915582K->628745K(1357824K), 0.0055984 secs] [Times: user=0.01 sys=0.00, real=0.00 secs] 
2315.713: [GC (Allocation Failure) [PSYoungGen: 270933K->184558K(465920K)] 861705K->776575K(1357824K), 0.0203003 secs] [Times: user=0.03 sys=0.00, real=0.03 secs] 
2316.057: [GC (Allocation Failure) [PSYoungGen: 417518K->184783K(465920K)] 1009535K->777081K(1357824K), 0.0202421 secs] [Times: user=0.02 sys=0.00, real=0.02 secs] 
2318.413: [GC (Allocation Failure) [PSYoungGen: 407279K->91355K(465920K)] 999577K->683918K(1357824K), 0.0255885 secs] [Times: user=0.05 sys=0.00, real=0.02 secs] 
2320.014: [GC (Allocation Failure) [PSYoungGen: 324315K->38034K(465920K)] 916878K->630903K(1357824K), 0.0068157 secs] [Times: user=0.02 sys=0.00, real=0.00 secs] 
2320.305: [GC (Allocation Failure) [PSYoungGen: 270994K->184719K(465920K)] 863863K->778962K(1357824K), 0.0203343 secs] [Times: user=0.03 sys=0.00, real=0.02 secs] 
2320.595: [GC (Allocation Failure) [PSYoungGen: 417679K->184719K(465920K)] 1011922K->779114K(1357824K), 0.0202158 secs] [Times: user=0.03 sys=0.00, real=0.02 secs] 
2321.729: [GC (Allocation Failure) [PSYoungGen: 407272K->91419K(465920K)] 1001668K->686088K(1357824K), 0.0130426 secs] [Times: user=0.02 sys=0.00, real=0.01 secs] 
2323.827: [GC (Allocation Failure) [PSYoungGen: 324379K->37845K(465920K)] 919048K->632819K(1357824K), 0.0068007 secs] [Times: user=0.02 sys=0.00, real=0.01 secs] 
2324.119: [GC (Allocation Failure) [PSYoungGen: 270805K->183916K(465920K)] 865779K->780143K(1357824K), 0.0201087 secs] [Times: user=0.03 sys=0.00, real=0.02 secs] 
2324.405: [GC (Allocation Failure) [PSYoungGen: 416876K->184398K(465920K)] 1013103K->780899K(1357824K), 0.0201252 secs] [Times: user=0.03 sys=0.00, real=0.02 secs] 
2325.077: [GC (Allocation Failure) [PSYoungGen: 409600K->92544K(465920K)] 1006101K->689318K(1357824K), 0.0114375 secs] [Times: user=0.02 sys=0.00, real=0.01 secs] 
2325.940: [GC (Allocation Failure) [PSYoungGen: 325504K->38002K(465920K)] 922278K->635098K(1357824K), 0.0055913 secs] [Times: user=0.02 sys=0.00, real=0.01 secs] 
2326.208: [GC (Allocation Failure) [PSYoungGen: 270962K->184173K(465920K)] 868058K->782514K(1357824K), 0.0201921 secs] [Times: user=0.03 sys=0.00, real=0.02 secs] 
2326.494: [GC (Allocation Failure) [PSYoungGen: 417133K->184558K(465920K)] 1015474K->783181K(1357824K), 0.0201294 secs] [Times: user=0.03 sys=0.00, real=0.02 secs] 
2327.119: [GC (Allocation Failure) [PSYoungGen: 407613K->92030K(465920K)] 1006236K->690925K(1357824K), 0.0113229 secs] [Times: user=0.03 sys=0.00, real=0.01 secs] 
2328.047: [GC (Allocation Failure) [PSYoungGen: 324990K->38002K(465920K)] 923885K->637204K(1357824K), 0.0057562 secs] [Times: user=0.01 sys=0.00, real=0.00 secs] 
2328.315: [GC (Allocation Failure) [PSYoungGen: 270962K->184462K(465920K)] 870164K->784908K(1357824K), 0.0202017 secs] [Times: user=0.03 sys=0.00, real=0.02 secs] 
2328.599: [GC (Allocation Failure) [PSYoungGen: 417422K->184494K(465920K)] 1017868K->785214K(1357824K), 0.0203622 secs] [Times: user=0.03 sys=0.00, real=0.02 secs] 
2329.212: [GC (Allocation Failure) [PSYoungGen: 407026K->91773K(465920K)] 1007746K->692765K(1357824K), 0.0110774 secs] [Times: user=0.02 sys=0.00, real=0.01 secs] 
2330.011: [GC (Allocation Failure) [PSYoungGen: 324733K->38069K(465920K)] 925725K->639378K(1357824K), 0.0055137 secs] [Times: user=0.01 sys=0.01, real=0.01 secs] 
2330.331: [GC (Allocation Failure) [PSYoungGen: 271029K->184462K(465920K)] 872338K->787016K(1357824K), 0.0202915 secs] [Times: user=0.03 sys=0.00, real=0.02 secs] 
2330.615: [GC (Allocation Failure) [PSYoungGen: 417422K->184301K(465920K)] 1019976K->787129K(1357824K), 0.0202388 secs] [Times: user=0.03 sys=0.00, real=0.02 secs] 
2331.253: [GC (Allocation Failure) [PSYoungGen: 409347K->91998K(465920K)] 1012174K->695219K(1357824K), 0.0118567 secs] [Times: user=0.03 sys=0.00, real=0.01 secs] 
2332.085: [GC (Allocation Failure) [PSYoungGen: 324958K->38005K(465920K)] 928179K->641412K(1357824K), 0.0057173 secs] [Times: user=0.02 sys=0.00, real=0.00 secs] 
2332.355: [GC (Allocation Failure) [PSYoungGen: 270965K->184847K(465920K)] 874372K->789499K(1357824K), 0.0202979 secs] [Times: user=0.02 sys=0.00, real=0.02 secs] 
2332.699: [GC (Allocation Failure) [PSYoungGen: 417807K->184687K(465920K)] 1022459K->789620K(1357824K), 0.0203560 secs] [Times: user=0.02 sys=0.00, real=0.02 secs] 
2334.280: [GC (Allocation Failure) [PSYoungGen: 406612K->91194K(465920K)] 1011545K->696393K(1357824K), 0.0187925 secs] [Times: user=0.04 sys=0.00, real=0.02 secs] 
2336.273: [GC (Allocation Failure) [PSYoungGen: 324154K->38002K(465920K)] 929353K->643506K(1357824K), 0.0065715 secs] [Times: user=0.02 sys=0.00, real=0.01 secs] 
2336.557: [GC (Allocation Failure) [PSYoungGen: 270962K->184430K(465920K)] 876466K->791179K(1357824K), 0.0202673 secs] [Times: user=0.02 sys=0.00, real=0.02 secs] 
2336.897: [GC (Allocation Failure) [PSYoungGen: 417390K->184141K(465920K)] 1024139K->791163K(1357824K), 0.0202921 secs] [Times: user=0.03 sys=0.00, real=0.02 secs] 
2337.938: [GC (Allocation Failure) [PSYoungGen: 407536K->92078K(465920K)] 1014559K->699366K(1357824K), 0.0134494 secs] [Times: user=0.03 sys=0.00, real=0.01 secs] 
2339.955: [GC (Allocation Failure) [PSYoungGen: 325038K->37777K(465920K)] 932326K->645236K(1357824K), 0.0077878 secs] [Times: user=0.02 sys=0.00, real=0.01 secs] 
2340.271: [GC (Allocation Failure) [PSYoungGen: 270737K->184944K(465920K)] 878196K->793656K(1357824K), 0.0204937 secs] [Times: user=0.03 sys=0.00, real=0.02 secs] 
2340.555: [GC (Allocation Failure) [PSYoungGen: 417904K->184173K(465920K)] 1026616K->793286K(1357824K), 0.0203120 secs] [Times: user=0.03 sys=0.00, real=0.02 secs] 
2341.678: [GC (Allocation Failure) [PSYoungGen: 407136K->91869K(465920K)] 1016250K->701120K(1357824K), 0.0120564 secs] [Times: user=0.02 sys=0.00, real=0.01 secs] 
2342.769: [GC (Allocation Failure) [PSYoungGen: 324829K->37973K(465920K)] 934080K->647537K(1357824K), 0.0063687 secs] [Times: user=0.01 sys=0.00, real=0.01 secs] 
2343.051: [GC (Allocation Failure) [PSYoungGen: 270933K->184719K(465920K)] 880497K->795536K(1357824K), 0.0205870 secs] [Times: user=0.03 sys=0.00, real=0.02 secs] 
2343.337: [GC (Allocation Failure) [PSYoungGen: 417679K->184623K(465920K)] 1028496K->795842K(1357824K), 0.0202756 secs] [Times: user=0.03 sys=0.00, real=0.02 secs] 
2344.557: [GC (Allocation Failure) [PSYoungGen: 407069K->91355K(465920K)] 1018289K->702839K(1357824K), 0.0146978 secs] [Times: user=0.03 sys=0.01, real=0.01 secs] 
2345.502: [GC (Allocation Failure) [PSYoungGen: 324315K->38005K(465920K)] 935799K->649669K(1357824K), 0.0054724 secs] [Times: user=0.01 sys=0.00, real=0.01 secs] 
2345.771: [GC (Allocation Failure) [PSYoungGen: 270965K->184719K(465920K)] 882629K->797628K(1357824K), 0.0202247 secs] [Times: user=0.03 sys=0.00, real=0.02 secs] 
2346.054: [GC (Allocation Failure) [PSYoungGen: 417679K->184719K(465920K)] 1030588K->797901K(1357824K), 0.0202306 secs] [Times: user=0.02 sys=0.00, real=0.02 secs] 
2346.687: [GC (Allocation Failure) [PSYoungGen: 407276K->91355K(465920K)] 1020458K->704802K(1357824K), 0.0111390 secs] [Times: user=0.03 sys=0.00, real=0.01 secs] 
2347.534: [GC (Allocation Failure) [PSYoungGen: 324315K->38262K(465920K)] 937762K->652025K(1357824K), 0.0065503 secs] [Times: user=0.01 sys=0.00, real=0.00 secs] 
2347.811: [GC (Allocation Failure) [PSYoungGen: 271222K->184687K(465920K)] 884985K->799824K(1357824K), 0.0203717 secs] [Times: user=0.03 sys=0.00, real=0.02 secs] 
2348.153: [GC (Allocation Failure) [PSYoungGen: 417647K->184655K(465920K)] 1032784K->799936K(1357824K), 0.0204988 secs] [Times: user=0.02 sys=0.00, real=0.02 secs] 
2350.027: [GC (Allocation Failure) [PSYoungGen: 406994K->91130K(465920K)] 1022275K->706677K(1357824K), 0.0239386 secs] [Times: user=0.05 sys=0.00, real=0.02 secs] 
2351.768: [GC (Allocation Failure) [PSYoungGen: 324090K->37877K(465920K)] 939637K->653733K(1357824K), 0.0064993 secs] [Times: user=0.01 sys=0.00, real=0.01 secs] 
2352.052: [GC (Allocation Failure) [PSYoungGen: 270837K->183916K(465920K)] 886693K->801018K(1357824K), 0.0201766 secs] [Times: user=0.03 sys=0.00, real=0.02 secs] 
2352.336: [GC (Allocation Failure) [PSYoungGen: 416876K->184430K(465920K)] 1033978K->801942K(1357824K), 0.0202188 secs] [Times: user=0.03 sys=0.00, real=0.02 secs] 
2354.317: [GC (Allocation Failure) [PSYoungGen: 409657K->92512K(465920K)] 1027169K->710168K(1357824K), 0.0259993 secs] [Times: user=0.05 sys=0.00, real=0.03 secs] 
2356.221: [GC (Allocation Failure) [PSYoungGen: 325472K->37716K(465920K)] 943128K->655678K(1357824K), 0.0077149 secs] [Times: user=0.02 sys=0.00, real=0.01 secs] 
2356.532: [GC (Allocation Failure) [PSYoungGen: 270676K->184687K(465920K)] 888638K->803894K(1357824K), 0.0203332 secs] [Times: user=0.03 sys=0.00, real=0.02 secs] 
2356.817: [GC (Allocation Failure) [PSYoungGen: 417647K->184719K(465920K)] 1036854K->804328K(1357824K), 0.0203713 secs] [Times: user=0.03 sys=0.00, real=0.02 secs] 
2357.793: [GC (Allocation Failure) [PSYoungGen: 407416K->91612K(465920K)] 1027026K->711486K(1357824K), 0.0108067 secs] [Times: user=0.02 sys=0.00, real=0.02 secs] 
2359.974: [GC (Allocation Failure) [PSYoungGen: 324572K->36849K(465920K)] 944446K->656916K(1357824K), 0.0054815 secs] [Times: user=0.01 sys=0.00, real=0.00 secs] 
2360.242: [GC (Allocation Failure) [PSYoungGen: 269809K->184044K(465920K)] 889876K->805365K(1357824K), 0.0204885 secs] [Times: user=0.03 sys=0.00, real=0.03 secs] 
2360.533: [GC (Allocation Failure) [PSYoungGen: 417004K->184494K(465920K)] 1038325K->806088K(1357824K), 0.0203349 secs] [Times: user=0.03 sys=0.00, real=0.02 secs] 
2362.339: [GC (Allocation Failure) [PSYoungGen: 409566K->93283K(465920K)] 1031161K->715279K(1357824K), 0.0263166 secs] [Times: user=0.06 sys=0.00, real=0.03 secs] 
2364.517: [GC (Allocation Failure) [PSYoungGen: 326243K->37716K(465920K)] 948239K->659897K(1357824K), 0.0070800 secs] [Times: user=0.01 sys=0.00, real=0.01 secs] 
2364.885: [GC (Allocation Failure) [PSYoungGen: 270676K->184719K(465920K)] 892857K->808145K(1357824K), 0.0202712 secs] [Times: user=0.03 sys=0.00, real=0.02 secs] 
2365.172: [GC (Allocation Failure) [PSYoungGen: 417679K->184687K(465920K)] 1041105K->808394K(1357824K), 0.0203823 secs] [Times: user=0.03 sys=0.00, real=0.02 secs] 
2366.661: [GC (Allocation Failure) [PSYoungGen: 407249K->91580K(465920K)] 1030957K->715561K(1357824K), 0.0255585 secs] [Times: user=0.06 sys=0.00, real=0.03 secs] 
2369.228: [GC (Allocation Failure) [PSYoungGen: 324540K->37716K(465920K)] 948521K->661995K(1357824K), 0.0074276 secs] [Times: user=0.01 sys=0.00, real=0.01 secs] 
2369.538: [GC (Allocation Failure) [PSYoungGen: 270676K->184751K(465920K)] 894955K->810403K(1357824K), 0.0201908 secs] [Times: user=0.03 sys=0.00, real=0.02 secs] 
2369.875: [GC (Allocation Failure) [PSYoungGen: 417711K->184623K(465920K)] 1043363K->810564K(1357824K), 0.0203425 secs] [Times: user=0.03 sys=0.00, real=0.02 secs] 
2370.674: [GC (Allocation Failure) [PSYoungGen: 407190K->91612K(465920K)] 1033132K->717698K(1357824K), 0.0120276 secs] [Times: user=0.02 sys=0.00, real=0.01 secs] 
2372.604: [GC (Allocation Failure) [PSYoungGen: 324572K->37360K(465920K)] 950658K->663760K(1357824K), 0.0056248 secs] [Times: user=0.01 sys=0.00, real=0.00 secs] 
2372.873: [GC (Allocation Failure) [PSYoungGen: 270320K->183916K(465920K)] 896720K->811561K(1357824K), 0.0201533 secs] [Times: user=0.03 sys=0.00, real=0.03 secs] 
2373.156: [GC (Allocation Failure) [PSYoungGen: 416876K->184462K(465920K)] 1044521K->812509K(1357824K), 0.0202332 secs] [Times: user=0.02 sys=0.00, real=0.02 secs] 
2373.790: [GC (Allocation Failure) [PSYoungGen: 409565K->93042K(465920K)] 1037612K->721362K(1357824K), 0.0100636 secs] [Times: user=0.02 sys=0.00, real=0.01 secs] 
2374.951: [GC (Allocation Failure) [PSYoungGen: 326002K->37716K(465920K)] 954322K->666215K(1357824K), 0.0069774 secs] [Times: user=0.02 sys=0.00, real=0.01 secs] 
2375.242: [GC (Allocation Failure) [PSYoungGen: 270676K->183948K(465920K)] 899175K->813700K(1357824K), 0.0202734 secs] [Times: user=0.03 sys=0.00, real=0.02 secs] 
2375.530: [GC (Allocation Failure) [PSYoungGen: 416908K->184398K(465920K)] 1046660K->814552K(1357824K), 0.0202023 secs] [Times: user=0.03 sys=0.00, real=0.02 secs] 
2376.224: [GC (Allocation Failure) [PSYoungGen: 408134K->92608K(465920K)] 1038289K->722899K(1357824K), 0.0131170 secs] [Times: user=0.03 sys=0.00, real=0.01 secs] 
2377.285: [GC (Allocation Failure) [PSYoungGen: 325568K->38002K(465920K)] 955859K->668607K(1357824K), 0.0065067 secs] [Times: user=0.01 sys=0.00, real=0.00 secs] 
2377.569: [GC (Allocation Failure) [PSYoungGen: 270962K->183690K(465920K)] 901567K->815541K(1357824K), 0.0201238 secs] [Times: user=0.03 sys=0.00, real=0.02 secs] 
2377.852: [GC (Allocation Failure) [PSYoungGen: 416650K->184430K(465920K)] 1048501K->816553K(1357824K), 0.0202537 secs] [Times: user=0.03 sys=0.00, real=0.02 secs] 
2378.612: [GC (Allocation Failure) [PSYoungGen: 408481K->92640K(465920K)] 1040604K->725037K(1357824K), 0.0121937 secs] [Times: user=0.03 sys=0.00, real=0.02 secs] 
2380.033: [GC (Allocation Failure) [PSYoungGen: 325600K->37652K(465920K)] 957997K->670362K(1357824K), 0.0064800 secs] [Times: user=0.01 sys=0.00, real=0.00 secs] 
2380.389: [GC (Allocation Failure) [PSYoungGen: 270612K->184301K(465920K)] 903322K->818401K(1357824K), 0.0201931 secs] [Times: user=0.03 sys=0.00, real=0.02 secs] 
2380.671: [GC (Allocation Failure) [PSYoungGen: 417261K->184109K(465920K)] 1051361K->818361K(1357824K), 0.0202400 secs] [Times: user=0.02 sys=0.00, real=0.02 secs] 
2381.284: [GC (Allocation Failure) [PSYoungGen: 409146K->92640K(465920K)] 1043399K->727166K(1357824K), 0.0122134 secs] [Times: user=0.02 sys=0.00, real=0.01 secs] 
2382.084: [GC (Allocation Failure) [PSYoungGen: 325600K->38034K(465920K)] 960126K->672858K(1357824K), 0.0056449 secs] [Times: user=0.01 sys=0.00, real=0.00 secs] 
2382.362: [GC (Allocation Failure) [PSYoungGen: 270994K->184430K(465920K)] 905818K->820499K(1357824K), 0.0202762 secs] [Times: user=0.02 sys=0.00, real=0.02 secs] 
2382.651: [GC (Allocation Failure) [PSYoungGen: 417390K->184333K(465920K)] 1053459K->820675K(1357824K), 0.0204272 secs] [Times: user=0.02 sys=0.00, real=0.02 secs] 
2383.371: [GC (Allocation Failure) [PSYoungGen: 404870K->92014K(465920K)] 1041212K->728621K(1357824K), 0.0113648 secs] [Times: user=0.02 sys=0.00, real=0.01 secs] 
2384.816: [GC (Allocation Failure) [PSYoungGen: 324974K->37588K(465920K)] 961581K->674493K(1357824K), 0.0075382 secs] [Times: user=0.01 sys=0.00, real=0.01 secs] 
2385.123: [GC (Allocation Failure) [PSYoungGen: 270548K->186518K(465920K)] 907453K->824669K(1357824K), 0.0204107 secs] [Times: user=0.02 sys=0.00, real=0.02 secs] 
2385.410: [GC (Allocation Failure) [PSYoungGen: 419478K->183884K(465920K)] 1057629K->822436K(1357824K), 0.0202046 secs] [Times: user=0.02 sys=0.00, real=0.02 secs] 
2386.032: [GC (Allocation Failure) [PSYoungGen: 406101K->90664K(465920K)] 1044654K->729353K(1357824K), 0.0120590 secs] [Times: user=0.03 sys=0.00, real=0.02 secs] 
2386.848: [GC (Allocation Failure) [PSYoungGen: 323624K->38034K(465920K)] 962313K->676913K(1357824K), 0.0055956 secs] [Times: user=0.01 sys=0.00, real=0.01 secs] 
2387.117: [GC (Allocation Failure) [PSYoungGen: 270994K->184430K(465920K)] 909873K->824690K(1357824K), 0.0202543 secs] [Times: user=0.02 sys=0.00, real=0.02 secs] 
2387.402: [GC (Allocation Failure) [PSYoungGen: 417390K->184526K(465920K)] 1057650K->824939K(1357824K), 0.0202627 secs] [Times: user=0.03 sys=0.00, real=0.02 secs] 
2388.911: [GC (Allocation Failure) [PSYoungGen: 407083K->91773K(465920K)] 1047496K->732458K(1357824K), 0.0249981 secs] [Times: user=0.06 sys=0.00, real=0.03 secs] 
2391.096: [GC (Allocation Failure) [PSYoungGen: 324733K->37877K(465920K)] 965418K->678876K(1357824K), 0.0075969 secs] [Times: user=0.02 sys=0.00, real=0.01 secs] 
2391.402: [GC (Allocation Failure) [PSYoungGen: 270837K->184462K(465920K)] 911836K->826843K(1357824K), 0.0203413 secs] [Times: user=0.03 sys=0.00, real=0.02 secs] 
2391.692: [GC (Allocation Failure) [PSYoungGen: 417422K->184558K(465920K)] 1059803K->827092K(1357824K), 0.0204207 secs] [Times: user=0.03 sys=0.00, real=0.02 secs] 
2392.380: [GC (Allocation Failure) [PSYoungGen: 407106K->91869K(465920K)] 1049641K->734676K(1357824K), 0.0126137 secs] [Times: user=0.03 sys=0.00, real=0.02 secs] 
2393.247: [GC (Allocation Failure) [PSYoungGen: 324829K->38102K(465920K)] 967636K->681207K(1357824K), 0.0073139 secs] [Times: user=0.02 sys=0.00, real=0.01 secs] 
2393.584: [GC (Allocation Failure) [PSYoungGen: 271062K->184430K(465920K)] 914167K->828780K(1357824K), 0.0202905 secs] [Times: user=0.03 sys=0.00, real=0.02 secs] 
2393.920: [GC (Allocation Failure) [PSYoungGen: 417390K->184494K(465920K)] 1061740K->829118K(1357824K), 0.0202914 secs] [Times: user=0.03 sys=0.00, real=0.02 secs] 
2394.767: [GC (Allocation Failure) [PSYoungGen: 407035K->91596K(465920K)] 1051659K->736493K(1357824K), 0.0118529 secs] [Times: user=0.02 sys=0.00, real=0.01 secs] 
2395.734: [GC (Allocation Failure) [PSYoungGen: 324556K->37877K(465920K)] 969453K->683079K(1357824K), 0.0055300 secs] [Times: user=0.01 sys=0.00, real=0.00 secs] 
2396.004: [GC (Allocation Failure) [PSYoungGen: 270837K->184462K(465920K)] 916039K->830902K(1357824K), 0.0203112 secs] [Times: user=0.03 sys=0.00, real=0.02 secs] 
2396.294: [GC (Allocation Failure) [PSYoungGen: 417422K->184301K(465920K)] 1063862K->831022K(1357824K), 0.0202325 secs] [Times: user=0.03 sys=0.00, real=0.02 secs] 
2397.549: [GC (Allocation Failure) [PSYoungGen: 409347K->92142K(465920K)] 1056069K->739257K(1357824K), 0.0143225 secs] [Times: user=0.03 sys=0.00, real=0.02 secs] 
2399.224: [GC (Allocation Failure) [PSYoungGen: 325102K->37588K(465920K)] 972217K->684906K(1357824K), 0.0068138 secs] [Times: user=0.02 sys=0.00, real=0.00 secs] 
2399.517: [GC (Allocation Failure) [PSYoungGen: 270548K->184140K(465920K)] 917866K->832712K(1357824K), 0.0202963 secs] [Times: user=0.03 sys=0.00, real=0.02 secs] 
2399.803: [GC (Allocation Failure) [PSYoungGen: 417100K->184912K(465920K)] 1065672K->833765K(1357824K), 0.0203533 secs] [Times: user=0.03 sys=0.00, real=0.02 secs] 
2400.500: [GC (Allocation Failure) [PSYoungGen: 405738K->92158K(465920K)] 1054591K->741276K(1357824K), 0.0154664 secs] [Times: user=0.03 sys=0.01, real=0.02 secs] 
2401.306: [GC (Allocation Failure) [PSYoungGen: 325118K->38134K(465920K)] 974236K->687557K(1357824K), 0.0057005 secs] [Times: user=0.01 sys=0.00, real=0.00 secs] 
2401.644: [GC (Allocation Failure) [PSYoungGen: 271094K->184590K(465920K)] 920517K->835388K(1357824K), 0.0203008 secs] [Times: user=0.02 sys=0.00, real=0.02 secs] 
2401.932: [GC (Allocation Failure) [PSYoungGen: 417550K->184462K(465920K)] 1068348K->835412K(1357824K), 0.0201540 secs] [Times: user=0.03 sys=0.00, real=0.02 secs] 
2402.572: [GC (Allocation Failure) [PSYoungGen: 407097K->91644K(465920K)] 1058047K->742988K(1357824K), 0.0118393 secs] [Times: user=0.02 sys=0.00, real=0.02 secs] 
2403.387: [GC (Allocation Failure) [PSYoungGen: 324604K->38134K(465920K)] 975948K->689659K(1357824K), 0.0057273 secs] [Times: user=0.01 sys=0.00, real=0.00 secs] 
2403.659: [GC (Allocation Failure) [PSYoungGen: 271094K->184719K(465920K)] 922619K->837626K(1357824K), 0.0202993 secs] [Times: user=0.03 sys=0.00, real=0.02 secs] 
2403.943: [GC (Allocation Failure) [PSYoungGen: 417679K->184687K(465920K)] 1070586K->837747K(1357824K), 0.0202588 secs] [Times: user=0.02 sys=0.00, real=0.02 secs] 
2404.632: [GC (Allocation Failure) [PSYoungGen: 407105K->91242K(465920K)] 1060166K->744568K(1357824K), 0.0111969 secs] [Times: user=0.02 sys=0.00, real=0.02 secs] 
2405.448: [GC (Allocation Failure) [PSYoungGen: 324202K->38005K(465920K)] 977528K->691638K(1357824K), 0.0056852 secs] [Times: user=0.01 sys=0.00, real=0.01 secs] 
2405.716: [GC (Allocation Failure) [PSYoungGen: 270965K->183948K(465920K)] 924598K->838826K(1357824K), 0.0203433 secs] [Times: user=0.02 sys=0.00, real=0.02 secs] 
2406.000: [GC (Allocation Failure) [PSYoungGen: 416908K->184815K(465920K)] 1071786K->839975K(1357824K), 0.0203347 secs] [Times: user=0.03 sys=0.00, real=0.02 secs] 
2407.909: [GC (Allocation Failure) [PSYoungGen: 410133K->92030K(465920K)] 1065293K->747583K(1357824K), 0.0123920 secs] [Times: user=0.03 sys=0.00, real=0.01 secs] 
2408.981: [GC (Allocation Failure) [PSYoungGen: 324990K->37906K(465920K)] 980543K->693638K(1357824K), 0.0060778 secs] [Times: user=0.01 sys=0.00, real=0.01 secs] 
2409.251: [GC (Allocation Failure) [PSYoungGen: 270866K->184237K(465920K)] 926598K->841222K(1357824K), 0.0203987 secs] [Times: user=0.03 sys=0.00, real=0.02 secs] 
2409.536: [GC (Allocation Failure) [PSYoungGen: 417197K->184590K(465920K)] 1074182K->841978K(1357824K), 0.0211431 secs] [Times: user=0.03 sys=0.01, real=0.02 secs] 
2410.677: [GC (Allocation Failure) [PSYoungGen: 409754K->92126K(465920K)] 1067142K->749674K(1357824K), 0.0177476 secs] [Times: user=0.04 sys=0.00, real=0.02 secs] 
2411.580: [GC (Allocation Failure) [PSYoungGen: 325086K->38163K(465920K)] 982634K->696033K(1357824K), 0.0070790 secs] [Times: user=0.02 sys=0.00, real=0.01 secs] 
2411.927: [GC (Allocation Failure) [PSYoungGen: 271123K->184687K(465920K)] 928993K->843810K(1357824K), 0.0203496 secs] [Times: user=0.03 sys=0.00, real=0.02 secs] 
2412.212: [GC (Allocation Failure) [PSYoungGen: 417647K->184687K(465920K)] 1076770K->844083K(1357824K), 0.0203491 secs] [Times: user=0.03 sys=0.00, real=0.02 secs] 
2413.970: [GC (Allocation Failure) [PSYoungGen: 407114K->91258K(465920K)] 1066510K->750920K(1357824K), 0.0186619 secs] [Times: user=0.04 sys=0.00, real=0.02 secs] 
2416.218: [GC (Allocation Failure) [PSYoungGen: 324218K->37716K(465920K)] 983880K->697678K(1357824K), 0.0084190 secs] [Times: user=0.02 sys=0.00, real=0.01 secs] 
2416.541: [GC (Allocation Failure) [PSYoungGen: 270676K->183980K(465920K)] 930638K->845187K(1357824K), 0.0201948 secs] [Times: user=0.03 sys=0.00, real=0.02 secs] 
2416.824: [GC (Allocation Failure) [PSYoungGen: 416940K->184430K(465920K)] 1078147K->846046K(1357824K), 0.0204166 secs] [Times: user=0.03 sys=0.00, real=0.02 secs] 
2418.716: [GC (Allocation Failure) [PSYoungGen: 409785K->92608K(465920K)] 1071402K->754369K(1357824K), 0.0219285 secs] [Times: user=0.05 sys=0.01, real=0.02 secs] 
2420.187: [GC (Allocation Failure) [PSYoungGen: 325568K->37809K(465920K)] 987329K->699884K(1357824K), 0.0055893 secs] [Times: user=0.01 sys=0.00, real=0.00 secs] 
2420.455: [GC (Allocation Failure) [PSYoungGen: 270769K->184076K(465920K)] 932844K->847413K(1357824K), 0.0202668 secs] [Times: user=0.03 sys=0.00, real=0.02 secs] 
2420.789: [GC (Allocation Failure) [PSYoungGen: 417036K->184526K(465920K)] 1080373K->848144K(1357824K), 0.0204115 secs] [Times: user=0.03 sys=0.00, real=0.02 secs] 
2421.914: [GC (Allocation Failure) [PSYoungGen: 409686K->92335K(465920K)] 1073303K->756218K(1357824K), 0.0130380 secs] [Times: user=0.02 sys=0.00, real=0.01 secs] 
2422.737: [GC (Allocation Failure) [PSYoungGen: 325295K->38102K(465920K)] 989178K->702300K(1357824K), 0.0080249 secs] [Times: user=0.02 sys=0.00, real=0.01 secs] 
2423.094: [GC (Allocation Failure) [PSYoungGen: 271062K->184590K(465920K)] 935260K->850042K(1357824K), 0.0204901 secs] [Times: user=0.03 sys=0.00, real=0.02 secs] 
2423.389: [GC (Allocation Failure) [PSYoungGen: 417550K->184815K(465920K)] 1083002K->850541K(1357824K), 0.0205026 secs] [Times: user=0.03 sys=0.01, real=0.02 secs] 
2424.956: [GC (Allocation Failure) [PSYoungGen: 407186K->91194K(465920K)] 1072912K->757193K(1357824K), 0.0189698 secs] [Times: user=0.04 sys=0.00, real=0.02 secs] 
2426.526: [GC (Allocation Failure) [PSYoungGen: 324154K->37780K(465920K)] 990153K->704079K(1357824K), 0.0066757 secs] [Times: user=0.02 sys=0.00, real=0.00 secs] 
2426.812: [GC (Allocation Failure) [PSYoungGen: 270740K->184719K(465920K)] 937039K->852255K(1357824K), 0.0204661 secs] [Times: user=0.03 sys=0.00, real=0.02 secs] 
2427.096: [GC (Allocation Failure) [PSYoungGen: 417679K->184687K(465920K)] 1085215K->852504K(1357824K), 0.0204572 secs] [Times: user=0.02 sys=0.00, real=0.02 secs] 
2428.142: [GC (Allocation Failure) [PSYoungGen: 407238K->91612K(465920K)] 1075055K->759694K(1357824K), 0.0146170 secs] [Times: user=0.03 sys=0.00, real=0.02 secs] 
2428.947: [GC (Allocation Failure) [PSYoungGen: 324572K->38291K(465920K)] 992654K->706690K(1357824K), 0.0057054 secs] [Times: user=0.01 sys=0.00, real=0.01 secs] 
2429.216: [GC (Allocation Failure) [PSYoungGen: 271251K->184719K(465920K)] 939650K->854371K(1357824K), 0.0203273 secs] [Times: user=0.03 sys=0.00, real=0.02 secs] 
2429.501: [GC (Allocation Failure) [PSYoungGen: 417679K->184783K(465920K)] 1087331K->854724K(1357824K), 0.0204285 secs] [Times: user=0.03 sys=0.00, real=0.02 secs] 
2430.129: [GC (Allocation Failure) [PSYoungGen: 407070K->91098K(465920K)] 1077011K->761328K(1357824K), 0.0108024 secs] [Times: user=0.02 sys=0.00, real=0.01 secs] 
2430.929: [GC (Allocation Failure) [PSYoungGen: 324058K->38005K(465920K)] 994288K->708537K(1357824K), 0.0056732 secs] [Times: user=0.01 sys=0.00, real=0.01 secs] 
2431.199: [GC (Allocation Failure) [PSYoungGen: 270965K->183916K(465920K)] 941497K->855701K(1357824K), 0.0202295 secs] [Times: user=0.03 sys=0.00, real=0.02 secs] 
2431.483: [GC (Allocation Failure) [PSYoungGen: 416876K->184815K(465920K)] 1088661K->856882K(1357824K), 0.0204145 secs] [Times: user=0.03 sys=0.00, real=0.02 secs] 
2433.594: [GC (Allocation Failure) [PSYoungGen: 410133K->91966K(465920K)] 1082200K->764426K(1357824K), 0.0191180 secs] [Times: user=0.04 sys=0.00, real=0.02 secs] 
2435.056: [GC (Allocation Failure) [PSYoungGen: 324926K->37877K(465920K)] 997386K->710522K(1357824K), 0.0055333 secs] [Times: user=0.01 sys=0.00, real=0.00 secs] 
2435.325: [GC (Allocation Failure) [PSYoungGen: 270837K->184719K(465920K)] 943482K->858746K(1357824K), 0.0204432 secs] [Times: user=0.02 sys=0.01, real=0.02 secs] 
2435.613: [GC (Allocation Failure) [PSYoungGen: 417679K->184687K(465920K)] 1091706K->858995K(1357824K), 0.0205008 secs] [Times: user=0.03 sys=0.00, real=0.03 secs] 
2436.250: [GC (Allocation Failure) [PSYoungGen: 407130K->91499K(465920K)] 1081439K->766081K(1357824K), 0.0116957 secs] [Times: user=0.02 sys=0.00, real=0.01 secs] 
2437.055: [GC (Allocation Failure) [PSYoungGen: 324459K->38034K(465920K)] 999041K->712804K(1357824K), 0.0056451 secs] [Times: user=0.01 sys=0.00, real=0.00 secs] 
2437.322: [GC (Allocation Failure) [PSYoungGen: 270994K->183948K(465920K)] 945764K->859962K(1357824K), 0.0202497 secs] [Times: user=0.03 sys=0.00, real=0.02 secs] 
2437.611: [GC (Allocation Failure) [PSYoungGen: 416908K->184430K(465920K)] 1092922K->860846K(1357824K), 0.0203876 secs] [Times: user=0.03 sys=0.00, real=0.02 secs] 
2438.220: [GC (Allocation Failure) [PSYoungGen: 409663K->92351K(465920K)] 1086079K->768904K(1357824K), 0.0111334 secs] [Times: user=0.02 sys=0.00, real=0.01 secs] 
2439.020: [GC (Allocation Failure) [PSYoungGen: 325311K->37973K(465920K)] 1001864K->714842K(1357824K), 0.0055843 secs] [Times: user=0.01 sys=0.00, real=0.01 secs] 
2439.344: [GC (Allocation Failure) [PSYoungGen: 270933K->184751K(465920K)] 947802K->862865K(1357824K), 0.0204316 secs] [Times: user=0.03 sys=0.00, real=0.02 secs] 
2439.632: [GC (Allocation Failure) [PSYoungGen: 417711K->184655K(465920K)] 1095825K->863066K(1357824K), 0.0204839 secs] [Times: user=0.03 sys=0.00, real=0.02 secs] 
2440.940: [GC (Allocation Failure) [PSYoungGen: 407200K->91307K(465920K)] 1085612K->769984K(1357824K), 0.0136722 secs] [Times: user=0.03 sys=0.00, real=0.02 secs] 
2442.962: [GC (Allocation Failure) [PSYoungGen: 324267K->37360K(465920K)] 1002944K->716350K(1357824K), 0.0072621 secs] [Times: user=0.02 sys=0.00, real=0.01 secs] 
2443.339: [GC (Allocation Failure) [PSYoungGen: 270320K->183819K(465920K)] 949310K->864055K(1357824K), 0.0203579 secs] [Times: user=0.03 sys=0.00, real=0.02 secs] 
2443.621: [GC (Allocation Failure) [PSYoungGen: 416779K->184398K(465920K)] 1097015K->864907K(1357824K), 0.0203195 secs] [Times: user=0.03 sys=0.00, real=0.02 secs] 
2444.790: [GC (Allocation Failure) [PSYoungGen: 409635K->93154K(465920K)] 1090144K->773945K(1357824K), 0.0133261 secs] [Times: user=0.03 sys=0.01, real=0.02 secs] 
2445.659: [GC (Allocation Failure) [PSYoungGen: 326114K->38005K(465920K)] 1006905K->719096K(1357824K), 0.0055780 secs] [Times: user=0.02 sys=0.00, real=0.01 secs] 
2445.927: [GC (Allocation Failure) [PSYoungGen: 270965K->184719K(465920K)] 952056K->867063K(1357824K), 0.0202916 secs] [Times: user=0.03 sys=0.00, real=0.02 secs] 
2446.272: [GC (Allocation Failure) [PSYoungGen: 417679K->184655K(465920K)] 1100023K->867408K(1357824K), 0.0205368 secs] [Times: user=0.03 sys=0.00, real=0.02 secs] 
2447.033: [GC (Allocation Failure) [PSYoungGen: 407096K->91371K(465920K)] 1089850K->774398K(1357824K), 0.0127320 secs] [Times: user=0.03 sys=0.00, real=0.01 secs] 
2448.429: [GC (Allocation Failure) [PSYoungGen: 324331K->37716K(465920K)] 1007358K->720936K(1357824K), 0.0071249 secs] [Times: user=0.02 sys=0.00, real=0.01 secs] 
2448.721: [GC (Allocation Failure) [PSYoungGen: 270676K->183948K(465920K)] 953896K->868413K(1357824K), 0.0206173 secs] [Times: user=0.03 sys=0.00, real=0.02 secs] 
2449.006: [GC (Allocation Failure) [PSYoungGen: 416908K->184462K(465920K)] 1101373K->869200K(1357824K), 0.0204102 secs] [Times: user=0.02 sys=0.00, real=0.02 secs] 
2450.264: [GC (Allocation Failure) [PSYoungGen: 409822K->92608K(465920K)] 1094560K->777612K(1357824K), 0.0262694 secs] [Times: user=0.05 sys=0.00, real=0.02 secs] 
2451.687: [GC (Allocation Failure) [PSYoungGen: 325568K->37973K(465920K)] 1010572K->723292K(1357824K), 0.0097721 secs] [Times: user=0.03 sys=0.00, real=0.01 secs] 
2452.084: [GC (Allocation Failure) [PSYoungGen: 270933K->184719K(465920K)] 956252K->871283K(1357824K), 0.0203778 secs] [Times: user=0.03 sys=0.00, real=0.02 secs] 
2452.374: [GC (Allocation Failure) [PSYoungGen: 417679K->184655K(465920K)] 1104243K->871492K(1357824K), 0.0203979 secs] [Times: user=0.03 sys=0.01, real=0.02 secs] 
2454.300: [GC (Allocation Failure) [PSYoungGen: 407224K->91307K(465920K)] 1094062K->778418K(1357824K), 0.0146701 secs] [Times: user=0.03 sys=0.00, real=0.02 secs] 
2456.417: [GC (Allocation Failure) [PSYoungGen: 324267K->37874K(465920K)] 1011378K->725293K(1357824K), 0.0079637 secs] [Times: user=0.02 sys=0.00, real=0.01 secs] 
2456.732: [GC (Allocation Failure) [PSYoungGen: 270834K->184719K(465920K)] 958253K->873512K(1357824K), 0.0203589 secs] [Times: user=0.02 sys=0.00, real=0.02 secs] 
2457.077: [GC (Allocation Failure) [PSYoungGen: 417679K->184687K(465920K)] 1106472K->873624K(1357824K), 0.0203122 secs] [Times: user=0.03 sys=0.00, real=0.02 secs] 
2458.312: [GC (Allocation Failure) [PSYoungGen: 407250K->91516K(465920K)] 1096188K->780726K(1357824K), 0.0146088 secs] [Times: user=0.04 sys=0.00, real=0.02 secs] 
2460.379: [GC (Allocation Failure) [PSYoungGen: 324476K->37363K(465920K)] 1013686K->726873K(1357824K), 0.0070818 secs] [Times: user=0.01 sys=0.00, real=0.01 secs] 
2460.675: [GC (Allocation Failure) [PSYoungGen: 270323K->183819K(465920K)] 959833K->874591K(1357824K), 0.0202405 secs] [Times: user=0.03 sys=0.00, real=0.02 secs] 
2460.958: [GC (Allocation Failure) [PSYoungGen: 416779K->184462K(465920K)] 1107551K->875515K(1357824K), 0.0203053 secs] [Times: user=0.02 sys=0.00, real=0.02 secs] 
2462.386: [GC (Allocation Failure) [PSYoungGen: 408284K->93170K(465920K)] 1099337K->784497K(1357824K), 0.0206603 secs] [Times: user=0.04 sys=0.00, real=0.02 secs] 
2463.961: [GC (Allocation Failure) [PSYoungGen: 326130K->37845K(465920K)] 1017457K->729485K(1357824K), 0.0069905 secs] [Times: user=0.01 sys=0.00, real=0.01 secs] 
2464.261: [GC (Allocation Failure) [PSYoungGen: 270805K->184462K(465920K)] 962445K->877355K(1357824K), 0.0203492 secs] [Times: user=0.03 sys=0.00, real=0.02 secs] 
2464.610: [GC (Allocation Failure) [PSYoungGen: 417422K->184301K(465920K)] 1110315K->877468K(1357824K), 0.0201910 secs] [Times: user=0.03 sys=0.00, real=0.02 secs] 
2465.726: [GC (Allocation Failure) [PSYoungGen: 409346K->92110K(465920K)] 1102512K->785679K(1357824K), 0.0148721 secs] [Times: user=0.03 sys=0.00, real=0.01 secs] 
2467.226: [GC (Allocation Failure) [PSYoungGen: 325070K->37874K(465920K)] 1018639K->731614K(1357824K), 0.0095925 secs] [Times: user=0.03 sys=0.00, real=0.01 secs] 
2467.568: [GC (Allocation Failure) [PSYoungGen: 270834K->184719K(465920K)] 964574K->879712K(1357824K), 0.0205109 secs] [Times: user=0.02 sys=0.00, real=0.02 secs] 
2467.852: [GC (Allocation Failure) [PSYoungGen: 417679K->184719K(465920K)] 1112672K->879985K(1357824K), 0.0203150 secs] [Times: user=0.03 sys=0.00, real=0.02 secs] 
2468.466: [GC (Allocation Failure) [PSYoungGen: 407272K->91499K(465920K)] 1102539K->787031K(1357824K), 0.0127234 secs] [Times: user=0.03 sys=0.00, real=0.01 secs] 
2469.274: [GC (Allocation Failure) [PSYoungGen: 324459K->38005K(465920K)] 1019991K->733851K(1357824K), 0.0056033 secs] [Times: user=0.01 sys=0.00, real=0.00 secs] 
2469.544: [GC (Allocation Failure) [PSYoungGen: 270965K->183980K(465920K)] 966811K->881079K(1357824K), 0.0203977 secs] [Times: user=0.03 sys=0.00, real=0.02 secs] 
2469.832: [GC (Allocation Failure) [PSYoungGen: 416940K->184366K(465920K)] 1114039K->881762K(1357824K), 0.0203844 secs] [Times: user=0.03 sys=0.00, real=0.02 secs] 
2470.827: [GC (Allocation Failure) [PSYoungGen: 408053K->92415K(465920K)] 1105449K->790084K(1357824K), 0.0124262 secs] [Times: user=0.03 sys=0.00, real=0.01 secs] 
2471.976: [GC (Allocation Failure) [PSYoungGen: 325375K->37716K(465920K)] 1023044K->735695K(1357824K), 0.0066676 secs] [Times: user=0.02 sys=0.00, real=0.00 secs] 
2472.258: [GC (Allocation Failure) [PSYoungGen: 270676K->184462K(465920K)] 968655K->883686K(1357824K), 0.0203135 secs] [Times: user=0.02 sys=0.00, real=0.02 secs] 
2472.542: [GC (Allocation Failure) [PSYoungGen: 417422K->184526K(465920K)] 1116646K->884024K(1357824K), 0.0203674 secs] [Times: user=0.03 sys=0.00, real=0.03 secs] 
2473.224: [GC (Allocation Failure) [PSYoungGen: 407578K->92030K(465920K)] 1107076K->791800K(1357824K), 0.0171134 secs] [Times: user=0.04 sys=0.00, real=0.01 secs] 
2474.589: [GC (Allocation Failure) [PSYoungGen: 324990K->37845K(465920K)] 1024760K->737924K(1357824K), 0.0092502 secs] [Times: user=0.03 sys=0.00, real=0.01 secs] 
2474.938: [GC (Allocation Failure) [PSYoungGen: 270805K->183819K(465920K)] 970884K->885144K(1357824K), 0.0202190 secs] [Times: user=0.03 sys=0.00, real=0.02 secs] 
2475.282: [GC (Allocation Failure) [PSYoungGen: 416779K->184269K(465920K)] 1118104K->885995K(1357824K), 0.0203504 secs] [Times: user=0.03 sys=0.00, real=0.02 secs] 
2476.405: [GC (Allocation Failure) [PSYoungGen: 409529K->92769K(465920K)] 1111255K->794639K(1357824K), 0.0125771 secs] [Times: user=0.02 sys=0.00, real=0.01 secs] 
2477.221: [GC (Allocation Failure) [PSYoungGen: 325729K->38002K(465920K)] 1027599K->740183K(1357824K), 0.0056165 secs] [Times: user=0.01 sys=0.00, real=0.01 secs] 
2477.489: [GC (Allocation Failure) [PSYoungGen: 270962K->184076K(465920K)] 973143K->887510K(1357824K), 0.0204028 secs] [Times: user=0.03 sys=0.00, real=0.02 secs] 
2477.773: [GC (Allocation Failure) [PSYoungGen: 417036K->184590K(465920K)] 1120470K->888298K(1357824K), 0.0203459 secs] [Times: user=0.03 sys=0.00, real=0.02 secs] 
2479.729: [GC (Allocation Failure) [PSYoungGen: 409793K->92158K(465920K)] 1113500K->796131K(1357824K), 0.0153604 secs] [Times: user=0.03 sys=0.00, real=0.02 secs] 
2481.508: [GC (Allocation Failure) [PSYoungGen: 325118K->37748K(465920K)] 1029091K->742036K(1357824K), 0.0056120 secs] [Times: user=0.01 sys=0.00, real=0.01 secs] 
2481.777: [GC (Allocation Failure) [PSYoungGen: 270708K->184205K(465920K)] 974996K->889746K(1357824K), 0.0203034 secs] [Times: user=0.02 sys=0.00, real=0.02 secs] 
2482.061: [GC (Allocation Failure) [PSYoungGen: 417165K->184526K(465920K)] 1122706K->890349K(1357824K), 0.0202990 secs] [Times: user=0.03 sys=0.00, real=0.02 secs] 
2483.687: [GC (Allocation Failure) [PSYoungGen: 409688K->92319K(465920K)] 1115511K->798415K(1357824K), 0.0132571 secs] [Times: user=0.03 sys=0.00, real=0.01 secs] 
2485.993: [GC (Allocation Failure) [PSYoungGen: 325279K->37745K(465920K)] 1031375K->744157K(1357824K), 0.0080013 secs] [Times: user=0.02 sys=0.00, real=0.00 secs] 
2486.309: [GC (Allocation Failure) [PSYoungGen: 270705K->184333K(465920K)] 977117K->891998K(1357824K), 0.0203726 secs] [Times: user=0.03 sys=0.00, real=0.02 secs] 
2486.593: [GC (Allocation Failure) [PSYoungGen: 417293K->184719K(465920K)] 1124958K->892665K(1357824K), 0.0204019 secs] [Times: user=0.03 sys=0.00, real=0.02 secs] 
2488.847: [GC (Allocation Failure) [PSYoungGen: 407298K->91998K(465920K)] 1115244K->800217K(1357824K), 0.0152796 secs] [Times: user=0.04 sys=0.00, real=0.01 secs] 
2490.455: [GC (Allocation Failure) [PSYoungGen: 324958K->37620K(465920K)] 1033177K->746139K(1357824K), 0.0070531 secs] [Times: user=0.02 sys=0.00, real=0.00 secs] 
2490.744: [GC (Allocation Failure) [PSYoungGen: 270580K->183658K(465920K)] 979099K->893431K(1357824K), 0.0204966 secs] [Times: user=0.03 sys=0.00, real=0.02 secs] 
2491.034: [GC (Allocation Failure) [PSYoungGen: 416618K->184655K(465920K)] 1126391K->894709K(1357824K), 0.0205602 secs] [Times: user=0.03 sys=0.00, real=0.02 secs] 
2491.737: [GC (Allocation Failure) [PSYoungGen: 410047K->92769K(465920K)] 1120101K->803088K(1357824K), 0.0111620 secs] [Times: user=0.02 sys=0.00, real=0.01 secs] 
2492.769: [GC (Allocation Failure) [PSYoungGen: 325729K->37906K(465920K)] 1036048K->748531K(1357824K), 0.0056191 secs] [Times: user=0.01 sys=0.00, real=0.01 secs] 
2493.037: [GC (Allocation Failure) [PSYoungGen: 270866K->184076K(465920K)] 981491K->895946K(1357824K), 0.0202718 secs] [Times: user=0.02 sys=0.00, real=0.02 secs] 
2493.321: [GC (Allocation Failure) [PSYoungGen: 417036K->184558K(465920K)] 1128906K->896702K(1357824K), 0.0204649 secs] [Times: user=0.02 sys=0.00, real=0.02 secs] 
2495.259: [GC (Allocation Failure) [PSYoungGen: 409745K->92255K(465920K)] 1121889K->804663K(1357824K), 0.0126495 secs] [Times: user=0.02 sys=0.00, real=0.01 secs] 
2496.173: [GC (Allocation Failure) [PSYoungGen: 325215K->38005K(465920K)] 1037623K->750722K(1357824K), 0.0057382 secs] [Times: user=0.02 sys=0.00, real=0.01 secs] 
2496.442: [GC (Allocation Failure) [PSYoungGen: 270965K->183787K(465920K)] 983682K->897757K(1357824K), 0.0203311 secs] [Times: user=0.02 sys=0.00, real=0.02 secs] 
2496.730: [GC (Allocation Failure) [PSYoungGen: 416747K->183658K(465920K)] 1130717K->897902K(1357824K), 0.0203262 secs] [Times: user=0.03 sys=0.00, real=0.02 secs] 
2497.977: [GC (Allocation Failure) [PSYoungGen: 410402K->93315K(465920K)] 1124645K->807695K(1357824K), 0.0219614 secs] [Times: user=0.05 sys=0.00, real=0.02 secs] 
2499.807: [GC (Allocation Failure) [PSYoungGen: 326275K->38034K(465920K)] 1040655K->752738K(1357824K), 0.0082922 secs] [Times: user=0.02 sys=0.00, real=0.01 secs] 
2500.126: [GC (Allocation Failure) [PSYoungGen: 270994K->184847K(465920K)] 985698K->900925K(1357824K), 0.0204911 secs] [Times: user=0.03 sys=0.00, real=0.02 secs] 
2500.410: [GC (Allocation Failure) [PSYoungGen: 417807K->184719K(465920K)] 1133885K->901069K(1357824K), 0.0204527 secs] [Times: user=0.03 sys=0.00, real=0.02 secs] 
2501.583: [GC (Allocation Failure) [PSYoungGen: 407132K->91226K(465920K)] 1123482K->807714K(1357824K), 0.0153152 secs] [Times: user=0.03 sys=0.01, real=0.01 secs] 
2503.167: [GC (Allocation Failure) [PSYoungGen: 324186K->37617K(465920K)] 1040674K->754412K(1357824K), 0.0070869 secs] [Times: user=0.02 sys=0.00, real=0.01 secs] 
2503.526: [GC (Allocation Failure) [PSYoungGen: 270577K->183948K(465920K)] 987372K->901988K(1357824K), 0.0202875 secs] [Times: user=0.03 sys=0.00, real=0.02 secs] 
2503.809: [GC (Allocation Failure) [PSYoungGen: 416908K->184462K(465920K)] 1134948K->902775K(1357824K), 0.0205226 secs] [Times: user=0.02 sys=0.00, real=0.02 secs] 
2504.983: [GC (Allocation Failure) [PSYoungGen: 409676K->92769K(465920K)] 1127990K->811355K(1357824K), 0.0148536 secs] [Times: user=0.03 sys=0.01, real=0.01 secs] 
2506.099: [GC (Allocation Failure) [PSYoungGen: 325729K->37877K(465920K)] 1044315K->756771K(1357824K), 0.0056085 secs] [Times: user=0.01 sys=0.00, real=0.01 secs] 
2506.368: [GC (Allocation Failure) [PSYoungGen: 270837K->184719K(465920K)] 989731K->904867K(1357824K), 0.0203494 secs] [Times: user=0.03 sys=0.00, real=0.02 secs] 
2506.653: [GC (Allocation Failure) [PSYoungGen: 417679K->184687K(465920K)] 1137827K->905237K(1357824K), 0.0203970 secs] [Times: user=0.02 sys=0.00, real=0.03 secs] 
2508.174: [GC (Allocation Failure) [PSYoungGen: 407127K->91516K(465920K)] 1127676K->812338K(1357824K), 0.0136992 secs] [Times: user=0.03 sys=0.00, real=0.01 secs] 
2510.249: [GC (Allocation Failure) [PSYoungGen: 324476K->37938K(465920K)] 1045298K->758942K(1357824K), 0.0056746 secs] [Times: user=0.02 sys=0.00, real=0.01 secs] 
2510.520: [GC (Allocation Failure) [PSYoungGen: 270898K->184976K(465920K)] 991902K->907242K(1357824K), 0.0203993 secs] [Times: user=0.03 sys=0.00, real=0.02 secs] 
2510.851: [GC (Allocation Failure) [PSYoungGen: 417936K->183851K(465920K)] 1140202K->906390K(1357824K), 0.0203199 secs] [Times: user=0.03 sys=0.00, real=0.02 secs] 
2512.697: [GC (Allocation Failure) [PSYoungGen: 409373K->92142K(465920K)] 1131912K->814954K(1357824K), 0.0162510 secs] [Times: user=0.03 sys=0.00, real=0.02 secs] 
2514.396: [GC (Allocation Failure) [PSYoungGen: 325102K->37874K(465920K)] 1047914K->760984K(1357824K), 0.0072183 secs] [Times: user=0.02 sys=0.00, real=0.01 secs] 
2514.694: [GC (Allocation Failure) [PSYoungGen: 270834K->184558K(465920K)] 993944K->908922K(1357824K), 0.0202977 secs] [Times: user=0.03 sys=0.00, real=0.02 secs] 
2515.033: [GC (Allocation Failure) [PSYoungGen: 417518K->184269K(465920K)] 1141882K->908906K(1357824K), 0.0204477 secs] [Times: user=0.02 sys=0.00, real=0.02 secs] 
2516.256: [GC (Allocation Failure) [PSYoungGen: 409148K->91998K(465920K)] 1133784K->816907K(1357824K), 0.0192856 secs] [Times: user=0.04 sys=0.00, real=0.02 secs] 
2517.063: [GC (Allocation Failure) [PSYoungGen: 324958K->38002K(465920K)] 1049867K->763218K(1357824K), 0.0056288 secs] [Times: user=0.01 sys=0.00, real=0.01 secs] 
2517.332: [GC (Allocation Failure) [PSYoungGen: 270962K->184173K(465920K)] 996178K->910641K(1357824K), 0.0203170 secs] [Times: user=0.03 sys=0.00, real=0.02 secs] 
2517.675: [GC (Allocation Failure) [PSYoungGen: 417133K->184622K(465920K)] 1143601K->911364K(1357824K), 0.0203827 secs] [Times: user=0.03 sys=0.00, real=0.02 secs] 
2519.253: [GC (Allocation Failure) [PSYoungGen: 407685K->91998K(465920K)] 1134427K->819013K(1357824K), 0.0249626 secs] [Times: user=0.05 sys=0.00, real=0.02 secs] 
2521.606: [GC (Allocation Failure) [PSYoungGen: 324958K->37877K(465920K)] 1051973K->765192K(1357824K), 0.0071025 secs] [Times: user=0.02 sys=0.00, real=0.01 secs] 
2521.907: [GC (Allocation Failure) [PSYoungGen: 270837K->184462K(465920K)] 998152K->913159K(1357824K), 0.0203628 secs] [Times: user=0.03 sys=0.00, real=0.02 secs] 
2522.190: [GC (Allocation Failure) [PSYoungGen: 417422K->184558K(465920K)] 1146119K->913400K(1357824K), 0.0202604 secs] [Times: user=0.03 sys=0.00, real=0.02 secs] 
2523.959: [GC (Allocation Failure) [PSYoungGen: 407108K->91901K(465920K)] 1135950K->821008K(1357824K), 0.0211353 secs] [Times: user=0.05 sys=0.00, real=0.02 secs] 
2526.014: [GC (Allocation Failure) [PSYoungGen: 324861K->37684K(465920K)] 1053968K->767091K(1357824K), 0.0079756 secs] [Times: user=0.02 sys=0.00, real=0.00 secs] 
2526.321: [GC (Allocation Failure) [PSYoungGen: 270644K->184462K(465920K)] 1000051K->915114K(1357824K), 0.0205017 secs] [Times: user=0.03 sys=0.00, real=0.02 secs] 
2526.663: [GC (Allocation Failure) [PSYoungGen: 417422K->184301K(465920K)] 1148074K->915234K(1357824K), 0.0206122 secs] [Times: user=0.03 sys=0.00, real=0.02 secs] 
2528.035: [GC (Allocation Failure) [PSYoungGen: 409349K->92271K(465920K)] 1140282K->823597K(1357824K), 0.0178264 secs] [Times: user=0.04 sys=0.00, real=0.01 secs] 
2530.092: [GC (Allocation Failure) [PSYoungGen: 325231K->37620K(465920K)] 1056557K->769126K(1357824K), 0.0078378 secs] [Times: user=0.02 sys=0.00, real=0.01 secs] 
2530.401: [GC (Allocation Failure) [PSYoungGen: 270580K->184687K(465920K)] 1002086K->917454K(1357824K), 0.0204501 secs] [Times: user=0.03 sys=0.00, real=0.02 secs] 
2530.692: [GC (Allocation Failure) [PSYoungGen: 417647K->184687K(465920K)] 1150414K->917735K(1357824K), 0.0205601 secs] [Times: user=0.03 sys=0.00, real=0.02 secs] 
2531.814: [GC (Allocation Failure) [PSYoungGen: 407503K->91709K(465920K)] 1140551K->825030K(1357824K), 0.0123710 secs] [Times: user=0.02 sys=0.00, real=0.01 secs] 
2533.163: [GC (Allocation Failure) [PSYoungGen: 324669K->37748K(465920K)] 1057990K->771370K(1357824K), 0.0058428 secs] [Times: user=0.01 sys=0.00, real=0.00 secs] 
2533.434: [GC (Allocation Failure) [PSYoungGen: 270708K->184687K(465920K)] 1004330K->919690K(1357824K), 0.0204685 secs] [Times: user=0.03 sys=0.00, real=0.02 secs] 
2533.783: [GC (Allocation Failure) [PSYoungGen: 417647K->184687K(465920K)] 1152650K->919835K(1357824K), 0.0204733 secs] [Times: user=0.03 sys=0.00, real=0.03 secs] 
2534.471: [GC (Allocation Failure) [PSYoungGen: 407251K->91564K(465920K)] 1142400K->826977K(1357824K), 0.0122554 secs] [Times: user=0.02 sys=0.00, real=0.02 secs] 
2535.341: [GC (Allocation Failure) [PSYoungGen: 324524K->38002K(465920K)] 1059937K->773731K(1357824K), 0.0073325 secs] [Times: user=0.02 sys=0.00, real=0.01 secs] 
2535.697: [GC (Allocation Failure) [PSYoungGen: 270962K->183916K(465920K)] 1006691K->920890K(1357824K), 0.0204063 secs] [Times: user=0.03 sys=0.00, real=0.02 secs] 
2535.985: [GC (Allocation Failure) [PSYoungGen: 416876K->184430K(465920K)] 1153850K->921806K(1357824K), 0.0207950 secs] [Times: user=0.03 sys=0.00, real=0.02 secs] 
2538.849: [GC (Allocation Failure) [PSYoungGen: 409664K->92351K(465920K)] 1147041K->829872K(1357824K), 0.0259492 secs] [Times: user=0.06 sys=0.00, real=0.03 secs] 
2541.266: [GC (Allocation Failure) [PSYoungGen: 325311K->37877K(465920K)] 1062832K->775705K(1357824K), 0.0078467 secs] [Times: user=0.02 sys=0.00, real=0.01 secs] 
2541.659: [GC (Allocation Failure) [PSYoungGen: 270837K->184719K(465920K)] 1008665K->923809K(1357824K), 0.0204530 secs] [Times: user=0.02 sys=0.00, real=0.02 secs] 
2541.943: [GC (Allocation Failure) [PSYoungGen: 417679K->184655K(465920K)] 1156769K->924146K(1357824K), 0.0203909 secs] [Times: user=0.03 sys=0.00, real=0.03 secs] 
2542.671: [GC (Allocation Failure) [PSYoungGen: 407095K->91452K(465920K)] 1146586K->831216K(1357824K), 0.0128518 secs] [Times: user=0.03 sys=0.00, real=0.02 secs] 
2543.972: [GC (Allocation Failure) [PSYoungGen: 324412K->37745K(465920K)] 1064176K->777687K(1357824K), 0.0068454 secs] [Times: user=0.02 sys=0.00, real=0.01 secs] 
2544.256: [GC (Allocation Failure) [PSYoungGen: 270705K->183948K(465920K)] 1010647K->925143K(1357824K), 0.0206006 secs] [Times: user=0.03 sys=0.00, real=0.02 secs] 
2544.541: [GC (Allocation Failure) [PSYoungGen: 416908K->184430K(465920K)] 1158103K->926027K(1357824K), 0.0203151 secs] [Times: user=0.02 sys=0.00, real=0.02 secs] 
2546.134: [GC (Allocation Failure) [PSYoungGen: 409657K->92656K(465920K)] 1151254K->834398K(1357824K), 0.0250014 secs] [Times: user=0.05 sys=0.00, real=0.02 secs] 
2547.732: [GC (Allocation Failure) [PSYoungGen: 325616K->37745K(465920K)] 1067358K->779793K(1357824K), 0.0070426 secs] [Times: user=0.02 sys=0.00, real=0.01 secs] 
2548.023: [GC (Allocation Failure) [PSYoungGen: 270705K->184719K(465920K)] 1012753K->928020K(1357824K), 0.0203616 secs] [Times: user=0.03 sys=0.00, real=0.02 secs] 
2548.311: [GC (Allocation Failure) [PSYoungGen: 417679K->184687K(465920K)] 1160980K->928389K(1357824K), 0.0202369 secs] [Times: user=0.03 sys=0.00, real=0.02 secs] 
2549.075: [GC (Allocation Failure) [PSYoungGen: 407383K->91644K(465920K)] 1151086K->835612K(1357824K), 0.0123807 secs] [Times: user=0.02 sys=0.00, real=0.01 secs] 
2550.093: [GC (Allocation Failure) [PSYoungGen: 324604K->37909K(465920K)] 1068572K->782071K(1357824K), 0.0057201 secs] [Times: user=0.01 sys=0.00, real=0.00 secs] 
2550.361: [GC (Allocation Failure) [PSYoungGen: 270869K->183948K(465920K)] 1015031K->929364K(1357824K), 0.0203053 secs] [Times: user=0.03 sys=0.00, real=0.02 secs] 
2550.702: [GC (Allocation Failure) [PSYoungGen: 416908K->184462K(465920K)] 1162324K->930288K(1357824K), 0.0204974 secs] [Times: user=0.03 sys=0.00, real=0.02 secs] 
2551.325: [GC (Allocation Failure) [PSYoungGen: 409657K->92512K(465920K)] 1155483K->838482K(1357824K), 0.0126908 secs] [Times: user=0.02 sys=0.00, real=0.01 secs] 
2552.638: [GC (Allocation Failure) [PSYoungGen: 325472K->37716K(465920K)] 1071442K->784000K(1357824K), 0.0086098 secs] [Times: user=0.02 sys=0.00, real=0.01 secs] 
2552.952: [GC (Allocation Failure) [PSYoungGen: 270676K->184719K(465920K)] 1016960K->932248K(1357824K), 0.0205306 secs] [Times: user=0.03 sys=0.00, real=0.03 secs] 
2553.283: [GC (Allocation Failure) [PSYoungGen: 417679K->184655K(465920K)] 1165208K->932466K(1357824K), 0.0205309 secs] [Times: user=0.03 sys=0.00, real=0.02 secs] 
2554.495: [GC (Allocation Failure) [PSYoungGen: 407208K->91676K(465920K)] 1155018K->839760K(1357824K), 0.0258841 secs] [Times: user=0.05 sys=0.00, real=0.02 secs] 
2556.670: [GC (Allocation Failure) [PSYoungGen: 324636K->37842K(465920K)] 1072720K->786215K(1357824K), 0.0177165 secs] [Times: user=0.04 sys=0.00, real=0.02 secs] 
2557.052: [GC (Allocation Failure) [PSYoungGen: 270802K->184719K(465920K)] 1019175K->934466K(1357824K), 0.0204417 secs] [Times: user=0.03 sys=0.00, real=0.03 secs] 
2557.392: [GC (Allocation Failure) [PSYoungGen: 417679K->184687K(465920K)] 1167426K->934579K(1357824K), 0.0204755 secs] [Times: user=0.03 sys=0.00, real=0.02 secs] 
2558.836: [GC (Allocation Failure) [PSYoungGen: 407250K->91484K(465920K)] 1157142K->841641K(1357824K), 0.0208596 secs] [Times: user=0.05 sys=0.00, real=0.02 secs] 
2560.717: [GC (Allocation Failure) [PSYoungGen: 324444K->37652K(465920K)] 1074601K->788109K(1357824K), 0.0088239 secs] [Times: user=0.02 sys=0.00, real=0.01 secs] 
2561.043: [GC (Allocation Failure) [PSYoungGen: 270612K->184719K(465920K)] 1021069K->936430K(1357824K), 0.0204775 secs] [Times: user=0.03 sys=0.00, real=0.03 secs] 
2561.332: [GC (Allocation Failure) [PSYoungGen: 417679K->184719K(465920K)] 1169390K->936703K(1357824K), 0.0203583 secs] [Times: user=0.03 sys=0.00, real=0.02 secs] 
2562.212: [GC (Allocation Failure) [PSYoungGen: 407535K->91741K(465920K)] 1159519K->844006K(1357824K), 0.0115427 secs] [Times: user=0.02 sys=0.00, real=0.02 secs] 
2563.713: [GC (Allocation Failure) [PSYoungGen: 324701K->37845K(465920K)] 1076966K->790418K(1357824K), 0.0072650 secs] [Times: user=0.02 sys=0.00, real=0.00 secs] 
2564.005: [GC (Allocation Failure) [PSYoungGen: 270805K->184719K(465920K)] 1023378K->938537K(1357824K), 0.0205221 secs] [Times: user=0.03 sys=0.00, real=0.02 secs] 
2564.295: [GC (Allocation Failure) [PSYoungGen: 417679K->184687K(465920K)] 1171497K->938787K(1357824K), 0.0208294 secs] [Times: user=0.02 sys=0.00, real=0.02 secs] 
2565.704: [GC (Allocation Failure) [PSYoungGen: 407238K->91484K(465920K)] 1161338K->845864K(1357824K), 0.0272475 secs] [Times: user=0.06 sys=0.00, real=0.02 secs] 
2567.887: [GC (Allocation Failure) [PSYoungGen: 324444K->37874K(465920K)] 1078824K->792560K(1357824K), 0.0074019 secs] [Times: user=0.01 sys=0.00, real=0.01 secs] 
2568.257: [GC (Allocation Failure) [PSYoungGen: 270834K->183819K(465920K)] 1025520K->939759K(1357824K), 0.0202906 secs] [Times: user=0.02 sys=0.00, real=0.02 secs] 
2568.541: [GC (Allocation Failure) [PSYoungGen: 416779K->184366K(465920K)] 1172719K->940579K(1357824K), 0.0205279 secs] [Times: user=0.03 sys=0.00, real=0.02 secs] 
2569.509: [GC (Allocation Failure) [PSYoungGen: 409769K->92672K(465920K)] 1165982K->849159K(1357824K), 0.0150026 secs] [Times: user=0.03 sys=0.00, real=0.02 secs] 
2571.037: [GC (Allocation Failure) [PSYoungGen: 325632K->37716K(465920K)] 1082119K->794524K(1357824K), 0.0078262 secs] [Times: user=0.02 sys=0.00, real=0.01 secs] 
2571.343: [GC (Allocation Failure) [PSYoungGen: 270676K->184719K(465920K)] 1027484K->942772K(1357824K), 0.0204937 secs] [Times: user=0.03 sys=0.00, real=0.02 secs] 
2571.632: [GC (Allocation Failure) [PSYoungGen: 417679K->184687K(465920K)] 1175732K->943021K(1357824K), 0.0204781 secs] [Times: user=0.03 sys=0.00, real=0.02 secs] 
2572.253: [GC (Allocation Failure) [PSYoungGen: 407249K->91596K(465920K)] 1165583K->850196K(1357824K), 0.0110422 secs] [Times: user=0.02 sys=0.00, real=0.02 secs] 
2573.077: [GC (Allocation Failure) [PSYoungGen: 324556K->38034K(465920K)] 1083156K->796934K(1357824K), 0.0057479 secs] [Times: user=0.02 sys=0.00, real=0.01 secs] 
2573.346: [GC (Allocation Failure) [PSYoungGen: 270994K->183819K(465920K)] 1029894K->943972K(1357824K), 0.0203965 secs] [Times: user=0.02 sys=0.00, real=0.02 secs] 
2573.686: [GC (Allocation Failure) [PSYoungGen: 416779K->184655K(465920K)] 1176932K->945081K(1357824K), 0.0205595 secs] [Times: user=0.02 sys=0.00, real=0.02 secs] 
2575.664: [GC (Allocation Failure) [PSYoungGen: 410073K->92239K(465920K)] 1170500K->852930K(1357824K), 0.0194239 secs] [Times: user=0.04 sys=0.00, real=0.02 secs] 
2577.644: [GC (Allocation Failure) [PSYoungGen: 325199K->37716K(465920K)] 1085890K->798716K(1357824K), 0.0086504 secs] [Times: user=0.02 sys=0.00, real=0.00 secs] 
2578.048: [GC (Allocation Failure) [PSYoungGen: 270676K->184076K(465920K)] 1031676K->946321K(1357824K), 0.0203768 secs] [Times: user=0.03 sys=0.00, real=0.02 secs] 
2578.333: [GC (Allocation Failure) [PSYoungGen: 417036K->184880K(465920K)] 1179281K->947398K(1357824K), 0.0204820 secs] [Times: user=0.03 sys=0.00, real=0.03 secs] 
2579.206: [GC (Allocation Failure) [PSYoungGen: 405581K->91982K(465920K)] 1168099K->854893K(1357824K), 0.0140490 secs] [Times: user=0.03 sys=0.00, real=0.01 secs] 
2580.797: [GC (Allocation Failure) [PSYoungGen: 324942K->37652K(465920K)] 1087853K->800743K(1357824K), 0.0080878 secs] [Times: user=0.02 sys=0.00, real=0.01 secs] 
2581.193: [GC (Allocation Failure) [PSYoungGen: 270612K->186389K(465920K)] 1033703K->950743K(1357824K), 0.0206016 secs] [Times: user=0.03 sys=0.00, real=0.03 secs] 
2581.479: [GC (Allocation Failure) [PSYoungGen: 419349K->186132K(465920K)] 1183703K->950759K(1357824K), 0.0205778 secs] [Times: user=0.03 sys=0.00, real=0.02 secs] 
2582.434: [GC (Allocation Failure) [PSYoungGen: 405472K->88672K(465920K)] 1170098K->853692K(1357824K), 0.0208615 secs] [Times: user=0.05 sys=0.00, real=0.02 secs] 
2584.141: [GC (Allocation Failure) [PSYoungGen: 321632K->37973K(465920K)] 1086652K->803172K(1357824K), 0.0070195 secs] [Times: user=0.01 sys=0.00, real=0.01 secs] 
2584.432: [GC (Allocation Failure) [PSYoungGen: 270933K->184462K(465920K)] 1036132K->950914K(1357824K), 0.0205115 secs] [Times: user=0.03 sys=0.00, real=0.02 secs] 
2584.715: [GC (Allocation Failure) [PSYoungGen: 417422K->183755K(465920K)] 1183874K->950480K(1357824K), 0.0205226 secs] [Times: user=0.03 sys=0.00, real=0.02 secs] 
2585.398: [GC (Allocation Failure) [PSYoungGen: 409289K->92464K(465920K)] 1176015K->859454K(1357824K), 0.0128179 secs] [Times: user=0.03 sys=0.00, real=0.01 secs] 
2586.756: [GC (Allocation Failure) [PSYoungGen: 325424K->37745K(465920K)] 1092414K->805058K(1357824K), 0.0090045 secs] [Times: user=0.02 sys=0.00, real=0.01 secs] 
2587.150: [GC (Allocation Failure) [PSYoungGen: 270705K->184719K(465920K)] 1038018K->953285K(1357824K), 0.0205453 secs] [Times: user=0.03 sys=0.01, real=0.02 secs] 
2587.445: [GC (Allocation Failure) [PSYoungGen: 417679K->184719K(465920K)] 1186245K->953694K(1357824K), 0.0203488 secs] [Times: user=0.03 sys=0.00, real=0.02 secs] 
2588.166: [GC (Allocation Failure) [PSYoungGen: 407423K->91612K(465920K)] 1176398K->860853K(1357824K), 0.0124015 secs] [Times: user=0.02 sys=0.00, real=0.01 secs] 
2589.824: [GC (Allocation Failure) [PSYoungGen: 324572K->37523K(465920K)] 1093813K->806949K(1357824K), 0.0073773 secs] [Times: user=0.02 sys=0.00, real=0.00 secs] 
2590.211: [GC (Allocation Failure) [PSYoungGen: 270483K->184719K(465920K)] 1039909K->955534K(1357824K), 0.0205221 secs] [Times: user=0.03 sys=0.00, real=0.02 secs] 
2590.495: [GC (Allocation Failure) [PSYoungGen: 417679K->184655K(465920K)] 1188494K->955615K(1357824K), 0.0205775 secs] [Times: user=0.03 sys=0.00, real=0.02 secs] 
2591.598: [GC (Allocation Failure) [PSYoungGen: 407220K->91869K(465920K)] 1178180K->863102K(1357824K), 0.0199556 secs] [Times: user=0.04 sys=0.00, real=0.02 secs] 
2592.419: [GC (Allocation Failure) [PSYoungGen: 324829K->38163K(465920K)] 1096062K->809710K(1357824K), 0.0057803 secs] [Times: user=0.02 sys=0.00, real=0.01 secs] 
2592.691: [GC (Allocation Failure) [PSYoungGen: 271123K->184719K(465920K)] 1042670K->957503K(1357824K), 0.0205295 secs] [Times: user=0.03 sys=0.00, real=0.02 secs] 
2592.975: [GC (Allocation Failure) [PSYoungGen: 417679K->184751K(465920K)] 1190463K->957816K(1357824K), 0.0204016 secs] [Times: user=0.03 sys=0.00, real=0.02 secs] 
2594.098: [GC (Allocation Failure) [PSYoungGen: 407173K->91210K(465920K)] 1180239K->864549K(1357824K), 0.0203970 secs] [Times: user=0.05 sys=0.00, real=0.02 secs] 
2594.914: [GC (Allocation Failure) [PSYoungGen: 324170K->38294K(465920K)] 1097509K->811963K(1357824K), 0.0057317 secs] [Times: user=0.02 sys=0.00, real=0.00 secs] 
2595.184: [GC (Allocation Failure) [PSYoungGen: 271254K->184719K(465920K)] 1044923K->959761K(1357824K), 0.0204702 secs] [Times: user=0.02 sys=0.00, real=0.02 secs] 
2595.529: [GC (Allocation Failure) [PSYoungGen: 417679K->184655K(465920K)] 1192721K->959842K(1357824K), 0.0203992 secs] [Times: user=0.03 sys=0.00, real=0.02 secs] 
2596.656: [GC (Allocation Failure) [PSYoungGen: 406962K->91130K(465920K)] 1182150K->866590K(1357824K), 0.0123608 secs] [Times: user=0.03 sys=0.00, real=0.01 secs] 
2597.450: [GC (Allocation Failure) [PSYoungGen: 324090K->37973K(465920K)] 1099550K->813749K(1357824K), 0.0071779 secs] [Times: user=0.02 sys=0.00, real=0.01 secs] 
2597.727: [GC (Allocation Failure) [PSYoungGen: 270933K->183948K(465920K)] 1046709K->960969K(1357824K), 0.0203762 secs] [Times: user=0.03 sys=0.00, real=0.02 secs] 
2598.010: [GC (Allocation Failure) [PSYoungGen: 416908K->184462K(465920K)] 1193929K->961764K(1357824K), 0.0203772 secs] [Times: user=0.03 sys=0.00, real=0.02 secs] 
2599.818: [GC (Allocation Failure) [PSYoungGen: 409700K->92383K(465920K)] 1187003K->869951K(1357824K), 0.0161627 secs] [Times: user=0.04 sys=0.00, real=0.02 secs] 
2602.043: [GC (Allocation Failure) [PSYoungGen: 325343K->37620K(465920K)] 1102911K->815493K(1357824K), 0.0072337 secs] [Times: user=0.02 sys=0.00, real=0.00 secs] 
2602.338: [GC (Allocation Failure) [PSYoungGen: 270580K->184719K(465920K)] 1048453K->963846K(1357824K), 0.0205000 secs] [Times: user=0.03 sys=0.00, real=0.02 secs] 
2602.621: [GC (Allocation Failure) [PSYoungGen: 417679K->184655K(465920K)] 1196806K->964055K(1357824K), 0.0205703 secs] [Times: user=0.03 sys=0.00, real=0.02 secs] 
2604.839: [GC (Allocation Failure) [PSYoungGen: 407473K->91773K(465920K)] 1186873K->871446K(1357824K), 0.0288618 secs] [Times: user=0.07 sys=0.00, real=0.03 secs] 
2607.030: [GC (Allocation Failure) [PSYoungGen: 324733K->37845K(465920K)] 1104406K->817815K(1357824K), 0.0082919 secs] [Times: user=0.03 sys=0.00, real=0.01 secs] 
2607.425: [GC (Allocation Failure) [PSYoungGen: 270805K->183690K(465920K)] 1050775K->964907K(1357824K), 0.0204390 secs] [Times: user=0.03 sys=0.00, real=0.02 secs] 
2607.716: [GC (Allocation Failure) [PSYoungGen: 416650K->184558K(465920K)] 1197867K->966048K(1357824K), 0.0225559 secs] [Times: user=0.03 sys=0.00, real=0.02 secs] 
2609.492: [GC (Allocation Failure) [PSYoungGen: 408531K->92640K(465920K)] 1190020K->874403K(1357824K), 0.0158999 secs] [Times: user=0.03 sys=0.00, real=0.02 secs] 
2610.367: [GC (Allocation Failure) [PSYoungGen: 325600K->38066K(465920K)] 1107363K->820151K(1357824K), 0.0058523 secs] [Times: user=0.01 sys=0.00, real=0.01 secs] 
2610.638: [GC (Allocation Failure) [PSYoungGen: 271026K->184494K(465920K)] 1053111K->967960K(1357824K), 0.0205084 secs] [Times: user=0.03 sys=0.00, real=0.02 secs] 
2610.923: [GC (Allocation Failure) [PSYoungGen: 417454K->184494K(465920K)] 1200920K->968234K(1357824K), 0.0204032 secs] [Times: user=0.03 sys=0.01, real=0.02 secs] 
2612.783: [GC (Allocation Failure) [PSYoungGen: 407344K->91757K(465920K)] 1191083K->875632K(1357824K), 0.0259572 secs] [Times: user=0.06 sys=0.00, real=0.02 secs] 
2614.846: [GC (Allocation Failure) [PSYoungGen: 324717K->37716K(465920K)] 1108592K->821914K(1357824K), 0.0095276 secs] [Times: user=0.02 sys=0.00, real=0.01 secs] 
2615.187: [GC (Allocation Failure) [PSYoungGen: 270676K->183819K(465920K)] 1054874K->969262K(1357824K), 0.0203725 secs] [Times: user=0.03 sys=0.00, real=0.02 secs] 
2615.530: [GC (Allocation Failure) [PSYoungGen: 416779K->184462K(465920K)] 1202222K->970314K(1357824K), 0.0205774 secs] [Times: user=0.03 sys=0.00, real=0.02 secs] 
2616.672: [GC (Allocation Failure) [PSYoungGen: 409692K->92785K(465920K)] 1195545K->878782K(1357824K), 0.0197186 secs] [Times: user=0.04 sys=0.00, real=0.02 secs] 
2617.810: [GC (Allocation Failure) [PSYoungGen: 325745K->38005K(465920K)] 1111742K->824324K(1357824K), 0.0058602 secs] [Times: user=0.01 sys=0.00, real=0.01 secs] 
2618.085: [GC (Allocation Failure) [PSYoungGen: 270965K->184076K(465920K)] 1057284K->971649K(1357824K), 0.0205105 secs] [Times: user=0.03 sys=0.00, real=0.02 secs] 
2618.376: [GC (Allocation Failure) [PSYoungGen: 417036K->184526K(465920K)] 1204609K->972372K(1357824K), 0.0205917 secs] [Times: user=0.03 sys=0.00, real=0.02 secs] 
2620.040: [GC (Allocation Failure) [PSYoungGen: 409729K->92158K(465920K)] 1197575K->880277K(1357824K), 0.0172905 secs] [Times: user=0.03 sys=0.01, real=0.02 secs] 
2621.468: [GC (Allocation Failure) [PSYoungGen: 325118K->37748K(465920K)] 1113237K->826181K(1357824K), 0.0065720 secs] [Times: user=0.01 sys=0.00, real=0.01 secs] 
2621.816: [GC (Allocation Failure) [PSYoungGen: 270708K->184719K(465920K)] 1059141K->974405K(1357824K), 0.0204988 secs] [Times: user=0.03 sys=0.00, real=0.02 secs] 
2622.103: [GC (Allocation Failure) [PSYoungGen: 417679K->184687K(465920K)] 1207365K->974654K(1357824K), 0.0204751 secs] [Times: user=0.03 sys=0.00, real=0.03 secs] 
2624.158: [GC (Allocation Failure) [PSYoungGen: 407247K->91580K(465920K)] 1197215K->881820K(1357824K), 0.0200124 secs] [Times: user=0.05 sys=0.00, real=0.02 secs] 
2625.725: [GC (Allocation Failure) [PSYoungGen: 324540K->37877K(465920K)] 1114780K->828431K(1357824K), 0.0068455 secs] [Times: user=0.01 sys=0.00, real=0.00 secs] 
2626.012: [GC (Allocation Failure) [PSYoungGen: 270837K->184719K(465920K)] 1061391K->976655K(1357824K), 0.0206223 secs] [Times: user=0.03 sys=0.00, real=0.02 secs] 
2626.295: [GC (Allocation Failure) [PSYoungGen: 417679K->184655K(465920K)] 1209615K->976735K(1357824K), 0.0205254 secs] [Times: user=0.03 sys=0.00, real=0.02 secs] 
2628.032: [GC (Allocation Failure) [PSYoungGen: 407217K->91516K(465920K)] 1199298K->883869K(1357824K), 0.0203978 secs] [Times: user=0.05 sys=0.00, real=0.02 secs] 
2628.964: [GC (Allocation Failure) [PSYoungGen: 324476K->38134K(465920K)] 1116829K->830793K(1357824K), 0.0072967 secs] [Times: user=0.02 sys=0.00, real=0.00 secs] 
2629.336: [GC (Allocation Failure) [PSYoungGen: 271094K->184751K(465920K)] 1063753K->978792K(1357824K), 0.0211303 secs] [Times: user=0.03 sys=0.00, real=0.02 secs] 
2629.625: [GC (Allocation Failure) [PSYoungGen: 417711K->184719K(465920K)] 1211752K->979057K(1357824K), 0.0211917 secs] [Times: user=0.03 sys=0.00, real=0.02 secs] 
2630.521: [GC (Allocation Failure) [PSYoungGen: 407156K->91242K(465920K)] 1201494K->885717K(1357824K), 0.0162468 secs] [Times: user=0.03 sys=0.00, real=0.02 secs] 
2631.986: [GC (Allocation Failure) [PSYoungGen: 324202K->37716K(465920K)] 1118677K->832499K(1357824K), 0.0072767 secs] [Times: user=0.02 sys=0.00, real=0.01 secs] 
2632.279: [GC (Allocation Failure) [PSYoungGen: 270676K->183948K(465920K)] 1065459K->979984K(1357824K), 0.0205612 secs] [Times: user=0.03 sys=0.00, real=0.02 secs] 
2632.562: [GC (Allocation Failure) [PSYoungGen: 416908K->184430K(465920K)] 1212944K->980739K(1357824K), 0.0203856 secs] [Times: user=0.03 sys=0.00, real=0.02 secs] 
2633.787: [GC (Allocation Failure) [PSYoungGen: 408245K->92576K(465920K)] 1204555K->889159K(1357824K), 0.0136965 secs] [Times: user=0.03 sys=0.00, real=0.01 secs] 
2635.622: [GC (Allocation Failure) [PSYoungGen: 325536K->37488K(465920K)] 1122119K->834379K(1357824K), 0.0074215 secs] [Times: user=0.02 sys=0.01, real=0.01 secs] 
2635.925: [GC (Allocation Failure) [PSYoungGen: 270448K->184462K(465920K)] 1067339K->982598K(1357824K), 0.0204290 secs] [Times: user=0.03 sys=0.00, real=0.02 secs] 
2636.213: [GC (Allocation Failure) [PSYoungGen: 417422K->184365K(465920K)] 1215558K->982782K(1357824K), 0.0203829 secs] [Times: user=0.03 sys=0.00, real=0.02 secs] 
2636.929: [GC (Allocation Failure) [PSYoungGen: 409532K->92480K(465920K)] 1207950K->891290K(1357824K), 0.0116270 secs] [Times: user=0.02 sys=0.00, real=0.01 secs] 
2637.758: [GC (Allocation Failure) [PSYoungGen: 325440K->38037K(465920K)] 1124250K->837049K(1357824K), 0.0058331 secs] [Times: user=0.02 sys=0.00, real=0.01 secs] 
2638.027: [GC (Allocation Failure) [PSYoungGen: 270997K->184205K(465920K)] 1070009K->984470K(1357824K), 0.0204563 secs] [Times: user=0.03 sys=0.00, real=0.02 secs] 
2638.311: [GC (Allocation Failure) [PSYoungGen: 417165K->184912K(465920K)] 1217430K->985458K(1357824K), 0.0203675 secs] [Times: user=0.03 sys=0.00, real=0.02 secs] 
2639.373: [GC (Allocation Failure) [PSYoungGen: 407847K->91612K(465920K)] 1208394K->892432K(1357824K), 0.0123108 secs] [Times: user=0.03 sys=0.00, real=0.01 secs] 
2641.324: [GC (Allocation Failure) [PSYoungGen: 324572K->37649K(465920K)] 1125392K->838790K(1357824K), 0.0077747 secs] [Times: user=0.02 sys=0.00, real=0.00 secs] 
2641.634: [GC (Allocation Failure) [PSYoungGen: 270609K->183690K(465920K)] 1071750K->986085K(1357824K), 0.0204359 secs] [Times: user=0.03 sys=0.00, real=0.02 secs] 
2641.919: [GC (Allocation Failure) [PSYoungGen: 416650K->184751K(465920K)] 1219045K->987419K(1357824K), 0.0206649 secs] [Times: user=0.03 sys=0.00, real=0.02 secs] 
2643.141: [GC (Allocation Failure) [PSYoungGen: 410151K->92753K(465920K)] 1212819K->895694K(1357824K), 0.0137835 secs] [Times: user=0.03 sys=0.00, real=0.02 secs] 
2644.522: [GC (Allocation Failure) [PSYoungGen: 325713K->37652K(465920K)] 1128654K->840909K(1357824K), 0.0060865 secs] [Times: user=0.02 sys=0.00, real=0.01 secs] 
2644.794: [GC (Allocation Failure) [PSYoungGen: 270612K->184590K(465920K)] 1073869K->989221K(1357824K), 0.0205910 secs] [Times: user=0.03 sys=0.00, real=0.02 secs] 
2645.078: [GC (Allocation Failure) [PSYoungGen: 417550K->184687K(465920K)] 1222181K->989462K(1357824K), 0.0204385 secs] [Times: user=0.03 sys=0.00, real=0.02 secs] 
2646.252: [GC (Allocation Failure) [PSYoungGen: 407252K->91901K(465920K)] 1212028K->896942K(1357824K), 0.0277243 secs] [Times: user=0.06 sys=0.00, real=0.03 secs] 
2648.094: [GC (Allocation Failure) [PSYoungGen: 324861K->37877K(465920K)] 1129902K->843226K(1357824K), 0.0073278 secs] [Times: user=0.02 sys=0.00, real=0.00 secs] 
2648.392: [GC (Allocation Failure) [PSYoungGen: 270837K->184976K(465920K)] 1076186K->991578K(1357824K), 0.0205876 secs] [Times: user=0.03 sys=0.00, real=0.02 secs] 
2648.676: [GC (Allocation Failure) [PSYoungGen: 417936K->184301K(465920K)] 1224538K->991177K(1357824K), 0.0221982 secs] [Times: user=0.03 sys=0.00, real=0.02 secs] 
2650.363: [GC (Allocation Failure) [PSYoungGen: 407186K->91628K(465920K)] 1214061K->898897K(1357824K), 0.0265215 secs] [Times: user=0.06 sys=0.00, real=0.02 secs] 
2652.251: [GC (Allocation Failure) [PSYoungGen: 324588K->37973K(465920K)] 1131857K->845428K(1357824K), 0.0075369 secs] [Times: user=0.02 sys=0.00, real=0.01 secs] 
2652.551: [GC (Allocation Failure) [PSYoungGen: 270933K->184719K(465920K)] 1078388K->993419K(1357824K), 0.0205814 secs] [Times: user=0.03 sys=0.00, real=0.02 secs] 
2652.837: [GC (Allocation Failure) [PSYoungGen: 417679K->184655K(465920K)] 1226379K->993756K(1357824K), 0.0205933 secs] [Times: user=0.03 sys=0.00, real=0.02 secs] 
2653.461: [GC (Allocation Failure) [PSYoungGen: 407094K->91355K(465920K)] 1216196K->900730K(1357824K), 0.0113600 secs] [Times: user=0.02 sys=0.00, real=0.01 secs] 
2654.257: [GC (Allocation Failure) [PSYoungGen: 324315K->38066K(465920K)] 1133690K->847618K(1357824K), 0.0058646 secs] [Times: user=0.01 sys=0.00, real=0.00 secs] 
2654.528: [GC (Allocation Failure) [PSYoungGen: 271026K->183948K(465920K)] 1080578K->994753K(1357824K), 0.0205998 secs] [Times: user=0.03 sys=0.00, real=0.02 secs] 
2654.813: [GC (Allocation Failure) [PSYoungGen: 416908K->184462K(465920K)] 1227713K->995548K(1357824K), 0.0206574 secs] [Times: user=0.03 sys=0.00, real=0.03 secs] 
2656.794: [GC (Allocation Failure) [PSYoungGen: 409671K->92383K(465920K)] 1220758K->903735K(1357824K), 0.0199267 secs] [Times: user=0.04 sys=0.00, real=0.02 secs] 
2657.699: [GC (Allocation Failure) [PSYoungGen: 325343K->38131K(465920K)] 1136695K->849798K(1357824K), 0.0066985 secs] [Times: user=0.02 sys=0.00, real=0.01 secs] 
2657.974: [GC (Allocation Failure) [PSYoungGen: 271091K->184333K(465920K)] 1082758K->997254K(1357824K), 0.0205117 secs] [Times: user=0.03 sys=0.00, real=0.02 secs] 
2658.258: [GC (Allocation Failure) [PSYoungGen: 417293K->184655K(465920K)] 1230214K->997849K(1357824K), 0.0204488 secs] [Times: user=0.03 sys=0.00, real=0.02 secs] 
2659.769: [GC (Allocation Failure) [PSYoungGen: 407647K->91596K(465920K)] 1220841K->905063K(1357824K), 0.0194467 secs] [Times: user=0.04 sys=0.00, real=0.02 secs] 
2660.929: [GC (GCLocker Initiated GC) [PSYoungGen: 324556K->35335K(465920K)] 1138023K->849124K(1357824K), 0.0056898 secs] [Times: user=0.01 sys=0.00, real=0.01 secs] 
2661.200: [GC (Allocation Failure) [PSYoungGen: 268295K->184783K(465920K)] 1083209K->1000943K(1357824K), 0.0205278 secs] [Times: user=0.02 sys=0.00, real=0.02 secs] 
2661.484: [GC (Allocation Failure) [PSYoungGen: 417743K->184269K(465920K)] 1233903K->1000445K(1357824K), 0.0204049 secs] [Times: user=0.03 sys=0.00, real=0.02 secs] 
2662.094: [GC (Allocation Failure) [PSYoungGen: 410656K->93427K(465920K)] 1226832K->909900K(1357824K), 0.0112750 secs] [Times: user=0.03 sys=0.00, real=0.01 secs] 
2662.884: [GC (Allocation Failure) [PSYoungGen: 326387K->38034K(465920K)] 1142860K->854823K(1357824K), 0.0057326 secs] [Times: user=0.01 sys=0.00, real=0.00 secs] 
2663.211: [GC (Allocation Failure) [PSYoungGen: 270994K->184462K(465920K)] 1087783K->1002504K(1357824K), 0.0204677 secs] [Times: user=0.03 sys=0.00, real=0.02 secs] 
2663.493: [GC (Allocation Failure) [PSYoungGen: 417422K->184301K(465920K)] 1235464K->1002624K(1357824K), 0.0206366 secs] [Times: user=0.03 sys=0.00, real=0.03 secs] 
2665.243: [GC (Allocation Failure) [PSYoungGen: 409350K->91966K(465920K)] 1227674K->910690K(1357824K), 0.0167434 secs] [Times: user=0.04 sys=0.00, real=0.01 secs] 
2666.877: [GC (Allocation Failure) [PSYoungGen: 324926K->37588K(465920K)] 1143650K->856484K(1357824K), 0.0075086 secs] [Times: user=0.02 sys=0.00, real=0.01 secs] 
2667.174: [GC (Allocation Failure) [PSYoungGen: 270548K->184719K(465920K)] 1089444K->1004861K(1357824K), 0.0206998 secs] [Times: user=0.03 sys=0.00, real=0.02 secs] 
2667.463: [GC (Allocation Failure) [PSYoungGen: 417679K->184462K(465920K)] 1237821K->1004877K(1357824K), 0.0204588 secs] [Times: user=0.03 sys=0.00, real=0.03 secs] 
2668.464: [GC (Allocation Failure) [PSYoungGen: 409487K->91950K(465920K)] 1229902K->912638K(1357824K), 0.0153650 secs] [Times: user=0.03 sys=0.00, real=0.01 secs] 
2670.135: [GC (Allocation Failure) [PSYoungGen: 324910K->37909K(465920K)] 1145598K->858905K(1357824K), 0.0072416 secs] [Times: user=0.02 sys=0.00, real=0.00 secs] 
2670.426: [GC (Allocation Failure) [PSYoungGen: 270869K->184847K(465920K)] 1091865K->1007105K(1357824K), 0.0205689 secs] [Times: user=0.03 sys=0.00, real=0.02 secs] 
2670.711: [GC (Allocation Failure) [PSYoungGen: 417807K->184623K(465920K)] 1240065K->1007161K(1357824K), 0.0204460 secs] [Times: user=0.03 sys=0.00, real=0.02 secs] 
2671.443: [GC (Allocation Failure) [PSYoungGen: 406553K->91355K(465920K)] 1229092K->914159K(1357824K), 0.0115786 secs] [Times: user=0.03 sys=0.01, real=0.01 secs] 
2672.863: [GC (Allocation Failure) [PSYoungGen: 324315K->37588K(465920K)] 1147119K->860699K(1357824K), 0.0071559 secs] [Times: user=0.02 sys=0.00, real=0.00 secs] 
2673.158: [GC (Allocation Failure) [PSYoungGen: 270548K->184462K(465920K)] 1093659K->1008955K(1357824K), 0.0206707 secs] [Times: user=0.03 sys=0.00, real=0.02 secs] 
2673.441: [GC (Allocation Failure) [PSYoungGen: 417422K->184590K(465920K)] 1241915K->1009236K(1357824K), 0.0205247 secs] [Times: user=0.03 sys=0.00, real=0.02 secs] 
2674.261: [GC (Allocation Failure) [PSYoungGen: 407644K->92158K(465920K)] 1232290K->917077K(1357824K), 0.0126739 secs] [Times: user=0.03 sys=0.00, real=0.02 secs] 
2675.780: [GC (Allocation Failure) [PSYoungGen: 325118K->37459K(465920K)] 1150037K->862678K(1357824K), 0.0088526 secs] [Times: user=0.02 sys=0.00, real=0.01 secs] 
2676.104: [GC (Allocation Failure) [PSYoungGen: 270419K->184879K(465920K)] 1095638K->1011352K(1357824K), 0.0205517 secs] [Times: user=0.03 sys=0.00, real=0.02 secs] 
2676.396: [GC (Allocation Failure) [PSYoungGen: 417839K->184044K(465920K)] 1244312K->1010927K(1357824K), 0.0205199 secs] [Times: user=0.03 sys=0.00, real=0.02 secs] 
2677.006: [GC (Allocation Failure) [PSYoungGen: 407947K->92383K(465920K)] 1234829K->919410K(1357824K), 0.0111441 secs] [Times: user=0.03 sys=0.00, real=0.01 secs] 
2678.287: [GC (Allocation Failure) [PSYoungGen: 325343K->37552K(465920K)] 1152370K->864895K(1357824K), 0.0070886 secs] [Times: user=0.02 sys=0.00, real=0.01 secs] 
2678.636: [GC (Allocation Failure) [PSYoungGen: 270512K->184462K(465920K)] 1097855K->1013187K(1357824K), 0.0206585 secs] [Times: user=0.03 sys=0.00, real=0.02 secs] 
2678.921: [GC (Allocation Failure) [PSYoungGen: 417422K->184558K(465920K)] 1246147K->1013436K(1357824K), 0.0205333 secs] [Times: user=0.03 sys=0.00, real=0.02 secs] 
2679.596: [GC (Allocation Failure) [PSYoungGen: 408166K->92287K(465920K)] 1237043K->921438K(1357824K), 0.0122769 secs] [Times: user=0.02 sys=0.00, real=0.01 secs] 
2681.777: [GC (Allocation Failure) [PSYoungGen: 325247K->37745K(465920K)] 1154398K->867212K(1357824K), 0.0088863 secs] [Times: user=0.02 sys=0.00, real=0.01 secs] 
2682.102: [GC (Allocation Failure) [PSYoungGen: 270705K->184462K(465920K)] 1100172K->1015182K(1357824K), 0.0204922 secs] [Times: user=0.03 sys=0.00, real=0.02 secs] 
2682.390: [GC (Allocation Failure) [PSYoungGen: 417422K->184301K(465920K)] 1248142K->1015302K(1357824K), 0.0204746 secs] [Times: user=0.03 sys=0.00, real=0.02 secs] 
2684.156: [GC (Allocation Failure) [PSYoungGen: 409339K->92223K(465920K)] 1240340K->923617K(1357824K), 0.0151907 secs] [Times: user=0.03 sys=0.00, real=0.01 secs] 
2685.816: [GC (Allocation Failure) [PSYoungGen: 325183K->37617K(465920K)] 1156577K->869183K(1357824K), 0.0078233 secs] [Times: user=0.02 sys=0.00, real=0.01 secs] 
2686.121: [GC (Allocation Failure) [PSYoungGen: 270577K->184205K(465920K)] 1102143K->1017017K(1357824K), 0.0205775 secs] [Times: user=0.03 sys=0.00, real=0.02 secs] 
2686.412: [GC (Allocation Failure) [PSYoungGen: 417165K->184590K(465920K)] 1249977K->1017812K(1357824K), 0.0206574 secs] [Times: user=0.03 sys=0.00, real=0.02 secs] 
2687.650: [GC (Allocation Failure) [PSYoungGen: 409758K->92399K(465920K)] 1242979K->925773K(1357824K), 0.0200518 secs] [Times: user=0.04 sys=0.00, real=0.02 secs] 
2688.956: [GC (Allocation Failure) [PSYoungGen: 325359K->37973K(465920K)] 1158733K->871663K(1357824K), 0.0079220 secs] [Times: user=0.02 sys=0.00, real=0.01 secs] 
2689.263: [GC (Allocation Failure) [PSYoungGen: 270933K->184719K(465920K)] 1104623K->1019662K(1357824K), 0.0205919 secs] [Times: user=0.03 sys=0.00, real=0.03 secs] 
2689.553: [GC (Allocation Failure) [PSYoungGen: 417679K->184751K(465920K)] 1252622K->1019967K(1357824K), 0.0210583 secs] [Times: user=0.03 sys=0.00, real=0.03 secs] 
2690.795: [GC (Allocation Failure) [PSYoungGen: 407182K->91355K(465920K)] 1242398K->926997K(1357824K), 0.0258390 secs] [Times: user=0.06 sys=0.00, real=0.02 secs] 
2692.599: [GC (Allocation Failure) [PSYoungGen: 324315K->37874K(465920K)] 1159957K->873695K(1357824K), 0.0078252 secs] [Times: user=0.02 sys=0.00, real=0.01 secs] 
2692.904: [GC (Allocation Failure) [PSYoungGen: 270834K->184719K(465920K)] 1106655K->1021922K(1357824K), 0.0205194 secs] [Times: user=0.03 sys=0.00, real=0.02 secs] 
2693.193: [GC (Allocation Failure) [PSYoungGen: 417679K->184719K(465920K)] 1254882K->1022075K(1357824K), 0.0204303 secs] [Times: user=0.03 sys=0.00, real=0.02 secs] 
2693.863: [GC (Allocation Failure) [PSYoungGen: 407273K->91499K(465920K)] 1244629K->929129K(1357824K), 0.0110180 secs] [Times: user=0.03 sys=0.00, real=0.01 secs] 
2694.921: [GC (Allocation Failure) [PSYoungGen: 324459K->37973K(465920K)] 1162089K->875903K(1357824K), 0.0068045 secs] [Times: user=0.02 sys=0.00, real=0.01 secs] 
2695.203: [GC (Allocation Failure) [PSYoungGen: 270933K->184687K(465920K)] 1108863K->1023870K(1357824K), 0.0207367 secs] [Times: user=0.03 sys=0.00, real=0.02 secs] 
2695.492: [GC (Allocation Failure) [PSYoungGen: 417647K->184655K(465920K)] 1256830K->1024111K(1357824K), 0.0206398 secs] [Times: user=0.03 sys=0.00, real=0.03 secs] 
2696.206: [GC (Allocation Failure) [PSYoungGen: 407209K->91387K(465920K)] 1246665K->931116K(1357824K), 0.0112294 secs] [Times: user=0.03 sys=0.00, real=0.01 secs] 
2697.986: [GC (Allocation Failure) [PSYoungGen: 324347K->37745K(465920K)] 1164076K->877790K(1357824K), 0.0091680 secs] [Times: user=0.03 sys=0.00, real=0.01 secs] 
2698.383: [GC (Allocation Failure) [PSYoungGen: 270705K->183948K(465920K)] 1110750K->1025238K(1357824K), 0.0208331 secs] [Times: user=0.03 sys=0.00, real=0.02 secs] 
2698.742: [GC (Allocation Failure) [PSYoungGen: 416908K->184494K(465920K)] 1258198K->1026065K(1357824K), 0.0206982 secs] [Times: user=0.03 sys=0.00, real=0.03 secs] 
2699.449: [GC (Allocation Failure) [PSYoungGen: 409871K->92656K(465920K)] 1251442K->934501K(1357824K), 0.0130624 secs] [Times: user=0.03 sys=0.00, real=0.01 secs] 
2700.976: [GC (Allocation Failure) [PSYoungGen: 325616K->37745K(465920K)] 1167461K->879897K(1357824K), 0.0089165 secs] [Times: user=0.02 sys=0.00, real=0.01 secs] 
2701.302: [GC (Allocation Failure) [PSYoungGen: 270705K->184719K(465920K)] 1112857K->1028124K(1357824K), 0.0205297 secs] [Times: user=0.03 sys=0.00, real=0.02 secs] 
2701.591: [GC (Allocation Failure) [PSYoungGen: 417679K->184655K(465920K)] 1261084K->1028333K(1357824K), 0.0206342 secs] [Times: user=0.03 sys=0.00, real=0.02 secs] 
2702.811: [GC (Allocation Failure) [PSYoungGen: 407201K->91580K(465920K)] 1250880K->935524K(1357824K), 0.0256904 secs] [Times: user=0.06 sys=0.00, real=0.03 secs] 
2704.562: [GC (Allocation Failure) [PSYoungGen: 324540K->37874K(465920K)] 1168484K->882131K(1357824K), 0.0100621 secs] [Times: user=0.02 sys=0.00, real=0.01 secs] 
2704.917: [GC (Allocation Failure) [PSYoungGen: 270834K->183819K(465920K)] 1115091K->1029330K(1357824K), 0.0207008 secs] [Times: user=0.03 sys=0.00, real=0.02 secs] 
2705.201: [GC (Allocation Failure) [PSYoungGen: 416779K->184462K(465920K)] 1262290K->1030246K(1357824K), 0.0206745 secs] [Times: user=0.03 sys=0.00, real=0.02 secs] 
2705.826: [GC (Allocation Failure) [PSYoungGen: 409822K->92592K(465920K)] 1255606K->938650K(1357824K), 0.0132821 secs] [Times: user=0.03 sys=0.00, real=0.01 secs] 
2706.773: [GC (Allocation Failure) [PSYoungGen: 325552K->37973K(465920K)] 1171610K->884338K(1357824K), 0.0092430 secs] [Times: user=0.02 sys=0.00, real=0.00 secs] 
2707.100: [GC (Allocation Failure) [PSYoungGen: 270933K->184719K(465920K)] 1117298K->1032337K(1357824K), 0.0206652 secs] [Times: user=0.03 sys=0.00, real=0.02 secs] 
2707.384: [GC (Allocation Failure) [PSYoungGen: 417679K->184623K(465920K)] 1265297K->1032522K(1357824K), 0.0205409 secs] [Times: user=0.03 sys=0.00, real=0.02 secs] 
2708.290: [GC (Allocation Failure) [PSYoungGen: 407167K->91355K(465920K)] 1255066K->939520K(1357824K), 0.0126305 secs] [Times: user=0.02 sys=0.00, real=0.01 secs] 
2709.191: [GC (Allocation Failure) [PSYoungGen: 324315K->38037K(465920K)] 1172480K->886524K(1357824K), 0.0058061 secs] [Times: user=0.01 sys=0.00, real=0.01 secs] 
2709.460: [GC (Allocation Failure) [PSYoungGen: 270997K->183980K(465920K)] 1119484K->1033720K(1357824K), 0.0205084 secs] [Times: user=0.03 sys=0.00, real=0.02 secs] 
2709.748: [GC (Allocation Failure) [PSYoungGen: 416940K->184430K(465920K)] 1266680K->1034467K(1357824K), 0.0207662 secs] [Times: user=0.03 sys=0.00, real=0.02 secs] 
2712.304: [GC (Allocation Failure) [PSYoungGen: 408110K->92415K(465920K)] 1258147K->942717K(1357824K), 0.0138848 secs] [Times: user=0.03 sys=0.00, real=0.01 secs] 
2713.101: [GC (Allocation Failure) [PSYoungGen: 325375K->38005K(465920K)] 1175677K->888607K(1357824K), 0.0058057 secs] [Times: user=0.02 sys=0.00, real=0.01 secs] 
2713.371: [GC (Allocation Failure) [PSYoungGen: 270965K->184462K(465920K)] 1121567K->1036317K(1357824K), 0.0206960 secs] [Times: user=0.03 sys=0.00, real=0.02 secs] 
2713.660: [GC (Allocation Failure) [PSYoungGen: 417422K->184526K(465920K)] 1269277K->1036655K(1357824K), 0.0204541 secs] [Times: user=0.03 sys=0.00, real=0.02 secs] 
2717.157: [GC (Allocation Failure) [PSYoungGen: 407058K->91741K(465920K)] 1259187K->944142K(1357824K), 0.0174994 secs] [Times: user=0.04 sys=0.00, real=0.02 secs] 
2718.562: [GC (Allocation Failure) [PSYoungGen: 324701K->37777K(465920K)] 1177102K->890501K(1357824K), 0.0069198 secs] [Times: user=0.02 sys=0.00, real=0.01 secs] 
2718.849: [GC (Allocation Failure) [PSYoungGen: 270737K->184462K(465920K)] 1123461K->1038568K(1357824K), 0.0206582 secs] [Times: user=0.03 sys=0.00, real=0.02 secs] 
2719.134: [GC (Allocation Failure) [PSYoungGen: 417422K->184590K(465920K)] 1271528K->1038849K(1357824K), 0.0205466 secs] [Times: user=0.03 sys=0.00, real=0.02 secs] 
2720.575: [GC (Allocation Failure) [PSYoungGen: 407669K->92014K(465920K)] 1261928K->946546K(1357824K), 0.0116130 secs] [Times: user=0.02 sys=0.00, real=0.01 secs] 
2723.120: [GC (Allocation Failure) [PSYoungGen: 324974K->37360K(465920K)] 1179506K->892208K(1357824K), 0.0085675 secs] [Times: user=0.02 sys=0.00, real=0.01 secs] 
2723.444: [GC (Allocation Failure) [PSYoungGen: 270320K->184719K(465920K)] 1125168K->1040820K(1357824K), 0.0206082 secs] [Times: user=0.03 sys=0.00, real=0.02 secs] 
2723.734: [GC (Allocation Failure) [PSYoungGen: 417679K->184044K(465920K)] 1273780K->1040427K(1357824K), 0.0206424 secs] [Times: user=0.03 sys=0.00, real=0.02 secs] 
2724.446: [GC (Allocation Failure) [PSYoungGen: 408150K->92640K(465920K)] 1264533K->949288K(1357824K), 0.0127982 secs] [Times: user=0.03 sys=0.00, real=0.01 secs] 
2725.269: [GC (Allocation Failure) [PSYoungGen: 325600K->38166K(465920K)] 1182248K->895135K(1357824K), 0.0059855 secs] [Times: user=0.01 sys=0.00, real=0.01 secs] 
2725.538: [GC (Allocation Failure) [PSYoungGen: 271126K->183819K(465920K)] 1128095K->1042042K(1357824K), 0.0205098 secs] [Times: user=0.03 sys=0.00, real=0.02 secs] 
2725.823: [GC (Allocation Failure) [PSYoungGen: 416779K->184269K(465920K)] 1275002K->1042773K(1357824K), 0.0206865 secs] [Times: user=0.03 sys=0.00, real=0.02 secs] 
2728.766: [GC (Allocation Failure) [PSYoungGen: 408043K->92544K(465920K)] 1266547K->951313K(1357824K), 0.0282779 secs] [Times: user=0.07 sys=0.00, real=0.03 secs] 
2730.496: [GC (Allocation Failure) [PSYoungGen: 325504K->37909K(465920K)] 1184273K->897000K(1357824K), 0.0075308 secs] [Times: user=0.02 sys=0.00, real=0.01 secs] 
2730.862: [GC (Allocation Failure) [PSYoungGen: 270869K->184462K(465920K)] 1129960K->1044806K(1357824K), 0.0206979 secs] [Times: user=0.03 sys=0.00, real=0.02 secs] 
2731.204: [GC (Allocation Failure) [PSYoungGen: 417422K->184301K(465920K)] 1277766K->1044927K(1357824K), 0.0206769 secs] [Times: user=0.03 sys=0.00, real=0.02 secs] 
2731.886: [GC (Allocation Failure) [PSYoungGen: 409349K->92078K(465920K)] 1269974K->953105K(1357824K), 0.0124811 secs] [Times: user=0.03 sys=0.00, real=0.01 secs] 
2733.777: [GC (Allocation Failure) [PSYoungGen: 325038K->37716K(465920K)] 1186065K->898920K(1357824K), 0.0099862 secs] [Times: user=0.02 sys=0.00, real=0.01 secs] 
2734.123: [GC (Allocation Failure) [PSYoungGen: 270676K->184879K(465920K)] 1131880K->1047466K(1357824K), 0.0205635 secs] [Times: user=0.03 sys=0.00, real=0.02 secs] 
2734.468: [GC (Allocation Failure) [PSYoungGen: 417839K->184687K(465920K)] 1280426K->1047554K(1357824K), 0.0205469 secs] [Times: user=0.03 sys=0.00, real=0.02 secs] 
2735.130: [GC (Allocation Failure) [PSYoungGen: 407230K->91435K(465920K)] 1270097K->954447K(1357824K), 0.0125204 secs] [Times: user=0.03 sys=0.00, real=0.01 secs] 
2736.067: [GC (Allocation Failure) [PSYoungGen: 324395K->37973K(465920K)] 1187407K->901307K(1357824K), 0.0082778 secs] [Times: user=0.02 sys=0.00, real=0.01 secs] 
2736.385: [GC (Allocation Failure) [PSYoungGen: 270933K->183948K(465920K)] 1134267K->1048535K(1357824K), 0.0205537 secs] [Times: user=0.03 sys=0.00, real=0.02 secs] 
2736.669: [GC (Allocation Failure) [PSYoungGen: 416908K->184879K(465920K)] 1281495K->1049748K(1357824K), 0.0206024 secs] [Times: user=0.03 sys=0.00, real=0.02 secs] 
2739.134: [GC (Allocation Failure) [PSYoungGen: 410199K->91966K(465920K)] 1275067K->957228K(1357824K), 0.0294725 secs] [Times: user=0.07 sys=0.00, real=0.03 secs] 
2741.115: [GC (Allocation Failure) [PSYoungGen: 324926K->37877K(465920K)] 1190188K->903316K(1357824K), 0.0073102 secs] [Times: user=0.02 sys=0.00, real=0.00 secs] 
2741.406: [GC (Allocation Failure) [PSYoungGen: 270837K->184719K(465920K)] 1136276K->1051419K(1357824K), 0.0206432 secs] [Times: user=0.03 sys=0.00, real=0.02 secs] 
2741.751: [GC (Allocation Failure) [PSYoungGen: 417679K->184430K(465920K)] 1284379K->1051411K(1357824K), 0.0205651 secs] [Times: user=0.03 sys=0.00, real=0.02 secs] 
2743.313: [GC (Allocation Failure) [PSYoungGen: 407155K->91725K(465920K)] 1274137K->958971K(1357824K), 0.0177756 secs] [Times: user=0.04 sys=0.00, real=0.02 secs] 
2745.225: [GC (Allocation Failure) [PSYoungGen: 324685K->37716K(465920K)] 1191931K->905281K(1357824K), 0.0074419 secs] [Times: user=0.02 sys=0.00, real=0.01 secs] 
2745.519: [GC (Allocation Failure) [PSYoungGen: 270676K->184719K(465920K)] 1138241K->1053537K(1357824K), 0.0206169 secs] [Times: user=0.03 sys=0.00, real=0.02 secs] 
2745.803: [GC (Allocation Failure) [PSYoungGen: 417679K->184430K(465920K)] 1286497K->1053529K(1357824K), 0.0207139 secs] [Times: user=0.03 sys=0.00, real=0.02 secs] 
2748.348: [GC (Allocation Failure) [PSYoungGen: 409474K->91837K(465920K)] 1278574K->961209K(1357824K), 0.0172779 secs] [Times: user=0.04 sys=0.00, real=0.02 secs] 
2750.148: [GC (Allocation Failure) [PSYoungGen: 324797K->37491K(465920K)] 1194169K->907171K(1357824K), 0.0069185 secs] [Times: user=0.02 sys=0.00, real=0.01 secs] 
2750.505: [GC (Allocation Failure) [PSYoungGen: 270451K->184205K(465920K)] 1140131K->1055146K(1357824K), 0.0208034 secs] [Times: user=0.02 sys=0.00, real=0.02 secs] 
2750.793: [GC (Allocation Failure) [PSYoungGen: 417165K->184880K(465920K)] 1288106K->1056095K(1357824K), 0.0208847 secs] [Times: user=0.03 sys=0.00, real=0.02 secs] 
2752.694: [GC (Allocation Failure) [PSYoungGen: 410363K->92158K(465920K)] 1281578K->963646K(1357824K), 0.0132056 secs] [Times: user=0.03 sys=0.00, real=0.01 secs] 
2753.593: [GC (Allocation Failure) [PSYoungGen: 325118K->38037K(465920K)] 1196606K->909833K(1357824K), 0.0058924 secs] [Times: user=0.02 sys=0.00, real=0.00 secs] 
2753.865: [GC (Allocation Failure) [PSYoungGen: 270997K->184590K(465920K)] 1142793K->1057639K(1357824K), 0.0207063 secs] [Times: user=0.03 sys=0.00, real=0.02 secs] 
2754.153: [GC (Allocation Failure) [PSYoungGen: 417550K->184333K(465920K)] 1290599K->1057655K(1357824K), 0.0206657 secs] [Times: user=0.03 sys=0.00, real=0.03 secs] 
2755.750: [GC (Allocation Failure) [PSYoungGen: 406638K->91837K(465920K)] 1279960K->965425K(1357824K), 0.0276942 secs] [Times: user=0.06 sys=0.00, real=0.03 secs] 
2757.770: [GC (Allocation Failure) [PSYoungGen: 324797K->37845K(465920K)] 1198385K->911746K(1357824K), 0.0084597 secs] [Times: user=0.02 sys=0.00, real=0.01 secs] 
2758.166: [GC (Allocation Failure) [PSYoungGen: 270805K->184430K(465920K)] 1144706K->1059584K(1357824K), 0.0207081 secs] [Times: user=0.03 sys=0.00, real=0.02 secs] 
2758.510: [GC (Allocation Failure) [PSYoungGen: 417390K->184301K(465920K)] 1292544K->1059737K(1357824K), 0.0208088 secs] [Times: user=0.03 sys=0.00, real=0.02 secs] 
2759.549: [GC (Allocation Failure) [PSYoungGen: 409374K->92126K(465920K)] 1284810K->967963K(1357824K), 0.0209474 secs] [Times: user=0.04 sys=0.00, real=0.02 secs] 
2761.007: [GC (Allocation Failure) [PSYoungGen: 325086K->37874K(465920K)] 1200923K->913896K(1357824K), 0.0073356 secs] [Times: user=0.02 sys=0.00, real=0.01 secs] 
2761.300: [GC (Allocation Failure) [PSYoungGen: 270834K->184365K(465920K)] 1146856K->1061641K(1357824K), 0.0204975 secs] [Times: user=0.03 sys=0.00, real=0.02 secs] 
2761.591: [GC (Allocation Failure) [PSYoungGen: 417325K->184622K(465920K)] 1294601K->1062300K(1357824K), 0.0205827 secs] [Times: user=0.03 sys=0.00, real=0.02 secs] 
2762.213: [GC (Allocation Failure) [PSYoungGen: 407612K->91950K(465920K)] 1285289K->969764K(1357824K), 0.0115047 secs] [Times: user=0.02 sys=0.00, real=0.02 secs] 
2763.030: [GC (Allocation Failure) [PSYoungGen: 324910K->38005K(465920K)] 1202724K->916141K(1357824K), 0.0059540 secs] [Times: user=0.01 sys=0.00, real=0.01 secs] 
2763.299: [GC (Allocation Failure) [PSYoungGen: 270965K->184462K(465920K)] 1149101K->1063851K(1357824K), 0.0205283 secs] [Times: user=0.03 sys=0.00, real=0.02 secs] 
2763.584: [GC (Allocation Failure) [PSYoungGen: 417422K->184558K(465920K)] 1296811K->1064229K(1357824K), 0.0205211 secs] [Times: user=0.03 sys=0.00, real=0.02 secs] 
2765.990: [GC (Allocation Failure) [PSYoungGen: 407106K->91757K(465920K)] 1286776K->971692K(1357824K), 0.0273087 secs] [Times: user=0.07 sys=0.00, real=0.03 secs] 
2767.601: [GC (Allocation Failure) [PSYoungGen: 324717K->37777K(465920K)] 1204652K->918029K(1357824K), 0.0067768 secs] [Times: user=0.02 sys=0.00, real=0.01 secs] 
2767.882: [GC (Allocation Failure) [PSYoungGen: 270737K->184462K(465920K)] 1150989K->1066095K(1357824K), 0.0207059 secs] [Times: user=0.03 sys=0.00, real=0.02 secs] 
2768.222: [GC (Allocation Failure) [PSYoungGen: 417422K->184558K(465920K)] 1299055K->1066344K(1357824K), 0.0205452 secs] [Times: user=0.02 sys=0.00, real=0.02 secs] 
2769.048: [GC (Allocation Failure) [PSYoungGen: 407611K->91982K(465920K)] 1289397K->974033K(1357824K), 0.0129571 secs] [Times: user=0.03 sys=0.00, real=0.01 secs] 
2769.984: [GC (Allocation Failure) [PSYoungGen: 324942K->37909K(465920K)] 1206993K->920265K(1357824K), 0.0058537 secs] [Times: user=0.01 sys=0.00, real=0.00 secs] 
2770.314: [GC (Allocation Failure) [PSYoungGen: 270869K->184462K(465920K)] 1153225K->1068080K(1357824K), 0.0206948 secs] [Times: user=0.03 sys=0.00, real=0.02 secs] 
2770.658: [GC (Allocation Failure) [PSYoungGen: 417422K->184526K(465920K)] 1301040K->1068418K(1357824K), 0.0206071 secs] [Times: user=0.03 sys=0.00, real=0.02 secs] 
2771.904: [GC (Allocation Failure) [PSYoungGen: 407068K->91901K(465920K)] 1290959K->976066K(1357824K), 0.0175795 secs] [Times: user=0.04 sys=0.01, real=0.01 secs] 
2773.276: [GC (Allocation Failure) [PSYoungGen: 324861K->37716K(465920K)] 1209026K->922210K(1357824K), 0.0082129 secs] [Times: user=0.02 sys=0.00, real=0.01 secs] 
2773.669: [GC (Allocation Failure) [PSYoungGen: 270676K->184462K(465920K)] 1155170K->1070338K(1357824K), 0.0206847 secs] [Times: user=0.03 sys=0.00, real=0.02 secs] 
2773.954: [GC (Allocation Failure) [PSYoungGen: 417422K->184526K(465920K)] 1303298K->1070547K(1357824K), 0.0206177 secs] [Times: user=0.03 sys=0.00, real=0.02 secs] 
2774.594: [GC (Allocation Failure) [PSYoungGen: 407584K->91982K(465920K)] 1293605K->978268K(1357824K), 0.0128184 secs] [Times: user=0.03 sys=0.00, real=0.01 secs] 
2775.414: [GC (Allocation Failure) [PSYoungGen: 324942K->38034K(465920K)] 1211228K->924634K(1357824K), 0.0067298 secs] [Times: user=0.02 sys=0.00, real=0.00 secs] 
2775.691: [GC (Allocation Failure) [PSYoungGen: 270994K->184462K(465920K)] 1157594K->1072315K(1357824K), 0.0205780 secs] [Times: user=0.02 sys=0.00, real=0.02 secs] 
2775.975: [GC (Allocation Failure) [PSYoungGen: 417422K->184558K(465920K)] 1305275K->1072692K(1357824K), 0.0207380 secs] [Times: user=0.03 sys=0.00, real=0.02 secs] 
2776.984: [GC (Allocation Failure) [PSYoungGen: 407092K->91773K(465920K)] 1295226K->980172K(1357824K), 0.0118862 secs] [Times: user=0.03 sys=0.00, real=0.01 secs] 
2778.016: [GC (Allocation Failure) [PSYoungGen: 324733K->37938K(465920K)] 1213132K->926651K(1357824K), 0.0067540 secs] [Times: user=0.02 sys=0.00, real=0.00 secs] 
2778.293: [GC (Allocation Failure) [PSYoungGen: 270898K->184944K(465920K)] 1159611K->1074910K(1357824K), 0.0208582 secs] [Times: user=0.03 sys=0.00, real=0.02 secs] 
2778.636: [GC (Allocation Failure) [PSYoungGen: 417904K->184141K(465920K)] 1307870K->1074380K(1357824K), 0.0205373 secs] [Times: user=0.03 sys=0.00, real=0.02 secs] 
2779.752: [GC (Allocation Failure) [PSYoungGen: 407010K->91773K(465920K)] 1297250K->982285K(1357824K), 0.0129629 secs] [Times: user=0.03 sys=0.00, real=0.02 secs] 
2779.765: [Full GC (Ergonomics) [PSYoungGen: 91773K->0K(465920K)] [ParOldGen: 890512K->342046K(829440K)] 982285K->342046K(1295360K), [Metaspace: 56392K->56392K(1101824K)], 0.0571198 secs] [Times: user=0.22 sys=0.00, real=0.05 secs] 
2780.447: [GC (Allocation Failure) [PSYoungGen: 232960K->131232K(465920K)] 575006K->473278K(1295360K), 0.0101193 secs] [Times: user=0.05 sys=0.00, real=0.01 secs] 
2781.136: [GC (Allocation Failure) [PSYoungGen: 364192K->151293K(465920K)] 706238K->624452K(1295360K), 0.0219873 secs] [Times: user=0.06 sys=0.00, real=0.02 secs] 
2781.420: [GC (Allocation Failure) [PSYoungGen: 384253K->183948K(465920K)] 857412K->691128K(1295360K), 0.0222895 secs] [Times: user=0.04 sys=0.00, real=0.02 secs] 
2781.781: [GC (Allocation Failure) [PSYoungGen: 416908K->180342K(465920K)] 924088K->687795K(1295360K), 0.0226172 secs] [Times: user=0.03 sys=0.01, real=0.03 secs] 
2782.703: [GC (Allocation Failure) [PSYoungGen: 413302K->32896K(465920K)] 920755K->541791K(1295360K), 0.0049958 secs] [Times: user=0.02 sys=0.00, real=0.00 secs] 
2783.262: [GC (Allocation Failure) [PSYoungGen: 265856K->134333K(465920K)] 774751K->643244K(1295360K), 0.0150247 secs] [Times: user=0.03 sys=0.00, real=0.02 secs] 
2783.541: [GC (Allocation Failure) [PSYoungGen: 367293K->184687K(465920K)] 876204K->694851K(1295360K), 0.0201593 secs] [Times: user=0.02 sys=0.00, real=0.02 secs] 
2783.972: [GC (Allocation Failure) [PSYoungGen: 417647K->167234K(465920K)] 927811K->677672K(1295360K), 0.0203636 secs] [Times: user=0.03 sys=0.00, real=0.02 secs] 
2785.875: [GC (Allocation Failure) [PSYoungGen: 400194K->128K(465920K)] 910632K->512007K(1295360K), 0.0032395 secs] [Times: user=0.01 sys=0.00, real=0.00 secs] 
2786.618: [GC (Allocation Failure) [PSYoungGen: 233062K->152198K(465920K)] 744941K->664102K(1295360K), 0.0169412 secs] [Times: user=0.03 sys=0.00, real=0.02 secs] 
2786.900: [GC (Allocation Failure) [PSYoungGen: 385158K->185972K(465920K)] 897062K->699258K(1295360K), 0.0204824 secs] [Times: user=0.02 sys=0.00, real=0.02 secs] 
2787.347: [GC (Allocation Failure) [PSYoungGen: 418932K->152228K(465920K)] 932218K->665658K(1295360K), 0.0177241 secs] [Times: user=0.02 sys=0.00, real=0.02 secs] 
2788.262: [GC (Allocation Failure) [PSYoungGen: 385188K->96K(465920K)] 898618K->514951K(1295360K), 0.0019863 secs] [Times: user=0.01 sys=0.00, real=0.01 secs] 
2788.604: [GC (Allocation Failure) [PSYoungGen: 233056K->170737K(465920K)] 747911K->685617K(1295360K), 0.0187588 secs] [Times: user=0.03 sys=0.00, real=0.02 secs] 
2788.945: [GC (Allocation Failure) [PSYoungGen: 403697K->184494K(465920K)] 918577K->700627K(1295360K), 0.0201731 secs] [Times: user=0.02 sys=0.00, real=0.02 secs] 
2789.458: [GC (Allocation Failure) [PSYoungGen: 417454K->127055K(465920K)] 933587K->643454K(1295360K), 0.0182189 secs] [Times: user=0.03 sys=0.00, real=0.02 secs] 
2791.079: [GC (Allocation Failure) [PSYoungGen: 360015K->2404K(465920K)] 876414K->519113K(1295360K), 0.0037921 secs] [Times: user=0.02 sys=0.00, real=0.01 secs] 
2791.425: [GC (Allocation Failure) [PSYoungGen: 235364K->186293K(465920K)] 752073K->704384K(1295360K), 0.0203821 secs] [Times: user=0.03 sys=0.00, real=0.02 secs] 
2791.773: [GC (Allocation Failure) [PSYoungGen: 419253K->185972K(465920K)] 937344K->704336K(1295360K), 0.0202918 secs] [Times: user=0.03 sys=0.00, real=0.02 secs] 
2792.918: [GC (Allocation Failure) [PSYoungGen: 418932K->107744K(465920K)] 937296K->626253K(1295360K), 0.0210136 secs] [Times: user=0.03 sys=0.00, real=0.02 secs] 
2794.882: [GC (Allocation Failure) [PSYoungGen: 340704K->22711K(465920K)] 859213K->541517K(1295360K), 0.0064024 secs] [Times: user=0.02 sys=0.00, real=0.01 secs] 
2795.229: [GC (Allocation Failure) [PSYoungGen: 255671K->186486K(465920K)] 774477K->706546K(1295360K), 0.0204627 secs] [Times: user=0.02 sys=0.00, real=0.02 secs] 
2795.515: [GC (Allocation Failure) [PSYoungGen: 419446K->186004K(465920K)] 939506K->706473K(1295360K), 0.0201969 secs] [Times: user=0.03 sys=0.00, real=0.02 secs] 
2796.713: [GC (Allocation Failure) [PSYoungGen: 417649K->87197K(465920K)] 938118K->607810K(1295360K), 0.0167941 secs] [Times: user=0.02 sys=0.00, real=0.01 secs] 
2797.537: [GC (Allocation Failure) [PSYoungGen: 320157K->38134K(465920K)] 840770K->559060K(1295360K), 0.0071395 secs] [Times: user=0.01 sys=0.00, real=0.01 secs] 
2797.896: [GC (Allocation Failure) [PSYoungGen: 271094K->186486K(465920K)] 792020K->708665K(1295360K), 0.0204009 secs] [Times: user=0.03 sys=0.00, real=0.02 secs] 
2798.181: [GC (Allocation Failure) [PSYoungGen: 419446K->186068K(465920K)] 941625K->708521K(1295360K), 0.0202373 secs] [Times: user=0.02 sys=0.00, real=0.02 secs] 
2798.831: [GC (Allocation Failure) [PSYoungGen: 419028K->104381K(465920K)] 941481K->627107K(1295360K), 0.0124690 secs] [Times: user=0.03 sys=0.00, real=0.02 secs] 
2800.031: [GC (Allocation Failure) [PSYoungGen: 337341K->58887K(465920K)] 860067K->581926K(1295360K), 0.0087533 secs] [Times: user=0.01 sys=0.00, real=0.01 secs] 
2800.319: [GC (Allocation Failure) [PSYoungGen: 291847K->184687K(465920K)] 814886K->708988K(1295360K), 0.0203095 secs] [Times: user=0.03 sys=0.00, real=0.02 secs] 
2800.605: [GC (Allocation Failure) [PSYoungGen: 417647K->186486K(465920K)] 941948K->711068K(1295360K), 0.0202886 secs] [Times: user=0.02 sys=0.00, real=0.02 secs] 
2801.861: [GC (Allocation Failure) [PSYoungGen: 419446K->85103K(465920K)] 944028K->609958K(1295360K), 0.0172023 secs] [Times: user=0.05 sys=0.00, real=0.02 secs] 
2803.800: [GC (Allocation Failure) [PSYoungGen: 318063K->78008K(465920K)] 842918K->603171K(1295360K), 0.0110482 secs] [Times: user=0.02 sys=0.00, real=0.01 secs] 
2804.086: [GC (Allocation Failure) [PSYoungGen: 310968K->185972K(465920K)] 836131K->712388K(1295360K), 0.0202726 secs] [Times: user=0.03 sys=0.00, real=0.02 secs] 
2804.433: [GC (Allocation Failure) [PSYoungGen: 418932K->185940K(465920K)] 945348K->712629K(1295360K), 0.0201989 secs] [Times: user=0.02 sys=0.00, real=0.03 secs] 
2806.176: [GC (Allocation Failure) [PSYoungGen: 418900K->65182K(465920K)] 945589K->592265K(1295360K), 0.0072172 secs] [Times: user=0.03 sys=0.00, real=0.01 secs] 
2806.817: [GC (Allocation Failure) [PSYoungGen: 298142K->98090K(465920K)] 825225K->625352K(1295360K), 0.0119102 secs] [Times: user=0.02 sys=0.00, real=0.01 secs] 
2807.094: [GC (Allocation Failure) [PSYoungGen: 331050K->186004K(465920K)] 858312K->714648K(1295360K), 0.0203732 secs] [Times: user=0.03 sys=0.00, real=0.02 secs] 
2807.380: [GC (Allocation Failure) [PSYoungGen: 418964K->185811K(465920K)] 947608K->714729K(1295360K), 0.0202614 secs] [Times: user=0.02 sys=0.00, real=0.02 secs] 
2810.337: [GC (Allocation Failure) [PSYoungGen: 418771K->45229K(465920K)] 947689K->574282K(1295360K), 0.0083392 secs] [Times: user=0.03 sys=0.00, real=0.01 secs] 
2811.468: [GC (Allocation Failure) [PSYoungGen: 278189K->116340K(465920K)] 807242K->645709K(1295360K), 0.0132928 secs] [Times: user=0.02 sys=0.00, real=0.01 secs] 
2811.812: [GC (Allocation Failure) [PSYoungGen: 349300K->184944K(465920K)] 878669K->715567K(1295360K), 0.0203323 secs] [Times: user=0.02 sys=0.00, real=0.02 secs] 
2812.133: [GC (Allocation Failure) [PSYoungGen: 417904K->181226K(465920K)] 948527K->712122K(1295360K), 0.0213427 secs] [Times: user=0.02 sys=0.00, real=0.02 secs] 
2813.379: [GC (Allocation Failure) [PSYoungGen: 414186K->32896K(465920K)] 945082K->565227K(1295360K), 0.0040912 secs] [Times: user=0.02 sys=0.00, real=0.01 secs] 
2813.872: [GC (Allocation Failure) [PSYoungGen: 265856K->132020K(465920K)] 798187K->664368K(1295360K), 0.0149185 secs] [Times: user=0.02 sys=0.00, real=0.02 secs] 
2814.150: [GC (Allocation Failure) [PSYoungGen: 364980K->184173K(465920K)] 897328K->717766K(1295360K), 0.0203007 secs] [Times: user=0.02 sys=0.01, real=0.02 secs] 
2814.861: [GC (Allocation Failure) [PSYoungGen: 417133K->170110K(465920K)] 950726K->703976K(1295360K), 0.0273456 secs] [Times: user=0.04 sys=0.00, real=0.03 secs] 
2816.450: [GC (Allocation Failure) [PSYoungGen: 403070K->128K(465920K)] 936936K->535428K(1295360K), 0.0024334 secs] [Times: user=0.01 sys=0.00, real=0.00 secs] 
2816.976: [GC (Allocation Failure) [PSYoungGen: 233088K->149339K(465920K)] 768388K->684655K(1295360K), 0.0166610 secs] [Times: user=0.03 sys=0.00, real=0.01 secs] 
2817.308: [GC (Allocation Failure) [PSYoungGen: 382299K->186100K(465920K)] 917615K->722670K(1295360K), 0.0206071 secs] [Times: user=0.03 sys=0.00, real=0.02 secs] 
2818.550: [GC (Allocation Failure) [PSYoungGen: 419060K->154927K(465920K)] 955630K->691770K(1295360K), 0.0438478 secs] [Times: user=0.07 sys=0.00, real=0.05 secs] 
2820.481: [GC (Allocation Failure) [PSYoungGen: 387887K->160K(465920K)] 924730K->538452K(1295360K), 0.0026186 secs] [Times: user=0.01 sys=0.00, real=0.01 secs] 
2820.922: [GC (Allocation Failure) [PSYoungGen: 233120K->168263K(465920K)] 771412K->706580K(1295360K), 0.0185671 secs] [Times: user=0.03 sys=0.00, real=0.02 secs] 
2821.209: [GC (Allocation Failure) [PSYoungGen: 401223K->184558K(465920K)] 939540K->724128K(1295360K), 0.0203126 secs] [Times: user=0.03 sys=0.00, real=0.02 secs] 
2822.579: [GC (Allocation Failure) [PSYoungGen: 417518K->129336K(465920K)] 957088K->669180K(1295360K), 0.0244105 secs] [Times: user=0.03 sys=0.00, real=0.03 secs] 
2825.375: [GC (Allocation Failure) [PSYoungGen: 362296K->128K(465920K)] 902140K->541414K(1295360K), 0.0025461 secs] [Times: user=0.01 sys=0.00, real=0.00 secs] 
2825.697: [GC (Allocation Failure) [PSYoungGen: 233088K->185132K(465920K)] 774374K->726435K(1295360K), 0.0201100 secs] [Times: user=0.03 sys=0.00, real=0.02 secs] 
2825.982: [GC (Allocation Failure) [PSYoungGen: 418092K->186357K(465920K)] 959395K->728906K(1295360K), 0.0205195 secs] [Times: user=0.02 sys=0.00, real=0.02 secs] 
2828.668: [GC (Allocation Failure) [PSYoungGen: 419317K->110732K(465920K)] 961866K->653554K(1295360K), 0.0237541 secs] [Times: user=0.04 sys=0.00, real=0.02 secs] 
2829.641: [GC (Allocation Failure) [PSYoungGen: 343692K->19401K(465920K)] 886514K->562531K(1295360K), 0.0043349 secs] [Times: user=0.01 sys=0.00, real=0.01 secs] 
2829.917: [GC (Allocation Failure) [PSYoungGen: 252361K->186100K(465920K)] 795491K->730491K(1295360K), 0.0203733 secs] [Times: user=0.02 sys=0.00, real=0.02 secs] 
2830.204: [GC (Allocation Failure) [PSYoungGen: 419060K->185875K(465920K)] 963451K->730539K(1295360K), 0.0205330 secs] [Times: user=0.03 sys=0.00, real=0.02 secs] 
2831.681: [GC (Allocation Failure) [PSYoungGen: 418835K->91036K(465920K)] 963499K->635965K(1295360K), 0.0204844 secs] [Times: user=0.04 sys=0.00, real=0.02 secs] 
2833.468: [GC (Allocation Failure) [PSYoungGen: 323996K->38005K(465920K)] 868925K->583248K(1295360K), 0.0067695 secs] [Times: user=0.02 sys=0.00, real=0.01 secs] 
2833.843: [GC (Allocation Failure) [PSYoungGen: 270965K->186100K(465920K)] 816208K->732725K(1295360K), 0.0204706 secs] [Times: user=0.03 sys=0.00, real=0.02 secs] 
2834.132: [GC (Allocation Failure) [PSYoungGen: 419060K->184655K(465920K)] 965685K->731432K(1295360K), 0.0203717 secs] [Times: user=0.02 sys=0.00, real=0.02 secs] 
2835.902: [GC (Allocation Failure) [PSYoungGen: 417615K->106357K(465920K)] 964392K->653408K(1295360K), 0.0172305 secs] [Times: user=0.04 sys=0.01, real=0.02 secs] 
2837.421: [GC (Allocation Failure) [PSYoungGen: 339317K->56930K(465920K)] 886368K->604304K(1295360K), 0.0083114 secs] [Times: user=0.02 sys=0.00, real=0.01 secs] 
2837.699: [GC (Allocation Failure) [PSYoungGen: 289890K->186004K(465920K)] 837264K->734632K(1295360K), 0.0204511 secs] [Times: user=0.03 sys=0.00, real=0.02 secs] 
2837.983: [GC (Allocation Failure) [PSYoungGen: 418964K->184526K(465920K)] 967592K->733427K(1295360K), 0.0201995 secs] [Times: user=0.03 sys=0.00, real=0.02 secs] 
2838.768: [GC (Allocation Failure) [PSYoungGen: 417486K->87705K(465920K)] 966387K->636879K(1295360K), 0.0099385 secs] [Times: user=0.03 sys=0.00, real=0.01 secs] 
2839.588: [GC (Allocation Failure) [PSYoungGen: 320665K->75852K(465920K)] 869839K->625332K(1295360K), 0.0093331 secs] [Times: user=0.01 sys=0.00, real=0.01 secs] 
2839.862: [GC (Allocation Failure) [PSYoungGen: 308812K->185972K(465920K)] 858292K->736713K(1295360K), 0.0204534 secs] [Times: user=0.03 sys=0.00, real=0.02 secs] 
2840.152: [GC (Allocation Failure) [PSYoungGen: 418932K->184558K(465920K)] 969673K->735580K(1295360K), 0.0203729 secs] [Times: user=0.02 sys=0.00, real=0.02 secs] 
2841.280: [GC (Allocation Failure) [PSYoungGen: 417518K->68796K(465920K)] 968540K->620092K(1295360K), 0.0081849 secs] [Times: user=0.03 sys=0.00, real=0.01 secs] 
2841.941: [GC (Allocation Failure) [PSYoungGen: 301756K->94617K(465920K)] 853052K->646220K(1295360K), 0.0112491 secs] [Times: user=0.02 sys=0.00, real=0.01 secs] 
2842.274: [GC (Allocation Failure) [PSYoungGen: 327577K->186132K(465920K)] 879180K->738989K(1295360K), 0.0205319 secs] [Times: user=0.03 sys=0.00, real=0.02 secs] 
2842.618: [GC (Allocation Failure) [PSYoungGen: 419092K->185940K(465920K)] 971949K->739070K(1295360K), 0.0203181 secs] [Times: user=0.03 sys=0.00, real=0.02 secs] 
2843.576: [GC (Allocation Failure) [PSYoungGen: 418900K->48506K(465920K)] 972030K->601900K(1295360K), 0.0053678 secs] [Times: user=0.02 sys=0.00, real=0.00 secs] 
2844.462: [GC (Allocation Failure) [PSYoungGen: 281466K->114570K(465920K)] 834860K->668278K(1295360K), 0.0132426 secs] [Times: user=0.02 sys=0.00, real=0.02 secs] 
2844.741: [GC (Allocation Failure) [PSYoungGen: 347530K->185972K(465920K)] 901238K->740934K(1295360K), 0.0205226 secs] [Times: user=0.02 sys=0.00, real=0.02 secs] 
2845.227: [GC (Allocation Failure) [PSYoungGen: 418932K->181949K(465920K)] 973894K->737185K(1295360K), 0.0344203 secs] [Times: user=0.05 sys=0.00, real=0.03 secs] 
2847.370: [GC (Allocation Failure) [PSYoungGen: 414909K->32896K(465920K)] 970145K->589576K(1295360K), 0.0042251 secs] [Times: user=0.03 sys=0.00, real=0.01 secs] 
2848.236: [GC (Allocation Failure) [PSYoungGen: 265856K->133273K(465920K)] 822536K->689978K(1295360K), 0.0150843 secs] [Times: user=0.02 sys=0.00, real=0.01 secs] 
2848.568: [GC (Allocation Failure) [PSYoungGen: 366233K->184687K(465920K)] 922938K->742645K(1295360K), 0.0203031 secs] [Times: user=0.02 sys=0.00, real=0.02 secs] 
2849.024: [GC (Allocation Failure) [PSYoungGen: 417647K->168310K(465920K)] 975605K->726534K(1295360K), 0.0248508 secs] [Times: user=0.04 sys=0.00, real=0.02 secs] 
2849.931: [GC (Allocation Failure) [PSYoungGen: 401270K->96K(465920K)] 959494K->559757K(1295360K), 0.0024727 secs] [Times: user=0.01 sys=0.00, real=0.01 secs] 
2850.374: [GC (Allocation Failure) [PSYoungGen: 233056K->153130K(465920K)] 792717K->712823K(1295360K), 0.0171728 secs] [Times: user=0.03 sys=0.00, real=0.01 secs] 
2850.717: [GC (Allocation Failure) [PSYoungGen: 386090K->185875K(465920K)] 945783K->746814K(1295360K), 0.0204275 secs] [Times: user=0.02 sys=0.01, real=0.02 secs] 
2851.232: [GC (Allocation Failure) [PSYoungGen: 418835K->151425K(465920K)] 979774K->712629K(1295360K), 0.0235236 secs] [Times: user=0.04 sys=0.00, real=0.03 secs] 
2853.684: [GC (Allocation Failure) [PSYoungGen: 384385K->96K(465920K)] 945589K->562739K(1295360K), 0.0108424 secs] [Times: user=0.04 sys=0.00, real=0.01 secs] 
2854.432: [GC (Allocation Failure) [PSYoungGen: 233056K->172280K(465920K)] 795699K->734947K(1295360K), 0.0189612 secs] [Times: user=0.03 sys=0.00, real=0.02 secs] 
2854.717: [GC (Allocation Failure) [PSYoungGen: 405240K->186164K(465920K)] 967907K->750214K(1295360K), 0.0204292 secs] [Times: user=0.03 sys=0.00, real=0.02 secs] 
2855.654: [GC (Allocation Failure) [PSYoungGen: 419124K->123826K(465920K)] 983174K->688020K(1295360K), 0.0188621 secs] [Times: user=0.03 sys=0.00, real=0.01 secs] 
2857.457: [GC (Allocation Failure) [PSYoungGen: 356786K->5874K(465920K)] 920980K->570370K(1295360K), 0.0032813 secs] [Times: user=0.01 sys=0.00, real=0.00 secs] 
2857.752: [GC (Allocation Failure) [PSYoungGen: 238834K->184719K(465920K)] 803330K->750468K(1295360K), 0.0202209 secs] [Times: user=0.03 sys=0.00, real=0.02 secs] 
2858.037: [GC (Allocation Failure) [PSYoungGen: 417679K->186486K(465920K)] 983428K->752645K(1295360K), 0.0204438 secs] [Times: user=0.02 sys=0.00, real=0.02 secs] 
2859.192: [GC (Allocation Failure) [PSYoungGen: 419446K->105350K(465920K)] 985605K->671783K(1295360K), 0.0292938 secs] [Times: user=0.04 sys=0.00, real=0.03 secs] 
2860.622: [GC (Allocation Failure) [PSYoungGen: 338310K->25281K(465920K)] 904743K->591893K(1295360K), 0.0052066 secs] [Times: user=0.02 sys=0.00, real=0.01 secs] 
2860.975: [GC (Allocation Failure) [PSYoungGen: 258241K->184590K(465920K)] 824853K->752463K(1295360K), 0.0202961 secs] [Times: user=0.02 sys=0.00, real=0.02 secs] 
2861.318: [GC (Allocation Failure) [PSYoungGen: 417550K->184398K(465920K)] 985423K->752552K(1295360K), 0.0204121 secs] [Times: user=0.03 sys=0.01, real=0.02 secs] 
2862.451: [GC (Allocation Failure) [PSYoungGen: 416062K->88096K(465920K)] 984216K->656516K(1295360K), 0.0152901 secs] [Times: user=0.03 sys=0.00, real=0.02 secs] 
2863.410: [GC (Allocation Failure) [PSYoungGen: 321056K->38134K(465920K)] 889476K->606869K(1295360K), 0.0089300 secs] [Times: user=0.02 sys=0.00, real=0.01 secs] 
2863.761: [GC (Allocation Failure) [PSYoungGen: 271094K->184301K(465920K)] 839829K->754290K(1295360K), 0.0203415 secs] [Times: user=0.03 sys=0.00, real=0.02 secs] 
2864.059: [GC (Allocation Failure) [PSYoungGen: 417261K->184205K(465920K)] 987250K->754474K(1295360K), 0.0203173 secs] [Times: user=0.03 sys=0.00, real=0.02 secs] 
2865.276: [GC (Allocation Failure) [PSYoungGen: 401356K->75758K(465920K)] 971626K->646293K(1295360K), 0.0233627 secs] [Times: user=0.05 sys=0.00, real=0.02 secs] 
2867.015: [GC (Allocation Failure) [PSYoungGen: 308718K->37877K(465920K)] 879253K->608711K(1295360K), 0.0065702 secs] [Times: user=0.02 sys=0.00, real=0.00 secs] 
2867.370: [GC (Allocation Failure) [PSYoungGen: 270837K->184205K(465920K)] 841671K->756285K(1295360K), 0.0204871 secs] [Times: user=0.03 sys=0.00, real=0.02 secs] 
2867.654: [GC (Allocation Failure) [PSYoungGen: 417165K->184912K(465920K)] 989245K->757273K(1295360K), 0.0202967 secs] [Times: user=0.03 sys=0.00, real=0.02 secs] 
2868.713: [GC (Allocation Failure) [PSYoungGen: 417872K->108109K(465920K)] 990233K->680735K(1295360K), 0.0158493 secs] [Times: user=0.03 sys=0.00, real=0.01 secs] 
2870.814: [GC (Allocation Failure) [PSYoungGen: 341069K->53942K(465920K)] 913695K->626884K(1295360K), 0.0092980 secs] [Times: user=0.02 sys=0.00, real=0.01 secs] 
2871.122: [GC (Allocation Failure) [PSYoungGen: 286902K->184173K(465920K)] 859844K->758377K(1295360K), 0.0202423 secs] [Times: user=0.03 sys=0.00, real=0.02 secs] 
2871.461: [GC (Allocation Failure) [PSYoungGen: 417133K->184076K(465920K)] 991337K->758561K(1295360K), 0.0201766 secs] [Times: user=0.03 sys=0.00, real=0.02 secs] 
2872.232: [GC (Allocation Failure) [PSYoungGen: 417036K->92975K(465920K)] 991521K->667733K(1295360K), 0.0110374 secs] [Times: user=0.02 sys=0.01, real=0.02 secs] 
2873.063: [GC (Allocation Failure) [PSYoungGen: 325935K->69911K(465920K)] 900693K->644975K(1295360K), 0.0086946 secs] [Times: user=0.01 sys=0.00, real=0.00 secs] 
2873.338: [GC (Allocation Failure) [PSYoungGen: 302871K->186518K(465920K)] 877935K->762964K(1295360K), 0.0205992 secs] [Times: user=0.03 sys=0.00, real=0.02 secs] 
2873.676: [GC (Allocation Failure) [PSYoungGen: 419478K->186068K(465920K)] 995924K->762795K(1295360K), 0.0202246 secs] [Times: user=0.02 sys=0.00, real=0.02 secs] 
2875.992: [GC (Allocation Failure) [PSYoungGen: 419028K->72636K(465920K)] 995755K->649636K(1295360K), 0.0121352 secs] [Times: user=0.04 sys=0.00, real=0.02 secs] 
2877.096: [GC (Allocation Failure) [PSYoungGen: 305596K->89993K(465920K)] 882596K->667186K(1295360K), 0.0107395 secs] [Times: user=0.02 sys=0.00, real=0.01 secs] 
2877.373: [GC (Allocation Failure) [PSYoungGen: 322953K->186389K(465920K)] 900146K->764836K(1295360K), 0.0203606 secs] [Times: user=0.03 sys=0.00, real=0.02 secs] 
2877.659: [GC (Allocation Failure) [PSYoungGen: 419349K->185972K(465920K)] 997796K->764692K(1295360K), 0.0203393 secs] [Times: user=0.03 sys=0.00, real=0.02 secs] 
2878.608: [GC (Allocation Failure) [PSYoungGen: 418932K->52843K(465920K)] 997652K->631828K(1295360K), 0.0057092 secs] [Times: user=0.02 sys=0.00, real=0.01 secs] 
2879.225: [GC (Allocation Failure) [PSYoungGen: 285803K->110299K(465920K)] 864788K->689598K(1295360K), 0.0127344 secs] [Times: user=0.02 sys=0.00, real=0.01 secs] 
2879.503: [GC (Allocation Failure) [PSYoungGen: 343259K->185972K(465920K)] 922558K->766653K(1295360K), 0.0206093 secs] [Times: user=0.02 sys=0.00, real=0.02 secs] 
2879.793: [GC (Allocation Failure) [PSYoungGen: 418932K->184655K(465920K)] 999613K->765624K(1295360K), 0.0201857 secs] [Times: user=0.02 sys=0.00, real=0.02 secs] 
2881.196: [GC (Allocation Failure) [PSYoungGen: 417615K->34144K(465920K)] 998584K->615145K(1295360K), 0.0041920 secs] [Times: user=0.03 sys=0.00, real=0.00 secs] 
2881.712: [GC (Allocation Failure) [PSYoungGen: 267104K->128450K(465920K)] 848105K->709631K(1295360K), 0.0146322 secs] [Times: user=0.02 sys=0.00, real=0.02 secs] 
2881.990: [GC (Allocation Failure) [PSYoungGen: 361410K->184205K(465920K)] 942591K->766631K(1295360K), 0.0201663 secs] [Times: user=0.03 sys=0.00, real=0.02 secs] 
2882.447: [GC (Allocation Failure) [PSYoungGen: 415463K->171644K(465920K)] 997889K->754336K(1295360K), 0.0217396 secs] [Times: user=0.04 sys=0.00, real=0.02 secs] 
2884.028: [GC (Allocation Failure) [PSYoungGen: 404604K->96K(465920K)] 987296K->584229K(1295360K), 0.0025717 secs] [Times: user=0.02 sys=0.00, real=0.00 secs] 
2884.721: [GC (Allocation Failure) [PSYoungGen: 233056K->142013K(465920K)] 817189K->726154K(1295360K), 0.0158986 secs] [Times: user=0.02 sys=0.00, real=0.02 secs] 
2885.000: [GC (Allocation Failure) [PSYoungGen: 374973K->184558K(465920K)] 959114K->769953K(1295360K), 0.0202604 secs] [Times: user=0.03 sys=0.00, real=0.02 secs] 
2885.487: [GC (Allocation Failure) [PSYoungGen: 413837K->159651K(465920K)] 999232K->745311K(1295360K), 0.0189872 secs] [Times: user=0.03 sys=0.00, real=0.02 secs] 
2886.616: [GC (Allocation Failure) [PSYoungGen: 392611K->128K(465920K)] 978271K->587237K(1295360K), 0.0022868 secs] [Times: user=0.01 sys=0.01, real=0.00 secs] 
2887.257: [GC (Allocation Failure) [PSYoungGen: 233088K->154865K(465920K)] 820197K->741991K(1295360K), 0.0172559 secs] [Times: user=0.03 sys=0.01, real=0.02 secs] 
2887.540: [GC (Allocation Failure) [PSYoungGen: 387825K->183690K(465920K)] 974951K->772054K(1295360K), 0.0201919 secs] [Times: user=0.03 sys=0.00, real=0.02 secs] 
2887.995: [GC (Allocation Failure) [PSYoungGen: 416650K->151859K(465920K)] 1005014K->740487K(1295360K), 0.0188729 secs] [Times: user=0.03 sys=0.00, real=0.02 secs] 
2889.005: [GC (Allocation Failure) [PSYoungGen: 384819K->128K(465920K)] 973447K->590196K(1295360K), 0.0025079 secs] [Times: user=0.01 sys=0.00, real=0.00 secs] 
2889.426: [GC (Allocation Failure) [PSYoungGen: 233088K->170031K(465920K)] 823156K->760115K(1295360K), 0.0185954 secs] [Times: user=0.02 sys=0.00, real=0.02 secs] 
2889.710: [GC (Allocation Failure) [PSYoungGen: 402991K->184430K(465920K)] 993075K->775904K(1295360K), 0.0203443 secs] [Times: user=0.02 sys=0.00, real=0.02 secs] 
2890.688: [GC (Allocation Failure) [PSYoungGen: 417390K->127682K(465920K)] 1008864K->719300K(1295360K), 0.0189141 secs] [Times: user=0.03 sys=0.00, real=0.02 secs] 
2892.688: [GC (Allocation Failure) [PSYoungGen: 360642K->2533K(465920K)] 952260K->594459K(1295360K), 0.0052075 secs] [Times: user=0.02 sys=0.00, real=0.01 secs] 
2893.103: [GC (Allocation Failure) [PSYoungGen: 235493K->183690K(465920K)] 827419K->776871K(1295360K), 0.0201188 secs] [Times: user=0.02 sys=0.00, real=0.02 secs] 
2893.391: [GC (Allocation Failure) [PSYoungGen: 416650K->184398K(465920K)] 1009831K->777859K(1295360K), 0.0201680 secs] [Times: user=0.03 sys=0.00, real=0.02 secs] 
2894.385: [GC (Allocation Failure) [PSYoungGen: 417358K->111745K(465920K)] 1010819K->705479K(1295360K), 0.0244394 secs] [Times: user=0.04 sys=0.00, real=0.02 secs] 
2896.187: [GC (Allocation Failure) [PSYoungGen: 344705K->17856K(465920K)] 938439K->611898K(1295360K), 0.0046452 secs] [Times: user=0.02 sys=0.00, real=0.00 secs] 
2896.489: [GC (Allocation Failure) [PSYoungGen: 250816K->186229K(465920K)] 844858K->781645K(1295360K), 0.0206116 secs] [Times: user=0.03 sys=0.00, real=0.02 secs] 
2896.832: [GC (Allocation Failure) [PSYoungGen: 419189K->184847K(465920K)] 1014605K->780416K(1295360K), 0.0203769 secs] [Times: user=0.03 sys=0.00, real=0.03 secs] 
2899.024: [GC (Allocation Failure) [PSYoungGen: 417807K->93526K(465920K)] 1013376K->689496K(1295360K), 0.0217120 secs] [Times: user=0.04 sys=0.00, real=0.02 secs] 
2900.651: [GC (Allocation Failure) [PSYoungGen: 326486K->35724K(465920K)] 922456K->631879K(1295360K), 0.0070343 secs] [Times: user=0.02 sys=0.00, real=0.01 secs] 
2901.044: [GC (Allocation Failure) [PSYoungGen: 268684K->186261K(465920K)] 864839K->783678K(1295360K), 0.0204445 secs] [Times: user=0.03 sys=0.00, real=0.02 secs] 
2901.385: [GC (Allocation Failure) [PSYoungGen: 419221K->184655K(465920K)] 1016638K->782353K(1295360K), 0.0204358 secs] [Times: user=0.03 sys=0.00, real=0.02 secs] 
2902.007: [GC (Allocation Failure) [PSYoungGen: 401618K->75710K(465920K)] 999316K->673681K(1295360K), 0.0117212 secs] [Times: user=0.03 sys=0.00, real=0.01 secs] 
2903.110: [GC (Allocation Failure) [PSYoungGen: 308670K->37748K(465920K)] 906641K->636025K(1295360K), 0.0055090 secs] [Times: user=0.02 sys=0.00, real=0.01 secs] 
2903.380: [GC (Allocation Failure) [PSYoungGen: 270708K->184558K(465920K)] 868985K->784080K(1295360K), 0.0202875 secs] [Times: user=0.03 sys=0.00, real=0.02 secs] 
2903.663: [GC (Allocation Failure) [PSYoungGen: 417518K->183948K(465920K)] 1017040K->783751K(1295360K), 0.0201498 secs] [Times: user=0.02 sys=0.00, real=0.02 secs] 
2905.205: [GC (Allocation Failure) [PSYoungGen: 401204K->76144K(465920K)] 1001007K->676341K(1295360K), 0.0179054 secs] [Times: user=0.03 sys=0.00, real=0.02 secs] 
2907.070: [GC (Allocation Failure) [PSYoungGen: 309104K->37906K(465920K)] 909301K->638288K(1295360K), 0.0072454 secs] [Times: user=0.02 sys=0.00, real=0.01 secs] 
2907.378: [GC (Allocation Failure) [PSYoungGen: 270866K->184076K(465920K)] 871248K->785712K(1295360K), 0.0202210 secs] [Times: user=0.03 sys=0.00, real=0.02 secs] 
2907.662: [GC (Allocation Failure) [PSYoungGen: 417036K->184912K(465920K)] 1018672K->786829K(1295360K), 0.0202254 secs] [Times: user=0.03 sys=0.00, real=0.02 secs] 
2909.233: [GC (Allocation Failure) [PSYoungGen: 402043K->75501K(465920K)] 1003960K->677811K(1295360K), 0.0224716 secs] [Times: user=0.04 sys=0.00, real=0.02 secs] 
2910.811: [GC (Allocation Failure) [PSYoungGen: 308461K->37780K(465920K)] 910771K->640286K(1295360K), 0.0073402 secs] [Times: user=0.02 sys=0.00, real=0.01 secs] 
2911.120: [GC (Allocation Failure) [PSYoungGen: 270740K->184333K(465920K)] 873246K->788100K(1295360K), 0.0202112 secs] [Times: user=0.03 sys=0.00, real=0.02 secs] 
2911.404: [GC (Allocation Failure) [PSYoungGen: 417293K->184590K(465920K)] 1021060K->788767K(1295360K), 0.0202432 secs] [Times: user=0.03 sys=0.00, real=0.02 secs] 
2912.964: [GC (Allocation Failure) [PSYoungGen: 417550K->108526K(465920K)] 1021727K->712847K(1295360K), 0.0206851 secs] [Times: user=0.05 sys=0.00, real=0.02 secs] 
2914.920: [GC (Allocation Failure) [PSYoungGen: 341486K->53717K(465920K)] 945807K->658356K(1295360K), 0.0088946 secs] [Times: user=0.02 sys=0.00, real=0.01 secs] 
2915.219: [GC (Allocation Failure) [PSYoungGen: 286677K->184976K(465920K)] 891316K->790868K(1295360K), 0.0269655 secs] [Times: user=0.05 sys=0.00, real=0.03 secs] 
2915.566: [GC (Allocation Failure) [PSYoungGen: 417936K->184269K(465920K)] 1023828K->790435K(1295360K), 0.0204305 secs] [Times: user=0.03 sys=0.00, real=0.02 secs] 
2916.492: [GC (Allocation Failure) [PSYoungGen: 417229K->92204K(465920K)] 1023395K->698771K(1295360K), 0.0111550 secs] [Times: user=0.03 sys=0.00, real=0.02 secs] 
2917.914: [GC (Allocation Failure) [PSYoungGen: 325164K->70265K(465920K)] 931731K->677011K(1295360K), 0.0101502 secs] [Times: user=0.02 sys=0.00, real=0.01 secs] 
2918.203: [GC (Allocation Failure) [PSYoungGen: 303225K->186550K(465920K)] 909971K->794678K(1295360K), 0.0205780 secs] [Times: user=0.03 sys=0.00, real=0.02 secs] 
2918.494: [GC (Allocation Failure) [PSYoungGen: 419510K->186100K(465920K)] 1027638K->794502K(1295360K), 0.0205599 secs] [Times: user=0.03 sys=0.00, real=0.02 secs] 
2920.200: [GC (Allocation Failure) [PSYoungGen: 419060K->72283K(465920K)] 1027462K->680949K(1295360K), 0.0124762 secs] [Times: user=0.03 sys=0.01, real=0.01 secs] 
2921.154: [GC (Allocation Failure) [PSYoungGen: 305243K->90635K(465920K)] 913909K->699489K(1295360K), 0.0108728 secs] [Times: user=0.02 sys=0.00, real=0.01 secs] 
2921.430: [GC (Allocation Failure) [PSYoungGen: 323595K->185972K(465920K)] 932449K->796080K(1295360K), 0.0204049 secs] [Times: user=0.02 sys=0.00, real=0.02 secs] 
2921.715: [GC (Allocation Failure) [PSYoungGen: 418932K->185940K(465920K)] 1029040K->796329K(1295360K), 0.0203299 secs] [Times: user=0.02 sys=0.00, real=0.02 secs] 
2923.667: [GC (Allocation Failure) [PSYoungGen: 418900K->52618K(465920K)] 1029289K->663401K(1295360K), 0.0100043 secs] [Times: user=0.03 sys=0.00, real=0.01 secs] 
2924.360: [GC (Allocation Failure) [PSYoungGen: 285578K->110267K(465920K)] 896361K->721235K(1295360K), 0.0128167 secs] [Times: user=0.02 sys=0.00, real=0.01 secs] 
2924.695: [GC (Allocation Failure) [PSYoungGen: 343227K->184719K(465920K)] 954195K->796940K(1295360K), 0.0202207 secs] [Times: user=0.02 sys=0.00, real=0.02 secs] 
2924.978: [GC (Allocation Failure) [PSYoungGen: 417679K->184558K(465920K)] 1029900K->797052K(1295360K), 0.0202159 secs] [Times: user=0.03 sys=0.00, real=0.02 secs] 
2925.895: [GC (Allocation Failure) [PSYoungGen: 417518K->35653K(465920K)] 1030012K->648413K(1295360K), 0.0050543 secs] [Times: user=0.03 sys=0.00, real=0.00 secs] 
2926.444: [GC (Allocation Failure) [PSYoungGen: 268613K->127005K(465920K)] 881373K->740086K(1295360K), 0.0145381 secs] [Times: user=0.02 sys=0.00, real=0.01 secs] 
2926.722: [GC (Allocation Failure) [PSYoungGen: 359965K->184815K(465920K)] 973046K->799142K(1295360K), 0.0204491 secs] [Times: user=0.03 sys=0.00, real=0.02 secs] 
2927.651: [GC (Allocation Failure) [PSYoungGen: 417775K->172463K(465920K)] 1032102K->787071K(1295360K), 0.0485862 secs] [Times: user=0.07 sys=0.00, real=0.05 secs] 
2929.189: [GC (Allocation Failure) [PSYoungGen: 405423K->128K(465920K)] 1020031K->616165K(1295360K), 0.0023850 secs] [Times: user=0.01 sys=0.00, real=0.00 secs] 
2929.690: [GC (Allocation Failure) [PSYoungGen: 233088K->142109K(465920K)] 849125K->758162K(1295360K), 0.0160058 secs] [Times: user=0.02 sys=0.00, real=0.02 secs] 
2929.971: [GC (Allocation Failure) [PSYoungGen: 375069K->184590K(465920K)] 991122K->801897K(1295360K), 0.0202999 secs] [Times: user=0.03 sys=0.00, real=0.02 secs] 
2930.916: [GC (Allocation Failure) [PSYoungGen: 415388K->159731K(465920K)] 1032695K->777311K(1295360K), 0.0354683 secs] [Times: user=0.05 sys=0.00, real=0.03 secs] 
2933.346: [GC (Allocation Failure) [PSYoungGen: 392691K->96K(465920K)] 1010271K->619123K(1295360K), 0.0052421 secs] [Times: user=0.02 sys=0.00, real=0.00 secs] 
2934.192: [GC (Allocation Failure) [PSYoungGen: 233056K->154479K(465920K)] 852083K->773523K(1295360K), 0.0172048 secs] [Times: user=0.02 sys=0.00, real=0.02 secs] 
2934.473: [GC (Allocation Failure) [PSYoungGen: 387439K->184944K(465920K)] 1006483K->805241K(1295360K), 0.0203579 secs] [Times: user=0.03 sys=0.00, real=0.02 secs] 
2935.383: [GC (Allocation Failure) [PSYoungGen: 417904K->150943K(465920K)] 1038201K->771634K(1295360K), 0.0308092 secs] [Times: user=0.05 sys=0.00, real=0.03 secs] 
2937.454: [GC (Allocation Failure) [PSYoungGen: 383903K->96K(465920K)] 1004594K->622100K(1295360K), 0.0030100 secs] [Times: user=0.01 sys=0.00, real=0.00 secs] 
2937.880: [GC (Allocation Failure) [PSYoungGen: 233056K->170577K(465920K)] 855060K->792605K(1295360K), 0.0189885 secs] [Times: user=0.02 sys=0.00, real=0.02 secs] 
2938.162: [GC (Allocation Failure) [PSYoungGen: 403537K->184430K(465920K)] 1025565K->807711K(1295360K), 0.0204371 secs] [Times: user=0.03 sys=0.00, real=0.02 secs] 
2938.671: [GC (Allocation Failure) [PSYoungGen: 417390K->127183K(465920K)] 1040671K->750859K(1295360K), 0.0158772 secs] [Times: user=0.03 sys=0.00, real=0.02 secs] 
2939.693: [GC (Allocation Failure) [PSYoungGen: 360143K->2693K(465920K)] 983819K->626550K(1295360K), 0.0023939 secs] [Times: user=0.02 sys=0.00, real=0.00 secs] 
2939.966: [GC (Allocation Failure) [PSYoungGen: 235653K->186357K(465920K)] 859510K->811468K(1295360K), 0.0205886 secs] [Times: user=0.03 sys=0.00, real=0.02 secs] 
2940.252: [GC (Allocation Failure) [PSYoungGen: 419317K->186068K(465920K)] 1044428K->811460K(1295360K), 0.0204378 secs] [Times: user=0.03 sys=0.00, real=0.02 secs] 
2941.224: [GC (Allocation Failure) [PSYoungGen: 419028K->107246K(465920K)] 1044420K->733031K(1295360K), 0.0157670 secs] [Times: user=0.03 sys=0.00, real=0.01 secs] 
2942.087: [GC (Allocation Failure) [PSYoungGen: 340206K->23511K(465920K)] 965991K->649478K(1295360K), 0.0049110 secs] [Times: user=0.01 sys=0.00, real=0.00 secs] 
2942.361: [GC (Allocation Failure) [PSYoungGen: 256471K->185747K(465920K)] 882438K->812967K(1295360K), 0.0205363 secs] [Times: user=0.03 sys=0.00, real=0.02 secs] 
2942.645: [GC (Allocation Failure) [PSYoungGen: 418707K->184494K(465920K)] 1045927K->811987K(1295360K), 0.0202729 secs] [Times: user=0.03 sys=0.00, real=0.02 secs] 
2943.372: [GC (Allocation Failure) [PSYoungGen: 416508K->88739K(465920K)] 1044001K->716626K(1295360K), 0.0126510 secs] [Times: user=0.02 sys=0.00, real=0.02 secs] 
2944.211: [GC (Allocation Failure) [PSYoungGen: 321699K->38163K(465920K)] 949586K->666235K(1295360K), 0.0056631 secs] [Times: user=0.01 sys=0.00, real=0.01 secs] 
2944.481: [GC (Allocation Failure) [PSYoungGen: 271123K->184205K(465920K)] 899195K->813530K(1295360K), 0.0204795 secs] [Times: user=0.03 sys=0.00, real=0.02 secs] 
2944.818: [GC (Allocation Failure) [PSYoungGen: 417165K->184526K(465920K)] 1046490K->814125K(1295360K), 0.0204689 secs] [Times: user=0.03 sys=0.00, real=0.02 secs] 
2946.239: [GC (Allocation Failure) [PSYoungGen: 417486K->108237K(465920K)] 1047085K->738109K(1295360K), 0.0163324 secs] [Times: user=0.04 sys=0.00, real=0.02 secs] 
2947.842: [GC (Allocation Failure) [PSYoungGen: 341197K->53685K(465920K)] 971069K->683873K(1295360K), 0.0077089 secs] [Times: user=0.01 sys=0.00, real=0.01 secs] 
2948.178: [GC (Allocation Failure) [PSYoungGen: 286645K->186486K(465920K)] 916833K->817919K(1295360K), 0.0207914 secs] [Times: user=0.02 sys=0.00, real=0.02 secs] 
2948.464: [GC (Allocation Failure) [PSYoungGen: 419446K->186068K(465920K)] 1050879K->817775K(1295360K), 0.0207019 secs] [Times: user=0.03 sys=0.00, real=0.02 secs] 
2950.237: [GC (Allocation Failure) [PSYoungGen: 419028K->88862K(465920K)] 1050735K->720833K(1295360K), 0.0148333 secs] [Times: user=0.04 sys=0.00, real=0.01 secs] 
2951.732: [GC (Allocation Failure) [PSYoungGen: 321822K->73735K(465920K)] 953793K->706028K(1295360K), 0.0092617 secs] [Times: user=0.01 sys=0.00, real=0.01 secs] 
2952.007: [GC (Allocation Failure) [PSYoungGen: 306695K->185875K(465920K)] 938988K->819422K(1295360K), 0.0206409 secs] [Times: user=0.03 sys=0.00, real=0.02 secs] 
2952.350: [GC (Allocation Failure) [PSYoungGen: 418835K->184430K(465920K)] 1052382K->818257K(1295360K), 0.0203665 secs] [Times: user=0.02 sys=0.01, real=0.02 secs] 
2954.532: [GC (Allocation Failure) [PSYoungGen: 417390K->71110K(465920K)] 1051217K->705210K(1295360K), 0.0098914 secs] [Times: user=0.03 sys=0.00, real=0.01 secs] 
2955.202: [GC (Allocation Failure) [PSYoungGen: 304040K->91021K(465920K)] 938140K->725438K(1295360K), 0.0109326 secs] [Times: user=0.02 sys=0.00, real=0.02 secs] 
2955.475: [GC (Allocation Failure) [PSYoungGen: 323981K->184012K(465920K)] 958398K->819666K(1295360K), 0.0210916 secs] [Times: user=0.03 sys=0.00, real=0.02 secs] 
2955.764: [GC (Allocation Failure) [PSYoungGen: 416972K->184430K(465920K)] 1052626K->820486K(1295360K), 0.0206299 secs] [Times: user=0.03 sys=0.00, real=0.02 secs] 
2958.119: [GC (Allocation Failure) [PSYoungGen: 417390K->55703K(465920K)] 1053446K->691903K(1295360K), 0.0067730 secs] [Times: user=0.03 sys=0.00, real=0.01 secs] 
2959.170: [GC (Allocation Failure) [PSYoungGen: 288663K->106572K(465920K)] 924863K->743086K(1295360K), 0.0139772 secs] [Times: user=0.02 sys=0.00, real=0.02 secs] 
2959.453: [GC (Allocation Failure) [PSYoungGen: 339532K->184397K(465920K)] 976046K->822165K(1295360K), 0.0203067 secs] [Times: user=0.03 sys=0.00, real=0.03 secs] 
2959.802: [GC (Allocation Failure) [PSYoungGen: 417357K->184687K(465920K)] 1055125K->822751K(1295360K), 0.0202283 secs] [Times: user=0.03 sys=0.00, real=0.02 secs] 
2963.221: [GC (Allocation Failure) [PSYoungGen: 417647K->39638K(465920K)] 1055711K->677967K(1295360K), 0.0116525 secs] [Times: user=0.06 sys=0.00, real=0.02 secs] 
2964.512: [GC (Allocation Failure) [PSYoungGen: 272598K->122381K(465920K)] 910927K->761032K(1295360K), 0.0143102 secs] [Times: user=0.02 sys=0.00, real=0.02 secs] 
2964.790: [GC (Allocation Failure) [PSYoungGen: 355341K->184301K(465920K)] 993992K->824198K(1295360K), 0.0203619 secs] [Times: user=0.03 sys=0.00, real=0.02 secs] 
2965.202: [GC (Allocation Failure) [PSYoungGen: 417261K->177620K(465920K)] 1057158K->817927K(1295360K), 0.0234142 secs] [Times: user=0.03 sys=0.00, real=0.03 secs] 
2966.906: [GC (Allocation Failure) [PSYoungGen: 410580K->96K(465920K)] 1050887K->641701K(1295360K), 0.0025791 secs] [Times: user=0.01 sys=0.00, real=0.00 secs] 
2967.457: [GC (Allocation Failure) [PSYoungGen: 233056K->139956K(465920K)] 874661K->781578K(1295360K), 0.0157503 secs] [Times: user=0.02 sys=0.00, real=0.02 secs] 
2967.797: [GC (Allocation Failure) [PSYoungGen: 372916K->186100K(465920K)] 1014538K->828960K(1295360K), 0.0207030 secs] [Times: user=0.03 sys=0.00, real=0.02 secs] 
2968.568: [GC (Allocation Failure) [PSYoungGen: 415138K->160213K(465920K)] 1057997K->803338K(1295360K), 0.0239855 secs] [Times: user=0.04 sys=0.00, real=0.02 secs] 
2969.476: [GC (Allocation Failure) [PSYoungGen: 393173K->128K(465920K)] 1036298K->644694K(1295360K), 0.0024283 secs] [Times: user=0.01 sys=0.00, real=0.00 secs] 
2969.894: [GC (Allocation Failure) [PSYoungGen: 233088K->154672K(465920K)] 877654K->799270K(1295360K), 0.0172543 secs] [Times: user=0.03 sys=0.01, real=0.01 secs] 
2970.229: [GC (Allocation Failure) [PSYoungGen: 387632K->184462K(465920K)] 1032230K->830314K(1295360K), 0.0203508 secs] [Times: user=0.03 sys=0.00, real=0.02 secs] 
2971.497: [GC (Allocation Failure) [PSYoungGen: 417422K->151360K(465920K)] 1063274K->797614K(1295360K), 0.0429511 secs] [Times: user=0.07 sys=0.00, real=0.04 secs] 
2973.801: [GC (Allocation Failure) [PSYoungGen: 384320K->96K(465920K)] 1030574K->647650K(1295360K), 0.0029023 secs] [Times: user=0.02 sys=0.00, real=0.01 secs] 
2974.177: [GC (Allocation Failure) [PSYoungGen: 233056K->170577K(465920K)] 880610K->818156K(1295360K), 0.0188979 secs] [Times: user=0.03 sys=0.00, real=0.02 secs] 
2974.459: [GC (Allocation Failure) [PSYoungGen: 403537K->184430K(465920K)] 1051116K->833262K(1295360K), 0.0203980 secs] [Times: user=0.03 sys=0.00, real=0.02 secs] 
2975.864: [GC (Allocation Failure) [PSYoungGen: 417390K->127199K(465920K)] 1066222K->776425K(1295360K), 0.0370743 secs] [Times: user=0.05 sys=0.01, real=0.03 secs] 
2977.960: [GC (Allocation Failure) [PSYoungGen: 360159K->2276K(465920K)] 1009385K->651689K(1295360K), 0.0031929 secs] [Times: user=0.01 sys=0.00, real=0.01 secs] 
2978.273: [GC (Allocation Failure) [PSYoungGen: 235236K->186357K(465920K)] 884649K->837153K(1295360K), 0.0205304 secs] [Times: user=0.03 sys=0.00, real=0.02 secs] 
2978.618: [GC (Allocation Failure) [PSYoungGen: 419317K->185908K(465920K)] 1070113K->836976K(1295360K), 0.0204581 secs] [Times: user=0.03 sys=0.00, real=0.02 secs] 
2979.376: [GC (Allocation Failure) [PSYoungGen: 418868K->107744K(465920K)] 1069936K->758957K(1295360K), 0.0158854 secs] [Times: user=0.03 sys=0.00, real=0.01 secs] 
2980.417: [GC (Allocation Failure) [PSYoungGen: 340704K->22387K(465920K)] 991917K->673913K(1295360K), 0.0048269 secs] [Times: user=0.01 sys=0.00, real=0.00 secs] 
2980.763: [GC (Allocation Failure) [PSYoungGen: 255347K->184333K(465920K)] 906873K->837113K(1295360K), 0.0202706 secs] [Times: user=0.03 sys=0.00, real=0.02 secs] 
2981.111: [GC (Allocation Failure) [PSYoungGen: 417293K->186357K(465920K)] 1070073K->839411K(1295360K), 0.0204576 secs] [Times: user=0.03 sys=0.00, real=0.02 secs] 
2981.850: [GC (Allocation Failure) [PSYoungGen: 418802K->89398K(465920K)] 1071855K->742716K(1295360K), 0.0131231 secs] [Times: user=0.02 sys=0.00, real=0.01 secs] 
2982.966: [GC (Allocation Failure) [PSYoungGen: 322358K->38005K(465920K)] 975676K->691637K(1295360K), 0.0057965 secs] [Times: user=0.02 sys=0.00, real=0.00 secs] 
2983.235: [GC (Allocation Failure) [PSYoungGen: 270965K->184044K(465920K)] 924597K->838930K(1295360K), 0.0202754 secs] [Times: user=0.03 sys=0.00, real=0.02 secs] 
2983.518: [GC (Allocation Failure) [PSYoungGen: 417004K->184012K(465920K)] 1071890K->839171K(1295360K), 0.0202028 secs] [Times: user=0.02 sys=0.00, real=0.02 secs] 
2984.458: [GC (Allocation Failure) [PSYoungGen: 401283K->76208K(465920K)] 1056441K->731632K(1295360K), 0.0138782 secs] [Times: user=0.03 sys=0.00, real=0.01 secs] 
2986.087: [GC (Allocation Failure) [PSYoungGen: 309168K->37745K(465920K)] 964592K->693483K(1295360K), 0.0067264 secs] [Times: user=0.01 sys=0.00, real=0.01 secs] 
2986.380: [GC (Allocation Failure) [PSYoungGen: 270705K->184719K(465920K)] 926443K->841710K(1295360K), 0.0204098 secs] [Times: user=0.03 sys=0.00, real=0.02 secs] 
2986.665: [GC (Allocation Failure) [PSYoungGen: 417679K->184655K(465920K)] 1074670K->841919K(1295360K), 0.0203506 secs] [Times: user=0.03 sys=0.00, real=0.02 secs] 
2988.756: [GC (Allocation Failure) [PSYoungGen: 417615K->108044K(465920K)] 1074879K->765573K(1295360K), 0.0272601 secs] [Times: user=0.06 sys=0.00, real=0.03 secs] 
2990.036: [GC (Allocation Failure) [PSYoungGen: 341004K->54520K(465920K)] 998533K->712359K(1295360K), 0.0073197 secs] [Times: user=0.02 sys=0.00, real=0.01 secs] 
2990.383: [GC (Allocation Failure) [PSYoungGen: 287480K->186486K(465920K)] 945319K->845587K(1295360K), 0.0207898 secs] [Times: user=0.03 sys=0.00, real=0.02 secs] 
2990.678: [GC (Allocation Failure) [PSYoungGen: 419446K->186100K(465920K)] 1078547K->845482K(1295360K), 0.0209209 secs] [Times: user=0.03 sys=0.00, real=0.02 secs] 
2992.167: [GC (Allocation Failure) [PSYoungGen: 419060K->88027K(465920K)] 1078442K->747674K(1295360K), 0.0145208 secs] [Times: user=0.04 sys=0.00, real=0.01 secs] 
2993.179: [GC (Allocation Failure) [PSYoungGen: 320987K->74923K(465920K)] 980634K->734884K(1295360K), 0.0093830 secs] [Times: user=0.01 sys=0.00, real=0.01 secs] 
2993.453: [GC (Allocation Failure) [PSYoungGen: 307883K->185875K(465920K)] 967844K->847090K(1295360K), 0.0206773 secs] [Times: user=0.03 sys=0.00, real=0.02 secs] 
2993.737: [GC (Allocation Failure) [PSYoungGen: 418835K->184430K(465920K)] 1080050K->845925K(1295360K), 0.0205118 secs] [Times: user=0.03 sys=0.00, real=0.02 secs] 
2994.528: [GC (Allocation Failure) [PSYoungGen: 417390K->69969K(465920K)] 1078885K->731729K(1295360K), 0.0074972 secs] [Times: user=0.02 sys=0.01, real=0.01 secs] 
2995.177: [GC (Allocation Failure) [PSYoungGen: 302929K->92692K(465920K)] 964689K->754776K(1295360K), 0.0110752 secs] [Times: user=0.02 sys=0.00, real=0.01 secs] 
2995.455: [GC (Allocation Failure) [PSYoungGen: 325652K->186518K(465920K)] 987736K->849856K(1295360K), 0.0206353 secs] [Times: user=0.03 sys=0.00, real=0.02 secs] 
2995.744: [GC (Allocation Failure) [PSYoungGen: 419478K->186100K(465920K)] 1082816K->849711K(1295360K), 0.0206032 secs] [Times: user=0.03 sys=0.00, real=0.02 secs] 
2998.954: [GC (Allocation Failure) [PSYoungGen: 419060K->49887K(465920K)] 1082671K->713763K(1295360K), 0.0114033 secs] [Times: user=0.05 sys=0.00, real=0.01 secs] 
3000.780: [GC (Allocation Failure) [PSYoungGen: 282847K->112356K(465920K)] 946723K->776545K(1295360K), 0.0144108 secs] [Times: user=0.02 sys=0.00, real=0.02 secs] 
3001.063: [GC (Allocation Failure) [PSYoungGen: 345316K->184687K(465920K)] 1009505K->850130K(1295360K), 0.0203329 secs] [Times: user=0.03 sys=0.00, real=0.03 secs] 
3001.351: [GC (Allocation Failure) [PSYoungGen: 417647K->183883K(465920K)] 1083090K->849608K(1295360K), 0.0202566 secs] [Times: user=0.03 sys=0.00, real=0.02 secs] 
3002.365: [GC (Allocation Failure) [PSYoungGen: 416843K->34192K(465920K)] 1082568K->700052K(1295360K), 0.0058016 secs] [Times: user=0.03 sys=0.00, real=0.00 secs] 
3002.884: [GC (Allocation Failure) [PSYoungGen: 267152K->128678K(465920K)] 933012K->794726K(1295360K), 0.0147538 secs] [Times: user=0.02 sys=0.00, real=0.01 secs] 
3003.162: [GC (Allocation Failure) [PSYoungGen: 361638K->184976K(465920K)] 1027686K->852277K(1295360K), 0.0205146 secs] [Times: user=0.02 sys=0.00, real=0.03 secs] 
3003.640: [GC (Allocation Failure) [PSYoungGen: 417936K->172680K(465920K)] 1085237K->840254K(1295360K), 0.0216268 secs] [Times: user=0.03 sys=0.00, real=0.02 secs] 
3005.297: [GC (Allocation Failure) [PSYoungGen: 405640K->96K(465920K)] 1073214K->669116K(1295360K), 0.0027150 secs] [Times: user=0.01 sys=0.00, real=0.00 secs] 
3005.985: [GC (Allocation Failure) [PSYoungGen: 233056K->144647K(465920K)] 902076K->813691K(1295360K), 0.0162965 secs] [Times: user=0.02 sys=0.00, real=0.01 secs] 
3006.264: [GC (Allocation Failure) [PSYoungGen: 377607K->184173K(465920K)] 1046651K->854591K(1295360K), 0.0203599 secs] [Times: user=0.02 sys=0.00, real=0.02 secs] 
3007.458: [GC (Allocation Failure) [PSYoungGen: 417133K->161642K(465920K)] 1087551K->832205K(1295360K), 0.0438815 secs] [Times: user=0.07 sys=0.00, real=0.04 secs] 
3009.082: [GC (Allocation Failure) [PSYoungGen: 394602K->96K(465920K)] 1065165K->672088K(1295360K), 0.0027467 secs] [Times: user=0.01 sys=0.00, real=0.01 secs] 
3009.482: [GC (Allocation Failure) [PSYoungGen: 233056K->159909K(465920K)] 905048K->831918K(1295360K), 0.0178382 secs] [Times: user=0.03 sys=0.00, real=0.02 secs] 
3009.821: [GC (Allocation Failure) [PSYoungGen: 392869K->184494K(465920K)] 1064878K->857756K(1295360K), 0.0204744 secs] [Times: user=0.03 sys=0.00, real=0.02 secs] 
3010.640: [GC (Allocation Failure) [PSYoungGen: 417454K->146027K(465920K)] 1090716K->819699K(1295360K), 0.0340524 secs] [Times: user=0.09 sys=0.00, real=0.04 secs] 
3013.002: [GC (Allocation Failure) [PSYoungGen: 378987K->128K(465920K)] 1052659K->675128K(1295360K), 0.0037050 secs] [Times: user=0.01 sys=0.00, real=0.01 secs] 
3013.474: [GC (Allocation Failure) [PSYoungGen: 233088K->175589K(465920K)] 908088K->850614K(1295360K), 0.0194771 secs] [Times: user=0.02 sys=0.00, real=0.02 secs] 
3013.757: [GC (Allocation Failure) [PSYoungGen: 408549K->184076K(465920K)] 1083574K->860346K(1295360K), 0.0204687 secs] [Times: user=0.03 sys=0.00, real=0.02 secs] 
3014.276: [GC (Allocation Failure) [PSYoungGen: 417036K->122541K(465920K)] 1093306K->799084K(1295360K), 0.0156033 secs] [Times: user=0.03 sys=0.00, real=0.01 secs] 
3015.942: [GC (Allocation Failure) [PSYoungGen: 355501K->7031K(465920K)] 1032044K->683882K(1295360K), 0.0044133 secs] [Times: user=0.02 sys=0.00, real=0.01 secs] 
3016.338: [GC (Allocation Failure) [PSYoungGen: 239991K->186100K(465920K)] 916842K->864326K(1295360K), 0.0206942 secs] [Times: user=0.03 sys=0.00, real=0.02 secs] 
3016.624: [GC (Allocation Failure) [PSYoungGen: 419060K->184687K(465920K)] 1097286K->863065K(1295360K), 0.0206300 secs] [Times: user=0.02 sys=0.00, real=0.02 secs] 
3018.222: [GC (Allocation Failure) [PSYoungGen: 417647K->104531K(465920K)] 1096025K->783174K(1295360K), 0.0236584 secs] [Times: user=0.04 sys=0.00, real=0.03 secs] 
3020.031: [GC (Allocation Failure) [PSYoungGen: 337491K->24828K(465920K)] 1016134K->703789K(1295360K), 0.0054229 secs] [Times: user=0.01 sys=0.00, real=0.01 secs] 
3020.324: [GC (Allocation Failure) [PSYoungGen: 257788K->186261K(465920K)] 936749K->866612K(1295360K), 0.0213454 secs] [Times: user=0.02 sys=0.00, real=0.02 secs] 
3020.667: [GC (Allocation Failure) [PSYoungGen: 419221K->185940K(465920K)] 1099572K->866435K(1295360K), 0.0205569 secs] [Times: user=0.03 sys=0.00, real=0.02 secs] 
3021.382: [GC (Allocation Failure) [PSYoungGen: 413800K->85397K(465920K)] 1094295K->766158K(1295360K), 0.0124125 secs] [Times: user=0.02 sys=0.01, real=0.02 secs] 
3022.241: [GC (Allocation Failure) [PSYoungGen: 318357K->38166K(465920K)] 999118K->719240K(1295360K), 0.0056846 secs] [Times: user=0.01 sys=0.00, real=0.01 secs] 
3022.512: [GC (Allocation Failure) [PSYoungGen: 271126K->186389K(465920K)] 952200K->868838K(1295360K), 0.0211553 secs] [Times: user=0.03 sys=0.00, real=0.03 secs] 
3022.799: [GC (Allocation Failure) [PSYoungGen: 419349K->186100K(465920K)] 1101798K->868693K(1295360K), 0.0204611 secs] [Times: user=0.03 sys=0.00, real=0.02 secs] 
3024.373: [GC (Allocation Failure) [PSYoungGen: 419060K->104542K(465920K)] 1101653K->787408K(1295360K), 0.0142873 secs] [Times: user=0.04 sys=0.00, real=0.02 secs] 
3025.911: [GC (Allocation Failure) [PSYoungGen: 337502K->58472K(465920K)] 1020368K->741646K(1295360K), 0.0077915 secs] [Times: user=0.02 sys=0.00, real=0.01 secs] 
3026.187: [GC (Allocation Failure) [PSYoungGen: 291432K->185747K(465920K)] 974606K->870174K(1295360K), 0.0205344 secs] [Times: user=0.03 sys=0.00, real=0.02 secs] 
3026.471: [GC (Allocation Failure) [PSYoungGen: 418707K->184494K(465920K)] 1103134K->869202K(1295360K), 0.0203534 secs] [Times: user=0.03 sys=0.00, real=0.02 secs] 
3027.814: [GC (Allocation Failure) [PSYoungGen: 417454K->86517K(465920K)] 1102162K->771619K(1295360K), 0.0144401 secs] [Times: user=0.04 sys=0.00, real=0.01 secs] 
3029.128: [GC (Allocation Failure) [PSYoungGen: 319477K->76594K(465920K)] 1004579K->761873K(1295360K), 0.0097110 secs] [Times: user=0.02 sys=0.00, real=0.01 secs] 
3029.404: [GC (Allocation Failure) [PSYoungGen: 309554K->186004K(465920K)] 994833K->872529K(1295360K), 0.0206289 secs] [Times: user=0.03 sys=0.00, real=0.02 secs] 
3029.761: [GC (Allocation Failure) [PSYoungGen: 418964K->185972K(465920K)] 1105489K->872794K(1295360K), 0.0205157 secs] [Times: user=0.03 sys=0.00, real=0.02 secs] 
3031.701: [GC (Allocation Failure) [PSYoungGen: 418932K->66595K(465920K)] 1105754K->753690K(1295360K), 0.0171958 secs] [Times: user=0.06 sys=0.00, real=0.02 secs] 
3033.107: [GC (Allocation Failure) [PSYoungGen: 299555K->96191K(465920K)] 986650K->783604K(1295360K), 0.0116813 secs] [Times: user=0.02 sys=0.00, real=0.01 secs] 
3033.384: [GC (Allocation Failure) [PSYoungGen: 329151K->186004K(465920K)] 1016564K->874671K(1295360K), 0.0205953 secs] [Times: user=0.03 sys=0.00, real=0.02 secs] 
3033.675: [GC (Allocation Failure) [PSYoungGen: 418964K->186004K(465920K)] 1107631K->874952K(1295360K), 0.0205466 secs] [Times: user=0.02 sys=0.00, real=0.02 secs] 
3035.608: [GC (Allocation Failure) [PSYoungGen: 418964K->47092K(465920K)] 1107912K->736433K(1295360K), 0.0102883 secs] [Times: user=0.04 sys=0.00, real=0.01 secs] 
3036.727: [GC (Allocation Failure) [PSYoungGen: 280052K->115598K(465920K)] 969393K->805127K(1295360K), 0.0133478 secs] [Times: user=0.03 sys=0.00, real=0.01 secs] 
3037.003: [GC (Allocation Failure) [PSYoungGen: 348558K->184333K(465920K)] 1038087K->875116K(1295360K), 0.0204165 secs] [Times: user=0.03 sys=0.00, real=0.02 secs] 
3037.551: [GC (Allocation Failure) [PSYoungGen: 417293K->182528K(465920K)] 1108076K->873591K(1295360K), 0.0262039 secs] [Times: user=0.03 sys=0.00, real=0.03 secs] 
3040.716: [GC (Allocation Failure) [PSYoungGen: 415488K->32928K(465920K)] 1106551K->725435K(1295360K), 0.0075956 secs] [Times: user=0.04 sys=0.00, real=0.01 secs] 
3041.915: [GC (Allocation Failure) [PSYoungGen: 265888K->130378K(465920K)] 958395K->822909K(1295360K), 0.0150201 secs] [Times: user=0.02 sys=0.00, real=0.01 secs] 
3042.195: [GC (Allocation Failure) [PSYoungGen: 363338K->184847K(465920K)] 1055869K->878632K(1295360K), 0.0206035 secs] [Times: user=0.03 sys=0.00, real=0.02 secs] 
3042.638: [GC (Allocation Failure) [PSYoungGen: 417807K->171106K(465920K)] 1111592K->865164K(1295360K), 0.0220007 secs] [Times: user=0.03 sys=0.00, real=0.02 secs] 
3044.181: [GC (Allocation Failure) [PSYoungGen: 404066K->96K(465920K)] 1098124K->695599K(1295360K), 0.0031344 secs] [Times: user=0.02 sys=0.00, real=0.01 secs] 
3044.984: [GC (Allocation Failure) [PSYoungGen: 233056K->146189K(465920K)] 928559K->841717K(1295360K), 0.0163567 secs] [Times: user=0.03 sys=0.00, real=0.01 secs] 
3045.322: [GC (Allocation Failure) [PSYoungGen: 379149K->184365K(465920K)] 1074677K->881275K(1295360K), 0.0205622 secs] [Times: user=0.03 sys=0.00, real=0.02 secs] 
3045.746: [GC (Allocation Failure) [PSYoungGen: 417325K->159939K(465920K)] 1114235K->857122K(1295360K), 0.0200768 secs] [Times: user=0.03 sys=0.00, real=0.02 secs] 
3046.808: [GC (Allocation Failure) [PSYoungGen: 392899K->96K(465920K)] 1090082K->698575K(1295360K), 0.0027517 secs] [Times: user=0.01 sys=0.00, real=0.00 secs] 
3047.291: [GC (Allocation Failure) [PSYoungGen: 232971K->162094K(465920K)] 931451K->860590K(1295360K), 0.0181256 secs] [Times: user=0.02 sys=0.00, real=0.02 secs] 
3047.573: [GC (Allocation Failure) [PSYoungGen: 395054K->184333K(465920K)] 1093550K->884083K(1295360K), 0.0204104 secs] [Times: user=0.03 sys=0.00, real=0.03 secs] 
3048.285: [GC (Allocation Failure) [PSYoungGen: 417293K->144035K(465920K)] 1117043K->844057K(1295360K), 0.0192598 secs] [Times: user=0.03 sys=0.00, real=0.02 secs] 
3050.241: [GC (Allocation Failure) [PSYoungGen: 376995K->96K(465920K)] 1077017K->701558K(1295360K), 0.0032338 secs] [Times: user=0.02 sys=0.00, real=0.01 secs] 
3050.708: [GC (Allocation Failure) [PSYoungGen: 233056K->180023K(465920K)] 934518K->881517K(1295360K), 0.0198683 secs] [Times: user=0.03 sys=0.00, real=0.02 secs] 
3051.049: [GC (Allocation Failure) [PSYoungGen: 412983K->186132K(465920K)] 1114477K->889009K(1295360K), 0.0209152 secs] [Times: user=0.03 sys=0.00, real=0.02 secs] 
3052.154: [GC (Allocation Failure) [PSYoungGen: 419092K->116178K(465920K)] 1121969K->819328K(1295360K), 0.0322748 secs] [Times: user=0.05 sys=0.00, real=0.03 secs] 
3054.517: [GC (Allocation Failure) [PSYoungGen: 349138K->14226K(465920K)] 1052288K->717560K(1295360K), 0.0050194 secs] [Times: user=0.01 sys=0.00, real=0.00 secs] 
3054.832: [GC (Allocation Failure) [PSYoungGen: 247186K->185747K(465920K)] 950520K->890335K(1295360K), 0.0204452 secs] [Times: user=0.03 sys=0.00, real=0.03 secs] 
3055.115: [GC (Allocation Failure) [PSYoungGen: 418707K->184398K(465920K)] 1123295K->889259K(1295360K), 0.0202760 secs] [Times: user=0.03 sys=0.00, real=0.02 secs] 
3055.778: [GC (Allocation Failure) [PSYoungGen: 417358K->98025K(465920K)] 1122219K->803280K(1295360K), 0.0133891 secs] [Times: user=0.02 sys=0.00, real=0.01 secs] 
3057.530: [GC (Allocation Failure) [PSYoungGen: 330985K->32283K(465920K)] 1036240K->737731K(1295360K), 0.0051505 secs] [Times: user=0.01 sys=0.00, real=0.01 secs] 
3057.858: [GC (Allocation Failure) [PSYoungGen: 265243K->184558K(465920K)] 970691K->891252K(1295360K), 0.0204128 secs] [Times: user=0.03 sys=0.00, real=0.02 secs] 
3058.144: [GC (Allocation Failure) [PSYoungGen: 417518K->186389K(465920K)] 1124212K->893493K(1295360K), 0.0206043 secs] [Times: user=0.03 sys=0.00, real=0.02 secs] 
3059.546: [GC (Allocation Failure) [PSYoungGen: 406380K->79228K(465920K)] 1113483K->786468K(1295360K), 0.0174819 secs] [Times: user=0.03 sys=0.00, real=0.02 secs] 
3061.731: [GC (Allocation Failure) [PSYoungGen: 312188K->37649K(465920K)] 1019428K->745210K(1295360K), 0.0076980 secs] [Times: user=0.02 sys=0.00, real=0.01 secs] 
3062.040: [GC (Allocation Failure) [PSYoungGen: 270609K->184590K(465920K)] 978170K->893405K(1295360K), 0.0205097 secs] [Times: user=0.03 sys=0.00, real=0.02 secs] 
3062.322: [GC (Allocation Failure) [PSYoungGen: 417550K->183980K(465920K)] 1126365K->893068K(1295360K), 0.0202850 secs] [Times: user=0.03 sys=0.00, real=0.02 secs] 
3063.880: [GC (Allocation Failure) [PSYoungGen: 416940K->108912K(465920K)] 1126028K->818265K(1295360K), 0.0216750 secs] [Times: user=0.05 sys=0.00, real=0.02 secs] 
3064.729: [GC (Allocation Failure) [PSYoungGen: 341872K->53489K(465920K)] 1051225K->763154K(1295360K), 0.0072884 secs] [Times: user=0.01 sys=0.00, real=0.01 secs] 
3064.999: [GC (Allocation Failure) [PSYoungGen: 286449K->184205K(465920K)] 996114K->895124K(1295360K), 0.0203292 secs] [Times: user=0.03 sys=0.00, real=0.02 secs] 
3065.282: [GC (Allocation Failure) [PSYoungGen: 417165K->184622K(465920K)] 1128084K->895822K(1295360K), 0.0203489 secs] [Times: user=0.03 sys=0.00, real=0.02 secs] 
3067.286: [GC (Allocation Failure) [PSYoungGen: 417582K->92959K(465920K)] 1128782K->804552K(1295360K), 0.0184767 secs] [Times: user=0.05 sys=0.00, real=0.02 secs] 
3068.685: [GC (Allocation Failure) [PSYoungGen: 325919K->69298K(465920K)] 1037512K->781084K(1295360K), 0.0087907 secs] [Times: user=0.02 sys=0.00, real=0.01 secs] 
3068.958: [GC (Allocation Failure) [PSYoungGen: 302258K->184076K(465920K)] 1014044K->897116K(1295360K), 0.0209539 secs] [Times: user=0.03 sys=0.00, real=0.02 secs] 
3069.250: [GC (Allocation Failure) [PSYoungGen: 417036K->184044K(465920K)] 1130076K->897365K(1295360K), 0.0203734 secs] [Times: user=0.02 sys=0.00, real=0.02 secs] 
3070.041: [GC (Allocation Failure) [PSYoungGen: 417004K->77809K(465920K)] 1130325K->791524K(1295360K), 0.0090581 secs] [Times: user=0.03 sys=0.00, real=0.01 secs] 
3070.754: [GC (Allocation Failure) [PSYoungGen: 310769K->84820K(465920K)] 1024484K->798728K(1295360K), 0.0104195 secs] [Times: user=0.02 sys=0.00, real=0.01 secs] 
3071.029: [GC (Allocation Failure) [PSYoungGen: 317780K->184076K(465920K)] 1031688K->899238K(1295360K), 0.0205563 secs] [Times: user=0.03 sys=0.00, real=0.02 secs] 
3071.372: [GC (Allocation Failure) [PSYoungGen: 417036K->184044K(465920K)] 1132198K->899479K(1295360K), 0.0202280 secs] [Times: user=0.03 sys=0.00, real=0.02 secs] 
3072.860: [GC (Allocation Failure) [PSYoungGen: 417004K->62258K(465920K)] 1132439K->778086K(1295360K), 0.0086442 secs] [Times: user=0.02 sys=0.00, real=0.01 secs] 
3074.167: [GC (Allocation Failure) [PSYoungGen: 295218K->99661K(465920K)] 1011046K->815667K(1295360K), 0.0118752 secs] [Times: user=0.02 sys=0.00, real=0.01 secs] 
3074.441: [GC (Allocation Failure) [PSYoungGen: 332621K->184076K(465920K)] 1048627K->901335K(1295360K), 0.0204465 secs] [Times: user=0.03 sys=0.00, real=0.02 secs] 
3074.725: [GC (Allocation Failure) [PSYoungGen: 417036K->184398K(465920K)] 1134295K->902058K(1295360K), 0.0205467 secs] [Times: user=0.03 sys=0.00, real=0.02 secs] 
3078.016: [GC (Allocation Failure) [PSYoungGen: 417358K->47028K(465920K)] 1135018K->764825K(1295360K), 0.0063468 secs] [Times: user=0.02 sys=0.00, real=0.00 secs] 
3079.061: [GC (Allocation Failure) [PSYoungGen: 279988K->114955K(465920K)] 997785K->833074K(1295360K), 0.0138153 secs] [Times: user=0.02 sys=0.00, real=0.02 secs] 
3079.403: [GC (Allocation Failure) [PSYoungGen: 347915K->184269K(465920K)] 1066034K->903641K(1295360K), 0.0202670 secs] [Times: user=0.03 sys=0.00, real=0.02 secs] 
3079.761: [GC (Allocation Failure) [PSYoungGen: 417229K->181859K(465920K)] 1136601K->901513K(1295360K), 0.0202850 secs] [Times: user=0.02 sys=0.00, real=0.02 secs] 
3081.095: [GC (Allocation Failure) [PSYoungGen: 414819K->34176K(465920K)] 1134473K->753982K(1295360K), 0.0050949 secs] [Times: user=0.02 sys=0.01, real=0.00 secs] 
3081.932: [GC (Allocation Failure) [PSYoungGen: 267136K->128678K(465920K)] 986942K->848672K(1295360K), 0.0149209 secs] [Times: user=0.02 sys=0.00, real=0.02 secs] 
3082.269: [GC (Allocation Failure) [PSYoungGen: 361638K->184462K(465920K)] 1081632K->905709K(1295360K), 0.0205602 secs] [Times: user=0.03 sys=0.00, real=0.02 secs] 
3082.699: [GC (Allocation Failure) [PSYoungGen: 417422K->173178K(465920K)] 1138669K->894691K(1295360K), 0.0241408 secs] [Times: user=0.03 sys=0.00, real=0.03 secs] 
3084.076: [GC (Allocation Failure) [PSYoungGen: 406138K->96K(465920K)] 1127651K->723056K(1295360K), 0.0060857 secs] [Times: user=0.03 sys=0.00, real=0.00 secs] 
3084.784: [GC (Allocation Failure) [PSYoungGen: 233056K->144936K(465920K)] 956016K->867912K(1295360K), 0.0163580 secs] [Times: user=0.02 sys=0.00, real=0.01 secs] 
3085.064: [GC (Allocation Failure) [PSYoungGen: 377896K->184590K(465920K)] 1100872K->908820K(1295360K), 0.0204199 secs] [Times: user=0.03 sys=0.00, real=0.02 secs] 
3085.653: [GC (Allocation Failure) [PSYoungGen: 417550K->160968K(465920K)] 1141780K->885470K(1295360K), 0.0198421 secs] [Times: user=0.03 sys=0.00, real=0.01 secs] 
3087.445: [GC (Allocation Failure) [PSYoungGen: 393928K->128K(465920K)] 1118430K->726066K(1295360K), 0.0029782 secs] [Times: user=0.02 sys=0.00, real=0.00 secs] 
3087.857: [GC (Allocation Failure) [PSYoungGen: 233088K->162608K(465920K)] 959026K->888563K(1295360K), 0.0183042 secs] [Times: user=0.03 sys=0.00, real=0.02 secs] 
3088.139: [GC (Allocation Failure) [PSYoungGen: 395568K->184847K(465920K)] 1121523K->912055K(1295360K), 0.0204458 secs] [Times: user=0.03 sys=0.00, real=0.02 secs] 
3088.832: [GC (Allocation Failure) [PSYoungGen: 417807K->143022K(465920K)] 1145015K->870504K(1295360K), 0.0183743 secs] [Times: user=0.03 sys=0.00, real=0.02 secs] 
3090.483: [GC (Allocation Failure) [PSYoungGen: 375982K->128K(465920K)] 1103464K->729046K(1295360K), 0.0054114 secs] [Times: user=0.03 sys=0.00, real=0.01 secs] 
3090.909: [GC (Allocation Failure) [PSYoungGen: 233088K->179734K(465920K)] 962006K->908685K(1295360K), 0.0198447 secs] [Times: user=0.03 sys=0.00, real=0.02 secs] 
3091.196: [GC (Allocation Failure) [PSYoungGen: 412694K->186389K(465920K)] 1141645K->916722K(1295360K), 0.0206722 secs] [Times: user=0.02 sys=0.00, real=0.02 secs] 
3091.783: [GC (Allocation Failure) [PSYoungGen: 419349K->116178K(465920K)] 1149682K->846785K(1295360K), 0.0152369 secs] [Times: user=0.02 sys=0.00, real=0.01 secs] 
3093.004: [GC (Allocation Failure) [PSYoungGen: 349138K->14614K(465920K)] 1079745K->745399K(1295360K), 0.0051377 secs] [Times: user=0.02 sys=0.00, real=0.00 secs] 
3093.386: [GC (Allocation Failure) [PSYoungGen: 247574K->185715K(465920K)] 978359K->917754K(1295360K), 0.0206140 secs] [Times: user=0.03 sys=0.00, real=0.02 secs] 
3093.669: [GC (Allocation Failure) [PSYoungGen: 418675K->184462K(465920K)] 1150714K->916782K(1295360K), 0.0204062 secs] [Times: user=0.03 sys=0.00, real=0.02 secs] 
3094.598: [GC (Allocation Failure) [PSYoungGen: 417422K->97607K(465920K)] 1149742K->830329K(1295360K), 0.0149802 secs] [Times: user=0.03 sys=0.00, real=0.02 secs] 
3095.949: [GC (Allocation Failure) [PSYoungGen: 330567K->31065K(465920K)] 1063289K->763976K(1295360K), 0.0057439 secs] [Times: user=0.02 sys=0.00, real=0.01 secs] 
3096.229: [GC (Allocation Failure) [PSYoungGen: 264025K->184462K(465920K)] 996936K->918626K(1295360K), 0.0207174 secs] [Times: user=0.03 sys=0.00, real=0.02 secs] 
3096.517: [GC (Allocation Failure) [PSYoungGen: 417422K->186357K(465920K)] 1151586K->920795K(1295360K), 0.0209911 secs] [Times: user=0.03 sys=0.00, real=0.02 secs] 
3097.731: [GC (Allocation Failure) [PSYoungGen: 406876K->80449K(465920K)] 1141314K->815160K(1295360K), 0.0153996 secs] [Times: user=0.03 sys=0.00, real=0.02 secs] 
3099.231: [GC (Allocation Failure) [PSYoungGen: 313409K->37748K(465920K)] 1048120K->772781K(1295360K), 0.0086656 secs] [Times: user=0.02 sys=0.00, real=0.01 secs] 
3099.631: [GC (Allocation Failure) [PSYoungGen: 270708K->184140K(465920K)] 1005741K->920547K(1295360K), 0.0207825 secs] [Times: user=0.02 sys=0.00, real=0.02 secs] 
3099.924: [GC (Allocation Failure) [PSYoungGen: 417100K->184044K(465920K)] 1153507K->920603K(1295360K), 0.0203389 secs] [Times: user=0.03 sys=0.00, real=0.02 secs] 
3102.551: [GC (Allocation Failure) [PSYoungGen: 417004K->95363K(465920K)] 1153563K->832188K(1295360K), 0.0180099 secs] [Times: user=0.05 sys=0.00, real=0.02 secs] 
3106.136: [GC (Allocation Failure) [PSYoungGen: 328323K->173045K(465920K)] 1065148K->921217K(1295360K), 0.0394148 secs] [Times: user=0.18 sys=0.00, real=0.04 secs] 
3108.935: [GC (Allocation Failure) [PSYoungGen: 406005K->183989K(465920K)] 1154177K->986134K(1295360K), 0.0854556 secs] [Times: user=0.42 sys=0.00, real=0.08 secs] 
3109.497: [GC (Allocation Failure) [PSYoungGen: 416949K->184214K(465920K)] 1219094K->1050039K(1333248K), 0.0748774 secs] [Times: user=0.35 sys=0.01, real=0.07 secs] 
3109.572: [Full GC (Ergonomics) [PSYoungGen: 184214K->0K(465920K)] [ParOldGen: 865824K->389696K(927232K)] 1050039K->389696K(1393152K), [Metaspace: 59676K->59676K(1105920K)], 0.4892375 secs] [Times: user=2.26 sys=0.00, real=0.49 secs] 
3111.265: [GC (Allocation Failure) [PSYoungGen: 232495K->215188K(465920K)] 622191K->604884K(1393152K), 0.0341100 secs] [Times: user=0.14 sys=0.00, real=0.03 secs] 
3111.725: [GC (Allocation Failure) [PSYoungGen: 448148K->105210K(465920K)] 837844K->562554K(1393152K), 0.0413891 secs] [Times: user=0.22 sys=0.00, real=0.04 secs] 
3111.890: [GC (Allocation Failure) [PSYoungGen: 337224K->176949K(465920K)] 794568K->668214K(1393152K), 0.0352310 secs] [Times: user=0.14 sys=0.00, real=0.04 secs] 
3113.697: [GC (Allocation Failure) [PSYoungGen: 409909K->176341K(465920K)] 901174K->722309K(1393152K), 0.0775253 secs] [Times: user=0.38 sys=0.00, real=0.08 secs] 
3114.679: [GC (Allocation Failure) [PSYoungGen: 409301K->185909K(465920K)] 955269K->785110K(1393152K), 0.0506245 secs] [Times: user=0.24 sys=0.00, real=0.05 secs] 
3115.894: [GC (Allocation Failure) [PSYoungGen: 418869K->100540K(465920K)] 1018070K->769901K(1393152K), 0.0521165 secs] [Times: user=0.27 sys=0.01, real=0.05 secs] 
3118.791: [GC (Allocation Failure) [PSYoungGen: 333500K->167316K(465920K)] 1002861K->869326K(1393152K), 0.0616175 secs] [Times: user=0.30 sys=0.00, real=0.07 secs] 
3118.984: [GC (Allocation Failure) [PSYoungGen: 400276K->185686K(465920K)] 1102286K->939760K(1393152K), 0.0421112 secs] [Times: user=0.19 sys=0.00, real=0.04 secs] 
3119.140: [GC (Allocation Failure) [PSYoungGen: 418646K->186199K(465920K)] 1172720K->1004661K(1393152K), 0.0503398 secs] [Times: user=0.23 sys=0.00, real=0.05 secs] 
3119.302: [GC (Allocation Failure) [PSYoungGen: 419159K->181172K(465920K)] 1237621K->1058694K(1393152K), 0.0664749 secs] [Times: user=0.32 sys=0.01, real=0.07 secs] 
3119.369: [Full GC (Ergonomics) [PSYoungGen: 181172K->0K(465920K)] [ParOldGen: 877522K->366819K(966144K)] 1058694K->366819K(1432064K), [Metaspace: 59910K->59910K(1105920K)], 0.5996011 secs] [Times: user=2.80 sys=0.00, real=0.60 secs] 
3120.946: [GC (Allocation Failure) [PSYoungGen: 232960K->94955K(465920K)] 599779K->461774K(1432064K), 0.0190306 secs] [Times: user=0.07 sys=0.00, real=0.02 secs] 
3121.143: [GC (Allocation Failure) [PSYoungGen: 327915K->180694K(465920K)] 694734K->577880K(1432064K), 0.0378067 secs] [Times: user=0.17 sys=0.00, real=0.03 secs] 
3121.294: [GC (Allocation Failure) [PSYoungGen: 413654K->182325K(465920K)] 810840K->635728K(1432064K), 0.0428826 secs] [Times: user=0.19 sys=0.01, real=0.04 secs] 
3121.899: [GC (Allocation Failure) [PSYoungGen: 415285K->181908K(465920K)] 868688K->690363K(1432064K), 0.0753467 secs] [Times: user=0.37 sys=0.00, real=0.08 secs] 
3123.027: [GC (Allocation Failure) [PSYoungGen: 414868K->102076K(465920K)] 923323K->679515K(1432064K), 0.0450982 secs] [Times: user=0.23 sys=0.00, real=0.04 secs] 
3124.798: [GC (Allocation Failure) [PSYoungGen: 335036K->167156K(465920K)] 912475K->777591K(1432064K), 0.0648284 secs] [Times: user=0.32 sys=0.00, real=0.07 secs] 
3125.061: [GC (Allocation Failure) [PSYoungGen: 400116K->185622K(465920K)] 1010551K->848966K(1432064K), 0.0566623 secs] [Times: user=0.27 sys=0.00, real=0.06 secs] 
3125.240: [GC (Allocation Failure) [PSYoungGen: 418582K->183030K(465920K)] 1081926K->910886K(1432064K), 0.0489075 secs] [Times: user=0.22 sys=0.01, real=0.05 secs] 
3125.398: [GC (Allocation Failure) [PSYoungGen: 415990K->187381K(465920K)] 1143846K->973657K(1432064K), 0.0549284 secs] [Times: user=0.26 sys=0.00, real=0.06 secs] 
3126.415: [GC (Allocation Failure) [PSYoungGen: 420341K->99323K(465920K)] 1206617K->956332K(1432064K), 0.0671225 secs] [Times: user=0.36 sys=0.00, real=0.06 secs] 
3126.635: [GC (Allocation Failure) [PSYoungGen: 332283K->181174K(465920K)] 1189292K->1070097K(1432064K), 0.0358199 secs] [Times: user=0.15 sys=0.01, real=0.03 secs] 
3126.671: [Full GC (Ergonomics) [PSYoungGen: 181174K->0K(465920K)] [ParOldGen: 888923K->228923K(844800K)] 1070097K->228923K(1310720K), [Metaspace: 59923K->59923K(1105920K)], 0.2570885 secs] [Times: user=1.15 sys=0.00, real=0.26 secs] 
3127.182: [GC (Allocation Failure) [PSYoungGen: 232960K->179573K(465920K)] 461883K->408497K(1310720K), 0.0318346 secs] [Times: user=0.12 sys=0.00, real=0.04 secs] 
3127.773: [GC (Allocation Failure) [PSYoungGen: 412533K->187125K(465920K)] 641457K->470473K(1310720K), 0.0534935 secs] [Times: user=0.26 sys=0.00, real=0.05 secs] 
3128.807: [GC (Allocation Failure) [PSYoungGen: 420085K->104604K(465920K)] 703433K->458256K(1310720K), 0.0453817 secs] [Times: user=0.23 sys=0.00, real=0.05 secs] 
3128.981: [GC (Allocation Failure) [PSYoungGen: 337564K->171220K(465920K)] 691216K->558973K(1310720K), 0.0487850 secs] [Times: user=0.22 sys=0.01, real=0.05 secs] 
3129.143: [GC (Allocation Failure) [PSYoungGen: 404180K->184854K(465920K)] 791933K->625682K(1310720K), 0.0426521 secs] [Times: user=0.18 sys=0.01, real=0.04 secs] 
3129.326: [GC (Allocation Failure) [PSYoungGen: 417814K->182358K(465920K)] 858642K->687307K(1310720K), 0.0660242 secs] [Times: user=0.33 sys=0.00, real=0.06 secs] 
3131.889: [GC (Allocation Failure) [PSYoungGen: 413505K->215444K(465920K)] 918454K->778217K(1310720K), 0.0576830 secs] [Times: user=0.28 sys=0.00, real=0.06 secs] 
3132.270: [GC (GCLocker Initiated GC) [PSYoungGen: 448404K->98667K(465920K)] 1011178K->729169K(1310720K), 0.0668211 secs] [Times: user=0.36 sys=0.00, real=0.07 secs] 
3132.492: [GC (Allocation Failure) [PSYoungGen: 331627K->183670K(465920K)] 962260K->846264K(1310720K), 0.0394538 secs] [Times: user=0.17 sys=0.00, real=0.04 secs] 
3132.655: [GC (Allocation Failure) [PSYoungGen: 416630K->185558K(465920K)] 1079224K->905504K(1310720K), 0.0439561 secs] [Times: user=0.20 sys=0.01, real=0.04 secs] 
3132.844: [GC (Allocation Failure) [PSYoungGen: 418518K->187061K(465920K)] 1138464K->963167K(1310720K), 0.0461304 secs] [Times: user=0.22 sys=0.00, real=0.04 secs] 
3132.890: [Full GC (Ergonomics) [PSYoungGen: 187061K->0K(465920K)] [ParOldGen: 776106K->347018K(974848K)] 963167K->347018K(1440768K), [Metaspace: 59933K->59933K(1105920K)], 0.5297447 secs] [Times: user=2.48 sys=0.00, real=0.53 secs] 
3134.418: [GC (Allocation Failure) [PSYoungGen: 232960K->103276K(465920K)] 579978K->450295K(1440768K), 0.0457737 secs] [Times: user=0.24 sys=0.00, real=0.05 secs] 
3135.709: [GC (Allocation Failure) [PSYoungGen: 336236K->171060K(465920K)] 683255K->551898K(1440768K), 0.0533757 secs] [Times: user=0.24 sys=0.00, real=0.05 secs] 
3135.935: [GC (Allocation Failure) [PSYoungGen: 404020K->192310K(465920K)] 784858K->626132K(1440768K), 0.0507090 secs] [Times: user=0.23 sys=0.01, real=0.05 secs] 
3136.188: [GC (Allocation Failure) [PSYoungGen: 425270K->183958K(465920K)] 859092K->681725K(1440768K), 0.0607159 secs] [Times: user=0.30 sys=0.00, real=0.06 secs] 
3137.150: [GC (Allocation Failure) [PSYoungGen: 416918K->169907K(465920K)] 914685K->725977K(1440768K), 0.0574686 secs] [Times: user=0.29 sys=0.01, real=0.06 secs] 
3137.487: [GC (Allocation Failure) [PSYoungGen: 402867K->109581K(465920K)] 958937K->730539K(1440768K), 0.0447277 secs] [Times: user=0.22 sys=0.01, real=0.04 secs] 
3137.688: [GC (Allocation Failure) [PSYoungGen: 342541K->180405K(465920K)] 963499K->836712K(1440768K), 0.0501259 secs] [Times: user=0.23 sys=0.00, real=0.05 secs] 
3138.047: [GC (Allocation Failure) [PSYoungGen: 413365K->183799K(465920K)] 1069672K->903098K(1440768K), 0.0546177 secs] [Times: user=0.26 sys=0.00, real=0.05 secs] 
3138.242: [GC (Allocation Failure) [PSYoungGen: 416759K->183828K(465920K)] 1136058K->961408K(1440768K), 0.0673622 secs] [Times: user=0.34 sys=0.01, real=0.07 secs] 
3139.254: [GC (Allocation Failure) [PSYoungGen: 416788K->101436K(465920K)] 1194368K->948231K(1440768K), 0.0475052 secs] [Times: user=0.25 sys=0.01, real=0.04 secs] 
3139.500: [GC (Allocation Failure) [PSYoungGen: 334396K->180885K(465920K)] 1181191K->1060553K(1440768K), 0.0785175 secs] [Times: user=0.06 sys=0.18, real=0.08 secs] 
3139.579: [Full GC (Ergonomics) [PSYoungGen: 180885K->0K(465920K)] [ParOldGen: 879668K->204017K(850432K)] 1060553K->204017K(1316352K), [Metaspace: 59935K->59935K(1105920K)], 0.2238828 secs] [Times: user=1.05 sys=0.00, real=0.22 secs] 
3139.945: [GC (Allocation Failure) [PSYoungGen: 232892K->185462K(465920K)] 436909K->389479K(1316352K), 0.0322456 secs] [Times: user=0.13 sys=0.00, real=0.03 secs] 
3140.084: [GC (Allocation Failure) [PSYoungGen: 406541K->171509K(465920K)] 610558K->439942K(1316352K), 0.0437543 secs] [Times: user=0.19 sys=0.00, real=0.04 secs] 
3140.887: [GC (Allocation Failure) [PSYoungGen: 404469K->213225K(465920K)] 672902K->536154K(1316352K), 0.0506161 secs] [Times: user=0.25 sys=0.00, real=0.05 secs] 
3143.305: [GC (Allocation Failure) [PSYoungGen: 446185K->100203K(465920K)] 769114K->487965K(1316352K), 0.0829627 secs] [Times: user=0.44 sys=0.00, real=0.08 secs] 
3143.559: [GC (Allocation Failure) [PSYoungGen: 331357K->181910K(465920K)] 719118K->601792K(1316352K), 0.0344790 secs] [Times: user=0.14 sys=0.00, real=0.04 secs] 
3143.706: [GC (Allocation Failure) [PSYoungGen: 414870K->185910K(465920K)] 834752K->662200K(1316352K), 0.0443958 secs] [Times: user=0.20 sys=0.00, real=0.04 secs] 
3143.859: [GC (Allocation Failure) [PSYoungGen: 418870K->188021K(465920K)] 895160K->720559K(1316352K), 0.0461058 secs] [Times: user=0.22 sys=0.00, real=0.05 secs] 
3144.855: [GC (Allocation Failure) [PSYoungGen: 420981K->98379K(465920K)] 953519K->701846K(1316352K), 0.0443565 secs] [Times: user=0.23 sys=0.00, real=0.04 secs] 
3145.019: [GC (GCLocker Initiated GC) [PSYoungGen: 331339K->171924K(465920K)] 934806K->807923K(1316352K), 0.0390238 secs] [Times: user=0.16 sys=0.01, real=0.04 secs] 
3145.170: [GC (Allocation Failure) [PSYoungGen: 404884K->193398K(465920K)] 1040922K->883087K(1316352K), 0.0428990 secs] [Times: user=0.19 sys=0.00, real=0.05 secs] 
3145.355: [GC (Allocation Failure) [PSYoungGen: 426358K->184247K(465920K)] 1116047K->938232K(1316352K), 0.0553755 secs] [Times: user=0.26 sys=0.00, real=0.05 secs] 
3147.463: [GC (Allocation Failure) [PSYoungGen: 413796K->205267K(465920K)] 1167782K->1017720K(1316352K), 0.0554361 secs] [Times: user=0.28 sys=0.00, real=0.06 secs] 
3147.518: [Full GC (Ergonomics) [PSYoungGen: 205267K->0K(465920K)] [ParOldGen: 812453K->362686K(1027584K)] 1017720K->362686K(1493504K), [Metaspace: 59939K->59939K(1105920K)], 0.5416201 secs] [Times: user=2.14 sys=0.00, real=0.54 secs] 
3149.833: [GC (Allocation Failure) [PSYoungGen: 232960K->98782K(465920K)] 595646K->461469K(1493504K), 0.0313864 secs] [Times: user=0.12 sys=0.00, real=0.03 secs] 
3150.079: [GC (Allocation Failure) [PSYoungGen: 331742K->184470K(465920K)] 694429K->583189K(1493504K), 0.0350844 secs] [Times: user=0.14 sys=0.00, real=0.04 secs] 
3150.254: [GC (Allocation Failure) [PSYoungGen: 417430K->185782K(465920K)] 816149K->641549K(1493504K), 0.0570964 secs] [Times: user=0.27 sys=0.00, real=0.05 secs] 
3150.450: [GC (Allocation Failure) [PSYoungGen: 418742K->187829K(465920K)] 874509K->699868K(1493504K), 0.0453847 secs] [Times: user=0.21 sys=0.00, real=0.05 secs] 
3151.500: [GC (Allocation Failure) [PSYoungGen: 420723K->99260K(465920K)] 932762K->682163K(1493504K), 0.0462940 secs] [Times: user=0.23 sys=0.01, real=0.05 secs] 
3151.681: [GC (Allocation Failure) [PSYoungGen: 332220K->174517K(465920K)] 915123K->789996K(1493504K), 0.0405695 secs] [Times: user=0.18 sys=0.00, real=0.04 secs] 
3151.866: [GC (Allocation Failure) [PSYoungGen: 407477K->184854K(465920K)] 1022956K->854889K(1493504K), 0.0600958 secs] [Times: user=0.29 sys=0.00, real=0.06 secs] 
3152.065: [GC (Allocation Failure) [PSYoungGen: 417814K->182486K(465920K)] 1087849K->917354K(1493504K), 0.0498139 secs] [Times: user=0.23 sys=0.00, real=0.05 secs] 
3152.960: [GC (Allocation Failure) [PSYoungGen: 415446K->171763K(465920K)] 1150314K->964478K(1493504K), 0.0543000 secs] [Times: user=0.27 sys=0.00, real=0.06 secs] 
3153.280: [GC (Allocation Failure) [PSYoungGen: 404723K->113261K(465920K)] 1197438K->971488K(1493504K), 0.0420117 secs] [Times: user=0.21 sys=0.00, real=0.04 secs] 
3153.459: [GC (Allocation Failure) [PSYoungGen: 346221K->174388K(465920K)] 1204448K->1068880K(1493504K), 0.0583709 secs] [Times: user=0.19 sys=0.08, real=0.06 secs] 
3153.666: [GC (Allocation Failure) [PSYoungGen: 407348K->183126K(465920K)] 1301840K->1138611K(1493504K), 0.0579084 secs] [Times: user=0.20 sys=0.09, real=0.06 secs] 
3153.724: [Full GC (Ergonomics) [PSYoungGen: 183126K->0K(465920K)] [ParOldGen: 955484K->296756K(982528K)] 1138611K->296756K(1448448K), [Metaspace: 59953K->59953K(1105920K)], 0.4095099 secs] [Times: user=1.92 sys=0.00, real=0.41 secs] 
3154.361: [GC (GCLocker Initiated GC) [PSYoungGen: 232960K->183828K(465920K)] 529716K->480585K(1448448K), 0.0382239 secs] [Times: user=0.16 sys=0.00, real=0.04 secs] 
3156.289: [GC (GCLocker Initiated GC) [PSYoungGen: 416788K->103228K(465920K)] 713548K->469432K(1448448K), 0.0468429 secs] [Times: user=0.24 sys=0.01, real=0.05 secs] 
3156.662: [GC (Allocation Failure) [PSYoungGen: 336188K->170548K(465920K)] 702394K->569743K(1448448K), 0.0557478 secs] [Times: user=0.27 sys=0.00, real=0.06 secs] 
3156.854: [GC (GCLocker Initiated GC) [PSYoungGen: 403508K->182741K(465920K)] 802703K->635561K(1448448K), 0.0439663 secs] [Times: user=0.20 sys=0.01, real=0.04 secs] 
3157.013: [GC (Allocation Failure) [PSYoungGen: 415701K->183254K(465920K)] 868524K->699581K(1448448K), 0.0493900 secs] [Times: user=0.23 sys=0.00, real=0.04 secs] 
3158.005: [GC (Allocation Failure) [PSYoungGen: 416214K->169299K(402432K)] 932541K->743981K(1384960K), 0.0540528 secs] [Times: user=0.27 sys=0.00, real=0.05 secs] 
3159.124: [GC (Allocation Failure) [PSYoungGen: 402259K->108861K(463872K)] 976941K->748323K(1446400K), 0.0747886 secs] [Times: user=0.39 sys=0.01, real=0.07 secs] 
3159.358: [GC (Allocation Failure) [PSYoungGen: 340797K->179573K(464896K)] 980259K->854064K(1447424K), 0.0362983 secs] [Times: user=0.16 sys=0.00, real=0.04 secs] 
3159.727: [GC (Allocation Failure) [PSYoungGen: 411509K->184535K(465920K)] 1086000K->921698K(1448448K), 0.0830267 secs] [Times: user=0.41 sys=0.00, real=0.08 secs] 
3160.063: [GC (GCLocker Initiated GC) [PSYoungGen: 417495K->185045K(465920K)] 1154660K->980714K(1448448K), 0.0770188 secs] [Times: user=0.40 sys=0.00, real=0.07 secs] 
3161.109: [GC (Allocation Failure) [PSYoungGen: 418005K->101580K(465920K)] 1213968K->967591K(1448448K), 0.0469792 secs] [Times: user=0.24 sys=0.00, real=0.05 secs] 
3161.360: [GC (Allocation Failure) [PSYoungGen: 334540K->176885K(465920K)] 1200551K->1075749K(1448448K), 0.0522793 secs] [Times: user=0.24 sys=0.00, real=0.05 secs] 
3161.412: [Full GC (Ergonomics) [PSYoungGen: 176885K->0K(465920K)] [ParOldGen: 898864K->204828K(919040K)] 1075749K->204828K(1384960K), [Metaspace: 59960K->59960K(1105920K)], 0.2073026 secs] [Times: user=0.94 sys=0.01, real=0.21 secs] 
3161.733: [GC (Allocation Failure) [PSYoungGen: 232960K->178773K(465920K)] 437788K->383601K(1384960K), 0.0326100 secs] [Times: user=0.14 sys=0.00, real=0.03 secs] 
3161.876: [GC (Allocation Failure) [PSYoungGen: 401948K->176374K(465920K)] 606776K->443522K(1384960K), 0.0428975 secs] [Times: user=0.20 sys=0.00, real=0.04 secs] 
3164.295: [GC (Allocation Failure) [PSYoungGen: 409334K->169875K(458752K)] 676482K->493099K(1377792K), 0.0551722 secs] [Times: user=0.27 sys=0.00, real=0.05 secs] 
3164.877: [GC (Allocation Failure) [PSYoungGen: 402835K->103244K(462336K)] 726059K->491460K(1381376K), 0.0782250 secs] [Times: user=0.41 sys=0.00, real=0.08 secs] 
3165.121: [GC (Allocation Failure) [PSYoungGen: 336204K->179701K(465920K)] 724420K->601803K(1384960K), 0.0348307 secs] [Times: user=0.14 sys=0.00, real=0.04 secs] 
3165.316: [GC (Allocation Failure) [PSYoungGen: 412661K->185814K(465920K)] 834763K->664059K(1384960K), 0.0624756 secs] [Times: user=0.30 sys=0.00, real=0.06 secs] 
3165.555: [GC (Allocation Failure) [PSYoungGen: 418774K->187605K(465920K)] 897019K->722163K(1384960K), 0.0629095 secs] [Times: user=0.31 sys=0.00, real=0.06 secs] 
3166.699: [GC (Allocation Failure) [PSYoungGen: 420565K->103148K(465920K)] 955123K->708370K(1384960K), 0.0444023 secs] [Times: user=0.23 sys=0.00, real=0.05 secs] 
3167.765: [GC (Allocation Failure) [PSYoungGen: 336108K->171604K(465920K)] 941330K->810431K(1384960K), 0.0541292 secs] [Times: user=0.25 sys=0.00, real=0.05 secs] 
3167.947: [GC (Allocation Failure) [PSYoungGen: 404564K->185462K(465920K)] 1043391K->877592K(1384960K), 0.0432444 secs] [Times: user=0.20 sys=0.00, real=0.04 secs] 
3168.580: [GC (Allocation Failure) [PSYoungGen: 415397K->179702K(465920K)] 1107527K->936297K(1384960K), 0.0634227 secs] [Times: user=0.30 sys=0.01, real=0.07 secs] 
3169.681: [GC (Allocation Failure) [PSYoungGen: 412662K->169523K(402944K)] 1169257K->983149K(1321984K), 0.0569135 secs] [Times: user=0.29 sys=0.00, real=0.06 secs] 
3169.976: [GC (GCLocker Initiated GC) [PSYoungGen: 402483K->108605K(462848K)] 1216111K->986945K(1381888K), 0.0533194 secs] [Times: user=0.27 sys=0.00, real=0.05 secs] 
3170.029: [Full GC (Ergonomics) [PSYoungGen: 108605K->0K(462848K)] [ParOldGen: 878340K->127345K(863744K)] 986945K->127345K(1326592K), [Metaspace: 59975K->59975K(1105920K)], 0.1202898 secs] [Times: user=0.52 sys=0.00, real=0.12 secs] 
3170.305: [GC (Allocation Failure) [PSYoungGen: 231424K->179093K(464384K)] 358900K->306569K(1328128K), 0.0265419 secs] [Times: user=0.09 sys=0.00, real=0.02 secs] 
3170.447: [GC (Allocation Failure) [PSYoungGen: 410517K->184023K(465920K)] 537993K->374283K(1329664K), 0.0472853 secs] [Times: user=0.22 sys=0.00, real=0.05 secs] 
3171.066: [GC (Allocation Failure) [PSYoungGen: 416983K->177396K(465920K)] 607243K->426064K(1329664K), 0.1108583 secs] [Times: user=0.59 sys=0.00, real=0.11 secs] 
3172.272: [GC (Allocation Failure) [PSYoungGen: 410356K->100700K(465920K)] 659024K->416841K(1329664K), 0.0454536 secs] [Times: user=0.23 sys=0.00, real=0.05 secs] 
3172.489: [GC (Allocation Failure) [PSYoungGen: 333660K->175605K(465920K)] 649801K->524774K(1329664K), 0.0603272 secs] [Times: user=0.29 sys=0.00, real=0.06 secs] 
3172.736: [GC (Allocation Failure) [PSYoungGen: 408565K->185078K(465920K)] 757734K->589215K(1329664K), 0.0564998 secs] [Times: user=0.27 sys=0.00, real=0.06 secs] 
3172.911: [GC (Allocation Failure) [PSYoungGen: 417611K->183318K(465920K)] 821748K->652156K(1329664K), 0.0500336 secs] [Times: user=0.24 sys=0.00, real=0.05 secs] 
3173.863: [GC (Allocation Failure) [PSYoungGen: 416278K->168851K(463872K)] 885116K->695844K(1327616K), 0.0569440 secs] [Times: user=0.29 sys=0.00, real=0.06 secs] 
3175.253: [GC (Allocation Failure) [PSYoungGen: 401811K->105404K(464896K)] 928804K->697117K(1328640K), 0.0754931 secs] [Times: user=0.40 sys=0.00, real=0.07 secs] 
3175.491: [GC (Allocation Failure) [PSYoungGen: 331885K->177077K(465920K)] 923598K->802687K(1329664K), 0.0350836 secs] [Times: user=0.15 sys=0.00, real=0.04 secs] 
3175.673: [GC (Allocation Failure) [PSYoungGen: 410037K->185462K(465920K)] 1035647K->866208K(1329664K), 0.0579734 secs] [Times: user=0.27 sys=0.00, real=0.06 secs] 
3175.865: [GC (Allocation Failure) [PSYoungGen: 418422K->187541K(465920K)] 1099168K->924479K(1329664K), 0.0466898 secs] [Times: user=0.22 sys=0.00, real=0.04 secs] 
3176.907: [GC (Allocation Failure) [PSYoungGen: 420501K->101548K(465920K)] 1157439K->909206K(1329664K), 0.0455439 secs] [Times: user=0.23 sys=0.01, real=0.05 secs] 
3176.953: [Full GC (Ergonomics) [PSYoungGen: 101548K->0K(465920K)] [ParOldGen: 807658K->96532K(852480K)] 909206K->96532K(1318400K), [Metaspace: 59979K->59979K(1105920K)], 0.0487963 secs] [Times: user=0.17 sys=0.00, real=0.04 secs] 
3177.168: [GC (GCLocker Initiated GC) [PSYoungGen: 232960K->173589K(465920K)] 329492K->270121K(1318400K), 0.0332136 secs] [Times: user=0.12 sys=0.01, real=0.03 secs] 
3177.377: [GC (Allocation Failure) [PSYoungGen: 406549K->180949K(465920K)] 503244K->331620K(1318400K), 0.0415306 secs] [Times: user=0.18 sys=0.00, real=0.04 secs] 
3177.570: [GC (Allocation Failure) [PSYoungGen: 413909K->184663K(465920K)] 564580K->398386K(1318400K), 0.0650978 secs] [Times: user=0.32 sys=0.00, real=0.07 secs] 
3178.552: [GC (Allocation Failure) [PSYoungGen: 417623K->169043K(465920K)] 631346K->441530K(1318400K), 0.0570531 secs] [Times: user=0.29 sys=0.00, real=0.06 secs] 
3178.885: [GC (Allocation Failure) [PSYoungGen: 402003K->114045K(465920K)] 674490K->451165K(1318400K), 0.0432511 secs] [Times: user=0.22 sys=0.00, real=0.04 secs] 
3179.087: [GC (Allocation Failure) [PSYoungGen: 347005K->180021K(465920K)] 684125K->553553K(1318400K), 0.0508910 secs] [Times: user=0.24 sys=0.00, real=0.05 secs] 
3179.280: [GC (Allocation Failure) [PSYoungGen: 412981K->184727K(465920K)] 786513K->621107K(1318400K), 0.0493991 secs] [Times: user=0.23 sys=0.00, real=0.05 secs] 
3179.437: [GC (Allocation Failure) [PSYoungGen: 417687K->187637K(465920K)] 854067K->682825K(1318400K), 0.0583026 secs] [Times: user=0.29 sys=0.00, real=0.06 secs] 
3181.568: [GC (Allocation Failure) [PSYoungGen: 420597K->91643K(465920K)] 915785K->657551K(1318400K), 0.1227645 secs] [Times: user=0.68 sys=0.00, real=0.12 secs] 
3183.201: [GC (Allocation Failure) [PSYoungGen: 324603K->171956K(465920K)] 890511K->767302K(1318400K), 0.0451832 secs] [Times: user=0.19 sys=0.01, real=0.05 secs] 
3183.399: [GC (Allocation Failure) [PSYoungGen: 404916K->185686K(465920K)] 1000262K->834475K(1318400K), 0.0482382 secs] [Times: user=0.22 sys=0.00, real=0.05 secs] 
3183.581: [GC (Allocation Failure) [PSYoungGen: 409089K->176758K(465920K)] 1057878K->890115K(1318400K), 0.0505015 secs] [Times: user=0.24 sys=0.00, real=0.05 secs] 
3184.504: [GC (Allocation Failure) [PSYoungGen: 409718K->168114K(463872K)] 1123075K->937592K(1316352K), 0.0540710 secs] [Times: user=0.27 sys=0.00, real=0.05 secs] 
3184.558: [Full GC (Ergonomics) [PSYoungGen: 168114K->0K(463872K)] [ParOldGen: 769477K->358036K(1137664K)] 937592K->358036K(1601536K), [Metaspace: 59989K->59989K(1105920K)], 0.5718385 secs] [Times: user=2.45 sys=0.00, real=0.57 secs] 
3185.369: [GC (GCLocker Initiated GC) [PSYoungGen: 232960K->108348K(464896K)] 590996K->466385K(1602560K), 0.0155574 secs] [Times: user=0.05 sys=0.00, real=0.02 secs] 
3185.517: [GC (Allocation Failure) [PSYoungGen: 341308K->174421K(465920K)] 707704K->575472K(1603584K), 0.1311305 secs] [Times: user=0.72 sys=0.00, real=0.13 secs] 
3185.767: [GC (Allocation Failure) [PSYoungGen: 407381K->180598K(465920K)] 808432K->637413K(1603584K), 0.1719515 secs] [Times: user=0.97 sys=0.01, real=0.17 secs] 
3186.047: [GC (Allocation Failure) [PSYoungGen: 413558K->183956K(465920K)] 870373K->697859K(1603584K), 0.0563687 secs] [Times: user=0.27 sys=0.01, real=0.06 secs] 
3187.635: [GC (Allocation Failure) [PSYoungGen: 416916K->105564K(465920K)] 930819K->688811K(1603584K), 0.0469588 secs] [Times: user=0.24 sys=0.00, real=0.04 secs] 
3187.850: [GC (Allocation Failure) [PSYoungGen: 338524K->176725K(465920K)] 921771K->794016K(1603584K), 0.0420675 secs] [Times: user=0.19 sys=0.00, real=0.04 secs] 
3188.005: [GC (Allocation Failure) [PSYoungGen: 409685K->183957K(465920K)] 1026976K->856337K(1603584K), 0.0431936 secs] [Times: user=0.19 sys=0.00, real=0.04 secs] 
3188.158: [GC (Allocation Failure) [PSYoungGen: 416917K->188245K(465920K)] 1089297K->916664K(1603584K), 0.0456488 secs] [Times: user=0.21 sys=0.00, real=0.05 secs] 
3189.059: [GC (Allocation Failure) [PSYoungGen: 421205K->152434K(465920K)] 1149624K->951710K(1603584K), 0.0518322 secs] [Times: user=0.24 sys=0.01, real=0.05 secs] 
3191.127: [GC (Allocation Failure) [PSYoungGen: 385303K->119118K(465920K)] 1184579K->966577K(1603584K), 0.1291481 secs] [Times: user=0.71 sys=0.01, real=0.13 secs] 
3191.393: [GC (Allocation Failure) [PSYoungGen: 352003K->180309K(465920K)] 1199462K->1066113K(1603584K), 0.0451048 secs] [Times: user=0.12 sys=0.09, real=0.04 secs] 
3191.552: [GC (Allocation Failure) [PSYoungGen: 413248K->185847K(465920K)] 1299052K->1134331K(1603584K), 0.0549784 secs] [Times: user=0.21 sys=0.04, real=0.06 secs] 
3191.714: [GC (Allocation Failure) [PSYoungGen: 418784K->187221K(465920K)] 1367268K->1194641K(1603584K), 0.0655373 secs] [Times: user=0.27 sys=0.05, real=0.06 secs] 
3192.778: [GC (Allocation Failure) [PSYoungGen: 420181K->92891K(465920K)] 1427601K->1170999K(1603584K), 0.0683391 secs] [Times: user=0.26 sys=0.10, real=0.07 secs] 
3192.846: [Full GC (Ergonomics) [PSYoungGen: 92891K->0K(465920K)] [ParOldGen: 1078108K->93097K(893440K)] 1170999K->93097K(1359360K), [Metaspace: 59992K->59992K(1105920K)], 0.0619753 secs] [Times: user=0.20 sys=0.00, real=0.06 secs] 
3193.129: [GC (Allocation Failure) [PSYoungGen: 232960K->179125K(465920K)] 326057K->272223K(1359360K), 0.0246971 secs] [Times: user=0.08 sys=0.00, real=0.03 secs] 
3193.303: [GC (Allocation Failure) [PSYoungGen: 412085K->183253K(465920K)] 505183K->331839K(1359360K), 0.0417742 secs] [Times: user=0.18 sys=0.00, real=0.04 secs] 
3193.455: [GC (Allocation Failure) [PSYoungGen: 416213K->187157K(465920K)] 564799K->391278K(1359360K), 0.0447892 secs] [Times: user=0.21 sys=0.00, real=0.04 secs] 
3194.396: [GC (Allocation Failure) [PSYoungGen: 420117K->145490K(465920K)] 624238K->420107K(1359360K), 0.0497555 secs] [Times: user=0.24 sys=0.00, real=0.05 secs] 
3194.658: [GC (Allocation Failure) [PSYoungGen: 378450K->135632K(465920K)] 653067K->456513K(1359360K), 0.0626604 secs] [Times: user=0.33 sys=0.00, real=0.06 secs] 
3194.867: [GC (Allocation Failure) [PSYoungGen: 368592K->173012K(465920K)] 689473K->537030K(1359360K), 0.0550904 secs] [Times: user=0.25 sys=0.01, real=0.05 secs] 
3195.109: [GC (Allocation Failure) [PSYoungGen: 405972K->185207K(465920K)] 769990K->609781K(1359360K), 0.0689229 secs] [Times: user=0.34 sys=0.00, real=0.07 secs] 
3195.373: [GC (Allocation Failure) [PSYoungGen: 418167K->187573K(465920K)] 842741K->670923K(1359360K), 0.0698369 secs] [Times: user=0.36 sys=0.00, real=0.07 secs] 
3196.805: [GC (GCLocker Initiated GC) [PSYoungGen: 420533K->100044K(465920K)] 903884K->654218K(1359360K), 0.0586644 secs] [Times: user=0.30 sys=0.01, real=0.06 secs] 
3197.132: [GC (Allocation Failure) [PSYoungGen: 333004K->173588K(465920K)] 887345K->760438K(1359360K), 0.0482146 secs] [Times: user=0.21 sys=0.01, real=0.05 secs] 
3197.331: [GC (Allocation Failure) [PSYoungGen: 406548K->185078K(465920K)] 993398K->827080K(1359360K), 0.0432952 secs] [Times: user=0.19 sys=0.00, real=0.05 secs] 
3197.488: [GC (Allocation Failure) [PSYoungGen: 418038K->187477K(465920K)] 1060040K->885711K(1359360K), 0.0461505 secs] [Times: user=0.21 sys=0.01, real=0.05 secs] 
3198.521: [GC (Allocation Failure) [PSYoungGen: 420437K->136113K(465920K)] 1118671K->905103K(1359360K), 0.0491979 secs] [Times: user=0.25 sys=0.00, real=0.05 secs] 
3199.536: [GC (Allocation Failure) [PSYoungGen: 369073K->144353K(465920K)] 1138063K->956487K(1359360K), 0.1081622 secs] [Times: user=0.59 sys=0.00, real=0.11 secs] 
3199.644: [Full GC (Ergonomics) [PSYoungGen: 144353K->0K(465920K)] [ParOldGen: 812134K->162189K(983040K)] 956487K->162189K(1448960K), [Metaspace: 59993K->59993K(1105920K)], 0.1629451 secs] [Times: user=0.74 sys=0.00, real=0.16 secs] 
3199.919: [GC (Allocation Failure) [PSYoungGen: 232867K->178869K(465920K)] 395056K->341058K(1448960K), 0.0320132 secs] [Times: user=0.13 sys=0.00, real=0.03 secs] 
3200.064: [GC (Allocation Failure) [PSYoungGen: 411829K->181654K(465920K)] 574018K->406392K(1448960K), 0.0522113 secs] [Times: user=0.24 sys=0.01, real=0.05 secs] 
3200.905: [GC (Allocation Failure) [PSYoungGen: 414614K->186389K(465920K)] 639352K->468631K(1448960K), 0.1026992 secs] [Times: user=0.54 sys=0.00, real=0.10 secs] 
3202.019: [GC (Allocation Failure) [PSYoungGen: 419349K->96763K(465920K)] 701591K->449413K(1448960K), 0.0576814 secs] [Times: user=0.30 sys=0.01, real=0.06 secs] 
3202.270: [GC (Allocation Failure) [PSYoungGen: 329723K->179605K(465920K)] 682373K->563404K(1448960K), 0.0328296 secs] [Times: user=0.13 sys=0.00, real=0.03 secs] 
3202.441: [GC (Allocation Failure) [PSYoungGen: 412565K->185590K(465920K)] 796364K->625680K(1448960K), 0.0483947 secs] [Times: user=0.22 sys=0.00, real=0.05 secs] 
3202.618: [GC (Allocation Failure) [PSYoungGen: 418550K->183412K(465920K)] 858640K->679823K(1448960K), 0.0455385 secs] [Times: user=0.21 sys=0.00, real=0.05 secs] 
3204.512: [GC (Allocation Failure) [PSYoungGen: 416372K->128720K(465920K)] 912783K->694574K(1448960K), 0.0485481 secs] [Times: user=0.24 sys=0.01, real=0.05 secs] 
3206.136: [GC (Allocation Failure) [PSYoungGen: 361680K->137936K(465920K)] 927534K->744591K(1448960K), 0.0999984 secs] [Times: user=0.54 sys=0.00, real=0.10 secs] 
3206.364: [GC (Allocation Failure) [PSYoungGen: 370819K->177845K(465920K)] 977474K->828961K(1448960K), 0.0397065 secs] [Times: user=0.18 sys=0.00, real=0.04 secs] 
3206.544: [GC (Allocation Failure) [PSYoungGen: 410805K->186007K(465920K)] 1061921K->899251K(1448960K), 0.0741535 secs] [Times: user=0.36 sys=0.00, real=0.07 secs] 
3206.794: [GC (Allocation Failure) [PSYoungGen: 418967K->187701K(465920K)] 1132211K->960017K(1448960K), 0.0793757 secs] [Times: user=0.41 sys=0.00, real=0.08 secs] 
3207.801: [GC (Allocation Failure) [PSYoungGen: 420661K->94459K(465920K)] 1192977K->937547K(1448960K), 0.0434785 secs] [Times: user=0.23 sys=0.00, real=0.05 secs] 
3207.962: [GC (Allocation Failure) [PSYoungGen: 327419K->180021K(465920K)] 1170507K->1054183K(1448960K), 0.0337383 secs] [Times: user=0.14 sys=0.00, real=0.04 secs] 
3208.108: [GC (Allocation Failure) [PSYoungGen: 412981K->183797K(465920K)] 1287143K->1113775K(1448960K), 0.0514052 secs] [Times: user=0.25 sys=0.00, real=0.05 secs] 
3208.159: [Full GC (Ergonomics) [PSYoungGen: 183797K->0K(465920K)] [ParOldGen: 929977K->274649K(1115136K)] 1113775K->274649K(1581056K), [Metaspace: 59999K->59999K(1105920K)], 0.3639830 secs] [Times: user=1.68 sys=0.00, real=0.37 secs] 
3208.633: [GC (Allocation Failure) [PSYoungGen: 232960K->186901K(465920K)] 507609K->461550K(1581056K), 0.0366723 secs] [Times: user=0.16 sys=0.00, real=0.03 secs] 
3209.589: [GC (Allocation Failure) [PSYoungGen: 419861K->125679K(465920K)] 694510K->470673K(1581056K), 0.0509676 secs] [Times: user=0.25 sys=0.00, real=0.05 secs] 
3209.825: [GC (Allocation Failure) [PSYoungGen: 358639K->151682K(465920K)] 703633K->536523K(1581056K), 0.0537968 secs] [Times: user=0.26 sys=0.01, real=0.05 secs] 
3210.032: [GC (Allocation Failure) [PSYoungGen: 384642K->181173K(465920K)] 769483K->613480K(1581056K), 0.0615878 secs] [Times: user=0.29 sys=0.00, real=0.07 secs] 
3210.232: [GC (Allocation Failure) [PSYoungGen: 414133K->182614K(465920K)] 846440K->678033K(1581056K), 0.0493130 secs] [Times: user=0.23 sys=0.01, real=0.05 secs] 
3211.129: [GC (Allocation Failure) [PSYoungGen: 415574K->186677K(465920K)] 910993K->740063K(1581056K), 0.0883160 secs] [Times: user=0.45 sys=0.00, real=0.09 secs] 
3212.343: [GC (Allocation Failure) [PSYoungGen: 419637K->96123K(465920K)] 973023K->719854K(1581056K), 0.0469451 secs] [Times: user=0.24 sys=0.00, real=0.05 secs] 
3212.550: [GC (Allocation Failure) [PSYoungGen: 329083K->175733K(465920K)] 952814K->830792K(1581056K), 0.0435738 secs] [Times: user=0.19 sys=0.00, real=0.05 secs] 
3212.755: [GC (Allocation Failure) [PSYoungGen: 408693K->182581K(465920K)] 1063752K->893000K(1581056K), 0.0624301 secs] [Times: user=0.30 sys=0.00, real=0.06 secs] 
3212.953: [GC (Allocation Failure) [PSYoungGen: 415541K->187797K(465920K)] 1125960K->953728K(1581056K), 0.0460482 secs] [Times: user=0.22 sys=0.00, real=0.04 secs] 
3213.954: [GC (Allocation Failure) [PSYoungGen: 420757K->120943K(465920K)] 1186688K->957658K(1581056K), 0.0480020 secs] [Times: user=0.25 sys=0.00, real=0.04 secs] 
3215.462: [GC (Allocation Failure) [PSYoungGen: 353903K->148049K(465920K)] 1190618K->1022976K(1581056K), 0.0888012 secs] [Times: user=0.46 sys=0.00, real=0.09 secs] 
3215.732: [GC (Allocation Failure) [PSYoungGen: 381009K->185014K(465920K)] 1255936K->1106450K(1581056K), 0.0542005 secs] [Times: user=0.25 sys=0.00, real=0.06 secs] 
3215.907: [GC (Allocation Failure) [PSYoungGen: 417974K->186103K(465920K)] 1339410K->1171947K(1581056K), 0.0607683 secs] [Times: user=0.25 sys=0.05, real=0.06 secs] 
3216.454: [GC (Allocation Failure) [PSYoungGen: 419063K->183860K(465920K)] 1404907K->1228761K(1581056K), 0.0664582 secs] [Times: user=0.32 sys=0.02, real=0.06 secs] 
3216.520: [Full GC (Ergonomics) [PSYoungGen: 183860K->0K(465920K)] [ParOldGen: 1044900K->359883K(1227264K)] 1228761K->359883K(1693184K), [Metaspace: 60003K->60003K(1105920K)], 0.5905173 secs] [Times: user=2.73 sys=0.00, real=0.59 secs] 
3218.083: [GC (Allocation Failure) [PSYoungGen: 232960K->97787K(465920K)] 592843K->457671K(1693184K), 0.0215965 secs] [Times: user=0.09 sys=0.00, real=0.03 secs] 
3218.244: [GC (Allocation Failure) [PSYoungGen: 330747K->176373K(465920K)] 690631K->568033K(1693184K), 0.0368097 secs] [Times: user=0.15 sys=0.00, real=0.03 secs] 
3218.415: [GC (Allocation Failure) [PSYoungGen: 409333K->181813K(465920K)] 800993K->628681K(1693184K), 0.0435198 secs] [Times: user=0.20 sys=0.00, real=0.04 secs] 
3218.584: [GC (Allocation Failure) [PSYoungGen: 414773K->187285K(465920K)] 861641K->689129K(1693184K), 0.0451867 secs] [Times: user=0.21 sys=0.00, real=0.04 secs] 
3220.420: [GC (Allocation Failure) [PSYoungGen: 420245K->118718K(465920K)] 922089K->691142K(1693184K), 0.0466835 secs] [Times: user=0.24 sys=0.00, real=0.05 secs] 
3220.591: [GC (Allocation Failure) [PSYoungGen: 351678K->154258K(465920K)] 924102K->765282K(1693184K), 0.0594205 secs] [Times: user=0.30 sys=0.01, real=0.06 secs] 
3220.811: [GC (Allocation Failure) [PSYoungGen: 387218K->181525K(465920K)] 998242K->840472K(1693184K), 0.0604924 secs] [Times: user=0.28 sys=0.00, real=0.06 secs] 
3221.005: [GC (Allocation Failure) [PSYoungGen: 414485K->185911K(465920K)] 1073432K->917218K(1693184K), 0.0501643 secs] [Times: user=0.24 sys=0.00, real=0.05 secs] 
3221.165: [GC (Allocation Failure) [PSYoungGen: 418871K->187477K(465920K)] 1150178K->977732K(1693184K), 0.0561193 secs] [Times: user=0.27 sys=0.00, real=0.05 secs] 
3223.179: [GC (Allocation Failure) [PSYoungGen: 420437K->93483K(465920K)] 1210692K->954190K(1693184K), 0.1196068 secs] [Times: user=0.66 sys=0.00, real=0.12 secs] 
3223.533: [GC (Allocation Failure) [PSYoungGen: 326443K->175637K(465920K)] 1187150K->1067053K(1693184K), 0.0331188 secs] [Times: user=0.14 sys=0.00, real=0.03 secs] 
3223.679: [GC (Allocation Failure) [PSYoungGen: 408597K->185910K(465920K)] 1300013K->1131662K(1693184K), 0.0458938 secs] [Times: user=0.21 sys=0.00, real=0.05 secs] 
3223.833: [GC (Allocation Failure) [PSYoungGen: 418870K->187893K(465920K)] 1364622K->1190158K(1693184K), 0.0457810 secs] [Times: user=0.21 sys=0.00, real=0.05 secs] 
3224.838: [GC (Allocation Failure) [PSYoungGen: 420853K->113453K(465920K)] 1423118K->1186470K(1693184K), 0.0510056 secs] [Times: user=0.25 sys=0.01, real=0.05 secs] 
3225.046: [GC (GCLocker Initiated GC) [PSYoungGen: 346413K->164692K(465920K)] 1419431K->1274817K(1693184K), 0.0835312 secs] [Times: user=0.41 sys=0.01, real=0.08 secs] 
3225.303: [GC (Allocation Failure) [PSYoungGen: 397652K->184630K(465920K)] 1507816K->1346046K(1693184K), 0.0590201 secs] [Times: user=0.25 sys=0.02, real=0.06 secs] 
3225.362: [Full GC (Ergonomics) [PSYoungGen: 184630K->0K(465920K)] [ParOldGen: 1161416K->252770K(1142784K)] 1346046K->252770K(1608704K), [Metaspace: 60014K->60014K(1105920K)], 0.3096692 secs] [Times: user=1.43 sys=0.00, real=0.31 secs] 
3225.785: [GC (Allocation Failure) [PSYoungGen: 232960K->181846K(465920K)] 485730K->434617K(1608704K), 0.0827618 secs] [Times: user=0.43 sys=0.00, real=0.08 secs] 
3225.982: [GC (Allocation Failure) [PSYoungGen: 414806K->184244K(465920K)] 667577K->494535K(1608704K), 0.0563284 secs] [Times: user=0.27 sys=0.00, real=0.06 secs] 
3226.977: [GC (Allocation Failure) [PSYoungGen: 417204K->95979K(465920K)] 727495K->475741K(1608704K), 0.0405395 secs] [Times: user=0.20 sys=0.00, real=0.04 secs] 
3227.182: [GC (Allocation Failure) [PSYoungGen: 328939K->187254K(465920K)] 708701K->597485K(1608704K), 0.0508722 secs] [Times: user=0.22 sys=0.00, real=0.06 secs] 
3227.427: [GC (Allocation Failure) [PSYoungGen: 420195K->185270K(465920K)] 830426K->652737K(1608704K), 0.0586818 secs] [Times: user=0.28 sys=0.00, real=0.06 secs] 
3227.615: [GC (Allocation Failure) [PSYoungGen: 418230K->187861K(465920K)] 885697K->711592K(1608704K), 0.0509769 secs] [Times: user=0.25 sys=0.00, real=0.05 secs] 
3228.715: [GC (Allocation Failure) [PSYoungGen: 420821K->99708K(465920K)] 944552K->694311K(1608704K), 0.0495778 secs] [Times: user=0.26 sys=0.00, real=0.05 secs] 
3230.743: [GC (Allocation Failure) [PSYoungGen: 332668K->160499K(465920K)] 927271K->787331K(1608704K), 0.0640545 secs] [Times: user=0.31 sys=0.00, real=0.06 secs] 
3230.968: [GC (Allocation Failure) [PSYoungGen: 393459K->185014K(465920K)] 1020291K->861762K(1608704K), 0.0546710 secs] [Times: user=0.26 sys=0.00, real=0.06 secs] 
3231.160: [GC (Allocation Failure) [PSYoungGen: 417974K->186231K(465920K)] 1094722K->927235K(1608704K), 0.0550810 secs] [Times: user=0.26 sys=0.00, real=0.06 secs] 
3231.334: [GC (Allocation Failure) [PSYoungGen: 419191K->187733K(465920K)] 1160195K->987833K(1608704K), 0.0555468 secs] [Times: user=0.27 sys=0.00, real=0.05 secs] 
3232.403: [GC (Allocation Failure) [PSYoungGen: 420693K->88218K(465920K)] 1220793K->959014K(1608704K), 0.0578669 secs] [Times: user=0.31 sys=0.00, real=0.05 secs] 
3232.638: [GC (Allocation Failure) [PSYoungGen: 321178K->180822K(465920K)] 1191974K->1080409K(1608704K), 0.0482405 secs] [Times: user=0.20 sys=0.01, real=0.05 secs] 
3232.818: [GC (Allocation Failure) [PSYoungGen: 413782K->185142K(465920K)] 1313369K->1140665K(1608704K), 0.0448190 secs] [Times: user=0.20 sys=0.00, real=0.04 secs] 
3232.975: [GC (Allocation Failure) [PSYoungGen: 418102K->187893K(465920K)] 1373625K->1199393K(1608704K), 0.0491074 secs] [Times: user=0.19 sys=0.00, real=0.05 secs] 
3234.248: [GC (Allocation Failure) [PSYoungGen: 420853K->106685K(465920K)] 1432353K->1189036K(1608704K), 0.0467924 secs] [Times: user=0.23 sys=0.00, real=0.05 secs] 
3234.295: [Full GC (Ergonomics) [PSYoungGen: 106685K->0K(465920K)] [ParOldGen: 1082351K->92495K(1010688K)] 1189036K->92495K(1476608K), [Metaspace: 60014K->60014K(1105920K)], 0.0394830 secs] [Times: user=0.11 sys=0.01, real=0.04 secs] 
3234.616: [GC (Allocation Failure) [PSYoungGen: 232960K->166100K(465920K)] 325455K->258595K(1476608K), 0.0320537 secs] [Times: user=0.12 sys=0.00, real=0.03 secs] 
3234.860: [GC (Allocation Failure) [PSYoungGen: 399060K->185622K(465920K)] 491555K->330249K(1476608K), 0.0628319 secs] [Times: user=0.30 sys=0.00, real=0.07 secs] 
3235.093: [GC (Allocation Failure) [PSYoungGen: 418582K->186295K(465920K)] 563209K->395570K(1476608K), 0.0555576 secs] [Times: user=0.27 sys=0.00, real=0.05 secs] 
3235.259: [GC (Allocation Failure) [PSYoungGen: 419255K->184661K(465920K)] 628530K->453028K(1476608K), 0.0541625 secs] [Times: user=0.27 sys=0.00, real=0.06 secs] 
3238.084: [GC (Allocation Failure) [PSYoungGen: 417621K->89930K(465920K)] 685988K->428038K(1476608K), 0.1136488 secs] [Times: user=0.63 sys=0.00, real=0.11 secs] 
3238.422: [GC (Allocation Failure) [PSYoungGen: 322890K->177109K(465920K)] 660998K->544401K(1476608K), 0.0341736 secs] [Times: user=0.14 sys=0.00, real=0.04 secs] 
3238.590: [GC (Allocation Failure) [PSYoungGen: 410069K->184982K(465920K)] 777361K->606786K(1476608K), 0.0429051 secs] [Times: user=0.20 sys=0.00, real=0.05 secs] 
3238.768: [GC (Allocation Failure) [PSYoungGen: 417942K->187829K(465920K)] 839746K->665773K(1476608K), 0.0593169 secs] [Times: user=0.29 sys=0.00, real=0.06 secs] 
3239.812: [GC (Allocation Failure) [PSYoungGen: 420789K->103948K(465920K)] 898733K->652749K(1476608K), 0.0449072 secs] [Times: user=0.22 sys=0.01, real=0.05 secs] 
3239.978: [GC (Allocation Failure) [PSYoungGen: 336908K->172020K(465920K)] 885709K->755053K(1476608K), 0.0460713 secs] [Times: user=0.21 sys=0.01, real=0.05 secs] 
3240.163: [GC (Allocation Failure) [PSYoungGen: 404980K->183349K(465920K)] 988013K->819782K(1476608K), 0.0529687 secs] [Times: user=0.26 sys=0.00, real=0.05 secs] 
3240.365: [GC (Allocation Failure) [PSYoungGen: 416309K->179862K(465920K)] 1052742K->879919K(1476608K), 0.0537724 secs] [Times: user=0.25 sys=0.00, real=0.05 secs] 
3241.793: [GC (Allocation Failure) [PSYoungGen: 412822K->186613K(465920K)] 1112879K->943606K(1476608K), 0.0947419 secs] [Times: user=0.49 sys=0.01, real=0.09 secs] 
3242.831: [GC (Allocation Failure) [PSYoungGen: 419573K->91418K(465920K)] 1176566K->918651K(1476608K), 0.0413494 secs] [Times: user=0.21 sys=0.00, real=0.04 secs] 
3242.989: [GC (GCLocker Initiated GC) [PSYoungGen: 324378K->181206K(465920K)] 1151611K->1038295K(1476608K), 0.0351200 secs] [Times: user=0.14 sys=0.00, real=0.04 secs] 
3243.138: [GC (Allocation Failure) [PSYoungGen: 414166K->182933K(465920K)] 1271386K->1096741K(1476608K), 0.0433290 secs] [Times: user=0.19 sys=0.00, real=0.04 secs] 
3243.322: [GC (Allocation Failure) [PSYoungGen: 415893K->187381K(465920K)] 1329701K->1157097K(1476608K), 0.0707069 secs] [Times: user=0.28 sys=0.00, real=0.07 secs] 
3243.392: [Full GC (Ergonomics) [PSYoungGen: 187381K->0K(465920K)] [ParOldGen: 969716K->342336K(1278464K)] 1157097K->342336K(1744384K), [Metaspace: 60015K->60015K(1105920K)], 0.5315547 secs] [Times: user=2.49 sys=0.00, real=0.54 secs] 
3245.116: [GC (Allocation Failure) [PSYoungGen: 232960K->102268K(465920K)] 575296K->444604K(1744384K), 0.0799575 secs] [Times: user=0.44 sys=0.00, real=0.08 secs] 
3246.304: [GC (Allocation Failure) [PSYoungGen: 335228K->166964K(465920K)] 677564K->542797K(1744384K), 0.0622147 secs] [Times: user=0.30 sys=0.00, real=0.06 secs] 
3246.492: [GC (Allocation Failure) [PSYoungGen: 399924K->185142K(465920K)] 775757K->613047K(1744384K), 0.0416648 secs] [Times: user=0.19 sys=0.00, real=0.05 secs] 
3246.675: [GC (Allocation Failure) [PSYoungGen: 418102K->186231K(465920K)] 846007K->678488K(1744384K), 0.0580920 secs] [Times: user=0.28 sys=0.00, real=0.06 secs] 
3246.960: [GC (Allocation Failure) [PSYoungGen: 418727K->219125K(465920K)] 910984K->770422K(1744384K), 0.0555677 secs] [Times: user=0.27 sys=0.00, real=0.06 secs] 
3247.903: [GC (Allocation Failure) [PSYoungGen: 452085K->96859K(465920K)] 1003382K->718220K(1744384K), 0.0414787 secs] [Times: user=0.21 sys=0.00, real=0.05 secs] 
3248.107: [GC (Allocation Failure) [PSYoungGen: 329819K->182230K(465920K)] 951180K->834572K(1744384K), 0.0503605 secs] [Times: user=0.22 sys=0.00, real=0.05 secs] 
3248.352: [GC (Allocation Failure) [PSYoungGen: 415190K->181333K(465920K)] 1067532K->890631K(1744384K), 0.0610501 secs] [Times: user=0.30 sys=0.00, real=0.07 secs] 
3248.531: [GC (Allocation Failure) [PSYoungGen: 414293K->183892K(465920K)] 1123591K->948087K(1744384K), 0.0453980 secs] [Times: user=0.20 sys=0.01, real=0.05 secs] 
3249.505: [GC (Allocation Failure) [PSYoungGen: 416852K->103020K(465920K)] 1181047K->936646K(1744384K), 0.0457438 secs] [Times: user=0.23 sys=0.00, real=0.04 secs] 
3249.741: [GC (Allocation Failure) [PSYoungGen: 335980K->172820K(465920K)] 1169606K->1039800K(1744384K), 0.0676610 secs] [Times: user=0.33 sys=0.00, real=0.07 secs] 
3249.973: [GC (Allocation Failure) [PSYoungGen: 405780K->185430K(465920K)] 1272760K->1106501K(1744384K), 0.0429343 secs] [Times: user=0.19 sys=0.01, real=0.05 secs] 
3250.128: [GC (GCLocker Initiated GC) [PSYoungGen: 418390K->184087K(465920K)] 1339462K->1169743K(1744384K), 0.0508711 secs] [Times: user=0.24 sys=0.00, real=0.05 secs] 
3251.032: [GC (Allocation Failure) [PSYoungGen: 417047K->175187K(465920K)] 1412041K->1228605K(1744384K), 0.0814624 secs] [Times: user=0.38 sys=0.05, real=0.09 secs] 
3253.184: [GC (Allocation Failure) [PSYoungGen: 408147K->99035K(465920K)] 1461565K->1219205K(1744384K), 0.1187687 secs] [Times: user=0.57 sys=0.10, real=0.12 secs] 
3253.504: [GC (Allocation Failure) [PSYoungGen: 331995K->183542K(465920K)] 1452165K->1335661K(1744384K), 0.0536314 secs] [Times: user=0.14 sys=0.05, real=0.05 secs] 
3253.672: [GC (Allocation Failure) [PSYoungGen: 416502K->185686K(465920K)] 1568621K->1394821K(1744384K), 0.0518351 secs] [Times: user=0.19 sys=0.06, real=0.06 secs] 
3253.724: [Full GC (Ergonomics) [PSYoungGen: 185686K->0K(465920K)] [ParOldGen: 1209135K->290114K(1254400K)] 1394821K->290114K(1720320K), [Metaspace: 60016K->60016K(1105920K)], 0.3974174 secs] [Times: user=1.85 sys=0.00, real=0.39 secs] 
3254.231: [GC (Allocation Failure) [PSYoungGen: 232960K->187445K(465920K)] 523074K->477560K(1720320K), 0.0358882 secs] [Times: user=0.15 sys=0.00, real=0.04 secs] 
3255.199: [GC (Allocation Failure) [PSYoungGen: 420405K->98059K(465920K)] 710520K->458974K(1720320K), 0.0463229 secs] [Times: user=0.24 sys=0.00, real=0.05 secs] 
3255.366: [GC (Allocation Failure) [PSYoungGen: 331019K->176437K(465920K)] 691934K->569444K(1720320K), 0.0401261 secs] [Times: user=0.17 sys=0.00, real=0.04 secs] 
3255.519: [GC (Allocation Failure) [PSYoungGen: 409397K->185526K(465920K)] 802404K->633705K(1720320K), 0.0431660 secs] [Times: user=0.19 sys=0.00, real=0.04 secs] 
3255.833: [GC (Allocation Failure) [PSYoungGen: 416895K->179830K(465920K)] 865073K->692561K(1720320K), 0.0532407 secs] [Times: user=0.25 sys=0.01, real=0.06 secs] 
3257.397: [GC (Allocation Failure) [PSYoungGen: 412790K->212893K(465920K)] 925521K->782584K(1720320K), 0.0523224 secs] [Times: user=0.26 sys=0.00, real=0.05 secs] 
3257.875: [GC (Allocation Failure) [PSYoungGen: 445853K->103532K(465920K)] 1015544K->737807K(1720320K), 0.0629448 secs] [Times: user=0.33 sys=0.00, real=0.06 secs] 
3258.091: [GC (Allocation Failure) [PSYoungGen: 336492K->180437K(465920K)] 970767K->847973K(1720320K), 0.0348429 secs] [Times: user=0.14 sys=0.00, real=0.04 secs] 
3258.247: [GC (Allocation Failure) [PSYoungGen: 413397K->185750K(465920K)] 1080933K->909506K(1720320K), 0.0438586 secs] [Times: user=0.20 sys=0.00, real=0.04 secs] 
3258.400: [GC (Allocation Failure) [PSYoungGen: 418710K->187797K(465920K)] 1142466K->967873K(1720320K), 0.0461338 secs] [Times: user=0.22 sys=0.00, real=0.05 secs] 
3259.517: [GC (Allocation Failure) [PSYoungGen: 420757K->98395K(465920K)] 1200833K->949168K(1720320K), 0.0592151 secs] [Times: user=0.31 sys=0.00, real=0.06 secs] 
3260.947: [GC (Allocation Failure) [PSYoungGen: 331355K->169140K(465920K)] 1182128K->1052205K(1720320K), 0.0571891 secs] [Times: user=0.26 sys=0.01, real=0.06 secs] 
3261.216: [GC (Allocation Failure) [PSYoungGen: 402100K->184406K(465920K)] 1285165K->1119987K(1720320K), 0.0512594 secs] [Times: user=0.24 sys=0.00, real=0.05 secs] 
3261.381: [GC (Allocation Failure) [PSYoungGen: 417366K->186135K(465920K)] 1352947K->1185940K(1720320K), 0.0517693 secs] [Times: user=0.24 sys=0.00, real=0.06 secs] 
3262.260: [GC (Allocation Failure) [PSYoungGen: 419095K->171699K(465920K)] 1418900K->1230616K(1720320K), 0.0571136 secs] [Times: user=0.28 sys=0.00, real=0.06 secs] 
3262.603: [GC (GCLocker Initiated GC) [PSYoungGen: 404659K->111469K(465920K)] 1463577K->1236091K(1720320K), 0.0463417 secs] [Times: user=0.24 sys=0.00, real=0.05 secs] 
3262.806: [GC (Allocation Failure) [PSYoungGen: 344429K->180181K(465920K)] 1469054K->1340523K(1720320K), 0.0470863 secs] [Times: user=0.21 sys=0.01, real=0.04 secs] 
3262.971: [GC (GCLocker Initiated GC) [PSYoungGen: 413141K->184183K(465920K)] 1573484K->1407505K(1720320K), 0.0522424 secs] [Times: user=0.24 sys=0.01, real=0.06 secs] 
3263.023: [Full GC (Ergonomics) [PSYoungGen: 184183K->0K(465920K)] [ParOldGen: 1223322K->298389K(1291776K)] 1407505K->298389K(1757696K), [Metaspace: 60020K->60020K(1105920K)], 0.3998042 secs] [Times: user=1.84 sys=0.00, real=0.40 secs] 
3263.529: [GC (Allocation Failure) [PSYoungGen: 232960K->180436K(465920K)] 531480K->478957K(1757696K), 0.0345720 secs] [Times: user=0.15 sys=0.01, real=0.04 secs] 
3264.522: [GC (Allocation Failure) [PSYoungGen: 413396K->103980K(465920K)] 711917K->470701K(1757696K), 0.0566469 secs] [Times: user=0.30 sys=0.00, real=0.06 secs] 
3264.791: [GC (Allocation Failure) [PSYoungGen: 336940K->172692K(465920K)] 703661K->573028K(1757696K), 0.0403440 secs] [Times: user=0.18 sys=0.00, real=0.04 secs] 
3264.944: [GC (Allocation Failure) [PSYoungGen: 405652K->185270K(465920K)] 805988K->639842K(1757696K), 0.0427956 secs] [Times: user=0.20 sys=0.00, real=0.04 secs] 
3265.094: [GC (Allocation Failure) [PSYoungGen: 405111K->175285K(465920K)] 859683K->694281K(1757696K), 0.0482994 secs] [Times: user=0.23 sys=0.00, real=0.04 secs] 
3265.892: [GC (Allocation Failure) [PSYoungGen: 404368K->205235K(465920K)] 923364K->779931K(1757696K), 0.0531129 secs] [Times: user=0.26 sys=0.00, real=0.06 secs] 
3267.719: [GC (Allocation Failure) [PSYoungGen: 438195K->101484K(465920K)] 1012891K->740548K(1757696K), 0.1003004 secs] [Times: user=0.54 sys=0.00, real=0.10 secs] 
3268.036: [GC (Allocation Failure) [PSYoungGen: 330290K->180694K(465920K)] 969354K->852819K(1757696K), 0.0372715 secs] [Times: user=0.15 sys=0.00, real=0.04 secs] 
3268.182: [GC (Allocation Failure) [PSYoungGen: 413654K->179957K(465920K)] 1085779K->908154K(1757696K), 0.0432406 secs] [Times: user=0.20 sys=0.00, real=0.05 secs] 
3268.370: [GC (Allocation Failure) [PSYoungGen: 412917K->187605K(465920K)] 1141114K->970954K(1757696K), 0.0716419 secs] [Times: user=0.35 sys=0.00, real=0.07 secs] 
3269.410: [GC (Allocation Failure) [PSYoungGen: 420565K->104380K(465920K)] 1203914K->958245K(1757696K), 0.0449236 secs] [Times: user=0.23 sys=0.00, real=0.05 secs] 
3269.671: [GC (Allocation Failure) [PSYoungGen: 337340K->176053K(465920K)] 1191205K->1063667K(1757696K), 0.0636360 secs] [Times: user=0.30 sys=0.00, real=0.07 secs] 
3269.869: [GC (Allocation Failure) [PSYoungGen: 409013K->177589K(465920K)] 1296627K->1120267K(1757696K), 0.0435161 secs] [Times: user=0.19 sys=0.00, real=0.04 secs] 
3270.028: [GC (Allocation Failure) [PSYoungGen: 410549K->185495K(465920K)] 1353227K->1190077K(1757696K), 0.0504246 secs] [Times: user=0.23 sys=0.00, real=0.05 secs] 
3270.827: [GC (Allocation Failure) [PSYoungGen: 414063K->209203K(465920K)] 1418645K->1272649K(1757696K), 0.0576084 secs] [Times: user=0.29 sys=0.00, real=0.06 secs] 
3271.239: [GC (GCLocker Initiated GC) [PSYoungGen: 442163K->105788K(465920K)] 1505609K->1235130K(1757696K), 0.0576393 secs] [Times: user=0.30 sys=0.00, real=0.06 secs] 
3271.466: [GC (Allocation Failure) [PSYoungGen: 338748K->178262K(465920K)] 1476285K->1349464K(1757696K), 0.1329641 secs] [Times: user=0.73 sys=0.00, real=0.13 secs] 
3271.713: [GC (Allocation Failure) [PSYoungGen: 411222K->185239K(465920K)] 1582424K->1413589K(1757696K), 0.1583701 secs] [Times: user=0.88 sys=0.00, real=0.16 secs] 
3271.871: [Full GC (Ergonomics) [PSYoungGen: 185239K->0K(465920K)] [ParOldGen: 1228350K->299738K(1310208K)] 1413589K->299738K(1776128K), [Metaspace: 60025K->60025K(1105920K)], 0.3779470 secs] [Times: user=1.60 sys=0.00, real=0.38 secs] 
3272.354: [GC (Allocation Failure) [PSYoungGen: 232960K->181460K(465920K)] 532698K->481199K(1776128K), 0.0347598 secs] [Times: user=0.15 sys=0.00, real=0.03 secs] 
3273.569: [GC (Allocation Failure) [PSYoungGen: 414420K->99179K(465920K)] 714159K->467514K(1776128K), 0.0649909 secs] [Times: user=0.35 sys=0.00, real=0.07 secs] 
3274.884: [GC (Allocation Failure) [PSYoungGen: 332139K->168020K(465920K)] 700474K->568652K(1776128K), 0.0529018 secs] [Times: user=0.25 sys=0.00, real=0.05 secs] 
3275.126: [GC (Allocation Failure) [PSYoungGen: 400980K->185558K(465920K)] 801612K->639162K(1776128K), 0.0564971 secs] [Times: user=0.27 sys=0.00, real=0.05 secs] 
3275.359: [GC (Allocation Failure) [PSYoungGen: 418518K->182582K(465920K)] 872122K->700442K(1776128K), 0.0721767 secs] [Times: user=0.36 sys=0.00, real=0.07 secs] 
3276.291: [GC (Allocation Failure) [PSYoungGen: 415542K->168467K(465920K)] 933402K->744418K(1776128K), 0.0557777 secs] [Times: user=0.28 sys=0.00, real=0.06 secs] 
3276.647: [GC (Allocation Failure) [PSYoungGen: 401427K->113773K(465920K)] 977378K->754341K(1776128K), 0.0444210 secs] [Times: user=0.22 sys=0.01, real=0.04 secs] 
3276.806: [GC (Allocation Failure) [PSYoungGen: 346733K->179861K(465920K)] 987301K->857133K(1776128K), 0.0369441 secs] [Times: user=0.15 sys=0.00, real=0.04 secs] 
3276.988: [GC (Allocation Failure) [PSYoungGen: 412821K->185303K(465920K)] 1090093K->925475K(1776128K), 0.0606936 secs] [Times: user=0.29 sys=0.00, real=0.06 secs] 
3277.271: [GC (Allocation Failure) [PSYoungGen: 418263K->184180K(465920K)] 1158435K->983201K(1776128K), 0.0728091 secs] [Times: user=0.37 sys=0.01, real=0.08 secs] 
3278.674: [GC (Allocation Failure) [PSYoungGen: 417140K->98075K(465920K)] 1216161K->966680K(1776128K), 0.0468948 secs] [Times: user=0.25 sys=0.00, real=0.04 secs] 
3278.892: [GC (GCLocker Initiated GC) [PSYoungGen: 331035K->176053K(465920K)] 1199640K->1076414K(1776128K), 0.0580132 secs] [Times: user=0.27 sys=0.00, real=0.06 secs] 
3279.101: [GC (Allocation Failure) [PSYoungGen: 409013K->181621K(465920K)] 1309541K->1137185K(1776128K), 0.0440447 secs] [Times: user=0.20 sys=0.00, real=0.05 secs] 
3279.253: [GC (Allocation Failure) [PSYoungGen: 401475K->173717K(465920K)] 1357040K->1192545K(1776128K), 0.0494140 secs] [Times: user=0.23 sys=0.00, real=0.04 secs] 
3280.060: [GC (Allocation Failure) [PSYoungGen: 401702K->189363K(465920K)] 1420530K->1263335K(1776128K), 0.0514500 secs] [Times: user=0.25 sys=0.00, real=0.05 secs] 
3280.759: [GC (Allocation Failure) [PSYoungGen: 422323K->104524K(465920K)] 1496295K->1243128K(1776128K), 0.0536900 secs] [Times: user=0.28 sys=0.00, real=0.06 secs] 
3280.927: [GC (Allocation Failure) [PSYoungGen: 329633K->178005K(465920K)] 1468237K->1351054K(1776128K), 0.0364654 secs] [Times: user=0.15 sys=0.00, real=0.04 secs] 
3281.074: [GC (Allocation Failure) [PSYoungGen: 410965K->183029K(465920K)] 1584014K->1411255K(1776128K), 0.0443678 secs] [Times: user=0.20 sys=0.00, real=0.04 secs] 
3281.119: [Full GC (Ergonomics) [PSYoungGen: 183029K->0K(465920K)] [ParOldGen: 1228225K->288206K(1328640K)] 1411255K->288206K(1794560K), [Metaspace: 60030K->60030K(1105920K)], 0.3882956 secs] [Times: user=1.79 sys=0.00, real=0.39 secs] 
3281.620: [GC (Allocation Failure) [PSYoungGen: 232960K->187413K(465920K)] 521166K->475619K(1794560K), 0.0351509 secs] [Times: user=0.15 sys=0.00, real=0.04 secs] 
3282.828: [GC (Allocation Failure) [PSYoungGen: 420373K->101580K(465920K)] 708579K->460398K(1794560K), 0.0714610 secs] [Times: user=0.38 sys=0.01, real=0.07 secs] 
3283.810: [GC (Allocation Failure) [PSYoungGen: 334540K->172244K(465920K)] 693358K->563396K(1794560K), 0.0555241 secs] [Times: user=0.26 sys=0.00, real=0.06 secs] 
3283.991: [GC (Allocation Failure) [PSYoungGen: 405204K->185558K(465920K)] 796356K->630649K(1794560K), 0.0427773 secs] [Times: user=0.19 sys=0.00, real=0.05 secs] 
3284.146: [GC (Allocation Failure) [PSYoungGen: 418518K->185047K(465920K)] 863609K->694618K(1794560K), 0.0512674 secs] [Times: user=0.24 sys=0.00, real=0.05 secs] 
3284.807: [GC (Allocation Failure) [PSYoungGen: 418007K->210099K(465920K)] 927578K->778454K(1794560K), 0.0533589 secs] [Times: user=0.26 sys=0.00, real=0.05 secs] 
3285.455: [GC (Allocation Failure) [PSYoungGen: 443059K->105004K(465920K)] 1011414K->738007K(1794560K), 0.0474087 secs] [Times: user=0.24 sys=0.00, real=0.04 secs] 
3285.655: [GC (Allocation Failure) [PSYoungGen: 330795K->177269K(465920K)] 963799K->843977K(1794560K), 0.0504787 secs] [Times: user=0.22 sys=0.00, real=0.05 secs] 
3285.838: [GC (Allocation Failure) [PSYoungGen: 410229K->185494K(465920K)] 1076937K->907426K(1794560K), 0.0437115 secs] [Times: user=0.20 sys=0.00, real=0.04 secs] 
3286.090: [GC (Allocation Failure) [PSYoungGen: 418454K->187573K(465920K)] 1140386K->965593K(1794560K), 0.0499140 secs] [Times: user=0.23 sys=0.00, real=0.05 secs] 
3287.097: [GC (GCLocker Initiated GC) [PSYoungGen: 420533K->94139K(465920K)] 1198553K->942859K(1794560K), 0.0459963 secs] [Times: user=0.24 sys=0.00, real=0.04 secs] 
3287.265: [GC (GCLocker Initiated GC) [PSYoungGen: 327099K->173973K(465920K)] 1175823K->1054449K(1794560K), 0.0401894 secs] [Times: user=0.17 sys=0.00, real=0.04 secs] 
3287.454: [GC (Allocation Failure) [PSYoungGen: 406933K->193174K(465920K)] 1287576K->1128229K(1794560K), 0.0476919 secs] [Times: user=0.22 sys=0.00, real=0.04 secs] 
3287.651: [GC (Allocation Failure) [PSYoungGen: 426134K->185367K(465920K)] 1361189K->1185046K(1794560K), 0.0741211 secs] [Times: user=0.36 sys=0.00, real=0.08 secs] 
3288.621: [GC (Allocation Failure) [PSYoungGen: 418327K->172147K(465920K)] 1418006K->1230606K(1794560K), 0.0582127 secs] [Times: user=0.30 sys=0.00, real=0.06 secs] 
3290.369: [GC (Allocation Failure) [PSYoungGen: 405107K->105212K(465920K)] 1463566K->1229384K(1794560K), 0.0986978 secs] [Times: user=0.53 sys=0.00, real=0.10 secs] 
3290.664: [GC (Allocation Failure) [PSYoungGen: 333966K->177525K(465920K)] 1458137K->1336362K(1794560K), 0.0359291 secs] [Times: user=0.15 sys=0.00, real=0.03 secs] 
3290.820: [GC (GCLocker Initiated GC) [PSYoungGen: 410485K->185206K(465920K)] 1569322K->1399146K(1794560K), 0.0447651 secs] [Times: user=0.20 sys=0.00, real=0.05 secs] 
3291.015: [GC (Allocation Failure) [PSYoungGen: 418166K->187541K(465920K)] 1632401K->1457928K(1794560K), 0.0839450 secs] [Times: user=0.30 sys=0.12, real=0.08 secs] 
3291.099: [Full GC (Ergonomics) [PSYoungGen: 187541K->0K(465920K)] [ParOldGen: 1270387K->348386K(1398272K)] 1457928K->348386K(1864192K), [Metaspace: 60031K->60031K(1105920K)], 0.5361236 secs] [Times: user=2.51 sys=0.00, real=0.54 secs] 
3292.571: [GC (Allocation Failure) [PSYoungGen: 232960K->98732K(465920K)] 581346K->447118K(1864192K), 0.0396100 secs] [Times: user=0.18 sys=0.00, real=0.04 secs] 
3292.834: [GC (Allocation Failure) [PSYoungGen: 331692K->173652K(465920K)] 680078K->553923K(1864192K), 0.0681749 secs] [Times: user=0.33 sys=0.00, real=0.06 secs] 
3293.088: [GC (Allocation Failure) [PSYoungGen: 406612K->175092K(465920K)] 786883K->610435K(1864192K), 0.0525414 secs] [Times: user=0.23 sys=0.01, real=0.05 secs] 
3293.255: [GC (Allocation Failure) [PSYoungGen: 408052K->185879K(465920K)] 843395K->682286K(1864192K), 0.0483308 secs] [Times: user=0.22 sys=0.00, real=0.05 secs] 
3294.053: [GC (Allocation Failure) [PSYoungGen: 415747K->214516K(465920K)] 912154K->770023K(1864192K), 0.0552907 secs] [Times: user=0.27 sys=0.00, real=0.06 secs] 
3294.457: [GC (Allocation Failure) [PSYoungGen: 447476K->106268K(465920K)] 1002983K->729147K(1864192K), 0.0418872 secs] [Times: user=0.21 sys=0.00, real=0.04 secs] 
3294.640: [GC (Allocation Failure) [PSYoungGen: 332009K->176821K(465920K)] 954888K->833521K(1864192K), 0.0457974 secs] [Times: user=0.20 sys=0.00, real=0.05 secs] 
3294.811: [GC (Allocation Failure) [PSYoungGen: 409781K->185878K(465920K)] 1066481K->897846K(1864192K), 0.0427423 secs] [Times: user=0.19 sys=0.00, real=0.05 secs] 
3294.987: [GC (Allocation Failure) [PSYoungGen: 418838K->187189K(465920K)] 1130806K->955389K(1864192K), 0.0486085 secs] [Times: user=0.23 sys=0.00, real=0.05 secs] 
3296.197: [GC (Allocation Failure) [PSYoungGen: 420149K->95179K(465920K)] 1188349K->933947K(1864192K), 0.0578596 secs] [Times: user=0.30 sys=0.00, real=0.06 secs] 
3297.295: [GC (Allocation Failure) [PSYoungGen: 328139K->171316K(465920K)] 1166907K->1040745K(1864192K), 0.0560671 secs] [Times: user=0.26 sys=0.00, real=0.05 secs] 
3297.484: [GC (Allocation Failure) [PSYoungGen: 404276K->185654K(465920K)] 1273705K->1109039K(1864192K), 0.0427975 secs] [Times: user=0.19 sys=0.00, real=0.04 secs] 
3297.644: [GC (Allocation Failure) [PSYoungGen: 418614K->186039K(465920K)] 1341999K->1173840K(1864192K), 0.0500330 secs] [Times: user=0.23 sys=0.00, real=0.05 secs] 
3298.457: [GC (Allocation Failure) [PSYoungGen: 417630K->207891K(465920K)] 1405431K->1254604K(1864192K), 0.0551177 secs] [Times: user=0.27 sys=0.00, real=0.05 secs] 
3298.850: [GC (Allocation Failure) [PSYoungGen: 440851K->106540K(465920K)] 1487564K->1218685K(1864192K), 0.0440833 secs] [Times: user=0.22 sys=0.00, real=0.05 secs] 
3299.028: [GC (Allocation Failure) [PSYoungGen: 339500K->180629K(465920K)] 1451645K->1327111K(1864192K), 0.0364779 secs] [Times: user=0.16 sys=0.00, real=0.04 secs] 
3299.180: [GC (Allocation Failure) [PSYoungGen: 413589K->184279K(465920K)] 1560071K->1393913K(1864192K), 0.0504495 secs] [Times: user=0.24 sys=0.00, real=0.05 secs] 
3299.339: [GC (Allocation Failure) [PSYoungGen: 417239K->187221K(465920K)] 1626873K->1455335K(1864192K), 0.0598241 secs] [Times: user=0.29 sys=0.00, real=0.06 secs] 
3300.380: [GC (Allocation Failure) [PSYoungGen: 420181K->92299K(465920K)] 1688295K->1431077K(1864192K), 0.0513788 secs] [Times: user=0.26 sys=0.01, real=0.05 secs] 
3300.432: [Full GC (Ergonomics) [PSYoungGen: 92299K->0K(465920K)] [ParOldGen: 1338778K->87814K(1194496K)] 1431077K->87814K(1660416K), [Metaspace: 60034K->60034K(1105920K)], 0.0541920 secs] [Times: user=0.16 sys=0.01, real=0.06 secs] 
3300.702: [GC (Allocation Failure) [PSYoungGen: 232960K->176533K(465920K)] 320774K->264348K(1660416K), 0.0392717 secs] [Times: user=0.15 sys=0.00, real=0.04 secs] 
3300.953: [GC (Allocation Failure) [PSYoungGen: 409493K->185782K(465920K)] 497308K->328741K(1660416K), 0.0592513 secs] [Times: user=0.28 sys=0.00, real=0.05 secs] 
3301.133: [GC (Allocation Failure) [PSYoungGen: 411208K->178230K(465920K)] 554167K->385869K(1660416K), 0.0483827 secs] [Times: user=0.22 sys=0.00, real=0.04 secs] 
3302.054: [GC (Allocation Failure) [PSYoungGen: 411190K->169011K(465920K)] 618829K->433274K(1660416K), 0.0535221 secs] [Times: user=0.26 sys=0.00, real=0.05 secs] 
3303.474: [GC (Allocation Failure) [PSYoungGen: 401971K->103596K(465920K)] 666234K->432347K(1660416K), 0.0858119 secs] [Times: user=0.46 sys=0.00, real=0.08 secs] 
3303.735: [GC (Allocation Failure) [PSYoungGen: 333146K->178773K(465920K)] 661897K->541285K(1660416K), 0.0340334 secs] [Times: user=0.14 sys=0.00, real=0.03 secs] 
3303.884: [GC (Allocation Failure) [PSYoungGen: 411733K->185942K(465920K)] 774245K->604166K(1660416K), 0.0425743 secs] [Times: user=0.19 sys=0.00, real=0.04 secs] 
3304.039: [GC (Allocation Failure) [PSYoungGen: 418902K->187733K(465920K)] 837126K->662457K(1660416K), 0.0455584 secs] [Times: user=0.21 sys=0.00, real=0.05 secs] 
3305.051: [GC (Allocation Failure) [PSYoungGen: 420693K->97899K(465920K)] 895417K->643276K(1660416K), 0.0566777 secs] [Times: user=0.29 sys=0.01, real=0.06 secs] 
3305.281: [GC (Allocation Failure) [PSYoungGen: 330859K->176405K(465920K)] 876236K->754150K(1660416K), 0.0389561 secs] [Times: user=0.16 sys=0.00, real=0.04 secs] 
3305.432: [GC (Allocation Failure) [PSYoungGen: 409365K->184822K(465920K)] 987110K->817318K(1660416K), 0.0427236 secs] [Times: user=0.19 sys=0.00, real=0.05 secs] 
3305.740: [GC (Allocation Failure) [PSYoungGen: 416127K->180662K(465920K)] 1048623K->877319K(1660416K), 0.0551749 secs] [Times: user=0.26 sys=0.00, real=0.06 secs] 
3306.637: [GC (Allocation Failure) [PSYoungGen: 413622K->168403K(465920K)] 1110279K->922331K(1660416K), 0.0551297 secs] [Times: user=0.27 sys=0.00, real=0.05 secs] 
3307.001: [GC (GCLocker Initiated GC) [PSYoungGen: 401363K->105820K(465920K)] 1155292K->924229K(1660416K), 0.0609257 secs] [Times: user=0.32 sys=0.00, real=0.06 secs] 
3307.198: [GC (Allocation Failure) [PSYoungGen: 338780K->180661K(465920K)] 1157196K->1033137K(1660416K), 0.0364122 secs] [Times: user=0.16 sys=0.00, real=0.04 secs] 
3307.350: [GC (Allocation Failure) [PSYoungGen: 413621K->184375K(465920K)] 1266097K->1108071K(1660416K), 0.0493043 secs] [Times: user=0.23 sys=0.00, real=0.05 secs] 
3307.771: [GC (Allocation Failure) [PSYoungGen: 417335K->186965K(465920K)] 1341031K->1169157K(1660416K), 0.0777369 secs] [Times: user=0.39 sys=0.00, real=0.08 secs] 
3308.809: [GC (Allocation Failure) [PSYoungGen: 419925K->95227K(465920K)] 1402117K->1147867K(1660416K), 0.0470927 secs] [Times: user=0.24 sys=0.01, real=0.05 secs] 
3309.094: [GC (GCLocker Initiated GC) [PSYoungGen: 328187K->173877K(465920K)] 1380829K->1257523K(1660416K), 0.0399232 secs] [Times: user=0.18 sys=0.00, real=0.04 secs] 
3309.248: [GC (Allocation Failure) [PSYoungGen: 406837K->185590K(465920K)] 1490484K->1323986K(1660416K), 0.0440940 secs] [Times: user=0.20 sys=0.00, real=0.04 secs] 
3309.292: [Full GC (Ergonomics) [PSYoungGen: 185590K->0K(465920K)] [ParOldGen: 1138396K->264233K(1398272K)] 1323986K->264233K(1864192K), [Metaspace: 60035K->60035K(1105920K)], 0.3272330 secs] [Times: user=1.50 sys=0.00, real=0.33 secs] 
3309.732: [GC (Allocation Failure) [PSYoungGen: 228180K->179222K(465920K)] 492413K->443455K(1864192K), 0.0844441 secs] [Times: user=0.45 sys=0.00, real=0.09 secs] 
3310.684: [GC (Allocation Failure) [PSYoungGen: 412182K->170515K(465920K)] 676415K->491784K(1864192K), 0.0541245 secs] [Times: user=0.27 sys=0.00, real=0.05 secs] 
3312.163: [GC (Allocation Failure) [PSYoungGen: 403475K->106924K(465920K)] 724744K->493202K(1864192K), 0.0907911 secs] [Times: user=0.48 sys=0.01, real=0.09 secs] 
3312.448: [GC (Allocation Failure) [PSYoungGen: 336138K->176053K(465920K)] 722415K->596379K(1864192K), 0.0345522 secs] [Times: user=0.14 sys=0.00, real=0.03 secs] 
3312.618: [GC (Allocation Failure) [PSYoungGen: 409013K->185046K(465920K)] 829339K->659976K(1864192K), 0.0557152 secs] [Times: user=0.26 sys=0.00, real=0.06 secs] 
3312.823: [GC (Allocation Failure) [PSYoungGen: 418006K->187829K(465920K)] 892936K->718855K(1864192K), 0.0490343 secs] [Times: user=0.23 sys=0.00, real=0.04 secs] 
3313.819: [GC (Allocation Failure) [PSYoungGen: 420789K->97931K(465920K)] 951815K->699618K(1864192K), 0.0439483 secs] [Times: user=0.22 sys=0.00, real=0.05 secs] 
3313.999: [GC (Allocation Failure) [PSYoungGen: 330891K->176309K(465920K)] 932578K->810043K(1864192K), 0.0395273 secs] [Times: user=0.17 sys=0.00, real=0.04 secs] 
3314.183: [GC (Allocation Failure) [PSYoungGen: 409269K->185462K(465920K)] 1043003K->874268K(1864192K), 0.0480476 secs] [Times: user=0.22 sys=0.00, real=0.04 secs] 
3314.353: [GC (Allocation Failure) [PSYoungGen: 415267K->179542K(465920K)] 1104074K->932961K(1864192K), 0.0491158 secs] [Times: user=0.22 sys=0.00, real=0.04 secs] 
3315.825: [GC (Allocation Failure) [PSYoungGen: 412502K->169619K(465920K)] 1165921K->980165K(1864192K), 0.0542273 secs] [Times: user=0.27 sys=0.00, real=0.05 secs] 
3316.355: [GC (Allocation Failure) [PSYoungGen: 402579K->104332K(465920K)] 1213125K->979766K(1864192K), 0.0670522 secs] [Times: user=0.35 sys=0.00, real=0.06 secs] 
3316.596: [GC (Allocation Failure) [PSYoungGen: 334611K->179605K(465920K)] 1210046K->1089420K(1864192K), 0.0353987 secs] [Times: user=0.15 sys=0.00, real=0.03 secs] 
3316.768: [GC (Allocation Failure) [PSYoungGen: 412565K->184726K(465920K)] 1322380K->1150188K(1864192K), 0.0535854 secs] [Times: user=0.26 sys=0.00, real=0.05 secs] 
3316.947: [GC (Allocation Failure) [PSYoungGen: 417686K->187989K(465920K)] 1383148K->1209435K(1864192K), 0.0460029 secs] [Times: user=0.21 sys=0.00, real=0.05 secs] 
3318.333: [GC (Allocation Failure) [PSYoungGen: 420949K->98395K(465920K)] 1442395K->1190718K(1864192K), 0.0728408 secs] [Times: user=0.40 sys=0.00, real=0.07 secs] 
3319.687: [GC (Allocation Failure) [PSYoungGen: 331355K->167284K(465920K)] 1423678K->1291895K(1864192K), 0.0495388 secs] [Times: user=0.24 sys=0.00, real=0.05 secs] 
3319.871: [GC (Allocation Failure) [PSYoungGen: 400244K->185718K(465920K)] 1524855K->1362473K(1864192K), 0.0470094 secs] [Times: user=0.22 sys=0.00, real=0.05 secs] 
3320.051: [GC (Allocation Failure) [PSYoungGen: 418678K->186199K(465920K)] 1595433K->1427506K(1864192K), 0.0582635 secs] [Times: user=0.25 sys=0.02, real=0.06 secs] 
3320.972: [GC (Allocation Failure) [PSYoungGen: 419159K->171411K(465920K)] 1660466K->1471982K(1864192K), 0.0756927 secs] [Times: user=0.25 sys=0.16, real=0.08 secs] 
3321.405: [GC (Allocation Failure) [PSYoungGen: 404371K->106204K(465920K)] 1704942K->1472248K(1864192K), 0.0806170 secs] [Times: user=0.36 sys=0.08, real=0.08 secs] 
3321.486: [Full GC (Ergonomics) [PSYoungGen: 106204K->0K(465920K)] [ParOldGen: 1366043K->123649K(1287168K)] 1472248K->123649K(1753088K), [Metaspace: 60055K->60055K(1105920K)], 0.1182075 secs] [Times: user=0.49 sys=0.00, real=0.12 secs] 
3321.739: [GC (Allocation Failure) [PSYoungGen: 230108K->177717K(465920K)] 353757K->301366K(1753088K), 0.0249415 secs] [Times: user=0.08 sys=0.00, real=0.03 secs] 
3321.891: [GC (Allocation Failure) [PSYoungGen: 410677K->185014K(465920K)] 534326K->363975K(1753088K), 0.0414402 secs] [Times: user=0.17 sys=0.01, real=0.04 secs] 
3322.064: [GC (Allocation Failure) [PSYoungGen: 417974K->187701K(465920K)] 596935K->422774K(1753088K), 0.0498868 secs] [Times: user=0.23 sys=0.00, real=0.05 secs] 
3323.241: [GC (Allocation Failure) [PSYoungGen: 420661K->99148K(465920K)] 655734K->405049K(1753088K), 0.0438958 secs] [Times: user=0.22 sys=0.00, real=0.05 secs] 
3323.646: [GC (Allocation Failure) [PSYoungGen: 332108K->169876K(465920K)] 638009K->507938K(1753088K), 0.0679362 secs] [Times: user=0.33 sys=0.00, real=0.07 secs] 
3323.871: [GC (Allocation Failure) [PSYoungGen: 402836K->185078K(465920K)] 740898K->576700K(1753088K), 0.0420999 secs] [Times: user=0.19 sys=0.00, real=0.05 secs] 
3324.030: [GC (Allocation Failure) [PSYoungGen: 418038K->185559K(465920K)] 809660K->641577K(1753088K), 0.0497353 secs] [Times: user=0.22 sys=0.01, real=0.05 secs] 
3324.969: [GC (Allocation Failure) [PSYoungGen: 418519K->170931K(465920K)] 874537K->685949K(1753088K), 0.0574127 secs] [Times: user=0.29 sys=0.00, real=0.06 secs] 
3326.687: [GC (Allocation Failure) [PSYoungGen: 403891K->105260K(465920K)] 918909K->685542K(1753088K), 0.0764082 secs] [Times: user=0.40 sys=0.00, real=0.08 secs] 
3326.926: [GC (Allocation Failure) [PSYoungGen: 338220K->178037K(465920K)] 918502K->792328K(1753088K), 0.0353635 secs] [Times: user=0.14 sys=0.00, real=0.03 secs] 
3327.131: [GC (Allocation Failure) [PSYoungGen: 410997K->185110K(465920K)] 1025288K->854493K(1753088K), 0.0570647 secs] [Times: user=0.27 sys=0.00, real=0.06 secs] 
3327.315: [GC (Allocation Failure) [PSYoungGen: 418070K->187797K(465920K)] 1087453K->913188K(1753088K), 0.0457741 secs] [Times: user=0.22 sys=0.00, real=0.04 secs] 
3328.522: [GC (Allocation Failure) [PSYoungGen: 420757K->98747K(465920K)] 1146148K->895059K(1753088K), 0.0457705 secs] [Times: user=0.24 sys=0.00, real=0.05 secs] 
3328.736: [GC (Allocation Failure) [PSYoungGen: 331707K->173461K(465920K)] 1128019K->1002224K(1753088K), 0.0654719 secs] [Times: user=0.32 sys=0.00, real=0.06 secs] 
3328.999: [GC (Allocation Failure) [PSYoungGen: 406421K->184790K(465920K)] 1235184K->1067657K(1753088K), 0.0462446 secs] [Times: user=0.22 sys=0.00, real=0.05 secs] 
3329.166: [GC (Allocation Failure) [PSYoungGen: 417750K->184663K(465920K)] 1300617K->1131962K(1753088K), 0.0520587 secs] [Times: user=0.24 sys=0.00, real=0.05 secs] 
3330.038: [GC (Allocation Failure) [PSYoungGen: 412571K->205363K(465920K)] 1359871K->1211394K(1753088K), 0.0548302 secs] [Times: user=0.27 sys=0.01, real=0.06 secs] 
3330.528: [GC (Allocation Failure) [PSYoungGen: 438323K->102636K(465920K)] 1444354K->1173159K(1753088K), 0.0430329 secs] [Times: user=0.22 sys=0.00, real=0.04 secs] 
3330.687: [GC (Allocation Failure) [PSYoungGen: 331956K->180694K(465920K)] 1402480K->1284186K(1753088K), 0.0365849 secs] [Times: user=0.16 sys=0.00, real=0.04 secs] 
3330.835: [GC (Allocation Failure) [PSYoungGen: 413654K->185750K(465920K)] 1517146K->1345482K(1753088K), 0.0451352 secs] [Times: user=0.20 sys=0.00, real=0.04 secs] 
3331.011: [GC (Allocation Failure) [PSYoungGen: 418710K->200853K(465920K)] 1578442K->1416841K(1753088K), 0.0517618 secs] [Times: user=0.24 sys=0.00, real=0.06 secs] 
3331.063: [Full GC (Ergonomics) [PSYoungGen: 200853K->0K(465920K)] [ParOldGen: 1215988K->344905K(1398272K)] 1416841K->344905K(1864192K), [Metaspace: 60082K->60082K(1105920K)], 0.5248544 secs] [Times: user=2.45 sys=0.00, real=0.52 secs] 
3332.600: [GC (Allocation Failure) [PSYoungGen: 232960K->100252K(465920K)] 577865K->445157K(1864192K), 0.0600738 secs] [Times: user=0.32 sys=0.01, real=0.06 secs] 
3334.090: [GC (Allocation Failure) [PSYoungGen: 333212K->169044K(465920K)] 678117K->545959K(1864192K), 0.0569256 secs] [Times: user=0.26 sys=0.00, real=0.06 secs] 
3334.327: [GC (Allocation Failure) [PSYoungGen: 402004K->185558K(465920K)] 778919K->615472K(1864192K), 0.0526011 secs] [Times: user=0.25 sys=0.01, real=0.05 secs] 
3334.502: [GC (Allocation Failure) [PSYoungGen: 418518K->186135K(465920K)] 848432K->680426K(1864192K), 0.0497895 secs] [Times: user=0.23 sys=0.00, real=0.05 secs] 
3335.360: [GC (Allocation Failure) [PSYoungGen: 418379K->208979K(465920K)] 912669K->762366K(1864192K), 0.0572443 secs] [Times: user=0.28 sys=0.00, real=0.06 secs] 
3335.734: [GC (Allocation Failure) [PSYoungGen: 441939K->106444K(465920K)] 995326K->725519K(1864192K), 0.0533004 secs] [Times: user=0.28 sys=0.00, real=0.05 secs] 
3335.953: [GC (Allocation Failure) [PSYoungGen: 335061K->176469K(465920K)] 954136K->829353K(1864192K), 0.0490249 secs] [Times: user=0.22 sys=0.01, real=0.05 secs] 
3336.168: [GC (Allocation Failure) [PSYoungGen: 409429K->185398K(465920K)] 1062313K->893237K(1864192K), 0.0597677 secs] [Times: user=0.29 sys=0.00, real=0.06 secs] 
3337.006: [GC (Allocation Failure) [PSYoungGen: 418358K->186869K(465920K)] 1126197K->950829K(1864192K), 0.0598070 secs] [Times: user=0.29 sys=0.00, real=0.06 secs] 
3338.403: [GC (Allocation Failure) [PSYoungGen: 419829K->92907K(465920K)] 1183789K->927267K(1864192K), 0.0436396 secs] [Times: user=0.23 sys=0.00, real=0.05 secs] 
3338.794: [GC (Allocation Failure) [PSYoungGen: 325867K->171252K(465920K)] 1160227K->1035313K(1864192K), 0.0639817 secs] [Times: user=0.30 sys=0.00, real=0.06 secs] 
3339.005: [GC (Allocation Failure) [PSYoungGen: 404212K->185750K(465920K)] 1268273K->1104058K(1864192K), 0.0453020 secs] [Times: user=0.21 sys=0.00, real=0.04 secs] 
3339.193: [GC (Allocation Failure) [PSYoungGen: 418710K->185751K(465920K)] 1337018K->1168716K(1864192K), 0.0693571 secs] [Times: user=0.35 sys=0.01, real=0.07 secs] 
3339.936: [GC (Allocation Failure) [PSYoungGen: 418711K->200179K(465920K)] 1401676K->1241992K(1864192K), 0.0575261 secs] [Times: user=0.29 sys=0.01, real=0.06 secs] 
3341.387: [GC (Allocation Failure) [PSYoungGen: 433139K->98555K(465920K)] 1474952K->1207212K(1864192K), 0.1007066 secs] [Times: user=0.55 sys=0.00, real=0.10 secs] 
3341.670: [GC (Allocation Failure) [PSYoungGen: 331515K->180182K(465920K)] 1440172K->1320571K(1864192K), 0.0355814 secs] [Times: user=0.14 sys=0.00, real=0.04 secs] 
3341.817: [GC (Allocation Failure) [PSYoungGen: 413142K->185686K(465920K)] 1553531K->1381892K(1864192K), 0.0463240 secs] [Times: user=0.21 sys=0.00, real=0.05 secs] 
3341.971: [GC (Allocation Failure) [PSYoungGen: 418646K->187797K(465920K)] 1614852K->1440155K(1864192K), 0.0486553 secs] [Times: user=0.23 sys=0.00, real=0.05 secs] 
3343.187: [GC (Allocation Failure) [PSYoungGen: 420757K->101740K(465920K)] 1673115K->1424666K(1864192K), 0.0615910 secs] [Times: user=0.30 sys=0.02, real=0.06 secs] 
3343.249: [Full GC (Ergonomics) [PSYoungGen: 101740K->0K(465920K)] [ParOldGen: 1322925K->93972K(1317888K)] 1424666K->93972K(1783808K), [Metaspace: 60085K->60085K(1105920K)], 0.0415055 secs] [Times: user=0.13 sys=0.00, real=0.04 secs] 
3343.442: [GC (Allocation Failure) [PSYoungGen: 232960K->170004K(465920K)] 326932K->263976K(1783808K), 0.0236627 secs] [Times: user=0.08 sys=0.00, real=0.03 secs] 
3343.580: [GC (Allocation Failure) [PSYoungGen: 402964K->184566K(465920K)] 496936K->331314K(1783808K), 0.0422603 secs] [Times: user=0.18 sys=0.01, real=0.04 secs] 
3343.765: [GC (Allocation Failure) [PSYoungGen: 417526K->186007K(465920K)] 564274K->397219K(1783808K), 0.0612196 secs] [Times: user=0.30 sys=0.00, real=0.06 secs] 
3345.077: [GC (Allocation Failure) [PSYoungGen: 418967K->170611K(465920K)] 630179K->440727K(1783808K), 0.0538666 secs] [Times: user=0.26 sys=0.00, real=0.05 secs] 
3345.774: [GC (Allocation Failure) [PSYoungGen: 403571K->106572K(465920K)] 673687K->442024K(1783808K), 0.0955063 secs] [Times: user=0.50 sys=0.00, real=0.09 secs] 
3346.048: [GC (Allocation Failure) [PSYoungGen: 335010K->176117K(465920K)] 670463K->546434K(1783808K), 0.0346647 secs] [Times: user=0.14 sys=0.00, real=0.03 secs] 
3346.223: [GC (Allocation Failure) [PSYoungGen: 409077K->185654K(465920K)] 779394K->610843K(1783808K), 0.0575143 secs] [Times: user=0.27 sys=0.01, real=0.05 secs] 
3346.425: [GC (Allocation Failure) [PSYoungGen: 418614K->187733K(465920K)] 843803K->669122K(1783808K), 0.0456150 secs] [Times: user=0.21 sys=0.00, real=0.04 secs] 
3347.654: [GC (Allocation Failure) [PSYoungGen: 420693K->99083K(465920K)] 902082K->651121K(1783808K), 0.0651952 secs] [Times: user=0.34 sys=0.00, real=0.06 secs] 
3348.681: [GC (Allocation Failure) [PSYoungGen: 332043K->171348K(465920K)] 884081K->754934K(1783808K), 0.0583422 secs] [Times: user=0.27 sys=0.00, real=0.06 secs] 
3348.876: [GC (Allocation Failure) [PSYoungGen: 404308K->185238K(465920K)] 987894K->822368K(1783808K), 0.0426438 secs] [Times: user=0.18 sys=0.00, real=0.04 secs] 
3349.031: [GC (Allocation Failure) [PSYoungGen: 417702K->184471K(465920K)] 1054832K->885873K(1783808K), 0.0495700 secs] [Times: user=0.23 sys=0.00, real=0.05 secs] 
3349.833: [GC (Allocation Failure) [PSYoungGen: 413556K->206579K(465920K)] 1114958K->966805K(1783808K), 0.0542653 secs] [Times: user=0.27 sys=0.00, real=0.05 secs] 
3350.206: [GC (Allocation Failure) [PSYoungGen: 439539K->106268K(465920K)] 1199765K->931430K(1783808K), 0.0641882 secs] [Times: user=0.34 sys=0.01, real=0.06 secs] 
3350.473: [GC (Allocation Failure) [PSYoungGen: 339228K->177141K(465920K)] 1164390K->1036132K(1783808K), 0.0464856 secs] [Times: user=0.20 sys=0.01, real=0.04 secs] 
3350.640: [GC (Allocation Failure) [PSYoungGen: 410101K->185078K(465920K)] 1269092K->1099233K(1783808K), 0.0440065 secs] [Times: user=0.20 sys=0.00, real=0.05 secs] 
3350.821: [GC (Allocation Failure) [PSYoungGen: 418038K->187573K(465920K)] 1332193K->1157888K(1783808K), 0.0509084 secs] [Times: user=0.24 sys=0.00, real=0.05 secs] 
3351.888: [GC (Allocation Failure) [PSYoungGen: 420533K->98059K(465920K)] 1390848K->1139095K(1783808K), 0.0475397 secs] [Times: user=0.25 sys=0.00, real=0.05 secs] 
3352.267: [GC (Allocation Failure) [PSYoungGen: 331019K->175573K(465920K)] 1372055K->1247989K(1783808K), 0.0570441 secs] [Times: user=0.27 sys=0.00, real=0.06 secs] 
3352.456: [GC (Allocation Failure) [PSYoungGen: 408533K->182805K(465920K)] 1480949K->1310469K(1783808K), 0.0428461 secs] [Times: user=0.19 sys=0.00, real=0.04 secs] 
3352.615: [GC (Allocation Failure) [PSYoungGen: 415765K->184375K(465920K)] 1543429K->1375855K(1783808K), 0.0495480 secs] [Times: user=0.23 sys=0.00, real=0.05 secs] 
3353.538: [GC (Allocation Failure) [PSYoungGen: 417335K->169523K(465920K)] 1608815K->1419611K(1783808K), 0.0572731 secs] [Times: user=0.29 sys=0.00, real=0.06 secs] 
3353.595: [Full GC (Ergonomics) [PSYoungGen: 169523K->0K(465920K)] [ParOldGen: 1250088K->359267K(1398272K)] 1419611K->359267K(1864192K), [Metaspace: 60088K->60088K(1105920K)], 0.5859932 secs] [Times: user=2.54 sys=0.00, real=0.58 secs] 
3355.510: [GC (Allocation Failure) [PSYoungGen: 232960K->104652K(465920K)] 592227K->463919K(1864192K), 0.0364835 secs] [Times: user=0.14 sys=0.00, real=0.04 secs] 
3355.765: [GC (Allocation Failure) [PSYoungGen: 337286K->177653K(465920K)] 696553K->570341K(1864192K), 0.0348723 secs] [Times: user=0.15 sys=0.01, real=0.03 secs] 
3355.913: [GC (Allocation Failure) [PSYoungGen: 410613K->185814K(465920K)] 803301K->633678K(1864192K), 0.0425914 secs] [Times: user=0.19 sys=0.00, real=0.04 secs] 
3356.100: [GC (Allocation Failure) [PSYoungGen: 418774K->187669K(465920K)] 866638K->691845K(1864192K), 0.0571830 secs] [Times: user=0.28 sys=0.00, real=0.06 secs] 
3357.095: [GC (Allocation Failure) [PSYoungGen: 420629K->97899K(465920K)] 924805K->672636K(1864192K), 0.0442889 secs] [Times: user=0.23 sys=0.01, real=0.04 secs] 
3357.335: [GC (Allocation Failure) [PSYoungGen: 330859K->176085K(465920K)] 905596K->782406K(1864192K), 0.0655881 secs] [Times: user=0.31 sys=0.00, real=0.06 secs] 
3357.560: [GC (Allocation Failure) [PSYoungGen: 409045K->182261K(465920K)] 1015366K->843786K(1864192K), 0.0435232 secs] [Times: user=0.19 sys=0.01, real=0.05 secs] 
3357.747: [GC (Allocation Failure) [PSYoungGen: 415221K->183574K(465920K)] 1076746K->908476K(1864192K), 0.0739813 secs] [Times: user=0.37 sys=0.00, real=0.07 secs] 
3358.673: [GC (Allocation Failure) [PSYoungGen: 416534K->169843K(465920K)] 1141436K->953144K(1864192K), 0.0555783 secs] [Times: user=0.27 sys=0.01, real=0.06 secs] 
3359.056: [GC (Allocation Failure) [PSYoungGen: 402803K->110957K(465920K)] 1186104K->959194K(1864192K), 0.0657015 secs] [Times: user=0.35 sys=0.00, real=0.06 secs] 
3359.277: [GC (Allocation Failure) [PSYoungGen: 336847K->172981K(465920K)] 1185084K->1056863K(1864192K), 0.0357034 secs] [Times: user=0.15 sys=0.00, real=0.04 secs] 
3359.428: [GC (Allocation Failure) [PSYoungGen: 405941K->185686K(465920K)] 1289823K->1123704K(1864192K), 0.0459880 secs] [Times: user=0.21 sys=0.00, real=0.05 secs] 
3359.584: [GC (Allocation Failure) [PSYoungGen: 418646K->184532K(465920K)] 1356664K->1178735K(1864192K), 0.0488336 secs] [Times: user=0.23 sys=0.00, real=0.04 secs] 
3361.036: [GC (Allocation Failure) [PSYoungGen: 417492K->101484K(465920K)] 1411695K->1165326K(1864192K), 0.1062106 secs] [Times: user=0.58 sys=0.01, real=0.10 secs] 
3361.752: [GC (Allocation Failure) [PSYoungGen: 334444K->175157K(465920K)] 1398286K->1271636K(1864192K), 0.0526203 secs] [Times: user=0.25 sys=0.00, real=0.06 secs] 
3361.923: [GC (Allocation Failure) [PSYoungGen: 408117K->185430K(465920K)] 1504596K->1336649K(1864192K), 0.0438219 secs] [Times: user=0.20 sys=0.00, real=0.04 secs] 
3362.078: [GC (Allocation Failure) [PSYoungGen: 415150K->180854K(465920K)] 1566369K->1396345K(1864192K), 0.0503215 secs] [Times: user=0.23 sys=0.00, real=0.05 secs] 
3362.765: [GC (Allocation Failure) [PSYoungGen: 413814K->206323K(465920K)] 1629305K->1479334K(1864192K), 0.0527788 secs] [Times: user=0.26 sys=0.00, real=0.05 secs] 
3363.312: [GC (Allocation Failure) [PSYoungGen: 439283K->106380K(465920K)] 1712294K->1444175K(1864192K), 0.0465558 secs] [Times: user=0.22 sys=0.01, real=0.05 secs] 
3363.359: [Full GC (Ergonomics) [PSYoungGen: 106380K->0K(465920K)] [ParOldGen: 1337795K->123192K(1371136K)] 1444175K->123192K(1837056K), [Metaspace: 60092K->60092K(1105920K)], 0.1133413 secs] [Times: user=0.47 sys=0.00, real=0.11 secs] 
3363.633: [GC (Allocation Failure) [PSYoungGen: 227633K->176629K(465920K)] 350825K->299821K(1837056K), 0.0273706 secs] [Times: user=0.10 sys=0.00, real=0.03 secs] 
3363.773: [GC (Allocation Failure) [PSYoungGen: 409589K->185590K(465920K)] 532781K->364046K(1837056K), 0.0414397 secs] [Times: user=0.19 sys=0.00, real=0.05 secs] 
3363.946: [GC (Allocation Failure) [PSYoungGen: 418550K->187317K(465920K)] 597006K->421957K(1837056K), 0.0445193 secs] [Times: user=0.20 sys=0.00, real=0.04 secs] 
3364.916: [GC (GCLocker Initiated GC) [PSYoungGen: 420277K->98732K(465920K)] 654921K->403944K(1837056K), 0.0436497 secs] [Times: user=0.22 sys=0.00, real=0.04 secs] 
3365.222: [GC (Allocation Failure) [PSYoungGen: 331692K->172820K(465920K)] 637071K->510452K(1837056K), 0.0379345 secs] [Times: user=0.16 sys=0.00, real=0.04 secs] 
3365.404: [GC (GCLocker Initiated GC) [PSYoungGen: 405780K->182933K(465920K)] 743414K->574111K(1837056K), 0.0617892 secs] [Times: user=0.28 sys=0.01, real=0.06 secs] 
3365.607: [GC (GCLocker Initiated GC) [PSYoungGen: 415893K->184022K(465920K)] 807073K->638963K(1837056K), 0.0492179 secs] [Times: user=0.23 sys=0.00, real=0.05 secs] 
3366.495: [GC (Allocation Failure) [PSYoungGen: 416982K->170739K(465920K)] 871924K->684208K(1837056K), 0.0576875 secs] [Times: user=0.29 sys=0.00, real=0.06 secs] 
3368.139: [GC (Allocation Failure) [PSYoungGen: 403699K->106060K(465920K)] 917168K->684698K(1837056K), 0.0924149 secs] [Times: user=0.50 sys=0.00, real=0.09 secs] 
3368.447: [GC (Allocation Failure) [PSYoungGen: 332908K->177141K(465920K)] 911545K->790208K(1837056K), 0.0395143 secs] [Times: user=0.17 sys=0.00, real=0.04 secs] 
3368.599: [GC (Allocation Failure) [PSYoungGen: 410101K->185718K(465920K)] 1023168K->853872K(1837056K), 0.0430707 secs] [Times: user=0.19 sys=0.00, real=0.04 secs] 
3368.785: [GC (Allocation Failure) [PSYoungGen: 418678K->187733K(465920K)] 1086832K->912055K(1837056K), 0.0680980 secs] [Times: user=0.33 sys=0.00, real=0.07 secs] 
3369.799: [GC (Allocation Failure) [PSYoungGen: 420693K->101132K(465920K)] 1145015K->896250K(1837056K), 0.0444361 secs] [Times: user=0.23 sys=0.00, real=0.05 secs] 
3370.131: [GC (Allocation Failure) [PSYoungGen: 334092K->171220K(465920K)] 1129210K->999747K(1837056K), 0.0597567 secs] [Times: user=0.28 sys=0.01, real=0.06 secs] 
3370.328: [GC (Allocation Failure) [PSYoungGen: 404180K->179541K(465920K)] 1232707K->1061292K(1837056K), 0.0425773 secs] [Times: user=0.19 sys=0.01, real=0.04 secs] 
3370.509: [GC (Allocation Failure) [PSYoungGen: 412501K->183606K(465920K)] 1294252K->1127957K(1837056K), 0.0554859 secs] [Times: user=0.26 sys=0.00, real=0.06 secs] 
3371.598: [GC (Allocation Failure) [PSYoungGen: 416566K->173395K(465920K)] 1360917K->1176106K(1837056K), 0.0560817 secs] [Times: user=0.27 sys=0.00, real=0.06 secs] 
3371.947: [GC (Allocation Failure) [PSYoungGen: 406355K->113213K(465920K)] 1409066K->1182044K(1837056K), 0.0415879 secs] [Times: user=0.21 sys=0.00, real=0.04 secs] 
3372.177: [GC (Allocation Failure) [PSYoungGen: 346173K->174516K(465920K)] 1415004K->1279688K(1837056K), 0.0472415 secs] [Times: user=0.21 sys=0.00, real=0.05 secs] 
3372.352: [GC (Allocation Failure) [PSYoungGen: 407476K->184599K(465920K)] 1512648K->1351322K(1837056K), 0.0500200 secs] [Times: user=0.24 sys=0.00, real=0.05 secs] 
3372.538: [GC (Allocation Failure) [PSYoungGen: 417559K->183860K(465920K)] 1584282K->1409256K(1837056K), 0.0567087 secs] [Times: user=0.28 sys=0.01, real=0.06 secs] 
3373.625: [GC (Allocation Failure) [PSYoungGen: 416820K->103004K(465920K)] 1642216K->1397908K(1837056K), 0.0478011 secs] [Times: user=0.25 sys=0.00, real=0.04 secs] 
3373.672: [Full GC (Ergonomics) [PSYoungGen: 103004K->0K(465920K)] [ParOldGen: 1294903K->97000K(1359360K)] 1397908K->97000K(1825280K), [Metaspace: 60097K->60097K(1105920K)], 0.0515225 secs] [Times: user=0.19 sys=0.00, real=0.06 secs] 
3374.136: [GC (Allocation Failure) [PSYoungGen: 232960K->173364K(465920K)] 329960K->270365K(1825280K), 0.0355514 secs] [Times: user=0.13 sys=0.00, real=0.03 secs] 
3374.320: [GC (Allocation Failure) [PSYoungGen: 406324K->185302K(465920K)] 503325K->337246K(1825280K), 0.0417755 secs] [Times: user=0.18 sys=0.00, real=0.04 secs] 
3374.488: [GC (Allocation Failure) [PSYoungGen: 412793K->176886K(465920K)] 564737K->393078K(1825280K), 0.0525927 secs] [Times: user=0.25 sys=0.00, real=0.05 secs] 
3375.398: [GC (Allocation Failure) [PSYoungGen: 409846K->168915K(458752K)] 626038K->441151K(1818112K), 0.0549739 secs] [Times: user=0.28 sys=0.00, real=0.06 secs] 
3376.165: [GC (Allocation Failure) [PSYoungGen: 401875K->110573K(462336K)] 674111K->447337K(1821696K), 0.0902792 secs] [Times: user=0.48 sys=0.01, real=0.09 secs] 
3376.429: [GC (Allocation Failure) [PSYoungGen: 336469K->172148K(466944K)] 673233K->544522K(1826304K), 0.0351516 secs] [Times: user=0.14 sys=0.01, real=0.04 secs] 
3376.591: [GC (Allocation Failure) [PSYoungGen: 408692K->186998K(466432K)] 781066K->612723K(1825792K), 0.0531160 secs] [Times: user=0.25 sys=0.00, real=0.06 secs] 
3376.779: [GC (Allocation Failure) [PSYoungGen: 423542K->186837K(465408K)] 849267K->669434K(1824768K), 0.0663448 secs] [Times: user=0.32 sys=0.00, real=0.07 secs] 
3377.853: [GC (Allocation Failure) [PSYoungGen: 419797K->105244K(465920K)] 902394K->658210K(1825280K), 0.0456294 secs] [Times: user=0.23 sys=0.01, real=0.04 secs] 
3378.086: [GC (Allocation Failure) [PSYoungGen: 338204K->176565K(465920K)] 891170K->763527K(1825280K), 0.0622323 secs] [Times: user=0.29 sys=0.00, real=0.06 secs] 
3378.328: [GC (Allocation Failure) [PSYoungGen: 409525K->185366K(465920K)] 996487K->827632K(1825280K), 0.0538645 secs] [Times: user=0.26 sys=0.00, real=0.05 secs] 
3378.491: [GC (Allocation Failure) [PSYoungGen: 406272K->173525K(465920K)] 1048538K->880311K(1825280K), 0.0484179 secs] [Times: user=0.22 sys=0.00, real=0.05 secs] 
3378.977: [GC (Allocation Failure) [PSYoungGen: 406485K->210259K(465920K)] 1113271K->972229K(1825280K), 0.0496545 secs] [Times: user=0.23 sys=0.01, real=0.05 secs] 
3379.904: [GC (Allocation Failure) [PSYoungGen: 443219K->102572K(465920K)] 1205189K->929122K(1825280K), 0.0902234 secs] [Times: user=0.49 sys=0.00, real=0.09 secs] 
3380.171: [GC (Allocation Failure) [PSYoungGen: 329800K->179157K(465920K)] 1156350K->1039205K(1825280K), 0.0351585 secs] [Times: user=0.15 sys=0.00, real=0.04 secs] 
3380.317: [GC (Allocation Failure) [PSYoungGen: 412117K->185814K(465920K)] 1272165K->1101429K(1825280K), 0.0439474 secs] [Times: user=0.20 sys=0.00, real=0.04 secs] 
3380.469: [GC (Allocation Failure) [PSYoungGen: 418774K->184693K(465920K)] 1334389K->1156724K(1825280K), 0.0463672 secs] [Times: user=0.21 sys=0.00, real=0.05 secs] 
3381.750: [GC (Allocation Failure) [PSYoungGen: 417653K->100236K(465920K)] 1389684K->1142007K(1825280K), 0.0937688 secs] [Times: user=0.51 sys=0.00, real=0.10 secs] 
3383.363: [GC (Allocation Failure) [PSYoungGen: 333196K->165748K(465920K)] 1374967K->1239412K(1825280K), 0.0630444 secs] [Times: user=0.30 sys=0.00, real=0.06 secs] 
3383.626: [GC (Allocation Failure) [PSYoungGen: 398708K->184950K(465920K)] 1472372K->1310418K(1825280K), 0.0573010 secs] [Times: user=0.27 sys=0.00, real=0.06 secs] 
3383.804: [GC (Allocation Failure) [PSYoungGen: 417910K->186007K(465920K)] 1543378K->1375835K(1825280K), 0.0508974 secs] [Times: user=0.24 sys=0.00, real=0.05 secs] 
3384.616: [GC (Allocation Failure) [PSYoungGen: 418967K->213140K(465920K)] 1608795K->1461968K(1825280K), 0.0591398 secs] [Times: user=0.30 sys=0.00, real=0.06 secs] 
3385.030: [GC (Allocation Failure) [PSYoungGen: 446100K->102556K(465920K)] 1694928K->1418560K(1825280K), 0.0561575 secs] [Times: user=0.30 sys=0.00, real=0.06 secs] 
3385.086: [Full GC (Ergonomics) [PSYoungGen: 102556K->0K(465920K)] [ParOldGen: 1316004K->119828K(1390592K)] 1418560K->119828K(1856512K), [Metaspace: 60098K->60098K(1105920K)], 0.1227293 secs] [Times: user=0.54 sys=0.00, real=0.12 secs] 
3385.375: [GC (Allocation Failure) [PSYoungGen: 232960K->180245K(465920K)] 352788K->300074K(1856512K), 0.0274615 secs] [Times: user=0.10 sys=0.00, real=0.02 secs] 
3385.563: [GC (Allocation Failure) [PSYoungGen: 413205K->185206K(465920K)] 533034K->361082K(1856512K), 0.0551647 secs] [Times: user=0.26 sys=0.00, real=0.05 secs] 
3385.846: [GC (GCLocker Initiated GC) [PSYoungGen: 418166K->187445K(465920K)] 594043K->419515K(1856512K), 0.0489337 secs] [Times: user=0.23 sys=0.00, real=0.05 secs] 
3387.237: [GC (GCLocker Initiated GC) [PSYoungGen: 420405K->94779K(465920K)] 652477K->397631K(1856512K), 0.0513363 secs] [Times: user=0.27 sys=0.00, real=0.05 secs] 
3388.008: [GC (Allocation Failure) [PSYoungGen: 327739K->170612K(465920K)] 630630K->503820K(1856512K), 0.0545803 secs] [Times: user=0.26 sys=0.00, real=0.05 secs] 
3388.199: [GC (Allocation Failure) [PSYoungGen: 403572K->185686K(465920K)] 736780K->572977K(1856512K), 0.0426624 secs] [Times: user=0.19 sys=0.00, real=0.04 secs] 
3388.392: [GC (Allocation Failure) [PSYoungGen: 418646K->186103K(465920K)] 805937K->637755K(1856512K), 0.0682719 secs] [Times: user=0.34 sys=0.00, real=0.07 secs] 
3389.144: [GC (Allocation Failure) [PSYoungGen: 419063K->214835K(465920K)] 870715K->725659K(1856512K), 0.0568034 secs] [Times: user=0.27 sys=0.01, real=0.05 secs] 
3389.621: [GC (Allocation Failure) [PSYoungGen: 447795K->104780K(465920K)] 958619K->681748K(1856512K), 0.0469597 secs] [Times: user=0.24 sys=0.00, real=0.05 secs] 
3389.780: [GC (Allocation Failure) [PSYoungGen: 331335K->176981K(465920K)] 908303K->787493K(1856512K), 0.0347180 secs] [Times: user=0.15 sys=0.00, real=0.04 secs] 
3390.184: [GC (Allocation Failure) [PSYoungGen: 409941K->182101K(465920K)] 1020453K->847661K(1856512K), 0.0595522 secs] [Times: user=0.28 sys=0.00, real=0.06 secs] 
3390.418: [GC (Allocation Failure) [PSYoungGen: 415061K->183060K(465920K)] 1080621K->903484K(1856512K), 0.0449573 secs] [Times: user=0.20 sys=0.00, real=0.04 secs] 
3391.579: [GC (Allocation Failure) [PSYoungGen: 416020K->106604K(465920K)] 1136444K->895941K(1856512K), 0.0451262 secs] [Times: user=0.23 sys=0.00, real=0.05 secs] 
3391.800: [GC (Allocation Failure) [PSYoungGen: 339564K->175157K(465920K)] 1128901K->998986K(1856512K), 0.0690649 secs] [Times: user=0.33 sys=0.00, real=0.07 secs] 
3392.017: [GC (Allocation Failure) [PSYoungGen: 408117K->182197K(465920K)] 1231946K->1060830K(1856512K), 0.0457980 secs] [Times: user=0.20 sys=0.01, real=0.05 secs] 
3392.178: [GC (Allocation Failure) [PSYoungGen: 415157K->182134K(465920K)] 1293790K->1123983K(1856512K), 0.0520578 secs] [Times: user=0.24 sys=0.00, real=0.05 secs] 
3393.502: [GC (Allocation Failure) [PSYoungGen: 411778K->193427K(465920K)] 1353627K->1193140K(1856512K), 0.0567149 secs] [Times: user=0.28 sys=0.00, real=0.06 secs] 
3394.443: [GC (Allocation Failure) [PSYoungGen: 426387K->98987K(465920K)] 1426100K->1164657K(1856512K), 0.1030686 secs] [Times: user=0.57 sys=0.00, real=0.10 secs] 
3394.731: [GC (Allocation Failure) [PSYoungGen: 331947K->179029K(465920K)] 1397617K->1276739K(1856512K), 0.0356075 secs] [Times: user=0.15 sys=0.00, real=0.04 secs] 
3394.881: [GC (Allocation Failure) [PSYoungGen: 411989K->185782K(465920K)] 1509699K->1339572K(1856512K), 0.0442878 secs] [Times: user=0.20 sys=0.00, real=0.05 secs] 
3395.038: [GC (Allocation Failure) [PSYoungGen: 418742K->187669K(465920K)] 1572532K->1397715K(1856512K), 0.0464676 secs] [Times: user=0.22 sys=0.00, real=0.05 secs] 
3396.196: [GC (Allocation Failure) [PSYoungGen: 420629K->102588K(465920K)] 1630675K->1383222K(1856512K), 0.0600523 secs] [Times: user=0.32 sys=0.00, real=0.06 secs] 
3397.007: [GC (GCLocker Initiated GC) [PSYoungGen: 335548K->168980K(465920K)] 1616182K->1482695K(1856512K), 0.0539448 secs] [Times: user=0.25 sys=0.00, real=0.05 secs] 
3397.061: [Full GC (Ergonomics) [PSYoungGen: 168980K->0K(465920K)] [ParOldGen: 1313714K->193142K(1398272K)] 1482695K->193142K(1864192K), [Metaspace: 60099K->60099K(1105920K)], 0.2018674 secs] [Times: user=0.89 sys=0.00, real=0.21 secs] 
3397.423: [GC (Allocation Failure) [PSYoungGen: 232960K->185590K(465920K)] 426397K->379027K(1864192K), 0.0327798 secs] [Times: user=0.13 sys=0.00, real=0.04 secs] 
3397.595: [GC (Allocation Failure) [PSYoungGen: 418550K->186071K(465920K)] 611987K->443972K(1864192K), 0.0491357 secs] [Times: user=0.23 sys=0.00, real=0.05 secs] 
3398.469: [GC (Allocation Failure) [PSYoungGen: 419031K->170483K(465920K)] 676932K->487360K(1864192K), 0.0546310 secs] [Times: user=0.28 sys=0.00, real=0.06 secs] 
3398.883: [GC (Allocation Failure) [PSYoungGen: 403443K->105692K(465920K)] 720320K->487881K(1864192K), 0.0626305 secs] [Times: user=0.33 sys=0.00, real=0.06 secs] 
3399.131: [GC (Allocation Failure) [PSYoungGen: 332327K->177077K(465920K)] 714516K->593191K(1864192K), 0.0444311 secs] [Times: user=0.19 sys=0.00, real=0.05 secs] 
3399.297: [GC (Allocation Failure) [PSYoungGen: 410037K->185782K(465920K)] 826151K->657143K(1864192K), 0.0428335 secs] [Times: user=0.19 sys=0.00, real=0.04 secs] 
3399.477: [GC (Allocation Failure) [PSYoungGen: 418742K->187765K(465920K)] 890103K->715334K(1864192K), 0.0454042 secs] [Times: user=0.21 sys=0.00, real=0.04 secs] 
3400.730: [GC (Allocation Failure) [PSYoungGen: 420725K->98459K(465920K)] 948294K->696789K(1864192K), 0.0438385 secs] [Times: user=0.22 sys=0.00, real=0.05 secs] 
3401.547: [GC (Allocation Failure) [PSYoungGen: 331419K->168404K(465920K)] 929749K->798178K(1864192K), 0.0558414 secs] [Times: user=0.26 sys=0.00, real=0.05 secs] 
3401.739: [GC (Allocation Failure) [PSYoungGen: 401364K->185622K(465920K)] 1031138K->868612K(1864192K), 0.0424416 secs] [Times: user=0.19 sys=0.00, real=0.04 secs] 
3401.899: [GC (Allocation Failure) [PSYoungGen: 418582K->186199K(465920K)] 1101572K->933669K(1864192K), 0.0500233 secs] [Times: user=0.23 sys=0.00, real=0.05 secs] 
3402.875: [GC (Allocation Failure) [PSYoungGen: 419159K->170867K(465920K)] 1166629K->977273K(1864192K), 0.0557382 secs] [Times: user=0.28 sys=0.00, real=0.05 secs] 
3403.373: [GC (Allocation Failure) [PSYoungGen: 403827K->104956K(465920K)] 1210233K->976539K(1864192K), 0.0597161 secs] [Times: user=0.31 sys=0.00, real=0.06 secs] 
3403.618: [GC (Allocation Failure) [PSYoungGen: 333898K->177525K(465920K)] 1205481K->1082668K(1864192K), 0.0366918 secs] [Times: user=0.16 sys=0.00, real=0.04 secs] 
3404.046: [GC (Allocation Failure) [PSYoungGen: 410485K->183926K(465920K)] 1315630K->1144158K(1864192K), 0.0527413 secs] [Times: user=0.25 sys=0.00, real=0.05 secs] 
3404.287: [GC (Allocation Failure) [PSYoungGen: 416886K->186997K(465920K)] 1377118K->1202798K(1864192K), 0.0505664 secs] [Times: user=0.24 sys=0.00, real=0.05 secs] 
3405.387: [GC (Allocation Failure) [PSYoungGen: 419931K->105916K(465920K)] 1435732K->1192125K(1864192K), 0.0455823 secs] [Times: user=0.23 sys=0.00, real=0.04 secs] 
3405.640: [GC (Allocation Failure) [PSYoungGen: 338876K->170004K(465920K)] 1425085K->1290693K(1864192K), 0.0533238 secs] [Times: user=0.25 sys=0.00, real=0.06 secs] 
3405.917: [GC (Allocation Failure) [PSYoungGen: 402964K->180757K(465920K)] 1523653K->1354414K(1864192K), 0.0494928 secs] [Times: user=0.23 sys=0.00, real=0.05 secs] 
3406.108: [GC (Allocation Failure) [PSYoungGen: 413717K->185687K(465920K)] 1587374K->1422392K(1864192K), 0.0599797 secs] [Times: user=0.28 sys=0.01, real=0.06 secs] 
3407.039: [GC (Allocation Failure) [PSYoungGen: 418647K->170003K(403456K)] 1655352K->1465740K(1801728K), 0.0550832 secs] [Times: user=0.27 sys=0.00, real=0.06 secs] 
3407.440: [GC (Allocation Failure) [PSYoungGen: 402963K->116141K(464896K)] 1698700K->1476959K(1863168K), 0.0635104 secs] [Times: user=0.27 sys=0.03, real=0.07 secs] 
3407.504: [Full GC (Ergonomics) [PSYoungGen: 116141K->0K(464896K)] [ParOldGen: 1360817K->133795K(1398272K)] 1476959K->133795K(1863168K), [Metaspace: 60099K->60099K(1105920K)], 0.1252980 secs] [Times: user=0.51 sys=0.00, real=0.12 secs] 
3407.751: [GC (Allocation Failure) [PSYoungGen: 232403K->176724K(465408K)] 366199K->310520K(1863680K), 0.0260268 secs] [Times: user=0.10 sys=0.00, real=0.03 secs] 
3407.921: [GC (Allocation Failure) [PSYoungGen: 409172K->184503K(465920K)] 542968K->380038K(1864192K), 0.0652008 secs] [Times: user=0.31 sys=0.00, real=0.07 secs] 
3408.112: [GC (Allocation Failure) [PSYoungGen: 417463K->184884K(465920K)] 612998K->439004K(1864192K), 0.0568522 secs] [Times: user=0.28 sys=0.00, real=0.06 secs] 
3409.448: [GC (Allocation Failure) [PSYoungGen: 417844K->99436K(465920K)] 671964K->423539K(1864192K), 0.0846823 secs] [Times: user=0.46 sys=0.00, real=0.08 secs] 
3410.586: [GC (Allocation Failure) [PSYoungGen: 332396K->167380K(465920K)] 656499K->524252K(1864192K), 0.0501777 secs] [Times: user=0.23 sys=0.01, real=0.05 secs] 
3410.815: [GC (Allocation Failure) [PSYoungGen: 400340K->184566K(465920K)] 757212K->593542K(1864192K), 0.0597708 secs] [Times: user=0.28 sys=0.00, real=0.06 secs] 
3411.052: [GC (Allocation Failure) [PSYoungGen: 415721K->180374K(465920K)] 824698K->653391K(1864192K), 0.0645796 secs] [Times: user=0.33 sys=0.00, real=0.07 secs] 
3411.956: [GC (Allocation Failure) [PSYoungGen: 413334K->168243K(457728K)] 886351K->698571K(1856000K), 0.0557499 secs] [Times: user=0.28 sys=0.00, real=0.05 secs] 
3412.255: [GC (Allocation Failure) [PSYoungGen: 401203K->113853K(461824K)] 931531K->708686K(1860096K), 0.0441754 secs] [Times: user=0.22 sys=0.01, real=0.04 secs] 
3412.446: [GC (Allocation Failure) [PSYoungGen: 346813K->176468K(468480K)] 941646K->807406K(1866752K), 0.0405473 secs] [Times: user=0.18 sys=0.00, real=0.04 secs] 
3412.604: [GC (Allocation Failure) [PSYoungGen: 413484K->187959K(425472K)] 1044421K->881000K(1823744K), 0.0494918 secs] [Times: user=0.23 sys=0.00, real=0.05 secs] 
3412.769: [GC (Allocation Failure) [PSYoungGen: 425015K->186869K(465920K)] 1118056K->939654K(1864192K), 0.0583223 secs] [Times: user=0.29 sys=0.00, real=0.06 secs] 
3414.098: [GC (Allocation Failure) [PSYoungGen: 419829K->102860K(465920K)] 1172614K->926054K(1864192K), 0.0471466 secs] [Times: user=0.25 sys=0.01, real=0.05 secs] 
3414.482: [GC (Allocation Failure) [PSYoungGen: 335820K->174517K(465920K)] 1159014K->1030451K(1864192K), 0.0563638 secs] [Times: user=0.26 sys=0.00, real=0.06 secs] 
3414.681: [GC (Allocation Failure) [PSYoungGen: 407477K->182261K(465920K)] 1263411K->1093004K(1864192K), 0.0435740 secs] [Times: user=0.20 sys=0.00, real=0.05 secs] 
3414.871: [GC (Allocation Failure) [PSYoungGen: 415221K->188277K(465920K)] 1325964K->1154467K(1864192K), 0.0725117 secs] [Times: user=0.36 sys=0.00, real=0.08 secs] 
3415.906: [GC (Allocation Failure) [PSYoungGen: 421237K->150514K(465920K)] 1387427K->1187721K(1864192K), 0.0515021 secs] [Times: user=0.25 sys=0.00, real=0.05 secs] 
3417.332: [GC (Allocation Failure) [PSYoungGen: 383474K->121790K(465920K)] 1420681K->1206725K(1864192K), 0.1530819 secs] [Times: user=0.86 sys=0.00, real=0.16 secs] 
3417.656: [GC (Allocation Failure) [PSYoungGen: 354750K->176468K(465920K)] 1439685K->1300780K(1864192K), 0.0386996 secs] [Times: user=0.16 sys=0.00, real=0.04 secs] 
3417.842: [GC (Allocation Failure) [PSYoungGen: 409428K->185591K(465920K)] 1533740K->1372022K(1864192K), 0.0708393 secs] [Times: user=0.35 sys=0.00, real=0.08 secs] 
3418.091: [GC (Allocation Failure) [PSYoungGen: 418551K->186101K(465920K)] 1604982K->1431332K(1864192K), 0.0773225 secs] [Times: user=0.39 sys=0.01, real=0.08 secs] 
3419.497: [GC (Allocation Failure) [PSYoungGen: 419061K->100732K(465920K)] 1664292K->1416299K(1864192K), 0.0465720 secs] [Times: user=0.24 sys=0.00, real=0.05 secs] 
3419.544: [Full GC (Ergonomics) [PSYoungGen: 100732K->0K(465920K)] [ParOldGen: 1315567K->99794K(1392640K)] 1416299K->99794K(1858560K), [Metaspace: 60119K->60119K(1105920K)], 0.0614590 secs] [Times: user=0.22 sys=0.00, real=0.06 secs] 
3420.072: [GC (Allocation Failure) [PSYoungGen: 232960K->175925K(465920K)] 332754K->275719K(1858560K), 0.0341764 secs] [Times: user=0.13 sys=0.00, real=0.04 secs] 
3420.247: [GC (Allocation Failure) [PSYoungGen: 408885K->185238K(465920K)] 508679K->340260K(1858560K), 0.0417808 secs] [Times: user=0.19 sys=0.00, real=0.04 secs] 
3420.429: [GC (Allocation Failure) [PSYoungGen: 418198K->182612K(465920K)] 573220K->393818K(1858560K), 0.0594802 secs] [Times: user=0.29 sys=0.00, real=0.06 secs] 
3421.398: [GC (Allocation Failure) [PSYoungGen: 415572K->148626K(465920K)] 626778K->428632K(1858560K), 0.0501755 secs] [Times: user=0.24 sys=0.00, real=0.05 secs] 
3421.717: [GC (Allocation Failure) [PSYoungGen: 381586K->131727K(365056K)] 661592K->459069K(1757696K), 0.1103389 secs] [Times: user=0.61 sys=0.01, real=0.11 secs] 
3421.989: [GC (Allocation Failure) [PSYoungGen: 364687K->176629K(466432K)] 692029K->545975K(1859072K), 0.0377704 secs] [Times: user=0.16 sys=0.00, real=0.04 secs] 
3422.163: [GC (Allocation Failure) [PSYoungGen: 410613K->186071K(465408K)] 779959K->617130K(1858048K), 0.0491328 secs] [Times: user=0.22 sys=0.00, real=0.04 secs] 
3422.323: [GC (Allocation Failure) [PSYoungGen: 420055K->188469K(465920K)] 851114K->678488K(1858560K), 0.0559413 secs] [Times: user=0.28 sys=0.00, real=0.05 secs] 
3424.315: [GC (Allocation Failure) [PSYoungGen: 421429K->89770K(465920K)] 911448K->650957K(1858560K), 0.1243161 secs] [Times: user=0.69 sys=0.00, real=0.12 secs] 
3425.306: [GC (Allocation Failure) [PSYoungGen: 322730K->176693K(465920K)] 883917K->767269K(1858560K), 0.0417586 secs] [Times: user=0.18 sys=0.00, real=0.04 secs] 
3425.474: [GC (Allocation Failure) [PSYoungGen: 409653K->185622K(465920K)] 1000229K->831126K(1858560K), 0.0438618 secs] [Times: user=0.19 sys=0.00, real=0.04 secs] 
3425.630: [GC (Allocation Failure) [PSYoungGen: 418582K->187925K(465920K)] 1064086K->889669K(1858560K), 0.0463125 secs] [Times: user=0.22 sys=0.00, real=0.05 secs] 
3426.641: [GC (Allocation Failure) [PSYoungGen: 420885K->138513K(465920K)] 1122629K->911097K(1858560K), 0.0503597 secs] [Times: user=0.25 sys=0.00, real=0.05 secs] 
3426.900: [GC (GCLocker Initiated GC) [PSYoungGen: 371473K->132528K(465920K)] 1144057K->949048K(1858560K), 0.0889838 secs] [Times: user=0.47 sys=0.00, real=0.09 secs] 
3427.118: [GC (Allocation Failure) [PSYoungGen: 365488K->187477K(465920K)] 1182047K->1046508K(1858560K), 0.0439618 secs] [Times: user=0.20 sys=0.00, real=0.04 secs] 
3427.278: [GC (Allocation Failure) [PSYoungGen: 420437K->185655K(465920K)] 1279468K->1107238K(1858560K), 0.0497372 secs] [Times: user=0.23 sys=0.00, real=0.05 secs] 
3428.525: [GC (Allocation Failure) [PSYoungGen: 418615K->183924K(465920K)] 1340198K->1164548K(1858560K), 0.0682619 secs] [Times: user=0.35 sys=0.00, real=0.07 secs] 
3429.746: [GC (Allocation Failure) [PSYoungGen: 416884K->90602K(465920K)] 1397508K->1140714K(1858560K), 0.0645325 secs] [Times: user=0.35 sys=0.01, real=0.06 secs] 
3430.039: [GC (Allocation Failure) [PSYoungGen: 323562K->179317K(465920K)] 1373674K->1259522K(1858560K), 0.0333702 secs] [Times: user=0.14 sys=0.00, real=0.04 secs] 
3430.187: [GC (Allocation Failure) [PSYoungGen: 412277K->184886K(465920K)] 1492482K->1320902K(1858560K), 0.0452057 secs] [Times: user=0.20 sys=0.00, real=0.04 secs] 
3430.368: [GC (Allocation Failure) [PSYoungGen: 417846K->187925K(465920K)] 1553862K->1380182K(1858560K), 0.0517264 secs] [Times: user=0.25 sys=0.00, real=0.05 secs] 
3431.358: [GC (Allocation Failure) [PSYoungGen: 420885K->138673K(465920K)] 1613142K->1401525K(1858560K), 0.0518343 secs] [Times: user=0.26 sys=0.00, real=0.05 secs] 
3433.321: [GC (Allocation Failure) [PSYoungGen: 371633K->129279K(465920K)] 1634485K->1436132K(1858560K), 0.1278830 secs] [Times: user=0.71 sys=0.00, real=0.13 secs] 
3433.449: [Full GC (Ergonomics) [PSYoungGen: 129279K->0K(465920K)] [ParOldGen: 1306852K->146546K(1398272K)] 1436132K->146546K(1864192K), [Metaspace: 60123K->60123K(1105920K)], 0.1717375 secs] [Times: user=0.80 sys=0.00, real=0.17 secs] 
3433.737: [GC (Allocation Failure) [PSYoungGen: 232960K->180245K(465920K)] 379506K->326792K(1864192K), 0.0263161 secs] [Times: user=0.09 sys=0.00, real=0.03 secs] 
3433.876: [GC (GCLocker Initiated GC) [PSYoungGen: 413205K->184823K(465920K)] 559755K->394116K(1864192K), 0.0483727 secs] [Times: user=0.22 sys=0.00, real=0.05 secs] 
3434.033: [GC (Allocation Failure) [PSYoungGen: 417783K->183476K(465920K)] 627079K->451404K(1864192K), 0.0565134 secs] [Times: user=0.28 sys=0.00, real=0.05 secs] 
3435.041: [GC (Allocation Failure) [PSYoungGen: 416436K->95211K(465920K)] 684364K->432555K(1864192K), 0.0576124 secs] [Times: user=0.30 sys=0.00, real=0.06 secs] 
3435.260: [GC (Allocation Failure) [PSYoungGen: 328171K->180117K(465920K)] 665515K->548346K(1864192K), 0.0324231 secs] [Times: user=0.13 sys=0.00, real=0.04 secs] 
3435.406: [GC (Allocation Failure) [PSYoungGen: 413077K->185270K(465920K)] 781306K->609546K(1864192K), 0.0441900 secs] [Times: user=0.20 sys=0.00, real=0.04 secs] 
3435.583: [GC (Allocation Failure) [PSYoungGen: 418230K->187445K(465920K)] 842506K->668033K(1864192K), 0.0501806 secs] [Times: user=0.24 sys=0.00, real=0.05 secs] 
3437.122: [GC (Allocation Failure) [PSYoungGen: 420405K->134672K(465920K)] 900993K->685805K(1864192K), 0.0493310 secs] [Times: user=0.25 sys=0.00, real=0.05 secs] 
3437.820: [GC (Allocation Failure) [PSYoungGen: 367632K->137488K(465920K)] 918765K->731460K(1864192K), 0.0625680 secs] [Times: user=0.32 sys=0.00, real=0.06 secs] 
3437.995: [GC (GCLocker Initiated GC) [PSYoungGen: 370448K->175860K(465920K)] 964421K->813796K(1864192K), 0.0385637 secs] [Times: user=0.17 sys=0.00, real=0.04 secs] 
3438.151: [GC (Allocation Failure) [PSYoungGen: 408820K->185911K(465920K)] 1046887K->885601K(1864192K), 0.0530687 secs] [Times: user=0.23 sys=0.00, real=0.06 secs] 
3438.319: [GC (Allocation Failure) [PSYoungGen: 418871K->187701K(465920K)] 1118561K->946344K(1864192K), 0.0590487 secs] [Times: user=0.25 sys=0.00, real=0.06 secs] 
3439.835: [GC (Allocation Failure) [PSYoungGen: 420661K->98267K(465920K)] 1179304K->927614K(1864192K), 0.1153007 secs] [Times: user=0.64 sys=0.00, real=0.11 secs] 
3440.686: [GC (Allocation Failure) [PSYoungGen: 331227K->173781K(465920K)] 1160574K->1035240K(1864192K), 0.0434292 secs] [Times: user=0.19 sys=0.00, real=0.04 secs] 
3440.856: [GC (Allocation Failure) [PSYoungGen: 406741K->185462K(465920K)] 1268200K->1101573K(1864192K), 0.0431463 secs] [Times: user=0.19 sys=0.00, real=0.04 secs] 
3441.010: [GC (Allocation Failure) [PSYoungGen: 418422K->187157K(465920K)] 1334533K->1159461K(1864192K), 0.0467639 secs] [Times: user=0.21 sys=0.01, real=0.05 secs] 
3442.440: [GC (Allocation Failure) [PSYoungGen: 420117K->130096K(465920K)] 1392421K->1172912K(1864192K), 0.0489777 secs] [Times: user=0.25 sys=0.00, real=0.05 secs] 
3442.703: [GC (Allocation Failure) [PSYoungGen: 360063K->142465K(465920K)] 1402879K->1226465K(1864192K), 0.0677947 secs] [Times: user=0.35 sys=0.01, real=0.06 secs] 
3442.884: [GC (Allocation Failure) [PSYoungGen: 375425K->176116K(465920K)] 1459425K->1305437K(1864192K), 0.0400731 secs] [Times: user=0.16 sys=0.01, real=0.04 secs] 
3443.040: [GC (Allocation Failure) [PSYoungGen: 409076K->185111K(465920K)] 1538397K->1375943K(1864192K), 0.0497609 secs] [Times: user=0.22 sys=0.01, real=0.05 secs] 
3443.201: [GC (Allocation Failure) [PSYoungGen: 418071K->204437K(465920K)] 1608903K->1454162K(1864192K), 0.0594977 secs] [Times: user=0.29 sys=0.00, real=0.06 secs] 
3445.083: [GC (GCLocker Initiated GC) [PSYoungGen: 437397K->98587K(465920K)] 1687123K->1419145K(1864192K), 0.0665184 secs] [Times: user=0.35 sys=0.00, real=0.06 secs] 
3445.150: [Full GC (Ergonomics) [PSYoungGen: 98587K->0K(465920K)] [ParOldGen: 1320557K->103758K(1398272K)] 1419145K->103758K(1864192K), [Metaspace: 60126K->60126K(1105920K)], 0.0913773 secs] [Times: user=0.37 sys=0.01, real=0.09 secs] 
3445.489: [GC (Allocation Failure) [PSYoungGen: 232960K->177749K(465920K)] 336884K->281673K(1864192K), 0.0242485 secs] [Times: user=0.09 sys=0.00, real=0.03 secs] 
3445.631: [GC (Allocation Failure) [PSYoungGen: 410709K->185590K(465920K)] 514633K->344351K(1864192K), 0.0415195 secs] [Times: user=0.18 sys=0.00, real=0.05 secs] 
3445.796: [GC (Allocation Failure) [PSYoungGen: 418550K->187413K(465920K)] 577311K->402502K(1864192K), 0.0445529 secs] [Times: user=0.20 sys=0.00, real=0.04 secs] 
3446.828: [GC (Allocation Failure) [PSYoungGen: 420373K->127439K(465920K)] 635462K->413092K(1864192K), 0.0475694 secs] [Times: user=0.23 sys=0.00, real=0.05 secs] 
3448.829: [GC (Allocation Failure) [PSYoungGen: 359536K->141425K(465920K)] 645189K->467402K(1864192K), 0.1018669 secs] [Times: user=0.54 sys=0.01, real=0.10 secs] 
3449.072: [GC (Allocation Failure) [PSYoungGen: 374385K->180565K(465920K)] 700362K->552255K(1864192K), 0.0390017 secs] [Times: user=0.17 sys=0.00, real=0.04 secs] 
3449.247: [GC (Allocation Failure) [PSYoungGen: 413525K->185303K(465920K)] 785215K->619857K(1864192K), 0.0602595 secs] [Times: user=0.29 sys=0.00, real=0.06 secs] 
3449.429: [GC (Allocation Failure) [PSYoungGen: 418263K->187765K(465920K)] 852817K->681071K(1864192K), 0.0559239 secs] [Times: user=0.27 sys=0.00, real=0.06 secs] 
3450.444: [GC (Allocation Failure) [PSYoungGen: 420725K->96011K(465920K)] 914031K->660117K(1864192K), 0.0528204 secs] [Times: user=0.28 sys=0.00, real=0.05 secs] 
3450.846: [GC (Allocation Failure) [PSYoungGen: 328971K->175925K(465920K)] 893077K->771080K(1864192K), 0.0417795 secs] [Times: user=0.17 sys=0.00, real=0.04 secs] 
3451.059: [GC (Allocation Failure) [PSYoungGen: 408885K->185142K(465920K)] 1004040K->834945K(1864192K), 0.0635235 secs] [Times: user=0.30 sys=0.00, real=0.07 secs] 
3451.281: [GC (Allocation Failure) [PSYoungGen: 418102K->187477K(465920K)] 1067905K->893752K(1864192K), 0.0516290 secs] [Times: user=0.25 sys=0.00, real=0.05 secs] 
3453.007: [GC (Allocation Failure) [PSYoungGen: 420437K->122031K(465920K)] 1126712K->898834K(1864192K), 0.0478554 secs] [Times: user=0.24 sys=0.00, real=0.05 secs] 
3453.701: [GC (Allocation Failure) [PSYoungGen: 354991K->145601K(465920K)] 1131794K->961160K(1864192K), 0.0737387 secs] [Times: user=0.39 sys=0.01, real=0.08 secs] 
3453.924: [GC (Allocation Failure) [PSYoungGen: 378561K->184246K(465920K)] 1194120K->1045590K(1864192K), 0.0440472 secs] [Times: user=0.20 sys=0.00, real=0.04 secs] 
3454.108: [GC (GCLocker Initiated GC) [PSYoungGen: 417206K->182550K(465920K)] 1278550K->1107950K(1864192K), 0.0660487 secs] [Times: user=0.32 sys=0.00, real=0.07 secs] 
3454.305: [GC (Allocation Failure) [PSYoungGen: 415510K->187413K(465920K)] 1341077K->1171268K(1864192K), 0.0558091 secs] [Times: user=0.27 sys=0.00, real=0.05 secs] 
3455.827: [GC (Allocation Failure) [PSYoungGen: 420373K->94299K(465920K)] 1404228K->1148666K(1864192K), 0.1187220 secs] [Times: user=0.66 sys=0.00, real=0.12 secs] 
3456.332: [GC (Allocation Failure) [PSYoungGen: 327259K->175573K(465920K)] 1381626K->1260825K(1864192K), 0.0421655 secs] [Times: user=0.18 sys=0.00, real=0.05 secs] 
3456.534: [GC (Allocation Failure) [PSYoungGen: 408533K->193526K(465920K)] 1493785K->1333422K(1864192K), 0.0470861 secs] [Times: user=0.22 sys=0.00, real=0.04 secs] 
3456.729: [GC (Allocation Failure) [PSYoungGen: 426486K->187893K(465920K)] 1566382K->1384061K(1864192K), 0.0602800 secs] [Times: user=0.28 sys=0.00, real=0.06 secs] 
3457.786: [GC (Allocation Failure) [PSYoungGen: 420853K->120175K(465920K)] 1617021K->1387022K(1864192K), 0.0472215 secs] [Times: user=0.24 sys=0.00, real=0.05 secs] 
3458.100: [GC (Allocation Failure) [PSYoungGen: 353135K->156882K(465920K)] 1619982K->1461890K(1864192K), 0.0989850 secs] [Times: user=0.52 sys=0.00, real=0.10 secs] 
3458.359: [GC (Allocation Failure) [PSYoungGen: 389842K->189749K(465920K)] 1694850K->1544070K(1864192K), 0.0415854 secs] [Times: user=0.19 sys=0.00, real=0.04 secs] 
3458.400: [Full GC (Ergonomics) [PSYoungGen: 189749K->0K(465920K)] [ParOldGen: 1354320K->247834K(1398272K)] 1544070K->247834K(1864192K), [Metaspace: 60132K->60132K(1105920K)], 0.3045571 secs] [Times: user=1.39 sys=0.00, real=0.31 secs] 
3458.836: [GC (GCLocker Initiated GC) [PSYoungGen: 232960K->182166K(465920K)] 480795K->430001K(1864192K), 0.0756774 secs] [Times: user=0.39 sys=0.00, real=0.07 secs] 
3459.136: [GC (Allocation Failure) [PSYoungGen: 415126K->184757K(465920K)] 662963K->490178K(1864192K), 0.0592075 secs] [Times: user=0.29 sys=0.00, real=0.06 secs] 
3460.177: [GC (Allocation Failure) [PSYoungGen: 417717K->94347K(465920K)] 723138K->469636K(1864192K), 0.0609320 secs] [Times: user=0.32 sys=0.01, real=0.06 secs] 
3460.800: [GC (Allocation Failure) [PSYoungGen: 327307K->176469K(465920K)] 702596K->582105K(1864192K), 0.0420079 secs] [Times: user=0.18 sys=0.00, real=0.04 secs] 
3460.965: [GC (Allocation Failure) [PSYoungGen: 409429K->185494K(465920K)] 815065K->646670K(1864192K), 0.0426313 secs] [Times: user=0.19 sys=0.00, real=0.04 secs] 
3461.119: [GC (Allocation Failure) [PSYoungGen: 418454K->187829K(465920K)] 879630K->705094K(1864192K), 0.0449245 secs] [Times: user=0.21 sys=0.00, real=0.05 secs] 
3462.116: [GC (Allocation Failure) [PSYoungGen: 420789K->117454K(465920K)] 938054K->705571K(1864192K), 0.0467649 secs] [Times: user=0.24 sys=0.00, real=0.04 secs] 
3463.583: [GC (Allocation Failure) [PSYoungGen: 350414K->149457K(465920K)] 938531K->775071K(1864192K), 0.0820266 secs] [Times: user=0.41 sys=0.01, real=0.08 secs] 
3463.800: [GC (Allocation Failure) [PSYoungGen: 382417K->193142K(465920K)] 1008031K->865383K(1864192K), 0.0408538 secs] [Times: user=0.18 sys=0.00, real=0.04 secs] 
3463.980: [GC (GCLocker Initiated GC) [PSYoungGen: 426102K->185751K(465920K)] 1098343K->922297K(1864192K), 0.0585751 secs] [Times: user=0.29 sys=0.00, real=0.06 secs] 
3464.152: [GC (Allocation Failure) [PSYoungGen: 418711K->187701K(465920K)] 1155423K->983341K(1864192K), 0.0565543 secs] [Times: user=0.28 sys=0.00, real=0.06 secs] 
3465.154: [GC (Allocation Failure) [PSYoungGen: 420661K->89946K(465920K)] 1216301K->956323K(1864192K), 0.0443434 secs] [Times: user=0.23 sys=0.01, real=0.04 secs] 
3465.481: [GC (Allocation Failure) [PSYoungGen: 322906K->179797K(465920K)] 1189283K->1075083K(1864192K), 0.0527345 secs] [Times: user=0.23 sys=0.00, real=0.06 secs] 
3465.680: [GC (Allocation Failure) [PSYoungGen: 412757K->185654K(465920K)] 1308043K->1137175K(1864192K), 0.0437910 secs] [Times: user=0.20 sys=0.00, real=0.05 secs] 
3465.859: [GC (Allocation Failure) [PSYoungGen: 418614K->203989K(465920K)] 1370135K->1211983K(1864192K), 0.0505039 secs] [Times: user=0.24 sys=0.00, real=0.05 secs] 
3467.051: [GC (Allocation Failure) [PSYoungGen: 436949K->113757K(465920K)] 1444943K->1192499K(1864192K), 0.0474438 secs] [Times: user=0.24 sys=0.01, real=0.05 secs] 
3467.610: [GC (Allocation Failure) [PSYoungGen: 346717K->159475K(465920K)] 1425459K->1274125K(1864192K), 0.0811414 secs] [Times: user=0.41 sys=0.00, real=0.08 secs] 
3467.823: [GC (Allocation Failure) [PSYoungGen: 392435K->182485K(465920K)] 1507085K->1347504K(1864192K), 0.0422401 secs] [Times: user=0.19 sys=0.00, real=0.04 secs] 
3468.014: [GC (Allocation Failure) [PSYoungGen: 415445K->185911K(465920K)] 1580464K->1414657K(1864192K), 0.0657461 secs] [Times: user=0.33 sys=0.00, real=0.06 secs] 
3468.214: [GC (Allocation Failure) [PSYoungGen: 418871K->184372K(465920K)] 1647617K->1472011K(1864192K), 0.0646336 secs] [Times: user=0.32 sys=0.01, real=0.06 secs] 
3469.942: [GC (Allocation Failure) [PSYoungGen: 417332K->92090K(465920K)] 1704971K->1449417K(1864192K), 0.1186700 secs] [Times: user=0.65 sys=0.01, real=0.12 secs] 
3470.061: [Full GC (Ergonomics) [PSYoungGen: 92090K->0K(465920K)] [ParOldGen: 1357326K->103732K(1398272K)] 1449417K->103732K(1864192K), [Metaspace: 60136K->60136K(1105920K)], 0.1473072 secs] [Times: user=0.63 sys=0.00, real=0.15 secs] 
3470.496: [GC (Allocation Failure) [PSYoungGen: 232960K->178581K(465920K)] 336692K->282313K(1864192K), 0.0281154 secs] [Times: user=0.11 sys=0.00, real=0.03 secs] 
3470.637: [GC (Allocation Failure) [PSYoungGen: 411541K->185622K(465920K)] 515273K->344802K(1864192K), 0.0411417 secs] [Times: user=0.19 sys=0.00, real=0.04 secs] 
3470.809: [GC (Allocation Failure) [PSYoungGen: 418582K->187829K(465920K)] 577762K->403185K(1864192K), 0.0504416 secs] [Times: user=0.24 sys=0.00, real=0.05 secs] 
3471.865: [GC (Allocation Failure) [PSYoungGen: 420789K->111293K(465920K)] 636145K->397434K(1864192K), 0.0463363 secs] [Times: user=0.23 sys=0.00, real=0.04 secs] 
3472.421: [GC (Allocation Failure) [PSYoungGen: 344253K->162611K(465920K)] 630394K->485172K(1864192K), 0.0782479 secs] [Times: user=0.40 sys=0.00, real=0.08 secs] 
3472.635: [GC (Allocation Failure) [PSYoungGen: 395571K->185366K(465920K)] 718132K->558626K(1864192K), 0.0418700 secs] [Times: user=0.18 sys=0.00, real=0.04 secs] 
3472.791: [GC (Allocation Failure) [PSYoungGen: 418326K->185943K(465920K)] 791586K->623619K(1864192K), 0.0498747 secs] [Times: user=0.23 sys=0.00, real=0.05 secs] 
3473.198: [GC (Allocation Failure) [PSYoungGen: 418903K->183124K(465920K)] 856579K->679833K(1864192K), 0.0559100 secs] [Times: user=0.27 sys=0.00, real=0.06 secs] 
3474.269: [GC (Allocation Failure) [PSYoungGen: 416084K->95291K(465920K)] 912793K->661128K(1864192K), 0.0403946 secs] [Times: user=0.21 sys=0.00, real=0.04 secs] 
3474.471: [GC (Allocation Failure) [PSYoungGen: 328251K->182678K(465920K)] 894088K->779071K(1864192K), 0.0489754 secs] [Times: user=0.21 sys=0.00, real=0.05 secs] 
3474.662: [GC (Allocation Failure) [PSYoungGen: 415638K->185622K(465920K)] 1012031K->838883K(1864192K), 0.0446406 secs] [Times: user=0.20 sys=0.00, real=0.05 secs] 
3474.840: [GC (Allocation Failure) [PSYoungGen: 418582K->187541K(465920K)] 1071843K->897075K(1864192K), 0.0509963 secs] [Times: user=0.24 sys=0.00, real=0.05 secs] 
3475.967: [GC (Allocation Failure) [PSYoungGen: 420501K->99708K(465920K)] 1130035K->879945K(1864192K), 0.0492159 secs] [Times: user=0.26 sys=0.00, real=0.05 secs] 
3477.315: [GC (Allocation Failure) [PSYoungGen: 332668K->161683K(465920K)] 1112905K->974246K(1864192K), 0.0674225 secs] [Times: user=0.33 sys=0.00, real=0.06 secs] 
3477.573: [GC (Allocation Failure) [PSYoungGen: 394643K->185270K(465920K)] 1207206K->1049052K(1864192K), 0.0584433 secs] [Times: user=0.28 sys=0.00, real=0.06 secs] 
3477.805: [GC (GCLocker Initiated GC) [PSYoungGen: 418230K->184215K(465920K)] 1282013K->1112230K(1864192K), 0.0721757 secs] [Times: user=0.35 sys=0.00, real=0.07 secs] 
3478.048: [GC (Allocation Failure) [PSYoungGen: 417175K->203413K(465920K)] 1345229K->1189947K(1864192K), 0.0762629 secs] [Times: user=0.39 sys=0.00, real=0.08 secs] 
3479.219: [GC (Allocation Failure) [PSYoungGen: 436373K->94043K(465920K)] 1422907K->1151161K(1864192K), 0.0496370 secs] [Times: user=0.21 sys=0.00, real=0.05 secs] 
3479.514: [GC (GCLocker Initiated GC) [PSYoungGen: 327003K->179285K(465920K)] 1384121K->1266360K(1864192K), 0.0520263 secs] [Times: user=0.23 sys=0.00, real=0.05 secs] 
3479.707: [GC (Allocation Failure) [PSYoungGen: 412245K->185430K(465920K)] 1499323K->1328163K(1864192K), 0.0444916 secs] [Times: user=0.20 sys=0.00, real=0.04 secs] 
3479.873: [GC (Allocation Failure) [PSYoungGen: 418390K->184276K(465920K)] 1561123K->1383438K(1864192K), 0.0601556 secs] [Times: user=0.29 sys=0.00, real=0.06 secs] 
3481.268: [GC (Allocation Failure) [PSYoungGen: 417236K->108285K(465920K)] 1616398K->1376982K(1864192K), 0.0463129 secs] [Times: user=0.23 sys=0.01, real=0.05 secs] 
3481.551: [GC (Allocation Failure) [PSYoungGen: 341245K->169108K(465920K)] 1609942K->1472938K(1864192K), 0.0746290 secs] [Times: user=0.37 sys=0.00, real=0.08 secs] 
3481.840: [GC (Allocation Failure) [PSYoungGen: 402068K->181749K(465920K)] 1705898K->1538776K(1864192K), 0.0551882 secs] [Times: user=0.27 sys=0.00, real=0.06 secs] 
3481.895: [Full GC (Ergonomics) [PSYoungGen: 181749K->0K(465920K)] [ParOldGen: 1357026K->255814K(1398272K)] 1538776K->255814K(1864192K), [Metaspace: 60136K->60136K(1105920K)], 0.3112511 secs] [Times: user=1.42 sys=0.00, real=0.31 secs] 
3482.328: [GC (Allocation Failure) [PSYoungGen: 232960K->182774K(465920K)] 488774K->438589K(1864192K), 0.0767477 secs] [Times: user=0.40 sys=0.00, real=0.08 secs] 
3482.518: [GC (Allocation Failure) [PSYoungGen: 415734K->187189K(465920K)] 671549K->501483K(1864192K), 0.0534686 secs] [Times: user=0.26 sys=0.00, real=0.05 secs] 
3484.681: [GC (Allocation Failure) [PSYoungGen: 420149K->96939K(465920K)] 734443K->481749K(1864192K), 0.1158069 secs] [Times: user=0.64 sys=0.00, real=0.12 secs] 
3484.996: [GC (Allocation Failure) [PSYoungGen: 329899K->178453K(465920K)] 714709K->594477K(1864192K), 0.0340656 secs] [Times: user=0.14 sys=0.00, real=0.03 secs] 
3485.144: [GC (Allocation Failure) [PSYoungGen: 411346K->185494K(465920K)] 827369K->657357K(1864192K), 0.0429297 secs] [Times: user=0.20 sys=0.00, real=0.04 secs] 
3485.299: [GC (Allocation Failure) [PSYoungGen: 418454K->187573K(465920K)] 890317K->715645K(1864192K), 0.0446974 secs] [Times: user=0.20 sys=0.00, real=0.05 secs] 
3486.375: [GC (Allocation Failure) [PSYoungGen: 420533K->105964K(465920K)] 948605K->704824K(1864192K), 0.0453301 secs] [Times: user=0.23 sys=0.00, real=0.04 secs] 
3486.588: [GC (Allocation Failure) [PSYoungGen: 338924K->172469K(465920K)] 937784K->806400K(1864192K), 0.0429561 secs] [Times: user=0.20 sys=0.00, real=0.04 secs] 
3486.786: [GC (Allocation Failure) [PSYoungGen: 405429K->184565K(465920K)] 1039360K->872129K(1864192K), 0.0472703 secs] [Times: user=0.22 sys=0.00, real=0.05 secs] 
3486.967: [GC (Allocation Failure) [PSYoungGen: 417525K->182422K(465920K)] 1105089K->934574K(1864192K), 0.0491183 secs] [Times: user=0.23 sys=0.00, real=0.05 secs] 
3487.482: [GC (Allocation Failure) [PSYoungGen: 415382K->214100K(465920K)] 1167534K->1024076K(1864192K), 0.0537607 secs] [Times: user=0.25 sys=0.01, real=0.06 secs] 
3488.295: [GC (Allocation Failure) [PSYoungGen: 447060K->99067K(465920K)] 1257036K->976119K(1864192K), 0.0473667 secs] [Times: user=0.25 sys=0.00, real=0.04 secs] 
3488.499: [GC (Allocation Failure) [PSYoungGen: 332027K->183926K(465920K)] 1209079K->1092458K(1864192K), 0.0481214 secs] [Times: user=0.21 sys=0.00, real=0.05 secs] 
3488.713: [GC (Allocation Failure) [PSYoungGen: 416886K->185430K(465920K)] 1325418K->1151162K(1864192K), 0.0588344 secs] [Times: user=0.28 sys=0.00, real=0.05 secs] 
3488.887: [GC (Allocation Failure) [PSYoungGen: 418390K->186805K(465920K)] 1384122K->1208625K(1864192K), 0.0467665 secs] [Times: user=0.21 sys=0.00, real=0.05 secs] 
3490.161: [GC (Allocation Failure) [PSYoungGen: 419765K->92875K(465920K)] 1441585K->1185215K(1864192K), 0.0703326 secs] [Times: user=0.38 sys=0.00, real=0.07 secs] 
3490.770: [GC (Allocation Failure) [PSYoungGen: 325835K->174293K(465920K)] 1418175K->1296662K(1864192K), 0.0541155 secs] [Times: user=0.25 sys=0.00, real=0.06 secs] 
3490.949: [GC (Allocation Failure) [PSYoungGen: 407253K->185686K(465920K)] 1529622K->1362711K(1864192K), 0.0453617 secs] [Times: user=0.20 sys=0.00, real=0.05 secs] 
3491.129: [GC (Allocation Failure) [PSYoungGen: 418646K->186135K(465920K)] 1595671K->1427656K(1864192K), 0.0581325 secs] [Times: user=0.28 sys=0.00, real=0.06 secs] 
3492.075: [GC (Allocation Failure) [PSYoungGen: 419019K->191731K(465920K)] 1660540K->1492204K(1864192K), 0.0555699 secs] [Times: user=0.28 sys=0.00, real=0.05 secs] 
3493.115: [GC (Allocation Failure) [PSYoungGen: 424691K->103596K(465920K)] 1725164K->1469341K(1864192K), 0.0914112 secs] [Times: user=0.49 sys=0.01, real=0.09 secs] 
3493.206: [Full GC (Ergonomics) [PSYoungGen: 103596K->0K(465920K)] [ParOldGen: 1365745K->121336K(1398272K)] 1469341K->121336K(1864192K), [Metaspace: 60136K->60136K(1105920K)], 0.1700745 secs] [Times: user=0.75 sys=0.00, real=0.17 secs] 
3493.506: [GC (Allocation Failure) [PSYoungGen: 227379K->178421K(465920K)] 348715K->299758K(1864192K), 0.0245462 secs] [Times: user=0.09 sys=0.00, real=0.02 secs] 
3493.668: [GC (Allocation Failure) [PSYoungGen: 411381K->185846K(465920K)] 532718K->363086K(1864192K), 0.0454127 secs] [Times: user=0.21 sys=0.00, real=0.05 secs] 
3493.822: [GC (Allocation Failure) [PSYoungGen: 418806K->187157K(465920K)] 596046K->420749K(1864192K), 0.0444475 secs] [Times: user=0.21 sys=0.00, real=0.05 secs] 
3494.904: [GC (Allocation Failure) [PSYoungGen: 420117K->99356K(465920K)] 653709K->403324K(1864192K), 0.0432131 secs] [Times: user=0.22 sys=0.00, real=0.04 secs] 
3495.192: [GC (Allocation Failure) [PSYoungGen: 332316K->172596K(465920K)] 636284K->509085K(1864192K), 0.0553301 secs] [Times: user=0.26 sys=0.00, real=0.06 secs] 
3495.412: [GC (Allocation Failure) [PSYoungGen: 405556K->184406K(465920K)] 742045K->574414K(1864192K), 0.0422493 secs] [Times: user=0.19 sys=0.00, real=0.05 secs] 
3495.595: [GC (Allocation Failure) [PSYoungGen: 417366K->185143K(465920K)] 807374K->639287K(1864192K), 0.0569933 secs] [Times: user=0.27 sys=0.00, real=0.05 secs] 
3496.770: [GC (Allocation Failure) [PSYoungGen: 418103K->168371K(465920K)] 872247K->681371K(1864192K), 0.0573721 secs] [Times: user=0.29 sys=0.00, real=0.06 secs] 
3497.254: [GC (Allocation Failure) [PSYoungGen: 401331K->113341K(465920K)] 914331K->690830K(1864192K), 0.0735404 secs] [Times: user=0.39 sys=0.00, real=0.07 secs] 
3497.550: [GC (Allocation Failure) [PSYoungGen: 346301K->177269K(465920K)] 923790K->791018K(1864192K), 0.0465895 secs] [Times: user=0.22 sys=0.00, real=0.05 secs] 
3497.753: [GC (Allocation Failure) [PSYoungGen: 410229K->183094K(465920K)] 1023978K->859112K(1864192K), 0.0701778 secs] [Times: user=0.34 sys=0.01, real=0.07 secs] 
3497.950: [GC (Allocation Failure) [PSYoungGen: 416054K->184660K(465920K)] 1092072K->918702K(1864192K), 0.0579144 secs] [Times: user=0.29 sys=0.00, real=0.06 secs] 
3499.207: [GC (Allocation Failure) [PSYoungGen: 417620K->100556K(465920K)] 1151662K->904221K(1864192K), 0.0635513 secs] [Times: user=0.34 sys=0.01, real=0.06 secs] 
3499.843: [GC (Allocation Failure) [PSYoungGen: 333516K->173493K(465920K)] 1137181K->1009675K(1864192K), 0.0520941 secs] [Times: user=0.24 sys=0.00, real=0.05 secs] 
3500.032: [GC (Allocation Failure) [PSYoungGen: 406453K->181781K(465920K)] 1242635K->1072176K(1864192K), 0.0436770 secs] [Times: user=0.20 sys=0.01, real=0.05 secs] 
3500.187: [GC (Allocation Failure) [PSYoungGen: 408952K->178518K(465920K)] 1299347K->1132113K(1864192K), 0.0495438 secs] [Times: user=0.23 sys=0.00, real=0.05 secs] 
3501.263: [GC (Allocation Failure) [PSYoungGen: 411478K->169107K(461824K)] 1365073K->1179381K(1860096K), 0.0566185 secs] [Times: user=0.28 sys=0.00, real=0.05 secs] 
3501.670: [GC (Allocation Failure) [PSYoungGen: 402067K->112717K(463872K)] 1412341K->1187800K(1862144K), 0.0418613 secs] [Times: user=0.21 sys=0.00, real=0.04 secs] 
3501.873: [GC (Allocation Failure) [PSYoungGen: 345677K->180149K(465920K)] 1420760K->1291325K(1864192K), 0.0520614 secs] [Times: user=0.24 sys=0.00, real=0.05 secs] 
3502.065: [GC (Allocation Failure) [PSYoungGen: 413109K->185207K(465920K)] 1524285K->1359390K(1864192K), 0.0514623 secs] [Times: user=0.24 sys=0.00, real=0.05 secs] 
3502.224: [GC (Allocation Failure) [PSYoungGen: 418167K->187573K(465920K)] 1592350K->1420453K(1864192K), 0.0601196 secs] [Times: user=0.30 sys=0.00, real=0.06 secs] 
3503.368: [GC (GCLocker Initiated GC) [PSYoungGen: 420533K->92491K(465920K)] 1653413K->1395995K(1864192K), 0.0501784 secs] [Times: user=0.27 sys=0.00, real=0.05 secs] 
3503.722: [GC (Allocation Failure) [PSYoungGen: 325451K->176501K(465920K)] 1628958K->1509653K(1864192K), 0.0493183 secs] [Times: user=0.21 sys=0.01, real=0.05 secs] 
3503.771: [Full GC (Ergonomics) [PSYoungGen: 176501K->0K(465920K)] [ParOldGen: 1333152K->203885K(1398272K)] 1509653K->203885K(1864192K), [Metaspace: 60136K->60136K(1105920K)], 0.2224983 secs] [Times: user=1.05 sys=0.00, real=0.23 secs] 
3504.110: [GC (Allocation Failure) [PSYoungGen: 232960K->185686K(465920K)] 436845K->389571K(1864192K), 0.0293324 secs] [Times: user=0.11 sys=0.00, real=0.03 secs] 
3504.246: [GC (Allocation Failure) [PSYoungGen: 404988K->172085K(465920K)] 608874K->440227K(1864192K), 0.0432531 secs] [Times: user=0.19 sys=0.00, real=0.04 secs] 
3505.195: [GC (Allocation Failure) [PSYoungGen: 405045K->168595K(401920K)] 673187K->491448K(1800192K), 0.0528918 secs] [Times: user=0.25 sys=0.00, real=0.05 secs] 
3506.542: [GC (GCLocker Initiated GC) [PSYoungGen: 401555K->102940K(461824K)] 724408K->490394K(1860096K), 0.0977346 secs] [Times: user=0.53 sys=0.01, real=0.10 secs] 
3506.860: [GC (Allocation Failure) [PSYoungGen: 333852K->177078K(463872K)] 729629K->606518K(1862144K), 0.1292232 secs] [Times: user=0.71 sys=0.00, real=0.13 secs] 
3507.133: [GC (Allocation Failure) [PSYoungGen: 407990K->180502K(465920K)] 837430K->666182K(1864192K), 0.1834719 secs] [Times: user=1.04 sys=0.00, real=0.18 secs] 
3507.427: [GC (Allocation Failure) [PSYoungGen: 413462K->187637K(465920K)] 899142K->730789K(1864192K), 0.0562605 secs] [Times: user=0.28 sys=0.00, real=0.06 secs] 
3508.514: [GC (Allocation Failure) [PSYoungGen: 420597K->100492K(465920K)] 963749K->714556K(1864192K), 0.0470435 secs] [Times: user=0.24 sys=0.00, real=0.04 secs] 
3509.045: [GC (Allocation Failure) [PSYoungGen: 333452K->172180K(465920K)] 947516K->818445K(1864192K), 0.0525341 secs] [Times: user=0.25 sys=0.00, real=0.05 secs] 
3509.255: [GC (Allocation Failure) [PSYoungGen: 405140K->182069K(465920K)] 1051405K->882590K(1864192K), 0.0552325 secs] [Times: user=0.26 sys=0.00, real=0.05 secs] 
3509.433: [GC (Allocation Failure) [PSYoungGen: 413251K->182486K(465920K)] 1113772K->946336K(1864192K), 0.0492083 secs] [Times: user=0.23 sys=0.00, real=0.05 secs] 
3510.451: [GC (Allocation Failure) [PSYoungGen: 415446K->168883K(463872K)] 1179296K->990624K(1862144K), 0.0570798 secs] [Times: user=0.28 sys=0.00, real=0.06 secs] 
3511.003: [GC (Allocation Failure) [PSYoungGen: 401843K->110397K(464896K)] 1223584K->996610K(1863168K), 0.0460998 secs] [Times: user=0.23 sys=0.00, real=0.05 secs] 
3511.224: [GC (Allocation Failure) [PSYoungGen: 335257K->172821K(465920K)] 1221470K->1094499K(1864192K), 0.0526172 secs] [Times: user=0.24 sys=0.00, real=0.05 secs] 
3511.479: [GC (Allocation Failure) [PSYoungGen: 406805K->186294K(465920K)] 1328483K->1161920K(1864192K), 0.0572488 secs] [Times: user=0.27 sys=0.00, real=0.06 secs] 
3511.647: [GC (Allocation Failure) [PSYoungGen: 420278K->188373K(465920K)] 1395904K->1220431K(1864192K), 0.0471433 secs] [Times: user=0.22 sys=0.00, real=0.05 secs] 
3513.141: [GC (GCLocker Initiated GC) [PSYoungGen: 421333K->99820K(465920K)] 1453391K->1202774K(1864192K), 0.1100635 secs] [Times: user=0.60 sys=0.01, real=0.11 secs] 
3514.518: [GC (Allocation Failure) [PSYoungGen: 332780K->169556K(465920K)] 1435737K->1304486K(1864192K), 0.0533718 secs] [Times: user=0.25 sys=0.01, real=0.05 secs] 
3514.760: [GC (Allocation Failure) [PSYoungGen: 402516K->185398K(465920K)] 1537446K->1373644K(1864192K), 0.0643173 secs] [Times: user=0.31 sys=0.00, real=0.07 secs] 
3514.949: [GC (Allocation Failure) [PSYoungGen: 418358K->182870K(465920K)] 1606604K->1435308K(1864192K), 0.0525614 secs] [Times: user=0.25 sys=0.01, real=0.05 secs] 
3515.938: [GC (Allocation Failure) [PSYoungGen: 415830K->170643K(465920K)] 1668268K->1481041K(1864192K), 0.0576765 secs] [Times: user=0.29 sys=0.00, real=0.06 secs] 
3516.392: [GC (Allocation Failure) [PSYoungGen: 403603K->108332K(465920K)] 1714001K->1484059K(1864192K), 0.1019038 secs] [Times: user=0.53 sys=0.02, real=0.11 secs] 
3516.494: [Full GC (Ergonomics) [PSYoungGen: 108332K->0K(465920K)] [ParOldGen: 1375726K->126042K(1398272K)] 1484059K->126042K(1864192K), [Metaspace: 60141K->60141K(1105920K)], 0.1837788 secs] [Times: user=0.82 sys=0.00, real=0.18 secs] 
3516.806: [GC (Allocation Failure) [PSYoungGen: 232960K->179765K(465920K)] 359002K->305808K(1864192K), 0.0264066 secs] [Times: user=0.09 sys=0.00, real=0.03 secs] 
3516.947: [GC (Allocation Failure) [PSYoungGen: 412725K->181174K(465920K)] 538768K->370117K(1864192K), 0.0459294 secs] [Times: user=0.21 sys=0.00, real=0.04 secs] 
3517.102: [GC (Allocation Failure) [PSYoungGen: 414134K->203797K(465920K)] 603077K->450308K(1864192K), 0.0575445 secs] [Times: user=0.28 sys=0.00, real=0.06 secs] 
3518.211: [GC (GCLocker Initiated GC) [PSYoungGen: 436757K->101468K(465920K)] 683268K->418603K(1864192K), 0.0455712 secs] [Times: user=0.24 sys=0.00, real=0.05 secs] 
3518.611: [GC (GCLocker Initiated GC) [PSYoungGen: 334428K->169780K(465920K)] 651565K->519482K(1864192K), 0.0630712 secs] [Times: user=0.29 sys=0.00, real=0.07 secs] 
3518.840: [GC (Allocation Failure) [PSYoungGen: 402740K->185174K(465920K)] 752609K->588659K(1864192K), 0.0430327 secs] [Times: user=0.19 sys=0.00, real=0.05 secs] 
3518.997: [GC (Allocation Failure) [PSYoungGen: 417571K->180566K(465920K)] 821056K->648419K(1864192K), 0.0493645 secs] [Times: user=0.23 sys=0.00, real=0.05 secs] 
3520.001: [GC (Allocation Failure) [PSYoungGen: 413526K->168723K(465920K)] 881379K->693820K(1864192K), 0.0559511 secs] [Times: user=0.28 sys=0.00, real=0.06 secs] 
3521.458: [GC (GCLocker Initiated GC) [PSYoungGen: 401683K->106396K(465920K)] 926780K->695966K(1864192K), 0.1087883 secs] [Times: user=0.59 sys=0.00, real=0.11 secs] 
3521.765: [GC (Allocation Failure) [PSYoungGen: 339356K->176373K(465920K)] 937284K->809293K(1864192K), 0.1135369 secs] [Times: user=0.62 sys=0.00, real=0.11 secs] 
3522.041: [GC (Allocation Failure) [PSYoungGen: 409333K->185047K(465920K)] 1042253K->874290K(1864192K), 0.1943850 secs] [Times: user=1.09 sys=0.00, real=0.20 secs] 
3522.346: [GC (Allocation Failure) [PSYoungGen: 418007K->187029K(465920K)] 1107250K->935009K(1864192K), 0.0589401 secs] [Times: user=0.30 sys=0.00, real=0.06 secs] 
3523.617: [GC (GCLocker Initiated GC) [PSYoungGen: 419989K->99212K(465920K)] 1167969K->917655K(1864192K), 0.0631263 secs] [Times: user=0.34 sys=0.00, real=0.06 secs] 
3524.156: [GC (Allocation Failure) [PSYoungGen: 332172K->168020K(465920K)] 1150782K->1018239K(1864192K), 0.0624152 secs] [Times: user=0.29 sys=0.00, real=0.06 secs] 
3524.372: [GC (Allocation Failure) [PSYoungGen: 400980K->185622K(465920K)] 1251199K->1088681K(1864192K), 0.0434954 secs] [Times: user=0.20 sys=0.00, real=0.05 secs] 
3524.550: [GC (Allocation Failure) [PSYoungGen: 407892K->177398K(465920K)] 1310951K->1144841K(1864192K), 0.0601389 secs] [Times: user=0.30 sys=0.00, real=0.06 secs] 
3525.558: [GC (Allocation Failure) [PSYoungGen: 410358K->169715K(402944K)] 1377801K->1193658K(1801216K), 0.0581388 secs] [Times: user=0.29 sys=0.00, real=0.06 secs] 
3526.167: [GC (Allocation Failure) [PSYoungGen: 402675K->106508K(462848K)] 1426618K->1195272K(1861120K), 0.0854830 secs] [Times: user=0.46 sys=0.00, real=0.08 secs] 
3526.420: [GC (Allocation Failure) [PSYoungGen: 333107K->175861K(464384K)] 1421871K->1299206K(1862656K), 0.0367370 secs] [Times: user=0.15 sys=0.00, real=0.04 secs] 
3526.622: [GC (Allocation Failure) [PSYoungGen: 407168K->184374K(465920K)] 1530513K->1362294K(1864192K), 0.0666839 secs] [Times: user=0.32 sys=0.00, real=0.07 secs] 
3526.818: [GC (Allocation Failure) [PSYoungGen: 417334K->186549K(465920K)] 1595254K->1420197K(1864192K), 0.0474858 secs] [Times: user=0.22 sys=0.00, real=0.05 secs] 
3528.313: [GC (Allocation Failure) [PSYoungGen: 419509K->98347K(465920K)] 1653157K->1402412K(1864192K), 0.1057981 secs] [Times: user=0.58 sys=0.01, real=0.11 secs] 
3529.486: [GC (Allocation Failure) [PSYoungGen: 331307K->172276K(465920K)] 1635372K->1508422K(1864192K), 0.0639625 secs] [Times: user=0.30 sys=0.00, real=0.06 secs] 
3529.550: [Full GC (Ergonomics) [PSYoungGen: 172276K->0K(465920K)] [ParOldGen: 1336145K->196753K(1398272K)] 1508422K->196753K(1864192K), [Metaspace: 60146K->60146K(1105920K)], 0.2034950 secs] [Times: user=0.94 sys=0.00, real=0.21 secs] 
3529.870: [GC (Allocation Failure) [PSYoungGen: 232960K->185142K(465920K)] 429713K->381895K(1864192K), 0.0331424 secs] [Times: user=0.14 sys=0.00, real=0.03 secs] 
3530.015: [GC (Allocation Failure) [PSYoungGen: 418102K->183126K(465920K)] 614855K->444404K(1864192K), 0.0442795 secs] [Times: user=0.20 sys=0.00, real=0.04 secs] 
3530.895: [GC (Allocation Failure) [PSYoungGen: 413802K->210163K(465920K)] 675079K->529313K(1864192K), 0.0549853 secs] [Times: user=0.27 sys=0.00, real=0.05 secs] 
3531.339: [GC (Allocation Failure) [PSYoungGen: 443123K->106556K(465920K)] 762273K->491890K(1864192K), 0.0584250 secs] [Times: user=0.30 sys=0.00, real=0.06 secs] 
3531.526: [GC (Allocation Failure) [PSYoungGen: 335594K->176405K(465920K)] 720928K->596107K(1864192K), 0.0351723 secs] [Times: user=0.15 sys=0.00, real=0.03 secs] 
3531.717: [GC (Allocation Failure) [PSYoungGen: 409365K->184950K(465920K)] 829067K->659391K(1864192K), 0.0589417 secs] [Times: user=0.28 sys=0.00, real=0.06 secs] 
3531.936: [GC (Allocation Failure) [PSYoungGen: 417910K->187797K(465920K)] 892351K->718263K(1864192K), 0.0517879 secs] [Times: user=0.25 sys=0.00, real=0.05 secs] 
3533.217: [GC (Allocation Failure) [PSYoungGen: 420757K->97819K(465920K)] 951223K->699217K(1864192K), 0.0439706 secs] [Times: user=0.23 sys=0.00, real=0.04 secs] 
3533.629: [GC (Allocation Failure) [PSYoungGen: 330779K->171572K(465920K)] 932177K->804151K(1864192K), 0.0650879 secs] [Times: user=0.31 sys=0.00, real=0.07 secs] 
3533.925: [GC (Allocation Failure) [PSYoungGen: 404532K->182261K(465920K)] 1037111K->868568K(1864192K), 0.0429832 secs] [Times: user=0.19 sys=0.00, real=0.04 secs] 
3534.109: [GC (Allocation Failure) [PSYoungGen: 415221K->186039K(465920K)] 1101528K->936018K(1864192K), 0.0606221 secs] [Times: user=0.30 sys=0.00, real=0.06 secs] 
3535.054: [GC (Allocation Failure) [PSYoungGen: 414249K->210035K(465920K)] 1164228K->1018894K(1864192K), 0.0578908 secs] [Times: user=0.29 sys=0.00, real=0.05 secs] 
3536.439: [GC (Allocation Failure) [PSYoungGen: 442995K->98091K(465920K)] 1251854K->972966K(1864192K), 0.1109751 secs] [Times: user=0.60 sys=0.01, real=0.11 secs] 
3536.765: [GC (Allocation Failure) [PSYoungGen: 331051K->182262K(465920K)] 1205926K->1088758K(1864192K), 0.0358117 secs] [Times: user=0.14 sys=0.00, real=0.03 secs] 
3536.913: [GC (Allocation Failure) [PSYoungGen: 415222K->185430K(465920K)] 1321718K->1148181K(1864192K), 0.0454200 secs] [Times: user=0.21 sys=0.00, real=0.04 secs] 
3537.066: [GC (Allocation Failure) [PSYoungGen: 418390K->187893K(465920K)] 1381141K->1206797K(1864192K), 0.0474773 secs] [Times: user=0.22 sys=0.00, real=0.05 secs] 
3538.180: [GC (Allocation Failure) [PSYoungGen: 420853K->100012K(465920K)] 1439757K->1189724K(1864192K), 0.0471747 secs] [Times: user=0.24 sys=0.01, real=0.05 secs] 
3538.518: [GC (Allocation Failure) [PSYoungGen: 332947K->175925K(465920K)] 1422659K->1297586K(1864192K), 0.0617194 secs] [Times: user=0.29 sys=0.00, real=0.06 secs] 
3538.780: [GC (Allocation Failure) [PSYoungGen: 408885K->178581K(465920K)] 1530546K->1355421K(1864192K), 0.0563840 secs] [Times: user=0.26 sys=0.01, real=0.06 secs] 
3538.975: [GC (Allocation Failure) [PSYoungGen: 411541K->185495K(465920K)] 1588381K->1424367K(1864192K), 0.0499572 secs] [Times: user=0.23 sys=0.00, real=0.05 secs] 
3539.983: [GC (Allocation Failure) [PSYoungGen: 418455K->170931K(465920K)] 1657327K->1468812K(1864192K), 0.0592282 secs] [Times: user=0.30 sys=0.00, real=0.05 secs] 
3540.403: [GC (Allocation Failure) [PSYoungGen: 403891K->108412K(465920K)] 1701772K->1471637K(1864192K), 0.0544417 secs] [Times: user=0.28 sys=0.00, real=0.05 secs] 
3540.457: [Full GC (Ergonomics) [PSYoungGen: 108412K->0K(465920K)] [ParOldGen: 1363224K->126157K(1398272K)] 1471637K->126157K(1864192K), [Metaspace: 60146K->60146K(1105920K)], 0.1141285 secs] [Times: user=0.48 sys=0.00, real=0.11 secs] 
3540.701: [GC (Allocation Failure) [PSYoungGen: 225930K->174613K(465920K)] 352088K->300771K(1864192K), 0.0351910 secs] [Times: user=0.12 sys=0.00, real=0.04 secs] 
3540.868: [GC (Allocation Failure) [PSYoungGen: 407573K->180053K(465920K)] 533731K->360471K(1864192K), 0.0406402 secs] [Times: user=0.17 sys=0.01, real=0.04 secs] 
3541.050: [GC (Allocation Failure) [PSYoungGen: 413013K->187093K(465920K)] 593431K->422191K(1864192K), 0.0631215 secs] [Times: user=0.30 sys=0.00, real=0.07 secs] 
3542.333: [GC (Allocation Failure) [PSYoungGen: 420053K->99772K(465920K)] 655151K->405390K(1864192K), 0.0674232 secs] [Times: user=0.36 sys=0.00, real=0.06 secs] 
3543.344: [GC (Allocation Failure) [PSYoungGen: 332732K->168052K(465920K)] 638350K->505743K(1864192K), 0.0582476 secs] [Times: user=0.28 sys=0.00, real=0.05 secs] 
3543.539: [GC (Allocation Failure) [PSYoungGen: 401012K->185622K(465920K)] 738703K->576489K(1864192K), 0.0421452 secs] [Times: user=0.19 sys=0.00, real=0.04 secs] 
3543.698: [GC (Allocation Failure) [PSYoungGen: 418582K->185879K(465920K)] 809449K->641258K(1864192K), 0.0500646 secs] [Times: user=0.23 sys=0.00, real=0.05 secs] 
3544.646: [GC (Allocation Failure) [PSYoungGen: 416316K->213812K(465920K)] 871695K->728031K(1864192K), 0.0569898 secs] [Times: user=0.28 sys=0.00, real=0.06 secs] 
3545.241: [GC (Allocation Failure) [PSYoungGen: 446772K->102620K(465920K)] 960991K->684119K(1864192K), 0.0724010 secs] [Times: user=0.38 sys=0.01, real=0.08 secs] 
3545.499: [GC (Allocation Failure) [PSYoungGen: 335492K->180405K(465920K)] 916991K->794509K(1864192K), 0.0353986 secs] [Times: user=0.15 sys=0.00, real=0.04 secs] 
3545.675: [GC (Allocation Failure) [PSYoungGen: 413365K->185366K(465920K)] 1027469K->855910K(1864192K), 0.0519083 secs] [Times: user=0.24 sys=0.00, real=0.05 secs] 
3545.868: [GC (Allocation Failure) [PSYoungGen: 418326K->183348K(465920K)] 1088870K->910020K(1864192K), 0.0451886 secs] [Times: user=0.20 sys=0.00, real=0.05 secs] 
3547.003: [GC (GCLocker Initiated GC) [PSYoungGen: 416308K->98524K(465920K)] 1142980K->894676K(1864192K), 0.0485606 secs] [Times: user=0.26 sys=0.00, real=0.04 secs] 
3547.382: [GC (Allocation Failure) [PSYoungGen: 331484K->173877K(465920K)] 1127802K->1001816K(1864192K), 0.0530087 secs] [Times: user=0.25 sys=0.00, real=0.06 secs] 
3547.552: [GC (Allocation Failure) [PSYoungGen: 406837K->185558K(465920K)] 1234776K->1068226K(1864192K), 0.0441397 secs] [Times: user=0.20 sys=0.00, real=0.05 secs] 
3547.711: [GC (Allocation Failure) [PSYoungGen: 418518K->182934K(465920K)] 1301186K->1130042K(1864192K), 0.0509637 secs] [Times: user=0.24 sys=0.00, real=0.05 secs] 
3548.624: [GC (Allocation Failure) [PSYoungGen: 410785K->193875K(465920K)] 1357893K->1198931K(1864192K), 0.0551530 secs] [Times: user=0.27 sys=0.00, real=0.05 secs] 
3549.889: [GC (Allocation Failure) [PSYoungGen: 426835K->96555K(465920K)] 1431891K->1167703K(1864192K), 0.1008093 secs] [Times: user=0.55 sys=0.00, real=0.10 secs] 
3550.175: [GC (Allocation Failure) [PSYoungGen: 329515K->183670K(465920K)] 1400663K->1285859K(1864192K), 0.0371405 secs] [Times: user=0.15 sys=0.01, real=0.03 secs] 
3550.350: [GC (Allocation Failure) [PSYoungGen: 416630K->185750K(465920K)] 1518819K->1344963K(1864192K), 0.0510172 secs] [Times: user=0.24 sys=0.00, real=0.05 secs] 
3550.531: [GC (Allocation Failure) [PSYoungGen: 418710K->184500K(465920K)] 1577923K->1400041K(1864192K), 0.0477540 secs] [Times: user=0.23 sys=0.00, real=0.05 secs] 
3551.722: [GC (Allocation Failure) [PSYoungGen: 417460K->102492K(465920K)] 1633001K->1387625K(1864192K), 0.0466127 secs] [Times: user=0.25 sys=0.00, real=0.05 secs] 
3552.016: [GC (Allocation Failure) [PSYoungGen: 335452K->174453K(465920K)] 1620585K->1492902K(1864192K), 0.0667436 secs] [Times: user=0.32 sys=0.00, real=0.07 secs] 
3552.083: [Full GC (Ergonomics) [PSYoungGen: 174453K->0K(465920K)] [ParOldGen: 1318449K->199199K(1398272K)] 1492902K->199199K(1864192K), [Metaspace: 60146K->60146K(1105920K)], 0.2122637 secs] [Times: user=0.99 sys=0.00, real=0.21 secs] 
3552.420: [GC (Allocation Failure) [PSYoungGen: 232960K->182005K(465920K)] 432159K->381205K(1864192K), 0.0316332 secs] [Times: user=0.13 sys=0.00, real=0.03 secs] 
3552.577: [GC (Allocation Failure) [PSYoungGen: 414965K->185719K(465920K)] 614165K->448135K(1864192K), 0.0434911 secs] [Times: user=0.19 sys=0.00, real=0.04 secs] 
3553.571: [GC (Allocation Failure) [PSYoungGen: 415413K->206227K(465920K)] 677828K->527470K(1864192K), 0.0544204 secs] [Times: user=0.27 sys=0.00, real=0.06 secs] 
3553.980: [GC (Allocation Failure) [PSYoungGen: 439187K->106316K(465920K)] 760430K->492416K(1864192K), 0.0572345 secs] [Times: user=0.30 sys=0.00, real=0.06 secs] 
3554.226: [GC (Allocation Failure) [PSYoungGen: 339276K->181045K(465920K)] 725376K->600838K(1864192K), 0.0515994 secs] [Times: user=0.23 sys=0.00, real=0.05 secs] 
3554.406: [GC (Allocation Failure) [PSYoungGen: 414005K->181334K(465920K)] 833798K->664531K(1864192K), 0.0492817 secs] [Times: user=0.22 sys=0.00, real=0.05 secs] 
3554.594: [GC (Allocation Failure) [PSYoungGen: 414294K->187125K(465920K)] 897491K->727874K(1864192K), 0.0828451 secs] [Times: user=0.43 sys=0.00, real=0.08 secs] 
3556.018: [GC (Allocation Failure) [PSYoungGen: 420085K->96219K(465920K)] 960834K->707440K(1864192K), 0.0835258 secs] [Times: user=0.45 sys=0.00, real=0.08 secs] 
3556.685: [GC (Allocation Failure) [PSYoungGen: 329179K->174069K(465920K)] 940400K->816966K(1864192K), 0.0545712 secs] [Times: user=0.26 sys=0.00, real=0.05 secs] 
3556.862: [GC (Allocation Failure) [PSYoungGen: 407029K->185366K(465920K)] 1049926K->882867K(1864192K), 0.0440343 secs] [Times: user=0.20 sys=0.01, real=0.05 secs] 
3557.056: [GC (Allocation Failure) [PSYoungGen: 418326K->180054K(465920K)] 1115827K->941812K(1864192K), 0.0728907 secs] [Times: user=0.36 sys=0.00, real=0.07 secs] 
3558.391: [GC (Allocation Failure) [PSYoungGen: 413014K->169427K(465920K)] 1174772K->988537K(1864192K), 0.0586321 secs] [Times: user=0.30 sys=0.00, real=0.06 secs] 
3558.754: [GC (Allocation Failure) [PSYoungGen: 402387K->112013K(465920K)] 1221497K->995851K(1864192K), 0.0483954 secs] [Times: user=0.25 sys=0.00, real=0.04 secs] 
3558.955: [GC (Allocation Failure) [PSYoungGen: 344973K->180117K(465920K)] 1228811K->1099844K(1864192K), 0.0508581 secs] [Times: user=0.23 sys=0.00, real=0.05 secs] 
3559.182: [GC (Allocation Failure) [PSYoungGen: 413077K->185175K(465920K)] 1332804K->1167873K(1864192K), 0.0570840 secs] [Times: user=0.28 sys=0.00, real=0.06 secs] 
3559.347: [GC (Allocation Failure) [PSYoungGen: 418135K->183732K(465920K)] 1400833K->1225287K(1864192K), 0.0584718 secs] [Times: user=0.29 sys=0.01, real=0.06 secs] 
3560.483: [GC (Allocation Failure) [PSYoungGen: 416692K->97339K(465920K)] 1458247K->1208246K(1864192K), 0.0477811 secs] [Times: user=0.25 sys=0.00, real=0.04 secs] 
3560.885: [GC (Allocation Failure) [PSYoungGen: 330299K->176501K(465920K)] 1441206K->1318989K(1864192K), 0.0534095 secs] [Times: user=0.24 sys=0.00, real=0.05 secs] 
3561.141: [GC (Allocation Failure) [PSYoungGen: 409461K->182069K(465920K)] 1551949K->1379657K(1864192K), 0.0622979 secs] [Times: user=0.30 sys=0.00, real=0.07 secs] 
3561.350: [GC (Allocation Failure) [PSYoungGen: 404584K->174997K(465920K)] 1602172K->1435937K(1864192K), 0.0693372 secs] [Times: user=0.34 sys=0.01, real=0.07 secs] 
3562.365: [GC (Allocation Failure) [PSYoungGen: 402824K->190003K(465920K)] 1663764K->1506663K(1864192K), 0.0536250 secs] [Times: user=0.26 sys=0.00, real=0.05 secs] 
3562.418: [Full GC (Ergonomics) [PSYoungGen: 190003K->0K(465920K)] [ParOldGen: 1316659K->363708K(1398272K)] 1506663K->363708K(1864192K), [Metaspace: 60146K->60146K(1105920K)], 0.5441467 secs] [Times: user=2.16 sys=0.00, real=0.54 secs] 
3564.797: [GC (Allocation Failure) [PSYoungGen: 232960K->95972K(465920K)] 596668K->459680K(1864192K), 0.0405171 secs] [Times: user=0.15 sys=0.02, real=0.04 secs] 
3565.087: [GC (Allocation Failure) [PSYoungGen: 328932K->183670K(465920K)] 692640K->582651K(1864192K), 0.0387683 secs] [Times: user=0.16 sys=0.00, real=0.04 secs] 
3565.262: [GC (Allocation Failure) [PSYoungGen: 416630K->185014K(465920K)] 815611K->640891K(1864192K), 0.0488777 secs] [Times: user=0.23 sys=0.00, real=0.05 secs] 
3565.448: [GC (Allocation Failure) [PSYoungGen: 417974K->187829K(465920K)] 873851K->699778K(1864192K), 0.0463556 secs] [Times: user=0.22 sys=0.00, real=0.05 secs] 
3566.578: [GC (Allocation Failure) [PSYoungGen: 420789K->99788K(465920K)] 932738K->682537K(1864192K), 0.0441030 secs] [Times: user=0.23 sys=0.00, real=0.04 secs] 
3566.841: [GC (Allocation Failure) [PSYoungGen: 332748K->170868K(465920K)] 915497K->785962K(1864192K), 0.0409441 secs] [Times: user=0.18 sys=0.01, real=0.04 secs] 
3567.045: [GC (Allocation Failure) [PSYoungGen: 403828K->185014K(465920K)] 1018922K->853496K(1864192K), 0.0563495 secs] [Times: user=0.27 sys=0.00, real=0.05 secs] 
3567.266: [GC (Allocation Failure) [PSYoungGen: 417974K->186263K(465920K)] 1086456K->919089K(1864192K), 0.0511797 secs] [Times: user=0.24 sys=0.00, real=0.05 secs] 
3568.645: [GC (Allocation Failure) [PSYoungGen: 418613K->210195K(465920K)] 1151439K->1002209K(1864192K), 0.0549139 secs] [Times: user=0.27 sys=0.00, real=0.05 secs] 
3570.793: [GC (Allocation Failure) [PSYoungGen: 443144K->93547K(465920K)] 1235158K->951945K(1864192K), 0.1098972 secs] [Times: user=0.60 sys=0.01, real=0.11 secs] 
3571.101: [GC (Allocation Failure) [PSYoungGen: 326507K->181206K(465920K)] 1184905K->1069721K(1864192K), 0.0343352 secs] [Times: user=0.14 sys=0.00, real=0.04 secs] 
3571.251: [GC (Allocation Failure) [PSYoungGen: 414166K->185782K(465920K)] 1302681K->1130737K(1864192K), 0.0440793 secs] [Times: user=0.19 sys=0.00, real=0.05 secs] 
3571.434: [GC (Allocation Failure) [PSYoungGen: 418742K->187637K(465920K)] 1363697K->1188952K(1864192K), 0.0671418 secs] [Times: user=0.30 sys=0.00, real=0.06 secs] 
3572.612: [GC (Allocation Failure) [PSYoungGen: 420597K->100380K(465920K)] 1421912K->1172255K(1864192K), 0.0469414 secs] [Times: user=0.25 sys=0.00, real=0.05 secs] 
3573.263: [GC (Allocation Failure) [PSYoungGen: 333340K->167540K(465920K)] 1405215K->1272903K(1864192K), 0.0700982 secs] [Times: user=0.35 sys=0.00, real=0.07 secs] 
3573.472: [GC (Allocation Failure) [PSYoungGen: 400500K->184630K(465920K)] 1505863K->1342205K(1864192K), 0.0428996 secs] [Times: user=0.19 sys=0.00, real=0.05 secs] 
3573.630: [GC (Allocation Failure) [PSYoungGen: 417590K->186167K(465920K)] 1575165K->1408006K(1864192K), 0.0501907 secs] [Times: user=0.23 sys=0.00, real=0.05 secs] 
3574.213: [GC (Allocation Failure) [PSYoungGen: 419127K->215252K(465920K)] 1640966K->1496163K(1864192K), 0.0540993 secs] [Times: user=0.26 sys=0.00, real=0.05 secs] 
3574.895: [GC (GCLocker Initiated GC) [PSYoungGen: 448212K->103372K(465920K)] 1729123K->1451859K(1864192K), 0.0434178 secs] [Times: user=0.22 sys=0.00, real=0.04 secs] 
3574.938: [Full GC (Ergonomics) [PSYoungGen: 103372K->0K(465920K)] [ParOldGen: 1348487K->120652K(1398272K)] 1451859K->120652K(1864192K), [Metaspace: 60157K->60157K(1105920K)], 0.1086337 secs] [Times: user=0.45 sys=0.00, real=0.11 secs] 
3575.207: [GC (Allocation Failure) [PSYoungGen: 232960K->174037K(465920K)] 353614K->294692K(1864192K), 0.0327157 secs] [Times: user=0.11 sys=0.00, real=0.03 secs] 
3575.374: [GC (Allocation Failure) [PSYoungGen: 406997K->184854K(465920K)] 527652K->359565K(1864192K), 0.0433606 secs] [Times: user=0.18 sys=0.01, real=0.04 secs] 
3575.560: [GC (Allocation Failure) [PSYoungGen: 417814K->187765K(465920K)] 592525K->418324K(1864192K), 0.0571033 secs] [Times: user=0.29 sys=0.00, real=0.06 secs] 
3577.036: [GC (Allocation Failure) [PSYoungGen: 420725K->99948K(465920K)] 651284K->401315K(1864192K), 0.0563924 secs] [Times: user=0.30 sys=0.00, real=0.05 secs] 
3578.960: [GC (Allocation Failure) [PSYoungGen: 332908K->166324K(465920K)] 634275K->499703K(1864192K), 0.0572219 secs] [Times: user=0.27 sys=0.00, real=0.06 secs] 
3579.163: [GC (Allocation Failure) [PSYoungGen: 399284K->185686K(465920K)] 732663K->571482K(1864192K), 0.0420073 secs] [Times: user=0.19 sys=0.00, real=0.04 secs] 
3579.320: [GC (Allocation Failure) [PSYoungGen: 418646K->183126K(465920K)] 804442K->633274K(1864192K), 0.0494119 secs] [Times: user=0.24 sys=0.00, real=0.05 secs] 
3579.729: [GC (Allocation Failure) [PSYoungGen: 416086K->216148K(465920K)] 866234K->724496K(1864192K), 0.0538753 secs] [Times: user=0.27 sys=0.00, real=0.06 secs] 
3580.626: [GC (GCLocker Initiated GC) [PSYoungGen: 449108K->95323K(465920K)] 957456K->672223K(1864192K), 0.0551994 secs] [Times: user=0.29 sys=0.00, real=0.05 secs] 
3580.886: [GC (Allocation Failure) [PSYoungGen: 328283K->180565K(465920K)] 905350K->787533K(1864192K), 0.0435185 secs] [Times: user=0.19 sys=0.00, real=0.04 secs] 
3581.059: [GC (Allocation Failure) [PSYoungGen: 413525K->201494K(465920K)] 1020493K->864881K(1864192K), 0.0445395 secs] [Times: user=0.20 sys=0.00, real=0.05 secs] 
3581.223: [GC (Allocation Failure) [PSYoungGen: 434454K->187573K(465920K)] 1097841K->907089K(1864192K), 0.0457695 secs] [Times: user=0.21 sys=0.00, real=0.04 secs] 
3582.353: [GC (Allocation Failure) [PSYoungGen: 420533K->97835K(465920K)] 1140049K->887863K(1864192K), 0.0449283 secs] [Times: user=0.23 sys=0.00, real=0.05 secs] 
3582.693: [GC (Allocation Failure) [PSYoungGen: 330795K->171572K(465920K)] 1120823K->993548K(1864192K), 0.0740529 secs] [Times: user=0.36 sys=0.00, real=0.07 secs] 
3582.927: [GC (Allocation Failure) [PSYoungGen: 404532K->184246K(465920K)] 1226508K->1059645K(1864192K), 0.0422794 secs] [Times: user=0.19 sys=0.00, real=0.04 secs] 
3583.085: [GC (Allocation Failure) [PSYoungGen: 417206K->186295K(465920K)] 1292605K->1125951K(1864192K), 0.0497202 secs] [Times: user=0.23 sys=0.00, real=0.05 secs] 
3584.062: [GC (Allocation Failure) [PSYoungGen: 419255K->218452K(465920K)] 1358911K->1217220K(1864192K), 0.0535450 secs] [Times: user=0.26 sys=0.00, real=0.06 secs] 
3586.024: [GC (GCLocker Initiated GC) [PSYoungGen: 451412K->95771K(465920K)] 1450180K->1161899K(1864192K), 0.1154685 secs] [Times: user=0.64 sys=0.00, real=0.11 secs] 
3586.340: [GC (Allocation Failure) [PSYoungGen: 328731K->181558K(465920K)] 1394862K->1278730K(1864192K), 0.0354417 secs] [Times: user=0.15 sys=0.00, real=0.04 secs] 
3586.490: [GC (Allocation Failure) [PSYoungGen: 414518K->185302K(465920K)] 1511690K->1339098K(1864192K), 0.0450682 secs] [Times: user=0.21 sys=0.00, real=0.05 secs] 
3586.647: [GC (Allocation Failure) [PSYoungGen: 418262K->187189K(465920K)] 1572058K->1397169K(1864192K), 0.0469541 secs] [Times: user=0.22 sys=0.00, real=0.05 secs] 
3587.721: [GC (Allocation Failure) [PSYoungGen: 420149K->103884K(465920K)] 1630129K->1384593K(1864192K), 0.0472808 secs] [Times: user=0.24 sys=0.00, real=0.05 secs] 
3588.100: [GC (GCLocker Initiated GC) [PSYoungGen: 336844K->174229K(465920K)] 1617553K->1489065K(1864192K), 0.0443962 secs] [Times: user=0.20 sys=0.00, real=0.05 secs] 
3588.144: [Full GC (Ergonomics) [PSYoungGen: 174229K->0K(465920K)] [ParOldGen: 1314836K->199546K(1398272K)] 1489065K->199546K(1864192K), [Metaspace: 60160K->60160K(1105920K)], 0.1869633 secs] [Times: user=0.84 sys=0.00, real=0.18 secs] 
3588.460: [GC (Allocation Failure) [PSYoungGen: 232960K->178581K(465920K)] 432508K->378130K(1864192K), 0.0391167 secs] [Times: user=0.16 sys=0.00, real=0.04 secs] 
3588.670: [GC (Allocation Failure) [PSYoungGen: 411541K->185239K(465920K)] 611090K->447004K(1864192K), 0.0437062 secs] [Times: user=0.20 sys=0.00, real=0.05 secs] 
3589.566: [GC (Allocation Failure) [PSYoungGen: 416275K->211251K(465920K)] 678040K->531848K(1864192K), 0.0559363 secs] [Times: user=0.27 sys=0.00, real=0.05 secs] 
3590.054: [GC (Allocation Failure) [PSYoungGen: 444211K->104716K(465920K)] 764811K->491731K(1864192K), 0.0596458 secs] [Times: user=0.31 sys=0.00, real=0.06 secs] 
3590.304: [GC (Allocation Failure) [PSYoungGen: 337676K->177781K(465920K)] 724691K->598545K(1864192K), 0.0469996 secs] [Times: user=0.21 sys=0.00, real=0.04 secs] 
3590.515: [GC (Allocation Failure) [PSYoungGen: 410741K->184982K(465920K)] 831505K->661618K(1864192K), 0.0574667 secs] [Times: user=0.27 sys=0.00, real=0.05 secs] 
3590.686: [GC (Allocation Failure) [PSYoungGen: 417942K->187477K(465920K)] 894578K->720425K(1864192K), 0.0457197 secs] [Times: user=0.21 sys=0.00, real=0.04 secs] 
3591.971: [GC (GCLocker Initiated GC) [PSYoungGen: 420437K->99996K(465920K)] 953385K->703608K(1864192K), 0.0651259 secs] [Times: user=0.29 sys=0.00, real=0.07 secs] 
3593.329: [GC (Allocation Failure) [PSYoungGen: 332956K->169332K(465920K)] 936735K->805672K(1864192K), 0.0619144 secs] [Times: user=0.30 sys=0.00, real=0.06 secs] 
3593.532: [GC (Allocation Failure) [PSYoungGen: 402292K->185110K(465920K)] 1038632K->874642K(1864192K), 0.0432018 secs] [Times: user=0.19 sys=0.00, real=0.05 secs] 
3593.749: [GC (Allocation Failure) [PSYoungGen: 418070K->185943K(465920K)] 1107602K->939899K(1864192K), 0.0760467 secs] [Times: user=0.38 sys=0.00, real=0.08 secs] 
3594.736: [GC (Allocation Failure) [PSYoungGen: 414185K->192179K(465920K)] 1168141K->1005191K(1864192K), 0.0547426 secs] [Times: user=0.27 sys=0.00, real=0.05 secs] 
3595.400: [GC (Allocation Failure) [PSYoungGen: 425139K->95291K(465920K)] 1238151K->974079K(1864192K), 0.1034935 secs] [Times: user=0.57 sys=0.00, real=0.11 secs] 
3595.722: [GC (Allocation Failure) [PSYoungGen: 328251K->183734K(465920K)] 1207039K->1093347K(1864192K), 0.0360835 secs] [Times: user=0.15 sys=0.01, real=0.04 secs] 
3595.907: [GC (Allocation Failure) [PSYoungGen: 416694K->185494K(465920K)] 1326307K->1152075K(1864192K), 0.0556169 secs] [Times: user=0.27 sys=0.00, real=0.05 secs] 
3596.090: [GC (Allocation Failure) [PSYoungGen: 418454K->187797K(465920K)] 1385035K->1210450K(1864192K), 0.0469096 secs] [Times: user=0.22 sys=0.00, real=0.05 secs] 
3597.240: [GC (Allocation Failure) [PSYoungGen: 420757K->99772K(465920K)] 1443410K->1193189K(1864192K), 0.0612511 secs] [Times: user=0.32 sys=0.01, real=0.06 secs] 
3597.955: [GC (Allocation Failure) [PSYoungGen: 332732K->169812K(465920K)] 1426149K->1295770K(1864192K), 0.0624857 secs] [Times: user=0.30 sys=0.00, real=0.06 secs] 
3598.153: [GC (Allocation Failure) [PSYoungGen: 402772K->185814K(465920K)] 1528730K->1365000K(1864192K), 0.0445786 secs] [Times: user=0.21 sys=0.00, real=0.04 secs] 
3598.312: [GC (Allocation Failure) [PSYoungGen: 418774K->186167K(465920K)] 1597960K->1429953K(1864192K), 0.0519636 secs] [Times: user=0.24 sys=0.00, real=0.06 secs] 
3599.232: [GC (Allocation Failure) [PSYoungGen: 418833K->208595K(465920K)] 1662620K->1511393K(1864192K), 0.0571377 secs] [Times: user=0.28 sys=0.00, real=0.06 secs] 
3600.681: [GC (Allocation Failure) [PSYoungGen: 441555K->96091K(465920K)] 1744353K->1464233K(1864192K), 0.0884189 secs] [Times: user=0.48 sys=0.00, real=0.09 secs] 
3600.769: [Full GC (Ergonomics) [PSYoungGen: 96091K->0K(465920K)] [ParOldGen: 1368142K->113767K(1398272K)] 1464233K->113767K(1864192K), [Metaspace: 60285K->60285K(1105920K)], 0.1608667 secs] [Times: user=0.69 sys=0.00, real=0.16 secs] 
3601.081: [GC (Allocation Failure) [PSYoungGen: 232960K->184054K(465920K)] 346727K->297821K(1864192K), 0.0254841 secs] [Times: user=0.09 sys=0.00, real=0.03 secs] 
3601.219: [GC (Allocation Failure) [PSYoungGen: 417014K->182837K(465920K)] 530781K->354305K(1864192K), 0.0414915 secs] [Times: user=0.18 sys=0.01, real=0.04 secs] 
3601.372: [GC (Allocation Failure) [PSYoungGen: 415797K->187733K(465920K)] 587265K->414832K(1864192K), 0.0450522 secs] [Times: user=0.21 sys=0.01, real=0.05 secs] 
3602.442: [GC (Allocation Failure) [PSYoungGen: 420693K->99356K(465920K)] 647794K->397173K(1864192K), 0.0435958 secs] [Times: user=0.22 sys=0.00, real=0.05 secs] 
3602.713: [GC (Allocation Failure) [PSYoungGen: 332316K->173877K(465920K)] 630133K->504178K(1864192K), 0.0412715 secs] [Times: user=0.19 sys=0.00, real=0.05 secs] 
3602.865: [GC (Allocation Failure) [PSYoungGen: 406837K->182101K(465920K)] 737138K->566555K(1864192K), 0.0428471 secs] [Times: user=0.19 sys=0.00, real=0.04 secs] 
3603.023: [GC (Allocation Failure) [PSYoungGen: 415061K->185623K(465920K)] 799515K->633452K(1864192K), 0.0498345 secs] [Times: user=0.23 sys=0.00, real=0.05 secs] 
3604.091: [GC (Allocation Failure) [PSYoungGen: 416269K->211059K(465920K)] 864098K->718001K(1864192K), 0.0557634 secs] [Times: user=0.28 sys=0.00, real=0.06 secs] 
3604.697: [GC (Allocation Failure) [PSYoungGen: 444017K->102492K(465920K)] 950959K->675753K(1864192K), 0.0658044 secs] [Times: user=0.34 sys=0.01, real=0.07 secs] 
3604.968: [GC (Allocation Failure) [PSYoungGen: 335137K->180534K(465920K)] 908399K->786804K(1864192K), 0.0451033 secs] [Times: user=0.19 sys=0.00, real=0.05 secs] 
3605.175: [GC (Allocation Failure) [PSYoungGen: 413494K->185686K(465920K)] 1019764K->848080K(1864192K), 0.0519056 secs] [Times: user=0.25 sys=0.00, real=0.05 secs] 
3605.353: [GC (Allocation Failure) [PSYoungGen: 418646K->187669K(465920K)] 1081040K->906448K(1864192K), 0.0461726 secs] [Times: user=0.22 sys=0.00, real=0.04 secs] 
3606.520: [GC (Allocation Failure) [PSYoungGen: 420629K->98491K(465920K)] 1139408K->887902K(1864192K), 0.0628650 secs] [Times: user=0.33 sys=0.01, real=0.07 secs] 
3607.687: [GC (Allocation Failure) [PSYoungGen: 331451K->168788K(465920K)] 1120862K->989667K(1864192K), 0.0589401 secs] [Times: user=0.28 sys=0.00, real=0.06 secs] 
3607.888: [GC (Allocation Failure) [PSYoungGen: 401748K->185558K(465920K)] 1222627K->1059641K(1864192K), 0.0429653 secs] [Times: user=0.19 sys=0.01, real=0.04 secs] 
3608.047: [GC (Allocation Failure) [PSYoungGen: 418518K->186167K(465920K)] 1292601K->1124546K(1864192K), 0.0506709 secs] [Times: user=0.24 sys=0.00, real=0.05 secs] 
3609.083: [GC (Allocation Failure) [PSYoungGen: 419127K->170387K(465920K)] 1357506K->1167918K(1864192K), 0.0556429 secs] [Times: user=0.28 sys=0.00, real=0.05 secs] 
3609.558: [GC (Allocation Failure) [PSYoungGen: 403347K->111021K(465920K)] 1400878K->1173784K(1864192K), 0.0820574 secs] [Times: user=0.43 sys=0.00, real=0.08 secs] 
3609.829: [GC (Allocation Failure) [PSYoungGen: 343981K->193557K(465920K)] 1406744K->1291609K(1864192K), 0.0377004 secs] [Times: user=0.16 sys=0.00, real=0.04 secs] 
3610.018: [GC (Allocation Failure) [PSYoungGen: 426517K->182006K(465920K)] 1524569K->1342095K(1864192K), 0.0576942 secs] [Times: user=0.29 sys=0.00, real=0.06 secs] 
3610.206: [GC (Allocation Failure) [PSYoungGen: 414966K->183028K(465920K)] 1575055K->1400701K(1864192K), 0.0592474 secs] [Times: user=0.29 sys=0.00, real=0.06 secs] 
3611.344: [GC (Allocation Failure) [PSYoungGen: 415988K->102476K(465920K)] 1633661K->1389273K(1864192K), 0.0479511 secs] [Times: user=0.25 sys=0.00, real=0.04 secs] 
3611.664: [GC (Allocation Failure) [PSYoungGen: 335436K->176405K(465920K)] 1622233K->1496374K(1864192K), 0.0626138 secs] [Times: user=0.30 sys=0.00, real=0.06 secs] 
3611.727: [Full GC (Ergonomics) [PSYoungGen: 176405K->0K(465920K)] [ParOldGen: 1319969K->202598K(1398272K)] 1496374K->202598K(1864192K), [Metaspace: 60288K->60288K(1105920K)], 0.2175163 secs] [Times: user=1.02 sys=0.00, real=0.22 secs] 
3612.092: [GC (Allocation Failure) [PSYoungGen: 232960K->185302K(465920K)] 435558K->387900K(1864192K), 0.0361247 secs] [Times: user=0.15 sys=0.01, real=0.04 secs] 
3612.237: [GC (Allocation Failure) [PSYoungGen: 410437K->175862K(465920K)] 613035K->443116K(1864192K), 0.0425938 secs] [Times: user=0.20 sys=0.00, real=0.04 secs] 
3613.214: [GC (Allocation Failure) [PSYoungGen: 408822K->169779K(465920K)] 676076K->492873K(1864192K), 0.0558436 secs] [Times: user=0.27 sys=0.00, real=0.05 secs] 
3614.308: [GC (Allocation Failure) [PSYoungGen: 402739K->103628K(465920K)] 725833K->491459K(1864192K), 0.0961404 secs] [Times: user=0.52 sys=0.00, real=0.10 secs] 
3614.586: [GC (Allocation Failure) [PSYoungGen: 333404K->178133K(465920K)] 721234K->599373K(1864192K), 0.0342406 secs] [Times: user=0.14 sys=0.00, real=0.03 secs] 
3614.736: [GC (Allocation Failure) [PSYoungGen: 411093K->185494K(465920K)] 832333K->662429K(1864192K), 0.0426689 secs] [Times: user=0.19 sys=0.00, real=0.04 secs] 
3614.891: [GC (Allocation Failure) [PSYoungGen: 418454K->187733K(465920K)] 895389K->720692K(1864192K), 0.0449642 secs] [Times: user=0.21 sys=0.00, real=0.05 secs] 
3616.063: [GC (Allocation Failure) [PSYoungGen: 420693K->98859K(465920K)] 953652K->702583K(1864192K), 0.0440736 secs] [Times: user=0.23 sys=0.00, real=0.04 secs] 
3616.619: [GC (Allocation Failure) [PSYoungGen: 331819K->175189K(465920K)] 935543K->810629K(1864192K), 0.0658856 secs] [Times: user=0.31 sys=0.00, real=0.07 secs] 
3616.835: [GC (Allocation Failure) [PSYoungGen: 408149K->185206K(465920K)] 1043589K->875353K(1864192K), 0.0436343 secs] [Times: user=0.19 sys=0.01, real=0.04 secs] 
3617.032: [GC (Allocation Failure) [PSYoungGen: 415251K->181206K(465920K)] 1105399K->935842K(1864192K), 0.0592114 secs] [Times: user=0.29 sys=0.00, real=0.06 secs] 
3617.902: [GC (Allocation Failure) [PSYoungGen: 414166K->210451K(465920K)] 1168802K->1022791K(1864192K), 0.0553821 secs] [Times: user=0.28 sys=0.00, real=0.06 secs] 
3618.403: [GC (GCLocker Initiated GC) [PSYoungGen: 443411K->102540K(465920K)] 1255751K->979504K(1864192K), 0.0576015 secs] [Times: user=0.30 sys=0.00, real=0.05 secs] 
3618.646: [GC (Allocation Failure) [PSYoungGen: 335500K->178870K(465920K)] 1220819K->1097193K(1864192K), 0.1171387 secs] [Times: user=0.63 sys=0.00, real=0.12 secs] 
3618.880: [GC (Allocation Failure) [PSYoungGen: 411830K->185431K(465920K)] 1330153K->1160562K(1864192K), 0.1570215 secs] [Times: user=0.88 sys=0.00, real=0.16 secs] 
3619.390: [GC (Allocation Failure) [PSYoungGen: 418391K->184149K(465920K)] 1393522K->1218080K(1864192K), 0.0602691 secs] [Times: user=0.30 sys=0.00, real=0.06 secs] 
3620.614: [GC (Allocation Failure) [PSYoungGen: 417109K->94539K(465920K)] 1451040K->1197974K(1864192K), 0.0518705 secs] [Times: user=0.28 sys=0.00, real=0.05 secs] 
3621.625: [GC (Allocation Failure) [PSYoungGen: 327499K->172852K(465920K)] 1430934K->1306556K(1864192K), 0.0501434 secs] [Times: user=0.23 sys=0.00, real=0.05 secs] 
3621.814: [GC (Allocation Failure) [PSYoungGen: 405812K->185654K(465920K)] 1539516K->1373742K(1864192K), 0.0441301 secs] [Times: user=0.20 sys=0.00, real=0.04 secs] 
3621.971: [GC (Allocation Failure) [PSYoungGen: 413452K->180086K(465920K)] 1601540K->1432662K(1864192K), 0.0503933 secs] [Times: user=0.24 sys=0.00, real=0.05 secs] 
3622.984: [GC (Allocation Failure) [PSYoungGen: 413046K->168915K(465920K)] 1665622K->1478607K(1864192K), 0.0558680 secs] [Times: user=0.28 sys=0.00, real=0.05 secs] 
3623.570: [GC (Allocation Failure) [PSYoungGen: 401875K->109965K(465920K)] 1711567K->1484025K(1864192K), 0.0808153 secs] [Times: user=0.42 sys=0.00, real=0.08 secs] 
3623.651: [Full GC (Ergonomics) [PSYoungGen: 109965K->0K(465920K)] [ParOldGen: 1374060K->128185K(1398272K)] 1484025K->128185K(1864192K), [Metaspace: 60290K->60290K(1105920K)], 0.1805278 secs] [Times: user=0.80 sys=0.01, real=0.18 secs] 
3623.960: [GC (GCLocker Initiated GC) [PSYoungGen: 232960K->179413K(465920K)] 361146K->307599K(1864192K), 0.0264330 secs] [Times: user=0.09 sys=0.00, real=0.03 secs] 
3624.108: [GC (Allocation Failure) [PSYoungGen: 412373K->185463K(465920K)] 540562K->384696K(1864192K), 0.0476498 secs] [Times: user=0.22 sys=0.00, real=0.05 secs] 
3624.263: [GC (Allocation Failure) [PSYoungGen: 418423K->184212K(465920K)] 617656K->442334K(1864192K), 0.0568635 secs] [Times: user=0.27 sys=0.00, real=0.06 secs] 
3625.367: [GC (Allocation Failure) [PSYoungGen: 417172K->98059K(465920K)] 675294K->425733K(1864192K), 0.0480594 secs] [Times: user=0.25 sys=0.01, real=0.05 secs] 
3625.697: [GC (Allocation Failure) [PSYoungGen: 331019K->176085K(465920K)] 658693K->535310K(1864192K), 0.0696399 secs] [Times: user=0.33 sys=0.00, real=0.07 secs] 
3625.925: [GC (Allocation Failure) [PSYoungGen: 409045K->185654K(465920K)] 768270K->599883K(1864192K), 0.0438485 secs] [Times: user=0.20 sys=0.00, real=0.04 secs] 
3626.111: [GC (Allocation Failure) [PSYoungGen: 411515K->174581K(465920K)] 825744K->653251K(1864192K), 0.0505842 secs] [Times: user=0.24 sys=0.00, real=0.05 secs] 
3627.628: [GC (Allocation Failure) [PSYoungGen: 402701K->205074K(465920K)] 881371K->738992K(1864192K), 0.0526736 secs] [Times: user=0.26 sys=0.00, real=0.05 secs] 
3628.926: [GC (Allocation Failure) [PSYoungGen: 438034K->98331K(465920K)] 971952K->696481K(1864192K), 0.0900955 secs] [Times: user=0.48 sys=0.00, real=0.09 secs] 
3629.198: [GC (Allocation Failure) [PSYoungGen: 331291K->183958K(465920K)] 929441K->814435K(1864192K), 0.0352931 secs] [Times: user=0.15 sys=0.00, real=0.04 secs] 
3629.348: [GC (Allocation Failure) [PSYoungGen: 416918K->185686K(465920K)] 1047395K->873443K(1864192K), 0.0443138 secs] [Times: user=0.21 sys=0.00, real=0.04 secs] 
3629.570: [GC (Allocation Failure) [PSYoungGen: 418646K->187317K(465920K)] 1106403K->931314K(1864192K), 0.0556343 secs] [Times: user=0.27 sys=0.00, real=0.06 secs] 
3630.852: [GC (Allocation Failure) [PSYoungGen: 420277K->99019K(465920K)] 1164274K->913464K(1864192K), 0.0447362 secs] [Times: user=0.23 sys=0.00, real=0.05 secs] 
3631.552: [GC (Allocation Failure) [PSYoungGen: 331979K->170324K(465920K)] 1146424K->1016598K(1864192K), 0.0579100 secs] [Times: user=0.27 sys=0.00, real=0.06 secs] 
3631.742: [GC (Allocation Failure) [PSYoungGen: 403284K->185750K(465920K)] 1249558K->1085452K(1864192K), 0.0434997 secs] [Times: user=0.19 sys=0.00, real=0.05 secs] 
3631.928: [GC (Allocation Failure) [PSYoungGen: 418645K->186167K(465920K)] 1318347K->1150485K(1864192K), 0.0554987 secs] [Times: user=0.27 sys=0.00, real=0.06 secs] 
3632.904: [GC (Allocation Failure) [PSYoungGen: 419127K->212214K(465920K)] 1383445K->1235540K(1864192K), 0.0506339 secs] [Times: user=0.24 sys=0.00, real=0.05 secs] 
3633.298: [GC (Allocation Failure) [PSYoungGen: 445174K->105564K(465920K)] 1468500K->1193542K(1864192K), 0.0601904 secs] [Times: user=0.31 sys=0.01, real=0.06 secs] 
3633.495: [GC (Allocation Failure) [PSYoungGen: 338524K->188981K(465920K)] 1426502K->1310884K(1864192K), 0.0363120 secs] [Times: user=0.16 sys=0.00, real=0.03 secs] 
3633.681: [GC (Allocation Failure) [PSYoungGen: 421941K->182038K(465920K)] 1543844K->1367005K(1864192K), 0.0634242 secs] [Times: user=0.31 sys=0.00, real=0.07 secs] 
3633.904: [GC (Allocation Failure) [PSYoungGen: 414901K->184404K(465920K)] 1599867K->1427083K(1864192K), 0.0801393 secs] [Times: user=0.41 sys=0.00, real=0.08 secs] 
3636.142: [GC (Allocation Failure) [PSYoungGen: 417364K->97419K(465920K)] 1660043K->1409738K(1864192K), 0.0901575 secs] [Times: user=0.50 sys=0.00, real=0.09 secs] 
3636.233: [Full GC (Ergonomics) [PSYoungGen: 97419K->0K(465920K)] [ParOldGen: 1312318K->91378K(1398272K)] 1409738K->91378K(1864192K), [Metaspace: 60290K->60290K(1105920K)], 0.0634738 secs] [Times: user=0.19 sys=0.00, real=0.07 secs] 
3637.360: [GC (Allocation Failure) [PSYoungGen: 232960K->168052K(465920K)] 324338K->259430K(1864192K), 0.0344536 secs] [Times: user=0.13 sys=0.00, real=0.04 secs] 
3637.610: [GC (Allocation Failure) [PSYoungGen: 401012K->185590K(465920K)] 492390K->329664K(1864192K), 0.0582171 secs] [Times: user=0.28 sys=0.00, real=0.06 secs] 
3637.794: [GC (Allocation Failure) [PSYoungGen: 418550K->185495K(465920K)] 562624K->394073K(1864192K), 0.0493455 secs] [Times: user=0.23 sys=0.00, real=0.05 secs] 
3638.731: [GC (Allocation Failure) [PSYoungGen: 418455K->173043K(465920K)] 627033K->440625K(1864192K), 0.0547792 secs] [Times: user=0.27 sys=0.00, real=0.06 secs] 
3639.237: [GC (GCLocker Initiated GC) [PSYoungGen: 406003K->102780K(465920K)] 673586K->436282K(1864192K), 0.0836558 secs] [Times: user=0.44 sys=0.01, real=0.08 secs] 
3639.538: [GC (Allocation Failure) [PSYoungGen: 335740K->178102K(465920K)] 677441K->552634K(1864192K), 0.1384422 secs] [Times: user=0.76 sys=0.00, real=0.14 secs] 
3639.792: [GC (Allocation Failure) [PSYoungGen: 411062K->185303K(465920K)] 785594K->616719K(1864192K), 0.1463385 secs] [Times: user=0.81 sys=0.00, real=0.15 secs] 
3640.056: [GC (Allocation Failure) [PSYoungGen: 418263K->187221K(465920K)] 849679K->677390K(1864192K), 0.0578649 secs] [Times: user=0.29 sys=0.00, real=0.06 secs] 
3641.627: [GC (Allocation Failure) [PSYoungGen: 420181K->94795K(465920K)] 910350K->655620K(1864192K), 0.0620686 secs] [Times: user=0.33 sys=0.00, real=0.06 secs] 
3642.200: [GC (Allocation Failure) [PSYoungGen: 327755K->175605K(465920K)] 888580K->766682K(1864192K), 0.0539998 secs] [Times: user=0.24 sys=0.00, real=0.06 secs] 
3642.439: [GC (Allocation Failure) [PSYoungGen: 408565K->185526K(465920K)] 999642K->831759K(1864192K), 0.0587853 secs] [Times: user=0.28 sys=0.00, real=0.06 secs] 
3642.664: [GC (Allocation Failure) [PSYoungGen: 409563K->175157K(465920K)] 1055797K->885567K(1864192K), 0.0666774 secs] [Times: user=0.32 sys=0.00, real=0.06 secs] 
3643.673: [GC (Allocation Failure) [PSYoungGen: 408117K->169075K(465920K)] 1118527K->935244K(1864192K), 0.0565097 secs] [Times: user=0.28 sys=0.00, real=0.05 secs] 
3644.931: [GC (Allocation Failure) [PSYoungGen: 402035K->107212K(465920K)] 1168204K->938074K(1864192K), 0.1126023 secs] [Times: user=0.60 sys=0.00, real=0.12 secs] 
3645.238: [GC (Allocation Failure) [PSYoungGen: 337557K->176149K(465920K)] 1168419K->1042100K(1864192K), 0.0361064 secs] [Times: user=0.15 sys=0.00, real=0.04 secs] 
3645.419: [GC (Allocation Failure) [PSYoungGen: 409109K->185622K(465920K)] 1275060K->1106356K(1864192K), 0.0667581 secs] [Times: user=0.32 sys=0.00, real=0.07 secs] 
3645.622: [GC (Allocation Failure) [PSYoungGen: 418582K->186933K(465920K)] 1339316K->1163756K(1864192K), 0.0482281 secs] [Times: user=0.22 sys=0.00, real=0.05 secs] 
3646.697: [GC (Allocation Failure) [PSYoungGen: 419893K->101708K(465920K)] 1396716K->1149219K(1864192K), 0.0467151 secs] [Times: user=0.24 sys=0.00, real=0.05 secs] 
3647.048: [GC (Allocation Failure) [PSYoungGen: 334668K->173332K(465920K)] 1382179K->1253724K(1864192K), 0.0609537 secs] [Times: user=0.28 sys=0.01, real=0.06 secs] 
3647.256: [GC (Allocation Failure) [PSYoungGen: 406292K->180629K(465920K)] 1486684K->1315133K(1864192K), 0.0443006 secs] [Times: user=0.19 sys=0.00, real=0.04 secs] 
3647.441: [GC (Allocation Failure) [PSYoungGen: 411167K->184087K(465920K)] 1545670K->1381622K(1864192K), 0.0552573 secs] [Times: user=0.27 sys=0.00, real=0.06 secs] 
3649.133: [GC (Allocation Failure) [PSYoungGen: 417047K->170387K(465920K)] 1614582K->1426603K(1864192K), 0.0588583 secs] [Times: user=0.29 sys=0.00, real=0.05 secs] 
3649.665: [GC (Allocation Failure) [PSYoungGen: 403347K->107724K(465920K)] 1659563K->1429164K(1864192K), 0.0418792 secs] [Times: user=0.21 sys=0.00, real=0.04 secs] 
3649.707: [Full GC (Ergonomics) [PSYoungGen: 107724K->0K(465920K)] [ParOldGen: 1321439K->126065K(1398272K)] 1429164K->126065K(1864192K), [Metaspace: 60297K->60297K(1105920K)], 0.1106298 secs] [Times: user=0.46 sys=0.00, real=0.11 secs] 
3649.932: [GC (Allocation Failure) [PSYoungGen: 232960K->180309K(465920K)] 359025K->306375K(1864192K), 0.0265198 secs] [Times: user=0.09 sys=0.00, real=0.03 secs] 
3650.074: [GC (Allocation Failure) [PSYoungGen: 413269K->182326K(465920K)] 539335K->371136K(1864192K), 0.0466950 secs] [Times: user=0.22 sys=0.00, real=0.04 secs] 
3650.235: [GC (Allocation Failure) [PSYoungGen: 415286K->186741K(465920K)] 604096K->433719K(1864192K), 0.0560840 secs] [Times: user=0.27 sys=0.00, real=0.05 secs] 
3651.751: [GC (Allocation Failure) [PSYoungGen: 419701K->96955K(465920K)] 666679K->414349K(1864192K), 0.0753104 secs] [Times: user=0.41 sys=0.00, real=0.08 secs] 
3652.693: [GC (Allocation Failure) [PSYoungGen: 329915K->171636K(465920K)] 647309K->520791K(1864192K), 0.0525772 secs] [Times: user=0.24 sys=0.01, real=0.05 secs] 
3652.881: [GC (Allocation Failure) [PSYoungGen: 404596K->184726K(465920K)] 753751K->587356K(1864192K), 0.0421724 secs] [Times: user=0.19 sys=0.00, real=0.04 secs] 
3653.038: [GC (Allocation Failure) [PSYoungGen: 416152K->182102K(465920K)] 818782K->648813K(1864192K), 0.0491418 secs] [Times: user=0.23 sys=0.00, real=0.05 secs] 
3654.044: [GC (Allocation Failure) [PSYoungGen: 415062K->168018K(465920K)] 881773K->692345K(1864192K), 0.0536608 secs] [Times: user=0.26 sys=0.01, real=0.05 secs] 
3654.783: [GC (Allocation Failure) [PSYoungGen: 400978K->109117K(465920K)] 925305K->697803K(1864192K), 0.0735139 secs] [Times: user=0.39 sys=0.00, real=0.08 secs] 
3655.080: [GC (Allocation Failure) [PSYoungGen: 335547K->172917K(465920K)] 924234K->796880K(1864192K), 0.0366660 secs] [Times: user=0.15 sys=0.00, real=0.04 secs] 
3655.253: [GC (Allocation Failure) [PSYoungGen: 405877K->185718K(465920K)] 1029840K->863409K(1864192K), 0.0564751 secs] [Times: user=0.26 sys=0.00, real=0.05 secs] 
3655.459: [GC (Allocation Failure) [PSYoungGen: 418678K->187701K(465920K)] 1096369K->921593K(1864192K), 0.0468936 secs] [Times: user=0.22 sys=0.00, real=0.05 secs] 
3656.522: [GC (GCLocker Initiated GC) [PSYoungGen: 420661K->103212K(465920K)] 1154555K->907862K(1864192K), 0.0454515 secs] [Times: user=0.23 sys=0.00, real=0.05 secs] 
3657.082: [GC (Allocation Failure) [PSYoungGen: 336172K->173781K(465920K)] 1140989K->1011922K(1864192K), 0.0554840 secs] [Times: user=0.26 sys=0.00, real=0.06 secs] 
3657.274: [GC (Allocation Failure) [PSYoungGen: 406741K->182389K(465920K)] 1244882K->1074579K(1864192K), 0.0432331 secs] [Times: user=0.20 sys=0.00, real=0.04 secs] 
3657.431: [GC (Allocation Failure) [PSYoungGen: 415349K->181558K(465920K)] 1307539K->1137140K(1864192K), 0.0496409 secs] [Times: user=0.24 sys=0.00, real=0.05 secs] 
3658.948: [GC (Allocation Failure) [PSYoungGen: 414518K->169139K(463872K)] 1370100K->1182216K(1862144K), 0.0553045 secs] [Times: user=0.28 sys=0.00, real=0.06 secs] 
3660.836: [GC (Allocation Failure) [PSYoungGen: 402099K->103916K(464896K)] 1415176K->1181633K(1863168K), 0.0944647 secs] [Times: user=0.51 sys=0.00, real=0.09 secs] 
3661.149: [GC (Allocation Failure) [PSYoungGen: 330473K->178389K(465920K)] 1408190K->1289748K(1864192K), 0.0398987 secs] [Times: user=0.17 sys=0.01, real=0.04 secs] 
3661.301: [GC (Allocation Failure) [PSYoungGen: 411349K->185814K(465920K)] 1522708K->1352484K(1864192K), 0.0444170 secs] [Times: user=0.20 sys=0.00, real=0.05 secs] 
3661.452: [GC (Allocation Failure) [PSYoungGen: 418774K->184885K(465920K)] 1585444K->1407747K(1864192K), 0.0461224 secs] [Times: user=0.22 sys=0.00, real=0.05 secs] 
3662.599: [GC (Allocation Failure) [PSYoungGen: 417845K->101852K(465920K)] 1640707K->1394386K(1864192K), 0.0451999 secs] [Times: user=0.23 sys=0.00, real=0.05 secs] 
3662.798: [GC (Allocation Failure) [PSYoungGen: 334812K->172981K(465920K)] 1627346K->1498879K(1864192K), 0.0586996 secs] [Times: user=0.27 sys=0.01, real=0.06 secs] 
3662.857: [Full GC (Ergonomics) [PSYoungGen: 172981K->0K(465920K)] [ParOldGen: 1325898K->199000K(1398272K)] 1498879K->199000K(1864192K), [Metaspace: 60304K->60304K(1105920K)], 0.2166415 secs] [Times: user=1.01 sys=0.00, real=0.22 secs] 
3663.190: [GC (Allocation Failure) [PSYoungGen: 232960K->184726K(465920K)] 431960K->383726K(1864192K), 0.0339159 secs] [Times: user=0.14 sys=0.00, real=0.04 secs] 
3663.361: [GC (Allocation Failure) [PSYoungGen: 417686K->184119K(465920K)] 616686K->447503K(1864192K), 0.0438368 secs] [Times: user=0.20 sys=0.00, real=0.05 secs] 
3664.361: [GC (Allocation Failure) [PSYoungGen: 417079K->168114K(465920K)] 680463K->490003K(1864192K), 0.0539667 secs] [Times: user=0.26 sys=0.00, real=0.06 secs] 
3664.821: [GC (Allocation Failure) [PSYoungGen: 401074K->111341K(465920K)] 722963K->497709K(1864192K), 0.0930239 secs] [Times: user=0.50 sys=0.00, real=0.10 secs] 
3665.091: [GC (Allocation Failure) [PSYoungGen: 344301K->179733K(465920K)] 730669K->601858K(1864192K), 0.0363840 secs] [Times: user=0.16 sys=0.00, real=0.04 secs] 
3665.244: [GC (Allocation Failure) [PSYoungGen: 412693K->185335K(465920K)] 834818K->670060K(1864192K), 0.0494443 secs] [Times: user=0.23 sys=0.00, real=0.05 secs] 
3665.403: [GC (Allocation Failure) [PSYoungGen: 418295K->184757K(465920K)] 903020K->728266K(1864192K), 0.0587138 secs] [Times: user=0.29 sys=0.01, real=0.05 secs] 
3666.735: [GC (Allocation Failure) [PSYoungGen: 417717K->99660K(465920K)] 961226K->712877K(1864192K), 0.0667442 secs] [Times: user=0.36 sys=0.00, real=0.06 secs] 
3667.858: [GC (Allocation Failure) [PSYoungGen: 332503K->167316K(465920K)] 945720K->812858K(1864192K), 0.0522242 secs] [Times: user=0.24 sys=0.00, real=0.05 secs] 
3668.051: [GC (Allocation Failure) [PSYoungGen: 400276K->185558K(465920K)] 1045818K->883720K(1864192K), 0.0421520 secs] [Times: user=0.19 sys=0.00, real=0.05 secs] 
3668.206: [GC (Allocation Failure) [PSYoungGen: 412958K->179158K(465920K)] 1111120K->941664K(1864192K), 0.0489303 secs] [Times: user=0.23 sys=0.00, real=0.05 secs] 
3669.245: [GC (Allocation Failure) [PSYoungGen: 412118K->168147K(460800K)] 1174624K->987621K(1859072K), 0.0564128 secs] [Times: user=0.29 sys=0.00, real=0.05 secs] 
3669.630: [GC (Allocation Failure) [PSYoungGen: 401107K->113261K(463360K)] 1220581K->997159K(1861632K), 0.0598231 secs] [Times: user=0.31 sys=0.00, real=0.06 secs] 
3669.822: [GC (Allocation Failure) [PSYoungGen: 346221K->179957K(465408K)] 1230119K->1100068K(1863680K), 0.0368647 secs] [Times: user=0.16 sys=0.00, real=0.04 secs] 
3669.997: [GC (Allocation Failure) [PSYoungGen: 412917K->181878K(465920K)] 1333028K->1164877K(1864192K), 0.0551613 secs] [Times: user=0.27 sys=0.00, real=0.05 secs] 
3670.162: [GC (Allocation Failure) [PSYoungGen: 414838K->187221K(465920K)] 1397837K->1228308K(1864192K), 0.0574303 secs] [Times: user=0.28 sys=0.00, real=0.06 secs] 
3671.638: [GC (GCLocker Initiated GC) [PSYoungGen: 420181K->95147K(465920K)] 1461272K->1206798K(1864192K), 0.0674188 secs] [Times: user=0.36 sys=0.00, real=0.07 secs] 
3672.111: [GC (Allocation Failure) [PSYoungGen: 328107K->177045K(465920K)] 1439760K->1319875K(1864192K), 0.0534531 secs] [Times: user=0.24 sys=0.00, real=0.06 secs] 
3672.342: [GC (Allocation Failure) [PSYoungGen: 410005K->185366K(465920K)] 1552835K->1383511K(1864192K), 0.0584743 secs] [Times: user=0.28 sys=0.00, real=0.06 secs] 
3672.515: [GC (Allocation Failure) [PSYoungGen: 413038K->173525K(465920K)] 1611184K->1435975K(1864192K), 0.0491586 secs] [Times: user=0.23 sys=0.00, real=0.05 secs] 
3673.508: [GC (Allocation Failure) [PSYoungGen: 406485K->168627K(401920K)] 1668935K->1485964K(1800192K), 0.0541912 secs] [Times: user=0.27 sys=0.00, real=0.05 secs] 
3673.562: [Full GC (Ergonomics) [PSYoungGen: 168627K->0K(401920K)] [ParOldGen: 1317337K->358358K(1398272K)] 1485964K->358358K(1800192K), [Metaspace: 60305K->60305K(1105920K)], 0.6000166 secs] [Times: user=2.53 sys=0.00, real=0.60 secs] 
3675.586: [GC (Allocation Failure) [PSYoungGen: 232960K->102412K(460800K)] 591318K->460770K(1859072K), 0.0433459 secs] [Times: user=0.16 sys=0.01, real=0.04 secs] 
3675.869: [GC (Allocation Failure) [PSYoungGen: 332812K->176821K(463360K)] 691170K->568104K(1861632K), 0.0381330 secs] [Times: user=0.17 sys=0.00, real=0.04 secs] 
3676.020: [GC (Allocation Failure) [PSYoungGen: 407221K->183605K(465920K)] 798504K->630161K(1864192K), 0.0424091 secs] [Times: user=0.20 sys=0.00, real=0.04 secs] 
3676.223: [GC (Allocation Failure) [PSYoungGen: 416565K->187509K(465920K)] 863121K->689560K(1864192K), 0.0641467 secs] [Times: user=0.31 sys=0.00, real=0.06 secs] 
3677.359: [GC (Allocation Failure) [PSYoungGen: 420469K->104748K(465920K)] 922520K->677544K(1864192K), 0.0448142 secs] [Times: user=0.23 sys=0.01, real=0.05 secs] 
3677.733: [GC (Allocation Failure) [PSYoungGen: 337708K->168628K(465920K)] 910504K->775260K(1864192K), 0.0659771 secs] [Times: user=0.31 sys=0.01, real=0.07 secs] 
3677.960: [GC (Allocation Failure) [PSYoungGen: 401588K->181429K(465920K)] 1008220K->840593K(1864192K), 0.0420902 secs] [Times: user=0.19 sys=0.00, real=0.04 secs] 
3678.160: [GC (Allocation Failure) [PSYoungGen: 414389K->185655K(465920K)] 1073553K->908043K(1864192K), 0.0497738 secs] [Times: user=0.23 sys=0.01, real=0.05 secs] 
3679.121: [GC (Allocation Failure) [PSYoungGen: 418615K->174483K(465920K)] 1141003K->955888K(1864192K), 0.0590898 secs] [Times: user=0.30 sys=0.00, real=0.06 secs] 
3679.594: [GC (Allocation Failure) [PSYoungGen: 407443K->112173K(465920K)] 1188848K->959957K(1864192K), 0.0537730 secs] [Times: user=0.27 sys=0.00, real=0.05 secs] 
3679.766: [GC (Allocation Failure) [PSYoungGen: 345116K->180181K(465920K)] 1192901K->1064210K(1864192K), 0.0373385 secs] [Times: user=0.16 sys=0.00, real=0.04 secs] 
3679.946: [GC (Allocation Failure) [PSYoungGen: 413141K->185047K(465920K)] 1297170K->1131731K(1864192K), 0.0547165 secs] [Times: user=0.26 sys=0.00, real=0.05 secs] 
3680.306: [GC (Allocation Failure) [PSYoungGen: 418007K->183220K(465920K)] 1364691K->1188633K(1864192K), 0.0826477 secs] [Times: user=0.42 sys=0.00, real=0.08 secs] 
3682.093: [GC (Allocation Failure) [PSYoungGen: 416180K->96523K(465920K)] 1421593K->1171144K(1864192K), 0.1211765 secs] [Times: user=0.67 sys=0.01, real=0.12 secs] 
3683.445: [GC (Allocation Failure) [PSYoungGen: 329483K->172276K(465920K)] 1404104K->1277862K(1864192K), 0.0508974 secs] [Times: user=0.24 sys=0.00, real=0.05 secs] 
3683.623: [GC (Allocation Failure) [PSYoungGen: 405236K->185782K(465920K)] 1510822K->1345099K(1864192K), 0.0436196 secs] [Times: user=0.19 sys=0.00, real=0.04 secs] 
3683.774: [GC (Allocation Failure) [PSYoungGen: 411540K->175957K(465920K)] 1570858K->1399731K(1864192K), 0.0494371 secs] [Times: user=0.23 sys=0.00, real=0.05 secs] 
3684.692: [GC (Allocation Failure) [PSYoungGen: 408917K->212094K(465920K)] 1632691K->1491627K(1864192K), 0.0510678 secs] [Times: user=0.25 sys=0.00, real=0.06 secs] 
3685.209: [GC (Allocation Failure) [PSYoungGen: 445054K->106316K(465920K)] 1724587K->1450450K(1864192K), 0.0503563 secs] [Times: user=0.27 sys=0.00, real=0.05 secs] 
3685.259: [Full GC (Ergonomics) [PSYoungGen: 106316K->0K(465920K)] [ParOldGen: 1344133K->123087K(1398272K)] 1450450K->123087K(1864192K), [Metaspace: 60306K->60306K(1105920K)], 0.1293454 secs] [Times: user=0.56 sys=0.00, real=0.13 secs] 
3685.504: [GC (Allocation Failure) [PSYoungGen: 232960K->197013K(465920K)] 356047K->320101K(1864192K), 0.0270673 secs] [Times: user=0.09 sys=0.00, real=0.02 secs] 
3685.675: [GC (Allocation Failure) [PSYoungGen: 429973K->184951K(465920K)] 553061K->371214K(1864192K), 0.0552047 secs] [Times: user=0.26 sys=0.00, real=0.05 secs] 
3685.888: [GC (Allocation Failure) [PSYoungGen: 417911K->183732K(465920K)] 604174K->428772K(1864192K), 0.0861304 secs] [Times: user=0.44 sys=0.00, real=0.09 secs] 
3687.107: [GC (Allocation Failure) [PSYoungGen: 416692K->96763K(465920K)] 661732K->411411K(1864192K), 0.0494616 secs] [Times: user=0.26 sys=0.01, real=0.05 secs] 
3687.478: [GC (Allocation Failure) [PSYoungGen: 329723K->176181K(465920K)] 644371K->522094K(1864192K), 0.0608835 secs] [Times: user=0.28 sys=0.00, real=0.06 secs] 
3687.747: [GC (Allocation Failure) [PSYoungGen: 409141K->185302K(465920K)] 755054K->586118K(1864192K), 0.0530292 secs] [Times: user=0.25 sys=0.00, real=0.05 secs] 
3687.939: [GC (Allocation Failure) [PSYoungGen: 410210K->178262K(465920K)] 811027K->643570K(1864192K), 0.0563580 secs] [Times: user=0.28 sys=0.01, real=0.06 secs] 
3688.877: [GC (Allocation Failure) [PSYoungGen: 406976K->206835K(465920K)] 872285K->729071K(1864192K), 0.0536249 secs] [Times: user=0.26 sys=0.00, real=0.05 secs] 
3690.484: [GC (Allocation Failure) [PSYoungGen: 439795K->96779K(465920K)] 962031K->683864K(1864192K), 0.1144098 secs] [Times: user=0.63 sys=0.01, real=0.11 secs] 
3690.804: [GC (Allocation Failure) [PSYoungGen: 329739K->184118K(465920K)] 916824K->802344K(1864192K), 0.0349282 secs] [Times: user=0.14 sys=0.00, real=0.03 secs] 
3690.949: [GC (Allocation Failure) [PSYoungGen: 417078K->185942K(465920K)] 1035304K->861391K(1864192K), 0.0440147 secs] [Times: user=0.20 sys=0.00, real=0.05 secs] 
3691.103: [GC (Allocation Failure) [PSYoungGen: 418902K->187413K(465920K)] 1094351K->919143K(1864192K), 0.0455719 secs] [Times: user=0.21 sys=0.00, real=0.04 secs] 
3692.159: [GC (Allocation Failure) [PSYoungGen: 420373K->96811K(465920K)] 1152103K->899133K(1864192K), 0.0440363 secs] [Times: user=0.22 sys=0.01, real=0.05 secs] 
3692.430: [GC (Allocation Failure) [PSYoungGen: 329771K->174069K(465920K)] 1132093K->1008287K(1864192K), 0.0396085 secs] [Times: user=0.17 sys=0.00, real=0.04 secs] 
3692.582: [GC (Allocation Failure) [PSYoungGen: 407029K->184950K(465920K)] 1241247K->1073460K(1864192K), 0.0437466 secs] [Times: user=0.20 sys=0.00, real=0.05 secs] 
3692.740: [GC (Allocation Failure) [PSYoungGen: 417910K->185687K(465920K)] 1306420K->1138645K(1864192K), 0.0509261 secs] [Times: user=0.23 sys=0.00, real=0.05 secs] 
3694.302: [GC (Allocation Failure) [PSYoungGen: 415245K->205491K(465920K)] 1368203K->1217457K(1864192K), 0.0554115 secs] [Times: user=0.28 sys=0.00, real=0.06 secs] 
3694.872: [GC (Allocation Failure) [PSYoungGen: 438451K->102060K(465920K)] 1450417K->1178602K(1864192K), 0.0567900 secs] [Times: user=0.29 sys=0.00, real=0.06 secs] 
3695.109: [GC (Allocation Failure) [PSYoungGen: 331885K->180213K(465920K)] 1408427K->1289920K(1864192K), 0.0503668 secs] [Times: user=0.23 sys=0.00, real=0.05 secs] 
3695.285: [GC (Allocation Failure) [PSYoungGen: 413173K->182805K(465920K)] 1522880K->1348644K(1864192K), 0.0462135 secs] [Times: user=0.21 sys=0.00, real=0.04 secs] 
3695.440: [GC (Allocation Failure) [PSYoungGen: 415765K->184628K(465920K)] 1581604K->1405780K(1864192K), 0.0471014 secs] [Times: user=0.22 sys=0.00, real=0.05 secs] 
3696.675: [GC (Allocation Failure) [PSYoungGen: 417588K->102748K(465920K)] 1638740K->1393495K(1864192K), 0.0521085 secs] [Times: user=0.27 sys=0.00, real=0.05 secs] 
3697.734: [GC (Allocation Failure) [PSYoungGen: 335708K->168756K(465920K)] 1626455K->1493387K(1864192K), 0.0625531 secs] [Times: user=0.29 sys=0.00, real=0.06 secs] 
3697.796: [Full GC (Ergonomics) [PSYoungGen: 168756K->0K(465920K)] [ParOldGen: 1324631K->193094K(1398272K)] 1493387K->193094K(1864192K), [Metaspace: 60313K->60313K(1105920K)], 0.2025362 secs] [Times: user=0.94 sys=0.00, real=0.20 secs] 
3698.135: [GC (Allocation Failure) [PSYoungGen: 232960K->184982K(465920K)] 426054K->378077K(1864192K), 0.0327250 secs] [Times: user=0.13 sys=0.00, real=0.03 secs] 
3698.312: [GC (Allocation Failure) [PSYoungGen: 417942K->186071K(465920K)] 611037K->443606K(1864192K), 0.0532261 secs] [Times: user=0.25 sys=0.00, real=0.06 secs] 
3699.186: [GC (Allocation Failure) [PSYoungGen: 416447K->210547K(465920K)] 673982K->527010K(1864192K), 0.0554416 secs] [Times: user=0.28 sys=0.00, real=0.05 secs] 
3699.786: [GC (GCLocker Initiated GC) [PSYoungGen: 443507K->102396K(465920K)] 759970K->485179K(1864192K), 0.0707952 secs] [Times: user=0.38 sys=0.00, real=0.07 secs] 
3700.059: [GC (Allocation Failure) [PSYoungGen: 335356K->184405K(465920K)] 718306K->599960K(1864192K), 0.0368076 secs] [Times: user=0.16 sys=0.00, real=0.04 secs] 
3700.209: [GC (Allocation Failure) [PSYoungGen: 417365K->185334K(465920K)] 832920K->656941K(1864192K), 0.0434670 secs] [Times: user=0.20 sys=0.00, real=0.05 secs] 
3700.363: [GC (Allocation Failure) [PSYoungGen: 418294K->187381K(465920K)] 889901K->715116K(1864192K), 0.0454333 secs] [Times: user=0.21 sys=0.00, real=0.04 secs] 
3701.476: [GC (Allocation Failure) [PSYoungGen: 420341K->100364K(465920K)] 948076K->698851K(1864192K), 0.0446748 secs] [Times: user=0.23 sys=0.00, real=0.04 secs] 
3701.902: [GC (Allocation Failure) [PSYoungGen: 333324K->176277K(465920K)] 931811K->807413K(1864192K), 0.0516552 secs] [Times: user=0.23 sys=0.01, real=0.06 secs] 
3702.115: [GC (Allocation Failure) [PSYoungGen: 409237K->185526K(465920K)] 1040373K->871721K(1864192K), 0.0492624 secs] [Times: user=0.23 sys=0.00, real=0.05 secs] 
3702.311: [GC (Allocation Failure) [PSYoungGen: 416899K->179574K(465920K)] 1103095K->930194K(1864192K), 0.0729649 secs] [Times: user=0.36 sys=0.00, real=0.08 secs] 
3703.326: [GC (Allocation Failure) [PSYoungGen: 412534K->212642K(465920K)] 1163154K->1020317K(1864192K), 0.0505541 secs] [Times: user=0.24 sys=0.00, real=0.05 secs] 
3705.037: [GC (Allocation Failure) [PSYoungGen: 445602K->102444K(465920K)] 1253277K->974800K(1864192K), 0.1098790 secs] [Times: user=0.59 sys=0.00, real=0.11 secs] 
3705.347: [GC (Allocation Failure) [PSYoungGen: 335404K->179989K(465920K)] 1207760K->1085442K(1864192K), 0.0360675 secs] [Times: user=0.14 sys=0.00, real=0.03 secs] 
3705.529: [GC (Allocation Failure) [PSYoungGen: 412949K->185782K(465920K)] 1318402K->1147403K(1864192K), 0.0635764 secs] [Times: user=0.30 sys=0.00, real=0.06 secs] 
3705.732: [GC (Allocation Failure) [PSYoungGen: 418742K->186965K(465920K)] 1380363K->1204874K(1864192K), 0.0464436 secs] [Times: user=0.21 sys=0.00, real=0.05 secs] 
3706.847: [GC (Allocation Failure) [PSYoungGen: 419925K->98428K(465920K)] 1437834K->1186864K(1864192K), 0.0451721 secs] [Times: user=0.24 sys=0.00, real=0.04 secs] 
3707.136: [GC (Allocation Failure) [PSYoungGen: 331388K->175669K(465920K)] 1419824K->1296015K(1864192K), 0.0694568 secs] [Times: user=0.33 sys=0.00, real=0.07 secs] 
3707.416: [GC (Allocation Failure) [PSYoungGen: 408629K->181909K(465920K)] 1528975K->1357143K(1864192K), 0.0603363 secs] [Times: user=0.29 sys=0.01, real=0.06 secs] 
3707.604: [GC (Allocation Failure) [PSYoungGen: 414869K->185079K(465920K)] 1590103K->1423793K(1864192K), 0.0532643 secs] [Times: user=0.25 sys=0.00, real=0.05 secs] 
3708.607: [GC (Allocation Failure) [PSYoungGen: 418039K->168787K(465920K)] 1656753K->1466253K(1864192K), 0.0597807 secs] [Times: user=0.30 sys=0.00, real=0.06 secs] 
3709.289: [GC (Allocation Failure) [PSYoungGen: 401747K->109229K(465920K)] 1699213K->1471239K(1864192K), 0.0933735 secs] [Times: user=0.50 sys=0.00, real=0.10 secs] 
3709.383: [Full GC (Ergonomics) [PSYoungGen: 109229K->0K(465920K)] [ParOldGen: 1362009K->126332K(1398272K)] 1471239K->126332K(1864192K), [Metaspace: 60314K->60314K(1105920K)], 0.1710976 secs] [Times: user=0.76 sys=0.00, real=0.17 secs] 
3709.689: [GC (Allocation Failure) [PSYoungGen: 225206K->173685K(465920K)] 351538K->300017K(1864192K), 0.0240810 secs] [Times: user=0.08 sys=0.00, real=0.03 secs] 
3709.853: [GC (Allocation Failure) [PSYoungGen: 406645K->185494K(465920K)] 532977K->365942K(1864192K), 0.0567518 secs] [Times: user=0.26 sys=0.00, real=0.05 secs] 
3710.071: [GC (Allocation Failure) [PSYoungGen: 418454K->184628K(465920K)] 598902K->421181K(1864192K), 0.0441418 secs] [Times: user=0.20 sys=0.00, real=0.05 secs] 
3711.255: [GC (GCLocker Initiated GC) [PSYoungGen: 417588K->101628K(465920K)] 654141K->408004K(1864192K), 0.0511506 secs] [Times: user=0.27 sys=0.00, real=0.05 secs] 
3712.633: [GC (Allocation Failure) [PSYoungGen: 334588K->168404K(465920K)] 641131K->507450K(1864192K), 0.0550112 secs] [Times: user=0.26 sys=0.00, real=0.05 secs] 
3712.866: [GC (Allocation Failure) [PSYoungGen: 401364K->185430K(465920K)] 740410K->577576K(1864192K), 0.0594236 secs] [Times: user=0.29 sys=0.00, real=0.06 secs] 
3713.091: [GC (Allocation Failure) [PSYoungGen: 418390K->185495K(465920K)] 810536K->641889K(1864192K), 0.0655794 secs] [Times: user=0.32 sys=0.01, real=0.07 secs] 
3714.014: [GC (Allocation Failure) [PSYoungGen: 417030K->208883K(465920K)] 873424K->724174K(1864192K), 0.0552411 secs] [Times: user=0.27 sys=0.01, real=0.05 secs] 
3714.638: [GC (Allocation Failure) [PSYoungGen: 441843K->100860K(465920K)] 957134K->681838K(1864192K), 0.0802119 secs] [Times: user=0.43 sys=0.00, real=0.08 secs] 
3714.884: [GC (Allocation Failure) [PSYoungGen: 329152K->180694K(465920K)] 910131K->794220K(1864192K), 0.0352814 secs] [Times: user=0.15 sys=0.00, real=0.03 secs] 
3715.070: [GC (Allocation Failure) [PSYoungGen: 413654K->185270K(465920K)] 1027180K->854885K(1864192K), 0.0577222 secs] [Times: user=0.28 sys=0.00, real=0.06 secs] 
3715.475: [GC (Allocation Failure) [PSYoungGen: 418230K->183124K(465920K)] 1087845K->908883K(1864192K), 0.0776162 secs] [Times: user=0.39 sys=0.00, real=0.07 secs] 
3717.270: [GC (Allocation Failure) [PSYoungGen: 416084K->97179K(465920K)] 1141843K->892218K(1864192K), 0.0590086 secs] [Times: user=0.31 sys=0.00, real=0.06 secs] 
3718.106: [GC (Allocation Failure) [PSYoungGen: 330139K->172596K(465920K)] 1125178K->998768K(1864192K), 0.0557540 secs] [Times: user=0.25 sys=0.00, real=0.05 secs] 
3718.288: [GC (Allocation Failure) [PSYoungGen: 405556K->185750K(465920K)] 1231728K->1066070K(1864192K), 0.0430426 secs] [Times: user=0.19 sys=0.00, real=0.04 secs] 
3718.445: [GC (Allocation Failure) [PSYoungGen: 418710K->183542K(465920K)] 1299030K->1128294K(1864192K), 0.0500175 secs] [Times: user=0.24 sys=0.00, real=0.05 secs] 
3719.384: [GC (Allocation Failure) [PSYoungGen: 415361K->213076K(465920K)] 1360113K->1216027K(1864192K), 0.0570784 secs] [Times: user=0.28 sys=0.00, real=0.05 secs] 
3720.558: [GC (Allocation Failure) [PSYoungGen: 446036K->100236K(465920K)] 1448987K->1170107K(1864192K), 0.0937852 secs] [Times: user=0.50 sys=0.00, real=0.09 secs] 
3720.867: [GC (Allocation Failure) [PSYoungGen: 330618K->181910K(465920K)] 1400490K->1284303K(1864192K), 0.0407465 secs] [Times: user=0.18 sys=0.00, real=0.04 secs] 
3721.019: [GC (Allocation Failure) [PSYoungGen: 414870K->185558K(465920K)] 1517263K->1344339K(1864192K), 0.0457790 secs] [Times: user=0.21 sys=0.00, real=0.05 secs] 
3721.172: [GC (Allocation Failure) [PSYoungGen: 418518K->187477K(465920K)] 1577299K->1402538K(1864192K), 0.0475404 secs] [Times: user=0.23 sys=0.00, real=0.05 secs] 
3722.281: [GC (Allocation Failure) [PSYoungGen: 420437K->98139K(465920K)] 1635498K->1383736K(1864192K), 0.0572338 secs] [Times: user=0.31 sys=0.00, real=0.06 secs] 
3722.565: [GC (Allocation Failure) [PSYoungGen: 331099K->174293K(465920K)] 1616696K->1491735K(1864192K), 0.0542588 secs] [Times: user=0.25 sys=0.00, real=0.05 secs] 
3722.619: [Full GC (Ergonomics) [PSYoungGen: 174293K->0K(465920K)] [ParOldGen: 1317441K->198835K(1398272K)] 1491735K->198835K(1864192K), [Metaspace: 60321K->60321K(1105920K)], 0.1893809 secs] [Times: user=0.86 sys=0.00, real=0.19 secs] 
3722.924: [GC (GCLocker Initiated GC) [PSYoungGen: 232960K->179957K(465920K)] 431795K->378792K(1864192K), 0.0305246 secs] [Times: user=0.12 sys=0.00, real=0.03 secs] 
3723.127: [GC (Allocation Failure) [PSYoungGen: 412917K->185591K(465920K)] 611759K->447121K(1864192K), 0.0591092 secs] [Times: user=0.28 sys=0.00, real=0.06 secs] 
3724.116: [GC (Allocation Failure) [PSYoungGen: 418551K->170867K(465920K)] 680081K->491309K(1864192K), 0.0554427 secs] [Times: user=0.28 sys=0.00, real=0.05 secs] 
3724.608: [GC (Allocation Failure) [PSYoungGen: 403827K->110445K(465920K)] 724269K->496183K(1864192K), 0.0626669 secs] [Times: user=0.33 sys=0.00, real=0.06 secs] 
3724.857: [GC (Allocation Failure) [PSYoungGen: 343405K->187701K(465920K)] 729143K->609072K(1864192K), 0.0385198 secs] [Times: user=0.17 sys=0.00, real=0.04 secs] 
3725.011: [GC (Allocation Failure) [PSYoungGen: 420661K->185175K(465920K)] 842032K->669385K(1864192K), 0.0492157 secs] [Times: user=0.23 sys=0.00, real=0.05 secs] 
3725.217: [GC (Allocation Failure) [PSYoungGen: 418135K->183508K(465920K)] 902345K->726391K(1864192K), 0.0909316 secs] [Times: user=0.42 sys=0.00, real=0.09 secs] 
3726.739: [GC (Allocation Failure) [PSYoungGen: 416468K->98427K(465920K)] 959351K->710938K(1864192K), 0.0726889 secs] [Times: user=0.40 sys=0.00, real=0.07 secs] 
3728.019: [GC (Allocation Failure) [PSYoungGen: 331387K->170036K(465920K)] 943898K->814411K(1864192K), 0.0572355 secs] [Times: user=0.27 sys=0.00, real=0.06 secs] 
3728.228: [GC (Allocation Failure) [PSYoungGen: 402996K->182069K(465920K)] 1047371K->879469K(1864192K), 0.0424447 secs] [Times: user=0.19 sys=0.00, real=0.04 secs] 
3728.414: [GC (Allocation Failure) [PSYoungGen: 411765K->182870K(465920K)] 1109164K->943990K(1864192K), 0.0689794 secs] [Times: user=0.34 sys=0.00, real=0.07 secs] 
3729.491: [GC (Allocation Failure) [PSYoungGen: 415830K->169203K(465920K)] 1176950K->988442K(1864192K), 0.0576859 secs] [Times: user=0.29 sys=0.00, real=0.06 secs] 
3729.857: [GC (Allocation Failure) [PSYoungGen: 402163K->112493K(465920K)] 1221402K->996556K(1864192K), 0.0530422 secs] [Times: user=0.27 sys=0.00, real=0.05 secs] 
3730.090: [GC (GCLocker Initiated GC) [PSYoungGen: 345453K->176052K(465920K)] 1229517K->1096385K(1864192K), 0.0487326 secs] [Times: user=0.22 sys=0.00, real=0.05 secs] 
3730.262: [GC (Allocation Failure) [PSYoungGen: 409012K->182134K(465920K)] 1329476K->1164182K(1864192K), 0.0507955 secs] [Times: user=0.24 sys=0.00, real=0.06 secs] 
3730.454: [GC (Allocation Failure) [PSYoungGen: 415094K->186997K(465920K)] 1397142K->1226828K(1864192K), 0.0858811 secs] [Times: user=0.44 sys=0.01, real=0.08 secs] 
3731.993: [GC (Allocation Failure) [PSYoungGen: 419957K->100140K(465920K)] 1459788K->1210395K(1864192K), 0.0653136 secs] [Times: user=0.35 sys=0.00, real=0.06 secs] 
3732.577: [GC (Allocation Failure) [PSYoungGen: 333100K->173685K(465920K)] 1443355K->1316145K(1864192K), 0.0580041 secs] [Times: user=0.27 sys=0.00, real=0.06 secs] 
3732.780: [GC (Allocation Failure) [PSYoungGen: 406645K->182549K(465920K)] 1549105K->1379362K(1864192K), 0.0444900 secs] [Times: user=0.20 sys=0.00, real=0.05 secs] 
3732.936: [GC (Allocation Failure) [PSYoungGen: 410611K->178934K(465920K)] 1607423K->1439458K(1864192K), 0.0505049 secs] [Times: user=0.24 sys=0.00, real=0.05 secs] 
3733.949: [GC (Allocation Failure) [PSYoungGen: 411894K->169203K(402432K)] 1672418K->1486607K(1800704K), 0.0554135 secs] [Times: user=0.27 sys=0.00, real=0.06 secs] 
3734.004: [Full GC (Ergonomics) [PSYoungGen: 169203K->0K(402432K)] [ParOldGen: 1317404K->358816K(1398272K)] 1486607K->358816K(1800704K), [Metaspace: 60325K->60325K(1105920K)], 0.5868545 secs] [Times: user=2.53 sys=0.00, real=0.58 secs] 
3735.653: [GC (Allocation Failure) [PSYoungGen: 232960K->109005K(460800K)] 591776K->467821K(1859072K), 0.0353707 secs] [Times: user=0.13 sys=0.00, real=0.03 secs] 
3735.892: [GC (Allocation Failure) [PSYoungGen: 336052K->173749K(463360K)] 694868K->567494K(1861632K), 0.0343404 secs] [Times: user=0.14 sys=0.00, real=0.04 secs] 
3736.038: [GC (Allocation Failure) [PSYoungGen: 404149K->180309K(464896K)] 797894K->627838K(1863168K), 0.0433566 secs] [Times: user=0.19 sys=0.01, real=0.04 secs] 
3736.227: [GC (Allocation Failure) [PSYoungGen: 414805K->188757K(465920K)] 862334K->691014K(1864192K), 0.0643940 secs] [Times: user=0.31 sys=0.00, real=0.06 secs] 
3737.391: [GC (Allocation Failure) [PSYoungGen: 423253K->104268K(465920K)] 925510K->677529K(1864192K), 0.0487274 secs] [Times: user=0.25 sys=0.00, real=0.05 secs] 
3737.716: [GC (Allocation Failure) [PSYoungGen: 337228K->175349K(465920K)] 910489K->781982K(1864192K), 0.0550354 secs] [Times: user=0.26 sys=0.00, real=0.05 secs] 
3737.896: [GC (Allocation Failure) [PSYoungGen: 408309K->185238K(465920K)] 1014942K->846795K(1864192K), 0.0447713 secs] [Times: user=0.20 sys=0.00, real=0.04 secs] 
3738.053: [GC (Allocation Failure) [PSYoungGen: 411373K->179766K(465920K)] 1072930K->905739K(1864192K), 0.0506407 secs] [Times: user=0.24 sys=0.00, real=0.05 secs] 
3739.204: [GC (Allocation Failure) [PSYoungGen: 409471K->190003K(465920K)] 1135444K->973144K(1864192K), 0.0524755 secs] [Times: user=0.26 sys=0.00, real=0.05 secs] 
3739.953: [GC (Allocation Failure) [PSYoungGen: 422963K->100235K(465920K)] 1206104K->948353K(1864192K), 0.1145915 secs] [Times: user=0.62 sys=0.00, real=0.11 secs] 
3740.283: [GC (Allocation Failure) [PSYoungGen: 333195K->181270K(465920K)] 1181313K->1061788K(1864192K), 0.0356384 secs] [Times: user=0.15 sys=0.00, real=0.04 secs] 
3740.433: [GC (Allocation Failure) [PSYoungGen: 414230K->185718K(465920K)] 1294748K->1122816K(1864192K), 0.0443651 secs] [Times: user=0.20 sys=0.00, real=0.04 secs] 
3740.588: [GC (Allocation Failure) [PSYoungGen: 418678K->187445K(465920K)] 1355776K->1180863K(1864192K), 0.0465372 secs] [Times: user=0.22 sys=0.00, real=0.05 secs] 
3741.736: [GC (Allocation Failure) [PSYoungGen: 420405K->99452K(465920K)] 1413823K->1163554K(1864192K), 0.0447377 secs] [Times: user=0.23 sys=0.00, real=0.04 secs] 
3742.944: [GC (Allocation Failure) [PSYoungGen: 332412K->171412K(465920K)] 1396514K->1267071K(1864192K), 0.0613891 secs] [Times: user=0.30 sys=0.00, real=0.06 secs] 
3743.133: [GC (Allocation Failure) [PSYoungGen: 404372K->184982K(465920K)] 1500031K->1334477K(1864192K), 0.0448911 secs] [Times: user=0.19 sys=0.00, real=0.04 secs] 
3743.295: [GC (Allocation Failure) [PSYoungGen: 417942K->186039K(465920K)] 1567437K->1399598K(1864192K), 0.0504604 secs] [Times: user=0.24 sys=0.00, real=0.05 secs] 
3744.204: [GC (Allocation Failure) [PSYoungGen: 414417K->206867K(465920K)] 1627977K->1479666K(1864192K), 0.0583993 secs] [Times: user=0.29 sys=0.01, real=0.05 secs] 
3744.656: [GC (Allocation Failure) [PSYoungGen: 439827K->104844K(465920K)] 1712626K->1442507K(1864192K), 0.0413316 secs] [Times: user=0.21 sys=0.00, real=0.04 secs] 
3744.697: [Full GC (Ergonomics) [PSYoungGen: 104844K->0K(465920K)] [ParOldGen: 1337663K->122079K(1398272K)] 1442507K->122079K(1864192K), [Metaspace: 60343K->60343K(1105920K)], 0.1071556 secs] [Times: user=0.44 sys=0.00, real=0.11 secs] 
3744.919: [GC (Allocation Failure) [PSYoungGen: 227212K->177173K(465920K)] 349291K->299252K(1864192K), 0.0244409 secs] [Times: user=0.08 sys=0.00, real=0.03 secs] 
3745.058: [GC (Allocation Failure) [PSYoungGen: 410133K->185750K(465920K)] 532212K->362797K(1864192K), 0.0414516 secs] [Times: user=0.19 sys=0.00, real=0.04 secs] 
3745.292: [GC (Allocation Failure) [PSYoungGen: 418710K->186773K(465920K)] 595757K->420052K(1864192K), 0.0469583 secs] [Times: user=0.22 sys=0.00, real=0.05 secs] 
3746.405: [GC (Allocation Failure) [PSYoungGen: 419733K->93307K(465920K)] 653012K->397194K(1864192K), 0.0531245 secs] [Times: user=0.28 sys=0.00, real=0.05 secs] 
3747.005: [GC (Allocation Failure) [PSYoungGen: 326267K->173845K(465920K)] 630154K->507633K(1864192K), 0.0598397 secs] [Times: user=0.28 sys=0.00, real=0.06 secs] 
3747.255: [GC (Allocation Failure) [PSYoungGen: 406805K->185558K(465920K)] 740593K->573758K(1864192K), 0.0555923 secs] [Times: user=0.26 sys=0.00, real=0.05 secs] 
3747.436: [GC (Allocation Failure) [PSYoungGen: 418518K->186167K(465920K)] 806718K->638855K(1864192K), 0.0489794 secs] [Times: user=0.22 sys=0.00, real=0.05 secs] 
3748.334: [GC (Allocation Failure) [PSYoungGen: 416566K->208019K(465920K)] 869254K->719963K(1864192K), 0.0537229 secs] [Times: user=0.26 sys=0.00, real=0.05 secs] 
3750.013: [GC (GCLocker Initiated GC) [PSYoungGen: 440979K->96107K(465920K)] 952927K->673327K(1864192K), 0.1101502 secs] [Times: user=0.60 sys=0.01, real=0.11 secs] 
3750.341: [GC (Allocation Failure) [PSYoungGen: 329067K->180629K(465920K)] 906582K->788621K(1864192K), 0.0355833 secs] [Times: user=0.14 sys=0.00, real=0.04 secs] 
3750.548: [GC (Allocation Failure) [PSYoungGen: 413589K->185494K(465920K)] 1021581K->849966K(1864192K), 0.0681680 secs] [Times: user=0.33 sys=0.00, real=0.07 secs] 
3750.811: [GC (Allocation Failure) [PSYoungGen: 418454K->187381K(465920K)] 1082926K->908205K(1864192K), 0.0607580 secs] [Times: user=0.30 sys=0.00, real=0.06 secs] 
3751.966: [GC (Allocation Failure) [PSYoungGen: 420341K->103660K(465920K)] 1141165K->895156K(1864192K), 0.0448740 secs] [Times: user=0.23 sys=0.00, real=0.04 secs] 
3752.266: [GC (GCLocker Initiated GC) [PSYoungGen: 336620K->168372K(465920K)] 1128117K->993954K(1864192K), 0.0435044 secs] [Times: user=0.20 sys=0.00, real=0.04 secs] 
3752.462: [GC (Allocation Failure) [PSYoungGen: 401332K->181909K(465920K)] 1227080K->1060118K(1864192K), 0.0585826 secs] [Times: user=0.28 sys=0.00, real=0.06 secs] 
3752.691: [GC (Allocation Failure) [PSYoungGen: 414869K->185303K(465920K)] 1293078K->1126727K(1864192K), 0.0695565 secs] [Times: user=0.34 sys=0.00, real=0.07 secs] 
3753.610: [GC (Allocation Failure) [PSYoungGen: 417238K->213876K(465920K)] 1358663K->1214268K(1864192K), 0.0572044 secs] [Times: user=0.28 sys=0.00, real=0.06 secs] 
3754.184: [GC (Allocation Failure) [PSYoungGen: 446836K->104380K(465920K)] 1447228K->1171869K(1864192K), 0.0944182 secs] [Times: user=0.51 sys=0.00, real=0.09 secs] 
3754.474: [GC (Allocation Failure) [PSYoungGen: 332723K->177557K(465920K)] 1400212K->1278439K(1864192K), 0.0353910 secs] [Times: user=0.15 sys=0.00, real=0.03 secs] 
3754.648: [GC (Allocation Failure) [PSYoungGen: 410517K->185974K(465920K)] 1511399K->1342107K(1864192K), 0.0516911 secs] [Times: user=0.25 sys=0.00, real=0.05 secs] 
3754.836: [GC (Allocation Failure) [PSYoungGen: 418934K->182004K(465920K)] 1575067K->1394490K(1864192K), 0.0650334 secs] [Times: user=0.32 sys=0.00, real=0.06 secs] 
3756.191: [GC (Allocation Failure) [PSYoungGen: 414964K->103372K(465920K)] 1627450K->1384658K(1864192K), 0.0735797 secs] [Times: user=0.40 sys=0.00, real=0.08 secs] 
3757.725: [GC (Allocation Failure) [PSYoungGen: 336332K->165940K(465920K)] 1617618K->1480602K(1864192K), 0.0606058 secs] [Times: user=0.30 sys=0.00, real=0.06 secs] 
3757.786: [Full GC (Ergonomics) [PSYoungGen: 165940K->0K(465920K)] [ParOldGen: 1314662K->190008K(1398272K)] 1480602K->190008K(1864192K), [Metaspace: 60343K->60343K(1105920K)], 0.1921948 secs] [Times: user=0.88 sys=0.00, real=0.19 secs] 
3758.097: [GC (Allocation Failure) [PSYoungGen: 232960K->185046K(465920K)] 422968K->375054K(1864192K), 0.0340796 secs] [Times: user=0.13 sys=0.01, real=0.03 secs] 
3758.246: [GC (Allocation Failure) [PSYoungGen: 418006K->182870K(465920K)] 608014K->437151K(1864192K), 0.0435031 secs] [Times: user=0.20 sys=0.00, real=0.04 secs] 
3758.871: [GC (Allocation Failure) [PSYoungGen: 415830K->219988K(465920K)] 670111K->532181K(1864192K), 0.0519858 secs] [Times: user=0.25 sys=0.00, real=0.06 secs] 
3759.660: [GC (Allocation Failure) [PSYoungGen: 452948K->102412K(465920K)] 765141K->482549K(1864192K), 0.0571243 secs] [Times: user=0.29 sys=0.00, real=0.06 secs] 
3759.892: [GC (Allocation Failure) [PSYoungGen: 334391K->180150K(465920K)] 714528K->593479K(1864192K), 0.0346436 secs] [Times: user=0.14 sys=0.00, real=0.04 secs] 
3760.062: [GC (Allocation Failure) [PSYoungGen: 413110K->185814K(465920K)] 826439K->655072K(1864192K), 0.0486264 secs] [Times: user=0.23 sys=0.00, real=0.05 secs] 
3760.235: [GC (Allocation Failure) [PSYoungGen: 418774K->184500K(465920K)] 888032K->710246K(1864192K), 0.0459520 secs] [Times: user=0.20 sys=0.01, real=0.04 secs] 
3761.417: [GC (Allocation Failure) [PSYoungGen: 417460K->99084K(465920K)] 943206K->694409K(1864192K), 0.0556075 secs] [Times: user=0.30 sys=0.00, real=0.06 secs] 
3762.000: [GC (Allocation Failure) [PSYoungGen: 332044K->171124K(465920K)] 927369K->798207K(1864192K), 0.0636654 secs] [Times: user=0.31 sys=0.00, real=0.07 secs] 
3762.208: [GC (Allocation Failure) [PSYoungGen: 404084K->185654K(465920K)] 1031167K->866868K(1864192K), 0.0434018 secs] [Times: user=0.20 sys=0.00, real=0.04 secs] 
3762.370: [GC (Allocation Failure) [PSYoungGen: 418614K->185527K(465920K)] 1099828K->931350K(1864192K), 0.0503107 secs] [Times: user=0.23 sys=0.00, real=0.05 secs] 
3763.325: [GC (Allocation Failure) [PSYoungGen: 415260K->208467K(465920K)] 1161082K->1013282K(1864192K), 0.0561016 secs] [Times: user=0.29 sys=0.00, real=0.05 secs] 
3764.605: [GC (GCLocker Initiated GC) [PSYoungGen: 441427K->101356K(465920K)] 1246242K->971531K(1864192K), 0.1065021 secs] [Times: user=0.57 sys=0.01, real=0.10 secs] 
3764.918: [GC (Allocation Failure) [PSYoungGen: 334316K->178326K(465920K)] 1212814K->1089437K(1864192K), 0.1349494 secs] [Times: user=0.74 sys=0.01, real=0.13 secs] 
3765.190: [GC (GCLocker Initiated GC) [PSYoungGen: 411286K->183414K(465920K)] 1322398K->1151459K(1864192K), 0.1806931 secs] [Times: user=1.02 sys=0.00, real=0.18 secs] 
3765.479: [GC (Allocation Failure) [PSYoungGen: 416374K->184564K(465920K)] 1384420K->1210883K(1864192K), 0.0601613 secs] [Times: user=0.30 sys=0.00, real=0.06 secs] 
3766.595: [GC (Allocation Failure) [PSYoungGen: 417524K->105100K(465920K)] 1443843K->1201162K(1864192K), 0.0501484 secs] [Times: user=0.26 sys=0.00, real=0.05 secs] 
3766.953: [GC (Allocation Failure) [PSYoungGen: 338060K->169428K(465920K)] 1434122K->1299255K(1864192K), 0.0785419 secs] [Times: user=0.38 sys=0.01, real=0.08 secs] 
3767.180: [GC (Allocation Failure) [PSYoungGen: 402388K->184822K(465920K)] 1532215K->1367553K(1864192K), 0.0439185 secs] [Times: user=0.20 sys=0.00, real=0.05 secs] 
3767.337: [GC (Allocation Failure) [PSYoungGen: 413525K->178166K(465920K)] 1596256K->1425113K(1864192K), 0.0504616 secs] [Times: user=0.24 sys=0.00, real=0.05 secs] 
3768.528: [GC (Allocation Failure) [PSYoungGen: 411126K->168403K(465920K)] 1658073K->1471694K(1864192K), 0.0557409 secs] [Times: user=0.28 sys=0.00, real=0.06 secs] 
3769.039: [GC (Allocation Failure) [PSYoungGen: 401363K->116990K(465920K)] 1704654K->1484785K(1864192K), 0.0740167 secs] [Times: user=0.39 sys=0.01, real=0.07 secs] 
3769.113: [Full GC (Ergonomics) [PSYoungGen: 116990K->0K(465920K)] [ParOldGen: 1367795K->134581K(1398272K)] 1484785K->134581K(1864192K), [Metaspace: 60344K->60344K(1105920K)], 0.1533680 secs] [Times: user=0.69 sys=0.00, real=0.16 secs] 
3769.382: [GC (Allocation Failure) [PSYoungGen: 232960K->176885K(465920K)] 367541K->311466K(1864192K), 0.0261980 secs] [Times: user=0.10 sys=0.00, real=0.03 secs] 
3769.528: [GC (Allocation Failure) [PSYoungGen: 409845K->185431K(465920K)] 544426K->382072K(1864192K), 0.0473151 secs] [Times: user=0.21 sys=0.00, real=0.05 secs] 
3769.701: [GC (Allocation Failure) [PSYoungGen: 418391K->187157K(465920K)] 615032K->442574K(1864192K), 0.0613074 secs] [Times: user=0.31 sys=0.00, real=0.06 secs] 
3771.463: [GC (Allocation Failure) [PSYoungGen: 420117K->91579K(465920K)] 675534K->417708K(1864192K), 0.1215544 secs] [Times: user=0.67 sys=0.00, real=0.12 secs] 
3772.757: [GC (Allocation Failure) [PSYoungGen: 324539K->173012K(465920K)] 650668K->528555K(1864192K), 0.0495694 secs] [Times: user=0.22 sys=0.00, real=0.05 secs] 
3772.950: [GC (Allocation Failure) [PSYoungGen: 405972K->185334K(465920K)] 761515K->595264K(1864192K), 0.0427015 secs] [Times: user=0.19 sys=0.00, real=0.05 secs] 
3773.103: [GC (Allocation Failure) [PSYoungGen: 407542K->174965K(465920K)] 817472K->649072K(1864192K), 0.0482809 secs] [Times: user=0.23 sys=0.00, real=0.05 secs] 
3774.069: [GC (Allocation Failure) [PSYoungGen: 407925K->169523K(402944K)] 882032K->699357K(1801216K), 0.0534401 secs] [Times: user=0.26 sys=0.00, real=0.05 secs] 
3774.432: [GC (Allocation Failure) [PSYoungGen: 402483K->110829K(461824K)] 932317K->705631K(1860096K), 0.0426609 secs] [Times: user=0.22 sys=0.00, real=0.05 secs] 
3774.637: [GC (Allocation Failure) [PSYoungGen: 335392K->172148K(463872K)] 930195K->802315K(1862144K), 0.0553825 secs] [Times: user=0.25 sys=0.00, real=0.05 secs] 
3774.894: [GC (Allocation Failure) [PSYoungGen: 403060K->183445K(464384K)] 1033227K->866844K(1862656K), 0.0570035 secs] [Times: user=0.26 sys=0.00, real=0.05 secs] 
3775.608: [GC (Allocation Failure) [PSYoungGen: 416917K->187637K(465920K)] 1100316K->926659K(1864192K), 0.0707292 secs] [Times: user=0.35 sys=0.00, real=0.07 secs] 
3777.339: [GC (Allocation Failure) [PSYoungGen: 421109K->96411K(465920K)] 1160131K->906210K(1864192K), 0.0606754 secs] [Times: user=0.32 sys=0.01, real=0.06 secs] 
3778.102: [GC (Allocation Failure) [PSYoungGen: 329371K->173365K(465920K)] 1139170K->1014360K(1864192K), 0.0532106 secs] [Times: user=0.25 sys=0.01, real=0.06 secs] 
3778.279: [GC (Allocation Failure) [PSYoungGen: 406325K->185142K(465920K)] 1247320K->1080637K(1864192K), 0.0431273 secs] [Times: user=0.19 sys=0.00, real=0.04 secs] 
3778.459: [GC (Allocation Failure) [PSYoungGen: 418102K->181974K(465920K)] 1313597K->1141670K(1864192K), 0.0635391 secs] [Times: user=0.31 sys=0.00, real=0.06 secs] 
3779.363: [GC (Allocation Failure) [PSYoungGen: 412400K->211987K(465920K)] 1372095K->1229407K(1864192K), 0.0567767 secs] [Times: user=0.28 sys=0.00, real=0.06 secs] 
3780.640: [GC (Allocation Failure) [PSYoungGen: 444947K->100988K(465920K)] 1462367K->1185047K(1864192K), 0.0936586 secs] [Times: user=0.51 sys=0.00, real=0.10 secs] 
3780.967: [GC (Allocation Failure) [PSYoungGen: 333948K->181142K(465920K)] 1418007K->1297914K(1864192K), 0.0362170 secs] [Times: user=0.16 sys=0.00, real=0.04 secs] 
3781.118: [GC (Allocation Failure) [PSYoungGen: 414102K->193046K(465920K)] 1530874K->1365810K(1864192K), 0.0451880 secs] [Times: user=0.21 sys=0.00, real=0.05 secs] 
3781.274: [GC (Allocation Failure) [PSYoungGen: 426006K->187509K(465920K)] 1598770K->1416305K(1864192K), 0.0467411 secs] [Times: user=0.22 sys=0.00, real=0.04 secs] 
3782.422: [GC (GCLocker Initiated GC) [PSYoungGen: 420469K->98491K(465920K)] 1649267K->1397857K(1864192K), 0.0459402 secs] [Times: user=0.24 sys=0.01, real=0.05 secs] 
3782.802: [GC (Allocation Failure) [PSYoungGen: 331451K->174165K(465920K)] 1630856K->1505765K(1864192K), 0.0650358 secs] [Times: user=0.30 sys=0.00, real=0.07 secs] 
3782.867: [Full GC (Ergonomics) [PSYoungGen: 174165K->0K(465920K)] [ParOldGen: 1331600K->198243K(1398272K)] 1505765K->198243K(1864192K), [Metaspace: 60345K->60345K(1105920K)], 0.2190555 secs] [Times: user=1.04 sys=0.00, real=0.22 secs] 
3783.199: [GC (Allocation Failure) [PSYoungGen: 232960K->181941K(465920K)] 431203K->380185K(1864192K), 0.0318313 secs] [Times: user=0.13 sys=0.00, real=0.03 secs] 
3783.347: [GC (Allocation Failure) [PSYoungGen: 414788K->185655K(465920K)] 613032K->447099K(1864192K), 0.0438526 secs] [Times: user=0.19 sys=0.00, real=0.04 secs] 
3784.646: [GC (Allocation Failure) [PSYoungGen: 416157K->207123K(465920K)] 677601K->527567K(1864192K), 0.0538026 secs] [Times: user=0.26 sys=0.00, real=0.05 secs] 
3785.207: [GC (Allocation Failure) [PSYoungGen: 440083K->102572K(465920K)] 760527K->488096K(1864192K), 0.0772014 secs] [Times: user=0.41 sys=0.01, real=0.08 secs] 
3785.485: [GC (Allocation Failure) [PSYoungGen: 331997K->178965K(465920K)] 717521K->597550K(1864192K), 0.0351726 secs] [Times: user=0.15 sys=0.00, real=0.03 secs] 
3785.682: [GC (Allocation Failure) [PSYoungGen: 411925K->182901K(465920K)] 830510K->657158K(1864192K), 0.0579403 secs] [Times: user=0.28 sys=0.00, real=0.06 secs] 
3785.859: [GC (Allocation Failure) [PSYoungGen: 415861K->187733K(465920K)] 890118K->717438K(1864192K), 0.0447826 secs] [Times: user=0.21 sys=0.00, real=0.05 secs] 
3787.294: [GC (Allocation Failure) [PSYoungGen: 420693K->99548K(465920K)] 950398K->700049K(1864192K), 0.0788989 secs] [Times: user=0.42 sys=0.00, real=0.08 secs] 
3788.431: [GC (Allocation Failure) [PSYoungGen: 332508K->168852K(465920K)] 933009K->801374K(1864192K), 0.0583037 secs] [Times: user=0.28 sys=0.00, real=0.06 secs] 
3788.653: [GC (Allocation Failure) [PSYoungGen: 401812K->185878K(465920K)] 1034334K->871336K(1864192K), 0.0611823 secs] [Times: user=0.30 sys=0.00, real=0.06 secs] 
3788.838: [GC (Allocation Failure) [PSYoungGen: 418791K->183286K(465920K)] 1104249K->933280K(1864192K), 0.0515367 secs] [Times: user=0.25 sys=0.00, real=0.05 secs] 
3789.761: [GC (Allocation Failure) [PSYoungGen: 414328K->195251K(465920K)] 1164322K->1003141K(1864192K), 0.0568206 secs] [Times: user=0.28 sys=0.00, real=0.06 secs] 
3790.242: [GC (Allocation Failure) [PSYoungGen: 428211K->101916K(465920K)] 1236101K->976302K(1864192K), 0.0589216 secs] [Times: user=0.31 sys=0.00, real=0.06 secs] 
3790.490: [GC (Allocation Failure) [PSYoungGen: 332366K->180021K(465920K)] 1206752K->1087352K(1864192K), 0.0489183 secs] [Times: user=0.22 sys=0.00, real=0.05 secs] 
3790.703: [GC (Allocation Failure) [PSYoungGen: 412981K->185622K(465920K)] 1320312K->1148976K(1864192K), 0.0579964 secs] [Times: user=0.28 sys=0.00, real=0.05 secs] 
3790.880: [GC (Allocation Failure) [PSYoungGen: 418582K->187605K(465920K)] 1381936K->1207151K(1864192K), 0.0483941 secs] [Times: user=0.23 sys=0.00, real=0.05 secs] 
3792.102: [GC (Allocation Failure) [PSYoungGen: 420565K->96571K(465920K)] 1440111K->1186725K(1864192K), 0.0625525 secs] [Times: user=0.33 sys=0.00, real=0.07 secs] 
3792.969: [GC (Allocation Failure) [PSYoungGen: 329531K->170164K(465920K)] 1419685K->1291107K(1864192K), 0.0612644 secs] [Times: user=0.29 sys=0.00, real=0.06 secs] 
3793.233: [GC (Allocation Failure) [PSYoungGen: 403124K->185622K(465920K)] 1524067K->1360121K(1864192K), 0.0573199 secs] [Times: user=0.27 sys=0.00, real=0.05 secs] 
3793.445: [GC (Allocation Failure) [PSYoungGen: 418582K->186167K(465920K)] 1593081K->1425074K(1864192K), 0.0685729 secs] [Times: user=0.33 sys=0.00, real=0.07 secs] 
3794.360: [GC (Allocation Failure) [PSYoungGen: 416359K->207891K(465920K)] 1655266K->1505822K(1864192K), 0.0555851 secs] [Times: user=0.28 sys=0.00, real=0.06 secs] 
3795.593: [GC (Allocation Failure) [PSYoungGen: 440851K->99387K(465920K)] 1738782K->1462623K(1864192K), 0.0884227 secs] [Times: user=0.47 sys=0.00, real=0.08 secs] 
3795.681: [Full GC (Ergonomics) [PSYoungGen: 99387K->0K(465920K)] [ParOldGen: 1363235K->117019K(1398272K)] 1462623K->117019K(1864192K), [Metaspace: 60345K->60345K(1105920K)], 0.1589518 secs] [Times: user=0.68 sys=0.00, real=0.16 secs] 
3796.033: [GC (Allocation Failure) [PSYoungGen: 232960K->180118K(465920K)] 349979K->297137K(1864192K), 0.0253913 secs] [Times: user=0.08 sys=0.00, real=0.02 secs] 
3796.172: [GC (Allocation Failure) [PSYoungGen: 413078K->185814K(465920K)] 530097K->358825K(1864192K), 0.0415012 secs] [Times: user=0.18 sys=0.00, real=0.05 secs] 
3796.322: [GC (Allocation Failure) [PSYoungGen: 418774K->187669K(465920K)] 591785K->417064K(1864192K), 0.0450407 secs] [Times: user=0.21 sys=0.00, real=0.05 secs] 
3797.429: [GC (Allocation Failure) [PSYoungGen: 420629K->99676K(465920K)] 650024K->399783K(1864192K), 0.0438363 secs] [Times: user=0.23 sys=0.01, real=0.05 secs] 
3797.733: [GC (Allocation Failure) [PSYoungGen: 332636K->174357K(465920K)] 632743K->506921K(1864192K), 0.0386077 secs] [Times: user=0.17 sys=0.00, real=0.03 secs] 
3797.885: [GC (Allocation Failure) [PSYoungGen: 407317K->182741K(465920K)] 739881K->569705K(1864192K), 0.0425322 secs] [Times: user=0.19 sys=0.01, real=0.04 secs] 
3798.156: [GC (Allocation Failure) [PSYoungGen: 415701K->184695K(465920K)] 802665K->635203K(1864192K), 0.0644170 secs] [Times: user=0.31 sys=0.00, real=0.06 secs] 
3799.609: [GC (Allocation Failure) [PSYoungGen: 417655K->169939K(465920K)] 868163K->679103K(1864192K), 0.0571815 secs] [Times: user=0.28 sys=0.00, real=0.06 secs] 
3800.615: [GC (Allocation Failure) [PSYoungGen: 402899K->103980K(465920K)] 912063K->677960K(1864192K), 0.0921138 secs] [Times: user=0.49 sys=0.00, real=0.09 secs] 
3800.896: [GC (Allocation Failure) [PSYoungGen: 331529K->177973K(465920K)] 905510K->785598K(1864192K), 0.0344252 secs] [Times: user=0.15 sys=0.00, real=0.03 secs] 
3801.045: [GC (Allocation Failure) [PSYoungGen: 410933K->185526K(465920K)] 1018558K->848591K(1864192K), 0.0434549 secs] [Times: user=0.20 sys=0.00, real=0.04 secs] 
3801.202: [GC (Allocation Failure) [PSYoungGen: 418486K->187573K(465920K)] 1081551K->906742K(1864192K), 0.0459146 secs] [Times: user=0.21 sys=0.00, real=0.05 secs] 
3802.281: [GC (Allocation Failure) [PSYoungGen: 420533K->98907K(465920K)] 1139702K->888797K(1864192K), 0.0453900 secs] [Times: user=0.23 sys=0.00, real=0.05 secs] 
3802.770: [GC (Allocation Failure) [PSYoungGen: 331867K->174997K(465920K)] 1121757K->996911K(1864192K), 0.0409345 secs] [Times: user=0.19 sys=0.00, real=0.04 secs] 
3802.925: [GC (Allocation Failure) [PSYoungGen: 407957K->184918K(465920K)] 1229871K->1061472K(1864192K), 0.0431944 secs] [Times: user=0.19 sys=0.00, real=0.04 secs] 
3803.080: [GC (Allocation Failure) [PSYoungGen: 414434K->181622K(465920K)] 1290988K->1122672K(1864192K), 0.0494556 secs] [Times: user=0.24 sys=0.00, real=0.05 secs] 
3803.957: [GC (Allocation Failure) [PSYoungGen: 411467K->206195K(465920K)] 1352517K->1205045K(1864192K), 0.0555490 secs] [Times: user=0.28 sys=0.00, real=0.05 secs] 
3804.486: [GC (GCLocker Initiated GC) [PSYoungGen: 439155K->101196K(465920K)] 1438006K->1164958K(1864192K), 0.0658587 secs] [Times: user=0.34 sys=0.00, real=0.06 secs] 
3804.731: [GC (Allocation Failure) [PSYoungGen: 334156K->178486K(465920K)] 1406277K->1283579K(1864192K), 0.1378782 secs] [Times: user=0.76 sys=0.00, real=0.14 secs] 
3804.988: [GC (Allocation Failure) [PSYoungGen: 411446K->185559K(465920K)] 1516539K->1347452K(1864192K), 0.1549537 secs] [Times: user=0.87 sys=0.00, real=0.16 secs] 
3805.251: [GC (Allocation Failure) [PSYoungGen: 418519K->187637K(465920K)] 1580412K->1408370K(1864192K), 0.0578588 secs] [Times: user=0.28 sys=0.00, real=0.06 secs] 
3806.739: [GC (Allocation Failure) [PSYoungGen: 420597K->92299K(465920K)] 1641330K->1383744K(1864192K), 0.0853448 secs] [Times: user=0.47 sys=0.01, real=0.09 secs] 
3807.511: [GC (Allocation Failure) [PSYoungGen: 325259K->174101K(465920K)] 1616704K->1495415K(1864192K), 0.0583143 secs] [Times: user=0.27 sys=0.00, real=0.06 secs] 
3807.570: [Full GC (Ergonomics) [PSYoungGen: 174101K->0K(465920K)] [ParOldGen: 1321314K->199816K(1398272K)] 1495415K->199816K(1864192K), [Metaspace: 60345K->60345K(1105920K)], 0.2207942 secs] [Times: user=1.04 sys=0.00, real=0.22 secs] 
3807.923: [GC (Allocation Failure) [PSYoungGen: 232960K->185462K(465920K)] 432776K->385278K(1864192K), 0.0334982 secs] [Times: user=0.14 sys=0.01, real=0.04 secs] 
3808.125: [GC (Allocation Failure) [PSYoungGen: 409761K->179094K(465920K)] 609578K->443270K(1864192K), 0.0591342 secs] [Times: user=0.28 sys=0.00, real=0.06 secs] 
3809.150: [GC (Allocation Failure) [PSYoungGen: 412054K->168530K(465920K)] 676230K->489619K(1864192K), 0.0562739 secs] [Times: user=0.29 sys=0.00, real=0.06 secs] 
3809.825: [GC (Allocation Failure) [PSYoungGen: 401490K->106892K(465920K)] 722579K->492413K(1864192K), 0.0967893 secs] [Times: user=0.52 sys=0.00, real=0.09 secs] 
3810.107: [GC (Allocation Failure) [PSYoungGen: 332011K->175605K(465920K)] 717532K->595818K(1864192K), 0.0347348 secs] [Times: user=0.14 sys=0.00, real=0.03 secs] 
3810.256: [GC (Allocation Failure) [PSYoungGen: 408565K->184950K(465920K)] 828778K->659595K(1864192K), 0.0435727 secs] [Times: user=0.19 sys=0.01, real=0.04 secs] 
3810.438: [GC (Allocation Failure) [PSYoungGen: 417910K->187445K(465920K)] 892555K->718130K(1864192K), 0.0499527 secs] [Times: user=0.24 sys=0.00, real=0.05 secs] 
3811.542: [GC (Allocation Failure) [PSYoungGen: 420405K->96923K(465920K)] 951090K->698305K(1864192K), 0.0447338 secs] [Times: user=0.23 sys=0.00, real=0.05 secs] 
3812.116: [GC (Allocation Failure) [PSYoungGen: 329883K->170292K(465920K)] 931265K->803147K(1864192K), 0.0619982 secs] [Times: user=0.30 sys=0.00, real=0.06 secs] 
3812.378: [GC (Allocation Failure) [PSYoungGen: 403252K->185526K(465920K)] 1036107K->871672K(1864192K), 0.0589547 secs] [Times: user=0.27 sys=0.00, real=0.06 secs] 
3812.604: [GC (Allocation Failure) [PSYoungGen: 418486K->186263K(465920K)] 1104632K->936753K(1864192K), 0.0680358 secs] [Times: user=0.33 sys=0.00, real=0.06 secs] 
3813.574: [GC (Allocation Failure) [PSYoungGen: 415640K->207795K(465920K)] 1166131K->1017573K(1864192K), 0.0554943 secs] [Times: user=0.28 sys=0.01, real=0.05 secs] 
3814.789: [GC (Allocation Failure) [PSYoungGen: 440755K->99579K(465920K)] 1250533K->974518K(1864192K), 0.1046824 secs] [Times: user=0.57 sys=0.00, real=0.11 secs] 
3815.130: [GC (Allocation Failure) [PSYoungGen: 330766K->182838K(465920K)] 1205705K->1089581K(1864192K), 0.0354308 secs] [Times: user=0.14 sys=0.00, real=0.04 secs] 
3815.279: [GC (Allocation Failure) [PSYoungGen: 415798K->185686K(465920K)] 1322541K->1149229K(1864192K), 0.0442880 secs] [Times: user=0.20 sys=0.00, real=0.05 secs] 
3815.454: [GC (Allocation Failure) [PSYoungGen: 418646K->184949K(465920K)] 1382189K->1204756K(1864192K), 0.0585828 secs] [Times: user=0.29 sys=0.00, real=0.05 secs] 
3816.921: [GC (Allocation Failure) [PSYoungGen: 417909K->99916K(465920K)] 1437716K->1189595K(1864192K), 0.1181441 secs] [Times: user=0.65 sys=0.00, real=0.12 secs] 
3817.790: [GC (Allocation Failure) [PSYoungGen: 332876K->172884K(465920K)] 1422555K->1294497K(1864192K), 0.0571235 secs] [Times: user=0.27 sys=0.00, real=0.06 secs] 
3818.015: [GC (Allocation Failure) [PSYoungGen: 405844K->185750K(465920K)] 1527457K->1361386K(1864192K), 0.0536802 secs] [Times: user=0.26 sys=0.00, real=0.05 secs] 
3818.187: [GC (Allocation Failure) [PSYoungGen: 418710K->184151K(465920K)] 1594346K->1424347K(1864192K), 0.0527337 secs] [Times: user=0.25 sys=0.00, real=0.05 secs] 
3818.909: [GC (Allocation Failure) [PSYoungGen: 417111K->189779K(465920K)] 1657307K->1488519K(1864192K), 0.0538033 secs] [Times: user=0.26 sys=0.00, real=0.05 secs] 
3819.542: [GC (Allocation Failure) [PSYoungGen: 422739K->104812K(465920K)] 1721479K->1468145K(1864192K), 0.0605106 secs] [Times: user=0.32 sys=0.00, real=0.06 secs] 
3819.602: [Full GC (Ergonomics) [PSYoungGen: 104812K->0K(465920K)] [ParOldGen: 1363332K->122504K(1398272K)] 1468145K->122504K(1864192K), [Metaspace: 60346K->60346K(1105920K)], 0.1208177 secs] [Times: user=0.53 sys=0.00, real=0.13 secs] 
3819.874: [GC (Allocation Failure) [PSYoungGen: 229796K->177877K(465920K)] 352300K->300381K(1864192K), 0.0244960 secs] [Times: user=0.08 sys=0.00, real=0.02 secs] 
3820.036: [GC (Allocation Failure) [PSYoungGen: 410837K->185494K(465920K)] 533341K->363230K(1864192K), 0.0456102 secs] [Times: user=0.21 sys=0.01, real=0.04 secs] 
3820.191: [GC (Allocation Failure) [PSYoungGen: 418454K->184532K(465920K)] 596190K->418349K(1864192K), 0.0447920 secs] [Times: user=0.20 sys=0.01, real=0.05 secs] 
3821.495: [GC (Allocation Failure) [PSYoungGen: 417492K->98683K(465920K)] 651309K->402140K(1864192K), 0.0695872 secs] [Times: user=0.37 sys=0.00, real=0.07 secs] 
3822.241: [GC (Allocation Failure) [PSYoungGen: 331643K->171092K(465920K)] 635100K->506241K(1864192K), 0.0564710 secs] [Times: user=0.27 sys=0.00, real=0.06 secs] 
3822.463: [GC (Allocation Failure) [PSYoungGen: 404052K->182869K(465920K)] 739201K->571367K(1864192K), 0.0628479 secs] [Times: user=0.30 sys=0.00, real=0.06 secs] 
3822.662: [GC (Allocation Failure) [PSYoungGen: 415829K->186263K(465920K)] 804327K->638608K(1864192K), 0.0493222 secs] [Times: user=0.22 sys=0.00, real=0.05 secs] 
3823.590: [GC (Allocation Failure) [PSYoungGen: 419223K->214611K(465920K)] 871568K->726084K(1864192K), 0.0580075 secs] [Times: user=0.29 sys=0.01, real=0.06 secs] 
3824.470: [GC (Allocation Failure) [PSYoungGen: 447571K->103372K(465920K)] 959044K->680901K(1864192K), 0.0890466 secs] [Times: user=0.47 sys=0.01, real=0.09 secs] 
3824.803: [GC (Allocation Failure) [PSYoungGen: 334594K->178645K(465920K)] 912124K->789452K(1864192K), 0.0358617 secs] [Times: user=0.15 sys=0.00, real=0.03 secs] 
3824.956: [GC (Allocation Failure) [PSYoungGen: 411605K->182453K(465920K)] 1022412K->848739K(1864192K), 0.0434268 secs] [Times: user=0.20 sys=0.00, real=0.04 secs] 
3825.145: [GC (Allocation Failure) [PSYoungGen: 415413K->187733K(465920K)] 1081699K->909483K(1864192K), 0.0605852 secs] [Times: user=0.30 sys=0.00, real=0.06 secs] 
3826.230: [GC (Allocation Failure) [PSYoungGen: 420693K->101996K(465920K)] 1142443K->894386K(1864192K), 0.0457148 secs] [Times: user=0.24 sys=0.00, real=0.05 secs] 
3826.585: [GC (Allocation Failure) [PSYoungGen: 334956K->173076K(465920K)] 1127346K->998939K(1864192K), 0.0635223 secs] [Times: user=0.30 sys=0.00, real=0.06 secs] 
3826.850: [GC (Allocation Failure) [PSYoungGen: 406036K->181653K(465920K)] 1231899K->1061248K(1864192K), 0.0571404 secs] [Times: user=0.27 sys=0.01, real=0.06 secs] 
3827.068: [GC (Allocation Failure) [PSYoungGen: 414613K->186039K(465920K)] 1294208K->1129369K(1864192K), 0.0702119 secs] [Times: user=0.34 sys=0.00, real=0.07 secs] 
3828.693: [GC (Allocation Failure) [PSYoungGen: 418999K->213506K(465920K)] 1362329K->1215796K(1864192K), 0.0506456 secs] [Times: user=0.24 sys=0.00, real=0.05 secs] 
3830.329: [GC (Allocation Failure) [PSYoungGen: 446466K->99563K(465920K)] 1448756K->1166934K(1864192K), 0.1089410 secs] [Times: user=0.59 sys=0.00, real=0.11 secs] 
3830.814: [GC (Allocation Failure) [PSYoungGen: 332523K->182518K(465920K)] 1399894K->1282397K(1864192K), 0.0438721 secs] [Times: user=0.19 sys=0.00, real=0.04 secs] 
3831.012: [GC (Allocation Failure) [PSYoungGen: 415469K->185334K(465920K)] 1515349K->1341749K(1864192K), 0.0654250 secs] [Times: user=0.32 sys=0.00, real=0.07 secs] 
3831.210: [GC (Allocation Failure) [PSYoungGen: 418294K->184885K(465920K)] 1574709K->1397268K(1864192K), 0.0455895 secs] [Times: user=0.21 sys=0.00, real=0.05 secs] 
3832.307: [GC (Allocation Failure) [PSYoungGen: 417845K->101340K(465920K)] 1630228K->1383491K(1864192K), 0.0453337 secs] [Times: user=0.23 sys=0.00, real=0.04 secs] 
3832.905: [GC (Allocation Failure) [PSYoungGen: 334300K->171988K(465920K)] 1616451K->1487460K(1864192K), 0.0562906 secs] [Times: user=0.26 sys=0.00, real=0.05 secs] 
3832.961: [Full GC (Ergonomics) [PSYoungGen: 171988K->0K(465920K)] [ParOldGen: 1315471K->197237K(1398272K)] 1487460K->197237K(1864192K), [Metaspace: 60346K->60346K(1105920K)], 0.1927057 secs] [Times: user=0.87 sys=0.00, real=0.20 secs] 
3833.272: [GC (Allocation Failure) [PSYoungGen: 232960K->184854K(465920K)] 430197K->382091K(1864192K), 0.0331887 secs] [Times: user=0.13 sys=0.00, real=0.04 secs] 
3833.481: [GC (Allocation Failure) [PSYoungGen: 417814K->183574K(465920K)] 615051K->445356K(1864192K), 0.0491740 secs] [Times: user=0.23 sys=0.00, real=0.05 secs] 
3834.512: [GC (Allocation Failure) [PSYoungGen: 416534K->170739K(465920K)] 678316K->490784K(1864192K), 0.0549036 secs] [Times: user=0.28 sys=0.00, real=0.06 secs] 
3835.155: [GC (Allocation Failure) [PSYoungGen: 403699K->101772K(465920K)] 723744K->487129K(1864192K), 0.1185517 secs] [Times: user=0.65 sys=0.00, real=0.12 secs] 
3835.476: [GC (Allocation Failure) [PSYoungGen: 334033K->181846K(465920K)] 719390K->599628K(1864192K), 0.0352698 secs] [Times: user=0.14 sys=0.00, real=0.03 secs] 
3835.625: [GC (Allocation Failure) [PSYoungGen: 414806K->185846K(465920K)] 832588K->660176K(1864192K), 0.0437931 secs] [Times: user=0.20 sys=0.00, real=0.04 secs] 
3835.804: [GC (Allocation Failure) [PSYoungGen: 418806K->187669K(465920K)] 893136K->718423K(1864192K), 0.0508491 secs] [Times: user=0.24 sys=0.00, real=0.05 secs] 
3836.989: [GC (Allocation Failure) [PSYoungGen: 420629K->101164K(465920K)] 951383K->702594K(1864192K), 0.0475923 secs] [Times: user=0.24 sys=0.00, real=0.05 secs] 
3837.991: [GC (Allocation Failure) [PSYoungGen: 334124K->166836K(465920K)] 935554K->800783K(1864192K), 0.0591630 secs] [Times: user=0.25 sys=0.00, real=0.06 secs] 
3838.262: [GC (Allocation Failure) [PSYoungGen: 399796K->185526K(465920K)] 1033743K->872385K(1864192K), 0.0542910 secs] [Times: user=0.26 sys=0.00, real=0.06 secs] 
3838.469: [GC (Allocation Failure) [PSYoungGen: 418486K->185847K(465920K)] 1105345K->936786K(1864192K), 0.0731530 secs] [Times: user=0.36 sys=0.00, real=0.07 secs] 
3839.573: [GC (Allocation Failure) [PSYoungGen: 418807K->169555K(465920K)] 1169746K->979430K(1864192K), 0.0590182 secs] [Times: user=0.30 sys=0.00, real=0.06 secs] 
3840.429: [GC (GCLocker Initiated GC) [PSYoungGen: 402515K->110461K(465920K)] 1212390K->985396K(1864192K), 0.0975711 secs] [Times: user=0.52 sys=0.00, real=0.10 secs] 
3840.711: [GC (Allocation Failure) [PSYoungGen: 343421K->172501K(465920K)] 1226679K->1091890K(1864192K), 0.1314922 secs] [Times: user=0.73 sys=0.00, real=0.13 secs] 
3840.962: [GC (Allocation Failure) [PSYoungGen: 405461K->185687K(465920K)] 1324850K->1160472K(1864192K), 0.1757356 secs] [Times: user=0.99 sys=0.00, real=0.18 secs] 
3841.250: [GC (Allocation Failure) [PSYoungGen: 418647K->185365K(465920K)] 1393432K->1219214K(1864192K), 0.0596221 secs] [Times: user=0.29 sys=0.00, real=0.06 secs] 
3842.385: [GC (Allocation Failure) [PSYoungGen: 418325K->101964K(465920K)] 1452174K->1205677K(1864192K), 0.0468036 secs] [Times: user=0.24 sys=0.00, real=0.04 secs] 
3842.885: [GC (Allocation Failure) [PSYoungGen: 334924K->172852K(465920K)] 1438637K->1309514K(1864192K), 0.0670379 secs] [Times: user=0.32 sys=0.00, real=0.06 secs] 
3843.100: [GC (Allocation Failure) [PSYoungGen: 405812K->184854K(465920K)] 1542474K->1375384K(1864192K), 0.0447846 secs] [Times: user=0.20 sys=0.00, real=0.05 secs] 
3843.281: [GC (Allocation Failure) [PSYoungGen: 417814K->188373K(465920K)] 1608344K->1434863K(1864192K), 0.0511714 secs] [Times: user=0.24 sys=0.00, real=0.05 secs] 
3844.646: [GC (Allocation Failure) [PSYoungGen: 421333K->151538K(465920K)] 1667823K->1469036K(1864192K), 0.0528838 secs] [Times: user=0.26 sys=0.00, real=0.05 secs] 
3844.698: [Full GC (Ergonomics) [PSYoungGen: 151538K->0K(465920K)] [ParOldGen: 1317497K->357523K(1398272K)] 1469036K->357523K(1864192K), [Metaspace: 60347K->60347K(1105920K)], 0.5706054 secs] [Times: user=2.49 sys=0.00, real=0.57 secs] 
3846.900: [GC (Allocation Failure) [PSYoungGen: 232960K->115405K(465920K)] 590483K->472929K(1864192K), 0.0475136 secs] [Times: user=0.18 sys=0.01, real=0.05 secs] 
3847.191: [GC (Allocation Failure) [PSYoungGen: 348365K->177397K(465920K)] 705889K->571861K(1864192K), 0.0399775 secs] [Times: user=0.18 sys=0.00, real=0.04 secs] 
3847.349: [GC (Allocation Failure) [PSYoungGen: 410357K->185399K(465920K)] 804821K->641943K(1864192K), 0.0480143 secs] [Times: user=0.22 sys=0.00, real=0.05 secs] 
3847.567: [GC (Allocation Failure) [PSYoungGen: 418359K->184404K(465920K)] 874903K->699805K(1864192K), 0.0775958 secs] [Times: user=0.40 sys=0.00, real=0.08 secs] 
3848.731: [GC (Allocation Failure) [PSYoungGen: 417364K->100572K(465920K)] 932765K->685412K(1864192K), 0.0453001 secs] [Times: user=0.23 sys=0.00, real=0.05 secs] 
3849.087: [GC (GCLocker Initiated GC) [PSYoungGen: 333532K->171412K(465920K)] 918373K->789565K(1864192K), 0.0572715 secs] [Times: user=0.26 sys=0.00, real=0.06 secs] 
3849.354: [GC (GCLocker Initiated GC) [PSYoungGen: 404372K->182069K(465920K)] 1022528K->853336K(1864192K), 0.0587214 secs] [Times: user=0.28 sys=0.00, real=0.05 secs] 
3849.542: [GC (Allocation Failure) [PSYoungGen: 415029K->184631K(465920K)] 1102719K->927849K(1864192K), 0.1688571 secs] [Times: user=0.95 sys=0.00, real=0.17 secs] 
3851.351: [GC (Allocation Failure) [PSYoungGen: 417591K->143153K(465920K)] 1160809K->944939K(1864192K), 0.1643721 secs] [Times: user=0.94 sys=0.00, real=0.17 secs] 
3852.527: [GC (Allocation Failure) [PSYoungGen: 376113K->124975K(465920K)] 1177899K->972016K(1864192K), 0.1624418 secs] [Times: user=0.91 sys=0.00, real=0.16 secs] 
3852.851: [GC (Allocation Failure) [PSYoungGen: 357935K->179957K(465920K)] 1204976K->1066976K(1864192K), 0.0378741 secs] [Times: user=0.16 sys=0.00, real=0.04 secs] 
3853.004: [GC (Allocation Failure) [PSYoungGen: 412917K->186039K(465920K)] 1299936K->1135826K(1864192K), 0.0495130 secs] [Times: user=0.23 sys=0.00, real=0.05 secs] 
3853.163: [GC (Allocation Failure) [PSYoungGen: 418999K->187733K(465920K)] 1368786K->1196512K(1864192K), 0.0590423 secs] [Times: user=0.29 sys=0.01, real=0.06 secs] 
3855.523: [GC (Allocation Failure) [PSYoungGen: 420693K->90810K(465920K)] 1429472K->1170429K(1864192K), 0.1223404 secs] [Times: user=0.68 sys=0.00, real=0.12 secs] 
3856.388: [GC (Allocation Failure) [PSYoungGen: 323770K->176597K(465920K)] 1403389K->1285781K(1864192K), 0.0439005 secs] [Times: user=0.19 sys=0.00, real=0.04 secs] 
3856.559: [GC (Allocation Failure) [PSYoungGen: 409557K->185238K(465920K)] 1518741K->1349386K(1864192K), 0.0437762 secs] [Times: user=0.20 sys=0.00, real=0.04 secs] 
3856.772: [GC (Allocation Failure) [PSYoungGen: 418198K->184533K(465920K)] 1582346K->1404800K(1864192K), 0.0659754 secs] [Times: user=0.33 sys=0.00, real=0.07 secs] 
3857.900: [GC (Allocation Failure) [PSYoungGen: 417493K->144658K(465920K)] 1637760K->1434462K(1864192K), 0.0505291 secs] [Times: user=0.25 sys=0.00, real=0.05 secs] 
3858.195: [GC (Allocation Failure) [PSYoungGen: 377618K->133744K(465920K)] 1667422K->1469484K(1864192K), 0.0875816 secs] [Times: user=0.48 sys=0.01, real=0.08 secs] 
3858.283: [Full GC (Ergonomics) [PSYoungGen: 133744K->0K(465920K)] [ParOldGen: 1335739K->150974K(1398272K)] 1469484K->150974K(1864192K), [Metaspace: 60357K->60357K(1105920K)], 0.1376893 secs] [Times: user=0.59 sys=0.00, real=0.14 secs] 
3858.560: [GC (Allocation Failure) [PSYoungGen: 232960K->179669K(465920K)] 383934K->330644K(1864192K), 0.0260786 secs] [Times: user=0.09 sys=0.00, real=0.03 secs] 
3858.705: [GC (Allocation Failure) [PSYoungGen: 412629K->185911K(465920K)] 563604K->399638K(1864192K), 0.0486715 secs] [Times: user=0.23 sys=0.00, real=0.05 secs] 
3858.890: [GC (Allocation Failure) [PSYoungGen: 418871K->181844K(465920K)] 632598K->454555K(1864192K), 0.0709142 secs] [Times: user=0.35 sys=0.01, real=0.07 secs] 
3860.137: [GC (Allocation Failure) [PSYoungGen: 414804K->97163K(465920K)] 687515K->438558K(1864192K), 0.0484504 secs] [Times: user=0.25 sys=0.00, real=0.05 secs] 
3860.601: [GC (Allocation Failure) [PSYoungGen: 330123K->179637K(465920K)] 671518K->552077K(1864192K), 0.0471684 secs] [Times: user=0.20 sys=0.00, real=0.05 secs] 
3860.789: [GC (Allocation Failure) [PSYoungGen: 412597K->185814K(465920K)] 785037K->614450K(1864192K), 0.0434142 secs] [Times: user=0.20 sys=0.00, real=0.04 secs] 
3860.940: [GC (Allocation Failure) [PSYoungGen: 418774K->187477K(465920K)] 847410K->672417K(1864192K), 0.0454806 secs] [Times: user=0.21 sys=0.00, real=0.05 secs] 
3861.995: [GC (Allocation Failure) [PSYoungGen: 420437K->131376K(465920K)] 905377K->687100K(1864192K), 0.0481472 secs] [Times: user=0.24 sys=0.00, real=0.05 secs] 
3863.636: [GC (Allocation Failure) [PSYoungGen: 364336K->137296K(465920K)] 920060K->734620K(1864192K), 0.1173138 secs] [Times: user=0.63 sys=0.00, real=0.12 secs] 
3863.913: [GC (Allocation Failure) [PSYoungGen: 370256K->180021K(465920K)] 967580K->821658K(1864192K), 0.0393995 secs] [Times: user=0.17 sys=0.00, real=0.03 secs] 
3864.100: [GC (Allocation Failure) [PSYoungGen: 412981K->185527K(465920K)] 1054618K->889676K(1864192K), 0.0633071 secs] [Times: user=0.31 sys=0.00, real=0.07 secs] 
3864.280: [GC (Allocation Failure) [PSYoungGen: 418487K->187701K(465920K)] 1122636K->950802K(1864192K), 0.0582953 secs] [Times: user=0.29 sys=0.00, real=0.06 secs] 
3865.381: [GC (Allocation Failure) [PSYoungGen: 420661K->91979K(465920K)] 1183762K->925936K(1864192K), 0.0442582 secs] [Times: user=0.24 sys=0.00, real=0.05 secs] 
3865.847: [GC (Allocation Failure) [PSYoungGen: 324939K->178869K(465920K)] 1158896K->1042107K(1864192K), 0.0478930 secs] [Times: user=0.20 sys=0.00, real=0.05 secs] 
3866.041: [GC (Allocation Failure) [PSYoungGen: 411829K->185718K(465920K)] 1275067K->1104772K(1864192K), 0.0448009 secs] [Times: user=0.21 sys=0.00, real=0.05 secs] 
3866.196: [GC (Allocation Failure) [PSYoungGen: 418678K->187477K(465920K)] 1337732K->1162851K(1864192K), 0.0465313 secs] [Times: user=0.22 sys=0.00, real=0.05 secs] 
3867.556: [GC (Allocation Failure) [PSYoungGen: 420437K->126191K(465920K)] 1395811K->1172173K(1864192K), 0.0488116 secs] [Times: user=0.25 sys=0.00, real=0.05 secs] 
3868.583: [GC (Allocation Failure) [PSYoungGen: 359151K->143121K(465920K)] 1405133K->1229271K(1864192K), 0.0919467 secs] [Times: user=0.49 sys=0.00, real=0.09 secs] 
3868.808: [GC (Allocation Failure) [PSYoungGen: 376081K->180661K(465920K)] 1462231K->1312192K(1864192K), 0.0402114 secs] [Times: user=0.17 sys=0.00, real=0.04 secs] 
3868.966: [GC (Allocation Failure) [PSYoungGen: 413621K->184535K(465920K)] 1545152K->1379178K(1864192K), 0.0498005 secs] [Times: user=0.23 sys=0.00, real=0.05 secs] 
3869.128: [GC (Allocation Failure) [PSYoungGen: 417495K->187669K(465920K)] 1612138K->1440944K(1864192K), 0.0585014 secs] [Times: user=0.29 sys=0.00, real=0.06 secs] 
3870.834: [GC (Allocation Failure) [PSYoungGen: 420629K->92123K(465920K)] 1673904K->1416154K(1864192K), 0.0705372 secs] [Times: user=0.38 sys=0.00, real=0.07 secs] 
3870.905: [Full GC (Ergonomics) [PSYoungGen: 92123K->0K(465920K)] [ParOldGen: 1324031K->98916K(1398272K)] 1416154K->98916K(1864192K), [Metaspace: 60359K->60359K(1105920K)], 0.1009741 secs] [Times: user=0.40 sys=0.00, real=0.10 secs] 
3871.299: [GC (Allocation Failure) [PSYoungGen: 232960K->177173K(465920K)] 331876K->276090K(1864192K), 0.0244216 secs] [Times: user=0.08 sys=0.00, real=0.03 secs] 
3871.475: [GC (Allocation Failure) [PSYoungGen: 410133K->184982K(465920K)] 509050K->338975K(1864192K), 0.0609777 secs] [Times: user=0.29 sys=0.00, real=0.06 secs] 
3871.685: [GC (Allocation Failure) [PSYoungGen: 417942K->188181K(465920K)] 571935K->398222K(1864192K), 0.0445743 secs] [Times: user=0.20 sys=0.00, real=0.04 secs] 
3872.708: [GC (Allocation Failure) [PSYoungGen: 421141K->124367K(465920K)] 631182K->405320K(1864192K), 0.0470199 secs] [Times: user=0.24 sys=0.00, real=0.05 secs] 
3873.038: [GC (Allocation Failure) [PSYoungGen: 357327K->149313K(465920K)] 638280K->469754K(1864192K), 0.0958493 secs] [Times: user=0.50 sys=0.00, real=0.10 secs] 
3873.281: [GC (Allocation Failure) [PSYoungGen: 382273K->183029K(465920K)] 702714K->550475K(1864192K), 0.0400649 secs] [Times: user=0.17 sys=0.00, real=0.04 secs] 
3873.438: [GC (Allocation Failure) [PSYoungGen: 415989K->182998K(465920K)] 783435K->614116K(1864192K), 0.0490059 secs] [Times: user=0.23 sys=0.01, real=0.05 secs] 
3873.640: [GC (Allocation Failure) [PSYoungGen: 415958K->186741K(465920K)] 847076K->675675K(1864192K), 0.0553793 secs] [Times: user=0.27 sys=0.00, real=0.06 secs] 
3875.840: [GC (Allocation Failure) [PSYoungGen: 419701K->93179K(465920K)] 908635K->652521K(1864192K), 0.0596337 secs] [Times: user=0.31 sys=0.00, real=0.06 secs] 
3876.418: [GC (Allocation Failure) [PSYoungGen: 326139K->176917K(465920K)] 885481K->766216K(1864192K), 0.0393657 secs] [Times: user=0.17 sys=0.00, real=0.04 secs] 
3876.573: [GC (Allocation Failure) [PSYoungGen: 409877K->185558K(465920K)] 999176K->830101K(1864192K), 0.0427855 secs] [Times: user=0.20 sys=0.00, real=0.04 secs] 
3876.728: [GC (Allocation Failure) [PSYoungGen: 418518K->187861K(465920K)] 1063061K->888676K(1864192K), 0.0452384 secs] [Times: user=0.21 sys=0.00, real=0.05 secs] 
3877.865: [GC (Allocation Failure) [PSYoungGen: 420821K->118958K(465920K)] 1121636K->890541K(1864192K), 0.0465782 secs] [Times: user=0.24 sys=0.00, real=0.04 secs] 
3879.405: [GC (Allocation Failure) [PSYoungGen: 351918K->146065K(465920K)] 1123501K->955312K(1864192K), 0.1092559 secs] [Times: user=0.57 sys=0.01, real=0.11 secs] 
3879.674: [GC (Allocation Failure) [PSYoungGen: 379025K->184598K(465920K)] 1188272K->1040109K(1864192K), 0.0399079 secs] [Times: user=0.18 sys=0.00, real=0.04 secs] 
3879.830: [GC (Allocation Failure) [PSYoungGen: 417558K->185495K(465920K)] 1273069K->1105151K(1864192K), 0.0495279 secs] [Times: user=0.23 sys=0.00, real=0.05 secs] 
3879.989: [GC (Allocation Failure) [PSYoungGen: 418455K->187541K(465920K)] 1338111K->1166045K(1864192K), 0.0554598 secs] [Times: user=0.27 sys=0.00, real=0.06 secs] 
3881.053: [GC (Allocation Failure) [PSYoungGen: 420501K->93307K(465920K)] 1399005K->1142395K(1864192K), 0.0429151 secs] [Times: user=0.22 sys=0.01, real=0.04 secs] 
3881.366: [GC (Allocation Failure) [PSYoungGen: 326267K->180085K(465920K)] 1375355K->1259270K(1864192K), 0.0340806 secs] [Times: user=0.14 sys=0.00, real=0.03 secs] 
3881.557: [GC (Allocation Failure) [PSYoungGen: 413045K->182229K(465920K)] 1492230K->1317437K(1864192K), 0.0635470 secs] [Times: user=0.31 sys=0.00, real=0.06 secs] 
3881.803: [GC (Allocation Failure) [PSYoungGen: 415189K->187509K(465920K)] 1550397K->1377949K(1864192K), 0.0615950 secs] [Times: user=0.30 sys=0.00, real=0.07 secs] 
3882.967: [GC (Allocation Failure) [PSYoungGen: 420469K->117310K(465920K)] 1610909K->1378558K(1864192K), 0.0480046 secs] [Times: user=0.24 sys=0.00, real=0.05 secs] 
3883.545: [GC (Allocation Failure) [PSYoungGen: 350270K->159379K(465920K)] 1611518K->1457784K(1864192K), 0.0955531 secs] [Times: user=0.50 sys=0.00, real=0.09 secs] 
3883.776: [GC (Allocation Failure) [PSYoungGen: 392339K->180117K(465920K)] 1690744K->1528494K(1864192K), 0.0421407 secs] [Times: user=0.19 sys=0.00, real=0.04 secs] 
3883.819: [Full GC (Ergonomics) [PSYoungGen: 180117K->0K(465920K)] [ParOldGen: 1348377K->247607K(1398272K)] 1528494K->247607K(1864192K), [Metaspace: 60359K->60359K(1105920K)], 0.2924226 secs] [Times: user=1.33 sys=0.00, real=0.29 secs] 
3884.230: [GC (Allocation Failure) [PSYoungGen: 232960K->186071K(465920K)] 480567K->433678K(1864192K), 0.0877382 secs] [Times: user=0.46 sys=0.00, real=0.09 secs] 
3884.431: [GC (Allocation Failure) [PSYoungGen: 419031K->187381K(465920K)] 666638K->494152K(1864192K), 0.0566134 secs] [Times: user=0.27 sys=0.00, real=0.06 secs] 
3886.164: [GC (Allocation Failure) [PSYoungGen: 420341K->92587K(465920K)] 727112K->469946K(1864192K), 0.1156166 secs] [Times: user=0.64 sys=0.00, real=0.11 secs] 
3886.978: [GC (Allocation Failure) [PSYoungGen: 325547K->179701K(465920K)] 702906K->587174K(1864192K), 0.0427034 secs] [Times: user=0.19 sys=0.00, real=0.04 secs] 
3887.141: [GC (Allocation Failure) [PSYoungGen: 412661K->182613K(465920K)] 820134K->645950K(1864192K), 0.0425032 secs] [Times: user=0.19 sys=0.00, real=0.05 secs] 
3887.322: [GC (Allocation Failure) [PSYoungGen: 415573K->183956K(465920K)] 878910K->702373K(1864192K), 0.0620497 secs] [Times: user=0.30 sys=0.00, real=0.07 secs] 
3888.431: [GC (Allocation Failure) [PSYoungGen: 416916K->113645K(465920K)] 935333K->701398K(1864192K), 0.0462921 secs] [Times: user=0.24 sys=0.00, real=0.05 secs] 
3888.762: [GC (Allocation Failure) [PSYoungGen: 346605K->163987K(465920K)] 934358K->788529K(1864192K), 0.0571693 secs] [Times: user=0.28 sys=0.00, real=0.06 secs] 
3888.957: [GC (Allocation Failure) [PSYoungGen: 396947K->185366K(465920K)] 1021489K->861215K(1864192K), 0.0473037 secs] [Times: user=0.22 sys=0.00, real=0.05 secs] 
3889.142: [GC (Allocation Failure) [PSYoungGen: 418326K->182486K(465920K)] 1094175K->922760K(1864192K), 0.0711022 secs] [Times: user=0.33 sys=0.01, real=0.08 secs] 
3889.361: [GC (Allocation Failure) [PSYoungGen: 415446K->186901K(465920K)] 1155720K->985414K(1864192K), 0.0564824 secs] [Times: user=0.27 sys=0.00, real=0.06 secs] 
3890.658: [GC (Allocation Failure) [PSYoungGen: 419861K->94891K(465920K)] 1218374K->963748K(1864192K), 0.0741496 secs] [Times: user=0.40 sys=0.00, real=0.07 secs] 
3891.059: [GC (Allocation Failure) [PSYoungGen: 327851K->180950K(465920K)] 1196708K->1080012K(1864192K), 0.0459364 secs] [Times: user=0.20 sys=0.00, real=0.05 secs] 
3891.227: [GC (GCLocker Initiated GC) [PSYoungGen: 413910K->185302K(465920K)] 1312972K->1141084K(1864192K), 0.0446605 secs] [Times: user=0.20 sys=0.00, real=0.04 secs] 
3891.385: [GC (Allocation Failure) [PSYoungGen: 418262K->187477K(465920K)] 1374175K->1199502K(1864192K), 0.0463453 secs] [Times: user=0.22 sys=0.00, real=0.04 secs] 
3892.553: [GC (Allocation Failure) [PSYoungGen: 420437K->100556K(465920K)] 1432462K->1183197K(1864192K), 0.0455186 secs] [Times: user=0.23 sys=0.00, real=0.04 secs] 
3893.428: [GC (Allocation Failure) [PSYoungGen: 333516K->168980K(465920K)] 1416157K->1283770K(1864192K), 0.0738928 secs] [Times: user=0.37 sys=0.00, real=0.07 secs] 
3893.637: [GC (Allocation Failure) [PSYoungGen: 401940K->183477K(465920K)] 1516730K->1351128K(1864192K), 0.0440572 secs] [Times: user=0.20 sys=0.00, real=0.04 secs] 
3893.820: [GC (Allocation Failure) [PSYoungGen: 416437K->186039K(465920K)] 1584088K->1417593K(1864192K), 0.0648293 secs] [Times: user=0.32 sys=0.00, real=0.07 secs] 
3894.008: [GC (GCLocker Initiated GC) [PSYoungGen: 418999K->186229K(465920K)] 1650554K->1476856K(1864192K), 0.0574905 secs] [Times: user=0.29 sys=0.00, real=0.06 secs] 
3895.194: [GC (Allocation Failure) [PSYoungGen: 419189K->91530K(465920K)] 1709818K->1452320K(1864192K), 0.0582385 secs] [Times: user=0.31 sys=0.00, real=0.05 secs] 
3895.252: [Full GC (Ergonomics) [PSYoungGen: 91530K->0K(465920K)] [ParOldGen: 1360789K->109009K(1398272K)] 1452320K->109009K(1864192K), [Metaspace: 60363K->60363K(1105920K)], 0.1079073 secs] [Times: user=0.47 sys=0.00, real=0.11 secs] 
3895.607: [GC (Allocation Failure) [PSYoungGen: 232960K->183734K(465920K)] 341969K->292743K(1864192K), 0.0313044 secs] [Times: user=0.11 sys=0.00, real=0.03 secs] 
3895.759: [GC (Allocation Failure) [PSYoungGen: 416694K->181941K(465920K)] 525703K->348211K(1864192K), 0.0413018 secs] [Times: user=0.19 sys=0.00, real=0.04 secs] 
3895.950: [GC (Allocation Failure) [PSYoungGen: 414901K->187413K(465920K)] 581171K->408858K(1864192K), 0.0591094 secs] [Times: user=0.28 sys=0.00, real=0.06 secs] 
3897.029: [GC (GCLocker Initiated GC) [PSYoungGen: 420373K->99820K(465920K)] 641820K->391987K(1864192K), 0.0439486 secs] [Times: user=0.23 sys=0.00, real=0.05 secs] 
3897.560: [GC (Allocation Failure) [PSYoungGen: 332780K->171892K(465920K)] 624950K->496167K(1864192K), 0.0661118 secs] [Times: user=0.32 sys=0.00, real=0.07 secs] 
3897.814: [GC (Allocation Failure) [PSYoungGen: 404852K->182517K(465920K)] 729127K->560764K(1864192K), 0.0563198 secs] [Times: user=0.26 sys=0.00, real=0.05 secs] 
3897.990: [GC (Allocation Failure) [PSYoungGen: 415477K->185815K(465920K)] 793724K->627765K(1864192K), 0.0494058 secs] [Times: user=0.23 sys=0.01, real=0.05 secs] 
3898.480: [GC (Allocation Failure) [PSYoungGen: 418775K->216756K(465920K)] 860725K->717715K(1864192K), 0.0545280 secs] [Times: user=0.27 sys=0.00, real=0.06 secs] 
3900.602: [GC (Allocation Failure) [PSYoungGen: 449716K->94298K(465920K)] 950675K->663889K(1864192K), 0.1054876 secs] [Times: user=0.58 sys=0.00, real=0.11 secs] 
3901.017: [GC (Allocation Failure) [PSYoungGen: 327258K->183958K(465920K)] 896849K->783162K(1864192K), 0.0416983 secs] [Times: user=0.18 sys=0.00, real=0.04 secs] 
3901.170: [GC (Allocation Failure) [PSYoungGen: 416918K->185558K(465920K)] 1016122K->841697K(1864192K), 0.0443123 secs] [Times: user=0.20 sys=0.00, real=0.05 secs] 
3901.326: [GC (Allocation Failure) [PSYoungGen: 418518K->184789K(465920K)] 1074657K->897112K(1864192K), 0.0456019 secs] [Times: user=0.21 sys=0.00, real=0.04 secs] 
3902.433: [GC (Allocation Failure) [PSYoungGen: 417749K->98187K(465920K)] 1130072K->880271K(1864192K), 0.0444110 secs] [Times: user=0.23 sys=0.00, real=0.04 secs] 
3902.834: [GC (Allocation Failure) [PSYoungGen: 331147K->173141K(465920K)] 1113231K->986977K(1864192K), 0.0720354 secs] [Times: user=0.35 sys=0.00, real=0.07 secs] 
3903.066: [GC (Allocation Failure) [PSYoungGen: 406101K->185654K(465920K)] 1219937K->1053662K(1864192K), 0.0429181 secs] [Times: user=0.19 sys=0.00, real=0.04 secs] 
3903.225: [GC (Allocation Failure) [PSYoungGen: 418614K->185975K(465920K)] 1286622K->1118423K(1864192K), 0.0500293 secs] [Times: user=0.23 sys=0.00, real=0.05 secs] 
3903.746: [GC (Allocation Failure) [PSYoungGen: 418935K->212275K(465920K)] 1351383K->1203900K(1864192K), 0.0547034 secs] [Times: user=0.26 sys=0.00, real=0.05 secs] 
3904.756: [GC (Allocation Failure) [PSYoungGen: 445235K->100235K(465920K)] 1436860K->1158500K(1864192K), 0.0603246 secs] [Times: user=0.32 sys=0.00, real=0.06 secs] 
3904.963: [GC (Allocation Failure) [PSYoungGen: 333195K->181558K(465920K)] 1391460K->1271999K(1864192K), 0.0357896 secs] [Times: user=0.14 sys=0.00, real=0.03 secs] 
3905.115: [GC (Allocation Failure) [PSYoungGen: 414518K->185590K(465920K)] 1504959K->1332767K(1864192K), 0.0443065 secs] [Times: user=0.20 sys=0.00, real=0.04 secs] 
3905.330: [GC (Allocation Failure) [PSYoungGen: 418497K->186773K(465920K)] 1565674K->1390134K(1864192K), 0.0643514 secs] [Times: user=0.31 sys=0.00, real=0.07 secs] 
3906.835: [GC (Allocation Failure) [PSYoungGen: 419733K->99084K(465920K)] 1623094K->1372925K(1864192K), 0.0828061 secs] [Times: user=0.44 sys=0.00, real=0.08 secs] 
3908.239: [GC (Allocation Failure) [PSYoungGen: 332044K->170100K(465920K)] 1605885K->1475947K(1864192K), 0.0661233 secs] [Times: user=0.32 sys=0.00, real=0.07 secs] 
3908.446: [GC (Allocation Failure) [PSYoungGen: 403060K->185878K(465920K)] 1708907K->1544744K(1864192K), 0.0460590 secs] [Times: user=0.22 sys=0.00, real=0.04 secs] 
3908.492: [Full GC (Ergonomics) [PSYoungGen: 185878K->0K(465920K)] [ParOldGen: 1358866K->262253K(1398272K)] 1544744K->262253K(1864192K), [Metaspace: 60364K->60364K(1105920K)], 0.3299032 secs] [Times: user=1.52 sys=0.00, real=0.33 secs] 
3908.935: [GC (Allocation Failure) [PSYoungGen: 232960K->183478K(465920K)] 495213K->445732K(1864192K), 0.0873688 secs] [Times: user=0.45 sys=0.00, real=0.08 secs] 
3909.589: [GC (Allocation Failure) [PSYoungGen: 416438K->214163K(465920K)] 678692K->534448K(1864192K), 0.0530058 secs] [Times: user=0.26 sys=0.01, real=0.05 secs] 
3910.316: [GC (Allocation Failure) [PSYoungGen: 447123K->104620K(465920K)] 767408K->490817K(1864192K), 0.0523414 secs] [Times: user=0.27 sys=0.00, real=0.05 secs] 
3910.531: [GC (Allocation Failure) [PSYoungGen: 331247K->177845K(465920K)] 717445K->597423K(1864192K), 0.0477299 secs] [Times: user=0.21 sys=0.01, real=0.05 secs] 
3910.714: [GC (Allocation Failure) [PSYoungGen: 410805K->185814K(465920K)] 830383K->660692K(1864192K), 0.0443531 secs] [Times: user=0.21 sys=0.00, real=0.04 secs] 
3911.167: [GC (Allocation Failure) [PSYoungGen: 418774K->187189K(465920K)] 893652K->718547K(1864192K), 0.0562878 secs] [Times: user=0.28 sys=0.00, real=0.06 secs] 
3912.274: [GC (GCLocker Initiated GC) [PSYoungGen: 420149K->93851K(465920K)] 951508K->695618K(1864192K), 0.0446349 secs] [Times: user=0.23 sys=0.00, real=0.04 secs] 
3912.786: [GC (Allocation Failure) [PSYoungGen: 326811K->173620K(465920K)] 928744K->805519K(1864192K), 0.0650683 secs] [Times: user=0.31 sys=0.00, real=0.06 secs] 
3912.999: [GC (Allocation Failure) [PSYoungGen: 406580K->185814K(465920K)] 1038479K->872368K(1864192K), 0.0445077 secs] [Times: user=0.20 sys=0.00, real=0.05 secs] 
3913.159: [GC (Allocation Failure) [PSYoungGen: 418774K->183382K(465920K)] 1105328K->934417K(1864192K), 0.0511532 secs] [Times: user=0.24 sys=0.00, real=0.05 secs] 
3914.105: [GC (Allocation Failure) [PSYoungGen: 412087K->210163K(465920K)] 1163121K->1019386K(1864192K), 0.0562021 secs] [Times: user=0.29 sys=0.00, real=0.05 secs] 
3915.371: [GC (Allocation Failure) [PSYoungGen: 443123K->94987K(465920K)] 1252346K->970169K(1864192K), 0.0973754 secs] [Times: user=0.52 sys=0.00, real=0.10 secs] 
3915.867: [GC (Allocation Failure) [PSYoungGen: 327947K->183254K(465920K)] 1203129K->1088657K(1864192K), 0.0403768 secs] [Times: user=0.18 sys=0.01, real=0.04 secs] 
3916.020: [GC (Allocation Failure) [PSYoungGen: 416169K->185558K(465920K)] 1321572K->1147937K(1864192K), 0.0445145 secs] [Times: user=0.20 sys=0.00, real=0.05 secs] 
3916.198: [GC (Allocation Failure) [PSYoungGen: 418518K->187573K(465920K)] 1380897K->1206160K(1864192K), 0.0504998 secs] [Times: user=0.24 sys=0.00, real=0.05 secs] 
3917.311: [GC (Allocation Failure) [PSYoungGen: 420533K->99724K(465920K)] 1439120K->1188935K(1864192K), 0.0453933 secs] [Times: user=0.24 sys=0.00, real=0.05 secs] 
3917.629: [GC (Allocation Failure) [PSYoungGen: 332684K->174069K(465920K)] 1421895K->1295709K(1864192K), 0.0624013 secs] [Times: user=0.29 sys=0.00, real=0.06 secs] 
3917.839: [GC (Allocation Failure) [PSYoungGen: 407029K->182421K(465920K)] 1528669K->1358410K(1864192K), 0.0449398 secs] [Times: user=0.21 sys=0.01, real=0.05 secs] 
3918.004: [GC (Allocation Failure) [PSYoungGen: 415381K->186167K(465920K)] 1591370K->1426027K(1864192K), 0.0519790 secs] [Times: user=0.25 sys=0.00, real=0.05 secs] 
3919.783: [GC (Allocation Failure) [PSYoungGen: 419127K->212307K(465920K)] 1658987K->1511223K(1864192K), 0.0568160 secs] [Times: user=0.29 sys=0.00, real=0.06 secs] 
3920.571: [GC (Allocation Failure) [PSYoungGen: 445267K->100620K(465920K)] 1744183K->1464928K(1864192K), 0.0845271 secs] [Times: user=0.45 sys=0.01, real=0.09 secs] 
3920.655: [Full GC (Ergonomics) [PSYoungGen: 100620K->0K(465920K)] [ParOldGen: 1364308K->118085K(1398272K)] 1464928K->118085K(1864192K), [Metaspace: 60364K->60364K(1105920K)], 0.1678914 secs] [Times: user=0.75 sys=0.00, real=0.17 secs] 
3920.954: [GC (Allocation Failure) [PSYoungGen: 232960K->181686K(465920K)] 351045K->299771K(1864192K), 0.0251323 secs] [Times: user=0.08 sys=0.00, real=0.02 secs] 
3921.095: [GC (Allocation Failure) [PSYoungGen: 414646K->185366K(465920K)] 532731K->360035K(1864192K), 0.0419025 secs] [Times: user=0.19 sys=0.00, real=0.04 secs] 
3921.250: [GC (Allocation Failure) [PSYoungGen: 418326K->187925K(465920K)] 592995K->418699K(1864192K), 0.0451438 secs] [Times: user=0.21 sys=0.00, real=0.05 secs] 
3922.503: [GC (Allocation Failure) [PSYoungGen: 420885K->98443K(465920K)] 651659K->400017K(1864192K), 0.0589316 secs] [Times: user=0.31 sys=0.00, real=0.05 secs] 
3923.835: [GC (Allocation Failure) [PSYoungGen: 331403K->167732K(465920K)] 632977K->500630K(1864192K), 0.0625057 secs] [Times: user=0.30 sys=0.00, real=0.06 secs] 
3924.100: [GC (Allocation Failure) [PSYoungGen: 400692K->185302K(465920K)] 733590K->570904K(1864192K), 0.0430987 secs] [Times: user=0.19 sys=0.00, real=0.05 secs] 
3924.257: [GC (Allocation Failure) [PSYoungGen: 418262K->186103K(465920K)] 803864K->635954K(1864192K), 0.0496747 secs] [Times: user=0.23 sys=0.00, real=0.05 secs] 
3925.155: [GC (Allocation Failure) [PSYoungGen: 414253K->208659K(465920K)] 864103K->717734K(1864192K), 0.0558846 secs] [Times: user=0.28 sys=0.00, real=0.05 secs] 
3925.675: [GC (Allocation Failure) [PSYoungGen: 441619K->105036K(465920K)] 950694K->679607K(1864192K), 0.0580598 secs] [Times: user=0.30 sys=0.00, real=0.05 secs] 
3925.906: [GC (Allocation Failure) [PSYoungGen: 336560K->176981K(465920K)] 911131K->785549K(1864192K), 0.0484864 secs] [Times: user=0.21 sys=0.00, real=0.05 secs] 
3926.084: [GC (Allocation Failure) [PSYoungGen: 409941K->185238K(465920K)] 1018509K->848701K(1864192K), 0.0429086 secs] [Times: user=0.20 sys=0.00, real=0.04 secs] 
3926.427: [GC (Allocation Failure) [PSYoungGen: 418198K->184116K(465920K)] 1081661K->903572K(1864192K), 0.0624926 secs] [Times: user=0.30 sys=0.00, real=0.06 secs] 
3928.298: [GC (Allocation Failure) [PSYoungGen: 417076K->98571K(465920K)] 1136532K->887635K(1864192K), 0.0606617 secs] [Times: user=0.32 sys=0.00, real=0.06 secs] 
3929.331: [GC (Allocation Failure) [PSYoungGen: 331416K->170164K(465920K)] 1120479K->990809K(1864192K), 0.0580961 secs] [Times: user=0.27 sys=0.01, real=0.06 secs] 
3929.523: [GC (Allocation Failure) [PSYoungGen: 403124K->185654K(465920K)] 1223769K->1060006K(1864192K), 0.0430914 secs] [Times: user=0.20 sys=0.00, real=0.04 secs] 
3929.681: [GC (Allocation Failure) [PSYoungGen: 418614K->183254K(465920K)] 1292966K->1122127K(1864192K), 0.0501129 secs] [Times: user=0.24 sys=0.00, real=0.05 secs] 
3930.323: [GC (Allocation Failure) [PSYoungGen: 416214K->198132K(465920K)] 1355087K->1194948K(1864192K), 0.0562993 secs] [Times: user=0.27 sys=0.00, real=0.05 secs] 
3931.248: [GC (Allocation Failure) [PSYoungGen: 431092K->103740K(465920K)] 1427908K->1168009K(1864192K), 0.0573613 secs] [Times: user=0.30 sys=0.00, real=0.06 secs] 
3931.466: [GC (Allocation Failure) [PSYoungGen: 329079K->178133K(465920K)] 1393348K->1275751K(1864192K), 0.0466654 secs] [Times: user=0.21 sys=0.00, real=0.04 secs] 
3931.677: [GC (Allocation Failure) [PSYoungGen: 411093K->182677K(465920K)] 1508711K->1335751K(1864192K), 0.0669559 secs] [Times: user=0.33 sys=0.00, real=0.07 secs] 
3931.874: [GC (Allocation Failure) [PSYoungGen: 415637K->186837K(465920K)] 1568711K->1395215K(1864192K), 0.0477747 secs] [Times: user=0.23 sys=0.00, real=0.04 secs] 
3933.001: [GC (Allocation Failure) [PSYoungGen: 419797K->99740K(465920K)] 1628175K->1378373K(1864192K), 0.0471776 secs] [Times: user=0.25 sys=0.00, real=0.05 secs] 
3933.376: [GC (Allocation Failure) [PSYoungGen: 332700K->174453K(465920K)] 1611333K->1485599K(1864192K), 0.0503110 secs] [Times: user=0.24 sys=0.00, real=0.05 secs] 
3933.562: [GC (Allocation Failure) [PSYoungGen: 407413K->185558K(465920K)] 1718559K->1551212K(1864192K), 0.0556343 secs] [Times: user=0.27 sys=0.00, real=0.06 secs] 
3933.618: [Full GC (Ergonomics) [PSYoungGen: 185558K->0K(465920K)] [ParOldGen: 1365654K->263217K(1398272K)] 1551212K->263217K(1864192K), [Metaspace: 60364K->60364K(1105920K)], 0.3284741 secs] [Times: user=1.51 sys=0.00, real=0.33 secs] 
3934.060: [GC (Allocation Failure) [PSYoungGen: 232960K->182454K(465920K)] 496177K->445671K(1864192K), 0.0768622 secs] [Times: user=0.40 sys=0.00, real=0.08 secs] 
3935.323: [GC (Allocation Failure) [PSYoungGen: 414486K->207795K(465920K)] 677703K->528780K(1864192K), 0.0524066 secs] [Times: user=0.25 sys=0.00, real=0.05 secs] 
3936.423: [GC (Allocation Failure) [PSYoungGen: 440755K->101100K(465920K)] 761740K->487421K(1864192K), 0.1057850 secs] [Times: user=0.58 sys=0.00, real=0.10 secs] 
3936.804: [GC (Allocation Failure) [PSYoungGen: 334060K->185494K(465920K)] 720381K->604364K(1864192K), 0.0351345 secs] [Times: user=0.15 sys=0.00, real=0.03 secs] 
3936.956: [GC (Allocation Failure) [PSYoungGen: 418454K->185750K(465920K)] 837324K->661172K(1864192K), 0.0440285 secs] [Times: user=0.20 sys=0.00, real=0.04 secs] 
3937.113: [GC (Allocation Failure) [PSYoungGen: 418710K->187221K(465920K)] 894132K->718867K(1864192K), 0.0458703 secs] [Times: user=0.21 sys=0.00, real=0.05 secs] 
3938.227: [GC (Allocation Failure) [PSYoungGen: 420181K->98475K(465920K)] 951827K->700750K(1864192K), 0.0443173 secs] [Times: user=0.23 sys=0.00, real=0.04 secs] 
3939.312: [GC (Allocation Failure) [PSYoungGen: 331435K->168372K(465920K)] 933710K->801955K(1864192K), 0.0605893 secs] [Times: user=0.29 sys=0.01, real=0.06 secs] 
3939.579: [GC (Allocation Failure) [PSYoungGen: 401332K->184886K(465920K)] 1034915K->871177K(1864192K), 0.0583838 secs] [Times: user=0.28 sys=0.00, real=0.06 secs] 
3939.761: [GC (Allocation Failure) [PSYoungGen: 417846K->186263K(465920K)] 1104137K->936642K(1864192K), 0.0501822 secs] [Times: user=0.23 sys=0.00, real=0.05 secs] 
3940.731: [GC (Allocation Failure) [PSYoungGen: 419223K->172147K(465920K)] 1169602K->981506K(1864192K), 0.0589299 secs] [Times: user=0.29 sys=0.00, real=0.06 secs] 
3941.229: [GC (Allocation Failure) [PSYoungGen: 405107K->110445K(465920K)] 1214466K->985660K(1864192K), 0.0680938 secs] [Times: user=0.36 sys=0.00, real=0.07 secs] 
3941.589: [GC (Allocation Failure) [PSYoungGen: 338613K->172981K(465920K)] 1213828K->1083497K(1864192K), 0.0475503 secs] [Times: user=0.21 sys=0.00, real=0.05 secs] 
3941.831: [GC (GCLocker Initiated GC) [PSYoungGen: 405941K->183381K(465920K)] 1316457K->1147830K(1864192K), 0.0599681 secs] [Times: user=0.29 sys=0.01, real=0.06 secs] 
3942.046: [GC (Allocation Failure) [PSYoungGen: 416341K->184820K(465920K)] 1381082K->1205025K(1864192K), 0.0514265 secs] [Times: user=0.25 sys=0.00, real=0.05 secs] 
3943.318: [GC (GCLocker Initiated GC) [PSYoungGen: 417780K->101532K(465920K)] 1437985K->1191524K(1864192K), 0.0642376 secs] [Times: user=0.34 sys=0.00, real=0.06 secs] 
3944.871: [GC (Allocation Failure) [PSYoungGen: 334492K->170420K(465920K)] 1424487K->1293020K(1864192K), 0.0613648 secs] [Times: user=0.29 sys=0.00, real=0.06 secs] 
3945.071: [GC (Allocation Failure) [PSYoungGen: 403380K->182325K(465920K)] 1525980K->1358141K(1864192K), 0.0420771 secs] [Times: user=0.19 sys=0.00, real=0.05 secs] 
3945.231: [GC (Allocation Failure) [PSYoungGen: 415285K->185911K(465920K)] 1591101K->1425311K(1864192K), 0.0500486 secs] [Times: user=0.23 sys=0.00, real=0.05 secs] 
3946.226: [GC (Allocation Failure) [PSYoungGen: 416742K->211059K(465920K)] 1656142K->1509347K(1864192K), 0.0571551 secs] [Times: user=0.28 sys=0.00, real=0.06 secs] 
3947.155: [GC (GCLocker Initiated GC) [PSYoungGen: 444019K->98635K(465920K)] 1742308K->1463528K(1864192K), 0.1122608 secs] [Times: user=0.62 sys=0.01, real=0.11 secs] 
3947.268: [Full GC (Ergonomics) [PSYoungGen: 98635K->0K(465920K)] [ParOldGen: 1364892K->115677K(1398272K)] 1463528K->115677K(1864192K), [Metaspace: 60366K->60366K(1105920K)], 0.1756644 secs] [Times: user=0.78 sys=0.00, real=0.18 secs] 
3947.657: [GC (Allocation Failure) [PSYoungGen: 232960K->183222K(465920K)] 348932K->299194K(1864192K), 0.0254565 secs] [Times: user=0.09 sys=0.00, real=0.02 secs] 
3947.825: [GC (Allocation Failure) [PSYoungGen: 416182K->185654K(465920K)] 532154K->358854K(1864192K), 0.0418007 secs] [Times: user=0.19 sys=0.00, real=0.04 secs] 
3947.975: [GC (Allocation Failure) [PSYoungGen: 418614K->187381K(465920K)] 591814K->416925K(1864192K), 0.0446440 secs] [Times: user=0.20 sys=0.00, real=0.04 secs] 
3949.038: [GC (GCLocker Initiated GC) [PSYoungGen: 420341K->96683K(465920K)] 649886K->396652K(1864192K), 0.0430402 secs] [Times: user=0.22 sys=0.00, real=0.04 secs] 
3949.426: [GC (Allocation Failure) [PSYoungGen: 329643K->179604K(465920K)] 629615K->510945K(1864192K), 0.0737031 secs] [Times: user=0.35 sys=0.00, real=0.07 secs] 
3949.677: [GC (Allocation Failure) [PSYoungGen: 412564K->182773K(465920K)] 743905K->571714K(1864192K), 0.0434572 secs] [Times: user=0.19 sys=0.00, real=0.04 secs] 
3949.862: [GC (Allocation Failure) [PSYoungGen: 415733K->186039K(465920K)] 804674K->638739K(1864192K), 0.0492523 secs] [Times: user=0.23 sys=0.00, real=0.05 secs] 
3950.759: [GC (Allocation Failure) [PSYoungGen: 418530K->210163K(465920K)] 871231K->721756K(1864192K), 0.0560961 secs] [Times: user=0.28 sys=0.00, real=0.06 secs] 
3951.696: [GC (Allocation Failure) [PSYoungGen: 443123K->103404K(465920K)] 954716K->680964K(1864192K), 0.0978313 secs] [Times: user=0.53 sys=0.00, real=0.10 secs] 
3952.016: [GC (Allocation Failure) [PSYoungGen: 335564K->178869K(465920K)] 913124K->789911K(1864192K), 0.0346509 secs] [Times: user=0.14 sys=0.00, real=0.03 secs] 
3952.167: [GC (Allocation Failure) [PSYoungGen: 411829K->185654K(465920K)] 1022871K->852375K(1864192K), 0.0431416 secs] [Times: user=0.19 sys=0.00, real=0.04 secs] 
3952.353: [GC (Allocation Failure) [PSYoungGen: 418614K->187285K(465920K)] 1085335K->910254K(1864192K), 0.0624464 secs] [Times: user=0.30 sys=0.00, real=0.06 secs] 
3953.619: [GC (Allocation Failure) [PSYoungGen: 420245K->97515K(465920K)] 1143214K->891033K(1864192K), 0.0694543 secs] [Times: user=0.37 sys=0.00, real=0.07 secs] 
3954.124: [GC (Allocation Failure) [PSYoungGen: 330475K->170004K(465920K)] 1123993K->995227K(1864192K), 0.0529780 secs] [Times: user=0.24 sys=0.00, real=0.05 secs] 
3954.307: [GC (Allocation Failure) [PSYoungGen: 402964K->185174K(465920K)] 1228187K->1063496K(1864192K), 0.0437520 secs] [Times: user=0.20 sys=0.00, real=0.04 secs] 
3954.465: [GC (Allocation Failure) [PSYoungGen: 418134K->186359K(465920K)] 1296456K->1128921K(1864192K), 0.0502949 secs] [Times: user=0.24 sys=0.00, real=0.05 secs] 
3955.580: [GC (Allocation Failure) [PSYoungGen: 419319K->170515K(465920K)] 1361881K->1172369K(1864192K), 0.0569093 secs] [Times: user=0.28 sys=0.00, real=0.06 secs] 
3956.124: [GC (Allocation Failure) [PSYoungGen: 403475K->107004K(465920K)] 1405329K->1174035K(1864192K), 0.0607007 secs] [Times: user=0.31 sys=0.00, real=0.06 secs] 
3956.352: [GC (Allocation Failure) [PSYoungGen: 334192K->175253K(465920K)] 1401223K->1276708K(1864192K), 0.0358031 secs] [Times: user=0.15 sys=0.00, real=0.04 secs] 
3956.503: [GC (GCLocker Initiated GC) [PSYoungGen: 408213K->185014K(465920K)] 1509668K->1341181K(1864192K), 0.0445642 secs] [Times: user=0.20 sys=0.00, real=0.04 secs] 
3956.791: [GC (Allocation Failure) [PSYoungGen: 417974K->187157K(465920K)] 1574308K->1399547K(1864192K), 0.0617514 secs] [Times: user=0.30 sys=0.00, real=0.07 secs] 
3958.462: [GC (Allocation Failure) [PSYoungGen: 420117K->98027K(465920K)] 1632507K->1380874K(1864192K), 0.0933199 secs] [Times: user=0.51 sys=0.00, real=0.10 secs] 
3959.783: [GC (Allocation Failure) [PSYoungGen: 330987K->167828K(465920K)] 1613834K->1482399K(1864192K), 0.0627541 secs] [Times: user=0.30 sys=0.00, real=0.07 secs] 
3959.846: [Full GC (Ergonomics) [PSYoungGen: 167828K->0K(465920K)] [ParOldGen: 1314571K->192570K(1398272K)] 1482399K->192570K(1864192K), [Metaspace: 60366K->60366K(1105920K)], 0.2091782 secs] [Times: user=0.98 sys=0.00, real=0.21 secs] 
3960.173: [GC (Allocation Failure) [PSYoungGen: 232960K->185782K(465920K)] 425530K->378352K(1864192K), 0.0326425 secs] [Times: user=0.13 sys=0.00, real=0.04 secs] 
3960.324: [GC (Allocation Failure) [PSYoungGen: 418742K->186231K(465920K)] 611312K->443553K(1864192K), 0.0437345 secs] [Times: user=0.20 sys=0.00, real=0.04 secs] 
3961.311: [GC (Allocation Failure) [PSYoungGen: 419191K->171507K(465920K)] 676513K->487861K(1864192K), 0.0554682 secs] [Times: user=0.28 sys=0.00, real=0.06 secs] 
3962.002: [GC (Allocation Failure) [PSYoungGen: 404467K->105404K(465920K)] 720821K->487263K(1864192K), 0.0686870 secs] [Times: user=0.36 sys=0.00, real=0.07 secs] 
3962.220: [GC (Allocation Failure) [PSYoungGen: 333943K->177013K(465920K)] 715801K->592688K(1864192K), 0.0346857 secs] [Times: user=0.14 sys=0.00, real=0.04 secs] 
3962.418: [GC (Allocation Failure) [PSYoungGen: 409973K->185110K(465920K)] 825648K->655856K(1864192K), 0.0485812 secs] [Times: user=0.23 sys=0.00, real=0.05 secs] 
3962.688: [GC (Allocation Failure) [PSYoungGen: 418070K->187125K(465920K)] 888816K->713848K(1864192K), 0.0634277 secs] [Times: user=0.31 sys=0.00, real=0.06 secs] 
3963.787: [GC (Allocation Failure) [PSYoungGen: 420085K->99964K(465920K)] 946808K->697175K(1864192K), 0.0476717 secs] [Times: user=0.24 sys=0.00, real=0.05 secs] 
3964.291: [GC (GCLocker Initiated GC) [PSYoungGen: 332924K->172500K(465920K)] 930135K->802064K(1864192K), 0.0613195 secs] [Times: user=0.28 sys=0.00, real=0.06 secs] 
3964.565: [GC (Allocation Failure) [PSYoungGen: 405460K->185334K(465920K)] 1035063K->869212K(1864192K), 0.0593352 secs] [Times: user=0.28 sys=0.00, real=0.06 secs] 
3964.746: [GC (Allocation Failure) [PSYoungGen: 418294K->185015K(465920K)] 1102172K->933261K(1864192K), 0.0510342 secs] [Times: user=0.24 sys=0.01, real=0.05 secs] 
3965.642: [GC (Allocation Failure) [PSYoungGen: 413565K->205459K(465920K)] 1161811K->1012441K(1864192K), 0.0554523 secs] [Times: user=0.28 sys=0.00, real=0.06 secs] 
3966.403: [GC (Allocation Failure) [PSYoungGen: 438419K->104012K(465920K)] 1245401K->975595K(1864192K), 0.0920442 secs] [Times: user=0.50 sys=0.00, real=0.09 secs] 
3966.710: [GC (Allocation Failure) [PSYoungGen: 336440K->178549K(465920K)] 1208023K->1083757K(1864192K), 0.0355020 secs] [Times: user=0.14 sys=0.00, real=0.04 secs] 
3966.861: [GC (Allocation Failure) [PSYoungGen: 411509K->185654K(465920K)] 1316717K->1146357K(1864192K), 0.0436845 secs] [Times: user=0.20 sys=0.00, real=0.05 secs] 
3967.047: [GC (Allocation Failure) [PSYoungGen: 418614K->187381K(465920K)] 1379317K->1204269K(1864192K), 0.0639570 secs] [Times: user=0.31 sys=0.01, real=0.06 secs] 
3968.303: [GC (Allocation Failure) [PSYoungGen: 420341K->98251K(465920K)] 1437229K->1185699K(1864192K), 0.0658860 secs] [Times: user=0.35 sys=0.00, real=0.06 secs] 
3968.912: [GC (Allocation Failure) [PSYoungGen: 331211K->171412K(465920K)] 1418659K->1290673K(1864192K), 0.0603697 secs] [Times: user=0.28 sys=0.00, real=0.06 secs] 
3969.112: [GC (GCLocker Initiated GC) [PSYoungGen: 404372K->185654K(465920K)] 1523633K->1358583K(1864192K), 0.0439672 secs] [Times: user=0.20 sys=0.00, real=0.05 secs] 
3969.274: [GC (Allocation Failure) [PSYoungGen: 418614K->185239K(465920K)] 1607933K->1431046K(1864192K), 0.1571573 secs] [Times: user=0.87 sys=0.00, real=0.15 secs] 
3970.482: [GC (Allocation Failure) [PSYoungGen: 418199K->152179K(465920K)] 1664006K->1456890K(1864192K), 0.1776836 secs] [Times: user=1.01 sys=0.00, real=0.18 secs] 
3970.949: [GC (Allocation Failure) [PSYoungGen: 385139K->120302K(465920K)] 1689850K->1473342K(1864192K), 0.0747131 secs] [Times: user=0.41 sys=0.00, real=0.08 secs] 
3971.024: [Full GC (Ergonomics) [PSYoungGen: 120302K->0K(465920K)] [ParOldGen: 1353039K->137932K(1398272K)] 1473342K->137932K(1864192K), [Metaspace: 60366K->60366K(1105920K)], 0.1235209 secs] [Times: user=0.52 sys=0.00, real=0.12 secs] 
3971.289: [GC (Allocation Failure) [PSYoungGen: 232960K->178357K(465920K)] 370892K->316289K(1864192K), 0.0262050 secs] [Times: user=0.09 sys=0.00, real=0.03 secs] 
3971.432: [GC (Allocation Failure) [PSYoungGen: 411317K->185687K(465920K)] 549249K->386071K(1864192K), 0.0474175 secs] [Times: user=0.22 sys=0.00, real=0.05 secs] 
3971.626: [GC (Allocation Failure) [PSYoungGen: 418647K->186837K(465920K)] 619031K->445861K(1864192K), 0.0572136 secs] [Times: user=0.28 sys=0.00, real=0.06 secs] 
3972.838: [GC (Allocation Failure) [PSYoungGen: 419797K->94123K(465920K)] 678821K->423691K(1864192K), 0.0613429 secs] [Times: user=0.33 sys=0.00, real=0.06 secs] 
3973.316: [GC (Allocation Failure) [PSYoungGen: 327083K->174261K(465920K)] 656651K->534274K(1864192K), 0.0524976 secs] [Times: user=0.23 sys=0.00, real=0.05 secs] 
3973.529: [GC (Allocation Failure) [PSYoungGen: 407221K->185494K(465920K)] 767234K->600407K(1864192K), 0.0424981 secs] [Times: user=0.19 sys=0.00, real=0.04 secs] 
3973.684: [GC (Allocation Failure) [PSYoungGen: 418454K->188053K(465920K)] 833367K->659046K(1864192K), 0.0453073 secs] [Times: user=0.21 sys=0.00, real=0.04 secs] 
3974.738: [GC (Allocation Failure) [PSYoungGen: 421013K->148114K(465920K)] 892006K->689899K(1864192K), 0.0502751 secs] [Times: user=0.24 sys=0.00, real=0.05 secs] 
3975.755: [GC (Allocation Failure) [PSYoungGen: 381074K->124366K(465920K)] 922859K->712924K(1864192K), 0.1723510 secs] [Times: user=0.97 sys=0.01, real=0.17 secs] 
3976.091: [GC (Allocation Failure) [PSYoungGen: 357326K->180085K(465920K)] 945884K->809131K(1864192K), 0.0379191 secs] [Times: user=0.16 sys=0.00, real=0.04 secs] 
3976.286: [GC (Allocation Failure) [PSYoungGen: 413045K->182646K(465920K)] 1042091K->874365K(1864192K), 0.0724152 secs] [Times: user=0.36 sys=0.01, real=0.07 secs] 
3976.522: [GC (Allocation Failure) [PSYoungGen: 415606K->187061K(465920K)] 1107325K->936579K(1864192K), 0.0803110 secs] [Times: user=0.41 sys=0.00, real=0.08 secs] 
3977.601: [GC (Allocation Failure) [PSYoungGen: 420021K->99804K(465920K)] 1169539K->919930K(1864192K), 0.0473310 secs] [Times: user=0.25 sys=0.00, real=0.05 secs] 
3978.091: [GC (Allocation Failure) [PSYoungGen: 332764K->172885K(465920K)] 1152890K->1025339K(1864192K), 0.0493320 secs] [Times: user=0.22 sys=0.00, real=0.05 secs] 
3978.284: [GC (Allocation Failure) [PSYoungGen: 405845K->182261K(465920K)] 1258299K->1088752K(1864192K), 0.0433555 secs] [Times: user=0.19 sys=0.00, real=0.04 secs] 
3978.484: [GC (Allocation Failure) [PSYoungGen: 415221K->187733K(465920K)] 1321712K->1149796K(1864192K), 0.0714822 secs] [Times: user=0.35 sys=0.00, real=0.07 secs] 
3979.628: [GC (Allocation Failure) [PSYoungGen: 420693K->145330K(465920K)] 1382756K->1178224K(1864192K), 0.0508107 secs] [Times: user=0.25 sys=0.00, real=0.05 secs] 
3980.515: [GC (Allocation Failure) [PSYoungGen: 378290K->130735K(465920K)] 1411184K->1209566K(1864192K), 0.1498266 secs] [Times: user=0.84 sys=0.00, real=0.15 secs] 
3980.860: [GC (Allocation Failure) [PSYoungGen: 363695K->177045K(465920K)] 1442526K->1297804K(1864192K), 0.0389439 secs] [Times: user=0.17 sys=0.00, real=0.04 secs] 
3981.045: [GC (Allocation Failure) [PSYoungGen: 410005K->185495K(465920K)] 1530764K->1368318K(1864192K), 0.0671528 secs] [Times: user=0.32 sys=0.00, real=0.06 secs] 
3981.275: [GC (Allocation Failure) [PSYoungGen: 418455K->187765K(465920K)] 1601278K->1429404K(1864192K), 0.0830891 secs] [Times: user=0.43 sys=0.00, real=0.08 secs] 
3982.646: [GC (Allocation Failure) [PSYoungGen: 420725K->96619K(465920K)] 1662364K->1409187K(1864192K), 0.1064464 secs] [Times: user=0.58 sys=0.01, real=0.10 secs] 
3982.752: [Full GC (Ergonomics) [PSYoungGen: 96619K->0K(465920K)] [ParOldGen: 1312567K->99092K(1398272K)] 1409187K->99092K(1864192K), [Metaspace: 60366K->60366K(1105920K)], 0.1151405 secs] [Times: user=0.46 sys=0.00, real=0.12 secs] 
3983.628: [GC (Allocation Failure) [PSYoungGen: 232960K->168724K(465920K)] 332052K->267816K(1864192K), 0.0311861 secs] [Times: user=0.12 sys=0.00, real=0.03 secs] 
3983.797: [GC (Allocation Failure) [PSYoungGen: 401684K->184982K(465920K)] 500776K->336686K(1864192K), 0.0414489 secs] [Times: user=0.18 sys=0.01, real=0.04 secs] 
3983.969: [GC (Allocation Failure) [PSYoungGen: 417942K->187893K(465920K)] 569646K->395670K(1864192K), 0.0499991 secs] [Times: user=0.24 sys=0.00, real=0.05 secs] 
3985.013: [GC (Allocation Failure) [PSYoungGen: 420853K->142353K(465920K)] 628630K->420946K(1864192K), 0.0491349 secs] [Times: user=0.25 sys=0.00, real=0.05 secs] 
3985.474: [GC (Allocation Failure) [PSYoungGen: 375313K->138448K(465920K)] 653906K->462209K(1864192K), 0.1036235 secs] [Times: user=0.56 sys=0.01, real=0.10 secs] 
3985.709: [GC (Allocation Failure) [PSYoungGen: 371408K->179925K(465920K)] 695169K->548366K(1864192K), 0.0385441 secs] [Times: user=0.16 sys=0.00, real=0.04 secs] 
3985.863: [GC (Allocation Failure) [PSYoungGen: 412885K->182230K(465920K)] 781326K->613540K(1864192K), 0.0484596 secs] [Times: user=0.23 sys=0.00, real=0.04 secs] 
3986.024: [GC (Allocation Failure) [PSYoungGen: 415190K->187573K(465920K)] 846500K->676946K(1864192K), 0.0554469 secs] [Times: user=0.27 sys=0.00, real=0.05 secs] 
3987.223: [GC (Allocation Failure) [PSYoungGen: 420533K->97995K(465920K)] 909906K->658145K(1864192K), 0.0641749 secs] [Times: user=0.34 sys=0.00, real=0.06 secs] 
3988.078: [GC (GCLocker Initiated GC) [PSYoungGen: 330955K->172564K(465920K)] 891108K->763962K(1864192K), 0.0452957 secs] [Times: user=0.20 sys=0.00, real=0.05 secs] 
3988.261: [GC (Allocation Failure) [PSYoungGen: 405524K->185526K(465920K)] 997089K->831598K(1864192K), 0.0428436 secs] [Times: user=0.19 sys=0.00, real=0.05 secs] 
3988.417: [GC (Allocation Failure) [PSYoungGen: 418486K->187925K(465920K)] 1064558K->890141K(1864192K), 0.0458133 secs] [Times: user=0.20 sys=0.01, real=0.04 secs] 
3989.534: [GC (Allocation Failure) [PSYoungGen: 420885K->130320K(465920K)] 1123101K->903256K(1864192K), 0.0485478 secs] [Times: user=0.25 sys=0.01, real=0.05 secs] 
3990.529: [GC (Allocation Failure) [PSYoungGen: 363280K->141089K(465920K)] 1136216K->955357K(1864192K), 0.1055642 secs] [Times: user=0.58 sys=0.00, real=0.11 secs] 
3990.768: [GC (Allocation Failure) [PSYoungGen: 374049K->180085K(465920K)] 1188317K->1039758K(1864192K), 0.0392699 secs] [Times: user=0.17 sys=0.00, real=0.04 secs] 
3990.959: [GC (Allocation Failure) [PSYoungGen: 413045K->185751K(465920K)] 1272718K->1108320K(1864192K), 0.0706454 secs] [Times: user=0.35 sys=0.00, real=0.07 secs] 
3991.443: [GC (Allocation Failure) [PSYoungGen: 418711K->183412K(465920K)] 1341280K->1164774K(1864192K), 0.0671367 secs] [Times: user=0.34 sys=0.00, real=0.07 secs] 
3992.565: [GC (Allocation Failure) [PSYoungGen: 416372K->95387K(465920K)] 1397734K->1146156K(1864192K), 0.0427883 secs] [Times: user=0.22 sys=0.00, real=0.04 secs] 
3993.167: [GC (Allocation Failure) [PSYoungGen: 328347K->174677K(465920K)] 1379116K->1256259K(1864192K), 0.0474496 secs] [Times: user=0.20 sys=0.01, real=0.05 secs] 
3993.361: [GC (Allocation Failure) [PSYoungGen: 407637K->185686K(465920K)] 1489219K->1321936K(1864192K), 0.0450244 secs] [Times: user=0.21 sys=0.00, real=0.05 secs] 
3993.536: [GC (Allocation Failure) [PSYoungGen: 418646K->187893K(465920K)] 1554896K->1380431K(1864192K), 0.0527484 secs] [Times: user=0.25 sys=0.00, real=0.05 secs] 
3994.593: [GC (Allocation Failure) [PSYoungGen: 420853K->126927K(465920K)] 1613391K->1390266K(1864192K), 0.0499692 secs] [Times: user=0.26 sys=0.00, real=0.05 secs] 
3995.489: [GC (Allocation Failure) [PSYoungGen: 359887K->145393K(465920K)] 1623226K->1448891K(1864192K), 0.1025790 secs] [Times: user=0.55 sys=0.00, real=0.10 secs] 
3995.741: [GC (Allocation Failure) [PSYoungGen: 378353K->190837K(465920K)] 1681851K->1540333K(1864192K), 0.0409340 secs] [Times: user=0.18 sys=0.00, real=0.04 secs] 
3995.782: [Full GC (Ergonomics) [PSYoungGen: 190837K->0K(465920K)] [ParOldGen: 1349495K->245684K(1398272K)] 1540333K->245684K(1864192K), [Metaspace: 60366K->60366K(1105920K)], 0.2804926 secs] [Times: user=1.27 sys=0.00, real=0.28 secs] 
3996.181: [GC (Allocation Failure) [PSYoungGen: 232960K->185911K(465920K)] 478644K->431596K(1864192K), 0.0848318 secs] [Times: user=0.45 sys=0.00, real=0.09 secs] 
3996.393: [GC (Allocation Failure) [PSYoungGen: 418871K->181396K(465920K)] 664556K->485957K(1864192K), 0.0566850 secs] [Times: user=0.28 sys=0.00, real=0.05 secs] 
3998.063: [GC (Allocation Failure) [PSYoungGen: 414356K->98683K(465920K)] 718917K->471740K(1864192K), 0.1020575 secs] [Times: user=0.56 sys=0.00, real=0.11 secs] 
3998.875: [GC (Allocation Failure) [PSYoungGen: 331643K->174101K(465920K)] 704700K->579573K(1864192K), 0.0443186 secs] [Times: user=0.19 sys=0.00, real=0.04 secs] 
3999.046: [GC (Allocation Failure) [PSYoungGen: 407061K->179253K(465920K)] 812533K->638453K(1864192K), 0.0423761 secs] [Times: user=0.19 sys=0.01, real=0.04 secs] 
3999.200: [GC (GCLocker Initiated GC) [PSYoungGen: 412213K->186965K(465920K)] 871414K->700254K(1864192K), 0.0452564 secs] [Times: user=0.20 sys=0.00, real=0.05 secs] 
4000.246: [GC (Allocation Failure) [PSYoungGen: 419925K->130032K(465920K)] 933215K->713786K(1864192K), 0.0483587 secs] [Times: user=0.24 sys=0.00, real=0.05 secs] 
4000.746: [GC (GCLocker Initiated GC) [PSYoungGen: 362992K->149905K(465920K)] 946746K->774980K(1864192K), 0.0997735 secs] [Times: user=0.53 sys=0.00, real=0.10 secs] 
4000.980: [GC (Allocation Failure) [PSYoungGen: 382865K->181749K(465920K)] 1007943K->854511K(1864192K), 0.0401154 secs] [Times: user=0.17 sys=0.00, real=0.04 secs] 
4001.136: [GC (Allocation Failure) [PSYoungGen: 414709K->183030K(465920K)] 1087471K->919069K(1864192K), 0.0493637 secs] [Times: user=0.23 sys=0.00, real=0.05 secs] 
4001.298: [GC (Allocation Failure) [PSYoungGen: 415990K->187573K(465920K)] 1152029K->982043K(1864192K), 0.0545678 secs] [Times: user=0.27 sys=0.00, real=0.06 secs] 
4002.640: [GC (Allocation Failure) [PSYoungGen: 420533K->96907K(465920K)] 1215003K->962226K(1864192K), 0.0612875 secs] [Times: user=0.33 sys=0.01, real=0.06 secs] 
4003.186: [GC (GCLocker Initiated GC) [PSYoungGen: 329867K->176917K(465920K)] 1195186K->1073632K(1864192K), 0.0466596 secs] [Times: user=0.20 sys=0.00, real=0.05 secs] 
4003.364: [GC (Allocation Failure) [PSYoungGen: 409877K->182581K(465920K)] 1306723K->1134487K(1864192K), 0.0433526 secs] [Times: user=0.20 sys=0.00, real=0.04 secs] 
4003.560: [GC (Allocation Failure) [PSYoungGen: 415541K->187701K(465920K)] 1367447K->1195063K(1864192K), 0.0670612 secs] [Times: user=0.32 sys=0.00, real=0.07 secs] 
4004.741: [GC (Allocation Failure) [PSYoungGen: 420661K->118990K(465920K)] 1428023K->1196968K(1864192K), 0.0474104 secs] [Times: user=0.24 sys=0.00, real=0.05 secs] 
4005.641: [GC (GCLocker Initiated GC) [PSYoungGen: 351950K->153314K(465920K)] 1429929K->1269434K(1864192K), 0.1019437 secs] [Times: user=0.54 sys=0.00, real=0.11 secs] 
4005.936: [GC (Allocation Failure) [PSYoungGen: 386274K->181781K(465920K)] 1502560K->1345828K(1864192K), 0.0488925 secs] [Times: user=0.23 sys=0.00, real=0.05 secs] 
4006.099: [GC (Allocation Failure) [PSYoungGen: 414741K->182326K(465920K)] 1578788K->1409477K(1864192K), 0.0501200 secs] [Times: user=0.24 sys=0.00, real=0.05 secs] 
4006.260: [GC (Allocation Failure) [PSYoungGen: 415286K->187477K(465920K)] 1642437K->1472587K(1864192K), 0.0575289 secs] [Times: user=0.28 sys=0.00, real=0.06 secs] 
4007.429: [GC (Allocation Failure) [PSYoungGen: 420437K->99691K(465920K)] 1705547K->1455322K(1864192K), 0.0529864 secs] [Times: user=0.28 sys=0.00, real=0.05 secs] 
4007.482: [Full GC (Ergonomics) [PSYoungGen: 99691K->0K(465920K)] [ParOldGen: 1355630K->109161K(1398272K)] 1455322K->109161K(1864192K), [Metaspace: 60366K->60366K(1105920K)], 0.0850643 secs] [Times: user=0.34 sys=0.00, real=0.09 secs] 
4007.765: [GC (Allocation Failure) [PSYoungGen: 232960K->182742K(465920K)] 342121K->291904K(1864192K), 0.0357761 secs] [Times: user=0.15 sys=0.00, real=0.03 secs] 
4007.920: [GC (Allocation Failure) [PSYoungGen: 415702K->181781K(465920K)] 524864K->348083K(1864192K), 0.0415034 secs] [Times: user=0.19 sys=0.00, real=0.04 secs] 
4008.120: [GC (Allocation Failure) [PSYoungGen: 414741K->184693K(465920K)] 581043K->405930K(1864192K), 0.0699272 secs] [Times: user=0.35 sys=0.00, real=0.07 secs] 
4009.220: [GC (Allocation Failure) [PSYoungGen: 417653K->113165K(465920K)] 638890K->404115K(1864192K), 0.0453996 secs] [Times: user=0.23 sys=0.00, real=0.05 secs] 
4009.713: [GC (Allocation Failure) [PSYoungGen: 346125K->163059K(465920K)] 637075K->490230K(1864192K), 0.0710492 secs] [Times: user=0.36 sys=0.00, real=0.07 secs] 
4009.963: [GC (Allocation Failure) [PSYoungGen: 396019K->182581K(465920K)] 723190K->561136K(1864192K), 0.0561891 secs] [Times: user=0.26 sys=0.00, real=0.05 secs] 
4010.146: [GC (Allocation Failure) [PSYoungGen: 415492K->186103K(465920K)] 794046K->628466K(1864192K), 0.0496876 secs] [Times: user=0.23 sys=0.00, real=0.05 secs] 
4010.335: [GC (Allocation Failure) [PSYoungGen: 419063K->187093K(465920K)] 861426K->688488K(1864192K), 0.0770919 secs] [Times: user=0.39 sys=0.00, real=0.07 secs] 
4012.097: [GC (GCLocker Initiated GC) [PSYoungGen: 420053K->87578K(465920K)] 921448K->659513K(1864192K), 0.1050782 secs] [Times: user=0.56 sys=0.00, real=0.10 secs] 
4013.065: [GC (Allocation Failure) [PSYoungGen: 320538K->177237K(465920K)] 892604K->777504K(1864192K), 0.0441245 secs] [Times: user=0.19 sys=0.00, real=0.04 secs] 
4013.236: [GC (Allocation Failure) [PSYoungGen: 410197K->185654K(465920K)] 1010464K->841588K(1864192K), 0.0446977 secs] [Times: user=0.20 sys=0.00, real=0.04 secs] 
4013.414: [GC (GCLocker Initiated GC) [PSYoungGen: 418614K->184757K(465920K)] 1074549K->896932K(1864192K), 0.0544454 secs] [Times: user=0.26 sys=0.00, real=0.05 secs] 
4014.483: [GC (Allocation Failure) [PSYoungGen: 417717K->111597K(465920K)] 1129894K->893435K(1864192K), 0.0472737 secs] [Times: user=0.24 sys=0.00, real=0.04 secs] 
4014.869: [GC (Allocation Failure) [PSYoungGen: 344557K->163827K(465920K)] 1126395K->982477K(1864192K), 0.0949996 secs] [Times: user=0.50 sys=0.00, real=0.10 secs] 
4015.107: [GC (Allocation Failure) [PSYoungGen: 396787K->184918K(465920K)] 1215437K->1054567K(1864192K), 0.0431675 secs] [Times: user=0.19 sys=0.00, real=0.04 secs] 
4015.289: [GC (Allocation Failure) [PSYoungGen: 417878K->185591K(465920K)] 1287527K->1119577K(1864192K), 0.0609135 secs] [Times: user=0.30 sys=0.00, real=0.06 secs] 
4015.461: [GC (Allocation Failure) [PSYoungGen: 418551K->181748K(465920K)] 1352537K->1174742K(1864192K), 0.0557294 secs] [Times: user=0.27 sys=0.00, real=0.06 secs] 
4016.806: [GC (Allocation Failure) [PSYoungGen: 414708K->93675K(465920K)] 1407702K->1155373K(1864192K), 0.0861289 secs] [Times: user=0.46 sys=0.00, real=0.08 secs] 
4017.228: [GC (Allocation Failure) [PSYoungGen: 326635K->183862K(465920K)] 1388333K->1275833K(1864192K), 0.0351814 secs] [Times: user=0.15 sys=0.00, real=0.04 secs] 
4017.401: [GC (Allocation Failure) [PSYoungGen: 416822K->185782K(465920K)] 1508793K->1334945K(1864192K), 0.0498158 secs] [Times: user=0.23 sys=0.00, real=0.05 secs] 
4017.585: [GC (Allocation Failure) [PSYoungGen: 418742K->182036K(465920K)] 1567905K->1387367K(1864192K), 0.0461817 secs] [Times: user=0.22 sys=0.00, real=0.04 secs] 
4018.749: [GC (Allocation Failure) [PSYoungGen: 414996K->108381K(465920K)] 1620327K->1382376K(1864192K), 0.0510899 secs] [Times: user=0.26 sys=0.01, real=0.05 secs] 
4019.874: [GC (Allocation Failure) [PSYoungGen: 341341K->164307K(465920K)] 1615336K->1473079K(1864192K), 0.0797388 secs] [Times: user=0.40 sys=0.00, real=0.08 secs] 
4020.103: [GC (Allocation Failure) [PSYoungGen: 397267K->185238K(465920K)] 1706039K->1545630K(1864192K), 0.0436149 secs] [Times: user=0.19 sys=0.00, real=0.04 secs] 
4020.147: [Full GC (Ergonomics) [PSYoungGen: 185238K->0K(465920K)] [ParOldGen: 1360391K->256648K(1398272K)] 1545630K->256648K(1864192K), [Metaspace: 60366K->60366K(1105920K)], 0.3069307 secs] [Times: user=1.41 sys=0.00, real=0.31 secs] 
4020.569: [GC (Allocation Failure) [PSYoungGen: 232960K->182774K(465920K)] 489608K->439423K(1864192K), 0.0870386 secs] [Times: user=0.46 sys=0.00, real=0.09 secs] 
4020.769: [GC (Allocation Failure) [PSYoungGen: 415734K->187029K(465920K)] 672383K->501614K(1864192K), 0.0538737 secs] [Times: user=0.26 sys=0.00, real=0.06 secs] 
4021.911: [GC (Allocation Failure) [PSYoungGen: 419989K->94379K(465920K)] 734574K->479443K(1864192K), 0.0621071 secs] [Times: user=0.33 sys=0.00, real=0.06 secs] 
4022.266: [GC (Allocation Failure) [PSYoungGen: 327339K->180149K(465920K)] 712403K->595487K(1864192K), 0.0386481 secs] [Times: user=0.16 sys=0.00, real=0.04 secs] 
4022.420: [GC (Allocation Failure) [PSYoungGen: 413109K->184886K(465920K)] 828447K->656199K(1864192K), 0.0462266 secs] [Times: user=0.19 sys=0.00, real=0.05 secs] 
4022.580: [GC (Allocation Failure) [PSYoungGen: 417846K->187701K(465920K)] 889159K->715167K(1864192K), 0.0455177 secs] [Times: user=0.21 sys=0.00, real=0.05 secs] 
4023.658: [GC (Allocation Failure) [PSYoungGen: 420661K->101996K(465920K)] 948127K->700238K(1864192K), 0.0458483 secs] [Times: user=0.23 sys=0.00, real=0.05 secs] 
4024.081: [GC (Allocation Failure) [PSYoungGen: 334956K->171828K(465920K)] 933198K->802795K(1864192K), 0.0430096 secs] [Times: user=0.20 sys=0.00, real=0.05 secs] 
4024.238: [GC (Allocation Failure) [PSYoungGen: 404788K->185622K(465920K)] 1035755K->870528K(1864192K), 0.0427438 secs] [Times: user=0.19 sys=0.00, real=0.04 secs] 
4024.394: [GC (Allocation Failure) [PSYoungGen: 418582K->185719K(465920K)] 1103488K->935057K(1864192K), 0.0500960 secs] [Times: user=0.23 sys=0.00, real=0.05 secs] 
4024.912: [GC (Allocation Failure) [PSYoungGen: 417016K->213908K(465920K)] 1166355K->1022222K(1864192K), 0.0542141 secs] [Times: user=0.27 sys=0.00, real=0.06 secs] 
4026.634: [GC (Allocation Failure) [PSYoungGen: 446868K->93003K(465920K)] 1255182K->969173K(1864192K), 0.0943416 secs] [Times: user=0.51 sys=0.00, real=0.09 secs] 
4027.134: [GC (Allocation Failure) [PSYoungGen: 325963K->181174K(465920K)] 1202133K->1087393K(1864192K), 0.0371837 secs] [Times: user=0.16 sys=0.01, real=0.03 secs] 
4027.287: [GC (Allocation Failure) [PSYoungGen: 414134K->185366K(465920K)] 1320353K->1148105K(1864192K), 0.0454087 secs] [Times: user=0.21 sys=0.00, real=0.04 secs] 
4027.444: [GC (Allocation Failure) [PSYoungGen: 418326K->187285K(465920K)] 1381065K->1206256K(1864192K), 0.0476681 secs] [Times: user=0.23 sys=0.00, real=0.04 secs] 
4028.529: [GC (Allocation Failure) [PSYoungGen: 420245K->97211K(465920K)] 1439216K->1186791K(1864192K), 0.0457298 secs] [Times: user=0.24 sys=0.00, real=0.05 secs] 
4028.818: [GC (Allocation Failure) [PSYoungGen: 330171K->174101K(465920K)] 1419751K->1295973K(1864192K), 0.0413320 secs] [Times: user=0.18 sys=0.00, real=0.04 secs] 
4029.023: [GC (Allocation Failure) [PSYoungGen: 407061K->189717K(465920K)] 1528933K->1365749K(1864192K), 0.0622495 secs] [Times: user=0.30 sys=0.00, real=0.06 secs] 
4029.239: [GC (Allocation Failure) [PSYoungGen: 422677K->185239K(465920K)] 1598709K->1424559K(1864192K), 0.0503096 secs] [Times: user=0.23 sys=0.00, real=0.05 secs] 
4029.796: [GC (Allocation Failure) [PSYoungGen: 418199K->216372K(465920K)] 1657519K->1514476K(1864192K), 0.0545309 secs] [Times: user=0.26 sys=0.00, real=0.05 secs] 
4030.894: [GC (Allocation Failure) [PSYoungGen: 449332K->98571K(465920K)] 1747436K->1464755K(1864192K), 0.1000458 secs] [Times: user=0.54 sys=0.00, real=0.10 secs] 
4030.995: [Full GC (Ergonomics) [PSYoungGen: 98571K->0K(465920K)] [ParOldGen: 1366183K->116228K(1398272K)] 1464755K->116228K(1864192K), [Metaspace: 60366K->60366K(1105920K)], 0.1663160 secs] [Times: user=0.72 sys=0.00, real=0.16 secs] 
4031.283: [GC (Allocation Failure) [PSYoungGen: 232960K->184086K(465920K)] 349188K->300315K(1864192K), 0.0256201 secs] [Times: user=0.09 sys=0.00, real=0.02 secs] 
4031.464: [GC (Allocation Failure) [PSYoungGen: 417046K->190741K(465920K)] 533275K->364154K(1864192K), 0.0529897 secs] [Times: user=0.25 sys=0.00, real=0.05 secs] 
4031.682: [GC (Allocation Failure) [PSYoungGen: 423701K->187637K(465920K)] 597114K->416618K(1864192K), 0.0672843 secs] [Times: user=0.34 sys=0.00, real=0.07 secs] 
4032.940: [GC (Allocation Failure) [PSYoungGen: 420597K->100204K(465920K)] 649578K->399961K(1864192K), 0.0593313 secs] [Times: user=0.31 sys=0.00, real=0.06 secs] 
4034.073: [GC (Allocation Failure) [PSYoungGen: 333164K->172020K(465920K)] 632921K->504178K(1864192K), 0.0677459 secs] [Times: user=0.33 sys=0.00, real=0.06 secs] 
4034.354: [GC (Allocation Failure) [PSYoungGen: 404980K->185206K(465920K)] 737138K->571535K(1864192K), 0.0585901 secs] [Times: user=0.27 sys=0.00, real=0.05 secs] 
4034.537: [GC (Allocation Failure) [PSYoungGen: 418166K->182550K(465920K)] 804495K->633247K(1864192K), 0.0489105 secs] [Times: user=0.23 sys=0.00, real=0.05 secs] 
4035.574: [GC (Allocation Failure) [PSYoungGen: 415510K->174387K(465920K)] 866207K->683021K(1864192K), 0.0544740 secs] [Times: user=0.26 sys=0.00, real=0.05 secs] 
4035.976: [GC (Allocation Failure) [PSYoungGen: 407347K->111293K(465920K)] 915981K->686534K(1864192K), 0.0482009 secs] [Times: user=0.25 sys=0.00, real=0.05 secs] 
4036.171: [GC (GCLocker Initiated GC) [PSYoungGen: 344253K->178613K(465920K)] 919495K->789855K(1864192K), 0.0476644 secs] [Times: user=0.21 sys=0.00, real=0.05 secs] 
4036.363: [GC (Allocation Failure) [PSYoungGen: 411573K->184727K(465920K)] 1022982K->866600K(1864192K), 0.0494091 secs] [Times: user=0.23 sys=0.00, real=0.05 secs] 
4036.545: [GC (Allocation Failure) [PSYoungGen: 417687K->184276K(465920K)] 1099560K->924686K(1864192K), 0.0706448 secs] [Times: user=0.36 sys=0.00, real=0.07 secs] 
4037.997: [GC (Allocation Failure) [PSYoungGen: 417236K->94891K(465920K)] 1157646K->904684K(1864192K), 0.0531749 secs] [Times: user=0.29 sys=0.00, real=0.05 secs] 
4038.565: [GC (Allocation Failure) [PSYoungGen: 327851K->176501K(465920K)] 1137644K->1016899K(1864192K), 0.0536967 secs] [Times: user=0.24 sys=0.00, real=0.05 secs] 
4038.824: [GC (Allocation Failure) [PSYoungGen: 409461K->182325K(465920K)] 1249859K->1077807K(1864192K), 0.0587719 secs] [Times: user=0.28 sys=0.01, real=0.06 secs] 
4039.008: [GC (Allocation Failure) [PSYoungGen: 412558K->180086K(465920K)] 1308041K->1138904K(1864192K), 0.0490016 secs] [Times: user=0.22 sys=0.00, real=0.05 secs] 
4040.031: [GC (Allocation Failure) [PSYoungGen: 413046K->168435K(465920K)] 1371864K->1184317K(1864192K), 0.0571826 secs] [Times: user=0.29 sys=0.00, real=0.06 secs] 
4041.319: [GC (Allocation Failure) [PSYoungGen: 401395K->107308K(465920K)] 1417277K->1187735K(1864192K), 0.1087672 secs] [Times: user=0.59 sys=0.00, real=0.11 secs] 
4041.654: [GC (Allocation Failure) [PSYoungGen: 334753K->174645K(465920K)] 1415179K->1289636K(1864192K), 0.0354277 secs] [Times: user=0.15 sys=0.00, real=0.03 secs] 
4041.837: [GC (Allocation Failure) [PSYoungGen: 407605K->185718K(465920K)] 1522596K->1355125K(1864192K), 0.0621539 secs] [Times: user=0.30 sys=0.00, real=0.06 secs] 
4042.076: [GC (Allocation Failure) [PSYoungGen: 418678K->184501K(465920K)] 1588085K->1410244K(1864192K), 0.0622869 secs] [Times: user=0.31 sys=0.00, real=0.06 secs] 
4043.196: [GC (Allocation Failure) [PSYoungGen: 417461K->105020K(465920K)] 1643204K->1400060K(1864192K), 0.0478931 secs] [Times: user=0.25 sys=0.00, real=0.05 secs] 
4043.814: [GC (Allocation Failure) [PSYoungGen: 337980K->167860K(465920K)] 1633020K->1496584K(1864192K), 0.0605767 secs] [Times: user=0.28 sys=0.01, real=0.06 secs] 
4043.874: [Full GC (Ergonomics) [PSYoungGen: 167860K->0K(465920K)] [ParOldGen: 1328724K->193451K(1398272K)] 1496584K->193451K(1864192K), [Metaspace: 60367K->60367K(1105920K)], 0.2003356 secs] [Times: user=0.93 sys=0.00, real=0.20 secs] 
4044.207: [GC (Allocation Failure) [PSYoungGen: 232960K->185526K(465920K)] 426411K->378977K(1864192K), 0.0335646 secs] [Times: user=0.14 sys=0.00, real=0.03 secs] 
4044.374: [GC (Allocation Failure) [PSYoungGen: 418486K->183382K(465920K)] 611937K->441370K(1864192K), 0.0440173 secs] [Times: user=0.19 sys=0.01, real=0.04 secs] 
4045.324: [GC (Allocation Failure) [PSYoungGen: 416342K->171347K(464896K)] 674330K->487343K(1863168K), 0.0568568 secs] [Times: user=0.29 sys=0.00, real=0.05 secs] 
4046.034: [GC (Allocation Failure) [PSYoungGen: 404307K->109645K(465408K)] 720303K->491181K(1863680K), 0.1096828 secs] [Times: user=0.59 sys=0.00, real=0.11 secs] 
4046.580: [GC (Allocation Failure) [PSYoungGen: 338455K->173141K(465920K)] 719991K->589941K(1864192K), 0.0447754 secs] [Times: user=0.19 sys=0.00, real=0.05 secs] 
4046.747: [GC (Allocation Failure) [PSYoungGen: 406613K->185846K(465920K)] 823413K->656599K(1864192K), 0.0423304 secs] [Times: user=0.18 sys=0.00, real=0.04 secs] 
4046.902: [GC (Allocation Failure) [PSYoungGen: 419318K->204405K(465920K)] 890071K->731550K(1864192K), 0.0453973 secs] [Times: user=0.21 sys=0.00, real=0.05 secs] 
4048.121: [GC (Allocation Failure) [PSYoungGen: 437365K->101612K(465920K)] 964510K->699557K(1864192K), 0.0452105 secs] [Times: user=0.23 sys=0.00, real=0.05 secs] 
4048.775: [GC (Allocation Failure) [PSYoungGen: 334572K->173236K(465920K)] 932517K->804234K(1864192K), 0.0521315 secs] [Times: user=0.24 sys=0.00, real=0.05 secs] 
4049.009: [GC (Allocation Failure) [PSYoungGen: 406196K->185462K(465920K)] 1037194K->870807K(1864192K), 0.0663019 secs] [Times: user=0.31 sys=0.00, real=0.07 secs] 
4049.204: [GC (Allocation Failure) [PSYoungGen: 415280K->180310K(465920K)] 1100625K->930144K(1864192K), 0.0512726 secs] [Times: user=0.24 sys=0.00, real=0.05 secs] 
4050.163: [GC (Allocation Failure) [PSYoungGen: 409375K->189107K(465920K)] 1159209K->996188K(1864192K), 0.0527677 secs] [Times: user=0.26 sys=0.00, real=0.05 secs] 
4050.695: [GC (GCLocker Initiated GC) [PSYoungGen: 422067K->104700K(465920K)] 1229149K->976414K(1864192K), 0.0753418 secs] [Times: user=0.40 sys=0.00, real=0.07 secs] 
4050.977: [GC (Allocation Failure) [PSYoungGen: 337660K->178390K(465920K)] 1217573K->1091682K(1864192K), 0.1329012 secs] [Times: user=0.73 sys=0.00, real=0.13 secs] 
4051.226: [GC (Allocation Failure) [PSYoungGen: 411350K->182006K(465920K)] 1324642K->1152154K(1864192K), 0.1708675 secs] [Times: user=0.96 sys=0.00, real=0.17 secs] 
4051.509: [GC (Allocation Failure) [PSYoungGen: 414966K->203477K(465920K)] 1385114K->1231225K(1864192K), 0.0568789 secs] [Times: user=0.28 sys=0.01, real=0.06 secs] 
4052.644: [GC (Allocation Failure) [PSYoungGen: 436437K->97563K(465920K)] 1464185K->1195839K(1864192K), 0.0471431 secs] [Times: user=0.24 sys=0.00, real=0.04 secs] 
4053.154: [GC (Allocation Failure) [PSYoungGen: 330523K->176021K(465920K)] 1428799K->1305390K(1864192K), 0.0397506 secs] [Times: user=0.17 sys=0.00, real=0.04 secs] 
4053.311: [GC (Allocation Failure) [PSYoungGen: 408981K->185526K(465920K)] 1538350K->1370111K(1864192K), 0.0464607 secs] [Times: user=0.21 sys=0.00, real=0.05 secs] 
4053.466: [GC (Allocation Failure) [PSYoungGen: 404592K->172021K(465920K)] 1589177K->1421078K(1864192K), 0.0514964 secs] [Times: user=0.24 sys=0.00, real=0.05 secs] 
4054.442: [GC (Allocation Failure) [PSYoungGen: 402678K->190355K(465920K)] 1651734K->1494124K(1864192K), 0.0532439 secs] [Times: user=0.26 sys=0.00, real=0.06 secs] 
4055.659: [GC (Allocation Failure) [PSYoungGen: 423315K->100491K(465920K)] 1727084K->1469020K(1864192K), 0.0966830 secs] [Times: user=0.52 sys=0.00, real=0.10 secs] 
4055.755: [Full GC (Ergonomics) [PSYoungGen: 100491K->0K(465920K)] [ParOldGen: 1368528K->119144K(1398272K)] 1469020K->119144K(1864192K), [Metaspace: 60375K->60375K(1105920K)], 0.1655650 secs] [Times: user=0.70 sys=0.00, real=0.16 secs] 
4056.176: [GC (Allocation Failure) [PSYoungGen: 232596K->181526K(465920K)] 351740K->300670K(1864192K), 0.0251821 secs] [Times: user=0.08 sys=0.01, real=0.02 secs] 
4056.315: [GC (Allocation Failure) [PSYoungGen: 414486K->182645K(465920K)] 533630K->358222K(1864192K), 0.0410222 secs] [Times: user=0.18 sys=0.00, real=0.04 secs] 
4056.469: [GC (Allocation Failure) [PSYoungGen: 415605K->187509K(465920K)] 591182K->418405K(1864192K), 0.0442496 secs] [Times: user=0.20 sys=0.00, real=0.05 secs] 
4057.598: [GC (GCLocker Initiated GC) [PSYoungGen: 420469K->101164K(465920K)] 651367K->402758K(1864192K), 0.0438405 secs] [Times: user=0.22 sys=0.00, real=0.04 secs] 
4058.132: [GC (Allocation Failure) [PSYoungGen: 334124K->171604K(465920K)] 635882K->506448K(1864192K), 0.0706290 secs] [Times: user=0.34 sys=0.00, real=0.08 secs] 
4058.355: [GC (Allocation Failure) [PSYoungGen: 404564K->185430K(465920K)] 739408K->573933K(1864192K), 0.0422744 secs] [Times: user=0.19 sys=0.00, real=0.04 secs] 
4058.512: [GC (Allocation Failure) [PSYoungGen: 418390K->185527K(465920K)] 806893K->638218K(1864192K), 0.0500372 secs] [Times: user=0.24 sys=0.00, real=0.05 secs] 
4059.454: [GC (Allocation Failure) [PSYoungGen: 414049K->205011K(465920K)] 866741K->716726K(1864192K), 0.0557168 secs] [Times: user=0.28 sys=0.00, real=0.05 secs] 
4060.123: [GC (Allocation Failure) [PSYoungGen: 437971K->105820K(465920K)] 949686K->682088K(1864192K), 0.0786732 secs] [Times: user=0.42 sys=0.00, real=0.08 secs] 
4060.443: [GC (Allocation Failure) [PSYoungGen: 338780K->180501K(465920K)] 915048K->790493K(1864192K), 0.0360682 secs] [Times: user=0.15 sys=0.00, real=0.03 secs] 
4060.615: [GC (Allocation Failure) [PSYoungGen: 413461K->182006K(465920K)] 1023453K->855091K(1864192K), 0.0588644 secs] [Times: user=0.28 sys=0.00, real=0.06 secs] 
4060.829: [GC (Allocation Failure) [PSYoungGen: 414966K->187221K(465920K)] 1088051K->918193K(1864192K), 0.0808321 secs] [Times: user=0.42 sys=0.00, real=0.08 secs] 
4061.993: [GC (Allocation Failure) [PSYoungGen: 420181K->97755K(465920K)] 1151153K->899336K(1864192K), 0.0604440 secs] [Times: user=0.33 sys=0.00, real=0.06 secs] 
4062.734: [GC (Allocation Failure) [PSYoungGen: 330715K->172724K(465920K)] 1132296K->1005550K(1864192K), 0.0593549 secs] [Times: user=0.27 sys=0.00, real=0.06 secs] 
4062.942: [GC (Allocation Failure) [PSYoungGen: 405684K->185174K(465920K)] 1238510K->1072019K(1864192K), 0.0473367 secs] [Times: user=0.20 sys=0.00, real=0.05 secs] 
4063.102: [GC (Allocation Failure) [PSYoungGen: 414247K->181430K(465920K)] 1301092K->1132724K(1864192K), 0.0505269 secs] [Times: user=0.23 sys=0.00, real=0.05 secs] 
4064.094: [GC (Allocation Failure) [PSYoungGen: 414390K->169395K(465920K)] 1365684K->1178288K(1864192K), 0.0557810 secs] [Times: user=0.28 sys=0.00, real=0.05 secs] 
4064.767: [GC (Allocation Failure) [PSYoungGen: 402355K->107580K(465920K)] 1411248K->1181146K(1864192K), 0.0449590 secs] [Times: user=0.23 sys=0.00, real=0.04 secs] 
4064.948: [GC (Allocation Failure) [PSYoungGen: 340540K->180437K(465920K)] 1414106K->1288795K(1864192K), 0.0371451 secs] [Times: user=0.16 sys=0.00, real=0.04 secs] 
4065.166: [GC (Allocation Failure) [PSYoungGen: 413397K->184215K(465920K)] 1521755K->1355604K(1864192K), 0.0567215 secs] [Times: user=0.28 sys=0.00, real=0.06 secs] 
4065.342: [GC (Allocation Failure) [PSYoungGen: 417175K->187637K(465920K)] 1588564K->1417435K(1864192K), 0.0592247 secs] [Times: user=0.29 sys=0.00, real=0.06 secs] 
4066.668: [GC (Allocation Failure) [PSYoungGen: 420597K->99164K(465920K)] 1650395K->1399769K(1864192K), 0.0737412 secs] [Times: user=0.39 sys=0.00, real=0.07 secs] 
4067.379: [GC (Allocation Failure) [PSYoungGen: 332124K->169236K(465920K)] 1632729K->1501707K(1864192K), 0.0527373 secs] [Times: user=0.25 sys=0.00, real=0.05 secs] 
4067.432: [Full GC (Ergonomics) [PSYoungGen: 169236K->0K(465920K)] [ParOldGen: 1332470K->196375K(1398272K)] 1501707K->196375K(1864192K), [Metaspace: 60382K->60382K(1105920K)], 0.2013788 secs] [Times: user=0.91 sys=0.00, real=0.21 secs] 
4067.786: [GC (Allocation Failure) [PSYoungGen: 232960K->185142K(465920K)] 429335K->381517K(1864192K), 0.0329476 secs] [Times: user=0.13 sys=0.01, real=0.03 secs] 
4067.938: [GC (Allocation Failure) [PSYoungGen: 412450K->179254K(465920K)] 608825K->440069K(1864192K), 0.0432469 secs] [Times: user=0.20 sys=0.00, real=0.04 secs] 
4068.874: [GC (Allocation Failure) [PSYoungGen: 412214K->169363K(465920K)] 673029K->487130K(1864192K), 0.0570739 secs] [Times: user=0.29 sys=0.00, real=0.05 secs] 
4070.903: [GC (Allocation Failure) [PSYoungGen: 402323K->104140K(465920K)] 720090K->486555K(1864192K), 0.0769494 secs] [Times: user=0.41 sys=0.00, real=0.07 secs] 
4071.210: [GC (Allocation Failure) [PSYoungGen: 330655K->177557K(465920K)] 713071K->593533K(1864192K), 0.0341532 secs] [Times: user=0.14 sys=0.00, real=0.04 secs] 
4071.397: [GC (Allocation Failure) [PSYoungGen: 410517K->182773K(465920K)] 826493K->653838K(1864192K), 0.0640079 secs] [Times: user=0.31 sys=0.00, real=0.06 secs] 
4071.651: [GC (Allocation Failure) [PSYoungGen: 415733K->204021K(465920K)] 886798K->730529K(1864192K), 0.0553528 secs] [Times: user=0.28 sys=0.00, real=0.06 secs] 
4072.753: [GC (Allocation Failure) [PSYoungGen: 436981K->100652K(465920K)] 963489K->697928K(1864192K), 0.0568656 secs] [Times: user=0.30 sys=0.00, real=0.05 secs] 
4073.274: [GC (Allocation Failure) [PSYoungGen: 333612K->174293K(465920K)] 930888K->804637K(1864192K), 0.0525784 secs] [Times: user=0.25 sys=0.00, real=0.05 secs] 
4073.505: [GC (Allocation Failure) [PSYoungGen: 407253K->184758K(465920K)] 1037597K->869102K(1864192K), 0.0561408 secs] [Times: user=0.26 sys=0.00, real=0.05 secs] 
4073.748: [GC (Allocation Failure) [PSYoungGen: 417718K->183542K(465920K)] 1102062K->932151K(1864192K), 0.0536789 secs] [Times: user=0.25 sys=0.00, real=0.05 secs] 
4074.727: [GC (Allocation Failure) [PSYoungGen: 414048K->205715K(465920K)] 1162657K->1012475K(1864192K), 0.0535343 secs] [Times: user=0.27 sys=0.00, real=0.05 secs] 
4075.255: [GC (GCLocker Initiated GC) [PSYoungGen: 438675K->105244K(465920K)] 1245436K->976606K(1864192K), 0.0752984 secs] [Times: user=0.40 sys=0.00, real=0.07 secs] 
4075.568: [GC (Allocation Failure) [PSYoungGen: 338204K->175445K(465920K)] 1217759K->1088750K(1864192K), 0.1297532 secs] [Times: user=0.72 sys=0.00, real=0.13 secs] 
4075.866: [GC (Allocation Failure) [PSYoungGen: 408405K->184823K(465920K)] 1321710K->1154351K(1864192K), 0.1724820 secs] [Times: user=0.97 sys=0.00, real=0.17 secs] 
4076.169: [GC (GCLocker Initiated GC) [PSYoungGen: 417783K->184276K(465920K)] 1387311K->1212317K(1864192K), 0.0592350 secs] [Times: user=0.29 sys=0.00, real=0.06 secs] 
4077.463: [GC (Allocation Failure) [PSYoungGen: 417236K->97883K(465920K)] 1445280K->1195423K(1864192K), 0.0703135 secs] [Times: user=0.37 sys=0.01, real=0.07 secs] 
4078.617: [GC (Allocation Failure) [PSYoungGen: 330843K->170100K(465920K)] 1428383K->1299028K(1864192K), 0.0671426 secs] [Times: user=0.32 sys=0.01, real=0.07 secs] 
4078.885: [GC (Allocation Failure) [PSYoungGen: 403060K->184982K(465920K)] 1531988K->1367274K(1864192K), 0.0592127 secs] [Times: user=0.28 sys=0.00, real=0.06 secs] 
4079.103: [GC (Allocation Failure) [PSYoungGen: 416000K->182614K(465920K)] 1598293K->1429179K(1864192K), 0.0760463 secs] [Times: user=0.37 sys=0.00, real=0.08 secs] 
4080.230: [GC (Allocation Failure) [PSYoungGen: 415574K->169395K(465920K)] 1662139K->1474047K(1864192K), 0.0552531 secs] [Times: user=0.28 sys=0.00, real=0.06 secs] 
4080.879: [GC (Allocation Failure) [PSYoungGen: 402355K->108412K(465920K)] 1707007K->1477773K(1864192K), 0.0592792 secs] [Times: user=0.31 sys=0.00, real=0.06 secs] 
4080.938: [Full GC (Ergonomics) [PSYoungGen: 108412K->0K(465920K)] [ParOldGen: 1369360K->126180K(1398272K)] 1477773K->126180K(1864192K), [Metaspace: 60382K->60382K(1105920K)], 0.1279285 secs] [Times: user=0.56 sys=0.01, real=0.13 secs] 
4081.213: [GC (Allocation Failure) [PSYoungGen: 232960K->180021K(465920K)] 359140K->306201K(1864192K), 0.0327939 secs] [Times: user=0.13 sys=0.00, real=0.03 secs] 
4081.369: [GC (Allocation Failure) [PSYoungGen: 412981K->183990K(465920K)] 539161K->372987K(1864192K), 0.0474238 secs] [Times: user=0.21 sys=0.01, real=0.05 secs] 
4081.528: [GC (Allocation Failure) [PSYoungGen: 416950K->187477K(465920K)] 605947K->435137K(1864192K), 0.0568525 secs] [Times: user=0.28 sys=0.00, real=0.06 secs] 
4082.755: [GC (Allocation Failure) [PSYoungGen: 420437K->103036K(465920K)] 668097K->421440K(1864192K), 0.0474532 secs] [Times: user=0.25 sys=0.00, real=0.04 secs] 
4083.550: [GC (GCLocker Initiated GC) [PSYoungGen: 335996K->169780K(465920K)] 654401K->521182K(1864192K), 0.0604460 secs] [Times: user=0.29 sys=0.00, real=0.06 secs] 
4083.816: [GC (Allocation Failure) [PSYoungGen: 402740K->184406K(465920K)] 754146K->589083K(1864192K), 0.0508004 secs] [Times: user=0.23 sys=0.00, real=0.05 secs] 
4083.984: [GC (Allocation Failure) [PSYoungGen: 412413K->177494K(465920K)] 817091K->646267K(1864192K), 0.0490073 secs] [Times: user=0.22 sys=0.00, real=0.05 secs] 
4085.014: [GC (Allocation Failure) [PSYoungGen: 410454K->168339K(461824K)] 879227K->693168K(1860096K), 0.0536662 secs] [Times: user=0.27 sys=0.00, real=0.05 secs] 
4086.228: [GC (Allocation Failure) [PSYoungGen: 401299K->109309K(463872K)] 926128K->698722K(1862144K), 0.0955753 secs] [Times: user=0.51 sys=0.00, real=0.10 secs] 
4086.597: [GC (Allocation Failure) [PSYoungGen: 336460K->174261K(466944K)] 925874K->798960K(1865216K), 0.0352131 secs] [Times: user=0.15 sys=0.00, real=0.03 secs] 
4086.749: [GC (Allocation Failure) [PSYoungGen: 408245K->186390K(465920K)] 1032944K->865217K(1864192K), 0.0436880 secs] [Times: user=0.19 sys=0.00, real=0.04 secs] 
4086.953: [GC (Allocation Failure) [PSYoungGen: 420374K->188245K(465920K)] 1099201K->923428K(1864192K), 0.0669084 secs] [Times: user=0.33 sys=0.00, real=0.07 secs] 
4088.107: [GC (GCLocker Initiated GC) [PSYoungGen: 421205K->100284K(465920K)] 1156388K->906475K(1864192K), 0.0544216 secs] [Times: user=0.29 sys=0.01, real=0.05 secs] 
4088.578: [GC (Allocation Failure) [PSYoungGen: 333244K->173077K(465920K)] 1139437K->1012382K(1864192K), 0.0588751 secs] [Times: user=0.27 sys=0.00, real=0.06 secs] 
4088.840: [GC (GCLocker Initiated GC) [PSYoungGen: 406037K->180181K(465920K)] 1245343K->1073107K(1864192K), 0.0617652 secs] [Times: user=0.29 sys=0.00, real=0.06 secs] 
4089.086: [GC (Allocation Failure) [PSYoungGen: 413141K->185207K(465920K)] 1322490K->1149368K(1864192K), 0.2035892 secs] [Times: user=1.16 sys=0.00, real=0.20 secs] 
4090.298: [GC (Allocation Failure) [PSYoungGen: 418167K->151986K(385024K)] 1382328K->1175060K(1783296K), 0.1752422 secs] [Times: user=1.00 sys=0.00, real=0.18 secs] 
4091.000: [GC (Allocation Failure) [PSYoungGen: 384917K->124062K(465408K)] 1407991K->1195224K(1863680K), 0.1098004 secs] [Times: user=0.60 sys=0.00, real=0.11 secs] 
4091.292: [GC (Allocation Failure) [PSYoungGen: 357022K->179893K(465408K)] 1428184K->1291071K(1863680K), 0.0416208 secs] [Times: user=0.19 sys=0.00, real=0.05 secs] 
4091.489: [GC (Allocation Failure) [PSYoungGen: 412853K->185399K(465920K)] 1524031K->1359317K(1864192K), 0.0803661 secs] [Times: user=0.41 sys=0.00, real=0.08 secs] 
4091.730: [GC (Allocation Failure) [PSYoungGen: 418359K->184308K(465920K)] 1592277K->1417107K(1864192K), 0.0679876 secs] [Times: user=0.35 sys=0.00, real=0.07 secs] 
4093.404: [GC (Allocation Failure) [PSYoungGen: 417268K->94091K(465920K)] 1650067K->1396445K(1864192K), 0.1310290 secs] [Times: user=0.73 sys=0.00, real=0.13 secs] 
4094.458: [GC (Allocation Failure) [PSYoungGen: 327051K->171572K(465920K)] 1629405K->1504116K(1864192K), 0.0486776 secs] [Times: user=0.21 sys=0.00, real=0.05 secs] 
4094.507: [Full GC (Ergonomics) [PSYoungGen: 171572K->0K(465920K)] [ParOldGen: 1332543K->201804K(1398272K)] 1504116K->201804K(1864192K), [Metaspace: 60382K->60382K(1105920K)], 0.2242546 secs] [Times: user=1.04 sys=0.00, real=0.22 secs] 
4094.860: [GC (Allocation Failure) [PSYoungGen: 232960K->185910K(465920K)] 434764K->387714K(1864192K), 0.0274457 secs] [Times: user=0.10 sys=0.00, real=0.03 secs] 
4095.018: [GC (Allocation Failure) [PSYoungGen: 418870K->187797K(465920K)] 620674K->445889K(1864192K), 0.0446547 secs] [Times: user=0.21 sys=0.00, real=0.04 secs] 
4096.029: [GC (Allocation Failure) [PSYoungGen: 420757K->149010K(465920K)] 678849K->477822K(1864192K), 0.0505962 secs] [Times: user=0.24 sys=0.00, real=0.05 secs] 
4096.629: [GC (Allocation Failure) [PSYoungGen: 381970K->128287K(465920K)] 710782K->504371K(1864192K), 0.1301343 secs] [Times: user=0.72 sys=0.00, real=0.13 secs] 
4096.938: [GC (Allocation Failure) [PSYoungGen: 361247K->179381K(465920K)] 737331K->596142K(1864192K), 0.0376313 secs] [Times: user=0.16 sys=0.00, real=0.04 secs] 
4097.089: [GC (Allocation Failure) [PSYoungGen: 412341K->182838K(465920K)] 829102K->662412K(1864192K), 0.0493713 secs] [Times: user=0.23 sys=0.01, real=0.05 secs] 
4097.272: [GC (Allocation Failure) [PSYoungGen: 415798K->187349K(465920K)] 895372K->725154K(1864192K), 0.0639377 secs] [Times: user=0.32 sys=0.00, real=0.07 secs] 
4098.897: [GC (Allocation Failure) [PSYoungGen: 420309K->93947K(465920K)] 958114K->702392K(1864192K), 0.0607429 secs] [Times: user=0.32 sys=0.00, real=0.06 secs] 
4099.609: [GC (Allocation Failure) [PSYoungGen: 326907K->176629K(465920K)] 935352K->815707K(1864192K), 0.0421517 secs] [Times: user=0.18 sys=0.00, real=0.04 secs] 
4099.846: [GC (Allocation Failure) [PSYoungGen: 409589K->182421K(465920K)] 1048667K->876572K(1864192K), 0.0646785 secs] [Times: user=0.31 sys=0.01, real=0.06 secs] 
4100.038: [GC (Allocation Failure) [PSYoungGen: 415381K->187765K(465920K)] 1109532K->937363K(1864192K), 0.0463487 secs] [Times: user=0.22 sys=0.00, real=0.05 secs] 
4101.063: [GC (Allocation Failure) [PSYoungGen: 420725K->144434K(465920K)] 1170323K->964740K(1864192K), 0.0508002 secs] [Times: user=0.25 sys=0.00, real=0.05 secs] 
4102.256: [GC (Allocation Failure) [PSYoungGen: 377394K->127951K(465920K)] 1197700K->994093K(1864192K), 0.1361557 secs] [Times: user=0.75 sys=0.00, real=0.13 secs] 
4102.574: [GC (Allocation Failure) [PSYoungGen: 360911K->180053K(465920K)] 1227053K->1087624K(1864192K), 0.0392115 secs] [Times: user=0.17 sys=0.00, real=0.04 secs] 
4102.781: [GC (GCLocker Initiated GC) [PSYoungGen: 413013K->183766K(465920K)] 1320585K->1154083K(1864192K), 0.0829291 secs] [Times: user=0.42 sys=0.00, real=0.09 secs] 
4102.993: [GC (Allocation Failure) [PSYoungGen: 416726K->184212K(465920K)] 1387045K->1212859K(1864192K), 0.0587981 secs] [Times: user=0.30 sys=0.00, real=0.05 secs] 
4104.116: [GC (Allocation Failure) [PSYoungGen: 417172K->102844K(465920K)] 1445819K->1201083K(1864192K), 0.0658705 secs] [Times: user=0.35 sys=0.00, real=0.06 secs] 
4104.516: [GC (Allocation Failure) [PSYoungGen: 335804K->179253K(465920K)] 1434043K->1310449K(1864192K), 0.0457083 secs] [Times: user=0.18 sys=0.01, real=0.04 secs] 
4104.682: [GC (Allocation Failure) [PSYoungGen: 412213K->182037K(465920K)] 1543409K->1369477K(1864192K), 0.0456718 secs] [Times: user=0.20 sys=0.00, real=0.05 secs] 
4104.871: [GC (Allocation Failure) [PSYoungGen: 414997K->187381K(465920K)] 1602437K->1430245K(1864192K), 0.0654884 secs] [Times: user=0.32 sys=0.00, real=0.07 secs] 
4106.005: [GC (Allocation Failure) [PSYoungGen: 420341K->133936K(465920K)] 1663205K->1447320K(1864192K), 0.0515379 secs] [Times: user=0.26 sys=0.00, real=0.05 secs] 
4106.057: [Full GC (Ergonomics) [PSYoungGen: 133936K->0K(465920K)] [ParOldGen: 1313383K->345580K(1398272K)] 1447320K->345580K(1864192K), [Metaspace: 60382K->60382K(1105920K)], 0.5690866 secs] [Times: user=2.48 sys=0.00, real=0.57 secs] 
4107.185: [GC (Allocation Failure) [PSYoungGen: 232960K->137776K(465920K)] 578540K->483357K(1864192K), 0.0279719 secs] [Times: user=0.10 sys=0.00, real=0.02 secs] 
4107.372: [GC (Allocation Failure) [PSYoungGen: 370736K->180309K(465920K)] 716317K->570482K(1864192K), 0.0388611 secs] [Times: user=0.17 sys=0.00, real=0.04 secs] 
4107.526: [GC (Allocation Failure) [PSYoungGen: 413269K->180566K(465920K)] 803442K->633491K(1864192K), 0.0485194 secs] [Times: user=0.22 sys=0.00, real=0.05 secs] 
4107.687: [GC (Allocation Failure) [PSYoungGen: 413526K->187573K(465920K)] 866451K->698250K(1864192K), 0.0567045 secs] [Times: user=0.28 sys=0.00, real=0.06 secs] 
4109.032: [GC (Allocation Failure) [PSYoungGen: 420533K->99884K(465920K)] 931210K->681177K(1864192K), 0.0724002 secs] [Times: user=0.38 sys=0.00, real=0.08 secs] 
4109.467: [GC (Allocation Failure) [PSYoungGen: 332844K->179605K(465920K)] 914137K->792832K(1864192K), 0.0436115 secs] [Times: user=0.19 sys=0.00, real=0.04 secs] 
4109.690: [GC (Allocation Failure) [PSYoungGen: 412565K->182869K(465920K)] 1025792K->852084K(1864192K), 0.0639504 secs] [Times: user=0.31 sys=0.00, real=0.07 secs] 
4109.883: [GC (Allocation Failure) [PSYoungGen: 415829K->187381K(465920K)] 1085044K->912339K(1864192K), 0.0451613 secs] [Times: user=0.21 sys=0.00, real=0.04 secs] 
4110.986: [GC (Allocation Failure) [PSYoungGen: 420341K->126095K(465920K)] 1145299K->921493K(1864192K), 0.0475168 secs] [Times: user=0.24 sys=0.00, real=0.05 secs] 
4111.493: [GC (Allocation Failure) [PSYoungGen: 359055K->145969K(465920K)] 1154453K->981495K(1864192K), 0.1034604 secs] [Times: user=0.56 sys=0.00, real=0.10 secs] 
4111.735: [GC (Allocation Failure) [PSYoungGen: 378929K->184181K(465920K)] 1214455K->1065153K(1864192K), 0.0401477 secs] [Times: user=0.17 sys=0.00, real=0.04 secs] 
4111.917: [GC (Allocation Failure) [PSYoungGen: 417141K->186263K(465920K)] 1298113K->1131578K(1864192K), 0.0547581 secs] [Times: user=0.27 sys=0.00, real=0.05 secs] 
4112.100: [GC (Allocation Failure) [PSYoungGen: 419223K->184565K(465920K)] 1364538K->1188952K(1864192K), 0.0571914 secs] [Times: user=0.28 sys=0.00, real=0.06 secs] 
4113.563: [GC (Allocation Failure) [PSYoungGen: 417525K->93099K(465920K)] 1421912K->1167010K(1864192K), 0.1128188 secs] [Times: user=0.62 sys=0.01, real=0.12 secs] 
4114.051: [GC (Allocation Failure) [PSYoungGen: 326059K->180245K(465920K)] 1399970K->1284414K(1864192K), 0.0419397 secs] [Times: user=0.18 sys=0.00, real=0.05 secs] 
4114.211: [GC (Allocation Failure) [PSYoungGen: 413205K->185462K(465920K)] 1517374K->1345846K(1864192K), 0.0436852 secs] [Times: user=0.20 sys=0.00, real=0.05 secs] 
4114.363: [GC (Allocation Failure) [PSYoungGen: 418422K->187733K(465920K)] 1578806K->1404429K(1864192K), 0.0460486 secs] [Times: user=0.21 sys=0.00, real=0.04 secs] 
4115.469: [GC (Allocation Failure) [PSYoungGen: 420693K->116206K(465920K)] 1637389K->1403782K(1864192K), 0.0474757 secs] [Times: user=0.24 sys=0.01, real=0.05 secs] 
4116.456: [GC (Allocation Failure) [PSYoungGen: 349114K->152082K(465920K)] 1636691K->1476402K(1864192K), 0.0820531 secs] [Times: user=0.43 sys=0.00, real=0.08 secs] 
4116.538: [Full GC (Ergonomics) [PSYoungGen: 152082K->0K(465920K)] [ParOldGen: 1324320K->169364K(1398272K)] 1476402K->169364K(1864192K), [Metaspace: 60382K->60382K(1105920K)], 0.1616011 secs] [Times: user=0.73 sys=0.00, real=0.16 secs] 
4116.865: [GC (Allocation Failure) [PSYoungGen: 232960K->182517K(465920K)] 402324K->351881K(1864192K), 0.0343091 secs] [Times: user=0.14 sys=0.00, real=0.03 secs] 
4117.041: [GC (Allocation Failure) [PSYoungGen: 415477K->185687K(465920K)] 584841K->418827K(1864192K), 0.0503435 secs] [Times: user=0.24 sys=0.00, real=0.05 secs] 
4117.205: [GC (Allocation Failure) [PSYoungGen: 418647K->187221K(465920K)] 651787K->479249K(1864192K), 0.0565156 secs] [Times: user=0.28 sys=0.00, real=0.05 secs] 
4118.375: [GC (Allocation Failure) [PSYoungGen: 420181K->94795K(465920K)] 712209K->457383K(1864192K), 0.0592344 secs] [Times: user=0.32 sys=0.00, real=0.06 secs] 
4118.705: [GC (Allocation Failure) [PSYoungGen: 327755K->179637K(465920K)] 690343K->573366K(1864192K), 0.0470294 secs] [Times: user=0.20 sys=0.00, real=0.04 secs] 
4118.884: [GC (Allocation Failure) [PSYoungGen: 412597K->185046K(465920K)] 806326K->634486K(1864192K), 0.0440326 secs] [Times: user=0.20 sys=0.00, real=0.04 secs] 
4119.037: [GC (Allocation Failure) [PSYoungGen: 418006K->184532K(465920K)] 867446K->690309K(1864192K), 0.0459517 secs] [Times: user=0.21 sys=0.00, real=0.04 secs] 
4120.113: [GC (Allocation Failure) [PSYoungGen: 417492K->114430K(465920K)] 923269K->689974K(1864192K), 0.0476707 secs] [Times: user=0.24 sys=0.00, real=0.04 secs] 
4121.053: [GC (Allocation Failure) [PSYoungGen: 347390K->159603K(465920K)] 922934K->772032K(1864192K), 0.0961731 secs] [Times: user=0.51 sys=0.00, real=0.10 secs] 
4121.300: [GC (Allocation Failure) [PSYoungGen: 392563K->184982K(465920K)] 1004992K->847047K(1864192K), 0.0419277 secs] [Times: user=0.18 sys=0.00, real=0.04 secs] 
4121.457: [GC (Allocation Failure) [PSYoungGen: 417942K->183638K(465920K)] 1080007K->910176K(1864192K), 0.0501236 secs] [Times: user=0.24 sys=0.00, real=0.05 secs] 
4121.639: [GC (Allocation Failure) [PSYoungGen: 416598K->183732K(465920K)] 1143136K->968758K(1864192K), 0.0667721 secs] [Times: user=0.35 sys=0.00, real=0.07 secs] 
4123.694: [GC (Allocation Failure) [PSYoungGen: 416692K->88426K(465920K)] 1201718K->942756K(1864192K), 0.1122309 secs] [Times: user=0.62 sys=0.00, real=0.11 secs] 
4124.336: [GC (Allocation Failure) [PSYoungGen: 321386K->177173K(465920K)] 1175716K->1060516K(1864192K), 0.0463004 secs] [Times: user=0.20 sys=0.00, real=0.04 secs] 
4124.512: [GC (Allocation Failure) [PSYoungGen: 410133K->185526K(465920K)] 1293476K->1124180K(1864192K), 0.0441698 secs] [Times: user=0.20 sys=0.00, real=0.05 secs] 
4124.730: [GC (Allocation Failure) [PSYoungGen: 418486K->187253K(465920K)] 1357140K->1182051K(1864192K), 0.0678551 secs] [Times: user=0.34 sys=0.00, real=0.07 secs] 
4125.864: [GC (Allocation Failure) [PSYoungGen: 420213K->113437K(465920K)] 1415011K->1178680K(1864192K), 0.0476013 secs] [Times: user=0.24 sys=0.00, real=0.04 secs] 
4126.562: [GC (Allocation Failure) [PSYoungGen: 346397K->154290K(465920K)] 1411640K->1256613K(1864192K), 0.0979957 secs] [Times: user=0.51 sys=0.00, real=0.10 secs] 
4126.854: [GC (Allocation Failure) [PSYoungGen: 387250K->184566K(465920K)] 1489573K->1334788K(1864192K), 0.0441316 secs] [Times: user=0.20 sys=0.00, real=0.04 secs] 
4127.014: [GC (Allocation Failure) [PSYoungGen: 417526K->186135K(465920K)] 1567748K->1400850K(1864192K), 0.0520120 secs] [Times: user=0.25 sys=0.00, real=0.05 secs] 
4127.201: [GC (Allocation Failure) [PSYoungGen: 419095K->187765K(465920K)] 1633810K->1461568K(1864192K), 0.0626154 secs] [Times: user=0.32 sys=0.00, real=0.07 secs] 
4128.361: [GC (Allocation Failure) [PSYoungGen: 420725K->93387K(465920K)] 1694528K->1438062K(1864192K), 0.0628630 secs] [Times: user=0.34 sys=0.00, real=0.07 secs] 
4128.424: [Full GC (Ergonomics) [PSYoungGen: 93387K->0K(465920K)] [ParOldGen: 1344675K->105667K(1398272K)] 1438062K->105667K(1864192K), [Metaspace: 60382K->60382K(1105920K)], 0.1156736 secs] [Times: user=0.49 sys=0.00, real=0.11 secs] 
4129.175: [GC (Allocation Failure) [PSYoungGen: 232960K->179221K(465920K)] 338627K->284889K(1864192K), 0.0344720 secs] [Times: user=0.12 sys=0.01, real=0.03 secs] 
4129.404: [GC (Allocation Failure) [PSYoungGen: 412181K->185462K(465920K)] 517849K->347633K(1864192K), 0.0570420 secs] [Times: user=0.27 sys=0.00, real=0.05 secs] 
4129.645: [GC (Allocation Failure) [PSYoungGen: 418422K->187285K(465920K)] 580593K->405664K(1864192K), 0.0640094 secs] [Times: user=0.31 sys=0.00, real=0.06 secs] 
4130.735: [GC (Allocation Failure) [PSYoungGen: 420245K->109229K(465920K)] 638624K->398300K(1864192K), 0.0450619 secs] [Times: user=0.23 sys=0.00, real=0.04 secs] 
4132.132: [GC (Allocation Failure) [PSYoungGen: 342105K->158419K(465920K)] 631177K->483051K(1864192K), 0.1026949 secs] [Times: user=0.54 sys=0.00, real=0.11 secs] 
4132.394: [GC (Allocation Failure) [PSYoungGen: 391379K->184854K(465920K)] 716011K->558918K(1864192K), 0.0407037 secs] [Times: user=0.18 sys=0.00, real=0.04 secs] 
4132.553: [GC (Allocation Failure) [PSYoungGen: 417814K->185847K(465920K)] 791878K->624399K(1864192K), 0.0492232 secs] [Times: user=0.22 sys=0.00, real=0.04 secs] 
4132.760: [GC (Allocation Failure) [PSYoungGen: 418807K->187413K(465920K)] 857359K->685213K(1864192K), 0.0807290 secs] [Times: user=0.41 sys=0.01, real=0.08 secs] 
4134.313: [GC (Allocation Failure) [PSYoungGen: 420373K->92363K(465920K)] 918173K->660883K(1864192K), 0.0811847 secs] [Times: user=0.44 sys=0.00, real=0.09 secs] 
4134.683: [GC (Allocation Failure) [PSYoungGen: 325323K->179349K(465920K)] 893843K->777786K(1864192K), 0.0345629 secs] [Times: user=0.15 sys=0.00, real=0.03 secs] 
4134.913: [GC (Allocation Failure) [PSYoungGen: 412309K->184213K(465920K)] 1010746K->838506K(1864192K), 0.0616851 secs] [Times: user=0.29 sys=0.01, real=0.06 secs] 
4135.098: [GC (Allocation Failure) [PSYoungGen: 417173K->187861K(465920K)] 1071466K->898178K(1864192K), 0.0461295 secs] [Times: user=0.21 sys=0.00, real=0.05 secs] 
4136.157: [GC (Allocation Failure) [PSYoungGen: 420821K->108893K(465920K)] 1131138K->890062K(1864192K), 0.0457926 secs] [Times: user=0.23 sys=0.00, real=0.04 secs] 
4137.002: [GC (Allocation Failure) [PSYoungGen: 341853K->165940K(465920K)] 1123022K->981857K(1864192K), 0.0886129 secs] [Times: user=0.45 sys=0.00, real=0.09 secs] 
4137.285: [GC (Allocation Failure) [PSYoungGen: 398900K->193366K(465920K)] 1214817K->1061795K(1864192K), 0.0540009 secs] [Times: user=0.25 sys=0.00, real=0.05 secs] 
4137.453: [GC (Allocation Failure) [PSYoungGen: 426326K->182614K(465920K)] 1294755K->1115356K(1864192K), 0.0500339 secs] [Times: user=0.24 sys=0.00, real=0.05 secs] 
4137.614: [GC (Allocation Failure) [PSYoungGen: 415574K->187445K(465920K)] 1348316K->1178427K(1864192K), 0.0557791 secs] [Times: user=0.28 sys=0.00, real=0.05 secs] 
4139.349: [GC (Allocation Failure) [PSYoungGen: 420405K->90810K(465920K)] 1411387K->1152320K(1864192K), 0.1137466 secs] [Times: user=0.62 sys=0.00, real=0.12 secs] 
4139.905: [GC (Allocation Failure) [PSYoungGen: 323770K->180758K(465920K)] 1385280K->1271784K(1864192K), 0.0443322 secs] [Times: user=0.19 sys=0.00, real=0.04 secs] 
4140.070: [GC (Allocation Failure) [PSYoungGen: 413718K->185686K(465920K)] 1504744K->1332977K(1864192K), 0.0445919 secs] [Times: user=0.20 sys=0.00, real=0.05 secs] 
4140.272: [GC (Allocation Failure) [PSYoungGen: 418646K->187541K(465920K)] 1565937K->1391128K(1864192K), 0.0642641 secs] [Times: user=0.32 sys=0.00, real=0.07 secs] 
4141.645: [GC (Allocation Failure) [PSYoungGen: 420501K->102396K(465920K)] 1624088K->1376639K(1864192K), 0.0463589 secs] [Times: user=0.24 sys=0.00, real=0.04 secs] 
4142.060: [GC (Allocation Failure) [PSYoungGen: 335356K->170388K(465920K)] 1609599K->1478495K(1864192K), 0.0874960 secs] [Times: user=0.44 sys=0.00, real=0.09 secs] 
4142.297: [GC (Allocation Failure) [PSYoungGen: 403348K->182005K(465920K)] 1711455K->1543464K(1864192K), 0.0437919 secs] [Times: user=0.20 sys=0.00, real=0.04 secs] 
4142.341: [Full GC (Ergonomics) [PSYoungGen: 182005K->0K(465920K)] [ParOldGen: 1361459K->256361K(1398272K)] 1543464K->256361K(1864192K), [Metaspace: 60382K->60382K(1105920K)], 0.3058093 secs] [Times: user=1.38 sys=0.00, real=0.31 secs] 
4142.775: [GC (Allocation Failure) [PSYoungGen: 232960K->180118K(465920K)] 489321K->436480K(1864192K), 0.0832380 secs] [Times: user=0.43 sys=0.00, real=0.08 secs] 
4142.968: [GC (Allocation Failure) [PSYoungGen: 413078K->187381K(465920K)] 669440K->501439K(1864192K), 0.0547138 secs] [Times: user=0.27 sys=0.00, real=0.06 secs] 
4144.179: [GC (GCLocker Initiated GC) [PSYoungGen: 420341K->95499K(465920K)] 734400K->480358K(1864192K), 0.0677624 secs] [Times: user=0.36 sys=0.00, real=0.07 secs] 
4144.591: [GC (Allocation Failure) [PSYoungGen: 328459K->183702K(465920K)] 713357K->598740K(1864192K), 0.0377979 secs] [Times: user=0.16 sys=0.00, real=0.04 secs] 
4144.741: [GC (Allocation Failure) [PSYoungGen: 416662K->182997K(465920K)] 831700K->655600K(1864192K), 0.0434328 secs] [Times: user=0.20 sys=0.00, real=0.05 secs] 
4144.897: [GC (Allocation Failure) [PSYoungGen: 415957K->187221K(465920K)] 888560K->715340K(1864192K), 0.0455464 secs] [Times: user=0.21 sys=0.00, real=0.04 secs] 
4146.134: [GC (Allocation Failure) [PSYoungGen: 420181K->99756K(465920K)] 948300K->698558K(1864192K), 0.0524315 secs] [Times: user=0.28 sys=0.00, real=0.05 secs] 
4146.843: [GC (Allocation Failure) [PSYoungGen: 332716K->173429K(465920K)] 931518K->804316K(1864192K), 0.0644667 secs] [Times: user=0.31 sys=0.00, real=0.06 secs] 
4147.047: [GC (Allocation Failure) [PSYoungGen: 406389K->182805K(465920K)] 1037276K->868053K(1864192K), 0.0432177 secs] [Times: user=0.20 sys=0.01, real=0.04 secs] 
4147.239: [GC (Allocation Failure) [PSYoungGen: 415765K->185975K(465920K)] 1101013K->935006K(1864192K), 0.0723828 secs] [Times: user=0.35 sys=0.00, real=0.07 secs] 
4147.629: [GC (Allocation Failure) [PSYoungGen: 417676K->212276K(465920K)] 1166708K->1020491K(1864192K), 0.0543456 secs] [Times: user=0.27 sys=0.00, real=0.06 secs] 
4149.158: [GC (Allocation Failure) [PSYoungGen: 445236K->98603K(465920K)] 1253451K->974227K(1864192K), 0.1109993 secs] [Times: user=0.60 sys=0.01, real=0.11 secs] 
4149.621: [GC (Allocation Failure) [PSYoungGen: 331563K->183734K(465920K)] 1207187K->1090671K(1864192K), 0.0418643 secs] [Times: user=0.18 sys=0.00, real=0.05 secs] 
4149.774: [GC (Allocation Failure) [PSYoungGen: 416694K->182581K(465920K)] 1323631K->1146878K(1864192K), 0.0450672 secs] [Times: user=0.21 sys=0.00, real=0.04 secs] 
4149.931: [GC (Allocation Failure) [PSYoungGen: 415541K->186837K(465920K)] 1379838K->1206086K(1864192K), 0.0470309 secs] [Times: user=0.22 sys=0.00, real=0.05 secs] 
4150.996: [GC (Allocation Failure) [PSYoungGen: 419797K->99420K(465920K)] 1439046K->1189156K(1864192K), 0.0458199 secs] [Times: user=0.24 sys=0.00, real=0.04 secs] 
4151.367: [GC (Allocation Failure) [PSYoungGen: 332380K->174005K(465920K)] 1422116K->1295962K(1864192K), 0.0427038 secs] [Times: user=0.20 sys=0.00, real=0.04 secs] 
4151.524: [GC (Allocation Failure) [PSYoungGen: 406965K->185558K(465920K)] 1528922K->1361951K(1864192K), 0.0453366 secs] [Times: user=0.21 sys=0.00, real=0.04 secs] 
4151.711: [GC (Allocation Failure) [PSYoungGen: 418518K->185335K(465920K)] 1594911K->1426208K(1864192K), 0.0563475 secs] [Times: user=0.28 sys=0.00, real=0.06 secs] 
4152.655: [GC (Allocation Failure) [PSYoungGen: 414005K->189331K(465920K)] 1654879K->1489196K(1864192K), 0.0547602 secs] [Times: user=0.27 sys=0.00, real=0.05 secs] 
4153.375: [GC (Allocation Failure) [PSYoungGen: 422291K->98971K(465920K)] 1722156K->1463393K(1864192K), 0.1206241 secs] [Times: user=0.66 sys=0.01, real=0.12 secs] 
4153.495: [Full GC (Ergonomics) [PSYoungGen: 98971K->0K(465920K)] [ParOldGen: 1364421K->116637K(1398272K)] 1463393K->116637K(1864192K), [Metaspace: 60382K->60382K(1105920K)], 0.1733301 secs] [Times: user=0.77 sys=0.00, real=0.17 secs] 
4154.312: [GC (Allocation Failure) [PSYoungGen: 232960K->180790K(465920K)] 349597K->297427K(1864192K), 0.0319697 secs] [Times: user=0.12 sys=0.00, real=0.04 secs] 
4154.473: [GC (Allocation Failure) [PSYoungGen: 413750K->185654K(465920K)] 530387K->358639K(1864192K), 0.0413624 secs] [Times: user=0.18 sys=0.00, real=0.04 secs] 
4154.627: [GC (Allocation Failure) [PSYoungGen: 418614K->187445K(465920K)] 591599K->416822K(1864192K), 0.0446141 secs] [Times: user=0.21 sys=0.00, real=0.04 secs] 
4155.718: [GC (Allocation Failure) [PSYoungGen: 420405K->100444K(465920K)] 649782K->400325K(1864192K), 0.0451110 secs] [Times: user=0.19 sys=0.00, real=0.05 secs] 
4156.314: [GC (Allocation Failure) [PSYoungGen: 333404K->170772K(465920K)] 633285K->503674K(1864192K), 0.0466616 secs] [Times: user=0.22 sys=0.00, real=0.04 secs] 
4156.508: [GC (Allocation Failure) [PSYoungGen: 403732K->184918K(465920K)] 736634K->571387K(1864192K), 0.0591058 secs] [Times: user=0.28 sys=0.00, real=0.06 secs] 
4156.738: [GC (Allocation Failure) [PSYoungGen: 417878K->185559K(465920K)] 804347K->636564K(1864192K), 0.0698577 secs] [Times: user=0.34 sys=0.00, real=0.07 secs] 
4157.978: [GC (Allocation Failure) [PSYoungGen: 416417K->208307K(465920K)] 867423K->718344K(1864192K), 0.0571973 secs] [Times: user=0.29 sys=0.00, real=0.06 secs] 
4158.550: [GC (Allocation Failure) [PSYoungGen: 441267K->102652K(465920K)] 951304K->678121K(1864192K), 0.0614113 secs] [Times: user=0.32 sys=0.00, real=0.06 secs] 
4159.135: [GC (Allocation Failure) [PSYoungGen: 334703K->179829K(465920K)] 910173K->787704K(1864192K), 0.0455550 secs] [Times: user=0.20 sys=0.00, real=0.04 secs] 
4159.301: [GC (Allocation Failure) [PSYoungGen: 412789K->185654K(465920K)] 1020664K->849892K(1864192K), 0.0435799 secs] [Times: user=0.19 sys=0.00, real=0.05 secs] 
4159.453: [GC (Allocation Failure) [PSYoungGen: 418614K->187701K(465920K)] 1082852K->908203K(1864192K), 0.0456681 secs] [Times: user=0.22 sys=0.00, real=0.04 secs] 
4160.558: [GC (Allocation Failure) [PSYoungGen: 420661K->96875K(465920K)] 1141163K->888010K(1864192K), 0.0508919 secs] [Times: user=0.27 sys=0.00, real=0.05 secs] 
4161.685: [GC (Allocation Failure) [PSYoungGen: 329835K->170548K(465920K)] 1120970K->992680K(1864192K), 0.0678566 secs] [Times: user=0.33 sys=0.00, real=0.07 secs] 
4161.912: [GC (Allocation Failure) [PSYoungGen: 403508K->185590K(465920K)] 1225640K->1061541K(1864192K), 0.0425846 secs] [Times: user=0.19 sys=0.00, real=0.05 secs] 
4162.074: [GC (Allocation Failure) [PSYoungGen: 418550K->186263K(465920K)] 1294501K->1126742K(1864192K), 0.0502331 secs] [Times: user=0.23 sys=0.00, real=0.05 secs] 
4162.999: [GC (Allocation Failure) [PSYoungGen: 419223K->214209K(465920K)] 1359702K->1213800K(1864192K), 0.0487183 secs] [Times: user=0.24 sys=0.00, real=0.05 secs] 
4163.909: [GC (Allocation Failure) [PSYoungGen: 447169K->105644K(465920K)] 1446760K->1170508K(1864192K), 0.0784493 secs] [Times: user=0.42 sys=0.00, real=0.08 secs] 
4164.220: [GC (Allocation Failure) [PSYoungGen: 336488K->177301K(465920K)] 1401352K->1275845K(1864192K), 0.0354453 secs] [Times: user=0.14 sys=0.00, real=0.04 secs] 
4164.370: [GC (Allocation Failure) [PSYoungGen: 410261K->185302K(465920K)] 1508805K->1339162K(1864192K), 0.0451170 secs] [Times: user=0.20 sys=0.00, real=0.05 secs] 
4164.524: [GC (Allocation Failure) [PSYoungGen: 418262K->184693K(465920K)] 1572122K->1394689K(1864192K), 0.0473635 secs] [Times: user=0.22 sys=0.00, real=0.04 secs] 
4165.626: [GC (Allocation Failure) [PSYoungGen: 417653K->105532K(465920K)] 1627649K->1385229K(1864192K), 0.0472209 secs] [Times: user=0.24 sys=0.01, real=0.05 secs] 
4166.360: [GC (Allocation Failure) [PSYoungGen: 338492K->168884K(465920K)] 1618189K->1482161K(1864192K), 0.0627176 secs] [Times: user=0.29 sys=0.00, real=0.06 secs] 
4166.422: [Full GC (Ergonomics) [PSYoungGen: 168884K->0K(465920K)] [ParOldGen: 1313277K->194510K(1398272K)] 1482161K->194510K(1864192K), [Metaspace: 60382K->60382K(1105920K)], 0.2095001 secs] [Times: user=0.98 sys=0.00, real=0.21 secs] 
4166.751: [GC (Allocation Failure) [PSYoungGen: 232960K->185366K(465920K)] 427470K->379876K(1864192K), 0.0324139 secs] [Times: user=0.13 sys=0.00, real=0.04 secs] 
4166.900: [GC (Allocation Failure) [PSYoungGen: 418326K->182838K(465920K)] 612836K->441701K(1864192K), 0.0438216 secs] [Times: user=0.20 sys=0.00, real=0.05 secs] 
4167.917: [GC (Allocation Failure) [PSYoungGen: 415798K->171475K(465920K)] 674661K->488169K(1864192K), 0.0550512 secs] [Times: user=0.28 sys=0.00, real=0.05 secs] 
4169.268: [GC (Allocation Failure) [PSYoungGen: 404435K->105948K(465920K)] 721129K->488198K(1864192K), 0.0884225 secs] [Times: user=0.47 sys=0.00, real=0.09 secs] 
4169.696: [GC (Allocation Failure) [PSYoungGen: 334302K->177365K(465920K)] 716553K->593784K(1864192K), 0.0371496 secs] [Times: user=0.15 sys=0.00, real=0.04 secs] 
4169.849: [GC (Allocation Failure) [PSYoungGen: 410325K->185686K(465920K)] 826744K->657265K(1864192K), 0.0431518 secs] [Times: user=0.20 sys=0.00, real=0.04 secs] 
4170.035: [GC (Allocation Failure) [PSYoungGen: 418646K->187701K(465920K)] 890225K->715664K(1864192K), 0.0625264 secs] [Times: user=0.31 sys=0.00, real=0.06 secs] 
4171.182: [GC (GCLocker Initiated GC) [PSYoungGen: 420661K->97931K(465920K)] 948627K->696634K(1864192K), 0.0489280 secs] [Times: user=0.26 sys=0.00, real=0.05 secs] 
4171.839: [GC (Allocation Failure) [PSYoungGen: 330891K->171828K(465920K)] 929760K->802686K(1864192K), 0.0601254 secs] [Times: user=0.28 sys=0.01, real=0.06 secs] 
4172.043: [GC (Allocation Failure) [PSYoungGen: 404788K->182517K(465920K)] 1035646K->867203K(1864192K), 0.0428023 secs] [Times: user=0.20 sys=0.00, real=0.04 secs] 
4172.203: [GC (Allocation Failure) [PSYoungGen: 415477K->185335K(465920K)] 1100163K->933580K(1864192K), 0.0500448 secs] [Times: user=0.23 sys=0.00, real=0.05 secs] 
4173.239: [GC (Allocation Failure) [PSYoungGen: 418295K->171539K(465920K)] 1166540K->978513K(1864192K), 0.0583290 secs] [Times: user=0.29 sys=0.00, real=0.06 secs] 
4173.770: [GC (Allocation Failure) [PSYoungGen: 404499K->110381K(465920K)] 1211473K->982987K(1864192K), 0.0750277 secs] [Times: user=0.40 sys=0.00, real=0.08 secs] 
4174.070: [GC (Allocation Failure) [PSYoungGen: 343341K->180373K(465920K)] 1215947K->1088240K(1864192K), 0.0411942 secs] [Times: user=0.19 sys=0.00, real=0.04 secs] 
4174.225: [GC (Allocation Failure) [PSYoungGen: 413333K->181078K(465920K)] 1321200K->1151749K(1864192K), 0.0502895 secs] [Times: user=0.23 sys=0.00, real=0.05 secs] 
4174.422: [GC (Allocation Failure) [PSYoungGen: 414038K->184565K(465920K)] 1384709K->1212675K(1864192K), 0.0792430 secs] [Times: user=0.40 sys=0.00, real=0.08 secs] 
4175.644: [GC (Allocation Failure) [PSYoungGen: 417525K->100476K(465920K)] 1445635K->1198202K(1864192K), 0.0579929 secs] [Times: user=0.32 sys=0.00, real=0.05 secs] 
4176.277: [GC (Allocation Failure) [PSYoungGen: 333436K->176309K(465920K)] 1431162K->1306112K(1864192K), 0.0701512 secs] [Times: user=0.32 sys=0.00, real=0.07 secs] 
4176.481: [GC (Allocation Failure) [PSYoungGen: 409269K->182901K(465920K)] 1539072K->1367941K(1864192K), 0.0436681 secs] [Times: user=0.20 sys=0.00, real=0.05 secs] 
4176.636: [GC (Allocation Failure) [PSYoungGen: 406693K->175894K(465920K)] 1591733K->1424845K(1864192K), 0.0490971 secs] [Times: user=0.23 sys=0.00, real=0.05 secs] 
4177.602: [GC (Allocation Failure) [PSYoungGen: 404330K->206451K(465920K)] 1653281K->1511282K(1864192K), 0.0559421 secs] [Times: user=0.28 sys=0.01, real=0.06 secs] 
4178.565: [GC (Allocation Failure) [PSYoungGen: 439411K->104780K(465920K)] 1744242K->1474456K(1864192K), 0.1030811 secs] [Times: user=0.56 sys=0.00, real=0.10 secs] 
4178.668: [Full GC (Ergonomics) [PSYoungGen: 104780K->0K(465920K)] [ParOldGen: 1369675K->122499K(1398272K)] 1474456K->122499K(1864192K), [Metaspace: 60382K->60382K(1105920K)], 0.1770602 secs] [Times: user=0.78 sys=0.00, real=0.18 secs] 
4179.013: [GC (Allocation Failure) [PSYoungGen: 227971K->177909K(465920K)] 350471K->300409K(1864192K), 0.0244273 secs] [Times: user=0.08 sys=0.00, real=0.02 secs] 
4179.151: [GC (Allocation Failure) [PSYoungGen: 410869K->182453K(465920K)] 533369K->360337K(1864192K), 0.0412363 secs] [Times: user=0.18 sys=0.00, real=0.04 secs] 
4179.304: [GC (Allocation Failure) [PSYoungGen: 415413K->187573K(465920K)] 593297K->420848K(1864192K), 0.0444559 secs] [Times: user=0.21 sys=0.00, real=0.04 secs] 
4180.433: [GC (Allocation Failure) [PSYoungGen: 420408K->99068K(465920K)] 653684K->403063K(1864192K), 0.0452712 secs] [Times: user=0.23 sys=0.00, real=0.04 secs] 
4180.820: [GC (Allocation Failure) [PSYoungGen: 332028K->174389K(465920K)] 636023K->510377K(1864192K), 0.0409237 secs] [Times: user=0.19 sys=0.00, real=0.04 secs] 
4181.000: [GC (Allocation Failure) [PSYoungGen: 407349K->185718K(465920K)] 743337K->576042K(1864192K), 0.0489881 secs] [Times: user=0.23 sys=0.00, real=0.05 secs] 
4181.184: [GC (Allocation Failure) [PSYoungGen: 416370K->183254K(465920K)] 806694K->638179K(1864192K), 0.0507467 secs] [Times: user=0.24 sys=0.00, real=0.05 secs] 
4182.501: [GC (Allocation Failure) [PSYoungGen: 412720K->187475K(465920K)] 867644K->700471K(1864192K), 0.0503040 secs] [Times: user=0.24 sys=0.01, real=0.05 secs] 
4183.621: [GC (Allocation Failure) [PSYoungGen: 420435K->100556K(465920K)] 933431K->678056K(1864192K), 0.0929078 secs] [Times: user=0.50 sys=0.00, real=0.10 secs] 
4184.090: [GC (Allocation Failure) [PSYoungGen: 333516K->181526K(465920K)] 911016K->791299K(1864192K), 0.0449105 secs] [Times: user=0.19 sys=0.00, real=0.05 secs] 
4184.320: [GC (Allocation Failure) [PSYoungGen: 414486K->185526K(465920K)] 1024259K->851763K(1864192K), 0.0627257 secs] [Times: user=0.30 sys=0.00, real=0.06 secs] 
4184.506: [GC (Allocation Failure) [PSYoungGen: 418486K->187573K(465920K)] 1084723K->910194K(1864192K), 0.0457504 secs] [Times: user=0.21 sys=0.00, real=0.04 secs] 
4185.822: [GC (Allocation Failure) [PSYoungGen: 420533K->97531K(465920K)] 1143154K->890649K(1864192K), 0.0854093 secs] [Times: user=0.46 sys=0.00, real=0.09 secs] 
4186.584: [GC (GCLocker Initiated GC) [PSYoungGen: 330491K->173045K(465920K)] 1123609K->997835K(1864192K), 0.0544809 secs] [Times: user=0.26 sys=0.00, real=0.05 secs] 
4186.766: [GC (Allocation Failure) [PSYoungGen: 406005K->193782K(465920K)] 1230798K->1072675K(1864192K), 0.0432849 secs] [Times: user=0.20 sys=0.00, real=0.04 secs] 
4186.966: [GC (Allocation Failure) [PSYoungGen: 426742K->183158K(465920K)] 1305635K->1126660K(1864192K), 0.0792325 secs] [Times: user=0.39 sys=0.01, real=0.08 secs] 
4187.943: [GC (Allocation Failure) [PSYoungGen: 413009K->207507K(465920K)] 1356510K->1209152K(1864192K), 0.0541869 secs] [Times: user=0.27 sys=0.00, real=0.05 secs] 
4188.510: [GC (Allocation Failure) [PSYoungGen: 440467K->105084K(465920K)] 1442112K->1171849K(1864192K), 0.0685430 secs] [Times: user=0.36 sys=0.00, real=0.07 secs] 
4188.810: [GC (Allocation Failure) [PSYoungGen: 332212K->177365K(465920K)] 1398977K->1277519K(1864192K), 0.0451950 secs] [Times: user=0.20 sys=0.00, real=0.05 secs] 
4189.017: [GC (Allocation Failure) [PSYoungGen: 410325K->185750K(465920K)] 1510479K->1341236K(1864192K), 0.0489800 secs] [Times: user=0.23 sys=0.00, real=0.05 secs] 
4189.193: [GC (Allocation Failure) [PSYoungGen: 418710K->187477K(465920K)] 1574196K->1399331K(1864192K), 0.0460881 secs] [Times: user=0.21 sys=0.00, real=0.05 secs] 
4190.544: [GC (Allocation Failure) [PSYoungGen: 420437K->96283K(465920K)] 1632291K->1378865K(1864192K), 0.0735290 secs] [Times: user=0.40 sys=0.00, real=0.07 secs] 
4191.456: [GC (Allocation Failure) [PSYoungGen: 329129K->170644K(465920K)] 1611711K->1483903K(1864192K), 0.0600429 secs] [Times: user=0.28 sys=0.00, real=0.06 secs] 
4191.517: [Full GC (Ergonomics) [PSYoungGen: 170644K->0K(465920K)] [ParOldGen: 1313259K->194998K(1398272K)] 1483903K->194998K(1864192K), [Metaspace: 60382K->60382K(1105920K)], 0.1985825 secs] [Times: user=0.92 sys=0.00, real=0.20 secs] 
4191.835: [GC (Allocation Failure) [PSYoungGen: 232960K->185270K(465920K)] 427958K->380268K(1864192K), 0.0325164 secs] [Times: user=0.13 sys=0.00, real=0.03 secs] 
4192.018: [GC (Allocation Failure) [PSYoungGen: 418230K->185687K(465920K)] 613228K->445069K(1864192K), 0.0520291 secs] [Times: user=0.24 sys=0.00, real=0.05 secs] 
4192.987: [GC (Allocation Failure) [PSYoungGen: 418647K->171859K(465920K)] 678029K->490137K(1864192K), 0.0570610 secs] [Times: user=0.29 sys=0.00, real=0.06 secs] 
4194.122: [GC (Allocation Failure) [PSYoungGen: 404819K->107020K(465920K)] 723097K->490810K(1864192K), 0.0731168 secs] [Times: user=0.38 sys=0.00, real=0.08 secs] 
4194.472: [GC (Allocation Failure) [PSYoungGen: 337062K->176469K(465920K)] 720852K->594320K(1864192K), 0.0346467 secs] [Times: user=0.15 sys=0.00, real=0.04 secs] 
4194.655: [GC (Allocation Failure) [PSYoungGen: 409358K->184950K(465920K)] 827209K->657585K(1864192K), 0.0620156 secs] [Times: user=0.30 sys=0.00, real=0.06 secs] 
4194.891: [GC (Allocation Failure) [PSYoungGen: 417910K->184917K(465920K)] 890545K->713472K(1864192K), 0.0603446 secs] [Times: user=0.29 sys=0.00, real=0.06 secs] 
4195.945: [GC (Allocation Failure) [PSYoungGen: 417877K->104844K(465920K)] 946432K->703279K(1864192K), 0.0447116 secs] [Times: user=0.23 sys=0.00, real=0.04 secs] 
4196.735: [GC (Allocation Failure) [PSYoungGen: 337804K->169076K(465920K)] 936239K->801455K(1864192K), 0.0898754 secs] [Times: user=0.42 sys=0.00, real=0.09 secs] 
4197.027: [GC (Allocation Failure) [PSYoungGen: 402036K->181205K(465920K)] 1034415K->866272K(1864192K), 0.0424307 secs] [Times: user=0.19 sys=0.00, real=0.04 secs] 
4197.245: [GC (Allocation Failure) [PSYoungGen: 414165K->185943K(465920K)] 1099232K->934434K(1864192K), 0.0755228 secs] [Times: user=0.38 sys=0.00, real=0.07 secs] 
4198.274: [GC (Allocation Failure) [PSYoungGen: 418903K->215857K(465920K)] 1167394K->1023357K(1864192K), 0.0494450 secs] [Times: user=0.24 sys=0.00, real=0.05 secs] 
4199.420: [GC (Allocation Failure) [PSYoungGen: 448817K->102988K(465920K)] 1256317K->976239K(1864192K), 0.1090694 secs] [Times: user=0.59 sys=0.00, real=0.11 secs] 
4200.049: [GC (Allocation Failure) [PSYoungGen: 334677K->179829K(465920K)] 1207928K->1086306K(1864192K), 0.0470914 secs] [Times: user=0.21 sys=0.00, real=0.05 secs] 
4200.222: [GC (Allocation Failure) [PSYoungGen: 412789K->185750K(465920K)] 1319266K->1148218K(1864192K), 0.0447232 secs] [Times: user=0.21 sys=0.00, real=0.05 secs] 
4200.418: [GC (Allocation Failure) [PSYoungGen: 418710K->204085K(465920K)] 1381178K->1222905K(1864192K), 0.0632538 secs] [Times: user=0.31 sys=0.00, real=0.06 secs] 
4201.574: [GC (Allocation Failure) [PSYoungGen: 437045K->97851K(465920K)] 1455865K->1187376K(1864192K), 0.0450232 secs] [Times: user=0.23 sys=0.00, real=0.04 secs] 
4202.469: [GC (Allocation Failure) [PSYoungGen: 330811K->171668K(465920K)] 1420336K->1293130K(1864192K), 0.0706395 secs] [Times: user=0.34 sys=0.00, real=0.07 secs] 
4202.743: [GC (Allocation Failure) [PSYoungGen: 404628K->185750K(465920K)] 1526090K->1360859K(1864192K), 0.0496056 secs] [Times: user=0.23 sys=0.00, real=0.05 secs] 
4202.927: [GC (Allocation Failure) [PSYoungGen: 418710K->183414K(465920K)] 1593819K->1423164K(1864192K), 0.0561512 secs] [Times: user=0.27 sys=0.00, real=0.05 secs] 
4203.918: [GC (Allocation Failure) [PSYoungGen: 416374K->169491K(465920K)] 1656124K->1467504K(1864192K), 0.0565124 secs] [Times: user=0.29 sys=0.00, real=0.06 secs] 
4204.982: [GC (Allocation Failure) [PSYoungGen: 402451K->104300K(465920K)] 1700464K->1467033K(1864192K), 0.1083510 secs] [Times: user=0.59 sys=0.00, real=0.11 secs] 
4205.090: [Full GC (Ergonomics) [PSYoungGen: 104300K->0K(465920K)] [ParOldGen: 1362733K->121440K(1398272K)] 1467033K->121440K(1864192K), [Metaspace: 60382K->60382K(1105920K)], 0.1868399 secs] [Times: user=0.82 sys=0.00, real=0.19 secs] 
4205.720: [GC (Allocation Failure) [PSYoungGen: 232773K->178037K(465920K)] 354214K->299478K(1864192K), 0.0300079 secs] [Times: user=0.11 sys=0.00, real=0.03 secs] 
4205.911: [GC (Allocation Failure) [PSYoungGen: 410997K->185782K(465920K)] 532438K->362351K(1864192K), 0.0455895 secs] [Times: user=0.21 sys=0.00, real=0.05 secs] 
4206.303: [GC (Allocation Failure) [PSYoungGen: 418742K->184212K(465920K)] 595311K->416941K(1864192K), 0.0696790 secs] [Times: user=0.34 sys=0.00, real=0.06 secs] 
4207.757: [GC (Allocation Failure) [PSYoungGen: 417172K->98732K(465920K)] 649901K->400989K(1864192K), 0.0585131 secs] [Times: user=0.31 sys=0.01, real=0.06 secs] 
4208.972: [GC (Allocation Failure) [PSYoungGen: 331692K->170196K(465920K)] 633949K->504018K(1864192K), 0.0680098 secs] [Times: user=0.33 sys=0.00, real=0.07 secs] 
4209.193: [GC (Allocation Failure) [PSYoungGen: 403156K->185654K(465920K)] 736978K->572812K(1864192K), 0.0421714 secs] [Times: user=0.19 sys=0.00, real=0.04 secs] 
4209.349: [GC (Allocation Failure) [PSYoungGen: 418614K->183734K(465920K)] 805772K->635284K(1864192K), 0.0492579 secs] [Times: user=0.23 sys=0.00, real=0.05 secs] 
4210.241: [GC (Allocation Failure) [PSYoungGen: 413274K->209811K(465920K)] 864824K->719417K(1864192K), 0.0538999 secs] [Times: user=0.26 sys=0.00, real=0.06 secs] 
4210.910: [GC (Allocation Failure) [PSYoungGen: 442771K->103260K(465920K)] 952377K->678890K(1864192K), 0.0992499 secs] [Times: user=0.53 sys=0.00, real=0.10 secs] 
4211.289: [GC (Allocation Failure) [PSYoungGen: 332870K->179221K(465920K)] 908500K->787839K(1864192K), 0.0347659 secs] [Times: user=0.14 sys=0.00, real=0.04 secs] 
4211.474: [GC (Allocation Failure) [PSYoungGen: 412181K->185046K(465920K)] 1020799K->849568K(1864192K), 0.0517737 secs] [Times: user=0.24 sys=0.00, real=0.05 secs] 
4211.653: [GC (Allocation Failure) [PSYoungGen: 418006K->187637K(465920K)] 1082528K->908411K(1864192K), 0.0454834 secs] [Times: user=0.21 sys=0.00, real=0.04 secs] 
4212.745: [GC (Allocation Failure) [PSYoungGen: 420597K->98251K(465920K)] 1141371K->889686K(1864192K), 0.0455675 secs] [Times: user=0.23 sys=0.00, real=0.04 secs] 
4213.730: [GC (Allocation Failure) [PSYoungGen: 331211K->170964K(465920K)] 1122646K->993835K(1864192K), 0.0681183 secs] [Times: user=0.32 sys=0.00, real=0.07 secs] 
4213.952: [GC (Allocation Failure) [PSYoungGen: 403924K->182485K(465920K)] 1226795K->1059008K(1864192K), 0.0426333 secs] [Times: user=0.18 sys=0.00, real=0.05 secs] 
4214.112: [GC (Allocation Failure) [PSYoungGen: 415445K->186103K(465920K)] 1291968K->1126226K(1864192K), 0.0498623 secs] [Times: user=0.24 sys=0.00, real=0.05 secs] 
4215.009: [GC (Allocation Failure) [PSYoungGen: 415255K->209075K(465920K)] 1355379K->1208382K(1864192K), 0.0559296 secs] [Times: user=0.29 sys=0.00, real=0.06 secs] 
4216.238: [GC (Allocation Failure) [PSYoungGen: 442035K->96491K(465920K)] 1441342K->1161478K(1864192K), 0.0793333 secs] [Times: user=0.43 sys=0.00, real=0.08 secs] 
4217.178: [GC (Allocation Failure) [PSYoungGen: 329451K->183254K(465920K)] 1394438K->1279449K(1864192K), 0.0469773 secs] [Times: user=0.19 sys=0.00, real=0.05 secs] 
4217.401: [GC (Allocation Failure) [PSYoungGen: 416214K->185302K(465920K)] 1512409K->1338505K(1864192K), 0.0631723 secs] [Times: user=0.31 sys=0.00, real=0.07 secs] 
4217.588: [GC (Allocation Failure) [PSYoungGen: 418262K->187573K(465920K)] 1571465K->1396784K(1864192K), 0.0462823 secs] [Times: user=0.21 sys=0.01, real=0.05 secs] 
4218.760: [GC (Allocation Failure) [PSYoungGen: 420533K->100556K(465920K)] 1629744K->1380375K(1864192K), 0.0451315 secs] [Times: user=0.23 sys=0.00, real=0.05 secs] 
4219.369: [GC (GCLocker Initiated GC) [PSYoungGen: 333516K->167092K(465920K)] 1613336K->1479828K(1864192K), 0.1039918 secs] [Times: user=0.52 sys=0.01, real=0.11 secs] 
4219.473: [Full GC (Ergonomics) [PSYoungGen: 167092K->0K(465920K)] [ParOldGen: 1312736K->191497K(1398272K)] 1479828K->191497K(1864192K), [Metaspace: 60382K->60382K(1105920K)], 0.2419164 secs] [Times: user=1.17 sys=0.00, real=0.24 secs] 
4219.831: [GC (Allocation Failure) [PSYoungGen: 232960K->185302K(465920K)] 424624K->376966K(1864192K), 0.0339359 secs] [Times: user=0.14 sys=0.00, real=0.04 secs] 
4219.980: [GC (Allocation Failure) [PSYoungGen: 418262K->185847K(465920K)] 609926K->441959K(1864192K), 0.0438291 secs] [Times: user=0.20 sys=0.00, real=0.05 secs] 
4220.864: [GC (Allocation Failure) [PSYoungGen: 415634K->210835K(465920K)] 671746K->525883K(1864192K), 0.0554438 secs] [Times: user=0.27 sys=0.00, real=0.05 secs] 
4221.800: [GC (Allocation Failure) [PSYoungGen: 443795K->101228K(465920K)] 758843K->482644K(1864192K), 0.1069723 secs] [Times: user=0.58 sys=0.00, real=0.11 secs] 
4222.134: [GC (Allocation Failure) [PSYoungGen: 334188K->181302K(465920K)] 715604K->595367K(1864192K), 0.0346499 secs] [Times: user=0.14 sys=0.00, real=0.03 secs] 
4222.284: [GC (Allocation Failure) [PSYoungGen: 414262K->185302K(465920K)] 828327K->655831K(1864192K), 0.0433274 secs] [Times: user=0.19 sys=0.00, real=0.04 secs] 
4222.444: [GC (Allocation Failure) [PSYoungGen: 418262K->187349K(465920K)] 888791K->714150K(1864192K), 0.0451616 secs] [Times: user=0.21 sys=0.00, real=0.04 secs] 
4223.578: [GC (Allocation Failure) [PSYoungGen: 420309K->100524K(465920K)] 947110K->697853K(1864192K), 0.0441441 secs] [Times: user=0.23 sys=0.00, real=0.04 secs] 
4224.877: [GC (Allocation Failure) [PSYoungGen: 333484K->166772K(465920K)] 930813K->796266K(1864192K), 0.0716856 secs] [Times: user=0.35 sys=0.00, real=0.07 secs] 
4225.109: [GC (Allocation Failure) [PSYoungGen: 399732K->185526K(465920K)] 1029226K->867676K(1864192K), 0.0426140 secs] [Times: user=0.19 sys=0.00, real=0.04 secs] 
4225.269: [GC (Allocation Failure) [PSYoungGen: 418486K->186135K(465920K)] 1100636K->932661K(1864192K), 0.0504470 secs] [Times: user=0.24 sys=0.00, real=0.05 secs] 
4226.246: [GC (Allocation Failure) [PSYoungGen: 419095K->171027K(465920K)] 1165621K->976689K(1864192K), 0.0567105 secs] [Times: user=0.28 sys=0.01, real=0.06 secs] 
4226.914: [GC (Allocation Failure) [PSYoungGen: 403987K->109453K(465920K)] 1209649K->980323K(1864192K), 0.0766064 secs] [Times: user=0.41 sys=0.00, real=0.07 secs] 
4227.167: [GC (Allocation Failure) [PSYoungGen: 342413K->180501K(465920K)] 1213283K->1086848K(1864192K), 0.0369294 secs] [Times: user=0.16 sys=0.00, real=0.04 secs] 
4227.344: [GC (Allocation Failure) [PSYoungGen: 413461K->182198K(465920K)] 1319808K->1151473K(1864192K), 0.0551194 secs] [Times: user=0.26 sys=0.00, real=0.05 secs] 
4227.560: [GC (Allocation Failure) [PSYoungGen: 415158K->187381K(465920K)] 1384433K->1214856K(1864192K), 0.0821783 secs] [Times: user=0.43 sys=0.00, real=0.08 secs] 
4228.902: [GC (Allocation Failure) [PSYoungGen: 420341K->95099K(465920K)] 1447816K->1193358K(1864192K), 0.0692442 secs] [Times: user=0.38 sys=0.00, real=0.07 secs] 
4229.588: [GC (Allocation Failure) [PSYoungGen: 328059K->170580K(465920K)] 1426318K->1299268K(1864192K), 0.0557516 secs] [Times: user=0.26 sys=0.00, real=0.06 secs] 
4229.788: [GC (Allocation Failure) [PSYoungGen: 403540K->185686K(465920K)] 1532228K->1368290K(1864192K), 0.0442945 secs] [Times: user=0.20 sys=0.00, real=0.04 secs] 
4229.993: [GC (Allocation Failure) [PSYoungGen: 417053K->181430K(465920K)] 1599657K->1428642K(1864192K), 0.0769023 secs] [Times: user=0.38 sys=0.00, real=0.07 secs] 
4231.071: [GC (Allocation Failure) [PSYoungGen: 414390K->169555K(465920K)] 1661602K->1474343K(1864192K), 0.0582344 secs] [Times: user=0.30 sys=0.00, real=0.06 secs] 
4232.488: [GC (Allocation Failure) [PSYoungGen: 402515K->107980K(465920K)] 1707303K->1477553K(1864192K), 0.1163183 secs] [Times: user=0.64 sys=0.00, real=0.12 secs] 
4232.604: [Full GC (Ergonomics) [PSYoungGen: 107980K->0K(465920K)] [ParOldGen: 1369572K->125142K(1398272K)] 1477553K->125142K(1864192K), [Metaspace: 60382K->60382K(1105920K)], 0.1925564 secs] [Times: user=0.85 sys=0.00, real=0.19 secs] 
4233.057: [GC (Allocation Failure) [PSYoungGen: 227623K->173941K(465920K)] 352765K->299083K(1864192K), 0.0240020 secs] [Times: user=0.08 sys=0.00, real=0.02 secs] 
4233.196: [GC (Allocation Failure) [PSYoungGen: 406901K->185718K(465920K)] 532043K->365220K(1864192K), 0.0414788 secs] [Times: user=0.19 sys=0.00, real=0.04 secs] 
4233.350: [GC (Allocation Failure) [PSYoungGen: 418678K->187605K(465920K)] 598180K->423403K(1864192K), 0.0452189 secs] [Times: user=0.21 sys=0.01, real=0.05 secs] 
4234.420: [GC (Allocation Failure) [PSYoungGen: 420565K->101516K(465920K)] 656363K->407994K(1864192K), 0.0443195 secs] [Times: user=0.23 sys=0.00, real=0.05 secs] 
4235.052: [GC (Allocation Failure) [PSYoungGen: 334476K->172084K(465920K)] 640954K->511327K(1864192K), 0.0391517 secs] [Times: user=0.17 sys=0.00, real=0.04 secs] 
4235.221: [GC (Allocation Failure) [PSYoungGen: 405044K->185110K(465920K)] 744287K->578244K(1864192K), 0.0487055 secs] [Times: user=0.23 sys=0.00, real=0.05 secs] 
4235.400: [GC (Allocation Failure) [PSYoungGen: 414725K->182326K(465920K)] 807860K->639797K(1864192K), 0.0491290 secs] [Times: user=0.23 sys=0.00, real=0.05 secs] 
4236.260: [GC (Allocation Failure) [PSYoungGen: 410592K->206099K(465920K)] 868063K->721546K(1864192K), 0.0544446 secs] [Times: user=0.27 sys=0.01, real=0.06 secs] 
4237.264: [GC (Allocation Failure) [PSYoungGen: 439059K->98011K(465920K)] 954506K->678122K(1864192K), 0.0768268 secs] [Times: user=0.41 sys=0.00, real=0.07 secs] 
4237.694: [GC (Allocation Failure) [PSYoungGen: 330971K->184118K(465920K)] 911082K->795606K(1864192K), 0.0370888 secs] [Times: user=0.13 sys=0.00, real=0.03 secs] 
4237.848: [GC (Allocation Failure) [PSYoungGen: 417078K->185910K(465920K)] 1028566K->854606K(1864192K), 0.0435041 secs] [Times: user=0.20 sys=0.00, real=0.04 secs] 
4237.999: [GC (GCLocker Initiated GC) [PSYoungGen: 418870K->183796K(465920K)] 1087569K->908847K(1864192K), 0.0450962 secs] [Times: user=0.21 sys=0.00, real=0.05 secs] 
4239.460: [GC (Allocation Failure) [PSYoungGen: 416756K->101676K(465920K)] 1141808K->896120K(1864192K), 0.0948715 secs] [Times: user=0.52 sys=0.00, real=0.10 secs] 
4240.707: [GC (Allocation Failure) [PSYoungGen: 334636K->168020K(465920K)] 1129080K->995860K(1864192K), 0.0643297 secs] [Times: user=0.31 sys=0.00, real=0.06 secs] 
4240.922: [GC (Allocation Failure) [PSYoungGen: 400980K->185558K(465920K)] 1228820K->1066070K(1864192K), 0.0417992 secs] [Times: user=0.18 sys=0.00, real=0.05 secs] 
4241.082: [GC (Allocation Failure) [PSYoungGen: 418518K->185943K(465920K)] 1299030K->1131111K(1864192K), 0.0497918 secs] [Times: user=0.23 sys=0.00, real=0.05 secs] 
4242.105: [GC (Allocation Failure) [PSYoungGen: 418903K->210057K(465920K)] 1364071K->1214330K(1864192K), 0.0512313 secs] [Times: user=0.25 sys=0.00, real=0.05 secs] 
4243.008: [GC (Allocation Failure) [PSYoungGen: 443017K->102492K(465920K)] 1447290K->1172356K(1864192K), 0.1136507 secs] [Times: user=0.61 sys=0.01, real=0.11 secs] 
4243.567: [GC (Allocation Failure) [PSYoungGen: 332014K->180726K(465920K)] 1401878K->1282955K(1864192K), 0.0457661 secs] [Times: user=0.20 sys=0.00, real=0.04 secs] 
4243.728: [GC (Allocation Failure) [PSYoungGen: 413686K->185718K(465920K)] 1515915K->1344307K(1864192K), 0.0449994 secs] [Times: user=0.20 sys=0.00, real=0.05 secs] 
4243.882: [GC (Allocation Failure) [PSYoungGen: 418678K->187477K(465920K)] 1577267K->1402354K(1864192K), 0.0470285 secs] [Times: user=0.22 sys=0.00, real=0.05 secs] 
4245.130: [GC (Allocation Failure) [PSYoungGen: 420437K->96651K(465920K)] 1635314K->1382037K(1864192K), 0.0695536 secs] [Times: user=0.38 sys=0.00, real=0.07 secs] 
4246.129: [GC (Allocation Failure) [PSYoungGen: 329611K->173045K(465920K)] 1614997K->1489275K(1864192K), 0.0580013 secs] [Times: user=0.28 sys=0.00, real=0.06 secs] 
4246.188: [Full GC (Ergonomics) [PSYoungGen: 173045K->0K(465920K)] [ParOldGen: 1316230K->197036K(1398272K)] 1489275K->197036K(1864192K), [Metaspace: 60382K->60382K(1105920K)], 0.1995835 secs] [Times: user=0.90 sys=0.00, real=0.20 secs] 
4246.530: [GC (Allocation Failure) [PSYoungGen: 232960K->182805K(465920K)] 429996K->379842K(1864192K), 0.0333792 secs] [Times: user=0.13 sys=0.00, real=0.04 secs] 
4246.711: [GC (Allocation Failure) [PSYoungGen: 415765K->185975K(465920K)] 612802K->446940K(1864192K), 0.0479988 secs] [Times: user=0.22 sys=0.00, real=0.05 secs] 
4247.589: [GC (Allocation Failure) [PSYoungGen: 415508K->207251K(465920K)] 676473K->527304K(1864192K), 0.0553746 secs] [Times: user=0.28 sys=0.00, real=0.06 secs] 
4248.661: [GC (Allocation Failure) [PSYoungGen: 440211K->104844K(465920K)] 760264K->490393K(1864192K), 0.1085011 secs] [Times: user=0.58 sys=0.01, real=0.11 secs] 
4248.979: [GC (Allocation Failure) [PSYoungGen: 337508K->178229K(465920K)] 723057K->597015K(1864192K), 0.0348013 secs] [Times: user=0.14 sys=0.00, real=0.04 secs] 
4249.130: [GC (Allocation Failure) [PSYoungGen: 411189K->185590K(465920K)] 829975K->660203K(1864192K), 0.0435394 secs] [Times: user=0.20 sys=0.00, real=0.05 secs] 
4249.285: [GC (Allocation Failure) [PSYoungGen: 418550K->187189K(465920K)] 893163K->717983K(1864192K), 0.0454031 secs] [Times: user=0.21 sys=0.00, real=0.04 secs] 
4250.406: [GC (Allocation Failure) [PSYoungGen: 420149K->99388K(465920K)] 950943K->700581K(1864192K), 0.0443012 secs] [Times: user=0.23 sys=0.00, real=0.04 secs] 
4250.955: [GC (Allocation Failure) [PSYoungGen: 332348K->175285K(465920K)] 933541K->808488K(1864192K), 0.0735385 secs] [Times: user=0.36 sys=0.00, real=0.07 secs] 
4251.225: [GC (Allocation Failure) [PSYoungGen: 408245K->182005K(465920K)] 1041448K->869944K(1864192K), 0.0483955 secs] [Times: user=0.22 sys=0.00, real=0.05 secs] 
4251.414: [GC (Allocation Failure) [PSYoungGen: 414965K->183222K(465920K)] 1102904K->934785K(1864192K), 0.0589919 secs] [Times: user=0.28 sys=0.00, real=0.05 secs] 
4252.417: [GC (Allocation Failure) [PSYoungGen: 416182K->169299K(465920K)] 1167745K->979053K(1864192K), 0.0555344 secs] [Times: user=0.28 sys=0.00, real=0.05 secs] 
4253.887: [GC (Allocation Failure) [PSYoungGen: 402259K->104076K(465920K)] 1212013K->978631K(1864192K), 0.0982451 secs] [Times: user=0.53 sys=0.00, real=0.10 secs] 
4254.435: [GC (Allocation Failure) [PSYoungGen: 330149K->178037K(465920K)] 1204704K->1086177K(1864192K), 0.0436039 secs] [Times: user=0.19 sys=0.00, real=0.04 secs] 
4254.590: [GC (Allocation Failure) [PSYoungGen: 410997K->185878K(465920K)] 1319137K->1149217K(1864192K), 0.0449556 secs] [Times: user=0.21 sys=0.00, real=0.05 secs] 
4254.744: [GC (Allocation Failure) [PSYoungGen: 418838K->187669K(465920K)] 1382177K->1207233K(1864192K), 0.0471012 secs] [Times: user=0.22 sys=0.00, real=0.04 secs] 
4256.004: [GC (Allocation Failure) [PSYoungGen: 420629K->98475K(465920K)] 1440193K->1188863K(1864192K), 0.0702083 secs] [Times: user=0.38 sys=0.00, real=0.07 secs] 
4257.173: [GC (Allocation Failure) [PSYoungGen: 331435K->171444K(465920K)] 1421823K->1293133K(1864192K), 0.0607310 secs] [Times: user=0.29 sys=0.00, real=0.06 secs] 
4257.373: [GC (Allocation Failure) [PSYoungGen: 404404K->182485K(465920K)] 1526093K->1357770K(1864192K), 0.0439199 secs] [Times: user=0.20 sys=0.00, real=0.04 secs] 
4257.535: [GC (Allocation Failure) [PSYoungGen: 415445K->185687K(465920K)] 1590730K->1424852K(1864192K), 0.0513827 secs] [Times: user=0.24 sys=0.00, real=0.05 secs] 
4258.533: [GC (Allocation Failure) [PSYoungGen: 418647K->171923K(465920K)] 1657812K->1470000K(1864192K), 0.0568571 secs] [Times: user=0.28 sys=0.01, real=0.06 secs] 
4259.110: [GC (Allocation Failure) [PSYoungGen: 404883K->107212K(465920K)] 1702960K->1470817K(1864192K), 0.0723067 secs] [Times: user=0.38 sys=0.00, real=0.07 secs] 
4259.182: [Full GC (Ergonomics) [PSYoungGen: 107212K->0K(465920K)] [ParOldGen: 1363604K->124867K(1398272K)] 1470817K->124867K(1864192K), [Metaspace: 60382K->60382K(1105920K)], 0.1438228 secs] [Times: user=0.66 sys=0.00, real=0.15 secs] 
4259.554: [GC (Allocation Failure) [PSYoungGen: 226031K->175925K(465920K)] 350898K->300792K(1864192K), 0.0269651 secs] [Times: user=0.10 sys=0.00, real=0.02 secs] 
4259.731: [GC (Allocation Failure) [PSYoungGen: 408885K->185046K(465920K)] 533754K->364823K(1864192K), 0.0570654 secs] [Times: user=0.27 sys=0.00, real=0.06 secs] 
4259.955: [GC (Allocation Failure) [PSYoungGen: 418006K->184500K(465920K)] 597783K->420238K(1864192K), 0.0617965 secs] [Times: user=0.30 sys=0.00, real=0.06 secs] 
4261.184: [GC (Allocation Failure) [PSYoungGen: 417460K->101932K(465920K)] 653198K->407253K(1864192K), 0.0540474 secs] [Times: user=0.29 sys=0.00, real=0.05 secs] 
4261.976: [GC (Allocation Failure) [PSYoungGen: 334892K->172788K(465920K)] 640213K->510882K(1864192K), 0.0628696 secs] [Times: user=0.30 sys=0.00, real=0.06 secs] 
4262.186: [GC (Allocation Failure) [PSYoungGen: 405748K->185174K(465920K)] 743842K->577588K(1864192K), 0.0425305 secs] [Times: user=0.19 sys=0.00, real=0.04 secs] 
4262.383: [GC (Allocation Failure) [PSYoungGen: 418134K->183254K(465920K)] 810548K->639940K(1864192K), 0.0708303 secs] [Times: user=0.35 sys=0.00, real=0.07 secs] 
4263.459: [GC (Allocation Failure) [PSYoungGen: 416214K->170515K(465920K)] 872900K->685313K(1864192K), 0.0595018 secs] [Times: user=0.29 sys=0.00, real=0.06 secs] 
4264.534: [GC (Allocation Failure) [PSYoungGen: 403475K->106764K(465920K)] 918273K->686730K(1864192K), 0.1102437 secs] [Times: user=0.59 sys=0.01, real=0.11 secs] 
4265.170: [GC (Allocation Failure) [PSYoungGen: 339724K->175349K(465920K)] 919690K->789616K(1864192K), 0.0464067 secs] [Times: user=0.20 sys=0.00, real=0.05 secs] 
4265.341: [GC (Allocation Failure) [PSYoungGen: 408309K->185622K(465920K)] 1022576K->854665K(1864192K), 0.0431491 secs] [Times: user=0.19 sys=0.00, real=0.05 secs] 
4265.497: [GC (Allocation Failure) [PSYoungGen: 418582K->187157K(465920K)] 1087625K->912296K(1864192K), 0.0455340 secs] [Times: user=0.22 sys=0.00, real=0.04 secs] 
4266.543: [GC (Allocation Failure) [PSYoungGen: 420117K->105900K(465920K)] 1145256K->901628K(1864192K), 0.0453200 secs] [Times: user=0.23 sys=0.00, real=0.04 secs] 
4267.127: [GC (Allocation Failure) [PSYoungGen: 338860K->172980K(465920K)] 1134588K->1002944K(1864192K), 0.0540890 secs] [Times: user=0.25 sys=0.01, real=0.05 secs] 
4267.302: [GC (Allocation Failure) [PSYoungGen: 405940K->182005K(465920K)] 1235904K->1066005K(1864192K), 0.0420499 secs] [Times: user=0.19 sys=0.00, real=0.05 secs] 
4267.459: [GC (Allocation Failure) [PSYoungGen: 410224K->180726K(465920K)] 1294224K->1128374K(1864192K), 0.0486279 secs] [Times: user=0.23 sys=0.00, real=0.05 secs] 
4268.443: [GC (Allocation Failure) [PSYoungGen: 413686K->168851K(401920K)] 1361334K->1173923K(1800192K), 0.0578981 secs] [Times: user=0.24 sys=0.00, real=0.06 secs] 
4269.033: [GC (Allocation Failure) [PSYoungGen: 401811K->112237K(461824K)] 1406883K->1181877K(1860096K), 0.0595622 secs] [Times: user=0.31 sys=0.00, real=0.06 secs] 
4269.257: [GC (Allocation Failure) [PSYoungGen: 343149K->179061K(463872K)] 1412789K->1284950K(1862144K), 0.0369076 secs] [Times: user=0.16 sys=0.00, real=0.04 secs] 
4269.408: [GC (Allocation Failure) [PSYoungGen: 409926K->183862K(465920K)] 1515815K->1352208K(1864192K), 0.0495535 secs] [Times: user=0.23 sys=0.00, real=0.05 secs] 
4269.593: [GC (Allocation Failure) [PSYoungGen: 416822K->184757K(465920K)] 1585168K->1411438K(1864192K), 0.0740660 secs] [Times: user=0.38 sys=0.00, real=0.07 secs] 
4271.034: [GC (Allocation Failure) [PSYoungGen: 417717K->95131K(465920K)] 1644398K->1391448K(1864192K), 0.0787802 secs] [Times: user=0.43 sys=0.01, real=0.07 secs] 
4271.789: [GC (Allocation Failure) [PSYoungGen: 328091K->176629K(465920K)] 1624408K->1503871K(1864192K), 0.0552592 secs] [Times: user=0.26 sys=0.01, real=0.06 secs] 
4271.845: [Full GC (Ergonomics) [PSYoungGen: 176629K->0K(465920K)] [ParOldGen: 1327242K->203394K(1398272K)] 1503871K->203394K(1864192K), [Metaspace: 60382K->60382K(1105920K)], 0.2176436 secs] [Times: user=1.00 sys=0.00, real=0.21 secs] 
4272.181: [GC (Allocation Failure) [PSYoungGen: 232960K->185174K(465920K)] 436354K->388569K(1864192K), 0.0325175 secs] [Times: user=0.13 sys=0.00, real=0.04 secs] 
4272.330: [GC (Allocation Failure) [PSYoungGen: 410025K->174709K(465920K)] 613420K->442520K(1864192K), 0.0430890 secs] [Times: user=0.19 sys=0.01, real=0.05 secs] 
4273.298: [GC (Allocation Failure) [PSYoungGen: 407669K->169043K(460800K)] 675480K->492310K(1859072K), 0.0555663 secs] [Times: user=0.28 sys=0.00, real=0.06 secs] 
4273.922: [GC (Allocation Failure) [PSYoungGen: 402003K->108941K(463360K)] 725270K->496864K(1861632K), 0.0573358 secs] [Times: user=0.29 sys=0.00, real=0.06 secs] 
4274.137: [GC (Allocation Failure) [PSYoungGen: 341901K->180341K(465920K)] 729824K->603372K(1864192K), 0.0364239 secs] [Times: user=0.15 sys=0.00, real=0.04 secs] 
4274.374: [GC (Allocation Failure) [PSYoungGen: 413301K->183990K(465920K)] 836332K->669653K(1864192K), 0.0521053 secs] [Times: user=0.25 sys=0.00, real=0.05 secs] 
4274.633: [GC (Allocation Failure) [PSYoungGen: 416950K->183988K(465920K)] 902613K->727899K(1864192K), 0.0710608 secs] [Times: user=0.36 sys=0.00, real=0.08 secs] 
4275.954: [GC (Allocation Failure) [PSYoungGen: 416948K->102332K(465920K)] 960859K->715435K(1864192K), 0.0534754 secs] [Times: user=0.29 sys=0.00, real=0.05 secs] 
4277.204: [GC (Allocation Failure) [PSYoungGen: 335292K->167860K(465920K)] 948395K->813407K(1864192K), 0.0615253 secs] [Times: user=0.29 sys=0.00, real=0.06 secs] 
4277.421: [GC (Allocation Failure) [PSYoungGen: 400820K->185494K(465920K)] 1046367K->884061K(1864192K), 0.0424012 secs] [Times: user=0.19 sys=0.00, real=0.05 secs] 
4277.605: [GC (Allocation Failure) [PSYoungGen: 412123K->178646K(465920K)] 1110690K->941637K(1864192K), 0.0697381 secs] [Times: user=0.35 sys=0.00, real=0.07 secs] 
4278.611: [GC (Allocation Failure) [PSYoungGen: 411606K->213287K(465920K)] 1174597K->1033127K(1864192K), 0.0514991 secs] [Times: user=0.24 sys=0.01, real=0.05 secs] 
4280.197: [GC (Allocation Failure) [PSYoungGen: 446247K->104140K(465920K)] 1266087K->988780K(1864192K), 0.0940287 secs] [Times: user=0.50 sys=0.00, real=0.09 secs] 
4280.512: [GC (Allocation Failure) [PSYoungGen: 332401K->178581K(465920K)] 1217041K->1096462K(1864192K), 0.0357360 secs] [Times: user=0.15 sys=0.00, real=0.04 secs] 
4280.685: [GC (Allocation Failure) [PSYoungGen: 411541K->180149K(465920K)] 1329422K->1153438K(1864192K), 0.0617733 secs] [Times: user=0.30 sys=0.00, real=0.06 secs] 
4280.889: [GC (Allocation Failure) [PSYoungGen: 413109K->187477K(465920K)] 1386398K->1215798K(1864192K), 0.0467447 secs] [Times: user=0.22 sys=0.00, real=0.05 secs] 
4281.934: [GC (Allocation Failure) [PSYoungGen: 420437K->103516K(465920K)] 1448758K->1202589K(1864192K), 0.0462999 secs] [Times: user=0.24 sys=0.00, real=0.04 secs] 
4282.687: [GC (Allocation Failure) [PSYoungGen: 336476K->173685K(465920K)] 1435549K->1306374K(1864192K), 0.0608620 secs] [Times: user=0.29 sys=0.00, real=0.06 secs] 
4282.936: [GC (Allocation Failure) [PSYoungGen: 406645K->185270K(465920K)] 1539334K->1372007K(1864192K), 0.0612049 secs] [Times: user=0.30 sys=0.00, real=0.06 secs] 
4283.120: [GC (Allocation Failure) [PSYoungGen: 418230K->182166K(465920K)] 1604967K->1433351K(1864192K), 0.0513573 secs] [Times: user=0.24 sys=0.00, real=0.05 secs] 
4284.118: [GC (Allocation Failure) [PSYoungGen: 415126K->170739K(465920K)] 1666311K->1479964K(1864192K), 0.0567989 secs] [Times: user=0.28 sys=0.00, real=0.06 secs] 
4284.706: [GC (Allocation Failure) [PSYoungGen: 403699K->110797K(465920K)] 1712924K->1485222K(1864192K), 0.1106312 secs] [Times: user=0.60 sys=0.00, real=0.11 secs] 
4284.817: [Full GC (Ergonomics) [PSYoungGen: 110797K->0K(465920K)] [ParOldGen: 1374425K->128469K(1398272K)] 1485222K->128469K(1864192K), [Metaspace: 60382K->60382K(1105920K)], 0.1905966 secs] [Times: user=0.86 sys=0.00, real=0.19 secs] 
4285.349: [GC (Allocation Failure) [PSYoungGen: 226804K->172340K(465920K)] 355274K->300810K(1864192K), 0.0240033 secs] [Times: user=0.08 sys=0.00, real=0.03 secs] 
4285.516: [GC (Allocation Failure) [PSYoungGen: 405300K->185334K(465920K)] 533770K->367932K(1864192K), 0.0594937 secs] [Times: user=0.27 sys=0.01, real=0.06 secs] 
4285.740: [GC (Allocation Failure) [PSYoungGen: 418294K->187573K(465920K)] 600892K->426211K(1864192K), 0.0663833 secs] [Times: user=0.32 sys=0.00, real=0.07 secs] 
4286.898: [GC (Allocation Failure) [PSYoungGen: 420533K->100732K(465920K)] 659171K->410122K(1864192K), 0.0559006 secs] [Times: user=0.30 sys=0.00, real=0.06 secs] 
4288.026: [GC (Allocation Failure) [PSYoungGen: 333692K->172948K(465920K)] 643082K->514527K(1864192K), 0.0690522 secs] [Times: user=0.33 sys=0.00, real=0.07 secs] 
4288.249: [GC (Allocation Failure) [PSYoungGen: 405908K->179893K(465920K)] 747487K->575500K(1864192K), 0.0419561 secs] [Times: user=0.18 sys=0.00, real=0.04 secs] 
4288.409: [GC (Allocation Failure) [PSYoungGen: 412853K->185943K(465920K)] 808460K->644902K(1864192K), 0.0491251 secs] [Times: user=0.23 sys=0.00, real=0.05 secs] 
4289.463: [GC (Allocation Failure) [PSYoungGen: 418903K->170227K(465920K)] 877862K->688194K(1864192K), 0.0574186 secs] [Times: user=0.29 sys=0.00, real=0.05 secs] 
4290.016: [GC (Allocation Failure) [PSYoungGen: 403187K->114205K(465920K)] 921154K->697220K(1864192K), 0.0758436 secs] [Times: user=0.39 sys=0.00, real=0.07 secs] 
4290.372: [GC (Allocation Failure) [PSYoungGen: 347165K->176852K(465920K)] 930180K->796256K(1864192K), 0.0363595 secs] [Times: user=0.16 sys=0.00, real=0.04 secs] 
4290.524: [GC (Allocation Failure) [PSYoungGen: 409812K->182134K(465920K)] 1029216K->863374K(1864192K), 0.0503196 secs] [Times: user=0.23 sys=0.00, real=0.05 secs] 
4290.738: [GC (Allocation Failure) [PSYoungGen: 415094K->187285K(465920K)] 1096334K->926549K(1864192K), 0.0821856 secs] [Times: user=0.42 sys=0.00, real=0.08 secs] 
4291.830: [GC (Allocation Failure) [PSYoungGen: 420245K->100940K(465920K)] 1159509K->910772K(1864192K), 0.0484112 secs] [Times: user=0.25 sys=0.00, real=0.05 secs] 
4292.354: [GC (Allocation Failure) [PSYoungGen: 333900K->173044K(465920K)] 1143732K->1015289K(1864192K), 0.0599685 secs] [Times: user=0.28 sys=0.00, real=0.06 secs] 
4292.612: [GC (Allocation Failure) [PSYoungGen: 406004K->185238K(465920K)] 1248249K->1081791K(1864192K), 0.0600461 secs] [Times: user=0.28 sys=0.00, real=0.06 secs] 
4292.849: [GC (Allocation Failure) [PSYoungGen: 409503K->174101K(465920K)] 1306056K->1134918K(1864192K), 0.0659189 secs] [Times: user=0.33 sys=0.00, real=0.07 secs] 
4293.945: [GC (Allocation Failure) [PSYoungGen: 407061K->168018K(456704K)] 1367878K->1184052K(1854976K), 0.0562164 secs] [Times: user=0.28 sys=0.00, real=0.05 secs] 
4295.172: [GC (Allocation Failure) [PSYoungGen: 400978K->109645K(461312K)] 1417012K->1190062K(1859584K), 0.0965791 secs] [Times: user=0.51 sys=0.00, real=0.10 secs] 
4295.469: [GC (Allocation Failure) [PSYoungGen: 342605K->177749K(467968K)] 1423022K->1293567K(1866240K), 0.0372523 secs] [Times: user=0.16 sys=0.00, real=0.04 secs] 
4295.626: [GC (Allocation Failure) [PSYoungGen: 414293K->187351K(423936K)] 1530111K->1365329K(1822208K), 0.0505928 secs] [Times: user=0.23 sys=0.00, real=0.05 secs] 
4295.791: [GC (Allocation Failure) [PSYoungGen: 423895K->190581K(465920K)] 1601873K->1428015K(1864192K), 0.0604107 secs] [Times: user=0.30 sys=0.00, real=0.06 secs] 
4297.287: [GC (Allocation Failure) [PSYoungGen: 423541K->97579K(465920K)] 1660975K->1406733K(1864192K), 0.0513600 secs] [Times: user=0.27 sys=0.00, real=0.05 secs] 
4298.063: [GC (GCLocker Initiated GC) [PSYoungGen: 330539K->171668K(465920K)] 1639694K->1511843K(1864192K), 0.0510186 secs] [Times: user=0.22 sys=0.00, real=0.05 secs] 
4298.114: [Full GC (Ergonomics) [PSYoungGen: 171668K->0K(465920K)] [ParOldGen: 1340175K->200254K(1398272K)] 1511843K->200254K(1864192K), [Metaspace: 60382K->60382K(1105920K)], 0.2197925 secs] [Times: user=1.03 sys=0.00, real=0.22 secs] 
4298.459: [GC (Allocation Failure) [PSYoungGen: 232960K->190965K(465920K)] 433253K->391259K(1864192K), 0.0331940 secs] [Times: user=0.14 sys=0.00, real=0.03 secs] 
4298.630: [GC (Allocation Failure) [PSYoungGen: 416027K->175990K(465920K)] 616321K->439843K(1864192K), 0.0528983 secs] [Times: user=0.26 sys=0.00, real=0.06 secs] 
4299.639: [GC (Allocation Failure) [PSYoungGen: 408950K->168435K(401408K)] 672803K->488184K(1799680K), 0.0531007 secs] [Times: user=0.26 sys=0.00, real=0.05 secs] 
4300.330: [GC (Allocation Failure) [PSYoungGen: 401395K->109789K(463872K)] 721144K->494098K(1862144K), 0.0899418 secs] [Times: user=0.48 sys=0.01, real=0.09 secs] 
4300.821: [GC (Allocation Failure) [PSYoungGen: 335102K->173557K(464896K)] 719411K->593031K(1863168K), 0.0450096 secs] [Times: user=0.19 sys=0.00, real=0.05 secs] 
4300.987: [GC (Allocation Failure) [PSYoungGen: 405493K->183893K(465408K)] 824967K->657352K(1863680K), 0.0424979 secs] [Times: user=0.19 sys=0.00, real=0.04 secs] 
4301.167: [GC (Allocation Failure) [PSYoungGen: 416853K->187605K(465920K)] 890312K->716984K(1864192K), 0.0552925 secs] [Times: user=0.27 sys=0.00, real=0.05 secs] 
4302.327: [GC (Allocation Failure) [PSYoungGen: 420565K->100652K(465920K)] 949944K->700678K(1864192K), 0.0490047 secs] [Times: user=0.26 sys=0.00, real=0.05 secs] 
4303.688: [GC (Allocation Failure) [PSYoungGen: 333612K->168404K(465920K)] 933638K->800531K(1864192K), 0.0691126 secs] [Times: user=0.32 sys=0.00, real=0.07 secs] 
4303.915: [GC (Allocation Failure) [PSYoungGen: 401364K->185558K(465920K)] 1033491K->870777K(1864192K), 0.0437209 secs] [Times: user=0.19 sys=0.00, real=0.04 secs] 
4304.127: [GC (Allocation Failure) [PSYoungGen: 418518K->186167K(465920K)] 1103737K->935890K(1864192K), 0.0758567 secs] [Times: user=0.38 sys=0.01, real=0.07 secs] 
4305.158: [GC (Allocation Failure) [PSYoungGen: 419127K->171155K(465920K)] 1168850K->980030K(1864192K), 0.0556097 secs] [Times: user=0.28 sys=0.00, real=0.06 secs] 
4305.886: [GC (Allocation Failure) [PSYoungGen: 404115K->107292K(465920K)] 1212990K->981608K(1864192K), 0.0986394 secs] [Times: user=0.52 sys=0.01, real=0.10 secs] 
4306.419: [GC (Allocation Failure) [PSYoungGen: 337087K->176565K(465920K)] 1211403K->1085094K(1864192K), 0.0452893 secs] [Times: user=0.19 sys=0.01, real=0.05 secs] 
4306.650: [GC (Allocation Failure) [PSYoungGen: 409525K->185430K(465920K)] 1318054K->1149022K(1864192K), 0.0631091 secs] [Times: user=0.30 sys=0.01, real=0.07 secs] 
4306.839: [GC (Allocation Failure) [PSYoungGen: 418390K->184660K(465920K)] 1381982K->1204525K(1864192K), 0.0452510 secs] [Times: user=0.21 sys=0.00, real=0.05 secs] 
4307.935: [GC (Allocation Failure) [PSYoungGen: 417620K->105020K(465920K)] 1437485K->1194629K(1864192K), 0.0500230 secs] [Times: user=0.26 sys=0.00, real=0.05 secs] 
4308.603: [GC (Allocation Failure) [PSYoungGen: 337980K->173108K(465920K)] 1427589K->1296274K(1864192K), 0.0668568 secs] [Times: user=0.32 sys=0.00, real=0.06 secs] 
4308.819: [GC (Allocation Failure) [PSYoungGen: 406068K->182517K(465920K)] 1529234K->1360003K(1864192K), 0.0446501 secs] [Times: user=0.20 sys=0.00, real=0.05 secs] 
4308.979: [GC (Allocation Failure) [PSYoungGen: 415477K->183895K(465920K)] 1592963K->1425052K(1864192K), 0.0513226 secs] [Times: user=0.24 sys=0.00, real=0.05 secs] 
4310.082: [GC (Allocation Failure) [PSYoungGen: 416855K->167858K(400896K)] 1658012K->1467264K(1799168K), 0.0585572 secs] [Times: user=0.29 sys=0.00, real=0.06 secs] 
4311.120: [GC (Allocation Failure) [PSYoungGen: 400818K->109933K(462848K)] 1700224K->1473714K(1861120K), 0.0947997 secs] [Times: user=0.51 sys=0.00, real=0.10 secs] 
4311.215: [Full GC (Ergonomics) [PSYoungGen: 109933K->0K(462848K)] [ParOldGen: 1363781K->127590K(1398272K)] 1473714K->127590K(1861120K), [Metaspace: 60382K->60382K(1105920K)], 0.1716040 secs] [Times: user=0.75 sys=0.00, real=0.17 secs] 
4311.689: [GC (Allocation Failure) [PSYoungGen: 230537K->173525K(464384K)] 358127K->301115K(1862656K), 0.0239673 secs] [Times: user=0.08 sys=0.00, real=0.03 secs] 
4311.873: [GC (Allocation Failure) [PSYoungGen: 404949K->184694K(464896K)] 532539K->366628K(1863168K), 0.0651421 secs] [Times: user=0.31 sys=0.00, real=0.06 secs] 
4312.132: [GC (Allocation Failure) [PSYoungGen: 417654K->187477K(465920K)] 599588K->425443K(1864192K), 0.0486692 secs] [Times: user=0.23 sys=0.00, real=0.05 secs] 
4313.217: [GC (Allocation Failure) [PSYoungGen: 420437K->103004K(465920K)] 658403K->411518K(1864192K), 0.0441476 secs] [Times: user=0.23 sys=0.00, real=0.04 secs] 
4313.711: [GC (Allocation Failure) [PSYoungGen: 335964K->176085K(465920K)] 644478K->517952K(1864192K), 0.0608573 secs] [Times: user=0.28 sys=0.00, real=0.06 secs] 
4313.953: [GC (Allocation Failure) [PSYoungGen: 409045K->182389K(465920K)] 750912K->579240K(1864192K), 0.0593534 secs] [Times: user=0.28 sys=0.00, real=0.05 secs] 
4314.136: [GC (Allocation Failure) [PSYoungGen: 412595K->179606K(465920K)] 809446K->639897K(1864192K), 0.0487610 secs] [Times: user=0.23 sys=0.00, real=0.05 secs] 
4315.109: [GC (Allocation Failure) [PSYoungGen: 412566K->169299K(460800K)] 872857K->686590K(1859072K), 0.0540001 secs] [Times: user=0.27 sys=0.00, real=0.06 secs] 
4315.762: [GC (Allocation Failure) [PSYoungGen: 402259K->111741K(463360K)] 919550K->693820K(1861632K), 0.0986776 secs] [Times: user=0.52 sys=0.01, real=0.10 secs] 
4316.379: [GC (Allocation Failure) [PSYoungGen: 344701K->184373K(465920K)] 926780K->802169K(1864192K), 0.0471091 secs] [Times: user=0.22 sys=0.00, real=0.05 secs] 
4316.587: [GC (Allocation Failure) [PSYoungGen: 417333K->182518K(465920K)] 1035129K->862023K(1864192K), 0.0731719 secs] [Times: user=0.36 sys=0.00, real=0.07 secs] 
4316.785: [GC (Allocation Failure) [PSYoungGen: 415478K->187477K(465920K)] 1094983K->925045K(1864192K), 0.0584208 secs] [Times: user=0.29 sys=0.00, real=0.06 secs] 
4318.318: [GC (Allocation Failure) [PSYoungGen: 420437K->96235K(465920K)] 1158005K->904604K(1864192K), 0.1002171 secs] [Times: user=0.55 sys=0.01, real=0.10 secs] 
4319.485: [GC (Allocation Failure) [PSYoungGen: 329195K->172852K(465920K)] 1137564K->1011866K(1864192K), 0.0514354 secs] [Times: user=0.23 sys=0.00, real=0.05 secs] 
4319.756: [GC (Allocation Failure) [PSYoungGen: 405812K->182549K(465920K)] 1244826K->1075415K(1864192K), 0.0635102 secs] [Times: user=0.27 sys=0.00, real=0.06 secs] 
4319.977: [GC (Allocation Failure) [PSYoungGen: 413397K->183286K(465920K)] 1306262K->1140032K(1864192K), 0.0695086 secs] [Times: user=0.34 sys=0.00, real=0.07 secs] 
4321.018: [GC (Allocation Failure) [PSYoungGen: 416246K->168499K(401920K)] 1372992K->1183396K(1800192K), 0.0578516 secs] [Times: user=0.29 sys=0.00, real=0.06 secs] 
4321.574: [GC (Allocation Failure) [PSYoungGen: 401459K->109645K(464896K)] 1416356K->1189214K(1863168K), 0.1032909 secs] [Times: user=0.55 sys=0.00, real=0.10 secs] 
4322.321: [GC (Allocation Failure) [PSYoungGen: 338813K->172949K(465408K)] 1418382K->1287343K(1863680K), 0.0459447 secs] [Times: user=0.20 sys=0.00, real=0.05 secs] 
4322.488: [GC (Allocation Failure) [PSYoungGen: 405397K->185398K(465408K)] 1519791K->1353908K(1863680K), 0.0437731 secs] [Times: user=0.20 sys=0.00, real=0.04 secs] 
4322.643: [GC (Allocation Failure) [PSYoungGen: 418358K->187445K(465920K)] 1586868K->1411939K(1864192K), 0.0466276 secs] [Times: user=0.22 sys=0.00, real=0.04 secs] 
4323.764: [GC (Allocation Failure) [PSYoungGen: 420405K->98235K(465920K)] 1644899K->1393246K(1864192K), 0.0461488 secs] [Times: user=0.24 sys=0.00, real=0.04 secs] 
4324.507: [GC (Allocation Failure) [PSYoungGen: 331195K->171668K(465920K)] 1626206K->1498383K(1864192K), 0.0578563 secs] [Times: user=0.27 sys=0.00, real=0.06 secs] 
4324.565: [Full GC (Ergonomics) [PSYoungGen: 171668K->0K(465920K)] [ParOldGen: 1326715K->196245K(1398272K)] 1498383K->196245K(1864192K), [Metaspace: 60382K->60382K(1105920K)], 0.2041718 secs] [Times: user=0.94 sys=0.00, real=0.20 secs] 
4324.890: [GC (Allocation Failure) [PSYoungGen: 232960K->193718K(465920K)] 429205K->389964K(1864192K), 0.0330612 secs] [Times: user=0.14 sys=0.00, real=0.03 secs] 
4325.073: [GC (Allocation Failure) [PSYoungGen: 426678K->185367K(465920K)] 622924K->446349K(1864192K), 0.0439497 secs] [Times: user=0.19 sys=0.00, real=0.04 secs] 
4326.105: [GC (Allocation Failure) [PSYoungGen: 418327K->169139K(465920K)] 679309K->488849K(1864192K), 0.0551882 secs] [Times: user=0.27 sys=0.00, real=0.05 secs] 
4327.657: [GC (GCLocker Initiated GC) [PSYoungGen: 402099K->103004K(465920K)] 721809K->487394K(1864192K), 0.0917767 secs] [Times: user=0.49 sys=0.00, real=0.09 secs] 
4328.101: [GC (Allocation Failure) [PSYoungGen: 335964K->175989K(465920K)] 728677K->601795K(1864192K), 0.1362535 secs] [Times: user=0.75 sys=0.00, real=0.14 secs] 
4328.356: [GC (Allocation Failure) [PSYoungGen: 408949K->184855K(465920K)] 834755K->666828K(1864192K), 0.1760642 secs] [Times: user=1.00 sys=0.00, real=0.17 secs] 
4328.645: [GC (Allocation Failure) [PSYoungGen: 417815K->187253K(465920K)] 899788K->727947K(1864192K), 0.0585052 secs] [Times: user=0.29 sys=0.00, real=0.06 secs] 
4329.762: [GC (Allocation Failure) [PSYoungGen: 420213K->98668K(465920K)] 960907K->709857K(1864192K), 0.0471522 secs] [Times: user=0.24 sys=0.00, real=0.05 secs] 
4330.294: [GC (Allocation Failure) [PSYoungGen: 331628K->175477K(465920K)] 942817K->818987K(1864192K), 0.0398978 secs] [Times: user=0.18 sys=0.00, real=0.04 secs] 
4330.447: [GC (Allocation Failure) [PSYoungGen: 408437K->182229K(465920K)] 1051947K->880347K(1864192K), 0.0433820 secs] [Times: user=0.20 sys=0.00, real=0.04 secs] 
4330.605: [GC (Allocation Failure) [PSYoungGen: 406354K->176214K(465920K)] 1104472K->938052K(1864192K), 0.0489560 secs] [Times: user=0.22 sys=0.00, real=0.05 secs] 
4331.800: [GC (Allocation Failure) [PSYoungGen: 409174K->169939K(465920K)] 1171012K->987769K(1864192K), 0.0540372 secs] [Times: user=0.26 sys=0.00, real=0.06 secs] 
4332.366: [GC (Allocation Failure) [PSYoungGen: 402899K->110141K(465920K)] 1220729K->992899K(1864192K), 0.0925370 secs] [Times: user=0.49 sys=0.00, real=0.09 secs] 
4332.984: [GC (Allocation Failure) [PSYoungGen: 339385K->173493K(465920K)] 1222143K->1091436K(1864192K), 0.0474064 secs] [Times: user=0.22 sys=0.00, real=0.04 secs] 
4333.159: [GC (Allocation Failure) [PSYoungGen: 406453K->185494K(465920K)] 1324396K->1157449K(1864192K), 0.0436317 secs] [Times: user=0.19 sys=0.01, real=0.04 secs] 
4333.315: [GC (Allocation Failure) [PSYoungGen: 418454K->187509K(465920K)] 1390409K->1215768K(1864192K), 0.0461380 secs] [Times: user=0.22 sys=0.00, real=0.04 secs] 
4334.477: [GC (Allocation Failure) [PSYoungGen: 420469K->100748K(465920K)] 1448728K->1199679K(1864192K), 0.0484564 secs] [Times: user=0.25 sys=0.00, real=0.05 secs] 
4335.068: [GC (Allocation Failure) [PSYoungGen: 333708K->173461K(465920K)] 1432639K->1304980K(1864192K), 0.0427826 secs] [Times: user=0.19 sys=0.01, real=0.04 secs] 
4335.227: [GC (Allocation Failure) [PSYoungGen: 406421K->185238K(465920K)] 1537940K->1371210K(1864192K), 0.0441832 secs] [Times: user=0.20 sys=0.00, real=0.04 secs] 
4335.445: [GC (Allocation Failure) [PSYoungGen: 414771K->181398K(465920K)] 1600743K->1431922K(1864192K), 0.0729233 secs] [Times: user=0.36 sys=0.00, real=0.07 secs] 
4336.397: [GC (Allocation Failure) [PSYoungGen: 409346K->206163K(465920K)] 1659870K->1514223K(1864192K), 0.0573843 secs] [Times: user=0.29 sys=0.00, real=0.06 secs] 
4336.940: [GC (Allocation Failure) [PSYoungGen: 439123K->105948K(465920K)] 1747183K->1478568K(1864192K), 0.0717389 secs] [Times: user=0.37 sys=0.01, real=0.07 secs] 
4337.011: [Full GC (Ergonomics) [PSYoungGen: 105948K->0K(465920K)] [ParOldGen: 1372620K->123547K(1398272K)] 1478568K->123547K(1864192K), [Metaspace: 60382K->60382K(1105920K)], 0.1480243 secs] [Times: user=0.68 sys=0.00, real=0.15 secs] 
4337.388: [GC (Allocation Failure) [PSYoungGen: 228483K->176757K(465920K)] 352030K->300304K(1864192K), 0.0246822 secs] [Times: user=0.09 sys=0.00, real=0.02 secs] 
4337.527: [GC (Allocation Failure) [PSYoungGen: 409717K->185238K(465920K)] 533264K->364045K(1864192K), 0.0417900 secs] [Times: user=0.18 sys=0.00, real=0.04 secs] 
4337.711: [GC (Allocation Failure) [PSYoungGen: 418198K->201205K(465920K)] 597005K->436344K(1864192K), 0.0452264 secs] [Times: user=0.21 sys=0.00, real=0.05 secs] 
4338.834: [GC (Allocation Failure) [PSYoungGen: 434165K->99036K(465920K)] 669304K->403899K(1864192K), 0.0490445 secs] [Times: user=0.25 sys=0.00, real=0.05 secs] 
4339.391: [GC (Allocation Failure) [PSYoungGen: 331996K->174037K(465920K)] 636859K->510809K(1864192K), 0.0788206 secs] [Times: user=0.38 sys=0.00, real=0.08 secs] 
4339.636: [GC (Allocation Failure) [PSYoungGen: 406997K->182645K(465920K)] 743769K->573981K(1864192K), 0.0418912 secs] [Times: user=0.19 sys=0.00, real=0.04 secs] 
4339.841: [GC (Allocation Failure) [PSYoungGen: 415605K->185847K(465920K)] 806941K->641143K(1864192K), 0.0684143 secs] [Times: user=0.34 sys=0.00, real=0.07 secs] 
4340.806: [GC (Allocation Failure) [PSYoungGen: 417593K->208531K(465920K)] 872889K->722779K(1864192K), 0.0556141 secs] [Times: user=0.28 sys=0.00, real=0.05 secs] 
4341.923: [GC (Allocation Failure) [PSYoungGen: 441491K->98059K(465920K)] 955739K->677803K(1864192K), 0.0900610 secs] [Times: user=0.49 sys=0.01, real=0.09 secs] 
4342.617: [GC (Allocation Failure) [PSYoungGen: 331019K->180790K(465920K)] 910763K->791959K(1864192K), 0.0451984 secs] [Times: user=0.20 sys=0.00, real=0.04 secs] 
4342.843: [GC (Allocation Failure) [PSYoungGen: 413750K->185526K(465920K)] 1024919K->852919K(1864192K), 0.0589221 secs] [Times: user=0.28 sys=0.00, real=0.05 secs] 
4343.058: [GC (GCLocker Initiated GC) [PSYoungGen: 418486K->183124K(465920K)] 1085882K->906648K(1864192K), 0.0666832 secs] [Times: user=0.33 sys=0.00, real=0.07 secs] 
4344.224: [GC (Allocation Failure) [PSYoungGen: 416084K->105980K(465920K)] 1139611K->898627K(1864192K), 0.0453416 secs] [Times: user=0.23 sys=0.00, real=0.04 secs] 
4344.701: [GC (Allocation Failure) [PSYoungGen: 338940K->175253K(465920K)] 1131587K->1002928K(1864192K), 0.0602937 secs] [Times: user=0.29 sys=0.00, real=0.06 secs] 
4344.974: [GC (Allocation Failure) [PSYoungGen: 408213K->182133K(465920K)] 1235888K->1064544K(1864192K), 0.0560604 secs] [Times: user=0.27 sys=0.00, real=0.05 secs] 
4345.171: [GC (Allocation Failure) [PSYoungGen: 415093K->182358K(465920K)] 1297504K->1128453K(1864192K), 0.0495239 secs] [Times: user=0.23 sys=0.01, real=0.05 secs] 
4346.104: [GC (Allocation Failure) [PSYoungGen: 411608K->209779K(465920K)] 1357703K->1213562K(1864192K), 0.0560338 secs] [Times: user=0.28 sys=0.00, real=0.05 secs] 
4346.641: [GC (GCLocker Initiated GC) [PSYoungGen: 442739K->105436K(465920K)] 1446522K->1175315K(1864192K), 0.0954839 secs] [Times: user=0.52 sys=0.01, real=0.10 secs] 
4347.043: [GC (Allocation Failure) [PSYoungGen: 338396K->175445K(465920K)] 1416634K->1287176K(1864192K), 0.1337720 secs] [Times: user=0.74 sys=0.00, real=0.14 secs] 
4347.296: [GC (Allocation Failure) [PSYoungGen: 408405K->184535K(465920K)] 1520136K->1352557K(1864192K), 0.1653373 secs] [Times: user=0.92 sys=0.00, real=0.16 secs] 
4347.574: [GC (Allocation Failure) [PSYoungGen: 417495K->186933K(465920K)] 1585517K->1413323K(1864192K), 0.0571046 secs] [Times: user=0.28 sys=0.00, real=0.05 secs] 
4348.933: [GC (Allocation Failure) [PSYoungGen: 419893K->97131K(465920K)] 1646283K->1394018K(1864192K), 0.0600109 secs] [Times: user=0.32 sys=0.00, real=0.06 secs] 
4350.301: [GC (Allocation Failure) [PSYoungGen: 330091K->169396K(465920K)] 1626978K->1497528K(1864192K), 0.0637360 secs] [Times: user=0.30 sys=0.00, real=0.07 secs] 
4350.365: [Full GC (Ergonomics) [PSYoungGen: 169396K->0K(465920K)] [ParOldGen: 1328131K->196458K(1398272K)] 1497528K->196458K(1864192K), [Metaspace: 60382K->60382K(1105920K)], 0.2313793 secs] [Times: user=1.04 sys=0.00, real=0.23 secs] 
4350.730: [GC (Allocation Failure) [PSYoungGen: 232960K->185590K(465920K)] 429418K->382048K(1864192K), 0.0322153 secs] [Times: user=0.13 sys=0.00, real=0.03 secs] 
4350.875: [GC (Allocation Failure) [PSYoungGen: 413697K->180022K(465920K)] 610155K->440880K(1864192K), 0.0438946 secs] [Times: user=0.20 sys=0.00, real=0.04 secs] 
4351.887: [GC (Allocation Failure) [PSYoungGen: 412982K->168883K(465920K)] 673840K->486949K(1864192K), 0.0562608 secs] [Times: user=0.28 sys=0.00, real=0.06 secs] 
4352.765: [GC (Allocation Failure) [PSYoungGen: 401843K->107356K(465920K)] 719909K->490175K(1864192K), 0.0987996 secs] [Times: user=0.53 sys=0.00, real=0.10 secs] 
4353.208: [GC (Allocation Failure) [PSYoungGen: 340316K->188661K(465920K)] 723135K->606238K(1864192K), 0.0466419 secs] [Times: user=0.20 sys=0.00, real=0.05 secs] 
4353.374: [GC (Allocation Failure) [PSYoungGen: 421621K->181494K(465920K)] 839198K->662179K(1864192K), 0.0495899 secs] [Times: user=0.23 sys=0.00, real=0.05 secs] 
4353.618: [GC (GCLocker Initiated GC) [PSYoungGen: 414454K->185685K(465920K)] 895139K->724378K(1864192K), 0.0771825 secs] [Times: user=0.39 sys=0.00, real=0.08 secs] 
4355.030: [GC (Allocation Failure) [PSYoungGen: 418645K->100748K(465920K)] 957341K->709556K(1864192K), 0.0509885 secs] [Times: user=0.27 sys=0.00, real=0.05 secs] 
4355.618: [GC (Allocation Failure) [PSYoungGen: 333684K->175957K(465920K)] 942492K->817282K(1864192K), 0.0627142 secs] [Times: user=0.30 sys=0.00, real=0.06 secs] 
4355.873: [GC (Allocation Failure) [PSYoungGen: 408917K->185302K(465920K)] 1050242K->881479K(1864192K), 0.0521970 secs] [Times: user=0.25 sys=0.00, real=0.05 secs] 
4356.033: [GC (Allocation Failure) [PSYoungGen: 406354K->176310K(465920K)] 1102531K->936951K(1864192K), 0.0486218 secs] [Times: user=0.22 sys=0.00, real=0.05 secs] 
4357.038: [GC (Allocation Failure) [PSYoungGen: 409270K->168146K(464896K)] 1169911K->984699K(1863168K), 0.0558541 secs] [Times: user=0.28 sys=0.00, real=0.06 secs] 
4358.319: [GC (Allocation Failure) [PSYoungGen: 401106K->105196K(465408K)] 1217659K->986013K(1863680K), 0.1007264 secs] [Times: user=0.54 sys=0.00, real=0.10 secs] 
4358.732: [GC (Allocation Failure) [PSYoungGen: 332732K->176981K(465920K)] 1213549K->1091607K(1864192K), 0.0387038 secs] [Times: user=0.17 sys=0.00, real=0.04 secs] 
4358.887: [GC (Allocation Failure) [PSYoungGen: 409941K->185846K(465920K)] 1324567K->1155688K(1864192K), 0.0438376 secs] [Times: user=0.20 sys=0.00, real=0.04 secs] 
4359.043: [GC (Allocation Failure) [PSYoungGen: 418806K->187477K(465920K)] 1388648K->1213615K(1864192K), 0.0460861 secs] [Times: user=0.21 sys=0.00, real=0.04 secs] 
4360.201: [GC (Allocation Failure) [PSYoungGen: 420437K->98411K(465920K)] 1446575K->1195093K(1864192K), 0.0453222 secs] [Times: user=0.24 sys=0.00, real=0.05 secs] 
4360.958: [GC (Allocation Failure) [PSYoungGen: 331279K->174997K(465920K)] 1427960K->1303363K(1864192K), 0.0608445 secs] [Times: user=0.29 sys=0.00, real=0.06 secs] 
4361.154: [GC (Allocation Failure) [PSYoungGen: 407957K->185558K(465920K)] 1536323K->1368944K(1864192K), 0.0442222 secs] [Times: user=0.20 sys=0.00, real=0.04 secs] 
4361.309: [GC (Allocation Failure) [PSYoungGen: 415784K->180502K(465920K)] 1599170K->1428360K(1864192K), 0.0501779 secs] [Times: user=0.23 sys=0.00, real=0.05 secs] 
4362.026: [GC (Allocation Failure) [PSYoungGen: 413462K->190579K(465920K)] 1661320K->1495837K(1864192K), 0.0539919 secs] [Times: user=0.27 sys=0.00, real=0.05 secs] 
4362.709: [GC (Allocation Failure) [PSYoungGen: 423539K->103356K(465920K)] 1728797K->1473542K(1864192K), 0.0561825 secs] [Times: user=0.29 sys=0.00, real=0.06 secs] 
4362.765: [Full GC (Ergonomics) [PSYoungGen: 103356K->0K(465920K)] [ParOldGen: 1370186K->121010K(1398272K)] 1473542K->121010K(1864192K), [Metaspace: 60382K->60382K(1105920K)], 0.1183529 secs] [Times: user=0.51 sys=0.00, real=0.12 secs] 
4363.146: [GC (Allocation Failure) [PSYoungGen: 228197K->178933K(465920K)] 349207K->299944K(1864192K), 0.0247183 secs] [Times: user=0.09 sys=0.00, real=0.02 secs] 
4363.313: [GC (Allocation Failure) [PSYoungGen: 411893K->185718K(465920K)] 532904K->362572K(1864192K), 0.0504068 secs] [Times: user=0.24 sys=0.00, real=0.06 secs] 
4363.497: [GC (Allocation Failure) [PSYoungGen: 418678K->187733K(465920K)] 595532K->420868K(1864192K), 0.0450999 secs] [Times: user=0.20 sys=0.00, real=0.04 secs] 
4364.621: [GC (Allocation Failure) [PSYoungGen: 420693K->99980K(465920K)] 653828K->403794K(1864192K), 0.0552772 secs] [Times: user=0.30 sys=0.00, real=0.06 secs] 
4365.637: [GC (Allocation Failure) [PSYoungGen: 332940K->169652K(465920K)] 636754K->505576K(1864192K), 0.0703536 secs] [Times: user=0.34 sys=0.00, real=0.07 secs] 
4365.926: [GC (Allocation Failure) [PSYoungGen: 402612K->185238K(465920K)] 738536K->574501K(1864192K), 0.0526226 secs] [Times: user=0.25 sys=0.01, real=0.05 secs] 
4366.145: [GC (GCLocker Initiated GC) [PSYoungGen: 418198K->184215K(465920K)] 807462K->637519K(1864192K), 0.0745922 secs] [Times: user=0.37 sys=0.00, real=0.07 secs] 
4367.156: [GC (Allocation Failure) [PSYoungGen: 417175K->170323K(465920K)] 870481K->682237K(1864192K), 0.0544114 secs] [Times: user=0.27 sys=0.00, real=0.05 secs] 
4367.835: [GC (Allocation Failure) [PSYoungGen: 403283K->109773K(465920K)] 915197K->686671K(1864192K), 0.0871769 secs] [Times: user=0.46 sys=0.00, real=0.08 secs] 
4368.502: [GC (Allocation Failure) [PSYoungGen: 337890K->173365K(465920K)] 914788K->784916K(1864192K), 0.0454372 secs] [Times: user=0.20 sys=0.00, real=0.05 secs] 
4368.668: [GC (Allocation Failure) [PSYoungGen: 406325K->185494K(465920K)] 1017876K->851305K(1864192K), 0.0432648 secs] [Times: user=0.19 sys=0.00, real=0.04 secs] 
4368.864: [GC (Allocation Failure) [PSYoungGen: 418454K->184372K(465920K)] 1084265K->906271K(1864192K), 0.0564255 secs] [Times: user=0.27 sys=0.01, real=0.05 secs] 
4369.970: [GC (GCLocker Initiated GC) [PSYoungGen: 417332K->104828K(465920K)] 1139233K->896401K(1864192K), 0.0459309 secs] [Times: user=0.24 sys=0.00, real=0.05 secs] 
4370.497: [GC (Allocation Failure) [PSYoungGen: 337788K->176021K(465920K)] 1129400K->1001061K(1864192K), 0.0673696 secs] [Times: user=0.32 sys=0.00, real=0.07 secs] 
4370.716: [GC (Allocation Failure) [PSYoungGen: 408981K->185686K(465920K)] 1234021K->1065866K(1864192K), 0.0436888 secs] [Times: user=0.20 sys=0.00, real=0.04 secs] 
4370.912: [GC (Allocation Failure) [PSYoungGen: 418646K->178294K(465920K)] 1298826K->1122858K(1864192K), 0.0749016 secs] [Times: user=0.35 sys=0.00, real=0.08 secs] 
4371.925: [GC (Allocation Failure) [PSYoungGen: 411254K->168851K(401920K)] 1355818K->1169927K(1800192K), 0.0528740 secs] [Times: user=0.26 sys=0.00, real=0.05 secs] 
4372.700: [GC (Allocation Failure) [PSYoungGen: 401811K->111629K(462848K)] 1402887K->1177233K(1861120K), 0.0869904 secs] [Times: user=0.46 sys=0.00, real=0.09 secs] 
4373.400: [GC (Allocation Failure) [PSYoungGen: 336034K->170132K(464384K)] 1401638K->1271777K(1862656K), 0.0490006 secs] [Times: user=0.22 sys=0.01, real=0.05 secs] 
4373.572: [GC (Allocation Failure) [PSYoungGen: 401556K->179765K(464896K)] 1503201K->1334226K(1863168K), 0.0448837 secs] [Times: user=0.20 sys=0.00, real=0.05 secs] 
4373.730: [GC (Allocation Failure) [PSYoungGen: 414261K->189109K(464896K)] 1568722K->1398274K(1863168K), 0.0482959 secs] [Times: user=0.23 sys=0.00, real=0.05 secs] 
4374.892: [GC (Allocation Failure) [PSYoungGen: 423605K->103276K(465920K)] 1632770K->1383685K(1864192K), 0.0475885 secs] [Times: user=0.25 sys=0.00, real=0.05 secs] 
4375.488: [GC (Allocation Failure) [PSYoungGen: 336236K->173172K(465920K)] 1616645K->1486979K(1864192K), 0.0410462 secs] [Times: user=0.19 sys=0.00, real=0.04 secs] 
4375.645: [GC (Allocation Failure) [PSYoungGen: 406132K->185110K(465920K)] 1719939K->1553348K(1864192K), 0.0451083 secs] [Times: user=0.21 sys=0.00, real=0.04 secs] 
4375.690: [Full GC (Ergonomics) [PSYoungGen: 185110K->0K(465920K)] [ParOldGen: 1368238K->262956K(1398272K)] 1553348K->262956K(1864192K), [Metaspace: 60382K->60382K(1105920K)], 0.3345231 secs] [Times: user=1.54 sys=0.00, real=0.34 secs] 
4376.145: [GC (Allocation Failure) [PSYoungGen: 232960K->183863K(465920K)] 495916K->446819K(1864192K), 0.0862965 secs] [Times: user=0.45 sys=0.00, real=0.08 secs] 
4377.075: [GC (Allocation Failure) [PSYoungGen: 412949K->206195K(465920K)] 675905K->527639K(1864192K), 0.0534632 secs] [Times: user=0.27 sys=0.00, real=0.05 secs] 
4377.621: [GC (Allocation Failure) [PSYoungGen: 439155K->105324K(465920K)] 760599K->491465K(1864192K), 0.0534919 secs] [Times: user=0.28 sys=0.00, real=0.06 secs] 
4377.815: [GC (Allocation Failure) [PSYoungGen: 332104K->177045K(465920K)] 718245K->596991K(1864192K), 0.0347878 secs] [Times: user=0.14 sys=0.00, real=0.03 secs] 
4378.032: [GC (Allocation Failure) [PSYoungGen: 410005K->182229K(465920K)] 829951K->657339K(1864192K), 0.0634249 secs] [Times: user=0.30 sys=0.00, real=0.07 secs] 
4378.225: [GC (Allocation Failure) [PSYoungGen: 415189K->184020K(465920K)] 890299K->714162K(1864192K), 0.0451147 secs] [Times: user=0.20 sys=0.01, real=0.04 secs] 
4379.346: [GC (Allocation Failure) [PSYoungGen: 416980K->103340K(465920K)] 947122K->702818K(1864192K), 0.0546105 secs] [Times: user=0.28 sys=0.00, real=0.05 secs] 
4379.961: [GC (Allocation Failure) [PSYoungGen: 336300K->174005K(465920K)] 935778K->806991K(1864192K), 0.0700407 secs] [Times: user=0.33 sys=0.00, real=0.07 secs] 
4380.228: [GC (Allocation Failure) [PSYoungGen: 406965K->182613K(465920K)] 1039951K->870044K(1864192K), 0.0471766 secs] [Times: user=0.22 sys=0.00, real=0.05 secs] 
4380.396: [GC (Allocation Failure) [PSYoungGen: 415573K->186103K(465920K)] 1103004K->937285K(1864192K), 0.0500649 secs] [Times: user=0.24 sys=0.00, real=0.05 secs] 
4381.316: [GC (Allocation Failure) [PSYoungGen: 419063K->208809K(465920K)] 1170245K->1019208K(1864192K), 0.0511211 secs] [Times: user=0.25 sys=0.00, real=0.05 secs] 
4382.627: [GC (Allocation Failure) [PSYoungGen: 441769K->106396K(465920K)] 1252168K->982043K(1864192K), 0.1065463 secs] [Times: user=0.58 sys=0.01, real=0.11 secs] 
4383.427: [GC (Allocation Failure) [PSYoungGen: 339356K->176405K(465920K)] 1215003K->1086509K(1864192K), 0.0474334 secs] [Times: user=0.21 sys=0.00, real=0.05 secs] 
4383.599: [GC (Allocation Failure) [PSYoungGen: 409365K->185430K(465920K)] 1319469K->1150397K(1864192K), 0.0434637 secs] [Times: user=0.20 sys=0.00, real=0.04 secs] 
4383.755: [GC (Allocation Failure) [PSYoungGen: 418390K->187605K(465920K)] 1383357K->1208597K(1864192K), 0.0461452 secs] [Times: user=0.21 sys=0.00, real=0.04 secs] 
4384.846: [GC (Allocation Failure) [PSYoungGen: 420565K->101372K(465920K)] 1441557K->1193003K(1864192K), 0.0459459 secs] [Times: user=0.24 sys=0.00, real=0.04 secs] 
4385.289: [GC (Allocation Failure) [PSYoungGen: 334332K->172756K(465920K)] 1425963K->1297173K(1864192K), 0.0613516 secs] [Times: user=0.29 sys=0.01, real=0.06 secs] 
4385.541: [GC (Allocation Failure) [PSYoungGen: 405716K->184854K(465920K)] 1530133K->1363382K(1864192K), 0.0443028 secs] [Times: user=0.20 sys=0.00, real=0.05 secs] 
4385.696: [GC (Allocation Failure) [PSYoungGen: 413400K->180502K(465920K)] 1591928K->1423359K(1864192K), 0.0504272 secs] [Times: user=0.24 sys=0.00, real=0.05 secs] 
4386.641: [GC (Allocation Failure) [PSYoungGen: 409297K->206387K(465920K)] 1652153K->1506555K(1864192K), 0.0554137 secs] [Times: user=0.28 sys=0.00, real=0.06 secs] 
4387.205: [GC (Allocation Failure) [PSYoungGen: 439347K->105868K(465920K)] 1739515K->1470753K(1864192K), 0.0866070 secs] [Times: user=0.46 sys=0.00, real=0.08 secs] 
4387.292: [Full GC (Ergonomics) [PSYoungGen: 105868K->0K(465920K)] [ParOldGen: 1364884K->123395K(1398272K)] 1470753K->123395K(1864192K), [Metaspace: 60445K->60445K(1105920K)], 0.1816644 secs] [Times: user=0.79 sys=0.00, real=0.19 secs] 
4387.913: [GC (Allocation Failure) [PSYoungGen: 228596K->177109K(465920K)] 351991K->300505K(1864192K), 0.0246434 secs] [Times: user=0.09 sys=0.00, real=0.03 secs] 
4388.115: [GC (Allocation Failure) [PSYoungGen: 410069K->185270K(465920K)] 533465K->363717K(1864192K), 0.0595021 secs] [Times: user=0.28 sys=0.00, real=0.06 secs] 
4388.309: [GC (Allocation Failure) [PSYoungGen: 418230K->185045K(465920K)] 596677K->419708K(1864192K), 0.0444154 secs] [Times: user=0.20 sys=0.00, real=0.05 secs] 
4389.488: [GC (Allocation Failure) [PSYoungGen: 418005K->102732K(465920K)] 652668K->407220K(1864192K), 0.0609981 secs] [Times: user=0.32 sys=0.00, real=0.06 secs] 
4391.183: [GC (Allocation Failure) [PSYoungGen: 335692K->167956K(465920K)] 640180K->505312K(1864192K), 0.0741207 secs] [Times: user=0.36 sys=0.01, real=0.08 secs] 
4391.470: [GC (Allocation Failure) [PSYoungGen: 400916K->184854K(465920K)] 738272K->575050K(1864192K), 0.0542528 secs] [Times: user=0.24 sys=0.01, real=0.06 secs] 
4391.682: [GC (Allocation Failure) [PSYoungGen: 417814K->185879K(465920K)] 808010K->648427K(1864192K), 0.0723204 secs] [Times: user=0.36 sys=0.00, real=0.08 secs] 
4392.683: [GC (Allocation Failure) [PSYoungGen: 418839K->171859K(465920K)] 881387K->693496K(1864192K), 0.0580060 secs] [Times: user=0.29 sys=0.00, real=0.05 secs] 
4393.338: [GC (Allocation Failure) [PSYoungGen: 404819K->105404K(465920K)] 926456K->692537K(1864192K), 0.1005509 secs] [Times: user=0.54 sys=0.01, real=0.10 secs] 
4393.759: [GC (Allocation Failure) [PSYoungGen: 338364K->178293K(465920K)] 925497K->798915K(1864192K), 0.0421569 secs] [Times: user=0.19 sys=0.01, real=0.04 secs] 
4393.958: [GC (Allocation Failure) [PSYoungGen: 411253K->185750K(465920K)] 1031875K->862003K(1864192K), 0.0686991 secs] [Times: user=0.33 sys=0.00, real=0.07 secs] 
4394.163: [GC (Allocation Failure) [PSYoungGen: 418710K->187349K(465920K)] 1094963K->919907K(1864192K), 0.0461763 secs] [Times: user=0.21 sys=0.00, real=0.04 secs] 
4395.498: [GC (Allocation Failure) [PSYoungGen: 420309K->97499K(465920K)] 1152867K->900657K(1864192K), 0.0788481 secs] [Times: user=0.43 sys=0.00, real=0.08 secs] 
4396.788: [GC (Allocation Failure) [PSYoungGen: 330459K->171924K(465920K)] 1133617K->1006375K(1864192K), 0.0677868 secs] [Times: user=0.33 sys=0.00, real=0.07 secs] 
4397.062: [GC (Allocation Failure) [PSYoungGen: 404884K->185686K(465920K)] 1239335K->1073932K(1864192K), 0.0547282 secs] [Times: user=0.26 sys=0.00, real=0.06 secs] 
4397.230: [GC (Allocation Failure) [PSYoungGen: 418585K->183510K(465920K)] 1306832K->1136237K(1864192K), 0.0504207 secs] [Times: user=0.24 sys=0.00, real=0.05 secs] 
4398.212: [GC (Allocation Failure) [PSYoungGen: 416470K->170515K(465920K)] 1369197K->1181313K(1864192K), 0.0586267 secs] [Times: user=0.29 sys=0.00, real=0.06 secs] 
4399.652: [GC (Allocation Failure) [PSYoungGen: 403475K->106124K(465920K)] 1414273K->1182075K(1864192K), 0.0823765 secs] [Times: user=0.44 sys=0.00, real=0.09 secs] 
4400.004: [GC (Allocation Failure) [PSYoungGen: 334017K->175829K(465920K)] 1409967K->1285837K(1864192K), 0.0356828 secs] [Times: user=0.15 sys=0.00, real=0.03 secs] 
4400.154: [GC (Allocation Failure) [PSYoungGen: 408789K->185558K(465920K)] 1518797K->1350413K(1864192K), 0.0438789 secs] [Times: user=0.20 sys=0.00, real=0.04 secs] 
4400.309: [GC (Allocation Failure) [PSYoungGen: 418518K->187669K(465920K)] 1583373K->1408669K(1864192K), 0.0466984 secs] [Times: user=0.21 sys=0.00, real=0.05 secs] 
4401.513: [GC (Allocation Failure) [PSYoungGen: 420629K->98635K(465920K)] 1641629K->1390203K(1864192K), 0.0479744 secs] [Times: user=0.25 sys=0.00, real=0.04 secs] 
4401.897: [GC (Allocation Failure) [PSYoungGen: 331595K->176085K(465920K)] 1623163K->1499853K(1864192K), 0.0434290 secs] [Times: user=0.19 sys=0.00, real=0.04 secs] 
4401.941: [Full GC (Ergonomics) [PSYoungGen: 176085K->0K(465920K)] [ParOldGen: 1323767K->201449K(1398272K)] 1499853K->201449K(1864192K), [Metaspace: 60445K->60445K(1105920K)], 0.1809595 secs] [Times: user=0.80 sys=0.00, real=0.18 secs] 
4402.275: [GC (Allocation Failure) [PSYoungGen: 232960K->185078K(465920K)] 434409K->386527K(1864192K), 0.0404852 secs] [Times: user=0.17 sys=0.00, real=0.04 secs] 
4402.448: [GC (Allocation Failure) [PSYoungGen: 418038K->180502K(465920K)] 619487K->446392K(1864192K), 0.0432445 secs] [Times: user=0.20 sys=0.00, real=0.04 secs] 
4403.441: [GC (Allocation Failure) [PSYoungGen: 413462K->169107K(465920K)] 679352K->492308K(1864192K), 0.0528780 secs] [Times: user=0.27 sys=0.00, real=0.06 secs] 
4404.452: [GC (Allocation Failure) [PSYoungGen: 401992K->109021K(465920K)] 725194K->496854K(1864192K), 0.1105959 secs] [Times: user=0.60 sys=0.01, real=0.11 secs] 
4404.870: [GC (Allocation Failure) [PSYoungGen: 341981K->194581K(465920K)] 729814K->617330K(1864192K), 0.0399940 secs] [Times: user=0.18 sys=0.00, real=0.04 secs] 
4405.027: [GC (Allocation Failure) [PSYoungGen: 427541K->184471K(465920K)] 850290K->670016K(1864192K), 0.0486360 secs] [Times: user=0.22 sys=0.00, real=0.05 secs] 
4405.216: [GC (Allocation Failure) [PSYoungGen: 417431K->187381K(465920K)] 902976K->731334K(1864192K), 0.0709081 secs] [Times: user=0.36 sys=0.00, real=0.07 secs] 
4406.717: [GC (Allocation Failure) [PSYoungGen: 420341K->97339K(465920K)] 964294K->712008K(1864192K), 0.0746803 secs] [Times: user=0.40 sys=0.00, real=0.07 secs] 
4408.267: [GC (Allocation Failure) [PSYoungGen: 330299K->168500K(465920K)] 944968K->814086K(1864192K), 0.0674408 secs] [Times: user=0.32 sys=0.00, real=0.07 secs] 
4408.491: [GC (Allocation Failure) [PSYoungGen: 401460K->185622K(465920K)] 1047046K->884272K(1864192K), 0.0433586 secs] [Times: user=0.20 sys=0.00, real=0.05 secs] 
4408.692: [GC (Allocation Failure) [PSYoungGen: 415789K->182070K(465920K)] 1114439K->945136K(1864192K), 0.0814634 secs] [Times: user=0.41 sys=0.00, real=0.09 secs] 
4409.732: [GC (Allocation Failure) [PSYoungGen: 415030K->169459K(465920K)] 1178096K->990485K(1864192K), 0.0573545 secs] [Times: user=0.29 sys=0.01, real=0.06 secs] 
4410.519: [GC (Allocation Failure) [PSYoungGen: 402419K->105852K(465920K)] 1223445K->991790K(1864192K), 0.1096352 secs] [Times: user=0.60 sys=0.01, real=0.11 secs] 
4411.008: [GC (Allocation Failure) [PSYoungGen: 331142K->176853K(465920K)] 1217080K->1096888K(1864192K), 0.0352688 secs] [Times: user=0.15 sys=0.01, real=0.04 secs] 
4411.182: [GC (Allocation Failure) [PSYoungGen: 409813K->185174K(465920K)] 1329848K->1160033K(1864192K), 0.0624777 secs] [Times: user=0.30 sys=0.00, real=0.07 secs] 
4411.409: [GC (Allocation Failure) [PSYoungGen: 418134K->187605K(465920K)] 1392993K->1218488K(1864192K), 0.0504381 secs] [Times: user=0.24 sys=0.00, real=0.05 secs] 
4412.713: [GC (Allocation Failure) [PSYoungGen: 420565K->98123K(465920K)] 1451448K->1199671K(1864192K), 0.0451827 secs] [Times: user=0.23 sys=0.00, real=0.04 secs] 
4413.466: [GC (Allocation Failure) [PSYoungGen: 331083K->175349K(465920K)] 1432631K->1308029K(1864192K), 0.0628672 secs] [Times: user=0.30 sys=0.00, real=0.06 secs] 
4413.668: [GC (Allocation Failure) [PSYoungGen: 408309K->185814K(465920K)] 1540989K->1373534K(1864192K), 0.0435865 secs] [Times: user=0.19 sys=0.00, real=0.04 secs] 
4413.825: [GC (Allocation Failure) [PSYoungGen: 418774K->181174K(465920K)] 1606494K->1433366K(1864192K), 0.0496901 secs] [Times: user=0.23 sys=0.00, real=0.05 secs] 
4414.863: [GC (Allocation Failure) [PSYoungGen: 414134K->169619K(465920K)] 1666326K->1479219K(1864192K), 0.0555448 secs] [Times: user=0.28 sys=0.01, real=0.05 secs] 
4416.119: [GC (Allocation Failure) [PSYoungGen: 402579K->108253K(465920K)] 1712179K->1482505K(1864192K), 0.0872863 secs] [Times: user=0.47 sys=0.00, real=0.09 secs] 
4416.207: [Full GC (Ergonomics) [PSYoungGen: 108253K->0K(465920K)] [ParOldGen: 1374252K->125875K(1398272K)] 1482505K->125875K(1864192K), [Metaspace: 60447K->60447K(1105920K)], 0.1794238 secs] [Times: user=0.79 sys=0.00, real=0.18 secs] 
4416.597: [GC (Allocation Failure) [PSYoungGen: 224816K->173845K(465920K)] 350692K->299720K(1864192K), 0.0241670 secs] [Times: user=0.08 sys=0.00, real=0.02 secs] 
4416.761: [GC (Allocation Failure) [PSYoungGen: 406805K->185494K(465920K)] 532680K->365769K(1864192K), 0.0582337 secs] [Times: user=0.27 sys=0.00, real=0.06 secs] 
4416.984: [GC (Allocation Failure) [PSYoungGen: 418454K->187317K(465920K)] 598729K->423704K(1864192K), 0.0652350 secs] [Times: user=0.32 sys=0.00, real=0.06 secs] 
4418.164: [GC (Allocation Failure) [PSYoungGen: 420277K->98299K(465920K)] 656664K->405303K(1864192K), 0.0480012 secs] [Times: user=0.25 sys=0.00, real=0.04 secs] 
4418.900: [GC (Allocation Failure) [PSYoungGen: 331259K->171604K(465920K)] 638263K->510469K(1864192K), 0.0721223 secs] [Times: user=0.35 sys=0.00, real=0.07 secs] 
4419.129: [GC (Allocation Failure) [PSYoungGen: 404564K->185526K(465920K)] 743429K->578038K(1864192K), 0.0419397 secs] [Times: user=0.19 sys=0.00, real=0.04 secs] 
4419.310: [GC (Allocation Failure) [PSYoungGen: 418486K->184823K(465920K)] 810998K->641927K(1864192K), 0.0548860 secs] [Times: user=0.26 sys=0.00, real=0.06 secs] 
4420.188: [GC (Allocation Failure) [PSYoungGen: 413688K->206291K(465920K)] 870792K->722067K(1864192K), 0.0539143 secs] [Times: user=0.27 sys=0.00, real=0.05 secs] 
4420.876: [GC (Allocation Failure) [PSYoungGen: 439251K->105948K(465920K)] 955027K->686388K(1864192K), 0.1100164 secs] [Times: user=0.58 sys=0.01, real=0.11 secs] 
4421.307: [GC (Allocation Failure) [PSYoungGen: 338908K->189205K(465920K)] 919348K->803174K(1864192K), 0.0410650 secs] [Times: user=0.18 sys=0.00, real=0.04 secs] 
4421.486: [GC (Allocation Failure) [PSYoungGen: 422067K->181398K(465920K)] 1036036K->858903K(1864192K), 0.0602659 secs] [Times: user=0.30 sys=0.00, real=0.06 secs] 
4421.684: [GC (Allocation Failure) [PSYoungGen: 414358K->187317K(465920K)] 1091863K->922638K(1864192K), 0.0752177 secs] [Times: user=0.39 sys=0.00, real=0.07 secs] 
4423.211: [GC (Allocation Failure) [PSYoungGen: 420277K->96731K(465920K)] 1155598K->902677K(1864192K), 0.1093271 secs] [Times: user=0.60 sys=0.01, real=0.11 secs] 
4424.246: [GC (Allocation Failure) [PSYoungGen: 329691K->172500K(465920K)] 1135637K->1009443K(1864192K), 0.0585780 secs] [Times: user=0.28 sys=0.00, real=0.06 secs] 
4424.440: [GC (Allocation Failure) [PSYoungGen: 405460K->185654K(465920K)] 1242403K->1076760K(1864192K), 0.0436115 secs] [Times: user=0.19 sys=0.00, real=0.05 secs] 
4424.626: [GC (Allocation Failure) [PSYoungGen: 418556K->182806K(465920K)] 1309662K->1138481K(1864192K), 0.0670558 secs] [Times: user=0.33 sys=0.00, real=0.07 secs] 
4425.609: [GC (Allocation Failure) [PSYoungGen: 415766K->168979K(465920K)] 1371441K->1182557K(1864192K), 0.0555202 secs] [Times: user=0.27 sys=0.01, real=0.06 secs] 
4426.114: [GC (Allocation Failure) [PSYoungGen: 401939K->110269K(465920K)] 1415517K->1188435K(1864192K), 0.1213807 secs] [Times: user=0.66 sys=0.00, real=0.12 secs] 
4426.694: [GC (Allocation Failure) [PSYoungGen: 343229K->179605K(465920K)] 1421395K->1293416K(1864192K), 0.0455539 secs] [Times: user=0.21 sys=0.00, real=0.04 secs] 
4426.897: [GC (Allocation Failure) [PSYoungGen: 412565K->182262K(465920K)] 1526376K->1358798K(1864192K), 0.0715253 secs] [Times: user=0.36 sys=0.01, real=0.07 secs] 
4427.133: [GC (Allocation Failure) [PSYoungGen: 415222K->187637K(465920K)] 1591758K->1422404K(1864192K), 0.0790004 secs] [Times: user=0.40 sys=0.00, real=0.07 secs] 
4428.432: [GC (Allocation Failure) [PSYoungGen: 420597K->98780K(465920K)] 1655364K->1404339K(1864192K), 0.0564703 secs] [Times: user=0.30 sys=0.00, real=0.06 secs] 
4429.285: [GC (Allocation Failure) [PSYoungGen: 331740K->173557K(465920K)] 1637299K->1510801K(1864192K), 0.0627533 secs] [Times: user=0.29 sys=0.00, real=0.06 secs] 
4429.347: [Full GC (Ergonomics) [PSYoungGen: 173557K->0K(465920K)] [ParOldGen: 1337244K->200787K(1398272K)] 1510801K->200787K(1864192K), [Metaspace: 60447K->60447K(1105920K)], 0.2467514 secs] [Times: user=1.15 sys=0.00, real=0.25 secs] 
4429.709: [GC (Allocation Failure) [PSYoungGen: 232960K->185334K(465920K)] 433747K->386121K(1864192K), 0.0324569 secs] [Times: user=0.13 sys=0.00, real=0.03 secs] 
4429.882: [GC (Allocation Failure) [PSYoungGen: 409771K->176246K(465920K)] 610559K->441377K(1864192K), 0.0552300 secs] [Times: user=0.26 sys=0.00, real=0.06 secs] 
4430.849: [GC (Allocation Failure) [PSYoungGen: 409206K->168786K(464896K)] 674337K->489886K(1863168K), 0.0530490 secs] [Times: user=0.26 sys=0.01, real=0.05 secs] 
4432.368: [GC (Allocation Failure) [PSYoungGen: 401746K->106092K(465408K)] 722846K->491536K(1863680K), 0.1183544 secs] [Times: user=0.61 sys=0.00, real=0.12 secs] 
4432.774: [GC (Allocation Failure) [PSYoungGen: 333416K->176341K(465920K)] 718860K->595805K(1864192K), 0.0452472 secs] [Times: user=0.20 sys=0.00, real=0.04 secs] 
4432.942: [GC (Allocation Failure) [PSYoungGen: 409301K->193718K(465920K)] 828765K->668134K(1864192K), 0.0429317 secs] [Times: user=0.19 sys=0.00, real=0.05 secs] 
4433.140: [GC (Allocation Failure) [PSYoungGen: 426678K->187573K(465920K)] 901094K->718221K(1864192K), 0.0616365 secs] [Times: user=0.30 sys=0.00, real=0.06 secs] 
4434.260: [GC (Allocation Failure) [PSYoungGen: 420533K->99228K(465920K)] 951181K->700596K(1864192K), 0.0441066 secs] [Times: user=0.23 sys=0.00, real=0.05 secs] 
4434.914: [GC (Allocation Failure) [PSYoungGen: 332188K->171380K(465920K)] 933556K->804546K(1864192K), 0.0635232 secs] [Times: user=0.31 sys=0.00, real=0.06 secs] 
4435.124: [GC (Allocation Failure) [PSYoungGen: 404340K->185142K(465920K)] 1037506K->872223K(1864192K), 0.0426479 secs] [Times: user=0.18 sys=0.01, real=0.04 secs] 
4435.321: [GC (Allocation Failure) [PSYoungGen: 418102K->184919K(465920K)] 1105183K->936192K(1864192K), 0.0710910 secs] [Times: user=0.35 sys=0.00, real=0.07 secs] 
4436.339: [GC (Allocation Failure) [PSYoungGen: 417879K->212482K(465920K)] 1169152K->1022644K(1864192K), 0.0518797 secs] [Times: user=0.25 sys=0.00, real=0.05 secs] 
4437.174: [GC (Allocation Failure) [PSYoungGen: 445442K->106620K(465920K)] 1255604K->981478K(1864192K), 0.0968025 secs] [Times: user=0.51 sys=0.00, real=0.09 secs] 
4437.795: [GC (Allocation Failure) [PSYoungGen: 332760K->176277K(465920K)] 1207618K->1084995K(1864192K), 0.0462363 secs] [Times: user=0.21 sys=0.00, real=0.04 secs] 
4437.963: [GC (Allocation Failure) [PSYoungGen: 409237K->185238K(465920K)] 1317955K->1149084K(1864192K), 0.0456749 secs] [Times: user=0.21 sys=0.00, real=0.05 secs] 
4438.118: [GC (Allocation Failure) [PSYoungGen: 418198K->187605K(465920K)] 1382044K->1207419K(1864192K), 0.0479051 secs] [Times: user=0.22 sys=0.00, real=0.05 secs] 
4439.356: [GC (Allocation Failure) [PSYoungGen: 420565K->99324K(465920K)] 1440379K->1190026K(1864192K), 0.0683028 secs] [Times: user=0.36 sys=0.00, real=0.07 secs] 
4440.849: [GC (Allocation Failure) [PSYoungGen: 332284K->171188K(465920K)] 1422986K->1293823K(1864192K), 0.0686489 secs] [Times: user=0.33 sys=0.00, real=0.07 secs] 
4441.070: [GC (Allocation Failure) [PSYoungGen: 404148K->182325K(465920K)] 1526783K->1358444K(1864192K), 0.0431339 secs] [Times: user=0.19 sys=0.00, real=0.05 secs] 
4441.229: [GC (Allocation Failure) [PSYoungGen: 415285K->185623K(465920K)] 1591404K->1424877K(1864192K), 0.0506026 secs] [Times: user=0.24 sys=0.00, real=0.05 secs] 
4442.167: [GC (Allocation Failure) [PSYoungGen: 414145K->192243K(465920K)] 1653399K->1490346K(1864192K), 0.0570196 secs] [Times: user=0.29 sys=0.00, real=0.06 secs] 
4442.692: [GC (GCLocker Initiated GC) [PSYoungGen: 425203K->103260K(465920K)] 1723306K->1466939K(1864192K), 0.1011344 secs] [Times: user=0.46 sys=0.01, real=0.11 secs] 
4442.793: [Full GC (Ergonomics) [PSYoungGen: 103260K->0K(465920K)] [ParOldGen: 1363678K->120937K(1398272K)] 1466939K->120937K(1864192K), [Metaspace: 60447K->60447K(1105920K)], 0.1779926 secs] [Times: user=0.68 sys=0.00, real=0.17 secs] 
4443.435: [GC (Allocation Failure) [PSYoungGen: 232960K->176149K(465920K)] 362092K->305282K(1864192K), 0.0904861 secs] [Times: user=0.48 sys=0.00, real=0.09 secs] 
4443.669: [GC (Allocation Failure) [PSYoungGen: 409109K->183286K(465920K)] 538242K->369011K(1864192K), 0.1889419 secs] [Times: user=1.07 sys=0.00, real=0.19 secs] 
4443.965: [GC (Allocation Failure) [PSYoungGen: 416246K->184084K(465920K)] 601971K->427825K(1864192K), 0.0568755 secs] [Times: user=0.29 sys=0.00, real=0.05 secs] 
4445.228: [GC (Allocation Failure) [PSYoungGen: 417044K->102156K(465920K)] 660785K->415337K(1864192K), 0.0786992 secs] [Times: user=0.43 sys=0.01, real=0.08 secs] 
4446.520: [GC (Allocation Failure) [PSYoungGen: 335116K->171764K(465920K)] 648297K->517454K(1864192K), 0.0534139 secs] [Times: user=0.24 sys=0.00, real=0.06 secs] 
4446.706: [GC (Allocation Failure) [PSYoungGen: 404724K->185238K(465920K)] 750414K->585051K(1864192K), 0.0425215 secs] [Times: user=0.19 sys=0.00, real=0.04 secs] 
4446.862: [GC (Allocation Failure) [PSYoungGen: 414281K->180022K(465920K)] 814095K->644116K(1864192K), 0.0489355 secs] [Times: user=0.23 sys=0.00, real=0.05 secs] 
4447.910: [GC (Allocation Failure) [PSYoungGen: 412982K->169171K(465920K)] 877076K->690344K(1864192K), 0.0541737 secs] [Times: user=0.27 sys=0.00, real=0.06 secs] 
4448.713: [GC (Allocation Failure) [PSYoungGen: 402131K->109549K(465920K)] 923304K->695450K(1864192K), 0.0875889 secs] [Times: user=0.47 sys=0.00, real=0.08 secs] 
4449.092: [GC (Allocation Failure) [PSYoungGen: 342509K->179669K(465920K)] 928410K->800839K(1864192K), 0.0368343 secs] [Times: user=0.16 sys=0.00, real=0.04 secs] 
4449.245: [GC (Allocation Failure) [PSYoungGen: 412629K->182582K(465920K)] 1033799K->866437K(1864192K), 0.0492153 secs] [Times: user=0.23 sys=0.00, real=0.05 secs] 
4449.406: [GC (Allocation Failure) [PSYoungGen: 415542K->187285K(465920K)] 1099397K->929452K(1864192K), 0.0576647 secs] [Times: user=0.28 sys=0.00, real=0.06 secs] 
4450.467: [GC (Allocation Failure) [PSYoungGen: 420245K->105036K(465920K)] 1162412K->917787K(1864192K), 0.0486357 secs] [Times: user=0.25 sys=0.00, real=0.05 secs] 
4450.919: [GC (GCLocker Initiated GC) [PSYoungGen: 337996K->170644K(465920K)] 1150748K->1017300K(1864192K), 0.0436707 secs] [Times: user=0.20 sys=0.00, real=0.04 secs] 
4451.077: [GC (Allocation Failure) [PSYoungGen: 403604K->184726K(465920K)] 1250262K->1084992K(1864192K), 0.0434597 secs] [Times: user=0.20 sys=0.00, real=0.04 secs] 
4451.287: [GC (Allocation Failure) [PSYoungGen: 404695K->173301K(465920K)] 1304961K->1137727K(1864192K), 0.0736921 secs] [Times: user=0.37 sys=0.00, real=0.07 secs] 
4452.279: [GC (Allocation Failure) [PSYoungGen: 402525K->205107K(465920K)] 1366951K->1224605K(1864192K), 0.0555334 secs] [Times: user=0.28 sys=0.00, real=0.06 secs] 
4452.941: [GC (Allocation Failure) [PSYoungGen: 438067K->106076K(465920K)] 1457565K->1190070K(1864192K), 0.1046486 secs] [Times: user=0.47 sys=0.01, real=0.11 secs] 
4453.590: [GC (Allocation Failure) [PSYoungGen: 337211K->176757K(465920K)] 1421205K->1294308K(1864192K), 0.0491214 secs] [Times: user=0.22 sys=0.00, real=0.05 secs] 
4453.770: [GC (Allocation Failure) [PSYoungGen: 409712K->184950K(465920K)] 1527263K->1357561K(1864192K), 0.0452553 secs] [Times: user=0.20 sys=0.00, real=0.05 secs] 
4453.956: [GC (Allocation Failure) [PSYoungGen: 417910K->184949K(465920K)] 1590521K->1413528K(1864192K), 0.0604440 secs] [Times: user=0.31 sys=0.00, real=0.06 secs] 
4455.410: [GC (Allocation Failure) [PSYoungGen: 417909K->102140K(465920K)] 1646488K->1400479K(1864192K), 0.1230267 secs] [Times: user=0.68 sys=0.01, real=0.13 secs] 
4456.757: [GC (Allocation Failure) [PSYoungGen: 335100K->166036K(465920K)] 1633439K->1497156K(1864192K), 0.0775577 secs] [Times: user=0.38 sys=0.00, real=0.08 secs] 
4456.834: [Full GC (Ergonomics) [PSYoungGen: 166036K->0K(465920K)] [ParOldGen: 1331120K->191148K(1398272K)] 1497156K->191148K(1864192K), [Metaspace: 60447K->60447K(1105920K)], 0.2291729 secs] [Times: user=1.11 sys=0.00, real=0.23 secs] 
4457.179: [GC (Allocation Failure) [PSYoungGen: 232960K->185398K(465920K)] 424108K->376546K(1864192K), 0.0332074 secs] [Times: user=0.14 sys=0.00, real=0.03 secs] 
4457.340: [GC (Allocation Failure) [PSYoungGen: 418358K->185783K(465920K)] 609506K->441427K(1864192K), 0.0445412 secs] [Times: user=0.19 sys=0.00, real=0.05 secs] 
4458.268: [GC (Allocation Failure) [PSYoungGen: 416966K->211955K(465920K)] 672611K->526520K(1864192K), 0.0548810 secs] [Times: user=0.27 sys=0.00, real=0.05 secs] 
4458.776: [GC (Allocation Failure) [PSYoungGen: 444915K->102700K(465920K)] 759480K->483904K(1864192K), 0.0676385 secs] [Times: user=0.36 sys=0.00, real=0.07 secs] 
4459.137: [GC (Allocation Failure) [PSYoungGen: 335660K->180053K(465920K)] 716864K->594450K(1864192K), 0.0370811 secs] [Times: user=0.15 sys=0.00, real=0.04 secs] 
4459.289: [GC (Allocation Failure) [PSYoungGen: 413013K->185206K(465920K)] 827410K->656079K(1864192K), 0.0436719 secs] [Times: user=0.20 sys=0.00, real=0.05 secs] 
4459.480: [GC (Allocation Failure) [PSYoungGen: 418166K->187125K(465920K)] 889039K->714190K(1864192K), 0.0621445 secs] [Times: user=0.31 sys=0.00, real=0.06 secs] 
4460.683: [GC (Allocation Failure) [PSYoungGen: 420085K->98860K(465920K)] 947150K->696325K(1864192K), 0.0486277 secs] [Times: user=0.25 sys=0.00, real=0.05 secs] 
4461.544: [GC (Allocation Failure) [PSYoungGen: 331820K->172020K(465920K)] 929285K->801338K(1864192K), 0.0774730 secs] [Times: user=0.38 sys=0.00, real=0.07 secs] 
4461.847: [GC (Allocation Failure) [PSYoungGen: 404980K->185110K(465920K)] 1034298K->868656K(1864192K), 0.0533771 secs] [Times: user=0.25 sys=0.00, real=0.05 secs] 
4462.016: [GC (Allocation Failure) [PSYoungGen: 418070K->185911K(465920K)] 1101616K->933745K(1864192K), 0.0501853 secs] [Times: user=0.23 sys=0.00, real=0.05 secs] 
4462.955: [GC (Allocation Failure) [PSYoungGen: 414273K->205619K(465920K)] 1162107K->1012397K(1864192K), 0.0551250 secs] [Times: user=0.27 sys=0.01, real=0.05 secs] 
4464.014: [GC (Allocation Failure) [PSYoungGen: 438579K->102380K(465920K)] 1245357K->973606K(1864192K), 0.1043984 secs] [Times: user=0.56 sys=0.01, real=0.10 secs] 
4464.438: [GC (Allocation Failure) [PSYoungGen: 333481K->180502K(465920K)] 1204707K->1084644K(1864192K), 0.0352611 secs] [Times: user=0.15 sys=0.00, real=0.04 secs] 
4464.588: [GC (Allocation Failure) [PSYoungGen: 413462K->184886K(465920K)] 1317604K->1145333K(1864192K), 0.0440639 secs] [Times: user=0.20 sys=0.00, real=0.04 secs] 
4464.743: [GC (Allocation Failure) [PSYoungGen: 417846K->187765K(465920K)] 1378293K->1204364K(1864192K), 0.0464459 secs] [Times: user=0.21 sys=0.00, real=0.05 secs] 
4465.845: [GC (GCLocker Initiated GC) [PSYoungGen: 420725K->98683K(465920K)] 1437326K->1185973K(1864192K), 0.0547912 secs] [Times: user=0.30 sys=0.00, real=0.05 secs] 
4466.281: [GC (Allocation Failure) [PSYoungGen: 331643K->172180K(465920K)] 1419064K->1291757K(1864192K), 0.0678075 secs] [Times: user=0.33 sys=0.00, real=0.07 secs] 
4466.499: [GC (Allocation Failure) [PSYoungGen: 405140K->185238K(465920K)] 1524717K->1358782K(1864192K), 0.0431935 secs] [Times: user=0.19 sys=0.00, real=0.04 secs] 
4466.658: [GC (Allocation Failure) [PSYoungGen: 418198K->184919K(465920K)] 1591742K->1422711K(1864192K), 0.0500144 secs] [Times: user=0.23 sys=0.00, real=0.05 secs] 
4467.698: [GC (Allocation Failure) [PSYoungGen: 417879K->212480K(465920K)] 1655671K->1509080K(1864192K), 0.0504833 secs] [Times: user=0.25 sys=0.00, real=0.05 secs] 
4468.732: [GC (Allocation Failure) [PSYoungGen: 445440K->105500K(465920K)] 1742040K->1466741K(1864192K), 0.1116010 secs] [Times: user=0.60 sys=0.01, real=0.12 secs] 
4468.844: [Full GC (Ergonomics) [PSYoungGen: 105500K->0K(465920K)] [ParOldGen: 1361240K->123633K(1398272K)] 1466741K->123633K(1864192K), [Metaspace: 60447K->60447K(1105920K)], 0.1873902 secs] [Times: user=0.84 sys=0.00, real=0.18 secs] 
4469.487: [GC (Allocation Failure) [PSYoungGen: 226568K->177717K(465920K)] 350201K->301350K(1864192K), 0.0247256 secs] [Times: user=0.08 sys=0.00, real=0.02 secs] 
4469.623: [GC (Allocation Failure) [PSYoungGen: 410677K->185750K(465920K)] 534310K->364715K(1864192K), 0.0415966 secs] [Times: user=0.19 sys=0.00, real=0.04 secs] 
4469.793: [GC (Allocation Failure) [PSYoungGen: 418710K->187797K(465920K)] 597675K->423114K(1864192K), 0.0498886 secs] [Times: user=0.24 sys=0.00, real=0.05 secs] 
4471.182: [GC (Allocation Failure) [PSYoungGen: 420757K->98171K(465920K)] 656074K->404409K(1864192K), 0.0732390 secs] [Times: user=0.39 sys=0.01, real=0.08 secs] 
4473.125: [GC (Allocation Failure) [PSYoungGen: 331131K->166388K(465920K)] 637369K->503710K(1864192K), 0.0736634 secs] [Times: user=0.36 sys=0.00, real=0.07 secs] 
4473.361: [GC (Allocation Failure) [PSYoungGen: 399348K->185814K(465920K)] 736670K->575180K(1864192K), 0.0421845 secs] [Times: user=0.19 sys=0.00, real=0.05 secs] 
4473.549: [GC (Allocation Failure) [PSYoungGen: 418774K->186359K(465920K)] 808140K->640197K(1864192K), 0.0708523 secs] [Times: user=0.35 sys=0.00, real=0.07 secs] 
4474.540: [GC (Allocation Failure) [PSYoungGen: 417430K->208275K(465920K)] 871268K->721409K(1864192K), 0.0566727 secs] [Times: user=0.28 sys=0.00, real=0.06 secs] 
4475.024: [GC (Allocation Failure) [PSYoungGen: 441235K->103452K(465920K)] 954369K->682106K(1864192K), 0.0716177 secs] [Times: user=0.38 sys=0.00, real=0.07 secs] 
4475.868: [GC (Allocation Failure) [PSYoungGen: 336412K->180053K(465920K)] 915066K->791341K(1864192K), 0.0493084 secs] [Times: user=0.22 sys=0.01, real=0.05 secs] 
4476.047: [GC (Allocation Failure) [PSYoungGen: 413013K->185430K(465920K)] 1024301K->853401K(1864192K), 0.0437930 secs] [Times: user=0.20 sys=0.00, real=0.04 secs] 
4476.203: [GC (Allocation Failure) [PSYoungGen: 418390K->187445K(465920K)] 1086361K->911672K(1864192K), 0.0462375 secs] [Times: user=0.22 sys=0.00, real=0.05 secs] 
4477.395: [GC (Allocation Failure) [PSYoungGen: 420405K->101260K(465920K)] 1144632K->896095K(1864192K), 0.0577982 secs] [Times: user=0.30 sys=0.00, real=0.06 secs] 
4478.233: [GC (Allocation Failure) [PSYoungGen: 334220K->173108K(465920K)] 1129055K->1000261K(1864192K), 0.0730798 secs] [Times: user=0.35 sys=0.00, real=0.07 secs] 
4478.512: [GC (Allocation Failure) [PSYoungGen: 406068K->185174K(465920K)] 1233221K->1066918K(1864192K), 0.0520047 secs] [Times: user=0.25 sys=0.00, real=0.06 secs] 
4478.713: [GC (Allocation Failure) [PSYoungGen: 414840K->181078K(465920K)] 1296584K->1127102K(1864192K), 0.0739872 secs] [Times: user=0.37 sys=0.00, real=0.07 secs] 
4479.620: [GC (Allocation Failure) [PSYoungGen: 409445K->206163K(465920K)] 1355469K->1209691K(1864192K), 0.0540607 secs] [Times: user=0.27 sys=0.00, real=0.06 secs] 
4480.934: [GC (Allocation Failure) [PSYoungGen: 439123K->100780K(465920K)] 1442651K->1168932K(1864192K), 0.0994738 secs] [Times: user=0.54 sys=0.01, real=0.10 secs] 
4481.489: [GC (Allocation Failure) [PSYoungGen: 333740K->180661K(465920K)] 1401892K->1280991K(1864192K), 0.0453336 secs] [Times: user=0.20 sys=0.00, real=0.05 secs] 
4481.687: [GC (Allocation Failure) [PSYoungGen: 413621K->182069K(465920K)] 1513951K->1338442K(1864192K), 0.0650398 secs] [Times: user=0.31 sys=0.00, real=0.06 secs] 
4481.931: [GC (Allocation Failure) [PSYoungGen: 415029K->187637K(465920K)] 1571402K->1399266K(1864192K), 0.0677291 secs] [Times: user=0.33 sys=0.00, real=0.07 secs] 
4483.055: [GC (Allocation Failure) [PSYoungGen: 420597K->105564K(465920K)] 1632226K->1387882K(1864192K), 0.0492899 secs] [Times: user=0.25 sys=0.00, real=0.05 secs] 
4484.064: [GC (Allocation Failure) [PSYoungGen: 338524K->168916K(465920K)] 1620842K->1485038K(1864192K), 0.0868811 secs] [Times: user=0.43 sys=0.00, real=0.08 secs] 
4484.151: [Full GC (Ergonomics) [PSYoungGen: 168916K->0K(465920K)] [ParOldGen: 1316122K->193818K(1398272K)] 1485038K->193818K(1864192K), [Metaspace: 60447K->60447K(1105920K)], 0.2409571 secs] [Times: user=1.15 sys=0.00, real=0.24 secs] 
4484.513: [GC (Allocation Failure) [PSYoungGen: 232960K->201686K(465920K)] 426778K->395505K(1864192K), 0.0341522 secs] [Times: user=0.14 sys=0.00, real=0.03 secs] 
4484.683: [GC (Allocation Failure) [PSYoungGen: 434646K->183190K(465920K)] 628465K->441457K(1864192K), 0.0439887 secs] [Times: user=0.20 sys=0.00, real=0.04 secs] 
4485.700: [GC (Allocation Failure) [PSYoungGen: 416150K->171763K(465920K)] 674417K->487942K(1864192K), 0.0539146 secs] [Times: user=0.27 sys=0.00, real=0.06 secs] 
4486.834: [GC (Allocation Failure) [PSYoungGen: 404723K->106460K(465920K)] 720902K->488031K(1864192K), 0.1097401 secs] [Times: user=0.60 sys=0.00, real=0.11 secs] 
4487.189: [GC (Allocation Failure) [PSYoungGen: 339420K->180693K(465920K)] 720991K->596960K(1864192K), 0.0361919 secs] [Times: user=0.16 sys=0.00, real=0.04 secs] 
4487.341: [GC (Allocation Failure) [PSYoungGen: 413653K->182262K(465920K)] 829920K->661386K(1864192K), 0.0489949 secs] [Times: user=0.23 sys=0.00, real=0.05 secs] 
4487.501: [GC (Allocation Failure) [PSYoungGen: 415222K->187509K(465920K)] 894346K->724656K(1864192K), 0.0581502 secs] [Times: user=0.29 sys=0.00, real=0.06 secs] 
4488.747: [GC (Allocation Failure) [PSYoungGen: 420469K->100444K(465920K)] 957616K->708279K(1864192K), 0.0661267 secs] [Times: user=0.35 sys=0.00, real=0.07 secs] 
4489.722: [GC (Allocation Failure) [PSYoungGen: 333404K->169268K(465920K)] 941239K->809300K(1864192K), 0.0688929 secs] [Times: user=0.33 sys=0.00, real=0.07 secs] 
4490.006: [GC (Allocation Failure) [PSYoungGen: 402228K->185558K(465920K)] 1042260K->878834K(1864192K), 0.0531924 secs] [Times: user=0.26 sys=0.00, real=0.05 secs] 
4490.170: [GC (Allocation Failure) [PSYoungGen: 414275K->179478K(465920K)] 1107552K->937346K(1864192K), 0.0493382 secs] [Times: user=0.23 sys=0.00, real=0.05 secs] 
4491.137: [GC (Allocation Failure) [PSYoungGen: 412438K->169363K(465920K)] 1170306K->984119K(1864192K), 0.0540427 secs] [Times: user=0.27 sys=0.00, real=0.05 secs] 
4491.663: [GC (GCLocker Initiated GC) [PSYoungGen: 402323K->113645K(465920K)] 1217079K->993122K(1864192K), 0.0854991 secs] [Times: user=0.45 sys=0.00, real=0.08 secs] 
4492.264: [GC (Allocation Failure) [PSYoungGen: 346605K->183188K(465920K)] 1226086K->1099086K(1864192K), 0.0486040 secs] [Times: user=0.22 sys=0.00, real=0.04 secs] 
4492.491: [GC (Allocation Failure) [PSYoungGen: 416148K->182710K(465920K)] 1332046K->1160123K(1864192K), 0.0735552 secs] [Times: user=0.37 sys=0.00, real=0.08 secs] 
4492.734: [GC (Allocation Failure) [PSYoungGen: 415670K->187221K(465920K)] 1393083K->1222826K(1864192K), 0.0744085 secs] [Times: user=0.39 sys=0.00, real=0.07 secs] 
4493.913: [GC (Allocation Failure) [PSYoungGen: 420181K->104092K(465920K)] 1455786K->1210377K(1864192K), 0.0562289 secs] [Times: user=0.28 sys=0.00, real=0.05 secs] 
4495.136: [GC (Allocation Failure) [PSYoungGen: 337052K->167316K(465920K)] 1443337K->1306934K(1864192K), 0.0703369 secs] [Times: user=0.34 sys=0.00, real=0.07 secs] 
4495.417: [GC (Allocation Failure) [PSYoungGen: 400276K->185558K(465920K)] 1539894K->1378072K(1864192K), 0.0571252 secs] [Times: user=0.26 sys=0.00, real=0.06 secs] 
4495.588: [GC (Allocation Failure) [PSYoungGen: 412454K->177622K(465920K)] 1604968K->1434488K(1864192K), 0.0495096 secs] [Times: user=0.23 sys=0.00, real=0.05 secs] 
4496.592: [GC (Allocation Failure) [PSYoungGen: 410582K->169395K(457728K)] 1667448K->1482821K(1856000K), 0.0569880 secs] [Times: user=0.29 sys=0.00, real=0.06 secs] 
4497.219: [GC (Allocation Failure) [PSYoungGen: 402355K->111677K(461824K)] 1715781K->1490023K(1860096K), 0.1037537 secs] [Times: user=0.53 sys=0.01, real=0.11 secs] 
4497.323: [Full GC (Ergonomics) [PSYoungGen: 111677K->0K(461824K)] [ParOldGen: 1378346K->129278K(1398272K)] 1490023K->129278K(1860096K), [Metaspace: 60453K->60453K(1105920K)], 0.1929070 secs] [Times: user=0.87 sys=0.01, real=0.19 secs] 
4497.772: [GC (Allocation Failure) [PSYoungGen: 232960K->187925K(464896K)] 362238K->317203K(1863168K), 0.0268364 secs] [Times: user=0.10 sys=0.00, real=0.03 secs] 
4497.949: [GC (Allocation Failure) [PSYoungGen: 420885K->182678K(465920K)] 550163K->374768K(1864192K), 0.0516462 secs] [Times: user=0.24 sys=0.00, real=0.05 secs] 
4498.143: [GC (Allocation Failure) [PSYoungGen: 415638K->187189K(465920K)] 607728K->437543K(1864192K), 0.0793249 secs] [Times: user=0.41 sys=0.00, real=0.07 secs] 
4499.236: [GC (Allocation Failure) [PSYoungGen: 420149K->101164K(465920K)] 670503K->422014K(1864192K), 0.0527478 secs] [Times: user=0.28 sys=0.00, real=0.05 secs] 
4499.805: [GC (Allocation Failure) [PSYoungGen: 334124K->173140K(465920K)] 654974K->526599K(1864192K), 0.0627813 secs] [Times: user=0.29 sys=0.01, real=0.06 secs] 
4500.029: [GC (Allocation Failure) [PSYoungGen: 406100K->184758K(465920K)] 759559K->592948K(1864192K), 0.0428928 secs] [Times: user=0.19 sys=0.00, real=0.04 secs] 
4500.181: [GC (Allocation Failure) [PSYoungGen: 403839K->172149K(465920K)] 812030K->644595K(1864192K), 0.0475780 secs] [Times: user=0.23 sys=0.00, real=0.05 secs] 
4501.085: [GC (Allocation Failure) [PSYoungGen: 401322K->206835K(465920K)] 873768K->733961K(1864192K), 0.0535728 secs] [Times: user=0.27 sys=0.00, real=0.05 secs] 
4501.692: [GC (Allocation Failure) [PSYoungGen: 439795K->106124K(465920K)] 966921K->698147K(1864192K), 0.0497590 secs] [Times: user=0.26 sys=0.00, real=0.05 secs] 
4501.980: [GC (Allocation Failure) [PSYoungGen: 339084K->184501K(465920K)] 931107K->810484K(1864192K), 0.0353117 secs] [Times: user=0.15 sys=0.00, real=0.04 secs] 
4502.132: [GC (Allocation Failure) [PSYoungGen: 417461K->181014K(465920K)] 1043444K->870422K(1864192K), 0.0492917 secs] [Times: user=0.23 sys=0.00, real=0.05 secs] 
4502.293: [GC (Allocation Failure) [PSYoungGen: 413974K->187797K(465920K)] 1103382K->935012K(1864192K), 0.0563917 secs] [Times: user=0.28 sys=0.00, real=0.05 secs] 
4503.650: [GC (Allocation Failure) [PSYoungGen: 420757K->96331K(465920K)] 1167972K->914287K(1864192K), 0.0770646 secs] [Times: user=0.41 sys=0.00, real=0.08 secs] 
4504.927: [GC (Allocation Failure) [PSYoungGen: 329291K->171348K(465920K)] 1147247K->1020301K(1864192K), 0.0746236 secs] [Times: user=0.35 sys=0.00, real=0.07 secs] 
4505.177: [GC (Allocation Failure) [PSYoungGen: 404308K->185718K(465920K)] 1253261K->1088298K(1864192K), 0.0430815 secs] [Times: user=0.19 sys=0.00, real=0.04 secs] 
4505.389: [GC (Allocation Failure) [PSYoungGen: 418263K->185015K(465920K)] 1320844K->1152115K(1864192K), 0.0745591 secs] [Times: user=0.37 sys=0.00, real=0.08 secs] 
4506.402: [GC (Allocation Failure) [PSYoungGen: 417975K->168594K(465920K)] 1385075K->1194407K(1864192K), 0.0574839 secs] [Times: user=0.29 sys=0.00, real=0.06 secs] 
4506.849: [GC (Allocation Failure) [PSYoungGen: 401554K->110925K(465920K)] 1427367K->1201333K(1864192K), 0.0597743 secs] [Times: user=0.31 sys=0.00, real=0.06 secs] 
4507.198: [GC (Allocation Failure) [PSYoungGen: 343885K->177141K(465920K)] 1434293K->1302918K(1864192K), 0.0518250 secs] [Times: user=0.23 sys=0.00, real=0.05 secs] 
4507.387: [GC (Allocation Failure) [PSYoungGen: 410101K->184599K(465920K)] 1535878K->1372764K(1864192K), 0.0501845 secs] [Times: user=0.23 sys=0.00, real=0.05 secs] 
4507.547: [GC (Allocation Failure) [PSYoungGen: 417559K->184372K(465920K)] 1605724K->1431154K(1864192K), 0.0598342 secs] [Times: user=0.29 sys=0.00, real=0.06 secs] 
4508.880: [GC (GCLocker Initiated GC) [PSYoungGen: 417332K->104380K(465920K)] 1664114K->1420758K(1864192K), 0.0488487 secs] [Times: user=0.25 sys=0.01, real=0.05 secs] 
4508.929: [Full GC (Ergonomics) [PSYoungGen: 104380K->0K(465920K)] [ParOldGen: 1316377K->98623K(1398272K)] 1420758K->98623K(1864192K), [Metaspace: 60453K->60453K(1105920K)], 0.0568941 secs] [Times: user=0.20 sys=0.00, real=0.06 secs] 
4509.738: [GC (Allocation Failure) [PSYoungGen: 232960K->173236K(465920K)] 331749K->272026K(1864192K), 0.0353047 secs] [Times: user=0.13 sys=0.00, real=0.04 secs] 
4509.995: [GC (Allocation Failure) [PSYoungGen: 406196K->179797K(465920K)] 504986K->332751K(1864192K), 0.0580255 secs] [Times: user=0.27 sys=0.00, real=0.06 secs] 
4510.175: [GC (Allocation Failure) [PSYoungGen: 407916K->179734K(465920K)] 560870K->395760K(1864192K), 0.0477239 secs] [Times: user=0.22 sys=0.00, real=0.05 secs] 
4511.139: [GC (Allocation Failure) [PSYoungGen: 412694K->168723K(401920K)] 628720K->441933K(1800192K), 0.0539963 secs] [Times: user=0.26 sys=0.00, real=0.06 secs] 
4511.870: [GC (Allocation Failure) [PSYoungGen: 401683K->113485K(460288K)] 674893K->451259K(1858560K), 0.0890258 secs] [Times: user=0.47 sys=0.00, real=0.09 secs] 
4512.487: [GC (Allocation Failure) [PSYoungGen: 343885K->175476K(462848K)] 681659K->549351K(1861120K), 0.0502466 secs] [Times: user=0.23 sys=0.00, real=0.05 secs] 
4512.670: [GC (Allocation Failure) [PSYoungGen: 405876K->183542K(465408K)] 779751K->619077K(1863680K), 0.0482585 secs] [Times: user=0.22 sys=0.00, real=0.05 secs] 
4512.884: [GC (Allocation Failure) [PSYoungGen: 418550K->189141K(424448K)] 854085K->682812K(1822720K), 0.0809865 secs] [Times: user=0.41 sys=0.00, real=0.08 secs] 
4514.091: [GC (Allocation Failure) [PSYoungGen: 424149K->98844K(465920K)] 917820K->663579K(1864192K), 0.0532597 secs] [Times: user=0.28 sys=0.00, real=0.06 secs] 
4514.573: [GC (Allocation Failure) [PSYoungGen: 331804K->172372K(465920K)] 896539K->769168K(1864192K), 0.0568002 secs] [Times: user=0.26 sys=0.00, real=0.05 secs] 
4514.764: [GC (Allocation Failure) [PSYoungGen: 405332K->185174K(465920K)] 1002128K->836214K(1864192K), 0.0423971 secs] [Times: user=0.19 sys=0.00, real=0.04 secs] 
4514.915: [GC (Allocation Failure) [PSYoungGen: 404516K->173621K(465920K)] 1055556K->888885K(1864192K), 0.0475142 secs] [Times: user=0.22 sys=0.00, real=0.04 secs] 
4515.832: [GC (Allocation Failure) [PSYoungGen: 406581K->212610K(465920K)] 1121845K->983130K(1864192K), 0.0482004 secs] [Times: user=0.23 sys=0.00, real=0.05 secs] 
4516.609: [GC (Allocation Failure) [PSYoungGen: 445570K->109581K(465920K)] 1216090K->944789K(1864192K), 0.0575352 secs] [Times: user=0.30 sys=0.00, real=0.06 secs] 
4516.953: [GC (Allocation Failure) [PSYoungGen: 342541K->177845K(465920K)] 1177749K->1047922K(1864192K), 0.0368705 secs] [Times: user=0.16 sys=0.01, real=0.03 secs] 
4517.108: [GC (Allocation Failure) [PSYoungGen: 410805K->185175K(465920K)] 1280882K->1117880K(1864192K), 0.0538080 secs] [Times: user=0.25 sys=0.00, real=0.05 secs] 
4517.274: [GC (Allocation Failure) [PSYoungGen: 418135K->187349K(465920K)] 1350840K->1178991K(1864192K), 0.0626919 secs] [Times: user=0.31 sys=0.00, real=0.06 secs] 
4518.897: [GC (Allocation Failure) [PSYoungGen: 420309K->95451K(465920K)] 1411951K->1157597K(1864192K), 0.1287073 secs] [Times: user=0.71 sys=0.01, real=0.13 secs] 
4519.669: [GC (Allocation Failure) [PSYoungGen: 328411K->173621K(465920K)] 1390557K->1266523K(1864192K), 0.0660370 secs] [Times: user=0.31 sys=0.00, real=0.07 secs] 
4519.947: [GC (Allocation Failure) [PSYoungGen: 406581K->185622K(465920K)] 1499483K->1333065K(1864192K), 0.0587022 secs] [Times: user=0.29 sys=0.00, real=0.06 secs] 
4520.142: [GC (Allocation Failure) [PSYoungGen: 409673K->178422K(465920K)] 1557116K->1390481K(1864192K), 0.0729254 secs] [Times: user=0.36 sys=0.00, real=0.08 secs] 
4521.169: [GC (Allocation Failure) [PSYoungGen: 411382K->168915K(465920K)] 1623441K->1437501K(1864192K), 0.0591652 secs] [Times: user=0.30 sys=0.00, real=0.06 secs] 
4521.959: [GC (Allocation Failure) [PSYoungGen: 401875K->109389K(465920K)] 1670461K->1442728K(1864192K), 0.0851783 secs] [Times: user=0.46 sys=0.00, real=0.09 secs] 
4522.045: [Full GC (Ergonomics) [PSYoungGen: 109389K->0K(465920K)] [ParOldGen: 1333338K->126723K(1398272K)] 1442728K->126723K(1864192K), [Metaspace: 60453K->60453K(1105920K)], 0.1625340 secs] [Times: user=0.72 sys=0.00, real=0.16 secs] 
4522.457: [GC (Allocation Failure) [PSYoungGen: 227474K->173621K(465920K)] 354197K->300344K(1864192K), 0.0239548 secs] [Times: user=0.08 sys=0.00, real=0.02 secs] 
4522.596: [GC (Allocation Failure) [PSYoungGen: 406581K->185462K(465920K)] 533304K->366273K(1864192K), 0.0411171 secs] [Times: user=0.19 sys=0.00, real=0.04 secs] 
4522.746: [GC (Allocation Failure) [PSYoungGen: 418422K->217172K(465920K)] 599233K->454168K(1864192K), 0.0456907 secs] [Times: user=0.21 sys=0.00, real=0.04 secs] 
4523.876: [GC (Allocation Failure) [PSYoungGen: 450132K->103116K(465920K)] 687128K->409736K(1864192K), 0.0436880 secs] [Times: user=0.22 sys=0.00, real=0.04 secs] 
4524.760: [GC (Allocation Failure) [PSYoungGen: 336076K->172180K(465920K)] 642696K->511793K(1864192K), 0.0920844 secs] [Times: user=0.40 sys=0.00, real=0.09 secs] 
4525.058: [GC (Allocation Failure) [PSYoungGen: 405140K->185270K(465920K)] 744753K->578818K(1864192K), 0.0564053 secs] [Times: user=0.27 sys=0.00, real=0.06 secs] 
4525.238: [GC (Allocation Failure) [PSYoungGen: 418230K->182710K(465920K)] 811778K->640699K(1864192K), 0.0495882 secs] [Times: user=0.23 sys=0.00, real=0.05 secs] 
4526.137: [GC (Allocation Failure) [PSYoungGen: 411752K->207155K(465920K)] 869741K->723047K(1864192K), 0.0558999 secs] [Times: user=0.27 sys=0.00, real=0.06 secs] 
4527.230: [GC (Allocation Failure) [PSYoungGen: 440115K->104076K(465920K)] 956007K->684937K(1864192K), 0.0893217 secs] [Times: user=0.48 sys=0.00, real=0.09 secs] 
4527.694: [GC (Allocation Failure) [PSYoungGen: 334518K->178773K(465920K)] 915379K->792791K(1864192K), 0.0376401 secs] [Times: user=0.16 sys=0.00, real=0.03 secs] 
4527.848: [GC (Allocation Failure) [PSYoungGen: 411733K->185622K(465920K)] 1025751K->855591K(1864192K), 0.0444415 secs] [Times: user=0.20 sys=0.00, real=0.04 secs] 
4528.004: [GC (Allocation Failure) [PSYoungGen: 418582K->187317K(465920K)] 1088551K->913510K(1864192K), 0.0470147 secs] [Times: user=0.22 sys=0.00, real=0.04 secs] 
4529.120: [GC (Allocation Failure) [PSYoungGen: 420277K->99004K(465920K)] 1146470K->895653K(1864192K), 0.0570571 secs] [Times: user=0.30 sys=0.00, real=0.06 secs] 
4529.847: [GC (Allocation Failure) [PSYoungGen: 331964K->174805K(465920K)] 1128613K->1003075K(1864192K), 0.0594593 secs] [Times: user=0.28 sys=0.00, real=0.06 secs] 
4530.037: [GC (Allocation Failure) [PSYoungGen: 407765K->182197K(465920K)] 1236035K->1065180K(1864192K), 0.0439386 secs] [Times: user=0.19 sys=0.00, real=0.04 secs] 
4530.227: [GC (Allocation Failure) [PSYoungGen: 415157K->184855K(465920K)] 1298140K->1131389K(1864192K), 0.0747967 secs] [Times: user=0.37 sys=0.00, real=0.07 secs] 
4531.227: [GC (Allocation Failure) [PSYoungGen: 417815K->169011K(465920K)] 1364349K->1174345K(1864192K), 0.0546424 secs] [Times: user=0.27 sys=0.00, real=0.05 secs] 
4532.092: [GC (Allocation Failure) [PSYoungGen: 401971K->108637K(465920K)] 1407305K->1178683K(1864192K), 0.1126111 secs] [Times: user=0.61 sys=0.00, real=0.12 secs] 
4533.062: [GC (Allocation Failure) [PSYoungGen: 338596K->174293K(465920K)] 1408642K->1278864K(1864192K), 0.0508023 secs] [Times: user=0.22 sys=0.00, real=0.05 secs] 
4533.244: [GC (Allocation Failure) [PSYoungGen: 407253K->185782K(465920K)] 1511824K->1344769K(1864192K), 0.0457378 secs] [Times: user=0.21 sys=0.00, real=0.04 secs] 
4533.449: [GC (Allocation Failure) [PSYoungGen: 418742K->187509K(465920K)] 1577729K->1402760K(1864192K), 0.0675387 secs] [Times: user=0.33 sys=0.00, real=0.07 secs] 
4535.015: [GC (Allocation Failure) [PSYoungGen: 420469K->96939K(465920K)] 1635720K->1382951K(1864192K), 0.1259113 secs] [Times: user=0.58 sys=0.00, real=0.12 secs] 
4536.232: [GC (Allocation Failure) [PSYoungGen: 329899K->172820K(465920K)] 1615911K->1490117K(1864192K), 0.0839565 secs] [Times: user=0.40 sys=0.00, real=0.09 secs] 
4536.316: [Full GC (Ergonomics) [PSYoungGen: 172820K->0K(465920K)] [ParOldGen: 1317296K->197701K(1398272K)] 1490117K->197701K(1864192K), [Metaspace: 60455K->60455K(1105920K)], 0.2444446 secs] [Times: user=1.19 sys=0.01, real=0.24 secs] 
4536.677: [GC (Allocation Failure) [PSYoungGen: 232960K->182741K(465920K)] 430661K->380443K(1864192K), 0.0332345 secs] [Times: user=0.14 sys=0.00, real=0.03 secs] 
4536.844: [GC (Allocation Failure) [PSYoungGen: 415701K->185911K(465920K)] 613403K->447509K(1864192K), 0.0436137 secs] [Times: user=0.20 sys=0.01, real=0.04 secs] 
4537.799: [GC (Allocation Failure) [PSYoungGen: 418871K->169459K(465920K)] 680469K->490073K(1864192K), 0.0559803 secs] [Times: user=0.28 sys=0.00, real=0.06 secs] 
4538.560: [GC (Allocation Failure) [PSYoungGen: 402351K->108445K(465920K)] 722965K->493850K(1864192K), 0.1049310 secs] [Times: user=0.57 sys=0.01, real=0.11 secs] 
4539.000: [GC (Allocation Failure) [PSYoungGen: 341405K->180085K(465920K)] 726810K->600192K(1864192K), 0.0425484 secs] [Times: user=0.19 sys=0.00, real=0.05 secs] 
4539.187: [GC (Allocation Failure) [PSYoungGen: 413045K->182422K(465920K)] 833152K->665541K(1864192K), 0.0696161 secs] [Times: user=0.34 sys=0.00, real=0.07 secs] 
4539.438: [GC (Allocation Failure) [PSYoungGen: 415382K->186517K(465920K)] 898501K->727404K(1864192K), 0.0715601 secs] [Times: user=0.36 sys=0.01, real=0.07 secs] 
4540.580: [GC (Allocation Failure) [PSYoungGen: 419477K->101980K(465920K)] 960364K->713123K(1864192K), 0.0516601 secs] [Times: user=0.27 sys=0.00, real=0.05 secs] 
4541.693: [GC (Allocation Failure) [PSYoungGen: 334940K->166516K(465920K)] 946083K->810375K(1864192K), 0.0686551 secs] [Times: user=0.33 sys=0.00, real=0.06 secs] 
4541.925: [GC (Allocation Failure) [PSYoungGen: 399476K->185462K(465920K)] 1043335K->882153K(1864192K), 0.0428890 secs] [Times: user=0.19 sys=0.00, real=0.04 secs] 
4542.082: [GC (Allocation Failure) [PSYoungGen: 415596K->181462K(465920K)] 1112288K->942538K(1864192K), 0.0497155 secs] [Times: user=0.24 sys=0.00, real=0.05 secs] 
4543.069: [GC (Allocation Failure) [PSYoungGen: 414422K->169075K(402432K)] 1175498K->987887K(1800704K), 0.0546637 secs] [Times: user=0.27 sys=0.00, real=0.06 secs] 
4543.762: [GC (Allocation Failure) [PSYoungGen: 402035K->114061K(462848K)] 1220847K->997529K(1861120K), 0.0801975 secs] [Times: user=0.42 sys=0.00, real=0.08 secs] 
4544.444: [GC (Allocation Failure) [PSYoungGen: 345485K->175860K(464384K)] 1228953K->1095597K(1862656K), 0.0419664 secs] [Times: user=0.19 sys=0.01, real=0.04 secs] 
4544.603: [GC (Allocation Failure) [PSYoungGen: 407284K->183862K(464896K)] 1327021K->1165487K(1863168K), 0.0493549 secs] [Times: user=0.23 sys=0.00, real=0.04 secs] 
4544.764: [GC (Allocation Failure) [PSYoungGen: 416822K->187253K(465920K)] 1398447K->1227102K(1864192K), 0.0581260 secs] [Times: user=0.29 sys=0.00, real=0.05 secs] 
4545.906: [GC (Allocation Failure) [PSYoungGen: 420213K->97083K(465920K)] 1460062K->1207620K(1864192K), 0.0519310 secs] [Times: user=0.27 sys=0.00, real=0.05 secs] 
4546.406: [GC (Allocation Failure) [PSYoungGen: 330043K->173300K(465920K)] 1440580K->1315162K(1864192K), 0.0436171 secs] [Times: user=0.18 sys=0.00, real=0.04 secs] 
4546.564: [GC (Allocation Failure) [PSYoungGen: 406260K->185622K(465920K)] 1548122K->1381860K(1864192K), 0.0448381 secs] [Times: user=0.20 sys=0.00, real=0.04 secs] 
4546.720: [GC (Allocation Failure) [PSYoungGen: 405510K->175509K(465920K)] 1601748K->1436291K(1864192K), 0.0503695 secs] [Times: user=0.24 sys=0.00, real=0.05 secs] 
4547.729: [GC (Allocation Failure) [PSYoungGen: 408469K->168819K(459776K)] 1669251K->1485392K(1858048K), 0.0570690 secs] [Times: user=0.29 sys=0.00, real=0.06 secs] 
4547.787: [Full GC (Ergonomics) [PSYoungGen: 168819K->0K(459776K)] [ParOldGen: 1316573K->358335K(1398272K)] 1485392K->358335K(1858048K), [Metaspace: 60458K->60458K(1105920K)], 0.5811929 secs] [Times: user=2.51 sys=0.00, real=0.58 secs] 
4549.174: [GC (Allocation Failure) [PSYoungGen: 232960K->105756K(462848K)] 591295K->464092K(1861120K), 0.0375416 secs] [Times: user=0.15 sys=0.00, real=0.03 secs] 
4549.735: [GC (Allocation Failure) [PSYoungGen: 334123K->177141K(465920K)] 692459K->569344K(1864192K), 0.0470291 secs] [Times: user=0.20 sys=0.01, real=0.04 secs] 
4549.966: [GC (Allocation Failure) [PSYoungGen: 410101K->185430K(465920K)] 802304K->632961K(1864192K), 0.0576275 secs] [Times: user=0.28 sys=0.00, real=0.06 secs] 
4550.192: [GC (Allocation Failure) [PSYoungGen: 418390K->187541K(465920K)] 865921K->691112K(1864192K), 0.0662418 secs] [Times: user=0.32 sys=0.00, real=0.07 secs] 
4551.628: [GC (Allocation Failure) [PSYoungGen: 420501K->98587K(465920K)] 924072K->672723K(1864192K), 0.0759764 secs] [Times: user=0.41 sys=0.00, real=0.08 secs] 
4552.736: [GC (Allocation Failure) [PSYoungGen: 331547K->171540K(465920K)] 905683K->777440K(1864192K), 0.0627355 secs] [Times: user=0.29 sys=0.00, real=0.06 secs] 
4552.942: [GC (Allocation Failure) [PSYoungGen: 404500K->182645K(465920K)] 1010400K->842025K(1864192K), 0.0423891 secs] [Times: user=0.19 sys=0.00, real=0.05 secs] 
4553.102: [GC (Allocation Failure) [PSYoungGen: 415605K->185975K(465920K)] 1074985K->909243K(1864192K), 0.0500184 secs] [Times: user=0.24 sys=0.00, real=0.05 secs] 
4554.069: [GC (Allocation Failure) [PSYoungGen: 418935K->171859K(465920K)] 1142203K->954295K(1864192K), 0.0578698 secs] [Times: user=0.29 sys=0.00, real=0.06 secs] 
4554.796: [GC (Allocation Failure) [PSYoungGen: 404819K->111069K(465920K)] 1187255K->959161K(1864192K), 0.0665304 secs] [Times: user=0.35 sys=0.00, real=0.07 secs] 
4555.119: [GC (Allocation Failure) [PSYoungGen: 336134K->172180K(465920K)] 1184226K->1055545K(1864192K), 0.0351099 secs] [Times: user=0.14 sys=0.00, real=0.04 secs] 
4555.268: [GC (Allocation Failure) [PSYoungGen: 405140K->182133K(465920K)] 1288505K->1119150K(1864192K), 0.0423758 secs] [Times: user=0.19 sys=0.00, real=0.04 secs] 
4555.464: [GC (Allocation Failure) [PSYoungGen: 415093K->187413K(465920K)] 1352110K->1179782K(1864192K), 0.0815760 secs] [Times: user=0.33 sys=0.00, real=0.08 secs] 
4556.645: [GC (Allocation Failure) [PSYoungGen: 420373K->102972K(465920K)] 1412742K->1166045K(1864192K), 0.0548991 secs] [Times: user=0.29 sys=0.00, real=0.05 secs] 
4557.841: [GC (Allocation Failure) [PSYoungGen: 335932K->170804K(465920K)] 1399005K->1266682K(1864192K), 0.0828323 secs] [Times: user=0.41 sys=0.00, real=0.09 secs] 
4558.104: [GC (Allocation Failure) [PSYoungGen: 403764K->185622K(465920K)] 1499642K->1335012K(1864192K), 0.0434285 secs] [Times: user=0.19 sys=0.01, real=0.04 secs] 
4558.262: [GC (Allocation Failure) [PSYoungGen: 418582K->183510K(465920K)] 1567972K->1397164K(1864192K), 0.0503329 secs] [Times: user=0.24 sys=0.00, real=0.06 secs] 
4559.358: [GC (Allocation Failure) [PSYoungGen: 416470K->170867K(464896K)] 1630124K->1442777K(1863168K), 0.0568360 secs] [Times: user=0.29 sys=0.00, real=0.06 secs] 
4560.533: [GC (Allocation Failure) [PSYoungGen: 403827K->107036K(465408K)] 1675737K->1444242K(1863680K), 0.1126902 secs] [Times: user=0.61 sys=0.01, real=0.12 secs] 
4560.646: [Full GC (Ergonomics) [PSYoungGen: 107036K->0K(465408K)] [ParOldGen: 1337206K->123831K(1398272K)] 1444242K->123831K(1863680K), [Metaspace: 60458K->60458K(1105920K)], 0.1926330 secs] [Times: user=0.86 sys=0.00, real=0.19 secs] 
4561.412: [GC (Allocation Failure) [PSYoungGen: 232960K->175861K(465920K)] 356791K->299692K(1864192K), 0.0321579 secs] [Times: user=0.12 sys=0.00, real=0.04 secs] 
4561.579: [GC (Allocation Failure) [PSYoungGen: 408821K->185782K(465920K)] 532652K->364873K(1864192K), 0.0415830 secs] [Times: user=0.19 sys=0.00, real=0.04 secs] 
4561.732: [GC (Allocation Failure) [PSYoungGen: 418742K->187605K(465920K)] 597833K->422904K(1864192K), 0.0451355 secs] [Times: user=0.21 sys=0.00, real=0.05 secs] 
4562.872: [GC (Allocation Failure) [PSYoungGen: 420565K->103084K(465920K)] 655864K->409048K(1864192K), 0.0448686 secs] [Times: user=0.23 sys=0.00, real=0.05 secs] 
4563.377: [GC (Allocation Failure) [PSYoungGen: 336044K->173204K(465920K)] 642008K->512473K(1864192K), 0.0630007 secs] [Times: user=0.30 sys=0.00, real=0.06 secs] 
4563.585: [GC (Allocation Failure) [PSYoungGen: 406164K->185494K(465920K)] 745433K->579162K(1864192K), 0.0425505 secs] [Times: user=0.20 sys=0.00, real=0.04 secs] 
4563.739: [GC (Allocation Failure) [PSYoungGen: 418454K->178262K(465920K)] 812122K->636466K(1864192K), 0.0490878 secs] [Times: user=0.23 sys=0.01, real=0.05 secs] 
4564.826: [GC (Allocation Failure) [PSYoungGen: 411222K->170419K(403456K)] 869426K->685039K(1801728K), 0.0555561 secs] [Times: user=0.28 sys=0.00, real=0.05 secs] 
4565.494: [GC (Allocation Failure) [PSYoungGen: 403379K->111533K(463872K)] 917999K->691305K(1862144K), 0.1116029 secs] [Times: user=0.60 sys=0.00, real=0.11 secs] 
4566.201: [GC (Allocation Failure) [PSYoungGen: 343469K->176276K(464896K)] 923241K->791950K(1863168K), 0.0514856 secs] [Times: user=0.24 sys=0.00, real=0.05 secs] 
4566.393: [GC (Allocation Failure) [PSYoungGen: 408212K->184087K(465920K)] 1023886K->861232K(1864192K), 0.0485615 secs] [Times: user=0.23 sys=0.00, real=0.04 secs] 
4566.552: [GC (GCLocker Initiated GC) [PSYoungGen: 417047K->187509K(465920K)] 1094192K->922966K(1864192K), 0.0586579 secs] [Times: user=0.29 sys=0.00, real=0.06 secs] 
4567.716: [GC (Allocation Failure) [PSYoungGen: 420469K->99212K(465920K)] 1156057K->905680K(1864192K), 0.0456771 secs] [Times: user=0.24 sys=0.01, real=0.04 secs] 
4569.612: [GC (Allocation Failure) [PSYoungGen: 332172K->168116K(465920K)] 1138640K->1005957K(1864192K), 0.0724157 secs] [Times: user=0.35 sys=0.00, real=0.08 secs] 
4569.904: [GC (Allocation Failure) [PSYoungGen: 401076K->185430K(465920K)] 1238917K->1076187K(1864192K), 0.0559378 secs] [Times: user=0.26 sys=0.01, real=0.05 secs] 
4570.071: [GC (Allocation Failure) [PSYoungGen: 413058K->180438K(465920K)] 1303815K->1135515K(1864192K), 0.0517601 secs] [Times: user=0.24 sys=0.00, real=0.06 secs] 
4571.090: [GC (Allocation Failure) [PSYoungGen: 413398K->168691K(460800K)] 1368475K->1181136K(1859072K), 0.0564147 secs] [Times: user=0.28 sys=0.00, real=0.06 secs] 
4571.781: [GC (Allocation Failure) [PSYoungGen: 401651K->109757K(463360K)] 1414096K->1186906K(1861632K), 0.1120674 secs] [Times: user=0.60 sys=0.00, real=0.12 secs] 
4572.310: [GC (Allocation Failure) [PSYoungGen: 336883K->173813K(466944K)] 1414033K->1285979K(1865216K), 0.0471756 secs] [Times: user=0.21 sys=0.00, real=0.05 secs] 
4572.520: [GC (Allocation Failure) [PSYoungGen: 408309K->183253K(465920K)] 1520475K->1349360K(1864192K), 0.0656273 secs] [Times: user=0.31 sys=0.01, real=0.07 secs] 
4572.708: [GC (Allocation Failure) [PSYoungGen: 417749K->188885K(465408K)] 1583856K->1410520K(1863680K), 0.0467796 secs] [Times: user=0.21 sys=0.01, real=0.05 secs] 
4574.143: [GC (Allocation Failure) [PSYoungGen: 421845K->102844K(465920K)] 1643480K->1395558K(1864192K), 0.0620636 secs] [Times: user=0.33 sys=0.00, real=0.06 secs] 
4575.024: [GC (Allocation Failure) [PSYoungGen: 335804K->175221K(465920K)] 1628518K->1500892K(1864192K), 0.0621941 secs] [Times: user=0.29 sys=0.00, real=0.06 secs] 
4575.086: [Full GC (Ergonomics) [PSYoungGen: 175221K->0K(465920K)] [ParOldGen: 1325671K->200473K(1398272K)] 1500892K->200473K(1864192K), [Metaspace: 60458K->60458K(1105920K)], 0.2244745 secs] [Times: user=1.06 sys=0.00, real=0.22 secs] 
4575.441: [GC (Allocation Failure) [PSYoungGen: 232960K->182709K(465920K)] 433433K->383183K(1864192K), 0.0318499 secs] [Times: user=0.13 sys=0.00, real=0.03 secs] 
4575.587: [GC (Allocation Failure) [PSYoungGen: 411446K->181334K(465920K)] 611920K->445824K(1864192K), 0.0433684 secs] [Times: user=0.19 sys=0.00, real=0.04 secs] 
4576.577: [GC (Allocation Failure) [PSYoungGen: 414294K->168563K(401920K)] 678784K->490532K(1800192K), 0.0539671 secs] [Times: user=0.27 sys=0.00, real=0.05 secs] 
4577.658: [GC (Allocation Failure) [PSYoungGen: 401523K->107580K(461824K)] 723492K->494102K(1860096K), 0.1007578 secs] [Times: user=0.53 sys=0.01, real=0.10 secs] 
4578.695: [GC (Allocation Failure) [PSYoungGen: 335414K->174901K(463872K)] 721935K->595595K(1862144K), 0.0481392 secs] [Times: user=0.22 sys=0.01, real=0.05 secs] 
4578.908: [GC (Allocation Failure) [PSYoungGen: 405813K->183157K(465408K)] 826507K->658540K(1863680K), 0.0670671 secs] [Times: user=0.32 sys=0.00, real=0.07 secs] 
4579.108: [GC (Allocation Failure) [PSYoungGen: 416117K->187605K(465920K)] 891500K->718571K(1864192K), 0.0459444 secs] [Times: user=0.21 sys=0.00, real=0.05 secs] 
4580.201: [GC (Allocation Failure) [PSYoungGen: 420565K->101564K(465920K)] 951531K->703234K(1864192K), 0.0492399 secs] [Times: user=0.25 sys=0.00, real=0.05 secs] 
4580.917: [GC (Allocation Failure) [PSYoungGen: 334524K->172468K(465920K)] 936194K->806924K(1864192K), 0.0690901 secs] [Times: user=0.33 sys=0.00, real=0.07 secs] 
4581.174: [GC (Allocation Failure) [PSYoungGen: 405428K->185110K(465920K)] 1039884K->873453K(1864192K), 0.0612389 secs] [Times: user=0.29 sys=0.00, real=0.06 secs] 
4581.405: [GC (Allocation Failure) [PSYoungGen: 418070K->180726K(465920K)] 1106413K->933453K(1864192K), 0.0698487 secs] [Times: user=0.34 sys=0.00, real=0.07 secs] 
4582.378: [GC (Allocation Failure) [PSYoungGen: 409276K->193395K(465920K)] 1162004K->1003419K(1864192K), 0.0553431 secs] [Times: user=0.28 sys=0.00, real=0.06 secs] 
4583.052: [GC (Allocation Failure) [PSYoungGen: 426355K->104044K(465920K)] 1236379K->979923K(1864192K), 0.0608949 secs] [Times: user=0.32 sys=0.00, real=0.07 secs] 
4583.373: [GC (Allocation Failure) [PSYoungGen: 329744K->177845K(465920K)] 1205624K->1087246K(1864192K), 0.0357330 secs] [Times: user=0.15 sys=0.00, real=0.04 secs] 
4583.521: [GC (Allocation Failure) [PSYoungGen: 410805K->185878K(465920K)] 1320206K->1150566K(1864192K), 0.0444409 secs] [Times: user=0.20 sys=0.00, real=0.05 secs] 
4583.674: [GC (Allocation Failure) [PSYoungGen: 418838K->184244K(465920K)] 1383526K->1205205K(1864192K), 0.0461612 secs] [Times: user=0.22 sys=0.00, real=0.04 secs] 
4584.966: [GC (Allocation Failure) [PSYoungGen: 417204K->99948K(465920K)] 1438165K->1190316K(1864192K), 0.0696435 secs] [Times: user=0.37 sys=0.00, real=0.07 secs] 
4586.490: [GC (Allocation Failure) [PSYoungGen: 332908K->170068K(465920K)] 1423276K->1292321K(1864192K), 0.0555022 secs] [Times: user=0.27 sys=0.00, real=0.06 secs] 
4586.741: [GC (Allocation Failure) [PSYoungGen: 403028K->185526K(465920K)] 1525281K->1361495K(1864192K), 0.0629722 secs] [Times: user=0.31 sys=0.00, real=0.07 secs] 
4586.932: [GC (Allocation Failure) [PSYoungGen: 418486K->186071K(465920K)] 1594455K->1426472K(1864192K), 0.0521513 secs] [Times: user=0.24 sys=0.00, real=0.06 secs] 
4587.903: [GC (Allocation Failure) [PSYoungGen: 417858K->208723K(465920K)] 1658259K->1508188K(1864192K), 0.0572736 secs] [Times: user=0.28 sys=0.00, real=0.05 secs] 
4588.546: [GC (Allocation Failure) [PSYoungGen: 441683K->105756K(465920K)] 1741148K->1470766K(1864192K), 0.0874884 secs] [Times: user=0.46 sys=0.00, real=0.09 secs] 
4588.633: [Full GC (Ergonomics) [PSYoungGen: 105756K->0K(465920K)] [ParOldGen: 1365009K->123392K(1398272K)] 1470766K->123392K(1864192K), [Metaspace: 60458K->60458K(1105920K)], 0.1672512 secs] [Times: user=0.72 sys=0.01, real=0.16 secs] 
4589.409: [GC (Allocation Failure) [PSYoungGen: 229359K->176277K(465920K)] 352752K->299669K(1864192K), 0.0315655 secs] [Times: user=0.12 sys=0.00, real=0.03 secs] 
4589.564: [GC (Allocation Failure) [PSYoungGen: 409237K->182645K(465920K)] 532629K->361054K(1864192K), 0.0407737 secs] [Times: user=0.18 sys=0.00, real=0.04 secs] 
4589.741: [GC (Allocation Failure) [PSYoungGen: 415605K->187509K(465920K)] 594014K->421261K(1864192K), 0.0562170 secs] [Times: user=0.28 sys=0.00, real=0.06 secs] 
4590.862: [GC (Allocation Failure) [PSYoungGen: 420469K->100540K(465920K)] 654221K->404940K(1864192K), 0.0434616 secs] [Times: user=0.22 sys=0.00, real=0.05 secs] 
4591.977: [GC (Allocation Failure) [PSYoungGen: 333500K->172981K(465920K)] 637900K->509458K(1864192K), 0.0821714 secs] [Times: user=0.40 sys=0.00, real=0.08 secs] 
4592.218: [GC (Allocation Failure) [PSYoungGen: 405941K->180661K(465920K)] 742418K->571422K(1864192K), 0.0415956 secs] [Times: user=0.19 sys=0.00, real=0.04 secs] 
4592.376: [GC (Allocation Failure) [PSYoungGen: 413621K->186039K(465920K)] 804382K->639960K(1864192K), 0.0491214 secs] [Times: user=0.22 sys=0.01, real=0.05 secs] 
4593.268: [GC (Allocation Failure) [PSYoungGen: 414977K->210515K(465920K)] 868898K->723372K(1864192K), 0.0567161 secs] [Times: user=0.28 sys=0.00, real=0.06 secs] 
4594.335: [GC (Allocation Failure) [PSYoungGen: 443441K->100876K(465920K)] 956298K->679893K(1864192K), 0.0591910 secs] [Times: user=0.31 sys=0.00, real=0.06 secs] 
4594.776: [GC (Allocation Failure) [PSYoungGen: 331648K->180758K(465920K)] 910666K->792228K(1864192K), 0.0369366 secs] [Times: user=0.16 sys=0.00, real=0.03 secs] 
4594.948: [GC (Allocation Failure) [PSYoungGen: 413718K->182869K(465920K)] 1025188K->850632K(1864192K), 0.0527840 secs] [Times: user=0.25 sys=0.00, real=0.05 secs] 
4595.148: [GC (Allocation Failure) [PSYoungGen: 415829K->187477K(465920K)] 1083592K->910775K(1864192K), 0.0663435 secs] [Times: user=0.33 sys=0.00, real=0.07 secs] 
4596.335: [GC (Allocation Failure) [PSYoungGen: 420437K->100268K(465920K)] 1143735K->894326K(1864192K), 0.0570595 secs] [Times: user=0.30 sys=0.01, real=0.05 secs] 
4597.108: [GC (Allocation Failure) [PSYoungGen: 333228K->173301K(465920K)] 1127286K->1000039K(1864192K), 0.0636500 secs] [Times: user=0.30 sys=0.00, real=0.06 secs] 
4597.319: [GC (Allocation Failure) [PSYoungGen: 406261K->185206K(465920K)] 1232999K->1065848K(1864192K), 0.0430280 secs] [Times: user=0.19 sys=0.00, real=0.04 secs] 
4597.476: [GC (GCLocker Initiated GC) [PSYoungGen: 418166K->184215K(465920K)] 1298808K->1129249K(1864192K), 0.0499578 secs] [Times: user=0.23 sys=0.00, real=0.05 secs] 
4598.455: [GC (Allocation Failure) [PSYoungGen: 417175K->169235K(465920K)] 1367447K->1178083K(1864192K), 0.0637604 secs] [Times: user=0.33 sys=0.00, real=0.06 secs] 
4599.520: [GC (Allocation Failure) [PSYoungGen: 402195K->109357K(465920K)] 1411043K->1182909K(1864192K), 0.1028837 secs] [Times: user=0.56 sys=0.00, real=0.10 secs] 
4599.927: [GC (Allocation Failure) [PSYoungGen: 342317K->180053K(465920K)] 1415869K->1288690K(1864192K), 0.0414070 secs] [Times: user=0.19 sys=0.00, real=0.04 secs] 
4600.083: [GC (Allocation Failure) [PSYoungGen: 413013K->185527K(465920K)] 1521650K->1356948K(1864192K), 0.0505182 secs] [Times: user=0.24 sys=0.00, real=0.06 secs] 
4600.260: [GC (Allocation Failure) [PSYoungGen: 418424K->187637K(465920K)] 1589845K->1417898K(1864192K), 0.0610942 secs] [Times: user=0.30 sys=0.00, real=0.06 secs] 
4601.869: [GC (Allocation Failure) [PSYoungGen: 420597K->94763K(465920K)] 1650858K->1395680K(1864192K), 0.1178470 secs] [Times: user=0.65 sys=0.00, real=0.12 secs] 
4603.796: [GC (Allocation Failure) [PSYoungGen: 327723K->168692K(465920K)] 1628640K->1499814K(1864192K), 0.0728255 secs] [Times: user=0.34 sys=0.00, real=0.07 secs] 
4603.869: [Full GC (Ergonomics) [PSYoungGen: 168692K->0K(465920K)] [ParOldGen: 1331122K->195799K(1398272K)] 1499814K->195799K(1864192K), [Metaspace: 60458K->60458K(1105920K)], 0.2512628 secs] [Times: user=1.22 sys=0.00, real=0.25 secs] 
4604.235: [GC (Allocation Failure) [PSYoungGen: 232960K->185654K(465920K)] 428759K->381454K(1864192K), 0.0324111 secs] [Times: user=0.13 sys=0.00, real=0.03 secs] 
4604.381: [GC (Allocation Failure) [PSYoungGen: 414827K->180246K(465920K)] 610627K->440534K(1864192K), 0.0432476 secs] [Times: user=0.19 sys=0.00, real=0.05 secs] 
4605.276: [GC (Allocation Failure) [PSYoungGen: 408124K->205587K(465920K)] 668412K->523163K(1864192K), 0.0530679 secs] [Times: user=0.26 sys=0.00, real=0.05 secs] 
4605.816: [GC (Allocation Failure) [PSYoungGen: 438547K->107996K(465920K)] 756123K->490052K(1864192K), 0.0532267 secs] [Times: user=0.27 sys=0.00, real=0.05 secs] 
4606.114: [GC (Allocation Failure) [PSYoungGen: 334982K->176341K(465920K)] 717038K->592150K(1864192K), 0.0344373 secs] [Times: user=0.15 sys=0.00, real=0.03 secs] 
4606.291: [GC (Allocation Failure) [PSYoungGen: 409301K->185654K(465920K)] 825110K->656507K(1864192K), 0.0489417 secs] [Times: user=0.23 sys=0.00, real=0.05 secs] 
4606.463: [GC (Allocation Failure) [PSYoungGen: 418614K->187253K(465920K)] 889467K->714314K(1864192K), 0.0461937 secs] [Times: user=0.22 sys=0.00, real=0.05 secs] 
4607.576: [GC (GCLocker Initiated GC) [PSYoungGen: 420213K->96891K(465920K)] 947274K->694641K(1864192K), 0.0445075 secs] [Times: user=0.23 sys=0.00, real=0.04 secs] 
4608.692: [GC (GCLocker Initiated GC) [PSYoungGen: 329851K->170388K(465920K)] 927603K->799549K(1864192K), 0.0746842 secs] [Times: user=0.36 sys=0.00, real=0.08 secs] 
4608.935: [GC (Allocation Failure) [PSYoungGen: 403348K->190837K(465920K)] 1032547K->873132K(1864192K), 0.0428835 secs] [Times: user=0.19 sys=0.01, real=0.04 secs] 
4609.167: [GC (Allocation Failure) [PSYoungGen: 423797K->185399K(465920K)] 1106092K->931549K(1864192K), 0.0713580 secs] [Times: user=0.36 sys=0.00, real=0.07 secs] 
4610.148: [GC (Allocation Failure) [PSYoungGen: 415188K->211603K(465920K)] 1161339K->1016594K(1864192K), 0.0565769 secs] [Times: user=0.28 sys=0.00, real=0.06 secs] 
4610.965: [GC (Allocation Failure) [PSYoungGen: 444563K->105116K(465920K)] 1249554K->976595K(1864192K), 0.0920335 secs] [Times: user=0.49 sys=0.00, real=0.09 secs] 
4611.643: [GC (Allocation Failure) [PSYoungGen: 338076K->177941K(465920K)] 1209555K->1083201K(1864192K), 0.0460952 secs] [Times: user=0.21 sys=0.00, real=0.04 secs] 
4611.810: [GC (Allocation Failure) [PSYoungGen: 410901K->185302K(465920K)] 1316161K->1146101K(1864192K), 0.0447572 secs] [Times: user=0.21 sys=0.00, real=0.05 secs] 
4611.965: [GC (Allocation Failure) [PSYoungGen: 418262K->184629K(465920K)] 1379061K->1201588K(1864192K), 0.0466139 secs] [Times: user=0.22 sys=0.00, real=0.04 secs] 
4613.102: [GC (GCLocker Initiated GC) [PSYoungGen: 417589K->101116K(465920K)] 1434548K->1187652K(1864192K), 0.0499433 secs] [Times: user=0.27 sys=0.00, real=0.05 secs] 
4613.656: [GC (Allocation Failure) [PSYoungGen: 334076K->175829K(465920K)] 1420778K->1295632K(1864192K), 0.0753218 secs] [Times: user=0.36 sys=0.01, real=0.07 secs] 
4613.878: [GC (Allocation Failure) [PSYoungGen: 408789K->182261K(465920K)] 1528592K->1356860K(1864192K), 0.0452817 secs] [Times: user=0.21 sys=0.00, real=0.05 secs] 
4614.039: [GC (Allocation Failure) [PSYoungGen: 415221K->184375K(465920K)] 1589820K->1422877K(1864192K), 0.0514913 secs] [Times: user=0.24 sys=0.00, real=0.05 secs] 
4614.952: [GC (Allocation Failure) [PSYoungGen: 412914K->205875K(465920K)] 1651417K->1502841K(1864192K), 0.0562750 secs] [Times: user=0.29 sys=0.01, real=0.06 secs] 
4615.589: [GC (GCLocker Initiated GC) [PSYoungGen: 438835K->105356K(465920K)] 1735803K->1467000K(1864192K), 0.0665133 secs] [Times: user=0.35 sys=0.00, real=0.07 secs] 
4615.656: [Full GC (Ergonomics) [PSYoungGen: 105356K->0K(465920K)] [ParOldGen: 1361644K->122963K(1398272K)] 1467000K->122963K(1864192K), [Metaspace: 60458K->60458K(1105920K)], 0.1328282 secs] [Times: user=0.60 sys=0.01, real=0.13 secs] 
4616.107: [GC (Allocation Failure) [PSYoungGen: 232960K->178198K(465920K)] 364152K->309391K(1864192K), 0.0838656 secs] [Times: user=0.44 sys=0.00, real=0.08 secs] 
4616.306: [GC (Allocation Failure) [PSYoungGen: 411158K->184695K(465920K)] 542351K->372588K(1864192K), 0.1435068 secs] [Times: user=0.79 sys=0.00, real=0.14 secs] 
4616.560: [GC (Allocation Failure) [PSYoungGen: 417655K->187029K(465920K)] 605548K->433338K(1864192K), 0.0584240 secs] [Times: user=0.28 sys=0.01, real=0.06 secs] 
4618.180: [GC (Allocation Failure) [PSYoungGen: 419989K->95003K(465920K)] 666298K->411840K(1864192K), 0.1257417 secs] [Times: user=0.70 sys=0.00, real=0.13 secs] 
4619.648: [GC (Allocation Failure) [PSYoungGen: 327963K->171988K(465920K)] 644800K->518982K(1864192K), 0.0582246 secs] [Times: user=0.26 sys=0.00, real=0.06 secs] 
4619.867: [GC (Allocation Failure) [PSYoungGen: 404948K->185334K(465920K)] 751942K->586624K(1864192K), 0.0428116 secs] [Times: user=0.19 sys=0.00, real=0.04 secs] 
4620.021: [GC (Allocation Failure) [PSYoungGen: 409234K->176662K(465920K)] 810523K->642199K(1864192K), 0.0485611 secs] [Times: user=0.23 sys=0.01, real=0.05 secs] 
4621.045: [GC (Allocation Failure) [PSYoungGen: 409622K->168819K(465920K)] 875159K->690516K(1864192K), 0.0570241 secs] [Times: user=0.29 sys=0.01, real=0.05 secs] 
4621.740: [GC (GCLocker Initiated GC) [PSYoungGen: 401779K->109373K(465920K)] 923477K->695615K(1864192K), 0.0868994 secs] [Times: user=0.47 sys=0.00, real=0.09 secs] 
4622.105: [GC (Allocation Failure) [PSYoungGen: 342333K->174805K(465920K)] 936770K->803879K(1864192K), 0.1121350 secs] [Times: user=0.61 sys=0.00, real=0.11 secs] 
4622.357: [GC (Allocation Failure) [PSYoungGen: 407765K->182166K(465920K)] 1036839K->867068K(1864192K), 0.1854233 secs] [Times: user=1.05 sys=0.00, real=0.18 secs] 
4622.672: [GC (Allocation Failure) [PSYoungGen: 415126K->187445K(465920K)] 1100028K->930355K(1864192K), 0.0595692 secs] [Times: user=0.30 sys=0.00, real=0.06 secs] 
4623.815: [GC (Allocation Failure) [PSYoungGen: 420405K->101596K(465920K)] 1163315K->915058K(1864192K), 0.0482421 secs] [Times: user=0.25 sys=0.00, real=0.05 secs] 
4624.565: [GC (Allocation Failure) [PSYoungGen: 334556K->176085K(465920K)] 1148018K->1022376K(1864192K), 0.0649812 secs] [Times: user=0.31 sys=0.00, real=0.06 secs] 
4624.825: [GC (Allocation Failure) [PSYoungGen: 409045K->182421K(465920K)] 1255336K->1083732K(1864192K), 0.0594376 secs] [Times: user=0.28 sys=0.00, real=0.06 secs] 
4625.046: [GC (Allocation Failure) [PSYoungGen: 415381K->187957K(465920K)] 1316692K->1144868K(1864192K), 0.0682195 secs] [Times: user=0.33 sys=0.00, real=0.07 secs] 
4626.077: [GC (Allocation Failure) [PSYoungGen: 420917K->151794K(465920K)] 1377828K->1179449K(1864192K), 0.0520402 secs] [Times: user=0.26 sys=0.00, real=0.05 secs] 
4627.028: [GC (Allocation Failure) [PSYoungGen: 384754K->123230K(465920K)] 1412409K->1198941K(1864192K), 0.1355948 secs] [Times: user=0.76 sys=0.00, real=0.14 secs] 
4627.754: [GC (Allocation Failure) [PSYoungGen: 356190K->176885K(465920K)] 1431901K->1291984K(1864192K), 0.0506517 secs] [Times: user=0.24 sys=0.00, real=0.05 secs] 
4627.924: [GC (Allocation Failure) [PSYoungGen: 409845K->180278K(465920K)] 1524944K->1357014K(1864192K), 0.0491344 secs] [Times: user=0.23 sys=0.00, real=0.05 secs] 
4628.085: [GC (Allocation Failure) [PSYoungGen: 413238K->187701K(465920K)] 1589974K->1422277K(1864192K), 0.0573319 secs] [Times: user=0.28 sys=0.00, real=0.05 secs] 
4629.382: [GC (Allocation Failure) [PSYoungGen: 420661K->100508K(465920K)] 1655237K->1405792K(1864192K), 0.0637585 secs] [Times: user=0.34 sys=0.00, real=0.07 secs] 
4630.039: [GC (Allocation Failure) [PSYoungGen: 333468K->175637K(465920K)] 1638752K->1513006K(1864192K), 0.0537597 secs] [Times: user=0.25 sys=0.01, real=0.06 secs] 
4630.093: [Full GC (Ergonomics) [PSYoungGen: 175637K->0K(465920K)] [ParOldGen: 1337368K->205477K(1398272K)] 1513006K->205477K(1864192K), [Metaspace: 60458K->60458K(1105920K)], 0.2113266 secs] [Times: user=0.97 sys=0.00, real=0.21 secs] 
4630.424: [GC (Allocation Failure) [PSYoungGen: 232960K->185430K(465920K)] 438437K->390907K(1864192K), 0.0279741 secs] [Times: user=0.11 sys=0.00, real=0.02 secs] 
4630.579: [GC (Allocation Failure) [PSYoungGen: 418390K->184404K(465920K)] 623867K->446186K(1864192K), 0.0561579 secs] [Times: user=0.27 sys=0.00, real=0.06 secs] 
4631.652: [GC (Allocation Failure) [PSYoungGen: 417364K->148338K(465920K)] 679146K->479688K(1864192K), 0.0497643 secs] [Times: user=0.24 sys=0.00, real=0.05 secs] 
4632.161: [GC (GCLocker Initiated GC) [PSYoungGen: 381298K->131823K(465920K)] 712652K->510226K(1864192K), 0.1369200 secs] [Times: user=0.76 sys=0.00, real=0.14 secs] 
4632.496: [GC (Allocation Failure) [PSYoungGen: 364783K->184917K(465920K)] 743192K->605270K(1864192K), 0.0378515 secs] [Times: user=0.16 sys=0.00, real=0.04 secs] 
4632.652: [GC (Allocation Failure) [PSYoungGen: 417877K->185751K(465920K)] 838230K->668241K(1864192K), 0.0487815 secs] [Times: user=0.22 sys=0.00, real=0.05 secs] 
4632.855: [GC (Allocation Failure) [PSYoungGen: 418711K->187253K(465920K)] 901201K->728599K(1864192K), 0.0779726 secs] [Times: user=0.39 sys=0.00, real=0.08 secs] 
4634.150: [GC (Allocation Failure) [PSYoungGen: 420213K->96267K(465920K)] 961559K->708309K(1864192K), 0.0697039 secs] [Times: user=0.37 sys=0.01, real=0.07 secs] 
4634.856: [GC (Allocation Failure) [PSYoungGen: 329227K->176853K(465920K)] 941269K->819932K(1864192K), 0.0511125 secs] [Times: user=0.22 sys=0.00, real=0.05 secs] 
4635.058: [GC (Allocation Failure) [PSYoungGen: 409813K->185302K(465920K)] 1052892K->883945K(1864192K), 0.0435161 secs] [Times: user=0.19 sys=0.00, real=0.04 secs] 
4635.213: [GC (Allocation Failure) [PSYoungGen: 418262K->187477K(465920K)] 1116905K->942288K(1864192K), 0.0460353 secs] [Times: user=0.22 sys=0.00, real=0.05 secs] 
4636.343: [GC (Allocation Failure) [PSYoungGen: 420437K->135504K(465920K)] 1175248K->960987K(1864192K), 0.0494167 secs] [Times: user=0.25 sys=0.00, real=0.04 secs] 
4637.977: [GC (Allocation Failure) [PSYoungGen: 368464K->137168K(465920K)] 1193947K->1005543K(1864192K), 0.1437380 secs] [Times: user=0.79 sys=0.00, real=0.14 secs] 
4638.407: [GC (Allocation Failure) [PSYoungGen: 370128K->179893K(465920K)] 1238503K->1092573K(1864192K), 0.0392256 secs] [Times: user=0.17 sys=0.00, real=0.04 secs] 
4638.591: [GC (Allocation Failure) [PSYoungGen: 412853K->186039K(465920K)] 1325533K->1161343K(1864192K), 0.0667889 secs] [Times: user=0.32 sys=0.00, real=0.07 secs] 
4638.790: [GC (Allocation Failure) [PSYoungGen: 418999K->184052K(465920K)] 1394303K->1218436K(1864192K), 0.0567985 secs] [Times: user=0.28 sys=0.00, real=0.06 secs] 
4639.934: [GC (Allocation Failure) [PSYoungGen: 417012K->95787K(465920K)] 1451396K->1199579K(1864192K), 0.0450741 secs] [Times: user=0.23 sys=0.01, real=0.04 secs] 
4640.664: [GC (Allocation Failure) [PSYoungGen: 328747K->178165K(465920K)] 1432539K->1312518K(1864192K), 0.0484365 secs] [Times: user=0.21 sys=0.00, real=0.04 secs] 
4640.900: [GC (Allocation Failure) [PSYoungGen: 411125K->185430K(465920K)] 1545478K->1375551K(1864192K), 0.0571707 secs] [Times: user=0.28 sys=0.00, real=0.06 secs] 
4641.081: [GC (Allocation Failure) [PSYoungGen: 418390K->188053K(465920K)] 1608511K->1434438K(1864192K), 0.0474208 secs] [Times: user=0.23 sys=0.00, real=0.05 secs] 
4642.144: [GC (Allocation Failure) [PSYoungGen: 421013K->126991K(465920K)] 1667398K->1444200K(1864192K), 0.0501023 secs] [Times: user=0.26 sys=0.01, real=0.05 secs] 
4642.194: [Full GC (Ergonomics) [PSYoungGen: 126991K->0K(465920K)] [ParOldGen: 1317208K->340983K(1398272K)] 1444200K->340983K(1864192K), [Metaspace: 60458K->60458K(1105920K)], 0.5661889 secs] [Times: user=2.45 sys=0.00, real=0.56 secs] 
4643.951: [GC (Allocation Failure) [PSYoungGen: 232942K->142961K(465920K)] 573926K->483944K(1864192K), 0.0540169 secs] [Times: user=0.23 sys=0.00, real=0.06 secs] 
4644.278: [GC (Allocation Failure) [PSYoungGen: 375921K->181365K(465920K)] 716904K->567517K(1864192K), 0.0405176 secs] [Times: user=0.18 sys=0.00, real=0.04 secs] 
4644.436: [GC (Allocation Failure) [PSYoungGen: 414325K->186007K(465920K)] 800477K->635735K(1864192K), 0.0485586 secs] [Times: user=0.22 sys=0.00, real=0.05 secs] 
4644.597: [GC (Allocation Failure) [PSYoungGen: 418967K->187349K(465920K)] 868695K->696029K(1864192K), 0.0555315 secs] [Times: user=0.27 sys=0.01, real=0.05 secs] 
4646.144: [GC (Allocation Failure) [PSYoungGen: 420309K->94411K(465920K)] 928989K->673739K(1864192K), 0.0744950 secs] [Times: user=0.40 sys=0.00, real=0.07 secs] 
4646.686: [GC (Allocation Failure) [PSYoungGen: 327371K->179669K(465920K)] 906699K->789486K(1864192K), 0.0376861 secs] [Times: user=0.15 sys=0.00, real=0.04 secs] 
4646.873: [GC (Allocation Failure) [PSYoungGen: 412629K->182581K(465920K)] 1022446K->848214K(1864192K), 0.0630677 secs] [Times: user=0.30 sys=0.00, real=0.06 secs] 
4647.113: [GC (Allocation Failure) [PSYoungGen: 415541K->187509K(465920K)] 1081174K->908998K(1864192K), 0.0622154 secs] [Times: user=0.30 sys=0.00, real=0.06 secs] 
4648.204: [GC (Allocation Failure) [PSYoungGen: 420469K->121839K(465920K)] 1141958K->913840K(1864192K), 0.0469615 secs] [Times: user=0.24 sys=0.00, real=0.04 secs] 
4648.740: [GC (Allocation Failure) [PSYoungGen: 354799K->151442K(465920K)] 1146800K->982059K(1864192K), 0.1208526 secs] [Times: user=0.65 sys=0.00, real=0.12 secs] 
4649.025: [GC (Allocation Failure) [PSYoungGen: 384402K->184982K(465920K)] 1215019K->1063272K(1864192K), 0.0409910 secs] [Times: user=0.18 sys=0.00, real=0.04 secs] 
4649.202: [GC (Allocation Failure) [PSYoungGen: 417942K->185367K(465920K)] 1296232K->1128057K(1864192K), 0.0548110 secs] [Times: user=0.26 sys=0.01, real=0.06 secs] 
4649.372: [GC (Allocation Failure) [PSYoungGen: 418327K->187285K(465920K)] 1361017K->1188655K(1864192K), 0.0569834 secs] [Times: user=0.28 sys=0.00, real=0.06 secs] 
4650.874: [GC (Allocation Failure) [PSYoungGen: 420245K->91002K(465920K)] 1421615K->1162980K(1864192K), 0.0968020 secs] [Times: user=0.52 sys=0.00, real=0.09 secs] 
4651.844: [GC (Allocation Failure) [PSYoungGen: 323962K->179573K(465920K)] 1395940K->1280772K(1864192K), 0.0527223 secs] [Times: user=0.23 sys=0.00, real=0.05 secs] 
4652.082: [GC (Allocation Failure) [PSYoungGen: 412533K->182933K(465920K)] 1513732K->1339996K(1864192K), 0.0609853 secs] [Times: user=0.29 sys=0.00, real=0.07 secs] 
4652.302: [GC (Allocation Failure) [PSYoungGen: 415893K->187605K(465920K)] 1572956K->1400412K(1864192K), 0.0607355 secs] [Times: user=0.29 sys=0.00, real=0.06 secs] 
4653.483: [GC (Allocation Failure) [PSYoungGen: 420565K->115342K(465920K)] 1633372K->1398773K(1864192K), 0.0472619 secs] [Times: user=0.24 sys=0.00, real=0.04 secs] 
4655.516: [GC (Allocation Failure) [PSYoungGen: 348302K->154290K(465920K)] 1631733K->1474470K(1864192K), 0.1332368 secs] [Times: user=0.71 sys=0.01, real=0.13 secs] 
4655.650: [Full GC (Ergonomics) [PSYoungGen: 154290K->0K(465920K)] [ParOldGen: 1320179K->172377K(1398272K)] 1474470K->172377K(1864192K), [Metaspace: 60459K->60459K(1105920K)], 0.2311466 secs] [Times: user=1.11 sys=0.00, real=0.23 secs] 
4656.034: [GC (Allocation Failure) [PSYoungGen: 232960K->182325K(465920K)] 405337K->354702K(1864192K), 0.0337044 secs] [Times: user=0.13 sys=0.00, real=0.03 secs] 
4656.207: [GC (Allocation Failure) [PSYoungGen: 415285K->185527K(465920K)] 587662K->421648K(1864192K), 0.0438164 secs] [Times: user=0.19 sys=0.00, real=0.04 secs] 
4656.394: [GC (Allocation Failure) [PSYoungGen: 418487K->184564K(465920K)] 654608K->479550K(1864192K), 0.0639349 secs] [Times: user=0.33 sys=0.00, real=0.06 secs] 
4658.000: [GC (Allocation Failure) [PSYoungGen: 417524K->95627K(465920K)] 712510K->460404K(1864192K), 0.1213434 secs] [Times: user=0.54 sys=0.00, real=0.12 secs] 
4658.940: [GC (Allocation Failure) [PSYoungGen: 328587K->175893K(465920K)] 693364K->570883K(1864192K), 0.0484828 secs] [Times: user=0.22 sys=0.00, real=0.05 secs] 
4659.130: [GC (Allocation Failure) [PSYoungGen: 408853K->185494K(465920K)] 803843K->635852K(1864192K), 0.0432405 secs] [Times: user=0.19 sys=0.00, real=0.05 secs] 
4659.322: [GC (Allocation Failure) [PSYoungGen: 418454K->187445K(465920K)] 868812K->694115K(1864192K), 0.0671272 secs] [Times: user=0.33 sys=0.00, real=0.07 secs] 
4660.449: [GC (Allocation Failure) [PSYoungGen: 420405K->115086K(465920K)] 927075K->692372K(1864192K), 0.0463869 secs] [Times: user=0.24 sys=0.00, real=0.05 secs] 
4662.492: [GC (Allocation Failure) [PSYoungGen: 348046K->154642K(465920K)] 925332K->768813K(1864192K), 0.1042226 secs] [Times: user=0.55 sys=0.00, real=0.11 secs] 
4662.797: [GC (Allocation Failure) [PSYoungGen: 387602K->181557K(465920K)] 1001773K->844060K(1864192K), 0.0483496 secs] [Times: user=0.22 sys=0.00, real=0.05 secs] 
4662.960: [GC (Allocation Failure) [PSYoungGen: 414517K->183382K(465920K)] 1077020K->909005K(1864192K), 0.0493028 secs] [Times: user=0.23 sys=0.00, real=0.05 secs] 
4663.144: [GC (Allocation Failure) [PSYoungGen: 416342K->187381K(465920K)] 1141965K->971484K(1864192K), 0.0728751 secs] [Times: user=0.37 sys=0.00, real=0.07 secs] 
4664.426: [GC (Allocation Failure) [PSYoungGen: 420341K->96395K(465920K)] 1204444K->951066K(1864192K), 0.0596179 secs] [Times: user=0.31 sys=0.00, real=0.06 secs] 
4664.928: [GC (GCLocker Initiated GC) [PSYoungGen: 329355K->180661K(465920K)] 1184026K->1066309K(1864192K), 0.0496587 secs] [Times: user=0.22 sys=0.00, real=0.05 secs] 
4665.114: [GC (Allocation Failure) [PSYoungGen: 413621K->185206K(465920K)] 1299272K->1127264K(1864192K), 0.0440816 secs] [Times: user=0.20 sys=0.00, real=0.04 secs] 
4665.288: [GC (Allocation Failure) [PSYoungGen: 418166K->183380K(465920K)] 1360224K->1181743K(1864192K), 0.0495591 secs] [Times: user=0.23 sys=0.00, real=0.05 secs] 
4666.367: [GC (Allocation Failure) [PSYoungGen: 416340K->111549K(465920K)] 1414703K->1179264K(1864192K), 0.0459260 secs] [Times: user=0.23 sys=0.00, real=0.05 secs] 
4667.332: [GC (Allocation Failure) [PSYoungGen: 344401K->157266K(465920K)] 1412116K->1260850K(1864192K), 0.1039107 secs] [Times: user=0.55 sys=0.01, real=0.11 secs] 
4667.592: [GC (Allocation Failure) [PSYoungGen: 390132K->184918K(465920K)] 1493715K->1337525K(1864192K), 0.0418025 secs] [Times: user=0.19 sys=0.00, real=0.05 secs] 
4667.748: [GC (Allocation Failure) [PSYoungGen: 417878K->184343K(465920K)] 1570485K->1401398K(1864192K), 0.0510385 secs] [Times: user=0.25 sys=0.00, real=0.05 secs] 
4667.906: [GC (Allocation Failure) [PSYoungGen: 417303K->182964K(465920K)] 1634358K->1458652K(1864192K), 0.0582042 secs] [Times: user=0.29 sys=0.00, real=0.06 secs] 
4669.983: [GC (GCLocker Initiated GC) [PSYoungGen: 415924K->91594K(465920K)] 1691612K->1436474K(1864192K), 0.1108483 secs] [Times: user=0.61 sys=0.00, real=0.11 secs] 
4670.094: [Full GC (Ergonomics) [PSYoungGen: 91594K->0K(465920K)] [ParOldGen: 1344879K->102987K(1398272K)] 1436474K->102987K(1864192K), [Metaspace: 60459K->60459K(1105920K)], 0.1463900 secs] [Times: user=0.61 sys=0.00, real=0.14 secs] 
4671.051: [GC (Allocation Failure) [PSYoungGen: 232960K->178837K(465920K)] 335950K->281827K(1864192K), 0.0357378 secs] [Times: user=0.13 sys=0.00, real=0.04 secs] 
4671.299: [GC (Allocation Failure) [PSYoungGen: 411797K->185494K(465920K)] 514787K->343204K(1864192K), 0.0585364 secs] [Times: user=0.27 sys=0.00, real=0.06 secs] 
4671.476: [GC (Allocation Failure) [PSYoungGen: 418454K->204021K(465920K)] 576164K->417851K(1864192K), 0.0453398 secs] [Times: user=0.21 sys=0.00, real=0.04 secs] 
4672.639: [GC (Allocation Failure) [PSYoungGen: 436981K->115982K(465920K)] 650811K->400668K(1864192K), 0.0458920 secs] [Times: user=0.23 sys=0.00, real=0.05 secs] 
4673.634: [GC (Allocation Failure) [PSYoungGen: 348942K->158963K(465920K)] 633628K->480782K(1864192K), 0.1320931 secs] [Times: user=0.70 sys=0.00, real=0.13 secs] 
4673.959: [GC (Allocation Failure) [PSYoungGen: 391923K->179221K(465920K)] 713742K->550896K(1864192K), 0.0405837 secs] [Times: user=0.18 sys=0.00, real=0.04 secs] 
4674.151: [GC (Allocation Failure) [PSYoungGen: 412181K->185559K(465920K)] 783856K->619746K(1864192K), 0.0693646 secs] [Times: user=0.34 sys=0.00, real=0.07 secs] 
4674.338: [GC (Allocation Failure) [PSYoungGen: 418519K->187445K(465920K)] 852706K->680560K(1864192K), 0.0564364 secs] [Times: user=0.28 sys=0.00, real=0.06 secs] 
4675.539: [GC (GCLocker Initiated GC) [PSYoungGen: 420405K->95627K(465920K)] 913521K->659391K(1864192K), 0.0749382 secs] [Times: user=0.40 sys=0.01, real=0.08 secs] 
4676.445: [GC (Allocation Failure) [PSYoungGen: 328587K->179445K(465920K)] 892482K->773507K(1864192K), 0.0471277 secs] [Times: user=0.20 sys=0.00, real=0.04 secs] 
4676.660: [GC (Allocation Failure) [PSYoungGen: 412405K->185302K(465920K)] 1006467K->835564K(1864192K), 0.0627256 secs] [Times: user=0.30 sys=0.00, real=0.06 secs] 
4676.899: [GC (Allocation Failure) [PSYoungGen: 418262K->187189K(465920K)] 1068524K->893571K(1864192K), 0.0629175 secs] [Times: user=0.31 sys=0.00, real=0.06 secs] 
4677.986: [GC (Allocation Failure) [PSYoungGen: 420149K->109101K(465920K)] 1126531K->886003K(1864192K), 0.0465457 secs] [Times: user=0.24 sys=0.00, real=0.04 secs] 
4679.315: [GC (GCLocker Initiated GC) [PSYoungGen: 342061K->160179K(465920K)] 1118963K->972206K(1864192K), 0.1272370 secs] [Times: user=0.68 sys=0.00, real=0.12 secs] 
4679.625: [GC (Allocation Failure) [PSYoungGen: 393139K->181781K(465920K)] 1205205K->1044155K(1864192K), 0.0419300 secs] [Times: user=0.18 sys=0.00, real=0.04 secs] 
4679.784: [GC (Allocation Failure) [PSYoungGen: 414741K->185719K(465920K)] 1277115K->1111669K(1864192K), 0.0501243 secs] [Times: user=0.24 sys=0.00, real=0.05 secs] 
4679.988: [GC (Allocation Failure) [PSYoungGen: 418679K->187189K(465920K)] 1344629K->1171827K(1864192K), 0.0806965 secs] [Times: user=0.41 sys=0.00, real=0.08 secs] 
4681.567: [GC (Allocation Failure) [PSYoungGen: 420149K->98091K(465920K)] 1404787K->1153337K(1864192K), 0.1265870 secs] [Times: user=0.70 sys=0.00, real=0.13 secs] 
4682.454: [GC (Allocation Failure) [PSYoungGen: 331051K->174133K(465920K)] 1386297K->1260703K(1864192K), 0.0497542 secs] [Times: user=0.22 sys=0.00, real=0.05 secs] 
4682.640: [GC (Allocation Failure) [PSYoungGen: 407093K->185622K(465920K)] 1493663K->1326892K(1864192K), 0.0437829 secs] [Times: user=0.20 sys=0.00, real=0.05 secs] 
4682.794: [GC (Allocation Failure) [PSYoungGen: 418582K->186901K(465920K)] 1559852K->1384420K(1864192K), 0.0464415 secs] [Times: user=0.22 sys=0.00, real=0.04 secs] 
4683.897: [GC (Allocation Failure) [PSYoungGen: 419861K->109533K(465920K)] 1617380K->1377580K(1864192K), 0.0475526 secs] [Times: user=0.24 sys=0.00, real=0.05 secs] 
4684.793: [GC (Allocation Failure) [PSYoungGen: 342493K->168148K(465920K)] 1610540K->1471231K(1864192K), 0.0916945 secs] [Times: user=0.46 sys=0.01, real=0.09 secs] 
4685.056: [GC (Allocation Failure) [PSYoungGen: 401108K->182581K(465920K)] 1704191K->1538397K(1864192K), 0.0429668 secs] [Times: user=0.19 sys=0.00, real=0.04 secs] 
4685.099: [Full GC (Ergonomics) [PSYoungGen: 182581K->0K(465920K)] [ParOldGen: 1355815K->254913K(1398272K)] 1538397K->254913K(1864192K), [Metaspace: 60460K->60460K(1105920K)], 0.3123865 secs] [Times: user=1.44 sys=0.00, real=0.31 secs] 
4685.529: [GC (Allocation Failure) [PSYoungGen: 232960K->185911K(465920K)] 487873K->440824K(1864192K), 0.0826948 secs] [Times: user=0.42 sys=0.00, real=0.08 secs] 
4685.721: [GC (Allocation Failure) [PSYoungGen: 418871K->187349K(465920K)] 673784K->501062K(1864192K), 0.0549574 secs] [Times: user=0.27 sys=0.00, real=0.06 secs] 
4687.257: [GC (GCLocker Initiated GC) [PSYoungGen: 420309K->88826K(465920K)] 734022K->473284K(1864192K), 0.1105799 secs] [Times: user=0.60 sys=0.00, real=0.11 secs] 
4688.282: [GC (Allocation Failure) [PSYoungGen: 321786K->178005K(465920K)] 706375K->590839K(1864192K), 0.0466307 secs] [Times: user=0.20 sys=0.00, real=0.05 secs] 
4688.462: [GC (Allocation Failure) [PSYoungGen: 410965K->185654K(465920K)] 823799K->654435K(1864192K), 0.0432454 secs] [Times: user=0.20 sys=0.00, real=0.05 secs] 
4688.617: [GC (Allocation Failure) [PSYoungGen: 418614K->187637K(465920K)] 887395K->712410K(1864192K), 0.0452805 secs] [Times: user=0.21 sys=0.01, real=0.04 secs] 
4689.825: [GC (Allocation Failure) [PSYoungGen: 420597K->106349K(465920K)] 945370K->701802K(1864192K), 0.0609550 secs] [Times: user=0.32 sys=0.00, real=0.06 secs] 
4691.060: [GC (Allocation Failure) [PSYoungGen: 339309K->164307K(465920K)] 934762K->794038K(1864192K), 0.1065851 secs] [Times: user=0.54 sys=0.00, real=0.11 secs] 
4691.348: [GC (Allocation Failure) [PSYoungGen: 397267K->183093K(465920K)] 1026998K->864484K(1864192K), 0.0414592 secs] [Times: user=0.18 sys=0.00, real=0.04 secs] 
4691.506: [GC (Allocation Failure) [PSYoungGen: 416053K->185719K(465920K)] 1097444K->930893K(1864192K), 0.0496083 secs] [Times: user=0.23 sys=0.00, real=0.05 secs] 
4691.678: [GC (Allocation Failure) [PSYoungGen: 418679K->219605K(465920K)] 1163853K->1023555K(1864192K), 0.0563181 secs] [Times: user=0.28 sys=0.00, real=0.06 secs] 
4693.063: [GC (GCLocker Initiated GC) [PSYoungGen: 452565K->95499K(465920K)] 1256515K->969841K(1864192K), 0.0923730 secs] [Times: user=0.50 sys=0.01, real=0.09 secs] 
4693.631: [GC (Allocation Failure) [PSYoungGen: 328459K->182038K(465920K)] 1202806K->1086929K(1864192K), 0.0435005 secs] [Times: user=0.19 sys=0.00, real=0.05 secs] 
4693.785: [GC (Allocation Failure) [PSYoungGen: 414998K->182101K(465920K)] 1319889K->1143572K(1864192K), 0.0438278 secs] [Times: user=0.20 sys=0.00, real=0.04 secs] 
4693.940: [GC (Allocation Failure) [PSYoungGen: 415061K->187829K(465920K)] 1376532K->1204824K(1864192K), 0.0458880 secs] [Times: user=0.21 sys=0.00, real=0.05 secs] 
4695.341: [GC (Allocation Failure) [PSYoungGen: 420789K->104092K(465920K)] 1437784K->1191895K(1864192K), 0.0877446 secs] [Times: user=0.47 sys=0.00, real=0.09 secs] 
4696.904: [GC (Allocation Failure) [PSYoungGen: 337052K->167604K(465920K)] 1424855K->1289036K(1864192K), 0.0964064 secs] [Times: user=0.49 sys=0.00, real=0.09 secs] 
4697.190: [GC (Allocation Failure) [PSYoungGen: 400564K->185206K(465920K)] 1521996K->1359206K(1864192K), 0.0425636 secs] [Times: user=0.19 sys=0.00, real=0.04 secs] 
4697.368: [GC (Allocation Failure) [PSYoungGen: 418166K->182966K(465920K)] 1592166K->1421198K(1864192K), 0.0536819 secs] [Times: user=0.25 sys=0.00, real=0.05 secs] 
4697.946: [GC (Allocation Failure) [PSYoungGen: 415926K->219828K(465920K)] 1654158K->1516460K(1864192K), 0.0538804 secs] [Times: user=0.27 sys=0.00, real=0.05 secs] 
4699.147: [GC (Allocation Failure) [PSYoungGen: 452788K->96411K(465920K)] 1749420K->1461003K(1864192K), 0.0982534 secs] [Times: user=0.52 sys=0.01, real=0.10 secs] 
4699.245: [Full GC (Ergonomics) [PSYoungGen: 96411K->0K(465920K)] [ParOldGen: 1364591K->114054K(1398272K)] 1461003K->114054K(1864192K), [Metaspace: 60460K->60460K(1105920K)], 0.1726760 secs] [Times: user=0.76 sys=0.00, real=0.17 secs] 
4700.039: [GC (Allocation Failure) [PSYoungGen: 232960K->179957K(465920K)] 347014K->294011K(1864192K), 0.0340307 secs] [Times: user=0.13 sys=0.00, real=0.04 secs] 
4700.267: [GC (Allocation Failure) [PSYoungGen: 412917K->185398K(465920K)] 526971K->355992K(1864192K), 0.0611337 secs] [Times: user=0.29 sys=0.00, real=0.06 secs] 
4700.456: [GC (Allocation Failure) [PSYoungGen: 418358K->187701K(465920K)] 588952K->414535K(1864192K), 0.0448684 secs] [Times: user=0.21 sys=0.00, real=0.04 secs] 
4701.596: [GC (Allocation Failure) [PSYoungGen: 420661K->103724K(465920K)] 647495K->401254K(1864192K), 0.0443987 secs] [Times: user=0.23 sys=0.00, real=0.04 secs] 
4702.266: [GC (Allocation Failure) [PSYoungGen: 336684K->173813K(465920K)] 634214K->504912K(1864192K), 0.0724886 secs] [Times: user=0.35 sys=0.00, real=0.07 secs] 
4702.491: [GC (Allocation Failure) [PSYoungGen: 406773K->185398K(465920K)] 737872K->570837K(1864192K), 0.0427251 secs] [Times: user=0.20 sys=0.00, real=0.05 secs] 
4702.673: [GC (Allocation Failure) [PSYoungGen: 418358K->182774K(465920K)] 803797K->632773K(1864192K), 0.0642544 secs] [Times: user=0.31 sys=0.00, real=0.07 secs] 
4703.658: [GC (Allocation Failure) [PSYoungGen: 415734K->213918K(465920K)] 865733K->721789K(1864192K), 0.0478917 secs] [Times: user=0.24 sys=0.00, real=0.05 secs] 
4704.646: [GC (GCLocker Initiated GC) [PSYoungGen: 446878K->106300K(465920K)] 954750K->679348K(1864192K), 0.1063517 secs] [Times: user=0.57 sys=0.00, real=0.11 secs] 
4705.211: [GC (Allocation Failure) [PSYoungGen: 339260K->177974K(465920K)] 920539K->792833K(1864192K), 0.1490562 secs] [Times: user=0.83 sys=0.00, real=0.15 secs] 
4705.513: [GC (Allocation Failure) [PSYoungGen: 410934K->180278K(465920K)] 1025793K->852037K(1864192K), 0.1630930 secs] [Times: user=0.92 sys=0.00, real=0.16 secs] 
4705.788: [GC (Allocation Failure) [PSYoungGen: 413238K->187509K(465920K)] 1084997K->917116K(1864192K), 0.0590169 secs] [Times: user=0.29 sys=0.00, real=0.06 secs] 
4707.318: [GC (Allocation Failure) [PSYoungGen: 420469K->101084K(465920K)] 1150076K->901179K(1864192K), 0.1291093 secs] [Times: user=0.71 sys=0.00, real=0.13 secs] 
4708.628: [GC (Allocation Failure) [PSYoungGen: 334044K->171956K(465920K)] 1134139K->1004353K(1864192K), 0.0700513 secs] [Times: user=0.33 sys=0.00, real=0.07 secs] 
4708.861: [GC (Allocation Failure) [PSYoungGen: 404916K->182325K(465920K)] 1237313K->1068390K(1864192K), 0.0425998 secs] [Times: user=0.19 sys=0.00, real=0.05 secs] 
4709.061: [GC (Allocation Failure) [PSYoungGen: 409274K->178038K(465920K)] 1295338K->1127638K(1864192K), 0.0781172 secs] [Times: user=0.39 sys=0.00, real=0.08 secs] 
4710.145: [GC (Allocation Failure) [PSYoungGen: 410998K->168787K(465920K)] 1360598K->1174987K(1864192K), 0.0544165 secs] [Times: user=0.27 sys=0.00, real=0.05 secs] 
4710.657: [GC (Allocation Failure) [PSYoungGen: 401747K->112125K(465920K)] 1407947K->1182877K(1864192K), 0.0955449 secs] [Times: user=0.50 sys=0.00, real=0.10 secs] 
4711.035: [GC (Allocation Failure) [PSYoungGen: 345085K->177173K(465920K)] 1415837K->1283926K(1864192K), 0.0365904 secs] [Times: user=0.15 sys=0.00, real=0.03 secs] 
4711.234: [GC (Allocation Failure) [PSYoungGen: 410133K->185143K(465920K)] 1516886K->1354196K(1864192K), 0.0822211 secs] [Times: user=0.41 sys=0.00, real=0.08 secs] 
4711.449: [GC (Allocation Failure) [PSYoungGen: 418103K->187445K(465920K)] 1587156K->1415330K(1864192K), 0.0601125 secs] [Times: user=0.30 sys=0.00, real=0.06 secs] 
4712.935: [GC (Allocation Failure) [PSYoungGen: 420405K->95435K(465920K)] 1648290K->1394048K(1864192K), 0.0947663 secs] [Times: user=0.51 sys=0.00, real=0.09 secs] 
4714.264: [GC (Allocation Failure) [PSYoungGen: 328395K->170100K(465920K)] 1627008K->1499374K(1864192K), 0.0725707 secs] [Times: user=0.33 sys=0.00, real=0.07 secs] 
4714.337: [Full GC (Ergonomics) [PSYoungGen: 170100K->0K(465920K)] [ParOldGen: 1329274K->197235K(1398272K)] 1499374K->197235K(1864192K), [Metaspace: 60460K->60460K(1105920K)], 0.2504448 secs] [Times: user=1.21 sys=0.00, real=0.25 secs] 
4714.702: [GC (Allocation Failure) [PSYoungGen: 232960K->185654K(465920K)] 430195K->382889K(1864192K), 0.0323340 secs] [Times: user=0.13 sys=0.00, real=0.04 secs] 
4714.882: [GC (Allocation Failure) [PSYoungGen: 413884K->180470K(465920K)] 611119K->442149K(1864192K), 0.0598243 secs] [Times: user=0.29 sys=0.00, real=0.06 secs] 
4715.966: [GC (Allocation Failure) [PSYoungGen: 413430K->167218K(400384K)] 675109K->486025K(1798656K), 0.0566992 secs] [Times: user=0.29 sys=0.00, real=0.06 secs] 
4716.859: [GC (Allocation Failure) [PSYoungGen: 400178K->112237K(463872K)] 718985K->495148K(1862144K), 0.0744721 secs] [Times: user=0.39 sys=0.00, real=0.08 secs] 
4717.324: [GC (Allocation Failure) [PSYoungGen: 336276K->171028K(464896K)] 719187K->589760K(1863168K), 0.0407463 secs] [Times: user=0.18 sys=0.00, real=0.04 secs] 
4717.501: [GC (Allocation Failure) [PSYoungGen: 402964K->184694K(463360K)] 821696K->657026K(1861632K), 0.0565669 secs] [Times: user=0.27 sys=0.00, real=0.06 secs] 
4717.869: [GC (Allocation Failure) [PSYoungGen: 417142K->184981K(464896K)] 889474K->713321K(1863168K), 0.0698675 secs] [Times: user=0.35 sys=0.00, real=0.07 secs] 
4719.028: [GC (GCLocker Initiated GC) [PSYoungGen: 417429K->104508K(465920K)] 945769K->702696K(1864192K), 0.0446710 secs] [Times: user=0.23 sys=0.00, real=0.05 secs] 
4720.159: [GC (Allocation Failure) [PSYoungGen: 337468K->171892K(465920K)] 935695K->803398K(1864192K), 0.0852826 secs] [Times: user=0.41 sys=0.00, real=0.09 secs] 
4720.437: [GC (Allocation Failure) [PSYoungGen: 404852K->182549K(465920K)] 1036358K->868027K(1864192K), 0.0425718 secs] [Times: user=0.19 sys=0.00, real=0.04 secs] 
4720.655: [GC (Allocation Failure) [PSYoungGen: 415393K->185015K(465920K)] 1100871K->934261K(1864192K), 0.0732125 secs] [Times: user=0.37 sys=0.00, real=0.07 secs] 
4721.643: [GC (Allocation Failure) [PSYoungGen: 417975K->169907K(460800K)] 1167221K->978025K(1859072K), 0.0575934 secs] [Times: user=0.29 sys=0.00, real=0.06 secs] 
4723.102: [GC (Allocation Failure) [PSYoungGen: 402867K->106028K(463360K)] 1210985K->979002K(1861632K), 0.0998767 secs] [Times: user=0.54 sys=0.00, real=0.10 secs] 
4723.937: [GC (Allocation Failure) [PSYoungGen: 335778K->177045K(465920K)] 1208752K->1083480K(1864192K), 0.0478877 secs] [Times: user=0.21 sys=0.00, real=0.05 secs] 
4724.111: [GC (Allocation Failure) [PSYoungGen: 410005K->183061K(465920K)] 1316440K->1144533K(1864192K), 0.0432572 secs] [Times: user=0.20 sys=0.00, real=0.05 secs] 
4724.289: [GC (Allocation Failure) [PSYoungGen: 416021K->187477K(465920K)] 1377493K->1204436K(1864192K), 0.0637087 secs] [Times: user=0.31 sys=0.00, real=0.06 secs] 
4725.482: [GC (Allocation Failure) [PSYoungGen: 420437K->101916K(465920K)] 1437396K->1189507K(1864192K), 0.0500744 secs] [Times: user=0.26 sys=0.00, real=0.05 secs] 
4726.286: [GC (Allocation Failure) [PSYoungGen: 334876K->175925K(465920K)] 1422467K->1296477K(1864192K), 0.0673394 secs] [Times: user=0.32 sys=0.01, real=0.07 secs] 
4726.491: [GC (Allocation Failure) [PSYoungGen: 408885K->182389K(465920K)] 1529437K->1358041K(1864192K), 0.0439178 secs] [Times: user=0.19 sys=0.00, real=0.05 secs] 
4726.703: [GC (Allocation Failure) [PSYoungGen: 412462K->181846K(465920K)] 1588114K->1420874K(1864192K), 0.0762464 secs] [Times: user=0.38 sys=0.00, real=0.07 secs] 
4727.637: [GC (Allocation Failure) [PSYoungGen: 410340K->206547K(465920K)] 1649368K->1503415K(1864192K), 0.0549235 secs] [Times: user=0.28 sys=0.00, real=0.05 secs] 
4728.311: [GC (Allocation Failure) [PSYoungGen: 439507K->105708K(465920K)] 1736375K->1467472K(1864192K), 0.0994870 secs] [Times: user=0.54 sys=0.00, real=0.10 secs] 
4728.411: [Full GC (Ergonomics) [PSYoungGen: 105708K->0K(465920K)] [ParOldGen: 1361764K->123183K(1398272K)] 1467472K->123183K(1864192K), [Metaspace: 60460K->60460K(1105920K)], 0.1743008 secs] [Times: user=0.75 sys=0.00, real=0.18 secs] 
4728.856: [GC (Allocation Failure) [PSYoungGen: 228487K->177461K(465920K)] 351671K->300645K(1864192K), 0.0245150 secs] [Times: user=0.08 sys=0.00, real=0.02 secs] 
4728.994: [GC (Allocation Failure) [PSYoungGen: 410421K->184118K(465920K)] 533605K->362753K(1864192K), 0.0415309 secs] [Times: user=0.18 sys=0.00, real=0.04 secs] 
4729.147: [GC (Allocation Failure) [PSYoungGen: 417078K->187637K(465920K)] 595713K->422033K(1864192K), 0.0447154 secs] [Times: user=0.20 sys=0.00, real=0.04 secs] 
4730.276: [GC (Allocation Failure) [PSYoungGen: 420597K->101916K(465920K)] 654993K->406960K(1864192K), 0.0453275 secs] [Times: user=0.23 sys=0.00, real=0.04 secs] 
4731.729: [GC (Allocation Failure) [PSYoungGen: 334876K->168980K(465920K)] 639920K->506453K(1864192K), 0.0861855 secs] [Times: user=0.42 sys=0.00, real=0.09 secs] 
4731.993: [GC (Allocation Failure) [PSYoungGen: 401940K->185526K(465920K)] 739413K->576450K(1864192K), 0.0424539 secs] [Times: user=0.19 sys=0.00, real=0.04 secs] 
4732.188: [GC (GCLocker Initiated GC) [PSYoungGen: 418486K->184695K(465920K)] 809411K->639812K(1864192K), 0.0706113 secs] [Times: user=0.35 sys=0.00, real=0.07 secs] 
4733.221: [GC (Allocation Failure) [PSYoungGen: 417655K->169363K(465920K)] 872773K->683169K(1864192K), 0.0555739 secs] [Times: user=0.28 sys=0.00, real=0.06 secs] 
4734.153: [GC (Allocation Failure) [PSYoungGen: 402323K->110269K(465920K)] 916129K->688924K(1864192K), 0.0880111 secs] [Times: user=0.46 sys=0.00, real=0.08 secs] 
4734.950: [GC (Allocation Failure) [PSYoungGen: 343229K->173204K(465920K)] 921884K->786288K(1864192K), 0.0468017 secs] [Times: user=0.21 sys=0.00, real=0.05 secs] 
4735.120: [GC (Allocation Failure) [PSYoungGen: 406164K->185590K(465920K)] 1019248K->853245K(1864192K), 0.0428811 secs] [Times: user=0.19 sys=0.00, real=0.05 secs] 
4735.275: [GC (Allocation Failure) [PSYoungGen: 418550K->187477K(465920K)] 1086205K->911221K(1864192K), 0.0453488 secs] [Times: user=0.21 sys=0.00, real=0.04 secs] 
4736.403: [GC (Allocation Failure) [PSYoungGen: 420437K->105532K(465920K)] 1144181K->900116K(1864192K), 0.0551524 secs] [Times: user=0.29 sys=0.01, real=0.06 secs] 
4736.973: [GC (Allocation Failure) [PSYoungGen: 338492K->173044K(465920K)] 1133076K->1001773K(1864192K), 0.0645217 secs] [Times: user=0.31 sys=0.00, real=0.06 secs] 
4737.176: [GC (Allocation Failure) [PSYoungGen: 406004K->185238K(465920K)] 1234733K->1068122K(1864192K), 0.0434163 secs] [Times: user=0.20 sys=0.00, real=0.04 secs] 
4737.378: [GC (Allocation Failure) [PSYoungGen: 418198K->177878K(465920K)] 1301082K->1124954K(1864192K), 0.0718755 secs] [Times: user=0.35 sys=0.00, real=0.07 secs] 
4738.399: [GC (Allocation Failure) [PSYoungGen: 410838K->168691K(401920K)] 1357914K->1172175K(1800192K), 0.0564239 secs] [Times: user=0.28 sys=0.00, real=0.06 secs] 
4739.123: [GC (GCLocker Initiated GC) [PSYoungGen: 401651K->114157K(460800K)] 1405135K->1182218K(1859072K), 0.1083567 secs] [Times: user=0.59 sys=0.00, real=0.10 secs] 
4739.601: [GC (Allocation Failure) [PSYoungGen: 344557K->175764K(463360K)] 1412621K->1280421K(1861632K), 0.0436348 secs] [Times: user=0.20 sys=0.00, real=0.05 secs] 
4739.761: [GC (Allocation Failure) [PSYoungGen: 406164K->183510K(465408K)] 1510821K->1349847K(1863680K), 0.0492425 secs] [Times: user=0.23 sys=0.01, real=0.05 secs] 
4739.923: [GC (Allocation Failure) [PSYoungGen: 418006K->188565K(423424K)] 1584343K->1413102K(1821696K), 0.0608752 secs] [Times: user=0.27 sys=0.00, real=0.06 secs] 
4741.649: [GC (Allocation Failure) [PSYoungGen: 423061K->96715K(465920K)] 1647598K->1392248K(1864192K), 0.1372912 secs] [Times: user=0.77 sys=0.00, real=0.14 secs] 
4742.396: [GC (Allocation Failure) [PSYoungGen: 329675K->177077K(465920K)] 1625208K->1503887K(1864192K), 0.0514650 secs] [Times: user=0.23 sys=0.00, real=0.05 secs] 
4742.448: [Full GC (Ergonomics) [PSYoungGen: 177077K->0K(465920K)] [ParOldGen: 1326809K->204267K(1398272K)] 1503887K->204267K(1864192K), [Metaspace: 60467K->60467K(1105920K)], 0.2175757 secs] [Times: user=1.00 sys=0.00, real=0.22 secs] 
4742.815: [GC (Allocation Failure) [PSYoungGen: 232960K->180213K(465920K)] 437227K->384480K(1864192K), 0.0309740 secs] [Times: user=0.12 sys=0.00, real=0.03 secs] 
4742.955: [GC (Allocation Failure) [PSYoungGen: 402096K->176598K(465920K)] 606363K->444129K(1864192K), 0.0429748 secs] [Times: user=0.19 sys=0.00, real=0.04 secs] 
4743.977: [GC (Allocation Failure) [PSYoungGen: 409558K->168947K(458752K)] 677089K->492566K(1857024K), 0.0531371 secs] [Times: user=0.26 sys=0.00, real=0.05 secs] 
4744.699: [GC (GCLocker Initiated GC) [PSYoungGen: 401907K->112861K(462336K)] 725526K->501160K(1860608K), 0.0693516 secs] [Times: user=0.36 sys=0.00, real=0.07 secs] 
4745.034: [GC (Allocation Failure) [PSYoungGen: 345821K->179957K(466944K)] 734287K->604472K(1865216K), 0.0366480 secs] [Times: user=0.15 sys=0.00, real=0.03 secs] 
4745.220: [GC (Allocation Failure) [PSYoungGen: 414965K->183734K(418816K)] 839480K->671197K(1817088K), 0.0703682 secs] [Times: user=0.35 sys=0.00, real=0.07 secs] 
4745.459: [GC (Allocation Failure) [PSYoungGen: 418742K->188917K(465920K)] 906205K->734644K(1864192K), 0.0767407 secs] [Times: user=0.40 sys=0.00, real=0.08 secs] 
4746.864: [GC (Allocation Failure) [PSYoungGen: 421877K->97707K(465920K)] 967604K->714646K(1864192K), 0.0742800 secs] [Times: user=0.40 sys=0.00, real=0.07 secs] 
4748.211: [GC (Allocation Failure) [PSYoungGen: 330667K->172244K(465920K)] 947606K->820584K(1864192K), 0.0620387 secs] [Times: user=0.29 sys=0.00, real=0.06 secs] 
4748.428: [GC (Allocation Failure) [PSYoungGen: 405204K->182837K(465920K)] 1053544K->884829K(1864192K), 0.0420887 secs] [Times: user=0.19 sys=0.00, real=0.04 secs] 
4748.580: [GC (Allocation Failure) [PSYoungGen: 404279K->174837K(465920K)] 1106271K->940549K(1864192K), 0.0475438 secs] [Times: user=0.22 sys=0.00, real=0.05 secs] 
4749.585: [GC (Allocation Failure) [PSYoungGen: 407797K->168787K(401920K)] 1173509K->990043K(1800192K), 0.0553507 secs] [Times: user=0.28 sys=0.00, real=0.05 secs] 
4750.906: [GC (Allocation Failure) [PSYoungGen: 401747K->108044K(458240K)] 1223003K->993684K(1856512K), 0.1137706 secs] [Times: user=0.61 sys=0.00, real=0.11 secs] 
4751.885: [GC (Allocation Failure) [PSYoungGen: 332196K->174005K(461824K)] 1217836K->1094390K(1860096K), 0.0494191 secs] [Times: user=0.22 sys=0.00, real=0.05 secs] 
4752.118: [GC (Allocation Failure) [PSYoungGen: 403381K->179957K(464896K)] 1323766K->1154222K(1863168K), 0.0617166 secs] [Times: user=0.30 sys=0.00, real=0.06 secs] 
4752.352: [GC (Allocation Failure) [PSYoungGen: 415989K->189365K(425472K)] 1390254K->1218326K(1823744K), 0.0639145 secs] [Times: user=0.31 sys=0.00, real=0.07 secs] 
4753.474: [GC (Allocation Failure) [PSYoungGen: 425397K->101980K(465920K)] 1454358K->1202073K(1864192K), 0.0460140 secs] [Times: user=0.24 sys=0.00, real=0.04 secs] 
4754.082: [GC (Allocation Failure) [PSYoungGen: 334940K->175349K(465920K)] 1435033K->1308663K(1864192K), 0.0611897 secs] [Times: user=0.29 sys=0.00, real=0.07 secs] 
4754.303: [GC (Allocation Failure) [PSYoungGen: 408309K->182389K(465920K)] 1541623K->1370563K(1864192K), 0.0619288 secs] [Times: user=0.29 sys=0.01, real=0.07 secs] 
4754.491: [GC (Allocation Failure) [PSYoungGen: 415272K->184823K(465920K)] 1603446K->1436877K(1864192K), 0.0511535 secs] [Times: user=0.24 sys=0.00, real=0.05 secs] 
4755.561: [GC (Allocation Failure) [PSYoungGen: 417783K->169107K(462848K)] 1669837K->1479809K(1861120K), 0.0570700 secs] [Times: user=0.29 sys=0.00, real=0.06 secs] 
4756.200: [GC (Allocation Failure) [PSYoungGen: 402067K->109869K(464384K)] 1712769K->1485403K(1862656K), 0.0875239 secs] [Times: user=0.47 sys=0.00, real=0.09 secs] 
4756.287: [Full GC (Ergonomics) [PSYoungGen: 109869K->0K(464384K)] [ParOldGen: 1375534K->127343K(1398272K)] 1485403K->127343K(1862656K), [Metaspace: 60470K->60470K(1105920K)], 0.1767097 secs] [Times: user=0.78 sys=0.01, real=0.18 secs] 
4757.434: [GC (Allocation Failure) [PSYoungGen: 230614K->173077K(466432K)] 357958K->300421K(1864704K), 0.0332715 secs] [Times: user=0.12 sys=0.00, real=0.03 secs] 
4757.611: [GC (Allocation Failure) [PSYoungGen: 407061K->186358K(465920K)] 534405K->367662K(1864192K), 0.0408621 secs] [Times: user=0.18 sys=0.00, real=0.04 secs] 
4757.766: [GC (Allocation Failure) [PSYoungGen: 420342K->188341K(465920K)] 601646K->426101K(1864192K), 0.0444224 secs] [Times: user=0.21 sys=0.00, real=0.04 secs] 
4758.928: [GC (Allocation Failure) [PSYoungGen: 421301K->99356K(465920K)] 659061K->407816K(1864192K), 0.0580980 secs] [Times: user=0.31 sys=0.00, real=0.06 secs] 
4759.653: [GC (Allocation Failure) [PSYoungGen: 332316K->172692K(465920K)] 640776K->513005K(1864192K), 0.0686249 secs] [Times: user=0.33 sys=0.00, real=0.06 secs] 
4759.884: [GC (Allocation Failure) [PSYoungGen: 405652K->185398K(465920K)] 745965K->580139K(1864192K), 0.0425384 secs] [Times: user=0.19 sys=0.00, real=0.04 secs] 
4760.070: [GC (Allocation Failure) [PSYoungGen: 414514K->181398K(465920K)] 809255K->640499K(1864192K), 0.0727860 secs] [Times: user=0.36 sys=0.00, real=0.08 secs] 
4761.021: [GC (Allocation Failure) [PSYoungGen: 409606K->205843K(465920K)] 868707K->722528K(1864192K), 0.0531912 secs] [Times: user=0.27 sys=0.00, real=0.06 secs] 
4761.529: [GC (Allocation Failure) [PSYoungGen: 438803K->105708K(465920K)] 955488K->686969K(1864192K), 0.0737179 secs] [Times: user=0.39 sys=0.01, real=0.08 secs] 
4761.901: [GC (Allocation Failure) [PSYoungGen: 334239K->176949K(465920K)] 915500K->792406K(1864192K), 0.0451404 secs] [Times: user=0.19 sys=0.01, real=0.05 secs] 
4762.104: [GC (Allocation Failure) [PSYoungGen: 409909K->185206K(465920K)] 1025366K->855794K(1864192K), 0.0481006 secs] [Times: user=0.22 sys=0.00, real=0.04 secs] 
4762.272: [GC (Allocation Failure) [PSYoungGen: 418166K->184500K(465920K)] 1088754K->911313K(1864192K), 0.0454659 secs] [Times: user=0.21 sys=0.00, real=0.05 secs] 
4763.422: [GC (Allocation Failure) [PSYoungGen: 417460K->100556K(465920K)] 1144273K->896896K(1864192K), 0.0445176 secs] [Times: user=0.23 sys=0.00, real=0.05 secs] 
4764.553: [GC (Allocation Failure) [PSYoungGen: 333516K->172884K(465920K)] 1129856K->1001524K(1864192K), 0.0741737 secs] [Times: user=0.36 sys=0.00, real=0.07 secs] 
4764.830: [GC (Allocation Failure) [PSYoungGen: 405844K->182741K(465920K)] 1234484K->1065521K(1864192K), 0.0517203 secs] [Times: user=0.25 sys=0.00, real=0.05 secs] 
4765.022: [GC (Allocation Failure) [PSYoungGen: 415602K->185719K(465920K)] 1298382K->1132483K(1864192K), 0.0548161 secs] [Times: user=0.26 sys=0.00, real=0.06 secs] 
4765.902: [GC (Allocation Failure) [PSYoungGen: 415865K->192595K(465920K)] 1362629K->1198375K(1864192K), 0.0552239 secs] [Times: user=0.28 sys=0.00, real=0.06 secs] 
4767.742: [GC (Allocation Failure) [PSYoungGen: 425555K->99659K(465920K)] 1431335K->1170976K(1864192K), 0.1269147 secs] [Times: user=0.69 sys=0.01, real=0.13 secs] 
4768.599: [GC (Allocation Failure) [PSYoungGen: 332619K->180662K(465920K)] 1403936K->1284043K(1864192K), 0.0513728 secs] [Times: user=0.23 sys=0.00, real=0.05 secs] 
4768.844: [GC (Allocation Failure) [PSYoungGen: 413622K->185334K(465920K)] 1517003K->1344851K(1864192K), 0.0630579 secs] [Times: user=0.30 sys=0.00, real=0.06 secs] 
4769.082: [GC (Allocation Failure) [PSYoungGen: 418294K->186933K(465920K)] 1577811K->1402578K(1864192K), 0.0633095 secs] [Times: user=0.31 sys=0.00, real=0.07 secs] 
4770.211: [GC (GCLocker Initiated GC) [PSYoungGen: 419893K->99580K(465920K)] 1635538K->1385929K(1864192K), 0.0543902 secs] [Times: user=0.29 sys=0.00, real=0.06 secs] 
4770.869: [GC (Allocation Failure) [PSYoungGen: 332540K->174197K(465920K)] 1618928K->1492765K(1864192K), 0.0707610 secs] [Times: user=0.33 sys=0.01, real=0.07 secs] 
4770.940: [Full GC (Ergonomics) [PSYoungGen: 174197K->0K(465920K)] [ParOldGen: 1318568K->198151K(1398272K)] 1492765K->198151K(1864192K), [Metaspace: 60470K->60470K(1105920K)], 0.2278251 secs] [Times: user=0.96 sys=0.00, real=0.23 secs] 
4771.293: [GC (Allocation Failure) [PSYoungGen: 232960K->182549K(465920K)] 431111K->380701K(1864192K), 0.0322788 secs] [Times: user=0.13 sys=0.00, real=0.04 secs] 
4771.491: [GC (Allocation Failure) [PSYoungGen: 415509K->186039K(465920K)] 613661K->447974K(1864192K), 0.0591974 secs] [Times: user=0.28 sys=0.00, real=0.06 secs] 
4772.431: [GC (Allocation Failure) [PSYoungGen: 416296K->206675K(465920K)] 678232K->527554K(1864192K), 0.0547202 secs] [Times: user=0.27 sys=0.00, real=0.06 secs] 
4773.711: [GC (GCLocker Initiated GC) [PSYoungGen: 439635K->99563K(465920K)] 760515K->485308K(1864192K), 0.1098099 secs] [Times: user=0.60 sys=0.01, real=0.11 secs] 
4774.456: [GC (Allocation Failure) [PSYoungGen: 332523K->181590K(465920K)] 718271K->599438K(1864192K), 0.0495286 secs] [Times: user=0.22 sys=0.00, real=0.05 secs] 
4774.683: [GC (Allocation Failure) [PSYoungGen: 414550K->185526K(465920K)] 832398K->660022K(1864192K), 0.0613380 secs] [Times: user=0.29 sys=0.00, real=0.07 secs] 
4774.924: [GC (Allocation Failure) [PSYoungGen: 418486K->187317K(465920K)] 892982K->717941K(1864192K), 0.0638893 secs] [Times: user=0.32 sys=0.00, real=0.06 secs] 
4776.001: [GC (Allocation Failure) [PSYoungGen: 420277K->100940K(465920K)] 950901K->702188K(1864192K), 0.0446278 secs] [Times: user=0.23 sys=0.00, real=0.05 secs] 
4777.244: [GC (Allocation Failure) [PSYoungGen: 333900K->166484K(465920K)] 935148K->800069K(1864192K), 0.1003459 secs] [Times: user=0.50 sys=0.00, real=0.10 secs] 
4777.552: [GC (Allocation Failure) [PSYoungGen: 399444K->185238K(465920K)] 1033029K->871523K(1864192K), 0.0426056 secs] [Times: user=0.18 sys=0.00, real=0.05 secs] 
4777.763: [GC (Allocation Failure) [PSYoungGen: 418196K->185495K(465920K)] 1104482K->936100K(1864192K), 0.0718809 secs] [Times: user=0.35 sys=0.00, real=0.07 secs] 
4778.780: [GC (Allocation Failure) [PSYoungGen: 418455K->173299K(465920K)] 1169060K->982760K(1864192K), 0.0581681 secs] [Times: user=0.29 sys=0.00, real=0.06 secs] 
4779.421: [GC (Allocation Failure) [PSYoungGen: 406259K->109004K(465920K)] 1215720K->984642K(1864192K), 0.1088990 secs] [Times: user=0.58 sys=0.00, real=0.11 secs] 
4779.912: [GC (Allocation Failure) [PSYoungGen: 335475K->173717K(465920K)] 1211112K->1083903K(1864192K), 0.0447102 secs] [Times: user=0.19 sys=0.00, real=0.05 secs] 
4780.152: [GC (Allocation Failure) [PSYoungGen: 406677K->185206K(465920K)] 1316863K->1149884K(1864192K), 0.0607755 secs] [Times: user=0.29 sys=0.00, real=0.06 secs] 
4780.386: [GC (Allocation Failure) [PSYoungGen: 418166K->184628K(465920K)] 1382844K->1205355K(1864192K), 0.0618633 secs] [Times: user=0.30 sys=0.00, real=0.06 secs] 
4781.582: [GC (Allocation Failure) [PSYoungGen: 417588K->104044K(465920K)] 1438315K->1194498K(1864192K), 0.0448998 secs] [Times: user=0.23 sys=0.00, real=0.05 secs] 
4782.720: [GC (Allocation Failure) [PSYoungGen: 337004K->172468K(465920K)] 1427458K->1296476K(1864192K), 0.0983163 secs] [Times: user=0.49 sys=0.00, real=0.10 secs] 
4783.001: [GC (Allocation Failure) [PSYoungGen: 405428K->179733K(465920K)] 1529436K->1357500K(1864192K), 0.0428164 secs] [Times: user=0.19 sys=0.00, real=0.05 secs] 
4783.161: [GC (Allocation Failure) [PSYoungGen: 412693K->185943K(465920K)] 1590460K->1426910K(1864192K), 0.0501050 secs] [Times: user=0.23 sys=0.00, real=0.05 secs] 
4784.178: [GC (Allocation Failure) [PSYoungGen: 418903K->172115K(465920K)] 1659870K->1472162K(1864192K), 0.0553209 secs] [Times: user=0.28 sys=0.00, real=0.06 secs] 
4785.293: [GC (Allocation Failure) [PSYoungGen: 405075K->106620K(465920K)] 1705122K->1472451K(1864192K), 0.1073425 secs] [Times: user=0.57 sys=0.00, real=0.11 secs] 
4785.400: [Full GC (Ergonomics) [PSYoungGen: 106620K->0K(465920K)] [ParOldGen: 1365831K->124254K(1398272K)] 1472451K->124254K(1864192K), [Metaspace: 60478K->60478K(1105920K)], 0.1881657 secs] [Times: user=0.84 sys=0.00, real=0.19 secs] 
4786.283: [GC (Allocation Failure) [PSYoungGen: 231609K->176885K(465920K)] 355863K->301139K(1864192K), 0.0357777 secs] [Times: user=0.13 sys=0.00, real=0.04 secs] 
4786.476: [GC (Allocation Failure) [PSYoungGen: 409845K->185526K(465920K)] 534099K->365412K(1864192K), 0.0415191 secs] [Times: user=0.18 sys=0.00, real=0.04 secs] 
4786.658: [GC (Allocation Failure) [PSYoungGen: 418486K->187637K(465920K)] 598372K->423683K(1864192K), 0.0607747 secs] [Times: user=0.30 sys=0.00, real=0.06 secs] 
4787.839: [GC (Allocation Failure) [PSYoungGen: 420597K->100844K(465920K)] 656643K->407586K(1864192K), 0.0490797 secs] [Times: user=0.26 sys=0.00, real=0.05 secs] 
4788.874: [GC (Allocation Failure) [PSYoungGen: 333804K->172468K(465920K)] 640546K->511599K(1864192K), 0.0870350 secs] [Times: user=0.42 sys=0.00, real=0.08 secs] 
4789.144: [GC (Allocation Failure) [PSYoungGen: 405428K->182197K(465920K)] 744559K->575204K(1864192K), 0.0421486 secs] [Times: user=0.19 sys=0.00, real=0.04 secs] 
4789.303: [GC (Allocation Failure) [PSYoungGen: 415148K->185559K(465920K)] 808155K->642166K(1864192K), 0.0495128 secs] [Times: user=0.23 sys=0.01, real=0.04 secs] 
4790.368: [GC (Allocation Failure) [PSYoungGen: 418519K->168371K(465920K)] 875126K->683994K(1864192K), 0.0572900 secs] [Times: user=0.29 sys=0.00, real=0.06 secs] 
4791.497: [GC (Allocation Failure) [PSYoungGen: 401331K->109677K(465920K)] 916954K->689812K(1864192K), 0.1010697 secs] [Times: user=0.48 sys=0.00, real=0.10 secs] 
4792.270: [GC (Allocation Failure) [PSYoungGen: 338563K->173269K(465920K)] 918698K->788669K(1864192K), 0.0482408 secs] [Times: user=0.21 sys=0.00, real=0.05 secs] 
4792.448: [GC (Allocation Failure) [PSYoungGen: 406229K->185974K(465920K)] 1021629K->855598K(1864192K), 0.0425991 secs] [Times: user=0.19 sys=0.00, real=0.04 secs] 
4792.602: [GC (Allocation Failure) [PSYoungGen: 418934K->187733K(465920K)] 1088558K->913533K(1864192K), 0.0454247 secs] [Times: user=0.21 sys=0.00, real=0.05 secs] 
4793.920: [GC (Allocation Failure) [PSYoungGen: 420693K->102748K(465920K)] 1146493K->899428K(1864192K), 0.0706610 secs] [Times: user=0.37 sys=0.00, real=0.07 secs] 
4795.361: [GC (Allocation Failure) [PSYoungGen: 335708K->168756K(465920K)] 1132388K->998345K(1864192K), 0.0792708 secs] [Times: user=0.38 sys=0.00, real=0.08 secs] 
4795.603: [GC (Allocation Failure) [PSYoungGen: 401716K->182677K(465920K)] 1231305K->1065098K(1864192K), 0.0429510 secs] [Times: user=0.19 sys=0.00, real=0.04 secs] 
4795.783: [GC (Allocation Failure) [PSYoungGen: 415637K->185847K(465920K)] 1298058K->1131900K(1864192K), 0.0681615 secs] [Times: user=0.34 sys=0.00, real=0.06 secs] 
4796.852: [GC (Allocation Failure) [PSYoungGen: 418807K->169011K(402432K)] 1364860K->1174024K(1800704K), 0.0561704 secs] [Times: user=0.28 sys=0.00, real=0.06 secs] 
4797.318: [GC (Allocation Failure) [PSYoungGen: 401971K->111165K(462848K)] 1406984K->1180922K(1861120K), 0.0552342 secs] [Times: user=0.28 sys=0.00, real=0.05 secs] 
4797.692: [GC (Allocation Failure) [PSYoungGen: 334484K->171956K(464384K)] 1404241K->1277054K(1862656K), 0.0539431 secs] [Times: user=0.24 sys=0.00, real=0.06 secs] 
4797.888: [GC (Allocation Failure) [PSYoungGen: 403380K->184214K(464896K)] 1508478K->1343211K(1863168K), 0.0436706 secs] [Times: user=0.20 sys=0.00, real=0.04 secs] 
4798.077: [GC (Allocation Failure) [PSYoungGen: 417686K->187573K(465920K)] 1576683K->1402187K(1864192K), 0.0650137 secs] [Times: user=0.32 sys=0.00, real=0.06 secs] 
4799.458: [GC (Allocation Failure) [PSYoungGen: 421045K->99212K(465920K)] 1635659K->1384650K(1864192K), 0.0971687 secs] [Times: user=0.52 sys=0.00, real=0.10 secs] 
4800.738: [GC (Allocation Failure) [PSYoungGen: 332172K->165780K(465920K)] 1617610K->1483150K(1864192K), 0.0936094 secs] [Times: user=0.47 sys=0.00, real=0.09 secs] 
4800.832: [Full GC (Ergonomics) [PSYoungGen: 165780K->0K(465920K)] [ParOldGen: 1317370K->191031K(1398272K)] 1483150K->191031K(1864192K), [Metaspace: 60478K->60478K(1105920K)], 0.2537969 secs] [Times: user=1.24 sys=0.00, real=0.26 secs] 
4801.200: [GC (Allocation Failure) [PSYoungGen: 232960K->185622K(465920K)] 423991K->376653K(1864192K), 0.0331786 secs] [Times: user=0.14 sys=0.00, real=0.04 secs] 
4801.361: [GC (Allocation Failure) [PSYoungGen: 418582K->186039K(465920K)] 609613K->441518K(1864192K), 0.0438973 secs] [Times: user=0.19 sys=0.00, real=0.05 secs] 
4802.295: [GC (Allocation Failure) [PSYoungGen: 416366K->211507K(465920K)] 671846K->525995K(1864192K), 0.0559893 secs] [Times: user=0.28 sys=0.00, real=0.05 secs] 
4803.307: [GC (Allocation Failure) [PSYoungGen: 444467K->103020K(465920K)] 758955K->483891K(1864192K), 0.0770850 secs] [Times: user=0.41 sys=0.00, real=0.08 secs] 
4804.161: [GC (Allocation Failure) [PSYoungGen: 335980K->179125K(465920K)] 716851K->592034K(1864192K), 0.0472505 secs] [Times: user=0.21 sys=0.00, real=0.05 secs] 
4804.333: [GC (Allocation Failure) [PSYoungGen: 412085K->182805K(465920K)] 824994K->651590K(1864192K), 0.0428483 secs] [Times: user=0.19 sys=0.00, real=0.05 secs] 
4804.517: [GC (Allocation Failure) [PSYoungGen: 415765K->187253K(465920K)] 884550K->711862K(1864192K), 0.0615249 secs] [Times: user=0.30 sys=0.00, real=0.06 secs] 
4805.623: [GC (Allocation Failure) [PSYoungGen: 420213K->102348K(465920K)] 944822K->697493K(1864192K), 0.0443185 secs] [Times: user=0.23 sys=0.00, real=0.04 secs] 
4806.296: [GC (Allocation Failure) [PSYoungGen: 335308K->172724K(465920K)] 930453K->800830K(1864192K), 0.0721835 secs] [Times: user=0.35 sys=0.00, real=0.07 secs] 
4806.525: [GC (Allocation Failure) [PSYoungGen: 405684K->182997K(465920K)] 1033790K->865367K(1864192K), 0.0429070 secs] [Times: user=0.19 sys=0.00, real=0.04 secs] 
4806.685: [GC (Allocation Failure) [PSYoungGen: 415957K->186007K(465920K)] 1098327K->932320K(1864192K), 0.0498433 secs] [Times: user=0.23 sys=0.00, real=0.05 secs] 
4807.680: [GC (Allocation Failure) [PSYoungGen: 418967K->213774K(465920K)] 1165280K->1019048K(1864192K), 0.0491406 secs] [Times: user=0.24 sys=0.00, real=0.05 secs] 
4808.992: [GC (Allocation Failure) [PSYoungGen: 446734K->106284K(465920K)] 1252008K->976790K(1864192K), 0.1044984 secs] [Times: user=0.56 sys=0.00, real=0.11 secs] 
4809.960: [GC (Allocation Failure) [PSYoungGen: 339244K->176277K(465920K)] 1209750K->1080747K(1864192K), 0.0525742 secs] [Times: user=0.23 sys=0.00, real=0.05 secs] 
4810.220: [GC (Allocation Failure) [PSYoungGen: 409237K->185622K(465920K)] 1313707K->1145084K(1864192K), 0.0571000 secs] [Times: user=0.27 sys=0.00, real=0.06 secs] 
4810.389: [GC (Allocation Failure) [PSYoungGen: 418582K->187349K(465920K)] 1378044K->1202963K(1864192K), 0.0459321 secs] [Times: user=0.21 sys=0.00, real=0.05 secs] 
4811.650: [GC (Allocation Failure) [PSYoungGen: 420309K->98475K(465920K)] 1435923K->1184626K(1864192K), 0.0623610 secs] [Times: user=0.34 sys=0.00, real=0.06 secs] 
4812.608: [GC (GCLocker Initiated GC) [PSYoungGen: 331435K->172276K(465920K)] 1417589K->1290043K(1864192K), 0.0794849 secs] [Times: user=0.38 sys=0.00, real=0.08 secs] 
4812.858: [GC (Allocation Failure) [PSYoungGen: 405236K->184374K(465920K)] 1523168K->1356460K(1864192K), 0.0438428 secs] [Times: user=0.19 sys=0.00, real=0.04 secs] 
4813.049: [GC (Allocation Failure) [PSYoungGen: 417334K->183350K(465920K)] 1589420K->1419453K(1864192K), 0.0712408 secs] [Times: user=0.35 sys=0.00, real=0.07 secs] 
4814.070: [GC (Allocation Failure) [PSYoungGen: 416310K->171891K(465920K)] 1652413K->1466002K(1864192K), 0.0590039 secs] [Times: user=0.30 sys=0.00, real=0.06 secs] 
4814.613: [GC (Allocation Failure) [PSYoungGen: 404851K->113773K(465920K)] 1698962K->1473596K(1864192K), 0.0775968 secs] [Times: user=0.41 sys=0.00, real=0.07 secs] 
4814.691: [Full GC (Ergonomics) [PSYoungGen: 113773K->0K(465920K)] [ParOldGen: 1359822K->131952K(1398272K)] 1473596K->131952K(1864192K), [Metaspace: 60478K->60478K(1105920K)], 0.1704967 secs] [Times: user=0.74 sys=0.00, real=0.17 secs] 
4815.227: [GC (Allocation Failure) [PSYoungGen: 232960K->175188K(465920K)] 364912K->307141K(1864192K), 0.0336426 secs] [Times: user=0.14 sys=0.01, real=0.03 secs] 
4815.392: [GC (Allocation Failure) [PSYoungGen: 408148K->185175K(465920K)] 540101K->378775K(1864192K), 0.0467255 secs] [Times: user=0.21 sys=0.00, real=0.05 secs] 
4815.551: [GC (Allocation Failure) [PSYoungGen: 418135K->187317K(465920K)] 611735K->439766K(1864192K), 0.0569414 secs] [Times: user=0.28 sys=0.00, real=0.06 secs] 
4817.074: [GC (Allocation Failure) [PSYoungGen: 420277K->98475K(465920K)] 672726K->421564K(1864192K), 0.1209750 secs] [Times: user=0.66 sys=0.01, real=0.12 secs] 
4817.876: [GC (Allocation Failure) [PSYoungGen: 331435K->177013K(465920K)] 654524K->531867K(1864192K), 0.0622364 secs] [Times: user=0.29 sys=0.00, real=0.06 secs] 
4818.126: [GC (Allocation Failure) [PSYoungGen: 409973K->182517K(465920K)] 764827K->592815K(1864192K), 0.0599737 secs] [Times: user=0.28 sys=0.00, real=0.06 secs] 
4818.305: [GC (Allocation Failure) [PSYoungGen: 401763K->173429K(465920K)] 812061K->647539K(1864192K), 0.0477665 secs] [Times: user=0.23 sys=0.00, real=0.05 secs] 
4819.168: [GC (Allocation Failure) [PSYoungGen: 401210K->206835K(465920K)] 875319K->736008K(1864192K), 0.0530133 secs] [Times: user=0.26 sys=0.00, real=0.05 secs] 
4820.803: [GC (Allocation Failure) [PSYoungGen: 439795K->98859K(465920K)] 968968K->692801K(1864192K), 0.1068908 secs] [Times: user=0.59 sys=0.00, real=0.10 secs] 
4821.493: [GC (Allocation Failure) [PSYoungGen: 331819K->181334K(465920K)] 925761K->806856K(1864192K), 0.0477332 secs] [Times: user=0.21 sys=0.00, real=0.04 secs] 
4821.745: [GC (Allocation Failure) [PSYoungGen: 414294K->185302K(465920K)] 1039816K->867360K(1864192K), 0.0590232 secs] [Times: user=0.28 sys=0.00, real=0.06 secs] 
4821.922: [GC (Allocation Failure) [PSYoungGen: 418262K->187541K(465920K)] 1100320K->925888K(1864192K), 0.0455994 secs] [Times: user=0.21 sys=0.00, real=0.05 secs] 
4823.039: [GC (Allocation Failure) [PSYoungGen: 420501K->100300K(465920K)] 1158848K->909246K(1864192K), 0.0445000 secs] [Times: user=0.23 sys=0.00, real=0.05 secs] 
4824.641: [GC (Allocation Failure) [PSYoungGen: 333260K->169684K(465920K)] 1142206K->1010532K(1864192K), 0.0919876 secs] [Times: user=0.46 sys=0.00, real=0.10 secs] 
4824.910: [GC (Allocation Failure) [PSYoungGen: 402644K->185622K(465920K)] 1243492K->1079717K(1864192K), 0.0430662 secs] [Times: user=0.19 sys=0.00, real=0.05 secs] 
4825.066: [GC (Allocation Failure) [PSYoungGen: 418502K->183446K(465920K)] 1312597K->1142094K(1864192K), 0.0498147 secs] [Times: user=0.23 sys=0.00, real=0.05 secs] 
4826.037: [GC (Allocation Failure) [PSYoungGen: 413145K->211315K(465920K)] 1371793K->1227927K(1864192K), 0.0556495 secs] [Times: user=0.28 sys=0.00, real=0.06 secs] 
4827.489: [GC (Allocation Failure) [PSYoungGen: 444275K->98523K(465920K)] 1460887K->1181559K(1864192K), 0.0897905 secs] [Times: user=0.48 sys=0.00, real=0.09 secs] 
4828.469: [GC (Allocation Failure) [PSYoungGen: 331483K->179733K(465920K)] 1414519K->1293854K(1864192K), 0.0534306 secs] [Times: user=0.24 sys=0.00, real=0.05 secs] 
4828.726: [GC (Allocation Failure) [PSYoungGen: 412693K->185526K(465920K)] 1526814K->1355714K(1864192K), 0.0600068 secs] [Times: user=0.29 sys=0.00, real=0.06 secs] 
4828.953: [GC (Allocation Failure) [PSYoungGen: 418486K->187509K(465920K)] 1588674K->1414066K(1864192K), 0.0674425 secs] [Times: user=0.33 sys=0.00, real=0.06 secs] 
4830.144: [GC (Allocation Failure) [PSYoungGen: 420469K->101580K(465920K)] 1647026K->1398801K(1864192K), 0.0488026 secs] [Times: user=0.25 sys=0.01, real=0.05 secs] 
4830.907: [GC (Allocation Failure) [PSYoungGen: 334540K->170900K(465920K)] 1631761K->1501154K(1864192K), 0.0852919 secs] [Times: user=0.41 sys=0.00, real=0.08 secs] 
4830.993: [Full GC (Ergonomics) [PSYoungGen: 170900K->0K(465920K)] [ParOldGen: 1330253K->195036K(1398272K)] 1501154K->195036K(1864192K), [Metaspace: 60478K->60478K(1105920K)], 0.2407756 secs] [Times: user=1.17 sys=0.00, real=0.25 secs] 
4831.348: [GC (Allocation Failure) [PSYoungGen: 232960K->182581K(465920K)] 427996K->377618K(1864192K), 0.0331069 secs] [Times: user=0.13 sys=0.00, real=0.03 secs] 
4831.496: [GC (Allocation Failure) [PSYoungGen: 415541K->186231K(465920K)] 610578K->445243K(1864192K), 0.0437689 secs] [Times: user=0.19 sys=0.00, real=0.04 secs] 
4832.382: [GC (Allocation Failure) [PSYoungGen: 416158K->210483K(465920K)] 675171K->528488K(1864192K), 0.0562860 secs] [Times: user=0.28 sys=0.00, real=0.06 secs] 
4833.010: [GC (Allocation Failure) [PSYoungGen: 443395K->104956K(465920K)] 761399K->489224K(1864192K), 0.0873909 secs] [Times: user=0.47 sys=0.00, real=0.09 secs] 
4833.924: [GC (Allocation Failure) [PSYoungGen: 337916K->177333K(465920K)] 722184K->594962K(1864192K), 0.0490715 secs] [Times: user=0.22 sys=0.00, real=0.05 secs] 
4834.107: [GC (Allocation Failure) [PSYoungGen: 410293K->185366K(465920K)] 827922K->658511K(1864192K), 0.0433136 secs] [Times: user=0.20 sys=0.00, real=0.04 secs] 
4834.263: [GC (Allocation Failure) [PSYoungGen: 418326K->187413K(465920K)] 891471K->716654K(1864192K), 0.0455218 secs] [Times: user=0.21 sys=0.00, real=0.05 secs] 
4835.701: [GC (Allocation Failure) [PSYoungGen: 420373K->98699K(465920K)] 949614K->698525K(1864192K), 0.0753578 secs] [Times: user=0.41 sys=0.00, real=0.08 secs] 
4837.495: [GC (Allocation Failure) [PSYoungGen: 331659K->168084K(465920K)] 931485K->799394K(1864192K), 0.0816006 secs] [Times: user=0.40 sys=0.00, real=0.08 secs] 
4837.753: [GC (Allocation Failure) [PSYoungGen: 401044K->185462K(465920K)] 1032354K->869880K(1864192K), 0.0422393 secs] [Times: user=0.19 sys=0.00, real=0.04 secs] 
4837.912: [GC (Allocation Failure) [PSYoungGen: 418422K->186103K(465920K)] 1102840K->934897K(1864192K), 0.0499682 secs] [Times: user=0.23 sys=0.00, real=0.05 secs] 
4838.812: [GC (Allocation Failure) [PSYoungGen: 418488K->209299K(465920K)] 1167283K->1017173K(1864192K), 0.0553327 secs] [Times: user=0.27 sys=0.01, real=0.06 secs] 
4839.478: [GC (Allocation Failure) [PSYoungGen: 442259K->103660K(465920K)] 1250133K->977114K(1864192K), 0.0677836 secs] [Times: user=0.35 sys=0.00, real=0.07 secs] 
4839.969: [GC (Allocation Failure) [PSYoungGen: 336620K->179829K(465920K)] 1210074K->1085977K(1864192K), 0.0354147 secs] [Times: user=0.15 sys=0.00, real=0.04 secs] 
4840.153: [GC (Allocation Failure) [PSYoungGen: 412789K->185494K(465920K)] 1318937K->1147925K(1864192K), 0.0671215 secs] [Times: user=0.32 sys=0.00, real=0.06 secs] 
4840.356: [GC (Allocation Failure) [PSYoungGen: 418454K->184788K(465920K)] 1380885K->1203404K(1864192K), 0.0456830 secs] [Times: user=0.22 sys=0.00, real=0.04 secs] 
4841.512: [GC (Allocation Failure) [PSYoungGen: 417748K->101196K(465920K)] 1436364K->1189531K(1864192K), 0.0446618 secs] [Times: user=0.23 sys=0.00, real=0.05 secs] 
4842.866: [GC (Allocation Failure) [PSYoungGen: 334156K->168948K(465920K)] 1422491K->1289624K(1864192K), 0.0811140 secs] [Times: user=0.40 sys=0.00, real=0.08 secs] 
4843.146: [GC (Allocation Failure) [PSYoungGen: 401908K->185398K(465920K)] 1522584K->1359366K(1864192K), 0.0427185 secs] [Times: user=0.19 sys=0.00, real=0.04 secs] 
4843.304: [GC (Allocation Failure) [PSYoungGen: 418358K->186135K(465920K)] 1592326K->1424407K(1864192K), 0.0504561 secs] [Times: user=0.23 sys=0.00, real=0.05 secs] 
4844.285: [GC (Allocation Failure) [PSYoungGen: 419095K->170387K(465920K)] 1657367K->1467659K(1864192K), 0.0560547 secs] [Times: user=0.28 sys=0.00, real=0.05 secs] 
4844.968: [GC (Allocation Failure) [PSYoungGen: 403347K->112477K(465920K)] 1700619K->1474869K(1864192K), 0.0789117 secs] [Times: user=0.41 sys=0.00, real=0.08 secs] 
4845.047: [Full GC (Ergonomics) [PSYoungGen: 112477K->0K(465920K)] [ParOldGen: 1362392K->130243K(1398272K)] 1474869K->130243K(1864192K), [Metaspace: 60478K->60478K(1105920K)], 0.1749034 secs] [Times: user=0.78 sys=0.01, real=0.17 secs] 
4845.708: [GC (Allocation Failure) [PSYoungGen: 232960K->176692K(465920K)] 363203K->306936K(1864192K), 0.0300748 secs] [Times: user=0.11 sys=0.00, real=0.03 secs] 
4845.856: [GC (Allocation Failure) [PSYoungGen: 409652K->185271K(465920K)] 539896K->377834K(1864192K), 0.0470020 secs] [Times: user=0.22 sys=0.00, real=0.04 secs] 
4846.014: [GC (Allocation Failure) [PSYoungGen: 418231K->187125K(465920K)] 610794K->438441K(1864192K), 0.0575607 secs] [Times: user=0.28 sys=0.01, real=0.05 secs] 
4847.190: [GC (Allocation Failure) [PSYoungGen: 420085K->97867K(465920K)] 671401K->419743K(1864192K), 0.0455367 secs] [Times: user=0.24 sys=0.00, real=0.05 secs] 
4847.772: [GC (Allocation Failure) [PSYoungGen: 330827K->175989K(465920K)] 652703K->529661K(1864192K), 0.0582320 secs] [Times: user=0.26 sys=0.00, real=0.06 secs] 
4848.035: [GC (Allocation Failure) [PSYoungGen: 408949K->185750K(465920K)] 762621K->594642K(1864192K), 0.0578408 secs] [Times: user=0.27 sys=0.00, real=0.05 secs] 
4848.239: [GC (Allocation Failure) [PSYoungGen: 418710K->187893K(465920K)] 827602K->653105K(1864192K), 0.0510847 secs] [Times: user=0.24 sys=0.00, real=0.05 secs] 
4849.281: [GC (Allocation Failure) [PSYoungGen: 420853K->152210K(465920K)] 886065K->688167K(1864192K), 0.0514294 secs] [Times: user=0.25 sys=0.00, real=0.05 secs] 
4850.065: [GC (Allocation Failure) [PSYoungGen: 385170K->120270K(465920K)] 921127K->704466K(1864192K), 0.0636937 secs] [Times: user=0.34 sys=0.00, real=0.06 secs] 
4850.510: [GC (Allocation Failure) [PSYoungGen: 353230K->179925K(465920K)] 937426K->802894K(1864192K), 0.0400668 secs] [Times: user=0.19 sys=0.00, real=0.04 secs] 
4850.671: [GC (Allocation Failure) [PSYoungGen: 412885K->185719K(465920K)] 1035854K->871560K(1864192K), 0.0520530 secs] [Times: user=0.26 sys=0.00, real=0.06 secs] 
4850.832: [GC (Allocation Failure) [PSYoungGen: 418679K->200917K(465920K)] 1104520K->945534K(1864192K), 0.0603737 secs] [Times: user=0.31 sys=0.00, real=0.06 secs] 
4852.612: [GC (Allocation Failure) [PSYoungGen: 433877K->96619K(465920K)] 1178494K->910724K(1864192K), 0.1264291 secs] [Times: user=0.70 sys=0.01, real=0.13 secs] 
4854.517: [GC (Allocation Failure) [PSYoungGen: 329579K->170260K(465920K)] 1143684K->1015018K(1864192K), 0.0677337 secs] [Times: user=0.32 sys=0.00, real=0.07 secs] 
4854.767: [GC (Allocation Failure) [PSYoungGen: 403220K->185494K(465920K)] 1247978K->1083772K(1864192K), 0.0442194 secs] [Times: user=0.20 sys=0.00, real=0.04 secs] 
4854.948: [GC (Allocation Failure) [PSYoungGen: 418454K->220757K(465920K)] 1316732K->1175043K(1864192K), 0.0688459 secs] [Times: user=0.34 sys=0.00, real=0.07 secs] 
4856.058: [GC (Allocation Failure) [PSYoungGen: 453717K->150738K(465920K)] 1408003K->1176017K(1864192K), 0.0527061 secs] [Times: user=0.26 sys=0.00, real=0.05 secs] 
4856.654: [GC (Allocation Failure) [PSYoungGen: 383698K->125247K(465920K)] 1408977K->1198181K(1864192K), 0.1383092 secs] [Times: user=0.77 sys=0.00, real=0.13 secs] 
4857.003: [GC (Allocation Failure) [PSYoungGen: 358207K->176916K(465920K)] 1431141K->1289608K(1864192K), 0.0391018 secs] [Times: user=0.17 sys=0.00, real=0.03 secs] 
4857.184: [GC (Allocation Failure) [PSYoungGen: 409876K->185911K(465920K)] 1522568K->1360646K(1864192K), 0.0764129 secs] [Times: user=0.38 sys=0.00, real=0.07 secs] 
4857.436: [GC (Allocation Failure) [PSYoungGen: 418871K->187221K(465920K)] 1593606K->1421132K(1864192K), 0.0798026 secs] [Times: user=0.42 sys=0.00, real=0.08 secs] 
4858.764: [GC (Allocation Failure) [PSYoungGen: 420181K->94955K(465920K)] 1654092K->1399546K(1864192K), 0.0680621 secs] [Times: user=0.37 sys=0.00, real=0.06 secs] 
4859.512: [GC (Allocation Failure) [PSYoungGen: 327915K->176501K(465920K)] 1632506K->1511305K(1864192K), 0.0576032 secs] [Times: user=0.26 sys=0.00, real=0.06 secs] 
4859.569: [Full GC (Ergonomics) [PSYoungGen: 176501K->0K(465920K)] [ParOldGen: 1334804K->206982K(1398272K)] 1511305K->206982K(1864192K), [Metaspace: 60478K->60478K(1105920K)], 0.2463437 secs] [Times: user=1.17 sys=0.00, real=0.25 secs] 
4859.935: [GC (Allocation Failure) [PSYoungGen: 232960K->185302K(465920K)] 439942K->392285K(1864192K), 0.0273202 secs] [Times: user=0.10 sys=0.00, real=0.02 secs] 
4860.074: [GC (Allocation Failure) [PSYoungGen: 418262K->187893K(465920K)] 625245K->451100K(1864192K), 0.0442889 secs] [Times: user=0.20 sys=0.00, real=0.04 secs] 
4861.077: [GC (Allocation Failure) [PSYoungGen: 420853K->142513K(465920K)] 684060K->476544K(1864192K), 0.0492824 secs] [Times: user=0.24 sys=0.00, real=0.05 secs] 
4862.476: [GC (Allocation Failure) [PSYoungGen: 375473K->131375K(465920K)] 709504K->510830K(1864192K), 0.1252083 secs] [Times: user=0.69 sys=0.00, real=0.12 secs] 
4862.990: [GC (Allocation Failure) [PSYoungGen: 364335K->177493K(465920K)] 743790K->599092K(1864192K), 0.0414319 secs] [Times: user=0.18 sys=0.00, real=0.04 secs] 
4863.148: [GC (Allocation Failure) [PSYoungGen: 410453K->186039K(465920K)] 832052K->669815K(1864192K), 0.0498088 secs] [Times: user=0.23 sys=0.00, real=0.05 secs] 
4863.338: [GC (Allocation Failure) [PSYoungGen: 418999K->187125K(465920K)] 902775K->729701K(1864192K), 0.0781378 secs] [Times: user=0.39 sys=0.00, real=0.08 secs] 
4864.594: [GC (Allocation Failure) [PSYoungGen: 420085K->95243K(465920K)] 962661K->708411K(1864192K), 0.0550979 secs] [Times: user=0.29 sys=0.00, real=0.05 secs] 
4865.620: [GC (Allocation Failure) [PSYoungGen: 328203K->175317K(465920K)] 941371K->818618K(1864192K), 0.0533952 secs] [Times: user=0.24 sys=0.00, real=0.06 secs] 
4865.880: [GC (Allocation Failure) [PSYoungGen: 408277K->182517K(465920K)] 1051578K->880630K(1864192K), 0.0557767 secs] [Times: user=0.26 sys=0.00, real=0.06 secs] 
4866.048: [GC (Allocation Failure) [PSYoungGen: 415477K->188021K(465920K)] 1113590K->941726K(1864192K), 0.0449169 secs] [Times: user=0.21 sys=0.00, real=0.05 secs] 
4867.157: [GC (Allocation Failure) [PSYoungGen: 420981K->137809K(465920K)] 1174686K->962394K(1864192K), 0.0494292 secs] [Times: user=0.24 sys=0.00, real=0.05 secs] 
4868.643: [GC (Allocation Failure) [PSYoungGen: 370769K->134096K(465920K)] 1195354K->1002241K(1864192K), 0.1499357 secs] [Times: user=0.84 sys=0.00, real=0.14 secs] 
4869.375: [GC (Allocation Failure) [PSYoungGen: 367056K->177301K(465920K)] 1235201K->1088386K(1864192K), 0.0537042 secs] [Times: user=0.25 sys=0.00, real=0.05 secs] 
4869.558: [GC (Allocation Failure) [PSYoungGen: 410261K->185783K(465920K)] 1321346K->1159021K(1864192K), 0.0495402 secs] [Times: user=0.22 sys=0.00, real=0.05 secs] 
4869.768: [GC (GCLocker Initiated GC) [PSYoungGen: 418743K->187285K(465920K)] 1391981K->1219275K(1864192K), 0.0887571 secs] [Times: user=0.46 sys=0.00, real=0.09 secs] 
4871.051: [GC (Allocation Failure) [PSYoungGen: 420245K->98363K(465920K)] 1452237K->1201115K(1864192K), 0.0633573 secs] [Times: user=0.34 sys=0.00, real=0.07 secs] 
4871.823: [GC (GCLocker Initiated GC) [PSYoungGen: 331323K->174453K(465920K)] 1434075K->1308810K(1864192K), 0.0542080 secs] [Times: user=0.24 sys=0.00, real=0.05 secs] 
4872.031: [GC (GCLocker Initiated GC) [PSYoungGen: 407413K->182357K(465920K)] 1541776K->1371212K(1864192K), 0.0437545 secs] [Times: user=0.20 sys=0.00, real=0.05 secs] 
4872.251: [GC (Allocation Failure) [PSYoungGen: 415317K->186709K(465920K)] 1604173K->1431157K(1864192K), 0.0635037 secs] [Times: user=0.32 sys=0.00, real=0.07 secs] 
4873.364: [GC (Allocation Failure) [PSYoungGen: 419669K->135408K(465920K)] 1664117K->1450136K(1864192K), 0.0495791 secs] [Times: user=0.25 sys=0.00, real=0.05 secs] 
4873.414: [Full GC (Ergonomics) [PSYoungGen: 135408K->0K(465920K)] [ParOldGen: 1314727K->346933K(1398272K)] 1450136K->346933K(1864192K), [Metaspace: 60478K->60478K(1105920K)], 0.5704744 secs] [Times: user=2.40 sys=0.00, real=0.57 secs] 
4874.815: [GC (Allocation Failure) [PSYoungGen: 232960K->140112K(465920K)] 579893K->487046K(1864192K), 0.0487244 secs] [Times: user=0.19 sys=0.00, real=0.05 secs] 
4875.410: [GC (Allocation Failure) [PSYoungGen: 373072K->177045K(465920K)] 720006K->568899K(1864192K), 0.0544022 secs] [Times: user=0.26 sys=0.00, real=0.06 secs] 
4875.638: [GC (Allocation Failure) [PSYoungGen: 410005K->185591K(465920K)] 801859K->639637K(1864192K), 0.0711624 secs] [Times: user=0.35 sys=0.00, real=0.07 secs] 
4875.885: [GC (Allocation Failure) [PSYoungGen: 418551K->184501K(465920K)] 872597K->697315K(1864192K), 0.0741826 secs] [Times: user=0.39 sys=0.00, real=0.07 secs] 
4877.275: [GC (Allocation Failure) [PSYoungGen: 417461K->97627K(465920K)] 930275K->680130K(1864192K), 0.1070335 secs] [Times: user=0.58 sys=0.01, real=0.10 secs] 
4878.695: [GC (Allocation Failure) [PSYoungGen: 330587K->170260K(465920K)] 913090K->783911K(1864192K), 0.0621324 secs] [Times: user=0.28 sys=0.00, real=0.06 secs] 
4878.983: [GC (Allocation Failure) [PSYoungGen: 403220K->193846K(465920K)] 1016871K->861381K(1864192K), 0.0539381 secs] [Times: user=0.26 sys=0.00, real=0.06 secs] 
4879.172: [GC (Allocation Failure) [PSYoungGen: 426806K->187829K(465920K)] 1094341K->911604K(1864192K), 0.0635793 secs] [Times: user=0.31 sys=0.00, real=0.07 secs] 
4880.251: [GC (Allocation Failure) [PSYoungGen: 420789K->133744K(465920K)] 1144564K->928228K(1864192K), 0.0488440 secs] [Times: user=0.24 sys=0.00, real=0.05 secs] 
4880.911: [GC (Allocation Failure) [PSYoungGen: 366704K->144657K(465920K)] 1161188K->981572K(1864192K), 0.0965560 secs] [Times: user=0.52 sys=0.00, real=0.10 secs] 
4881.232: [GC (Allocation Failure) [PSYoungGen: 377617K->184534K(465920K)] 1214532K->1066738K(1864192K), 0.0408297 secs] [Times: user=0.18 sys=0.00, real=0.04 secs] 
4881.385: [GC (Allocation Failure) [PSYoungGen: 417494K->182806K(465920K)] 1299698K->1129219K(1864192K), 0.0501275 secs] [Times: user=0.23 sys=0.00, real=0.05 secs] 
4881.547: [GC (Allocation Failure) [PSYoungGen: 415766K->187381K(465920K)] 1362179K->1192121K(1864192K), 0.0565750 secs] [Times: user=0.28 sys=0.00, real=0.06 secs] 
4882.784: [GC (Allocation Failure) [PSYoungGen: 420341K->95467K(465920K)] 1425081K->1171007K(1864192K), 0.0480301 secs] [Times: user=0.25 sys=0.00, real=0.04 secs] 
4883.531: [GC (Allocation Failure) [PSYoungGen: 328427K->178581K(465920K)] 1403967K->1284538K(1864192K), 0.0468694 secs] [Times: user=0.20 sys=0.00, real=0.05 secs] 
4883.707: [GC (Allocation Failure) [PSYoungGen: 411541K->185558K(465920K)] 1517498K->1347267K(1864192K), 0.0493953 secs] [Times: user=0.21 sys=0.00, real=0.05 secs] 
4883.868: [GC (Allocation Failure) [PSYoungGen: 418518K->187253K(465920K)] 1580227K->1405386K(1864192K), 0.0471005 secs] [Times: user=0.22 sys=0.00, real=0.05 secs] 
4884.960: [GC (Allocation Failure) [PSYoungGen: 420213K->119054K(465920K)] 1638346K->1407836K(1864192K), 0.0505401 secs] [Times: user=0.26 sys=0.00, real=0.05 secs] 
4885.971: [GC (Allocation Failure) [PSYoungGen: 352014K->154226K(465920K)] 1640796K->1480964K(1864192K), 0.1209366 secs] [Times: user=0.65 sys=0.00, real=0.12 secs] 
4886.092: [Full GC (Ergonomics) [PSYoungGen: 154226K->0K(465920K)] [ParOldGen: 1326738K->172043K(1398272K)] 1480964K->172043K(1864192K), [Metaspace: 60478K->59572K(1105920K)], 0.2040834 secs] [Times: user=0.95 sys=0.00, real=0.21 secs] 
4886.584: [GC (Allocation Failure) [PSYoungGen: 232960K->182357K(465920K)] 405003K->354401K(1864192K), 0.0343242 secs] [Times: user=0.14 sys=0.00, real=0.03 secs] 
4886.735: [GC (Allocation Failure) [PSYoungGen: 415317K->185879K(465920K)] 587361K->421570K(1864192K), 0.0440574 secs] [Times: user=0.20 sys=0.00, real=0.04 secs] 
4886.891: [GC (Allocation Failure) [PSYoungGen: 418839K->187349K(465920K)] 654530K->481889K(1864192K), 0.0552500 secs] [Times: user=0.27 sys=0.00, real=0.06 secs] 
4888.315: [GC (Allocation Failure) [PSYoungGen: 420309K->94411K(465920K)] 714849K->459638K(1864192K), 0.0597452 secs] [Times: user=0.32 sys=0.00, real=0.06 secs] 
4889.175: [GC (Allocation Failure) [PSYoungGen: 327371K->179637K(465920K)] 692598K->574934K(1864192K), 0.0526394 secs] [Times: user=0.23 sys=0.00, real=0.05 secs] 
4889.432: [GC (Allocation Failure) [PSYoungGen: 412538K->182261K(465920K)] 807835K->633354K(1864192K), 0.0574815 secs] [Times: user=0.28 sys=0.00, real=0.06 secs] 
4889.651: [GC (Allocation Failure) [PSYoungGen: 415221K->187285K(465920K)] 866314K->693850K(1864192K), 0.0632367 secs] [Times: user=0.31 sys=0.01, real=0.07 secs] 
4890.821: [GC (Allocation Failure) [PSYoungGen: 420245K->113357K(465920K)] 926810K->690410K(1864192K), 0.0463278 secs] [Times: user=0.24 sys=0.00, real=0.05 secs] 
4891.354: [GC (Allocation Failure) [PSYoungGen: 346317K->161843K(465920K)] 923370K->776312K(1864192K), 0.1061717 secs] [Times: user=0.55 sys=0.00, real=0.10 secs] 
4891.784: [GC (Allocation Failure) [PSYoungGen: 394803K->184213K(465920K)] 1009272K->849306K(1864192K), 0.0424117 secs] [Times: user=0.19 sys=0.00, real=0.04 secs] 
4891.942: [GC (Allocation Failure) [PSYoungGen: 417173K->182774K(465920K)] 1082266K->912251K(1864192K), 0.0499738 secs] [Times: user=0.24 sys=0.00, real=0.05 secs] 
4892.103: [GC (Allocation Failure) [PSYoungGen: 415734K->187445K(465920K)] 1145211K->974954K(1864192K), 0.0554686 secs] [Times: user=0.28 sys=0.00, real=0.05 secs] 
4893.442: [GC (Allocation Failure) [PSYoungGen: 420405K->96219K(465920K)] 1207914K->954348K(1864192K), 0.0648557 secs] [Times: user=0.34 sys=0.01, real=0.07 secs] 
4894.276: [GC (Allocation Failure) [PSYoungGen: 329179K->177717K(465920K)] 1187308K->1066527K(1864192K), 0.0547041 secs] [Times: user=0.25 sys=0.00, real=0.05 secs] 
4894.489: [GC (Allocation Failure) [PSYoungGen: 410677K->185462K(465920K)] 1299487K->1130204K(1864192K), 0.0441341 secs] [Times: user=0.20 sys=0.00, real=0.05 secs] 
4894.645: [GC (Allocation Failure) [PSYoungGen: 418422K->187413K(465920K)] 1363164K->1188371K(1864192K), 0.0465875 secs] [Times: user=0.22 sys=0.00, real=0.04 secs] 
4895.747: [GC (GCLocker Initiated GC) [PSYoungGen: 420373K->108317K(465920K)] 1421331K->1180019K(1864192K), 0.0467385 secs] [Times: user=0.24 sys=0.00, real=0.05 secs] 
4896.863: [GC (Allocation Failure) [PSYoungGen: 341277K->168500K(465920K)] 1413146K->1275014K(1864192K), 0.1219634 secs] [Times: user=0.63 sys=0.00, real=0.13 secs] 
4897.199: [GC (Allocation Failure) [PSYoungGen: 401460K->185206K(465920K)] 1507974K->1344856K(1864192K), 0.0444587 secs] [Times: user=0.20 sys=0.00, real=0.05 secs] 
4897.393: [GC (GCLocker Initiated GC) [PSYoungGen: 418166K->184439K(465920K)] 1577817K->1408450K(1864192K), 0.0708367 secs] [Times: user=0.35 sys=0.00, real=0.07 secs] 
4897.610: [GC (Allocation Failure) [PSYoungGen: 417399K->181716K(465920K)] 1641704K->1464566K(1864192K), 0.0774739 secs] [Times: user=0.40 sys=0.00, real=0.08 secs] 
4899.368: [GC (Allocation Failure) [PSYoungGen: 414676K->96203K(465920K)] 1697526K->1447645K(1864192K), 0.0928117 secs] [Times: user=0.50 sys=0.00, real=0.09 secs] 
4899.461: [Full GC (Ergonomics) [PSYoungGen: 96203K->0K(465920K)] [ParOldGen: 1351441K->112735K(1398272K)] 1447645K->112735K(1864192K), [Metaspace: 59572K->59572K(1105920K)], 0.1420340 secs] [Times: user=0.63 sys=0.00, real=0.15 secs] 
4900.220: [GC (Allocation Failure) [PSYoungGen: 232960K->174197K(465920K)] 345695K->286932K(1864192K), 0.0252735 secs] [Times: user=0.09 sys=0.00, real=0.03 secs] 
4900.359: [GC (Allocation Failure) [PSYoungGen: 407157K->185782K(465920K)] 519892K->353305K(1864192K), 0.0409767 secs] [Times: user=0.19 sys=0.00, real=0.04 secs] 
4900.512: [GC (Allocation Failure) [PSYoungGen: 418742K->187605K(465920K)] 586265K->411416K(1864192K), 0.0451975 secs] [Times: user=0.21 sys=0.00, real=0.05 secs] 
4901.579: [GC (Allocation Failure) [PSYoungGen: 420565K->106989K(465920K)] 644376K->401672K(1864192K), 0.0452051 secs] [Times: user=0.22 sys=0.00, real=0.05 secs] 
4902.119: [GC (Allocation Failure) [PSYoungGen: 339949K->173268K(465920K)] 634632K->502776K(1864192K), 0.0446854 secs] [Times: user=0.20 sys=0.01, real=0.05 secs] 
4902.277: [GC (Allocation Failure) [PSYoungGen: 406228K->182645K(465920K)] 735736K->566469K(1864192K), 0.0419207 secs] [Times: user=0.18 sys=0.00, real=0.04 secs] 
4902.492: [GC (Allocation Failure) [PSYoungGen: 415605K->183831K(465920K)] 799429K->631454K(1864192K), 0.0727711 secs] [Times: user=0.36 sys=0.00, real=0.08 secs] 
4903.012: [GC (Allocation Failure) [PSYoungGen: 415890K->214676K(465920K)] 863514K->720708K(1864192K), 0.0534721 secs] [Times: user=0.26 sys=0.01, real=0.06 secs] 
4904.860: [GC (Allocation Failure) [PSYoungGen: 447636K->93611K(465920K)] 953668K->667531K(1864192K), 0.0907086 secs] [Times: user=0.49 sys=0.00, real=0.09 secs] 
4905.834: [GC (Allocation Failure) [PSYoungGen: 326571K->183606K(465920K)] 900491K->788215K(1864192K), 0.0495248 secs] [Times: user=0.22 sys=0.00, real=0.05 secs] 
4906.014: [GC (Allocation Failure) [PSYoungGen: 416566K->180405K(465920K)] 1021175K->841806K(1864192K), 0.0429728 secs] [Times: user=0.19 sys=0.00, real=0.04 secs] 
4906.168: [GC (Allocation Failure) [PSYoungGen: 413241K->187477K(465920K)] 1074642K->904126K(1864192K), 0.0448327 secs] [Times: user=0.20 sys=0.00, real=0.05 secs] 
4907.518: [GC (Allocation Failure) [PSYoungGen: 420437K->106541K(465920K)] 1137086K->893757K(1864192K), 0.0706974 secs] [Times: user=0.37 sys=0.00, real=0.07 secs] 
4909.003: [GC (Allocation Failure) [PSYoungGen: 339501K->165363K(465920K)] 1126717K->986649K(1864192K), 0.1009353 secs] [Times: user=0.51 sys=0.00, real=0.10 secs] 
4909.296: [GC (Allocation Failure) [PSYoungGen: 398323K->182453K(465920K)] 1219609K->1055603K(1864192K), 0.0441623 secs] [Times: user=0.20 sys=0.00, real=0.04 secs] 
4909.501: [GC (Allocation Failure) [PSYoungGen: 415413K->185591K(465920K)] 1288563K->1122461K(1864192K), 0.0837582 secs] [Times: user=0.42 sys=0.01, real=0.09 secs] 
4910.426: [GC (Allocation Failure) [PSYoungGen: 418252K->200724K(465920K)] 1355122K->1196458K(1864192K), 0.0588871 secs] [Times: user=0.29 sys=0.00, real=0.06 secs] 
4911.426: [GC (Allocation Failure) [PSYoungGen: 433684K->94203K(465920K)] 1429418K->1158405K(1864192K), 0.0997923 secs] [Times: user=0.54 sys=0.01, real=0.10 secs] 
4912.553: [GC (Allocation Failure) [PSYoungGen: 327163K->183350K(465920K)] 1391365K->1277847K(1864192K), 0.0503762 secs] [Times: user=0.22 sys=0.01, real=0.05 secs] 
4912.738: [GC (Allocation Failure) [PSYoungGen: 416310K->185526K(465920K)] 1510807K->1336711K(1864192K), 0.0440412 secs] [Times: user=0.20 sys=0.00, real=0.04 secs] 
4912.930: [GC (Allocation Failure) [PSYoungGen: 418486K->187509K(465920K)] 1569671K->1394822K(1864192K), 0.0669453 secs] [Times: user=0.32 sys=0.00, real=0.07 secs] 
4914.155: [GC (Allocation Failure) [PSYoungGen: 420469K->100796K(465920K)] 1627782K->1378813K(1864192K), 0.0667539 secs] [Times: user=0.35 sys=0.00, real=0.06 secs] 
4915.763: [GC (Allocation Failure) [PSYoungGen: 333756K->169556K(465920K)] 1611773K->1479794K(1864192K), 0.1036198 secs] [Times: user=0.52 sys=0.00, real=0.10 secs] 
4916.070: [GC (Allocation Failure) [PSYoungGen: 402516K->182389K(465920K)] 1712754K->1545655K(1864192K), 0.0430155 secs] [Times: user=0.19 sys=0.00, real=0.05 secs] 
4916.113: [Full GC (Ergonomics) [PSYoungGen: 182389K->0K(465920K)] [ParOldGen: 1363266K->258068K(1398272K)] 1545655K->258068K(1864192K), [Metaspace: 59572K->59572K(1105920K)], 0.3215581 secs] [Times: user=1.48 sys=0.00, real=0.32 secs] 
4916.551: [GC (Allocation Failure) [PSYoungGen: 232960K->185847K(465920K)] 491028K->443915K(1864192K), 0.0878717 secs] [Times: user=0.46 sys=0.00, real=0.09 secs] 
4917.374: [GC (Allocation Failure) [PSYoungGen: 418807K->217844K(465920K)] 676875K->534904K(1864192K), 0.0530131 secs] [Times: user=0.26 sys=0.00, real=0.05 secs] 
4918.024: [GC (Allocation Failure) [PSYoungGen: 450804K->102892K(465920K)] 767864K->487256K(1864192K), 0.0842208 secs] [Times: user=0.45 sys=0.00, real=0.08 secs] 
4918.693: [GC (Allocation Failure) [PSYoungGen: 335852K->177461K(465920K)] 720216K->594222K(1864192K), 0.0448094 secs] [Times: user=0.20 sys=0.00, real=0.04 secs] 
4918.899: [GC (Allocation Failure) [PSYoungGen: 410421K->185334K(465920K)] 827182K->657931K(1864192K), 0.0557236 secs] [Times: user=0.27 sys=0.00, real=0.06 secs] 
4919.111: [GC (Allocation Failure) [PSYoungGen: 418294K->187317K(465920K)] 890891K->716090K(1864192K), 0.0629501 secs] [Times: user=0.30 sys=0.01, real=0.07 secs] 
4920.262: [GC (Allocation Failure) [PSYoungGen: 420277K->102284K(465920K)] 949050K->701681K(1864192K), 0.0448401 secs] [Times: user=0.23 sys=0.00, real=0.05 secs] 
4921.221: [GC (Allocation Failure) [PSYoungGen: 335244K->172500K(465920K)] 934641K->804575K(1864192K), 0.1040013 secs] [Times: user=0.53 sys=0.00, real=0.11 secs] 
4921.532: [GC (Allocation Failure) [PSYoungGen: 405460K->184982K(465920K)] 1037535K->871508K(1864192K), 0.0430562 secs] [Times: user=0.19 sys=0.00, real=0.05 secs] 
4921.749: [GC (Allocation Failure) [PSYoungGen: 417942K->177590K(465920K)] 1104468K->928308K(1864192K), 0.0739627 secs] [Times: user=0.37 sys=0.00, real=0.08 secs] 
4922.685: [GC (Allocation Failure) [PSYoungGen: 407122K->213876K(465920K)] 1157840K->1021442K(1864192K), 0.0561022 secs] [Times: user=0.28 sys=0.00, real=0.05 secs] 
4923.859: [GC (Allocation Failure) [PSYoungGen: 446836K->103548K(465920K)] 1254402K->978234K(1864192K), 0.1099289 secs] [Times: user=0.60 sys=0.00, real=0.11 secs] 
4924.793: [GC (Allocation Failure) [PSYoungGen: 334185K->181206K(465920K)] 1208871K->1088753K(1864192K), 0.0510866 secs] [Times: user=0.23 sys=0.00, real=0.05 secs] 
4924.978: [GC (Allocation Failure) [PSYoungGen: 414166K->179989K(465920K)] 1321713K->1143728K(1864192K), 0.0456908 secs] [Times: user=0.19 sys=0.00, real=0.05 secs] 
4925.176: [GC (Allocation Failure) [PSYoungGen: 412949K->187765K(465920K)] 1376688K->1206472K(1864192K), 0.0688155 secs] [Times: user=0.34 sys=0.00, real=0.07 secs] 
4926.301: [GC (Allocation Failure) [PSYoungGen: 420725K->103212K(465920K)] 1439432K->1192687K(1864192K), 0.0467451 secs] [Times: user=0.24 sys=0.00, real=0.05 secs] 
4927.189: [GC (Allocation Failure) [PSYoungGen: 336172K->171124K(465920K)] 1425647K->1293596K(1864192K), 0.0825636 secs] [Times: user=0.40 sys=0.00, real=0.08 secs] 
4927.436: [GC (Allocation Failure) [PSYoungGen: 404084K->179989K(465920K)] 1526556K->1355921K(1864192K), 0.0426656 secs] [Times: user=0.20 sys=0.00, real=0.04 secs] 
4927.595: [GC (Allocation Failure) [PSYoungGen: 412949K->185687K(465920K)] 1588881K->1424923K(1864192K), 0.0504767 secs] [Times: user=0.23 sys=0.00, real=0.05 secs] 
4928.495: [GC (Allocation Failure) [PSYoungGen: 415153K->196852K(465920K)] 1654389K->1495152K(1864192K), 0.0562605 secs] [Times: user=0.28 sys=0.00, real=0.05 secs] 
4929.120: [GC (Allocation Failure) [PSYoungGen: 429812K->103036K(465920K)] 1728112K->1468592K(1864192K), 0.0597051 secs] [Times: user=0.32 sys=0.00, real=0.06 secs] 
4929.179: [Full GC (Ergonomics) [PSYoungGen: 103036K->0K(465920K)] [ParOldGen: 1365556K->120582K(1398272K)] 1468592K->120582K(1864192K), [Metaspace: 59572K->59572K(1105920K)], 0.1239001 secs] [Times: user=0.54 sys=0.00, real=0.13 secs] 
4930.001: [GC (Allocation Failure) [PSYoungGen: 232960K->180053K(465920K)] 353542K->300636K(1864192K), 0.0329039 secs] [Times: user=0.12 sys=0.00, real=0.04 secs] 
4930.162: [GC (Allocation Failure) [PSYoungGen: 413013K->180213K(465920K)] 533596K->356483K(1864192K), 0.0409908 secs] [Times: user=0.18 sys=0.00, real=0.04 secs] 
4930.314: [GC (Allocation Failure) [PSYoungGen: 413173K->187541K(465920K)] 589443K->418891K(1864192K), 0.0447309 secs] [Times: user=0.20 sys=0.00, real=0.04 secs] 
4931.534: [GC (Allocation Failure) [PSYoungGen: 420501K->104076K(465920K)] 651851K->406019K(1864192K), 0.0469439 secs] [Times: user=0.25 sys=0.00, real=0.04 secs] 
4932.789: [GC (Allocation Failure) [PSYoungGen: 337036K->172564K(465920K)] 638979K->507792K(1864192K), 0.1012075 secs] [Times: user=0.51 sys=0.00, real=0.10 secs] 
4933.107: [GC (Allocation Failure) [PSYoungGen: 405524K->185206K(465920K)] 740752K->574753K(1864192K), 0.0425403 secs] [Times: user=0.19 sys=0.00, real=0.04 secs] 
4933.294: [GC (Allocation Failure) [PSYoungGen: 418166K->180214K(465920K)] 807713K->634137K(1864192K), 0.0689200 secs] [Times: user=0.34 sys=0.00, real=0.06 secs] 
4934.325: [GC (Allocation Failure) [PSYoungGen: 413174K->173939K(465920K)] 867097K->685287K(1864192K), 0.0545737 secs] [Times: user=0.27 sys=0.00, real=0.05 secs] 
4935.007: [GC (Allocation Failure) [PSYoungGen: 406899K->108316K(465920K)] 918247K->686168K(1864192K), 0.1147350 secs] [Times: user=0.61 sys=0.00, real=0.11 secs] 
4935.471: [GC (Allocation Failure) [PSYoungGen: 335413K->174293K(465920K)] 913265K->786477K(1864192K), 0.0342219 secs] [Times: user=0.14 sys=0.00, real=0.04 secs] 
4935.655: [GC (Allocation Failure) [PSYoungGen: 407253K->185334K(465920K)] 1019437K->852202K(1864192K), 0.0657523 secs] [Times: user=0.32 sys=0.00, real=0.06 secs] 
4935.907: [GC (Allocation Failure) [PSYoungGen: 418294K->201045K(465920K)] 1085162K->923977K(1864192K), 0.0613290 secs] [Times: user=0.29 sys=0.00, real=0.06 secs] 
4937.006: [GC (Allocation Failure) [PSYoungGen: 434005K->102092K(465920K)] 1156937K->894736K(1864192K), 0.0451624 secs] [Times: user=0.23 sys=0.00, real=0.04 secs] 
4937.726: [GC (Allocation Failure) [PSYoungGen: 335052K->175541K(465920K)] 1127696K->1001114K(1864192K), 0.0991456 secs] [Times: user=0.50 sys=0.00, real=0.10 secs] 
4938.043: [GC (Allocation Failure) [PSYoungGen: 408501K->182485K(465920K)] 1234074K->1062875K(1864192K), 0.0487270 secs] [Times: user=0.23 sys=0.00, real=0.04 secs] 
4938.206: [GC (Allocation Failure) [PSYoungGen: 415445K->184599K(465920K)] 1295835K->1128820K(1864192K), 0.0498244 secs] [Times: user=0.23 sys=0.00, real=0.05 secs] 
4939.085: [GC (Allocation Failure) [PSYoungGen: 412631K->206227K(465920K)] 1356852K->1209168K(1864192K), 0.0555784 secs] [Times: user=0.28 sys=0.00, real=0.05 secs] 
4940.628: [GC (Allocation Failure) [PSYoungGen: 439187K->100604K(465920K)] 1442128K->1168369K(1864192K), 0.1139822 secs] [Times: user=0.62 sys=0.01, real=0.11 secs] 
4941.460: [GC (Allocation Failure) [PSYoungGen: 333564K->181270K(465920K)] 1401329K->1281236K(1864192K), 0.0526985 secs] [Times: user=0.24 sys=0.00, real=0.06 secs] 
4941.653: [GC (Allocation Failure) [PSYoungGen: 414230K->185334K(465920K)] 1514196K->1341812K(1864192K), 0.0445652 secs] [Times: user=0.20 sys=0.00, real=0.04 secs] 
4941.809: [GC (Allocation Failure) [PSYoungGen: 418294K->187701K(465920K)] 1574772K->1400259K(1864192K), 0.0465145 secs] [Times: user=0.22 sys=0.00, real=0.05 secs] 
4942.992: [GC (Allocation Failure) [PSYoungGen: 420661K->99100K(465920K)] 1633219K->1382514K(1864192K), 0.0482067 secs] [Times: user=0.25 sys=0.00, real=0.05 secs] 
4944.429: [GC (Allocation Failure) [PSYoungGen: 332060K->170420K(465920K)] 1615474K->1485247K(1864192K), 0.0823156 secs] [Times: user=0.41 sys=0.00, real=0.08 secs] 
4944.511: [Full GC (Ergonomics) [PSYoungGen: 170420K->0K(465920K)] [ParOldGen: 1314827K->194690K(1398272K)] 1485247K->194690K(1864192K), [Metaspace: 59589K->59589K(1105920K)], 0.2268050 secs] [Times: user=1.08 sys=0.00, real=0.23 secs] 
4944.850: [GC (Allocation Failure) [PSYoungGen: 232960K->182517K(465920K)] 427650K->377208K(1864192K), 0.0332091 secs] [Times: user=0.14 sys=0.00, real=0.04 secs] 
4945.031: [GC (Allocation Failure) [PSYoungGen: 415477K->185847K(465920K)] 610168K->444346K(1864192K), 0.0539513 secs] [Times: user=0.26 sys=0.00, real=0.06 secs] 
4945.963: [GC (Allocation Failure) [PSYoungGen: 414860K->210035K(465920K)] 673359K->527598K(1864192K), 0.0544562 secs] [Times: user=0.27 sys=0.00, real=0.06 secs] 
4946.954: [GC (Allocation Failure) [PSYoungGen: 442995K->100747K(465920K)] 760558K->484398K(1864192K), 0.1100086 secs] [Times: user=0.59 sys=0.01, real=0.11 secs] 
4947.955: [GC (Allocation Failure) [PSYoungGen: 333707K->180501K(465920K)] 717358K->595453K(1864192K), 0.0516427 secs] [Times: user=0.23 sys=0.00, real=0.05 secs] 
4948.149: [GC (Allocation Failure) [PSYoungGen: 413461K->185750K(465920K)] 828413K->657026K(1864192K), 0.0433405 secs] [Times: user=0.20 sys=0.00, real=0.04 secs] 
4948.343: [GC (Allocation Failure) [PSYoungGen: 418710K->187509K(465920K)] 889986K->715249K(1864192K), 0.0669438 secs] [Times: user=0.32 sys=0.00, real=0.07 secs] 
4949.573: [GC (Allocation Failure) [PSYoungGen: 420469K->102924K(465920K)] 948209K->701216K(1864192K), 0.0620932 secs] [Times: user=0.33 sys=0.00, real=0.06 secs] 
4951.430: [GC (Allocation Failure) [PSYoungGen: 335884K->167604K(465920K)] 934176K->798969K(1864192K), 0.0735730 secs] [Times: user=0.36 sys=0.00, real=0.08 secs] 
4951.710: [GC (Allocation Failure) [PSYoungGen: 400564K->185046K(465920K)] 1031929K->869183K(1864192K), 0.0518702 secs] [Times: user=0.24 sys=0.00, real=0.05 secs] 
4951.908: [GC (Allocation Failure) [PSYoungGen: 418006K->183446K(465920K)] 1102143K->931791K(1864192K), 0.0701424 secs] [Times: user=0.35 sys=0.00, real=0.07 secs] 
4952.886: [GC (Allocation Failure) [PSYoungGen: 414304K->211827K(465920K)] 1162649K->1018372K(1864192K), 0.0567137 secs] [Times: user=0.28 sys=0.00, real=0.06 secs] 
4953.485: [GC (Allocation Failure) [PSYoungGen: 444787K->105660K(465920K)] 1251332K->978789K(1864192K), 0.0782373 secs] [Times: user=0.41 sys=0.00, real=0.08 secs] 
4954.006: [GC (Allocation Failure) [PSYoungGen: 338620K->177461K(465920K)] 1211749K->1083851K(1864192K), 0.0497067 secs] [Times: user=0.23 sys=0.00, real=0.05 secs] 
4954.250: [GC (Allocation Failure) [PSYoungGen: 410421K->185462K(465920K)] 1316811K->1147544K(1864192K), 0.0608134 secs] [Times: user=0.29 sys=0.00, real=0.06 secs] 
4954.485: [GC (Allocation Failure) [PSYoungGen: 418422K->187349K(465920K)] 1380504K->1205519K(1864192K), 0.0642201 secs] [Times: user=0.32 sys=0.00, real=0.06 secs] 
4955.877: [GC (Allocation Failure) [PSYoungGen: 420309K->98347K(465920K)] 1438479K->1187173K(1864192K), 0.0930196 secs] [Times: user=0.51 sys=0.00, real=0.09 secs] 
4957.480: [GC (Allocation Failure) [PSYoungGen: 331307K->168148K(465920K)] 1420133K->1288299K(1864192K), 0.0983408 secs] [Times: user=0.47 sys=0.00, real=0.10 secs] 
4957.779: [GC (Allocation Failure) [PSYoungGen: 401108K->185526K(465920K)] 1521259K->1358641K(1864192K), 0.0444292 secs] [Times: user=0.20 sys=0.00, real=0.05 secs] 
4957.963: [GC (Allocation Failure) [PSYoungGen: 418486K->185911K(465920K)] 1591601K->1423586K(1864192K), 0.0704138 secs] [Times: user=0.35 sys=0.00, real=0.07 secs] 
4958.952: [GC (Allocation Failure) [PSYoungGen: 416531K->192595K(465920K)] 1654205K->1489054K(1864192K), 0.0555744 secs] [Times: user=0.27 sys=0.00, real=0.06 secs] 
4959.711: [GC (Allocation Failure) [PSYoungGen: 425555K->104988K(465920K)] 1722014K->1467095K(1864192K), 0.1018406 secs] [Times: user=0.55 sys=0.01, real=0.11 secs] 
4959.813: [Full GC (Ergonomics) [PSYoungGen: 104988K->0K(465920K)] [ParOldGen: 1362106K->123138K(1398272K)] 1467095K->123138K(1864192K), [Metaspace: 59589K->59589K(1105920K)], 0.1818089 secs] [Times: user=0.80 sys=0.00, real=0.18 secs] 
4960.322: [GC (Allocation Failure) [PSYoungGen: 228826K->177941K(465920K)] 351965K->301080K(1864192K), 0.0304681 secs] [Times: user=0.11 sys=0.00, real=0.03 secs] 
4960.476: [GC (Allocation Failure) [PSYoungGen: 410901K->182837K(465920K)] 534040K->361600K(1864192K), 0.0409262 secs] [Times: user=0.19 sys=0.00, real=0.04 secs] 
4960.668: [GC (Allocation Failure) [PSYoungGen: 415797K->187413K(465920K)] 594560K->421912K(1864192K), 0.0659920 secs] [Times: user=0.32 sys=0.00, real=0.07 secs] 
4961.765: [GC (Allocation Failure) [PSYoungGen: 420373K->100220K(465920K)] 654872K->405327K(1864192K), 0.0438197 secs] [Times: user=0.22 sys=0.00, real=0.04 secs] 
4962.460: [GC (GCLocker Initiated GC) [PSYoungGen: 333180K->173077K(465920K)] 638287K->511244K(1864192K), 0.0990220 secs] [Times: user=0.49 sys=0.00, real=0.10 secs] 
4962.766: [GC (Allocation Failure) [PSYoungGen: 406037K->185270K(465920K)] 744243K->577524K(1864192K), 0.0430853 secs] [Times: user=0.19 sys=0.00, real=0.04 secs] 
4962.923: [GC (Allocation Failure) [PSYoungGen: 418230K->184727K(465920K)] 810484K->641437K(1864192K), 0.0493787 secs] [Times: user=0.23 sys=0.00, real=0.04 secs] 
4963.879: [GC (Allocation Failure) [PSYoungGen: 417687K->168947K(465920K)] 874397K->684337K(1864192K), 0.0568551 secs] [Times: user=0.29 sys=0.00, real=0.06 secs] 
4965.396: [GC (Allocation Failure) [PSYoungGen: 401907K->102844K(465920K)] 917297K->682762K(1864192K), 0.1168905 secs] [Times: user=0.64 sys=0.00, real=0.12 secs] 
4966.127: [GC (Allocation Failure) [PSYoungGen: 335804K->180470K(465920K)] 915722K->793225K(1864192K), 0.0490067 secs] [Times: user=0.21 sys=0.00, real=0.05 secs] 
4966.380: [GC (Allocation Failure) [PSYoungGen: 413430K->185654K(465920K)] 1026185K->854673K(1864192K), 0.0594572 secs] [Times: user=0.28 sys=0.00, real=0.06 secs] 
4966.557: [GC (Allocation Failure) [PSYoungGen: 418614K->187669K(465920K)] 1087633K->912840K(1864192K), 0.0453764 secs] [Times: user=0.20 sys=0.01, real=0.04 secs] 
4967.793: [GC (Allocation Failure) [PSYoungGen: 420629K->101372K(465920K)] 1145800K->897483K(1864192K), 0.0678909 secs] [Times: user=0.36 sys=0.00, real=0.07 secs] 
4969.272: [GC (Allocation Failure) [PSYoungGen: 334332K->172564K(465920K)] 1130443K->1000960K(1864192K), 0.1079021 secs] [Times: user=0.52 sys=0.00, real=0.11 secs] 
4969.590: [GC (Allocation Failure) [PSYoungGen: 405524K->179925K(465920K)] 1233920K->1062229K(1864192K), 0.0422718 secs] [Times: user=0.19 sys=0.00, real=0.04 secs] 
4969.797: [GC (Allocation Failure) [PSYoungGen: 412885K->186071K(465920K)] 1295189K->1131479K(1864192K), 0.0751042 secs] [Times: user=0.37 sys=0.00, real=0.07 secs] 
4970.825: [GC (Allocation Failure) [PSYoungGen: 419031K->169619K(465920K)] 1364439K->1174235K(1864192K), 0.0554082 secs] [Times: user=0.28 sys=0.00, real=0.05 secs] 
4971.402: [GC (Allocation Failure) [PSYoungGen: 402579K->115885K(465920K)] 1407195K->1185370K(1864192K), 0.0631936 secs] [Times: user=0.32 sys=0.01, real=0.07 secs] 
4972.045: [GC (Allocation Failure) [PSYoungGen: 348845K->176532K(465920K)] 1418330K->1282746K(1864192K), 0.0504448 secs] [Times: user=0.23 sys=0.00, real=0.05 secs] 
4972.220: [GC (Allocation Failure) [PSYoungGen: 409492K->180246K(465920K)] 1515706K->1356327K(1864192K), 0.0490438 secs] [Times: user=0.22 sys=0.00, real=0.05 secs] 
4972.424: [GC (Allocation Failure) [PSYoungGen: 413206K->187317K(465920K)] 1589287K->1421126K(1864192K), 0.0786210 secs] [Times: user=0.41 sys=0.01, real=0.07 secs] 
4973.663: [GC (Allocation Failure) [PSYoungGen: 420277K->103644K(465920K)] 1654086K->1407977K(1864192K), 0.0489779 secs] [Times: user=0.26 sys=0.00, real=0.05 secs] 
4974.798: [GC (GCLocker Initiated GC) [PSYoungGen: 336604K->170804K(465920K)] 1640938K->1508519K(1864192K), 0.0857817 secs] [Times: user=0.41 sys=0.01, real=0.09 secs] 
4974.884: [Full GC (Ergonomics) [PSYoungGen: 170804K->0K(465920K)] [ParOldGen: 1337714K->199464K(1398272K)] 1508519K->199464K(1864192K), [Metaspace: 59591K->59591K(1105920K)], 0.2826564 secs] [Times: user=1.41 sys=0.00, real=0.28 secs] 
4975.280: [GC (Allocation Failure) [PSYoungGen: 232960K->188437K(465920K)] 432462K->387940K(1864192K), 0.0316535 secs] [Times: user=0.13 sys=0.00, real=0.03 secs] 
4975.432: [GC (Allocation Failure) [PSYoungGen: 417473K->179926K(465920K)] 616976K->442757K(1864192K), 0.0429990 secs] [Times: user=0.19 sys=0.00, real=0.05 secs] 
4976.399: [GC (Allocation Failure) [PSYoungGen: 412886K->168499K(401920K)] 675717K->488402K(1800192K), 0.0537589 secs] [Times: user=0.27 sys=0.00, real=0.05 secs] 
4977.365: [GC (Allocation Failure) [PSYoungGen: 401459K->112237K(460800K)] 721362K->496756K(1859072K), 0.0893840 secs] [Times: user=0.47 sys=0.00, real=0.09 secs] 
4978.042: [GC (Allocation Failure) [PSYoungGen: 338007K->171028K(463360K)] 722526K->591444K(1861632K), 0.0464693 secs] [Times: user=0.20 sys=0.00, real=0.05 secs] 
4978.260: [GC (Allocation Failure) [PSYoungGen: 401428K->183509K(463360K)] 821844K->657445K(1861632K), 0.0626861 secs] [Times: user=0.30 sys=0.00, real=0.07 secs] 
4978.454: [GC (Allocation Failure) [PSYoungGen: 417493K->188309K(464896K)] 891429K->717901K(1863168K), 0.0447725 secs] [Times: user=0.21 sys=0.00, real=0.04 secs] 
4979.500: [GC (Allocation Failure) [PSYoungGen: 422293K->103164K(465920K)] 951885K->703612K(1864192K), 0.0454079 secs] [Times: user=0.24 sys=0.00, real=0.05 secs] 
4980.043: [GC (Allocation Failure) [PSYoungGen: 336030K->173236K(465920K)] 936478K->807393K(1864192K), 0.0724985 secs] [Times: user=0.34 sys=0.01, real=0.08 secs] 
4980.282: [GC (Allocation Failure) [PSYoungGen: 406196K->185270K(465920K)] 1040353K->873878K(1864192K), 0.0424905 secs] [Times: user=0.19 sys=0.00, real=0.05 secs] 
4980.482: [GC (Allocation Failure) [PSYoungGen: 414953K->179798K(465920K)] 1103561K->932934K(1864192K), 0.0703032 secs] [Times: user=0.35 sys=0.00, real=0.07 secs] 
4981.425: [GC (Allocation Failure) [PSYoungGen: 408381K->206675K(465920K)] 1161517K->1016915K(1864192K), 0.0535759 secs] [Times: user=0.27 sys=0.00, real=0.05 secs] 
4982.123: [GC (Allocation Failure) [PSYoungGen: 439635K->104972K(465920K)] 1249875K->980244K(1864192K), 0.0999564 secs] [Times: user=0.54 sys=0.00, real=0.10 secs] 
4983.337: [GC (Allocation Failure) [PSYoungGen: 337932K->174485K(465920K)] 1213204K->1083212K(1864192K), 0.0523938 secs] [Times: user=0.23 sys=0.00, real=0.05 secs] 
4983.530: [GC (Allocation Failure) [PSYoungGen: 407445K->185622K(465920K)] 1316172K->1149117K(1864192K), 0.0431736 secs] [Times: user=0.19 sys=0.00, real=0.05 secs] 
4983.684: [GC (Allocation Failure) [PSYoungGen: 418582K->187253K(465920K)] 1382077K->1207101K(1864192K), 0.0458185 secs] [Times: user=0.21 sys=0.00, real=0.04 secs] 
4984.896: [GC (Allocation Failure) [PSYoungGen: 420180K->102412K(465920K)] 1440027K->1192708K(1864192K), 0.0656640 secs] [Times: user=0.35 sys=0.01, real=0.06 secs] 
4986.195: [GC (Allocation Failure) [PSYoungGen: 335372K->174517K(465920K)] 1425668K->1298001K(1864192K), 0.0798588 secs] [Times: user=0.39 sys=0.00, real=0.08 secs] 
4986.438: [GC (Allocation Failure) [PSYoungGen: 407477K->180373K(465920K)] 1530961K->1358522K(1864192K), 0.0473963 secs] [Times: user=0.20 sys=0.00, real=0.05 secs] 
4986.632: [GC (Allocation Failure) [PSYoungGen: 413333K->185975K(465920K)] 1591482K->1427483K(1864192K), 0.0731106 secs] [Times: user=0.36 sys=0.00, real=0.08 secs] 
4987.713: [GC (Allocation Failure) [PSYoungGen: 418935K->170995K(465920K)] 1660443K->1471504K(1864192K), 0.0586525 secs] [Times: user=0.30 sys=0.00, real=0.06 secs] 
4988.507: [GC (Allocation Failure) [PSYoungGen: 403955K->110589K(465920K)] 1704464K->1476546K(1864192K), 0.1094488 secs] [Times: user=0.59 sys=0.00, real=0.11 secs] 
4988.617: [Full GC (Ergonomics) [PSYoungGen: 110589K->0K(465920K)] [ParOldGen: 1365956K->128294K(1398272K)] 1476546K->128294K(1864192K), [Metaspace: 59591K->59591K(1105920K)], 0.1914361 secs] [Times: user=0.85 sys=0.00, real=0.19 secs] 
4989.290: [GC (Allocation Failure) [PSYoungGen: 232960K->176981K(465920K)] 361254K->305275K(1864192K), 0.0297734 secs] [Times: user=0.12 sys=0.00, real=0.03 secs] 
4989.435: [GC (Allocation Failure) [PSYoungGen: 409941K->181590K(465920K)] 538235K->371857K(1864192K), 0.0464547 secs] [Times: user=0.21 sys=0.00, real=0.04 secs] 
4989.592: [GC (Allocation Failure) [PSYoungGen: 414550K->187573K(465920K)] 604817K->435568K(1864192K), 0.0563070 secs] [Times: user=0.28 sys=0.00, real=0.06 secs] 
4990.827: [GC (Allocation Failure) [PSYoungGen: 420533K->101900K(465920K)] 668528K->420654K(1864192K), 0.0631849 secs] [Times: user=0.33 sys=0.00, real=0.06 secs] 
4991.768: [GC (Allocation Failure) [PSYoungGen: 334860K->172948K(465920K)] 653614K->524276K(1864192K), 0.0928715 secs] [Times: user=0.45 sys=0.00, real=0.09 secs] 
4992.073: [GC (Allocation Failure) [PSYoungGen: 405908K->185206K(465920K)] 757236K->591009K(1864192K), 0.0465610 secs] [Times: user=0.21 sys=0.00, real=0.05 secs] 
4992.267: [GC (Allocation Failure) [PSYoungGen: 405838K->175573K(465920K)] 811641K->645793K(1864192K), 0.0726728 secs] [Times: user=0.37 sys=0.00, real=0.07 secs] 
4993.284: [GC (Allocation Failure) [PSYoungGen: 404690K->206739K(465920K)] 874910K->732782K(1864192K), 0.0541146 secs] [Times: user=0.27 sys=0.00, real=0.05 secs] 
4994.315: [GC (Allocation Failure) [PSYoungGen: 439699K->104572K(465920K)] 965742K->695444K(1864192K), 0.0814886 secs] [Times: user=0.43 sys=0.00, real=0.08 secs] 
4995.126: [GC (Allocation Failure) [PSYoungGen: 337532K->178101K(465920K)] 928404K->802050K(1864192K), 0.0448789 secs] [Times: user=0.20 sys=0.00, real=0.04 secs] 
4995.291: [GC (Allocation Failure) [PSYoungGen: 411061K->185846K(465920K)] 1035010K->865998K(1864192K), 0.0434721 secs] [Times: user=0.20 sys=0.00, real=0.05 secs] 
4995.446: [GC (Allocation Failure) [PSYoungGen: 418806K->187541K(465920K)] 1098958K->924021K(1864192K), 0.0455569 secs] [Times: user=0.21 sys=0.00, real=0.04 secs] 
4996.530: [GC (Allocation Failure) [PSYoungGen: 420501K->101228K(465920K)] 1156981K->908436K(1864192K), 0.0444803 secs] [Times: user=0.23 sys=0.00, real=0.05 secs] 
4997.018: [GC (Allocation Failure) [PSYoungGen: 334188K->176565K(465920K)] 1141396K->1016798K(1864192K), 0.0553923 secs] [Times: user=0.25 sys=0.00, real=0.06 secs] 
4997.251: [GC (Allocation Failure) [PSYoungGen: 409525K->201462K(465920K)] 1249758K->1096574K(1864192K), 0.0570416 secs] [Times: user=0.27 sys=0.00, real=0.06 secs] 
4997.430: [GC (Allocation Failure) [PSYoungGen: 426866K->178006K(465920K)] 1321979K->1137639K(1864192K), 0.0489419 secs] [Times: user=0.23 sys=0.00, real=0.05 secs] 
4998.354: [GC (Allocation Failure) [PSYoungGen: 410287K->206323K(465920K)] 1369920K->1222395K(1864192K), 0.0546456 secs] [Times: user=0.27 sys=0.00, real=0.05 secs] 
4999.525: [GC (Allocation Failure) [PSYoungGen: 439283K->102748K(465920K)] 1455355K->1183429K(1864192K), 0.1172500 secs] [Times: user=0.64 sys=0.01, real=0.11 secs] 
5000.097: [GC (Allocation Failure) [PSYoungGen: 334779K->180726K(465920K)] 1415460K->1294111K(1864192K), 0.0465368 secs] [Times: user=0.20 sys=0.00, real=0.05 secs] 
5000.329: [GC (Allocation Failure) [PSYoungGen: 413686K->185526K(465920K)] 1527071K->1355251K(1864192K), 0.0679847 secs] [Times: user=0.33 sys=0.00, real=0.07 secs] 
5000.572: [GC (Allocation Failure) [PSYoungGen: 418486K->187221K(465920K)] 1588211K->1413075K(1864192K), 0.0651537 secs] [Times: user=0.32 sys=0.00, real=0.07 secs] 
5001.671: [GC (Allocation Failure) [PSYoungGen: 420181K->102124K(465920K)] 1646035K->1398618K(1864192K), 0.0524631 secs] [Times: user=0.28 sys=0.00, real=0.06 secs] 
5002.984: [GC (Allocation Failure) [PSYoungGen: 335084K->172660K(465920K)] 1631578K->1502079K(1864192K), 0.0868885 secs] [Times: user=0.43 sys=0.00, real=0.08 secs] 
5003.071: [Full GC (Ergonomics) [PSYoungGen: 172660K->0K(465920K)] [ParOldGen: 1329418K->198727K(1398272K)] 1502079K->198727K(1864192K), [Metaspace: 59591K->59591K(1105920K)], 0.2350348 secs] [Times: user=1.13 sys=0.00, real=0.24 secs] 
5003.418: [GC (Allocation Failure) [PSYoungGen: 232960K->182645K(465920K)] 431687K->381373K(1864192K), 0.0331317 secs] [Times: user=0.13 sys=0.00, real=0.03 secs] 
5003.566: [GC (Allocation Failure) [PSYoungGen: 415605K->182934K(465920K)] 614333K->445478K(1864192K), 0.0432265 secs] [Times: user=0.20 sys=0.00, real=0.04 secs] 
5004.534: [GC (Allocation Failure) [PSYoungGen: 415894K->169299K(465920K)] 678438K->490122K(1864192K), 0.0543054 secs] [Times: user=0.27 sys=0.00, real=0.05 secs] 
5005.152: [GC (Allocation Failure) [PSYoungGen: 402259K->109725K(465920K)] 723082K->495324K(1864192K), 0.0650271 secs] [Times: user=0.34 sys=0.00, real=0.07 secs] 
5005.979: [GC (Allocation Failure) [PSYoungGen: 336389K->173781K(465920K)] 721989K->593825K(1864192K), 0.0503538 secs] [Times: user=0.22 sys=0.00, real=0.05 secs] 
5006.162: [GC (Allocation Failure) [PSYoungGen: 406741K->185718K(465920K)] 826785K->660318K(1864192K), 0.0425225 secs] [Times: user=0.19 sys=0.00, real=0.05 secs] 
5006.349: [GC (Allocation Failure) [PSYoungGen: 418678K->187221K(465920K)] 893278K->718070K(1864192K), 0.0658301 secs] [Times: user=0.32 sys=0.00, real=0.07 secs] 
5007.506: [GC (Allocation Failure) [PSYoungGen: 420181K->102988K(465920K)] 951030K->704357K(1864192K), 0.0534347 secs] [Times: user=0.29 sys=0.00, real=0.05 secs] 
5009.100: [GC (Allocation Failure) [PSYoungGen: 335948K->171348K(465920K)] 937317K->805490K(1864192K), 0.0951211 secs] [Times: user=0.47 sys=0.00, real=0.10 secs] 
5009.398: [GC (Allocation Failure) [PSYoungGen: 404308K->182293K(465920K)] 1038450K->869903K(1864192K), 0.0436208 secs] [Times: user=0.20 sys=0.00, real=0.04 secs] 
5009.587: [GC (Allocation Failure) [PSYoungGen: 414507K->185143K(465920K)] 1102116K->936296K(1864192K), 0.0701672 secs] [Times: user=0.34 sys=0.00, real=0.07 secs] 
5010.595: [GC (Allocation Failure) [PSYoungGen: 418103K->168466K(401920K)] 1169256K->978484K(1800192K), 0.0551756 secs] [Times: user=0.27 sys=0.00, real=0.05 secs] 
5012.496: [GC (Allocation Failure) [PSYoungGen: 401426K->106988K(463872K)] 1211444K->981462K(1862144K), 0.0868374 secs] [Times: user=0.46 sys=0.00, real=0.09 secs] 
5013.588: [GC (Allocation Failure) [PSYoungGen: 335214K->176149K(464896K)] 1209687K->1084291K(1863168K), 0.0520620 secs] [Times: user=0.24 sys=0.00, real=0.05 secs] 
5013.776: [GC (Allocation Failure) [PSYoungGen: 408085K->184662K(465920K)] 1316227K->1148080K(1864192K), 0.0438481 secs] [Times: user=0.20 sys=0.00, real=0.04 secs] 
5013.961: [GC (Allocation Failure) [PSYoungGen: 417622K->218133K(465920K)] 1381040K->1237375K(1864192K), 0.0513721 secs] [Times: user=0.24 sys=0.00, real=0.05 secs] 
5015.107: [GC (Allocation Failure) [PSYoungGen: 450967K->101708K(465920K)] 1470210K->1190942K(1864192K), 0.0453810 secs] [Times: user=0.23 sys=0.00, real=0.04 secs] 
5016.097: [GC (Allocation Failure) [PSYoungGen: 334668K->171540K(465920K)] 1423902K->1293052K(1864192K), 0.0881289 secs] [Times: user=0.43 sys=0.00, real=0.09 secs] 
5016.404: [GC (Allocation Failure) [PSYoungGen: 404500K->182773K(465920K)] 1526012K->1358289K(1864192K), 0.0543921 secs] [Times: user=0.27 sys=0.00, real=0.05 secs] 
5016.574: [GC (Allocation Failure) [PSYoungGen: 415733K->186007K(465920K)] 1591249K->1425530K(1864192K), 0.0514771 secs] [Times: user=0.25 sys=0.00, real=0.05 secs] 
5017.558: [GC (Allocation Failure) [PSYoungGen: 418967K->171571K(465920K)] 1658490K->1470231K(1864192K), 0.0579521 secs] [Times: user=0.29 sys=0.00, real=0.06 secs] 
5018.688: [GC (Allocation Failure) [PSYoungGen: 404531K->105100K(465920K)] 1703191K->1469304K(1864192K), 0.1248207 secs] [Times: user=0.69 sys=0.01, real=0.13 secs] 
5018.813: [Full GC (Ergonomics) [PSYoungGen: 105100K->0K(465920K)] [ParOldGen: 1364203K->122757K(1398272K)] 1469304K->122757K(1864192K), [Metaspace: 59593K->59593K(1105920K)], 0.1860447 secs] [Times: user=0.82 sys=0.00, real=0.18 secs] 
5019.952: [GC (Allocation Failure) [PSYoungGen: 232960K->178165K(465920K)] 355717K->300923K(1864192K), 0.0347261 secs] [Times: user=0.13 sys=0.00, real=0.04 secs] 
5020.206: [GC (Allocation Failure) [PSYoungGen: 411125K->193718K(465920K)] 533883K->371947K(1864192K), 0.0561596 secs] [Times: user=0.26 sys=0.00, real=0.05 secs] 
5020.381: [GC (Allocation Failure) [PSYoungGen: 426678K->187317K(465920K)] 604907K->421890K(1864192K), 0.0451492 secs] [Times: user=0.21 sys=0.00, real=0.05 secs] 
5021.516: [GC (Allocation Failure) [PSYoungGen: 420277K->99372K(465920K)] 654850K->404429K(1864192K), 0.0496232 secs] [Times: user=0.26 sys=0.01, real=0.05 secs] 
5023.125: [GC (Allocation Failure) [PSYoungGen: 332332K->170452K(465920K)] 637389K->507543K(1864192K), 0.0922524 secs] [Times: user=0.46 sys=0.00, real=0.09 secs] 
5023.436: [GC (Allocation Failure) [PSYoungGen: 403412K->182453K(465920K)] 740503K->572796K(1864192K), 0.0497312 secs] [Times: user=0.23 sys=0.00, real=0.05 secs] 
5023.601: [GC (Allocation Failure) [PSYoungGen: 415413K->185879K(465920K)] 805756K->640141K(1864192K), 0.0490810 secs] [Times: user=0.23 sys=0.00, real=0.05 secs] 
5024.536: [GC (Allocation Failure) [PSYoungGen: 414069K->209075K(465920K)] 868332K->722346K(1864192K), 0.0549586 secs] [Times: user=0.27 sys=0.00, real=0.05 secs] 
5025.100: [GC (Allocation Failure) [PSYoungGen: 442035K->102524K(465920K)] 955306K->681734K(1864192K), 0.0839933 secs] [Times: user=0.45 sys=0.01, real=0.09 secs] 
5025.507: [GC (Allocation Failure) [PSYoungGen: 333988K->180758K(465920K)] 913199K->792673K(1864192K), 0.0396537 secs] [Times: user=0.17 sys=0.00, real=0.04 secs] 
5025.684: [GC (Allocation Failure) [PSYoungGen: 413718K->182773K(465920K)] 1025633K->850949K(1864192K), 0.0575486 secs] [Times: user=0.28 sys=0.00, real=0.05 secs] 
5025.884: [GC (Allocation Failure) [PSYoungGen: 415733K->187669K(465920K)] 1083909K->911485K(1864192K), 0.0455885 secs] [Times: user=0.21 sys=0.00, real=0.04 secs] 
5026.935: [GC (Allocation Failure) [PSYoungGen: 420629K->100444K(465920K)] 1144445K->894859K(1864192K), 0.0451586 secs] [Times: user=0.23 sys=0.00, real=0.04 secs] 
5029.016: [GC (Allocation Failure) [PSYoungGen: 333404K->169492K(465920K)] 1127819K->995904K(1864192K), 0.0924716 secs] [Times: user=0.46 sys=0.00, real=0.09 secs] 
5029.320: [GC (GCLocker Initiated GC) [PSYoungGen: 402452K->179189K(465920K)] 1228865K->1058438K(1864192K), 0.0488384 secs] [Times: user=0.23 sys=0.00, real=0.05 secs] 
5029.484: [GC (Allocation Failure) [PSYoungGen: 412149K->186199K(465920K)] 1291400K->1128642K(1864192K), 0.0502775 secs] [Times: user=0.23 sys=0.00, real=0.05 secs] 
5030.354: [GC (Allocation Failure) [PSYoungGen: 416368K->214612K(465920K)] 1358811K->1216063K(1864192K), 0.0568315 secs] [Times: user=0.28 sys=0.00, real=0.05 secs] 
5031.344: [GC (Allocation Failure) [PSYoungGen: 447572K->100539K(465920K)] 1449023K->1169471K(1864192K), 0.1025054 secs] [Times: user=0.56 sys=0.00, real=0.10 secs] 
5031.979: [GC (Allocation Failure) [PSYoungGen: 333499K->178325K(465920K)] 1402431K->1279149K(1864192K), 0.0496439 secs] [Times: user=0.22 sys=0.00, real=0.05 secs] 
5032.208: [GC (Allocation Failure) [PSYoungGen: 411285K->185206K(465920K)] 1512109K->1341854K(1864192K), 0.0650107 secs] [Times: user=0.31 sys=0.00, real=0.06 secs] 
5032.403: [GC (Allocation Failure) [PSYoungGen: 418166K->187477K(465920K)] 1574814K->1400349K(1864192K), 0.0460579 secs] [Times: user=0.21 sys=0.00, real=0.04 secs] 
5033.547: [GC (Allocation Failure) [PSYoungGen: 420437K->105036K(465920K)] 1633309K->1388437K(1864192K), 0.0455222 secs] [Times: user=0.24 sys=0.00, real=0.05 secs] 
5034.225: [GC (Allocation Failure) [PSYoungGen: 337996K->169940K(465920K)] 1621397K->1486889K(1864192K), 0.0826367 secs] [Times: user=0.41 sys=0.00, real=0.08 secs] 
5034.307: [Full GC (Ergonomics) [PSYoungGen: 169940K->0K(465920K)] [ParOldGen: 1316949K->194989K(1398272K)] 1486889K->194989K(1864192K), [Metaspace: 59593K->59593K(1105920K)], 0.2257782 secs] [Times: user=1.08 sys=0.00, real=0.23 secs] 
5034.653: [GC (Allocation Failure) [PSYoungGen: 232960K->185398K(465920K)] 427949K->380387K(1864192K), 0.0319449 secs] [Times: user=0.13 sys=0.00, real=0.03 secs] 
5034.834: [GC (Allocation Failure) [PSYoungGen: 418358K->185783K(465920K)] 613347K->445124K(1864192K), 0.0530593 secs] [Times: user=0.25 sys=0.00, real=0.05 secs] 
5035.869: [GC (Allocation Failure) [PSYoungGen: 418743K->168787K(465920K)] 678084K->487032K(1864192K), 0.0549833 secs] [Times: user=0.28 sys=0.00, real=0.06 secs] 
5037.176: [GC (Allocation Failure) [PSYoungGen: 401747K->108364K(465920K)] 719992K->491218K(1864192K), 0.1010311 secs] [Times: user=0.55 sys=0.00, real=0.10 secs] 
5037.864: [GC (Allocation Failure) [PSYoungGen: 336513K->174581K(465920K)] 719366K->592423K(1864192K), 0.0520386 secs] [Times: user=0.24 sys=0.00, real=0.05 secs] 
5038.120: [GC (Allocation Failure) [PSYoungGen: 407541K->185462K(465920K)] 825383K->658000K(1864192K), 0.0554725 secs] [Times: user=0.27 sys=0.00, real=0.06 secs] 
5038.286: [GC (Allocation Failure) [PSYoungGen: 418422K->187573K(465920K)] 890960K->716207K(1864192K), 0.0459133 secs] [Times: user=0.22 sys=0.00, real=0.04 secs] 
5039.472: [GC (Allocation Failure) [PSYoungGen: 420533K->104156K(465920K)] 949167K->703430K(1864192K), 0.0586544 secs] [Times: user=0.31 sys=0.01, real=0.06 secs] 
5040.693: [GC (Allocation Failure) [PSYoungGen: 337116K->166900K(465920K)] 936390K->799571K(1864192K), 0.0990208 secs] [Times: user=0.50 sys=0.00, real=0.10 secs] 
5041.002: [GC (Allocation Failure) [PSYoungGen: 399860K->185142K(465920K)] 1032531K->870445K(1864192K), 0.0432428 secs] [Times: user=0.20 sys=0.00, real=0.05 secs] 
5041.160: [GC (Allocation Failure) [PSYoungGen: 418049K->184823K(465920K)] 1103352K->934422K(1864192K), 0.0503232 secs] [Times: user=0.24 sys=0.00, real=0.05 secs] 
5042.197: [GC (Allocation Failure) [PSYoungGen: 417783K->168851K(464896K)] 1167382K->977266K(1863168K), 0.0579395 secs] [Times: user=0.29 sys=0.00, real=0.06 secs] 
5042.835: [GC (Allocation Failure) [PSYoungGen: 401811K->110701K(465408K)] 1210226K->983852K(1863680K), 0.0801136 secs] [Times: user=0.42 sys=0.00, real=0.08 secs] 
5043.604: [GC (Allocation Failure) [PSYoungGen: 343639K->177205K(465920K)] 1216790K->1085704K(1864192K), 0.0552291 secs] [Times: user=0.25 sys=0.01, real=0.05 secs] 
5043.801: [GC (Allocation Failure) [PSYoungGen: 410165K->185079K(465920K)] 1318664K->1155583K(1864192K), 0.0510358 secs] [Times: user=0.23 sys=0.00, real=0.05 secs] 
5043.965: [GC (Allocation Failure) [PSYoungGen: 418039K->187701K(465920K)] 1388543K->1216941K(1864192K), 0.0592735 secs] [Times: user=0.30 sys=0.00, real=0.06 secs] 
5045.229: [GC (Allocation Failure) [PSYoungGen: 420661K->98123K(465920K)] 1449901K->1198107K(1864192K), 0.0622908 secs] [Times: user=0.34 sys=0.01, real=0.06 secs] 
5046.390: [GC (Allocation Failure) [PSYoungGen: 331083K->173461K(465920K)] 1431067K->1304985K(1864192K), 0.0693699 secs] [Times: user=0.33 sys=0.00, real=0.07 secs] 
5046.611: [GC (Allocation Failure) [PSYoungGen: 406421K->181141K(465920K)] 1537945K->1366894K(1864192K), 0.0439000 secs] [Times: user=0.20 sys=0.00, real=0.05 secs] 
5046.818: [GC (Allocation Failure) [PSYoungGen: 411623K->180278K(465920K)] 1597376K->1429447K(1864192K), 0.0730633 secs] [Times: user=0.37 sys=0.00, real=0.07 secs] 
5047.923: [GC (Allocation Failure) [PSYoungGen: 413238K->168499K(401920K)] 1662407K->1475004K(1800192K), 0.0582768 secs] [Times: user=0.27 sys=0.00, real=0.06 secs] 
5048.820: [GC (Allocation Failure) [PSYoungGen: 401459K->111581K(460800K)] 1707964K->1482570K(1859072K), 0.1110179 secs] [Times: user=0.60 sys=0.00, real=0.11 secs] 
5048.931: [Full GC (Ergonomics) [PSYoungGen: 111581K->0K(460800K)] [ParOldGen: 1370989K->129218K(1398272K)] 1482570K->129218K(1859072K), [Metaspace: 59593K->59593K(1105920K)], 0.1721192 secs] [Times: user=0.78 sys=0.00, real=0.18 secs] 
5049.709: [GC (Allocation Failure) [PSYoungGen: 224569K->171988K(463360K)] 353788K->301207K(1861632K), 0.0334006 secs] [Times: user=0.13 sys=0.00, real=0.03 secs] 
5049.886: [GC (Allocation Failure) [PSYoungGen: 402388K->183925K(464384K)] 531607K->366920K(1862656K), 0.0410422 secs] [Times: user=0.18 sys=0.00, real=0.04 secs] 
5050.070: [GC (Allocation Failure) [PSYoungGen: 417909K->188245K(465920K)] 600904K->427024K(1864192K), 0.0669044 secs] [Times: user=0.32 sys=0.00, real=0.07 secs] 
5051.198: [GC (Allocation Failure) [PSYoungGen: 422229K->102668K(465920K)] 661008K->412339K(1864192K), 0.0497612 secs] [Times: user=0.26 sys=0.00, real=0.05 secs] 
5051.790: [GC (Allocation Failure) [PSYoungGen: 335628K->175797K(465920K)] 645299K->518176K(1864192K), 0.0676234 secs] [Times: user=0.32 sys=0.00, real=0.07 secs] 
5052.056: [GC (Allocation Failure) [PSYoungGen: 408757K->182165K(465920K)] 751136K->579737K(1864192K), 0.0567116 secs] [Times: user=0.26 sys=0.00, real=0.06 secs] 
5052.269: [GC (Allocation Failure) [PSYoungGen: 410802K->180374K(465920K)] 808374K->641426K(1864192K), 0.0721797 secs] [Times: user=0.36 sys=0.00, real=0.07 secs] 
5053.272: [GC (Allocation Failure) [PSYoungGen: 413334K->169971K(460800K)] 874386K->688326K(1859072K), 0.0539934 secs] [Times: user=0.26 sys=0.00, real=0.06 secs] 
5054.502: [GC (Allocation Failure) [PSYoungGen: 402931K->105612K(463360K)] 921286K->688664K(1861632K), 0.0832941 secs] [Times: user=0.45 sys=0.00, real=0.09 secs] 
5055.687: [GC (Allocation Failure) [PSYoungGen: 334396K->176597K(465920K)] 917448K->793674K(1864192K), 0.0543502 secs] [Times: user=0.25 sys=0.00, real=0.05 secs] 
5055.884: [GC (Allocation Failure) [PSYoungGen: 409557K->185686K(465920K)] 1026634K->857814K(1864192K), 0.0427653 secs] [Times: user=0.19 sys=0.00, real=0.04 secs] 
5056.037: [GC (Allocation Failure) [PSYoungGen: 418646K->187381K(465920K)] 1090774K->915814K(1864192K), 0.0453781 secs] [Times: user=0.21 sys=0.00, real=0.04 secs] 
5057.327: [GC (Allocation Failure) [PSYoungGen: 420341K->99420K(465920K)] 1148774K->898388K(1864192K), 0.0721991 secs] [Times: user=0.39 sys=0.00, real=0.07 secs] 
5059.097: [GC (Allocation Failure) [PSYoungGen: 332380K->170708K(465920K)] 1131348K->1001538K(1864192K), 0.0833871 secs] [Times: user=0.41 sys=0.00, real=0.08 secs] 
5059.368: [GC (Allocation Failure) [PSYoungGen: 403668K->182677K(465920K)] 1234498K->1066779K(1864192K), 0.0440276 secs] [Times: user=0.20 sys=0.00, real=0.04 secs] 
5059.566: [GC (Allocation Failure) [PSYoungGen: 415637K->185751K(465920K)] 1299739K->1133660K(1864192K), 0.0812515 secs] [Times: user=0.41 sys=0.00, real=0.08 secs] 
5060.595: [GC (Allocation Failure) [PSYoungGen: 418711K->210376K(465920K)] 1366620K->1217133K(1864192K), 0.0527973 secs] [Times: user=0.26 sys=0.00, real=0.05 secs] 
5061.286: [GC (Allocation Failure) [PSYoungGen: 443336K->108973K(465920K)] 1450093K->1181498K(1864192K), 0.1022758 secs] [Times: user=0.54 sys=0.01, real=0.10 secs] 
5061.973: [GC (Allocation Failure) [PSYoungGen: 337409K->174101K(465920K)] 1409935K->1281327K(1864192K), 0.0494763 secs] [Times: user=0.23 sys=0.00, real=0.05 secs] 
5062.151: [GC (Allocation Failure) [PSYoungGen: 407061K->185366K(465920K)] 1514287K->1346948K(1864192K), 0.0441093 secs] [Times: user=0.21 sys=0.00, real=0.05 secs] 
5062.304: [GC (Allocation Failure) [PSYoungGen: 418326K->184821K(465920K)] 1579908K->1402595K(1864192K), 0.0468688 secs] [Times: user=0.22 sys=0.00, real=0.04 secs] 
5063.449: [GC (Allocation Failure) [PSYoungGen: 417781K->101660K(465920K)] 1635555K->1389187K(1864192K), 0.0533293 secs] [Times: user=0.28 sys=0.01, real=0.05 secs] 
5064.832: [GC (Allocation Failure) [PSYoungGen: 334620K->170740K(465920K)] 1622147K->1490680K(1864192K), 0.1157088 secs] [Times: user=0.59 sys=0.00, real=0.12 secs] 
5064.947: [Full GC (Ergonomics) [PSYoungGen: 170740K->0K(465920K)] [ParOldGen: 1319939K->195530K(1398272K)] 1490680K->195530K(1864192K), [Metaspace: 59593K->59593K(1105920K)], 0.2455251 secs] [Times: user=1.20 sys=0.00, real=0.25 secs] 
5065.303: [GC (Allocation Failure) [PSYoungGen: 232960K->180341K(465920K)] 428490K->375872K(1864192K), 0.0314145 secs] [Times: user=0.12 sys=0.00, real=0.03 secs] 
5065.451: [GC (Allocation Failure) [PSYoungGen: 413301K->186231K(465920K)] 608832K->445218K(1864192K), 0.0434841 secs] [Times: user=0.19 sys=0.00, real=0.05 secs] 
5066.435: [GC (Allocation Failure) [PSYoungGen: 419191K->173651K(465920K)] 678178K->491718K(1864192K), 0.0576836 secs] [Times: user=0.29 sys=0.00, real=0.06 secs] 
5067.850: [GC (Allocation Failure) [PSYoungGen: 406611K->105804K(465920K)] 724678K->490183K(1864192K), 0.0948913 secs] [Times: user=0.51 sys=0.00, real=0.10 secs] 
5068.485: [GC (Allocation Failure) [PSYoungGen: 338764K->177909K(465920K)] 723143K->595713K(1864192K), 0.0605282 secs] [Times: user=0.22 sys=0.00, real=0.06 secs] 
5068.720: [GC (Allocation Failure) [PSYoungGen: 410869K->185750K(465920K)] 828673K->659441K(1864192K), 0.0435825 secs] [Times: user=0.19 sys=0.00, real=0.05 secs] 
5068.917: [GC (Allocation Failure) [PSYoungGen: 418710K->187605K(465920K)] 892401K->717513K(1864192K), 0.0719044 secs] [Times: user=0.36 sys=0.00, real=0.07 secs] 
5070.093: [GC (Allocation Failure) [PSYoungGen: 420565K->100940K(465920K)] 950473K->701600K(1864192K), 0.0478019 secs] [Times: user=0.25 sys=0.00, real=0.05 secs] 
5070.965: [GC (Allocation Failure) [PSYoungGen: 333900K->172564K(465920K)] 934560K->805469K(1864192K), 0.1025579 secs] [Times: user=0.51 sys=0.00, real=0.10 secs] 
5071.281: [GC (Allocation Failure) [PSYoungGen: 405524K->182549K(465920K)] 1038429K->869378K(1864192K), 0.0445580 secs] [Times: user=0.20 sys=0.01, real=0.05 secs] 
5071.441: [GC (Allocation Failure) [PSYoungGen: 414374K->184791K(465920K)] 1101203K->935395K(1864192K), 0.0498172 secs] [Times: user=0.23 sys=0.00, real=0.05 secs] 
5072.485: [GC (Allocation Failure) [PSYoungGen: 417751K->168467K(465920K)] 1168355K->977719K(1864192K), 0.0571867 secs] [Times: user=0.29 sys=0.00, real=0.05 secs] 
5073.212: [GC (Allocation Failure) [PSYoungGen: 401427K->113133K(465920K)] 1210679K->986754K(1864192K), 0.1239150 secs] [Times: user=0.66 sys=0.00, real=0.13 secs] 
5074.191: [GC (Allocation Failure) [PSYoungGen: 345037K->170324K(403456K)] 1218657K->1080310K(1801728K), 0.0517324 secs] [Times: user=0.23 sys=0.00, real=0.05 secs] 
5074.438: [GC (Allocation Failure) [PSYoungGen: 403284K->185494K(463872K)] 1313270K->1148671K(1862144K), 0.0591367 secs] [Times: user=0.28 sys=0.00, real=0.06 secs] 
5074.615: [GC (Allocation Failure) [PSYoungGen: 417430K->186773K(464896K)] 1380607K->1205958K(1863168K), 0.0458085 secs] [Times: user=0.21 sys=0.00, real=0.04 secs] 
5075.756: [GC (Allocation Failure) [PSYoungGen: 418709K->103852K(465920K)] 1437894K->1193494K(1864192K), 0.0487255 secs] [Times: user=0.25 sys=0.00, real=0.05 secs] 
5076.376: [GC (Allocation Failure) [PSYoungGen: 336812K->176693K(465920K)] 1426454K->1300296K(1864192K), 0.0650375 secs] [Times: user=0.30 sys=0.00, real=0.06 secs] 
5076.602: [GC (Allocation Failure) [PSYoungGen: 409653K->182133K(465920K)] 1533256K->1360868K(1864192K), 0.0439913 secs] [Times: user=0.20 sys=0.00, real=0.05 secs] 
5076.803: [GC (Allocation Failure) [PSYoungGen: 407907K->177558K(465920K)] 1586642K->1419908K(1864192K), 0.0794754 secs] [Times: user=0.39 sys=0.00, real=0.08 secs] 
5077.799: [GC (Allocation Failure) [PSYoungGen: 406198K->205843K(465920K)] 1648549K->1504745K(1864192K), 0.0546064 secs] [Times: user=0.28 sys=0.00, real=0.06 secs] 
5078.593: [GC (Allocation Failure) [PSYoungGen: 438803K->105468K(465920K)] 1737705K->1468939K(1864192K), 0.1108750 secs] [Times: user=0.58 sys=0.01, real=0.11 secs] 
5078.704: [Full GC (Ergonomics) [PSYoungGen: 105468K->0K(465920K)] [ParOldGen: 1363470K->121480K(1398272K)] 1468939K->121480K(1864192K), [Metaspace: 59593K->59593K(1105920K)], 0.1983534 secs] [Times: user=0.79 sys=0.00, real=0.19 secs] 
5079.293: [GC (Allocation Failure) [PSYoungGen: 231273K->178005K(465920K)] 352754K->299486K(1864192K), 0.0273295 secs] [Times: user=0.10 sys=0.00, real=0.03 secs] 
5079.459: [GC (Allocation Failure) [PSYoungGen: 410965K->185494K(465920K)] 532446K->362570K(1864192K), 0.0585008 secs] [Times: user=0.28 sys=0.01, real=0.06 secs] 
5079.680: [GC (Allocation Failure) [PSYoungGen: 418454K->187573K(465920K)] 595530K->420650K(1864192K), 0.0644956 secs] [Times: user=0.32 sys=0.00, real=0.07 secs] 
5080.820: [GC (Allocation Failure) [PSYoungGen: 420533K->98875K(465920K)] 653610K->402760K(1864192K), 0.0435810 secs] [Times: user=0.23 sys=0.00, real=0.05 secs] 
5082.334: [GC (Allocation Failure) [PSYoungGen: 331835K->171476K(465920K)] 635720K->506942K(1864192K), 0.1075849 secs] [Times: user=0.53 sys=0.00, real=0.10 secs] 
5082.636: [GC (Allocation Failure) [PSYoungGen: 404436K->182549K(465920K)] 739902K->571679K(1864192K), 0.0418459 secs] [Times: user=0.18 sys=0.00, real=0.04 secs] 
5082.794: [GC (Allocation Failure) [PSYoungGen: 415509K->186071K(465920K)] 804639K->638993K(1864192K), 0.0491709 secs] [Times: user=0.23 sys=0.00, real=0.05 secs] 
5083.766: [GC (Allocation Failure) [PSYoungGen: 419031K->171059K(465920K)] 871953K->682861K(1864192K), 0.0551154 secs] [Times: user=0.28 sys=0.00, real=0.05 secs] 
5085.020: [GC (Allocation Failure) [PSYoungGen: 404019K->107836K(465920K)] 915821K->685014K(1864192K), 0.1174335 secs] [Times: user=0.64 sys=0.00, real=0.12 secs] 
5085.714: [GC (Allocation Failure) [PSYoungGen: 334679K->174741K(465920K)] 911857K->785855K(1864192K), 0.0454999 secs] [Times: user=0.21 sys=0.00, real=0.04 secs] 
5085.923: [GC (Allocation Failure) [PSYoungGen: 407701K->185750K(465920K)] 1018815K->851916K(1864192K), 0.0630747 secs] [Times: user=0.30 sys=0.00, real=0.07 secs] 
5086.160: [GC (Allocation Failure) [PSYoungGen: 418710K->187637K(465920K)] 1084876K->910036K(1864192K), 0.0623675 secs] [Times: user=0.30 sys=0.00, real=0.06 secs] 
5087.236: [GC (Allocation Failure) [PSYoungGen: 420597K->98812K(465920K)] 1142996K->891794K(1864192K), 0.0443404 secs] [Times: user=0.23 sys=0.00, real=0.04 secs] 
5088.175: [GC (Allocation Failure) [PSYoungGen: 331772K->171956K(465920K)] 1124754K->996280K(1864192K), 0.0666921 secs] [Times: user=0.32 sys=0.00, real=0.06 secs] 
5088.404: [GC (Allocation Failure) [PSYoungGen: 404916K->185046K(465920K)] 1229240K->1063797K(1864192K), 0.0439701 secs] [Times: user=0.20 sys=0.00, real=0.04 secs] 
5088.595: [GC (Allocation Failure) [PSYoungGen: 418006K->183190K(465920K)] 1296757K->1126198K(1864192K), 0.0712566 secs] [Times: user=0.35 sys=0.00, real=0.07 secs] 
5089.684: [GC (Allocation Failure) [PSYoungGen: 416150K->171571K(465920K)] 1359158K->1172515K(1864192K), 0.0557164 secs] [Times: user=0.28 sys=0.00, real=0.05 secs] 
5090.246: [GC (Allocation Failure) [PSYoungGen: 404531K->111037K(465920K)] 1405475K->1177477K(1864192K), 0.1018984 secs] [Times: user=0.54 sys=0.00, real=0.10 secs] 
5091.302: [GC (Allocation Failure) [PSYoungGen: 342715K->172500K(465920K)] 1409155K->1274029K(1864192K), 0.0523137 secs] [Times: user=0.24 sys=0.01, real=0.06 secs] 
5091.493: [GC (Allocation Failure) [PSYoungGen: 405460K->185654K(465920K)] 1506989K->1341506K(1864192K), 0.0438096 secs] [Times: user=0.20 sys=0.00, real=0.04 secs] 
5091.649: [GC (Allocation Failure) [PSYoungGen: 418614K->187477K(465920K)] 1574466K->1399546K(1864192K), 0.0469055 secs] [Times: user=0.22 sys=0.00, real=0.05 secs] 
5092.779: [GC (Allocation Failure) [PSYoungGen: 420437K->104700K(465920K)] 1632506K->1387321K(1864192K), 0.0497263 secs] [Times: user=0.26 sys=0.00, real=0.05 secs] 
5093.517: [GC (Allocation Failure) [PSYoungGen: 337660K->176341K(465920K)] 1620281K->1492811K(1864192K), 0.0701791 secs] [Times: user=0.34 sys=0.00, real=0.07 secs] 
5093.587: [Full GC (Ergonomics) [PSYoungGen: 176341K->0K(465920K)] [ParOldGen: 1316469K->201840K(1398272K)] 1492811K->201840K(1864192K), [Metaspace: 59593K->59593K(1105920K)], 0.2248823 secs] [Times: user=1.05 sys=0.00, real=0.22 secs] 
5093.951: [GC (Allocation Failure) [PSYoungGen: 232960K->182037K(465920K)] 434800K->383877K(1864192K), 0.0316148 secs] [Times: user=0.13 sys=0.00, real=0.03 secs] 
5094.113: [GC (Allocation Failure) [PSYoungGen: 407575K->176310K(465920K)] 609416K->441982K(1864192K), 0.0426335 secs] [Times: user=0.20 sys=0.00, real=0.04 secs] 
5094.970: [GC (Allocation Failure) [PSYoungGen: 405454K->206995K(465920K)] 671126K->528851K(1864192K), 0.0526448 secs] [Times: user=0.26 sys=0.00, real=0.06 secs] 
5095.641: [GC (Allocation Failure) [PSYoungGen: 439955K->101708K(465920K)] 761811K->488412K(1864192K), 0.0995593 secs] [Times: user=0.54 sys=0.00, real=0.10 secs] 
5096.191: [GC (Allocation Failure) [PSYoungGen: 331295K->180341K(465920K)] 718000K->599243K(1864192K), 0.0478473 secs] [Times: user=0.21 sys=0.00, real=0.05 secs] 
5096.365: [GC (Allocation Failure) [PSYoungGen: 413301K->185750K(465920K)] 832203K->661039K(1864192K), 0.0434625 secs] [Times: user=0.19 sys=0.00, real=0.04 secs] 
5096.538: [GC (Allocation Failure) [PSYoungGen: 418710K->185205K(465920K)] 893999K->716726K(1864192K), 0.0504742 secs] [Times: user=0.25 sys=0.00, real=0.05 secs] 
5097.659: [GC (Allocation Failure) [PSYoungGen: 418165K->100492K(465920K)] 949686K->701741K(1864192K), 0.0439391 secs] [Times: user=0.23 sys=0.00, real=0.05 secs] 
5099.089: [GC (Allocation Failure) [PSYoungGen: 333452K->167540K(465920K)] 934701K->801162K(1864192K), 0.0863595 secs] [Times: user=0.42 sys=0.00, real=0.09 secs] 
5099.354: [GC (Allocation Failure) [PSYoungGen: 400500K->185078K(465920K)] 1034122K->871408K(1864192K), 0.0424228 secs] [Times: user=0.19 sys=0.00, real=0.04 secs] 
5099.553: [GC (Allocation Failure) [PSYoungGen: 418038K->186199K(465920K)] 1104368K->936645K(1864192K), 0.0783974 secs] [Times: user=0.39 sys=0.00, real=0.07 secs] 
5100.561: [GC (Allocation Failure) [PSYoungGen: 415470K->210547K(465920K)] 1165917K->1020266K(1864192K), 0.0565106 secs] [Times: user=0.28 sys=0.00, real=0.06 secs] 
5101.836: [GC (Allocation Failure) [PSYoungGen: 443507K->100796K(465920K)] 1253226K->976610K(1864192K), 0.1103756 secs] [Times: user=0.59 sys=0.00, real=0.11 secs] 
5102.367: [GC (Allocation Failure) [PSYoungGen: 333756K->181366K(465920K)] 1209570K->1089209K(1864192K), 0.0471871 secs] [Times: user=0.21 sys=0.00, real=0.05 secs] 
5102.539: [GC (Allocation Failure) [PSYoungGen: 414326K->185750K(465920K)] 1322169K->1150361K(1864192K), 0.0440705 secs] [Times: user=0.20 sys=0.00, real=0.05 secs] 
5102.694: [GC (Allocation Failure) [PSYoungGen: 418710K->187413K(465920K)] 1383321K->1208440K(1864192K), 0.0459095 secs] [Times: user=0.21 sys=0.00, real=0.04 secs] 
5103.815: [GC (Allocation Failure) [PSYoungGen: 420373K->99372K(465920K)] 1441400K->1190823K(1864192K), 0.0447179 secs] [Times: user=0.23 sys=0.00, real=0.04 secs] 
5104.793: [GC (Allocation Failure) [PSYoungGen: 332332K->174229K(465920K)] 1423783K->1297229K(1864192K), 0.0652808 secs] [Times: user=0.31 sys=0.00, real=0.06 secs] 
5105.001: [GC (Allocation Failure) [PSYoungGen: 407189K->182869K(465920K)] 1530189K->1360369K(1864192K), 0.0438571 secs] [Times: user=0.20 sys=0.00, real=0.05 secs] 
5105.197: [GC (Allocation Failure) [PSYoungGen: 415829K->185431K(465920K)] 1593329K->1426811K(1864192K), 0.0524873 secs] [Times: user=0.24 sys=0.00, real=0.05 secs] 
5106.097: [GC (Allocation Failure) [PSYoungGen: 413350K->205235K(465920K)] 1654730K->1505527K(1864192K), 0.0546889 secs] [Times: user=0.28 sys=0.00, real=0.05 secs] 
5107.105: [GC (GCLocker Initiated GC) [PSYoungGen: 438195K->102188K(465920K)] 1738488K->1466945K(1864192K), 0.0993624 secs] [Times: user=0.54 sys=0.00, real=0.10 secs] 
5107.204: [Full GC (Ergonomics) [PSYoungGen: 102188K->0K(465920K)] [ParOldGen: 1364757K->118357K(1398272K)] 1466945K->118357K(1864192K), [Metaspace: 59593K->59593K(1105920K)], 0.1769083 secs] [Times: user=0.76 sys=0.00, real=0.17 secs] 
5107.791: [GC (Allocation Failure) [PSYoungGen: 232960K->176534K(465920K)] 359513K->303087K(1864192K), 0.0840648 secs] [Times: user=0.44 sys=0.00, real=0.09 secs] 
5107.994: [GC (Allocation Failure) [PSYoungGen: 409494K->184535K(465920K)] 536047K->367560K(1864192K), 0.1422280 secs] [Times: user=0.79 sys=0.00, real=0.14 secs] 
5108.302: [GC (Allocation Failure) [PSYoungGen: 417495K->187381K(465920K)] 600520K->428931K(1864192K), 0.0638695 secs] [Times: user=0.32 sys=0.00, real=0.07 secs] 
5109.467: [GC (Allocation Failure) [PSYoungGen: 420341K->94811K(465920K)] 661891K->407169K(1864192K), 0.0459365 secs] [Times: user=0.20 sys=0.01, real=0.05 secs] 
5110.530: [GC (Allocation Failure) [PSYoungGen: 327771K->175253K(465920K)] 640129K->518019K(1864192K), 0.0644561 secs] [Times: user=0.30 sys=0.01, real=0.07 secs] 
5110.759: [GC (Allocation Failure) [PSYoungGen: 408213K->185558K(465920K)] 750979K->583112K(1864192K), 0.0429149 secs] [Times: user=0.19 sys=0.00, real=0.04 secs] 
5110.934: [GC (Allocation Failure) [PSYoungGen: 413209K->178518K(465920K)] 810763K->640456K(1864192K), 0.0533097 secs] [Times: user=0.26 sys=0.00, real=0.05 secs] 
5111.987: [GC (Allocation Failure) [PSYoungGen: 411478K->167986K(465920K)] 873416K->686533K(1864192K), 0.0559060 secs] [Times: user=0.28 sys=0.00, real=0.06 secs] 
5112.536: [GC (Allocation Failure) [PSYoungGen: 400946K->113901K(465920K)] 919493K->696799K(1864192K), 0.0477968 secs] [Times: user=0.25 sys=0.00, real=0.05 secs] 
5112.972: [GC (Allocation Failure) [PSYoungGen: 346861K->176692K(465920K)] 929759K->795603K(1864192K), 0.0367422 secs] [Times: user=0.16 sys=0.00, real=0.04 secs] 
5113.126: [GC (Allocation Failure) [PSYoungGen: 409652K->185463K(465920K)] 1028563K->866498K(1864192K), 0.0496011 secs] [Times: user=0.23 sys=0.00, real=0.05 secs] 
5113.287: [GC (Allocation Failure) [PSYoungGen: 418423K->187509K(465920K)] 1099458K->927312K(1864192K), 0.0590630 secs] [Times: user=0.30 sys=0.00, real=0.06 secs] 
5114.419: [GC (Allocation Failure) [PSYoungGen: 420469K->97899K(465920K)] 1160272K->908398K(1864192K), 0.0474018 secs] [Times: user=0.25 sys=0.00, real=0.05 secs] 
5115.706: [GC (Allocation Failure) [PSYoungGen: 330859K->171604K(465920K)] 1141358K->1013332K(1864192K), 0.0714355 secs] [Times: user=0.33 sys=0.00, real=0.07 secs] 
5115.952: [GC (Allocation Failure) [PSYoungGen: 404564K->182677K(465920K)] 1246292K->1078345K(1864192K), 0.0431981 secs] [Times: user=0.20 sys=0.01, real=0.05 secs] 
5116.106: [GC (Allocation Failure) [PSYoungGen: 404568K->176086K(465920K)] 1300236K->1135650K(1864192K), 0.0491858 secs] [Times: user=0.23 sys=0.00, real=0.05 secs] 
5117.092: [GC (Allocation Failure) [PSYoungGen: 409046K->170579K(403968K)] 1368610K->1186111K(1802240K), 0.0545121 secs] [Times: user=0.27 sys=0.00, real=0.06 secs] 
5118.098: [GC (Allocation Failure) [PSYoungGen: 403539K->105788K(463872K)] 1419071K->1186456K(1862144K), 0.1192680 secs] [Times: user=0.65 sys=0.01, real=0.12 secs] 
5118.977: [GC (Allocation Failure) [PSYoungGen: 336365K->177461K(464896K)] 1417033K->1291898K(1863168K), 0.0513551 secs] [Times: user=0.23 sys=0.00, real=0.05 secs] 
5119.161: [GC (Allocation Failure) [PSYoungGen: 409397K->185046K(465920K)] 1523834K->1354771K(1864192K), 0.0453991 secs] [Times: user=0.21 sys=0.00, real=0.05 secs] 
5119.356: [GC (Allocation Failure) [PSYoungGen: 418006K->187349K(465920K)] 1587731K->1413098K(1864192K), 0.0651170 secs] [Times: user=0.32 sys=0.01, real=0.06 secs] 
5120.531: [GC (Allocation Failure) [PSYoungGen: 420309K->101452K(465920K)] 1646058K->1397713K(1864192K), 0.0462273 secs] [Times: user=0.24 sys=0.00, real=0.05 secs] 
5121.634: [GC (Allocation Failure) [PSYoungGen: 334412K->171924K(465920K)] 1630673K->1500558K(1864192K), 0.0970899 secs] [Times: user=0.48 sys=0.00, real=0.09 secs] 
5121.731: [Full GC (Ergonomics) [PSYoungGen: 171924K->0K(465920K)] [ParOldGen: 1328633K->195711K(1398272K)] 1500558K->195711K(1864192K), [Metaspace: 59593K->59593K(1105920K)], 0.2583826 secs] [Times: user=1.27 sys=0.00, real=0.26 secs] 
5122.100: [GC (Allocation Failure) [PSYoungGen: 232960K->185558K(465920K)] 428671K->381269K(1864192K), 0.0333953 secs] [Times: user=0.14 sys=0.00, real=0.04 secs] 
5122.243: [GC (Allocation Failure) [PSYoungGen: 414554K->182262K(465920K)] 610265K->442414K(1864192K), 0.0434267 secs] [Times: user=0.20 sys=0.00, real=0.04 secs] 
5123.196: [GC (Allocation Failure) [PSYoungGen: 415222K->168723K(464896K)] 675374K->486802K(1863168K), 0.0562521 secs] [Times: user=0.28 sys=0.00, real=0.05 secs] 
5124.560: [GC (Allocation Failure) [PSYoungGen: 401683K->105164K(465408K)] 719762K->487851K(1863680K), 0.1039682 secs] [Times: user=0.56 sys=0.01, real=0.11 secs] 
5125.690: [GC (Allocation Failure) [PSYoungGen: 338124K->177493K(465920K)] 720811K->594005K(1864192K), 0.0533857 secs] [Times: user=0.24 sys=0.00, real=0.06 secs] 
5125.887: [GC (Allocation Failure) [PSYoungGen: 410453K->193750K(465920K)] 826965K->665374K(1864192K), 0.0430812 secs] [Times: user=0.19 sys=0.00, real=0.04 secs] 
5126.105: [GC (Allocation Failure) [PSYoungGen: 426710K->187317K(465920K)] 898334K->715341K(1864192K), 0.0675238 secs] [Times: user=0.33 sys=0.01, real=0.06 secs] 
5127.259: [GC (Allocation Failure) [PSYoungGen: 420277K->99900K(465920K)] 948301K->698380K(1864192K), 0.0442871 secs] [Times: user=0.23 sys=0.01, real=0.05 secs] 
5128.851: [GC (Allocation Failure) [PSYoungGen: 332860K->170356K(465920K)] 931340K->800953K(1864192K), 0.0790816 secs] [Times: user=0.39 sys=0.00, real=0.08 secs] 
5129.098: [GC (Allocation Failure) [PSYoungGen: 403316K->185526K(465920K)] 1033913K->869667K(1864192K), 0.0433507 secs] [Times: user=0.20 sys=0.00, real=0.04 secs] 
5129.253: [GC (Allocation Failure) [PSYoungGen: 418486K->185495K(465920K)] 1102627K->933980K(1864192K), 0.0508902 secs] [Times: user=0.24 sys=0.00, real=0.05 secs] 
5130.228: [GC (Allocation Failure) [PSYoungGen: 418455K->168434K(465920K)] 1166940K->975744K(1864192K), 0.0546901 secs] [Times: user=0.27 sys=0.00, real=0.05 secs] 
5131.425: [GC (Allocation Failure) [PSYoungGen: 401394K->107228K(465920K)] 1208704K->978938K(1864192K), 0.0994175 secs] [Times: user=0.53 sys=0.00, real=0.10 secs] 
5132.552: [GC (Allocation Failure) [PSYoungGen: 336662K->176373K(465920K)] 1208371K->1081963K(1864192K), 0.0511629 secs] [Times: user=0.24 sys=0.00, real=0.06 secs] 
5132.737: [GC (Allocation Failure) [PSYoungGen: 409333K->185750K(465920K)] 1314923K->1146272K(1864192K), 0.0451209 secs] [Times: user=0.21 sys=0.00, real=0.04 secs] 
5132.890: [GC (Allocation Failure) [PSYoungGen: 418710K->184885K(465920K)] 1379232K->1201615K(1864192K), 0.0468682 secs] [Times: user=0.22 sys=0.00, real=0.05 secs] 
5133.964: [GC (Allocation Failure) [PSYoungGen: 417845K->100476K(465920K)] 1434575K->1187014K(1864192K), 0.0495233 secs] [Times: user=0.26 sys=0.01, real=0.05 secs] 
5135.398: [GC (Allocation Failure) [PSYoungGen: 333436K->172916K(465920K)] 1419974K->1291484K(1864192K), 0.1100788 secs] [Times: user=0.56 sys=0.00, real=0.11 secs] 
5135.708: [GC (Allocation Failure) [PSYoungGen: 405876K->182901K(465920K)] 1524444K->1355561K(1864192K), 0.0448269 secs] [Times: user=0.20 sys=0.00, real=0.05 secs] 
5135.909: [GC (Allocation Failure) [PSYoungGen: 415861K->186167K(465920K)] 1588521K->1422738K(1864192K), 0.0765104 secs] [Times: user=0.38 sys=0.00, real=0.08 secs] 
5136.982: [GC (Allocation Failure) [PSYoungGen: 419127K->170483K(465920K)] 1655698K->1466314K(1864192K), 0.0576270 secs] [Times: user=0.29 sys=0.00, real=0.06 secs] 
5138.602: [GC (Allocation Failure) [PSYoungGen: 403443K->102620K(465920K)] 1699274K->1463547K(1864192K), 0.0924391 secs] [Times: user=0.50 sys=0.00, real=0.10 secs] 
5138.694: [Full GC (Ergonomics) [PSYoungGen: 102620K->0K(465920K)] [ParOldGen: 1360927K->118687K(1398272K)] 1463547K->118687K(1864192K), [Metaspace: 59633K->59633K(1105920K)], 0.1733709 secs] [Times: user=0.75 sys=0.00, real=0.17 secs] 
5139.654: [GC (Allocation Failure) [PSYoungGen: 232960K->180342K(465920K)] 351647K->299029K(1864192K), 0.0371193 secs] [Times: user=0.14 sys=0.00, real=0.03 secs] 
5139.896: [GC (Allocation Failure) [PSYoungGen: 413302K->185302K(465920K)] 531989K->360117K(1864192K), 0.0595199 secs] [Times: user=0.28 sys=0.00, real=0.06 secs] 
5140.116: [GC (Allocation Failure) [PSYoungGen: 418262K->184853K(465920K)] 593077K->415692K(1864192K), 0.0614060 secs] [Times: user=0.30 sys=0.00, real=0.06 secs] 
5141.322: [GC (Allocation Failure) [PSYoungGen: 417813K->101292K(465920K)] 648652K->401779K(1864192K), 0.0438408 secs] [Times: user=0.22 sys=0.00, real=0.05 secs] 
5142.453: [GC (Allocation Failure) [PSYoungGen: 334252K->172180K(465920K)] 634739K->505104K(1864192K), 0.0986120 secs] [Times: user=0.49 sys=0.01, real=0.09 secs] 
5142.761: [GC (Allocation Failure) [PSYoungGen: 405140K->182773K(465920K)] 738064K->569782K(1864192K), 0.0440047 secs] [Times: user=0.20 sys=0.00, real=0.05 secs] 
5142.954: [GC (Allocation Failure) [PSYoungGen: 415733K->185751K(465920K)] 802742K->636647K(1864192K), 0.0761514 secs] [Times: user=0.38 sys=0.00, real=0.07 secs] 
5144.013: [GC (Allocation Failure) [PSYoungGen: 418711K->198244K(465920K)] 869607K->707996K(1864192K), 0.0483279 secs] [Times: user=0.23 sys=0.00, real=0.04 secs] 
5145.066: [GC (Allocation Failure) [PSYoungGen: 431204K->106156K(465920K)] 940956K->681417K(1864192K), 0.1015845 secs] [Times: user=0.54 sys=0.00, real=0.10 secs] 
5146.291: [GC (Allocation Failure) [PSYoungGen: 339116K->176885K(465920K)] 914377K->785766K(1864192K), 0.0532975 secs] [Times: user=0.24 sys=0.00, real=0.06 secs] 
5146.529: [GC (Allocation Failure) [PSYoungGen: 409845K->185046K(465920K)] 1018726K->849251K(1864192K), 0.0647701 secs] [Times: user=0.31 sys=0.00, real=0.07 secs] 
5146.720: [GC (Allocation Failure) [PSYoungGen: 418006K->187541K(465920K)] 1082211K->907674K(1864192K), 0.0458177 secs] [Times: user=0.21 sys=0.00, real=0.05 secs] 
5147.815: [GC (GCLocker Initiated GC) [PSYoungGen: 420501K->98443K(465920K)] 1140635K->889210K(1864192K), 0.0444035 secs] [Times: user=0.23 sys=0.00, real=0.04 secs] 
5148.862: [GC (Allocation Failure) [PSYoungGen: 331403K->171828K(465920K)] 1122336K->994230K(1864192K), 0.0968324 secs] [Times: user=0.48 sys=0.00, real=0.10 secs] 
5149.144: [GC (Allocation Failure) [PSYoungGen: 404788K->185238K(465920K)] 1227190K->1061828K(1864192K), 0.0432740 secs] [Times: user=0.20 sys=0.00, real=0.04 secs] 
5149.356: [GC (Allocation Failure) [PSYoungGen: 418198K->184727K(465920K)] 1294788K->1125588K(1864192K), 0.0705763 secs] [Times: user=0.35 sys=0.00, real=0.07 secs] 
5150.499: [GC (Allocation Failure) [PSYoungGen: 417687K->169555K(465920K)] 1358548K->1169233K(1864192K), 0.0552554 secs] [Times: user=0.27 sys=0.00, real=0.06 secs] 
5151.227: [GC (Allocation Failure) [PSYoungGen: 402515K->109149K(465920K)] 1402193K->1173595K(1864192K), 0.1135880 secs] [Times: user=0.61 sys=0.01, real=0.11 secs] 
5151.936: [GC (Allocation Failure) [PSYoungGen: 335256K->174005K(465920K)] 1399702K->1273343K(1864192K), 0.0488472 secs] [Times: user=0.22 sys=0.00, real=0.05 secs] 
5152.173: [GC (Allocation Failure) [PSYoungGen: 406965K->185654K(465920K)] 1506303K->1339284K(1864192K), 0.0646678 secs] [Times: user=0.31 sys=0.00, real=0.06 secs] 
5152.362: [GC (Allocation Failure) [PSYoungGen: 418614K->187669K(465920K)] 1572244K->1397659K(1864192K), 0.0469576 secs] [Times: user=0.21 sys=0.00, real=0.05 secs] 
5153.446: [GC (Allocation Failure) [PSYoungGen: 420629K->101484K(465920K)] 1630619K->1382170K(1864192K), 0.0467166 secs] [Times: user=0.24 sys=0.01, real=0.05 secs] 
5154.808: [GC (Allocation Failure) [PSYoungGen: 334444K->172244K(465920K)] 1615130K->1485359K(1864192K), 0.0752236 secs] [Times: user=0.37 sys=0.00, real=0.08 secs] 
5154.883: [Full GC (Ergonomics) [PSYoungGen: 172244K->0K(465920K)] [ParOldGen: 1313115K->196394K(1398272K)] 1485359K->196394K(1864192K), [Metaspace: 59633K->59633K(1105920K)], 0.2454479 secs] [Times: user=1.19 sys=0.00, real=0.24 secs] 
5155.243: [GC (Allocation Failure) [PSYoungGen: 232960K->180117K(465920K)] 429354K->376511K(1864192K), 0.0325912 secs] [Times: user=0.13 sys=0.00, real=0.03 secs] 
5155.393: [GC (Allocation Failure) [PSYoungGen: 413077K->186071K(465920K)] 609471K->445865K(1864192K), 0.0437503 secs] [Times: user=0.20 sys=0.00, real=0.04 secs] 
5156.359: [GC (Allocation Failure) [PSYoungGen: 419031K->169875K(465920K)] 678825K->488733K(1864192K), 0.0536618 secs] [Times: user=0.27 sys=0.00, real=0.05 secs] 
5157.288: [GC (Allocation Failure) [PSYoungGen: 402835K->113437K(465920K)] 721693K->497247K(1864192K), 0.1050706 secs] [Times: user=0.56 sys=0.01, real=0.11 secs] 
5157.893: [GC (Allocation Failure) [PSYoungGen: 346397K->177301K(465920K)] 730207K->596480K(1864192K), 0.0528328 secs] [Times: user=0.24 sys=0.01, real=0.06 secs] 
5158.083: [GC (Allocation Failure) [PSYoungGen: 410261K->185207K(465920K)] 829440K->666578K(1864192K), 0.0492221 secs] [Times: user=0.23 sys=0.00, real=0.05 secs] 
5158.244: [GC (Allocation Failure) [PSYoungGen: 418167K->187125K(465920K)] 899538K->727048K(1864192K), 0.0572582 secs] [Times: user=0.28 sys=0.00, real=0.05 secs] 
5159.399: [GC (Allocation Failure) [PSYoungGen: 420085K->97403K(465920K)] 960008K->707983K(1864192K), 0.0471993 secs] [Times: user=0.24 sys=0.00, real=0.05 secs] 
5160.131: [GC (Allocation Failure) [PSYoungGen: 330363K->176117K(465920K)] 940943K->817845K(1864192K), 0.0620942 secs] [Times: user=0.30 sys=0.00, real=0.07 secs] 
5160.385: [GC (Allocation Failure) [PSYoungGen: 409077K->182549K(465920K)] 1050805K->879689K(1864192K), 0.0583520 secs] [Times: user=0.27 sys=0.00, real=0.06 secs] 
5160.563: [GC (Allocation Failure) [PSYoungGen: 402031K->175221K(465920K)] 1099171K->935914K(1864192K), 0.0485485 secs] [Times: user=0.23 sys=0.00, real=0.04 secs] 
5161.612: [GC (Allocation Failure) [PSYoungGen: 408181K->169715K(461824K)] 1168874K->986131K(1860096K), 0.0565032 secs] [Times: user=0.28 sys=0.00, real=0.06 secs] 
5163.172: [GC (Allocation Failure) [PSYoungGen: 402675K->105420K(463872K)] 1219091K->986484K(1862144K), 0.0878941 secs] [Times: user=0.47 sys=0.00, real=0.09 secs] 
5164.390: [GC (Allocation Failure) [PSYoungGen: 334603K->177365K(465920K)] 1215667K->1092246K(1864192K), 0.0489271 secs] [Times: user=0.22 sys=0.00, real=0.05 secs] 
5164.637: [GC (Allocation Failure) [PSYoungGen: 410325K->185206K(465920K)] 1325206K->1155303K(1864192K), 0.0619813 secs] [Times: user=0.30 sys=0.00, real=0.06 secs] 
5164.873: [GC (Allocation Failure) [PSYoungGen: 418166K->184564K(465920K)] 1388263K->1210654K(1864192K), 0.0632138 secs] [Times: user=0.31 sys=0.00, real=0.07 secs] 
5165.963: [GC (Allocation Failure) [PSYoungGen: 417524K->102652K(465920K)] 1443614K->1198353K(1864192K), 0.0570909 secs] [Times: user=0.31 sys=0.01, real=0.06 secs] 
5167.319: [GC (Allocation Failure) [PSYoungGen: 335612K->169044K(465920K)] 1431313K->1297518K(1864192K), 0.1070184 secs] [Times: user=0.55 sys=0.00, real=0.11 secs] 
5167.631: [GC (Allocation Failure) [PSYoungGen: 402004K->184374K(465920K)] 1530478K->1366040K(1864192K), 0.0448414 secs] [Times: user=0.20 sys=0.00, real=0.05 secs] 
5167.824: [GC (Allocation Failure) [PSYoungGen: 417334K->185815K(465920K)] 1599000K->1431569K(1864192K), 0.0707404 secs] [Times: user=0.35 sys=0.00, real=0.07 secs] 
5168.861: [GC (Allocation Failure) [PSYoungGen: 418775K->170899K(465920K)] 1664529K->1475581K(1864192K), 0.0578755 secs] [Times: user=0.29 sys=0.00, real=0.06 secs] 
5169.985: [GC (Allocation Failure) [PSYoungGen: 403859K->103612K(465920K)] 1708541K->1473558K(1864192K), 0.1113064 secs] [Times: user=0.61 sys=0.00, real=0.11 secs] 
5170.096: [Full GC (Ergonomics) [PSYoungGen: 103612K->0K(465920K)] [ParOldGen: 1369946K->119715K(1398272K)] 1473558K->119715K(1864192K), [Metaspace: 59633K->59633K(1105920K)], 0.1833412 secs] [Times: user=0.81 sys=0.00, real=0.18 secs] 
5170.845: [GC (Allocation Failure) [PSYoungGen: 229258K->179157K(465920K)] 348973K->298873K(1864192K), 0.0308350 secs] [Times: user=0.11 sys=0.00, real=0.03 secs] 
5171.001: [GC (Allocation Failure) [PSYoungGen: 412117K->185846K(465920K)] 531833K->361273K(1864192K), 0.0419213 secs] [Times: user=0.18 sys=0.00, real=0.04 secs] 
5171.198: [GC (Allocation Failure) [PSYoungGen: 418806K->187701K(465920K)] 594233K->419425K(1864192K), 0.0508523 secs] [Times: user=0.24 sys=0.00, real=0.05 secs] 
5172.391: [GC (Allocation Failure) [PSYoungGen: 420661K->99132K(465920K)] 652385K->401567K(1864192K), 0.0438171 secs] [Times: user=0.23 sys=0.00, real=0.05 secs] 
5174.534: [GC (Allocation Failure) [PSYoungGen: 332092K->166548K(465920K)] 634527K->500420K(1864192K), 0.0879764 secs] [Times: user=0.43 sys=0.00, real=0.08 secs] 
5174.805: [GC (Allocation Failure) [PSYoungGen: 399508K->185878K(465920K)] 733380K->571938K(1864192K), 0.0422428 secs] [Times: user=0.18 sys=0.00, real=0.04 secs] 
5174.987: [GC (Allocation Failure) [PSYoungGen: 418838K->186263K(465920K)] 804898K->636619K(1864192K), 0.0548867 secs] [Times: user=0.27 sys=0.00, real=0.05 secs] 
5176.013: [GC (Allocation Failure) [PSYoungGen: 419223K->170227K(465920K)] 869579K->679671K(1864192K), 0.0546169 secs] [Times: user=0.27 sys=0.00, real=0.05 secs] 
5177.029: [GC (Allocation Failure) [PSYoungGen: 403187K->107548K(465920K)] 912631K->681945K(1864192K), 0.0891629 secs] [Times: user=0.48 sys=0.00, real=0.09 secs] 
5177.937: [GC (Allocation Failure) [PSYoungGen: 340186K->174645K(465920K)] 914583K->783586K(1864192K), 0.0500224 secs] [Times: user=0.22 sys=0.00, real=0.05 secs] 
5178.121: [GC (Allocation Failure) [PSYoungGen: 407605K->185526K(465920K)] 1016546K->849019K(1864192K), 0.0431483 secs] [Times: user=0.19 sys=0.00, real=0.05 secs] 
5178.313: [GC (Allocation Failure) [PSYoungGen: 418486K->187669K(465920K)] 1081979K->907331K(1864192K), 0.0676604 secs] [Times: user=0.33 sys=0.00, real=0.07 secs] 
5179.420: [GC (GCLocker Initiated GC) [PSYoungGen: 420629K->101692K(465920K)] 1140291K->892170K(1864192K), 0.0444035 secs] [Times: user=0.23 sys=0.00, real=0.05 secs] 
5180.738: [GC (Allocation Failure) [PSYoungGen: 334652K->168820K(465920K)] 1125169K->991654K(1864192K), 0.0940770 secs] [Times: user=0.47 sys=0.00, real=0.09 secs] 
5181.051: [GC (Allocation Failure) [PSYoungGen: 401780K->185494K(465920K)] 1224614K->1061504K(1864192K), 0.0459206 secs] [Times: user=0.22 sys=0.00, real=0.05 secs] 
5181.213: [GC (Allocation Failure) [PSYoungGen: 418454K->184759K(465920K)] 1294464K->1125089K(1864192K), 0.0527928 secs] [Times: user=0.22 sys=0.00, real=0.06 secs] 
5182.274: [GC (Allocation Failure) [PSYoungGen: 417719K->169523K(465920K)] 1358049K->1168701K(1864192K), 0.0554009 secs] [Times: user=0.28 sys=0.00, real=0.05 secs] 
5182.866: [GC (Allocation Failure) [PSYoungGen: 402483K->112829K(465920K)] 1401661K->1176759K(1864192K), 0.0924154 secs] [Times: user=0.49 sys=0.01, real=0.09 secs] 
5183.263: [GC (Allocation Failure) [PSYoungGen: 345789K->179989K(465920K)] 1409719K->1279860K(1864192K), 0.0380625 secs] [Times: user=0.16 sys=0.00, real=0.03 secs] 
5183.416: [GC (Allocation Failure) [PSYoungGen: 412949K->182422K(465920K)] 1512820K->1345081K(1864192K), 0.0501783 secs] [Times: user=0.24 sys=0.00, real=0.05 secs] 
5183.577: [GC (Allocation Failure) [PSYoungGen: 415382K->187477K(465920K)] 1578041K->1408464K(1864192K), 0.0589610 secs] [Times: user=0.29 sys=0.00, real=0.06 secs] 
5184.698: [GC (Allocation Failure) [PSYoungGen: 420437K->98731K(465920K)] 1641424K->1390362K(1864192K), 0.0468300 secs] [Times: user=0.24 sys=0.01, real=0.05 secs] 
5185.593: [GC (Allocation Failure) [PSYoungGen: 331691K->175189K(465920K)] 1623322K->1498333K(1864192K), 0.0535252 secs] [Times: user=0.24 sys=0.00, real=0.05 secs] 
5185.647: [Full GC (Ergonomics) [PSYoungGen: 175189K->0K(465920K)] [ParOldGen: 1323143K->201549K(1398272K)] 1498333K->201549K(1864192K), [Metaspace: 59633K->59633K(1105920K)], 0.2010208 secs] [Times: user=0.92 sys=0.00, real=0.20 secs] 
5185.977: [GC (Allocation Failure) [PSYoungGen: 232960K->182645K(465920K)] 434509K->384194K(1864192K), 0.0316780 secs] [Times: user=0.12 sys=0.00, real=0.03 secs] 
5186.121: [GC (Allocation Failure) [PSYoungGen: 402055K->174197K(465920K)] 603604K->439418K(1864192K), 0.0427931 secs] [Times: user=0.20 sys=0.00, real=0.05 secs] 
5187.155: [GC (Allocation Failure) [PSYoungGen: 407157K->168883K(460800K)] 672378K->489560K(1859072K), 0.0529262 secs] [Times: user=0.26 sys=0.00, real=0.05 secs] 
5187.877: [GC (Allocation Failure) [PSYoungGen: 401843K->109149K(463360K)] 722520K->494562K(1861632K), 0.1097577 secs] [Times: user=0.59 sys=0.01, real=0.11 secs] 
5188.925: [GC (Allocation Failure) [PSYoungGen: 341061K->173813K(466944K)] 726474K->593615K(1865216K), 0.0511729 secs] [Times: user=0.23 sys=0.00, real=0.05 secs] 
5189.172: [GC (Allocation Failure) [PSYoungGen: 408309K->186774K(465920K)] 828111K->661140K(1864192K), 0.0600365 secs] [Times: user=0.29 sys=0.00, real=0.06 secs] 
5189.397: [GC (Allocation Failure) [PSYoungGen: 421270K->188597K(465920K)] 895636K->719603K(1864192K), 0.0657729 secs] [Times: user=0.32 sys=0.00, real=0.07 secs] 
5190.507: [GC (Allocation Failure) [PSYoungGen: 421557K->101996K(465920K)] 952563K->704050K(1864192K), 0.0441958 secs] [Times: user=0.23 sys=0.00, real=0.04 secs] 
5192.064: [GC (Allocation Failure) [PSYoungGen: 334956K->169268K(465920K)] 937010K->803975K(1864192K), 0.0952490 secs] [Times: user=0.47 sys=0.00, real=0.09 secs] 
5192.346: [GC (Allocation Failure) [PSYoungGen: 402228K->185270K(465920K)] 1036935K->873289K(1864192K), 0.0424528 secs] [Times: user=0.19 sys=0.00, real=0.04 secs] 
5192.533: [GC (Allocation Failure) [PSYoungGen: 414046K->182838K(465920K)] 1102065K->934937K(1864192K), 0.0696202 secs] [Times: user=0.34 sys=0.00, real=0.07 secs] 
5193.529: [GC (Allocation Failure) [PSYoungGen: 415798K->168659K(401920K)] 1167897K->978870K(1800192K), 0.0566761 secs] [Times: user=0.28 sys=0.00, real=0.06 secs] 
5194.876: [GC (Allocation Failure) [PSYoungGen: 401619K->105820K(462848K)] 1211830K->980535K(1861120K), 0.1090639 secs] [Times: user=0.59 sys=0.01, real=0.11 secs] 
5195.581: [GC (Allocation Failure) [PSYoungGen: 332964K->176373K(464384K)] 1207679K->1085213K(1862656K), 0.0474427 secs] [Times: user=0.21 sys=0.00, real=0.05 secs] 
5195.752: [GC (Allocation Failure) [PSYoungGen: 407797K->184662K(465920K)] 1316637K->1148102K(1864192K), 0.0430700 secs] [Times: user=0.20 sys=0.00, real=0.05 secs] 
5195.923: [GC (Allocation Failure) [PSYoungGen: 417622K->187765K(465920K)] 1381062K->1207189K(1864192K), 0.0496637 secs] [Times: user=0.23 sys=0.00, real=0.05 secs] 
5197.022: [GC (Allocation Failure) [PSYoungGen: 420725K->98235K(465920K)] 1440149K->1188339K(1864192K), 0.0448718 secs] [Times: user=0.23 sys=0.00, real=0.05 secs] 
5198.767: [GC (Allocation Failure) [PSYoungGen: 331195K->171892K(465920K)] 1421299K->1293797K(1864192K), 0.0680538 secs] [Times: user=0.32 sys=0.00, real=0.07 secs] 
5198.988: [GC (Allocation Failure) [PSYoungGen: 404852K->182389K(465920K)] 1526757K->1357962K(1864192K), 0.0436977 secs] [Times: user=0.19 sys=0.00, real=0.04 secs] 
5199.148: [GC (Allocation Failure) [PSYoungGen: 415349K->186103K(465920K)] 1590922K->1425580K(1864192K), 0.0511717 secs] [Times: user=0.24 sys=0.00, real=0.05 secs] 
5200.085: [GC (Allocation Failure) [PSYoungGen: 413862K->208691K(465920K)] 1653339K->1507128K(1864192K), 0.0576909 secs] [Times: user=0.29 sys=0.00, real=0.05 secs] 
5200.956: [GC (Allocation Failure) [PSYoungGen: 441642K->101868K(465920K)] 1740079K->1465921K(1864192K), 0.0770632 secs] [Times: user=0.42 sys=0.00, real=0.08 secs] 
5201.033: [Full GC (Ergonomics) [PSYoungGen: 101868K->0K(465920K)] [ParOldGen: 1364053K->118046K(1398272K)] 1465921K->118046K(1864192K), [Metaspace: 59633K->59633K(1105920K)], 0.1570191 secs] [Times: user=0.67 sys=0.00, real=0.15 secs] 
5202.243: [GC (Allocation Failure) [PSYoungGen: 232960K->179573K(465920K)] 351006K->297620K(1864192K), 0.0368786 secs] [Times: user=0.14 sys=0.00, real=0.03 secs] 
5202.478: [GC (Allocation Failure) [PSYoungGen: 412533K->185654K(465920K)] 530580K->359745K(1864192K), 0.0601152 secs] [Times: user=0.28 sys=0.00, real=0.06 secs] 
5202.666: [GC (Allocation Failure) [PSYoungGen: 418614K->184885K(465920K)] 592705K->415119K(1864192K), 0.0446512 secs] [Times: user=0.21 sys=0.00, real=0.04 secs] 
5203.793: [GC (Allocation Failure) [PSYoungGen: 417845K->99852K(465920K)] 648079K->399759K(1864192K), 0.0494950 secs] [Times: user=0.26 sys=0.00, real=0.04 secs] 
5204.886: [GC (Allocation Failure) [PSYoungGen: 332812K->172916K(465920K)] 632719K->505028K(1864192K), 0.0734938 secs] [Times: user=0.35 sys=0.00, real=0.07 secs] 
5205.169: [GC (Allocation Failure) [PSYoungGen: 405876K->182485K(465920K)] 737988K->568737K(1864192K), 0.0520386 secs] [Times: user=0.25 sys=0.00, real=0.05 secs] 
5205.341: [GC (Allocation Failure) [PSYoungGen: 415445K->185239K(465920K)] 801697K->635307K(1864192K), 0.0496248 secs] [Times: user=0.22 sys=0.01, real=0.05 secs] 
5206.234: [GC (Allocation Failure) [PSYoungGen: 414661K->209619K(465920K)] 864729K->718527K(1864192K), 0.0550622 secs] [Times: user=0.27 sys=0.00, real=0.05 secs] 
5207.640: [GC (Allocation Failure) [PSYoungGen: 442579K->98347K(465920K)] 951487K->673063K(1864192K), 0.1075835 secs] [Times: user=0.58 sys=0.01, real=0.11 secs] 
5208.553: [GC (Allocation Failure) [PSYoungGen: 331307K->180630K(465920K)] 906023K->786662K(1864192K), 0.0471115 secs] [Times: user=0.20 sys=0.00, real=0.05 secs] 
5208.793: [GC (Allocation Failure) [PSYoungGen: 413590K->185558K(465920K)] 1019622K->847935K(1864192K), 0.0598067 secs] [Times: user=0.29 sys=0.01, real=0.06 secs] 
5209.019: [GC (Allocation Failure) [PSYoungGen: 418518K->187093K(465920K)] 1080895K->905614K(1864192K), 0.0678025 secs] [Times: user=0.33 sys=0.00, real=0.07 secs] 
5210.111: [GC (Allocation Failure) [PSYoungGen: 420053K->102508K(465920K)] 1138574K->891517K(1864192K), 0.0449612 secs] [Times: user=0.23 sys=0.00, real=0.05 secs] 
5210.771: [GC (Allocation Failure) [PSYoungGen: 335468K->172660K(465920K)] 1124477K->994538K(1864192K), 0.0693330 secs] [Times: user=0.34 sys=0.00, real=0.07 secs] 
5211.050: [GC (Allocation Failure) [PSYoungGen: 405620K->183157K(465920K)] 1227498K->1059167K(1864192K), 0.0569470 secs] [Times: user=0.27 sys=0.00, real=0.06 secs] 
5211.280: [GC (Allocation Failure) [PSYoungGen: 416117K->185751K(465920K)] 1292127K->1125521K(1864192K), 0.0719743 secs] [Times: user=0.36 sys=0.00, real=0.07 secs] 
5212.249: [GC (Allocation Failure) [PSYoungGen: 416030K->206707K(465920K)] 1355799K->1205413K(1864192K), 0.0550673 secs] [Times: user=0.28 sys=0.00, real=0.06 secs] 
5212.837: [GC (Allocation Failure) [PSYoungGen: 439667K->105628K(465920K)] 1438373K->1169150K(1864192K), 0.0588254 secs] [Times: user=0.30 sys=0.00, real=0.06 secs] 
5213.834: [GC (Allocation Failure) [PSYoungGen: 338244K->177653K(465920K)] 1401766K->1274540K(1864192K), 0.0536706 secs] [Times: user=0.25 sys=0.00, real=0.05 secs] 
5214.027: [GC (Allocation Failure) [PSYoungGen: 410613K->182869K(465920K)] 1507500K->1335120K(1864192K), 0.0437477 secs] [Times: user=0.20 sys=0.00, real=0.04 secs] 
5214.198: [GC (Allocation Failure) [PSYoungGen: 415829K->187413K(465920K)] 1568080K->1395280K(1864192K), 0.0509854 secs] [Times: user=0.24 sys=0.01, real=0.05 secs] 
5215.290: [GC (Allocation Failure) [PSYoungGen: 420373K->100316K(465920K)] 1628240K->1378903K(1864192K), 0.0450842 secs] [Times: user=0.23 sys=0.00, real=0.05 secs] 
5216.724: [GC (Allocation Failure) [PSYoungGen: 333276K->172724K(465920K)] 1611863K->1483532K(1864192K), 0.0729192 secs] [Times: user=0.35 sys=0.00, real=0.07 secs] 
5216.950: [GC (Allocation Failure) [PSYoungGen: 405684K->183061K(465920K)] 1716492K->1547849K(1864192K), 0.0440426 secs] [Times: user=0.20 sys=0.00, real=0.05 secs] 
5216.994: [Full GC (Ergonomics) [PSYoungGen: 183061K->0K(465920K)] [ParOldGen: 1364787K->259502K(1398272K)] 1547849K->259502K(1864192K), [Metaspace: 59633K->59633K(1105920K)], 0.3288744 secs] [Times: user=1.51 sys=0.00, real=0.33 secs] 
5217.441: [GC (Allocation Failure) [PSYoungGen: 232960K->186167K(465920K)] 492462K->445670K(1864192K), 0.0865654 secs] [Times: user=0.45 sys=0.00, real=0.09 secs] 
5218.463: [GC (Allocation Failure) [PSYoungGen: 419127K->169907K(465920K)] 678630K->488554K(1864192K), 0.0567069 secs] [Times: user=0.28 sys=0.00, real=0.06 secs] 
5219.029: [GC (Allocation Failure) [PSYoungGen: 402867K->109037K(465920K)] 721514K->492691K(1864192K), 0.0815301 secs] [Times: user=0.44 sys=0.00, real=0.08 secs] 
5219.845: [GC (Allocation Failure) [PSYoungGen: 340394K->174773K(465920K)] 724049K->592712K(1864192K), 0.0514342 secs] [Times: user=0.23 sys=0.00, real=0.05 secs] 
5220.035: [GC (Allocation Failure) [PSYoungGen: 407733K->185334K(465920K)] 825672K->658489K(1864192K), 0.0428193 secs] [Times: user=0.20 sys=0.00, real=0.04 secs] 
5220.189: [GC (Allocation Failure) [PSYoungGen: 418294K->187733K(465920K)] 891449K->716857K(1864192K), 0.0452577 secs] [Times: user=0.21 sys=0.00, real=0.05 secs] 
5221.263: [GC (Allocation Failure) [PSYoungGen: 420629K->104508K(465920K)] 949753K->704424K(1864192K), 0.0445853 secs] [Times: user=0.23 sys=0.00, real=0.04 secs] 
5221.865: [GC (Allocation Failure) [PSYoungGen: 337468K->176117K(465920K)] 937384K->809302K(1864192K), 0.0539524 secs] [Times: user=0.25 sys=0.00, real=0.05 secs] 
5222.079: [GC (Allocation Failure) [PSYoungGen: 409077K->182453K(465920K)] 1042262K->870914K(1864192K), 0.0608510 secs] [Times: user=0.29 sys=0.00, real=0.06 secs] 
5222.266: [GC (Allocation Failure) [PSYoungGen: 408643K->177430K(465920K)] 1097104K->929714K(1864192K), 0.0500172 secs] [Times: user=0.24 sys=0.00, real=0.05 secs] 
5223.226: [GC (Allocation Failure) [PSYoungGen: 410390K->169363K(462848K)] 1162674K->978031K(1861120K), 0.0554990 secs] [Times: user=0.28 sys=0.00, real=0.05 secs] 
5224.309: [GC (Allocation Failure) [PSYoungGen: 402323K->106604K(464384K)] 1210991K->979945K(1862656K), 0.1065379 secs] [Times: user=0.58 sys=0.00, real=0.11 secs] 
5224.883: [GC (Allocation Failure) [PSYoungGen: 333280K->176373K(465920K)] 1206621K->1083803K(1864192K), 0.0476455 secs] [Times: user=0.21 sys=0.00, real=0.04 secs] 
5225.128: [GC (Allocation Failure) [PSYoungGen: 409333K->185590K(465920K)] 1316763K->1147875K(1864192K), 0.0629962 secs] [Times: user=0.30 sys=0.00, real=0.06 secs] 
5225.317: [GC (Allocation Failure) [PSYoungGen: 418550K->187445K(465920K)] 1380835K->1206051K(1864192K), 0.0473761 secs] [Times: user=0.22 sys=0.00, real=0.05 secs] 
5226.404: [GC (Allocation Failure) [PSYoungGen: 420405K->98635K(465920K)] 1439011K->1187873K(1864192K), 0.0457173 secs] [Times: user=0.24 sys=0.00, real=0.04 secs] 
5227.671: [GC (Allocation Failure) [PSYoungGen: 331595K->171124K(465920K)] 1420833K->1291663K(1864192K), 0.0857783 secs] [Times: user=0.42 sys=0.00, real=0.09 secs] 
5227.983: [GC (Allocation Failure) [PSYoungGen: 404084K->185718K(465920K)] 1524623K->1360100K(1864192K), 0.0490625 secs] [Times: user=0.23 sys=0.00, real=0.04 secs] 
5228.145: [GC (Allocation Failure) [PSYoungGen: 418678K->184407K(465920K)] 1593060K->1423213K(1864192K), 0.0504894 secs] [Times: user=0.24 sys=0.00, real=0.05 secs] 
5229.085: [GC (Allocation Failure) [PSYoungGen: 412512K->206547K(465920K)] 1651319K->1503969K(1864192K), 0.0566859 secs] [Times: user=0.28 sys=0.00, real=0.05 secs] 
5229.933: [GC (Allocation Failure) [PSYoungGen: 439507K->102124K(465920K)] 1736929K->1464346K(1864192K), 0.1034653 secs] [Times: user=0.57 sys=0.00, real=0.10 secs] 
5230.037: [Full GC (Ergonomics) [PSYoungGen: 102124K->0K(465920K)] [ParOldGen: 1362222K->118628K(1398272K)] 1464346K->118628K(1864192K), [Metaspace: 59633K->59633K(1105920K)], 0.1839698 secs] [Times: user=0.81 sys=0.00, real=0.18 secs] 
5231.190: [GC (Allocation Failure) [PSYoungGen: 232960K->180149K(465920K)] 351588K->298778K(1864192K), 0.0371493 secs] [Times: user=0.14 sys=0.00, real=0.04 secs] 
5231.450: [GC (GCLocker Initiated GC) [PSYoungGen: 413109K->182485K(465920K)] 531738K->357590K(1864192K), 0.0543447 secs] [Times: user=0.26 sys=0.00, real=0.06 secs] 
5231.625: [GC (Allocation Failure) [PSYoungGen: 415445K->187669K(465920K)] 590553K->418048K(1864192K), 0.0447700 secs] [Times: user=0.21 sys=0.00, real=0.04 secs] 
5232.728: [GC (Allocation Failure) [PSYoungGen: 420629K->100812K(465920K)] 651008K->402015K(1864192K), 0.0443540 secs] [Times: user=0.23 sys=0.00, real=0.04 secs] 
5235.241: [GC (Allocation Failure) [PSYoungGen: 333772K->161939K(465920K)] 634975K->495227K(1864192K), 0.1118973 secs] [Times: user=0.57 sys=0.00, real=0.12 secs] 
5235.562: [GC (Allocation Failure) [PSYoungGen: 394899K->185270K(465920K)] 728187K->569610K(1864192K), 0.0419807 secs] [Times: user=0.19 sys=0.00, real=0.05 secs] 
5235.772: [GC (Allocation Failure) [PSYoungGen: 418230K->186007K(465920K)] 802570K->634667K(1864192K), 0.0784760 secs] [Times: user=0.39 sys=0.00, real=0.08 secs] 
5236.363: [GC (Allocation Failure) [PSYoungGen: 418967K->220532K(465920K)] 867627K->728296K(1864192K), 0.0515478 secs] [Times: user=0.25 sys=0.00, real=0.06 secs] 
5237.306: [GC (Allocation Failure) [PSYoungGen: 453492K->99627K(465920K)] 961256K->675448K(1864192K), 0.0577046 secs] [Times: user=0.31 sys=0.00, real=0.06 secs] 
5238.116: [GC (Allocation Failure) [PSYoungGen: 332587K->180373K(465920K)] 908408K->787855K(1864192K), 0.0496545 secs] [Times: user=0.22 sys=0.00, real=0.05 secs] 
5238.300: [GC (Allocation Failure) [PSYoungGen: 413333K->185494K(465920K)] 1020815K->849331K(1864192K), 0.0436763 secs] [Times: user=0.20 sys=0.00, real=0.05 secs] 
5238.455: [GC (Allocation Failure) [PSYoungGen: 418454K->187957K(465920K)] 1082291K->908010K(1864192K), 0.0456850 secs] [Times: user=0.21 sys=0.00, real=0.04 secs] 
5239.528: [GC (Allocation Failure) [PSYoungGen: 420917K->101436K(465920K)] 1140970K->892537K(1864192K), 0.0448121 secs] [Times: user=0.23 sys=0.00, real=0.04 secs] 
5241.590: [GC (Allocation Failure) [PSYoungGen: 334396K->164179K(465920K)] 1125497K->987693K(1864192K), 0.0944490 secs] [Times: user=0.47 sys=0.00, real=0.10 secs] 
5241.892: [GC (Allocation Failure) [PSYoungGen: 397139K->185654K(465920K)] 1220653K->1060980K(1864192K), 0.0423923 secs] [Times: user=0.19 sys=0.00, real=0.05 secs] 
5242.052: [GC (Allocation Failure) [PSYoungGen: 418614K->185783K(465920K)] 1293940K->1125741K(1864192K), 0.0504999 secs] [Times: user=0.23 sys=0.00, real=0.05 secs] 
5243.032: [GC (Allocation Failure) [PSYoungGen: 418168K->213556K(465920K)] 1358126K->1212618K(1864192K), 0.0566712 secs] [Times: user=0.29 sys=0.00, real=0.06 secs] 
5244.322: [GC (Allocation Failure) [PSYoungGen: 446516K->95883K(465920K)] 1445578K->1161985K(1864192K), 0.1073416 secs] [Times: user=0.59 sys=0.01, real=0.11 secs] 
5245.106: [GC (Allocation Failure) [PSYoungGen: 328843K->180341K(465920K)] 1394945K->1276755K(1864192K), 0.0540178 secs] [Times: user=0.24 sys=0.00, real=0.05 secs] 
5245.304: [GC (Allocation Failure) [PSYoungGen: 413301K->185622K(465920K)] 1509715K->1338411K(1864192K), 0.0443719 secs] [Times: user=0.20 sys=0.00, real=0.04 secs] 
5245.484: [GC (Allocation Failure) [PSYoungGen: 418582K->187381K(465920K)] 1571371K->1396370K(1864192K), 0.0613108 secs] [Times: user=0.30 sys=0.00, real=0.06 secs] 
5246.555: [GC (Allocation Failure) [PSYoungGen: 420341K->104476K(465920K)] 1629330K->1384010K(1864192K), 0.0482342 secs] [Times: user=0.25 sys=0.00, real=0.05 secs] 
5248.685: [GC (Allocation Failure) [PSYoungGen: 337436K->165940K(465920K)] 1616970K->1478806K(1864192K), 0.1001755 secs] [Times: user=0.51 sys=0.00, real=0.10 secs] 
5248.785: [Full GC (Ergonomics) [PSYoungGen: 165940K->0K(465920K)] [ParOldGen: 1312866K->188627K(1398272K)] 1478806K->188627K(1864192K), [Metaspace: 59633K->59633K(1105920K)], 0.2598700 secs] [Times: user=1.28 sys=0.00, real=0.26 secs] 
5249.161: [GC (Allocation Failure) [PSYoungGen: 232960K->185494K(465920K)] 421587K->374121K(1864192K), 0.0340080 secs] [Times: user=0.14 sys=0.00, real=0.04 secs] 
5249.310: [GC (Allocation Failure) [PSYoungGen: 418454K->182678K(465920K)] 607081K->435778K(1864192K), 0.0433867 secs] [Times: user=0.20 sys=0.00, real=0.05 secs] 
5250.047: [GC (Allocation Failure) [PSYoungGen: 415638K->219860K(465920K)] 668738K->530951K(1864192K), 0.0542300 secs] [Times: user=0.27 sys=0.00, real=0.05 secs] 
5251.754: [GC (Allocation Failure) [PSYoungGen: 452820K->100027K(465920K)] 763911K->479031K(1864192K), 0.1118381 secs] [Times: user=0.61 sys=0.00, real=0.11 secs] 
5253.033: [GC (Allocation Failure) [PSYoungGen: 332987K->180149K(465920K)] 711991K->590766K(1864192K), 0.0535140 secs] [Times: user=0.22 sys=0.00, real=0.05 secs] 
5253.226: [GC (Allocation Failure) [PSYoungGen: 413109K->182517K(465920K)] 823726K->648934K(1864192K), 0.0426937 secs] [Times: user=0.19 sys=0.00, real=0.04 secs] 
5253.380: [GC (Allocation Failure) [PSYoungGen: 415477K->187861K(465920K)] 881894K->709933K(1864192K), 0.0449408 secs] [Times: user=0.21 sys=0.00, real=0.05 secs] 
5254.469: [GC (Allocation Failure) [PSYoungGen: 420821K->103628K(465920K)] 942893K->696573K(1864192K), 0.0452558 secs] [Times: user=0.23 sys=0.00, real=0.05 secs] 
5256.094: [GC (GCLocker Initiated GC) [PSYoungGen: 336588K->165171K(465920K)] 929533K->791209K(1864192K), 0.1090403 secs] [Times: user=0.56 sys=0.00, real=0.10 secs] 
5256.409: [GC (Allocation Failure) [PSYoungGen: 398131K->184374K(465920K)] 1024300K->862434K(1864192K), 0.0426574 secs] [Times: user=0.19 sys=0.00, real=0.04 secs] 
5256.568: [GC (Allocation Failure) [PSYoungGen: 417334K->186071K(465920K)] 1095394K->928307K(1864192K), 0.0506891 secs] [Times: user=0.23 sys=0.00, real=0.05 secs] 
5257.051: [GC (Allocation Failure) [PSYoungGen: 415264K->211348K(465920K)] 1157500K->1012472K(1864192K), 0.0538121 secs] [Times: user=0.26 sys=0.00, real=0.06 secs] 
5258.223: [GC (Allocation Failure) [PSYoungGen: 444308K->98523K(465920K)] 1245432K->966744K(1864192K), 0.0652747 secs] [Times: user=0.34 sys=0.01, real=0.07 secs] 
5258.880: [GC (Allocation Failure) [PSYoungGen: 331483K->180661K(465920K)] 1199704K->1079979K(1864192K), 0.0471184 secs] [Times: user=0.21 sys=0.00, real=0.05 secs] 
5259.053: [GC (Allocation Failure) [PSYoungGen: 413621K->185302K(465920K)] 1312939K->1141327K(1864192K), 0.0437648 secs] [Times: user=0.20 sys=0.00, real=0.04 secs] 
5259.246: [GC (Allocation Failure) [PSYoungGen: 418262K->187477K(465920K)] 1374287K->1199542K(1864192K), 0.0635844 secs] [Times: user=0.31 sys=0.00, real=0.06 secs] 
5260.409: [GC (Allocation Failure) [PSYoungGen: 420437K->100620K(465920K)] 1432502K->1183497K(1864192K), 0.0450485 secs] [Times: user=0.23 sys=0.00, real=0.05 secs] 
5262.021: [GC (Allocation Failure) [PSYoungGen: 333580K->164627K(465920K)] 1416457K->1279454K(1864192K), 0.1007428 secs] [Times: user=0.51 sys=0.00, real=0.10 secs] 
5262.333: [GC (Allocation Failure) [PSYoungGen: 397587K->185302K(465920K)] 1512414K->1352188K(1864192K), 0.0426235 secs] [Times: user=0.19 sys=0.00, real=0.04 secs] 
5262.513: [GC (Allocation Failure) [PSYoungGen: 418262K->186039K(465920K)] 1585148K->1417173K(1864192K), 0.0650915 secs] [Times: user=0.32 sys=0.00, real=0.07 secs] 
5263.477: [GC (Allocation Failure) [PSYoungGen: 418641K->214036K(465920K)] 1649776K->1504162K(1864192K), 0.0578206 secs] [Times: user=0.29 sys=0.00, real=0.06 secs] 
5264.860: [GC (Allocation Failure) [PSYoungGen: 446996K->96939K(465920K)] 1737122K->1454201K(1864192K), 0.1097629 secs] [Times: user=0.60 sys=0.00, real=0.11 secs] 
5264.969: [Full GC (Ergonomics) [PSYoungGen: 96939K->0K(465920K)] [ParOldGen: 1357262K->113075K(1398272K)] 1454201K->113075K(1864192K), [Metaspace: 59633K->59633K(1105920K)], 0.1805967 secs] [Times: user=0.79 sys=0.00, real=0.18 secs] 
5265.794: [GC (Allocation Failure) [PSYoungGen: 232960K->183926K(465920K)] 346035K->297002K(1864192K), 0.0354092 secs] [Times: user=0.13 sys=0.00, real=0.03 secs] 
5265.967: [GC (Allocation Failure) [PSYoungGen: 416886K->182709K(465920K)] 529962K->352881K(1864192K), 0.0419119 secs] [Times: user=0.18 sys=0.01, real=0.04 secs] 
5266.149: [GC (Allocation Failure) [PSYoungGen: 415669K->187445K(465920K)] 585841K->413105K(1864192K), 0.0628837 secs] [Times: user=0.31 sys=0.01, real=0.06 secs] 
5267.283: [GC (Allocation Failure) [PSYoungGen: 420405K->102284K(465920K)] 646065K->398616K(1864192K), 0.0442074 secs] [Times: user=0.23 sys=0.00, real=0.05 secs] 
5268.577: [GC (Allocation Failure) [PSYoungGen: 335244K->170868K(465920K)] 631576K->499957K(1864192K), 0.1013542 secs] [Times: user=0.50 sys=0.01, real=0.10 secs] 
5268.891: [GC (Allocation Failure) [PSYoungGen: 403828K->182357K(465920K)] 732917K->565002K(1864192K), 0.0453613 secs] [Times: user=0.21 sys=0.00, real=0.05 secs] 
5269.097: [GC (Allocation Failure) [PSYoungGen: 415317K->186103K(465920K)] 797962K->640548K(1864192K), 0.0771712 secs] [Times: user=0.39 sys=0.00, real=0.08 secs] 
5270.083: [GC (Allocation Failure) [PSYoungGen: 415101K->210387K(465920K)] 869546K->724040K(1864192K), 0.0565417 secs] [Times: user=0.28 sys=0.00, real=0.05 secs] 
5270.915: [GC (Allocation Failure) [PSYoungGen: 443347K->104364K(465920K)] 957000K->684425K(1864192K), 0.1060483 secs] [Times: user=0.57 sys=0.00, real=0.10 secs] 
5272.285: [GC (Allocation Failure) [PSYoungGen: 337324K->176853K(465920K)] 917385K->790299K(1864192K), 0.0542598 secs] [Times: user=0.25 sys=0.00, real=0.05 secs] 
5272.548: [GC (Allocation Failure) [PSYoungGen: 409813K->185270K(465920K)] 1023259K->853935K(1864192K), 0.0578826 secs] [Times: user=0.27 sys=0.00, real=0.06 secs] 
5272.719: [GC (Allocation Failure) [PSYoungGen: 418230K->184661K(465920K)] 1086895K->909462K(1864192K), 0.0450543 secs] [Times: user=0.21 sys=0.00, real=0.05 secs] 
5273.884: [GC (Allocation Failure) [PSYoungGen: 417621K->103084K(465920K)] 1142422K->897502K(1864192K), 0.0443286 secs] [Times: user=0.23 sys=0.00, real=0.04 secs] 
5275.500: [GC (Allocation Failure) [PSYoungGen: 336044K->168148K(465920K)] 1130462K->995434K(1864192K), 0.1044138 secs] [Times: user=0.51 sys=0.01, real=0.11 secs] 
5275.822: [GC (Allocation Failure) [PSYoungGen: 401108K->185110K(465920K)] 1228394K->1065148K(1864192K), 0.0433217 secs] [Times: user=0.20 sys=0.00, real=0.05 secs] 
5276.006: [GC (Allocation Failure) [PSYoungGen: 418070K->186071K(465920K)] 1298108K->1130406K(1864192K), 0.0716152 secs] [Times: user=0.35 sys=0.00, real=0.07 secs] 
5276.986: [GC (Allocation Failure) [PSYoungGen: 415027K->209651K(465920K)] 1359362K->1213034K(1864192K), 0.0566228 secs] [Times: user=0.28 sys=0.00, real=0.06 secs] 
5277.935: [GC (Allocation Failure) [PSYoungGen: 442611K->101420K(465920K)] 1445994K->1170770K(1864192K), 0.1030716 secs] [Times: user=0.56 sys=0.00, real=0.10 secs] 
5278.647: [GC (Allocation Failure) [PSYoungGen: 331279K->180502K(465920K)] 1400630K->1282917K(1864192K), 0.0498508 secs] [Times: user=0.22 sys=0.00, real=0.05 secs] 
5278.869: [GC (Allocation Failure) [PSYoungGen: 413462K->180021K(465920K)] 1515877K->1338605K(1864192K), 0.0531324 secs] [Times: user=0.26 sys=0.00, real=0.05 secs] 
5279.040: [GC (Allocation Failure) [PSYoungGen: 412981K->187669K(465920K)] 1571565K->1401237K(1864192K), 0.0458791 secs] [Times: user=0.21 sys=0.00, real=0.05 secs] 
5280.149: [GC (Allocation Failure) [PSYoungGen: 420629K->104844K(465920K)] 1634197K->1389180K(1864192K), 0.0463739 secs] [Times: user=0.23 sys=0.01, real=0.05 secs] 
5281.008: [GC (Allocation Failure) [PSYoungGen: 337804K->171252K(465920K)] 1622140K->1488945K(1864192K), 0.0694139 secs] [Times: user=0.34 sys=0.00, real=0.07 secs] 
5281.078: [Full GC (Ergonomics) [PSYoungGen: 171252K->0K(465920K)] [ParOldGen: 1317692K->194040K(1398272K)] 1488945K->194040K(1864192K), [Metaspace: 59633K->59633K(1105920K)], 0.2297523 secs] [Times: user=1.08 sys=0.00, real=0.23 secs] 
5281.426: [GC (Allocation Failure) [PSYoungGen: 232960K->182421K(465920K)] 427000K->376462K(1864192K), 0.0323868 secs] [Times: user=0.13 sys=0.00, real=0.03 secs] 
5281.576: [GC (Allocation Failure) [PSYoungGen: 415381K->186167K(465920K)] 609422K->443887K(1864192K), 0.0434340 secs] [Times: user=0.19 sys=0.00, real=0.04 secs] 
5282.555: [GC (Allocation Failure) [PSYoungGen: 419127K->171827K(465920K)] 676847K->488635K(1864192K), 0.0574103 secs] [Times: user=0.29 sys=0.00, real=0.05 secs] 
5283.336: [GC (Allocation Failure) [PSYoungGen: 404787K->109164K(465920K)] 721595K->491625K(1864192K), 0.0943887 secs] [Times: user=0.50 sys=0.00, real=0.09 secs] 
5283.936: [GC (Allocation Failure) [PSYoungGen: 335806K->176277K(465920K)] 718266K->592518K(1864192K), 0.0448549 secs] [Times: user=0.20 sys=0.00, real=0.04 secs] 
5284.099: [GC (Allocation Failure) [PSYoungGen: 409237K->194038K(465920K)] 825478K->665131K(1864192K), 0.0436555 secs] [Times: user=0.19 sys=0.00, real=0.04 secs] 
5284.275: [GC (Allocation Failure) [PSYoungGen: 426998K->187477K(465920K)] 898091K->714826K(1864192K), 0.0500103 secs] [Times: user=0.23 sys=0.00, real=0.05 secs] 
5285.356: [GC (Allocation Failure) [PSYoungGen: 420437K->98956K(465920K)] 947786K->696969K(1864192K), 0.0437133 secs] [Times: user=0.23 sys=0.00, real=0.04 secs] 
5286.801: [GC (Allocation Failure) [PSYoungGen: 331916K->169524K(465920K)] 929929K->799462K(1864192K), 0.0971861 secs] [Times: user=0.47 sys=0.00, real=0.10 secs] 
5287.093: [GC (Allocation Failure) [PSYoungGen: 402484K->182933K(465920K)] 1032422K->866076K(1864192K), 0.0427208 secs] [Times: user=0.19 sys=0.00, real=0.04 secs] 
5287.270: [GC (Allocation Failure) [PSYoungGen: 415893K->185687K(465920K)] 1099036K->932853K(1864192K), 0.0546968 secs] [Times: user=0.26 sys=0.00, real=0.06 secs] 
5288.184: [GC (Allocation Failure) [PSYoungGen: 413799K->209139K(465920K)] 1160966K->1015161K(1864192K), 0.0561095 secs] [Times: user=0.28 sys=0.00, real=0.05 secs] 
5289.461: [GC (Allocation Failure) [PSYoungGen: 442099K->100620K(465920K)] 1248121K->972354K(1864192K), 0.1083867 secs] [Times: user=0.59 sys=0.00, real=0.11 secs] 
5290.075: [GC (Allocation Failure) [PSYoungGen: 333580K->180918K(465920K)] 1205314K->1084805K(1864192K), 0.0481657 secs] [Times: user=0.21 sys=0.00, real=0.05 secs] 
5290.251: [GC (Allocation Failure) [PSYoungGen: 413878K->185430K(465920K)] 1317765K->1145661K(1864192K), 0.0446257 secs] [Times: user=0.21 sys=0.00, real=0.05 secs] 
5290.408: [GC (Allocation Failure) [PSYoungGen: 418390K->187829K(465920K)] 1378621K->1204116K(1864192K), 0.0469238 secs] [Times: user=0.21 sys=0.00, real=0.05 secs] 
5291.588: [GC (Allocation Failure) [PSYoungGen: 420789K->98908K(465920K)] 1437076K->1185923K(1864192K), 0.0449282 secs] [Times: user=0.24 sys=0.00, real=0.04 secs] 
5292.926: [GC (Allocation Failure) [PSYoungGen: 331868K->171380K(465920K)] 1418883K->1289976K(1864192K), 0.0932384 secs] [Times: user=0.44 sys=0.00, real=0.09 secs] 
5293.193: [GC (Allocation Failure) [PSYoungGen: 404340K->183509K(465920K)] 1522936K->1355714K(1864192K), 0.0439349 secs] [Times: user=0.20 sys=0.00, real=0.05 secs] 
5293.351: [GC (Allocation Failure) [PSYoungGen: 416469K->184311K(465920K)] 1588674K->1420547K(1864192K), 0.0512154 secs] [Times: user=0.24 sys=0.00, real=0.05 secs] 
5294.296: [GC (Allocation Failure) [PSYoungGen: 413217K->209587K(465920K)] 1649453K->1504183K(1864192K), 0.0578045 secs] [Times: user=0.29 sys=0.00, real=0.06 secs] 
5295.154: [GC (Allocation Failure) [PSYoungGen: 442547K->101980K(465920K)] 1737143K->1462512K(1864192K), 0.0638484 secs] [Times: user=0.34 sys=0.00, real=0.06 secs] 
5295.218: [Full GC (Ergonomics) [PSYoungGen: 101980K->0K(465920K)] [ParOldGen: 1360532K->118650K(1398272K)] 1462512K->118650K(1864192K), [Metaspace: 59633K->59633K(1105920K)], 0.1278482 secs] [Times: user=0.57 sys=0.00, real=0.13 secs] 
5296.299: [GC (GCLocker Initiated GC) [PSYoungGen: 232960K->177077K(465920K)] 351611K->295729K(1864192K), 0.0372238 secs] [Times: user=0.14 sys=0.00, real=0.04 secs] 
5296.490: [GC (Allocation Failure) [PSYoungGen: 410037K->183797K(465920K)] 528855K->357823K(1864192K), 0.0410563 secs] [Times: user=0.18 sys=0.00, real=0.04 secs] 
5296.643: [GC (Allocation Failure) [PSYoungGen: 416757K->187477K(465920K)] 590783K->417295K(1864192K), 0.0447582 secs] [Times: user=0.20 sys=0.00, real=0.04 secs] 
5297.740: [GC (Allocation Failure) [PSYoungGen: 420437K->103484K(465920K)] 650255K->403886K(1864192K), 0.0442249 secs] [Times: user=0.23 sys=0.00, real=0.05 secs] 
5298.591: [GC (Allocation Failure) [PSYoungGen: 336444K->170132K(465920K)] 636846K->504278K(1864192K), 0.0616450 secs] [Times: user=0.29 sys=0.00, real=0.07 secs] 
5298.791: [GC (Allocation Failure) [PSYoungGen: 403092K->185462K(465920K)] 737238K->572852K(1864192K), 0.0424142 secs] [Times: user=0.19 sys=0.00, real=0.05 secs] 
5298.945: [GC (Allocation Failure) [PSYoungGen: 418422K->179542K(465920K)] 805812K->631484K(1864192K), 0.0492177 secs] [Times: user=0.22 sys=0.01, real=0.05 secs] 
5299.846: [GC (Allocation Failure) [PSYoungGen: 410562K->214228K(465920K)] 862504K->722914K(1864192K), 0.0554713 secs] [Times: user=0.28 sys=0.00, real=0.05 secs] 
5300.826: [GC (Allocation Failure) [PSYoungGen: 447188K->101740K(465920K)] 955874K->677786K(1864192K), 0.1061398 secs] [Times: user=0.57 sys=0.00, real=0.10 secs] 
5301.703: [GC (Allocation Failure) [PSYoungGen: 334700K->179189K(465920K)] 910746K->787577K(1864192K), 0.0548721 secs] [Times: user=0.25 sys=0.00, real=0.06 secs] 
5301.901: [GC (Allocation Failure) [PSYoungGen: 412149K->182741K(465920K)] 1020537K->846789K(1864192K), 0.0428786 secs] [Times: user=0.20 sys=0.00, real=0.05 secs] 
5302.074: [GC (Allocation Failure) [PSYoungGen: 415701K->187509K(465920K)] 1079749K->907172K(1864192K), 0.0585058 secs] [Times: user=0.28 sys=0.00, real=0.06 secs] 
5303.171: [GC (Allocation Failure) [PSYoungGen: 420469K->103196K(465920K)] 1140132K->893427K(1864192K), 0.0479271 secs] [Times: user=0.25 sys=0.00, real=0.05 secs] 
5304.567: [GC (Allocation Failure) [PSYoungGen: 336156K->167860K(465920K)] 1126387K->991016K(1864192K), 0.0956991 secs] [Times: user=0.48 sys=0.01, real=0.09 secs] 
5304.874: [GC (Allocation Failure) [PSYoungGen: 400820K->185238K(465920K)] 1223976K->1061262K(1864192K), 0.0451168 secs] [Times: user=0.20 sys=0.00, real=0.04 secs] 
5305.034: [GC (Allocation Failure) [PSYoungGen: 418198K->186135K(465920K)] 1294222K->1126423K(1864192K), 0.0500990 secs] [Times: user=0.24 sys=0.00, real=0.05 secs] 
5306.076: [GC (Allocation Failure) [PSYoungGen: 419095K->171923K(465920K)] 1359383K->1171155K(1864192K), 0.0565212 secs] [Times: user=0.28 sys=0.00, real=0.05 secs] 
5306.555: [GC (Allocation Failure) [PSYoungGen: 404883K->111069K(465920K)] 1404115K->1175893K(1864192K), 0.0663692 secs] [Times: user=0.34 sys=0.01, real=0.06 secs] 
5307.315: [GC (Allocation Failure) [PSYoungGen: 337055K->172436K(465920K)] 1401879K->1272410K(1864192K), 0.0534611 secs] [Times: user=0.24 sys=0.00, real=0.05 secs] 
5307.506: [GC (Allocation Failure) [PSYoungGen: 405396K->179605K(465920K)] 1505370K->1333258K(1864192K), 0.0433514 secs] [Times: user=0.19 sys=0.00, real=0.04 secs] 
5307.661: [GC (Allocation Failure) [PSYoungGen: 412565K->187669K(465920K)] 1566218K->1396106K(1864192K), 0.0462325 secs] [Times: user=0.21 sys=0.00, real=0.05 secs] 
5308.765: [GC (Allocation Failure) [PSYoungGen: 420629K->105084K(465920K)] 1629066K->1384218K(1864192K), 0.0466473 secs] [Times: user=0.24 sys=0.00, real=0.04 secs] 
5309.582: [GC (Allocation Failure) [PSYoungGen: 337973K->171988K(465920K)] 1617107K->1484846K(1864192K), 0.0611401 secs] [Times: user=0.29 sys=0.00, real=0.07 secs] 
5309.843: [GC (GCLocker Initiated GC) [PSYoungGen: 404948K->184214K(465920K)] 1717807K->1551056K(1864192K), 0.0589097 secs] [Times: user=0.28 sys=0.00, real=0.05 secs] 
5309.902: [Full GC (Ergonomics) [PSYoungGen: 184214K->0K(465920K)] [ParOldGen: 1366842K->260630K(1398272K)] 1551056K->260630K(1864192K), [Metaspace: 59633K->59633K(1105920K)], 0.3262255 secs] [Times: user=1.50 sys=0.00, real=0.33 secs] 
5310.346: [GC (Allocation Failure) [PSYoungGen: 232960K->185879K(465920K)] 509978K->462898K(1864192K), 0.0822347 secs] [Times: user=0.42 sys=0.00, real=0.08 secs] 
5311.421: [GC (Allocation Failure) [PSYoungGen: 418839K->153299K(465920K)] 695858K->489357K(1864192K), 0.1228523 secs] [Times: user=0.68 sys=0.00, real=0.13 secs] 
5312.824: [GC (Allocation Failure) [PSYoungGen: 386259K->114749K(465920K)] 722317K->499392K(1864192K), 0.1659794 secs] [Times: user=0.93 sys=0.00, real=0.16 secs] 
5313.955: [GC (Allocation Failure) [PSYoungGen: 347709K->176789K(465920K)] 732352K->597808K(1864192K), 0.0532596 secs] [Times: user=0.24 sys=0.00, real=0.05 secs] 
5314.145: [GC (Allocation Failure) [PSYoungGen: 409749K->185559K(465920K)] 830768K->668578K(1864192K), 0.0491789 secs] [Times: user=0.22 sys=0.00, real=0.05 secs] 
5314.305: [GC (Allocation Failure) [PSYoungGen: 418519K->187573K(465920K)] 901538K->729353K(1864192K), 0.0595041 secs] [Times: user=0.29 sys=0.00, real=0.06 secs] 
5315.436: [GC (Allocation Failure) [PSYoungGen: 420533K->98203K(465920K)] 962313K->710647K(1864192K), 0.0502820 secs] [Times: user=0.26 sys=0.00, real=0.05 secs] 
5316.555: [GC (Allocation Failure) [PSYoungGen: 331163K->171828K(465920K)] 943607K->815653K(1864192K), 0.0758928 secs] [Times: user=0.36 sys=0.00, real=0.07 secs] 
5316.821: [GC (Allocation Failure) [PSYoungGen: 404788K->185718K(465920K)] 1048613K->883258K(1864192K), 0.0453528 secs] [Times: user=0.21 sys=0.00, real=0.05 secs] 
5316.970: [GC (Allocation Failure) [PSYoungGen: 404690K->171893K(465920K)] 1102231K->933938K(1864192K), 0.0503407 secs] [Times: user=0.24 sys=0.00, real=0.05 secs] 
5317.866: [GC (Allocation Failure) [PSYoungGen: 399668K->189651K(465920K)] 1161713K->1006271K(1864192K), 0.0557243 secs] [Times: user=0.28 sys=0.00, real=0.05 secs] 
5318.727: [GC (Allocation Failure) [PSYoungGen: 422611K->102156K(465920K)] 1239231K->983352K(1864192K), 0.1192155 secs] [Times: user=0.65 sys=0.01, real=0.12 secs] 
5319.708: [GC (Allocation Failure) [PSYoungGen: 335116K->180373K(465920K)] 1216312K->1093879K(1864192K), 0.0501039 secs] [Times: user=0.22 sys=0.00, real=0.05 secs] 
5319.940: [GC (Allocation Failure) [PSYoungGen: 413333K->182933K(465920K)] 1326839K->1152655K(1864192K), 0.0631870 secs] [Times: user=0.30 sys=0.00, real=0.06 secs] 
5320.124: [GC (Allocation Failure) [PSYoungGen: 415893K->187509K(465920K)] 1385615K->1212799K(1864192K), 0.0486603 secs] [Times: user=0.23 sys=0.00, real=0.04 secs] 
5321.231: [GC (Allocation Failure) [PSYoungGen: 420469K->100860K(465920K)] 1445759K->1196717K(1864192K), 0.0472778 secs] [Times: user=0.25 sys=0.00, real=0.05 secs] 
5322.731: [GC (GCLocker Initiated GC) [PSYoungGen: 333820K->164851K(465920K)] 1429678K->1292874K(1864192K), 0.1094634 secs] [Times: user=0.54 sys=0.00, real=0.11 secs] 
5323.036: [GC (Allocation Failure) [PSYoungGen: 397811K->192277K(465920K)] 1525873K->1372111K(1864192K), 0.0427846 secs] [Times: user=0.19 sys=0.00, real=0.04 secs] 
5323.239: [GC (Allocation Failure) [PSYoungGen: 425237K->185847K(465920K)] 1605071K->1429808K(1864192K), 0.0702958 secs] [Times: user=0.35 sys=0.00, real=0.07 secs] 
5323.789: [GC (Allocation Failure) [PSYoungGen: 418807K->218772K(465920K)] 1662768K->1521757K(1864192K), 0.0562580 secs] [Times: user=0.28 sys=0.00, real=0.06 secs] 
5325.309: [GC (Allocation Failure) [PSYoungGen: 451688K->96843K(465920K)] 1754674K->1467237K(1864192K), 0.1052461 secs] [Times: user=0.57 sys=0.00, real=0.11 secs] 
5325.414: [Full GC (Ergonomics) [PSYoungGen: 96843K->0K(465920K)] [ParOldGen: 1370393K->112883K(1398272K)] 1467237K->112883K(1864192K), [Metaspace: 59633K->59633K(1105920K)], 0.1762275 secs] [Times: user=0.78 sys=0.00, real=0.17 secs] 
5326.278: [GC (Allocation Failure) [PSYoungGen: 232960K->183638K(465920K)] 345843K->296522K(1864192K), 0.0350064 secs] [Times: user=0.12 sys=0.00, real=0.03 secs] 
5326.496: [GC (Allocation Failure) [PSYoungGen: 416598K->185814K(465920K)] 529482K->355846K(1864192K), 0.0594653 secs] [Times: user=0.28 sys=0.01, real=0.06 secs] 
5326.712: [GC (Allocation Failure) [PSYoungGen: 418774K->184532K(465920K)] 588806K->410860K(1864192K), 0.0594079 secs] [Times: user=0.28 sys=0.00, real=0.06 secs] 
5327.782: [GC (Allocation Failure) [PSYoungGen: 417492K->102828K(465920K)] 643820K->398836K(1864192K), 0.0437663 secs] [Times: user=0.22 sys=0.00, real=0.05 secs] 
5329.288: [GC (Allocation Failure) [PSYoungGen: 335788K->167636K(465920K)] 631796K->496657K(1864192K), 0.1096314 secs] [Times: user=0.55 sys=0.00, real=0.11 secs] 
5329.595: [GC (Allocation Failure) [PSYoungGen: 400596K->185110K(465920K)] 729617K->567039K(1864192K), 0.0417853 secs] [Times: user=0.18 sys=0.00, real=0.04 secs] 
5329.752: [GC (Allocation Failure) [PSYoungGen: 418070K->185943K(465920K)] 799999K->640240K(1864192K), 0.0494567 secs] [Times: user=0.23 sys=0.00, real=0.05 secs] 
5330.513: [GC (Allocation Failure) [PSYoungGen: 418903K->213971K(465920K)] 873200K->727404K(1864192K), 0.0535313 secs] [Times: user=0.26 sys=0.01, real=0.06 secs] 
5331.463: [GC (Allocation Failure) [PSYoungGen: 446931K->104956K(465920K)] 960364K->684181K(1864192K), 0.0923225 secs] [Times: user=0.50 sys=0.01, real=0.09 secs] 
5331.956: [GC (Allocation Failure) [PSYoungGen: 337100K->177813K(465920K)] 916325K->790227K(1864192K), 0.0477810 secs] [Times: user=0.21 sys=0.01, real=0.05 secs] 
5332.132: [GC (Allocation Failure) [PSYoungGen: 410773K->185398K(465920K)] 1023187K->853252K(1864192K), 0.0436943 secs] [Times: user=0.19 sys=0.00, real=0.05 secs] 
5332.286: [GC (Allocation Failure) [PSYoungGen: 418358K->187765K(465920K)] 1086212K->911891K(1864192K), 0.0461983 secs] [Times: user=0.22 sys=0.00, real=0.04 secs] 
5333.373: [GC (Allocation Failure) [PSYoungGen: 420725K->98123K(465920K)] 1144851K->892985K(1864192K), 0.0448632 secs] [Times: user=0.23 sys=0.00, real=0.05 secs] 
5334.308: [GC (Allocation Failure) [PSYoungGen: 331083K->171988K(465920K)] 1125945K->998127K(1864192K), 0.0563465 secs] [Times: user=0.27 sys=0.00, real=0.06 secs] 
5334.500: [GC (Allocation Failure) [PSYoungGen: 404948K->185366K(465920K)] 1231087K->1065541K(1864192K), 0.0431298 secs] [Times: user=0.20 sys=0.01, real=0.05 secs] 
5334.659: [GC (Allocation Failure) [PSYoungGen: 418326K->185143K(465920K)] 1298501K->1129686K(1864192K), 0.0501585 secs] [Times: user=0.23 sys=0.00, real=0.05 secs] 
5335.617: [GC (Allocation Failure) [PSYoungGen: 413505K->206003K(465920K)] 1358048K->1209266K(1864192K), 0.0553880 secs] [Times: user=0.27 sys=0.00, real=0.05 secs] 
5336.652: [GC (Allocation Failure) [PSYoungGen: 438963K->102188K(465920K)] 1442226K->1170131K(1864192K), 0.1204967 secs] [Times: user=0.66 sys=0.01, real=0.12 secs] 
5337.719: [GC (Allocation Failure) [PSYoungGen: 335148K->180117K(465920K)] 1403091K->1280241K(1864192K), 0.0574627 secs] [Times: user=0.26 sys=0.00, real=0.06 secs] 
5337.923: [GC (Allocation Failure) [PSYoungGen: 413077K->185398K(465920K)] 1513201K->1341974K(1864192K), 0.0456577 secs] [Times: user=0.21 sys=0.00, real=0.04 secs] 
5338.142: [GC (Allocation Failure) [PSYoungGen: 418358K->187605K(465920K)] 1574934K->1400325K(1864192K), 0.0689017 secs] [Times: user=0.34 sys=0.00, real=0.07 secs] 
5339.358: [GC (Allocation Failure) [PSYoungGen: 420565K->101692K(465920K)] 1633285K->1385316K(1864192K), 0.0462203 secs] [Times: user=0.23 sys=0.00, real=0.05 secs] 
5340.408: [GC (Allocation Failure) [PSYoungGen: 334652K->169172K(465920K)] 1618276K->1485281K(1864192K), 0.1085489 secs] [Times: user=0.55 sys=0.00, real=0.11 secs] 
5340.517: [Full GC (Ergonomics) [PSYoungGen: 169172K->0K(465920K)] [ParOldGen: 1316108K->193087K(1398272K)] 1485281K->193087K(1864192K), [Metaspace: 59633K->59633K(1105920K)], 0.2542871 secs] [Times: user=1.24 sys=0.00, real=0.25 secs] 
5340.884: [GC (Allocation Failure) [PSYoungGen: 232960K->185430K(465920K)] 426047K->378517K(1864192K), 0.0332212 secs] [Times: user=0.13 sys=0.00, real=0.03 secs] 
5341.035: [GC (Allocation Failure) [PSYoungGen: 418390K->185463K(465920K)] 611477K->443086K(1864192K), 0.0438639 secs] [Times: user=0.20 sys=0.00, real=0.04 secs] 
5342.042: [GC (Allocation Failure) [PSYoungGen: 418423K->168627K(465920K)] 676046K->485034K(1864192K), 0.0542835 secs] [Times: user=0.27 sys=0.00, real=0.06 secs] 
5342.727: [GC (Allocation Failure) [PSYoungGen: 401587K->109389K(465920K)] 717994K->490532K(1864192K), 0.0557368 secs] [Times: user=0.29 sys=0.00, real=0.05 secs] 
5343.399: [GC (Allocation Failure) [PSYoungGen: 338568K->173877K(465920K)] 719711K->589993K(1864192K), 0.0416370 secs] [Times: user=0.18 sys=0.01, real=0.04 secs] 
5343.555: [GC (Allocation Failure) [PSYoungGen: 406837K->185558K(465920K)] 822953K->656338K(1864192K), 0.0432246 secs] [Times: user=0.19 sys=0.00, real=0.04 secs] 
5343.710: [GC (Allocation Failure) [PSYoungGen: 418518K->187669K(465920K)] 889298K->714601K(1864192K), 0.0458718 secs] [Times: user=0.21 sys=0.00, real=0.05 secs] 
5344.787: [GC (Allocation Failure) [PSYoungGen: 420629K->101292K(465920K)] 947561K->699056K(1864192K), 0.0446410 secs] [Times: user=0.24 sys=0.00, real=0.04 secs] 
5345.345: [GC (Allocation Failure) [PSYoungGen: 334252K->176085K(465920K)] 932016K->806918K(1864192K), 0.0493289 secs] [Times: user=0.23 sys=0.00, real=0.05 secs] 
5345.510: [GC (Allocation Failure) [PSYoungGen: 409045K->182645K(465920K)] 1039878K->868698K(1864192K), 0.0433594 secs] [Times: user=0.19 sys=0.00, real=0.05 secs] 
5345.666: [GC (Allocation Failure) [PSYoungGen: 411939K->180246K(465920K)] 1097992K->930131K(1864192K), 0.0491451 secs] [Times: user=0.23 sys=0.00, real=0.05 secs] 
5346.567: [GC (Allocation Failure) [PSYoungGen: 408618K->206675K(465920K)] 1158503K->1013760K(1864192K), 0.0540430 secs] [Times: user=0.26 sys=0.00, real=0.05 secs] 
5347.304: [GC (Allocation Failure) [PSYoungGen: 439635K->104044K(465920K)] 1246720K->976129K(1864192K), 0.0725527 secs] [Times: user=0.38 sys=0.00, real=0.07 secs] 
5347.879: [GC (Allocation Failure) [PSYoungGen: 331739K->178293K(465920K)] 1203824K->1083654K(1864192K), 0.0475965 secs] [Times: user=0.21 sys=0.00, real=0.05 secs] 
5348.051: [GC (Allocation Failure) [PSYoungGen: 411253K->185334K(465920K)] 1316614K->1146354K(1864192K), 0.0444930 secs] [Times: user=0.21 sys=0.00, real=0.05 secs] 
5348.229: [GC (Allocation Failure) [PSYoungGen: 418294K->187445K(465920K)] 1379314K->1204690K(1864192K), 0.0511187 secs] [Times: user=0.25 sys=0.00, real=0.05 secs] 
5349.280: [GC (GCLocker Initiated GC) [PSYoungGen: 420405K->95819K(465920K)] 1437652K->1183803K(1864192K), 0.0444866 secs] [Times: user=0.22 sys=0.00, real=0.05 secs] 
5350.485: [GC (Allocation Failure) [PSYoungGen: 328779K->172980K(465920K)] 1416765K->1291483K(1864192K), 0.0780293 secs] [Times: user=0.38 sys=0.00, real=0.08 secs] 
5350.744: [GC (Allocation Failure) [PSYoungGen: 405940K->185558K(465920K)] 1524443K->1358313K(1864192K), 0.0447643 secs] [Times: user=0.20 sys=0.00, real=0.04 secs] 
5350.902: [GC (Allocation Failure) [PSYoungGen: 418518K->186103K(465920K)] 1591273K->1423242K(1864192K), 0.0517195 secs] [Times: user=0.24 sys=0.00, real=0.06 secs] 
5351.821: [GC (Allocation Failure) [PSYoungGen: 418546K->206579K(465920K)] 1655685K->1502918K(1864192K), 0.0578972 secs] [Times: user=0.29 sys=0.00, real=0.06 secs] 
5352.844: [GC (Allocation Failure) [PSYoungGen: 439539K->104876K(465920K)] 1735878K->1466011K(1864192K), 0.1167999 secs] [Times: user=0.64 sys=0.01, real=0.11 secs] 
5352.961: [Full GC (Ergonomics) [PSYoungGen: 104876K->0K(465920K)] [ParOldGen: 1361135K->121090K(1398272K)] 1466011K->121090K(1864192K), [Metaspace: 59633K->59633K(1105920K)], 0.1861662 secs] [Times: user=0.81 sys=0.00, real=0.19 secs] 
5353.640: [GC (Allocation Failure) [PSYoungGen: 227465K->177653K(465920K)] 348556K->298744K(1864192K), 0.0262769 secs] [Times: user=0.09 sys=0.00, real=0.03 secs] 
5353.778: [GC (Allocation Failure) [PSYoungGen: 410613K->182421K(465920K)] 531704K->358996K(1864192K), 0.0413474 secs] [Times: user=0.18 sys=0.01, real=0.04 secs] 
5353.976: [GC (Allocation Failure) [PSYoungGen: 415381K->187605K(465920K)] 591956K->419588K(1864192K), 0.0642704 secs] [Times: user=0.31 sys=0.00, real=0.06 secs] 
5355.090: [GC (Allocation Failure) [PSYoungGen: 420565K->102060K(465920K)] 652548K->404571K(1864192K), 0.0435429 secs] [Times: user=0.22 sys=0.00, real=0.05 secs] 
5356.769: [GC (Allocation Failure) [PSYoungGen: 335020K->167156K(465920K)] 637531K->502151K(1864192K), 0.0802650 secs] [Times: user=0.40 sys=0.00, real=0.08 secs] 
5357.055: [GC (Allocation Failure) [PSYoungGen: 400116K->185686K(465920K)] 735111K->573009K(1864192K), 0.0449516 secs] [Times: user=0.21 sys=0.00, real=0.04 secs] 
5357.213: [GC (Allocation Failure) [PSYoungGen: 418646K->183222K(465920K)] 805969K->635018K(1864192K), 0.0493341 secs] [Times: user=0.23 sys=0.00, real=0.04 secs] 
5358.080: [GC (Allocation Failure) [PSYoungGen: 416182K->215539K(465920K)] 867978K->725295K(1864192K), 0.0551801 secs] [Times: user=0.28 sys=0.00, real=0.06 secs] 
5358.995: [GC (Allocation Failure) [PSYoungGen: 448499K->102844K(465920K)] 958255K->679064K(1864192K), 0.0988380 secs] [Times: user=0.53 sys=0.00, real=0.10 secs] 
5359.541: [GC (Allocation Failure) [PSYoungGen: 332830K->179861K(465920K)] 909049K->788786K(1864192K), 0.0449354 secs] [Times: user=0.19 sys=0.00, real=0.05 secs] 
5359.745: [GC (Allocation Failure) [PSYoungGen: 412821K->182453K(465920K)] 1021746K->847258K(1864192K), 0.0648084 secs] [Times: user=0.32 sys=0.00, real=0.06 secs] 
5359.938: [GC (Allocation Failure) [PSYoungGen: 415413K->187509K(465920K)] 1080218K->907698K(1864192K), 0.0452804 secs] [Times: user=0.21 sys=0.00, real=0.05 secs] 
5361.087: [GC (Allocation Failure) [PSYoungGen: 420469K->100220K(465920K)] 1140658K->891048K(1864192K), 0.0443520 secs] [Times: user=0.23 sys=0.01, real=0.04 secs] 
5362.329: [GC (Allocation Failure) [PSYoungGen: 333180K->169940K(465920K)] 1124008K->992766K(1864192K), 0.0810880 secs] [Times: user=0.39 sys=0.00, real=0.08 secs] 
5362.591: [GC (Allocation Failure) [PSYoungGen: 402900K->185174K(465920K)] 1225726K->1061243K(1864192K), 0.0436852 secs] [Times: user=0.19 sys=0.00, real=0.05 secs] 
5362.749: [GC (Allocation Failure) [PSYoungGen: 418134K->183222K(465920K)] 1294203K->1123516K(1864192K), 0.0506532 secs] [Times: user=0.24 sys=0.00, real=0.05 secs] 
5363.686: [GC (Allocation Failure) [PSYoungGen: 413482K->211411K(465920K)] 1353776K->1209825K(1864192K), 0.0590991 secs] [Times: user=0.30 sys=0.00, real=0.06 secs] 
5364.258: [GC (Allocation Failure) [PSYoungGen: 444371K->106252K(465920K)] 1442785K->1171194K(1864192K), 0.0537854 secs] [Times: user=0.28 sys=0.00, real=0.05 secs] 
5364.764: [GC (Allocation Failure) [PSYoungGen: 331461K->176533K(465920K)] 1396403K->1275400K(1864192K), 0.0584976 secs] [Times: user=0.27 sys=0.00, real=0.05 secs] 
5365.027: [GC (Allocation Failure) [PSYoungGen: 409493K->185462K(465920K)] 1508360K->1339412K(1864192K), 0.0591049 secs] [Times: user=0.28 sys=0.00, real=0.06 secs] 
5365.208: [GC (Allocation Failure) [PSYoungGen: 418422K->184116K(465920K)] 1572372K->1394275K(1864192K), 0.0458213 secs] [Times: user=0.21 sys=0.00, real=0.05 secs] 
5366.325: [GC (Allocation Failure) [PSYoungGen: 417076K->100188K(465920K)] 1627235K->1379850K(1864192K), 0.0450668 secs] [Times: user=0.23 sys=0.00, real=0.04 secs] 
5367.521: [GC (Allocation Failure) [PSYoungGen: 333148K->173140K(465920K)] 1612810K->1484696K(1864192K), 0.0933598 secs] [Times: user=0.46 sys=0.00, real=0.10 secs] 
5367.789: [GC (Allocation Failure) [PSYoungGen: 406100K->182421K(465920K)] 1717656K->1548389K(1864192K), 0.0440824 secs] [Times: user=0.19 sys=0.00, real=0.04 secs] 
5367.833: [Full GC (Ergonomics) [PSYoungGen: 182421K->0K(465920K)] [ParOldGen: 1365967K->258527K(1398272K)] 1548389K->258527K(1864192K), [Metaspace: 59633K->59633K(1105920K)], 0.3255259 secs] [Times: user=1.50 sys=0.01, real=0.33 secs] 
5368.274: [GC (GCLocker Initiated GC) [PSYoungGen: 232960K->183831K(465920K)] 491488K->442359K(1864192K), 0.0814076 secs] [Times: user=0.42 sys=0.00, real=0.08 secs] 
5369.176: [GC (Allocation Failure) [PSYoungGen: 416791K->214995K(465920K)] 675322K->531902K(1864192K), 0.0565858 secs] [Times: user=0.28 sys=0.01, real=0.05 secs] 
5369.961: [GC (Allocation Failure) [PSYoungGen: 447955K->99323K(465920K)] 764862K->482474K(1864192K), 0.0869258 secs] [Times: user=0.46 sys=0.00, real=0.09 secs] 
5371.117: [GC (Allocation Failure) [PSYoungGen: 332256K->180277K(465920K)] 715408K->594789K(1864192K), 0.0547881 secs] [Times: user=0.25 sys=0.00, real=0.05 secs] 
5371.319: [GC (Allocation Failure) [PSYoungGen: 413237K->185622K(465920K)] 827749K->656626K(1864192K), 0.0436051 secs] [Times: user=0.20 sys=0.00, real=0.05 secs] 
5371.474: [GC (Allocation Failure) [PSYoungGen: 418582K->187541K(465920K)] 889586K->714785K(1864192K), 0.0453258 secs] [Times: user=0.20 sys=0.00, real=0.04 secs] 
5372.638: [GC (Allocation Failure) [PSYoungGen: 420501K->99548K(465920K)] 947745K->697416K(1864192K), 0.0442733 secs] [Times: user=0.23 sys=0.00, real=0.04 secs] 
5373.505: [GC (Allocation Failure) [PSYoungGen: 332508K->169908K(465920K)] 930376K->800073K(1864192K), 0.0702476 secs] [Times: user=0.33 sys=0.00, real=0.07 secs] 
5373.794: [GC (Allocation Failure) [PSYoungGen: 402868K->185526K(465920K)] 1033033K->868667K(1864192K), 0.0568909 secs] [Times: user=0.26 sys=0.00, real=0.05 secs] 
5373.971: [GC (Allocation Failure) [PSYoungGen: 418486K->186295K(465920K)] 1101627K->933996K(1864192K), 0.0502644 secs] [Times: user=0.24 sys=0.00, real=0.05 secs] 
5374.887: [GC (Allocation Failure) [PSYoungGen: 417156K->208499K(465920K)] 1164857K->1015224K(1864192K), 0.0542412 secs] [Times: user=0.27 sys=0.01, real=0.05 secs] 
5375.548: [GC (Allocation Failure) [PSYoungGen: 441459K->102476K(465920K)] 1248184K->974777K(1864192K), 0.0836373 secs] [Times: user=0.44 sys=0.00, real=0.08 secs] 
5376.200: [GC (Allocation Failure) [PSYoungGen: 334641K->181142K(465920K)] 1206942K->1085903K(1864192K), 0.0595754 secs] [Times: user=0.27 sys=0.00, real=0.06 secs] 
5376.411: [GC (Allocation Failure) [PSYoungGen: 414102K->185750K(465920K)] 1318863K->1147019K(1864192K), 0.0441846 secs] [Times: user=0.20 sys=0.00, real=0.05 secs] 
5376.563: [GC (Allocation Failure) [PSYoungGen: 418710K->184308K(465920K)] 1379979K->1201938K(1864192K), 0.0459435 secs] [Times: user=0.22 sys=0.00, real=0.05 secs] 
5377.672: [GC (Allocation Failure) [PSYoungGen: 417268K->105628K(465920K)] 1434898K->1192738K(1864192K), 0.0453211 secs] [Times: user=0.23 sys=0.00, real=0.05 secs] 
5379.027: [GC (Allocation Failure) [PSYoungGen: 338588K->168820K(465920K)] 1425698K->1289722K(1864192K), 0.0807134 secs] [Times: user=0.40 sys=0.00, real=0.08 secs] 
5379.278: [GC (Allocation Failure) [PSYoungGen: 401780K->185686K(465920K)] 1522682K->1359696K(1864192K), 0.0432933 secs] [Times: user=0.19 sys=0.00, real=0.04 secs] 
5379.439: [GC (Allocation Failure) [PSYoungGen: 415510K->182806K(465920K)] 1589520K->1421513K(1864192K), 0.0505721 secs] [Times: user=0.23 sys=0.00, real=0.05 secs] 
5380.490: [GC (Allocation Failure) [PSYoungGen: 415766K->169299K(465920K)] 1654473K->1465957K(1864192K), 0.0585851 secs] [Times: user=0.29 sys=0.00, real=0.06 secs] 
5381.118: [GC (Allocation Failure) [PSYoungGen: 402259K->105964K(465920K)] 1698917K->1467406K(1864192K), 0.0717674 secs] [Times: user=0.38 sys=0.00, real=0.07 secs] 
5381.189: [Full GC (Ergonomics) [PSYoungGen: 105964K->0K(465920K)] [ParOldGen: 1361442K->121931K(1398272K)] 1467406K->121931K(1864192K), [Metaspace: 59633K->59633K(1105920K)], 0.1576246 secs] [Times: user=0.67 sys=0.00, real=0.16 secs] 
5382.003: [GC (Allocation Failure) [PSYoungGen: 232098K->178549K(465920K)] 354030K->300481K(1864192K), 0.0369089 secs] [Times: user=0.14 sys=0.00, real=0.03 secs] 
5382.212: [GC (Allocation Failure) [PSYoungGen: 411509K->184982K(465920K)] 533441K->362437K(1864192K), 0.0411788 secs] [Times: user=0.18 sys=0.01, real=0.05 secs] 
5382.363: [GC (Allocation Failure) [PSYoungGen: 417942K->187637K(465920K)] 595397K->421181K(1864192K), 0.0444371 secs] [Times: user=0.20 sys=0.00, real=0.04 secs] 
5383.413: [GC (Allocation Failure) [PSYoungGen: 420597K->105596K(465920K)] 654141K->409780K(1864192K), 0.0443520 secs] [Times: user=0.23 sys=0.00, real=0.04 secs] 
5384.335: [GC (Allocation Failure) [PSYoungGen: 338556K->172948K(465920K)] 642740K->510929K(1864192K), 0.0892170 secs] [Times: user=0.43 sys=0.00, real=0.09 secs] 
5384.619: [GC (Allocation Failure) [PSYoungGen: 405908K->193686K(465920K)] 743889K->586139K(1864192K), 0.0428636 secs] [Times: user=0.19 sys=0.00, real=0.04 secs] 
5384.797: [GC (Allocation Failure) [PSYoungGen: 426646K->177814K(465920K)] 819099K->634751K(1864192K), 0.0527916 secs] [Times: user=0.25 sys=0.00, real=0.05 secs] 
5385.845: [GC (Allocation Failure) [PSYoungGen: 410774K->168531K(465920K)] 867711K->681803K(1864192K), 0.0526550 secs] [Times: user=0.26 sys=0.00, real=0.05 secs] 
5386.784: [GC (Allocation Failure) [PSYoungGen: 401491K->111917K(465920K)] 914763K->689638K(1864192K), 0.1055322 secs] [Times: user=0.57 sys=0.00, real=0.10 secs] 
5387.303: [GC (Allocation Failure) [PSYoungGen: 344877K->180117K(465920K)] 922598K->793711K(1864192K), 0.0475480 secs] [Times: user=0.22 sys=0.00, real=0.04 secs] 
5387.472: [GC (Allocation Failure) [PSYoungGen: 413077K->185623K(465920K)] 1026671K->861913K(1864192K), 0.0491879 secs] [Times: user=0.23 sys=0.00, real=0.05 secs] 
5387.629: [GC (Allocation Failure) [PSYoungGen: 418583K->181460K(465920K)] 1094873K->916782K(1864192K), 0.0558666 secs] [Times: user=0.28 sys=0.01, real=0.06 secs] 
5388.773: [GC (Allocation Failure) [PSYoungGen: 414420K->104204K(465920K)] 1149742K->907974K(1864192K), 0.0470256 secs] [Times: user=0.25 sys=0.00, real=0.05 secs] 
5389.882: [GC (Allocation Failure) [PSYoungGen: 337164K->172884K(465920K)] 1140934K->1010083K(1864192K), 0.0852031 secs] [Times: user=0.41 sys=0.00, real=0.09 secs] 
5390.146: [GC (Allocation Failure) [PSYoungGen: 405844K->182005K(465920K)] 1243043K->1073248K(1864192K), 0.0430388 secs] [Times: user=0.19 sys=0.00, real=0.04 secs] 
5390.316: [GC (Allocation Failure) [PSYoungGen: 404289K->175253K(465920K)] 1295532K->1129856K(1864192K), 0.0626046 secs] [Times: user=0.31 sys=0.00, real=0.06 secs] 
5391.365: [GC (Allocation Failure) [PSYoungGen: 408213K->168755K(454656K)] 1362816K->1178989K(1852928K), 0.0560966 secs] [Times: user=0.28 sys=0.00, real=0.05 secs] 
5392.134: [GC (Allocation Failure) [PSYoungGen: 401715K->109965K(460288K)] 1411949K->1184984K(1858560K), 0.1102478 secs] [Times: user=0.60 sys=0.00, real=0.11 secs] 
5392.961: [GC (Allocation Failure) [PSYoungGen: 338734K->173813K(470016K)] 1413753K->1284032K(1868288K), 0.0506525 secs] [Times: user=0.22 sys=0.00, real=0.05 secs] 
5393.207: [GC (Allocation Failure) [PSYoungGen: 413429K->190230K(430080K)] 1523648K->1354614K(1828352K), 0.0607254 secs] [Times: user=0.29 sys=0.00, real=0.06 secs] 
5393.425: [GC (Allocation Failure) [PSYoungGen: 429846K->193014K(465408K)] 1594230K->1414914K(1863680K), 0.0659399 secs] [Times: user=0.32 sys=0.00, real=0.06 secs] 
5394.594: [GC (Allocation Failure) [PSYoungGen: 425660K->104188K(465920K)] 1647560K->1398452K(1864192K), 0.0456566 secs] [Times: user=0.23 sys=0.00, real=0.04 secs] 
5395.970: [GC (GCLocker Initiated GC) [PSYoungGen: 337148K->165812K(465920K)] 1631414K->1493355K(1864192K), 0.0886921 secs] [Times: user=0.44 sys=0.00, real=0.09 secs] 
5396.059: [Full GC (Ergonomics) [PSYoungGen: 165812K->0K(465920K)] [ParOldGen: 1327543K->194075K(1398272K)] 1493355K->194075K(1864192K), [Metaspace: 59633K->59633K(1105920K)], 0.2672739 secs] [Times: user=1.32 sys=0.00, real=0.27 secs] 
5396.443: [GC (Allocation Failure) [PSYoungGen: 232960K->192854K(465920K)] 427200K->387094K(1864192K), 0.0345735 secs] [Times: user=0.11 sys=0.00, real=0.03 secs] 
5396.587: [GC (Allocation Failure) [PSYoungGen: 414137K->176310K(465920K)] 608378K->434990K(1864192K), 0.0449146 secs] [Times: user=0.19 sys=0.00, real=0.04 secs] 
5397.578: [GC (Allocation Failure) [PSYoungGen: 409270K->168691K(401920K)] 667950K->483443K(1800192K), 0.0534682 secs] [Times: user=0.27 sys=0.00, real=0.05 secs] 
5398.183: [GC (Allocation Failure) [PSYoungGen: 401651K->110989K(460288K)] 716403K->490325K(1858560K), 0.0626795 secs] [Times: user=0.32 sys=0.00, real=0.06 secs] 
5399.103: [GC (Allocation Failure) [PSYoungGen: 341012K->173237K(462848K)] 720349K->587910K(1861120K), 0.0518801 secs] [Times: user=0.24 sys=0.00, real=0.05 secs] 
5399.303: [GC (Allocation Failure) [PSYoungGen: 403637K->183445K(465920K)] 818310K->652495K(1864192K), 0.0430298 secs] [Times: user=0.20 sys=0.00, real=0.04 secs] 
5399.500: [GC (Allocation Failure) [PSYoungGen: 418965K->189077K(424960K)] 888015K->713615K(1823232K), 0.0623433 secs] [Times: user=0.31 sys=0.00, real=0.06 secs] 
5400.588: [GC (Allocation Failure) [PSYoungGen: 424597K->107437K(465920K)] 949135K->703206K(1864192K), 0.0462178 secs] [Times: user=0.23 sys=0.00, real=0.05 secs] 
5401.372: [GC (Allocation Failure) [PSYoungGen: 340397K->172756K(465920K)] 936166K->802795K(1864192K), 0.0728559 secs] [Times: user=0.35 sys=0.01, real=0.08 secs] 
5401.607: [GC (Allocation Failure) [PSYoungGen: 405716K->185270K(465920K)] 1035755K->869468K(1864192K), 0.0439519 secs] [Times: user=0.20 sys=0.00, real=0.04 secs] 
5401.761: [GC (Allocation Failure) [PSYoungGen: 413141K->175861K(465920K)] 1097340K->924292K(1864192K), 0.0495770 secs] [Times: user=0.24 sys=0.00, real=0.05 secs] 
5402.820: [GC (Allocation Failure) [PSYoungGen: 408821K->169331K(455680K)] 1157252K->973537K(1853952K), 0.0530716 secs] [Times: user=0.26 sys=0.00, real=0.06 secs] 
5403.246: [GC (Allocation Failure) [PSYoungGen: 402291K->115453K(460800K)] 1206497K->984484K(1859072K), 0.0616560 secs] [Times: user=0.31 sys=0.01, real=0.06 secs] 
5404.013: [GC (Allocation Failure) [PSYoungGen: 348413K->176308K(470016K)] 1217444K->1081872K(1868288K), 0.0569247 secs] [Times: user=0.26 sys=0.00, real=0.05 secs] 
5404.217: [GC (Allocation Failure) [PSYoungGen: 416436K->191671K(432128K)] 1322000K->1159023K(1830400K), 0.0535499 secs] [Times: user=0.25 sys=0.00, real=0.05 secs] 
5404.383: [GC (Allocation Failure) [PSYoungGen: 431799K->190293K(465920K)] 1399151K->1218373K(1864192K), 0.0635060 secs] [Times: user=0.31 sys=0.01, real=0.06 secs] 
5405.495: [GC (Allocation Failure) [PSYoungGen: 423253K->97323K(465920K)] 1451333K->1196803K(1864192K), 0.0499166 secs] [Times: user=0.27 sys=0.00, real=0.05 secs] 
5406.661: [GC (Allocation Failure) [PSYoungGen: 330283K->175221K(465920K)] 1429763K->1305665K(1864192K), 0.0684054 secs] [Times: user=0.29 sys=0.01, real=0.07 secs] 
5406.908: [GC (Allocation Failure) [PSYoungGen: 408181K->190549K(465920K)] 1538625K->1375826K(1864192K), 0.0446359 secs] [Times: user=0.20 sys=0.00, real=0.04 secs] 
5407.098: [GC (Allocation Failure) [PSYoungGen: 423509K->188053K(465920K)] 1608786K->1428706K(1864192K), 0.0654005 secs] [Times: user=0.32 sys=0.00, real=0.07 secs] 
5408.245: [GC (Allocation Failure) [PSYoungGen: 421013K->146194K(465920K)] 1661666K->1457422K(1864192K), 0.0519375 secs] [Times: user=0.26 sys=0.00, real=0.05 secs] 
5408.297: [Full GC (Ergonomics) [PSYoungGen: 146194K->0K(465920K)] [ParOldGen: 1311228K->352850K(1398272K)] 1457422K->352850K(1864192K), [Metaspace: 59633K->59633K(1105920K)], 0.5673007 secs] [Times: user=2.46 sys=0.00, real=0.57 secs] 
5410.132: [GC (Allocation Failure) [PSYoungGen: 232960K->124175K(465920K)] 585810K->477025K(1864192K), 0.0522089 secs] [Times: user=0.20 sys=0.00, real=0.06 secs] 
5411.241: [GC (Allocation Failure) [PSYoungGen: 357135K->173332K(465920K)] 709985K->566020K(1864192K), 0.0525509 secs] [Times: user=0.24 sys=0.00, real=0.06 secs] 
5411.428: [GC (Allocation Failure) [PSYoungGen: 406292K->185975K(465920K)] 798980K->639462K(1864192K), 0.0480659 secs] [Times: user=0.22 sys=0.00, real=0.05 secs] 
5411.638: [GC (Allocation Failure) [PSYoungGen: 418935K->187701K(465920K)] 872422K->700213K(1864192K), 0.0875265 secs] [Times: user=0.46 sys=0.00, real=0.09 secs] 
5412.834: [GC (Allocation Failure) [PSYoungGen: 420661K->96507K(465920K)] 933173K->680027K(1864192K), 0.0436547 secs] [Times: user=0.22 sys=0.00, real=0.04 secs] 
5414.474: [GC (Allocation Failure) [PSYoungGen: 329467K->170836K(465920K)] 912987K->784953K(1864192K), 0.0751793 secs] [Times: user=0.35 sys=0.00, real=0.07 secs] 
5414.730: [GC (Allocation Failure) [PSYoungGen: 403796K->185590K(465920K)] 1017913K->853430K(1864192K), 0.0423479 secs] [Times: user=0.18 sys=0.00, real=0.04 secs] 
5414.924: [GC (Allocation Failure) [PSYoungGen: 418550K->218901K(465920K)] 1086390K->942909K(1864192K), 0.0664248 secs] [Times: user=0.33 sys=0.00, real=0.06 secs] 
5415.998: [GC (Allocation Failure) [PSYoungGen: 451861K->150930K(465920K)] 1175869K->945091K(1864192K), 0.0509578 secs] [Times: user=0.25 sys=0.00, real=0.05 secs] 
5416.787: [GC (Allocation Failure) [PSYoungGen: 383890K->126479K(465920K)] 1178051K->968527K(1864192K), 0.1480734 secs] [Times: user=0.83 sys=0.01, real=0.15 secs] 
5417.496: [GC (Allocation Failure) [PSYoungGen: 359439K->173588K(465920K)] 1201487K->1055922K(1864192K), 0.0541641 secs] [Times: user=0.25 sys=0.00, real=0.05 secs] 
5417.739: [GC (Allocation Failure) [PSYoungGen: 406548K->185303K(465920K)] 1288882K->1128956K(1864192K), 0.0688494 secs] [Times: user=0.34 sys=0.00, real=0.07 secs] 
5417.923: [GC (Allocation Failure) [PSYoungGen: 418263K->187221K(465920K)] 1361916K->1189946K(1864192K), 0.0585010 secs] [Times: user=0.29 sys=0.00, real=0.06 secs] 
5418.983: [GC (Allocation Failure) [PSYoungGen: 420181K->99420K(465920K)] 1422906K->1172665K(1864192K), 0.0460169 secs] [Times: user=0.24 sys=0.00, real=0.04 secs] 
5419.621: [GC (Allocation Failure) [PSYoungGen: 332380K->178677K(465920K)] 1405625K->1284203K(1864192K), 0.0651527 secs] [Times: user=0.30 sys=0.00, real=0.07 secs] 
5419.890: [GC (Allocation Failure) [PSYoungGen: 411637K->185398K(465920K)] 1517163K->1346692K(1864192K), 0.0608986 secs] [Times: user=0.30 sys=0.00, real=0.06 secs] 
5420.062: [GC (Allocation Failure) [PSYoungGen: 418358K->184021K(465920K)] 1579652K->1401602K(1864192K), 0.0473080 secs] [Times: user=0.22 sys=0.00, real=0.05 secs] 
5421.098: [GC (Allocation Failure) [PSYoungGen: 416981K->141681K(465920K)] 1634562K->1428847K(1864192K), 0.0516259 secs] [Times: user=0.26 sys=0.01, real=0.05 secs] 
5422.176: [GC (Allocation Failure) [PSYoungGen: 374641K->131039K(465920K)] 1661807K->1462925K(1864192K), 0.1649939 secs] [Times: user=0.92 sys=0.01, real=0.16 secs] 
5422.341: [Full GC (Ergonomics) [PSYoungGen: 131039K->0K(465920K)] [ParOldGen: 1331885K->148254K(1398272K)] 1462925K->148254K(1864192K), [Metaspace: 59633K->59618K(1105920K)], 0.1762874 secs] [Times: user=0.82 sys=0.00, real=0.18 secs] 
5423.108: [GC (Allocation Failure) [PSYoungGen: 232960K->176244K(465920K)] 381214K->324499K(1864192K), 0.0315611 secs] [Times: user=0.12 sys=0.00, real=0.03 secs] 
5423.265: [GC (Allocation Failure) [PSYoungGen: 409204K->185815K(465920K)] 557459K->395717K(1864192K), 0.0476039 secs] [Times: user=0.22 sys=0.00, real=0.04 secs] 
5423.452: [GC (Allocation Failure) [PSYoungGen: 418775K->184533K(465920K)] 628677K->453435K(1864192K), 0.0832998 secs] [Times: user=0.43 sys=0.00, real=0.09 secs] 
5424.634: [GC (GCLocker Initiated GC) [PSYoungGen: 417493K->93563K(465920K)] 686396K->431970K(1864192K), 0.0433458 secs] [Times: user=0.23 sys=0.00, real=0.04 secs] 
5425.661: [GC (Allocation Failure) [PSYoungGen: 326523K->174837K(465920K)] 665097K->543103K(1864192K), 0.0528836 secs] [Times: user=0.23 sys=0.00, real=0.06 secs] 
5425.861: [GC (Allocation Failure) [PSYoungGen: 407797K->185590K(465920K)] 776063K->608733K(1864192K), 0.0433002 secs] [Times: user=0.19 sys=0.00, real=0.05 secs] 
5426.016: [GC (Allocation Failure) [PSYoungGen: 418550K->188149K(465920K)] 841693K->667500K(1864192K), 0.0455004 secs] [Times: user=0.21 sys=0.00, real=0.04 secs] 
5427.040: [GC (Allocation Failure) [PSYoungGen: 421109K->142129K(465920K)] 900460K->692344K(1864192K), 0.0498598 secs] [Times: user=0.25 sys=0.00, real=0.05 secs] 
5428.102: [GC (Allocation Failure) [PSYoungGen: 375089K->133408K(465920K)] 925304K->728719K(1864192K), 0.1668261 secs] [Times: user=0.94 sys=0.00, real=0.17 secs] 
5428.688: [GC (Allocation Failure) [PSYoungGen: 366368K->174260K(465920K)] 961679K->812116K(1864192K), 0.0379805 secs] [Times: user=0.16 sys=0.00, real=0.04 secs] 
5428.844: [GC (Allocation Failure) [PSYoungGen: 407220K->185815K(465920K)] 1045076K->885015K(1864192K), 0.0487467 secs] [Times: user=0.22 sys=0.00, real=0.04 secs] 
5429.027: [GC (Allocation Failure) [PSYoungGen: 418775K->187733K(465920K)] 1117975K->945805K(1864192K), 0.0812181 secs] [Times: user=0.41 sys=0.00, real=0.08 secs] 
5430.125: [GC (Allocation Failure) [PSYoungGen: 420693K->99500K(465920K)] 1178765K->928235K(1864192K), 0.0455332 secs] [Times: user=0.24 sys=0.00, real=0.04 secs] 
5431.893: [GC (Allocation Failure) [PSYoungGen: 332460K->170772K(465920K)] 1161195K->1030833K(1864192K), 0.0594100 secs] [Times: user=0.27 sys=0.00, real=0.05 secs] 
5432.121: [GC (Allocation Failure) [PSYoungGen: 403732K->185398K(465920K)] 1263793K->1099322K(1864192K), 0.0449118 secs] [Times: user=0.20 sys=0.00, real=0.05 secs] 
5432.278: [GC (Allocation Failure) [PSYoungGen: 418358K->187829K(465920K)] 1332282K->1157874K(1864192K), 0.0471899 secs] [Times: user=0.22 sys=0.00, real=0.05 secs] 
5433.320: [GC (Allocation Failure) [PSYoungGen: 420789K->137713K(465920K)] 1390834K->1178469K(1864192K), 0.0512329 secs] [Times: user=0.25 sys=0.00, real=0.05 secs] 
5434.297: [GC (Allocation Failure) [PSYoungGen: 370673K->135520K(465920K)] 1411429K->1219917K(1864192K), 0.1121319 secs] [Times: user=0.61 sys=0.00, real=0.11 secs] 
5434.756: [GC (Allocation Failure) [PSYoungGen: 368480K->179765K(465920K)] 1452877K->1307479K(1864192K), 0.0400190 secs] [Times: user=0.17 sys=0.00, real=0.04 secs] 
5434.911: [GC (Allocation Failure) [PSYoungGen: 412725K->182742K(465920K)] 1540439K->1373212K(1864192K), 0.0514459 secs] [Times: user=0.24 sys=0.00, real=0.05 secs] 
5435.073: [GC (Allocation Failure) [PSYoungGen: 415702K->187797K(465920K)] 1606172K->1436523K(1864192K), 0.0568948 secs] [Times: user=0.28 sys=0.00, real=0.05 secs] 
5436.192: [GC (Allocation Failure) [PSYoungGen: 420757K->102876K(465920K)] 1669483K->1422242K(1864192K), 0.0481005 secs] [Times: user=0.25 sys=0.00, real=0.05 secs] 
5436.240: [Full GC (Ergonomics) [PSYoungGen: 102876K->0K(465920K)] [ParOldGen: 1319365K->105418K(1398272K)] 1422242K->105418K(1864192K), [Metaspace: 59618K->59618K(1105920K)], 0.0736866 secs] [Times: user=0.28 sys=0.01, real=0.08 secs] 
5437.595: [GC (GCLocker Initiated GC) [PSYoungGen: 232960K->171636K(465920K)] 338378K->277055K(1864192K), 0.0491830 secs] [Times: user=0.18 sys=0.00, real=0.05 secs] 
5437.858: [GC (Allocation Failure) [PSYoungGen: 404596K->181141K(465920K)] 510310K->340599K(1864192K), 0.0415467 secs] [Times: user=0.19 sys=0.00, real=0.04 secs] 
5438.011: [GC (Allocation Failure) [PSYoungGen: 414101K->187765K(465920K)] 573559K->402559K(1864192K), 0.0443203 secs] [Times: user=0.20 sys=0.00, real=0.05 secs] 
5439.124: [GC (Allocation Failure) [PSYoungGen: 420725K->133424K(465920K)] 635519K->418850K(1864192K), 0.0477699 secs] [Times: user=0.23 sys=0.00, real=0.04 secs] 
5440.063: [GC (Allocation Failure) [PSYoungGen: 365554K->142225K(375296K)] 650979K->469858K(1773568K), 0.1432898 secs] [Times: user=0.79 sys=0.00, real=0.15 secs] 
5440.778: [GC (Allocation Failure) [PSYoungGen: 375185K->176180K(466432K)] 702818K->548815K(1864704K), 0.0534058 secs] [Times: user=0.25 sys=0.00, real=0.05 secs] 
5440.960: [GC (Allocation Failure) [PSYoungGen: 410164K->186647K(465408K)] 782799K->629309K(1863680K), 0.0489381 secs] [Times: user=0.22 sys=0.00, real=0.05 secs] 
5441.121: [GC (Allocation Failure) [PSYoungGen: 420631K->188053K(465920K)] 863293K->689996K(1864192K), 0.0576350 secs] [Times: user=0.29 sys=0.00, real=0.06 secs] 
5442.200: [GC (Allocation Failure) [PSYoungGen: 421013K->98907K(465920K)] 922956K->671670K(1864192K), 0.0430504 secs] [Times: user=0.22 sys=0.00, real=0.05 secs] 
5443.017: [GC (Allocation Failure) [PSYoungGen: 331867K->175701K(465920K)] 904630K->779828K(1864192K), 0.0486921 secs] [Times: user=0.22 sys=0.00, real=0.05 secs] 
5443.259: [GC (Allocation Failure) [PSYoungGen: 408661K->183829K(465920K)] 1012788K->842881K(1864192K), 0.0599052 secs] [Times: user=0.28 sys=0.00, real=0.06 secs] 
5443.434: [GC (Allocation Failure) [PSYoungGen: 416789K->183636K(465920K)] 1075841K->898552K(1864192K), 0.0457154 secs] [Times: user=0.21 sys=0.00, real=0.04 secs] 
5444.565: [GC (Allocation Failure) [PSYoungGen: 416596K->127823K(465920K)] 1131512K->911947K(1864192K), 0.0481810 secs] [Times: user=0.24 sys=0.00, real=0.05 secs] 
5445.750: [GC (Allocation Failure) [PSYoungGen: 360783K->148305K(464896K)] 1144907K->972925K(1863168K), 0.1511324 secs] [Times: user=0.83 sys=0.00, real=0.15 secs] 
5446.264: [GC (Allocation Failure) [PSYoungGen: 381265K->179093K(465408K)] 1205885K->1050565K(1863680K), 0.0444232 secs] [Times: user=0.20 sys=0.00, real=0.04 secs] 
5446.451: [GC (Allocation Failure) [PSYoungGen: 412053K->185943K(464896K)] 1283525K->1120335K(1863168K), 0.0534935 secs] [Times: user=0.25 sys=0.00, real=0.06 secs] 
5446.657: [GC (Allocation Failure) [PSYoungGen: 418903K->187701K(465920K)] 1353295K->1180886K(1864192K), 0.0835258 secs] [Times: user=0.42 sys=0.01, real=0.08 secs] 
5448.056: [GC (Allocation Failure) [PSYoungGen: 420661K->98427K(465920K)] 1413846K->1162392K(1864192K), 0.0711919 secs] [Times: user=0.37 sys=0.00, real=0.07 secs] 
5448.884: [GC (Allocation Failure) [PSYoungGen: 331387K->175925K(465920K)] 1395352K->1271110K(1864192K), 0.0487400 secs] [Times: user=0.22 sys=0.00, real=0.05 secs] 
5449.072: [GC (Allocation Failure) [PSYoungGen: 408885K->185046K(465920K)] 1504070K->1335587K(1864192K), 0.0442568 secs] [Times: user=0.20 sys=0.00, real=0.05 secs] 
5449.268: [GC (Allocation Failure) [PSYoungGen: 418006K->184276K(465920K)] 1568547K->1390858K(1864192K), 0.0674057 secs] [Times: user=0.33 sys=0.00, real=0.07 secs] 
5450.387: [GC (Allocation Failure) [PSYoungGen: 417236K->119726K(465920K)] 1623818K->1395812K(1864192K), 0.0481559 secs] [Times: user=0.24 sys=0.01, real=0.05 secs] 
5451.382: [GC (Allocation Failure) [PSYoungGen: 352686K->155266K(465920K)] 1628772K->1469276K(1864192K), 0.1193476 secs] [Times: user=0.64 sys=0.00, real=0.12 secs] 
5451.502: [Full GC (Ergonomics) [PSYoungGen: 155266K->0K(465920K)] [ParOldGen: 1314009K->171451K(1398272K)] 1469276K->171451K(1864192K), [Metaspace: 59618K->59618K(1105920K)], 0.1945616 secs] [Times: user=0.91 sys=0.00, real=0.20 secs] 
5452.116: [GC (Allocation Failure) [PSYoungGen: 232960K->179509K(464896K)] 404411K->350961K(1863168K), 0.0331661 secs] [Times: user=0.13 sys=0.00, real=0.03 secs] 
5452.266: [GC (Allocation Failure) [PSYoungGen: 412469K->185815K(465408K)] 583921K->420563K(1863680K), 0.0439921 secs] [Times: user=0.20 sys=0.00, real=0.04 secs] 
5452.454: [GC (Allocation Failure) [PSYoungGen: 418775K->186869K(465920K)] 653523K->480489K(1864192K), 0.0777299 secs] [Times: user=0.40 sys=0.00, real=0.07 secs] 
5453.868: [GC (Allocation Failure) [PSYoungGen: 419829K->97195K(465920K)] 713449K->461087K(1864192K), 0.0654290 secs] [Times: user=0.35 sys=0.00, real=0.07 secs] 
5455.146: [GC (Allocation Failure) [PSYoungGen: 330155K->175093K(465920K)] 694047K->569706K(1864192K), 0.0582831 secs] [Times: user=0.26 sys=0.00, real=0.06 secs] 
5455.377: [GC (Allocation Failure) [PSYoungGen: 408053K->193462K(465920K)] 802666K->642995K(1864192K), 0.0434410 secs] [Times: user=0.20 sys=0.00, real=0.04 secs] 
5455.533: [GC (Allocation Failure) [PSYoungGen: 426422K->187957K(465920K)] 875955K->693538K(1864192K), 0.0456845 secs] [Times: user=0.21 sys=0.00, real=0.04 secs] 
5456.630: [GC (Allocation Failure) [PSYoungGen: 420917K->112893K(465920K)] 926498K->689142K(1864192K), 0.0458604 secs] [Times: user=0.23 sys=0.00, real=0.05 secs] 
5457.291: [GC (Allocation Failure) [PSYoungGen: 345853K->158002K(465920K)] 922102K->770596K(1864192K), 0.1177573 secs] [Times: user=0.62 sys=0.00, real=0.12 secs] 
5457.682: [GC (Allocation Failure) [PSYoungGen: 390962K->178997K(465920K)] 1003556K->841030K(1864192K), 0.0412013 secs] [Times: user=0.19 sys=0.00, real=0.05 secs] 
5457.874: [GC (Allocation Failure) [PSYoungGen: 411957K->185847K(465920K)] 1073990K->910624K(1864192K), 0.0719788 secs] [Times: user=0.35 sys=0.00, real=0.07 secs] 
5458.094: [GC (Allocation Failure) [PSYoungGen: 418807K->187349K(465920K)] 1143584K->971078K(1864192K), 0.0637168 secs] [Times: user=0.32 sys=0.00, real=0.06 secs] 
5459.244: [GC (Allocation Failure) [PSYoungGen: 420309K->97307K(465920K)] 1204038K->951704K(1864192K), 0.0672093 secs] [Times: user=0.36 sys=0.00, real=0.06 secs] 
5460.508: [GC (Allocation Failure) [PSYoungGen: 330267K->177269K(465920K)] 1184664K->1061943K(1864192K), 0.0556002 secs] [Times: user=0.24 sys=0.00, real=0.06 secs] 
5460.713: [GC (Allocation Failure) [PSYoungGen: 410229K->182261K(465920K)] 1294903K->1122552K(1864192K), 0.0437732 secs] [Times: user=0.20 sys=0.00, real=0.04 secs] 
5460.868: [GC (Allocation Failure) [PSYoungGen: 415221K->187957K(465920K)] 1355512K->1183623K(1864192K), 0.0462234 secs] [Times: user=0.21 sys=0.00, real=0.05 secs] 
5461.956: [GC (Allocation Failure) [PSYoungGen: 420917K->111917K(465920K)] 1416583K->1178400K(1864192K), 0.0469169 secs] [Times: user=0.24 sys=0.00, real=0.04 secs] 
5463.638: [GC (Allocation Failure) [PSYoungGen: 344877K->159795K(465920K)] 1411360K->1261978K(1864192K), 0.1483880 secs] [Times: user=0.80 sys=0.00, real=0.15 secs] 
5464.049: [GC (Allocation Failure) [PSYoungGen: 392755K->182165K(465920K)] 1494938K->1334164K(1864192K), 0.0421760 secs] [Times: user=0.19 sys=0.00, real=0.04 secs] 
5464.207: [GC (Allocation Failure) [PSYoungGen: 415125K->185879K(465920K)] 1567124K->1401558K(1864192K), 0.0505430 secs] [Times: user=0.24 sys=0.00, real=0.05 secs] 
5464.394: [GC (Allocation Failure) [PSYoungGen: 418839K->187733K(465920K)] 1634518K->1462388K(1864192K), 0.0746481 secs] [Times: user=0.38 sys=0.00, real=0.07 secs] 
5465.634: [GC (Allocation Failure) [PSYoungGen: 420693K->95675K(465920K)] 1695348K->1441210K(1864192K), 0.0609207 secs] [Times: user=0.32 sys=0.00, real=0.06 secs] 
5465.695: [Full GC (Ergonomics) [PSYoungGen: 95675K->0K(465920K)] [ParOldGen: 1345535K->107648K(1398272K)] 1441210K->107648K(1864192K), [Metaspace: 59618K->59618K(1105920K)], 0.1073877 secs] [Times: user=0.47 sys=0.00, real=0.10 secs] 
5466.914: [GC (Allocation Failure) [PSYoungGen: 232960K->173012K(465920K)] 340608K->280661K(1864192K), 0.0376785 secs] [Times: user=0.14 sys=0.00, real=0.03 secs] 
5467.111: [GC (Allocation Failure) [PSYoungGen: 405972K->185622K(465920K)] 513621K->347451K(1864192K), 0.0403127 secs] [Times: user=0.18 sys=0.00, real=0.04 secs] 
5467.288: [GC (Allocation Failure) [PSYoungGen: 418582K->187317K(465920K)] 580411K->405474K(1864192K), 0.0554529 secs] [Times: user=0.27 sys=0.00, real=0.06 secs] 
5468.374: [GC (Allocation Failure) [PSYoungGen: 420277K->111485K(465920K)] 638434K->400282K(1864192K), 0.0461432 secs] [Times: user=0.24 sys=0.00, real=0.04 secs] 
5469.182: [GC (Allocation Failure) [PSYoungGen: 344445K->163507K(465920K)] 633242K->487945K(1864192K), 0.1354633 secs] [Times: user=0.71 sys=0.01, real=0.14 secs] 
5469.628: [GC (Allocation Failure) [PSYoungGen: 396467K->184726K(465920K)] 720905K->560711K(1864192K), 0.0459392 secs] [Times: user=0.21 sys=0.00, real=0.05 secs] 
5469.828: [GC (Allocation Failure) [PSYoungGen: 417686K->185495K(465920K)] 793671K->625777K(1864192K), 0.0810558 secs] [Times: user=0.40 sys=0.00, real=0.08 secs] 
5470.042: [GC (Allocation Failure) [PSYoungGen: 418455K->184629K(465920K)] 858737K->683870K(1864192K), 0.0551568 secs] [Times: user=0.27 sys=0.00, real=0.06 secs] 
5471.216: [GC (Allocation Failure) [PSYoungGen: 417589K->97579K(465920K)] 916830K->666421K(1864192K), 0.0550992 secs] [Times: user=0.29 sys=0.00, real=0.05 secs] 
5472.552: [GC (Allocation Failure) [PSYoungGen: 330539K->173717K(465920K)] 899381K->773627K(1864192K), 0.0542991 secs] [Times: user=0.25 sys=0.00, real=0.06 secs] 
5472.758: [GC (Allocation Failure) [PSYoungGen: 406677K->185398K(465920K)] 1006587K->840105K(1864192K), 0.0431245 secs] [Times: user=0.20 sys=0.00, real=0.04 secs] 
5472.913: [GC (Allocation Failure) [PSYoungGen: 418358K->187381K(465920K)] 1073065K->898232K(1864192K), 0.0462574 secs] [Times: user=0.21 sys=0.01, real=0.05 secs] 
5474.054: [GC (GCLocker Initiated GC) [PSYoungGen: 420341K->109165K(465920K)] 1131192K->890512K(1864192K), 0.0465740 secs] [Times: user=0.24 sys=0.00, real=0.04 secs] 
5475.097: [GC (Allocation Failure) [PSYoungGen: 342125K->167988K(465920K)] 1123475K->984399K(1864192K), 0.1203176 secs] [Times: user=0.62 sys=0.00, real=0.12 secs] 
5475.410: [GC (Allocation Failure) [PSYoungGen: 400948K->179253K(465920K)] 1217359K->1048368K(1864192K), 0.0421817 secs] [Times: user=0.19 sys=0.00, real=0.04 secs] 
5475.566: [GC (Allocation Failure) [PSYoungGen: 412213K->186007K(465920K)] 1281328K->1118130K(1864192K), 0.0503653 secs] [Times: user=0.23 sys=0.00, real=0.05 secs] 
5475.766: [GC (Allocation Failure) [PSYoungGen: 418967K->187605K(465920K)] 1351090K->1178684K(1864192K), 0.0859117 secs] [Times: user=0.45 sys=0.00, real=0.08 secs] 
5477.164: [GC (Allocation Failure) [PSYoungGen: 420565K->95787K(465920K)] 1411644K->1157746K(1864192K), 0.0592971 secs] [Times: user=0.31 sys=0.00, real=0.06 secs] 
5478.412: [GC (Allocation Failure) [PSYoungGen: 328747K->175669K(465920K)] 1390706K->1267801K(1864192K), 0.0578159 secs] [Times: user=0.25 sys=0.00, real=0.06 secs] 
5478.678: [GC (Allocation Failure) [PSYoungGen: 408629K->185750K(465920K)] 1500761K->1333106K(1864192K), 0.0625893 secs] [Times: user=0.31 sys=0.00, real=0.06 secs] 
5478.908: [GC (Allocation Failure) [PSYoungGen: 418710K->187605K(465920K)] 1566066K->1391209K(1864192K), 0.0678537 secs] [Times: user=0.33 sys=0.00, real=0.07 secs] 
5480.085: [GC (GCLocker Initiated GC) [PSYoungGen: 420565K->106717K(465920K)] 1624169K->1381065K(1864192K), 0.0483301 secs] [Times: user=0.25 sys=0.00, real=0.05 secs] 
5481.297: [GC (Allocation Failure) [PSYoungGen: 339677K->170356K(465920K)] 1614156K->1479036K(1864192K), 0.1029850 secs] [Times: user=0.52 sys=0.00, real=0.10 secs] 
5481.582: [GC (Allocation Failure) [PSYoungGen: 403316K->179925K(465920K)] 1711996K->1541993K(1864192K), 0.0438291 secs] [Times: user=0.19 sys=0.00, real=0.05 secs] 
5481.626: [Full GC (Ergonomics) [PSYoungGen: 179925K->0K(465920K)] [ParOldGen: 1362068K->254365K(1398272K)] 1541993K->254365K(1864192K), [Metaspace: 59618K->59618K(1105920K)], 0.3062195 secs] [Times: user=1.40 sys=0.00, real=0.30 secs] 
5482.058: [GC (Allocation Failure) [PSYoungGen: 232960K->185847K(465920K)] 487325K->440212K(1864192K), 0.0885926 secs] [Times: user=0.46 sys=0.00, real=0.09 secs] 
5482.567: [GC (Allocation Failure) [PSYoungGen: 417194K->216244K(465920K)] 671560K->529554K(1864192K), 0.0548155 secs] [Times: user=0.26 sys=0.00, real=0.05 secs] 
5483.724: [GC (Allocation Failure) [PSYoungGen: 449204K->98875K(465920K)] 762514K->480917K(1864192K), 0.0837592 secs] [Times: user=0.44 sys=0.01, real=0.08 secs] 
5484.622: [GC (Allocation Failure) [PSYoungGen: 331835K->177973K(465920K)] 713877K->591472K(1864192K), 0.0542816 secs] [Times: user=0.24 sys=0.00, real=0.06 secs] 
5484.885: [GC (Allocation Failure) [PSYoungGen: 410818K->185302K(465920K)] 824317K->654724K(1864192K), 0.0554239 secs] [Times: user=0.27 sys=0.00, real=0.05 secs] 
5485.055: [GC (Allocation Failure) [PSYoungGen: 418262K->187349K(465920K)] 887684K->712828K(1864192K), 0.0466998 secs] [Times: user=0.22 sys=0.01, real=0.04 secs] 
5486.165: [GC (Allocation Failure) [PSYoungGen: 420309K->105772K(465920K)] 945788K->701947K(1864192K), 0.0567600 secs] [Times: user=0.30 sys=0.01, real=0.05 secs] 
5487.075: [GC (Allocation Failure) [PSYoungGen: 338732K->171764K(465920K)] 934907K->801720K(1864192K), 0.1018000 secs] [Times: user=0.52 sys=0.00, real=0.10 secs] 
5487.360: [GC (Allocation Failure) [PSYoungGen: 404724K->178869K(465920K)] 1034680K->862532K(1864192K), 0.0424214 secs] [Times: user=0.19 sys=0.01, real=0.04 secs] 
5487.544: [GC (Allocation Failure) [PSYoungGen: 411829K->186103K(465920K)] 1095492K->932702K(1864192K), 0.0548681 secs] [Times: user=0.26 sys=0.00, real=0.05 secs] 
5488.544: [GC (Allocation Failure) [PSYoungGen: 419063K->175219K(465920K)] 1165662K->980875K(1864192K), 0.0599971 secs] [Times: user=0.30 sys=0.00, real=0.06 secs] 
5489.165: [GC (Allocation Failure) [PSYoungGen: 408179K->107052K(465920K)] 1213835K->979396K(1864192K), 0.0837139 secs] [Times: user=0.43 sys=0.01, real=0.08 secs] 
5490.347: [GC (Allocation Failure) [PSYoungGen: 340012K->177493K(465920K)] 1212356K->1083722K(1864192K), 0.0525208 secs] [Times: user=0.24 sys=0.00, real=0.05 secs] 
5490.536: [GC (Allocation Failure) [PSYoungGen: 410453K->185494K(465920K)] 1316682K->1147458K(1864192K), 0.0445538 secs] [Times: user=0.20 sys=0.00, real=0.04 secs] 
5490.732: [GC (Allocation Failure) [PSYoungGen: 418454K->186357K(465920K)] 1380418K->1204426K(1864192K), 0.0729101 secs] [Times: user=0.36 sys=0.01, real=0.08 secs] 
5491.853: [GC (Allocation Failure) [PSYoungGen: 419317K->101532K(465920K)] 1437386K->1189993K(1864192K), 0.0517329 secs] [Times: user=0.27 sys=0.00, real=0.05 secs] 
5492.636: [GC (GCLocker Initiated GC) [PSYoungGen: 334492K->172308K(465920K)] 1422953K->1293669K(1864192K), 0.0746887 secs] [Times: user=0.36 sys=0.00, real=0.07 secs] 
5492.879: [GC (Allocation Failure) [PSYoungGen: 405268K->185206K(465920K)] 1526796K->1360785K(1864192K), 0.0454033 secs] [Times: user=0.21 sys=0.00, real=0.05 secs] 
5493.035: [GC (Allocation Failure) [PSYoungGen: 414178K->181430K(465920K)] 1589758K->1421266K(1864192K), 0.0519613 secs] [Times: user=0.25 sys=0.00, real=0.05 secs] 
5494.046: [GC (Allocation Failure) [PSYoungGen: 414390K->169491K(465920K)] 1654226K->1466999K(1864192K), 0.0561786 secs] [Times: user=0.28 sys=0.00, real=0.05 secs] 
5494.792: [GC (Allocation Failure) [PSYoungGen: 402451K->109629K(465920K)] 1699959K->1471969K(1864192K), 0.0763428 secs] [Times: user=0.40 sys=0.00, real=0.08 secs] 
5494.868: [Full GC (Ergonomics) [PSYoungGen: 109629K->0K(465920K)] [ParOldGen: 1362339K->125635K(1398272K)] 1471969K->125635K(1864192K), [Metaspace: 59618K->59618K(1105920K)], 0.1616364 secs] [Times: user=0.71 sys=0.00, real=0.16 secs] 
5495.852: [GC (Allocation Failure) [PSYoungGen: 231650K->173877K(465920K)] 357286K->299512K(1864192K), 0.0362065 secs] [Times: user=0.14 sys=0.00, real=0.04 secs] 
5496.122: [GC (Allocation Failure) [PSYoungGen: 406837K->184918K(465920K)] 532472K->364629K(1864192K), 0.0469506 secs] [Times: user=0.22 sys=0.00, real=0.05 secs] 
5496.282: [GC (Allocation Failure) [PSYoungGen: 417878K->187605K(465920K)] 597589K->423308K(1864192K), 0.0446849 secs] [Times: user=0.21 sys=0.00, real=0.05 secs] 
5497.400: [GC (Allocation Failure) [PSYoungGen: 420565K->99756K(465920K)] 656268K->406299K(1864192K), 0.0439672 secs] [Times: user=0.23 sys=0.00, real=0.05 secs] 
5498.734: [GC (GCLocker Initiated GC) [PSYoungGen: 332716K->169844K(465920K)] 639263K->508332K(1864192K), 0.0853004 secs] [Times: user=0.41 sys=0.00, real=0.08 secs] 
5499.003: [GC (GCLocker Initiated GC) [PSYoungGen: 402804K->181973K(465920K)] 741292K->573973K(1864192K), 0.0425172 secs] [Times: user=0.18 sys=0.00, real=0.05 secs] 
5499.186: [GC (Allocation Failure) [PSYoungGen: 414933K->185911K(465920K)] 807100K->641629K(1864192K), 0.0738001 secs] [Times: user=0.36 sys=0.00, real=0.07 secs] 
5500.122: [GC (Allocation Failure) [PSYoungGen: 415285K->210707K(465920K)] 871004K->725326K(1864192K), 0.0561626 secs] [Times: user=0.28 sys=0.00, real=0.06 secs] 
5500.815: [GC (Allocation Failure) [PSYoungGen: 443667K->100779K(465920K)] 958286K->681874K(1864192K), 0.0698194 secs] [Times: user=0.37 sys=0.00, real=0.07 secs] 
5501.682: [GC (Allocation Failure) [PSYoungGen: 333739K->177333K(465920K)] 914834K->790556K(1864192K), 0.0511847 secs] [Times: user=0.23 sys=0.01, real=0.06 secs] 
5501.872: [GC (Allocation Failure) [PSYoungGen: 410293K->185718K(465920K)] 1023516K->854681K(1864192K), 0.0439472 secs] [Times: user=0.20 sys=0.00, real=0.05 secs] 
5502.055: [GC (Allocation Failure) [PSYoungGen: 418678K->187797K(465920K)] 1087641K->912952K(1864192K), 0.0664391 secs] [Times: user=0.32 sys=0.00, real=0.06 secs] 
5503.148: [GC (Allocation Failure) [PSYoungGen: 420757K->105404K(465920K)] 1145912K->901368K(1864192K), 0.0481218 secs] [Times: user=0.25 sys=0.00, real=0.05 secs] 
5504.259: [GC (GCLocker Initiated GC) [PSYoungGen: 338364K->164659K(465920K)] 1134329K->994221K(1864192K), 0.1026511 secs] [Times: user=0.53 sys=0.00, real=0.10 secs] 
5504.555: [GC (Allocation Failure) [PSYoungGen: 397619K->183541K(465920K)] 1227184K->1064902K(1864192K), 0.0426267 secs] [Times: user=0.19 sys=0.00, real=0.04 secs] 
5504.769: [GC (Allocation Failure) [PSYoungGen: 416501K->185783K(465920K)] 1297862K->1131159K(1864192K), 0.0745787 secs] [Times: user=0.37 sys=0.01, real=0.08 secs] 
5505.782: [GC (Allocation Failure) [PSYoungGen: 414324K->213524K(465920K)] 1359701K->1217820K(1864192K), 0.0581798 secs] [Times: user=0.29 sys=0.00, real=0.06 secs] 
5506.360: [GC (Allocation Failure) [PSYoungGen: 446484K->104140K(465920K)] 1450780K->1175709K(1864192K), 0.0743844 secs] [Times: user=0.40 sys=0.00, real=0.08 secs] 
5507.555: [GC (Allocation Failure) [PSYoungGen: 337085K->176949K(465920K)] 1408653K->1281803K(1864192K), 0.0581361 secs] [Times: user=0.26 sys=0.00, real=0.06 secs] 
5507.761: [GC (Allocation Failure) [PSYoungGen: 409909K->185238K(465920K)] 1514763K->1345271K(1864192K), 0.0442129 secs] [Times: user=0.21 sys=0.00, real=0.05 secs] 
5507.916: [GC (Allocation Failure) [PSYoungGen: 418198K->187477K(465920K)] 1578231K->1403827K(1864192K), 0.0472514 secs] [Times: user=0.22 sys=0.01, real=0.05 secs] 
5509.042: [GC (Allocation Failure) [PSYoungGen: 420437K->100332K(465920K)] 1636787K->1387281K(1864192K), 0.0505627 secs] [Times: user=0.26 sys=0.00, real=0.05 secs] 
5509.571: [GC (Allocation Failure) [PSYoungGen: 333292K->173621K(465920K)] 1620241K->1492519K(1864192K), 0.0837653 secs] [Times: user=0.40 sys=0.00, real=0.09 secs] 
5509.654: [Full GC (Ergonomics) [PSYoungGen: 173621K->0K(465920K)] [ParOldGen: 1318898K->196364K(1398272K)] 1492519K->196364K(1864192K), [Metaspace: 59618K->59618K(1105920K)], 0.2488373 secs] [Times: user=1.21 sys=0.00, real=0.25 secs] 
5510.037: [GC (Allocation Failure) [PSYoungGen: 232960K->179189K(465920K)] 429324K->375554K(1864192K), 0.0314527 secs] [Times: user=0.13 sys=0.00, real=0.03 secs] 
5510.190: [GC (Allocation Failure) [PSYoungGen: 412149K->185847K(465920K)] 608514K->445380K(1864192K), 0.0435719 secs] [Times: user=0.19 sys=0.00, real=0.05 secs] 
5511.084: [GC (Allocation Failure) [PSYoungGen: 415905K->211315K(465920K)] 675438K->529964K(1864192K), 0.0558887 secs] [Times: user=0.27 sys=0.00, real=0.05 secs] 
5511.477: [GC (Allocation Failure) [PSYoungGen: 444275K->106092K(465920K)] 762924K->491093K(1864192K), 0.0547093 secs] [Times: user=0.28 sys=0.00, real=0.05 secs] 
5512.044: [GC (Allocation Failure) [PSYoungGen: 339052K->176213K(465920K)] 724053K->594755K(1864192K), 0.0582098 secs] [Times: user=0.26 sys=0.01, real=0.05 secs] 
5512.264: [GC (Allocation Failure) [PSYoungGen: 409173K->185558K(465920K)] 827715K->659304K(1864192K), 0.0428353 secs] [Times: user=0.19 sys=0.00, real=0.04 secs] 
5512.440: [GC (Allocation Failure) [PSYoungGen: 418518K->187989K(465920K)] 892264K->718127K(1864192K), 0.0504949 secs] [Times: user=0.25 sys=0.00, real=0.05 secs] 
5513.549: [GC (Allocation Failure) [PSYoungGen: 420949K->99068K(465920K)] 951087K->699990K(1864192K), 0.0442381 secs] [Times: user=0.23 sys=0.00, real=0.05 secs] 
5514.001: [GC (Allocation Failure) [PSYoungGen: 332028K->170932K(465920K)] 932950K->803467K(1864192K), 0.0942856 secs] [Times: user=0.47 sys=0.00, real=0.10 secs] 
5514.313: [GC (Allocation Failure) [PSYoungGen: 403892K->185750K(465920K)] 1036427K->872389K(1864192K), 0.0458904 secs] [Times: user=0.21 sys=0.00, real=0.04 secs] 
5514.499: [GC (Allocation Failure) [PSYoungGen: 418670K->186039K(465920K)] 1105309K->937246K(1864192K), 0.0547710 secs] [Times: user=0.26 sys=0.00, real=0.06 secs] 
5515.470: [GC (Allocation Failure) [PSYoungGen: 418999K->169651K(465920K)] 1170206K->980118K(1864192K), 0.0560078 secs] [Times: user=0.28 sys=0.00, real=0.06 secs] 
Heap
ungGen: 418999K->169651K(465920K)] 1170206K->980118K(1864192K), 0.0560078 secs] [Times: user=0.28 sys=0.00, real=0.06 secs] 
