5.296: [GC (Allocation Failure) [PSYoungGen: 128000K->12495K(148992K)] 128000K->12575K(488960K), 0.0135076 secs] [Times: user=0.02 sys=0.00, real=0.02 secs] 
5.672: [GC (Metadata GC Threshold) [PSYoungGen: 48891K->6059K(148992K)] 48971K->6155K(488960K), 0.0043239 secs] [Times: user=0.02 sys=0.00, real=0.00 secs] 
5.676: [Full GC (Metadata GC Threshold) [PSYoungGen: 6059K->0K(148992K)] [ParOldGen: 96K->5926K(134144K)] 6155K->5926K(283136K), [Metaspace: 20450K->20450K(1067008K)], 0.0194299 secs] [Times: user=0.06 sys=0.00, real=0.02 secs] 
6.897: [GC (Allocation Failure) [PSYoungGen: 128000K->9791K(148992K)] 133926K->15725K(283136K), 0.0038450 secs] [Times: user=0.01 sys=0.00, real=0.01 secs] 
7.499: [GC (Metadata GC Threshold) [PSYoungGen: 39501K->4644K(148992K)] 45435K->10586K(283136K), 0.0029226 secs] [Times: user=0.02 sys=0.00, real=0.01 secs] 
7.502: [Full GC (Metadata GC Threshold) [PSYoungGen: 4644K->0K(148992K)] [ParOldGen: 5942K->8892K(225280K)] 10586K->8892K(374272K), [Metaspace: 33730K->33730K(1079296K)], 0.0352301 secs] [Times: user=0.08 sys=0.00, real=0.03 secs] 
8.974: [GC (Allocation Failure) [PSYoungGen: 128000K->13138K(148992K)] 136892K->22039K(374272K), 0.0038607 secs] [Times: user=0.01 sys=0.00, real=0.00 secs] 
9.653: [GC (Allocation Failure) [PSYoungGen: 141138K->16382K(159232K)] 150039K->59678K(384512K), 0.0083946 secs] [Times: user=0.03 sys=0.00, real=0.01 secs] 
10.436: [GC (Allocation Failure) [PSYoungGen: 159230K->37200K(181248K)] 202526K->113272K(406528K), 0.0103562 secs] [Times: user=0.05 sys=0.01, real=0.01 secs] 
11.472: [GC (Allocation Failure) [PSYoungGen: 147331K->37264K(244224K)] 223403K->146112K(469504K), 0.0111106 secs] [Times: user=0.05 sys=0.01, real=0.01 secs] 
12.894: [GC (Allocation Failure) [PSYoungGen: 235408K->44216K(248832K)] 344256K->251377K(474112K), 0.0162213 secs] [Times: user=0.08 sys=0.01, real=0.02 secs] 
12.911: [Full GC (Ergonomics) [PSYoungGen: 44216K->0K(248832K)] [ParOldGen: 207160K->215523K(578048K)] 251377K->215523K(826880K), [Metaspace: 52384K->52384K(1097728K)], 0.0896744 secs] [Times: user=0.40 sys=0.00, real=0.09 secs] 
13.294: [GC (Allocation Failure) [PSYoungGen: 198133K->56774K(300032K)] 413657K->372554K(878080K), 0.0188808 secs] [Times: user=0.01 sys=0.01, real=0.02 secs] 
13.602: [GC (Allocation Failure) [PSYoungGen: 299974K->65963K(309248K)] 615754K->508981K(887296K), 0.0224702 secs] [Times: user=0.02 sys=0.01, real=0.02 secs] 
14.260: [GC (Allocation Failure) [PSYoungGen: 307234K->76202K(411648K)] 750252K->572308K(989696K), 0.0197172 secs] [Times: user=0.02 sys=0.00, real=0.02 secs] 
14.280: [Full GC (Ergonomics) [PSYoungGen: 76202K->0K(411648K)] [ParOldGen: 496106K->172953K(648192K)] 572308K->172953K(1059840K), [Metaspace: 52808K->52808K(1097728K)], 0.0389818 secs] [Times: user=0.14 sys=0.01, real=0.03 secs] 
15.752: [GC (Allocation Failure) [PSYoungGen: 335360K->65728K(423936K)] 508313K->336985K(1072128K), 0.0141192 secs] [Times: user=0.07 sys=0.01, real=0.01 secs] 
16.530: [GC (Allocation Failure) [PSYoungGen: 401088K->94673K(536576K)] 672345K->574390K(1184768K), 0.0294497 secs] [Times: user=0.06 sys=0.01, real=0.02 secs] 
16.560: [Full GC (Ergonomics) [PSYoungGen: 94673K->0K(536576K)] [ParOldGen: 479716K->412615K(1008128K)] 574390K->412615K(1544704K), [Metaspace: 52812K->52812K(1097728K)], 0.0516490 secs] [Times: user=0.24 sys=0.00, real=0.06 secs] 
17.699: [GC (Allocation Failure) [PSYoungGen: 441856K->110070K(551936K)] 854471K->706362K(1560064K), 0.0387652 secs] [Times: user=0.04 sys=0.01, real=0.04 secs] 
20.617: [GC (Allocation Failure) [PSYoungGen: 551926K->146822K(421888K)] 1148218K->760858K(1430016K), 0.0192520 secs] [Times: user=0.03 sys=0.00, real=0.02 secs] 
21.006: [GC (Allocation Failure) [PSYoungGen: 421766K->211861K(486912K)] 1035802K->834764K(1495040K), 0.0240695 secs] [Times: user=0.03 sys=0.00, real=0.02 secs] 
22.727: [GC (Allocation Failure) [PSYoungGen: 486805K->132335K(444928K)] 1109708K->755732K(1453056K), 0.0335356 secs] [Times: user=0.07 sys=0.00, real=0.04 secs] 
24.444: [GC (Allocation Failure) [PSYoungGen: 365295K->55999K(465920K)] 988692K->679580K(1474048K), 0.0091114 secs] [Times: user=0.01 sys=0.00, real=0.01 secs] 
24.809: [GC (Allocation Failure) [PSYoungGen: 288959K->183658K(465920K)] 912540K->808494K(1474048K), 0.0205093 secs] [Times: user=0.03 sys=0.00, real=0.02 secs] 
25.090: [GC (Allocation Failure) [PSYoungGen: 416618K->183819K(465920K)] 1041454K->808951K(1474048K), 0.0201886 secs] [Times: user=0.03 sys=0.00, real=0.02 secs] 
26.319: [GC (Allocation Failure) [PSYoungGen: 416779K->91690K(465920K)] 1041911K->717087K(1474048K), 0.0136562 secs] [Times: user=0.03 sys=0.00, real=0.02 secs] 
28.142: [GC (Allocation Failure) [PSYoungGen: 324650K->63900K(465920K)] 950047K->689627K(1474048K), 0.0094329 secs] [Times: user=0.02 sys=0.00, real=0.01 secs] 
28.508: [GC (Allocation Failure) [PSYoungGen: 296860K->183819K(465920K)] 922587K->810800K(1474048K), 0.0239122 secs] [Times: user=0.03 sys=0.00, real=0.03 secs] 
28.872: [GC (Allocation Failure) [PSYoungGen: 416779K->184687K(465920K)] 1043760K->811940K(1474048K), 0.0199452 secs] [Times: user=0.02 sys=0.00, real=0.02 secs] 
31.167: [GC (Allocation Failure) [PSYoungGen: 417647K->82821K(465920K)] 1044900K->710348K(1474048K), 0.0164575 secs] [Times: user=0.05 sys=0.00, real=0.02 secs] 
33.018: [GC (Allocation Failure) [PSYoungGen: 315781K->73381K(465920K)] 943308K->701232K(1474048K), 0.0089209 secs] [Times: user=0.02 sys=0.00, real=0.01 secs] 
33.290: [GC (Allocation Failure) [PSYoungGen: 306341K->184333K(465920K)] 934192K->813429K(1474048K), 0.0204684 secs] [Times: user=0.03 sys=0.00, real=0.03 secs] 
33.573: [GC (Allocation Failure) [PSYoungGen: 417293K->184526K(465920K)] 1046389K->813895K(1474048K), 0.0201698 secs] [Times: user=0.03 sys=0.00, real=0.02 secs] 
35.135: [GC (Allocation Failure) [PSYoungGen: 417486K->72925K(465920K)] 1046855K->702567K(1474048K), 0.0140447 secs] [Times: user=0.04 sys=0.00, real=0.01 secs] 
36.701: [GC (Allocation Failure) [PSYoungGen: 305885K->80964K(465920K)] 935527K->710928K(1474048K), 0.0112177 secs] [Times: user=0.02 sys=0.00, real=0.01 secs] 
36.983: [GC (Allocation Failure) [PSYoungGen: 313924K->184430K(465920K)] 943888K->815647K(1474048K), 0.0206785 secs] [Times: user=0.03 sys=0.00, real=0.02 secs] 
37.267: [GC (Allocation Failure) [PSYoungGen: 417390K->184526K(465920K)] 1048607K->816017K(1474048K), 0.0200642 secs] [Times: user=0.03 sys=0.00, real=0.02 secs] 
38.621: [GC (Allocation Failure) [PSYoungGen: 417486K->65214K(465920K)] 1048977K->696969K(1474048K), 0.0080812 secs] [Times: user=0.02 sys=0.00, real=0.00 secs] 
39.776: [GC (Allocation Failure) [PSYoungGen: 298174K->90539K(465920K)] 929929K->722616K(1474048K), 0.0105713 secs] [Times: user=0.02 sys=0.00, real=0.01 secs] 
40.100: [GC (Allocation Failure) [PSYoungGen: 323499K->184301K(465920K)] 955576K->817632K(1474048K), 0.0203690 secs] [Times: user=0.02 sys=0.00, real=0.02 secs] 
40.389: [GC (Allocation Failure) [PSYoungGen: 417261K->184687K(465920K)] 1050592K->818291K(1474048K), 0.0201843 secs] [Times: user=0.03 sys=0.00, real=0.02 secs] 
42.414: [GC (Allocation Failure) [PSYoungGen: 417647K->55703K(465920K)] 1051251K->689572K(1474048K), 0.0089452 secs] [Times: user=0.03 sys=0.00, real=0.01 secs] 
43.776: [GC (Allocation Failure) [PSYoungGen: 288663K->99632K(465920K)] 922532K->733823K(1474048K), 0.0116538 secs] [Times: user=0.02 sys=0.00, real=0.01 secs] 
44.048: [GC (Allocation Failure) [PSYoungGen: 332592K->183787K(465920K)] 966783K->819231K(1474048K), 0.0205129 secs] [Times: user=0.03 sys=0.00, real=0.02 secs] 
44.333: [GC (Allocation Failure) [PSYoungGen: 416747K->184269K(465920K)] 1052191K->819987K(1474048K), 0.0201233 secs] [Times: user=0.03 sys=0.00, real=0.02 secs] 
45.191: [GC (Allocation Failure) [PSYoungGen: 417229K->47477K(465920K)] 1052947K->683468K(1474048K), 0.0048828 secs] [Times: user=0.02 sys=0.00, real=0.00 secs] 
45.915: [GC (Allocation Failure) [PSYoungGen: 280437K->108597K(465920K)] 916428K->744909K(1474048K), 0.0124096 secs] [Times: user=0.02 sys=0.00, real=0.01 secs] 
46.248: [GC (Allocation Failure) [PSYoungGen: 341557K->184076K(465920K)] 977869K->821634K(1474048K), 0.0203579 secs] [Times: user=0.03 sys=0.00, real=0.02 secs] 
46.587: [GC (Allocation Failure) [PSYoungGen: 417036K->184398K(465920K)] 1054594K->822357K(1474048K), 0.0201372 secs] [Times: user=0.02 sys=0.00, real=0.02 secs] 
49.390: [GC (Allocation Failure) [PSYoungGen: 417358K->37999K(465920K)] 1055317K->676095K(1474048K), 0.0045582 secs] [Times: user=0.02 sys=0.00, real=0.01 secs] 
50.246: [GC (Allocation Failure) [PSYoungGen: 270959K->117526K(465920K)] 909055K->755931K(1474048K), 0.0135825 secs] [Times: user=0.02 sys=0.00, real=0.01 secs] 
50.581: [GC (Allocation Failure) [PSYoungGen: 350486K->184173K(465920K)] 988891K->823832K(1474048K), 0.0205856 secs] [Times: user=0.03 sys=0.00, real=0.02 secs] 
50.969: [GC (Allocation Failure) [PSYoungGen: 417133K->181081K(465920K)] 1056792K->821029K(1474048K), 0.0231866 secs] [Times: user=0.03 sys=0.00, real=0.03 secs] 
52.431: [GC (Allocation Failure) [PSYoungGen: 414041K->32864K(465920K)] 1053989K->674268K(1474048K), 0.0052118 secs] [Times: user=0.02 sys=0.00, real=0.00 secs] 
52.960: [GC (Allocation Failure) [PSYoungGen: 265824K->127136K(465920K)] 907228K->768557K(1474048K), 0.0143228 secs] [Times: user=0.02 sys=0.00, real=0.01 secs] 
53.238: [GC (Allocation Failure) [PSYoungGen: 360096K->184879K(465920K)] 1001517K->827553K(1474048K), 0.0204568 secs] [Times: user=0.03 sys=0.00, real=0.02 secs] 
53.946: [GC (Allocation Failure) [PSYoungGen: 417839K->172319K(465920K)] 1060513K->815266K(1474048K), 0.0280438 secs] [Times: user=0.04 sys=0.00, real=0.03 secs] 
56.579: [GC (Allocation Failure) [PSYoungGen: 405279K->32864K(465920K)] 1048226K->677256K(1474048K), 0.0085389 secs] [Times: user=0.04 sys=0.00, real=0.01 secs] 
57.132: [GC (Allocation Failure) [PSYoungGen: 265824K->135233K(465920K)] 910216K->779642K(1474048K), 0.0150343 secs] [Times: user=0.02 sys=0.00, real=0.01 secs] 
57.409: [GC (Allocation Failure) [PSYoungGen: 368193K->184719K(465920K)] 1012602K->830373K(1474048K), 0.0205236 secs] [Times: user=0.02 sys=0.00, real=0.02 secs] 
57.887: [GC (Allocation Failure) [PSYoungGen: 417679K->166414K(465920K)] 1063333K->812342K(1474048K), 0.0206247 secs] [Times: user=0.03 sys=0.00, real=0.02 secs] 
58.898: [GC (Allocation Failure) [PSYoungGen: 399374K->160K(465920K)] 1045302K->647527K(1474048K), 0.0026203 secs] [Times: user=0.01 sys=0.00, real=0.01 secs] 
59.895: [GC (Allocation Failure) [PSYoungGen: 233120K->144676K(465920K)] 880487K->792060K(1474048K), 0.0160668 secs] [Times: user=0.02 sys=0.00, real=0.02 secs] 
60.173: [GC (Allocation Failure) [PSYoungGen: 377636K->184590K(465920K)] 1025020K->833235K(1474048K), 0.0202473 secs] [Times: user=0.03 sys=0.00, real=0.02 secs] 
60.578: [GC (Allocation Failure) [PSYoungGen: 417550K->161257K(465920K)] 1066195K->810167K(1474048K), 0.0215856 secs] [Times: user=0.03 sys=0.00, real=0.02 secs] 
62.982: [GC (Allocation Failure) [PSYoungGen: 394217K->96K(465920K)] 1043127K->650437K(1474048K), 0.0036234 secs] [Times: user=0.02 sys=0.00, real=0.00 secs] 
64.064: [GC (Allocation Failure) [PSYoungGen: 233056K->153901K(465920K)] 883397K->804259K(1474048K), 0.0171105 secs] [Times: user=0.02 sys=0.00, real=0.02 secs] 
64.402: [GC (Allocation Failure) [PSYoungGen: 386861K->184430K(465920K)] 1037219K->836041K(1474048K), 0.0205538 secs] [Times: user=0.02 sys=0.00, real=0.02 secs] 
64.898: [GC (Allocation Failure) [PSYoungGen: 417390K->152148K(465920K)] 1069001K->804024K(1474048K), 0.0233746 secs] [Times: user=0.04 sys=0.00, real=0.03 secs] 
66.276: [GC (Allocation Failure) [PSYoungGen: 385108K->128K(465920K)] 1036984K->653480K(1474048K), 0.0048134 secs] [Times: user=0.02 sys=0.00, real=0.01 secs] 
66.975: [GC (Allocation Failure) [PSYoungGen: 233088K->163155K(465920K)] 886440K->816523K(1474048K), 0.0178260 secs] [Times: user=0.02 sys=0.00, real=0.02 secs] 
67.259: [GC (Allocation Failure) [PSYoungGen: 396115K->184333K(465920K)] 1049483K->838955K(1474048K), 0.0202029 secs] [Times: user=0.02 sys=0.00, real=0.02 secs] 
68.497: [GC (Allocation Failure) [PSYoungGen: 417293K->142974K(465920K)] 1071915K->797869K(1474048K), 0.0198659 secs] [Times: user=0.03 sys=0.00, real=0.02 secs] 
70.651: [GC (Allocation Failure) [PSYoungGen: 375934K->128K(465920K)] 1030829K->656456K(1474048K), 0.0027373 secs] [Times: user=0.01 sys=0.00, real=0.00 secs] 
71.044: [GC (Allocation Failure) [PSYoungGen: 233088K->170737K(465920K)] 889416K->827106K(1474048K), 0.0186777 secs] [Times: user=0.03 sys=0.00, real=0.02 secs] 
71.325: [GC (Allocation Failure) [PSYoungGen: 403697K->184333K(465920K)] 1060066K->841955K(1474048K), 0.0204730 secs] [Times: user=0.03 sys=0.00, real=0.02 secs] 
72.217: [GC (Allocation Failure) [PSYoungGen: 409656K->135408K(465920K)] 1067278K->793431K(1474048K), 0.0195645 secs] [Times: user=0.03 sys=0.00, real=0.02 secs] 
73.174: [GC (Allocation Failure) [PSYoungGen: 368368K->96K(465920K)] 1026391K->659434K(1474048K), 0.0022672 secs] [Times: user=0.01 sys=0.00, real=0.00 secs] 
73.535: [GC (Allocation Failure) [PSYoungGen: 233056K->173436K(465920K)] 892394K->832799K(1474048K), 0.0190473 secs] [Times: user=0.02 sys=0.01, real=0.02 secs] 
73.821: [GC (Allocation Failure) [PSYoungGen: 406396K->184751K(465920K)] 1065759K->845359K(1474048K), 0.0205008 secs] [Times: user=0.03 sys=0.00, real=0.02 secs] 
74.673: [GC (Allocation Failure) [PSYoungGen: 417711K->140531K(465920K)] 1078319K->801405K(1474048K), 0.0171974 secs] [Times: user=0.02 sys=0.00, real=0.02 secs] 
77.148: [GC (Allocation Failure) [PSYoungGen: 373491K->96K(465920K)] 1034365K->662413K(1474048K), 0.0054231 secs] [Times: user=0.02 sys=0.01, real=0.01 secs] 
77.629: [GC (Allocation Failure) [PSYoungGen: 233056K->182787K(465920K)] 895373K->845120K(1474048K), 0.0200090 secs] [Times: user=0.03 sys=0.00, real=0.02 secs] 
77.910: [GC (Allocation Failure) [PSYoungGen: 415747K->183916K(465920K)] 1078080K->847502K(1474048K), 0.0202111 secs] [Times: user=0.03 sys=0.00, real=0.03 secs] 
78.618: [GC (Allocation Failure) [PSYoungGen: 416876K->131888K(465920K)] 1080462K->795748K(1474048K), 0.0186952 secs] [Times: user=0.03 sys=0.00, real=0.02 secs] 
79.551: [GC (Allocation Failure) [PSYoungGen: 364848K->8345K(465920K)] 1028708K->672513K(1474048K), 0.0031431 secs] [Times: user=0.01 sys=0.00, real=0.00 secs] 
79.832: [GC (Allocation Failure) [PSYoungGen: 241305K->184687K(465920K)] 905473K->850116K(1474048K), 0.0202837 secs] [Times: user=0.03 sys=0.00, real=0.02 secs] 
80.123: [GC (Allocation Failure) [PSYoungGen: 417647K->184783K(465920K)] 1083076K->850494K(1474048K), 0.0204028 secs] [Times: user=0.02 sys=0.00, real=0.02 secs] 
81.061: [GC (Allocation Failure) [PSYoungGen: 417743K->120995K(465920K)] 1083454K->786987K(1474048K), 0.0326403 secs] [Times: user=0.06 sys=0.00, real=0.03 secs] 
82.632: [GC (Allocation Failure) [PSYoungGen: 353955K->18470K(465920K)] 1019947K->684775K(1474048K), 0.0043014 secs] [Times: user=0.01 sys=0.00, real=0.00 secs] 
82.906: [GC (Allocation Failure) [PSYoungGen: 251430K->184333K(465920K)] 917735K->851892K(1474048K), 0.0202283 secs] [Times: user=0.02 sys=0.00, real=0.02 secs] 
83.188: [GC (Allocation Failure) [PSYoungGen: 417293K->184237K(465920K)] 1084852K->852068K(1474048K), 0.0202781 secs] [Times: user=0.03 sys=0.00, real=0.02 secs] 
84.233: [GC (Allocation Failure) [PSYoungGen: 417197K->111854K(465920K)] 1085028K->780080K(1474048K), 0.0284625 secs] [Times: user=0.05 sys=0.00, real=0.03 secs] 
86.265: [GC (Allocation Failure) [PSYoungGen: 344814K->27852K(465920K)] 1013040K->696270K(1474048K), 0.0066267 secs] [Times: user=0.02 sys=0.00, real=0.01 secs] 
86.659: [GC (Allocation Failure) [PSYoungGen: 260812K->186357K(465920K)] 929230K->856030K(1474048K), 0.0204246 secs] [Times: user=0.03 sys=0.00, real=0.02 secs] 
86.948: [GC (Allocation Failure) [PSYoungGen: 419317K->186100K(465920K)] 1088990K->856054K(1474048K), 0.0204782 secs] [Times: user=0.03 sys=0.00, real=0.02 secs] 
87.615: [GC (Allocation Failure) [PSYoungGen: 417895K->98424K(465920K)] 1087848K->768771K(1474048K), 0.0127652 secs] [Times: user=0.02 sys=0.00, real=0.01 secs] 
88.573: [GC (Allocation Failure) [PSYoungGen: 331384K->38163K(465920K)] 1001731K->708697K(1474048K), 0.0065446 secs] [Times: user=0.02 sys=0.00, real=0.00 secs] 
88.934: [GC (Allocation Failure) [PSYoungGen: 271123K->186486K(465920K)] 941657K->858402K(1474048K), 0.0206436 secs] [Times: user=0.03 sys=0.00, real=0.02 secs] 
89.218: [GC (Allocation Failure) [PSYoungGen: 419446K->186132K(465920K)] 1091362K->858201K(1474048K), 0.0203821 secs] [Times: user=0.02 sys=0.00, real=0.02 secs] 
89.842: [GC (Allocation Failure) [PSYoungGen: 404592K->88013K(465920K)] 1076661K->760347K(1474048K), 0.0112414 secs] [Times: user=0.02 sys=0.00, real=0.01 secs] 
90.734: [GC (Allocation Failure) [PSYoungGen: 320973K->38066K(465920K)] 993307K->710724K(1474048K), 0.0054615 secs] [Times: user=0.01 sys=0.00, real=0.00 secs] 
91.003: [GC (Allocation Failure) [PSYoungGen: 271026K->184205K(465920K)] 943684K->858116K(1474048K), 0.0202362 secs] [Times: user=0.03 sys=0.00, real=0.02 secs] 
91.287: [GC (Allocation Failure) [PSYoungGen: 417165K->184430K(465920K)] 1091076K->858743K(1474048K), 0.0201867 secs] [Times: user=0.02 sys=0.00, real=0.02 secs] 
92.261: [GC (Allocation Failure) [PSYoungGen: 407530K->92126K(465920K)] 1081843K->766584K(1474048K), 0.0135508 secs] [Times: user=0.03 sys=0.00, real=0.01 secs] 
93.066: [GC (Allocation Failure) [PSYoungGen: 325086K->38134K(465920K)] 999544K->712905K(1474048K), 0.0054771 secs] [Times: user=0.01 sys=0.00, real=0.01 secs] 
93.334: [GC (Allocation Failure) [PSYoungGen: 271094K->184398K(465920K)] 945865K->860551K(1474048K), 0.0206467 secs] [Times: user=0.02 sys=0.01, real=0.02 secs] 
93.617: [GC (Allocation Failure) [PSYoungGen: 417358K->184558K(465920K)] 1093511K->860864K(1474048K), 0.0203278 secs] [Times: user=0.02 sys=0.00, real=0.02 secs] 
94.268: [GC (Allocation Failure) [PSYoungGen: 407109K->91564K(465920K)] 1083415K->768135K(1474048K), 0.0113986 secs] [Times: user=0.02 sys=0.00, real=0.01 secs] 
95.090: [GC (Allocation Failure) [PSYoungGen: 324524K->38034K(465920K)] 1001095K->714911K(1474048K), 0.0054352 secs] [Times: user=0.01 sys=0.00, real=0.00 secs] 
95.358: [GC (Allocation Failure) [PSYoungGen: 270994K->184462K(465920K)] 947871K->862592K(1474048K), 0.0206184 secs] [Times: user=0.03 sys=0.00, real=0.02 secs] 
95.669: [GC (Allocation Failure) [PSYoungGen: 417422K->184526K(465920K)] 1095552K->862929K(1474048K), 0.0232911 secs] [Times: user=0.03 sys=0.00, real=0.03 secs] 
97.203: [GC (Allocation Failure) [PSYoungGen: 407064K->91725K(465920K)] 1085467K->770393K(1474048K), 0.0133136 secs] [Times: user=0.02 sys=0.00, real=0.01 secs] 
99.828: [GC (Allocation Failure) [PSYoungGen: 324685K->37041K(465920K)] 1003353K->716023K(1474048K), 0.0067824 secs] [Times: user=0.02 sys=0.00, real=0.01 secs] 
100.119: [GC (Allocation Failure) [PSYoungGen: 270001K->184430K(465920K)] 948983K->864794K(1474048K), 0.0204315 secs] [Times: user=0.02 sys=0.00, real=0.03 secs] 
100.417: [GC (Allocation Failure) [PSYoungGen: 417390K->184590K(465920K)] 1097754K->865107K(1474048K), 0.0203681 secs] [Times: user=0.03 sys=0.00, real=0.02 secs] 
101.189: [GC (Allocation Failure) [PSYoungGen: 408288K->92769K(465920K)] 1088804K->773558K(1474048K), 0.0113706 secs] [Times: user=0.03 sys=0.00, real=0.02 secs] 
102.181: [GC (Allocation Failure) [PSYoungGen: 325729K->37906K(465920K)] 1006518K->719017K(1474048K), 0.0055258 secs] [Times: user=0.02 sys=0.00, real=0.00 secs] 
102.450: [GC (Allocation Failure) [PSYoungGen: 270866K->184462K(465920K)] 951977K->866819K(1474048K), 0.0204921 secs] [Times: user=0.03 sys=0.00, real=0.02 secs] 
102.787: [GC (Allocation Failure) [PSYoungGen: 417422K->184301K(465920K)] 1099779K->866931K(1474048K), 0.0202402 secs] [Times: user=0.03 sys=0.00, real=0.02 secs] 
104.324: [GC (Allocation Failure) [PSYoungGen: 409346K->92094K(465920K)] 1091976K->775118K(1474048K), 0.0164953 secs] [Times: user=0.03 sys=0.00, real=0.02 secs] 
106.517: [GC (Allocation Failure) [PSYoungGen: 325054K->37231K(465920K)] 1008078K->720432K(1474048K), 0.0074360 secs] [Times: user=0.01 sys=0.00, real=0.01 secs] 
106.819: [GC (Allocation Failure) [PSYoungGen: 270191K->184173K(465920K)] 953392K->868627K(1474048K), 0.0205150 secs] [Times: user=0.03 sys=0.00, real=0.03 secs] 
107.107: [GC (Allocation Failure) [PSYoungGen: 417133K->184719K(465920K)] 1101587K->869454K(1474048K), 0.0202087 secs] [Times: user=0.03 sys=0.00, real=0.02 secs] 
108.011: [GC (Allocation Failure) [PSYoungGen: 408319K->92640K(465920K)] 1093054K->777641K(1474048K), 0.0121951 secs] [Times: user=0.03 sys=0.00, real=0.01 secs] 
108.937: [GC (Allocation Failure) [PSYoungGen: 325600K->38163K(465920K)] 1010601K->723469K(1474048K), 0.0064294 secs] [Times: user=0.01 sys=0.00, real=0.01 secs] 
109.211: [GC (Allocation Failure) [PSYoungGen: 271123K->184430K(465920K)] 956429K->870989K(1474048K), 0.0205764 secs] [Times: user=0.03 sys=0.00, real=0.02 secs] 
109.494: [GC (Allocation Failure) [PSYoungGen: 417390K->184173K(465920K)] 1103949K->871005K(1474048K), 0.0200933 secs] [Times: user=0.03 sys=0.00, real=0.02 secs] 
110.214: [GC (Allocation Failure) [PSYoungGen: 408979K->92030K(465920K)] 1095811K->779264K(1474048K), 0.0122719 secs] [Times: user=0.02 sys=0.00, real=0.01 secs] 
111.409: [GC (Allocation Failure) [PSYoungGen: 324990K->37748K(465920K)] 1012224K->725168K(1474048K), 0.0063486 secs] [Times: user=0.02 sys=0.00, real=0.01 secs] 
111.752: [GC (Allocation Failure) [PSYoungGen: 270708K->184076K(465920K)] 958128K->872741K(1474048K), 0.0202850 secs] [Times: user=0.02 sys=0.00, real=0.02 secs] 
112.085: [GC (Allocation Failure) [PSYoungGen: 417036K->184590K(465920K)] 1105701K->873528K(1474048K), 0.0201288 secs] [Times: user=0.02 sys=0.00, real=0.02 secs] 
113.633: [GC (Allocation Failure) [PSYoungGen: 409736K->92431K(465920K)] 1098674K->781635K(1474048K), 0.0156168 secs] [Times: user=0.03 sys=0.00, real=0.01 secs] 
115.601: [GC (Allocation Failure) [PSYoungGen: 325391K->37620K(465920K)] 1014595K->727137K(1474048K), 0.0067986 secs] [Times: user=0.01 sys=0.00, real=0.00 secs] 
115.902: [GC (Allocation Failure) [PSYoungGen: 270580K->184237K(465920K)] 960097K->875007K(1474048K), 0.0203812 secs] [Times: user=0.03 sys=0.00, real=0.02 secs] 
116.192: [GC (Allocation Failure) [PSYoungGen: 417197K->184526K(465920K)] 1107967K->875570K(1474048K), 0.0201857 secs] [Times: user=0.02 sys=0.00, real=0.02 secs] 
117.390: [GC (Allocation Failure) [PSYoungGen: 408108K->92351K(465920K)] 1099152K->783660K(1474048K), 0.0203914 secs] [Times: user=0.04 sys=0.00, real=0.03 secs] 
118.997: [GC (Allocation Failure) [PSYoungGen: 325311K->37906K(465920K)] 1016620K->729512K(1474048K), 0.0069521 secs] [Times: user=0.01 sys=0.00, real=0.01 secs] 
119.293: [GC (Allocation Failure) [PSYoungGen: 270866K->184462K(465920K)] 962472K->877322K(1474048K), 0.0205551 secs] [Times: user=0.03 sys=0.00, real=0.02 secs] 
119.576: [GC (Allocation Failure) [PSYoungGen: 417422K->184558K(465920K)] 1110282K->877691K(1474048K), 0.0201436 secs] [Times: user=0.02 sys=0.00, real=0.02 secs] 
121.534: [GC (Allocation Failure) [PSYoungGen: 407609K->91869K(465920K)] 1100742K->785291K(1474048K), 0.0247305 secs] [Times: user=0.05 sys=0.01, real=0.02 secs] 
123.196: [GC (Allocation Failure) [PSYoungGen: 324829K->37877K(465920K)] 1018251K->731613K(1474048K), 0.0069331 secs] [Times: user=0.01 sys=0.00, real=0.01 secs] 
123.492: [GC (Allocation Failure) [PSYoungGen: 270837K->184430K(465920K)] 964573K->879419K(1474048K), 0.0207599 secs] [Times: user=0.03 sys=0.00, real=0.02 secs] 
123.834: [GC (Allocation Failure) [PSYoungGen: 417390K->184237K(465920K)] 1112379K->879500K(1474048K), 0.0202910 secs] [Times: user=0.02 sys=0.00, real=0.02 secs] 
124.927: [GC (Allocation Failure) [PSYoungGen: 411603K->92110K(465920K)] 1106865K->787766K(1474048K), 0.0112669 secs] [Times: user=0.02 sys=0.00, real=0.01 secs] 
126.144: [GC (Allocation Failure) [PSYoungGen: 325070K->38195K(465920K)] 1020726K->734044K(1474048K), 0.0056624 secs] [Times: user=0.01 sys=0.00, real=0.01 secs] 
126.413: [GC (Allocation Failure) [PSYoungGen: 271155K->183819K(465920K)] 967004K->880922K(1474048K), 0.0202563 secs] [Times: user=0.03 sys=0.00, real=0.02 secs] 
126.699: [GC (Allocation Failure) [PSYoungGen: 416779K->183916K(465920K)] 1113882K->881428K(1474048K), 0.0199847 secs] [Times: user=0.02 sys=0.00, real=0.02 secs] 
127.986: [GC (Allocation Failure) [PSYoungGen: 409264K->92929K(465920K)] 1106777K->790578K(1474048K), 0.0134835 secs] [Times: user=0.03 sys=0.00, real=0.02 secs] 
129.681: [GC (Allocation Failure) [PSYoungGen: 325889K->37780K(465920K)] 1023538K->735743K(1474048K), 0.0068693 secs] [Times: user=0.02 sys=0.00, real=0.00 secs] 
129.972: [GC (Allocation Failure) [PSYoungGen: 270740K->183787K(465920K)] 968703K->883003K(1474048K), 0.0203918 secs] [Times: user=0.02 sys=0.00, real=0.02 secs] 
130.259: [GC (Allocation Failure) [PSYoungGen: 416747K->184012K(465920K)] 1115963K->883502K(1474048K), 0.0205521 secs] [Times: user=0.03 sys=0.00, real=0.02 secs] 
131.551: [GC (Allocation Failure) [PSYoungGen: 410519K->93106K(465920K)] 1110009K->792861K(1474048K), 0.0149655 secs] [Times: user=0.03 sys=0.00, real=0.01 secs] 
133.717: [GC (Allocation Failure) [PSYoungGen: 326066K->37202K(465920K)] 1025821K->737262K(1474048K), 0.0080307 secs] [Times: user=0.02 sys=0.00, real=0.01 secs] 
134.039: [GC (Allocation Failure) [PSYoungGen: 270162K->184815K(465920K)] 970222K->886129K(1474048K), 0.0207158 secs] [Times: user=0.03 sys=0.00, real=0.03 secs] 
134.375: [GC (Allocation Failure) [PSYoungGen: 417775K->184526K(465920K)] 1119089K->886113K(1474048K), 0.0203672 secs] [Times: user=0.02 sys=0.00, real=0.02 secs] 
135.536: [GC (Allocation Failure) [PSYoungGen: 409486K->92158K(465920K)] 1111073K->794010K(1474048K), 0.0174694 secs] [Times: user=0.04 sys=0.00, real=0.02 secs] 
136.458: [GC (Allocation Failure) [PSYoungGen: 325118K->38134K(465920K)] 1026970K->740307K(1474048K), 0.0083741 secs] [Times: user=0.02 sys=0.00, real=0.01 secs] 
136.799: [GC (Allocation Failure) [PSYoungGen: 271094K->184719K(465920K)] 973267K->888146K(1474048K), 0.0207415 secs] [Times: user=0.03 sys=0.00, real=0.03 secs] 
137.087: [GC (Allocation Failure) [PSYoungGen: 417679K->184398K(465920K)] 1121106K->888098K(1474048K), 0.0202337 secs] [Times: user=0.03 sys=0.00, real=0.02 secs] 
138.873: [GC (Allocation Failure) [PSYoungGen: 406856K->91484K(465920K)] 1110556K->795449K(1474048K), 0.0252691 secs] [Times: user=0.05 sys=0.00, real=0.02 secs] 
141.132: [GC (Allocation Failure) [PSYoungGen: 324444K->38037K(465920K)] 1028409K->742324K(1474048K), 0.0075467 secs] [Times: user=0.01 sys=0.00, real=0.00 secs] 
141.447: [GC (Allocation Failure) [PSYoungGen: 270997K->184687K(465920K)] 975284K->890356K(1474048K), 0.0205118 secs] [Times: user=0.03 sys=0.00, real=0.02 secs] 
141.741: [GC (Allocation Failure) [PSYoungGen: 417647K->184719K(465920K)] 1123316K->890540K(1474048K), 0.0202375 secs] [Times: user=0.02 sys=0.00, real=0.02 secs] 
142.740: [GC (Allocation Failure) [PSYoungGen: 407264K->91291K(465920K)] 1113085K->797378K(1474048K), 0.0237752 secs] [Times: user=0.05 sys=0.00, real=0.02 secs] 
144.343: [GC (Allocation Failure) [PSYoungGen: 324251K->37877K(465920K)] 1030338K->744279K(1474048K), 0.0065256 secs] [Times: user=0.02 sys=0.00, real=0.00 secs] 
144.699: [GC (Allocation Failure) [PSYoungGen: 270837K->183916K(465920K)] 977239K->891572K(1474048K), 0.0203588 secs] [Times: user=0.03 sys=0.00, real=0.02 secs] 
144.989: [GC (Allocation Failure) [PSYoungGen: 416876K->184141K(465920K)] 1124532K->892070K(1474048K), 0.0200122 secs] [Times: user=0.02 sys=0.00, real=0.02 secs] 
145.692: [GC (Allocation Failure) [PSYoungGen: 409257K->92769K(465920K)] 1117186K->800971K(1474048K), 0.0124805 secs] [Times: user=0.03 sys=0.00, real=0.01 secs] 
146.557: [GC (Allocation Failure) [PSYoungGen: 325729K->38037K(465920K)] 1033931K->746547K(1474048K), 0.0055015 secs] [Times: user=0.02 sys=0.00, real=0.01 secs] 
146.824: [GC (Allocation Failure) [PSYoungGen: 270997K->184205K(465920K)] 979507K->893968K(1474048K), 0.0205426 secs] [Times: user=0.02 sys=0.01, real=0.02 secs] 
147.107: [GC (Allocation Failure) [PSYoungGen: 417165K->184558K(465920K)] 1126928K->894603K(1474048K), 0.0200744 secs] [Times: user=0.03 sys=0.00, real=0.02 secs] 
148.525: [GC (Allocation Failure) [PSYoungGen: 409709K->91966K(465920K)] 1119754K->802275K(1474048K), 0.0121528 secs] [Times: user=0.03 sys=0.00, real=0.01 secs] 
149.447: [GC (Allocation Failure) [PSYoungGen: 324926K->38066K(465920K)] 1035235K->748692K(1474048K), 0.0055079 secs] [Times: user=0.02 sys=0.00, real=0.01 secs] 
149.775: [GC (Allocation Failure) [PSYoungGen: 271026K->184751K(465920K)] 981652K->896630K(1474048K), 0.0203792 secs] [Times: user=0.03 sys=0.00, real=0.02 secs] 
150.118: [GC (Allocation Failure) [PSYoungGen: 417711K->184398K(465920K)] 1129590K->896566K(1474048K), 0.0201506 secs] [Times: user=0.02 sys=0.00, real=0.02 secs] 
151.632: [GC (Allocation Failure) [PSYoungGen: 406669K->91644K(465920K)] 1118837K->804077K(1474048K), 0.0194495 secs] [Times: user=0.04 sys=0.00, real=0.02 secs] 
153.157: [GC (Allocation Failure) [PSYoungGen: 324604K->37874K(465920K)] 1037037K->750613K(1474048K), 0.0087270 secs] [Times: user=0.01 sys=0.00, real=0.01 secs] 
153.479: [GC (Allocation Failure) [PSYoungGen: 270834K->184430K(465920K)] 983573K->898422K(1474048K), 0.0204243 secs] [Times: user=0.03 sys=0.00, real=0.02 secs] 
153.766: [GC (Allocation Failure) [PSYoungGen: 417390K->184526K(465920K)] 1131382K->898792K(1474048K), 0.0202857 secs] [Times: user=0.03 sys=0.00, real=0.02 secs] 
155.808: [GC (Allocation Failure) [PSYoungGen: 407791K->91869K(465920K)] 1122056K->806400K(1474048K), 0.0266117 secs] [Times: user=0.05 sys=0.00, real=0.03 secs] 
157.539: [GC (GCLocker Initiated GC) [PSYoungGen: 324829K->37074K(465920K)] 1039360K->751928K(1474048K), 0.0072732 secs] [Times: user=0.01 sys=0.00, real=0.01 secs] 
157.840: [GC (Allocation Failure) [PSYoungGen: 270034K->183723K(465920K)] 986013K->900956K(1474048K), 0.0205662 secs] [Times: user=0.03 sys=0.00, real=0.03 secs] 
158.132: [GC (Allocation Failure) [PSYoungGen: 416683K->184301K(465920K)] 1133916K->901679K(1474048K), 0.0202950 secs] [Times: user=0.03 sys=0.01, real=0.02 secs] 
160.364: [GC (Allocation Failure) [PSYoungGen: 409588K->92624K(465920K)] 1126966K->810170K(1474048K), 0.0273508 secs] [Times: user=0.05 sys=0.00, real=0.03 secs] 
162.145: [GC (Allocation Failure) [PSYoungGen: 325584K->38005K(465920K)] 1043130K->755859K(1474048K), 0.0092564 secs] [Times: user=0.02 sys=0.00, real=0.01 secs] 
162.507: [GC (Allocation Failure) [PSYoungGen: 270965K->184719K(465920K)] 988819K->903826K(1474048K), 0.0205187 secs] [Times: user=0.03 sys=0.00, real=0.02 secs] 
162.850: [GC (Allocation Failure) [PSYoungGen: 417679K->184494K(465920K)] 1136786K->904003K(1474048K), 0.0202751 secs] [Times: user=0.03 sys=0.00, real=0.02 secs] 
163.866: [GC (Allocation Failure) [PSYoungGen: 407021K->91499K(465920K)] 1126530K->811145K(1474048K), 0.0118354 secs] [Times: user=0.02 sys=0.00, real=0.01 secs] 
164.717: [GC (Allocation Failure) [PSYoungGen: 324459K->38166K(465920K)] 1044105K->758127K(1474048K), 0.0055074 secs] [Times: user=0.02 sys=0.00, real=0.01 secs] 
164.985: [GC (Allocation Failure) [PSYoungGen: 271126K->184719K(465920K)] 991087K->906054K(1474048K), 0.0203801 secs] [Times: user=0.03 sys=0.00, real=0.02 secs] 
165.272: [GC (Allocation Failure) [PSYoungGen: 417679K->184719K(465920K)] 1139014K->906207K(1474048K), 0.0201333 secs] [Times: user=0.02 sys=0.01, real=0.02 secs] 
166.599: [GC (Allocation Failure) [PSYoungGen: 407139K->91194K(465920K)] 1128627K->812956K(1474048K), 0.0189820 secs] [Times: user=0.04 sys=0.00, real=0.02 secs] 
168.145: [GC (Allocation Failure) [PSYoungGen: 324154K->37909K(465920K)] 1045916K->759978K(1474048K), 0.0066772 secs] [Times: user=0.02 sys=0.00, real=0.01 secs] 
168.437: [GC (Allocation Failure) [PSYoungGen: 270869K->184719K(465920K)] 992938K->908170K(1474048K), 0.0206344 secs] [Times: user=0.03 sys=0.00, real=0.02 secs] 
168.720: [GC (Allocation Failure) [PSYoungGen: 417679K->184655K(465920K)] 1141130K->908251K(1474048K), 0.0202954 secs] [Times: user=0.03 sys=0.00, real=0.02 secs] 
170.181: [GC (Allocation Failure) [PSYoungGen: 407242K->91516K(465920K)] 1130838K->815376K(1474048K), 0.0137671 secs] [Times: user=0.03 sys=0.00, real=0.01 secs] 
172.212: [GC (Allocation Failure) [PSYoungGen: 324476K->37777K(465920K)] 1048336K->761946K(1474048K), 0.0082285 secs] [Times: user=0.02 sys=0.00, real=0.01 secs] 
172.540: [GC (Allocation Failure) [PSYoungGen: 270737K->184751K(465920K)] 994906K->910165K(1474048K), 0.0204185 secs] [Times: user=0.03 sys=0.00, real=0.02 secs] 
172.887: [GC (Allocation Failure) [PSYoungGen: 417711K->184719K(465920K)] 1143125K->910414K(1474048K), 0.0203776 secs] [Times: user=0.02 sys=0.00, real=0.02 secs] 
173.709: [GC (Allocation Failure) [PSYoungGen: 407270K->91612K(465920K)] 1132965K->817572K(1474048K), 0.0122193 secs] [Times: user=0.02 sys=0.00, real=0.02 secs] 
175.498: [GC (Allocation Failure) [PSYoungGen: 324572K->37877K(465920K)] 1050532K->764143K(1474048K), 0.0072030 secs] [Times: user=0.02 sys=0.00, real=0.01 secs] 
175.799: [GC (Allocation Failure) [PSYoungGen: 270837K->183819K(465920K)] 997103K->911331K(1474048K), 0.0203880 secs] [Times: user=0.02 sys=0.00, real=0.02 secs] 
176.087: [GC (Allocation Failure) [PSYoungGen: 416779K->184687K(465920K)] 1144291K->912471K(1474048K), 0.0205702 secs] [Times: user=0.03 sys=0.01, real=0.02 secs] 
177.492: [GC (Allocation Failure) [PSYoungGen: 410098K->92415K(465920K)] 1137883K->820465K(1474048K), 0.0169804 secs] [Times: user=0.04 sys=0.00, real=0.01 secs] 
178.917: [GC (Allocation Failure) [PSYoungGen: 325375K->37938K(465920K)] 1053425K->766293K(1474048K), 0.0072002 secs] [Times: user=0.01 sys=0.00, real=0.01 secs] 
179.212: [GC (Allocation Failure) [PSYoungGen: 270898K->184173K(465920K)] 999253K->913782K(1474048K), 0.0205308 secs] [Times: user=0.03 sys=0.00, real=0.02 secs] 
179.494: [GC (GCLocker Initiated GC) [PSYoungGen: 417133K->184044K(465920K)] 1146742K->914055K(1474048K), 0.0201024 secs] [Times: user=0.02 sys=0.00, real=0.02 secs] 
181.514: [GC (Allocation Failure) [PSYoungGen: 417004K->76272K(465920K)] 1163402K->822806K(1474048K), 0.0152762 secs] [Times: user=0.03 sys=0.00, real=0.01 secs] 
182.729: [GC (Allocation Failure) [PSYoungGen: 309232K->59758K(465920K)] 1055766K->806527K(1474048K), 0.0088763 secs] [Times: user=0.02 sys=0.00, real=0.01 secs] 
183.007: [GC (Allocation Failure) [PSYoungGen: 292718K->184301K(465920K)] 1039487K->932453K(1474048K), 0.0206213 secs] [Times: user=0.03 sys=0.00, real=0.02 secs] 
183.351: [GC (Allocation Failure) [PSYoungGen: 417261K->184526K(465920K)] 1165413K->932959K(1474048K), 0.0202709 secs] [Times: user=0.02 sys=0.00, real=0.02 secs] 
184.119: [GC (Allocation Failure) [PSYoungGen: 417486K->53749K(465920K)] 1165919K->802326K(1474048K), 0.0108184 secs] [Times: user=0.02 sys=0.00, real=0.01 secs] 
184.820: [GC (Allocation Failure) [PSYoungGen: 286709K->82763K(465920K)] 1035286K->831654K(1474048K), 0.0099761 secs] [Times: user=0.01 sys=0.00, real=0.01 secs] 
185.091: [GC (Allocation Failure) [PSYoungGen: 315723K->184237K(465920K)] 1064614K->934381K(1474048K), 0.0204688 secs] [Times: user=0.03 sys=0.00, real=0.02 secs] 
185.436: [GC (Allocation Failure) [PSYoungGen: 417197K->184622K(465920K)] 1167341K->935048K(1474048K), 0.0204340 secs] [Times: user=0.03 sys=0.00, real=0.02 secs] 
187.909: [GC (Allocation Failure) [PSYoungGen: 417582K->30871K(465920K)] 1168008K->781691K(1474048K), 0.0099282 secs] [Times: user=0.03 sys=0.00, real=0.01 secs] 
189.321: [GC (Allocation Failure) [PSYoungGen: 263831K->104644K(465920K)] 1014651K->855649K(1474048K), 0.0121755 secs] [Times: user=0.02 sys=0.00, real=0.01 secs] 
189.657: [GC (Allocation Failure) [PSYoungGen: 337604K->184976K(465920K)] 1088609K->937234K(1474048K), 0.0206135 secs] [Times: user=0.03 sys=0.00, real=0.02 secs] 
189.997: [GC (Allocation Failure) [PSYoungGen: 417936K->184269K(465920K)] 1170194K->936824K(1474048K), 0.0202964 secs] [Times: user=0.03 sys=0.00, real=0.02 secs] 
191.948: [GC (Allocation Failure) [PSYoungGen: 417229K->8508K(465920K)] 1169784K->761336K(1474048K), 0.0049638 secs] [Times: user=0.02 sys=0.00, real=0.01 secs] 
193.531: [GC (Allocation Failure) [PSYoungGen: 241468K->127007K(465920K)] 994296K->880153K(1474048K), 0.0143011 secs] [Times: user=0.02 sys=0.00, real=0.01 secs] 
193.808: [GC (Allocation Failure) [PSYoungGen: 359967K->184847K(465920K)] 1113113K->939247K(1474048K), 0.0206528 secs] [Times: user=0.03 sys=0.00, real=0.02 secs] 
194.276: [GC (Allocation Failure) [PSYoungGen: 417807K->172479K(465920K)] 1172207K->927144K(1474048K), 0.0214387 secs] [Times: user=0.03 sys=0.00, real=0.02 secs] 
196.783: [GC (Allocation Failure) [PSYoungGen: 405439K->96K(465920K)] 1160104K->756200K(1474048K), 0.0047541 secs] [Times: user=0.02 sys=0.01, real=0.00 secs] 
197.717: [GC (Allocation Failure) [PSYoungGen: 233056K->148342K(465920K)] 989160K->904463K(1474048K), 0.0165695 secs] [Times: user=0.03 sys=0.00, real=0.02 secs] 
198.054: [GC (Allocation Failure) [PSYoungGen: 381302K->184558K(465920K)] 1137423K->941924K(1474048K), 0.0204327 secs] [Times: user=0.03 sys=0.00, real=0.02 secs] 
198.549: [GC (Allocation Failure) [PSYoungGen: 417518K->157530K(465920K)] 1174884K->915169K(1474048K), 0.0186539 secs] [Times: user=0.03 sys=0.00, real=0.02 secs] 
200.525: [GC (Allocation Failure) [PSYoungGen: 390490K->64K(465920K)] 1148129K->759144K(1474048K), 0.0042950 secs] [Times: user=0.02 sys=0.00, real=0.00 secs] 
200.991: [GC (Allocation Failure) [PSYoungGen: 233024K->170320K(465920K)] 992104K->929433K(1474048K), 0.0186570 secs] [Times: user=0.02 sys=0.00, real=0.01 secs] 
201.273: [GC (Allocation Failure) [PSYoungGen: 403280K->183916K(465920K)] 1162393K->944282K(1474048K), 0.0206464 secs] [Times: user=0.03 sys=0.00, real=0.02 secs] 
202.182: [GC (Allocation Failure) [PSYoungGen: 409758K->136115K(465920K)] 1170124K->896746K(1474048K), 0.0275359 secs] [Times: user=0.04 sys=0.00, real=0.02 secs] 
204.247: [GC (Allocation Failure) [PSYoungGen: 369075K->1408K(465920K)] 1129706K->762353K(1474048K), 0.0051799 secs] [Times: user=0.02 sys=0.00, real=0.01 secs] 
204.662: [GC (Allocation Failure) [PSYoungGen: 234368K->184976K(465920K)] 995313K->947167K(1474048K), 0.0207652 secs] [Times: user=0.03 sys=0.00, real=0.02 secs] 
205.004: [GC (Allocation Failure) [PSYoungGen: 417936K->184173K(465920K)] 1180127K->946644K(1474048K), 0.0203736 secs] [Times: user=0.03 sys=0.00, real=0.02 secs] 
206.235: [GC (Allocation Failure) [PSYoungGen: 417133K->128257K(465920K)] 1179604K->891010K(1474048K), 0.0232351 secs] [Times: user=0.05 sys=0.00, real=0.02 secs] 
207.473: [GC (Allocation Failure) [PSYoungGen: 361217K->24414K(465920K)] 1123970K->787474K(1474048K), 0.0064030 secs] [Times: user=0.02 sys=0.00, real=0.00 secs] 
207.795: [GC (Allocation Failure) [PSYoungGen: 257374K->183948K(465920K)] 1020434K->948262K(1474048K), 0.0205029 secs] [Times: user=0.03 sys=0.00, real=0.02 secs] 
208.077: [GC (Allocation Failure) [PSYoungGen: 416908K->184494K(465920K)] 1181222K->949089K(1474048K), 0.0203234 secs] [Times: user=0.03 sys=0.00, real=0.02 secs] 
208.713: [GC (Allocation Failure) [PSYoungGen: 417454K->106055K(465920K)] 1182049K->870915K(1474048K), 0.0141467 secs] [Times: user=0.02 sys=0.00, real=0.01 secs] 
210.150: [GC (Allocation Failure) [PSYoungGen: 339015K->46677K(465920K)] 1103875K->811861K(1474048K), 0.0063652 secs] [Times: user=0.01 sys=0.00, real=0.01 secs] 
210.422: [GC (Allocation Failure) [PSYoungGen: 279637K->186518K(465920K)] 1044821K->952956K(1474048K), 0.0208409 secs] [Times: user=0.03 sys=0.01, real=0.02 secs] 
210.712: [GC (Allocation Failure) [PSYoungGen: 419478K->186068K(465920K)] 1185916K->952787K(1474048K), 0.0202783 secs] [Times: user=0.03 sys=0.00, real=0.02 secs] 
212.062: [GC (Allocation Failure) [PSYoungGen: 419028K->63099K(465920K)] 1185747K->830099K(1474048K), 0.0157996 secs] [Times: user=0.03 sys=0.00, real=0.01 secs] 
213.285: [GC (Allocation Failure) [PSYoungGen: 296059K->73703K(465920K)] 1063059K->841010K(1474048K), 0.0096367 secs] [Times: user=0.02 sys=0.00, real=0.01 secs] 
213.564: [GC (Allocation Failure) [PSYoungGen: 306663K->185875K(465920K)] 1073970K->954428K(1474048K), 0.0209109 secs] [Times: user=0.03 sys=0.00, real=0.02 secs] 
213.848: [GC (Allocation Failure) [PSYoungGen: 418835K->184462K(465920K)] 1187388K->953296K(1474048K), 0.0203116 secs] [Times: user=0.03 sys=0.00, real=0.02 secs] 
216.196: [GC (Allocation Failure) [PSYoungGen: 417422K->38294K(465920K)] 1186256K->807409K(1474048K), 0.0117645 secs] [Times: user=0.03 sys=0.00, real=0.01 secs] 
217.933: [GC (Allocation Failure) [PSYoungGen: 271254K->97447K(465920K)] 1040369K->866878K(1474048K), 0.0114618 secs] [Times: user=0.02 sys=0.00, real=0.01 secs] 
218.206: [GC (Allocation Failure) [PSYoungGen: 330407K->184076K(465920K)] 1099838K->954761K(1474048K), 0.0205366 secs] [Times: user=0.02 sys=0.01, real=0.02 secs] 
218.488: [GC (Allocation Failure) [PSYoungGen: 417036K->184044K(465920K)] 1187721K->955002K(1474048K), 0.0201565 secs] [Times: user=0.03 sys=0.00, real=0.02 secs] 
220.205: [GC (Allocation Failure) [PSYoungGen: 417004K->16830K(465920K)] 1187962K->788189K(1474048K), 0.0049837 secs] [Times: user=0.02 sys=0.00, real=0.01 secs] 
220.969: [GC (Allocation Failure) [PSYoungGen: 249790K->119296K(465920K)] 1021149K->890843K(1474048K), 0.0137323 secs] [Times: user=0.02 sys=0.00, real=0.02 secs] 
221.306: [GC (Allocation Failure) [PSYoungGen: 352256K->184944K(465920K)] 1123803K->957744K(1474048K), 0.0211750 secs] [Times: user=0.03 sys=0.00, real=0.02 secs] 
221.666: [GC (Allocation Failure) [PSYoungGen: 417904K->178510K(465920K)] 1190704K->951592K(1474048K), 0.0238334 secs] [Times: user=0.04 sys=0.00, real=0.02 secs] 
222.786: [GC (Allocation Failure) [PSYoungGen: 411470K->128K(465920K)] 1184552K->774654K(1474048K), 0.0033280 secs] [Times: user=0.02 sys=0.00, real=0.01 secs] 
223.283: [GC (Allocation Failure) [PSYoungGen: 233088K->144198K(465920K)] 1007614K->918733K(1474048K), 0.0160894 secs] [Times: user=0.02 sys=0.00, real=0.01 secs] 
223.568: [GC (Allocation Failure) [PSYoungGen: 377158K->186100K(465920K)] 1151693K->961889K(1474048K), 0.0204828 secs] [Times: user=0.02 sys=0.00, real=0.02 secs] 
224.045: [GC (Allocation Failure) [PSYoungGen: 419060K->160100K(465920K)] 1194849K->936162K(1474048K), 0.0195769 secs] [Times: user=0.03 sys=0.00, real=0.02 secs] 
225.091: [GC (Allocation Failure) [PSYoungGen: 393060K->96K(465920K)] 1169122K->777601K(1474048K), 0.0028855 secs] [Times: user=0.01 sys=0.00, real=0.00 secs] 
225.490: [GC (Allocation Failure) [PSYoungGen: 233056K->170159K(465920K)] 1010561K->947681K(1474048K), 0.0187651 secs] [Times: user=0.02 sys=0.00, real=0.01 secs] 
225.829: [GC (Allocation Failure) [PSYoungGen: 403119K->184365K(465920K)] 1180641K->963132K(1474048K), 0.0206879 secs] [Times: user=0.03 sys=0.00, real=0.03 secs] 
226.436: [GC (Allocation Failure) [PSYoungGen: 411005K->135922K(465920K)] 1189772K->914962K(1474048K), 0.0188026 secs] [Times: user=0.03 sys=0.00, real=0.02 secs] 
228.190: [GC (Allocation Failure) [PSYoungGen: 368882K->1248K(465920K)] 1147922K->780590K(1474048K), 0.0027705 secs] [Times: user=0.01 sys=0.01, real=0.01 secs] 
228.494: [GC (Allocation Failure) [PSYoungGen: 234208K->184590K(465920K)] 1013550K->965049K(1474048K), 0.0206745 secs] [Times: user=0.03 sys=0.00, real=0.02 secs] 
228.776: [GC (Allocation Failure) [PSYoungGen: 417550K->184301K(465920K)] 1198009K->965041K(1474048K), 0.0203418 secs] [Times: user=0.02 sys=0.00, real=0.02 secs] 
229.749: [GC (Allocation Failure) [PSYoungGen: 417261K->128707K(465920K)] 1198001K->909712K(1474048K), 0.0159311 secs] [Times: user=0.02 sys=0.00, real=0.02 secs] 
231.676: [GC (Allocation Failure) [PSYoungGen: 361667K->23900K(465920K)] 1142672K->805223K(1474048K), 0.0060128 secs] [Times: user=0.02 sys=0.00, real=0.01 secs] 
231.983: [GC (Allocation Failure) [PSYoungGen: 256860K->186293K(465920K)] 1038183K->968998K(1474048K), 0.0209312 secs] [Times: user=0.03 sys=0.00, real=0.02 secs] 
232.344: [GC (Allocation Failure) [PSYoungGen: 419253K->185940K(465920K)] 1201958K->968798K(1474048K), 0.0203943 secs] [Times: user=0.03 sys=0.00, real=0.02 secs] 
234.424: [GC (Allocation Failure) [PSYoungGen: 418900K->102649K(465920K)] 1201758K->885780K(1474048K), 0.0137782 secs] [Times: user=0.03 sys=0.00, real=0.01 secs] 
235.947: [GC (Allocation Failure) [PSYoungGen: 335609K->49604K(465920K)] 1118740K->833059K(1474048K), 0.0080892 secs] [Times: user=0.02 sys=0.00, real=0.01 secs] 
236.231: [GC (Allocation Failure) [PSYoungGen: 282564K->184365K(465920K)] 1066019K->969073K(1474048K), 0.0205280 secs] [Times: user=0.03 sys=0.00, real=0.02 secs] 
236.516: [GC (Allocation Failure) [PSYoungGen: 417325K->183690K(465920K)] 1202033K->968680K(1474048K), 0.0202197 secs] [Times: user=0.03 sys=0.00, real=0.02 secs] 
238.159: [GC (Allocation Failure) [PSYoungGen: 416650K->64770K(465920K)] 1201640K->850032K(1474048K), 0.0113682 secs] [Times: user=0.02 sys=0.00, real=0.02 secs] 
239.481: [GC (Allocation Failure) [PSYoungGen: 297730K->71196K(465920K)] 1082992K->856764K(1474048K), 0.0089567 secs] [Times: user=0.01 sys=0.00, real=0.00 secs] 
239.755: [GC (Allocation Failure) [PSYoungGen: 304156K->186518K(465920K)] 1089724K->973332K(1474048K), 0.0207718 secs] [Times: user=0.03 sys=0.00, real=0.02 secs] 
240.040: [GC (Allocation Failure) [PSYoungGen: 419478K->186068K(465920K)] 1206292K->973171K(1474048K), 0.0204676 secs] [Times: user=0.03 sys=0.00, real=0.02 secs] 
242.653: [GC (Allocation Failure) [PSYoungGen: 419028K->38519K(465920K)] 1206131K->825895K(1474048K), 0.0118751 secs] [Times: user=0.03 sys=0.00, real=0.01 secs] 
243.870: [GC (Allocation Failure) [PSYoungGen: 271479K->97704K(465920K)] 1058855K->885396K(1474048K), 0.0116460 secs] [Times: user=0.01 sys=0.01, real=0.01 secs] 
244.154: [GC (Allocation Failure) [PSYoungGen: 330664K->185972K(465920K)] 1118356K->975046K(1474048K), 0.0208940 secs] [Times: user=0.03 sys=0.00, real=0.02 secs] 
244.442: [GC (Allocation Failure) [PSYoungGen: 418932K->186004K(465920K)] 1208006K->975230K(1474048K), 0.0207066 secs] [Times: user=0.03 sys=0.00, real=0.02 secs] 
245.816: [GC (Allocation Failure) [PSYoungGen: 418964K->12750K(465920K)] 1208190K->802377K(1474048K), 0.0041360 secs] [Times: user=0.01 sys=0.00, real=0.01 secs] 
246.360: [GC (Allocation Failure) [PSYoungGen: 245710K->124437K(465920K)] 1035337K->914260K(1474048K), 0.0144735 secs] [Times: user=0.02 sys=0.00, real=0.01 secs] 
246.639: [GC (Allocation Failure) [PSYoungGen: 357397K->184462K(465920K)] 1147220K->975530K(1474048K), 0.0206395 secs] [Times: user=0.03 sys=0.00, real=0.03 secs] 
248.084: [GC (Allocation Failure) [PSYoungGen: 417422K->174331K(465920K)] 1208490K->965665K(1474048K), 0.0515271 secs] [Times: user=0.08 sys=0.00, real=0.05 secs] 
250.260: [GC (Allocation Failure) [PSYoungGen: 407291K->160K(465920K)] 1198625K->792939K(1474048K), 0.0030434 secs] [Times: user=0.01 sys=0.00, real=0.00 secs] 
250.808: [GC (Allocation Failure) [PSYoungGen: 233120K->147282K(465920K)] 1025899K->940093K(1474048K), 0.0165170 secs] [Times: user=0.02 sys=0.00, real=0.02 secs] 
251.092: [GC (Allocation Failure) [PSYoungGen: 380242K->186229K(465920K)] 1173053K->980286K(1474048K), 0.0204939 secs] [Times: user=0.03 sys=0.00, real=0.02 secs] 
252.448: [GC (Allocation Failure) [PSYoungGen: 419189K->156823K(465920K)] 1213246K->951161K(1474048K), 0.0434692 secs] [Times: user=0.07 sys=0.00, real=0.05 secs] 
254.256: [GC (Allocation Failure) [PSYoungGen: 389783K->128K(465920K)] 1184121K->795911K(1474048K), 0.0095918 secs] [Times: user=0.04 sys=0.00, real=0.01 secs] 
254.641: [GC (Allocation Failure) [PSYoungGen: 233088K->172890K(465920K)] 1028871K->968698K(1474048K), 0.0189725 secs] [Times: user=0.03 sys=0.00, real=0.02 secs] 
254.929: [GC (Allocation Failure) [PSYoungGen: 405850K->186261K(465920K)] 1201658K->983322K(1474048K), 0.0208640 secs] [Times: user=0.03 sys=0.00, real=0.03 secs] 
255.534: [GC (Allocation Failure) [PSYoungGen: 419221K->139471K(465920K)] 1216282K->936942K(1474048K), 0.0177775 secs] [Times: user=0.03 sys=0.01, real=0.02 secs] 
256.614: [GC (Allocation Failure) [PSYoungGen: 372431K->14517K(465920K)] 1169902K->812178K(1474048K), 0.0039879 secs] [Times: user=0.01 sys=0.00, real=0.00 secs] 
256.886: [GC (Allocation Failure) [PSYoungGen: 247477K->185875K(465920K)] 1045138K->984789K(1474048K), 0.0206768 secs] [Times: user=0.03 sys=0.00, real=0.02 secs] 
257.226: [GC (Allocation Failure) [PSYoungGen: 418835K->184301K(465920K)] 1217749K->983496K(1474048K), 0.0202430 secs] [Times: user=0.03 sys=0.00, real=0.02 secs] 
258.280: [GC (Allocation Failure) [PSYoungGen: 417261K->114152K(465920K)] 1216456K->913628K(1474048K), 0.0162935 secs] [Times: user=0.03 sys=0.00, real=0.01 secs] 
260.203: [GC (Allocation Failure) [PSYoungGen: 347112K->38198K(465920K)] 1146588K->837998K(1474048K), 0.0067539 secs] [Times: user=0.02 sys=0.00, real=0.01 secs] 
260.567: [GC (Allocation Failure) [PSYoungGen: 271158K->184462K(465920K)] 1070958K->985515K(1474048K), 0.0207391 secs] [Times: user=0.03 sys=0.00, real=0.02 secs] 
260.850: [GC (Allocation Failure) [PSYoungGen: 417422K->184944K(465920K)] 1218475K->986278K(1474048K), 0.0204222 secs] [Times: user=0.03 sys=0.00, real=0.02 secs] 
261.603: [GC (Allocation Failure) [PSYoungGen: 417904K->74890K(465920K)] 1219238K->876498K(1474048K), 0.0116664 secs] [Times: user=0.03 sys=0.00, real=0.01 secs] 
262.424: [GC (Allocation Failure) [PSYoungGen: 307850K->61557K(465920K)] 1109458K->863478K(1474048K), 0.0079118 secs] [Times: user=0.02 sys=0.00, real=0.01 secs] 
262.697: [GC (Allocation Failure) [PSYoungGen: 294517K->186357K(465920K)] 1096438K->989532K(1474048K), 0.0209048 secs] [Times: user=0.03 sys=0.00, real=0.02 secs] 
262.982: [GC (Allocation Failure) [PSYoungGen: 419317K->186068K(465920K)] 1222492K->989524K(1474048K), 0.0204278 secs] [Times: user=0.03 sys=0.00, real=0.02 secs] 
265.431: [GC (Allocation Failure) [PSYoungGen: 419028K->48383K(465920K)] 1222484K->852112K(1474048K), 0.0167156 secs] [Times: user=0.04 sys=0.00, real=0.01 secs] 
266.560: [GC (Allocation Failure) [PSYoungGen: 281343K->84977K(465920K)] 1085072K->889028K(1474048K), 0.0104011 secs] [Times: user=0.01 sys=0.00, real=0.01 secs] 
266.893: [GC (Allocation Failure) [PSYoungGen: 317937K->183690K(465920K)] 1121988K->988995K(1474048K), 0.0205824 secs] [Times: user=0.03 sys=0.00, real=0.02 secs] 
267.180: [GC (Allocation Failure) [PSYoungGen: 416650K->184173K(465920K)] 1221955K->989758K(1474048K), 0.0202281 secs] [Times: user=0.02 sys=0.00, real=0.03 secs] 
268.528: [GC (Allocation Failure) [PSYoungGen: 417133K->29586K(465920K)] 1222718K->835445K(1474048K), 0.0062907 secs] [Times: user=0.02 sys=0.00, real=0.01 secs] 
269.812: [GC (Allocation Failure) [PSYoungGen: 262546K->105673K(465920K)] 1068405K->911845K(1474048K), 0.0123870 secs] [Times: user=0.02 sys=0.00, real=0.01 secs] 
270.087: [GC (Allocation Failure) [PSYoungGen: 338633K->184333K(465920K)] 1144805K->991759K(1474048K), 0.0207686 secs] [Times: user=0.03 sys=0.00, real=0.02 secs] 
270.369: [GC (Allocation Failure) [PSYoungGen: 417293K->184173K(465920K)] 1224719K->991879K(1474048K), 0.0204756 secs] [Times: user=0.03 sys=0.00, real=0.03 secs] 
272.733: [GC (Allocation Failure) [PSYoungGen: 417133K->8251K(465920K)] 1224839K->816231K(1474048K), 0.0049965 secs] [Times: user=0.02 sys=0.00, real=0.00 secs] 
273.856: [GC (Allocation Failure) [PSYoungGen: 241211K->126908K(465920K)] 1049191K->935202K(1474048K), 0.0146988 secs] [Times: user=0.03 sys=0.00, real=0.02 secs] 
274.133: [GC (Allocation Failure) [PSYoungGen: 359868K->184301K(465920K)] 1168162K->993848K(1474048K), 0.0207569 secs] [Times: user=0.03 sys=0.00, real=0.02 secs] 
274.543: [GC (Allocation Failure) [PSYoungGen: 417261K->173122K(465920K)] 1226808K->982934K(1474048K), 0.0219205 secs] [Times: user=0.03 sys=0.00, real=0.02 secs] 
275.631: [GC (Allocation Failure) [PSYoungGen: 406082K->64K(465920K)] 1215894K->811337K(1474048K), 0.0028341 secs] [Times: user=0.01 sys=0.00, real=0.00 secs] 
276.057: [GC (Allocation Failure) [PSYoungGen: 233024K->149274K(465920K)] 1044297K->960572K(1474048K), 0.0168545 secs] [Times: user=0.02 sys=0.00, real=0.02 secs] 
276.335: [GC (Allocation Failure) [PSYoungGen: 382234K->183787K(465920K)] 1193532K->996339K(1474048K), 0.0203420 secs] [Times: user=0.03 sys=0.00, real=0.02 secs] 
276.858: [GC (Allocation Failure) [PSYoungGen: 416747K->157401K(465920K)] 1229299K->970226K(1474048K), 0.0188561 secs] [Times: user=0.03 sys=0.00, real=0.02 secs] 
278.099: [GC (Allocation Failure) [PSYoungGen: 390361K->96K(465920K)] 1203186K->814374K(1474048K), 0.0031752 secs] [Times: user=0.01 sys=0.00, real=0.01 secs] 
278.507: [GC (Allocation Failure) [PSYoungGen: 233056K->170448K(465920K)] 1047334K->984759K(1474048K), 0.0188695 secs] [Times: user=0.03 sys=0.00, real=0.02 secs] 
278.849: [GC (Allocation Failure) [PSYoungGen: 403408K->184494K(465920K)] 1217719K->1000050K(1474048K), 0.0208707 secs] [Times: user=0.03 sys=0.00, real=0.02 secs] 
279.612: [GC (Allocation Failure) [PSYoungGen: 409970K->135568K(465920K)] 1225526K->951405K(1474048K), 0.0187132 secs] [Times: user=0.03 sys=0.00, real=0.02 secs] 
280.977: [GC (Allocation Failure) [PSYoungGen: 368528K->1534K(465920K)] 1184365K->817694K(1474048K), 0.0028334 secs] [Times: user=0.01 sys=0.00, real=0.01 secs] 
281.360: [GC (Allocation Failure) [PSYoungGen: 234494K->184558K(465920K)] 1050654K->1002101K(1474048K), 0.0208025 secs] [Times: user=0.03 sys=0.00, real=0.02 secs] 
281.701: [GC (Allocation Failure) [PSYoungGen: 417518K->184655K(465920K)] 1235061K->1002350K(1474048K), 0.0202610 secs] [Times: user=0.03 sys=0.00, real=0.02 secs] 
282.288: [GC (Allocation Failure) [PSYoungGen: 417615K->128064K(465920K)] 1235310K->946025K(1474048K), 0.0181616 secs] [Times: user=0.05 sys=0.00, real=0.02 secs] 
283.248: [GC (Allocation Failure) [PSYoungGen: 361024K->25056K(465920K)] 1178985K->843324K(1474048K), 0.0052140 secs] [Times: user=0.02 sys=0.00, real=0.01 secs] 
283.519: [GC (Allocation Failure) [PSYoungGen: 258016K->184205K(465920K)] 1076284K->1003726K(1474048K), 0.0206216 secs] [Times: user=0.02 sys=0.00, real=0.02 secs] 
283.806: [GC (Allocation Failure) [PSYoungGen: 417165K->184430K(465920K)] 1236686K->1004361K(1474048K), 0.0203839 secs] [Times: user=0.03 sys=0.00, real=0.02 secs] 
284.704: [GC (Allocation Failure) [PSYoungGen: 417390K->105187K(465920K)] 1237321K->925383K(1474048K), 0.0140382 secs] [Times: user=0.03 sys=0.00, real=0.01 secs] 
287.136: [GC (Allocation Failure) [PSYoungGen: 338147K->47516K(465920K)] 1158343K->867889K(1474048K), 0.0091842 secs] [Times: user=0.02 sys=0.00, real=0.01 secs] 
287.443: [GC (Allocation Failure) [PSYoungGen: 280476K->186550K(465920K)] 1100849K->1008177K(1474048K), 0.0210125 secs] [Times: user=0.03 sys=0.00, real=0.02 secs] 
287.728: [GC (Allocation Failure) [PSYoungGen: 419510K->186068K(465920K)] 1241137K->1008105K(1474048K), 0.0205249 secs] [Times: user=0.03 sys=0.00, real=0.02 secs] 
288.628: [GC (Allocation Failure) [PSYoungGen: 419028K->62263K(465920K)] 1241065K->884581K(1474048K), 0.0091050 secs] [Times: user=0.01 sys=0.00, real=0.01 secs] 
290.136: [GC (Allocation Failure) [PSYoungGen: 295223K->73956K(465920K)] 1117541K->896461K(1474048K), 0.0091831 secs] [Times: user=0.02 sys=0.00, real=0.01 secs] 
290.408: [GC (Allocation Failure) [PSYoungGen: 306916K->185907K(465920K)] 1129421K->1009794K(1474048K), 0.0209052 secs] [Times: user=0.03 sys=0.00, real=0.02 secs] 
290.696: [GC (Allocation Failure) [PSYoungGen: 418867K->184558K(465920K)] 1242754K->1008598K(1474048K), 0.0202737 secs] [Times: user=0.03 sys=0.00, real=0.02 secs] 
292.812: [GC (Allocation Failure) [PSYoungGen: 417518K->38101K(465920K)] 1241558K->862534K(1474048K), 0.0072284 secs] [Times: user=0.02 sys=0.00, real=0.00 secs] 
293.934: [GC (Allocation Failure) [PSYoungGen: 271061K->98475K(465920K)] 1095494K->923096K(1474048K), 0.0116478 secs] [Times: user=0.02 sys=0.00, real=0.01 secs] 
294.267: [GC (Allocation Failure) [PSYoungGen: 331435K->186100K(465920K)] 1156056K->1011975K(1474048K), 0.0208784 secs] [Times: user=0.03 sys=0.01, real=0.02 secs] 
294.552: [GC (Allocation Failure) [PSYoungGen: 419060K->185940K(465920K)] 1244935K->1012087K(1474048K), 0.0204249 secs] [Times: user=0.03 sys=0.00, real=0.02 secs] 
296.395: [GC (Allocation Failure) [PSYoungGen: 418900K->11882K(465920K)] 1245047K->838294K(1474048K), 0.0041155 secs] [Times: user=0.02 sys=0.00, real=0.00 secs] 
296.960: [GC (Allocation Failure) [PSYoungGen: 244842K->124180K(465920K)] 1071254K->950900K(1474048K), 0.0143370 secs] [Times: user=0.02 sys=0.00, real=0.02 secs] 
297.238: [GC (Allocation Failure) [PSYoungGen: 357140K->186100K(465920K)] 1183860K->1014074K(1474048K), 0.0210290 secs] [Times: user=0.03 sys=0.00, real=0.02 secs] 
298.066: [GC (Allocation Failure) [PSYoungGen: 419060K->173990K(465920K)] 1247034K->1002357K(1474048K), 0.0338227 secs] [Times: user=0.05 sys=0.00, real=0.03 secs] 
301.202: [GC (Allocation Failure) [PSYoungGen: 406950K->192K(465920K)] 1235317K->829872K(1474048K), 0.0044077 secs] [Times: user=0.03 sys=0.00, real=0.00 secs] 
301.952: [GC (Allocation Failure) [PSYoungGen: 233152K->147957K(465920K)] 1062832K->977661K(1474048K), 0.0166761 secs] [Times: user=0.02 sys=0.00, real=0.01 secs] 
302.230: [GC (Allocation Failure) [PSYoungGen: 380917K->184301K(465920K)] 1210621K->1015259K(1474048K), 0.0205080 secs] [Times: user=0.03 sys=0.00, real=0.02 secs] 
302.740: [GC (Allocation Failure) [PSYoungGen: 417261K->158108K(465920K)] 1248219K->989476K(1474048K), 0.0217913 secs] [Times: user=0.03 sys=0.00, real=0.02 secs] 
303.723: [GC (Allocation Failure) [PSYoungGen: 391068K->128K(465920K)] 1222436K->832806K(1474048K), 0.0030192 secs] [Times: user=0.02 sys=0.00, real=0.00 secs] 
304.106: [GC (Allocation Failure) [PSYoungGen: 233088K->170577K(465920K)] 1065766K->1003280K(1474048K), 0.0188955 secs] [Times: user=0.02 sys=0.00, real=0.02 secs] 
304.388: [GC (Allocation Failure) [PSYoungGen: 403537K->184462K(465920K)] 1236240K->1018410K(1474048K), 0.0206100 secs] [Times: user=0.03 sys=0.01, real=0.02 secs] 
306.264: [GC (Allocation Failure) [PSYoungGen: 409467K->135408K(465920K)] 1243415K->969621K(1474048K), 0.0373839 secs] [Times: user=0.06 sys=0.00, real=0.04 secs] 
307.676: [GC (Allocation Failure) [PSYoungGen: 368368K->1762K(465920K)] 1202581K->836281K(1474048K), 0.0030225 secs] [Times: user=0.02 sys=0.00, real=0.00 secs] 
307.961: [GC (Allocation Failure) [PSYoungGen: 234722K->184847K(465920K)] 1069241K->1020612K(1474048K), 0.0204877 secs] [Times: user=0.03 sys=0.00, real=0.02 secs] 
308.249: [GC (Allocation Failure) [PSYoungGen: 417807K->184687K(465920K)] 1253572K->1020861K(1474048K), 0.0203207 secs] [Times: user=0.03 sys=0.00, real=0.02 secs] 
308.836: [GC (Allocation Failure) [PSYoungGen: 417647K->127518K(465920K)] 1253821K->963837K(1474048K), 0.0164517 secs] [Times: user=0.03 sys=0.00, real=0.02 secs] 
310.162: [GC (Allocation Failure) [PSYoungGen: 360478K->25185K(465920K)] 1196797K->861828K(1474048K), 0.0053764 secs] [Times: user=0.01 sys=0.00, real=0.00 secs] 
310.513: [GC (Allocation Failure) [PSYoungGen: 258145K->184205K(465920K)] 1094788K->1022101K(1474048K), 0.0207395 secs] [Times: user=0.03 sys=0.00, real=0.02 secs] 
310.796: [GC (Allocation Failure) [PSYoungGen: 417165K->184430K(465920K)] 1255061K->1022735K(1474048K), 0.0202682 secs] [Times: user=0.03 sys=0.00, real=0.02 secs] 
311.429: [GC (Allocation Failure) [PSYoungGen: 417390K->105026K(465920K)] 1255695K->943477K(1474048K), 0.0139697 secs] [Times: user=0.03 sys=0.00, real=0.02 secs] 
312.692: [GC (Allocation Failure) [PSYoungGen: 337986K->47934K(465920K)] 1176437K->886684K(1474048K), 0.0088668 secs] [Times: user=0.02 sys=0.00, real=0.01 secs] 
313.071: [GC (Allocation Failure) [PSYoungGen: 280894K->184976K(465920K)] 1119644K->1024971K(1474048K), 0.0209654 secs] [Times: user=0.03 sys=0.00, real=0.02 secs] 
313.355: [GC (Allocation Failure) [PSYoungGen: 417936K->184944K(465920K)] 1257931K->1025220K(1474048K), 0.0207684 secs] [Times: user=0.03 sys=0.00, real=0.02 secs] 
314.716: [GC (Allocation Failure) [PSYoungGen: 417904K->64513K(465920K)] 1258180K->905062K(1474048K), 0.0173640 secs] [Times: user=0.04 sys=0.00, real=0.02 secs] 
316.643: [GC (Allocation Failure) [PSYoungGen: 297473K->71354K(465920K)] 1138022K->912217K(1474048K), 0.0104482 secs] [Times: user=0.02 sys=0.00, real=0.01 secs] 
316.994: [GC (Allocation Failure) [PSYoungGen: 304314K->186389K(465920K)] 1145177K->1028627K(1474048K), 0.0209213 secs] [Times: user=0.03 sys=0.00, real=0.02 secs] 
317.334: [GC (Allocation Failure) [PSYoungGen: 419349K->186100K(465920K)] 1261587K->1028483K(1474048K), 0.0205711 secs] [Times: user=0.03 sys=0.00, real=0.02 secs] 
318.142: [GC (Allocation Failure) [PSYoungGen: 419060K->38551K(465920K)] 1261443K->881198K(1474048K), 0.0072955 secs] [Times: user=0.02 sys=0.00, real=0.00 secs] 
318.784: [GC (Allocation Failure) [PSYoungGen: 271511K->98376K(465920K)] 1114158K->941331K(1474048K), 0.0116095 secs] [Times: user=0.02 sys=0.00, real=0.01 secs] 
319.060: [GC (Allocation Failure) [PSYoungGen: 331336K->186004K(465920K)] 1174291K->1030333K(1474048K), 0.0209638 secs] [Times: user=0.03 sys=0.00, real=0.02 secs] 
319.350: [GC (Allocation Failure) [PSYoungGen: 418964K->186004K(465920K)] 1263293K->1030485K(1474048K), 0.0206915 secs] [Times: user=0.03 sys=0.00, real=0.02 secs] 
322.318: [GC (Allocation Failure) [PSYoungGen: 418964K->12107K(465920K)] 1263445K->856990K(1474048K), 0.0059877 secs] [Times: user=0.02 sys=0.00, real=0.01 secs] 
323.274: [GC (Allocation Failure) [PSYoungGen: 245067K->123952K(465920K)] 1089950K->969015K(1474048K), 0.0142388 secs] [Times: user=0.02 sys=0.00, real=0.01 secs] 
323.550: [GC (Allocation Failure) [PSYoungGen: 356912K->184301K(465920K)] 1201975K->1030617K(1474048K), 0.0207013 secs] [Times: user=0.03 sys=0.00, real=0.02 secs] 
324.775: [GC (Allocation Failure) [PSYoungGen: 417261K->175038K(465920K)] 1263577K->1021627K(1474048K), 0.0319704 secs] [Times: user=0.04 sys=0.01, real=0.03 secs] 
327.140: [GC (Allocation Failure) [PSYoungGen: 407998K->96K(465920K)] 1254587K->848125K(1474048K), 0.0045708 secs] [Times: user=0.02 sys=0.00, real=0.00 secs] 
327.995: [GC (Allocation Failure) [PSYoungGen: 233056K->147796K(465920K)] 1081085K->995833K(1474048K), 0.0165581 secs] [Times: user=0.02 sys=0.00, real=0.02 secs] 
328.275: [GC (Allocation Failure) [PSYoungGen: 380756K->184687K(465920K)] 1228793K->1033961K(1474048K), 0.0204881 secs] [Times: user=0.03 sys=0.00, real=0.02 secs] 
329.006: [GC (Allocation Failure) [PSYoungGen: 417647K->157883K(465920K)] 1266921K->1007423K(1474048K), 0.0411837 secs] [Times: user=0.06 sys=0.00, real=0.04 secs] 
331.671: [GC (Allocation Failure) [PSYoungGen: 390843K->160K(465920K)] 1240383K->851159K(1474048K), 0.0058402 secs] [Times: user=0.02 sys=0.00, real=0.00 secs] 
332.212: [GC (Allocation Failure) [PSYoungGen: 233120K->172248K(465920K)] 1084119K->1023271K(1474048K), 0.0190159 secs] [Times: user=0.02 sys=0.00, real=0.02 secs] 
332.550: [GC (Allocation Failure) [PSYoungGen: 405208K->186004K(465920K)] 1256231K->1038281K(1474048K), 0.0209805 secs] [Times: user=0.03 sys=0.00, real=0.02 secs] 
333.050: [GC (Allocation Failure) [PSYoungGen: 418964K->140402K(465920K)] 1271241K->992953K(1474048K), 0.0182784 secs] [Times: user=0.03 sys=0.00, real=0.02 secs] 
334.790: [GC (Allocation Failure) [PSYoungGen: 373362K->13358K(465920K)] 1225913K->866218K(1474048K), 0.0046455 secs] [Times: user=0.01 sys=0.00, real=0.00 secs] 
335.168: [GC (Allocation Failure) [PSYoungGen: 246318K->185715K(465920K)] 1099178K->1039821K(1474048K), 0.0207919 secs] [Times: user=0.03 sys=0.00, real=0.02 secs] 
335.454: [GC (Allocation Failure) [PSYoungGen: 418675K->185843K(465920K)] 1272781K->1040230K(1474048K), 0.0204898 secs] [Times: user=0.03 sys=0.00, real=0.02 secs] 
336.226: [GC (Allocation Failure) [PSYoungGen: 418803K->113863K(465920K)] 1273190K->968514K(1474048K), 0.0171804 secs] [Times: user=0.04 sys=0.01, real=0.02 secs] 
337.717: [GC (Allocation Failure) [PSYoungGen: 346823K->39322K(465920K)] 1201474K->894282K(1474048K), 0.0068824 secs] [Times: user=0.01 sys=0.00, real=0.01 secs] 
338.062: [GC (Allocation Failure) [PSYoungGen: 272282K->186229K(465920K)] 1127242K->1042434K(1474048K), 0.0207496 secs] [Times: user=0.03 sys=0.00, real=0.02 secs] 
338.407: [GC (Allocation Failure) [PSYoungGen: 419189K->184301K(465920K)] 1275394K->1040787K(1474048K), 0.0203501 secs] [Times: user=0.03 sys=0.00, real=0.02 secs] 
339.604: [GC (Allocation Failure) [PSYoungGen: 417261K->72513K(465920K)] 1273747K->929272K(1474048K), 0.0113941 secs] [Times: user=0.02 sys=0.00, real=0.01 secs] 
341.113: [GC (Allocation Failure) [PSYoungGen: 305473K->64385K(465920K)] 1162232K->921468K(1474048K), 0.0083387 secs] [Times: user=0.02 sys=0.00, real=0.01 secs] 
341.387: [GC (Allocation Failure) [PSYoungGen: 297345K->184719K(465920K)] 1154428K->1043047K(1474048K), 0.0204968 secs] [Times: user=0.03 sys=0.00, real=0.02 secs] 
341.673: [GC (Allocation Failure) [PSYoungGen: 417679K->184012K(465920K)] 1276007K->1042622K(1474048K), 0.0205065 secs] [Times: user=0.03 sys=0.00, real=0.02 secs] 
342.792: [GC (Allocation Failure) [PSYoungGen: 416972K->49218K(465920K)] 1275582K->908093K(1474048K), 0.0098202 secs] [Times: user=0.02 sys=0.00, real=0.01 secs] 
344.488: [GC (Allocation Failure) [PSYoungGen: 282105K->86491K(465920K)] 1140979K->945679K(1474048K), 0.0106102 secs] [Times: user=0.02 sys=0.00, real=0.01 secs] 
344.820: [GC (Allocation Failure) [PSYoungGen: 319451K->184173K(465920K)] 1178639K->1044615K(1474048K), 0.0208650 secs] [Times: user=0.03 sys=0.00, real=0.02 secs] 
345.110: [GC (Allocation Failure) [PSYoungGen: 417133K->184558K(465920K)] 1277575K->1045281K(1474048K), 0.0205245 secs] [Times: user=0.03 sys=0.00, real=0.03 secs] 
345.970: [GC (Allocation Failure) [PSYoungGen: 417518K->27112K(465920K)] 1278241K->888100K(1474048K), 0.0059690 secs] [Times: user=0.01 sys=0.00, real=0.01 secs] 
346.917: [GC (Allocation Failure) [PSYoungGen: 260072K->109271K(465920K)] 1121060K->970573K(1474048K), 0.0128272 secs] [Times: user=0.02 sys=0.00, real=0.01 secs] 
347.192: [GC (Allocation Failure) [PSYoungGen: 342231K->184301K(465920K)] 1203533K->1046857K(1474048K), 0.0207477 secs] [Times: user=0.02 sys=0.00, real=0.02 secs] 
347.476: [GC (Allocation Failure) [PSYoungGen: 417261K->184655K(465920K)] 1279817K->1047491K(1474048K), 0.0204942 secs] [Times: user=0.03 sys=0.00, real=0.02 secs] 
349.566: [GC (Allocation Failure) [PSYoungGen: 417615K->4139K(465920K)] 1280451K->867240K(1474048K), 0.0039729 secs] [Times: user=0.01 sys=0.00, real=0.00 secs] 
350.408: [GC (Allocation Failure) [PSYoungGen: 237099K->131506K(465920K)] 1100200K->994929K(1474048K), 0.0149805 secs] [Times: user=0.02 sys=0.00, real=0.02 secs] 
350.684: [GC (Allocation Failure) [PSYoungGen: 364466K->184173K(465920K)] 1227889K->1048849K(1474048K), 0.0207344 secs] [Times: user=0.03 sys=0.01, real=0.02 secs] 
351.305: [GC (Allocation Failure) [PSYoungGen: 417133K->170624K(465920K)] 1281809K->1035582K(1474048K), 0.0270495 secs] [Times: user=0.04 sys=0.00, real=0.03 secs] 
352.267: [GC (Allocation Failure) [PSYoungGen: 403584K->128K(465920K)] 1268542K->866533K(1474048K), 0.0028810 secs] [Times: user=0.02 sys=0.00, real=0.01 secs] 
352.679: [GC (Allocation Failure) [PSYoungGen: 233088K->153997K(465920K)] 1099493K->1020411K(1474048K), 0.0172860 secs] [Times: user=0.02 sys=0.00, real=0.02 secs] 
352.961: [GC (Allocation Failure) [PSYoungGen: 386957K->184301K(465920K)] 1253371K->1051968K(1474048K), 0.0204646 secs] [Times: user=0.03 sys=0.00, real=0.02 secs] 
353.654: [GC (Allocation Failure) [PSYoungGen: 417261K->152132K(465920K)] 1284928K->1020072K(1474048K), 0.0199571 secs] [Times: user=0.03 sys=0.00, real=0.02 secs] 
354.738: [GC (Allocation Failure) [PSYoungGen: 385092K->128K(465920K)] 1253032K->869505K(1474048K), 0.0033415 secs] [Times: user=0.02 sys=0.00, real=0.01 secs] 
355.221: [GC (Allocation Failure) [PSYoungGen: 233088K->178545K(465920K)] 1102465K->1047947K(1474048K), 0.0197387 secs] [Times: user=0.03 sys=0.00, real=0.02 secs] 
355.513: [GC (Allocation Failure) [PSYoungGen: 411505K->186164K(465920K)] 1280907K->1056812K(1474048K), 0.0208946 secs] [Times: user=0.02 sys=0.00, real=0.02 secs] 
356.428: [GC (Allocation Failure) [PSYoungGen: 419124K->133944K(465920K)] 1289772K->1004857K(1474048K), 0.0235991 secs] [Times: user=0.04 sys=0.00, real=0.03 secs] 
358.779: [GC (Allocation Failure) [PSYoungGen: 366904K->19658K(465920K)] 1237817K->890885K(1474048K), 0.0070330 secs] [Times: user=0.03 sys=0.00, real=0.01 secs] 
359.124: [GC (Allocation Failure) [PSYoungGen: 252618K->186518K(465920K)] 1123845K->1058998K(1474048K), 0.0209582 secs] [Times: user=0.03 sys=0.00, real=0.02 secs] 
359.409: [GC (Allocation Failure) [PSYoungGen: 419478K->185972K(465920K)] 1291958K->1058861K(1474048K), 0.0206771 secs] [Times: user=0.03 sys=0.00, real=0.03 secs] 
360.077: [GC (Allocation Failure) [PSYoungGen: 418932K->106697K(465920K)] 1291821K->979723K(1474048K), 0.0134869 secs] [Times: user=0.03 sys=0.00, real=0.02 secs] 
361.446: [GC (Allocation Failure) [PSYoungGen: 339657K->46006K(465920K)] 1212683K->919347K(1474048K), 0.0079799 secs] [Times: user=0.02 sys=0.00, real=0.01 secs] 
361.734: [GC (Allocation Failure) [PSYoungGen: 278966K->186229K(465920K)] 1152307K->1060953K(1474048K), 0.0212405 secs] [Times: user=0.03 sys=0.00, real=0.02 secs] 
362.023: [GC (Allocation Failure) [PSYoungGen: 419189K->185972K(465920K)] 1293913K->1060848K(1474048K), 0.0206329 secs] [Times: user=0.03 sys=0.00, real=0.02 secs] 
362.883: [GC (Allocation Failure) [PSYoungGen: 418932K->64191K(465920K)] 1293808K->939333K(1474048K), 0.0100538 secs] [Times: user=0.02 sys=0.00, real=0.01 secs] 
364.033: [GC (Allocation Failure) [PSYoungGen: 297151K->71967K(465920K)] 1172293K->947425K(1474048K), 0.0091581 secs] [Times: user=0.01 sys=0.01, real=0.01 secs] 
364.304: [GC (Allocation Failure) [PSYoungGen: 304927K->184269K(465920K)] 1180385K->1060980K(1474048K), 0.0205363 secs] [Times: user=0.03 sys=0.00, real=0.02 secs] 
364.642: [GC (Allocation Failure) [PSYoungGen: 417229K->183819K(465920K)] 1293940K->1060811K(1474048K), 0.0204050 secs] [Times: user=0.03 sys=0.00, real=0.02 secs] 
365.747: [GC (Allocation Failure) [PSYoungGen: 416779K->42278K(465920K)] 1293771K->919543K(1474048K), 0.0089623 secs] [Times: user=0.02 sys=0.00, real=0.01 secs] 
367.062: [GC (Allocation Failure) [PSYoungGen: 275238K->93848K(465920K)] 1152503K->971431K(1474048K), 0.0112429 secs] [Times: user=0.02 sys=0.00, real=0.01 secs] 
367.343: [GC (Allocation Failure) [PSYoungGen: 326808K->184044K(465920K)] 1204391K->1062881K(1474048K), 0.0206903 secs] [Times: user=0.03 sys=0.00, real=0.02 secs] 
367.627: [GC (Allocation Failure) [PSYoungGen: 417004K->184044K(465920K)] 1295841K->1063162K(1474048K), 0.0203739 secs] [Times: user=0.02 sys=0.00, real=0.02 secs] 
370.180: [GC (Allocation Failure) [PSYoungGen: 417004K->20461K(465920K)] 1296122K->899980K(1474048K), 0.0090562 secs] [Times: user=0.02 sys=0.00, real=0.01 secs] 
371.152: [GC (Allocation Failure) [PSYoungGen: 253421K->115341K(465920K)] 1132940K->995053K(1474048K), 0.0154330 secs] [Times: user=0.03 sys=0.00, real=0.01 secs] 
371.435: [GC (Allocation Failure) [PSYoungGen: 348301K->184205K(465920K)] 1228013K->1065299K(1474048K), 0.0207755 secs] [Times: user=0.02 sys=0.00, real=0.02 secs] 
371.714: [GC (Allocation Failure) [PSYoungGen: 417165K->181442K(465920K)] 1298259K->1062689K(1474048K), 0.0202863 secs] [Times: user=0.03 sys=0.00, real=0.02 secs] 
372.733: [GC (Allocation Failure) [PSYoungGen: 414402K->1408K(465920K)] 1295649K->882807K(1474048K), 0.0030120 secs] [Times: user=0.01 sys=0.00, real=0.00 secs] 
373.290: [GC (Allocation Failure) [PSYoungGen: 234368K->135519K(465920K)] 1115767K->1017100K(1474048K), 0.0154916 secs] [Times: user=0.02 sys=0.00, real=0.02 secs] 
373.567: [GC (Allocation Failure) [PSYoungGen: 368479K->184558K(465920K)] 1250060K->1067393K(1474048K), 0.0207185 secs] [Times: user=0.03 sys=0.00, real=0.02 secs] 
374.848: [GC (Allocation Failure) [PSYoungGen: 417518K->166222K(465920K)] 1300353K->1049329K(1474048K), 0.0381177 secs] [Times: user=0.06 sys=0.00, real=0.04 secs] 
376.184: [GC (Allocation Failure) [PSYoungGen: 399182K->96K(465920K)] 1282289K->884639K(1474048K), 0.0029296 secs] [Times: user=0.01 sys=0.00, real=0.00 secs] 
376.569: [GC (Allocation Failure) [PSYoungGen: 233056K->158364K(465920K)] 1117599K->1042931K(1474048K), 0.0177979 secs] [Times: user=0.02 sys=0.00, real=0.02 secs] 
376.909: [GC (Allocation Failure) [PSYoungGen: 391324K->184462K(465920K)] 1275891K->1070282K(1474048K), 0.0208598 secs] [Times: user=0.03 sys=0.00, real=0.03 secs] 
377.388: [GC (Allocation Failure) [PSYoungGen: 417422K->147633K(465920K)] 1303242K->1033727K(1474048K), 0.0187808 secs] [Times: user=0.03 sys=0.00, real=0.02 secs] 
378.469: [GC (Allocation Failure) [PSYoungGen: 380593K->64K(465920K)] 1266687K->887603K(1474048K), 0.0028474 secs] [Times: user=0.01 sys=0.00, real=0.01 secs] 
378.801: [GC (Allocation Failure) [PSYoungGen: 233024K->180794K(465920K)] 1120563K->1068358K(1474048K), 0.0198630 secs] [Times: user=0.03 sys=0.00, real=0.02 secs] 
379.088: [GC (Allocation Failure) [PSYoungGen: 413754K->184430K(465920K)] 1301318K->1073247K(1474048K), 0.0204470 secs] [Times: user=0.03 sys=0.00, real=0.02 secs] 
379.677: [GC (Allocation Failure) [PSYoungGen: 417390K->133462K(465920K)] 1306207K->1022544K(1474048K), 0.0165748 secs] [Times: user=0.03 sys=0.00, real=0.02 secs] 
381.178: [GC (Allocation Failure) [PSYoungGen: 366422K->19144K(465920K)] 1255504K->908542K(1474048K), 0.0055055 secs] [Times: user=0.02 sys=0.00, real=0.01 secs] 
381.479: [GC (Allocation Failure) [PSYoungGen: 252104K->184430K(465920K)] 1141502K->1075081K(1474048K), 0.0204106 secs] [Times: user=0.03 sys=0.00, real=0.02 secs] 
381.768: [GC (Allocation Failure) [PSYoungGen: 417390K->184333K(465920K)] 1308041K->1075266K(1474048K), 0.0209379 secs] [Times: user=0.03 sys=0.00, real=0.02 secs] 
382.464: [GC (Allocation Failure) [PSYoungGen: 417293K->110907K(465920K)] 1308226K->1002112K(1474048K), 0.0130271 secs] [Times: user=0.02 sys=0.00, real=0.01 secs] 
383.950: [GC (Allocation Failure) [PSYoungGen: 343867K->41764K(465920K)] 1235072K->933276K(1474048K), 0.0091936 secs] [Times: user=0.02 sys=0.00, real=0.00 secs] 
384.278: [GC (Allocation Failure) [PSYoungGen: 274724K->186486K(465920K)] 1166236K->1079251K(1474048K), 0.0206511 secs] [Times: user=0.03 sys=0.00, real=0.02 secs] 
384.621: [GC (Allocation Failure) [PSYoungGen: 419446K->186100K(465920K)] 1312211K->1079275K(1474048K), 0.0207604 secs] [Times: user=0.02 sys=0.01, real=0.02 secs] 
386.297: [GC (Allocation Failure) [PSYoungGen: 419060K->68015K(465920K)] 1312235K->961454K(1474048K), 0.0158523 secs] [Times: user=0.03 sys=0.00, real=0.02 secs] 
388.347: [GC (Allocation Failure) [PSYoungGen: 300975K->68883K(465920K)] 1194414K->962516K(1474048K), 0.0089298 secs] [Times: user=0.02 sys=0.00, real=0.01 secs] 
388.620: [GC (Allocation Failure) [PSYoungGen: 301843K->185875K(465920K)] 1195476K->1080762K(1474048K), 0.0206493 secs] [Times: user=0.03 sys=0.00, real=0.03 secs] 
388.908: [GC (Allocation Failure) [PSYoungGen: 418835K->184494K(465920K)] 1313722K->1079653K(1474048K), 0.0206134 secs] [Times: user=0.03 sys=0.01, real=0.02 secs] 
390.853: [GC (Allocation Failure) [PSYoungGen: 417454K->43210K(465920K)] 1312613K->938642K(1474048K), 0.0159609 secs] [Times: user=0.04 sys=0.00, real=0.01 secs] 
391.766: [GC (Allocation Failure) [PSYoungGen: 276170K->92949K(465920K)] 1171602K->988699K(1474048K), 0.0113816 secs] [Times: user=0.02 sys=0.00, real=0.01 secs] 
392.043: [GC (Allocation Failure) [PSYoungGen: 325909K->184044K(465920K)] 1221659K->1081048K(1474048K), 0.0204596 secs] [Times: user=0.03 sys=0.00, real=0.02 secs] 
392.391: [GC (Allocation Failure) [PSYoungGen: 417004K->184108K(465920K)] 1314008K->1081393K(1474048K), 0.0205265 secs] [Times: user=0.03 sys=0.00, real=0.02 secs] 
394.363: [GC (Allocation Failure) [PSYoungGen: 417068K->21361K(465920K)] 1314353K->919047K(1474048K), 0.0085526 secs] [Times: user=0.03 sys=0.00, real=0.01 secs] 
395.644: [GC (Allocation Failure) [PSYoungGen: 254321K->114570K(465920K)] 1152007K->1012451K(1474048K), 0.0132682 secs] [Times: user=0.02 sys=0.00, real=0.01 secs] 
395.919: [GC (Allocation Failure) [PSYoungGen: 347530K->184173K(465920K)] 1245411K->1083436K(1474048K), 0.0209246 secs] [Times: user=0.03 sys=0.00, real=0.03 secs] 
396.206: [GC (Allocation Failure) [PSYoungGen: 417133K->182277K(465920K)] 1316396K->1081821K(1474048K), 0.0202939 secs] [Times: user=0.03 sys=0.00, real=0.02 secs] 
398.802: [GC (Allocation Failure) [PSYoungGen: 415237K->1376K(465920K)] 1314781K->900944K(1474048K), 0.0033400 secs] [Times: user=0.02 sys=0.00, real=0.00 secs] 
400.105: [GC (Allocation Failure) [PSYoungGen: 234336K->135265K(465920K)] 1133904K->1035023K(1474048K), 0.0155823 secs] [Times: user=0.02 sys=0.00, real=0.02 secs] 
400.383: [GC (Allocation Failure) [PSYoungGen: 368225K->184558K(465920K)] 1267983K->1085562K(1474048K), 0.0206408 secs] [Times: user=0.03 sys=0.01, real=0.02 secs] 
401.758: [GC (Allocation Failure) [PSYoungGen: 417518K->164495K(465920K)] 1318522K->1065764K(1474048K), 0.0309531 secs] [Times: user=0.05 sys=0.01, real=0.03 secs] 
403.076: [GC (Allocation Failure) [PSYoungGen: 397455K->160K(465920K)] 1298724K->902878K(1474048K), 0.0030055 secs] [Times: user=0.01 sys=0.00, real=0.00 secs] 
403.484: [GC (Allocation Failure) [PSYoungGen: 233120K->158207K(465920K)] 1135838K->1060941K(1474048K), 0.0179693 secs] [Times: user=0.02 sys=0.00, real=0.02 secs] 
403.765: [GC (Allocation Failure) [PSYoungGen: 391167K->184462K(465920K)] 1293901K->1088442K(1474048K), 0.0208199 secs] [Times: user=0.03 sys=0.01, real=0.02 secs] 
405.251: [GC (Allocation Failure) [PSYoungGen: 417422K->147730K(465920K)] 1321402K->1051991K(1474048K), 0.0221481 secs] [Times: user=0.04 sys=0.00, real=0.02 secs] 
407.501: [GC (Allocation Failure) [PSYoungGen: 380690K->96K(465920K)] 1284951K->905804K(1474048K), 0.0046987 secs] [Times: user=0.03 sys=0.00, real=0.00 secs] 
407.928: [GC (Allocation Failure) [PSYoungGen: 233056K->180088K(465920K)] 1138764K->1085813K(1474048K), 0.0198454 secs] [Times: user=0.03 sys=0.00, real=0.02 secs] 
408.220: [GC (Allocation Failure) [PSYoungGen: 413048K->184044K(465920K)] 1318773K->1091015K(1474048K), 0.0204738 secs] [Times: user=0.03 sys=0.00, real=0.02 secs] 
408.761: [GC (Allocation Failure) [PSYoungGen: 417004K->134426K(465920K)] 1323975K->1041678K(1474048K), 0.0162382 secs] [Times: user=0.03 sys=0.00, real=0.01 secs] 
409.691: [GC (Allocation Failure) [PSYoungGen: 367386K->18627K(465920K)] 1274638K->926187K(1474048K), 0.0040481 secs] [Times: user=0.01 sys=0.00, real=0.00 secs] 
409.960: [GC (Allocation Failure) [PSYoungGen: 251587K->186229K(465920K)] 1159147K->1095034K(1474048K), 0.0206021 secs] [Times: user=0.03 sys=0.00, real=0.02 secs] 
410.254: [GC (Allocation Failure) [PSYoungGen: 419189K->185940K(465920K)] 1327994K->1095026K(1474048K), 0.0206001 secs] [Times: user=0.03 sys=0.00, real=0.02 secs] 
411.274: [GC (Allocation Failure) [PSYoungGen: 418900K->107982K(465920K)] 1327986K->1017342K(1474048K), 0.0289955 secs] [Times: user=0.06 sys=0.00, real=0.03 secs] 
413.208: [GC (Allocation Failure) [PSYoungGen: 340942K->44463K(465920K)] 1250302K->954134K(1474048K), 0.0086179 secs] [Times: user=0.02 sys=0.00, real=0.01 secs] 
413.516: [GC (Allocation Failure) [PSYoungGen: 277423K->184687K(465920K)] 1187094K->1095611K(1474048K), 0.0205712 secs] [Times: user=0.03 sys=0.00, real=0.02 secs] 
413.798: [GC (Allocation Failure) [PSYoungGen: 417647K->184012K(465920K)] 1328571K->1095218K(1474048K), 0.0204813 secs] [Times: user=0.03 sys=0.00, real=0.02 secs] 
414.540: [GC (Allocation Failure) [PSYoungGen: 416972K->69219K(465920K)] 1328178K->980698K(1474048K), 0.0098151 secs] [Times: user=0.02 sys=0.00, real=0.01 secs] 
415.533: [GC (Allocation Failure) [PSYoungGen: 302179K->67212K(465920K)] 1213658K->978999K(1474048K), 0.0086266 secs] [Times: user=0.02 sys=0.00, real=0.01 secs] 
415.863: [GC (Allocation Failure) [PSYoungGen: 300172K->184205K(465920K)] 1211959K->1097373K(1474048K), 0.0205532 secs] [Times: user=0.03 sys=0.00, real=0.02 secs] 
416.150: [GC (Allocation Failure) [PSYoungGen: 417165K->184526K(465920K)] 1330333K->1097839K(1474048K), 0.0206154 secs] [Times: user=0.03 sys=0.00, real=0.02 secs] 
417.255: [GC (Allocation Failure) [PSYoungGen: 417486K->46455K(465920K)] 1330799K->960049K(1474048K), 0.0136899 secs] [Times: user=0.03 sys=0.00, real=0.01 secs] 
418.521: [GC (Allocation Failure) [PSYoungGen: 279415K->89736K(465920K)] 1193009K->1003656K(1474048K), 0.0131163 secs] [Times: user=0.03 sys=0.00, real=0.01 secs] 
418.810: [GC (Allocation Failure) [PSYoungGen: 322696K->184173K(465920K)] 1236616K->1099346K(1474048K), 0.0204966 secs] [Times: user=0.03 sys=0.00, real=0.02 secs] 
419.151: [GC (Allocation Failure) [PSYoungGen: 417133K->184590K(465920K)] 1332306K->1100045K(1474048K), 0.0206422 secs] [Times: user=0.03 sys=0.00, real=0.02 secs] 
421.131: [GC (Allocation Failure) [PSYoungGen: 417550K->23963K(465920K)] 1333005K->939820K(1474048K), 0.0071917 secs] [Times: user=0.02 sys=0.00, real=0.00 secs] 
422.227: [GC (Allocation Failure) [PSYoungGen: 256923K->111970K(465920K)] 1172780K->1028024K(1474048K), 0.0132719 secs] [Times: user=0.02 sys=0.00, real=0.02 secs] 
422.504: [GC (Allocation Failure) [PSYoungGen: 344930K->184173K(465920K)] 1260984K->1101480K(1474048K), 0.0207459 secs] [Times: user=0.03 sys=0.00, real=0.02 secs] 
422.787: [GC (Allocation Failure) [PSYoungGen: 417133K->184558K(465920K)] 1334440K->1102147K(1474048K), 0.0207112 secs] [Times: user=0.03 sys=0.00, real=0.02 secs] 
425.232: [GC (Allocation Failure) [PSYoungGen: 417518K->1665K(465920K)] 1335107K->919526K(1474048K), 0.0037719 secs] [Times: user=0.02 sys=0.00, real=0.00 secs] 
426.270: [GC (Allocation Failure) [PSYoungGen: 234625K->136004K(465920K)] 1152486K->1054179K(1474048K), 0.0155319 secs] [Times: user=0.02 sys=0.00, real=0.01 secs] 
426.550: [GC (Allocation Failure) [PSYoungGen: 368964K->186229K(465920K)] 1287139K->1105650K(1474048K), 0.0205842 secs] [Times: user=0.03 sys=0.00, real=0.02 secs] 
427.120: [GC (Allocation Failure) [PSYoungGen: 419189K->164069K(465920K)] 1338610K->1083899K(1474048K), 0.0198855 secs] [Times: user=0.03 sys=0.00, real=0.02 secs] 
428.377: [GC (Allocation Failure) [PSYoungGen: 397029K->96K(465920K)] 1316859K->921241K(1474048K), 0.0028303 secs] [Times: user=0.01 sys=0.00, real=0.01 secs] 
428.771: [GC (Allocation Failure) [PSYoungGen: 233048K->162962K(465920K)] 1154193K->1084123K(1474048K), 0.0182535 secs] [Times: user=0.03 sys=0.00, real=0.01 secs] 
429.055: [GC (Allocation Failure) [PSYoungGen: 395922K->185972K(465920K)] 1317083K->1108516K(1474048K), 0.0210602 secs] [Times: user=0.03 sys=0.00, real=0.02 secs] 
429.663: [GC (Allocation Failure) [PSYoungGen: 418932K->141432K(465920K)] 1341476K->1064128K(1474048K), 0.0185008 secs] [Times: user=0.03 sys=0.00, real=0.02 secs] 
431.788: [GC (Allocation Failure) [PSYoungGen: 374392K->1312K(465920K)] 1297088K->924312K(1474048K), 0.0059748 secs] [Times: user=0.03 sys=0.00, real=0.01 secs] 
432.206: [GC (Allocation Failure) [PSYoungGen: 234272K->186132K(465920K)] 1157272K->1110378K(1474048K), 0.0210336 secs] [Times: user=0.03 sys=0.00, real=0.02 secs] 
432.490: [GC (Allocation Failure) [PSYoungGen: 419092K->185940K(465920K)] 1343338K->1110338K(1474048K), 0.0205311 secs] [Times: user=0.03 sys=0.00, real=0.02 secs] 
433.530: [GC (Allocation Failure) [PSYoungGen: 418900K->125333K(465920K)] 1343298K->1050005K(1474048K), 0.0164717 secs] [Times: user=0.03 sys=0.00, real=0.01 secs] 
434.702: [GC (Allocation Failure) [PSYoungGen: 358293K->28427K(465920K)] 1282965K->953412K(1474048K), 0.0059995 secs] [Times: user=0.02 sys=0.00, real=0.00 secs] 
435.061: [GC (Allocation Failure) [PSYoungGen: 261387K->184173K(465920K)] 1186372K->1110411K(1474048K), 0.0210574 secs] [Times: user=0.03 sys=0.00, real=0.02 secs] 
435.351: [GC (Allocation Failure) [PSYoungGen: 417133K->186132K(465920K)] 1343371K->1112652K(1474048K), 0.0207292 secs] [Times: user=0.03 sys=0.00, real=0.02 secs] 
436.769: [GC (Allocation Failure) [PSYoungGen: 419092K->83695K(465920K)] 1345612K->1010487K(1474048K), 0.0134100 secs] [Times: user=0.03 sys=0.00, real=0.02 secs] 
437.710: [GC (Allocation Failure) [PSYoungGen: 316655K->52560K(465920K)] 1243447K->979673K(1474048K), 0.0072574 secs] [Times: user=0.02 sys=0.00, real=0.00 secs] 
437.982: [GC (Allocation Failure) [PSYoungGen: 285520K->186357K(465920K)] 1212633K->1114724K(1474048K), 0.0211389 secs] [Times: user=0.03 sys=0.00, real=0.02 secs] 
438.271: [GC (Allocation Failure) [PSYoungGen: 419317K->185940K(465920K)] 1347684K->1114716K(1474048K), 0.0208072 secs] [Times: user=0.03 sys=0.00, real=0.02 secs] 
440.048: [GC (Allocation Failure) [PSYoungGen: 418900K->57508K(465920K)] 1347676K->986428K(1474048K), 0.0129271 secs] [Times: user=0.03 sys=0.00, real=0.02 secs] 
441.534: [GC (Allocation Failure) [PSYoungGen: 290468K->77652K(465920K)] 1219388K->1006878K(1474048K), 0.0097404 secs] [Times: user=0.02 sys=0.00, real=0.01 secs] 
441.808: [GC (Allocation Failure) [PSYoungGen: 310612K->186421K(465920K)] 1239838K->1116901K(1474048K), 0.0211573 secs] [Times: user=0.03 sys=0.00, real=0.02 secs] 
442.095: [GC (Allocation Failure) [PSYoungGen: 419381K->184815K(465920K)] 1349861K->1115576K(1474048K), 0.0209790 secs] [Times: user=0.03 sys=0.00, real=0.02 secs] 
443.461: [GC (Allocation Failure) [PSYoungGen: 417775K->33554K(465920K)] 1348536K->964596K(1474048K), 0.0069429 secs] [Times: user=0.02 sys=0.00, real=0.00 secs] 
444.704: [GC (Allocation Failure) [PSYoungGen: 266514K->102074K(465920K)] 1197556K->1033440K(1474048K), 0.0122782 secs] [Times: user=0.02 sys=0.00, real=0.01 secs] 
444.981: [GC (Allocation Failure) [PSYoungGen: 335034K->186486K(465920K)] 1266400K->1119105K(1474048K), 0.0210748 secs] [Times: user=0.03 sys=0.00, real=0.02 secs] 
445.271: [GC (Allocation Failure) [PSYoungGen: 419446K->186068K(465920K)] 1352065K->1118969K(1474048K), 0.0207266 secs] [Times: user=0.03 sys=0.00, real=0.02 secs] 
447.549: [GC (Allocation Failure) [PSYoungGen: 419028K->7737K(465920K)] 1351929K->940903K(1474048K), 0.0062346 secs] [Times: user=0.02 sys=0.00, real=0.01 secs] 
448.719: [GC (Allocation Failure) [PSYoungGen: 240697K->128678K(465920K)] 1173863K->1062159K(1474048K), 0.0148961 secs] [Times: user=0.02 sys=0.00, real=0.02 secs] 
449.060: [GC (Allocation Failure) [PSYoungGen: 361638K->186004K(465920K)] 1295119K->1120867K(1474048K), 0.0212274 secs] [Times: user=0.03 sys=0.00, real=0.02 secs] 
449.518: [GC (Allocation Failure) [PSYoungGen: 418964K->171684K(465920K)] 1353827K->1106692K(1474048K), 0.0228379 secs] [Times: user=0.04 sys=0.00, real=0.03 secs] 
451.163: [GC (Allocation Failure) [PSYoungGen: 404644K->160K(465920K)] 1339652K->936607K(1474048K), 0.0032320 secs] [Times: user=0.01 sys=0.00, real=0.00 secs] 
451.568: [GC (Allocation Failure) [PSYoungGen: 233120K->152841K(465920K)] 1169567K->1089304K(1474048K), 0.0171176 secs] [Times: user=0.02 sys=0.00, real=0.02 secs] 
451.910: [GC (Allocation Failure) [PSYoungGen: 385801K->186229K(465920K)] 1322264K->1123946K(1474048K), 0.0208930 secs] [Times: user=0.03 sys=0.00, real=0.02 secs] 
452.671: [GC (Allocation Failure) [PSYoungGen: 419189K->151376K(465920K)] 1356906K->1089367K(1474048K), 0.0207797 secs] [Times: user=0.03 sys=0.00, real=0.02 secs] 
455.034: [GC (Allocation Failure) [PSYoungGen: 384336K->64K(465920K)] 1322327K->939498K(1474048K), 0.0042660 secs] [Times: user=0.02 sys=0.00, real=0.00 secs] 
455.463: [GC (Allocation Failure) [PSYoungGen: 233024K->177838K(465920K)] 1172458K->1117296K(1474048K), 0.0198024 secs] [Times: user=0.03 sys=0.00, real=0.02 secs] 
455.747: [GC (Allocation Failure) [PSYoungGen: 410798K->186357K(465920K)] 1350256K->1127069K(1474048K), 0.0211920 secs] [Times: user=0.02 sys=0.01, real=0.02 secs] 
456.310: [GC (Allocation Failure) [PSYoungGen: 419317K->134458K(465920K)] 1360029K->1075443K(1474048K), 0.0173248 secs] [Times: user=0.03 sys=0.00, real=0.01 secs] 
457.252: [GC (Allocation Failure) [PSYoungGen: 367418K->19530K(465920K)] 1308403K->960836K(1474048K), 0.0048887 secs] [Times: user=0.01 sys=0.00, real=0.00 secs] 
457.574: [GC (Allocation Failure) [PSYoungGen: 252490K->185747K(465920K)] 1193796K->1128436K(1474048K), 0.0211833 secs] [Times: user=0.03 sys=0.00, real=0.02 secs] 
457.861: [GC (Allocation Failure) [PSYoungGen: 418707K->184398K(465920K)] 1361396K->1127239K(1474048K), 0.0206143 secs] [Times: user=0.03 sys=0.00, real=0.02 secs] 
460.119: [GC (Allocation Failure) [PSYoungGen: 417358K->109123K(465920K)] 1360199K->1052230K(1474048K), 0.0194275 secs] [Times: user=0.04 sys=0.00, real=0.02 secs] 
461.977: [GC (Allocation Failure) [PSYoungGen: 342083K->43978K(465920K)] 1285190K->987400K(1474048K), 0.0077556 secs] [Times: user=0.02 sys=0.00, real=0.01 secs] 
462.261: [GC (Allocation Failure) [PSYoungGen: 276938K->184076K(465920K)] 1220360K->1128744K(1474048K), 0.0209354 secs] [Times: user=0.03 sys=0.00, real=0.02 secs] 
462.550: [GC (Allocation Failure) [PSYoungGen: 417036K->184847K(465920K)] 1361704K->1129796K(1474048K), 0.0205311 secs] [Times: user=0.03 sys=0.00, real=0.02 secs] 
463.884: [GC (Allocation Failure) [PSYoungGen: 417807K->69621K(465920K)] 1362756K->1014843K(1474048K), 0.0177830 secs] [Times: user=0.03 sys=0.00, real=0.02 secs] 
464.978: [GC (Allocation Failure) [PSYoungGen: 302581K->66342K(465920K)] 1247803K->1011885K(1474048K), 0.0086658 secs] [Times: user=0.01 sys=0.00, real=0.01 secs] 
465.250: [GC (Allocation Failure) [PSYoungGen: 299302K->184590K(465920K)] 1244845K->1131387K(1474048K), 0.0209902 secs] [Times: user=0.03 sys=0.00, real=0.03 secs] 
465.532: [GC (Allocation Failure) [PSYoungGen: 417550K->183787K(465920K)] 1364347K->1130865K(1474048K), 0.0204548 secs] [Times: user=0.03 sys=0.00, real=0.02 secs] 
467.093: [GC (Allocation Failure) [PSYoungGen: 416747K->47756K(465920K)] 1363825K->995107K(1474048K), 0.0154299 secs] [Times: user=0.04 sys=0.00, real=0.01 secs] 
468.443: [GC (Allocation Failure) [PSYoungGen: 280716K->89350K(465920K)] 1228067K->1037023K(1474048K), 0.0109695 secs] [Times: user=0.02 sys=0.00, real=0.01 secs] 
468.719: [GC (Allocation Failure) [PSYoungGen: 322310K->186004K(465920K)] 1269983K->1135051K(1474048K), 0.0212113 secs] [Times: user=0.03 sys=0.00, real=0.03 secs] 
469.007: [GC (Allocation Failure) [PSYoungGen: 418964K->184590K(465920K)] 1368011K->1133790K(1474048K), 0.0206332 secs] [Times: user=0.03 sys=0.00, real=0.02 secs] 
470.602: [GC (Allocation Failure) [PSYoungGen: 417550K->22533K(465920K)] 1366750K->971998K(1474048K), 0.0052303 secs] [Times: user=0.02 sys=0.00, real=0.00 secs] 
471.495: [GC (Allocation Failure) [PSYoungGen: 255493K->114027K(465920K)] 1204958K->1063807K(1474048K), 0.0134025 secs] [Times: user=0.02 sys=0.00, real=0.01 secs] 
471.773: [GC (Allocation Failure) [PSYoungGen: 346987K->186132K(465920K)] 1296767K->1137295K(1474048K), 0.0210430 secs] [Times: user=0.03 sys=0.00, real=0.02 secs] 
472.553: [GC (Allocation Failure) [PSYoungGen: 419092K->182383K(465920K)] 1370255K->1133810K(1474048K), 0.0266897 secs] [Times: user=0.04 sys=0.00, real=0.02 secs] 
475.608: [GC (Allocation Failure) [PSYoungGen: 415343K->128K(465920K)] 1366770K->952864K(1474048K), 0.0045092 secs] [Times: user=0.01 sys=0.01, real=0.01 secs] 
476.486: [GC (Allocation Failure) [PSYoungGen: 233088K->138832K(465920K)] 1185824K->1091584K(1474048K), 0.0158427 secs] [Times: user=0.03 sys=0.00, real=0.02 secs] 
476.824: [GC (Allocation Failure) [PSYoungGen: 371792K->184301K(465920K)] 1324544K->1138307K(1474048K), 0.0205388 secs] [Times: user=0.03 sys=0.00, real=0.02 secs] 
477.896: [GC (Allocation Failure) [PSYoungGen: 417261K->163121K(465920K)] 1371267K->1117529K(1474048K), 0.0290373 secs] [Times: user=0.04 sys=0.00, real=0.03 secs] 
480.478: [GC (Allocation Failure) [PSYoungGen: 396081K->96K(465920K)] 1350489K->955820K(1474048K), 0.0038284 secs] [Times: user=0.02 sys=0.00, real=0.01 secs] 
481.018: [GC (Allocation Failure) [PSYoungGen: 233056K->161323K(465920K)] 1188780K->1117080K(1474048K), 0.0183474 secs] [Times: user=0.02 sys=0.00, real=0.02 secs] 
481.304: [GC (Allocation Failure) [PSYoungGen: 394283K->184558K(465920K)] 1350040K->1141569K(1474048K), 0.0209284 secs] [Times: user=0.03 sys=0.00, real=0.02 secs] 
482.061: [GC (Allocation Failure) [PSYoungGen: 417518K->144549K(465920K)] 1374529K->1101832K(1474048K), 0.0183762 secs] [Times: user=0.03 sys=0.00, real=0.01 secs] 
484.164: [GC (Allocation Failure) [PSYoungGen: 377509K->96K(465920K)] 1334792K->958819K(1474048K), 0.0042721 secs] [Times: user=0.02 sys=0.00, real=0.00 secs] 
484.582: [GC (Allocation Failure) [PSYoungGen: 233056K->183108K(465920K)] 1191779K->1141855K(1474048K), 0.0202918 secs] [Times: user=0.02 sys=0.00, real=0.02 secs] 
484.932: [GC (Allocation Failure) [PSYoungGen: 416068K->184044K(465920K)] 1374815K->1144029K(1474048K), 0.0206393 secs] [Times: user=0.03 sys=0.00, real=0.02 secs] 
485.502: [GC (Allocation Failure) [PSYoungGen: 417004K->131486K(465920K)] 1376989K->1091744K(1474048K), 0.0168386 secs] [Times: user=0.03 sys=0.00, real=0.01 secs] 
486.440: [GC (Allocation Failure) [PSYoungGen: 364363K->21522K(465920K)] 1324621K->982104K(1474048K), 0.0058469 secs] [Times: user=0.01 sys=0.00, real=0.00 secs] 
486.822: [GC (Allocation Failure) [PSYoungGen: 254482K->186229K(465920K)] 1215064K->1148064K(1474048K), 0.0208286 secs] [Times: user=0.03 sys=0.00, real=0.02 secs] 
487.111: [GC (Allocation Failure) [PSYoungGen: 419189K->185908K(465920K)] 1381024K->1148024K(1474048K), 0.0211342 secs] [Times: user=0.03 sys=0.00, real=0.02 secs] 
489.048: [GC (Allocation Failure) [PSYoungGen: 418868K->105026K(465920K)] 1380984K->1067416K(1474048K), 0.0231165 secs] [Times: user=0.04 sys=0.00, real=0.03 secs] 
491.019: [GC (Allocation Failure) [PSYoungGen: 337986K->47934K(465920K)] 1300376K->1010637K(1474048K), 0.0085918 secs] [Times: user=0.02 sys=0.00, real=0.01 secs] 
491.308: [GC (Allocation Failure) [PSYoungGen: 280894K->186100K(465920K)] 1243597K->1150186K(1474048K), 0.0209874 secs] [Times: user=0.03 sys=0.00, real=0.02 secs] 
491.594: [GC (Allocation Failure) [PSYoungGen: 419060K->185972K(465920K)] 1383146K->1150210K(1474048K), 0.0208082 secs] [Times: user=0.03 sys=0.00, real=0.02 secs] 
494.693: [GC (Allocation Failure) [PSYoungGen: 418932K->62392K(465920K)] 1383170K->1026895K(1474048K), 0.0143276 secs] [Times: user=0.03 sys=0.00, real=0.01 secs] 
496.516: [GC (Allocation Failure) [PSYoungGen: 295352K->75181K(465920K)] 1259855K->1039991K(1474048K), 0.0116098 secs] [Times: user=0.03 sys=0.00, real=0.01 secs] 
496.796: [GC (Allocation Failure) [PSYoungGen: 308141K->185715K(465920K)] 1272951K->1151771K(1474048K), 0.0206721 secs] [Times: user=0.03 sys=0.00, real=0.02 secs] 
497.134: [GC (Allocation Failure) [PSYoungGen: 418675K->184398K(465920K)] 1384731K->1150735K(1474048K), 0.0208819 secs] [Times: user=0.03 sys=0.00, real=0.02 secs] 
498.682: [GC (Allocation Failure) [PSYoungGen: 417358K->37057K(465920K)] 1383695K->1003795K(1474048K), 0.0074013 secs] [Times: user=0.02 sys=0.00, real=0.00 secs] 
499.893: [GC (Allocation Failure) [PSYoungGen: 270017K->99019K(465920K)] 1236755K->1065936K(1474048K), 0.0118820 secs] [Times: user=0.02 sys=0.00, real=0.01 secs] 
500.170: [GC (Allocation Failure) [PSYoungGen: 331979K->186357K(465920K)] 1298896K->1154537K(1474048K), 0.0207268 secs] [Times: user=0.03 sys=0.00, real=0.02 secs] 
500.532: [GC (Allocation Failure) [PSYoungGen: 419317K->186004K(465920K)] 1387497K->1154593K(1474048K), 0.0206249 secs] [Times: user=0.03 sys=0.00, real=0.02 secs] 
502.607: [GC (Allocation Failure) [PSYoungGen: 418964K->11047K(465920K)] 1387553K->979909K(1474048K), 0.0070839 secs] [Times: user=0.03 sys=0.00, real=0.01 secs] 
503.585: [GC (Allocation Failure) [PSYoungGen: 244007K->125080K(465920K)] 1212869K->1094129K(1474048K), 0.0144239 secs] [Times: user=0.02 sys=0.00, real=0.01 secs] 
503.923: [GC (Allocation Failure) [PSYoungGen: 358040K->186164K(465920K)] 1327089K->1156467K(1474048K), 0.0207059 secs] [Times: user=0.03 sys=0.00, real=0.02 secs] 
504.556: [GC (Allocation Failure) [PSYoungGen: 419124K->175090K(465920K)] 1389427K->1145787K(1474048K), 0.0280903 secs] [Times: user=0.04 sys=0.00, real=0.03 secs] 
506.675: [GC (Allocation Failure) [PSYoungGen: 408050K->128K(465920K)] 1378747K->972145K(1474048K), 0.0031252 secs] [Times: user=0.02 sys=0.00, real=0.00 secs] 
507.269: [GC (Allocation Failure) [PSYoungGen: 233037K->151041K(465920K)] 1205055K->1123075K(1474048K), 0.0176351 secs] [Times: user=0.03 sys=0.00, real=0.02 secs] 
507.608: [GC (Allocation Failure) [PSYoungGen: 384001K->184944K(465920K)] 1356035K->1158231K(1474048K), 0.0209585 secs] [Times: user=0.03 sys=0.00, real=0.02 secs] 
508.350: [GC (Allocation Failure) [PSYoungGen: 417904K->154413K(465920K)] 1391191K->1127973K(1474048K), 0.0229869 secs] [Times: user=0.04 sys=0.00, real=0.03 secs] 
509.494: [GC (Allocation Failure) [PSYoungGen: 387373K->128K(465920K)] 1360933K->975134K(1474048K), 0.0033930 secs] [Times: user=0.01 sys=0.00, real=0.00 secs] 
509.839: [GC (Allocation Failure) [PSYoungGen: 233003K->173115K(465920K)] 1208010K->1148137K(1474048K), 0.0192719 secs] [Times: user=0.03 sys=0.00, real=0.02 secs] 
510.125: [GC (Allocation Failure) [PSYoungGen: 406075K->184333K(465920K)] 1381097K->1160617K(1474048K), 0.0205864 secs] [Times: user=0.03 sys=0.00, real=0.02 secs] 
511.296: [GC (Allocation Failure) [PSYoungGen: 417293K->141142K(465920K)] 1393577K->1117698K(1474048K), 0.0374675 secs] [Times: user=0.07 sys=0.00, real=0.04 secs] 
513.468: [GC (Allocation Failure) [PSYoungGen: 374102K->11591K(465920K)] 1350658K->988463K(1474048K), 0.0056846 secs] [Times: user=0.02 sys=0.00, real=0.01 secs] 
513.796: [GC (Allocation Failure) [PSYoungGen: 244551K->186357K(465920K)] 1221423K->1164612K(1474048K), 0.0211227 secs] [Times: user=0.03 sys=0.00, real=0.02 secs] 
514.081: [GC (Allocation Failure) [PSYoungGen: 419317K->186132K(465920K)] 1397572K->1164540K(1474048K), 0.0207490 secs] [Times: user=0.03 sys=0.00, real=0.02 secs] 
515.570: [GC (Allocation Failure) [PSYoungGen: 419092K->114826K(465920K)] 1397500K->1093627K(1474048K), 0.0343342 secs] [Times: user=0.07 sys=0.01, real=0.03 secs] 
517.815: [GC (Allocation Failure) [PSYoungGen: 347786K->38262K(465920K)] 1326587K->1017260K(1474048K), 0.0095023 secs] [Times: user=0.03 sys=0.00, real=0.01 secs] 
518.140: [GC (Allocation Failure) [PSYoungGen: 271222K->185843K(465920K)] 1250220K->1166095K(1474048K), 0.0207956 secs] [Times: user=0.03 sys=0.00, real=0.02 secs] 
518.491: [GC (Allocation Failure) [PSYoungGen: 418803K->185811K(465920K)] 1399055K->1166344K(1474048K), 0.0207702 secs] [Times: user=0.03 sys=0.00, real=0.02 secs] 
519.288: [GC (Allocation Failure) [PSYoungGen: 418771K->72352K(465920K)] 1399304K->1053150K(1474048K), 0.0201360 secs] [Times: user=0.04 sys=0.00, real=0.02 secs] 
520.176: [GC (Allocation Failure) [PSYoungGen: 305312K->64060K(465920K)] 1286110K->1045173K(1474048K), 0.0089431 secs] [Times: user=0.01 sys=0.01, real=0.01 secs] 
520.509: [GC (Allocation Failure) [PSYoungGen: 297020K->184076K(465920K)] 1278133K->1166443K(1474048K), 0.0207426 secs] [Times: user=0.03 sys=0.00, real=0.03 secs] 
520.799: [GC (Allocation Failure) [PSYoungGen: 417036K->183755K(465920K)] 1399403K->1166403K(1474048K), 0.0211824 secs] [Times: user=0.03 sys=0.00, real=0.03 secs] 
521.593: [GC (Allocation Failure) [PSYoungGen: 416715K->50535K(465920K)] 1399363K->1033449K(1474048K), 0.0091371 secs] [Times: user=0.02 sys=0.00, real=0.01 secs] 
522.335: [GC (Allocation Failure) [PSYoungGen: 283495K->85976K(465920K)] 1266409K->1069197K(1474048K), 0.0108360 secs] [Times: user=0.02 sys=0.00, real=0.01 secs] 
522.685: [GC (Allocation Failure) [PSYoungGen: 318936K->186486K(465920K)] 1302157K->1170960K(1474048K), 0.0209137 secs] [Times: user=0.03 sys=0.00, real=0.02 secs] 
522.969: [GC (Allocation Failure) [PSYoungGen: 419446K->186068K(465920K)] 1403920K->1170824K(1474048K), 0.0206703 secs] [Times: user=0.03 sys=0.00, real=0.03 secs] 
523.848: [GC (Allocation Failure) [PSYoungGen: 419028K->23803K(465920K)] 1403784K->1008823K(1474048K), 0.0059150 secs] [Times: user=0.02 sys=0.00, real=0.01 secs] 
524.560: [GC (Allocation Failure) [PSYoungGen: 256763K->112998K(465920K)] 1241783K->1098342K(1474048K), 0.0134952 secs] [Times: user=0.02 sys=0.00, real=0.02 secs] 
524.896: [GC (Allocation Failure) [PSYoungGen: 345958K->184687K(465920K)] 1331302K->1171276K(1474048K), 0.0205965 secs] [Times: user=0.03 sys=0.00, real=0.02 secs] 
525.232: [GC (Allocation Failure) [PSYoungGen: 417647K->183241K(465920K)] 1404236K->1170104K(1474048K), 0.0204527 secs] [Times: user=0.03 sys=0.00, real=0.02 secs] 
527.004: [GC (Allocation Failure) [PSYoungGen: 416201K->1408K(465920K)] 1403064K->988423K(1474048K), 0.0033846 secs] [Times: user=0.02 sys=0.00, real=0.00 secs] 
527.500: [GC (Allocation Failure) [PSYoungGen: 234368K->135104K(465920K)] 1221383K->1122323K(1474048K), 0.0159479 secs] [Times: user=0.02 sys=0.00, real=0.01 secs] 
527.840: [GC (Allocation Failure) [PSYoungGen: 368064K->184494K(465920K)] 1355283K->1173094K(1474048K), 0.0205697 secs] [Times: user=0.03 sys=0.00, real=0.03 secs] 
528.223: [GC (Allocation Failure) [PSYoungGen: 417454K->166784K(465920K)] 1406054K->1155537K(1474048K), 0.0231490 secs] [Times: user=0.03 sys=0.00, real=0.02 secs] 
529.438: [GC (Allocation Failure) [PSYoungGen: 399744K->128K(465920K)] 1388497K->990328K(1474048K), 0.0031983 secs] [Times: user=0.01 sys=0.00, real=0.01 secs] 
530.011: [GC (Allocation Failure) [PSYoungGen: 233075K->159684K(465920K)] 1223276K->1149901K(1474048K), 0.0181417 secs] [Times: user=0.02 sys=0.00, real=0.01 secs] 
530.350: [GC (Allocation Failure) [PSYoungGen: 392644K->186100K(465920K)] 1382861K->1177699K(1474048K), 0.0211772 secs] [Times: user=0.03 sys=0.00, real=0.03 secs] 
530.810: [GC (Allocation Failure) [PSYoungGen: 419060K->144661K(465920K)] 1410659K->1136525K(1474048K), 0.0193241 secs] [Times: user=0.03 sys=0.00, real=0.01 secs] 
532.127: [GC (Allocation Failure) [PSYoungGen: 377621K->224K(465920K)] 1369485K->992275K(1474048K), 0.0031564 secs] [Times: user=0.01 sys=0.00, real=0.01 secs] 
532.492: [GC (Allocation Failure) [PSYoungGen: 233184K->183975K(465920K)] 1225235K->1176059K(1474048K), 0.0203276 secs] [Times: user=0.03 sys=0.00, real=0.02 secs] 
532.829: [GC (Allocation Failure) [PSYoungGen: 416935K->184687K(465920K)] 1409019K->1178016K(1474048K), 0.0206694 secs] [Times: user=0.03 sys=0.00, real=0.03 secs] 
533.452: [GC (Allocation Failure) [PSYoungGen: 417647K->129992K(465920K)] 1410976K->1123722K(1474048K), 0.0171397 secs] [Times: user=0.04 sys=0.00, real=0.01 secs] 
534.472: [GC (Allocation Failure) [PSYoungGen: 362952K->22740K(465920K)] 1356682K->1016652K(1474048K), 0.0055768 secs] [Times: user=0.01 sys=0.00, real=0.00 secs] 
534.748: [GC (Allocation Failure) [PSYoungGen: 255700K->186229K(465920K)] 1249612K->1181386K(1474048K), 0.0206660 secs] [Times: user=0.03 sys=0.00, real=0.02 secs] 
535.032: [GC (Allocation Failure) [PSYoungGen: 419189K->184655K(465920K)] 1414346K->1180093K(1474048K), 0.0206946 secs] [Times: user=0.03 sys=0.00, real=0.02 secs] 
535.713: [GC (Allocation Failure) [PSYoungGen: 417615K->105091K(465920K)] 1413053K->1100802K(1474048K), 0.0132197 secs] [Times: user=0.02 sys=0.00, real=0.01 secs] 
536.630: [GC (Allocation Failure) [PSYoungGen: 338051K->47834K(465920K)] 1333762K->1043853K(1474048K), 0.0069233 secs] [Times: user=0.01 sys=0.00, real=0.01 secs] 
536.901: [GC (Allocation Failure) [PSYoungGen: 280794K->186229K(465920K)] 1276813K->1183502K(1474048K), 0.0208984 secs] [Times: user=0.03 sys=0.00, real=0.02 secs] 
537.190: [GC (Allocation Failure) [PSYoungGen: 419189K->184719K(465920K)] 1416462K->1182264K(1474048K), 0.0211548 secs] [Times: user=0.03 sys=0.00, real=0.02 secs] 
538.872: [GC (Allocation Failure) [PSYoungGen: 417679K->63629K(465920K)] 1415224K->1061440K(1474048K), 0.0146466 secs] [Times: user=0.03 sys=0.00, real=0.01 secs] 
540.284: [GC (Allocation Failure) [PSYoungGen: 296589K->72096K(465920K)] 1294400K->1070220K(1474048K), 0.0093079 secs] [Times: user=0.02 sys=0.01, real=0.01 secs] 
540.558: [GC (Allocation Failure) [PSYoungGen: 305056K->186518K(465920K)] 1303180K->1185896K(1474048K), 0.0207073 secs] [Times: user=0.02 sys=0.00, real=0.02 secs] 
540.896: [GC (Allocation Failure) [PSYoungGen: 419478K->186100K(465920K)] 1418856K->1185888K(1474048K), 0.0210045 secs] [Times: user=0.03 sys=0.00, real=0.02 secs] 
541.745: [GC (Allocation Failure) [PSYoungGen: 419060K->37683K(465920K)] 1418848K->1037744K(1474048K), 0.0071593 secs] [Times: user=0.02 sys=0.00, real=0.01 secs] 
542.486: [GC (Allocation Failure) [PSYoungGen: 270643K->99276K(465920K)] 1270704K->1099531K(1474048K), 0.0119399 secs] [Times: user=0.02 sys=0.00, real=0.01 secs] 
542.786: [GC (Allocation Failure) [PSYoungGen: 332236K->186004K(465920K)] 1332491K->1187634K(1474048K), 0.0226587 secs] [Times: user=0.03 sys=0.00, real=0.02 secs] 
543.137: [GC (Allocation Failure) [PSYoungGen: 418964K->185972K(465920K)] 1420594K->1187754K(1474048K), 0.0207981 secs] [Times: user=0.03 sys=0.00, real=0.02 secs] 
544.116: [GC (Allocation Failure) [PSYoungGen: 418932K->11223K(465920K)] 1420714K->1013407K(1474048K), 0.0044426 secs] [Times: user=0.02 sys=0.00, real=0.01 secs] 
544.749: [GC (Allocation Failure) [PSYoungGen: 244183K->125465K(465920K)] 1246367K->1127834K(1474048K), 0.0145583 secs] [Times: user=0.02 sys=0.00, real=0.02 secs] 
545.028: [GC (Allocation Failure) [PSYoungGen: 358425K->186100K(465920K)] 1360794K->1189723K(1474048K), 0.0209952 secs] [Times: user=0.03 sys=0.01, real=0.02 secs] 
545.511: [GC (Allocation Failure) [PSYoungGen: 419060K->174704K(465920K)] 1422683K->1178721K(1474048K), 0.0238021 secs] [Times: user=0.04 sys=0.00, real=0.02 secs] 
547.599: [GC (Allocation Failure) [PSYoungGen: 407664K->96K(465920K)] 1411681K->1005433K(1474048K), 0.0047987 secs] [Times: user=0.03 sys=0.00, real=0.01 secs] 
548.405: [GC (Allocation Failure) [PSYoungGen: 233056K->151812K(465920K)] 1238393K->1157158K(1474048K), 0.0172427 secs] [Times: user=0.03 sys=0.00, real=0.02 secs] 
548.741: [GC (Allocation Failure) [PSYoungGen: 384772K->185907K(465920K)] 1390118K->1192499K(1474048K), 0.0210295 secs] [Times: user=0.03 sys=0.00, real=0.02 secs] 
548.762: [Full GC (Ergonomics) [PSYoungGen: 185907K->0K(465920K)] [ParOldGen: 1006591K->510569K(966144K)] 1192499K->510569K(1432064K), [Metaspace: 55036K->55028K(1099776K)], 0.0634083 secs] [Times: user=0.27 sys=0.00, real=0.06 secs] 
549.703: [GC (Allocation Failure) [PSYoungGen: 232960K->152806K(465920K)] 743529K->663376K(1432064K), 0.0274239 secs] [Times: user=0.04 sys=0.00, real=0.03 secs] 
552.633: [GC (Allocation Failure) [PSYoungGen: 385766K->128K(465920K)] 896336K->512038K(1432064K), 0.0033532 secs] [Times: user=0.01 sys=0.00, real=0.00 secs] 
553.211: [GC (Allocation Failure) [PSYoungGen: 233088K->164408K(465920K)] 744998K->676334K(1432064K), 0.0179886 secs] [Times: user=0.02 sys=0.00, real=0.01 secs] 
553.495: [GC (Allocation Failure) [PSYoungGen: 397368K->186100K(465920K)] 909294K->699401K(1432064K), 0.0202822 secs] [Times: user=0.03 sys=0.00, real=0.02 secs] 
555.156: [GC (Allocation Failure) [PSYoungGen: 416896K->139938K(465920K)] 930197K->653383K(1432064K), 0.0295480 secs] [Times: user=0.04 sys=0.00, real=0.03 secs] 
556.672: [GC (Allocation Failure) [PSYoungGen: 372898K->160K(465920K)] 886343K->515049K(1432064K), 0.0023719 secs] [Times: user=0.01 sys=0.00, real=0.00 secs] 
557.039: [GC (Allocation Failure) [PSYoungGen: 233120K->172633K(465920K)] 748009K->687539K(1432064K), 0.0186775 secs] [Times: user=0.03 sys=0.00, real=0.02 secs] 
557.326: [GC (Allocation Failure) [PSYoungGen: 405593K->184430K(465920K)] 920499K->700709K(1432064K), 0.0199880 secs] [Times: user=0.03 sys=0.00, real=0.02 secs] 
558.675: [GC (Allocation Failure) [PSYoungGen: 417390K->141527K(465920K)] 933669K->657951K(1432064K), 0.0182779 secs] [Times: user=0.03 sys=0.00, real=0.02 secs] 
559.702: [GC (Allocation Failure) [PSYoungGen: 374487K->160K(465920K)] 890911K->518033K(1432064K), 0.0023834 secs] [Times: user=0.01 sys=0.00, real=0.00 secs] 
560.060: [GC (Allocation Failure) [PSYoungGen: 233120K->181919K(465920K)] 750993K->699833K(1432064K), 0.0195914 secs] [Times: user=0.03 sys=0.00, real=0.02 secs] 
560.347: [GC (Allocation Failure) [PSYoungGen: 414879K->184430K(465920K)] 932793K->703589K(1432064K), 0.0200233 secs] [Times: user=0.03 sys=0.00, real=0.02 secs] 
562.624: [GC (Allocation Failure) [PSYoungGen: 417390K->132273K(465920K)] 936549K->651706K(1432064K), 0.0265885 secs] [Times: user=0.04 sys=0.00, real=0.03 secs] 
563.837: [GC (Allocation Failure) [PSYoungGen: 365233K->6067K(465920K)] 884666K->525801K(1432064K), 0.0028619 secs] [Times: user=0.01 sys=0.01, real=0.00 secs] 
564.116: [GC (Allocation Failure) [PSYoungGen: 239027K->184301K(465920K)] 758761K->705297K(1432064K), 0.0200108 secs] [Times: user=0.03 sys=0.00, real=0.02 secs] 
564.398: [GC (Allocation Failure) [PSYoungGen: 417261K->184173K(465920K)] 938257K->705450K(1432064K), 0.0201549 secs] [Times: user=0.03 sys=0.00, real=0.02 secs] 
565.308: [GC (Allocation Failure) [PSYoungGen: 417133K->124289K(465920K)] 938410K->645847K(1432064K), 0.0195001 secs] [Times: user=0.04 sys=0.00, real=0.02 secs] 
566.429: [GC (Allocation Failure) [PSYoungGen: 357249K->15417K(465920K)] 878807K->537291K(1432064K), 0.0037684 secs] [Times: user=0.01 sys=0.00, real=0.01 secs] 
566.776: [GC (Allocation Failure) [PSYoungGen: 248377K->186357K(465920K)] 770251K->709614K(1432064K), 0.0204257 secs] [Times: user=0.03 sys=0.00, real=0.02 secs] 
567.060: [GC (Allocation Failure) [PSYoungGen: 419317K->186132K(465920K)] 942574K->709541K(1432064K), 0.0203100 secs] [Times: user=0.03 sys=0.00, real=0.02 secs] 
568.096: [GC (Allocation Failure) [PSYoungGen: 419092K->110955K(465920K)] 942501K->634765K(1432064K), 0.0175261 secs] [Times: user=0.03 sys=0.00, real=0.02 secs] 
569.091: [GC (Allocation Failure) [PSYoungGen: 343888K->29455K(465920K)] 867699K->553451K(1432064K), 0.0044477 secs] [Times: user=0.01 sys=0.00, real=0.00 secs] 
569.361: [GC (Allocation Failure) [PSYoungGen: 262415K->185747K(465920K)] 786411K->710996K(1432064K), 0.0201384 secs] [Times: user=0.02 sys=0.00, real=0.02 secs] 
569.649: [GC (Allocation Failure) [PSYoungGen: 418707K->184494K(465920K)] 943956K->710024K(1432064K), 0.0200130 secs] [Times: user=0.03 sys=0.00, real=0.02 secs] 
570.790: [GC (Allocation Failure) [PSYoungGen: 416389K->99179K(465920K)] 941919K->625127K(1432064K), 0.0137873 secs] [Times: user=0.02 sys=0.00, real=0.02 secs] 
571.759: [GC (Allocation Failure) [PSYoungGen: 332139K->38166K(465920K)] 858087K->564289K(1432064K), 0.0079235 secs] [Times: user=0.02 sys=0.00, real=0.01 secs] 
572.178: [GC (Allocation Failure) [PSYoungGen: 271126K->184173K(465920K)] 797249K->711678K(1432064K), 0.0199947 secs] [Times: user=0.02 sys=0.00, real=0.02 secs] 
572.469: [GC (Allocation Failure) [PSYoungGen: 417133K->184558K(465920K)] 944638K->712216K(1432064K), 0.0201539 secs] [Times: user=0.03 sys=0.00, real=0.02 secs] 
574.761: [GC (Allocation Failure) [PSYoungGen: 409622K->91901K(465920K)] 937281K->619961K(1432064K), 0.0183693 secs] [Times: user=0.03 sys=0.00, real=0.02 secs] 
576.575: [GC (Allocation Failure) [PSYoungGen: 324861K->37906K(465920K)] 852921K->566145K(1432064K), 0.0070306 secs] [Times: user=0.01 sys=0.00, real=0.01 secs] 
576.870: [GC (Allocation Failure) [PSYoungGen: 270866K->184847K(465920K)] 799105K->714332K(1432064K), 0.0200951 secs] [Times: user=0.03 sys=0.00, real=0.02 secs] 
577.154: [GC (Allocation Failure) [PSYoungGen: 417807K->184687K(465920K)] 947292K->714581K(1432064K), 0.0201289 secs] [Times: user=0.03 sys=0.00, real=0.02 secs] 
579.041: [GC (Allocation Failure) [PSYoungGen: 407225K->91355K(465920K)] 937120K->621386K(1432064K), 0.0142438 secs] [Times: user=0.03 sys=0.00, real=0.01 secs] 
580.940: [GC (Allocation Failure) [PSYoungGen: 324315K->37427K(465920K)] 854346K->567779K(1432064K), 0.0063837 secs] [Times: user=0.01 sys=0.00, real=0.01 secs] 
581.299: [GC (Allocation Failure) [PSYoungGen: 270387K->183658K(465920K)] 800739K->715273K(1432064K), 0.0200251 secs] [Times: user=0.02 sys=0.00, real=0.02 secs] 
581.587: [GC (Allocation Failure) [PSYoungGen: 416618K->184687K(465920K)] 948233K->716582K(1432064K), 0.0198986 secs] [Times: user=0.02 sys=0.00, real=0.02 secs] 
583.894: [GC (Allocation Failure) [PSYoungGen: 410087K->93026K(465920K)] 941982K->625186K(1432064K), 0.0245941 secs] [Times: user=0.05 sys=0.00, real=0.02 secs] 
585.435: [GC (Allocation Failure) [PSYoungGen: 325986K->37877K(465920K)] 858146K->570347K(1432064K), 0.0070921 secs] [Times: user=0.01 sys=0.00, real=0.01 secs] 
585.739: [GC (Allocation Failure) [PSYoungGen: 270837K->184558K(465920K)] 803307K->718282K(1432064K), 0.0200229 secs] [Times: user=0.02 sys=0.00, real=0.02 secs] 
586.026: [GC (Allocation Failure) [PSYoungGen: 417518K->184301K(465920K)] 951242K->718298K(1432064K), 0.0199992 secs] [Times: user=0.02 sys=0.00, real=0.02 secs] 
587.041: [GC (Allocation Failure) [PSYoungGen: 409180K->92030K(465920K)] 943177K->626292K(1432064K), 0.0126906 secs] [Times: user=0.03 sys=0.00, real=0.01 secs] 
589.418: [GC (Allocation Failure) [PSYoungGen: 324990K->37363K(465920K)] 859252K->571940K(1432064K), 0.0072470 secs] [Times: user=0.02 sys=0.00, real=0.01 secs] 
589.729: [GC (Allocation Failure) [PSYoungGen: 270323K->184654K(465920K)] 804900K->720485K(1432064K), 0.0201377 secs] [Times: user=0.02 sys=0.00, real=0.02 secs] 
590.012: [GC (Allocation Failure) [PSYoungGen: 417614K->184655K(465920K)] 953445K->720783K(1432064K), 0.0201529 secs] [Times: user=0.03 sys=0.00, real=0.02 secs] 
590.655: [GC (Allocation Failure) [PSYoungGen: 409800K->92110K(465920K)] 945928K->628511K(1432064K), 0.0113244 secs] [Times: user=0.02 sys=0.00, real=0.01 secs] 
591.867: [GC (Allocation Failure) [PSYoungGen: 325070K->37780K(465920K)] 861471K->574492K(1432064K), 0.0052896 secs] [Times: user=0.01 sys=0.00, real=0.01 secs] 
592.134: [GC (Allocation Failure) [PSYoungGen: 270740K->184430K(465920K)] 807452K->722387K(1432064K), 0.0201147 secs] [Times: user=0.03 sys=0.00, real=0.02 secs] 
592.417: [GC (Allocation Failure) [PSYoungGen: 417390K->184719K(465920K)] 955347K->723085K(1432064K), 0.0202850 secs] [Times: user=0.03 sys=0.00, real=0.02 secs] 
593.053: [GC (Allocation Failure) [PSYoungGen: 407252K->91821K(465920K)] 945618K->630332K(1432064K), 0.0105705 secs] [Times: user=0.02 sys=0.00, real=0.01 secs] 
594.171: [GC (Allocation Failure) [PSYoungGen: 324781K->37748K(465920K)] 863292K->576573K(1432064K), 0.0065943 secs] [Times: user=0.02 sys=0.00, real=0.00 secs] 
594.525: [GC (Allocation Failure) [PSYoungGen: 270708K->183819K(465920K)] 809533K->723897K(1432064K), 0.0200591 secs] [Times: user=0.02 sys=0.00, real=0.02 secs] 
594.807: [GC (Allocation Failure) [PSYoungGen: 416779K->184269K(465920K)] 956857K->724757K(1432064K), 0.0202378 secs] [Times: user=0.03 sys=0.00, real=0.02 secs] 
595.669: [GC (Allocation Failure) [PSYoungGen: 408100K->92897K(465920K)] 948588K->633530K(1432064K), 0.0153967 secs] [Times: user=0.03 sys=0.00, real=0.02 secs] 
597.213: [GC (Allocation Failure) [PSYoungGen: 325857K->37877K(465920K)] 866490K->578825K(1432064K), 0.0068171 secs] [Times: user=0.01 sys=0.00, real=0.00 secs] 
597.509: [GC (Allocation Failure) [PSYoungGen: 270837K->184462K(465920K)] 811785K->726784K(1432064K), 0.0200980 secs] [Times: user=0.03 sys=0.00, real=0.02 secs] 
597.794: [GC (Allocation Failure) [PSYoungGen: 417422K->184590K(465920K)] 959744K->727065K(1432064K), 0.0202487 secs] [Times: user=0.03 sys=0.00, real=0.02 secs] 
598.426: [GC (Allocation Failure) [PSYoungGen: 407135K->91821K(465920K)] 949611K->634569K(1432064K), 0.0104929 secs] [Times: user=0.02 sys=0.00, real=0.01 secs] 
599.257: [GC (Allocation Failure) [PSYoungGen: 324781K->38195K(465920K)] 867529K->581261K(1432064K), 0.0064809 secs] [Times: user=0.01 sys=0.00, real=0.01 secs] 
599.536: [GC (Allocation Failure) [PSYoungGen: 271155K->184494K(465920K)] 814221K->728814K(1432064K), 0.0200851 secs] [Times: user=0.03 sys=0.00, real=0.02 secs] 
599.819: [GC (Allocation Failure) [PSYoungGen: 417454K->184526K(465920K)] 961774K->729143K(1432064K), 0.0200544 secs] [Times: user=0.02 sys=0.00, real=0.02 secs] 
601.503: [GC (Allocation Failure) [PSYoungGen: 407061K->91644K(465920K)] 951678K->636526K(1432064K), 0.0271175 secs] [Times: user=0.05 sys=0.00, real=0.03 secs] 
603.742: [GC (Allocation Failure) [PSYoungGen: 324604K->37877K(465920K)] 869486K->583064K(1432064K), 0.0078633 secs] [Times: user=0.02 sys=0.00, real=0.01 secs] 
604.136: [GC (Allocation Failure) [PSYoungGen: 270837K->184462K(465920K)] 816024K->731032K(1432064K), 0.0201913 secs] [Times: user=0.02 sys=0.00, real=0.02 secs] 
604.420: [GC (Allocation Failure) [PSYoungGen: 417422K->184526K(465920K)] 963992K->731241K(1432064K), 0.0201314 secs] [Times: user=0.03 sys=0.00, real=0.02 secs] 
605.758: [GC (Allocation Failure) [PSYoungGen: 407074K->91869K(465920K)] 953788K->638849K(1432064K), 0.0158937 secs] [Times: user=0.03 sys=0.00, real=0.02 secs] 
608.294: [GC (Allocation Failure) [PSYoungGen: 324829K->37748K(465920K)] 871809K->585046K(1432064K), 0.0078817 secs] [Times: user=0.02 sys=0.00, real=0.01 secs] 
608.617: [GC (Allocation Failure) [PSYoungGen: 270708K->184462K(465920K)] 818006K->733141K(1432064K), 0.0202504 secs] [Times: user=0.02 sys=0.01, real=0.02 secs] 
608.904: [GC (Allocation Failure) [PSYoungGen: 417422K->184526K(465920K)] 966101K->733358K(1432064K), 0.0201512 secs] [Times: user=0.02 sys=0.00, real=0.02 secs] 
610.375: [GC (Allocation Failure) [PSYoungGen: 407624K->91998K(465920K)] 956456K->641095K(1432064K), 0.0245936 secs] [Times: user=0.05 sys=0.00, real=0.02 secs] 
612.979: [GC (Allocation Failure) [PSYoungGen: 324958K->37588K(465920K)] 874055K->587011K(1432064K), 0.0077985 secs] [Times: user=0.02 sys=0.00, real=0.01 secs] 
613.379: [GC (Allocation Failure) [PSYoungGen: 270548K->184462K(465920K)] 819971K->735138K(1432064K), 0.0200467 secs] [Times: user=0.03 sys=0.00, real=0.02 secs] 
613.668: [GC (Allocation Failure) [PSYoungGen: 417422K->184301K(465920K)] 968098K->735259K(1432064K), 0.0201143 secs] [Times: user=0.02 sys=0.00, real=0.02 secs] 
614.513: [GC (Allocation Failure) [PSYoungGen: 409347K->92351K(465920K)] 960304K->643702K(1432064K), 0.0154404 secs] [Times: user=0.03 sys=0.00, real=0.01 secs] 
616.074: [GC (Allocation Failure) [PSYoungGen: 325311K->37845K(465920K)] 876662K->589387K(1432064K), 0.0070928 secs] [Times: user=0.02 sys=0.00, real=0.01 secs] 
616.462: [GC (Allocation Failure) [PSYoungGen: 270805K->184719K(465920K)] 822347K->737507K(1432064K), 0.0202977 secs] [Times: user=0.03 sys=0.00, real=0.02 secs] 
616.749: [GC (Allocation Failure) [PSYoungGen: 417679K->184430K(465920K)] 970467K->737499K(1432064K), 0.0201079 secs] [Times: user=0.02 sys=0.00, real=0.02 secs] 
618.053: [GC (Allocation Failure) [PSYoungGen: 407156K->91709K(465920K)] 960226K->645051K(1432064K), 0.0204009 secs] [Times: user=0.04 sys=0.00, real=0.02 secs] 
619.831: [GC (Allocation Failure) [PSYoungGen: 324669K->37809K(465920K)] 878011K->591462K(1432064K), 0.0066911 secs] [Times: user=0.01 sys=0.00, real=0.00 secs] 
620.126: [GC (Allocation Failure) [PSYoungGen: 270769K->183948K(465920K)] 824422K->738854K(1432064K), 0.0199729 secs] [Times: user=0.02 sys=0.00, real=0.02 secs] 
620.410: [GC (Allocation Failure) [PSYoungGen: 416908K->184398K(465920K)] 971814K->739713K(1432064K), 0.0200038 secs] [Times: user=0.03 sys=0.00, real=0.02 secs] 
621.949: [GC (Allocation Failure) [PSYoungGen: 409629K->92672K(465920K)] 964944K->648124K(1432064K), 0.0155794 secs] [Times: user=0.03 sys=0.00, real=0.02 secs] 
624.267: [GC (Allocation Failure) [PSYoungGen: 325632K->37684K(465920K)] 881084K->593444K(1432064K), 0.0071200 secs] [Times: user=0.01 sys=0.00, real=0.01 secs] 
624.649: [GC (Allocation Failure) [PSYoungGen: 270644K->184719K(465920K)] 826404K->741732K(1432064K), 0.0202733 secs] [Times: user=0.02 sys=0.00, real=0.02 secs] 
624.931: [GC (Allocation Failure) [PSYoungGen: 417679K->184687K(465920K)] 974692K->742110K(1432064K), 0.0202461 secs] [Times: user=0.02 sys=0.00, real=0.02 secs] 
625.619: [GC (Allocation Failure) [PSYoungGen: 407381K->91644K(465920K)] 964804K->649332K(1432064K), 0.0118835 secs] [Times: user=0.02 sys=0.00, real=0.02 secs] 
627.107: [GC (Allocation Failure) [PSYoungGen: 324604K->37620K(465920K)] 882292K->595489K(1432064K), 0.0065277 secs] [Times: user=0.01 sys=0.00, real=0.01 secs] 
627.462: [GC (Allocation Failure) [PSYoungGen: 270580K->183948K(465920K)] 828449K->743063K(1432064K), 0.0200583 secs] [Times: user=0.03 sys=0.00, real=0.02 secs] 
627.750: [GC (Allocation Failure) [PSYoungGen: 416908K->184430K(465920K)] 976023K->743826K(1432064K), 0.0204088 secs] [Times: user=0.02 sys=0.00, real=0.02 secs] 
628.539: [GC (Allocation Failure) [PSYoungGen: 408250K->92785K(465920K)] 967647K->652446K(1432064K), 0.0137422 secs] [Times: user=0.03 sys=0.00, real=0.02 secs] 
630.324: [GC (Allocation Failure) [PSYoungGen: 325745K->37681K(465920K)] 885406K->597654K(1432064K), 0.0068077 secs] [Times: user=0.02 sys=0.00, real=0.01 secs] 
630.623: [GC (Allocation Failure) [PSYoungGen: 270641K->184462K(465920K)] 830614K->745825K(1432064K), 0.0201153 secs] [Times: user=0.03 sys=0.00, real=0.02 secs] 
630.964: [GC (Allocation Failure) [PSYoungGen: 417422K->184526K(465920K)] 978785K->746042K(1432064K), 0.0201777 secs] [Times: user=0.03 sys=0.00, real=0.02 secs] 
632.167: [GC (Allocation Failure) [PSYoungGen: 407584K->92126K(465920K)] 969100K->653907K(1432064K), 0.0217054 secs] [Times: user=0.04 sys=0.00, real=0.02 secs] 
633.681: [GC (Allocation Failure) [PSYoungGen: 325086K->37877K(465920K)] 886867K->599966K(1432064K), 0.0064365 secs] [Times: user=0.02 sys=0.00, real=0.00 secs] 
633.966: [GC (Allocation Failure) [PSYoungGen: 270837K->184430K(465920K)] 832926K->747772K(1432064K), 0.0201299 secs] [Times: user=0.03 sys=0.00, real=0.02 secs] 
634.248: [GC (Allocation Failure) [PSYoungGen: 417390K->184622K(465920K)] 980732K->748246K(1432064K), 0.0202772 secs] [Times: user=0.02 sys=0.00, real=0.02 secs] 
635.651: [GC (Allocation Failure) [PSYoungGen: 407164K->91869K(465920K)] 970788K->655766K(1432064K), 0.0188470 secs] [Times: user=0.04 sys=0.00, real=0.02 secs] 
637.259: [GC (Allocation Failure) [PSYoungGen: 324829K->37620K(465920K)] 888726K->601826K(1432064K), 0.0068622 secs] [Times: user=0.01 sys=0.00, real=0.01 secs] 
637.555: [GC (Allocation Failure) [PSYoungGen: 270580K->184558K(465920K)] 834786K->750010K(1432064K), 0.0203007 secs] [Times: user=0.03 sys=0.00, real=0.02 secs] 
637.841: [GC (Allocation Failure) [PSYoungGen: 417518K->184944K(465920K)] 982970K->750677K(1432064K), 0.0203772 secs] [Times: user=0.02 sys=0.01, real=0.02 secs] 
638.679: [GC (Allocation Failure) [PSYoungGen: 408029K->91596K(465920K)] 973762K->657594K(1432064K), 0.0119752 secs] [Times: user=0.02 sys=0.00, real=0.02 secs] 
639.791: [GC (Allocation Failure) [PSYoungGen: 324556K->37909K(465920K)] 890554K->604225K(1432064K), 0.0074257 secs] [Times: user=0.01 sys=0.00, real=0.00 secs] 
640.184: [GC (Allocation Failure) [PSYoungGen: 270869K->184044K(465920K)] 837185K->751622K(1432064K), 0.0200844 secs] [Times: user=0.02 sys=0.00, real=0.02 secs] 
640.526: [GC (Allocation Failure) [PSYoungGen: 417004K->184398K(465920K)] 984582K->752377K(1432064K), 0.0200545 secs] [Times: user=0.03 sys=0.00, real=0.02 secs] 
642.115: [GC (Allocation Failure) [PSYoungGen: 408055K->92383K(465920K)] 976035K->660499K(1432064K), 0.0164135 secs] [Times: user=0.04 sys=0.00, real=0.02 secs] 
643.307: [GC (Allocation Failure) [PSYoungGen: 325343K->38066K(465920K)] 893459K->606498K(1432064K), 0.0053458 secs] [Times: user=0.01 sys=0.00, real=0.01 secs] 
643.638: [GC (Allocation Failure) [PSYoungGen: 271026K->184430K(465920K)] 839458K->754115K(1432064K), 0.0203169 secs] [Times: user=0.02 sys=0.00, real=0.02 secs] 
643.930: [GC (Allocation Failure) [PSYoungGen: 417390K->184590K(465920K)] 987075K->754557K(1432064K), 0.0201531 secs] [Times: user=0.03 sys=0.00, real=0.02 secs] 
644.629: [GC (Allocation Failure) [PSYoungGen: 407137K->91757K(465920K)] 977103K->661988K(1432064K), 0.0122159 secs] [Times: user=0.02 sys=0.00, real=0.02 secs] 
645.519: [GC (Allocation Failure) [PSYoungGen: 324717K->38037K(465920K)] 894948K->608587K(1432064K), 0.0058072 secs] [Times: user=0.01 sys=0.00, real=0.01 secs] 
645.787: [GC (Allocation Failure) [PSYoungGen: 270997K->184462K(465920K)] 841547K->756265K(1432064K), 0.0201260 secs] [Times: user=0.02 sys=0.00, real=0.02 secs] 
646.074: [GC (Allocation Failure) [PSYoungGen: 417422K->184558K(465920K)] 989225K->756642K(1432064K), 0.0201674 secs] [Times: user=0.03 sys=0.00, real=0.02 secs] 
646.753: [GC (Allocation Failure) [PSYoungGen: 407091K->91741K(465920K)] 979176K->664090K(1432064K), 0.0107220 secs] [Times: user=0.02 sys=0.00, real=0.01 secs] 
647.628: [GC (Allocation Failure) [PSYoungGen: 324701K->38195K(465920K)] 897050K->610850K(1432064K), 0.0053597 secs] [Times: user=0.01 sys=0.00, real=0.01 secs] 
647.899: [GC (Allocation Failure) [PSYoungGen: 271155K->184462K(465920K)] 843810K->758370K(1432064K), 0.0202438 secs] [Times: user=0.02 sys=0.00, real=0.02 secs] 
648.188: [GC (Allocation Failure) [PSYoungGen: 417422K->184526K(465920K)] 991330K->758716K(1432064K), 0.0199368 secs] [Times: user=0.02 sys=0.00, real=0.02 secs] 
650.746: [GC (Allocation Failure) [PSYoungGen: 407102K->91644K(465920K)] 981291K->666107K(1432064K), 0.0267675 secs] [Times: user=0.05 sys=0.01, real=0.03 secs] 
654.193: [GC (Allocation Failure) [PSYoungGen: 324604K->37620K(465920K)] 899067K->612402K(1432064K), 0.0080474 secs] [Times: user=0.01 sys=0.00, real=0.01 secs] 
654.517: [GC (Allocation Failure) [PSYoungGen: 270580K->184430K(465920K)] 845362K->760458K(1432064K), 0.0201035 secs] [Times: user=0.03 sys=0.00, real=0.02 secs] 
654.853: [GC (Allocation Failure) [PSYoungGen: 417390K->184269K(465920K)] 993418K->760579K(1432064K), 0.0199612 secs] [Times: user=0.03 sys=0.00, real=0.02 secs] 
655.530: [GC (Allocation Failure) [PSYoungGen: 409311K->92399K(465920K)] 985620K->669102K(1432064K), 0.0122680 secs] [Times: user=0.02 sys=0.00, real=0.02 secs] 
656.443: [GC (Allocation Failure) [PSYoungGen: 325359K->38066K(465920K)] 902062K->614951K(1432064K), 0.0054146 secs] [Times: user=0.01 sys=0.00, real=0.00 secs] 
656.772: [GC (Allocation Failure) [PSYoungGen: 271026K->184719K(465920K)] 847911K->762849K(1432064K), 0.0202196 secs] [Times: user=0.03 sys=0.00, real=0.02 secs] 
657.057: [GC (Allocation Failure) [PSYoungGen: 417679K->184687K(465920K)] 995809K->763098K(1432064K), 0.0201562 secs] [Times: user=0.03 sys=0.01, real=0.02 secs] 
658.046: [GC (Allocation Failure) [PSYoungGen: 407239K->91387K(465920K)] 985650K->670071K(1432064K), 0.0142024 secs] [Times: user=0.03 sys=0.00, real=0.01 secs] 
658.911: [GC (Allocation Failure) [PSYoungGen: 324347K->38005K(465920K)] 903031K->617005K(1432064K), 0.0071258 secs] [Times: user=0.01 sys=0.00, real=0.00 secs] 
659.256: [GC (Allocation Failure) [PSYoungGen: 270965K->183980K(465920K)] 849965K->764233K(1432064K), 0.0201046 secs] [Times: user=0.03 sys=0.00, real=0.02 secs] 
659.599: [GC (Allocation Failure) [PSYoungGen: 416940K->184430K(465920K)] 997193K->764964K(1432064K), 0.0202451 secs] [Times: user=0.03 sys=0.00, real=0.02 secs] 
660.482: [GC (Allocation Failure) [PSYoungGen: 409648K->92399K(465920K)] 990183K->673215K(1432064K), 0.0120468 secs] [Times: user=0.03 sys=0.00, real=0.01 secs] 
661.590: [GC (Allocation Failure) [PSYoungGen: 325359K->38034K(465920K)] 906175K->619160K(1432064K), 0.0067489 secs] [Times: user=0.02 sys=0.00, real=0.00 secs] 
661.880: [GC (Allocation Failure) [PSYoungGen: 270994K->184173K(465920K)] 852120K->766544K(1432064K), 0.0202612 secs] [Times: user=0.03 sys=0.01, real=0.03 secs] 
662.166: [GC (Allocation Failure) [PSYoungGen: 417133K->183658K(465920K)] 999504K->766311K(1432064K), 0.0201047 secs] [Times: user=0.03 sys=0.00, real=0.02 secs] 
663.046: [GC (Allocation Failure) [PSYoungGen: 408050K->92961K(465920K)] 990702K->675878K(1432064K), 0.0191401 secs] [Times: user=0.04 sys=0.00, real=0.02 secs] 
664.109: [GC (Allocation Failure) [PSYoungGen: 325921K->38195K(465920K)] 908838K->621415K(1432064K), 0.0068318 secs] [Times: user=0.01 sys=0.00, real=0.01 secs] 
664.415: [GC (Allocation Failure) [PSYoungGen: 271155K->184815K(465920K)] 854375K->769289K(1432064K), 0.0202671 secs] [Times: user=0.02 sys=0.00, real=0.02 secs] 
664.694: [GC (Allocation Failure) [PSYoungGen: 417775K->181956K(465920K)] 1002249K->766702K(1432064K), 0.0199017 secs] [Times: user=0.02 sys=0.00, real=0.02 secs] 
665.623: [GC (Allocation Failure) [PSYoungGen: 407959K->93829K(465920K)] 992705K->678848K(1432064K), 0.0119980 secs] [Times: user=0.02 sys=0.00, real=0.01 secs] 
666.440: [GC (Allocation Failure) [PSYoungGen: 326789K->38195K(465920K)] 911808K->623395K(1432064K), 0.0054797 secs] [Times: user=0.01 sys=0.00, real=0.00 secs] 
666.708: [GC (Allocation Failure) [PSYoungGen: 271155K->184430K(465920K)] 856355K->770876K(1432064K), 0.0200183 secs] [Times: user=0.03 sys=0.00, real=0.02 secs] 
666.991: [GC (Allocation Failure) [PSYoungGen: 417390K->184944K(465920K)] 1003836K->771671K(1432064K), 0.0200448 secs] [Times: user=0.03 sys=0.00, real=0.02 secs] 
668.343: [GC (Allocation Failure) [PSYoungGen: 407827K->91226K(465920K)] 994554K->678219K(1432064K), 0.0164356 secs] [Times: user=0.03 sys=0.00, real=0.01 secs] 
669.733: [GC (Allocation Failure) [PSYoungGen: 324186K->38037K(465920K)] 911179K->625342K(1432064K), 0.0065639 secs] [Times: user=0.01 sys=0.00, real=0.00 secs] 
670.086: [GC (Allocation Failure) [PSYoungGen: 270997K->184590K(465920K)] 858302K->773156K(1432064K), 0.0202340 secs] [Times: user=0.03 sys=0.00, real=0.02 secs] 
670.368: [GC (Allocation Failure) [PSYoungGen: 417550K->184719K(465920K)] 1006116K->773566K(1432064K), 0.0202585 secs] [Times: user=0.02 sys=0.00, real=0.02 secs] 
671.693: [GC (Allocation Failure) [PSYoungGen: 407174K->91484K(465920K)] 996021K->680724K(1432064K), 0.0166737 secs] [Times: user=0.03 sys=0.00, real=0.01 secs] 
673.214: [GC (Allocation Failure) [PSYoungGen: 324444K->37877K(465920K)] 913684K->627301K(1432064K), 0.0088327 secs] [Times: user=0.02 sys=0.00, real=0.01 secs] 
673.547: [GC (Allocation Failure) [PSYoungGen: 270837K->183787K(465920K)] 860261K->774465K(1432064K), 0.0200768 secs] [Times: user=0.02 sys=0.00, real=0.02 secs] 
673.833: [GC (Allocation Failure) [PSYoungGen: 416747K->184430K(465920K)] 1007425K->775388K(1432064K), 0.0201422 secs] [Times: user=0.03 sys=0.00, real=0.02 secs] 
675.222: [GC (Allocation Failure) [PSYoungGen: 409539K->92640K(465920K)] 1000498K->684001K(1432064K), 0.0200905 secs] [Times: user=0.04 sys=0.00, real=0.02 secs] 
676.933: [GC (Allocation Failure) [PSYoungGen: 325600K->37877K(465920K)] 916961K->629419K(1432064K), 0.0066833 secs] [Times: user=0.02 sys=0.00, real=0.00 secs] 
677.221: [GC (Allocation Failure) [PSYoungGen: 270837K->184687K(465920K)] 862379K->777482K(1432064K), 0.0202001 secs] [Times: user=0.03 sys=0.00, real=0.02 secs] 
677.510: [GC (Allocation Failure) [PSYoungGen: 417647K->184687K(465920K)] 1010442K->777892K(1432064K), 0.0202989 secs] [Times: user=0.03 sys=0.00, real=0.02 secs] 
678.593: [GC (Allocation Failure) [PSYoungGen: 407121K->91467K(465920K)] 1000326K->684938K(1432064K), 0.0114610 secs] [Times: user=0.02 sys=0.00, real=0.01 secs] 
679.793: [GC (Allocation Failure) [PSYoungGen: 324427K->37684K(465920K)] 917898K->631339K(1432064K), 0.0053617 secs] [Times: user=0.01 sys=0.00, real=0.00 secs] 
680.118: [GC (Allocation Failure) [PSYoungGen: 270644K->183690K(465920K)] 864299K->778599K(1432064K), 0.0201884 secs] [Times: user=0.03 sys=0.00, real=0.02 secs] 
680.401: [GC (Allocation Failure) [PSYoungGen: 416650K->184687K(465920K)] 1011559K->779877K(1432064K), 0.0203057 secs] [Times: user=0.02 sys=0.00, real=0.02 secs] 
681.710: [GC (Allocation Failure) [PSYoungGen: 409952K->92753K(465920K)] 1005142K->688344K(1432064K), 0.0166380 secs] [Times: user=0.03 sys=0.00, real=0.01 secs] 
683.334: [GC (Allocation Failure) [PSYoungGen: 325713K->37780K(465920K)] 921304K->633537K(1432064K), 0.0068080 secs] [Times: user=0.01 sys=0.00, real=0.01 secs] 
683.693: [GC (Allocation Failure) [PSYoungGen: 270740K->183980K(465920K)] 866497K->780990K(1432064K), 0.0201932 secs] [Times: user=0.03 sys=0.00, real=0.02 secs] 
683.975: [GC (Allocation Failure) [PSYoungGen: 416940K->184783K(465920K)] 1013950K->782075K(1432064K), 0.0201438 secs] [Times: user=0.03 sys=0.00, real=0.02 secs] 
685.303: [GC (Allocation Failure) [PSYoungGen: 410211K->92287K(465920K)] 1007503K->689843K(1432064K), 0.0166771 secs] [Times: user=0.03 sys=0.00, real=0.01 secs] 
687.405: [GC (Allocation Failure) [PSYoungGen: 325247K->37748K(465920K)] 922803K->635628K(1432064K), 0.0074974 secs] [Times: user=0.02 sys=0.00, real=0.01 secs] 
687.713: [GC (Allocation Failure) [PSYoungGen: 270708K->184719K(465920K)] 868588K->783981K(1432064K), 0.0205485 secs] [Times: user=0.03 sys=0.00, real=0.02 secs] 
687.996: [GC (Allocation Failure) [PSYoungGen: 417679K->184719K(465920K)] 1016941K->784133K(1432064K), 0.0206032 secs] [Times: user=0.02 sys=0.00, real=0.02 secs] 
690.127: [GC (Allocation Failure) [PSYoungGen: 407301K->91612K(465920K)] 1006716K->691300K(1432064K), 0.0254471 secs] [Times: user=0.05 sys=0.00, real=0.03 secs] 
692.232: [GC (Allocation Failure) [PSYoungGen: 324572K->37909K(465920K)] 924260K->637909K(1432064K), 0.0094528 secs] [Times: user=0.02 sys=0.00, real=0.01 secs] 
692.569: [GC (Allocation Failure) [PSYoungGen: 270869K->184719K(465920K)] 870869K->785972K(1432064K), 0.0203284 secs] [Times: user=0.03 sys=0.00, real=0.02 secs] 
692.852: [GC (Allocation Failure) [PSYoungGen: 417679K->184655K(465920K)] 1018932K->786189K(1432064K), 0.0203045 secs] [Times: user=0.02 sys=0.00, real=0.02 secs] 
693.540: [GC (Allocation Failure) [PSYoungGen: 407205K->91467K(465920K)] 1008739K->693267K(1432064K), 0.0120634 secs] [Times: user=0.03 sys=0.00, real=0.01 secs] 
694.510: [GC (Allocation Failure) [PSYoungGen: 324427K->38134K(465920K)] 926227K->640259K(1432064K), 0.0093564 secs] [Times: user=0.02 sys=0.00, real=0.01 secs] 
694.869: [GC (Allocation Failure) [PSYoungGen: 271094K->184719K(465920K)] 873219K->788098K(1432064K), 0.0202373 secs] [Times: user=0.03 sys=0.00, real=0.02 secs] 
695.226: [GC (Allocation Failure) [PSYoungGen: 417679K->184719K(465920K)] 1021058K->788379K(1432064K), 0.0200821 secs] [Times: user=0.03 sys=0.00, real=0.02 secs] 
696.333: [GC (Allocation Failure) [PSYoungGen: 407145K->91226K(465920K)] 1010806K->695152K(1432064K), 0.0152724 secs] [Times: user=0.03 sys=0.00, real=0.01 secs] 
698.502: [GC (Allocation Failure) [PSYoungGen: 324186K->37845K(465920K)] 928112K->642080K(1432064K), 0.0074788 secs] [Times: user=0.02 sys=0.00, real=0.00 secs] 
698.819: [GC (Allocation Failure) [PSYoungGen: 270805K->183948K(465920K)] 875040K->789436K(1432064K), 0.0200596 secs] [Times: user=0.03 sys=0.00, real=0.02 secs] 
699.106: [GC (Allocation Failure) [PSYoungGen: 416908K->184430K(465920K)] 1022396K->790199K(1432064K), 0.0201231 secs] [Times: user=0.02 sys=0.00, real=0.02 secs] 
699.794: [GC (Allocation Failure) [PSYoungGen: 408140K->92528K(465920K)] 1013910K->698571K(1432064K), 0.0115865 secs] [Times: user=0.02 sys=0.00, real=0.01 secs] 
700.663: [GC (Allocation Failure) [PSYoungGen: 325488K->38195K(465920K)] 931531K->644561K(1432064K), 0.0054916 secs] [Times: user=0.01 sys=0.00, real=0.00 secs] 
700.931: [GC (Allocation Failure) [PSYoungGen: 271155K->184462K(465920K)] 877521K->792082K(1432064K), 0.0202267 secs] [Times: user=0.03 sys=0.00, real=0.02 secs] 
701.214: [GC (Allocation Failure) [PSYoungGen: 417422K->184526K(465920K)] 1025042K->792427K(1432064K), 0.0201572 secs] [Times: user=0.03 sys=0.00, real=0.02 secs] 
702.046: [GC (Allocation Failure) [PSYoungGen: 407060K->91580K(465920K)] 1014961K->699754K(1432064K), 0.0120219 secs] [Times: user=0.02 sys=0.00, real=0.01 secs] 
702.907: [GC (Allocation Failure) [PSYoungGen: 324540K->38166K(465920K)] 932714K->646646K(1432064K), 0.0054279 secs] [Times: user=0.01 sys=0.00, real=0.01 secs] 
703.177: [GC (Allocation Failure) [PSYoungGen: 271126K->184430K(465920K)] 879606K->794155K(1432064K), 0.0204363 secs] [Times: user=0.02 sys=0.00, real=0.02 secs] 
703.461: [GC (Allocation Failure) [PSYoungGen: 417390K->184301K(465920K)] 1027115K->794308K(1432064K), 0.0201214 secs] [Times: user=0.02 sys=0.00, real=0.02 secs] 
704.879: [GC (Allocation Failure) [PSYoungGen: 409350K->91901K(465920K)] 1019356K->702301K(1432064K), 0.0254920 secs] [Times: user=0.05 sys=0.00, real=0.03 secs] 
706.552: [GC (Allocation Failure) [PSYoungGen: 324861K->37877K(465920K)] 935261K->648458K(1432064K), 0.0083700 secs] [Times: user=0.02 sys=0.00, real=0.01 secs] 
706.942: [GC (Allocation Failure) [PSYoungGen: 270837K->184205K(465920K)] 881418K->796040K(1432064K), 0.0203806 secs] [Times: user=0.03 sys=0.00, real=0.02 secs] 
707.231: [GC (Allocation Failure) [PSYoungGen: 417165K->184976K(465920K)] 1029000K->797092K(1432064K), 0.0202760 secs] [Times: user=0.03 sys=0.00, real=0.02 secs] 
708.516: [GC (Allocation Failure) [PSYoungGen: 407691K->91741K(465920K)] 1019808K->704130K(1432064K), 0.0181903 secs] [Times: user=0.03 sys=0.00, real=0.02 secs] 
710.519: [GC (Allocation Failure) [PSYoungGen: 324701K->37684K(465920K)] 937090K->650391K(1432064K), 0.0077014 secs] [Times: user=0.02 sys=0.00, real=0.01 secs] 
710.919: [GC (Allocation Failure) [PSYoungGen: 270644K->184333K(465920K)] 883351K->798302K(1432064K), 0.0201622 secs] [Times: user=0.02 sys=0.00, real=0.02 secs] 
711.255: [GC (Allocation Failure) [PSYoungGen: 417293K->184526K(465920K)] 1031262K->798768K(1432064K), 0.0203735 secs] [Times: user=0.03 sys=0.00, real=0.02 secs] 
712.075: [GC (Allocation Failure) [PSYoungGen: 409684K->92239K(465920K)] 1023926K->706754K(1432064K), 0.0124132 secs] [Times: user=0.03 sys=0.01, real=0.01 secs] 
713.518: [GC (Allocation Failure) [PSYoungGen: 325199K->37748K(465920K)] 939714K->652573K(1432064K), 0.0085228 secs] [Times: user=0.02 sys=0.00, real=0.01 secs] 
713.849: [GC (Allocation Failure) [PSYoungGen: 270708K->184847K(465920K)] 885533K->800926K(1432064K), 0.0202469 secs] [Times: user=0.03 sys=0.00, real=0.02 secs] 
714.132: [GC (Allocation Failure) [PSYoungGen: 417807K->184687K(465920K)] 1033886K->801175K(1432064K), 0.0202509 secs] [Times: user=0.02 sys=0.01, real=0.02 secs] 
716.458: [GC (Allocation Failure) [PSYoungGen: 407241K->91484K(465920K)] 1023730K->708109K(1432064K), 0.0155622 secs] [Times: user=0.03 sys=0.00, real=0.02 secs] 
718.517: [GC (Allocation Failure) [PSYoungGen: 324444K->37620K(465920K)] 941069K->654560K(1432064K), 0.0075301 secs] [Times: user=0.02 sys=0.00, real=0.01 secs] 
718.830: [GC (Allocation Failure) [PSYoungGen: 270580K->184687K(465920K)] 887520K->803009K(1432064K), 0.0202428 secs] [Times: user=0.02 sys=0.00, real=0.02 secs] 
719.115: [GC (Allocation Failure) [PSYoungGen: 417647K->184719K(465920K)] 1035969K->803186K(1432064K), 0.0200859 secs] [Times: user=0.03 sys=0.00, real=0.02 secs] 
720.334: [GC (Allocation Failure) [PSYoungGen: 407568K->91725K(465920K)] 1026035K->710457K(1432064K), 0.0119158 secs] [Times: user=0.02 sys=0.00, real=0.01 secs] 
722.261: [GC (Allocation Failure) [PSYoungGen: 324685K->37652K(465920K)] 943417K->656706K(1432064K), 0.0064976 secs] [Times: user=0.02 sys=0.00, real=0.00 secs] 
722.544: [GC (Allocation Failure) [PSYoungGen: 270612K->183787K(465920K)] 889666K->804095K(1432064K), 0.0201518 secs] [Times: user=0.03 sys=0.00, real=0.02 secs] 
722.889: [GC (Allocation Failure) [PSYoungGen: 416747K->184269K(465920K)] 1037055K->804986K(1432064K), 0.0202337 secs] [Times: user=0.03 sys=0.00, real=0.02 secs] 
723.611: [GC (Allocation Failure) [PSYoungGen: 408358K->93010K(465920K)] 1029075K->713864K(1432064K), 0.0122121 secs] [Times: user=0.03 sys=0.00, real=0.01 secs] 
724.540: [GC (Allocation Failure) [PSYoungGen: 325970K->38002K(465920K)] 946824K->659164K(1432064K), 0.0066084 secs] [Times: user=0.01 sys=0.00, real=0.01 secs] 
724.826: [GC (Allocation Failure) [PSYoungGen: 270962K->184430K(465920K)] 892124K->806845K(1432064K), 0.0202355 secs] [Times: user=0.02 sys=0.00, real=0.02 secs] 
725.170: [GC (Allocation Failure) [PSYoungGen: 417390K->184526K(465920K)] 1039805K->807214K(1432064K), 0.0201991 secs] [Times: user=0.03 sys=0.00, real=0.03 secs] 
726.609: [GC (Allocation Failure) [PSYoungGen: 407068K->91773K(465920K)] 1029756K->714726K(1432064K), 0.0156754 secs] [Times: user=0.03 sys=0.00, real=0.02 secs] 
728.878: [GC (Allocation Failure) [PSYoungGen: 324733K->37809K(465920K)] 947686K->661070K(1432064K), 0.0064433 secs] [Times: user=0.01 sys=0.00, real=0.01 secs] 
729.158: [GC (Allocation Failure) [PSYoungGen: 270769K->184687K(465920K)] 894030K->809201K(1432064K), 0.0202374 secs] [Times: user=0.03 sys=0.00, real=0.02 secs] 
729.507: [GC (Allocation Failure) [PSYoungGen: 417647K->186389K(465920K)] 1042161K->811314K(1432064K), 0.0202865 secs] [Times: user=0.02 sys=0.00, real=0.02 secs] 
730.752: [GC (Allocation Failure) [PSYoungGen: 406943K->89925K(465920K)] 1031867K->715010K(1432064K), 0.0133983 secs] [Times: user=0.03 sys=0.00, real=0.01 secs] 
731.682: [GC (Allocation Failure) [PSYoungGen: 322885K->38005K(465920K)] 947970K->663406K(1432064K), 0.0054251 secs] [Times: user=0.01 sys=0.00, real=0.00 secs] 
731.954: [GC (Allocation Failure) [PSYoungGen: 270965K->186486K(465920K)] 896366K->813132K(1432064K), 0.0203004 secs] [Times: user=0.02 sys=0.00, real=0.02 secs] 
732.240: [GC (Allocation Failure) [PSYoungGen: 419446K->185972K(465920K)] 1046092K->813027K(1432064K), 0.0203674 secs] [Times: user=0.03 sys=0.00, real=0.03 secs] 
733.537: [GC (Allocation Failure) [PSYoungGen: 406315K->88286K(465920K)] 1033371K->715478K(1432064K), 0.0113921 secs] [Times: user=0.03 sys=0.00, real=0.01 secs] 
734.362: [GC (Allocation Failure) [PSYoungGen: 321246K->38066K(465920K)] 948438K->665572K(1432064K), 0.0054833 secs] [Times: user=0.01 sys=0.00, real=0.00 secs] 
734.629: [GC (Allocation Failure) [PSYoungGen: 271026K->184333K(465920K)] 898532K->813092K(1432064K), 0.0202924 secs] [Times: user=0.03 sys=0.00, real=0.02 secs] 
734.912: [GC (Allocation Failure) [PSYoungGen: 417293K->184109K(465920K)] 1046052K->813149K(1432064K), 0.0203354 secs] [Times: user=0.02 sys=0.00, real=0.02 secs] 
736.097: [GC (Allocation Failure) [PSYoungGen: 409409K->92287K(465920K)] 1038449K->721600K(1432064K), 0.0135620 secs] [Times: user=0.02 sys=0.00, real=0.02 secs] 
737.319: [GC (Allocation Failure) [PSYoungGen: 325247K->38066K(465920K)] 954560K->667682K(1432064K), 0.0061308 secs] [Times: user=0.02 sys=0.00, real=0.01 secs] 
737.645: [GC (Allocation Failure) [PSYoungGen: 271026K->184558K(465920K)] 900642K->815556K(1432064K), 0.0204557 secs] [Times: user=0.02 sys=0.00, real=0.02 secs] 
737.988: [GC (Allocation Failure) [PSYoungGen: 417518K->184430K(465920K)] 1048516K->815572K(1432064K), 0.0203994 secs] [Times: user=0.03 sys=0.00, real=0.02 secs] 
739.134: [GC (Allocation Failure) [PSYoungGen: 407184K->91741K(465920K)] 1038327K->723148K(1432064K), 0.0161287 secs] [Times: user=0.03 sys=0.00, real=0.02 secs] 
739.995: [GC (Allocation Failure) [PSYoungGen: 324701K->38037K(465920K)] 956108K->669760K(1432064K), 0.0054212 secs] [Times: user=0.02 sys=0.00, real=0.01 secs] 
740.321: [GC (Allocation Failure) [PSYoungGen: 270997K->183980K(465920K)] 902720K->816964K(1432064K), 0.0201169 secs] [Times: user=0.03 sys=0.00, real=0.02 secs] 
740.687: [GC (Allocation Failure) [PSYoungGen: 416940K->184398K(465920K)] 1049924K->817663K(1432064K), 0.0202470 secs] [Times: user=0.03 sys=0.00, real=0.02 secs] 
742.174: [GC (Allocation Failure) [PSYoungGen: 409617K->92367K(465920K)] 1042882K->725898K(1432064K), 0.0144989 secs] [Times: user=0.03 sys=0.00, real=0.01 secs] 
743.899: [GC (Allocation Failure) [PSYoungGen: 325327K->37909K(465920K)] 958858K->671745K(1432064K), 0.0069545 secs] [Times: user=0.02 sys=0.00, real=0.01 secs] 
744.259: [GC (Allocation Failure) [PSYoungGen: 270869K->184173K(465920K)] 904705K->819263K(1432064K), 0.0203521 secs] [Times: user=0.03 sys=0.00, real=0.02 secs] 
744.547: [GC (Allocation Failure) [PSYoungGen: 417133K->184944K(465920K)] 1052223K->820307K(1432064K), 0.0201990 secs] [Times: user=0.02 sys=0.00, real=0.02 secs] 
745.766: [GC (Allocation Failure) [PSYoungGen: 408090K->91757K(465920K)] 1043453K->727385K(1432064K), 0.0159347 secs] [Times: user=0.03 sys=0.00, real=0.02 secs] 
747.757: [GC (Allocation Failure) [PSYoungGen: 324717K->37491K(465920K)] 960345K->673439K(1432064K), 0.0073516 secs] [Times: user=0.02 sys=0.00, real=0.01 secs] 
748.061: [GC (Allocation Failure) [PSYoungGen: 270451K->184558K(465920K)] 906399K->821888K(1432064K), 0.0201584 secs] [Times: user=0.03 sys=0.00, real=0.02 secs] 
748.349: [GC (Allocation Failure) [PSYoungGen: 417518K->184687K(465920K)] 1054848K->822169K(1432064K), 0.0201857 secs] [Times: user=0.03 sys=0.00, real=0.02 secs] 
749.466: [GC (Allocation Failure) [PSYoungGen: 405208K->91998K(465920K)] 1042691K->729753K(1432064K), 0.0121649 secs] [Times: user=0.02 sys=0.00, real=0.01 secs] 
750.347: [GC (Allocation Failure) [PSYoungGen: 324958K->38037K(465920K)] 962713K->676103K(1432064K), 0.0056081 secs] [Times: user=0.01 sys=0.00, real=0.01 secs] 
750.675: [GC (Allocation Failure) [PSYoungGen: 270997K->184687K(465920K)] 909063K->824014K(1432064K), 0.0203808 secs] [Times: user=0.03 sys=0.00, real=0.02 secs] 
750.961: [GC (Allocation Failure) [PSYoungGen: 417647K->184108K(465920K)] 1056974K->823717K(1432064K), 0.0201536 secs] [Times: user=0.03 sys=0.00, real=0.02 secs] 
751.642: [GC (Allocation Failure) [PSYoungGen: 407576K->92014K(465920K)] 1047185K->731887K(1432064K), 0.0121428 secs] [Times: user=0.02 sys=0.00, real=0.01 secs] 
753.582: [GC (Allocation Failure) [PSYoungGen: 324974K->38066K(465920K)] 964847K->678248K(1432064K), 0.0058764 secs] [Times: user=0.01 sys=0.00, real=0.00 secs] 
753.851: [GC (Allocation Failure) [PSYoungGen: 271026K->183787K(465920K)] 911208K->825222K(1432064K), 0.0203660 secs] [Times: user=0.03 sys=0.00, real=0.02 secs] 
754.197: [GC (Allocation Failure) [PSYoungGen: 416747K->184301K(465920K)] 1058182K->826017K(1432064K), 0.0204358 secs] [Times: user=0.03 sys=0.00, real=0.02 secs] 
754.827: [GC (Allocation Failure) [PSYoungGen: 408199K->92624K(465920K)] 1049915K->734606K(1432064K), 0.0122581 secs] [Times: user=0.02 sys=0.00, real=0.01 secs] 
755.636: [GC (Allocation Failure) [PSYoungGen: 325584K->38066K(465920K)] 967566K->680368K(1432064K), 0.0054828 secs] [Times: user=0.02 sys=0.00, real=0.01 secs] 
755.904: [GC (Allocation Failure) [PSYoungGen: 271026K->184462K(465920K)] 913328K->828009K(1432064K), 0.0203012 secs] [Times: user=0.03 sys=0.00, real=0.02 secs] 
756.186: [GC (Allocation Failure) [PSYoungGen: 417422K->184301K(465920K)] 1060969K->828129K(1432064K), 0.0201824 secs] [Times: user=0.03 sys=0.00, real=0.02 secs] 
756.824: [GC (Allocation Failure) [PSYoungGen: 409337K->91950K(465920K)] 1053165K->736179K(1432064K), 0.0112696 secs] [Times: user=0.02 sys=0.00, real=0.01 secs] 
757.733: [GC (Allocation Failure) [PSYoungGen: 324910K->38005K(465920K)] 969139K->682420K(1432064K), 0.0054472 secs] [Times: user=0.01 sys=0.00, real=0.00 secs] 
758.001: [GC (Allocation Failure) [PSYoungGen: 270965K->184815K(465920K)] 915380K->830612K(1432064K), 0.0203659 secs] [Times: user=0.03 sys=0.00, real=0.02 secs] 
758.289: [GC (Allocation Failure) [PSYoungGen: 417775K->184655K(465920K)] 1063572K->830733K(1432064K), 0.0202601 secs] [Times: user=0.03 sys=0.00, real=0.02 secs] 
758.978: [GC (Allocation Failure) [PSYoungGen: 407061K->91258K(465920K)] 1053139K->737473K(1432064K), 0.0113676 secs] [Times: user=0.02 sys=0.00, real=0.01 secs] 
759.858: [GC (Allocation Failure) [PSYoungGen: 324218K->38037K(465920K)] 970433K->684569K(1432064K), 0.0067553 secs] [Times: user=0.01 sys=0.00, real=0.01 secs] 
760.195: [GC (Allocation Failure) [PSYoungGen: 270997K->183916K(465920K)] 917529K->831709K(1432064K), 0.0202142 secs] [Times: user=0.03 sys=0.00, real=0.02 secs] 
760.478: [GC (Allocation Failure) [PSYoungGen: 416876K->184847K(465920K)] 1064669K->832922K(1432064K), 0.0201729 secs] [Times: user=0.02 sys=0.00, real=0.02 secs] 
762.861: [GC (Allocation Failure) [PSYoungGen: 410167K->91982K(465920K)] 1058242K->740450K(1432064K), 0.0192806 secs] [Times: user=0.04 sys=0.00, real=0.02 secs] 
764.960: [GC (Allocation Failure) [PSYoungGen: 324942K->37620K(465920K)] 973410K->686275K(1432064K), 0.0068747 secs] [Times: user=0.02 sys=0.00, real=0.00 secs] 
765.261: [GC (Allocation Failure) [PSYoungGen: 270580K->184205K(465920K)] 919235K->834114K(1432064K), 0.0203872 secs] [Times: user=0.02 sys=0.00, real=0.02 secs] 
765.549: [GC (Allocation Failure) [PSYoungGen: 417165K->184526K(465920K)] 1067074K->834716K(1432064K), 0.0201316 secs] [Times: user=0.03 sys=0.00, real=0.02 secs] 
767.076: [GC (Allocation Failure) [PSYoungGen: 409679K->92367K(465920K)] 1059869K->742823K(1432064K), 0.0147052 secs] [Times: user=0.03 sys=0.01, real=0.02 secs] 
768.350: [GC (Allocation Failure) [PSYoungGen: 325327K->37748K(465920K)] 975783K->688530K(1432064K), 0.0054326 secs] [Times: user=0.01 sys=0.00, real=0.00 secs] 
768.620: [GC (Allocation Failure) [PSYoungGen: 270708K->184044K(465920K)] 921490K->836079K(1432064K), 0.0203396 secs] [Times: user=0.02 sys=0.00, real=0.03 secs] 
768.910: [GC (Allocation Failure) [PSYoungGen: 417004K->184815K(465920K)] 1069039K->837131K(1432064K), 0.0202155 secs] [Times: user=0.02 sys=0.00, real=0.02 secs] 
769.600: [GC (Allocation Failure) [PSYoungGen: 408111K->92126K(465920K)] 1060427K->744715K(1432064K), 0.0114493 secs] [Times: user=0.02 sys=0.00, real=0.02 secs] 
770.431: [GC (Allocation Failure) [PSYoungGen: 325086K->38005K(465920K)] 977675K->690904K(1432064K), 0.0073229 secs] [Times: user=0.02 sys=0.00, real=0.00 secs] 
770.811: [GC (Allocation Failure) [PSYoungGen: 270965K->184301K(465920K)] 923864K->838446K(1432064K), 0.0201738 secs] [Times: user=0.03 sys=0.00, real=0.02 secs] 
771.092: [GC (Allocation Failure) [PSYoungGen: 417261K->184141K(465920K)] 1071406K->838566K(1432064K), 0.0201951 secs] [Times: user=0.03 sys=0.00, real=0.02 secs] 
772.320: [GC (Allocation Failure) [PSYoungGen: 409368K->92287K(465920K)] 1063794K->746978K(1432064K), 0.0138858 secs] [Times: user=0.03 sys=0.00, real=0.02 secs] 
773.256: [GC (Allocation Failure) [PSYoungGen: 325247K->144867K(465920K)] 979938K->799873K(1432064K), 0.0142454 secs] [Times: user=0.03 sys=0.00, real=0.02 secs] 
773.453: [GC (Allocation Failure) [PSYoungGen: 377827K->184173K(465920K)] 1032833K->873201K(1432064K), 0.0220531 secs] [Times: user=0.04 sys=0.00, real=0.02 secs] 
773.699: [GC (Allocation Failure) [PSYoungGen: 417133K->184076K(465920K)] 1106161K->873377K(1432064K), 0.0220599 secs] [Times: user=0.03 sys=0.00, real=0.03 secs] 
776.214: [GC (Allocation Failure) [PSYoungGen: 417036K->2018K(465920K)] 1106337K->691593K(1432064K), 0.0027745 secs] [Times: user=0.01 sys=0.00, real=0.00 secs] 
777.011: [GC (Allocation Failure) [PSYoungGen: 234978K->134430K(465920K)] 924553K->824310K(1432064K), 0.0197520 secs] [Times: user=0.03 sys=0.00, real=0.02 secs] 
777.300: [GC (Allocation Failure) [PSYoungGen: 367390K->184333K(465920K)] 1057270K->875587K(1432064K), 0.0202386 secs] [Times: user=0.03 sys=0.00, real=0.02 secs] 
777.762: [GC (Allocation Failure) [PSYoungGen: 417293K->167507K(465920K)] 1108547K->858906K(1432064K), 0.0206552 secs] [Times: user=0.03 sys=0.00, real=0.02 secs] 
778.811: [GC (Allocation Failure) [PSYoungGen: 400467K->128K(465920K)] 1091866K->692934K(1432064K), 0.0024703 secs] [Times: user=0.01 sys=0.00, real=0.00 secs] 
779.219: [GC (Allocation Failure) [PSYoungGen: 233088K->157082K(465920K)] 925894K->849920K(1432064K), 0.0173978 secs] [Times: user=0.02 sys=0.00, real=0.02 secs] 
779.497: [GC (GCLocker Initiated GC) [PSYoungGen: 390042K->182662K(465920K)] 1082883K->876749K(1432064K), 0.0200785 secs] [Times: user=0.03 sys=0.00, real=0.02 secs] 
780.321: [GC (Allocation Failure) [PSYoungGen: 415622K->150686K(465920K)] 1109712K->845065K(1432064K), 0.0261482 secs] [Times: user=0.04 sys=0.00, real=0.02 secs] 
782.409: [GC (Allocation Failure) [PSYoungGen: 383646K->160K(465920K)] 1078025K->695832K(1432064K), 0.0029409 secs] [Times: user=0.01 sys=0.00, real=0.01 secs] 
782.751: [GC (Allocation Failure) [PSYoungGen: 233120K->177260K(465920K)] 928792K->872956K(1432064K), 0.0195837 secs] [Times: user=0.03 sys=0.00, real=0.02 secs] 
783.092: [GC (Allocation Failure) [PSYoungGen: 410220K->184622K(465920K)] 1105916K->881572K(1432064K), 0.0204178 secs] [Times: user=0.03 sys=0.00, real=0.02 secs] 
783.791: [GC (Allocation Failure) [PSYoungGen: 417582K->136804K(465920K)] 1114532K->834147K(1432064K), 0.0198749 secs] [Times: user=0.03 sys=0.00, real=0.02 secs] 
784.762: [GC (Allocation Failure) [PSYoungGen: 369764K->16156K(465920K)] 1067107K->713689K(1432064K), 0.0042376 secs] [Times: user=0.02 sys=0.00, real=0.00 secs] 
785.042: [GC (Allocation Failure) [PSYoungGen: 249116K->186421K(465920K)] 946649K->885208K(1432064K), 0.0206474 secs] [Times: user=0.03 sys=0.00, real=0.02 secs] 
785.333: [GC (Allocation Failure) [PSYoungGen: 419381K->184815K(465920K)] 1118168K->883883K(1432064K), 0.0203211 secs] [Times: user=0.03 sys=0.00, real=0.02 secs] 
786.086: [GC (Allocation Failure) [PSYoungGen: 417775K->111437K(465920K)] 1116843K->810777K(1432064K), 0.0141675 secs] [Times: user=0.03 sys=0.00, real=0.02 secs] 
787.759: [GC (Allocation Failure) [PSYoungGen: 344397K->40608K(465920K)] 1043737K->740257K(1432064K), 0.0067466 secs] [Times: user=0.02 sys=0.00, real=0.01 secs] 
788.041: [GC (Allocation Failure) [PSYoungGen: 273568K->186421K(465920K)] 973217K->887324K(1432064K), 0.0204153 secs] [Times: user=0.03 sys=0.00, real=0.02 secs] 
788.330: [GC (Allocation Failure) [PSYoungGen: 419381K->186036K(465920K)] 1120284K->887348K(1432064K), 0.0204460 secs] [Times: user=0.02 sys=0.00, real=0.02 secs] 
789.764: [GC (Allocation Failure) [PSYoungGen: 418996K->69412K(465920K)] 1120308K->770861K(1432064K), 0.0135791 secs] [Times: user=0.02 sys=0.00, real=0.01 secs] 
791.190: [GC (Allocation Failure) [PSYoungGen: 302372K->66441K(465920K)] 1003821K->768219K(1432064K), 0.0084922 secs] [Times: user=0.01 sys=0.00, real=0.00 secs] 
791.464: [GC (Allocation Failure) [PSYoungGen: 299401K->186389K(465920K)] 1001179K->889421K(1432064K), 0.0206208 secs] [Times: user=0.02 sys=0.00, real=0.02 secs] 
791.744: [GC (Allocation Failure) [PSYoungGen: 419349K->183562K(465920K)] 1122381K->886875K(1432064K), 0.0203425 secs] [Times: user=0.03 sys=0.00, real=0.02 secs] 
792.629: [GC (Allocation Failure) [PSYoungGen: 416522K->46005K(465920K)] 1119835K->749583K(1432064K), 0.0081272 secs] [Times: user=0.02 sys=0.00, real=0.01 secs] 
793.596: [GC (Allocation Failure) [PSYoungGen: 278851K->90022K(465920K)] 982429K->793787K(1432064K), 0.0108005 secs] [Times: user=0.02 sys=0.00, real=0.01 secs] 
793.874: [GC (Allocation Failure) [PSYoungGen: 322982K->186550K(465920K)] 1026747K->891569K(1432064K), 0.0205557 secs] [Times: user=0.03 sys=0.00, real=0.02 secs] 
794.159: [GC (Allocation Failure) [PSYoungGen: 419510K->186100K(465920K)] 1124529K->891400K(1432064K), 0.0204841 secs] [Times: user=0.02 sys=0.00, real=0.02 secs] 
795.506: [GC (Allocation Failure) [PSYoungGen: 419060K->19770K(465920K)] 1124360K->725335K(1432064K), 0.0050310 secs] [Times: user=0.01 sys=0.00, real=0.01 secs] 
796.582: [GC (Allocation Failure) [PSYoungGen: 252730K->116597K(465920K)] 958295K->822480K(1432064K), 0.0133936 secs] [Times: user=0.02 sys=0.00, real=0.01 secs] 
796.860: [GC (Allocation Failure) [PSYoungGen: 349557K->186004K(465920K)] 1055440K->893141K(1432064K), 0.0205493 secs] [Times: user=0.03 sys=0.00, real=0.02 secs] 
797.228: [GC (Allocation Failure) [PSYoungGen: 418964K->180181K(465920K)] 1126101K->887591K(1432064K), 0.0213651 secs] [Times: user=0.03 sys=0.00, real=0.02 secs] 
798.395: [GC (Allocation Failure) [PSYoungGen: 413141K->96K(465920K)] 1120551K->708951K(1432064K), 0.0026992 secs] [Times: user=0.01 sys=0.00, real=0.00 secs] 
798.880: [GC (Allocation Failure) [PSYoungGen: 233011K->141499K(465920K)] 941867K->850362K(1432064K), 0.0165935 secs] [Times: user=0.03 sys=0.00, real=0.01 secs] 
799.223: [GC (Allocation Failure) [PSYoungGen: 374459K->186261K(465920K)] 1083322K->896378K(1432064K), 0.0205072 secs] [Times: user=0.02 sys=0.00, real=0.02 secs] 
799.663: [GC (Allocation Failure) [PSYoungGen: 419221K->162670K(465920K)] 1129338K->873053K(1432064K), 0.0227565 secs] [Times: user=0.03 sys=0.00, real=0.02 secs] 
801.347: [GC (Allocation Failure) [PSYoungGen: 395630K->32K(465920K)] 1106013K->711849K(1432064K), 0.0049099 secs] [Times: user=0.02 sys=0.00, real=0.01 secs] 
801.931: [GC (Allocation Failure) [PSYoungGen: 232992K->167107K(465920K)] 944809K->878949K(1432064K), 0.0183977 secs] [Times: user=0.03 sys=0.00, real=0.01 secs] 
802.211: [GC (Allocation Failure) [PSYoungGen: 400067K->184333K(465920K)] 1111909K->897421K(1432064K), 0.0203701 secs] [Times: user=0.03 sys=0.00, real=0.02 secs] 
802.690: [GC (Allocation Failure) [PSYoungGen: 412490K->139006K(465920K)] 1125577K->852367K(1432064K), 0.0242091 secs] [Times: user=0.04 sys=0.00, real=0.02 secs] 
804.537: [GC (Allocation Failure) [PSYoungGen: 371966K->1152K(465920K)] 1085327K->714822K(1432064K), 0.0036211 secs] [Times: user=0.02 sys=0.00, real=0.01 secs] 
804.878: [GC (Allocation Failure) [PSYoungGen: 234112K->184590K(465920K)] 947782K->899378K(1432064K), 0.0203198 secs] [Times: user=0.03 sys=0.00, real=0.02 secs] 
805.169: [GC (Allocation Failure) [PSYoungGen: 417550K->186357K(465920K)] 1132338K->901434K(1432064K), 0.0203314 secs] [Times: user=0.03 sys=0.00, real=0.02 secs] 
806.183: [GC (Allocation Failure) [PSYoungGen: 419317K->126618K(465920K)] 1134394K->841960K(1432064K), 0.0324529 secs] [Times: user=0.06 sys=0.00, real=0.03 secs] 
808.177: [GC (Allocation Failure) [PSYoungGen: 359542K->26053K(465920K)] 1074884K->741710K(1432064K), 0.0058815 secs] [Times: user=0.02 sys=0.00, real=0.01 secs] 
808.467: [GC (Allocation Failure) [PSYoungGen: 259013K->186229K(465920K)] 974670K->903140K(1432064K), 0.0205483 secs] [Times: user=0.02 sys=0.00, real=0.02 secs] 
808.752: [GC (Allocation Failure) [PSYoungGen: 419189K->186036K(465920K)] 1136100K->903228K(1432064K), 0.0210751 secs] [Times: user=0.02 sys=0.00, real=0.02 secs] 
810.411: [GC (Allocation Failure) [PSYoungGen: 418996K->84112K(465920K)] 1136188K->801577K(1432064K), 0.0168203 secs] [Times: user=0.03 sys=0.00, real=0.01 secs] 
813.046: [GC (Allocation Failure) [PSYoungGen: 317072K->52175K(465920K)] 1034537K->769956K(1432064K), 0.0092054 secs] [Times: user=0.02 sys=0.00, real=0.01 secs] 
813.350: [GC (Allocation Failure) [PSYoungGen: 285135K->186004K(465920K)] 1002916K->905159K(1432064K), 0.0206128 secs] [Times: user=0.03 sys=0.00, real=0.03 secs] 
813.634: [GC (Allocation Failure) [PSYoungGen: 418964K->184494K(465920K)] 1138119K->903802K(1432064K), 0.0204395 secs] [Times: user=0.03 sys=0.00, real=0.02 secs] 
814.623: [GC (Allocation Failure) [PSYoungGen: 417454K->59645K(465920K)] 1136762K->779217K(1432064K), 0.0107511 secs] [Times: user=0.02 sys=0.00, real=0.01 secs] 
816.328: [GC (Allocation Failure) [PSYoungGen: 292605K->76594K(465920K)] 1012177K->796473K(1432064K), 0.0109240 secs] [Times: user=0.02 sys=0.00, real=0.01 secs] 
816.611: [GC (Allocation Failure) [PSYoungGen: 309554K->186518K(465920K)] 1029433K->907650K(1432064K), 0.0205286 secs] [Times: user=0.02 sys=0.00, real=0.02 secs] 
816.895: [GC (Allocation Failure) [PSYoungGen: 419478K->185972K(465920K)] 1140610K->907513K(1432064K), 0.0205103 secs] [Times: user=0.03 sys=0.00, real=0.02 secs] 
819.442: [GC (Allocation Failure) [PSYoungGen: 418932K->33249K(465920K)] 1140473K->754927K(1432064K), 0.0093125 secs] [Times: user=0.02 sys=0.00, real=0.01 secs] 
820.190: [GC (Allocation Failure) [PSYoungGen: 266209K->102491K(465920K)] 987887K->824483K(1432064K), 0.0120149 secs] [Times: user=0.02 sys=0.00, real=0.01 secs] 
820.464: [GC (Allocation Failure) [PSYoungGen: 335451K->184205K(465920K)] 1057443K->907458K(1432064K), 0.0203960 secs] [Times: user=0.03 sys=0.00, real=0.02 secs] 
820.748: [GC (Allocation Failure) [PSYoungGen: 417165K->184398K(465920K)] 1140418K->908061K(1432064K), 0.0204267 secs] [Times: user=0.03 sys=0.00, real=0.02 secs] 
822.841: [GC (Allocation Failure) [PSYoungGen: 417358K->11288K(465920K)] 1141021K->735087K(1432064K), 0.0047087 secs] [Times: user=0.02 sys=0.00, real=0.00 secs] 
824.089: [GC (Allocation Failure) [PSYoungGen: 244248K->124595K(465920K)] 968047K->848710K(1432064K), 0.0141713 secs] [Times: user=0.02 sys=0.00, real=0.02 secs] 
824.366: [GC (Allocation Failure) [PSYoungGen: 357555K->184462K(465920K)] 1081670K->909959K(1432064K), 0.0202485 secs] [Times: user=0.03 sys=0.00, real=0.02 secs] 
824.701: [GC (Allocation Failure) [PSYoungGen: 417422K->175243K(465920K)] 1142919K->900885K(1432064K), 0.0194085 secs] [Times: user=0.02 sys=0.00, real=0.02 secs] 
826.180: [GC (Allocation Failure) [PSYoungGen: 408203K->96K(465920K)] 1133845K->727181K(1432064K), 0.0029133 secs] [Times: user=0.01 sys=0.00, real=0.01 secs] 
826.888: [GC (Allocation Failure) [PSYoungGen: 233056K->147057K(465920K)] 960141K->874167K(1432064K), 0.0168977 secs] [Times: user=0.03 sys=0.00, real=0.02 secs] 
827.172: [GC (Allocation Failure) [PSYoungGen: 380017K->184333K(465920K)] 1107127K->912817K(1432064K), 0.0203171 secs] [Times: user=0.03 sys=0.00, real=0.02 secs] 
827.818: [GC (Allocation Failure) [PSYoungGen: 417293K->159008K(465920K)] 1145777K->887628K(1432064K), 0.0197960 secs] [Times: user=0.03 sys=0.00, real=0.02 secs] 
828.969: [GC (Allocation Failure) [PSYoungGen: 391968K->128K(465920K)] 1120588K->730188K(1432064K), 0.0027374 secs] [Times: user=0.01 sys=0.00, real=0.01 secs] 
829.494: [GC (GCLocker Initiated GC) [PSYoungGen: 233088K->169388K(465920K)] 963148K->899457K(1432064K), 0.0188361 secs] [Times: user=0.03 sys=0.01, real=0.02 secs] 
829.835: [GC (Allocation Failure) [PSYoungGen: 402348K->184783K(465920K)] 1133542K->917214K(1432064K), 0.0205304 secs] [Times: user=0.03 sys=0.00, real=0.02 secs] 
830.578: [GC (Allocation Failure) [PSYoungGen: 410260K->135279K(465920K)] 1142691K->867742K(1432064K), 0.0237819 secs] [Times: user=0.04 sys=0.00, real=0.03 secs] 
831.572: [GC (Allocation Failure) [PSYoungGen: 368239K->1890K(465920K)] 1100702K->734687K(1432064K), 0.0031940 secs] [Times: user=0.01 sys=0.00, real=0.00 secs] 
831.875: [GC (Allocation Failure) [PSYoungGen: 234850K->184558K(465920K)] 967647K->918730K(1432064K), 0.0202612 secs] [Times: user=0.03 sys=0.00, real=0.02 secs] 
832.217: [GC (Allocation Failure) [PSYoungGen: 417518K->184462K(465920K)] 1151690K->918786K(1432064K), 0.0203819 secs] [Times: user=0.03 sys=0.00, real=0.02 secs] 
832.829: [GC (Allocation Failure) [PSYoungGen: 417422K->127904K(465920K)] 1151746K->862501K(1432064K), 0.0171506 secs] [Times: user=0.03 sys=0.00, real=0.02 secs] 
833.892: [GC (Allocation Failure) [PSYoungGen: 360864K->25313K(465920K)] 1095461K->760220K(1432064K), 0.0054701 secs] [Times: user=0.02 sys=0.00, real=0.00 secs] 
834.185: [GC (Allocation Failure) [PSYoungGen: 258273K->186518K(465920K)] 993180K->922799K(1432064K), 0.0207304 secs] [Times: user=0.03 sys=0.00, real=0.02 secs] 
834.471: [GC (Allocation Failure) [PSYoungGen: 419478K->186100K(465920K)] 1155759K->922655K(1432064K), 0.0205817 secs] [Times: user=0.03 sys=0.00, real=0.02 secs] 
835.673: [GC (Allocation Failure) [PSYoungGen: 419060K->84466K(465920K)] 1155615K->821285K(1432064K), 0.0157498 secs] [Times: user=0.03 sys=0.00, real=0.01 secs] 
837.425: [GC (Allocation Failure) [PSYoungGen: 317426K->52011K(465920K)] 1054245K->789010K(1432064K), 0.0107411 secs] [Times: user=0.03 sys=0.00, real=0.01 secs] 
837.828: [GC (Allocation Failure) [PSYoungGen: 284971K->185875K(465920K)] 1021970K->924127K(1432064K), 0.0205903 secs] [Times: user=0.03 sys=0.00, real=0.02 secs] 
838.173: [GC (Allocation Failure) [PSYoungGen: 418835K->185843K(465920K)] 1157087K->924376K(1432064K), 0.0204441 secs] [Times: user=0.03 sys=0.00, real=0.02 secs] 
840.057: [GC (Allocation Failure) [PSYoungGen: 418803K->58632K(465920K)] 1157336K->797431K(1432064K), 0.0114526 secs] [Times: user=0.03 sys=0.00, real=0.01 secs] 
842.236: [GC (Allocation Failure) [PSYoungGen: 291592K->77751K(465920K)] 1030391K->816871K(1432064K), 0.0095634 secs] [Times: user=0.02 sys=0.00, real=0.01 secs] 
842.573: [GC (Allocation Failure) [PSYoungGen: 310711K->184205K(465920K)] 1049831K->924578K(1432064K), 0.0203990 secs] [Times: user=0.03 sys=0.00, real=0.02 secs] 
842.854: [GC (Allocation Failure) [PSYoungGen: 417165K->183787K(465920K)] 1157538K->924434K(1432064K), 0.0201814 secs] [Times: user=0.03 sys=0.00, real=0.02 secs] 
843.668: [GC (Allocation Failure) [PSYoungGen: 416747K->36655K(465920K)] 1157394K->777567K(1432064K), 0.0069656 secs] [Times: user=0.02 sys=0.00, real=0.01 secs] 
844.306: [GC (Allocation Failure) [PSYoungGen: 269615K->99790K(465920K)] 1010527K->841017K(1432064K), 0.0117472 secs] [Times: user=0.02 sys=0.00, real=0.01 secs] 
844.581: [GC (Allocation Failure) [PSYoungGen: 332750K->184205K(465920K)] 1073977K->926685K(1432064K), 0.0203047 secs] [Times: user=0.02 sys=0.00, real=0.02 secs] 
844.926: [GC (Allocation Failure) [PSYoungGen: 417165K->184430K(465920K)] 1159645K->927320K(1432064K), 0.0203156 secs] [Times: user=0.03 sys=0.00, real=0.02 secs] 
848.384: [GC (Allocation Failure) [PSYoungGen: 417390K->14035K(465920K)] 1160280K->757070K(1432064K), 0.0052907 secs] [Times: user=0.02 sys=0.00, real=0.01 secs] 
849.964: [GC (Allocation Failure) [PSYoungGen: 246995K->121995K(465920K)] 990030K->865338K(1432064K), 0.0139721 secs] [Times: user=0.02 sys=0.00, real=0.01 secs] 
850.238: [GC (Allocation Failure) [PSYoungGen: 354955K->184237K(465920K)] 1098298K->928841K(1432064K), 0.0203766 secs] [Times: user=0.03 sys=0.00, real=0.02 secs] 
850.778: [GC (Allocation Failure) [PSYoungGen: 417197K->176598K(465920K)] 1161801K->921620K(1432064K), 0.0221769 secs] [Times: user=0.03 sys=0.00, real=0.03 secs] 
853.426: [GC (Allocation Failure) [PSYoungGen: 409558K->96K(465920K)] 1154580K->746422K(1432064K), 0.0050626 secs] [Times: user=0.03 sys=0.01, real=0.01 secs] 
854.412: [GC (Allocation Failure) [PSYoungGen: 233056K->141627K(465920K)] 979382K->887970K(1432064K), 0.0158088 secs] [Times: user=0.02 sys=0.00, real=0.01 secs] 
854.690: [GC (Allocation Failure) [PSYoungGen: 374587K->184590K(465920K)] 1120930K->932187K(1432064K), 0.0203613 secs] [Times: user=0.03 sys=0.00, real=0.03 secs] 
855.435: [GC (Allocation Failure) [PSYoungGen: 415015K->160037K(465920K)] 1162612K->907906K(1432064K), 0.0254826 secs] [Times: user=0.04 sys=0.00, real=0.03 secs] 
857.586: [GC (Allocation Failure) [PSYoungGen: 392997K->96K(465920K)] 1140866K->749411K(1432064K), 0.0058201 secs] [Times: user=0.03 sys=0.00, real=0.01 secs] 
858.177: [GC (Allocation Failure) [PSYoungGen: 233056K->161195K(465920K)] 982371K->910526K(1432064K), 0.0178707 secs] [Times: user=0.03 sys=0.00, real=0.02 secs] 
858.458: [GC (Allocation Failure) [PSYoungGen: 394155K->184590K(465920K)] 1143486K->935296K(1432064K), 0.0204463 secs] [Times: user=0.03 sys=0.00, real=0.02 secs] 
859.754: [GC (Allocation Failure) [PSYoungGen: 417550K->144661K(465920K)] 1168256K->895519K(1432064K), 0.0407544 secs] [Times: user=0.07 sys=0.00, real=0.04 secs] 
861.741: [GC (Allocation Failure) [PSYoungGen: 377621K->96K(465920K)] 1128479K->752405K(1432064K), 0.0032439 secs] [Times: user=0.02 sys=0.00, real=0.00 secs] 
862.118: [GC (Allocation Failure) [PSYoungGen: 233056K->183461K(465920K)] 985365K->935779K(1432064K), 0.0200521 secs] [Times: user=0.03 sys=0.00, real=0.02 secs] 
862.400: [GC (Allocation Failure) [PSYoungGen: 416421K->184430K(465920K)] 1168739K->938001K(1432064K), 0.0202948 secs] [Times: user=0.03 sys=0.00, real=0.02 secs] 
863.762: [GC (Allocation Failure) [PSYoungGen: 417390K->130763K(465920K)] 1170961K->884616K(1432064K), 0.0223331 secs] [Times: user=0.04 sys=0.00, real=0.02 secs] 
865.912: [GC (Allocation Failure) [PSYoungGen: 363723K->21779K(465920K)] 1117576K->775939K(1432064K), 0.0067666 secs] [Times: user=0.02 sys=0.00, real=0.00 secs] 
866.249: [GC (Allocation Failure) [PSYoungGen: 254739K->186389K(465920K)] 1008899K->941803K(1432064K), 0.0205914 secs] [Times: user=0.03 sys=0.00, real=0.02 secs] 
866.534: [GC (Allocation Failure) [PSYoungGen: 419349K->184847K(465920K)] 1174763K->940542K(1432064K), 0.0203608 secs] [Times: user=0.03 sys=0.00, real=0.02 secs] 
867.169: [GC (Allocation Failure) [PSYoungGen: 417807K->105750K(465920K)] 1173502K->861718K(1432064K), 0.0130282 secs] [Times: user=0.03 sys=0.00, real=0.02 secs] 
868.110: [GC (Allocation Failure) [PSYoungGen: 338710K->47034K(465920K)] 1094678K->803315K(1432064K), 0.0064765 secs] [Times: user=0.01 sys=0.00, real=0.01 secs] 
868.381: [GC (Allocation Failure) [PSYoungGen: 279994K->186357K(465920K)] 1036275K->944013K(1432064K), 0.0205184 secs] [Times: user=0.03 sys=0.00, real=0.02 secs] 
868.670: [GC (Allocation Failure) [PSYoungGen: 419317K->185940K(465920K)] 1176973K->943869K(1432064K), 0.0205077 secs] [Times: user=0.03 sys=0.00, real=0.02 secs] 
869.799: [GC (Allocation Failure) [PSYoungGen: 418900K->63002K(465920K)] 1176829K->821076K(1432064K), 0.0127301 secs] [Times: user=0.03 sys=0.00, real=0.02 secs] 
870.553: [GC (Allocation Failure) [PSYoungGen: 295962K->73221K(465920K)] 1054036K->831616K(1432064K), 0.0091074 secs] [Times: user=0.02 sys=0.00, real=0.01 secs] 
870.884: [GC (Allocation Failure) [PSYoungGen: 306181K->186357K(465920K)] 1064576K->946006K(1432064K), 0.0206002 secs] [Times: user=0.03 sys=0.00, real=0.02 secs] 
871.228: [GC (Allocation Failure) [PSYoungGen: 419317K->184815K(465920K)] 1178966K->944745K(1432064K), 0.0203438 secs] [Times: user=0.03 sys=0.00, real=0.02 secs] 
872.287: [GC (Allocation Failure) [PSYoungGen: 417775K->37940K(465920K)] 1177705K->798143K(1432064K), 0.0074100 secs] [Times: user=0.02 sys=0.00, real=0.01 secs] 
873.398: [GC (Allocation Failure) [PSYoungGen: 270900K->98247K(465920K)] 1031103K->858758K(1432064K), 0.0115958 secs] [Times: user=0.02 sys=0.00, real=0.01 secs] 
873.673: [GC (Allocation Failure) [PSYoungGen: 331207K->186518K(465920K)] 1091718K->948282K(1432064K), 0.0204843 secs] [Times: user=0.03 sys=0.00, real=0.02 secs] 
873.959: [GC (Allocation Failure) [PSYoungGen: 419478K->186100K(465920K)] 1181242K->948274K(1432064K), 0.0204640 secs] [Times: user=0.03 sys=0.00, real=0.02 secs] 
876.015: [GC (Allocation Failure) [PSYoungGen: 419060K->11625K(465920K)] 1181234K->774064K(1432064K), 0.0069001 secs] [Times: user=0.03 sys=0.00, real=0.01 secs] 
877.588: [GC (Allocation Failure) [PSYoungGen: 244585K->124951K(465920K)] 1007024K->887577K(1432064K), 0.0143163 secs] [Times: user=0.02 sys=0.00, real=0.02 secs] 
877.865: [GC (Allocation Failure) [PSYoungGen: 357911K->186132K(465920K)] 1120537K->950004K(1432064K), 0.0205220 secs] [Times: user=0.03 sys=0.00, real=0.02 secs] 
878.242: [GC (Allocation Failure) [PSYoungGen: 419092K->175219K(465920K)] 1182964K->939492K(1432064K), 0.0209962 secs] [Times: user=0.03 sys=0.00, real=0.02 secs] 
879.333: [GC (Allocation Failure) [PSYoungGen: 408179K->96K(465920K)] 1172452K->765690K(1432064K), 0.0025870 secs] [Times: user=0.01 sys=0.00, real=0.00 secs] 
880.041: [GC (Allocation Failure) [PSYoungGen: 233056K->150913K(465920K)] 998650K->916523K(1432064K), 0.0169601 secs] [Times: user=0.02 sys=0.00, real=0.01 secs] 
880.323: [GC (Allocation Failure) [PSYoungGen: 383873K->186132K(465920K)] 1149483K->953125K(1432064K), 0.0207811 secs] [Times: user=0.03 sys=0.00, real=0.02 secs] 
880.788: [GC (Allocation Failure) [PSYoungGen: 419092K->153417K(465920K)] 1186085K->920546K(1432064K), 0.0291879 secs] [Times: user=0.05 sys=0.00, real=0.03 secs] 
881.749: [GC (Allocation Failure) [PSYoungGen: 386377K->96K(465920K)] 1153506K->768670K(1432064K), 0.0028536 secs] [Times: user=0.01 sys=0.00, real=0.01 secs] 
882.070: [GC (Allocation Failure) [PSYoungGen: 233056K->177035K(465920K)] 1001630K->945626K(1432064K), 0.0194056 secs] [Times: user=0.03 sys=0.00, real=0.02 secs] 
882.407: [GC (Allocation Failure) [PSYoungGen: 409995K->184430K(465920K)] 1178586K->954274K(1432064K), 0.0204135 secs] [Times: user=0.03 sys=0.00, real=0.02 secs] 
882.955: [GC (Allocation Failure) [PSYoungGen: 417390K->137157K(465920K)] 1187234K->907275K(1432064K), 0.0167111 secs] [Times: user=0.03 sys=0.00, real=0.02 secs] 
884.298: [GC (Allocation Failure) [PSYoungGen: 370117K->16828K(465920K)] 1140235K->787255K(1432064K), 0.0045912 secs] [Times: user=0.01 sys=0.00, real=0.01 secs] 
884.581: [GC (Allocation Failure) [PSYoungGen: 249788K->185843K(465920K)] 1020215K->957653K(1432064K), 0.0205622 secs] [Times: user=0.03 sys=0.00, real=0.02 secs] 
884.872: [GC (Allocation Failure) [PSYoungGen: 418803K->185907K(465920K)] 1190613K->957869K(1432064K), 0.0204461 secs] [Times: user=0.03 sys=0.00, real=0.02 secs] 
885.493: [GC (Allocation Failure) [PSYoungGen: 418867K->110296K(465920K)] 1190829K->882531K(1432064K), 0.0130848 secs] [Times: user=0.03 sys=0.00, real=0.01 secs] 
886.594: [GC (Allocation Failure) [PSYoungGen: 343256K->42504K(465920K)] 1115491K->815065K(1432064K), 0.0072306 secs] [Times: user=0.02 sys=0.00, real=0.01 secs] 
886.872: [GC (Allocation Failure) [PSYoungGen: 275464K->186229K(465920K)] 1048025K->960044K(1432064K), 0.0206307 secs] [Times: user=0.03 sys=0.00, real=0.02 secs] 
887.157: [GC (Allocation Failure) [PSYoungGen: 419189K->186004K(465920K)] 1193004K->960228K(1432064K), 0.0206413 secs] [Times: user=0.03 sys=0.00, real=0.02 secs] 
888.497: [GC (Allocation Failure) [PSYoungGen: 418964K->67645K(465920K)] 1193188K->842006K(1432064K), 0.0171221 secs] [Times: user=0.03 sys=0.00, real=0.02 secs] 
890.484: [GC (Allocation Failure) [PSYoungGen: 300605K->69172K(465920K)] 1074966K->843840K(1432064K), 0.0101734 secs] [Times: user=0.02 sys=0.00, real=0.01 secs] 
890.773: [GC (Allocation Failure) [PSYoungGen: 302132K->185843K(465920K)] 1076800K->961774K(1432064K), 0.0204741 secs] [Times: user=0.02 sys=0.00, real=0.02 secs] 
891.113: [GC (Allocation Failure) [PSYoungGen: 418803K->184462K(465920K)] 1194734K->960673K(1432064K), 0.0204349 secs] [Times: user=0.03 sys=0.00, real=0.02 secs] 
892.802: [GC (Allocation Failure) [PSYoungGen: 417422K->42937K(465920K)] 1193633K->819421K(1432064K), 0.0103860 secs] [Times: user=0.02 sys=0.00, real=0.01 secs] 
894.367: [GC (Allocation Failure) [PSYoungGen: 275897K->92949K(465920K)] 1052381K->869743K(1432064K), 0.0113708 secs] [Times: user=0.02 sys=0.00, real=0.01 secs] 
894.643: [GC (Allocation Failure) [PSYoungGen: 325909K->186486K(465920K)] 1102703K->964534K(1432064K), 0.0205901 secs] [Times: user=0.03 sys=0.00, real=0.02 secs] 
894.932: [GC (Allocation Failure) [PSYoungGen: 419446K->186100K(465920K)] 1197494K->964421K(1432064K), 0.0205423 secs] [Times: user=0.02 sys=0.00, real=0.02 secs] 
896.240: [GC (Allocation Failure) [PSYoungGen: 419060K->16798K(465920K)] 1197381K->795384K(1432064K), 0.0062906 secs] [Times: user=0.03 sys=0.00, real=0.00 secs] 
897.138: [GC (Allocation Failure) [PSYoungGen: 249758K->119682K(465920K)] 1028344K->898591K(1432064K), 0.0137389 secs] [Times: user=0.02 sys=0.00, real=0.02 secs] 
897.414: [GC (Allocation Failure) [PSYoungGen: 352642K->184590K(465920K)] 1131551K->964745K(1432064K), 0.0204882 secs] [Times: user=0.03 sys=0.00, real=0.02 secs] 
897.734: [GC (Allocation Failure) [PSYoungGen: 417550K->180014K(465920K)] 1197705K->960579K(1432064K), 0.0197582 secs] [Times: user=0.03 sys=0.00, real=0.02 secs] 
900.183: [GC (Allocation Failure) [PSYoungGen: 412974K->128K(465920K)] 1193539K->782006K(1432064K), 0.0034779 secs] [Times: user=0.02 sys=0.01, real=0.00 secs] 
901.105: [GC (Allocation Failure) [PSYoungGen: 233088K->143587K(465920K)] 1014966K->925497K(1432064K), 0.0160792 secs] [Times: user=0.02 sys=0.00, real=0.02 secs] 
901.386: [GC (Allocation Failure) [PSYoungGen: 376547K->186164K(465920K)] 1158457K->969328K(1432064K), 0.0206758 secs] [Times: user=0.03 sys=0.00, real=0.02 secs] 
901.787: [GC (Allocation Failure) [PSYoungGen: 419124K->160743K(465920K)] 1202288K->944179K(1432064K), 0.0188323 secs] [Times: user=0.03 sys=0.00, real=0.02 secs] 
902.737: [GC (Allocation Failure) [PSYoungGen: 393703K->128K(465920K)] 1177139K->785004K(1432064K), 0.0022558 secs] [Times: user=0.02 sys=0.00, real=0.00 secs] 
903.101: [GC (Allocation Failure) [PSYoungGen: 233088K->169581K(465920K)] 1017964K->954465K(1432064K), 0.0188893 secs] [Times: user=0.03 sys=0.00, real=0.01 secs] 
903.388: [GC (Allocation Failure) [PSYoungGen: 402541K->184687K(465920K)] 1187425K->970825K(1432064K), 0.0205316 secs] [Times: user=0.03 sys=0.00, real=0.02 secs] 
904.786: [GC (Allocation Failure) [PSYoungGen: 409591K->136211K(465920K)] 1195729K->922742K(1432064K), 0.0285630 secs] [Times: user=0.04 sys=0.00, real=0.03 secs] 
906.854: [GC (Allocation Failure) [PSYoungGen: 369171K->1633K(465920K)] 1155702K->788348K(1432064K), 0.0027858 secs] [Times: user=0.01 sys=0.00, real=0.00 secs] 
907.147: [GC (Allocation Failure) [PSYoungGen: 234593K->184430K(465920K)] 1021308K->972398K(1432064K), 0.0203833 secs] [Times: user=0.03 sys=0.00, real=0.02 secs] 
907.430: [GC (Allocation Failure) [PSYoungGen: 417390K->184590K(465920K)] 1205358K->972840K(1432064K), 0.0204065 secs] [Times: user=0.03 sys=0.00, real=0.02 secs] 
908.000: [GC (Allocation Failure) [PSYoungGen: 417550K->128161K(465920K)] 1205800K->916684K(1432064K), 0.0156868 secs] [Times: user=0.03 sys=0.00, real=0.01 secs] 
908.980: [GC (Allocation Failure) [PSYoungGen: 361121K->24828K(465920K)] 1149644K->813671K(1432064K), 0.0052910 secs] [Times: user=0.02 sys=0.00, real=0.01 secs] 
909.251: [GC (Allocation Failure) [PSYoungGen: 257788K->183690K(465920K)] 1046631K->973787K(1432064K), 0.0204272 secs] [Times: user=0.03 sys=0.00, real=0.02 secs] 
909.607: [GC (Allocation Failure) [PSYoungGen: 416650K->184333K(465920K)] 1206747K->974711K(1432064K), 0.0203291 secs] [Times: user=0.03 sys=0.00, real=0.02 secs] 
910.256: [GC (Allocation Failure) [PSYoungGen: 417293K->106023K(465920K)] 1207671K->896681K(1432064K), 0.0149808 secs] [Times: user=0.03 sys=0.00, real=0.02 secs] 
911.194: [GC (Allocation Failure) [PSYoungGen: 338983K->46777K(465920K)] 1129641K->837746K(1432064K), 0.0066293 secs] [Times: user=0.01 sys=0.00, real=0.01 secs] 
911.464: [GC (Allocation Failure) [PSYoungGen: 279737K->184815K(465920K)] 1070706K->977038K(1432064K), 0.0204527 secs] [Times: user=0.03 sys=0.00, real=0.02 secs] 
911.809: [GC (Allocation Failure) [PSYoungGen: 417775K->184912K(465920K)] 1209998K->977415K(1432064K), 0.0204491 secs] [Times: user=0.03 sys=0.00, real=0.02 secs] 
912.619: [GC (Allocation Failure) [PSYoungGen: 417872K->65862K(465920K)] 1210375K->858630K(1432064K), 0.0107220 secs] [Times: user=0.02 sys=0.00, real=0.02 secs] 
913.506: [GC (Allocation Failure) [PSYoungGen: 298822K->70425K(465920K)] 1091590K->863496K(1432064K), 0.0089098 secs] [Times: user=0.01 sys=0.00, real=0.01 secs] 
913.776: [GC (Allocation Failure) [PSYoungGen: 303385K->184430K(465920K)] 1096456K->978746K(1432064K), 0.0202336 secs] [Times: user=0.02 sys=0.00, real=0.02 secs] 
914.058: [GC (Allocation Failure) [PSYoungGen: 417390K->184141K(465920K)] 1211706K->978730K(1432064K), 0.0203482 secs] [Times: user=0.03 sys=0.00, real=0.02 secs] 
916.543: [GC (Allocation Failure) [PSYoungGen: 417101K->43338K(465920K)] 1211690K->838192K(1432064K), 0.0126576 secs] [Times: user=0.03 sys=0.00, real=0.01 secs] 
917.736: [GC (Allocation Failure) [PSYoungGen: 276298K->92692K(465920K)] 1071152K->887870K(1432064K), 0.0111528 secs] [Times: user=0.02 sys=0.00, real=0.01 secs] 
918.066: [GC (Allocation Failure) [PSYoungGen: 325652K->184173K(465920K)] 1120830K->980604K(1432064K), 0.0205536 secs] [Times: user=0.02 sys=0.00, real=0.02 secs] 
918.405: [GC (Allocation Failure) [PSYoungGen: 417133K->184462K(465920K)] 1213564K->981174K(1432064K), 0.0203155 secs] [Times: user=0.02 sys=0.00, real=0.02 secs] 
919.379: [GC (Allocation Failure) [PSYoungGen: 417422K->21104K(465920K)] 1214134K->818081K(1432064K), 0.0053839 secs] [Times: user=0.01 sys=0.00, real=0.01 secs] 
919.945: [GC (Allocation Failure) [PSYoungGen: 254064K->115472K(465920K)] 1051041K->912756K(1432064K), 0.0133672 secs] [Times: user=0.02 sys=0.00, real=0.01 secs] 
920.220: [GC (Allocation Failure) [PSYoungGen: 348432K->183916K(465920K)] 1145716K->982453K(1432064K), 0.0204754 secs] [Times: user=0.02 sys=0.00, real=0.02 secs] 
920.507: [GC (Allocation Failure) [PSYoungGen: 416876K->181570K(465920K)] 1215413K->980372K(1432064K), 0.0225075 secs] [Times: user=0.03 sys=0.00, real=0.02 secs] 
921.592: [GC (Allocation Failure) [PSYoungGen: 414530K->1376K(465920K)] 1213332K->800330K(1432064K), 0.0030602 secs] [Times: user=0.01 sys=0.00, real=0.00 secs] 
922.108: [GC (Allocation Failure) [PSYoungGen: 234336K->135361K(465920K)] 1033290K->934503K(1432064K), 0.0154719 secs] [Times: user=0.02 sys=0.00, real=0.02 secs] 
922.386: [GC (Allocation Failure) [PSYoungGen: 368321K->184590K(465920K)] 1167463K->984977K(1432064K), 0.0206125 secs] [Times: user=0.02 sys=0.00, real=0.02 secs] 
922.800: [GC (Allocation Failure) [PSYoungGen: 417550K->166382K(465920K)] 1217937K->967043K(1432064K), 0.0203473 secs] [Times: user=0.03 sys=0.00, real=0.03 secs] 
923.844: [GC (Allocation Failure) [PSYoungGen: 399342K->128K(465920K)] 1200003K->802226K(1432064K), 0.0029312 secs] [Times: user=0.01 sys=0.00, real=0.00 secs] 
924.258: [GC (Allocation Failure) [PSYoungGen: 233088K->158271K(465920K)] 1035186K->960377K(1432064K), 0.0176472 secs] [Times: user=0.03 sys=0.00, real=0.02 secs] 
924.544: [GC (Allocation Failure) [PSYoungGen: 391231K->184462K(465920K)] 1193337K->987821K(1432064K), 0.0210223 secs] [Times: user=0.03 sys=0.00, real=0.02 secs] 
925.747: [GC (Allocation Failure) [PSYoungGen: 417422K->147698K(465920K)] 1220781K->951323K(1432064K), 0.0267241 secs] [Times: user=0.04 sys=0.00, real=0.03 secs] 
927.786: [GC (Allocation Failure) [PSYoungGen: 380658K->96K(465920K)] 1184283K->805162K(1432064K), 0.0035441 secs] [Times: user=0.01 sys=0.00, real=0.00 secs] 
928.188: [GC (Allocation Failure) [PSYoungGen: 233056K->182208K(465920K)] 1038122K->987298K(1432064K), 0.0202267 secs] [Times: user=0.03 sys=0.00, real=0.02 secs] 
928.474: [GC (Allocation Failure) [PSYoungGen: 415168K->186132K(465920K)] 1220258K->992469K(1432064K), 0.0209040 secs] [Times: user=0.03 sys=0.00, real=0.02 secs] 
929.086: [GC (Allocation Failure) [PSYoungGen: 419092K->130314K(465920K)] 1225429K->936931K(1432064K), 0.0164569 secs] [Times: user=0.02 sys=0.00, real=0.02 secs] 
930.147: [GC (Allocation Failure) [PSYoungGen: 363274K->23418K(465920K)] 1169891K->830336K(1432064K), 0.0043201 secs] [Times: user=0.01 sys=0.00, real=0.01 secs] 
930.474: [GC (Allocation Failure) [PSYoungGen: 256378K->186486K(465920K)] 1063296K->994666K(1432064K), 0.0208664 secs] [Times: user=0.02 sys=0.00, real=0.02 secs] 
930.761: [GC (Allocation Failure) [PSYoungGen: 419446K->186036K(465920K)] 1227626K->994626K(1432064K), 0.0241372 secs] [Times: user=0.03 sys=0.00, real=0.02 secs] 
932.787: [GC (Allocation Failure) [PSYoungGen: 418996K->102954K(465920K)] 1227586K->911681K(1432064K), 0.0183050 secs] [Times: user=0.04 sys=0.00, real=0.02 secs] 
934.585: [GC (Allocation Failure) [PSYoungGen: 335914K->49315K(465920K)] 1144641K->858360K(1432064K), 0.0083238 secs] [Times: user=0.02 sys=0.00, real=0.01 secs] 
934.874: [GC (Allocation Failure) [PSYoungGen: 282275K->184301K(465920K)] 1091320K->994599K(1432064K), 0.0204180 secs] [Times: user=0.03 sys=0.00, real=0.02 secs] 
935.215: [GC (Allocation Failure) [PSYoungGen: 417261K->184141K(465920K)] 1227559K->994720K(1432064K), 0.0203907 secs] [Times: user=0.02 sys=0.00, real=0.02 secs] 
936.132: [GC (Allocation Failure) [PSYoungGen: 417101K->64577K(465920K)] 1227680K->875429K(1432064K), 0.0107801 secs] [Times: user=0.02 sys=0.00, real=0.01 secs] 
937.860: [GC (Allocation Failure) [PSYoungGen: 297537K->71482K(465920K)] 1108389K->882650K(1432064K), 0.0090924 secs] [Times: user=0.01 sys=0.00, real=0.00 secs] 
938.131: [GC (Allocation Failure) [PSYoungGen: 304442K->184044K(465920K)] 1115610K->996466K(1432064K), 0.0205090 secs] [Times: user=0.03 sys=0.00, real=0.02 secs] 
938.470: [GC (Allocation Failure) [PSYoungGen: 417004K->184012K(465920K)] 1229426K->996715K(1432064K), 0.0203800 secs] [Times: user=0.03 sys=0.00, real=0.02 secs] 
939.779: [GC (Allocation Failure) [PSYoungGen: 416972K->42824K(465920K)] 1229675K->855920K(1432064K), 0.0125371 secs] [Times: user=0.03 sys=0.00, real=0.02 secs] 
940.978: [GC (Allocation Failure) [PSYoungGen: 275784K->93334K(465920K)] 1088880K->906634K(1432064K), 0.0124235 secs] [Times: user=0.02 sys=0.00, real=0.02 secs] 
941.322: [GC (Allocation Failure) [PSYoungGen: 326294K->184044K(465920K)] 1139594K->998597K(1432064K), 0.0203735 secs] [Times: user=0.03 sys=0.00, real=0.02 secs] 
941.609: [GC (Allocation Failure) [PSYoungGen: 417004K->184044K(465920K)] 1231557K->998878K(1432064K), 0.0203598 secs] [Times: user=0.02 sys=0.00, real=0.02 secs] 
942.926: [GC (Allocation Failure) [PSYoungGen: 417004K->20975K(465920K)] 1231838K->836082K(1432064K), 0.0053888 secs] [Times: user=0.02 sys=0.00, real=0.01 secs] 
943.588: [GC (Allocation Failure) [PSYoungGen: 253935K->115312K(465920K)] 1069042K->930733K(1432064K), 0.0135763 secs] [Times: user=0.03 sys=0.00, real=0.02 secs] 
943.865: [GC (Allocation Failure) [PSYoungGen: 348272K->184173K(465920K)] 1163693K->1000976K(1432064K), 0.0206531 secs] [Times: user=0.03 sys=0.00, real=0.02 secs] 
944.145: [GC (Allocation Failure) [PSYoungGen: 417133K->181474K(465920K)] 1233936K->998429K(1432064K), 0.0201897 secs] [Times: user=0.03 sys=0.00, real=0.02 secs] 
945.108: [GC (Allocation Failure) [PSYoungGen: 414434K->1376K(465920K)] 1231389K->818484K(1432064K), 0.0030705 secs] [Times: user=0.02 sys=0.00, real=0.01 secs] 
945.654: [GC (Allocation Failure) [PSYoungGen: 234336K->135490K(465920K)] 1051444K->952781K(1432064K), 0.0154044 secs] [Times: user=0.03 sys=0.00, real=0.01 secs] 
945.986: [GC (Allocation Failure) [PSYoungGen: 368450K->184558K(465920K)] 1185741K->1003103K(1432064K), 0.0205125 secs] [Times: user=0.02 sys=0.00, real=0.02 secs] 
946.510: [GC (Allocation Failure) [PSYoungGen: 417518K->166286K(465920K)] 1236063K->985104K(1432064K), 0.0209375 secs] [Times: user=0.03 sys=0.00, real=0.02 secs] 
948.211: [GC (Allocation Failure) [PSYoungGen: 399246K->64K(465920K)] 1218064K->820331K(1432064K), 0.0041312 secs] [Times: user=0.02 sys=0.00, real=0.00 secs] 
948.752: [GC (Allocation Failure) [PSYoungGen: 233024K->159909K(465920K)] 1053291K->980193K(1432064K), 0.0177385 secs] [Times: user=0.02 sys=0.00, real=0.02 secs] 
949.034: [GC (Allocation Failure) [PSYoungGen: 392869K->186100K(465920K)] 1213153K->1007638K(1432064K), 0.0205247 secs] [Times: user=0.03 sys=0.00, real=0.02 secs] 
950.150: [GC (Allocation Failure) [PSYoungGen: 419060K->144388K(465920K)] 1240598K->966199K(1432064K), 0.0230056 secs] [Times: user=0.04 sys=0.00, real=0.02 secs] 
951.590: [GC (Allocation Failure) [PSYoungGen: 377348K->128K(465920K)] 1199159K->822254K(1432064K), 0.0030660 secs] [Times: user=0.01 sys=0.00, real=0.00 secs] 
951.877: [GC (Allocation Failure) [PSYoungGen: 233088K->183943K(465920K)] 1055214K->1006086K(1432064K), 0.0203208 secs] [Times: user=0.03 sys=0.00, real=0.02 secs] 
952.159: [GC (Allocation Failure) [PSYoungGen: 416903K->184687K(465920K)] 1239046K->1008083K(1432064K), 0.0205160 secs] [Times: user=0.02 sys=0.00, real=0.03 secs] 
953.169: [GC (Allocation Failure) [PSYoungGen: 417647K->129960K(465920K)] 1241043K->953621K(1432064K), 0.0189367 secs] [Times: user=0.03 sys=0.00, real=0.02 secs] 
954.345: [GC (Allocation Failure) [PSYoungGen: 362920K->22486K(465920K)] 1186581K->846463K(1432064K), 0.0042996 secs] [Times: user=0.02 sys=0.00, real=0.00 secs] 
954.614: [GC (Allocation Failure) [PSYoungGen: 255446K->186389K(465920K)] 1079423K->1011748K(1432064K), 0.0207320 secs] [Times: user=0.03 sys=0.00, real=0.02 secs] 
954.903: [GC (Allocation Failure) [PSYoungGen: 419349K->186100K(465920K)] 1244708K->1011612K(1432064K), 0.0206684 secs] [Times: user=0.03 sys=0.00, real=0.02 secs] 
956.251: [GC (Allocation Failure) [PSYoungGen: 419060K->103838K(465920K)] 1244572K->929622K(1432064K), 0.0143852 secs] [Times: user=0.03 sys=0.00, real=0.01 secs] 
957.075: [GC (Allocation Failure) [PSYoungGen: 336798K->49634K(465920K)] 1162582K->875733K(1432064K), 0.0068740 secs] [Times: user=0.01 sys=0.00, real=0.01 secs] 
957.346: [GC (Allocation Failure) [PSYoungGen: 282594K->185875K(465920K)] 1108693K->1013350K(1432064K), 0.0206752 secs] [Times: user=0.03 sys=0.00, real=0.02 secs] 
957.669: [GC (Allocation Failure) [PSYoungGen: 418835K->185843K(465920K)] 1246310K->1013591K(1432064K), 0.0206439 secs] [Times: user=0.03 sys=0.00, real=0.02 secs] 
960.642: [GC (Allocation Failure) [PSYoungGen: 418803K->61058K(465920K)] 1246551K->888942K(1432064K), 0.0233163 secs] [Times: user=0.05 sys=0.00, real=0.02 secs] 
962.000: [GC (Allocation Failure) [PSYoungGen: 294018K->75823K(465920K)] 1121902K->904031K(1432064K), 0.0094921 secs] [Times: user=0.01 sys=0.00, real=0.01 secs] 
962.271: [GC (Allocation Failure) [PSYoungGen: 308783K->184558K(465920K)] 1136991K->1014019K(1432064K), 0.0207617 secs] [Times: user=0.03 sys=0.00, real=0.02 secs] 
962.556: [GC (Allocation Failure) [PSYoungGen: 417518K->186389K(465920K)] 1246979K->1016132K(1432064K), 0.0208369 secs] [Times: user=0.03 sys=0.00, real=0.02 secs] 
964.307: [GC (Allocation Failure) [PSYoungGen: 419349K->35627K(465920K)] 1249092K->865642K(1432064K), 0.0088164 secs] [Times: user=0.02 sys=0.00, real=0.01 secs] 
965.508: [GC (Allocation Failure) [PSYoungGen: 268587K->100432K(465920K)] 1098602K->930765K(1432064K), 0.0119741 secs] [Times: user=0.02 sys=0.00, real=0.02 secs] 
965.839: [GC (Allocation Failure) [PSYoungGen: 333392K->184044K(465920K)] 1163725K->1015751K(1432064K), 0.0204352 secs] [Times: user=0.02 sys=0.00, real=0.03 secs] 
966.126: [GC (Allocation Failure) [PSYoungGen: 417004K->184044K(465920K)] 1248711K->1015904K(1432064K), 0.0204605 secs] [Times: user=0.03 sys=0.00, real=0.02 secs] 
967.660: [GC (Allocation Failure) [PSYoungGen: 417004K->13938K(465920K)] 1248864K->846063K(1432064K), 0.0083674 secs] [Times: user=0.03 sys=0.00, real=0.00 secs] 
968.525: [GC (Allocation Failure) [PSYoungGen: 246898K->122124K(465920K)] 1079023K->954562K(1432064K), 0.0141377 secs] [Times: user=0.02 sys=0.00, real=0.01 secs] 
968.800: [GC (Allocation Failure) [PSYoungGen: 355084K->183819K(465920K)] 1187522K->1017503K(1432064K), 0.0202955 secs] [Times: user=0.03 sys=0.00, real=0.02 secs] 
969.159: [GC (Allocation Failure) [PSYoungGen: 416779K->178407K(465920K)] 1250463K->1012501K(1432064K), 0.0213174 secs] [Times: user=0.03 sys=0.00, real=0.03 secs] 
970.973: [GC (Allocation Failure) [PSYoungGen: 411367K->160K(465920K)] 1245461K->835570K(1432064K), 0.0049416 secs] [Times: user=0.02 sys=0.00, real=0.00 secs] 
971.765: [GC (Allocation Failure) [PSYoungGen: 233120K->143424K(465920K)] 1068530K->978859K(1432064K), 0.0187262 secs] [Times: user=0.03 sys=0.00, real=0.02 secs] 
972.051: [GC (Allocation Failure) [PSYoungGen: 376384K->184333K(465920K)] 1211819K->1021150K(1432064K), 0.0203988 secs] [Times: user=0.03 sys=0.00, real=0.02 secs] 
972.717: [GC (Allocation Failure) [PSYoungGen: 417293K->162638K(465920K)] 1254110K->999729K(1432064K), 0.0218808 secs] [Times: user=0.03 sys=0.00, real=0.02 secs] 
974.547: [GC (Allocation Failure) [PSYoungGen: 395598K->96K(465920K)] 1232689K->838499K(1432064K), 0.0028851 secs] [Times: user=0.01 sys=0.00, real=0.00 secs] 
975.016: [GC (Allocation Failure) [PSYoungGen: 233056K->165179K(465920K)] 1071459K->1003598K(1432064K), 0.0185064 secs] [Times: user=0.03 sys=0.00, real=0.02 secs] 
975.360: [GC (Allocation Failure) [PSYoungGen: 398139K->184301K(465920K)] 1236558K->1024103K(1432064K), 0.0209004 secs] [Times: user=0.03 sys=0.00, real=0.02 secs] 
975.975: [GC (Allocation Failure) [PSYoungGen: 417261K->140934K(465920K)] 1257063K->980880K(1432064K), 0.0212723 secs] [Times: user=0.03 sys=0.00, real=0.02 secs] 
977.912: [GC (Allocation Failure) [PSYoungGen: 373894K->1184K(465920K)] 1213840K->841443K(1432064K), 0.0035179 secs] [Times: user=0.02 sys=0.00, real=0.00 secs] 
978.235: [GC (Allocation Failure) [PSYoungGen: 234144K->184462K(465920K)] 1074403K->1025846K(1432064K), 0.0205123 secs] [Times: user=0.03 sys=0.00, real=0.02 secs] 
978.518: [GC (Allocation Failure) [PSYoungGen: 417422K->184526K(465920K)] 1258806K->1026192K(1432064K), 0.0204626 secs] [Times: user=0.03 sys=0.00, real=0.02 secs] 
979.515: [GC (Allocation Failure) [PSYoungGen: 417486K->128562K(465920K)] 1259152K->970501K(1432064K), 0.0165152 secs] [Times: user=0.03 sys=0.00, real=0.02 secs] 
980.690: [GC (Allocation Failure) [PSYoungGen: 361522K->24125K(465920K)] 1203461K->866371K(1432064K), 0.0068662 secs] [Times: user=0.02 sys=0.00, real=0.00 secs] 
981.085: [GC (Allocation Failure) [PSYoungGen: 257085K->184173K(465920K)] 1099331K->1027665K(1432064K), 0.0205434 secs] [Times: user=0.03 sys=0.00, real=0.02 secs] 
981.371: [GC (Allocation Failure) [PSYoungGen: 417133K->184558K(465920K)] 1260625K->1028331K(1432064K), 0.0206522 secs] [Times: user=0.03 sys=0.00, real=0.02 secs] 
982.120: [GC (Allocation Failure) [PSYoungGen: 417518K->105926K(465920K)] 1261291K->950101K(1432064K), 0.0134427 secs] [Times: user=0.03 sys=0.00, real=0.01 secs] 
983.119: [GC (Allocation Failure) [PSYoungGen: 338886K->47034K(465920K)] 1183061K->891388K(1432064K), 0.0082116 secs] [Times: user=0.02 sys=0.00, real=0.01 secs] 
983.481: [GC (Allocation Failure) [PSYoungGen: 279994K->184976K(465920K)] 1124348K->1030575K(1432064K), 0.0206226 secs] [Times: user=0.03 sys=0.00, real=0.02 secs] 
983.769: [GC (Allocation Failure) [PSYoungGen: 417936K->184944K(465920K)] 1263535K->1030824K(1432064K), 0.0206420 secs] [Times: user=0.02 sys=0.00, real=0.02 secs] 
984.640: [GC (Allocation Failure) [PSYoungGen: 417904K->65428K(465920K)] 1263784K->911574K(1432064K), 0.0126846 secs] [Times: user=0.02 sys=0.00, real=0.01 secs] 
985.401: [GC (Allocation Failure) [PSYoungGen: 298388K->70939K(465920K)] 1144534K->917397K(1432064K), 0.0089848 secs] [Times: user=0.02 sys=0.00, real=0.01 secs] 
985.676: [GC (Allocation Failure) [PSYoungGen: 303899K->186357K(465920K)] 1150357K->1034061K(1432064K), 0.0206487 secs] [Times: user=0.03 sys=0.00, real=0.02 secs] 
985.963: [GC (Allocation Failure) [PSYoungGen: 419317K->184815K(465920K)] 1267021K->1032800K(1432064K), 0.0205253 secs] [Times: user=0.02 sys=0.00, real=0.02 secs] 
986.754: [GC (Allocation Failure) [PSYoungGen: 417775K->40238K(465920K)] 1265760K->888495K(1432064K), 0.0069176 secs] [Times: user=0.02 sys=0.00, real=0.01 secs] 
987.386: [GC (Allocation Failure) [PSYoungGen: 273198K->95805K(465920K)] 1121455K->944371K(1432064K), 0.0114950 secs] [Times: user=0.02 sys=0.00, real=0.01 secs] 
987.721: [GC (Allocation Failure) [PSYoungGen: 328765K->186357K(465920K)] 1177331K->1036305K(1432064K), 0.0208057 secs] [Times: user=0.03 sys=0.00, real=0.02 secs] 
988.004: [GC (Allocation Failure) [PSYoungGen: 419317K->184783K(465920K)] 1269265K->1034875K(1432064K), 0.0205471 secs] [Times: user=0.03 sys=0.00, real=0.02 secs] 
989.158: [GC (Allocation Failure) [PSYoungGen: 417743K->15465K(465920K)] 1267835K->865822K(1432064K), 0.0057964 secs] [Times: user=0.02 sys=0.00, real=0.01 secs] 
990.122: [GC (Allocation Failure) [PSYoungGen: 248425K->120581K(465920K)] 1098782K->971246K(1432064K), 0.0140231 secs] [Times: user=0.03 sys=0.00, real=0.01 secs] 
990.399: [GC (Allocation Failure) [PSYoungGen: 353541K->184944K(465920K)] 1204206K->1036862K(1432064K), 0.0205898 secs] [Times: user=0.03 sys=0.00, real=0.03 secs] 
990.779: [GC (Allocation Failure) [PSYoungGen: 417904K->177721K(465920K)] 1269822K->1029904K(1432064K), 0.0243714 secs] [Times: user=0.03 sys=0.00, real=0.03 secs] 
992.681: [GC (Allocation Failure) [PSYoungGen: 410681K->96K(465920K)] 1262864K->853720K(1432064K), 0.0041721 secs] [Times: user=0.02 sys=0.00, real=0.00 secs] 
993.172: [GC (Allocation Failure) [PSYoungGen: 233056K->142302K(465920K)] 1086680K->995943K(1432064K), 0.0160675 secs] [Times: user=0.03 sys=0.00, real=0.01 secs] 
993.512: [GC (Allocation Failure) [PSYoungGen: 375262K->184365K(465920K)] 1228903K->1039252K(1432064K), 0.0205787 secs] [Times: user=0.03 sys=0.00, real=0.02 secs] 
994.050: [GC (Allocation Failure) [PSYoungGen: 413668K->159747K(465920K)] 1268555K->1015027K(1432064K), 0.0232177 secs] [Times: user=0.03 sys=0.00, real=0.02 secs] 
995.030: [GC (Allocation Failure) [PSYoungGen: 392707K->64K(465920K)] 1247987K->856657K(1432064K), 0.0029882 secs] [Times: user=0.01 sys=0.00, real=0.00 secs] 
995.450: [GC (Allocation Failure) [PSYoungGen: 233024K->161709K(465920K)] 1089617K->1018318K(1432064K), 0.0180304 secs] [Times: user=0.03 sys=0.00, real=0.01 secs] 
995.789: [GC (Allocation Failure) [PSYoungGen: 394669K->184719K(465920K)] 1251278K->1042710K(1432064K), 0.0204833 secs] [Times: user=0.03 sys=0.00, real=0.03 secs] 
996.279: [GC (Allocation Failure) [PSYoungGen: 417679K->144035K(465920K)] 1275670K->1002291K(1432064K), 0.0192217 secs] [Times: user=0.03 sys=0.00, real=0.02 secs] 
997.326: [GC (Allocation Failure) [PSYoungGen: 376995K->160K(465920K)] 1235251K->858593K(1432064K), 0.0027783 secs] [Times: user=0.01 sys=0.00, real=0.00 secs] 
997.608: [GC (Allocation Failure) [PSYoungGen: 233120K->185033K(465920K)] 1091553K->1043506K(1432064K), 0.0203707 secs] [Times: user=0.03 sys=0.00, real=0.02 secs] 
997.895: [GC (Allocation Failure) [PSYoungGen: 417993K->184173K(465920K)] 1276466K->1043884K(1432064K), 0.0204732 secs] [Times: user=0.03 sys=0.00, real=0.02 secs] 
1000.253: [GC (Allocation Failure) [PSYoungGen: 417133K->129462K(465920K)] 1276844K->989438K(1432064K), 0.0387666 secs] [Times: user=0.08 sys=0.00, real=0.04 secs] 
1001.797: [GC (Allocation Failure) [PSYoungGen: 362422K->22968K(465920K)] 1222398K->883252K(1432064K), 0.0050423 secs] [Times: user=0.02 sys=0.00, real=0.01 secs] 
1002.113: [GC (Allocation Failure) [PSYoungGen: 255928K->184173K(465920K)] 1116212K->1045710K(1432064K), 0.0207166 secs] [Times: user=0.03 sys=0.01, real=0.02 secs] 
1002.457: [GC (Allocation Failure) [PSYoungGen: 417133K->184333K(465920K)] 1278670K->1046280K(1432064K), 0.0206299 secs] [Times: user=0.03 sys=0.00, real=0.02 secs] 
1003.722: [GC (Allocation Failure) [PSYoungGen: 417293K->107340K(465920K)] 1279240K->969424K(1432064K), 0.0256923 secs] [Times: user=0.05 sys=0.00, real=0.02 secs] 
1005.962: [GC (Allocation Failure) [PSYoungGen: 340300K->44946K(465920K)] 1202384K->907331K(1432064K), 0.0092715 secs] [Times: user=0.03 sys=0.00, real=0.01 secs] 
1006.280: [GC (Allocation Failure) [PSYoungGen: 277906K->184076K(465920K)] 1140291K->1047716K(1432064K), 0.0208269 secs] [Times: user=0.03 sys=0.00, real=0.02 secs] 
1006.568: [GC (Allocation Failure) [PSYoungGen: 417036K->184430K(465920K)] 1280676K->1048471K(1432064K), 0.0207035 secs] [Times: user=0.02 sys=0.00, real=0.02 secs] 
1007.255: [GC (Allocation Failure) [PSYoungGen: 417390K->68930K(465920K)] 1281431K->933108K(1432064K), 0.0115844 secs] [Times: user=0.02 sys=0.00, real=0.01 secs] 
1008.365: [GC (Allocation Failure) [PSYoungGen: 301890K->67566K(465920K)] 1166068K->932057K(1432064K), 0.0086800 secs] [Times: user=0.02 sys=0.00, real=0.01 secs] 
1008.695: [GC (Allocation Failure) [PSYoungGen: 300526K->184333K(465920K)] 1165017K->1050062K(1432064K), 0.0206626 secs] [Times: user=0.03 sys=0.00, real=0.02 secs] 
1008.977: [GC (Allocation Failure) [PSYoungGen: 417293K->184558K(465920K)] 1283022K->1050560K(1432064K), 0.0206109 secs] [Times: user=0.03 sys=0.00, real=0.02 secs] 
1009.762: [GC (Allocation Failure) [PSYoungGen: 417518K->45909K(465920K)] 1283520K->912176K(1432064K), 0.0078338 secs] [Times: user=0.02 sys=0.00, real=0.00 secs] 
1010.424: [GC (Allocation Failure) [PSYoungGen: 278869K->90507K(465920K)] 1145136K->957096K(1432064K), 0.0109430 secs] [Times: user=0.02 sys=0.00, real=0.01 secs] 
1010.697: [GC (Allocation Failure) [PSYoungGen: 323467K->184205K(465920K)] 1190056K->1052047K(1432064K), 0.0204266 secs] [Times: user=0.02 sys=0.00, real=0.02 secs] 
1010.979: [GC (Allocation Failure) [PSYoungGen: 417165K->184590K(465920K)] 1285007K->1052714K(1432064K), 0.0203642 secs] [Times: user=0.03 sys=0.00, real=0.02 secs] 
1013.571: [GC (Allocation Failure) [PSYoungGen: 417550K->23160K(465920K)] 1285674K->891677K(1432064K), 0.0076435 secs] [Times: user=0.03 sys=0.00, real=0.00 secs] 
1015.293: [GC (Allocation Failure) [PSYoungGen: 256120K->112481K(465920K)] 1124637K->981184K(1432064K), 0.0132552 secs] [Times: user=0.02 sys=0.00, real=0.01 secs] 
1015.570: [GC (Allocation Failure) [PSYoungGen: 345441K->183787K(465920K)] 1214144K->1053727K(1432064K), 0.0204175 secs] [Times: user=0.03 sys=0.00, real=0.03 secs] 
1015.852: [GC (Allocation Failure) [PSYoungGen: 416747K->184590K(465920K)] 1286687K->1054811K(1432064K), 0.0204538 secs] [Times: user=0.03 sys=0.00, real=0.02 secs] 
1018.858: [GC (Allocation Failure) [PSYoungGen: 417550K->1536K(465920K)] 1287771K->872022K(1432064K), 0.0051119 secs] [Times: user=0.03 sys=0.00, real=0.01 secs] 
1020.021: [GC (Allocation Failure) [PSYoungGen: 234496K->134333K(465920K)] 1104982K->1005133K(1432064K), 0.0153576 secs] [Times: user=0.02 sys=0.00, real=0.01 secs] 
1020.360: [GC (Allocation Failure) [PSYoungGen: 367293K->184430K(465920K)] 1238093K->1056483K(1432064K), 0.0209657 secs] [Times: user=0.03 sys=0.00, real=0.02 secs] 
1020.968: [GC (Allocation Failure) [PSYoungGen: 417390K->165555K(465920K)] 1289443K->1037881K(1432064K), 0.0250786 secs] [Times: user=0.04 sys=0.00, real=0.03 secs] 
1022.783: [GC (Allocation Failure) [PSYoungGen: 398515K->128K(465920K)] 1270841K->873895K(1432064K), 0.0051310 secs] [Times: user=0.02 sys=0.00, real=0.00 secs] 
1023.488: [GC (Allocation Failure) [PSYoungGen: 233088K->156471K(465920K)] 1106855K->1030255K(1432064K), 0.0176595 secs] [Times: user=0.02 sys=0.00, real=0.02 secs] 
1023.828: [GC (Allocation Failure) [PSYoungGen: 389431K->184462K(465920K)] 1263215K->1059491K(1432064K), 0.0207574 secs] [Times: user=0.03 sys=0.00, real=0.02 secs] 
1024.351: [GC (Allocation Failure) [PSYoungGen: 417422K->149529K(465920K)] 1292451K->1024952K(1432064K), 0.0207097 secs] [Times: user=0.03 sys=0.00, real=0.02 secs] 
1025.411: [GC (Allocation Failure) [PSYoungGen: 382489K->96K(465920K)] 1257912K->876840K(1432064K), 0.0031091 secs] [Times: user=0.02 sys=0.00, real=0.00 secs] 
1026.097: [GC (Allocation Failure) [PSYoungGen: 233056K->179091K(465920K)] 1109800K->1055852K(1432064K), 0.0199945 secs] [Times: user=0.03 sys=0.00, real=0.02 secs] 
1026.380: [GC (Allocation Failure) [PSYoungGen: 412051K->184430K(465920K)] 1288812K->1062428K(1432064K), 0.0204958 secs] [Times: user=0.03 sys=0.00, real=0.03 secs] 
1026.894: [GC (Allocation Failure) [PSYoungGen: 417390K->135101K(465920K)] 1295388K->1013364K(1432064K), 0.0161726 secs] [Times: user=0.03 sys=0.00, real=0.02 secs] 
1027.979: [GC (Allocation Failure) [PSYoungGen: 368061K->17728K(465920K)] 1246324K->896299K(1432064K), 0.0050831 secs] [Times: user=0.02 sys=0.00, real=0.01 secs] 
1028.347: [GC (Allocation Failure) [PSYoungGen: 250688K->184173K(465920K)] 1129259K->1063997K(1432064K), 0.0205796 secs] [Times: user=0.03 sys=0.00, real=0.02 secs] 
1028.627: [GC (Allocation Failure) [PSYoungGen: 417133K->183948K(465920K)] 1296957K->1064045K(1432064K), 0.0206557 secs] [Times: user=0.03 sys=0.00, real=0.02 secs] 
1030.380: [GC (Allocation Failure) [PSYoungGen: 416908K->112979K(465920K)] 1297005K->993478K(1432064K), 0.0163653 secs] [Times: user=0.03 sys=0.00, real=0.01 secs] 
1031.732: [GC (Allocation Failure) [PSYoungGen: 345939K->39548K(465920K)] 1226438K->920228K(1432064K), 0.0091447 secs] [Times: user=0.02 sys=0.00, real=0.01 secs] 
1032.089: [GC (Allocation Failure) [PSYoungGen: 272508K->186389K(465920K)] 1153188K->1068324K(1432064K), 0.0207648 secs] [Times: user=0.03 sys=0.00, real=0.03 secs] 
1032.373: [GC (Allocation Failure) [PSYoungGen: 419349K->184815K(465920K)] 1301284K->1067031K(1432064K), 0.0205573 secs] [Times: user=0.03 sys=0.00, real=0.02 secs] 
1033.581: [GC (Allocation Failure) [PSYoungGen: 417775K->71629K(465920K)] 1299991K->954110K(1432064K), 0.0114636 secs] [Times: user=0.02 sys=0.00, real=0.01 secs] 
1034.730: [GC (Allocation Failure) [PSYoungGen: 304589K->64899K(465920K)] 1187070K->947693K(1432064K), 0.0084617 secs] [Times: user=0.02 sys=0.00, real=0.00 secs] 
1035.002: [GC (Allocation Failure) [PSYoungGen: 297859K->186100K(465920K)] 1180653K->1070148K(1432064K), 0.0206470 secs] [Times: user=0.03 sys=0.00, real=0.02 secs] 
1035.287: [GC (Allocation Failure) [PSYoungGen: 419060K->185972K(465920K)] 1303108K->1070301K(1432064K), 0.0215403 secs] [Times: user=0.03 sys=0.00, real=0.02 secs] 
1036.664: [GC (Allocation Failure) [PSYoungGen: 418932K->45395K(465920K)] 1303261K->929989K(1432064K), 0.0131716 secs] [Times: user=0.03 sys=0.00, real=0.01 secs] 
1037.951: [GC (Allocation Failure) [PSYoungGen: 278355K->91179K(465920K)] 1162949K->976094K(1432064K), 0.0111125 secs] [Times: user=0.02 sys=0.00, real=0.01 secs] 
1038.286: [GC (Allocation Failure) [PSYoungGen: 324139K->186389K(465920K)] 1209054K->1072543K(1432064K), 0.0208676 secs] [Times: user=0.03 sys=0.00, real=0.02 secs] 
1038.571: [GC (Allocation Failure) [PSYoungGen: 419349K->185972K(465920K)] 1305503K->1072535K(1432064K), 0.0207036 secs] [Times: user=0.03 sys=0.00, real=0.02 secs] 
1040.416: [GC (Allocation Failure) [PSYoungGen: 418932K->18935K(465920K)] 1305495K->905634K(1432064K), 0.0101190 secs] [Times: user=0.03 sys=0.00, real=0.01 secs] 
1041.436: [GC (Allocation Failure) [PSYoungGen: 251895K->117526K(465920K)] 1138594K->1004543K(1432064K), 0.0139469 secs] [Times: user=0.02 sys=0.00, real=0.01 secs] 
1041.770: [GC (Allocation Failure) [PSYoungGen: 350486K->185972K(465920K)] 1237503K->1074235K(1432064K), 0.0208145 secs] [Times: user=0.03 sys=0.00, real=0.02 secs] 
1042.249: [GC (Allocation Failure) [PSYoungGen: 418932K->179265K(465920K)] 1307195K->1067802K(1432064K), 0.0278363 secs] [Times: user=0.04 sys=0.00, real=0.03 secs] 
1044.017: [GC (Allocation Failure) [PSYoungGen: 412225K->128K(465920K)] 1300762K->890103K(1432064K), 0.0032160 secs] [Times: user=0.01 sys=0.00, real=0.01 secs] 
1044.483: [GC (Allocation Failure) [PSYoungGen: 233088K->142270K(465920K)] 1123063K->1032254K(1432064K), 0.0162915 secs] [Times: user=0.03 sys=0.00, real=0.01 secs] 
1044.825: [GC (Allocation Failure) [PSYoungGen: 375230K->186261K(465920K)] 1265214K->1077498K(1432064K), 0.0207916 secs] [Times: user=0.03 sys=0.00, real=0.02 secs] 
1045.370: [GC (Allocation Failure) [PSYoungGen: 419221K->161867K(465920K)] 1310458K->1053378K(1432064K), 0.0237115 secs] [Times: user=0.04 sys=0.00, real=0.02 secs] 
1047.246: [GC (Allocation Failure) [PSYoungGen: 394827K->128K(465920K)] 1286338K->893082K(1432064K), 0.0034748 secs] [Times: user=0.01 sys=0.00, real=0.00 secs] 
1047.814: [GC (Allocation Failure) [PSYoungGen: 233088K->169163K(465920K)] 1126042K->1062141K(1432064K), 0.0188361 secs] [Times: user=0.02 sys=0.00, real=0.02 secs] 
1048.101: [GC (Allocation Failure) [PSYoungGen: 402123K->185875K(465920K)] 1295101K->1080107K(1432064K), 0.0206904 secs] [Times: user=0.03 sys=0.00, real=0.02 secs] 
1049.071: [GC (Allocation Failure) [PSYoungGen: 418835K->143583K(465920K)] 1313067K->1038080K(1432064K), 0.0419294 secs] [Times: user=0.08 sys=0.00, real=0.04 secs] 
1050.989: [GC (Allocation Failure) [PSYoungGen: 376543K->10148K(465920K)] 1271040K->904944K(1432064K), 0.0041878 secs] [Times: user=0.02 sys=0.00, real=0.01 secs] 
1051.272: [GC (Allocation Failure) [PSYoungGen: 243108K->185747K(465920K)] 1137904K->1081797K(1432064K), 0.0207672 secs] [Times: user=0.03 sys=0.00, real=0.02 secs] 
1051.558: [GC (Allocation Failure) [PSYoungGen: 418707K->185843K(465920K)] 1314757K->1082175K(1432064K), 0.0206785 secs] [Times: user=0.03 sys=0.00, real=0.02 secs] 
1052.245: [GC (Allocation Failure) [PSYoungGen: 418803K->117108K(465920K)] 1315135K->1013704K(1432064K), 0.0147927 secs] [Times: user=0.03 sys=0.00, real=0.02 secs] 
1053.760: [GC (Allocation Failure) [PSYoungGen: 350068K->36174K(465920K)] 1246664K->933078K(1432064K), 0.0099463 secs] [Times: user=0.02 sys=0.00, real=0.01 secs] 
1054.085: [GC (Allocation Failure) [PSYoungGen: 269134K->186389K(465920K)] 1166038K->1084539K(1432064K), 0.0207565 secs] [Times: user=0.03 sys=0.00, real=0.02 secs] 
1054.432: [GC (Allocation Failure) [PSYoungGen: 419349K->186004K(465920K)] 1317499K->1084435K(1432064K), 0.0206551 secs] [Times: user=0.03 sys=0.00, real=0.02 secs] 
1056.719: [GC (Allocation Failure) [PSYoungGen: 418964K->73798K(465920K)] 1317395K->972494K(1432064K), 0.0253806 secs] [Times: user=0.04 sys=0.01, real=0.03 secs] 
1058.079: [GC (Allocation Failure) [PSYoungGen: 306758K->63225K(465920K)] 1205454K->962236K(1432064K), 0.0083128 secs] [Times: user=0.02 sys=0.00, real=0.01 secs] 
1058.352: [GC (Allocation Failure) [PSYoungGen: 296185K->186132K(465920K)] 1195196K->1086398K(1432064K), 0.0207458 secs] [Times: user=0.03 sys=0.00, real=0.02 secs] 
1058.695: [GC (Allocation Failure) [PSYoungGen: 419092K->185972K(465920K)] 1319358K->1086647K(1432064K), 0.0207181 secs] [Times: user=0.03 sys=0.00, real=0.02 secs] 
1060.254: [GC (Allocation Failure) [PSYoungGen: 418932K->47017K(465920K)] 1319607K->947965K(1432064K), 0.0135658 secs] [Times: user=0.03 sys=0.00, real=0.01 secs] 
1061.079: [GC (Allocation Failure) [PSYoungGen: 279977K->89604K(465920K)] 1180925K->990739K(1432064K), 0.0109086 secs] [Times: user=0.02 sys=0.00, real=0.02 secs] 
1061.353: [GC (Allocation Failure) [PSYoungGen: 322564K->185972K(465920K)] 1223699K->1088360K(1432064K), 0.0208724 secs] [Times: user=0.03 sys=0.00, real=0.02 secs] 
1061.637: [GC (Allocation Failure) [PSYoungGen: 418932K->184590K(465920K)] 1321320K->1087260K(1432064K), 0.0207829 secs] [Times: user=0.03 sys=0.00, real=0.02 secs] 
1064.363: [GC (Allocation Failure) [PSYoungGen: 417550K->22196K(465920K)] 1320220K->925259K(1432064K), 0.0097811 secs] [Times: user=0.03 sys=0.00, real=0.01 secs] 
1065.868: [GC (Allocation Failure) [PSYoungGen: 255156K->114766K(465920K)] 1158219K->1018020K(1432064K), 0.0136419 secs] [Times: user=0.02 sys=0.00, real=0.02 secs] 
1066.144: [GC (Allocation Failure) [PSYoungGen: 347726K->184687K(465920K)] 1250980K->1089195K(1432064K), 0.0208468 secs] [Times: user=0.03 sys=0.00, real=0.02 secs] 
1066.423: [GC (Allocation Failure) [PSYoungGen: 417647K->181410K(465920K)] 1322155K->1086199K(1432064K), 0.0202020 secs] [Times: user=0.03 sys=0.00, real=0.02 secs] 
1068.120: [GC (Allocation Failure) [PSYoungGen: 414370K->1376K(465920K)] 1319159K->906317K(1432064K), 0.0031746 secs] [Times: user=0.01 sys=0.00, real=0.00 secs] 
1068.611: [GC (Allocation Failure) [PSYoungGen: 234336K->135104K(465920K)] 1139277K->1040233K(1432064K), 0.0154702 secs] [Times: user=0.02 sys=0.00, real=0.01 secs] 
1068.888: [GC (Allocation Failure) [PSYoungGen: 368064K->184430K(465920K)] 1273193K->1090804K(1432064K), 0.0206184 secs] [Times: user=0.03 sys=0.00, real=0.02 secs] 
1071.014: [GC (Allocation Failure) [PSYoungGen: 417390K->166752K(465920K)] 1323764K->1073392K(1432064K), 0.0478089 secs] [Times: user=0.07 sys=0.00, real=0.05 secs] 
1072.728: [GC (Allocation Failure) [PSYoungGen: 399712K->96K(465920K)] 1306352K->908175K(1432064K), 0.0030911 secs] [Times: user=0.02 sys=0.00, real=0.01 secs] 
1073.138: [GC (Allocation Failure) [PSYoungGen: 233056K->159138K(465920K)] 1141135K->1067242K(1432064K), 0.0177976 secs] [Times: user=0.03 sys=0.00, real=0.02 secs] 
1073.419: [GC (Allocation Failure) [PSYoungGen: 392098K->186100K(465920K)] 1300202K->1095449K(1432064K), 0.0207590 secs] [Times: user=0.03 sys=0.00, real=0.03 secs] 
1073.881: [GC (Allocation Failure) [PSYoungGen: 419060K->145223K(465920K)] 1328409K->1054845K(1432064K), 0.0174998 secs] [Times: user=0.03 sys=0.00, real=0.01 secs] 
1074.873: [GC (Allocation Failure) [PSYoungGen: 378183K->96K(465920K)] 1287805K->910025K(1432064K), 0.0027163 secs] [Times: user=0.01 sys=0.00, real=0.00 secs] 
1075.145: [GC (Allocation Failure) [PSYoungGen: 233056K->184004K(465920K)] 1142985K->1093966K(1432064K), 0.0203260 secs] [Times: user=0.03 sys=0.00, real=0.02 secs] 
1075.428: [GC (Allocation Failure) [PSYoungGen: 416964K->184558K(465920K)] 1326926K->1095766K(1432064K), 0.0206070 secs] [Times: user=0.03 sys=0.00, real=0.02 secs] 
1076.785: [GC (Allocation Failure) [PSYoungGen: 417518K->130089K(465920K)] 1328726K->1041561K(1432064K), 0.0236730 secs] [Times: user=0.05 sys=0.00, real=0.02 secs] 
1079.340: [GC (Allocation Failure) [PSYoungGen: 363049K->21779K(465920K)] 1274521K->933562K(1432064K), 0.0075054 secs] [Times: user=0.02 sys=0.00, real=0.00 secs] 
1079.751: [GC (Allocation Failure) [PSYoungGen: 254739K->186229K(465920K)] 1166522K->1099265K(1432064K), 0.0211260 secs] [Times: user=0.03 sys=0.00, real=0.02 secs] 
1080.034: [GC (Allocation Failure) [PSYoungGen: 419189K->184719K(465920K)] 1332225K->1098036K(1432064K), 0.0207240 secs] [Times: user=0.03 sys=0.00, real=0.02 secs] 
1081.627: [GC (Allocation Failure) [PSYoungGen: 417679K->106055K(465920K)] 1330996K->1019637K(1432064K), 0.0174015 secs] [Times: user=0.03 sys=0.00, real=0.02 secs] 
1083.785: [GC (Allocation Failure) [PSYoungGen: 339015K->47002K(465920K)] 1252597K->960884K(1432064K), 0.0084193 secs] [Times: user=0.02 sys=0.00, real=0.01 secs] 
1084.079: [GC (Allocation Failure) [PSYoungGen: 279962K->186389K(465920K)] 1193844K->1101525K(1432064K), 0.0206202 secs] [Times: user=0.03 sys=0.00, real=0.02 secs] 
1084.421: [GC (Allocation Failure) [PSYoungGen: 419349K->185972K(465920K)] 1334485K->1101388K(1432064K), 0.0208579 secs] [Times: user=0.03 sys=0.00, real=0.02 secs] 
1087.229: [GC (Allocation Failure) [PSYoungGen: 418932K->62986K(465920K)] 1334348K->978668K(1432064K), 0.0225230 secs] [Times: user=0.04 sys=0.00, real=0.03 secs] 
1088.911: [GC (Allocation Failure) [PSYoungGen: 295946K->72450K(465920K)] 1211628K->988445K(1432064K), 0.0094089 secs] [Times: user=0.02 sys=0.00, real=0.01 secs] 
1089.186: [GC (Allocation Failure) [PSYoungGen: 305410K->186389K(465920K)] 1221405K->1103759K(1432064K), 0.0208740 secs] [Times: user=0.03 sys=0.00, real=0.02 secs] 
1089.540: [GC (Allocation Failure) [PSYoungGen: 419349K->186004K(465920K)] 1336719K->1103526K(1432064K), 0.0208683 secs] [Times: user=0.03 sys=0.00, real=0.02 secs] 
1091.972: [GC (Allocation Failure) [PSYoungGen: 418964K->37523K(465920K)] 1336486K->955326K(1432064K), 0.0127116 secs] [Times: user=0.04 sys=0.00, real=0.01 secs] 
1093.091: [GC (Allocation Failure) [PSYoungGen: 270483K->98315K(465920K)] 1188286K->1016425K(1432064K), 0.0118075 secs] [Times: user=0.02 sys=0.00, real=0.01 secs] 
1093.369: [GC (Allocation Failure) [PSYoungGen: 331275K->186486K(465920K)] 1249385K->1105979K(1432064K), 0.0207226 secs] [Times: user=0.03 sys=0.00, real=0.03 secs] 
1093.655: [GC (Allocation Failure) [PSYoungGen: 419446K->186100K(465920K)] 1338939K->1105746K(1432064K), 0.0207155 secs] [Times: user=0.03 sys=0.00, real=0.02 secs] 
1095.708: [GC (Allocation Failure) [PSYoungGen: 419060K->11464K(465920K)] 1338706K->931383K(1432064K), 0.0097517 secs] [Times: user=0.04 sys=0.00, real=0.01 secs] 
1096.591: [GC (Allocation Failure) [PSYoungGen: 244424K->125208K(465920K)] 1164343K->1045442K(1432064K), 0.0145325 secs] [Times: user=0.03 sys=0.00, real=0.01 secs] 
1096.928: [GC (Allocation Failure) [PSYoungGen: 358168K->186100K(465920K)] 1278402K->1107588K(1432064K), 0.0210227 secs] [Times: user=0.03 sys=0.00, real=0.02 secs] 
1097.378: [GC (Allocation Failure) [PSYoungGen: 419060K->174961K(465920K)] 1340548K->1096843K(1432064K), 0.0243500 secs] [Times: user=0.03 sys=0.00, real=0.03 secs] 
1098.794: [GC (Allocation Failure) [PSYoungGen: 407921K->128K(465920K)] 1329803K->923310K(1432064K), 0.0033004 secs] [Times: user=0.01 sys=0.00, real=0.00 secs] 
1099.296: [GC (Allocation Failure) [PSYoungGen: 233088K->151138K(465920K)] 1156270K->1074336K(1432064K), 0.0170284 secs] [Times: user=0.02 sys=0.00, real=0.02 secs] 
1099.578: [GC (Allocation Failure) [PSYoungGen: 384098K->186132K(465920K)] 1307296K->1110569K(1432064K), 0.0207047 secs] [Times: user=0.03 sys=0.00, real=0.02 secs] 
1100.259: [GC (Allocation Failure) [PSYoungGen: 419092K->153160K(465920K)] 1343529K->1077885K(1432064K), 0.0209993 secs] [Times: user=0.04 sys=0.00, real=0.03 secs] 
1102.193: [GC (Allocation Failure) [PSYoungGen: 386120K->128K(465920K)] 1310845K->926300K(1432064K), 0.0053776 secs] [Times: user=0.03 sys=0.00, real=0.00 secs] 
1102.657: [GC (Allocation Failure) [PSYoungGen: 233088K->176778K(465920K)] 1159260K->1102975K(1432064K), 0.0196259 secs] [Times: user=0.03 sys=0.00, real=0.02 secs] 
1102.939: [GC (Allocation Failure) [PSYoungGen: 409738K->184430K(465920K)] 1335935K->1111880K(1432064K), 0.0207129 secs] [Times: user=0.03 sys=0.00, real=0.03 secs] 
1103.454: [GC (Allocation Failure) [PSYoungGen: 417390K->137446K(465920K)] 1344840K->1065170K(1432064K), 0.0170479 secs] [Times: user=0.03 sys=0.00, real=0.02 secs] 
1105.459: [GC (Allocation Failure) [PSYoungGen: 370406K->15353K(465920K)] 1298130K->943387K(1432064K), 0.0066784 secs] [Times: user=0.02 sys=0.00, real=0.01 secs] 
1105.790: [GC (Allocation Failure) [PSYoungGen: 248313K->184044K(465920K)] 1176347K->1113315K(1432064K), 0.0216332 secs] [Times: user=0.03 sys=0.00, real=0.03 secs] 
1106.076: [GC (Allocation Failure) [PSYoungGen: 417004K->183851K(465920K)] 1346275K->1113403K(1432064K), 0.0207754 secs] [Times: user=0.03 sys=0.00, real=0.02 secs] 
1107.267: [GC (Allocation Failure) [PSYoungGen: 416811K->115533K(465920K)] 1346363K->1045351K(1432064K), 0.0213854 secs] [Times: user=0.04 sys=0.00, real=0.02 secs] 
1109.158: [GC (Allocation Failure) [PSYoungGen: 348493K->37234K(465920K)] 1278311K->967351K(1432064K), 0.0071096 secs] [Times: user=0.02 sys=0.00, real=0.01 secs] 
1109.447: [GC (Allocation Failure) [PSYoungGen: 270194K->186357K(465920K)] 1200311K->1117849K(1432064K), 0.0210674 secs] [Times: user=0.03 sys=0.00, real=0.02 secs] 
1109.793: [GC (Allocation Failure) [PSYoungGen: 419317K->186004K(465920K)] 1350809K->1117640K(1432064K), 0.0209201 secs] [Times: user=0.03 sys=0.00, real=0.02 secs] 
1110.479: [GC (Allocation Failure) [PSYoungGen: 418964K->72834K(465920K)] 1350600K->1004759K(1432064K), 0.0121755 secs] [Times: user=0.03 sys=0.00, real=0.02 secs] 
1111.249: [GC (Allocation Failure) [PSYoungGen: 305794K->64353K(465920K)] 1237719K->996575K(1432064K), 0.0085242 secs] [Times: user=0.02 sys=0.00, real=0.01 secs] 
1111.522: [GC (Allocation Failure) [PSYoungGen: 297313K->186100K(465920K)] 1229535K->1119576K(1432064K), 0.0209300 secs] [Times: user=0.03 sys=0.00, real=0.02 secs] 
1111.815: [GC (Allocation Failure) [PSYoungGen: 419060K->186004K(465920K)] 1352536K->1119890K(1432064K), 0.0209207 secs] [Times: user=0.03 sys=0.00, real=0.02 secs] 
1112.613: [GC (Allocation Failure) [PSYoungGen: 418964K->45909K(465920K)] 1352850K->980067K(1432064K), 0.0097509 secs] [Times: user=0.02 sys=0.00, real=0.01 secs] 
1113.390: [GC (Allocation Failure) [PSYoungGen: 278869K->91664K(465920K)] 1213027K->1026007K(1432064K), 0.0112552 secs] [Times: user=0.02 sys=0.00, real=0.01 secs] 
1113.664: [GC (Allocation Failure) [PSYoungGen: 324624K->184590K(465920K)] 1258967K->1120180K(1432064K), 0.0205012 secs] [Times: user=0.02 sys=0.00, real=0.02 secs] 
1113.949: [GC (Allocation Failure) [PSYoungGen: 417550K->186325K(465920K)] 1353140K->1122196K(1432064K), 0.0208328 secs] [Times: user=0.03 sys=0.00, real=0.03 secs] 
1114.834: [GC (Allocation Failure) [PSYoungGen: 419285K->19850K(465920K)] 1355156K->955986K(1432064K), 0.0055178 secs] [Times: user=0.01 sys=0.00, real=0.00 secs] 
1115.513: [GC (Allocation Failure) [PSYoungGen: 252810K->116437K(465920K)] 1188946K->1052890K(1432064K), 0.0162415 secs] [Times: user=0.03 sys=0.00, real=0.01 secs] 
1115.800: [GC (Allocation Failure) [PSYoungGen: 349397K->184333K(465920K)] 1285850K->1122032K(1432064K), 0.0208397 secs] [Times: user=0.03 sys=0.00, real=0.02 secs] 
1116.145: [GC (Allocation Failure) [PSYoungGen: 417293K->181436K(465920K)] 1354992K->1119537K(1432064K), 0.0203127 secs] [Times: user=0.03 sys=0.00, real=0.02 secs] 
1118.055: [GC (Allocation Failure) [PSYoungGen: 414396K->160K(465920K)] 1352497K->939529K(1432064K), 0.0042902 secs] [Times: user=0.02 sys=0.00, real=0.00 secs] 
1118.859: [GC (GCLocker Initiated GC) [PSYoungGen: 233120K->136133K(465920K)] 1172489K->1075582K(1432064K), 0.0158436 secs] [Times: user=0.03 sys=0.00, real=0.02 secs] 
1119.139: [GC (Allocation Failure) [PSYoungGen: 369093K->183851K(465920K)] 1309796K->1125808K(1432064K), 0.0205605 secs] [Times: user=0.03 sys=0.00, real=0.02 secs] 
1119.752: [GC (Allocation Failure) [PSYoungGen: 416811K->165226K(465920K)] 1358768K->1107191K(1432064K), 0.0352839 secs] [Times: user=0.06 sys=0.00, real=0.03 secs] 
1121.966: [GC (Allocation Failure) [PSYoungGen: 398186K->64K(465920K)] 1340151K->943500K(1432064K), 0.0045828 secs] [Times: user=0.02 sys=0.00, real=0.01 secs] 
1122.546: [GC (Allocation Failure) [PSYoungGen: 233024K->159010K(465920K)] 1176460K->1102479K(1432064K), 0.0180952 secs] [Times: user=0.03 sys=0.00, real=0.02 secs] 
1122.887: [GC (Allocation Failure) [PSYoungGen: 391970K->184076K(465920K)] 1335439K->1128799K(1432064K), 0.0205868 secs] [Times: user=0.03 sys=0.00, real=0.02 secs] 
1123.445: [GC (Allocation Failure) [PSYoungGen: 417036K->147376K(465920K)] 1361759K->1092364K(1432064K), 0.0201731 secs] [Times: user=0.03 sys=0.00, real=0.02 secs] 
1124.399: [GC (Allocation Failure) [PSYoungGen: 380336K->96K(465920K)] 1325324K->946527K(1432064K), 0.0030283 secs] [Times: user=0.02 sys=0.00, real=0.01 secs] 
1124.712: [GC (Allocation Failure) [PSYoungGen: 233056K->181148K(465920K)] 1179487K->1127587K(1432064K), 0.0201235 secs] [Times: user=0.03 sys=0.00, real=0.02 secs] 
1124.993: [GC (Allocation Failure) [PSYoungGen: 414108K->183690K(465920K)] 1360547K->1131383K(1432064K), 0.0204527 secs] [Times: user=0.03 sys=0.00, real=0.02 secs] 
1125.993: [GC (Allocation Failure) [PSYoungGen: 416650K->133816K(465920K)] 1364343K->1081774K(1432064K), 0.0362164 secs] [Times: user=0.07 sys=0.00, real=0.03 secs] 
1127.198: [GC (Allocation Failure) [PSYoungGen: 366776K->19112K(465920K)] 1314734K->967370K(1432064K), 0.0050493 secs] [Times: user=0.02 sys=0.00, real=0.01 secs] 
1127.474: [GC (Allocation Failure) [PSYoungGen: 252072K->186389K(465920K)] 1200330K->1135885K(1432064K), 0.0208520 secs] [Times: user=0.03 sys=0.00, real=0.02 secs] 
1127.813: [GC (Allocation Failure) [PSYoungGen: 419349K->186132K(465920K)] 1368845K->1135909K(1432064K), 0.0209978 secs] [Times: user=0.03 sys=0.00, real=0.02 secs] 
1129.347: [GC (Allocation Failure) [PSYoungGen: 419092K->107163K(465920K)] 1368869K->1057333K(1432064K), 0.0197235 secs] [Times: user=0.04 sys=0.00, real=0.02 secs] 
1131.154: [GC (Allocation Failure) [PSYoungGen: 340123K->45877K(465920K)] 1290293K->996232K(1432064K), 0.0080395 secs] [Times: user=0.02 sys=0.00, real=0.01 secs] 
1131.439: [GC (Allocation Failure) [PSYoungGen: 278837K->186132K(465920K)] 1229192K->1137749K(1432064K), 0.0207448 secs] [Times: user=0.03 sys=0.00, real=0.03 secs] 
1131.729: [GC (Allocation Failure) [PSYoungGen: 419092K->185843K(465920K)] 1370709K->1137733K(1432064K), 0.0207142 secs] [Times: user=0.02 sys=0.00, real=0.02 secs] 
1135.426: [GC (Allocation Failure) [PSYoungGen: 418803K->64593K(465920K)] 1370693K->1016747K(1432064K), 0.0118849 secs] [Times: user=0.02 sys=0.00, real=0.01 secs] 
1137.619: [GC (Allocation Failure) [PSYoungGen: 297553K->72321K(465920K)] 1249707K->1024784K(1432064K), 0.0107030 secs] [Times: user=0.02 sys=0.00, real=0.02 secs] 
1137.901: [GC (Allocation Failure) [PSYoungGen: 305281K->184558K(465920K)] 1257744K->1138274K(1432064K), 0.0205393 secs] [Times: user=0.03 sys=0.00, real=0.02 secs] 
1138.191: [GC (Allocation Failure) [PSYoungGen: 417518K->186389K(465920K)] 1371234K->1140387K(1432064K), 0.0207881 secs] [Times: user=0.03 sys=0.00, real=0.02 secs] 
1139.907: [GC (Allocation Failure) [PSYoungGen: 419349K->39097K(465920K)] 1373347K->993359K(1432064K), 0.0103039 secs] [Times: user=0.03 sys=0.00, real=0.01 secs] 
1141.212: [GC (Allocation Failure) [PSYoungGen: 272057K->96836K(465920K)] 1226319K->1051422K(1432064K), 0.0118688 secs] [Times: user=0.02 sys=0.00, real=0.01 secs] 
1141.486: [GC (Allocation Failure) [PSYoungGen: 329796K->184173K(465920K)] 1284382K->1140141K(1432064K), 0.0204898 secs] [Times: user=0.03 sys=0.00, real=0.02 secs] 
1141.767: [GC (Allocation Failure) [PSYoungGen: 417133K->184430K(465920K)] 1373101K->1140679K(1432064K), 0.0206006 secs] [Times: user=0.03 sys=0.00, real=0.02 secs] 
1144.168: [GC (Allocation Failure) [PSYoungGen: 417390K->16943K(465920K)] 1373639K->973329K(1432064K), 0.0097318 secs] [Times: user=0.03 sys=0.00, real=0.01 secs] 
1145.737: [GC (Allocation Failure) [PSYoungGen: 249903K->119425K(465920K)] 1206289K->1076120K(1432064K), 0.0139920 secs] [Times: user=0.02 sys=0.00, real=0.02 secs] 
1146.015: [GC (Allocation Failure) [PSYoungGen: 352385K->183916K(465920K)] 1309080K->1141857K(1432064K), 0.0246322 secs] [Times: user=0.04 sys=0.00, real=0.03 secs] 
1146.554: [GC (Allocation Failure) [PSYoungGen: 416876K->179410K(465920K)] 1374817K->1137753K(1432064K), 0.0255488 secs] [Times: user=0.04 sys=0.00, real=0.03 secs] 
1148.651: [GC (Allocation Failure) [PSYoungGen: 412370K->128K(465920K)] 1370713K->959776K(1432064K), 0.0045413 secs] [Times: user=0.02 sys=0.00, real=0.00 secs] 
1149.360: [GC (Allocation Failure) [PSYoungGen: 233088K->141499K(465920K)] 1192736K->1101171K(1432064K), 0.0163331 secs] [Times: user=0.03 sys=0.00, real=0.01 secs] 
1149.721: [GC (Allocation Failure) [PSYoungGen: 374459K->184301K(465920K)] 1334131K->1145219K(1432064K), 0.0210901 secs] [Times: user=0.03 sys=0.00, real=0.02 secs] 
1150.969: [GC (Allocation Failure) [PSYoungGen: 414082K->160454K(465920K)] 1375000K->1121782K(1432064K), 0.0446671 secs] [Times: user=0.07 sys=0.00, real=0.05 secs] 
1153.312: [GC (Allocation Failure) [PSYoungGen: 393414K->96K(465920K)] 1354742K->962731K(1432064K), 0.0033873 secs] [Times: user=0.01 sys=0.00, real=0.00 secs] 
1153.751: [GC (Allocation Failure) [PSYoungGen: 233056K->161580K(465920K)] 1195691K->1124231K(1432064K), 0.0181875 secs] [Times: user=0.03 sys=0.00, real=0.01 secs] 
1154.090: [GC (Allocation Failure) [PSYoungGen: 394540K->184687K(465920K)] 1357191K->1148591K(1432064K), 0.0205698 secs] [Times: user=0.03 sys=0.00, real=0.02 secs] 
1156.028: [GC (Allocation Failure) [PSYoungGen: 417647K->144099K(465920K)] 1381551K->1108269K(1432064K), 0.0398171 secs] [Times: user=0.07 sys=0.00, real=0.04 secs] 
1156.068: [Full GC (Ergonomics) [PSYoungGen: 144099K->0K(465920K)] [ParOldGen: 964169K->320861K(808448K)] 1108269K->320861K(1274368K), [Metaspace: 55671K->55671K(1101824K)], 0.0935166 secs] [Times: user=0.33 sys=0.01, real=0.10 secs] 
1157.394: [GC (Allocation Failure) [PSYoungGen: 228644K->98464K(465920K)] 549506K->419325K(1274368K), 0.0146153 secs] [Times: user=0.08 sys=0.00, real=0.01 secs] 
1158.472: [GC (Allocation Failure) [PSYoungGen: 331337K->167985K(465920K)] 652198K->554406K(1274368K), 0.0186431 secs] [Times: user=0.09 sys=0.00, real=0.02 secs] 
1158.784: [GC (Allocation Failure) [PSYoungGen: 400945K->184430K(465920K)] 787366K->703177K(1274368K), 0.0265341 secs] [Times: user=0.06 sys=0.00, real=0.03 secs] 
1159.127: [GC (Allocation Failure) [PSYoungGen: 417390K->184526K(465920K)] 936137K->703546K(1274368K), 0.0201072 secs] [Times: user=0.02 sys=0.00, real=0.02 secs] 
1160.561: [GC (Allocation Failure) [PSYoungGen: 404160K->92833K(465920K)] 923180K->612119K(1274368K), 0.0132552 secs] [Times: user=0.02 sys=0.00, real=0.01 secs] 
1162.855: [GC (Allocation Failure) [PSYoungGen: 325793K->37074K(465920K)] 845079K->556660K(1274368K), 0.0072216 secs] [Times: user=0.01 sys=0.00, real=0.01 secs] 
1163.168: [GC (Allocation Failure) [PSYoungGen: 270034K->184462K(465920K)] 789620K->705302K(1274368K), 0.0201342 secs] [Times: user=0.03 sys=0.00, real=0.02 secs] 
1163.516: [GC (Allocation Failure) [PSYoungGen: 417422K->184269K(465920K)] 938262K->705383K(1274368K), 0.0198964 secs] [Times: user=0.03 sys=0.01, real=0.02 secs] 
1164.762: [GC (Allocation Failure) [PSYoungGen: 405214K->92897K(465920K)] 926327K->614404K(1274368K), 0.0122289 secs] [Times: user=0.02 sys=0.00, real=0.01 secs] 
1165.588: [GC (Allocation Failure) [PSYoungGen: 325857K->38066K(465920K)] 847364K->559753K(1274368K), 0.0053362 secs] [Times: user=0.02 sys=0.00, real=0.01 secs] 
1165.855: [GC (Allocation Failure) [PSYoungGen: 271026K->184044K(465920K)] 792713K->706984K(1274368K), 0.0200184 secs] [Times: user=0.02 sys=0.00, real=0.02 secs] 
1166.196: [GC (Allocation Failure) [PSYoungGen: 417004K->184590K(465920K)] 939944K->707803K(1274368K), 0.0200933 secs] [Times: user=0.02 sys=0.00, real=0.02 secs] 
1167.991: [GC (Allocation Failure) [PSYoungGen: 405569K->92174K(465920K)] 928782K->615781K(1274368K), 0.0211824 secs] [Times: user=0.04 sys=0.00, real=0.02 secs] 
1170.082: [GC (Allocation Failure) [PSYoungGen: 325134K->37877K(465920K)] 848741K->561662K(1274368K), 0.0071417 secs] [Times: user=0.01 sys=0.00, real=0.00 secs] 
1170.392: [GC (Allocation Failure) [PSYoungGen: 270837K->184687K(465920K)] 794622K->709734K(1274368K), 0.0200079 secs] [Times: user=0.03 sys=0.00, real=0.02 secs] 
1170.734: [GC (Allocation Failure) [PSYoungGen: 417647K->184398K(465920K)] 942694K->709718K(1274368K), 0.0201053 secs] [Times: user=0.03 sys=0.00, real=0.02 secs] 
1171.926: [GC (Allocation Failure) [PSYoungGen: 403030K->91757K(465920K)] 928351K->617342K(1274368K), 0.0121312 secs] [Times: user=0.02 sys=0.00, real=0.01 secs] 
1173.608: [GC (Allocation Failure) [PSYoungGen: 324717K->37649K(465920K)] 850302K->563550K(1274368K), 0.0063379 secs] [Times: user=0.02 sys=0.00, real=0.01 secs] 
1173.886: [GC (Allocation Failure) [PSYoungGen: 270609K->184719K(465920K)] 796510K->711873K(1274368K), 0.0201473 secs] [Times: user=0.03 sys=0.00, real=0.02 secs] 
1174.168: [GC (Allocation Failure) [PSYoungGen: 417679K->184462K(465920K)] 944833K->711889K(1274368K), 0.0202304 secs] [Times: user=0.03 sys=0.00, real=0.02 secs] 
1174.781: [GC (Allocation Failure) [PSYoungGen: 405400K->91982K(465920K)] 932828K->619674K(1274368K), 0.0106509 secs] [Times: user=0.02 sys=0.00, real=0.01 secs] 
1175.628: [GC (Allocation Failure) [PSYoungGen: 324942K->38134K(465920K)] 852634K->566132K(1274368K), 0.0069766 secs] [Times: user=0.02 sys=0.00, real=0.01 secs] 
1175.987: [GC (Allocation Failure) [PSYoungGen: 271094K->184847K(465920K)] 799092K->714099K(1274368K), 0.0203073 secs] [Times: user=0.02 sys=0.00, real=0.02 secs] 
1176.269: [GC (Allocation Failure) [PSYoungGen: 417807K->184558K(465920K)] 947059K->714083K(1274368K), 0.0205319 secs] [Times: user=0.03 sys=0.00, real=0.02 secs] 
1177.335: [GC (Allocation Failure) [PSYoungGen: 402749K->91210K(465920K)] 932274K->621129K(1274368K), 0.0128716 secs] [Times: user=0.02 sys=0.00, real=0.01 secs] 
1178.305: [GC (Allocation Failure) [PSYoungGen: 324170K->38134K(465920K)] 854089K->568246K(1274368K), 0.0091347 secs] [Times: user=0.02 sys=0.00, real=0.01 secs] 
1178.656: [GC (Allocation Failure) [PSYoungGen: 271094K->184655K(465920K)] 801206K->716149K(1274368K), 0.0201875 secs] [Times: user=0.03 sys=0.00, real=0.02 secs] 
1178.938: [GC (Allocation Failure) [PSYoungGen: 417615K->184430K(465920K)] 949109K->716076K(1274368K), 0.0201556 secs] [Times: user=0.02 sys=0.00, real=0.02 secs] 
1180.519: [GC (Allocation Failure) [PSYoungGen: 402678K->91531K(465920K)] 934325K->623443K(1274368K), 0.0234439 secs] [Times: user=0.05 sys=0.00, real=0.03 secs] 
1182.094: [GC (Allocation Failure) [PSYoungGen: 324491K->37877K(465920K)] 856403K->570096K(1274368K), 0.0067402 secs] [Times: user=0.01 sys=0.00, real=0.01 secs] 
1182.383: [GC (Allocation Failure) [PSYoungGen: 270837K->184462K(465920K)] 803056K->718063K(1274368K), 0.0202070 secs] [Times: user=0.02 sys=0.00, real=0.02 secs] 
1182.666: [GC (Allocation Failure) [PSYoungGen: 417422K->184526K(465920K)] 951023K->718280K(1274368K), 0.0201530 secs] [Times: user=0.02 sys=0.00, real=0.02 secs] 
1183.315: [GC (Allocation Failure) [PSYoungGen: 402976K->91821K(465920K)] 936730K->625840K(1274368K), 0.0107293 secs] [Times: user=0.02 sys=0.00, real=0.01 secs] 
1184.546: [GC (Allocation Failure) [PSYoungGen: 324781K->37649K(465920K)] 858800K->571982K(1274368K), 0.0054228 secs] [Times: user=0.01 sys=0.00, real=0.01 secs] 
1184.814: [GC (Allocation Failure) [PSYoungGen: 270609K->184430K(465920K)] 804942K->720016K(1274368K), 0.0201093 secs] [Times: user=0.03 sys=0.00, real=0.02 secs] 
1185.096: [GC (Allocation Failure) [PSYoungGen: 417390K->184365K(465920K)] 952976K->720225K(1274368K), 0.0201474 secs] [Times: user=0.02 sys=0.00, real=0.02 secs] 
1186.109: [GC (Allocation Failure) [PSYoungGen: 405314K->92367K(465920K)] 941174K->628620K(1274368K), 0.0119394 secs] [Times: user=0.02 sys=0.00, real=0.02 secs] 
1188.192: [GC (Allocation Failure) [PSYoungGen: 325327K->37874K(465920K)] 861580K->574304K(1274368K), 0.0076941 secs] [Times: user=0.01 sys=0.00, real=0.01 secs] 
1188.577: [GC (Allocation Failure) [PSYoungGen: 270834K->184205K(465920K)] 807264K->721888K(1274368K), 0.0201140 secs] [Times: user=0.02 sys=0.00, real=0.02 secs] 
1188.860: [GC (Allocation Failure) [PSYoungGen: 417165K->184944K(465920K)] 954848K->722909K(1274368K), 0.0202896 secs] [Times: user=0.03 sys=0.00, real=0.02 secs] 
1189.869: [GC (Allocation Failure) [PSYoungGen: 404047K->91789K(465920K)] 942012K->630019K(1274368K), 0.0116326 secs] [Times: user=0.02 sys=0.00, real=0.02 secs] 
1190.669: [GC (Allocation Failure) [PSYoungGen: 324749K->38005K(465920K)] 862979K->576565K(1274368K), 0.0054204 secs] [Times: user=0.01 sys=0.01, real=0.01 secs] 
1190.995: [GC (Allocation Failure) [PSYoungGen: 270965K->183916K(465920K)] 809525K->723729K(1274368K), 0.0199755 secs] [Times: user=0.03 sys=0.00, real=0.02 secs] 
1191.277: [GC (Allocation Failure) [PSYoungGen: 416876K->184398K(465920K)] 956689K->724612K(1274368K), 0.0209262 secs] [Times: user=0.03 sys=0.00, real=0.02 secs] 
1193.349: [GC (Allocation Failure) [PSYoungGen: 405503K->92383K(465920K)] 945718K->632743K(1274368K), 0.0247556 secs] [Times: user=0.04 sys=0.00, real=0.03 secs] 
1195.123: [GC (Allocation Failure) [PSYoungGen: 325343K->37845K(465920K)] 865703K->578510K(1274368K), 0.0070152 secs] [Times: user=0.01 sys=0.00, real=0.01 secs] 
1195.499: [GC (Allocation Failure) [PSYoungGen: 270805K->184719K(465920K)] 811470K->726637K(1274368K), 0.0200372 secs] [Times: user=0.03 sys=0.00, real=0.02 secs] 
1195.787: [GC (Allocation Failure) [PSYoungGen: 417679K->184687K(465920K)] 959597K->726878K(1274368K), 0.0200822 secs] [Times: user=0.02 sys=0.00, real=0.02 secs] 
1197.072: [GC (Allocation Failure) [PSYoungGen: 403153K->91467K(465920K)] 945345K->633924K(1274368K), 0.0162409 secs] [Times: user=0.03 sys=0.00, real=0.01 secs] 
1199.089: [GC (Allocation Failure) [PSYoungGen: 324427K->37716K(465920K)] 866884K->580479K(1274368K), 0.0072095 secs] [Times: user=0.02 sys=0.00, real=0.01 secs] 
1199.397: [GC (Allocation Failure) [PSYoungGen: 270676K->184687K(465920K)] 813439K->728703K(1274368K), 0.0200171 secs] [Times: user=0.03 sys=0.00, real=0.02 secs] 
1199.680: [GC (Allocation Failure) [PSYoungGen: 417647K->184719K(465920K)] 961663K->729008K(1274368K), 0.0201159 secs] [Times: user=0.02 sys=0.00, real=0.02 secs] 
1200.947: [GC (Allocation Failure) [PSYoungGen: 403169K->91596K(465920K)] 947459K->636174K(1274368K), 0.0191385 secs] [Times: user=0.04 sys=0.00, real=0.02 secs] 
1202.270: [GC (Allocation Failure) [PSYoungGen: 324556K->37909K(465920K)] 869134K->582805K(1274368K), 0.0055780 secs] [Times: user=0.01 sys=0.00, real=0.00 secs] 
1202.597: [GC (Allocation Failure) [PSYoungGen: 270869K->183819K(465920K)] 815765K->729969K(1274368K), 0.0201976 secs] [Times: user=0.03 sys=0.00, real=0.02 secs] 
1202.937: [GC (Allocation Failure) [PSYoungGen: 416779K->184655K(465920K)] 962929K->731077K(1274368K), 0.0201899 secs] [Times: user=0.02 sys=0.00, real=0.02 secs] 
1203.667: [GC (Allocation Failure) [PSYoungGen: 405973K->92319K(465920K)] 952396K->639007K(1274368K), 0.0114821 secs] [Times: user=0.02 sys=0.00, real=0.01 secs] 
1204.593: [GC (Allocation Failure) [PSYoungGen: 325279K->38066K(465920K)] 871967K->585076K(1274368K), 0.0053303 secs] [Times: user=0.01 sys=0.00, real=0.00 secs] 
1204.918: [GC (Allocation Failure) [PSYoungGen: 271026K->184173K(465920K)] 818036K->732436K(1274368K), 0.0201262 secs] [Times: user=0.03 sys=0.00, real=0.02 secs] 
1205.201: [GC (Allocation Failure) [PSYoungGen: 417133K->184976K(465920K)] 965396K->733512K(1274368K), 0.0202502 secs] [Times: user=0.02 sys=0.00, real=0.02 secs] 
1205.905: [GC (Allocation Failure) [PSYoungGen: 403592K->91580K(465920K)] 952128K->640381K(1274368K), 0.0122046 secs] [Times: user=0.02 sys=0.00, real=0.01 secs] 
1206.840: [GC (Allocation Failure) [PSYoungGen: 324540K->38037K(465920K)] 873341K->587160K(1274368K), 0.0053586 secs] [Times: user=0.01 sys=0.00, real=0.00 secs] 
1207.108: [GC (Allocation Failure) [PSYoungGen: 270997K->184301K(465920K)] 820120K->734806K(1274368K), 0.0200460 secs] [Times: user=0.02 sys=0.00, real=0.02 secs] 
1207.394: [GC (Allocation Failure) [PSYoungGen: 417261K->184590K(465920K)] 967766K->735248K(1274368K), 0.0200714 secs] [Times: user=0.03 sys=0.00, real=0.02 secs] 
1208.030: [GC (Allocation Failure) [PSYoungGen: 403089K->91901K(465920K)] 953746K->642832K(1274368K), 0.0097334 secs] [Times: user=0.02 sys=0.00, real=0.00 secs] 
1208.844: [GC (Allocation Failure) [PSYoungGen: 324861K->38037K(465920K)] 875792K->589289K(1274368K), 0.0054904 secs] [Times: user=0.02 sys=0.00, real=0.01 secs] 
1209.186: [GC (Allocation Failure) [PSYoungGen: 270997K->184719K(465920K)] 822249K->737353K(1274368K), 0.0202743 secs] [Times: user=0.03 sys=0.00, real=0.02 secs] 
1209.469: [GC (Allocation Failure) [PSYoungGen: 417679K->184655K(465920K)] 970313K->737434K(1274368K), 0.0201417 secs] [Times: user=0.02 sys=0.00, real=0.02 secs] 
1210.085: [GC (Allocation Failure) [PSYoungGen: 403140K->91355K(465920K)] 955919K->644399K(1274368K), 0.0119791 secs] [Times: user=0.02 sys=0.00, real=0.01 secs] 
1210.930: [GC (Allocation Failure) [PSYoungGen: 324315K->38262K(465920K)] 877359K->591620K(1274368K), 0.0053752 secs] [Times: user=0.01 sys=0.00, real=0.01 secs] 
1211.198: [GC (Allocation Failure) [PSYoungGen: 271222K->184687K(465920K)] 824580K->739426K(1274368K), 0.0201271 secs] [Times: user=0.03 sys=0.00, real=0.02 secs] 
1211.483: [GC (Allocation Failure) [PSYoungGen: 417647K->184655K(465920K)] 972386K->739539K(1274368K), 0.0205168 secs] [Times: user=0.03 sys=0.00, real=0.02 secs] 
1212.708: [GC (Allocation Failure) [PSYoungGen: 402852K->91066K(465920K)] 957736K->646215K(1274368K), 0.0259821 secs] [Times: user=0.06 sys=0.00, real=0.03 secs] 
1214.289: [GC (Allocation Failure) [PSYoungGen: 324026K->37906K(465920K)] 879175K->593361K(1274368K), 0.0069218 secs] [Times: user=0.02 sys=0.00, real=0.01 secs] 
1214.586: [GC (Allocation Failure) [PSYoungGen: 270866K->183916K(465920K)] 826321K->740616K(1274368K), 0.0201609 secs] [Times: user=0.03 sys=0.00, real=0.02 secs] 
1214.873: [GC (Allocation Failure) [PSYoungGen: 416876K->184398K(465920K)] 973576K->741371K(1274368K), 0.0202398 secs] [Times: user=0.03 sys=0.00, real=0.02 secs] 
1216.979: [GC (Allocation Failure) [PSYoungGen: 405515K->92496K(465920K)] 962489K->649734K(1274368K), 0.0164412 secs] [Times: user=0.03 sys=0.00, real=0.02 secs] 
1218.770: [GC (Allocation Failure) [PSYoungGen: 325456K->37777K(465920K)] 882694K->595326K(1274368K), 0.0068303 secs] [Times: user=0.01 sys=0.00, real=0.00 secs] 
1219.067: [GC (Allocation Failure) [PSYoungGen: 270737K->184076K(465920K)] 828286K->742878K(1274368K), 0.0202058 secs] [Times: user=0.03 sys=0.00, real=0.02 secs] 
1219.350: [GC (Allocation Failure) [PSYoungGen: 417036K->184815K(465920K)] 975838K->743891K(1274368K), 0.0201646 secs] [Times: user=0.03 sys=0.00, real=0.02 secs] 
1220.414: [GC (Allocation Failure) [PSYoungGen: 404019K->92126K(465920K)] 963094K->651467K(1274368K), 0.0134121 secs] [Times: user=0.02 sys=0.00, real=0.01 secs] 
1221.307: [GC (Allocation Failure) [PSYoungGen: 325086K->38005K(465920K)] 884427K->597661K(1274368K), 0.0054785 secs] [Times: user=0.01 sys=0.00, real=0.01 secs] 
1221.635: [GC (Allocation Failure) [PSYoungGen: 270965K->184301K(465920K)] 830621K->745195K(1274368K), 0.0204802 secs] [Times: user=0.03 sys=0.00, real=0.02 secs] 
1221.918: [GC (Allocation Failure) [PSYoungGen: 417261K->184173K(465920K)] 978155K->745339K(1274368K), 0.0201597 secs] [Times: user=0.02 sys=0.00, real=0.02 secs] 
1222.623: [GC (Allocation Failure) [PSYoungGen: 405295K->92223K(465920K)] 966462K->653655K(1274368K), 0.0121077 secs] [Times: user=0.02 sys=0.00, real=0.01 secs] 
1223.487: [GC (Allocation Failure) [PSYoungGen: 325183K->38034K(465920K)] 886615K->599776K(1274368K), 0.0054514 secs] [Times: user=0.01 sys=0.00, real=0.01 secs] 
1223.818: [GC (Allocation Failure) [PSYoungGen: 270994K->184815K(465920K)] 832736K->747811K(1274368K), 0.0202244 secs] [Times: user=0.03 sys=0.00, real=0.02 secs] 
1224.163: [GC (Allocation Failure) [PSYoungGen: 417775K->184655K(465920K)] 980771K->747923K(1274368K), 0.0203826 secs] [Times: user=0.02 sys=0.00, real=0.02 secs] 
1225.420: [GC (Allocation Failure) [PSYoungGen: 402516K->91258K(465920K)] 965784K->654792K(1274368K), 0.0131573 secs] [Times: user=0.02 sys=0.00, real=0.01 secs] 
1226.269: [GC (Allocation Failure) [PSYoungGen: 324218K->38134K(465920K)] 887752K->601977K(1274368K), 0.0054306 secs] [Times: user=0.01 sys=0.00, real=0.01 secs] 
1226.539: [GC (Allocation Failure) [PSYoungGen: 271094K->184430K(465920K)] 834937K->749527K(1274368K), 0.0204794 secs] [Times: user=0.02 sys=0.00, real=0.02 secs] 
1226.880: [GC (Allocation Failure) [PSYoungGen: 417390K->184301K(465920K)] 982487K->749671K(1274368K), 0.0202089 secs] [Times: user=0.02 sys=0.01, real=0.02 secs] 
1228.151: [GC (Allocation Failure) [PSYoungGen: 417261K->108237K(465920K)] 982631K->674001K(1274368K), 0.0188784 secs] [Times: user=0.05 sys=0.00, real=0.02 secs] 
1229.791: [GC (Allocation Failure) [PSYoungGen: 341197K->51272K(465920K)] 906961K->617223K(1274368K), 0.0086296 secs] [Times: user=0.02 sys=0.00, real=0.01 secs] 
1230.093: [GC (Allocation Failure) [PSYoungGen: 284232K->186486K(465920K)] 850183K->753698K(1274368K), 0.0202357 secs] [Times: user=0.03 sys=0.00, real=0.02 secs] 
1230.382: [GC (Allocation Failure) [PSYoungGen: 419446K->186068K(465920K)] 986658K->753554K(1274368K), 0.0203224 secs] [Times: user=0.03 sys=0.00, real=0.02 secs] 
1231.933: [GC (Allocation Failure) [PSYoungGen: 419028K->91256K(465920K)] 986514K->659015K(1274368K), 0.0185695 secs] [Times: user=0.06 sys=0.00, real=0.02 secs] 
1233.431: [GC (Allocation Failure) [PSYoungGen: 324216K->68462K(465920K)] 891975K->636545K(1274368K), 0.0097234 secs] [Times: user=0.02 sys=0.00, real=0.01 secs] 
1233.711: [GC (Allocation Failure) [PSYoungGen: 301422K->185843K(465920K)] 869505K->755171K(1274368K), 0.0202511 secs] [Times: user=0.03 sys=0.00, real=0.02 secs] 
1234.054: [GC (Allocation Failure) [PSYoungGen: 418803K->184430K(465920K)] 988131K->754030K(1274368K), 0.0202054 secs] [Times: user=0.02 sys=0.00, real=0.02 secs] 
1234.942: [GC (Allocation Failure) [PSYoungGen: 417390K->76363K(465920K)] 986990K->646229K(1274368K), 0.0086661 secs] [Times: user=0.02 sys=0.00, real=0.01 secs] 
1236.051: [GC (Allocation Failure) [PSYoungGen: 309323K->82892K(465920K)] 879189K->653079K(1274368K), 0.0098752 secs] [Times: user=0.02 sys=0.00, real=0.01 secs] 
1236.381: [GC (Allocation Failure) [PSYoungGen: 315852K->184173K(465920K)] 886039K->755614K(1274368K), 0.0200633 secs] [Times: user=0.03 sys=0.00, real=0.02 secs] 
1236.672: [GC (Allocation Failure) [PSYoungGen: 417133K->184398K(465920K)] 988574K->756112K(1274368K), 0.0205098 secs] [Times: user=0.03 sys=0.00, real=0.02 secs] 
1237.867: [GC (Allocation Failure) [PSYoungGen: 417358K->63671K(465920K)] 989072K->635651K(1274368K), 0.0087917 secs] [Times: user=0.03 sys=0.00, real=0.01 secs] 
1239.073: [GC (Allocation Failure) [PSYoungGen: 296609K->95388K(465920K)] 868588K->667681K(1274368K), 0.0129281 secs] [Times: user=0.03 sys=0.00, real=0.01 secs] 
1239.353: [GC (Allocation Failure) [PSYoungGen: 328348K->184237K(465920K)] 900641K->757783K(1274368K), 0.0202338 secs] [Times: user=0.03 sys=0.00, real=0.02 secs] 
1239.699: [GC (Allocation Failure) [PSYoungGen: 417197K->184462K(465920K)] 990743K->758410K(1274368K), 0.0201924 secs] [Times: user=0.03 sys=0.00, real=0.02 secs] 
1241.069: [GC (Allocation Failure) [PSYoungGen: 417422K->51173K(465920K)] 991370K->625273K(1274368K), 0.0060558 secs] [Times: user=0.02 sys=0.00, real=0.01 secs] 
1241.867: [GC (Allocation Failure) [PSYoungGen: 284133K->107857K(465920K)] 858233K->682266K(1274368K), 0.0125487 secs] [Times: user=0.02 sys=0.00, real=0.01 secs] 
1242.145: [GC (Allocation Failure) [PSYoungGen: 340817K->184944K(465920K)] 915226K->760606K(1274368K), 0.0201437 secs] [Times: user=0.03 sys=0.00, real=0.02 secs] 
1242.430: [GC (Allocation Failure) [PSYoungGen: 417904K->184173K(465920K)] 993566K->760236K(1274368K), 0.0202480 secs] [Times: user=0.03 sys=0.00, real=0.03 secs] 
1244.982: [GC (Allocation Failure) [PSYoungGen: 417133K->38192K(465920K)] 993196K->614392K(1274368K), 0.0067207 secs] [Times: user=0.03 sys=0.00, real=0.00 secs] 
1246.185: [GC (Allocation Failure) [PSYoungGen: 271152K->120581K(465920K)] 847352K->697099K(1274368K), 0.0140390 secs] [Times: user=0.02 sys=0.00, real=0.01 secs] 
1246.515: [GC (Allocation Failure) [PSYoungGen: 353541K->184462K(465920K)] 930059K->762233K(1274368K), 0.0202993 secs] [Times: user=0.03 sys=0.00, real=0.02 secs] 
1246.902: [GC (Allocation Failure) [PSYoungGen: 417422K->179771K(465920K)] 995193K->757824K(1274368K), 0.0226221 secs] [Times: user=0.03 sys=0.00, real=0.02 secs] 
1248.821: [GC (Allocation Failure) [PSYoungGen: 412731K->32928K(465920K)] 990784K->612422K(1274368K), 0.0046619 secs] [Times: user=0.02 sys=0.00, real=0.00 secs] 
1249.349: [GC (Allocation Failure) [PSYoungGen: 265888K->133016K(465920K)] 845382K->712527K(1274368K), 0.0149075 secs] [Times: user=0.02 sys=0.00, real=0.02 secs] 
1249.684: [GC (Allocation Failure) [PSYoungGen: 365976K->184173K(465920K)] 945487K->764937K(1274368K), 0.0202127 secs] [Times: user=0.02 sys=0.00, real=0.02 secs] 
1250.720: [GC (Allocation Failure) [PSYoungGen: 417133K->169097K(465920K)] 997897K->750143K(1274368K), 0.0472304 secs] [Times: user=0.07 sys=0.00, real=0.05 secs] 
1253.356: [GC (Allocation Failure) [PSYoungGen: 402057K->128K(465920K)] 983103K->582622K(1274368K), 0.0033971 secs] [Times: user=0.01 sys=0.00, real=0.00 secs] 
1254.043: [GC (Allocation Failure) [PSYoungGen: 233088K->144872K(465920K)] 815582K->727375K(1274368K), 0.0160807 secs] [Times: user=0.02 sys=0.00, real=0.01 secs] 
1254.377: [GC (Allocation Failure) [PSYoungGen: 377832K->184301K(465920K)] 960335K->768186K(1274368K), 0.0201806 secs] [Times: user=0.03 sys=0.00, real=0.02 secs] 
1254.813: [GC (Allocation Failure) [PSYoungGen: 417261K->153065K(465920K)] 1001146K->737102K(1274368K), 0.0223130 secs] [Times: user=0.04 sys=0.00, real=0.02 secs] 
1256.402: [GC (Allocation Failure) [PSYoungGen: 386025K->96K(465920K)] 970062K->585567K(1274368K), 0.0025439 secs] [Times: user=0.01 sys=0.00, real=0.00 secs] 
1256.923: [GC (Allocation Failure) [PSYoungGen: 233027K->159170K(465920K)] 818498K->744658K(1274368K), 0.0176908 secs] [Times: user=0.02 sys=0.00, real=0.02 secs] 
1257.267: [GC (Allocation Failure) [PSYoungGen: 392130K->186004K(465920K)] 977618K->772873K(1274368K), 0.0204025 secs] [Times: user=0.03 sys=0.00, real=0.02 secs] 
1257.855: [GC (Allocation Failure) [PSYoungGen: 418964K->137112K(465920K)] 1005833K->724126K(1274368K), 0.0189635 secs] [Times: user=0.03 sys=0.00, real=0.02 secs] 
1258.789: [GC (Allocation Failure) [PSYoungGen: 370072K->96K(465920K)] 957086K->588555K(1274368K), 0.0024446 secs] [Times: user=0.01 sys=0.00, real=0.01 secs] 
1259.158: [GC (Allocation Failure) [PSYoungGen: 233056K->172794K(465920K)] 821515K->761262K(1274368K), 0.0190136 secs] [Times: user=0.03 sys=0.00, real=0.02 secs] 
1259.446: [GC (Allocation Failure) [PSYoungGen: 405754K->184462K(465920K)] 994222K->774304K(1274368K), 0.0200869 secs] [Times: user=0.03 sys=0.00, real=0.02 secs] 
1260.868: [GC (Allocation Failure) [PSYoungGen: 417422K->141431K(465920K)] 1007264K->731417K(1274368K), 0.0181293 secs] [Times: user=0.03 sys=0.00, real=0.02 secs] 
1262.540: [GC (Allocation Failure) [PSYoungGen: 374391K->1344K(465920K)] 964377K->591638K(1274368K), 0.0028047 secs] [Times: user=0.02 sys=0.00, real=0.00 secs] 
1262.859: [GC (Allocation Failure) [PSYoungGen: 234304K->186357K(465920K)] 824598K->777897K(1274368K), 0.0205081 secs] [Times: user=0.02 sys=0.01, real=0.03 secs] 
1263.149: [GC (Allocation Failure) [PSYoungGen: 419317K->186132K(465920K)] 1010857K->777825K(1274368K), 0.0202999 secs] [Times: user=0.02 sys=0.00, real=0.02 secs] 
1263.747: [GC (Allocation Failure) [PSYoungGen: 419092K->124996K(465920K)] 1010785K->717081K(1274368K), 0.0146574 secs] [Times: user=0.03 sys=0.00, real=0.02 secs] 
1264.797: [GC (Allocation Failure) [PSYoungGen: 357956K->18981K(465920K)] 950041K->611244K(1274368K), 0.0046168 secs] [Times: user=0.01 sys=0.00, real=0.01 secs] 
1265.166: [GC (Allocation Failure) [PSYoungGen: 251941K->185715K(465920K)] 844204K->779232K(1274368K), 0.0202845 secs] [Times: user=0.03 sys=0.00, real=0.02 secs] 
1265.519: [GC (Allocation Failure) [PSYoungGen: 418675K->184398K(465920K)] 1012192K->778195K(1274368K), 0.0201601 secs] [Times: user=0.03 sys=0.00, real=0.02 secs] 
1266.715: [GC (Allocation Failure) [PSYoungGen: 417358K->109605K(465920K)] 1011155K->703805K(1274368K), 0.0175660 secs] [Times: user=0.04 sys=0.00, real=0.02 secs] 
1267.864: [GC (Allocation Failure) [PSYoungGen: 342471K->34182K(465920K)] 936670K->628566K(1274368K), 0.0052308 secs] [Times: user=0.02 sys=0.01, real=0.00 secs] 
1268.132: [GC (Allocation Failure) [PSYoungGen: 267142K->184687K(465920K)] 861526K->780317K(1274368K), 0.0203939 secs] [Times: user=0.03 sys=0.00, real=0.02 secs] 
1268.416: [GC (Allocation Failure) [PSYoungGen: 417647K->184526K(465920K)] 1013277K->780429K(1274368K), 0.0203406 secs] [Times: user=0.02 sys=0.00, real=0.02 secs] 
1271.811: [GC (Allocation Failure) [PSYoungGen: 407609K->95371K(465920K)] 1003512K->691676K(1274368K), 0.0291887 secs] [Times: user=0.05 sys=0.00, real=0.03 secs] 
1273.647: [GC (Allocation Failure) [PSYoungGen: 328331K->38005K(465920K)] 924636K->634493K(1274368K), 0.0069838 secs] [Times: user=0.02 sys=0.00, real=0.01 secs] 
1273.947: [GC (Allocation Failure) [PSYoungGen: 270965K->184622K(465920K)] 867453K->782364K(1274368K), 0.0202091 secs] [Times: user=0.03 sys=0.00, real=0.02 secs] 
1274.287: [GC (Allocation Failure) [PSYoungGen: 417582K->186518K(465920K)] 1015324K->784661K(1274368K), 0.0207125 secs] [Times: user=0.03 sys=0.00, real=0.02 secs] 
1274.974: [GC (Allocation Failure) [PSYoungGen: 419478K->106052K(465920K)] 1017621K->704461K(1274368K), 0.0130609 secs] [Times: user=0.03 sys=0.00, real=0.01 secs] 
1276.367: [GC (Allocation Failure) [PSYoungGen: 339012K->53974K(465920K)] 937421K->652578K(1274368K), 0.0082054 secs] [Times: user=0.02 sys=0.00, real=0.01 secs] 
1276.651: [GC (Allocation Failure) [PSYoungGen: 286934K->185843K(465920K)] 885538K->785701K(1274368K), 0.0204403 secs] [Times: user=0.02 sys=0.00, real=0.02 secs] 
1276.936: [GC (Allocation Failure) [PSYoungGen: 418803K->184430K(465920K)] 1018661K->784568K(1274368K), 0.0202849 secs] [Times: user=0.03 sys=0.00, real=0.02 secs] 
1278.762: [GC (Allocation Failure) [PSYoungGen: 417390K->90950K(465920K)] 1017528K->691354K(1274368K), 0.0230465 secs] [Times: user=0.07 sys=0.00, real=0.02 secs] 
1280.878: [GC (Allocation Failure) [PSYoungGen: 323910K->68015K(465920K)] 924314K->668724K(1274368K), 0.0091569 secs] [Times: user=0.01 sys=0.00, real=0.01 secs] 
1281.153: [GC (Allocation Failure) [PSYoungGen: 300975K->186357K(465920K)] 901684K->788328K(1274368K), 0.0204442 secs] [Times: user=0.02 sys=0.00, real=0.02 secs] 
1281.501: [GC (Allocation Failure) [PSYoungGen: 419317K->184847K(465920K)] 1021288K->787099K(1274368K), 0.0202908 secs] [Times: user=0.03 sys=0.01, real=0.02 secs] 
1282.230: [GC (Allocation Failure) [PSYoungGen: 417807K->75994K(465920K)] 1020059K->678518K(1274368K), 0.0084830 secs] [Times: user=0.02 sys=0.00, real=0.00 secs] 
1282.926: [GC (Allocation Failure) [PSYoungGen: 308954K->84306K(465920K)] 911478K->687146K(1274368K), 0.0100932 secs] [Times: user=0.02 sys=0.00, real=0.01 secs] 
1283.201: [GC (Allocation Failure) [PSYoungGen: 317266K->186004K(465920K)] 920106K->790090K(1274368K), 0.0204278 secs] [Times: user=0.03 sys=0.00, real=0.02 secs] 
1283.489: [GC (Allocation Failure) [PSYoungGen: 418964K->184526K(465920K)] 1023050K->788893K(1274368K), 0.0201189 secs] [Times: user=0.03 sys=0.00, real=0.02 secs] 
1286.069: [GC (Allocation Failure) [PSYoungGen: 417486K->60298K(465920K)] 1021853K->664938K(1274368K), 0.0076181 secs] [Times: user=0.03 sys=0.00, real=0.01 secs] 
1287.047: [GC (Allocation Failure) [PSYoungGen: 293258K->99278K(465920K)] 897898K->704236K(1274368K), 0.0116138 secs] [Times: user=0.02 sys=0.00, real=0.01 secs] 
1287.324: [GC (Allocation Failure) [PSYoungGen: 332238K->186132K(465920K)] 937196K->792472K(1274368K), 0.0203136 secs] [Times: user=0.03 sys=0.00, real=0.02 secs] 
1287.608: [GC (Allocation Failure) [PSYoungGen: 419092K->185972K(465920K)] 1025432K->792456K(1274368K), 0.0202044 secs] [Times: user=0.03 sys=0.00, real=0.02 secs] 
1290.177: [GC (Allocation Failure) [PSYoungGen: 418932K->43879K(465920K)] 1025416K->650628K(1274368K), 0.0067786 secs] [Times: user=0.02 sys=0.00, real=0.01 secs] 
1291.139: [GC (Allocation Failure) [PSYoungGen: 276839K->115697K(465920K)] 883588K->722763K(1274368K), 0.0132989 secs] [Times: user=0.02 sys=0.00, real=0.02 secs] 
1291.418: [GC (Allocation Failure) [PSYoungGen: 348657K->186004K(465920K)] 955723K->794443K(1274368K), 0.0204835 secs] [Times: user=0.02 sys=0.00, real=0.02 secs] 
1291.850: [GC (Allocation Failure) [PSYoungGen: 418964K->181065K(465920K)] 1027403K->789649K(1274368K), 0.0263019 secs] [Times: user=0.04 sys=0.00, real=0.02 secs] 
1293.155: [GC (Allocation Failure) [PSYoungGen: 414025K->32864K(465920K)] 1022609K->642888K(1274368K), 0.0044944 secs] [Times: user=0.03 sys=0.00, real=0.01 secs] 
1293.989: [GC (Allocation Failure) [PSYoungGen: 265824K->131763K(465920K)] 875848K->741811K(1274368K), 0.0149230 secs] [Times: user=0.02 sys=0.00, real=0.02 secs] 
1294.267: [GC (Allocation Failure) [PSYoungGen: 364723K->186164K(465920K)] 974771K->797467K(1274368K), 0.0204511 secs] [Times: user=0.03 sys=0.00, real=0.02 secs] 
1294.834: [GC (Allocation Failure) [PSYoungGen: 419124K->168471K(465920K)] 1030427K->780175K(1274368K), 0.0366233 secs] [Times: user=0.05 sys=0.00, real=0.04 secs] 
1296.683: [GC (Allocation Failure) [PSYoungGen: 401431K->96K(465920K)] 1013135K->613112K(1274368K), 0.0029489 secs] [Times: user=0.01 sys=0.00, real=0.00 secs] 
1297.297: [GC (Allocation Failure) [PSYoungGen: 233056K->147568K(465920K)] 846072K->760601K(1274368K), 0.0169288 secs] [Times: user=0.02 sys=0.01, real=0.02 secs] 
1297.578: [GC (Allocation Failure) [PSYoungGen: 380528K->186229K(465920K)] 993561K->800516K(1274368K), 0.0203285 secs] [Times: user=0.03 sys=0.00, real=0.02 secs] 
1298.105: [GC (Allocation Failure) [PSYoungGen: 419189K->148406K(465920K)] 1033476K->762957K(1274368K), 0.0199110 secs] [Times: user=0.03 sys=0.00, real=0.02 secs] 
1299.148: [GC (Allocation Failure) [PSYoungGen: 381366K->128K(465920K)] 995917K->616121K(1274368K), 0.0027189 secs] [Times: user=0.01 sys=0.00, real=0.01 secs] 
1299.584: [GC (Allocation Failure) [PSYoungGen: 233088K->163926K(465920K)] 849081K->779935K(1274368K), 0.0179889 secs] [Times: user=0.02 sys=0.00, real=0.02 secs] 
1299.869: [GC (Allocation Failure) [PSYoungGen: 396886K->184687K(465920K)] 1012895K->801958K(1274368K), 0.0202971 secs] [Times: user=0.03 sys=0.00, real=0.03 secs] 
1300.792: [GC (Allocation Failure) [PSYoungGen: 415972K->133610K(465920K)] 1033243K->751162K(1274368K), 0.0373607 secs] [Times: user=0.05 sys=0.00, real=0.03 secs] 
1303.100: [GC (Allocation Failure) [PSYoungGen: 366570K->96K(465920K)] 984122K->619083K(1274368K), 0.0043614 secs] [Times: user=0.02 sys=0.00, real=0.00 secs] 
1303.560: [GC (Allocation Failure) [PSYoungGen: 232953K->173083K(465920K)] 851940K->792087K(1274368K), 0.0189604 secs] [Times: user=0.03 sys=0.00, real=0.01 secs] 
1303.852: [GC (Allocation Failure) [PSYoungGen: 406043K->184590K(465920K)] 1025047K->804847K(1274368K), 0.0202382 secs] [Times: user=0.03 sys=0.00, real=0.02 secs] 
1304.859: [GC (Allocation Failure) [PSYoungGen: 417550K->141045K(465920K)] 1037807K->761575K(1274368K), 0.0284010 secs] [Times: user=0.04 sys=0.00, real=0.03 secs] 
1307.290: [GC (Allocation Failure) [PSYoungGen: 374005K->1601K(465920K)] 994535K->622429K(1274368K), 0.0035664 secs] [Times: user=0.01 sys=0.00, real=0.00 secs] 
1307.624: [GC (Allocation Failure) [PSYoungGen: 234561K->184044K(465920K)] 855389K->806246K(1274368K), 0.0201734 secs] [Times: user=0.03 sys=0.01, real=0.02 secs] 
1307.906: [GC (Allocation Failure) [PSYoungGen: 417004K->184044K(465920K)] 1039206K->806391K(1274368K), 0.0201399 secs] [Times: user=0.02 sys=0.00, real=0.02 secs] 
1308.984: [GC (Allocation Failure) [PSYoungGen: 417004K->129092K(465920K)] 1039351K->751704K(1274368K), 0.0367378 secs] [Times: user=0.07 sys=0.00, real=0.04 secs] 
1311.176: [GC (Allocation Failure) [PSYoungGen: 362052K->13840K(465920K)] 984664K->636760K(1274368K), 0.0048115 secs] [Times: user=0.01 sys=0.00, real=0.01 secs] 
1311.490: [GC (Allocation Failure) [PSYoungGen: 246800K->186357K(465920K)] 869720K->810523K(1274368K), 0.0204275 secs] [Times: user=0.03 sys=0.00, real=0.03 secs] 
1311.830: [GC (Allocation Failure) [PSYoungGen: 419317K->186132K(465920K)] 1043483K->810579K(1274368K), 0.0205621 secs] [Times: user=0.03 sys=0.00, real=0.03 secs] 
1313.444: [GC (Allocation Failure) [PSYoungGen: 419092K->112481K(465920K)] 1043539K->737329K(1274368K), 0.0178207 secs] [Times: user=0.04 sys=0.00, real=0.02 secs] 
1316.600: [GC (Allocation Failure) [PSYoungGen: 345441K->31547K(465920K)] 970289K->656572K(1274368K), 0.0070068 secs] [Times: user=0.02 sys=0.00, real=0.00 secs] 
1316.922: [GC (Allocation Failure) [PSYoungGen: 264507K->185747K(465920K)] 889532K->812026K(1274368K), 0.0205711 secs] [Times: user=0.03 sys=0.00, real=0.02 secs] 
1317.213: [GC (Allocation Failure) [PSYoungGen: 418707K->185843K(465920K)] 1044986K->812395K(1274368K), 0.0204230 secs] [Times: user=0.03 sys=0.00, real=0.02 secs] 
1318.943: [GC (Allocation Failure) [PSYoungGen: 409572K->95564K(465920K)] 1036124K->722381K(1274368K), 0.0126939 secs] [Times: user=0.02 sys=0.00, real=0.01 secs] 
1320.873: [GC (Allocation Failure) [PSYoungGen: 328524K->37681K(465920K)] 955341K->664803K(1274368K), 0.0068145 secs] [Times: user=0.01 sys=0.00, real=0.00 secs] 
1321.240: [GC (Allocation Failure) [PSYoungGen: 270641K->184108K(465920K)] 897763K->812476K(1274368K), 0.0204205 secs] [Times: user=0.03 sys=0.00, real=0.03 secs] 
1321.528: [GC (Allocation Failure) [PSYoungGen: 417068K->184076K(465920K)] 1045436K->812717K(1274368K), 0.0200874 secs] [Times: user=0.03 sys=0.00, real=0.02 secs] 
1324.529: [GC (Allocation Failure) [PSYoungGen: 405187K->93026K(465920K)] 1033828K->722061K(1274368K), 0.0196962 secs] [Times: user=0.04 sys=0.00, real=0.02 secs] 
1325.499: [GC (Allocation Failure) [PSYoungGen: 325986K->38166K(465920K)] 955021K->667382K(1274368K), 0.0054628 secs] [Times: user=0.01 sys=0.00, real=0.01 secs] 
1325.767: [GC (Allocation Failure) [PSYoungGen: 271126K->184687K(465920K)] 900342K->815156K(1274368K), 0.0204344 secs] [Times: user=0.03 sys=0.00, real=0.02 secs] 
1326.050: [GC (Allocation Failure) [PSYoungGen: 417647K->184687K(465920K)] 1048116K->815566K(1274368K), 0.0202062 secs] [Times: user=0.02 sys=0.00, real=0.02 secs] 
1326.985: [GC (Allocation Failure) [PSYoungGen: 403037K->91194K(465920K)] 1033916K->722339K(1274368K), 0.0170264 secs] [Times: user=0.03 sys=0.00, real=0.02 secs] 
1327.827: [GC (Allocation Failure) [PSYoungGen: 324154K->38323K(465920K)] 955299K->669641K(1274368K), 0.0055633 secs] [Times: user=0.02 sys=0.00, real=0.01 secs] 
1328.095: [GC (Allocation Failure) [PSYoungGen: 271283K->184687K(465920K)] 902601K->817258K(1274368K), 0.0204678 secs] [Times: user=0.02 sys=0.00, real=0.02 secs] 
1328.437: [GC (Allocation Failure) [PSYoungGen: 417647K->184655K(465920K)] 1050218K->817499K(1274368K), 0.0204390 secs] [Times: user=0.03 sys=0.00, real=0.02 secs] 
1329.215: [GC (Allocation Failure) [PSYoungGen: 402850K->91130K(465920K)] 1035694K->724247K(1274368K), 0.0123599 secs] [Times: user=0.02 sys=0.00, real=0.01 secs] 
1330.075: [GC (Allocation Failure) [PSYoungGen: 324090K->38069K(465920K)] 957207K->671492K(1274368K), 0.0055466 secs] [Times: user=0.01 sys=0.00, real=0.01 secs] 
1330.342: [GC (Allocation Failure) [PSYoungGen: 271029K->184076K(465920K)] 904452K->818761K(1274368K), 0.0202700 secs] [Times: user=0.03 sys=0.00, real=0.02 secs] 
1330.637: [GC (Allocation Failure) [PSYoungGen: 417036K->184398K(465920K)] 1051721K->819484K(1274368K), 0.0201876 secs] [Times: user=0.02 sys=0.00, real=0.02 secs] 
1331.302: [GC (Allocation Failure) [PSYoungGen: 403932K->92255K(465920K)] 1039018K->727485K(1274368K), 0.0107105 secs] [Times: user=0.02 sys=0.00, real=0.01 secs] 
1332.166: [GC (Allocation Failure) [PSYoungGen: 325215K->37877K(465920K)] 960445K->673415K(1274368K), 0.0055063 secs] [Times: user=0.01 sys=0.00, real=0.01 secs] 
1332.494: [GC (Allocation Failure) [PSYoungGen: 270837K->184462K(465920K)] 906375K->821382K(1274368K), 0.0202942 secs] [Times: user=0.02 sys=0.00, real=0.02 secs] 
1332.835: [GC (Allocation Failure) [PSYoungGen: 417422K->184622K(465920K)] 1054342K->821695K(1274368K), 0.0203029 secs] [Times: user=0.03 sys=0.00, real=0.02 secs] 
1334.519: [GC (Allocation Failure) [PSYoungGen: 403079K->91837K(465920K)] 1040152K->729175K(1274368K), 0.0169172 secs] [Times: user=0.03 sys=0.00, real=0.02 secs] 
1335.994: [GC (Allocation Failure) [PSYoungGen: 324797K->37909K(465920K)] 962135K->675562K(1274368K), 0.0065042 secs] [Times: user=0.02 sys=0.00, real=0.01 secs] 
1336.269: [GC (Allocation Failure) [PSYoungGen: 270869K->184430K(465920K)] 908522K->823337K(1274368K), 0.0203084 secs] [Times: user=0.03 sys=0.00, real=0.02 secs] 
1336.551: [GC (Allocation Failure) [PSYoungGen: 417390K->184365K(465920K)] 1056297K->823554K(1274368K), 0.0203008 secs] [Times: user=0.02 sys=0.00, real=0.02 secs] 
1338.068: [GC (Allocation Failure) [PSYoungGen: 405315K->92126K(465920K)] 1044503K->731708K(1274368K), 0.0201365 secs] [Times: user=0.04 sys=0.00, real=0.02 secs] 
1339.248: [GC (Allocation Failure) [PSYoungGen: 325086K->37909K(465920K)] 964668K->677678K(1274368K), 0.0066280 secs] [Times: user=0.01 sys=0.00, real=0.01 secs] 
1339.525: [GC (Allocation Failure) [PSYoungGen: 270869K->184205K(465920K)] 910638K->825227K(1274368K), 0.0202131 secs] [Times: user=0.03 sys=0.00, real=0.02 secs] 
1339.809: [GC (Allocation Failure) [PSYoungGen: 417165K->184912K(465920K)] 1058187K->826224K(1274368K), 0.0202338 secs] [Times: user=0.03 sys=0.00, real=0.02 secs] 
1341.600: [GC (Allocation Failure) [PSYoungGen: 403962K->91709K(465920K)] 1045274K->733285K(1274368K), 0.0169521 secs] [Times: user=0.04 sys=0.00, real=0.01 secs] 
1343.596: [GC (Allocation Failure) [PSYoungGen: 324669K->37780K(465920K)] 966245K->679667K(1274368K), 0.0071998 secs] [Times: user=0.01 sys=0.01, real=0.01 secs] 
1343.970: [GC (Allocation Failure) [PSYoungGen: 270740K->184558K(465920K)] 912627K->827698K(1274368K), 0.0204195 secs] [Times: user=0.03 sys=0.00, real=0.03 secs] 
1344.308: [GC (Allocation Failure) [PSYoungGen: 417518K->184333K(465920K)] 1060658K->827754K(1274368K), 0.0202634 secs] [Times: user=0.03 sys=0.00, real=0.02 secs] 
1345.648: [GC (Allocation Failure) [PSYoungGen: 405113K->92126K(465920K)] 1048534K->735812K(1274368K), 0.0166355 secs] [Times: user=0.03 sys=0.00, real=0.02 secs] 
1347.174: [GC (Allocation Failure) [PSYoungGen: 325086K->37780K(465920K)] 968772K->681790K(1274368K), 0.0066444 secs] [Times: user=0.02 sys=0.00, real=0.01 secs] 
1347.455: [GC (Allocation Failure) [PSYoungGen: 270740K->184430K(465920K)] 914750K->829693K(1274368K), 0.0202550 secs] [Times: user=0.03 sys=0.00, real=0.02 secs] 
1347.737: [GC (Allocation Failure) [PSYoungGen: 417390K->184301K(465920K)] 1062653K->829838K(1274368K), 0.0202506 secs] [Times: user=0.02 sys=0.00, real=0.02 secs] 
1349.145: [GC (Allocation Failure) [PSYoungGen: 405352K->92207K(465920K)] 1050889K->738008K(1274368K), 0.0149418 secs] [Times: user=0.03 sys=0.00, real=0.01 secs] 
1351.008: [GC (Allocation Failure) [PSYoungGen: 325167K->37617K(465920K)] 970968K->683716K(1274368K), 0.0092900 secs] [Times: user=0.02 sys=0.00, real=0.01 secs] 
1351.380: [GC (Allocation Failure) [PSYoungGen: 270577K->184687K(465920K)] 916676K->832176K(1274368K), 0.0203120 secs] [Times: user=0.03 sys=0.00, real=0.02 secs] 
1351.740: [GC (Allocation Failure) [PSYoungGen: 417647K->184687K(465920K)] 1065136K->832329K(1274368K), 0.0203936 secs] [Times: user=0.03 sys=0.00, real=0.02 secs] 
1353.775: [GC (Allocation Failure) [PSYoungGen: 403411K->91741K(465920K)] 1051053K->739656K(1274368K), 0.0194170 secs] [Times: user=0.05 sys=0.00, real=0.02 secs] 
1355.103: [GC (Allocation Failure) [PSYoungGen: 324701K->38037K(465920K)] 972616K->686252K(1274368K), 0.0067486 secs] [Times: user=0.02 sys=0.00, real=0.00 secs] 
1355.463: [GC (Allocation Failure) [PSYoungGen: 270997K->184719K(465920K)] 919212K->834187K(1274368K), 0.0204988 secs] [Times: user=0.03 sys=0.00, real=0.02 secs] 
1355.750: [GC (Allocation Failure) [PSYoungGen: 417679K->184719K(465920K)] 1067147K->834468K(1274368K), 0.0204216 secs] [Times: user=0.03 sys=0.00, real=0.02 secs] 
1357.468: [GC (Allocation Failure) [PSYoungGen: 403163K->91355K(465920K)] 1052912K->741377K(1274368K), 0.0278630 secs] [Times: user=0.05 sys=0.00, real=0.03 secs] 
1360.351: [GC (Allocation Failure) [PSYoungGen: 324315K->37809K(465920K)] 974337K->688145K(1274368K), 0.0082944 secs] [Times: user=0.02 sys=0.00, real=0.00 secs] 
1360.676: [GC (Allocation Failure) [PSYoungGen: 270769K->184719K(465920K)] 921105K->836445K(1274368K), 0.0203597 secs] [Times: user=0.03 sys=0.00, real=0.02 secs] 
1360.962: [GC (Allocation Failure) [PSYoungGen: 417679K->184687K(465920K)] 1069405K->836566K(1274368K), 0.0203552 secs] [Times: user=0.03 sys=0.00, real=0.02 secs] 
1361.594: [GC (Allocation Failure) [PSYoungGen: 403143K->91628K(465920K)] 1055022K->743772K(1274368K), 0.0122443 secs] [Times: user=0.02 sys=0.00, real=0.01 secs] 
1362.719: [GC (Allocation Failure) [PSYoungGen: 324588K->38034K(465920K)] 976732K->690492K(1274368K), 0.0074278 secs] [Times: user=0.02 sys=0.00, real=0.01 secs] 
1363.104: [GC (Allocation Failure) [PSYoungGen: 270994K->184687K(465920K)] 923452K->838398K(1274368K), 0.0203622 secs] [Times: user=0.02 sys=0.00, real=0.02 secs] 
1363.387: [GC (Allocation Failure) [PSYoungGen: 417647K->184655K(465920K)] 1071358K->838647K(1274368K), 0.0202579 secs] [Times: user=0.03 sys=0.00, real=0.02 secs] 
1364.369: [GC (Allocation Failure) [PSYoungGen: 403104K->91355K(465920K)] 1057096K->745612K(1274368K), 0.0144940 secs] [Times: user=0.03 sys=0.00, real=0.02 secs] 
1367.055: [GC (Allocation Failure) [PSYoungGen: 324315K->37877K(465920K)] 978572K->692442K(1274368K), 0.0084349 secs] [Times: user=0.02 sys=0.00, real=0.01 secs] 
1367.380: [GC (Allocation Failure) [PSYoungGen: 270837K->184719K(465920K)] 925402K->840658K(1274368K), 0.0203033 secs] [Times: user=0.03 sys=0.00, real=0.02 secs] 
1367.668: [GC (Allocation Failure) [PSYoungGen: 417679K->184655K(465920K)] 1073618K->840738K(1274368K), 0.0203277 secs] [Times: user=0.03 sys=0.00, real=0.02 secs] 
1368.351: [GC (Allocation Failure) [PSYoungGen: 403110K->91452K(465920K)] 1059193K->747800K(1274368K), 0.0107836 secs] [Times: user=0.02 sys=0.00, real=0.01 secs] 
1369.255: [GC (Allocation Failure) [PSYoungGen: 324412K->37909K(465920K)] 980760K->694571K(1274368K), 0.0055575 secs] [Times: user=0.01 sys=0.00, real=0.01 secs] 
1369.563: [GC (Allocation Failure) [PSYoungGen: 270869K->184012K(465920K)] 927531K->841928K(1274368K), 0.0204015 secs] [Times: user=0.02 sys=0.00, real=0.02 secs] 
1369.903: [GC (Allocation Failure) [PSYoungGen: 416972K->184462K(465920K)] 1074888K->842811K(1274368K), 0.0204182 secs] [Times: user=0.03 sys=0.00, real=0.02 secs] 
1371.828: [GC (Allocation Failure) [PSYoungGen: 405588K->92528K(465920K)] 1063938K->751014K(1274368K), 0.0261773 secs] [Times: user=0.05 sys=0.00, real=0.03 secs] 
1372.656: [GC (Allocation Failure) [PSYoungGen: 325488K->38294K(465920K)] 983974K->697096K(1274368K), 0.0055525 secs] [Times: user=0.01 sys=0.00, real=0.01 secs] 
1372.981: [GC (Allocation Failure) [PSYoungGen: 271254K->184719K(465920K)] 930056K->844903K(1274368K), 0.0203674 secs] [Times: user=0.03 sys=0.00, real=0.02 secs] 
1373.322: [GC (Allocation Failure) [PSYoungGen: 417679K->184655K(465920K)] 1077863K->845112K(1274368K), 0.0203075 secs] [Times: user=0.02 sys=0.00, real=0.02 secs] 
1373.928: [GC (Allocation Failure) [PSYoungGen: 402857K->91066K(465920K)] 1063314K->751788K(1274368K), 0.0118892 secs] [Times: user=0.02 sys=0.00, real=0.02 secs] 
1374.727: [GC (Allocation Failure) [PSYoungGen: 324026K->38195K(465920K)] 984748K->699104K(1274368K), 0.0055419 secs] [Times: user=0.02 sys=0.00, real=0.01 secs] 
1375.057: [GC (Allocation Failure) [PSYoungGen: 271155K->184687K(465920K)] 932064K->846970K(1274368K), 0.0204462 secs] [Times: user=0.03 sys=0.01, real=0.02 secs] 
1375.340: [GC (Allocation Failure) [PSYoungGen: 417647K->184719K(465920K)] 1079930K->847155K(1274368K), 0.0202462 secs] [Times: user=0.03 sys=0.00, real=0.02 secs] 
1375.990: [GC (Allocation Failure) [PSYoungGen: 403051K->91194K(465920K)] 1065487K->753895K(1274368K), 0.0118439 secs] [Times: user=0.03 sys=0.00, real=0.02 secs] 
1376.960: [GC (Allocation Failure) [PSYoungGen: 324154K->38037K(465920K)] 986855K->701054K(1274368K), 0.0055338 secs] [Times: user=0.01 sys=0.00, real=0.01 secs] 
1377.231: [GC (Allocation Failure) [PSYoungGen: 270997K->184687K(465920K)] 934014K->849085K(1274368K), 0.0203577 secs] [Times: user=0.03 sys=0.00, real=0.02 secs] 
1377.514: [GC (Allocation Failure) [PSYoungGen: 417647K->184719K(465920K)] 1082045K->849270K(1274368K), 0.0203115 secs] [Times: user=0.03 sys=0.00, real=0.02 secs] 
1378.230: [GC (Allocation Failure) [PSYoungGen: 403179K->91339K(465920K)] 1067731K->756155K(1274368K), 0.0112897 secs] [Times: user=0.02 sys=0.00, real=0.01 secs] 
1379.138: [GC (Allocation Failure) [PSYoungGen: 324299K->38294K(465920K)] 989115K->703416K(1274368K), 0.0066833 secs] [Times: user=0.01 sys=0.00, real=0.01 secs] 
1379.501: [GC (Allocation Failure) [PSYoungGen: 271254K->184783K(465920K)] 936376K->851158K(1274368K), 0.0204142 secs] [Times: user=0.02 sys=0.00, real=0.02 secs] 
1379.844: [GC (Allocation Failure) [PSYoungGen: 417743K->184751K(465920K)] 1084118K->851423K(1274368K), 0.0204358 secs] [Times: user=0.02 sys=0.00, real=0.02 secs] 
1381.928: [GC (Allocation Failure) [PSYoungGen: 402944K->91114K(465920K)] 1069617K->758052K(1274368K), 0.0163750 secs] [Times: user=0.03 sys=0.00, real=0.02 secs] 
1383.462: [GC (Allocation Failure) [PSYoungGen: 324074K->37777K(465920K)] 991012K->705037K(1274368K), 0.0082883 secs] [Times: user=0.02 sys=0.00, real=0.01 secs] 
1383.811: [GC (Allocation Failure) [PSYoungGen: 270737K->184719K(465920K)] 937997K->853232K(1274368K), 0.0204069 secs] [Times: user=0.03 sys=0.00, real=0.02 secs] 
1384.094: [GC (Allocation Failure) [PSYoungGen: 417679K->184687K(465920K)] 1086192K->853481K(1274368K), 0.0202843 secs] [Times: user=0.03 sys=0.00, real=0.02 secs] 
1385.710: [GC (Allocation Failure) [PSYoungGen: 403139K->91596K(465920K)] 1071933K->760655K(1274368K), 0.0121803 secs] [Times: user=0.02 sys=0.00, real=0.01 secs] 
1386.793: [GC (Allocation Failure) [PSYoungGen: 324556K->38034K(465920K)] 993615K->707407K(1274368K), 0.0067387 secs] [Times: user=0.01 sys=0.00, real=0.01 secs] 
1387.145: [GC (Allocation Failure) [PSYoungGen: 270994K->184687K(465920K)] 940367K->855313K(1274368K), 0.0207588 secs] [Times: user=0.03 sys=0.00, real=0.02 secs] 
1387.430: [GC (Allocation Failure) [PSYoungGen: 417647K->184719K(465920K)] 1088273K->855626K(1274368K), 0.0204699 secs] [Times: user=0.02 sys=0.00, real=0.02 secs] 
1388.432: [GC (Allocation Failure) [PSYoungGen: 403167K->91307K(465920K)] 1074075K->762480K(1274368K), 0.0135486 secs] [Times: user=0.03 sys=0.00, real=0.01 secs] 
1390.400: [GC (Allocation Failure) [PSYoungGen: 324267K->37363K(465920K)] 995440K->708849K(1274368K), 0.0072766 secs] [Times: user=0.02 sys=0.00, real=0.01 secs] 
1390.776: [GC (Allocation Failure) [PSYoungGen: 270323K->183980K(465920K)] 941809K->856727K(1274368K), 0.0203577 secs] [Times: user=0.03 sys=0.00, real=0.02 secs] 
1391.118: [GC (Allocation Failure) [PSYoungGen: 416940K->184655K(465920K)] 1089687K->857676K(1274368K), 0.0202585 secs] [Times: user=0.02 sys=0.00, real=0.02 secs] 
1392.473: [GC (Allocation Failure) [PSYoungGen: 404510K->92769K(465920K)] 1077531K->766063K(1274368K), 0.0173346 secs] [Times: user=0.04 sys=0.00, real=0.02 secs] 
1394.409: [GC (Allocation Failure) [PSYoungGen: 325729K->37745K(465920K)] 999023K->711345K(1274368K), 0.0073884 secs] [Times: user=0.02 sys=0.00, real=0.01 secs] 
1394.715: [GC (Allocation Failure) [PSYoungGen: 270705K->184430K(465920K)] 944305K->859283K(1274368K), 0.0204522 secs] [Times: user=0.03 sys=0.00, real=0.02 secs] 
1394.998: [GC (Allocation Failure) [PSYoungGen: 417390K->184558K(465920K)] 1092243K->859821K(1274368K), 0.0204445 secs] [Times: user=0.03 sys=0.00, real=0.02 secs] 
1396.281: [GC (Allocation Failure) [PSYoungGen: 417518K->108366K(465920K)] 1092781K->783765K(1274368K), 0.0133974 secs] [Times: user=0.03 sys=0.00, real=0.01 secs] 
1398.021: [GC (Allocation Failure) [PSYoungGen: 341326K->50504K(465920K)] 1016725K->726219K(1274368K), 0.0084422 secs] [Times: user=0.02 sys=0.00, real=0.00 secs] 
1398.308: [GC (Allocation Failure) [PSYoungGen: 283464K->184976K(465920K)] 959179K->861945K(1274368K), 0.0204076 secs] [Times: user=0.03 sys=0.00, real=0.02 secs] 
1398.593: [GC (Allocation Failure) [PSYoungGen: 417936K->184141K(465920K)] 1094905K->861519K(1274368K), 0.0201737 secs] [Times: user=0.02 sys=0.00, real=0.02 secs] 
1399.343: [GC (Allocation Failure) [PSYoungGen: 417101K->95561K(465920K)] 1094479K->773084K(1274368K), 0.0103045 secs] [Times: user=0.02 sys=0.00, real=0.01 secs] 
1400.204: [GC (Allocation Failure) [PSYoungGen: 328521K->64189K(465920K)] 1006044K->742021K(1274368K), 0.0081551 secs] [Times: user=0.01 sys=0.00, real=0.01 secs] 
1400.478: [GC (Allocation Failure) [PSYoungGen: 297149K->186518K(465920K)] 974981K->865741K(1274368K), 0.0204660 secs] [Times: user=0.03 sys=0.00, real=0.02 secs] 
1400.819: [GC (Allocation Failure) [PSYoungGen: 419478K->186068K(465920K)] 1098701K->865564K(1274368K), 0.0203811 secs] [Times: user=0.03 sys=0.00, real=0.03 secs] 
1402.163: [GC (Allocation Failure) [PSYoungGen: 419028K->78420K(465920K)] 1098524K->758188K(1274368K), 0.0132652 secs] [Times: user=0.04 sys=0.00, real=0.01 secs] 
1403.454: [GC (Allocation Failure) [PSYoungGen: 311380K->81350K(465920K)] 991148K->761300K(1274368K), 0.0100128 secs] [Times: user=0.02 sys=0.00, real=0.01 secs] 
1403.728: [GC (Allocation Failure) [PSYoungGen: 314310K->185843K(465920K)] 994260K->867047K(1274368K), 0.0204847 secs] [Times: user=0.02 sys=0.00, real=0.02 secs] 
1404.011: [GC (Allocation Failure) [PSYoungGen: 418803K->184430K(465920K)] 1100007K->865914K(1274368K), 0.0204601 secs] [Times: user=0.03 sys=0.00, real=0.02 secs] 
1406.084: [GC (Allocation Failure) [PSYoungGen: 417390K->63543K(465920K)] 1098874K->745293K(1274368K), 0.0141467 secs] [Times: user=0.04 sys=0.00, real=0.01 secs] 
1407.823: [GC (Allocation Failure) [PSYoungGen: 296468K->95163K(465920K)] 978218K->777220K(1274368K), 0.0113174 secs] [Times: user=0.01 sys=0.00, real=0.01 secs] 
1408.096: [GC (Allocation Failure) [PSYoungGen: 328123K->184044K(465920K)] 1010180K->867355K(1274368K), 0.0203098 secs] [Times: user=0.03 sys=0.00, real=0.02 secs] 
1408.437: [GC (Allocation Failure) [PSYoungGen: 417004K->184430K(465920K)] 1100315K->868022K(1274368K), 0.0204334 secs] [Times: user=0.03 sys=0.00, real=0.02 secs] 
1410.870: [GC (Allocation Failure) [PSYoungGen: 417390K->51590K(465920K)] 1100982K->735455K(1274368K), 0.0092954 secs] [Times: user=0.04 sys=0.00, real=0.01 secs] 
1411.943: [GC (Allocation Failure) [PSYoungGen: 284483K->107568K(465920K)] 968348K->791743K(1274368K), 0.0125065 secs] [Times: user=0.02 sys=0.00, real=0.01 secs] 
1412.217: [GC (Allocation Failure) [PSYoungGen: 340528K->184333K(465920K)] 1024703K->869761K(1274368K), 0.0202269 secs] [Times: user=0.03 sys=0.00, real=0.02 secs] 
1412.505: [GC (Allocation Failure) [PSYoungGen: 417293K->184623K(465920K)] 1102721K->870324K(1274368K), 0.0239604 secs] [Times: user=0.03 sys=0.00, real=0.02 secs] 
1414.170: [GC (Allocation Failure) [PSYoungGen: 417583K->38545K(465920K)] 1103284K->724512K(1274368K), 0.0055405 secs] [Times: user=0.03 sys=0.00, real=0.00 secs] 
1415.353: [GC (Allocation Failure) [PSYoungGen: 271505K->120196K(465920K)] 957472K->806478K(1274368K), 0.0137172 secs] [Times: user=0.02 sys=0.00, real=0.01 secs] 
1415.629: [GC (Allocation Failure) [PSYoungGen: 353156K->184462K(465920K)] 1039438K->871997K(1274368K), 0.0202824 secs] [Times: user=0.03 sys=0.00, real=0.02 secs] 
1416.349: [GC (Allocation Failure) [PSYoungGen: 417422K->178685K(465920K)] 1104957K->866614K(1274368K), 0.0426242 secs] [Times: user=0.05 sys=0.01, real=0.05 secs] 
1419.461: [GC (Allocation Failure) [PSYoungGen: 411645K->32864K(465920K)] 1099574K->722108K(1274368K), 0.0044423 secs] [Times: user=0.03 sys=0.00, real=0.00 secs] 
1420.274: [GC (Allocation Failure) [PSYoungGen: 265824K->132534K(465920K)] 955068K->821802K(1274368K), 0.0150865 secs] [Times: user=0.03 sys=0.00, real=0.01 secs] 
1420.605: [GC (Allocation Failure) [PSYoungGen: 365494K->184076K(465920K)] 1054762K->874606K(1274368K), 0.0203888 secs] [Times: user=0.03 sys=0.00, real=0.02 secs] 
1421.467: [GC (Allocation Failure) [PSYoungGen: 417036K->169724K(465920K)] 1107566K->860656K(1274368K), 0.0268724 secs] [Times: user=0.04 sys=0.00, real=0.03 secs] 
1424.741: [GC (Allocation Failure) [PSYoungGen: 402684K->128K(465920K)] 1093616K->692366K(1274368K), 0.0030972 secs] [Times: user=0.01 sys=0.00, real=0.00 secs] 
1425.698: [GC (Allocation Failure) [PSYoungGen: 233088K->146800K(465920K)] 925326K->839055K(1274368K), 0.0164826 secs] [Times: user=0.03 sys=0.00, real=0.02 secs] 
1425.979: [GC (Allocation Failure) [PSYoungGen: 379760K->186132K(465920K)] 1072015K->879641K(1274368K), 0.0204347 secs] [Times: user=0.03 sys=0.00, real=0.02 secs] 
1426.446: [GC (Allocation Failure) [PSYoungGen: 419092K->149305K(465920K)] 1112601K->843095K(1274368K), 0.0188570 secs] [Times: user=0.03 sys=0.00, real=0.02 secs] 
1427.911: [GC (Allocation Failure) [PSYoungGen: 382265K->96K(465920K)] 1076055K->695321K(1274368K), 0.0034948 secs] [Times: user=0.01 sys=0.00, real=0.00 secs] 
1428.593: [GC (Allocation Failure) [PSYoungGen: 233056K->162866K(465920K)] 928281K->858107K(1274368K), 0.0180924 secs] [Times: user=0.03 sys=0.00, real=0.02 secs] 
1428.877: [GC (Allocation Failure) [PSYoungGen: 395826K->186261K(465920K)] 1091067K->882756K(1274368K), 0.0205220 secs] [Times: user=0.03 sys=0.00, real=0.02 secs] 
1429.450: [GC (Allocation Failure) [PSYoungGen: 414953K->133128K(465920K)] 1111448K->830024K(1274368K), 0.0290432 secs] [Times: user=0.05 sys=0.00, real=0.03 secs] 
1430.989: [GC (Allocation Failure) [PSYoungGen: 366088K->160K(465920K)] 1062984K->698367K(1274368K), 0.0028849 secs] [Times: user=0.01 sys=0.00, real=0.01 secs] 
1431.520: [GC (Allocation Failure) [PSYoungGen: 233120K->172408K(465920K)] 931327K->870640K(1274368K), 0.0189734 secs] [Times: user=0.03 sys=0.00, real=0.02 secs] 
1431.862: [GC (Allocation Failure) [PSYoungGen: 405368K->184462K(465920K)] 1103600K->883939K(1274368K), 0.0203907 secs] [Times: user=0.03 sys=0.00, real=0.02 secs] 
1432.372: [GC (Allocation Failure) [PSYoungGen: 417422K->141768K(465920K)] 1116899K->841519K(1274368K), 0.0240242 secs] [Times: user=0.05 sys=0.00, real=0.02 secs] 
1433.314: [GC (Allocation Failure) [PSYoungGen: 374728K->1344K(465920K)] 1074479K->701402K(1274368K), 0.0026210 secs] [Times: user=0.01 sys=0.00, real=0.00 secs] 
1433.596: [GC (Allocation Failure) [PSYoungGen: 234304K->186550K(465920K)] 934362K->887862K(1274368K), 0.0205895 secs] [Times: user=0.03 sys=0.00, real=0.02 secs] 
1433.880: [GC (Allocation Failure) [PSYoungGen: 419510K->186132K(465920K)] 1120822K->887725K(1274368K), 0.0204858 secs] [Times: user=0.03 sys=0.00, real=0.02 secs] 
1434.493: [GC (Allocation Failure) [PSYoungGen: 419092K->124819K(465920K)] 1120685K->826685K(1274368K), 0.0152282 secs] [Times: user=0.03 sys=0.01, real=0.01 secs] 
1435.386: [GC (Allocation Failure) [PSYoungGen: 357779K->19270K(465920K)] 1059645K->721452K(1274368K), 0.0045490 secs] [Times: user=0.01 sys=0.00, real=0.01 secs] 
1435.729: [GC (Allocation Failure) [PSYoungGen: 252230K->185747K(465920K)] 954412K->889182K(1274368K), 0.0206133 secs] [Times: user=0.03 sys=0.00, real=0.03 secs] 
1436.012: [GC (Allocation Failure) [PSYoungGen: 418707K->184398K(465920K)] 1122142K->888114K(1274368K), 0.0203285 secs] [Times: user=0.02 sys=0.00, real=0.02 secs] 
1438.162: [GC (Allocation Failure) [PSYoungGen: 417358K->109396K(465920K)] 1121074K->813506K(1274368K), 0.0306155 secs] [Times: user=0.06 sys=0.00, real=0.03 secs] 
1439.331: [GC (Allocation Failure) [PSYoungGen: 342356K->34375K(465920K)] 1046466K->738662K(1274368K), 0.0074107 secs] [Times: user=0.02 sys=0.00, real=0.00 secs] 
1439.647: [GC (Allocation Failure) [PSYoungGen: 267335K->185747K(465920K)] 971622K->891288K(1274368K), 0.0204250 secs] [Times: user=0.03 sys=0.00, real=0.02 secs] 
1439.981: [GC (Allocation Failure) [PSYoungGen: 418707K->184430K(465920K)] 1124248K->890252K(1274368K), 0.0203561 secs] [Times: user=0.03 sys=0.00, real=0.02 secs] 
1441.050: [GC (Allocation Failure) [PSYoungGen: 406641K->94215K(465920K)] 1112463K->800301K(1274368K), 0.0140516 secs] [Times: user=0.03 sys=0.00, real=0.01 secs] 
1443.217: [GC (Allocation Failure) [PSYoungGen: 327175K->38195K(465920K)] 1033261K->744606K(1274368K), 0.0056221 secs] [Times: user=0.02 sys=0.00, real=0.01 secs] 
1443.494: [GC (Allocation Failure) [PSYoungGen: 271155K->184719K(465920K)] 977566K->892383K(1274368K), 0.0205359 secs] [Times: user=0.03 sys=0.00, real=0.02 secs] 
1443.835: [GC (Allocation Failure) [PSYoungGen: 417679K->184173K(465920K)] 1125343K->892118K(1274368K), 0.0204185 secs] [Times: user=0.03 sys=0.00, real=0.02 secs] 
1444.852: [GC (Allocation Failure) [PSYoungGen: 403108K->91773K(465920K)] 1111054K->799983K(1274368K), 0.0135545 secs] [Times: user=0.03 sys=0.01, real=0.01 secs] 
1446.378: [GC (Allocation Failure) [PSYoungGen: 324733K->37877K(465920K)] 1032943K->746393K(1274368K), 0.0075102 secs] [Times: user=0.02 sys=0.00, real=0.01 secs] 
1446.679: [GC (Allocation Failure) [PSYoungGen: 270837K->184687K(465920K)] 979353K->894456K(1274368K), 0.0203469 secs] [Times: user=0.03 sys=0.00, real=0.02 secs] 
1446.967: [GC (Allocation Failure) [PSYoungGen: 417647K->184655K(465920K)] 1127416K->894826K(1274368K), 0.0203717 secs] [Times: user=0.03 sys=0.00, real=0.02 secs] 
1447.962: [GC (Allocation Failure) [PSYoungGen: 403004K->91484K(465920K)] 1113175K->801936K(1274368K), 0.0120700 secs] [Times: user=0.02 sys=0.00, real=0.01 secs] 
1449.664: [GC (Allocation Failure) [PSYoungGen: 324444K->37424K(465920K)] 1034896K->748053K(1274368K), 0.0068477 secs] [Times: user=0.02 sys=0.00, real=0.01 secs] 
1449.947: [GC (Allocation Failure) [PSYoungGen: 270384K->183530K(465920K)] 981013K->895413K(1274368K), 0.0202840 secs] [Times: user=0.03 sys=0.00, real=0.02 secs] 
1450.231: [GC (Allocation Failure) [PSYoungGen: 416490K->184687K(465920K)] 1128373K->896843K(1274368K), 0.0204381 secs] [Times: user=0.02 sys=0.00, real=0.02 secs] 
1450.968: [GC (Allocation Failure) [PSYoungGen: 405806K->93154K(465920K)] 1117962K->805576K(1274368K), 0.0119218 secs] [Times: user=0.02 sys=0.00, real=0.02 secs] 
1452.577: [GC (Allocation Failure) [PSYoungGen: 326114K->37777K(465920K)] 1038536K->750372K(1274368K), 0.0082037 secs] [Times: user=0.02 sys=0.00, real=0.01 secs] 
1452.890: [GC (Allocation Failure) [PSYoungGen: 270737K->184622K(465920K)] 983332K->898599K(1274368K), 0.0204444 secs] [Times: user=0.03 sys=0.00, real=0.02 secs] 
1453.173: [GC (Allocation Failure) [PSYoungGen: 417582K->184398K(465920K)] 1131559K->898527K(1274368K), 0.0203654 secs] [Times: user=0.03 sys=0.00, real=0.02 secs] 
1454.899: [GC (Allocation Failure) [PSYoungGen: 405352K->91982K(465920K)] 1119481K->806376K(1274368K), 0.0252702 secs] [Times: user=0.05 sys=0.00, real=0.03 secs] 
1456.666: [GC (Allocation Failure) [PSYoungGen: 324942K->38005K(465920K)] 1039336K->752715K(1274368K), 0.0079083 secs] [Times: user=0.02 sys=0.00, real=0.01 secs] 
1456.983: [GC (Allocation Failure) [PSYoungGen: 270965K->184815K(465920K)] 985675K->900779K(1274368K), 0.0204927 secs] [Times: user=0.03 sys=0.00, real=0.02 secs] 
1457.266: [GC (Allocation Failure) [PSYoungGen: 417775K->184687K(465920K)] 1133739K->900931K(1274368K), 0.0203291 secs] [Times: user=0.03 sys=0.00, real=0.02 secs] 
1459.164: [GC (Allocation Failure) [PSYoungGen: 402542K->91226K(465920K)] 1118786K->807736K(1274368K), 0.0132587 secs] [Times: user=0.03 sys=0.00, real=0.01 secs] 
1461.350: [GC (Allocation Failure) [PSYoungGen: 324186K->38037K(465920K)] 1040696K->754852K(1274368K), 0.0078312 secs] [Times: user=0.02 sys=0.00, real=0.00 secs] 
1461.704: [GC (Allocation Failure) [PSYoungGen: 270997K->184462K(465920K)] 987812K->902522K(1274368K), 0.0207515 secs] [Times: user=0.03 sys=0.00, real=0.02 secs] 
1461.990: [GC (Allocation Failure) [PSYoungGen: 417422K->184269K(465920K)] 1135482K->902603K(1274368K), 0.0202574 secs] [Times: user=0.03 sys=0.00, real=0.03 secs] 
1464.148: [GC (Allocation Failure) [PSYoungGen: 405220K->91950K(465920K)] 1123554K->810677K(1274368K), 0.0278714 secs] [Times: user=0.06 sys=0.00, real=0.03 secs] 
1466.154: [GC (Allocation Failure) [PSYoungGen: 324910K->37938K(465920K)] 1043637K->756844K(1274368K), 0.0056151 secs] [Times: user=0.01 sys=0.00, real=0.01 secs] 
1466.423: [GC (Allocation Failure) [PSYoungGen: 270898K->184205K(465920K)] 989804K->904365K(1274368K), 0.0203612 secs] [Times: user=0.03 sys=0.00, real=0.02 secs] 
1466.706: [GC (Allocation Failure) [PSYoungGen: 417165K->184558K(465920K)] 1137325K->905128K(1274368K), 0.0205438 secs] [Times: user=0.03 sys=0.00, real=0.02 secs] 
1468.439: [GC (Allocation Failure) [PSYoungGen: 405637K->92126K(465920K)] 1126207K->812832K(1274368K), 0.0221176 secs] [Times: user=0.05 sys=0.00, real=0.03 secs] 
1469.870: [GC (Allocation Failure) [PSYoungGen: 325086K->38037K(465920K)] 1045792K->759049K(1274368K), 0.0068086 secs] [Times: user=0.01 sys=0.00, real=0.00 secs] 
1470.151: [GC (Allocation Failure) [PSYoungGen: 270997K->184365K(465920K)] 992009K->906631K(1274368K), 0.0202838 secs] [Times: user=0.03 sys=0.00, real=0.02 secs] 
1470.434: [GC (Allocation Failure) [PSYoungGen: 417325K->184558K(465920K)] 1139591K->907233K(1274368K), 0.0205736 secs] [Times: user=0.02 sys=0.00, real=0.02 secs] 
1472.527: [GC (Allocation Failure) [PSYoungGen: 402941K->91837K(465920K)] 1125617K->814649K(1274368K), 0.0251769 secs] [Times: user=0.05 sys=0.00, real=0.03 secs] 
1474.625: [GC (Allocation Failure) [PSYoungGen: 324797K->37906K(465920K)] 1047609K->761025K(1274368K), 0.0068631 secs] [Times: user=0.02 sys=0.00, real=0.01 secs] 
1474.976: [GC (Allocation Failure) [PSYoungGen: 270866K->184430K(465920K)] 993985K->908803K(1274368K), 0.0206832 secs] [Times: user=0.02 sys=0.00, real=0.02 secs] 
1475.259: [GC (Allocation Failure) [PSYoungGen: 417390K->184558K(465920K)] 1141763K->909204K(1274368K), 0.0204484 secs] [Times: user=0.03 sys=0.00, real=0.03 secs] 
1476.382: [GC (Allocation Failure) [PSYoungGen: 403005K->91837K(465920K)] 1127651K->816748K(1274368K), 0.0134839 secs] [Times: user=0.03 sys=0.00, real=0.01 secs] 
1477.200: [GC (Allocation Failure) [PSYoungGen: 324797K->38066K(465920K)] 1049708K->763291K(1274368K), 0.0056246 secs] [Times: user=0.02 sys=0.00, real=0.01 secs] 
1477.468: [GC (Allocation Failure) [PSYoungGen: 271026K->184430K(465920K)] 996251K->910908K(1274368K), 0.0203674 secs] [Times: user=0.02 sys=0.00, real=0.02 secs] 
1477.753: [GC (Allocation Failure) [PSYoungGen: 417390K->184333K(465920K)] 1143868K->911093K(1274368K), 0.0208197 secs] [Times: user=0.03 sys=0.01, real=0.02 secs] 
1479.350: [GC (Allocation Failure) [PSYoungGen: 405281K->92030K(465920K)] 1132040K->819183K(1274368K), 0.0153576 secs] [Times: user=0.03 sys=0.00, real=0.02 secs] 
1480.182: [GC (Allocation Failure) [PSYoungGen: 324990K->38066K(465920K)] 1052143K->765407K(1274368K), 0.0056593 secs] [Times: user=0.02 sys=0.00, real=0.00 secs] 
1480.451: [GC (Allocation Failure) [PSYoungGen: 271026K->184173K(465920K)] 998367K->912766K(1274368K), 0.0203744 secs] [Times: user=0.02 sys=0.00, real=0.02 secs] 
1480.741: [GC (Allocation Failure) [PSYoungGen: 417133K->184944K(465920K)] 1145726K->913811K(1274368K), 0.0202773 secs] [Times: user=0.03 sys=0.00, real=0.02 secs] 
1481.830: [GC (Allocation Failure) [PSYoungGen: 403761K->91596K(465920K)] 1132628K->820728K(1274368K), 0.0190194 secs] [Times: user=0.04 sys=0.00, real=0.01 secs] 
1482.803: [GC (Allocation Failure) [PSYoungGen: 324556K->38195K(465920K)] 1053688K->767645K(1274368K), 0.0057099 secs] [Times: user=0.02 sys=0.00, real=0.00 secs] 
1483.072: [GC (Allocation Failure) [PSYoungGen: 271155K->184590K(465920K)] 1000605K->915293K(1274368K), 0.0204208 secs] [Times: user=0.03 sys=0.00, real=0.02 secs] 
1483.413: [GC (Allocation Failure) [PSYoungGen: 417550K->184333K(465920K)] 1148253K->915317K(1274368K), 0.0204285 secs] [Times: user=0.03 sys=0.00, real=0.02 secs] 
1484.026: [GC (Allocation Failure) [PSYoungGen: 402808K->91741K(465920K)] 1133793K->822990K(1274368K), 0.0122025 secs] [Times: user=0.03 sys=0.00, real=0.01 secs] 
1485.425: [GC (Allocation Failure) [PSYoungGen: 324701K->37748K(465920K)] 1055950K->769307K(1274368K), 0.0067975 secs] [Times: user=0.02 sys=0.00, real=0.01 secs] 
1485.710: [GC (Allocation Failure) [PSYoungGen: 270708K->184815K(465920K)] 1002267K->917628K(1274368K), 0.0204397 secs] [Times: user=0.03 sys=0.00, real=0.03 secs] 
1485.991: [GC (Allocation Failure) [PSYoungGen: 417775K->183787K(465920K)] 1150588K->916881K(1274368K), 0.0203674 secs] [Times: user=0.03 sys=0.00, real=0.02 secs] 
1486.578: [GC (Allocation Failure) [PSYoungGen: 405227K->92351K(465920K)] 1138321K->825710K(1274368K), 0.0100159 secs] [Times: user=0.02 sys=0.00, real=0.01 secs] 
1487.369: [GC (Allocation Failure) [PSYoungGen: 325311K->37809K(465920K)] 1058670K->771474K(1274368K), 0.0055898 secs] [Times: user=0.02 sys=0.00, real=0.01 secs] 
1487.639: [GC (Allocation Failure) [PSYoungGen: 270769K->184719K(465920K)] 1004434K->919637K(1274368K), 0.0205287 secs] [Times: user=0.03 sys=0.00, real=0.02 secs] 
1487.929: [GC (Allocation Failure) [PSYoungGen: 417679K->184719K(465920K)] 1152597K->920046K(1274368K), 0.0204218 secs] [Times: user=0.03 sys=0.00, real=0.02 secs] 
1490.108: [GC (Allocation Failure) [PSYoungGen: 403358K->91580K(465920K)] 1138686K->827173K(1274368K), 0.0148313 secs] [Times: user=0.04 sys=0.00, real=0.02 secs] 
1491.722: [GC (Allocation Failure) [PSYoungGen: 324540K->37845K(465920K)] 1060133K->773615K(1274368K), 0.0069019 secs] [Times: user=0.02 sys=0.00, real=0.00 secs] 
1492.007: [GC (Allocation Failure) [PSYoungGen: 270805K->184687K(465920K)] 1006575K->921710K(1274368K), 0.0204778 secs] [Times: user=0.03 sys=0.00, real=0.02 secs] 
1492.290: [GC (Allocation Failure) [PSYoungGen: 417647K->184655K(465920K)] 1154670K->921959K(1274368K), 0.0204117 secs] [Times: user=0.02 sys=0.00, real=0.02 secs] 
1492.917: [GC (Allocation Failure) [PSYoungGen: 403095K->91452K(465920K)] 1140399K->829021K(1274368K), 0.0111006 secs] [Times: user=0.02 sys=0.00, real=0.01 secs] 
1493.711: [GC (Allocation Failure) [PSYoungGen: 324412K->37938K(465920K)] 1061981K->775811K(1274368K), 0.0056600 secs] [Times: user=0.02 sys=0.00, real=0.00 secs] 
1494.035: [GC (Allocation Failure) [PSYoungGen: 270898K->184751K(465920K)] 1008771K->923878K(1274368K), 0.0206239 secs] [Times: user=0.03 sys=0.00, real=0.02 secs] 
1494.318: [GC (Allocation Failure) [PSYoungGen: 417711K->184655K(465920K)] 1156838K->924063K(1274368K), 0.0205108 secs] [Times: user=0.03 sys=0.00, real=0.02 secs] 
1495.437: [GC (Allocation Failure) [PSYoungGen: 403096K->91452K(465920K)] 1142504K->831125K(1274368K), 0.0128860 secs] [Times: user=0.02 sys=0.00, real=0.01 secs] 
1496.410: [GC (Allocation Failure) [PSYoungGen: 324412K->38037K(465920K)] 1064085K->778018K(1274368K), 0.0056112 secs] [Times: user=0.02 sys=0.00, real=0.01 secs] 
1496.737: [GC (Allocation Failure) [PSYoungGen: 270997K->184687K(465920K)] 1010978K->926050K(1274368K), 0.0203459 secs] [Times: user=0.03 sys=0.00, real=0.02 secs] 
1497.074: [GC (Allocation Failure) [PSYoungGen: 417647K->184687K(465920K)] 1159010K->926194K(1274368K), 0.0202432 secs] [Times: user=0.03 sys=0.00, real=0.02 secs] 
1498.170: [GC (Allocation Failure) [PSYoungGen: 403134K->91355K(465920K)] 1144642K->833128K(1274368K), 0.0138412 secs] [Times: user=0.03 sys=0.00, real=0.02 secs] 
1499.719: [GC (Allocation Failure) [PSYoungGen: 324315K->37681K(465920K)] 1066088K->779769K(1274368K), 0.0067904 secs] [Times: user=0.02 sys=0.00, real=0.01 secs] 
1499.997: [GC (Allocation Failure) [PSYoungGen: 270641K->183916K(465920K)] 1012729K->927258K(1274368K), 0.0204115 secs] [Times: user=0.03 sys=0.00, real=0.02 secs] 
1500.280: [GC (Allocation Failure) [PSYoungGen: 416876K->184462K(465920K)] 1160218K->928085K(1274368K), 0.0202706 secs] [Times: user=0.03 sys=0.00, real=0.02 secs] 
1502.017: [GC (Allocation Failure) [PSYoungGen: 405571K->92737K(465920K)] 1149194K->836625K(1274368K), 0.0175822 secs] [Times: user=0.03 sys=0.01, real=0.02 secs] 
1504.068: [GC (Allocation Failure) [PSYoungGen: 325697K->37748K(465920K)] 1069585K->781946K(1274368K), 0.0076718 secs] [Times: user=0.01 sys=0.00, real=0.01 secs] 
1504.440: [GC (Allocation Failure) [PSYoungGen: 270708K->184076K(465920K)] 1014906K->929520K(1274368K), 0.0203840 secs] [Times: user=0.03 sys=0.00, real=0.02 secs] 
1504.727: [GC (Allocation Failure) [PSYoungGen: 417036K->184526K(465920K)] 1162480K->930243K(1274368K), 0.0228248 secs] [Times: user=0.03 sys=0.00, real=0.03 secs] 
1505.422: [GC (Allocation Failure) [PSYoungGen: 405620K->92383K(465920K)] 1151337K->838365K(1274368K), 0.0126813 secs] [Times: user=0.03 sys=0.00, real=0.01 secs] 
1506.497: [GC (Allocation Failure) [PSYoungGen: 325343K->38034K(465920K)] 1071325K->784330K(1274368K), 0.0071769 secs] [Times: user=0.02 sys=0.00, real=0.01 secs] 
1506.791: [GC (Allocation Failure) [PSYoungGen: 270994K->184301K(465920K)] 1017290K->931850K(1274368K), 0.0205281 secs] [Times: user=0.03 sys=0.00, real=0.02 secs] 
1507.073: [GC (Allocation Failure) [PSYoungGen: 417261K->183690K(465920K)] 1164810K->931512K(1274368K), 0.0202042 secs] [Times: user=0.03 sys=0.00, real=0.02 secs] 
1507.727: [GC (Allocation Failure) [PSYoungGen: 404570K->92769K(465920K)] 1152392K->840856K(1274368K), 0.0101211 secs] [Times: user=0.02 sys=0.00, real=0.01 secs] 
1508.635: [GC (Allocation Failure) [PSYoungGen: 325729K->38037K(465920K)] 1073816K->786424K(1274368K), 0.0057483 secs] [Times: user=0.01 sys=0.00, real=0.01 secs] 
1508.902: [GC (Allocation Failure) [PSYoungGen: 270997K->184076K(465920K)] 1019384K->933716K(1274368K), 0.0204406 secs] [Times: user=0.03 sys=0.00, real=0.02 secs] 
1509.185: [GC (Allocation Failure) [PSYoungGen: 417036K->184944K(465920K)] 1166676K->934865K(1274368K), 0.0204448 secs] [Times: user=0.03 sys=0.00, real=0.02 secs] 
1509.928: [GC (Allocation Failure) [PSYoungGen: 403886K->91773K(465920K)] 1153808K->842095K(1274368K), 0.0123928 secs] [Times: user=0.02 sys=0.00, real=0.02 secs] 
1511.051: [GC (Allocation Failure) [PSYoungGen: 324733K->38002K(465920K)] 1075055K->788507K(1274368K), 0.0073850 secs] [Times: user=0.02 sys=0.00, real=0.00 secs] 
1511.342: [GC (Allocation Failure) [PSYoungGen: 270962K->184558K(465920K)] 1021467K->936316K(1274368K), 0.0206191 secs] [Times: user=0.03 sys=0.00, real=0.02 secs] 
1511.628: [GC (Allocation Failure) [PSYoungGen: 417518K->184301K(465920K)] 1169276K->936340K(1274368K), 0.0204383 secs] [Times: user=0.02 sys=0.00, real=0.02 secs] 
1512.614: [GC (Allocation Failure) [PSYoungGen: 402517K->91837K(465920K)] 1154556K->844149K(1274368K), 0.0128121 secs] [Times: user=0.02 sys=0.00, real=0.01 secs] 
1513.409: [GC (Allocation Failure) [PSYoungGen: 324797K->38037K(465920K)] 1077109K->790660K(1274368K), 0.0056728 secs] [Times: user=0.01 sys=0.00, real=0.01 secs] 
1513.737: [GC (Allocation Failure) [PSYoungGen: 270997K->184430K(465920K)] 1023620K->938306K(1274368K), 0.0206653 secs] [Times: user=0.03 sys=0.00, real=0.02 secs] 
1514.019: [GC (Allocation Failure) [PSYoungGen: 417390K->184269K(465920K)] 1171266K->938419K(1274368K), 0.0204505 secs] [Times: user=0.03 sys=0.00, real=0.02 secs] 
1515.659: [GC (Allocation Failure) [PSYoungGen: 405334K->91998K(465920K)] 1159484K->846412K(1274368K), 0.0264155 secs] [Times: user=0.05 sys=0.00, real=0.03 secs] 
1517.223: [GC (Allocation Failure) [PSYoungGen: 324958K->38005K(465920K)] 1079372K->792719K(1274368K), 0.0057837 secs] [Times: user=0.02 sys=0.00, real=0.00 secs] 
1517.491: [GC (Allocation Failure) [PSYoungGen: 270965K->184301K(465920K)] 1025679K->940269K(1274368K), 0.0204100 secs] [Times: user=0.03 sys=0.00, real=0.02 secs] 
1517.775: [GC (Allocation Failure) [PSYoungGen: 417261K->184655K(465920K)] 1173229K->940904K(1274368K), 0.0205899 secs] [Times: user=0.03 sys=0.00, real=0.02 secs] 
1519.101: [GC (Allocation Failure) [PSYoungGen: 403368K->91741K(465920K)] 1159616K->848263K(1274368K), 0.0131712 secs] [Times: user=0.03 sys=0.00, real=0.01 secs] 
1521.179: [GC (Allocation Failure) [PSYoungGen: 324701K->37523K(465920K)] 1081223K->794353K(1274368K), 0.0075273 secs] [Times: user=0.02 sys=0.00, real=0.01 secs] 
1521.479: [GC (Allocation Failure) [PSYoungGen: 270483K->183787K(465920K)] 1027313K->941870K(1274368K), 0.0204326 secs] [Times: user=0.03 sys=0.00, real=0.03 secs] 
1521.767: [GC (Allocation Failure) [PSYoungGen: 416747K->184430K(465920K)] 1174830K->942794K(1274368K), 0.0204685 secs] [Times: user=0.03 sys=0.00, real=0.02 secs] 
1523.007: [GC (Allocation Failure) [PSYoungGen: 405629K->93026K(465920K)] 1163993K->851655K(1274368K), 0.0140177 secs] [Times: user=0.03 sys=0.00, real=0.02 secs] 
1525.307: [GC (Allocation Failure) [PSYoungGen: 325986K->37331K(465920K)] 1084615K->796266K(1274368K), 0.0086157 secs] [Times: user=0.03 sys=0.00, real=0.01 secs] 
1525.688: [GC (Allocation Failure) [PSYoungGen: 270291K->184751K(465920K)] 1029226K->945068K(1274368K), 0.0204390 secs] [Times: user=0.03 sys=0.00, real=0.02 secs] 
1525.976: [GC (Allocation Failure) [PSYoungGen: 417711K->184719K(465920K)] 1178028K->945317K(1274368K), 0.0205317 secs] [Times: user=0.03 sys=0.00, real=0.02 secs] 
1527.097: [GC (Allocation Failure) [PSYoungGen: 417679K->108414K(465920K)] 1178277K->869156K(1274368K), 0.0181368 secs] [Times: user=0.05 sys=0.00, real=0.02 secs] 
1529.011: [GC (Allocation Failure) [PSYoungGen: 341374K->50986K(465920K)] 1102116K->812047K(1274368K), 0.0080992 secs] [Times: user=0.02 sys=0.00, real=0.00 secs] 
1529.290: [GC (Allocation Failure) [PSYoungGen: 283946K->186486K(465920K)] 1045007K->948800K(1274368K), 0.0208166 secs] [Times: user=0.03 sys=0.00, real=0.02 secs] 
1529.576: [GC (Allocation Failure) [PSYoungGen: 419446K->186100K(465920K)] 1181760K->948696K(1274368K), 0.0205315 secs] [Times: user=0.03 sys=0.00, real=0.02 secs] 
1531.069: [GC (Allocation Failure) [PSYoungGen: 419060K->91561K(465920K)] 1181656K->854429K(1274368K), 0.0154876 secs] [Times: user=0.04 sys=0.00, real=0.02 secs] 
1533.176: [GC (Allocation Failure) [PSYoungGen: 324521K->68623K(465920K)] 1087389K->831789K(1274368K), 0.0105738 secs] [Times: user=0.02 sys=0.00, real=0.01 secs] 
1533.461: [GC (Allocation Failure) [PSYoungGen: 301583K->185715K(465920K)] 1064749K->950126K(1274368K), 0.0206048 secs] [Times: user=0.03 sys=0.00, real=0.02 secs] 
1533.748: [GC (Allocation Failure) [PSYoungGen: 418675K->184430K(465920K)] 1183086K->949122K(1274368K), 0.0204393 secs] [Times: user=0.03 sys=0.00, real=0.02 secs] 
1534.630: [GC (Allocation Failure) [PSYoungGen: 417390K->76363K(465920K)] 1182082K->841457K(1274368K), 0.0094813 secs] [Times: user=0.03 sys=0.00, real=0.00 secs] 
1535.837: [GC (Allocation Failure) [PSYoungGen: 309323K->83564K(465920K)] 1074417K->848847K(1274368K), 0.0118184 secs] [Times: user=0.02 sys=0.00, real=0.01 secs] 
1536.116: [GC (Allocation Failure) [PSYoungGen: 316524K->186004K(465920K)] 1081807K->952533K(1274368K), 0.0206022 secs] [Times: user=0.03 sys=0.00, real=0.02 secs] 
1536.399: [GC (Allocation Failure) [PSYoungGen: 418964K->184494K(465920K)] 1185493K->951304K(1274368K), 0.0203966 secs] [Times: user=0.03 sys=0.00, real=0.02 secs] 
1540.800: [GC (Allocation Failure) [PSYoungGen: 417454K->61085K(465920K)] 1184264K->828160K(1274368K), 0.0096982 secs] [Times: user=0.04 sys=0.00, real=0.01 secs] 
1543.043: [GC (Allocation Failure) [PSYoungGen: 294045K->99503K(465920K)] 1061120K->866902K(1274368K), 0.0121051 secs] [Times: user=0.02 sys=0.00, real=0.01 secs] 
1543.323: [GC (Allocation Failure) [PSYoungGen: 332463K->186132K(465920K)] 1099862K->954785K(1274368K), 0.0206435 secs] [Times: user=0.02 sys=0.00, real=0.02 secs] 
1543.629: [GC (Allocation Failure) [PSYoungGen: 419092K->185972K(465920K)] 1187745K->954905K(1274368K), 0.0237501 secs] [Times: user=0.03 sys=0.00, real=0.03 secs] 
1545.638: [GC (Allocation Failure) [PSYoungGen: 418932K->43590K(465920K)] 1187865K->812788K(1274368K), 0.0057758 secs] [Times: user=0.02 sys=0.00, real=0.01 secs] 
1546.287: [GC (Allocation Failure) [PSYoungGen: 276550K->116340K(465920K)] 1045748K->885862K(1274368K), 0.0135136 secs] [Times: user=0.02 sys=0.00, real=0.02 secs] 
1546.565: [GC (Allocation Failure) [PSYoungGen: 349300K->185972K(465920K)] 1118822K->956748K(1274368K), 0.0205863 secs] [Times: user=0.02 sys=0.00, real=0.02 secs] 
1546.967: [GC (Allocation Failure) [PSYoungGen: 418932K->180982K(465920K)] 1189708K->952031K(1274368K), 0.0227979 secs] [Times: user=0.03 sys=0.00, real=0.02 secs] 
1549.130: [GC (Allocation Failure) [PSYoungGen: 413942K->32864K(465920K)] 1184991K->805366K(1274368K), 0.0044139 secs] [Times: user=0.03 sys=0.00, real=0.01 secs] 
1549.961: [GC (Allocation Failure) [PSYoungGen: 265824K->130221K(465920K)] 1038326K->902747K(1274368K), 0.0149165 secs] [Times: user=0.02 sys=0.01, real=0.01 secs] 
1550.297: [GC (Allocation Failure) [PSYoungGen: 363181K->186261K(465920K)] 1135707K->960049K(1274368K), 0.0208039 secs] [Times: user=0.03 sys=0.00, real=0.02 secs] 
1550.753: [GC (Allocation Failure) [PSYoungGen: 419221K->169885K(465920K)] 1193009K->943946K(1274368K), 0.0244370 secs] [Times: user=0.04 sys=0.00, real=0.02 secs] 
1552.330: [GC (Allocation Failure) [PSYoungGen: 402845K->96K(465920K)] 1176906K->775600K(1274368K), 0.0039233 secs] [Times: user=0.01 sys=0.00, real=0.01 secs] 
1553.008: [GC (Allocation Failure) [PSYoungGen: 233056K->146286K(465920K)] 1008560K->921807K(1274368K), 0.0169278 secs] [Times: user=0.03 sys=0.00, real=0.02 secs] 
1553.328: [GC (Allocation Failure) [PSYoungGen: 379246K->186261K(465920K)] 1154767K->963035K(1274368K), 0.0208353 secs] [Times: user=0.03 sys=0.00, real=0.02 secs] 
1553.801: [GC (Allocation Failure) [PSYoungGen: 419221K->149723K(465920K)] 1195995K->926763K(1274368K), 0.0186520 secs] [Times: user=0.03 sys=0.00, real=0.01 secs] 
1554.721: [GC (Allocation Failure) [PSYoungGen: 382683K->96K(465920K)] 1159723K->778571K(1274368K), 0.0028003 secs] [Times: user=0.01 sys=0.00, real=0.00 secs] 
1555.258: [GC (Allocation Failure) [PSYoungGen: 233056K->163605K(465920K)] 1011531K->942104K(1274368K), 0.0193293 secs] [Times: user=0.03 sys=0.00, real=0.02 secs] 
1555.616: [GC (Allocation Failure) [PSYoungGen: 396565K->185843K(465920K)] 1175064K->965596K(1274368K), 0.0208078 secs] [Times: user=0.03 sys=0.00, real=0.02 secs] 
1556.610: [GC (Allocation Failure) [PSYoungGen: 412203K->132742K(465920K)] 1191955K->912768K(1274368K), 0.0245741 secs] [Times: user=0.04 sys=0.00, real=0.03 secs] 
1557.969: [GC (Allocation Failure) [PSYoungGen: 365702K->96K(465920K)] 1145728K->781567K(1274368K), 0.0029842 secs] [Times: user=0.01 sys=0.00, real=0.01 secs] 
1558.316: [GC (Allocation Failure) [PSYoungGen: 233056K->172730K(465920K)] 1014527K->954209K(1274368K), 0.0192146 secs] [Times: user=0.02 sys=0.00, real=0.02 secs] 
1558.598: [GC (Allocation Failure) [PSYoungGen: 405690K->184430K(465920K)] 1187169K->967163K(1274368K), 0.0204293 secs] [Times: user=0.03 sys=0.00, real=0.02 secs] 
1559.083: [GC (Allocation Failure) [PSYoungGen: 417390K->141399K(465920K)] 1200123K->924413K(1274368K), 0.0151276 secs] [Times: user=0.03 sys=0.00, real=0.01 secs] 
1559.999: [GC (Allocation Failure) [PSYoungGen: 374359K->1408K(465920K)] 1157373K->784730K(1274368K), 0.0020698 secs] [Times: user=0.01 sys=0.00, real=0.01 secs] 
1560.264: [GC (Allocation Failure) [PSYoungGen: 234368K->183690K(465920K)] 1017690K->968266K(1274368K), 0.0204458 secs] [Times: user=0.03 sys=0.00, real=0.02 secs] 
1560.547: [GC (Allocation Failure) [PSYoungGen: 416650K->184398K(465920K)] 1201226K->969254K(1274368K), 0.0205231 secs] [Times: user=0.03 sys=0.00, real=0.02 secs] 
1562.517: [GC (Allocation Failure) [PSYoungGen: 417358K->129285K(465920K)] 1202214K->914415K(1274368K), 0.0280020 secs] [Times: user=0.05 sys=0.00, real=0.03 secs] 
1564.268: [GC (Allocation Failure) [PSYoungGen: 362245K->13583K(465920K)] 1147375K->799014K(1274368K), 0.0044599 secs] [Times: user=0.01 sys=0.00, real=0.01 secs] 
1564.552: [GC (Allocation Failure) [PSYoungGen: 246543K->186197K(465920K)] 1031974K->972882K(1274368K), 0.0207567 secs] [Times: user=0.03 sys=0.00, real=0.02 secs] 
1564.840: [GC (Allocation Failure) [PSYoungGen: 419157K->184687K(465920K)] 1205842K->971653K(1274368K), 0.0203816 secs] [Times: user=0.03 sys=0.00, real=0.02 secs] 
1567.173: [GC (Allocation Failure) [PSYoungGen: 417647K->114280K(465920K)] 1204613K->901519K(1274368K), 0.0236297 secs] [Times: user=0.04 sys=0.00, real=0.02 secs] 
1568.413: [GC (Allocation Failure) [PSYoungGen: 347240K->28655K(465920K)] 1134479K->816210K(1274368K), 0.0059029 secs] [Times: user=0.02 sys=0.00, real=0.00 secs] 
1568.695: [GC (Allocation Failure) [PSYoungGen: 261615K->186100K(465920K)] 1049170K->974909K(1274368K), 0.0207623 secs] [Times: user=0.03 sys=0.00, real=0.02 secs] 
1569.039: [GC (Allocation Failure) [PSYoungGen: 419060K->185940K(465920K)] 1207869K->975029K(1274368K), 0.0208098 secs] [Times: user=0.03 sys=0.00, real=0.03 secs] 
1569.743: [GC (Allocation Failure) [PSYoungGen: 413319K->98054K(465920K)] 1202409K->887409K(1274368K), 0.0137107 secs] [Times: user=0.03 sys=0.00, real=0.01 secs] 
1570.561: [GC (Allocation Failure) [PSYoungGen: 331014K->38166K(465920K)] 1120369K->827838K(1274368K), 0.0057917 secs] [Times: user=0.01 sys=0.00, real=0.00 secs] 
1570.829: [GC (Allocation Failure) [PSYoungGen: 271126K->184044K(465920K)] 1060798K->974970K(1274368K), 0.0205286 secs] [Times: user=0.03 sys=0.00, real=0.02 secs] 
1571.170: [GC (Allocation Failure) [PSYoungGen: 417004K->184044K(465920K)] 1207930K->975251K(1274368K), 0.0205553 secs] [Times: user=0.03 sys=0.00, real=0.02 secs] 
1572.668: [GC (Allocation Failure) [PSYoungGen: 405282K->92496K(465920K)] 1196489K->884096K(1274368K), 0.0224998 secs] [Times: user=0.05 sys=0.00, real=0.03 secs] 
1574.555: [GC (Allocation Failure) [PSYoungGen: 325456K->37748K(465920K)] 1117056K->829524K(1274368K), 0.0076452 secs] [Times: user=0.01 sys=0.00, real=0.01 secs] 
1574.851: [GC (Allocation Failure) [PSYoungGen: 270708K->184687K(465920K)] 1062484K->977716K(1274368K), 0.0203751 secs] [Times: user=0.03 sys=0.00, real=0.02 secs] 
1575.194: [GC (Allocation Failure) [PSYoungGen: 417647K->184687K(465920K)] 1210676K->978126K(1274368K), 0.0205196 secs] [Times: user=0.03 sys=0.00, real=0.02 secs] 
1576.284: [GC (Allocation Failure) [PSYoungGen: 403282K->91612K(465920K)] 1196721K->885316K(1274368K), 0.0137925 secs] [Times: user=0.03 sys=0.00, real=0.01 secs] 
1577.737: [GC (Allocation Failure) [PSYoungGen: 324572K->37652K(465920K)] 1118276K->831543K(1274368K), 0.0057322 secs] [Times: user=0.01 sys=0.00, real=0.01 secs] 
1578.005: [GC (Allocation Failure) [PSYoungGen: 270612K->184687K(465920K)] 1064503K->979832K(1274368K), 0.0205653 secs] [Times: user=0.02 sys=0.00, real=0.02 secs] 
1578.292: [GC (Allocation Failure) [PSYoungGen: 417647K->184687K(465920K)] 1212792K->980113K(1274368K), 0.0205930 secs] [Times: user=0.03 sys=0.00, real=0.02 secs] 
1579.928: [GC (Allocation Failure) [PSYoungGen: 403420K->91741K(465920K)] 1198846K->887440K(1274368K), 0.0138032 secs] [Times: user=0.03 sys=0.00, real=0.02 secs] 
1582.509: [GC (Allocation Failure) [PSYoungGen: 324701K->37363K(465920K)] 1120400K->833374K(1274368K), 0.0079848 secs] [Times: user=0.02 sys=0.00, real=0.01 secs] 
1582.902: [GC (Allocation Failure) [PSYoungGen: 270323K->184687K(465920K)] 1066334K->981951K(1274368K), 0.0204896 secs] [Times: user=0.02 sys=0.00, real=0.02 secs] 
1583.246: [GC (Allocation Failure) [PSYoungGen: 417647K->184430K(465920K)] 1214911K->981967K(1274368K), 0.0208093 secs] [Times: user=0.03 sys=0.00, real=0.02 secs] 
1585.114: [GC (Allocation Failure) [PSYoungGen: 405379K->92271K(465920K)] 1202916K->890073K(1274368K), 0.0275759 secs] [Times: user=0.07 sys=0.00, real=0.03 secs] 
1587.795: [GC (Allocation Failure) [PSYoungGen: 325231K->37906K(465920K)] 1123033K->836024K(1274368K), 0.0084146 secs] [Times: user=0.02 sys=0.00, real=0.01 secs] 
1588.109: [GC (Allocation Failure) [PSYoungGen: 270866K->184719K(465920K)] 1068984K->984091K(1274368K), 0.0208808 secs] [Times: user=0.02 sys=0.00, real=0.03 secs] 
1588.453: [GC (Allocation Failure) [PSYoungGen: 417679K->184462K(465920K)] 1217051K->984115K(1274368K), 0.0205239 secs] [Times: user=0.03 sys=0.00, real=0.02 secs] 
1589.225: [GC (Allocation Failure) [PSYoungGen: 403092K->91709K(465920K)] 1202746K->891627K(1274368K), 0.0125322 secs] [Times: user=0.03 sys=0.00, real=0.01 secs] 
1590.901: [GC (Allocation Failure) [PSYoungGen: 324669K->37713K(465920K)] 1124587K->837947K(1274368K), 0.0095238 secs] [Times: user=0.03 sys=0.00, real=0.01 secs] 
1591.242: [GC (Allocation Failure) [PSYoungGen: 270673K->184687K(465920K)] 1070907K->986303K(1274368K), 0.0206568 secs] [Times: user=0.03 sys=0.00, real=0.02 secs] 
1591.587: [GC (Allocation Failure) [PSYoungGen: 417647K->184623K(465920K)] 1219263K->986391K(1274368K), 0.0204624 secs] [Times: user=0.03 sys=0.00, real=0.02 secs] 
1592.898: [GC (Allocation Failure) [PSYoungGen: 403317K->91709K(465920K)] 1205086K->893742K(1274368K), 0.0163998 secs] [Times: user=0.04 sys=0.00, real=0.02 secs] 
1594.061: [GC (Allocation Failure) [PSYoungGen: 324669K->37877K(465920K)] 1126702K->840210K(1274368K), 0.0096205 secs] [Times: user=0.03 sys=0.00, real=0.01 secs] 
1594.413: [GC (Allocation Failure) [PSYoungGen: 270837K->184687K(465920K)] 1073170K->988402K(1274368K), 0.0206918 secs] [Times: user=0.03 sys=0.00, real=0.02 secs] 
1594.696: [GC (Allocation Failure) [PSYoungGen: 417647K->184655K(465920K)] 1221362K->988523K(1274368K), 0.0204822 secs] [Times: user=0.03 sys=0.00, real=0.02 secs] 
1595.392: [GC (Allocation Failure) [PSYoungGen: 403102K->91467K(465920K)] 1206970K->895608K(1274368K), 0.0123159 secs] [Times: user=0.02 sys=0.00, real=0.01 secs] 
1596.334: [GC (Allocation Failure) [PSYoungGen: 324427K->38195K(465920K)] 1128568K->842650K(1274368K), 0.0057893 secs] [Times: user=0.01 sys=0.00, real=0.00 secs] 
1596.660: [GC (Allocation Failure) [PSYoungGen: 271155K->184751K(465920K)] 1075610K->990587K(1274368K), 0.0206266 secs] [Times: user=0.03 sys=0.00, real=0.02 secs] 
1597.007: [GC (Allocation Failure) [PSYoungGen: 417711K->184687K(465920K)] 1223547K->990668K(1274368K), 0.0231369 secs] [Times: user=0.03 sys=0.00, real=0.03 secs] 
1598.115: [GC (Allocation Failure) [PSYoungGen: 403014K->91226K(465920K)] 1208996K->897473K(1274368K), 0.0172848 secs] [Times: user=0.03 sys=0.00, real=0.02 secs] 
1600.203: [GC (Allocation Failure) [PSYoungGen: 324186K->37938K(465920K)] 1130433K->844500K(1274368K), 0.0078048 secs] [Times: user=0.03 sys=0.00, real=0.01 secs] 
1600.511: [GC (Allocation Failure) [PSYoungGen: 270898K->183948K(465920K)] 1077460K->991763K(1274368K), 0.0203791 secs] [Times: user=0.03 sys=0.00, real=0.02 secs] 
1600.531: [Full GC (Ergonomics) [PSYoungGen: 183948K->0K(465920K)] [ParOldGen: 807815K->493370K(1006592K)] 991763K->493370K(1472512K), [Metaspace: 55855K->55855K(1101824K)], 0.0645494 secs] [Times: user=0.29 sys=0.00, real=0.06 secs] 
1600.859: [GC (Allocation Failure) [PSYoungGen: 232960K->184847K(465920K)] 726330K->678218K(1472512K), 0.0201151 secs] [Times: user=0.02 sys=0.00, real=0.02 secs] 
1602.342: [GC (Allocation Failure) [PSYoungGen: 409820K->92078K(465920K)] 903190K->585874K(1472512K), 0.0164160 secs] [Times: user=0.03 sys=0.00, real=0.01 secs] 
1604.021: [GC (Allocation Failure) [PSYoungGen: 325038K->37845K(465920K)] 818834K->531826K(1472512K), 0.0089717 secs] [Times: user=0.02 sys=0.00, real=0.01 secs] 
1604.373: [GC (Allocation Failure) [PSYoungGen: 270805K->184301K(465920K)] 764786K->679528K(1472512K), 0.0200141 secs] [Times: user=0.02 sys=0.00, real=0.02 secs] 
1604.657: [GC (Allocation Failure) [PSYoungGen: 417261K->184719K(465920K)] 912488K->680226K(1472512K), 0.0201043 secs] [Times: user=0.02 sys=0.00, real=0.02 secs] 
1605.912: [GC (Allocation Failure) [PSYoungGen: 407296K->91901K(465920K)] 902803K->587674K(1472512K), 0.0158708 secs] [Times: user=0.03 sys=0.00, real=0.01 secs] 
1607.515: [GC (Allocation Failure) [PSYoungGen: 324861K->37845K(465920K)] 820634K->533917K(1472512K), 0.0070936 secs] [Times: user=0.02 sys=0.00, real=0.01 secs] 
1607.817: [GC (Allocation Failure) [PSYoungGen: 270805K->183819K(465920K)] 766877K->681137K(1472512K), 0.0200320 secs] [Times: user=0.02 sys=0.00, real=0.02 secs] 
1608.100: [GC (Allocation Failure) [PSYoungGen: 416779K->184269K(465920K)] 914097K->681989K(1472512K), 0.0199933 secs] [Times: user=0.02 sys=0.00, real=0.02 secs] 
1608.772: [GC (Allocation Failure) [PSYoungGen: 408104K->92785K(465920K)] 905824K->590641K(1472512K), 0.0106993 secs] [Times: user=0.02 sys=0.00, real=0.01 secs] 
1609.626: [GC (Allocation Failure) [PSYoungGen: 325745K->38034K(465920K)] 823601K->536199K(1472512K), 0.0053316 secs] [Times: user=0.01 sys=0.00, real=0.01 secs] 
1609.894: [GC (Allocation Failure) [PSYoungGen: 270994K->184944K(465920K)] 769159K->684370K(1472512K), 0.0202262 secs] [Times: user=0.02 sys=0.00, real=0.02 secs] 
1610.176: [GC (Allocation Failure) [PSYoungGen: 417904K->184173K(465920K)] 917330K->683880K(1472512K), 0.0202323 secs] [Times: user=0.03 sys=0.00, real=0.02 secs] 
1610.834: [GC (Allocation Failure) [PSYoungGen: 407016K->91596K(465920K)] 906723K->591568K(1472512K), 0.0117390 secs] [Times: user=0.02 sys=0.00, real=0.01 secs] 
1611.805: [GC (Allocation Failure) [PSYoungGen: 324556K->38134K(465920K)] 824528K->538415K(1472512K), 0.0053934 secs] [Times: user=0.01 sys=0.00, real=0.01 secs] 
1612.073: [GC (Allocation Failure) [PSYoungGen: 271094K->183787K(465920K)] 771375K->685322K(1472512K), 0.0199624 secs] [Times: user=0.03 sys=0.00, real=0.02 secs] 
1612.355: [GC (Allocation Failure) [PSYoungGen: 416747K->184301K(465920K)] 918282K->686118K(1472512K), 0.0200371 secs] [Times: user=0.03 sys=0.00, real=0.02 secs] 
1613.046: [GC (Allocation Failure) [PSYoungGen: 408084K->92464K(465920K)] 909901K->594545K(1472512K), 0.0118792 secs] [Times: user=0.03 sys=0.00, real=0.01 secs] 
1613.946: [GC (Allocation Failure) [PSYoungGen: 325424K->37973K(465920K)] 827505K->540362K(1472512K), 0.0063683 secs] [Times: user=0.01 sys=0.00, real=0.01 secs] 
1614.223: [GC (Allocation Failure) [PSYoungGen: 270933K->184430K(465920K)] 773322K->688064K(1472512K), 0.0200920 secs] [Times: user=0.03 sys=0.00, real=0.02 secs] 
1614.506: [GC (Allocation Failure) [PSYoungGen: 417390K->184558K(465920K)] 921024K->688474K(1472512K), 0.0201425 secs] [Times: user=0.02 sys=0.00, real=0.02 secs] 
1615.760: [GC (Allocation Failure) [PSYoungGen: 407101K->91741K(465920K)] 911017K->595929K(1472512K), 0.0133561 secs] [Times: user=0.03 sys=0.00, real=0.02 secs] 
1617.493: [GC (Allocation Failure) [PSYoungGen: 324701K->37459K(465920K)] 828889K->541964K(1472512K), 0.0066054 secs] [Times: user=0.01 sys=0.00, real=0.00 secs] 
1617.788: [GC (Allocation Failure) [PSYoungGen: 270419K->184687K(465920K)] 774924K->690445K(1472512K), 0.0200862 secs] [Times: user=0.03 sys=0.00, real=0.02 secs] 
1618.077: [GC (Allocation Failure) [PSYoungGen: 417647K->186486K(465920K)] 923405K->692525K(1472512K), 0.0203920 secs] [Times: user=0.02 sys=0.00, real=0.02 secs] 
1619.015: [GC (Allocation Failure) [PSYoungGen: 408525K->90102K(465920K)] 914564K->596406K(1472512K), 0.0109186 secs] [Times: user=0.02 sys=0.00, real=0.01 secs] 
1619.831: [GC (Allocation Failure) [PSYoungGen: 323062K->38163K(465920K)] 829366K->544781K(1472512K), 0.0053512 secs] [Times: user=0.01 sys=0.00, real=0.00 secs] 
1620.153: [GC (Allocation Failure) [PSYoungGen: 271123K->184173K(465920K)] 777741K->692044K(1472512K), 0.0198973 secs] [Times: user=0.02 sys=0.00, real=0.02 secs] 
1620.434: [GC (Allocation Failure) [PSYoungGen: 417133K->184076K(465920K)] 925004K->692229K(1472512K), 0.0199867 secs] [Times: user=0.03 sys=0.00, real=0.02 secs] 
1621.046: [GC (Allocation Failure) [PSYoungGen: 408993K->92383K(465920K)] 917146K->600809K(1472512K), 0.0116619 secs] [Times: user=0.02 sys=0.00, real=0.01 secs] 
1621.895: [GC (Allocation Failure) [PSYoungGen: 325343K->38005K(465920K)] 833769K->546733K(1472512K), 0.0062580 secs] [Times: user=0.01 sys=0.00, real=0.01 secs] 
1622.170: [GC (Allocation Failure) [PSYoungGen: 270965K->184558K(465920K)] 779693K->694532K(1472512K), 0.0200317 secs] [Times: user=0.03 sys=0.00, real=0.02 secs] 
1622.453: [GC (Allocation Failure) [PSYoungGen: 417518K->184719K(465920K)] 927492K->694973K(1472512K), 0.0200133 secs] [Times: user=0.02 sys=0.00, real=0.02 secs] 
1623.150: [GC (Allocation Failure) [PSYoungGen: 407166K->91484K(465920K)] 917420K->602132K(1472512K), 0.0104613 secs] [Times: user=0.02 sys=0.00, real=0.01 secs] 
1624.406: [GC (Allocation Failure) [PSYoungGen: 324444K->37491K(465920K)] 835092K->548313K(1472512K), 0.0088104 secs] [Times: user=0.02 sys=0.00, real=0.01 secs] 
1624.746: [GC (Allocation Failure) [PSYoungGen: 270451K->184687K(465920K)] 781273K->696754K(1472512K), 0.0200779 secs] [Times: user=0.03 sys=0.00, real=0.02 secs] 
1625.092: [GC (Allocation Failure) [PSYoungGen: 417647K->184751K(465920K)] 929714K->697099K(1472512K), 0.0200756 secs] [Times: user=0.03 sys=0.00, real=0.02 secs] 
1625.720: [GC (Allocation Failure) [PSYoungGen: 407310K->91853K(465920K)] 919658K->604466K(1472512K), 0.0119235 secs] [Times: user=0.02 sys=0.00, real=0.02 secs] 
1626.681: [GC (Allocation Failure) [PSYoungGen: 324813K->38005K(465920K)] 837426K->550926K(1472512K), 0.0052972 secs] [Times: user=0.01 sys=0.00, real=0.00 secs] 
1626.949: [GC (Allocation Failure) [PSYoungGen: 270965K->183787K(465920K)] 783886K->697954K(1472512K), 0.0199749 secs] [Times: user=0.03 sys=0.00, real=0.02 secs] 
1627.231: [GC (Allocation Failure) [PSYoungGen: 416747K->184430K(465920K)] 930914K->698869K(1472512K), 0.0200141 secs] [Times: user=0.02 sys=0.00, real=0.02 secs] 
1629.135: [GC (Allocation Failure) [PSYoungGen: 409669K->92544K(465920K)] 924109K->607248K(1472512K), 0.0199007 secs] [Times: user=0.04 sys=0.00, real=0.02 secs] 
1630.854: [GC (Allocation Failure) [PSYoungGen: 325504K->38066K(465920K)] 840208K->553081K(1472512K), 0.0066422 secs] [Times: user=0.02 sys=0.00, real=0.01 secs] 
1631.214: [GC (Allocation Failure) [PSYoungGen: 271026K->184719K(465920K)] 786041K->700995K(1472512K), 0.0204865 secs] [Times: user=0.03 sys=0.00, real=0.02 secs] 
1631.497: [GC (Allocation Failure) [PSYoungGen: 417679K->184655K(465920K)] 933955K->701340K(1472512K), 0.0200852 secs] [Times: user=0.02 sys=0.00, real=0.02 secs] 
1632.173: [GC (Allocation Failure) [PSYoungGen: 407097K->91355K(465920K)] 923782K->608306K(1472512K), 0.0121771 secs] [Times: user=0.02 sys=0.01, real=0.01 secs] 
1633.596: [GC (Allocation Failure) [PSYoungGen: 324315K->37588K(465920K)] 841266K->554709K(1472512K), 0.0074443 secs] [Times: user=0.02 sys=0.00, real=0.01 secs] 
1633.907: [GC (Allocation Failure) [PSYoungGen: 270548K->183916K(465920K)] 787669K->702283K(1472512K), 0.0199262 secs] [Times: user=0.03 sys=0.00, real=0.02 secs] 
1634.189: [GC (Allocation Failure) [PSYoungGen: 416876K->184430K(465920K)] 935243K->703070K(1472512K), 0.0200730 secs] [Times: user=0.02 sys=0.00, real=0.02 secs] 
1635.474: [GC (Allocation Failure) [PSYoungGen: 409632K->92801K(465920K)] 928273K->611714K(1472512K), 0.0241842 secs] [Times: user=0.05 sys=0.00, real=0.02 secs] 
1636.660: [GC (Allocation Failure) [PSYoungGen: 325761K->38005K(465920K)] 844674K->557224K(1472512K), 0.0055610 secs] [Times: user=0.01 sys=0.00, real=0.00 secs] 
1636.988: [GC (Allocation Failure) [PSYoungGen: 270965K->184076K(465920K)] 790184K->704533K(1472512K), 0.0202015 secs] [Times: user=0.03 sys=0.00, real=0.02 secs] 
1637.330: [GC (Allocation Failure) [PSYoungGen: 417036K->184430K(465920K)] 937493K->705296K(1472512K), 0.0201368 secs] [Times: user=0.03 sys=0.00, real=0.02 secs] 
1638.535: [GC (Allocation Failure) [PSYoungGen: 408037K->92255K(465920K)] 928904K->613258K(1472512K), 0.0263305 secs] [Times: user=0.04 sys=0.00, real=0.03 secs] 
1640.047: [GC (Allocation Failure) [PSYoungGen: 325215K->37780K(465920K)] 846218K->559101K(1472512K), 0.0072993 secs] [Times: user=0.01 sys=0.00, real=0.01 secs] 
1640.353: [GC (Allocation Failure) [PSYoungGen: 270740K->184430K(465920K)] 792061K->707004K(1472512K), 0.0200634 secs] [Times: user=0.02 sys=0.00, real=0.02 secs] 
1640.636: [GC (Allocation Failure) [PSYoungGen: 417390K->184558K(465920K)] 939964K->707405K(1472512K), 0.0201457 secs] [Times: user=0.03 sys=0.00, real=0.02 secs] 
1641.796: [GC (Allocation Failure) [PSYoungGen: 407617K->91998K(465920K)] 930464K->615110K(1472512K), 0.0258857 secs] [Times: user=0.05 sys=0.00, real=0.03 secs] 
1643.550: [GC (Allocation Failure) [PSYoungGen: 324958K->37877K(465920K)] 848070K->561287K(1472512K), 0.0083082 secs] [Times: user=0.02 sys=0.00, real=0.00 secs] 
1643.876: [GC (Allocation Failure) [PSYoungGen: 270837K->184430K(465920K)] 794247K->709085K(1472512K), 0.0201923 secs] [Times: user=0.03 sys=0.00, real=0.02 secs] 
1644.160: [GC (Allocation Failure) [PSYoungGen: 417390K->184333K(465920K)] 942045K->709270K(1472512K), 0.0201152 secs] [Times: user=0.03 sys=0.00, real=0.02 secs] 
1645.755: [GC (Allocation Failure) [PSYoungGen: 409376K->92158K(465920K)] 934312K->617496K(1472512K), 0.0156643 secs] [Times: user=0.03 sys=0.00, real=0.02 secs] 
1647.908: [GC (Allocation Failure) [PSYoungGen: 325118K->37874K(465920K)] 850456K->563392K(1472512K), 0.0075634 secs] [Times: user=0.02 sys=0.01, real=0.01 secs] 
1648.224: [GC (Allocation Failure) [PSYoungGen: 270834K->184687K(465920K)] 796352K->711458K(1472512K), 0.0222421 secs] [Times: user=0.03 sys=0.00, real=0.02 secs] 
1648.518: [GC (Allocation Failure) [PSYoungGen: 417647K->184687K(465920K)] 944418K->711739K(1472512K), 0.0202209 secs] [Times: user=0.03 sys=0.00, real=0.02 secs] 
1649.287: [GC (Allocation Failure) [PSYoungGen: 407236K->91516K(465920K)] 934288K->618833K(1472512K), 0.0109937 secs] [Times: user=0.02 sys=0.00, real=0.01 secs] 
1650.122: [GC (Allocation Failure) [PSYoungGen: 324476K->38037K(465920K)] 851793K->565664K(1472512K), 0.0053315 secs] [Times: user=0.01 sys=0.00, real=0.00 secs] 
1650.389: [GC (Allocation Failure) [PSYoungGen: 270997K->183916K(465920K)] 798624K->712788K(1472512K), 0.0199820 secs] [Times: user=0.02 sys=0.00, real=0.02 secs] 
1650.676: [GC (Allocation Failure) [PSYoungGen: 416876K->184462K(465920K)] 945748K->713615K(1472512K), 0.0201170 secs] [Times: user=0.02 sys=0.00, real=0.02 secs] 
1652.532: [GC (Allocation Failure) [PSYoungGen: 409671K->92335K(465920K)] 938825K->621754K(1472512K), 0.0239584 secs] [Times: user=0.05 sys=0.00, real=0.02 secs] 
1654.194: [GC (Allocation Failure) [PSYoungGen: 325295K->38034K(465920K)] 854714K->567745K(1472512K), 0.0068317 secs] [Times: user=0.02 sys=0.00, real=0.01 secs] 
1654.489: [GC (Allocation Failure) [PSYoungGen: 270994K->184173K(465920K)] 800705K->715137K(1472512K), 0.0201074 secs] [Times: user=0.02 sys=0.00, real=0.02 secs] 
1654.772: [GC (Allocation Failure) [PSYoungGen: 417133K->184558K(465920K)] 948097K->715804K(1472512K), 0.0202271 secs] [Times: user=0.03 sys=0.00, real=0.02 secs] 
1657.643: [GC (Allocation Failure) [PSYoungGen: 409715K->92030K(465920K)] 940961K->623548K(1472512K), 0.0165259 secs] [Times: user=0.03 sys=0.00, real=0.01 secs] 
1659.361: [GC (Allocation Failure) [PSYoungGen: 324990K->37874K(465920K)] 856508K->569690K(1472512K), 0.0068522 secs] [Times: user=0.02 sys=0.00, real=0.00 secs] 
1659.652: [GC (Allocation Failure) [PSYoungGen: 270834K->184237K(465920K)] 802650K->717291K(1472512K), 0.0199778 secs] [Times: user=0.03 sys=0.00, real=0.02 secs] 
1659.990: [GC (Allocation Failure) [PSYoungGen: 417197K->184558K(465920K)] 950251K->717909K(1472512K), 0.0201071 secs] [Times: user=0.03 sys=0.00, real=0.02 secs] 
1661.354: [GC (Allocation Failure) [PSYoungGen: 407616K->92126K(465920K)] 940967K->625742K(1472512K), 0.0128678 secs] [Times: user=0.02 sys=0.00, real=0.01 secs] 
1662.173: [GC (Allocation Failure) [PSYoungGen: 325086K->38034K(465920K)] 858702K->571961K(1472512K), 0.0053349 secs] [Times: user=0.01 sys=0.00, real=0.00 secs] 
1662.441: [GC (Allocation Failure) [PSYoungGen: 270994K->184430K(465920K)] 804921K->719593K(1472512K), 0.0203595 secs] [Times: user=0.03 sys=0.00, real=0.02 secs] 
1662.727: [GC (Allocation Failure) [PSYoungGen: 417390K->184301K(465920K)] 952553K->719746K(1472512K), 0.0201383 secs] [Times: user=0.03 sys=0.00, real=0.02 secs] 
1663.728: [GC (Allocation Failure) [PSYoungGen: 409349K->92030K(465920K)] 944794K->627868K(1472512K), 0.0198266 secs] [Times: user=0.04 sys=0.00, real=0.02 secs] 
1664.812: [GC (Allocation Failure) [PSYoungGen: 324990K->38102K(465920K)] 860828K->574114K(1472512K), 0.0066348 secs] [Times: user=0.01 sys=0.00, real=0.00 secs] 
1665.088: [GC (Allocation Failure) [PSYoungGen: 271062K->184687K(465920K)] 807074K->721944K(1472512K), 0.0204121 secs] [Times: user=0.02 sys=0.00, real=0.02 secs] 
1665.371: [GC (Allocation Failure) [PSYoungGen: 417647K->184398K(465920K)] 954904K->721928K(1472512K), 0.0201921 secs] [Times: user=0.03 sys=0.00, real=0.02 secs] 
1666.695: [GC (Allocation Failure) [PSYoungGen: 406863K->91467K(465920K)] 944394K->629263K(1472512K), 0.0146103 secs] [Times: user=0.03 sys=0.00, real=0.02 secs] 
1668.272: [GC (Allocation Failure) [PSYoungGen: 324427K->37748K(465920K)] 862223K->575854K(1472512K), 0.0067192 secs] [Times: user=0.02 sys=0.00, real=0.00 secs] 
1668.556: [GC (Allocation Failure) [PSYoungGen: 270708K->184687K(465920K)] 808814K->724038K(1472512K), 0.0205384 secs] [Times: user=0.03 sys=0.00, real=0.02 secs] 
1668.847: [GC (Allocation Failure) [PSYoungGen: 417647K->184398K(465920K)] 956998K->724030K(1472512K), 0.0202531 secs] [Times: user=0.03 sys=0.00, real=0.02 secs] 
1669.435: [GC (Allocation Failure) [PSYoungGen: 406877K->91853K(465920K)] 946510K->631751K(1472512K), 0.0099868 secs] [Times: user=0.01 sys=0.00, real=0.01 secs] 
1670.662: [GC (Allocation Failure) [PSYoungGen: 324813K->38066K(465920K)] 864711K->578271K(1472512K), 0.0074599 secs] [Times: user=0.01 sys=0.00, real=0.00 secs] 
1670.971: [GC (Allocation Failure) [PSYoungGen: 271026K->184687K(465920K)] 811231K->726274K(1472512K), 0.0201521 secs] [Times: user=0.02 sys=0.00, real=0.02 secs] 
1671.255: [GC (Allocation Failure) [PSYoungGen: 417647K->184655K(465920K)] 959234K->726394K(1472512K), 0.0200697 secs] [Times: user=0.03 sys=0.00, real=0.02 secs] 
1671.873: [GC (Allocation Failure) [PSYoungGen: 407203K->91355K(465920K)] 948943K->633360K(1472512K), 0.0113619 secs] [Times: user=0.02 sys=0.00, real=0.01 secs] 
1672.883: [GC (Allocation Failure) [PSYoungGen: 324315K->37845K(465920K)] 866320K->580165K(1472512K), 0.0080979 secs] [Times: user=0.02 sys=0.00, real=0.01 secs] 
1673.210: [GC (Allocation Failure) [PSYoungGen: 270805K->183916K(465920K)] 813125K->727490K(1472512K), 0.0199321 secs] [Times: user=0.03 sys=0.00, real=0.02 secs] 
1673.495: [GC (Allocation Failure) [PSYoungGen: 416876K->184783K(465920K)] 960450K->728638K(1472512K), 0.0204142 secs] [Times: user=0.03 sys=0.00, real=0.02 secs] 
1675.201: [GC (Allocation Failure) [PSYoungGen: 410107K->92126K(465920K)] 953963K->636375K(1472512K), 0.0120868 secs] [Times: user=0.02 sys=0.00, real=0.01 secs] 
1676.087: [GC (Allocation Failure) [PSYoungGen: 325086K->38034K(465920K)] 869335K->582470K(1472512K), 0.0061564 secs] [Times: user=0.02 sys=0.00, real=0.01 secs] 
1676.363: [GC (Allocation Failure) [PSYoungGen: 270994K->184558K(465920K)] 815430K->730240K(1472512K), 0.0201116 secs] [Times: user=0.02 sys=0.00, real=0.02 secs] 
1676.647: [GC (Allocation Failure) [PSYoungGen: 417518K->184847K(465920K)] 963200K->730810K(1472512K), 0.0202740 secs] [Times: user=0.03 sys=0.00, real=0.02 secs] 
1678.713: [GC (Allocation Failure) [PSYoungGen: 407332K->91355K(465920K)] 953295K->637583K(1472512K), 0.0119135 secs] [Times: user=0.02 sys=0.00, real=0.01 secs] 
1680.065: [GC (Allocation Failure) [PSYoungGen: 324315K->37745K(465920K)] 870543K->584281K(1472512K), 0.0073323 secs] [Times: user=0.02 sys=0.00, real=0.01 secs] 
1680.372: [GC (Allocation Failure) [PSYoungGen: 270705K->183916K(465920K)] 817241K->731713K(1472512K), 0.0203588 secs] [Times: user=0.03 sys=0.00, real=0.02 secs] 
1680.655: [GC (Allocation Failure) [PSYoungGen: 416876K->184398K(465920K)] 964673K->732604K(1472512K), 0.0202359 secs] [Times: user=0.02 sys=0.00, real=0.02 secs] 
1681.648: [GC (Allocation Failure) [PSYoungGen: 409748K->92640K(465920K)] 957955K->640983K(1472512K), 0.0123447 secs] [Times: user=0.02 sys=0.00, real=0.02 secs] 
1683.220: [GC (Allocation Failure) [PSYoungGen: 325600K->38134K(465920K)] 873943K->586790K(1472512K), 0.0055508 secs] [Times: user=0.01 sys=0.00, real=0.00 secs] 
1683.547: [GC (Allocation Failure) [PSYoungGen: 271094K->184430K(465920K)] 819750K->734332K(1472512K), 0.0200052 secs] [Times: user=0.02 sys=0.00, real=0.02 secs] 
1683.885: [GC (Allocation Failure) [PSYoungGen: 417390K->184847K(465920K)] 967292K->735023K(1472512K), 0.0202439 secs] [Times: user=0.02 sys=0.00, real=0.02 secs] 
1684.850: [GC (Allocation Failure) [PSYoungGen: 407252K->91387K(465920K)] 957428K->641827K(1472512K), 0.0119490 secs] [Times: user=0.03 sys=0.00, real=0.01 secs] 
1685.818: [GC (Allocation Failure) [PSYoungGen: 324347K->37877K(465920K)] 874787K->588623K(1472512K), 0.0059528 secs] [Times: user=0.01 sys=0.00, real=0.01 secs] 
1686.087: [GC (Allocation Failure) [PSYoungGen: 270837K->184815K(465920K)] 821583K->736807K(1472512K), 0.0202326 secs] [Times: user=0.03 sys=0.00, real=0.02 secs] 
1686.425: [GC (Allocation Failure) [PSYoungGen: 417775K->184880K(465920K)] 969767K->737153K(1472512K), 0.0202004 secs] [Times: user=0.03 sys=0.00, real=0.02 secs] 
1687.185: [GC (Allocation Failure) [PSYoungGen: 407738K->91098K(465920K)] 960011K->643772K(1472512K), 0.0128061 secs] [Times: user=0.03 sys=0.00, real=0.01 secs] 
1688.922: [GC (Allocation Failure) [PSYoungGen: 324058K->37748K(465920K)] 876732K->590610K(1472512K), 0.0064940 secs] [Times: user=0.02 sys=0.00, real=0.00 secs] 
1689.206: [GC (Allocation Failure) [PSYoungGen: 270708K->184590K(465920K)] 823570K->738705K(1472512K), 0.0202447 secs] [Times: user=0.03 sys=0.00, real=0.02 secs] 
1689.494: [GC (Allocation Failure) [PSYoungGen: 417550K->181602K(465920K)] 971665K->736127K(1472512K), 0.0197792 secs] [Times: user=0.02 sys=0.00, real=0.02 secs] 
1690.241: [GC (Allocation Failure) [PSYoungGen: 408152K->94809K(465920K)] 962677K->649494K(1472512K), 0.0124051 secs] [Times: user=0.02 sys=0.00, real=0.01 secs] 
1691.109: [GC (Allocation Failure) [PSYoungGen: 327769K->38134K(465920K)] 882454K->593004K(1472512K), 0.0054043 secs] [Times: user=0.01 sys=0.00, real=0.01 secs] 
1691.377: [GC (Allocation Failure) [PSYoungGen: 271094K->184430K(465920K)] 825964K->740546K(1472512K), 0.0200267 secs] [Times: user=0.02 sys=0.00, real=0.02 secs] 
1691.664: [GC (Allocation Failure) [PSYoungGen: 417390K->184655K(465920K)] 973506K->741052K(1472512K), 0.0200758 secs] [Times: user=0.02 sys=0.00, real=0.02 secs] 
1693.055: [GC (Allocation Failure) [PSYoungGen: 407096K->91516K(465920K)] 963493K->648178K(1472512K), 0.0131756 secs] [Times: user=0.03 sys=0.00, real=0.01 secs] 
1694.557: [GC (Allocation Failure) [PSYoungGen: 324476K->37620K(465920K)] 881138K->594596K(1472512K), 0.0065239 secs] [Times: user=0.02 sys=0.00, real=0.01 secs] 
1694.838: [GC (Allocation Failure) [PSYoungGen: 270580K->184430K(465920K)] 827556K->742788K(1472512K), 0.0201181 secs] [Times: user=0.03 sys=0.00, real=0.02 secs] 
1695.130: [GC (Allocation Failure) [PSYoungGen: 417390K->184558K(465920K)] 975748K->743069K(1472512K), 0.0201029 secs] [Times: user=0.03 sys=0.00, real=0.02 secs] 
1697.859: [GC (Allocation Failure) [PSYoungGen: 407618K->92158K(465920K)] 966128K->650934K(1472512K), 0.0142968 secs] [Times: user=0.03 sys=0.00, real=0.02 secs] 
1698.798: [GC (Allocation Failure) [PSYoungGen: 325118K->37877K(465920K)] 883894K->596966K(1472512K), 0.0055021 secs] [Times: user=0.01 sys=0.00, real=0.01 secs] 
1699.067: [GC (Allocation Failure) [PSYoungGen: 270837K->184430K(465920K)] 829926K->744765K(1472512K), 0.0200075 secs] [Times: user=0.02 sys=0.00, real=0.02 secs] 
1699.348: [GC (Allocation Failure) [PSYoungGen: 417390K->184269K(465920K)] 977725K->744885K(1472512K), 0.0201713 secs] [Times: user=0.03 sys=0.00, real=0.02 secs] 
1700.100: [GC (Allocation Failure) [PSYoungGen: 409338K->92094K(465920K)] 969954K->653112K(1472512K), 0.0130588 secs] [Times: user=0.02 sys=0.00, real=0.01 secs] 
1700.930: [GC (Allocation Failure) [PSYoungGen: 325054K->38259K(465920K)] 886072K->599458K(1472512K), 0.0053743 secs] [Times: user=0.01 sys=0.00, real=0.00 secs] 
1701.199: [GC (Allocation Failure) [PSYoungGen: 271219K->184719K(465920K)] 832418K->747292K(1472512K), 0.0202263 secs] [Times: user=0.03 sys=0.00, real=0.02 secs] 
1701.487: [GC (Allocation Failure) [PSYoungGen: 417679K->184655K(465920K)] 980252K->747380K(1472512K), 0.0202308 secs] [Times: user=0.02 sys=0.00, real=0.02 secs] 
1702.875: [GC (Allocation Failure) [PSYoungGen: 406941K->91082K(465920K)] 969666K->654072K(1472512K), 0.0181915 secs] [Times: user=0.03 sys=0.00, real=0.02 secs] 
1704.632: [GC (Allocation Failure) [PSYoungGen: 324042K->37748K(465920K)] 887032K->601038K(1472512K), 0.0068430 secs] [Times: user=0.01 sys=0.00, real=0.00 secs] 
1704.919: [GC (Allocation Failure) [PSYoungGen: 270708K->183916K(465920K)] 833998K->748451K(1472512K), 0.0200752 secs] [Times: user=0.02 sys=0.00, real=0.02 secs] 
1705.260: [GC (Allocation Failure) [PSYoungGen: 416876K->184494K(465920K)] 981411K->749439K(1472512K), 0.0203212 secs] [Times: user=0.03 sys=0.00, real=0.03 secs] 
1706.248: [GC (Allocation Failure) [PSYoungGen: 409856K->92672K(465920K)] 974801K->657754K(1472512K), 0.0208114 secs] [Times: user=0.05 sys=0.00, real=0.02 secs] 
1707.814: [GC (Allocation Failure) [PSYoungGen: 325632K->37845K(465920K)] 890714K->603232K(1472512K), 0.0069345 secs] [Times: user=0.02 sys=0.00, real=0.01 secs] 
1708.111: [GC (Allocation Failure) [PSYoungGen: 270805K->184687K(465920K)] 836192K->751320K(1472512K), 0.0201551 secs] [Times: user=0.03 sys=0.00, real=0.02 secs] 
1708.394: [GC (Allocation Failure) [PSYoungGen: 417647K->184719K(465920K)] 984280K->751761K(1472512K), 0.0199764 secs] [Times: user=0.03 sys=0.00, real=0.02 secs] 
1710.062: [GC (Allocation Failure) [PSYoungGen: 407190K->91499K(465920K)] 974233K->658807K(1472512K), 0.0121563 secs] [Times: user=0.03 sys=0.00, real=0.01 secs] 
1710.975: [GC (Allocation Failure) [PSYoungGen: 324459K->38163K(465920K)] 891767K->605650K(1472512K), 0.0055007 secs] [Times: user=0.02 sys=0.00, real=0.01 secs] 
1711.302: [GC (Allocation Failure) [PSYoungGen: 271123K->184687K(465920K)] 838610K->753556K(1472512K), 0.0205046 secs] [Times: user=0.03 sys=0.00, real=0.02 secs] 
1711.589: [GC (Allocation Failure) [PSYoungGen: 417647K->184719K(465920K)] 986516K->753740K(1472512K), 0.0202603 secs] [Times: user=0.03 sys=0.00, real=0.02 secs] 
1713.863: [GC (Allocation Failure) [PSYoungGen: 407151K->91242K(465920K)] 976172K->660529K(1472512K), 0.0200755 secs] [Times: user=0.04 sys=0.00, real=0.02 secs] 
1715.990: [GC (Allocation Failure) [PSYoungGen: 324202K->38005K(465920K)] 893489K->607610K(1472512K), 0.0076263 secs] [Times: user=0.02 sys=0.00, real=0.01 secs] 
1716.305: [GC (Allocation Failure) [PSYoungGen: 270965K->184687K(465920K)] 840570K->755665K(1472512K), 0.0203045 secs] [Times: user=0.03 sys=0.00, real=0.02 secs] 
1716.648: [GC (Allocation Failure) [PSYoungGen: 417647K->184687K(465920K)] 988625K->755818K(1472512K), 0.0202217 secs] [Times: user=0.02 sys=0.00, real=0.02 secs] 
1718.139: [GC (Allocation Failure) [PSYoungGen: 407253K->91387K(465920K)] 978384K->662783K(1472512K), 0.0174460 secs] [Times: user=0.03 sys=0.01, real=0.02 secs] 
1719.345: [GC (Allocation Failure) [PSYoungGen: 324347K->38034K(465920K)] 895743K->609738K(1472512K), 0.0054284 secs] [Times: user=0.01 sys=0.00, real=0.01 secs] 
1719.612: [GC (Allocation Failure) [PSYoungGen: 270994K->183851K(465920K)] 842698K->756808K(1472512K), 0.0200429 secs] [Times: user=0.03 sys=0.00, real=0.02 secs] 
1719.896: [GC (Allocation Failure) [PSYoungGen: 416811K->184430K(465920K)] 989768K->757692K(1472512K), 0.0201168 secs] [Times: user=0.03 sys=0.00, real=0.02 secs] 
1721.297: [GC (Allocation Failure) [PSYoungGen: 409645K->92480K(465920K)] 982908K->666007K(1472512K), 0.0172718 secs] [Times: user=0.03 sys=0.00, real=0.02 secs] 
1722.830: [GC (Allocation Failure) [PSYoungGen: 325440K->37845K(465920K)] 898967K->611688K(1472512K), 0.0070875 secs] [Times: user=0.02 sys=0.00, real=0.01 secs] 
1723.127: [GC (Allocation Failure) [PSYoungGen: 270805K->184687K(465920K)] 844648K->759775K(1472512K), 0.0201924 secs] [Times: user=0.03 sys=0.00, real=0.02 secs] 
1723.470: [GC (Allocation Failure) [PSYoungGen: 417647K->184719K(465920K)] 992735K->760089K(1472512K), 0.0202068 secs] [Times: user=0.02 sys=0.00, real=0.02 secs] 
1724.768: [GC (Allocation Failure) [PSYoungGen: 407292K->91467K(465920K)] 982662K->667102K(1472512K), 0.0153929 secs] [Times: user=0.03 sys=0.00, real=0.02 secs] 
1726.172: [GC (Allocation Failure) [PSYoungGen: 324427K->37877K(465920K)] 900062K->613825K(1472512K), 0.0070948 secs] [Times: user=0.01 sys=0.00, real=0.00 secs] 
1726.469: [GC (Allocation Failure) [PSYoungGen: 270837K->183916K(465920K)] 846785K->761110K(1472512K), 0.0201176 secs] [Times: user=0.03 sys=0.00, real=0.02 secs] 
1726.753: [GC (Allocation Failure) [PSYoungGen: 416876K->184430K(465920K)] 994070K->761905K(1472512K), 0.0202631 secs] [Times: user=0.03 sys=0.01, real=0.02 secs] 
1727.873: [GC (Allocation Failure) [PSYoungGen: 409652K->92512K(465920K)] 987128K->670252K(1472512K), 0.0205803 secs] [Times: user=0.04 sys=0.00, real=0.02 secs] 
1729.948: [GC (Allocation Failure) [PSYoungGen: 325472K->37877K(465920K)] 903212K->615925K(1472512K), 0.0077624 secs] [Times: user=0.02 sys=0.00, real=0.01 secs] 
1730.266: [GC (Allocation Failure) [PSYoungGen: 270837K->184655K(465920K)] 848885K->763948K(1472512K), 0.0249643 secs] [Times: user=0.05 sys=0.00, real=0.03 secs] 
1730.559: [GC (Allocation Failure) [PSYoungGen: 417615K->184719K(465920K)] 996908K->764422K(1472512K), 0.0201831 secs] [Times: user=0.03 sys=0.00, real=0.02 secs] 
1731.321: [GC (Allocation Failure) [PSYoungGen: 407159K->91452K(465920K)] 986862K->671420K(1472512K), 0.0118722 secs] [Times: user=0.02 sys=0.00, real=0.01 secs] 
1732.822: [GC (Allocation Failure) [PSYoungGen: 324412K->38005K(465920K)] 904380K->618153K(1472512K), 0.0065950 secs] [Times: user=0.01 sys=0.00, real=0.00 secs] 
1733.104: [GC (Allocation Failure) [PSYoungGen: 270965K->183787K(465920K)] 851113K->765180K(1472512K), 0.0200650 secs] [Times: user=0.03 sys=0.00, real=0.02 secs] 
1733.387: [GC (Allocation Failure) [PSYoungGen: 416747K->184719K(465920K)] 998140K->766393K(1472512K), 0.0202994 secs] [Times: user=0.03 sys=0.00, real=0.02 secs] 
1734.950: [GC (Allocation Failure) [PSYoungGen: 410146K->92319K(465920K)] 991820K->674258K(1472512K), 0.0265796 secs] [Times: user=0.06 sys=0.00, real=0.03 secs] 
1737.212: [GC (Allocation Failure) [PSYoungGen: 325279K->37973K(465920K)] 907218K->620228K(1472512K), 0.0083513 secs] [Times: user=0.02 sys=0.00, real=0.01 secs] 
1737.537: [GC (Allocation Failure) [PSYoungGen: 270933K->184590K(465920K)] 853188K->768227K(1472512K), 0.0201591 secs] [Times: user=0.03 sys=0.00, real=0.02 secs] 
1737.820: [GC (Allocation Failure) [PSYoungGen: 417550K->184655K(465920K)] 1001187K->768444K(1472512K), 0.0201021 secs] [Times: user=0.02 sys=0.00, real=0.02 secs] 
1739.533: [GC (Allocation Failure) [PSYoungGen: 407256K->91484K(465920K)] 991045K->675538K(1472512K), 0.0197329 secs] [Times: user=0.04 sys=0.00, real=0.02 secs] 
1741.173: [GC (Allocation Failure) [PSYoungGen: 324444K->37716K(465920K)] 908498K->622092K(1472512K), 0.0070042 secs] [Times: user=0.02 sys=0.00, real=0.00 secs] 
1741.548: [GC (Allocation Failure) [PSYoungGen: 270676K->183787K(465920K)] 855052K->769409K(1472512K), 0.0201069 secs] [Times: user=0.03 sys=0.00, real=0.02 secs] 
1741.888: [GC (Allocation Failure) [PSYoungGen: 416747K->184398K(465920K)] 1002369K->770301K(1472512K), 0.0201481 secs] [Times: user=0.02 sys=0.00, real=0.02 secs] 
1742.757: [GC (Allocation Failure) [PSYoungGen: 409641K->92769K(465920K)] 995544K->678937K(1472512K), 0.0131500 secs] [Times: user=0.03 sys=0.00, real=0.02 secs] 
1745.016: [GC (Allocation Failure) [PSYoungGen: 325729K->37777K(465920K)] 911897K->624245K(1472512K), 0.0076349 secs] [Times: user=0.02 sys=0.00, real=0.01 secs] 
1745.328: [GC (Allocation Failure) [PSYoungGen: 270737K->184687K(465920K)] 857205K->772392K(1472512K), 0.0202185 secs] [Times: user=0.03 sys=0.00, real=0.02 secs] 
1745.611: [GC (Allocation Failure) [PSYoungGen: 417647K->184751K(465920K)] 1005352K->772858K(1472512K), 0.0201415 secs] [Times: user=0.02 sys=0.00, real=0.02 secs] 
1746.229: [GC (Allocation Failure) [PSYoungGen: 407441K->91612K(465920K)] 995548K->679984K(1472512K), 0.0110421 secs] [Times: user=0.02 sys=0.00, real=0.01 secs] 
1747.027: [GC (Allocation Failure) [PSYoungGen: 324572K->38262K(465920K)] 912944K->626827K(1472512K), 0.0055359 secs] [Times: user=0.01 sys=0.00, real=0.01 secs] 
1747.296: [GC (Allocation Failure) [PSYoungGen: 271222K->184687K(465920K)] 859787K->774626K(1472512K), 0.0202578 secs] [Times: user=0.02 sys=0.00, real=0.02 secs] 
1747.579: [GC (Allocation Failure) [PSYoungGen: 417647K->184719K(465920K)] 1007586K->774802K(1472512K), 0.0202384 secs] [Times: user=0.03 sys=0.00, real=0.02 secs] 
1748.192: [GC (Allocation Failure) [PSYoungGen: 407026K->91082K(465920K)] 997110K->681439K(1472512K), 0.0098506 secs] [Times: user=0.02 sys=0.00, real=0.01 secs] 
1749.114: [GC (Allocation Failure) [PSYoungGen: 324042K->37877K(465920K)] 914399K->628535K(1472512K), 0.0069415 secs] [Times: user=0.02 sys=0.00, real=0.01 secs] 
1749.402: [GC (Allocation Failure) [PSYoungGen: 270837K->183916K(465920K)] 861495K->775820K(1472512K), 0.0203950 secs] [Times: user=0.03 sys=0.00, real=0.02 secs] 
1749.747: [GC (Allocation Failure) [PSYoungGen: 416876K->184494K(465920K)] 1008780K->776679K(1472512K), 0.0201805 secs] [Times: user=0.03 sys=0.00, real=0.02 secs] 
1750.658: [GC (Allocation Failure) [PSYoungGen: 409706K->92544K(465920K)] 1001891K->685018K(1472512K), 0.0137598 secs] [Times: user=0.03 sys=0.00, real=0.02 secs] 
1752.998: [GC (Allocation Failure) [PSYoungGen: 325504K->37748K(465920K)] 917978K->630544K(1472512K), 0.0074697 secs] [Times: user=0.02 sys=0.00, real=0.01 secs] 
1753.309: [GC (Allocation Failure) [PSYoungGen: 270708K->184719K(465920K)] 863504K->778760K(1472512K), 0.0203490 secs] [Times: user=0.03 sys=0.00, real=0.02 secs] 
1753.591: [GC (Allocation Failure) [PSYoungGen: 417679K->184687K(465920K)] 1011720K->779130K(1472512K), 0.0202321 secs] [Times: user=0.03 sys=0.00, real=0.02 secs] 
1754.555: [GC (Allocation Failure) [PSYoungGen: 407373K->91596K(465920K)] 1001816K->686312K(1472512K), 0.0117282 secs] [Times: user=0.02 sys=0.00, real=0.01 secs] 
1756.181: [GC (Allocation Failure) [PSYoungGen: 324556K->37877K(465920K)] 919272K->632780K(1472512K), 0.0077992 secs] [Times: user=0.02 sys=0.00, real=0.00 secs] 
1756.576: [GC (Allocation Failure) [PSYoungGen: 270837K->183916K(465920K)] 865740K->780056K(1472512K), 0.0203516 secs] [Times: user=0.03 sys=0.00, real=0.02 secs] 
1756.858: [GC (Allocation Failure) [PSYoungGen: 416876K->184462K(465920K)] 1013016K->781012K(1472512K), 0.0202027 secs] [Times: user=0.03 sys=0.00, real=0.02 secs] 
1757.567: [GC (Allocation Failure) [PSYoungGen: 409688K->92544K(465920K)] 1006239K->689231K(1472512K), 0.0126460 secs] [Times: user=0.03 sys=0.00, real=0.01 secs] 
1758.508: [GC (Allocation Failure) [PSYoungGen: 325504K->38005K(465920K)] 922191K->635000K(1472512K), 0.0056058 secs] [Times: user=0.01 sys=0.00, real=0.01 secs] 
1758.836: [GC (Allocation Failure) [PSYoungGen: 270965K->184141K(465920K)] 867960K->782373K(1472512K), 0.0210485 secs] [Times: user=0.03 sys=0.00, real=0.02 secs] 
1759.120: [GC (Allocation Failure) [PSYoungGen: 417101K->184944K(465920K)] 1015333K->783457K(1472512K), 0.0202918 secs] [Times: user=0.02 sys=0.00, real=0.02 secs] 
1760.624: [GC (Allocation Failure) [PSYoungGen: 407685K->91644K(465920K)] 1006198K->690422K(1472512K), 0.0182834 secs] [Times: user=0.04 sys=0.00, real=0.02 secs] 
1762.740: [GC (Allocation Failure) [PSYoungGen: 324604K->37588K(465920K)] 923382K->636688K(1472512K), 0.0076648 secs] [Times: user=0.02 sys=0.00, real=0.00 secs] 
1763.059: [GC (Allocation Failure) [PSYoungGen: 270548K->184847K(465920K)] 869648K->785201K(1472512K), 0.0202721 secs] [Times: user=0.03 sys=0.00, real=0.02 secs] 
1763.346: [GC (Allocation Failure) [PSYoungGen: 417807K->184141K(465920K)] 1018161K->784775K(1472512K), 0.0204295 secs] [Times: user=0.03 sys=0.00, real=0.02 secs] 
1764.509: [GC (Allocation Failure) [PSYoungGen: 409458K->92158K(465920K)] 1010093K->693058K(1472512K), 0.0130868 secs] [Times: user=0.02 sys=0.00, real=0.02 secs] 
1766.353: [GC (Allocation Failure) [PSYoungGen: 325118K->37459K(465920K)] 926018K->638681K(1472512K), 0.0071993 secs] [Times: user=0.02 sys=0.00, real=0.01 secs] 
1766.727: [GC (Allocation Failure) [PSYoungGen: 270419K->184687K(465920K)] 871641K->787154K(1472512K), 0.0203745 secs] [Times: user=0.03 sys=0.00, real=0.02 secs] 
1767.010: [GC (Allocation Failure) [PSYoungGen: 417647K->184719K(465920K)] 1020114K->787467K(1472512K), 0.0201946 secs] [Times: user=0.02 sys=0.00, real=0.02 secs] 
1767.722: [GC (Allocation Failure) [PSYoungGen: 407271K->91837K(465920K)] 1010019K->694850K(1472512K), 0.0120843 secs] [Times: user=0.03 sys=0.00, real=0.01 secs] 
1768.841: [GC (Allocation Failure) [PSYoungGen: 324797K->37877K(465920K)] 927810K->641196K(1472512K), 0.0057010 secs] [Times: user=0.01 sys=0.00, real=0.00 secs] 
1769.108: [GC (Allocation Failure) [PSYoungGen: 270837K->183819K(465920K)] 874156K->788392K(1472512K), 0.0201201 secs] [Times: user=0.03 sys=0.00, real=0.02 secs] 
1769.391: [GC (Allocation Failure) [PSYoungGen: 416779K->184430K(465920K)] 1021352K->789283K(1472512K), 0.0201710 secs] [Times: user=0.02 sys=0.00, real=0.02 secs] 
1770.021: [GC (Allocation Failure) [PSYoungGen: 409817K->92640K(465920K)] 1014671K->697759K(1472512K), 0.0108877 secs] [Times: user=0.02 sys=0.00, real=0.01 secs] 
1770.819: [GC (Allocation Failure) [PSYoungGen: 325600K->37906K(465920K)] 930719K->643338K(1472512K), 0.0055239 secs] [Times: user=0.01 sys=0.00, real=0.01 secs] 
1771.088: [GC (Allocation Failure) [PSYoungGen: 270866K->184687K(465920K)] 876298K->791365K(1472512K), 0.0201909 secs] [Times: user=0.02 sys=0.00, real=0.02 secs] 
1771.439: [GC (Allocation Failure) [PSYoungGen: 417647K->184687K(465920K)] 1024325K->791638K(1472512K), 0.0201415 secs] [Times: user=0.03 sys=0.00, real=0.02 secs] 
1773.145: [GC (Allocation Failure) [PSYoungGen: 407259K->91452K(465920K)] 1014210K->698668K(1472512K), 0.0180353 secs] [Times: user=0.03 sys=0.00, real=0.02 secs] 
1775.349: [GC (Allocation Failure) [PSYoungGen: 324412K->37877K(465920K)] 931628K->645398K(1472512K), 0.0084823 secs] [Times: user=0.02 sys=0.00, real=0.01 secs] 
1775.677: [GC (Allocation Failure) [PSYoungGen: 270837K->184687K(465920K)] 878358K->793454K(1472512K), 0.0203811 secs] [Times: user=0.03 sys=0.00, real=0.02 secs] 
1775.959: [GC (Allocation Failure) [PSYoungGen: 417647K->184687K(465920K)] 1026414K->793735K(1472512K), 0.0202707 secs] [Times: user=0.03 sys=0.00, real=0.02 secs] 
1776.579: [GC (Allocation Failure) [PSYoungGen: 407244K->91499K(465920K)] 1016292K->700821K(1472512K), 0.0121973 secs] [Times: user=0.02 sys=0.00, real=0.02 secs] 
1777.459: [GC (Allocation Failure) [PSYoungGen: 324459K->38034K(465920K)] 933781K->647672K(1472512K), 0.0058949 secs] [Times: user=0.01 sys=0.00, real=0.01 secs] 
1777.726: [GC (Allocation Failure) [PSYoungGen: 270994K->183916K(465920K)] 880632K->794798K(1472512K), 0.0204547 secs] [Times: user=0.03 sys=0.00, real=0.02 secs] 
1778.013: [GC (Allocation Failure) [PSYoungGen: 416876K->184398K(465920K)] 1027758K->795561K(1472512K), 0.0203608 secs] [Times: user=0.03 sys=0.00, real=0.02 secs] 
1779.864: [GC (Allocation Failure) [PSYoungGen: 408141K->92383K(465920K)] 1019305K->703812K(1472512K), 0.0190789 secs] [Times: user=0.04 sys=0.00, real=0.02 secs] 
1781.555: [GC (Allocation Failure) [PSYoungGen: 325343K->37777K(465920K)] 936772K->649504K(1472512K), 0.0102659 secs] [Times: user=0.02 sys=0.00, real=0.01 secs] 
1781.847: [GC (Allocation Failure) [PSYoungGen: 270737K->184430K(465920K)] 882464K->797530K(1472512K), 0.0202780 secs] [Times: user=0.02 sys=0.00, real=0.02 secs] 
1782.130: [GC (Allocation Failure) [PSYoungGen: 417390K->184590K(465920K)] 1030490K->797843K(1472512K), 0.0202441 secs] [Times: user=0.02 sys=0.00, real=0.03 secs] 
1783.300: [GC (Allocation Failure) [PSYoungGen: 407641K->91998K(465920K)] 1020894K->705524K(1472512K), 0.0131770 secs] [Times: user=0.03 sys=0.00, real=0.01 secs] 
1784.384: [GC (Allocation Failure) [PSYoungGen: 324958K->37906K(465920K)] 938484K->651738K(1472512K), 0.0055550 secs] [Times: user=0.01 sys=0.00, real=0.01 secs] 
1784.688: [GC (Allocation Failure) [PSYoungGen: 270866K->184944K(465920K)] 884698K->800021K(1472512K), 0.0233751 secs] [Times: user=0.03 sys=0.00, real=0.03 secs] 
1784.981: [GC (Allocation Failure) [PSYoungGen: 417904K->184301K(465920K)] 1032981K->799660K(1472512K), 0.0201732 secs] [Times: user=0.03 sys=0.00, real=0.02 secs] 
1786.080: [GC (Allocation Failure) [PSYoungGen: 407150K->91628K(465920K)] 1022509K->707380K(1472512K), 0.0265188 secs] [Times: user=0.05 sys=0.00, real=0.03 secs] 
1787.260: [GC (Allocation Failure) [PSYoungGen: 324588K->38134K(465920K)] 940340K->654065K(1472512K), 0.0056082 secs] [Times: user=0.02 sys=0.00, real=0.00 secs] 
1787.527: [GC (Allocation Failure) [PSYoungGen: 271094K->184687K(465920K)] 887025K->801856K(1472512K), 0.0202879 secs] [Times: user=0.03 sys=0.00, real=0.02 secs] 
1787.810: [GC (Allocation Failure) [PSYoungGen: 417647K->184655K(465920K)] 1034816K->802233K(1472512K), 0.0202690 secs] [Times: user=0.03 sys=0.00, real=0.03 secs] 
1789.921: [GC (Allocation Failure) [PSYoungGen: 407131K->91226K(465920K)] 1024709K->709070K(1472512K), 0.0174670 secs] [Times: user=0.03 sys=0.00, real=0.01 secs] 
1791.831: [GC (Allocation Failure) [PSYoungGen: 324186K->37684K(465920K)] 942030K->655699K(1472512K), 0.0078319 secs] [Times: user=0.02 sys=0.00, real=0.00 secs] 
1792.136: [GC (Allocation Failure) [PSYoungGen: 270644K->183787K(465920K)] 888659K->803047K(1472512K), 0.0202121 secs] [Times: user=0.02 sys=0.00, real=0.02 secs] 
1792.421: [GC (Allocation Failure) [PSYoungGen: 416747K->184398K(465920K)] 1036007K->803939K(1472512K), 0.0202035 secs] [Times: user=0.02 sys=0.00, real=0.02 secs] 
1793.656: [GC (Allocation Failure) [PSYoungGen: 409637K->92721K(465920K)] 1029179K->712527K(1472512K), 0.0121775 secs] [Times: user=0.03 sys=0.00, real=0.01 secs] 
1794.828: [GC (Allocation Failure) [PSYoungGen: 325681K->37877K(465920K)] 945487K->657983K(1472512K), 0.0056909 secs] [Times: user=0.01 sys=0.00, real=0.01 secs] 
1795.151: [GC (Allocation Failure) [PSYoungGen: 270837K->184687K(465920K)] 890943K->806047K(1472512K), 0.0203582 secs] [Times: user=0.03 sys=0.00, real=0.02 secs] 
1795.434: [GC (Allocation Failure) [PSYoungGen: 417647K->184687K(465920K)] 1039007K->806456K(1472512K), 0.0201492 secs] [Times: user=0.03 sys=0.00, real=0.02 secs] 
1798.068: [GC (Allocation Failure) [PSYoungGen: 407129K->91484K(465920K)] 1028898K->713518K(1472512K), 0.0190541 secs] [Times: user=0.04 sys=0.00, real=0.02 secs] 
1799.813: [GC (Allocation Failure) [PSYoungGen: 324444K->37748K(465920K)] 946478K->659962K(1472512K), 0.0078598 secs] [Times: user=0.02 sys=0.00, real=0.01 secs] 
1800.127: [GC (Allocation Failure) [PSYoungGen: 270708K->184687K(465920K)] 892922K->808146K(1472512K), 0.0204836 secs] [Times: user=0.03 sys=0.00, real=0.02 secs] 
1800.409: [GC (Allocation Failure) [PSYoungGen: 417647K->184687K(465920K)] 1041106K->808427K(1472512K), 0.0202302 secs] [Times: user=0.02 sys=0.00, real=0.02 secs] 
1801.821: [GC (Allocation Failure) [PSYoungGen: 407243K->91612K(465920K)] 1030984K->715617K(1472512K), 0.0170055 secs] [Times: user=0.03 sys=0.00, real=0.01 secs] 
1803.096: [GC (Allocation Failure) [PSYoungGen: 324572K->38034K(465920K)] 948577K->662339K(1472512K), 0.0054839 secs] [Times: user=0.01 sys=0.00, real=0.01 secs] 
1803.422: [GC (Allocation Failure) [PSYoungGen: 270994K->184687K(465920K)] 895299K->810229K(1472512K), 0.0202759 secs] [Times: user=0.03 sys=0.00, real=0.02 secs] 
1803.709: [GC (Allocation Failure) [PSYoungGen: 417647K->184687K(465920K)] 1043189K->810502K(1472512K), 0.0203833 secs] [Times: user=0.03 sys=0.00, real=0.02 secs] 
1804.357: [GC (Allocation Failure) [PSYoungGen: 407234K->91355K(465920K)] 1033050K->717436K(1472512K), 0.0119541 secs] [Times: user=0.02 sys=0.00, real=0.01 secs] 
1805.161: [GC (Allocation Failure) [PSYoungGen: 324315K->38034K(465920K)] 950396K->664431K(1472512K), 0.0055616 secs] [Times: user=0.01 sys=0.00, real=0.00 secs] 
1805.490: [GC (Allocation Failure) [PSYoungGen: 270994K->183916K(465920K)] 897391K->811566K(1472512K), 0.0202560 secs] [Times: user=0.03 sys=0.00, real=0.02 secs] 
1805.774: [GC (Allocation Failure) [PSYoungGen: 416876K->184783K(465920K)] 1044526K->812706K(1472512K), 0.0202078 secs] [Times: user=0.03 sys=0.00, real=0.02 secs] 
1806.412: [GC (Allocation Failure) [PSYoungGen: 405489K->91998K(465920K)] 1033412K->720314K(1472512K), 0.0121348 secs] [Times: user=0.03 sys=0.00, real=0.01 secs] 
1807.227: [GC (Allocation Failure) [PSYoungGen: 324958K->38259K(465920K)] 953274K->666747K(1472512K), 0.0056571 secs] [Times: user=0.02 sys=0.00, real=0.01 secs] 
1807.495: [GC (Allocation Failure) [PSYoungGen: 271219K->184590K(465920K)] 899707K->814452K(1472512K), 0.0204551 secs] [Times: user=0.03 sys=0.00, real=0.02 secs] 
1807.777: [GC (Allocation Failure) [PSYoungGen: 417550K->184398K(465920K)] 1047412K->814404K(1472512K), 0.0203393 secs] [Times: user=0.02 sys=0.00, real=0.02 secs] 
1810.115: [GC (Allocation Failure) [PSYoungGen: 406801K->91484K(465920K)] 1036807K->721892K(1472512K), 0.0199892 secs] [Times: user=0.05 sys=0.00, real=0.02 secs] 
1811.690: [GC (Allocation Failure) [PSYoungGen: 324444K->38005K(465920K)] 954852K->668600K(1472512K), 0.0069072 secs] [Times: user=0.02 sys=0.00, real=0.00 secs] 
1812.055: [GC (Allocation Failure) [PSYoungGen: 270965K->184687K(465920K)] 901560K->816656K(1472512K), 0.0204643 secs] [Times: user=0.03 sys=0.00, real=0.02 secs] 
1812.342: [GC (Allocation Failure) [PSYoungGen: 417647K->184719K(465920K)] 1049616K->816841K(1472512K), 0.0203552 secs] [Times: user=0.03 sys=0.01, real=0.02 secs] 
1813.663: [GC (Allocation Failure) [PSYoungGen: 407274K->91307K(465920K)] 1039396K->723694K(1472512K), 0.0167838 secs] [Times: user=0.04 sys=0.00, real=0.01 secs] 
1815.077: [GC (Allocation Failure) [PSYoungGen: 324267K->37748K(465920K)] 956654K->670441K(1472512K), 0.0064587 secs] [Times: user=0.01 sys=0.00, real=0.01 secs] 
1815.352: [GC (Allocation Failure) [PSYoungGen: 270708K->183916K(465920K)] 903401K->817854K(1472512K), 0.0202282 secs] [Times: user=0.03 sys=0.00, real=0.02 secs] 
1815.634: [GC (Allocation Failure) [PSYoungGen: 416876K->184398K(465920K)] 1050814K->818617K(1472512K), 0.0202605 secs] [Times: user=0.03 sys=0.00, real=0.02 secs] 
1816.329: [GC (Allocation Failure) [PSYoungGen: 409723K->92656K(465920K)] 1043942K->727141K(1472512K), 0.0115269 secs] [Times: user=0.03 sys=0.00, real=0.02 secs] 
1817.480: [GC (Allocation Failure) [PSYoungGen: 325616K->37973K(465920K)] 960101K->672763K(1472512K), 0.0067148 secs] [Times: user=0.02 sys=0.00, real=0.00 secs] 
1817.837: [GC (Allocation Failure) [PSYoungGen: 270933K->184173K(465920K)] 905723K->820208K(1472512K), 0.0204504 secs] [Times: user=0.03 sys=0.00, real=0.02 secs] 
1818.124: [GC (Allocation Failure) [PSYoungGen: 417133K->184526K(465920K)] 1053168K->820843K(1472512K), 0.0203557 secs] [Times: user=0.03 sys=0.00, real=0.02 secs] 
1818.852: [GC (Allocation Failure) [PSYoungGen: 407596K->91998K(465920K)] 1043913K->728579K(1472512K), 0.0122703 secs] [Times: user=0.03 sys=0.00, real=0.01 secs] 
1819.706: [GC (Allocation Failure) [PSYoungGen: 324958K->38005K(465920K)] 961539K->674893K(1472512K), 0.0058348 secs] [Times: user=0.01 sys=0.00, real=0.01 secs] 
1820.029: [GC (Allocation Failure) [PSYoungGen: 270965K->184430K(465920K)] 907853K->822563K(1472512K), 0.0204001 secs] [Times: user=0.03 sys=0.00, real=0.02 secs] 
1820.374: [GC (Allocation Failure) [PSYoungGen: 417390K->184590K(465920K)] 1055523K->823004K(1472512K), 0.0202794 secs] [Times: user=0.03 sys=0.00, real=0.02 secs] 
1821.979: [GC (Allocation Failure) [PSYoungGen: 407133K->91741K(465920K)] 1045547K->730420K(1472512K), 0.0131994 secs] [Times: user=0.03 sys=0.00, real=0.02 secs] 
1824.280: [GC (Allocation Failure) [PSYoungGen: 324701K->37745K(465920K)] 963380K->676732K(1472512K), 0.0070325 secs] [Times: user=0.02 sys=0.00, real=0.00 secs] 
1824.581: [GC (Allocation Failure) [PSYoungGen: 270705K->184430K(465920K)] 909692K->824791K(1472512K), 0.0203247 secs] [Times: user=0.03 sys=0.00, real=0.02 secs] 
1824.868: [GC (Allocation Failure) [PSYoungGen: 417390K->184558K(465920K)] 1057751K->825072K(1472512K), 0.0201997 secs] [Times: user=0.02 sys=0.00, real=0.02 secs] 
1825.857: [GC (Allocation Failure) [PSYoungGen: 407617K->91950K(465920K)] 1048130K->732728K(1472512K), 0.0121335 secs] [Times: user=0.03 sys=0.00, real=0.01 secs] 
1826.768: [GC (Allocation Failure) [PSYoungGen: 324910K->38005K(465920K)] 965688K->679086K(1472512K), 0.0057651 secs] [Times: user=0.02 sys=0.00, real=0.01 secs] 
1827.094: [GC (Allocation Failure) [PSYoungGen: 270965K->184430K(465920K)] 912046K->826756K(1472512K), 0.0201752 secs] [Times: user=0.03 sys=0.00, real=0.02 secs] 
1827.375: [GC (Allocation Failure) [PSYoungGen: 417390K->184333K(465920K)] 1059716K->826941K(1472512K), 0.0203044 secs] [Times: user=0.03 sys=0.00, real=0.02 secs] 
1828.202: [GC (Allocation Failure) [PSYoungGen: 409382K->91950K(465920K)] 1051989K->734951K(1472512K), 0.0119599 secs] [Times: user=0.03 sys=0.01, real=0.01 secs] 
1829.403: [GC (Allocation Failure) [PSYoungGen: 324910K->37748K(465920K)] 967911K->680928K(1472512K), 0.0055813 secs] [Times: user=0.01 sys=0.00, real=0.00 secs] 
1829.672: [GC (Allocation Failure) [PSYoungGen: 270708K->184751K(465920K)] 913888K->829176K(1472512K), 0.0202191 secs] [Times: user=0.03 sys=0.00, real=0.02 secs] 
1829.953: [GC (Allocation Failure) [PSYoungGen: 417711K->184430K(465920K)] 1062136K->829144K(1472512K), 0.0203154 secs] [Times: user=0.02 sys=0.00, real=0.02 secs] 
1830.738: [GC (Allocation Failure) [PSYoungGen: 406717K->91885K(465920K)] 1051432K->736865K(1472512K), 0.0160615 secs] [Times: user=0.04 sys=0.00, real=0.02 secs] 
1831.571: [GC (Allocation Failure) [PSYoungGen: 324845K->38102K(465920K)] 969825K->683405K(1472512K), 0.0076160 secs] [Times: user=0.02 sys=0.00, real=0.00 secs] 
1831.919: [GC (Allocation Failure) [PSYoungGen: 271062K->184430K(465920K)] 916365K->830979K(1472512K), 0.0205254 secs] [Times: user=0.02 sys=0.00, real=0.02 secs] 
1832.206: [GC (Allocation Failure) [PSYoungGen: 417390K->184558K(465920K)] 1063939K->831388K(1472512K), 0.0203879 secs] [Times: user=0.03 sys=0.00, real=0.02 secs] 
1833.366: [GC (Allocation Failure) [PSYoungGen: 407101K->91612K(465920K)] 1053932K->738707K(1472512K), 0.0133417 secs] [Times: user=0.03 sys=0.00, real=0.01 secs] 
1834.863: [GC (Allocation Failure) [PSYoungGen: 324572K->37649K(465920K)] 971667K->685050K(1472512K), 0.0065536 secs] [Times: user=0.01 sys=0.00, real=0.00 secs] 
1835.208: [GC (Allocation Failure) [PSYoungGen: 270609K->184815K(465920K)] 918010K->833462K(1472512K), 0.0204687 secs] [Times: user=0.03 sys=0.00, real=0.02 secs] 
1835.490: [GC (Allocation Failure) [PSYoungGen: 417775K->184141K(465920K)] 1066422K->833068K(1472512K), 0.0203310 secs] [Times: user=0.03 sys=0.00, real=0.02 secs] 
1836.467: [GC (Allocation Failure) [PSYoungGen: 409479K->92126K(465920K)] 1058406K->741327K(1472512K), 0.0148745 secs] [Times: user=0.03 sys=0.00, real=0.02 secs] 
1838.714: [GC (Allocation Failure) [PSYoungGen: 325086K->37588K(465920K)] 974287K->687104K(1472512K), 0.0076493 secs] [Times: user=0.01 sys=0.00, real=0.01 secs] 
1839.020: [GC (Allocation Failure) [PSYoungGen: 270548K->184687K(465920K)] 920064K->835577K(1472512K), 0.0206773 secs] [Times: user=0.03 sys=0.00, real=0.02 secs] 
1839.312: [GC (Allocation Failure) [PSYoungGen: 417647K->184655K(465920K)] 1068537K->835690K(1472512K), 0.0204960 secs] [Times: user=0.03 sys=0.00, real=0.02 secs] 
1840.815: [GC (Allocation Failure) [PSYoungGen: 407478K->91773K(465920K)] 1058513K->743073K(1472512K), 0.0202874 secs] [Times: user=0.04 sys=0.00, real=0.02 secs] 
1841.988: [GC (Allocation Failure) [PSYoungGen: 324733K->38134K(465920K)] 976033K->689744K(1472512K), 0.0065347 secs] [Times: user=0.02 sys=0.00, real=0.01 secs] 
1842.265: [GC (Allocation Failure) [PSYoungGen: 271094K->184687K(465920K)] 922704K->837550K(1472512K), 0.0202773 secs] [Times: user=0.03 sys=0.00, real=0.02 secs] 
1842.548: [GC (Allocation Failure) [PSYoungGen: 417647K->184655K(465920K)] 1070510K->837791K(1472512K), 0.0203677 secs] [Times: user=0.03 sys=0.00, real=0.02 secs] 
1844.991: [GC (Allocation Failure) [PSYoungGen: 407078K->91226K(465920K)] 1060214K->744628K(1472512K), 0.0166122 secs] [Times: user=0.04 sys=0.00, real=0.01 secs] 
1847.427: [GC (Allocation Failure) [PSYoungGen: 324186K->37363K(465920K)] 977588K->691082K(1472512K), 0.0077048 secs] [Times: user=0.02 sys=0.00, real=0.01 secs] 
1847.734: [GC (Allocation Failure) [PSYoungGen: 270323K->183916K(465920K)] 924042K->838880K(1472512K), 0.0206276 secs] [Times: user=0.03 sys=0.00, real=0.02 secs] 
1848.016: [GC (Allocation Failure) [PSYoungGen: 416876K->184462K(465920K)] 1071840K->839707K(1472512K), 0.0202429 secs] [Times: user=0.02 sys=0.00, real=0.02 secs] 
1849.768: [GC (Allocation Failure) [PSYoungGen: 409764K->93026K(465920K)] 1065010K->748537K(1472512K), 0.0135570 secs] [Times: user=0.02 sys=0.00, real=0.02 secs] 
1851.396: [GC (Allocation Failure) [PSYoungGen: 325986K->37877K(465920K)] 981497K->693701K(1472512K), 0.0094852 secs] [Times: user=0.03 sys=0.00, real=0.01 secs] 
1851.730: [GC (Allocation Failure) [PSYoungGen: 270837K->184687K(465920K)] 926661K->841885K(1472512K), 0.0204586 secs] [Times: user=0.03 sys=0.00, real=0.02 secs] 
1852.013: [GC (Allocation Failure) [PSYoungGen: 417647K->184687K(465920K)] 1074845K->842166K(1472512K), 0.0203976 secs] [Times: user=0.02 sys=0.00, real=0.02 secs] 
1853.147: [GC (Allocation Failure) [PSYoungGen: 407116K->91484K(465920K)] 1064596K->749228K(1472512K), 0.0279101 secs] [Times: user=0.06 sys=0.00, real=0.03 secs] 
1854.378: [GC (Allocation Failure) [PSYoungGen: 324444K->38163K(465920K)] 982188K->696095K(1472512K), 0.0057297 secs] [Times: user=0.01 sys=0.00, real=0.01 secs] 
1854.707: [GC (Allocation Failure) [PSYoungGen: 271123K->184687K(465920K)] 929055K->843993K(1472512K), 0.0202899 secs] [Times: user=0.03 sys=0.00, real=0.02 secs] 
1854.989: [GC (Allocation Failure) [PSYoungGen: 417647K->184719K(465920K)] 1076953K->844177K(1472512K), 0.0203537 secs] [Times: user=0.03 sys=0.00, real=0.02 secs] 
1857.291: [GC (Allocation Failure) [PSYoungGen: 407156K->91242K(465920K)] 1066614K->750966K(1472512K), 0.0268323 secs] [Times: user=0.05 sys=0.00, real=0.02 secs] 
1858.414: [GC (Allocation Failure) [PSYoungGen: 324202K->38134K(465920K)] 983926K->698161K(1472512K), 0.0056361 secs] [Times: user=0.02 sys=0.00, real=0.01 secs] 
1858.683: [GC (Allocation Failure) [PSYoungGen: 271094K->184687K(465920K)] 931121K->846097K(1472512K), 0.0203863 secs] [Times: user=0.02 sys=0.00, real=0.02 secs] 
1858.972: [GC (Allocation Failure) [PSYoungGen: 417647K->184655K(465920K)] 1079057K->846217K(1472512K), 0.0204832 secs] [Times: user=0.03 sys=0.00, real=0.02 secs] 
1859.589: [GC (Allocation Failure) [PSYoungGen: 407124K->91210K(465920K)] 1068686K->753038K(1472512K), 0.0107244 secs] [Times: user=0.02 sys=0.00, real=0.01 secs] 
1860.427: [GC (Allocation Failure) [PSYoungGen: 324170K->38005K(465920K)] 985998K->700150K(1472512K), 0.0079711 secs] [Times: user=0.02 sys=0.00, real=0.01 secs] 
1860.743: [GC (Allocation Failure) [PSYoungGen: 270965K->183916K(465920K)] 933110K->847298K(1472512K), 0.0202583 secs] [Times: user=0.03 sys=0.00, real=0.02 secs] 
1861.025: [GC (Allocation Failure) [PSYoungGen: 416876K->184430K(465920K)] 1080258K->848085K(1472512K), 0.0204201 secs] [Times: user=0.03 sys=0.00, real=0.02 secs] 
1862.275: [GC (Allocation Failure) [PSYoungGen: 408152K->92367K(465920K)] 1071807K->756296K(1472512K), 0.0171991 secs] [Times: user=0.03 sys=0.00, real=0.02 secs] 
1863.591: [GC (Allocation Failure) [PSYoungGen: 325327K->37748K(465920K)] 989256K->701993K(1472512K), 0.0068537 secs] [Times: user=0.02 sys=0.00, real=0.00 secs] 
1863.884: [GC (Allocation Failure) [PSYoungGen: 270708K->184430K(465920K)] 934953K->849920K(1472512K), 0.0204879 secs] [Times: user=0.03 sys=0.00, real=0.02 secs] 
1864.171: [GC (Allocation Failure) [PSYoungGen: 417390K->184558K(465920K)] 1082880K->850329K(1472512K), 0.0213830 secs] [Times: user=0.03 sys=0.00, real=0.02 secs] 
1864.808: [GC (Allocation Failure) [PSYoungGen: 407612K->91982K(465920K)] 1073384K->758018K(1472512K), 0.0116501 secs] [Times: user=0.02 sys=0.00, real=0.01 secs] 
1865.992: [GC (Allocation Failure) [PSYoungGen: 324942K->37973K(465920K)] 990978K->704315K(1472512K), 0.0076121 secs] [Times: user=0.02 sys=0.00, real=0.01 secs] 
1866.298: [GC (Allocation Failure) [PSYoungGen: 270933K->184430K(465920K)] 937275K->852017K(1472512K), 0.0201661 secs] [Times: user=0.02 sys=0.00, real=0.02 secs] 
1866.581: [GC (Allocation Failure) [PSYoungGen: 417390K->184526K(465920K)] 1084977K->852395K(1472512K), 0.0203224 secs] [Times: user=0.02 sys=0.00, real=0.02 secs] 
1868.325: [GC (Allocation Failure) [PSYoungGen: 407069K->91741K(465920K)] 1074938K->759882K(1472512K), 0.0125051 secs] [Times: user=0.02 sys=0.00, real=0.01 secs] 
1869.478: [GC (Allocation Failure) [PSYoungGen: 324701K->37845K(465920K)] 992842K->706308K(1472512K), 0.0065109 secs] [Times: user=0.02 sys=0.00, real=0.01 secs] 
1869.758: [GC (Allocation Failure) [PSYoungGen: 270805K->184944K(465920K)] 939268K->854645K(1472512K), 0.0203401 secs] [Times: user=0.02 sys=0.00, real=0.02 secs] 
1870.093: [GC (Allocation Failure) [PSYoungGen: 417904K->184205K(465920K)] 1087605K->854323K(1472512K), 0.0203200 secs] [Times: user=0.03 sys=0.00, real=0.02 secs] 
1870.717: [GC (Allocation Failure) [PSYoungGen: 406994K->91741K(465920K)] 1077113K->761996K(1472512K), 0.0120918 secs] [Times: user=0.03 sys=0.00, real=0.01 secs] 
1871.931: [GC (Allocation Failure) [PSYoungGen: 324701K->37748K(465920K)] 994956K->708309K(1472512K), 0.0056594 secs] [Times: user=0.01 sys=0.00, real=0.00 secs] 
1872.199: [GC (Allocation Failure) [PSYoungGen: 270708K->184815K(465920K)] 941269K->856622K(1472512K), 0.0203425 secs] [Times: user=0.03 sys=0.00, real=0.02 secs] 
1872.486: [GC (Allocation Failure) [PSYoungGen: 417775K->184141K(465920K)] 1089582K->856228K(1472512K), 0.0202345 secs] [Times: user=0.03 sys=0.00, real=0.02 secs] 
1873.269: [GC (Allocation Failure) [PSYoungGen: 406904K->91950K(465920K)] 1078992K->764302K(1472512K), 0.0123006 secs] [Times: user=0.02 sys=0.00, real=0.02 secs] 
1874.193: [GC (Allocation Failure) [PSYoungGen: 324910K->37973K(465920K)] 997262K->710649K(1472512K), 0.0065740 secs] [Times: user=0.02 sys=0.00, real=0.00 secs] 
1874.469: [GC (Allocation Failure) [PSYoungGen: 270933K->184687K(465920K)] 943609K->858609K(1472512K), 0.0202506 secs] [Times: user=0.02 sys=0.00, real=0.02 secs] 
1874.752: [GC (Allocation Failure) [PSYoungGen: 417647K->184751K(465920K)] 1091569K->859082K(1472512K), 0.0203645 secs] [Times: user=0.03 sys=0.00, real=0.02 secs] 
1876.049: [GC (Allocation Failure) [PSYoungGen: 407193K->91387K(465920K)] 1081525K->765983K(1472512K), 0.0155888 secs] [Times: user=0.04 sys=0.00, real=0.02 secs] 
1877.748: [GC (Allocation Failure) [PSYoungGen: 324347K->38005K(465920K)] 998943K->712787K(1472512K), 0.0067988 secs] [Times: user=0.02 sys=0.00, real=0.01 secs] 
1878.105: [GC (Allocation Failure) [PSYoungGen: 270965K->184687K(465920K)] 945747K->860842K(1472512K), 0.0203828 secs] [Times: user=0.03 sys=0.00, real=0.02 secs] 
1878.388: [GC (Allocation Failure) [PSYoungGen: 417647K->184687K(465920K)] 1093802K->860995K(1472512K), 0.0202271 secs] [Times: user=0.03 sys=0.00, real=0.02 secs] 
1880.531: [GC (Allocation Failure) [PSYoungGen: 407283K->91355K(465920K)] 1083591K->767928K(1472512K), 0.0265671 secs] [Times: user=0.06 sys=0.01, real=0.02 secs] 
1882.867: [GC (Allocation Failure) [PSYoungGen: 324315K->37845K(465920K)] 1000888K->714726K(1472512K), 0.0074001 secs] [Times: user=0.02 sys=0.00, real=0.01 secs] 
1883.241: [GC (Allocation Failure) [PSYoungGen: 270805K->183787K(465920K)] 947686K->861906K(1472512K), 0.0203742 secs] [Times: user=0.03 sys=0.00, real=0.02 secs] 
1883.531: [GC (Allocation Failure) [PSYoungGen: 416747K->184719K(465920K)] 1094866K->863118K(1472512K), 0.0203945 secs] [Times: user=0.02 sys=0.00, real=0.02 secs] 
1884.516: [GC (Allocation Failure) [PSYoungGen: 410140K->92415K(465920K)] 1088540K->771080K(1472512K), 0.0123856 secs] [Times: user=0.03 sys=0.00, real=0.01 secs] 
1886.812: [GC (Allocation Failure) [PSYoungGen: 325375K->37588K(465920K)] 1004040K->716560K(1472512K), 0.0079713 secs] [Times: user=0.02 sys=0.00, real=0.01 secs] 
1887.126: [GC (Allocation Failure) [PSYoungGen: 270548K->184205K(465920K)] 949520K->864431K(1472512K), 0.0203878 secs] [Times: user=0.02 sys=0.00, real=0.02 secs] 
1887.471: [GC (Allocation Failure) [PSYoungGen: 417165K->184526K(465920K)] 1097391K->865033K(1472512K), 0.0203216 secs] [Times: user=0.02 sys=0.01, real=0.02 secs] 
1888.644: [GC (Allocation Failure) [PSYoungGen: 408139K->92367K(465920K)] 1088646K->773139K(1472512K), 0.0131585 secs] [Times: user=0.03 sys=0.00, real=0.01 secs] 
1890.369: [GC (Allocation Failure) [PSYoungGen: 325327K->37395K(465920K)] 1006099K->718482K(1472512K), 0.0068818 secs] [Times: user=0.02 sys=0.00, real=0.01 secs] 
1890.659: [GC (Allocation Failure) [PSYoungGen: 270355K->184719K(465920K)] 951442K->867060K(1472512K), 0.0203400 secs] [Times: user=0.02 sys=0.00, real=0.02 secs] 
1891.003: [GC (Allocation Failure) [PSYoungGen: 417679K->184108K(465920K)] 1100020K->866723K(1472512K), 0.0203787 secs] [Times: user=0.03 sys=0.00, real=0.02 secs] 
1892.016: [GC (Allocation Failure) [PSYoungGen: 408213K->92672K(465920K)] 1090827K->775552K(1472512K), 0.0125928 secs] [Times: user=0.02 sys=0.00, real=0.01 secs] 
1893.130: [GC (Allocation Failure) [PSYoungGen: 325632K->37877K(465920K)] 1008512K->721064K(1472512K), 0.0067680 secs] [Times: user=0.02 sys=0.00, real=0.00 secs] 
1893.413: [GC (Allocation Failure) [PSYoungGen: 270837K->184462K(465920K)] 954024K->868895K(1472512K), 0.0203130 secs] [Times: user=0.03 sys=0.00, real=0.02 secs] 
1893.754: [GC (Allocation Failure) [PSYoungGen: 417422K->184269K(465920K)] 1101855K->868975K(1472512K), 0.0202564 secs] [Times: user=0.03 sys=0.00, real=0.02 secs] 
1895.019: [GC (Allocation Failure) [PSYoungGen: 409311K->92078K(465920K)] 1094017K->777178K(1472512K), 0.0131308 secs] [Times: user=0.03 sys=0.00, real=0.02 secs] 
1895.885: [GC (Allocation Failure) [PSYoungGen: 325038K->38034K(465920K)] 1010138K->723327K(1472512K), 0.0056771 secs] [Times: user=0.01 sys=0.00, real=0.01 secs] 
1896.151: [GC (Allocation Failure) [PSYoungGen: 270994K->184173K(465920K)] 956287K->870711K(1472512K), 0.0204178 secs] [Times: user=0.02 sys=0.00, real=0.02 secs] 
1896.498: [GC (Allocation Failure) [PSYoungGen: 417133K->184880K(465920K)] 1103671K->871699K(1472512K), 0.0203379 secs] [Times: user=0.03 sys=0.00, real=0.02 secs] 
1897.590: [GC (Allocation Failure) [PSYoungGen: 407783K->91596K(465920K)] 1094603K->778680K(1472512K), 0.0157450 secs] [Times: user=0.03 sys=0.00, real=0.02 secs] 
1899.682: [GC (Allocation Failure) [PSYoungGen: 324556K->37620K(465920K)] 1011640K->725012K(1472512K), 0.0081284 secs] [Times: user=0.02 sys=0.00, real=0.01 secs] 
1899.999: [GC (Allocation Failure) [PSYoungGen: 270580K->183690K(465920K)] 957972K->872336K(1472512K), 0.0204621 secs] [Times: user=0.02 sys=0.00, real=0.02 secs] 
1900.287: [GC (Allocation Failure) [PSYoungGen: 416650K->184655K(465920K)] 1105296K->873581K(1472512K), 0.0205281 secs] [Times: user=0.02 sys=0.00, real=0.02 secs] 
1901.286: [GC (Allocation Failure) [PSYoungGen: 410020K->92801K(465920K)] 1098947K->781993K(1472512K), 0.0138833 secs] [Times: user=0.02 sys=0.00, real=0.02 secs] 
1902.849: [GC (Allocation Failure) [PSYoungGen: 325761K->37877K(465920K)] 1014953K->727386K(1472512K), 0.0077669 secs] [Times: user=0.02 sys=0.00, real=0.01 secs] 
1903.155: [GC (Allocation Failure) [PSYoungGen: 270837K->184044K(465920K)] 960346K->874799K(1472512K), 0.0203096 secs] [Times: user=0.03 sys=0.00, real=0.02 secs] 
1903.438: [GC (Allocation Failure) [PSYoungGen: 417004K->184912K(465920K)] 1107759K->875940K(1472512K), 0.0203180 secs] [Times: user=0.03 sys=0.00, real=0.02 secs] 
1904.314: [GC (Allocation Failure) [PSYoungGen: 405623K->91853K(465920K)] 1096651K->783275K(1472512K), 0.0120194 secs] [Times: user=0.02 sys=0.00, real=0.01 secs] 
1905.173: [GC (Allocation Failure) [PSYoungGen: 324813K->38163K(465920K)] 1016235K->729764K(1472512K), 0.0057014 secs] [Times: user=0.01 sys=0.00, real=0.00 secs] 
1905.442: [GC (Allocation Failure) [PSYoungGen: 271123K->184558K(465920K)] 962724K->877405K(1472512K), 0.0203645 secs] [Times: user=0.02 sys=0.00, real=0.02 secs] 
1905.784: [GC (Allocation Failure) [PSYoungGen: 417518K->184269K(465920K)] 1110365K->877397K(1472512K), 0.0203093 secs] [Times: user=0.03 sys=0.00, real=0.02 secs] 
1908.972: [GC (Allocation Failure) [PSYoungGen: 406841K->91741K(465920K)] 1099968K->785133K(1472512K), 0.0203611 secs] [Times: user=0.04 sys=0.00, real=0.02 secs] 
1911.340: [GC (Allocation Failure) [PSYoungGen: 324701K->37652K(465920K)] 1018093K->731350K(1472512K), 0.0079228 secs] [Times: user=0.02 sys=0.01, real=0.01 secs] 
1911.651: [GC (Allocation Failure) [PSYoungGen: 270612K->184430K(465920K)] 964310K->879510K(1472512K), 0.0205084 secs] [Times: user=0.03 sys=0.00, real=0.02 secs] 
1911.933: [GC (Allocation Failure) [PSYoungGen: 417390K->184526K(465920K)] 1112470K->879759K(1472512K), 0.0204746 secs] [Times: user=0.03 sys=0.00, real=0.02 secs] 
1913.292: [GC (Allocation Failure) [PSYoungGen: 407580K->92126K(465920K)] 1102813K->787624K(1472512K), 0.0203544 secs] [Times: user=0.04 sys=0.00, real=0.02 secs] 
1914.964: [GC (Allocation Failure) [PSYoungGen: 325086K->37716K(465920K)] 1020584K->733528K(1472512K), 0.0087396 secs] [Times: user=0.02 sys=0.00, real=0.01 secs] 
1915.322: [GC (Allocation Failure) [PSYoungGen: 270676K->184430K(465920K)] 966488K->881487K(1472512K), 0.0204693 secs] [Times: user=0.03 sys=0.00, real=0.02 secs] 
1915.666: [GC (Allocation Failure) [PSYoungGen: 417390K->184590K(465920K)] 1114447K->881921K(1472512K), 0.0203468 secs] [Times: user=0.02 sys=0.00, real=0.02 secs] 
1917.282: [GC (Allocation Failure) [PSYoungGen: 407643K->91998K(465920K)] 1104973K->789601K(1472512K), 0.0197736 secs] [Times: user=0.05 sys=0.00, real=0.02 secs] 
1919.893: [GC (Allocation Failure) [PSYoungGen: 324958K->37620K(465920K)] 1022561K->735531K(1472512K), 0.0086208 secs] [Times: user=0.02 sys=0.00, real=0.01 secs] 
1920.217: [GC (Allocation Failure) [PSYoungGen: 270580K->184815K(465920K)] 968491K->883972K(1472512K), 0.0204692 secs] [Times: user=0.03 sys=0.00, real=0.02 secs] 
1920.500: [GC (Allocation Failure) [PSYoungGen: 417775K->184141K(465920K)] 1116932K->883578K(1472512K), 0.0202980 secs] [Times: user=0.03 sys=0.00, real=0.02 secs] 
1921.142: [GC (Allocation Failure) [PSYoungGen: 409454K->92158K(465920K)] 1108892K->791861K(1472512K), 0.0106835 secs] [Times: user=0.02 sys=0.00, real=0.01 secs] 
1923.065: [GC (Allocation Failure) [PSYoungGen: 325118K->37748K(465920K)] 1024821K->737767K(1472512K), 0.0076816 secs] [Times: user=0.02 sys=0.00, real=0.01 secs] 
1923.373: [GC (Allocation Failure) [PSYoungGen: 270708K->184687K(465920K)] 970727K->886087K(1472512K), 0.0204122 secs] [Times: user=0.03 sys=0.00, real=0.02 secs] 
1923.656: [GC (Allocation Failure) [PSYoungGen: 417647K->184398K(465920K)] 1119047K->885943K(1472512K), 0.0203776 secs] [Times: user=0.02 sys=0.00, real=0.02 secs] 
1924.438: [GC (Allocation Failure) [PSYoungGen: 406967K->91885K(465920K)] 1108512K->793695K(1472512K), 0.0137502 secs] [Times: user=0.03 sys=0.00, real=0.02 secs] 
1925.256: [GC (Allocation Failure) [PSYoungGen: 324845K->38005K(465920K)] 1026655K->740125K(1472512K), 0.0056755 secs] [Times: user=0.01 sys=0.00, real=0.01 secs] 
1925.524: [GC (Allocation Failure) [PSYoungGen: 270965K->184430K(465920K)] 973085K->887787K(1472512K), 0.0202411 secs] [Times: user=0.02 sys=0.00, real=0.02 secs] 
1925.867: [GC (Allocation Failure) [PSYoungGen: 417390K->184558K(465920K)] 1120747K->888197K(1472512K), 0.0202704 secs] [Times: user=0.03 sys=0.00, real=0.02 secs] 
1927.490: [GC (Allocation Failure) [PSYoungGen: 407083K->91693K(465920K)] 1110722K->795596K(1472512K), 0.0146427 secs] [Times: user=0.03 sys=0.00, real=0.01 secs] 
1929.826: [GC (Allocation Failure) [PSYoungGen: 324653K->37909K(465920K)] 1028556K->742128K(1472512K), 0.0078622 secs] [Times: user=0.02 sys=0.00, real=0.01 secs] 
1930.178: [GC (Allocation Failure) [PSYoungGen: 270869K->184462K(465920K)] 975088K->889935K(1472512K), 0.0204818 secs] [Times: user=0.03 sys=0.00, real=0.02 secs] 
1930.522: [GC (Allocation Failure) [PSYoungGen: 417422K->184526K(465920K)] 1122895K->890272K(1472512K), 0.0206439 secs] [Times: user=0.02 sys=0.00, real=0.02 secs] 
1931.322: [GC (Allocation Failure) [PSYoungGen: 407056K->91885K(465920K)] 1112802K->797904K(1472512K), 0.0123835 secs] [Times: user=0.03 sys=0.00, real=0.01 secs] 
1932.133: [GC (Allocation Failure) [PSYoungGen: 324845K->38034K(465920K)] 1030864K->744355K(1472512K), 0.0056592 secs] [Times: user=0.02 sys=0.00, real=0.00 secs] 
1932.400: [GC (Allocation Failure) [PSYoungGen: 270994K->184430K(465920K)] 977315K->891996K(1472512K), 0.0205445 secs] [Times: user=0.03 sys=0.00, real=0.02 secs] 
1932.689: [GC (Allocation Failure) [PSYoungGen: 417390K->184526K(465920K)] 1124956K->892374K(1472512K), 0.0204033 secs] [Times: user=0.03 sys=0.00, real=0.02 secs] 
1934.147: [GC (Allocation Failure) [PSYoungGen: 407055K->91741K(465920K)] 1114903K->799853K(1472512K), 0.0170579 secs] [Times: user=0.04 sys=0.00, real=0.02 secs] 
1935.729: [GC (Allocation Failure) [PSYoungGen: 324701K->37652K(465920K)] 1032813K->746088K(1472512K), 0.0074010 secs] [Times: user=0.02 sys=0.00, real=0.01 secs] 
1936.025: [GC (Allocation Failure) [PSYoungGen: 270612K->182245K(465920K)] 979048K->891927K(1472512K), 0.0200680 secs] [Times: user=0.03 sys=0.00, real=0.02 secs] 
1936.308: [GC (Allocation Failure) [PSYoungGen: 415205K->184269K(465920K)] 1124887K->894224K(1472512K), 0.0205203 secs] [Times: user=0.03 sys=0.00, real=0.02 secs] 
1937.830: [GC (Allocation Failure) [PSYoungGen: 410969K->94520K(465920K)] 1120924K->804740K(1472512K), 0.0196149 secs] [Times: user=0.04 sys=0.00, real=0.02 secs] 
1939.556: [GC (Allocation Failure) [PSYoungGen: 327480K->37748K(465920K)] 1037700K->748145K(1472512K), 0.0072488 secs] [Times: user=0.02 sys=0.00, real=0.01 secs] 
1939.851: [GC (Allocation Failure) [PSYoungGen: 270708K->184173K(465920K)] 981105K->895815K(1472512K), 0.0204304 secs] [Times: user=0.03 sys=0.00, real=0.02 secs] 
1940.133: [GC (Allocation Failure) [PSYoungGen: 417133K->184526K(465920K)] 1128775K->896578K(1472512K), 0.0204741 secs] [Times: user=0.03 sys=0.00, real=0.02 secs] 
1941.995: [GC (Allocation Failure) [PSYoungGen: 409698K->92239K(465920K)] 1121751K->804427K(1472512K), 0.0128053 secs] [Times: user=0.03 sys=0.00, real=0.01 secs] 
1943.278: [GC (Allocation Failure) [PSYoungGen: 325199K->37745K(465920K)] 1037387K->750240K(1472512K), 0.0069084 secs] [Times: user=0.02 sys=0.00, real=0.01 secs] 
1943.629: [GC (Allocation Failure) [PSYoungGen: 270705K->184687K(465920K)] 983200K->898555K(1472512K), 0.0204940 secs] [Times: user=0.03 sys=0.00, real=0.02 secs] 
1943.913: [GC (Allocation Failure) [PSYoungGen: 417647K->184655K(465920K)] 1131515K->898804K(1472512K), 0.0213728 secs] [Times: user=0.03 sys=0.00, real=0.02 secs] 
1944.581: [GC (Allocation Failure) [PSYoungGen: 407349K->91612K(465920K)] 1121499K->806027K(1472512K), 0.0125105 secs] [Times: user=0.03 sys=0.00, real=0.01 secs] 
1945.471: [GC (Allocation Failure) [PSYoungGen: 324572K->38034K(465920K)] 1038987K->752626K(1472512K), 0.0067725 secs] [Times: user=0.02 sys=0.00, real=0.00 secs] 
1945.836: [GC (Allocation Failure) [PSYoungGen: 270994K->183916K(465920K)] 985586K->899761K(1472512K), 0.0202709 secs] [Times: user=0.03 sys=0.00, real=0.02 secs] 
1946.171: [GC (Allocation Failure) [PSYoungGen: 416876K->184398K(465920K)] 1132721K->900524K(1472512K), 0.0203317 secs] [Times: user=0.02 sys=0.00, real=0.02 secs] 
1947.855: [GC (Allocation Failure) [PSYoungGen: 409611K->92383K(465920K)] 1125737K->808775K(1472512K), 0.0160109 secs] [Times: user=0.03 sys=0.00, real=0.02 secs] 
1948.794: [GC (Allocation Failure) [PSYoungGen: 325343K->38034K(465920K)] 1041735K->754740K(1472512K), 0.0057518 secs] [Times: user=0.01 sys=0.00, real=0.00 secs] 
1949.064: [GC (Allocation Failure) [PSYoungGen: 270994K->184687K(465920K)] 987700K->902638K(1472512K), 0.0204851 secs] [Times: user=0.03 sys=0.00, real=0.02 secs] 
1949.347: [GC (Allocation Failure) [PSYoungGen: 417647K->184655K(465920K)] 1135598K->902887K(1472512K), 0.0203523 secs] [Times: user=0.02 sys=0.00, real=0.02 secs] 
1951.151: [GC (Allocation Failure) [PSYoungGen: 407250K->91355K(465920K)] 1125482K->809860K(1472512K), 0.0267902 secs] [Times: user=0.06 sys=0.00, real=0.02 secs] 
1952.840: [GC (Allocation Failure) [PSYoungGen: 324315K->37970K(465920K)] 1042820K->756783K(1472512K), 0.0071947 secs] [Times: user=0.02 sys=0.00, real=0.01 secs] 
1953.133: [GC (Allocation Failure) [PSYoungGen: 270930K->184687K(465920K)] 989743K->904882K(1472512K), 0.0205454 secs] [Times: user=0.03 sys=0.00, real=0.02 secs] 
1953.416: [GC (Allocation Failure) [PSYoungGen: 417647K->184655K(465920K)] 1137842K->905002K(1472512K), 0.0204652 secs] [Times: user=0.02 sys=0.00, real=0.02 secs] 
1954.629: [GC (Allocation Failure) [PSYoungGen: 407220K->91499K(465920K)] 1127567K->812120K(1472512K), 0.0124299 secs] [Times: user=0.02 sys=0.00, real=0.02 secs] 
1956.365: [GC (Allocation Failure) [PSYoungGen: 324459K->37716K(465920K)] 1045080K->758644K(1472512K), 0.0071549 secs] [Times: user=0.02 sys=0.00, real=0.01 secs] 
1956.656: [GC (Allocation Failure) [PSYoungGen: 270676K->183787K(465920K)] 991604K->905961K(1472512K), 0.0205422 secs] [Times: user=0.03 sys=0.00, real=0.02 secs] 
1956.938: [GC (Allocation Failure) [PSYoungGen: 416747K->184430K(465920K)] 1138921K->906876K(1472512K), 0.0202873 secs] [Times: user=0.03 sys=0.00, real=0.02 secs] 
1958.322: [GC (Allocation Failure) [PSYoungGen: 409659K->92737K(465920K)] 1132105K->815449K(1472512K), 0.0198972 secs] [Times: user=0.04 sys=0.00, real=0.02 secs] 
1959.295: [GC (Allocation Failure) [PSYoungGen: 325697K->38134K(465920K)] 1048409K->761151K(1472512K), 0.0057503 secs] [Times: user=0.01 sys=0.00, real=0.01 secs] 
1959.564: [GC (Allocation Failure) [PSYoungGen: 271094K->184590K(465920K)] 994111K->908845K(1472512K), 0.0206372 secs] [Times: user=0.03 sys=0.00, real=0.02 secs] 
1959.849: [GC (Allocation Failure) [PSYoungGen: 417550K->184430K(465920K)] 1141805K->908974K(1472512K), 0.0203092 secs] [Times: user=0.03 sys=0.00, real=0.02 secs] 
1961.103: [GC (Allocation Failure) [PSYoungGen: 407062K->91628K(465920K)] 1131606K->816566K(1472512K), 0.0191512 secs] [Times: user=0.04 sys=0.00, real=0.02 secs] 
1962.644: [GC (Allocation Failure) [PSYoungGen: 324588K->37877K(465920K)] 1049526K->762994K(1472512K), 0.0071099 secs] [Times: user=0.01 sys=0.00, real=0.01 secs] 
1962.935: [GC (Allocation Failure) [PSYoungGen: 270837K->183787K(465920K)] 995954K->910142K(1472512K), 0.0204829 secs] [Times: user=0.03 sys=0.00, real=0.02 secs] 
1963.217: [GC (Allocation Failure) [PSYoungGen: 416747K->184430K(465920K)] 1143102K->911057K(1472512K), 0.0202593 secs] [Times: user=0.03 sys=0.00, real=0.02 secs] 
1963.905: [GC (Allocation Failure) [PSYoungGen: 409541K->92672K(465920K)] 1136168K->819693K(1472512K), 0.0117667 secs] [Times: user=0.02 sys=0.00, real=0.01 secs] 
1965.427: [GC (Allocation Failure) [PSYoungGen: 325632K->37716K(465920K)] 1052653K->764923K(1472512K), 0.0087692 secs] [Times: user=0.02 sys=0.00, real=0.01 secs] 
1965.755: [GC (Allocation Failure) [PSYoungGen: 270676K->184751K(465920K)] 997883K->913211K(1472512K), 0.0203980 secs] [Times: user=0.03 sys=0.00, real=0.02 secs] 
1966.101: [GC (Allocation Failure) [PSYoungGen: 417711K->184719K(465920K)] 1146171K->913588K(1472512K), 0.0204613 secs] [Times: user=0.03 sys=0.00, real=0.02 secs] 
1966.804: [GC (Allocation Failure) [PSYoungGen: 407417K->91628K(465920K)] 1136287K->820763K(1472512K), 0.0124191 secs] [Times: user=0.03 sys=0.00, real=0.01 secs] 
1967.701: [GC (Allocation Failure) [PSYoungGen: 324588K->38005K(465920K)] 1053723K->767319K(1472512K), 0.0060478 secs] [Times: user=0.01 sys=0.00, real=0.00 secs] 
1968.030: [GC (Allocation Failure) [PSYoungGen: 270965K->183916K(465920K)] 1000279K->914475K(1472512K), 0.0204578 secs] [Times: user=0.03 sys=0.00, real=0.02 secs] 
1968.312: [GC (Allocation Failure) [PSYoungGen: 416876K->184398K(465920K)] 1147435K->915238K(1472512K), 0.0203783 secs] [Times: user=0.03 sys=0.00, real=0.02 secs] 
1969.789: [GC (Allocation Failure) [PSYoungGen: 409633K->92383K(465920K)] 1140474K->823489K(1472512K), 0.0160648 secs] [Times: user=0.03 sys=0.00, real=0.02 secs] 
1972.007: [GC (Allocation Failure) [PSYoungGen: 325343K->37748K(465920K)] 1056449K->769163K(1472512K), 0.0078077 secs] [Times: user=0.02 sys=0.00, real=0.01 secs] 
1972.314: [GC (Allocation Failure) [PSYoungGen: 270708K->184044K(465920K)] 1002123K->916705K(1472512K), 0.0204988 secs] [Times: user=0.03 sys=0.00, real=0.02 secs] 
1972.597: [GC (Allocation Failure) [PSYoungGen: 417004K->184944K(465920K)] 1149665K->917886K(1472512K), 0.0205046 secs] [Times: user=0.03 sys=0.00, real=0.02 secs] 
1973.792: [GC (Allocation Failure) [PSYoungGen: 410377K->91918K(465920K)] 1143319K->825125K(1472512K), 0.0125335 secs] [Times: user=0.02 sys=0.00, real=0.01 secs] 
1975.371: [GC (Allocation Failure) [PSYoungGen: 324878K->37748K(465920K)] 1058085K->771265K(1472512K), 0.0073887 secs] [Times: user=0.01 sys=0.00, real=0.00 secs] 
1975.749: [GC (Allocation Failure) [PSYoungGen: 270708K->184687K(465920K)] 1004225K->919577K(1472512K), 0.0206460 secs] [Times: user=0.03 sys=0.00, real=0.02 secs] 
1976.031: [GC (Allocation Failure) [PSYoungGen: 417647K->184430K(465920K)] 1152537K->919473K(1472512K), 0.0205612 secs] [Times: user=0.03 sys=0.00, real=0.02 secs] 
1977.461: [GC (Allocation Failure) [PSYoungGen: 406747K->91837K(465920K)] 1141790K->827145K(1472512K), 0.0268151 secs] [Times: user=0.05 sys=0.00, real=0.02 secs] 
1979.365: [GC (Allocation Failure) [PSYoungGen: 324797K->37488K(465920K)] 1060105K->773120K(1472512K), 0.0066687 secs] [Times: user=0.02 sys=0.00, real=0.01 secs] 
1979.645: [GC (Allocation Failure) [PSYoungGen: 270448K->184687K(465920K)] 1006080K->921564K(1472512K), 0.0208006 secs] [Times: user=0.02 sys=0.00, real=0.02 secs] 
1979.933: [GC (Allocation Failure) [PSYoungGen: 417647K->186486K(465920K)] 1154524K->923789K(1472512K), 0.0208146 secs] [Times: user=0.02 sys=0.00, real=0.02 secs] 
1980.663: [GC (Allocation Failure) [PSYoungGen: 408525K->90086K(465920K)] 1145828K->827525K(1472512K), 0.0114530 secs] [Times: user=0.03 sys=0.00, real=0.01 secs] 
1981.638: [GC (Allocation Failure) [PSYoungGen: 323046K->38034K(465920K)] 1060485K->775774K(1472512K), 0.0058152 secs] [Times: user=0.02 sys=0.00, real=0.01 secs] 
1981.905: [GC (Allocation Failure) [PSYoungGen: 270994K->184205K(465920K)] 1008734K->923310K(1472512K), 0.0206044 secs] [Times: user=0.03 sys=0.00, real=0.02 secs] 
1982.187: [GC (Allocation Failure) [PSYoungGen: 417165K->184173K(465920K)] 1156270K->923431K(1472512K), 0.0204211 secs] [Times: user=0.02 sys=0.00, real=0.02 secs] 
1983.683: [GC (Allocation Failure) [PSYoungGen: 409409K->92383K(465920K)] 1148668K->831906K(1472512K), 0.0173902 secs] [Times: user=0.04 sys=0.00, real=0.02 secs] 
1985.813: [GC (Allocation Failure) [PSYoungGen: 325343K->38005K(465920K)] 1064866K->777844K(1472512K), 0.0069427 secs] [Times: user=0.01 sys=0.00, real=0.01 secs] 
1986.095: [GC (Allocation Failure) [PSYoungGen: 270965K->184719K(465920K)] 1010804K->925811K(1472512K), 0.0203810 secs] [Times: user=0.03 sys=0.00, real=0.02 secs] 
1986.378: [GC (Allocation Failure) [PSYoungGen: 417679K->184398K(465920K)] 1158771K->925771K(1472512K), 0.0204194 secs] [Times: user=0.03 sys=0.00, real=0.02 secs] 
1987.920: [GC (Allocation Failure) [PSYoungGen: 406880K->91644K(465920K)] 1148253K->833291K(1472512K), 0.0148131 secs] [Times: user=0.03 sys=0.00, real=0.02 secs] 
1989.082: [GC (Allocation Failure) [PSYoungGen: 324604K->38102K(465920K)] 1066251K->780070K(1472512K), 0.0060420 secs] [Times: user=0.02 sys=0.00, real=0.00 secs] 
1989.411: [GC (Allocation Failure) [PSYoungGen: 271062K->184687K(465920K)] 1013030K->928029K(1472512K), 0.0204582 secs] [Times: user=0.03 sys=0.00, real=0.02 secs] 
1989.694: [GC (Allocation Failure) [PSYoungGen: 417647K->184751K(465920K)] 1160989K->928238K(1472512K), 0.0206236 secs] [Times: user=0.03 sys=0.00, real=0.02 secs] 
1991.766: [GC (Allocation Failure) [PSYoungGen: 407174K->91178K(465920K)] 1150661K->834954K(1472512K), 0.0250989 secs] [Times: user=0.05 sys=0.00, real=0.03 secs] 
1993.552: [GC (Allocation Failure) [PSYoungGen: 324138K->37777K(465920K)] 1067914K->781877K(1472512K), 0.0088563 secs] [Times: user=0.02 sys=0.00, real=0.01 secs] 
1993.875: [GC (Allocation Failure) [PSYoungGen: 270737K->183787K(465920K)] 1014837K->929132K(1472512K), 0.0204150 secs] [Times: user=0.02 sys=0.00, real=0.02 secs] 
1994.162: [GC (Allocation Failure) [PSYoungGen: 416747K->184655K(465920K)] 1162092K->930281K(1472512K), 0.0205355 secs] [Times: user=0.02 sys=0.00, real=0.02 secs] 
1995.112: [GC (Allocation Failure) [PSYoungGen: 410073K->92496K(465920K)] 1155699K->838387K(1472512K), 0.0124484 secs] [Times: user=0.02 sys=0.00, real=0.01 secs] 
1995.931: [GC (Allocation Failure) [PSYoungGen: 325456K->38034K(465920K)] 1071347K->784241K(1472512K), 0.0057934 secs] [Times: user=0.02 sys=0.00, real=0.00 secs] 
1996.201: [GC (Allocation Failure) [PSYoungGen: 270994K->184558K(465920K)] 1017201K->932019K(1472512K), 0.0205157 secs] [Times: user=0.03 sys=0.01, real=0.02 secs] 
1996.489: [GC (Allocation Failure) [PSYoungGen: 417518K->184815K(465920K)] 1164979K->932685K(1472512K), 0.0203909 secs] [Times: user=0.03 sys=0.00, real=0.02 secs] 
1997.610: [GC (Allocation Failure) [PSYoungGen: 407203K->91339K(465920K)] 1155073K->839474K(1472512K), 0.0136628 secs] [Times: user=0.03 sys=0.00, real=0.01 secs] 
1999.419: [GC (Allocation Failure) [PSYoungGen: 324299K->38102K(465920K)] 1072434K->786424K(1472512K), 0.0087239 secs] [Times: user=0.02 sys=0.00, real=0.01 secs] 
1999.782: [GC (Allocation Failure) [PSYoungGen: 271062K->184687K(465920K)] 1019384K->934383K(1472512K), 0.0208450 secs] [Times: user=0.02 sys=0.00, real=0.02 secs] 
2000.073: [GC (Allocation Failure) [PSYoungGen: 417647K->184687K(465920K)] 1167343K->934680K(1472512K), 0.0205791 secs] [Times: user=0.03 sys=0.00, real=0.02 secs] 
2001.142: [GC (Allocation Failure) [PSYoungGen: 407117K->91226K(465920K)] 1157111K->841357K(1472512K), 0.0164623 secs] [Times: user=0.04 sys=0.00, real=0.01 secs] 
2002.805: [GC (Allocation Failure) [PSYoungGen: 324186K->37620K(465920K)] 1074317K->788044K(1472512K), 0.0080833 secs] [Times: user=0.02 sys=0.00, real=0.01 secs] 
2003.121: [GC (Allocation Failure) [PSYoungGen: 270580K->183916K(465920K)] 1021004K->935585K(1472512K), 0.0202958 secs] [Times: user=0.03 sys=0.00, real=0.02 secs] 
2003.408: [GC (Allocation Failure) [PSYoungGen: 416876K->184462K(465920K)] 1168545K->936413K(1472512K), 0.0203490 secs] [Times: user=0.03 sys=0.00, real=0.02 secs] 
2005.166: [GC (Allocation Failure) [PSYoungGen: 409670K->92801K(465920K)] 1161621K->845017K(1472512K), 0.0194686 secs] [Times: user=0.04 sys=0.00, real=0.02 secs] 
2007.254: [GC (Allocation Failure) [PSYoungGen: 325761K->37716K(465920K)] 1077977K->790246K(1472512K), 0.0068514 secs] [Times: user=0.01 sys=0.00, real=0.01 secs] 
2007.535: [GC (Allocation Failure) [PSYoungGen: 270676K->184044K(465920K)] 1023206K->937819K(1472512K), 0.0204341 secs] [Times: user=0.03 sys=0.00, real=0.02 secs] 
2007.877: [GC (Allocation Failure) [PSYoungGen: 417004K->184590K(465920K)] 1170779K->938767K(1472512K), 0.0204119 secs] [Times: user=0.03 sys=0.00, real=0.02 secs] 
2009.909: [GC (Allocation Failure) [PSYoungGen: 409675K->92383K(465920K)] 1163851K->846825K(1472512K), 0.0253306 secs] [Times: user=0.05 sys=0.00, real=0.03 secs] 
2011.909: [GC (Allocation Failure) [PSYoungGen: 325343K->37491K(465920K)] 1079785K->792112K(1472512K), 0.0082038 secs] [Times: user=0.02 sys=0.00, real=0.01 secs] 
2012.223: [GC (GCLocker Initiated GC) [PSYoungGen: 270451K->183401K(465920K)] 1025072K->939260K(1472512K), 0.0204441 secs] [Times: user=0.03 sys=0.00, real=0.02 secs] 
2012.509: [GC (Allocation Failure) [PSYoungGen: 416361K->184783K(465920K)] 1173345K->942040K(1472512K), 0.0206567 secs] [Times: user=0.03 sys=0.00, real=0.03 secs] 
2013.643: [GC (Allocation Failure) [PSYoungGen: 410375K->92126K(465920K)] 1167632K->849391K(1472512K), 0.0168153 secs] [Times: user=0.03 sys=0.00, real=0.02 secs] 
2015.761: [GC (Allocation Failure) [PSYoungGen: 325086K->37716K(465920K)] 1082351K->795327K(1472512K), 0.0072891 secs] [Times: user=0.02 sys=0.00, real=0.00 secs] 
2016.054: [GC (Allocation Failure) [PSYoungGen: 270676K->184558K(465920K)] 1028287K->943422K(1472512K), 0.0206655 secs] [Times: user=0.03 sys=0.00, real=0.02 secs] 
2016.336: [GC (Allocation Failure) [PSYoungGen: 417518K->184269K(465920K)] 1176382K->943406K(1472512K), 0.0205115 secs] [Times: user=0.03 sys=0.00, real=0.02 secs] 
2017.814: [GC (Allocation Failure) [PSYoungGen: 409147K->92126K(465920K)] 1168284K->851528K(1472512K), 0.0195578 secs] [Times: user=0.05 sys=0.00, real=0.02 secs] 
2019.286: [GC (Allocation Failure) [PSYoungGen: 325086K->37906K(465920K)] 1084488K->797618K(1472512K), 0.0071770 secs] [Times: user=0.02 sys=0.00, real=0.01 secs] 
2019.578: [GC (Allocation Failure) [PSYoungGen: 270866K->184462K(465920K)] 1030578K->945419K(1472512K), 0.0204399 secs] [Times: user=0.03 sys=0.00, real=0.02 secs] 
2019.862: [GC (Allocation Failure) [PSYoungGen: 417422K->184526K(465920K)] 1178379K->945781K(1472512K), 0.0208882 secs] [Times: user=0.03 sys=0.00, real=0.02 secs] 
2020.554: [GC (Allocation Failure) [PSYoungGen: 407064K->91869K(465920K)] 1168319K->853389K(1472512K), 0.0114477 secs] [Times: user=0.02 sys=0.00, real=0.01 secs] 
2021.436: [GC (Allocation Failure) [PSYoungGen: 324829K->38034K(465920K)] 1086349K->799862K(1472512K), 0.0058645 secs] [Times: user=0.01 sys=0.00, real=0.01 secs] 
2021.757: [GC (Allocation Failure) [PSYoungGen: 270994K->184430K(465920K)] 1032822K->947503K(1472512K), 0.0207275 secs] [Times: user=0.03 sys=0.00, real=0.02 secs] 
2022.101: [GC (Allocation Failure) [PSYoungGen: 417390K->184269K(465920K)] 1180463K->947623K(1472512K), 0.0204535 secs] [Times: user=0.03 sys=0.00, real=0.02 secs] 
2023.335: [GC (Allocation Failure) [PSYoungGen: 409315K->92014K(465920K)] 1172669K->855761K(1472512K), 0.0170565 secs] [Times: user=0.04 sys=0.00, real=0.02 secs] 
2025.299: [GC (Allocation Failure) [PSYoungGen: 324974K->37716K(465920K)] 1088721K->801645K(1472512K), 0.0083356 secs] [Times: user=0.02 sys=0.00, real=0.01 secs] 
2025.620: [GC (Allocation Failure) [PSYoungGen: 270676K->184815K(465920K)] 1034605K->949990K(1472512K), 0.0207590 secs] [Times: user=0.03 sys=0.00, real=0.03 secs] 
2025.911: [GC (Allocation Failure) [PSYoungGen: 417775K->184719K(465920K)] 1182950K->950174K(1472512K), 0.0204761 secs] [Times: user=0.03 sys=0.00, real=0.02 secs] 
2026.624: [GC (Allocation Failure) [PSYoungGen: 407190K->91484K(465920K)] 1172646K->857204K(1472512K), 0.0124582 secs] [Times: user=0.03 sys=0.00, real=0.01 secs] 
2027.537: [GC (Allocation Failure) [PSYoungGen: 324444K->37970K(465920K)] 1090164K->803989K(1472512K), 0.0076192 secs] [Times: user=0.01 sys=0.00, real=0.01 secs] 
2027.822: [GC (Allocation Failure) [PSYoungGen: 270930K->184430K(465920K)] 1036949K->951693K(1472512K), 0.0204193 secs] [Times: user=0.03 sys=0.00, real=0.02 secs] 
2028.165: [GC (Allocation Failure) [PSYoungGen: 417390K->184494K(465920K)] 1184653K->952031K(1472512K), 0.0205365 secs] [Times: user=0.03 sys=0.00, real=0.02 secs] 
2029.268: [GC (Allocation Failure) [PSYoungGen: 407038K->91741K(465920K)] 1174575K->859542K(1472512K), 0.0134646 secs] [Times: user=0.03 sys=0.00, real=0.02 secs] 
2031.099: [GC (Allocation Failure) [PSYoungGen: 324701K->37395K(465920K)] 1092502K->805506K(1472512K), 0.0074566 secs] [Times: user=0.02 sys=0.00, real=0.01 secs] 
2031.401: [GC (Allocation Failure) [PSYoungGen: 270355K->184687K(465920K)] 1038466K->954052K(1472512K), 0.0205730 secs] [Times: user=0.03 sys=0.00, real=0.02 secs] 
2031.688: [GC (Allocation Failure) [PSYoungGen: 417647K->184012K(465920K)] 1187012K->953658K(1472512K), 0.0202937 secs] [Times: user=0.02 sys=0.00, real=0.02 secs] 
2033.217: [GC (Allocation Failure) [PSYoungGen: 408125K->92672K(465920K)] 1177771K->862584K(1472512K), 0.0194473 secs] [Times: user=0.04 sys=0.00, real=0.02 secs] 
2035.018: [GC (Allocation Failure) [PSYoungGen: 325632K->37877K(465920K)] 1095544K->808104K(1472512K), 0.0083687 secs] [Times: user=0.02 sys=0.00, real=0.01 secs] 
2035.340: [GC (Allocation Failure) [PSYoungGen: 270837K->184430K(465920K)] 1041064K->955902K(1472512K), 0.0204676 secs] [Times: user=0.03 sys=0.00, real=0.03 secs] 
2035.627: [GC (Allocation Failure) [PSYoungGen: 417390K->184301K(465920K)] 1188862K->956055K(1472512K), 0.0203194 secs] [Times: user=0.03 sys=0.00, real=0.02 secs] 
2036.245: [GC (Allocation Failure) [PSYoungGen: 409343K->92142K(465920K)] 1181097K->864289K(1472512K), 0.0109248 secs] [Times: user=0.02 sys=0.00, real=0.01 secs] 
2037.162: [GC (Allocation Failure) [PSYoungGen: 325102K->38134K(465920K)] 1097249K->810453K(1472512K), 0.0082231 secs] [Times: user=0.02 sys=0.00, real=0.01 secs] 
2037.482: [GC (Allocation Failure) [PSYoungGen: 271094K->184687K(465920K)] 1043413K->958380K(1472512K), 0.0207295 secs] [Times: user=0.03 sys=0.00, real=0.02 secs] 
2037.772: [GC (Allocation Failure) [PSYoungGen: 417647K->184687K(465920K)] 1191340K->958524K(1472512K), 0.0220299 secs] [Times: user=0.03 sys=0.00, real=0.02 secs] 
2038.465: [GC (Allocation Failure) [PSYoungGen: 407106K->91226K(465920K)] 1180943K->865329K(1472512K), 0.0108353 secs] [Times: user=0.02 sys=0.00, real=0.01 secs] 
2040.330: [GC (Allocation Failure) [PSYoungGen: 324186K->37748K(465920K)] 1098289K->812160K(1472512K), 0.0081820 secs] [Times: user=0.02 sys=0.00, real=0.00 secs] 
2040.646: [GC (Allocation Failure) [PSYoungGen: 270708K->184719K(465920K)] 1045120K->960384K(1472512K), 0.0204410 secs] [Times: user=0.03 sys=0.00, real=0.02 secs] 
2040.929: [GC (Allocation Failure) [PSYoungGen: 417679K->184655K(465920K)] 1193344K->960602K(1472512K), 0.0204680 secs] [Times: user=0.03 sys=0.00, real=0.02 secs] 
2041.603: [GC (Allocation Failure) [PSYoungGen: 407213K->91580K(465920K)] 1183160K->867792K(1472512K), 0.0114390 secs] [Times: user=0.03 sys=0.00, real=0.01 secs] 
2042.556: [GC (Allocation Failure) [PSYoungGen: 324540K->38291K(465920K)] 1100752K->814801K(1472512K), 0.0068464 secs] [Times: user=0.01 sys=0.00, real=0.01 secs] 
2042.831: [GC (Allocation Failure) [PSYoungGen: 271251K->184687K(465920K)] 1047761K->962578K(1472512K), 0.0206281 secs] [Times: user=0.02 sys=0.00, real=0.02 secs] 
2043.118: [GC (Allocation Failure) [PSYoungGen: 417647K->184719K(465920K)] 1195538K->962763K(1472512K), 0.0205524 secs] [Times: user=0.03 sys=0.00, real=0.02 secs] 
2044.770: [GC (Allocation Failure) [PSYoungGen: 407016K->91130K(465920K)] 1185060K->869439K(1472512K), 0.0282424 secs] [Times: user=0.06 sys=0.00, real=0.02 secs] 
2046.626: [GC (Allocation Failure) [PSYoungGen: 324090K->37716K(465920K)] 1102399K->816333K(1472512K), 0.0074672 secs] [Times: user=0.02 sys=0.00, real=0.01 secs] 
2046.924: [GC (Allocation Failure) [PSYoungGen: 270676K->183916K(465920K)] 1049293K->963770K(1472512K), 0.0204809 secs] [Times: user=0.03 sys=0.00, real=0.02 secs] 
2047.207: [GC (Allocation Failure) [PSYoungGen: 416876K->184462K(465920K)] 1196730K->964718K(1472512K), 0.0204052 secs] [Times: user=0.03 sys=0.00, real=0.02 secs] 
2048.342: [GC (Allocation Failure) [PSYoungGen: 409818K->92608K(465920K)] 1190074K->873001K(1472512K), 0.0195108 secs] [Times: user=0.04 sys=0.00, real=0.02 secs] 
2050.022: [GC (Allocation Failure) [PSYoungGen: 325568K->37877K(465920K)] 1105961K->818561K(1472512K), 0.0073963 secs] [Times: user=0.02 sys=0.00, real=0.00 secs] 
2050.324: [GC (Allocation Failure) [PSYoungGen: 270837K->184044K(465920K)] 1051521K->965982K(1472512K), 0.0206232 secs] [Times: user=0.03 sys=0.00, real=0.02 secs] 
2050.608: [GC (Allocation Failure) [PSYoungGen: 417004K->184912K(465920K)] 1198942K->967131K(1472512K), 0.0205686 secs] [Times: user=0.03 sys=0.00, real=0.02 secs] 
2051.670: [GC (Allocation Failure) [PSYoungGen: 408033K->91917K(465920K)] 1190253K->874410K(1472512K), 0.0129849 secs] [Times: user=0.03 sys=0.00, real=0.01 secs] 
2052.542: [GC (Allocation Failure) [PSYoungGen: 324877K->38005K(465920K)] 1107370K->820803K(1472512K), 0.0060859 secs] [Times: user=0.01 sys=0.00, real=0.00 secs] 
2052.809: [GC (Allocation Failure) [PSYoungGen: 270965K->184044K(465920K)] 1053763K->968088K(1472512K), 0.0205986 secs] [Times: user=0.03 sys=0.00, real=0.03 secs] 
2053.092: [GC (Allocation Failure) [PSYoungGen: 417004K->184430K(465920K)] 1201048K->968883K(1472512K), 0.0206898 secs] [Times: user=0.03 sys=0.00, real=0.02 secs] 
2054.798: [GC (Allocation Failure) [PSYoungGen: 408051K->92255K(465920K)] 1192504K->876845K(1472512K), 0.0203592 secs] [Times: user=0.04 sys=0.00, real=0.02 secs] 
2056.207: [GC (Allocation Failure) [PSYoungGen: 325215K->37906K(465920K)] 1109805K->822809K(1472512K), 0.0089719 secs] [Times: user=0.03 sys=0.00, real=0.01 secs] 
2056.534: [GC (Allocation Failure) [PSYoungGen: 270866K->184430K(465920K)] 1055769K->970715K(1472512K), 0.0205398 secs] [Times: user=0.03 sys=0.00, real=0.02 secs] 
2056.816: [GC (Allocation Failure) [PSYoungGen: 417390K->184526K(465920K)] 1203675K->970964K(1472512K), 0.0206095 secs] [Times: user=0.03 sys=0.00, real=0.02 secs] 
2058.092: [GC (Allocation Failure) [PSYoungGen: 407083K->91901K(465920K)] 1193522K->878612K(1472512K), 0.0201467 secs] [Times: user=0.05 sys=0.00, real=0.02 secs] 
2059.599: [GC (Allocation Failure) [PSYoungGen: 324861K->37652K(465920K)] 1111572K->824687K(1472512K), 0.0067608 secs] [Times: user=0.01 sys=0.00, real=0.01 secs] 
2059.946: [GC (Allocation Failure) [PSYoungGen: 270612K->184558K(465920K)] 1057647K->972839K(1472512K), 0.0209081 secs] [Times: user=0.03 sys=0.00, real=0.02 secs] 
2060.288: [GC (Allocation Failure) [PSYoungGen: 417518K->186357K(465920K)] 1205799K->974919K(1472512K), 0.0206806 secs] [Times: user=0.03 sys=0.00, real=0.02 secs] 
2061.403: [GC (Allocation Failure) [PSYoungGen: 407506K->90166K(465920K)] 1196068K->878993K(1472512K), 0.0206859 secs] [Times: user=0.04 sys=0.00, real=0.02 secs] 
2062.621: [GC (Allocation Failure) [PSYoungGen: 323126K->38163K(465920K)] 1111953K->827292K(1472512K), 0.0061407 secs] [Times: user=0.01 sys=0.00, real=0.00 secs] 
2062.953: [GC (Allocation Failure) [PSYoungGen: 271123K->186357K(465920K)] 1060252K->976732K(1472512K), 0.0207104 secs] [Times: user=0.03 sys=0.00, real=0.02 secs] 
2063.297: [GC (Allocation Failure) [PSYoungGen: 419317K->186068K(465920K)] 1209692K->976724K(1472512K), 0.0206994 secs] [Times: user=0.03 sys=0.00, real=0.02 secs] 
2064.471: [GC (Allocation Failure) [PSYoungGen: 404850K->88142K(465920K)] 1195505K->879199K(1472512K), 0.0191646 secs] [Times: user=0.05 sys=0.00, real=0.02 secs] 
2065.436: [GC (Allocation Failure) [PSYoungGen: 321102K->38102K(465920K)] 1112159K->829344K(1472512K), 0.0070635 secs] [Times: user=0.02 sys=0.00, real=0.01 secs] 
2065.789: [GC (Allocation Failure) [PSYoungGen: 271062K->184173K(465920K)] 1062304K->976660K(1472512K), 0.0204862 secs] [Times: user=0.03 sys=0.00, real=0.02 secs] 
2066.075: [GC (Allocation Failure) [PSYoungGen: 417133K->184366K(465920K)] 1209620K->977263K(1472512K), 0.0206008 secs] [Times: user=0.03 sys=0.00, real=0.02 secs] 
2067.183: [GC (Allocation Failure) [PSYoungGen: 407476K->91982K(465920K)] 1200374K->885016K(1472512K), 0.0152387 secs] [Times: user=0.04 sys=0.00, real=0.01 secs] 
2068.064: [GC (Allocation Failure) [PSYoungGen: 324942K->37973K(465920K)] 1117976K->831325K(1472512K), 0.0087206 secs] [Times: user=0.03 sys=0.00, real=0.01 secs] 
2068.413: [GC (Allocation Failure) [PSYoungGen: 270933K->184430K(465920K)] 1064285K->979027K(1472512K), 0.0205548 secs] [Times: user=0.03 sys=0.00, real=0.02 secs] 
2068.704: [GC (Allocation Failure) [PSYoungGen: 417390K->184526K(465920K)] 1211987K->979396K(1472512K), 0.0204432 secs] [Times: user=0.03 sys=0.00, real=0.02 secs] 
2069.349: [GC (Allocation Failure) [PSYoungGen: 407075K->91773K(465920K)] 1201945K->886908K(1472512K), 0.0128028 secs] [Times: user=0.03 sys=0.00, real=0.02 secs] 
2070.286: [GC (Allocation Failure) [PSYoungGen: 324733K->38034K(465920K)] 1119868K->833472K(1472512K), 0.0060861 secs] [Times: user=0.01 sys=0.00, real=0.01 secs] 
2070.617: [GC (Allocation Failure) [PSYoungGen: 270994K->184430K(465920K)] 1066432K->981113K(1472512K), 0.0205824 secs] [Times: user=0.03 sys=0.00, real=0.02 secs] 
2070.956: [GC (Allocation Failure) [PSYoungGen: 417390K->184301K(465920K)] 1214073K->981265K(1472512K), 0.0204851 secs] [Times: user=0.03 sys=0.00, real=0.02 secs] 
2072.614: [GC (Allocation Failure) [PSYoungGen: 409350K->91998K(465920K)] 1206314K->889355K(1472512K), 0.0205563 secs] [Times: user=0.04 sys=0.01, real=0.02 secs] 
2074.185: [GC (Allocation Failure) [PSYoungGen: 324958K->37906K(465920K)] 1122315K->835451K(1472512K), 0.0070143 secs] [Times: user=0.02 sys=0.00, real=0.01 secs] 
2074.463: [GC (Allocation Failure) [PSYoungGen: 270866K->184687K(465920K)] 1068411K->983477K(1472512K), 0.0204264 secs] [Times: user=0.03 sys=0.00, real=0.02 secs] 
2074.746: [GC (Allocation Failure) [PSYoungGen: 417647K->184655K(465920K)] 1216437K->983718K(1472512K), 0.0203658 secs] [Times: user=0.03 sys=0.00, real=0.02 secs] 
2076.316: [GC (Allocation Failure) [PSYoungGen: 407199K->91516K(465920K)] 1206263K->890844K(1472512K), 0.0117287 secs] [Times: user=0.03 sys=0.00, real=0.01 secs] 
2077.636: [GC (Allocation Failure) [PSYoungGen: 324476K->37620K(465920K)] 1123804K->837256K(1472512K), 0.0066439 secs] [Times: user=0.01 sys=0.00, real=0.01 secs] 
2077.911: [GC (Allocation Failure) [PSYoungGen: 270580K->184944K(465920K)] 1070216K->985826K(1472512K), 0.0205516 secs] [Times: user=0.03 sys=0.00, real=0.02 secs] 
2078.192: [GC (Allocation Failure) [PSYoungGen: 417904K->184269K(465920K)] 1218786K->985432K(1472512K), 0.0205027 secs] [Times: user=0.03 sys=0.00, real=0.02 secs] 
2079.707: [GC (Allocation Failure) [PSYoungGen: 409459K->91885K(465920K)] 1210622K->893450K(1472512K), 0.0195496 secs] [Times: user=0.04 sys=0.00, real=0.02 secs] 
2081.169: [GC (Allocation Failure) [PSYoungGen: 324845K->37877K(465920K)] 1126410K->839626K(1472512K), 0.0095151 secs] [Times: user=0.02 sys=0.00, real=0.01 secs] 
2081.518: [GC (Allocation Failure) [PSYoungGen: 270837K->184687K(465920K)] 1072586K->987818K(1472512K), 0.0204869 secs] [Times: user=0.03 sys=0.00, real=0.02 secs] 
2081.800: [GC (Allocation Failure) [PSYoungGen: 417647K->184655K(465920K)] 1220778K->987939K(1472512K), 0.0203803 secs] [Times: user=0.03 sys=0.00, real=0.02 secs] 
2083.263: [GC (Allocation Failure) [PSYoungGen: 407205K->91499K(465920K)] 1210490K->895049K(1472512K), 0.0167696 secs] [Times: user=0.04 sys=0.00, real=0.01 secs] 
2085.881: [GC (Allocation Failure) [PSYoungGen: 324459K->37748K(465920K)] 1128009K->841615K(1472512K), 0.0079507 secs] [Times: user=0.02 sys=0.00, real=0.00 secs] 
2086.190: [GC (Allocation Failure) [PSYoungGen: 270708K->183787K(465920K)] 1074575K->988892K(1472512K), 0.0206155 secs] [Times: user=0.03 sys=0.00, real=0.03 secs] 
2086.473: [GC (Allocation Failure) [PSYoungGen: 416747K->184687K(465920K)] 1221852K->990064K(1472512K), 0.0205327 secs] [Times: user=0.03 sys=0.00, real=0.02 secs] 
2087.798: [GC (Allocation Failure) [PSYoungGen: 410093K->92512K(465920K)] 1215471K->898154K(1472512K), 0.0204849 secs] [Times: user=0.05 sys=0.00, real=0.02 secs] 
2089.435: [GC (Allocation Failure) [PSYoungGen: 325472K->38005K(465920K)] 1131114K->843964K(1472512K), 0.0072412 secs] [Times: user=0.01 sys=0.00, real=0.01 secs] 
2089.791: [GC (Allocation Failure) [PSYoungGen: 270965K->184622K(465920K)] 1076924K->991834K(1472512K), 0.0205659 secs] [Times: user=0.02 sys=0.00, real=0.02 secs] 
2090.077: [GC (Allocation Failure) [PSYoungGen: 417582K->184301K(465920K)] 1224794K->991794K(1472512K), 0.0207246 secs] [Times: user=0.03 sys=0.00, real=0.02 secs] 
2091.530: [GC (Allocation Failure) [PSYoungGen: 406606K->91821K(465920K)] 1214099K->899579K(1472512K), 0.0169426 secs] [Times: user=0.04 sys=0.00, real=0.02 secs] 
2093.216: [GC (Allocation Failure) [PSYoungGen: 324781K->38005K(465920K)] 1132539K->846071K(1472512K), 0.0068410 secs] [Times: user=0.02 sys=0.00, real=0.01 secs] 
2093.491: [GC (Allocation Failure) [PSYoungGen: 270965K->184494K(465920K)] 1079031K->993934K(1472512K), 0.0205607 secs] [Times: user=0.03 sys=0.00, real=0.02 secs] 
2093.778: [GC (Allocation Failure) [PSYoungGen: 417454K->184526K(465920K)] 1226894K->994119K(1472512K), 0.0205136 secs] [Times: user=0.03 sys=0.00, real=0.02 secs] 
2095.375: [GC (Allocation Failure) [PSYoungGen: 407060K->91757K(465920K)] 1216652K->901614K(1472512K), 0.0167323 secs] [Times: user=0.03 sys=0.00, real=0.02 secs] 
2097.929: [GC (Allocation Failure) [PSYoungGen: 324717K->37620K(465920K)] 1134574K->847793K(1472512K), 0.0082461 secs] [Times: user=0.02 sys=0.00, real=0.01 secs] 
2098.243: [GC (Allocation Failure) [PSYoungGen: 270580K->183916K(465920K)] 1080753K->995463K(1472512K), 0.0207388 secs] [Times: user=0.03 sys=0.00, real=0.02 secs] 
2098.526: [GC (Allocation Failure) [PSYoungGen: 416876K->184269K(465920K)] 1228423K->995961K(1472512K), 0.0204438 secs] [Times: user=0.03 sys=0.00, real=0.02 secs] 
2099.736: [GC (Allocation Failure) [PSYoungGen: 409450K->92913K(465920K)] 1221142K->904742K(1472512K), 0.0267924 secs] [Times: user=0.06 sys=0.00, real=0.03 secs] 
2101.427: [GC (Allocation Failure) [PSYoungGen: 325873K->37716K(465920K)] 1137702K->849854K(1472512K), 0.0076641 secs] [Times: user=0.02 sys=0.00, real=0.01 secs] 
2101.725: [GC (Allocation Failure) [PSYoungGen: 270676K->184076K(465920K)] 1082814K->997452K(1472512K), 0.0206245 secs] [Times: user=0.03 sys=0.00, real=0.02 secs] 
2102.065: [GC (Allocation Failure) [PSYoungGen: 417036K->184398K(465920K)] 1230412K->998175K(1472512K), 0.0205085 secs] [Times: user=0.03 sys=0.00, real=0.02 secs] 
2103.580: [GC (Allocation Failure) [PSYoungGen: 408004K->92512K(465920K)] 1221781K->906426K(1472512K), 0.0201187 secs] [Times: user=0.05 sys=0.00, real=0.03 secs] 
2105.928: [GC (Allocation Failure) [PSYoungGen: 325472K->37877K(465920K)] 1139386K->852098K(1472512K), 0.0079903 secs] [Times: user=0.02 sys=0.00, real=0.01 secs] 
2106.237: [GC (Allocation Failure) [PSYoungGen: 270837K->184462K(465920K)] 1085058K->999921K(1472512K), 0.0208218 secs] [Times: user=0.03 sys=0.00, real=0.02 secs] 
2106.521: [GC (Allocation Failure) [PSYoungGen: 417422K->184558K(465920K)] 1232881K->1000298K(1472512K), 0.0205524 secs] [Times: user=0.03 sys=0.00, real=0.02 secs] 
2107.790: [GC (Allocation Failure) [PSYoungGen: 407107K->91917K(465920K)] 1222847K->907922K(1472512K), 0.0252056 secs] [Times: user=0.05 sys=0.00, real=0.02 secs] 
2109.691: [GC (Allocation Failure) [PSYoungGen: 324877K->37909K(465920K)] 1140882K->854222K(1472512K), 0.0082661 secs] [Times: user=0.02 sys=0.00, real=0.00 secs] 
2110.006: [GC (Allocation Failure) [PSYoungGen: 270869K->184398K(465920K)] 1087182K->1001964K(1472512K), 0.0205156 secs] [Times: user=0.03 sys=0.00, real=0.02 secs] 
2110.290: [GC (Allocation Failure) [PSYoungGen: 417358K->184269K(465920K)] 1234924K->1002109K(1472512K), 0.0203351 secs] [Times: user=0.02 sys=0.00, real=0.02 secs] 
2111.179: [GC (Allocation Failure) [PSYoungGen: 409315K->92158K(465920K)] 1227155K->910391K(1472512K), 0.0125664 secs] [Times: user=0.02 sys=0.00, real=0.02 secs] 
2112.078: [GC (Allocation Failure) [PSYoungGen: 325118K->38034K(465920K)] 1143351K->856439K(1472512K), 0.0057297 secs] [Times: user=0.01 sys=0.00, real=0.01 secs] 
2112.345: [GC (Allocation Failure) [PSYoungGen: 270994K->184719K(465920K)] 1089399K->1004369K(1472512K), 0.0206782 secs] [Times: user=0.03 sys=0.00, real=0.02 secs] 
2112.628: [GC (Allocation Failure) [PSYoungGen: 417679K->184462K(465920K)] 1237329K->1004385K(1472512K), 0.0204744 secs] [Times: user=0.02 sys=0.01, real=0.02 secs] 
2114.281: [GC (Allocation Failure) [PSYoungGen: 406933K->91612K(465920K)] 1226857K->911800K(1472512K), 0.0172446 secs] [Times: user=0.04 sys=0.00, real=0.01 secs] 
2115.818: [GC (Allocation Failure) [PSYoungGen: 324572K->37745K(465920K)] 1144760K->858239K(1472512K), 0.0077202 secs] [Times: user=0.02 sys=0.00, real=0.01 secs] 
2116.122: [GC (Allocation Failure) [PSYoungGen: 270705K->184687K(465920K)] 1091199K->1006434K(1472512K), 0.0208182 secs] [Times: user=0.03 sys=0.00, real=0.02 secs] 
2116.405: [GC (Allocation Failure) [PSYoungGen: 417647K->184398K(465920K)] 1239394K->1006418K(1472512K), 0.0205125 secs] [Times: user=0.03 sys=0.00, real=0.02 secs] 
2117.152: [GC (Allocation Failure) [PSYoungGen: 406877K->91869K(465920K)] 1228897K->914163K(1472512K), 0.0124375 secs] [Times: user=0.03 sys=0.00, real=0.01 secs] 
2117.995: [GC (Allocation Failure) [PSYoungGen: 324829K->38034K(465920K)] 1147123K->860634K(1472512K), 0.0058266 secs] [Times: user=0.01 sys=0.00, real=0.01 secs] 
2118.263: [GC (Allocation Failure) [PSYoungGen: 270994K->183787K(465920K)] 1093594K->1007640K(1472512K), 0.0206525 secs] [Times: user=0.03 sys=0.00, real=0.02 secs] 
2118.545: [GC (Allocation Failure) [PSYoungGen: 416747K->184398K(465920K)] 1240600K->1008531K(1472512K), 0.0204447 secs] [Times: user=0.02 sys=0.00, real=0.02 secs] 
2119.198: [GC (Allocation Failure) [PSYoungGen: 409631K->92512K(465920K)] 1233765K->916919K(1472512K), 0.0117730 secs] [Times: user=0.03 sys=0.00, real=0.01 secs] 
2120.402: [GC (Allocation Failure) [PSYoungGen: 325472K->37938K(465920K)] 1149879K->862660K(1472512K), 0.0074026 secs] [Times: user=0.01 sys=0.00, real=0.00 secs] 
2120.696: [GC (Allocation Failure) [PSYoungGen: 270898K->184687K(465920K)] 1095620K->1010663K(1472512K), 0.0207837 secs] [Times: user=0.03 sys=0.00, real=0.02 secs] 
2120.983: [GC (Allocation Failure) [PSYoungGen: 417647K->184687K(465920K)] 1243623K->1011064K(1472512K), 0.0206506 secs] [Times: user=0.03 sys=0.00, real=0.02 secs] 
2122.890: [GC (Allocation Failure) [PSYoungGen: 407127K->91499K(465920K)] 1233505K->918150K(1472512K), 0.0195753 secs] [Times: user=0.05 sys=0.00, real=0.01 secs] 
2123.800: [GC (Allocation Failure) [PSYoungGen: 324459K->38134K(465920K)] 1151110K->864966K(1472512K), 0.0062279 secs] [Times: user=0.02 sys=0.00, real=0.00 secs] 
2124.069: [GC (Allocation Failure) [PSYoungGen: 271094K->183787K(465920K)] 1097926K->1011873K(1472512K), 0.0207036 secs] [Times: user=0.03 sys=0.00, real=0.03 secs] 
2124.352: [GC (Allocation Failure) [PSYoungGen: 416747K->184462K(465920K)] 1244833K->1012828K(1472512K), 0.0204944 secs] [Times: user=0.03 sys=0.00, real=0.02 secs] 
2125.009: [GC (Allocation Failure) [PSYoungGen: 409565K->92415K(465920K)] 1237932K->921183K(1472512K), 0.0113064 secs] [Times: user=0.02 sys=0.01, real=0.02 secs] 
2125.890: [GC (Allocation Failure) [PSYoungGen: 325375K->37906K(465920K)] 1154143K->866859K(1472512K), 0.0059967 secs] [Times: user=0.01 sys=0.00, real=0.00 secs] 
2126.159: [GC (Allocation Failure) [PSYoungGen: 270866K->184719K(465920K)] 1099819K->1014926K(1472512K), 0.0211252 secs] [Times: user=0.03 sys=0.00, real=0.03 secs] 
2126.449: [GC (Allocation Failure) [PSYoungGen: 417679K->184719K(465920K)] 1247886K->1015327K(1472512K), 0.0206744 secs] [Times: user=0.02 sys=0.00, real=0.03 secs] 
2128.133: [GC (Allocation Failure) [PSYoungGen: 407163K->91499K(465920K)] 1237772K->922373K(1472512K), 0.0215150 secs] [Times: user=0.05 sys=0.00, real=0.02 secs] 
2130.158: [GC (Allocation Failure) [PSYoungGen: 324459K->37780K(465920K)] 1155333K->868839K(1472512K), 0.0091141 secs] [Times: user=0.02 sys=0.00, real=0.01 secs] 
2130.490: [GC (Allocation Failure) [PSYoungGen: 270740K->183787K(465920K)] 1101799K->1016099K(1472512K), 0.0207401 secs] [Times: user=0.03 sys=0.01, real=0.03 secs] 
2130.833: [GC (Allocation Failure) [PSYoungGen: 416747K->184398K(465920K)] 1249059K->1016991K(1472512K), 0.0206091 secs] [Times: user=0.03 sys=0.00, real=0.02 secs] 
2132.314: [GC (Allocation Failure) [PSYoungGen: 409639K->92769K(465920K)] 1242232K->925627K(1472512K), 0.0168744 secs] [Times: user=0.04 sys=0.00, real=0.02 secs] 
2133.705: [GC (Allocation Failure) [PSYoungGen: 325729K->37745K(465920K)] 1158587K->870910K(1472512K), 0.0075470 secs] [Times: user=0.02 sys=0.00, real=0.01 secs] 
2134.049: [GC (Allocation Failure) [PSYoungGen: 270705K->184719K(465920K)] 1103870K->1019137K(1472512K), 0.0208653 secs] [Times: user=0.03 sys=0.01, real=0.03 secs] 
2134.336: [GC (Allocation Failure) [PSYoungGen: 417679K->184687K(465920K)] 1252097K->1019514K(1472512K), 0.0212325 secs] [Times: user=0.03 sys=0.00, real=0.02 secs] 
2136.873: [GC (Allocation Failure) [PSYoungGen: 407376K->91580K(465920K)] 1242204K->926673K(1472512K), 0.0278836 secs] [Times: user=0.06 sys=0.00, real=0.03 secs] 
2138.663: [GC (Allocation Failure) [PSYoungGen: 324540K->37877K(465920K)] 1159633K->873148K(1472512K), 0.0061194 secs] [Times: user=0.01 sys=0.00, real=0.00 secs] 
2138.930: [GC (Allocation Failure) [PSYoungGen: 270837K->183690K(465920K)] 1106108K->1020208K(1472512K), 0.0204970 secs] [Times: user=0.03 sys=0.00, real=0.02 secs] 
2139.213: [GC (Allocation Failure) [PSYoungGen: 416650K->184590K(465920K)] 1253168K->1021388K(1472512K), 0.0204652 secs] [Times: user=0.02 sys=0.00, real=0.02 secs] 
2140.493: [GC (Allocation Failure) [PSYoungGen: 408574K->92672K(465920K)] 1245373K->929736K(1472512K), 0.0141754 secs] [Times: user=0.03 sys=0.00, real=0.01 secs] 
2142.260: [GC (Allocation Failure) [PSYoungGen: 325632K->37620K(465920K)] 1162696K->874991K(1472512K), 0.0075053 secs] [Times: user=0.02 sys=0.00, real=0.01 secs] 
2142.561: [GC (Allocation Failure) [PSYoungGen: 270580K->184462K(465920K)] 1107951K->1023086K(1472512K), 0.0206653 secs] [Times: user=0.03 sys=0.00, real=0.02 secs] 
2142.904: [GC (Allocation Failure) [PSYoungGen: 417422K->184558K(465920K)] 1256046K->1023456K(1472512K), 0.0205674 secs] [Times: user=0.03 sys=0.00, real=0.02 secs] 
2144.260: [GC (Allocation Failure) [PSYoungGen: 407638K->92126K(465920K)] 1246536K->931289K(1472512K), 0.0212356 secs] [Times: user=0.04 sys=0.00, real=0.02 secs] 
2146.482: [GC (Allocation Failure) [PSYoungGen: 325086K->37491K(465920K)] 1164249K->876962K(1472512K), 0.0080543 secs] [Times: user=0.02 sys=0.00, real=0.01 secs] 
2146.875: [GC (Allocation Failure) [PSYoungGen: 270451K->184719K(465920K)] 1109922K->1025443K(1472512K), 0.0211031 secs] [Times: user=0.04 sys=0.00, real=0.02 secs] 
2147.158: [GC (Allocation Failure) [PSYoungGen: 417679K->184012K(465920K)] 1258403K->1025009K(1472512K), 0.0205863 secs] [Times: user=0.03 sys=0.00, real=0.02 secs] 
2148.504: [GC (Allocation Failure) [PSYoungGen: 407987K->92560K(465920K)] 1248984K->933822K(1472512K), 0.0173700 secs] [Times: user=0.04 sys=0.00, real=0.02 secs] 
2150.112: [GC (Allocation Failure) [PSYoungGen: 325520K->37780K(465920K)] 1166782K->879366K(1472512K), 0.0085467 secs] [Times: user=0.02 sys=0.00, real=0.01 secs] 
2150.430: [GC (Allocation Failure) [PSYoungGen: 270740K->184815K(465920K)] 1112326K->1027655K(1472512K), 0.0211251 secs] [Times: user=0.03 sys=0.00, real=0.02 secs] 
2150.791: [GC (Allocation Failure) [PSYoungGen: 417775K->184173K(465920K)] 1260615K->1027285K(1472512K), 0.0205208 secs] [Times: user=0.03 sys=0.00, real=0.02 secs] 
2152.257: [GC (Allocation Failure) [PSYoungGen: 404876K->91998K(465920K)] 1247988K->935375K(1472512K), 0.0246813 secs] [Times: user=0.05 sys=0.00, real=0.03 secs] 
2154.304: [GC (Allocation Failure) [PSYoungGen: 324958K->37906K(465920K)] 1168335K->881591K(1472512K), 0.0080560 secs] [Times: user=0.02 sys=0.00, real=0.01 secs] 
2154.692: [GC (Allocation Failure) [PSYoungGen: 270866K->186357K(465920K)] 1114551K->1031425K(1472512K), 0.0210762 secs] [Times: user=0.03 sys=0.00, real=0.02 secs] 
2154.977: [GC (Allocation Failure) [PSYoungGen: 419317K->186068K(465920K)] 1264385K->1031288K(1472512K), 0.0207415 secs] [Times: user=0.03 sys=0.00, real=0.02 secs] 
2156.226: [GC (Allocation Failure) [PSYoungGen: 404999K->88431K(465920K)] 1250219K->933924K(1472512K), 0.0273946 secs] [Times: user=0.07 sys=0.00, real=0.03 secs] 
2158.036: [GC (Allocation Failure) [PSYoungGen: 321391K->38034K(465920K)] 1166884K->883843K(1472512K), 0.0096967 secs] [Times: user=0.02 sys=0.00, real=0.01 secs] 
2158.369: [GC (Allocation Failure) [PSYoungGen: 270994K->184205K(465920K)] 1116803K->1031267K(1472512K), 0.0210313 secs] [Times: user=0.03 sys=0.00, real=0.03 secs] 
2158.652: [GC (Allocation Failure) [PSYoungGen: 417165K->184398K(465920K)] 1264227K->1031870K(1472512K), 0.0208061 secs] [Times: user=0.03 sys=0.00, real=0.02 secs] 
2159.953: [GC (Allocation Failure) [PSYoungGen: 407531K->92126K(465920K)] 1255003K->939735K(1472512K), 0.0197871 secs] [Times: user=0.04 sys=0.00, real=0.02 secs] 
2161.799: [GC (Allocation Failure) [PSYoungGen: 325086K->37716K(465920K)] 1172695K->885640K(1472512K), 0.0077850 secs] [Times: user=0.02 sys=0.00, real=0.01 secs] 
2162.101: [GC (Allocation Failure) [PSYoungGen: 270676K->184430K(465920K)] 1118600K->1033599K(1472512K), 0.0206143 secs] [Times: user=0.03 sys=0.00, real=0.02 secs] 
2162.389: [GC (Allocation Failure) [PSYoungGen: 417390K->184526K(465920K)] 1266559K->1033977K(1472512K), 0.0205205 secs] [Times: user=0.02 sys=0.00, real=0.03 secs] 
2163.240: [GC (Allocation Failure) [PSYoungGen: 407583K->91998K(465920K)] 1257033K->941713K(1472512K), 0.0127185 secs] [Times: user=0.03 sys=0.00, real=0.02 secs] 
2164.249: [GC (Allocation Failure) [PSYoungGen: 324958K->38002K(465920K)] 1174673K->888034K(1472512K), 0.0061655 secs] [Times: user=0.02 sys=0.01, real=0.01 secs] 
2164.519: [GC (Allocation Failure) [PSYoungGen: 270962K->184430K(465920K)] 1120994K->1035707K(1472512K), 0.0205790 secs] [Times: user=0.03 sys=0.00, real=0.02 secs] 
2164.812: [GC (Allocation Failure) [PSYoungGen: 417390K->184526K(465920K)] 1268667K->1036076K(1472512K), 0.0205284 secs] [Times: user=0.03 sys=0.00, real=0.02 secs] 
2165.790: [GC (Allocation Failure) [PSYoungGen: 407068K->91693K(465920K)] 1258618K->943508K(1472512K), 0.0118133 secs] [Times: user=0.03 sys=0.00, real=0.01 secs] 
2166.810: [GC (Allocation Failure) [PSYoungGen: 324653K->37973K(465920K)] 1176468K->890094K(1472512K), 0.0070405 secs] [Times: user=0.02 sys=0.00, real=0.00 secs] 
2167.086: [GC (Allocation Failure) [PSYoungGen: 270933K->184462K(465920K)] 1123054K->1037828K(1472512K), 0.0207339 secs] [Times: user=0.03 sys=0.00, real=0.02 secs] 
2167.369: [GC (Allocation Failure) [PSYoungGen: 417422K->184301K(465920K)] 1270788K->1037949K(1472512K), 0.0208036 secs] [Times: user=0.03 sys=0.00, real=0.03 secs] 
2168.004: [GC (Allocation Failure) [PSYoungGen: 409338K->91966K(465920K)] 1262985K->946007K(1472512K), 0.0122221 secs] [Times: user=0.02 sys=0.00, real=0.01 secs] 
2168.935: [GC (Allocation Failure) [PSYoungGen: 324926K->38034K(465920K)] 1178967K->892261K(1472512K), 0.0058763 secs] [Times: user=0.01 sys=0.00, real=0.01 secs] 
2169.261: [GC (Allocation Failure) [PSYoungGen: 270994K->184301K(465920K)] 1125221K->1039773K(1472512K), 0.0206452 secs] [Times: user=0.03 sys=0.00, real=0.02 secs] 
2169.604: [GC (Allocation Failure) [PSYoungGen: 417261K->183690K(465920K)] 1272733K->1039436K(1472512K), 0.0204777 secs] [Times: user=0.03 sys=0.00, real=0.02 secs] 
2171.056: [GC (Allocation Failure) [PSYoungGen: 408119K->92769K(465920K)] 1263864K->948803K(1472512K), 0.0251660 secs] [Times: user=0.05 sys=0.00, real=0.03 secs] 
2172.943: [GC (Allocation Failure) [PSYoungGen: 325729K->37745K(465920K)] 1181763K->894097K(1472512K), 0.0076370 secs] [Times: user=0.02 sys=0.00, real=0.01 secs] 
2173.243: [GC (Allocation Failure) [PSYoungGen: 270705K->183916K(465920K)] 1127057K->1041513K(1472512K), 0.0203922 secs] [Times: user=0.03 sys=0.00, real=0.02 secs] 
2173.527: [GC (Allocation Failure) [PSYoungGen: 416876K->184430K(465920K)] 1274473K->1042437K(1472512K), 0.0205110 secs] [Times: user=0.03 sys=0.00, real=0.02 secs] 
2174.460: [GC (Allocation Failure) [PSYoungGen: 409537K->92672K(465920K)] 1267544K->950952K(1472512K), 0.0130571 secs] [Times: user=0.03 sys=0.00, real=0.02 secs] 
2176.166: [GC (Allocation Failure) [PSYoungGen: 325632K->37906K(465920K)] 1183912K->896363K(1472512K), 0.0079933 secs] [Times: user=0.02 sys=0.00, real=0.01 secs] 
2176.475: [GC (Allocation Failure) [PSYoungGen: 270866K->184687K(465920K)] 1129323K->1044389K(1472512K), 0.0205088 secs] [Times: user=0.03 sys=0.00, real=0.02 secs] 
2176.758: [GC (Allocation Failure) [PSYoungGen: 417647K->184719K(465920K)] 1277349K->1044831K(1472512K), 0.0206094 secs] [Times: user=0.03 sys=0.00, real=0.02 secs] 
2178.179: [GC (Allocation Failure) [PSYoungGen: 407160K->91467K(465920K)] 1267273K->951853K(1472512K), 0.0143606 secs] [Times: user=0.03 sys=0.00, real=0.02 secs] 
2179.669: [GC (Allocation Failure) [PSYoungGen: 324427K->37809K(465920K)] 1184813K->898384K(1472512K), 0.0071866 secs] [Times: user=0.02 sys=0.00, real=0.01 secs] 
2179.947: [GC (Allocation Failure) [PSYoungGen: 270769K->183787K(465920K)] 1131344K->1045615K(1472512K), 0.0206471 secs] [Times: user=0.03 sys=0.00, real=0.02 secs] 
2180.231: [GC (Allocation Failure) [PSYoungGen: 416747K->184301K(465920K)] 1278575K->1046531K(1472512K), 0.0206324 secs] [Times: user=0.03 sys=0.00, real=0.02 secs] 
2180.865: [GC (Allocation Failure) [PSYoungGen: 408129K->92913K(465920K)] 1270359K->955280K(1472512K), 0.0117040 secs] [Times: user=0.02 sys=0.00, real=0.01 secs] 
2181.708: [GC (Allocation Failure) [PSYoungGen: 325873K->38034K(465920K)] 1188240K->900698K(1472512K), 0.0058948 secs] [Times: user=0.01 sys=0.00, real=0.01 secs] 
2181.977: [GC (Allocation Failure) [PSYoungGen: 270994K->184430K(465920K)] 1133658K->1048339K(1472512K), 0.0206245 secs] [Times: user=0.03 sys=0.00, real=0.02 secs] 
2182.260: [GC (Allocation Failure) [PSYoungGen: 417390K->184558K(465920K)] 1281299K->1048749K(1472512K), 0.0206382 secs] [Times: user=0.03 sys=0.00, real=0.02 secs] 
2183.259: [GC (Allocation Failure) [PSYoungGen: 407092K->91693K(465920K)] 1271282K->956148K(1472512K), 0.0140674 secs] [Times: user=0.03 sys=0.00, real=0.02 secs] 
2184.387: [GC (Allocation Failure) [PSYoungGen: 324653K->37906K(465920K)] 1189108K->902675K(1472512K), 0.0069961 secs] [Times: user=0.02 sys=0.00, real=0.01 secs] 
2184.670: [GC (Allocation Failure) [PSYoungGen: 270866K->184494K(465920K)] 1135635K->1050517K(1472512K), 0.0205076 secs] [Times: user=0.03 sys=0.00, real=0.02 secs] 
2185.008: [GC (Allocation Failure) [PSYoungGen: 417454K->184301K(465920K)] 1283477K->1050605K(1472512K), 0.0206260 secs] [Times: user=0.03 sys=0.00, real=0.02 secs] 
2185.663: [GC (Allocation Failure) [PSYoungGen: 409341K->92158K(465920K)] 1275645K->958864K(1472512K), 0.0131400 secs] [Times: user=0.03 sys=0.00, real=0.01 secs] 
2186.674: [GC (Allocation Failure) [PSYoungGen: 325118K->38034K(465920K)] 1191824K->904935K(1472512K), 0.0070200 secs] [Times: user=0.02 sys=0.00, real=0.01 secs] 
2187.014: [GC (Allocation Failure) [PSYoungGen: 270994K->184815K(465920K)] 1137895K->1052970K(1472512K), 0.0206943 secs] [Times: user=0.03 sys=0.00, real=0.02 secs] 
2187.353: [GC (Allocation Failure) [PSYoungGen: 417775K->184687K(465920K)] 1285930K->1053251K(1472512K), 0.0207427 secs] [Times: user=0.03 sys=0.00, real=0.02 secs] 
2188.239: [GC (Allocation Failure) [PSYoungGen: 407106K->91258K(465920K)] 1275670K->959959K(1472512K), 0.0125751 secs] [Times: user=0.02 sys=0.00, real=0.02 secs] 
2189.332: [GC (Allocation Failure) [PSYoungGen: 324218K->37874K(465920K)] 1192919K->906882K(1472512K), 0.0059757 secs] [Times: user=0.01 sys=0.00, real=0.00 secs] 
2189.600: [GC (Allocation Failure) [PSYoungGen: 270834K->183916K(465920K)] 1139842K->1054169K(1472512K), 0.0206324 secs] [Times: user=0.03 sys=0.00, real=0.03 secs] 
2189.887: [GC (Allocation Failure) [PSYoungGen: 416876K->184430K(465920K)] 1287129K->1054973K(1472512K), 0.0208697 secs] [Times: user=0.02 sys=0.01, real=0.02 secs] 
2190.852: [GC (Allocation Failure) [PSYoungGen: 408109K->92480K(465920K)] 1278652K->963296K(1472512K), 0.0127639 secs] [Times: user=0.02 sys=0.00, real=0.01 secs] 
2191.981: [GC (Allocation Failure) [PSYoungGen: 325440K->37874K(465920K)] 1196256K->909003K(1472512K), 0.0067900 secs] [Times: user=0.02 sys=0.00, real=0.00 secs] 
2192.332: [GC (Allocation Failure) [PSYoungGen: 270834K->184430K(465920K)] 1141963K->1056805K(1472512K), 0.0209064 secs] [Times: user=0.03 sys=0.00, real=0.02 secs] 
2192.617: [GC (Allocation Failure) [PSYoungGen: 417390K->184590K(465920K)] 1289765K->1057238K(1472512K), 0.0207187 secs] [Times: user=0.03 sys=0.00, real=0.02 secs] 
2193.653: [GC (Allocation Failure) [PSYoungGen: 407132K->91821K(465920K)] 1279781K->964734K(1472512K), 0.0127930 secs] [Times: user=0.03 sys=0.00, real=0.01 secs] 
2194.508: [GC (Allocation Failure) [PSYoungGen: 324781K->38005K(465920K)] 1197694K->911224K(1472512K), 0.0060009 secs] [Times: user=0.02 sys=0.00, real=0.01 secs] 
2194.777: [GC (Allocation Failure) [PSYoungGen: 270965K->184430K(465920K)] 1144184K->1058894K(1472512K), 0.0206935 secs] [Times: user=0.03 sys=0.00, real=0.02 secs] 
2195.061: [GC (Allocation Failure) [PSYoungGen: 417390K->184269K(465920K)] 1291854K->1059007K(1472512K), 0.0208214 secs] [Times: user=0.03 sys=0.00, real=0.02 secs] 
2196.758: [GC (Allocation Failure) [PSYoungGen: 409316K->92030K(465920K)] 1284054K->967169K(1472512K), 0.0265447 secs] [Times: user=0.06 sys=0.00, real=0.03 secs] 
2198.115: [GC (Allocation Failure) [PSYoungGen: 324990K->38163K(465920K)] 1200129K->913481K(1472512K), 0.0060141 secs] [Times: user=0.01 sys=0.00, real=0.01 secs] 
2198.383: [GC (Allocation Failure) [PSYoungGen: 271123K->184687K(465920K)] 1146441K->1061379K(1472512K), 0.0206706 secs] [Times: user=0.03 sys=0.00, real=0.02 secs] 
2198.667: [GC (Allocation Failure) [PSYoungGen: 417647K->184687K(465920K)] 1294339K->1061660K(1472512K), 0.0204862 secs] [Times: user=0.03 sys=0.00, real=0.02 secs] 
2199.788: [GC (Allocation Failure) [PSYoungGen: 407158K->91226K(465920K)] 1284132K->968465K(1472512K), 0.0197550 secs] [Times: user=0.04 sys=0.00, real=0.02 secs] 
2200.942: [GC (Allocation Failure) [PSYoungGen: 324186K->38002K(465920K)] 1201425K->915418K(1472512K), 0.0070556 secs] [Times: user=0.02 sys=0.00, real=0.00 secs] 
2201.221: [GC (Allocation Failure) [PSYoungGen: 270962K->183916K(465920K)] 1148378K->1062577K(1472512K), 0.0207617 secs] [Times: user=0.03 sys=0.00, real=0.02 secs] 
2201.510: [GC (Allocation Failure) [PSYoungGen: 416876K->184430K(465920K)] 1295537K->1063372K(1472512K), 0.0205727 secs] [Times: user=0.03 sys=0.00, real=0.03 secs] 
2202.677: [GC (Allocation Failure) [PSYoungGen: 409636K->92367K(465920K)] 1288578K->971583K(1472512K), 0.0158286 secs] [Times: user=0.03 sys=0.00, real=0.02 secs] 
2203.797: [GC (Allocation Failure) [PSYoungGen: 325327K->38005K(465920K)] 1204543K->917528K(1472512K), 0.0060919 secs] [Times: user=0.01 sys=0.01, real=0.01 secs] 
2204.124: [GC (Allocation Failure) [PSYoungGen: 270965K->184687K(465920K)] 1150488K->1065464K(1472512K), 0.0210686 secs] [Times: user=0.03 sys=0.00, real=0.02 secs] 
2204.407: [GC (Allocation Failure) [PSYoungGen: 417647K->184687K(465920K)] 1298424K->1065745K(1472512K), 0.0207495 secs] [Times: user=0.03 sys=0.00, real=0.02 secs] 
2205.588: [GC (Allocation Failure) [PSYoungGen: 407259K->91371K(465920K)] 1288317K->972694K(1472512K), 0.0154825 secs] [Times: user=0.03 sys=0.00, real=0.02 secs] 
2206.667: [GC (Allocation Failure) [PSYoungGen: 324331K->38005K(465920K)] 1205654K->919646K(1472512K), 0.0060797 secs] [Times: user=0.01 sys=0.00, real=0.01 secs] 
2206.996: [GC (Allocation Failure) [PSYoungGen: 270965K->184655K(465920K)] 1152606K->1067670K(1472512K), 0.0206741 secs] [Times: user=0.03 sys=0.00, real=0.02 secs] 
2207.278: [GC (Allocation Failure) [PSYoungGen: 417615K->184655K(465920K)] 1300630K->1067822K(1472512K), 0.0207721 secs] [Times: user=0.03 sys=0.00, real=0.02 secs] 
2208.255: [GC (Allocation Failure) [PSYoungGen: 407219K->91355K(465920K)] 1290386K->974795K(1472512K), 0.0127610 secs] [Times: user=0.02 sys=0.01, real=0.01 secs] 
2209.061: [GC (Allocation Failure) [PSYoungGen: 324315K->37973K(465920K)] 1207755K->921731K(1472512K), 0.0062826 secs] [Times: user=0.01 sys=0.00, real=0.00 secs] 
2209.329: [GC (Allocation Failure) [PSYoungGen: 270933K->183948K(465920K)] 1154691K->1068951K(1472512K), 0.0207848 secs] [Times: user=0.03 sys=0.00, real=0.03 secs] 
2209.612: [GC (Allocation Failure) [PSYoungGen: 416908K->184462K(465920K)] 1301911K->1069746K(1472512K), 0.0205893 secs] [Times: user=0.03 sys=0.00, real=0.02 secs] 
2210.271: [GC (Allocation Failure) [PSYoungGen: 409660K->92351K(465920K)] 1294945K->977925K(1472512K), 0.0135457 secs] [Times: user=0.03 sys=0.00, real=0.01 secs] 
2211.778: [GC (Allocation Failure) [PSYoungGen: 325311K->37877K(465920K)] 1210885K->923758K(1472512K), 0.0077932 secs] [Times: user=0.02 sys=0.00, real=0.01 secs] 
2212.087: [GC (Allocation Failure) [PSYoungGen: 270837K->184719K(465920K)] 1156718K->1071854K(1472512K), 0.0209930 secs] [Times: user=0.03 sys=0.00, real=0.02 secs] 
2212.374: [GC (Allocation Failure) [PSYoungGen: 417679K->184655K(465920K)] 1304814K->1072071K(1472512K), 0.0206158 secs] [Times: user=0.03 sys=0.00, real=0.02 secs] 
2213.576: [GC (Allocation Failure) [PSYoungGen: 407192K->91484K(465920K)] 1294608K->979173K(1472512K), 0.0169299 secs] [Times: user=0.04 sys=0.00, real=0.02 secs] 
2216.111: [GC (Allocation Failure) [PSYoungGen: 324444K->37649K(465920K)] 1212133K->925660K(1472512K), 0.0085490 secs] [Times: user=0.02 sys=0.00, real=0.01 secs] 
2216.426: [GC (Allocation Failure) [PSYoungGen: 270609K->183851K(465920K)] 1158620K->1073108K(1472512K), 0.0207131 secs] [Times: user=0.03 sys=0.00, real=0.02 secs] 
2216.764: [GC (Allocation Failure) [PSYoungGen: 416811K->184687K(465920K)] 1306068K->1074224K(1472512K), 0.0207375 secs] [Times: user=0.03 sys=0.00, real=0.02 secs] 
2218.314: [GC (Allocation Failure) [PSYoungGen: 410231K->92640K(465920K)] 1299769K->982451K(1472512K), 0.0220027 secs] [Times: user=0.05 sys=0.00, real=0.02 secs] 
2220.204: [GC (Allocation Failure) [PSYoungGen: 325600K->37938K(465920K)] 1215411K->928048K(1472512K), 0.0075546 secs] [Times: user=0.02 sys=0.00, real=0.01 secs] 
2220.498: [GC (Allocation Failure) [PSYoungGen: 270898K->184622K(465920K)] 1161008K->1075986K(1472512K), 0.0211979 secs] [Times: user=0.03 sys=0.01, real=0.02 secs] 
2220.789: [GC (Allocation Failure) [PSYoungGen: 417582K->184301K(465920K)] 1308946K->1075946K(1472512K), 0.0207388 secs] [Times: user=0.03 sys=0.00, real=0.03 secs] 
2223.290: [GC (Allocation Failure) [PSYoungGen: 409185K->91998K(465920K)] 1300830K->983916K(1472512K), 0.0270333 secs] [Times: user=0.06 sys=0.00, real=0.03 secs] 
2225.391: [GC (Allocation Failure) [PSYoungGen: 324958K->37649K(465920K)] 1216876K->929884K(1472512K), 0.0076481 secs] [Times: user=0.02 sys=0.00, real=0.00 secs] 
2225.752: [GC (Allocation Failure) [PSYoungGen: 270609K->184462K(465920K)] 1162844K->1077951K(1472512K), 0.0213000 secs] [Times: user=0.03 sys=0.01, real=0.02 secs] 
2226.087: [GC (Allocation Failure) [PSYoungGen: 417422K->184301K(465920K)] 1310911K->1078071K(1472512K), 0.0206066 secs] [Times: user=0.03 sys=0.00, real=0.02 secs] 
2227.269: [GC (Allocation Failure) [PSYoungGen: 409343K->92383K(465920K)] 1303113K->986547K(1472512K), 0.0139931 secs] [Times: user=0.03 sys=0.00, real=0.02 secs] 
2229.012: [GC (Allocation Failure) [PSYoungGen: 325343K->37588K(465920K)] 1219507K->931931K(1472512K), 0.0084616 secs] [Times: user=0.02 sys=0.00, real=0.01 secs] 
2229.327: [GC (Allocation Failure) [PSYoungGen: 270548K->184173K(465920K)] 1164891K->1079769K(1472512K), 0.0210768 secs] [Times: user=0.03 sys=0.00, real=0.02 secs] 
2229.611: [GC (Allocation Failure) [PSYoungGen: 417133K->184944K(465920K)] 1312729K->1080821K(1472512K), 0.0206980 secs] [Times: user=0.03 sys=0.00, real=0.02 secs] 
2230.325: [GC (Allocation Failure) [PSYoungGen: 407854K->91982K(465920K)] 1303731K->988148K(1472512K), 0.0125300 secs] [Times: user=0.02 sys=0.00, real=0.01 secs] 
2231.297: [GC (Allocation Failure) [PSYoungGen: 324942K->38163K(465920K)] 1221108K->934637K(1472512K), 0.0066817 secs] [Times: user=0.02 sys=0.00, real=0.01 secs] 
2231.635: [GC (Allocation Failure) [PSYoungGen: 271123K->184590K(465920K)] 1167597K->1082318K(1472512K), 0.0210277 secs] [Times: user=0.04 sys=0.00, real=0.02 secs] 
2231.918: [GC (Allocation Failure) [PSYoungGen: 417550K->184301K(465920K)] 1315278K->1082310K(1472512K), 0.0205233 secs] [Times: user=0.03 sys=0.00, real=0.02 secs] 
2233.050: [GC (Allocation Failure) [PSYoungGen: 406874K->91725K(465920K)] 1304883K->990007K(1472512K), 0.0136265 secs] [Times: user=0.03 sys=0.00, real=0.01 secs] 
2234.160: [GC (Allocation Failure) [PSYoungGen: 324685K->37877K(465920K)] 1222967K->936473K(1472512K), 0.0068759 secs] [Times: user=0.02 sys=0.01, real=0.00 secs] 
2234.445: [GC (Allocation Failure) [PSYoungGen: 270837K->183690K(465920K)] 1169433K->1083532K(1472512K), 0.0208337 secs] [Times: user=0.03 sys=0.00, real=0.02 secs] 
2234.730: [GC (Allocation Failure) [PSYoungGen: 416650K->184398K(465920K)] 1316492K->1084520K(1472512K), 0.0206001 secs] [Times: user=0.03 sys=0.00, real=0.03 secs] 
2236.153: [GC (Allocation Failure) [PSYoungGen: 408456K->92801K(465920K)] 1308579K->993188K(1472512K), 0.0156484 secs] [Times: user=0.03 sys=0.01, real=0.01 secs] 
2239.039: [GC (Allocation Failure) [PSYoungGen: 325761K->37874K(465920K)] 1226148K->938583K(1472512K), 0.0086843 secs] [Times: user=0.03 sys=0.00, real=0.01 secs] 
2239.360: [GC (Allocation Failure) [PSYoungGen: 270834K->184301K(465920K)] 1171543K->1086385K(1472512K), 0.0209509 secs] [Times: user=0.02 sys=0.01, real=0.02 secs] 
2239.648: [GC (Allocation Failure) [PSYoungGen: 417261K->184205K(465920K)] 1319345K->1086441K(1472512K), 0.0206462 secs] [Times: user=0.03 sys=0.00, real=0.02 secs] 
2240.886: [GC (Allocation Failure) [PSYoungGen: 409115K->92351K(465920K)] 1311351K->994868K(1472512K), 0.0205361 secs] [Times: user=0.04 sys=0.00, real=0.02 secs] 
2242.990: [GC (Allocation Failure) [PSYoungGen: 325311K->37906K(465920K)] 1227828K->940731K(1472512K), 0.0084519 secs] [Times: user=0.02 sys=0.00, real=0.01 secs] 
2243.375: [GC (Allocation Failure) [PSYoungGen: 270866K->184462K(465920K)] 1173691K->1088540K(1472512K), 0.0209583 secs] [Times: user=0.03 sys=0.00, real=0.02 secs] 
2243.660: [GC (Allocation Failure) [PSYoungGen: 417422K->184301K(465920K)] 1321500K->1088661K(1472512K), 0.0205932 secs] [Times: user=0.03 sys=0.00, real=0.02 secs] 
2244.837: [GC (Allocation Failure) [PSYoungGen: 409464K->92126K(465920K)] 1313823K->996759K(1472512K), 0.0278525 secs] [Times: user=0.06 sys=0.00, real=0.03 secs] 
2246.605: [GC (Allocation Failure) [PSYoungGen: 325086K->37877K(465920K)] 1229719K->942823K(1472512K), 0.0076218 secs] [Times: user=0.02 sys=0.00, real=0.01 secs] 
2246.980: [GC (Allocation Failure) [PSYoungGen: 270837K->184333K(465920K)] 1175783K->1090525K(1472512K), 0.0208981 secs] [Times: user=0.03 sys=0.00, real=0.02 secs] 
2247.324: [GC (Allocation Failure) [PSYoungGen: 417293K->184655K(465920K)] 1323485K->1091128K(1472512K), 0.0207025 secs] [Times: user=0.03 sys=0.00, real=0.02 secs] 
2248.686: [GC (Allocation Failure) [PSYoungGen: 407235K->91869K(465920K)] 1313708K->998607K(1472512K), 0.0139902 secs] [Times: user=0.03 sys=0.00, real=0.02 secs] 
2250.634: [GC (Allocation Failure) [PSYoungGen: 324829K->37812K(465920K)] 1231567K->944864K(1472512K), 0.0072135 secs] [Times: user=0.02 sys=0.00, real=0.01 secs] 
2250.992: [GC (Allocation Failure) [PSYoungGen: 270772K->183819K(465920K)] 1177824K->1092124K(1472512K), 0.0208819 secs] [Times: user=0.04 sys=0.00, real=0.02 secs] 
2251.279: [GC (Allocation Failure) [PSYoungGen: 416779K->184301K(465920K)] 1325084K->1093016K(1472512K), 0.0205638 secs] [Times: user=0.03 sys=0.00, real=0.02 secs] 
2253.561: [GC (Allocation Failure) [PSYoungGen: 408132K->92897K(465920K)] 1316846K->1001749K(1472512K), 0.0255771 secs] [Times: user=0.06 sys=0.00, real=0.02 secs] 
2255.597: [GC (Allocation Failure) [PSYoungGen: 325857K->37877K(465920K)] 1234709K->947034K(1472512K), 0.0081685 secs] [Times: user=0.02 sys=0.00, real=0.01 secs] 
2255.901: [GC (Allocation Failure) [PSYoungGen: 270837K->184430K(465920K)] 1179994K->1094840K(1472512K), 0.0210383 secs] [Times: user=0.03 sys=0.01, real=0.02 secs] 
2256.189: [GC (Allocation Failure) [PSYoungGen: 417390K->184301K(465920K)] 1327800K->1094993K(1472512K), 0.0205230 secs] [Times: user=0.03 sys=0.00, real=0.02 secs] 
2257.274: [GC (Allocation Failure) [PSYoungGen: 409349K->92126K(465920K)] 1320041K->1003211K(1472512K), 0.0253912 secs] [Times: user=0.06 sys=0.00, real=0.02 secs] 
2259.676: [GC (Allocation Failure) [PSYoungGen: 325086K->37777K(465920K)] 1236171K->949040K(1472512K), 0.0092679 secs] [Times: user=0.02 sys=0.00, real=0.01 secs] 
2259.999: [GC (Allocation Failure) [PSYoungGen: 270737K->184687K(465920K)] 1182000K->1097211K(1472512K), 0.0209129 secs] [Times: user=0.03 sys=0.00, real=0.03 secs] 
2260.291: [GC (Allocation Failure) [PSYoungGen: 417647K->184655K(465920K)] 1330171K->1097460K(1472512K), 0.0206624 secs] [Times: user=0.03 sys=0.00, real=0.02 secs] 
2260.924: [GC (Allocation Failure) [PSYoungGen: 407203K->91612K(465920K)] 1320008K->1004682K(1472512K), 0.0127086 secs] [Times: user=0.03 sys=0.00, real=0.01 secs] 
2261.845: [GC (Allocation Failure) [PSYoungGen: 324572K->38005K(465920K)] 1237642K->951391K(1472512K), 0.0071032 secs] [Times: user=0.02 sys=0.00, real=0.01 secs] 
2262.123: [GC (Allocation Failure) [PSYoungGen: 270965K->183948K(465920K)] 1184351K->1098587K(1472512K), 0.0209695 secs] [Times: user=0.03 sys=0.00, real=0.02 secs] 
2262.469: [GC (Allocation Failure) [PSYoungGen: 416908K->184462K(465920K)] 1331547K->1099511K(1472512K), 0.0205809 secs] [Times: user=0.03 sys=0.00, real=0.02 secs] 
2263.564: [GC (Allocation Failure) [PSYoungGen: 409687K->92383K(465920K)] 1324736K->1007569K(1472512K), 0.0137663 secs] [Times: user=0.03 sys=0.00, real=0.01 secs] 
2265.256: [GC (Allocation Failure) [PSYoungGen: 325343K->37874K(465920K)] 1240529K->953381K(1472512K), 0.0084096 secs] [Times: user=0.02 sys=0.00, real=0.01 secs] 
2265.561: [GC (Allocation Failure) [PSYoungGen: 270834K->184687K(465920K)] 1186341K->1101440K(1472512K), 0.0209417 secs] [Times: user=0.03 sys=0.00, real=0.02 secs] 
2265.920: [GC (Allocation Failure) [PSYoungGen: 417647K->184687K(465920K)] 1334400K->1101721K(1472512K), 0.0207375 secs] [Times: user=0.03 sys=0.00, real=0.02 secs] 
2267.134: [GC (Allocation Failure) [PSYoungGen: 407250K->91484K(465920K)] 1324284K->1008783K(1472512K), 0.0128301 secs] [Times: user=0.03 sys=0.00, real=0.01 secs] 
2268.852: [GC (Allocation Failure) [PSYoungGen: 324444K->37620K(465920K)] 1241743K->955226K(1472512K), 0.0078297 secs] [Times: user=0.02 sys=0.00, real=0.01 secs] 
2269.212: [GC (Allocation Failure) [PSYoungGen: 270580K->183787K(465920K)] 1188186K->1102639K(1472512K), 0.0209453 secs] [Times: user=0.03 sys=0.00, real=0.02 secs] 
2269.494: [GC (GCLocker Initiated GC) [PSYoungGen: 416747K->182116K(465920K)] 1335599K->1101250K(1472512K), 0.0205818 secs] [Times: user=0.03 sys=0.00, real=0.02 secs] 
2270.803: [GC (Allocation Failure) [PSYoungGen: 415076K->78811K(465920K)] 1350597K->1014596K(1472512K), 0.0125019 secs] [Times: user=0.02 sys=0.00, real=0.01 secs] 
2272.166: [GC (Allocation Failure) [PSYoungGen: 311771K->57152K(465920K)] 1247556K->993171K(1472512K), 0.0108720 secs] [Times: user=0.02 sys=0.01, real=0.01 secs] 
2272.476: [GC (Allocation Failure) [PSYoungGen: 290112K->184173K(465920K)] 1226131K->1121437K(1472512K), 0.0205676 secs] [Times: user=0.03 sys=0.00, real=0.02 secs] 
2272.758: [GC (Allocation Failure) [PSYoungGen: 417133K->184044K(465920K)] 1354397K->1121581K(1472512K), 0.0206431 secs] [Times: user=0.02 sys=0.00, real=0.02 secs] 
2273.738: [GC (Allocation Failure) [PSYoungGen: 417004K->56994K(465920K)] 1354541K->994796K(1472512K), 0.0097766 secs] [Times: user=0.02 sys=0.00, real=0.01 secs] 
2274.443: [GC (Allocation Failure) [PSYoungGen: 289954K->79518K(465920K)] 1227756K->1017634K(1472512K), 0.0101672 secs] [Times: user=0.02 sys=0.00, real=0.01 secs] 
2274.716: [GC (Allocation Failure) [PSYoungGen: 312478K->184205K(465920K)] 1250594K->1123566K(1472512K), 0.0205988 secs] [Times: user=0.03 sys=0.00, real=0.02 secs] 
2274.999: [GC (Allocation Failure) [PSYoungGen: 417165K->184398K(465920K)] 1356526K->1124161K(1472512K), 0.0206561 secs] [Times: user=0.03 sys=0.00, real=0.02 secs] 
2276.500: [GC (Allocation Failure) [PSYoungGen: 417358K->34213K(465920K)] 1357121K->974121K(1472512K), 0.0087427 secs] [Times: user=0.02 sys=0.00, real=0.00 secs] 
2277.588: [GC (Allocation Failure) [PSYoungGen: 267079K->101814K(465920K)] 1206987K->1042036K(1472512K), 0.0126560 secs] [Times: user=0.03 sys=0.00, real=0.02 secs] 
2277.863: [GC (Allocation Failure) [PSYoungGen: 334774K->184430K(465920K)] 1274996K->1125897K(1472512K), 0.0209086 secs] [Times: user=0.03 sys=0.00, real=0.02 secs] 
2278.147: [GC (Allocation Failure) [PSYoungGen: 417390K->184526K(465920K)] 1358857K->1126274K(1472512K), 0.0205927 secs] [Times: user=0.03 sys=0.00, real=0.02 secs] 
2279.829: [GC (Allocation Failure) [PSYoungGen: 417486K->11529K(465920K)] 1359234K->953542K(1472512K), 0.0050550 secs] [Times: user=0.02 sys=0.00, real=0.01 secs] 
2281.095: [GC (Allocation Failure) [PSYoungGen: 244489K->124534K(465920K)] 1186502K->1066862K(1472512K), 0.0149731 secs] [Times: user=0.03 sys=0.00, real=0.02 secs] 
2281.429: [GC (Allocation Failure) [PSYoungGen: 357494K->184044K(465920K)] 1299822K->1127619K(1472512K), 0.0208304 secs] [Times: user=0.03 sys=0.00, real=0.03 secs] 
2282.313: [GC (Allocation Failure) [PSYoungGen: 417004K->174588K(465920K)] 1360579K->1118428K(1472512K), 0.0328488 secs] [Times: user=0.05 sys=0.00, real=0.03 secs] 
2283.689: [GC (Allocation Failure) [PSYoungGen: 407548K->96K(465920K)] 1351388K->945375K(1472512K), 0.0033359 secs] [Times: user=0.01 sys=0.00, real=0.01 secs] 
2284.163: [GC (Allocation Failure) [PSYoungGen: 233056K->147186K(465920K)] 1178335K->1092481K(1472512K), 0.0169327 secs] [Times: user=0.03 sys=0.00, real=0.01 secs] 
2284.509: [GC (Allocation Failure) [PSYoungGen: 380146K->184333K(465920K)] 1325441K->1130882K(1472512K), 0.0212000 secs] [Times: user=0.03 sys=0.00, real=0.03 secs] 
2285.052: [GC (Allocation Failure) [PSYoungGen: 417293K->158895K(465920K)] 1363842K->1105838K(1472512K), 0.0267493 secs] [Times: user=0.05 sys=0.00, real=0.02 secs] 
2286.049: [GC (Allocation Failure) [PSYoungGen: 391855K->64K(465920K)] 1338798K->948323K(1472512K), 0.0034134 secs] [Times: user=0.02 sys=0.00, real=0.01 secs] 
2286.446: [GC (Allocation Failure) [PSYoungGen: 233024K->169677K(465920K)] 1181283K->1117945K(1472512K), 0.0192850 secs] [Times: user=0.03 sys=0.00, real=0.02 secs] 
2286.787: [GC (Allocation Failure) [PSYoungGen: 402637K->183916K(465920K)] 1350905K->1133421K(1472512K), 0.0206999 secs] [Times: user=0.03 sys=0.00, real=0.02 secs] 
2288.250: [GC (Allocation Failure) [PSYoungGen: 411102K->136789K(465920K)] 1360608K->1086560K(1472512K), 0.0292910 secs] [Times: user=0.05 sys=0.00, real=0.02 secs] 
2289.622: [GC (Allocation Failure) [PSYoungGen: 369749K->1665K(465920K)] 1319520K->951737K(1472512K), 0.0048288 secs] [Times: user=0.02 sys=0.00, real=0.00 secs] 
2289.964: [GC (Allocation Failure) [PSYoungGen: 234625K->184751K(465920K)] 1184697K->1136076K(1472512K), 0.0209898 secs] [Times: user=0.03 sys=0.00, real=0.02 secs] 
2290.304: [GC (Allocation Failure) [PSYoungGen: 417711K->184430K(465920K)] 1369036K->1136036K(1472512K), 0.0207473 secs] [Times: user=0.03 sys=0.00, real=0.02 secs] 
2291.369: [GC (Allocation Failure) [PSYoungGen: 417390K->128064K(465920K)] 1368996K->1079944K(1472512K), 0.0184756 secs] [Times: user=0.04 sys=0.00, real=0.02 secs] 
2293.788: [GC (Allocation Failure) [PSYoungGen: 361024K->24510K(465920K)] 1312904K->976698K(1472512K), 0.0080520 secs] [Times: user=0.03 sys=0.00, real=0.01 secs] 
2294.132: [GC (Allocation Failure) [PSYoungGen: 257470K->183819K(465920K)] 1209658K->1137260K(1472512K), 0.0208438 secs] [Times: user=0.03 sys=0.00, real=0.02 secs] 
2294.418: [GC (Allocation Failure) [PSYoungGen: 416779K->184462K(465920K)] 1370220K->1138184K(1472512K), 0.0208290 secs] [Times: user=0.03 sys=0.00, real=0.02 secs] 
2295.118: [GC (Allocation Failure) [PSYoungGen: 417422K->106055K(465920K)] 1371144K->1060050K(1472512K), 0.0135843 secs] [Times: user=0.02 sys=0.00, real=0.02 secs] 
2296.290: [GC (Allocation Failure) [PSYoungGen: 339015K->46584K(465920K)] 1293010K->1000877K(1472512K), 0.0082501 secs] [Times: user=0.02 sys=0.00, real=0.00 secs] 
2296.579: [GC (Allocation Failure) [PSYoungGen: 279544K->184847K(465920K)] 1233837K->1140394K(1472512K), 0.0209201 secs] [Times: user=0.03 sys=0.00, real=0.02 secs] 
2296.869: [GC (Allocation Failure) [PSYoungGen: 417807K->184912K(465920K)] 1373354K->1140739K(1472512K), 0.0206847 secs] [Times: user=0.03 sys=0.00, real=0.03 secs] 
2297.865: [GC (Allocation Failure) [PSYoungGen: 417872K->65958K(465920K)] 1373699K->1022051K(1472512K), 0.0117400 secs] [Times: user=0.03 sys=0.00, real=0.01 secs] 
2298.610: [GC (Allocation Failure) [PSYoungGen: 298918K->70297K(465920K)] 1255011K->1026711K(1472512K), 0.0091599 secs] [Times: user=0.02 sys=0.00, real=0.00 secs] 
2298.884: [GC (Allocation Failure) [PSYoungGen: 303257K->186389K(465920K)] 1259671K->1144057K(1472512K), 0.0212020 secs] [Times: user=0.03 sys=0.00, real=0.02 secs] 
2299.168: [GC (Allocation Failure) [PSYoungGen: 419349K->184847K(465920K)] 1377017K->1142796K(1472512K), 0.0205855 secs] [Times: user=0.03 sys=0.00, real=0.02 secs] 
2302.306: [GC (Allocation Failure) [PSYoungGen: 417807K->40896K(465920K)] 1375756K->999118K(1472512K), 0.0098375 secs] [Times: user=0.02 sys=0.00, real=0.01 secs] 
2303.658: [GC (Allocation Failure) [PSYoungGen: 273856K->94488K(465920K)] 1232078K->1053040K(1472512K), 0.0137470 secs] [Times: user=0.03 sys=0.00, real=0.02 secs] 
2303.946: [GC (Allocation Failure) [PSYoungGen: 327448K->186389K(465920K)] 1286000K->1146323K(1472512K), 0.0209021 secs] [Times: user=0.03 sys=0.00, real=0.02 secs] 
2304.229: [GC (Allocation Failure) [PSYoungGen: 419349K->184783K(465920K)] 1379283K->1144870K(1472512K), 0.0230609 secs] [Times: user=0.03 sys=0.00, real=0.03 secs] 
2306.237: [GC (Allocation Failure) [PSYoungGen: 417743K->16750K(465920K)] 1377830K->977101K(1472512K), 0.0069319 secs] [Times: user=0.03 sys=0.00, real=0.01 secs] 
2307.300: [GC (Allocation Failure) [PSYoungGen: 249710K->119296K(465920K)] 1210061K->1079961K(1472512K), 0.0143955 secs] [Times: user=0.02 sys=0.00, real=0.01 secs] 
2307.575: [GC (Allocation Failure) [PSYoungGen: 352256K->183658K(465920K)] 1312921K->1145569K(1472512K), 0.0206132 secs] [Times: user=0.03 sys=0.00, real=0.02 secs] 
2307.924: [GC (Allocation Failure) [PSYoungGen: 416618K->180307K(465920K)] 1378529K->1142491K(1472512K), 0.0229360 secs] [Times: user=0.03 sys=0.00, real=0.02 secs] 
2308.896: [GC (Allocation Failure) [PSYoungGen: 413267K->96K(465920K)] 1375451K->963731K(1472512K), 0.0039852 secs] [Times: user=0.02 sys=0.00, real=0.01 secs] 
2309.401: [GC (Allocation Failure) [PSYoungGen: 233056K->143298K(465920K)] 1196691K->1106949K(1472512K), 0.0165032 secs] [Times: user=0.03 sys=0.00, real=0.01 secs] 
2309.682: [GC (Allocation Failure) [PSYoungGen: 376258K->186036K(465920K)] 1339909K->1150941K(1472512K), 0.0212523 secs] [Times: user=0.04 sys=0.00, real=0.02 secs] 
2310.107: [GC (Allocation Failure) [PSYoungGen: 418996K->161080K(465920K)] 1383901K->1126266K(1472512K), 0.0177615 secs] [Times: user=0.02 sys=0.00, real=0.02 secs] 
2311.189: [GC (Allocation Failure) [PSYoungGen: 394040K->96K(465920K)] 1359226K->966715K(1472512K), 0.0033123 secs] [Times: user=0.02 sys=0.00, real=0.01 secs] 
2311.595: [GC (Allocation Failure) [PSYoungGen: 233056K->168231K(465920K)] 1199675K->1134875K(1472512K), 0.0192276 secs] [Times: user=0.03 sys=0.00, real=0.02 secs] 
2311.877: [GC (Allocation Failure) [PSYoungGen: 401191K->184879K(465920K)] 1367835K->1152777K(1472512K), 0.0212853 secs] [Times: user=0.04 sys=0.00, real=0.02 secs] 
2312.473: [GC (Allocation Failure) [PSYoungGen: 411828K->137271K(465920K)] 1379725K->1105442K(1472512K), 0.0192016 secs] [Times: user=0.03 sys=0.00, real=0.02 secs] 
2314.427: [GC (Allocation Failure) [PSYoungGen: 370231K->1505K(465920K)] 1338402K->969969K(1472512K), 0.0041794 secs] [Times: user=0.02 sys=0.00, real=0.01 secs] 
2314.747: [GC (Allocation Failure) [PSYoungGen: 234465K->184076K(465920K)] 1202929K->1153923K(1472512K), 0.0209271 secs] [Times: user=0.03 sys=0.00, real=0.02 secs] 
2315.030: [GC (Allocation Failure) [PSYoungGen: 417036K->184012K(465920K)] 1386883K->1154011K(1472512K), 0.0206399 secs] [Times: user=0.03 sys=0.00, real=0.02 secs] 
2315.696: [GC (Allocation Failure) [PSYoungGen: 416972K->129109K(465920K)] 1386971K->1099381K(1472512K), 0.0163468 secs] [Times: user=0.03 sys=0.00, real=0.02 secs] 
2318.056: [GC (Allocation Failure) [PSYoungGen: 362069K->23097K(465920K)] 1332341K->993674K(1472512K), 0.0079718 secs] [Times: user=0.02 sys=0.00, real=0.01 secs] 
2318.400: [GC (Allocation Failure) [PSYoungGen: 256057K->184205K(465920K)] 1226634K->1156036K(1472512K), 0.0211558 secs] [Times: user=0.03 sys=0.00, real=0.02 secs] 
2318.688: [GC (Allocation Failure) [PSYoungGen: 417165K->184301K(465920K)] 1388996K->1156542K(1472512K), 0.0206974 secs] [Times: user=0.04 sys=0.00, real=0.02 secs] 
2320.288: [GC (Allocation Failure) [PSYoungGen: 417261K->107163K(465920K)] 1389502K->1079541K(1472512K), 0.0166287 secs] [Times: user=0.04 sys=0.00, real=0.02 secs] 
2321.211: [GC (Allocation Failure) [PSYoungGen: 340123K->45106K(465920K)] 1312501K->1017789K(1472512K), 0.0067746 secs] [Times: user=0.01 sys=0.00, real=0.00 secs] 
2321.557: [GC (Allocation Failure) [PSYoungGen: 278066K->184205K(465920K)] 1250749K->1158133K(1472512K), 0.0211407 secs] [Times: user=0.03 sys=0.00, real=0.02 secs] 
2321.840: [GC (Allocation Failure) [PSYoungGen: 417165K->184526K(465920K)] 1391093K->1158736K(1472512K), 0.0208194 secs] [Times: user=0.03 sys=0.01, real=0.02 secs] 
2323.704: [GC (Allocation Failure) [PSYoungGen: 417486K->68561K(465920K)] 1391696K->1043044K(1472512K), 0.0181894 secs] [Times: user=0.03 sys=0.00, real=0.02 secs] 
2325.100: [GC (Allocation Failure) [PSYoungGen: 301521K->67534K(465920K)] 1276004K->1042332K(1472512K), 0.0102332 secs] [Times: user=0.03 sys=0.00, real=0.01 secs] 
2325.382: [GC (Allocation Failure) [PSYoungGen: 300494K->184076K(465920K)] 1275292K->1160257K(1472512K), 0.0210357 secs] [Times: user=0.03 sys=0.00, real=0.02 secs] 
2325.669: [GC (Allocation Failure) [PSYoungGen: 417036K->184590K(465920K)] 1393217K->1160923K(1472512K), 0.0206900 secs] [Times: user=0.03 sys=0.00, real=0.03 secs] 
2326.839: [GC (Allocation Failure) [PSYoungGen: 417550K->46198K(465920K)] 1393883K->1022933K(1472512K), 0.0086416 secs] [Times: user=0.02 sys=0.00, real=0.01 secs] 
2327.516: [GC (Allocation Failure) [PSYoungGen: 279158K->90057K(465920K)] 1255893K->1066985K(1472512K), 0.0114036 secs] [Times: user=0.03 sys=0.00, real=0.01 secs] 
2327.791: [GC (Allocation Failure) [PSYoungGen: 323017K->184173K(465920K)] 1299945K->1162346K(1472512K), 0.0207018 secs] [Times: user=0.03 sys=0.00, real=0.02 secs] 
2328.076: [GC (Allocation Failure) [PSYoungGen: 417133K->184590K(465920K)] 1395306K->1163045K(1472512K), 0.0207114 secs] [Times: user=0.03 sys=0.00, real=0.02 secs] 
2331.163: [GC (Allocation Failure) [PSYoungGen: 417550K->23514K(465920K)] 1396005K->1002362K(1472512K), 0.0103388 secs] [Times: user=0.03 sys=0.00, real=0.01 secs] 
2332.254: [GC (Allocation Failure) [PSYoungGen: 256474K->112099K(465920K)] 1235322K->1091128K(1472512K), 0.0195523 secs] [Times: user=0.06 sys=0.00, real=0.02 secs] 
2332.593: [GC (Allocation Failure) [PSYoungGen: 345059K->184173K(465920K)] 1324088K->1164456K(1472512K), 0.0207346 secs] [Times: user=0.03 sys=0.00, real=0.02 secs] 
2332.876: [GC (Allocation Failure) [PSYoungGen: 417133K->184012K(465920K)] 1397416K->1164576K(1472512K), 0.0207517 secs] [Times: user=0.03 sys=0.00, real=0.02 secs] 
2334.339: [GC (Allocation Failure) [PSYoungGen: 416972K->2082K(465920K)] 1397536K->982912K(1472512K), 0.0038941 secs] [Times: user=0.02 sys=0.00, real=0.01 secs] 
2335.249: [GC (Allocation Failure) [PSYoungGen: 235042K->133819K(465920K)] 1215872K->1114959K(1472512K), 0.0158319 secs] [Times: user=0.02 sys=0.00, real=0.02 secs] 
2335.592: [GC (Allocation Failure) [PSYoungGen: 366779K->184301K(465920K)] 1347919K->1166686K(1472512K), 0.0208067 secs] [Times: user=0.03 sys=0.00, real=0.02 secs] 
2336.069: [GC (Allocation Failure) [PSYoungGen: 417261K->168150K(465920K)] 1399646K->1150808K(1472512K), 0.0311809 secs] [Times: user=0.05 sys=0.01, real=0.04 secs] 
2338.159: [GC (Allocation Failure) [PSYoungGen: 401110K->64K(465920K)] 1383768K->984171K(1472512K), 0.0075298 secs] [Times: user=0.04 sys=0.00, real=0.01 secs] 
2338.863: [GC (Allocation Failure) [PSYoungGen: 233024K->155797K(465920K)] 1217131K->1139913K(1472512K), 0.0178079 secs] [Times: user=0.02 sys=0.00, real=0.02 secs] 
2339.204: [GC (Allocation Failure) [PSYoungGen: 388757K->184333K(465920K)] 1372873K->1169695K(1472512K), 0.0208164 secs] [Times: user=0.03 sys=0.00, real=0.02 secs] 
2339.909: [GC (Allocation Failure) [PSYoungGen: 417293K->150300K(465920K)] 1402655K->1135935K(1472512K), 0.0243783 secs] [Times: user=0.04 sys=0.00, real=0.03 secs] 
2341.502: [GC (Allocation Failure) [PSYoungGen: 383260K->96K(465920K)] 1368895K->987178K(1472512K), 0.0033701 secs] [Times: user=0.01 sys=0.00, real=0.00 secs] 
2341.934: [GC (Allocation Failure) [PSYoungGen: 233056K->177806K(465920K)] 1220138K->1164912K(1472512K), 0.0198942 secs] [Times: user=0.03 sys=0.00, real=0.02 secs] 
2342.217: [GC (Allocation Failure) [PSYoungGen: 410766K->184494K(465920K)] 1397872K->1172846K(1472512K), 0.0209997 secs] [Times: user=0.03 sys=0.00, real=0.02 secs] 
2342.901: [GC (Allocation Failure) [PSYoungGen: 417454K->136354K(465920K)] 1405806K->1124971K(1472512K), 0.0161788 secs] [Times: user=0.03 sys=0.00, real=0.01 secs] 
2343.981: [GC (Allocation Failure) [PSYoungGen: 369314K->16410K(465920K)] 1357931K->1005333K(1472512K), 0.0054138 secs] [Times: user=0.02 sys=0.00, real=0.00 secs] 
2344.273: [GC (Allocation Failure) [PSYoungGen: 249370K->184333K(465920K)] 1238293K->1174509K(1472512K), 0.0210826 secs] [Times: user=0.02 sys=0.00, real=0.02 secs] 
2344.558: [GC (Allocation Failure) [PSYoungGen: 417293K->184269K(465920K)] 1407469K->1174726K(1472512K), 0.0207823 secs] [Times: user=0.03 sys=0.00, real=0.02 secs] 
2345.629: [GC (Allocation Failure) [PSYoungGen: 417229K->113798K(465920K)] 1407686K->1104528K(1472512K), 0.0171091 secs] [Times: user=0.04 sys=0.00, real=0.02 secs] 
2347.617: [GC (Allocation Failure) [PSYoungGen: 346758K->38420K(465920K)] 1337488K->1029452K(1472512K), 0.0089718 secs] [Times: user=0.02 sys=0.00, real=0.01 secs] 
2347.941: [GC (Allocation Failure) [PSYoungGen: 271380K->186389K(465920K)] 1262412K->1178675K(1472512K), 0.0213186 secs] [Times: user=0.03 sys=0.00, real=0.02 secs] 
2348.230: [GC (Allocation Failure) [PSYoungGen: 419349K->184815K(465920K)] 1411635K->1177374K(1472512K), 0.0207438 secs] [Times: user=0.03 sys=0.00, real=0.02 secs] 
2349.014: [GC (Allocation Failure) [PSYoungGen: 417775K->72834K(465920K)] 1410334K->1065666K(1472512K), 0.0118144 secs] [Times: user=0.03 sys=0.00, real=0.01 secs] 
2349.953: [GC (Allocation Failure) [PSYoungGen: 305794K->63485K(465920K)] 1298626K->1056624K(1472512K), 0.0085659 secs] [Times: user=0.02 sys=0.00, real=0.01 secs] 
2350.225: [GC (Allocation Failure) [PSYoungGen: 296445K->184558K(465920K)] 1289584K->1178951K(1472512K), 0.0211560 secs] [Times: user=0.03 sys=0.00, real=0.02 secs] 
2350.510: [GC (Allocation Failure) [PSYoungGen: 417518K->184012K(465920K)] 1411911K->1178686K(1472512K), 0.0208439 secs] [Times: user=0.03 sys=0.00, real=0.02 secs] 
2352.411: [GC (Allocation Failure) [PSYoungGen: 416972K->50278K(465920K)] 1411646K->1045226K(1472512K), 0.0101193 secs] [Times: user=0.02 sys=0.00, real=0.01 secs] 
2353.590: [GC (Allocation Failure) [PSYoungGen: 283238K->84913K(465920K)] 1278186K->1080176K(1472512K), 0.0108142 secs] [Times: user=0.02 sys=0.00, real=0.01 secs] 
2353.863: [GC (Allocation Failure) [PSYoungGen: 317873K->184590K(465920K)] 1313136K->1181107K(1472512K), 0.0209925 secs] [Times: user=0.03 sys=0.00, real=0.02 secs] 
2354.147: [GC (Allocation Failure) [PSYoungGen: 417550K->184269K(465920K)] 1414067K->1181059K(1472512K), 0.0207391 secs] [Times: user=0.03 sys=0.00, real=0.02 secs] 
2355.116: [GC (Allocation Failure) [PSYoungGen: 417229K->28526K(465920K)] 1414019K->1025581K(1472512K), 0.0093156 secs] [Times: user=0.03 sys=0.00, real=0.01 secs] 
2355.778: [GC (Allocation Failure) [PSYoungGen: 261486K->108272K(465920K)] 1258541K->1105637K(1472512K), 0.0131873 secs] [Times: user=0.03 sys=0.00, real=0.02 secs] 
2356.057: [GC (Allocation Failure) [PSYoungGen: 341232K->184462K(465920K)] 1338597K->1183080K(1472512K), 0.0214569 secs] [Times: user=0.03 sys=0.00, real=0.02 secs] 
2356.344: [GC (Allocation Failure) [PSYoungGen: 417422K->184526K(465920K)] 1416040K->1183426K(1472512K), 0.0209344 secs] [Times: user=0.03 sys=0.00, real=0.02 secs] 
2358.328: [GC (Allocation Failure) [PSYoungGen: 417486K->5119K(465920K)] 1416386K->1004291K(1472512K), 0.0048207 secs] [Times: user=0.03 sys=0.00, real=0.01 secs] 
2359.198: [GC (Allocation Failure) [PSYoungGen: 238079K->131152K(465920K)] 1237251K->1130630K(1472512K), 0.0155198 secs] [Times: user=0.02 sys=0.00, real=0.02 secs] 
2359.477: [GC (Allocation Failure) [PSYoungGen: 364112K->184558K(465920K)] 1363590K->1185290K(1472512K), 0.0210175 secs] [Times: user=0.03 sys=0.00, real=0.02 secs] 
2360.316: [GC (Allocation Failure) [PSYoungGen: 417518K->170656K(465920K)] 1418250K->1171661K(1472512K), 0.0286513 secs] [Times: user=0.04 sys=0.00, real=0.03 secs] 
2362.522: [GC (Allocation Failure) [PSYoungGen: 403616K->96K(465920K)] 1404621K->1002556K(1472512K), 0.0047495 secs] [Times: user=0.02 sys=0.00, real=0.00 secs] 
2363.379: [GC (Allocation Failure) [PSYoungGen: 233056K->153612K(465920K)] 1235516K->1156088K(1472512K), 0.0176662 secs] [Times: user=0.03 sys=0.00, real=0.02 secs] 
2363.659: [GC (Allocation Failure) [PSYoungGen: 386572K->184301K(465920K)] 1389048K->1188023K(1472512K), 0.0207316 secs] [Times: user=0.03 sys=0.00, real=0.03 secs] 
2365.037: [GC (Allocation Failure) [PSYoungGen: 417261K->152485K(465920K)] 1420983K->1156480K(1472512K), 0.0283933 secs] [Times: user=0.04 sys=0.00, real=0.03 secs] 
2367.338: [GC (Allocation Failure) [PSYoungGen: 385445K->128K(465920K)] 1389440K->1005569K(1472512K), 0.0038748 secs] [Times: user=0.02 sys=0.00, real=0.01 secs] 
2367.341: [Full GC (Ergonomics) [PSYoungGen: 128K->0K(465920K)] [ParOldGen: 1005441K->393852K(930816K)] 1005569K->393852K(1396736K), [Metaspace: 56314K->56189K(1101824K)], 0.0654198 secs] [Times: user=0.21 sys=0.00, real=0.06 secs] 
2367.897: [GC (Allocation Failure) [PSYoungGen: 232960K->175172K(465920K)] 626812K->569024K(1396736K), 0.0190084 secs] [Times: user=0.03 sys=0.00, real=0.02 secs] 
2368.236: [GC (Allocation Failure) [PSYoungGen: 408132K->184462K(465920K)] 801984K->579696K(1396736K), 0.0201264 secs] [Times: user=0.02 sys=0.00, real=0.02 secs] 
2370.731: [GC (Allocation Failure) [PSYoungGen: 417422K->139005K(465920K)] 812656K->534512K(1396736K), 0.0395926 secs] [Times: user=0.06 sys=0.00, real=0.04 secs] 
2371.953: [GC (Allocation Failure) [PSYoungGen: 371965K->128K(465920K)] 767472K->396974K(1396736K), 0.0019436 secs] [Times: user=0.01 sys=0.00, real=0.00 secs] 
2372.324: [GC (Allocation Failure) [PSYoungGen: 233088K->186546K(465920K)] 629934K->583417K(1396736K), 0.0202700 secs] [Times: user=0.02 sys=0.00, real=0.02 secs] 
2372.609: [GC (Allocation Failure) [PSYoungGen: 419506K->186100K(465920K)] 816377K->584225K(1396736K), 0.0209982 secs] [Times: user=0.03 sys=0.00, real=0.03 secs] 
2373.267: [GC (Allocation Failure) [PSYoungGen: 419060K->125976K(465920K)] 817185K->524494K(1396736K), 0.0175406 secs] [Times: user=0.03 sys=0.00, real=0.02 secs] 
2374.269: [GC (Allocation Failure) [PSYoungGen: 358936K->15029K(465920K)] 757454K->413724K(1396736K), 0.0040609 secs] [Times: user=0.01 sys=0.00, real=0.01 secs] 
2374.642: [GC (Allocation Failure) [PSYoungGen: 247989K->185715K(465920K)] 646684K->585792K(1396736K), 0.0202354 secs] [Times: user=0.03 sys=0.00, real=0.02 secs] 
2374.931: [GC (Allocation Failure) [PSYoungGen: 418675K->185875K(465920K)] 818752K->586105K(1396736K), 0.0201940 secs] [Times: user=0.03 sys=0.00, real=0.02 secs] 
2376.142: [GC (Allocation Failure) [PSYoungGen: 418835K->112160K(465920K)] 819065K->512655K(1396736K), 0.0199150 secs] [Times: user=0.03 sys=0.00, real=0.02 secs] 
2378.101: [GC (Allocation Failure) [PSYoungGen: 345120K->28141K(465920K)] 745615K->428946K(1396736K), 0.0063658 secs] [Times: user=0.02 sys=0.00, real=0.00 secs] 
2378.499: [GC (Allocation Failure) [PSYoungGen: 261101K->185715K(465920K)] 661906K->587765K(1396736K), 0.0203131 secs] [Times: user=0.02 sys=0.00, real=0.02 secs] 
2378.787: [GC (Allocation Failure) [PSYoungGen: 418675K->184398K(465920K)] 820725K->586729K(1396736K), 0.0199806 secs] [Times: user=0.02 sys=0.00, real=0.02 secs] 
2380.547: [GC (Allocation Failure) [PSYoungGen: 417358K->100480K(465920K)] 819689K->503205K(1396736K), 0.0247845 secs] [Times: user=0.04 sys=0.00, real=0.03 secs] 
2382.887: [GC (Allocation Failure) [PSYoungGen: 333440K->38037K(465920K)] 736165K->440949K(1396736K), 0.0071939 secs] [Times: user=0.02 sys=0.00, real=0.01 secs] 
2383.203: [GC (Allocation Failure) [PSYoungGen: 270997K->184173K(465920K)] 673909K->588459K(1396736K), 0.0201099 secs] [Times: user=0.03 sys=0.00, real=0.02 secs] 
2383.543: [GC (Allocation Failure) [PSYoungGen: 417133K->184622K(465920K)] 821419K->589061K(1396736K), 0.0199118 secs] [Times: user=0.02 sys=0.00, real=0.02 secs] 
2385.352: [GC (Allocation Failure) [PSYoungGen: 409685K->92014K(465920K)] 814124K->496846K(1396736K), 0.0257753 secs] [Times: user=0.05 sys=0.00, real=0.02 secs] 
2388.160: [GC (Allocation Failure) [PSYoungGen: 324974K->37906K(465920K)] 729806K->442915K(1396736K), 0.0070219 secs] [Times: user=0.02 sys=0.00, real=0.00 secs] 
2388.481: [GC (Allocation Failure) [PSYoungGen: 270866K->184687K(465920K)] 675875K->590950K(1396736K), 0.0200565 secs] [Times: user=0.03 sys=0.00, real=0.02 secs] 
2388.768: [GC (Allocation Failure) [PSYoungGen: 417647K->184430K(465920K)] 823910K->590974K(1396736K), 0.0200057 secs] [Times: user=0.03 sys=0.00, real=0.02 secs] 
2389.866: [GC (Allocation Failure) [PSYoungGen: 407189K->91757K(465920K)] 813733K->498566K(1396736K), 0.0130927 secs] [Times: user=0.02 sys=0.00, real=0.01 secs] 
2391.880: [GC (Allocation Failure) [PSYoungGen: 324717K->37938K(465920K)] 731526K->445065K(1396736K), 0.0066169 secs] [Times: user=0.01 sys=0.00, real=0.00 secs] 
2392.181: [GC (Allocation Failure) [PSYoungGen: 270898K->184687K(465920K)] 678025K->593060K(1396736K), 0.0201112 secs] [Times: user=0.03 sys=0.00, real=0.02 secs] 
2392.469: [GC (Allocation Failure) [PSYoungGen: 417647K->184430K(465920K)] 826020K->593084K(1396736K), 0.0198610 secs] [Times: user=0.03 sys=0.00, real=0.02 secs] 
2393.157: [GC (Allocation Failure) [PSYoungGen: 407166K->91725K(465920K)] 815820K->500644K(1396736K), 0.0115916 secs] [Times: user=0.02 sys=0.00, real=0.01 secs] 
2394.096: [GC (Allocation Failure) [PSYoungGen: 324685K->38291K(465920K)] 733604K->447524K(1396736K), 0.0061725 secs] [Times: user=0.02 sys=0.00, real=0.01 secs] 
2394.378: [GC (Allocation Failure) [PSYoungGen: 271251K->184687K(465920K)] 680484K->595173K(1396736K), 0.0200565 secs] [Times: user=0.02 sys=0.00, real=0.02 secs] 
2394.718: [GC (Allocation Failure) [PSYoungGen: 417647K->184398K(465920K)] 828133K->595165K(1396736K), 0.0200435 secs] [Times: user=0.02 sys=0.00, real=0.02 secs] 
2396.229: [GC (Allocation Failure) [PSYoungGen: 406882K->91339K(465920K)] 817650K->502372K(1396736K), 0.0145192 secs] [Times: user=0.03 sys=0.00, real=0.02 secs] 
2397.812: [GC (Allocation Failure) [PSYoungGen: 324299K->37780K(465920K)] 735332K->449126K(1396736K), 0.0071691 secs] [Times: user=0.01 sys=0.00, real=0.00 secs] 
2398.195: [GC (Allocation Failure) [PSYoungGen: 270740K->184687K(465920K)] 682086K->597415K(1396736K), 0.0201960 secs] [Times: user=0.03 sys=0.00, real=0.02 secs] 
2398.482: [GC (Allocation Failure) [PSYoungGen: 417647K->184719K(465920K)] 830375K->597600K(1396736K), 0.0200064 secs] [Times: user=0.02 sys=0.00, real=0.02 secs] 
2399.231: [GC (Allocation Failure) [PSYoungGen: 407268K->91564K(465920K)] 820149K->504710K(1396736K), 0.0118533 secs] [Times: user=0.02 sys=0.00, real=0.01 secs] 
2400.164: [GC (Allocation Failure) [PSYoungGen: 324524K->38066K(465920K)] 737670K->451514K(1396736K), 0.0053329 secs] [Times: user=0.01 sys=0.00, real=0.01 secs] 
2400.432: [GC (Allocation Failure) [PSYoungGen: 271026K->183948K(465920K)] 684474K->598657K(1396736K), 0.0199958 secs] [Times: user=0.02 sys=0.00, real=0.02 secs] 
2400.715: [GC (Allocation Failure) [PSYoungGen: 416908K->184430K(465920K)] 831617K->599412K(1396736K), 0.0199115 secs] [Times: user=0.03 sys=0.00, real=0.02 secs] 
2401.417: [GC (Allocation Failure) [PSYoungGen: 409644K->92399K(465920K)] 824626K->507647K(1396736K), 0.0114108 secs] [Times: user=0.02 sys=0.00, real=0.01 secs] 
2403.140: [GC (Allocation Failure) [PSYoungGen: 325359K->37809K(465920K)] 740607K->453378K(1396736K), 0.0066491 secs] [Times: user=0.01 sys=0.00, real=0.00 secs] 
2403.441: [GC (Allocation Failure) [PSYoungGen: 270769K->184173K(465920K)] 686338K->600995K(1396736K), 0.0199806 secs] [Times: user=0.03 sys=0.00, real=0.02 secs] 
2403.729: [GC (Allocation Failure) [PSYoungGen: 417133K->184976K(465920K)] 833955K->602080K(1396736K), 0.0201239 secs] [Times: user=0.03 sys=0.00, real=0.02 secs] 
2405.202: [GC (Allocation Failure) [PSYoungGen: 407680K->91853K(465920K)] 824784K->509222K(1396736K), 0.0243697 secs] [Times: user=0.05 sys=0.00, real=0.02 secs] 
2407.571: [GC (Allocation Failure) [PSYoungGen: 324813K->37617K(465920K)] 742182K->455291K(1396736K), 0.0079468 secs] [Times: user=0.02 sys=0.00, real=0.00 secs] 
2407.974: [GC (Allocation Failure) [PSYoungGen: 270577K->184815K(465920K)] 688251K->603743K(1396736K), 0.0202199 secs] [Times: user=0.02 sys=0.00, real=0.02 secs] 
2408.256: [GC (Allocation Failure) [PSYoungGen: 417775K->184012K(465920K)] 836703K->603350K(1396736K), 0.0200631 secs] [Times: user=0.02 sys=0.00, real=0.02 secs] 
2408.879: [GC (Allocation Failure) [PSYoungGen: 407921K->92255K(465920K)] 827259K->511729K(1396736K), 0.0120881 secs] [Times: user=0.03 sys=0.00, real=0.02 secs] 
2409.695: [GC (Allocation Failure) [PSYoungGen: 325215K->38069K(465920K)] 744689K->457860K(1396736K), 0.0055406 secs] [Times: user=0.01 sys=0.00, real=0.01 secs] 
2409.963: [GC (Allocation Failure) [PSYoungGen: 271029K->184430K(465920K)] 690820K->605474K(1396736K), 0.0199688 secs] [Times: user=0.03 sys=0.00, real=0.02 secs] 
2410.304: [GC (Allocation Failure) [PSYoungGen: 417390K->184590K(465920K)] 838434K->605915K(1396736K), 0.0202079 secs] [Times: user=0.03 sys=0.00, real=0.02 secs] 
2412.315: [GC (Allocation Failure) [PSYoungGen: 407137K->91693K(465920K)] 828462K->513283K(1396736K), 0.0231526 secs] [Times: user=0.05 sys=0.00, real=0.02 secs] 
2414.426: [GC (Allocation Failure) [PSYoungGen: 324653K->37649K(465920K)] 746243K->459563K(1396736K), 0.0069537 secs] [Times: user=0.01 sys=0.00, real=0.01 secs] 
2414.735: [GC (Allocation Failure) [PSYoungGen: 270609K->184751K(465920K)] 692523K->607918K(1396736K), 0.0200216 secs] [Times: user=0.03 sys=0.00, real=0.02 secs] 
2415.074: [GC (Allocation Failure) [PSYoungGen: 417711K->186454K(465920K)] 840878K->609902K(1396736K), 0.0202189 secs] [Times: user=0.03 sys=0.00, real=0.02 secs] 
2416.782: [GC (Allocation Failure) [PSYoungGen: 408363K->89925K(465920K)] 831812K->513639K(1396736K), 0.0190841 secs] [Times: user=0.04 sys=0.00, real=0.02 secs] 
2418.162: [GC (Allocation Failure) [PSYoungGen: 322885K->38195K(465920K)] 746599K->462232K(1396736K), 0.0076876 secs] [Times: user=0.02 sys=0.00, real=0.01 secs] 
2418.502: [GC (Allocation Failure) [PSYoungGen: 271155K->184719K(465920K)] 695192K->610001K(1396736K), 0.0200929 secs] [Times: user=0.03 sys=0.00, real=0.02 secs] 
2418.790: [GC (Allocation Failure) [PSYoungGen: 417679K->184141K(465920K)] 842961K->609704K(1396736K), 0.0198592 secs] [Times: user=0.03 sys=0.00, real=0.02 secs] 
2420.939: [GC (Allocation Failure) [PSYoungGen: 407204K->91741K(465920K)] 832768K->517569K(1396736K), 0.0158633 secs] [Times: user=0.03 sys=0.00, real=0.02 secs] 
2422.254: [GC (Allocation Failure) [PSYoungGen: 324701K->37906K(465920K)] 750529K->464052K(1396736K), 0.0063159 secs] [Times: user=0.01 sys=0.00, real=0.01 secs] 
2422.536: [GC (Allocation Failure) [PSYoungGen: 270866K->184558K(465920K)] 697012K->612087K(1396736K), 0.0199566 secs] [Times: user=0.02 sys=0.00, real=0.02 secs] 
2422.819: [GC (Allocation Failure) [PSYoungGen: 417518K->184494K(465920K)] 845047K->612175K(1396736K), 0.0199282 secs] [Times: user=0.02 sys=0.00, real=0.02 secs] 
2423.603: [GC (Allocation Failure) [PSYoungGen: 406989K->91837K(465920K)] 834670K->519783K(1396736K), 0.0130119 secs] [Times: user=0.02 sys=0.00, real=0.01 secs] 
2424.980: [GC (Allocation Failure) [PSYoungGen: 324797K->37909K(465920K)] 752743K->466165K(1396736K), 0.0070318 secs] [Times: user=0.02 sys=0.00, real=0.00 secs] 
2425.289: [GC (Allocation Failure) [PSYoungGen: 270869K->183819K(465920K)] 699125K->613329K(1396736K), 0.0200818 secs] [Times: user=0.02 sys=0.00, real=0.02 secs] 
2425.572: [GC (Allocation Failure) [PSYoungGen: 416779K->184462K(465920K)] 846289K->614244K(1396736K), 0.0200009 secs] [Times: user=0.02 sys=0.00, real=0.02 secs] 
2426.969: [GC (Allocation Failure) [PSYoungGen: 409833K->92640K(465920K)] 839616K->522688K(1396736K), 0.0130548 secs] [Times: user=0.03 sys=0.00, real=0.02 secs] 
2428.310: [GC (Allocation Failure) [PSYoungGen: 325600K->37649K(465920K)] 755648K->468012K(1396736K), 0.0061414 secs] [Times: user=0.01 sys=0.00, real=0.00 secs] 
2428.661: [GC (Allocation Failure) [PSYoungGen: 270609K->184719K(465920K)] 700972K->616336K(1396736K), 0.0202422 secs] [Times: user=0.03 sys=0.00, real=0.02 secs] 
2428.948: [GC (Allocation Failure) [PSYoungGen: 417679K->184719K(465920K)] 849296K->616745K(1396736K), 0.0199816 secs] [Times: user=0.03 sys=0.00, real=0.02 secs] 
2430.127: [GC (Allocation Failure) [PSYoungGen: 407187K->91741K(465920K)] 839213K->524032K(1396736K), 0.0157253 secs] [Times: user=0.03 sys=0.00, real=0.02 secs] 
2432.104: [GC (Allocation Failure) [PSYoungGen: 324701K->37652K(465920K)] 756992K->470138K(1396736K), 0.0069996 secs] [Times: user=0.01 sys=0.00, real=0.01 secs] 
2432.412: [GC (Allocation Failure) [PSYoungGen: 270612K->183658K(465920K)] 703098K->617399K(1396736K), 0.0199506 secs] [Times: user=0.02 sys=0.00, real=0.02 secs] 
2432.695: [GC (Allocation Failure) [PSYoungGen: 416618K->184622K(465920K)] 850359K->618644K(1396736K), 0.0199772 secs] [Times: user=0.03 sys=0.00, real=0.02 secs] 
2433.304: [GC (Allocation Failure) [PSYoungGen: 408566K->92897K(465920K)] 842588K->527184K(1396736K), 0.0097958 secs] [Times: user=0.02 sys=0.00, real=0.01 secs] 
2434.111: [GC (Allocation Failure) [PSYoungGen: 325857K->37809K(465920K)] 760144K->472409K(1396736K), 0.0053304 secs] [Times: user=0.01 sys=0.00, real=0.00 secs] 
2434.380: [GC (Allocation Failure) [PSYoungGen: 270769K->184815K(465920K)] 705369K->620669K(1396736K), 0.0201181 secs] [Times: user=0.03 sys=0.00, real=0.02 secs] 
2434.668: [GC (Allocation Failure) [PSYoungGen: 417775K->184815K(465920K)] 853629K->620950K(1396736K), 0.0201020 secs] [Times: user=0.02 sys=0.00, real=0.02 secs] 
2435.293: [GC (Allocation Failure) [PSYoungGen: 407969K->91355K(465920K)] 844104K->527755K(1396736K), 0.0108764 secs] [Times: user=0.02 sys=0.00, real=0.01 secs] 
2436.108: [GC (Allocation Failure) [PSYoungGen: 324315K->38066K(465920K)] 760715K->474776K(1396736K), 0.0053664 secs] [Times: user=0.02 sys=0.00, real=0.01 secs] 
2436.379: [GC (Allocation Failure) [PSYoungGen: 271026K->184590K(465920K)] 707736K->622545K(1396736K), 0.0201195 secs] [Times: user=0.03 sys=0.00, real=0.02 secs] 
2436.669: [GC (Allocation Failure) [PSYoungGen: 417550K->184590K(465920K)] 855505K->622947K(1396736K), 0.0200787 secs] [Times: user=0.03 sys=0.00, real=0.02 secs] 
2438.441: [GC (Allocation Failure) [PSYoungGen: 407076K->91548K(465920K)] 845433K->530041K(1396736K), 0.0238607 secs] [Times: user=0.04 sys=0.00, real=0.02 secs] 
2439.375: [GC (Allocation Failure) [PSYoungGen: 324508K->38037K(465920K)] 763001K->476844K(1396736K), 0.0054359 secs] [Times: user=0.01 sys=0.00, real=0.01 secs] 
2439.644: [GC (Allocation Failure) [PSYoungGen: 270997K->184815K(465920K)] 709804K->624868K(1396736K), 0.0200480 secs] [Times: user=0.03 sys=0.00, real=0.02 secs] 
2439.930: [GC (Allocation Failure) [PSYoungGen: 417775K->184944K(465920K)] 857828K->625285K(1396736K), 0.0200528 secs] [Times: user=0.02 sys=0.00, real=0.02 secs] 
2441.113: [GC (Allocation Failure) [PSYoungGen: 407661K->91001K(465920K)] 848003K->531737K(1396736K), 0.0246534 secs] [Times: user=0.05 sys=0.00, real=0.02 secs] 
2442.485: [GC (Allocation Failure) [PSYoungGen: 323961K->38037K(465920K)] 764697K->478966K(1396736K), 0.0062596 secs] [Times: user=0.02 sys=0.00, real=0.01 secs] 
2442.825: [GC (Allocation Failure) [PSYoungGen: 270997K->184558K(465920K)] 711926K->626869K(1396736K), 0.0202223 secs] [Times: user=0.03 sys=0.00, real=0.02 secs] 
2443.113: [GC (Allocation Failure) [PSYoungGen: 417518K->184590K(465920K)] 859829K->627174K(1396736K), 0.0202543 secs] [Times: user=0.02 sys=0.01, real=0.02 secs] 
2445.410: [GC (Allocation Failure) [PSYoungGen: 407087K->91628K(465920K)] 849670K->534356K(1396736K), 0.0194556 secs] [Times: user=0.04 sys=0.00, real=0.02 secs] 
2447.274: [GC (Allocation Failure) [PSYoungGen: 324588K->37777K(465920K)] 767316K->480819K(1396736K), 0.0064746 secs] [Times: user=0.01 sys=0.00, real=0.01 secs] 
2447.557: [GC (Allocation Failure) [PSYoungGen: 270737K->184430K(465920K)] 713779K->628846K(1396736K), 0.0202155 secs] [Times: user=0.03 sys=0.00, real=0.02 secs] 
2447.846: [GC (Allocation Failure) [PSYoungGen: 417390K->184590K(465920K)] 861806K->629159K(1396736K), 0.0201054 secs] [Times: user=0.03 sys=0.00, real=0.02 secs] 
2449.222: [GC (Allocation Failure) [PSYoungGen: 407658K->92014K(465920K)] 852226K->536847K(1396736K), 0.0146816 secs] [Times: user=0.03 sys=0.00, real=0.01 secs] 
2450.579: [GC (Allocation Failure) [PSYoungGen: 324974K->37812K(465920K)] 769807K->482954K(1396736K), 0.0056885 secs] [Times: user=0.02 sys=0.00, real=0.01 secs] 
2450.847: [GC (Allocation Failure) [PSYoungGen: 270772K->183658K(465920K)] 715914K->630062K(1396736K), 0.0201505 secs] [Times: user=0.02 sys=0.00, real=0.02 secs] 
2451.130: [GC (Allocation Failure) [PSYoungGen: 416618K->184462K(465920K)] 863022K->631146K(1396736K), 0.0200835 secs] [Times: user=0.03 sys=0.00, real=0.02 secs] 
2452.507: [GC (Allocation Failure) [PSYoungGen: 409924K->92897K(465920K)] 856608K->539847K(1396736K), 0.0194228 secs] [Times: user=0.03 sys=0.00, real=0.02 secs] 
2454.064: [GC (Allocation Failure) [PSYoungGen: 325857K->37877K(465920K)] 772807K->485132K(1396736K), 0.0065902 secs] [Times: user=0.02 sys=0.00, real=0.01 secs] 
2454.364: [GC (Allocation Failure) [PSYoungGen: 270837K->184590K(465920K)] 718092K->633227K(1396736K), 0.0200293 secs] [Times: user=0.03 sys=0.00, real=0.02 secs] 
2454.647: [GC (Allocation Failure) [PSYoungGen: 417550K->184655K(465920K)] 866187K->633436K(1396736K), 0.0199192 secs] [Times: user=0.03 sys=0.00, real=0.02 secs] 
2455.277: [GC (Allocation Failure) [PSYoungGen: 407226K->91580K(465920K)] 856008K->540627K(1396736K), 0.0109230 secs] [Times: user=0.02 sys=0.00, real=0.01 secs] 
2456.153: [GC (Allocation Failure) [PSYoungGen: 324540K->38034K(465920K)] 773587K->487395K(1396736K), 0.0053996 secs] [Times: user=0.02 sys=0.00, real=0.00 secs] 
2456.478: [GC (Allocation Failure) [PSYoungGen: 270994K->183819K(465920K)] 720355K->634433K(1396736K), 0.0202416 secs] [Times: user=0.02 sys=0.00, real=0.02 secs] 
2456.765: [GC (Allocation Failure) [PSYoungGen: 416779K->184655K(465920K)] 867393K->635550K(1396736K), 0.0200941 secs] [Times: user=0.02 sys=0.00, real=0.02 secs] 
2457.590: [GC (Allocation Failure) [PSYoungGen: 410064K->92239K(465920K)] 860959K->543399K(1396736K), 0.0119297 secs] [Times: user=0.02 sys=0.00, real=0.01 secs] 
2459.002: [GC (Allocation Failure) [PSYoungGen: 325199K->37620K(465920K)] 776359K->489086K(1396736K), 0.0072101 secs] [Times: user=0.01 sys=0.00, real=0.00 secs] 
2459.405: [GC (Allocation Failure) [PSYoungGen: 270580K->184205K(465920K)] 722046K->636924K(1396736K), 0.0200377 secs] [Times: user=0.02 sys=0.00, real=0.02 secs] 
2459.743: [GC (Allocation Failure) [PSYoungGen: 417165K->184944K(465920K)] 869884K->637944K(1396736K), 0.0201875 secs] [Times: user=0.03 sys=0.00, real=0.02 secs] 
2461.411: [GC (Allocation Failure) [PSYoungGen: 410392K->91998K(465920K)] 863392K->545271K(1396736K), 0.0239691 secs] [Times: user=0.05 sys=0.00, real=0.02 secs] 
2463.658: [GC (Allocation Failure) [PSYoungGen: 324958K->37620K(465920K)] 778231K->491203K(1396736K), 0.0075220 secs] [Times: user=0.01 sys=0.00, real=0.01 secs] 
2464.039: [GC (Allocation Failure) [PSYoungGen: 270580K->184205K(465920K)] 724163K->639042K(1396736K), 0.0200447 secs] [Times: user=0.03 sys=0.00, real=0.02 secs] 
2464.328: [GC (Allocation Failure) [PSYoungGen: 417165K->184976K(465920K)] 872002K->640086K(1396736K), 0.0201445 secs] [Times: user=0.03 sys=0.00, real=0.02 secs] 
2466.237: [GC (Allocation Failure) [PSYoungGen: 410439K->91950K(465920K)] 865549K->547325K(1396736K), 0.0183093 secs] [Times: user=0.03 sys=0.00, real=0.02 secs] 
2467.774: [GC (Allocation Failure) [PSYoungGen: 324910K->37906K(465920K)] 780285K->493597K(1396736K), 0.0064924 secs] [Times: user=0.01 sys=0.00, real=0.01 secs] 
2468.109: [GC (Allocation Failure) [PSYoungGen: 270866K->184301K(465920K)] 726557K->641246K(1396736K), 0.0201276 secs] [Times: user=0.02 sys=0.00, real=0.02 secs] 
2468.444: [GC (Allocation Failure) [PSYoungGen: 417261K->184590K(465920K)] 874206K->641944K(1396736K), 0.0201187 secs] [Times: user=0.03 sys=0.00, real=0.02 secs] 
2469.056: [GC (Allocation Failure) [PSYoungGen: 407585K->92030K(465920K)] 864939K->549520K(1396736K), 0.0120405 secs] [Times: user=0.02 sys=0.00, real=0.01 secs] 
2470.326: [GC (Allocation Failure) [PSYoungGen: 324990K->37780K(465920K)] 782480K->495589K(1396736K), 0.0072419 secs] [Times: user=0.02 sys=0.00, real=0.01 secs] 
2470.642: [GC (Allocation Failure) [PSYoungGen: 270740K->184462K(465920K)] 728549K->643532K(1396736K), 0.0200730 secs] [Times: user=0.03 sys=0.00, real=0.02 secs] 
2470.983: [GC (Allocation Failure) [PSYoungGen: 417422K->184558K(465920K)] 876492K->643901K(1396736K), 0.0199555 secs] [Times: user=0.02 sys=0.00, real=0.02 secs] 
2471.653: [GC (Allocation Failure) [PSYoungGen: 407617K->91982K(465920K)] 866960K->551590K(1396736K), 0.0118595 secs] [Times: user=0.02 sys=0.00, real=0.01 secs] 
2472.600: [GC (Allocation Failure) [PSYoungGen: 324942K->38034K(465920K)] 784550K->497956K(1396736K), 0.0055856 secs] [Times: user=0.02 sys=0.00, real=0.00 secs] 
2472.869: [GC (Allocation Failure) [PSYoungGen: 270994K->184430K(465920K)] 730916K->645605K(1396736K), 0.0201121 secs] [Times: user=0.03 sys=0.00, real=0.02 secs] 
2473.151: [GC (Allocation Failure) [PSYoungGen: 417390K->184301K(465920K)] 878565K->645758K(1396736K), 0.0198365 secs] [Times: user=0.02 sys=0.01, real=0.02 secs] 
2476.004: [GC (Allocation Failure) [PSYoungGen: 409342K->91998K(465920K)] 870798K->553856K(1396736K), 0.0234135 secs] [Times: user=0.05 sys=0.00, real=0.02 secs] 
2476.942: [GC (Allocation Failure) [PSYoungGen: 324958K->38134K(465920K)] 786816K->500173K(1396736K), 0.0055770 secs] [Times: user=0.01 sys=0.00, real=0.00 secs] 
2477.210: [GC (Allocation Failure) [PSYoungGen: 271094K->184687K(465920K)] 733133K->647980K(1396736K), 0.0202915 secs] [Times: user=0.03 sys=0.00, real=0.02 secs] 
2477.497: [GC (Allocation Failure) [PSYoungGen: 417647K->184687K(465920K)] 880940K->648261K(1396736K), 0.0201492 secs] [Times: user=0.02 sys=0.00, real=0.02 secs] 
2479.895: [GC (Allocation Failure) [PSYoungGen: 407161K->91274K(465920K)] 870735K->555113K(1396736K), 0.0206682 secs] [Times: user=0.04 sys=0.00, real=0.02 secs] 
2481.881: [GC (Allocation Failure) [PSYoungGen: 324234K->37906K(465920K)] 788073K->502060K(1396736K), 0.0066879 secs] [Times: user=0.02 sys=0.00, real=0.00 secs] 
2482.183: [GC (Allocation Failure) [PSYoungGen: 270866K->184719K(465920K)] 735020K->650255K(1396736K), 0.0199687 secs] [Times: user=0.03 sys=0.00, real=0.02 secs] 
2482.470: [GC (Allocation Failure) [PSYoungGen: 417679K->184655K(465920K)] 883215K->650336K(1396736K), 0.0199236 secs] [Times: user=0.02 sys=0.00, real=0.02 secs] 
2483.409: [GC (Allocation Failure) [PSYoungGen: 407209K->91484K(465920K)] 872890K->557430K(1396736K), 0.0128342 secs] [Times: user=0.03 sys=0.00, real=0.02 secs] 
2484.260: [GC (Allocation Failure) [PSYoungGen: 324444K->38134K(465920K)] 790390K->504404K(1396736K), 0.0054315 secs] [Times: user=0.01 sys=0.00, real=0.00 secs] 
2484.529: [GC (Allocation Failure) [PSYoungGen: 271094K->184719K(465920K)] 737364K->652371K(1396736K), 0.0201597 secs] [Times: user=0.03 sys=0.00, real=0.02 secs] 
2484.812: [GC (Allocation Failure) [PSYoungGen: 417679K->184655K(465920K)] 885331K->652451K(1396736K), 0.0200773 secs] [Times: user=0.02 sys=0.00, real=0.02 secs] 
2485.429: [GC (Allocation Failure) [PSYoungGen: 407088K->91258K(465920K)] 874884K->559320K(1396736K), 0.0104064 secs] [Times: user=0.02 sys=0.00, real=0.02 secs] 
2486.361: [GC (Allocation Failure) [PSYoungGen: 324218K->37909K(465920K)] 792280K->506278K(1396736K), 0.0054252 secs] [Times: user=0.01 sys=0.00, real=0.00 secs] 
2486.632: [GC (Allocation Failure) [PSYoungGen: 270869K->184719K(465920K)] 739238K->654342K(1396736K), 0.0202756 secs] [Times: user=0.03 sys=0.00, real=0.02 secs] 
2486.918: [GC (Allocation Failure) [PSYoungGen: 417679K->184655K(465920K)] 887302K->654559K(1396736K), 0.0201925 secs] [Times: user=0.02 sys=0.00, real=0.02 secs] 
2488.965: [GC (Allocation Failure) [PSYoungGen: 407217K->91531K(465920K)] 877121K->561701K(1396736K), 0.0237633 secs] [Times: user=0.04 sys=0.00, real=0.02 secs] 
2491.369: [GC (Allocation Failure) [PSYoungGen: 324491K->37809K(465920K)] 794661K->508302K(1396736K), 0.0074684 secs] [Times: user=0.02 sys=0.00, real=0.01 secs] 
2491.677: [GC (Allocation Failure) [PSYoungGen: 270769K->184719K(465920K)] 741262K->656465K(1396736K), 0.0204548 secs] [Times: user=0.02 sys=0.00, real=0.02 secs] 
2491.962: [GC (Allocation Failure) [PSYoungGen: 417679K->184719K(465920K)] 889425K->656738K(1396736K), 0.0202530 secs] [Times: user=0.02 sys=0.00, real=0.02 secs] 
2493.127: [GC (Allocation Failure) [PSYoungGen: 407274K->91596K(465920K)] 879294K->563889K(1396736K), 0.0124550 secs] [Times: user=0.02 sys=0.00, real=0.01 secs] 
2493.942: [GC (Allocation Failure) [PSYoungGen: 324556K->38005K(465920K)] 796849K->510606K(1396736K), 0.0054359 secs] [Times: user=0.01 sys=0.00, real=0.00 secs] 
2494.278: [GC (Allocation Failure) [PSYoungGen: 270965K->183819K(465920K)] 743566K->657673K(1396736K), 0.0201009 secs] [Times: user=0.02 sys=0.00, real=0.02 secs] 
2494.566: [GC (Allocation Failure) [PSYoungGen: 416779K->184430K(465920K)] 890633K->658557K(1396736K), 0.0201852 secs] [Times: user=0.02 sys=0.00, real=0.02 secs] 
2496.433: [GC (Allocation Failure) [PSYoungGen: 409669K->92528K(465920K)] 883796K->567048K(1396736K), 0.0191054 secs] [Times: user=0.03 sys=0.00, real=0.02 secs] 
2499.361: [GC (Allocation Failure) [PSYoungGen: 325488K->38005K(465920K)] 800008K->512721K(1396736K), 0.0074229 secs] [Times: user=0.02 sys=0.00, real=0.00 secs] 
2499.681: [GC (Allocation Failure) [PSYoungGen: 270965K->184654K(465920K)] 745681K->660623K(1396736K), 0.0200047 secs] [Times: user=0.03 sys=0.00, real=0.02 secs] 
2499.968: [GC (Allocation Failure) [PSYoungGen: 417614K->184398K(465920K)] 893583K->660664K(1396736K), 0.0199992 secs] [Times: user=0.02 sys=0.00, real=0.02 secs] 
2500.950: [GC (Allocation Failure) [PSYoungGen: 407040K->91725K(465920K)] 883307K->568385K(1396736K), 0.0111883 secs] [Times: user=0.03 sys=0.00, real=0.01 secs] 
2503.095: [GC (Allocation Failure) [PSYoungGen: 324685K->37363K(465920K)] 801345K->514210K(1396736K), 0.0067771 secs] [Times: user=0.01 sys=0.00, real=0.01 secs] 
2503.392: [GC (Allocation Failure) [PSYoungGen: 270323K->184719K(465920K)] 747170K->662819K(1396736K), 0.0199663 secs] [Times: user=0.03 sys=0.00, real=0.02 secs] 
2503.675: [GC (Allocation Failure) [PSYoungGen: 417679K->184687K(465920K)] 895779K->663068K(1396736K), 0.0199798 secs] [Times: user=0.03 sys=0.00, real=0.02 secs] 
2505.297: [GC (Allocation Failure) [PSYoungGen: 409793K->91966K(465920K)] 888175K->570612K(1396736K), 0.0196379 secs] [Times: user=0.04 sys=0.00, real=0.02 secs] 
2506.528: [GC (Allocation Failure) [PSYoungGen: 324926K->38037K(465920K)] 803572K->516990K(1396736K), 0.0054680 secs] [Times: user=0.01 sys=0.00, real=0.01 secs] 
2506.798: [GC (Allocation Failure) [PSYoungGen: 270997K->184333K(465920K)] 749950K->664539K(1396736K), 0.0199902 secs] [Times: user=0.03 sys=0.00, real=0.02 secs] 
2507.130: [GC (Allocation Failure) [PSYoungGen: 417293K->184687K(465920K)] 897499K->665166K(1396736K), 0.0200131 secs] [Times: user=0.03 sys=0.00, real=0.02 secs] 
2507.966: [GC (Allocation Failure) [PSYoungGen: 407513K->91741K(465920K)] 887992K->572485K(1396736K), 0.0116387 secs] [Times: user=0.03 sys=0.00, real=0.01 secs] 
2508.758: [GC (Allocation Failure) [PSYoungGen: 324701K->38005K(465920K)] 805445K->519071K(1396736K), 0.0054277 secs] [Times: user=0.02 sys=0.01, real=0.01 secs] 
2509.077: [GC (Allocation Failure) [PSYoungGen: 270965K->183819K(465920K)] 752031K->666131K(1396736K), 0.0203140 secs] [Times: user=0.03 sys=0.00, real=0.02 secs] 
2509.366: [GC (Allocation Failure) [PSYoungGen: 416779K->184687K(465920K)] 899091K->667271K(1396736K), 0.0202209 secs] [Times: user=0.03 sys=0.00, real=0.02 secs] 
2510.009: [GC (Allocation Failure) [PSYoungGen: 410131K->92255K(465920K)] 892716K->575104K(1396736K), 0.0120949 secs] [Times: user=0.02 sys=0.00, real=0.02 secs] 
2510.816: [GC (Allocation Failure) [PSYoungGen: 325215K->38037K(465920K)] 808064K->521209K(1396736K), 0.0054756 secs] [Times: user=0.01 sys=0.00, real=0.01 secs] 
2511.085: [GC (Allocation Failure) [PSYoungGen: 270997K->184590K(465920K)] 754169K->669015K(1396736K), 0.0202203 secs] [Times: user=0.02 sys=0.00, real=0.02 secs] 
2511.368: [GC (Allocation Failure) [PSYoungGen: 417550K->184815K(465920K)] 901975K->669521K(1396736K), 0.0201737 secs] [Times: user=0.02 sys=0.00, real=0.02 secs] 
2512.193: [GC (Allocation Failure) [PSYoungGen: 406669K->91355K(465920K)] 891375K->576326K(1396736K), 0.0109756 secs] [Times: user=0.02 sys=0.00, real=0.01 secs] 
2513.664: [GC (Allocation Failure) [PSYoungGen: 324315K->37649K(465920K)] 809286K->522930K(1396736K), 0.0062060 secs] [Times: user=0.01 sys=0.00, real=0.01 secs] 
2513.948: [GC (Allocation Failure) [PSYoungGen: 270609K->184462K(465920K)] 755890K->671125K(1396736K), 0.0201180 secs] [Times: user=0.02 sys=0.00, real=0.02 secs] 
2514.232: [GC (Allocation Failure) [PSYoungGen: 417422K->184590K(465920K)] 904085K->671406K(1396736K), 0.0201591 secs] [Times: user=0.03 sys=0.00, real=0.02 secs] 
2514.845: [GC (Allocation Failure) [PSYoungGen: 407645K->92094K(465920K)] 894460K->579175K(1396736K), 0.0106866 secs] [Times: user=0.02 sys=0.00, real=0.01 secs] 
2516.331: [GC (Allocation Failure) [PSYoungGen: 325054K->37491K(465920K)] 812135K->524893K(1396736K), 0.0061905 secs] [Times: user=0.02 sys=0.00, real=0.00 secs] 
2516.681: [GC (Allocation Failure) [PSYoungGen: 270451K->184719K(465920K)] 757853K->673358K(1396736K), 0.0204926 secs] [Times: user=0.03 sys=0.00, real=0.02 secs] 
2517.025: [GC (Allocation Failure) [PSYoungGen: 417679K->183594K(465920K)] 906318K->672507K(1396736K), 0.0204284 secs] [Times: user=0.03 sys=0.00, real=0.02 secs] 
2517.654: [GC (Allocation Failure) [PSYoungGen: 409021K->92865K(465920K)] 897933K->582043K(1396736K), 0.0112992 secs] [Times: user=0.02 sys=0.00, real=0.01 secs] 
2518.995: [GC (Allocation Failure) [PSYoungGen: 325825K->37617K(465920K)] 815003K->527108K(1396736K), 0.0063898 secs] [Times: user=0.01 sys=0.00, real=0.01 secs] 
2519.276: [GC (Allocation Failure) [PSYoungGen: 270577K->184430K(465920K)] 760068K->675303K(1396736K), 0.0201419 secs] [Times: user=0.03 sys=0.00, real=0.02 secs] 
2519.565: [GC (Allocation Failure) [PSYoungGen: 417390K->184558K(465920K)] 908263K->675584K(1396736K), 0.0200230 secs] [Times: user=0.03 sys=0.00, real=0.02 secs] 
2520.358: [GC (Allocation Failure) [PSYoungGen: 407617K->92126K(465920K)] 898643K->583425K(1396736K), 0.0118243 secs] [Times: user=0.02 sys=0.00, real=0.02 secs] 
2521.942: [GC (Allocation Failure) [PSYoungGen: 325086K->37874K(465920K)] 816385K->529487K(1396736K), 0.0066282 secs] [Times: user=0.01 sys=0.00, real=0.00 secs] 
2522.243: [GC (Allocation Failure) [PSYoungGen: 270834K->184430K(465920K)] 762447K->677296K(1396736K), 0.0200738 secs] [Times: user=0.02 sys=0.00, real=0.02 secs] 
2522.526: [GC (Allocation Failure) [PSYoungGen: 417390K->184526K(465920K)] 910256K->677666K(1396736K), 0.0201437 secs] [Times: user=0.03 sys=0.00, real=0.02 secs] 
2523.215: [GC (Allocation Failure) [PSYoungGen: 407066K->91885K(465920K)] 900206K->585290K(1396736K), 0.0111429 secs] [Times: user=0.02 sys=0.00, real=0.01 secs] 
2525.214: [GC (Allocation Failure) [PSYoungGen: 324845K->37745K(465920K)] 818250K->531464K(1396736K), 0.0074786 secs] [Times: user=0.02 sys=0.00, real=0.01 secs] 
2525.528: [GC (Allocation Failure) [PSYoungGen: 270705K->184462K(465920K)] 764424K->679554K(1396736K), 0.0199934 secs] [Times: user=0.02 sys=0.00, real=0.02 secs] 
2525.811: [GC (Allocation Failure) [PSYoungGen: 417422K->184526K(465920K)] 912514K->679763K(1396736K), 0.0200966 secs] [Times: user=0.03 sys=0.00, real=0.02 secs] 
2527.550: [GC (Allocation Failure) [PSYoungGen: 407585K->91998K(465920K)] 902822K->587500K(1396736K), 0.0185069 secs] [Times: user=0.04 sys=0.00, real=0.01 secs] 
2529.178: [GC (Allocation Failure) [PSYoungGen: 324958K->37748K(465920K)] 820460K->533558K(1396736K), 0.0074416 secs] [Times: user=0.02 sys=0.00, real=0.01 secs] 
2529.496: [GC (GCLocker Initiated GC) [PSYoungGen: 270708K->182116K(465920K)] 766520K->679173K(1396736K), 0.0199843 secs] [Times: user=0.03 sys=0.00, real=0.02 secs] 
2529.858: [GC (Allocation Failure) [PSYoungGen: 415076K->184912K(465920K)] 913258K->683375K(1396736K), 0.0202298 secs] [Times: user=0.03 sys=0.00, real=0.02 secs] 
2531.802: [GC (Allocation Failure) [PSYoungGen: 410307K->93042K(465920K)] 908770K->591529K(1396736K), 0.0267304 secs] [Times: user=0.05 sys=0.00, real=0.02 secs] 
2533.239: [GC (Allocation Failure) [PSYoungGen: 326002K->37973K(465920K)] 824489K->536806K(1396736K), 0.0058352 secs] [Times: user=0.02 sys=0.00, real=0.01 secs] 
2533.507: [GC (Allocation Failure) [PSYoungGen: 270933K->184590K(465920K)] 769766K->684677K(1396736K), 0.0203185 secs] [Times: user=0.03 sys=0.00, real=0.02 secs] 
2533.791: [GC (Allocation Failure) [PSYoungGen: 417550K->184719K(465920K)] 917637K->685078K(1396736K), 0.0201861 secs] [Times: user=0.03 sys=0.00, real=0.02 secs] 
2535.031: [GC (Allocation Failure) [PSYoungGen: 407162K->91452K(465920K)] 907522K->592205K(1396736K), 0.0143855 secs] [Times: user=0.03 sys=0.01, real=0.01 secs] 
2537.570: [GC (Allocation Failure) [PSYoungGen: 324412K->37777K(465920K)] 825165K->538710K(1396736K), 0.0073484 secs] [Times: user=0.02 sys=0.00, real=0.00 secs] 
2537.885: [GC (Allocation Failure) [PSYoungGen: 270737K->183851K(465920K)] 771670K->686029K(1396736K), 0.0199715 secs] [Times: user=0.02 sys=0.00, real=0.02 secs] 
2538.224: [GC (Allocation Failure) [PSYoungGen: 416811K->184269K(465920K)] 918989K->686857K(1396736K), 0.0202203 secs] [Times: user=0.02 sys=0.00, real=0.02 secs] 
2538.856: [GC (Allocation Failure) [PSYoungGen: 408092K->92881K(465920K)] 910680K->595605K(1396736K), 0.0120934 secs] [Times: user=0.02 sys=0.00, real=0.01 secs] 
2539.732: [GC (Allocation Failure) [PSYoungGen: 325841K->38037K(465920K)] 828565K->541081K(1396736K), 0.0055251 secs] [Times: user=0.02 sys=0.00, real=0.00 secs] 
2540.058: [GC (Allocation Failure) [PSYoungGen: 270997K->184398K(465920K)] 774041K->688695K(1396736K), 0.0201322 secs] [Times: user=0.03 sys=0.00, real=0.02 secs] 
2540.348: [GC (Allocation Failure) [PSYoungGen: 417358K->184301K(465920K)] 921655K->688872K(1396736K), 0.0201414 secs] [Times: user=0.03 sys=0.00, real=0.02 secs] 
2541.603: [GC (Allocation Failure) [PSYoungGen: 409351K->92030K(465920K)] 913922K->596994K(1396736K), 0.0125800 secs] [Times: user=0.03 sys=0.00, real=0.01 secs] 
2543.185: [GC (Allocation Failure) [PSYoungGen: 324990K->37491K(465920K)] 829954K->542635K(1396736K), 0.0054788 secs] [Times: user=0.01 sys=0.00, real=0.01 secs] 
2543.454: [GC (Allocation Failure) [PSYoungGen: 270451K->184687K(465920K)] 775595K->691084K(1396736K), 0.0201755 secs] [Times: user=0.03 sys=0.00, real=0.02 secs] 
2543.795: [GC (Allocation Failure) [PSYoungGen: 417647K->184655K(465920K)] 924044K->691333K(1396736K), 0.0201559 secs] [Times: user=0.03 sys=0.00, real=0.02 secs] 
2545.524: [GC (Allocation Failure) [PSYoungGen: 407202K->91901K(465920K)] 913880K->598844K(1396736K), 0.0145294 secs] [Times: user=0.03 sys=0.00, real=0.01 secs] 
2547.249: [GC (Allocation Failure) [PSYoungGen: 324861K->37845K(465920K)] 831804K->545086K(1396736K), 0.0074126 secs] [Times: user=0.02 sys=0.00, real=0.01 secs] 
2547.557: [GC (Allocation Failure) [PSYoungGen: 270805K->184687K(465920K)] 778046K->693302K(1396736K), 0.0203057 secs] [Times: user=0.03 sys=0.00, real=0.02 secs] 
2547.897: [GC (Allocation Failure) [PSYoungGen: 417647K->184655K(465920K)] 926262K->693414K(1396736K), 0.0202451 secs] [Times: user=0.03 sys=0.00, real=0.02 secs] 
2549.566: [GC (Allocation Failure) [PSYoungGen: 407235K->91484K(465920K)] 915994K->600508K(1396736K), 0.0120439 secs] [Times: user=0.02 sys=0.00, real=0.01 secs] 
2550.473: [GC (Allocation Failure) [PSYoungGen: 324444K->38005K(465920K)] 833468K->547346K(1396736K), 0.0054424 secs] [Times: user=0.01 sys=0.00, real=0.00 secs] 
2550.740: [GC (Allocation Failure) [PSYoungGen: 270965K->183916K(465920K)] 780306K->694501K(1396736K), 0.0200831 secs] [Times: user=0.02 sys=0.00, real=0.02 secs] 
2551.031: [GC (Allocation Failure) [PSYoungGen: 416876K->184430K(465920K)] 927461K->695417K(1396736K), 0.0200957 secs] [Times: user=0.03 sys=0.00, real=0.02 secs] 
2552.362: [GC (Allocation Failure) [PSYoungGen: 409667K->92367K(465920K)] 920654K->603491K(1396736K), 0.0191457 secs] [Times: user=0.04 sys=0.00, real=0.02 secs] 
2554.161: [GC (Allocation Failure) [PSYoungGen: 325327K->37877K(465920K)] 836451K->549308K(1396736K), 0.0071993 secs] [Times: user=0.02 sys=0.00, real=0.00 secs] 
2554.471: [GC (Allocation Failure) [PSYoungGen: 270837K->184687K(465920K)] 782268K->697372K(1396736K), 0.0203094 secs] [Times: user=0.03 sys=0.00, real=0.02 secs] 
2554.755: [GC (Allocation Failure) [PSYoungGen: 417647K->184655K(465920K)] 930332K->697613K(1396736K), 0.0202256 secs] [Times: user=0.02 sys=0.00, real=0.02 secs] 
2555.931: [GC (Allocation Failure) [PSYoungGen: 407227K->91484K(465920K)] 920186K->604707K(1396736K), 0.0121530 secs] [Times: user=0.02 sys=0.00, real=0.01 secs] 
2556.809: [GC (Allocation Failure) [PSYoungGen: 324444K->38005K(465920K)] 837667K->551526K(1396736K), 0.0063239 secs] [Times: user=0.01 sys=0.00, real=0.01 secs] 
2557.086: [GC (Allocation Failure) [PSYoungGen: 270965K->183787K(465920K)] 784486K->698562K(1396736K), 0.0203716 secs] [Times: user=0.03 sys=0.00, real=0.02 secs] 
2557.426: [GC (Allocation Failure) [PSYoungGen: 416747K->184462K(465920K)] 931522K->699509K(1396736K), 0.0202523 secs] [Times: user=0.03 sys=0.00, real=0.02 secs] 
2558.633: [GC (Allocation Failure) [PSYoungGen: 409690K->92480K(465920K)] 924738K->607793K(1396736K), 0.0159442 secs] [Times: user=0.03 sys=0.00, real=0.01 secs] 
2560.154: [GC (Allocation Failure) [PSYoungGen: 325440K->37777K(465920K)] 840753K->553404K(1396736K), 0.0072613 secs] [Times: user=0.02 sys=0.00, real=0.01 secs] 
2560.459: [GC (Allocation Failure) [PSYoungGen: 270737K->184558K(465920K)] 786364K->701575K(1396736K), 0.0201123 secs] [Times: user=0.02 sys=0.00, real=0.02 secs] 
2560.834: [GC (Allocation Failure) [PSYoungGen: 417518K->184398K(465920K)] 934535K->701559K(1396736K), 0.0200155 secs] [Times: user=0.03 sys=0.00, real=0.02 secs] 
2562.015: [GC (Allocation Failure) [PSYoungGen: 409443K->91982K(465920K)] 926604K->609408K(1396736K), 0.0163108 secs] [Times: user=0.04 sys=0.00, real=0.02 secs] 
2563.654: [GC (Allocation Failure) [PSYoungGen: 324942K->37748K(465920K)] 842368K->555488K(1396736K), 0.0075553 secs] [Times: user=0.02 sys=0.00, real=0.01 secs] 
2563.966: [GC (Allocation Failure) [PSYoungGen: 270708K->184333K(465920K)] 788448K->703327K(1396736K), 0.0201141 secs] [Times: user=0.02 sys=0.00, real=0.02 secs] 
2564.248: [GC (Allocation Failure) [PSYoungGen: 417293K->183626K(465920K)] 936287K->702901K(1396736K), 0.0199629 secs] [Times: user=0.03 sys=0.00, real=0.02 secs] 
2565.501: [GC (Allocation Failure) [PSYoungGen: 408318K->92978K(465920K)] 927593K->612518K(1396736K), 0.0256425 secs] [Times: user=0.05 sys=0.00, real=0.02 secs] 
2567.817: [GC (Allocation Failure) [PSYoungGen: 325938K->37716K(465920K)] 845478K->557562K(1396736K), 0.0076660 secs] [Times: user=0.02 sys=0.00, real=0.01 secs] 
2568.129: [GC (Allocation Failure) [PSYoungGen: 270676K->183787K(465920K)] 790522K->704878K(1396736K), 0.0202261 secs] [Times: user=0.03 sys=0.00, real=0.02 secs] 
2568.468: [GC (Allocation Failure) [PSYoungGen: 416747K->184687K(465920K)] 937838K->706059K(1396736K), 0.0201626 secs] [Times: user=0.02 sys=0.00, real=0.02 secs] 
2569.984: [GC (Allocation Failure) [PSYoungGen: 410167K->92512K(465920K)] 931539K->614149K(1396736K), 0.0188774 secs] [Times: user=0.04 sys=0.00, real=0.02 secs] 
2572.196: [GC (Allocation Failure) [PSYoungGen: 325472K->37649K(465920K)] 847109K->559610K(1396736K), 0.0082002 secs] [Times: user=0.02 sys=0.00, real=0.01 secs] 
2572.595: [GC (Allocation Failure) [PSYoungGen: 270609K->184076K(465920K)] 792570K->707290K(1396736K), 0.0201011 secs] [Times: user=0.03 sys=0.00, real=0.02 secs] 
2572.877: [GC (Allocation Failure) [PSYoungGen: 417036K->184558K(465920K)] 940250K->708054K(1396736K), 0.0201013 secs] [Times: user=0.03 sys=0.00, real=0.02 secs] 
2573.518: [GC (Allocation Failure) [PSYoungGen: 409743K->92512K(465920K)] 933238K->616280K(1396736K), 0.0119804 secs] [Times: user=0.02 sys=0.00, real=0.02 secs] 
2574.319: [GC (Allocation Failure) [PSYoungGen: 325472K->38005K(465920K)] 849240K->562079K(1396736K), 0.0054952 secs] [Times: user=0.02 sys=0.00, real=0.01 secs] 
2574.587: [GC (Allocation Failure) [PSYoungGen: 270965K->184173K(465920K)] 795039K->709500K(1396736K), 0.0202047 secs] [Times: user=0.03 sys=0.00, real=0.02 secs] 
2574.875: [GC (Allocation Failure) [PSYoungGen: 417133K->184944K(465920K)] 942460K->710553K(1396736K), 0.0201093 secs] [Times: user=0.02 sys=0.00, real=0.02 secs] 
2575.539: [GC (Allocation Failure) [PSYoungGen: 407663K->91628K(465920K)] 933271K->617502K(1396736K), 0.0111710 secs] [Times: user=0.02 sys=0.00, real=0.02 secs] 
2576.964: [GC (Allocation Failure) [PSYoungGen: 324588K->37649K(465920K)] 850462K->563840K(1396736K), 0.0063964 secs] [Times: user=0.01 sys=0.01, real=0.01 secs] 
2577.250: [GC (Allocation Failure) [PSYoungGen: 270609K->184301K(465920K)] 796800K->711746K(1396736K), 0.0202204 secs] [Times: user=0.02 sys=0.00, real=0.02 secs] 
2577.590: [GC (Allocation Failure) [PSYoungGen: 417261K->184590K(465920K)] 944706K->712308K(1396736K), 0.0202189 secs] [Times: user=0.03 sys=0.00, real=0.02 secs] 
2578.252: [GC (Allocation Failure) [PSYoungGen: 409746K->92287K(465920K)] 937464K->620278K(1396736K), 0.0118547 secs] [Times: user=0.02 sys=0.00, real=0.01 secs] 
2579.383: [GC (Allocation Failure) [PSYoungGen: 325247K->38005K(465920K)] 853238K->566304K(1396736K), 0.0062280 secs] [Times: user=0.01 sys=0.00, real=0.00 secs] 
2579.669: [GC (Allocation Failure) [PSYoungGen: 270965K->184719K(465920K)] 799264K->714400K(1396736K), 0.0201830 secs] [Times: user=0.03 sys=0.00, real=0.02 secs] 
2579.951: [GC (Allocation Failure) [PSYoungGen: 417679K->184462K(465920K)] 947360K->714303K(1396736K), 0.0201771 secs] [Times: user=0.02 sys=0.00, real=0.02 secs] 
2580.617: [GC (Allocation Failure) [PSYoungGen: 406776K->91612K(465920K)] 936618K->621719K(1396736K), 0.0107353 secs] [Times: user=0.02 sys=0.00, real=0.01 secs] 
2582.180: [GC (Allocation Failure) [PSYoungGen: 324572K->37491K(465920K)] 854679K->567916K(1396736K), 0.0080218 secs] [Times: user=0.02 sys=0.00, real=0.00 secs] 
2582.583: [GC (Allocation Failure) [PSYoungGen: 270451K->184430K(465920K)] 800876K->716229K(1396736K), 0.0201835 secs] [Times: user=0.03 sys=0.00, real=0.02 secs] 
2582.867: [GC (Allocation Failure) [PSYoungGen: 417390K->184526K(465920K)] 949189K->716470K(1396736K), 0.0201102 secs] [Times: user=0.03 sys=0.00, real=0.02 secs] 
2583.646: [GC (Allocation Failure) [PSYoungGen: 408104K->92271K(465920K)] 940047K->624479K(1396736K), 0.0117249 secs] [Times: user=0.02 sys=0.00, real=0.01 secs] 
2584.532: [GC (Allocation Failure) [PSYoungGen: 325231K->38134K(465920K)] 857439K->570658K(1396736K), 0.0067526 secs] [Times: user=0.01 sys=0.00, real=0.00 secs] 
2584.828: [GC (Allocation Failure) [PSYoungGen: 271094K->184430K(465920K)] 803618K->718207K(1396736K), 0.0202382 secs] [Times: user=0.03 sys=0.00, real=0.02 secs] 
2585.164: [GC (Allocation Failure) [PSYoungGen: 417390K->184590K(465920K)] 951167K->718641K(1396736K), 0.0202271 secs] [Times: user=0.03 sys=0.00, real=0.02 secs] 
2586.059: [GC (Allocation Failure) [PSYoungGen: 407133K->91612K(465920K)] 941184K->625928K(1396736K), 0.0123435 secs] [Times: user=0.03 sys=0.00, real=0.02 secs] 
2587.655: [GC (Allocation Failure) [PSYoungGen: 324572K->37777K(465920K)] 858888K->572403K(1396736K), 0.0077415 secs] [Times: user=0.02 sys=0.00, real=0.01 secs] 
2587.969: [GC (Allocation Failure) [PSYoungGen: 270737K->184430K(465920K)] 805363K->720430K(1396736K), 0.0201622 secs] [Times: user=0.02 sys=0.00, real=0.02 secs] 
2588.252: [GC (Allocation Failure) [PSYoungGen: 417390K->184558K(465920K)] 953390K->720711K(1396736K), 0.0200407 secs] [Times: user=0.03 sys=0.00, real=0.02 secs] 
2589.216: [GC (Allocation Failure) [PSYoungGen: 407617K->91966K(465920K)] 943770K->628383K(1396736K), 0.0237696 secs] [Times: user=0.05 sys=0.00, real=0.03 secs] 
2591.401: [GC (Allocation Failure) [PSYoungGen: 324926K->37780K(465920K)] 861343K->574512K(1396736K), 0.0074170 secs] [Times: user=0.02 sys=0.00, real=0.00 secs] 
2591.718: [GC (Allocation Failure) [PSYoungGen: 270740K->183787K(465920K)] 807472K->721772K(1396736K), 0.0203330 secs] [Times: user=0.03 sys=0.00, real=0.02 secs] 
2592.000: [GC (Allocation Failure) [PSYoungGen: 416747K->184301K(465920K)] 954732K->722567K(1396736K), 0.0203064 secs] [Times: user=0.02 sys=0.00, real=0.02 secs] 
2593.136: [GC (Allocation Failure) [PSYoungGen: 408202K->92897K(465920K)] 946468K->631428K(1396736K), 0.0123929 secs] [Times: user=0.02 sys=0.00, real=0.01 secs] 
2593.983: [GC (Allocation Failure) [PSYoungGen: 325857K->37906K(465920K)] 864388K->576755K(1396736K), 0.0055058 secs] [Times: user=0.02 sys=0.00, real=0.00 secs] 
2594.251: [GC (Allocation Failure) [PSYoungGen: 270866K->183658K(465920K)] 809715K->723754K(1396736K), 0.0201471 secs] [Times: user=0.03 sys=0.00, real=0.02 secs] 
2594.535: [GC (Allocation Failure) [PSYoungGen: 416618K->184462K(465920K)] 956714K->724830K(1396736K), 0.0201556 secs] [Times: user=0.03 sys=0.00, real=0.02 secs] 
2595.511: [GC (Allocation Failure) [PSYoungGen: 408521K->92769K(465920K)] 948889K->633402K(1396736K), 0.0145305 secs] [Times: user=0.03 sys=0.00, real=0.01 secs] 
2597.022: [GC (Allocation Failure) [PSYoungGen: 325729K->37748K(465920K)] 866362K->578695K(1396736K), 0.0066538 secs] [Times: user=0.02 sys=0.00, real=0.00 secs] 
2597.317: [GC (Allocation Failure) [PSYoungGen: 270708K->184944K(465920K)] 811655K->727144K(1396736K), 0.0207885 secs] [Times: user=0.02 sys=0.00, real=0.02 secs] 
2597.603: [GC (Allocation Failure) [PSYoungGen: 417904K->184205K(465920K)] 960104K->726815K(1396736K), 0.0200449 secs] [Times: user=0.03 sys=0.00, real=0.02 secs] 
2598.827: [GC (Allocation Failure) [PSYoungGen: 406929K->91901K(465920K)] 949539K->634656K(1396736K), 0.0128743 secs] [Times: user=0.03 sys=0.00, real=0.02 secs] 
2600.209: [GC (Allocation Failure) [PSYoungGen: 324861K->37780K(465920K)] 867616K->580850K(1396736K), 0.0069499 secs] [Times: user=0.02 sys=0.00, real=0.01 secs] 
2600.508: [GC (Allocation Failure) [PSYoungGen: 270740K->184687K(465920K)] 813810K->729003K(1396736K), 0.0201236 secs] [Times: user=0.03 sys=0.00, real=0.02 secs] 
2600.791: [GC (Allocation Failure) [PSYoungGen: 417647K->184687K(465920K)] 961963K->729412K(1396736K), 0.0201420 secs] [Times: user=0.02 sys=0.00, real=0.02 secs] 
2602.923: [GC (Allocation Failure) [PSYoungGen: 407386K->91644K(465920K)] 952112K->636635K(1396736K), 0.0208307 secs] [Times: user=0.04 sys=0.00, real=0.02 secs] 
2604.580: [GC (Allocation Failure) [PSYoungGen: 324604K->37748K(465920K)] 869595K->582924K(1396736K), 0.0067275 secs] [Times: user=0.02 sys=0.00, real=0.00 secs] 
2604.951: [GC (Allocation Failure) [PSYoungGen: 270708K->183819K(465920K)] 815884K->730248K(1396736K), 0.0201011 secs] [Times: user=0.02 sys=0.01, real=0.02 secs] 
2605.233: [GC (Allocation Failure) [PSYoungGen: 416779K->184269K(465920K)] 963208K->731100K(1396736K), 0.0202137 secs] [Times: user=0.03 sys=0.00, real=0.02 secs] 
2606.369: [GC (Allocation Failure) [PSYoungGen: 408102K->92913K(465920K)] 954933K->639881K(1396736K), 0.0136846 secs] [Times: user=0.02 sys=0.00, real=0.02 secs] 
2607.506: [GC (Allocation Failure) [PSYoungGen: 325873K->37877K(465920K)] 872841K->585160K(1396736K), 0.0061476 secs] [Times: user=0.01 sys=0.00, real=0.01 secs] 
2607.783: [GC (Allocation Failure) [PSYoungGen: 270837K->184462K(465920K)] 818120K->733127K(1396736K), 0.0201595 secs] [Times: user=0.03 sys=0.00, real=0.02 secs] 
2608.066: [GC (Allocation Failure) [PSYoungGen: 417422K->184494K(465920K)] 966087K->733304K(1396736K), 0.0201329 secs] [Times: user=0.02 sys=0.00, real=0.02 secs] 
2609.036: [GC (Allocation Failure) [PSYoungGen: 407041K->91901K(465920K)] 955851K->640976K(1396736K), 0.0112944 secs] [Times: user=0.02 sys=0.00, real=0.01 secs] 
2609.921: [GC (Allocation Failure) [PSYoungGen: 324861K->38066K(465920K)] 873936K->587447K(1396736K), 0.0056764 secs] [Times: user=0.02 sys=0.00, real=0.00 secs] 
2610.190: [GC (Allocation Failure) [PSYoungGen: 271026K->184430K(465920K)] 820407K->735072K(1396736K), 0.0202533 secs] [Times: user=0.03 sys=0.00, real=0.02 secs] 
2610.527: [GC (Allocation Failure) [PSYoungGen: 417390K->184333K(465920K)] 968032K->735256K(1396736K), 0.0201678 secs] [Times: user=0.02 sys=0.00, real=0.02 secs] 
2612.255: [GC (Allocation Failure) [PSYoungGen: 409381K->91966K(465920K)] 960304K->643282K(1396736K), 0.0237260 secs] [Times: user=0.05 sys=0.00, real=0.02 secs] 
2613.829: [GC (Allocation Failure) [PSYoungGen: 324926K->38002K(465920K)] 876242K->589499K(1396736K), 0.0068182 secs] [Times: user=0.01 sys=0.00, real=0.01 secs] 
2614.203: [GC (Allocation Failure) [PSYoungGen: 270962K->184687K(465920K)] 822459K->737429K(1396736K), 0.0201221 secs] [Times: user=0.03 sys=0.00, real=0.02 secs] 
2614.486: [GC (Allocation Failure) [PSYoungGen: 417647K->184719K(465920K)] 970389K->737734K(1396736K), 0.0200767 secs] [Times: user=0.02 sys=0.00, real=0.02 secs] 
2615.858: [GC (Allocation Failure) [PSYoungGen: 407265K->91355K(465920K)] 960280K->644635K(1396736K), 0.0135116 secs] [Times: user=0.03 sys=0.00, real=0.02 secs] 
2617.261: [GC (Allocation Failure) [PSYoungGen: 324315K->37777K(465920K)] 877595K->591365K(1396736K), 0.0066181 secs] [Times: user=0.01 sys=0.00, real=0.00 secs] 
2617.554: [GC (Allocation Failure) [PSYoungGen: 270737K->183916K(465920K)] 824325K->738749K(1396736K), 0.0201929 secs] [Times: user=0.02 sys=0.00, real=0.02 secs] 
2617.895: [GC (Allocation Failure) [PSYoungGen: 416876K->184815K(465920K)] 971709K->739922K(1396736K), 0.0201201 secs] [Times: user=0.03 sys=0.00, real=0.02 secs] 
2618.521: [GC (Allocation Failure) [PSYoungGen: 410133K->92239K(465920K)] 965239K->647739K(1396736K), 0.0117554 secs] [Times: user=0.02 sys=0.00, real=0.01 secs] 
2619.647: [GC (Allocation Failure) [PSYoungGen: 325199K->37874K(465920K)] 880699K->593547K(1396736K), 0.0075865 secs] [Times: user=0.02 sys=0.01, real=0.01 secs] 
2619.963: [GC (Allocation Failure) [PSYoungGen: 270834K->184719K(465920K)] 826507K->741646K(1396736K), 0.0201119 secs] [Times: user=0.03 sys=0.00, real=0.02 secs] 
2620.246: [GC (Allocation Failure) [PSYoungGen: 417679K->184687K(465920K)] 974606K->741887K(1396736K), 0.0200990 secs] [Times: user=0.03 sys=0.00, real=0.02 secs] 
2620.913: [GC (Allocation Failure) [PSYoungGen: 407237K->91484K(465920K)] 964437K->648949K(1396736K), 0.0123286 secs] [Times: user=0.02 sys=0.00, real=0.01 secs] 
2621.780: [GC (Allocation Failure) [PSYoungGen: 324444K->38005K(465920K)] 881909K->595780K(1396736K), 0.0058244 secs] [Times: user=0.02 sys=0.00, real=0.01 secs] 
2622.119: [GC (Allocation Failure) [PSYoungGen: 270965K->183916K(465920K)] 828740K->742936K(1396736K), 0.0201431 secs] [Times: user=0.03 sys=0.00, real=0.02 secs] 
2622.410: [GC (Allocation Failure) [PSYoungGen: 416876K->184751K(465920K)] 975896K->744045K(1396736K), 0.0203574 secs] [Times: user=0.03 sys=0.00, real=0.02 secs] 
2623.034: [GC (Allocation Failure) [PSYoungGen: 405462K->91966K(465920K)] 964756K->651653K(1396736K), 0.0119365 secs] [Times: user=0.03 sys=0.00, real=0.01 secs] 
2623.961: [GC (Allocation Failure) [PSYoungGen: 324926K->38005K(465920K)] 884613K->597871K(1396736K), 0.0063106 secs] [Times: user=0.02 sys=0.00, real=0.00 secs] 
2624.240: [GC (Allocation Failure) [PSYoungGen: 270965K->184687K(465920K)] 830831K->745807K(1396736K), 0.0202874 secs] [Times: user=0.02 sys=0.00, real=0.03 secs] 
2624.528: [GC (Allocation Failure) [PSYoungGen: 417647K->184526K(465920K)] 978767K->745919K(1396736K), 0.0200909 secs] [Times: user=0.03 sys=0.00, real=0.02 secs] 
2626.721: [GC (Allocation Failure) [PSYoungGen: 407125K->91467K(465920K)] 968518K->653125K(1396736K), 0.0262081 secs] [Times: user=0.05 sys=0.00, real=0.02 secs] 
2627.950: [GC (Allocation Failure) [PSYoungGen: 324427K->38163K(465920K)] 886085K->600145K(1396736K), 0.0074579 secs] [Times: user=0.02 sys=0.00, real=0.00 secs] 
2628.310: [GC (Allocation Failure) [PSYoungGen: 271123K->186357K(465920K)] 833105K->749713K(1396736K), 0.0204691 secs] [Times: user=0.02 sys=0.00, real=0.02 secs] 
2628.594: [GC (Allocation Failure) [PSYoungGen: 419317K->184783K(465920K)] 982673K->748284K(1396736K), 0.0202106 secs] [Times: user=0.03 sys=0.00, real=0.02 secs] 
2630.185: [GC (Allocation Failure) [PSYoungGen: 405108K->89427K(465920K)] 968609K->653193K(1396736K), 0.0249548 secs] [Times: user=0.04 sys=0.00, real=0.03 secs] 
2631.954: [GC (Allocation Failure) [PSYoungGen: 322387K->37716K(465920K)] 886153K->601797K(1396736K), 0.0075392 secs] [Times: user=0.02 sys=0.00, real=0.01 secs] 
2632.340: [GC (Allocation Failure) [PSYoungGen: 270676K->186486K(465920K)] 834757K->751821K(1396736K), 0.0207255 secs] [Times: user=0.03 sys=0.00, real=0.02 secs] 
2632.708: [GC (Allocation Failure) [PSYoungGen: 419446K->185940K(465920K)] 984781K->751676K(1396736K), 0.0204065 secs] [Times: user=0.02 sys=0.00, real=0.02 secs] 
2633.452: [GC (Allocation Failure) [PSYoungGen: 406284K->88527K(465920K)] 972020K->654400K(1396736K), 0.0126329 secs] [Times: user=0.02 sys=0.00, real=0.01 secs] 
2634.409: [GC (Allocation Failure) [PSYoungGen: 321487K->38134K(465920K)] 887360K->604316K(1396736K), 0.0055913 secs] [Times: user=0.01 sys=0.00, real=0.01 secs] 
2634.682: [GC (Allocation Failure) [PSYoungGen: 271094K->186486K(465920K)] 837276K->753914K(1396736K), 0.0205714 secs] [Times: user=0.03 sys=0.00, real=0.02 secs] 
2634.972: [GC (Allocation Failure) [PSYoungGen: 419446K->186068K(465920K)] 986874K->753906K(1396736K), 0.0202579 secs] [Times: user=0.02 sys=0.00, real=0.02 secs] 
2636.066: [GC (Allocation Failure) [PSYoungGen: 404342K->87981K(465920K)] 972180K->656084K(1396736K), 0.0180565 secs] [Times: user=0.04 sys=0.00, real=0.02 secs] 
2637.182: [GC (Allocation Failure) [PSYoungGen: 320941K->38134K(465920K)] 889044K->606416K(1396736K), 0.0053992 secs] [Times: user=0.01 sys=0.00, real=0.00 secs] 
2637.454: [GC (Allocation Failure) [PSYoungGen: 271094K->184173K(465920K)] 839376K->753700K(1396736K), 0.0201982 secs] [Times: user=0.03 sys=0.00, real=0.02 secs] 
2637.737: [GC (Allocation Failure) [PSYoungGen: 417133K->184398K(465920K)] 986660K->754327K(1396736K), 0.0201158 secs] [Times: user=0.03 sys=0.00, real=0.02 secs] 
2638.354: [GC (Allocation Failure) [PSYoungGen: 407506K->92014K(465920K)] 977435K->662080K(1396736K), 0.0112432 secs] [Times: user=0.02 sys=0.00, real=0.01 secs] 
2639.150: [GC (Allocation Failure) [PSYoungGen: 324974K->38005K(465920K)] 895040K->608387K(1396736K), 0.0055387 secs] [Times: user=0.02 sys=0.00, real=0.00 secs] 
2639.418: [GC (Allocation Failure) [PSYoungGen: 270965K->184462K(465920K)] 841347K->756089K(1396736K), 0.0203417 secs] [Times: user=0.03 sys=0.00, real=0.02 secs] 
2639.752: [GC (Allocation Failure) [PSYoungGen: 417422K->184622K(465920K)] 989049K->756522K(1396736K), 0.0203699 secs] [Times: user=0.02 sys=0.00, real=0.02 secs] 
2641.215: [GC (Allocation Failure) [PSYoungGen: 407173K->91725K(465920K)] 979073K->663922K(1396736K), 0.0121732 secs] [Times: user=0.03 sys=0.00, real=0.01 secs] 
2642.114: [GC (Allocation Failure) [PSYoungGen: 324685K->38002K(465920K)] 896882K->610521K(1396736K), 0.0056078 secs] [Times: user=0.01 sys=0.00, real=0.01 secs] 
2642.384: [GC (Allocation Failure) [PSYoungGen: 270962K->184398K(465920K)] 843481K->758170K(1396736K), 0.0205471 secs] [Times: user=0.02 sys=0.01, real=0.02 secs] 
2642.676: [GC (Allocation Failure) [PSYoungGen: 417358K->184333K(465920K)] 991130K->758379K(1396736K), 0.0200666 secs] [Times: user=0.03 sys=0.00, real=0.02 secs] 
2644.852: [GC (Allocation Failure) [PSYoungGen: 409381K->91966K(465920K)] 983427K->666405K(1396736K), 0.0207020 secs] [Times: user=0.04 sys=0.00, real=0.02 secs] 
2646.977: [GC (Allocation Failure) [PSYoungGen: 324926K->37877K(465920K)] 899365K->612495K(1396736K), 0.0084017 secs] [Times: user=0.02 sys=0.00, real=0.01 secs] 
2647.299: [GC (Allocation Failure) [PSYoungGen: 270837K->184141K(465920K)] 845455K->760013K(1396736K), 0.0204640 secs] [Times: user=0.03 sys=0.00, real=0.02 secs] 
2647.591: [GC (Allocation Failure) [PSYoungGen: 417101K->184558K(465920K)] 992973K->760703K(1396736K), 0.0204205 secs] [Times: user=0.03 sys=0.00, real=0.02 secs] 
2649.979: [GC (Allocation Failure) [PSYoungGen: 407664K->92158K(465920K)] 983809K->668568K(1396736K), 0.0262090 secs] [Times: user=0.06 sys=0.00, real=0.03 secs] 
2652.061: [GC (Allocation Failure) [PSYoungGen: 325118K->37588K(465920K)] 901528K->614314K(1396736K), 0.0067910 secs] [Times: user=0.01 sys=0.00, real=0.00 secs] 
2652.363: [GC (Allocation Failure) [PSYoungGen: 270548K->184430K(465920K)] 847274K->762538K(1396736K), 0.0206816 secs] [Times: user=0.03 sys=0.00, real=0.02 secs] 
2652.725: [GC (Allocation Failure) [PSYoungGen: 417390K->184526K(465920K)] 995498K->762779K(1396736K), 0.0222347 secs] [Times: user=0.03 sys=0.00, real=0.02 secs] 
2653.945: [GC (Allocation Failure) [PSYoungGen: 407585K->92126K(465920K)] 985838K->670644K(1396736K), 0.0145257 secs] [Times: user=0.02 sys=0.01, real=0.01 secs] 
2655.010: [GC (Allocation Failure) [PSYoungGen: 325086K->38005K(465920K)] 903604K->616839K(1396736K), 0.0063499 secs] [Times: user=0.01 sys=0.00, real=0.01 secs] 
2655.291: [GC (Allocation Failure) [PSYoungGen: 270965K->183658K(465920K)] 849799K->763737K(1396736K), 0.0202480 secs] [Times: user=0.03 sys=0.00, real=0.02 secs] 
2655.573: [GC (Allocation Failure) [PSYoungGen: 416618K->184398K(465920K)] 996697K->764750K(1396736K), 0.0200725 secs] [Times: user=0.02 sys=0.00, real=0.02 secs] 
2656.981: [GC (Allocation Failure) [PSYoungGen: 408450K->92640K(465920K)] 988802K->673257K(1396736K), 0.0249586 secs] [Times: user=0.06 sys=0.00, real=0.02 secs] 
2659.225: [GC (Allocation Failure) [PSYoungGen: 325600K->37874K(465920K)] 906217K->618791K(1396736K), 0.0068342 secs] [Times: user=0.01 sys=0.00, real=0.01 secs] 
2659.525: [GC (Allocation Failure) [PSYoungGen: 270834K->184815K(465920K)] 851751K->766978K(1396736K), 0.0203271 secs] [Times: user=0.03 sys=0.00, real=0.02 secs] 
2659.807: [GC (Allocation Failure) [PSYoungGen: 417775K->184141K(465920K)] 999938K->766592K(1396736K), 0.0202290 secs] [Times: user=0.02 sys=0.00, real=0.02 secs] 
2660.581: [GC (Allocation Failure) [PSYoungGen: 407131K->91885K(465920K)] 989582K->674602K(1396736K), 0.0112628 secs] [Times: user=0.02 sys=0.00, real=0.01 secs] 
2662.111: [GC (GCLocker Initiated GC) [PSYoungGen: 324845K->36077K(465920K)] 907562K->619110K(1396736K), 0.0066167 secs] [Times: user=0.02 sys=0.00, real=0.00 secs] 
2662.401: [GC (Allocation Failure) [PSYoungGen: 269037K->183723K(465920K)] 853066K->768997K(1396736K), 0.0201569 secs] [Times: user=0.03 sys=0.00, real=0.02 secs] 
2662.692: [GC (Allocation Failure) [PSYoungGen: 416683K->184911K(465920K)] 1001957K->770330K(1396736K), 0.0204013 secs] [Times: user=0.03 sys=0.00, real=0.02 secs] 
2663.317: [GC (Allocation Failure) [PSYoungGen: 409885K->93283K(465920K)] 995304K->679135K(1396736K), 0.0110306 secs] [Times: user=0.02 sys=0.00, real=0.01 secs] 
2664.416: [GC (Allocation Failure) [PSYoungGen: 326243K->37874K(465920K)] 912095K->623914K(1396736K), 0.0068281 secs] [Times: user=0.02 sys=0.00, real=0.01 secs] 
2664.711: [GC (Allocation Failure) [PSYoungGen: 270834K->183916K(465920K)] 856874K->771209K(1396736K), 0.0201728 secs] [Times: user=0.03 sys=0.00, real=0.02 secs] 
2664.994: [GC (Allocation Failure) [PSYoungGen: 416876K->184462K(465920K)] 1004169K->772028K(1396736K), 0.0200951 secs] [Times: user=0.03 sys=0.00, real=0.02 secs] 
2666.169: [GC (Allocation Failure) [PSYoungGen: 409675K->92496K(465920K)] 997241K->680327K(1396736K), 0.0204087 secs] [Times: user=0.04 sys=0.00, real=0.02 secs] 
2667.872: [GC (Allocation Failure) [PSYoungGen: 325456K->37745K(465920K)] 913287K->625882K(1396736K), 0.0091423 secs] [Times: user=0.02 sys=0.00, real=0.01 secs] 
2668.219: [GC (Allocation Failure) [PSYoungGen: 270705K->184719K(465920K)] 858842K->774109K(1396736K), 0.0202793 secs] [Times: user=0.03 sys=0.00, real=0.02 secs] 
2668.508: [GC (Allocation Failure) [PSYoungGen: 417679K->184655K(465920K)] 1007069K->774447K(1396736K), 0.0202298 secs] [Times: user=0.03 sys=0.00, real=0.02 secs] 
2669.531: [GC (Allocation Failure) [PSYoungGen: 407382K->91628K(465920K)] 997175K->681685K(1396736K), 0.0158706 secs] [Times: user=0.03 sys=0.00, real=0.01 secs] 
2671.530: [GC (Allocation Failure) [PSYoungGen: 324588K->37459K(465920K)] 914645K->627710K(1396736K), 0.0062925 secs] [Times: user=0.01 sys=0.00, real=0.00 secs] 
2671.885: [GC (Allocation Failure) [PSYoungGen: 270419K->183787K(465920K)] 860670K->775283K(1396736K), 0.0203288 secs] [Times: user=0.03 sys=0.00, real=0.02 secs] 
2672.168: [GC (Allocation Failure) [PSYoungGen: 416747K->184687K(465920K)] 1008243K->776456K(1396736K), 0.0201725 secs] [Times: user=0.03 sys=0.00, real=0.02 secs] 
2672.817: [GC (Allocation Failure) [PSYoungGen: 410097K->92753K(465920K)] 1001866K->684787K(1396736K), 0.0123936 secs] [Times: user=0.02 sys=0.00, real=0.01 secs] 
2674.517: [GC (Allocation Failure) [PSYoungGen: 325713K->37520K(465920K)] 917747K->629854K(1396736K), 0.0075694 secs] [Times: user=0.02 sys=0.00, real=0.01 secs] 
2674.904: [GC (Allocation Failure) [PSYoungGen: 270480K->184558K(465920K)] 862814K->778274K(1396736K), 0.0202802 secs] [Times: user=0.03 sys=0.00, real=0.02 secs] 
2675.186: [GC (Allocation Failure) [PSYoungGen: 417518K->184655K(465920K)] 1011234K->778515K(1396736K), 0.0201771 secs] [Times: user=0.03 sys=0.00, real=0.02 secs] 
2676.778: [GC (Allocation Failure) [PSYoungGen: 409795K->91998K(465920K)] 1003656K->686123K(1396736K), 0.0246309 secs] [Times: user=0.05 sys=0.00, real=0.03 secs] 
2678.329: [GC (Allocation Failure) [PSYoungGen: 324958K->37877K(465920K)] 919083K->632308K(1396736K), 0.0069671 secs] [Times: user=0.02 sys=0.00, real=0.01 secs] 
2678.627: [GC (Allocation Failure) [PSYoungGen: 270837K->184269K(465920K)] 865268K->779954K(1396736K), 0.0203491 secs] [Times: user=0.03 sys=0.00, real=0.02 secs] 
2678.911: [GC (Allocation Failure) [PSYoungGen: 417229K->184687K(465920K)] 1012914K->780645K(1396736K), 0.0201893 secs] [Times: user=0.03 sys=0.00, real=0.02 secs] 
2679.520: [GC (Allocation Failure) [PSYoungGen: 407264K->91837K(465920K)] 1003222K->688060K(1396736K), 0.0107805 secs] [Times: user=0.02 sys=0.00, real=0.01 secs] 
2680.329: [GC (Allocation Failure) [PSYoungGen: 324797K->38134K(465920K)] 921020K->634671K(1396736K), 0.0055702 secs] [Times: user=0.01 sys=0.00, real=0.01 secs] 
2680.658: [GC (Allocation Failure) [PSYoungGen: 271094K->184687K(465920K)] 867631K->782606K(1396736K), 0.0204282 secs] [Times: user=0.02 sys=0.00, real=0.02 secs] 
2680.940: [GC (Allocation Failure) [PSYoungGen: 417647K->184623K(465920K)] 1015566K->782686K(1396736K), 0.0202199 secs] [Times: user=0.03 sys=0.00, real=0.02 secs] 
2682.591: [GC (Allocation Failure) [PSYoungGen: 407054K->91194K(465920K)] 1005117K->689523K(1396736K), 0.0163923 secs] [Times: user=0.03 sys=0.00, real=0.01 secs] 
2684.272: [GC (Allocation Failure) [PSYoungGen: 324154K->37745K(465920K)] 922483K->636372K(1396736K), 0.0083179 secs] [Times: user=0.02 sys=0.00, real=0.01 secs] 
2684.598: [GC (Allocation Failure) [PSYoungGen: 270705K->184687K(465920K)] 869332K->784567K(1396736K), 0.0204704 secs] [Times: user=0.02 sys=0.00, real=0.02 secs] 
2684.883: [GC (Allocation Failure) [PSYoungGen: 417647K->184655K(465920K)] 1017527K->784808K(1396736K), 0.0203523 secs] [Times: user=0.02 sys=0.00, real=0.02 secs] 
2686.156: [GC (Allocation Failure) [PSYoungGen: 407214K->91644K(465920K)] 1007367K->692062K(1396736K), 0.0246875 secs] [Times: user=0.05 sys=0.00, real=0.03 secs] 
2687.825: [GC (Allocation Failure) [PSYoungGen: 324604K->37906K(465920K)] 925022K->638631K(1396736K), 0.0075409 secs] [Times: user=0.01 sys=0.00, real=0.01 secs] 
2688.133: [GC (Allocation Failure) [PSYoungGen: 270866K->184687K(465920K)] 871591K->786786K(1396736K), 0.0202874 secs] [Times: user=0.03 sys=0.00, real=0.02 secs] 
2688.420: [GC (Allocation Failure) [PSYoungGen: 417647K->184655K(465920K)] 1019746K->786899K(1396736K), 0.0202367 secs] [Times: user=0.03 sys=0.00, real=0.02 secs] 
2689.055: [GC (Allocation Failure) [PSYoungGen: 407209K->91484K(465920K)] 1009453K->693993K(1396736K), 0.0112773 secs] [Times: user=0.02 sys=0.00, real=0.01 secs] 
2689.852: [GC (Allocation Failure) [PSYoungGen: 324444K->38037K(465920K)] 926953K->640852K(1396736K), 0.0056348 secs] [Times: user=0.02 sys=0.00, real=0.00 secs] 
2690.119: [GC (Allocation Failure) [PSYoungGen: 270997K->183916K(465920K)] 873812K->787984K(1396736K), 0.0202770 secs] [Times: user=0.03 sys=0.00, real=0.02 secs] 
2690.407: [GC (Allocation Failure) [PSYoungGen: 416876K->184398K(465920K)] 1020944K->788747K(1396736K), 0.0203174 secs] [Times: user=0.03 sys=0.00, real=0.02 secs] 
2691.664: [GC (Allocation Failure) [PSYoungGen: 409609K->92399K(465920K)] 1013958K->697014K(1396736K), 0.0135066 secs] [Times: user=0.03 sys=0.00, real=0.01 secs] 
2692.745: [GC (Allocation Failure) [PSYoungGen: 325359K->37877K(465920K)] 929974K->642808K(1396736K), 0.0064197 secs] [Times: user=0.01 sys=0.00, real=0.01 secs] 
2693.026: [GC (Allocation Failure) [PSYoungGen: 270837K->184687K(465920K)] 875768K->790863K(1396736K), 0.0203265 secs] [Times: user=0.02 sys=0.00, real=0.02 secs] 
2693.309: [GC (Allocation Failure) [PSYoungGen: 417647K->184687K(465920K)] 1023823K->791136K(1396736K), 0.0202615 secs] [Times: user=0.03 sys=0.00, real=0.02 secs] 
2694.470: [GC (Allocation Failure) [PSYoungGen: 407260K->91484K(465920K)] 1013710K->698206K(1396736K), 0.0119433 secs] [Times: user=0.02 sys=0.00, real=0.01 secs] 
2695.713: [GC (Allocation Failure) [PSYoungGen: 324444K->37748K(465920K)] 931166K->644788K(1396736K), 0.0056012 secs] [Times: user=0.01 sys=0.00, real=0.00 secs] 
2695.982: [GC (Allocation Failure) [PSYoungGen: 270708K->183787K(465920K)] 877748K->792073K(1396736K), 0.0202331 secs] [Times: user=0.03 sys=0.00, real=0.02 secs] 
2696.270: [GC (Allocation Failure) [PSYoungGen: 416747K->184398K(465920K)] 1025033K->793093K(1396736K), 0.0202480 secs] [Times: user=0.03 sys=0.00, real=0.02 secs] 
2697.633: [GC (Allocation Failure) [PSYoungGen: 409514K->92769K(465920K)] 1018210K->701729K(1396736K), 0.0113811 secs] [Times: user=0.03 sys=0.00, real=0.01 secs] 
2699.159: [GC (Allocation Failure) [PSYoungGen: 325729K->37906K(465920K)] 934689K->647053K(1396736K), 0.0071056 secs] [Times: user=0.02 sys=0.00, real=0.01 secs] 
2699.461: [GC (Allocation Failure) [PSYoungGen: 270866K->184751K(465920K)] 880013K->795152K(1396736K), 0.0203700 secs] [Times: user=0.03 sys=0.00, real=0.02 secs] 
2699.749: [GC (Allocation Failure) [PSYoungGen: 417711K->184622K(465920K)] 1028112K->795425K(1396736K), 0.0202717 secs] [Times: user=0.03 sys=0.00, real=0.02 secs] 
2701.029: [GC (Allocation Failure) [PSYoungGen: 407083K->91596K(465920K)] 1017886K->702567K(1396736K), 0.0121135 secs] [Times: user=0.03 sys=0.00, real=0.02 secs] 
2701.860: [GC (Allocation Failure) [PSYoungGen: 324556K->38005K(465920K)] 935527K->649279K(1396736K), 0.0057301 secs] [Times: user=0.02 sys=0.00, real=0.00 secs] 
2702.128: [GC (Allocation Failure) [PSYoungGen: 270965K->184462K(465920K)] 882239K->796989K(1396736K), 0.0201355 secs] [Times: user=0.03 sys=0.00, real=0.02 secs] 
2702.411: [GC (Allocation Failure) [PSYoungGen: 417422K->184558K(465920K)] 1029949K->797358K(1396736K), 0.0201541 secs] [Times: user=0.03 sys=0.00, real=0.02 secs] 
2703.790: [GC (Allocation Failure) [PSYoungGen: 407096K->91741K(465920K)] 1019897K->704806K(1396736K), 0.0123472 secs] [Times: user=0.02 sys=0.00, real=0.01 secs] 
2704.677: [GC (Allocation Failure) [PSYoungGen: 324701K->144767K(465920K)] 937766K->758148K(1396736K), 0.0139716 secs] [Times: user=0.03 sys=0.00, real=0.02 secs] 
2704.875: [GC (Allocation Failure) [PSYoungGen: 377727K->184430K(465920K)] 991108K->831832K(1396736K), 0.0214716 secs] [Times: user=0.03 sys=0.00, real=0.02 secs] 
2705.080: [GC (Allocation Failure) [PSYoungGen: 417390K->184301K(465920K)] 1064792K->831985K(1396736K), 0.0201898 secs] [Times: user=0.03 sys=0.00, real=0.02 secs] 
2707.877: [GC (Allocation Failure) [PSYoungGen: 417261K->1665K(465920K)] 1064945K->649742K(1396736K), 0.0043286 secs] [Times: user=0.01 sys=0.00, real=0.01 secs] 
2708.718: [GC (Allocation Failure) [PSYoungGen: 234625K->133723K(465920K)] 882702K->781993K(1396736K), 0.0152707 secs] [Times: user=0.02 sys=0.00, real=0.02 secs] 
2708.996: [GC (Allocation Failure) [PSYoungGen: 366683K->184333K(465920K)] 1014953K->833857K(1396736K), 0.0204798 secs] [Times: user=0.03 sys=0.00, real=0.02 secs] 
2709.626: [GC (Allocation Failure) [PSYoungGen: 417293K->168310K(465920K)] 1066817K->818099K(1396736K), 0.0228532 secs] [Times: user=0.03 sys=0.00, real=0.02 secs] 
2711.144: [GC (Allocation Failure) [PSYoungGen: 401270K->96K(465920K)] 1051059K->651312K(1396736K), 0.0032868 secs] [Times: user=0.02 sys=0.00, real=0.00 secs] 
2711.818: [GC (Allocation Failure) [PSYoungGen: 233056K->156022K(465920K)] 884272K->807246K(1396736K), 0.0173197 secs] [Times: user=0.02 sys=0.00, real=0.02 secs] 
2712.097: [GC (Allocation Failure) [PSYoungGen: 388982K->184333K(465920K)] 1040206K->836811K(1396736K), 0.0203121 secs] [Times: user=0.03 sys=0.00, real=0.02 secs] 
2713.237: [GC (Allocation Failure) [PSYoungGen: 417293K->150043K(465920K)] 1069771K->802786K(1396736K), 0.0391227 secs] [Times: user=0.07 sys=0.00, real=0.04 secs] 
2716.032: [GC (Allocation Failure) [PSYoungGen: 383003K->128K(465920K)] 1035746K->654308K(1396736K), 0.0048790 secs] [Times: user=0.02 sys=0.00, real=0.00 secs] 
2716.658: [GC (Allocation Failure) [PSYoungGen: 233088K->177870K(465920K)] 887268K->832075K(1396736K), 0.0195333 secs] [Times: user=0.03 sys=0.00, real=0.02 secs] 
2716.952: [GC (Allocation Failure) [PSYoungGen: 410830K->184462K(465920K)] 1065035K->840049K(1396736K), 0.0202226 secs] [Times: user=0.02 sys=0.00, real=0.02 secs] 
2717.741: [GC (Allocation Failure) [PSYoungGen: 417422K->136386K(465920K)] 1073009K->792110K(1396736K), 0.0274480 secs] [Times: user=0.05 sys=0.00, real=0.02 secs] 
2719.337: [GC (Allocation Failure) [PSYoungGen: 369346K->16571K(465920K)] 1025070K->672602K(1396736K), 0.0042742 secs] [Times: user=0.02 sys=0.00, real=0.01 secs] 
2719.614: [GC (Allocation Failure) [PSYoungGen: 249531K->186389K(465920K)] 905562K->843674K(1396736K), 0.0205280 secs] [Times: user=0.03 sys=0.00, real=0.02 secs] 
2719.900: [GC (Allocation Failure) [PSYoungGen: 419349K->186100K(465920K)] 1076634K->843674K(1396736K), 0.0203896 secs] [Times: user=0.03 sys=0.00, real=0.02 secs] 
2721.396: [GC (Allocation Failure) [PSYoungGen: 419060K->109782K(465920K)] 1076634K->767621K(1396736K), 0.0201046 secs] [Times: user=0.04 sys=0.00, real=0.02 secs] 
2724.048: [GC (Allocation Failure) [PSYoungGen: 342742K->42793K(465920K)] 1000581K->700947K(1396736K), 0.0074327 secs] [Times: user=0.02 sys=0.00, real=0.01 secs] 
2724.340: [GC (Allocation Failure) [PSYoungGen: 275753K->185875K(465920K)] 933907K->845284K(1396736K), 0.0204824 secs] [Times: user=0.03 sys=0.00, real=0.02 secs] 
2724.638: [GC (Allocation Failure) [PSYoungGen: 418835K->185875K(465920K)] 1078244K->845693K(1396736K), 0.0204810 secs] [Times: user=0.03 sys=0.00, real=0.02 secs] 
2726.636: [GC (Allocation Failure) [PSYoungGen: 418835K->67918K(465920K)] 1078653K->728001K(1396736K), 0.0148224 secs] [Times: user=0.02 sys=0.00, real=0.02 secs] 
2728.908: [GC (Allocation Failure) [PSYoungGen: 300878K->68626K(465920K)] 960961K->728904K(1396736K), 0.0107149 secs] [Times: user=0.02 sys=0.00, real=0.01 secs] 
2729.203: [GC (Allocation Failure) [PSYoungGen: 301586K->185843K(465920K)] 961864K->847367K(1396736K), 0.0205398 secs] [Times: user=0.03 sys=0.00, real=0.02 secs] 
2729.549: [GC (Allocation Failure) [PSYoungGen: 418803K->185939K(465920K)] 1080327K->847744K(1396736K), 0.0204797 secs] [Times: user=0.02 sys=0.00, real=0.02 secs] 
2731.977: [GC (Allocation Failure) [PSYoungGen: 418899K->42053K(465920K)] 1080704K->704155K(1396736K), 0.0114157 secs] [Times: user=0.02 sys=0.00, real=0.01 secs] 
2733.606: [GC (Allocation Failure) [PSYoungGen: 275013K->92820K(465920K)] 937115K->755230K(1396736K), 0.0110231 secs] [Times: user=0.01 sys=0.00, real=0.01 secs] 
2733.882: [GC (Allocation Failure) [PSYoungGen: 325780K->186550K(465920K)] 988190K->850205K(1396736K), 0.0204387 secs] [Times: user=0.02 sys=0.00, real=0.02 secs] 
2734.172: [GC (Allocation Failure) [PSYoungGen: 419510K->186164K(465920K)] 1083165K->850229K(1396736K), 0.0204080 secs] [Times: user=0.03 sys=0.00, real=0.02 secs] 
2736.094: [GC (Allocation Failure) [PSYoungGen: 419124K->17007K(465920K)] 1083189K->681337K(1396736K), 0.0073704 secs] [Times: user=0.03 sys=0.00, real=0.01 secs] 
2737.108: [GC (Allocation Failure) [PSYoungGen: 249967K->119939K(465920K)] 914297K->784456K(1396736K), 0.0136388 secs] [Times: user=0.02 sys=0.00, real=0.02 secs] 
2737.446: [GC (Allocation Failure) [PSYoungGen: 352899K->185747K(465920K)] 1017416K->851646K(1396736K), 0.0203725 secs] [Times: user=0.02 sys=0.00, real=0.02 secs] 
2737.877: [GC (Allocation Failure) [PSYoungGen: 418707K->177608K(465920K)] 1084606K->843660K(1396736K), 0.0259670 secs] [Times: user=0.04 sys=0.00, real=0.03 secs] 
2738.947: [GC (Allocation Failure) [PSYoungGen: 410568K->96K(465920K)] 1076620K->667603K(1396736K), 0.0025167 secs] [Times: user=0.02 sys=0.01, real=0.00 secs] 
2739.412: [GC (Allocation Failure) [PSYoungGen: 233056K->145386K(465920K)] 900563K->812910K(1396736K), 0.0163010 secs] [Times: user=0.02 sys=0.00, real=0.01 secs] 
2739.691: [GC (Allocation Failure) [PSYoungGen: 378346K->184654K(465920K)] 1045870K->853431K(1396736K), 0.0202297 secs] [Times: user=0.03 sys=0.00, real=0.02 secs] 
2740.301: [GC (Allocation Failure) [PSYoungGen: 417614K->160486K(465920K)] 1086391K->829552K(1396736K), 0.0211133 secs] [Times: user=0.03 sys=0.00, real=0.02 secs] 
2742.061: [GC (Allocation Failure) [PSYoungGen: 393446K->128K(465920K)] 1062512K->670635K(1396736K), 0.0038327 secs] [Times: user=0.02 sys=0.00, real=0.00 secs] 
2742.570: [GC (Allocation Failure) [PSYoungGen: 233088K->168392K(465920K)] 903595K->838916K(1396736K), 0.0186326 secs] [Times: user=0.03 sys=0.00, real=0.01 secs] 
2742.913: [GC (Allocation Failure) [PSYoungGen: 401352K->184847K(465920K)] 1071876K->856625K(1396736K), 0.0208556 secs] [Times: user=0.03 sys=0.00, real=0.02 secs] 
2743.642: [GC (Allocation Failure) [PSYoungGen: 411813K->137207K(465920K)] 1083591K->809257K(1396736K), 0.0240502 secs] [Times: user=0.04 sys=0.00, real=0.02 secs] 
2744.773: [GC (Allocation Failure) [PSYoungGen: 370167K->1794K(465920K)] 1042217K->674154K(1396736K), 0.0025373 secs] [Times: user=0.01 sys=0.00, real=0.00 secs] 
2745.063: [GC (Allocation Failure) [PSYoungGen: 234754K->184044K(465920K)] 907114K->857786K(1396736K), 0.0203799 secs] [Times: user=0.03 sys=0.00, real=0.02 secs] 
2745.350: [GC (Allocation Failure) [PSYoungGen: 417004K->184076K(465920K)] 1090746K->857971K(1396736K), 0.0204599 secs] [Times: user=0.03 sys=0.00, real=0.03 secs] 
2746.261: [GC (Allocation Failure) [PSYoungGen: 417036K->128964K(465920K)] 1090931K->803132K(1396736K), 0.0170577 secs] [Times: user=0.03 sys=0.00, real=0.01 secs] 
2748.294: [GC (Allocation Failure) [PSYoungGen: 361924K->23354K(465920K)] 1036092K->697821K(1396736K), 0.0052064 secs] [Times: user=0.01 sys=0.00, real=0.00 secs] 
2748.580: [GC (Allocation Failure) [PSYoungGen: 256314K->184237K(465920K)] 930781K->859958K(1396736K), 0.0201898 secs] [Times: user=0.03 sys=0.00, real=0.02 secs] 
2748.921: [GC (Allocation Failure) [PSYoungGen: 417197K->184365K(465920K)] 1092918K->860496K(1396736K), 0.0202355 secs] [Times: user=0.02 sys=0.00, real=0.02 secs] 
2749.595: [GC (Allocation Failure) [PSYoungGen: 417325K->106954K(465920K)] 1093456K->783222K(1396736K), 0.0148286 secs] [Times: user=0.03 sys=0.00, real=0.02 secs] 
2750.587: [GC (Allocation Failure) [PSYoungGen: 339914K->45909K(465920K)] 1016182K->722500K(1396736K), 0.0096292 secs] [Times: user=0.02 sys=0.00, real=0.01 secs] 
2750.987: [GC (Allocation Failure) [PSYoungGen: 278869K->183948K(465920K)] 955460K->861792K(1396736K), 0.0204316 secs] [Times: user=0.03 sys=0.00, real=0.02 secs] 
2751.270: [GC (Allocation Failure) [PSYoungGen: 416908K->184558K(465920K)] 1094752K->862684K(1396736K), 0.0201821 secs] [Times: user=0.02 sys=0.00, real=0.02 secs] 
2752.225: [GC (Allocation Failure) [PSYoungGen: 417518K->67983K(465920K)] 1095644K->746381K(1396736K), 0.0109719 secs] [Times: user=0.02 sys=0.00, real=0.01 secs] 
2752.981: [GC (Allocation Failure) [PSYoungGen: 300943K->68240K(465920K)] 979341K->746963K(1396736K), 0.0086088 secs] [Times: user=0.02 sys=0.00, real=0.00 secs] 
2753.256: [GC (Allocation Failure) [PSYoungGen: 301200K->184462K(465920K)] 979923K->864438K(1396736K), 0.0203509 secs] [Times: user=0.03 sys=0.00, real=0.02 secs] 
2753.537: [GC (Allocation Failure) [PSYoungGen: 417422K->183723K(465920K)] 1097398K->863980K(1396736K), 0.0203116 secs] [Times: user=0.03 sys=0.00, real=0.02 secs] 
2754.737: [GC (Allocation Failure) [PSYoungGen: 416683K->45909K(465920K)] 1096940K->726439K(1396736K), 0.0108649 secs] [Times: user=0.02 sys=0.00, real=0.01 secs] 
2755.685: [GC (Allocation Failure) [PSYoungGen: 278869K->90378K(465920K)] 959399K->771224K(1396736K), 0.0108148 secs] [Times: user=0.02 sys=0.00, real=0.01 secs] 
2755.961: [GC (Allocation Failure) [PSYoungGen: 323338K->186518K(465920K)] 1004184K->868746K(1396736K), 0.0206156 secs] [Times: user=0.03 sys=0.00, real=0.02 secs] 
2756.251: [GC (Allocation Failure) [PSYoungGen: 419478K->186100K(465920K)] 1101706K->868601K(1396736K), 0.0205511 secs] [Times: user=0.03 sys=0.00, real=0.02 secs] 
2758.266: [GC (Allocation Failure) [PSYoungGen: 419060K->19401K(465920K)] 1101561K->702167K(1396736K), 0.0056998 secs] [Times: user=0.01 sys=0.01, real=0.01 secs] 
2759.519: [GC (Allocation Failure) [PSYoungGen: 252361K->116501K(465920K)] 935127K->799454K(1396736K), 0.0136000 secs] [Times: user=0.03 sys=0.00, real=0.02 secs] 
2759.796: [GC (Allocation Failure) [PSYoungGen: 349461K->186004K(465920K)] 1032414K->870347K(1396736K), 0.0205984 secs] [Times: user=0.02 sys=0.00, real=0.02 secs] 
2760.245: [GC (Allocation Failure) [PSYoungGen: 418964K->180822K(465920K)] 1103307K->865309K(1396736K), 0.0224157 secs] [Times: user=0.03 sys=0.00, real=0.02 secs] 
2762.226: [GC (Allocation Failure) [PSYoungGen: 413782K->64K(465920K)] 1098269K->686001K(1396736K), 0.0037290 secs] [Times: user=0.02 sys=0.00, real=0.01 secs] 
2763.075: [GC (Allocation Failure) [PSYoungGen: 233024K->140759K(465920K)] 918961K->826705K(1396736K), 0.0158716 secs] [Times: user=0.03 sys=0.00, real=0.02 secs] 
2763.354: [GC (Allocation Failure) [PSYoungGen: 373719K->184333K(465920K)] 1059665K->871524K(1396736K), 0.0205476 secs] [Times: user=0.02 sys=0.00, real=0.02 secs] 
2763.974: [GC (Allocation Failure) [PSYoungGen: 417128K->161289K(465920K)] 1104319K->848754K(1396736K), 0.0216932 secs] [Times: user=0.03 sys=0.00, real=0.02 secs] 
2765.469: [GC (Allocation Failure) [PSYoungGen: 394249K->128K(465920K)] 1081714K->689039K(1396736K), 0.0027316 secs] [Times: user=0.01 sys=0.00, real=0.01 secs] 
2765.858: [GC (Allocation Failure) [PSYoungGen: 233088K->161034K(465920K)] 921999K->849962K(1396736K), 0.0178335 secs] [Times: user=0.03 sys=0.00, real=0.02 secs] 
2766.201: [GC (Allocation Failure) [PSYoungGen: 393994K->184847K(465920K)] 1082922K->875029K(1396736K), 0.0202388 secs] [Times: user=0.03 sys=0.00, real=0.02 secs] 
2767.155: [GC (Allocation Failure) [PSYoungGen: 417807K->144549K(465920K)] 1107989K->834995K(1396736K), 0.0261695 secs] [Times: user=0.04 sys=0.00, real=0.03 secs] 
2769.327: [GC (Allocation Failure) [PSYoungGen: 377509K->96K(465920K)] 1067955K->691984K(1396736K), 0.0029313 secs] [Times: user=0.02 sys=0.00, real=0.01 secs] 
2769.632: [GC (Allocation Failure) [PSYoungGen: 233056K->183204K(465920K)] 924944K->875116K(1396736K), 0.0199974 secs] [Times: user=0.02 sys=0.00, real=0.02 secs] 
2769.915: [GC (Allocation Failure) [PSYoungGen: 416164K->184462K(465920K)] 1108076K->877636K(1396736K), 0.0203435 secs] [Times: user=0.03 sys=0.00, real=0.02 secs] 
2770.971: [GC (Allocation Failure) [PSYoungGen: 417422K->130988K(465920K)] 1110596K->824443K(1396736K), 0.0278396 secs] [Times: user=0.05 sys=0.01, real=0.02 secs] 
2773.300: [GC (Allocation Failure) [PSYoungGen: 363948K->21426K(465920K)] 1057403K->715198K(1396736K), 0.0069083 secs] [Times: user=0.02 sys=0.00, real=0.00 secs] 
2773.655: [GC (Allocation Failure) [PSYoungGen: 254386K->186518K(465920K)] 948158K->881536K(1396736K), 0.0207193 secs] [Times: user=0.02 sys=0.00, real=0.02 secs] 
2774.001: [GC (Allocation Failure) [PSYoungGen: 419478K->186164K(465920K)] 1114496K->881592K(1396736K), 0.0205420 secs] [Times: user=0.03 sys=0.00, real=0.02 secs] 
2774.836: [GC (Allocation Failure) [PSYoungGen: 419124K->104785K(465920K)] 1114552K->800486K(1396736K), 0.0217428 secs] [Times: user=0.04 sys=0.00, real=0.02 secs] 
2776.374: [GC (Allocation Failure) [PSYoungGen: 337745K->48445K(465920K)] 1033446K->744335K(1396736K), 0.0078691 secs] [Times: user=0.02 sys=0.00, real=0.01 secs] 
2776.658: [GC (Allocation Failure) [PSYoungGen: 281405K->185875K(465920K)] 977295K->883148K(1396736K), 0.0205362 secs] [Times: user=0.03 sys=0.00, real=0.02 secs] 
2776.942: [GC (Allocation Failure) [PSYoungGen: 418835K->185843K(465920K)] 1116108K->883389K(1396736K), 0.0203975 secs] [Times: user=0.03 sys=0.00, real=0.02 secs] 
2779.258: [GC (Allocation Failure) [PSYoungGen: 418803K->62231K(465920K)] 1116349K->759913K(1396736K), 0.0166626 secs] [Times: user=0.03 sys=0.00, real=0.02 secs] 
2781.308: [GC (Allocation Failure) [PSYoungGen: 295191K->73927K(465920K)] 992873K->771925K(1396736K), 0.0105928 secs] [Times: user=0.02 sys=0.00, real=0.01 secs] 
2781.594: [GC (Allocation Failure) [PSYoungGen: 306887K->184333K(465920K)] 1004885K->883592K(1396736K), 0.0203668 secs] [Times: user=0.03 sys=0.00, real=0.02 secs] 
2781.876: [GC (Allocation Failure) [PSYoungGen: 417293K->184719K(465920K)] 1116552K->884259K(1396736K), 0.0203268 secs] [Times: user=0.03 sys=0.00, real=0.02 secs] 
2783.561: [GC (Allocation Failure) [PSYoungGen: 417679K->39482K(465920K)] 1117219K->739416K(1396736K), 0.0078424 secs] [Times: user=0.02 sys=0.00, real=0.00 secs] 
2784.771: [GC (Allocation Failure) [PSYoungGen: 272337K->96933K(465920K)] 972271K->797046K(1396736K), 0.0114664 secs] [Times: user=0.02 sys=0.00, real=0.01 secs] 
2785.047: [GC (Allocation Failure) [PSYoungGen: 329893K->184976K(465920K)] 1030006K->886335K(1396736K), 0.0204521 secs] [Times: user=0.03 sys=0.00, real=0.02 secs] 
2785.389: [GC (Allocation Failure) [PSYoungGen: 417936K->184301K(465920K)] 1119295K->885941K(1396736K), 0.0203305 secs] [Times: user=0.02 sys=0.00, real=0.03 secs] 
2787.752: [GC (Allocation Failure) [PSYoungGen: 417261K->16220K(465920K)] 1118901K->718253K(1396736K), 0.0075489 secs] [Times: user=0.02 sys=0.00, real=0.01 secs] 
2788.870: [GC (Allocation Failure) [PSYoungGen: 249180K->119457K(465920K)] 951213K->821677K(1396736K), 0.0139064 secs] [Times: user=0.02 sys=0.00, real=0.01 secs] 
2789.207: [GC (Allocation Failure) [PSYoungGen: 352417K->184976K(465920K)] 1054637K->888450K(1396736K), 0.0204842 secs] [Times: user=0.03 sys=0.00, real=0.02 secs] 
2789.634: [GC (Allocation Failure) [PSYoungGen: 417936K->178414K(465920K)] 1121410K->882161K(1396736K), 0.0254683 secs] [Times: user=0.03 sys=0.00, real=0.03 secs] 
2791.858: [GC (Allocation Failure) [PSYoungGen: 411374K->96K(465920K)] 1115121K->705284K(1396736K), 0.0026548 secs] [Times: user=0.01 sys=0.00, real=0.01 secs] 
2792.756: [GC (Allocation Failure) [PSYoungGen: 233056K->140727K(465920K)] 938244K->845932K(1396736K), 0.0159143 secs] [Times: user=0.03 sys=0.00, real=0.02 secs] 
2793.036: [GC (Allocation Failure) [PSYoungGen: 373687K->184365K(465920K)] 1078892K->890824K(1396736K), 0.0202792 secs] [Times: user=0.03 sys=0.00, real=0.02 secs] 
2793.735: [GC (Allocation Failure) [PSYoungGen: 416627K->161257K(465920K)] 1123086K->868126K(1396736K), 0.0218562 secs] [Times: user=0.03 sys=0.00, real=0.02 secs] 
2795.659: [GC (Allocation Failure) [PSYoungGen: 394217K->128K(465920K)] 1101086K->708313K(1396736K), 0.0040343 secs] [Times: user=0.02 sys=0.00, real=0.01 secs] 
2796.248: [GC (Allocation Failure) [PSYoungGen: 233088K->161195K(465920K)] 941273K->869404K(1396736K), 0.0202743 secs] [Times: user=0.03 sys=0.00, real=0.02 secs] 
2796.538: [GC (Allocation Failure) [PSYoungGen: 394155K->184751K(465920K)] 1102364K->894342K(1396736K), 0.0203470 secs] [Times: user=0.03 sys=0.00, real=0.02 secs] 
2797.346: [GC (Allocation Failure) [PSYoungGen: 417711K->144533K(465920K)] 1127302K->854397K(1396736K), 0.0195438 secs] [Times: user=0.03 sys=0.00, real=0.02 secs] 
2799.557: [GC (Allocation Failure) [PSYoungGen: 377493K->160K(465920K)] 1087357K->711341K(1396736K), 0.0032430 secs] [Times: user=0.02 sys=0.00, real=0.01 secs] 
2799.897: [GC (Allocation Failure) [PSYoungGen: 233120K->182979K(465920K)] 944301K->894185K(1396736K), 0.0201405 secs] [Times: user=0.03 sys=0.00, real=0.02 secs] 
2800.184: [GC (Allocation Failure) [PSYoungGen: 415939K->183916K(465920K)] 1127145K->896375K(1396736K), 0.0203041 secs] [Times: user=0.03 sys=0.00, real=0.02 secs] 
2801.100: [GC (Allocation Failure) [PSYoungGen: 416876K->131759K(465920K)] 1129335K->844492K(1396736K), 0.0233066 secs] [Times: user=0.05 sys=0.00, real=0.02 secs] 
2802.037: [GC (Allocation Failure) [PSYoungGen: 364719K->21201K(465920K)] 1077452K->734249K(1396736K), 0.0045774 secs] [Times: user=0.02 sys=0.00, real=0.01 secs] 
2802.310: [GC (Allocation Failure) [PSYoungGen: 254161K->186357K(465920K)] 967209K->900659K(1396736K), 0.0206580 secs] [Times: user=0.03 sys=0.00, real=0.03 secs] 
2802.593: [GC (Allocation Failure) [PSYoungGen: 419317K->184751K(465920K)] 1133619K->899333K(1396736K), 0.0203618 secs] [Times: user=0.02 sys=0.00, real=0.02 secs] 
2803.584: [GC (Allocation Failure) [PSYoungGen: 417711K->106585K(465920K)] 1132293K->821433K(1396736K), 0.0135894 secs] [Times: user=0.03 sys=0.00, real=0.01 secs] 
2804.427: [GC (Allocation Failure) [PSYoungGen: 339545K->45717K(465920K)] 1054393K->760878K(1396736K), 0.0063836 secs] [Times: user=0.01 sys=0.00, real=0.01 secs] 
2804.697: [GC (Allocation Failure) [PSYoungGen: 278677K->184494K(465920K)] 993838K->900909K(1396736K), 0.0203638 secs] [Times: user=0.03 sys=0.00, real=0.02 secs] 
2805.037: [GC (Allocation Failure) [PSYoungGen: 417454K->184044K(465920K)] 1133869K->900732K(1396736K), 0.0224164 secs] [Times: user=0.04 sys=0.00, real=0.02 secs] 
2806.244: [GC (Allocation Failure) [PSYoungGen: 417004K->68111K(465920K)] 1133692K->785064K(1396736K), 0.0113225 secs] [Times: user=0.02 sys=0.00, real=0.01 secs] 
2807.097: [GC (Allocation Failure) [PSYoungGen: 301071K->67823K(465920K)] 1018024K->785084K(1396736K), 0.0124587 secs] [Times: user=0.03 sys=0.00, real=0.01 secs] 
2807.498: [GC (Allocation Failure) [PSYoungGen: 300783K->184622K(465920K)] 1018044K->903129K(1396736K), 0.0204829 secs] [Times: user=0.03 sys=0.00, real=0.02 secs] 
2807.787: [GC (Allocation Failure) [PSYoungGen: 417582K->184365K(465920K)] 1136089K->903281K(1396736K), 0.0204665 secs] [Times: user=0.02 sys=0.00, real=0.02 secs] 
2809.384: [GC (Allocation Failure) [PSYoungGen: 417325K->45652K(465920K)] 1136241K->764704K(1396736K), 0.0107492 secs] [Times: user=0.02 sys=0.00, real=0.01 secs] 
2810.094: [GC (Allocation Failure) [PSYoungGen: 278612K->90507K(465920K)] 997664K->809861K(1396736K), 0.0108517 secs] [Times: user=0.02 sys=0.00, real=0.01 secs] 
2810.367: [GC (Allocation Failure) [PSYoungGen: 323467K->184076K(465920K)] 1042821K->904821K(1396736K), 0.0205316 secs] [Times: user=0.03 sys=0.00, real=0.02 secs] 
2810.649: [GC (Allocation Failure) [PSYoungGen: 417036K->183980K(465920K)] 1137781K->904877K(1396736K), 0.0203272 secs] [Times: user=0.02 sys=0.00, real=0.02 secs] 
2812.243: [GC (Allocation Failure) [PSYoungGen: 416940K->23787K(465920K)] 1137837K->744949K(1396736K), 0.0072116 secs] [Times: user=0.02 sys=0.00, real=0.01 secs] 
2812.844: [GC (Allocation Failure) [PSYoungGen: 256747K->112227K(465920K)] 977909K->833697K(1396736K), 0.0129851 secs] [Times: user=0.02 sys=0.00, real=0.01 secs] 
2813.118: [GC (Allocation Failure) [PSYoungGen: 345187K->184205K(465920K)] 1066657K->906928K(1396736K), 0.0203763 secs] [Times: user=0.03 sys=0.00, real=0.02 secs] 
2813.405: [GC (Allocation Failure) [PSYoungGen: 417165K->184044K(465920K)] 1139888K->907049K(1396736K), 0.0205557 secs] [Times: user=0.03 sys=0.00, real=0.02 secs] 
2815.282: [GC (Allocation Failure) [PSYoungGen: 417004K->1954K(465920K)] 1140009K->725223K(1396736K), 0.0028033 secs] [Times: user=0.02 sys=0.00, real=0.00 secs] 
2815.769: [GC (Allocation Failure) [PSYoungGen: 234914K->134108K(465920K)] 958183K->857702K(1396736K), 0.0151220 secs] [Times: user=0.02 sys=0.00, real=0.02 secs] 
2816.047: [GC (Allocation Failure) [PSYoungGen: 367068K->184333K(465920K)] 1090662K->909309K(1396736K), 0.0203138 secs] [Times: user=0.03 sys=0.00, real=0.02 secs] 
2816.564: [GC (Allocation Failure) [PSYoungGen: 417293K->167941K(465920K)] 1142269K->893069K(1396736K), 0.0213020 secs] [Times: user=0.03 sys=0.00, real=0.02 secs] 
2818.064: [GC (Allocation Failure) [PSYoungGen: 400901K->96K(465920K)] 1126029K->726677K(1396736K), 0.0026983 secs] [Times: user=0.02 sys=0.00, real=0.00 secs] 
2818.479: [GC (Allocation Failure) [PSYoungGen: 233056K->155154K(465920K)] 959637K->881752K(1396736K), 0.0173490 secs] [Times: user=0.02 sys=0.00, real=0.02 secs] 
2818.759: [GC (Allocation Failure) [PSYoungGen: 388114K->184622K(465920K)] 1114712K->912474K(1396736K), 0.0204381 secs] [Times: user=0.03 sys=0.00, real=0.02 secs] 
2819.431: [GC (Allocation Failure) [PSYoungGen: 417582K->150718K(465920K)] 1145434K->878979K(1396736K), 0.0187256 secs] [Times: user=0.03 sys=0.00, real=0.02 secs] 
2821.122: [GC (Allocation Failure) [PSYoungGen: 383678K->160K(465920K)] 1111939K->729740K(1396736K), 0.0028140 secs] [Times: user=0.01 sys=0.00, real=0.00 secs] 
2821.452: [GC (Allocation Failure) [PSYoungGen: 233120K->179638K(465920K)] 962700K->909258K(1396736K), 0.0198152 secs] [Times: user=0.03 sys=0.00, real=0.02 secs] 
2821.737: [GC (Allocation Failure) [PSYoungGen: 412598K->186132K(465920K)] 1142218K->917006K(1396736K), 0.0206409 secs] [Times: user=0.03 sys=0.00, real=0.02 secs] 
2822.298: [GC (Allocation Failure) [PSYoungGen: 419092K->132916K(465920K)] 1149966K->864055K(1396736K), 0.0163723 secs] [Times: user=0.03 sys=0.00, real=0.02 secs] 
2823.400: [GC (Allocation Failure) [PSYoungGen: 365876K->20941K(465920K)] 1097015K->752387K(1396736K), 0.0045643 secs] [Times: user=0.02 sys=0.00, real=0.00 secs] 
2823.677: [GC (Allocation Failure) [PSYoungGen: 253901K->185715K(465920K)] 985347K->918415K(1396736K), 0.0206069 secs] [Times: user=0.03 sys=0.00, real=0.02 secs] 
2823.962: [GC (Allocation Failure) [PSYoungGen: 418675K->185875K(465920K)] 1151375K->918857K(1396736K), 0.0206599 secs] [Times: user=0.03 sys=0.00, real=0.02 secs] 
2824.713: [GC (Allocation Failure) [PSYoungGen: 418835K->106312K(465920K)] 1151817K->839566K(1396736K), 0.0140541 secs] [Times: user=0.03 sys=0.00, real=0.01 secs] 
2825.579: [GC (Allocation Failure) [PSYoungGen: 339272K->47291K(465920K)] 1072526K->780845K(1396736K), 0.0065510 secs] [Times: user=0.01 sys=0.00, real=0.01 secs] 
2825.850: [GC (Allocation Failure) [PSYoungGen: 280251K->186164K(465920K)] 1013805K->920972K(1396736K), 0.0205011 secs] [Times: user=0.03 sys=0.00, real=0.03 secs] 
2826.191: [GC (Allocation Failure) [PSYoungGen: 419124K->185779K(465920K)] 1153932K->920996K(1396736K), 0.0206105 secs] [Times: user=0.03 sys=0.00, real=0.02 secs] 
2829.045: [GC (Allocation Failure) [PSYoungGen: 418739K->63291K(465920K)] 1153956K->798645K(1396736K), 0.0103667 secs] [Times: user=0.02 sys=0.00, real=0.01 secs] 
2830.196: [GC (Allocation Failure) [PSYoungGen: 296251K->72353K(465920K)] 1031605K->808015K(1396736K), 0.0093113 secs] [Times: user=0.01 sys=0.00, real=0.01 secs] 
2830.529: [GC (Allocation Failure) [PSYoungGen: 305313K->186389K(465920K)] 1040975K->923441K(1396736K), 0.0207047 secs] [Times: user=0.03 sys=0.00, real=0.03 secs] 
2830.875: [GC (Allocation Failure) [PSYoungGen: 419349K->186164K(465920K)] 1156401K->923369K(1396736K), 0.0204741 secs] [Times: user=0.03 sys=0.00, real=0.02 secs] 
2832.836: [GC (Allocation Failure) [PSYoungGen: 419124K->37555K(465920K)] 1156329K->775161K(1396736K), 0.0099583 secs] [Times: user=0.03 sys=0.00, real=0.01 secs] 
2834.405: [GC (Allocation Failure) [PSYoungGen: 270515K->98732K(465920K)] 1008121K->836520K(1396736K), 0.0116940 secs] [Times: user=0.02 sys=0.00, real=0.01 secs] 
2834.741: [GC (Allocation Failure) [PSYoungGen: 331692K->186004K(465920K)] 1069480K->925174K(1396736K), 0.0205033 secs] [Times: user=0.03 sys=0.00, real=0.02 secs] 
2835.029: [GC (Allocation Failure) [PSYoungGen: 418964K->186004K(465920K)] 1158134K->925326K(1396736K), 0.0205981 secs] [Times: user=0.03 sys=0.00, real=0.02 secs] 
2836.136: [GC (Allocation Failure) [PSYoungGen: 418964K->11721K(465920K)] 1158286K->751437K(1396736K), 0.0042700 secs] [Times: user=0.02 sys=0.00, real=0.01 secs] 
2836.723: [GC (Allocation Failure) [PSYoungGen: 244681K->125080K(465920K)] 984397K->864983K(1396736K), 0.0143846 secs] [Times: user=0.03 sys=0.00, real=0.01 secs] 
2837.068: [GC (Allocation Failure) [PSYoungGen: 358040K->186004K(465920K)] 1097943K->927161K(1396736K), 0.0207074 secs] [Times: user=0.02 sys=0.00, real=0.02 secs] 
2837.588: [GC (Allocation Failure) [PSYoungGen: 418964K->172210K(465920K)] 1160121K->913648K(1396736K), 0.0207038 secs] [Times: user=0.03 sys=0.00, real=0.02 secs] 
2839.586: [GC (Allocation Failure) [PSYoungGen: 405170K->160K(465920K)] 1146608K->743031K(1396736K), 0.0058704 secs] [Times: user=0.02 sys=0.01, real=0.01 secs] 
2840.263: [GC (Allocation Failure) [PSYoungGen: 233079K->148085K(465920K)] 975951K->890981K(1396736K), 0.0166837 secs] [Times: user=0.03 sys=0.00, real=0.01 secs] 
2840.542: [GC (Allocation Failure) [PSYoungGen: 381045K->184494K(465920K)] 1123941K->928643K(1396736K), 0.0205262 secs] [Times: user=0.02 sys=0.00, real=0.02 secs] 
2841.524: [GC (Allocation Failure) [PSYoungGen: 417454K->157915K(465920K)] 1161603K->902466K(1396736K), 0.0325933 secs] [Times: user=0.06 sys=0.00, real=0.03 secs] 
2843.805: [GC (Allocation Failure) [PSYoungGen: 390875K->96K(465920K)] 1135426K->745962K(1396736K), 0.0041223 secs] [Times: user=0.02 sys=0.00, real=0.00 secs] 
2844.401: [GC (Allocation Failure) [PSYoungGen: 233056K->170223K(465920K)] 978922K->916113K(1396736K), 0.0188169 secs] [Times: user=0.02 sys=0.00, real=0.01 secs] 
2844.763: [GC (Allocation Failure) [PSYoungGen: 403183K->184333K(465920K)] 1149073K->931605K(1396736K), 0.0204029 secs] [Times: user=0.02 sys=0.00, real=0.02 secs] 
2846.327: [GC (Allocation Failure) [PSYoungGen: 409808K->135954K(465920K)] 1157080K->883378K(1396736K), 0.0391714 secs] [Times: user=0.07 sys=0.00, real=0.04 secs] 
2848.057: [GC (Allocation Failure) [PSYoungGen: 368914K->1730K(465920K)] 1116338K->749462K(1396736K), 0.0027669 secs] [Times: user=0.02 sys=0.00, real=0.00 secs] 
2848.350: [GC (Allocation Failure) [PSYoungGen: 234690K->184590K(465920K)] 982422K->933576K(1396736K), 0.0206594 secs] [Times: user=0.03 sys=0.00, real=0.02 secs] 
2848.689: [GC (Allocation Failure) [PSYoungGen: 417550K->184623K(465920K)] 1166536K->933882K(1396736K), 0.0208293 secs] [Times: user=0.03 sys=0.00, real=0.02 secs] 
2849.259: [GC (Allocation Failure) [PSYoungGen: 417583K->127807K(465920K)] 1166842K->877339K(1396736K), 0.0166949 secs] [Times: user=0.04 sys=0.00, real=0.02 secs] 
2850.185: [GC (Allocation Failure) [PSYoungGen: 360767K->25217K(465920K)] 1110299K->775065K(1396736K), 0.0045359 secs] [Times: user=0.01 sys=0.00, real=0.00 secs] 
2850.513: [GC (Allocation Failure) [PSYoungGen: 258177K->184205K(465920K)] 1008025K->935314K(1396736K), 0.0202810 secs] [Times: user=0.03 sys=0.00, real=0.02 secs] 
2850.859: [GC (Allocation Failure) [PSYoungGen: 417165K->184430K(465920K)] 1168274K->935820K(1396736K), 0.0204644 secs] [Times: user=0.03 sys=0.01, real=0.02 secs] 
2852.058: [GC (Allocation Failure) [PSYoungGen: 417390K->105010K(465920K)] 1168780K->856666K(1396736K), 0.0193041 secs] [Times: user=0.04 sys=0.00, real=0.02 secs] 
2853.612: [GC (Allocation Failure) [PSYoungGen: 337970K->47513K(465920K)] 1089626K->799470K(1396736K), 0.0078132 secs] [Times: user=0.02 sys=0.00, real=0.01 secs] 
2853.898: [GC (Allocation Failure) [PSYoungGen: 280473K->185008K(465920K)] 1032430K->938219K(1396736K), 0.0204167 secs] [Times: user=0.02 sys=0.00, real=0.02 secs] 
2854.181: [GC (Allocation Failure) [PSYoungGen: 417968K->184333K(465920K)] 1171179K->937825K(1396736K), 0.0205518 secs] [Times: user=0.03 sys=0.00, real=0.02 secs] 
2855.569: [GC (Allocation Failure) [PSYoungGen: 417293K->65573K(465920K)] 1170785K->819458K(1396736K), 0.0153403 secs] [Times: user=0.03 sys=0.00, real=0.02 secs] 
2856.902: [GC (Allocation Failure) [PSYoungGen: 298533K->70265K(465920K)] 1052418K->824329K(1396736K), 0.0102829 secs] [Times: user=0.02 sys=0.00, real=0.01 secs] 
2857.258: [GC (Allocation Failure) [PSYoungGen: 303225K->186518K(465920K)] 1057289K->941836K(1396736K), 0.0208242 secs] [Times: user=0.03 sys=0.00, real=0.02 secs] 
2857.585: [GC (Allocation Failure) [PSYoungGen: 419478K->186164K(465920K)] 1174796K->941764K(1396736K), 0.0207198 secs] [Times: user=0.03 sys=0.00, real=0.02 secs] 
2860.355: [GC (Allocation Failure) [PSYoungGen: 419124K->39482K(465920K)] 1174724K->795347K(1396736K), 0.0125472 secs] [Times: user=0.04 sys=0.00, real=0.01 secs] 
2861.375: [GC (Allocation Failure) [PSYoungGen: 272442K->96834K(465920K)] 1028307K->853008K(1396736K), 0.0115237 secs] [Times: user=0.02 sys=0.00, real=0.01 secs] 
2861.651: [GC (Allocation Failure) [PSYoungGen: 329794K->186004K(465920K)] 1085968K->943432K(1396736K), 0.0207055 secs] [Times: user=0.03 sys=0.00, real=0.02 secs] 
2861.936: [GC (Allocation Failure) [PSYoungGen: 418964K->185940K(465920K)] 1176392K->943641K(1396736K), 0.0205755 secs] [Times: user=0.03 sys=0.00, real=0.02 secs] 
2863.511: [GC (Allocation Failure) [PSYoungGen: 418900K->13617K(465920K)] 1176601K->771583K(1396736K), 0.0046146 secs] [Times: user=0.01 sys=0.00, real=0.00 secs] 
2864.067: [GC (Allocation Failure) [PSYoungGen: 246577K->122927K(465920K)] 1004543K->881218K(1396736K), 0.0142491 secs] [Times: user=0.02 sys=0.00, real=0.02 secs] 
2864.406: [GC (Allocation Failure) [PSYoungGen: 355887K->186004K(465920K)] 1114178K->945549K(1396736K), 0.0208269 secs] [Times: user=0.02 sys=0.00, real=0.02 secs] 
2865.074: [GC (Allocation Failure) [PSYoungGen: 418964K->175403K(465920K)] 1178509K->935214K(1396736K), 0.0414500 secs] [Times: user=0.06 sys=0.00, real=0.04 secs] 
2867.865: [GC (Allocation Failure) [PSYoungGen: 408363K->64K(465920K)] 1168174K->761317K(1396736K), 0.0060053 secs] [Times: user=0.03 sys=0.00, real=0.01 secs] 
2868.754: [GC (Allocation Failure) [PSYoungGen: 233024K->147475K(465920K)] 994277K->908745K(1396736K), 0.0168823 secs] [Times: user=0.03 sys=0.00, real=0.02 secs] 
2869.040: [GC (Allocation Failure) [PSYoungGen: 380435K->186229K(465920K)] 1141705K->948752K(1396736K), 0.0205648 secs] [Times: user=0.03 sys=0.00, real=0.02 secs] 
2869.929: [GC (Allocation Failure) [PSYoungGen: 419189K->156758K(465920K)] 1181712K->919555K(1396736K), 0.0247710 secs] [Times: user=0.04 sys=0.00, real=0.03 secs] 
2871.001: [GC (Allocation Failure) [PSYoungGen: 389718K->96K(465920K)] 1152515K->764330K(1396736K), 0.0027476 secs] [Times: user=0.02 sys=0.00, real=0.00 secs] 
2871.412: [GC (Allocation Failure) [PSYoungGen: 233056K->173565K(465920K)] 997290K->937816K(1396736K), 0.0192577 secs] [Times: user=0.03 sys=0.00, real=0.02 secs] 
2871.754: [GC (Allocation Failure) [PSYoungGen: 406525K->186261K(465920K)] 1170776K->951757K(1396736K), 0.0207190 secs] [Times: user=0.02 sys=0.00, real=0.02 secs] 
2872.813: [GC (Allocation Failure) [PSYoungGen: 419221K->138828K(465920K)] 1184717K->904589K(1396736K), 0.0396882 secs] [Times: user=0.08 sys=0.00, real=0.04 secs] 
2875.167: [GC (Allocation Failure) [PSYoungGen: 371788K->14614K(465920K)] 1137549K->780683K(1396736K), 0.0060211 secs] [Times: user=0.02 sys=0.00, real=0.01 secs] 
2875.579: [GC (Allocation Failure) [PSYoungGen: 247574K->185843K(465920K)] 1013643K->953166K(1396736K), 0.0206182 secs] [Times: user=0.02 sys=0.00, real=0.03 secs] 
2875.930: [GC (Allocation Failure) [PSYoungGen: 418803K->184333K(465920K)] 1186126K->951929K(1396736K), 0.0204412 secs] [Times: user=0.02 sys=0.00, real=0.02 secs] 
2877.032: [GC (Allocation Failure) [PSYoungGen: 417293K->114039K(465920K)] 1184889K->881900K(1396736K), 0.0245978 secs] [Times: user=0.05 sys=0.00, real=0.02 secs] 
2878.687: [GC (Allocation Failure) [PSYoungGen: 346999K->38487K(465920K)] 1114860K->806656K(1396736K), 0.0099540 secs] [Times: user=0.02 sys=0.00, real=0.01 secs] 
2879.089: [GC (Allocation Failure) [PSYoungGen: 271447K->184462K(465920K)] 1039616K->953884K(1396736K), 0.0205532 secs] [Times: user=0.03 sys=0.00, real=0.03 secs] 
2879.375: [GC (Allocation Failure) [PSYoungGen: 417422K->184976K(465920K)] 1186844K->954671K(1396736K), 0.0204899 secs] [Times: user=0.03 sys=0.00, real=0.02 secs] 
2880.981: [GC (Allocation Failure) [PSYoungGen: 417936K->74457K(465920K)] 1187631K->844417K(1396736K), 0.0227867 secs] [Times: user=0.04 sys=0.00, real=0.02 secs] 
2882.522: [GC (Allocation Failure) [PSYoungGen: 307417K->61458K(465920K)] 1077377K->831733K(1396736K), 0.0093527 secs] [Times: user=0.02 sys=0.00, real=0.01 secs] 
2882.805: [GC (Allocation Failure) [PSYoungGen: 294418K->186389K(465920K)] 1064693K->957911K(1396736K), 0.0206492 secs] [Times: user=0.03 sys=0.00, real=0.02 secs] 
2883.091: [GC (Allocation Failure) [PSYoungGen: 419349K->186068K(465920K)] 1190871K->957871K(1396736K), 0.0205523 secs] [Times: user=0.02 sys=0.00, real=0.02 secs] 
2884.316: [GC (Allocation Failure) [PSYoungGen: 419028K->48527K(465920K)] 1190831K->820595K(1396736K), 0.0139294 secs] [Times: user=0.03 sys=0.00, real=0.02 secs] 
2885.453: [GC (Allocation Failure) [PSYoungGen: 281487K->88033K(465920K)] 1053555K->860424K(1396736K), 0.0106699 secs] [Times: user=0.01 sys=0.00, real=0.01 secs] 
2885.729: [GC (Allocation Failure) [PSYoungGen: 320993K->186004K(465920K)] 1093384K->959641K(1396736K), 0.0206355 secs] [Times: user=0.03 sys=0.00, real=0.02 secs] 
2886.014: [GC (Allocation Failure) [PSYoungGen: 418964K->186036K(465920K)] 1192601K->959954K(1396736K), 0.0206992 secs] [Times: user=0.03 sys=0.00, real=0.02 secs] 
2887.735: [GC (Allocation Failure) [PSYoungGen: 418996K->22357K(465920K)] 1192914K->796668K(1396736K), 0.0056763 secs] [Times: user=0.02 sys=0.00, real=0.01 secs] 
2888.490: [GC (Allocation Failure) [PSYoungGen: 255317K->113706K(465920K)] 1029628K->888180K(1396736K), 0.0165696 secs] [Times: user=0.03 sys=0.00, real=0.01 secs] 
2888.825: [GC (Allocation Failure) [PSYoungGen: 346666K->186036K(465920K)] 1121140K->961764K(1396736K), 0.0205703 secs] [Times: user=0.03 sys=0.00, real=0.02 secs] 
2889.106: [GC (Allocation Failure) [PSYoungGen: 418996K->182433K(465920K)] 1194724K->958442K(1396736K), 0.0201184 secs] [Times: user=0.03 sys=0.00, real=0.02 secs] 
2891.358: [GC (Allocation Failure) [PSYoungGen: 415393K->160K(465920K)] 1191402K->777562K(1396736K), 0.0040033 secs] [Times: user=0.02 sys=0.00, real=0.01 secs] 
2892.422: [GC (Allocation Failure) [PSYoungGen: 233120K->135776K(465920K)] 1010522K->913243K(1396736K), 0.0154035 secs] [Times: user=0.02 sys=0.00, real=0.01 secs] 
2892.700: [GC (Allocation Failure) [PSYoungGen: 368736K->184333K(465920K)] 1146203K->963054K(1396736K), 0.0202749 secs] [Times: user=0.03 sys=0.00, real=0.02 secs] 
2893.261: [GC (Allocation Failure) [PSYoungGen: 417293K->166286K(465920K)] 1196014K->945280K(1396736K), 0.0206975 secs] [Times: user=0.03 sys=0.00, real=0.02 secs] 
2894.380: [GC (Allocation Failure) [PSYoungGen: 399246K->128K(465920K)] 1178240K->780565K(1396736K), 0.0028013 secs] [Times: user=0.02 sys=0.00, real=0.01 secs] 
2894.799: [GC (Allocation Failure) [PSYoungGen: 233088K->158207K(465920K)] 1013525K->938660K(1396736K), 0.0177451 secs] [Times: user=0.03 sys=0.00, real=0.02 secs] 
2895.085: [GC (Allocation Failure) [PSYoungGen: 391167K->184462K(465920K)] 1171620K->966161K(1396736K), 0.0203162 secs] [Times: user=0.03 sys=0.00, real=0.02 secs] 
2895.745: [GC (Allocation Failure) [PSYoungGen: 417422K->147762K(465920K)] 1199121K->929742K(1396736K), 0.0175081 secs] [Times: user=0.03 sys=0.00, real=0.02 secs] 
2897.021: [GC (Allocation Failure) [PSYoungGen: 380722K->64K(465920K)] 1162702K->783482K(1396736K), 0.0028153 secs] [Times: user=0.01 sys=0.00, real=0.00 secs] 
2897.372: [GC (Allocation Failure) [PSYoungGen: 233024K->180377K(465920K)] 1016442K->963819K(1396736K), 0.0200755 secs] [Times: user=0.03 sys=0.00, real=0.02 secs] 
2897.653: [GC (Allocation Failure) [PSYoungGen: 413337K->184076K(465920K)] 1196779K->968772K(1396736K), 0.0203935 secs] [Times: user=0.03 sys=0.00, real=0.02 secs] 
2898.454: [GC (Allocation Failure) [PSYoungGen: 417036K->134201K(465920K)] 1201732K->919170K(1396736K), 0.0166859 secs] [Times: user=0.03 sys=0.00, real=0.02 secs] 
2899.830: [GC (Allocation Failure) [PSYoungGen: 367161K->18405K(465920K)] 1152130K->803698K(1396736K), 0.0044229 secs] [Times: user=0.02 sys=0.00, real=0.00 secs] 
2900.104: [GC (Allocation Failure) [PSYoungGen: 251365K->186197K(465920K)] 1036658K->972880K(1396736K), 0.0206530 secs] [Times: user=0.02 sys=0.00, real=0.02 secs] 
2900.389: [GC (Allocation Failure) [PSYoungGen: 419157K->186004K(465920K)] 1205840K->972839K(1396736K), 0.0206124 secs] [Times: user=0.03 sys=0.00, real=0.02 secs] 
2901.696: [GC (Allocation Failure) [PSYoungGen: 418964K->108256K(465920K)] 1205799K->895356K(1396736K), 0.0156882 secs] [Times: user=0.04 sys=0.00, real=0.02 secs] 
2903.844: [GC (Allocation Failure) [PSYoungGen: 341216K->44206K(465920K)] 1128316K->831614K(1396736K), 0.0077925 secs] [Times: user=0.02 sys=0.00, real=0.01 secs] 
2904.139: [GC (Allocation Failure) [PSYoungGen: 277166K->186132K(465920K)] 1064574K->974794K(1396736K), 0.0207575 secs] [Times: user=0.03 sys=0.00, real=0.02 secs] 
2904.429: [GC (Allocation Failure) [PSYoungGen: 419092K->186004K(465920K)] 1207754K->975075K(1396736K), 0.0207337 secs] [Times: user=0.03 sys=0.00, real=0.03 secs] 
2906.568: [GC (Allocation Failure) [PSYoungGen: 418964K->66135K(465920K)] 1208035K->855471K(1396736K), 0.0147135 secs] [Times: user=0.03 sys=0.00, real=0.02 secs] 
2908.634: [GC (Allocation Failure) [PSYoungGen: 299095K->69783K(465920K)] 1088431K->859306K(1396736K), 0.0106538 secs] [Times: user=0.02 sys=0.00, real=0.01 secs] 
2908.983: [GC (Allocation Failure) [PSYoungGen: 302743K->185843K(465920K)] 1092266K->976612K(1396736K), 0.0243879 secs] [Times: user=0.04 sys=0.00, real=0.02 secs] 
2909.334: [GC (Allocation Failure) [PSYoungGen: 418803K->184430K(465920K)] 1209572K->975480K(1396736K), 0.0204255 secs] [Times: user=0.03 sys=0.00, real=0.02 secs] 
2910.129: [GC (Allocation Failure) [PSYoungGen: 417390K->42310K(465920K)] 1208440K->833625K(1396736K), 0.0078042 secs] [Times: user=0.02 sys=0.00, real=0.01 secs] 
2910.767: [GC (Allocation Failure) [PSYoungGen: 275244K->94006K(465920K)] 1066559K->885629K(1396736K), 0.0114879 secs] [Times: user=0.02 sys=0.00, real=0.01 secs] 
2911.040: [GC (Allocation Failure) [PSYoungGen: 326966K->184044K(465920K)] 1118589K->976920K(1396736K), 0.0204596 secs] [Times: user=0.03 sys=0.00, real=0.03 secs] 
2911.386: [GC (Allocation Failure) [PSYoungGen: 417004K->184398K(465920K)] 1209880K->977547K(1396736K), 0.0204373 secs] [Times: user=0.03 sys=0.00, real=0.02 secs] 
2912.280: [GC (Allocation Failure) [PSYoungGen: 417358K->19963K(465920K)] 1210507K->813377K(1396736K), 0.0049296 secs] [Times: user=0.02 sys=0.00, real=0.00 secs] 
2912.848: [GC (Allocation Failure) [PSYoungGen: 252923K->116755K(465920K)] 1046337K->910477K(1396736K), 0.0135231 secs] [Times: user=0.02 sys=0.00, real=0.02 secs] 
2913.125: [GC (Allocation Failure) [PSYoungGen: 349715K->184462K(465920K)] 1143437K->979438K(1396736K), 0.0204069 secs] [Times: user=0.03 sys=0.00, real=0.02 secs] 
2913.477: [GC (Allocation Failure) [PSYoungGen: 417422K->181627K(465920K)] 1212398K->976868K(1396736K), 0.0217454 secs] [Times: user=0.03 sys=0.00, real=0.02 secs] 
2915.795: [GC (Allocation Failure) [PSYoungGen: 414587K->128K(465920K)] 1209828K->796814K(1396736K), 0.0037771 secs] [Times: user=0.01 sys=0.00, real=0.00 secs] 
2916.622: [GC (Allocation Failure) [PSYoungGen: 233088K->138703K(465920K)] 1029774K->935414K(1396736K), 0.0158410 secs] [Times: user=0.03 sys=0.00, real=0.01 secs] 
2916.960: [GC (Allocation Failure) [PSYoungGen: 371663K->184333K(465920K)] 1168374K->982426K(1396736K), 0.0205778 secs] [Times: user=0.03 sys=0.00, real=0.02 secs] 
2917.537: [GC (Allocation Failure) [PSYoungGen: 417293K->163346K(465920K)] 1215386K->961704K(1396736K), 0.0235853 secs] [Times: user=0.04 sys=0.00, real=0.03 secs] 
2919.693: [GC (Allocation Failure) [PSYoungGen: 396306K->128K(465920K)] 1194664K->799815K(1396736K), 0.0035010 secs] [Times: user=0.02 sys=0.00, real=0.00 secs] 
2920.334: [GC (Allocation Failure) [PSYoungGen: 233088K->161095K(465920K)] 1032775K->960815K(1396736K), 0.0181963 secs] [Times: user=0.03 sys=0.00, real=0.02 secs] 
2920.679: [GC (Allocation Failure) [PSYoungGen: 394055K->184590K(465920K)] 1193775K->985563K(1396736K), 0.0207303 secs] [Times: user=0.03 sys=0.00, real=0.03 secs] 
2921.150: [GC (Allocation Failure) [PSYoungGen: 417550K->144774K(465920K)] 1218523K->946020K(1396736K), 0.0202038 secs] [Times: user=0.04 sys=0.00, real=0.03 secs] 
2922.102: [GC (Allocation Failure) [PSYoungGen: 377734K->96K(465920K)] 1178980K->802785K(1396736K), 0.0030224 secs] [Times: user=0.01 sys=0.00, real=0.00 secs] 
2922.419: [GC (Allocation Failure) [PSYoungGen: 233056K->183975K(465920K)] 1035745K->986689K(1396736K), 0.0203796 secs] [Times: user=0.03 sys=0.00, real=0.02 secs] 
2922.765: [GC (Allocation Failure) [PSYoungGen: 416935K->184430K(465920K)] 1219649K->988397K(1396736K), 0.0207044 secs] [Times: user=0.03 sys=0.00, real=0.02 secs] 
2924.102: [GC (Allocation Failure) [PSYoungGen: 417390K->130249K(465920K)] 1221357K->934490K(1396736K), 0.0386854 secs] [Times: user=0.08 sys=0.00, real=0.04 secs] 
2926.270: [GC (Allocation Failure) [PSYoungGen: 363209K->21908K(465920K)] 1167450K->826464K(1396736K), 0.0055555 secs] [Times: user=0.02 sys=0.00, real=0.00 secs] 
2926.560: [GC (Allocation Failure) [PSYoungGen: 254868K->184430K(465920K)] 1059424K->990240K(1396736K), 0.0205563 secs] [Times: user=0.02 sys=0.01, real=0.03 secs] 
2926.848: [GC (Allocation Failure) [PSYoungGen: 417390K->184269K(465920K)] 1223200K->990489K(1396736K), 0.0204673 secs] [Times: user=0.03 sys=0.00, real=0.02 secs] 
2927.538: [GC (Allocation Failure) [PSYoungGen: 417229K->108111K(465920K)] 1223449K->914467K(1396736K), 0.0137256 secs] [Times: user=0.03 sys=0.00, real=0.02 secs] 
2928.417: [GC (Allocation Failure) [PSYoungGen: 341071K->44849K(465920K)] 1147427K->851521K(1396736K), 0.0063793 secs] [Times: user=0.01 sys=0.00, real=0.01 secs] 
2928.686: [GC (Allocation Failure) [PSYoungGen: 277809K->183916K(465920K)] 1084481K->991841K(1396736K), 0.0205691 secs] [Times: user=0.03 sys=0.00, real=0.02 secs] 
2928.973: [GC (Allocation Failure) [PSYoungGen: 416876K->184590K(465920K)] 1224801K->992797K(1396736K), 0.0208011 secs] [Times: user=0.03 sys=0.00, real=0.02 secs] 
2931.837: [GC (Allocation Failure) [PSYoungGen: 417550K->69059K(465920K)] 1225757K->877530K(1396736K), 0.0216622 secs] [Times: user=0.05 sys=0.00, real=0.02 secs] 
2933.163: [GC (Allocation Failure) [PSYoungGen: 302019K->66698K(465920K)] 1110490K->875485K(1396736K), 0.0105153 secs] [Times: user=0.02 sys=0.00, real=0.01 secs] 
2933.462: [GC (Allocation Failure) [PSYoungGen: 299658K->186357K(465920K)] 1108445K->996398K(1396736K), 0.0208298 secs] [Times: user=0.03 sys=0.00, real=0.02 secs] 
2933.751: [GC (Allocation Failure) [PSYoungGen: 419317K->184783K(465920K)] 1229358K->995105K(1396736K), 0.0209871 secs] [Times: user=0.03 sys=0.01, real=0.02 secs] 
2935.296: [GC (Allocation Failure) [PSYoungGen: 417743K->44527K(465920K)] 1228065K->855114K(1396736K), 0.0091632 secs] [Times: user=0.02 sys=0.00, real=0.01 secs] 
2936.647: [GC (Allocation Failure) [PSYoungGen: 277487K->92692K(465920K)] 1088074K->903594K(1396736K), 0.0112172 secs] [Times: user=0.02 sys=0.00, real=0.01 secs] 
2936.982: [GC (Allocation Failure) [PSYoungGen: 325652K->185972K(465920K)] 1136554K->998128K(1396736K), 0.0205081 secs] [Times: user=0.02 sys=0.00, real=0.02 secs] 
2937.269: [GC (Allocation Failure) [PSYoungGen: 418932K->184558K(465920K)] 1231088K->996995K(1396736K), 0.0204936 secs] [Times: user=0.03 sys=0.00, real=0.02 secs] 
2938.146: [GC (Allocation Failure) [PSYoungGen: 417518K->19208K(465920K)] 1229955K->831910K(1396736K), 0.0062198 secs] [Times: user=0.02 sys=0.00, real=0.01 secs] 
2938.722: [GC (Allocation Failure) [PSYoungGen: 252168K->118653K(465920K)] 1064870K->931679K(1396736K), 0.0138406 secs] [Times: user=0.02 sys=0.00, real=0.01 secs] 
2939.003: [GC (Allocation Failure) [PSYoungGen: 351613K->184687K(465920K)] 1164639K->998966K(1396736K), 0.0204417 secs] [Times: user=0.03 sys=0.00, real=0.02 secs] 
2939.336: [GC (Allocation Failure) [PSYoungGen: 417647K->179954K(465920K)] 1231926K->994515K(1396736K), 0.0217923 secs] [Times: user=0.03 sys=0.00, real=0.02 secs] 
2940.260: [GC (Allocation Failure) [PSYoungGen: 412914K->160K(465920K)] 1227475K->816168K(1396736K), 0.0030635 secs] [Times: user=0.01 sys=0.00, real=0.00 secs] 
2940.813: [GC (Allocation Failure) [PSYoungGen: 233120K->142302K(465920K)] 1049128K->958342K(1396736K), 0.0161840 secs] [Times: user=0.02 sys=0.00, real=0.01 secs] 
2941.093: [GC (Allocation Failure) [PSYoungGen: 375262K->186229K(465920K)] 1191302K->1003515K(1396736K), 0.0207309 secs] [Times: user=0.03 sys=0.00, real=0.02 secs] 
2941.508: [GC (Allocation Failure) [PSYoungGen: 419189K->161867K(465920K)] 1236475K->979418K(1396736K), 0.0265006 secs] [Times: user=0.04 sys=0.00, real=0.03 secs] 
2943.029: [GC (Allocation Failure) [PSYoungGen: 394827K->64K(465920K)] 1212378K->819050K(1396736K), 0.0041617 secs] [Times: user=0.02 sys=0.00, real=0.01 secs] 
2943.604: [GC (Allocation Failure) [PSYoungGen: 233024K->168103K(465920K)] 1052010K->987106K(1396736K), 0.0188914 secs] [Times: user=0.03 sys=0.00, real=0.02 secs] 
2943.946: [GC (Allocation Failure) [PSYoungGen: 401063K->184590K(465920K)] 1220066K->1004847K(1396736K), 0.0208246 secs] [Times: user=0.03 sys=0.00, real=0.02 secs] 
2944.622: [GC (Allocation Failure) [PSYoungGen: 411584K->137753K(465920K)] 1231840K->958274K(1396736K), 0.0200751 secs] [Times: user=0.03 sys=0.00, real=0.02 secs] 
2945.702: [GC (Allocation Failure) [PSYoungGen: 370713K->1730K(465920K)] 1191234K->822567K(1396736K), 0.0029659 secs] [Times: user=0.01 sys=0.00, real=0.00 secs] 
2945.994: [GC (Allocation Failure) [PSYoungGen: 234690K->184205K(465920K)] 1055527K->1006295K(1396736K), 0.0204827 secs] [Times: user=0.03 sys=0.00, real=0.02 secs] 
2946.279: [GC (Allocation Failure) [PSYoungGen: 417165K->184526K(465920K)] 1239255K->1006898K(1396736K), 0.0204408 secs] [Times: user=0.03 sys=0.00, real=0.02 secs] 
2946.822: [GC (Allocation Failure) [PSYoungGen: 417486K->128321K(465920K)] 1239858K->950966K(1396736K), 0.0152025 secs] [Times: user=0.03 sys=0.00, real=0.01 secs] 
2948.435: [GC (Allocation Failure) [PSYoungGen: 361281K->24221K(465920K)] 1183926K->847182K(1396736K), 0.0074474 secs] [Times: user=0.03 sys=0.00, real=0.01 secs] 
2948.772: [GC (Allocation Failure) [PSYoungGen: 257181K->186357K(465920K)] 1080142K->1010692K(1396736K), 0.0209702 secs] [Times: user=0.03 sys=0.00, real=0.02 secs] 
2949.115: [GC (Allocation Failure) [PSYoungGen: 419317K->184783K(465920K)] 1243652K->1009270K(1396736K), 0.0205225 secs] [Times: user=0.03 sys=0.00, real=0.02 secs] 
2950.247: [GC (Allocation Failure) [PSYoungGen: 417743K->103340K(465920K)] 1242230K->928092K(1396736K), 0.0182682 secs] [Times: user=0.04 sys=0.00, real=0.02 secs] 
2952.082: [GC (Allocation Failure) [PSYoungGen: 336300K->48801K(465920K)] 1161052K->873867K(1396736K), 0.0087476 secs] [Times: user=0.02 sys=0.00, real=0.01 secs] 
2952.380: [GC (Allocation Failure) [PSYoungGen: 281761K->186357K(465920K)] 1106827K->1012806K(1396736K), 0.0209312 secs] [Times: user=0.03 sys=0.00, real=0.02 secs] 
2952.728: [GC (Allocation Failure) [PSYoungGen: 419317K->185972K(465920K)] 1245766K->1012701K(1396736K), 0.0206349 secs] [Times: user=0.03 sys=0.00, real=0.02 secs] 
2954.052: [GC (Allocation Failure) [PSYoungGen: 418932K->61251K(465920K)] 1245661K->888125K(1396736K), 0.0127934 secs] [Times: user=0.03 sys=0.00, real=0.01 secs] 
2955.324: [GC (Allocation Failure) [PSYoungGen: 294211K->74538K(465920K)] 1121085K->901727K(1396736K), 0.0093718 secs] [Times: user=0.02 sys=0.00, real=0.01 secs] 
2955.674: [GC (Allocation Failure) [PSYoungGen: 307498K->186389K(465920K)] 1134687K->1014961K(1396736K), 0.0208328 secs] [Times: user=0.03 sys=0.00, real=0.02 secs] 
2955.961: [GC (Allocation Failure) [PSYoungGen: 419349K->186132K(465920K)] 1247921K->1014856K(1396736K), 0.0209570 secs] [Times: user=0.03 sys=0.00, real=0.02 secs] 
2957.515: [GC (Allocation Failure) [PSYoungGen: 419092K->35370K(465920K)] 1247816K->864487K(1396736K), 0.0094120 secs] [Times: user=0.03 sys=0.00, real=0.01 secs] 
2958.670: [GC (Allocation Failure) [PSYoungGen: 268330K->100917K(465920K)] 1097447K->930220K(1396736K), 0.0120907 secs] [Times: user=0.03 sys=0.00, real=0.01 secs] 
2958.947: [GC (Allocation Failure) [PSYoungGen: 333877K->184687K(465920K)] 1163180K->1015243K(1396736K), 0.0209835 secs] [Times: user=0.03 sys=0.00, real=0.02 secs] 
2959.290: [GC (Allocation Failure) [PSYoungGen: 417647K->184076K(465920K)] 1248203K->1014914K(1396736K), 0.0206056 secs] [Times: user=0.03 sys=0.00, real=0.03 secs] 
2960.314: [GC (Allocation Failure) [PSYoungGen: 417036K->12782K(465920K)] 1247874K->843884K(1396736K), 0.0077458 secs] [Times: user=0.02 sys=0.00, real=0.01 secs] 
2960.891: [GC (Allocation Failure) [PSYoungGen: 245742K->123794K(465920K)] 1076844K->955215K(1396736K), 0.0142772 secs] [Times: user=0.02 sys=0.00, real=0.01 secs] 
2961.167: [GC (Allocation Failure) [PSYoungGen: 356754K->184430K(465920K)] 1188175K->1017095K(1396736K), 0.0203059 secs] [Times: user=0.03 sys=0.00, real=0.02 secs] 
2961.644: [GC (Allocation Failure) [PSYoungGen: 417390K->175038K(465920K)] 1250055K->1007977K(1396736K), 0.0259151 secs] [Times: user=0.04 sys=0.00, real=0.02 secs] 
2963.802: [GC (Allocation Failure) [PSYoungGen: 407998K->128K(465920K)] 1240937K->834512K(1396736K), 0.0059670 secs] [Times: user=0.03 sys=0.00, real=0.00 secs] 
2964.956: [GC (Allocation Failure) [PSYoungGen: 233088K->145258K(465920K)] 1067472K->979658K(1396736K), 0.0166373 secs] [Times: user=0.03 sys=0.00, real=0.02 secs] 
2965.297: [GC (Allocation Failure) [PSYoungGen: 378218K->184879K(465920K)] 1212618K->1020533K(1396736K), 0.0205290 secs] [Times: user=0.03 sys=0.00, real=0.02 secs] 
2966.216: [GC (Allocation Failure) [PSYoungGen: 417839K->160341K(465920K)] 1253493K->996389K(1396736K), 0.0280966 secs] [Times: user=0.04 sys=0.00, real=0.03 secs] 
2968.139: [GC (Allocation Failure) [PSYoungGen: 393301K->96K(465920K)] 1229349K->837461K(1396736K), 0.0029952 secs] [Times: user=0.02 sys=0.00, real=0.01 secs] 
2968.589: [GC (Allocation Failure) [PSYoungGen: 233056K->167875K(465920K)] 1070421K->1005256K(1396736K), 0.0187884 secs] [Times: user=0.02 sys=0.00, real=0.02 secs] 
2968.870: [GC (Allocation Failure) [PSYoungGen: 400835K->184173K(465920K)] 1238216K->1022808K(1396736K), 0.0206414 secs] [Times: user=0.03 sys=0.00, real=0.02 secs] 
2969.732: [GC (Allocation Failure) [PSYoungGen: 414003K->138396K(465920K)] 1252638K->977296K(1396736K), 0.0184753 secs] [Times: user=0.03 sys=0.00, real=0.02 secs] 
2972.525: [GC (Allocation Failure) [PSYoungGen: 371356K->1152K(465920K)] 1210256K->840375K(1396736K), 0.0060999 secs] [Times: user=0.03 sys=0.00, real=0.01 secs] 
2972.902: [GC (Allocation Failure) [PSYoungGen: 234112K->184462K(465920K)] 1073335K->1024770K(1396736K), 0.0205858 secs] [Times: user=0.03 sys=0.00, real=0.02 secs] 
2973.193: [GC (Allocation Failure) [PSYoungGen: 417422K->184301K(465920K)] 1257730K->1024786K(1396736K), 0.0204056 secs] [Times: user=0.03 sys=0.00, real=0.02 secs] 
2974.554: [GC (Allocation Failure) [PSYoungGen: 417261K->128771K(465920K)] 1257746K->969522K(1396736K), 0.0294759 secs] [Times: user=0.05 sys=0.00, real=0.03 secs] 
2975.742: [GC (Allocation Failure) [PSYoungGen: 361731K->24125K(465920K)] 1202482K->865185K(1396736K), 0.0046484 secs] [Times: user=0.02 sys=0.00, real=0.00 secs] 
2976.067: [GC (Allocation Failure) [PSYoungGen: 257085K->184976K(465920K)] 1098145K->1027289K(1396736K), 0.0207752 secs] [Times: user=0.03 sys=0.00, real=0.02 secs] 
2976.352: [GC (Allocation Failure) [PSYoungGen: 417936K->184141K(465920K)] 1260249K->1026864K(1396736K), 0.0207183 secs] [Times: user=0.03 sys=0.00, real=0.02 secs] 
2977.393: [GC (Allocation Failure) [PSYoungGen: 417101K->105509K(465920K)] 1259824K->948376K(1396736K), 0.0180227 secs] [Times: user=0.03 sys=0.00, real=0.02 secs] 
2978.231: [GC (Allocation Failure) [PSYoungGen: 338469K->47291K(465920K)] 1181336K->890458K(1396736K), 0.0068981 secs] [Times: user=0.01 sys=0.00, real=0.00 secs] 
2978.569: [GC (Allocation Failure) [PSYoungGen: 280251K->184976K(465920K)] 1123418K->1029397K(1396736K), 0.0206406 secs] [Times: user=0.03 sys=0.00, real=0.02 secs] 
2978.851: [GC (Allocation Failure) [PSYoungGen: 417936K->184173K(465920K)] 1262357K->1028875K(1396736K), 0.0211167 secs] [Times: user=0.03 sys=0.01, real=0.02 secs] 
2980.208: [GC (Allocation Failure) [PSYoungGen: 417133K->65974K(465920K)] 1261835K->910941K(1396736K), 0.0115466 secs] [Times: user=0.02 sys=0.01, real=0.01 secs] 
2981.381: [GC (Allocation Failure) [PSYoungGen: 298934K->70040K(465920K)] 1143901K->915317K(1396736K), 0.0091096 secs] [Times: user=0.02 sys=0.00, real=0.01 secs] 
2981.653: [GC (Allocation Failure) [PSYoungGen: 303000K->184847K(465920K)] 1148277K->1031378K(1396736K), 0.0207610 secs] [Times: user=0.03 sys=0.00, real=0.02 secs] 
2981.935: [GC (Allocation Failure) [PSYoungGen: 417807K->183884K(465920K)] 1264338K->1030695K(1396736K), 0.0205743 secs] [Times: user=0.03 sys=0.00, real=0.02 secs] 
2983.858: [GC (Allocation Failure) [PSYoungGen: 416844K->43595K(465920K)] 1263655K->890672K(1396736K), 0.0092217 secs] [Times: user=0.02 sys=0.00, real=0.01 secs] 
2984.621: [GC (Allocation Failure) [PSYoungGen: 276555K->92178K(465920K)] 1123632K->939564K(1396736K), 0.0112119 secs] [Times: user=0.02 sys=0.00, real=0.01 secs] 
2984.956: [GC (Allocation Failure) [PSYoungGen: 325138K->184076K(465920K)] 1172524K->1032716K(1396736K), 0.0205174 secs] [Times: user=0.03 sys=0.00, real=0.02 secs] 
2985.238: [GC (Allocation Failure) [PSYoungGen: 417036K->184012K(465920K)] 1265676K->1032933K(1396736K), 0.0205078 secs] [Times: user=0.03 sys=0.00, real=0.02 secs] 
2986.658: [GC (Allocation Failure) [PSYoungGen: 416972K->22164K(465920K)] 1265893K->871479K(1396736K), 0.0057528 secs] [Times: user=0.01 sys=0.01, real=0.01 secs] 
2987.226: [GC (Allocation Failure) [PSYoungGen: 255124K->113927K(465920K)] 1104439K->963432K(1396736K), 0.0133680 secs] [Times: user=0.02 sys=0.00, real=0.01 secs] 
2987.550: [GC (Allocation Failure) [PSYoungGen: 346887K->184205K(465920K)] 1196392K->1035091K(1396736K), 0.0207367 secs] [Times: user=0.03 sys=0.00, real=0.02 secs] 
2987.892: [GC (Allocation Failure) [PSYoungGen: 417165K->182887K(465920K)] 1268051K->1033926K(1396736K), 0.0205834 secs] [Times: user=0.03 sys=0.00, real=0.02 secs] 
2990.760: [GC (Allocation Failure) [PSYoungGen: 415847K->1408K(465920K)] 1266886K->852599K(1396736K), 0.0063312 secs] [Times: user=0.03 sys=0.00, real=0.01 secs] 
2991.919: [GC (Allocation Failure) [PSYoungGen: 234368K->135136K(465920K)] 1085559K->986515K(1396736K), 0.0154920 secs] [Times: user=0.03 sys=0.00, real=0.02 secs] 
2992.198: [GC (Allocation Failure) [PSYoungGen: 368096K->184558K(465920K)] 1219475K->1037191K(1396736K), 0.0207278 secs] [Times: user=0.03 sys=0.00, real=0.02 secs] 
2992.614: [GC (Allocation Failure) [PSYoungGen: 417518K->166671K(465920K)] 1270151K->1019697K(1396736K), 0.0209607 secs] [Times: user=0.03 sys=0.00, real=0.02 secs] 
2994.540: [GC (Allocation Failure) [PSYoungGen: 399631K->96K(465920K)] 1252657K->854432K(1396736K), 0.0068804 secs] [Times: user=0.03 sys=0.00, real=0.00 secs] 
2995.375: [GC (Allocation Failure) [PSYoungGen: 233056K->157596K(465920K)] 1087392K->1011956K(1396736K), 0.0177442 secs] [Times: user=0.03 sys=0.00, real=0.02 secs] 
2995.710: [GC (Allocation Failure) [PSYoungGen: 390556K->184462K(465920K)] 1244916K->1040075K(1396736K), 0.0205035 secs] [Times: user=0.03 sys=0.00, real=0.02 secs] 
2996.174: [GC (Allocation Failure) [PSYoungGen: 417422K->148372K(465920K)] 1273035K->1004267K(1396736K), 0.0188475 secs] [Times: user=0.03 sys=0.00, real=0.02 secs] 
2997.125: [GC (Allocation Failure) [PSYoungGen: 381332K->128K(465920K)] 1237227K->857474K(1396736K), 0.0032005 secs] [Times: user=0.01 sys=0.00, real=0.00 secs] 
2997.492: [GC (Allocation Failure) [PSYoungGen: 233088K->180441K(465920K)] 1090434K->1037803K(1396736K), 0.0201230 secs] [Times: user=0.03 sys=0.00, real=0.02 secs] 
2997.774: [GC (Allocation Failure) [PSYoungGen: 413401K->184076K(465920K)] 1270763K->1042692K(1396736K), 0.0205055 secs] [Times: user=0.03 sys=0.00, real=0.02 secs] 
2998.296: [GC (Allocation Failure) [PSYoungGen: 417036K->134201K(465920K)] 1275652K->993082K(1396736K), 0.0163497 secs] [Times: user=0.03 sys=0.00, real=0.02 secs] 
2999.324: [GC (Allocation Failure) [PSYoungGen: 367161K->18756K(465920K)] 1226042K->877953K(1396736K), 0.0048995 secs] [Times: user=0.01 sys=0.00, real=0.00 secs] 
2999.676: [GC (GCLocker Initiated GC) [PSYoungGen: 251716K->183883K(465920K)] 1110913K->1044333K(1396736K), 0.0204949 secs] [Times: user=0.03 sys=0.00, real=0.02 secs] 
2999.961: [GC (Allocation Failure) [PSYoungGen: 416843K->184719K(465920K)] 1278419K->1046584K(1396736K), 0.0207476 secs] [Times: user=0.03 sys=0.00, real=0.02 secs] 
3000.616: [GC (Allocation Failure) [PSYoungGen: 417679K->110553K(465920K)] 1279544K->972434K(1396736K), 0.0152053 secs] [Times: user=0.03 sys=0.00, real=0.02 secs] 
3001.742: [GC (Allocation Failure) [PSYoungGen: 343513K->42150K(465920K)] 1205394K->904376K(1396736K), 0.0063152 secs] [Times: user=0.01 sys=0.01, real=0.00 secs] 
3002.012: [GC (Allocation Failure) [PSYoungGen: 275110K->186389K(465920K)] 1137336K->1049861K(1396736K), 0.0206705 secs] [Times: user=0.03 sys=0.00, real=0.02 secs] 
3002.298: [GC (Allocation Failure) [PSYoungGen: 419349K->185972K(465920K)] 1282821K->1049845K(1396736K), 0.0206957 secs] [Times: user=0.03 sys=0.00, real=0.02 secs] 
3004.138: [GC (Allocation Failure) [PSYoungGen: 418932K->67918K(465920K)] 1282805K->931936K(1396736K), 0.0131604 secs] [Times: user=0.03 sys=0.00, real=0.02 secs] 
3005.822: [GC (Allocation Failure) [PSYoungGen: 300878K->67852K(465920K)] 1164896K->932176K(1396736K), 0.0090913 secs] [Times: user=0.02 sys=0.00, real=0.01 secs] 
3006.096: [GC (Allocation Failure) [PSYoungGen: 300812K->186389K(465920K)] 1165136K->1051967K(1396736K), 0.0207409 secs] [Times: user=0.03 sys=0.00, real=0.02 secs] 
3006.438: [GC (Allocation Failure) [PSYoungGen: 419349K->186100K(465920K)] 1284927K->1051951K(1396736K), 0.0207912 secs] [Times: user=0.03 sys=0.00, real=0.02 secs] 
3008.345: [GC (Allocation Failure) [PSYoungGen: 419060K->41989K(465920K)] 1284911K->908233K(1396736K), 0.0080623 secs] [Times: user=0.02 sys=0.00, real=0.01 secs] 
3009.135: [GC (Allocation Failure) [PSYoungGen: 274949K->95002K(465920K)] 1141193K->961433K(1396736K), 0.0114641 secs] [Times: user=0.02 sys=0.00, real=0.01 secs] 
3009.412: [GC (Allocation Failure) [PSYoungGen: 327962K->184590K(465920K)] 1194393K->1052275K(1396736K), 0.0205894 secs] [Times: user=0.03 sys=0.00, real=0.02 secs] 
3009.755: [GC (Allocation Failure) [PSYoungGen: 417550K->186421K(465920K)] 1285235K->1054387K(1396736K), 0.0206372 secs] [Times: user=0.03 sys=0.00, real=0.02 secs] 
3010.801: [GC (Allocation Failure) [PSYoungGen: 419381K->16461K(465920K)] 1287347K->884724K(1396736K), 0.0048664 secs] [Times: user=0.01 sys=0.00, real=0.00 secs] 
3011.607: [GC (Allocation Failure) [PSYoungGen: 249421K->120064K(465920K)] 1117684K->988635K(1396736K), 0.0139776 secs] [Times: user=0.02 sys=0.00, real=0.02 secs] 
3011.888: [GC (Allocation Failure) [PSYoungGen: 353024K->184558K(465920K)] 1221595K->1054382K(1396736K), 0.0205500 secs] [Times: user=0.03 sys=0.00, real=0.02 secs] 
3012.426: [GC (Allocation Failure) [PSYoungGen: 417518K->179693K(465920K)] 1287342K->1049790K(1396736K), 0.0263300 secs] [Times: user=0.04 sys=0.00, real=0.03 secs] 
3014.416: [GC (Allocation Failure) [PSYoungGen: 412653K->96K(465920K)] 1282750K->871626K(1396736K), 0.0038687 secs] [Times: user=0.02 sys=0.00, real=0.00 secs] 
3015.109: [GC (Allocation Failure) [PSYoungGen: 233056K->144615K(465920K)] 1104586K->1016170K(1396736K), 0.0165203 secs] [Times: user=0.02 sys=0.00, real=0.02 secs] 
3015.391: [GC (Allocation Failure) [PSYoungGen: 377575K->186100K(465920K)] 1249130K->1058909K(1396736K), 0.0208504 secs] [Times: user=0.03 sys=0.00, real=0.02 secs] 
3016.404: [GC (Allocation Failure) [PSYoungGen: 419060K->159714K(465920K)] 1291869K->1032796K(1396736K), 0.0361040 secs] [Times: user=0.06 sys=0.00, real=0.04 secs] 
3019.132: [GC (Allocation Failure) [PSYoungGen: 392674K->128K(465920K)] 1265756K->874659K(1396736K), 0.0047189 secs] [Times: user=0.02 sys=0.00, real=0.00 secs] 
3019.787: [GC (Allocation Failure) [PSYoungGen: 233088K->168070K(465920K)] 1107619K->1042626K(1396736K), 0.0190104 secs] [Times: user=0.03 sys=0.00, real=0.02 secs] 
3020.127: [GC (Allocation Failure) [PSYoungGen: 401030K->184076K(465920K)] 1275586K->1059885K(1396736K), 0.0206629 secs] [Times: user=0.03 sys=0.00, real=0.02 secs] 
3020.778: [GC (Allocation Failure) [PSYoungGen: 413579K->138364K(465920K)] 1289388K->1014438K(1396736K), 0.0176806 secs] [Times: user=0.03 sys=0.00, real=0.02 secs] 
3023.330: [GC (Allocation Failure) [PSYoungGen: 371324K->1184K(465920K)] 1247398K->877565K(1396736K), 0.0068556 secs] [Times: user=0.03 sys=0.00, real=0.01 secs] 
3023.744: [GC (Allocation Failure) [PSYoungGen: 234144K->183658K(465920K)] 1110525K->1061157K(1396736K), 0.0205487 secs] [Times: user=0.03 sys=0.00, real=0.02 secs] 
3024.025: [GC (Allocation Failure) [PSYoungGen: 416618K->184301K(465920K)] 1294117K->1062081K(1396736K), 0.0211368 secs] [Times: user=0.03 sys=0.00, real=0.02 secs] 
3025.157: [GC (Allocation Failure) [PSYoungGen: 417261K->129574K(465920K)] 1295041K->1007627K(1396736K), 0.0379089 secs] [Times: user=0.08 sys=0.00, real=0.04 secs] 
3027.053: [GC (Allocation Failure) [PSYoungGen: 362534K->22582K(465920K)] 1240587K->900937K(1396736K), 0.0061879 secs] [Times: user=0.02 sys=0.00, real=0.00 secs] 
3027.360: [GC (Allocation Failure) [PSYoungGen: 255542K->186518K(465920K)] 1133897K->1066126K(1396736K), 0.0210487 secs] [Times: user=0.03 sys=0.00, real=0.02 secs] 
3027.650: [GC (Allocation Failure) [PSYoungGen: 419478K->186068K(465920K)] 1299086K->1066078K(1396736K), 0.0207765 secs] [Times: user=0.03 sys=0.00, real=0.02 secs] 
3029.016: [GC (Allocation Failure) [PSYoungGen: 419028K->103549K(465920K)] 1299038K->983832K(1396736K), 0.0301494 secs] [Times: user=0.07 sys=0.00, real=0.03 secs] 
3030.956: [GC (Allocation Failure) [PSYoungGen: 336509K->49634K(465920K)] 1216792K->930095K(1396736K), 0.0087809 secs] [Times: user=0.02 sys=0.00, real=0.01 secs] 
3031.319: [GC (Allocation Failure) [PSYoungGen: 282594K->185843K(465920K)] 1163055K->1067559K(1396736K), 0.0209845 secs] [Times: user=0.03 sys=0.00, real=0.03 secs] 
3031.609: [GC (Allocation Failure) [PSYoungGen: 418803K->185811K(465920K)] 1300519K->1067808K(1396736K), 0.0206888 secs] [Times: user=0.03 sys=0.00, real=0.02 secs] 
3033.164: [GC (Allocation Failure) [PSYoungGen: 418771K->61106K(465920K)] 1300768K->943376K(1396736K), 0.0135561 secs] [Times: user=0.03 sys=0.00, real=0.01 secs] 
3033.919: [GC (Allocation Failure) [PSYoungGen: 294066K->75309K(465920K)] 1176336K->957892K(1396736K), 0.0096833 secs] [Times: user=0.01 sys=0.00, real=0.01 secs] 
3034.195: [GC (Allocation Failure) [PSYoungGen: 308269K->186389K(465920K)] 1190852K->1070227K(1396736K), 0.0209706 secs] [Times: user=0.03 sys=0.00, real=0.02 secs] 
3034.485: [GC (Allocation Failure) [PSYoungGen: 419349K->186068K(465920K)] 1303187K->1070187K(1396736K), 0.0207183 secs] [Times: user=0.03 sys=0.00, real=0.02 secs] 
3036.015: [GC (Allocation Failure) [PSYoungGen: 419028K->34599K(465920K)] 1303147K->919118K(1396736K), 0.0071192 secs] [Times: user=0.02 sys=0.00, real=0.01 secs] 
3036.997: [GC (Allocation Failure) [PSYoungGen: 267559K->101560K(465920K)] 1152078K->986259K(1396736K), 0.0121384 secs] [Times: user=0.02 sys=0.00, real=0.01 secs] 
3037.274: [GC (Allocation Failure) [PSYoungGen: 334520K->186132K(465920K)] 1219219K->1072085K(1396736K), 0.0206858 secs] [Times: user=0.03 sys=0.00, real=0.02 secs] 
3037.559: [GC (Allocation Failure) [PSYoungGen: 419092K->185875K(465920K)] 1305045K->1072238K(1396736K), 0.0206344 secs] [Times: user=0.03 sys=0.00, real=0.02 secs] 
3039.983: [GC (Allocation Failure) [PSYoungGen: 418835K->8878K(465920K)] 1305198K->895377K(1396736K), 0.0053681 secs] [Times: user=0.02 sys=0.00, real=0.00 secs] 
3040.785: [GC (Allocation Failure) [PSYoungGen: 241838K->126879K(465920K)] 1128337K->1013688K(1396736K), 0.0149001 secs] [Times: user=0.03 sys=0.00, real=0.01 secs] 
3041.062: [GC (Allocation Failure) [PSYoungGen: 359839K->184205K(465920K)] 1246648K->1072396K(1396736K), 0.0206825 secs] [Times: user=0.03 sys=0.00, real=0.02 secs] 
3042.093: [GC (Allocation Failure) [PSYoungGen: 417165K->172163K(465920K)] 1305356K->1060498K(1396736K), 0.0524564 secs] [Times: user=0.08 sys=0.00, real=0.05 secs] 
3044.124: [GC (Allocation Failure) [PSYoungGen: 405123K->96K(465920K)] 1293458K->889877K(1396736K), 0.0030644 secs] [Times: user=0.02 sys=0.00, real=0.00 secs] 
3044.758: [GC (Allocation Failure) [PSYoungGen: 233056K->149114K(465920K)] 1122837K->1038919K(1396736K), 0.0171196 secs] [Times: user=0.03 sys=0.00, real=0.02 secs] 
3045.038: [GC (Allocation Failure) [PSYoungGen: 382074K->184590K(465920K)] 1271879K->1075650K(1396736K), 0.0208118 secs] [Times: user=0.03 sys=0.00, real=0.02 secs] 
3045.575: [GC (Allocation Failure) [PSYoungGen: 417550K->156726K(465920K)] 1308610K->1048051K(1396736K), 0.0196965 secs] [Times: user=0.03 sys=0.00, real=0.02 secs] 
3046.551: [GC (Allocation Failure) [PSYoungGen: 389686K->96K(465920K)] 1281011K->892882K(1396736K), 0.0034205 secs] [Times: user=0.02 sys=0.00, real=0.00 secs] 
3046.893: [GC (Allocation Failure) [PSYoungGen: 233056K->172055K(465920K)] 1125842K->1064865K(1396736K), 0.0194314 secs] [Times: user=0.03 sys=0.00, real=0.02 secs] 
3047.174: [GC (Allocation Failure) [PSYoungGen: 405015K->184173K(465920K)] 1297825K->1078236K(1396736K), 0.0206360 secs] [Times: user=0.03 sys=0.00, real=0.02 secs] 
3047.637: [GC (Allocation Failure) [PSYoungGen: 409011K->134251K(465920K)] 1303075K->1028580K(1396736K), 0.0166038 secs] [Times: user=0.03 sys=0.00, real=0.02 secs] 
3048.602: [GC (Allocation Failure) [PSYoungGen: 367211K->1505K(465920K)] 1261540K->896149K(1396736K), 0.0024708 secs] [Times: user=0.02 sys=0.00, real=0.00 secs] 
3048.868: [GC (Allocation Failure) [PSYoungGen: 234465K->183916K(465920K)] 1129109K->1079814K(1396736K), 0.0206792 secs] [Times: user=0.03 sys=0.00, real=0.02 secs] 
3049.211: [GC (Allocation Failure) [PSYoungGen: 416876K->184430K(465920K)] 1312774K->1080609K(1396736K), 0.0209395 secs] [Times: user=0.03 sys=0.00, real=0.02 secs] 
3049.743: [GC (Allocation Failure) [PSYoungGen: 417390K->128964K(465920K)] 1313569K->1025408K(1396736K), 0.0173165 secs] [Times: user=0.04 sys=0.00, real=0.02 secs] 
3050.735: [GC (Allocation Failure) [PSYoungGen: 361924K->24314K(465920K)] 1258368K->921066K(1396736K), 0.0055385 secs] [Times: user=0.02 sys=0.00, real=0.01 secs] 
3051.006: [GC (Allocation Failure) [PSYoungGen: 257274K->186357K(465920K)] 1154026K->1084491K(1396736K), 0.0207570 secs] [Times: user=0.03 sys=0.00, real=0.02 secs] 
3051.289: [GC (Allocation Failure) [PSYoungGen: 419317K->184815K(465920K)] 1317451K->1083094K(1396736K), 0.0205577 secs] [Times: user=0.03 sys=0.00, real=0.03 secs] 
3052.912: [GC (Allocation Failure) [PSYoungGen: 417775K->103292K(465920K)] 1316054K->1001835K(1396736K), 0.0219475 secs] [Times: user=0.05 sys=0.00, real=0.02 secs] 
3054.166: [GC (Allocation Failure) [PSYoungGen: 336252K->49219K(465920K)] 1234795K->948078K(1396736K), 0.0070124 secs] [Times: user=0.01 sys=0.00, real=0.01 secs] 
3054.441: [GC (Allocation Failure) [PSYoungGen: 282179K->186389K(465920K)] 1181038K->1086502K(1396736K), 0.0210773 secs] [Times: user=0.03 sys=0.00, real=0.02 secs] 
3054.790: [GC (Allocation Failure) [PSYoungGen: 419349K->185940K(465920K)] 1319462K->1086454K(1396736K), 0.0207016 secs] [Times: user=0.03 sys=0.00, real=0.03 secs] 
3056.767: [GC (Allocation Failure) [PSYoungGen: 418900K->60801K(465920K)] 1319414K->961452K(1396736K), 0.0116016 secs] [Times: user=0.02 sys=0.00, real=0.01 secs] 
3058.850: [GC (Allocation Failure) [PSYoungGen: 293761K->75467K(465920K)] 1194412K->976433K(1396736K), 0.0096650 secs] [Times: user=0.02 sys=0.00, real=0.01 secs] 
3059.124: [GC (Allocation Failure) [PSYoungGen: 308427K->186389K(465920K)] 1209393K->1088610K(1396736K), 0.0215030 secs] [Times: user=0.03 sys=0.00, real=0.02 secs] 
3059.410: [GC (Allocation Failure) [PSYoungGen: 419349K->184847K(465920K)] 1321570K->1087349K(1396736K), 0.0207637 secs] [Times: user=0.03 sys=0.00, real=0.02 secs] 
3061.466: [GC (Allocation Failure) [PSYoungGen: 417807K->35723K(465920K)] 1320309K->938498K(1396736K), 0.0096657 secs] [Times: user=0.03 sys=0.00, real=0.01 secs] 
3062.582: [GC (Allocation Failure) [PSYoungGen: 268683K->100018K(465920K)] 1171458K->1003116K(1396736K), 0.0121214 secs] [Times: user=0.02 sys=0.00, real=0.01 secs] 
3062.865: [GC (Allocation Failure) [PSYoungGen: 332978K->186357K(465920K)] 1236076K->1090701K(1396736K), 0.0208948 secs] [Times: user=0.03 sys=0.00, real=0.02 secs] 
3063.209: [GC (Allocation Failure) [PSYoungGen: 419317K->184783K(465920K)] 1323661K->1089408K(1396736K), 0.0206018 secs] [Times: user=0.03 sys=0.00, real=0.02 secs] 
3064.240: [GC (Allocation Failure) [PSYoungGen: 417743K->11223K(465920K)] 1322368K->916113K(1396736K), 0.0041132 secs] [Times: user=0.01 sys=0.00, real=0.00 secs] 
3064.793: [GC (Allocation Failure) [PSYoungGen: 244183K->126523K(465920K)] 1149073K->1031722K(1396736K), 0.0147865 secs] [Times: user=0.02 sys=0.00, real=0.01 secs] 
3065.071: [GC (Allocation Failure) [PSYoungGen: 359483K->186004K(465920K)] 1264682K->1092457K(1396736K), 0.0208411 secs] [Times: user=0.03 sys=0.00, real=0.02 secs] 
3066.279: [GC (Allocation Failure) [PSYoungGen: 418964K->173837K(465920K)] 1325417K->1080563K(1396736K), 0.0475537 secs] [Times: user=0.08 sys=0.00, real=0.05 secs] 
3068.753: [GC (Allocation Failure) [PSYoungGen: 406797K->96K(465920K)] 1313523K->908264K(1396736K), 0.0049307 secs] [Times: user=0.03 sys=0.00, real=0.00 secs] 
3069.394: [GC (Allocation Failure) [PSYoungGen: 233056K->153066K(465920K)] 1141224K->1061250K(1396736K), 0.0175536 secs] [Times: user=0.03 sys=0.00, real=0.02 secs] 
3069.675: [GC (Allocation Failure) [PSYoungGen: 386026K->185907K(465920K)] 1294210K->1095345K(1396736K), 0.0208885 secs] [Times: user=0.02 sys=0.01, real=0.02 secs] 
3070.420: [GC (Allocation Failure) [PSYoungGen: 418867K->151489K(465920K)] 1328305K->1061336K(1396736K), 0.0225803 secs] [Times: user=0.04 sys=0.00, real=0.03 secs] 
3071.792: [GC (Allocation Failure) [PSYoungGen: 384449K->96K(465920K)] 1294296K->911246K(1396736K), 0.0031497 secs] [Times: user=0.02 sys=0.00, real=0.00 secs] 
3072.209: [GC (Allocation Failure) [PSYoungGen: 233056K->178224K(465920K)] 1144206K->1089399K(1396736K), 0.0199959 secs] [Times: user=0.03 sys=0.00, real=0.02 secs] 
3072.492: [GC (Allocation Failure) [PSYoungGen: 411184K->184462K(465920K)] 1322359K->1096882K(1396736K), 0.0205437 secs] [Times: user=0.03 sys=0.00, real=0.02 secs] 
3073.025: [GC (Allocation Failure) [PSYoungGen: 417422K->135953K(465920K)] 1329842K->1048775K(1396736K), 0.0224109 secs] [Times: user=0.04 sys=0.00, real=0.02 secs] 
3074.144: [GC (Allocation Failure) [PSYoungGen: 368913K->18242K(465920K)] 1281735K->931243K(1396736K), 0.0046896 secs] [Times: user=0.02 sys=0.00, real=0.00 secs] 
3074.419: [GC (Allocation Failure) [PSYoungGen: 251202K->185843K(465920K)] 1164203K->1100098K(1396736K), 0.0207653 secs] [Times: user=0.03 sys=0.00, real=0.02 secs] 
3074.708: [GC (Allocation Failure) [PSYoungGen: 418803K->184430K(465920K)] 1333058K->1098966K(1396736K), 0.0206288 secs] [Times: user=0.03 sys=0.00, real=0.02 secs] 
3075.808: [GC (Allocation Failure) [PSYoungGen: 417390K->110328K(465920K)] 1331926K->1025129K(1396736K), 0.0169597 secs] [Times: user=0.04 sys=0.00, real=0.02 secs] 
3077.377: [GC (Allocation Failure) [PSYoungGen: 343288K->42247K(465920K)] 1258089K->957355K(1396736K), 0.0071003 secs] [Times: user=0.02 sys=0.00, real=0.01 secs] 
3077.648: [GC (Allocation Failure) [PSYoungGen: 275207K->186261K(465920K)] 1190315K->1102623K(1396736K), 0.0209745 secs] [Times: user=0.03 sys=0.00, real=0.02 secs] 
3077.934: [GC (Allocation Failure) [PSYoungGen: 419221K->184623K(465920K)] 1335583K->1101258K(1396736K), 0.0206350 secs] [Times: user=0.03 sys=0.00, real=0.02 secs] 
3080.283: [GC (Allocation Failure) [PSYoungGen: 417583K->69171K(465920K)] 1334218K->986072K(1396736K), 0.0159416 secs] [Times: user=0.03 sys=0.00, real=0.01 secs] 
3081.817: [GC (Allocation Failure) [PSYoungGen: 302131K->66184K(465920K)] 1219032K->983398K(1396736K), 0.0094471 secs] [Times: user=0.02 sys=0.00, real=0.01 secs] 
3082.147: [GC (Allocation Failure) [PSYoungGen: 299144K->186357K(465920K)] 1216358K->1104825K(1396736K), 0.0209410 secs] [Times: user=0.03 sys=0.00, real=0.02 secs] 
3082.432: [GC (Allocation Failure) [PSYoungGen: 419317K->186068K(465920K)] 1337785K->1104817K(1396736K), 0.0207998 secs] [Times: user=0.03 sys=0.00, real=0.02 secs] 
3083.781: [GC (Allocation Failure) [PSYoungGen: 419028K->43660K(465920K)] 1337777K->962802K(1396736K), 0.0083892 secs] [Times: user=0.02 sys=0.00, real=0.00 secs] 
3084.445: [GC (Allocation Failure) [PSYoungGen: 276494K->92849K(465920K)] 1195636K->1012179K(1396736K), 0.0115813 secs] [Times: user=0.02 sys=0.00, real=0.01 secs] 
3084.723: [GC (Allocation Failure) [PSYoungGen: 325809K->184815K(465920K)] 1245139K->1105390K(1396736K), 0.0210516 secs] [Times: user=0.04 sys=0.00, real=0.02 secs] 
3085.010: [GC (Allocation Failure) [PSYoungGen: 417775K->184173K(465920K)] 1338350K->1105029K(1396736K), 0.0206217 secs] [Times: user=0.03 sys=0.00, real=0.02 secs] 
3092.440: [GC (Allocation Failure) [PSYoungGen: 417133K->90527K(465920K)] 1337989K->1011649K(1396736K), 0.0300629 secs] [Times: user=0.11 sys=0.01, real=0.03 secs] 
3096.408: [GC (Allocation Failure) [PSYoungGen: 323487K->176437K(465920K)] 1244609K->1124667K(1414656K), 0.0673284 secs] [Times: user=0.27 sys=0.02, real=0.07 secs] 
3096.475: [Full GC (Ergonomics) [PSYoungGen: 176437K->0K(465920K)] [ParOldGen: 948230K->380626K(943104K)] 1124667K->380626K(1409024K), [Metaspace: 59631K->59631K(1105920K)], 0.2996435 secs] [Times: user=1.46 sys=0.00, real=0.30 secs] 
3097.163: [GC (Allocation Failure) [PSYoungGen: 232960K->184053K(465920K)] 613586K->564688K(1409024K), 0.0271429 secs] [Times: user=0.10 sys=0.00, real=0.03 secs] 
3097.469: [GC (Allocation Failure) [PSYoungGen: 417013K->186613K(465920K)] 797648K->622919K(1409024K), 0.0446083 secs] [Times: user=0.21 sys=0.00, real=0.05 secs] 
3099.494: [GC (Allocation Failure) [PSYoungGen: 419573K->122183K(465920K)] 855879K->628770K(1409024K), 0.0604110 secs] [Times: user=0.32 sys=0.00, real=0.06 secs] 
3100.272: [GC (Allocation Failure) [PSYoungGen: 355143K->154674K(465920K)] 861730K->700117K(1409024K), 0.0751303 secs] [Times: user=0.38 sys=0.00, real=0.07 secs] 
3100.532: [GC (Allocation Failure) [PSYoungGen: 387634K->185238K(465920K)] 933077K->779533K(1409024K), 0.0565229 secs] [Times: user=0.26 sys=0.00, real=0.05 secs] 
3100.719: [GC (Allocation Failure) [PSYoungGen: 418198K->185943K(465920K)] 1012493K->844662K(1409024K), 0.0494212 secs] [Times: user=0.23 sys=0.00, real=0.05 secs] 
3105.043: [GC (Allocation Failure) [PSYoungGen: 418903K->170611K(465920K)] 1077622K->888210K(1409024K), 0.1086415 secs] [Times: user=0.57 sys=0.00, real=0.11 secs] 
3106.171: [GC (Allocation Failure) [PSYoungGen: 403571K->101548K(465920K)] 1121170K->884587K(1409024K), 0.0417962 secs] [Times: user=0.21 sys=0.00, real=0.04 secs] 
3106.388: [GC (Allocation Failure) [PSYoungGen: 334508K->176405K(465920K)] 1117547K->992418K(1409024K), 0.0374769 secs] [Times: user=0.16 sys=0.00, real=0.04 secs] 
3106.575: [GC (Allocation Failure) [PSYoungGen: 409365K->185398K(465920K)] 1225378K->1056114K(1409024K), 0.0524465 secs] [Times: user=0.25 sys=0.00, real=0.05 secs] 
3106.627: [Full GC (Ergonomics) [PSYoungGen: 185398K->0K(465920K)] [ParOldGen: 870716K->279141K(929280K)] 1056114K->279141K(1395200K), [Metaspace: 59865K->59865K(1105920K)], 0.3793582 secs] [Times: user=1.76 sys=0.00, real=0.38 secs] 
3107.119: [GC (Allocation Failure) [PSYoungGen: 232960K->187381K(465920K)] 512101K->466522K(1395200K), 0.0358069 secs] [Times: user=0.16 sys=0.00, real=0.04 secs] 
3109.730: [GC (Allocation Failure) [PSYoungGen: 420341K->115278K(465920K)] 699482K->464963K(1395200K), 0.0494369 secs] [Times: user=0.25 sys=0.00, real=0.04 secs] 
3110.585: [GC (Allocation Failure) [PSYoungGen: 348238K->155602K(465920K)] 697923K->541888K(1395200K), 0.0882260 secs] [Times: user=0.47 sys=0.00, real=0.09 secs] 
3110.806: [GC (Allocation Failure) [PSYoungGen: 388562K->185302K(465920K)] 774848K->620720K(1395200K), 0.0409482 secs] [Times: user=0.18 sys=0.00, real=0.04 secs] 
3110.962: [GC (Allocation Failure) [PSYoungGen: 418262K->185847K(465920K)] 853680K->685585K(1395200K), 0.0497244 secs] [Times: user=0.23 sys=0.00, real=0.05 secs] 
3111.118: [GC (Allocation Failure) [PSYoungGen: 418807K->178644K(465920K)] 918545K->737278K(1395200K), 0.0597702 secs] [Times: user=0.30 sys=0.01, real=0.06 secs] 
3112.131: [GC (Allocation Failure) [PSYoungGen: 411604K->99579K(465920K)] 970238K->725370K(1395200K), 0.0408952 secs] [Times: user=0.21 sys=0.00, real=0.04 secs] 
3112.294: [GC (Allocation Failure) [PSYoungGen: 332539K->182646K(465920K)] 958330K->840260K(1395200K), 0.0341923 secs] [Times: user=0.14 sys=0.00, real=0.03 secs] 
3112.444: [GC (Allocation Failure) [PSYoungGen: 415487K->184886K(465920K)] 1073102K->899416K(1395200K), 0.0438615 secs] [Times: user=0.20 sys=0.00, real=0.04 secs] 
3112.599: [GC (Allocation Failure) [PSYoungGen: 417846K->187925K(465920K)] 1132376K->958672K(1395200K), 0.0456224 secs] [Times: user=0.21 sys=0.00, real=0.05 secs] 
3113.608: [GC (Allocation Failure) [PSYoungGen: 420885K->106701K(465920K)] 1191632K->948403K(1395200K), 0.0455420 secs] [Times: user=0.23 sys=0.00, real=0.05 secs] 
3113.654: [Full GC (Ergonomics) [PSYoungGen: 106701K->0K(465920K)] [ParOldGen: 841702K->92604K(762368K)] 948403K->92604K(1228288K), [Metaspace: 59875K->59875K(1105920K)], 0.0332215 secs] [Times: user=0.11 sys=0.00, real=0.03 secs] 
3113.816: [GC (Allocation Failure) [PSYoungGen: 232960K->162195K(465920K)] 325564K->254800K(1228288K), 0.0222565 secs] [Times: user=0.08 sys=0.00, real=0.02 secs] 
3113.955: [GC (Allocation Failure) [PSYoungGen: 395155K->184950K(465920K)] 487760K->328083K(1228288K), 0.0432835 secs] [Times: user=0.19 sys=0.00, real=0.04 secs] 
3114.153: [GC (Allocation Failure) [PSYoungGen: 417868K->185975K(465920K)] 561001K->393656K(1228288K), 0.0685366 secs] [Times: user=0.34 sys=0.00, real=0.07 secs] 
3114.350: [GC (Allocation Failure) [PSYoungGen: 418935K->187797K(465920K)] 626616K->454470K(1228288K), 0.0555745 secs] [Times: user=0.27 sys=0.00, real=0.05 secs] 
3118.141: [GC (Allocation Failure) [PSYoungGen: 420757K->83065K(465920K)] 687430K->420498K(1228288K), 0.1140987 secs] [Times: user=0.64 sys=0.01, real=0.11 secs] 
3118.547: [GC (Allocation Failure) [PSYoungGen: 316025K->182678K(465920K)] 653458K->547416K(1228288K), 0.0330194 secs] [Times: user=0.13 sys=0.00, real=0.04 secs] 
3118.694: [GC (Allocation Failure) [PSYoungGen: 415638K->185974K(465920K)] 780376K->607360K(1228288K), 0.0437618 secs] [Times: user=0.20 sys=0.00, real=0.04 secs] 
3118.872: [GC (Allocation Failure) [PSYoungGen: 418934K->187573K(465920K)] 840320K->665271K(1228288K), 0.0506443 secs] [Times: user=0.24 sys=0.00, real=0.05 secs] 
3122.851: [GC (Allocation Failure) [PSYoungGen: 420533K->105964K(465920K)] 898231K->654279K(1228288K), 0.0456245 secs] [Times: user=0.24 sys=0.00, real=0.04 secs] 
3123.034: [GC (Allocation Failure) [PSYoungGen: 338924K->161811K(465920K)] 887239K->745230K(1228288K), 0.0518418 secs] [Times: user=0.24 sys=0.01, real=0.05 secs] 
3123.258: [GC (Allocation Failure) [PSYoungGen: 394771K->184630K(465920K)] 978190K->818497K(1228288K), 0.0557840 secs] [Times: user=0.26 sys=0.00, real=0.06 secs] 
3123.473: [GC (Allocation Failure) [PSYoungGen: 417590K->186135K(465920K)] 1051457K->884410K(1228288K), 0.0588779 secs] [Times: user=0.29 sys=0.00, real=0.06 secs] 
3123.532: [Full GC (Ergonomics) [PSYoungGen: 186135K->0K(465920K)] [ParOldGen: 698275K->319094K(992768K)] 884410K->319094K(1458688K), [Metaspace: 59890K->59890K(1105920K)], 0.4530478 secs] [Times: user=2.12 sys=0.00, real=0.45 secs] 
3124.094: [GC (Allocation Failure) [PSYoungGen: 232960K->180532K(465920K)] 552054K->499627K(1458688K), 0.0288102 secs] [Times: user=0.11 sys=0.00, real=0.03 secs] 
3125.064: [GC (Allocation Failure) [PSYoungGen: 413492K->95707K(465920K)] 732587K->483090K(1458688K), 0.0401876 secs] [Times: user=0.20 sys=0.00, real=0.04 secs] 
3125.313: [GC (GCLocker Initiated GC) [PSYoungGen: 328667K->179445K(465920K)] 716050K->597629K(1458688K), 0.0355750 secs] [Times: user=0.14 sys=0.00, real=0.03 secs] 
3125.506: [GC (Allocation Failure) [PSYoungGen: 412405K->185590K(465920K)] 830756K->659828K(1458688K), 0.0614794 secs] [Times: user=0.30 sys=0.00, real=0.06 secs] 
3125.736: [GC (Allocation Failure) [PSYoungGen: 418550K->184980K(465920K)] 892788K->715387K(1458688K), 0.0586434 secs] [Times: user=0.29 sys=0.00, real=0.06 secs] 
3126.732: [GC (Allocation Failure) [PSYoungGen: 417940K->108637K(465920K)] 948347K->708915K(1458688K), 0.0461957 secs] [Times: user=0.24 sys=0.00, real=0.04 secs] 
3129.390: [GC (Allocation Failure) [PSYoungGen: 341597K->167764K(465920K)] 941875K->802847K(1458688K), 0.0733043 secs] [Times: user=0.37 sys=0.00, real=0.07 secs] 
3129.598: [GC (Allocation Failure) [PSYoungGen: 400724K->185398K(465920K)] 1035807K->872973K(1458688K), 0.0422356 secs] [Times: user=0.19 sys=0.00, real=0.05 secs] 
3129.754: [GC (Allocation Failure) [PSYoungGen: 418358K->182774K(465920K)] 1105933K->934822K(1458688K), 0.0496216 secs] [Times: user=0.23 sys=0.01, real=0.05 secs] 
3129.915: [GC (Allocation Failure) [PSYoungGen: 415734K->187189K(465920K)] 1167782K->997116K(1458688K), 0.0649424 secs] [Times: user=0.27 sys=0.06, real=0.07 secs] 
3130.896: [GC (Allocation Failure) [PSYoungGen: 420149K->90698K(465920K)] 1230076K->971218K(1458688K), 0.0483059 secs] [Times: user=0.22 sys=0.04, real=0.05 secs] 
3131.122: [GC (Allocation Failure) [PSYoungGen: 323658K->183478K(465920K)] 1204178K->1093038K(1458688K), 0.0533410 secs] [Times: user=0.21 sys=0.02, real=0.05 secs] 
3131.176: [Full GC (Ergonomics) [PSYoungGen: 183478K->0K(465920K)] [ParOldGen: 909560K->229835K(916480K)] 1093038K->229835K(1382400K), [Metaspace: 59894K->59894K(1105920K)], 0.2685181 secs] [Times: user=1.27 sys=0.00, real=0.27 secs] 
3131.558: [GC (Allocation Failure) [PSYoungGen: 232960K->182357K(465920K)] 462795K->412193K(1382400K), 0.0261898 secs] [Times: user=0.09 sys=0.01, real=0.03 secs] 
3131.696: [GC (Allocation Failure) [PSYoungGen: 415317K->187157K(465920K)] 645153K->472217K(1382400K), 0.0452877 secs] [Times: user=0.22 sys=0.00, real=0.05 secs] 
3132.673: [GC (Allocation Failure) [PSYoungGen: 420117K->102140K(465920K)] 705177K->457672K(1382400K), 0.0465538 secs] [Times: user=0.25 sys=0.00, real=0.04 secs] 
3132.871: [GC (Allocation Failure) [PSYoungGen: 335100K->170484K(465920K)] 690632K->559769K(1382400K), 0.0664415 secs] [Times: user=0.32 sys=0.00, real=0.06 secs] 
3133.082: [GC (Allocation Failure) [PSYoungGen: 403444K->184950K(465920K)] 792729K->627827K(1382400K), 0.0428032 secs] [Times: user=0.19 sys=0.00, real=0.04 secs] 
3133.240: [GC (Allocation Failure) [PSYoungGen: 417910K->186263K(465920K)] 860787K->693760K(1382400K), 0.0497175 secs] [Times: user=0.23 sys=0.00, real=0.05 secs] 
3133.600: [GC (Allocation Failure) [PSYoungGen: 419223K->219220K(465920K)] 926720K->785786K(1382400K), 0.0548480 secs] [Times: user=0.28 sys=0.00, real=0.05 secs] 
3137.197: [GC (Allocation Failure) [PSYoungGen: 452180K->87738K(465920K)] 1018746K->723203K(1382400K), 0.0977617 secs] [Times: user=0.52 sys=0.01, real=0.10 secs] 
3137.488: [GC (Allocation Failure) [PSYoungGen: 320698K->183990K(465920K)] 956163K->847524K(1382400K), 0.0342044 secs] [Times: user=0.14 sys=0.00, real=0.04 secs] 
3137.636: [GC (Allocation Failure) [PSYoungGen: 416950K->185750K(465920K)] 1080484K->906596K(1382400K), 0.0446699 secs] [Times: user=0.20 sys=0.00, real=0.05 secs] 
3137.789: [GC (Allocation Failure) [PSYoungGen: 418710K->184500K(465920K)] 1139556K->961715K(1382400K), 0.0463292 secs] [Times: user=0.22 sys=0.00, real=0.05 secs] 
3138.823: [GC (Allocation Failure) [PSYoungGen: 417460K->104252K(465920K)] 1194675K->950927K(1382400K), 0.0455496 secs] [Times: user=0.23 sys=0.01, real=0.04 secs] 
3138.868: [Full GC (Ergonomics) [PSYoungGen: 104252K->0K(465920K)] [ParOldGen: 846674K->94683K(793088K)] 950927K->94683K(1259008K), [Metaspace: 59907K->59907K(1105920K)], 0.0372117 secs] [Times: user=0.11 sys=0.00, real=0.04 secs] 
3139.071: [GC (Allocation Failure) [PSYoungGen: 232960K->169076K(465920K)] 327643K->263759K(1259008K), 0.0313372 secs] [Times: user=0.11 sys=0.00, real=0.03 secs] 
3139.306: [GC (Allocation Failure) [PSYoungGen: 402036K->184021K(465920K)] 496719K->331577K(1259008K), 0.0629429 secs] [Times: user=0.30 sys=0.00, real=0.06 secs] 
3139.504: [GC (Allocation Failure) [PSYoungGen: 416981K->186391K(465920K)] 564537K->398070K(1259008K), 0.0488255 secs] [Times: user=0.22 sys=0.00, real=0.05 secs] 
3139.933: [GC (Allocation Failure) [PSYoungGen: 418721K->214612K(465920K)] 630401K->485444K(1259008K), 0.0547519 secs] [Times: user=0.26 sys=0.01, real=0.05 secs] 
3140.629: [GC (Allocation Failure) [PSYoungGen: 447572K->99227K(465920K)] 718404K->438027K(1259008K), 0.0402043 secs] [Times: user=0.21 sys=0.00, real=0.04 secs] 
3140.790: [GC (Allocation Failure) [PSYoungGen: 332187K->183734K(465920K)] 670987K->554059K(1259008K), 0.0352532 secs] [Times: user=0.15 sys=0.00, real=0.04 secs] 
3140.940: [GC (Allocation Failure) [PSYoungGen: 416694K->185398K(465920K)] 787019K->613287K(1259008K), 0.0436888 secs] [Times: user=0.19 sys=0.00, real=0.04 secs] 
3141.119: [GC (Allocation Failure) [PSYoungGen: 418358K->187509K(465920K)] 846247K->671750K(1259008K), 0.0502990 secs] [Times: user=0.24 sys=0.00, real=0.05 secs] 
3142.733: [GC (Allocation Failure) [PSYoungGen: 420469K->92875K(465920K)] 904710K->647776K(1259008K), 0.1176830 secs] [Times: user=0.65 sys=0.00, real=0.12 secs] 
3144.923: [GC (Allocation Failure) [PSYoungGen: 325835K->170804K(465920K)] 880736K->755955K(1259008K), 0.0569798 secs] [Times: user=0.27 sys=0.00, real=0.06 secs] 
3145.171: [GC (Allocation Failure) [PSYoungGen: 403764K->185462K(465920K)] 988915K->824264K(1259008K), 0.0510971 secs] [Times: user=0.24 sys=0.00, real=0.05 secs] 
3145.351: [GC (Allocation Failure) [PSYoungGen: 418422K->185591K(465920K)] 1057224K->888897K(1259008K), 0.0500266 secs] [Times: user=0.24 sys=0.00, real=0.05 secs] 
3145.401: [Full GC (Ergonomics) [PSYoungGen: 185591K->0K(465920K)] [ParOldGen: 703306K->325474K(1037312K)] 888897K->325474K(1503232K), [Metaspace: 59917K->59917K(1105920K)], 0.4630996 secs] [Times: user=2.16 sys=0.00, real=0.46 secs] 
3146.245: [GC (Allocation Failure) [PSYoungGen: 232903K->209587K(465920K)] 558377K->535062K(1503232K), 0.0283228 secs] [Times: user=0.11 sys=0.00, real=0.03 secs] 
3146.908: [GC (Allocation Failure) [PSYoungGen: 442547K->98283K(465920K)] 768022K->490334K(1503232K), 0.0400640 secs] [Times: user=0.20 sys=0.00, real=0.04 secs] 
3147.119: [GC (Allocation Failure) [PSYoungGen: 331243K->183574K(465920K)] 723294K->606737K(1503232K), 0.0518224 secs] [Times: user=0.23 sys=0.00, real=0.06 secs] 
3147.310: [GC (Allocation Failure) [PSYoungGen: 416534K->185878K(465920K)] 839697K->666661K(1503232K), 0.0437153 secs] [Times: user=0.20 sys=0.00, real=0.04 secs] 
3147.467: [GC (Allocation Failure) [PSYoungGen: 418838K->187317K(465920K)] 899621K->724212K(1503232K), 0.0448599 secs] [Times: user=0.21 sys=0.00, real=0.05 secs] 
3148.514: [GC (Allocation Failure) [PSYoungGen: 420277K->98411K(465920K)] 957172K->705907K(1503232K), 0.0439193 secs] [Times: user=0.22 sys=0.00, real=0.04 secs] 
3148.784: [GC (Allocation Failure) [PSYoungGen: 331371K->171124K(465920K)] 938867K->810896K(1503232K), 0.0529060 secs] [Times: user=0.25 sys=0.01, real=0.05 secs] 
3148.970: [GC (Allocation Failure) [PSYoungGen: 404084K->185206K(465920K)] 1043856K->879041K(1503232K), 0.0433912 secs] [Times: user=0.20 sys=0.00, real=0.04 secs] 
3149.168: [GC (Allocation Failure) [PSYoungGen: 418166K->183414K(465920K)] 1112001K->941498K(1503232K), 0.0661436 secs] [Times: user=0.33 sys=0.00, real=0.07 secs] 
3149.978: [GC (Allocation Failure) [PSYoungGen: 415247K->209907K(465920K)] 1173331K->1026267K(1503232K), 0.0597336 secs] [Times: user=0.29 sys=0.01, real=0.06 secs] 
3152.931: [GC (Allocation Failure) [PSYoungGen: 442867K->100139K(465920K)] 1259227K->982435K(1503232K), 0.1018139 secs] [Times: user=0.49 sys=0.06, real=0.10 secs] 
3153.213: [GC (Allocation Failure) [PSYoungGen: 333099K->181110K(465920K)] 1215395K->1095810K(1503232K), 0.0387391 secs] [Times: user=0.14 sys=0.02, real=0.04 secs] 
3153.394: [GC (Allocation Failure) [PSYoungGen: 414070K->185398K(465920K)] 1328770K->1156251K(1503232K), 0.0636250 secs] [Times: user=0.26 sys=0.05, real=0.06 secs] 
3153.458: [Full GC (Ergonomics) [PSYoungGen: 185398K->0K(465920K)] [ParOldGen: 970852K->291666K(1021440K)] 1156251K->291666K(1487360K), [Metaspace: 59925K->59925K(1105920K)], 0.4048308 secs] [Times: user=1.89 sys=0.00, real=0.41 secs] 
3153.973: [GC (Allocation Failure) [PSYoungGen: 232960K->183540K(465920K)] 524626K->475207K(1487360K), 0.0360976 secs] [Times: user=0.15 sys=0.00, real=0.03 secs] 
3154.961: [GC (Allocation Failure) [PSYoungGen: 416500K->102732K(465920K)] 708167K->463943K(1487360K), 0.0478482 secs] [Times: user=0.23 sys=0.00, real=0.04 secs] 
3155.173: [GC (GCLocker Initiated GC) [PSYoungGen: 335692K->174389K(465920K)] 696903K->569580K(1487360K), 0.0558511 secs] [Times: user=0.26 sys=0.00, real=0.05 secs] 
3155.378: [GC (Allocation Failure) [PSYoungGen: 407349K->181429K(465920K)] 802707K->631656K(1487360K), 0.0435366 secs] [Times: user=0.19 sys=0.00, real=0.05 secs] 
3155.555: [GC (Allocation Failure) [PSYoungGen: 414389K->182838K(465920K)] 864616K->696129K(1487360K), 0.0493616 secs] [Times: user=0.23 sys=0.00, real=0.05 secs] 
3156.366: [GC (Allocation Failure) [PSYoungGen: 412952K->211123K(465920K)] 926243K->782378K(1487360K), 0.0562829 secs] [Times: user=0.27 sys=0.01, real=0.06 secs] 
3156.738: [GC (Allocation Failure) [PSYoungGen: 444083K->105916K(465920K)] 1015338K->743455K(1487360K), 0.0416517 secs] [Times: user=0.21 sys=0.00, real=0.04 secs] 
3156.910: [GC (Allocation Failure) [PSYoungGen: 335398K->177493K(465920K)] 972937K->849156K(1487360K), 0.0353217 secs] [Times: user=0.14 sys=0.01, real=0.03 secs] 
3157.081: [GC (Allocation Failure) [PSYoungGen: 410453K->182005K(465920K)] 1082116K->909568K(1487360K), 0.0615135 secs] [Times: user=0.29 sys=0.01, real=0.06 secs] 
3157.304: [GC (Allocation Failure) [PSYoungGen: 414965K->183540K(465920K)] 1142528K->966047K(1487360K), 0.0560912 secs] [Times: user=0.27 sys=0.00, real=0.06 secs] 
3159.363: [GC (Allocation Failure) [PSYoungGen: 416500K->104060K(465920K)] 1199007K->955987K(1487360K), 0.1233649 secs] [Times: user=0.67 sys=0.00, real=0.12 secs] 
3161.450: [GC (Allocation Failure) [PSYoungGen: 337020K->165396K(465920K)] 1188947K->1051151K(1487360K), 0.0551595 secs] [Times: user=0.27 sys=0.00, real=0.05 secs] 
3161.624: [GC (Allocation Failure) [PSYoungGen: 398356K->185750K(465920K)] 1284111K->1123225K(1487360K), 0.0439634 secs] [Times: user=0.20 sys=0.00, real=0.04 secs] 
3161.668: [Full GC (Ergonomics) [PSYoungGen: 185750K->0K(465920K)] [ParOldGen: 937475K->261883K(1010688K)] 1123225K->261883K(1476608K), [Metaspace: 59938K->59938K(1105920K)], 0.3236179 secs] [Times: user=1.50 sys=0.00, real=0.33 secs] 
3162.107: [GC (Allocation Failure) [PSYoungGen: 232960K->186263K(465920K)] 494843K->448146K(1476608K), 0.0787773 secs] [Times: user=0.40 sys=0.00, real=0.08 secs] 
3162.593: [GC (Allocation Failure) [PSYoungGen: 418108K->210387K(465920K)] 679991K->531551K(1476608K), 0.0535114 secs] [Times: user=0.26 sys=0.01, real=0.05 secs] 
3163.322: [GC (Allocation Failure) [PSYoungGen: 443347K->99339K(465920K)] 764511K->487231K(1476608K), 0.0404697 secs] [Times: user=0.20 sys=0.01, real=0.04 secs] 
3163.481: [GC (Allocation Failure) [PSYoungGen: 332299K->182550K(465920K)] 720191K->602446K(1476608K), 0.0346097 secs] [Times: user=0.14 sys=0.00, real=0.03 secs] 
3163.679: [GC (Allocation Failure) [PSYoungGen: 415510K->184950K(465920K)] 835406K->661946K(1476608K), 0.0600244 secs] [Times: user=0.29 sys=0.00, real=0.06 secs] 
3163.870: [GC (Allocation Failure) [PSYoungGen: 417910K->187861K(465920K)] 894906K->721233K(1476608K), 0.0457382 secs] [Times: user=0.21 sys=0.00, real=0.04 secs] 
3164.889: [GC (Allocation Failure) [PSYoungGen: 420821K->94171K(465920K)] 954193K->698324K(1476608K), 0.0568582 secs] [Times: user=0.30 sys=0.01, real=0.06 secs] 
3165.154: [GC (Allocation Failure) [PSYoungGen: 327131K->173557K(465920K)] 931284K->808578K(1476608K), 0.0480093 secs] [Times: user=0.23 sys=0.00, real=0.05 secs] 
3165.321: [GC (Allocation Failure) [PSYoungGen: 406517K->185686K(465920K)] 1041538K->874611K(1476608K), 0.0433007 secs] [Times: user=0.19 sys=0.00, real=0.04 secs] 
3165.974: [GC (Allocation Failure) [PSYoungGen: 418646K->181750K(465920K)] 1107571K->935052K(1476608K), 0.1070656 secs] [Times: user=0.55 sys=0.00, real=0.11 secs] 
3168.342: [GC (Allocation Failure) [PSYoungGen: 411027K->210195K(465920K)] 1164328K->1021137K(1476608K), 0.0528544 secs] [Times: user=0.26 sys=0.00, real=0.05 secs] 
3169.898: [GC (Allocation Failure) [PSYoungGen: 443155K->94123K(465920K)] 1254097K->971856K(1476608K), 0.0850619 secs] [Times: user=0.45 sys=0.00, real=0.09 secs] 
3170.171: [GC (Allocation Failure) [PSYoungGen: 327083K->183894K(465920K)] 1204816K->1092100K(1476608K), 0.0353292 secs] [Times: user=0.14 sys=0.00, real=0.03 secs] 
3170.346: [GC (Allocation Failure) [PSYoungGen: 416854K->182325K(465920K)] 1325060K->1147540K(1476608K), 0.0547698 secs] [Times: user=0.26 sys=0.01, real=0.06 secs] 
3170.400: [Full GC (Ergonomics) [PSYoungGen: 182325K->0K(465920K)] [ParOldGen: 965214K->287547K(1064448K)] 1147540K->287547K(1530368K), [Metaspace: 59944K->59944K(1105920K)], 0.3943680 secs] [Times: user=1.84 sys=0.00, real=0.39 secs] 
3170.907: [GC (Allocation Failure) [PSYoungGen: 232960K->187285K(465920K)] 520507K->474832K(1530368K), 0.0356312 secs] [Times: user=0.15 sys=0.00, real=0.04 secs] 
3171.875: [GC (Allocation Failure) [PSYoungGen: 420245K->100108K(465920K)] 707792K->458263K(1530368K), 0.0464700 secs] [Times: user=0.25 sys=0.00, real=0.05 secs] 
3172.112: [GC (Allocation Failure) [PSYoungGen: 333068K->170548K(465920K)] 691223K->561568K(1530368K), 0.0715574 secs] [Times: user=0.34 sys=0.01, real=0.07 secs] 
3172.335: [GC (Allocation Failure) [PSYoungGen: 403508K->185078K(465920K)] 794528K->629754K(1530368K), 0.0426970 secs] [Times: user=0.19 sys=0.00, real=0.04 secs] 
3172.494: [GC (Allocation Failure) [PSYoungGen: 417930K->186263K(465920K)] 862607K->695451K(1530368K), 0.0500485 secs] [Times: user=0.23 sys=0.00, real=0.05 secs] 
3172.947: [GC (Allocation Failure) [PSYoungGen: 419223K->217107K(465920K)] 928411K->785288K(1530368K), 0.0542531 secs] [Times: user=0.26 sys=0.01, real=0.06 secs] 
3173.783: [GC (Allocation Failure) [PSYoungGen: 450067K->101324K(465920K)] 1018248K->736412K(1530368K), 0.0408978 secs] [Times: user=0.21 sys=0.00, real=0.04 secs] 
3173.995: [GC (Allocation Failure) [PSYoungGen: 332191K->181334K(465920K)] 967279K->849575K(1530368K), 0.0527315 secs] [Times: user=0.23 sys=0.00, real=0.05 secs] 
3175.276: [GC (Allocation Failure) [PSYoungGen: 414294K->181717K(465920K)] 1082535K->906127K(1530368K), 0.1271420 secs] [Times: user=0.64 sys=0.00, real=0.13 secs] 
3175.712: [GC (Allocation Failure) [PSYoungGen: 414677K->186997K(465920K)] 1139087K->966646K(1530368K), 0.0623644 secs] [Times: user=0.30 sys=0.00, real=0.06 secs] 
3177.186: [GC (Allocation Failure) [PSYoungGen: 419957K->101644K(465920K)] 1199606K->951565K(1530368K), 0.0477153 secs] [Times: user=0.24 sys=0.00, real=0.05 secs] 
3177.405: [GC (Allocation Failure) [PSYoungGen: 334604K->172468K(465920K)] 1184525K->1056043K(1530368K), 0.0553538 secs] [Times: user=0.26 sys=0.00, real=0.06 secs] 
3177.583: [GC (Allocation Failure) [PSYoungGen: 405428K->184982K(465920K)] 1289003K->1122700K(1530368K), 0.0438242 secs] [Times: user=0.19 sys=0.00, real=0.04 secs] 
3177.742: [GC (Allocation Failure) [PSYoungGen: 417942K->186199K(465920K)] 1355660K->1188369K(1530368K), 0.0520749 secs] [Times: user=0.24 sys=0.00, real=0.05 secs] 
3177.794: [Full GC (Ergonomics) [PSYoungGen: 186199K->0K(465920K)] [ParOldGen: 1002170K->328524K(1129472K)] 1188369K->328524K(1595392K), [Metaspace: 59957K->59957K(1105920K)], 0.4867571 secs] [Times: user=2.29 sys=0.00, real=0.49 secs] 
3178.668: [GC (Allocation Failure) [PSYoungGen: 228916K->203699K(465920K)] 557441K->532223K(1595392K), 0.0274776 secs] [Times: user=0.10 sys=0.01, real=0.03 secs] 
3179.382: [GC (Allocation Failure) [PSYoungGen: 436659K->102940K(465920K)] 765183K->495976K(1595392K), 0.0403766 secs] [Times: user=0.20 sys=0.00, real=0.04 secs] 
3179.590: [GC (Allocation Failure) [PSYoungGen: 335467K->180469K(465920K)] 728504K->606015K(1595392K), 0.0494341 secs] [Times: user=0.22 sys=0.00, real=0.05 secs] 
3179.783: [GC (Allocation Failure) [PSYoungGen: 413429K->193942K(465920K)] 838975K->676159K(1595392K), 0.0434904 secs] [Times: user=0.20 sys=0.00, real=0.04 secs] 
3179.936: [GC (Allocation Failure) [PSYoungGen: 426902K->187733K(465920K)] 909119K->726294K(1595392K), 0.0449949 secs] [Times: user=0.20 sys=0.00, real=0.05 secs] 
3180.913: [GC (Allocation Failure) [PSYoungGen: 420693K->95691K(465920K)] 959254K->704924K(1595392K), 0.0489394 secs] [Times: user=0.25 sys=0.00, real=0.05 secs] 
3181.211: [GC (Allocation Failure) [PSYoungGen: 328651K->174773K(465920K)] 937884K->815431K(1595392K), 0.0518653 secs] [Times: user=0.24 sys=0.00, real=0.05 secs] 
3181.390: [GC (Allocation Failure) [PSYoungGen: 407733K->185590K(465920K)] 1048391K->880488K(1595392K), 0.0426609 secs] [Times: user=0.19 sys=0.00, real=0.04 secs] 
3181.835: [GC (Allocation Failure) [PSYoungGen: 416343K->183094K(465920K)] 1111242K->942497K(1595392K), 0.0693773 secs] [Times: user=0.34 sys=0.00, real=0.07 secs] 
3183.123: [GC (Allocation Failure) [PSYoungGen: 416054K->169075K(465920K)] 1175457K->986597K(1595392K), 0.0539058 secs] [Times: user=0.27 sys=0.00, real=0.05 secs] 
3185.608: [GC (Allocation Failure) [PSYoungGen: 402035K->104044K(465920K)] 1219557K->986342K(1595392K), 0.0949332 secs] [Times: user=0.51 sys=0.00, real=0.10 secs] 
3185.921: [GC (Allocation Failure) [PSYoungGen: 336293K->178773K(465920K)] 1218591K->1094381K(1595392K), 0.0349871 secs] [Times: user=0.14 sys=0.00, real=0.03 secs] 
3186.111: [GC (Allocation Failure) [PSYoungGen: 411733K->185590K(465920K)] 1327341K->1156453K(1595392K), 0.0620716 secs] [Times: user=0.30 sys=0.00, real=0.06 secs] 
3186.314: [GC (Allocation Failure) [PSYoungGen: 418550K->187797K(465920K)] 1389413K->1214748K(1595392K), 0.0463928 secs] [Times: user=0.21 sys=0.00, real=0.05 secs] 
3187.382: [GC (GCLocker Initiated GC) [PSYoungGen: 420757K->95883K(465920K)] 1447708K->1193658K(1595392K), 0.0610314 secs] [Times: user=0.17 sys=0.12, real=0.06 secs] 
3187.443: [Full GC (Ergonomics) [PSYoungGen: 95883K->0K(465920K)] [ParOldGen: 1097775K->91189K(918528K)] 1193658K->91189K(1384448K), [Metaspace: 59958K->59958K(1105920K)], 0.0440029 secs] [Times: user=0.13 sys=0.01, real=0.04 secs] 
3187.699: [GC (Allocation Failure) [PSYoungGen: 232960K->170388K(465920K)] 324151K->261580K(1384448K), 0.0285614 secs] [Times: user=0.11 sys=0.00, real=0.03 secs] 
3187.860: [GC (Allocation Failure) [PSYoungGen: 403348K->185590K(465920K)] 494540K->330442K(1384448K), 0.0421546 secs] [Times: user=0.19 sys=0.00, real=0.05 secs] 
3188.044: [GC (Allocation Failure) [PSYoungGen: 418550K->186263K(465920K)] 563402K->395751K(1384448K), 0.0544481 secs] [Times: user=0.26 sys=0.00, real=0.05 secs] 
3188.909: [GC (Allocation Failure) [PSYoungGen: 417076K->208627K(465920K)] 626564K->477459K(1384448K), 0.0542351 secs] [Times: user=0.26 sys=0.01, real=0.06 secs] 
3189.575: [GC (GCLocker Initiated GC) [PSYoungGen: 441587K->101612K(465920K)] 710419K->435992K(1384448K), 0.0747194 secs] [Times: user=0.40 sys=0.00, real=0.07 secs] 
3189.813: [GC (Allocation Failure) [PSYoungGen: 334572K->178582K(465920K)] 677147K->553772K(1384448K), 0.1255305 secs] [Times: user=0.69 sys=0.00, real=0.12 secs] 
3190.826: [GC (Allocation Failure) [PSYoungGen: 411542K->179830K(465920K)] 786732K->612028K(1384448K), 0.3131589 secs] [Times: user=1.81 sys=0.00, real=0.31 secs] 
3191.674: [GC (Allocation Failure) [PSYoungGen: 412790K->186677K(465920K)] 844988K->676043K(1384448K), 0.0887817 secs] [Times: user=0.45 sys=0.00, real=0.09 secs] 
3193.105: [GC (Allocation Failure) [PSYoungGen: 419637K->100668K(465920K)] 909003K->660274K(1384448K), 0.1228429 secs] [Times: user=0.68 sys=0.01, real=0.12 secs] 
3194.277: [GC (Allocation Failure) [PSYoungGen: 333628K->167796K(465920K)] 893234K->760243K(1384448K), 0.0540144 secs] [Times: user=0.25 sys=0.00, real=0.06 secs] 
3194.462: [GC (Allocation Failure) [PSYoungGen: 400756K->185942K(465920K)] 993203K->830621K(1384448K), 0.0433820 secs] [Times: user=0.19 sys=0.00, real=0.04 secs] 
3194.618: [GC (Allocation Failure) [PSYoungGen: 413329K->181750K(465920K)] 1058009K->891134K(1384448K), 0.0505070 secs] [Times: user=0.23 sys=0.00, real=0.05 secs] 
3195.409: [GC (Allocation Failure) [PSYoungGen: 410634K->206739K(465920K)] 1120017K->973930K(1384448K), 0.0542681 secs] [Times: user=0.27 sys=0.00, real=0.06 secs] 
3195.764: [GC (Allocation Failure) [PSYoungGen: 439699K->102524K(465920K)] 1206890K->934611K(1384448K), 0.0451270 secs] [Times: user=0.23 sys=0.00, real=0.04 secs] 
3195.809: [Full GC (Ergonomics) [PSYoungGen: 102524K->0K(465920K)] [ParOldGen: 832087K->121745K(970240K)] 934611K->121745K(1436160K), [Metaspace: 59960K->59960K(1105920K)], 0.1072205 secs] [Times: user=0.45 sys=0.00, real=0.11 secs] 
3196.035: [GC (Allocation Failure) [PSYoungGen: 231801K->179925K(465920K)] 353546K->301671K(1436160K), 0.0250869 secs] [Times: user=0.08 sys=0.00, real=0.03 secs] 
3196.177: [GC (Allocation Failure) [PSYoungGen: 412885K->185238K(465920K)] 534631K->363031K(1436160K), 0.0413497 secs] [Times: user=0.18 sys=0.00, real=0.04 secs] 
3196.350: [GC (Allocation Failure) [PSYoungGen: 418198K->187733K(465920K)] 595991K->421638K(1436160K), 0.0499006 secs] [Times: user=0.23 sys=0.00, real=0.05 secs] 
3197.475: [GC (Allocation Failure) [PSYoungGen: 420693K->95659K(465920K)] 654598K->400412K(1436160K), 0.0620337 secs] [Times: user=0.33 sys=0.00, real=0.06 secs] 
3198.552: [GC (Allocation Failure) [PSYoungGen: 328619K->174613K(465920K)] 633372K->510579K(1436160K), 0.0512186 secs] [Times: user=0.24 sys=0.00, real=0.05 secs] 
3198.730: [GC (Allocation Failure) [PSYoungGen: 407573K->185590K(465920K)] 743539K->575796K(1436160K), 0.0428822 secs] [Times: user=0.19 sys=0.00, real=0.04 secs] 
3199.642: [GC (Allocation Failure) [PSYoungGen: 418550K->183990K(465920K)] 808756K->638621K(1436160K), 0.0754326 secs] [Times: user=0.37 sys=0.00, real=0.07 secs] 
3201.227: [GC (Allocation Failure) [PSYoungGen: 416950K->168851K(465920K)] 871581K->681953K(1436160K), 0.0540156 secs] [Times: user=0.26 sys=0.00, real=0.06 secs] 
3202.601: [GC (GCLocker Initiated GC) [PSYoungGen: 401811K->107148K(465920K)] 914913K->684667K(1436160K), 0.0723449 secs] [Times: user=0.38 sys=0.00, real=0.07 secs] 
3202.832: [GC (Allocation Failure) [PSYoungGen: 340108K->188533K(465920K)] 917665K->800998K(1436160K), 0.0361777 secs] [Times: user=0.15 sys=0.00, real=0.03 secs] 
3203.051: [GC (Allocation Failure) [PSYoungGen: 421493K->184375K(465920K)] 1033958K->859691K(1436160K), 0.0733089 secs] [Times: user=0.36 sys=0.00, real=0.07 secs] 
3203.248: [GC (Allocation Failure) [PSYoungGen: 417265K->186933K(465920K)] 1092582K->920933K(1436160K), 0.0581893 secs] [Times: user=0.29 sys=0.00, real=0.06 secs] 
3204.277: [GC (Allocation Failure) [PSYoungGen: 419893K->93835K(465920K)] 1153893K->898348K(1436160K), 0.0454786 secs] [Times: user=0.23 sys=0.00, real=0.05 secs] 
3204.477: [GC (Allocation Failure) [PSYoungGen: 326795K->175861K(465920K)] 1131308K->1011154K(1436160K), 0.0517854 secs] [Times: user=0.23 sys=0.00, real=0.05 secs] 
3204.722: [GC (Allocation Failure) [PSYoungGen: 408821K->185142K(465920K)] 1244114K->1075387K(1436160K), 0.0592278 secs] [Times: user=0.28 sys=0.00, real=0.06 secs] 
3204.782: [Full GC (Ergonomics) [PSYoungGen: 185142K->0K(465920K)] [ParOldGen: 890245K->266451K(1136128K)] 1075387K->266451K(1602048K), [Metaspace: 59966K->59966K(1105920K)], 0.3375330 secs] [Times: user=1.57 sys=0.00, real=0.33 secs] 
3205.233: [GC (Allocation Failure) [PSYoungGen: 227431K->179766K(465920K)] 493882K->446217K(1602048K), 0.0826719 secs] [Times: user=0.43 sys=0.00, real=0.08 secs] 
3206.172: [GC (Allocation Failure) [PSYoungGen: 412726K->211770K(465920K)] 679177K->535509K(1602048K), 0.0511126 secs] [Times: user=0.24 sys=0.00, real=0.05 secs] 
3207.012: [GC (Allocation Failure) [PSYoungGen: 444730K->105148K(465920K)] 768469K->493407K(1602048K), 0.0813660 secs] [Times: user=0.43 sys=0.00, real=0.08 secs] 
3207.260: [GC (Allocation Failure) [PSYoungGen: 338108K->197461K(465920K)] 726367K->619293K(1602048K), 0.0360597 secs] [Times: user=0.15 sys=0.00, real=0.03 secs] 
3208.091: [GC (Allocation Failure) [PSYoungGen: 430421K->181846K(465920K)] 852253K->666854K(1602048K), 0.1428647 secs] [Times: user=0.75 sys=0.01, real=0.14 secs] 
3208.829: [GC (Allocation Failure) [PSYoungGen: 414806K->186549K(465920K)] 899814K->729437K(1602048K), 0.1026092 secs] [Times: user=0.53 sys=0.00, real=0.11 secs] 
3210.892: [GC (Allocation Failure) [PSYoungGen: 419509K->99772K(465920K)] 962397K->713108K(1602048K), 0.1172871 secs] [Times: user=0.64 sys=0.00, real=0.11 secs] 
3211.923: [GC (Allocation Failure) [PSYoungGen: 332732K->167892K(465920K)] 946068K->813813K(1602048K), 0.0528073 secs] [Times: user=0.24 sys=0.01, real=0.05 secs] 
3212.099: [GC (Allocation Failure) [PSYoungGen: 400852K->185814K(465920K)] 1046773K->883727K(1602048K), 0.0429454 secs] [Times: user=0.20 sys=0.00, real=0.05 secs] 
3212.256: [GC (Allocation Failure) [PSYoungGen: 416658K->184055K(465920K)] 1114571K->946432K(1602048K), 0.0501101 secs] [Times: user=0.23 sys=0.00, real=0.05 secs] 
3213.050: [GC (Allocation Failure) [PSYoungGen: 411791K->205459K(465920K)] 1174168K->1026392K(1602048K), 0.0549000 secs] [Times: user=0.26 sys=0.01, real=0.05 secs] 
3213.401: [GC (Allocation Failure) [PSYoungGen: 438419K->106060K(465920K)] 1259352K->991209K(1602048K), 0.0419238 secs] [Times: user=0.21 sys=0.00, real=0.04 secs] 
3213.558: [GC (Allocation Failure) [PSYoungGen: 330972K->177173K(465920K)] 1216121K->1096283K(1602048K), 0.0356419 secs] [Times: user=0.15 sys=0.00, real=0.04 secs] 
3213.709: [GC (Allocation Failure) [PSYoungGen: 410133K->185590K(465920K)] 1329243K->1160280K(1602048K), 0.0548321 secs] [Times: user=0.21 sys=0.06, real=0.06 secs] 
3213.875: [GC (Allocation Failure) [PSYoungGen: 418550K->183700K(465920K)] 1393240K->1214719K(1602048K), 0.0531044 secs] [Times: user=0.21 sys=0.05, real=0.05 secs] 
3214.893: [GC (Allocation Failure) [PSYoungGen: 416660K->100444K(465920K)] 1447679K->1200678K(1602048K), 0.0536213 secs] [Times: user=0.26 sys=0.03, real=0.05 secs] 
3214.946: [Full GC (Ergonomics) [PSYoungGen: 100444K->0K(465920K)] [ParOldGen: 1100234K->91316K(979456K)] 1200678K->91316K(1445376K), [Metaspace: 59974K->59974K(1105920K)], 0.0632073 secs] [Times: user=0.21 sys=0.00, real=0.06 secs] 
3215.460: [GC (Allocation Failure) [PSYoungGen: 232960K->171828K(465920K)] 324276K->263145K(1445376K), 0.0236471 secs] [Times: user=0.08 sys=0.00, real=0.02 secs] 
3215.624: [GC (Allocation Failure) [PSYoungGen: 404788K->185430K(465920K)] 496105K->330522K(1445376K), 0.0565193 secs] [Times: user=0.27 sys=0.00, real=0.06 secs] 
3217.295: [GC (Allocation Failure) [PSYoungGen: 418390K->184375K(465920K)] 563482K->393779K(1445376K), 0.0925602 secs] [Times: user=0.47 sys=0.00, real=0.09 secs] 
3219.315: [GC (Allocation Failure) [PSYoungGen: 417335K->171059K(465920K)] 626739K->438983K(1445376K), 0.0568366 secs] [Times: user=0.29 sys=0.00, real=0.06 secs] 
3219.936: [GC (Allocation Failure) [PSYoungGen: 404019K->99339K(465920K)] 671943K->432592K(1445376K), 0.0986631 secs] [Times: user=0.52 sys=0.01, real=0.10 secs] 
3220.252: [GC (Allocation Failure) [PSYoungGen: 332299K->180758K(465920K)] 665552K->546367K(1445376K), 0.0344083 secs] [Times: user=0.14 sys=0.00, real=0.03 secs] 
3220.405: [GC (Allocation Failure) [PSYoungGen: 413718K->185686K(465920K)] 779327K->607295K(1445376K), 0.0429806 secs] [Times: user=0.19 sys=0.00, real=0.04 secs] 
3220.558: [GC (Allocation Failure) [PSYoungGen: 418646K->187893K(465920K)] 840255K->665862K(1445376K), 0.0448933 secs] [Times: user=0.21 sys=0.00, real=0.05 secs] 
3221.566: [GC (Allocation Failure) [PSYoungGen: 420853K->99420K(465920K)] 898822K->648085K(1445376K), 0.0445084 secs] [Times: user=0.22 sys=0.00, real=0.05 secs] 
3221.762: [GC (Allocation Failure) [PSYoungGen: 332380K->170964K(465920K)] 881045K->752455K(1445376K), 0.0433595 secs] [Times: user=0.20 sys=0.01, real=0.04 secs] 
3221.941: [GC (Allocation Failure) [PSYoungGen: 403924K->184693K(465920K)] 985415K->819536K(1445376K), 0.0425384 secs] [Times: user=0.19 sys=0.00, real=0.04 secs] 
3222.099: [GC (Allocation Failure) [PSYoungGen: 417653K->186359K(465920K)] 1052496K->885901K(1445376K), 0.0501959 secs] [Times: user=0.24 sys=0.00, real=0.05 secs] 
3223.281: [GC (Allocation Failure) [PSYoungGen: 419319K->170483K(465920K)] 1118861K->929205K(1445376K), 0.0560094 secs] [Times: user=0.28 sys=0.00, real=0.05 secs] 
3225.149: [GC (Allocation Failure) [PSYoungGen: 403443K->105948K(465920K)] 1162165K->929855K(1445376K), 0.0884354 secs] [Times: user=0.47 sys=0.00, real=0.09 secs] 
3225.417: [GC (Allocation Failure) [PSYoungGen: 338908K->189173K(465920K)] 1162815K->1047635K(1445376K), 0.0371512 secs] [Times: user=0.16 sys=0.00, real=0.04 secs] 
3226.099: [GC (GCLocker Initiated GC) [PSYoungGen: 422133K->182102K(465920K)] 1280595K->1103748K(1445376K), 0.0891113 secs] [Times: user=0.45 sys=0.01, real=0.09 secs] 
3226.188: [Full GC (Ergonomics) [PSYoungGen: 182102K->0K(465920K)] [ParOldGen: 921646K->294503K(1209344K)] 1103748K->294503K(1675264K), [Metaspace: 59977K->59977K(1105920K)], 0.4392445 secs] [Times: user=2.08 sys=0.00, real=0.44 secs] 
3226.798: [GC (GCLocker Initiated GC) [PSYoungGen: 232960K->184180K(465920K)] 527465K->478686K(1675264K), 0.0380613 secs] [Times: user=0.13 sys=0.00, real=0.04 secs] 
3228.500: [GC (Allocation Failure) [PSYoungGen: 417140K->100428K(465920K)] 711648K->464351K(1675264K), 0.0460020 secs] [Times: user=0.24 sys=0.00, real=0.05 secs] 
3228.726: [GC (Allocation Failure) [PSYoungGen: 333388K->168276K(465920K)] 697311K->565054K(1675264K), 0.0585452 secs] [Times: user=0.27 sys=0.01, real=0.06 secs] 
3228.927: [GC (Allocation Failure) [PSYoungGen: 401236K->185142K(465920K)] 798014K->634656K(1675264K), 0.0419525 secs] [Times: user=0.19 sys=0.00, real=0.04 secs] 
3229.086: [GC (Allocation Failure) [PSYoungGen: 418102K->186007K(465920K)] 867616K->699905K(1675264K), 0.0495284 secs] [Times: user=0.23 sys=0.00, real=0.05 secs] 
3229.984: [GC (Allocation Failure) [PSYoungGen: 418967K->169587K(465920K)] 932865K->742477K(1675264K), 0.0577859 secs] [Times: user=0.30 sys=0.00, real=0.06 secs] 
3230.296: [GC (Allocation Failure) [PSYoungGen: 402547K->109981K(465920K)] 975437K->747967K(1675264K), 0.0404466 secs] [Times: user=0.20 sys=0.00, real=0.04 secs] 
3230.486: [GC (Allocation Failure) [PSYoungGen: 338253K->174069K(465920K)] 976239K->847216K(1675264K), 0.0507029 secs] [Times: user=0.22 sys=0.00, real=0.05 secs] 
3230.724: [GC (Allocation Failure) [PSYoungGen: 407029K->185494K(465920K)] 1080176K->913153K(1675264K), 0.0577993 secs] [Times: user=0.28 sys=0.00, real=0.06 secs] 
3230.941: [GC (Allocation Failure) [PSYoungGen: 418454K->187861K(465920K)] 1146113K->971848K(1675264K), 0.0511920 secs] [Times: user=0.24 sys=0.00, real=0.05 secs] 
3231.973: [GC (Allocation Failure) [PSYoungGen: 420821K->98475K(465920K)] 1204808K->953095K(1675264K), 0.0564748 secs] [Times: user=0.30 sys=0.00, real=0.05 secs] 
3233.268: [GC (GCLocker Initiated GC) [PSYoungGen: 331435K->174357K(465920K)] 1186055K->1061836K(1675264K), 0.0554773 secs] [Times: user=0.25 sys=0.01, real=0.06 secs] 
3233.512: [GC (Allocation Failure) [PSYoungGen: 407317K->184886K(465920K)] 1294799K->1126792K(1675264K), 0.0625581 secs] [Times: user=0.30 sys=0.00, real=0.06 secs] 
3233.705: [GC (Allocation Failure) [PSYoungGen: 415342K->182486K(465920K)] 1357249K->1188905K(1675264K), 0.0545584 secs] [Times: user=0.25 sys=0.01, real=0.05 secs] 
3234.659: [GC (Allocation Failure) [PSYoungGen: 415446K->169491K(465920K)] 1421865K->1233781K(1675264K), 0.0640618 secs] [Times: user=0.29 sys=0.05, real=0.07 secs] 
3235.646: [GC (GCLocker Initiated GC) [PSYoungGen: 402451K->108813K(465920K)] 1466745K->1237943K(1675264K), 0.0717324 secs] [Times: user=0.35 sys=0.02, real=0.07 secs] 
3235.718: [Full GC (Ergonomics) [PSYoungGen: 108813K->0K(465920K)] [ParOldGen: 1129130K->125341K(1064448K)] 1237943K->125341K(1530368K), [Metaspace: 59980K->59980K(1105920K)], 0.1450388 secs] [Times: user=0.65 sys=0.01, real=0.15 secs] 
3235.999: [GC (Allocation Failure) [PSYoungGen: 232960K->175029K(465920K)] 366660K->308730K(1530368K), 0.0868049 secs] [Times: user=0.46 sys=0.00, real=0.09 secs] 
3236.220: [GC (Allocation Failure) [PSYoungGen: 407989K->184759K(465920K)] 541690K->374079K(1530368K), 0.1602232 secs] [Times: user=0.90 sys=0.00, real=0.16 secs] 
3236.490: [GC (Allocation Failure) [PSYoungGen: 417719K->187541K(465920K)] 607039K->435342K(1530368K), 0.0567512 secs] [Times: user=0.28 sys=0.00, real=0.06 secs] 
3237.525: [GC (Allocation Failure) [PSYoungGen: 420501K->94843K(465920K)] 668302K->413516K(1530368K), 0.0479192 secs] [Times: user=0.24 sys=0.00, real=0.05 secs] 
3237.780: [GC (Allocation Failure) [PSYoungGen: 327803K->175669K(465920K)] 646476K->525279K(1530368K), 0.0472350 secs] [Times: user=0.21 sys=0.00, real=0.04 secs] 
3237.983: [GC (Allocation Failure) [PSYoungGen: 408629K->185302K(465920K)] 758239K->590215K(1530368K), 0.0441039 secs] [Times: user=0.20 sys=0.00, real=0.04 secs] 
3238.134: [GC (Allocation Failure) [PSYoungGen: 405031K->172725K(465920K)] 809945K->642363K(1530368K), 0.0492543 secs] [Times: user=0.23 sys=0.00, real=0.05 secs] 
3238.972: [GC (Allocation Failure) [PSYoungGen: 404202K->206835K(465920K)] 873840K->731325K(1530368K), 0.0557546 secs] [Times: user=0.28 sys=0.00, real=0.05 secs] 
3240.177: [GC (Allocation Failure) [PSYoungGen: 439795K->105260K(465920K)] 964285K->694422K(1530368K), 0.0877114 secs] [Times: user=0.47 sys=0.00, real=0.09 secs] 
3240.477: [GC (Allocation Failure) [PSYoungGen: 331636K->176885K(465920K)] 920798K->799587K(1530368K), 0.0417014 secs] [Times: user=0.19 sys=0.00, real=0.04 secs] 
3241.365: [GC (Allocation Failure) [PSYoungGen: 409845K->184342K(465920K)] 1032547K->862052K(1530368K), 0.0565487 secs] [Times: user=0.27 sys=0.00, real=0.06 secs] 
3242.186: [GC (Allocation Failure) [PSYoungGen: 417302K->184116K(465920K)] 1095012K->917659K(1530368K), 0.0998229 secs] [Times: user=0.51 sys=0.00, real=0.10 secs] 
3243.763: [GC (GCLocker Initiated GC) [PSYoungGen: 417076K->100236K(465920K)] 1150621K->903420K(1530368K), 0.0452005 secs] [Times: user=0.24 sys=0.00, real=0.04 secs] 
3244.124: [GC (Allocation Failure) [PSYoungGen: 333196K->170868K(465920K)] 1136380K->1006142K(1530368K), 0.0703930 secs] [Times: user=0.34 sys=0.00, real=0.07 secs] 
3244.359: [GC (Allocation Failure) [PSYoungGen: 403828K->185430K(465920K)] 1239102K->1074391K(1530368K), 0.0442632 secs] [Times: user=0.20 sys=0.00, real=0.05 secs] 
3244.519: [GC (Allocation Failure) [PSYoungGen: 418390K->186391K(465920K)] 1307351K->1139456K(1530368K), 0.0513384 secs] [Times: user=0.24 sys=0.00, real=0.06 secs] 
3245.076: [GC (Allocation Failure) [PSYoungGen: 419351K->209523K(465920K)] 1372416K->1221825K(1530368K), 0.0536230 secs] [Times: user=0.26 sys=0.00, real=0.05 secs] 
3245.130: [Full GC (Ergonomics) [PSYoungGen: 209523K->0K(465920K)] [ParOldGen: 1012301K->364889K(1330176K)] 1221825K->364889K(1796096K), [Metaspace: 59983K->59983K(1105920K)], 0.5556403 secs] [Times: user=2.23 sys=0.00, real=0.55 secs] 
3246.232: [GC (Allocation Failure) [PSYoungGen: 232904K->106617K(465920K)] 597793K->471506K(1796096K), 0.0154020 secs] [Times: user=0.06 sys=0.00, real=0.01 secs] 
3246.365: [GC (Allocation Failure) [PSYoungGen: 339357K->180822K(465920K)] 704247K->583213K(1796096K), 0.0345227 secs] [Times: user=0.14 sys=0.00, real=0.04 secs] 
3246.516: [GC (Allocation Failure) [PSYoungGen: 413782K->185270K(465920K)] 816173K->644089K(1796096K), 0.0433504 secs] [Times: user=0.20 sys=0.00, real=0.04 secs] 
3246.672: [GC (Allocation Failure) [PSYoungGen: 418230K->187861K(465920K)] 877049K->702920K(1796096K), 0.0451592 secs] [Times: user=0.21 sys=0.00, real=0.04 secs] 
3247.789: [GC (Allocation Failure) [PSYoungGen: 420741K->95467K(465920K)] 935800K->681415K(1796096K), 0.0504558 secs] [Times: user=0.27 sys=0.00, real=0.05 secs] 
3248.560: [GC (Allocation Failure) [PSYoungGen: 328427K->172020K(465920K)] 914375K->789204K(1796096K), 0.0526511 secs] [Times: user=0.24 sys=0.00, real=0.05 secs] 
3248.818: [GC (Allocation Failure) [PSYoungGen: 404980K->185430K(465920K)] 1022164K->856365K(1796096K), 0.0576531 secs] [Times: user=0.27 sys=0.00, real=0.06 secs] 
3249.917: [GC (GCLocker Initiated GC) [PSYoungGen: 418390K->183638K(465920K)] 1089327K->919064K(1796096K), 0.0849701 secs] [Times: user=0.43 sys=0.00, real=0.09 secs] 
3251.574: [GC (Allocation Failure) [PSYoungGen: 416598K->172307K(465920K)] 1161359K->975371K(1796096K), 0.0733800 secs] [Times: user=0.39 sys=0.00, real=0.07 secs] 
3251.887: [GC (Allocation Failure) [PSYoungGen: 405267K->113869K(465920K)] 1208331K->982629K(1796096K), 0.0577286 secs] [Times: user=0.31 sys=0.00, real=0.06 secs] 
3252.100: [GC (Allocation Failure) [PSYoungGen: 341047K->170548K(465920K)] 1209807K->1075305K(1796096K), 0.0510473 secs] [Times: user=0.22 sys=0.00, real=0.05 secs] 
3252.283: [GC (Allocation Failure) [PSYoungGen: 403508K->185270K(465920K)] 1308265K->1143603K(1796096K), 0.0440740 secs] [Times: user=0.20 sys=0.00, real=0.04 secs] 
3252.461: [GC (Allocation Failure) [PSYoungGen: 418230K->184468K(465920K)] 1376563K->1198834K(1796096K), 0.0622365 secs] [Times: user=0.30 sys=0.01, real=0.06 secs] 
3253.487: [GC (Allocation Failure) [PSYoungGen: 417428K->105324K(465920K)] 1431794K->1189302K(1796096K), 0.0471397 secs] [Times: user=0.24 sys=0.01, real=0.05 secs] 
3253.701: [GC (Allocation Failure) [PSYoungGen: 338284K->172500K(465920K)] 1422262K->1291139K(1796096K), 0.0647901 secs] [Times: user=0.29 sys=0.01, real=0.06 secs] 
3253.905: [GC (Allocation Failure) [PSYoungGen: 405460K->180213K(465920K)] 1524099K->1353351K(1796096K), 0.0460862 secs] [Times: user=0.19 sys=0.02, real=0.05 secs] 
3254.069: [GC (Allocation Failure) [PSYoungGen: 413173K->185943K(465920K)] 1586311K->1421941K(1796096K), 0.0653620 secs] [Times: user=0.22 sys=0.10, real=0.07 secs] 
3255.003: [GC (Allocation Failure) [PSYoungGen: 418903K->169683K(402944K)] 1654901K->1464817K(1733120K), 0.0731216 secs] [Times: user=0.24 sys=0.11, real=0.07 secs] 
3255.076: [Full GC (Ergonomics) [PSYoungGen: 169683K->0K(402944K)] [ParOldGen: 1295134K->358963K(1352704K)] 1464817K->358963K(1755648K), [Metaspace: 59987K->59987K(1105920K)], 0.5941907 secs] [Times: user=2.61 sys=0.00, real=0.60 secs] 
3257.689: [GC (GCLocker Initiated GC) [PSYoungGen: 232960K->103852K(463872K)] 591923K->462815K(1816576K), 0.0335531 secs] [Times: user=0.12 sys=0.00, real=0.04 secs] 
3257.948: [GC (Allocation Failure) [PSYoungGen: 335788K->178070K(464896K)] 702946K->579305K(1817600K), 0.1308882 secs] [Times: user=0.72 sys=0.00, real=0.13 secs] 
3258.224: [GC (Allocation Failure) [PSYoungGen: 410006K->184471K(465920K)] 811241K->642369K(1818624K), 0.1795300 secs] [Times: user=1.01 sys=0.00, real=0.18 secs] 
3258.513: [GC (Allocation Failure) [PSYoungGen: 417431K->184436K(465920K)] 875329K->700799K(1818624K), 0.0578694 secs] [Times: user=0.29 sys=0.00, real=0.06 secs] 
3259.561: [GC (Allocation Failure) [PSYoungGen: 417396K->102220K(465920K)] 933759K->688151K(1818624K), 0.0466472 secs] [Times: user=0.24 sys=0.00, real=0.04 secs] 
3259.813: [GC (Allocation Failure) [PSYoungGen: 335180K->172468K(465920K)] 921111K->791568K(1818624K), 0.0506723 secs] [Times: user=0.24 sys=0.00, real=0.05 secs] 
3260.028: [GC (Allocation Failure) [PSYoungGen: 405428K->182101K(465920K)] 1024528K->855629K(1818624K), 0.0419851 secs] [Times: user=0.19 sys=0.00, real=0.05 secs] 
3260.217: [GC (Allocation Failure) [PSYoungGen: 407056K->177014K(465920K)] 1080584K->913662K(1818624K), 0.0661372 secs] [Times: user=0.33 sys=0.01, real=0.07 secs] 
3261.134: [GC (Allocation Failure) [PSYoungGen: 409974K->169299K(458752K)] 1146622K->962283K(1811456K), 0.0547319 secs] [Times: user=0.27 sys=0.00, real=0.05 secs] 
3261.509: [GC (Allocation Failure) [PSYoungGen: 402259K->109773K(462336K)] 1195243K->967557K(1815040K), 0.0399554 secs] [Times: user=0.20 sys=0.00, real=0.04 secs] 
3261.663: [GC (Allocation Failure) [PSYoungGen: 336307K->174613K(467968K)] 1194091K->1067670K(1820672K), 0.0351633 secs] [Times: user=0.14 sys=0.01, real=0.03 secs] 
3261.851: [GC (Allocation Failure) [PSYoungGen: 410133K->187286K(422912K)] 1303190K->1135155K(1775616K), 0.0565345 secs] [Times: user=0.26 sys=0.01, real=0.05 secs] 
3262.056: [GC (Allocation Failure) [PSYoungGen: 422806K->189077K(465920K)] 1370675K->1193678K(1818624K), 0.0457717 secs] [Times: user=0.21 sys=0.00, real=0.05 secs] 
3263.282: [GC (Allocation Failure) [PSYoungGen: 422037K->97931K(465920K)] 1426638K->1173833K(1818624K), 0.0796935 secs] [Times: user=0.44 sys=0.00, real=0.08 secs] 
3264.383: [GC (Allocation Failure) [PSYoungGen: 330891K->174069K(465920K)] 1406793K->1282267K(1818624K), 0.0519413 secs] [Times: user=0.24 sys=0.00, real=0.05 secs] 
3264.561: [GC (Allocation Failure) [PSYoungGen: 407029K->185558K(465920K)] 1515227K->1348100K(1818624K), 0.0439332 secs] [Times: user=0.20 sys=0.00, real=0.04 secs] 
3265.072: [GC (Allocation Failure) [PSYoungGen: 411322K->179254K(465920K)] 1573864K->1406172K(1818624K), 0.0935593 secs] [Times: user=0.47 sys=0.00, real=0.09 secs] 
3267.111: [GC (Allocation Failure) [PSYoungGen: 409532K->205523K(465920K)] 1636450K->1489385K(1818624K), 0.0556378 secs] [Times: user=0.28 sys=0.00, real=0.05 secs] 
3267.167: [Full GC (Ergonomics) [PSYoungGen: 205523K->0K(465920K)] [ParOldGen: 1283862K->362322K(1398272K)] 1489385K->362322K(1864192K), [Metaspace: 59991K->59991K(1105920K)], 0.5578044 secs] [Times: user=2.21 sys=0.00, real=0.56 secs] 
3268.077: [GC (GCLocker Initiated GC) [PSYoungGen: 232960K->106863K(465920K)] 595284K->469187K(1864192K), 0.0201980 secs] [Times: user=0.08 sys=0.00, real=0.02 secs] 
3268.277: [GC (Allocation Failure) [PSYoungGen: 339823K->180117K(465920K)] 702313K->580180K(1864192K), 0.0352152 secs] [Times: user=0.15 sys=0.01, real=0.04 secs] 
3268.451: [GC (Allocation Failure) [PSYoungGen: 413077K->182421K(465920K)] 813140K->638788K(1864192K), 0.0563136 secs] [Times: user=0.27 sys=0.01, real=0.05 secs] 
3268.626: [GC (Allocation Failure) [PSYoungGen: 415381K->187381K(465920K)] 871748K->698867K(1864192K), 0.0451156 secs] [Times: user=0.21 sys=0.00, real=0.05 secs] 
3269.624: [GC (Allocation Failure) [PSYoungGen: 420341K->102796K(465920K)] 931827K->684955K(1864192K), 0.0544913 secs] [Times: user=0.29 sys=0.00, real=0.05 secs] 
3269.824: [GC (GCLocker Initiated GC) [PSYoungGen: 335756K->171700K(465920K)] 917915K->787975K(1864192K), 0.0426080 secs] [Times: user=0.18 sys=0.01, real=0.04 secs] 
3269.982: [GC (Allocation Failure) [PSYoungGen: 404660K->184502K(465920K)] 1020938K->854384K(1864192K), 0.0421820 secs] [Times: user=0.19 sys=0.00, real=0.04 secs] 
3270.177: [GC (Allocation Failure) [PSYoungGen: 417462K->182742K(465920K)] 1087344K->916776K(1864192K), 0.0622472 secs] [Times: user=0.31 sys=0.00, real=0.06 secs] 
3271.243: [GC (Allocation Failure) [PSYoungGen: 411890K->210419K(465920K)] 1145924K->1002209K(1864192K), 0.0552513 secs] [Times: user=0.28 sys=0.00, real=0.05 secs] 
3272.627: [GC (Allocation Failure) [PSYoungGen: 443379K->102332K(465920K)] 1235169K->960162K(1864192K), 0.0837635 secs] [Times: user=0.45 sys=0.00, real=0.09 secs] 
3272.882: [GC (Allocation Failure) [PSYoungGen: 335292K->180277K(465920K)] 1193122K->1071417K(1864192K), 0.0353698 secs] [Times: user=0.15 sys=0.00, real=0.03 secs] 
3273.035: [GC (Allocation Failure) [PSYoungGen: 413237K->185590K(465920K)] 1304377K->1133025K(1864192K), 0.0443908 secs] [Times: user=0.20 sys=0.00, real=0.04 secs] 
3273.466: [GC (GCLocker Initiated GC) [PSYoungGen: 418550K->186613K(465920K)] 1365986K->1190313K(1864192K), 0.1089757 secs] [Times: user=0.56 sys=0.00, real=0.11 secs] 
3274.613: [GC (GCLocker Initiated GC) [PSYoungGen: 419573K->98316K(465920K)] 1423276K->1172455K(1864192K), 0.0454991 secs] [Times: user=0.23 sys=0.00, real=0.04 secs] 
3274.892: [GC (Allocation Failure) [PSYoungGen: 331276K->174197K(465920K)] 1405582K->1280152K(1864192K), 0.0622458 secs] [Times: user=0.29 sys=0.00, real=0.06 secs] 
3275.095: [GC (Allocation Failure) [PSYoungGen: 407157K->185494K(465920K)] 1513112K->1346501K(1864192K), 0.0436215 secs] [Times: user=0.20 sys=0.00, real=0.04 secs] 
3275.253: [GC (Allocation Failure) [PSYoungGen: 418454K->183991K(465920K)] 1579461K->1409382K(1864192K), 0.0501380 secs] [Times: user=0.23 sys=0.00, real=0.05 secs] 
3275.953: [GC (Allocation Failure) [PSYoungGen: 416951K->210739K(465920K)] 1642342K->1494698K(1864192K), 0.0547129 secs] [Times: user=0.27 sys=0.00, real=0.05 secs] 
3276.513: [GC (GCLocker Initiated GC) [PSYoungGen: 443699K->102012K(465920K)] 1727658K->1450743K(1864192K), 0.0671628 secs] [Times: user=0.29 sys=0.06, real=0.07 secs] 
3276.580: [Full GC (Ergonomics) [PSYoungGen: 102012K->0K(465920K)] [ParOldGen: 1348731K->119342K(1190400K)] 1450743K->119342K(1656320K), [Metaspace: 59996K->59996K(1105920K)], 0.1303030 secs] [Times: user=0.56 sys=0.01, real=0.13 secs] 
3276.887: [GC (Allocation Failure) [PSYoungGen: 232960K->178710K(465920K)] 360661K->306411K(1656320K), 0.0843841 secs] [Times: user=0.44 sys=0.00, real=0.09 secs] 
3277.116: [GC (Allocation Failure) [PSYoungGen: 411670K->185559K(465920K)] 539371K->370096K(1656320K), 0.1786187 secs] [Times: user=1.01 sys=0.00, real=0.18 secs] 
3277.405: [GC (Allocation Failure) [PSYoungGen: 418519K->184148K(465920K)] 603056K->427574K(1656320K), 0.0564402 secs] [Times: user=0.28 sys=0.00, real=0.06 secs] 
3278.651: [GC (Allocation Failure) [PSYoungGen: 417108K->97643K(465920K)] 660534K->410609K(1656320K), 0.0655508 secs] [Times: user=0.35 sys=0.00, real=0.06 secs] 
3280.367: [GC (Allocation Failure) [PSYoungGen: 330603K->171156K(465920K)] 643569K->515978K(1656320K), 0.0518467 secs] [Times: user=0.24 sys=0.00, real=0.05 secs] 
3280.550: [GC (Allocation Failure) [PSYoungGen: 404116K->185558K(465920K)] 748938K->584104K(1656320K), 0.0422926 secs] [Times: user=0.19 sys=0.00, real=0.04 secs] 
3280.772: [GC (Allocation Failure) [PSYoungGen: 414360K->179830K(465920K)] 812906K->642632K(1656320K), 0.0717435 secs] [Times: user=0.36 sys=0.00, real=0.07 secs] 
3281.692: [GC (Allocation Failure) [PSYoungGen: 412790K->168018K(465920K)] 875592K->688060K(1656320K), 0.0562392 secs] [Times: user=0.28 sys=0.00, real=0.05 secs] 
3282.329: [GC (Allocation Failure) [PSYoungGen: 400978K->113677K(465920K)] 921020K->698103K(1656320K), 0.0627496 secs] [Times: user=0.32 sys=0.00, real=0.07 secs] 
3282.560: [GC (Allocation Failure) [PSYoungGen: 339767K->169012K(465920K)] 924193K->790163K(1656320K), 0.0456088 secs] [Times: user=0.20 sys=0.00, real=0.04 secs] 
3282.727: [GC (Allocation Failure) [PSYoungGen: 401972K->185270K(465920K)] 1023123K->858724K(1656320K), 0.0455023 secs] [Times: user=0.20 sys=0.01, real=0.05 secs] 
3282.883: [GC (Allocation Failure) [PSYoungGen: 418230K->187509K(465920K)] 1091684K->917076K(1656320K), 0.0475581 secs] [Times: user=0.22 sys=0.00, real=0.05 secs] 
3283.872: [GC (Allocation Failure) [PSYoungGen: 420469K->101788K(465920K)] 1150036K->901883K(1656320K), 0.0539950 secs] [Times: user=0.29 sys=0.00, real=0.05 secs] 
3284.112: [GC (Allocation Failure) [PSYoungGen: 334748K->171668K(465920K)] 1134843K->1005399K(1656320K), 0.0424548 secs] [Times: user=0.18 sys=0.01, real=0.04 secs] 
3284.281: [GC (Allocation Failure) [PSYoungGen: 404628K->182165K(465920K)] 1238359K->1069996K(1656320K), 0.0428135 secs] [Times: user=0.19 sys=0.00, real=0.04 secs] 
3284.468: [GC (Allocation Failure) [PSYoungGen: 415125K->185207K(465920K)] 1302956K->1136406K(1656320K), 0.0497633 secs] [Times: user=0.24 sys=0.00, real=0.05 secs] 
3285.374: [GC (Allocation Failure) [PSYoungGen: 418167K->169811K(402944K)] 1369366K->1179714K(1593344K), 0.0568556 secs] [Times: user=0.28 sys=0.00, real=0.06 secs] 
3285.965: [GC (Allocation Failure) [PSYoungGen: 402771K->111149K(463872K)] 1412674K->1186072K(1654272K), 0.0931874 secs] [Times: user=0.50 sys=0.00, real=0.09 secs] 
3286.237: [GC (Allocation Failure) [PSYoungGen: 343085K->179573K(464896K)] 1418008K->1290773K(1655296K), 0.0364201 secs] [Times: user=0.16 sys=0.00, real=0.04 secs] 
3286.273: [Full GC (Ergonomics) [PSYoungGen: 179573K->0K(464896K)] [ParOldGen: 1111200K->232991K(1334784K)] 1290773K->232991K(1799680K), [Metaspace: 59996K->59996K(1105920K)], 0.2708319 secs] [Times: user=1.21 sys=0.01, real=0.27 secs] 
3286.669: [GC (Allocation Failure) [PSYoungGen: 231936K->184407K(465920K)] 464927K->417398K(1800704K), 0.0854502 secs] [Times: user=0.45 sys=0.01, real=0.09 secs] 
3287.713: [GC (Allocation Failure) [PSYoungGen: 417367K->180852K(465920K)] 650358K->472403K(1800704K), 0.1427114 secs] [Times: user=0.76 sys=0.00, real=0.14 secs] 
3288.891: [GC (Allocation Failure) [PSYoungGen: 413812K->102492K(465920K)] 705363K->462635K(1800704K), 0.0461326 secs] [Times: user=0.24 sys=0.00, real=0.04 secs] 
3289.484: [GC (Allocation Failure) [PSYoungGen: 335452K->174645K(465920K)] 695595K->567289K(1800704K), 0.0516516 secs] [Times: user=0.24 sys=0.00, real=0.05 secs] 
3289.660: [GC (Allocation Failure) [PSYoungGen: 407605K->185654K(465920K)] 800249K->633102K(1800704K), 0.0424223 secs] [Times: user=0.19 sys=0.00, real=0.05 secs] 
3289.831: [GC (Allocation Failure) [PSYoungGen: 406294K->174485K(465920K)] 853742K->686341K(1800704K), 0.0547780 secs] [Times: user=0.27 sys=0.00, real=0.05 secs] 
3290.480: [GC (Allocation Failure) [PSYoungGen: 407445K->206483K(465920K)] 919301K->773819K(1800704K), 0.0509947 secs] [Times: user=0.25 sys=0.00, real=0.06 secs] 
3291.036: [GC (Allocation Failure) [PSYoungGen: 439443K->105820K(465920K)] 1006779K->737924K(1800704K), 0.0433699 secs] [Times: user=0.22 sys=0.00, real=0.04 secs] 
3291.231: [GC (Allocation Failure) [PSYoungGen: 334666K->178101K(465920K)] 966770K->843898K(1800704K), 0.0352076 secs] [Times: user=0.14 sys=0.00, real=0.03 secs] 
3291.380: [GC (Allocation Failure) [PSYoungGen: 411016K->185654K(465920K)] 1076812K->907426K(1800704K), 0.0438906 secs] [Times: user=0.20 sys=0.00, real=0.04 secs] 
3291.534: [GC (Allocation Failure) [PSYoungGen: 418614K->187861K(465920K)] 1140386K->965929K(1800704K), 0.0460466 secs] [Times: user=0.21 sys=0.00, real=0.05 secs] 
3292.518: [GC (Allocation Failure) [PSYoungGen: 420821K->92987K(465920K)] 1198889K->941875K(1800704K), 0.0552844 secs] [Times: user=0.30 sys=0.01, real=0.06 secs] 
3292.791: [GC (Allocation Failure) [PSYoungGen: 325947K->174453K(465920K)] 1174835K->1053922K(1800704K), 0.0399876 secs] [Times: user=0.17 sys=0.00, real=0.04 secs] 
3292.970: [GC (Allocation Failure) [PSYoungGen: 407413K->185622K(465920K)] 1286882K->1119195K(1800704K), 0.0480207 secs] [Times: user=0.23 sys=0.01, real=0.04 secs] 
3293.371: [GC (Allocation Failure) [PSYoungGen: 418582K->185431K(465920K)] 1352155K->1183508K(1800704K), 0.0592099 secs] [Times: user=0.28 sys=0.00, real=0.06 secs] 
3294.856: [GC (Allocation Failure) [PSYoungGen: 418391K->169011K(465920K)] 1416468K->1225816K(1800704K), 0.0602318 secs] [Times: user=0.31 sys=0.00, real=0.06 secs] 
3297.413: [GC (Allocation Failure) [PSYoungGen: 401971K->103212K(465920K)] 1458776K->1224793K(1800704K), 0.0960550 secs] [Times: user=0.52 sys=0.00, real=0.09 secs] 
3297.727: [GC (Allocation Failure) [PSYoungGen: 334138K->179253K(465920K)] 1455720K->1334180K(1800704K), 0.0397635 secs] [Times: user=0.18 sys=0.00, real=0.04 secs] 
3297.908: [GC (Allocation Failure) [PSYoungGen: 412213K->185238K(465920K)] 1567140K->1395676K(1800704K), 0.0628593 secs] [Times: user=0.28 sys=0.03, real=0.07 secs] 
3298.135: [GC (Allocation Failure) [PSYoungGen: 418198K->187829K(465920K)] 1628636K->1454468K(1800704K), 0.0627829 secs] [Times: user=0.26 sys=0.06, real=0.06 secs] 
3298.198: [Full GC (Ergonomics) [PSYoungGen: 187829K->0K(465920K)] [ParOldGen: 1266638K->348055K(1398272K)] 1454468K->348055K(1864192K), [Metaspace: 60000K->60000K(1105920K)], 0.5437258 secs] [Times: user=2.45 sys=0.00, real=0.55 secs] 
3299.675: [GC (Allocation Failure) [PSYoungGen: 232960K->95115K(465920K)] 581015K->443170K(1864192K), 0.0393941 secs] [Times: user=0.20 sys=0.00, real=0.04 secs] 
3299.872: [GC (Allocation Failure) [PSYoungGen: 328075K->174325K(465920K)] 676130K->553504K(1864192K), 0.0388471 secs] [Times: user=0.17 sys=0.00, real=0.04 secs] 
3300.025: [GC (Allocation Failure) [PSYoungGen: 407285K->185398K(465920K)] 786464K->619221K(1864192K), 0.0424697 secs] [Times: user=0.19 sys=0.00, real=0.04 secs] 
3300.184: [GC (Allocation Failure) [PSYoungGen: 418358K->185463K(465920K)] 852181K->683702K(1864192K), 0.0493373 secs] [Times: user=0.23 sys=0.00, real=0.05 secs] 
3301.063: [GC (Allocation Failure) [PSYoungGen: 418423K->167698K(465920K)] 916662K->724786K(1864192K), 0.0565830 secs] [Times: user=0.28 sys=0.00, real=0.05 secs] 
3301.643: [GC (Allocation Failure) [PSYoungGen: 400658K->107052K(465920K)] 957746K->728468K(1864192K), 0.0979140 secs] [Times: user=0.52 sys=0.00, real=0.10 secs] 
3301.958: [GC (Allocation Failure) [PSYoungGen: 340012K->180565K(465920K)] 961428K->836509K(1864192K), 0.0366741 secs] [Times: user=0.15 sys=0.00, real=0.04 secs] 
3302.413: [GC (GCLocker Initiated GC) [PSYoungGen: 413525K->181942K(465920K)] 1069470K->900847K(1864192K), 0.1039845 secs] [Times: user=0.53 sys=0.01, real=0.10 secs] 
3302.999: [GC (Allocation Failure) [PSYoungGen: 414902K->186645K(465920K)] 1134101K->963956K(1864192K), 0.0995601 secs] [Times: user=0.52 sys=0.00, real=0.10 secs] 
3304.651: [GC (Allocation Failure) [PSYoungGen: 419605K->97643K(465920K)] 1196916K->945194K(1864192K), 0.0836056 secs] [Times: user=0.45 sys=0.00, real=0.08 secs] 
3305.421: [GC (Allocation Failure) [PSYoungGen: 330603K->175253K(465920K)] 1178154K->1054089K(1864192K), 0.0558963 secs] [Times: user=0.26 sys=0.00, real=0.05 secs] 
3305.665: [GC (Allocation Failure) [PSYoungGen: 408213K->181589K(465920K)] 1287049K->1115277K(1864192K), 0.0596675 secs] [Times: user=0.28 sys=0.01, real=0.06 secs] 
3305.849: [GC (Allocation Failure) [PSYoungGen: 407076K->179862K(465920K)] 1340764K->1176806K(1864192K), 0.0481050 secs] [Times: user=0.23 sys=0.00, real=0.05 secs] 
3306.651: [GC (Allocation Failure) [PSYoungGen: 409165K->207347K(465920K)] 1406109K->1261475K(1864192K), 0.0545173 secs] [Times: user=0.27 sys=0.00, real=0.05 secs] 
3307.069: [GC (Allocation Failure) [PSYoungGen: 440307K->105868K(465920K)] 1494435K->1225092K(1864192K), 0.0531860 secs] [Times: user=0.28 sys=0.00, real=0.06 secs] 
3307.291: [GC (Allocation Failure) [PSYoungGen: 336096K->177845K(465920K)] 1455320K->1330506K(1864192K), 0.0469675 secs] [Times: user=0.21 sys=0.00, real=0.04 secs] 
3307.460: [GC (Allocation Failure) [PSYoungGen: 410805K->185238K(465920K)] 1563466K->1393659K(1864192K), 0.0443960 secs] [Times: user=0.20 sys=0.00, real=0.04 secs] 
3307.641: [GC (Allocation Failure) [PSYoungGen: 418198K->187733K(465920K)] 1626619K->1452130K(1864192K), 0.0505062 secs] [Times: user=0.24 sys=0.00, real=0.05 secs] 
3308.688: [GC (Allocation Failure) [PSYoungGen: 420693K->98187K(465920K)] 1685090K->1433316K(1864192K), 0.0545961 secs] [Times: user=0.23 sys=0.05, real=0.06 secs] 
3308.743: [Full GC (Ergonomics) [PSYoungGen: 98187K->0K(465920K)] [ParOldGen: 1335128K->91314K(1256448K)] 1433316K->91314K(1722368K), [Metaspace: 60002K->60002K(1105920K)], 0.0540138 secs] [Times: user=0.12 sys=0.01, real=0.05 secs] 
3309.128: [GC (Allocation Failure) [PSYoungGen: 232960K->176725K(465920K)] 324274K->268039K(1722368K), 0.0302952 secs] [Times: user=0.11 sys=0.00, real=0.03 secs] 
3309.280: [GC (Allocation Failure) [PSYoungGen: 409685K->182901K(465920K)] 500999K->329032K(1722368K), 0.0422949 secs] [Times: user=0.19 sys=0.00, real=0.05 secs] 
3309.785: [GC (Allocation Failure) [PSYoungGen: 414190K->182326K(465920K)] 560320K->392361K(1722368K), 0.0777996 secs] [Times: user=0.38 sys=0.00, real=0.08 secs] 
3312.346: [GC (Allocation Failure) [PSYoungGen: 412230K->205939K(465920K)] 622264K->473797K(1722368K), 0.0526878 secs] [Times: user=0.26 sys=0.00, real=0.05 secs] 
3313.147: [GC (Allocation Failure) [PSYoungGen: 438899K->98219K(465920K)] 706757K->430854K(1722368K), 0.0822422 secs] [Times: user=0.43 sys=0.00, real=0.08 secs] 
3313.402: [GC (Allocation Failure) [PSYoungGen: 331179K->182934K(465920K)] 663814K->547441K(1722368K), 0.0346363 secs] [Times: user=0.14 sys=0.00, real=0.03 secs] 
3313.552: [GC (Allocation Failure) [PSYoungGen: 415894K->185462K(465920K)] 780401K->606577K(1722368K), 0.0434564 secs] [Times: user=0.20 sys=0.00, real=0.04 secs] 
3313.706: [GC (Allocation Failure) [PSYoungGen: 418422K->187829K(465920K)] 839537K->665240K(1722368K), 0.0452627 secs] [Times: user=0.21 sys=0.00, real=0.05 secs] 
3314.727: [GC (Allocation Failure) [PSYoungGen: 420789K->99516K(465920K)] 898200K->647655K(1722368K), 0.0444992 secs] [Times: user=0.22 sys=0.01, real=0.05 secs] 
3315.011: [GC (Allocation Failure) [PSYoungGen: 332476K->171380K(465920K)] 880615K->751856K(1722368K), 0.0606852 secs] [Times: user=0.29 sys=0.00, real=0.06 secs] 
3315.255: [GC (Allocation Failure) [PSYoungGen: 404340K->184630K(465920K)] 984816K->818989K(1722368K), 0.0556653 secs] [Times: user=0.26 sys=0.00, real=0.06 secs] 
3315.441: [GC (Allocation Failure) [PSYoungGen: 417590K->186359K(465920K)] 1051949K->884983K(1722368K), 0.0494499 secs] [Times: user=0.23 sys=0.00, real=0.05 secs] 
3316.285: [GC (Allocation Failure) [PSYoungGen: 419319K->213503K(465920K)] 1117943K->971211K(1722368K), 0.0487676 secs] [Times: user=0.23 sys=0.00, real=0.05 secs] 
3317.007: [GC (Allocation Failure) [PSYoungGen: 446463K->106412K(465920K)] 1204171K->929204K(1722368K), 0.0893197 secs] [Times: user=0.48 sys=0.01, real=0.09 secs] 
3317.310: [GC (Allocation Failure) [PSYoungGen: 332411K->176117K(465920K)] 1155203K->1033646K(1722368K), 0.0373461 secs] [Times: user=0.16 sys=0.00, real=0.03 secs] 
3318.080: [GC (Allocation Failure) [PSYoungGen: 409077K->184438K(465920K)] 1266606K->1096510K(1722368K), 0.0759044 secs] [Times: user=0.37 sys=0.00, real=0.07 secs] 
3318.833: [GC (Allocation Failure) [PSYoungGen: 417398K->186773K(465920K)] 1329470K->1154702K(1722368K), 0.0893037 secs] [Times: user=0.45 sys=0.00, real=0.09 secs] 
3320.908: [GC (Allocation Failure) [PSYoungGen: 419733K->96363K(465920K)] 1387662K->1134716K(1722368K), 0.1111591 secs] [Times: user=0.60 sys=0.01, real=0.11 secs] 
3321.758: [GC (Allocation Failure) [PSYoungGen: 329323K->169652K(465920K)] 1367676K->1239276K(1722368K), 0.0548672 secs] [Times: user=0.26 sys=0.00, real=0.06 secs] 
3321.936: [GC (Allocation Failure) [PSYoungGen: 402612K->185846K(465920K)] 1472236K->1308418K(1722368K), 0.0437161 secs] [Times: user=0.20 sys=0.00, real=0.04 secs] 
3322.123: [GC (Allocation Failure) [PSYoungGen: 418806K->186583K(465920K)] 1541378K->1373691K(1722368K), 0.0570362 secs] [Times: user=0.28 sys=0.00, real=0.06 secs] 
3322.180: [Full GC (Ergonomics) [PSYoungGen: 186583K->0K(465920K)] [ParOldGen: 1187108K->325696K(1398272K)] 1373691K->325696K(1864192K), [Metaspace: 60009K->60009K(1105920K)], 0.4853803 secs] [Times: user=2.27 sys=0.00, real=0.48 secs] 
3323.006: [GC (Allocation Failure) [PSYoungGen: 232960K->209811K(465920K)] 558656K->535508K(1864192K), 0.0280790 secs] [Times: user=0.11 sys=0.00, real=0.03 secs] 
3323.794: [GC (GCLocker Initiated GC) [PSYoungGen: 442771K->99947K(465920K)] 768468K->491404K(1864192K), 0.0449555 secs] [Times: user=0.23 sys=0.00, real=0.04 secs] 
3324.004: [GC (Allocation Failure) [PSYoungGen: 332907K->179478K(465920K)] 732559K->611118K(1864192K), 0.1413299 secs] [Times: user=0.78 sys=0.00, real=0.14 secs] 
3324.262: [GC (Allocation Failure) [PSYoungGen: 412428K->184727K(465920K)] 844068K->673847K(1864192K), 0.1722361 secs] [Times: user=0.97 sys=0.00, real=0.17 secs] 
3324.541: [GC (Allocation Failure) [PSYoungGen: 417687K->180980K(465920K)] 906807K->728577K(1864192K), 0.0582877 secs] [Times: user=0.29 sys=0.00, real=0.05 secs] 
3325.745: [GC (Allocation Failure) [PSYoungGen: 413940K->101212K(465920K)] 961537K->717132K(1864192K), 0.0745755 secs] [Times: user=0.40 sys=0.00, real=0.08 secs] 
3326.545: [GC (Allocation Failure) [PSYoungGen: 334172K->176725K(465920K)] 950092K->825915K(1864192K), 0.0500503 secs] [Times: user=0.23 sys=0.00, real=0.05 secs] 
3326.719: [GC (Allocation Failure) [PSYoungGen: 409685K->185622K(465920K)] 1058875K->889867K(1864192K), 0.0443537 secs] [Times: user=0.20 sys=0.00, real=0.05 secs] 
3327.094: [GC (Allocation Failure) [PSYoungGen: 407787K->175894K(465920K)] 1112033K->944539K(1864192K), 0.0508376 secs] [Times: user=0.24 sys=0.00, real=0.05 secs] 
3328.008: [GC (Allocation Failure) [PSYoungGen: 408854K->169299K(465920K)] 1177499K->993792K(1864192K), 0.0553794 secs] [Times: user=0.27 sys=0.00, real=0.06 secs] 
3329.606: [GC (Allocation Failure) [PSYoungGen: 402259K->104940K(465920K)] 1226752K->994074K(1864192K), 0.0975151 secs] [Times: user=0.52 sys=0.00, real=0.10 secs] 
3329.888: [GC (Allocation Failure) [PSYoungGen: 332782K->177461K(465920K)] 1221916K->1100172K(1864192K), 0.0353372 secs] [Times: user=0.15 sys=0.00, real=0.04 secs] 
3330.037: [GC (Allocation Failure) [PSYoungGen: 410421K->185814K(465920K)] 1333132K->1163532K(1864192K), 0.0442255 secs] [Times: user=0.20 sys=0.00, real=0.05 secs] 
3330.191: [GC (Allocation Failure) [PSYoungGen: 418774K->187509K(465920K)] 1396492K->1221603K(1864192K), 0.0465843 secs] [Times: user=0.21 sys=0.00, real=0.04 secs] 
3331.186: [GC (GCLocker Initiated GC) [PSYoungGen: 420469K->94987K(465920K)] 1454564K->1199626K(1864192K), 0.0473200 secs] [Times: user=0.25 sys=0.00, real=0.05 secs] 
3331.476: [GC (Allocation Failure) [PSYoungGen: 327947K->174261K(465920K)] 1432752K->1309847K(1864192K), 0.0400061 secs] [Times: user=0.17 sys=0.00, real=0.04 secs] 
3331.653: [GC (Allocation Failure) [PSYoungGen: 407221K->185430K(465920K)] 1542807K->1375572K(1864192K), 0.0494826 secs] [Times: user=0.23 sys=0.00, real=0.05 secs] 
3331.837: [GC (Allocation Failure) [PSYoungGen: 418390K->184919K(465920K)] 1608532K->1439541K(1864192K), 0.0510619 secs] [Times: user=0.24 sys=0.00, real=0.05 secs] 
3332.643: [GC (Allocation Failure) [PSYoungGen: 414681K->205427K(465920K)] 1669303K->1518821K(1864192K), 0.0656909 secs] [Times: user=0.29 sys=0.05, real=0.06 secs] 
3332.709: [Full GC (Ergonomics) [PSYoungGen: 205427K->0K(465920K)] [ParOldGen: 1313394K->362625K(1398272K)] 1518821K->362625K(1864192K), [Metaspace: 60033K->60033K(1105920K)], 0.5587587 secs] [Times: user=2.21 sys=0.00, real=0.56 secs] 
3333.994: [GC (Allocation Failure) [PSYoungGen: 232960K->106916K(465920K)] 595585K->469541K(1864192K), 0.0286795 secs] [Times: user=0.11 sys=0.00, real=0.03 secs] 
3334.220: [GC (Allocation Failure) [PSYoungGen: 338993K->180406K(465920K)] 701618K->580876K(1864192K), 0.0351603 secs] [Times: user=0.15 sys=0.00, real=0.04 secs] 
3334.546: [GC (Allocation Failure) [PSYoungGen: 413366K->183189K(465920K)] 813836K->639652K(1864192K), 0.0579697 secs] [Times: user=0.27 sys=0.00, real=0.06 secs] 
3335.049: [GC (Allocation Failure) [PSYoungGen: 416149K->182548K(465920K)] 872612K->694491K(1864192K), 0.0598222 secs] [Times: user=0.29 sys=0.00, real=0.06 secs] 
3337.117: [GC (Allocation Failure) [PSYoungGen: 415508K->97371K(465920K)] 927451K->678314K(1864192K), 0.0441645 secs] [Times: user=0.22 sys=0.01, real=0.05 secs] 
3337.425: [GC (Allocation Failure) [PSYoungGen: 330331K->169364K(465920K)] 911274K->781409K(1864192K), 0.0388581 secs] [Times: user=0.17 sys=0.00, real=0.04 secs] 
3337.605: [GC (Allocation Failure) [PSYoungGen: 402324K->193750K(465920K)] 1014369K->859327K(1864192K), 0.0520670 secs] [Times: user=0.25 sys=0.00, real=0.05 secs] 
3337.792: [GC (Allocation Failure) [PSYoungGen: 426710K->186231K(465920K)] 1092287K->916409K(1864192K), 0.0499879 secs] [Times: user=0.23 sys=0.00, real=0.05 secs] 
3338.257: [GC (Allocation Failure) [PSYoungGen: 415254K->214548K(465920K)] 1145432K->1003658K(1864192K), 0.0550319 secs] [Times: user=0.27 sys=0.00, real=0.06 secs] 
3339.001: [GC (GCLocker Initiated GC) [PSYoungGen: 447508K->91594K(465920K)] 1236618K->948880K(1864192K), 0.0553828 secs] [Times: user=0.28 sys=0.01, real=0.05 secs] 
3339.243: [GC (Allocation Failure) [PSYoungGen: 324554K->182998K(465920K)] 1181843K->1068875K(1864192K), 0.0489905 secs] [Times: user=0.21 sys=0.00, real=0.05 secs] 
3339.422: [GC (Allocation Failure) [PSYoungGen: 415958K->185750K(465920K)] 1301835K->1129260K(1864192K), 0.0448807 secs] [Times: user=0.21 sys=0.00, real=0.04 secs] 
3339.583: [GC (Allocation Failure) [PSYoungGen: 418710K->187541K(465920K)] 1362220K->1187307K(1864192K), 0.0463165 secs] [Times: user=0.22 sys=0.00, real=0.04 secs] 
3340.571: [GC (Allocation Failure) [PSYoungGen: 420501K->100076K(465920K)] 1420267K->1170554K(1864192K), 0.0449307 secs] [Times: user=0.23 sys=0.00, real=0.04 secs] 
3341.168: [GC (Allocation Failure) [PSYoungGen: 333036K->171764K(465920K)] 1403514K->1274894K(1864192K), 0.0631384 secs] [Times: user=0.30 sys=0.00, real=0.07 secs] 
3341.429: [GC (Allocation Failure) [PSYoungGen: 404724K->185590K(465920K)] 1507854K->1342416K(1864192K), 0.0572752 secs] [Times: user=0.27 sys=0.00, real=0.06 secs] 
3342.190: [GC (Allocation Failure) [PSYoungGen: 418550K->184086K(465920K)] 1575376K->1405281K(1864192K), 0.0947462 secs] [Times: user=0.48 sys=0.00, real=0.09 secs] 
3344.161: [GC (Allocation Failure) [PSYoungGen: 416868K->211251K(465920K)] 1638062K->1490558K(1864192K), 0.0527042 secs] [Times: user=0.25 sys=0.00, real=0.05 secs] 
3345.010: [GC (GCLocker Initiated GC) [PSYoungGen: 444211K->94363K(465920K)] 1723518K->1440749K(1864192K), 0.0712493 secs] [Times: user=0.37 sys=0.00, real=0.07 secs] 
3345.081: [Full GC (Ergonomics) [PSYoungGen: 94363K->0K(465920K)] [ParOldGen: 1346386K->111710K(1354240K)] 1440749K->111710K(1820160K), [Metaspace: 60044K->60044K(1105920K)], 0.1374486 secs] [Times: user=0.58 sys=0.00, real=0.13 secs] 
3345.390: [GC (Allocation Failure) [PSYoungGen: 232960K->184118K(465920K)] 344965K->296124K(1820160K), 0.0259316 secs] [Times: user=0.08 sys=0.00, real=0.03 secs] 
3345.529: [GC (Allocation Failure) [PSYoungGen: 417078K->185622K(465920K)] 529084K->354959K(1820160K), 0.0414076 secs] [Times: user=0.18 sys=0.00, real=0.05 secs] 
3345.679: [GC (Allocation Failure) [PSYoungGen: 418582K->187669K(465920K)] 587919K->413287K(1820160K), 0.0447170 secs] [Times: user=0.21 sys=0.00, real=0.05 secs] 
3346.706: [GC (Allocation Failure) [PSYoungGen: 420629K->95563K(465920K)] 646247K->391849K(1820160K), 0.0465050 secs] [Times: user=0.25 sys=0.00, real=0.05 secs] 
3347.042: [GC (Allocation Failure) [PSYoungGen: 328523K->173717K(465920K)] 624809K->500543K(1820160K), 0.0695502 secs] [Times: user=0.33 sys=0.00, real=0.07 secs] 
3347.320: [GC (Allocation Failure) [PSYoungGen: 406677K->185686K(465920K)] 733503K->567308K(1820160K), 0.0488713 secs] [Times: user=0.23 sys=0.00, real=0.05 secs] 
3347.484: [GC (Allocation Failure) [PSYoungGen: 418646K->186103K(465920K)] 800268K->632302K(1820160K), 0.0497784 secs] [Times: user=0.23 sys=0.00, real=0.05 secs] 
3348.029: [GC (Allocation Failure) [PSYoungGen: 419063K->213203K(465920K)] 865262K->718486K(1820160K), 0.0532267 secs] [Times: user=0.26 sys=0.01, real=0.06 secs] 
3349.186: [GC (Allocation Failure) [PSYoungGen: 446163K->102796K(465920K)] 951446K->673775K(1820160K), 0.0836170 secs] [Times: user=0.44 sys=0.00, real=0.08 secs] 
3349.440: [GC (Allocation Failure) [PSYoungGen: 333603K->179413K(465920K)] 904581K->783217K(1820160K), 0.0349907 secs] [Times: user=0.15 sys=0.00, real=0.04 secs] 
3349.839: [GC (Allocation Failure) [PSYoungGen: 412373K->184630K(465920K)] 1016177K->844145K(1820160K), 0.0686344 secs] [Times: user=0.33 sys=0.00, real=0.07 secs] 
3350.577: [GC (Allocation Failure) [PSYoungGen: 417590K->184052K(465920K)] 1077105K->899368K(1820160K), 0.0950146 secs] [Times: user=0.48 sys=0.00, real=0.10 secs] 
3351.826: [GC (Allocation Failure) [PSYoungGen: 417012K->101356K(465920K)] 1132328K->886184K(1820160K), 0.0720095 secs] [Times: user=0.38 sys=0.00, real=0.07 secs] 
3352.811: [GC (Allocation Failure) [PSYoungGen: 334316K->172244K(465920K)] 1119144K->989725K(1820160K), 0.0625475 secs] [Times: user=0.30 sys=0.00, real=0.06 secs] 
3353.013: [GC (Allocation Failure) [PSYoungGen: 405204K->185238K(465920K)] 1222685K->1056774K(1820160K), 0.0425249 secs] [Times: user=0.19 sys=0.00, real=0.04 secs] 
3353.199: [GC (Allocation Failure) [PSYoungGen: 418198K->186487K(465920K)] 1289734K->1122320K(1820160K), 0.0625021 secs] [Times: user=0.31 sys=0.00, real=0.07 secs] 
3353.864: [GC (Allocation Failure) [PSYoungGen: 419447K->210579K(465920K)] 1355280K->1205699K(1820160K), 0.0539372 secs] [Times: user=0.27 sys=0.01, real=0.05 secs] 
3354.486: [GC (Allocation Failure) [PSYoungGen: 443539K->103852K(465920K)] 1438659K->1163601K(1820160K), 0.0508238 secs] [Times: user=0.27 sys=0.00, real=0.05 secs] 
3354.705: [GC (Allocation Failure) [PSYoungGen: 332338K->179733K(465920K)] 1392087K->1272607K(1820160K), 0.0494050 secs] [Times: user=0.22 sys=0.00, real=0.05 secs] 
3354.892: [GC (Allocation Failure) [PSYoungGen: 412693K->185782K(465920K)] 1505567K->1334799K(1820160K), 0.0443986 secs] [Times: user=0.20 sys=0.00, real=0.04 secs] 
3355.068: [GC (Allocation Failure) [PSYoungGen: 418742K->187605K(465920K)] 1567759K->1392983K(1820160K), 0.0512323 secs] [Times: user=0.25 sys=0.00, real=0.05 secs] 
3356.163: [GC (Allocation Failure) [PSYoungGen: 420565K->95611K(465920K)] 1625943K->1371685K(1820160K), 0.0547087 secs] [Times: user=0.30 sys=0.00, real=0.05 secs] 
3356.218: [Full GC (Ergonomics) [PSYoungGen: 95611K->0K(465920K)] [ParOldGen: 1276073K->89423K(1345024K)] 1371685K->89423K(1810944K), [Metaspace: 60048K->60048K(1105920K)], 0.0407968 secs] [Times: user=0.13 sys=0.00, real=0.04 secs] 
3356.883: [GC (Allocation Failure) [PSYoungGen: 232960K->174773K(465920K)] 322383K->264196K(1810944K), 0.0350242 secs] [Times: user=0.12 sys=0.00, real=0.03 secs] 
3357.063: [GC (Allocation Failure) [PSYoungGen: 407733K->185430K(465920K)] 497156K->329197K(1810944K), 0.0420809 secs] [Times: user=0.18 sys=0.00, real=0.04 secs] 
3357.334: [GC (Allocation Failure) [PSYoungGen: 418390K->183062K(465920K)] 562157K->391158K(1810944K), 0.0682495 secs] [Times: user=0.33 sys=0.00, real=0.07 secs] 
3359.340: [GC (Allocation Failure) [PSYoungGen: 413544K->206803K(465920K)] 621640K->472986K(1810944K), 0.0551873 secs] [Times: user=0.27 sys=0.01, real=0.06 secs] 
3360.006: [GC (Allocation Failure) [PSYoungGen: 439763K->103372K(465920K)] 705946K->434355K(1810944K), 0.0924138 secs] [Times: user=0.44 sys=0.00, real=0.09 secs] 
3360.314: [GC (Allocation Failure) [PSYoungGen: 331537K->179061K(465920K)] 662521K->544102K(1810944K), 0.0363645 secs] [Times: user=0.15 sys=0.00, real=0.04 secs] 
3360.464: [GC (Allocation Failure) [PSYoungGen: 412021K->185814K(465920K)] 777062K->606318K(1810944K), 0.0427084 secs] [Times: user=0.19 sys=0.00, real=0.04 secs] 
3360.617: [GC (Allocation Failure) [PSYoungGen: 418774K->187701K(465920K)] 839278K->664605K(1810944K), 0.0448717 secs] [Times: user=0.20 sys=0.00, real=0.05 secs] 
3361.621: [GC (Allocation Failure) [PSYoungGen: 420661K->92683K(465920K)] 897565K->640291K(1810944K), 0.0431836 secs] [Times: user=0.22 sys=0.00, real=0.04 secs] 
3361.936: [GC (Allocation Failure) [PSYoungGen: 325643K->174004K(465920K)] 873251K->751322K(1810944K), 0.0638706 secs] [Times: user=0.30 sys=0.00, real=0.07 secs] 
3362.153: [GC (Allocation Failure) [PSYoungGen: 406964K->185846K(465920K)] 984282K->818235K(1810944K), 0.0435862 secs] [Times: user=0.20 sys=0.00, real=0.04 secs] 
3362.312: [GC (Allocation Failure) [PSYoungGen: 418806K->186199K(465920K)] 1051195K->882972K(1810944K), 0.0504661 secs] [Times: user=0.24 sys=0.00, real=0.05 secs] 
3362.771: [GC (Allocation Failure) [PSYoungGen: 416545K->206099K(465920K)] 1113319K->961928K(1810944K), 0.0520048 secs] [Times: user=0.26 sys=0.00, real=0.05 secs] 
3363.800: [GC (Allocation Failure) [PSYoungGen: 439059K->102348K(465920K)] 1194888K->923449K(1810944K), 0.0995025 secs] [Times: user=0.54 sys=0.01, real=0.10 secs] 
3364.118: [GC (Allocation Failure) [PSYoungGen: 332997K->180054K(465920K)] 1154098K->1034040K(1810944K), 0.0362587 secs] [Times: user=0.15 sys=0.00, real=0.04 secs] 
3364.269: [GC (Allocation Failure) [PSYoungGen: 413014K->185622K(465920K)] 1267000K->1095384K(1810944K), 0.0436835 secs] [Times: user=0.19 sys=0.00, real=0.05 secs] 
3364.565: [GC (Allocation Failure) [PSYoungGen: 418582K->200564K(465920K)] 1328344K->1166487K(1810944K), 0.0482553 secs] [Times: user=0.22 sys=0.00, real=0.05 secs] 
3366.525: [GC (Allocation Failure) [PSYoungGen: 433451K->99292K(465920K)] 1399373K->1134702K(1810944K), 0.0684700 secs] [Times: user=0.36 sys=0.00, real=0.07 secs] 
3367.450: [GC (Allocation Failure) [PSYoungGen: 332252K->173333K(465920K)] 1367662K->1240556K(1810944K), 0.0515873 secs] [Times: user=0.23 sys=0.00, real=0.05 secs] 
3367.624: [GC (Allocation Failure) [PSYoungGen: 406293K->182293K(465920K)] 1473516K->1303981K(1810944K), 0.0425347 secs] [Times: user=0.20 sys=0.00, real=0.04 secs] 
3367.785: [GC (Allocation Failure) [PSYoungGen: 415253K->186071K(465920K)] 1536941K->1371214K(1810944K), 0.0506317 secs] [Times: user=0.23 sys=0.01, real=0.05 secs] 
3368.617: [GC (Allocation Failure) [PSYoungGen: 418551K->208915K(465920K)] 1603695K->1452971K(1810944K), 0.0565440 secs] [Times: user=0.28 sys=0.00, real=0.06 secs] 
3369.017: [GC (GCLocker Initiated GC) [PSYoungGen: 441875K->105740K(465920K)] 1685931K->1415572K(1810944K), 0.0524699 secs] [Times: user=0.27 sys=0.00, real=0.05 secs] 
3369.069: [Full GC (Ergonomics) [PSYoungGen: 105740K->0K(465920K)] [ParOldGen: 1309832K->123992K(1389056K)] 1415572K->123992K(1854976K), [Metaspace: 60049K->60049K(1105920K)], 0.1092171 secs] [Times: user=0.46 sys=0.00, real=0.11 secs] 
3369.365: [GC (Allocation Failure) [PSYoungGen: 232960K->178198K(465920K)] 365151K->310389K(1854976K), 0.0753381 secs] [Times: user=0.39 sys=0.00, real=0.08 secs] 
3369.590: [GC (Allocation Failure) [PSYoungGen: 411158K->181910K(465920K)] 543349K->371442K(1854976K), 0.2061737 secs] [Times: user=1.17 sys=0.00, real=0.20 secs] 
3369.904: [GC (GCLocker Initiated GC) [PSYoungGen: 414870K->179572K(465920K)] 604408K->426766K(1854976K), 0.0567503 secs] [Times: user=0.29 sys=0.00, real=0.06 secs] 
3371.012: [GC (Allocation Failure) [PSYoungGen: 412532K->100412K(465920K)] 659729K->415380K(1854976K), 0.0575080 secs] [Times: user=0.31 sys=0.00, real=0.05 secs] 
3371.973: [GC (Allocation Failure) [PSYoungGen: 333372K->172148K(465920K)] 648340K->519765K(1854976K), 0.0559910 secs] [Times: user=0.26 sys=0.00, real=0.05 secs] 
3372.164: [GC (Allocation Failure) [PSYoungGen: 405108K->185686K(465920K)] 752725K->587335K(1854976K), 0.0424175 secs] [Times: user=0.19 sys=0.00, real=0.04 secs] 
3372.324: [GC (Allocation Failure) [PSYoungGen: 418511K->182518K(465920K)] 820160K->648767K(1854976K), 0.0488679 secs] [Times: user=0.22 sys=0.01, real=0.05 secs] 
3374.416: [GC (Allocation Failure) [PSYoungGen: 415478K->168723K(465920K)] 881727K->692884K(1854976K), 0.0569865 secs] [Times: user=0.29 sys=0.00, real=0.06 secs] 
3375.203: [GC (Allocation Failure) [PSYoungGen: 401683K->107980K(465920K)] 925844K->696758K(1854976K), 0.0834665 secs] [Times: user=0.43 sys=0.01, real=0.08 secs] 
3375.455: [GC (Allocation Failure) [PSYoungGen: 334152K->174581K(465920K)] 922929K->798123K(1854976K), 0.0349080 secs] [Times: user=0.14 sys=0.00, real=0.04 secs] 
3375.635: [GC (Allocation Failure) [PSYoungGen: 407541K->185238K(465920K)] 1031083K->862836K(1854976K), 0.0566831 secs] [Times: user=0.27 sys=0.00, real=0.06 secs] 
3375.830: [GC (Allocation Failure) [PSYoungGen: 418198K->184404K(465920K)] 1095796K->918003K(1854976K), 0.0455143 secs] [Times: user=0.21 sys=0.00, real=0.04 secs] 
3376.797: [GC (Allocation Failure) [PSYoungGen: 417364K->105772K(465920K)] 1150963K->908835K(1854976K), 0.0496876 secs] [Times: user=0.26 sys=0.00, real=0.05 secs] 
3377.107: [GC (Allocation Failure) [PSYoungGen: 338732K->168372K(465920K)] 1141795K->1005643K(1854976K), 0.0696706 secs] [Times: user=0.34 sys=0.00, real=0.07 secs] 
3377.322: [GC (Allocation Failure) [PSYoungGen: 401332K->185142K(465920K)] 1238603K->1075165K(1854976K), 0.0429518 secs] [Times: user=0.19 sys=0.00, real=0.04 secs] 
3377.480: [GC (Allocation Failure) [PSYoungGen: 418102K->185047K(465920K)] 1308125K->1139638K(1854976K), 0.0505952 secs] [Times: user=0.24 sys=0.00, real=0.05 secs] 
3378.386: [GC (Allocation Failure) [PSYoungGen: 418007K->168467K(401920K)] 1372598K->1181866K(1790976K), 0.0564345 secs] [Times: user=0.28 sys=0.00, real=0.06 secs] 
3379.387: [GC (GCLocker Initiated GC) [PSYoungGen: 401427K->107420K(462848K)] 1414826K->1185420K(1851904K), 0.0978973 secs] [Times: user=0.52 sys=0.00, real=0.10 secs] 
3379.713: [GC (Allocation Failure) [PSYoungGen: 338844K->177110K(464384K)] 1425202K->1298567K(1853440K), 0.1345838 secs] [Times: user=0.74 sys=0.00, real=0.13 secs] 
3379.971: [GC (Allocation Failure) [PSYoungGen: 408534K->184151K(465920K)] 1529991K->1361944K(1854976K), 0.1746261 secs] [Times: user=0.98 sys=0.00, real=0.17 secs] 
3380.707: [GC (Allocation Failure) [PSYoungGen: 417111K->182900K(465920K)] 1594904K->1419238K(1854976K), 0.0999762 secs] [Times: user=0.52 sys=0.00, real=0.10 secs] 
3382.716: [GC (Allocation Failure) [PSYoungGen: 415860K->101180K(465920K)] 1652198K->1406517K(1854976K), 0.0639886 secs] [Times: user=0.34 sys=0.00, real=0.07 secs] 
3382.780: [Full GC (Ergonomics) [PSYoungGen: 101180K->0K(465920K)] [ParOldGen: 1305337K->97161K(1373184K)] 1406517K->97161K(1839104K), [Metaspace: 60053K->60053K(1105920K)], 0.0630938 secs] [Times: user=0.22 sys=0.00, real=0.06 secs] 
3383.660: [GC (Allocation Failure) [PSYoungGen: 232960K->167284K(465920K)] 330121K->264446K(1839104K), 0.0317767 secs] [Times: user=0.12 sys=0.00, real=0.04 secs] 
3383.883: [GC (Allocation Failure) [PSYoungGen: 400244K->185910K(465920K)] 497406K->335308K(1839104K), 0.0633955 secs] [Times: user=0.30 sys=0.00, real=0.06 secs] 
3384.077: [GC (Allocation Failure) [PSYoungGen: 411324K->178774K(465920K)] 560722K->392708K(1839104K), 0.0483256 secs] [Times: user=0.23 sys=0.00, real=0.05 secs] 
3384.889: [GC (Allocation Failure) [PSYoungGen: 411734K->212317K(465920K)] 625668K->483059K(1839104K), 0.0497334 secs] [Times: user=0.23 sys=0.00, real=0.05 secs] 
3385.279: [GC (Allocation Failure) [PSYoungGen: 445277K->106092K(465920K)] 716019K->441426K(1839104K), 0.0592925 secs] [Times: user=0.31 sys=0.00, real=0.06 secs] 
3385.543: [GC (Allocation Failure) [PSYoungGen: 339052K->189173K(465920K)] 674386K->558444K(1839104K), 0.0481311 secs] [Times: user=0.22 sys=0.00, real=0.05 secs] 
3385.718: [GC (Allocation Failure) [PSYoungGen: 422133K->184567K(465920K)] 791404K->617126K(1839104K), 0.0490538 secs] [Times: user=0.23 sys=0.00, real=0.05 secs] 
3385.877: [GC (Allocation Failure) [PSYoungGen: 417527K->203861K(465920K)] 850086K->694972K(1839104K), 0.0572737 secs] [Times: user=0.28 sys=0.00, real=0.06 secs] 
3387.477: [GC (Allocation Failure) [PSYoungGen: 436821K->95739K(465920K)] 927932K->657622K(1839104K), 0.1176163 secs] [Times: user=0.65 sys=0.00, real=0.12 secs] 
3388.810: [GC (Allocation Failure) [PSYoungGen: 328699K->172532K(465920K)] 890582K->765785K(1839104K), 0.0534358 secs] [Times: user=0.25 sys=0.00, real=0.05 secs] 
3388.993: [GC (Allocation Failure) [PSYoungGen: 405492K->185590K(465920K)] 998745K->832634K(1839104K), 0.0431224 secs] [Times: user=0.19 sys=0.00, real=0.04 secs] 
3389.306: [GC (Allocation Failure) [PSYoungGen: 411190K->179446K(465920K)] 1058234K->890994K(1839104K), 0.0885252 secs] [Times: user=0.44 sys=0.00, real=0.09 secs] 
3390.285: [GC (Allocation Failure) [PSYoungGen: 412406K->169011K(465920K)] 1123954K->937591K(1839104K), 0.0539362 secs] [Times: user=0.27 sys=0.00, real=0.05 secs] 
3390.744: [GC (Allocation Failure) [PSYoungGen: 401971K->111309K(465920K)] 1170551K->944545K(1839104K), 0.0592711 secs] [Times: user=0.28 sys=0.00, real=0.06 secs] 
3390.985: [GC (Allocation Failure) [PSYoungGen: 344269K->180565K(465920K)] 1177505K->1050110K(1839104K), 0.0521127 secs] [Times: user=0.24 sys=0.00, real=0.05 secs] 
3391.174: [GC (Allocation Failure) [PSYoungGen: 413525K->182038K(465920K)] 1283070K->1114495K(1839104K), 0.0508863 secs] [Times: user=0.24 sys=0.00, real=0.05 secs] 
3391.344: [GC (Allocation Failure) [PSYoungGen: 414998K->184468K(465920K)] 1347455K->1174342K(1839104K), 0.0591902 secs] [Times: user=0.29 sys=0.00, real=0.06 secs] 
3392.397: [GC (GCLocker Initiated GC) [PSYoungGen: 417428K->99372K(465920K)] 1407302K->1158861K(1839104K), 0.0486299 secs] [Times: user=0.26 sys=0.00, real=0.05 secs] 
3392.613: [GC (Allocation Failure) [PSYoungGen: 332332K->176821K(465920K)] 1391988K->1269402K(1839104K), 0.0466777 secs] [Times: user=0.22 sys=0.00, real=0.04 secs] 
3392.795: [GC (Allocation Failure) [PSYoungGen: 409781K->182261K(465920K)] 1502362K->1330414K(1839104K), 0.0482693 secs] [Times: user=0.21 sys=0.00, real=0.05 secs] 
3392.962: [GC (Allocation Failure) [PSYoungGen: 410633K->176053K(465920K)] 1558786K->1387951K(1839104K), 0.0504776 secs] [Times: user=0.24 sys=0.00, real=0.05 secs] 
3393.869: [GC (Allocation Failure) [PSYoungGen: 409013K->169555K(463872K)] 1620911K->1437300K(1837056K), 0.0572124 secs] [Times: user=0.29 sys=0.00, real=0.06 secs] 
3394.600: [GC (Allocation Failure) [PSYoungGen: 402515K->113341K(464896K)] 1670260K->1446038K(1838080K), 0.0835377 secs] [Times: user=0.45 sys=0.00, real=0.08 secs] 
3394.684: [Full GC (Ergonomics) [PSYoungGen: 113341K->0K(464896K)] [ParOldGen: 1332697K->131659K(1398272K)] 1446038K->131659K(1863168K), [Metaspace: 60058K->60058K(1105920K)], 0.1733911 secs] [Times: user=0.75 sys=0.01, real=0.17 secs] 
3394.982: [GC (Allocation Failure) [PSYoungGen: 232960K->179797K(465920K)] 364619K->311456K(1864192K), 0.0264033 secs] [Times: user=0.10 sys=0.00, real=0.02 secs] 
3395.159: [GC (Allocation Failure) [PSYoungGen: 412757K->185079K(465920K)] 544416K->379402K(1864192K), 0.0480204 secs] [Times: user=0.22 sys=0.00, real=0.05 secs] 
3395.324: [GC (Allocation Failure) [PSYoungGen: 418039K->186869K(465920K)] 612362K->440040K(1864192K), 0.0580499 secs] [Times: user=0.29 sys=0.00, real=0.06 secs] 
3396.750: [GC (Allocation Failure) [PSYoungGen: 419829K->97195K(465920K)] 673000K->420855K(1864192K), 0.1026760 secs] [Times: user=0.57 sys=0.00, real=0.10 secs] 
3397.876: [GC (Allocation Failure) [PSYoungGen: 330155K->171252K(465920K)] 653815K->526197K(1864192K), 0.0438160 secs] [Times: user=0.20 sys=0.00, real=0.04 secs] 
3398.076: [GC (Allocation Failure) [PSYoungGen: 404212K->185622K(465920K)] 759157K->594166K(1864192K), 0.0490521 secs] [Times: user=0.23 sys=0.00, real=0.05 secs] 
3398.260: [GC (Allocation Failure) [PSYoungGen: 405291K->173397K(465920K)] 813835K->646374K(1864192K), 0.0516892 secs] [Times: user=0.25 sys=0.00, real=0.05 secs] 
3398.997: [GC (Allocation Failure) [PSYoungGen: 406357K->189395K(465920K)] 879334K->717411K(1864192K), 0.0475292 secs] [Times: user=0.23 sys=0.00, real=0.05 secs] 
3399.455: [GC (Allocation Failure) [PSYoungGen: 422355K->105564K(465920K)] 950371K->698133K(1864192K), 0.0522799 secs] [Times: user=0.27 sys=0.01, real=0.05 secs] 
3399.654: [GC (Allocation Failure) [PSYoungGen: 331572K->177781K(465920K)] 924140K->803787K(1864192K), 0.0453535 secs] [Times: user=0.20 sys=0.00, real=0.04 secs] 
3399.864: [GC (Allocation Failure) [PSYoungGen: 410741K->185814K(465920K)] 1036747K->867407K(1864192K), 0.0447147 secs] [Times: user=0.20 sys=0.01, real=0.04 secs] 
3400.047: [GC (Allocation Failure) [PSYoungGen: 418774K->187541K(465920K)] 1100367K->925362K(1864192K), 0.0514883 secs] [Times: user=0.25 sys=0.00, real=0.05 secs] 
3401.160: [GC (Allocation Failure) [PSYoungGen: 420501K->95579K(465920K)] 1158322K->904013K(1864192K), 0.0621046 secs] [Times: user=0.33 sys=0.00, real=0.07 secs] 
3401.791: [GC (Allocation Failure) [PSYoungGen: 328539K->174677K(465920K)] 1136973K->1014755K(1864192K), 0.0565739 secs] [Times: user=0.26 sys=0.00, real=0.05 secs] 
3401.981: [GC (Allocation Failure) [PSYoungGen: 407637K->185238K(465920K)] 1247715K->1079700K(1864192K), 0.0432568 secs] [Times: user=0.19 sys=0.00, real=0.04 secs] 
3402.516: [GC (Allocation Failure) [PSYoungGen: 418198K->183542K(465920K)] 1312660K->1142269K(1864192K), 0.0694692 secs] [Times: user=0.34 sys=0.00, real=0.07 secs] 
3403.492: [GC (Allocation Failure) [PSYoungGen: 416502K->168979K(465920K)] 1375229K->1185905K(1864192K), 0.0578310 secs] [Times: user=0.29 sys=0.00, real=0.06 secs] 
3405.952: [GC (Allocation Failure) [PSYoungGen: 401939K->103884K(465920K)] 1418865K->1185371K(1864192K), 0.0954142 secs] [Times: user=0.51 sys=0.00, real=0.09 secs] 
3406.228: [GC (Allocation Failure) [PSYoungGen: 330236K->177877K(465920K)] 1411723K->1292773K(1864192K), 0.0353182 secs] [Times: user=0.15 sys=0.00, real=0.04 secs] 
3406.404: [GC (Allocation Failure) [PSYoungGen: 410837K->185686K(465920K)] 1525733K->1355757K(1864192K), 0.0544130 secs] [Times: user=0.27 sys=0.00, real=0.05 secs] 
3406.595: [GC (Allocation Failure) [PSYoungGen: 418646K->187669K(465920K)] 1588717K->1414004K(1864192K), 0.0468589 secs] [Times: user=0.22 sys=0.00, real=0.05 secs] 
3407.644: [GC (Allocation Failure) [PSYoungGen: 420629K->95387K(465920K)] 1646964K->1392355K(1864192K), 0.0489629 secs] [Times: user=0.26 sys=0.00, real=0.05 secs] 
3407.862: [GC (Allocation Failure) [PSYoungGen: 328347K->173877K(465920K)] 1625315K->1502605K(1864192K), 0.0612617 secs] [Times: user=0.29 sys=0.00, real=0.06 secs] 
3407.924: [Full GC (Ergonomics) [PSYoungGen: 173877K->0K(465920K)] [ParOldGen: 1328728K->199987K(1398272K)] 1502605K->199987K(1864192K), [Metaspace: 60058K->60058K(1105920K)], 0.2024121 secs] [Times: user=0.93 sys=0.00, real=0.20 secs] 
3408.244: [GC (Allocation Failure) [PSYoungGen: 232960K->185110K(465920K)] 432947K->385097K(1864192K), 0.0336383 secs] [Times: user=0.14 sys=0.00, real=0.03 secs] 
3408.417: [GC (Allocation Failure) [PSYoungGen: 418070K->183382K(465920K)] 618057K->447841K(1864192K), 0.0450254 secs] [Times: user=0.20 sys=0.00, real=0.05 secs] 
3409.232: [GC (Allocation Failure) [PSYoungGen: 415594K->208275K(465920K)] 680053K->530766K(1864192K), 0.0548762 secs] [Times: user=0.27 sys=0.00, real=0.05 secs] 
3409.862: [GC (Allocation Failure) [PSYoungGen: 441235K->106076K(465920K)] 763726K->494183K(1864192K), 0.0848211 secs] [Times: user=0.45 sys=0.01, real=0.08 secs] 
3410.162: [GC (Allocation Failure) [PSYoungGen: 332989K->176021K(465920K)] 721096K->598241K(1864192K), 0.0347186 secs] [Times: user=0.15 sys=0.01, real=0.03 secs] 
3410.311: [GC (Allocation Failure) [PSYoungGen: 408981K->182997K(465920K)] 831201K->659825K(1864192K), 0.0429070 secs] [Times: user=0.20 sys=0.00, real=0.04 secs] 
3410.982: [GC (Allocation Failure) [PSYoungGen: 415957K->185877K(465920K)] 892785K->717905K(1864192K), 0.1154378 secs] [Times: user=0.59 sys=0.00, real=0.11 secs] 
3413.237: [GC (Allocation Failure) [PSYoungGen: 418837K->98299K(465920K)] 950865K->700520K(1864192K), 0.0461893 secs] [Times: user=0.24 sys=0.00, real=0.05 secs] 
3413.900: [GC (Allocation Failure) [PSYoungGen: 331259K->166804K(465920K)] 933480K->800757K(1864192K), 0.0559552 secs] [Times: user=0.26 sys=0.00, real=0.06 secs] 
3414.149: [GC (Allocation Failure) [PSYoungGen: 399764K->185334K(465920K)] 1033717K->871479K(1864192K), 0.0580643 secs] [Times: user=0.28 sys=0.00, real=0.06 secs] 
3414.334: [GC (Allocation Failure) [PSYoungGen: 418294K->186231K(465920K)] 1104439K->936888K(1864192K), 0.0499650 secs] [Times: user=0.23 sys=0.00, real=0.05 secs] 
3414.813: [GC (Allocation Failure) [PSYoungGen: 417137K->213108K(465920K)] 1167794K->1022853K(1864192K), 0.0535218 secs] [Times: user=0.26 sys=0.00, real=0.05 secs] 
3415.636: [GC (Allocation Failure) [PSYoungGen: 446068K->95147K(465920K)] 1255813K->972660K(1864192K), 0.0577470 secs] [Times: user=0.31 sys=0.00, real=0.06 secs] 
3415.828: [GC (Allocation Failure) [PSYoungGen: 328107K->183894K(465920K)] 1205620K->1091816K(1864192K), 0.0351679 secs] [Times: user=0.15 sys=0.00, real=0.04 secs] 
3415.978: [GC (Allocation Failure) [PSYoungGen: 416854K->185622K(465920K)] 1324776K->1150992K(1864192K), 0.0450177 secs] [Times: user=0.21 sys=0.00, real=0.05 secs] 
3416.159: [GC (Allocation Failure) [PSYoungGen: 418582K->187477K(465920K)] 1383952K->1209399K(1864192K), 0.0516784 secs] [Times: user=0.25 sys=0.00, real=0.06 secs] 
3417.393: [GC (Allocation Failure) [PSYoungGen: 420437K->98107K(465920K)] 1442359K->1190646K(1864192K), 0.0829053 secs] [Times: user=0.45 sys=0.00, real=0.08 secs] 
3418.554: [GC (Allocation Failure) [PSYoungGen: 331067K->170260K(465920K)] 1423606K->1294543K(1864192K), 0.0585550 secs] [Times: user=0.28 sys=0.00, real=0.06 secs] 
3418.805: [GC (Allocation Failure) [PSYoungGen: 403220K->185302K(465920K)] 1527503K->1362745K(1864192K), 0.0606924 secs] [Times: user=0.29 sys=0.00, real=0.06 secs] 
3419.230: [GC (Allocation Failure) [PSYoungGen: 418262K->185623K(465920K)] 1595705K->1427586K(1864192K), 0.1015518 secs] [Times: user=0.52 sys=0.00, real=0.10 secs] 
3420.401: [GC (Allocation Failure) [PSYoungGen: 418583K->211507K(465920K)] 1660546K->1512239K(1864192K), 0.0537738 secs] [Times: user=0.27 sys=0.00, real=0.05 secs] 
3421.235: [GC (Allocation Failure) [PSYoungGen: 444467K->99867K(465920K)] 1745199K->1466999K(1864192K), 0.0488199 secs] [Times: user=0.25 sys=0.01, real=0.05 secs] 
3421.284: [Full GC (Ergonomics) [PSYoungGen: 99867K->0K(465920K)] [ParOldGen: 1367131K->119063K(1398272K)] 1466999K->119063K(1864192K), [Metaspace: 60059K->60059K(1105920K)], 0.1057896 secs] [Times: user=0.43 sys=0.00, real=0.10 secs] 
3421.560: [GC (Allocation Failure) [PSYoungGen: 232689K->183286K(465920K)] 351753K->302350K(1864192K), 0.0334696 secs] [Times: user=0.12 sys=0.00, real=0.03 secs] 
3421.722: [GC (Allocation Failure) [PSYoungGen: 416246K->185718K(465920K)] 535310K->361778K(1864192K), 0.0440534 secs] [Times: user=0.19 sys=0.00, real=0.04 secs] 
3421.892: [GC (Allocation Failure) [PSYoungGen: 418678K->184180K(465920K)] 594738K->416296K(1864192K), 0.0595655 secs] [Times: user=0.28 sys=0.01, real=0.06 secs] 
3423.001: [GC (Allocation Failure) [PSYoungGen: 417140K->97099K(465920K)] 649256K->398735K(1864192K), 0.0439841 secs] [Times: user=0.23 sys=0.01, real=0.04 secs] 
3423.366: [GC (Allocation Failure) [PSYoungGen: 330059K->173973K(465920K)] 631695K->506845K(1864192K), 0.0606040 secs] [Times: user=0.29 sys=0.00, real=0.06 secs] 
3423.566: [GC (Allocation Failure) [PSYoungGen: 406933K->182389K(465920K)] 739805K->569926K(1864192K), 0.0433899 secs] [Times: user=0.20 sys=0.00, real=0.05 secs] 
3423.765: [GC (Allocation Failure) [PSYoungGen: 415349K->185847K(465920K)] 802886K->636736K(1864192K), 0.0679046 secs] [Times: user=0.33 sys=0.00, real=0.07 secs] 
3424.243: [GC (Allocation Failure) [PSYoungGen: 415539K->192563K(465920K)] 866428K->702260K(1864192K), 0.0519960 secs] [Times: user=0.25 sys=0.00, real=0.05 secs] 
3425.540: [GC (Allocation Failure) [PSYoungGen: 425523K->102556K(465920K)] 935220K->678685K(1864192K), 0.0922418 secs] [Times: user=0.50 sys=0.00, real=0.09 secs] 
3425.811: [GC (Allocation Failure) [PSYoungGen: 330299K->179861K(465920K)] 906429K->788903K(1864192K), 0.0348541 secs] [Times: user=0.14 sys=0.00, real=0.03 secs] 
3425.958: [GC (Allocation Failure) [PSYoungGen: 412821K->181205K(465920K)] 1021863K->846047K(1864192K), 0.0429412 secs] [Times: user=0.20 sys=0.00, real=0.05 secs] 
3426.220: [GC (Allocation Failure) [PSYoungGen: 414165K->186261K(465920K)] 1079007K->906199K(1864192K), 0.0595753 secs] [Times: user=0.28 sys=0.00, real=0.05 secs] 
3428.650: [GC (Allocation Failure) [PSYoungGen: 419221K->97211K(465920K)] 1139159K->887181K(1864192K), 0.0444897 secs] [Times: user=0.23 sys=0.00, real=0.05 secs] 
3428.985: [GC (Allocation Failure) [PSYoungGen: 330171K->173460K(465920K)] 1120141K->994643K(1864192K), 0.0585340 secs] [Times: user=0.28 sys=0.00, real=0.06 secs] 
3429.179: [GC (Allocation Failure) [PSYoungGen: 406420K->185174K(465920K)] 1227603K->1061289K(1864192K), 0.0434663 secs] [Times: user=0.19 sys=0.00, real=0.05 secs] 
3429.366: [GC (Allocation Failure) [PSYoungGen: 418134K->185911K(465920K)] 1294249K->1126618K(1864192K), 0.0602450 secs] [Times: user=0.29 sys=0.00, real=0.06 secs] 
3429.717: [GC (Allocation Failure) [PSYoungGen: 417548K->209075K(465920K)] 1358255K->1208566K(1864192K), 0.0537592 secs] [Times: user=0.26 sys=0.01, real=0.06 secs] 
3430.634: [GC (Allocation Failure) [PSYoungGen: 442035K->97147K(465920K)] 1441526K->1163442K(1864192K), 0.0647772 secs] [Times: user=0.34 sys=0.00, real=0.06 secs] 
3430.913: [GC (Allocation Failure) [PSYoungGen: 330107K->183990K(465920K)] 1396402K->1281234K(1864192K), 0.0430221 secs] [Times: user=0.19 sys=0.00, real=0.04 secs] 
3431.070: [GC (Allocation Failure) [PSYoungGen: 416950K->185814K(465920K)] 1514194K->1340634K(1864192K), 0.0450567 secs] [Times: user=0.21 sys=0.00, real=0.04 secs] 
3431.225: [GC (Allocation Failure) [PSYoungGen: 418774K->187541K(465920K)] 1573594K->1398689K(1864192K), 0.0469296 secs] [Times: user=0.22 sys=0.00, real=0.05 secs] 
3432.331: [GC (Allocation Failure) [PSYoungGen: 420501K->95659K(465920K)] 1631649K->1377511K(1864192K), 0.0585711 secs] [Times: user=0.32 sys=0.00, real=0.05 secs] 
3433.028: [GC (Allocation Failure) [PSYoungGen: 328619K->174773K(465920K)] 1610471K->1487934K(1864192K), 0.0606709 secs] [Times: user=0.29 sys=0.00, real=0.06 secs] 
3433.088: [Full GC (Ergonomics) [PSYoungGen: 174773K->0K(465920K)] [ParOldGen: 1313160K->199823K(1398272K)] 1487934K->199823K(1864192K), [Metaspace: 60072K->60072K(1105920K)], 0.1947289 secs] [Times: user=0.88 sys=0.00, real=0.20 secs] 
3433.427: [GC (Allocation Failure) [PSYoungGen: 232960K->185526K(465920K)] 432783K->385350K(1864192K), 0.0336769 secs] [Times: user=0.13 sys=0.00, real=0.04 secs] 
3433.863: [GC (Allocation Failure) [PSYoungGen: 418486K->182294K(465920K)] 618310K->446438K(1864192K), 0.0533123 secs] [Times: user=0.25 sys=0.00, real=0.05 secs] 
3434.813: [GC (Allocation Failure) [PSYoungGen: 415254K->172691K(465920K)] 679398K->495051K(1864192K), 0.0537941 secs] [Times: user=0.26 sys=0.00, real=0.05 secs] 
3436.600: [GC (Allocation Failure) [PSYoungGen: 405651K->101900K(465920K)] 728011K->490100K(1864192K), 0.0947216 secs] [Times: user=0.50 sys=0.00, real=0.10 secs] 
3436.915: [GC (Allocation Failure) [PSYoungGen: 332530K->179445K(465920K)] 720730K->600494K(1864192K), 0.0357437 secs] [Times: user=0.15 sys=0.00, real=0.04 secs] 
3437.063: [GC (Allocation Failure) [PSYoungGen: 412405K->185590K(465920K)] 833454K->662375K(1864192K), 0.0430679 secs] [Times: user=0.20 sys=0.00, real=0.04 secs] 
3437.214: [GC (Allocation Failure) [PSYoungGen: 418550K->184180K(465920K)] 895335K->717205K(1864192K), 0.0451989 secs] [Times: user=0.21 sys=0.01, real=0.04 secs] 
3438.200: [GC (Allocation Failure) [PSYoungGen: 417140K->99244K(465920K)] 950165K->701812K(1864192K), 0.0441972 secs] [Times: user=0.23 sys=0.00, real=0.04 secs] 
3438.415: [GC (Allocation Failure) [PSYoungGen: 332204K->173172K(465920K)] 934772K->807886K(1864192K), 0.0594459 secs] [Times: user=0.28 sys=0.00, real=0.06 secs] 
3438.674: [GC (Allocation Failure) [PSYoungGen: 406132K->201814K(465920K)] 1040846K->891076K(1864192K), 0.0574021 secs] [Times: user=0.27 sys=0.00, real=0.06 secs] 
3438.892: [GC (Allocation Failure) [PSYoungGen: 434774K->186039K(465920K)] 1124036K->947949K(1864192K), 0.0551144 secs] [Times: user=0.26 sys=0.00, real=0.05 secs] 
3439.635: [GC (Allocation Failure) [PSYoungGen: 418999K->210579K(465920K)] 1180909K->1031501K(1864192K), 0.0525777 secs] [Times: user=0.26 sys=0.00, real=0.05 secs] 
3440.430: [GC (Allocation Failure) [PSYoungGen: 443539K->104764K(465920K)] 1264461K->990526K(1864192K), 0.0600053 secs] [Times: user=0.32 sys=0.00, real=0.06 secs] 
3440.622: [GC (Allocation Failure) [PSYoungGen: 329748K->177237K(465920K)] 1215510K->1096523K(1864192K), 0.0351396 secs] [Times: user=0.15 sys=0.00, real=0.03 secs] 
3441.105: [GC (Allocation Failure) [PSYoungGen: 410197K->182485K(465920K)] 1329483K->1156828K(1864192K), 0.0879528 secs] [Times: user=0.44 sys=0.00, real=0.09 secs] 
3441.701: [GC (GCLocker Initiated GC) [PSYoungGen: 415445K->183764K(465920K)] 1389788K->1213067K(1864192K), 0.0806235 secs] [Times: user=0.41 sys=0.00, real=0.08 secs] 
3444.144: [GC (Allocation Failure) [PSYoungGen: 416724K->99548K(465920K)] 1446029K->1198188K(1864192K), 0.0443139 secs] [Times: user=0.23 sys=0.00, real=0.04 secs] 
3444.693: [GC (Allocation Failure) [PSYoungGen: 332508K->166580K(465920K)] 1431148K->1297169K(1864192K), 0.0615443 secs] [Times: user=0.30 sys=0.00, real=0.06 secs] 
3444.885: [GC (Allocation Failure) [PSYoungGen: 399540K->185366K(465920K)] 1530129K->1368227K(1864192K), 0.0449490 secs] [Times: user=0.20 sys=0.00, real=0.05 secs] 
3445.046: [GC (Allocation Failure) [PSYoungGen: 418326K->186007K(465920K)] 1601187K->1433260K(1864192K), 0.0528845 secs] [Times: user=0.25 sys=0.00, real=0.05 secs] 
3445.336: [GC (Allocation Failure) [PSYoungGen: 417648K->197108K(465920K)] 1664902K->1503329K(1864192K), 0.0550180 secs] [Times: user=0.27 sys=0.00, real=0.06 secs] 
3446.231: [GC (Allocation Failure) [PSYoungGen: 430068K->97947K(465920K)] 1736289K->1472325K(1864192K), 0.0448518 secs] [Times: user=0.23 sys=0.00, real=0.04 secs] 
3446.276: [Full GC (Ergonomics) [PSYoungGen: 97947K->0K(465920K)] [ParOldGen: 1374377K->117153K(1398272K)] 1472325K->117153K(1864192K), [Metaspace: 60091K->60091K(1105920K)], 0.1034334 secs] [Times: user=0.42 sys=0.00, real=0.11 secs] 
3446.555: [GC (Allocation Failure) [PSYoungGen: 232960K->177813K(465920K)] 350113K->294966K(1864192K), 0.0327432 secs] [Times: user=0.12 sys=0.00, real=0.03 secs] 
3446.720: [GC (Allocation Failure) [PSYoungGen: 410773K->193558K(465920K)] 527926K->366427K(1864192K), 0.0418057 secs] [Times: user=0.19 sys=0.00, real=0.05 secs] 
3446.871: [GC (Allocation Failure) [PSYoungGen: 426518K->187861K(465920K)] 599387K->417054K(1864192K), 0.0447639 secs] [Times: user=0.20 sys=0.00, real=0.04 secs] 
3448.111: [GC (Allocation Failure) [PSYoungGen: 420821K->100412K(465920K)] 650014K->400249K(1864192K), 0.0703136 secs] [Times: user=0.38 sys=0.00, real=0.07 secs] 
3448.939: [GC (Allocation Failure) [PSYoungGen: 333372K->170740K(465920K)] 633209K->503700K(1864192K), 0.0593202 secs] [Times: user=0.28 sys=0.00, real=0.06 secs] 
3449.129: [GC (Allocation Failure) [PSYoungGen: 403700K->185622K(465920K)] 736660K->571870K(1864192K), 0.0419354 secs] [Times: user=0.19 sys=0.00, real=0.05 secs] 
3449.489: [GC (Allocation Failure) [PSYoungGen: 418582K->182998K(465920K)] 804830K->633878K(1864192K), 0.0522652 secs] [Times: user=0.24 sys=0.00, real=0.06 secs] 
3450.575: [GC (Allocation Failure) [PSYoungGen: 413453K->212212K(465920K)] 864333K->721076K(1864192K), 0.0526422 secs] [Times: user=0.26 sys=0.00, real=0.05 secs] 
3451.493: [GC (Allocation Failure) [PSYoungGen: 445172K->97083K(465920K)] 954036K->673115K(1864192K), 0.0921648 secs] [Times: user=0.50 sys=0.00, real=0.09 secs] 
3451.771: [GC (Allocation Failure) [PSYoungGen: 330043K->184438K(465920K)] 906075K->791743K(1864192K), 0.0344698 secs] [Times: user=0.14 sys=0.00, real=0.03 secs] 
3451.948: [GC (Allocation Failure) [PSYoungGen: 417398K->185878K(465920K)] 1024703K->850543K(1864192K), 0.0484737 secs] [Times: user=0.23 sys=0.00, real=0.05 secs] 
3452.132: [GC (Allocation Failure) [PSYoungGen: 418838K->184276K(465920K)] 1083503K->905294K(1864192K), 0.0521304 secs] [Times: user=0.24 sys=0.00, real=0.05 secs] 
3453.123: [GC (Allocation Failure) [PSYoungGen: 417226K->99148K(465920K)] 1138243K->889717K(1864192K), 0.0468172 secs] [Times: user=0.24 sys=0.00, real=0.05 secs] 
3453.412: [GC (Allocation Failure) [PSYoungGen: 332108K->173780K(465920K)] 1122677K->996018K(1864192K), 0.0610584 secs] [Times: user=0.29 sys=0.00, real=0.06 secs] 
3453.605: [GC (Allocation Failure) [PSYoungGen: 406740K->185718K(465920K)] 1228978K->1062948K(1864192K), 0.0432424 secs] [Times: user=0.19 sys=0.00, real=0.04 secs] 
3453.764: [GC (Allocation Failure) [PSYoungGen: 418678K->185143K(465920K)] 1295908K->1127037K(1864192K), 0.0501846 secs] [Times: user=0.23 sys=0.00, real=0.05 secs] 
3454.452: [GC (Allocation Failure) [PSYoungGen: 418103K->211283K(465920K)] 1359997K->1212021K(1864192K), 0.0553828 secs] [Times: user=0.28 sys=0.00, real=0.05 secs] 
3455.381: [GC (Allocation Failure) [PSYoungGen: 444243K->105356K(465920K)] 1444981K->1171054K(1864192K), 0.0805977 secs] [Times: user=0.43 sys=0.00, real=0.08 secs] 
3455.623: [GC (Allocation Failure) [PSYoungGen: 332669K->176917K(465920K)] 1398368K->1276288K(1864192K), 0.0357089 secs] [Times: user=0.15 sys=0.00, real=0.03 secs] 
3455.961: [GC (Allocation Failure) [PSYoungGen: 409877K->182677K(465920K)] 1509248K->1336952K(1864192K), 0.0680737 secs] [Times: user=0.33 sys=0.00, real=0.06 secs] 
3456.512: [GC (Allocation Failure) [PSYoungGen: 415637K->186869K(465920K)] 1569912K->1396696K(1864192K), 0.0699624 secs] [Times: user=0.35 sys=0.01, real=0.07 secs] 
3458.464: [GC (Allocation Failure) [PSYoungGen: 419829K->98523K(465920K)] 1629656K->1378767K(1864192K), 0.0538703 secs] [Times: user=0.28 sys=0.00, real=0.05 secs] 
3458.876: [GC (Allocation Failure) [PSYoungGen: 331483K->170644K(465920K)] 1611727K->1482732K(1864192K), 0.0652127 secs] [Times: user=0.32 sys=0.00, real=0.07 secs] 
3458.942: [Full GC (Ergonomics) [PSYoungGen: 170644K->0K(465920K)] [ParOldGen: 1312088K->193541K(1398272K)] 1482732K->193541K(1864192K), [Metaspace: 60092K->60092K(1105920K)], 0.2066743 secs] [Times: user=0.91 sys=0.01, real=0.20 secs] 
3459.291: [GC (Allocation Failure) [PSYoungGen: 232960K->185430K(465920K)] 426501K->378971K(1864192K), 0.0338390 secs] [Times: user=0.14 sys=0.00, real=0.03 secs] 
3459.441: [GC (Allocation Failure) [PSYoungGen: 418272K->186231K(465920K)] 611814K->444188K(1864192K), 0.0442103 secs] [Times: user=0.20 sys=0.00, real=0.04 secs] 
3459.884: [GC (Allocation Failure) [PSYoungGen: 415227K->207667K(465920K)] 673184K->524737K(1864192K), 0.0521379 secs] [Times: user=0.24 sys=0.01, real=0.05 secs] 
3460.659: [GC (Allocation Failure) [PSYoungGen: 440627K->99147K(465920K)] 757697K->482241K(1864192K), 0.0513468 secs] [Times: user=0.27 sys=0.01, real=0.06 secs] 
3460.889: [GC (Allocation Failure) [PSYoungGen: 332107K->183510K(465920K)] 715201K->598104K(1864192K), 0.0481481 secs] [Times: user=0.21 sys=0.00, real=0.05 secs] 
3461.067: [GC (Allocation Failure) [PSYoungGen: 416460K->185558K(465920K)] 831055K->657476K(1864192K), 0.0444365 secs] [Times: user=0.20 sys=0.00, real=0.05 secs] 
3461.223: [GC (Allocation Failure) [PSYoungGen: 418518K->187509K(465920K)] 890436K->715692K(1864192K), 0.0457627 secs] [Times: user=0.22 sys=0.00, real=0.04 secs] 
3462.287: [GC (Allocation Failure) [PSYoungGen: 420406K->97035K(465920K)] 948589K->695906K(1864192K), 0.0586744 secs] [Times: user=0.31 sys=0.00, real=0.06 secs] 
3463.042: [GC (Allocation Failure) [PSYoungGen: 329995K->174261K(465920K)] 928866K->805580K(1864192K), 0.0563409 secs] [Times: user=0.26 sys=0.00, real=0.05 secs] 
3463.229: [GC (Allocation Failure) [PSYoungGen: 407221K->184374K(465920K)] 1038540K->869989K(1864192K), 0.0433834 secs] [Times: user=0.19 sys=0.00, real=0.05 secs] 
3463.388: [GC (Allocation Failure) [PSYoungGen: 417334K->183478K(465920K)] 1102949K->933246K(1864192K), 0.0501678 secs] [Times: user=0.22 sys=0.00, real=0.05 secs] 
3465.276: [GC (Allocation Failure) [PSYoungGen: 416438K->170675K(465920K)] 1166206K->978762K(1864192K), 0.0576054 secs] [Times: user=0.29 sys=0.00, real=0.06 secs] 
3465.874: [GC (Allocation Failure) [PSYoungGen: 403635K->109837K(465920K)] 1211722K->983180K(1864192K), 0.0601506 secs] [Times: user=0.31 sys=0.00, real=0.06 secs] 
3466.135: [GC (Allocation Failure) [PSYoungGen: 337083K->172693K(465920K)] 1210426K->1081045K(1864192K), 0.0477766 secs] [Times: user=0.21 sys=0.00, real=0.05 secs] 
3466.350: [GC (Allocation Failure) [PSYoungGen: 405653K->185366K(465920K)] 1314005K->1147394K(1864192K), 0.0526214 secs] [Times: user=0.25 sys=0.00, real=0.06 secs] 
3466.526: [GC (Allocation Failure) [PSYoungGen: 418326K->184308K(465920K)] 1380354K->1202273K(1864192K), 0.0474129 secs] [Times: user=0.21 sys=0.01, real=0.05 secs] 
3467.503: [GC (Allocation Failure) [PSYoungGen: 417268K->101052K(465920K)] 1435233K->1188709K(1864192K), 0.0461812 secs] [Times: user=0.24 sys=0.00, real=0.04 secs] 
3467.758: [GC (Allocation Failure) [PSYoungGen: 334012K->171924K(465920K)] 1421669K->1292506K(1864192K), 0.0685805 secs] [Times: user=0.33 sys=0.00, real=0.07 secs] 
3467.995: [GC (Allocation Failure) [PSYoungGen: 404884K->184918K(465920K)] 1525466K->1359599K(1864192K), 0.0434383 secs] [Times: user=0.20 sys=0.00, real=0.04 secs] 
3468.154: [GC (Allocation Failure) [PSYoungGen: 417878K->182742K(465920K)] 1592559K->1421644K(1864192K), 0.0505420 secs] [Times: user=0.23 sys=0.00, real=0.05 secs] 
3469.047: [GC (Allocation Failure) [PSYoungGen: 415702K->216638K(465920K)] 1654604K->1513592K(1864192K), 0.0523803 secs] [Times: user=0.26 sys=0.00, real=0.05 secs] 
3469.552: [GC (Allocation Failure) [PSYoungGen: 449598K->107836K(465920K)] 1746552K->1470842K(1864192K), 0.0557797 secs] [Times: user=0.30 sys=0.00, real=0.05 secs] 
3469.608: [Full GC (Ergonomics) [PSYoungGen: 107836K->0K(465920K)] [ParOldGen: 1363005K->125003K(1398272K)] 1470842K->125003K(1864192K), [Metaspace: 60098K->60098K(1105920K)], 0.1164223 secs] [Times: user=0.49 sys=0.00, real=0.12 secs] 
3469.849: [GC (Allocation Failure) [PSYoungGen: 232960K->180085K(465920K)] 357963K->305089K(1864192K), 0.0264407 secs] [Times: user=0.10 sys=0.01, real=0.03 secs] 
3470.177: [GC (GCLocker Initiated GC) [PSYoungGen: 413045K->183478K(465920K)] 538049K->371242K(1864192K), 0.0607006 secs] [Times: user=0.29 sys=0.00, real=0.06 secs] 
3470.727: [GC (Allocation Failure) [PSYoungGen: 416438K->183508K(465920K)] 604369K->429639K(1864192K), 0.1174392 secs] [Times: user=0.62 sys=0.01, real=0.12 secs] 
3473.466: [GC (Allocation Failure) [PSYoungGen: 416468K->97707K(465920K)] 662599K->413078K(1864192K), 0.0698617 secs] [Times: user=0.37 sys=0.00, real=0.07 secs] 
3474.229: [GC (Allocation Failure) [PSYoungGen: 330667K->167924K(465920K)] 646038K->515031K(1864192K), 0.0588849 secs] [Times: user=0.27 sys=0.01, real=0.06 secs] 
3474.470: [GC (Allocation Failure) [PSYoungGen: 400884K->183989K(465920K)] 747991K->583629K(1864192K), 0.0583605 secs] [Times: user=0.28 sys=0.00, real=0.06 secs] 
3474.715: [GC (Allocation Failure) [PSYoungGen: 416949K->183798K(465920K)] 816589K->647310K(1864192K), 0.0689511 secs] [Times: user=0.34 sys=0.00, real=0.07 secs] 
3475.592: [GC (Allocation Failure) [PSYoungGen: 413250K->210643K(465920K)] 876761K->732443K(1864192K), 0.0570455 secs] [Times: user=0.28 sys=0.00, real=0.05 secs] 
3476.042: [GC (Allocation Failure) [PSYoungGen: 443603K->101596K(465920K)] 965403K->689795K(1864192K), 0.0458451 secs] [Times: user=0.24 sys=0.00, real=0.04 secs] 
3476.264: [GC (Allocation Failure) [PSYoungGen: 334556K->180821K(465920K)] 922755K->801174K(1864192K), 0.0496835 secs] [Times: user=0.21 sys=0.00, real=0.05 secs] 
3476.446: [GC (Allocation Failure) [PSYoungGen: 413781K->185110K(465920K)] 1034134K->861930K(1864192K), 0.0443773 secs] [Times: user=0.20 sys=0.00, real=0.05 secs] 
3476.602: [GC (Allocation Failure) [PSYoungGen: 418070K->187701K(465920K)] 1094890K->920650K(1864192K), 0.0464652 secs] [Times: user=0.21 sys=0.00, real=0.04 secs] 
3477.975: [GC (Allocation Failure) [PSYoungGen: 420661K->98459K(465920K)] 1153610K->902060K(1864192K), 0.1020342 secs] [Times: user=0.56 sys=0.00, real=0.10 secs] 
3479.575: [GC (Allocation Failure) [PSYoungGen: 331419K->166516K(465920K)] 1135020K->1002121K(1864192K), 0.0635483 secs] [Times: user=0.31 sys=0.01, real=0.06 secs] 
3479.842: [GC (Allocation Failure) [PSYoungGen: 399476K->185462K(465920K)] 1235081K->1073351K(1864192K), 0.0576560 secs] [Times: user=0.27 sys=0.00, real=0.06 secs] 
3480.059: [GC (Allocation Failure) [PSYoungGen: 418422K->185943K(465920K)] 1306311K->1138208K(1864192K), 0.0676805 secs] [Times: user=0.33 sys=0.00, real=0.07 secs] 
3480.883: [GC (Allocation Failure) [PSYoungGen: 417154K->211219K(465920K)] 1369420K->1222485K(1864192K), 0.0578923 secs] [Times: user=0.29 sys=0.00, real=0.06 secs] 
3481.383: [GC (Allocation Failure) [PSYoungGen: 444179K->102892K(465920K)] 1455445K->1180597K(1864192K), 0.0736635 secs] [Times: user=0.39 sys=0.00, real=0.07 secs] 
3481.639: [GC (Allocation Failure) [PSYoungGen: 334870K->180470K(465920K)] 1412576K->1291228K(1864192K), 0.0375848 secs] [Times: user=0.15 sys=0.01, real=0.04 secs] 
3481.813: [GC (Allocation Failure) [PSYoungGen: 413430K->182197K(465920K)] 1524188K->1349024K(1864192K), 0.0618812 secs] [Times: user=0.29 sys=0.00, real=0.06 secs] 
3482.040: [GC (Allocation Failure) [PSYoungGen: 415157K->187189K(465920K)] 1581984K->1409007K(1864192K), 0.0687721 secs] [Times: user=0.34 sys=0.00, real=0.07 secs] 
3483.088: [GC (Allocation Failure) [PSYoungGen: 420149K->102188K(465920K)] 1641967K->1394503K(1864192K), 0.0503828 secs] [Times: user=0.26 sys=0.00, real=0.05 secs] 
3483.513: [GC (GCLocker Initiated GC) [PSYoungGen: 335148K->169204K(465920K)] 1627463K->1494415K(1864192K), 0.0473360 secs] [Times: user=0.22 sys=0.00, real=0.05 secs] 
3483.561: [Full GC (Ergonomics) [PSYoungGen: 169204K->0K(465920K)] [ParOldGen: 1325211K->193676K(1398272K)] 1494415K->193676K(1864192K), [Metaspace: 60100K->60100K(1105920K)], 0.1787461 secs] [Times: user=0.80 sys=0.00, real=0.17 secs] 
3483.873: [GC (Allocation Failure) [PSYoungGen: 232960K->184758K(465920K)] 426639K->378437K(1864192K), 0.0363631 secs] [Times: user=0.15 sys=0.00, real=0.03 secs] 
3484.025: [GC (Allocation Failure) [PSYoungGen: 417718K->186327K(465920K)] 611397K->444350K(1864192K), 0.0438247 secs] [Times: user=0.20 sys=0.00, real=0.04 secs] 
3485.144: [GC (Allocation Failure) [PSYoungGen: 419287K->170931K(465920K)] 677310K->488039K(1864192K), 0.0538656 secs] [Times: user=0.27 sys=0.00, real=0.05 secs] 
3486.171: [GC (Allocation Failure) [PSYoungGen: 403891K->109229K(465920K)] 720999K->491800K(1864192K), 0.1035349 secs] [Times: user=0.55 sys=0.00, real=0.10 secs] 
3486.466: [GC (GCLocker Initiated GC) [PSYoungGen: 342189K->179509K(465920K)] 724760K->597474K(1864192K), 0.0359766 secs] [Times: user=0.15 sys=0.00, real=0.04 secs] 
3486.649: [GC (Allocation Failure) [PSYoungGen: 412469K->185143K(465920K)] 830437K->665823K(1864192K), 0.0661580 secs] [Times: user=0.32 sys=0.00, real=0.07 secs] 
3486.860: [GC (Allocation Failure) [PSYoungGen: 418103K->183796K(465920K)] 898783K->723077K(1864192K), 0.0568421 secs] [Times: user=0.27 sys=0.00, real=0.05 secs] 
3488.060: [GC (Allocation Failure) [PSYoungGen: 416756K->100556K(465920K)] 956037K->709164K(1864192K), 0.0716453 secs] [Times: user=0.38 sys=0.00, real=0.07 secs] 
3488.485: [GC (Allocation Failure) [PSYoungGen: 333516K->176181K(465920K)] 942124K->817494K(1864192K), 0.0414698 secs] [Times: user=0.18 sys=0.00, real=0.04 secs] 
3488.642: [GC (Allocation Failure) [PSYoungGen: 409141K->185750K(465920K)] 1050454K->881995K(1864192K), 0.0434653 secs] [Times: user=0.20 sys=0.00, real=0.04 secs] 
3488.817: [GC (Allocation Failure) [PSYoungGen: 402718K->172085K(465920K)] 1098963K->932770K(1864192K), 0.0537784 secs] [Times: user=0.26 sys=0.00, real=0.06 secs] 
3489.604: [GC (Allocation Failure) [PSYoungGen: 405045K->210483K(465920K)] 1165730K->1025972K(1864192K), 0.0532241 secs] [Times: user=0.26 sys=0.00, real=0.05 secs] 
3489.986: [GC (Allocation Failure) [PSYoungGen: 443443K->105692K(465920K)] 1258932K->985949K(1864192K), 0.0496440 secs] [Times: user=0.25 sys=0.00, real=0.05 secs] 
3490.188: [GC (Allocation Failure) [PSYoungGen: 333937K->176853K(465920K)] 1214194K->1090691K(1864192K), 0.0501428 secs] [Times: user=0.23 sys=0.00, real=0.05 secs] 
3490.431: [GC (Allocation Failure) [PSYoungGen: 409813K->185494K(465920K)] 1323651K->1154524K(1864192K), 0.0580140 secs] [Times: user=0.28 sys=0.00, real=0.05 secs] 
3490.604: [GC (Allocation Failure) [PSYoungGen: 418454K->187349K(465920K)] 1387484K->1212619K(1864192K), 0.0461872 secs] [Times: user=0.22 sys=0.00, real=0.05 secs] 
3491.737: [GC (Allocation Failure) [PSYoungGen: 420309K->96635K(465920K)] 1445579K->1192441K(1864192K), 0.0481522 secs] [Times: user=0.25 sys=0.00, real=0.05 secs] 
3492.467: [GC (Allocation Failure) [PSYoungGen: 329595K->174005K(465920K)] 1425401K->1301224K(1864192K), 0.0568454 secs] [Times: user=0.27 sys=0.00, real=0.06 secs] 
3492.658: [GC (Allocation Failure) [PSYoungGen: 406965K->185494K(465920K)] 1534184K->1366713K(1864192K), 0.0452723 secs] [Times: user=0.20 sys=0.00, real=0.05 secs] 
3493.385: [GC (Allocation Failure) [PSYoungGen: 418454K->180950K(465920K)] 1599673K->1426697K(1864192K), 0.0752292 secs] [Times: user=0.37 sys=0.00, real=0.08 secs] 
3494.948: [GC (Allocation Failure) [PSYoungGen: 413910K->210003K(465920K)] 1659657K->1513094K(1864192K), 0.0531279 secs] [Times: user=0.25 sys=0.00, real=0.06 secs] 
3495.853: [GC (Allocation Failure) [PSYoungGen: 442963K->103116K(465920K)] 1746054K->1472039K(1864192K), 0.0908761 secs] [Times: user=0.49 sys=0.00, real=0.09 secs] 
3495.944: [Full GC (Ergonomics) [PSYoungGen: 103116K->0K(465920K)] [ParOldGen: 1368923K->120612K(1398272K)] 1472039K->120612K(1864192K), [Metaspace: 60104K->60104K(1105920K)], 0.1714310 secs] [Times: user=0.75 sys=0.00, real=0.17 secs] 
3496.250: [GC (Allocation Failure) [PSYoungGen: 232960K->179925K(465920K)] 353572K->300538K(1864192K), 0.0247775 secs] [Times: user=0.09 sys=0.00, real=0.03 secs] 
3496.436: [GC (Allocation Failure) [PSYoungGen: 412885K->193430K(465920K)] 533498K->369882K(1864192K), 0.0549931 secs] [Times: user=0.26 sys=0.00, real=0.06 secs] 
3496.605: [GC (Allocation Failure) [PSYoungGen: 426390K->187797K(465920K)] 602842K->420449K(1864192K), 0.0451862 secs] [Times: user=0.21 sys=0.00, real=0.05 secs] 
3497.626: [GC (Allocation Failure) [PSYoungGen: 420757K->95739K(465920K)] 653409K->399011K(1864192K), 0.0432276 secs] [Times: user=0.23 sys=0.00, real=0.04 secs] 
3497.916: [GC (Allocation Failure) [PSYoungGen: 328699K->174101K(465920K)] 631971K->508370K(1864192K), 0.0662028 secs] [Times: user=0.31 sys=0.00, real=0.07 secs] 
3498.195: [GC (Allocation Failure) [PSYoungGen: 407061K->185174K(465920K)] 741330K->574007K(1864192K), 0.0499348 secs] [Times: user=0.24 sys=0.00, real=0.05 secs] 
3498.359: [GC (Allocation Failure) [PSYoungGen: 417277K->184663K(465920K)] 806110K->637720K(1864192K), 0.0489976 secs] [Times: user=0.23 sys=0.00, real=0.05 secs] 
3499.186: [GC (Allocation Failure) [PSYoungGen: 417481K->205939K(465920K)] 870538K->717752K(1864192K), 0.0546521 secs] [Times: user=0.27 sys=0.00, real=0.06 secs] 
3500.224: [GC (Allocation Failure) [PSYoungGen: 438899K->107756K(465920K)] 950712K->684170K(1864192K), 0.0772094 secs] [Times: user=0.41 sys=0.00, real=0.08 secs] 
3500.509: [GC (Allocation Failure) [PSYoungGen: 334189K->176469K(465920K)] 910602K->786675K(1864192K), 0.0446815 secs] [Times: user=0.20 sys=0.00, real=0.05 secs] 
3501.058: [GC (Allocation Failure) [PSYoungGen: 409429K->185398K(465920K)] 1019635K->850307K(1864192K), 0.0790424 secs] [Times: user=0.39 sys=0.00, real=0.08 secs] 
3501.355: [GC (Allocation Failure) [PSYoungGen: 418358K->186901K(465920K)] 1083267K->907986K(1864192K), 0.0461914 secs] [Times: user=0.21 sys=0.00, real=0.05 secs] 
3502.703: [GC (Allocation Failure) [PSYoungGen: 419861K->97163K(465920K)] 1140946K->888705K(1864192K), 0.1056976 secs] [Times: user=0.57 sys=0.00, real=0.10 secs] 
3504.115: [GC (Allocation Failure) [PSYoungGen: 330123K->173141K(465920K)] 1121665K->996188K(1864192K), 0.0661863 secs] [Times: user=0.31 sys=0.00, real=0.07 secs] 
3504.334: [GC (Allocation Failure) [PSYoungGen: 406101K->185174K(465920K)] 1229148K->1062285K(1864192K), 0.0439209 secs] [Times: user=0.20 sys=0.00, real=0.04 secs] 
3504.523: [GC (Allocation Failure) [PSYoungGen: 418134K->186007K(465920K)] 1295245K->1127446K(1864192K), 0.0571704 secs] [Times: user=0.27 sys=0.00, real=0.06 secs] 
3505.200: [GC (Allocation Failure) [PSYoungGen: 418967K->206867K(465920K)] 1360406K->1207410K(1864192K), 0.0547414 secs] [Times: user=0.27 sys=0.01, real=0.05 secs] 
3505.682: [GC (Allocation Failure) [PSYoungGen: 439737K->105516K(465920K)] 1440280K->1170900K(1864192K), 0.0425688 secs] [Times: user=0.21 sys=0.00, real=0.04 secs] 
3505.886: [GC (Allocation Failure) [PSYoungGen: 334273K->177589K(465920K)] 1399657K->1276245K(1864192K), 0.0507075 secs] [Times: user=0.22 sys=0.01, real=0.05 secs] 
3506.082: [GC (Allocation Failure) [PSYoungGen: 410549K->185654K(465920K)] 1509205K->1340194K(1864192K), 0.0453184 secs] [Times: user=0.21 sys=0.00, real=0.04 secs] 
3506.239: [GC (Allocation Failure) [PSYoungGen: 418614K->187541K(465920K)] 1573154K->1398217K(1864192K), 0.0471708 secs] [Times: user=0.22 sys=0.00, real=0.05 secs] 
3507.599: [GC (Allocation Failure) [PSYoungGen: 420501K->95643K(465920K)] 1631177K->1376928K(1864192K), 0.0790750 secs] [Times: user=0.43 sys=0.00, real=0.08 secs] 
3508.383: [GC (Allocation Failure) [PSYoungGen: 328603K->173269K(465920K)] 1609888K->1486350K(1864192K), 0.0590275 secs] [Times: user=0.28 sys=0.00, real=0.06 secs] 
3508.442: [Full GC (Ergonomics) [PSYoungGen: 173269K->0K(465920K)] [ParOldGen: 1313081K->198181K(1398272K)] 1486350K->198181K(1864192K), [Metaspace: 60104K->60104K(1105920K)], 0.2059249 secs] [Times: user=0.94 sys=0.00, real=0.20 secs] 
3508.766: [GC (Allocation Failure) [PSYoungGen: 232960K->185078K(465920K)] 431141K->383259K(1864192K), 0.0326449 secs] [Times: user=0.13 sys=0.00, real=0.03 secs] 
3508.934: [GC (GCLocker Initiated GC) [PSYoungGen: 418038K->184023K(465920K)] 616220K->446485K(1864192K), 0.0438940 secs] [Times: user=0.19 sys=0.00, real=0.04 secs] 
3509.911: [GC (Allocation Failure) [PSYoungGen: 416983K->170547K(465920K)] 679446K->491418K(1864192K), 0.0550539 secs] [Times: user=0.28 sys=0.01, real=0.05 secs] 
3511.270: [GC (Allocation Failure) [PSYoungGen: 403507K->103820K(465920K)] 724378K->489771K(1864192K), 0.1010905 secs] [Times: user=0.54 sys=0.00, real=0.10 secs] 
3511.574: [GC (Allocation Failure) [PSYoungGen: 331789K->178517K(465920K)] 717740K->597662K(1864192K), 0.0342588 secs] [Times: user=0.14 sys=0.00, real=0.03 secs] 
3511.722: [GC (Allocation Failure) [PSYoungGen: 411477K->185910K(465920K)] 830622K->660470K(1864192K), 0.0430671 secs] [Times: user=0.19 sys=0.00, real=0.04 secs] 
3511.901: [GC (Allocation Failure) [PSYoungGen: 418870K->187701K(465920K)] 893430K->718597K(1864192K), 0.0500051 secs] [Times: user=0.24 sys=0.00, real=0.05 secs] 
3512.922: [GC (Allocation Failure) [PSYoungGen: 420661K->97691K(465920K)] 951557K->699196K(1864192K), 0.0441172 secs] [Times: user=0.23 sys=0.00, real=0.04 secs] 
3513.200: [GC (Allocation Failure) [PSYoungGen: 330651K->172980K(465920K)] 932156K->806078K(1864192K), 0.0613618 secs] [Times: user=0.28 sys=0.00, real=0.07 secs] 
3513.415: [GC (Allocation Failure) [PSYoungGen: 405940K->185238K(465920K)] 1039038K->872779K(1864192K), 0.0435613 secs] [Times: user=0.20 sys=0.00, real=0.04 secs] 
3513.576: [GC (Allocation Failure) [PSYoungGen: 418198K->184695K(465920K)] 1105739K->936652K(1864192K), 0.0505126 secs] [Times: user=0.23 sys=0.00, real=0.05 secs] 
3514.379: [GC (Allocation Failure) [PSYoungGen: 412682K->205747K(465920K)] 1164640K->1016416K(1864192K), 0.0544360 secs] [Times: user=0.27 sys=0.00, real=0.06 secs] 
3515.147: [GC (Allocation Failure) [PSYoungGen: 438707K->103324K(465920K)] 1249376K->978517K(1864192K), 0.0911591 secs] [Times: user=0.49 sys=0.00, real=0.09 secs] 
3515.416: [GC (Allocation Failure) [PSYoungGen: 334685K->179509K(465920K)] 1209878K->1088020K(1864192K), 0.0354456 secs] [Times: user=0.14 sys=0.00, real=0.04 secs] 
3515.567: [GC (Allocation Failure) [PSYoungGen: 412469K->185110K(465920K)] 1320980K->1149428K(1864192K), 0.0438667 secs] [Times: user=0.20 sys=0.00, real=0.05 secs] 
3515.777: [GC (Allocation Failure) [PSYoungGen: 418070K->203605K(465920K)] 1382388K->1224075K(1864192K), 0.0525953 secs] [Times: user=0.25 sys=0.00, real=0.05 secs] 
3517.796: [GC (Allocation Failure) [PSYoungGen: 436565K->99116K(465920K)] 1457035K->1190130K(1864192K), 0.1091384 secs] [Times: user=0.59 sys=0.00, real=0.11 secs] 
3519.158: [GC (Allocation Failure) [PSYoungGen: 332076K->170708K(465920K)] 1423090K->1293272K(1864192K), 0.0565581 secs] [Times: user=0.27 sys=0.00, real=0.06 secs] 
3519.352: [GC (Allocation Failure) [PSYoungGen: 403668K->185750K(465920K)] 1526232K->1361761K(1864192K), 0.0437229 secs] [Times: user=0.19 sys=0.00, real=0.04 secs] 
3519.511: [GC (Allocation Failure) [PSYoungGen: 418710K->186199K(465920K)] 1594721K->1426650K(1864192K), 0.0511129 secs] [Times: user=0.24 sys=0.00, real=0.05 secs] 
3520.231: [GC (Allocation Failure) [PSYoungGen: 419159K->206035K(465920K)] 1659610K->1505630K(1864192K), 0.0554495 secs] [Times: user=0.27 sys=0.01, real=0.05 secs] 
3520.722: [GC (Allocation Failure) [PSYoungGen: 438995K->105388K(465920K)] 1738590K->1469536K(1864192K), 0.0427353 secs] [Times: user=0.22 sys=0.00, real=0.04 secs] 
3520.765: [Full GC (Ergonomics) [PSYoungGen: 105388K->0K(465920K)] [ParOldGen: 1364147K->123071K(1398272K)] 1469536K->123071K(1864192K), [Metaspace: 60104K->60104K(1105920K)], 0.1146069 secs] [Times: user=0.48 sys=0.00, real=0.11 secs] 
3521.027: [GC (Allocation Failure) [PSYoungGen: 226761K->177461K(465920K)] 349833K->300533K(1864192K), 0.0310936 secs] [Times: user=0.11 sys=0.01, real=0.03 secs] 
3521.192: [GC (Allocation Failure) [PSYoungGen: 410421K->185622K(465920K)] 533493K->364273K(1864192K), 0.0416801 secs] [Times: user=0.18 sys=0.00, real=0.04 secs] 
3521.344: [GC (Allocation Failure) [PSYoungGen: 418582K->187733K(465920K)] 597233K->422473K(1864192K), 0.0454724 secs] [Times: user=0.21 sys=0.00, real=0.04 secs] 
3522.350: [GC (Allocation Failure) [PSYoungGen: 420693K->98107K(465920K)] 655433K->403587K(1864192K), 0.0457888 secs] [Times: user=0.24 sys=0.00, real=0.04 secs] 
3522.709: [GC (Allocation Failure) [PSYoungGen: 331067K->173813K(465920K)] 636547K->511817K(1864192K), 0.0560019 secs] [Times: user=0.26 sys=0.00, real=0.06 secs] 
3522.956: [GC (Allocation Failure) [PSYoungGen: 406773K->184534K(465920K)] 744777K->576754K(1864192K), 0.0587495 secs] [Times: user=0.28 sys=0.00, real=0.06 secs] 
3523.193: [GC (Allocation Failure) [PSYoungGen: 417494K->184375K(465920K)] 809714K->640747K(1864192K), 0.0647581 secs] [Times: user=0.32 sys=0.00, real=0.06 secs] 
3524.503: [GC (Allocation Failure) [PSYoungGen: 417335K->168883K(465920K)] 873707K->683855K(1864192K), 0.0581808 secs] [Times: user=0.28 sys=0.00, real=0.06 secs] 
3525.815: [GC (Allocation Failure) [PSYoungGen: 401843K->109469K(465920K)] 916815K->688898K(1864192K), 0.0855505 secs] [Times: user=0.45 sys=0.00, real=0.09 secs] 
3526.123: [GC (Allocation Failure) [PSYoungGen: 342429K->196853K(465920K)] 921858K->811459K(1864192K), 0.0415857 secs] [Times: user=0.18 sys=0.00, real=0.04 secs] 
3526.306: [GC (Allocation Failure) [PSYoungGen: 429813K->185367K(465920K)] 1044419K->862901K(1864192K), 0.0554705 secs] [Times: user=0.26 sys=0.00, real=0.06 secs] 
3526.496: [GC (Allocation Failure) [PSYoungGen: 418327K->184500K(465920K)] 1095861K->920634K(1864192K), 0.0575671 secs] [Times: user=0.29 sys=0.00, real=0.06 secs] 
3527.486: [GC (Allocation Failure) [PSYoungGen: 417460K->93899K(465920K)] 1153594K->899757K(1864192K), 0.0500414 secs] [Times: user=0.27 sys=0.00, real=0.05 secs] 
3527.769: [GC (Allocation Failure) [PSYoungGen: 326859K->176341K(465920K)] 1132717K->1012252K(1864192K), 0.0640658 secs] [Times: user=0.30 sys=0.00, real=0.07 secs] 
3528.042: [GC (Allocation Failure) [PSYoungGen: 409301K->185654K(465920K)] 1245212K->1077289K(1864192K), 0.0545384 secs] [Times: user=0.26 sys=0.00, real=0.05 secs] 
3528.206: [GC (Allocation Failure) [PSYoungGen: 409626K->175958K(465920K)] 1301261K->1132224K(1864192K), 0.0488634 secs] [Times: user=0.23 sys=0.00, real=0.05 secs] 
3528.671: [GC (Allocation Failure) [PSYoungGen: 405720K->204851K(465920K)] 1361987K->1217014K(1864192K), 0.0517904 secs] [Times: user=0.24 sys=0.01, real=0.05 secs] 
3529.542: [GC (Allocation Failure) [PSYoungGen: 437811K->102252K(465920K)] 1449974K->1179207K(1864192K), 0.0841774 secs] [Times: user=0.45 sys=0.00, real=0.08 secs] 
3529.841: [GC (Allocation Failure) [PSYoungGen: 332236K->180630K(465920K)] 1409191K->1290188K(1864192K), 0.0359673 secs] [Times: user=0.15 sys=0.00, real=0.03 secs] 
3529.992: [GC (Allocation Failure) [PSYoungGen: 413590K->185590K(465920K)] 1523148K->1351320K(1864192K), 0.0448252 secs] [Times: user=0.20 sys=0.00, real=0.04 secs] 
3530.174: [GC (Allocation Failure) [PSYoungGen: 418550K->187509K(465920K)] 1584280K->1409439K(1864192K), 0.0517582 secs] [Times: user=0.25 sys=0.00, real=0.05 secs] 
3531.577: [GC (Allocation Failure) [PSYoungGen: 420469K->96187K(465920K)] 1642399K->1388910K(1864192K), 0.1199729 secs] [Times: user=0.66 sys=0.00, real=0.12 secs] 
3532.762: [GC (Allocation Failure) [PSYoungGen: 329147K->173269K(465920K)] 1621870K->1497144K(1864192K), 0.0568598 secs] [Times: user=0.27 sys=0.00, real=0.05 secs] 
3532.819: [Full GC (Ergonomics) [PSYoungGen: 173269K->0K(465920K)] [ParOldGen: 1323875K->197586K(1398272K)] 1497144K->197586K(1864192K), [Metaspace: 60112K->60112K(1105920K)], 0.2049081 secs] [Times: user=0.94 sys=0.00, real=0.21 secs] 
3533.143: [GC (Allocation Failure) [PSYoungGen: 232940K->182869K(465920K)] 430526K->380456K(1864192K), 0.0332807 secs] [Times: user=0.13 sys=0.00, real=0.03 secs] 
3533.295: [GC (Allocation Failure) [PSYoungGen: 415829K->185879K(465920K)] 613416K->447345K(1864192K), 0.0437113 secs] [Times: user=0.20 sys=0.00, real=0.04 secs] 
3534.963: [GC (Allocation Failure) [PSYoungGen: 417923K->208019K(465920K)] 679390K->528641K(1864192K), 0.0557585 secs] [Times: user=0.28 sys=0.01, real=0.05 secs] 
3535.348: [GC (Allocation Failure) [PSYoungGen: 440979K->103148K(465920K)] 761601K->489066K(1864192K), 0.0395453 secs] [Times: user=0.19 sys=0.00, real=0.04 secs] 
3535.563: [GC (Allocation Failure) [PSYoungGen: 334157K->180853K(465920K)] 720076K->599633K(1864192K), 0.0540737 secs] [Times: user=0.24 sys=0.00, real=0.05 secs] 
3535.770: [GC (Allocation Failure) [PSYoungGen: 413813K->185686K(465920K)] 832593K->661245K(1864192K), 0.0433097 secs] [Times: user=0.19 sys=0.00, real=0.04 secs] 
3535.950: [GC (Allocation Failure) [PSYoungGen: 418646K->187637K(465920K)] 894205K->719348K(1864192K), 0.0468966 secs] [Times: user=0.22 sys=0.00, real=0.05 secs] 
3536.921: [GC (Allocation Failure) [PSYoungGen: 420597K->97755K(465920K)] 952308K->700143K(1864192K), 0.0443459 secs] [Times: user=0.23 sys=0.00, real=0.04 secs] 
3537.146: [GC (Allocation Failure) [PSYoungGen: 330715K->175509K(465920K)] 933103K->810177K(1864192K), 0.0584637 secs] [Times: user=0.27 sys=0.00, real=0.06 secs] 
3537.337: [GC (Allocation Failure) [PSYoungGen: 408469K->179925K(465920K)] 1043137K->869049K(1864192K), 0.0426883 secs] [Times: user=0.19 sys=0.00, real=0.04 secs] 
3537.499: [GC (Allocation Failure) [PSYoungGen: 412885K->185079K(465920K)] 1102009K->936891K(1864192K), 0.0498199 secs] [Times: user=0.22 sys=0.01, real=0.05 secs] 
3538.817: [GC (Allocation Failure) [PSYoungGen: 414842K->207667K(465920K)] 1166654K->1018199K(1864192K), 0.0569785 secs] [Times: user=0.28 sys=0.00, real=0.06 secs] 
3540.056: [GC (Allocation Failure) [PSYoungGen: 440627K->105356K(465920K)] 1251159K->981121K(1864192K), 0.1016400 secs] [Times: user=0.55 sys=0.01, real=0.10 secs] 
3540.344: [GC (Allocation Failure) [PSYoungGen: 337231K->177845K(465920K)] 1212995K->1087090K(1864192K), 0.0352852 secs] [Times: user=0.14 sys=0.00, real=0.03 secs] 
3540.530: [GC (Allocation Failure) [PSYoungGen: 410805K->185366K(465920K)] 1320050K->1150315K(1864192K), 0.0620921 secs] [Times: user=0.30 sys=0.00, real=0.06 secs] 
3540.732: [GC (Allocation Failure) [PSYoungGen: 418326K->186709K(465920K)] 1383275K->1207786K(1864192K), 0.0457541 secs] [Times: user=0.21 sys=0.00, real=0.04 secs] 
3541.715: [GC (Allocation Failure) [PSYoungGen: 419669K->99067K(465920K)] 1440746K->1190629K(1864192K), 0.0444563 secs] [Times: user=0.23 sys=0.00, real=0.05 secs] 
3542.026: [GC (Allocation Failure) [PSYoungGen: 332027K->174805K(465920K)] 1423589K->1297795K(1864192K), 0.0607859 secs] [Times: user=0.28 sys=0.00, real=0.06 secs] 
3542.227: [GC (Allocation Failure) [PSYoungGen: 407765K->185462K(465920K)] 1530755K->1363228K(1864192K), 0.0435563 secs] [Times: user=0.20 sys=0.00, real=0.05 secs] 
3542.405: [GC (Allocation Failure) [PSYoungGen: 414017K->182294K(465920K)] 1591783K->1424453K(1864192K), 0.0553906 secs] [Times: user=0.26 sys=0.00, real=0.06 secs] 
3543.255: [GC (Allocation Failure) [PSYoungGen: 411063K->205363K(465920K)] 1653221K->1505481K(1864192K), 0.0581939 secs] [Times: user=0.29 sys=0.00, real=0.06 secs] 
3543.687: [GC (Allocation Failure) [PSYoungGen: 438323K->105916K(465920K)] 1738441K->1470523K(1864192K), 0.0580871 secs] [Times: user=0.31 sys=0.00, real=0.06 secs] 
3543.745: [Full GC (Ergonomics) [PSYoungGen: 105916K->0K(465920K)] [ParOldGen: 1364606K->124113K(1398272K)] 1470523K->124113K(1864192K), [Metaspace: 60117K->60117K(1105920K)], 0.1196528 secs] [Times: user=0.52 sys=0.00, real=0.12 secs] 
3544.034: [GC (Allocation Failure) [PSYoungGen: 232851K->176885K(465920K)] 356965K->300999K(1864192K), 0.0264173 secs] [Times: user=0.10 sys=0.00, real=0.03 secs] 
3544.174: [GC (Allocation Failure) [PSYoungGen: 409845K->182677K(465920K)] 533959K->361775K(1864192K), 0.0410311 secs] [Times: user=0.18 sys=0.00, real=0.04 secs] 
3544.329: [GC (Allocation Failure) [PSYoungGen: 415637K->187701K(465920K)] 594735K->422371K(1864192K), 0.0447871 secs] [Times: user=0.21 sys=0.00, real=0.05 secs] 
3545.775: [GC (Allocation Failure) [PSYoungGen: 420661K->100268K(465920K)] 655331K->405658K(1864192K), 0.0804393 secs] [Times: user=0.43 sys=0.00, real=0.08 secs] 
3547.115: [GC (Allocation Failure) [PSYoungGen: 333228K->170196K(465920K)] 638618K->507795K(1864192K), 0.0588578 secs] [Times: user=0.28 sys=0.00, real=0.06 secs] 
3547.314: [GC (Allocation Failure) [PSYoungGen: 403156K->185750K(465920K)] 740755K->576813K(1864192K), 0.0420805 secs] [Times: user=0.18 sys=0.00, real=0.04 secs] 
3547.476: [GC (Allocation Failure) [PSYoungGen: 418710K->186167K(465920K)] 809773K->641902K(1864192K), 0.0497113 secs] [Times: user=0.23 sys=0.00, real=0.05 secs] 
3548.366: [GC (Allocation Failure) [PSYoungGen: 419127K->170323K(465920K)] 874862K->684962K(1864192K), 0.0574792 secs] [Times: user=0.29 sys=0.00, real=0.06 secs] 
3548.995: [GC (Allocation Failure) [PSYoungGen: 403283K->110253K(465920K)] 917922K->689892K(1864192K), 0.0648477 secs] [Times: user=0.34 sys=0.00, real=0.06 secs] 
3549.205: [GC (Allocation Failure) [PSYoungGen: 343213K->180117K(465920K)] 922852K->794761K(1864192K), 0.0363697 secs] [Times: user=0.16 sys=0.00, real=0.04 secs] 
3549.386: [GC (Allocation Failure) [PSYoungGen: 413077K->185303K(465920K)] 1027721K->862983K(1864192K), 0.0593718 secs] [Times: user=0.29 sys=0.01, real=0.06 secs] 
3549.590: [GC (Allocation Failure) [PSYoungGen: 418263K->180660K(465920K)] 1095943K->917140K(1864192K), 0.0821324 secs] [Times: user=0.41 sys=0.01, real=0.08 secs] 
3550.671: [GC (Allocation Failure) [PSYoungGen: 413620K->101916K(465920K)] 1150100K->906732K(1864192K), 0.0467332 secs] [Times: user=0.24 sys=0.00, real=0.04 secs] 
3550.906: [GC (Allocation Failure) [PSYoungGen: 334876K->176277K(465920K)] 1139692K->1014106K(1864192K), 0.0585289 secs] [Times: user=0.26 sys=0.00, real=0.06 secs] 
3551.115: [GC (Allocation Failure) [PSYoungGen: 409237K->185014K(465920K)] 1247066K->1077858K(1864192K), 0.0442913 secs] [Times: user=0.20 sys=0.00, real=0.04 secs] 
3551.270: [GC (Allocation Failure) [PSYoungGen: 410017K->174069K(465920K)] 1302862K->1131542K(1864192K), 0.0486589 secs] [Times: user=0.23 sys=0.00, real=0.05 secs] 
3552.164: [GC (Allocation Failure) [PSYoungGen: 407029K->168179K(460800K)] 1364502K->1180708K(1859072K), 0.0556304 secs] [Times: user=0.27 sys=0.00, real=0.05 secs] 
3552.968: [GC (Allocation Failure) [PSYoungGen: 401139K->111069K(463360K)] 1413668K->1188038K(1861632K), 0.0840171 secs] [Times: user=0.45 sys=0.00, real=0.09 secs] 
3553.220: [GC (Allocation Failure) [PSYoungGen: 344029K->179509K(465920K)] 1420998K->1292199K(1864192K), 0.0368717 secs] [Times: user=0.16 sys=0.00, real=0.03 secs] 
3553.406: [GC (Allocation Failure) [PSYoungGen: 412469K->185495K(465920K)] 1525159K->1360817K(1864192K), 0.0659546 secs] [Times: user=0.33 sys=0.00, real=0.07 secs] 
3553.608: [GC (Allocation Failure) [PSYoungGen: 418455K->184372K(465920K)] 1593777K->1418518K(1864192K), 0.0577001 secs] [Times: user=0.28 sys=0.00, real=0.06 secs] 
3555.383: [GC (Allocation Failure) [PSYoungGen: 417332K->99612K(465920K)] 1651478K->1403462K(1864192K), 0.0937573 secs] [Times: user=0.50 sys=0.01, real=0.09 secs] 
3556.133: [GC (Allocation Failure) [PSYoungGen: 332572K->172276K(465920K)] 1636422K->1508203K(1864192K), 0.0497515 secs] [Times: user=0.23 sys=0.00, real=0.05 secs] 
3556.183: [Full GC (Ergonomics) [PSYoungGen: 172276K->0K(465920K)] [ParOldGen: 1335926K->200049K(1398272K)] 1508203K->200049K(1864192K), [Metaspace: 60117K->60117K(1105920K)], 0.2049931 secs] [Times: user=0.92 sys=0.00, real=0.20 secs] 
3556.516: [GC (Allocation Failure) [PSYoungGen: 232960K->185494K(465920K)] 433009K->385543K(1864192K), 0.0324643 secs] [Times: user=0.13 sys=0.00, real=0.03 secs] 
3556.660: [GC (Allocation Failure) [PSYoungGen: 413139K->175413K(465920K)] 613188K->439943K(1864192K), 0.0429138 secs] [Times: user=0.19 sys=0.00, real=0.04 secs] 
3557.601: [GC (Allocation Failure) [PSYoungGen: 408373K->168563K(401920K)] 672903K->488488K(1800192K), 0.0528144 secs] [Times: user=0.26 sys=0.00, real=0.05 secs] 
3557.955: [GC (Allocation Failure) [PSYoungGen: 401523K->111437K(458752K)] 721448K->496042K(1857024K), 0.0600519 secs] [Times: user=0.31 sys=0.00, real=0.06 secs] 
3558.211: [GC (Allocation Failure) [PSYoungGen: 337619K->173141K(461824K)] 722224K->593455K(1860096K), 0.0456700 secs] [Times: user=0.20 sys=0.00, real=0.04 secs] 
3558.424: [GC (Allocation Failure) [PSYoungGen: 403017K->179477K(466432K)] 823331K->653571K(1864704K), 0.0427244 secs] [Times: user=0.19 sys=0.00, real=0.04 secs] 
3558.581: [GC (Allocation Failure) [PSYoungGen: 417045K->190581K(428544K)] 891139K->718696K(1826816K), 0.0454992 secs] [Times: user=0.21 sys=0.00, real=0.04 secs] 
3559.585: [GC (Allocation Failure) [PSYoungGen: 428149K->109357K(465920K)] 956264K->709035K(1864192K), 0.0554700 secs] [Times: user=0.29 sys=0.00, real=0.06 secs] 
3560.360: [GC (Allocation Failure) [PSYoungGen: 342317K->169620K(402944K)] 941995K->805020K(1801216K), 0.0571461 secs] [Times: user=0.27 sys=0.00, real=0.05 secs] 
3560.614: [GC (Allocation Failure) [PSYoungGen: 402580K->182389K(463872K)] 1037980K->871021K(1862144K), 0.0582524 secs] [Times: user=0.28 sys=0.00, real=0.06 secs] 
3560.848: [GC (Allocation Failure) [PSYoungGen: 411789K->182870K(464896K)] 1100420K->935254K(1863168K), 0.0733345 secs] [Times: user=0.37 sys=0.00, real=0.08 secs] 
3562.953: [GC (Allocation Failure) [PSYoungGen: 414806K->168595K(455680K)] 1167190K->979106K(1853952K), 0.0570983 secs] [Times: user=0.29 sys=0.00, real=0.06 secs] 
3564.127: [GC (Allocation Failure) [PSYoungGen: 401555K->107964K(460800K)] 1212066K->983020K(1859072K), 0.1042302 secs] [Times: user=0.55 sys=0.00, real=0.11 secs] 
3564.427: [GC (Allocation Failure) [PSYoungGen: 336442K->174805K(468992K)] 1211498K->1084713K(1867264K), 0.0355342 secs] [Times: user=0.15 sys=0.00, real=0.04 secs] 
3564.590: [GC (Allocation Failure) [PSYoungGen: 412373K->188086K(425984K)] 1322281K->1152251K(1824256K), 0.0442803 secs] [Times: user=0.20 sys=0.00, real=0.04 secs] 
3564.756: [GC (Allocation Failure) [PSYoungGen: 425654K->190709K(465920K)] 1389819K->1211794K(1864192K), 0.0472417 secs] [Times: user=0.21 sys=0.01, real=0.05 secs] 
3565.790: [GC (Allocation Failure) [PSYoungGen: 423669K->104684K(465920K)] 1444754K->1197401K(1864192K), 0.0459671 secs] [Times: user=0.24 sys=0.00, real=0.05 secs] 
3566.122: [GC (Allocation Failure) [PSYoungGen: 337644K->166740K(465920K)] 1430361K->1293345K(1864192K), 0.0678943 secs] [Times: user=0.32 sys=0.01, real=0.06 secs] 
3566.350: [GC (Allocation Failure) [PSYoungGen: 399700K->184822K(465920K)] 1526305K->1363759K(1864192K), 0.0434174 secs] [Times: user=0.20 sys=0.00, real=0.04 secs] 
3566.531: [GC (Allocation Failure) [PSYoungGen: 411790K->180278K(465920K)] 1590728K->1423640K(1864192K), 0.0548971 secs] [Times: user=0.26 sys=0.00, real=0.05 secs] 
3567.466: [GC (Allocation Failure) [PSYoungGen: 413238K->168819K(401920K)] 1656600K->1469416K(1800192K), 0.0548539 secs] [Times: user=0.28 sys=0.00, real=0.06 secs] 
3568.655: [GC (GCLocker Initiated GC) [PSYoungGen: 401779K->107484K(458240K)] 1702377K->1472779K(1856512K), 0.0962101 secs] [Times: user=0.51 sys=0.01, real=0.10 secs] 
3568.751: [Full GC (Ergonomics) [PSYoungGen: 107484K->0K(458240K)] [ParOldGen: 1365294K->125673K(1398272K)] 1472779K->125673K(1856512K), [Metaspace: 60117K->60117K(1105920K)], 0.1830268 secs] [Times: user=0.82 sys=0.00, real=0.18 secs] 
3569.087: [GC (Allocation Failure) [PSYoungGen: 229376K->175509K(461824K)] 363408K->309542K(1860096K), 0.0803766 secs] [Times: user=0.42 sys=0.00, real=0.08 secs] 
3569.366: [GC (Allocation Failure) [PSYoungGen: 404885K->182134K(465920K)] 538918K->371951K(1864192K), 0.1570362 secs] [Times: user=0.88 sys=0.00, real=0.16 secs] 
3570.512: [GC (Allocation Failure) [PSYoungGen: 417142K->201141K(436224K)] 606959K->448661K(1834496K), 0.1504859 secs] [Times: user=0.80 sys=0.00, real=0.15 secs] 
3572.736: [GC (GCLocker Initiated GC) [PSYoungGen: 436149K->96203K(465920K)] 683669K->413436K(1864192K), 0.0705597 secs] [Times: user=0.38 sys=0.00, real=0.07 secs] 
3573.233: [GC (Allocation Failure) [PSYoungGen: 329163K->172724K(465920K)] 646690K->521297K(1864192K), 0.0543014 secs] [Times: user=0.25 sys=0.00, real=0.05 secs] 
3573.418: [GC (Allocation Failure) [PSYoungGen: 405684K->191029K(465920K)] 754257K->593854K(1864192K), 0.0423472 secs] [Times: user=0.19 sys=0.00, real=0.05 secs] 
3573.628: [GC (Allocation Failure) [PSYoungGen: 423989K->183510K(465920K)] 826814K->649935K(1864192K), 0.0684306 secs] [Times: user=0.33 sys=0.00, real=0.07 secs] 
3574.561: [GC (Allocation Failure) [PSYoungGen: 416470K->168371K(465920K)] 882895K->692943K(1864192K), 0.0536312 secs] [Times: user=0.27 sys=0.00, real=0.05 secs] 
3575.050: [GC (Allocation Failure) [PSYoungGen: 401331K->110557K(465920K)] 925903K->699617K(1864192K), 0.0595589 secs] [Times: user=0.31 sys=0.00, real=0.06 secs] 
3575.306: [GC (Allocation Failure) [PSYoungGen: 335617K->172148K(465920K)] 924677K->796850K(1864192K), 0.0449653 secs] [Times: user=0.20 sys=0.00, real=0.05 secs] 
3575.540: [GC (Allocation Failure) [PSYoungGen: 405108K->184918K(465920K)] 1029810K->862843K(1864192K), 0.0429516 secs] [Times: user=0.19 sys=0.00, real=0.05 secs] 
3575.737: [GC (Allocation Failure) [PSYoungGen: 417878K->187573K(465920K)] 1095803K->921578K(1864192K), 0.0564506 secs] [Times: user=0.22 sys=0.00, real=0.06 secs] 
3577.741: [GC (Allocation Failure) [PSYoungGen: 420533K->98267K(465920K)] 1154538K->902957K(1864192K), 0.0586077 secs] [Times: user=0.31 sys=0.00, real=0.05 secs] 
3579.110: [GC (Allocation Failure) [PSYoungGen: 331227K->168852K(465920K)] 1135917K->1004882K(1864192K), 0.0579508 secs] [Times: user=0.27 sys=0.00, real=0.05 secs] 
3579.376: [GC (Allocation Failure) [PSYoungGen: 401812K->185494K(465920K)] 1237842K->1074824K(1864192K), 0.0590123 secs] [Times: user=0.28 sys=0.00, real=0.06 secs] 
3579.561: [GC (Allocation Failure) [PSYoungGen: 418454K->185399K(465920K)] 1307784K->1139129K(1864192K), 0.0508666 secs] [Times: user=0.23 sys=0.00, real=0.05 secs] 
3580.352: [GC (Allocation Failure) [PSYoungGen: 413370K->209267K(465920K)] 1367100K->1221909K(1864192K), 0.0564018 secs] [Times: user=0.29 sys=0.00, real=0.05 secs] 
3580.762: [GC (Allocation Failure) [PSYoungGen: 442227K->99915K(465920K)] 1454869K->1178534K(1864192K), 0.0515118 secs] [Times: user=0.26 sys=0.00, real=0.05 secs] 
3581.035: [GC (Allocation Failure) [PSYoungGen: 332875K->182742K(465920K)] 1411494K->1293216K(1864192K), 0.0430509 secs] [Times: user=0.19 sys=0.01, real=0.04 secs] 
3581.194: [GC (Allocation Failure) [PSYoungGen: 415702K->185718K(465920K)] 1526176K->1353605K(1864192K), 0.0449289 secs] [Times: user=0.20 sys=0.00, real=0.04 secs] 
3581.349: [GC (Allocation Failure) [PSYoungGen: 418678K->187925K(465920K)] 1586565K->1412144K(1864192K), 0.0471365 secs] [Times: user=0.22 sys=0.00, real=0.05 secs] 
3582.373: [GC (Allocation Failure) [PSYoungGen: 420885K->99676K(465920K)] 1645104K->1394931K(1864192K), 0.0459192 secs] [Times: user=0.24 sys=0.00, real=0.04 secs] 
3582.765: [GC (Allocation Failure) [PSYoungGen: 332636K->175605K(465920K)] 1627891K->1503580K(1864192K), 0.0715677 secs] [Times: user=0.34 sys=0.00, real=0.07 secs] 
3582.836: [Full GC (Ergonomics) [PSYoungGen: 175605K->0K(465920K)] [ParOldGen: 1327974K->200664K(1398272K)] 1503580K->200664K(1864192K), [Metaspace: 60117K->60117K(1105920K)], 0.2279441 secs] [Times: user=1.08 sys=0.01, real=0.23 secs] 
3583.186: [GC (Allocation Failure) [PSYoungGen: 232960K->182389K(465920K)] 433624K->383054K(1864192K), 0.0333984 secs] [Times: user=0.13 sys=0.00, real=0.03 secs] 
3583.941: [GC (GCLocker Initiated GC) [PSYoungGen: 415349K->181334K(465920K)] 616014K->445207K(1864192K), 0.0742341 secs] [Times: user=0.36 sys=0.00, real=0.07 secs] 
3585.679: [GC (Allocation Failure) [PSYoungGen: 414294K->172467K(465920K)] 678168K->493909K(1864192K), 0.0548971 secs] [Times: user=0.27 sys=0.00, real=0.06 secs] 
3587.234: [GC (Allocation Failure) [PSYoungGen: 405427K->101772K(465920K)] 726869K->488822K(1864192K), 0.0927881 secs] [Times: user=0.50 sys=0.00, real=0.09 secs] 
3587.512: [GC (Allocation Failure) [PSYoungGen: 332211K->180246K(465920K)] 719261K->600481K(1864192K), 0.0348575 secs] [Times: user=0.14 sys=0.00, real=0.03 secs] 
3587.701: [GC (Allocation Failure) [PSYoungGen: 413206K->185174K(465920K)] 833441K->661305K(1864192K), 0.0577356 secs] [Times: user=0.28 sys=0.00, real=0.05 secs] 
3587.891: [GC (Allocation Failure) [PSYoungGen: 418134K->187701K(465920K)] 894265K->719992K(1864192K), 0.0456553 secs] [Times: user=0.21 sys=0.00, real=0.04 secs] 
3588.857: [GC (Allocation Failure) [PSYoungGen: 420661K->96763K(465920K)] 952952K->699647K(1864192K), 0.0439494 secs] [Times: user=0.23 sys=0.00, real=0.05 secs] 
3589.098: [GC (Allocation Failure) [PSYoungGen: 329723K->178101K(465920K)] 932607K->812785K(1864192K), 0.0599842 secs] [Times: user=0.28 sys=0.00, real=0.06 secs] 
3589.358: [GC (Allocation Failure) [PSYoungGen: 411061K->184725K(465920K)] 1045745K->873666K(1864192K), 0.0554451 secs] [Times: user=0.27 sys=0.00, real=0.06 secs] 
3589.555: [GC (Allocation Failure) [PSYoungGen: 417685K->184567K(465920K)] 1106626K->938399K(1864192K), 0.0510524 secs] [Times: user=0.24 sys=0.00, real=0.05 secs] 
3590.361: [GC (Allocation Failure) [PSYoungGen: 417527K->214268K(465920K)] 1171359K->1026752K(1864192K), 0.0516257 secs] [Times: user=0.25 sys=0.01, real=0.05 secs] 
3591.431: [GC (Allocation Failure) [PSYoungGen: 447228K->105452K(465920K)] 1259712K->983153K(1864192K), 0.0665925 secs] [Times: user=0.34 sys=0.01, real=0.06 secs] 
3591.693: [GC (Allocation Failure) [PSYoungGen: 331448K->176725K(465920K)] 1209149K->1088010K(1864192K), 0.0457345 secs] [Times: user=0.20 sys=0.01, real=0.04 secs] 
3592.016: [GC (Allocation Failure) [PSYoungGen: 409685K->185302K(465920K)] 1320970K->1151579K(1864192K), 0.0447263 secs] [Times: user=0.21 sys=0.00, real=0.05 secs] 
3592.799: [GC (Allocation Failure) [PSYoungGen: 418262K->183668K(465920K)] 1384539K->1206010K(1864192K), 0.1018989 secs] [Times: user=0.52 sys=0.00, real=0.11 secs] 
3593.984: [GC (Allocation Failure) [PSYoungGen: 416628K->102524K(465920K)] 1438970K->1194145K(1864192K), 0.0592267 secs] [Times: user=0.31 sys=0.00, real=0.06 secs] 
3594.995: [GC (Allocation Failure) [PSYoungGen: 335484K->167572K(465920K)] 1427105K->1292038K(1864192K), 0.0553882 secs] [Times: user=0.26 sys=0.00, real=0.06 secs] 
3595.203: [GC (Allocation Failure) [PSYoungGen: 400532K->185046K(465920K)] 1524998K->1361716K(1864192K), 0.0428253 secs] [Times: user=0.19 sys=0.00, real=0.04 secs] 
3595.362: [GC (Allocation Failure) [PSYoungGen: 418006K->186167K(465920K)] 1594676K->1427337K(1864192K), 0.0505604 secs] [Times: user=0.24 sys=0.00, real=0.05 secs] 
3596.192: [GC (Allocation Failure) [PSYoungGen: 414956K->209875K(465920K)] 1656126K->1510198K(1864192K), 0.0635474 secs] [Times: user=0.31 sys=0.00, real=0.06 secs] 
3596.665: [GC (Allocation Failure) [PSYoungGen: 442835K->99451K(465920K)] 1743158K->1465694K(1864192K), 0.0548655 secs] [Times: user=0.28 sys=0.00, real=0.05 secs] 
3596.720: [Full GC (Ergonomics) [PSYoungGen: 99451K->0K(465920K)] [ParOldGen: 1366242K->117492K(1398272K)] 1465694K->117492K(1864192K), [Metaspace: 60118K->60118K(1105920K)], 0.1220933 secs] [Times: user=0.50 sys=0.01, real=0.13 secs] 
3597.016: [GC (Allocation Failure) [PSYoungGen: 232960K->182774K(465920K)] 350452K->300266K(1864192K), 0.0317687 secs] [Times: user=0.12 sys=0.00, real=0.03 secs] 
3597.218: [GC (Allocation Failure) [PSYoungGen: 415734K->185846K(465920K)] 533226K->360426K(1864192K), 0.0527073 secs] [Times: user=0.25 sys=0.00, real=0.06 secs] 
3597.392: [GC (Allocation Failure) [PSYoungGen: 418806K->187765K(465920K)] 593386K->418914K(1864192K), 0.0450950 secs] [Times: user=0.21 sys=0.00, real=0.04 secs] 
3598.476: [GC (Allocation Failure) [PSYoungGen: 420725K->98604K(465920K)] 651874K->400560K(1864192K), 0.0599057 secs] [Times: user=0.31 sys=0.00, real=0.06 secs] 
3599.652: [GC (Allocation Failure) [PSYoungGen: 331564K->168500K(465920K)] 633520K->502250K(1864192K), 0.0585504 secs] [Times: user=0.28 sys=0.00, real=0.06 secs] 
3599.852: [GC (Allocation Failure) [PSYoungGen: 401460K->185526K(465920K)] 735210K->572259K(1864192K), 0.0421966 secs] [Times: user=0.19 sys=0.00, real=0.04 secs] 
3600.079: [GC (Allocation Failure) [PSYoungGen: 418486K->186007K(465920K)] 805219K->637301K(1864192K), 0.0718420 secs] [Times: user=0.35 sys=0.00, real=0.08 secs] 
3600.982: [GC (Allocation Failure) [PSYoungGen: 418967K->193107K(465920K)] 870261K->703553K(1864192K), 0.0510669 secs] [Times: user=0.24 sys=0.00, real=0.05 secs] 
3602.165: [GC (Allocation Failure) [PSYoungGen: 426067K->100860K(465920K)] 936513K->677113K(1864192K), 0.0837381 secs] [Times: user=0.44 sys=0.00, real=0.08 secs] 
3602.465: [GC (Allocation Failure) [PSYoungGen: 329708K->181078K(465920K)] 905962K->789748K(1864192K), 0.0347203 secs] [Times: user=0.14 sys=0.00, real=0.04 secs] 
3602.614: [GC (Allocation Failure) [PSYoungGen: 414038K->185718K(465920K)] 1022708K->850656K(1864192K), 0.0434962 secs] [Times: user=0.20 sys=0.00, real=0.04 secs] 
3602.767: [GC (Allocation Failure) [PSYoungGen: 418678K->187381K(465920K)] 1083616K->908512K(1864192K), 0.0452878 secs] [Times: user=0.21 sys=0.00, real=0.05 secs] 
3603.779: [GC (Allocation Failure) [PSYoungGen: 420341K->96187K(465920K)] 1141472K->887886K(1864192K), 0.0546404 secs] [Times: user=0.30 sys=0.00, real=0.06 secs] 
3604.080: [GC (Allocation Failure) [PSYoungGen: 329147K->170356K(465920K)] 1120846K->993052K(1864192K), 0.0638865 secs] [Times: user=0.29 sys=0.01, real=0.06 secs] 
3604.295: [GC (Allocation Failure) [PSYoungGen: 403316K->185590K(465920K)] 1226012K->1062109K(1864192K), 0.0429912 secs] [Times: user=0.19 sys=0.00, real=0.04 secs] 
3604.454: [GC (Allocation Failure) [PSYoungGen: 418550K->186263K(465920K)] 1295069K->1127159K(1864192K), 0.0503348 secs] [Times: user=0.23 sys=0.00, real=0.05 secs] 
3605.257: [GC (Allocation Failure) [PSYoungGen: 418829K->208147K(465920K)] 1359725K->1208203K(1864192K), 0.0563012 secs] [Times: user=0.28 sys=0.00, real=0.06 secs] 
3605.852: [GC (Allocation Failure) [PSYoungGen: 441107K->103692K(465920K)] 1441163K->1169360K(1864192K), 0.0568908 secs] [Times: user=0.30 sys=0.00, real=0.05 secs] 
3606.038: [GC (Allocation Failure) [PSYoungGen: 334467K->180022K(465920K)] 1400135K->1279550K(1864192K), 0.0351980 secs] [Times: user=0.15 sys=0.01, real=0.04 secs] 
3606.188: [GC (Allocation Failure) [PSYoungGen: 412982K->182965K(465920K)] 1512510K->1338237K(1864192K), 0.0430913 secs] [Times: user=0.20 sys=0.00, real=0.05 secs] 
3606.384: [GC (Allocation Failure) [PSYoungGen: 415925K->187125K(465920K)] 1571197K->1398053K(1864192K), 0.0632131 secs] [Times: user=0.30 sys=0.00, real=0.06 secs] 
3608.133: [GC (Allocation Failure) [PSYoungGen: 420085K->99516K(465920K)] 1631013K->1381044K(1864192K), 0.0570235 secs] [Times: user=0.31 sys=0.00, real=0.06 secs] 
3609.300: [GC (Allocation Failure) [PSYoungGen: 332476K->170388K(465920K)] 1614004K->1484265K(1864192K), 0.0565911 secs] [Times: user=0.27 sys=0.00, real=0.05 secs] 
3609.357: [Full GC (Ergonomics) [PSYoungGen: 170388K->0K(465920K)] [ParOldGen: 1313877K->194743K(1398272K)] 1484265K->194743K(1864192K), [Metaspace: 60252K->60252K(1105920K)], 0.1865469 secs] [Times: user=0.84 sys=0.00, real=0.19 secs] 
3609.672: [GC (Allocation Failure) [PSYoungGen: 232960K->179733K(465920K)] 427703K->374477K(1864192K), 0.0328566 secs] [Times: user=0.14 sys=0.00, real=0.03 secs] 
3609.852: [GC (Allocation Failure) [PSYoungGen: 412693K->185847K(465920K)] 607437K->451991K(1864192K), 0.0516322 secs] [Times: user=0.24 sys=0.00, real=0.05 secs] 
3610.657: [GC (Allocation Failure) [PSYoungGen: 416273K->213588K(465920K)] 682417K->538940K(1864192K), 0.0552321 secs] [Times: user=0.28 sys=0.00, real=0.06 secs] 
3611.048: [GC (GCLocker Initiated GC) [PSYoungGen: 446548K->106012K(465920K)] 771900K->498460K(1864192K), 0.0402479 secs] [Times: user=0.20 sys=0.00, real=0.04 secs] 
3611.273: [GC (Allocation Failure) [PSYoungGen: 338972K->174965K(465920K)] 739615K->609253K(1864192K), 0.1611047 secs] [Times: user=0.90 sys=0.01, real=0.16 secs] 
3611.556: [GC (Allocation Failure) [PSYoungGen: 407925K->184887K(465920K)] 842213K->675843K(1864192K), 0.1664171 secs] [Times: user=0.93 sys=0.00, real=0.17 secs] 
3611.830: [GC (Allocation Failure) [PSYoungGen: 417847K->180852K(465920K)] 908803K->730504K(1864192K), 0.0563287 secs] [Times: user=0.27 sys=0.00, real=0.06 secs] 
3612.855: [GC (GCLocker Initiated GC) [PSYoungGen: 413812K->104220K(465920K)] 963466K->722038K(1864192K), 0.0473979 secs] [Times: user=0.25 sys=0.00, real=0.05 secs] 
3613.117: [GC (Allocation Failure) [PSYoungGen: 337180K->172981K(465920K)] 955000K->825302K(1864192K), 0.0626899 secs] [Times: user=0.30 sys=0.00, real=0.06 secs] 
3613.352: [GC (Allocation Failure) [PSYoungGen: 405941K->184854K(465920K)] 1058262K->891167K(1864192K), 0.0428010 secs] [Times: user=0.20 sys=0.00, real=0.04 secs] 
3613.574: [GC (Allocation Failure) [PSYoungGen: 416362K->178070K(465920K)] 1122675K->948487K(1864192K), 0.0755783 secs] [Times: user=0.37 sys=0.00, real=0.08 secs] 
3616.214: [GC (Allocation Failure) [PSYoungGen: 411030K->168563K(465920K)] 1181447K->995708K(1864192K), 0.0559848 secs] [Times: user=0.28 sys=0.00, real=0.06 secs] 
3617.831: [GC (Allocation Failure) [PSYoungGen: 401523K->102812K(465920K)] 1228668K->994517K(1864192K), 0.1112152 secs] [Times: user=0.60 sys=0.01, real=0.11 secs] 
3618.151: [GC (Allocation Failure) [PSYoungGen: 333775K->180373K(465920K)] 1225480K->1105203K(1864192K), 0.0360373 secs] [Times: user=0.15 sys=0.00, real=0.03 secs] 
3618.306: [GC (Allocation Failure) [PSYoungGen: 413333K->185654K(465920K)] 1338163K->1166760K(1864192K), 0.0442432 secs] [Times: user=0.20 sys=0.00, real=0.05 secs] 
3618.490: [GC (Allocation Failure) [PSYoungGen: 418614K->185205K(465920K)] 1399720K->1222687K(1864192K), 0.0661240 secs] [Times: user=0.32 sys=0.00, real=0.06 secs] 
3619.506: [GC (Allocation Failure) [PSYoungGen: 418165K->98684K(465920K)] 1455647K->1206146K(1864192K), 0.0450634 secs] [Times: user=0.23 sys=0.01, real=0.05 secs] 
3619.783: [GC (Allocation Failure) [PSYoungGen: 331644K->167540K(465920K)] 1439106K->1307119K(1864192K), 0.0681960 secs] [Times: user=0.32 sys=0.00, real=0.07 secs] 
3620.027: [GC (Allocation Failure) [PSYoungGen: 400500K->185622K(465920K)] 1540079K->1378053K(1864192K), 0.0442499 secs] [Times: user=0.20 sys=0.00, real=0.05 secs] 
3620.214: [GC (Allocation Failure) [PSYoungGen: 418582K->186071K(465920K)] 1611013K->1442926K(1864192K), 0.0564914 secs] [Times: user=0.27 sys=0.00, real=0.06 secs] 
3620.965: [GC (Allocation Failure) [PSYoungGen: 419031K->212243K(465920K)] 1675886K->1528255K(1864192K), 0.0585390 secs] [Times: user=0.29 sys=0.01, real=0.06 secs] 
3621.024: [Full GC (Ergonomics) [PSYoungGen: 212243K->0K(465920K)] [ParOldGen: 1316011K->368065K(1398272K)] 1528255K->368065K(1864192K), [Metaspace: 60252K->60252K(1105920K)], 0.5611198 secs] [Times: user=2.24 sys=0.00, real=0.56 secs] 
3622.826: [GC (Allocation Failure) [PSYoungGen: 232960K->106627K(465920K)] 601025K->474692K(1864192K), 0.0287092 secs] [Times: user=0.11 sys=0.00, real=0.03 secs] 
3623.095: [GC (Allocation Failure) [PSYoungGen: 339587K->180694K(465920K)] 707652K->586683K(1864192K), 0.0420147 secs] [Times: user=0.18 sys=0.00, real=0.04 secs] 
3623.277: [GC (Allocation Failure) [PSYoungGen: 413654K->185590K(465920K)] 819643K->647651K(1864192K), 0.0478416 secs] [Times: user=0.22 sys=0.00, real=0.05 secs] 
3623.599: [GC (Allocation Failure) [PSYoungGen: 418550K->187221K(465920K)] 880611K->705554K(1864192K), 0.0565532 secs] [Times: user=0.28 sys=0.00, real=0.06 secs] 
3624.958: [GC (Allocation Failure) [PSYoungGen: 420181K->97659K(465920K)] 938514K->686553K(1864192K), 0.1246438 secs] [Times: user=0.69 sys=0.00, real=0.13 secs] 
3626.439: [GC (Allocation Failure) [PSYoungGen: 330619K->172340K(465920K)] 919513K->792367K(1864192K), 0.0572695 secs] [Times: user=0.27 sys=0.00, real=0.06 secs] 
3626.632: [GC (Allocation Failure) [PSYoungGen: 405300K->185718K(465920K)] 1025327K->859688K(1864192K), 0.0436819 secs] [Times: user=0.19 sys=0.00, real=0.04 secs] 
3626.831: [GC (Allocation Failure) [PSYoungGen: 418678K->185175K(465920K)] 1092648K->923537K(1864192K), 0.0597995 secs] [Times: user=0.29 sys=0.00, real=0.06 secs] 
3627.692: [GC (Allocation Failure) [PSYoungGen: 414584K->205811K(465920K)] 1152947K->1003069K(1864192K), 0.0543695 secs] [Times: user=0.27 sys=0.00, real=0.05 secs] 
3628.104: [GC (GCLocker Initiated GC) [PSYoungGen: 438771K->101980K(465920K)] 1236029K->964070K(1864192K), 0.0437655 secs] [Times: user=0.22 sys=0.00, real=0.04 secs] 
3628.310: [GC (Allocation Failure) [PSYoungGen: 334940K->178454K(465920K)] 1205225K->1081348K(1864192K), 0.1632443 secs] [Times: user=0.91 sys=0.00, real=0.16 secs] 
3628.589: [GC (Allocation Failure) [PSYoungGen: 411414K->185335K(465920K)] 1314308K->1145441K(1864192K), 0.1706745 secs] [Times: user=0.96 sys=0.00, real=0.18 secs] 
3628.870: [GC (Allocation Failure) [PSYoungGen: 418295K->184148K(465920K)] 1378401K->1203079K(1864192K), 0.0578988 secs] [Times: user=0.29 sys=0.00, real=0.06 secs] 
3630.240: [GC (Allocation Failure) [PSYoungGen: 417108K->97787K(465920K)] 1436039K->1186450K(1864192K), 0.1134520 secs] [Times: user=0.61 sys=0.01, real=0.11 secs] 
3631.054: [GC (Allocation Failure) [PSYoungGen: 330747K->173269K(465920K)] 1419410K->1294108K(1864192K), 0.0577085 secs] [Times: user=0.26 sys=0.01, real=0.06 secs] 
3631.245: [GC (Allocation Failure) [PSYoungGen: 406229K->185270K(465920K)] 1527068K->1360509K(1864192K), 0.0435914 secs] [Times: user=0.20 sys=0.00, real=0.04 secs] 
3631.404: [GC (Allocation Failure) [PSYoungGen: 410350K->178902K(465920K)] 1585589K->1418529K(1864192K), 0.0503783 secs] [Times: user=0.24 sys=0.00, real=0.05 secs] 
3633.554: [GC (Allocation Failure) [PSYoungGen: 409007K->206355K(465920K)] 1648634K->1502990K(1864192K), 0.0563952 secs] [Times: user=0.28 sys=0.00, real=0.06 secs] 
3634.207: [GC (Allocation Failure) [PSYoungGen: 439315K->100716K(465920K)] 1735950K->1462279K(1864192K), 0.0490691 secs] [Times: user=0.26 sys=0.00, real=0.05 secs] 
3634.256: [Full GC (Ergonomics) [PSYoungGen: 100716K->0K(465920K)] [ParOldGen: 1361563K->118046K(1398272K)] 1462279K->118046K(1864192K), [Metaspace: 60254K->60254K(1105920K)], 0.1056837 secs] [Times: user=0.44 sys=0.00, real=0.11 secs] 
3634.485: [GC (Allocation Failure) [PSYoungGen: 232960K->181334K(465920K)] 351006K->299380K(1864192K), 0.0254799 secs] [Times: user=0.08 sys=0.01, real=0.03 secs] 
3634.654: [GC (Allocation Failure) [PSYoungGen: 414294K->182709K(465920K)] 532340K->357151K(1864192K), 0.0456534 secs] [Times: user=0.21 sys=0.00, real=0.04 secs] 
3634.846: [GC (Allocation Failure) [PSYoungGen: 415669K->184052K(465920K)] 590111K->413759K(1864192K), 0.0444114 secs] [Times: user=0.21 sys=0.00, real=0.05 secs] 
3635.907: [GC (Allocation Failure) [PSYoungGen: 417012K->103180K(465920K)] 646719K->402154K(1864192K), 0.0439875 secs] [Times: user=0.22 sys=0.01, real=0.05 secs] 
3636.258: [GC (Allocation Failure) [PSYoungGen: 336140K->174389K(465920K)] 635114K->506728K(1864192K), 0.0629827 secs] [Times: user=0.30 sys=0.00, real=0.07 secs] 
3636.513: [GC (Allocation Failure) [PSYoungGen: 407349K->182453K(465920K)] 739688K->569488K(1864192K), 0.0589359 secs] [Times: user=0.28 sys=0.00, real=0.06 secs] 
3636.729: [GC (Allocation Failure) [PSYoungGen: 415413K->183126K(465920K)] 802448K->633817K(1864192K), 0.0645539 secs] [Times: user=0.32 sys=0.00, real=0.07 secs] 
3637.555: [GC (Allocation Failure) [PSYoungGen: 414011K->211507K(465920K)] 864702K->720254K(1864192K), 0.0556678 secs] [Times: user=0.28 sys=0.00, real=0.06 secs] 
3638.530: [GC (Allocation Failure) [PSYoungGen: 444467K->104876K(465920K)] 953214K->680135K(1864192K), 0.1042483 secs] [Times: user=0.57 sys=0.00, real=0.10 secs] 
3638.844: [GC (Allocation Failure) [PSYoungGen: 336509K->177525K(465920K)] 911768K->786697K(1864192K), 0.0353748 secs] [Times: user=0.15 sys=0.00, real=0.03 secs] 
3639.019: [GC (Allocation Failure) [PSYoungGen: 410485K->185206K(465920K)] 1019657K->849874K(1864192K), 0.0549060 secs] [Times: user=0.26 sys=0.01, real=0.06 secs] 
3639.206: [GC (Allocation Failure) [PSYoungGen: 418166K->187637K(465920K)] 1082834K->908473K(1864192K), 0.0461494 secs] [Times: user=0.22 sys=0.00, real=0.05 secs] 
3640.472: [GC (GCLocker Initiated GC) [PSYoungGen: 420597K->99228K(465920K)] 1141433K->890864K(1864192K), 0.0491924 secs] [Times: user=0.25 sys=0.00, real=0.05 secs] 
3641.218: [GC (Allocation Failure) [PSYoungGen: 332188K->171956K(465920K)] 1123990K->995556K(1864192K), 0.0638009 secs] [Times: user=0.31 sys=0.00, real=0.07 secs] 
3641.457: [GC (Allocation Failure) [PSYoungGen: 404916K->185782K(465920K)] 1228516K->1063102K(1864192K), 0.0578939 secs] [Times: user=0.27 sys=0.00, real=0.06 secs] 
3641.680: [GC (Allocation Failure) [PSYoungGen: 418742K->183414K(465920K)] 1296062K->1125174K(1864192K), 0.0500012 secs] [Times: user=0.23 sys=0.01, real=0.05 secs] 
3642.490: [GC (Allocation Failure) [PSYoungGen: 413954K->189843K(465920K)] 1355714K->1189771K(1864192K), 0.0546983 secs] [Times: user=0.28 sys=0.00, real=0.06 secs] 
3642.931: [GC (Allocation Failure) [PSYoungGen: 422803K->105676K(465920K)] 1422731K->1170420K(1864192K), 0.0490412 secs] [Times: user=0.25 sys=0.00, real=0.05 secs] 
3643.096: [GC (Allocation Failure) [PSYoungGen: 332583K->177045K(465920K)] 1397327K->1275490K(1864192K), 0.0362199 secs] [Times: user=0.15 sys=0.00, real=0.04 secs] 
3643.272: [GC (Allocation Failure) [PSYoungGen: 410005K->185654K(465920K)] 1508450K->1339327K(1864192K), 0.0486588 secs] [Times: user=0.22 sys=0.00, real=0.05 secs] 
3643.443: [GC (Allocation Failure) [PSYoungGen: 418614K->187861K(465920K)] 1572287K->1397694K(1864192K), 0.0462907 secs] [Times: user=0.21 sys=0.00, real=0.04 secs] 
3644.645: [GC (Allocation Failure) [PSYoungGen: 420821K->95931K(465920K)] 1630654K->1376740K(1864192K), 0.0776680 secs] [Times: user=0.42 sys=0.00, real=0.08 secs] 
3645.396: [GC (Allocation Failure) [PSYoungGen: 328891K->174357K(465920K)] 1609700K->1486410K(1864192K), 0.0617747 secs] [Times: user=0.30 sys=0.00, real=0.06 secs] 
3645.458: [Full GC (Ergonomics) [PSYoungGen: 174357K->0K(465920K)] [ParOldGen: 1312053K->199010K(1398272K)] 1486410K->199010K(1864192K), [Metaspace: 60256K->60256K(1105920K)], 0.2077767 secs] [Times: user=0.95 sys=0.00, real=0.21 secs] 
3645.786: [GC (Allocation Failure) [PSYoungGen: 232960K->193718K(465920K)] 431970K->392728K(1864192K), 0.0328113 secs] [Times: user=0.13 sys=0.00, real=0.03 secs] 
3646.056: [GC (Allocation Failure) [PSYoungGen: 424060K->183190K(465920K)] 623071K->446761K(1864192K), 0.0450289 secs] [Times: user=0.20 sys=0.00, real=0.05 secs] 
3646.992: [GC (Allocation Failure) [PSYoungGen: 416150K->169203K(465920K)] 679721K->490925K(1864192K), 0.0535133 secs] [Times: user=0.26 sys=0.00, real=0.05 secs] 
3648.746: [GC (Allocation Failure) [PSYoungGen: 402163K->104972K(465920K)] 723885K->491287K(1864192K), 0.0953563 secs] [Times: user=0.51 sys=0.00, real=0.10 secs] 
3649.067: [GC (Allocation Failure) [PSYoungGen: 333329K->177557K(465920K)] 719643K->597557K(1864192K), 0.0342781 secs] [Times: user=0.14 sys=0.00, real=0.04 secs] 
3649.214: [GC (Allocation Failure) [PSYoungGen: 410517K->185558K(465920K)] 830517K->660565K(1864192K), 0.0427406 secs] [Times: user=0.19 sys=0.00, real=0.04 secs] 
3649.366: [GC (Allocation Failure) [PSYoungGen: 418518K->187477K(465920K)] 893525K->718565K(1864192K), 0.0453843 secs] [Times: user=0.21 sys=0.00, real=0.05 secs] 
3650.416: [GC (Allocation Failure) [PSYoungGen: 420437K->95371K(465920K)] 951525K->697107K(1864192K), 0.0437317 secs] [Times: user=0.23 sys=0.00, real=0.04 secs] 
3650.685: [GC (Allocation Failure) [PSYoungGen: 328331K->174229K(465920K)] 930067K->807292K(1864192K), 0.0483883 secs] [Times: user=0.22 sys=0.00, real=0.05 secs] 
3650.876: [GC (Allocation Failure) [PSYoungGen: 407189K->185590K(465920K)] 1040252K->873474K(1864192K), 0.0440448 secs] [Times: user=0.20 sys=0.00, real=0.05 secs] 
3651.035: [GC (Allocation Failure) [PSYoungGen: 418550K->184759K(465920K)] 1106434K->937163K(1864192K), 0.0500744 secs] [Times: user=0.24 sys=0.00, real=0.05 secs] 
3651.835: [GC (Allocation Failure) [PSYoungGen: 417250K->205779K(465920K)] 1169654K->1016767K(1864192K), 0.0547363 secs] [Times: user=0.27 sys=0.00, real=0.05 secs] 
3652.863: [GC (Allocation Failure) [PSYoungGen: 438739K->105292K(465920K)] 1249727K->980796K(1864192K), 0.0837346 secs] [Times: user=0.45 sys=0.00, real=0.08 secs] 
3653.116: [GC (Allocation Failure) [PSYoungGen: 331228K->176245K(465920K)] 1206732K->1085618K(1864192K), 0.0351381 secs] [Times: user=0.15 sys=0.00, real=0.04 secs] 
3653.266: [GC (Allocation Failure) [PSYoungGen: 409205K->182837K(465920K)] 1318578K->1147018K(1864192K), 0.0440583 secs] [Times: user=0.20 sys=0.00, real=0.05 secs] 
3653.682: [GC (Allocation Failure) [PSYoungGen: 415797K->202901K(465920K)] 1379978K->1222634K(1864192K), 0.0821248 secs] [Times: user=0.41 sys=0.00, real=0.08 secs] 
3655.254: [GC (Allocation Failure) [PSYoungGen: 435861K->103244K(465920K)] 1455594K->1193393K(1864192K), 0.1233881 secs] [Times: user=0.68 sys=0.00, real=0.12 secs] 
3656.602: [GC (GCLocker Initiated GC) [PSYoungGen: 336204K->164595K(465920K)] 1426354K->1287598K(1864192K), 0.0692093 secs] [Times: user=0.33 sys=0.00, real=0.07 secs] 
3656.870: [GC (Allocation Failure) [PSYoungGen: 397555K->185590K(465920K)] 1520561K->1360091K(1864192K), 0.0463002 secs] [Times: user=0.21 sys=0.00, real=0.04 secs] 
3657.031: [GC (Allocation Failure) [PSYoungGen: 418550K->186103K(465920K)] 1593051K->1425044K(1864192K), 0.0516200 secs] [Times: user=0.24 sys=0.00, real=0.05 secs] 
3657.485: [GC (Allocation Failure) [PSYoungGen: 418771K->210835K(465920K)] 1657713K->1508833K(1864192K), 0.0553850 secs] [Times: user=0.27 sys=0.01, real=0.06 secs] 
3658.371: [GC (GCLocker Initiated GC) [PSYoungGen: 443795K->97163K(465920K)] 1741794K->1461962K(1864192K), 0.0592613 secs] [Times: user=0.31 sys=0.00, real=0.06 secs] 
3658.430: [Full GC (Ergonomics) [PSYoungGen: 97163K->0K(465920K)] [ParOldGen: 1364798K->115359K(1398272K)] 1461962K->115359K(1864192K), [Metaspace: 60262K->60262K(1105920K)], 0.1180564 secs] [Times: user=0.52 sys=0.00, real=0.11 secs] 
3658.703: [GC (Allocation Failure) [PSYoungGen: 232960K->184118K(465920K)] 348321K->299479K(1864192K), 0.0253594 secs] [Times: user=0.09 sys=0.00, real=0.02 secs] 
3658.870: [GC (Allocation Failure) [PSYoungGen: 417078K->185590K(465920K)] 532439K->358311K(1864192K), 0.0463866 secs] [Times: user=0.22 sys=0.00, real=0.05 secs] 
3659.041: [GC (Allocation Failure) [PSYoungGen: 418550K->187541K(465920K)] 591271K->416550K(1864192K), 0.0447893 secs] [Times: user=0.21 sys=0.00, real=0.04 secs] 
3660.453: [GC (Allocation Failure) [PSYoungGen: 420501K->96571K(465920K)] 649510K->396300K(1864192K), 0.0812507 secs] [Times: user=0.44 sys=0.00, real=0.08 secs] 
3661.272: [GC (Allocation Failure) [PSYoungGen: 329531K->172116K(465920K)] 629260K->503479K(1864192K), 0.0570083 secs] [Times: user=0.27 sys=0.00, real=0.05 secs] 
3661.500: [GC (Allocation Failure) [PSYoungGen: 405076K->182773K(465920K)] 736439K->567503K(1864192K), 0.0597922 secs] [Times: user=0.28 sys=0.00, real=0.06 secs] 
3661.892: [GC (Allocation Failure) [PSYoungGen: 415733K->185527K(465920K)] 800463K->634097K(1864192K), 0.0776334 secs] [Times: user=0.38 sys=0.00, real=0.07 secs] 
3663.181: [GC (Allocation Failure) [PSYoungGen: 415598K->210803K(465920K)] 864168K->718197K(1864192K), 0.0553260 secs] [Times: user=0.27 sys=0.00, real=0.05 secs] 
3664.088: [GC (Allocation Failure) [PSYoungGen: 443763K->99980K(465920K)] 951157K->673470K(1864192K), 0.0958238 secs] [Times: user=0.52 sys=0.00, real=0.10 secs] 
3664.403: [GC (Allocation Failure) [PSYoungGen: 332940K->181654K(465920K)] 906430K->787489K(1864192K), 0.0347629 secs] [Times: user=0.14 sys=0.00, real=0.03 secs] 
3664.552: [GC (Allocation Failure) [PSYoungGen: 414614K->185814K(465920K)] 1020449K->847921K(1864192K), 0.0433455 secs] [Times: user=0.20 sys=0.00, real=0.04 secs] 
3664.707: [GC (Allocation Failure) [PSYoungGen: 418774K->187349K(465920K)] 1080881K->905680K(1864192K), 0.0453612 secs] [Times: user=0.21 sys=0.00, real=0.05 secs] 
3665.687: [GC (Allocation Failure) [PSYoungGen: 420309K->97915K(465920K)] 1138640K->886791K(1864192K), 0.0440729 secs] [Times: user=0.23 sys=0.00, real=0.05 secs] 
3666.078: [GC (Allocation Failure) [PSYoungGen: 330875K->171412K(465920K)] 1119751K->991524K(1864192K), 0.0378849 secs] [Times: user=0.16 sys=0.00, real=0.04 secs] 
3666.258: [GC (Allocation Failure) [PSYoungGen: 404372K->185718K(465920K)] 1224484K->1059794K(1864192K), 0.0479916 secs] [Times: user=0.22 sys=0.00, real=0.05 secs] 
3666.438: [GC (Allocation Failure) [PSYoungGen: 418678K->185047K(465920K)] 1292754K->1123611K(1864192K), 0.0499910 secs] [Times: user=0.24 sys=0.00, real=0.05 secs] 
3667.264: [GC (Allocation Failure) [PSYoungGen: 413382K->206163K(465920K)] 1351946K->1203511K(1864192K), 0.0535966 secs] [Times: user=0.27 sys=0.00, real=0.05 secs] 
3668.528: [GC (Allocation Failure) [PSYoungGen: 439123K->101468K(465920K)] 1436471K->1163552K(1864192K), 0.0965500 secs] [Times: user=0.52 sys=0.00, real=0.10 secs] 
3668.809: [GC (Allocation Failure) [PSYoungGen: 330586K->180950K(465920K)] 1392670K->1275647K(1864192K), 0.0348751 secs] [Times: user=0.15 sys=0.00, real=0.04 secs] 
3668.959: [GC (Allocation Failure) [PSYoungGen: 413910K->185558K(465920K)] 1508607K->1336423K(1864192K), 0.0436474 secs] [Times: user=0.20 sys=0.00, real=0.05 secs] 
3669.133: [GC (Allocation Failure) [PSYoungGen: 418518K->200981K(465920K)] 1569383K->1407950K(1864192K), 0.0458483 secs] [Times: user=0.21 sys=0.01, real=0.04 secs] 
3670.598: [GC (Allocation Failure) [PSYoungGen: 433941K->102316K(465920K)] 1640910K->1379069K(1864192K), 0.1022383 secs] [Times: user=0.55 sys=0.00, real=0.11 secs] 
3671.661: [GC (Allocation Failure) [PSYoungGen: 335276K->170324K(465920K)] 1612029K->1479402K(1864192K), 0.0591826 secs] [Times: user=0.28 sys=0.00, real=0.06 secs] 
3671.904: [GC (Allocation Failure) [PSYoungGen: 403284K->185782K(465920K)] 1712362K->1548116K(1864192K), 0.0611182 secs] [Times: user=0.29 sys=0.00, real=0.06 secs] 
3671.966: [Full GC (Ergonomics) [PSYoungGen: 185782K->0K(465920K)] [ParOldGen: 1362334K->263119K(1398272K)] 1548116K->263119K(1864192K), [Metaspace: 60277K->60277K(1105920K)], 0.3426599 secs] [Times: user=1.61 sys=0.00, real=0.34 secs] 
3672.421: [GC (Allocation Failure) [PSYoungGen: 232960K->183286K(465920K)] 496079K->446406K(1864192K), 0.0833279 secs] [Times: user=0.44 sys=0.00, real=0.08 secs] 
3673.291: [GC (Allocation Failure) [PSYoungGen: 415508K->207891K(465920K)] 678627K->529058K(1864192K), 0.0554754 secs] [Times: user=0.28 sys=0.00, real=0.05 secs] 
3673.704: [GC (Allocation Failure) [PSYoungGen: 440851K->106092K(465920K)] 762018K->492723K(1864192K), 0.0401150 secs] [Times: user=0.20 sys=0.00, real=0.04 secs] 
3673.860: [GC (Allocation Failure) [PSYoungGen: 333770K->177365K(465920K)] 720402K->597565K(1864192K), 0.0341324 secs] [Times: user=0.14 sys=0.00, real=0.03 secs] 
3674.036: [GC (Allocation Failure) [PSYoungGen: 410325K->185750K(465920K)] 830525K->661262K(1864192K), 0.0469347 secs] [Times: user=0.22 sys=0.00, real=0.05 secs] 
3674.211: [GC (Allocation Failure) [PSYoungGen: 418710K->187253K(465920K)] 894222K->719141K(1864192K), 0.0447773 secs] [Times: user=0.20 sys=0.00, real=0.04 secs] 
3675.253: [GC (Allocation Failure) [PSYoungGen: 420213K->95435K(465920K)] 952101K->697767K(1864192K), 0.0503401 secs] [Times: user=0.27 sys=0.00, real=0.05 secs] 
3676.020: [GC (Allocation Failure) [PSYoungGen: 328395K->174549K(465920K)] 930727K->808258K(1864192K), 0.0598954 secs] [Times: user=0.29 sys=0.00, real=0.06 secs] 
3676.217: [GC (Allocation Failure) [PSYoungGen: 407509K->185430K(465920K)] 1041218K->873407K(1864192K), 0.0425659 secs] [Times: user=0.19 sys=0.00, real=0.04 secs] 
3676.377: [GC (Allocation Failure) [PSYoungGen: 418390K->183062K(465920K)] 1106367K->935640K(1864192K), 0.0491988 secs] [Times: user=0.23 sys=0.00, real=0.05 secs] 
3678.552: [GC (Allocation Failure) [PSYoungGen: 416022K->169875K(465920K)] 1168600K->980484K(1864192K), 0.0569694 secs] [Times: user=0.29 sys=0.00, real=0.05 secs] 
3679.710: [GC (Allocation Failure) [PSYoungGen: 402835K->107388K(465920K)] 1213444K->982982K(1864192K), 0.0958644 secs] [Times: user=0.51 sys=0.00, real=0.09 secs] 
3680.045: [GC (Allocation Failure) [PSYoungGen: 336614K->176053K(465920K)] 1212207K->1085955K(1864192K), 0.0356564 secs] [Times: user=0.14 sys=0.01, real=0.04 secs] 
3680.239: [GC (Allocation Failure) [PSYoungGen: 409013K->182005K(465920K)] 1318915K->1146259K(1864192K), 0.0682130 secs] [Times: user=0.34 sys=0.00, real=0.07 secs] 
3680.444: [GC (Allocation Failure) [PSYoungGen: 414965K->187285K(465920K)] 1379219K->1206387K(1864192K), 0.0457449 secs] [Times: user=0.21 sys=0.00, real=0.05 secs] 
3681.437: [GC (Allocation Failure) [PSYoungGen: 420245K->102412K(465920K)] 1439347K->1192186K(1864192K), 0.0452835 secs] [Times: user=0.23 sys=0.00, real=0.05 secs] 
3681.896: [GC (Allocation Failure) [PSYoungGen: 335372K->168820K(465920K)] 1425146K->1291743K(1864192K), 0.0611331 secs] [Times: user=0.29 sys=0.00, real=0.06 secs] 
3682.103: [GC (Allocation Failure) [PSYoungGen: 401780K->185078K(465920K)] 1524703K->1360909K(1864192K), 0.0430171 secs] [Times: user=0.19 sys=0.00, real=0.04 secs] 
3682.285: [GC (Allocation Failure) [PSYoungGen: 418038K->186263K(465920K)] 1593869K->1426310K(1864192K), 0.0559144 secs] [Times: user=0.27 sys=0.00, real=0.06 secs] 
3683.247: [GC (Allocation Failure) [PSYoungGen: 419223K->170323K(465920K)] 1659270K->1469350K(1864192K), 0.0587291 secs] [Times: user=0.30 sys=0.00, real=0.06 secs] 
3684.492: [GC (Allocation Failure) [PSYoungGen: 403283K->103324K(465920K)] 1702310K->1467543K(1864192K), 0.1034846 secs] [Times: user=0.55 sys=0.00, real=0.10 secs] 
3684.596: [Full GC (Ergonomics) [PSYoungGen: 103324K->0K(465920K)] [ParOldGen: 1364219K->121412K(1398272K)] 1467543K->121412K(1864192K), [Metaspace: 60279K->60279K(1105920K)], 0.1840511 secs] [Times: user=0.81 sys=0.00, real=0.19 secs] 
3684.916: [GC (Allocation Failure) [PSYoungGen: 227066K->179221K(465920K)] 348479K->300634K(1864192K), 0.0248764 secs] [Times: user=0.08 sys=0.00, real=0.03 secs] 
3685.056: [GC (Allocation Failure) [PSYoungGen: 412181K->193814K(465920K)] 533594K->370859K(1864192K), 0.0418723 secs] [Times: user=0.19 sys=0.00, real=0.04 secs] 
3685.492: [GC (Allocation Failure) [PSYoungGen: 426774K->184116K(465920K)] 603819K->417353K(1864192K), 0.0883533 secs] [Times: user=0.44 sys=0.00, real=0.09 secs] 
3686.691: [GC (Allocation Failure) [PSYoungGen: 417076K->103580K(465920K)] 650313K->406057K(1864192K), 0.0568407 secs] [Times: user=0.30 sys=0.00, real=0.05 secs] 
3687.509: [GC (Allocation Failure) [PSYoungGen: 336540K->169044K(465920K)] 639017K->504582K(1864192K), 0.0579617 secs] [Times: user=0.27 sys=0.00, real=0.06 secs] 
3687.774: [GC (Allocation Failure) [PSYoungGen: 402004K->185302K(465920K)] 737542K->573656K(1864192K), 0.0577725 secs] [Times: user=0.28 sys=0.00, real=0.06 secs] 
3687.957: [GC (Allocation Failure) [PSYoungGen: 418262K->186359K(465920K)] 806616K->639049K(1864192K), 0.0494745 secs] [Times: user=0.23 sys=0.00, real=0.05 secs] 
3688.849: [GC (Allocation Failure) [PSYoungGen: 419319K->168563K(465920K)] 872009K->680320K(1864192K), 0.0565438 secs] [Times: user=0.29 sys=0.00, real=0.06 secs] 
3689.400: [GC (Allocation Failure) [PSYoungGen: 401523K->105948K(465920K)] 913280K->682382K(1864192K), 0.1073266 secs] [Times: user=0.57 sys=0.00, real=0.10 secs] 
3689.723: [GC (Allocation Failure) [PSYoungGen: 338908K->180725K(465920K)] 915342K->790952K(1864192K), 0.0358560 secs] [Times: user=0.15 sys=0.00, real=0.03 secs] 
3689.900: [GC (Allocation Failure) [PSYoungGen: 413685K->181590K(465920K)] 1023912K->855073K(1864192K), 0.0545287 secs] [Times: user=0.25 sys=0.01, real=0.05 secs] 
3690.128: [GC (Allocation Failure) [PSYoungGen: 414550K->187381K(465920K)] 1088033K->918392K(1864192K), 0.0795862 secs] [Times: user=0.40 sys=0.00, real=0.08 secs] 
3692.081: [GC (Allocation Failure) [PSYoungGen: 420341K->98939K(465920K)] 1151352K->900695K(1864192K), 0.1307520 secs] [Times: user=0.73 sys=0.00, real=0.13 secs] 
3693.551: [GC (Allocation Failure) [PSYoungGen: 331899K->171444K(465920K)] 1133655K->1005556K(1864192K), 0.0594446 secs] [Times: user=0.28 sys=0.00, real=0.06 secs] 
3693.751: [GC (Allocation Failure) [PSYoungGen: 404404K->185398K(465920K)] 1238516K->1073066K(1864192K), 0.0434672 secs] [Times: user=0.19 sys=0.00, real=0.04 secs] 
3693.937: [GC (Allocation Failure) [PSYoungGen: 413869K->182006K(465920K)] 1301537K->1134370K(1864192K), 0.0555264 secs] [Times: user=0.26 sys=0.00, real=0.06 secs] 
3694.872: [GC (Allocation Failure) [PSYoungGen: 414966K->168595K(465920K)] 1367330K->1178711K(1864192K), 0.0542658 secs] [Times: user=0.27 sys=0.00, real=0.05 secs] 
3695.591: [GC (Allocation Failure) [PSYoungGen: 401555K->109101K(465920K)] 1411671K->1183769K(1864192K), 0.0886052 secs] [Times: user=0.47 sys=0.01, real=0.08 secs] 
3695.852: [GC (Allocation Failure) [PSYoungGen: 334177K->173173K(465920K)] 1408845K->1283232K(1864192K), 0.0357702 secs] [Times: user=0.14 sys=0.01, real=0.03 secs] 
3696.003: [GC (Allocation Failure) [PSYoungGen: 406133K->185302K(465920K)] 1516192K->1348873K(1864192K), 0.0436906 secs] [Times: user=0.20 sys=0.00, real=0.04 secs] 
3696.159: [GC (Allocation Failure) [PSYoungGen: 418262K->187829K(465920K)] 1581833K->1407428K(1864192K), 0.0463458 secs] [Times: user=0.22 sys=0.00, real=0.05 secs] 
3697.208: [GC (Allocation Failure) [PSYoungGen: 420789K->99228K(465920K)] 1640388K->1389659K(1864192K), 0.0446522 secs] [Times: user=0.24 sys=0.00, real=0.05 secs] 
3697.492: [GC (Allocation Failure) [PSYoungGen: 332188K->171604K(465920K)] 1622619K->1494601K(1864192K), 0.0629104 secs] [Times: user=0.29 sys=0.01, real=0.06 secs] 
3697.555: [Full GC (Ergonomics) [PSYoungGen: 171604K->0K(465920K)] [ParOldGen: 1322996K->197513K(1398272K)] 1494601K->197513K(1864192K), [Metaspace: 60286K->60286K(1105920K)], 0.2100429 secs] [Times: user=0.97 sys=0.00, real=0.21 secs] 
3697.886: [GC (Allocation Failure) [PSYoungGen: 232960K->184694K(465920K)] 430473K->382208K(1864192K), 0.0325395 secs] [Times: user=0.13 sys=0.00, real=0.03 secs] 
3698.035: [GC (Allocation Failure) [PSYoungGen: 416489K->184887K(465920K)] 614003K->446817K(1864192K), 0.0439120 secs] [Times: user=0.20 sys=0.00, real=0.04 secs] 
3698.953: [GC (Allocation Failure) [PSYoungGen: 417847K->169171K(465920K)] 679777K->489957K(1864192K), 0.0567411 secs] [Times: user=0.28 sys=0.00, real=0.05 secs] 
3700.544: [GC (Allocation Failure) [PSYoungGen: 402131K->106492K(465920K)] 722917K->492062K(1864192K), 0.1043414 secs] [Times: user=0.56 sys=0.00, real=0.10 secs] 
3700.843: [GC (Allocation Failure) [PSYoungGen: 339452K->197045K(465920K)] 725022K->617306K(1864192K), 0.0368222 secs] [Times: user=0.16 sys=0.00, real=0.04 secs] 
3701.000: [GC (Allocation Failure) [PSYoungGen: 430005K->184727K(465920K)] 850266K->667952K(1864192K), 0.0491382 secs] [Times: user=0.23 sys=0.00, real=0.04 secs] 
3701.159: [GC (Allocation Failure) [PSYoungGen: 417687K->183348K(465920K)] 900912K->725006K(1864192K), 0.0577238 secs] [Times: user=0.28 sys=0.00, real=0.06 secs] 
3702.305: [GC (GCLocker Initiated GC) [PSYoungGen: 416308K->99996K(465920K)] 957966K->710997K(1864192K), 0.0565816 secs] [Times: user=0.30 sys=0.00, real=0.06 secs] 
3702.658: [GC (Allocation Failure) [PSYoungGen: 332956K->175829K(465920K)] 944252K->819066K(1864192K), 0.0503014 secs] [Times: user=0.23 sys=0.00, real=0.05 secs] 
3702.826: [GC (Allocation Failure) [PSYoungGen: 408789K->194006K(465920K)] 1052026K->892543K(1864192K), 0.0433156 secs] [Times: user=0.20 sys=0.00, real=0.04 secs] 
3702.978: [GC (Allocation Failure) [PSYoungGen: 414980K->175605K(465920K)] 1113517K->938735K(1864192K), 0.0485350 secs] [Times: user=0.23 sys=0.00, real=0.05 secs] 
3703.657: [GC (Allocation Failure) [PSYoungGen: 408565K->211155K(465920K)] 1171695K->1030108K(1864192K), 0.0543617 secs] [Times: user=0.27 sys=0.00, real=0.06 secs] 
3704.176: [GC (Allocation Failure) [PSYoungGen: 444115K->103324K(465920K)] 1263068K->987321K(1864192K), 0.0522819 secs] [Times: user=0.27 sys=0.00, real=0.05 secs] 
3704.347: [GC (Allocation Failure) [PSYoungGen: 332457K->179413K(465920K)] 1216455K->1096356K(1864192K), 0.0356086 secs] [Times: user=0.15 sys=0.00, real=0.04 secs] 
3704.498: [GC (Allocation Failure) [PSYoungGen: 412373K->185334K(465920K)] 1329316K->1158172K(1864192K), 0.0467681 secs] [Times: user=0.21 sys=0.00, real=0.05 secs] 
3704.656: [GC (Allocation Failure) [PSYoungGen: 418294K->187893K(465920K)] 1391132K->1216835K(1864192K), 0.0491677 secs] [Times: user=0.24 sys=0.00, real=0.05 secs] 
3705.877: [GC (Allocation Failure) [PSYoungGen: 420853K->95755K(465920K)] 1449795K->1195746K(1864192K), 0.0639652 secs] [Times: user=0.34 sys=0.01, real=0.07 secs] 
3706.589: [GC (Allocation Failure) [PSYoungGen: 328715K->174741K(465920K)] 1428706K->1306008K(1864192K), 0.0472048 secs] [Times: user=0.22 sys=0.00, real=0.05 secs] 
3706.752: [GC (Allocation Failure) [PSYoungGen: 407701K->185558K(465920K)] 1538968K->1371049K(1864192K), 0.0468307 secs] [Times: user=0.21 sys=0.00, real=0.04 secs] 
3707.341: [GC (GCLocker Initiated GC) [PSYoungGen: 418518K->181558K(465920K)] 1604009K->1431521K(1864192K), 0.0843704 secs] [Times: user=0.42 sys=0.00, real=0.08 secs] 
3708.778: [GC (Allocation Failure) [PSYoungGen: 414518K->170995K(465920K)] 1664483K->1478440K(1864192K), 0.0604847 secs] [Times: user=0.31 sys=0.00, real=0.06 secs] 
3710.009: [GC (Allocation Failure) [PSYoungGen: 403955K->105356K(465920K)] 1711400K->1478177K(1864192K), 0.1085347 secs] [Times: user=0.58 sys=0.01, real=0.11 secs] 
3710.118: [Full GC (Ergonomics) [PSYoungGen: 105356K->0K(465920K)] [ParOldGen: 1372820K->123437K(1398272K)] 1478177K->123437K(1864192K), [Metaspace: 60287K->60287K(1105920K)], 0.1855198 secs] [Times: user=0.84 sys=0.00, real=0.19 secs] 
3710.427: [GC (Allocation Failure) [PSYoungGen: 227843K->176981K(465920K)] 351280K->300418K(1864192K), 0.0244062 secs] [Times: user=0.08 sys=0.01, real=0.03 secs] 
3710.566: [GC (Allocation Failure) [PSYoungGen: 409941K->185366K(465920K)] 533378K->363611K(1864192K), 0.0415650 secs] [Times: user=0.18 sys=0.00, real=0.04 secs] 
3710.745: [GC (Allocation Failure) [PSYoungGen: 418326K->187861K(465920K)] 596571K->422290K(1864192K), 0.0493926 secs] [Times: user=0.24 sys=0.00, real=0.05 secs] 
3711.737: [GC (Allocation Failure) [PSYoungGen: 420821K->96427K(465920K)] 655250K->401497K(1864192K), 0.0431566 secs] [Times: user=0.22 sys=0.00, real=0.04 secs] 
3712.136: [GC (Allocation Failure) [PSYoungGen: 329387K->173717K(465920K)] 634457K->510139K(1864192K), 0.0683370 secs] [Times: user=0.32 sys=0.00, real=0.07 secs] 
3712.365: [GC (Allocation Failure) [PSYoungGen: 406677K->185206K(465920K)] 743099K->575804K(1864192K), 0.0425804 secs] [Times: user=0.19 sys=0.00, real=0.04 secs] 
3712.549: [GC (Allocation Failure) [PSYoungGen: 418166K->184503K(465920K)] 808764K->639845K(1864192K), 0.0545408 secs] [Times: user=0.26 sys=0.00, real=0.06 secs] 
3713.492: [GC (Allocation Failure) [PSYoungGen: 417463K->169139K(465920K)] 872805K->683121K(1864192K), 0.0564633 secs] [Times: user=0.28 sys=0.00, real=0.05 secs] 
3714.738: [GC (Allocation Failure) [PSYoungGen: 402099K->107148K(465920K)] 916081K->685867K(1864192K), 0.1068519 secs] [Times: user=0.58 sys=0.00, real=0.11 secs] 
3715.069: [GC (Allocation Failure) [PSYoungGen: 340108K->180245K(465920K)] 918827K->793588K(1864192K), 0.0394697 secs] [Times: user=0.17 sys=0.00, real=0.04 secs] 
3715.268: [GC (Allocation Failure) [PSYoungGen: 413205K->182070K(465920K)] 1026548K->858365K(1864192K), 0.0777086 secs] [Times: user=0.38 sys=0.00, real=0.08 secs] 
3717.017: [GC (Allocation Failure) [PSYoungGen: 415025K->182100K(465920K)] 1091321K->915787K(1864192K), 0.1225243 secs] [Times: user=0.65 sys=0.00, real=0.12 secs] 
3718.330: [GC (Allocation Failure) [PSYoungGen: 415060K->102668K(465920K)] 1148747K->905227K(1864192K), 0.0506433 secs] [Times: user=0.26 sys=0.00, real=0.06 secs] 
3718.892: [GC (Allocation Failure) [PSYoungGen: 335628K->167060K(465920K)] 1138187K->1002748K(1864192K), 0.0572042 secs] [Times: user=0.26 sys=0.01, real=0.05 secs] 
3719.117: [GC (Allocation Failure) [PSYoungGen: 400020K->185526K(465920K)] 1235708K->1073566K(1864192K), 0.0488617 secs] [Times: user=0.22 sys=0.00, real=0.05 secs] 
3719.317: [GC (Allocation Failure) [PSYoungGen: 418486K->186199K(465920K)] 1306526K->1138815K(1864192K), 0.0671857 secs] [Times: user=0.32 sys=0.00, real=0.07 secs] 
3720.256: [GC (Allocation Failure) [PSYoungGen: 419159K->169235K(465920K)] 1371775K->1180979K(1864192K), 0.0572751 secs] [Times: user=0.28 sys=0.01, real=0.06 secs] 
3720.889: [GC (Allocation Failure) [PSYoungGen: 402195K->106748K(465920K)] 1413939K->1183137K(1864192K), 0.0823324 secs] [Times: user=0.44 sys=0.00, real=0.09 secs] 
3721.138: [GC (Allocation Failure) [PSYoungGen: 332179K->175285K(465920K)] 1408568K->1285638K(1864192K), 0.0348644 secs] [Times: user=0.15 sys=0.00, real=0.04 secs] 
3721.317: [GC (Allocation Failure) [PSYoungGen: 408245K->185526K(465920K)] 1518598K->1350535K(1864192K), 0.0484875 secs] [Times: user=0.23 sys=0.00, real=0.05 secs] 
3721.596: [GC (Allocation Failure) [PSYoungGen: 418486K->187157K(465920K)] 1583495K->1408246K(1864192K), 0.0467133 secs] [Times: user=0.22 sys=0.01, real=0.05 secs] 
3723.147: [GC (Allocation Failure) [PSYoungGen: 420117K->99196K(465920K)] 1641206K->1390821K(1864192K), 0.1202391 secs] [Times: user=0.66 sys=0.00, real=0.12 secs] 
3724.895: [GC (Allocation Failure) [PSYoungGen: 332156K->167380K(465920K)] 1623781K->1490482K(1864192K), 0.0639533 secs] [Times: user=0.31 sys=0.00, real=0.06 secs] 
3724.959: [Full GC (Ergonomics) [PSYoungGen: 167380K->0K(465920K)] [ParOldGen: 1323102K->191259K(1398272K)] 1490482K->191259K(1864192K), [Metaspace: 60287K->60287K(1105920K)], 0.2093107 secs] [Times: user=0.95 sys=0.00, real=0.21 secs] 
3725.316: [GC (Allocation Failure) [PSYoungGen: 232960K->185750K(465920K)] 424219K->377010K(1864192K), 0.0327873 secs] [Times: user=0.13 sys=0.00, real=0.03 secs] 
3725.505: [GC (Allocation Failure) [PSYoungGen: 418710K->186135K(465920K)] 609970K->441883K(1864192K), 0.0486896 secs] [Times: user=0.23 sys=0.00, real=0.05 secs] 
3726.367: [GC (Allocation Failure) [PSYoungGen: 415849K->209107K(465920K)] 671597K->523943K(1864192K), 0.0537155 secs] [Times: user=0.26 sys=0.00, real=0.06 secs] 
3726.946: [GC (GCLocker Initiated GC) [PSYoungGen: 442067K->98971K(465920K)] 756903K->479719K(1864192K), 0.0701315 secs] [Times: user=0.37 sys=0.00, real=0.07 secs] 
3727.232: [GC (Allocation Failure) [PSYoungGen: 331931K->182934K(465920K)] 712974K->595667K(1864192K), 0.0428740 secs] [Times: user=0.19 sys=0.00, real=0.04 secs] 
3727.388: [GC (Allocation Failure) [PSYoungGen: 415894K->185750K(465920K)] 828627K->655463K(1864192K), 0.0434864 secs] [Times: user=0.19 sys=0.00, real=0.05 secs] 
3727.564: [GC (Allocation Failure) [PSYoungGen: 418710K->184244K(465920K)] 888423K->710302K(1864192K), 0.0594280 secs] [Times: user=0.28 sys=0.00, real=0.06 secs] 
3728.620: [GC (Allocation Failure) [PSYoungGen: 417204K->102428K(465920K)] 943262K->697965K(1864192K), 0.0554921 secs] [Times: user=0.29 sys=0.00, real=0.06 secs] 
3729.268: [GC (Allocation Failure) [PSYoungGen: 335388K->172532K(465920K)] 930925K->801487K(1864192K), 0.0655467 secs] [Times: user=0.31 sys=0.00, real=0.07 secs] 
3729.481: [GC (Allocation Failure) [PSYoungGen: 405492K->184534K(465920K)] 1034447K->867028K(1864192K), 0.0450238 secs] [Times: user=0.19 sys=0.00, real=0.04 secs] 
3729.647: [GC (Allocation Failure) [PSYoungGen: 417494K->183798K(465920K)] 1099988K->930637K(1864192K), 0.0504731 secs] [Times: user=0.23 sys=0.00, real=0.05 secs] 
3731.226: [GC (Allocation Failure) [PSYoungGen: 416758K->171219K(465920K)] 1163597K->976321K(1864192K), 0.0560517 secs] [Times: user=0.28 sys=0.00, real=0.06 secs] 
3732.516: [GC (Allocation Failure) [PSYoungGen: 404179K->106348K(465920K)] 1209281K->976795K(1864192K), 0.0748339 secs] [Times: user=0.40 sys=0.00, real=0.08 secs] 
3732.750: [GC (Allocation Failure) [PSYoungGen: 331271K->176565K(465920K)] 1201717K->1081356K(1864192K), 0.0361634 secs] [Times: user=0.15 sys=0.00, real=0.03 secs] 
3732.900: [GC (Allocation Failure) [PSYoungGen: 409525K->182485K(465920K)] 1314316K->1142065K(1864192K), 0.0442309 secs] [Times: user=0.20 sys=0.00, real=0.04 secs] 
3733.080: [GC (Allocation Failure) [PSYoungGen: 415445K->187509K(465920K)] 1375025K->1202696K(1864192K), 0.0649233 secs] [Times: user=0.32 sys=0.00, real=0.06 secs] 
3734.163: [GC (Allocation Failure) [PSYoungGen: 420469K->99804K(465920K)] 1435656K->1185571K(1864192K), 0.0458521 secs] [Times: user=0.24 sys=0.00, real=0.04 secs] 
3734.605: [GC (Allocation Failure) [PSYoungGen: 332764K->170324K(465920K)] 1418531K->1288240K(1864192K), 0.0705690 secs] [Times: user=0.34 sys=0.00, real=0.07 secs] 
3734.882: [GC (Allocation Failure) [PSYoungGen: 403284K->182005K(465920K)] 1521200K->1353822K(1864192K), 0.0548434 secs] [Times: user=0.27 sys=0.00, real=0.05 secs] 
3735.090: [GC (Allocation Failure) [PSYoungGen: 414965K->182102K(465920K)] 1586782K->1417075K(1864192K), 0.0800526 secs] [Times: user=0.40 sys=0.00, real=0.08 secs] 
3735.944: [GC (Allocation Failure) [PSYoungGen: 412755K->215732K(465920K)] 1647727K->1508568K(1864192K), 0.0577438 secs] [Times: user=0.29 sys=0.00, real=0.06 secs] 
3736.665: [GC (Allocation Failure) [PSYoungGen: 448692K->100748K(465920K)] 1741528K->1461528K(1864192K), 0.0747548 secs] [Times: user=0.40 sys=0.00, real=0.08 secs] 
3736.740: [Full GC (Ergonomics) [PSYoungGen: 100748K->0K(465920K)] [ParOldGen: 1360780K->118418K(1398272K)] 1461528K->118418K(1864192K), [Metaspace: 60288K->60288K(1105920K)], 0.1311595 secs] [Times: user=0.58 sys=0.00, real=0.13 secs] 
3737.027: [GC (Allocation Failure) [PSYoungGen: 232960K->179669K(465920K)] 351378K->298088K(1864192K), 0.0250993 secs] [Times: user=0.09 sys=0.00, real=0.03 secs] 
3737.183: [GC (Allocation Failure) [PSYoungGen: 412629K->185686K(465920K)] 531048K->360312K(1864192K), 0.0414697 secs] [Times: user=0.19 sys=0.00, real=0.04 secs] 
3737.461: [GC (GCLocker Initiated GC) [PSYoungGen: 418646K->186773K(465920K)] 593272K->417752K(1864192K), 0.0509536 secs] [Times: user=0.24 sys=0.00, real=0.05 secs] 
3739.150: [GC (Allocation Failure) [PSYoungGen: 419733K->101452K(465920K)] 650715K->402842K(1864192K), 0.0589604 secs] [Times: user=0.31 sys=0.00, real=0.05 secs] 
3739.903: [GC (Allocation Failure) [PSYoungGen: 334412K->175477K(465920K)] 635802K->509560K(1864192K), 0.0565621 secs] [Times: user=0.27 sys=0.00, real=0.05 secs] 
3740.132: [GC (Allocation Failure) [PSYoungGen: 408437K->182421K(465920K)] 742520K->571084K(1864192K), 0.0626762 secs] [Times: user=0.29 sys=0.00, real=0.06 secs] 
3740.335: [GC (Allocation Failure) [PSYoungGen: 415381K->185143K(465920K)] 804044K->637717K(1864192K), 0.0490460 secs] [Times: user=0.23 sys=0.00, real=0.05 secs] 
3741.149: [GC (Allocation Failure) [PSYoungGen: 415195K->205203K(465920K)] 867770K->716633K(1864192K), 0.0538620 secs] [Times: user=0.27 sys=0.00, real=0.06 secs] 
3741.614: [GC (Allocation Failure) [PSYoungGen: 438163K->105948K(465920K)] 949593K->681843K(1864192K), 0.0459214 secs] [Times: user=0.24 sys=0.00, real=0.05 secs] 
3741.776: [GC (Allocation Failure) [PSYoungGen: 332324K->177301K(465920K)] 908219K->787221K(1864192K), 0.0344810 secs] [Times: user=0.15 sys=0.00, real=0.04 secs] 
3741.924: [GC (Allocation Failure) [PSYoungGen: 410261K->185686K(465920K)] 1020181K->850897K(1864192K), 0.0434882 secs] [Times: user=0.20 sys=0.00, real=0.04 secs] 
3742.078: [GC (Allocation Failure) [PSYoungGen: 418646K->187285K(465920K)] 1083857K->908785K(1864192K), 0.0456399 secs] [Times: user=0.21 sys=0.00, real=0.05 secs] 
3743.376: [GC (Allocation Failure) [PSYoungGen: 420244K->96395K(465920K)] 1141744K->888503K(1864192K), 0.0999504 secs] [Times: user=0.54 sys=0.00, real=0.10 secs] 
3743.893: [GC (Allocation Failure) [PSYoungGen: 329355K->174069K(465920K)] 1121463K->997737K(1864192K), 0.0469239 secs] [Times: user=0.21 sys=0.00, real=0.05 secs] 
3744.055: [GC (Allocation Failure) [PSYoungGen: 407029K->185558K(465920K)] 1230697K->1063378K(1864192K), 0.0438874 secs] [Times: user=0.20 sys=0.00, real=0.04 secs] 
3744.216: [GC (Allocation Failure) [PSYoungGen: 418518K->182806K(465920K)] 1296338K->1125083K(1864192K), 0.0507049 secs] [Times: user=0.24 sys=0.00, real=0.05 secs] 
3745.773: [GC (Allocation Failure) [PSYoungGen: 415766K->170515K(465920K)] 1358043K->1170648K(1864192K), 0.0580485 secs] [Times: user=0.29 sys=0.00, real=0.06 secs] 
3747.333: [GC (Allocation Failure) [PSYoungGen: 403475K->106636K(465920K)] 1403608K->1172025K(1864192K), 0.1209859 secs] [Times: user=0.66 sys=0.00, real=0.12 secs] 
3747.653: [GC (Allocation Failure) [PSYoungGen: 335781K->176469K(465920K)] 1401170K->1276075K(1864192K), 0.0356205 secs] [Times: user=0.15 sys=0.00, real=0.03 secs] 
3747.803: [GC (Allocation Failure) [PSYoungGen: 409429K->185750K(465920K)] 1509035K->1340172K(1864192K), 0.0440776 secs] [Times: user=0.20 sys=0.00, real=0.04 secs] 
3747.988: [GC (Allocation Failure) [PSYoungGen: 418710K->187477K(465920K)] 1573132K->1398123K(1864192K), 0.0641278 secs] [Times: user=0.31 sys=0.00, real=0.07 secs] 
3749.033: [GC (Allocation Failure) [PSYoungGen: 420437K->101212K(465920K)] 1631083K->1382602K(1864192K), 0.0461936 secs] [Times: user=0.24 sys=0.00, real=0.04 secs] 
3749.553: [GC (Allocation Failure) [PSYoungGen: 334172K->168692K(465920K)] 1615562K->1482454K(1864192K), 0.0615866 secs] [Times: user=0.28 sys=0.01, real=0.06 secs] 
3749.615: [Full GC (Ergonomics) [PSYoungGen: 168692K->0K(465920K)] [ParOldGen: 1313762K->194131K(1398272K)] 1482454K->194131K(1864192K), [Metaspace: 60290K->60290K(1105920K)], 0.2162039 secs] [Times: user=1.02 sys=0.00, real=0.22 secs] 
3749.964: [GC (Allocation Failure) [PSYoungGen: 232960K->185238K(465920K)] 427091K->379369K(1864192K), 0.0347058 secs] [Times: user=0.14 sys=0.00, real=0.03 secs] 
3750.119: [GC (Allocation Failure) [PSYoungGen: 416850K->184599K(465920K)] 610982K->443218K(1864192K), 0.0438287 secs] [Times: user=0.20 sys=0.00, real=0.05 secs] 
3751.000: [GC (Allocation Failure) [PSYoungGen: 417559K->169939K(465920K)] 676178K->487295K(1864192K), 0.0568951 secs] [Times: user=0.29 sys=0.00, real=0.05 secs] 
3751.893: [GC (Allocation Failure) [PSYoungGen: 402899K->105468K(465920K)] 720255K->487840K(1864192K), 0.0996802 secs] [Times: user=0.54 sys=0.00, real=0.10 secs] 
3752.184: [GC (Allocation Failure) [PSYoungGen: 334334K->177045K(465920K)] 716706K->593466K(1864192K), 0.0348075 secs] [Times: user=0.15 sys=0.00, real=0.03 secs] 
3752.336: [GC (Allocation Failure) [PSYoungGen: 410005K->185302K(465920K)] 826426K->656946K(1864192K), 0.0434350 secs] [Times: user=0.19 sys=0.00, real=0.04 secs] 
3752.541: [GC (Allocation Failure) [PSYoungGen: 418262K->187285K(465920K)] 889906K->715138K(1864192K), 0.0686050 secs] [Times: user=0.34 sys=0.00, real=0.06 secs] 
3754.073: [GC (Allocation Failure) [PSYoungGen: 420245K->97819K(465920K)] 948098K->696352K(1864192K), 0.1267137 secs] [Times: user=0.70 sys=0.01, real=0.12 secs] 
3755.417: [GC (Allocation Failure) [PSYoungGen: 330779K->174548K(465920K)] 929312K->804414K(1864192K), 0.0611141 secs] [Times: user=0.29 sys=0.00, real=0.06 secs] 
3755.691: [GC (Allocation Failure) [PSYoungGen: 407508K->185494K(465920K)] 1037374K->869059K(1864192K), 0.0566247 secs] [Times: user=0.27 sys=0.00, real=0.05 secs] 
3755.873: [GC (Allocation Failure) [PSYoungGen: 418454K->186167K(465920K)] 1102019K->934117K(1864192K), 0.0504954 secs] [Times: user=0.24 sys=0.00, real=0.05 secs] 
3756.790: [GC (Allocation Failure) [PSYoungGen: 419127K->170451K(465920K)] 1167077K->977601K(1864192K), 0.0566239 secs] [Times: user=0.29 sys=0.00, real=0.05 secs] 
3757.303: [GC (GCLocker Initiated GC) [PSYoungGen: 403411K->103500K(465920K)] 1210561K->975906K(1864192K), 0.0625068 secs] [Times: user=0.33 sys=0.00, real=0.06 secs] 
3757.620: [GC (Allocation Failure) [PSYoungGen: 336460K->178102K(465920K)] 1217189K->1092104K(1864192K), 0.1595353 secs] [Times: user=0.89 sys=0.00, real=0.15 secs] 
3757.895: [GC (Allocation Failure) [PSYoungGen: 411062K->185655K(465920K)] 1325064K->1156493K(1864192K), 0.1647511 secs] [Times: user=0.92 sys=0.00, real=0.17 secs] 
3758.171: [GC (Allocation Failure) [PSYoungGen: 418615K->184180K(465920K)] 1389453K->1213858K(1864192K), 0.0592368 secs] [Times: user=0.29 sys=0.00, real=0.06 secs] 
3759.327: [GC (GCLocker Initiated GC) [PSYoungGen: 417140K->97115K(465920K)] 1446818K->1196353K(1864192K), 0.0508461 secs] [Times: user=0.27 sys=0.00, real=0.05 secs] 
3759.945: [GC (Allocation Failure) [PSYoungGen: 330075K->176853K(465920K)] 1429444K->1308243K(1864192K), 0.0433334 secs] [Times: user=0.19 sys=0.00, real=0.04 secs] 
3760.116: [GC (Allocation Failure) [PSYoungGen: 409813K->182261K(465920K)] 1541203K->1368507K(1864192K), 0.0444280 secs] [Times: user=0.21 sys=0.00, real=0.05 secs] 
3760.555: [GC (Allocation Failure) [PSYoungGen: 406736K->177366K(465920K)] 1592982K->1427212K(1864192K), 0.1054400 secs] [Times: user=0.55 sys=0.00, real=0.11 secs] 
3761.930: [GC (Allocation Failure) [PSYoungGen: 405366K->190611K(465920K)] 1655212K->1496648K(1864192K), 0.0551994 secs] [Times: user=0.28 sys=0.00, real=0.05 secs] 
3763.839: [GC (Allocation Failure) [PSYoungGen: 423571K->98955K(465920K)] 1729608K->1469793K(1864192K), 0.1202116 secs] [Times: user=0.66 sys=0.00, real=0.12 secs] 
3763.959: [Full GC (Ergonomics) [PSYoungGen: 98955K->0K(465920K)] [ParOldGen: 1370837K->116605K(1398272K)] 1469793K->116605K(1864192K), [Metaspace: 60298K->60298K(1105920K)], 0.1773499 secs] [Times: user=0.79 sys=0.00, real=0.18 secs] 
3764.307: [GC (Allocation Failure) [PSYoungGen: 232960K->183254K(465920K)] 349565K->299859K(1864192K), 0.0252159 secs] [Times: user=0.09 sys=0.00, real=0.03 secs] 
3764.445: [GC (Allocation Failure) [PSYoungGen: 416214K->185654K(465920K)] 532819K->359171K(1864192K), 0.0419323 secs] [Times: user=0.19 sys=0.00, real=0.04 secs] 
3764.597: [GC (Allocation Failure) [PSYoungGen: 418614K->184693K(465920K)] 592131K->414346K(1864192K), 0.0449415 secs] [Times: user=0.21 sys=0.00, real=0.05 secs] 
3765.581: [GC (Allocation Failure) [PSYoungGen: 417653K->101484K(465920K)] 647306K->400905K(1864192K), 0.0440012 secs] [Times: user=0.23 sys=0.00, real=0.04 secs] 
3765.783: [GC (GCLocker Initiated GC) [PSYoungGen: 334444K->175445K(465920K)] 633865K->507935K(1864192K), 0.0406763 secs] [Times: user=0.18 sys=0.00, real=0.04 secs] 
3765.939: [GC (Allocation Failure) [PSYoungGen: 408405K->181781K(465920K)] 740898K->569163K(1864192K), 0.0443373 secs] [Times: user=0.19 sys=0.00, real=0.05 secs] 
3766.134: [GC (Allocation Failure) [PSYoungGen: 414741K->184887K(465920K)] 802123K->635684K(1864192K), 0.0688320 secs] [Times: user=0.34 sys=0.00, real=0.07 secs] 
3766.976: [GC (Allocation Failure) [PSYoungGen: 413843K->190131K(465920K)] 864640K->699808K(1864192K), 0.0543623 secs] [Times: user=0.27 sys=0.00, real=0.06 secs] 
3767.787: [GC (Allocation Failure) [PSYoungGen: 423091K->103388K(465920K)] 932768K->678097K(1864192K), 0.1256170 secs] [Times: user=0.69 sys=0.01, real=0.13 secs] 
3768.165: [GC (Allocation Failure) [PSYoungGen: 334094K->179669K(465920K)] 908804K->788380K(1864192K), 0.0352710 secs] [Times: user=0.15 sys=0.00, real=0.04 secs] 
3768.318: [GC (GCLocker Initiated GC) [PSYoungGen: 412629K->185334K(465920K)] 1021340K->849876K(1864192K), 0.0435283 secs] [Times: user=0.20 sys=0.00, real=0.05 secs] 
3768.476: [GC (GCLocker Initiated GC) [PSYoungGen: 418294K->186997K(465920K)] 1082839K->907687K(1864192K), 0.0453776 secs] [Times: user=0.21 sys=0.00, real=0.05 secs] 
3769.846: [GC (Allocation Failure) [PSYoungGen: 419957K->98347K(465920K)] 1140653K->889684K(1864192K), 0.0533974 secs] [Times: user=0.28 sys=0.00, real=0.05 secs] 
3770.681: [GC (Allocation Failure) [PSYoungGen: 331307K->175541K(465920K)] 1122644K->999110K(1864192K), 0.0531126 secs] [Times: user=0.24 sys=0.00, real=0.05 secs] 
3770.911: [GC (Allocation Failure) [PSYoungGen: 408501K->185558K(465920K)] 1232070K->1063935K(1864192K), 0.0553543 secs] [Times: user=0.26 sys=0.00, real=0.05 secs] 
3771.099: [GC (Allocation Failure) [PSYoungGen: 417118K->181366K(465920K)] 1295496K->1124240K(1864192K), 0.0492233 secs] [Times: user=0.23 sys=0.00, real=0.05 secs] 
3771.718: [GC (Allocation Failure) [PSYoungGen: 414326K->206355K(465920K)] 1357200K->1206908K(1864192K), 0.0564246 secs] [Times: user=0.28 sys=0.01, real=0.06 secs] 
3772.309: [GC (Allocation Failure) [PSYoungGen: 439196K->105436K(465920K)] 1439749K->1170582K(1864192K), 0.0653129 secs] [Times: user=0.35 sys=0.00, real=0.07 secs] 
3772.585: [GC (Allocation Failure) [PSYoungGen: 334345K->177845K(465920K)] 1399490K->1276895K(1864192K), 0.0353359 secs] [Times: user=0.15 sys=0.00, real=0.04 secs] 
3772.767: [GC (Allocation Failure) [PSYoungGen: 410805K->185462K(465920K)] 1509855K->1339819K(1864192K), 0.0488293 secs] [Times: user=0.23 sys=0.00, real=0.05 secs] 
3772.954: [GC (Allocation Failure) [PSYoungGen: 418422K->187413K(465920K)] 1572779K->1397987K(1864192K), 0.0471841 secs] [Times: user=0.22 sys=0.00, real=0.05 secs] 
3774.028: [GC (Allocation Failure) [PSYoungGen: 420373K->96459K(465920K)] 1630947K->1377641K(1864192K), 0.0532830 secs] [Times: user=0.28 sys=0.00, real=0.06 secs] 
3774.712: [GC (Allocation Failure) [PSYoungGen: 329419K->173589K(465920K)] 1610601K->1486251K(1864192K), 0.0627031 secs] [Times: user=0.30 sys=0.00, real=0.06 secs] 
3774.775: [Full GC (Ergonomics) [PSYoungGen: 173589K->0K(465920K)] [ParOldGen: 1312662K->198498K(1398272K)] 1486251K->198498K(1864192K), [Metaspace: 60315K->60315K(1105920K)], 0.2112652 secs] [Times: user=0.98 sys=0.00, real=0.21 secs] 
3775.106: [GC (Allocation Failure) [PSYoungGen: 232960K->185142K(465920K)] 431458K->383640K(1864192K), 0.0339699 secs] [Times: user=0.13 sys=0.00, real=0.04 secs] 
3775.258: [GC (Allocation Failure) [PSYoungGen: 418102K->183830K(465920K)] 616600K->446809K(1864192K), 0.0437737 secs] [Times: user=0.20 sys=0.00, real=0.05 secs] 
3776.155: [GC (Allocation Failure) [PSYoungGen: 416790K->169587K(465920K)] 679769K->491077K(1864192K), 0.0567111 secs] [Times: user=0.29 sys=0.00, real=0.06 secs] 
3778.263: [GC (Allocation Failure) [PSYoungGen: 402547K->104684K(465920K)] 724037K->490971K(1864192K), 0.1126875 secs] [Times: user=0.61 sys=0.00, real=0.11 secs] 
3778.580: [GC (Allocation Failure) [PSYoungGen: 335261K->177653K(465920K)] 721547K->597597K(1864192K), 0.0343326 secs] [Times: user=0.14 sys=0.00, real=0.04 secs] 
3778.732: [GC (Allocation Failure) [PSYoungGen: 410613K->185398K(465920K)] 830557K->660889K(1864192K), 0.0436287 secs] [Times: user=0.19 sys=0.00, real=0.04 secs] 
3778.890: [GC (Allocation Failure) [PSYoungGen: 418358K->187605K(465920K)] 893849K->719329K(1864192K), 0.0459611 secs] [Times: user=0.21 sys=0.00, real=0.04 secs] 
3779.894: [GC (Allocation Failure) [PSYoungGen: 420565K->96779K(465920K)] 952289K->699047K(1864192K), 0.0440830 secs] [Times: user=0.23 sys=0.00, real=0.04 secs] 
3780.234: [GC (Allocation Failure) [PSYoungGen: 329739K->174357K(465920K)] 932007K->807709K(1864192K), 0.0393813 secs] [Times: user=0.17 sys=0.00, real=0.04 secs] 
3780.389: [GC (Allocation Failure) [PSYoungGen: 407317K->185622K(465920K)] 1040669K->873859K(1864192K), 0.0436443 secs] [Times: user=0.20 sys=0.00, real=0.05 secs] 
3780.574: [GC (Allocation Failure) [PSYoungGen: 418582K->182614K(465920K)] 1106819K->935283K(1864192K), 0.0565708 secs] [Times: user=0.27 sys=0.00, real=0.06 secs] 
3781.419: [GC (Allocation Failure) [PSYoungGen: 412925K->206867K(465920K)] 1165594K->1017364K(1864192K), 0.0539313 secs] [Times: user=0.26 sys=0.00, real=0.06 secs] 
3781.964: [GC (Allocation Failure) [PSYoungGen: 439827K->105676K(465920K)] 1250324K->981221K(1864192K), 0.0918149 secs] [Times: user=0.49 sys=0.00, real=0.09 secs] 
3782.282: [GC (Allocation Failure) [PSYoungGen: 332231K->176533K(465920K)] 1207776K->1085883K(1864192K), 0.0357647 secs] [Times: user=0.15 sys=0.00, real=0.03 secs] 
3782.435: [GC (Allocation Failure) [PSYoungGen: 409493K->185270K(465920K)] 1318843K->1149667K(1864192K), 0.0441500 secs] [Times: user=0.19 sys=0.00, real=0.04 secs] 
3782.617: [GC (Allocation Failure) [PSYoungGen: 418230K->187253K(465920K)] 1382627K->1207995K(1864192K), 0.0513769 secs] [Times: user=0.25 sys=0.00, real=0.05 secs] 
3784.136: [GC (Allocation Failure) [PSYoungGen: 420213K->95371K(465920K)] 1440955K->1186689K(1864192K), 0.1243069 secs] [Times: user=0.69 sys=0.00, real=0.13 secs] 
3785.287: [GC (Allocation Failure) [PSYoungGen: 328331K->173589K(465920K)] 1419649K->1296511K(1864192K), 0.0539782 secs] [Times: user=0.25 sys=0.00, real=0.06 secs] 
3785.470: [GC (Allocation Failure) [PSYoungGen: 406549K->182261K(465920K)] 1529471K->1359112K(1864192K), 0.0435001 secs] [Times: user=0.19 sys=0.00, real=0.05 secs] 
3785.676: [GC (Allocation Failure) [PSYoungGen: 415221K->185815K(465920K)] 1592072K->1426578K(1864192K), 0.0724391 secs] [Times: user=0.36 sys=0.00, real=0.07 secs] 
3786.744: [GC (Allocation Failure) [PSYoungGen: 416634K->211187K(465920K)] 1657397K->1510942K(1864192K), 0.0572750 secs] [Times: user=0.29 sys=0.00, real=0.06 secs] 
3787.228: [GC (Allocation Failure) [PSYoungGen: 444147K->101756K(465920K)] 1743902K->1467855K(1864192K), 0.0610047 secs] [Times: user=0.32 sys=0.00, real=0.06 secs] 
3787.289: [Full GC (Ergonomics) [PSYoungGen: 101756K->0K(465920K)] [ParOldGen: 1366098K->119287K(1398272K)] 1467855K->119287K(1864192K), [Metaspace: 60315K->60315K(1105920K)], 0.1334486 secs] [Times: user=0.57 sys=0.01, real=0.14 secs] 
3787.618: [GC (Allocation Failure) [PSYoungGen: 232960K->179413K(465920K)] 352247K->298700K(1864192K), 0.0254226 secs] [Times: user=0.08 sys=0.00, real=0.03 secs] 
3787.788: [GC (Allocation Failure) [PSYoungGen: 412373K->185686K(465920K)] 531660K->361101K(1864192K), 0.0465435 secs] [Times: user=0.21 sys=0.00, real=0.05 secs] 
3787.945: [GC (Allocation Failure) [PSYoungGen: 418646K->187733K(465920K)] 594061K->419460K(1864192K), 0.0447102 secs] [Times: user=0.21 sys=0.00, real=0.05 secs] 
3788.961: [GC (Allocation Failure) [PSYoungGen: 420693K->100652K(465920K)] 652420K->403131K(1864192K), 0.0438112 secs] [Times: user=0.23 sys=0.00, real=0.04 secs] 
3789.447: [GC (Allocation Failure) [PSYoungGen: 333612K->166324K(465920K)] 636091K->501292K(1864192K), 0.0635747 secs] [Times: user=0.30 sys=0.00, real=0.07 secs] 
3789.729: [GC (Allocation Failure) [PSYoungGen: 399284K->185430K(465920K)] 734252K->572914K(1864192K), 0.0514881 secs] [Times: user=0.24 sys=0.00, real=0.06 secs] 
3789.899: [GC (Allocation Failure) [PSYoungGen: 418390K->185719K(465920K)] 805874K->637683K(1864192K), 0.0500614 secs] [Times: user=0.24 sys=0.00, real=0.05 secs] 
3790.694: [GC (Allocation Failure) [PSYoungGen: 414133K->209939K(465920K)] 866097K->720715K(1864192K), 0.0558943 secs] [Times: user=0.28 sys=0.01, real=0.06 secs] 
3791.698: [GC (GCLocker Initiated GC) [PSYoungGen: 442899K->106124K(465920K)] 953675K->682813K(1864192K), 0.0925910 secs] [Times: user=0.49 sys=0.00, real=0.10 secs] 
3791.977: [GC (Allocation Failure) [PSYoungGen: 339084K->175765K(465920K)] 923968K->794752K(1864192K), 0.1296762 secs] [Times: user=0.71 sys=0.00, real=0.13 secs] 
3792.227: [GC (Allocation Failure) [PSYoungGen: 408725K->185175K(465920K)] 1027712K->860601K(1864192K), 0.1617205 secs] [Times: user=0.91 sys=0.00, real=0.16 secs] 
3792.782: [GC (GCLocker Initiated GC) [PSYoungGen: 418135K->182228K(465920K)] 1093562K->916432K(1864192K), 0.1117371 secs] [Times: user=0.59 sys=0.00, real=0.11 secs] 
3794.136: [GC (Allocation Failure) [PSYoungGen: 415188K->100556K(465920K)] 1149394K->903506K(1864192K), 0.0571150 secs] [Times: user=0.31 sys=0.00, real=0.06 secs] 
3794.501: [GC (Allocation Failure) [PSYoungGen: 333516K->176117K(465920K)] 1136466K->1011264K(1864192K), 0.0563302 secs] [Times: user=0.26 sys=0.00, real=0.05 secs] 
3794.751: [GC (Allocation Failure) [PSYoungGen: 409077K->190805K(465920K)] 1244224K->1081260K(1864192K), 0.0604412 secs] [Times: user=0.28 sys=0.00, real=0.06 secs] 
3794.937: [GC (Allocation Failure) [PSYoungGen: 415471K->176086K(465920K)] 1305926K->1130501K(1864192K), 0.0485650 secs] [Times: user=0.22 sys=0.00, real=0.05 secs] 
3795.793: [GC (Allocation Failure) [PSYoungGen: 405642K->206099K(465920K)] 1360057K->1216394K(1864192K), 0.0546177 secs] [Times: user=0.27 sys=0.00, real=0.05 secs] 
3796.187: [GC (Allocation Failure) [PSYoungGen: 439059K->106428K(465920K)] 1449354K->1181419K(1864192K), 0.0602906 secs] [Times: user=0.31 sys=0.00, real=0.06 secs] 
3796.401: [GC (Allocation Failure) [PSYoungGen: 338913K->176405K(465920K)] 1413904K->1285401K(1864192K), 0.0360541 secs] [Times: user=0.15 sys=0.00, real=0.03 secs] 
3796.554: [GC (Allocation Failure) [PSYoungGen: 409365K->184790K(465920K)] 1518361K->1348470K(1864192K), 0.0435980 secs] [Times: user=0.20 sys=0.00, real=0.04 secs] 
3796.758: [GC (Allocation Failure) [PSYoungGen: 417750K->187125K(465920K)] 1581430K->1406765K(1864192K), 0.0463001 secs] [Times: user=0.21 sys=0.00, real=0.05 secs] 
3798.238: [GC (Allocation Failure) [PSYoungGen: 420085K->99564K(465920K)] 1639725K->1389748K(1864192K), 0.0641222 secs] [Times: user=0.35 sys=0.00, real=0.07 secs] 
3799.648: [GC (Allocation Failure) [PSYoungGen: 332524K->170868K(465920K)] 1622708K->1493377K(1864192K), 0.0589017 secs] [Times: user=0.28 sys=0.00, real=0.06 secs] 
3799.707: [Full GC (Ergonomics) [PSYoungGen: 170868K->0K(465920K)] [ParOldGen: 1322508K->195384K(1398272K)] 1493377K->195384K(1864192K), [Metaspace: 60316K->60316K(1105920K)], 0.2015548 secs] [Times: user=0.93 sys=0.00, real=0.20 secs] 
3800.045: [GC (Allocation Failure) [PSYoungGen: 232960K->182709K(465920K)] 428344K->378093K(1864192K), 0.0330634 secs] [Times: user=0.14 sys=0.01, real=0.03 secs] 
3800.219: [GC (Allocation Failure) [PSYoungGen: 415669K->185879K(465920K)] 611053K->445279K(1864192K), 0.0435394 secs] [Times: user=0.19 sys=0.00, real=0.05 secs] 
3801.097: [GC (Allocation Failure) [PSYoungGen: 418839K->172115K(465920K)] 678239K->490499K(1864192K), 0.0552653 secs] [Times: user=0.27 sys=0.01, real=0.06 secs] 
3801.601: [GC (Allocation Failure) [PSYoungGen: 405013K->108877K(465920K)] 723397K->493069K(1864192K), 0.0986038 secs] [Times: user=0.53 sys=0.00, real=0.10 secs] 
3801.899: [GC (Allocation Failure) [PSYoungGen: 341837K->180533K(465920K)] 726029K->599898K(1864192K), 0.0362952 secs] [Times: user=0.15 sys=0.00, real=0.04 secs] 
3802.053: [GC (Allocation Failure) [PSYoungGen: 413493K->182550K(465920K)] 832858K->664659K(1864192K), 0.0493481 secs] [Times: user=0.23 sys=0.00, real=0.05 secs] 
3802.213: [GC (Allocation Failure) [PSYoungGen: 415510K->183572K(465920K)] 897619K->723641K(1864192K), 0.0575152 secs] [Times: user=0.28 sys=0.00, real=0.06 secs] 
3803.216: [GC (Allocation Failure) [PSYoungGen: 416532K->101052K(465920K)] 956601K->710277K(1864192K), 0.0466507 secs] [Times: user=0.24 sys=0.00, real=0.05 secs] 
3803.473: [GC (Allocation Failure) [PSYoungGen: 334012K->176341K(465920K)] 943237K->818599K(1864192K), 0.0417211 secs] [Times: user=0.18 sys=0.00, real=0.04 secs] 
3803.664: [GC (Allocation Failure) [PSYoungGen: 409301K->185430K(465920K)] 1051559K->883028K(1864192K), 0.0491947 secs] [Times: user=0.23 sys=0.00, real=0.05 secs] 
3803.843: [GC (Allocation Failure) [PSYoungGen: 411210K->173429K(465920K)] 1108808K->935507K(1864192K), 0.0487222 secs] [Times: user=0.23 sys=0.00, real=0.05 secs] 
3804.673: [GC (Allocation Failure) [PSYoungGen: 403085K->206675K(465920K)] 1165163K->1023801K(1864192K), 0.0533844 secs] [Times: user=0.27 sys=0.00, real=0.05 secs] 
3805.598: [GC (Allocation Failure) [PSYoungGen: 439635K->105916K(465920K)] 1256761K->987974K(1864192K), 0.0805980 secs] [Times: user=0.42 sys=0.00, real=0.08 secs] 
3805.889: [GC (Allocation Failure) [PSYoungGen: 332453K->176277K(465920K)] 1214511K->1092200K(1864192K), 0.0437858 secs] [Times: user=0.19 sys=0.00, real=0.05 secs] 
3806.049: [GC (Allocation Failure) [PSYoungGen: 409237K->185430K(465920K)] 1325160K->1156129K(1864192K), 0.0446596 secs] [Times: user=0.20 sys=0.00, real=0.05 secs] 
3806.249: [GC (Allocation Failure) [PSYoungGen: 418390K->187125K(465920K)] 1389089K->1213880K(1864192K), 0.0521357 secs] [Times: user=0.25 sys=0.00, real=0.06 secs] 
3807.728: [GC (Allocation Failure) [PSYoungGen: 420085K->97243K(465920K)] 1446840K->1194478K(1864192K), 0.0987575 secs] [Times: user=0.54 sys=0.00, real=0.10 secs] 
3808.828: [GC (Allocation Failure) [PSYoungGen: 330203K->170868K(465920K)] 1427438K->1299324K(1864192K), 0.0552575 secs] [Times: user=0.26 sys=0.00, real=0.06 secs] 
3809.050: [GC (Allocation Failure) [PSYoungGen: 403828K->193878K(465920K)] 1532284K->1375906K(1864192K), 0.0522905 secs] [Times: user=0.24 sys=0.00, real=0.05 secs] 
3809.227: [GC (Allocation Failure) [PSYoungGen: 426838K->186231K(465920K)] 1608866K->1432887K(1864192K), 0.0504522 secs] [Times: user=0.24 sys=0.00, real=0.05 secs] 
3809.981: [GC (Allocation Failure) [PSYoungGen: 419191K->190675K(465920K)] 1665847K->1496355K(1864192K), 0.0570076 secs] [Times: user=0.28 sys=0.00, real=0.05 secs] 
3810.536: [GC (Allocation Failure) [PSYoungGen: 423635K->103884K(465920K)] 1729315K->1474540K(1864192K), 0.0523066 secs] [Times: user=0.28 sys=0.00, real=0.05 secs] 
3810.588: [Full GC (Ergonomics) [PSYoungGen: 103884K->0K(465920K)] [ParOldGen: 1370656K->122098K(1398272K)] 1474540K->122098K(1864192K), [Metaspace: 60318K->60318K(1105920K)], 0.1123250 secs] [Times: user=0.47 sys=0.00, real=0.12 secs] 
3810.883: [GC (Allocation Failure) [PSYoungGen: 228859K->179189K(465920K)] 350957K->301288K(1864192K), 0.0309711 secs] [Times: user=0.11 sys=0.00, real=0.03 secs] 
3811.071: [GC (Allocation Failure) [PSYoungGen: 412149K->185814K(465920K)] 534248K->364020K(1864192K), 0.0416638 secs] [Times: user=0.18 sys=0.00, real=0.04 secs] 
3811.250: [GC (Allocation Failure) [PSYoungGen: 418774K->187669K(465920K)] 596980K->422155K(1864192K), 0.0469216 secs] [Times: user=0.22 sys=0.00, real=0.04 secs] 
3812.363: [GC (Allocation Failure) [PSYoungGen: 420629K->95883K(465920K)] 655115K->401206K(1864192K), 0.0528500 secs] [Times: user=0.28 sys=0.00, real=0.05 secs] 
3813.225: [GC (Allocation Failure) [PSYoungGen: 328843K->174869K(465920K)] 634166K->511696K(1864192K), 0.0582977 secs] [Times: user=0.28 sys=0.00, real=0.06 secs] 
3813.419: [GC (Allocation Failure) [PSYoungGen: 407829K->185238K(465920K)] 744656K->576313K(1864192K), 0.0426321 secs] [Times: user=0.19 sys=0.00, real=0.05 secs] 
3813.649: [GC (Allocation Failure) [PSYoungGen: 414981K->183030K(465920K)] 806057K->638506K(1864192K), 0.0553400 secs] [Times: user=0.27 sys=0.00, real=0.06 secs] 
3814.615: [GC (Allocation Failure) [PSYoungGen: 411465K->206291K(465920K)] 866940K->720078K(1864192K), 0.0538485 secs] [Times: user=0.27 sys=0.00, real=0.05 secs] 
3816.319: [GC (Allocation Failure) [PSYoungGen: 439251K->96651K(465920K)] 953038K->674990K(1864192K), 0.0839665 secs] [Times: user=0.45 sys=0.00, real=0.09 secs] 
3816.800: [GC (Allocation Failure) [PSYoungGen: 329611K->183670K(465920K)] 907950K->792922K(1864192K), 0.0350332 secs] [Times: user=0.14 sys=0.00, real=0.03 secs] 
3816.976: [GC (Allocation Failure) [PSYoungGen: 416630K->185654K(465920K)] 1025882K->851902K(1864192K), 0.0479724 secs] [Times: user=0.23 sys=0.00, real=0.05 secs] 
3817.164: [GC (Allocation Failure) [PSYoungGen: 418614K->187797K(465920K)] 1084862K->910309K(1864192K), 0.0479513 secs] [Times: user=0.22 sys=0.00, real=0.05 secs] 
3818.171: [GC (Allocation Failure) [PSYoungGen: 420757K->95835K(465920K)] 1143269K->889092K(1864192K), 0.0437598 secs] [Times: user=0.22 sys=0.00, real=0.04 secs] 
3818.578: [GC (Allocation Failure) [PSYoungGen: 328795K->174165K(465920K)] 1122052K->998898K(1864192K), 0.0657866 secs] [Times: user=0.32 sys=0.00, real=0.07 secs] 
3818.787: [GC (Allocation Failure) [PSYoungGen: 407125K->185654K(465920K)] 1231858K->1064923K(1864192K), 0.0433167 secs] [Times: user=0.19 sys=0.00, real=0.05 secs] 
3818.969: [GC (Allocation Failure) [PSYoungGen: 418614K->185847K(465920K)] 1297883K->1129580K(1864192K), 0.0561265 secs] [Times: user=0.27 sys=0.00, real=0.06 secs] 
3819.771: [GC (Allocation Failure) [PSYoungGen: 414213K->206067K(465920K)] 1357946K->1208768K(1864192K), 0.0546426 secs] [Times: user=0.27 sys=0.00, real=0.05 secs] 
3820.817: [GC (Allocation Failure) [PSYoungGen: 439027K->102300K(465920K)] 1441728K->1169657K(1864192K), 0.1102241 secs] [Times: user=0.59 sys=0.00, real=0.11 secs] 
3821.409: [GC (Allocation Failure) [PSYoungGen: 333781K->180822K(465920K)] 1401138K->1280348K(1864192K), 0.0385456 secs] [Times: user=0.16 sys=0.00, real=0.04 secs] 
3821.559: [GC (Allocation Failure) [PSYoungGen: 413782K->183157K(465920K)] 1513308K->1339204K(1864192K), 0.0443953 secs] [Times: user=0.20 sys=0.00, real=0.05 secs] 
3821.746: [GC (Allocation Failure) [PSYoungGen: 416117K->187253K(465920K)] 1572164K->1398971K(1864192K), 0.0660523 secs] [Times: user=0.28 sys=0.00, real=0.07 secs] 
3823.141: [GC (Allocation Failure) [PSYoungGen: 420088K->102140K(465920K)] 1631806K->1384346K(1864192K), 0.1009639 secs] [Times: user=0.55 sys=0.01, real=0.10 secs] 
3824.256: [GC (Allocation Failure) [PSYoungGen: 335045K->167796K(465920K)] 1617251K->1482535K(1864192K), 0.0540597 secs] [Times: user=0.25 sys=0.00, real=0.06 secs] 
3824.310: [Full GC (Ergonomics) [PSYoungGen: 167796K->0K(465920K)] [ParOldGen: 1314739K->192595K(1398272K)] 1482535K->192595K(1864192K), [Metaspace: 60318K->60318K(1105920K)], 0.1911403 secs] [Times: user=0.87 sys=0.00, real=0.19 secs] 
3824.651: [GC (Allocation Failure) [PSYoungGen: 232960K->185014K(465920K)] 425555K->377609K(1864192K), 0.0321855 secs] [Times: user=0.13 sys=0.00, real=0.03 secs] 
3824.828: [GC (Allocation Failure) [PSYoungGen: 417974K->186231K(465920K)] 610569K->443099K(1864192K), 0.0491056 secs] [Times: user=0.23 sys=0.00, real=0.05 secs] 
3825.729: [GC (Allocation Failure) [PSYoungGen: 419191K->214866K(465920K)] 676059K->530718K(1864192K), 0.0504396 secs] [Times: user=0.24 sys=0.01, real=0.06 secs] 
3826.133: [GC (Allocation Failure) [PSYoungGen: 447826K->105564K(465920K)] 763678K->487004K(1864192K), 0.0668485 secs] [Times: user=0.34 sys=0.01, real=0.06 secs] 
3826.433: [GC (Allocation Failure) [PSYoungGen: 332975K->176949K(465920K)] 714415K->592022K(1864192K), 0.0370488 secs] [Times: user=0.16 sys=0.00, real=0.04 secs] 
3826.609: [GC (Allocation Failure) [PSYoungGen: 409909K->182837K(465920K)] 824982K->653006K(1864192K), 0.0478307 secs] [Times: user=0.22 sys=0.00, real=0.05 secs] 
3826.781: [GC (Allocation Failure) [PSYoungGen: 415797K->187413K(465920K)] 885966K->713118K(1864192K), 0.0451534 secs] [Times: user=0.21 sys=0.00, real=0.04 secs] 
3827.769: [GC (Allocation Failure) [PSYoungGen: 420373K->100876K(465920K)] 946078K->697293K(1864192K), 0.0513806 secs] [Times: user=0.27 sys=0.01, real=0.06 secs] 
3828.822: [GC (Allocation Failure) [PSYoungGen: 333836K->170452K(465920K)] 930253K->799294K(1864192K), 0.0599611 secs] [Times: user=0.29 sys=0.00, real=0.06 secs] 
3829.069: [GC (Allocation Failure) [PSYoungGen: 403412K->185238K(465920K)] 1032254K->867823K(1864192K), 0.0590693 secs] [Times: user=0.28 sys=0.00, real=0.06 secs] 
3829.257: [GC (Allocation Failure) [PSYoungGen: 418198K->186039K(465920K)] 1100783K->933065K(1864192K), 0.0499669 secs] [Times: user=0.24 sys=0.00, real=0.05 secs] 
3830.222: [GC (Allocation Failure) [PSYoungGen: 418999K->171091K(465920K)] 1166025K->977053K(1864192K), 0.0542031 secs] [Times: user=0.27 sys=0.00, real=0.05 secs] 
3831.142: [GC (Allocation Failure) [PSYoungGen: 404051K->110413K(465920K)] 1210013K->981767K(1864192K), 0.0900038 secs] [Times: user=0.48 sys=0.00, real=0.09 secs] 
3831.413: [GC (Allocation Failure) [PSYoungGen: 343373K->180341K(465920K)] 1214727K->1087016K(1864192K), 0.0370163 secs] [Times: user=0.16 sys=0.00, real=0.03 secs] 
3831.593: [GC (Allocation Failure) [PSYoungGen: 413301K->182358K(465920K)] 1319976K->1151841K(1864192K), 0.0631997 secs] [Times: user=0.31 sys=0.00, real=0.06 secs] 
3831.824: [GC (Allocation Failure) [PSYoungGen: 415318K->187381K(465920K)] 1384801K->1215016K(1864192K), 0.0748530 secs] [Times: user=0.39 sys=0.00, real=0.07 secs] 
3832.859: [GC (Allocation Failure) [PSYoungGen: 420341K->96875K(465920K)] 1447976K->1195142K(1864192K), 0.0500777 secs] [Times: user=0.26 sys=0.00, real=0.05 secs] 
3833.158: [GC (Allocation Failure) [PSYoungGen: 329835K->176213K(465920K)] 1428102K->1305548K(1864192K), 0.0454612 secs] [Times: user=0.20 sys=0.00, real=0.05 secs] 
3833.332: [GC (Allocation Failure) [PSYoungGen: 409173K->185782K(465920K)] 1538508K->1370613K(1864192K), 0.0443065 secs] [Times: user=0.20 sys=0.01, real=0.04 secs] 
3833.511: [GC (Allocation Failure) [PSYoungGen: 406518K->172405K(465920K)] 1591350K->1421765K(1864192K), 0.0535974 secs] [Times: user=0.26 sys=0.00, real=0.05 secs] 
3834.401: [GC (Allocation Failure) [PSYoungGen: 405325K->205299K(465920K)] 1654685K->1509362K(1864192K), 0.0553867 secs] [Times: user=0.28 sys=0.00, real=0.05 secs] 
3835.078: [GC (Allocation Failure) [PSYoungGen: 438259K->105964K(465920K)] 1742322K->1474468K(1864192K), 0.1013670 secs] [Times: user=0.55 sys=0.00, real=0.10 secs] 
3835.180: [Full GC (Ergonomics) [PSYoungGen: 105964K->0K(465920K)] [ParOldGen: 1368503K->124105K(1398272K)] 1474468K->124105K(1864192K), [Metaspace: 60318K->60318K(1105920K)], 0.1823704 secs] [Times: user=0.80 sys=0.00, real=0.19 secs] 
3835.529: [GC (Allocation Failure) [PSYoungGen: 225912K->176629K(465920K)] 350017K->300735K(1864192K), 0.0244983 secs] [Times: user=0.08 sys=0.00, real=0.03 secs] 
3835.690: [GC (Allocation Failure) [PSYoungGen: 409589K->185686K(465920K)] 533695K->364780K(1864192K), 0.0436073 secs] [Times: user=0.20 sys=0.00, real=0.04 secs] 
3835.845: [GC (Allocation Failure) [PSYoungGen: 418646K->184917K(465920K)] 597740K->420242K(1864192K), 0.0447188 secs] [Times: user=0.21 sys=0.00, real=0.04 secs] 
3837.163: [GC (Allocation Failure) [PSYoungGen: 417877K->98924K(465920K)] 653202K->403969K(1864192K), 0.0970926 secs] [Times: user=0.53 sys=0.00, real=0.10 secs] 
3838.381: [GC (Allocation Failure) [PSYoungGen: 331816K->173205K(465920K)] 636862K->510199K(1864192K), 0.0609262 secs] [Times: user=0.29 sys=0.00, real=0.06 secs] 
3838.577: [GC (Allocation Failure) [PSYoungGen: 406165K->183893K(465920K)] 743159K->574800K(1864192K), 0.0422886 secs] [Times: user=0.19 sys=0.00, real=0.04 secs] 
3838.738: [GC (Allocation Failure) [PSYoungGen: 416853K->186263K(465920K)] 807760K->641234K(1864192K), 0.0493388 secs] [Times: user=0.23 sys=0.00, real=0.05 secs] 
3839.754: [GC (Allocation Failure) [PSYoungGen: 416840K->206643K(465920K)] 871811K->720629K(1864192K), 0.0545829 secs] [Times: user=0.27 sys=0.00, real=0.05 secs] 
3840.269: [GC (Allocation Failure) [PSYoungGen: 439603K->101484K(465920K)] 953589K->680270K(1864192K), 0.0585039 secs] [Times: user=0.30 sys=0.01, real=0.06 secs] 
3840.513: [GC (Allocation Failure) [PSYoungGen: 334444K->182390K(465920K)] 913230K->793477K(1864192K), 0.0348963 secs] [Times: user=0.14 sys=0.00, real=0.03 secs] 
3840.662: [GC (Allocation Failure) [PSYoungGen: 415350K->185526K(465920K)] 1026437K->853477K(1864192K), 0.0433024 secs] [Times: user=0.19 sys=0.00, real=0.04 secs] 
3840.816: [GC (Allocation Failure) [PSYoungGen: 418486K->187669K(465920K)] 1086437K->911721K(1864192K), 0.0459374 secs] [Times: user=0.22 sys=0.00, real=0.05 secs] 
3841.799: [GC (Allocation Failure) [PSYoungGen: 420629K->97291K(465920K)] 1144681K->892127K(1864192K), 0.0484330 secs] [Times: user=0.25 sys=0.01, real=0.05 secs] 
3842.385: [GC (Allocation Failure) [PSYoungGen: 330251K->173333K(465920K)] 1125087K->1000025K(1864192K), 0.0507599 secs] [Times: user=0.24 sys=0.00, real=0.05 secs] 
3842.553: [GC (Allocation Failure) [PSYoungGen: 406293K->185526K(465920K)] 1232985K->1065963K(1864192K), 0.0436372 secs] [Times: user=0.19 sys=0.00, real=0.04 secs] 
3842.956: [GC (Allocation Failure) [PSYoungGen: 418486K->183766K(465920K)] 1298923K->1128603K(1864192K), 0.0516361 secs] [Times: user=0.25 sys=0.00, real=0.05 secs] 
3844.078: [GC (Allocation Failure) [PSYoungGen: 416726K->169139K(465920K)] 1361563K->1172375K(1864192K), 0.0549376 secs] [Times: user=0.28 sys=0.00, real=0.06 secs] 
3845.070: [GC (Allocation Failure) [PSYoungGen: 402099K->110285K(465920K)] 1405335K->1178106K(1864192K), 0.1075938 secs] [Times: user=0.59 sys=0.00, real=0.10 secs] 
3845.369: [GC (Allocation Failure) [PSYoungGen: 343245K->180085K(465920K)] 1411066K->1283807K(1864192K), 0.0367444 secs] [Times: user=0.16 sys=0.00, real=0.04 secs] 
3845.524: [GC (Allocation Failure) [PSYoungGen: 413045K->182390K(465920K)] 1516767K->1349020K(1864192K), 0.0501678 secs] [Times: user=0.23 sys=0.00, real=0.05 secs] 
3845.706: [GC (Allocation Failure) [PSYoungGen: 415350K->187509K(465920K)] 1581980K->1412187K(1864192K), 0.0622405 secs] [Times: user=0.31 sys=0.00, real=0.06 secs] 
3847.082: [GC (Allocation Failure) [PSYoungGen: 420469K->98732K(465920K)] 1645147K->1394146K(1864192K), 0.0663870 secs] [Times: user=0.36 sys=0.00, real=0.06 secs] 
3847.897: [GC (Allocation Failure) [PSYoungGen: 331692K->171988K(465920K)] 1627106K->1499047K(1864192K), 0.0594224 secs] [Times: user=0.28 sys=0.00, real=0.06 secs] 
3847.957: [Full GC (Ergonomics) [PSYoungGen: 171988K->0K(465920K)] [ParOldGen: 1327058K->198825K(1398272K)] 1499047K->198825K(1864192K), [Metaspace: 60318K->60318K(1105920K)], 0.2214411 secs] [Times: user=1.04 sys=0.00, real=0.22 secs] 
3848.309: [GC (Allocation Failure) [PSYoungGen: 232940K->182005K(465920K)] 431765K->380831K(1864192K), 0.0314283 secs] [Times: user=0.12 sys=0.00, real=0.04 secs] 
3848.466: [GC (Allocation Failure) [PSYoungGen: 409203K->179702K(465920K)] 608029K->441887K(1864192K), 0.0431835 secs] [Times: user=0.19 sys=0.01, real=0.04 secs] 
3849.347: [GC (Allocation Failure) [PSYoungGen: 412662K->169139K(464896K)] 674847K->488452K(1863168K), 0.0529747 secs] [Times: user=0.26 sys=0.00, real=0.06 secs] 
3849.724: [GC (Allocation Failure) [PSYoungGen: 402099K->110045K(465408K)] 721412K->494086K(1863680K), 0.0627997 secs] [Times: user=0.32 sys=0.00, real=0.06 secs] 
3849.988: [GC (Allocation Failure) [PSYoungGen: 336185K->172725K(465920K)] 720227K->592255K(1864192K), 0.0448567 secs] [Times: user=0.20 sys=0.00, real=0.05 secs] 
3850.153: [GC (Allocation Failure) [PSYoungGen: 406197K->185366K(465920K)] 825727K->658884K(1864192K), 0.0427815 secs] [Times: user=0.19 sys=0.00, real=0.04 secs] 
3850.310: [GC (Allocation Failure) [PSYoungGen: 418838K->187573K(465920K)] 892356K->717395K(1864192K), 0.0457107 secs] [Times: user=0.21 sys=0.00, real=0.04 secs] 
3851.485: [GC (Allocation Failure) [PSYoungGen: 420533K->99180K(465920K)] 950355K->699722K(1864192K), 0.0646750 secs] [Times: user=0.34 sys=0.00, real=0.06 secs] 
3852.772: [GC (Allocation Failure) [PSYoungGen: 332140K->171924K(465920K)] 932682K->804048K(1864192K), 0.0635247 secs] [Times: user=0.30 sys=0.00, real=0.06 secs] 
3853.054: [GC (Allocation Failure) [PSYoungGen: 404884K->185462K(465920K)] 1037008K->871629K(1864192K), 0.0572050 secs] [Times: user=0.26 sys=0.00, real=0.06 secs] 
3853.232: [GC (Allocation Failure) [PSYoungGen: 418422K->184887K(465920K)] 1104589K->935542K(1864192K), 0.0500711 secs] [Times: user=0.24 sys=0.00, real=0.05 secs] 
3854.193: [GC (Allocation Failure) [PSYoungGen: 417847K->168403K(465920K)] 1168502K->977786K(1864192K), 0.0579071 secs] [Times: user=0.29 sys=0.01, real=0.06 secs] 
3855.099: [GC (Allocation Failure) [PSYoungGen: 401363K->111501K(465920K)] 1210746K->985252K(1864192K), 0.0673600 secs] [Times: user=0.35 sys=0.00, real=0.07 secs] 
3855.328: [GC (Allocation Failure) [PSYoungGen: 344461K->180533K(465920K)] 1218212K->1090021K(1864192K), 0.0367563 secs] [Times: user=0.15 sys=0.00, real=0.04 secs] 
3855.481: [GC (Allocation Failure) [PSYoungGen: 413493K->185239K(465920K)] 1322981K->1157695K(1864192K), 0.0491997 secs] [Times: user=0.23 sys=0.00, real=0.05 secs] 
3855.640: [GC (Allocation Failure) [PSYoungGen: 418199K->184052K(465920K)] 1390655K->1215225K(1864192K), 0.0575773 secs] [Times: user=0.28 sys=0.01, real=0.05 secs] 
3856.683: [GC (Allocation Failure) [PSYoungGen: 417012K->97467K(465920K)] 1448185K->1198232K(1864192K), 0.0448143 secs] [Times: user=0.23 sys=0.00, real=0.04 secs] 
3856.939: [GC (Allocation Failure) [PSYoungGen: 330427K->176245K(465920K)] 1431192K->1309290K(1864192K), 0.0614686 secs] [Times: user=0.29 sys=0.00, real=0.07 secs] 
3857.145: [GC (Allocation Failure) [PSYoungGen: 409205K->184918K(465920K)] 1542250K->1372991K(1864192K), 0.0440181 secs] [Times: user=0.19 sys=0.00, real=0.04 secs] 
3857.321: [GC (Allocation Failure) [PSYoungGen: 404416K->171573K(465920K)] 1592489K->1424251K(1864192K), 0.0537176 secs] [Times: user=0.26 sys=0.00, real=0.05 secs] 
3858.162: [GC (Allocation Failure) [PSYoungGen: 400560K->205779K(465920K)] 1653237K->1513008K(1864192K), 0.0538878 secs] [Times: user=0.27 sys=0.00, real=0.05 secs] 
3858.910: [GC (Allocation Failure) [PSYoungGen: 438739K->101820K(465920K)] 1745968K->1473841K(1864192K), 0.1128717 secs] [Times: user=0.61 sys=0.00, real=0.11 secs] 
3859.023: [Full GC (Ergonomics) [PSYoungGen: 101820K->0K(465920K)] [ParOldGen: 1372021K->120522K(1398272K)] 1473841K->120522K(1864192K), [Metaspace: 60333K->60333K(1105920K)], 0.1863135 secs] [Times: user=0.83 sys=0.00, real=0.18 secs] 
3859.374: [GC (Allocation Failure) [PSYoungGen: 228707K->180309K(465920K)] 349229K->300832K(1864192K), 0.0248931 secs] [Times: user=0.08 sys=0.00, real=0.02 secs] 
3859.547: [GC (Allocation Failure) [PSYoungGen: 413269K->185622K(465920K)] 533792K->362224K(1864192K), 0.0452356 secs] [Times: user=0.21 sys=0.00, real=0.05 secs] 
3859.816: [GC (Allocation Failure) [PSYoungGen: 418582K->187445K(465920K)] 595184K->420231K(1864192K), 0.0451627 secs] [Times: user=0.21 sys=0.00, real=0.05 secs] 
3861.266: [GC (Allocation Failure) [PSYoungGen: 420405K->99180K(465920K)] 653191K->402638K(1864192K), 0.1196899 secs] [Times: user=0.66 sys=0.00, real=0.12 secs] 
3862.570: [GC (Allocation Failure) [PSYoungGen: 332140K->171092K(465920K)] 635598K->506344K(1864192K), 0.0576598 secs] [Times: user=0.27 sys=0.00, real=0.05 secs] 
3862.773: [GC (Allocation Failure) [PSYoungGen: 404052K->185750K(465920K)] 739304K->574505K(1864192K), 0.0472190 secs] [Times: user=0.19 sys=0.00, real=0.05 secs] 
3862.941: [GC (Allocation Failure) [PSYoungGen: 418710K->183158K(465920K)] 807465K->636450K(1864192K), 0.0490846 secs] [Times: user=0.23 sys=0.00, real=0.04 secs] 
3863.755: [GC (Allocation Failure) [PSYoungGen: 411951K->208307K(465920K)] 865243K->719742K(1864192K), 0.0543421 secs] [Times: user=0.27 sys=0.00, real=0.05 secs] 
3864.180: [GC (Allocation Failure) [PSYoungGen: 441267K->106204K(465920K)] 952702K->683320K(1864192K), 0.0404152 secs] [Times: user=0.20 sys=0.00, real=0.05 secs] 
3864.337: [GC (Allocation Failure) [PSYoungGen: 334970K->177461K(465920K)] 912085K->788405K(1864192K), 0.0344142 secs] [Times: user=0.14 sys=0.00, real=0.04 secs] 
3864.487: [GC (Allocation Failure) [PSYoungGen: 410421K->182389K(465920K)] 1021365K->848898K(1864192K), 0.0431460 secs] [Times: user=0.19 sys=0.00, real=0.05 secs] 
3864.644: [GC (Allocation Failure) [PSYoungGen: 415349K->187221K(465920K)] 1081858K->908801K(1864192K), 0.0450989 secs] [Times: user=0.21 sys=0.00, real=0.04 secs] 
3865.631: [GC (GCLocker Initiated GC) [PSYoungGen: 420181K->99148K(465920K)] 1141763K->891137K(1864192K), 0.0443041 secs] [Times: user=0.23 sys=0.00, real=0.04 secs] 
3866.089: [GC (Allocation Failure) [PSYoungGen: 332108K->174581K(465920K)] 1124227K->999593K(1864192K), 0.0400863 secs] [Times: user=0.18 sys=0.00, real=0.04 secs] 
3866.246: [GC (Allocation Failure) [PSYoungGen: 407541K->185238K(465920K)] 1232553K->1064486K(1864192K), 0.0422767 secs] [Times: user=0.19 sys=0.00, real=0.04 secs] 
3866.405: [GC (Allocation Failure) [PSYoungGen: 418198K->183062K(465920K)] 1297446K->1135151K(1864192K), 0.0494005 secs] [Times: user=0.23 sys=0.00, real=0.05 secs] 
3867.309: [GC (Allocation Failure) [PSYoungGen: 416022K->170611K(465920K)] 1368111K->1180707K(1864192K), 0.0540284 secs] [Times: user=0.27 sys=0.00, real=0.06 secs] 
3868.847: [GC (Allocation Failure) [PSYoungGen: 403571K->107564K(465920K)] 1413667K->1182825K(1864192K), 0.0770809 secs] [Times: user=0.41 sys=0.01, real=0.08 secs] 
3869.140: [GC (Allocation Failure) [PSYoungGen: 340524K->180661K(465920K)] 1415785K->1290186K(1864192K), 0.0420445 secs] [Times: user=0.19 sys=0.00, real=0.04 secs] 
3869.324: [GC (Allocation Failure) [PSYoungGen: 413621K->185495K(465920K)] 1523146K->1358148K(1864192K), 0.0559886 secs] [Times: user=0.27 sys=0.00, real=0.06 secs] 
3869.728: [GC (Allocation Failure) [PSYoungGen: 418455K->183956K(465920K)] 1591108K->1415442K(1864192K), 0.1208274 secs] [Times: user=0.65 sys=0.00, real=0.12 secs] 
3870.908: [GC (Allocation Failure) [PSYoungGen: 416916K->95947K(465920K)] 1648402K->1396800K(1864192K), 0.0536655 secs] [Times: user=0.29 sys=0.00, real=0.06 secs] 
3871.271: [GC (Allocation Failure) [PSYoungGen: 328907K->176597K(465920K)] 1629760K->1508215K(1864192K), 0.0567669 secs] [Times: user=0.27 sys=0.00, real=0.05 secs] 
3871.328: [Full GC (Ergonomics) [PSYoungGen: 176597K->0K(465920K)] [ParOldGen: 1331618K->202090K(1398272K)] 1508215K->202090K(1864192K), [Metaspace: 60333K->60333K(1105920K)], 0.2055483 secs] [Times: user=0.94 sys=0.00, real=0.21 secs] 
3871.650: [GC (Allocation Failure) [PSYoungGen: 232960K->182229K(465920K)] 435050K->384320K(1864192K), 0.0324263 secs] [Times: user=0.13 sys=0.00, real=0.03 secs] 
3871.799: [GC (Allocation Failure) [PSYoungGen: 411948K->179734K(465920K)] 614039K->445097K(1864192K), 0.0433919 secs] [Times: user=0.19 sys=0.01, real=0.05 secs] 
3872.628: [GC (Allocation Failure) [PSYoungGen: 408726K->205779K(465920K)] 674088K->528306K(1864192K), 0.0535554 secs] [Times: user=0.27 sys=0.00, real=0.06 secs] 
3873.166: [GC (GCLocker Initiated GC) [PSYoungGen: 438739K->105244K(465920K)] 761274K->492419K(1864192K), 0.0862521 secs] [Times: user=0.46 sys=0.00, real=0.09 secs] 
3873.492: [GC (Allocation Failure) [PSYoungGen: 338204K->178070K(465920K)] 733610K->606744K(1864192K), 0.1213051 secs] [Times: user=0.67 sys=0.00, real=0.12 secs] 
3873.791: [GC (Allocation Failure) [PSYoungGen: 411030K->182070K(465920K)] 839704K->667725K(1864192K), 0.1797054 secs] [Times: user=1.01 sys=0.00, real=0.18 secs] 
3874.090: [GC (Allocation Failure) [PSYoungGen: 415030K->187349K(465920K)] 900685K->730652K(1864192K), 0.0586736 secs] [Times: user=0.29 sys=0.00, real=0.05 secs] 
3875.359: [GC (Allocation Failure) [PSYoungGen: 420309K->99116K(465920K)] 963612K->712970K(1864192K), 0.0927248 secs] [Times: user=0.50 sys=0.00, real=0.10 secs] 
3876.303: [GC (Allocation Failure) [PSYoungGen: 332076K->173109K(465920K)] 945930K->819232K(1864192K), 0.0589360 secs] [Times: user=0.28 sys=0.00, real=0.06 secs] 
3876.500: [GC (Allocation Failure) [PSYoungGen: 406069K->185110K(465920K)] 1052192K->885285K(1864192K), 0.0427630 secs] [Times: user=0.19 sys=0.00, real=0.04 secs] 
3876.657: [GC (Allocation Failure) [PSYoungGen: 405147K->175317K(465920K)] 1105322K->939765K(1864192K), 0.0482632 secs] [Times: user=0.23 sys=0.01, real=0.05 secs] 
3877.546: [GC (Allocation Failure) [PSYoungGen: 408277K->168178K(465920K)] 1172725K->988354K(1864192K), 0.0556220 secs] [Times: user=0.28 sys=0.00, real=0.06 secs] 
3878.697: [GC (Allocation Failure) [PSYoungGen: 401138K->107148K(465920K)] 1221314K->991668K(1864192K), 0.1111135 secs] [Times: user=0.61 sys=0.00, real=0.11 secs] 
3879.001: [GC (Allocation Failure) [PSYoungGen: 332317K->175733K(465920K)] 1216836K->1094646K(1864192K), 0.0355778 secs] [Times: user=0.15 sys=0.00, real=0.03 secs] 
3879.153: [GC (Allocation Failure) [PSYoungGen: 408693K->185878K(465920K)] 1327606K->1159142K(1864192K), 0.0441124 secs] [Times: user=0.20 sys=0.00, real=0.04 secs] 
3879.309: [GC (Allocation Failure) [PSYoungGen: 418838K->187733K(465920K)] 1392102K->1217414K(1864192K), 0.0465291 secs] [Times: user=0.22 sys=0.00, real=0.05 secs] 
3880.330: [GC (Allocation Failure) [PSYoungGen: 420693K->96315K(465920K)] 1450374K->1196680K(1864192K), 0.0453903 secs] [Times: user=0.24 sys=0.00, real=0.05 secs] 
3880.728: [GC (Allocation Failure) [PSYoungGen: 329275K->174645K(465920K)] 1429640K->1306962K(1864192K), 0.0416358 secs] [Times: user=0.19 sys=0.00, real=0.04 secs] 
3881.072: [GC (Allocation Failure) [PSYoungGen: 407605K->184694K(465920K)] 1539922K->1371010K(1864192K), 0.0445206 secs] [Times: user=0.20 sys=0.00, real=0.04 secs] 
3881.432: [GC (Allocation Failure) [PSYoungGen: 417654K->183926K(465920K)] 1603970K->1434355K(1864192K), 0.0596692 secs] [Times: user=0.29 sys=0.00, real=0.06 secs] 
3882.395: [GC (Allocation Failure) [PSYoungGen: 416886K->168050K(465920K)] 1667315K->1476719K(1864192K), 0.0583588 secs] [Times: user=0.29 sys=0.00, real=0.06 secs] 
3884.415: [GC (Allocation Failure) [PSYoungGen: 401010K->107676K(465920K)] 1709679K->1480657K(1864192K), 0.1203429 secs] [Times: user=0.65 sys=0.00, real=0.12 secs] 
3884.535: [Full GC (Ergonomics) [PSYoungGen: 107676K->0K(465920K)] [ParOldGen: 1372980K->125332K(1398272K)] 1480657K->125332K(1864192K), [Metaspace: 60335K->60335K(1105920K)], 0.1845606 secs] [Times: user=0.82 sys=0.00, real=0.18 secs] 
3884.854: [GC (Allocation Failure) [PSYoungGen: 232960K->180565K(465920K)] 358292K->305897K(1864192K), 0.0264768 secs] [Times: user=0.10 sys=0.00, real=0.03 secs] 
3885.033: [GC (Allocation Failure) [PSYoungGen: 413525K->185175K(465920K)] 538857K->373451K(1864192K), 0.0620770 secs] [Times: user=0.30 sys=0.00, real=0.06 secs] 
3885.456: [GC (Allocation Failure) [PSYoungGen: 418135K->184084K(465920K)] 606411K->431241K(1864192K), 0.1263328 secs] [Times: user=0.67 sys=0.00, real=0.13 secs] 
3887.771: [GC (Allocation Failure) [PSYoungGen: 417044K->93467K(465920K)] 664201K->410087K(1864192K), 0.0530937 secs] [Times: user=0.28 sys=0.01, real=0.05 secs] 
3888.358: [GC (Allocation Failure) [PSYoungGen: 326427K->171188K(465920K)] 643047K->518174K(1864192K), 0.0530038 secs] [Times: user=0.24 sys=0.01, real=0.06 secs] 
3888.552: [GC (Allocation Failure) [PSYoungGen: 404148K->185238K(465920K)] 751134K->585659K(1864192K), 0.0431267 secs] [Times: user=0.19 sys=0.00, real=0.04 secs] 
3888.711: [GC (Allocation Failure) [PSYoungGen: 418198K->185847K(465920K)] 818619K->651156K(1864192K), 0.0502676 secs] [Times: user=0.24 sys=0.00, real=0.05 secs] 
3889.560: [GC (Allocation Failure) [PSYoungGen: 418807K->212778K(465920K)] 884116K->736984K(1864192K), 0.0482445 secs] [Times: user=0.24 sys=0.00, real=0.04 secs] 
3890.838: [GC (Allocation Failure) [PSYoungGen: 445738K->105788K(465920K)] 969944K->694866K(1864192K), 0.0932235 secs] [Times: user=0.50 sys=0.00, real=0.10 secs] 
3891.136: [GC (Allocation Failure) [PSYoungGen: 331175K->176341K(465920K)] 920253K->799560K(1864192K), 0.0347062 secs] [Times: user=0.15 sys=0.00, real=0.04 secs] 
3891.312: [GC (Allocation Failure) [PSYoungGen: 409301K->185526K(465920K)] 1032520K->863264K(1864192K), 0.0488748 secs] [Times: user=0.23 sys=0.00, real=0.05 secs] 
3891.743: [GC (Allocation Failure) [PSYoungGen: 418486K->184180K(465920K)] 1096224K->918039K(1864192K), 0.0647746 secs] [Times: user=0.32 sys=0.00, real=0.06 secs] 
3893.703: [GC (Allocation Failure) [PSYoungGen: 417140K->99868K(465920K)] 1150999K->903214K(1864192K), 0.0626277 secs] [Times: user=0.33 sys=0.00, real=0.06 secs] 
3894.362: [GC (Allocation Failure) [PSYoungGen: 332828K->171828K(465920K)] 1136174K->1007612K(1864192K), 0.0550028 secs] [Times: user=0.26 sys=0.00, real=0.05 secs] 
3894.617: [GC (GCLocker Initiated GC) [PSYoungGen: 404788K->182677K(465920K)] 1240572K->1072274K(1864192K), 0.0593715 secs] [Times: user=0.29 sys=0.00, real=0.06 secs] 
3894.845: [GC (Allocation Failure) [PSYoungGen: 415637K->185239K(465920K)] 1305237K->1138599K(1864192K), 0.0736274 secs] [Times: user=0.37 sys=0.00, real=0.07 secs] 
3895.450: [GC (Allocation Failure) [PSYoungGen: 418199K->210483K(465920K)] 1371559K->1222531K(1864192K), 0.0544788 secs] [Times: user=0.27 sys=0.00, real=0.05 secs] 
3896.096: [GC (GCLocker Initiated GC) [PSYoungGen: 443443K->101756K(465920K)] 1455491K->1179700K(1864192K), 0.0683190 secs] [Times: user=0.37 sys=0.00, real=0.07 secs] 
3896.330: [GC (Allocation Failure) [PSYoungGen: 334716K->178678K(465920K)] 1421018K->1297670K(1864192K), 0.1219554 secs] [Times: user=0.66 sys=0.00, real=0.12 secs] 
3896.571: [GC (Allocation Failure) [PSYoungGen: 411638K->182102K(465920K)] 1530630K->1358162K(1864192K), 0.1583260 secs] [Times: user=0.88 sys=0.00, real=0.15 secs] 
3896.843: [GC (Allocation Failure) [PSYoungGen: 415062K->187477K(465920K)] 1591122K->1421041K(1864192K), 0.0601885 secs] [Times: user=0.30 sys=0.00, real=0.06 secs] 
3897.952: [GC (Allocation Failure) [PSYoungGen: 420437K->97467K(465920K)] 1654001K->1401923K(1864192K), 0.0511397 secs] [Times: user=0.27 sys=0.01, real=0.05 secs] 
3898.398: [GC (Allocation Failure) [PSYoungGen: 330427K->172308K(465920K)] 1634883K->1508661K(1864192K), 0.0627785 secs] [Times: user=0.29 sys=0.01, real=0.07 secs] 
3898.461: [Full GC (Ergonomics) [PSYoungGen: 172308K->0K(465920K)] [ParOldGen: 1336352K->198617K(1398272K)] 1508661K->198617K(1864192K), [Metaspace: 60335K->60335K(1105920K)], 0.2086900 secs] [Times: user=0.96 sys=0.00, real=0.20 secs] 
3898.817: [GC (Allocation Failure) [PSYoungGen: 232960K->185046K(465920K)] 431577K->383663K(1864192K), 0.0323287 secs] [Times: user=0.13 sys=0.00, real=0.04 secs] 
3898.974: [GC (Allocation Failure) [PSYoungGen: 413717K->180374K(465920K)] 612335K->443476K(1864192K), 0.0434588 secs] [Times: user=0.19 sys=0.00, real=0.04 secs] 
3900.169: [GC (Allocation Failure) [PSYoungGen: 413334K->169075K(465920K)] 676436K->489440K(1864192K), 0.0538250 secs] [Times: user=0.27 sys=0.00, real=0.06 secs] 
3901.653: [GC (Allocation Failure) [PSYoungGen: 402035K->105516K(465920K)] 722400K->490458K(1864192K), 0.1093165 secs] [Times: user=0.59 sys=0.00, real=0.11 secs] 
3901.969: [GC (Allocation Failure) [PSYoungGen: 333826K->176693K(465920K)] 718768K->595480K(1864192K), 0.0345229 secs] [Times: user=0.14 sys=0.00, real=0.04 secs] 
3902.141: [GC (Allocation Failure) [PSYoungGen: 409653K->185750K(465920K)] 828440K->659449K(1864192K), 0.0481088 secs] [Times: user=0.22 sys=0.00, real=0.04 secs] 
3902.315: [GC (Allocation Failure) [PSYoungGen: 418710K->185013K(465920K)] 892409K->714943K(1864192K), 0.0455003 secs] [Times: user=0.21 sys=0.00, real=0.05 secs] 
3903.294: [GC (Allocation Failure) [PSYoungGen: 417973K->99820K(465920K)] 947903K->699475K(1864192K), 0.0447691 secs] [Times: user=0.23 sys=0.00, real=0.04 secs] 
3903.671: [GC (GCLocker Initiated GC) [PSYoungGen: 332780K->171700K(465920K)] 932436K->803837K(1864192K), 0.0648273 secs] [Times: user=0.30 sys=0.00, real=0.06 secs] 
3903.920: [GC (Allocation Failure) [PSYoungGen: 404660K->193782K(465920K)] 1036962K->880199K(1864192K), 0.0428216 secs] [Times: user=0.19 sys=0.00, real=0.05 secs] 
3904.100: [GC (Allocation Failure) [PSYoungGen: 426742K->183158K(465920K)] 1113159K->933976K(1864192K), 0.0613428 secs] [Times: user=0.30 sys=0.00, real=0.07 secs] 
3904.964: [GC (Allocation Failure) [PSYoungGen: 411670K->208819K(465920K)] 1162487K->1017632K(1864192K), 0.0549838 secs] [Times: user=0.28 sys=0.00, real=0.05 secs] 
3905.856: [GC (Allocation Failure) [PSYoungGen: 441779K->101996K(465920K)] 1250592K->976465K(1864192K), 0.0869515 secs] [Times: user=0.47 sys=0.00, real=0.09 secs] 
3906.183: [GC (Allocation Failure) [PSYoungGen: 334956K->180854K(465920K)] 1209425K->1088028K(1864192K), 0.0354353 secs] [Times: user=0.15 sys=0.01, real=0.03 secs] 
3906.368: [GC (Allocation Failure) [PSYoungGen: 413814K->185366K(465920K)] 1320988K->1149080K(1864192K), 0.0641760 secs] [Times: user=0.30 sys=0.00, real=0.07 secs] 
3906.570: [GC (Allocation Failure) [PSYoungGen: 418326K->187189K(465920K)] 1382040K->1206919K(1864192K), 0.0462185 secs] [Times: user=0.21 sys=0.00, real=0.05 secs] 
3907.758: [GC (Allocation Failure) [PSYoungGen: 420149K->102396K(465920K)] 1439879K->1192846K(1864192K), 0.0667803 secs] [Times: user=0.35 sys=0.00, real=0.07 secs] 
3908.915: [GC (Allocation Failure) [PSYoungGen: 335356K->172628K(465920K)] 1425806K->1296592K(1864192K), 0.0579439 secs] [Times: user=0.27 sys=0.01, real=0.06 secs] 
3909.106: [GC (Allocation Failure) [PSYoungGen: 405588K->184950K(465920K)] 1529552K->1362965K(1864192K), 0.0436806 secs] [Times: user=0.20 sys=0.00, real=0.04 secs] 
3909.308: [GC (Allocation Failure) [PSYoungGen: 417910K->182134K(465920K)] 1595925K->1424858K(1864192K), 0.0742087 secs] [Times: user=0.37 sys=0.01, real=0.08 secs] 
3910.768: [GC (Allocation Failure) [PSYoungGen: 415094K->168723K(465920K)] 1657818K->1469118K(1864192K), 0.0546896 secs] [Times: user=0.28 sys=0.00, real=0.06 secs] 
3911.349: [GC (Allocation Failure) [PSYoungGen: 401683K->105052K(465920K)] 1702078K->1469880K(1864192K), 0.0817827 secs] [Times: user=0.43 sys=0.01, real=0.09 secs] 
3911.430: [Full GC (Ergonomics) [PSYoungGen: 105052K->0K(465920K)] [ParOldGen: 1364827K->122726K(1398272K)] 1469880K->122726K(1864192K), [Metaspace: 60335K->60335K(1105920K)], 0.1723773 secs] [Times: user=0.76 sys=0.00, real=0.17 secs] 
3911.761: [GC (Allocation Failure) [PSYoungGen: 227750K->178101K(465920K)] 350477K->300828K(1864192K), 0.0244936 secs] [Times: user=0.09 sys=0.00, real=0.02 secs] 
3911.901: [GC (Allocation Failure) [PSYoungGen: 411061K->186070K(465920K)] 533788K->364617K(1864192K), 0.0415189 secs] [Times: user=0.18 sys=0.00, real=0.04 secs] 
3912.053: [GC (Allocation Failure) [PSYoungGen: 419030K->188021K(465920K)] 597577K->422816K(1864192K), 0.0451014 secs] [Times: user=0.21 sys=0.00, real=0.04 secs] 
3913.274: [GC (Allocation Failure) [PSYoungGen: 420981K->96411K(465920K)] 655776K->401974K(1864192K), 0.0683710 secs] [Times: user=0.36 sys=0.01, real=0.07 secs] 
3914.025: [GC (Allocation Failure) [PSYoungGen: 329371K->174837K(465920K)] 634934K->512101K(1864192K), 0.0516944 secs] [Times: user=0.20 sys=0.00, real=0.05 secs] 
3914.264: [GC (Allocation Failure) [PSYoungGen: 407797K->185046K(465920K)] 745061K->576333K(1864192K), 0.0594831 secs] [Times: user=0.29 sys=0.00, real=0.06 secs] 
3914.494: [GC (Allocation Failure) [PSYoungGen: 414965K->183094K(465920K)] 806253K->638806K(1864192K), 0.0640562 secs] [Times: user=0.32 sys=0.00, real=0.06 secs] 
3915.393: [GC (Allocation Failure) [PSYoungGen: 416054K->169043K(465920K)] 871766K->683106K(1864192K), 0.0563056 secs] [Times: user=0.28 sys=0.00, real=0.05 secs] 
3916.991: [GC (Allocation Failure) [PSYoungGen: 402003K->105420K(465920K)] 916066K->684132K(1864192K), 0.1188633 secs] [Times: user=0.65 sys=0.00, real=0.12 secs] 
3917.325: [GC (Allocation Failure) [PSYoungGen: 338380K->197557K(465920K)] 917092K->810124K(1864192K), 0.0370555 secs] [Times: user=0.16 sys=0.00, real=0.04 secs] 
3917.480: [GC (Allocation Failure) [PSYoungGen: 430517K->181686K(465920K)] 1043084K->857325K(1864192K), 0.0493400 secs] [Times: user=0.23 sys=0.00, real=0.04 secs] 
3917.699: [GC (Allocation Failure) [PSYoungGen: 414646K->186805K(465920K)] 1090285K->919860K(1864192K), 0.0799131 secs] [Times: user=0.41 sys=0.00, real=0.08 secs] 
3918.757: [GC (Allocation Failure) [PSYoungGen: 419765K->97931K(465920K)] 1152820K->901507K(1864192K), 0.0469710 secs] [Times: user=0.25 sys=0.00, real=0.05 secs] 
3919.026: [GC (GCLocker Initiated GC) [PSYoungGen: 330891K->175573K(465920K)] 1134467K->1011241K(1864192K), 0.0689044 secs] [Times: user=0.33 sys=0.00, real=0.07 secs] 
3919.261: [GC (Allocation Failure) [PSYoungGen: 408533K->185206K(465920K)] 1244368K->1076077K(1864192K), 0.0433220 secs] [Times: user=0.19 sys=0.00, real=0.04 secs] 
3919.416: [GC (Allocation Failure) [PSYoungGen: 409982K->177910K(465920K)] 1300853K->1133137K(1864192K), 0.0493541 secs] [Times: user=0.24 sys=0.00, real=0.05 secs] 
3920.266: [GC (Allocation Failure) [PSYoungGen: 406481K->205619K(465920K)] 1361708K->1217394K(1864192K), 0.0543729 secs] [Times: user=0.28 sys=0.00, real=0.06 secs] 
3921.156: [GC (Allocation Failure) [PSYoungGen: 438579K->101788K(465920K)] 1450354K->1178171K(1864192K), 0.1185987 secs] [Times: user=0.64 sys=0.01, real=0.12 secs] 
3921.531: [GC (Allocation Failure) [PSYoungGen: 334748K->181270K(465920K)] 1411131K->1290218K(1864192K), 0.0362753 secs] [Times: user=0.15 sys=0.00, real=0.03 secs] 
3921.725: [GC (Allocation Failure) [PSYoungGen: 414230K->185494K(465920K)] 1523178K->1351018K(1864192K), 0.0662872 secs] [Times: user=0.32 sys=0.00, real=0.07 secs] 
3922.024: [GC (Allocation Failure) [PSYoungGen: 418454K->184436K(465920K)] 1583978K->1406249K(1864192K), 0.0571388 secs] [Times: user=0.28 sys=0.01, real=0.06 secs] 
3923.972: [GC (Allocation Failure) [PSYoungGen: 417396K->99788K(465920K)] 1639209K->1391192K(1864192K), 0.0643904 secs] [Times: user=0.34 sys=0.00, real=0.06 secs] 
3925.180: [GC (Allocation Failure) [PSYoungGen: 332748K->169268K(465920K)] 1624152K->1492405K(1864192K), 0.0774651 secs] [Times: user=0.38 sys=0.00, real=0.07 secs] 
3925.257: [Full GC (Ergonomics) [PSYoungGen: 169268K->0K(465920K)] [ParOldGen: 1323137K->193261K(1398272K)] 1492405K->193261K(1864192K), [Metaspace: 60337K->60337K(1105920K)], 0.2390634 secs] [Times: user=1.16 sys=0.00, real=0.24 secs] 
3925.635: [GC (Allocation Failure) [PSYoungGen: 232960K->183157K(465920K)] 426221K->376419K(1864192K), 0.0324409 secs] [Times: user=0.13 sys=0.00, real=0.03 secs] 
3925.806: [GC (Allocation Failure) [PSYoungGen: 416117K->185815K(465920K)] 609379K->451212K(1864192K), 0.0441403 secs] [Times: user=0.19 sys=0.01, real=0.05 secs] 
3926.327: [GC (Allocation Failure) [PSYoungGen: 418775K->215571K(465920K)] 684172K->539865K(1864192K), 0.0535418 secs] [Times: user=0.26 sys=0.00, real=0.06 secs] 
3927.040: [GC (Allocation Failure) [PSYoungGen: 448531K->101948K(465920K)] 772825K->492697K(1864192K), 0.0594196 secs] [Times: user=0.31 sys=0.01, real=0.06 secs] 
3927.355: [GC (Allocation Failure) [PSYoungGen: 334908K->180629K(465920K)] 725657K->603756K(1864192K), 0.0452200 secs] [Times: user=0.20 sys=0.00, real=0.05 secs] 
3927.569: [GC (Allocation Failure) [PSYoungGen: 413589K->185398K(465920K)] 836716K->664812K(1864192K), 0.0617221 secs] [Times: user=0.30 sys=0.00, real=0.07 secs] 
3927.793: [GC (Allocation Failure) [PSYoungGen: 418358K->187733K(465920K)] 897772K->723420K(1864192K), 0.0531635 secs] [Times: user=0.26 sys=0.00, real=0.05 secs] 
3928.885: [GC (Allocation Failure) [PSYoungGen: 420693K->98572K(465920K)] 956380K->705082K(1864192K), 0.0603867 secs] [Times: user=0.32 sys=0.00, real=0.06 secs] 
3929.768: [GC (Allocation Failure) [PSYoungGen: 331532K->172436K(465920K)] 938042K->811540K(1864192K), 0.0582141 secs] [Times: user=0.27 sys=0.00, real=0.06 secs] 
3929.970: [GC (Allocation Failure) [PSYoungGen: 405396K->185174K(465920K)] 1044500K->878285K(1864192K), 0.0422177 secs] [Times: user=0.19 sys=0.00, real=0.04 secs] 
3930.204: [GC (Allocation Failure) [PSYoungGen: 418134K->185431K(465920K)] 1111245K->943110K(1864192K), 0.0733295 secs] [Times: user=0.37 sys=0.00, real=0.07 secs] 
3931.124: [GC (Allocation Failure) [PSYoungGen: 413195K->206003K(465920K)] 1170875K->1022586K(1864192K), 0.0554398 secs] [Times: user=0.27 sys=0.00, real=0.05 secs] 
3932.048: [GC (Allocation Failure) [PSYoungGen: 438963K->104268K(465920K)] 1255546K->985476K(1864192K), 0.0955241 secs] [Times: user=0.52 sys=0.00, real=0.10 secs] 
3932.393: [GC (Allocation Failure) [PSYoungGen: 334103K->178485K(465920K)] 1215311K->1092950K(1864192K), 0.0351082 secs] [Times: user=0.14 sys=0.01, real=0.03 secs] 
3932.595: [GC (Allocation Failure) [PSYoungGen: 411445K->184950K(465920K)] 1325910K->1154790K(1864192K), 0.0591210 secs] [Times: user=0.28 sys=0.00, real=0.06 secs] 
3932.795: [GC (Allocation Failure) [PSYoungGen: 417910K->187637K(465920K)] 1387750K->1213574K(1864192K), 0.0453521 secs] [Times: user=0.21 sys=0.00, real=0.05 secs] 
3933.805: [GC (Allocation Failure) [PSYoungGen: 420597K->99436K(465920K)] 1446534K->1196000K(1864192K), 0.0444727 secs] [Times: user=0.23 sys=0.01, real=0.05 secs] 
3933.974: [GC (Allocation Failure) [PSYoungGen: 332396K->176341K(465920K)] 1428960K->1305558K(1864192K), 0.0408052 secs] [Times: user=0.18 sys=0.00, real=0.04 secs] 
3934.181: [GC (Allocation Failure) [PSYoungGen: 409301K->179957K(465920K)] 1538518K->1363790K(1864192K), 0.0657184 secs] [Times: user=0.32 sys=0.00, real=0.06 secs] 
3934.383: [GC (Allocation Failure) [PSYoungGen: 412914K->184855K(465920K)] 1596747K->1431688K(1864192K), 0.0500395 secs] [Times: user=0.23 sys=0.00, real=0.05 secs] 
3935.284: [GC (Allocation Failure) [PSYoungGen: 417815K->169555K(465920K)] 1664648K->1475188K(1864192K), 0.0554656 secs] [Times: user=0.27 sys=0.00, real=0.05 secs] 
3935.852: [GC (Allocation Failure) [PSYoungGen: 402515K->113229K(465920K)] 1708148K->1483706K(1864192K), 0.1007575 secs] [Times: user=0.54 sys=0.01, real=0.10 secs] 
3935.953: [Full GC (Ergonomics) [PSYoungGen: 113229K->0K(465920K)] [ParOldGen: 1370477K->130857K(1398272K)] 1483706K->130857K(1864192K), [Metaspace: 60339K->60339K(1105920K)], 0.1948575 secs] [Times: user=0.87 sys=0.00, real=0.19 secs] 
3936.272: [GC (Allocation Failure) [PSYoungGen: 232960K->177013K(465920K)] 363817K->307870K(1864192K), 0.0260493 secs] [Times: user=0.09 sys=0.00, real=0.02 secs] 
3936.462: [GC (Allocation Failure) [PSYoungGen: 409973K->185367K(465920K)] 540830K->378653K(1864192K), 0.0475577 secs] [Times: user=0.22 sys=0.00, real=0.04 secs] 
3936.627: [GC (Allocation Failure) [PSYoungGen: 418246K->187125K(465920K)] 611532K->439195K(1864192K), 0.0564163 secs] [Times: user=0.28 sys=0.00, real=0.06 secs] 
3938.300: [GC (Allocation Failure) [PSYoungGen: 420085K->97339K(465920K)] 672155K->419937K(1864192K), 0.0681251 secs] [Times: user=0.37 sys=0.00, real=0.07 secs] 
3938.983: [GC (Allocation Failure) [PSYoungGen: 330299K->176053K(465920K)] 652897K->530104K(1864192K), 0.0485667 secs] [Times: user=0.21 sys=0.00, real=0.05 secs] 
3939.165: [GC (Allocation Failure) [PSYoungGen: 409013K->185430K(465920K)] 763064K->594533K(1864192K), 0.0430535 secs] [Times: user=0.19 sys=0.01, real=0.04 secs] 
3939.341: [GC (Allocation Failure) [PSYoungGen: 406262K->170901K(465920K)] 815365K->644476K(1864192K), 0.0643360 secs] [Times: user=0.32 sys=0.00, real=0.06 secs] 
3940.237: [GC (Allocation Failure) [PSYoungGen: 399644K->206707K(465920K)] 873219K->734570K(1864192K), 0.0512389 secs] [Times: user=0.25 sys=0.00, real=0.05 secs] 
3940.821: [GC (Allocation Failure) [PSYoungGen: 439667K->101660K(465920K)] 967530K->694283K(1864192K), 0.0973929 secs] [Times: user=0.52 sys=0.00, real=0.09 secs] 
3941.141: [GC (Allocation Failure) [PSYoungGen: 333905K->180982K(465920K)] 926528K->806462K(1864192K), 0.0347960 secs] [Times: user=0.14 sys=0.00, real=0.03 secs] 
3941.290: [GC (Allocation Failure) [PSYoungGen: 413942K->185558K(465920K)] 1039422K->867126K(1864192K), 0.0434490 secs] [Times: user=0.20 sys=0.01, real=0.04 secs] 
3941.444: [GC (Allocation Failure) [PSYoungGen: 418518K->187765K(465920K)] 1100086K->925461K(1864192K), 0.0455613 secs] [Times: user=0.21 sys=0.00, real=0.04 secs] 
3942.433: [GC (Allocation Failure) [PSYoungGen: 420725K->95787K(465920K)] 1158421K->904263K(1864192K), 0.0441251 secs] [Times: user=0.23 sys=0.00, real=0.04 secs] 
3942.760: [GC (GCLocker Initiated GC) [PSYoungGen: 328747K->174229K(465920K)] 1137225K->1014011K(1864192K), 0.0396862 secs] [Times: user=0.18 sys=0.00, real=0.04 secs] 
3942.948: [GC (Allocation Failure) [PSYoungGen: 407189K->185494K(465920K)] 1246972K->1079445K(1864192K), 0.0475469 secs] [Times: user=0.23 sys=0.00, real=0.05 secs] 
3943.135: [GC (Allocation Failure) [PSYoungGen: 418454K->184119K(465920K)] 1312405K->1142510K(1864192K), 0.0503696 secs] [Times: user=0.23 sys=0.00, real=0.05 secs] 
3944.082: [GC (Allocation Failure) [PSYoungGen: 417079K->168915K(465920K)] 1375470K->1185786K(1864192K), 0.0576758 secs] [Times: user=0.29 sys=0.00, real=0.06 secs] 
3945.928: [GC (Allocation Failure) [PSYoungGen: 401875K->105324K(465920K)] 1418746K->1186700K(1864192K), 0.1053946 secs] [Times: user=0.57 sys=0.01, real=0.11 secs] 
3946.341: [GC (Allocation Failure) [PSYoungGen: 332428K->177685K(465920K)] 1413804K->1293134K(1864192K), 0.0362530 secs] [Times: user=0.16 sys=0.00, real=0.03 secs] 
3946.491: [GC (Allocation Failure) [PSYoungGen: 410645K->185750K(465920K)] 1526094K->1356215K(1864192K), 0.0451468 secs] [Times: user=0.21 sys=0.00, real=0.04 secs] 
3946.677: [GC (Allocation Failure) [PSYoungGen: 418710K->187573K(465920K)] 1589175K->1414478K(1864192K), 0.0515184 secs] [Times: user=0.25 sys=0.00, real=0.05 secs] 
3947.724: [GC (Allocation Failure) [PSYoungGen: 420533K->98731K(465920K)] 1647438K->1396252K(1864192K), 0.0475209 secs] [Times: user=0.25 sys=0.01, real=0.05 secs] 
3948.590: [GC (Allocation Failure) [PSYoungGen: 331691K->170676K(465920K)] 1629212K->1499642K(1864192K), 0.0649858 secs] [Times: user=0.32 sys=0.00, real=0.06 secs] 
3948.655: [Full GC (Ergonomics) [PSYoungGen: 170676K->0K(465920K)] [ParOldGen: 1328965K->195389K(1398272K)] 1499642K->195389K(1864192K), [Metaspace: 60339K->60339K(1105920K)], 0.2142757 secs] [Times: user=1.00 sys=0.00, real=0.21 secs] 
3948.987: [GC (Allocation Failure) [PSYoungGen: 232960K->185814K(465920K)] 428349K->381203K(1864192K), 0.0333731 secs] [Times: user=0.14 sys=0.00, real=0.04 secs] 
3949.136: [GC (Allocation Failure) [PSYoungGen: 418774K->183030K(465920K)] 614163K->443056K(1864192K), 0.0449860 secs] [Times: user=0.19 sys=0.00, real=0.05 secs] 
3949.955: [GC (Allocation Failure) [PSYoungGen: 414209K->208211K(465920K)] 674235K->526269K(1864192K), 0.0551175 secs] [Times: user=0.27 sys=0.00, real=0.06 secs] 
3950.399: [GC (Allocation Failure) [PSYoungGen: 441171K->105372K(465920K)] 759229K->488638K(1864192K), 0.0532757 secs] [Times: user=0.28 sys=0.00, real=0.06 secs] 
3950.725: [GC (Allocation Failure) [PSYoungGen: 332599K->177333K(465920K)] 715865K->594340K(1864192K), 0.0509081 secs] [Times: user=0.23 sys=0.00, real=0.05 secs] 
3950.966: [GC (Allocation Failure) [PSYoungGen: 410293K->185462K(465920K)] 827300K->657724K(1864192K), 0.0569007 secs] [Times: user=0.27 sys=0.00, real=0.06 secs] 
3951.146: [GC (Allocation Failure) [PSYoungGen: 418422K->187861K(465920K)] 890684K->716420K(1864192K), 0.0454084 secs] [Times: user=0.21 sys=0.00, real=0.05 secs] 
3952.477: [GC (Allocation Failure) [PSYoungGen: 420821K->96699K(465920K)] 949380K->696154K(1864192K), 0.0699923 secs] [Times: user=0.38 sys=0.00, real=0.07 secs] 
3953.761: [GC (Allocation Failure) [PSYoungGen: 329659K->177749K(465920K)] 929114K->808708K(1864192K), 0.0601322 secs] [Times: user=0.29 sys=0.00, real=0.06 secs] 
3953.957: [GC (Allocation Failure) [PSYoungGen: 410709K->182549K(465920K)] 1041668K->867481K(1864192K), 0.0437323 secs] [Times: user=0.19 sys=0.00, real=0.05 secs] 
3954.151: [GC (Allocation Failure) [PSYoungGen: 415509K->186071K(465920K)] 1100441K->934898K(1864192K), 0.0724795 secs] [Times: user=0.36 sys=0.01, real=0.07 secs] 
3955.379: [GC (Allocation Failure) [PSYoungGen: 419031K->170739K(465920K)] 1167858K->978630K(1864192K), 0.0585658 secs] [Times: user=0.29 sys=0.00, real=0.06 secs] 
3956.082: [GC (Allocation Failure) [PSYoungGen: 403699K->105708K(465920K)] 1211590K->978904K(1864192K), 0.0905359 secs] [Times: user=0.49 sys=0.00, real=0.09 secs] 
3956.405: [GC (Allocation Failure) [PSYoungGen: 334847K->176213K(465920K)] 1208043K->1083698K(1864192K), 0.0358431 secs] [Times: user=0.15 sys=0.00, real=0.04 secs] 
3956.583: [GC (Allocation Failure) [PSYoungGen: 409173K->185814K(465920K)] 1316658K->1147810K(1864192K), 0.0489449 secs] [Times: user=0.23 sys=0.00, real=0.05 secs] 
3956.763: [GC (Allocation Failure) [PSYoungGen: 418774K->187925K(465920K)] 1380770K->1206210K(1864192K), 0.0470559 secs] [Times: user=0.22 sys=0.00, real=0.05 secs] 
3957.723: [GC (Allocation Failure) [PSYoungGen: 420885K->99868K(465920K)] 1439170K->1188968K(1864192K), 0.0464925 secs] [Times: user=0.25 sys=0.00, real=0.04 secs] 
3958.200: [GC (Allocation Failure) [PSYoungGen: 332828K->172564K(465920K)] 1421928K->1294406K(1864192K), 0.0665104 secs] [Times: user=0.32 sys=0.00, real=0.06 secs] 
3958.481: [GC (Allocation Failure) [PSYoungGen: 405524K->184342K(465920K)] 1527366K->1359439K(1864192K), 0.0581548 secs] [Times: user=0.27 sys=0.00, real=0.05 secs] 
3958.666: [GC (Allocation Failure) [PSYoungGen: 417302K->183863K(465920K)] 1592399K->1423160K(1864192K), 0.0509781 secs] [Times: user=0.24 sys=0.00, real=0.05 secs] 
3959.664: [GC (Allocation Failure) [PSYoungGen: 416823K->168626K(465920K)] 1656120K->1466380K(1864192K), 0.0592102 secs] [Times: user=0.30 sys=0.00, real=0.06 secs] 
3961.367: [GC (Allocation Failure) [PSYoungGen: 401586K->108188K(465920K)] 1699340K->1470406K(1864192K), 0.1049490 secs] [Times: user=0.57 sys=0.00, real=0.11 secs] 
3961.472: [Full GC (Ergonomics) [PSYoungGen: 108188K->0K(465920K)] [ParOldGen: 1362217K->125855K(1398272K)] 1470406K->125855K(1864192K), [Metaspace: 60339K->60339K(1105920K)], 0.1931937 secs] [Times: user=0.87 sys=0.01, real=0.19 secs] 
3961.926: [GC (Allocation Failure) [PSYoungGen: 227424K->174965K(465920K)] 353279K->300820K(1864192K), 0.0241410 secs] [Times: user=0.08 sys=0.00, real=0.03 secs] 
3962.068: [GC (Allocation Failure) [PSYoungGen: 407925K->184822K(465920K)] 533783K->365255K(1864192K), 0.0411132 secs] [Times: user=0.19 sys=0.00, real=0.04 secs] 
3962.224: [GC (Allocation Failure) [PSYoungGen: 417782K->187605K(465920K)] 598215K->424079K(1864192K), 0.0444184 secs] [Times: user=0.21 sys=0.00, real=0.04 secs] 
3963.246: [GC (Allocation Failure) [PSYoungGen: 420565K->98876K(465920K)] 657039K->405973K(1864192K), 0.0531905 secs] [Times: user=0.29 sys=0.00, real=0.05 secs] 
3963.847: [GC (Allocation Failure) [PSYoungGen: 331741K->175829K(465920K)] 638838K->514531K(1864192K), 0.0499471 secs] [Times: user=0.23 sys=0.00, real=0.05 secs] 
3964.068: [GC (Allocation Failure) [PSYoungGen: 408789K->182357K(465920K)] 747491K->576092K(1864192K), 0.0590948 secs] [Times: user=0.28 sys=0.01, real=0.06 secs] 
3964.264: [GC (Allocation Failure) [PSYoungGen: 415317K->183895K(465920K)] 809052K->641477K(1864192K), 0.0490772 secs] [Times: user=0.23 sys=0.00, real=0.05 secs] 
3965.141: [GC (Allocation Failure) [PSYoungGen: 412996K->205843K(465920K)] 870578K->721857K(1864192K), 0.0534628 secs] [Times: user=0.27 sys=0.00, real=0.05 secs] 
3965.612: [GC (Allocation Failure) [PSYoungGen: 438803K->105612K(465920K)] 954817K->686331K(1864192K), 0.0795299 secs] [Times: user=0.42 sys=0.00, real=0.08 secs] 
3965.890: [GC (Allocation Failure) [PSYoungGen: 337068K->177941K(465920K)] 917787K->792597K(1864192K), 0.0347473 secs] [Times: user=0.14 sys=0.00, real=0.03 secs] 
3966.041: [GC (Allocation Failure) [PSYoungGen: 410901K->182325K(465920K)] 1025557K->852209K(1864192K), 0.0432538 secs] [Times: user=0.19 sys=0.00, real=0.04 secs] 
3966.200: [GC (Allocation Failure) [PSYoungGen: 415285K->187477K(465920K)] 1085169K->912761K(1864192K), 0.0454421 secs] [Times: user=0.21 sys=0.00, real=0.05 secs] 
3967.310: [GC (Allocation Failure) [PSYoungGen: 420437K->101068K(465920K)] 1145721K->897032K(1864192K), 0.0579426 secs] [Times: user=0.31 sys=0.00, real=0.06 secs] 
3968.064: [GC (Allocation Failure) [PSYoungGen: 334028K->175477K(465920K)] 1129992K->1004142K(1864192K), 0.0685107 secs] [Times: user=0.33 sys=0.00, real=0.07 secs] 
3968.273: [GC (Allocation Failure) [PSYoungGen: 408437K->182837K(465920K)] 1237102K->1066358K(1864192K), 0.0426139 secs] [Times: user=0.19 sys=0.00, real=0.04 secs] 
3968.487: [GC (Allocation Failure) [PSYoungGen: 415797K->183830K(465920K)] 1299318K->1131407K(1864192K), 0.0741854 secs] [Times: user=0.37 sys=0.00, real=0.08 secs] 
3969.323: [GC (Allocation Failure) [PSYoungGen: 411936K->207379K(465920K)] 1359513K->1213372K(1864192K), 0.0570555 secs] [Times: user=0.29 sys=0.00, real=0.06 secs] 
3970.658: [GC (GCLocker Initiated GC) [PSYoungGen: 440339K->101692K(465920K)] 1446332K->1172729K(1864192K), 0.0863153 secs] [Times: user=0.47 sys=0.00, real=0.09 secs] 
3970.999: [GC (Allocation Failure) [PSYoungGen: 334652K->176886K(465920K)] 1414049K->1288811K(1864192K), 0.1189604 secs] [Times: user=0.65 sys=0.00, real=0.12 secs] 
3971.298: [GC (Allocation Failure) [PSYoungGen: 409846K->183382K(465920K)] 1521771K->1351484K(1864192K), 0.1565559 secs] [Times: user=0.88 sys=0.00, real=0.16 secs] 
3971.564: [GC (Allocation Failure) [PSYoungGen: 416342K->184308K(465920K)] 1584444K->1410542K(1864192K), 0.0579743 secs] [Times: user=0.28 sys=0.01, real=0.06 secs] 
3972.657: [GC (GCLocker Initiated GC) [PSYoungGen: 417268K->95563K(465920K)] 1643504K->1391327K(1864192K), 0.0473598 secs] [Times: user=0.25 sys=0.00, real=0.05 secs] 
3973.056: [GC (Allocation Failure) [PSYoungGen: 328523K->175573K(465920K)] 1624418K->1502621K(1864192K), 0.0646343 secs] [Times: user=0.30 sys=0.00, real=0.07 secs] 
3973.121: [Full GC (Ergonomics) [PSYoungGen: 175573K->0K(465920K)] [ParOldGen: 1327047K->200925K(1398272K)] 1502621K->200925K(1864192K), [Metaspace: 60339K->60339K(1105920K)], 0.2231649 secs] [Times: user=1.05 sys=0.00, real=0.22 secs] 
3973.460: [GC (Allocation Failure) [PSYoungGen: 232960K->181781K(465920K)] 433885K->382706K(1864192K), 0.0331205 secs] [Times: user=0.13 sys=0.00, real=0.03 secs] 
3973.613: [GC (Allocation Failure) [PSYoungGen: 414741K->184567K(465920K)] 615666K->448860K(1864192K), 0.0439666 secs] [Times: user=0.20 sys=0.00, real=0.04 secs] 
3974.545: [GC (Allocation Failure) [PSYoungGen: 417527K->169139K(465920K)] 681820K->492128K(1864192K), 0.0535158 secs] [Times: user=0.27 sys=0.00, real=0.05 secs] 
3975.739: [GC (Allocation Failure) [PSYoungGen: 402099K->110477K(465920K)] 725088K->498186K(1864192K), 0.1001111 secs] [Times: user=0.53 sys=0.01, real=0.10 secs] 
3976.142: [GC (Allocation Failure) [PSYoungGen: 336508K->172757K(465920K)] 724218K->595647K(1864192K), 0.0348673 secs] [Times: user=0.14 sys=0.00, real=0.03 secs] 
3976.349: [GC (Allocation Failure) [PSYoungGen: 405717K->185494K(465920K)] 828607K->662556K(1864192K), 0.0660109 secs] [Times: user=0.31 sys=0.00, real=0.07 secs] 
3976.607: [GC (Allocation Failure) [PSYoungGen: 418454K->187573K(465920K)] 895516K->720715K(1864192K), 0.0607945 secs] [Times: user=0.30 sys=0.00, real=0.06 secs] 
3977.714: [GC (Allocation Failure) [PSYoungGen: 420533K->102204K(465920K)] 953675K->706218K(1864192K), 0.0513079 secs] [Times: user=0.27 sys=0.00, real=0.05 secs] 
3978.449: [GC (Allocation Failure) [PSYoungGen: 335164K->172564K(465920K)] 939178K->809380K(1864192K), 0.0544380 secs] [Times: user=0.25 sys=0.00, real=0.06 secs] 
3978.634: [GC (Allocation Failure) [PSYoungGen: 405524K->184726K(465920K)] 1042340K->875353K(1864192K), 0.0441196 secs] [Times: user=0.20 sys=0.00, real=0.04 secs] 
3978.793: [GC (Allocation Failure) [PSYoungGen: 413611K->181462K(465920K)] 1104238K->936250K(1864192K), 0.0505746 secs] [Times: user=0.24 sys=0.00, real=0.05 secs] 
3979.692: [GC (Allocation Failure) [PSYoungGen: 414422K->168435K(464896K)] 1169210K->980934K(1863168K), 0.0545005 secs] [Times: user=0.27 sys=0.00, real=0.05 secs] 
3980.095: [GC (GCLocker Initiated GC) [PSYoungGen: 401395K->109965K(465408K)] 1213894K->986888K(1863680K), 0.0444558 secs] [Times: user=0.22 sys=0.01, real=0.04 secs] 
3980.351: [GC (Allocation Failure) [PSYoungGen: 342925K->176053K(465920K)] 1228043K->1096239K(1864192K), 0.1432062 secs] [Times: user=0.79 sys=0.00, real=0.14 secs] 
3980.624: [GC (Allocation Failure) [PSYoungGen: 409013K->184343K(465920K)] 1329199K->1160689K(1864192K), 0.1525942 secs] [Times: user=0.85 sys=0.00, real=0.15 secs] 
3980.896: [GC (Allocation Failure) [PSYoungGen: 417303K->184404K(465920K)] 1393649K->1219399K(1864192K), 0.1413868 secs] [Times: user=0.78 sys=0.01, real=0.14 secs] 
3982.236: [GC (Allocation Failure) [PSYoungGen: 417364K->97403K(465920K)] 1452359K->1202109K(1864192K), 0.1035915 secs] [Times: user=0.58 sys=0.00, real=0.10 secs] 
3983.447: [GC (Allocation Failure) [PSYoungGen: 330363K->172276K(465920K)] 1435069K->1307803K(1864192K), 0.0547792 secs] [Times: user=0.25 sys=0.00, real=0.06 secs] 
3983.700: [GC (Allocation Failure) [PSYoungGen: 405236K->185558K(465920K)] 1540763K->1375421K(1864192K), 0.0623832 secs] [Times: user=0.30 sys=0.00, real=0.07 secs] 
3983.941: [GC (Allocation Failure) [PSYoungGen: 409111K->175958K(465920K)] 1598974K->1430157K(1864192K), 0.0715217 secs] [Times: user=0.36 sys=0.00, real=0.07 secs] 
3984.949: [GC (Allocation Failure) [PSYoungGen: 408918K->168755K(401920K)] 1663117K->1478890K(1800192K), 0.0574120 secs] [Times: user=0.29 sys=0.00, real=0.06 secs] 
3985.914: [GC (Allocation Failure) [PSYoungGen: 401715K->109581K(460800K)] 1711850K->1484196K(1859072K), 0.1004967 secs] [Times: user=0.54 sys=0.00, real=0.10 secs] 
3986.015: [Full GC (Ergonomics) [PSYoungGen: 109581K->0K(460800K)] [ParOldGen: 1374615K->126695K(1398272K)] 1484196K->126695K(1859072K), [Metaspace: 60341K->60341K(1105920K)], 0.1888339 secs] [Times: user=0.85 sys=0.00, real=0.19 secs] 
3986.373: [GC (Allocation Failure) [PSYoungGen: 230400K->178485K(463360K)] 357095K->305181K(1861632K), 0.0262690 secs] [Times: user=0.09 sys=0.00, real=0.02 secs] 
3986.569: [GC (Allocation Failure) [PSYoungGen: 408885K->180054K(464896K)] 535581K->368990K(1863168K), 0.0494788 secs] [Times: user=0.23 sys=0.00, real=0.05 secs] 
3986.735: [GC (Allocation Failure) [PSYoungGen: 413014K->187477K(465408K)] 601950K->433993K(1863680K), 0.0564456 secs] [Times: user=0.28 sys=0.00, real=0.06 secs] 
3987.748: [GC (Allocation Failure) [PSYoungGen: 420437K->101084K(465920K)] 666953K->418192K(1864192K), 0.0459950 secs] [Times: user=0.24 sys=0.00, real=0.05 secs] 
3988.125: [GC (GCLocker Initiated GC) [PSYoungGen: 334044K->173365K(465920K)] 651152K->523074K(1864192K), 0.0577826 secs] [Times: user=0.27 sys=0.00, real=0.06 secs] 
3988.385: [GC (Allocation Failure) [PSYoungGen: 406325K->181493K(465920K)] 756038K->585430K(1864192K), 0.0569000 secs] [Times: user=0.26 sys=0.00, real=0.06 secs] 
3988.563: [GC (Allocation Failure) [PSYoungGen: 414453K->181910K(465920K)] 818390K->648879K(1864192K), 0.0487172 secs] [Times: user=0.23 sys=0.00, real=0.05 secs] 
3989.753: [GC (Allocation Failure) [PSYoungGen: 414870K->167570K(459776K)] 881839K->692004K(1858048K), 0.0568087 secs] [Times: user=0.29 sys=0.00, real=0.06 secs] 
3990.277: [GC (Allocation Failure) [PSYoungGen: 400530K->116797K(462848K)] 924964K->705455K(1861120K), 0.1006017 secs] [Times: user=0.53 sys=0.01, real=0.10 secs] 
3990.587: [GC (Allocation Failure) [PSYoungGen: 349757K->179413K(466944K)] 938415K->805695K(1865216K), 0.0371752 secs] [Times: user=0.15 sys=0.00, real=0.04 secs] 
3990.745: [GC (Allocation Failure) [PSYoungGen: 414421K->186903K(422400K)] 1040703K->875921K(1820672K), 0.0506414 secs] [Times: user=0.23 sys=0.00, real=0.05 secs] 
3990.908: [GC (Allocation Failure) [PSYoungGen: 421911K->186485K(465920K)] 1110929K->935007K(1864192K), 0.0600309 secs] [Times: user=0.30 sys=0.00, real=0.06 secs] 
3993.712: [GC (Allocation Failure) [PSYoungGen: 419445K->96571K(465920K)] 1167967K->915482K(1864192K), 0.1026845 secs] [Times: user=0.57 sys=0.00, real=0.10 secs] 
3994.643: [GC (Allocation Failure) [PSYoungGen: 329531K->169524K(465920K)] 1148442K->1019867K(1864192K), 0.0490041 secs] [Times: user=0.21 sys=0.01, real=0.05 secs] 
3994.906: [GC (Allocation Failure) [PSYoungGen: 402484K->184566K(465920K)] 1252827K->1087465K(1864192K), 0.0578607 secs] [Times: user=0.28 sys=0.00, real=0.06 secs] 
3995.078: [GC (Allocation Failure) [PSYoungGen: 404968K->172949K(465920K)] 1307867K->1139984K(1864192K), 0.0489816 secs] [Times: user=0.24 sys=0.00, real=0.05 secs] 
3995.891: [GC (Allocation Failure) [PSYoungGen: 405909K->190600K(465920K)] 1372944K->1212715K(1864192K), 0.0490836 secs] [Times: user=0.24 sys=0.01, real=0.05 secs] 
3996.668: [GC (Allocation Failure) [PSYoungGen: 423560K->106060K(465920K)] 1445675K->1192760K(1864192K), 0.0834687 secs] [Times: user=0.45 sys=0.00, real=0.09 secs] 
3996.963: [GC (Allocation Failure) [PSYoungGen: 339020K->180725K(465920K)] 1425720K->1301585K(1864192K), 0.0374664 secs] [Times: user=0.16 sys=0.00, real=0.04 secs] 
3997.120: [GC (Allocation Failure) [PSYoungGen: 413685K->184887K(465920K)] 1534545K->1368631K(1864192K), 0.0514652 secs] [Times: user=0.24 sys=0.00, real=0.06 secs] 
3997.308: [GC (Allocation Failure) [PSYoungGen: 417847K->186613K(465920K)] 1601591K->1428997K(1864192K), 0.0648435 secs] [Times: user=0.33 sys=0.00, real=0.07 secs] 
3998.563: [GC (Allocation Failure) [PSYoungGen: 419573K->95499K(465920K)] 1661957K->1408348K(1864192K), 0.0570150 secs] [Times: user=0.31 sys=0.00, real=0.05 secs] 
3998.620: [Full GC (Ergonomics) [PSYoungGen: 95499K->0K(465920K)] [ParOldGen: 1312848K->90507K(1398272K)] 1408348K->90507K(1864192K), [Metaspace: 60341K->60341K(1105920K)], 0.0450088 secs] [Times: user=0.14 sys=0.00, real=0.05 secs] 
3999.842: [GC (Allocation Failure) [PSYoungGen: 232960K->174965K(465920K)] 323467K->265472K(1864192K), 0.0358416 secs] [Times: user=0.13 sys=0.00, real=0.03 secs] 
4000.097: [GC (Allocation Failure) [PSYoungGen: 407925K->182389K(465920K)] 498432K->327445K(1864192K), 0.0575351 secs] [Times: user=0.27 sys=0.00, real=0.06 secs] 
4000.278: [GC (Allocation Failure) [PSYoungGen: 409896K->181302K(465920K)] 554952K->390182K(1864192K), 0.0479920 secs] [Times: user=0.22 sys=0.00, real=0.05 secs] 
4001.168: [GC (Allocation Failure) [PSYoungGen: 414262K->168563K(465920K)] 623142K->435234K(1864192K), 0.0535927 secs] [Times: user=0.26 sys=0.00, real=0.06 secs] 
4001.870: [GC (Allocation Failure) [PSYoungGen: 401523K->112109K(465920K)] 668194K->443301K(1864192K), 0.1102036 secs] [Times: user=0.60 sys=0.00, real=0.11 secs] 
4002.178: [GC (Allocation Failure) [PSYoungGen: 345069K->176437K(465920K)] 676261K->543729K(1864192K), 0.0361822 secs] [Times: user=0.15 sys=0.00, real=0.04 secs] 
4002.365: [GC (Allocation Failure) [PSYoungGen: 409397K->185559K(465920K)] 776689K->614420K(1864192K), 0.0546369 secs] [Times: user=0.26 sys=0.00, real=0.05 secs] 
4002.553: [GC (Allocation Failure) [PSYoungGen: 418519K->184372K(465920K)] 847380K->672109K(1864192K), 0.0557164 secs] [Times: user=0.28 sys=0.00, real=0.05 secs] 
4003.578: [GC (Allocation Failure) [PSYoungGen: 417332K->101116K(465920K)] 905069K->658249K(1864192K), 0.0459920 secs] [Times: user=0.24 sys=0.00, real=0.05 secs] 
4003.922: [GC (GCLocker Initiated GC) [PSYoungGen: 334076K->176501K(465920K)] 891209K->766311K(1864192K), 0.0668625 secs] [Times: user=0.31 sys=0.00, real=0.06 secs] 
4004.176: [GC (Allocation Failure) [PSYoungGen: 409461K->182357K(465920K)] 999566K->827990K(1864192K), 0.0425606 secs] [Times: user=0.19 sys=0.00, real=0.04 secs] 
4004.338: [GC (Allocation Failure) [PSYoungGen: 403180K->174005K(465920K)] 1048813K->882798K(1864192K), 0.0476681 secs] [Times: user=0.22 sys=0.01, real=0.05 secs] 
4005.258: [GC (Allocation Failure) [PSYoungGen: 406965K->167378K(400384K)] 1115758K->931335K(1798656K), 0.0545376 secs] [Times: user=0.27 sys=0.00, real=0.06 secs] 
4006.024: [GC (Allocation Failure) [PSYoungGen: 400338K->112413K(459776K)] 1164295K->940554K(1858048K), 0.0775832 secs] [Times: user=0.41 sys=0.00, real=0.08 secs] 
4006.266: [GC (Allocation Failure) [PSYoungGen: 342813K->178229K(462336K)] 1170954K->1042275K(1860608K), 0.0396251 secs] [Times: user=0.14 sys=0.00, real=0.04 secs] 
4006.475: [GC (Allocation Failure) [PSYoungGen: 408629K->180630K(466432K)] 1272675K->1107128K(1864704K), 0.0737891 secs] [Times: user=0.36 sys=0.01, real=0.07 secs] 
4006.913: [GC (Allocation Failure) [PSYoungGen: 416150K->189141K(424960K)] 1342648K->1173207K(1823232K), 0.0922833 secs] [Times: user=0.48 sys=0.00, real=0.09 secs] 
4008.297: [GC (Allocation Failure) [PSYoungGen: 424661K->100268K(465920K)] 1408727K->1155586K(1864192K), 0.0882515 secs] [Times: user=0.48 sys=0.00, real=0.09 secs] 
4009.308: [GC (Allocation Failure) [PSYoungGen: 333228K->175285K(465920K)] 1388546K->1262320K(1864192K), 0.0512376 secs] [Times: user=0.23 sys=0.00, real=0.05 secs] 
4009.544: [GC (Allocation Failure) [PSYoungGen: 408245K->185590K(465920K)] 1495280K->1327609K(1864192K), 0.0643109 secs] [Times: user=0.31 sys=0.00, real=0.06 secs] 
4009.736: [GC (Allocation Failure) [PSYoungGen: 418550K->188053K(465920K)] 1560569K->1386368K(1864192K), 0.0468540 secs] [Times: user=0.22 sys=0.00, real=0.05 secs] 
4010.673: [GC (Allocation Failure) [PSYoungGen: 421013K->151602K(465920K)] 1619328K->1420845K(1864192K), 0.0521044 secs] [Times: user=0.25 sys=0.00, real=0.05 secs] 
4011.102: [GC (Allocation Failure) [PSYoungGen: 384562K->120222K(465920K)] 1653805K->1437489K(1864192K), 0.1269622 secs] [Times: user=0.70 sys=0.00, real=0.12 secs] 
4011.229: [Full GC (Ergonomics) [PSYoungGen: 120222K->0K(465920K)] [ParOldGen: 1317267K->137436K(1398272K)] 1437489K->137436K(1864192K), [Metaspace: 60342K->60342K(1105920K)], 0.1396588 secs] [Times: user=0.63 sys=0.00, real=0.14 secs] 
4011.496: [GC (Allocation Failure) [PSYoungGen: 232960K->179605K(465920K)] 370396K->317042K(1864192K), 0.0264799 secs] [Times: user=0.10 sys=0.00, real=0.03 secs] 
4011.642: [GC (Allocation Failure) [PSYoungGen: 412565K->185975K(465920K)] 550002K->386136K(1864192K), 0.0474480 secs] [Times: user=0.22 sys=0.00, real=0.04 secs] 
4011.820: [GC (Allocation Failure) [PSYoungGen: 418935K->187477K(465920K)] 619096K->446654K(1864192K), 0.0578533 secs] [Times: user=0.28 sys=0.00, real=0.05 secs] 
4012.954: [GC (Allocation Failure) [PSYoungGen: 420437K->93835K(465920K)] 679614K->423748K(1864192K), 0.0643018 secs] [Times: user=0.34 sys=0.00, real=0.06 secs] 
4013.736: [GC (Allocation Failure) [PSYoungGen: 326764K->175125K(465920K)] 656677K->534890K(1864192K), 0.0467529 secs] [Times: user=0.20 sys=0.00, real=0.05 secs] 
4013.929: [GC (Allocation Failure) [PSYoungGen: 408085K->185014K(465920K)] 767850K->599532K(1864192K), 0.0429622 secs] [Times: user=0.19 sys=0.00, real=0.05 secs] 
4014.109: [GC (Allocation Failure) [PSYoungGen: 417974K->188341K(465920K)] 832492K->658899K(1864192K), 0.0499114 secs] [Times: user=0.24 sys=0.00, real=0.05 secs] 
4015.070: [GC (Allocation Failure) [PSYoungGen: 421301K->146738K(465920K)] 891859K->688136K(1864192K), 0.0504336 secs] [Times: user=0.25 sys=0.00, real=0.05 secs] 
4016.826: [GC (Allocation Failure) [PSYoungGen: 379698K->124350K(465920K)] 921096K->712212K(1864192K), 0.1747291 secs] [Times: user=0.97 sys=0.01, real=0.18 secs] 
4017.174: [GC (Allocation Failure) [PSYoungGen: 357310K->180309K(465920K)] 945172K->807896K(1864192K), 0.0378058 secs] [Times: user=0.16 sys=0.00, real=0.04 secs] 
4017.328: [GC (Allocation Failure) [PSYoungGen: 413269K->186103K(465920K)] 1040856K->876466K(1864192K), 0.0499114 secs] [Times: user=0.23 sys=0.00, real=0.05 secs] 
4017.489: [GC (Allocation Failure) [PSYoungGen: 419063K->187509K(465920K)] 1109426K->936776K(1864192K), 0.0581032 secs] [Times: user=0.29 sys=0.00, real=0.06 secs] 
4018.509: [GC (Allocation Failure) [PSYoungGen: 420469K->91515K(465920K)] 1169736K->911622K(1864192K), 0.0490994 secs] [Times: user=0.26 sys=0.00, real=0.05 secs] 
4018.913: [GC (Allocation Failure) [PSYoungGen: 324475K->179029K(465920K)] 1144582K->1028277K(1864192K), 0.0470807 secs] [Times: user=0.20 sys=0.00, real=0.05 secs] 
4019.104: [GC (Allocation Failure) [PSYoungGen: 411989K->185590K(465920K)] 1261237K->1090814K(1864192K), 0.0432595 secs] [Times: user=0.20 sys=0.00, real=0.04 secs] 
4019.283: [GC (Allocation Failure) [PSYoungGen: 418550K->187669K(465920K)] 1323774K->1149253K(1864192K), 0.0495119 secs] [Times: user=0.24 sys=0.00, real=0.05 secs] 
4020.225: [GC (Allocation Failure) [PSYoungGen: 420629K->139729K(465920K)] 1382213K->1172001K(1864192K), 0.0495091 secs] [Times: user=0.25 sys=0.00, real=0.05 secs] 
4021.121: [GC (Allocation Failure) [PSYoungGen: 372689K->134608K(465920K)] 1404961K->1210960K(1864192K), 0.1139369 secs] [Times: user=0.62 sys=0.00, real=0.11 secs] 
4021.427: [GC (Allocation Failure) [PSYoungGen: 367568K->179253K(465920K)] 1443920K->1298794K(1864192K), 0.0430802 secs] [Times: user=0.19 sys=0.00, real=0.05 secs] 
4021.876: [GC (Allocation Failure) [PSYoungGen: 412213K->182902K(465920K)] 1531754K->1364971K(1864192K), 0.0513748 secs] [Times: user=0.24 sys=0.00, real=0.05 secs] 
4022.489: [GC (Allocation Failure) [PSYoungGen: 415862K->183988K(465920K)] 1597931K->1424025K(1864192K), 0.1451149 secs] [Times: user=0.78 sys=0.01, real=0.15 secs] 
4024.487: [GC (Allocation Failure) [PSYoungGen: 416948K->93163K(465920K)] 1656985K->1402616K(1864192K), 0.1302149 secs] [Times: user=0.72 sys=0.00, real=0.13 secs] 
4025.116: [GC (Allocation Failure) [PSYoungGen: 326123K->179701K(465920K)] 1635576K->1519335K(1864192K), 0.0420381 secs] [Times: user=0.17 sys=0.00, real=0.04 secs] 
4025.158: [Full GC (Ergonomics) [PSYoungGen: 179701K->0K(465920K)] [ParOldGen: 1339634K->211917K(1398272K)] 1519335K->211917K(1864192K), [Metaspace: 60342K->60342K(1105920K)], 0.2180354 secs] [Times: user=0.99 sys=0.00, real=0.22 secs] 
4025.515: [GC (Allocation Failure) [PSYoungGen: 232960K->190773K(465920K)] 444877K->402691K(1864192K), 0.0272297 secs] [Times: user=0.10 sys=0.00, real=0.03 secs] 
4025.702: [GC (Allocation Failure) [PSYoungGen: 423733K->187797K(465920K)] 635651K->455474K(1864192K), 0.0604159 secs] [Times: user=0.29 sys=0.00, real=0.06 secs] 
4026.742: [GC (Allocation Failure) [PSYoungGen: 420757K->137169K(465920K)] 688434K->475554K(1864192K), 0.0526169 secs] [Times: user=0.21 sys=0.00, real=0.05 secs] 
4027.063: [GC (Allocation Failure) [PSYoungGen: 370129K->138496K(465920K)] 708514K->520450K(1864192K), 0.0873980 secs] [Times: user=0.47 sys=0.01, real=0.09 secs] 
4027.305: [GC (Allocation Failure) [PSYoungGen: 371456K->174708K(465920K)] 753410K->600791K(1864192K), 0.0386117 secs] [Times: user=0.17 sys=0.00, real=0.04 secs] 
4027.520: [GC (Allocation Failure) [PSYoungGen: 407668K->182198K(465920K)] 833751K->669713K(1864192K), 0.0610155 secs] [Times: user=0.30 sys=0.00, real=0.06 secs] 
4027.705: [GC (Allocation Failure) [PSYoungGen: 415158K->187509K(465920K)] 902673K->732979K(1864192K), 0.0572509 secs] [Times: user=0.28 sys=0.00, real=0.06 secs] 
4028.855: [GC (Allocation Failure) [PSYoungGen: 420469K->99067K(465920K)] 965939K->715478K(1864192K), 0.0724739 secs] [Times: user=0.39 sys=0.00, real=0.07 secs] 
4029.454: [GC (Allocation Failure) [PSYoungGen: 332027K->179285K(465920K)] 948438K->827509K(1864192K), 0.0467270 secs] [Times: user=0.20 sys=0.00, real=0.05 secs] 
4029.638: [GC (Allocation Failure) [PSYoungGen: 412245K->182709K(465920K)] 1060469K->887041K(1864192K), 0.0438101 secs] [Times: user=0.20 sys=0.00, real=0.05 secs] 
4029.796: [GC (Allocation Failure) [PSYoungGen: 415669K->187989K(465920K)] 1120001K->947928K(1864192K), 0.0460558 secs] [Times: user=0.21 sys=0.00, real=0.05 secs] 
4030.773: [GC (Allocation Failure) [PSYoungGen: 420949K->131760K(465920K)] 1180888K->962579K(1864192K), 0.0493268 secs] [Times: user=0.25 sys=0.00, real=0.05 secs] 
4032.085: [GC (Allocation Failure) [PSYoungGen: 364720K->142977K(465920K)] 1195539K->1015324K(1864192K), 0.1170743 secs] [Times: user=0.64 sys=0.00, real=0.12 secs] 
4032.349: [GC (Allocation Failure) [PSYoungGen: 375937K->181013K(465920K)] 1248284K->1098553K(1864192K), 0.0405068 secs] [Times: user=0.18 sys=0.00, real=0.04 secs] 
4032.550: [GC (Allocation Failure) [PSYoungGen: 413973K->185079K(465920K)] 1331513K->1165923K(1864192K), 0.0739647 secs] [Times: user=0.37 sys=0.00, real=0.07 secs] 
4032.742: [GC (Allocation Failure) [PSYoungGen: 418039K->187477K(465920K)] 1398883K->1227057K(1864192K), 0.0596935 secs] [Times: user=0.29 sys=0.00, real=0.06 secs] 
4033.994: [GC (Allocation Failure) [PSYoungGen: 420437K->93227K(465920K)] 1460017K->1203391K(1864192K), 0.0594303 secs] [Times: user=0.32 sys=0.00, real=0.06 secs] 
4034.217: [GC (Allocation Failure) [PSYoungGen: 326187K->180117K(465920K)] 1436351K->1320871K(1864192K), 0.0452923 secs] [Times: user=0.20 sys=0.00, real=0.05 secs] 
4034.391: [GC (Allocation Failure) [PSYoungGen: 413077K->182101K(465920K)] 1553831K->1379019K(1864192K), 0.0468119 secs] [Times: user=0.22 sys=0.01, real=0.04 secs] 
4034.576: [GC (Allocation Failure) [PSYoungGen: 415061K->187189K(465920K)] 1611979K->1439466K(1864192K), 0.0550133 secs] [Times: user=0.27 sys=0.00, real=0.06 secs] 
4035.584: [GC (Allocation Failure) [PSYoungGen: 420149K->124559K(465920K)] 1672426K->1447261K(1864192K), 0.0504713 secs] [Times: user=0.25 sys=0.00, real=0.05 secs] 
4035.635: [Full GC (Ergonomics) [PSYoungGen: 124559K->0K(465920K)] [ParOldGen: 1322701K->339369K(1398272K)] 1447261K->339369K(1864192K), [Metaspace: 60342K->60342K(1105920K)], 0.5818358 secs] [Times: user=2.55 sys=0.00, real=0.58 secs] 
4036.604: [GC (Allocation Failure) [PSYoungGen: 232960K->147233K(465920K)] 572329K->486602K(1864192K), 0.0253343 secs] [Times: user=0.09 sys=0.00, real=0.02 secs] 
4036.813: [GC (GCLocker Initiated GC) [PSYoungGen: 380193K->183285K(465920K)] 719564K->569649K(1864192K), 0.0482818 secs] [Times: user=0.22 sys=0.01, real=0.05 secs] 
4036.980: [GC (Allocation Failure) [PSYoungGen: 416245K->185815K(465920K)] 802776K->644769K(1864192K), 0.0530530 secs] [Times: user=0.22 sys=0.00, real=0.06 secs] 
4037.147: [GC (Allocation Failure) [PSYoungGen: 418749K->186965K(465920K)] 877703K->704807K(1864192K), 0.0560733 secs] [Times: user=0.27 sys=0.00, real=0.06 secs] 
4039.325: [GC (GCLocker Initiated GC) [PSYoungGen: 419925K->91611K(465920K)] 937767K->679873K(1864192K), 0.1164315 secs] [Times: user=0.64 sys=0.00, real=0.12 secs] 
4039.830: [GC (Allocation Failure) [PSYoungGen: 324571K->180277K(465920K)] 912836K->798276K(1864192K), 0.0358244 secs] [Times: user=0.15 sys=0.00, real=0.03 secs] 
4039.982: [GC (Allocation Failure) [PSYoungGen: 413237K->182997K(465920K)] 1031236K->857104K(1864192K), 0.0428515 secs] [Times: user=0.20 sys=0.00, real=0.04 secs] 
4040.175: [GC (Allocation Failure) [PSYoungGen: 415957K->187701K(465920K)] 1090064K->917607K(1864192K), 0.0664134 secs] [Times: user=0.33 sys=0.00, real=0.07 secs] 
4041.255: [GC (Allocation Failure) [PSYoungGen: 420661K->118846K(465920K)] 1150567K->919381K(1864192K), 0.0465593 secs] [Times: user=0.23 sys=0.00, real=0.05 secs] 
4041.839: [GC (Allocation Failure) [PSYoungGen: 351806K->152946K(465920K)] 1152341K->991501K(1864192K), 0.0945607 secs] [Times: user=0.50 sys=0.00, real=0.10 secs] 
4042.082: [GC (Allocation Failure) [PSYoungGen: 385906K->181973K(465920K)] 1224461K->1068817K(1864192K), 0.0413095 secs] [Times: user=0.18 sys=0.00, real=0.04 secs] 
4042.270: [GC (Allocation Failure) [PSYoungGen: 414933K->182454K(465920K)] 1301777K->1132474K(1864192K), 0.0732381 secs] [Times: user=0.36 sys=0.00, real=0.07 secs] 
4042.481: [GC (Allocation Failure) [PSYoungGen: 415414K->187317K(465920K)] 1365434K->1195292K(1864192K), 0.0572985 secs] [Times: user=0.28 sys=0.00, real=0.05 secs] 
4043.528: [GC (Allocation Failure) [PSYoungGen: 420277K->100347K(465920K)] 1428252K->1179107K(1864192K), 0.0642829 secs] [Times: user=0.34 sys=0.00, real=0.07 secs] 
4044.156: [GC (Allocation Failure) [PSYoungGen: 333307K->175797K(465920K)] 1412067K->1286209K(1864192K), 0.0441346 secs] [Times: user=0.20 sys=0.00, real=0.05 secs] 
4044.325: [GC (Allocation Failure) [PSYoungGen: 408757K->185430K(465920K)] 1519169K->1351078K(1864192K), 0.0445592 secs] [Times: user=0.21 sys=0.00, real=0.05 secs] 
4044.484: [GC (Allocation Failure) [PSYoungGen: 418390K->187733K(465920K)] 1584038K->1409566K(1864192K), 0.0468499 secs] [Times: user=0.22 sys=0.00, real=0.05 secs] 
4045.548: [GC (Allocation Failure) [PSYoungGen: 420693K->112861K(465920K)] 1642526K->1405474K(1864192K), 0.0483530 secs] [Times: user=0.25 sys=0.00, real=0.05 secs] 
4046.386: [GC (Allocation Failure) [PSYoungGen: 345821K->164211K(465920K)] 1638434K->1493725K(1864192K), 0.0762645 secs] [Times: user=0.38 sys=0.00, real=0.08 secs] 
4046.463: [Full GC (Ergonomics) [PSYoungGen: 164211K->0K(465920K)] [ParOldGen: 1329513K->182792K(1398272K)] 1493725K->182792K(1864192K), [Metaspace: 60342K->60342K(1105920K)], 0.1864478 secs] [Times: user=0.86 sys=0.00, real=0.18 secs] 
4046.765: [GC (Allocation Failure) [PSYoungGen: 232960K->179829K(465920K)] 415752K->362621K(1864192K), 0.0333374 secs] [Times: user=0.14 sys=0.00, real=0.03 secs] 
4046.919: [GC (Allocation Failure) [PSYoungGen: 412789K->185975K(465920K)] 595581K->432291K(1864192K), 0.0440501 secs] [Times: user=0.20 sys=0.00, real=0.05 secs] 
4047.506: [GC (Allocation Failure) [PSYoungGen: 418833K->186645K(465920K)] 665150K->491913K(1864192K), 0.1161485 secs] [Times: user=0.62 sys=0.00, real=0.12 secs] 
4048.889: [GC (Allocation Failure) [PSYoungGen: 419605K->94155K(465920K)] 724873K->469607K(1864192K), 0.0740831 secs] [Times: user=0.39 sys=0.00, real=0.08 secs] 
4049.454: [GC (Allocation Failure) [PSYoungGen: 327115K->183542K(465920K)] 702567K->589343K(1864192K), 0.0441913 secs] [Times: user=0.19 sys=0.01, real=0.04 secs] 
4049.621: [GC (Allocation Failure) [PSYoungGen: 416502K->182517K(465920K)] 822303K->645439K(1864192K), 0.0432508 secs] [Times: user=0.20 sys=0.00, real=0.04 secs] 
4049.811: [GC (Allocation Failure) [PSYoungGen: 415477K->187061K(465920K)] 878399K->705030K(1864192K), 0.0645326 secs] [Times: user=0.32 sys=0.00, real=0.06 secs] 
4050.830: [GC (Allocation Failure) [PSYoungGen: 420021K->103596K(465920K)] 937990K->692150K(1864192K), 0.0455512 secs] [Times: user=0.23 sys=0.00, real=0.04 secs] 
4051.227: [GC (Allocation Failure) [PSYoungGen: 336556K->168308K(465920K)] 925110K->790690K(1864192K), 0.0718191 secs] [Times: user=0.36 sys=0.00, real=0.07 secs] 
4051.444: [GC (Allocation Failure) [PSYoungGen: 401268K->182069K(465920K)] 1023650K->857095K(1864192K), 0.0433404 secs] [Times: user=0.20 sys=0.00, real=0.04 secs] 
4051.607: [GC (Allocation Failure) [PSYoungGen: 415029K->185687K(465920K)] 1090055K->924133K(1864192K), 0.0511463 secs] [Times: user=0.24 sys=0.00, real=0.05 secs] 
4051.797: [GC (Allocation Failure) [PSYoungGen: 418647K->187573K(465920K)] 1157093K->984883K(1864192K), 0.0600203 secs] [Times: user=0.30 sys=0.00, real=0.06 secs] 
4053.909: [GC (Allocation Failure) [PSYoungGen: 420533K->86826K(465920K)] 1217843K->954772K(1864192K), 0.1130491 secs] [Times: user=0.62 sys=0.00, real=0.12 secs] 
4054.610: [GC (Allocation Failure) [PSYoungGen: 319786K->182070K(465920K)] 1187732K->1078296K(1864192K), 0.0457315 secs] [Times: user=0.20 sys=0.00, real=0.05 secs] 
4054.830: [GC (Allocation Failure) [PSYoungGen: 415030K->185398K(465920K)] 1311256K->1138608K(1864192K), 0.0584441 secs] [Times: user=0.28 sys=0.00, real=0.06 secs] 
4055.046: [GC (Allocation Failure) [PSYoungGen: 418358K->187797K(465920K)] 1371568K->1197119K(1864192K), 0.0488606 secs] [Times: user=0.23 sys=0.00, real=0.05 secs] 
4056.123: [GC (Allocation Failure) [PSYoungGen: 420757K->105020K(465920K)] 1430079K->1185082K(1864192K), 0.0620520 secs] [Times: user=0.33 sys=0.00, real=0.06 secs] 
4057.151: [GC (Allocation Failure) [PSYoungGen: 337980K->165299K(465920K)] 1418042K->1279198K(1864192K), 0.0713181 secs] [Times: user=0.35 sys=0.00, real=0.07 secs] 
4057.414: [GC (Allocation Failure) [PSYoungGen: 398259K->185270K(465920K)] 1512158K->1351321K(1864192K), 0.0567470 secs] [Times: user=0.27 sys=0.00, real=0.06 secs] 
4057.647: [GC (Allocation Failure) [PSYoungGen: 418230K->182454K(465920K)] 1584281K->1412857K(1864192K), 0.0718007 secs] [Times: user=0.35 sys=0.00, real=0.07 secs] 
4057.897: [GC (Allocation Failure) [PSYoungGen: 415414K->187413K(465920K)] 1645817K->1475648K(1864192K), 0.0740037 secs] [Times: user=0.38 sys=0.00, real=0.08 secs] 
4059.090: [GC (Allocation Failure) [PSYoungGen: 420373K->92154K(465920K)] 1708608K->1451010K(1864192K), 0.0496373 secs] [Times: user=0.26 sys=0.00, real=0.05 secs] 
4059.140: [Full GC (Ergonomics) [PSYoungGen: 92154K->0K(465920K)] [ParOldGen: 1358855K->109270K(1398272K)] 1451010K->109270K(1864192K), [Metaspace: 60342K->60342K(1105920K)], 0.0989072 secs] [Times: user=0.40 sys=0.00, real=0.09 secs] 
4059.690: [GC (Allocation Failure) [PSYoungGen: 232960K->179925K(465920K)] 342230K->289196K(1864192K), 0.0338493 secs] [Times: user=0.12 sys=0.00, real=0.04 secs] 
4059.858: [GC (Allocation Failure) [PSYoungGen: 412885K->185174K(465920K)] 522156K->350605K(1864192K), 0.0414046 secs] [Times: user=0.18 sys=0.00, real=0.05 secs] 
4060.012: [GC (Allocation Failure) [PSYoungGen: 418134K->187829K(465920K)] 583565K->409564K(1864192K), 0.0448155 secs] [Times: user=0.21 sys=0.00, real=0.04 secs] 
4061.913: [GC (Allocation Failure) [PSYoungGen: 420789K->101532K(465920K)] 642524K->394011K(1864192K), 0.1197704 secs] [Times: user=0.66 sys=0.01, real=0.12 secs] 
4063.997: [GC (Allocation Failure) [PSYoungGen: 334492K->165299K(465920K)] 626971K->490231K(1864192K), 0.0726617 secs] [Times: user=0.36 sys=0.00, real=0.08 secs] 
4064.231: [GC (Allocation Failure) [PSYoungGen: 398259K->185622K(465920K)] 723191K->562566K(1864192K), 0.0409728 secs] [Times: user=0.18 sys=0.00, real=0.04 secs] 
4064.395: [GC (Allocation Failure) [PSYoungGen: 418582K->185847K(465920K)] 795526K->635623K(1864192K), 0.0491469 secs] [Times: user=0.23 sys=0.00, real=0.05 secs] 
4064.678: [GC (Allocation Failure) [PSYoungGen: 417543K->217364K(465920K)] 867319K->726061K(1864192K), 0.0543731 secs] [Times: user=0.26 sys=0.00, real=0.06 secs] 
4065.848: [GC (Allocation Failure) [PSYoungGen: 450324K->90906K(465920K)] 959021K->668919K(1864192K), 0.0816294 secs] [Times: user=0.45 sys=0.00, real=0.09 secs] 
4066.269: [GC (Allocation Failure) [PSYoungGen: 323866K->179797K(465920K)] 901879K->786798K(1864192K), 0.0368574 secs] [Times: user=0.15 sys=0.00, real=0.04 secs] 
4066.422: [GC (Allocation Failure) [PSYoungGen: 412757K->185878K(465920K)] 1019758K->848859K(1864192K), 0.0440781 secs] [Times: user=0.20 sys=0.00, real=0.04 secs] 
4066.604: [GC (Allocation Failure) [PSYoungGen: 418838K->187893K(465920K)] 1081819K->907226K(1864192K), 0.0513827 secs] [Times: user=0.24 sys=0.00, real=0.05 secs] 
4067.631: [GC (Allocation Failure) [PSYoungGen: 420853K->100684K(465920K)] 1140186K->890837K(1864192K), 0.0449436 secs] [Times: user=0.23 sys=0.00, real=0.04 secs] 
4068.063: [GC (Allocation Failure) [PSYoungGen: 333644K->173941K(465920K)] 1123797K->997107K(1864192K), 0.0696769 secs] [Times: user=0.33 sys=0.00, real=0.07 secs] 
4068.337: [GC (Allocation Failure) [PSYoungGen: 406901K->182485K(465920K)] 1230067K->1059831K(1864192K), 0.0563294 secs] [Times: user=0.27 sys=0.00, real=0.06 secs] 
4068.513: [GC (Allocation Failure) [PSYoungGen: 415445K->183286K(465920K)] 1292791K->1124137K(1864192K), 0.0507608 secs] [Times: user=0.24 sys=0.00, real=0.05 secs] 
4069.494: [GC (Allocation Failure) [PSYoungGen: 416246K->199316K(465920K)] 1357097K->1198502K(1864192K), 0.0548675 secs] [Times: user=0.27 sys=0.00, real=0.05 secs] 
4071.575: [GC (Allocation Failure) [PSYoungGen: 432276K->94523K(465920K)] 1431462K->1162013K(1864192K), 0.1101549 secs] [Times: user=0.61 sys=0.00, real=0.11 secs] 
4072.115: [GC (Allocation Failure) [PSYoungGen: 327483K->180854K(465920K)] 1394973K->1278241K(1864192K), 0.0422351 secs] [Times: user=0.19 sys=0.00, real=0.04 secs] 
4072.333: [GC (Allocation Failure) [PSYoungGen: 413814K->185494K(465920K)] 1511201K->1339509K(1864192K), 0.0674716 secs] [Times: user=0.33 sys=0.00, real=0.07 secs] 
4072.535: [GC (Allocation Failure) [PSYoungGen: 418454K->187509K(465920K)] 1572469K->1397668K(1864192K), 0.0468036 secs] [Times: user=0.22 sys=0.00, real=0.05 secs] 
4073.541: [GC (Allocation Failure) [PSYoungGen: 420469K->103196K(465920K)] 1630628K->1384019K(1864192K), 0.0461881 secs] [Times: user=0.24 sys=0.00, real=0.04 secs] 
4074.114: [GC (Allocation Failure) [PSYoungGen: 336156K->166580K(465920K)] 1616979K->1480807K(1864192K), 0.0672450 secs] [Times: user=0.33 sys=0.00, real=0.07 secs] 
4074.182: [Full GC (Ergonomics) [PSYoungGen: 166580K->0K(465920K)] [ParOldGen: 1314227K->190065K(1398272K)] 1480807K->190065K(1864192K), [Metaspace: 60342K->60342K(1105920K)], 0.2038667 secs] [Times: user=0.95 sys=0.00, real=0.20 secs] 
4074.534: [GC (Allocation Failure) [PSYoungGen: 232960K->185654K(465920K)] 423025K->375719K(1864192K), 0.0337567 secs] [Times: user=0.14 sys=0.00, real=0.03 secs] 
4074.707: [GC (Allocation Failure) [PSYoungGen: 418614K->185751K(465920K)] 608679K->440312K(1864192K), 0.0488771 secs] [Times: user=0.22 sys=0.00, real=0.05 secs] 
4075.504: [GC (Allocation Failure) [PSYoungGen: 418088K->212724K(465920K)] 672650K->526289K(1864192K), 0.0565450 secs] [Times: user=0.29 sys=0.00, real=0.06 secs] 
4076.446: [GC (Allocation Failure) [PSYoungGen: 445684K->99435K(465920K)] 759249K->479993K(1864192K), 0.0947456 secs] [Times: user=0.51 sys=0.00, real=0.10 secs] 
4077.043: [GC (Allocation Failure) [PSYoungGen: 332395K->180405K(465920K)] 712953K->592308K(1864192K), 0.0393833 secs] [Times: user=0.17 sys=0.00, real=0.04 secs] 
4077.243: [GC (Allocation Failure) [PSYoungGen: 413365K->185206K(465920K)] 825268K->653772K(1864192K), 0.0676807 secs] [Times: user=0.32 sys=0.00, real=0.07 secs] 
4077.450: [GC (Allocation Failure) [PSYoungGen: 418166K->187701K(465920K)] 886732K->712460K(1864192K), 0.0458029 secs] [Times: user=0.22 sys=0.00, real=0.05 secs] 
4078.993: [GC (Allocation Failure) [PSYoungGen: 420661K->100908K(465920K)] 945420K->696298K(1864192K), 0.1204522 secs] [Times: user=0.66 sys=0.00, real=0.12 secs] 
4080.621: [GC (Allocation Failure) [PSYoungGen: 333868K->166420K(465920K)] 929258K->794159K(1864192K), 0.0627467 secs] [Times: user=0.30 sys=0.00, real=0.06 secs] 
4080.839: [GC (Allocation Failure) [PSYoungGen: 399380K->184053K(465920K)] 1027119K->863897K(1864192K), 0.0425761 secs] [Times: user=0.19 sys=0.00, real=0.05 secs] 
4081.001: [GC (Allocation Failure) [PSYoungGen: 417013K->185783K(465920K)] 1096857K->929698K(1864192K), 0.0504912 secs] [Times: user=0.23 sys=0.00, real=0.05 secs] 
4081.440: [GC (Allocation Failure) [PSYoungGen: 415050K->211124K(465920K)] 1158966K->1013911K(1864192K), 0.0539961 secs] [Times: user=0.27 sys=0.00, real=0.05 secs] 
4082.303: [GC (Allocation Failure) [PSYoungGen: 444084K->98171K(465920K)] 1246871K->967815K(1864192K), 0.0550169 secs] [Times: user=0.29 sys=0.00, real=0.05 secs] 
4082.547: [GC (Allocation Failure) [PSYoungGen: 331131K->183894K(465920K)] 1200775K->1085131K(1864192K), 0.0461637 secs] [Times: user=0.20 sys=0.00, real=0.05 secs] 
4082.727: [GC (Allocation Failure) [PSYoungGen: 416854K->185654K(465920K)] 1318091K->1143934K(1864192K), 0.0436726 secs] [Times: user=0.19 sys=0.00, real=0.05 secs] 
4082.886: [GC (Allocation Failure) [PSYoungGen: 418509K->187253K(465920K)] 1376789K->1201950K(1864192K), 0.0454769 secs] [Times: user=0.21 sys=0.00, real=0.05 secs] 
4083.996: [GC (Allocation Failure) [PSYoungGen: 420213K->94939K(465920K)] 1434910K->1180188K(1864192K), 0.0610532 secs] [Times: user=0.32 sys=0.00, real=0.06 secs] 
4084.745: [GC (GCLocker Initiated GC) [PSYoungGen: 327899K->173429K(465920K)] 1413148K->1290183K(1864192K), 0.0614201 secs] [Times: user=0.29 sys=0.00, real=0.06 secs] 
4084.941: [GC (Allocation Failure) [PSYoungGen: 406389K->185398K(465920K)] 1523145K->1356034K(1864192K), 0.0438856 secs] [Times: user=0.20 sys=0.00, real=0.04 secs] 
4085.209: [GC (Allocation Failure) [PSYoungGen: 418358K->184823K(465920K)] 1588994K->1419915K(1864192K), 0.0689256 secs] [Times: user=0.34 sys=0.00, real=0.07 secs] 
4086.408: [GC (Allocation Failure) [PSYoungGen: 413215K->208307K(465920K)] 1648307K->1502000K(1864192K), 0.0557491 secs] [Times: user=0.28 sys=0.00, real=0.06 secs] 
4088.104: [GC (Allocation Failure) [PSYoungGen: 441267K->98555K(465920K)] 1734960K->1457568K(1864192K), 0.1061562 secs] [Times: user=0.59 sys=0.00, real=0.11 secs] 
4088.210: [Full GC (Ergonomics) [PSYoungGen: 98555K->0K(465920K)] [ParOldGen: 1359012K->115722K(1398272K)] 1457568K->115722K(1864192K), [Metaspace: 60350K->60350K(1105920K)], 0.1719399 secs] [Times: user=0.70 sys=0.00, real=0.17 secs] 
4088.761: [GC (Allocation Failure) [PSYoungGen: 232960K->181110K(465920K)] 348682K->296832K(1864192K), 0.0250157 secs] [Times: user=0.09 sys=0.00, real=0.02 secs] 
4088.904: [GC (Allocation Failure) [PSYoungGen: 414070K->185590K(465920K)] 529792K->357624K(1864192K), 0.0412238 secs] [Times: user=0.19 sys=0.00, real=0.04 secs] 
4089.060: [GC (Allocation Failure) [PSYoungGen: 418550K->187509K(465920K)] 590584K->416015K(1864192K), 0.0448404 secs] [Times: user=0.21 sys=0.00, real=0.04 secs] 
4090.134: [GC (Allocation Failure) [PSYoungGen: 420469K->100204K(465920K)] 648975K->399254K(1864192K), 0.0437217 secs] [Times: user=0.23 sys=0.00, real=0.04 secs] 
4090.611: [GC (Allocation Failure) [PSYoungGen: 333164K->171220K(465920K)] 632214K->503644K(1864192K), 0.0665341 secs] [Times: user=0.31 sys=0.01, real=0.06 secs] 
4090.900: [GC (Allocation Failure) [PSYoungGen: 404180K->184534K(465920K)] 736604K->569849K(1864192K), 0.0573213 secs] [Times: user=0.27 sys=0.01, real=0.05 secs] 
4091.083: [GC (Allocation Failure) [PSYoungGen: 417494K->186039K(465920K)] 802809K->635610K(1864192K), 0.0500523 secs] [Times: user=0.23 sys=0.00, real=0.05 secs] 
4092.019: [GC (Allocation Failure) [PSYoungGen: 418999K->170323K(465920K)] 868570K->679006K(1864192K), 0.0539502 secs] [Times: user=0.27 sys=0.00, real=0.06 secs] 
4092.675: [GC (GCLocker Initiated GC) [PSYoungGen: 403283K->106044K(465920K)] 911967K->679848K(1864192K), 0.1180842 secs] [Times: user=0.64 sys=0.00, real=0.12 secs] 
4093.110: [GC (Allocation Failure) [PSYoungGen: 339004K->175477K(465920K)] 921167K->791704K(1864192K), 0.1378779 secs] [Times: user=0.77 sys=0.00, real=0.13 secs] 
4093.392: [GC (Allocation Failure) [PSYoungGen: 408437K->185143K(465920K)] 1024664K->857622K(1864192K), 0.1579607 secs] [Times: user=0.89 sys=0.00, real=0.16 secs] 
4093.666: [GC (Allocation Failure) [PSYoungGen: 418103K->187381K(465920K)] 1090582K->918500K(1864192K), 0.0581666 secs] [Times: user=0.29 sys=0.01, real=0.06 secs] 
4094.920: [GC (Allocation Failure) [PSYoungGen: 420341K->99644K(465920K)] 1151460K->901499K(1864192K), 0.0794211 secs] [Times: user=0.43 sys=0.00, real=0.07 secs] 
4095.742: [GC (Allocation Failure) [PSYoungGen: 332604K->180853K(465920K)] 1134459K->1014865K(1864192K), 0.0531290 secs] [Times: user=0.25 sys=0.00, real=0.05 secs] 
4095.926: [GC (Allocation Failure) [PSYoungGen: 413813K->182709K(465920K)] 1247825K->1072069K(1864192K), 0.0426482 secs] [Times: user=0.20 sys=0.00, real=0.04 secs] 
4096.084: [GC (Allocation Failure) [PSYoungGen: 415669K->188117K(465920K)] 1305029K->1133133K(1864192K), 0.0451600 secs] [Times: user=0.21 sys=0.00, real=0.04 secs] 
4097.084: [GC (Allocation Failure) [PSYoungGen: 421077K->152435K(465920K)] 1366093K->1168403K(1864192K), 0.0518098 secs] [Times: user=0.25 sys=0.01, real=0.05 secs] 
4097.684: [GC (Allocation Failure) [PSYoungGen: 385395K->125199K(465920K)] 1401363K->1189495K(1864192K), 0.1789561 secs] [Times: user=1.01 sys=0.00, real=0.18 secs] 
4098.045: [GC (Allocation Failure) [PSYoungGen: 358159K->177141K(465920K)] 1422455K->1281790K(1864192K), 0.0378136 secs] [Times: user=0.16 sys=0.00, real=0.04 secs] 
4098.220: [GC (Allocation Failure) [PSYoungGen: 410101K->182678K(465920K)] 1514750K->1349031K(1864192K), 0.0486712 secs] [Times: user=0.22 sys=0.00, real=0.05 secs] 
4098.426: [GC (Allocation Failure) [PSYoungGen: 415638K->184372K(465920K)] 1581991K->1408718K(1864192K), 0.0833663 secs] [Times: user=0.41 sys=0.00, real=0.08 secs] 
4099.466: [GC (Allocation Failure) [PSYoungGen: 417332K->101532K(465920K)] 1641678K->1395361K(1864192K), 0.0479310 secs] [Times: user=0.25 sys=0.00, real=0.05 secs] 
4099.893: [GC (Allocation Failure) [PSYoungGen: 334492K->179093K(465920K)] 1628321K->1505567K(1864192K), 0.0558228 secs] [Times: user=0.25 sys=0.00, real=0.05 secs] 
4099.949: [Full GC (Ergonomics) [PSYoungGen: 179093K->0K(465920K)] [ParOldGen: 1326473K->209967K(1398272K)] 1505567K->209967K(1864192K), [Metaspace: 60357K->60357K(1105920K)], 0.2525386 secs] [Times: user=1.21 sys=0.01, real=0.26 secs] 
4100.314: [GC (Allocation Failure) [PSYoungGen: 232960K->179957K(465920K)] 442927K->389925K(1864192K), 0.0268179 secs] [Times: user=0.10 sys=0.00, real=0.03 secs] 
4100.453: [GC (Allocation Failure) [PSYoungGen: 412917K->204245K(465920K)] 622885K->469333K(1864192K), 0.0444594 secs] [Times: user=0.21 sys=0.00, real=0.04 secs] 
4101.859: [GC (Allocation Failure) [PSYoungGen: 437205K->144402K(465920K)] 702293K->480362K(1864192K), 0.0495490 secs] [Times: user=0.25 sys=0.00, real=0.05 secs] 
4103.109: [GC (Allocation Failure) [PSYoungGen: 377362K->129775K(465920K)] 713322K->511559K(1864192K), 0.1361964 secs] [Times: user=0.75 sys=0.00, real=0.14 secs] 
4103.406: [GC (Allocation Failure) [PSYoungGen: 362735K->174804K(465920K)] 744519K->598009K(1864192K), 0.0375988 secs] [Times: user=0.17 sys=0.00, real=0.04 secs] 
4103.564: [GC (Allocation Failure) [PSYoungGen: 407717K->185847K(465920K)] 830922K->670668K(1864192K), 0.0487787 secs] [Times: user=0.22 sys=0.00, real=0.05 secs] 
4103.728: [GC (Allocation Failure) [PSYoungGen: 418807K->187605K(465920K)] 903628K->731362K(1864192K), 0.0586710 secs] [Times: user=0.30 sys=0.00, real=0.06 secs] 
4104.943: [GC (Allocation Failure) [PSYoungGen: 420565K->100220K(465920K)] 964322K->714641K(1864192K), 0.0775754 secs] [Times: user=0.42 sys=0.00, real=0.08 secs] 
4105.650: [GC (Allocation Failure) [PSYoungGen: 333180K->175637K(465920K)] 947601K->822259K(1864192K), 0.0463550 secs] [Times: user=0.21 sys=0.00, real=0.04 secs] 
4105.832: [GC (Allocation Failure) [PSYoungGen: 408597K->182709K(465920K)] 1055219K->884083K(1864192K), 0.0440534 secs] [Times: user=0.19 sys=0.00, real=0.04 secs] 
4106.020: [GC (Allocation Failure) [PSYoungGen: 415669K->187605K(465920K)] 1117043K->944603K(1864192K), 0.0651187 secs] [Times: user=0.32 sys=0.00, real=0.07 secs] 
4107.059: [GC (Allocation Failure) [PSYoungGen: 420565K->137585K(465920K)] 1177563K->965391K(1864192K), 0.0494755 secs] [Times: user=0.25 sys=0.00, real=0.05 secs] 
4107.599: [GC (Allocation Failure) [PSYoungGen: 370545K->138384K(465920K)] 1198351K->1009814K(1864192K), 0.1200431 secs] [Times: user=0.65 sys=0.00, real=0.12 secs] 
4107.873: [GC (Allocation Failure) [PSYoungGen: 371344K->176724K(465920K)] 1242774K->1092038K(1864192K), 0.0387466 secs] [Times: user=0.17 sys=0.00, real=0.04 secs] 
4108.080: [GC (Allocation Failure) [PSYoungGen: 409684K->185623K(465920K)] 1324998K->1163092K(1864192K), 0.0761507 secs] [Times: user=0.39 sys=0.00, real=0.07 secs] 
4108.338: [GC (Allocation Failure) [PSYoungGen: 418583K->184596K(465920K)] 1396052K->1221042K(1864192K), 0.0704447 secs] [Times: user=0.36 sys=0.00, real=0.07 secs] 
4109.652: [GC (Allocation Failure) [PSYoungGen: 417556K->96443K(465920K)] 1454002K->1202789K(1864192K), 0.0793178 secs] [Times: user=0.43 sys=0.00, real=0.08 secs] 
4110.752: [GC (Allocation Failure) [PSYoungGen: 329403K->176149K(465920K)] 1435749K->1313727K(1864192K), 0.0443306 secs] [Times: user=0.19 sys=0.00, real=0.04 secs] 
4110.928: [GC (Allocation Failure) [PSYoungGen: 409109K->185046K(465920K)] 1546687K->1377464K(1864192K), 0.0437977 secs] [Times: user=0.20 sys=0.00, real=0.05 secs] 
4111.085: [GC (Allocation Failure) [PSYoungGen: 418006K->188053K(465920K)] 1610424K->1436615K(1864192K), 0.0462539 secs] [Times: user=0.21 sys=0.00, real=0.05 secs] 
4112.076: [GC (Allocation Failure) [PSYoungGen: 421013K->131728K(465920K)] 1669575K->1451218K(1864192K), 0.0492404 secs] [Times: user=0.25 sys=0.00, real=0.05 secs] 
4112.125: [Full GC (Ergonomics) [PSYoungGen: 131728K->0K(465920K)] [ParOldGen: 1319490K->344325K(1398272K)] 1451218K->344325K(1864192K), [Metaspace: 60357K->60357K(1105920K)], 0.5786936 secs] [Times: user=2.52 sys=0.00, real=0.58 secs] 
4113.721: [GC (Allocation Failure) [PSYoungGen: 232960K->140368K(465920K)] 577285K->484694K(1864192K), 0.0428813 secs] [Times: user=0.16 sys=0.01, real=0.04 secs] 
4113.972: [GC (Allocation Failure) [PSYoungGen: 373328K->180149K(465920K)] 717654K->569388K(1864192K), 0.0387260 secs] [Times: user=0.17 sys=0.00, real=0.04 secs] 
4114.127: [GC (Allocation Failure) [PSYoungGen: 413109K->186039K(465920K)] 802348K->637829K(1864192K), 0.0488657 secs] [Times: user=0.23 sys=0.00, real=0.05 secs] 
4114.287: [GC (Allocation Failure) [PSYoungGen: 418999K->184180K(465920K)] 870789K->694843K(1864192K), 0.0562501 secs] [Times: user=0.28 sys=0.00, real=0.06 secs] 
4115.308: [GC (Allocation Failure) [PSYoungGen: 417140K->95499K(465920K)] 927803K->675786K(1864192K), 0.0568452 secs] [Times: user=0.30 sys=0.00, real=0.06 secs] 
4115.682: [GC (Allocation Failure) [PSYoungGen: 328459K->179701K(465920K)] 908746K->791620K(1864192K), 0.0332048 secs] [Times: user=0.13 sys=0.00, real=0.03 secs] 
4115.831: [GC (Allocation Failure) [PSYoungGen: 412661K->185014K(465920K)] 1024580K->852812K(1864192K), 0.0434118 secs] [Times: user=0.20 sys=0.00, real=0.04 secs] 
4116.112: [GC (Allocation Failure) [PSYoungGen: 417974K->187285K(465920K)] 1085772K->911196K(1864192K), 0.0528069 secs] [Times: user=0.26 sys=0.00, real=0.05 secs] 
4117.270: [GC (Allocation Failure) [PSYoungGen: 420245K->122703K(465920K)] 1144156K->917230K(1864192K), 0.0476003 secs] [Times: user=0.24 sys=0.00, real=0.04 secs] 
4118.713: [GC (Allocation Failure) [PSYoungGen: 355663K->145617K(465920K)] 1150190K->978960K(1864192K), 0.1300626 secs] [Times: user=0.70 sys=0.01, real=0.13 secs] 
4119.017: [GC (Allocation Failure) [PSYoungGen: 378577K->182293K(465920K)] 1211920K->1061669K(1864192K), 0.0421993 secs] [Times: user=0.15 sys=0.00, real=0.04 secs] 
4119.223: [GC (Allocation Failure) [PSYoungGen: 415253K->185911K(465920K)] 1294629K->1128791K(1864192K), 0.0722265 secs] [Times: user=0.36 sys=0.00, real=0.07 secs] 
4119.484: [GC (Allocation Failure) [PSYoungGen: 418871K->187541K(465920K)] 1361751K->1189533K(1864192K), 0.0728738 secs] [Times: user=0.37 sys=0.01, real=0.07 secs] 
4121.048: [GC (Allocation Failure) [PSYoungGen: 420501K->93291K(465920K)] 1422493K->1165863K(1864192K), 0.1085820 secs] [Times: user=0.59 sys=0.00, real=0.11 secs] 
4121.625: [GC (Allocation Failure) [PSYoungGen: 326251K->176053K(465920K)] 1398823K->1279018K(1864192K), 0.0443994 secs] [Times: user=0.20 sys=0.00, real=0.04 secs] 
4121.839: [GC (Allocation Failure) [PSYoungGen: 409013K->185846K(465920K)] 1511978K->1343447K(1864192K), 0.0504202 secs] [Times: user=0.23 sys=0.00, real=0.05 secs] 
4122.011: [GC (Allocation Failure) [PSYoungGen: 418806K->187797K(465920K)] 1576407K->1401814K(1864192K), 0.0472127 secs] [Times: user=0.22 sys=0.00, real=0.04 secs] 
4123.003: [GC (Allocation Failure) [PSYoungGen: 420757K->118030K(465920K)] 1634774K->1402791K(1864192K), 0.0484841 secs] [Times: user=0.25 sys=0.00, real=0.05 secs] 
4123.800: [GC (Allocation Failure) [PSYoungGen: 350990K->152050K(465920K)] 1635751K->1474451K(1864192K), 0.0929102 secs] [Times: user=0.49 sys=0.00, real=0.09 secs] 
4123.893: [Full GC (Ergonomics) [PSYoungGen: 152050K->0K(465920K)] [ParOldGen: 1322400K->168811K(1398272K)] 1474451K->168811K(1864192K), [Metaspace: 60357K->60357K(1105920K)], 0.1714354 secs] [Times: user=0.78 sys=0.00, real=0.17 secs] 
4124.181: [GC (Allocation Failure) [PSYoungGen: 232960K->184662K(465920K)] 401771K->353473K(1864192K), 0.0330316 secs] [Times: user=0.14 sys=0.00, real=0.03 secs] 
4124.359: [GC (Allocation Failure) [PSYoungGen: 417622K->185847K(465920K)] 586433K->419094K(1864192K), 0.0440821 secs] [Times: user=0.20 sys=0.00, real=0.05 secs] 
4124.514: [GC (Allocation Failure) [PSYoungGen: 418807K->187829K(465920K)] 652054K->479932K(1864192K), 0.0563396 secs] [Times: user=0.28 sys=0.00, real=0.06 secs] 
4126.474: [GC (Allocation Failure) [PSYoungGen: 420789K->91114K(465920K)] 712892K->454186K(1864192K), 0.1108004 secs] [Times: user=0.60 sys=0.00, real=0.11 secs] 
4127.170: [GC (Allocation Failure) [PSYoungGen: 324074K->179381K(465920K)] 687146K->571438K(1864192K), 0.0429882 secs] [Times: user=0.18 sys=0.00, real=0.04 secs] 
4127.338: [GC (Allocation Failure) [PSYoungGen: 412341K->182869K(465920K)] 804398K->631090K(1864192K), 0.0430764 secs] [Times: user=0.20 sys=0.00, real=0.05 secs] 
4127.525: [GC (Allocation Failure) [PSYoungGen: 415829K->187541K(465920K)] 864050K->691425K(1864192K), 0.0663035 secs] [Times: user=0.33 sys=0.00, real=0.07 secs] 
4128.558: [GC (GCLocker Initiated GC) [PSYoungGen: 420501K->114910K(465920K)] 924385K->689490K(1864192K), 0.0466573 secs] [Times: user=0.24 sys=0.00, real=0.05 secs] 
4129.247: [GC (Allocation Failure) [PSYoungGen: 347870K->158803K(465920K)] 922453K->770075K(1864192K), 0.0830649 secs] [Times: user=0.35 sys=0.00, real=0.09 secs] 
4129.553: [GC (Allocation Failure) [PSYoungGen: 391763K->185142K(465920K)] 1003035K->846298K(1864192K), 0.0550892 secs] [Times: user=0.26 sys=0.00, real=0.05 secs] 
4129.729: [GC (Allocation Failure) [PSYoungGen: 418102K->186327K(465920K)] 1079258K->919819K(1864192K), 0.0501858 secs] [Times: user=0.23 sys=0.00, real=0.05 secs] 
4129.890: [GC (Allocation Failure) [PSYoungGen: 419287K->183828K(465920K)] 1152779K->976417K(1864192K), 0.0578432 secs] [Times: user=0.28 sys=0.00, real=0.06 secs] 
4131.175: [GC (Allocation Failure) [PSYoungGen: 416788K->92523K(465920K)] 1209377K->954539K(1864192K), 0.0856236 secs] [Times: user=0.47 sys=0.00, real=0.09 secs] 
4131.757: [GC (Allocation Failure) [PSYoungGen: 325483K->179413K(465920K)] 1187499K->1070963K(1864192K), 0.0451787 secs] [Times: user=0.19 sys=0.00, real=0.05 secs] 
4131.933: [GC (Allocation Failure) [PSYoungGen: 412373K->185110K(465920K)] 1303923K->1132891K(1864192K), 0.0442072 secs] [Times: user=0.20 sys=0.00, real=0.04 secs] 
4132.126: [GC (Allocation Failure) [PSYoungGen: 418070K->186965K(465920K)] 1365851K->1190826K(1864192K), 0.0558988 secs] [Times: user=0.27 sys=0.01, real=0.06 secs] 
4133.819: [GC (Allocation Failure) [PSYoungGen: 419925K->108365K(465920K)] 1423786K->1182818K(1864192K), 0.0462389 secs] [Times: user=0.23 sys=0.00, real=0.05 secs] 
4135.363: [GC (Allocation Failure) [PSYoungGen: 341325K->160627K(465920K)] 1415778K->1270377K(1864192K), 0.0929308 secs] [Times: user=0.48 sys=0.00, real=0.09 secs] 
4135.655: [GC (Allocation Failure) [PSYoungGen: 393587K->184502K(465920K)] 1503337K->1344064K(1864192K), 0.0499758 secs] [Times: user=0.23 sys=0.00, real=0.05 secs] 
4135.851: [GC (Allocation Failure) [PSYoungGen: 417462K->186263K(465920K)] 1577024K->1410234K(1864192K), 0.0566927 secs] [Times: user=0.27 sys=0.00, real=0.05 secs] 
4136.037: [GC (Allocation Failure) [PSYoungGen: 419223K->184724K(465920K)] 1643194K->1467919K(1864192K), 0.0578444 secs] [Times: user=0.29 sys=0.00, real=0.06 secs] 
4137.243: [GC (Allocation Failure) [PSYoungGen: 417684K->94747K(465920K)] 1700879K->1447661K(1864192K), 0.0686657 secs] [Times: user=0.37 sys=0.00, real=0.07 secs] 
4137.312: [Full GC (Ergonomics) [PSYoungGen: 94747K->0K(465920K)] [ParOldGen: 1352914K->107914K(1398272K)] 1447661K->107914K(1864192K), [Metaspace: 60357K->60357K(1105920K)], 0.1302710 secs] [Times: user=0.54 sys=0.00, real=0.13 secs] 
4137.952: [GC (Allocation Failure) [PSYoungGen: 232960K->179381K(465920K)] 340874K->287296K(1864192K), 0.0340532 secs] [Times: user=0.13 sys=0.00, real=0.03 secs] 
4138.120: [GC (Allocation Failure) [PSYoungGen: 412341K->185430K(465920K)] 520256K->349204K(1864192K), 0.0405639 secs] [Times: user=0.18 sys=0.00, real=0.04 secs] 
4138.303: [GC (Allocation Failure) [PSYoungGen: 418390K->184212K(465920K)] 582164K->404179K(1864192K), 0.0658977 secs] [Times: user=0.32 sys=0.00, real=0.06 secs] 
4139.326: [GC (Allocation Failure) [PSYoungGen: 417172K->106269K(465920K)] 637139K->395907K(1864192K), 0.0447505 secs] [Times: user=0.23 sys=0.00, real=0.05 secs] 
4139.924: [GC (Allocation Failure) [PSYoungGen: 339229K->164595K(465920K)] 628867K->488991K(1864192K), 0.0817487 secs] [Times: user=0.41 sys=0.00, real=0.08 secs] 
4140.212: [GC (Allocation Failure) [PSYoungGen: 397555K->184950K(465920K)] 721951K->560725K(1864192K), 0.0495677 secs] [Times: user=0.23 sys=0.00, real=0.05 secs] 
4140.380: [GC (Allocation Failure) [PSYoungGen: 417910K->185655K(465920K)] 793685K->625846K(1864192K), 0.0492744 secs] [Times: user=0.23 sys=0.00, real=0.05 secs] 
4140.864: [GC (Allocation Failure) [PSYoungGen: 418615K->184148K(465920K)] 858806K->683100K(1864192K), 0.0996994 secs] [Times: user=0.52 sys=0.00, real=0.10 secs] 
4142.612: [GC (Allocation Failure) [PSYoungGen: 417108K->95099K(465920K)] 916060K->663595K(1864192K), 0.0934541 secs] [Times: user=0.50 sys=0.00, real=0.09 secs] 
4143.175: [GC (Allocation Failure) [PSYoungGen: 328059K->180725K(465920K)] 896555K->779558K(1864192K), 0.0439208 secs] [Times: user=0.19 sys=0.00, real=0.04 secs] 
4143.401: [GC (Allocation Failure) [PSYoungGen: 413685K->185238K(465920K)] 1012518K->840550K(1864192K), 0.0611160 secs] [Times: user=0.29 sys=0.01, real=0.06 secs] 
4143.588: [GC (Allocation Failure) [PSYoungGen: 418198K->187541K(465920K)] 1073510K->899086K(1864192K), 0.0450297 secs] [Times: user=0.21 sys=0.00, real=0.05 secs] 
4144.571: [GC (Allocation Failure) [PSYoungGen: 420501K->104636K(465920K)] 1132046K->886897K(1864192K), 0.0453855 secs] [Times: user=0.24 sys=0.00, real=0.04 secs] 
4145.328: [GC (Allocation Failure) [PSYoungGen: 337596K->164883K(465920K)] 1119857K->980693K(1864192K), 0.0744352 secs] [Times: user=0.37 sys=0.00, real=0.08 secs] 
4145.557: [GC (Allocation Failure) [PSYoungGen: 397843K->184214K(465920K)] 1213653K->1051575K(1864192K), 0.0420581 secs] [Times: user=0.18 sys=0.01, real=0.04 secs] 
4145.718: [GC (Allocation Failure) [PSYoungGen: 417174K->186103K(465920K)] 1284535K->1117477K(1864192K), 0.0503189 secs] [Times: user=0.23 sys=0.00, real=0.05 secs] 
4145.930: [GC (Allocation Failure) [PSYoungGen: 419063K->219669K(465920K)] 1350437K->1209979K(1864192K), 0.0555259 secs] [Times: user=0.28 sys=0.00, real=0.06 secs] 
4147.412: [GC (Allocation Failure) [PSYoungGen: 452629K->89914K(465920K)] 1442939K->1150568K(1864192K), 0.0972223 secs] [Times: user=0.53 sys=0.00, real=0.09 secs] 
4148.124: [GC (Allocation Failure) [PSYoungGen: 322874K->182678K(465920K)] 1383528K->1271808K(1864192K), 0.0455692 secs] [Times: user=0.20 sys=0.00, real=0.04 secs] 
4148.336: [GC (Allocation Failure) [PSYoungGen: 415638K->185302K(465920K)] 1504768K->1331324K(1864192K), 0.0571961 secs] [Times: user=0.28 sys=0.00, real=0.06 secs] 
4148.515: [GC (Allocation Failure) [PSYoungGen: 418262K->203797K(465920K)] 1564284K->1405956K(1864192K), 0.0464263 secs] [Times: user=0.22 sys=0.00, real=0.05 secs] 
4149.736: [GC (Allocation Failure) [PSYoungGen: 436757K->105260K(465920K)] 1638916K->1378107K(1864192K), 0.0873017 secs] [Times: user=0.42 sys=0.00, real=0.09 secs] 
4151.466: [GC (Allocation Failure) [PSYoungGen: 338220K->165523K(465920K)] 1611067K->1472603K(1864192K), 0.0798788 secs] [Times: user=0.39 sys=0.01, real=0.08 secs] 
4151.706: [GC (Allocation Failure) [PSYoungGen: 398483K->184886K(465920K)] 1705563K->1543610K(1864192K), 0.0431729 secs] [Times: user=0.19 sys=0.00, real=0.04 secs] 
4151.749: [Full GC (Ergonomics) [PSYoungGen: 184886K->0K(465920K)] [ParOldGen: 1358723K->259000K(1398272K)] 1543610K->259000K(1864192K), [Metaspace: 60357K->60357K(1105920K)], 0.3185881 secs] [Times: user=1.45 sys=0.00, real=0.32 secs] 
4152.184: [GC (Allocation Failure) [PSYoungGen: 232960K->183350K(465920K)] 491960K->442350K(1864192K), 0.0844297 secs] [Times: user=0.44 sys=0.00, real=0.08 secs] 
4152.655: [GC (Allocation Failure) [PSYoungGen: 414241K->216532K(465920K)] 673241K->533596K(1864192K), 0.0535811 secs] [Times: user=0.27 sys=0.00, real=0.05 secs] 
4153.456: [GC (Allocation Failure) [PSYoungGen: 449492K->95627K(465920K)] 766556K->481431K(1864192K), 0.0636305 secs] [Times: user=0.34 sys=0.00, real=0.06 secs] 
4153.990: [GC (Allocation Failure) [PSYoungGen: 328587K->179765K(465920K)] 714391K->596250K(1864192K), 0.0448630 secs] [Times: user=0.19 sys=0.00, real=0.05 secs] 
4154.158: [GC (Allocation Failure) [PSYoungGen: 412725K->185846K(465920K)] 829210K->658355K(1864192K), 0.0434576 secs] [Times: user=0.19 sys=0.00, real=0.05 secs] 
4154.314: [GC (Allocation Failure) [PSYoungGen: 418806K->204181K(465920K)] 891315K->732990K(1864192K), 0.0454804 secs] [Times: user=0.21 sys=0.00, real=0.05 secs] 
4155.300: [GC (Allocation Failure) [PSYoungGen: 437141K->100876K(465920K)] 965950K->700621K(1864192K), 0.0481993 secs] [Times: user=0.25 sys=0.00, real=0.04 secs] 
4155.687: [GC (Allocation Failure) [PSYoungGen: 333836K->170676K(465920K)] 933581K->803690K(1864192K), 0.0411029 secs] [Times: user=0.19 sys=0.00, real=0.04 secs] 
4155.846: [GC (Allocation Failure) [PSYoungGen: 403636K->185142K(465920K)] 1036650K->871635K(1864192K), 0.0432057 secs] [Times: user=0.19 sys=0.00, real=0.04 secs] 
4156.072: [GC (Allocation Failure) [PSYoungGen: 418102K->184215K(465920K)] 1104595K->934900K(1864192K), 0.0708165 secs] [Times: user=0.35 sys=0.00, real=0.07 secs] 
4157.039: [GC (Allocation Failure) [PSYoungGen: 417175K->217492K(465920K)] 1167860K->1026633K(1864192K), 0.0564386 secs] [Times: user=0.28 sys=0.00, real=0.06 secs] 
4159.170: [GC (Allocation Failure) [PSYoungGen: 450452K->95691K(465920K)] 1259593K->971736K(1864192K), 0.1120267 secs] [Times: user=0.61 sys=0.00, real=0.12 secs] 
4159.774: [GC (Allocation Failure) [PSYoungGen: 328651K->183542K(465920K)] 1204696K->1090300K(1864192K), 0.0424144 secs] [Times: user=0.19 sys=0.00, real=0.04 secs] 
4160.000: [GC (Allocation Failure) [PSYoungGen: 416502K->182485K(465920K)] 1323260K->1146256K(1864192K), 0.0658652 secs] [Times: user=0.31 sys=0.00, real=0.06 secs] 
4160.258: [GC (Allocation Failure) [PSYoungGen: 415445K->187669K(465920K)] 1379216K->1207071K(1864192K), 0.0627747 secs] [Times: user=0.29 sys=0.00, real=0.07 secs] 
4161.337: [GC (GCLocker Initiated GC) [PSYoungGen: 420629K->99724K(465920K)] 1440032K->1190062K(1864192K), 0.0456153 secs] [Times: user=0.23 sys=0.00, real=0.05 secs] 
4161.939: [GC (Allocation Failure) [PSYoungGen: 332684K->173269K(465920K)] 1423189K->1296043K(1864192K), 0.0519682 secs] [Times: user=0.24 sys=0.00, real=0.06 secs] 
4162.212: [GC (Allocation Failure) [PSYoungGen: 406229K->180981K(465920K)] 1529003K->1357988K(1864192K), 0.0600565 secs] [Times: user=0.28 sys=0.00, real=0.06 secs] 
4162.400: [GC (Allocation Failure) [PSYoungGen: 413941K->186231K(465920K)] 1590948K->1426245K(1864192K), 0.0509774 secs] [Times: user=0.24 sys=0.00, real=0.05 secs] 
4163.192: [GC (Allocation Failure) [PSYoungGen: 419191K->212980K(465920K)] 1659205K->1512154K(1864192K), 0.0574449 secs] [Times: user=0.29 sys=0.00, real=0.06 secs] 
4163.891: [GC (Allocation Failure) [PSYoungGen: 445940K->98715K(465920K)] 1745114K->1464914K(1864192K), 0.0904801 secs] [Times: user=0.48 sys=0.00, real=0.09 secs] 
4163.982: [Full GC (Ergonomics) [PSYoungGen: 98715K->0K(465920K)] [ParOldGen: 1366198K->115711K(1398272K)] 1464914K->115711K(1864192K), [Metaspace: 60357K->60357K(1105920K)], 0.1693242 secs] [Times: user=0.75 sys=0.00, real=0.17 secs] 
4164.500: [GC (Allocation Failure) [PSYoungGen: 232960K->183702K(465920K)] 348671K->299413K(1864192K), 0.0306154 secs] [Times: user=0.11 sys=0.00, real=0.03 secs] 
4164.652: [GC (Allocation Failure) [PSYoungGen: 416662K->185238K(465920K)] 532373K->357901K(1864192K), 0.0415610 secs] [Times: user=0.19 sys=0.01, real=0.04 secs] 
4165.281: [GC (Allocation Failure) [PSYoungGen: 418198K->186933K(465920K)] 590861K->415732K(1864192K), 0.0703356 secs] [Times: user=0.34 sys=0.00, real=0.07 secs] 
4166.727: [GC (Allocation Failure) [PSYoungGen: 419893K->99420K(465920K)] 648692K->398771K(1864192K), 0.0823219 secs] [Times: user=0.44 sys=0.01, real=0.08 secs] 
4168.204: [GC (Allocation Failure) [PSYoungGen: 332380K->171188K(465920K)] 631731K->502168K(1864192K), 0.0607446 secs] [Times: user=0.28 sys=0.00, real=0.06 secs] 
4168.468: [GC (Allocation Failure) [PSYoungGen: 404148K->182485K(465920K)] 735128K->566982K(1864192K), 0.0508123 secs] [Times: user=0.24 sys=0.00, real=0.05 secs] 
4168.637: [GC (Allocation Failure) [PSYoungGen: 415445K->185911K(465920K)] 799942K->634383K(1864192K), 0.0489081 secs] [Times: user=0.23 sys=0.00, real=0.05 secs] 
4169.498: [GC (Allocation Failure) [PSYoungGen: 414944K->208979K(465920K)] 863417K->716444K(1864192K), 0.0543627 secs] [Times: user=0.27 sys=0.00, real=0.06 secs] 
4169.976: [GC (Allocation Failure) [PSYoungGen: 441939K->102204K(465920K)] 949404K->675356K(1864192K), 0.0784911 secs] [Times: user=0.42 sys=0.00, real=0.08 secs] 
4170.324: [GC (Allocation Failure) [PSYoungGen: 332808K->180758K(465920K)] 905960K->786367K(1864192K), 0.0391467 secs] [Times: user=0.17 sys=0.00, real=0.04 secs] 
4170.516: [GC (Allocation Failure) [PSYoungGen: 413718K->185270K(465920K)] 1019327K->847147K(1864192K), 0.0514386 secs] [Times: user=0.19 sys=0.00, real=0.05 secs] 
4170.715: [GC (Allocation Failure) [PSYoungGen: 418230K->184244K(465920K)] 1080107K->902314K(1864192K), 0.0626967 secs] [Times: user=0.30 sys=0.00, real=0.06 secs] 
4171.722: [GC (Allocation Failure) [PSYoungGen: 417204K->99884K(465920K)] 1135274K->887561K(1864192K), 0.0442151 secs] [Times: user=0.23 sys=0.01, real=0.04 secs] 
4172.287: [GC (Allocation Failure) [PSYoungGen: 332844K->171316K(465920K)] 1120521K->991359K(1864192K), 0.0704284 secs] [Times: user=0.33 sys=0.00, real=0.07 secs] 
4172.552: [GC (Allocation Failure) [PSYoungGen: 404276K->185238K(465920K)] 1224319K->1059220K(1864192K), 0.0507443 secs] [Times: user=0.23 sys=0.01, real=0.05 secs] 
4172.722: [GC (Allocation Failure) [PSYoungGen: 418198K->185943K(465920K)] 1292180K->1124477K(1864192K), 0.0501310 secs] [Times: user=0.24 sys=0.00, real=0.05 secs] 
4173.588: [GC (Allocation Failure) [PSYoungGen: 416901K->208723K(465920K)] 1355436K->1206206K(1864192K), 0.0557174 secs] [Times: user=0.28 sys=0.00, real=0.06 secs] 
4174.796: [GC (Allocation Failure) [PSYoungGen: 441683K->101900K(465920K)] 1439166K->1165074K(1864192K), 0.1007372 secs] [Times: user=0.54 sys=0.00, real=0.10 secs] 
4175.319: [GC (Allocation Failure) [PSYoungGen: 332297K->180470K(465920K)] 1395471K->1276889K(1864192K), 0.0412304 secs] [Times: user=0.19 sys=0.00, real=0.05 secs] 
4175.479: [GC (Allocation Failure) [PSYoungGen: 413430K->185590K(465920K)] 1509849K->1338101K(1864192K), 0.0441442 secs] [Times: user=0.20 sys=0.00, real=0.05 secs] 
4175.636: [GC (Allocation Failure) [PSYoungGen: 418550K->186837K(465920K)] 1571061K->1395717K(1864192K), 0.0459203 secs] [Times: user=0.21 sys=0.00, real=0.05 secs] 
4176.732: [GC (Allocation Failure) [PSYoungGen: 419797K->99372K(465920K)] 1628677K->1378643K(1864192K), 0.0504186 secs] [Times: user=0.26 sys=0.00, real=0.05 secs] 
4177.652: [GC (Allocation Failure) [PSYoungGen: 332313K->170644K(465920K)] 1611585K->1481561K(1864192K), 0.0648434 secs] [Times: user=0.32 sys=0.00, real=0.06 secs] 
4177.865: [GC (Allocation Failure) [PSYoungGen: 403604K->185782K(465920K)] 1714521K->1550458K(1864192K), 0.0436583 secs] [Times: user=0.19 sys=0.00, real=0.04 secs] 
4177.909: [Full GC (Ergonomics) [PSYoungGen: 185782K->0K(465920K)] [ParOldGen: 1364676K->262776K(1398272K)] 1550458K->262776K(1864192K), [Metaspace: 60357K->60357K(1105920K)], 0.3285644 secs] [Times: user=1.52 sys=0.00, real=0.33 secs] 
4178.355: [GC (Allocation Failure) [PSYoungGen: 232960K->182998K(465920K)] 495736K->445774K(1864192K), 0.0817620 secs] [Times: user=0.43 sys=0.00, real=0.08 secs] 
4179.230: [GC (Allocation Failure) [PSYoungGen: 415660K->209555K(465920K)] 678437K->530311K(1864192K), 0.0544621 secs] [Times: user=0.27 sys=0.01, real=0.05 secs] 
4179.818: [GC (Allocation Failure) [PSYoungGen: 442515K->106316K(465920K)] 763271K->492916K(1864192K), 0.0539945 secs] [Times: user=0.27 sys=0.00, real=0.06 secs] 
4180.089: [GC (Allocation Failure) [PSYoungGen: 339276K->196725K(465920K)] 725876K->617286K(1864192K), 0.0363077 secs] [Times: user=0.15 sys=0.00, real=0.04 secs] 
4180.292: [GC (Allocation Failure) [PSYoungGen: 429685K->181878K(465920K)] 850246K->665359K(1864192K), 0.0761882 secs] [Times: user=0.37 sys=0.00, real=0.07 secs] 
4180.683: [GC (GCLocker Initiated GC) [PSYoungGen: 414838K->184469K(465920K)] 898319K->725902K(1864192K), 0.0690645 secs] [Times: user=0.35 sys=0.00, real=0.07 secs] 
4181.957: [GC (Allocation Failure) [PSYoungGen: 417429K->102588K(465920K)] 958901K->713700K(1864192K), 0.0716003 secs] [Times: user=0.38 sys=0.00, real=0.07 secs] 
4183.152: [GC (Allocation Failure) [PSYoungGen: 335548K->169940K(465920K)] 946660K->813713K(1864192K), 0.0631947 secs] [Times: user=0.30 sys=0.00, real=0.06 secs] 
4183.365: [GC (Allocation Failure) [PSYoungGen: 402900K->185494K(465920K)] 1046673K->883035K(1864192K), 0.0428337 secs] [Times: user=0.19 sys=0.00, real=0.04 secs] 
4183.526: [GC (Allocation Failure) [PSYoungGen: 414053K->182390K(465920K)] 1111594K->944347K(1864192K), 0.0497657 secs] [Times: user=0.23 sys=0.00, real=0.05 secs] 
4184.446: [GC (Allocation Failure) [PSYoungGen: 415350K->168403K(465920K)] 1177307K->988232K(1864192K), 0.0538787 secs] [Times: user=0.27 sys=0.00, real=0.06 secs] 
4185.059: [GC (Allocation Failure) [PSYoungGen: 401363K->115757K(465920K)] 1221192K->1000091K(1864192K), 0.0578234 secs] [Times: user=0.30 sys=0.01, real=0.06 secs] 
4185.272: [GC (Allocation Failure) [PSYoungGen: 348717K->177365K(465920K)] 1233051K->1098955K(1864192K), 0.0375873 secs] [Times: user=0.16 sys=0.01, real=0.03 secs] 
4185.461: [GC (Allocation Failure) [PSYoungGen: 410325K->185111K(465920K)] 1331915K->1168725K(1864192K), 0.0784160 secs] [Times: user=0.39 sys=0.00, real=0.08 secs] 
4185.669: [GC (Allocation Failure) [PSYoungGen: 418071K->196916K(465920K)] 1401685K->1239194K(1864192K), 0.0582121 secs] [Times: user=0.28 sys=0.00, real=0.06 secs] 
4186.670: [GC (Allocation Failure) [PSYoungGen: 429876K->104300K(465920K)] 1472154K->1214934K(1864192K), 0.0525629 secs] [Times: user=0.28 sys=0.00, real=0.06 secs] 
4187.154: [GC (Allocation Failure) [PSYoungGen: 337250K->176437K(465920K)] 1447884K->1320308K(1864192K), 0.0570056 secs] [Times: user=0.26 sys=0.00, real=0.06 secs] 
4187.352: [GC (Allocation Failure) [PSYoungGen: 409397K->182421K(465920K)] 1553268K->1381652K(1864192K), 0.0436142 secs] [Times: user=0.20 sys=0.00, real=0.04 secs] 
4187.510: [GC (Allocation Failure) [PSYoungGen: 415381K->188277K(465920K)] 1614612K->1442772K(1864192K), 0.0462848 secs] [Times: user=0.21 sys=0.00, real=0.05 secs] 
4188.460: [GC (Allocation Failure) [PSYoungGen: 421237K->150994K(465920K)] 1675732K->1476393K(1864192K), 0.0518386 secs] [Times: user=0.26 sys=0.00, real=0.06 secs] 
4188.512: [Full GC (Ergonomics) [PSYoungGen: 150994K->0K(465920K)] [ParOldGen: 1325399K->356858K(1398272K)] 1476393K->356858K(1864192K), [Metaspace: 60357K->60357K(1105920K)], 0.5778818 secs] [Times: user=2.52 sys=0.00, real=0.57 secs] 
4189.794: [GC (Allocation Failure) [PSYoungGen: 232960K->124687K(465920K)] 589818K->481545K(1864192K), 0.0274509 secs] [Times: user=0.10 sys=0.00, real=0.03 secs] 
4190.034: [GC (Allocation Failure) [PSYoungGen: 357647K->177429K(465920K)] 714505K->574124K(1864192K), 0.0508812 secs] [Times: user=0.23 sys=0.00, real=0.05 secs] 
4190.215: [GC (Allocation Failure) [PSYoungGen: 410389K->185751K(465920K)] 807084K->644635K(1864192K), 0.0492624 secs] [Times: user=0.23 sys=0.00, real=0.05 secs] 
4190.714: [GC (Allocation Failure) [PSYoungGen: 418711K->186997K(465920K)] 877595K->704697K(1864192K), 0.1348617 secs] [Times: user=0.72 sys=0.00, real=0.13 secs] 
4192.276: [GC (Allocation Failure) [PSYoungGen: 419957K->92539K(465920K)] 937657K->680951K(1864192K), 0.0748963 secs] [Times: user=0.41 sys=0.00, real=0.08 secs] 
4192.959: [GC (Allocation Failure) [PSYoungGen: 325499K->179157K(465920K)] 913911K->797501K(1864192K), 0.0441820 secs] [Times: user=0.18 sys=0.00, real=0.05 secs] 
4193.139: [GC (Allocation Failure) [PSYoungGen: 412117K->185398K(465920K)] 1030461K->859198K(1864192K), 0.0429971 secs] [Times: user=0.19 sys=0.00, real=0.05 secs] 
4193.295: [GC (Allocation Failure) [PSYoungGen: 418358K->187413K(465920K)] 1092158K->917493K(1864192K), 0.0450666 secs] [Times: user=0.21 sys=0.00, real=0.05 secs] 
4194.294: [GC (Allocation Failure) [PSYoungGen: 420373K->141873K(465920K)] 1150453K->942633K(1864192K), 0.0500015 secs] [Times: user=0.25 sys=0.00, real=0.05 secs] 
4194.816: [GC (Allocation Failure) [PSYoungGen: 374833K->130623K(465920K)] 1175593K->976151K(1864192K), 0.1187044 secs] [Times: user=0.65 sys=0.01, real=0.12 secs] 
4195.122: [GC (Allocation Failure) [PSYoungGen: 363583K->179701K(465920K)] 1209111K->1066854K(1864192K), 0.0384143 secs] [Times: user=0.17 sys=0.00, real=0.04 secs] 
4195.276: [GC (Allocation Failure) [PSYoungGen: 412661K->181334K(465920K)] 1299814K->1131275K(1864192K), 0.0497003 secs] [Times: user=0.23 sys=0.00, real=0.05 secs] 
4195.466: [GC (GCLocker Initiated GC) [PSYoungGen: 414294K->186101K(465920K)] 1364236K->1193706K(1864192K), 0.0782606 secs] [Times: user=0.40 sys=0.00, real=0.08 secs] 
4196.851: [GC (Allocation Failure) [PSYoungGen: 419061K->96619K(465920K)] 1426669K->1174472K(1864192K), 0.0578811 secs] [Times: user=0.31 sys=0.00, real=0.05 secs] 
4197.709: [GC (Allocation Failure) [PSYoungGen: 329579K->178645K(465920K)] 1407432K->1288175K(1864192K), 0.0477204 secs] [Times: user=0.21 sys=0.00, real=0.05 secs] 
4197.922: [GC (Allocation Failure) [PSYoungGen: 411605K->182261K(465920K)] 1521135K->1347615K(1864192K), 0.0625873 secs] [Times: user=0.30 sys=0.00, real=0.06 secs] 
4198.122: [GC (Allocation Failure) [PSYoungGen: 415221K->187829K(465920K)] 1580575K->1408615K(1864192K), 0.0471923 secs] [Times: user=0.22 sys=0.00, real=0.04 secs] 
4199.091: [GC (Allocation Failure) [PSYoungGen: 420789K->140177K(465920K)] 1641575K->1431827K(1864192K), 0.0516195 secs] [Times: user=0.26 sys=0.00, real=0.05 secs] 
4200.138: [GC (Allocation Failure) [PSYoungGen: 373137K->139136K(465920K)] 1664787K->1475114K(1864192K), 0.1479992 secs] [Times: user=0.82 sys=0.01, real=0.15 secs] 
4200.286: [Full GC (Ergonomics) [PSYoungGen: 139136K->0K(465920K)] [ParOldGen: 1335977K->155976K(1398272K)] 1475114K->155976K(1864192K), [Metaspace: 60357K->60357K(1105920K)], 0.1869613 secs] [Times: user=0.88 sys=0.00, real=0.19 secs] 
4200.597: [GC (Allocation Failure) [PSYoungGen: 232960K->177301K(465920K)] 388936K->333277K(1864192K), 0.0252183 secs] [Times: user=0.09 sys=0.00, real=0.03 secs] 
4200.744: [GC (Allocation Failure) [PSYoungGen: 410261K->185847K(465920K)] 566237K->403944K(1864192K), 0.0480722 secs] [Times: user=0.22 sys=0.01, real=0.05 secs] 
4200.956: [GC (Allocation Failure) [PSYoungGen: 418807K->186773K(465920K)] 636904K->463774K(1864192K), 0.0633721 secs] [Times: user=0.32 sys=0.00, real=0.06 secs] 
4202.020: [GC (GCLocker Initiated GC) [PSYoungGen: 419733K->91291K(465920K)] 696738K->438776K(1864192K), 0.0562362 secs] [Times: user=0.29 sys=0.00, real=0.05 secs] 
4202.547: [GC (Allocation Failure) [PSYoungGen: 324251K->173653K(465920K)] 671738K->551077K(1864192K), 0.0479379 secs] [Times: user=0.21 sys=0.00, real=0.05 secs] 
4202.746: [GC (Allocation Failure) [PSYoungGen: 406613K->185686K(465920K)] 784037K->617602K(1864192K), 0.0429443 secs] [Times: user=0.19 sys=0.00, real=0.04 secs] 
4202.921: [GC (Allocation Failure) [PSYoungGen: 418646K->184949K(465920K)] 850562K->673405K(1864192K), 0.0557843 secs] [Times: user=0.27 sys=0.00, real=0.05 secs] 
4203.883: [GC (Allocation Failure) [PSYoungGen: 417909K->137009K(465920K)] 906365K->695217K(1864192K), 0.0486657 secs] [Times: user=0.24 sys=0.01, real=0.05 secs] 
4204.435: [GC (Allocation Failure) [PSYoungGen: 369969K->138896K(465920K)] 928177K->740513K(1864192K), 0.1356127 secs] [Times: user=0.75 sys=0.00, real=0.14 secs] 
4204.765: [GC (Allocation Failure) [PSYoungGen: 371856K->179605K(465920K)] 973473K->825491K(1864192K), 0.0392125 secs] [Times: user=0.17 sys=0.00, real=0.04 secs] 
4204.957: [GC (Allocation Failure) [PSYoungGen: 412565K->185975K(465920K)] 1058451K->894576K(1864192K), 0.0736419 secs] [Times: user=0.36 sys=0.00, real=0.08 secs] 
4205.226: [GC (Allocation Failure) [PSYoungGen: 418935K->184372K(465920K)] 1127536K->952174K(1864192K), 0.0717036 secs] [Times: user=0.37 sys=0.00, real=0.07 secs] 
4207.001: [GC (Allocation Failure) [PSYoungGen: 417332K->98027K(465920K)] 1185134K->935493K(1864192K), 0.1204664 secs] [Times: user=0.66 sys=0.01, real=0.12 secs] 
4208.110: [GC (Allocation Failure) [PSYoungGen: 330987K->175733K(465920K)] 1168453K->1044219K(1864192K), 0.0464925 secs] [Times: user=0.20 sys=0.00, real=0.04 secs] 
4208.296: [GC (Allocation Failure) [PSYoungGen: 408693K->185430K(465920K)] 1277179K->1109400K(1864192K), 0.0437337 secs] [Times: user=0.19 sys=0.00, real=0.05 secs] 
4208.453: [GC (Allocation Failure) [PSYoungGen: 418390K->185077K(465920K)] 1342360K->1165319K(1864192K), 0.0458046 secs] [Times: user=0.21 sys=0.00, real=0.04 secs] 
4209.494: [GC (Allocation Failure) [PSYoungGen: 418037K->130416K(465920K)] 1398279K->1180451K(1864192K), 0.0486115 secs] [Times: user=0.25 sys=0.00, real=0.05 secs] 
4210.176: [GC (Allocation Failure) [PSYoungGen: 363376K->140976K(465920K)] 1413411K->1232327K(1864192K), 0.1093133 secs] [Times: user=0.59 sys=0.00, real=0.11 secs] 
4210.484: [GC (Allocation Failure) [PSYoungGen: 373936K->179125K(465920K)] 1465287K->1315637K(1864192K), 0.0438961 secs] [Times: user=0.20 sys=0.00, real=0.04 secs] 
4210.706: [GC (Allocation Failure) [PSYoungGen: 412085K->185399K(465920K)] 1548597K->1384467K(1864192K), 0.0706391 secs] [Times: user=0.35 sys=0.00, real=0.07 secs] 
4210.903: [GC (Allocation Failure) [PSYoungGen: 418359K->187925K(465920K)] 1617427K->1445614K(1864192K), 0.0577620 secs] [Times: user=0.29 sys=0.00, real=0.06 secs] 
4212.112: [GC (Allocation Failure) [PSYoungGen: 420885K->99948K(465920K)] 1678574K->1428468K(1864192K), 0.0858145 secs] [Times: user=0.46 sys=0.01, real=0.08 secs] 
4212.198: [Full GC (Ergonomics) [PSYoungGen: 99948K->0K(465920K)] [ParOldGen: 1328520K->105972K(1398272K)] 1428468K->105972K(1864192K), [Metaspace: 60357K->60357K(1105920K)], 0.1253999 secs] [Times: user=0.52 sys=0.00, real=0.13 secs] 
4212.706: [GC (Allocation Failure) [PSYoungGen: 232960K->178485K(465920K)] 338932K->284457K(1864192K), 0.0275310 secs] [Times: user=0.10 sys=0.00, real=0.03 secs] 
4213.670: [GC (Allocation Failure) [PSYoungGen: 411445K->183701K(465920K)] 517417K->343954K(1864192K), 0.0794234 secs] [Times: user=0.39 sys=0.00, real=0.07 secs] 
4214.132: [GC (Allocation Failure) [PSYoungGen: 416661K->186837K(465920K)] 576914K->402634K(1864192K), 0.0642397 secs] [Times: user=0.31 sys=0.00, real=0.06 secs] 
4215.478: [GC (Allocation Failure) [PSYoungGen: 419797K->124335K(465920K)] 635594K->410788K(1864192K), 0.0471957 secs] [Times: user=0.24 sys=0.00, real=0.05 secs] 
4217.035: [GC (Allocation Failure) [PSYoungGen: 357295K->145409K(465920K)] 643748K->471262K(1864192K), 0.1208467 secs] [Times: user=0.65 sys=0.00, real=0.12 secs] 
4217.359: [GC (Allocation Failure) [PSYoungGen: 378369K->184182K(465920K)] 704222K->555507K(1864192K), 0.0404232 secs] [Times: user=0.18 sys=0.00, real=0.04 secs] 
4217.516: [GC (Allocation Failure) [PSYoungGen: 417142K->186167K(465920K)] 788467K->621605K(1864192K), 0.0497774 secs] [Times: user=0.23 sys=0.00, real=0.05 secs] 
4217.674: [GC (Allocation Failure) [PSYoungGen: 419127K->184949K(465920K)] 854565K->679474K(1864192K), 0.0560002 secs] [Times: user=0.28 sys=0.00, real=0.06 secs] 
4218.690: [GC (Allocation Failure) [PSYoungGen: 417909K->95131K(465920K)] 912434K->659369K(1864192K), 0.0423481 secs] [Times: user=0.22 sys=0.00, real=0.04 secs] 
4219.130: [GC (Allocation Failure) [PSYoungGen: 328091K->175733K(465920K)] 892329K->770527K(1864192K), 0.0463724 secs] [Times: user=0.20 sys=0.00, real=0.04 secs] 
4219.313: [GC (Allocation Failure) [PSYoungGen: 408693K->185590K(465920K)] 1003487K->835484K(1864192K), 0.0434410 secs] [Times: user=0.20 sys=0.00, real=0.04 secs] 
4219.467: [GC (Allocation Failure) [PSYoungGen: 418550K->187829K(465920K)] 1068444K->894035K(1864192K), 0.0460952 secs] [Times: user=0.21 sys=0.00, real=0.05 secs] 
4220.472: [GC (Allocation Failure) [PSYoungGen: 420789K->118478K(465920K)] 1126995K->895529K(1864192K), 0.0471763 secs] [Times: user=0.24 sys=0.00, real=0.04 secs] 
4221.628: [GC (Allocation Failure) [PSYoungGen: 351438K->150594K(465920K)] 1128489K->965228K(1864192K), 0.1219915 secs] [Times: user=0.65 sys=0.00, real=0.13 secs] 
4221.932: [GC (Allocation Failure) [PSYoungGen: 383554K->184822K(465920K)] 1198188K->1046681K(1864192K), 0.0416056 secs] [Times: user=0.18 sys=0.00, real=0.04 secs] 
4222.092: [GC (Allocation Failure) [PSYoungGen: 417782K->186103K(465920K)] 1279641K->1111970K(1864192K), 0.0505547 secs] [Times: user=0.24 sys=0.00, real=0.05 secs] 
4222.278: [GC (Allocation Failure) [PSYoungGen: 419063K->187477K(465920K)] 1344930K->1172240K(1864192K), 0.0627140 secs] [Times: user=0.31 sys=0.01, real=0.07 secs] 
4224.404: [GC (Allocation Failure) [PSYoungGen: 420437K->91498K(465920K)] 1405200K->1146854K(1864192K), 0.1179894 secs] [Times: user=0.65 sys=0.00, real=0.12 secs] 
4225.279: [GC (Allocation Failure) [PSYoungGen: 324458K->179029K(465920K)] 1379814K->1263749K(1864192K), 0.0452623 secs] [Times: user=0.20 sys=0.00, real=0.05 secs] 
4225.500: [GC (Allocation Failure) [PSYoungGen: 411989K->185782K(465920K)] 1496709K->1326290K(1864192K), 0.0646405 secs] [Times: user=0.32 sys=0.00, real=0.06 secs] 
4225.695: [GC (Allocation Failure) [PSYoungGen: 418742K->187605K(465920K)] 1559250K->1384449K(1864192K), 0.0472072 secs] [Times: user=0.22 sys=0.00, real=0.05 secs] 
4226.691: [GC (Allocation Failure) [PSYoungGen: 420565K->110541K(465920K)] 1617409K->1378045K(1864192K), 0.0469801 secs] [Times: user=0.24 sys=0.01, real=0.04 secs] 
4227.147: [GC (Allocation Failure) [PSYoungGen: 343501K->158595K(465920K)] 1611005K->1461860K(1864192K), 0.0817152 secs] [Times: user=0.41 sys=0.00, real=0.08 secs] 
4227.416: [GC (Allocation Failure) [PSYoungGen: 391555K->185014K(465920K)] 1694820K->1537443K(1864192K), 0.0559921 secs] [Times: user=0.26 sys=0.00, real=0.06 secs] 
4227.472: [Full GC (Ergonomics) [PSYoungGen: 185014K->0K(465920K)] [ParOldGen: 1352429K->251795K(1398272K)] 1537443K->251795K(1864192K), [Metaspace: 60357K->60357K(1105920K)], 0.3053385 secs] [Times: user=1.40 sys=0.00, real=0.30 secs] 
4227.896: [GC (Allocation Failure) [PSYoungGen: 232960K->186423K(465920K)] 484755K->438218K(1864192K), 0.0858095 secs] [Times: user=0.45 sys=0.00, real=0.09 secs] 
4228.090: [GC (Allocation Failure) [PSYoungGen: 419383K->180980K(465920K)] 671178K->491736K(1864192K), 0.0559657 secs] [Times: user=0.27 sys=0.01, real=0.05 secs] 
4229.316: [GC (Allocation Failure) [PSYoungGen: 413940K->96571K(465920K)] 724696K->475691K(1864192K), 0.0859530 secs] [Times: user=0.46 sys=0.00, real=0.09 secs] 
4229.782: [GC (GCLocker Initiated GC) [PSYoungGen: 329531K->181974K(465920K)] 708651K->592442K(1864192K), 0.0346067 secs] [Times: user=0.14 sys=0.00, real=0.03 secs] 
4229.933: [GC (Allocation Failure) [PSYoungGen: 414934K->185558K(465920K)] 825405K->652757K(1864192K), 0.0435159 secs] [Times: user=0.20 sys=0.00, real=0.04 secs] 
4230.174: [GC (Allocation Failure) [PSYoungGen: 418518K->187093K(465920K)] 885717K->710492K(1864192K), 0.0455609 secs] [Times: user=0.21 sys=0.00, real=0.04 secs] 
4231.293: [GC (Allocation Failure) [PSYoungGen: 420053K->105836K(465920K)] 943452K->699636K(1864192K), 0.0469795 secs] [Times: user=0.24 sys=0.00, real=0.04 secs] 
4232.940: [GC (Allocation Failure) [PSYoungGen: 338796K->163411K(465920K)] 932596K->790904K(1864192K), 0.0937115 secs] [Times: user=0.46 sys=0.00, real=0.09 secs] 
4233.202: [GC (Allocation Failure) [PSYoungGen: 396371K->182709K(465920K)] 1023864K->861678K(1864192K), 0.0416795 secs] [Times: user=0.19 sys=0.00, real=0.04 secs] 
4233.364: [GC (Allocation Failure) [PSYoungGen: 415669K->185911K(465920K)] 1094638K->928807K(1864192K), 0.0498319 secs] [Times: user=0.23 sys=0.00, real=0.05 secs] 
4233.576: [GC (Allocation Failure) [PSYoungGen: 418871K->187445K(465920K)] 1161767K->989198K(1864192K), 0.0822210 secs] [Times: user=0.42 sys=0.00, real=0.08 secs] 
4234.789: [GC (Allocation Failure) [PSYoungGen: 420405K->88730K(465920K)] 1222158K->961139K(1864192K), 0.0608489 secs] [Times: user=0.32 sys=0.00, real=0.06 secs] 
4235.239: [GC (Allocation Failure) [PSYoungGen: 321690K->180533K(465920K)] 1194099K->1080995K(1864192K), 0.0463329 secs] [Times: user=0.20 sys=0.01, real=0.05 secs] 
4235.415: [GC (Allocation Failure) [PSYoungGen: 413493K->185174K(465920K)] 1313955K->1142219K(1864192K), 0.0444646 secs] [Times: user=0.21 sys=0.00, real=0.04 secs] 
4235.572: [GC (Allocation Failure) [PSYoungGen: 418134K->187477K(465920K)] 1375179K->1200643K(1864192K), 0.0469142 secs] [Times: user=0.21 sys=0.00, real=0.04 secs] 
4236.599: [GC (Allocation Failure) [PSYoungGen: 420437K->106477K(465920K)] 1433603K->1190166K(1864192K), 0.0469670 secs] [Times: user=0.25 sys=0.00, real=0.05 secs] 
4237.348: [GC (GCLocker Initiated GC) [PSYoungGen: 339437K->167668K(465920K)] 1423127K->1285871K(1864192K), 0.0867585 secs] [Times: user=0.44 sys=0.01, real=0.09 secs] 
4237.585: [GC (Allocation Failure) [PSYoungGen: 400628K->185270K(465920K)] 1518961K->1356431K(1864192K), 0.0431613 secs] [Times: user=0.19 sys=0.00, real=0.04 secs] 
4237.745: [GC (Allocation Failure) [PSYoungGen: 418105K->180278K(465920K)] 1589267K->1415856K(1864192K), 0.0497466 secs] [Times: user=0.23 sys=0.00, real=0.05 secs] 
4237.966: [GC (Allocation Failure) [PSYoungGen: 413238K->186165K(465920K)] 1648816K->1479455K(1864192K), 0.0756598 secs] [Times: user=0.38 sys=0.00, real=0.08 secs] 
4240.198: [GC (Allocation Failure) [PSYoungGen: 419125K->94043K(465920K)] 1712415K->1457681K(1864192K), 0.1199350 secs] [Times: user=0.66 sys=0.00, real=0.12 secs] 
4240.318: [Full GC (Ergonomics) [PSYoungGen: 94043K->0K(465920K)] [ParOldGen: 1363637K->110025K(1398272K)] 1457681K->110025K(1864192K), [Metaspace: 60357K->60357K(1105920K)], 0.1560766 secs] [Times: user=0.67 sys=0.00, real=0.16 secs] 
4241.062: [GC (Allocation Failure) [PSYoungGen: 232960K->183702K(465920K)] 342985K->293727K(1864192K), 0.0332955 secs] [Times: user=0.12 sys=0.00, real=0.03 secs] 
4241.221: [GC (Allocation Failure) [PSYoungGen: 416662K->177045K(465920K)] 526687K->343914K(1864192K), 0.0408448 secs] [Times: user=0.18 sys=0.00, real=0.04 secs] 
4241.425: [GC (Allocation Failure) [PSYoungGen: 410005K->187477K(465920K)] 576874K->408666K(1864192K), 0.0665143 secs] [Times: user=0.32 sys=0.00, real=0.07 secs] 
4242.526: [GC (Allocation Failure) [PSYoungGen: 420437K->105356K(465920K)] 641626K->397066K(1864192K), 0.0450645 secs] [Times: user=0.23 sys=0.00, real=0.05 secs] 
4242.974: [GC (Allocation Failure) [PSYoungGen: 338316K->170804K(465920K)] 630026K->496930K(1864192K), 0.0789564 secs] [Times: user=0.40 sys=0.00, real=0.08 secs] 
4243.199: [GC (Allocation Failure) [PSYoungGen: 403764K->182261K(465920K)] 729890K->561776K(1864192K), 0.0422144 secs] [Times: user=0.19 sys=0.01, real=0.05 secs] 
4243.362: [GC (Allocation Failure) [PSYoungGen: 415221K->185815K(465920K)] 794736K->628949K(1864192K), 0.0492969 secs] [Times: user=0.22 sys=0.01, real=0.05 secs] 
4243.523: [GC (Allocation Failure) [PSYoungGen: 418775K->184436K(465920K)] 861909K->686323K(1864192K), 0.0541853 secs] [Times: user=0.26 sys=0.00, real=0.05 secs] 
4244.861: [GC (Allocation Failure) [PSYoungGen: 417396K->95947K(465920K)] 919283K->667377K(1864192K), 0.0595022 secs] [Times: user=0.32 sys=0.00, real=0.06 secs] 
4245.328: [GC (Allocation Failure) [PSYoungGen: 328907K->179509K(465920K)] 900337K->781801K(1864192K), 0.0343795 secs] [Times: user=0.14 sys=0.00, real=0.04 secs] 
4245.518: [GC (GCLocker Initiated GC) [PSYoungGen: 412469K->180629K(465920K)] 1014762K->839022K(1864192K), 0.0630241 secs] [Times: user=0.30 sys=0.01, real=0.07 secs] 
4245.721: [GC (Allocation Failure) [PSYoungGen: 413589K->187253K(465920K)] 1072148K->900852K(1864192K), 0.0453470 secs] [Times: user=0.21 sys=0.00, real=0.04 secs] 
4246.745: [GC (Allocation Failure) [PSYoungGen: 420213K->103804K(465920K)] 1133812K->887939K(1864192K), 0.0484939 secs] [Times: user=0.26 sys=0.00, real=0.05 secs] 
4248.153: [GC (Allocation Failure) [PSYoungGen: 336764K->166452K(465920K)] 1120899K->983743K(1864192K), 0.0770086 secs] [Times: user=0.39 sys=0.00, real=0.07 secs] 
4248.391: [GC (Allocation Failure) [PSYoungGen: 399412K->185590K(465920K)] 1216703K->1055402K(1864192K), 0.0424058 secs] [Times: user=0.19 sys=0.00, real=0.04 secs] 
4248.554: [GC (Allocation Failure) [PSYoungGen: 418550K->186007K(465920K)] 1288362K->1120307K(1864192K), 0.0501460 secs] [Times: user=0.23 sys=0.00, real=0.05 secs] 
4249.046: [GC (Allocation Failure) [PSYoungGen: 416348K->216180K(465920K)] 1350648K->1209520K(1864192K), 0.0555167 secs] [Times: user=0.27 sys=0.00, real=0.06 secs] 
4250.030: [GC (Allocation Failure) [PSYoungGen: 449140K->95787K(465920K)] 1442480K->1157767K(1864192K), 0.0768119 secs] [Times: user=0.41 sys=0.01, real=0.07 secs] 
4250.450: [GC (Allocation Failure) [PSYoungGen: 328747K->183286K(465920K)] 1390727K->1275299K(1864192K), 0.0351634 secs] [Times: user=0.15 sys=0.00, real=0.03 secs] 
4250.632: [GC (Allocation Failure) [PSYoungGen: 416246K->182549K(465920K)] 1508259K->1331790K(1864192K), 0.0620717 secs] [Times: user=0.29 sys=0.00, real=0.06 secs] 
4250.845: [GC (Allocation Failure) [PSYoungGen: 415509K->187349K(465920K)] 1564750K->1391894K(1864192K), 0.0452447 secs] [Times: user=0.20 sys=0.00, real=0.05 secs] 
4251.891: [GC (Allocation Failure) [PSYoungGen: 420309K->101116K(465920K)] 1624854K->1376289K(1864192K), 0.0474825 secs] [Times: user=0.25 sys=0.00, real=0.04 secs] 
4252.580: [GC (Allocation Failure) [PSYoungGen: 334076K->170484K(465920K)] 1609249K->1478322K(1864192K), 0.0742926 secs] [Times: user=0.31 sys=0.00, real=0.07 secs] 
4252.813: [GC (Allocation Failure) [PSYoungGen: 403444K->185110K(465920K)] 1711282K->1546544K(1864192K), 0.0443681 secs] [Times: user=0.20 sys=0.00, real=0.04 secs] 
4252.857: [Full GC (Ergonomics) [PSYoungGen: 185110K->0K(465920K)] [ParOldGen: 1361434K->260586K(1398272K)] 1546544K->260586K(1864192K), [Metaspace: 60357K->60357K(1105920K)], 0.3208877 secs] [Times: user=1.47 sys=0.00, real=0.32 secs] 
4253.299: [GC (Allocation Failure) [PSYoungGen: 232960K->185879K(465920K)] 493546K->446465K(1864192K), 0.0859089 secs] [Times: user=0.45 sys=0.00, real=0.09 secs] 
4254.178: [GC (Allocation Failure) [PSYoungGen: 417214K->211731K(465920K)] 677801K->531262K(1864192K), 0.0545820 secs] [Times: user=0.27 sys=0.00, real=0.06 secs] 
4255.466: [GC (Allocation Failure) [PSYoungGen: 444691K->99563K(465920K)] 764222K->485878K(1864192K), 0.1129873 secs] [Times: user=0.61 sys=0.00, real=0.11 secs] 
4256.006: [GC (Allocation Failure) [PSYoungGen: 332523K->180918K(465920K)] 718838K->598897K(1864192K), 0.0458514 secs] [Times: user=0.20 sys=0.00, real=0.05 secs] 
4256.180: [GC (Allocation Failure) [PSYoungGen: 413878K->193942K(465920K)] 831857K->668277K(1864192K), 0.0431128 secs] [Times: user=0.19 sys=0.01, real=0.04 secs] 
4256.338: [GC (Allocation Failure) [PSYoungGen: 426902K->187701K(465920K)] 901237K->718389K(1864192K), 0.0453632 secs] [Times: user=0.21 sys=0.00, real=0.05 secs] 
4257.417: [GC (Allocation Failure) [PSYoungGen: 420661K->99868K(465920K)] 951349K->701347K(1864192K), 0.0504625 secs] [Times: user=0.26 sys=0.00, real=0.05 secs] 
4257.986: [GC (Allocation Failure) [PSYoungGen: 332828K->173653K(465920K)] 934307K->806937K(1864192K), 0.0500845 secs] [Times: user=0.24 sys=0.00, real=0.05 secs] 
4258.195: [GC (Allocation Failure) [PSYoungGen: 406613K->182133K(465920K)] 1039897K->869798K(1864192K), 0.0607019 secs] [Times: user=0.29 sys=0.01, real=0.06 secs] 
4258.395: [GC (Allocation Failure) [PSYoungGen: 415093K->186167K(465920K)] 1102758K->937007K(1864192K), 0.0492228 secs] [Times: user=0.23 sys=0.00, real=0.05 secs] 
4259.226: [GC (Allocation Failure) [PSYoungGen: 419127K->213563K(465920K)] 1169967K->1023636K(1864192K), 0.0506386 secs] [Times: user=0.25 sys=0.00, real=0.05 secs] 
4259.840: [GC (Allocation Failure) [PSYoungGen: 446523K->108573K(465920K)] 1256596K->983605K(1864192K), 0.0727580 secs] [Times: user=0.38 sys=0.00, real=0.07 secs] 
4260.185: [GC (Allocation Failure) [PSYoungGen: 336173K->174229K(465920K)] 1211206K->1084238K(1864192K), 0.0456109 secs] [Times: user=0.20 sys=0.00, real=0.05 secs] 
4260.407: [GC (Allocation Failure) [PSYoungGen: 407189K->184918K(465920K)] 1317198K->1149531K(1864192K), 0.0653444 secs] [Times: user=0.31 sys=0.00, real=0.07 secs] 
4260.654: [GC (Allocation Failure) [PSYoungGen: 417878K->187637K(465920K)] 1382491K->1208467K(1864192K), 0.0597581 secs] [Times: user=0.29 sys=0.00, real=0.06 secs] 
4261.727: [GC (Allocation Failure) [PSYoungGen: 420597K->100172K(465920K)] 1441427K->1191797K(1864192K), 0.0501224 secs] [Times: user=0.27 sys=0.00, real=0.05 secs] 
4263.230: [GC (Allocation Failure) [PSYoungGen: 333132K->168788K(465920K)] 1424757K->1292306K(1864192K), 0.0678195 secs] [Times: user=0.32 sys=0.00, real=0.06 secs] 
4263.516: [GC (Allocation Failure) [PSYoungGen: 401748K->185334K(465920K)] 1525266K->1362296K(1864192K), 0.0570089 secs] [Times: user=0.27 sys=0.00, real=0.06 secs] 
4263.695: [GC (Allocation Failure) [PSYoungGen: 418294K->186295K(465920K)] 1595256K->1427554K(1864192K), 0.0510983 secs] [Times: user=0.24 sys=0.00, real=0.05 secs] 
4264.593: [GC (Allocation Failure) [PSYoungGen: 419255K->170771K(465920K)] 1660514K->1471182K(1864192K), 0.0581373 secs] [Times: user=0.29 sys=0.00, real=0.06 secs] 
4265.602: [GC (Allocation Failure) [PSYoungGen: 403731K->106476K(465920K)] 1704142K->1472219K(1864192K), 0.0984868 secs] [Times: user=0.53 sys=0.01, real=0.10 secs] 
4265.700: [Full GC (Ergonomics) [PSYoungGen: 106476K->0K(465920K)] [ParOldGen: 1365742K->123506K(1398272K)] 1472219K->123506K(1864192K), [Metaspace: 60357K->60357K(1105920K)], 0.1856153 secs] [Times: user=0.83 sys=0.00, real=0.18 secs] 
4266.109: [GC (Allocation Failure) [PSYoungGen: 228543K->176405K(465920K)] 352049K->299911K(1864192K), 0.0245331 secs] [Times: user=0.09 sys=0.01, real=0.03 secs] 
4266.287: [GC (Allocation Failure) [PSYoungGen: 409365K->185590K(465920K)] 532871K->363760K(1864192K), 0.0570934 secs] [Times: user=0.27 sys=0.00, real=0.06 secs] 
4266.510: [GC (Allocation Failure) [PSYoungGen: 418550K->187669K(465920K)] 596720K->422063K(1864192K), 0.0650169 secs] [Times: user=0.32 sys=0.00, real=0.06 secs] 
4267.548: [GC (Allocation Failure) [PSYoungGen: 420629K->98220K(465920K)] 655023K->403398K(1864192K), 0.0434016 secs] [Times: user=0.22 sys=0.00, real=0.05 secs] 
4268.118: [GC (Allocation Failure) [PSYoungGen: 331180K->172628K(465920K)] 636358K->509795K(1864192K), 0.0567981 secs] [Times: user=0.27 sys=0.00, real=0.06 secs] 
4268.307: [GC (Allocation Failure) [PSYoungGen: 405588K->184630K(465920K)] 742755K->575433K(1864192K), 0.0423769 secs] [Times: user=0.19 sys=0.00, real=0.04 secs] 
4268.491: [GC (Allocation Failure) [PSYoungGen: 417590K->185207K(465920K)] 808393K->640486K(1864192K), 0.0544947 secs] [Times: user=0.26 sys=0.00, real=0.05 secs] 
4269.438: [GC (Allocation Failure) [PSYoungGen: 418167K->169075K(465920K)] 873446K->683162K(1864192K), 0.0575203 secs] [Times: user=0.29 sys=0.00, real=0.06 secs] 
4270.594: [GC (Allocation Failure) [PSYoungGen: 402035K->110733K(465920K)] 916122K->689380K(1864192K), 0.0857614 secs] [Times: user=0.45 sys=0.00, real=0.09 secs] 
4271.118: [GC (Allocation Failure) [PSYoungGen: 343693K->177141K(465920K)] 922340K->790857K(1864192K), 0.0467404 secs] [Times: user=0.21 sys=0.00, real=0.05 secs] 
4271.327: [GC (Allocation Failure) [PSYoungGen: 410101K->185015K(465920K)] 1023817K->861127K(1864192K), 0.0701852 secs] [Times: user=0.34 sys=0.00, real=0.07 secs] 
4271.524: [GC (Allocation Failure) [PSYoungGen: 417975K->187477K(465920K)] 1094087K->922245K(1864192K), 0.0561075 secs] [Times: user=0.28 sys=0.00, real=0.06 secs] 
4272.725: [GC (Allocation Failure) [PSYoungGen: 420437K->102412K(465920K)] 1155205K->907924K(1864192K), 0.0650460 secs] [Times: user=0.35 sys=0.00, real=0.07 secs] 
4273.600: [GC (Allocation Failure) [PSYoungGen: 335372K->171764K(465920K)] 1140884K->1009801K(1864192K), 0.0506446 secs] [Times: user=0.23 sys=0.00, real=0.06 secs] 
4273.838: [GC (Allocation Failure) [PSYoungGen: 404724K->181973K(465920K)] 1242761K->1073662K(1864192K), 0.0580552 secs] [Times: user=0.27 sys=0.01, real=0.06 secs] 
4274.017: [GC (Allocation Failure) [PSYoungGen: 407205K->177622K(465920K)] 1298894K->1132927K(1864192K), 0.0487091 secs] [Times: user=0.22 sys=0.00, real=0.05 secs] 
4274.897: [GC (Allocation Failure) [PSYoungGen: 410582K->168915K(401920K)] 1365887K->1180700K(1800192K), 0.0565429 secs] [Times: user=0.29 sys=0.00, real=0.06 secs] 
4275.527: [GC (Allocation Failure) [PSYoungGen: 401875K->109773K(459776K)] 1413660K->1186230K(1858048K), 0.1139382 secs] [Times: user=0.62 sys=0.01, real=0.12 secs] 
4275.922: [GC (Allocation Failure) [PSYoungGen: 337005K->173237K(462848K)] 1413462K->1284917K(1861120K), 0.0355378 secs] [Times: user=0.15 sys=0.00, real=0.03 secs] 
4276.083: [GC (Allocation Failure) [PSYoungGen: 403125K->182773K(465920K)] 1514805K->1348654K(1864192K), 0.0433758 secs] [Times: user=0.20 sys=0.00, real=0.04 secs] 
4276.249: [GC (Allocation Failure) [PSYoungGen: 417781K->187925K(423424K)] 1583662K->1409278K(1821696K), 0.0461394 secs] [Times: user=0.21 sys=0.00, real=0.05 secs] 
4277.544: [GC (Allocation Failure) [PSYoungGen: 422933K->104892K(465920K)] 1644286K->1396997K(1864192K), 0.1148756 secs] [Times: user=0.63 sys=0.00, real=0.11 secs] 
4278.824: [GC (Allocation Failure) [PSYoungGen: 337852K->170132K(465920K)] 1629957K->1496298K(1864192K), 0.0774228 secs] [Times: user=0.38 sys=0.00, real=0.08 secs] 
4278.902: [Full GC (Ergonomics) [PSYoungGen: 170132K->0K(465920K)] [ParOldGen: 1326165K->195812K(1398272K)] 1496298K->195812K(1864192K), [Metaspace: 60357K->60357K(1105920K)], 0.2283198 secs] [Times: user=1.05 sys=0.00, real=0.23 secs] 
4279.248: [GC (Allocation Failure) [PSYoungGen: 232960K->185334K(465920K)] 428772K->381146K(1864192K), 0.0332230 secs] [Times: user=0.14 sys=0.00, real=0.04 secs] 
4279.444: [GC (Allocation Failure) [PSYoungGen: 418294K->183446K(465920K)] 614106K->443755K(1864192K), 0.0547545 secs] [Times: user=0.26 sys=0.00, real=0.05 secs] 
4280.678: [GC (Allocation Failure) [PSYoungGen: 416406K->168947K(459776K)] 676715K->487447K(1858048K), 0.0536275 secs] [Times: user=0.26 sys=0.00, real=0.06 secs] 
4281.491: [GC (Allocation Failure) [PSYoungGen: 401907K->108108K(462848K)] 720407K->491169K(1861120K), 0.1104048 secs] [Times: user=0.60 sys=0.01, real=0.11 secs] 
4281.948: [GC (Allocation Failure) [PSYoungGen: 341068K->196853K(465920K)] 724129K->615074K(1864192K), 0.0488160 secs] [Times: user=0.21 sys=0.00, real=0.05 secs] 
4282.177: [GC (Allocation Failure) [PSYoungGen: 429813K->179734K(465920K)] 848034K->660739K(1864192K), 0.0708586 secs] [Times: user=0.35 sys=0.00, real=0.07 secs] 
4282.370: [GC (Allocation Failure) [PSYoungGen: 412694K->186805K(465920K)] 893699K->725010K(1864192K), 0.0564333 secs] [Times: user=0.28 sys=0.00, real=0.05 secs] 
4283.371: [GC (Allocation Failure) [PSYoungGen: 419765K->101372K(465920K)] 957970K->709889K(1864192K), 0.0462503 secs] [Times: user=0.23 sys=0.00, real=0.04 secs] 
4283.702: [GC (GCLocker Initiated GC) [PSYoungGen: 334332K->174165K(465920K)] 942849K->816243K(1864192K), 0.0548385 secs] [Times: user=0.25 sys=0.01, real=0.05 secs] 
4283.888: [GC (Allocation Failure) [PSYoungGen: 407125K->185270K(465920K)] 1049498K->881803K(1864192K), 0.0452453 secs] [Times: user=0.20 sys=0.00, real=0.05 secs] 
4284.046: [GC (Allocation Failure) [PSYoungGen: 410580K->175829K(465920K)] 1107113K->936855K(1864192K), 0.0508066 secs] [Times: user=0.24 sys=0.01, real=0.05 secs] 
4286.249: [GC (Allocation Failure) [PSYoungGen: 406212K->190035K(465920K)] 1167238K->1006988K(1864192K), 0.0522826 secs] [Times: user=0.26 sys=0.00, real=0.06 secs] 
4287.469: [GC (Allocation Failure) [PSYoungGen: 422995K->101259K(465920K)] 1239948K->983013K(1864192K), 0.1058653 secs] [Times: user=0.57 sys=0.00, real=0.11 secs] 
4288.044: [GC (Allocation Failure) [PSYoungGen: 334219K->178453K(465920K)] 1215973K->1092651K(1864192K), 0.0454156 secs] [Times: user=0.20 sys=0.00, real=0.04 secs] 
4288.280: [GC (Allocation Failure) [PSYoungGen: 411413K->185750K(465920K)] 1325611K->1155851K(1864192K), 0.0632680 secs] [Times: user=0.30 sys=0.00, real=0.06 secs] 
4288.468: [GC (Allocation Failure) [PSYoungGen: 418710K->187637K(465920K)] 1388811K->1213962K(1864192K), 0.0469545 secs] [Times: user=0.22 sys=0.00, real=0.05 secs] 
4289.823: [GC (Allocation Failure) [PSYoungGen: 420597K->101708K(465920K)] 1446922K->1198569K(1864192K), 0.0458075 secs] [Times: user=0.24 sys=0.00, real=0.04 secs] 
4290.552: [GC (Allocation Failure) [PSYoungGen: 334668K->174421K(465920K)] 1431529K->1303663K(1864192K), 0.0608895 secs] [Times: user=0.28 sys=0.00, real=0.06 secs] 
4290.824: [GC (Allocation Failure) [PSYoungGen: 407381K->182421K(465920K)] 1536623K->1366484K(1864192K), 0.0541219 secs] [Times: user=0.26 sys=0.00, real=0.05 secs] 
4291.006: [GC (Allocation Failure) [PSYoungGen: 415381K->183286K(465920K)] 1599444K->1430677K(1864192K), 0.0507784 secs] [Times: user=0.24 sys=0.00, real=0.05 secs] 
4291.893: [GC (Allocation Failure) [PSYoungGen: 411814K->208915K(465920K)] 1659204K->1514442K(1864192K), 0.0567877 secs] [Times: user=0.28 sys=0.00, real=0.05 secs] 
4292.379: [GC (Allocation Failure) [PSYoungGen: 441875K->106300K(465920K)] 1747402K->1477451K(1864192K), 0.0702557 secs] [Times: user=0.37 sys=0.00, real=0.07 secs] 
4292.449: [Full GC (Ergonomics) [PSYoungGen: 106300K->0K(465920K)] [ParOldGen: 1371150K->123322K(1398272K)] 1477451K->123322K(1864192K), [Metaspace: 60357K->60357K(1105920K)], 0.1548119 secs] [Times: user=0.66 sys=0.00, real=0.16 secs] 
4292.866: [GC (Allocation Failure) [PSYoungGen: 232953K->177589K(465920K)] 356275K->300911K(1864192K), 0.0245987 secs] [Times: user=0.08 sys=0.00, real=0.03 secs] 
4293.008: [GC (Allocation Failure) [PSYoungGen: 410549K->185270K(465920K)] 533871K->364256K(1864192K), 0.0412358 secs] [Times: user=0.18 sys=0.00, real=0.04 secs] 
4293.165: [GC (Allocation Failure) [PSYoungGen: 418230K->187861K(465920K)] 597216K->422863K(1864192K), 0.0447888 secs] [Times: user=0.20 sys=0.00, real=0.04 secs] 
4294.335: [GC (Allocation Failure) [PSYoungGen: 420821K->98795K(465920K)] 655823K->404810K(1864192K), 0.0456138 secs] [Times: user=0.24 sys=0.00, real=0.05 secs] 
4295.376: [GC (Allocation Failure) [PSYoungGen: 331755K->175317K(465920K)] 637770K->513388K(1864192K), 0.0571659 secs] [Times: user=0.26 sys=0.00, real=0.06 secs] 
4295.621: [GC (Allocation Failure) [PSYoungGen: 408277K->182773K(465920K)] 746348K->575601K(1864192K), 0.0621912 secs] [Times: user=0.30 sys=0.00, real=0.06 secs] 
4295.859: [GC (Allocation Failure) [PSYoungGen: 415733K->183318K(465920K)] 808561K->640178K(1864192K), 0.0732414 secs] [Times: user=0.36 sys=0.00, real=0.08 secs] 
4296.786: [GC (Allocation Failure) [PSYoungGen: 416278K->169299K(465920K)] 873138K->684454K(1864192K), 0.0547665 secs] [Times: user=0.27 sys=0.00, real=0.06 secs] 
4297.847: [GC (Allocation Failure) [PSYoungGen: 402259K->108653K(465920K)] 917414K->688432K(1864192K), 0.0785097 secs] [Times: user=0.42 sys=0.00, real=0.08 secs] 
4298.220: [GC (Allocation Failure) [PSYoungGen: 341613K->194485K(465920K)] 921392K->809251K(1864192K), 0.0369219 secs] [Times: user=0.16 sys=0.00, real=0.03 secs] 
4298.377: [GC (Allocation Failure) [PSYoungGen: 427445K->184119K(465920K)] 1042211K->861457K(1864192K), 0.0496341 secs] [Times: user=0.24 sys=0.00, real=0.05 secs] 
4298.572: [GC (Allocation Failure) [PSYoungGen: 417079K->187029K(465920K)] 1094417K->922720K(1864192K), 0.0836966 secs] [Times: user=0.43 sys=0.00, real=0.08 secs] 
4299.605: [GC (Allocation Failure) [PSYoungGen: 419989K->95675K(465920K)] 1155680K->901886K(1864192K), 0.0553305 secs] [Times: user=0.30 sys=0.00, real=0.06 secs] 
4300.007: [GC (Allocation Failure) [PSYoungGen: 328635K->176565K(465920K)] 1134846K->1014213K(1864192K), 0.0554671 secs] [Times: user=0.26 sys=0.00, real=0.06 secs] 
4300.197: [GC (Allocation Failure) [PSYoungGen: 409525K->182261K(465920K)] 1247173K->1075105K(1864192K), 0.0440062 secs] [Times: user=0.20 sys=0.00, real=0.05 secs] 
4300.359: [GC (Allocation Failure) [PSYoungGen: 409523K->179734K(465920K)] 1302367K->1136210K(1864192K), 0.0497392 secs] [Times: user=0.24 sys=0.00, real=0.05 secs] 
4301.473: [GC (Allocation Failure) [PSYoungGen: 412694K->212222K(465920K)] 1369170K->1225837K(1864192K), 0.0488435 secs] [Times: user=0.24 sys=0.00, real=0.05 secs] 
4302.641: [GC (Allocation Failure) [PSYoungGen: 445182K->110205K(465920K)] 1458797K->1188421K(1864192K), 0.0878764 secs] [Times: user=0.47 sys=0.01, real=0.08 secs] 
4302.963: [GC (GCLocker Initiated GC) [PSYoungGen: 343165K->177077K(465920K)] 1421381K->1290950K(1864192K), 0.0363407 secs] [Times: user=0.15 sys=0.00, real=0.03 secs] 
4303.120: [GC (Allocation Failure) [PSYoungGen: 410037K->184823K(465920K)] 1524041K->1361051K(1864192K), 0.0506324 secs] [Times: user=0.23 sys=0.00, real=0.05 secs] 
4303.508: [GC (Allocation Failure) [PSYoungGen: 417783K->186069K(465920K)] 1594011K->1420817K(1864192K), 0.1079644 secs] [Times: user=0.57 sys=0.01, real=0.11 secs] 
4304.922: [GC (Allocation Failure) [PSYoungGen: 419029K->98683K(465920K)] 1653777K->1403480K(1864192K), 0.0867187 secs] [Times: user=0.47 sys=0.00, real=0.08 secs] 
4305.837: [GC (Allocation Failure) [PSYoungGen: 331643K->172308K(465920K)] 1636440K->1508478K(1864192K), 0.0587010 secs] [Times: user=0.28 sys=0.00, real=0.06 secs] 
4305.896: [Full GC (Ergonomics) [PSYoungGen: 172308K->0K(465920K)] [ParOldGen: 1336169K->198212K(1398272K)] 1508478K->198212K(1864192K), [Metaspace: 60357K->60357K(1105920K)], 0.2106700 secs] [Times: user=0.98 sys=0.00, real=0.21 secs] 
4306.227: [GC (Allocation Failure) [PSYoungGen: 232960K->193302K(465920K)] 431172K->391515K(1864192K), 0.0323639 secs] [Times: user=0.13 sys=0.01, real=0.03 secs] 
4306.400: [GC (Allocation Failure) [PSYoungGen: 417626K->178518K(465920K)] 615838K->441171K(1864192K), 0.0497337 secs] [Times: user=0.23 sys=0.00, real=0.04 secs] 
4307.285: [GC (Allocation Failure) [PSYoungGen: 411478K->169107K(465920K)] 674131K->488376K(1864192K), 0.0553720 secs] [Times: user=0.28 sys=0.00, real=0.06 secs] 
4307.991: [GC (Allocation Failure) [PSYoungGen: 402067K->107916K(465920K)] 721336K->491753K(1864192K), 0.0707662 secs] [Times: user=0.37 sys=0.00, real=0.07 secs] 
4308.427: [GC (Allocation Failure) [PSYoungGen: 333656K->175637K(465920K)] 717493K->593775K(1864192K), 0.0388031 secs] [Times: user=0.17 sys=0.00, real=0.04 secs] 
4308.605: [GC (Allocation Failure) [PSYoungGen: 408597K->182741K(465920K)] 826735K->655239K(1864192K), 0.0474166 secs] [Times: user=0.22 sys=0.00, real=0.05 secs] 
4308.793: [GC (Allocation Failure) [PSYoungGen: 415701K->187605K(465920K)] 888199K->715543K(1864192K), 0.0461204 secs] [Times: user=0.22 sys=0.00, real=0.04 secs] 
4309.963: [GC (Allocation Failure) [PSYoungGen: 420565K->103276K(465920K)] 948503K->701934K(1864192K), 0.0548734 secs] [Times: user=0.29 sys=0.00, real=0.05 secs] 
4311.017: [GC (Allocation Failure) [PSYoungGen: 336236K->169972K(465920K)] 934894K->802115K(1864192K), 0.0588739 secs] [Times: user=0.28 sys=0.00, real=0.06 secs] 
4311.262: [GC (Allocation Failure) [PSYoungGen: 402932K->185046K(465920K)] 1035075K->870853K(1864192K), 0.0604179 secs] [Times: user=0.29 sys=0.00, real=0.06 secs] 
4311.511: [GC (Allocation Failure) [PSYoungGen: 418006K->185559K(465920K)] 1103813K->935710K(1864192K), 0.0708882 secs] [Times: user=0.35 sys=0.00, real=0.07 secs] 
4312.427: [GC (Allocation Failure) [PSYoungGen: 418519K->168787K(465920K)] 1168670K->977929K(1864192K), 0.0538694 secs] [Times: user=0.27 sys=0.00, real=0.06 secs] 
4313.796: [GC (Allocation Failure) [PSYoungGen: 401747K->112189K(465920K)] 1210889K->985904K(1864192K), 0.1087223 secs] [Times: user=0.58 sys=0.00, real=0.11 secs] 
4314.319: [GC (Allocation Failure) [PSYoungGen: 345149K->180021K(465920K)] 1218864K->1089717K(1864192K), 0.0431114 secs] [Times: user=0.20 sys=0.00, real=0.05 secs] 
4314.507: [GC (Allocation Failure) [PSYoungGen: 412981K->182518K(465920K)] 1322677K->1155078K(1864192K), 0.0592679 secs] [Times: user=0.29 sys=0.00, real=0.06 secs] 
4314.706: [GC (Allocation Failure) [PSYoungGen: 415478K->187445K(465920K)] 1388038K->1218141K(1864192K), 0.0586032 secs] [Times: user=0.29 sys=0.00, real=0.06 secs] 
4315.756: [GC (Allocation Failure) [PSYoungGen: 420405K->96955K(465920K)] 1451101K->1198323K(1864192K), 0.0479608 secs] [Times: user=0.25 sys=0.00, real=0.05 secs] 
4316.185: [GC (Allocation Failure) [PSYoungGen: 329915K->176085K(465920K)] 1431283K->1308346K(1864192K), 0.0603840 secs] [Times: user=0.28 sys=0.00, real=0.06 secs] 
4316.406: [GC (Allocation Failure) [PSYoungGen: 409045K->185654K(465920K)] 1541306K->1373339K(1864192K), 0.0461442 secs] [Times: user=0.22 sys=0.00, real=0.05 secs] 
4316.563: [GC (Allocation Failure) [PSYoungGen: 418614K->188149K(465920K)] 1606299K->1432082K(1864192K), 0.0485030 secs] [Times: user=0.23 sys=0.00, real=0.05 secs] 
4317.502: [GC (Allocation Failure) [PSYoungGen: 421109K->151986K(465920K)] 1665042K->1466752K(1864192K), 0.0539651 secs] [Times: user=0.27 sys=0.00, real=0.05 secs] 
4317.556: [Full GC (Ergonomics) [PSYoungGen: 151986K->0K(465920K)] [ParOldGen: 1314765K->358142K(1398272K)] 1466752K->358142K(1864192K), [Metaspace: 60357K->60357K(1105920K)], 0.5773145 secs] [Times: user=2.53 sys=0.00, real=0.58 secs] 
4318.568: [GC (Allocation Failure) [PSYoungGen: 232960K->121086K(465920K)] 591102K->479229K(1864192K), 0.0182949 secs] [Times: user=0.06 sys=0.00, real=0.02 secs] 
4318.761: [GC (Allocation Failure) [PSYoungGen: 354046K->180213K(465920K)] 712189K->577415K(1864192K), 0.0369382 secs] [Times: user=0.15 sys=0.00, real=0.03 secs] 
4318.916: [GC (Allocation Failure) [PSYoungGen: 413173K->185111K(465920K)] 810375K->644928K(1864192K), 0.0489585 secs] [Times: user=0.22 sys=0.00, real=0.05 secs] 
4319.078: [GC (Allocation Failure) [PSYoungGen: 418071K->187189K(465920K)] 877888K->705759K(1864192K), 0.0569221 secs] [Times: user=0.28 sys=0.00, real=0.06 secs] 
4320.937: [GC (Allocation Failure) [PSYoungGen: 420149K->93243K(465920K)] 938719K->682541K(1864192K), 0.1156094 secs] [Times: user=0.64 sys=0.00, real=0.12 secs] 
4321.955: [GC (Allocation Failure) [PSYoungGen: 326203K->177941K(465920K)] 915501K->796904K(1864192K), 0.0424970 secs] [Times: user=0.18 sys=0.00, real=0.04 secs] 
4322.126: [GC (GCLocker Initiated GC) [PSYoungGen: 410901K->182613K(465920K)] 1029865K->857077K(1864192K), 0.0426322 secs] [Times: user=0.19 sys=0.00, real=0.04 secs] 
4322.316: [GC (Allocation Failure) [PSYoungGen: 415573K->187221K(465920K)] 1090039K->917383K(1864192K), 0.0571794 secs] [Times: user=0.28 sys=0.00, real=0.06 secs] 
4323.311: [GC (Allocation Failure) [PSYoungGen: 420181K->147218K(465920K)] 1150343K->947956K(1864192K), 0.0506507 secs] [Times: user=0.25 sys=0.00, real=0.05 secs] 
4323.985: [GC (Allocation Failure) [PSYoungGen: 380178K->125967K(465920K)] 1180916K->973296K(1864192K), 0.1405578 secs] [Times: user=0.78 sys=0.00, real=0.14 secs] 
4324.320: [GC (Allocation Failure) [PSYoungGen: 358927K->185525K(465920K)] 1206256K->1073243K(1864192K), 0.0386216 secs] [Times: user=0.16 sys=0.00, real=0.03 secs] 
4324.523: [GC (Allocation Failure) [PSYoungGen: 418485K->184150K(465920K)] 1306203K->1133637K(1864192K), 0.0709165 secs] [Times: user=0.35 sys=0.00, real=0.07 secs] 
4324.770: [GC (Allocation Failure) [PSYoungGen: 417110K->185237K(465920K)] 1366597K->1193251K(1864192K), 0.0785926 secs] [Times: user=0.40 sys=0.00, real=0.08 secs] 
4325.951: [GC (Allocation Failure) [PSYoungGen: 418197K->99372K(465920K)] 1426211K->1177306K(1864192K), 0.0690189 secs] [Times: user=0.37 sys=0.00, real=0.07 secs] 
4326.603: [GC (Allocation Failure) [PSYoungGen: 332332K->176021K(465920K)] 1410266K->1285917K(1864192K), 0.0513661 secs] [Times: user=0.24 sys=0.00, real=0.05 secs] 
4326.795: [GC (Allocation Failure) [PSYoungGen: 408981K->184822K(465920K)] 1518877K->1349881K(1864192K), 0.0441107 secs] [Times: user=0.20 sys=0.00, real=0.04 secs] 
4326.995: [GC (Allocation Failure) [PSYoungGen: 417782K->187925K(465920K)] 1582841K->1409285K(1864192K), 0.0623461 secs] [Times: user=0.31 sys=0.00, real=0.06 secs] 
4328.014: [GC (Allocation Failure) [PSYoungGen: 420885K->141361K(465920K)] 1642245K->1433545K(1864192K), 0.0503534 secs] [Times: user=0.25 sys=0.00, real=0.05 secs] 
4329.209: [GC (Allocation Failure) [PSYoungGen: 374321K->134896K(465920K)] 1666505K->1471892K(1864192K), 0.1437195 secs] [Times: user=0.79 sys=0.00, real=0.15 secs] 
4329.353: [Full GC (Ergonomics) [PSYoungGen: 134896K->0K(465920K)] [ParOldGen: 1336995K->151672K(1398272K)] 1471892K->151672K(1864192K), [Metaspace: 60358K->60358K(1105920K)], 0.1764662 secs] [Times: user=0.83 sys=0.00, real=0.17 secs] 
4329.649: [GC (Allocation Failure) [PSYoungGen: 232960K->177909K(465920K)] 384637K->329586K(1864192K), 0.0272719 secs] [Times: user=0.10 sys=0.01, real=0.03 secs] 
4329.821: [GC (Allocation Failure) [PSYoungGen: 410869K->181686K(465920K)] 562546K->395647K(1864192K), 0.0475246 secs] [Times: user=0.22 sys=0.00, real=0.04 secs] 
4329.981: [GC (Allocation Failure) [PSYoungGen: 414646K->187509K(465920K)] 628607K->459318K(1864192K), 0.0546605 secs] [Times: user=0.27 sys=0.00, real=0.05 secs] 
4331.077: [GC (Allocation Failure) [PSYoungGen: 420469K->99532K(465920K)] 692278K->442165K(1864192K), 0.0620681 secs] [Times: user=0.33 sys=0.00, real=0.06 secs] 
4331.628: [GC (Allocation Failure) [PSYoungGen: 332492K->179669K(465920K)] 675125K->553923K(1864192K), 0.0493268 secs] [Times: user=0.22 sys=0.00, real=0.05 secs] 
4331.821: [GC (Allocation Failure) [PSYoungGen: 412629K->183093K(465920K)] 786883K->613759K(1864192K), 0.0428195 secs] [Times: user=0.20 sys=0.00, real=0.04 secs] 
4331.978: [GC (Allocation Failure) [PSYoungGen: 416053K->187509K(465920K)] 846719K->673791K(1864192K), 0.0448718 secs] [Times: user=0.21 sys=0.00, real=0.05 secs] 
4332.950: [GC (Allocation Failure) [PSYoungGen: 420469K->131056K(465920K)] 906751K->688134K(1864192K), 0.0480680 secs] [Times: user=0.24 sys=0.00, real=0.04 secs] 
4333.373: [GC (Allocation Failure) [PSYoungGen: 364016K->147825K(465920K)] 921094K->746559K(1864192K), 0.0766687 secs] [Times: user=0.40 sys=0.00, real=0.08 secs] 
4333.598: [GC (Allocation Failure) [PSYoungGen: 380785K->183669K(465920K)] 979519K->827504K(1864192K), 0.0504137 secs] [Times: user=0.23 sys=0.00, real=0.05 secs] 
4333.774: [GC (Allocation Failure) [PSYoungGen: 416629K->182390K(465920K)] 1060464K->890073K(1864192K), 0.0494283 secs] [Times: user=0.24 sys=0.00, real=0.05 secs] 
4333.936: [GC (Allocation Failure) [PSYoungGen: 415350K->187349K(465920K)] 1123033K->953280K(1864192K), 0.0556780 secs] [Times: user=0.27 sys=0.01, real=0.06 secs] 
4336.005: [GC (Allocation Failure) [PSYoungGen: 420309K->94891K(465920K)] 1186240K->931406K(1864192K), 0.1184687 secs] [Times: user=0.65 sys=0.00, real=0.12 secs] 
4337.003: [GC (Allocation Failure) [PSYoungGen: 327851K->175957K(465920K)] 1164366K->1042945K(1864192K), 0.0485532 secs] [Times: user=0.21 sys=0.01, real=0.05 secs] 
4337.193: [GC (Allocation Failure) [PSYoungGen: 408917K->185366K(465920K)] 1275905K->1107450K(1864192K), 0.0446547 secs] [Times: user=0.20 sys=0.00, real=0.04 secs] 
4337.352: [GC (Allocation Failure) [PSYoungGen: 418326K->187637K(465920K)] 1340410K->1165793K(1864192K), 0.0466361 secs] [Times: user=0.22 sys=0.00, real=0.04 secs] 
4338.336: [GC (Allocation Failure) [PSYoungGen: 420597K->122991K(465920K)] 1398753K->1171711K(1864192K), 0.0481607 secs] [Times: user=0.24 sys=0.00, real=0.05 secs] 
4339.406: [GC (Allocation Failure) [PSYoungGen: 355924K->147057K(465920K)] 1404644K->1234785K(1864192K), 0.1073977 secs] [Times: user=0.58 sys=0.00, real=0.11 secs] 
4339.665: [GC (Allocation Failure) [PSYoungGen: 380017K->184790K(465920K)] 1467745K->1319315K(1864192K), 0.0418387 secs] [Times: user=0.18 sys=0.00, real=0.04 secs] 
4339.827: [GC (Allocation Failure) [PSYoungGen: 417750K->185719K(465920K)] 1552275K->1384380K(1864192K), 0.0523815 secs] [Times: user=0.24 sys=0.00, real=0.05 secs] 
4339.993: [GC (Allocation Failure) [PSYoungGen: 418679K->187253K(465920K)] 1617340K->1444914K(1864192K), 0.0593165 secs] [Times: user=0.30 sys=0.00, real=0.06 secs] 
4341.122: [GC (Allocation Failure) [PSYoungGen: 420213K->96187K(465920K)] 1677874K->1424320K(1864192K), 0.0465466 secs] [Times: user=0.24 sys=0.00, real=0.04 secs] 
4341.168: [Full GC (Ergonomics) [PSYoungGen: 96187K->0K(465920K)] [ParOldGen: 1328133K->105216K(1398272K)] 1424320K->105216K(1864192K), [Metaspace: 60358K->60358K(1105920K)], 0.0813841 secs] [Times: user=0.32 sys=0.00, real=0.09 secs] 
4341.541: [GC (Allocation Failure) [PSYoungGen: 232960K->176565K(465920K)] 338176K->281781K(1864192K), 0.0241368 secs] [Times: user=0.08 sys=0.00, real=0.02 secs] 
4341.736: [GC (Allocation Failure) [PSYoungGen: 409525K->185110K(465920K)] 514741K->345422K(1864192K), 0.0656700 secs] [Times: user=0.32 sys=0.00, real=0.07 secs] 
4342.204: [GC (Allocation Failure) [PSYoungGen: 418070K->186709K(465920K)] 578382K->402981K(1864192K), 0.0776656 secs] [Times: user=0.38 sys=0.00, real=0.08 secs] 
4343.795: [GC (Allocation Failure) [PSYoungGen: 419669K->114430K(465920K)] 635941K->400982K(1864192K), 0.0452539 secs] [Times: user=0.23 sys=0.00, real=0.05 secs] 
4344.494: [GC (GCLocker Initiated GC) [PSYoungGen: 347390K->159091K(465920K)] 633942K->482688K(1864192K), 0.0830127 secs] [Times: user=0.43 sys=0.00, real=0.08 secs] 
4344.715: [GC (Allocation Failure) [PSYoungGen: 392051K->182037K(465920K)] 715815K->555113K(1864192K), 0.0429357 secs] [Times: user=0.18 sys=0.00, real=0.04 secs] 
4344.883: [GC (Allocation Failure) [PSYoungGen: 414997K->185783K(465920K)] 788073K->622639K(1864192K), 0.0490693 secs] [Times: user=0.22 sys=0.00, real=0.05 secs] 
4345.741: [GC (Allocation Failure) [PSYoungGen: 418743K->183508K(465920K)] 855599K->679292K(1864192K), 0.1244794 secs] [Times: user=0.66 sys=0.00, real=0.12 secs] 
4347.136: [GC (Allocation Failure) [PSYoungGen: 416468K->95035K(465920K)] 912252K->659987K(1864192K), 0.0947283 secs] [Times: user=0.51 sys=0.00, real=0.10 secs] 
4347.607: [GC (Allocation Failure) [PSYoungGen: 327995K->180405K(465920K)] 892947K->775626K(1864192K), 0.0429208 secs] [Times: user=0.19 sys=0.00, real=0.05 secs] 
4347.772: [GC (Allocation Failure) [PSYoungGen: 413365K->185366K(465920K)] 1008586K->837155K(1864192K), 0.0456364 secs] [Times: user=0.21 sys=0.00, real=0.04 secs] 
4347.969: [GC (Allocation Failure) [PSYoungGen: 418326K->187253K(465920K)] 1070115K->895258K(1864192K), 0.0659025 secs] [Times: user=0.32 sys=0.00, real=0.07 secs] 
4349.039: [GC (Allocation Failure) [PSYoungGen: 420213K->107421K(465920K)] 1128218K->885854K(1864192K), 0.0469917 secs] [Times: user=0.25 sys=0.00, real=0.05 secs] 
4349.550: [GC (Allocation Failure) [PSYoungGen: 340381K->163315K(465920K)] 1118814K->976257K(1864192K), 0.0867841 secs] [Times: user=0.44 sys=0.00, real=0.09 secs] 
4349.860: [GC (Allocation Failure) [PSYoungGen: 396275K->182325K(465920K)] 1209217K->1046627K(1864192K), 0.0420796 secs] [Times: user=0.19 sys=0.00, real=0.04 secs] 
4350.047: [GC (Allocation Failure) [PSYoungGen: 415285K->185783K(465920K)] 1279587K->1113333K(1864192K), 0.0597339 secs] [Times: user=0.29 sys=0.00, real=0.06 secs] 
4350.247: [GC (Allocation Failure) [PSYoungGen: 418743K->187733K(465920K)] 1346293K->1174123K(1864192K), 0.0579627 secs] [Times: user=0.28 sys=0.00, real=0.06 secs] 
4351.844: [GC (Allocation Failure) [PSYoungGen: 420693K->91674K(465920K)] 1407083K->1148984K(1864192K), 0.0914029 secs] [Times: user=0.49 sys=0.00, real=0.09 secs] 
4352.223: [GC (Allocation Failure) [PSYoungGen: 324634K->183606K(465920K)] 1381944K->1270373K(1864192K), 0.0351966 secs] [Times: user=0.14 sys=0.00, real=0.03 secs] 
4352.374: [GC (Allocation Failure) [PSYoungGen: 416566K->182645K(465920K)] 1503333K->1326484K(1864192K), 0.0443323 secs] [Times: user=0.21 sys=0.00, real=0.04 secs] 
4352.572: [GC (Allocation Failure) [PSYoungGen: 415605K->187477K(465920K)] 1559444K->1386852K(1864192K), 0.0699441 secs] [Times: user=0.34 sys=0.00, real=0.07 secs] 
4353.839: [GC (Allocation Failure) [PSYoungGen: 420437K->104476K(465920K)] 1619812K->1374643K(1864192K), 0.0675970 secs] [Times: user=0.36 sys=0.01, real=0.07 secs] 
4355.352: [GC (Allocation Failure) [PSYoungGen: 337436K->162547K(465920K)] 1607603K->1466119K(1864192K), 0.0991443 secs] [Times: user=0.51 sys=0.00, real=0.10 secs] 
4355.621: [GC (Allocation Failure) [PSYoungGen: 395507K->185334K(465920K)] 1699079K->1539726K(1864192K), 0.0423645 secs] [Times: user=0.19 sys=0.00, real=0.04 secs] 
4355.663: [Full GC (Ergonomics) [PSYoungGen: 185334K->0K(465920K)] [ParOldGen: 1354391K->255318K(1398272K)] 1539726K->255318K(1864192K), [Metaspace: 60358K->60358K(1105920K)], 0.3189200 secs] [Times: user=1.48 sys=0.00, real=0.32 secs] 
4356.098: [GC (Allocation Failure) [PSYoungGen: 232960K->185943K(465920K)] 488278K->441261K(1864192K), 0.0789497 secs] [Times: user=0.40 sys=0.00, real=0.08 secs] 
4356.290: [GC (Allocation Failure) [PSYoungGen: 418903K->184244K(465920K)] 674221K->498443K(1864192K), 0.0552552 secs] [Times: user=0.26 sys=0.01, real=0.06 secs] 
4357.413: [GC (Allocation Failure) [PSYoungGen: 417204K->91994K(465920K)] 731403K->475665K(1864192K), 0.0409386 secs] [Times: user=0.21 sys=0.00, real=0.04 secs] 
4357.713: [GC (Allocation Failure) [PSYoungGen: 324954K->183542K(465920K)] 708625K->597265K(1864192K), 0.0341201 secs] [Times: user=0.14 sys=0.00, real=0.03 secs] 
4357.888: [GC (Allocation Failure) [PSYoungGen: 416502K->185526K(465920K)] 830225K->656285K(1864192K), 0.0487392 secs] [Times: user=0.23 sys=0.00, real=0.05 secs] 
4358.076: [GC (Allocation Failure) [PSYoungGen: 418486K->187253K(465920K)] 889245K->714228K(1864192K), 0.0464291 secs] [Times: user=0.22 sys=0.00, real=0.05 secs] 
4359.100: [GC (Allocation Failure) [PSYoungGen: 420213K->102732K(465920K)] 947188K->700459K(1864192K), 0.0447977 secs] [Times: user=0.23 sys=0.00, real=0.04 secs] 
4360.317: [GC (Allocation Failure) [PSYoungGen: 335692K->168468K(465920K)] 933419K->799712K(1864192K), 0.0841122 secs] [Times: user=0.42 sys=0.01, real=0.09 secs] 
4360.608: [GC (Allocation Failure) [PSYoungGen: 401428K->182101K(465920K)] 1032672K->865894K(1864192K), 0.0460596 secs] [Times: user=0.21 sys=0.00, real=0.05 secs] 
4360.805: [GC (Allocation Failure) [PSYoungGen: 415061K->185943K(465920K)] 1098854K->933543K(1864192K), 0.0741099 secs] [Times: user=0.36 sys=0.00, real=0.07 secs] 
4361.259: [GC (Allocation Failure) [PSYoungGen: 418694K->218581K(465920K)] 1166294K->1025165K(1864192K), 0.0737840 secs] [Times: user=0.38 sys=0.00, real=0.08 secs] 
4362.543: [GC (Allocation Failure) [PSYoungGen: 451541K->96091K(465920K)] 1258125K->972531K(1864192K), 0.0909505 secs] [Times: user=0.49 sys=0.00, real=0.09 secs] 
4362.955: [GC (Allocation Failure) [PSYoungGen: 329051K->183510K(465920K)] 1205491K->1090631K(1864192K), 0.0368060 secs] [Times: user=0.15 sys=0.00, real=0.04 secs] 
4363.108: [GC (Allocation Failure) [PSYoungGen: 416470K->185014K(465920K)] 1323591K->1149311K(1864192K), 0.0446558 secs] [Times: user=0.20 sys=0.00, real=0.05 secs] 
4363.265: [GC (Allocation Failure) [PSYoungGen: 417974K->186965K(465920K)] 1382271K->1207318K(1864192K), 0.0465713 secs] [Times: user=0.22 sys=0.00, real=0.05 secs] 
4364.293: [GC (Allocation Failure) [PSYoungGen: 419925K->96875K(465920K)] 1440278K->1187637K(1864192K), 0.0448666 secs] [Times: user=0.24 sys=0.00, real=0.04 secs] 
4364.789: [GC (Allocation Failure) [PSYoungGen: 329835K->173397K(465920K)] 1420597K->1295727K(1864192K), 0.0787604 secs] [Times: user=0.39 sys=0.00, real=0.08 secs] 
4365.085: [GC (Allocation Failure) [PSYoungGen: 406357K->185078K(465920K)] 1528687K->1361448K(1864192K), 0.0543957 secs] [Times: user=0.26 sys=0.00, real=0.06 secs] 
4365.278: [GC (Allocation Failure) [PSYoungGen: 418038K->185911K(465920K)] 1594408K->1427049K(1864192K), 0.0534081 secs] [Times: user=0.22 sys=0.00, real=0.06 secs] 
4366.112: [GC (Allocation Failure) [PSYoungGen: 418617K->209075K(465920K)] 1659756K->1509133K(1864192K), 0.0563167 secs] [Times: user=0.28 sys=0.00, real=0.05 secs] 
4366.760: [GC (GCLocker Initiated GC) [PSYoungGen: 442035K->102300K(465920K)] 1742093K->1468094K(1864192K), 0.0778408 secs] [Times: user=0.42 sys=0.01, real=0.07 secs] 
4366.838: [Full GC (Ergonomics) [PSYoungGen: 102300K->0K(465920K)] [ParOldGen: 1365794K->119956K(1398272K)] 1468094K->119956K(1864192K), [Metaspace: 60358K->60358K(1105920K)], 0.1575569 secs] [Times: user=0.69 sys=0.00, real=0.16 secs] 
4367.468: [GC (Allocation Failure) [PSYoungGen: 232960K->178134K(465920K)] 361111K->306285K(1864192K), 0.0776476 secs] [Times: user=0.40 sys=0.00, real=0.08 secs] 
4367.665: [GC (Allocation Failure) [PSYoungGen: 411094K->184695K(465920K)] 539245K->369606K(1864192K), 0.1628365 secs] [Times: user=0.91 sys=0.00, real=0.16 secs] 
4368.042: [GC (Allocation Failure) [PSYoungGen: 417655K->200628K(465920K)] 602566K->444308K(1864192K), 0.0680344 secs] [Times: user=0.35 sys=0.00, real=0.07 secs] 
4369.406: [GC (Allocation Failure) [PSYoungGen: 433588K->97307K(465920K)] 677268K->410491K(1864192K), 0.0728176 secs] [Times: user=0.39 sys=0.00, real=0.07 secs] 
4370.720: [GC (Allocation Failure) [PSYoungGen: 330267K->170068K(465920K)] 643451K->514256K(1864192K), 0.0561397 secs] [Times: user=0.26 sys=0.00, real=0.06 secs] 
4370.924: [GC (Allocation Failure) [PSYoungGen: 403028K->185622K(465920K)] 747216K->583374K(1864192K), 0.0421858 secs] [Times: user=0.19 sys=0.00, real=0.04 secs] 
4371.107: [GC (Allocation Failure) [PSYoungGen: 417675K->182710K(465920K)] 815428K->644863K(1864192K), 0.0692011 secs] [Times: user=0.35 sys=0.00, real=0.07 secs] 
4372.095: [GC (Allocation Failure) [PSYoungGen: 415670K->168275K(465920K)] 877823K->688427K(1864192K), 0.0559444 secs] [Times: user=0.28 sys=0.00, real=0.06 secs] 
4372.933: [GC (Allocation Failure) [PSYoungGen: 401235K->108748K(465920K)] 921387K->693429K(1864192K), 0.0701789 secs] [Times: user=0.36 sys=0.00, real=0.07 secs] 
4373.200: [GC (Allocation Failure) [PSYoungGen: 341708K->196149K(465920K)] 926389K->815729K(1864192K), 0.0380922 secs] [Times: user=0.16 sys=0.00, real=0.04 secs] 
4373.405: [GC (Allocation Failure) [PSYoungGen: 429109K->184407K(465920K)] 1048689K->866890K(1864192K), 0.0751153 secs] [Times: user=0.37 sys=0.00, real=0.08 secs] 
4373.646: [GC (Allocation Failure) [PSYoungGen: 417367K->187285K(465920K)] 1099850K->928409K(1864192K), 0.0745436 secs] [Times: user=0.39 sys=0.00, real=0.08 secs] 
4374.855: [GC (Allocation Failure) [PSYoungGen: 420245K->102428K(465920K)] 1161369K->914416K(1864192K), 0.0726005 secs] [Times: user=0.39 sys=0.01, real=0.07 secs] 
4375.757: [GC (Allocation Failure) [PSYoungGen: 335388K->170196K(465920K)] 1147376K->1015069K(1864192K), 0.0646893 secs] [Times: user=0.31 sys=0.00, real=0.07 secs] 
4376.038: [GC (Allocation Failure) [PSYoungGen: 403156K->185462K(465920K)] 1248029K->1084059K(1864192K), 0.0551167 secs] [Times: user=0.27 sys=0.00, real=0.06 secs] 
4376.231: [GC (Allocation Failure) [PSYoungGen: 409400K->175829K(465920K)] 1307997K->1138875K(1864192K), 0.0641627 secs] [Times: user=0.32 sys=0.00, real=0.06 secs] 
4377.214: [GC (Allocation Failure) [PSYoungGen: 408789K->169043K(465920K)] 1371835K->1188032K(1864192K), 0.0544231 secs] [Times: user=0.27 sys=0.00, real=0.05 secs] 
4377.981: [GC (Allocation Failure) [PSYoungGen: 402003K->116782K(465920K)] 1420992K->1200491K(1864192K), 0.0929735 secs] [Times: user=0.49 sys=0.01, real=0.09 secs] 
4378.301: [GC (Allocation Failure) [PSYoungGen: 349742K->179285K(465920K)] 1433451K->1299631K(1864192K), 0.0381535 secs] [Times: user=0.16 sys=0.00, real=0.03 secs] 
4378.455: [GC (Allocation Failure) [PSYoungGen: 412245K->185303K(465920K)] 1532591K->1368745K(1864192K), 0.0511985 secs] [Times: user=0.24 sys=0.00, real=0.05 secs] 
4378.640: [GC (Allocation Failure) [PSYoungGen: 418263K->184661K(465920K)] 1601705K->1426742K(1864192K), 0.0816696 secs] [Times: user=0.42 sys=0.00, real=0.08 secs] 
4380.188: [GC (Allocation Failure) [PSYoungGen: 417621K->96587K(465920K)] 1659702K->1408537K(1864192K), 0.1074352 secs] [Times: user=0.60 sys=0.00, real=0.11 secs] 
4380.295: [Full GC (Ergonomics) [PSYoungGen: 96587K->0K(465920K)] [ParOldGen: 1311950K->93913K(1398272K)] 1408537K->93913K(1864192K), [Metaspace: 60358K->60358K(1105920K)], 0.0825371 secs] [Times: user=0.30 sys=0.00, real=0.08 secs] 
4381.111: [GC (Allocation Failure) [PSYoungGen: 232960K->176405K(465920K)] 326873K->270319K(1864192K), 0.0336279 secs] [Times: user=0.12 sys=0.00, real=0.03 secs] 
4381.286: [GC (Allocation Failure) [PSYoungGen: 409365K->185622K(465920K)] 503279K->334760K(1864192K), 0.0422244 secs] [Times: user=0.19 sys=0.00, real=0.04 secs] 
4381.439: [GC (Allocation Failure) [PSYoungGen: 418582K->188309K(465920K)] 567720K->393599K(1864192K), 0.0447432 secs] [Times: user=0.20 sys=0.00, real=0.05 secs] 
4382.362: [GC (Allocation Failure) [PSYoungGen: 421269K->148786K(465920K)] 626559K->425156K(1864192K), 0.0499528 secs] [Times: user=0.24 sys=0.00, real=0.05 secs] 
4382.869: [GC (Allocation Failure) [PSYoungGen: 381746K->121966K(465920K)] 658116K->445512K(1864192K), 0.1060768 secs] [Times: user=0.59 sys=0.01, real=0.11 secs] 
4383.116: [GC (Allocation Failure) [PSYoungGen: 354926K->179797K(465920K)] 678472K->542240K(1864192K), 0.0371477 secs] [Times: user=0.16 sys=0.00, real=0.04 secs] 
4383.298: [GC (Allocation Failure) [PSYoungGen: 412757K->185943K(465920K)] 775200K->611402K(1864192K), 0.0552255 secs] [Times: user=0.26 sys=0.00, real=0.06 secs] 
4383.474: [GC (Allocation Failure) [PSYoungGen: 418903K->186837K(465920K)] 844362K->671388K(1864192K), 0.0568085 secs] [Times: user=0.28 sys=0.00, real=0.06 secs] 
4385.112: [GC (Allocation Failure) [PSYoungGen: 419797K->92715K(465920K)] 904348K->647682K(1864192K), 0.1156555 secs] [Times: user=0.64 sys=0.00, real=0.11 secs] 
4386.187: [GC (Allocation Failure) [PSYoungGen: 325675K->178325K(465920K)] 880642K->763561K(1864192K), 0.0468943 secs] [Times: user=0.21 sys=0.00, real=0.05 secs] 
4386.372: [GC (Allocation Failure) [PSYoungGen: 411285K->185206K(465920K)] 996521K->825730K(1864192K), 0.0447281 secs] [Times: user=0.21 sys=0.00, real=0.04 secs] 
4386.559: [GC (Allocation Failure) [PSYoungGen: 418166K->184981K(465920K)] 1058690K->881809K(1864192K), 0.0525538 secs] [Times: user=0.26 sys=0.00, real=0.06 secs] 
4388.136: [GC (Allocation Failure) [PSYoungGen: 417941K->146578K(465920K)] 1114769K->913230K(1864192K), 0.0515673 secs] [Times: user=0.25 sys=0.00, real=0.05 secs] 
4389.110: [GC (Allocation Failure) [PSYoungGen: 379538K->127951K(465920K)] 1146190K->940875K(1864192K), 0.1152472 secs] [Times: user=0.63 sys=0.00, real=0.11 secs] 
4389.407: [GC (Allocation Failure) [PSYoungGen: 360911K->180373K(465920K)] 1173835K->1034446K(1864192K), 0.0385377 secs] [Times: user=0.17 sys=0.00, real=0.04 secs] 
4389.563: [GC (Allocation Failure) [PSYoungGen: 413333K->185975K(465920K)] 1267406K->1102744K(1864192K), 0.0494875 secs] [Times: user=0.23 sys=0.00, real=0.05 secs] 
4389.749: [GC (Allocation Failure) [PSYoungGen: 418935K->186933K(465920K)] 1335704K->1162622K(1864192K), 0.0606104 secs] [Times: user=0.30 sys=0.00, real=0.07 secs] 
4390.839: [GC (Allocation Failure) [PSYoungGen: 419893K->92411K(465920K)] 1395582K->1138720K(1864192K), 0.0477230 secs] [Times: user=0.26 sys=0.00, real=0.05 secs] 
4391.354: [GC (Allocation Failure) [PSYoungGen: 325371K->179381K(465920K)] 1371680K->1255211K(1864192K), 0.0542324 secs] [Times: user=0.24 sys=0.00, real=0.05 secs] 
4391.568: [GC (Allocation Failure) [PSYoungGen: 412341K->185718K(465920K)] 1488171K->1317760K(1864192K), 0.0443222 secs] [Times: user=0.20 sys=0.00, real=0.05 secs] 
4391.751: [GC (Allocation Failure) [PSYoungGen: 418678K->187925K(465920K)] 1550720K->1376367K(1864192K), 0.0505900 secs] [Times: user=0.24 sys=0.00, real=0.05 secs] 
4392.766: [GC (Allocation Failure) [PSYoungGen: 420885K->133840K(465920K)] 1609327K->1393074K(1864192K), 0.0499598 secs] [Times: user=0.25 sys=0.00, real=0.05 secs] 
4394.286: [GC (Allocation Failure) [PSYoungGen: 366800K->138144K(465920K)] 1626034K->1439898K(1864192K), 0.1383699 secs] [Times: user=0.76 sys=0.00, real=0.14 secs] 
4394.602: [GC (Allocation Failure) [PSYoungGen: 371104K->177269K(465920K)] 1672858K->1523216K(1864192K), 0.0401592 secs] [Times: user=0.18 sys=0.00, real=0.04 secs] 
4394.643: [Full GC (Ergonomics) [PSYoungGen: 177269K->0K(465920K)] [ParOldGen: 1345947K->238402K(1398272K)] 1523216K->238402K(1864192K), [Metaspace: 60358K->60358K(1105920K)], 0.2783805 secs] [Times: user=1.27 sys=0.01, real=0.28 secs] 
4395.039: [GC (Allocation Failure) [PSYoungGen: 232960K->185623K(465920K)] 471362K->424025K(1864192K), 0.0870513 secs] [Times: user=0.45 sys=0.00, real=0.09 secs] 
4395.239: [GC (Allocation Failure) [PSYoungGen: 418583K->187253K(465920K)] 656985K->484439K(1864192K), 0.0570355 secs] [Times: user=0.29 sys=0.00, real=0.06 secs] 
4396.876: [GC (Allocation Failure) [PSYoungGen: 420213K->93355K(465920K)] 717399K->461101K(1864192K), 0.1060913 secs] [Times: user=0.57 sys=0.00, real=0.11 secs] 
4397.485: [GC (Allocation Failure) [PSYoungGen: 326315K->177845K(465920K)] 694061K->575816K(1864192K), 0.0404472 secs] [Times: user=0.17 sys=0.00, real=0.04 secs] 
4397.647: [GC (Allocation Failure) [PSYoungGen: 410805K->185366K(465920K)] 808776K->638833K(1864192K), 0.0431606 secs] [Times: user=0.19 sys=0.00, real=0.05 secs] 
4397.828: [GC (Allocation Failure) [PSYoungGen: 418326K->187445K(465920K)] 871793K->697048K(1864192K), 0.0598726 secs] [Times: user=0.29 sys=0.00, real=0.06 secs] 
4398.873: [GC (Allocation Failure) [PSYoungGen: 420405K->128752K(465920K)] 930008K->709187K(1864192K), 0.0481249 secs] [Times: user=0.24 sys=0.00, real=0.05 secs] 
4399.271: [GC (Allocation Failure) [PSYoungGen: 359221K->141649K(465920K)] 939656K->762972K(1864192K), 0.1102963 secs] [Times: user=0.60 sys=0.00, real=0.11 secs] 
4399.559: [GC (Allocation Failure) [PSYoungGen: 374609K->179957K(465920K)] 995932K->846441K(1864192K), 0.0393024 secs] [Times: user=0.17 sys=0.00, real=0.04 secs] 
4399.717: [GC (Allocation Failure) [PSYoungGen: 412917K->185847K(465920K)] 1079401K->915031K(1864192K), 0.0488007 secs] [Times: user=0.22 sys=0.00, real=0.05 secs] 
4399.877: [GC (Allocation Failure) [PSYoungGen: 418807K->184180K(465920K)] 1147991K->972365K(1864192K), 0.0539576 secs] [Times: user=0.26 sys=0.00, real=0.06 secs] 
4401.345: [GC (Allocation Failure) [PSYoungGen: 417140K->94539K(465920K)] 1205325K->952219K(1864192K), 0.1094961 secs] [Times: user=0.60 sys=0.01, real=0.11 secs] 
4401.879: [GC (Allocation Failure) [PSYoungGen: 327499K->180117K(465920K)] 1185179K->1068695K(1864192K), 0.0427728 secs] [Times: user=0.19 sys=0.00, real=0.05 secs] 
4402.045: [GC (Allocation Failure) [PSYoungGen: 413077K->185462K(465920K)] 1301655K->1130039K(1864192K), 0.0464449 secs] [Times: user=0.21 sys=0.00, real=0.05 secs] 
4402.228: [GC (Allocation Failure) [PSYoungGen: 418422K->187093K(465920K)] 1362999K->1187934K(1864192K), 0.0535075 secs] [Times: user=0.26 sys=0.00, real=0.06 secs] 
4403.251: [GC (Allocation Failure) [PSYoungGen: 420053K->122159K(465920K)] 1420894K->1193432K(1864192K), 0.0500807 secs] [Times: user=0.26 sys=0.00, real=0.05 secs] 
4406.051: [GC (Allocation Failure) [PSYoungGen: 355119K->141105K(465920K)] 1426392K->1251122K(1864192K), 0.1387419 secs] [Times: user=0.76 sys=0.00, real=0.13 secs] 
4406.360: [GC (Allocation Failure) [PSYoungGen: 374065K->179957K(465920K)] 1484082K->1335191K(1864192K), 0.0397880 secs] [Times: user=0.18 sys=0.00, real=0.04 secs] 
4406.518: [GC (Allocation Failure) [PSYoungGen: 412917K->186295K(465920K)] 1568151K->1404193K(1864192K), 0.0498009 secs] [Times: user=0.23 sys=0.00, real=0.05 secs] 
4406.704: [GC (Allocation Failure) [PSYoungGen: 419255K->187605K(465920K)] 1637153K->1464591K(1864192K), 0.0622092 secs] [Times: user=0.32 sys=0.00, real=0.06 secs] 
4407.778: [GC (GCLocker Initiated GC) [PSYoungGen: 420565K->92075K(465920K)] 1697551K->1439721K(1864192K), 0.0577626 secs] [Times: user=0.31 sys=0.00, real=0.06 secs] 
4407.836: [Full GC (Ergonomics) [PSYoungGen: 92075K->0K(465920K)] [ParOldGen: 1347646K->99133K(1398272K)] 1439721K->99133K(1864192K), [Metaspace: 60358K->60358K(1105920K)], 0.0798019 secs] [Times: user=0.32 sys=0.01, real=0.08 secs] 
4408.369: [GC (Allocation Failure) [PSYoungGen: 232960K->176949K(465920K)] 332132K->276121K(1864192K), 0.0313805 secs] [Times: user=0.11 sys=0.00, real=0.04 secs] 
4408.531: [GC (Allocation Failure) [PSYoungGen: 409909K->185110K(465920K)] 509081K->339570K(1864192K), 0.0427594 secs] [Times: user=0.19 sys=0.00, real=0.04 secs] 
4408.688: [GC (Allocation Failure) [PSYoungGen: 418070K->187253K(465920K)] 572530K->397761K(1864192K), 0.0452538 secs] [Times: user=0.21 sys=0.01, real=0.05 secs] 
4409.787: [GC (Allocation Failure) [PSYoungGen: 420213K->124943K(465920K)] 630721K->406108K(1864192K), 0.0471429 secs] [Times: user=0.23 sys=0.00, real=0.05 secs] 
4412.075: [GC (Allocation Failure) [PSYoungGen: 356605K->141169K(465920K)] 637770K->461901K(1864192K), 0.1209044 secs] [Times: user=0.66 sys=0.00, real=0.12 secs] 
4412.362: [GC (Allocation Failure) [PSYoungGen: 374129K->177557K(465920K)] 694861K->543498K(1864192K), 0.0386914 secs] [Times: user=0.17 sys=0.00, real=0.04 secs] 
4412.546: [GC (Allocation Failure) [PSYoungGen: 410517K->185815K(465920K)] 776458K->613972K(1864192K), 0.0711812 secs] [Times: user=0.35 sys=0.01, real=0.07 secs] 
4412.757: [GC (Allocation Failure) [PSYoungGen: 418775K->187253K(465920K)] 846932K->674282K(1864192K), 0.0575148 secs] [Times: user=0.28 sys=0.00, real=0.06 secs] 
4413.922: [GC (Allocation Failure) [PSYoungGen: 420213K->97355K(465920K)] 907242K->654953K(1864192K), 0.0567010 secs] [Times: user=0.30 sys=0.00, real=0.05 secs] 
4414.381: [GC (Allocation Failure) [PSYoungGen: 330315K->176661K(465920K)] 887913K->765547K(1864192K), 0.0474762 secs] [Times: user=0.21 sys=0.00, real=0.04 secs] 
4414.571: [GC (Allocation Failure) [PSYoungGen: 409621K->193302K(465920K)] 998507K->837640K(1864192K), 0.0432011 secs] [Times: user=0.20 sys=0.00, real=0.04 secs] 
4414.729: [GC (Allocation Failure) [PSYoungGen: 426262K->187573K(465920K)] 1070600K->888223K(1864192K), 0.0453267 secs] [Times: user=0.21 sys=0.00, real=0.05 secs] 
4415.721: [GC (Allocation Failure) [PSYoungGen: 420533K->122127K(465920K)] 1121183K->893353K(1864192K), 0.0470329 secs] [Times: user=0.23 sys=0.00, real=0.04 secs] 
4416.322: [GC (Allocation Failure) [PSYoungGen: 355087K->149201K(465920K)] 1126313K->959228K(1864192K), 0.0981673 secs] [Times: user=0.53 sys=0.00, real=0.10 secs] 
4416.626: [GC (Allocation Failure) [PSYoungGen: 382161K->181845K(465920K)] 1192188K->1038965K(1864192K), 0.0441943 secs] [Times: user=0.20 sys=0.00, real=0.05 secs] 
4416.830: [GC (Allocation Failure) [PSYoungGen: 414805K->186039K(465920K)] 1271925K->1106558K(1864192K), 0.0590608 secs] [Times: user=0.29 sys=0.00, real=0.05 secs] 
4417.002: [GC (Allocation Failure) [PSYoungGen: 418999K->187317K(465920K)] 1339518K->1166924K(1864192K), 0.0560581 secs] [Times: user=0.27 sys=0.00, real=0.05 secs] 
4418.130: [GC (Allocation Failure) [PSYoungGen: 420277K->98219K(465920K)] 1399884K->1148467K(1864192K), 0.0653673 secs] [Times: user=0.35 sys=0.00, real=0.06 secs] 
4418.670: [GC (Allocation Failure) [PSYoungGen: 331179K->179733K(465920K)] 1381427K->1261518K(1864192K), 0.0462800 secs] [Times: user=0.20 sys=0.00, real=0.04 secs] 
4418.847: [GC (Allocation Failure) [PSYoungGen: 412693K->185430K(465920K)] 1494478K->1323510K(1864192K), 0.0435823 secs] [Times: user=0.20 sys=0.00, real=0.05 secs] 
4419.001: [GC (Allocation Failure) [PSYoungGen: 418390K->187733K(465920K)] 1556470K->1381989K(1864192K), 0.0455025 secs] [Times: user=0.21 sys=0.00, real=0.04 secs] 
4420.054: [GC (Allocation Failure) [PSYoungGen: 420693K->110317K(465920K)] 1614949K->1375350K(1864192K), 0.0461900 secs] [Times: user=0.24 sys=0.00, real=0.05 secs] 
4421.787: [GC (Allocation Failure) [PSYoungGen: 343277K->160467K(465920K)] 1608310K->1460796K(1864192K), 0.0832605 secs] [Times: user=0.43 sys=0.00, real=0.09 secs] 
4422.012: [GC (Allocation Failure) [PSYoungGen: 393427K->185206K(465920K)] 1693756K->1535507K(1864192K), 0.0424879 secs] [Times: user=0.18 sys=0.00, real=0.04 secs] 
4422.055: [Full GC (Ergonomics) [PSYoungGen: 185206K->0K(465920K)] [ParOldGen: 1350301K->253090K(1398272K)] 1535507K->253090K(1864192K), [Metaspace: 60358K->60358K(1105920K)], 0.3144924 secs] [Times: user=1.45 sys=0.00, real=0.31 secs] 
4422.487: [GC (Allocation Failure) [PSYoungGen: 232960K->182838K(465920K)] 486050K->435929K(1864192K), 0.0837351 secs] [Times: user=0.44 sys=0.00, real=0.09 secs] 
4422.686: [GC (Allocation Failure) [PSYoungGen: 415798K->187637K(465920K)] 668889K->499112K(1864192K), 0.0559849 secs] [Times: user=0.27 sys=0.00, real=0.06 secs] 
4423.762: [GC (Allocation Failure) [PSYoungGen: 420597K->92042K(465920K)] 732072K->474225K(1864192K), 0.0504926 secs] [Times: user=0.27 sys=0.00, real=0.05 secs] 
4424.153: [GC (Allocation Failure) [PSYoungGen: 325002K->183094K(465920K)] 707185K->594274K(1864192K), 0.0338748 secs] [Times: user=0.14 sys=0.00, real=0.03 secs] 
4424.302: [GC (Allocation Failure) [PSYoungGen: 416054K->185782K(465920K)] 827234K->654234K(1864192K), 0.0438825 secs] [Times: user=0.19 sys=0.00, real=0.04 secs] 
4424.456: [GC (Allocation Failure) [PSYoungGen: 418742K->187445K(465920K)] 887194K->712273K(1864192K), 0.0455746 secs] [Times: user=0.21 sys=0.00, real=0.05 secs] 
4425.444: [GC (Allocation Failure) [PSYoungGen: 420405K->102204K(465920K)] 945233K->697520K(1864192K), 0.0449258 secs] [Times: user=0.24 sys=0.00, real=0.04 secs] 
4426.306: [GC (Allocation Failure) [PSYoungGen: 335164K->167572K(465920K)] 930480K->796501K(1864192K), 0.0692351 secs] [Times: user=0.34 sys=0.00, real=0.07 secs] 
4426.531: [GC (Allocation Failure) [PSYoungGen: 400532K->185078K(465920K)] 1029461K->865919K(1864192K), 0.0432860 secs] [Times: user=0.19 sys=0.00, real=0.04 secs] 
4427.008: [GC (Allocation Failure) [PSYoungGen: 418038K->185591K(465920K)] 1098879K->930720K(1864192K), 0.0935109 secs] [Times: user=0.47 sys=0.00, real=0.10 secs] 
4427.258: [GC (Allocation Failure) [PSYoungGen: 418551K->184148K(465920K)] 1163680K->988325K(1864192K), 0.0558106 secs] [Times: user=0.28 sys=0.00, real=0.06 secs] 
4429.936: [GC (Allocation Failure) [PSYoungGen: 417108K->90442K(465920K)] 1221285K->964067K(1864192K), 0.1097630 secs] [Times: user=0.60 sys=0.01, real=0.11 secs] 
4430.472: [GC (Allocation Failure) [PSYoungGen: 323402K->183542K(465920K)] 1197027K->1085976K(1864192K), 0.0375495 secs] [Times: user=0.16 sys=0.00, real=0.03 secs] 
4430.648: [GC (Allocation Failure) [PSYoungGen: 416502K->183157K(465920K)] 1318936K->1142635K(1864192K), 0.0648167 secs] [Times: user=0.32 sys=0.00, real=0.07 secs] 
4430.852: [GC (Allocation Failure) [PSYoungGen: 416117K->187669K(465920K)] 1375595K->1203043K(1864192K), 0.0470966 secs] [Times: user=0.22 sys=0.00, real=0.04 secs] 
4431.865: [GC (Allocation Failure) [PSYoungGen: 420629K->102028K(465920K)] 1436003K->1188090K(1864192K), 0.0557650 secs] [Times: user=0.30 sys=0.01, real=0.06 secs] 
4432.522: [GC (Allocation Failure) [PSYoungGen: 334988K->170964K(465920K)] 1421050K->1289679K(1864192K), 0.0806679 secs] [Times: user=0.41 sys=0.00, real=0.08 secs] 
4432.756: [GC (Allocation Failure) [PSYoungGen: 403924K->185622K(465920K)] 1522639K->1358013K(1864192K), 0.0441321 secs] [Times: user=0.20 sys=0.00, real=0.05 secs] 
4432.917: [GC (Allocation Failure) [PSYoungGen: 418582K->185751K(465920K)] 1590973K->1422654K(1864192K), 0.0509746 secs] [Times: user=0.24 sys=0.00, real=0.05 secs] 
4433.209: [GC (Allocation Failure) [PSYoungGen: 418711K->215348K(465920K)] 1655614K->1511163K(1864192K), 0.0556406 secs] [Times: user=0.28 sys=0.01, real=0.06 secs] 
4434.308: [GC (Allocation Failure) [PSYoungGen: 448308K->94043K(465920K)] 1744123K->1458454K(1864192K), 0.0759132 secs] [Times: user=0.41 sys=0.00, real=0.08 secs] 
4434.384: [Full GC (Ergonomics) [PSYoungGen: 94043K->0K(465920K)] [ParOldGen: 1364411K->111335K(1398272K)] 1458454K->111335K(1864192K), [Metaspace: 60420K->60420K(1105920K)], 0.1603597 secs] [Times: user=0.69 sys=0.00, real=0.16 secs] 
4434.875: [GC (Allocation Failure) [PSYoungGen: 232960K->183254K(465920K)] 344295K->294590K(1864192K), 0.0257663 secs] [Times: user=0.09 sys=0.00, real=0.03 secs] 
4435.047: [GC (Allocation Failure) [PSYoungGen: 416214K->185558K(465920K)] 527550K->353878K(1864192K), 0.0545242 secs] [Times: user=0.25 sys=0.00, real=0.06 secs] 
4435.256: [GC (Allocation Failure) [PSYoungGen: 418518K->187189K(465920K)] 586838K->411901K(1864192K), 0.0452309 secs] [Times: user=0.21 sys=0.00, real=0.05 secs] 
4436.562: [GC (Allocation Failure) [PSYoungGen: 420149K->100988K(465920K)] 644861K->396404K(1864192K), 0.1218851 secs] [Times: user=0.67 sys=0.00, real=0.12 secs] 
4438.648: [GC (Allocation Failure) [PSYoungGen: 333948K->168820K(465920K)] 629364K->496697K(1864192K), 0.0741862 secs] [Times: user=0.37 sys=0.00, real=0.08 secs] 
4438.883: [GC (Allocation Failure) [PSYoungGen: 401780K->182389K(465920K)] 729657K->563042K(1864192K), 0.0419049 secs] [Times: user=0.19 sys=0.00, real=0.04 secs] 
4439.097: [GC (Allocation Failure) [PSYoungGen: 415349K->185943K(465920K)] 796002K->630500K(1864192K), 0.0769315 secs] [Times: user=0.38 sys=0.00, real=0.08 secs] 
4439.637: [GC (Allocation Failure) [PSYoungGen: 415474K->212436K(465920K)] 860031K->716025K(1864192K), 0.0530542 secs] [Times: user=0.26 sys=0.00, real=0.05 secs] 
4440.532: [GC (Allocation Failure) [PSYoungGen: 445396K->100763K(465920K)] 948985K->671761K(1864192K), 0.0756056 secs] [Times: user=0.41 sys=0.00, real=0.07 secs] 
4440.941: [GC (Allocation Failure) [PSYoungGen: 333483K->182486K(465920K)] 904480K->785612K(1864192K), 0.0445675 secs] [Times: user=0.20 sys=0.00, real=0.04 secs] 
4441.134: [GC (Allocation Failure) [PSYoungGen: 415446K->184021K(465920K)] 1018572K->844195K(1864192K), 0.0627606 secs] [Times: user=0.31 sys=0.00, real=0.06 secs] 
4441.324: [GC (Allocation Failure) [PSYoungGen: 416981K->186997K(465920K)] 1077155K->902939K(1864192K), 0.0451951 secs] [Times: user=0.21 sys=0.00, real=0.04 secs] 
4442.324: [GC (Allocation Failure) [PSYoungGen: 419957K->99532K(465920K)] 1135899K->885870K(1864192K), 0.0438643 secs] [Times: user=0.23 sys=0.00, real=0.04 secs] 
4442.847: [GC (GCLocker Initiated GC) [PSYoungGen: 332492K->174261K(465920K)] 1118830K->993360K(1864192K), 0.0750008 secs] [Times: user=0.36 sys=0.01, real=0.08 secs] 
4443.084: [GC (Allocation Failure) [PSYoungGen: 407221K->185398K(465920K)] 1226614K->1059099K(1864192K), 0.0431546 secs] [Times: user=0.19 sys=0.00, real=0.04 secs] 
4443.244: [GC (Allocation Failure) [PSYoungGen: 418358K->182870K(465920K)] 1292059K->1121280K(1864192K), 0.0500237 secs] [Times: user=0.23 sys=0.00, real=0.05 secs] 
4444.096: [GC (Allocation Failure) [PSYoungGen: 415830K->213127K(465920K)] 1354240K->1209393K(1864192K), 0.0489867 secs] [Times: user=0.23 sys=0.00, real=0.05 secs] 
4445.658: [GC (GCLocker Initiated GC) [PSYoungGen: 446087K->102892K(465920K)] 1442353K->1164142K(1864192K), 0.1086253 secs] [Times: user=0.59 sys=0.00, real=0.11 secs] 
4446.309: [GC (Allocation Failure) [PSYoungGen: 335852K->178070K(465920K)] 1405425K->1280990K(1864192K), 0.1402759 secs] [Times: user=0.77 sys=0.00, real=0.14 secs] 
4446.618: [GC (Allocation Failure) [PSYoungGen: 411030K->182230K(465920K)] 1513950K->1342027K(1864192K), 0.1815864 secs] [Times: user=1.03 sys=0.01, real=0.18 secs] 
4446.943: [GC (Allocation Failure) [PSYoungGen: 415190K->187733K(465920K)] 1574987K->1405777K(1864192K), 0.1419153 secs] [Times: user=0.79 sys=0.00, real=0.14 secs] 
4448.263: [GC (Allocation Failure) [PSYoungGen: 420693K->101580K(465920K)] 1638737K->1390304K(1864192K), 0.1118685 secs] [Times: user=0.62 sys=0.01, real=0.11 secs] 
4449.302: [GC (Allocation Failure) [PSYoungGen: 334540K->167668K(465920K)] 1623264K->1488937K(1864192K), 0.0599321 secs] [Times: user=0.28 sys=0.00, real=0.06 secs] 
4449.362: [Full GC (Ergonomics) [PSYoungGen: 167668K->0K(465920K)] [ParOldGen: 1321269K->195121K(1398272K)] 1488937K->195121K(1864192K), [Metaspace: 60421K->60421K(1105920K)], 0.2270853 secs] [Times: user=1.07 sys=0.00, real=0.22 secs] 
4449.736: [GC (Allocation Failure) [PSYoungGen: 232960K->185206K(465920K)] 428081K->380327K(1864192K), 0.0333985 secs] [Times: user=0.14 sys=0.00, real=0.03 secs] 
4449.895: [GC (Allocation Failure) [PSYoungGen: 412872K->180086K(465920K)] 607993K->439472K(1864192K), 0.0433979 secs] [Times: user=0.19 sys=0.00, real=0.04 secs] 
4450.775: [GC (Allocation Failure) [PSYoungGen: 413046K->169203K(465920K)] 672432K->485848K(1864192K), 0.0557281 secs] [Times: user=0.28 sys=0.00, real=0.06 secs] 
4451.368: [GC (Allocation Failure) [PSYoungGen: 402163K->110333K(465920K)] 718808K->491778K(1864192K), 0.0828178 secs] [Times: user=0.43 sys=0.01, real=0.09 secs] 
4451.823: [GC (Allocation Failure) [PSYoungGen: 336956K->173333K(465920K)] 718401K->589819K(1864192K), 0.0345771 secs] [Times: user=0.15 sys=0.00, real=0.03 secs] 
4451.975: [GC (Allocation Failure) [PSYoungGen: 406293K->185014K(465920K)] 822779K->655852K(1864192K), 0.0427952 secs] [Times: user=0.19 sys=0.01, real=0.04 secs] 
4452.132: [GC (Allocation Failure) [PSYoungGen: 417974K->187605K(465920K)] 888812K->714556K(1864192K), 0.0456473 secs] [Times: user=0.21 sys=0.00, real=0.04 secs] 
4453.599: [GC (Allocation Failure) [PSYoungGen: 420565K->102220K(465920K)] 947516K->699891K(1864192K), 0.1330006 secs] [Times: user=0.74 sys=0.00, real=0.14 secs] 
4454.764: [GC (Allocation Failure) [PSYoungGen: 335180K->169940K(465920K)] 932851K->800143K(1864192K), 0.0666208 secs] [Times: user=0.32 sys=0.00, real=0.07 secs] 
4454.981: [GC (Allocation Failure) [PSYoungGen: 402900K->185526K(465920K)] 1033103K->869489K(1864192K), 0.0430961 secs] [Times: user=0.20 sys=0.00, real=0.04 secs] 
4455.142: [GC (Allocation Failure) [PSYoungGen: 418486K->183222K(465920K)] 1102449K->931770K(1864192K), 0.0502601 secs] [Times: user=0.24 sys=0.00, real=0.05 secs] 
4456.060: [GC (Allocation Failure) [PSYoungGen: 416182K->169587K(464896K)] 1164730K->976406K(1863168K), 0.0564300 secs] [Times: user=0.28 sys=0.00, real=0.05 secs] 
4457.091: [GC (Allocation Failure) [PSYoungGen: 402547K->111245K(465408K)] 1209366K->982916K(1863680K), 0.0981165 secs] [Times: user=0.52 sys=0.00, real=0.09 secs] 
4457.507: [GC (Allocation Failure) [PSYoungGen: 336656K->171732K(464896K)] 1208328K->1079165K(1863168K), 0.0464730 secs] [Times: user=0.19 sys=0.00, real=0.05 secs] 
4457.741: [GC (Allocation Failure) [PSYoungGen: 405204K->186070K(465408K)] 1312637K->1147302K(1863680K), 0.0599498 secs] [Times: user=0.29 sys=0.00, real=0.06 secs] 
4457.932: [GC (Allocation Failure) [PSYoungGen: 419542K->187381K(465920K)] 1380774K->1204957K(1864192K), 0.0457475 secs] [Times: user=0.21 sys=0.01, real=0.04 secs] 
4458.926: [GC (Allocation Failure) [PSYoungGen: 420341K->102316K(465920K)] 1437917K->1190401K(1864192K), 0.0457816 secs] [Times: user=0.24 sys=0.01, real=0.05 secs] 
4459.488: [GC (Allocation Failure) [PSYoungGen: 335276K->174869K(465920K)] 1423361K->1296298K(1864192K), 0.0610529 secs] [Times: user=0.29 sys=0.00, real=0.06 secs] 
4459.738: [GC (Allocation Failure) [PSYoungGen: 407829K->190325K(465920K)] 1529258K->1366587K(1864192K), 0.0554747 secs] [Times: user=0.27 sys=0.00, real=0.06 secs] 
4459.908: [GC (Allocation Failure) [PSYoungGen: 419304K->180918K(465920K)] 1595566K->1420892K(1864192K), 0.0496058 secs] [Times: user=0.23 sys=0.00, real=0.05 secs] 
4460.808: [GC (Allocation Failure) [PSYoungGen: 413878K->169267K(402432K)] 1653852K->1466728K(1800704K), 0.0542427 secs] [Times: user=0.27 sys=0.00, real=0.06 secs] 
4462.127: [GC (GCLocker Initiated GC) [PSYoungGen: 402227K->103004K(464896K)] 1699690K->1465307K(1863168K), 0.0975298 secs] [Times: user=0.53 sys=0.00, real=0.10 secs] 
4462.224: [Full GC (Ergonomics) [PSYoungGen: 103004K->0K(464896K)] [ParOldGen: 1362303K->120176K(1398272K)] 1465307K->120176K(1863168K), [Metaspace: 60421K->60421K(1105920K)], 0.1779469 secs] [Times: user=0.79 sys=0.00, real=0.18 secs] 
4463.049: [GC (Allocation Failure) [PSYoungGen: 232448K->176470K(465408K)] 360820K->304842K(1863680K), 0.0957140 secs] [Times: user=0.52 sys=0.00, real=0.10 secs] 
4463.265: [GC (Allocation Failure) [PSYoungGen: 408918K->183766K(465920K)] 537290K->368639K(1864192K), 0.1458174 secs] [Times: user=0.81 sys=0.00, real=0.15 secs] 
4463.523: [GC (Allocation Failure) [PSYoungGen: 416726K->187125K(465920K)] 601599K->430082K(1864192K), 0.0575421 secs] [Times: user=0.28 sys=0.00, real=0.06 secs] 
4464.660: [GC (Allocation Failure) [PSYoungGen: 420085K->100476K(465920K)] 663042K->414105K(1864192K), 0.0481293 secs] [Times: user=0.25 sys=0.00, real=0.04 secs] 
4465.866: [GC (Allocation Failure) [PSYoungGen: 333436K->169300K(465920K)] 647065K->514830K(1864192K), 0.0580671 secs] [Times: user=0.27 sys=0.00, real=0.06 secs] 
4466.077: [GC (Allocation Failure) [PSYoungGen: 402260K->184982K(465920K)] 747790K->583660K(1864192K), 0.0421700 secs] [Times: user=0.19 sys=0.00, real=0.04 secs] 
4466.235: [GC (Allocation Failure) [PSYoungGen: 413284K->180566K(465920K)] 811962K->643396K(1864192K), 0.0488886 secs] [Times: user=0.22 sys=0.00, real=0.05 secs] 
4467.137: [GC (Allocation Failure) [PSYoungGen: 413526K->167954K(462848K)] 876356K->688136K(1861120K), 0.0562978 secs] [Times: user=0.29 sys=0.00, real=0.06 secs] 
4467.775: [GC (Allocation Failure) [PSYoungGen: 400914K->108348K(464384K)] 921096K->692858K(1862656K), 0.0809461 secs] [Times: user=0.40 sys=0.01, real=0.08 secs] 
4468.473: [GC (Allocation Failure) [PSYoungGen: 339024K->175605K(465920K)] 923534K->794228K(1864192K), 0.0478285 secs] [Times: user=0.21 sys=0.01, real=0.05 secs] 
4468.651: [GC (Allocation Failure) [PSYoungGen: 408565K->185654K(465920K)] 1027188K->859349K(1864192K), 0.0429469 secs] [Times: user=0.20 sys=0.00, real=0.04 secs] 
4468.808: [GC (Allocation Failure) [PSYoungGen: 418614K->187637K(465920K)] 1092309K->917604K(1864192K), 0.0457378 secs] [Times: user=0.21 sys=0.00, real=0.05 secs] 
4469.945: [GC (Allocation Failure) [PSYoungGen: 420597K->105260K(465920K)] 1150564K->905995K(1864192K), 0.0589943 secs] [Times: user=0.31 sys=0.00, real=0.06 secs] 
4470.941: [GC (Allocation Failure) [PSYoungGen: 338220K->173269K(465920K)] 1138955K->1007560K(1864192K), 0.0777602 secs] [Times: user=0.38 sys=0.00, real=0.07 secs] 
4471.234: [GC (Allocation Failure) [PSYoungGen: 406229K->185334K(465920K)] 1240520K->1074238K(1864192K), 0.0569370 secs] [Times: user=0.27 sys=0.00, real=0.06 secs] 
4471.440: [GC (Allocation Failure) [PSYoungGen: 410804K->176214K(465920K)] 1299708K->1129526K(1864192K), 0.0661807 secs] [Times: user=0.32 sys=0.00, real=0.07 secs] 
4472.367: [GC (Allocation Failure) [PSYoungGen: 409174K->169747K(402944K)] 1362486K->1178963K(1801216K), 0.0570679 secs] [Times: user=0.28 sys=0.00, real=0.06 secs] 
4473.551: [GC (Allocation Failure) [PSYoungGen: 402707K->107916K(460800K)] 1411923K->1181965K(1859072K), 0.1114535 secs] [Times: user=0.60 sys=0.00, real=0.11 secs] 
4474.178: [GC (Allocation Failure) [PSYoungGen: 334426K->174197K(463360K)] 1408474K->1282842K(1861632K), 0.0478416 secs] [Times: user=0.22 sys=0.00, real=0.05 secs] 
4474.401: [GC (Allocation Failure) [PSYoungGen: 404597K->183573K(464384K)] 1513242K->1346210K(1862656K), 0.0646866 secs] [Times: user=0.31 sys=0.00, real=0.06 secs] 
4474.595: [GC (Allocation Failure) [PSYoungGen: 416533K->187637K(465920K)] 1579170K->1405954K(1864192K), 0.0460470 secs] [Times: user=0.22 sys=0.00, real=0.05 secs] 
4475.619: [GC (Allocation Failure) [PSYoungGen: 420597K->102828K(465920K)] 1638914K->1391849K(1864192K), 0.0559805 secs] [Times: user=0.30 sys=0.00, real=0.06 secs] 
4476.584: [GC (Allocation Failure) [PSYoungGen: 335788K->167796K(465920K)] 1624809K->1490010K(1864192K), 0.0716697 secs] [Times: user=0.35 sys=0.00, real=0.07 secs] 
4476.656: [Full GC (Ergonomics) [PSYoungGen: 167796K->0K(465920K)] [ParOldGen: 1322213K->192791K(1398272K)] 1490010K->192791K(1864192K), [Metaspace: 60421K->60421K(1105920K)], 0.2319528 secs] [Times: user=1.08 sys=0.00, real=0.23 secs] 
4477.004: [GC (Allocation Failure) [PSYoungGen: 232960K->185334K(465920K)] 425751K->378126K(1864192K), 0.0322046 secs] [Times: user=0.13 sys=0.00, real=0.03 secs] 
4477.175: [GC (Allocation Failure) [PSYoungGen: 418294K->186071K(465920K)] 611086K->443423K(1864192K), 0.0437397 secs] [Times: user=0.20 sys=0.00, real=0.04 secs] 
4478.078: [GC (Allocation Failure) [PSYoungGen: 419031K->169843K(463872K)] 676383K->486115K(1862144K), 0.0557576 secs] [Times: user=0.28 sys=0.00, real=0.06 secs] 
4479.799: [GC (Allocation Failure) [PSYoungGen: 402803K->104332K(464896K)] 719075K->485780K(1863168K), 0.1137222 secs] [Times: user=0.62 sys=0.00, real=0.12 secs] 
4480.391: [GC (Allocation Failure) [PSYoungGen: 335484K->179221K(465920K)] 716932K->593894K(1864192K), 0.0422422 secs] [Times: user=0.19 sys=0.00, real=0.04 secs] 
4480.550: [GC (Allocation Failure) [PSYoungGen: 412181K->185814K(465920K)] 826854K->656403K(1864192K), 0.0436925 secs] [Times: user=0.20 sys=0.00, real=0.04 secs] 
4480.707: [GC (Allocation Failure) [PSYoungGen: 418774K->187733K(465920K)] 889363K->714722K(1864192K), 0.0460048 secs] [Times: user=0.21 sys=0.00, real=0.05 secs] 
4481.761: [GC (Allocation Failure) [PSYoungGen: 420693K->104684K(465920K)] 947682K->702333K(1864192K), 0.0453632 secs] [Times: user=0.23 sys=0.00, real=0.04 secs] 
4483.004: [GC (Allocation Failure) [PSYoungGen: 337644K->166868K(465920K)] 935293K->798017K(1864192K), 0.0551459 secs] [Times: user=0.26 sys=0.00, real=0.05 secs] 
4483.198: [GC (Allocation Failure) [PSYoungGen: 399828K->185238K(465920K)] 1030977K->869344K(1864192K), 0.0421236 secs] [Times: user=0.19 sys=0.00, real=0.04 secs] 
4483.397: [GC (Allocation Failure) [PSYoungGen: 418198K->183702K(465920K)] 1102304K->932097K(1864192K), 0.0708925 secs] [Times: user=0.35 sys=0.00, real=0.07 secs] 
4484.337: [GC (Allocation Failure) [PSYoungGen: 416662K->168595K(401920K)] 1165057K->975297K(1800192K), 0.0554119 secs] [Times: user=0.28 sys=0.00, real=0.06 secs] 
4484.829: [GC (Allocation Failure) [PSYoungGen: 401555K->114173K(463872K)] 1208257K->985455K(1862144K), 0.1041381 secs] [Times: user=0.56 sys=0.00, real=0.11 secs] 
4485.303: [GC (Allocation Failure) [PSYoungGen: 346109K->173716K(464896K)] 1217391K->1081755K(1863168K), 0.0465750 secs] [Times: user=0.21 sys=0.00, real=0.05 secs] 
4485.531: [GC (Allocation Failure) [PSYoungGen: 405652K->184119K(463872K)] 1313691K->1153426K(1862144K), 0.0732768 secs] [Times: user=0.36 sys=0.00, real=0.07 secs] 
4485.726: [GC (Allocation Failure) [PSYoungGen: 416567K->184148K(465408K)] 1385874K->1211816K(1863680K), 0.0583468 secs] [Times: user=0.29 sys=0.01, real=0.06 secs] 
4486.802: [GC (Allocation Failure) [PSYoungGen: 416596K->102572K(465920K)] 1444264K->1199607K(1864192K), 0.0649757 secs] [Times: user=0.35 sys=0.00, real=0.06 secs] 
4487.919: [GC (Allocation Failure) [PSYoungGen: 335532K->171220K(465920K)] 1432567K->1301404K(1864192K), 0.0591377 secs] [Times: user=0.27 sys=0.00, real=0.06 secs] 
4488.140: [GC (Allocation Failure) [PSYoungGen: 404180K->182517K(465920K)] 1534364K->1366225K(1864192K), 0.0436717 secs] [Times: user=0.20 sys=0.00, real=0.04 secs] 
4488.300: [GC (Allocation Failure) [PSYoungGen: 409620K->181462K(465920K)] 1593328K->1429042K(1864192K), 0.0504281 secs] [Times: user=0.24 sys=0.00, real=0.05 secs] 
4489.295: [GC (Allocation Failure) [PSYoungGen: 414422K->169267K(458752K)] 1662002K->1474451K(1857024K), 0.0546422 secs] [Times: user=0.28 sys=0.00, real=0.05 secs] 
4490.709: [GC (Allocation Failure) [PSYoungGen: 402227K->112525K(462336K)] 1707411K->1482565K(1860608K), 0.0891867 secs] [Times: user=0.47 sys=0.00, real=0.09 secs] 
4490.799: [Full GC (Ergonomics) [PSYoungGen: 112525K->0K(462336K)] [ParOldGen: 1370040K->129642K(1398272K)] 1482565K->129642K(1860608K), [Metaspace: 60428K->60428K(1105920K)], 0.1833279 secs] [Times: user=0.81 sys=0.00, real=0.19 secs] 
4491.507: [GC (Allocation Failure) [PSYoungGen: 226931K->171060K(465920K)] 356574K->300703K(1864192K), 0.0333815 secs] [Times: user=0.13 sys=0.00, real=0.04 secs] 
4491.749: [GC (Allocation Failure) [PSYoungGen: 408628K->188630K(466432K)] 538271K->371917K(1864704K), 0.0578308 secs] [Times: user=0.27 sys=0.00, real=0.06 secs] 
4491.975: [GC (Allocation Failure) [PSYoungGen: 426198K->190549K(464896K)] 609485K->430916K(1863168K), 0.0658894 secs] [Times: user=0.32 sys=0.00, real=0.07 secs] 
4493.096: [GC (Allocation Failure) [PSYoungGen: 423509K->100620K(465920K)] 663876K->412523K(1864192K), 0.0553928 secs] [Times: user=0.30 sys=0.00, real=0.06 secs] 
4493.694: [GC (Allocation Failure) [PSYoungGen: 333580K->174420K(465920K)] 645483K->518504K(1864192K), 0.0556507 secs] [Times: user=0.25 sys=0.00, real=0.06 secs] 
4493.900: [GC (Allocation Failure) [PSYoungGen: 407380K->184822K(465920K)] 751464K->582474K(1864192K), 0.0437946 secs] [Times: user=0.18 sys=0.01, real=0.04 secs] 
4494.060: [GC (Allocation Failure) [PSYoungGen: 411824K->179510K(465920K)] 809476K->641562K(1864192K), 0.0485747 secs] [Times: user=0.23 sys=0.00, real=0.04 secs] 
4495.041: [GC (Allocation Failure) [PSYoungGen: 412470K->168595K(401920K)] 874522K->687559K(1800192K), 0.0546922 secs] [Times: user=0.27 sys=0.00, real=0.05 secs] 
4495.598: [GC (Allocation Failure) [PSYoungGen: 401555K->113997K(460800K)] 920519K->697617K(1859072K), 0.0940896 secs] [Times: user=0.50 sys=0.00, real=0.10 secs] 
4496.343: [GC (Allocation Failure) [PSYoungGen: 344397K->174484K(463360K)] 928017K->794129K(1861632K), 0.0487277 secs] [Times: user=0.22 sys=0.00, real=0.05 secs] 
4496.521: [GC (Allocation Failure) [PSYoungGen: 404884K->183414K(465408K)] 1024529K->864627K(1863680K), 0.0488113 secs] [Times: user=0.22 sys=0.00, real=0.04 secs] 
4496.706: [GC (Allocation Failure) [PSYoungGen: 417910K->188565K(423424K)] 1099123K->927938K(1821696K), 0.0735021 secs] [Times: user=0.38 sys=0.00, real=0.08 secs] 
4497.922: [GC (Allocation Failure) [PSYoungGen: 423061K->102700K(465920K)] 1162434K->913173K(1864192K), 0.0688224 secs] [Times: user=0.36 sys=0.00, real=0.07 secs] 
4499.107: [GC (Allocation Failure) [PSYoungGen: 335660K->172724K(465920K)] 1146133K->1016010K(1864192K), 0.0629683 secs] [Times: user=0.29 sys=0.00, real=0.07 secs] 
4499.328: [GC (Allocation Failure) [PSYoungGen: 405684K->185206K(465920K)] 1248970K->1082492K(1864192K), 0.0435744 secs] [Times: user=0.19 sys=0.00, real=0.05 secs] 
4499.479: [GC (Allocation Failure) [PSYoungGen: 404527K->172213K(405504K)] 1301814K->1133779K(1803776K), 0.0484329 secs] [Times: user=0.23 sys=0.00, real=0.05 secs] 
4500.347: [GC (Allocation Failure) [PSYoungGen: 405173K->207339K(464896K)] 1366739K->1223665K(1863168K), 0.0501502 secs] [Times: user=0.24 sys=0.01, real=0.05 secs] 
4501.445: [GC (Allocation Failure) [PSYoungGen: 439787K->103196K(465408K)] 1456113K->1184218K(1863680K), 0.0994674 secs] [Times: user=0.54 sys=0.00, real=0.10 secs] 
4501.890: [GC (Allocation Failure) [PSYoungGen: 330010K->179093K(465920K)] 1411032K->1292940K(1864192K), 0.0386376 secs] [Times: user=0.17 sys=0.00, real=0.03 secs] 
4502.044: [GC (Allocation Failure) [PSYoungGen: 412053K->185846K(465920K)] 1525900K->1355505K(1864192K), 0.0461237 secs] [Times: user=0.22 sys=0.00, real=0.05 secs] 
4502.200: [GC (Allocation Failure) [PSYoungGen: 418806K->187477K(465920K)] 1588465K->1413520K(1864192K), 0.0483440 secs] [Times: user=0.22 sys=0.00, real=0.04 secs] 
4503.330: [GC (Allocation Failure) [PSYoungGen: 420437K->95963K(465920K)] 1646480K->1392534K(1864192K), 0.0686224 secs] [Times: user=0.37 sys=0.00, real=0.06 secs] 
4503.780: [GC (Allocation Failure) [PSYoungGen: 328923K->174773K(465920K)] 1625494K->1503157K(1864192K), 0.0530440 secs] [Times: user=0.24 sys=0.00, real=0.06 secs] 
4503.833: [Full GC (Ergonomics) [PSYoungGen: 174773K->0K(465920K)] [ParOldGen: 1328384K->199245K(1398272K)] 1503157K->199245K(1864192K), [Metaspace: 60428K->60428K(1105920K)], 0.1915915 secs] [Times: user=0.86 sys=0.00, real=0.19 secs] 
4504.167: [GC (Allocation Failure) [PSYoungGen: 232960K->184918K(465920K)] 432205K->384163K(1864192K), 0.0334209 secs] [Times: user=0.14 sys=0.00, real=0.04 secs] 
4504.316: [GC (Allocation Failure) [PSYoungGen: 414954K->183190K(465920K)] 614200K->446940K(1864192K), 0.0440764 secs] [Times: user=0.19 sys=0.00, real=0.05 secs] 
4505.161: [GC (Allocation Failure) [PSYoungGen: 413000K->206675K(465920K)] 676750K->528729K(1864192K), 0.0537879 secs] [Times: user=0.27 sys=0.00, real=0.05 secs] 
4507.078: [GC (Allocation Failure) [PSYoungGen: 439635K->100828K(465920K)] 761689K->487681K(1864192K), 0.0858372 secs] [Times: user=0.46 sys=0.00, real=0.09 secs] 
4507.477: [GC (Allocation Failure) [PSYoungGen: 330318K->181398K(465920K)] 717172K->600592K(1864192K), 0.0356351 secs] [Times: user=0.15 sys=0.00, real=0.04 secs] 
4507.652: [GC (Allocation Failure) [PSYoungGen: 414358K->185590K(465920K)] 833552K->661201K(1864192K), 0.0489756 secs] [Times: user=0.23 sys=0.00, real=0.05 secs] 
4507.829: [GC (Allocation Failure) [PSYoungGen: 418550K->184661K(465920K)] 894161K->716487K(1864192K), 0.0451619 secs] [Times: user=0.21 sys=0.00, real=0.05 secs] 
4508.841: [GC (Allocation Failure) [PSYoungGen: 417621K->101340K(465920K)] 949447K->702879K(1864192K), 0.0441711 secs] [Times: user=0.23 sys=0.00, real=0.04 secs] 
4509.883: [GC (Allocation Failure) [PSYoungGen: 334300K->172148K(465920K)] 935839K->805712K(1864192K), 0.0628553 secs] [Times: user=0.30 sys=0.00, real=0.06 secs] 
4510.087: [GC (Allocation Failure) [PSYoungGen: 405108K->185590K(465920K)] 1038672K->873214K(1864192K), 0.0435787 secs] [Times: user=0.19 sys=0.00, real=0.05 secs] 
4510.245: [GC (Allocation Failure) [PSYoungGen: 417625K->184983K(465920K)] 1105249K->936983K(1864192K), 0.0506028 secs] [Times: user=0.24 sys=0.00, real=0.05 secs] 
4511.027: [GC (Allocation Failure) [PSYoungGen: 417943K->210355K(465920K)] 1169943K->1021179K(1864192K), 0.0576620 secs] [Times: user=0.29 sys=0.00, real=0.06 secs] 
4511.717: [GC (Allocation Failure) [PSYoungGen: 443315K->102156K(465920K)] 1254139K->977668K(1864192K), 0.1014750 secs] [Times: user=0.55 sys=0.01, real=0.10 secs] 
4512.122: [GC (Allocation Failure) [PSYoungGen: 331812K->180534K(465920K)] 1207324K->1088838K(1864192K), 0.0452822 secs] [Times: user=0.20 sys=0.00, real=0.04 secs] 
4512.334: [GC (Allocation Failure) [PSYoungGen: 413494K->185622K(465920K)] 1321798K->1149935K(1864192K), 0.0508162 secs] [Times: user=0.24 sys=0.00, real=0.05 secs] 
4512.716: [GC (Allocation Failure) [PSYoungGen: 418582K->184372K(465920K)] 1382895K->1204965K(1864192K), 0.0751269 secs] [Times: user=0.37 sys=0.01, real=0.08 secs] 
4514.103: [GC (Allocation Failure) [PSYoungGen: 417332K->99900K(465920K)] 1437925K->1189813K(1864192K), 0.0797458 secs] [Times: user=0.43 sys=0.00, real=0.08 secs] 
4515.376: [GC (Allocation Failure) [PSYoungGen: 332860K->173653K(465920K)] 1422773K->1296058K(1864192K), 0.0799967 secs] [Times: user=0.39 sys=0.01, real=0.08 secs] 
4515.624: [GC (Allocation Failure) [PSYoungGen: 406613K->185334K(465920K)] 1529018K->1361732K(1864192K), 0.0440738 secs] [Times: user=0.19 sys=0.00, real=0.04 secs] 
4515.808: [GC (Allocation Failure) [PSYoungGen: 418294K->184183K(465920K)] 1594692K->1425060K(1864192K), 0.0552048 secs] [Times: user=0.26 sys=0.00, real=0.06 secs] 
4516.800: [GC (Allocation Failure) [PSYoungGen: 416695K->206579K(465920K)] 1657573K->1506113K(1864192K), 0.0554231 secs] [Times: user=0.28 sys=0.00, real=0.05 secs] 
4517.499: [GC (GCLocker Initiated GC) [PSYoungGen: 439539K->102572K(465920K)] 1739073K->1467246K(1864192K), 0.0804450 secs] [Times: user=0.43 sys=0.00, real=0.09 secs] 
4517.580: [Full GC (Ergonomics) [PSYoungGen: 102572K->0K(465920K)] [ParOldGen: 1364674K->120105K(1398272K)] 1467246K->120105K(1864192K), [Metaspace: 60428K->60428K(1105920K)], 0.1595988 secs] [Times: user=0.68 sys=0.01, real=0.15 secs] 
4518.001: [GC (Allocation Failure) [PSYoungGen: 232960K->178326K(465920K)] 361296K->306662K(1864192K), 0.0716763 secs] [Times: user=0.37 sys=0.00, real=0.07 secs] 
4518.192: [GC (Allocation Failure) [PSYoungGen: 411286K->185367K(465920K)] 539622K->370811K(1864192K), 0.1634481 secs] [Times: user=0.92 sys=0.00, real=0.16 secs] 
4518.469: [GC (Allocation Failure) [PSYoungGen: 418327K->187541K(465920K)] 603771K->431657K(1864192K), 0.0572424 secs] [Times: user=0.28 sys=0.00, real=0.06 secs] 
4519.514: [GC (Allocation Failure) [PSYoungGen: 420501K->96619K(465920K)] 664617K->411487K(1864192K), 0.0454372 secs] [Times: user=0.23 sys=0.00, real=0.04 secs] 
4520.146: [GC (Allocation Failure) [PSYoungGen: 329579K->172308K(465920K)] 644447K->518069K(1864192K), 0.0518568 secs] [Times: user=0.24 sys=0.00, real=0.05 secs] 
4520.333: [GC (Allocation Failure) [PSYoungGen: 405268K->185750K(465920K)] 751029K->585635K(1864192K), 0.0428180 secs] [Times: user=0.19 sys=0.00, real=0.04 secs] 
4520.489: [GC (Allocation Failure) [PSYoungGen: 414071K->176085K(465920K)] 813956K->640515K(1864192K), 0.0484237 secs] [Times: user=0.22 sys=0.00, real=0.05 secs] 
4521.389: [GC (Allocation Failure) [PSYoungGen: 409045K->169043K(465920K)] 873475K->689288K(1864192K), 0.0551978 secs] [Times: user=0.27 sys=0.00, real=0.06 secs] 
4522.350: [GC (Allocation Failure) [PSYoungGen: 402003K->113597K(465920K)] 922248K->698494K(1864192K), 0.0737384 secs] [Times: user=0.39 sys=0.00, real=0.07 secs] 
4522.895: [GC (Allocation Failure) [PSYoungGen: 346557K->177141K(465920K)] 931454K->798167K(1864192K), 0.0434803 secs] [Times: user=0.20 sys=0.00, real=0.04 secs] 
4523.058: [GC (Allocation Failure) [PSYoungGen: 410101K->185143K(465920K)] 1031127K->868441K(1864192K), 0.0496604 secs] [Times: user=0.24 sys=0.00, real=0.05 secs] 
4523.222: [GC (Allocation Failure) [PSYoungGen: 418103K->187317K(465920K)] 1101401K->929479K(1864192K), 0.0578818 secs] [Times: user=0.29 sys=0.00, real=0.06 secs] 
4524.462: [GC (Allocation Failure) [PSYoungGen: 420277K->97755K(465920K)] 1162439K->910582K(1864192K), 0.0867451 secs] [Times: user=0.47 sys=0.00, real=0.08 secs] 
4525.614: [GC (Allocation Failure) [PSYoungGen: 330715K->171764K(465920K)] 1143542K->1016048K(1864192K), 0.0635901 secs] [Times: user=0.30 sys=0.01, real=0.06 secs] 
4525.885: [GC (Allocation Failure) [PSYoungGen: 404724K->185686K(465920K)] 1249008K->1083541K(1864192K), 0.0607138 secs] [Times: user=0.29 sys=0.00, real=0.06 secs] 
4526.065: [GC (Allocation Failure) [PSYoungGen: 405347K->174581K(465920K)] 1303203K->1136893K(1864192K), 0.0488921 secs] [Times: user=0.23 sys=0.00, real=0.05 secs] 
4526.855: [GC (Allocation Failure) [PSYoungGen: 402372K->205459K(465920K)] 1364683K->1223106K(1864192K), 0.0527401 secs] [Times: user=0.26 sys=0.01, real=0.05 secs] 
4527.450: [GC (Allocation Failure) [PSYoungGen: 438419K->103260K(465920K)] 1456066K->1185355K(1864192K), 0.0808969 secs] [Times: user=0.43 sys=0.01, real=0.08 secs] 
4527.892: [GC (Allocation Failure) [PSYoungGen: 335190K->179445K(465920K)] 1417285K->1294446K(1864192K), 0.0429333 secs] [Times: user=0.19 sys=0.00, real=0.04 secs] 
4528.071: [GC (Allocation Failure) [PSYoungGen: 412405K->183829K(465920K)] 1527406K->1354502K(1864192K), 0.0489628 secs] [Times: user=0.23 sys=0.00, real=0.05 secs] 
4528.267: [GC (Allocation Failure) [PSYoungGen: 416789K->187221K(465920K)] 1587462K->1413621K(1864192K), 0.0486791 secs] [Times: user=0.23 sys=0.00, real=0.05 secs] 
4529.630: [GC (Allocation Failure) [PSYoungGen: 420181K->99308K(465920K)] 1646581K->1396236K(1864192K), 0.0719660 secs] [Times: user=0.38 sys=0.00, real=0.08 secs] 
4531.247: [GC (Allocation Failure) [PSYoungGen: 332268K->166516K(465920K)] 1629196K->1495081K(1864192K), 0.0841162 secs] [Times: user=0.41 sys=0.00, real=0.09 secs] 
4531.331: [Full GC (Ergonomics) [PSYoungGen: 166516K->0K(465920K)] [ParOldGen: 1328565K->190144K(1398272K)] 1495081K->190144K(1864192K), [Metaspace: 60428K->60428K(1105920K)], 0.2332468 secs] [Times: user=1.13 sys=0.00, real=0.23 secs] 
4531.680: [GC (Allocation Failure) [PSYoungGen: 232960K->185718K(465920K)] 423104K->375862K(1864192K), 0.0334688 secs] [Times: user=0.14 sys=0.00, real=0.04 secs] 
4531.830: [GC (Allocation Failure) [PSYoungGen: 418678K->186007K(465920K)] 608822K->440727K(1864192K), 0.0437771 secs] [Times: user=0.20 sys=0.00, real=0.04 secs] 
4532.619: [GC (Allocation Failure) [PSYoungGen: 416116K->211443K(465920K)] 670837K->525276K(1864192K), 0.0547060 secs] [Times: user=0.27 sys=0.00, real=0.06 secs] 
4533.849: [GC (Allocation Failure) [PSYoungGen: 444403K->98859K(465920K)] 758236K->479092K(1864192K), 0.1019139 secs] [Times: user=0.55 sys=0.00, real=0.11 secs] 
4534.240: [GC (Allocation Failure) [PSYoungGen: 331819K->181078K(465920K)] 712052K->593315K(1864192K), 0.0347657 secs] [Times: user=0.14 sys=0.00, real=0.03 secs] 
4534.431: [GC (Allocation Failure) [PSYoungGen: 414038K->185270K(465920K)] 826275K->653859K(1864192K), 0.0651100 secs] [Times: user=0.31 sys=0.00, real=0.06 secs] 
4534.675: [GC (Allocation Failure) [PSYoungGen: 418230K->187605K(465920K)] 886819K->712302K(1864192K), 0.0583632 secs] [Times: user=0.28 sys=0.00, real=0.06 secs] 
4535.820: [GC (Allocation Failure) [PSYoungGen: 420565K->99356K(465920K)] 945262K->694829K(1864192K), 0.0653477 secs] [Times: user=0.35 sys=0.00, real=0.06 secs] 
4536.842: [GC (Allocation Failure) [PSYoungGen: 332316K->168468K(465920K)] 927789K->796954K(1864192K), 0.0706112 secs] [Times: user=0.34 sys=0.00, real=0.07 secs] 
4537.060: [GC (Allocation Failure) [PSYoungGen: 401428K->184950K(465920K)] 1029914K->865688K(1864192K), 0.0431410 secs] [Times: user=0.20 sys=0.00, real=0.04 secs] 
4537.222: [GC (Allocation Failure) [PSYoungGen: 417910K->186135K(465920K)] 1098648K->931081K(1864192K), 0.0512033 secs] [Times: user=0.23 sys=0.00, real=0.05 secs] 
4538.077: [GC (Allocation Failure) [PSYoungGen: 415395K->210227K(465920K)] 1160342K->1014278K(1864192K), 0.0561393 secs] [Times: user=0.28 sys=0.00, real=0.06 secs] 
4539.682: [GC (Allocation Failure) [PSYoungGen: 443187K->98683K(465920K)] 1247238K->968686K(1864192K), 0.0955236 secs] [Times: user=0.50 sys=0.01, real=0.09 secs] 
4540.591: [GC (Allocation Failure) [PSYoungGen: 331643K->182838K(465920K)] 1201646K->1084197K(1864192K), 0.0478549 secs] [Times: user=0.21 sys=0.00, real=0.04 secs] 
4540.766: [GC (Allocation Failure) [PSYoungGen: 415798K->182645K(465920K)] 1317157K->1141237K(1864192K), 0.0435163 secs] [Times: user=0.20 sys=0.01, real=0.04 secs] 
4540.923: [GC (Allocation Failure) [PSYoungGen: 415605K->187861K(465920K)] 1374197K->1202149K(1864192K), 0.0454066 secs] [Times: user=0.21 sys=0.00, real=0.04 secs] 
4541.972: [GC (Allocation Failure) [PSYoungGen: 420821K->102300K(465920K)] 1435109K->1187476K(1864192K), 0.0475104 secs] [Times: user=0.25 sys=0.00, real=0.05 secs] 
4542.695: [GC (Allocation Failure) [PSYoungGen: 335260K->174517K(465920K)] 1420436K->1292153K(1864192K), 0.0532895 secs] [Times: user=0.25 sys=0.00, real=0.05 secs] 
4542.866: [GC (Allocation Failure) [PSYoungGen: 407477K->185718K(465920K)] 1525113K->1358050K(1864192K), 0.0450946 secs] [Times: user=0.20 sys=0.00, real=0.05 secs] 
4543.051: [GC (Allocation Failure) [PSYoungGen: 418678K->182710K(465920K)] 1591010K->1419691K(1864192K), 0.0583493 secs] [Times: user=0.28 sys=0.00, real=0.05 secs] 
4543.873: [GC (Allocation Failure) [PSYoungGen: 411143K->206195K(465920K)] 1648124K->1501007K(1864192K), 0.0556460 secs] [Times: user=0.28 sys=0.00, real=0.05 secs] 
4544.379: [GC (Allocation Failure) [PSYoungGen: 439155K->105948K(465920K)] 1733967K->1465449K(1864192K), 0.0700524 secs] [Times: user=0.37 sys=0.00, real=0.07 secs] 
4544.450: [Full GC (Ergonomics) [PSYoungGen: 105948K->0K(465920K)] [ParOldGen: 1359500K->123080K(1398272K)] 1465449K->123080K(1864192K), [Metaspace: 60428K->60428K(1105920K)], 0.1573422 secs] [Times: user=0.68 sys=0.00, real=0.16 secs] 
4544.814: [GC (Allocation Failure) [PSYoungGen: 228257K->176309K(465920K)] 351337K->299389K(1864192K), 0.0264457 secs] [Times: user=0.10 sys=0.00, real=0.03 secs] 
4544.956: [GC (Allocation Failure) [PSYoungGen: 409269K->185302K(465920K)] 532349K->363462K(1864192K), 0.0409963 secs] [Times: user=0.18 sys=0.00, real=0.04 secs] 
4545.110: [GC (Allocation Failure) [PSYoungGen: 418262K->187637K(465920K)] 596422K->421957K(1864192K), 0.0447485 secs] [Times: user=0.21 sys=0.00, real=0.04 secs] 
4546.195: [GC (Allocation Failure) [PSYoungGen: 420597K->98491K(465920K)] 654917K->403612K(1864192K), 0.0561413 secs] [Times: user=0.30 sys=0.00, real=0.06 secs] 
4547.451: [GC (Allocation Failure) [PSYoungGen: 331451K->171668K(465920K)] 636572K->508697K(1864192K), 0.0749024 secs] [Times: user=0.36 sys=0.00, real=0.07 secs] 
4547.738: [GC (Allocation Failure) [PSYoungGen: 404628K->185334K(465920K)] 741657K->575954K(1864192K), 0.0558199 secs] [Times: user=0.26 sys=0.00, real=0.06 secs] 
4547.957: [GC (Allocation Failure) [PSYoungGen: 418294K->186071K(465920K)] 808914K->641075K(1864192K), 0.0556761 secs] [Times: user=0.27 sys=0.00, real=0.06 secs] 
4548.854: [GC (Allocation Failure) [PSYoungGen: 419031K->169043K(465920K)] 874035K->683079K(1864192K), 0.0537467 secs] [Times: user=0.27 sys=0.00, real=0.05 secs] 
4549.840: [GC (Allocation Failure) [PSYoungGen: 402003K->110605K(465920K)] 916039K->689409K(1864192K), 0.0740735 secs] [Times: user=0.39 sys=0.00, real=0.07 secs] 
4550.324: [GC (Allocation Failure) [PSYoungGen: 343565K->179829K(465920K)] 922369K->794058K(1864192K), 0.0416537 secs] [Times: user=0.18 sys=0.00, real=0.04 secs] 
4550.491: [GC (Allocation Failure) [PSYoungGen: 412789K->183830K(465920K)] 1027018K->860720K(1864192K), 0.0487603 secs] [Times: user=0.22 sys=0.00, real=0.05 secs] 
4550.658: [GC (Allocation Failure) [PSYoungGen: 416790K->184404K(465920K)] 1093680K->919814K(1864192K), 0.0562575 secs] [Times: user=0.27 sys=0.00, real=0.06 secs] 
4551.726: [GC (Allocation Failure) [PSYoungGen: 417364K->98972K(465920K)] 1152774K->903829K(1864192K), 0.0483335 secs] [Times: user=0.26 sys=0.00, real=0.05 secs] 
4552.082: [GC (Allocation Failure) [PSYoungGen: 331932K->174325K(465920K)] 1136789K->1011487K(1864192K), 0.0380588 secs] [Times: user=0.16 sys=0.00, real=0.04 secs] 
4552.236: [GC (Allocation Failure) [PSYoungGen: 407285K->185398K(465920K)] 1244447K->1077228K(1864192K), 0.0433504 secs] [Times: user=0.20 sys=0.00, real=0.04 secs] 
4552.433: [GC (Allocation Failure) [PSYoungGen: 410527K->175029K(465920K)] 1302357K->1131188K(1864192K), 0.0716648 secs] [Times: user=0.36 sys=0.00, real=0.07 secs] 
4553.330: [GC (Allocation Failure) [PSYoungGen: 403469K->206675K(465920K)] 1359627K->1218341K(1864192K), 0.0550175 secs] [Times: user=0.27 sys=0.00, real=0.05 secs] 
4553.947: [GC (Allocation Failure) [PSYoungGen: 439635K->104348K(465920K)] 1451301K->1180935K(1864192K), 0.1057208 secs] [Times: user=0.58 sys=0.00, real=0.11 secs] 
4554.358: [GC (Allocation Failure) [PSYoungGen: 335669K->178645K(465920K)] 1412255K->1288617K(1864192K), 0.0424695 secs] [Times: user=0.19 sys=0.00, real=0.05 secs] 
4554.556: [GC (Allocation Failure) [PSYoungGen: 411605K->185238K(465920K)] 1521577K->1351205K(1864192K), 0.0626877 secs] [Times: user=0.30 sys=0.00, real=0.06 secs] 
4554.757: [GC (Allocation Failure) [PSYoungGen: 418198K->203733K(465920K)] 1584165K->1425877K(1864192K), 0.0471838 secs] [Times: user=0.22 sys=0.00, real=0.05 secs] 
4556.851: [GC (Allocation Failure) [PSYoungGen: 436693K->99196K(465920K)] 1658837K->1392187K(1864192K), 0.0970875 secs] [Times: user=0.53 sys=0.00, real=0.09 secs] 
4558.688: [GC (Allocation Failure) [PSYoungGen: 332156K->171092K(465920K)] 1625147K->1495697K(1864192K), 0.0749454 secs] [Times: user=0.37 sys=0.00, real=0.08 secs] 
4558.763: [Full GC (Ergonomics) [PSYoungGen: 171092K->0K(465920K)] [ParOldGen: 1324604K->195074K(1398272K)] 1495697K->195074K(1864192K), [Metaspace: 60428K->60428K(1105920K)], 0.2225896 secs] [Times: user=1.05 sys=0.00, real=0.22 secs] 
4559.101: [GC (Allocation Failure) [PSYoungGen: 232960K->182741K(465920K)] 428034K->377816K(1864192K), 0.0324151 secs] [Times: user=0.13 sys=0.00, real=0.03 secs] 
4559.272: [GC (Allocation Failure) [PSYoungGen: 415701K->185975K(465920K)] 610776K->445105K(1864192K), 0.0436650 secs] [Times: user=0.19 sys=0.00, real=0.04 secs] 
4560.061: [GC (Allocation Failure) [PSYoungGen: 413746K->209459K(465920K)] 672876K->527542K(1864192K), 0.0550033 secs] [Times: user=0.27 sys=0.00, real=0.05 secs] 
4560.886: [GC (GCLocker Initiated GC) [PSYoungGen: 442419K->98699K(465920K)] 760502K->482606K(1864192K), 0.0960048 secs] [Times: user=0.52 sys=0.00, real=0.10 secs] 
4561.376: [GC (Allocation Failure) [PSYoungGen: 331659K->181366K(465920K)] 715733K->597276K(1864192K), 0.0411634 secs] [Times: user=0.18 sys=0.00, real=0.04 secs] 
4561.587: [GC (Allocation Failure) [PSYoungGen: 414326K->193622K(465920K)] 830236K->665988K(1864192K), 0.0670089 secs] [Times: user=0.32 sys=0.00, real=0.07 secs] 
4561.787: [GC (Allocation Failure) [PSYoungGen: 426582K->200660K(465920K)] 898948K->729131K(1864192K), 0.0451887 secs] [Times: user=0.21 sys=0.00, real=0.05 secs] 
4562.869: [GC (Allocation Failure) [PSYoungGen: 433620K->103276K(465920K)] 962091K->701271K(1864192K), 0.0440443 secs] [Times: user=0.23 sys=0.00, real=0.05 secs] 
4563.549: [GC (Allocation Failure) [PSYoungGen: 336236K->171604K(465920K)] 934231K->802852K(1864192K), 0.0669935 secs] [Times: user=0.32 sys=0.00, real=0.07 secs] 
4563.782: [GC (Allocation Failure) [PSYoungGen: 404564K->185110K(465920K)] 1035812K->870313K(1864192K), 0.0430907 secs] [Times: user=0.19 sys=0.00, real=0.04 secs] 
4563.984: [GC (Allocation Failure) [PSYoungGen: 418070K->185783K(465920K)] 1103273K->935403K(1864192K), 0.0747208 secs] [Times: user=0.37 sys=0.00, real=0.07 secs] 
4564.872: [GC (Allocation Failure) [PSYoungGen: 415327K->206675K(465920K)] 1164947K->1015451K(1864192K), 0.0556106 secs] [Times: user=0.28 sys=0.00, real=0.05 secs] 
4566.194: [GC (Allocation Failure) [PSYoungGen: 439635K->102316K(465920K)] 1248411K->975876K(1864192K), 0.0886029 secs] [Times: user=0.48 sys=0.01, real=0.09 secs] 
4566.682: [GC (Allocation Failure) [PSYoungGen: 333109K->180822K(465920K)] 1206668K->1087342K(1864192K), 0.0359179 secs] [Times: user=0.15 sys=0.00, real=0.03 secs] 
4566.907: [GC (GCLocker Initiated GC) [PSYoungGen: 413782K->184822K(465920K)] 1320303K->1147563K(1864192K), 0.0671534 secs] [Times: user=0.32 sys=0.01, real=0.07 secs] 
4567.153: [GC (Allocation Failure) [PSYoungGen: 417782K->187317K(465920K)] 1380689K->1206248K(1864192K), 0.0612815 secs] [Times: user=0.30 sys=0.01, real=0.06 secs] 
4568.176: [GC (GCLocker Initiated GC) [PSYoungGen: 420277K->96555K(465920K)] 1439209K->1186091K(1864192K), 0.0513630 secs] [Times: user=0.27 sys=0.00, real=0.05 secs] 
4568.665: [GC (Allocation Failure) [PSYoungGen: 329515K->170772K(465920K)] 1419218K->1291811K(1864192K), 0.0678300 secs] [Times: user=0.32 sys=0.00, real=0.07 secs] 
4568.946: [GC (Allocation Failure) [PSYoungGen: 403732K->185142K(465920K)] 1524771K->1359521K(1864192K), 0.0482614 secs] [Times: user=0.22 sys=0.00, real=0.05 secs] 
4569.110: [GC (Allocation Failure) [PSYoungGen: 418102K->186455K(465920K)] 1592481K->1425154K(1864192K), 0.0517390 secs] [Times: user=0.24 sys=0.00, real=0.05 secs] 
4569.941: [GC (Allocation Failure) [PSYoungGen: 419415K->214285K(465920K)] 1658114K->1512224K(1864192K), 0.0514110 secs] [Times: user=0.25 sys=0.00, real=0.05 secs] 
4570.518: [GC (Allocation Failure) [PSYoungGen: 447245K->105260K(465920K)] 1745184K->1468584K(1864192K), 0.0783169 secs] [Times: user=0.38 sys=0.00, real=0.08 secs] 
4570.597: [Full GC (Ergonomics) [PSYoungGen: 105260K->0K(465920K)] [ParOldGen: 1363323K->122450K(1398272K)] 1468584K->122450K(1864192K), [Metaspace: 60428K->60428K(1105920K)], 0.1384580 secs] [Times: user=0.57 sys=0.00, real=0.14 secs] 
4571.164: [GC (Allocation Failure) [PSYoungGen: 227878K->177429K(465920K)] 350328K->299879K(1864192K), 0.0289207 secs] [Times: user=0.11 sys=0.00, real=0.03 secs] 
4571.700: [GC (Allocation Failure) [PSYoungGen: 410389K->184182K(465920K)] 532839K->361776K(1864192K), 0.0675414 secs] [Times: user=0.31 sys=0.00, real=0.06 secs] 
4571.977: [GC (Allocation Failure) [PSYoungGen: 417142K->187125K(465920K)] 594736K->420143K(1864192K), 0.0518496 secs] [Times: user=0.25 sys=0.00, real=0.05 secs] 
4573.086: [GC (Allocation Failure) [PSYoungGen: 420085K->101676K(465920K)] 653103K->405094K(1864192K), 0.0627802 secs] [Times: user=0.33 sys=0.00, real=0.06 secs] 
4574.495: [GC (Allocation Failure) [PSYoungGen: 334636K->172564K(465920K)] 638054K->508387K(1864192K), 0.0682309 secs] [Times: user=0.32 sys=0.00, real=0.07 secs] 
4574.724: [GC (Allocation Failure) [PSYoungGen: 405524K->182485K(465920K)] 741347K->572244K(1864192K), 0.0419742 secs] [Times: user=0.19 sys=0.00, real=0.04 secs] 
4574.908: [GC (Allocation Failure) [PSYoungGen: 415445K->185335K(465920K)] 805204K->638838K(1864192K), 0.0696433 secs] [Times: user=0.35 sys=0.00, real=0.07 secs] 
4575.852: [GC (Allocation Failure) [PSYoungGen: 418295K->169491K(465920K)] 871798K->681970K(1864192K), 0.0538382 secs] [Times: user=0.27 sys=0.00, real=0.05 secs] 
4576.499: [GC (Allocation Failure) [PSYoungGen: 402451K->112077K(465920K)] 914930K->689220K(1864192K), 0.0918382 secs] [Times: user=0.49 sys=0.00, real=0.10 secs] 
4576.786: [GC (Allocation Failure) [PSYoungGen: 345037K->177589K(465920K)] 922180K->790585K(1864192K), 0.0367274 secs] [Times: user=0.15 sys=0.00, real=0.04 secs] 
4576.975: [GC (Allocation Failure) [PSYoungGen: 410549K->185047K(465920K)] 1023545K->860363K(1864192K), 0.0685189 secs] [Times: user=0.34 sys=0.00, real=0.07 secs] 
4577.177: [GC (Allocation Failure) [PSYoungGen: 418007K->184212K(465920K)] 1093323K->918201K(1864192K), 0.0569419 secs] [Times: user=0.28 sys=0.00, real=0.06 secs] 
4578.251: [GC (Allocation Failure) [PSYoungGen: 417172K->100892K(465920K)] 1151161K->904336K(1864192K), 0.0470985 secs] [Times: user=0.24 sys=0.00, real=0.04 secs] 
4578.561: [GC (GCLocker Initiated GC) [PSYoungGen: 333852K->174805K(465920K)] 1137296K->1011326K(1864192K), 0.0471171 secs] [Times: user=0.21 sys=0.01, real=0.04 secs] 
4578.766: [GC (Allocation Failure) [PSYoungGen: 407765K->185366K(465920K)] 1244453K->1076470K(1864192K), 0.0452508 secs] [Times: user=0.20 sys=0.00, real=0.05 secs] 
4578.950: [GC (Allocation Failure) [PSYoungGen: 401950K->171637K(465920K)] 1293054K->1127093K(1864192K), 0.0530239 secs] [Times: user=0.26 sys=0.00, real=0.06 secs] 
4579.798: [GC (Allocation Failure) [PSYoungGen: 399433K->205811K(465920K)] 1354888K->1215819K(1864192K), 0.0534590 secs] [Times: user=0.27 sys=0.00, real=0.06 secs] 
4580.831: [GC (Allocation Failure) [PSYoungGen: 438771K->103564K(465920K)] 1448779K->1178132K(1864192K), 0.1056745 secs] [Times: user=0.53 sys=0.00, real=0.10 secs] 
4581.649: [GC (Allocation Failure) [PSYoungGen: 332476K->179349K(465920K)] 1407044K->1287134K(1864192K), 0.0488036 secs] [Times: user=0.22 sys=0.00, real=0.05 secs] 
4581.885: [GC (Allocation Failure) [PSYoungGen: 412309K->184918K(465920K)] 1520094K->1348747K(1864192K), 0.0633287 secs] [Times: user=0.31 sys=0.00, real=0.06 secs] 
4582.070: [GC (Allocation Failure) [PSYoungGen: 417878K->184885K(465920K)] 1581707K->1404626K(1864192K), 0.0467890 secs] [Times: user=0.22 sys=0.00, real=0.04 secs] 
4583.212: [GC (Allocation Failure) [PSYoungGen: 417845K->102460K(465920K)] 1637586K->1391889K(1864192K), 0.0642701 secs] [Times: user=0.34 sys=0.00, real=0.06 secs] 
4584.264: [GC (Allocation Failure) [PSYoungGen: 335420K->174581K(465920K)] 1624849K->1496727K(1864192K), 0.0668800 secs] [Times: user=0.33 sys=0.00, real=0.07 secs] 
4584.331: [Full GC (Ergonomics) [PSYoungGen: 174581K->0K(465920K)] [ParOldGen: 1322145K->199098K(1398272K)] 1496727K->199098K(1864192K), [Metaspace: 60428K->60428K(1105920K)], 0.2102448 secs] [Times: user=0.98 sys=0.00, real=0.21 secs] 
4584.672: [GC (Allocation Failure) [PSYoungGen: 232960K->182869K(465920K)] 432058K->381968K(1864192K), 0.0322281 secs] [Times: user=0.13 sys=0.00, real=0.03 secs] 
4584.852: [GC (Allocation Failure) [PSYoungGen: 415829K->184919K(465920K)] 614928K->447905K(1864192K), 0.0462139 secs] [Times: user=0.21 sys=0.00, real=0.04 secs] 
4585.733: [GC (Allocation Failure) [PSYoungGen: 414321K->206099K(465920K)] 677307K->527837K(1864192K), 0.0528655 secs] [Times: user=0.26 sys=0.00, real=0.05 secs] 
4586.212: [GC (Allocation Failure) [PSYoungGen: 439059K->106028K(465920K)] 760797K->492471K(1864192K), 0.0419531 secs] [Times: user=0.21 sys=0.00, real=0.04 secs] 
4586.498: [GC (Allocation Failure) [PSYoungGen: 334505K->176789K(465920K)] 720947K->596924K(1864192K), 0.0344586 secs] [Times: user=0.14 sys=0.00, real=0.04 secs] 
4586.647: [GC (Allocation Failure) [PSYoungGen: 409749K->185590K(465920K)] 829884K->660833K(1864192K), 0.0432253 secs] [Times: user=0.19 sys=0.00, real=0.05 secs] 
4586.802: [GC (Allocation Failure) [PSYoungGen: 418550K->184373K(465920K)] 893793K->715824K(1864192K), 0.0451866 secs] [Times: user=0.21 sys=0.00, real=0.04 secs] 
4587.890: [GC (Allocation Failure) [PSYoungGen: 417333K->101036K(465920K)] 948784K->702079K(1864192K), 0.0579191 secs] [Times: user=0.30 sys=0.00, real=0.06 secs] 
4588.911: [GC (Allocation Failure) [PSYoungGen: 333996K->174197K(465920K)] 935039K->808267K(1864192K), 0.0648935 secs] [Times: user=0.31 sys=0.00, real=0.06 secs] 
4589.187: [GC (Allocation Failure) [PSYoungGen: 407157K->181941K(465920K)] 1041227K->869900K(1864192K), 0.0526939 secs] [Times: user=0.25 sys=0.00, real=0.05 secs] 
4589.368: [GC (Allocation Failure) [PSYoungGen: 414901K->185399K(465920K)] 1102860K->937037K(1864192K), 0.0503429 secs] [Times: user=0.24 sys=0.00, real=0.05 secs] 
4590.833: [GC (Allocation Failure) [PSYoungGen: 418359K->170835K(465920K)] 1169997K->981506K(1864192K), 0.0556971 secs] [Times: user=0.28 sys=0.00, real=0.05 secs] 
4592.541: [GC (Allocation Failure) [PSYoungGen: 403795K->101324K(465920K)] 1214466K->977210K(1864192K), 0.1154961 secs] [Times: user=0.64 sys=0.00, real=0.11 secs] 
4593.430: [GC (Allocation Failure) [PSYoungGen: 334284K->180662K(465920K)] 1210170K->1089233K(1864192K), 0.0467879 secs] [Times: user=0.20 sys=0.00, real=0.04 secs] 
4593.599: [GC (Allocation Failure) [PSYoungGen: 413622K->182677K(465920K)] 1322193K->1147161K(1864192K), 0.0441283 secs] [Times: user=0.20 sys=0.00, real=0.05 secs] 
4593.757: [GC (Allocation Failure) [PSYoungGen: 415637K->187125K(465920K)] 1380121K->1207185K(1864192K), 0.0463642 secs] [Times: user=0.22 sys=0.01, real=0.05 secs] 
4594.762: [GC (Allocation Failure) [PSYoungGen: 420085K->101900K(465920K)] 1440145K->1192424K(1864192K), 0.0457937 secs] [Times: user=0.23 sys=0.00, real=0.04 secs] 
4595.216: [GC (Allocation Failure) [PSYoungGen: 334860K->175797K(465920K)] 1425384K->1299177K(1864192K), 0.0437104 secs] [Times: user=0.20 sys=0.00, real=0.05 secs] 
4595.376: [GC (Allocation Failure) [PSYoungGen: 408757K->185814K(465920K)] 1532137K->1364575K(1864192K), 0.0437393 secs] [Times: user=0.20 sys=0.00, real=0.04 secs] 
4595.594: [GC (Allocation Failure) [PSYoungGen: 418774K->181302K(465920K)] 1597535K->1424631K(1864192K), 0.0691454 secs] [Times: user=0.34 sys=0.01, real=0.07 secs] 
4596.506: [GC (Allocation Failure) [PSYoungGen: 409411K->206067K(465920K)] 1652740K->1506771K(1864192K), 0.0557060 secs] [Times: user=0.28 sys=0.00, real=0.06 secs] 
4597.358: [GC (Allocation Failure) [PSYoungGen: 439027K->106188K(465920K)] 1739731K->1471561K(1864192K), 0.0885697 secs] [Times: user=0.47 sys=0.00, real=0.09 secs] 
4597.446: [Full GC (Ergonomics) [PSYoungGen: 106188K->0K(465920K)] [ParOldGen: 1365372K->123802K(1398272K)] 1471561K->123802K(1864192K), [Metaspace: 60428K->60428K(1105920K)], 0.1705144 secs] [Times: user=0.74 sys=0.00, real=0.17 secs] 
4598.064: [GC (Allocation Failure) [PSYoungGen: 232960K->197237K(465920K)] 356762K->321040K(1864192K), 0.0308472 secs] [Times: user=0.12 sys=0.00, real=0.03 secs] 
4598.239: [GC (Allocation Failure) [PSYoungGen: 430197K->183382K(465920K)] 554000K->370637K(1864192K), 0.0527132 secs] [Times: user=0.25 sys=0.00, real=0.06 secs] 
4598.420: [GC (Allocation Failure) [PSYoungGen: 416342K->184885K(465920K)] 603597K->430459K(1864192K), 0.0561957 secs] [Times: user=0.28 sys=0.00, real=0.06 secs] 
4600.012: [GC (Allocation Failure) [PSYoungGen: 417761K->98891K(465920K)] 663336K->414178K(1864192K), 0.1229073 secs] [Times: user=0.67 sys=0.00, real=0.12 secs] 
4601.517: [GC (Allocation Failure) [PSYoungGen: 331851K->171476K(465920K)] 647138K->517992K(1864192K), 0.0651105 secs] [Times: user=0.31 sys=0.00, real=0.07 secs] 
4601.733: [GC (Allocation Failure) [PSYoungGen: 404436K->185206K(465920K)] 750952K->585805K(1864192K), 0.0420824 secs] [Times: user=0.19 sys=0.00, real=0.04 secs] 
4601.891: [GC (Allocation Failure) [PSYoungGen: 418166K->183190K(465920K)] 818765K->664462K(1864192K), 0.0493474 secs] [Times: user=0.23 sys=0.00, real=0.05 secs] 
4602.780: [GC (Allocation Failure) [PSYoungGen: 416150K->168787K(465920K)] 897422K->708234K(1864192K), 0.0562785 secs] [Times: user=0.29 sys=0.00, real=0.06 secs] 
4603.219: [GC (Allocation Failure) [PSYoungGen: 401747K->113357K(465920K)] 941194K->717461K(1864192K), 0.0780644 secs] [Times: user=0.41 sys=0.00, real=0.08 secs] 
4603.639: [GC (Allocation Failure) [PSYoungGen: 346317K->180053K(465920K)] 950421K->820030K(1864192K), 0.0470992 secs] [Times: user=0.21 sys=0.00, real=0.05 secs] 
4603.838: [GC (Allocation Failure) [PSYoungGen: 413013K->181942K(465920K)] 1052990K->885019K(1864192K), 0.0734944 secs] [Times: user=0.37 sys=0.00, real=0.08 secs] 
4604.085: [GC (Allocation Failure) [PSYoungGen: 414902K->187797K(465920K)] 1117979K->948618K(1864192K), 0.0677690 secs] [Times: user=0.35 sys=0.00, real=0.07 secs] 
4605.258: [GC (Allocation Failure) [PSYoungGen: 420757K->97435K(465920K)] 1181578K->928832K(1864192K), 0.0673543 secs] [Times: user=0.36 sys=0.01, real=0.07 secs] 
4606.187: [GC (Allocation Failure) [PSYoungGen: 330395K->176437K(465920K)] 1161792K->1039639K(1864192K), 0.0598746 secs] [Times: user=0.27 sys=0.00, real=0.06 secs] 
4606.405: [GC (GCLocker Initiated GC) [PSYoungGen: 409397K->183829K(465920K)] 1272600K->1101964K(1864192K), 0.0437819 secs] [Times: user=0.20 sys=0.00, real=0.04 secs] 
4606.560: [GC (Allocation Failure) [PSYoungGen: 416789K->204437K(465920K)] 1334930K->1178537K(1864192K), 0.0471095 secs] [Times: user=0.22 sys=0.00, real=0.04 secs] 
4607.515: [GC (Allocation Failure) [PSYoungGen: 437397K->152370K(465920K)] 1411497K->1197383K(1864192K), 0.0524946 secs] [Times: user=0.25 sys=0.01, real=0.05 secs] 
4608.944: [GC (Allocation Failure) [PSYoungGen: 385330K->118430K(465920K)] 1430343K->1211698K(1864192K), 0.1286320 secs] [Times: user=0.72 sys=0.00, real=0.13 secs] 
4609.694: [GC (Allocation Failure) [PSYoungGen: 351390K->179637K(465920K)] 1444658K->1311010K(1864192K), 0.0456703 secs] [Times: user=0.21 sys=0.00, real=0.04 secs] 
4609.860: [GC (Allocation Failure) [PSYoungGen: 412597K->186039K(465920K)] 1543970K->1380068K(1864192K), 0.0504761 secs] [Times: user=0.24 sys=0.00, real=0.05 secs] 
4610.055: [GC (Allocation Failure) [PSYoungGen: 418999K->186997K(465920K)] 1613028K->1440098K(1864192K), 0.0718112 secs] [Times: user=0.37 sys=0.00, real=0.07 secs] 
4611.153: [GC (GCLocker Initiated GC) [PSYoungGen: 419957K->94043K(465920K)] 1673058K->1417576K(1864192K), 0.0601864 secs] [Times: user=0.32 sys=0.00, real=0.06 secs] 
4611.213: [Full GC (Ergonomics) [PSYoungGen: 94043K->0K(465920K)] [ParOldGen: 1323533K->93844K(1398272K)] 1417576K->93844K(1864192K), [Metaspace: 60428K->60428K(1105920K)], 0.0609096 secs] [Times: user=0.23 sys=0.00, real=0.06 secs] 
4612.074: [GC (Allocation Failure) [PSYoungGen: 232960K->173109K(465920K)] 326971K->267120K(1864192K), 0.0365977 secs] [Times: user=0.14 sys=0.00, real=0.04 secs] 
4612.323: [GC (Allocation Failure) [PSYoungGen: 406069K->185654K(465920K)] 500080K->333781K(1864192K), 0.0564635 secs] [Times: user=0.26 sys=0.00, real=0.06 secs] 
4612.497: [GC (Allocation Failure) [PSYoungGen: 418614K->185653K(465920K)] 566741K->390052K(1864192K), 0.0443469 secs] [Times: user=0.20 sys=0.00, real=0.05 secs] 
4613.450: [GC (Allocation Failure) [PSYoungGen: 418613K->151570K(465920K)] 623012K->426010K(1864192K), 0.0503255 secs] [Times: user=0.25 sys=0.00, real=0.05 secs] 
4614.397: [GC (Allocation Failure) [PSYoungGen: 384530K->125599K(465920K)] 658970K->447982K(1864192K), 0.1247103 secs] [Times: user=0.69 sys=0.01, real=0.13 secs] 
4614.706: [GC (Allocation Failure) [PSYoungGen: 358559K->196405K(465920K)] 680942K->558840K(1864192K), 0.0383001 secs] [Times: user=0.17 sys=0.00, real=0.04 secs] 
4614.886: [GC (Allocation Failure) [PSYoungGen: 429365K->183254K(465920K)] 791800K->608565K(1864192K), 0.0541381 secs] [Times: user=0.26 sys=0.01, real=0.06 secs] 
4615.054: [GC (Allocation Failure) [PSYoungGen: 416214K->187285K(465920K)] 841525K->670876K(1864192K), 0.0553231 secs] [Times: user=0.27 sys=0.00, real=0.05 secs] 
4616.918: [GC (Allocation Failure) [PSYoungGen: 420245K->95435K(465920K)] 903836K->649554K(1864192K), 0.1238711 secs] [Times: user=0.69 sys=0.00, real=0.13 secs] 
4618.209: [GC (Allocation Failure) [PSYoungGen: 328395K->172084K(465920K)] 882514K->756432K(1864192K), 0.0453069 secs] [Times: user=0.20 sys=0.00, real=0.05 secs] 
4618.394: [GC (Allocation Failure) [PSYoungGen: 405044K->185718K(465920K)] 989392K->824306K(1864192K), 0.0428436 secs] [Times: user=0.19 sys=0.00, real=0.04 secs] 
4618.550: [GC (Allocation Failure) [PSYoungGen: 418678K->188085K(465920K)] 1057266K->882977K(1864192K), 0.0461013 secs] [Times: user=0.22 sys=0.00, real=0.04 secs] 
4619.494: [GC (Allocation Failure) [PSYoungGen: 421045K->144498K(465920K)] 1115937K->910346K(1864192K), 0.0498864 secs] [Times: user=0.25 sys=0.00, real=0.05 secs] 
4619.916: [GC (Allocation Failure) [PSYoungGen: 377458K->133360K(465920K)] 1143306K->945032K(1864192K), 0.0753421 secs] [Times: user=0.40 sys=0.00, real=0.08 secs] 
4620.124: [GC (Allocation Failure) [PSYoungGen: 366320K->180053K(465920K)] 1177992K->1034450K(1864192K), 0.0386872 secs] [Times: user=0.17 sys=0.00, real=0.04 secs] 
4620.280: [GC (Allocation Failure) [PSYoungGen: 413013K->182838K(465920K)] 1267410K->1099891K(1864192K), 0.0494186 secs] [Times: user=0.23 sys=0.00, real=0.05 secs] 
4620.485: [GC (Allocation Failure) [PSYoungGen: 415798K->219541K(465920K)] 1332851K->1194442K(1864192K), 0.0664770 secs] [Times: user=0.33 sys=0.01, real=0.07 secs] 
4621.607: [GC (Allocation Failure) [PSYoungGen: 452501K->95067K(465920K)] 1427402K->1140400K(1864192K), 0.0473884 secs] [Times: user=0.25 sys=0.00, real=0.05 secs] 
4622.170: [GC (Allocation Failure) [PSYoungGen: 328027K->178901K(465920K)] 1373360K->1254947K(1864192K), 0.0555600 secs] [Times: user=0.24 sys=0.00, real=0.05 secs] 
4622.388: [GC (Allocation Failure) [PSYoungGen: 411861K->182581K(465920K)] 1487907K->1314811K(1864192K), 0.0462666 secs] [Times: user=0.21 sys=0.00, real=0.05 secs] 
4622.601: [GC (Allocation Failure) [PSYoungGen: 415541K->187861K(465920K)] 1547771K->1375715K(1864192K), 0.0722550 secs] [Times: user=0.36 sys=0.00, real=0.07 secs] 
4623.605: [GC (Allocation Failure) [PSYoungGen: 420821K->134736K(465920K)] 1608675K->1393391K(1864192K), 0.0517759 secs] [Times: user=0.26 sys=0.00, real=0.05 secs] 
4625.710: [GC (Allocation Failure) [PSYoungGen: 367696K->135984K(465920K)] 1626351K->1437182K(1864192K), 0.1466187 secs] [Times: user=0.80 sys=0.00, real=0.15 secs] 
4626.230: [GC (Allocation Failure) [PSYoungGen: 368944K->180213K(465920K)] 1670142K->1525408K(1864192K), 0.0439541 secs] [Times: user=0.20 sys=0.00, real=0.04 secs] 
4626.274: [Full GC (Ergonomics) [PSYoungGen: 180213K->0K(465920K)] [ParOldGen: 1345195K->241223K(1398272K)] 1525408K->241223K(1864192K), [Metaspace: 60428K->60428K(1105920K)], 0.2890485 secs] [Times: user=1.28 sys=0.00, real=0.29 secs] 
4626.683: [GC (Allocation Failure) [PSYoungGen: 232960K->185815K(465920K)] 474183K->427038K(1864192K), 0.0899488 secs] [Times: user=0.47 sys=0.01, real=0.09 secs] 
4626.884: [GC (Allocation Failure) [PSYoungGen: 418775K->184565K(465920K)] 659998K->484696K(1864192K), 0.0564770 secs] [Times: user=0.28 sys=0.00, real=0.06 secs] 
4628.271: [GC (Allocation Failure) [PSYoungGen: 417525K->94379K(465920K)] 717656K->464186K(1864192K), 0.0790050 secs] [Times: user=0.42 sys=0.01, real=0.07 secs] 
4628.912: [GC (Allocation Failure) [PSYoungGen: 327339K->179637K(465920K)] 697146K->579509K(1864192K), 0.0435699 secs] [Times: user=0.18 sys=0.00, real=0.04 secs] 
4629.084: [GC (Allocation Failure) [PSYoungGen: 412597K->182645K(465920K)] 812469K->638782K(1864192K), 0.0426467 secs] [Times: user=0.19 sys=0.00, real=0.04 secs] 
4629.241: [GC (Allocation Failure) [PSYoungGen: 415605K->187797K(465920K)] 871742K->699613K(1864192K), 0.0447542 secs] [Times: user=0.21 sys=0.00, real=0.04 secs] 
4630.204: [GC (Allocation Failure) [PSYoungGen: 420757K->131504K(465920K)] 932573K->714004K(1864192K), 0.0484736 secs] [Times: user=0.24 sys=0.01, real=0.05 secs] 
4631.008: [GC (Allocation Failure) [PSYoungGen: 364058K->141857K(465920K)] 946558K->766041K(1864192K), 0.1126099 secs] [Times: user=0.61 sys=0.01, real=0.12 secs] 
4631.358: [GC (GCLocker Initiated GC) [PSYoungGen: 374817K->175572K(465920K)] 999001K->844969K(1864192K), 0.0390442 secs] [Times: user=0.18 sys=0.00, real=0.04 secs] 
4631.517: [GC (Allocation Failure) [PSYoungGen: 408532K->185655K(465920K)] 1078096K->917046K(1864192K), 0.0501880 secs] [Times: user=0.23 sys=0.00, real=0.05 secs] 
4631.681: [GC (Allocation Failure) [PSYoungGen: 418615K->187413K(465920K)] 1150006K->977532K(1864192K), 0.0589685 secs] [Times: user=0.29 sys=0.00, real=0.06 secs] 
4633.159: [GC (Allocation Failure) [PSYoungGen: 420373K->94411K(465920K)] 1210492K->955362K(1864192K), 0.1160008 secs] [Times: user=0.64 sys=0.01, real=0.12 secs] 
4634.381: [GC (GCLocker Initiated GC) [PSYoungGen: 327371K->177429K(465920K)] 1188323K->1068418K(1864192K), 0.0518301 secs] [Times: user=0.23 sys=0.00, real=0.05 secs] 
4634.580: [GC (Allocation Failure) [PSYoungGen: 410389K->182901K(465920K)] 1301381K->1129365K(1864192K), 0.0443523 secs] [Times: user=0.21 sys=0.00, real=0.04 secs] 
4634.738: [GC (Allocation Failure) [PSYoungGen: 415861K->187957K(465920K)] 1362325K->1190153K(1864192K), 0.0468357 secs] [Times: user=0.22 sys=0.00, real=0.05 secs] 
4635.767: [GC (Allocation Failure) [PSYoungGen: 420917K->129392K(465920K)] 1423113K->1202459K(1864192K), 0.0504192 secs] [Times: user=0.26 sys=0.00, real=0.05 secs] 
4636.443: [GC (Allocation Failure) [PSYoungGen: 362352K->144273K(465920K)] 1435419K->1258221K(1864192K), 0.1490427 secs] [Times: user=0.82 sys=0.00, real=0.15 secs] 
4636.827: [GC (Allocation Failure) [PSYoungGen: 377233K->180917K(465920K)] 1491181K->1340258K(1864192K), 0.0413401 secs] [Times: user=0.18 sys=0.00, real=0.04 secs] 
4637.006: [GC (Allocation Failure) [PSYoungGen: 413877K->185559K(465920K)] 1573218K->1408039K(1864192K), 0.0659212 secs] [Times: user=0.32 sys=0.00, real=0.07 secs] 
4637.219: [GC (Allocation Failure) [PSYoungGen: 418519K->187317K(465920K)] 1640999K->1468558K(1864192K), 0.0752329 secs] [Times: user=0.39 sys=0.00, real=0.08 secs] 
4638.238: [GC (Allocation Failure) [PSYoungGen: 420277K->98347K(465920K)] 1701518K->1450160K(1864192K), 0.0452750 secs] [Times: user=0.23 sys=0.01, real=0.05 secs] 
4638.283: [Full GC (Ergonomics) [PSYoungGen: 98347K->0K(465920K)] [ParOldGen: 1351812K->105174K(1398272K)] 1450160K->105174K(1864192K), [Metaspace: 60428K->60428K(1105920K)], 0.0792898 secs] [Times: user=0.32 sys=0.00, real=0.08 secs] 
4638.796: [GC (Allocation Failure) [PSYoungGen: 232960K->176565K(465920K)] 338134K->281740K(1864192K), 0.0324712 secs] [Times: user=0.12 sys=0.00, real=0.03 secs] 
4638.963: [GC (Allocation Failure) [PSYoungGen: 409525K->185302K(465920K)] 514700K->346048K(1864192K), 0.0427034 secs] [Times: user=0.19 sys=0.00, real=0.04 secs] 
4639.141: [GC (Allocation Failure) [PSYoungGen: 418262K->187285K(465920K)] 579008K->404240K(1864192K), 0.0594397 secs] [Times: user=0.29 sys=0.00, real=0.06 secs] 
4640.199: [GC (Allocation Failure) [PSYoungGen: 420245K->118062K(465920K)] 637200K->405693K(1864192K), 0.0457449 secs] [Times: user=0.23 sys=0.00, real=0.05 secs] 
4641.566: [GC (Allocation Failure) [PSYoungGen: 351022K->149521K(465920K)] 638653K->474392K(1864192K), 0.1449981 secs] [Times: user=0.77 sys=0.00, real=0.15 secs] 
4642.196: [GC (Allocation Failure) [PSYoungGen: 382481K->184566K(465920K)] 707352K->556613K(1864192K), 0.0480187 secs] [Times: user=0.22 sys=0.00, real=0.05 secs] 
4642.405: [GC (GCLocker Initiated GC) [PSYoungGen: 417526K->184983K(465920K)] 789574K->621147K(1864192K), 0.0746889 secs] [Times: user=0.37 sys=0.00, real=0.07 secs] 
4642.602: [GC (Allocation Failure) [PSYoungGen: 417943K->184821K(465920K)] 854110K->679748K(1864192K), 0.0549656 secs] [Times: user=0.27 sys=0.00, real=0.05 secs] 
4644.054: [GC (Allocation Failure) [PSYoungGen: 417781K->97451K(465920K)] 912708K->662099K(1864192K), 0.1081316 secs] [Times: user=0.59 sys=0.00, real=0.11 secs] 
4644.846: [GC (Allocation Failure) [PSYoungGen: 330411K->173044K(465920K)] 895059K->768841K(1864192K), 0.0571609 secs] [Times: user=0.25 sys=0.00, real=0.06 secs] 
4645.068: [GC (Allocation Failure) [PSYoungGen: 406004K->185718K(465920K)] 1001801K->835394K(1864192K), 0.0432001 secs] [Times: user=0.19 sys=0.00, real=0.05 secs] 
4645.229: [GC (Allocation Failure) [PSYoungGen: 418678K->187573K(465920K)] 1068354K->893529K(1864192K), 0.0459063 secs] [Times: user=0.22 sys=0.00, real=0.05 secs] 
4646.223: [GC (Allocation Failure) [PSYoungGen: 420533K->117886K(465920K)] 1126489K->894463K(1864192K), 0.0467403 secs] [Times: user=0.24 sys=0.00, real=0.05 secs] 
4646.991: [GC (Allocation Failure) [PSYoungGen: 350846K->155858K(465920K)] 1127423K->970627K(1864192K), 0.1090599 secs] [Times: user=0.58 sys=0.00, real=0.11 secs] 
4647.299: [GC (Allocation Failure) [PSYoungGen: 388818K->190517K(465920K)] 1203587K->1053365K(1864192K), 0.0414873 secs] [Times: user=0.19 sys=0.00, real=0.05 secs] 
4647.752: [GC (Allocation Failure) [PSYoungGen: 423477K->184599K(465920K)] 1286325K->1111207K(1864192K), 0.0522315 secs] [Times: user=0.25 sys=0.00, real=0.05 secs] 
4648.413: [GC (Allocation Failure) [PSYoungGen: 417559K->182836K(465920K)] 1344167K->1167788K(1864192K), 0.1226544 secs] [Times: user=0.65 sys=0.00, real=0.12 secs] 
4650.076: [GC (Allocation Failure) [PSYoungGen: 415796K->97339K(465920K)] 1400748K->1151635K(1864192K), 0.0953379 secs] [Times: user=0.52 sys=0.00, real=0.10 secs] 
4651.104: [GC (Allocation Failure) [PSYoungGen: 330299K->179029K(465920K)] 1384595K->1263962K(1864192K), 0.0499828 secs] [Times: user=0.22 sys=0.00, real=0.05 secs] 
4651.368: [GC (Allocation Failure) [PSYoungGen: 411989K->185174K(465920K)] 1496922K->1325951K(1864192K), 0.0579623 secs] [Times: user=0.28 sys=0.00, real=0.06 secs] 
4651.539: [GC (Allocation Failure) [PSYoungGen: 418134K->184821K(465920K)] 1558911K->1381734K(1864192K), 0.0456864 secs] [Times: user=0.21 sys=0.00, real=0.05 secs] 
4652.614: [GC (Allocation Failure) [PSYoungGen: 417781K->114590K(465920K)] 1614694K->1381099K(1864192K), 0.0476718 secs] [Times: user=0.24 sys=0.00, real=0.05 secs] 
4653.613: [GC (Allocation Failure) [PSYoungGen: 347550K->158483K(465920K)] 1614059K->1461613K(1864192K), 0.0719362 secs] [Times: user=0.37 sys=0.00, real=0.07 secs] 
4653.805: [GC (Allocation Failure) [PSYoungGen: 391443K->185462K(465920K)] 1694573K->1538404K(1864192K), 0.0439432 secs] [Times: user=0.19 sys=0.00, real=0.04 secs] 
4653.849: [Full GC (Ergonomics) [PSYoungGen: 185462K->0K(465920K)] [ParOldGen: 1352942K->253086K(1398272K)] 1538404K->253086K(1864192K), [Metaspace: 60428K->60428K(1105920K)], 0.3017359 secs] [Times: user=1.39 sys=0.00, real=0.31 secs] 
4654.268: [GC (Allocation Failure) [PSYoungGen: 232960K->182774K(465920K)] 486046K->435861K(1864192K), 0.0822307 secs] [Times: user=0.43 sys=0.00, real=0.09 secs] 
4654.466: [GC (Allocation Failure) [PSYoungGen: 415734K->187541K(465920K)] 668821K->498695K(1864192K), 0.0552804 secs] [Times: user=0.28 sys=0.00, real=0.06 secs] 
4655.543: [GC (Allocation Failure) [PSYoungGen: 420501K->92491K(465920K)] 731655K->474253K(1864192K), 0.0718710 secs] [Times: user=0.39 sys=0.00, real=0.07 secs] 
4656.026: [GC (Allocation Failure) [PSYoungGen: 325451K->179989K(465920K)] 707213K->591785K(1864192K), 0.0468510 secs] [Times: user=0.21 sys=0.00, real=0.05 secs] 
4656.211: [GC (Allocation Failure) [PSYoungGen: 412949K->182101K(465920K)] 824745K->650357K(1864192K), 0.0429780 secs] [Times: user=0.19 sys=0.00, real=0.04 secs] 
4656.422: [GC (Allocation Failure) [PSYoungGen: 415061K->187637K(465920K)] 883317K->711372K(1864192K), 0.0636562 secs] [Times: user=0.30 sys=0.00, real=0.06 secs] 
4657.432: [GC (Allocation Failure) [PSYoungGen: 420597K->109725K(465920K)] 944332K->704100K(1864192K), 0.0452714 secs] [Times: user=0.23 sys=0.00, real=0.04 secs] 
4659.080: [GC (Allocation Failure) [PSYoungGen: 342685K->161971K(465920K)] 937060K->791615K(1864192K), 0.1159687 secs] [Times: user=0.60 sys=0.00, real=0.11 secs] 
4659.384: [GC (GCLocker Initiated GC) [PSYoungGen: 394931K->182517K(465920K)] 1024576K->862922K(1864192K), 0.0414306 secs] [Times: user=0.19 sys=0.00, real=0.04 secs] 
4659.546: [GC (Allocation Failure) [PSYoungGen: 415477K->186135K(465920K)] 1096049K->930418K(1864192K), 0.0495643 secs] [Times: user=0.23 sys=0.00, real=0.05 secs] 
4659.709: [GC (Allocation Failure) [PSYoungGen: 419095K->187125K(465920K)] 1163378K->990321K(1864192K), 0.0567354 secs] [Times: user=0.28 sys=0.00, real=0.06 secs] 
4660.881: [GC (GCLocker Initiated GC) [PSYoungGen: 420085K->90906K(465920K)] 1223282K->964567K(1864192K), 0.0577659 secs] [Times: user=0.31 sys=0.00, real=0.05 secs] 
4661.610: [GC (Allocation Failure) [PSYoungGen: 323866K->179253K(465920K)] 1197693K->1081749K(1864192K), 0.0437479 secs] [Times: user=0.19 sys=0.00, real=0.04 secs] 
4661.786: [GC (GCLocker Initiated GC) [PSYoungGen: 412213K->185366K(465920K)] 1314709K->1143594K(1864192K), 0.0443303 secs] [Times: user=0.20 sys=0.01, real=0.05 secs] 
4661.943: [GC (Allocation Failure) [PSYoungGen: 418326K->184789K(465920K)] 1376557K->1199299K(1864192K), 0.0460044 secs] [Times: user=0.21 sys=0.00, real=0.04 secs] 
4662.941: [GC (Allocation Failure) [PSYoungGen: 417749K->110877K(465920K)] 1432259K->1195200K(1864192K), 0.0467593 secs] [Times: user=0.24 sys=0.00, real=0.04 secs] 
4663.382: [GC (GCLocker Initiated GC) [PSYoungGen: 343837K->166132K(465920K)] 1428164K->1286627K(1864192K), 0.0703715 secs] [Times: user=0.35 sys=0.01, real=0.07 secs] 
4663.579: [GC (GCLocker Initiated GC) [PSYoungGen: 399092K->184374K(465920K)] 1519589K->1357234K(1864192K), 0.0440325 secs] [Times: user=0.20 sys=0.00, real=0.05 secs] 
4663.793: [GC (Allocation Failure) [PSYoungGen: 417334K->185399K(465920K)] 1590197K->1422430K(1864192K), 0.0793859 secs] [Times: user=0.40 sys=0.00, real=0.08 secs] 
4664.000: [GC (Allocation Failure) [PSYoungGen: 418359K->187093K(465920K)] 1655390K->1482925K(1864192K), 0.0570337 secs] [Times: user=0.28 sys=0.00, real=0.05 secs] 
4665.784: [GC (Allocation Failure) [PSYoungGen: 420053K->91578K(465920K)] 1715885K->1457826K(1864192K), 0.0853026 secs] [Times: user=0.46 sys=0.00, real=0.08 secs] 
4665.869: [Full GC (Ergonomics) [PSYoungGen: 91578K->0K(465920K)] [ParOldGen: 1366247K->108176K(1398272K)] 1457826K->108176K(1864192K), [Metaspace: 60428K->60428K(1105920K)], 0.1548343 secs] [Times: user=0.67 sys=0.01, real=0.16 secs] 
4666.470: [GC (Allocation Failure) [PSYoungGen: 232960K->180565K(465920K)] 341136K->288742K(1864192K), 0.0307754 secs] [Times: user=0.11 sys=0.01, real=0.04 secs] 
4666.624: [GC (Allocation Failure) [PSYoungGen: 413525K->185334K(465920K)] 521702K->350227K(1864192K), 0.0415030 secs] [Times: user=0.18 sys=0.00, real=0.04 secs] 
4666.800: [GC (Allocation Failure) [PSYoungGen: 418294K->187637K(465920K)] 583187K->408762K(1864192K), 0.0603179 secs] [Times: user=0.29 sys=0.00, real=0.07 secs] 
4667.847: [GC (Allocation Failure) [PSYoungGen: 420597K->104348K(465920K)] 641722K->396313K(1864192K), 0.0535049 secs] [Times: user=0.28 sys=0.00, real=0.06 secs] 
4669.244: [GC (Allocation Failure) [PSYoungGen: 337308K->165972K(465920K)] 629273K->491134K(1864192K), 0.1053267 secs] [Times: user=0.54 sys=0.00, real=0.10 secs] 
4669.542: [GC (Allocation Failure) [PSYoungGen: 398932K->185110K(465920K)] 724094K->562688K(1864192K), 0.0414208 secs] [Times: user=0.18 sys=0.00, real=0.04 secs] 
4669.703: [GC (Allocation Failure) [PSYoungGen: 418070K->185975K(465920K)] 795648K->636041K(1864192K), 0.0497365 secs] [Times: user=0.23 sys=0.00, real=0.05 secs] 
4669.918: [GC (Allocation Failure) [PSYoungGen: 418020K->215252K(465920K)] 868086K->724482K(1864192K), 0.0545620 secs] [Times: user=0.27 sys=0.00, real=0.06 secs] 
4671.014: [GC (GCLocker Initiated GC) [PSYoungGen: 448212K->95419K(465920K)] 957443K->673353K(1864192K), 0.0558339 secs] [Times: user=0.29 sys=0.00, real=0.06 secs] 
4671.851: [GC (Allocation Failure) [PSYoungGen: 328379K->176597K(465920K)] 906316K->784867K(1864192K), 0.0487932 secs] [Times: user=0.22 sys=0.00, real=0.04 secs] 
4672.037: [GC (Allocation Failure) [PSYoungGen: 409557K->185302K(465920K)] 1017827K->848984K(1864192K), 0.0431838 secs] [Times: user=0.19 sys=0.00, real=0.05 secs] 
4672.194: [GC (Allocation Failure) [PSYoungGen: 418262K->187541K(465920K)] 1081944K->907279K(1864192K), 0.0451264 secs] [Times: user=0.21 sys=0.00, real=0.04 secs] 
4673.194: [GC (Allocation Failure) [PSYoungGen: 420501K->107485K(465920K)] 1140239K->898015K(1864192K), 0.0451534 secs] [Times: user=0.23 sys=0.00, real=0.04 secs] 
4673.829: [GC (Allocation Failure) [PSYoungGen: 340445K->174197K(465920K)] 1130975K->999492K(1864192K), 0.0607422 secs] [Times: user=0.30 sys=0.00, real=0.07 secs] 
4674.013: [GC (Allocation Failure) [PSYoungGen: 407157K->182517K(465920K)] 1232452K->1062176K(1864192K), 0.0432482 secs] [Times: user=0.20 sys=0.00, real=0.04 secs] 
4674.176: [GC (Allocation Failure) [PSYoungGen: 415477K->185879K(465920K)] 1295136K->1129274K(1864192K), 0.0502979 secs] [Times: user=0.23 sys=0.00, real=0.05 secs] 
4674.994: [GC (Allocation Failure) [PSYoungGen: 415321K->208243K(465920K)] 1358717K->1210710K(1864192K), 0.0564232 secs] [Times: user=0.28 sys=0.00, real=0.06 secs] 
4676.876: [GC (Allocation Failure) [PSYoungGen: 441203K->103084K(465920K)] 1443670K->1171199K(1864192K), 0.1023491 secs] [Times: user=0.55 sys=0.00, real=0.10 secs] 
4677.527: [GC (Allocation Failure) [PSYoungGen: 334519K->178965K(465920K)] 1402634K->1280293K(1864192K), 0.0461769 secs] [Times: user=0.20 sys=0.01, real=0.05 secs] 
4677.698: [GC (Allocation Failure) [PSYoungGen: 411925K->185590K(465920K)] 1513253K->1342678K(1864192K), 0.0429950 secs] [Times: user=0.19 sys=0.00, real=0.05 secs] 
4677.879: [GC (Allocation Failure) [PSYoungGen: 418550K->187317K(465920K)] 1575638K->1400501K(1864192K), 0.0635466 secs] [Times: user=0.31 sys=0.00, real=0.07 secs] 
4678.973: [GC (Allocation Failure) [PSYoungGen: 420277K->96043K(465920K)] 1633461K->1379871K(1864192K), 0.0448163 secs] [Times: user=0.24 sys=0.00, real=0.04 secs] 
4679.579: [GC (Allocation Failure) [PSYoungGen: 329003K->173685K(465920K)] 1612831K->1489234K(1864192K), 0.0665153 secs] [Times: user=0.32 sys=0.00, real=0.07 secs] 
4679.645: [Full GC (Ergonomics) [PSYoungGen: 173685K->0K(465920K)] [ParOldGen: 1315549K->198226K(1398272K)] 1489234K->198226K(1864192K), [Metaspace: 60428K->60428K(1105920K)], 0.2333632 secs] [Times: user=1.11 sys=0.00, real=0.23 secs] 
4679.993: [GC (Allocation Failure) [PSYoungGen: 232960K->180757K(465920K)] 431186K->378984K(1864192K), 0.0318920 secs] [Times: user=0.13 sys=0.00, real=0.03 secs] 
4680.169: [GC (Allocation Failure) [PSYoungGen: 413717K->185687K(465920K)] 611944K->447234K(1864192K), 0.0435413 secs] [Times: user=0.20 sys=0.00, real=0.05 secs] 
4681.005: [GC (Allocation Failure) [PSYoungGen: 414215K->209875K(465920K)] 675762K->530278K(1864192K), 0.0537760 secs] [Times: user=0.27 sys=0.00, real=0.05 secs] 
4681.623: [GC (Allocation Failure) [PSYoungGen: 442835K->102460K(465920K)] 763238K->488759K(1864192K), 0.0999792 secs] [Times: user=0.54 sys=0.01, real=0.10 secs] 
4682.632: [GC (Allocation Failure) [PSYoungGen: 334927K->181174K(465920K)] 721226K->599953K(1864192K), 0.0501081 secs] [Times: user=0.22 sys=0.00, real=0.05 secs] 
4682.817: [GC (Allocation Failure) [PSYoungGen: 414134K->182709K(465920K)] 832913K->658153K(1864192K), 0.0432780 secs] [Times: user=0.20 sys=0.00, real=0.05 secs] 
4682.974: [GC (Allocation Failure) [PSYoungGen: 415669K->187733K(465920K)] 891113K->718801K(1864192K), 0.0454059 secs] [Times: user=0.21 sys=0.00, real=0.04 secs] 
4684.428: [GC (Allocation Failure) [PSYoungGen: 420693K->101228K(465920K)] 951761K->703096K(1864192K), 0.1160005 secs] [Times: user=0.63 sys=0.01, real=0.12 secs] 
4685.863: [GC (Allocation Failure) [PSYoungGen: 334188K->169236K(465920K)] 936056K->803785K(1864192K), 0.0722495 secs] [Times: user=0.35 sys=0.00, real=0.07 secs] 
4686.100: [GC (Allocation Failure) [PSYoungGen: 402196K->182677K(465920K)] 1036745K->869902K(1864192K), 0.0422915 secs] [Times: user=0.19 sys=0.00, real=0.04 secs] 
4686.287: [GC (Allocation Failure) [PSYoungGen: 415637K->185783K(465920K)] 1102862K->937056K(1864192K), 0.0672075 secs] [Times: user=0.33 sys=0.00, real=0.07 secs] 
4687.128: [GC (Allocation Failure) [PSYoungGen: 416712K->210771K(465920K)] 1167985K->1021064K(1864192K), 0.0565005 secs] [Times: user=0.29 sys=0.00, real=0.06 secs] 
4687.696: [GC (Allocation Failure) [PSYoungGen: 443731K->106172K(465920K)] 1254024K->982777K(1864192K), 0.1022628 secs] [Times: user=0.55 sys=0.00, real=0.10 secs] 
4688.417: [GC (Allocation Failure) [PSYoungGen: 339132K->176629K(465920K)] 1215737K->1086955K(1864192K), 0.0477895 secs] [Times: user=0.22 sys=0.00, real=0.05 secs] 
4688.594: [GC (Allocation Failure) [PSYoungGen: 409589K->185462K(465920K)] 1319915K->1151208K(1864192K), 0.0432667 secs] [Times: user=0.19 sys=0.00, real=0.04 secs] 
4688.804: [GC (Allocation Failure) [PSYoungGen: 418422K->184885K(465920K)] 1384168K->1206711K(1864192K), 0.0640028 secs] [Times: user=0.31 sys=0.00, real=0.06 secs] 
4689.915: [GC (Allocation Failure) [PSYoungGen: 417845K->105148K(465920K)] 1439671K->1196790K(1864192K), 0.0504332 secs] [Times: user=0.26 sys=0.00, real=0.05 secs] 
4691.185: [GC (Allocation Failure) [PSYoungGen: 338027K->172596K(465920K)] 1429669K->1297635K(1864192K), 0.0872658 secs] [Times: user=0.43 sys=0.00, real=0.09 secs] 
4691.451: [GC (Allocation Failure) [PSYoungGen: 405556K->182517K(465920K)] 1530595K->1361596K(1864192K), 0.0434044 secs] [Times: user=0.20 sys=0.00, real=0.04 secs] 
4691.613: [GC (Allocation Failure) [PSYoungGen: 415364K->184727K(465920K)] 1594443K->1427538K(1864192K), 0.0506063 secs] [Times: user=0.24 sys=0.00, real=0.05 secs] 
4692.537: [GC (Allocation Failure) [PSYoungGen: 417687K->168755K(465920K)] 1660498K->1470246K(1864192K), 0.0586149 secs] [Times: user=0.29 sys=0.00, real=0.06 secs] 
4693.654: [GC (Allocation Failure) [PSYoungGen: 401715K->109645K(465920K)] 1703206K->1475592K(1864192K), 0.0897518 secs] [Times: user=0.48 sys=0.00, real=0.09 secs] 
4693.744: [Full GC (Ergonomics) [PSYoungGen: 109645K->0K(465920K)] [ParOldGen: 1365947K->126686K(1398272K)] 1475592K->126686K(1864192K), [Metaspace: 60428K->60428K(1105920K)], 0.1778860 secs] [Times: user=0.78 sys=0.00, real=0.18 secs] 
4694.398: [GC (Allocation Failure) [PSYoungGen: 232960K->179733K(465920K)] 359646K->306420K(1864192K), 0.0429738 secs] [Times: user=0.18 sys=0.00, real=0.05 secs] 
4694.647: [GC (Allocation Failure) [PSYoungGen: 412693K->179766K(465920K)] 539380K->369101K(1864192K), 0.0658031 secs] [Times: user=0.32 sys=0.00, real=0.07 secs] 
4694.880: [GC (Allocation Failure) [PSYoungGen: 412726K->186901K(465920K)] 602061K->433596K(1864192K), 0.0754783 secs] [Times: user=0.39 sys=0.00, real=0.07 secs] 
4695.903: [GC (Allocation Failure) [PSYoungGen: 419861K->101212K(465920K)] 666556K->418291K(1864192K), 0.0465855 secs] [Times: user=0.24 sys=0.00, real=0.05 secs] 
4696.436: [GC (Allocation Failure) [PSYoungGen: 334172K->176309K(465920K)] 651251K->526469K(1864192K), 0.0768690 secs] [Times: user=0.37 sys=0.00, real=0.08 secs] 
4696.678: [GC (Allocation Failure) [PSYoungGen: 409269K->182357K(465920K)] 759429K->587649K(1864192K), 0.0443444 secs] [Times: user=0.20 sys=0.00, real=0.05 secs] 
4696.867: [GC (Allocation Failure) [PSYoungGen: 406666K->176790K(465920K)] 811958K->645778K(1864192K), 0.0653953 secs] [Times: user=0.33 sys=0.00, real=0.07 secs] 
4697.849: [GC (Allocation Failure) [PSYoungGen: 409750K->169299K(460800K)] 878738K->694423K(1859072K), 0.0558109 secs] [Times: user=0.27 sys=0.00, real=0.06 secs] 
4699.148: [GC (GCLocker Initiated GC) [PSYoungGen: 402259K->108412K(463360K)] 927384K->698194K(1861632K), 0.1053525 secs] [Times: user=0.56 sys=0.00, real=0.11 secs] 
4699.704: [GC (Allocation Failure) [PSYoungGen: 341372K->175445K(466944K)] 939511K->808028K(1865216K), 0.1514910 secs] [Times: user=0.84 sys=0.00, real=0.15 secs] 
4699.975: [GC (Allocation Failure) [PSYoungGen: 409429K->185559K(465920K)] 1042012K->874350K(1864192K), 0.1588745 secs] [Times: user=0.89 sys=0.00, real=0.16 secs] 
4700.248: [GC (Allocation Failure) [PSYoungGen: 419543K->188405K(465920K)] 1108334K->935988K(1864192K), 0.0592747 secs] [Times: user=0.29 sys=0.00, real=0.06 secs] 
4701.877: [GC (Allocation Failure) [PSYoungGen: 421365K->95787K(465920K)] 1168948K->914422K(1864192K), 0.1119796 secs] [Times: user=0.60 sys=0.01, real=0.11 secs] 
4703.378: [GC (Allocation Failure) [PSYoungGen: 328747K->172885K(465920K)] 1147382K->1022381K(1864192K), 0.0577837 secs] [Times: user=0.26 sys=0.01, real=0.06 secs] 
4703.590: [GC (Allocation Failure) [PSYoungGen: 405845K->182613K(465920K)] 1255341K->1085857K(1864192K), 0.0443461 secs] [Times: user=0.20 sys=0.00, real=0.04 secs] 
4703.790: [GC (Allocation Failure) [PSYoungGen: 404384K->175926K(465920K)] 1307628K->1143010K(1864192K), 0.0775373 secs] [Times: user=0.35 sys=0.00, real=0.08 secs] 
4704.785: [GC (Allocation Failure) [PSYoungGen: 408886K->168595K(401920K)] 1375970K->1191463K(1800192K), 0.0556457 secs] [Times: user=0.28 sys=0.00, real=0.06 secs] 
4705.315: [GC (Allocation Failure) [PSYoungGen: 401555K->110141K(459776K)] 1424423K->1197577K(1858048K), 0.0966216 secs] [Times: user=0.52 sys=0.00, real=0.10 secs] 
4705.966: [GC (Allocation Failure) [PSYoungGen: 340029K->173813K(462848K)] 1427465K->1296018K(1861120K), 0.0532850 secs] [Times: user=0.24 sys=0.00, real=0.05 secs] 
4706.158: [GC (Allocation Failure) [PSYoungGen: 403701K->183349K(465920K)] 1525906K->1360271K(1864192K), 0.0448545 secs] [Times: user=0.21 sys=0.00, real=0.05 secs] 
4706.361: [GC (Allocation Failure) [PSYoungGen: 418357K->188917K(423936K)] 1595279K->1421398K(1822208K), 0.0736118 secs] [Times: user=0.36 sys=0.00, real=0.07 secs] 
4707.407: [GC (Allocation Failure) [PSYoungGen: 423925K->106557K(465920K)] 1656406K->1410110K(1864192K), 0.0476745 secs] [Times: user=0.24 sys=0.01, real=0.05 secs] 
4708.190: [GC (Allocation Failure) [PSYoungGen: 339517K->175765K(465920K)] 1643070K->1513123K(1864192K), 0.0690637 secs] [Times: user=0.34 sys=0.00, real=0.06 secs] 
4708.259: [Full GC (Ergonomics) [PSYoungGen: 175765K->0K(465920K)] [ParOldGen: 1337357K->202047K(1398272K)] 1513123K->202047K(1864192K), [Metaspace: 60428K->60428K(1105920K)], 0.2294924 secs] [Times: user=1.06 sys=0.00, real=0.23 secs] 
4708.600: [GC (Allocation Failure) [PSYoungGen: 232960K->177557K(465920K)] 435007K->379604K(1864192K), 0.0320746 secs] [Times: user=0.13 sys=0.00, real=0.03 secs] 
4708.785: [GC (Allocation Failure) [PSYoungGen: 407047K->182678K(465920K)] 609095K->447598K(1864192K), 0.0432551 secs] [Times: user=0.19 sys=0.00, real=0.04 secs] 
4709.746: [GC (Allocation Failure) [PSYoungGen: 415638K->168179K(457728K)] 680558K->491186K(1856000K), 0.0546602 secs] [Times: user=0.28 sys=0.00, real=0.06 secs] 
4711.812: [GC (Allocation Failure) [PSYoungGen: 401139K->114381K(461824K)] 724146K->501849K(1860096K), 0.1109774 secs] [Times: user=0.60 sys=0.00, real=0.11 secs] 
4712.225: [GC (Allocation Failure) [PSYoungGen: 347341K->183092K(464384K)] 734809K->607517K(1862656K), 0.0399365 secs] [Times: user=0.18 sys=0.00, real=0.04 secs] 
4712.384: [GC (Allocation Failure) [PSYoungGen: 416052K->185143K(465920K)] 840477K->671287K(1864192K), 0.0483662 secs] [Times: user=0.22 sys=0.00, real=0.05 secs] 
4712.547: [GC (Allocation Failure) [PSYoungGen: 418103K->187221K(465920K)] 904247K->731942K(1864192K), 0.0572354 secs] [Times: user=0.28 sys=0.00, real=0.06 secs] 
4713.554: [GC (GCLocker Initiated GC) [PSYoungGen: 420181K->99644K(465920K)] 964902K->714800K(1864192K), 0.0462669 secs] [Times: user=0.24 sys=0.01, real=0.05 secs] 
4713.985: [GC (Allocation Failure) [PSYoungGen: 332604K->176565K(465920K)] 947763K->824234K(1864192K), 0.0570742 secs] [Times: user=0.22 sys=0.00, real=0.06 secs] 
4714.157: [GC (Allocation Failure) [PSYoungGen: 409525K->182293K(465920K)] 1057194K->885050K(1864192K), 0.0436695 secs] [Times: user=0.20 sys=0.00, real=0.05 secs] 
4714.315: [GC (Allocation Failure) [PSYoungGen: 415253K->220917K(465920K)] 1118010K->979258K(1864192K), 0.0466717 secs] [Times: user=0.21 sys=0.00, real=0.05 secs] 
4715.247: [GC (Allocation Failure) [PSYoungGen: 453877K->153299K(465920K)] 1212218K->982655K(1864192K), 0.0516822 secs] [Times: user=0.25 sys=0.01, real=0.05 secs] 
4716.512: [GC (Allocation Failure) [PSYoungGen: 386259K->114637K(465920K)] 1215615K->992578K(1864192K), 0.1765970 secs] [Times: user=1.01 sys=0.00, real=0.17 secs] 
4717.536: [GC (Allocation Failure) [PSYoungGen: 347597K->195637K(465920K)] 1225538K->1110026K(1864192K), 0.0514607 secs] [Times: user=0.23 sys=0.01, real=0.05 secs] 
4717.717: [GC (Allocation Failure) [PSYoungGen: 428597K->185463K(465920K)] 1342986K->1162640K(1864192K), 0.0496096 secs] [Times: user=0.23 sys=0.00, real=0.05 secs] 
4717.910: [GC (Allocation Failure) [PSYoungGen: 418423K->184917K(465920K)] 1395600K->1220998K(1864192K), 0.0837410 secs] [Times: user=0.43 sys=0.00, real=0.08 secs] 
4719.487: [GC (GCLocker Initiated GC) [PSYoungGen: 417877K->96955K(465920K)] 1453958K->1202813K(1864192K), 0.1169874 secs] [Times: user=0.65 sys=0.00, real=0.12 secs] 
4720.657: [GC (GCLocker Initiated GC) [PSYoungGen: 329915K->171764K(465920K)] 1435780K->1309310K(1864192K), 0.0596079 secs] [Times: user=0.28 sys=0.00, real=0.06 secs] 
4720.879: [GC (Allocation Failure) [PSYoungGen: 404724K->180789K(465920K)] 1542271K->1371795K(1864192K), 0.0435092 secs] [Times: user=0.19 sys=0.00, real=0.05 secs] 
4721.083: [GC (Allocation Failure) [PSYoungGen: 409325K->180086K(465920K)] 1600331K->1434604K(1864192K), 0.0814346 secs] [Times: user=0.41 sys=0.00, real=0.08 secs] 
4722.098: [GC (Allocation Failure) [PSYoungGen: 413046K->169043K(465920K)] 1667564K->1480693K(1864192K), 0.0580681 secs] [Times: user=0.29 sys=0.00, real=0.06 secs] 
4722.567: [GC (GCLocker Initiated GC) [PSYoungGen: 402003K->112701K(465920K)] 1713653K->1489163K(1864192K), 0.0755860 secs] [Times: user=0.40 sys=0.01, real=0.08 secs] 
4722.643: [Full GC (Ergonomics) [PSYoungGen: 112701K->0K(465920K)] [ParOldGen: 1376462K->129884K(1398272K)] 1489163K->129884K(1864192K), [Metaspace: 60428K->60428K(1105920K)], 0.1628419 secs] [Times: user=0.73 sys=0.00, real=0.16 secs] 
4723.210: [GC (Allocation Failure) [PSYoungGen: 232960K->184820K(465920K)] 362975K->314836K(1864192K), 0.0263030 secs] [Times: user=0.10 sys=0.00, real=0.03 secs] 
4723.356: [GC (Allocation Failure) [PSYoungGen: 417780K->185239K(465920K)] 547796K->377678K(1864192K), 0.0467394 secs] [Times: user=0.21 sys=0.00, real=0.05 secs] 
4723.514: [GC (Allocation Failure) [PSYoungGen: 418199K->183924K(465920K)] 610638K->435100K(1864192K), 0.0541689 secs] [Times: user=0.26 sys=0.00, real=0.05 secs] 
4724.668: [GC (Allocation Failure) [PSYoungGen: 416884K->101692K(465920K)] 668060K->422312K(1864192K), 0.0596448 secs] [Times: user=0.32 sys=0.00, real=0.06 secs] 
4725.364: [GC (Allocation Failure) [PSYoungGen: 334652K->176373K(465920K)] 655272K->530526K(1864192K), 0.0544043 secs] [Times: user=0.25 sys=0.00, real=0.05 secs] 
4725.581: [GC (Allocation Failure) [PSYoungGen: 409333K->184053K(465920K)] 763486K->593186K(1864192K), 0.0597080 secs] [Times: user=0.29 sys=0.00, real=0.06 secs] 
4725.756: [GC (Allocation Failure) [PSYoungGen: 403424K->172533K(465920K)] 812557K->645898K(1864192K), 0.0498357 secs] [Times: user=0.24 sys=0.00, real=0.05 secs] 
4726.645: [GC (Allocation Failure) [PSYoungGen: 405493K->168883K(401920K)] 878858K->696895K(1800192K), 0.0546479 secs] [Times: user=0.28 sys=0.00, real=0.05 secs] 
4728.043: [GC (Allocation Failure) [PSYoungGen: 401843K->108524K(460800K)] 929855K->701009K(1859072K), 0.1080992 secs] [Times: user=0.58 sys=0.00, real=0.11 secs] 
4728.701: [GC (Allocation Failure) [PSYoungGen: 333444K->174037K(463360K)] 925929K->801291K(1861632K), 0.0519751 secs] [Times: user=0.24 sys=0.01, real=0.05 secs] 
4728.942: [GC (Allocation Failure) [PSYoungGen: 404437K->183317K(465408K)] 1031691K->864843K(1863680K), 0.0606586 secs] [Times: user=0.29 sys=0.00, real=0.06 secs] 
4729.126: [GC (Allocation Failure) [PSYoungGen: 417301K->188277K(422400K)] 1098827K->925275K(1820672K), 0.0456318 secs] [Times: user=0.21 sys=0.00, real=0.05 secs] 
4730.128: [GC (Allocation Failure) [PSYoungGen: 422261K->99868K(465920K)] 1159259K->907782K(1864192K), 0.0451446 secs] [Times: user=0.24 sys=0.00, real=0.05 secs] 
4730.798: [GC (GCLocker Initiated GC) [PSYoungGen: 332828K->171156K(465920K)] 1140742K->1011287K(1864192K), 0.0751442 secs] [Times: user=0.36 sys=0.01, real=0.08 secs] 
4731.041: [GC (Allocation Failure) [PSYoungGen: 404116K->201654K(465920K)] 1244378K->1095800K(1864192K), 0.0438961 secs] [Times: user=0.20 sys=0.01, real=0.04 secs] 
4731.236: [GC (Allocation Failure) [PSYoungGen: 434614K->185879K(465920K)] 1328760K->1152505K(1864192K), 0.0703231 secs] [Times: user=0.34 sys=0.00, real=0.07 secs] 
4732.175: [GC (Allocation Failure) [PSYoungGen: 418839K->169043K(465920K)] 1385465K->1194564K(1864192K), 0.0553797 secs] [Times: user=0.28 sys=0.00, real=0.06 secs] 
4733.072: [GC (Allocation Failure) [PSYoungGen: 402003K->110397K(465920K)] 1427524K->1200695K(1864192K), 0.0965381 secs] [Times: user=0.51 sys=0.01, real=0.09 secs] 
4733.653: [GC (Allocation Failure) [PSYoungGen: 343357K->179829K(465920K)] 1433655K->1305608K(1864192K), 0.0388942 secs] [Times: user=0.17 sys=0.00, real=0.04 secs] 
4733.811: [GC (Allocation Failure) [PSYoungGen: 412789K->185111K(465920K)] 1538568K->1373522K(1864192K), 0.0509475 secs] [Times: user=0.24 sys=0.00, real=0.05 secs] 
4733.972: [GC (Allocation Failure) [PSYoungGen: 418071K->181812K(465920K)] 1606482K->1428735K(1864192K), 0.0576832 secs] [Times: user=0.29 sys=0.00, real=0.05 secs] 
4735.433: [GC (Allocation Failure) [PSYoungGen: 414772K->103420K(465920K)] 1661695K->1419395K(1864192K), 0.1000663 secs] [Times: user=0.54 sys=0.00, real=0.10 secs] 
4735.533: [Full GC (Ergonomics) [PSYoungGen: 103420K->0K(465920K)] [ParOldGen: 1315974K->98521K(1398272K)] 1419395K->98521K(1864192K), [Metaspace: 60428K->60428K(1105920K)], 0.0850303 secs] [Times: user=0.30 sys=0.01, real=0.08 secs] 
4736.712: [GC (Allocation Failure) [PSYoungGen: 232960K->173525K(465920K)] 331481K->272046K(1864192K), 0.0402580 secs] [Times: user=0.15 sys=0.00, real=0.04 secs] 
4736.987: [GC (Allocation Failure) [PSYoungGen: 406485K->185174K(465920K)] 505006K->338071K(1864192K), 0.0516794 secs] [Times: user=0.25 sys=0.00, real=0.05 secs] 
4737.147: [GC (Allocation Failure) [PSYoungGen: 413489K->174101K(465920K)] 566386K->391439K(1864192K), 0.0471424 secs] [Times: user=0.21 sys=0.00, real=0.05 secs] 
4738.153: [GC (Allocation Failure) [PSYoungGen: 407061K->169107K(402432K)] 624399K->441540K(1800704K), 0.0523436 secs] [Times: user=0.26 sys=0.00, real=0.05 secs] 
4738.643: [GC (Allocation Failure) [PSYoungGen: 402067K->112829K(460288K)] 674500K->450127K(1858560K), 0.0716990 secs] [Times: user=0.37 sys=0.00, real=0.07 secs] 
4739.125: [GC (Allocation Failure) [PSYoungGen: 336475K->170996K(462848K)] 673772K->543859K(1861120K), 0.0499461 secs] [Times: user=0.21 sys=0.01, real=0.05 secs] 
4739.305: [GC (Allocation Failure) [PSYoungGen: 401396K->183541K(463872K)] 774259K->610168K(1862144K), 0.0424791 secs] [Times: user=0.19 sys=0.00, real=0.04 secs] 
4739.462: [GC (Allocation Failure) [PSYoungGen: 418549K->188821K(465408K)] 845176K->671000K(1863680K), 0.0457568 secs] [Times: user=0.21 sys=0.00, real=0.04 secs] 
4740.470: [GC (Allocation Failure) [PSYoungGen: 423829K->102908K(465920K)] 906008K->655931K(1864192K), 0.0463978 secs] [Times: user=0.23 sys=0.00, real=0.04 secs] 
4741.382: [GC (Allocation Failure) [PSYoungGen: 335868K->172884K(465920K)] 888891K->758864K(1864192K), 0.0690886 secs] [Times: user=0.33 sys=0.01, real=0.07 secs] 
4741.617: [GC (Allocation Failure) [PSYoungGen: 405844K->182581K(465920K)] 991824K->822749K(1864192K), 0.0437615 secs] [Times: user=0.20 sys=0.00, real=0.05 secs] 
4741.779: [GC (Allocation Failure) [PSYoungGen: 412619K->183094K(465920K)] 1052787K->886822K(1864192K), 0.0504322 secs] [Times: user=0.23 sys=0.01, real=0.05 secs] 
4742.689: [GC (Allocation Failure) [PSYoungGen: 416054K->168659K(458752K)] 1119782K->930506K(1857024K), 0.0562853 secs] [Times: user=0.28 sys=0.00, real=0.06 secs] 
4743.577: [GC (Allocation Failure) [PSYoungGen: 401619K->114557K(462336K)] 1163466K->940893K(1860608K), 0.0891061 secs] [Times: user=0.47 sys=0.01, real=0.09 secs] 
4744.027: [GC (Allocation Failure) [PSYoungGen: 347517K->179317K(467456K)] 1173853K->1041569K(1865728K), 0.0462447 secs] [Times: user=0.22 sys=0.00, real=0.05 secs] 
4744.226: [GC (Allocation Failure) [PSYoungGen: 414837K->185079K(420864K)] 1277089K->1110191K(1819136K), 0.0729236 secs] [Times: user=0.36 sys=0.00, real=0.07 secs] 
4744.429: [GC (Allocation Failure) [PSYoungGen: 420599K->189909K(465920K)] 1345711K->1173846K(1864192K), 0.0595900 secs] [Times: user=0.29 sys=0.00, real=0.06 secs] 
4745.712: [GC (Allocation Failure) [PSYoungGen: 422869K->96027K(465920K)] 1406806K->1151596K(1864192K), 0.0808620 secs] [Times: user=0.43 sys=0.00, real=0.08 secs] 
4746.695: [GC (Allocation Failure) [PSYoungGen: 328987K->173108K(465920K)] 1384556K->1259330K(1864192K), 0.0659428 secs] [Times: user=0.30 sys=0.00, real=0.07 secs] 
4746.993: [GC (Allocation Failure) [PSYoungGen: 406068K->185430K(465920K)] 1492290K->1326063K(1864192K), 0.0588702 secs] [Times: user=0.28 sys=0.00, real=0.06 secs] 
4747.162: [GC (Allocation Failure) [PSYoungGen: 404207K->170261K(465920K)] 1544841K->1375222K(1864192K), 0.0499339 secs] [Times: user=0.23 sys=0.00, real=0.05 secs] 
4748.134: [GC (Allocation Failure) [PSYoungGen: 403221K->168531K(401920K)] 1608182K->1427548K(1800192K), 0.0567912 secs] [Times: user=0.28 sys=0.00, real=0.06 secs] 
4748.633: [GC (Allocation Failure) [PSYoungGen: 401491K->114781K(459264K)] 1660508K->1438263K(1857536K), 0.0600418 secs] [Times: user=0.31 sys=0.00, real=0.06 secs] 
4748.693: [Full GC (Ergonomics) [PSYoungGen: 114781K->0K(459264K)] [ParOldGen: 1323481K->132162K(1398272K)] 1438263K->132162K(1857536K), [Metaspace: 60428K->60428K(1105920K)], 0.1285362 secs] [Times: user=0.55 sys=0.00, real=0.13 secs] 
4749.807: [GC (Allocation Failure) [PSYoungGen: 224021K->168468K(461312K)] 356183K->300630K(1859584K), 0.0329088 secs] [Times: user=0.12 sys=0.00, real=0.03 secs] 
4749.984: [GC (Allocation Failure) [PSYoungGen: 399380K->184022K(464896K)] 531542K->369288K(1863168K), 0.0410567 secs] [Times: user=0.18 sys=0.00, real=0.04 secs] 
4750.181: [GC (Allocation Failure) [PSYoungGen: 422102K->191541K(430080K)] 607368K->432448K(1828352K), 0.0665668 secs] [Times: user=0.33 sys=0.00, real=0.06 secs] 
4751.661: [GC (Allocation Failure) [PSYoungGen: 429621K->106524K(465920K)] 670528K->419479K(1864192K), 0.1232780 secs] [Times: user=0.68 sys=0.00, real=0.12 secs] 
4753.291: [GC (Allocation Failure) [PSYoungGen: 339484K->168628K(401920K)] 652439K->515427K(1800192K), 0.0742536 secs] [Times: user=0.36 sys=0.00, real=0.07 secs] 
4753.537: [GC (Allocation Failure) [PSYoungGen: 401588K->185654K(463872K)] 748387K->585761K(1862144K), 0.0422173 secs] [Times: user=0.19 sys=0.00, real=0.04 secs] 
4753.693: [GC (Allocation Failure) [PSYoungGen: 410759K->177654K(464896K)] 810866K->642185K(1863168K), 0.0483932 secs] [Times: user=0.23 sys=0.00, real=0.05 secs] 
4754.597: [GC (Allocation Failure) [PSYoungGen: 409590K->168787K(454144K)] 874121K->689794K(1852416K), 0.0555034 secs] [Times: user=0.28 sys=0.00, real=0.06 secs] 
4755.113: [GC (Allocation Failure) [PSYoungGen: 402259K->108684K(460288K)] 923266K->694372K(1858560K), 0.0616236 secs] [Times: user=0.32 sys=0.00, real=0.06 secs] 
4755.594: [GC (Allocation Failure) [PSYoungGen: 334608K->174677K(470016K)] 920296K->795309K(1868288K), 0.0343562 secs] [Times: user=0.14 sys=0.00, real=0.03 secs] 
4755.746: [GC (Allocation Failure) [PSYoungGen: 414293K->187638K(427520K)] 1034925K->862627K(1825792K), 0.0433923 secs] [Times: user=0.20 sys=0.00, real=0.04 secs] 
4755.907: [GC (Allocation Failure) [PSYoungGen: 427254K->193110K(464896K)] 1102243K->924738K(1863168K), 0.0463456 secs] [Times: user=0.22 sys=0.00, real=0.05 secs] 
4756.927: [GC (Allocation Failure) [PSYoungGen: 426070K->101436K(465920K)] 1157698K->905693K(1864192K), 0.0507304 secs] [Times: user=0.27 sys=0.00, real=0.05 secs] 
4757.669: [GC (Allocation Failure) [PSYoungGen: 334396K->173493K(465920K)] 1138653K->1010378K(1864192K), 0.0584909 secs] [Times: user=0.27 sys=0.00, real=0.06 secs] 
4757.879: [GC (Allocation Failure) [PSYoungGen: 406453K->185046K(465920K)] 1243338K->1076487K(1864192K), 0.0431690 secs] [Times: user=0.20 sys=0.00, real=0.05 secs] 
4758.084: [GC (Allocation Failure) [PSYoungGen: 406379K->173493K(465920K)] 1297820K->1129135K(1864192K), 0.0769319 secs] [Times: user=0.38 sys=0.00, real=0.08 secs] 
4759.039: [GC (Allocation Failure) [PSYoungGen: 406453K->168563K(401920K)] 1362095K->1179428K(1800192K), 0.0552493 secs] [Times: user=0.28 sys=0.00, real=0.06 secs] 
4760.293: [GC (Allocation Failure) [PSYoungGen: 401523K->106396K(458240K)] 1412388K->1181718K(1856512K), 0.0933264 secs] [Times: user=0.50 sys=0.00, real=0.09 secs] 
4761.356: [GC (Allocation Failure) [PSYoungGen: 333191K->176341K(461824K)] 1408513K->1285456K(1860096K), 0.0502703 secs] [Times: user=0.22 sys=0.00, real=0.05 secs] 
4761.537: [GC (Allocation Failure) [PSYoungGen: 405717K->180437K(466432K)] 1514832K->1344468K(1864704K), 0.0445339 secs] [Times: user=0.20 sys=0.01, real=0.05 secs] 
4761.696: [GC (Allocation Failure) [PSYoungGen: 415445K->188661K(423936K)] 1579476K->1407572K(1822208K), 0.0469406 secs] [Times: user=0.22 sys=0.00, real=0.05 secs] 
4762.845: [GC (Allocation Failure) [PSYoungGen: 423669K->102060K(465920K)] 1642580K->1391987K(1864192K), 0.0618175 secs] [Times: user=0.33 sys=0.00, real=0.06 secs] 
4763.713: [GC (Allocation Failure) [PSYoungGen: 335020K->172660K(465920K)] 1624947K->1495144K(1864192K), 0.0704829 secs] [Times: user=0.34 sys=0.00, real=0.07 secs] 
4763.783: [Full GC (Ergonomics) [PSYoungGen: 172660K->0K(465920K)] [ParOldGen: 1322483K->196936K(1398272K)] 1495144K->196936K(1864192K), [Metaspace: 60429K->60429K(1105920K)], 0.2226567 secs] [Times: user=1.05 sys=0.00, real=0.22 secs] 
4764.132: [GC (Allocation Failure) [PSYoungGen: 232960K->185430K(465920K)] 429896K->382366K(1864192K), 0.0336336 secs] [Times: user=0.14 sys=0.00, real=0.03 secs] 
4764.281: [GC (Allocation Failure) [PSYoungGen: 418390K->183414K(465920K)] 615326K->444895K(1864192K), 0.0435777 secs] [Times: user=0.20 sys=0.00, real=0.04 secs] 
4765.162: [GC (Allocation Failure) [PSYoungGen: 416374K->214058K(465920K)] 677855K->533707K(1864192K), 0.0506739 secs] [Times: user=0.25 sys=0.01, real=0.05 secs] 
4765.843: [GC (Allocation Failure) [PSYoungGen: 447018K->107628K(465920K)] 766667K->492485K(1864192K), 0.0607949 secs] [Times: user=0.32 sys=0.00, real=0.06 secs] 
4766.199: [GC (Allocation Failure) [PSYoungGen: 340588K->196501K(465920K)] 725445K->615773K(1864192K), 0.0363115 secs] [Times: user=0.15 sys=0.00, real=0.04 secs] 
4766.378: [GC (Allocation Failure) [PSYoungGen: 429461K->184855K(465920K)] 848733K->667019K(1864192K), 0.0552926 secs] [Times: user=0.26 sys=0.00, real=0.06 secs] 
4766.581: [GC (Allocation Failure) [PSYoungGen: 417815K->186805K(465920K)] 899979K->727585K(1864192K), 0.0745415 secs] [Times: user=0.38 sys=0.00, real=0.07 secs] 
4768.483: [GC (Allocation Failure) [PSYoungGen: 419765K->95515K(465920K)] 960545K->706631K(1864192K), 0.1238492 secs] [Times: user=0.68 sys=0.00, real=0.12 secs] 
4769.762: [GC (Allocation Failure) [PSYoungGen: 328475K->175093K(465920K)] 939591K->816994K(1864192K), 0.0525586 secs] [Times: user=0.23 sys=0.00, real=0.05 secs] 
4769.952: [GC (Allocation Failure) [PSYoungGen: 408053K->182645K(465920K)] 1049954K->879322K(1864192K), 0.0438735 secs] [Times: user=0.20 sys=0.00, real=0.04 secs] 
4770.110: [GC (Allocation Failure) [PSYoungGen: 410638K->179222K(465920K)] 1107315K->939747K(1864192K), 0.0499863 secs] [Times: user=0.24 sys=0.00, real=0.05 secs] 
4771.012: [GC (Allocation Failure) [PSYoungGen: 412182K->169843K(465920K)] 1172707K->987248K(1864192K), 0.0580175 secs] [Times: user=0.30 sys=0.00, real=0.05 secs] 
4771.963: [GC (Allocation Failure) [PSYoungGen: 402803K->105324K(465920K)] 1220208K->987625K(1864192K), 0.0988212 secs] [Times: user=0.53 sys=0.00, real=0.10 secs] 
4772.724: [GC (Allocation Failure) [PSYoungGen: 330487K->176949K(465920K)] 1212788K->1092783K(1864192K), 0.0499705 secs] [Times: user=0.22 sys=0.00, real=0.05 secs] 
4772.948: [GC (Allocation Failure) [PSYoungGen: 409909K->185814K(465920K)] 1325743K->1156672K(1864192K), 0.0612493 secs] [Times: user=0.29 sys=0.00, real=0.06 secs] 
4773.169: [GC (Allocation Failure) [PSYoungGen: 418774K->184020K(465920K)] 1389632K->1211031K(1864192K), 0.0552328 secs] [Times: user=0.27 sys=0.00, real=0.06 secs] 
4774.442: [GC (Allocation Failure) [PSYoungGen: 416980K->100588K(465920K)] 1443991K->1197166K(1864192K), 0.0735090 secs] [Times: user=0.39 sys=0.00, real=0.07 secs] 
4775.636: [GC (Allocation Failure) [PSYoungGen: 333548K->170708K(465920K)] 1430126K->1299795K(1864192K), 0.0942613 secs] [Times: user=0.44 sys=0.01, real=0.10 secs] 
4775.934: [GC (Allocation Failure) [PSYoungGen: 403668K->185270K(465920K)] 1532755K->1367957K(1864192K), 0.0447488 secs] [Times: user=0.20 sys=0.00, real=0.04 secs] 
4776.144: [GC (Allocation Failure) [PSYoungGen: 418230K->183830K(465920K)] 1600917K->1430966K(1864192K), 0.0773730 secs] [Times: user=0.38 sys=0.00, real=0.08 secs] 
4778.117: [GC (Allocation Failure) [PSYoungGen: 416052K->192819K(465920K)] 1663187K->1498106K(1864192K), 0.0583113 secs] [Times: user=0.29 sys=0.00, real=0.06 secs] 
4779.494: [GC (Allocation Failure) [PSYoungGen: 425779K->99307K(465920K)] 1731066K->1470251K(1864192K), 0.1092456 secs] [Times: user=0.60 sys=0.00, real=0.11 secs] 
4779.603: [Full GC (Ergonomics) [PSYoungGen: 99307K->0K(465920K)] [ParOldGen: 1370943K->116959K(1398272K)] 1470251K->116959K(1864192K), [Metaspace: 60437K->60437K(1105920K)], 0.1853122 secs] [Times: user=0.82 sys=0.00, real=0.18 secs] 
4780.004: [GC (Allocation Failure) [PSYoungGen: 232960K->181974K(465920K)] 349919K->298933K(1864192K), 0.0249180 secs] [Times: user=0.09 sys=0.00, real=0.02 secs] 
4780.194: [GC (Allocation Failure) [PSYoungGen: 414934K->185366K(465920K)] 531893K->358997K(1864192K), 0.0569219 secs] [Times: user=0.27 sys=0.00, real=0.06 secs] 
4780.428: [GC (Allocation Failure) [PSYoungGen: 418326K->187093K(465920K)] 591957K->416828K(1864192K), 0.0652414 secs] [Times: user=0.32 sys=0.00, real=0.07 secs] 
4781.478: [GC (GCLocker Initiated GC) [PSYoungGen: 420053K->98139K(465920K)] 649789K->398387K(1864192K), 0.0438758 secs] [Times: user=0.23 sys=0.00, real=0.05 secs] 
4782.041: [GC (Allocation Failure) [PSYoungGen: 331099K->171508K(465920K)] 631478K->503406K(1864192K), 0.0789269 secs] [Times: user=0.38 sys=0.00, real=0.07 secs] 
4782.345: [GC (Allocation Failure) [PSYoungGen: 404468K->184982K(465920K)] 736366K->571076K(1864192K), 0.0528430 secs] [Times: user=0.25 sys=0.01, real=0.05 secs] 
4782.551: [GC (Allocation Failure) [PSYoungGen: 417942K->183702K(465920K)] 804036K->634108K(1864192K), 0.0694849 secs] [Times: user=0.34 sys=0.00, real=0.07 secs] 
4783.388: [GC (Allocation Failure) [PSYoungGen: 416662K->210323K(465920K)] 867068K->719057K(1864192K), 0.0546877 secs] [Times: user=0.27 sys=0.00, real=0.06 secs] 
4784.130: [GC (Allocation Failure) [PSYoungGen: 443283K->104876K(465920K)] 952017K->679690K(1864192K), 0.0891989 secs] [Times: user=0.47 sys=0.01, real=0.09 secs] 
4784.514: [GC (Allocation Failure) [PSYoungGen: 332506K->177525K(465920K)] 907320K->785712K(1864192K), 0.0346927 secs] [Times: user=0.14 sys=0.00, real=0.03 secs] 
4784.663: [GC (Allocation Failure) [PSYoungGen: 410485K->182901K(465920K)] 1018672K->846348K(1864192K), 0.0428568 secs] [Times: user=0.20 sys=0.00, real=0.04 secs] 
4784.820: [GC (Allocation Failure) [PSYoungGen: 415861K->187573K(465920K)] 1079308K->906604K(1864192K), 0.0452686 secs] [Times: user=0.21 sys=0.00, real=0.04 secs] 
4786.419: [GC (Allocation Failure) [PSYoungGen: 420533K->99772K(465920K)] 1139564K->889523K(1864192K), 0.1241597 secs] [Times: user=0.68 sys=0.00, real=0.13 secs] 
4788.173: [GC (Allocation Failure) [PSYoungGen: 332732K->169332K(465920K)] 1122483K->990920K(1864192K), 0.0930214 secs] [Times: user=0.46 sys=0.00, real=0.09 secs] 
4788.478: [GC (Allocation Failure) [PSYoungGen: 402292K->182645K(465920K)] 1223880K->1057061K(1864192K), 0.0425604 secs] [Times: user=0.19 sys=0.00, real=0.05 secs] 
4788.638: [GC (Allocation Failure) [PSYoungGen: 415605K->185975K(465920K)] 1290021K->1124255K(1864192K), 0.0492848 secs] [Times: user=0.23 sys=0.00, real=0.05 secs] 
4789.434: [GC (Allocation Failure) [PSYoungGen: 417733K->212115K(465920K)] 1356013K->1209499K(1864192K), 0.0575849 secs] [Times: user=0.29 sys=0.00, real=0.06 secs] 
4789.954: [GC (Allocation Failure) [PSYoungGen: 445075K->103788K(465920K)] 1442459K->1167912K(1864192K), 0.0877097 secs] [Times: user=0.47 sys=0.01, real=0.09 secs] 
4790.382: [GC (Allocation Failure) [PSYoungGen: 336537K->179189K(465920K)] 1400661K->1276486K(1864192K), 0.0350693 secs] [Times: user=0.15 sys=0.00, real=0.03 secs] 
4790.557: [GC (Allocation Failure) [PSYoungGen: 412149K->185590K(465920K)] 1509446K->1339098K(1864192K), 0.0487106 secs] [Times: user=0.23 sys=0.00, real=0.05 secs] 
4790.738: [GC (Allocation Failure) [PSYoungGen: 418550K->184244K(465920K)] 1572058K->1394049K(1864192K), 0.0461812 secs] [Times: user=0.22 sys=0.00, real=0.05 secs] 
4791.764: [GC (Allocation Failure) [PSYoungGen: 417204K->102380K(465920K)] 1627009K->1381568K(1864192K), 0.0450648 secs] [Times: user=0.23 sys=0.00, real=0.04 secs] 
4792.559: [GC (Allocation Failure) [PSYoungGen: 335340K->174005K(465920K)] 1614528K->1486454K(1864192K), 0.0911085 secs] [Times: user=0.45 sys=0.00, real=0.10 secs] 
4792.650: [Full GC (Ergonomics) [PSYoungGen: 174005K->0K(465920K)] [ParOldGen: 1312449K->199085K(1398272K)] 1486454K->199085K(1864192K), [Metaspace: 60439K->60439K(1105920K)], 0.2430712 secs] [Times: user=1.17 sys=0.00, real=0.24 secs] 
4793.010: [GC (Allocation Failure) [PSYoungGen: 232960K->185398K(465920K)] 432045K->384483K(1864192K), 0.0325363 secs] [Times: user=0.13 sys=0.00, real=0.03 secs] 
4793.156: [GC (Allocation Failure) [PSYoungGen: 418358K->181814K(465920K)] 617443K->445408K(1864192K), 0.0435818 secs] [Times: user=0.20 sys=0.00, real=0.04 secs] 
4794.042: [GC (Allocation Failure) [PSYoungGen: 414774K->169555K(465920K)] 678368K->491380K(1864192K), 0.0538421 secs] [Times: user=0.27 sys=0.00, real=0.05 secs] 
4796.051: [GC (Allocation Failure) [PSYoungGen: 402515K->107244K(465920K)] 724340K->493982K(1864192K), 0.0940625 secs] [Times: user=0.48 sys=0.00, real=0.09 secs] 
4796.867: [GC (Allocation Failure) [PSYoungGen: 335635K->175573K(465920K)] 722372K->596479K(1864192K), 0.0500656 secs] [Times: user=0.22 sys=0.00, real=0.05 secs] 
4797.056: [GC (Allocation Failure) [PSYoungGen: 408533K->185558K(465920K)] 829439K->661280K(1864192K), 0.0429225 secs] [Times: user=0.20 sys=0.00, real=0.04 secs] 
4797.211: [GC (Allocation Failure) [PSYoungGen: 418518K->184821K(465920K)] 894240K->716711K(1864192K), 0.0449344 secs] [Times: user=0.21 sys=0.00, real=0.04 secs] 
4798.221: [GC (Allocation Failure) [PSYoungGen: 417781K->100140K(465920K)] 949671K->701870K(1864192K), 0.0439636 secs] [Times: user=0.22 sys=0.00, real=0.04 secs] 
4798.930: [GC (Allocation Failure) [PSYoungGen: 333100K->173333K(465920K)] 934830K->807524K(1864192K), 0.0565922 secs] [Times: user=0.27 sys=0.01, real=0.05 secs] 
4799.113: [GC (Allocation Failure) [PSYoungGen: 406293K->185430K(465920K)] 1040484K->873741K(1864192K), 0.0433225 secs] [Times: user=0.19 sys=0.00, real=0.04 secs] 
4799.299: [GC (Allocation Failure) [PSYoungGen: 418390K->184503K(465920K)] 1106701K->937334K(1864192K), 0.0551395 secs] [Times: user=0.26 sys=0.00, real=0.06 secs] 
4800.138: [GC (Allocation Failure) [PSYoungGen: 417463K->206884K(465920K)] 1170294K->1018431K(1864192K), 0.0482626 secs] [Times: user=0.24 sys=0.00, real=0.05 secs] 
4801.079: [GC (GCLocker Initiated GC) [PSYoungGen: 439844K->105852K(465920K)] 1251391K->981816K(1864192K), 0.0864346 secs] [Times: user=0.46 sys=0.00, real=0.09 secs] 
4802.109: [GC (Allocation Failure) [PSYoungGen: 338812K->177206K(465920K)] 1223006K->1094833K(1864192K), 0.1619582 secs] [Times: user=0.90 sys=0.00, real=0.17 secs] 
4802.387: [GC (Allocation Failure) [PSYoungGen: 410166K->182934K(465920K)] 1327793K->1157302K(1864192K), 0.1650166 secs] [Times: user=0.93 sys=0.00, real=0.17 secs] 
4802.666: [GC (Allocation Failure) [PSYoungGen: 415894K->187605K(465920K)] 1390262K->1220316K(1864192K), 0.0598616 secs] [Times: user=0.30 sys=0.00, real=0.06 secs] 
4804.323: [GC (Allocation Failure) [PSYoungGen: 420565K->97339K(465920K)] 1453276K->1200879K(1864192K), 0.1356041 secs] [Times: user=0.76 sys=0.01, real=0.13 secs] 
4806.163: [GC (Allocation Failure) [PSYoungGen: 330299K->168852K(465920K)] 1433839K->1303508K(1864192K), 0.0741285 secs] [Times: user=0.36 sys=0.00, real=0.07 secs] 
4806.404: [GC (Allocation Failure) [PSYoungGen: 401812K->185366K(465920K)] 1536468K->1373322K(1864192K), 0.0440621 secs] [Times: user=0.20 sys=0.00, real=0.04 secs] 
4806.590: [GC (Allocation Failure) [PSYoungGen: 415774K->180566K(465920K)] 1603730K->1432786K(1864192K), 0.0687557 secs] [Times: user=0.34 sys=0.00, real=0.06 secs] 
4807.579: [GC (Allocation Failure) [PSYoungGen: 413526K->168915K(465920K)] 1665746K->1478503K(1864192K), 0.0585946 secs] [Times: user=0.30 sys=0.00, real=0.06 secs] 
4808.257: [GC (Allocation Failure) [PSYoungGen: 401875K->107244K(465920K)] 1711463K->1481629K(1864192K), 0.1088053 secs] [Times: user=0.58 sys=0.00, real=0.11 secs] 
4808.366: [Full GC (Ergonomics) [PSYoungGen: 107244K->0K(465920K)] [ParOldGen: 1374384K->124876K(1398272K)] 1481629K->124876K(1864192K), [Metaspace: 60439K->60439K(1105920K)], 0.1944276 secs] [Times: user=0.88 sys=0.01, real=0.20 secs] 
4809.065: [GC (Allocation Failure) [PSYoungGen: 227423K->176181K(465920K)] 352300K->301058K(1864192K), 0.0285022 secs] [Times: user=0.11 sys=0.00, real=0.03 secs] 
4809.237: [GC (Allocation Failure) [PSYoungGen: 409141K->185654K(465920K)] 534018K->365647K(1864192K), 0.0601356 secs] [Times: user=0.28 sys=0.00, real=0.06 secs] 
4809.918: [GC (Allocation Failure) [PSYoungGen: 418614K->186293K(465920K)] 598607K->422486K(1864192K), 0.0852441 secs] [Times: user=0.42 sys=0.00, real=0.09 secs] 
4811.386: [GC (Allocation Failure) [PSYoungGen: 419253K->99612K(465920K)] 655446K->406117K(1864192K), 0.0708504 secs] [Times: user=0.38 sys=0.00, real=0.07 secs] 
4812.792: [GC (Allocation Failure) [PSYoungGen: 332572K->170836K(465920K)] 639077K->509230K(1864192K), 0.0799296 secs] [Times: user=0.38 sys=0.00, real=0.08 secs] 
4813.079: [GC (Allocation Failure) [PSYoungGen: 403796K->185302K(465920K)] 742190K->577584K(1864192K), 0.0434527 secs] [Times: user=0.19 sys=0.00, real=0.05 secs] 
4813.239: [GC (Allocation Failure) [PSYoungGen: 418262K->183670K(465920K)] 810544K->640192K(1864192K), 0.0490298 secs] [Times: user=0.23 sys=0.00, real=0.05 secs] 
4814.119: [GC (Allocation Failure) [PSYoungGen: 416630K->215357K(465920K)] 873152K->730147K(1864192K), 0.0508653 secs] [Times: user=0.25 sys=0.00, real=0.06 secs] 
4815.108: [GC (Allocation Failure) [PSYoungGen: 448317K->105292K(465920K)] 963107K->685658K(1864192K), 0.0951370 secs] [Times: user=0.51 sys=0.00, real=0.10 secs] 
4815.731: [GC (Allocation Failure) [PSYoungGen: 330934K->177269K(465920K)] 911300K->791952K(1864192K), 0.0381762 secs] [Times: user=0.16 sys=0.00, real=0.03 secs] 
4815.926: [GC (Allocation Failure) [PSYoungGen: 410229K->182165K(465920K)] 1024912K->851816K(1864192K), 0.0541367 secs] [Times: user=0.26 sys=0.00, real=0.06 secs] 
4816.114: [GC (Allocation Failure) [PSYoungGen: 415125K->187541K(465920K)] 1084776K->912160K(1864192K), 0.0454160 secs] [Times: user=0.21 sys=0.00, real=0.04 secs] 
4817.136: [GC (Allocation Failure) [PSYoungGen: 420501K->101820K(465920K)] 1145120K->897247K(1864192K), 0.0460933 secs] [Times: user=0.24 sys=0.00, real=0.05 secs] 
4818.196: [GC (Allocation Failure) [PSYoungGen: 334780K->167252K(465920K)] 1130207K->995164K(1864192K), 0.0835076 secs] [Times: user=0.40 sys=0.00, real=0.09 secs] 
4818.509: [GC (Allocation Failure) [PSYoungGen: 400212K->184053K(465920K)] 1228124K->1064506K(1864192K), 0.0466418 secs] [Times: user=0.22 sys=0.00, real=0.05 secs] 
4818.679: [GC (Allocation Failure) [PSYoungGen: 417013K->185783K(465920K)] 1297466K->1130395K(1864192K), 0.0509545 secs] [Times: user=0.24 sys=0.00, real=0.06 secs] 
4819.547: [GC (Allocation Failure) [PSYoungGen: 415924K->211859K(465920K)] 1360536K->1215407K(1864192K), 0.0570188 secs] [Times: user=0.29 sys=0.00, real=0.06 secs] 
4820.401: [GC (Allocation Failure) [PSYoungGen: 444819K->105852K(465920K)] 1448367K->1176144K(1864192K), 0.0940292 secs] [Times: user=0.50 sys=0.01, real=0.09 secs] 
4821.336: [GC (Allocation Failure) [PSYoungGen: 335783K->177269K(465920K)] 1406075K->1281018K(1864192K), 0.0533062 secs] [Times: user=0.24 sys=0.00, real=0.05 secs] 
4821.532: [GC (Allocation Failure) [PSYoungGen: 410229K->185526K(465920K)] 1513978K->1344895K(1864192K), 0.0436472 secs] [Times: user=0.20 sys=0.00, real=0.04 secs] 
4821.685: [GC (Allocation Failure) [PSYoungGen: 418486K->182228K(465920K)] 1577855K->1397685K(1864192K), 0.0452989 secs] [Times: user=0.22 sys=0.00, real=0.05 secs] 
4822.900: [GC (Allocation Failure) [PSYoungGen: 415188K->104668K(465920K)] 1630645K->1389357K(1864192K), 0.0557842 secs] [Times: user=0.29 sys=0.00, real=0.06 secs] 
4823.853: [GC (Allocation Failure) [PSYoungGen: 337628K->172820K(465920K)] 1622317K->1491306K(1864192K), 0.0739245 secs] [Times: user=0.37 sys=0.00, real=0.07 secs] 
4823.927: [Full GC (Ergonomics) [PSYoungGen: 172820K->0K(465920K)] [ParOldGen: 1318485K->197216K(1398272K)] 1491306K->197216K(1864192K), [Metaspace: 60439K->60439K(1105920K)], 0.2068165 secs] [Times: user=0.95 sys=0.00, real=0.21 secs] 
4824.257: [GC (GCLocker Initiated GC) [PSYoungGen: 232960K->181461K(465920K)] 430176K->378678K(1864192K), 0.0313849 secs] [Times: user=0.13 sys=0.00, real=0.03 secs] 
4824.406: [GC (Allocation Failure) [PSYoungGen: 414421K->185719K(465920K)] 611641K->446418K(1864192K), 0.0437358 secs] [Times: user=0.19 sys=0.00, real=0.04 secs] 
4825.212: [GC (Allocation Failure) [PSYoungGen: 418679K->215196K(465920K)] 679378K->534831K(1864192K), 0.0503216 secs] [Times: user=0.25 sys=0.00, real=0.05 secs] 
4825.682: [GC (Allocation Failure) [PSYoungGen: 448156K->109965K(465920K)] 767791K->495208K(1864192K), 0.0721566 secs] [Times: user=0.37 sys=0.01, real=0.07 secs] 
4826.171: [GC (Allocation Failure) [PSYoungGen: 334903K->173653K(465920K)] 720147K->594085K(1864192K), 0.0451906 secs] [Times: user=0.20 sys=0.00, real=0.04 secs] 
4826.341: [GC (Allocation Failure) [PSYoungGen: 406613K->185430K(465920K)] 827045K->660226K(1864192K), 0.0429208 secs] [Times: user=0.19 sys=0.00, real=0.04 secs] 
4826.497: [GC (Allocation Failure) [PSYoungGen: 418390K->187573K(465920K)] 893186K->718633K(1864192K), 0.0455892 secs] [Times: user=0.22 sys=0.00, real=0.05 secs] 
4827.644: [GC (Allocation Failure) [PSYoungGen: 420533K->99756K(465920K)] 951593K->701456K(1864192K), 0.0537371 secs] [Times: user=0.28 sys=0.00, real=0.05 secs] 
4828.818: [GC (Allocation Failure) [PSYoungGen: 332716K->174581K(465920K)] 934416K->808250K(1864192K), 0.0753915 secs] [Times: user=0.36 sys=0.00, real=0.08 secs] 
4829.099: [GC (Allocation Failure) [PSYoungGen: 407541K->180341K(465920K)] 1041210K->868734K(1864192K), 0.0483059 secs] [Times: user=0.22 sys=0.00, real=0.05 secs] 
4829.264: [GC (Allocation Failure) [PSYoungGen: 413301K->185943K(465920K)] 1101694K->937504K(1864192K), 0.0492080 secs] [Times: user=0.23 sys=0.00, real=0.05 secs] 
4830.150: [GC (Allocation Failure) [PSYoungGen: 418903K->169235K(465920K)] 1170464K->979780K(1864192K), 0.0574442 secs] [Times: user=0.29 sys=0.00, real=0.05 secs] 
4831.309: [GC (Allocation Failure) [PSYoungGen: 402195K->109789K(465920K)] 1212740K->985314K(1864192K), 0.0886818 secs] [Times: user=0.47 sys=0.00, real=0.09 secs] 
4831.754: [GC (Allocation Failure) [PSYoungGen: 342749K->177717K(465920K)] 1218274K->1088071K(1864192K), 0.0386207 secs] [Times: user=0.16 sys=0.00, real=0.04 secs] 
4831.973: [GC (Allocation Failure) [PSYoungGen: 410677K->184407K(465920K)] 1321031K->1157125K(1864192K), 0.0727906 secs] [Times: user=0.36 sys=0.00, real=0.07 secs] 
4832.212: [GC (Allocation Failure) [PSYoungGen: 417367K->187157K(465920K)] 1390085K->1218467K(1864192K), 0.0794659 secs] [Times: user=0.41 sys=0.00, real=0.08 secs] 
4833.370: [GC (Allocation Failure) [PSYoungGen: 420117K->98651K(465920K)] 1451427K->1200446K(1864192K), 0.0599255 secs] [Times: user=0.33 sys=0.00, real=0.06 secs] 
4834.397: [GC (Allocation Failure) [PSYoungGen: 331611K->171508K(465920K)] 1433406K->1304680K(1864192K), 0.0817415 secs] [Times: user=0.40 sys=0.00, real=0.08 secs] 
4834.665: [GC (Allocation Failure) [PSYoungGen: 404468K->185526K(465920K)] 1537640K->1372493K(1864192K), 0.0432038 secs] [Times: user=0.19 sys=0.00, real=0.04 secs] 
4834.818: [GC (Allocation Failure) [PSYoungGen: 409138K->177590K(465920K)] 1596105K->1429237K(1864192K), 0.0493726 secs] [Times: user=0.24 sys=0.00, real=0.05 secs] 
4835.719: [GC (Allocation Failure) [PSYoungGen: 410550K->170163K(463872K)] 1662197K->1478250K(1862144K), 0.0579503 secs] [Times: user=0.29 sys=0.00, real=0.06 secs] 
4836.553: [GC (Allocation Failure) [PSYoungGen: 403123K->106044K(464896K)] 1711210K->1479244K(1863168K), 0.0858568 secs] [Times: user=0.46 sys=0.00, real=0.08 secs] 
4836.639: [Full GC (Ergonomics) [PSYoungGen: 106044K->0K(464896K)] [ParOldGen: 1373199K->123242K(1398272K)] 1479244K->123242K(1863168K), [Metaspace: 60439K->60439K(1105920K)], 0.1766488 secs] [Times: user=0.78 sys=0.00, real=0.18 secs] 
4837.798: [GC (Allocation Failure) [PSYoungGen: 232960K->177909K(465920K)] 356202K->301152K(1864192K), 0.0362213 secs] [Times: user=0.13 sys=0.00, real=0.04 secs] 
4838.047: [GC (Allocation Failure) [PSYoungGen: 410869K->185718K(465920K)] 534112K->364996K(1864192K), 0.0580319 secs] [Times: user=0.27 sys=0.01, real=0.06 secs] 
4838.230: [GC (Allocation Failure) [PSYoungGen: 418678K->187797K(465920K)] 597956K->423396K(1864192K), 0.0450855 secs] [Times: user=0.21 sys=0.00, real=0.04 secs] 
4839.660: [GC (GCLocker Initiated GC) [PSYoungGen: 420757K->103196K(465920K)] 656357K->409720K(1864192K), 0.1237733 secs] [Times: user=0.68 sys=0.01, real=0.12 secs] 
4841.260: [GC (Allocation Failure) [PSYoungGen: 336156K->166548K(465920K)] 642975K->506407K(1864192K), 0.0957303 secs] [Times: user=0.48 sys=0.00, real=0.09 secs] 
4841.545: [GC (Allocation Failure) [PSYoungGen: 399508K->185174K(465920K)] 739367K->577517K(1864192K), 0.0429207 secs] [Times: user=0.19 sys=0.00, real=0.04 secs] 
4841.748: [GC (Allocation Failure) [PSYoungGen: 418134K->185527K(465920K)] 810477K->642230K(1864192K), 0.0720368 secs] [Times: user=0.35 sys=0.00, real=0.08 secs] 
4842.732: [GC (Allocation Failure) [PSYoungGen: 418487K->168595K(401920K)] 875190K->684114K(1800192K), 0.0577491 secs] [Times: user=0.29 sys=0.00, real=0.05 secs] 
4843.201: [GC (Allocation Failure) [PSYoungGen: 401555K->113437K(463872K)] 917074K->693645K(1862144K), 0.0797842 secs] [Times: user=0.41 sys=0.01, real=0.08 secs] 
4843.573: [GC (Allocation Failure) [PSYoungGen: 345373K->176212K(464896K)] 925581K->792477K(1863168K), 0.0440929 secs] [Times: user=0.20 sys=0.01, real=0.04 secs] 
4843.737: [GC (Allocation Failure) [PSYoungGen: 408148K->184375K(465408K)] 1024413K->862667K(1863680K), 0.0493584 secs] [Times: user=0.23 sys=0.00, real=0.05 secs] 
4843.936: [GC (Allocation Failure) [PSYoungGen: 417335K->187253K(465920K)] 1095627K->924057K(1864192K), 0.0829911 secs] [Times: user=0.43 sys=0.00, real=0.08 secs] 
4845.209: [GC (Allocation Failure) [PSYoungGen: 420213K->97931K(465920K)] 1157017K->905324K(1864192K), 0.0828639 secs] [Times: user=0.45 sys=0.01, real=0.09 secs] 
4846.305: [GC (Allocation Failure) [PSYoungGen: 330891K->177140K(465920K)] 1138284K->1016441K(1864192K), 0.0579549 secs] [Times: user=0.26 sys=0.01, real=0.06 secs] 
4846.585: [GC (Allocation Failure) [PSYoungGen: 410100K->185046K(465920K)] 1249401K->1078926K(1864192K), 0.0537951 secs] [Times: user=0.26 sys=0.00, real=0.05 secs] 
4846.753: [GC (Allocation Failure) [PSYoungGen: 408740K->175573K(465920K)] 1302621K->1133558K(1864192K), 0.0487573 secs] [Times: user=0.23 sys=0.00, real=0.05 secs] 
4847.640: [GC (Allocation Failure) [PSYoungGen: 408533K->212320K(465920K)] 1366518K->1226129K(1864192K), 0.0486116 secs] [Times: user=0.23 sys=0.00, real=0.04 secs] 
4849.046: [GC (Allocation Failure) [PSYoungGen: 445280K->106924K(465920K)] 1459089K->1185389K(1864192K), 0.1067178 secs] [Times: user=0.57 sys=0.00, real=0.11 secs] 
4849.544: [GC (Allocation Failure) [PSYoungGen: 336021K->175957K(465920K)] 1414486K->1288899K(1864192K), 0.0462883 secs] [Times: user=0.20 sys=0.00, real=0.05 secs] 
4849.711: [GC (Allocation Failure) [PSYoungGen: 408917K->185270K(465920K)] 1521859K->1352884K(1864192K), 0.0439885 secs] [Times: user=0.20 sys=0.00, real=0.04 secs] 
4849.867: [GC (Allocation Failure) [PSYoungGen: 418230K->184853K(465920K)] 1585844K->1408562K(1864192K), 0.0463515 secs] [Times: user=0.22 sys=0.00, real=0.05 secs] 
4850.915: [GC (Allocation Failure) [PSYoungGen: 417813K->101708K(465920K)] 1641522K->1395150K(1864192K), 0.0471794 secs] [Times: user=0.24 sys=0.00, real=0.05 secs] 
4851.386: [GC (Allocation Failure) [PSYoungGen: 334668K->175733K(465920K)] 1628110K->1501919K(1864192K), 0.0588308 secs] [Times: user=0.29 sys=0.00, real=0.06 secs] 
4851.444: [Full GC (Ergonomics) [PSYoungGen: 175733K->0K(465920K)] [ParOldGen: 1326186K->200367K(1398272K)] 1501919K->200367K(1864192K), [Metaspace: 60439K->60439K(1105920K)], 0.1914356 secs] [Times: user=0.86 sys=0.00, real=0.19 secs] 
4851.752: [GC (Allocation Failure) [PSYoungGen: 232960K->185590K(465920K)] 433327K->385957K(1864192K), 0.0326362 secs] [Times: user=0.13 sys=0.00, real=0.03 secs] 
4851.900: [GC (Allocation Failure) [PSYoungGen: 415460K->180310K(465920K)] 615827K->445341K(1864192K), 0.0433118 secs] [Times: user=0.19 sys=0.00, real=0.04 secs] 
4852.827: [GC (Allocation Failure) [PSYoungGen: 413270K->169075K(465920K)] 678301K->491186K(1864192K), 0.0535803 secs] [Times: user=0.26 sys=0.00, real=0.06 secs] 
4853.984: [GC (Allocation Failure) [PSYoungGen: 402030K->109181K(465920K)] 724142K->496140K(1864192K), 0.1028763 secs] [Times: user=0.55 sys=0.00, real=0.10 secs] 
4854.428: [GC (Allocation Failure) [PSYoungGen: 334914K->174133K(465920K)] 721873K->595733K(1864192K), 0.0381453 secs] [Times: user=0.17 sys=0.00, real=0.04 secs] 
4854.639: [GC (Allocation Failure) [PSYoungGen: 407093K->185270K(465920K)] 828693K->661262K(1864192K), 0.0637911 secs] [Times: user=0.31 sys=0.00, real=0.07 secs] 
4854.883: [GC (Allocation Failure) [PSYoungGen: 418230K->187541K(465920K)] 894222K->719653K(1864192K), 0.0605050 secs] [Times: user=0.29 sys=0.00, real=0.06 secs] 
4856.468: [GC (Allocation Failure) [PSYoungGen: 420501K->98315K(465920K)] 952613K->701323K(1864192K), 0.1285676 secs] [Times: user=0.71 sys=0.00, real=0.13 secs] 
4858.047: [GC (Allocation Failure) [PSYoungGen: 331275K->170484K(465920K)] 934283K->804889K(1864192K), 0.0955494 secs] [Times: user=0.46 sys=0.00, real=0.10 secs] 
4858.340: [GC (GCLocker Initiated GC) [PSYoungGen: 403444K->184598K(465920K)] 1037849K->872295K(1864192K), 0.0437105 secs] [Times: user=0.20 sys=0.01, real=0.04 secs] 
4858.503: [GC (Allocation Failure) [PSYoungGen: 417558K->184151K(465920K)] 1105259K->935908K(1864192K), 0.0516207 secs] [Times: user=0.24 sys=0.00, real=0.05 secs] 
4859.381: [GC (Allocation Failure) [PSYoungGen: 412352K->209715K(465920K)] 1164109K->1019792K(1864192K), 0.0560665 secs] [Times: user=0.28 sys=0.00, real=0.05 secs] 
4860.063: [GC (Allocation Failure) [PSYoungGen: 442675K->102652K(465920K)] 1252752K->978617K(1864192K), 0.1088180 secs] [Times: user=0.58 sys=0.01, real=0.11 secs] 
4860.632: [GC (Allocation Failure) [PSYoungGen: 334578K->180246K(465920K)] 1210544K->1088952K(1864192K), 0.0357070 secs] [Times: user=0.15 sys=0.00, real=0.03 secs] 
4860.807: [GC (Allocation Failure) [PSYoungGen: 413206K->182773K(465920K)] 1321912K->1147499K(1864192K), 0.0491510 secs] [Times: user=0.24 sys=0.00, real=0.05 secs] 
4860.990: [GC (Allocation Failure) [PSYoungGen: 415733K->187157K(465920K)] 1380459K->1207643K(1864192K), 0.0467355 secs] [Times: user=0.22 sys=0.00, real=0.04 secs] 
4862.096: [GC (Allocation Failure) [PSYoungGen: 420117K->101852K(465920K)] 1440603K->1192850K(1864192K), 0.0653819 secs] [Times: user=0.35 sys=0.00, real=0.07 secs] 
4863.522: [GC (Allocation Failure) [PSYoungGen: 334812K->168660K(465920K)] 1425810K->1292327K(1864192K), 0.1004682 secs] [Times: user=0.51 sys=0.00, real=0.10 secs] 
4863.819: [GC (Allocation Failure) [PSYoungGen: 401620K->185526K(465920K)] 1525287K->1362261K(1864192K), 0.0438553 secs] [Times: user=0.20 sys=0.00, real=0.05 secs] 
4864.023: [GC (Allocation Failure) [PSYoungGen: 418486K->186103K(465920K)] 1595221K->1427186K(1864192K), 0.0754902 secs] [Times: user=0.37 sys=0.00, real=0.07 secs] 
4865.030: [GC (Allocation Failure) [PSYoungGen: 419063K->209419K(465920K)] 1660146K->1509694K(1864192K), 0.0528949 secs] [Times: user=0.26 sys=0.00, real=0.05 secs] 
4866.165: [GC (Allocation Failure) [PSYoungGen: 442379K->106636K(465920K)] 1742654K->1472539K(1864192K), 0.1161071 secs] [Times: user=0.63 sys=0.00, real=0.12 secs] 
4866.281: [Full GC (Ergonomics) [PSYoungGen: 106636K->0K(465920K)] [ParOldGen: 1365903K->123907K(1398272K)] 1472539K->123907K(1864192K), [Metaspace: 60439K->60439K(1105920K)], 0.1915547 secs] [Times: user=0.86 sys=0.00, real=0.19 secs] 
4866.833: [GC (Allocation Failure) [PSYoungGen: 230396K->177205K(465920K)] 354303K->301112K(1864192K), 0.0243696 secs] [Times: user=0.09 sys=0.00, real=0.02 secs] 
4866.974: [GC (Allocation Failure) [PSYoungGen: 410165K->185590K(465920K)] 534072K->364545K(1864192K), 0.0415505 secs] [Times: user=0.18 sys=0.00, real=0.04 secs] 
4867.130: [GC (Allocation Failure) [PSYoungGen: 418550K->187189K(465920K)] 597505K->422416K(1864192K), 0.0448679 secs] [Times: user=0.21 sys=0.01, real=0.04 secs] 
4868.147: [GC (Allocation Failure) [PSYoungGen: 420149K->98283K(465920K)] 655376K->404039K(1864192K), 0.0431791 secs] [Times: user=0.22 sys=0.00, real=0.05 secs] 
4868.758: [GC (Allocation Failure) [PSYoungGen: 331243K->172564K(465920K)] 636999K->510093K(1864192K), 0.0640244 secs] [Times: user=0.30 sys=0.00, real=0.07 secs] 
4868.976: [GC (Allocation Failure) [PSYoungGen: 405524K->185206K(465920K)] 743053K->577026K(1864192K), 0.0425256 secs] [Times: user=0.19 sys=0.00, real=0.04 secs] 
4869.137: [GC (Allocation Failure) [PSYoungGen: 417732K->184119K(465920K)] 809552K->640339K(1864192K), 0.0492501 secs] [Times: user=0.23 sys=0.00, real=0.05 secs] 
4870.039: [GC (Allocation Failure) [PSYoungGen: 417079K->169235K(465920K)] 873299K->684051K(1864192K), 0.0557122 secs] [Times: user=0.28 sys=0.00, real=0.06 secs] 
4871.047: [GC (Allocation Failure) [PSYoungGen: 402195K->108765K(465920K)] 917011K->688465K(1864192K), 0.0772390 secs] [Times: user=0.41 sys=0.01, real=0.08 secs] 
4872.090: [GC (Allocation Failure) [PSYoungGen: 338297K->174869K(465920K)] 917997K->788742K(1864192K), 0.0532171 secs] [Times: user=0.24 sys=0.00, real=0.05 secs] 
4872.347: [GC (GCLocker Initiated GC) [PSYoungGen: 407829K->182805K(465920K)] 1021702K->851215K(1864192K), 0.0569427 secs] [Times: user=0.27 sys=0.00, real=0.06 secs] 
4872.523: [GC (Allocation Failure) [PSYoungGen: 415765K->204021K(465920K)] 1084214K->928077K(1864192K), 0.0453767 secs] [Times: user=0.21 sys=0.00, real=0.04 secs] 
4873.872: [GC (Allocation Failure) [PSYoungGen: 436981K->101404K(465920K)] 1161037K->896160K(1864192K), 0.0866854 secs] [Times: user=0.46 sys=0.00, real=0.08 secs] 
4875.320: [GC (Allocation Failure) [PSYoungGen: 334364K->169268K(465920K)] 1129120K->996665K(1864192K), 0.0945324 secs] [Times: user=0.47 sys=0.00, real=0.09 secs] 
4875.634: [GC (Allocation Failure) [PSYoungGen: 402228K->185302K(465920K)] 1229625K->1065807K(1864192K), 0.0449670 secs] [Times: user=0.20 sys=0.00, real=0.04 secs] 
4875.823: [GC (Allocation Failure) [PSYoungGen: 418262K->185911K(465920K)] 1298767K->1130840K(1864192K), 0.0621576 secs] [Times: user=0.30 sys=0.00, real=0.06 secs] 
4876.724: [GC (Allocation Failure) [PSYoungGen: 416738K->190995K(465920K)] 1361667K->1194788K(1864192K), 0.0565929 secs] [Times: user=0.29 sys=0.00, real=0.06 secs] 
4877.356: [GC (Allocation Failure) [PSYoungGen: 423955K->103676K(465920K)] 1427748K->1172649K(1864192K), 0.1112245 secs] [Times: user=0.61 sys=0.00, real=0.11 secs] 
4878.194: [GC (Allocation Failure) [PSYoungGen: 336636K->179253K(465920K)] 1405609K->1280424K(1864192K), 0.0534495 secs] [Times: user=0.24 sys=0.00, real=0.05 secs] 
4878.450: [GC (Allocation Failure) [PSYoungGen: 412213K->185462K(465920K)] 1513384K->1342940K(1864192K), 0.0614763 secs] [Times: user=0.29 sys=0.00, real=0.06 secs] 
4878.633: [GC (Allocation Failure) [PSYoungGen: 418422K->187637K(465920K)] 1575900K->1401315K(1864192K), 0.0461350 secs] [Times: user=0.22 sys=0.00, real=0.04 secs] 
4879.695: [GC (Allocation Failure) [PSYoungGen: 420597K->99516K(465920K)] 1634275K->1383966K(1864192K), 0.0499290 secs] [Times: user=0.26 sys=0.00, real=0.05 secs] 
4880.999: [GC (GCLocker Initiated GC) [PSYoungGen: 332476K->170420K(465920K)] 1616926K->1486620K(1864192K), 0.0812442 secs] [Times: user=0.40 sys=0.00, real=0.09 secs] 
4881.080: [Full GC (Ergonomics) [PSYoungGen: 170420K->0K(465920K)] [ParOldGen: 1316199K->194440K(1398272K)] 1486620K->194440K(1864192K), [Metaspace: 60445K->60445K(1105920K)], 0.2483872 secs] [Times: user=1.21 sys=0.00, real=0.24 secs] 
4881.445: [GC (Allocation Failure) [PSYoungGen: 232960K->184726K(465920K)] 427567K->379333K(1864192K), 0.0330046 secs] [Times: user=0.14 sys=0.00, real=0.03 secs] 
4881.622: [GC (Allocation Failure) [PSYoungGen: 417686K->186231K(465920K)] 612293K->445078K(1864192K), 0.0436566 secs] [Times: user=0.20 sys=0.00, real=0.04 secs] 
4882.514: [GC (Allocation Failure) [PSYoungGen: 419191K->170003K(465920K)] 678038K->487954K(1864192K), 0.0575374 secs] [Times: user=0.29 sys=0.00, real=0.06 secs] 
4883.317: [GC (Allocation Failure) [PSYoungGen: 402963K->110669K(465920K)] 720914K->493572K(1864192K), 0.0779218 secs] [Times: user=0.42 sys=0.00, real=0.08 secs] 
4883.778: [GC (Allocation Failure) [PSYoungGen: 343629K->180629K(465920K)] 726532K->599357K(1864192K), 0.0428382 secs] [Times: user=0.19 sys=0.00, real=0.05 secs] 
4883.938: [GC (Allocation Failure) [PSYoungGen: 413589K->182198K(465920K)] 832317K->663903K(1864192K), 0.0486490 secs] [Times: user=0.23 sys=0.00, real=0.05 secs] 
4884.101: [GC (Allocation Failure) [PSYoungGen: 415158K->187189K(465920K)] 896863K->726949K(1864192K), 0.0566135 secs] [Times: user=0.27 sys=0.00, real=0.05 secs] 
4885.195: [GC (Allocation Failure) [PSYoungGen: 420149K->97723K(465920K)] 959909K->708132K(1864192K), 0.0462425 secs] [Times: user=0.25 sys=0.00, real=0.05 secs] 
4885.773: [GC (GCLocker Initiated GC) [PSYoungGen: 330683K->173749K(465920K)] 941092K->816302K(1864192K), 0.0572766 secs] [Times: user=0.26 sys=0.00, real=0.06 secs] 
4885.978: [GC (Allocation Failure) [PSYoungGen: 406709K->185526K(465920K)] 1049429K->882674K(1864192K), 0.0437852 secs] [Times: user=0.20 sys=0.00, real=0.05 secs] 
4886.155: [GC (Allocation Failure) [PSYoungGen: 405399K->174421K(465920K)] 1102548K->935882K(1864192K), 0.0539382 secs] [Times: user=0.26 sys=0.00, real=0.05 secs] 
4887.087: [GC (Allocation Failure) [PSYoungGen: 407381K->168499K(401920K)] 1168842K->985431K(1800192K), 0.0553583 secs] [Times: user=0.28 sys=0.00, real=0.06 secs] 
4888.097: [GC (GCLocker Initiated GC) [PSYoungGen: 401459K->107308K(462848K)] 1218391K->988729K(1861120K), 0.1092837 secs] [Times: user=0.58 sys=0.00, real=0.11 secs] 
4888.836: [GC (Allocation Failure) [PSYoungGen: 338732K->176694K(464384K)] 1228348K->1100494K(1862656K), 0.1419882 secs] [Times: user=0.79 sys=0.00, real=0.14 secs] 
4889.097: [GC (Allocation Failure) [PSYoungGen: 408118K->184151K(465920K)] 1331918K->1164459K(1864192K), 0.1755132 secs] [Times: user=0.99 sys=0.00, real=0.18 secs] 
4889.384: [GC (Allocation Failure) [PSYoungGen: 417111K->184853K(465920K)] 1397419K->1223393K(1864192K), 0.0593493 secs] [Times: user=0.30 sys=0.00, real=0.06 secs] 
4890.864: [GC (Allocation Failure) [PSYoungGen: 417813K->97867K(465920K)] 1456353K->1206112K(1864192K), 0.0925147 secs] [Times: user=0.50 sys=0.01, real=0.09 secs] 
4892.278: [GC (Allocation Failure) [PSYoungGen: 330827K->170164K(465920K)] 1439072K->1309910K(1864192K), 0.0915838 secs] [Times: user=0.45 sys=0.00, real=0.09 secs] 
4892.563: [GC (Allocation Failure) [PSYoungGen: 403124K->185462K(465920K)] 1542870K->1378707K(1864192K), 0.0440120 secs] [Times: user=0.20 sys=0.00, real=0.04 secs] 
4892.725: [GC (Allocation Failure) [PSYoungGen: 411459K->178326K(465920K)] 1604705K->1435851K(1864192K), 0.0501363 secs] [Times: user=0.24 sys=0.00, real=0.05 secs] 
4893.643: [GC (Allocation Failure) [PSYoungGen: 411286K->169427K(461824K)] 1668811K->1483720K(1860096K), 0.0560563 secs] [Times: user=0.28 sys=0.00, real=0.05 secs] 
4893.699: [Full GC (Ergonomics) [PSYoungGen: 169427K->0K(461824K)] [ParOldGen: 1314293K->359014K(1398272K)] 1483720K->359014K(1860096K), [Metaspace: 60445K->60445K(1105920K)], 0.5935093 secs] [Times: user=2.57 sys=0.00, real=0.60 secs] 
4895.002: [GC (Allocation Failure) [PSYoungGen: 232960K->106076K(463872K)] 591974K->465091K(1862144K), 0.0295348 secs] [Times: user=0.12 sys=0.00, real=0.03 secs] 
4895.943: [GC (Allocation Failure) [PSYoungGen: 335695K->177429K(465920K)] 694709K->570125K(1864192K), 0.0510593 secs] [Times: user=0.23 sys=0.00, real=0.05 secs] 
4896.135: [GC (Allocation Failure) [PSYoungGen: 410389K->185750K(465920K)] 803085K->633577K(1864192K), 0.0427830 secs] [Times: user=0.19 sys=0.00, real=0.04 secs] 
4896.316: [GC (Allocation Failure) [PSYoungGen: 418710K->187893K(465920K)] 866537K->692017K(1864192K), 0.0504445 secs] [Times: user=0.24 sys=0.00, real=0.05 secs] 
4897.833: [GC (Allocation Failure) [PSYoungGen: 420853K->98828K(465920K)] 924977K->673731K(1864192K), 0.1255055 secs] [Times: user=0.70 sys=0.00, real=0.12 secs] 
4899.398: [GC (GCLocker Initiated GC) [PSYoungGen: 331788K->168116K(465920K)] 906692K->774613K(1864192K), 0.0642849 secs] [Times: user=0.31 sys=0.00, real=0.07 secs] 
4899.614: [GC (Allocation Failure) [PSYoungGen: 401076K->182997K(465920K)] 1007866K->842600K(1864192K), 0.0418200 secs] [Times: user=0.19 sys=0.00, real=0.04 secs] 
4899.775: [GC (Allocation Failure) [PSYoungGen: 415957K->185847K(465920K)] 1075560K->909345K(1864192K), 0.0495533 secs] [Times: user=0.23 sys=0.00, real=0.05 secs] 
4900.640: [GC (Allocation Failure) [PSYoungGen: 414062K->210227K(465920K)] 1137561K->992678K(1864192K), 0.0557182 secs] [Times: user=0.28 sys=0.00, real=0.05 secs] 
4901.785: [GC (GCLocker Initiated GC) [PSYoungGen: 443187K->99467K(465920K)] 1225638K->947802K(1864192K), 0.1050612 secs] [Times: user=0.57 sys=0.01, real=0.11 secs] 
4902.439: [GC (Allocation Failure) [PSYoungGen: 332427K->180758K(465920K)] 1181057K->1061028K(1864192K), 0.0583567 secs] [Times: user=0.26 sys=0.00, real=0.06 secs] 
4902.669: [GC (Allocation Failure) [PSYoungGen: 413718K->193494K(465920K)] 1293988K->1129796K(1864192K), 0.0437952 secs] [Times: user=0.19 sys=0.01, real=0.05 secs] 
4902.825: [GC (Allocation Failure) [PSYoungGen: 426454K->187669K(465920K)] 1362756K->1180203K(1864192K), 0.0456185 secs] [Times: user=0.21 sys=0.00, real=0.05 secs] 
4903.837: [GC (GCLocker Initiated GC) [PSYoungGen: 420629K->99772K(465920K)] 1413164K->1162838K(1864192K), 0.0446217 secs] [Times: user=0.23 sys=0.00, real=0.05 secs] 
4904.924: [GC (Allocation Failure) [PSYoungGen: 332732K->169588K(465920K)] 1395929K->1264702K(1864192K), 0.1184607 secs] [Times: user=0.59 sys=0.00, real=0.12 secs] 
4905.237: [GC (Allocation Failure) [PSYoungGen: 402548K->185654K(465920K)] 1497662K->1333972K(1864192K), 0.0450650 secs] [Times: user=0.20 sys=0.00, real=0.05 secs] 
4905.398: [GC (Allocation Failure) [PSYoungGen: 418614K->186295K(465920K)] 1566932K->1399085K(1864192K), 0.0510004 secs] [Times: user=0.24 sys=0.00, real=0.05 secs] 
4906.240: [GC (Allocation Failure) [PSYoungGen: 414462K->207987K(465920K)] 1627252K->1479869K(1864192K), 0.0565505 secs] [Times: user=0.28 sys=0.00, real=0.06 secs] 
4907.791: [GC (Allocation Failure) [PSYoungGen: 440947K->98539K(465920K)] 1712829K->1435750K(1864192K), 0.1116612 secs] [Times: user=0.61 sys=0.01, real=0.11 secs] 
4907.903: [Full GC (Ergonomics) [PSYoungGen: 98539K->0K(465920K)] [ParOldGen: 1337210K->115297K(1398272K)] 1435750K->115297K(1864192K), [Metaspace: 60445K->59535K(1105920K)], 0.1839855 secs] [Times: user=0.79 sys=0.00, real=0.18 secs] 
4908.920: [GC (Allocation Failure) [PSYoungGen: 232960K->180918K(465920K)] 348257K->296215K(1864192K), 0.0356778 secs] [Times: user=0.14 sys=0.00, real=0.03 secs] 
4909.103: [GC (Allocation Failure) [PSYoungGen: 413878K->185558K(465920K)] 529175K->357183K(1864192K), 0.0411055 secs] [Times: user=0.18 sys=0.00, real=0.04 secs] 
4909.284: [GC (Allocation Failure) [PSYoungGen: 418518K->187509K(465920K)] 590143K->415406K(1864192K), 0.0621355 secs] [Times: user=0.30 sys=0.00, real=0.06 secs] 
4910.399: [GC (GCLocker Initiated GC) [PSYoungGen: 420469K->99948K(465920K)] 648366K->398621K(1864192K), 0.0480113 secs] [Times: user=0.25 sys=0.00, real=0.05 secs] 
4911.806: [GC (Allocation Failure) [PSYoungGen: 332908K->169300K(465920K)] 631712K->500021K(1864192K), 0.1063245 secs] [Times: user=0.52 sys=0.00, real=0.11 secs] 
4912.111: [GC (Allocation Failure) [PSYoungGen: 402260K->182805K(465920K)] 732981K->566591K(1864192K), 0.0412579 secs] [Times: user=0.18 sys=0.00, real=0.04 secs] 
4912.301: [GC (Allocation Failure) [PSYoungGen: 415765K->185367K(465920K)] 799551K->632984K(1864192K), 0.0606622 secs] [Times: user=0.30 sys=0.00, real=0.06 secs] 
4913.197: [GC (Allocation Failure) [PSYoungGen: 418269K->213076K(465920K)] 865886K->719561K(1864192K), 0.0562222 secs] [Times: user=0.28 sys=0.00, real=0.06 secs] 
4914.262: [GC (Allocation Failure) [PSYoungGen: 446036K->101900K(465920K)] 952521K->675449K(1864192K), 0.0928786 secs] [Times: user=0.50 sys=0.00, real=0.09 secs] 
4915.168: [GC (Allocation Failure) [PSYoungGen: 334860K->180726K(465920K)] 908409K->786520K(1864192K), 0.0482720 secs] [Times: user=0.22 sys=0.00, real=0.05 secs] 
4915.409: [GC (Allocation Failure) [PSYoungGen: 413686K->185302K(465920K)] 1019480K->847520K(1864192K), 0.0638189 secs] [Times: user=0.30 sys=0.00, real=0.07 secs] 
4915.662: [GC (Allocation Failure) [PSYoungGen: 418262K->184885K(465920K)] 1080480K->903327K(1864192K), 0.0558097 secs] [Times: user=0.28 sys=0.00, real=0.05 secs] 
4917.027: [GC (Allocation Failure) [PSYoungGen: 417845K->102956K(465920K)] 1136287K->891182K(1864192K), 0.0966665 secs] [Times: user=0.52 sys=0.00, real=0.10 secs] 
4918.590: [GC (Allocation Failure) [PSYoungGen: 335916K->168948K(465920K)] 1124142K->989859K(1864192K), 0.0835015 secs] [Times: user=0.41 sys=0.00, real=0.08 secs] 
4918.912: [GC (Allocation Failure) [PSYoungGen: 401908K->185462K(465920K)] 1222819K->1059713K(1864192K), 0.0448243 secs] [Times: user=0.21 sys=0.00, real=0.04 secs] 
4919.088: [GC (Allocation Failure) [PSYoungGen: 418422K->186007K(465920K)] 1292673K->1124802K(1864192K), 0.0518031 secs] [Times: user=0.21 sys=0.00, real=0.06 secs] 
4920.044: [GC (Allocation Failure) [PSYoungGen: 418967K->170675K(465920K)] 1357762K->1168358K(1864192K), 0.0557275 secs] [Times: user=0.28 sys=0.00, real=0.06 secs] 
4920.816: [GC (Allocation Failure) [PSYoungGen: 403635K->108348K(465920K)] 1401318K->1171380K(1864192K), 0.1175017 secs] [Times: user=0.64 sys=0.01, real=0.12 secs] 
4921.594: [GC (Allocation Failure) [PSYoungGen: 336054K->175189K(465920K)] 1399085K->1272249K(1864192K), 0.0506881 secs] [Times: user=0.23 sys=0.00, real=0.05 secs] 
4921.780: [GC (Allocation Failure) [PSYoungGen: 408149K->185590K(465920K)] 1505209K->1337214K(1864192K), 0.0433795 secs] [Times: user=0.20 sys=0.00, real=0.04 secs] 
4921.976: [GC (Allocation Failure) [PSYoungGen: 418550K->184565K(465920K)] 1570174K->1392501K(1864192K), 0.0710193 secs] [Times: user=0.35 sys=0.00, real=0.07 secs] 
4923.148: [GC (Allocation Failure) [PSYoungGen: 417525K->102028K(465920K)] 1625461K->1379540K(1864192K), 0.0506167 secs] [Times: user=0.27 sys=0.00, real=0.05 secs] 
4924.045: [GC (Allocation Failure) [PSYoungGen: 334988K->173204K(465920K)] 1612500K->1483714K(1864192K), 0.1029983 secs] [Times: user=0.52 sys=0.01, real=0.10 secs] 
4924.341: [GC (Allocation Failure) [PSYoungGen: 406164K->185046K(465920K)] 1716674K->1549963K(1864192K), 0.0442860 secs] [Times: user=0.20 sys=0.00, real=0.04 secs] 
4924.386: [Full GC (Ergonomics) [PSYoungGen: 185046K->0K(465920K)] [ParOldGen: 1364917K->263210K(1398272K)] 1549963K->263210K(1864192K), [Metaspace: 59535K->59535K(1105920K)], 0.3348701 secs] [Times: user=1.55 sys=0.00, real=0.34 secs] 
4924.837: [GC (Allocation Failure) [PSYoungGen: 232960K->183414K(465920K)] 496170K->446625K(1864192K), 0.0894003 secs] [Times: user=0.47 sys=0.00, real=0.09 secs] 
4925.793: [GC (Allocation Failure) [PSYoungGen: 416374K->168755K(465920K)] 679585K->490173K(1864192K), 0.0542695 secs] [Times: user=0.27 sys=0.00, real=0.05 secs] 
4927.072: [GC (Allocation Failure) [PSYoungGen: 401715K->105372K(465920K)] 723133K->491270K(1864192K), 0.1090451 secs] [Times: user=0.59 sys=0.01, real=0.11 secs] 
4927.776: [GC (Allocation Failure) [PSYoungGen: 333218K->177429K(465920K)] 719116K->597488K(1864192K), 0.0493529 secs] [Times: user=0.21 sys=0.01, real=0.05 secs] 
4928.011: [GC (Allocation Failure) [PSYoungGen: 410389K->185462K(465920K)] 830448K->660505K(1864192K), 0.0631737 secs] [Times: user=0.30 sys=0.00, real=0.06 secs] 
4928.237: [GC (Allocation Failure) [PSYoungGen: 418422K->184789K(465920K)] 893465K->715944K(1864192K), 0.0614641 secs] [Times: user=0.30 sys=0.00, real=0.06 secs] 
4929.355: [GC (Allocation Failure) [PSYoungGen: 417749K->100204K(465920K)] 948904K->701039K(1864192K), 0.0555718 secs] [Times: user=0.29 sys=0.00, real=0.06 secs] 
4930.609: [GC (Allocation Failure) [PSYoungGen: 333164K->169620K(465920K)] 933999K->802348K(1864192K), 0.0780720 secs] [Times: user=0.38 sys=0.00, real=0.08 secs] 
4930.905: [GC (Allocation Failure) [PSYoungGen: 402580K->182325K(465920K)] 1035308K->868157K(1864192K), 0.0516673 secs] [Times: user=0.24 sys=0.00, real=0.05 secs] 
4931.073: [GC (Allocation Failure) [PSYoungGen: 415285K->186071K(465920K)] 1101117K->935511K(1864192K), 0.0489733 secs] [Times: user=0.23 sys=0.00, real=0.05 secs] 
4931.948: [GC (Allocation Failure) [PSYoungGen: 415395K->211475K(465920K)] 1164835K->1019936K(1864192K), 0.0563613 secs] [Times: user=0.28 sys=0.00, real=0.06 secs] 
4933.062: [GC (Allocation Failure) [PSYoungGen: 444435K->102652K(465920K)] 1252896K->977564K(1864192K), 0.1163241 secs] [Times: user=0.64 sys=0.00, real=0.11 secs] 
4934.075: [GC (Allocation Failure) [PSYoungGen: 335612K->180213K(465920K)] 1210524K->1087535K(1864192K), 0.0499226 secs] [Times: user=0.22 sys=0.00, real=0.05 secs] 
4934.261: [GC (Allocation Failure) [PSYoungGen: 413173K->185526K(465920K)] 1320495K->1149099K(1864192K), 0.0438720 secs] [Times: user=0.20 sys=0.00, real=0.04 secs] 
4934.470: [GC (Allocation Failure) [PSYoungGen: 418486K->187797K(465920K)] 1382059K->1207730K(1864192K), 0.0706604 secs] [Times: user=0.35 sys=0.00, real=0.07 secs] 
4935.714: [GC (Allocation Failure) [PSYoungGen: 420757K->99116K(465920K)] 1440690K->1189889K(1864192K), 0.0653139 secs] [Times: user=0.36 sys=0.00, real=0.06 secs] 
4937.068: [GC (Allocation Failure) [PSYoungGen: 332076K->169428K(465920K)] 1422849K->1292166K(1864192K), 0.0859703 secs] [Times: user=0.42 sys=0.00, real=0.09 secs] 
4937.331: [GC (Allocation Failure) [PSYoungGen: 402388K->185334K(465920K)] 1525126K->1360924K(1864192K), 0.0428881 secs] [Times: user=0.19 sys=0.00, real=0.04 secs] 
4937.490: [GC (Allocation Failure) [PSYoungGen: 418294K->183350K(465920K)] 1593884K->1423437K(1864192K), 0.0501457 secs] [Times: user=0.24 sys=0.00, real=0.05 secs] 
4938.373: [GC (Allocation Failure) [PSYoungGen: 413426K->210163K(465920K)] 1653513K->1508449K(1864192K), 0.0564954 secs] [Times: user=0.27 sys=0.01, real=0.05 secs] 
4938.861: [GC (Allocation Failure) [PSYoungGen: 443123K->105724K(465920K)] 1741409K->1470010K(1864192K), 0.0737098 secs] [Times: user=0.39 sys=0.00, real=0.07 secs] 
4938.935: [Full GC (Ergonomics) [PSYoungGen: 105724K->0K(465920K)] [ParOldGen: 1364286K->122773K(1398272K)] 1470010K->122773K(1864192K), [Metaspace: 59537K->59537K(1105920K)], 0.1645261 secs] [Times: user=0.71 sys=0.00, real=0.16 secs] 
4939.974: [GC (Allocation Failure) [PSYoungGen: 232953K->176693K(465920K)] 355727K->299467K(1864192K), 0.0360708 secs] [Times: user=0.14 sys=0.01, real=0.04 secs] 
4940.169: [GC (Allocation Failure) [PSYoungGen: 409653K->193750K(465920K)] 532427K->371808K(1864192K), 0.0414908 secs] [Times: user=0.18 sys=0.00, real=0.05 secs] 
4940.324: [GC (Allocation Failure) [PSYoungGen: 426710K->187573K(465920K)] 604768K->421879K(1864192K), 0.0447855 secs] [Times: user=0.21 sys=0.00, real=0.04 secs] 
4941.374: [GC (Allocation Failure) [PSYoungGen: 420533K->101996K(465920K)] 654839K->406818K(1864192K), 0.0492010 secs] [Times: user=0.25 sys=0.00, real=0.05 secs] 
4942.481: [GC (Allocation Failure) [PSYoungGen: 334956K->173269K(465920K)] 639778K->511139K(1864192K), 0.0852958 secs] [Times: user=0.42 sys=0.00, real=0.08 secs] 
4942.749: [GC (Allocation Failure) [PSYoungGen: 406229K->185206K(465920K)] 744099K->577493K(1864192K), 0.0422788 secs] [Times: user=0.18 sys=0.00, real=0.05 secs] 
4942.975: [GC (Allocation Failure) [PSYoungGen: 415704K->180726K(465920K)] 807990K->637333K(1864192K), 0.0713243 secs] [Times: user=0.36 sys=0.00, real=0.07 secs] 
4943.910: [GC (Allocation Failure) [PSYoungGen: 413686K->168915K(465920K)] 870293K->682921K(1864192K), 0.0544081 secs] [Times: user=0.27 sys=0.00, real=0.06 secs] 
4944.722: [GC (Allocation Failure) [PSYoungGen: 401875K->110029K(465920K)] 915881K->689124K(1864192K), 0.0752928 secs] [Times: user=0.40 sys=0.00, real=0.07 secs] 
4945.700: [GC (Allocation Failure) [PSYoungGen: 337904K->172885K(465920K)] 916999K->786956K(1864192K), 0.0510919 secs] [Times: user=0.23 sys=0.00, real=0.06 secs] 
4945.889: [GC (Allocation Failure) [PSYoungGen: 405845K->182997K(465920K)] 1019916K->850841K(1864192K), 0.0426541 secs] [Times: user=0.20 sys=0.00, real=0.05 secs] 
4946.091: [GC (Allocation Failure) [PSYoungGen: 415957K->187253K(465920K)] 1083801K->910705K(1864192K), 0.0692082 secs] [Times: user=0.34 sys=0.00, real=0.07 secs] 
4947.102: [GC (Allocation Failure) [PSYoungGen: 420213K->98844K(465920K)] 1143665K->892739K(1864192K), 0.0440119 secs] [Times: user=0.22 sys=0.01, real=0.04 secs] 
4948.197: [GC (Allocation Failure) [PSYoungGen: 331804K->173333K(465920K)] 1125699K->998897K(1864192K), 0.0915906 secs] [Times: user=0.45 sys=0.00, real=0.09 secs] 
4948.478: [GC (Allocation Failure) [PSYoungGen: 406293K->182453K(465920K)] 1231857K->1062306K(1864192K), 0.0444296 secs] [Times: user=0.20 sys=0.00, real=0.05 secs] 
4948.685: [GC (Allocation Failure) [PSYoungGen: 415413K->186199K(465920K)] 1295266K->1129676K(1864192K), 0.0810745 secs] [Times: user=0.41 sys=0.00, real=0.08 secs] 
4949.687: [GC (Allocation Failure) [PSYoungGen: 419159K->171859K(465920K)] 1362636K->1174600K(1864192K), 0.0582151 secs] [Times: user=0.29 sys=0.00, real=0.06 secs] 
4951.091: [GC (Allocation Failure) [PSYoungGen: 404819K->106764K(465920K)] 1407560K->1175037K(1864192K), 0.1045891 secs] [Times: user=0.57 sys=0.00, real=0.10 secs] 
4951.895: [GC (Allocation Failure) [PSYoungGen: 336880K->176181K(465920K)] 1405153K->1278327K(1864192K), 0.0543618 secs] [Times: user=0.24 sys=0.00, real=0.05 secs] 
4952.153: [GC (Allocation Failure) [PSYoungGen: 409141K->185366K(465920K)] 1511287K->1342612K(1864192K), 0.0523552 secs] [Times: user=0.25 sys=0.00, real=0.05 secs] 
4952.321: [GC (Allocation Failure) [PSYoungGen: 418326K->187477K(465920K)] 1575572K->1400843K(1864192K), 0.0473672 secs] [Times: user=0.22 sys=0.00, real=0.04 secs] 
4953.604: [GC (Allocation Failure) [PSYoungGen: 420437K->98699K(465920K)] 1633803K->1382729K(1864192K), 0.0714991 secs] [Times: user=0.39 sys=0.00, real=0.07 secs] 
4954.888: [GC (Allocation Failure) [PSYoungGen: 331659K->169428K(465920K)] 1615689K->1485183K(1864192K), 0.0704000 secs] [Times: user=0.34 sys=0.00, real=0.07 secs] 
4954.958: [Full GC (Ergonomics) [PSYoungGen: 169428K->0K(465920K)] [ParOldGen: 1315754K->193806K(1398272K)] 1485183K->193806K(1864192K), [Metaspace: 59551K->59551K(1105920K)], 0.2507854 secs] [Times: user=1.19 sys=0.00, real=0.25 secs] 
4955.342: [GC (Allocation Failure) [PSYoungGen: 232960K->185302K(465920K)] 426766K->379109K(1864192K), 0.0332540 secs] [Times: user=0.14 sys=0.00, real=0.03 secs] 
4955.535: [GC (Allocation Failure) [PSYoungGen: 418262K->185687K(465920K)] 612069K->443894K(1864192K), 0.0438436 secs] [Times: user=0.20 sys=0.01, real=0.04 secs] 
4956.409: [GC (Allocation Failure) [PSYoungGen: 418647K->171123K(465920K)] 676854K->488258K(1864192K), 0.0569618 secs] [Times: user=0.29 sys=0.00, real=0.06 secs] 
4957.225: [GC (Allocation Failure) [PSYoungGen: 404083K->105148K(465920K)] 721218K->487851K(1864192K), 0.0946902 secs] [Times: user=0.50 sys=0.00, real=0.09 secs] 
4958.273: [GC (Allocation Failure) [PSYoungGen: 335419K->177749K(465920K)] 718122K->593665K(1864192K), 0.0531798 secs] [Times: user=0.24 sys=0.00, real=0.05 secs] 
4958.469: [GC (Allocation Failure) [PSYoungGen: 410709K->185526K(465920K)] 826625K->657122K(1864192K), 0.0435945 secs] [Times: user=0.19 sys=0.00, real=0.05 secs] 
4959.389: [GC (Allocation Failure) [PSYoungGen: 418486K->183572K(465920K)] 890082K->711152K(1864192K), 0.0979924 secs] [Times: user=0.49 sys=0.00, real=0.10 secs] 
4961.022: [GC (Allocation Failure) [PSYoungGen: 416532K->102924K(465920K)] 944112K->699896K(1864192K), 0.0911321 secs] [Times: user=0.50 sys=0.00, real=0.09 secs] 
4962.032: [GC (Allocation Failure) [PSYoungGen: 335884K->170132K(465920K)] 932856K->800509K(1864192K), 0.0802461 secs] [Times: user=0.39 sys=0.00, real=0.08 secs] 
4962.327: [GC (Allocation Failure) [PSYoungGen: 403092K->185142K(465920K)] 1033469K->869023K(1864192K), 0.0475537 secs] [Times: user=0.22 sys=0.00, real=0.05 secs] 
4962.492: [GC (Allocation Failure) [PSYoungGen: 418102K->186199K(465920K)] 1101983K->934256K(1864192K), 0.0510351 secs] [Times: user=0.24 sys=0.00, real=0.05 secs] 
4963.970: [GC (Allocation Failure) [PSYoungGen: 419159K->170515K(465920K)] 1167216K->977820K(1864192K), 0.0564336 secs] [Times: user=0.29 sys=0.00, real=0.05 secs] 
4964.644: [GC (Allocation Failure) [PSYoungGen: 403475K->106444K(465920K)] 1210780K->978749K(1864192K), 0.0854394 secs] [Times: user=0.46 sys=0.00, real=0.08 secs] 
4965.218: [GC (Allocation Failure) [PSYoungGen: 336218K->177685K(465920K)] 1208523K->1083623K(1864192K), 0.0458625 secs] [Times: user=0.20 sys=0.00, real=0.05 secs] 
4965.387: [GC (Allocation Failure) [PSYoungGen: 410645K->185398K(465920K)] 1316583K->1147012K(1864192K), 0.0442736 secs] [Times: user=0.20 sys=0.00, real=0.05 secs] 
4965.542: [GC (Allocation Failure) [PSYoungGen: 418358K->184981K(465920K)] 1379972K->1202610K(1864192K), 0.0465397 secs] [Times: user=0.21 sys=0.00, real=0.04 secs] 
4966.555: [GC (Allocation Failure) [PSYoungGen: 417941K->104412K(465920K)] 1435570K->1191946K(1864192K), 0.0466172 secs] [Times: user=0.24 sys=0.00, real=0.05 secs] 
4967.494: [GC (Allocation Failure) [PSYoungGen: 337372K->172500K(465920K)] 1424906K->1293399K(1864192K), 0.0857786 secs] [Times: user=0.42 sys=0.00, real=0.08 secs] 
4967.793: [GC (Allocation Failure) [PSYoungGen: 405460K->182517K(465920K)] 1526359K->1357212K(1864192K), 0.0459710 secs] [Times: user=0.21 sys=0.00, real=0.04 secs] 
4967.957: [GC (Allocation Failure) [PSYoungGen: 412997K->183350K(465920K)] 1587692K->1421853K(1864192K), 0.0508315 secs] [Times: user=0.24 sys=0.00, real=0.05 secs] 
4968.943: [GC (Allocation Failure) [PSYoungGen: 416310K->169555K(464896K)] 1654813K->1466394K(1863168K), 0.0589832 secs] [Times: user=0.30 sys=0.00, real=0.06 secs] 
4970.241: [GC (Allocation Failure) [PSYoungGen: 402515K->105932K(465408K)] 1699354K->1467531K(1863680K), 0.1043783 secs] [Times: user=0.49 sys=0.01, real=0.10 secs] 
4970.345: [Full GC (Ergonomics) [PSYoungGen: 105932K->0K(465408K)] [ParOldGen: 1361598K->123080K(1398272K)] 1467531K->123080K(1863680K), [Metaspace: 59552K->59552K(1105920K)], 0.1715874 secs] [Times: user=0.63 sys=0.00, real=0.17 secs] 
4971.241: [GC (Allocation Failure) [PSYoungGen: 228373K->177237K(465920K)] 351454K->300318K(1864192K), 0.0330082 secs] [Times: user=0.12 sys=0.00, real=0.03 secs] 
4971.423: [GC (Allocation Failure) [PSYoungGen: 410197K->185782K(465920K)] 533278K->364078K(1864192K), 0.0408020 secs] [Times: user=0.18 sys=0.00, real=0.04 secs] 
4971.578: [GC (Allocation Failure) [PSYoungGen: 418742K->187509K(465920K)] 597038K->422214K(1864192K), 0.0447217 secs] [Times: user=0.21 sys=0.00, real=0.05 secs] 
4972.615: [GC (Allocation Failure) [PSYoungGen: 420469K->99516K(465920K)] 655174K->404872K(1864192K), 0.0505361 secs] [Times: user=0.27 sys=0.00, real=0.05 secs] 
4973.395: [GC (GCLocker Initiated GC) [PSYoungGen: 332476K->171508K(465920K)] 637834K->508791K(1864192K), 0.0505775 secs] [Times: user=0.24 sys=0.00, real=0.05 secs] 
4973.620: [GC (Allocation Failure) [PSYoungGen: 404468K->182485K(465920K)] 741754K->573551K(1864192K), 0.0553402 secs] [Times: user=0.26 sys=0.00, real=0.05 secs] 
4973.814: [GC (Allocation Failure) [PSYoungGen: 415445K->185943K(465920K)] 806511K->640824K(1864192K), 0.0490241 secs] [Times: user=0.22 sys=0.00, real=0.05 secs] 
4974.771: [GC (Allocation Failure) [PSYoungGen: 418903K->169843K(465920K)] 873784K->683812K(1864192K), 0.0542839 secs] [Times: user=0.27 sys=0.00, real=0.05 secs] 
4975.312: [GC (Allocation Failure) [PSYoungGen: 402803K->110029K(465920K)] 916772K->689062K(1864192K), 0.0807484 secs] [Times: user=0.43 sys=0.00, real=0.08 secs] 
4976.050: [GC (Allocation Failure) [PSYoungGen: 337796K->173653K(465920K)] 916830K->787519K(1864192K), 0.0479209 secs] [Times: user=0.21 sys=0.00, real=0.04 secs] 
4976.227: [GC (Allocation Failure) [PSYoungGen: 406613K->183029K(465920K)] 1020479K->850792K(1864192K), 0.0425934 secs] [Times: user=0.19 sys=0.00, real=0.04 secs] 
4976.383: [GC (Allocation Failure) [PSYoungGen: 415989K->187637K(465920K)] 1083752K->911095K(1864192K), 0.0456077 secs] [Times: user=0.21 sys=0.00, real=0.04 secs] 
4977.546: [GC (Allocation Failure) [PSYoungGen: 420597K->101452K(465920K)] 1144055K->895590K(1864192K), 0.0620788 secs] [Times: user=0.33 sys=0.00, real=0.06 secs] 
4978.543: [GC (Allocation Failure) [PSYoungGen: 334412K->172852K(465920K)] 1128550K->999895K(1864192K), 0.0805226 secs] [Times: user=0.39 sys=0.00, real=0.08 secs] 
4978.833: [GC (Allocation Failure) [PSYoungGen: 405812K->184982K(465920K)] 1232855K->1066280K(1864192K), 0.0438968 secs] [Times: user=0.20 sys=0.00, real=0.04 secs] 
4978.995: [GC (Allocation Failure) [PSYoungGen: 417942K->183734K(465920K)] 1299240K->1129405K(1864192K), 0.0510792 secs] [Times: user=0.24 sys=0.00, real=0.05 secs] 
4979.908: [GC (Allocation Failure) [PSYoungGen: 416694K->168883K(464896K)] 1362365K->1172865K(1863168K), 0.0585602 secs] [Times: user=0.29 sys=0.00, real=0.06 secs] 
4980.683: [GC (GCLocker Initiated GC) [PSYoungGen: 401843K->109997K(465408K)] 1405825K->1178443K(1863680K), 0.1123220 secs] [Times: user=0.60 sys=0.00, real=0.11 secs] 
4981.377: [GC (Allocation Failure) [PSYoungGen: 342957K->174581K(465920K)] 1419598K->1285604K(1864192K), 0.1461934 secs] [Times: user=0.81 sys=0.00, real=0.15 secs] 
4981.682: [GC (Allocation Failure) [PSYoungGen: 407541K->184663K(465920K)] 1518564K->1352049K(1864192K), 0.1839421 secs] [Times: user=1.03 sys=0.01, real=0.18 secs] 
4981.975: [GC (Allocation Failure) [PSYoungGen: 417623K->184596K(465920K)] 1585009K->1410383K(1864192K), 0.0579409 secs] [Times: user=0.29 sys=0.00, real=0.06 secs] 
4983.087: [GC (Allocation Failure) [PSYoungGen: 417556K->100684K(465920K)] 1643343K->1396130K(1864192K), 0.0480729 secs] [Times: user=0.26 sys=0.00, real=0.05 secs] 
4984.444: [GC (Allocation Failure) [PSYoungGen: 333644K->165491K(465920K)] 1629090K->1492927K(1864192K), 0.0952504 secs] [Times: user=0.46 sys=0.00, real=0.09 secs] 
4984.539: [Full GC (Ergonomics) [PSYoungGen: 165491K->0K(465920K)] [ParOldGen: 1327435K->193098K(1398272K)] 1492927K->193098K(1864192K), [Metaspace: 59552K->59552K(1105920K)], 0.2718674 secs] [Times: user=1.35 sys=0.00, real=0.28 secs] 
4984.928: [GC (Allocation Failure) [PSYoungGen: 232960K->185558K(465920K)] 426058K->378656K(1864192K), 0.0338618 secs] [Times: user=0.14 sys=0.01, real=0.04 secs] 
4985.075: [GC (Allocation Failure) [PSYoungGen: 411437K->179958K(465920K)] 604535K->437577K(1864192K), 0.0433120 secs] [Times: user=0.20 sys=0.00, real=0.04 secs] 
4985.985: [GC (Allocation Failure) [PSYoungGen: 412918K->169491K(402944K)] 670537K->484297K(1801216K), 0.0561537 secs] [Times: user=0.28 sys=0.00, real=0.06 secs] 
4987.665: [GC (Allocation Failure) [PSYoungGen: 402451K->108300K(459776K)] 717257K->487963K(1858048K), 0.1123112 secs] [Times: user=0.61 sys=0.00, real=0.11 secs] 
4988.407: [GC (Allocation Failure) [PSYoungGen: 333362K->174453K(462848K)] 713024K->588900K(1861120K), 0.0528116 secs] [Times: user=0.24 sys=0.01, real=0.05 secs] 
4988.677: [GC (Allocation Failure) [PSYoungGen: 404341K->183221K(465408K)] 818788K->651997K(1863680K), 0.0582121 secs] [Times: user=0.27 sys=0.01, real=0.06 secs] 
4988.855: [GC (Allocation Failure) [PSYoungGen: 417205K->187797K(421888K)] 885981K->712165K(1820160K), 0.0449629 secs] [Times: user=0.21 sys=0.00, real=0.05 secs] 
4990.052: [GC (Allocation Failure) [PSYoungGen: 421781K->99692K(465920K)] 946149K->694675K(1864192K), 0.0673095 secs] [Times: user=0.35 sys=0.01, real=0.06 secs] 
4991.255: [GC (Allocation Failure) [PSYoungGen: 332652K->168084K(465920K)] 927635K->794908K(1864192K), 0.0705925 secs] [Times: user=0.34 sys=0.00, real=0.07 secs] 
4991.545: [GC (Allocation Failure) [PSYoungGen: 401044K->184886K(465920K)] 1027868K->864502K(1864192K), 0.0518853 secs] [Times: user=0.25 sys=0.01, real=0.05 secs] 
4991.745: [GC (GCLocker Initiated GC) [PSYoungGen: 417846K->181718K(465920K)] 1097465K->925522K(1864192K), 0.0731659 secs] [Times: user=0.36 sys=0.00, real=0.07 secs] 
4992.680: [GC (Allocation Failure) [PSYoungGen: 414678K->177236K(465920K)] 1163720K->984037K(1864192K), 0.0652337 secs] [Times: user=0.34 sys=0.00, real=0.06 secs] 
4993.603: [GC (Allocation Failure) [PSYoungGen: 410196K->105836K(465920K)] 1216997K->979898K(1864192K), 0.1356992 secs] [Times: user=0.75 sys=0.00, real=0.13 secs] 
4994.358: [GC (Allocation Failure) [PSYoungGen: 335448K->177333K(465920K)] 1209510K->1084984K(1864192K), 0.0476365 secs] [Times: user=0.21 sys=0.00, real=0.05 secs] 
4994.535: [GC (Allocation Failure) [PSYoungGen: 410293K->185462K(465920K)] 1317944K->1148672K(1864192K), 0.0439147 secs] [Times: user=0.20 sys=0.00, real=0.04 secs] 
4994.692: [GC (Allocation Failure) [PSYoungGen: 418422K->187349K(465920K)] 1381632K->1206943K(1864192K), 0.0463953 secs] [Times: user=0.22 sys=0.00, real=0.04 secs] 
4995.769: [GC (Allocation Failure) [PSYoungGen: 420309K->99692K(465920K)] 1439903K->1189830K(1864192K), 0.0578657 secs] [Times: user=0.30 sys=0.00, real=0.06 secs] 
4997.344: [GC (Allocation Failure) [PSYoungGen: 332652K->171124K(465920K)] 1422790K->1293388K(1864192K), 0.0941206 secs] [Times: user=0.46 sys=0.00, real=0.09 secs] 
4997.627: [GC (Allocation Failure) [PSYoungGen: 404084K->185462K(465920K)] 1526348K->1361577K(1864192K), 0.0432666 secs] [Times: user=0.19 sys=0.00, real=0.05 secs] 
4997.789: [GC (Allocation Failure) [PSYoungGen: 418422K->184439K(465920K)] 1594537K->1425042K(1864192K), 0.0506626 secs] [Times: user=0.24 sys=0.00, real=0.05 secs] 
4998.695: [GC (Allocation Failure) [PSYoungGen: 417399K->169555K(465920K)] 1658002K->1468694K(1864192K), 0.0587516 secs] [Times: user=0.29 sys=0.01, real=0.06 secs] 
4999.494: [GC (Allocation Failure) [PSYoungGen: 402515K->106300K(465920K)] 1701654K->1470336K(1864192K), 0.0974893 secs] [Times: user=0.52 sys=0.00, real=0.10 secs] 
4999.592: [Full GC (Ergonomics) [PSYoungGen: 106300K->0K(465920K)] [ParOldGen: 1364035K->123932K(1398272K)] 1470336K->123932K(1864192K), [Metaspace: 59553K->59553K(1105920K)], 0.1799023 secs] [Times: user=0.79 sys=0.00, real=0.18 secs] 
5000.770: [GC (Allocation Failure) [PSYoungGen: 232960K->177973K(465920K)] 356892K->301906K(1864192K), 0.0343389 secs] [Times: user=0.12 sys=0.00, real=0.04 secs] 
5000.945: [GC (Allocation Failure) [PSYoungGen: 410933K->185782K(465920K)] 534866K->365171K(1864192K), 0.0429198 secs] [Times: user=0.18 sys=0.00, real=0.04 secs] 
5001.117: [GC (Allocation Failure) [PSYoungGen: 418742K->184917K(465920K)] 598131K->420433K(1864192K), 0.0598734 secs] [Times: user=0.29 sys=0.00, real=0.06 secs] 
5002.320: [GC (Allocation Failure) [PSYoungGen: 417877K->101932K(465920K)] 653393K->407285K(1864192K), 0.0644303 secs] [Times: user=0.35 sys=0.00, real=0.06 secs] 
5003.895: [GC (GCLocker Initiated GC) [PSYoungGen: 334892K->171572K(465920K)] 640245K->509298K(1864192K), 0.0775964 secs] [Times: user=0.37 sys=0.00, real=0.08 secs] 
5004.196: [GC (Allocation Failure) [PSYoungGen: 404532K->191093K(465920K)] 742389K->582690K(1864192K), 0.0492150 secs] [Times: user=0.23 sys=0.00, real=0.05 secs] 
5004.365: [GC (Allocation Failure) [PSYoungGen: 424053K->185975K(465920K)] 815650K->641300K(1864192K), 0.0495285 secs] [Times: user=0.24 sys=0.00, real=0.05 secs] 
5005.269: [GC (Allocation Failure) [PSYoungGen: 418935K->170099K(465920K)] 874260K->684632K(1864192K), 0.0574293 secs] [Times: user=0.29 sys=0.00, real=0.06 secs] 
5006.327: [GC (Allocation Failure) [PSYoungGen: 403059K->107756K(465920K)] 917592K->687305K(1864192K), 0.0761182 secs] [Times: user=0.40 sys=0.00, real=0.08 secs] 
5006.955: [GC (Allocation Failure) [PSYoungGen: 340716K->180117K(465920K)] 920265K->794595K(1864192K), 0.0499344 secs] [Times: user=0.23 sys=0.01, real=0.05 secs] 
5007.201: [GC (Allocation Failure) [PSYoungGen: 413077K->182166K(465920K)] 1027555K->859324K(1864192K), 0.0709418 secs] [Times: user=0.35 sys=0.00, real=0.07 secs] 
5007.450: [GC (Allocation Failure) [PSYoungGen: 415126K->184468K(465920K)] 1092284K->919258K(1864192K), 0.0714181 secs] [Times: user=0.36 sys=0.00, real=0.07 secs] 
5008.622: [GC (Allocation Failure) [PSYoungGen: 417322K->101660K(465920K)] 1152112K->906146K(1864192K), 0.0628098 secs] [Times: user=0.34 sys=0.00, real=0.06 secs] 
5009.861: [GC (Allocation Failure) [PSYoungGen: 334620K->168020K(465920K)] 1139106K->1004855K(1864192K), 0.0893254 secs] [Times: user=0.44 sys=0.00, real=0.09 secs] 
5010.179: [GC (Allocation Failure) [PSYoungGen: 400980K->185238K(465920K)] 1237815K->1075149K(1864192K), 0.0443240 secs] [Times: user=0.20 sys=0.00, real=0.05 secs] 
5010.342: [GC (Allocation Failure) [PSYoungGen: 415596K->183414K(465920K)] 1305507K->1137461K(1864192K), 0.0511724 secs] [Times: user=0.24 sys=0.00, real=0.05 secs] 
5011.249: [GC (Allocation Failure) [PSYoungGen: 416374K->168339K(401408K)] 1370421K->1180702K(1799680K), 0.0582239 secs] [Times: user=0.24 sys=0.01, real=0.06 secs] 
5012.611: [GC (Allocation Failure) [PSYoungGen: 401299K->110221K(464896K)] 1413662K->1186896K(1863168K), 0.0972376 secs] [Times: user=0.52 sys=0.00, real=0.09 secs] 
5013.277: [GC (Allocation Failure) [PSYoungGen: 342669K->177205K(465408K)] 1419344K->1289024K(1863680K), 0.0527985 secs] [Times: user=0.24 sys=0.00, real=0.06 secs] 
5013.466: [GC (Allocation Failure) [PSYoungGen: 409653K->184599K(465920K)] 1521472K->1358627K(1864192K), 0.0500683 secs] [Times: user=0.23 sys=0.00, real=0.05 secs] 
5013.630: [GC (Allocation Failure) [PSYoungGen: 417559K->186901K(465920K)] 1591587K->1419641K(1864192K), 0.0566327 secs] [Times: user=0.28 sys=0.00, real=0.06 secs] 
5014.849: [GC (Allocation Failure) [PSYoungGen: 419861K->102156K(465920K)] 1652601K->1405272K(1864192K), 0.0762652 secs] [Times: user=0.41 sys=0.00, real=0.08 secs] 
5016.130: [GC (Allocation Failure) [PSYoungGen: 335116K->168916K(465920K)] 1638232K->1504589K(1864192K), 0.0873889 secs] [Times: user=0.43 sys=0.00, real=0.08 secs] 
5016.218: [Full GC (Ergonomics) [PSYoungGen: 168916K->0K(465920K)] [ParOldGen: 1335672K->196294K(1398272K)] 1504589K->196294K(1864192K), [Metaspace: 59553K->59553K(1105920K)], 0.2658558 secs] [Times: user=1.30 sys=0.00, real=0.27 secs] 
5016.601: [GC (Allocation Failure) [PSYoungGen: 232960K->185814K(465920K)] 429254K->382108K(1864192K), 0.0331067 secs] [Times: user=0.13 sys=0.00, real=0.03 secs] 
5016.747: [GC (Allocation Failure) [PSYoungGen: 409940K->177110K(465920K)] 606234K->438148K(1864192K), 0.0431285 secs] [Times: user=0.19 sys=0.00, real=0.05 secs] 
5017.659: [GC (Allocation Failure) [PSYoungGen: 410070K->169299K(459776K)] 671108K->486537K(1858048K), 0.0532927 secs] [Times: user=0.26 sys=0.00, real=0.06 secs] 
5018.104: [GC (GCLocker Initiated GC) [PSYoungGen: 402259K->109949K(462848K)] 719497K->491819K(1861120K), 0.0903264 secs] [Times: user=0.48 sys=0.01, real=0.09 secs] 
5019.112: [GC (Allocation Failure) [PSYoungGen: 342909K->174165K(466944K)] 732974K->598899K(1865216K), 0.1584798 secs] [Times: user=0.89 sys=0.01, real=0.16 secs] 
5019.391: [GC (Allocation Failure) [PSYoungGen: 409173K->186807K(465920K)] 833907K->667457K(1864192K), 0.1643572 secs] [Times: user=0.92 sys=0.00, real=0.16 secs] 
5019.685: [GC (Allocation Failure) [PSYoungGen: 421815K->189237K(465920K)] 902465K->729383K(1864192K), 0.1444172 secs] [Times: user=0.80 sys=0.00, real=0.15 secs] 
5020.958: [GC (Allocation Failure) [PSYoungGen: 422197K->99740K(465920K)] 962343K->711262K(1864192K), 0.0867753 secs] [Times: user=0.48 sys=0.01, real=0.09 secs] 
5022.348: [GC (Allocation Failure) [PSYoungGen: 332700K->174581K(465920K)] 944222K->818060K(1864192K), 0.0560490 secs] [Times: user=0.26 sys=0.00, real=0.06 secs] 
5022.544: [GC (Allocation Failure) [PSYoungGen: 407541K->180149K(465920K)] 1051020K->877932K(1864192K), 0.0427527 secs] [Times: user=0.20 sys=0.00, real=0.04 secs] 
5022.726: [GC (Allocation Failure) [PSYoungGen: 413109K->221301K(465920K)] 1110892K->974204K(1864192K), 0.0664433 secs] [Times: user=0.32 sys=0.00, real=0.07 secs] 
5023.775: [GC (Allocation Failure) [PSYoungGen: 454261K->151987K(465920K)] 1207164K->976010K(1864192K), 0.0515635 secs] [Times: user=0.25 sys=0.00, real=0.05 secs] 
5025.355: [GC (Allocation Failure) [PSYoungGen: 384947K->125679K(465920K)] 1208970K->997894K(1864192K), 0.1964284 secs] [Times: user=1.11 sys=0.00, real=0.20 secs] 
5025.975: [GC (Allocation Failure) [PSYoungGen: 358639K->174676K(465920K)] 1230854K->1087184K(1864192K), 0.0647889 secs] [Times: user=0.31 sys=0.00, real=0.07 secs] 
5026.266: [GC (Allocation Failure) [PSYoungGen: 407636K->185335K(465920K)] 1320144K->1159483K(1864192K), 0.0604316 secs] [Times: user=0.29 sys=0.00, real=0.06 secs] 
5026.438: [GC (Allocation Failure) [PSYoungGen: 418295K->187477K(465920K)] 1392443K->1220249K(1864192K), 0.0581641 secs] [Times: user=0.28 sys=0.00, real=0.06 secs] 
5027.617: [GC (Allocation Failure) [PSYoungGen: 420437K->97835K(465920K)] 1453209K->1201291K(1864192K), 0.0504808 secs] [Times: user=0.26 sys=0.00, real=0.05 secs] 
5028.377: [GC (Allocation Failure) [PSYoungGen: 330795K->175989K(465920K)] 1434251K->1311221K(1864192K), 0.0617144 secs] [Times: user=0.28 sys=0.00, real=0.06 secs] 
5028.626: [GC (Allocation Failure) [PSYoungGen: 408949K->185302K(465920K)] 1544181K->1375730K(1864192K), 0.0446975 secs] [Times: user=0.20 sys=0.00, real=0.05 secs] 
5028.826: [GC (Allocation Failure) [PSYoungGen: 418262K->185045K(465920K)] 1608690K->1431513K(1864192K), 0.0642718 secs] [Times: user=0.31 sys=0.00, real=0.07 secs] 
5029.878: [GC (Allocation Failure) [PSYoungGen: 418005K->145138K(465920K)] 1664473K->1461398K(1864192K), 0.0516214 secs] [Times: user=0.25 sys=0.00, real=0.06 secs] 
5029.930: [Full GC (Ergonomics) [PSYoungGen: 145138K->0K(465920K)] [ParOldGen: 1316260K->353304K(1398272K)] 1461398K->353304K(1864192K), [Metaspace: 59553K->59553K(1105920K)], 0.5821634 secs] [Times: user=2.54 sys=0.00, real=0.58 secs] 
5031.809: [GC (Allocation Failure) [PSYoungGen: 232960K->130639K(465920K)] 586264K->483944K(1864192K), 0.0526393 secs] [Times: user=0.19 sys=0.00, real=0.06 secs] 
5032.311: [GC (Allocation Failure) [PSYoungGen: 363599K->174548K(465920K)] 716904K->569706K(1864192K), 0.0520417 secs] [Times: user=0.25 sys=0.00, real=0.05 secs] 
5032.496: [GC (Allocation Failure) [PSYoungGen: 407508K->185943K(465920K)] 802666K->642532K(1864192K), 0.0485214 secs] [Times: user=0.22 sys=0.00, real=0.05 secs] 
5032.658: [GC (Allocation Failure) [PSYoungGen: 418903K->187573K(465920K)] 875492K->703274K(1864192K), 0.0573713 secs] [Times: user=0.28 sys=0.00, real=0.06 secs] 
5034.053: [GC (Allocation Failure) [PSYoungGen: 420533K->99019K(465920K)] 936234K->685365K(1864192K), 0.0701014 secs] [Times: user=0.38 sys=0.00, real=0.07 secs] 
5035.190: [GC (Allocation Failure) [PSYoungGen: 331979K->172180K(465920K)] 918325K->789795K(1864192K), 0.0583396 secs] [Times: user=0.26 sys=0.00, real=0.05 secs] 
5035.419: [GC (Allocation Failure) [PSYoungGen: 405140K->185302K(465920K)] 1022755K->857480K(1864192K), 0.0426465 secs] [Times: user=0.19 sys=0.00, real=0.05 secs] 
5035.575: [GC (Allocation Failure) [PSYoungGen: 418262K->187605K(465920K)] 1090440K->915935K(1864192K), 0.0453702 secs] [Times: user=0.21 sys=0.00, real=0.05 secs] 
5036.610: [GC (Allocation Failure) [PSYoungGen: 420565K->139793K(465920K)] 1148895K->938551K(1864192K), 0.0493424 secs] [Times: user=0.25 sys=0.00, real=0.04 secs] 
5037.213: [GC (Allocation Failure) [PSYoungGen: 372753K->138256K(465920K)] 1171511K->981263K(1864192K), 0.1423784 secs] [Times: user=0.78 sys=0.00, real=0.14 secs] 
5037.946: [GC (Allocation Failure) [PSYoungGen: 371216K->179189K(465920K)] 1214223K->1066400K(1864192K), 0.0527293 secs] [Times: user=0.24 sys=0.00, real=0.05 secs] 
5038.183: [GC (Allocation Failure) [PSYoungGen: 412149K->183094K(465920K)] 1299360K->1133238K(1864192K), 0.0703019 secs] [Times: user=0.35 sys=0.00, real=0.07 secs] 
5038.422: [GC (Allocation Failure) [PSYoungGen: 416054K->187221K(465920K)] 1366198K->1195676K(1864192K), 0.0799891 secs] [Times: user=0.41 sys=0.00, real=0.08 secs] 
5039.915: [GC (Allocation Failure) [PSYoungGen: 420181K->94875K(465920K)] 1428636K->1174126K(1864192K), 0.1156704 secs] [Times: user=0.64 sys=0.00, real=0.12 secs] 
5041.131: [GC (Allocation Failure) [PSYoungGen: 327835K->176021K(465920K)] 1407086K->1285525K(1864192K), 0.0598163 secs] [Times: user=0.27 sys=0.01, real=0.06 secs] 
5041.356: [GC (Allocation Failure) [PSYoungGen: 408981K->180117K(465920K)] 1518485K->1344333K(1864192K), 0.0438894 secs] [Times: user=0.21 sys=0.00, real=0.05 secs] 
5041.539: [GC (Allocation Failure) [PSYoungGen: 413077K->187925K(465920K)] 1577293K->1407253K(1864192K), 0.0597797 secs] [Times: user=0.29 sys=0.00, real=0.06 secs] 
5042.629: [GC (Allocation Failure) [PSYoungGen: 420885K->136241K(465920K)] 1640213K->1426353K(1864192K), 0.0504561 secs] [Times: user=0.26 sys=0.00, real=0.05 secs] 
5043.753: [GC (Allocation Failure) [PSYoungGen: 369201K->136240K(465920K)] 1659313K->1469496K(1864192K), 0.1519071 secs] [Times: user=0.85 sys=0.00, real=0.15 secs] 
5043.905: [Full GC (Ergonomics) [PSYoungGen: 136240K->0K(465920K)] [ParOldGen: 1333256K->152852K(1398272K)] 1469496K->152852K(1864192K), [Metaspace: 59561K->59561K(1105920K)], 0.1821535 secs] [Times: user=0.87 sys=0.00, real=0.18 secs] 
5044.261: [GC (Allocation Failure) [PSYoungGen: 232960K->179957K(465920K)] 385812K->332810K(1864192K), 0.0260156 secs] [Times: user=0.09 sys=0.00, real=0.02 secs] 
5044.444: [GC (Allocation Failure) [PSYoungGen: 412917K->185719K(465920K)] 565770K->401107K(1864192K), 0.0490534 secs] [Times: user=0.23 sys=0.00, real=0.05 secs] 
5044.630: [GC (Allocation Failure) [PSYoungGen: 418679K->186997K(465920K)] 634067K->461402K(1864192K), 0.0763382 secs] [Times: user=0.39 sys=0.00, real=0.07 secs] 
5045.949: [GC (Allocation Failure) [PSYoungGen: 419957K->95515K(465920K)] 694362K->440332K(1864192K), 0.0771458 secs] [Times: user=0.41 sys=0.00, real=0.08 secs] 
5047.018: [GC (Allocation Failure) [PSYoungGen: 328475K->174261K(465920K)] 673292K->549910K(1864192K), 0.0601034 secs] [Times: user=0.27 sys=0.00, real=0.06 secs] 
5047.265: [GC (Allocation Failure) [PSYoungGen: 407221K->185430K(465920K)] 782870K->616039K(1864192K), 0.0425478 secs] [Times: user=0.19 sys=0.00, real=0.04 secs] 
5047.451: [GC (Allocation Failure) [PSYoungGen: 418390K->187765K(465920K)] 848999K->674535K(1864192K), 0.0663054 secs] [Times: user=0.32 sys=0.00, real=0.06 secs] 
5048.470: [GC (Allocation Failure) [PSYoungGen: 420725K->130320K(465920K)] 907495K->687906K(1864192K), 0.0479766 secs] [Times: user=0.24 sys=0.00, real=0.04 secs] 
5049.295: [GC (GCLocker Initiated GC) [PSYoungGen: 363280K->145153K(465920K)] 920866K->744059K(1864192K), 0.1332348 secs] [Times: user=0.73 sys=0.00, real=0.13 secs] 
5049.814: [GC (Allocation Failure) [PSYoungGen: 378113K->184598K(465920K)] 977022K->829564K(1864192K), 0.0424106 secs] [Times: user=0.19 sys=0.00, real=0.04 secs] 
5050.039: [GC (Allocation Failure) [PSYoungGen: 417558K->185463K(465920K)] 1062524K->894533K(1864192K), 0.0724180 secs] [Times: user=0.36 sys=0.00, real=0.08 secs] 
5050.233: [GC (Allocation Failure) [PSYoungGen: 418423K->186837K(465920K)] 1127493K->954683K(1864192K), 0.0566254 secs] [Times: user=0.28 sys=0.00, real=0.05 secs] 
5051.955: [GC (GCLocker Initiated GC) [PSYoungGen: 419797K->91659K(465920K)] 1187651K->930032K(1864192K), 0.1137023 secs] [Times: user=0.62 sys=0.00, real=0.11 secs] 
5052.944: [GC (Allocation Failure) [PSYoungGen: 324619K->174165K(465920K)] 1163123K->1043010K(1864192K), 0.0480230 secs] [Times: user=0.21 sys=0.00, real=0.05 secs] 
5053.133: [GC (Allocation Failure) [PSYoungGen: 407125K->185334K(465920K)] 1275970K->1108435K(1864192K), 0.0457929 secs] [Times: user=0.21 sys=0.00, real=0.04 secs] 
5053.292: [GC (Allocation Failure) [PSYoungGen: 418294K->187637K(465920K)] 1341395K->1166786K(1864192K), 0.0483369 secs] [Times: user=0.23 sys=0.00, real=0.05 secs] 
5054.287: [GC (Allocation Failure) [PSYoungGen: 420597K->121263K(465920K)] 1399746K->1171044K(1864192K), 0.0495797 secs] [Times: user=0.25 sys=0.00, real=0.05 secs] 
5055.137: [GC (Allocation Failure) [PSYoungGen: 354223K->151538K(465920K)] 1404004K->1239775K(1864192K), 0.1084781 secs] [Times: user=0.58 sys=0.00, real=0.11 secs] 
5055.551: [GC (Allocation Failure) [PSYoungGen: 384498K->179477K(465920K)] 1472735K->1315307K(1864192K), 0.0417771 secs] [Times: user=0.19 sys=0.00, real=0.04 secs] 
5055.758: [GC (Allocation Failure) [PSYoungGen: 412437K->185751K(465920K)] 1548267K->1384717K(1864192K), 0.0769604 secs] [Times: user=0.38 sys=0.00, real=0.08 secs] 
5055.961: [GC (Allocation Failure) [PSYoungGen: 418711K->187509K(465920K)] 1617677K->1445395K(1864192K), 0.0597141 secs] [Times: user=0.29 sys=0.00, real=0.06 secs] 
5057.554: [GC (Allocation Failure) [PSYoungGen: 420469K->98555K(465920K)] 1678355K->1427021K(1864192K), 0.1172757 secs] [Times: user=0.64 sys=0.00, real=0.12 secs] 
5057.671: [Full GC (Ergonomics) [PSYoungGen: 98555K->0K(465920K)] [ParOldGen: 1328466K->107234K(1398272K)] 1427021K->107234K(1864192K), [Metaspace: 59561K->59561K(1105920K)], 0.1459127 secs] [Times: user=0.62 sys=0.01, real=0.14 secs] 
5059.171: [GC (Allocation Failure) [PSYoungGen: 232960K->170740K(465920K)] 340194K->277975K(1864192K), 0.0397621 secs] [Times: user=0.14 sys=0.00, real=0.04 secs] 
5059.440: [GC (GCLocker Initiated GC) [PSYoungGen: 403700K->185462K(465920K)] 510936K->346133K(1864192K), 0.0528055 secs] [Times: user=0.25 sys=0.00, real=0.05 secs] 
5059.658: [GC (Allocation Failure) [PSYoungGen: 418422K->203637K(465920K)] 579096K->420607K(1864192K), 0.0643828 secs] [Times: user=0.32 sys=0.00, real=0.07 secs] 
5060.668: [GC (Allocation Failure) [PSYoungGen: 436597K->118910K(465920K)] 653567K->406489K(1864192K), 0.0462016 secs] [Times: user=0.23 sys=0.00, real=0.05 secs] 
5061.995: [GC (GCLocker Initiated GC) [PSYoungGen: 351870K->152914K(465920K)] 639449K->478314K(1864192K), 0.1499795 secs] [Times: user=0.81 sys=0.00, real=0.15 secs] 
5062.344: [GC (Allocation Failure) [PSYoungGen: 385874K->179829K(465920K)] 711277K->553068K(1864192K), 0.0400593 secs] [Times: user=0.17 sys=0.01, real=0.04 secs] 
5062.529: [GC (Allocation Failure) [PSYoungGen: 412789K->185847K(465920K)] 786028K->622302K(1864192K), 0.0659271 secs] [Times: user=0.29 sys=0.00, real=0.07 secs] 
5062.764: [GC (Allocation Failure) [PSYoungGen: 418807K->187413K(465920K)] 855262K->682860K(1864192K), 0.0820752 secs] [Times: user=0.42 sys=0.00, real=0.08 secs] 
5063.950: [GC (Allocation Failure) [PSYoungGen: 420373K->99659K(465920K)] 915820K->665574K(1864192K), 0.0568306 secs] [Times: user=0.29 sys=0.01, real=0.06 secs] 
5065.213: [GC (Allocation Failure) [PSYoungGen: 332619K->173364K(465920K)] 898534K->770824K(1864192K), 0.0566728 secs] [Times: user=0.25 sys=0.01, real=0.05 secs] 
5065.429: [GC (Allocation Failure) [PSYoungGen: 406324K->185558K(465920K)] 1003784K->837802K(1864192K), 0.0430752 secs] [Times: user=0.20 sys=0.00, real=0.05 secs] 
5065.620: [GC (Allocation Failure) [PSYoungGen: 418518K->187541K(465920K)] 1070762K->895961K(1864192K), 0.0668456 secs] [Times: user=0.33 sys=0.00, real=0.06 secs] 
5066.656: [GC (GCLocker Initiated GC) [PSYoungGen: 420501K->114862K(465920K)] 1128921K->893982K(1864192K), 0.0459237 secs] [Times: user=0.23 sys=0.00, real=0.05 secs] 
5067.530: [GC (Allocation Failure) [PSYoungGen: 347822K->156978K(465920K)] 1126945K->973027K(1864192K), 0.1016198 secs] [Times: user=0.54 sys=0.00, real=0.10 secs] 
5068.406: [GC (Allocation Failure) [PSYoungGen: 389938K->179285K(465920K)] 1205987K->1044546K(1864192K), 0.0549307 secs] [Times: user=0.26 sys=0.00, real=0.06 secs] 
5068.653: [GC (Allocation Failure) [PSYoungGen: 412245K->186071K(465920K)] 1277506K->1114396K(1864192K), 0.0701182 secs] [Times: user=0.34 sys=0.00, real=0.07 secs] 
5068.840: [GC (Allocation Failure) [PSYoungGen: 419031K->187733K(465920K)] 1347356K->1174926K(1864192K), 0.0569917 secs] [Times: user=0.28 sys=0.00, real=0.05 secs] 
5070.082: [GC (GCLocker Initiated GC) [PSYoungGen: 420693K->96635K(465920K)] 1407886K->1154712K(1864192K), 0.0811888 secs] [Times: user=0.44 sys=0.00, real=0.08 secs] 
5071.024: [GC (Allocation Failure) [PSYoungGen: 329595K->176309K(465920K)] 1387675K->1265098K(1864192K), 0.0476287 secs] [Times: user=0.21 sys=0.00, real=0.05 secs] 
5071.267: [GC (Allocation Failure) [PSYoungGen: 409269K->185302K(465920K)] 1498058K->1329323K(1864192K), 0.0613663 secs] [Times: user=0.29 sys=0.00, real=0.06 secs] 
5071.448: [GC (Allocation Failure) [PSYoungGen: 418262K->184596K(465920K)] 1562283K->1384873K(1864192K), 0.0460227 secs] [Times: user=0.21 sys=0.00, real=0.05 secs] 
5072.530: [GC (Allocation Failure) [PSYoungGen: 417556K->114766K(465920K)] 1617833K->1384642K(1864192K), 0.0470192 secs] [Times: user=0.24 sys=0.00, real=0.05 secs] 
5073.462: [GC (Allocation Failure) [PSYoungGen: 347726K->160595K(465920K)] 1617602K->1467317K(1864192K), 0.1402990 secs] [Times: user=0.74 sys=0.01, real=0.14 secs] 
5074.039: [GC (Allocation Failure) [PSYoungGen: 393555K->185046K(465920K)] 1700277K->1542492K(1864192K), 0.0484194 secs] [Times: user=0.23 sys=0.00, real=0.05 secs] 
5074.087: [Full GC (Ergonomics) [PSYoungGen: 185046K->0K(465920K)] [ParOldGen: 1357445K->253844K(1398272K)] 1542492K->253844K(1864192K), [Metaspace: 59561K->59561K(1105920K)], 0.3112074 secs] [Times: user=1.43 sys=0.00, real=0.31 secs] 
5074.519: [GC (Allocation Failure) [PSYoungGen: 232960K->185943K(465920K)] 486804K->439788K(1864192K), 0.0934926 secs] [Times: user=0.50 sys=0.00, real=0.10 secs] 
5074.733: [GC (Allocation Failure) [PSYoungGen: 418903K->187093K(465920K)] 672748K->499990K(1864192K), 0.0559672 secs] [Times: user=0.28 sys=0.00, real=0.05 secs] 
5076.353: [GC (Allocation Failure) [PSYoungGen: 420053K->91530K(465920K)] 732950K->474987K(1864192K), 0.1182329 secs] [Times: user=0.65 sys=0.01, real=0.12 secs] 
5077.556: [GC (Allocation Failure) [PSYoungGen: 324490K->178037K(465920K)] 707947K->590831K(1864192K), 0.0522140 secs] [Times: user=0.23 sys=0.00, real=0.05 secs] 
5077.819: [GC (Allocation Failure) [PSYoungGen: 410997K->185494K(465920K)] 823791K->654056K(1864192K), 0.0546019 secs] [Times: user=0.27 sys=0.00, real=0.06 secs] 
5077.985: [GC (Allocation Failure) [PSYoungGen: 418454K->187925K(465920K)] 887016K->712743K(1864192K), 0.0454803 secs] [Times: user=0.21 sys=0.00, real=0.05 secs] 
5078.966: [GC (Allocation Failure) [PSYoungGen: 420885K->107053K(465920K)] 945703K->702683K(1864192K), 0.0452064 secs] [Times: user=0.23 sys=0.00, real=0.05 secs] 
5080.266: [GC (Allocation Failure) [PSYoungGen: 340013K->165683K(465920K)] 935643K->795534K(1864192K), 0.1208501 secs] [Times: user=0.63 sys=0.00, real=0.12 secs] 
5080.652: [GC (Allocation Failure) [PSYoungGen: 398643K->181685K(465920K)] 1028494K->863504K(1864192K), 0.0429635 secs] [Times: user=0.19 sys=0.01, real=0.04 secs] 
5080.815: [GC (Allocation Failure) [PSYoungGen: 414645K->185847K(465920K)] 1096464K->930898K(1864192K), 0.0508066 secs] [Times: user=0.23 sys=0.00, real=0.05 secs] 
5080.979: [GC (Allocation Failure) [PSYoungGen: 418807K->187573K(465920K)] 1163858K->991516K(1864192K), 0.0560657 secs] [Times: user=0.27 sys=0.00, real=0.06 secs] 
5082.093: [GC (Allocation Failure) [PSYoungGen: 420533K->96011K(465920K)] 1224476K->970770K(1864192K), 0.0482019 secs] [Times: user=0.26 sys=0.01, real=0.05 secs] 
5082.731: [GC (Allocation Failure) [PSYoungGen: 328971K->180021K(465920K)] 1203730K->1085305K(1864192K), 0.0428494 secs] [Times: user=0.20 sys=0.00, real=0.04 secs] 
5082.891: [GC (Allocation Failure) [PSYoungGen: 412981K->185750K(465920K)] 1318265K->1147434K(1864192K), 0.0440755 secs] [Times: user=0.20 sys=0.00, real=0.04 secs] 
5083.050: [GC (Allocation Failure) [PSYoungGen: 418710K->187029K(465920K)] 1380394K->1205041K(1864192K), 0.0465415 secs] [Times: user=0.21 sys=0.00, real=0.04 secs] 
5084.104: [GC (Allocation Failure) [PSYoungGen: 419989K->101868K(465920K)] 1438001K->1190352K(1864192K), 0.0452432 secs] [Times: user=0.23 sys=0.01, real=0.04 secs] 
5085.296: [GC (Allocation Failure) [PSYoungGen: 334828K->171348K(465920K)] 1423312K->1292765K(1864192K), 0.0851029 secs] [Times: user=0.43 sys=0.01, real=0.09 secs] 
5085.538: [GC (Allocation Failure) [PSYoungGen: 404308K->182581K(465920K)] 1525725K->1357851K(1864192K), 0.0444524 secs] [Times: user=0.20 sys=0.00, real=0.05 secs] 
5085.730: [GC (Allocation Failure) [PSYoungGen: 415541K->186007K(465920K)] 1590811K->1424988K(1864192K), 0.0759864 secs] [Times: user=0.38 sys=0.00, real=0.07 secs] 
5086.200: [GC (Allocation Failure) [PSYoungGen: 418967K->216404K(465920K)] 1657948K->1514530K(1864192K), 0.0552320 secs] [Times: user=0.28 sys=0.00, real=0.05 secs] 
5087.358: [GC (GCLocker Initiated GC) [PSYoungGen: 449364K->97371K(465920K)] 1747490K->1464125K(1864192K), 0.0814480 secs] [Times: user=0.44 sys=0.00, real=0.08 secs] 
5087.439: [Full GC (Ergonomics) [PSYoungGen: 97371K->0K(465920K)] [ParOldGen: 1366753K->114692K(1398272K)] 1464125K->114692K(1864192K), [Metaspace: 59561K->59561K(1105920K)], 0.1568340 secs] [Times: user=0.68 sys=0.00, real=0.16 secs] 
5088.498: [GC (Allocation Failure) [PSYoungGen: 232960K->177685K(465920K)] 347655K->292380K(1864192K), 0.0362087 secs] [Times: user=0.14 sys=0.00, real=0.04 secs] 
5088.682: [GC (Allocation Failure) [PSYoungGen: 410645K->185430K(465920K)] 525340K->356045K(1864192K), 0.0412388 secs] [Times: user=0.18 sys=0.00, real=0.04 secs] 
5088.837: [GC (Allocation Failure) [PSYoungGen: 418390K->187701K(465920K)] 589005K->414404K(1864192K), 0.0445910 secs] [Times: user=0.21 sys=0.00, real=0.05 secs] 
5089.840: [GC (GCLocker Initiated GC) [PSYoungGen: 420661K->101868K(465920K)] 647364K->399419K(1864192K), 0.0439878 secs] [Times: user=0.23 sys=0.00, real=0.05 secs] 
5091.449: [GC (Allocation Failure) [PSYoungGen: 334828K->168788K(465920K)] 632382K->498795K(1864192K), 0.1161380 secs] [Times: user=0.58 sys=0.01, real=0.12 secs] 
5091.788: [GC (Allocation Failure) [PSYoungGen: 401748K->185686K(465920K)] 731755K->568681K(1864192K), 0.0456080 secs] [Times: user=0.21 sys=0.00, real=0.05 secs] 
5091.949: [GC (Allocation Failure) [PSYoungGen: 418646K->186263K(465920K)] 801641K->633586K(1864192K), 0.0499188 secs] [Times: user=0.23 sys=0.00, real=0.05 secs] 
5092.619: [GC (Allocation Failure) [PSYoungGen: 419223K->195667K(465920K)] 866546K->701999K(1864192K), 0.0543502 secs] [Times: user=0.27 sys=0.00, real=0.06 secs] 
5093.826: [GC (Allocation Failure) [PSYoungGen: 428627K->101020K(465920K)] 934959K->674003K(1864192K), 0.1131790 secs] [Times: user=0.61 sys=0.01, real=0.11 secs] 
5094.964: [GC (Allocation Failure) [PSYoungGen: 333980K->182326K(465920K)] 906963K->787086K(1864192K), 0.0508376 secs] [Times: user=0.23 sys=0.00, real=0.05 secs] 
5095.150: [GC (Allocation Failure) [PSYoungGen: 415286K->182901K(465920K)] 1020046K->844490K(1864192K), 0.0438277 secs] [Times: user=0.20 sys=0.00, real=0.04 secs] 
5095.308: [GC (Allocation Failure) [PSYoungGen: 415861K->187765K(465920K)] 1077450K->904937K(1864192K), 0.0453012 secs] [Times: user=0.21 sys=0.00, real=0.05 secs] 
5096.361: [GC (Allocation Failure) [PSYoungGen: 420725K->102060K(465920K)] 1137897K->889988K(1864192K), 0.0483456 secs] [Times: user=0.26 sys=0.00, real=0.04 secs] 
5097.497: [GC (Allocation Failure) [PSYoungGen: 335020K->171380K(465920K)] 1122948K->992401K(1864192K), 0.0709856 secs] [Times: user=0.34 sys=0.00, real=0.07 secs] 
5097.783: [GC (Allocation Failure) [PSYoungGen: 404340K->182293K(465920K)] 1225361K->1056790K(1864192K), 0.0544537 secs] [Times: user=0.26 sys=0.00, real=0.05 secs] 
5097.981: [GC (Allocation Failure) [PSYoungGen: 415253K->185879K(465920K)] 1289750K->1123807K(1864192K), 0.0728347 secs] [Times: user=0.36 sys=0.01, real=0.07 secs] 
5098.904: [GC (Allocation Failure) [PSYoungGen: 415179K->191187K(465920K)] 1353108K->1188019K(1864192K), 0.0569895 secs] [Times: user=0.29 sys=0.00, real=0.06 secs] 
5100.090: [GC (Allocation Failure) [PSYoungGen: 424147K->101196K(465920K)] 1420979K->1163288K(1864192K), 0.1173374 secs] [Times: user=0.64 sys=0.00, real=0.12 secs] 
5100.859: [GC (Allocation Failure) [PSYoungGen: 334156K->182390K(465920K)] 1396248K->1276339K(1864192K), 0.0505566 secs] [Times: user=0.23 sys=0.00, real=0.05 secs] 
5101.088: [GC (Allocation Failure) [PSYoungGen: 415350K->185686K(465920K)] 1509299K->1336423K(1864192K), 0.0588850 secs] [Times: user=0.28 sys=0.00, real=0.06 secs] 
5101.269: [GC (Allocation Failure) [PSYoungGen: 418646K->187573K(465920K)] 1569383K->1394591K(1864192K), 0.0460726 secs] [Times: user=0.22 sys=0.00, real=0.05 secs] 
5102.287: [GC (Allocation Failure) [PSYoungGen: 420533K->99612K(465920K)] 1627551K->1377249K(1864192K), 0.0450922 secs] [Times: user=0.23 sys=0.00, real=0.05 secs] 
5104.563: [GC (Allocation Failure) [PSYoungGen: 332572K->167220K(465920K)] 1610209K->1476478K(1864192K), 0.1057756 secs] [Times: user=0.53 sys=0.01, real=0.10 secs] 
5104.888: [GC (Allocation Failure) [PSYoungGen: 400180K->182645K(465920K)] 1709438K->1544248K(1864192K), 0.0440559 secs] [Times: user=0.20 sys=0.01, real=0.05 secs] 
5104.932: [Full GC (Ergonomics) [PSYoungGen: 182645K->0K(465920K)] [ParOldGen: 1361602K->258986K(1398272K)] 1544248K->258986K(1864192K), [Metaspace: 59561K->59561K(1105920K)], 0.3196017 secs] [Times: user=1.46 sys=0.00, real=0.32 secs] 
5105.369: [GC (Allocation Failure) [PSYoungGen: 232960K->185687K(465920K)] 491946K->444673K(1864192K), 0.0860323 secs] [Times: user=0.45 sys=0.00, real=0.09 secs] 
5106.224: [GC (Allocation Failure) [PSYoungGen: 415711K->211219K(465920K)] 674697K->529094K(1864192K), 0.0533457 secs] [Times: user=0.27 sys=0.00, real=0.05 secs] 
5107.044: [GC (Allocation Failure) [PSYoungGen: 444179K->95803K(465920K)] 762054K->480005K(1864192K), 0.1025377 secs] [Times: user=0.55 sys=0.00, real=0.10 secs] 
5108.046: [GC (Allocation Failure) [PSYoungGen: 328763K->180213K(465920K)] 712965K->594761K(1864192K), 0.0500619 secs] [Times: user=0.22 sys=0.00, real=0.05 secs] 
5108.234: [GC (Allocation Failure) [PSYoungGen: 413173K->185494K(465920K)] 827721K->655985K(1864192K), 0.0434809 secs] [Times: user=0.20 sys=0.00, real=0.04 secs] 
5108.443: [GC (Allocation Failure) [PSYoungGen: 418454K->187701K(465920K)] 888945K->714484K(1864192K), 0.0676130 secs] [Times: user=0.33 sys=0.00, real=0.07 secs] 
5109.588: [GC (Allocation Failure) [PSYoungGen: 420661K->103036K(465920K)] 947444K->700692K(1864192K), 0.0483141 secs] [Times: user=0.25 sys=0.00, real=0.05 secs] 
5110.896: [GC (Allocation Failure) [PSYoungGen: 335996K->170516K(465920K)] 933652K->801344K(1864192K), 0.1088366 secs] [Times: user=0.55 sys=0.00, real=0.11 secs] 
5111.184: [GC (Allocation Failure) [PSYoungGen: 403476K->183093K(465920K)] 1034304K->867198K(1864192K), 0.0417905 secs] [Times: user=0.19 sys=0.00, real=0.04 secs] 
5111.345: [GC (Allocation Failure) [PSYoungGen: 416053K->183222K(465920K)] 1100158K->931151K(1864192K), 0.0490077 secs] [Times: user=0.23 sys=0.00, real=0.05 secs] 
5112.161: [GC (Allocation Failure) [PSYoungGen: 413382K->214388K(465920K)] 1161311K->1020668K(1864192K), 0.0575579 secs] [Times: user=0.29 sys=0.00, real=0.05 secs] 
5113.564: [GC (Allocation Failure) [PSYoungGen: 447348K->100492K(465920K)] 1253628K->974276K(1864192K), 0.1050514 secs] [Times: user=0.57 sys=0.01, real=0.10 secs] 
5114.167: [GC (Allocation Failure) [PSYoungGen: 331673K->181782K(465920K)] 1205457K->1087951K(1864192K), 0.0485752 secs] [Times: user=0.22 sys=0.00, real=0.05 secs] 
5114.344: [GC (Allocation Failure) [PSYoungGen: 414742K->181173K(465920K)] 1320911K->1143599K(1864192K), 0.0437374 secs] [Times: user=0.19 sys=0.01, real=0.04 secs] 
5114.502: [GC (Allocation Failure) [PSYoungGen: 414133K->187509K(465920K)] 1376559K->1205070K(1864192K), 0.0454875 secs] [Times: user=0.22 sys=0.00, real=0.04 secs] 
5115.495: [GC (Allocation Failure) [PSYoungGen: 420469K->100076K(465920K)] 1438030K->1188085K(1864192K), 0.0450754 secs] [Times: user=0.24 sys=0.00, real=0.05 secs] 
5116.354: [GC (Allocation Failure) [PSYoungGen: 333036K->173525K(465920K)] 1421045K->1294111K(1864192K), 0.0574989 secs] [Times: user=0.27 sys=0.00, real=0.06 secs] 
5116.536: [GC (Allocation Failure) [PSYoungGen: 406485K->185558K(465920K)] 1527071K->1360424K(1864192K), 0.0437708 secs] [Times: user=0.20 sys=0.00, real=0.05 secs] 
5116.719: [GC (Allocation Failure) [PSYoungGen: 418518K->185175K(465920K)] 1593384K->1424665K(1864192K), 0.0562314 secs] [Times: user=0.27 sys=0.00, real=0.06 secs] 
5117.578: [GC (Allocation Failure) [PSYoungGen: 413923K->189875K(465920K)] 1653414K->1488273K(1864192K), 0.0557316 secs] [Times: user=0.28 sys=0.01, real=0.06 secs] 
5118.902: [GC (Allocation Failure) [PSYoungGen: 422835K->101516K(465920K)] 1721233K->1464654K(1864192K), 0.1185302 secs] [Times: user=0.65 sys=0.01, real=0.12 secs] 
5119.021: [Full GC (Ergonomics) [PSYoungGen: 101516K->0K(465920K)] [ParOldGen: 1363138K->118595K(1398272K)] 1464654K->118595K(1864192K), [Metaspace: 59561K->59561K(1105920K)], 0.1773407 secs] [Times: user=0.79 sys=0.00, real=0.17 secs] 
5119.938: [GC (Allocation Failure) [PSYoungGen: 232960K->178133K(465920K)] 351555K->296729K(1864192K), 0.0373186 secs] [Times: user=0.14 sys=0.00, real=0.04 secs] 
5120.133: [GC (Allocation Failure) [PSYoungGen: 411093K->185558K(465920K)] 529689K->360053K(1864192K), 0.0410311 secs] [Times: user=0.18 sys=0.00, real=0.04 secs] 
5120.309: [GC (Allocation Failure) [PSYoungGen: 418518K->187605K(465920K)] 593013K->418509K(1864192K), 0.0592399 secs] [Times: user=0.29 sys=0.00, real=0.06 secs] 
5121.410: [GC (Allocation Failure) [PSYoungGen: 420565K->103180K(465920K)] 651469K->404860K(1864192K), 0.0499490 secs] [Times: user=0.26 sys=0.00, real=0.05 secs] 
5122.618: [GC (Allocation Failure) [PSYoungGen: 336140K->172916K(465920K)] 637820K->507777K(1864192K), 0.0947307 secs] [Times: user=0.47 sys=0.00, real=0.10 secs] 
5122.903: [GC (Allocation Failure) [PSYoungGen: 405876K->185270K(465920K)] 740737K->574494K(1864192K), 0.0419679 secs] [Times: user=0.19 sys=0.00, real=0.04 secs] 
5123.060: [GC (Allocation Failure) [PSYoungGen: 418230K->180310K(465920K)] 807454K->633735K(1864192K), 0.0482290 secs] [Times: user=0.22 sys=0.00, real=0.05 secs] 
5123.966: [GC (Allocation Failure) [PSYoungGen: 413270K->172403K(465920K)] 866695K->683308K(1864192K), 0.0561294 secs] [Times: user=0.27 sys=0.00, real=0.06 secs] 
5124.448: [GC (Allocation Failure) [PSYoungGen: 405363K->111005K(465920K)] 916268K->687854K(1864192K), 0.0633162 secs] [Times: user=0.33 sys=0.00, real=0.07 secs] 
5124.926: [GC (Allocation Failure) [PSYoungGen: 338644K->172885K(465920K)] 915493K->784990K(1864192K), 0.0345306 secs] [Times: user=0.14 sys=0.00, real=0.04 secs] 
5125.078: [GC (Allocation Failure) [PSYoungGen: 405845K->185558K(465920K)] 1017950K->851379K(1864192K), 0.0429069 secs] [Times: user=0.19 sys=0.00, real=0.05 secs] 
5125.257: [GC (Allocation Failure) [PSYoungGen: 418518K->179604K(465920K)] 1084339K->901686K(1864192K), 0.0567759 secs] [Times: user=0.28 sys=0.00, real=0.06 secs] 
5126.319: [GC (Allocation Failure) [PSYoungGen: 412564K->105436K(465920K)] 1134646K->895334K(1864192K), 0.0441766 secs] [Times: user=0.23 sys=0.00, real=0.05 secs] 
5126.933: [GC (Allocation Failure) [PSYoungGen: 338396K->174965K(465920K)] 1128294K->998811K(1864192K), 0.0809550 secs] [Times: user=0.40 sys=0.00, real=0.08 secs] 
5127.169: [GC (Allocation Failure) [PSYoungGen: 407925K->185270K(465920K)] 1231771K->1063700K(1864192K), 0.0438956 secs] [Times: user=0.20 sys=0.00, real=0.05 secs] 
5127.354: [GC (Allocation Failure) [PSYoungGen: 418230K->183350K(465920K)] 1296660K->1126341K(1864192K), 0.0560844 secs] [Times: user=0.27 sys=0.00, real=0.05 secs] 
5128.156: [GC (Allocation Failure) [PSYoungGen: 413506K->204946K(465920K)] 1356497K->1205901K(1864192K), 0.0544072 secs] [Times: user=0.27 sys=0.00, real=0.06 secs] 
5130.015: [GC (Allocation Failure) [PSYoungGen: 437906K->103836K(465920K)] 1438861K->1168983K(1864192K), 0.1106678 secs] [Times: user=0.60 sys=0.00, real=0.11 secs] 
5130.572: [GC (Allocation Failure) [PSYoungGen: 332702K->178645K(465920K)] 1397848K->1276633K(1864192K), 0.0462939 secs] [Times: user=0.21 sys=0.00, real=0.04 secs] 
5130.739: [GC (Allocation Failure) [PSYoungGen: 411605K->191125K(465920K)] 1509593K->1344949K(1864192K), 0.0435422 secs] [Times: user=0.20 sys=0.00, real=0.05 secs] 
5130.917: [GC (Allocation Failure) [PSYoungGen: 424085K->187701K(465920K)] 1577909K->1397221K(1864192K), 0.0602103 secs] [Times: user=0.29 sys=0.00, real=0.06 secs] 
5132.050: [GC (Allocation Failure) [PSYoungGen: 420651K->101324K(465920K)] 1630170K->1381596K(1864192K), 0.0448450 secs] [Times: user=0.23 sys=0.01, real=0.05 secs] 
5133.041: [GC (Allocation Failure) [PSYoungGen: 334284K->172052K(465920K)] 1614556K->1484497K(1864192K), 0.0895921 secs] [Times: user=0.44 sys=0.00, real=0.09 secs] 
5133.307: [GC (Allocation Failure) [PSYoungGen: 405012K->182485K(465920K)] 1717457K->1549050K(1864192K), 0.0439432 secs] [Times: user=0.21 sys=0.00, real=0.05 secs] 
5133.351: [Full GC (Ergonomics) [PSYoungGen: 182485K->0K(465920K)] [ParOldGen: 1366564K->258925K(1398272K)] 1549050K->258925K(1864192K), [Metaspace: 59598K->59598K(1105920K)], 0.3303848 secs] [Times: user=1.51 sys=0.00, real=0.33 secs] 
5133.802: [GC (Allocation Failure) [PSYoungGen: 232960K->185879K(465920K)] 491885K->444804K(1864192K), 0.0871429 secs] [Times: user=0.45 sys=0.00, real=0.08 secs] 
5134.779: [GC (Allocation Failure) [PSYoungGen: 418839K->170355K(465920K)] 677764K->488372K(1864192K), 0.0559457 secs] [Times: user=0.29 sys=0.00, real=0.06 secs] 
5135.819: [GC (Allocation Failure) [PSYoungGen: 403315K->102044K(465920K)] 721332K->485173K(1864192K), 0.1153305 secs] [Times: user=0.62 sys=0.01, real=0.12 secs] 
5136.979: [GC (Allocation Failure) [PSYoungGen: 335004K->180501K(465920K)] 718133K->595876K(1864192K), 0.0514816 secs] [Times: user=0.23 sys=0.00, real=0.06 secs] 
5137.172: [GC (Allocation Failure) [PSYoungGen: 413461K->185558K(465920K)] 828836K->657352K(1864192K), 0.0435400 secs] [Times: user=0.19 sys=0.00, real=0.04 secs] 
5137.380: [GC (Allocation Failure) [PSYoungGen: 418518K->187285K(465920K)] 890312K->715363K(1864192K), 0.0717557 secs] [Times: user=0.35 sys=0.00, real=0.07 secs] 
5138.471: [GC (GCLocker Initiated GC) [PSYoungGen: 420245K->101932K(465920K)] 948324K->700527K(1864192K), 0.0443120 secs] [Times: user=0.23 sys=0.00, real=0.04 secs] 
5139.821: [GC (GCLocker Initiated GC) [PSYoungGen: 334892K->167732K(465920K)] 933491K->798799K(1864192K), 0.0895711 secs] [Times: user=0.44 sys=0.00, real=0.09 secs] 
5140.136: [GC (Allocation Failure) [PSYoungGen: 400692K->185590K(465920K)] 1031890K->869688K(1864192K), 0.0459097 secs] [Times: user=0.21 sys=0.00, real=0.05 secs] 
5140.344: [GC (Allocation Failure) [PSYoungGen: 418550K->186039K(465920K)] 1102648K->942801K(1864192K), 0.0753156 secs] [Times: user=0.38 sys=0.01, real=0.07 secs] 
5141.271: [GC (Allocation Failure) [PSYoungGen: 418999K->169747K(465920K)] 1175761K->985593K(1864192K), 0.0566548 secs] [Times: user=0.29 sys=0.01, real=0.05 secs] 
5142.040: [GC (Allocation Failure) [PSYoungGen: 402707K->107004K(465920K)] 1218553K->987839K(1864192K), 0.1097805 secs] [Times: user=0.59 sys=0.00, real=0.11 secs] 
5142.533: [GC (Allocation Failure) [PSYoungGen: 339964K->197077K(465920K)] 1220799K->1112233K(1864192K), 0.0446407 secs] [Times: user=0.20 sys=0.00, real=0.04 secs] 
5142.719: [GC (Allocation Failure) [PSYoungGen: 430037K->179382K(465920K)] 1345193K->1157446K(1864192K), 0.0612942 secs] [Times: user=0.30 sys=0.00, real=0.07 secs] 
5142.920: [GC (Allocation Failure) [PSYoungGen: 412342K->187285K(465920K)] 1390406K->1222285K(1864192K), 0.0686794 secs] [Times: user=0.35 sys=0.00, real=0.06 secs] 
5143.927: [GC (Allocation Failure) [PSYoungGen: 420245K->104460K(465920K)] 1455245K->1210032K(1864192K), 0.0493133 secs] [Times: user=0.25 sys=0.00, real=0.05 secs] 
5144.806: [GC (Allocation Failure) [PSYoungGen: 337420K->173076K(465920K)] 1442992K->1311893K(1864192K), 0.0766071 secs] [Times: user=0.37 sys=0.00, real=0.08 secs] 
5145.048: [GC (Allocation Failure) [PSYoungGen: 406036K->185430K(465920K)] 1544853K->1378754K(1864192K), 0.0460152 secs] [Times: user=0.22 sys=0.00, real=0.05 secs] 
5145.212: [GC (Allocation Failure) [PSYoungGen: 410943K->176438K(465920K)] 1604268K->1434098K(1864192K), 0.0515558 secs] [Times: user=0.25 sys=0.00, real=0.05 secs] 
5146.191: [GC (Allocation Failure) [PSYoungGen: 409398K->168627K(401920K)] 1667058K->1482207K(1800192K), 0.0572853 secs] [Times: user=0.29 sys=0.00, real=0.05 secs] 
5146.248: [Full GC (Ergonomics) [PSYoungGen: 168627K->0K(401920K)] [ParOldGen: 1313580K->356912K(1398272K)] 1482207K->356912K(1800192K), [Metaspace: 59598K->59598K(1105920K)], 0.5941487 secs] [Times: user=2.57 sys=0.00, real=0.60 secs] 
5148.205: [GC (Allocation Failure) [PSYoungGen: 232960K->107180K(463872K)] 589872K->464092K(1862144K), 0.0432711 secs] [Times: user=0.16 sys=0.00, real=0.04 secs] 
5149.245: [GC (Allocation Failure) [PSYoungGen: 337873K->175477K(464896K)] 694785K->566654K(1863168K), 0.0503590 secs] [Times: user=0.22 sys=0.00, real=0.05 secs] 
5149.434: [GC (Allocation Failure) [PSYoungGen: 407413K->184886K(465920K)] 798590K->630799K(1864192K), 0.0420856 secs] [Times: user=0.19 sys=0.00, real=0.04 secs] 
5149.590: [GC (Allocation Failure) [PSYoungGen: 417846K->187733K(465920K)] 863759K->689726K(1864192K), 0.0446692 secs] [Times: user=0.21 sys=0.00, real=0.04 secs] 
5150.581: [GC (Allocation Failure) [PSYoungGen: 420693K->99996K(465920K)] 922686K->672709K(1864192K), 0.0438701 secs] [Times: user=0.22 sys=0.00, real=0.04 secs] 
5151.371: [GC (Allocation Failure) [PSYoungGen: 332956K->172340K(465920K)] 905669K->777378K(1864192K), 0.0651699 secs] [Times: user=0.31 sys=0.00, real=0.06 secs] 
5151.677: [GC (Allocation Failure) [PSYoungGen: 405300K->182261K(465920K)] 1010338K->841054K(1864192K), 0.0550737 secs] [Times: user=0.26 sys=0.00, real=0.06 secs] 
5151.856: [GC (Allocation Failure) [PSYoungGen: 415221K->186135K(465920K)] 1074014K->908728K(1864192K), 0.0490101 secs] [Times: user=0.22 sys=0.01, real=0.05 secs] 
5152.764: [GC (Allocation Failure) [PSYoungGen: 419095K->170003K(465920K)] 1141688K->951660K(1864192K), 0.0573072 secs] [Times: user=0.29 sys=0.00, real=0.06 secs] 
5153.339: [GC (Allocation Failure) [PSYoungGen: 402963K->112557K(465920K)] 1184620K->959354K(1864192K), 0.0854878 secs] [Times: user=0.45 sys=0.01, real=0.09 secs] 
5153.802: [GC (Allocation Failure) [PSYoungGen: 345517K->179829K(465920K)] 1192314K->1062342K(1864192K), 0.0493835 secs] [Times: user=0.22 sys=0.00, real=0.05 secs] 
5154.036: [GC (Allocation Failure) [PSYoungGen: 412789K->182358K(465920K)] 1295302K->1127800K(1864192K), 0.0711939 secs] [Times: user=0.35 sys=0.00, real=0.07 secs] 
5154.283: [GC (Allocation Failure) [PSYoungGen: 415318K->187157K(465920K)] 1360760K->1190702K(1864192K), 0.0736375 secs] [Times: user=0.38 sys=0.00, real=0.07 secs] 
5155.420: [GC (Allocation Failure) [PSYoungGen: 420117K->99676K(465920K)] 1423662K->1173857K(1864192K), 0.0492947 secs] [Times: user=0.26 sys=0.00, real=0.04 secs] 
5156.901: [GC (Allocation Failure) [PSYoungGen: 332636K->171476K(465920K)] 1406817K->1277295K(1864192K), 0.0951486 secs] [Times: user=0.46 sys=0.00, real=0.09 secs] 
5157.194: [GC (Allocation Failure) [PSYoungGen: 404436K->185366K(465920K)] 1510255K->1344980K(1864192K), 0.0435079 secs] [Times: user=0.19 sys=0.00, real=0.04 secs] 
5157.348: [GC (Allocation Failure) [PSYoungGen: 405446K->174581K(465920K)] 1565060K->1398604K(1864192K), 0.0490844 secs] [Times: user=0.23 sys=0.00, real=0.05 secs] 
5158.245: [GC (Allocation Failure) [PSYoungGen: 402333K->206387K(465920K)] 1626355K->1486049K(1864192K), 0.0532222 secs] [Times: user=0.26 sys=0.00, real=0.05 secs] 
5159.096: [GC (Allocation Failure) [PSYoungGen: 439347K->102188K(465920K)] 1719009K->1446570K(1864192K), 0.0965886 secs] [Times: user=0.53 sys=0.00, real=0.10 secs] 
5159.193: [Full GC (Ergonomics) [PSYoungGen: 102188K->0K(465920K)] [ParOldGen: 1344382K->117800K(1398272K)] 1446570K->117800K(1864192K), [Metaspace: 59598K->59598K(1105920K)], 0.1709264 secs] [Times: user=0.74 sys=0.00, real=0.17 secs] 
5159.750: [GC (Allocation Failure) [PSYoungGen: 232960K->180822K(465920K)] 350760K->298622K(1864192K), 0.0275995 secs] [Times: user=0.10 sys=0.01, real=0.02 secs] 
5159.896: [GC (Allocation Failure) [PSYoungGen: 413782K->185494K(465920K)] 531582K->359518K(1864192K), 0.0412543 secs] [Times: user=0.18 sys=0.00, real=0.04 secs] 
5160.051: [GC (Allocation Failure) [PSYoungGen: 418454K->187669K(465920K)] 592478K->417757K(1864192K), 0.0441557 secs] [Times: user=0.20 sys=0.01, real=0.04 secs] 
5161.079: [GC (Allocation Failure) [PSYoungGen: 420629K->98732K(465920K)] 650717K->399604K(1864192K), 0.0432258 secs] [Times: user=0.22 sys=0.00, real=0.05 secs] 
5162.220: [GC (Allocation Failure) [PSYoungGen: 331692K->172308K(465920K)] 632564K->504521K(1864192K), 0.0697120 secs] [Times: user=0.33 sys=0.00, real=0.07 secs] 
5162.501: [GC (Allocation Failure) [PSYoungGen: 405268K->185014K(465920K)] 737481K->571599K(1864192K), 0.0572647 secs] [Times: user=0.26 sys=0.00, real=0.05 secs] 
5162.743: [GC (Allocation Failure) [PSYoungGen: 416516K->183254K(465920K)] 803101K->634232K(1864192K), 0.0704512 secs] [Times: user=0.34 sys=0.00, real=0.07 secs] 
5163.657: [GC (Allocation Failure) [PSYoungGen: 416214K->169971K(465920K)] 867192K->679156K(1864192K), 0.0554117 secs] [Times: user=0.27 sys=0.00, real=0.06 secs] 
5164.661: [GC (GCLocker Initiated GC) [PSYoungGen: 402931K->106204K(465920K)] 912116K->680273K(1864192K), 0.0900610 secs] [Times: user=0.49 sys=0.00, real=0.09 secs] 
5165.721: [GC (Allocation Failure) [PSYoungGen: 339164K->177238K(465920K)] 921592K->793506K(1864192K), 0.1691134 secs] [Times: user=0.95 sys=0.00, real=0.16 secs] 
5166.007: [GC (Allocation Failure) [PSYoungGen: 410198K->182454K(465920K)] 1026466K->855287K(1864192K), 0.1617667 secs] [Times: user=0.91 sys=0.00, real=0.16 secs] 
5166.289: [GC (Allocation Failure) [PSYoungGen: 415414K->187349K(465920K)] 1088247K->918214K(1864192K), 0.0583589 secs] [Times: user=0.29 sys=0.00, real=0.06 secs] 
5167.351: [GC (Allocation Failure) [PSYoungGen: 420309K->99388K(465920K)] 1151174K->900813K(1864192K), 0.0473877 secs] [Times: user=0.25 sys=0.00, real=0.04 secs] 
5168.151: [GC (Allocation Failure) [PSYoungGen: 332348K->172564K(465920K)] 1133773K->1005938K(1864192K), 0.0547838 secs] [Times: user=0.25 sys=0.01, real=0.05 secs] 
5168.401: [GC (Allocation Failure) [PSYoungGen: 405524K->182293K(465920K)] 1238898K->1069647K(1864192K), 0.0591436 secs] [Times: user=0.28 sys=0.00, real=0.06 secs] 
5168.624: [GC (Allocation Failure) [PSYoungGen: 405342K->177750K(465920K)] 1292696K->1128664K(1864192K), 0.0735180 secs] [Times: user=0.36 sys=0.01, real=0.07 secs] 
5169.610: [GC (Allocation Failure) [PSYoungGen: 410710K->168179K(401408K)] 1361624K->1175556K(1799680K), 0.0571089 secs] [Times: user=0.29 sys=0.00, real=0.05 secs] 
5170.110: [GC (Allocation Failure) [PSYoungGen: 401139K->113917K(463872K)] 1408516K->1185719K(1862144K), 0.0751334 secs] [Times: user=0.39 sys=0.00, real=0.07 secs] 
5170.555: [GC (Allocation Failure) [PSYoungGen: 345853K->176276K(464896K)] 1417655K->1284059K(1863168K), 0.0447971 secs] [Times: user=0.20 sys=0.00, real=0.05 secs] 
5170.760: [GC (Allocation Failure) [PSYoungGen: 408212K->183991K(465408K)] 1515995K->1361997K(1863680K), 0.0745438 secs] [Times: user=0.37 sys=0.00, real=0.07 secs] 
5170.964: [GC (Allocation Failure) [PSYoungGen: 416951K->187253K(465920K)] 1594957K->1423692K(1864192K), 0.0606934 secs] [Times: user=0.30 sys=0.00, real=0.06 secs] 
5171.992: [GC (Allocation Failure) [PSYoungGen: 420213K->98988K(465920K)] 1656652K->1405959K(1864192K), 0.0485947 secs] [Times: user=0.26 sys=0.00, real=0.05 secs] 
5173.487: [GC (GCLocker Initiated GC) [PSYoungGen: 331948K->171700K(465920K)] 1638919K->1510013K(1864192K), 0.0569238 secs] [Times: user=0.26 sys=0.01, real=0.06 secs] 
5173.544: [Full GC (Ergonomics) [PSYoungGen: 171700K->0K(465920K)] [ParOldGen: 1338312K->197656K(1398272K)] 1510013K->197656K(1864192K), [Metaspace: 59598K->59598K(1105920K)], 0.2333093 secs] [Times: user=1.11 sys=0.00, real=0.23 secs] 
5173.897: [GC (Allocation Failure) [PSYoungGen: 232960K->185398K(465920K)] 430619K->383057K(1864192K), 0.0323501 secs] [Times: user=0.13 sys=0.00, real=0.03 secs] 
5174.042: [GC (Allocation Failure) [PSYoungGen: 404938K->174773K(465920K)] 602598K->436825K(1864192K), 0.0428490 secs] [Times: user=0.20 sys=0.00, real=0.04 secs] 
5174.905: [GC (Allocation Failure) [PSYoungGen: 407733K->213158K(465920K)] 669785K->530737K(1864192K), 0.0471227 secs] [Times: user=0.23 sys=0.00, real=0.05 secs] 
5175.876: [GC (Allocation Failure) [PSYoungGen: 446118K->108061K(465920K)] 763697K->490808K(1864192K), 0.1192308 secs] [Times: user=0.65 sys=0.00, real=0.12 secs] 
5177.055: [GC (Allocation Failure) [PSYoungGen: 340975K->174677K(465920K)] 723722K->592005K(1864192K), 0.0515928 secs] [Times: user=0.23 sys=0.00, real=0.05 secs] 
5177.251: [GC (Allocation Failure) [PSYoungGen: 407637K->185846K(465920K)] 824965K->657614K(1864192K), 0.0429003 secs] [Times: user=0.19 sys=0.00, real=0.04 secs] 
5177.448: [GC (Allocation Failure) [PSYoungGen: 418806K->187861K(465920K)] 890574K->715861K(1864192K), 0.0630643 secs] [Times: user=0.31 sys=0.00, real=0.07 secs] 
5178.457: [GC (Allocation Failure) [PSYoungGen: 420821K->101532K(465920K)] 948821K->700160K(1864192K), 0.0446758 secs] [Times: user=0.23 sys=0.00, real=0.05 secs] 
5179.910: [GC (Allocation Failure) [PSYoungGen: 334492K->168916K(465920K)] 933120K->800125K(1864192K), 0.0909695 secs] [Times: user=0.44 sys=0.00, real=0.09 secs] 
5180.198: [GC (Allocation Failure) [PSYoungGen: 401876K->185398K(465920K)] 1033085K->869675K(1864192K), 0.0426668 secs] [Times: user=0.19 sys=0.00, real=0.05 secs] 
5180.385: [GC (Allocation Failure) [PSYoungGen: 418358K->183702K(465920K)] 1102635K->932436K(1864192K), 0.0707363 secs] [Times: user=0.35 sys=0.00, real=0.07 secs] 
5181.311: [GC (Allocation Failure) [PSYoungGen: 416662K->169331K(465920K)] 1165396K->976528K(1864192K), 0.0570888 secs] [Times: user=0.29 sys=0.00, real=0.05 secs] 
5182.241: [GC (GCLocker Initiated GC) [PSYoungGen: 402291K->105660K(465920K)] 1209488K->977682K(1864192K), 0.0903446 secs] [Times: user=0.48 sys=0.01, real=0.09 secs] 
5182.983: [GC (Allocation Failure) [PSYoungGen: 338620K->177622K(465920K)] 1218837K->1091279K(1864192K), 0.1485924 secs] [Times: user=0.83 sys=0.00, real=0.15 secs] 
5183.247: [GC (Allocation Failure) [PSYoungGen: 410582K->182806K(465920K)] 1324239K->1153140K(1864192K), 0.1661493 secs] [Times: user=0.93 sys=0.00, real=0.17 secs] 
5183.527: [GC (Allocation Failure) [PSYoungGen: 415766K->187573K(465920K)] 1386100K->1215890K(1864192K), 0.0572435 secs] [Times: user=0.28 sys=0.00, real=0.06 secs] 
5184.579: [GC (Allocation Failure) [PSYoungGen: 420533K->98411K(465920K)] 1448850K->1197609K(1864192K), 0.0471460 secs] [Times: user=0.25 sys=0.00, real=0.05 secs] 
5185.984: [GC (Allocation Failure) [PSYoungGen: 331371K->170900K(465920K)] 1430569K->1301310K(1864192K), 0.0870928 secs] [Times: user=0.43 sys=0.00, real=0.09 secs] 
5186.291: [GC (Allocation Failure) [PSYoungGen: 403860K->194006K(465920K)] 1534270K->1378016K(1864192K), 0.0458938 secs] [Times: user=0.21 sys=0.00, real=0.04 secs] 
5186.445: [GC (Allocation Failure) [PSYoungGen: 417408K->175317K(465920K)] 1601418K->1423816K(1864192K), 0.0489949 secs] [Times: user=0.23 sys=0.00, real=0.05 secs] 
5187.338: [GC (Allocation Failure) [PSYoungGen: 408277K->168851K(465920K)] 1656776K->1473021K(1864192K), 0.0544912 secs] [Times: user=0.27 sys=0.00, real=0.06 secs] 
5188.785: [GC (Allocation Failure) [PSYoungGen: 401811K->106764K(465920K)] 1705981K->1475479K(1864192K), 0.1161747 secs] [Times: user=0.62 sys=0.00, real=0.12 secs] 
5188.901: [Full GC (Ergonomics) [PSYoungGen: 106764K->0K(465920K)] [ParOldGen: 1368714K->122969K(1398272K)] 1475479K->122969K(1864192K), [Metaspace: 59598K->59598K(1105920K)], 0.1861983 secs] [Times: user=0.82 sys=0.00, real=0.18 secs] 
5189.459: [GC (Allocation Failure) [PSYoungGen: 232960K->180149K(465920K)] 355929K->303118K(1864192K), 0.0274634 secs] [Times: user=0.10 sys=0.01, real=0.03 secs] 
5189.603: [GC (Allocation Failure) [PSYoungGen: 413109K->185367K(465920K)] 536078K->371424K(1864192K), 0.0469172 secs] [Times: user=0.22 sys=0.00, real=0.05 secs] 
5189.760: [GC (Allocation Failure) [PSYoungGen: 418327K->187509K(465920K)] 604384K->432486K(1864192K), 0.0578198 secs] [Times: user=0.28 sys=0.00, real=0.06 secs] 
5190.757: [GC (Allocation Failure) [PSYoungGen: 420469K->96923K(465920K)] 665446K->412581K(1864192K), 0.0450368 secs] [Times: user=0.23 sys=0.00, real=0.05 secs] 
5192.621: [GC (Allocation Failure) [PSYoungGen: 329883K->173685K(465920K)] 645541K->519971K(1864192K), 0.0718622 secs] [Times: user=0.34 sys=0.00, real=0.07 secs] 
5192.857: [GC (Allocation Failure) [PSYoungGen: 406645K->182677K(465920K)] 752931K->583360K(1864192K), 0.0424184 secs] [Times: user=0.19 sys=0.01, real=0.04 secs] 
5193.015: [GC (Allocation Failure) [PSYoungGen: 409799K->180342K(465920K)] 810481K->644681K(1864192K), 0.0482399 secs] [Times: user=0.22 sys=0.00, real=0.05 secs] 
5193.925: [GC (Allocation Failure) [PSYoungGen: 413302K->168370K(465920K)] 877641K->689957K(1864192K), 0.0567883 secs] [Times: user=0.29 sys=0.00, real=0.06 secs] 
5194.596: [GC (Allocation Failure) [PSYoungGen: 401330K->110893K(465920K)] 922917K->696991K(1864192K), 0.0641822 secs] [Times: user=0.33 sys=0.01, real=0.07 secs] 
5195.201: [GC (Allocation Failure) [PSYoungGen: 337244K->172757K(465920K)] 923343K->793812K(1864192K), 0.0491597 secs] [Times: user=0.22 sys=0.00, real=0.05 secs] 
5195.385: [GC (Allocation Failure) [PSYoungGen: 405717K->185782K(465920K)] 1026772K->860753K(1864192K), 0.0436178 secs] [Times: user=0.20 sys=0.00, real=0.04 secs] 
5195.573: [GC (Allocation Failure) [PSYoungGen: 418742K->204245K(465920K)] 1093713K->935377K(1864192K), 0.0627310 secs] [Times: user=0.31 sys=0.00, real=0.06 secs] 
5196.591: [GC (Allocation Failure) [PSYoungGen: 437205K->99004K(465920K)] 1168337K->901107K(1864192K), 0.0472358 secs] [Times: user=0.24 sys=0.00, real=0.04 secs] 
5197.888: [GC (Allocation Failure) [PSYoungGen: 331964K->172148K(465920K)] 1134067K->1006117K(1864192K), 0.0633316 secs] [Times: user=0.29 sys=0.00, real=0.07 secs] 
5198.101: [GC (Allocation Failure) [PSYoungGen: 405108K->185398K(465920K)] 1239077K->1073498K(1864192K), 0.0439721 secs] [Times: user=0.20 sys=0.00, real=0.04 secs] 
5198.263: [GC (Allocation Failure) [PSYoungGen: 418358K->183799K(465920K)] 1306458K->1136227K(1864192K), 0.0506707 secs] [Times: user=0.24 sys=0.01, real=0.05 secs] 
5199.166: [GC (Allocation Failure) [PSYoungGen: 416759K->168819K(465920K)] 1369187K->1179679K(1864192K), 0.0556942 secs] [Times: user=0.28 sys=0.00, real=0.06 secs] 
5200.465: [GC (Allocation Failure) [PSYoungGen: 401779K->106044K(465920K)] 1412639K->1181449K(1864192K), 0.1056025 secs] [Times: user=0.57 sys=0.00, real=0.11 secs] 
5201.372: [GC (Allocation Failure) [PSYoungGen: 338251K->176565K(465920K)] 1413656K->1286083K(1864192K), 0.0510536 secs] [Times: user=0.23 sys=0.00, real=0.05 secs] 
5201.560: [GC (Allocation Failure) [PSYoungGen: 409525K->185814K(465920K)] 1519043K->1350371K(1864192K), 0.0438133 secs] [Times: user=0.20 sys=0.00, real=0.04 secs] 
5201.754: [GC (Allocation Failure) [PSYoungGen: 418774K->187445K(465920K)] 1583331K->1408267K(1864192K), 0.0679385 secs] [Times: user=0.34 sys=0.00, real=0.07 secs] 
5202.797: [GC (GCLocker Initiated GC) [PSYoungGen: 420405K->100300K(465920K)] 1641227K->1391766K(1864192K), 0.0564300 secs] [Times: user=0.30 sys=0.00, real=0.06 secs] 
5203.835: [GC (Allocation Failure) [PSYoungGen: 333260K->172660K(465920K)] 1625020K->1496514K(1864192K), 0.0989634 secs] [Times: user=0.49 sys=0.00, real=0.10 secs] 
5203.934: [Full GC (Ergonomics) [PSYoungGen: 172660K->0K(465920K)] [ParOldGen: 1323853K->196772K(1398272K)] 1496514K->196772K(1864192K), [Metaspace: 59598K->59598K(1105920K)], 0.2571713 secs] [Times: user=1.26 sys=0.00, real=0.26 secs] 
5204.306: [GC (Allocation Failure) [PSYoungGen: 232960K->182805K(465920K)] 429732K->379578K(1864192K), 0.0339056 secs] [Times: user=0.14 sys=0.00, real=0.04 secs] 
5204.458: [GC (Allocation Failure) [PSYoungGen: 415765K->184759K(465920K)] 612538K->445379K(1864192K), 0.0439086 secs] [Times: user=0.20 sys=0.00, real=0.05 secs] 
5205.390: [GC (Allocation Failure) [PSYoungGen: 417719K->168723K(465920K)] 678339K->487927K(1864192K), 0.0529152 secs] [Times: user=0.26 sys=0.00, real=0.06 secs] 
5205.920: [GC (Allocation Failure) [PSYoungGen: 401683K->110701K(465920K)] 720887K->494441K(1864192K), 0.0842948 secs] [Times: user=0.44 sys=0.00, real=0.08 secs] 
5206.903: [GC (Allocation Failure) [PSYoungGen: 338980K->172660K(465920K)] 722720K->591498K(1864192K), 0.0490622 secs] [Times: user=0.21 sys=0.00, real=0.05 secs] 
5207.093: [GC (Allocation Failure) [PSYoungGen: 405620K->185622K(465920K)] 824458K->658515K(1864192K), 0.0428815 secs] [Times: user=0.19 sys=0.00, real=0.04 secs] 
5207.282: [GC (Allocation Failure) [PSYoungGen: 418582K->187605K(465920K)] 891475K->716746K(1864192K), 0.0685744 secs] [Times: user=0.33 sys=0.00, real=0.07 secs] 
5208.297: [GC (Allocation Failure) [PSYoungGen: 420565K->101516K(465920K)] 949706K->701469K(1864192K), 0.0445848 secs] [Times: user=0.23 sys=0.01, real=0.05 secs] 
5209.300: [GC (Allocation Failure) [PSYoungGen: 334476K->172660K(465920K)] 934429K->805043K(1864192K), 0.0920022 secs] [Times: user=0.45 sys=0.01, real=0.09 secs] 
5209.609: [GC (Allocation Failure) [PSYoungGen: 405620K->182261K(465920K)] 1038003K->868588K(1864192K), 0.0458772 secs] [Times: user=0.21 sys=0.00, real=0.05 secs] 
5209.809: [GC (Allocation Failure) [PSYoungGen: 414643K->184599K(465920K)] 1100970K->934637K(1864192K), 0.0776215 secs] [Times: user=0.38 sys=0.00, real=0.08 secs] 
5210.742: [GC (Allocation Failure) [PSYoungGen: 417559K->168723K(464896K)] 1167597K->977321K(1863168K), 0.0582639 secs] [Times: user=0.30 sys=0.00, real=0.06 secs] 
5211.499: [GC (Allocation Failure) [PSYoungGen: 401683K->109949K(465408K)] 1210281K->983123K(1863680K), 0.1076966 secs] [Times: user=0.58 sys=0.01, real=0.11 secs] 
5212.587: [GC (Allocation Failure) [PSYoungGen: 341941K->173717K(465920K)] 1215115K->1081804K(1864192K), 0.0540828 secs] [Times: user=0.25 sys=0.00, real=0.06 secs] 
5212.787: [GC (Allocation Failure) [PSYoungGen: 407189K->194294K(465920K)] 1315276K->1156617K(1864192K), 0.0441413 secs] [Times: user=0.20 sys=0.00, real=0.05 secs] 
5212.945: [GC (Allocation Failure) [PSYoungGen: 427766K->204533K(465920K)] 1390089K->1223281K(1864192K), 0.0469587 secs] [Times: user=0.22 sys=0.00, real=0.05 secs] 
5213.937: [GC (Allocation Failure) [PSYoungGen: 437493K->101820K(465920K)] 1456241K->1191464K(1864192K), 0.0454438 secs] [Times: user=0.23 sys=0.00, real=0.05 secs] 
5215.315: [GC (Allocation Failure) [PSYoungGen: 334780K->168756K(465920K)] 1424424K->1290764K(1864192K), 0.0799873 secs] [Times: user=0.38 sys=0.00, real=0.08 secs] 
5215.587: [GC (Allocation Failure) [PSYoungGen: 401716K->185398K(465920K)] 1523724K->1360770K(1864192K), 0.0442195 secs] [Times: user=0.20 sys=0.00, real=0.05 secs] 
5215.748: [GC (Allocation Failure) [PSYoungGen: 413154K->181974K(465920K)] 1588527K->1421923K(1864192K), 0.0511158 secs] [Times: user=0.24 sys=0.00, real=0.05 secs] 
5216.719: [GC (Allocation Failure) [PSYoungGen: 414934K->170099K(465920K)] 1654883K->1467943K(1864192K), 0.0584516 secs] [Times: user=0.30 sys=0.00, real=0.06 secs] 
5217.381: [GC (GCLocker Initiated GC) [PSYoungGen: 403059K->110093K(465920K)] 1700904K->1472978K(1864192K), 0.0943660 secs] [Times: user=0.50 sys=0.01, real=0.09 secs] 
5217.475: [Full GC (Ergonomics) [PSYoungGen: 110093K->0K(465920K)] [ParOldGen: 1362885K->126175K(1398272K)] 1472978K->126175K(1864192K), [Metaspace: 59598K->59598K(1105920K)], 0.1831550 secs] [Times: user=0.81 sys=0.00, real=0.18 secs] 
5218.374: [GC (Allocation Failure) [PSYoungGen: 232960K->175061K(465920K)] 367494K->309595K(1864192K), 0.0893193 secs] [Times: user=0.47 sys=0.00, real=0.09 secs] 
5218.609: [GC (Allocation Failure) [PSYoungGen: 408021K->179478K(465920K)] 542555K->369636K(1864192K), 0.1644850 secs] [Times: user=0.93 sys=0.00, real=0.17 secs] 
5218.915: [GC (Allocation Failure) [PSYoungGen: 412438K->187477K(465920K)] 602596K->435043K(1864192K), 0.0584023 secs] [Times: user=0.29 sys=0.00, real=0.06 secs] 
5219.994: [GC (Allocation Failure) [PSYoungGen: 420437K->101164K(465920K)] 668003K->419322K(1864192K), 0.0507804 secs] [Times: user=0.26 sys=0.01, real=0.05 secs] 
5221.209: [GC (GCLocker Initiated GC) [PSYoungGen: 334124K->169012K(465920K)] 652282K->520220K(1864192K), 0.0806464 secs] [Times: user=0.39 sys=0.00, real=0.08 secs] 
5221.518: [GC (Allocation Failure) [PSYoungGen: 401972K->185206K(465920K)] 753346K->589748K(1864192K), 0.0487778 secs] [Times: user=0.23 sys=0.00, real=0.05 secs] 
5221.728: [GC (Allocation Failure) [PSYoungGen: 408327K->177878K(465920K)] 812869K->646748K(1864192K), 0.0768899 secs] [Times: user=0.38 sys=0.00, real=0.08 secs] 
5222.672: [GC (Allocation Failure) [PSYoungGen: 410838K->169011K(459776K)] 879708K->694561K(1858048K), 0.0569102 secs] [Times: user=0.28 sys=0.00, real=0.05 secs] 
5223.513: [GC (Allocation Failure) [PSYoungGen: 401971K->110253K(462848K)] 927521K->700491K(1861120K), 0.0936693 secs] [Times: user=0.49 sys=0.00, real=0.09 secs] 
5224.593: [GC (Allocation Failure) [PSYoungGen: 341328K->173653K(466944K)] 931567K->798420K(1865216K), 0.0497550 secs] [Times: user=0.22 sys=0.00, real=0.05 secs] 
5224.833: [GC (Allocation Failure) [PSYoungGen: 409685K->187990K(424448K)] 1034452K->867174K(1822720K), 0.0595565 secs] [Times: user=0.28 sys=0.00, real=0.06 secs] 
5225.014: [GC (Allocation Failure) [PSYoungGen: 424022K->189365K(465920K)] 1103206K->925357K(1864192K), 0.0455984 secs] [Times: user=0.21 sys=0.00, real=0.05 secs] 
5225.989: [GC (GCLocker Initiated GC) [PSYoungGen: 422325K->101356K(465920K)] 1158317K->908616K(1864192K), 0.0453860 secs] [Times: user=0.24 sys=0.00, real=0.05 secs] 
5226.817: [GC (Allocation Failure) [PSYoungGen: 334316K->173172K(465920K)] 1141578K->1012728K(1864192K), 0.0596095 secs] [Times: user=0.22 sys=0.00, real=0.06 secs] 
5227.084: [GC (Allocation Failure) [PSYoungGen: 406132K->182421K(465920K)] 1245688K->1076321K(1864192K), 0.0475981 secs] [Times: user=0.23 sys=0.00, real=0.05 secs] 
5227.305: [GC (Allocation Failure) [PSYoungGen: 409890K->179510K(465920K)] 1303789K->1137133K(1864192K), 0.0698677 secs] [Times: user=0.35 sys=0.00, real=0.07 secs] 
5228.276: [GC (Allocation Failure) [PSYoungGen: 412470K->168755K(401920K)] 1370093K->1183346K(1800192K), 0.0543554 secs] [Times: user=0.26 sys=0.00, real=0.06 secs] 
5228.931: [GC (Allocation Failure) [PSYoungGen: 401715K->114061K(461312K)] 1416306K->1193217K(1859584K), 0.0896985 secs] [Times: user=0.47 sys=0.00, real=0.09 secs] 
5229.770: [GC (Allocation Failure) [PSYoungGen: 344973K->174900K(463360K)] 1424129K->1289852K(1861632K), 0.0537058 secs] [Times: user=0.24 sys=0.00, real=0.05 secs] 
5229.961: [GC (Allocation Failure) [PSYoungGen: 405812K->180694K(465920K)] 1520764K->1357090K(1864192K), 0.0496293 secs] [Times: user=0.23 sys=0.00, real=0.05 secs] 
5230.146: [GC (Allocation Failure) [PSYoungGen: 416214K->189077K(424960K)] 1592610K->1423065K(1823232K), 0.0674042 secs] [Times: user=0.34 sys=0.00, real=0.07 secs] 
5231.204: [GC (Allocation Failure) [PSYoungGen: 424597K->104700K(465920K)] 1658585K->1409833K(1864192K), 0.0486322 secs] [Times: user=0.25 sys=0.00, real=0.05 secs] 
5232.348: [GC (Allocation Failure) [PSYoungGen: 337660K->170420K(465920K)] 1642793K->1508869K(1864192K), 0.0808515 secs] [Times: user=0.40 sys=0.00, real=0.08 secs] 
5232.429: [Full GC (Ergonomics) [PSYoungGen: 170420K->0K(465920K)] [ParOldGen: 1338449K->197241K(1398272K)] 1508869K->197241K(1864192K), [Metaspace: 59598K->59598K(1105920K)], 0.2502693 secs] [Times: user=1.21 sys=0.00, real=0.25 secs] 
5232.799: [GC (Allocation Failure) [PSYoungGen: 232960K->182581K(465920K)] 430201K->379823K(1864192K), 0.0318851 secs] [Times: user=0.13 sys=0.01, real=0.04 secs] 
5232.962: [GC (Allocation Failure) [PSYoungGen: 408278K->177046K(410112K)] 605519K->438111K(1808384K), 0.0428638 secs] [Times: user=0.19 sys=0.00, real=0.04 secs] 
5233.849: [GC (Allocation Failure) [PSYoungGen: 410006K->169235K(470528K)] 671071K->486596K(1868800K), 0.0548973 secs] [Times: user=0.27 sys=0.00, real=0.06 secs] 
5234.461: [GC (Allocation Failure) [PSYoungGen: 407315K->118158K(465408K)] 724676K->500287K(1863680K), 0.0858431 secs] [Times: user=0.45 sys=0.00, real=0.08 secs] 
5234.840: [GC (Allocation Failure) [PSYoungGen: 356238K->181301K(466944K)] 738367K->601327K(1865216K), 0.0380633 secs] [Times: user=0.16 sys=0.00, real=0.03 secs] 
5235.047: [GC (Allocation Failure) [PSYoungGen: 419381K->189527K(428032K)] 839407K->673046K(1826304K), 0.0787529 secs] [Times: user=0.39 sys=0.00, real=0.08 secs] 
5235.265: [GC (Allocation Failure) [PSYoungGen: 427607K->191893K(465920K)] 911126K->735624K(1864192K), 0.0576734 secs] [Times: user=0.29 sys=0.00, real=0.06 secs] 
5236.543: [GC (Allocation Failure) [PSYoungGen: 424853K->94779K(465920K)] 968584K->710645K(1864192K), 0.0842917 secs] [Times: user=0.45 sys=0.01, real=0.08 secs] 
5237.850: [GC (Allocation Failure) [PSYoungGen: 327739K->172660K(465920K)] 943605K->818792K(1864192K), 0.0619589 secs] [Times: user=0.27 sys=0.00, real=0.07 secs] 
5238.130: [GC (Allocation Failure) [PSYoungGen: 405620K->185334K(465920K)] 1051752K->885641K(1864192K), 0.0468689 secs] [Times: user=0.22 sys=0.00, real=0.04 secs] 
5238.288: [GC (Allocation Failure) [PSYoungGen: 418294K->187765K(465920K)] 1118601K->944280K(1864192K), 0.0465772 secs] [Times: user=0.22 sys=0.00, real=0.05 secs] 
5239.227: [GC (Allocation Failure) [PSYoungGen: 420725K->141073K(465920K)] 1177240K->968381K(1864192K), 0.0506178 secs] [Times: user=0.26 sys=0.00, real=0.05 secs] 
5239.965: [GC (Allocation Failure) [PSYoungGen: 374033K->133199K(465920K)] 1201341K->1005307K(1864192K), 0.1664310 secs] [Times: user=0.93 sys=0.00, real=0.17 secs] 
5240.927: [GC (Allocation Failure) [PSYoungGen: 366159K->178965K(465920K)] 1238267K->1093917K(1864192K), 0.0541214 secs] [Times: user=0.25 sys=0.00, real=0.06 secs] 
5241.156: [GC (Allocation Failure) [PSYoungGen: 411925K->183062K(465920K)] 1326877K->1160367K(1864192K), 0.0754715 secs] [Times: user=0.38 sys=0.00, real=0.08 secs] 
5241.360: [GC (Allocation Failure) [PSYoungGen: 416022K->187509K(465920K)] 1393327K->1223285K(1864192K), 0.0571437 secs] [Times: user=0.28 sys=0.00, real=0.05 secs] 
5242.428: [GC (Allocation Failure) [PSYoungGen: 420469K->99356K(465920K)] 1456245K->1205812K(1864192K), 0.0440485 secs] [Times: user=0.22 sys=0.00, real=0.05 secs] 
5243.187: [GC (Allocation Failure) [PSYoungGen: 332316K->176437K(465920K)] 1438772K->1314674K(1864192K), 0.0533069 secs] [Times: user=0.24 sys=0.00, real=0.06 secs] 
5243.395: [GC (Allocation Failure) [PSYoungGen: 409397K->185366K(465920K)] 1547634K->1379031K(1864192K), 0.0442301 secs] [Times: user=0.20 sys=0.00, real=0.04 secs] 
5243.553: [GC (Allocation Failure) [PSYoungGen: 418326K->187413K(465920K)] 1611991K->1437222K(1864192K), 0.0462743 secs] [Times: user=0.22 sys=0.00, real=0.04 secs] 
5244.535: [GC (Allocation Failure) [PSYoungGen: 420373K->131280K(465920K)] 1670182K->1451753K(1864192K), 0.0494537 secs] [Times: user=0.25 sys=0.00, real=0.05 secs] 
5244.584: [Full GC (Ergonomics) [PSYoungGen: 131280K->0K(465920K)] [ParOldGen: 1320473K->342693K(1398272K)] 1451753K->342693K(1864192K), [Metaspace: 59598K->59598K(1105920K)], 0.5734317 secs] [Times: user=2.49 sys=0.00, real=0.57 secs] 
5245.699: [GC (Allocation Failure) [PSYoungGen: 232960K->141232K(465920K)] 575653K->483926K(1864192K), 0.0245721 secs] [Times: user=0.09 sys=0.00, real=0.03 secs] 
5246.580: [GC (Allocation Failure) [PSYoungGen: 374192K->176436K(465920K)] 716886K->564055K(1864192K), 0.0526335 secs] [Times: user=0.24 sys=0.00, real=0.05 secs] 
5246.762: [GC (Allocation Failure) [PSYoungGen: 409396K->185623K(465920K)] 797015K->635241K(1864192K), 0.0484584 secs] [Times: user=0.23 sys=0.00, real=0.05 secs] 
5246.924: [GC (Allocation Failure) [PSYoungGen: 418583K->184180K(465920K)] 868201K->692743K(1864192K), 0.0565304 secs] [Times: user=0.28 sys=0.00, real=0.06 secs] 
5248.103: [GC (Allocation Failure) [PSYoungGen: 417140K->100204K(465920K)] 925703K->678182K(1864192K), 0.0565210 secs] [Times: user=0.30 sys=0.00, real=0.06 secs] 
5249.760: [GC (Allocation Failure) [PSYoungGen: 333164K->174581K(465920K)] 911142K->784332K(1864192K), 0.0477852 secs] [Times: user=0.21 sys=0.00, real=0.04 secs] 
5249.950: [GC (Allocation Failure) [PSYoungGen: 407541K->185398K(465920K)] 1017292K->849493K(1864192K), 0.0431238 secs] [Times: user=0.19 sys=0.00, real=0.05 secs] 
5250.129: [GC (Allocation Failure) [PSYoungGen: 418358K->185109K(465920K)] 1082453K->905356K(1864192K), 0.0590387 secs] [Times: user=0.28 sys=0.01, real=0.06 secs] 
5251.159: [GC (Allocation Failure) [PSYoungGen: 418069K->130736K(465920K)] 1138316K->920831K(1864192K), 0.0480769 secs] [Times: user=0.24 sys=0.00, real=0.05 secs] 
5252.619: [GC (Allocation Failure) [PSYoungGen: 360295K->141169K(465920K)] 1150391K->972584K(1864192K), 0.1405063 secs] [Times: user=0.78 sys=0.00, real=0.14 secs] 
5253.314: [GC (Allocation Failure) [PSYoungGen: 374129K->177013K(465920K)] 1205544K->1053689K(1864192K), 0.0520678 secs] [Times: user=0.25 sys=0.00, real=0.05 secs] 
5253.491: [GC (Allocation Failure) [PSYoungGen: 409973K->185591K(465920K)] 1286649K->1124067K(1864192K), 0.0496167 secs] [Times: user=0.23 sys=0.01, real=0.05 secs] 
5253.689: [GC (Allocation Failure) [PSYoungGen: 418551K->184372K(465920K)] 1357027K->1181825K(1864192K), 0.0758214 secs] [Times: user=0.39 sys=0.00, real=0.08 secs] 
5254.966: [GC (Allocation Failure) [PSYoungGen: 417332K->98251K(465920K)] 1414785K->1165312K(1864192K), 0.0738080 secs] [Times: user=0.39 sys=0.00, real=0.08 secs] 
5256.138: [GC (Allocation Failure) [PSYoungGen: 331211K->170356K(465920K)] 1398272K->1269054K(1864192K), 0.0606110 secs] [Times: user=0.28 sys=0.00, real=0.06 secs] 
5256.386: [GC (Allocation Failure) [PSYoungGen: 403316K->185590K(465920K)] 1502014K->1338179K(1864192K), 0.0450627 secs] [Times: user=0.21 sys=0.00, real=0.05 secs] 
5256.545: [GC (Allocation Failure) [PSYoungGen: 418550K->187637K(465920K)] 1571139K->1396419K(1864192K), 0.0482103 secs] [Times: user=0.23 sys=0.01, real=0.05 secs] 
5257.546: [GC (Allocation Failure) [PSYoungGen: 420597K->132304K(465920K)] 1629379K->1411890K(1864192K), 0.0518015 secs] [Times: user=0.26 sys=0.00, real=0.05 secs] 
5258.271: [GC (Allocation Failure) [PSYoungGen: 361394K->141697K(465920K)] 1640980K->1463142K(1864192K), 0.1198982 secs] [Times: user=0.65 sys=0.01, real=0.12 secs] 
5258.391: [Full GC (Ergonomics) [PSYoungGen: 141697K->0K(465920K)] [ParOldGen: 1321445K->157483K(1398272K)] 1463142K->157483K(1864192K), [Metaspace: 59599K->59599K(1105920K)], 0.1879758 secs] [Times: user=0.84 sys=0.00, real=0.18 secs] 
5259.274: [GC (GCLocker Initiated GC) [PSYoungGen: 232960K->171188K(460800K)] 390443K->328671K(1859072K), 0.0296944 secs] [Times: user=0.11 sys=0.00, real=0.03 secs] 
5259.471: [GC (Allocation Failure) [PSYoungGen: 404148K->184823K(463360K)] 561798K->402789K(1861632K), 0.0652540 secs] [Times: user=0.31 sys=0.01, real=0.06 secs] 
5259.719: [GC (Allocation Failure) [PSYoungGen: 417783K->187637K(464896K)] 635749K->464235K(1863168K), 0.0805768 secs] [Times: user=0.41 sys=0.00, real=0.08 secs] 
5260.746: [GC (Allocation Failure) [PSYoungGen: 420597K->95867K(465920K)] 697195K->443289K(1864192K), 0.0577847 secs] [Times: user=0.30 sys=0.00, real=0.06 secs] 
5261.648: [GC (Allocation Failure) [PSYoungGen: 328827K->175637K(465920K)] 676249K->553456K(1864192K), 0.0550971 secs] [Times: user=0.24 sys=0.01, real=0.06 secs] 
5261.863: [GC (Allocation Failure) [PSYoungGen: 408597K->182677K(465920K)] 786416K->615352K(1864192K), 0.0425728 secs] [Times: user=0.20 sys=0.00, real=0.04 secs] 
5262.019: [GC (Allocation Failure) [PSYoungGen: 415637K->187509K(465920K)] 848312K->675640K(1864192K), 0.0452367 secs] [Times: user=0.21 sys=0.00, real=0.05 secs] 
5262.987: [GC (Allocation Failure) [PSYoungGen: 420469K->135056K(465920K)] 908600K->693903K(1864192K), 0.0483660 secs] [Times: user=0.24 sys=0.00, real=0.05 secs] 
5263.542: [GC (Allocation Failure) [PSYoungGen: 365302K->141457K(465920K)] 924149K->743156K(1864192K), 0.1086185 secs] [Times: user=0.59 sys=0.00, real=0.11 secs] 
5263.959: [GC (Allocation Failure) [PSYoungGen: 374417K->180117K(465920K)] 976116K->827081K(1864192K), 0.0395872 secs] [Times: user=0.18 sys=0.00, real=0.04 secs] 
5264.114: [GC (Allocation Failure) [PSYoungGen: 413077K->182262K(465920K)] 1060041K->900202K(1864192K), 0.0495147 secs] [Times: user=0.23 sys=0.00, real=0.05 secs] 
5264.314: [GC (Allocation Failure) [PSYoungGen: 415222K->187637K(465920K)] 1133162K->963465K(1864192K), 0.0810536 secs] [Times: user=0.41 sys=0.01, real=0.08 secs] 
5265.640: [GC (Allocation Failure) [PSYoungGen: 420597K->95771K(465920K)] 1196425K->942271K(1864192K), 0.1037413 secs] [Times: user=0.57 sys=0.00, real=0.10 secs] 
5266.540: [GC (Allocation Failure) [PSYoungGen: 328731K->179029K(465920K)] 1175231K->1056250K(1864192K), 0.0516521 secs] [Times: user=0.23 sys=0.00, real=0.05 secs] 
5266.740: [GC (Allocation Failure) [PSYoungGen: 411989K->185430K(465920K)] 1289210K->1118399K(1864192K), 0.0444544 secs] [Times: user=0.20 sys=0.00, real=0.04 secs] 
5266.896: [GC (Allocation Failure) [PSYoungGen: 418390K->187701K(465920K)] 1351359K->1176966K(1864192K), 0.0466236 secs] [Times: user=0.21 sys=0.00, real=0.05 secs] 
5267.894: [GC (Allocation Failure) [PSYoungGen: 420661K->122127K(465920K)] 1409926K->1182136K(1864192K), 0.0483230 secs] [Times: user=0.24 sys=0.00, real=0.05 secs] 
5269.992: [GC (Allocation Failure) [PSYoungGen: 355087K->143761K(465920K)] 1415096K->1242498K(1864192K), 0.1456278 secs] [Times: user=0.80 sys=0.01, real=0.14 secs] 
5270.777: [GC (Allocation Failure) [PSYoungGen: 376721K->180853K(465920K)] 1475458K->1324795K(1864192K), 0.0556637 secs] [Times: user=0.26 sys=0.00, real=0.06 secs] 
5270.961: [GC (Allocation Failure) [PSYoungGen: 413813K->186039K(465920K)] 1557755K->1393093K(1864192K), 0.0514844 secs] [Times: user=0.24 sys=0.00, real=0.05 secs] 
5271.149: [GC (Allocation Failure) [PSYoungGen: 418999K->187317K(465920K)] 1626053K->1453443K(1864192K), 0.0666266 secs] [Times: user=0.33 sys=0.00, real=0.07 secs] 
5272.172: [GC (Allocation Failure) [PSYoungGen: 420277K->96267K(465920K)] 1686403K->1432913K(1864192K), 0.0450157 secs] [Times: user=0.23 sys=0.00, real=0.04 secs] 
5272.217: [Full GC (Ergonomics) [PSYoungGen: 96267K->0K(465920K)] [ParOldGen: 1336646K->102696K(1398272K)] 1432913K->102696K(1864192K), [Metaspace: 59599K->59599K(1105920K)], 0.0767294 secs] [Times: user=0.30 sys=0.00, real=0.08 secs] 
5273.929: [GC (Allocation Failure) [PSYoungGen: 232960K->174421K(465920K)] 335656K->277117K(1864192K), 0.0412465 secs] [Times: user=0.16 sys=0.00, real=0.05 secs] 
5274.182: [GC (Allocation Failure) [PSYoungGen: 407381K->185814K(465920K)] 510077K->343103K(1864192K), 0.0575008 secs] [Times: user=0.27 sys=0.00, real=0.05 secs] 
5274.366: [GC (Allocation Failure) [PSYoungGen: 418774K->181972K(465920K)] 576063K->395541K(1864192K), 0.0441000 secs] [Times: user=0.21 sys=0.00, real=0.05 secs] 
5275.415: [GC (Allocation Failure) [PSYoungGen: 414932K->127087K(465920K)] 628501K->409192K(1864192K), 0.0469606 secs] [Times: user=0.23 sys=0.00, real=0.05 secs] 
5276.552: [GC (Allocation Failure) [PSYoungGen: 360047K->148577K(465920K)] 642152K->470978K(1864192K), 0.1365944 secs] [Times: user=0.74 sys=0.00, real=0.13 secs] 
5276.920: [GC (Allocation Failure) [PSYoungGen: 381537K->182261K(465920K)] 703938K->551542K(1864192K), 0.0396335 secs] [Times: user=0.17 sys=0.00, real=0.04 secs] 
5277.079: [GC (Allocation Failure) [PSYoungGen: 415221K->185815K(465920K)] 784502K->619040K(1864192K), 0.0488416 secs] [Times: user=0.22 sys=0.00, real=0.05 secs] 
5277.280: [GC (Allocation Failure) [PSYoungGen: 418775K->187221K(465920K)] 852000K->679198K(1864192K), 0.0812455 secs] [Times: user=0.42 sys=0.00, real=0.09 secs] 
5278.401: [GC (Allocation Failure) [PSYoungGen: 420181K->98235K(465920K)] 912158K->660849K(1864192K), 0.0531974 secs] [Times: user=0.27 sys=0.00, real=0.05 secs] 
5279.385: [GC (Allocation Failure) [PSYoungGen: 331195K->172820K(465920K)] 893809K->766606K(1864192K), 0.0578697 secs] [Times: user=0.26 sys=0.00, real=0.06 secs] 
5279.606: [GC (Allocation Failure) [PSYoungGen: 405780K->185494K(465920K)] 999566K->833624K(1864192K), 0.0428245 secs] [Times: user=0.19 sys=0.00, real=0.04 secs] 
5279.762: [GC (Allocation Failure) [PSYoungGen: 418454K->187381K(465920K)] 1066584K->891855K(1864192K), 0.0455426 secs] [Times: user=0.22 sys=0.00, real=0.04 secs] 
5280.758: [GC (Allocation Failure) [PSYoungGen: 420341K->116894K(465920K)] 1124815K->891912K(1864192K), 0.0468380 secs] [Times: user=0.24 sys=0.01, real=0.05 secs] 
5281.329: [GC (Allocation Failure) [PSYoungGen: 349854K->160307K(465920K)] 1124872K->973002K(1864192K), 0.0897143 secs] [Times: user=0.47 sys=0.00, real=0.09 secs] 
5281.643: [GC (Allocation Failure) [PSYoungGen: 393267K->181973K(465920K)] 1205962K->1044888K(1864192K), 0.0417023 secs] [Times: user=0.18 sys=0.00, real=0.04 secs] 
5281.803: [GC (Allocation Failure) [PSYoungGen: 414933K->186007K(465920K)] 1277848K->1112274K(1864192K), 0.0508336 secs] [Times: user=0.24 sys=0.00, real=0.05 secs] 
5281.968: [GC (Allocation Failure) [PSYoungGen: 418902K->187093K(465920K)] 1345169K->1172288K(1864192K), 0.0576935 secs] [Times: user=0.28 sys=0.00, real=0.06 secs] 
5283.724: [GC (Allocation Failure) [PSYoungGen: 420053K->91786K(465920K)] 1405248K->1147510K(1864192K), 0.1184246 secs] [Times: user=0.65 sys=0.00, real=0.12 secs] 
5284.365: [GC (Allocation Failure) [PSYoungGen: 324746K->180533K(465920K)] 1380470K->1265337K(1864192K), 0.0478396 secs] [Times: user=0.21 sys=0.00, real=0.05 secs] 
5284.546: [GC (Allocation Failure) [PSYoungGen: 413493K->185622K(465920K)] 1498297K->1327026K(1864192K), 0.0441930 secs] [Times: user=0.20 sys=0.00, real=0.05 secs] 
5284.703: [GC (Allocation Failure) [PSYoungGen: 418582K->187381K(465920K)] 1559986K->1385025K(1864192K), 0.0463638 secs] [Times: user=0.22 sys=0.00, real=0.04 secs] 
5285.798: [GC (Allocation Failure) [PSYoungGen: 420341K->106172K(465920K)] 1617985K->1374469K(1864192K), 0.0462308 secs] [Times: user=0.23 sys=0.00, real=0.05 secs] 
5287.091: [GC (Allocation Failure) [PSYoungGen: 339132K->163859K(465920K)] 1607429K->1466168K(1864192K), 0.1200695 secs] [Times: user=0.62 sys=0.00, real=0.12 secs] 
5287.497: [GC (Allocation Failure) [PSYoungGen: 396819K->185046K(465920K)] 1699128K->1538931K(1864192K), 0.0442183 secs] [Times: user=0.20 sys=0.01, real=0.05 secs] 
5287.541: [Full GC (Ergonomics) [PSYoungGen: 185046K->0K(465920K)] [ParOldGen: 1353885K->253828K(1398272K)] 1538931K->253828K(1864192K), [Metaspace: 59599K->59599K(1105920K)], 0.3097262 secs] [Times: user=1.42 sys=0.00, real=0.31 secs] 
5287.966: [GC (Allocation Failure) [PSYoungGen: 232960K->179862K(465920K)] 486788K->433690K(1864192K), 0.0760837 secs] [Times: user=0.40 sys=0.00, real=0.08 secs] 
5288.154: [GC (Allocation Failure) [PSYoungGen: 412822K->204309K(465920K)] 666650K->515889K(1864192K), 0.0554894 secs] [Times: user=0.27 sys=0.00, real=0.05 secs] 
5289.353: [GC (Allocation Failure) [PSYoungGen: 437269K->96475K(465920K)] 748849K->479167K(1864192K), 0.0574774 secs] [Times: user=0.30 sys=0.00, real=0.06 secs] 
5290.233: [GC (Allocation Failure) [PSYoungGen: 329435K->176885K(465920K)] 712127K->589906K(1864192K), 0.0535063 secs] [Times: user=0.24 sys=0.00, real=0.05 secs] 
5290.489: [GC (Allocation Failure) [PSYoungGen: 409845K->185270K(465920K)] 822866K->654303K(1864192K), 0.0569875 secs] [Times: user=0.27 sys=0.00, real=0.06 secs] 
5290.663: [GC (Allocation Failure) [PSYoungGen: 418230K->187797K(465920K)] 887263K->713134K(1864192K), 0.0450064 secs] [Times: user=0.20 sys=0.00, real=0.04 secs] 
5291.641: [GC (GCLocker Initiated GC) [PSYoungGen: 420757K->107709K(465920K)] 946095K->703991K(1864192K), 0.0459249 secs] [Times: user=0.24 sys=0.00, real=0.04 secs] 
5292.632: [GC (Allocation Failure) [PSYoungGen: 340669K->167700K(465920K)] 937118K->798553K(1864192K), 0.0739213 secs] [Times: user=0.37 sys=0.00, real=0.07 secs] 
5292.878: [GC (Allocation Failure) [PSYoungGen: 400660K->185238K(465920K)] 1031513K->868811K(1864192K), 0.0425711 secs] [Times: user=0.19 sys=0.00, real=0.05 secs] 
5293.065: [GC (Allocation Failure) [PSYoungGen: 418198K->183222K(465920K)] 1101771K->931092K(1864192K), 0.0703026 secs] [Times: user=0.35 sys=0.00, real=0.07 secs] 
5293.273: [GC (Allocation Failure) [PSYoungGen: 416182K->187125K(465920K)] 1164052K->993603K(1864192K), 0.0558402 secs] [Times: user=0.27 sys=0.00, real=0.05 secs] 
5294.386: [GC (Allocation Failure) [PSYoungGen: 420085K->95451K(465920K)] 1226563K->972401K(1864192K), 0.0615568 secs] [Times: user=0.32 sys=0.00, real=0.06 secs] 
5295.018: [GC (Allocation Failure) [PSYoungGen: 328411K->180021K(465920K)] 1205361K->1087072K(1864192K), 0.0521467 secs] [Times: user=0.24 sys=0.00, real=0.06 secs] 
5295.211: [GC (Allocation Failure) [PSYoungGen: 412981K->185590K(465920K)] 1320032K->1149012K(1864192K), 0.0443020 secs] [Times: user=0.20 sys=0.00, real=0.04 secs] 
5295.367: [GC (Allocation Failure) [PSYoungGen: 418550K->183668K(465920K)] 1381972K->1203403K(1864192K), 0.0456792 secs] [Times: user=0.22 sys=0.00, real=0.05 secs] 
5296.401: [GC (Allocation Failure) [PSYoungGen: 416628K->107613K(465920K)] 1436363K->1196459K(1864192K), 0.0460299 secs] [Times: user=0.23 sys=0.00, real=0.04 secs] 
5297.619: [GC (Allocation Failure) [PSYoungGen: 340573K->169812K(465920K)] 1429419K->1293128K(1864192K), 0.1240120 secs] [Times: user=0.64 sys=0.00, real=0.13 secs] 
5297.953: [GC (Allocation Failure) [PSYoungGen: 402772K->179285K(465920K)] 1526088K->1355981K(1864192K), 0.0439095 secs] [Times: user=0.20 sys=0.00, real=0.04 secs] 
5298.138: [GC (Allocation Failure) [PSYoungGen: 412245K->186103K(465920K)] 1588941K->1425935K(1864192K), 0.0664615 secs] [Times: user=0.33 sys=0.00, real=0.07 secs] 
5298.763: [GC (Allocation Failure) [PSYoungGen: 419063K->217524K(465920K)] 1658895K->1516556K(1864192K), 0.0530385 secs] [Times: user=0.26 sys=0.00, real=0.05 secs] 
5299.505: [GC (Allocation Failure) [PSYoungGen: 450484K->105900K(465920K)] 1749516K->1473484K(1864192K), 0.0794569 secs] [Times: user=0.42 sys=0.00, real=0.08 secs] 
5299.584: [Full GC (Ergonomics) [PSYoungGen: 105900K->0K(465920K)] [ParOldGen: 1367583K->122609K(1398272K)] 1473484K->122609K(1864192K), [Metaspace: 59599K->59599K(1105920K)], 0.1662902 secs] [Times: user=0.72 sys=0.01, real=0.17 secs] 
5300.512: [GC (Allocation Failure) [PSYoungGen: 232089K->177173K(465920K)] 354698K->299782K(1864192K), 0.0360762 secs] [Times: user=0.14 sys=0.00, real=0.03 secs] 
5300.695: [GC (Allocation Failure) [PSYoungGen: 410115K->180085K(465920K)] 532724K->358294K(1864192K), 0.0406420 secs] [Times: user=0.18 sys=0.00, real=0.04 secs] 
5300.879: [GC (Allocation Failure) [PSYoungGen: 412947K->187349K(465920K)] 591156K->420654K(1864192K), 0.0647573 secs] [Times: user=0.32 sys=0.00, real=0.07 secs] 
5301.903: [GC (Allocation Failure) [PSYoungGen: 420309K->105052K(465920K)] 653614K->409018K(1864192K), 0.0444821 secs] [Times: user=0.23 sys=0.00, real=0.04 secs] 
5302.593: [GC (Allocation Failure) [PSYoungGen: 338012K->172660K(465920K)] 641978K->510227K(1864192K), 0.0676656 secs] [Times: user=0.32 sys=0.00, real=0.07 secs] 
5302.815: [GC (Allocation Failure) [PSYoungGen: 405620K->185398K(465920K)] 743187K->577428K(1864192K), 0.0424499 secs] [Times: user=0.19 sys=0.00, real=0.04 secs] 
5302.976: [GC (Allocation Failure) [PSYoungGen: 418358K->184791K(465920K)] 810388K->641157K(1864192K), 0.0495365 secs] [Times: user=0.23 sys=0.00, real=0.05 secs] 
5303.870: [GC (Allocation Failure) [PSYoungGen: 413751K->206195K(465920K)] 870117K->721321K(1864192K), 0.0555600 secs] [Times: user=0.28 sys=0.00, real=0.06 secs] 
5304.655: [GC (GCLocker Initiated GC) [PSYoungGen: 439155K->102364K(465920K)] 954282K->682235K(1864192K), 0.1085138 secs] [Times: user=0.59 sys=0.01, real=0.11 secs] 
5305.648: [GC (Allocation Failure) [PSYoungGen: 335324K->180726K(465920K)] 915361K->793108K(1864192K), 0.0530006 secs] [Times: user=0.24 sys=0.00, real=0.06 secs] 
5305.841: [GC (Allocation Failure) [PSYoungGen: 413686K->179637K(465920K)] 1026068K->848168K(1864192K), 0.0430857 secs] [Times: user=0.19 sys=0.00, real=0.04 secs] 
5305.996: [GC (Allocation Failure) [PSYoungGen: 412597K->187605K(465920K)] 1081128K->911048K(1864192K), 0.0450632 secs] [Times: user=0.20 sys=0.01, real=0.05 secs] 
5306.994: [GC (Allocation Failure) [PSYoungGen: 420565K->105740K(465920K)] 1144008K->900087K(1864192K), 0.0448362 secs] [Times: user=0.23 sys=0.01, real=0.04 secs] 
5308.243: [GC (Allocation Failure) [PSYoungGen: 338700K->171636K(465920K)] 1133047K->999648K(1864192K), 0.0782382 secs] [Times: user=0.39 sys=0.01, real=0.08 secs] 
5308.521: [GC (Allocation Failure) [PSYoungGen: 404596K->182613K(465920K)] 1232608K->1064409K(1864192K), 0.0477029 secs] [Times: user=0.22 sys=0.00, real=0.04 secs] 
5308.686: [GC (Allocation Failure) [PSYoungGen: 415573K->186103K(465920K)] 1297369K->1131514K(1864192K), 0.0507870 secs] [Times: user=0.24 sys=0.00, real=0.05 secs] 
5309.577: [GC (Allocation Failure) [PSYoungGen: 419063K->169907K(465920K)] 1364474K->1174366K(1864192K), 0.0569043 secs] [Times: user=0.29 sys=0.00, real=0.06 secs] 
5310.447: [GC (Allocation Failure) [PSYoungGen: 402867K->107932K(465920K)] 1407326K->1177480K(1864192K), 0.1259327 secs] [Times: user=0.69 sys=0.01, real=0.13 secs] 
5311.236: [GC (Allocation Failure) [PSYoungGen: 337279K->175413K(465920K)] 1406826K->1279410K(1864192K), 0.0529995 secs] [Times: user=0.24 sys=0.00, real=0.05 secs] 
5311.486: [GC (Allocation Failure) [PSYoungGen: 408373K->185046K(465920K)] 1512370K->1343466K(1864192K), 0.0583788 secs] [Times: user=0.28 sys=0.00, real=0.06 secs] 
5311.712: [GC (Allocation Failure) [PSYoungGen: 418006K->187381K(465920K)] 1576426K->1401722K(1864192K), 0.0670682 secs] [Times: user=0.33 sys=0.00, real=0.06 secs] 
5312.739: [GC (Allocation Failure) [PSYoungGen: 420341K->102028K(465920K)] 1634682K->1386925K(1864192K), 0.0553587 secs] [Times: user=0.29 sys=0.00, real=0.06 secs] 
5313.941: [GC (Allocation Failure) [PSYoungGen: 334988K->171988K(465920K)] 1619885K->1489690K(1864192K), 0.0810937 secs] [Times: user=0.40 sys=0.00, real=0.08 secs] 
5314.022: [Full GC (Ergonomics) [PSYoungGen: 171988K->0K(465920K)] [ParOldGen: 1317701K->196320K(1398272K)] 1489690K->196320K(1864192K), [Metaspace: 59602K->59602K(1105920K)], 0.2419190 secs] [Times: user=1.17 sys=0.00, real=0.24 secs] 
5314.376: [GC (Allocation Failure) [PSYoungGen: 232960K->179989K(465920K)] 429280K->376309K(1864192K), 0.0316470 secs] [Times: user=0.12 sys=0.00, real=0.03 secs] 
5314.526: [GC (Allocation Failure) [PSYoungGen: 412949K->185975K(465920K)] 609269K->445447K(1864192K), 0.0432936 secs] [Times: user=0.19 sys=0.00, real=0.04 secs] 
5315.427: [GC (Allocation Failure) [PSYoungGen: 418935K->170163K(464896K)] 678407K->488707K(1863168K), 0.0576708 secs] [Times: user=0.29 sys=0.00, real=0.06 secs] 
5315.948: [GC (GCLocker Initiated GC) [PSYoungGen: 403123K->110685K(465408K)] 721667K->494429K(1863680K), 0.0412470 secs] [Times: user=0.21 sys=0.01, real=0.04 secs] 
5316.643: [GC (Allocation Failure) [PSYoungGen: 343645K->173493K(465920K)] 735584K->600758K(1864192K), 0.1338622 secs] [Times: user=0.74 sys=0.00, real=0.13 secs] 
5316.898: [GC (Allocation Failure) [PSYoungGen: 406453K->185431K(465920K)] 833718K->668291K(1864192K), 0.1644041 secs] [Times: user=0.93 sys=0.00, real=0.17 secs] 
5317.177: [GC (Allocation Failure) [PSYoungGen: 418391K->187125K(465920K)] 901251K->728794K(1864192K), 0.0581202 secs] [Times: user=0.29 sys=0.00, real=0.06 secs] 
5318.231: [GC (Allocation Failure) [PSYoungGen: 420085K->100844K(465920K)] 961754K->712980K(1864192K), 0.0460150 secs] [Times: user=0.24 sys=0.00, real=0.04 secs] 
5318.980: [GC (Allocation Failure) [PSYoungGen: 333804K->176565K(465920K)] 945940K->821011K(1864192K), 0.0589009 secs] [Times: user=0.24 sys=0.00, real=0.05 secs] 
5319.192: [GC (Allocation Failure) [PSYoungGen: 409525K->182485K(465920K)] 1053971K->882487K(1864192K), 0.0432507 secs] [Times: user=0.20 sys=0.00, real=0.04 secs] 
5319.347: [GC (Allocation Failure) [PSYoungGen: 415445K->187733K(465920K)] 1115447K->943351K(1864192K), 0.0458243 secs] [Times: user=0.21 sys=0.00, real=0.05 secs] 
5320.345: [GC (Allocation Failure) [PSYoungGen: 420693K->150098K(465920K)] 1176311K->976212K(1864192K), 0.0514663 secs] [Times: user=0.25 sys=0.00, real=0.05 secs] 
5321.004: [GC (Allocation Failure) [PSYoungGen: 383058K->126479K(465920K)] 1209172K->1000237K(1864192K), 0.1410532 secs] [Times: user=0.78 sys=0.00, real=0.14 secs] 
5321.476: [GC (Allocation Failure) [PSYoungGen: 359439K->179541K(465920K)] 1233197K->1093400K(1864192K), 0.0388143 secs] [Times: user=0.17 sys=0.01, real=0.04 secs] 
5321.658: [GC (Allocation Failure) [PSYoungGen: 412501K->185879K(465920K)] 1326360K->1162317K(1864192K), 0.0558310 secs] [Times: user=0.27 sys=0.00, real=0.06 secs] 
5321.862: [GC (Allocation Failure) [PSYoungGen: 418839K->187157K(465920K)] 1395277K->1222692K(1864192K), 0.0740541 secs] [Times: user=0.38 sys=0.00, real=0.07 secs] 
5322.878: [GC (GCLocker Initiated GC) [PSYoungGen: 420117K->95419K(465920K)] 1455653K->1201619K(1864192K), 0.0470094 secs] [Times: user=0.25 sys=0.00, real=0.05 secs] 
5324.396: [GC (Allocation Failure) [PSYoungGen: 328379K->167764K(465920K)] 1434581K->1304027K(1864192K), 0.0622508 secs] [Times: user=0.28 sys=0.00, real=0.06 secs] 
5324.634: [GC (Allocation Failure) [PSYoungGen: 400724K->185398K(465920K)] 1536987K->1374561K(1864192K), 0.0439651 secs] [Times: user=0.19 sys=0.00, real=0.04 secs] 
5324.839: [GC (Allocation Failure) [PSYoungGen: 418358K->187669K(465920K)] 1607521K->1432856K(1864192K), 0.0660737 secs] [Times: user=0.33 sys=0.00, real=0.07 secs] 
5325.879: [GC (Allocation Failure) [PSYoungGen: 420629K->146226K(465920K)] 1665816K->1462121K(1864192K), 0.0518463 secs] [Times: user=0.26 sys=0.00, real=0.06 secs] 
5325.931: [Full GC (Ergonomics) [PSYoungGen: 146226K->0K(465920K)] [ParOldGen: 1315895K->352669K(1398272K)] 1462121K->352669K(1864192K), [Metaspace: 59602K->59602K(1105920K)], 0.5756843 secs] [Times: user=2.51 sys=0.00, real=0.57 secs] 
5328.090: [GC (Allocation Failure) [PSYoungGen: 232960K->122686K(465920K)] 585629K->475356K(1864192K), 0.0521633 secs] [Times: user=0.21 sys=0.00, real=0.06 secs] 
5328.843: [GC (Allocation Failure) [PSYoungGen: 355646K->179669K(465920K)] 708316K->571308K(1864192K), 0.0524727 secs] [Times: user=0.24 sys=0.00, real=0.05 secs] 
5329.027: [GC (Allocation Failure) [PSYoungGen: 412629K->185879K(465920K)] 804268K->640042K(1864192K), 0.0488681 secs] [Times: user=0.22 sys=0.00, real=0.05 secs] 
5329.185: [GC (Allocation Failure) [PSYoungGen: 418839K->184693K(465920K)] 873002K->697767K(1864192K), 0.0592378 secs] [Times: user=0.28 sys=0.00, real=0.06 secs] 
5330.197: [GC (Allocation Failure) [PSYoungGen: 417653K->100236K(465920K)] 930727K->683127K(1864192K), 0.0436373 secs] [Times: user=0.22 sys=0.00, real=0.05 secs] 
5332.056: [GC (Allocation Failure) [PSYoungGen: 333196K->166004K(465920K)] 916087K->780523K(1864192K), 0.0601684 secs] [Times: user=0.26 sys=0.01, real=0.06 secs] 
5332.293: [GC (Allocation Failure) [PSYoungGen: 398964K->185718K(465920K)] 1013483K->852502K(1864192K), 0.0418579 secs] [Times: user=0.18 sys=0.00, real=0.04 secs] 
5332.447: [GC (Allocation Failure) [PSYoungGen: 418678K->187861K(465920K)] 1085462K->910929K(1864192K), 0.0459325 secs] [Times: user=0.21 sys=0.00, real=0.05 secs] 
5333.491: [GC (Allocation Failure) [PSYoungGen: 420821K->149778K(465920K)] 1143889K->943494K(1864192K), 0.0512379 secs] [Times: user=0.25 sys=0.01, real=0.05 secs] 
5334.301: [GC (Allocation Failure) [PSYoungGen: 382738K->120654K(465920K)] 1176454K->961938K(1864192K), 0.1517680 secs] [Times: user=0.85 sys=0.00, real=0.15 secs] 
5335.284: [GC (Allocation Failure) [PSYoungGen: 353614K->176276K(465920K)] 1194898K->1055541K(1864192K), 0.0517063 secs] [Times: user=0.24 sys=0.00, real=0.05 secs] 
5335.470: [GC (Allocation Failure) [PSYoungGen: 409236K->185879K(465920K)] 1288501K->1127228K(1864192K), 0.0498561 secs] [Times: user=0.23 sys=0.00, real=0.05 secs] 
5335.634: [GC (Allocation Failure) [PSYoungGen: 418839K->187605K(465920K)] 1360188K->1187866K(1864192K), 0.0580673 secs] [Times: user=0.29 sys=0.00, real=0.06 secs] 
5336.690: [GC (Allocation Failure) [PSYoungGen: 420565K->97915K(465920K)] 1420826K->1168832K(1864192K), 0.0536713 secs] [Times: user=0.28 sys=0.00, real=0.06 secs] 
5337.355: [GC (Allocation Failure) [PSYoungGen: 330875K->175509K(465920K)] 1401792K->1277519K(1864192K), 0.0633603 secs] [Times: user=0.30 sys=0.00, real=0.06 secs] 
5337.653: [GC (Allocation Failure) [PSYoungGen: 408469K->185078K(465920K)] 1510479K->1341776K(1864192K), 0.0520824 secs] [Times: user=0.25 sys=0.00, real=0.05 secs] 
5337.824: [GC (Allocation Failure) [PSYoungGen: 418038K->184821K(465920K)] 1574736K->1397598K(1864192K), 0.0466108 secs] [Times: user=0.22 sys=0.00, real=0.05 secs] 
5338.826: [GC (Allocation Failure) [PSYoungGen: 417781K->149138K(465920K)] 1630558K->1431556K(1864192K), 0.0521528 secs] [Times: user=0.26 sys=0.00, real=0.05 secs] 
5339.380: [GC (Allocation Failure) [PSYoungGen: 382098K->129807K(465920K)] 1664516K->1459513K(1864192K), 0.1677116 secs] [Times: user=0.91 sys=0.01, real=0.17 secs] 
5339.547: [Full GC (Ergonomics) [PSYoungGen: 129807K->0K(465920K)] [ParOldGen: 1329705K->145553K(1398272K)] 1459513K->145553K(1864192K), [Metaspace: 59602K->59586K(1105920K)], 0.1630324 secs] [Times: user=0.64 sys=0.01, real=0.17 secs] 
5340.225: [GC (Allocation Failure) [PSYoungGen: 232960K->176276K(465920K)] 378513K->321830K(1864192K), 0.0257827 secs] [Times: user=0.10 sys=0.00, real=0.03 secs] 
5340.368: [GC (Allocation Failure) [PSYoungGen: 409236K->182966K(465920K)] 554790K->390052K(1864192K), 0.0476893 secs] [Times: user=0.22 sys=0.00, real=0.05 secs] 
5340.529: [GC (Allocation Failure) [PSYoungGen: 415926K->187445K(465920K)] 623012K->452730K(1864192K), 0.0563471 secs] [Times: user=0.28 sys=0.00, real=0.06 secs] 
5341.595: [GC (Allocation Failure) [PSYoungGen: 420405K->98699K(465920K)] 685690K->434549K(1864192K), 0.0443614 secs] [Times: user=0.23 sys=0.00, real=0.04 secs] 
5342.897: [GC (Allocation Failure) [PSYoungGen: 331659K->174837K(465920K)] 667509K->542115K(1864192K), 0.0613785 secs] [Times: user=0.27 sys=0.00, real=0.06 secs] 
5343.129: [GC (GCLocker Initiated GC) [PSYoungGen: 407797K->180373K(465920K)] 775076K->602172K(1864192K), 0.0420478 secs] [Times: user=0.19 sys=0.00, real=0.05 secs] 
5343.347: [GC (Allocation Failure) [PSYoungGen: 413333K->184853K(465920K)] 835135K->661422K(1864192K), 0.0616748 secs] [Times: user=0.30 sys=0.00, real=0.06 secs] 
5344.327: [GC (Allocation Failure) [PSYoungGen: 417813K->146866K(465920K)] 894382K->693108K(1864192K), 0.0501226 secs] [Times: user=0.24 sys=0.01, real=0.05 secs] 
5345.364: [GC (Allocation Failure) [PSYoungGen: 379826K->132383K(463872K)] 926068K->725121K(1862144K), 0.1442141 secs] [Times: user=0.80 sys=0.00, real=0.14 secs] 
5345.830: [GC (Allocation Failure) [PSYoungGen: 365343K->179957K(464896K)] 958081K->814816K(1863168K), 0.0393025 secs] [Times: user=0.17 sys=0.00, real=0.03 secs] 
5345.985: [GC (Allocation Failure) [PSYoungGen: 412917K->183158K(465408K)] 1047776K->880805K(1863680K), 0.0494412 secs] [Times: user=0.23 sys=0.00, real=0.05 secs] 
5346.148: [GC (Allocation Failure) [PSYoungGen: 416118K->187509K(465920K)] 1113765K->943524K(1864192K), 0.0590505 secs] [Times: user=0.29 sys=0.00, real=0.06 secs] 
5347.151: [GC (Allocation Failure) [PSYoungGen: 420469K->94891K(465920K)] 1176484K->921626K(1864192K), 0.0471478 secs] [Times: user=0.25 sys=0.00, real=0.04 secs] 
5348.414: [GC (Allocation Failure) [PSYoungGen: 327851K->178261K(465920K)] 1154586K->1035453K(1864192K), 0.0545631 secs] [Times: user=0.24 sys=0.00, real=0.05 secs] 
5348.625: [GC (Allocation Failure) [PSYoungGen: 411221K->182517K(465920K)] 1268413K->1095317K(1864192K), 0.0434131 secs] [Times: user=0.20 sys=0.01, real=0.04 secs] 
5348.781: [GC (Allocation Failure) [PSYoungGen: 415477K->187317K(465920K)] 1328277K->1155684K(1864192K), 0.0462147 secs] [Times: user=0.22 sys=0.00, real=0.04 secs] 
5349.743: [GC (Allocation Failure) [PSYoungGen: 420277K->136849K(465920K)] 1388644K->1175792K(1864192K), 0.0541498 secs] [Times: user=0.24 sys=0.00, real=0.05 secs] 
5350.723: [GC (Allocation Failure) [PSYoungGen: 369809K->139184K(465920K)] 1408752K->1221416K(1864192K), 0.1291339 secs] [Times: user=0.70 sys=0.00, real=0.13 secs] 
5351.085: [GC (Allocation Failure) [PSYoungGen: 372144K->180021K(465920K)] 1454376K->1306566K(1864192K), 0.0403659 secs] [Times: user=0.18 sys=0.00, real=0.04 secs] 
5351.241: [GC (Allocation Failure) [PSYoungGen: 412981K->182710K(465920K)] 1539526K->1371927K(1864192K), 0.0512356 secs] [Times: user=0.24 sys=0.00, real=0.05 secs] 
5351.407: [GC (Allocation Failure) [PSYoungGen: 415670K->187509K(465920K)] 1604887K->1434990K(1864192K), 0.0593012 secs] [Times: user=0.30 sys=0.00, real=0.06 secs] 
5352.571: [GC (Allocation Failure) [PSYoungGen: 420469K->97723K(465920K)] 1667950K->1415988K(1864192K), 0.0532469 secs] [Times: user=0.28 sys=0.00, real=0.05 secs] 
5352.624: [Full GC (Ergonomics) [PSYoungGen: 97723K->0K(465920K)] [ParOldGen: 1318264K->101849K(1398272K)] 1415988K->101849K(1864192K), [Metaspace: 59586K->59586K(1105920K)], 0.0716577 secs] [Times: user=0.28 sys=0.00, real=0.07 secs] 
5354.129: [GC (Allocation Failure) [PSYoungGen: 232960K->170356K(465920K)] 334809K->272206K(1864192K), 0.0436719 secs] [Times: user=0.16 sys=0.00, real=0.05 secs] 
5354.350: [GC (Allocation Failure) [PSYoungGen: 403316K->185942K(465920K)] 505166K->341107K(1864192K), 0.0421536 secs] [Times: user=0.19 sys=0.00, real=0.04 secs] 
5354.500: [GC (Allocation Failure) [PSYoungGen: 418902K->184500K(465920K)] 574067K->396098K(1864192K), 0.0449051 secs] [Times: user=0.21 sys=0.00, real=0.04 secs] 
5355.516: [GC (Allocation Failure) [PSYoungGen: 417460K->133552K(465920K)] 629058K->414638K(1864192K), 0.0476544 secs] [Times: user=0.24 sys=0.00, real=0.05 secs] 
5356.702: [GC (Allocation Failure) [PSYoungGen: 365318K->141617K(465920K)] 646404K->465070K(1864192K), 0.1448067 secs] [Times: user=0.80 sys=0.00, real=0.14 secs] 
5357.354: [GC (Allocation Failure) [PSYoungGen: 374577K->175508K(408576K)] 698030K->544163K(1806848K), 0.0400910 secs] [Times: user=0.18 sys=0.01, real=0.04 secs] 
5357.513: [GC (Allocation Failure) [PSYoungGen: 408468K->185975K(462848K)] 777123K->616081K(1861120K), 0.0483583 secs] [Times: user=0.22 sys=0.00, real=0.05 secs] 
5357.674: [GC (Allocation Failure) [PSYoungGen: 417399K->186261K(464384K)] 847505K->675351K(1862656K), 0.0560246 secs] [Times: user=0.27 sys=0.00, real=0.06 secs] 
5358.704: [GC (Allocation Failure) [PSYoungGen: 417685K->97611K(465920K)] 906775K->657170K(1864192K), 0.0430851 secs] [Times: user=0.22 sys=0.00, real=0.04 secs] 
5359.950: [GC (Allocation Failure) [PSYoungGen: 330571K->169588K(465920K)] 890130K->760127K(1864192K), 0.0616202 secs] [Times: user=0.27 sys=0.00, real=0.06 secs] 
5360.243: [GC (Allocation Failure) [PSYoungGen: 402548K->185526K(465920K)] 993087K->829693K(1864192K), 0.0525837 secs] [Times: user=0.25 sys=0.00, real=0.05 secs] 
5360.430: [GC (Allocation Failure) [PSYoungGen: 418486K->187669K(465920K)] 1062653K->887969K(1864192K), 0.0595232 secs] [Times: user=0.29 sys=0.00, real=0.06 secs] 
5361.475: [GC (Allocation Failure) [PSYoungGen: 420629K->132304K(465920K)] 1120929K->903268K(1864192K), 0.0485979 secs] [Times: user=0.25 sys=0.00, real=0.05 secs] 
5361.940: [GC (Allocation Failure) [PSYoungGen: 365264K->147665K(380928K)] 1136228K->960645K(1779200K), 0.1330863 secs] [Times: user=0.72 sys=0.01, real=0.13 secs] 
5362.313: [GC (Allocation Failure) [PSYoungGen: 380625K->198101K(463872K)] 1193605K->1057702K(1862144K), 0.0409133 secs] [Times: user=0.18 sys=0.01, real=0.04 secs] 
5362.527: [GC (Allocation Failure) [PSYoungGen: 430037K->184791K(464896K)] 1289638K->1108203K(1863168K), 0.0704088 secs] [Times: user=0.34 sys=0.00, real=0.07 secs] 
5362.727: [GC (Allocation Failure) [PSYoungGen: 416727K->186581K(465920K)] 1340139K->1168713K(1864192K), 0.0562461 secs] [Times: user=0.27 sys=0.00, real=0.06 secs] 
5363.783: [GC (Allocation Failure) [PSYoungGen: 419541K->95227K(465920K)] 1401673K->1147844K(1864192K), 0.0431698 secs] [Times: user=0.22 sys=0.00, real=0.04 secs] 
5365.396: [GC (Allocation Failure) [PSYoungGen: 328187K->174901K(465920K)] 1380804K->1257674K(1864192K), 0.0632939 secs] [Times: user=0.29 sys=0.00, real=0.06 secs] 
5365.641: [GC (Allocation Failure) [PSYoungGen: 407745K->182389K(465920K)] 1490519K->1319855K(1864192K), 0.0468102 secs] [Times: user=0.21 sys=0.00, real=0.04 secs] 
5365.802: [GC (Allocation Failure) [PSYoungGen: 415349K->187797K(465920K)] 1552815K->1380687K(1864192K), 0.0490432 secs] [Times: user=0.23 sys=0.00, real=0.05 secs] 
5366.870: [GC (Allocation Failure) [PSYoungGen: 420757K->124143K(465920K)] 1613647K->1387817K(1864192K), 0.0514999 secs] [Times: user=0.27 sys=0.00, real=0.05 secs] 
5367.781: [GC (Allocation Failure) [PSYoungGen: 357103K->146177K(465920K)] 1620777K->1449139K(1864192K), 0.1216161 secs] [Times: user=0.65 sys=0.00, real=0.12 secs] 
5368.199: [GC (Allocation Failure) [PSYoungGen: 379137K->181941K(465920K)] 1682099K->1530576K(1864192K), 0.0409555 secs] [Times: user=0.19 sys=0.00, real=0.05 secs] 
5368.240: [Full GC (Ergonomics) [PSYoungGen: 181941K->0K(465920K)] [ParOldGen: 1348634K->243604K(1398272K)] 1530576K->243604K(1864192K), [Metaspace: 59586K->59586K(1105920K)], 0.2982764 secs] [Times: user=1.36 sys=0.00, real=0.29 secs] 
5368.658: [GC (Allocation Failure) [PSYoungGen: 232960K->186007K(465920K)] 476564K->429612K(1864192K), 0.0857748 secs] [Times: user=0.45 sys=0.00, real=0.09 secs] 
5368.858: [GC (Allocation Failure) [PSYoungGen: 418967K->187573K(465920K)] 662572K->490122K(1864192K), 0.0578618 secs] [Times: user=0.29 sys=0.00, real=0.06 secs] 
5369.845: [GC (Allocation Failure) [PSYoungGen: 420533K->93147K(465920K)] 723082K->466360K(1864192K), 0.0417842 secs] [Times: user=0.21 sys=0.00, real=0.04 secs] 
5371.286: [GC (Allocation Failure) [PSYoungGen: 326107K->174837K(465920K)] 699320K->577598K(1864192K), 0.0653879 secs] [Times: user=0.30 sys=0.00, real=0.07 secs] 
5371.529: [GC (Allocation Failure) [PSYoungGen: 407797K->185878K(465920K)] 810558K->643303K(1864192K), 0.0427918 secs] [Times: user=0.19 sys=0.00, real=0.05 secs] 
5371.692: [GC (Allocation Failure) [PSYoungGen: 418838K->184757K(465920K)] 876263K->698734K(1864192K), 0.0448681 secs] [Times: user=0.21 sys=0.00, real=0.04 secs] 
5372.688: [GC (Allocation Failure) [PSYoungGen: 417717K->124239K(465920K)] 931694K->707785K(1864192K), 0.0467335 secs] [Times: user=0.24 sys=0.00, real=0.05 secs] 
5373.736: [GC (Allocation Failure) [PSYoungGen: 357199K->149361K(465920K)] 940745K->772331K(1864192K), 0.1395739 secs] [Times: user=0.77 sys=0.00, real=0.14 secs] 
5374.137: [GC (Allocation Failure) [PSYoungGen: 382321K->184726K(465920K)] 1005291K->854276K(1864192K), 0.0403966 secs] [Times: user=0.18 sys=0.00, real=0.04 secs] 
5374.294: [GC (Allocation Failure) [PSYoungGen: 417686K->183158K(465920K)] 1087236K->925177K(1864192K), 0.0497352 secs] [Times: user=0.23 sys=0.01, real=0.05 secs] 
5374.458: [GC (Allocation Failure) [PSYoungGen: 416118K->187253K(465920K)] 1158137K->987640K(1864192K), 0.0558722 secs] [Times: user=0.27 sys=0.00, real=0.06 secs] 
5375.566: [GC (Allocation Failure) [PSYoungGen: 420213K->95819K(465920K)] 1220600K->966690K(1864192K), 0.0462531 secs] [Times: user=0.25 sys=0.00, real=0.05 secs] 
5376.424: [GC (Allocation Failure) [PSYoungGen: 328779K->179093K(465920K)] 1199650K->1080533K(1864192K), 0.0466827 secs] [Times: user=0.20 sys=0.00, real=0.05 secs] 
5376.610: [GC (Allocation Failure) [PSYoungGen: 412053K->185398K(465920K)] 1313493K->1142597K(1864192K), 0.0435941 secs] [Times: user=0.19 sys=0.00, real=0.05 secs] 
5376.764: [GC (Allocation Failure) [PSYoungGen: 418358K->187477K(465920K)] 1375557K->1200957K(1864192K), 0.0453134 secs] [Times: user=0.21 sys=0.00, real=0.04 secs] 
5378.070: [GC (Allocation Failure) [PSYoungGen: 420437K->112477K(465920K)] 1433917K->1196469K(1864192K), 0.0461677 secs] [Times: user=0.24 sys=0.00, real=0.04 secs] 
5379.467: [GC (Allocation Failure) [PSYoungGen: 345437K->156370K(465920K)] 1429429K->1276039K(1864192K), 0.0986877 secs] [Times: user=0.52 sys=0.00, real=0.10 secs] 
5379.817: [GC (Allocation Failure) [PSYoungGen: 389330K->185622K(465920K)] 1508999K->1354222K(1864192K), 0.0419295 secs] [Times: user=0.18 sys=0.00, real=0.04 secs] 
5379.999: [GC (Allocation Failure) [PSYoungGen: 418582K->183094K(465920K)] 1587182K->1416159K(1864192K), 0.0552027 secs] [Times: user=0.27 sys=0.00, real=0.06 secs] 
5380.214: [GC (Allocation Failure) [PSYoungGen: 416054K->187669K(465920K)] 1649119K->1478854K(1864192K), 0.0796565 secs] [Times: user=0.40 sys=0.00, real=0.08 secs] 
5381.560: [GC (Allocation Failure) [PSYoungGen: 420629K->92875K(465920K)] 1711814K->1454747K(1864192K), 0.0750737 secs] [Times: user=0.40 sys=0.00, real=0.08 secs] 
5381.635: [Full GC (Ergonomics) [PSYoungGen: 92875K->0K(465920K)] [ParOldGen: 1361872K->104676K(1398272K)] 1454747K->104676K(1864192K), [Metaspace: 59586K->59586K(1105920K)], 0.1311729 secs] [Times: user=0.55 sys=0.00, real=0.13 secs] 
5383.028: [GC (Allocation Failure) [PSYoungGen: 232960K->178197K(465920K)] 337636K->282874K(1864192K), 0.0434025 secs] [Times: user=0.17 sys=0.00, real=0.05 secs] 
5383.315: [GC (Allocation Failure) [PSYoungGen: 411157K->190613K(465920K)] 515834K->351258K(1864192K), 0.0476042 secs] [Times: user=0.22 sys=0.00, real=0.05 secs] 
5383.519: [GC (Allocation Failure) [PSYoungGen: 423573K->187733K(465920K)] 584218K->403858K(1864192K), 0.0666150 secs] [Times: user=0.32 sys=0.00, real=0.07 secs] 
5384.610: [GC (Allocation Failure) [PSYoungGen: 420693K->111805K(465920K)] 636818K->398558K(1864192K), 0.0456815 secs] [Times: user=0.23 sys=0.00, real=0.04 secs] 
5385.652: [GC (GCLocker Initiated GC) [PSYoungGen: 344765K->159955K(465920K)] 631518K->482893K(1864192K), 0.1213246 secs] [Times: user=0.64 sys=0.00, real=0.12 secs] 
5386.151: [GC (Allocation Failure) [PSYoungGen: 392915K->181653K(465920K)] 715984K->554650K(1864192K), 0.0544816 secs] [Times: user=0.25 sys=0.00, real=0.05 secs] 
5386.362: [GC (Allocation Failure) [PSYoungGen: 414613K->185751K(465920K)] 787610K->630140K(1864192K), 0.0607748 secs] [Times: user=0.30 sys=0.00, real=0.06 secs] 
5386.536: [GC (Allocation Failure) [PSYoungGen: 418711K->184468K(465920K)] 863100K->687649K(1864192K), 0.0562648 secs] [Times: user=0.28 sys=0.00, real=0.06 secs] 
5387.831: [GC (Allocation Failure) [PSYoungGen: 417428K->95803K(465920K)] 920609K->668488K(1864192K), 0.0568680 secs] [Times: user=0.30 sys=0.00, real=0.05 secs] 
5388.898: [GC (Allocation Failure) [PSYoungGen: 328763K->177269K(465920K)] 901448K->780435K(1864192K), 0.0561325 secs] [Times: user=0.25 sys=0.00, real=0.06 secs] 
5389.140: [GC (Allocation Failure) [PSYoungGen: 410229K->185462K(465920K)] 1013395K->844504K(1864192K), 0.0431728 secs] [Times: user=0.20 sys=0.00, real=0.05 secs] 
5389.316: [GC (Allocation Failure) [PSYoungGen: 418422K->187797K(465920K)] 1077464K->903007K(1864192K), 0.0502885 secs] [Times: user=0.24 sys=0.00, real=0.05 secs] 
5390.322: [GC (Allocation Failure) [PSYoungGen: 420757K->109565K(465920K)] 1135967K->895603K(1864192K), 0.0464423 secs] [Times: user=0.23 sys=0.00, real=0.04 secs] 
5391.861: [GC (Allocation Failure) [PSYoungGen: 342525K->162771K(465920K)] 1128563K->983790K(1864192K), 0.1349863 secs] [Times: user=0.71 sys=0.00, real=0.13 secs] 
5392.351: [GC (Allocation Failure) [PSYoungGen: 395731K->182261K(465920K)] 1216750K->1054356K(1864192K), 0.0501539 secs] [Times: user=0.24 sys=0.00, real=0.05 secs] 
5392.520: [GC (Allocation Failure) [PSYoungGen: 415221K->185847K(465920K)] 1287316K->1121574K(1864192K), 0.0498080 secs] [Times: user=0.23 sys=0.00, real=0.04 secs] 
5392.684: [GC (Allocation Failure) [PSYoungGen: 418807K->187253K(465920K)] 1354534K->1182000K(1864192K), 0.0559431 secs] [Times: user=0.28 sys=0.00, real=0.05 secs] 
5393.804: [GC (Allocation Failure) [PSYoungGen: 420213K->95947K(465920K)] 1414960K->1161286K(1864192K), 0.0514103 secs] [Times: user=0.27 sys=0.00, real=0.05 secs] 
5394.290: [GC (Allocation Failure) [PSYoungGen: 328907K->180213K(465920K)] 1394246K->1276369K(1864192K), 0.0502806 secs] [Times: user=0.22 sys=0.00, real=0.05 secs] 
5394.531: [GC (Allocation Failure) [PSYoungGen: 413173K->185174K(465920K)] 1509329K->1337837K(1864192K), 0.0448470 secs] [Times: user=0.21 sys=0.00, real=0.04 secs] 
5394.728: [GC (Allocation Failure) [PSYoungGen: 418134K->187605K(465920K)] 1570797K->1396300K(1864192K), 0.0652259 secs] [Times: user=0.32 sys=0.00, real=0.07 secs] 
5395.781: [GC (Allocation Failure) [PSYoungGen: 420565K->102892K(465920K)] 1629260K->1382407K(1864192K), 0.0475405 secs] [Times: user=0.25 sys=0.00, real=0.04 secs] 
5396.664: [GC (Allocation Failure) [PSYoungGen: 335852K->167892K(465920K)] 1615367K->1480300K(1864192K), 0.1024831 secs] [Times: user=0.52 sys=0.00, real=0.10 secs] 
5396.766: [Full GC (Ergonomics) [PSYoungGen: 167892K->0K(465920K)] [ParOldGen: 1312408K->186831K(1398272K)] 1480300K->186831K(1864192K), [Metaspace: 59586K->59586K(1105920K)], 0.2318754 secs] [Times: user=1.13 sys=0.00, real=0.23 secs] 
5397.118: [GC (Allocation Failure) [PSYoungGen: 232960K->185110K(465920K)] 419791K->371941K(1864192K), 0.0340241 secs] [Times: user=0.14 sys=0.00, real=0.04 secs] 
5397.271: [GC (Allocation Failure) [PSYoungGen: 418070K->185975K(465920K)] 604901K->437270K(1864192K), 0.0438090 secs] [Times: user=0.20 sys=0.00, real=0.04 secs] 
5397.545: [GC (Allocation Failure) [PSYoungGen: 418898K->219349K(465920K)] 670194K->529508K(1864192K), 0.0545256 secs] [Times: user=0.27 sys=0.00, real=0.05 secs] 
5398.638: [GC (Allocation Failure) [PSYoungGen: 452309K->93611K(465920K)] 762468K->473774K(1864192K), 0.0613049 secs] [Times: user=0.32 sys=0.00, real=0.06 secs] 
5399.396: [GC (Allocation Failure) [PSYoungGen: 326571K->180373K(465920K)] 706734K->590054K(1864192K), 0.0457932 secs] [Times: user=0.20 sys=0.00, real=0.05 secs] 
5399.572: [GC (Allocation Failure) [PSYoungGen: 413333K->185526K(465920K)] 823014K->651666K(1864192K), 0.0439239 secs] [Times: user=0.20 sys=0.00, real=0.04 secs] 
5399.795: [GC (Allocation Failure) [PSYoungGen: 418486K->187349K(465920K)] 884626K->709729K(1864192K), 0.0698766 secs] [Times: user=0.35 sys=0.00, real=0.07 secs] 
5400.852: [GC (Allocation Failure) [PSYoungGen: 420309K->100444K(465920K)] 942689K->693424K(1864192K), 0.0447839 secs] [Times: user=0.23 sys=0.00, real=0.04 secs] 
5401.738: [GC (Allocation Failure) [PSYoungGen: 333404K->173333K(465920K)] 926384K->798294K(1864192K), 0.0893600 secs] [Times: user=0.44 sys=0.00, real=0.09 secs] 
5402.051: [GC (Allocation Failure) [PSYoungGen: 406293K->182325K(465920K)] 1031254K->861771K(1864192K), 0.0457612 secs] [Times: user=0.21 sys=0.00, real=0.04 secs] 
5402.271: [GC (Allocation Failure) [PSYoungGen: 415285K->186071K(465920K)] 1094731K->928956K(1864192K), 0.0740585 secs] [Times: user=0.36 sys=0.00, real=0.07 secs] 
5402.655: [GC (Allocation Failure) [PSYoungGen: 417616K->211188K(465920K)] 1160501K->1013089K(1864192K), 0.0538382 secs] [Times: user=0.26 sys=0.00, real=0.05 secs] 
5403.780: [GC (Allocation Failure) [PSYoungGen: 444148K->98843K(465920K)] 1246049K->967961K(1864192K), 0.0722387 secs] [Times: user=0.38 sys=0.01, real=0.07 secs] 
5404.379: [GC (Allocation Failure) [PSYoungGen: 331803K->180405K(465920K)] 1200921K->1081308K(1864192K), 0.0476217 secs] [Times: user=0.21 sys=0.00, real=0.05 secs] 
5404.556: [GC (Allocation Failure) [PSYoungGen: 413365K->185558K(465920K)] 1314268K->1142736K(1864192K), 0.0441373 secs] [Times: user=0.20 sys=0.01, real=0.04 secs] 
5404.754: [GC (Allocation Failure) [PSYoungGen: 418518K->187445K(465920K)] 1375696K->1200911K(1864192K), 0.0660680 secs] [Times: user=0.32 sys=0.00, real=0.07 secs] 
5405.805: [GC (Allocation Failure) [PSYoungGen: 420405K->100748K(465920K)] 1433871K->1185054K(1864192K), 0.0454846 secs] [Times: user=0.23 sys=0.00, real=0.05 secs] 
5407.693: [GC (Allocation Failure) [PSYoungGen: 333708K->165587K(465920K)] 1418014K->1281979K(1864192K), 0.1243654 secs] [Times: user=0.63 sys=0.00, real=0.12 secs] 
5408.018: [GC (Allocation Failure) [PSYoungGen: 398547K->185366K(465920K)] 1514939K->1353917K(1864192K), 0.0430852 secs] [Times: user=0.19 sys=0.00, real=0.05 secs] 
5408.213: [GC (Allocation Failure) [PSYoungGen: 418326K->186071K(465920K)] 1586877K->1418902K(1864192K), 0.0653009 secs] [Times: user=0.32 sys=0.00, real=0.06 secs] 
5408.721: [GC (Allocation Failure) [PSYoungGen: 414951K->211060K(465920K)] 1647782K->1503147K(1864192K), 0.0544555 secs] [Times: user=0.27 sys=0.01, real=0.05 secs] 
5410.043: [GC (Allocation Failure) [PSYoungGen: 444020K->95499K(465920K)] 1736107K->1454602K(1864192K), 0.1147021 secs] [Times: user=0.63 sys=0.01, real=0.11 secs] 
5410.158: [Full GC (Ergonomics) [PSYoungGen: 95499K->0K(465920K)] [ParOldGen: 1359103K->111681K(1398272K)] 1454602K->111681K(1864192K), [Metaspace: 59586K->59586K(1105920K)], 0.1798684 secs] [Times: user=0.81 sys=0.00, real=0.18 secs] 
5410.849: [GC (Allocation Failure) [PSYoungGen: 232960K->183030K(465920K)] 344641K->294712K(1864192K), 0.0253113 secs] [Times: user=0.08 sys=0.00, real=0.03 secs] 
5410.990: [GC (Allocation Failure) [PSYoungGen: 415990K->185430K(465920K)] 527672K->354416K(1864192K), 0.0418182 secs] [Times: user=0.19 sys=0.00, real=0.04 secs] 
5411.144: [GC (Allocation Failure) [PSYoungGen: 418390K->187829K(465920K)] 587376K->412999K(1864192K), 0.0447878 secs] [Times: user=0.20 sys=0.00, real=0.04 secs] 
5412.222: [GC (Allocation Failure) [PSYoungGen: 420789K->99852K(465920K)] 645959K->395846K(1864192K), 0.0438304 secs] [Times: user=0.22 sys=0.00, real=0.04 secs] 
5413.406: [GC (Allocation Failure) [PSYoungGen: 332812K->168884K(465920K)] 628806K->497223K(1864192K), 0.1157903 secs] [Times: user=0.58 sys=0.00, real=0.12 secs] 
5413.757: [GC (Allocation Failure) [PSYoungGen: 401844K->182133K(465920K)] 730183K->563548K(1864192K), 0.0425923 secs] [Times: user=0.19 sys=0.00, real=0.04 secs] 
5413.947: [GC (Allocation Failure) [PSYoungGen: 415093K->185687K(465920K)] 796508K->630774K(1864192K), 0.0694968 secs] [Times: user=0.34 sys=0.00, real=0.07 secs] 
5414.413: [GC (Allocation Failure) [PSYoungGen: 415004K->212308K(465920K)] 860091K->716255K(1864192K), 0.0537012 secs] [Times: user=0.26 sys=0.00, real=0.05 secs] 
5415.291: [GC (Allocation Failure) [PSYoungGen: 445268K->102524K(465920K)] 949215K->673823K(1864192K), 0.0463986 secs] [Times: user=0.24 sys=0.00, real=0.04 secs] 
5415.795: [GC (Allocation Failure) [PSYoungGen: 335484K->180405K(465920K)] 906783K->784106K(1864192K), 0.0563805 secs] [Times: user=0.25 sys=0.01, real=0.06 secs] 
5416.052: [GC (Allocation Failure) [PSYoungGen: 413365K->185430K(465920K)] 1017066K->845426K(1864192K), 0.0516843 secs] [Times: user=0.24 sys=0.00, real=0.05 secs] 
5416.260: [GC (GCLocker Initiated GC) [PSYoungGen: 418390K->186933K(465920K)] 1078386K->903105K(1864192K), 0.0687121 secs] [Times: user=0.34 sys=0.00, real=0.07 secs] 
5417.271: [GC (Allocation Failure) [PSYoungGen: 419893K->98444K(465920K)] 1136067K->885202K(1864192K), 0.0504879 secs] [Times: user=0.27 sys=0.00, real=0.05 secs] 
5417.971: [GC (Allocation Failure) [PSYoungGen: 331404K->175349K(465920K)] 1118162K->993932K(1864192K), 0.0992670 secs] [Times: user=0.50 sys=0.00, real=0.10 secs] 
5418.282: [GC (Allocation Failure) [PSYoungGen: 408309K->185526K(465920K)] 1226892K->1059057K(1864192K), 0.0436042 secs] [Times: user=0.19 sys=0.00, real=0.04 secs] 
5418.440: [GC (Allocation Failure) [PSYoungGen: 418486K->182230K(465920K)] 1292017K->1120250K(1864192K), 0.0504331 secs] [Times: user=0.23 sys=0.00, real=0.06 secs] 
5419.332: [GC (Allocation Failure) [PSYoungGen: 415190K->169299K(465920K)] 1353210K->1165058K(1864192K), 0.0574537 secs] [Times: user=0.30 sys=0.00, real=0.05 secs] 
5420.141: [GC (Allocation Failure) [PSYoungGen: 402259K->109581K(465920K)] 1398018K->1170184K(1864192K), 0.1075812 secs] [Times: user=0.57 sys=0.00, real=0.10 secs] 
5420.788: [GC (Allocation Failure) [PSYoungGen: 342541K->179285K(465920K)] 1403144K->1274529K(1864192K), 0.0507009 secs] [Times: user=0.23 sys=0.00, real=0.05 secs] 
5421.012: [GC (Allocation Failure) [PSYoungGen: 412245K->185559K(465920K)] 1507489K->1343759K(1864192K), 0.0589552 secs] [Times: user=0.28 sys=0.00, real=0.06 secs] 
5421.206: [GC (Allocation Failure) [PSYoungGen: 418519K->184276K(465920K)] 1576719K->1401425K(1864192K), 0.0671617 secs] [Times: user=0.34 sys=0.00, real=0.07 secs] 
5422.233: [GC (Allocation Failure) [PSYoungGen: 417236K->99292K(465920K)] 1634385K->1386048K(1864192K), 0.0478089 secs] [Times: user=0.25 sys=0.00, real=0.05 secs] 
5423.841: [GC (Allocation Failure) [PSYoungGen: 332252K->171092K(465920K)] 1619008K->1489470K(1864192K), 0.0847823 secs] [Times: user=0.41 sys=0.00, real=0.08 secs] 
5423.926: [Full GC (Ergonomics) [PSYoungGen: 171092K->0K(465920K)] [ParOldGen: 1318377K->196012K(1398272K)] 1489470K->196012K(1864192K), [Metaspace: 59586K->59586K(1105920K)], 0.2594315 secs] [Times: user=1.26 sys=0.00, real=0.26 secs] 
5424.304: [GC (Allocation Failure) [PSYoungGen: 232960K->185494K(465920K)] 428972K->381506K(1864192K), 0.0326027 secs] [Times: user=0.13 sys=0.00, real=0.03 secs] 
5424.466: [GC (Allocation Failure) [PSYoungGen: 413153K->179606K(465920K)] 609166K->439962K(1864192K), 0.0433417 secs] [Times: user=0.19 sys=0.00, real=0.04 secs] 
5425.251: [GC (Allocation Failure) [PSYoungGen: 407361K->205747K(465920K)] 667717K->523255K(1864192K), 0.0554986 secs] [Times: user=0.28 sys=0.00, real=0.05 secs] 
5426.186: [GC (Allocation Failure) [PSYoungGen: 438707K->101244K(465920K)] 756215K->482988K(1864192K), 0.0872953 secs] [Times: user=0.47 sys=0.00, real=0.09 secs] 
5426.976: [GC (Allocation Failure) [PSYoungGen: 332142K->181526K(465920K)] 713887K->595923K(1864192K), 0.0449727 secs] [Times: user=0.19 sys=0.00, real=0.05 secs] 
5427.139: [GC (Allocation Failure) [PSYoungGen: 414486K->188341K(465920K)] 828883K->659159K(1864192K), 0.0425536 secs] [Times: user=0.19 sys=0.00, real=0.05 secs] 
5427.294: [GC (Allocation Failure) [PSYoungGen: 421301K->187733K(465920K)] 892119K->713695K(1864192K), 0.0444771 secs] [Times: user=0.20 sys=0.00, real=0.04 secs] 
5428.295: [GC (Allocation Failure) [PSYoungGen: 420693K->104508K(465920K)] 946655K->701198K(1864192K), 0.0445877 secs] [Times: user=0.23 sys=0.00, real=0.04 secs] 
5429.494: [GC (Allocation Failure) [PSYoungGen: 337468K->171636K(465920K)] 934158K->801507K(1864192K), 0.0993640 secs] [Times: user=0.50 sys=0.00, real=0.10 secs] 
5429.782: [GC (Allocation Failure) [PSYoungGen: 404596K->182165K(465920K)] 1034467K->865788K(1864192K), 0.0437386 secs] [Times: user=0.20 sys=0.00, real=0.04 secs] 
5430.006: [GC (Allocation Failure) [PSYoungGen: 415030K->185879K(465920K)] 1098652K->932957K(1864192K), 0.0726091 secs] [Times: user=0.36 sys=0.00, real=0.07 secs] 
5430.942: [GC (Allocation Failure) [PSYoungGen: 418839K->170835K(465920K)] 1165917K->976929K(1864192K), 0.0569225 secs] [Times: user=0.28 sys=0.00, real=0.05 secs] 
5431.457: [GC (Allocation Failure) [PSYoungGen: 403795K->107580K(465920K)] 1209889K->979039K(1864192K), 0.0617251 secs] [Times: user=0.33 sys=0.00, real=0.06 secs] 
5432.402: [GC (Allocation Failure) [PSYoungGen: 339531K->176341K(465920K)] 1210990K->1081721K(1864192K), 0.0523492 secs] [Times: user=0.24 sys=0.00, real=0.05 secs] 
5432.646: [GC (Allocation Failure) [PSYoungGen: 409301K->185334K(465920K)] 1314681K->1146017K(1864192K), 0.0614977 secs] [Times: user=0.29 sys=0.00, real=0.06 secs] 
5432.871: [GC (Allocation Failure) [PSYoungGen: 418294K->184629K(465920K)] 1378977K->1201388K(1864192K), 0.0652898 secs] [Times: user=0.32 sys=0.00, real=0.06 secs] 
5433.946: [GC (Allocation Failure) [PSYoungGen: 417589K->105500K(465920K)] 1434348K->1191844K(1864192K), 0.0482563 secs] [Times: user=0.25 sys=0.00, real=0.05 secs] 
5434.535: [GC (Allocation Failure) [PSYoungGen: 338460K->172884K(465920K)] 1424804K->1292849K(1864192K), 0.0835493 secs] [Times: user=0.40 sys=0.01, real=0.08 secs] 
5434.805: [GC (Allocation Failure) [PSYoungGen: 405844K->185398K(465920K)] 1525809K->1359798K(1864192K), 0.0432803 secs] [Times: user=0.20 sys=0.00, real=0.04 secs] 
5434.964: [GC (Allocation Failure) [PSYoungGen: 415553K->180438K(465920K)] 1589954K->1419143K(1864192K), 0.0494402 secs] [Times: user=0.23 sys=0.00, real=0.05 secs] 
5435.827: [GC (Allocation Failure) [PSYoungGen: 413398K->206984K(465920K)] 1652103K->1503009K(1864192K), 0.0497395 secs] [Times: user=0.24 sys=0.00, real=0.05 secs] 
5436.677: [GC (Allocation Failure) [PSYoungGen: 439944K->108285K(465920K)] 1735969K->1468893K(1864192K), 0.0705431 secs] [Times: user=0.38 sys=0.00, real=0.07 secs] 
5436.747: [Full GC (Ergonomics) [PSYoungGen: 108285K->0K(465920K)] [ParOldGen: 1360608K->124445K(1398272K)] 1468893K->124445K(1864192K), [Metaspace: 59586K->59586K(1105920K)], 0.1566403 secs] [Times: user=0.67 sys=0.00, real=0.16 secs] 
5437.244: [GC (Allocation Failure) [PSYoungGen: 232960K->196757K(465920K)] 357405K->321203K(1864192K), 0.0269942 secs] [Times: user=0.10 sys=0.00, real=0.03 secs] 
5437.419: [GC (Allocation Failure) [PSYoungGen: 429717K->181878K(465920K)] 554163K->369100K(1864192K), 0.0596261 secs] [Times: user=0.29 sys=0.00, real=0.06 secs] 
5437.616: [GC (Allocation Failure) [PSYoungGen: 414838K->187445K(465920K)] 602060K->432402K(1864192K), 0.0581954 secs] [Times: user=0.29 sys=0.01, real=0.06 secs] 
5438.624: [GC (Allocation Failure) [PSYoungGen: 420405K->97147K(465920K)] 665362K->413037K(1864192K), 0.0554732 secs] [Times: user=0.30 sys=0.00, real=0.05 secs] 
5439.906: [GC (Allocation Failure) [PSYoungGen: 330107K->175253K(465920K)] 645997K->521995K(1864192K), 0.0779038 secs] [Times: user=0.36 sys=0.00, real=0.08 secs] 
5440.206: [GC (Allocation Failure) [PSYoungGen: 408213K->185430K(465920K)] 754955K->587072K(1864192K), 0.0531600 secs] [Times: user=0.26 sys=0.00, real=0.05 secs] 
5440.393: [GC (Allocation Failure) [PSYoungGen: 415271K->176598K(465920K)] 816914K->642720K(1864192K), 0.0540407 secs] [Times: user=0.26 sys=0.00, real=0.05 secs] 
5441.341: [GC (Allocation Failure) [PSYoungGen: 409558K->169843K(465920K)] 875680K->691845K(1864192K), 0.0559373 secs] [Times: user=0.29 sys=0.00, real=0.05 secs] 
5442.532: [GC (Allocation Failure) [PSYoungGen: 402803K->108333K(465920K)] 924805K->695143K(1864192K), 0.1110474 secs] [Times: user=0.60 sys=0.00, real=0.11 secs] 
5443.085: [GC (Allocation Failure) [PSYoungGen: 341293K->186389K(465920K)] 928103K->807951K(1864192K), 0.0505493 secs] [Times: user=0.24 sys=0.00, real=0.05 secs] 
5443.334: [GC (Allocation Failure) [PSYoungGen: 419349K->184151K(465920K)] 1040911K->868132K(1864192K), 0.0645300 secs] [Times: user=0.32 sys=0.01, real=0.06 secs] 
5443.552: [GC (Allocation Failure) [PSYoungGen: 417111K->187541K(465920K)] 1101092K->929755K(1864192K), 0.0827980 secs] [Times: user=0.43 sys=0.00, real=0.08 secs] 
5444.585: [GC (Allocation Failure) [PSYoungGen: 420501K->96891K(465920K)] 1162715K->909961K(1864192K), 0.0459971 secs] [Times: user=0.24 sys=0.00, real=0.05 secs] 
5445.429: [GC (Allocation Failure) [PSYoungGen: 329851K->175669K(465920K)] 1142921K->1019972K(1864192K), 0.0606838 secs] [Times: user=0.28 sys=0.00, real=0.06 secs] 
5445.695: [GC (Allocation Failure) [PSYoungGen: 408629K->182133K(465920K)] 1252932K->1081372K(1864192K), 0.0583135 secs] [Times: user=0.28 sys=0.00, real=0.06 secs] 
5445.874: [GC (Allocation Failure) [PSYoungGen: 409670K->179510K(465920K)] 1308909K->1142021K(1864192K), 0.0512950 secs] [Times: user=0.24 sys=0.00, real=0.05 secs] 
5446.698: [GC (Allocation Failure) [PSYoungGen: 407589K->189139K(465920K)] 1370100K->1208658K(1864192K), 0.0555457 secs] [Times: user=0.28 sys=0.00, real=0.06 secs] 
5447.439: [GC (Allocation Failure) [PSYoungGen: 422099K->105116K(465920K)] 1441618K->1189115K(1864192K), 0.0879800 secs] [Times: user=0.47 sys=0.01, real=0.09 secs] 
5448.106: [GC (Allocation Failure) [PSYoungGen: 336475K->178133K(465920K)] 1420474K->1295345K(1864192K), 0.0482692 secs] [Times: user=0.21 sys=0.00, real=0.05 secs] 
5448.346: [GC (Allocation Failure) [PSYoungGen: 411093K->185558K(465920K)] 1528305K->1358622K(1864192K), 0.0659614 secs] [Times: user=0.32 sys=0.00, real=0.07 secs] 
5448.531: [GC (Allocation Failure) [PSYoungGen: 418518K->184244K(465920K)] 1591582K->1413576K(1864192K), 0.0501057 secs] [Times: user=0.24 sys=0.00, real=0.05 secs] 
5449.596: [GC (Allocation Failure) [PSYoungGen: 417204K->102748K(465920K)] 1646536K->1401444K(1864192K), 0.0533096 secs] [Times: user=0.28 sys=0.00, real=0.05 secs] 
5450.818: [GC (Allocation Failure) [PSYoungGen: 335708K->170836K(465920K)] 1634404K->1502225K(1864192K), 0.0931342 secs] [Times: user=0.46 sys=0.00, real=0.10 secs] 
5450.911: [Full GC (Ergonomics) [PSYoungGen: 170836K->0K(465920K)] [ParOldGen: 1331388K->193981K(1398272K)] 1502225K->193981K(1864192K), [Metaspace: 59586K->59586K(1105920K)], 0.2598085 secs] [Times: user=1.27 sys=0.00, real=0.26 secs] 
5451.285: [GC (Allocation Failure) [PSYoungGen: 232960K->182069K(465920K)] 426941K->376051K(1864192K), 0.0311518 secs] [Times: user=0.12 sys=0.00, real=0.03 secs] 
5451.436: [GC (Allocation Failure) [PSYoungGen: 415029K->186135K(465920K)] 609011K->443533K(1864192K), 0.0437230 secs] [Times: user=0.20 sys=0.00, real=0.05 secs] 
5452.327: [GC (Allocation Failure) [PSYoungGen: 419095K->171123K(465920K)] 676493K->487633K(1864192K), 0.0582984 secs] [Times: user=0.30 sys=0.00, real=0.06 secs] 
5453.115: [GC (Allocation Failure) [PSYoungGen: 404083K->106732K(465920K)] 720593K->488678K(1864192K), 0.0571355 secs] [Times: user=0.29 sys=0.00, real=0.06 secs] 
5453.821: [GC (Allocation Failure) [PSYoungGen: 334291K->175989K(465920K)] 716237K->592416K(1864192K), 0.0489548 secs] [Times: user=0.22 sys=0.00, real=0.04 secs] 
5454.051: [GC (Allocation Failure) [PSYoungGen: 408949K->185558K(465920K)] 825376K->656953K(1864192K), 0.0595473 secs] [Times: user=0.28 sys=0.00, real=0.06 secs] 
5454.237: [GC (Allocation Failure) [PSYoungGen: 418518K->187509K(465920K)] 889913K->715152K(1864192K), 0.0453973 secs] [Times: user=0.21 sys=0.00, real=0.05 secs] 
5455.268: [GC (Allocation Failure) [PSYoungGen: 420469K->101788K(465920K)] 948112K->700075K(1864192K), 0.0445225 secs] [Times: user=0.23 sys=0.00, real=0.05 secs] 
5456.357: [GC (Allocation Failure) [PSYoungGen: 334748K->171828K(465920K)] 933035K->802616K(1864192K), 0.0825708 secs] [Times: user=0.41 sys=0.00, real=0.08 secs] 
5456.663: [GC (Allocation Failure) [PSYoungGen: 404788K->179285K(465920K)] 1035576K->863969K(1864192K), 0.0428440 secs] [Times: user=0.19 sys=0.00, real=0.04 secs] 
5456.849: [GC (Allocation Failure) [PSYoungGen: 412245K->186103K(465920K)] 1096929K->933803K(1864192K), 0.0549123 secs] [Times: user=0.26 sys=0.00, real=0.06 secs] 
5457.767: [GC (Allocation Failure) [PSYoungGen: 419063K->171091K(465920K)] 1166763K->977903K(1864192K), 0.0552047 secs] [Times: user=0.27 sys=0.00, real=0.06 secs] 
5458.207: [GC (Allocation Failure) [PSYoungGen: 404051K->115709K(465920K)] 1210863K->987930K(1864192K), 0.0621511 secs] [Times: user=0.32 sys=0.00, real=0.06 secs] 
5458.928: [GC (Allocation Failure) [PSYoungGen: 348669K->175348K(465920K)] 1220890K->1083797K(1864192K), 0.0505850 secs] [Times: user=0.23 sys=0.00, real=0.05 secs] 
5459.110: [GC (Allocation Failure) [PSYoungGen: 408308K->182422K(465920K)] 1316757K->1152651K(1864192K), 0.0491553 secs] [Times: user=0.23 sys=0.00, real=0.04 secs] 
5459.302: [GC (Allocation Failure) [PSYoungGen: 415382K->187637K(465920K)] 1385611K->1215938K(1864192K), 0.0808758 secs] [Times: user=0.42 sys=0.00, real=0.08 secs] 
5460.379: [GC (Allocation Failure) [PSYoungGen: 420597K->101004K(465920K)] 1448898K->1199993K(1864192K), 0.0469785 secs] [Times: user=0.24 sys=0.00, real=0.05 secs] 
5461.337: [GC (Allocation Failure) [PSYoungGen: 333964K->172308K(465920K)] 1432953K->1303414K(1864192K), 0.0716866 secs] [Times: user=0.34 sys=0.00, real=0.07 secs] 
5461.577: [GC (Allocation Failure) [PSYoungGen: 405268K->185366K(465920K)] 1536374K->1370712K(1864192K), 0.0452588 secs] [Times: user=0.20 sys=0.00, real=0.05 secs] 
5461.729: [GC (Allocation Failure) [PSYoungGen: 404115K->173013K(465920K)] 1589461K->1422527K(1864192K), 0.0501425 secs] [Times: user=0.24 sys=0.00, real=0.05 secs] 
5462.642: [GC (Allocation Failure) [PSYoungGen: 405973K->168498K(455680K)] 1655487K->1472925K(1853952K), 0.0554885 secs] [Times: user=0.28 sys=0.00, real=0.05 secs] 
5463.276: [GC (Allocation Failure) [PSYoungGen: 401458K->108797K(460800K)] 1705885K->1477679K(1859072K), 0.0539770 secs] [Times: user=0.28 sys=0.00, real=0.06 secs] 
5463.330: [Full GC (Ergonomics) [PSYoungGen: 108797K->0K(460800K)] [ParOldGen: 1368882K->124973K(1398272K)] 1477679K->124973K(1859072K), [Metaspace: 59586K->59586K(1105920K)], 0.1106267 secs] [Times: user=0.45 sys=0.00, real=0.11 secs] 
5464.384: [GC (Allocation Failure) [PSYoungGen: 231702K->174773K(468992K)] 356676K->299746K(1867264K), 0.0344909 secs] [Times: user=0.13 sys=0.00, real=0.03 secs] 
5464.566: [GC (Allocation Failure) [PSYoungGen: 412341K->189270K(427008K)] 537314K->368692K(1825280K), 0.0420183 secs] [Times: user=0.19 sys=0.00, real=0.04 secs] 
5464.748: [GC (Allocation Failure) [PSYoungGen: 426838K->191605K(465920K)] 606260K->428379K(1864192K), 0.0552536 secs] [Times: user=0.27 sys=0.00, real=0.06 secs] 
5465.768: [GC (Allocation Failure) [PSYoungGen: 424565K->95739K(465920K)] 661339K->404633K(1864192K), 0.0429828 secs] [Times: user=0.22 sys=0.00, real=0.05 secs] 
5467.306: [GC (Allocation Failure) [PSYoungGen: 328699K->174741K(465920K)] 637593K->513743K(1864192K), 0.0730622 secs] [Times: user=0.35 sys=0.00, real=0.07 secs] 
5467.561: [GC (Allocation Failure) [PSYoungGen: 407701K->182389K(465920K)] 746703K->576328K(1864192K), 0.0424846 secs] [Times: user=0.19 sys=0.00, real=0.04 secs] 
5467.720: [GC (Allocation Failure) [PSYoungGen: 408387K->180118K(465920K)] 802326K->637585K(1864192K), 0.0482662 secs] [Times: user=0.23 sys=0.00, real=0.04 secs] 
5468.621: [GC (Allocation Failure) [PSYoungGen: 413078K->168851K(401920K)] 870545K->683609K(1800192K), 0.0537837 secs] [Times: user=0.26 sys=0.00, real=0.05 secs] 
5469.707: [GC (Allocation Failure) [PSYoungGen: 401811K->108669K(464896K)] 916569K->688067K(1863168K), 0.1122094 secs] [Times: user=0.60 sys=0.00, real=0.11 secs] 
5470.833: [GC (Allocation Failure) [PSYoungGen: 338641K->174229K(465408K)] 918039K->788240K(1863680K), 0.0528345 secs] [Times: user=0.24 sys=0.01, real=0.05 secs] 
5471.029: [GC (Allocation Failure) [PSYoungGen: 406677K->185558K(465920K)] 1020688K->853857K(1864192K), 0.0427244 secs] [Times: user=0.19 sys=0.00, real=0.05 secs] 
5471.228: [GC (Allocation Failure) [PSYoungGen: 418518K->187541K(465920K)] 1086817K->912152K(1864192K), 0.0699897 secs] [Times: user=0.35 sys=0.00, real=0.07 secs] 
5472.321: [GC (Allocation Failure) [PSYoungGen: 420501K->97819K(465920K)] 1145112K->893103K(1864192K), 0.0478731 secs] [Times: user=0.25 sys=0.00, real=0.04 secs] 
5473.296: [GC (Allocation Failure) [PSYoungGen: 330779K->172308K(465920K)] 1126063K->998789K(1864192K), 0.0985708 secs] [Times: user=0.48 sys=0.00, real=0.10 secs] 
5473.584: [GC (Allocation Failure) [PSYoungGen: 405168K->185302K(465920K)] 1231649K->1066066K(1864192K), 0.0430583 secs] [Times: user=0.19 sys=0.00, real=0.04 secs] 
5473.746: [GC (Allocation Failure) [PSYoungGen: 418262K->185047K(465920K)] 1299026K->1130171K(1864192K), 0.0500382 secs] [Times: user=0.23 sys=0.00, real=0.05 secs] 
5474.554: [GC (Allocation Failure) [PSYoungGen: 413271K->205619K(465920K)] 1358396K->1209519K(1864192K), 0.0583372 secs] [Times: user=0.29 sys=0.00, real=0.06 secs] 
5475.382: [GC (Allocation Failure) [PSYoungGen: 438579K->104716K(465920K)] 1442479K->1173165K(1864192K), 0.0875374 secs] [Times: user=0.46 sys=0.01, real=0.08 secs] 
5475.882: [GC (Allocation Failure) [PSYoungGen: 337215K->178293K(465920K)] 1405663K->1279873K(1864192K), 0.0454726 secs] [Times: user=0.20 sys=0.00, real=0.04 secs] 
5476.048: [GC (Allocation Failure) [PSYoungGen: 411253K->185718K(465920K)] 1512833K->1343022K(1864192K), 0.0434099 secs] [Times: user=0.20 sys=0.00, real=0.05 secs] 
5476.226: [GC (Allocation Failure) [PSYoungGen: 418678K->187701K(465920K)] 1575982K->1401221K(1864192K), 0.0553918 secs] [Times: user=0.27 sys=0.00, real=0.06 secs] 
5477.297: [GC (Allocation Failure) [PSYoungGen: 420661K->97931K(465920K)] 1634181K->1382203K(1864192K), 0.0451067 secs] [Times: user=0.23 sys=0.00, real=0.05 secs] 
5479.049: [GC (Allocation Failure) [PSYoungGen: 330891K->167444K(465920K)] 1615163K->1482913K(1864192K), 0.0974725 secs] [Times: user=0.49 sys=0.00, real=0.10 secs] 
5479.146: [Full GC (Ergonomics) [PSYoungGen: 167444K->0K(465920K)] [ParOldGen: 1315468K->190885K(1398272K)] 1482913K->190885K(1864192K), [Metaspace: 59586K->59586K(1105920K)], 0.2596181 secs] [Times: user=1.28 sys=0.00, real=0.26 secs] 
5479.524: [GC (Allocation Failure) [PSYoungGen: 232960K->185654K(465920K)] 423845K->376540K(1864192K), 0.0334747 secs] [Times: user=0.14 sys=0.00, real=0.03 secs] 
5479.676: [GC (Allocation Failure) [PSYoungGen: 418614K->186007K(465920K)] 609500K->441493K(1864192K), 0.0440339 secs] [Times: user=0.20 sys=0.00, real=0.05 secs] 
5480.475: [GC (Allocation Failure) [PSYoungGen: 417900K->208979K(465920K)] 673386K->523401K(1864192K), 0.0565620 secs] [Times: user=0.29 sys=0.00, real=0.06 secs] 
5481.064: [GC (Allocation Failure) [PSYoungGen: 441939K->103900K(465920K)] 756361K->483850K(1864192K), 0.0486324 secs] [Times: user=0.25 sys=0.00, real=0.05 secs] 
5482.017: [GC (Allocation Failure) [PSYoungGen: 336860K->179829K(465920K)] 716810K->592456K(1864192K), 0.0522082 secs] [Times: user=0.23 sys=0.00, real=0.05 secs] 
5482.257: [GC (Allocation Failure) [PSYoungGen: 412789K->185526K(465920K)] 825416K->654365K(1864192K), 0.0599267 secs] [Times: user=0.29 sys=0.00, real=0.06 secs] 
5482.434: [GC (Allocation Failure) [PSYoungGen: 418486K->184597K(465920K)] 887325K->709699K(1864192K), 0.0455209 secs] [Times: user=0.21 sys=0.00, real=0.04 secs] 
5483.463: [GC (Allocation Failure) [PSYoungGen: 417557K->102060K(465920K)] 942659K->696715K(1864192K), 0.0438730 secs] [Times: user=0.22 sys=0.00, real=0.04 secs] 
5484.471: [GC (Allocation Failure) [PSYoungGen: 335020K->171540K(465920K)] 929675K->798760K(1864192K), 0.0855069 secs] [Times: user=0.41 sys=0.00, real=0.08 secs] 
5484.731: [GC (Allocation Failure) [PSYoungGen: 404500K->185590K(465920K)] 1031720K->866550K(1864192K), 0.0422525 secs] [Times: user=0.19 sys=0.00, real=0.04 secs] 
5484.888: [GC (Allocation Failure) [PSYoungGen: 418550K->183702K(465920K)] 1099510K->929174K(1864192K), 0.0492985 secs] [Times: user=0.23 sys=0.00, real=0.05 secs] 
5485.709: [GC (Allocation Failure) [PSYoungGen: 416662K->212381K(465920K)] 1162134K->1016165K(1864192K), 0.0483814 secs] [Times: user=0.24 sys=0.00, real=0.05 secs] 
5486.469: [GC (Allocation Failure) [PSYoungGen: 445341K->106156K(465920K)] 1249125K->974600K(1864192K), 0.0718070 secs] [Times: user=0.38 sys=0.00, real=0.08 secs] 
5487.693: [GC (Allocation Failure) [PSYoungGen: 339116K->174037K(465920K)] 1207560K->1076173K(1864192K), 0.0524223 secs] [Times: user=0.24 sys=0.00, real=0.05 secs] 
5487.897: [GC (Allocation Failure) [PSYoungGen: 406997K->185590K(465920K)] 1309133K->1142255K(1864192K), 0.0429090 secs] [Times: user=0.19 sys=0.00, real=0.04 secs] 
5488.091: [GC (Allocation Failure) [PSYoungGen: 418550K->187413K(465920K)] 1375215K->1200182K(1864192K), 0.0673360 secs] [Times: user=0.32 sys=0.00, real=0.06 secs] 
5489.115: [GC (Allocation Failure) [PSYoungGen: 420373K->102140K(465920K)] 1433142K->1185469K(1864192K), 0.0448504 secs] [Times: user=0.23 sys=0.00, real=0.04 secs] 
5490.278: [GC (Allocation Failure) [PSYoungGen: 335100K->171828K(465920K)] 1418429K->1287738K(1864192K), 0.0844233 secs] [Times: user=0.41 sys=0.00, real=0.09 secs] 
5490.580: [GC (Allocation Failure) [PSYoungGen: 404788K->185046K(465920K)] 1520698K->1355144K(1864192K), 0.0500375 secs] [Times: user=0.23 sys=0.00, real=0.05 secs] 
5490.801: [GC (Allocation Failure) [PSYoungGen: 418006K->182454K(465920K)] 1588104K->1416876K(1864192K), 0.0735626 secs] [Times: user=0.37 sys=0.00, real=0.07 secs] 
5491.739: [GC (Allocation Failure) [PSYoungGen: 415414K->172371K(465920K)] 1649836K->1464697K(1864192K), 0.0590731 secs] [Times: user=0.29 sys=0.01, real=0.06 secs] 
5492.382: [GC (Allocation Failure) [PSYoungGen: 405331K->109789K(465920K)] 1697657K->1467803K(1864192K), 0.0703196 secs] [Times: user=0.37 sys=0.00, real=0.07 secs] 
5492.452: [Full GC (Ergonomics) [PSYoungGen: 109789K->0K(465920K)] [ParOldGen: 1358014K->126019K(1398272K)] 1467803K->126019K(1864192K), [Metaspace: 59586K->59586K(1105920K)], 0.1538111 secs] [Times: user=0.67 sys=0.00, real=0.15 secs] 
5493.680: [GC (Allocation Failure) [PSYoungGen: 232695K->173045K(465920K)] 358714K->299064K(1864192K), 0.0339732 secs] [Times: user=0.13 sys=0.00, real=0.03 secs] 
5493.933: [GC (Allocation Failure) [PSYoungGen: 406005K->185462K(465920K)] 532024K->365841K(1864192K), 0.0605161 secs] [Times: user=0.28 sys=0.00, real=0.06 secs] 
5494.164: [GC (Allocation Failure) [PSYoungGen: 418422K->187509K(465920K)] 598801K->424112K(1864192K), 0.0642566 secs] [Times: user=0.31 sys=0.00, real=0.06 secs] 
5495.234: [GC (Allocation Failure) [PSYoungGen: 420469K->98908K(465920K)] 657072K->406151K(1864192K), 0.0492073 secs] [Times: user=0.25 sys=0.00, real=0.05 secs] 
5496.925: [GC (Allocation Failure) [PSYoungGen: 331868K->171284K(465920K)] 639111K->509804K(1864192K), 0.0999359 secs] [Times: user=0.50 sys=0.00, real=0.10 secs] 
5497.215: [GC (Allocation Failure) [PSYoungGen: 404244K->182485K(465920K)] 742764K->574921K(1864192K), 0.0423647 secs] [Times: user=0.19 sys=0.00, real=0.04 secs] 
5497.375: [GC (Allocation Failure) [PSYoungGen: 415445K->186007K(465920K)] 807881K->641931K(1864192K), 0.0497053 secs] [Times: user=0.23 sys=0.00, real=0.05 secs] 
5498.239: [GC (Allocation Failure) [PSYoungGen: 417789K->208787K(465920K)] 873714K->723887K(1864192K), 0.0563028 secs] [Times: user=0.28 sys=0.00, real=0.06 secs] 
5499.053: [GC (Allocation Failure) [PSYoungGen: 441747K->105356K(465920K)] 956847K->685996K(1864192K), 0.0965558 secs] [Times: user=0.51 sys=0.01, real=0.09 secs] 
5500.239: [GC (Allocation Failure) [PSYoungGen: 338316K->176661K(465920K)] 918956K->790662K(1864192K), 0.0518086 secs] [Times: user=0.23 sys=0.00, real=0.06 secs] 
5500.491: [GC (Allocation Failure) [PSYoungGen: 409621K->185462K(465920K)] 1023622K->854619K(1864192K), 0.0461188 secs] [Times: user=0.21 sys=0.00, real=0.04 secs] 
5500.679: [GC (Allocation Failure) [PSYoungGen: 418422K->187605K(465920K)] 1087579K->912978K(1864192K), 0.0610772 secs] [Times: user=0.29 sys=0.00, real=0.07 secs] 
5501.694: [GC (Allocation Failure) [PSYoungGen: 420565K->100620K(465920K)] 1145938K->896705K(1864192K), 0.0447433 secs] [Times: user=0.23 sys=0.00, real=0.04 secs] 
5502.375: [GC (Allocation Failure) [PSYoungGen: 333561K->172692K(465920K)] 1129647K->1000974K(1864192K), 0.0836748 secs] [Times: user=0.41 sys=0.00, real=0.08 secs] 
5502.646: [GC (Allocation Failure) [PSYoungGen: 405652K->185494K(465920K)] 1233934K->1067832K(1864192K), 0.0434146 secs] [Times: user=0.19 sys=0.00, real=0.04 secs] 
5502.832: [GC (Allocation Failure) [PSYoungGen: 418454K->179766K(465920K)] 1300792K->1126512K(1864192K), 0.0589633 secs] [Times: user=0.28 sys=0.01, real=0.06 secs] 
5503.794: [GC (Allocation Failure) [PSYoungGen: 412726K->172883K(465920K)] 1359472K->1176625K(1864192K), 0.0551023 secs] [Times: user=0.27 sys=0.00, real=0.05 secs] 
5504.246: [GC (GCLocker Initiated GC) [PSYoungGen: 405843K->113533K(465920K)] 1409587K->1183341K(1864192K), 0.0607575 secs] [Times: user=0.31 sys=0.00, real=0.06 secs] 
5504.730: [GC (Allocation Failure) [PSYoungGen: 346493K->179637K(465920K)] 1416306K->1285510K(1864192K), 0.0535633 secs] [Times: user=0.25 sys=0.00, real=0.06 secs] 
5504.919: [GC (Allocation Failure) [PSYoungGen: 412597K->181878K(465920K)] 1518470K->1350660K(1864192K), 0.0500909 secs] [Times: user=0.23 sys=0.00, real=0.05 secs] 
5505.118: [GC (Allocation Failure) [PSYoungGen: 414838K->187381K(465920K)] 1583620K->1413810K(1864192K), 0.0801424 secs] [Times: user=0.41 sys=0.01, real=0.08 secs] 
5506.221: [GC (Allocation Failure) [PSYoungGen: 420341K->97675K(465920K)] 1646770K->1394925K(1864192K), 0.0463489 secs] [Times: user=0.24 sys=0.00, real=0.04 secs] 
5507.014: [GC (Allocation Failure) [PSYoungGen: 330635K->176021K(465920K)] 1627885K->1504667K(1864192K), 0.0741572 secs] [Times: user=0.35 sys=0.00, real=0.07 secs] 
5507.088: [Full GC (Ergonomics) [PSYoungGen: 176021K->0K(465920K)] [ParOldGen: 1328646K->202173K(1398272K)] 1504667K->202173K(1864192K), [Metaspace: 59586K->59586K(1105920K)], 0.2397962 secs] [Times: user=1.14 sys=0.00, real=0.24 secs] 
5507.448: [GC (Allocation Failure) [PSYoungGen: 232960K->178869K(465920K)] 435133K->381043K(1864192K), 0.0314768 secs] [Times: user=0.13 sys=0.01, real=0.04 secs] 
5507.614: [GC (Allocation Failure) [PSYoungGen: 403649K->179062K(465920K)] 605823K->444164K(1864192K), 0.0433548 secs] [Times: user=0.20 sys=0.00, real=0.04 secs] 
5508.503: [GC (Allocation Failure) [PSYoungGen: 412022K->168210K(461824K)] 677124K->490016K(1860096K), 0.0548577 secs] [Times: user=0.27 sys=0.00, real=0.05 secs] 
5509.212: [GC (Allocation Failure) [PSYoungGen: 401170K->114381K(463872K)] 722976K->500603K(1862144K), 0.0733360 secs] [Times: user=0.38 sys=0.00, real=0.07 secs] 
5509.684: [GC (Allocation Failure) [PSYoungGen: 347341K->179925K(465920K)] 733563K->602156K(1864192K), 0.0510098 secs] [Times: user=0.24 sys=0.00, real=0.05 secs] 
5509.867: [GC (Allocation Failure) [PSYoungGen: 412885K->185495K(465920K)] 835116K->670754K(1864192K), 0.0501980 secs] [Times: user=0.23 sys=0.00, real=0.05 secs] 
5510.062: [GC (Allocation Failure) [PSYoungGen: 418455K->184404K(465920K)] 903714K->728503K(1864192K), 0.0809274 secs] [Times: user=0.42 sys=0.00, real=0.08 secs] 
5511.098: [GC (Allocation Failure) [PSYoungGen: 417364K->97643K(465920K)] 961463K->711298K(1864192K), 0.0460700 secs] [Times: user=0.23 sys=0.01, real=0.05 secs] 
5512.389: [GC (Allocation Failure) [PSYoungGen: 330603K->172820K(465920K)] 944258K->817488K(1864192K), 0.0686544 secs] [Times: user=0.31 sys=0.00, real=0.07 secs] 
5512.675: [GC (Allocation Failure) [PSYoungGen: 405780K->185174K(465920K)] 1050448K->884126K(1864192K), 0.0449250 secs] [Times: user=0.20 sys=0.00, real=0.04 secs] 
5512.866: [GC (Allocation Failure) [PSYoungGen: 404803K->173269K(465920K)] 1103755K->936545K(1864192K), 0.0660799 secs] [Times: user=0.33 sys=0.00, real=0.07 secs] 
5513.719: [GC (Allocation Failure) [PSYoungGen: 406229K->212416K(465920K)] 1169505K->1030704K(1864192K), 0.0509628 secs] [Times: user=0.22 sys=0.00, real=0.06 secs] 
5514.683: [GC (Allocation Failure) [PSYoungGen: 445376K->106460K(465920K)] 1263664K->989388K(1864192K), 0.1167658 secs] [Times: user=0.64 sys=0.00, real=0.11 secs] 
5516.210: [GC (Allocation Failure) [PSYoungGen: 339420K->176501K(465920K)] 1222348K->1093158K(1864192K), 0.0508476 secs] [Times: user=0.23 sys=0.00, real=0.05 secs] 
5516.399: [GC (Allocation Failure) [PSYoungGen: 409461K->185718K(465920K)] 1326118K->1157487K(1864192K), 0.0437893 secs] [Times: user=0.19 sys=0.00, real=0.05 secs] 
5516.556: [GC (Allocation Failure) [PSYoungGen: 418678K->187477K(465920K)] 1390447K->1215566K(1864192K), 0.0461760 secs] [Times: user=0.21 sys=0.00, real=0.05 secs] 
5517.530: [GC (Allocation Failure) [PSYoungGen: 420437K->102364K(465920K)] 1448526K->1200969K(1864192K), 0.0457420 secs] [Times: user=0.23 sys=0.01, real=0.04 secs] 
5519.079: [GC (Allocation Failure) [PSYoungGen: 335324K->169268K(465920K)] 1433929K->1300494K(1864192K), 0.0836745 secs] [Times: user=0.41 sys=0.00, real=0.09 secs] 
5519.357: [GC (Allocation Failure) [PSYoungGen: 402228K->185238K(465920K)] 1533454K->1369520K(1864192K), 0.0441435 secs] [Times: user=0.20 sys=0.00, real=0.05 secs] 
5519.521: [GC (Allocation Failure) [PSYoungGen: 417150K->184599K(465920K)] 1601433K->1433361K(1864192K), 0.0512612 secs] [Times: user=0.24 sys=0.00, real=0.05 secs] 
5520.432: [GC (Allocation Failure) [PSYoungGen: 417559K->169907K(465920K)] 1666321K->1477461K(1864192K), 0.0595871 secs] [Times: user=0.30 sys=0.00, real=0.06 secs] 
5520.868: [GC (Allocation Failure) [PSYoungGen: 402867K->110989K(465920K)] 1710421K->1483615K(1864192K), 0.0553031 secs] [Times: user=0.28 sys=0.00, real=0.06 secs] 
5520.923: [Full GC (Ergonomics) [PSYoungGen: 110989K->0K(465920K)] [ParOldGen: 1372626K->127176K(1398272K)] 1483615K->127176K(1864192K), [Metaspace: 59586K->59586K(1105920K)], 0.1211083 secs] [Times: user=0.52 sys=0.00, real=0.12 secs] 
5521.843: [GC (Allocation Failure) [PSYoungGen: 228708K->172500K(465920K)] 355885K->299677K(1864192K), 0.0298415 secs] [Times: user=0.11 sys=0.00, real=0.03 secs] 
5521.999: [GC (Allocation Failure) [PSYoungGen: 405460K->185910K(465920K)] 532637K->367287K(1864192K), 0.0405968 secs] [Times: user=0.18 sys=0.00, real=0.04 secs] 
5522.153: [GC (Allocation Failure) [PSYoungGen: 418870K->187477K(465920K)] 600247K->425134K(1864192K), 0.0446023 secs] [Times: user=0.21 sys=0.00, real=0.04 secs] 
5523.188: [GC (Allocation Failure) [PSYoungGen: 420437K->101676K(465920K)] 658094K->409997K(1864192K), 0.0436214 secs] [Times: user=0.23 sys=0.01, real=0.05 secs] 
5524.224: [GC (GCLocker Initiated GC) [PSYoungGen: 334636K->168244K(465920K)] 642958K->509171K(1864192K), 0.0964879 secs] [Times: user=0.48 sys=0.00, real=0.10 secs] 
5524.537: [GC (Allocation Failure) [PSYoungGen: 401204K->191381K(465920K)] 742261K->585334K(1864192K), 0.0429381 secs] [Times: user=0.19 sys=0.00, real=0.05 secs] 
5524.700: [GC (Allocation Failure) [PSYoungGen: 424341K->185975K(465920K)] 818294K->643832K(1864192K), 0.0489377 secs] [Times: user=0.23 sys=0.00, real=0.05 secs] 
5525.665: [GC (Allocation Failure) [PSYoungGen: 418935K->170611K(465920K)] 876792K->687492K(1864192K), 0.0548101 secs] [Times: user=0.28 sys=0.00, real=0.05 secs] 
5526.318: [GC (Allocation Failure) [PSYoungGen: 403571K->107644K(465920K)] 920452K->689733K(1864192K), 0.1064082 secs] [Times: user=0.57 sys=0.00, real=0.11 secs] 
5527.111: [GC (Allocation Failure) [PSYoungGen: 335676K->176117K(465920K)] 917765K->792555K(1864192K), 0.0504512 secs] [Times: user=0.22 sys=0.01, real=0.05 secs] 
5527.303: [GC (Allocation Failure) [PSYoungGen: 409077K->185430K(465920K)] 1025515K->856772K(1864192K), 0.0433138 secs] [Times: user=0.20 sys=0.00, real=0.04 secs] 
5527.508: [GC (Allocation Failure) [PSYoungGen: 418390K->187445K(465920K)] 1089732K->914947K(1864192K), 0.0735614 secs] [Times: user=0.37 sys=0.00, real=0.08 secs] 
5528.530: [GC (GCLocker Initiated GC) [PSYoungGen: 420405K->101212K(465920K)] 1147909K->899308K(1864192K), 0.0442335 secs] [Times: user=0.23 sys=0.00, real=0.04 secs] 
5529.642: [GC (Allocation Failure) [PSYoungGen: 334172K->167892K(465920K)] 1132272K->998389K(1864192K), 0.1085397 secs] [Times: user=0.55 sys=0.00, real=0.11 secs] 
5529.951: [GC (Allocation Failure) [PSYoungGen: 400852K->181973K(465920K)] 1231349K->1065265K(1864192K), 0.0436818 secs] [Times: user=0.19 sys=0.00, real=0.04 secs] 
5530.114: [GC (Allocation Failure) [PSYoungGen: 414933K->185975K(465920K)] 1298225K->1132939K(1864192K), 0.0514393 secs] [Times: user=0.25 sys=0.00, real=0.05 secs] 
5530.998: [GC (Allocation Failure) [PSYoungGen: 418935K->216287K(465920K)] 1365899K->1222211K(1864192K), 0.0525566 secs] [Times: user=0.26 sys=0.01, real=0.06 secs] 
5531.500: [GC (Allocation Failure) [PSYoungGen: 449247K->109629K(465920K)] 1455171K->1181537K(1864192K), 0.0667470 secs] [Times: user=0.35 sys=0.01, real=0.06 secs] 
5532.557: [GC (Allocation Failure) [PSYoungGen: 340265K->173717K(465920K)] 1412174K->1279864K(1864192K), 0.0507830 secs] [Times: user=0.23 sys=0.00, real=0.05 secs] 
5532.743: [GC (Allocation Failure) [PSYoungGen: 406677K->185686K(465920K)] 1512824K->1346169K(1864192K), 0.0442301 secs] [Times: user=0.20 sys=0.00, real=0.04 secs] 
5532.932: [GC (Allocation Failure) [PSYoungGen: 418646K->217333K(465920K)] 1579129K->1434096K(1864192K), 0.0670173 secs] [Times: user=0.33 sys=0.00, real=0.06 secs] 
5533.972: [GC (Allocation Failure) [PSYoungGen: 450293K->101916K(465920K)] 1667056K->1388199K(1864192K), 0.0457489 secs] [Times: user=0.23 sys=0.00, real=0.04 secs] 
5535.214: [GC (Allocation Failure) [PSYoungGen: 334876K->168404K(465920K)] 1621159K->1487140K(1864192K), 0.0984765 secs] [Times: user=0.50 sys=0.01, real=0.10 secs] 
5535.312: [Full GC (Ergonomics) [PSYoungGen: 168404K->0K(465920K)] [ParOldGen: 1318736K->191653K(1398272K)] 1487140K->191653K(1864192K), [Metaspace: 59586K->59586K(1105920K)], 0.2417026 secs] [Times: user=1.17 sys=0.00, real=0.24 secs] 
5535.672: [GC (Allocation Failure) [PSYoungGen: 232960K->185558K(465920K)] 424613K->377211K(1864192K), 0.0325590 secs] [Times: user=0.13 sys=0.00, real=0.03 secs] 
5535.841: [GC (Allocation Failure) [PSYoungGen: 418518K->185719K(465920K)] 610171K->442004K(1864192K), 0.0441841 secs] [Times: user=0.20 sys=0.00, real=0.04 secs] 
5536.715: [GC (Allocation Failure) [PSYoungGen: 418679K->171123K(465920K)] 674964K->486376K(1864192K), 0.0577712 secs] [Times: user=0.29 sys=0.00, real=0.06 secs] 
5537.611: [GC (Allocation Failure) [PSYoungGen: 404083K->105980K(465920K)] 719336K->486817K(1864192K), 0.1200815 secs] [Times: user=0.66 sys=0.00, real=0.12 secs] 
5539.005: [GC (Allocation Failure) [PSYoungGen: 338940K->175541K(465920K)] 719777K->590043K(1864192K), 0.0506446 secs] [Times: user=0.23 sys=0.00, real=0.05 secs] 
5539.192: [GC (Allocation Failure) [PSYoungGen: 408501K->185718K(465920K)] 823003K->654920K(1864192K), 0.0426907 secs] [Times: user=0.20 sys=0.00, real=0.04 secs] 
5539.344: [GC (Allocation Failure) [PSYoungGen: 418678K->187829K(465920K)] 887880K->713215K(1864192K), 0.0455542 secs] [Times: user=0.21 sys=0.00, real=0.05 secs] 
5540.381: [GC (Allocation Failure) [PSYoungGen: 420789K->99196K(465920K)] 946175K->695430K(1864192K), 0.0442254 secs] [Times: user=0.23 sys=0.00, real=0.04 secs] 
5541.960: [GC (Allocation Failure) [PSYoungGen: 332156K->165972K(465920K)] 928390K->793579K(1864192K), 0.0879145 secs] [Times: user=0.44 sys=0.00, real=0.08 secs] 
5542.274: [GC (Allocation Failure) [PSYoungGen: 398932K->184950K(465920K)] 1026539K->864697K(1864192K), 0.0440325 secs] [Times: user=0.20 sys=0.00, real=0.04 secs] 
5542.488: [GC (GCLocker Initiated GC) [PSYoungGen: 417910K->185719K(465920K)] 1097657K->929802K(1864192K), 0.0746507 secs] [Times: user=0.37 sys=0.00, real=0.08 secs] 
5543.408: [GC (Allocation Failure) [PSYoungGen: 418679K->174899K(465920K)] 1168004K->983145K(1864192K), 0.0646204 secs] [Times: user=0.34 sys=0.00, real=0.07 secs] 
5544.434: [GC (Allocation Failure) [PSYoungGen: 407859K->109005K(465920K)] 1216105K->983714K(1864192K), 0.1520685 secs] [Times: user=0.79 sys=0.01, real=0.15 secs] 
5545.669: [GC (Allocation Failure) [PSYoungGen: 341802K->174261K(465920K)] 1216511K->1083447K(1864192K), 0.0538216 secs] [Times: user=0.24 sys=0.01, real=0.06 secs] 
5545.866: [GC (Allocation Failure) [PSYoungGen: 407221K->185814K(465920K)] 1316407K->1149428K(1864192K), 0.0440983 secs] [Times: user=0.20 sys=0.00, real=0.05 secs] 
5546.024: [GC (Allocation Failure) [PSYoungGen: 418774K->187893K(465920K)] 1382388K->1207763K(1864192K), 0.0468092 secs] [Times: user=0.21 sys=0.00, real=0.05 secs] 
5547.017: [GC (Allocation Failure) [PSYoungGen: 420853K->98491K(465920K)] 1440723K->1189254K(1864192K), 0.0449348 secs] [Times: user=0.24 sys=0.00, real=0.05 secs] 
5547.842: [GC (GCLocker Initiated GC) [PSYoungGen: 331451K->171860K(465920K)] 1422215K->1294217K(1864192K), 0.0643669 secs] [Times: user=0.31 sys=0.00, real=0.06 secs] 
5548.112: [GC (Allocation Failure) [PSYoungGen: 404820K->185558K(465920K)] 1527342K->1361859K(1864192K), 0.0573169 secs] [Times: user=0.28 sys=0.00, real=0.05 secs] 
5548.297: [GC (Allocation Failure) [PSYoungGen: 418518K->182838K(465920K)] 1594819K->1423508K(1864192K), 0.0506268 secs] [Times: user=0.23 sys=0.00, real=0.05 secs] 
5549.230: [GC (Allocation Failure) [PSYoungGen: 415798K->170131K(465920K)] 1656468K->1468704K(1864192K), 0.0552364 secs] [Times: user=0.28 sys=0.00, real=0.05 secs] 
5549.748: [GC (Allocation Failure) [PSYoungGen: 403091K->107964K(465920K)] 1701664K->1471746K(1864192K), 0.0913375 secs] [Times: user=0.49 sys=0.00, real=0.09 secs] 
5549.839: [Full GC (Ergonomics) [PSYoungGen: 107964K->0K(465920K)] [ParOldGen: 1363781K->124542K(1398272K)] 1471746K->124542K(1864192K), [Metaspace: 59586K->59586K(1105920K)], 0.1779097 secs] [Times: user=0.78 sys=0.00, real=0.18 secs] 
5550.286: [GC (Allocation Failure) [PSYoungGen: 232960K->180533K(465920K)] 357502K->305076K(1864192K), 0.0266045 secs] [Times: user=0.10 sys=0.00, real=0.03 secs] 
5550.459: [GC (Allocation Failure) [PSYoungGen: 413493K->185655K(465920K)] 538036K->373282K(1864192K), 0.0520811 secs] [Times: user=0.24 sys=0.00, real=0.06 secs] 
5550.646: [GC (Allocation Failure) [PSYoungGen: 418615K->186453K(465920K)] 606246K->432804K(1864192K), 0.0597956 secs] [Times: user=0.30 sys=0.00, real=0.06 secs] 
5551.686: [GC (Allocation Failure) [PSYoungGen: 419413K->94571K(465920K)] 665764K->411298K(1864192K), 0.0455181 secs] [Times: user=0.24 sys=0.00, real=0.05 secs] 
5552.055: [GC (Allocation Failure) [PSYoungGen: 327531K->176181K(465920K)] 644258K->523016K(1864192K), 0.0870367 secs] [Times: user=0.42 sys=0.00, real=0.09 secs] 
5552.336: [GC (Allocation Failure) [PSYoungGen: 409141K->185398K(465920K)] 755976K->587621K(1864192K), 0.0427341 secs] [Times: user=0.19 sys=0.00, real=0.04 secs] 
5552.489: [GC (Allocation Failure) [PSYoungGen: 409830K->175733K(465920K)] 812053K->642349K(1864192K), 0.0481210 secs] [Times: user=0.22 sys=0.00, real=0.05 secs] 
5553.350: [GC (Allocation Failure) [PSYoungGen: 406870K->206579K(465920K)] 873486K->729010K(1864192K), 0.0552808 secs] [Times: user=0.28 sys=0.01, real=0.06 secs] 
5553.758: [GC (Allocation Failure) [PSYoungGen: 439539K->106156K(465920K)] 961970K->693336K(1864192K), 0.0406326 secs] [Times: user=0.20 sys=0.01, real=0.04 secs] 
5554.090: [GC (Allocation Failure) [PSYoungGen: 334343K->176981K(465920K)] 921523K->797677K(1864192K), 0.0589081 secs] [Times: user=0.27 sys=0.00, real=0.05 secs] 
5554.316: [GC (Allocation Failure) [PSYoungGen: 409941K->185750K(465920K)] 1030637K->861862K(1864192K), 0.0428995 secs] [Times: user=0.19 sys=0.00, real=0.04 secs] 
5554.516: [GC (Allocation Failure) [PSYoungGen: 418710K->184020K(465920K)] 1094822K->916477K(1864192K), 0.0572955 secs] [Times: user=0.28 sys=0.01, real=0.06 secs] 
Heap
 PSYoungGen      total 465920K, used 390835K [0x00000000d5