5.627: [GC (Allocation Failure) [PSYoungGen: 128000K->12489K(148992K)] 128000K->12577K(488960K), 0.0169751 secs] [Times: user=0.02 sys=0.00, real=0.01 secs] 
6.005: [GC (Metadata GC Threshold) [PSYoungGen: 48886K->6115K(148992K)] 48974K->6211K(488960K), 0.0043494 secs] [Times: user=0.01 sys=0.01, real=0.00 secs] 
6.010: [Full GC (Metadata GC Threshold) [PSYoungGen: 6115K->0K(148992K)] [ParOldGen: 96K->5937K(134144K)] 6211K->5937K(283136K), [Metaspace: 20457K->20457K(1067008K)], 0.0202739 secs] [Times: user=0.07 sys=0.01, real=0.02 secs] 
7.298: [GC (Allocation Failure) [PSYoungGen: 128000K->9880K(148992K)] 133937K->15826K(283136K), 0.0035497 secs] [Times: user=0.01 sys=0.00, real=0.00 secs] 
7.841: [GC (Metadata GC Threshold) [PSYoungGen: 37570K->4694K(148992K)] 43516K->10647K(283136K), 0.0031119 secs] [Times: user=0.02 sys=0.00, real=0.00 secs] 
7.844: [Full GC (Metadata GC Threshold) [PSYoungGen: 4694K->0K(148992K)] [ParOldGen: 5953K->8883K(224256K)] 10647K->8883K(373248K), [Metaspace: 33730K->33730K(1079296K)], 0.0348876 secs] [Times: user=0.08 sys=0.00, real=0.04 secs] 
9.197: [GC (Allocation Failure) [PSYoungGen: 128000K->12872K(148992K)] 136883K->21764K(373248K), 0.0044685 secs] [Times: user=0.01 sys=0.00, real=0.00 secs] 
9.826: [GC (Allocation Failure) [PSYoungGen: 140872K->14791K(180224K)] 149764K->56467K(404480K), 0.0108019 secs] [Times: user=0.05 sys=0.01, real=0.01 secs] 
11.106: [GC (Allocation Failure) [PSYoungGen: 178755K->4807K(182272K)] 220431K->112027K(406528K), 0.0113664 secs] [Times: user=0.07 sys=0.01, real=0.01 secs] 
12.117: [GC (Allocation Failure) [PSYoungGen: 163009K->4759K(251392K)] 270229K->177515K(475648K), 0.0107913 secs] [Times: user=0.05 sys=0.00, real=0.01 secs] 
12.128: [Full GC (Ergonomics) [PSYoungGen: 4759K->0K(251392K)] [ParOldGen: 172755K->159800K(521216K)] 177515K->159800K(772608K), [Metaspace: 52463K->52463K(1097728K)], 0.0898590 secs] [Times: user=0.42 sys=0.01, real=0.09 secs] 
13.281: [GC (Allocation Failure) [PSYoungGen: 233472K->1552K(251392K)] 393272K->259665K(772608K), 0.0090784 secs] [Times: user=0.05 sys=0.00, real=0.01 secs] 
14.159: [GC (Allocation Failure) [PSYoungGen: 235024K->10330K(295936K)] 493137K->268450K(817152K), 0.0037732 secs] [Times: user=0.01 sys=0.01, real=0.00 secs] 
15.212: [GC (Allocation Failure) [PSYoungGen: 291930K->1738K(300032K)] 550050K->259866K(821248K), 0.0020132 secs] [Times: user=0.01 sys=0.00, real=0.00 secs] 
16.957: [GC (Allocation Failure) [PSYoungGen: 283338K->10077K(339968K)] 541466K->268205K(861184K), 0.0045350 secs] [Times: user=0.02 sys=0.00, real=0.00 secs] 
19.939: [GC (Allocation Failure) [PSYoungGen: 336733K->1898K(345088K)] 594861K->260026K(866304K), 0.0020658 secs] [Times: user=0.01 sys=0.01, real=0.00 secs] 
21.160: [GC (Allocation Failure) [PSYoungGen: 328554K->1837K(379392K)] 586682K->259965K(900608K), 0.0026350 secs] [Times: user=0.01 sys=0.00, real=0.00 secs] 
22.161: [GC (Allocation Failure) [PSYoungGen: 367917K->2026K(384000K)] 626045K->260154K(905216K), 0.0020265 secs] [Times: user=0.00 sys=0.00, real=0.00 secs] 
26.790: [GC (Allocation Failure) [PSYoungGen: 368106K->1834K(408576K)] 626234K->259962K(929792K), 0.0025127 secs] [Times: user=0.01 sys=0.01, real=0.00 secs] 
28.095: [GC (Allocation Failure) [PSYoungGen: 400682K->2357K(416256K)] 658810K->260494K(937472K), 0.0028099 secs] [Times: user=0.01 sys=0.00, real=0.01 secs] 
29.182: [GC (Allocation Failure) [PSYoungGen: 401147K->3165K(435712K)] 659284K->261309K(956928K), 0.0024703 secs] [Times: user=0.01 sys=0.00, real=0.00 secs] 
30.629: [GC (Allocation Failure) [PSYoungGen: 424541K->2074K(437248K)] 682685K->260218K(958464K), 0.0018103 secs] [Times: user=0.01 sys=0.00, real=0.00 secs] 
36.278: [GC (Allocation Failure) [PSYoungGen: 423450K->2074K(451072K)] 681594K->260218K(972288K), 0.0036562 secs] [Times: user=0.02 sys=0.00, real=0.00 secs] 
37.813: [GC (Allocation Failure) [PSYoungGen: 441882K->2141K(454656K)] 700026K->260293K(975872K), 0.0036081 secs] [Times: user=0.01 sys=0.00, real=0.01 secs] 
39.903: [GC (Allocation Failure) [PSYoungGen: 441949K->10365K(473088K)] 700101K->276709K(994304K), 0.0037791 secs] [Times: user=0.01 sys=0.00, real=0.01 secs] 
41.401: [GC (Allocation Failure) [PSYoungGen: 469117K->2202K(474624K)] 735461K->268546K(995840K), 0.0020568 secs] [Times: user=0.00 sys=0.00, real=0.00 secs] 
44.649: [GC (Allocation Failure) [PSYoungGen: 460954K->2080K(487424K)] 727298K->268509K(1008640K), 0.0022700 secs] [Times: user=0.01 sys=0.00, real=0.00 secs] 
47.241: [GC (Allocation Failure) [PSYoungGen: 478240K->1805K(490496K)] 744669K->268496K(1011712K), 0.0020564 secs] [Times: user=0.01 sys=0.00, real=0.00 secs] 
50.291: [GC (Allocation Failure) [PSYoungGen: 477965K->1808K(500224K)] 744656K->268531K(1021440K), 0.0038663 secs] [Times: user=0.02 sys=0.00, real=0.00 secs] 
53.448: [GC (Allocation Failure) [PSYoungGen: 489744K->1808K(501248K)] 756467K->268587K(1022464K), 0.0030963 secs] [Times: user=0.01 sys=0.00, real=0.00 secs] 
55.567: [GC (Allocation Failure) [PSYoungGen: 489744K->1840K(510976K)] 756523K->268651K(1032192K), 0.0024504 secs] [Times: user=0.00 sys=0.00, real=0.00 secs] 
57.723: [GC (Allocation Failure) [PSYoungGen: 501040K->10032K(511488K)] 767851K->285059K(1032704K), 0.0037266 secs] [Times: user=0.01 sys=0.00, real=0.01 secs] 
60.710: [GC (Allocation Failure) [PSYoungGen: 509232K->10016K(524800K)] 784259K->285091K(1046016K), 0.0031461 secs] [Times: user=0.01 sys=0.00, real=0.00 secs] 
62.924: [GC (Allocation Failure) [PSYoungGen: 520992K->2320K(525824K)] 796067K->277443K(1047040K), 0.0037749 secs] [Times: user=0.01 sys=0.00, real=0.01 secs] 
66.520: [GC (Allocation Failure) [PSYoungGen: 513296K->1693K(534528K)] 788419K->276992K(1055744K), 0.0022087 secs] [Times: user=0.00 sys=0.00, real=0.00 secs] 
68.261: [GC (Allocation Failure) [PSYoungGen: 524445K->1661K(536576K)] 799744K->276992K(1057792K), 0.0018838 secs] [Times: user=0.01 sys=0.00, real=0.00 secs] 
70.078: [GC (Allocation Failure) [PSYoungGen: 524413K->1728K(544768K)] 799744K->277091K(1065984K), 0.0018944 secs] [Times: user=0.01 sys=0.00, real=0.00 secs] 
72.883: [GC (Allocation Failure) [PSYoungGen: 534208K->1725K(545280K)] 809571K->277136K(1066496K), 0.0016725 secs] [Times: user=0.01 sys=0.00, real=0.00 secs] 
75.995: [GC (Allocation Failure) [PSYoungGen: 534205K->1693K(517632K)] 809616K->277136K(1038848K), 0.0020789 secs] [Times: user=0.01 sys=0.01, real=0.01 secs] 
78.217: [GC (Allocation Failure) [PSYoungGen: 517277K->1693K(501248K)] 792720K->277152K(1022464K), 0.0023028 secs] [Times: user=0.01 sys=0.00, real=0.00 secs] 
81.131: [GC (Allocation Failure) [PSYoungGen: 500893K->1725K(485888K)] 776352K->277192K(1007104K), 0.0033761 secs] [Times: user=0.01 sys=0.00, real=0.00 secs] 
84.103: [GC (Allocation Failure) [PSYoungGen: 485565K->1600K(471040K)] 761032K->277083K(992256K), 0.0036662 secs] [Times: user=0.01 sys=0.00, real=0.01 secs] 
85.830: [GC (Allocation Failure) [PSYoungGen: 470592K->1712K(456704K)] 746075K->277235K(977920K), 0.0021395 secs] [Times: user=0.01 sys=0.00, real=0.00 secs] 
88.524: [GC (Allocation Failure) [PSYoungGen: 456368K->9696K(451072K)] 731891K->293571K(972288K), 0.0088273 secs] [Times: user=0.04 sys=0.00, real=0.01 secs] 
89.960: [GC (Allocation Failure) [PSYoungGen: 451040K->1757K(430592K)] 734915K->285672K(951808K), 0.0018983 secs] [Times: user=0.01 sys=0.00, real=0.00 secs] 
93.144: [GC (Allocation Failure) [PSYoungGen: 430301K->1792K(418304K)] 714216K->285707K(939520K), 0.0019457 secs] [Times: user=0.01 sys=0.00, real=0.01 secs] 
94.807: [GC (Allocation Failure) [PSYoungGen: 418048K->1757K(406528K)] 701963K->285720K(927744K), 0.0023486 secs] [Times: user=0.01 sys=0.01, real=0.00 secs] 
96.796: [GC (Allocation Failure) [PSYoungGen: 406237K->10077K(403456K)] 690200K->302256K(924672K), 0.0060005 secs] [Times: user=0.02 sys=0.00, real=0.00 secs] 
99.085: [GC (Allocation Failure) [PSYoungGen: 403293K->1882K(384512K)] 695472K->294077K(905728K), 0.0018971 secs] [Times: user=0.01 sys=0.00, real=0.00 secs] 
101.319: [GC (Allocation Failure) [PSYoungGen: 384346K->1725K(373760K)] 676541K->293928K(894976K), 0.0026484 secs] [Times: user=0.01 sys=0.00, real=0.00 secs] 
103.043: [GC (Allocation Failure) [PSYoungGen: 373437K->1853K(363520K)] 665640K->294096K(884736K), 0.0034101 secs] [Times: user=0.01 sys=0.01, real=0.01 secs] 
106.163: [GC (Allocation Failure) [PSYoungGen: 363325K->1885K(353792K)] 655568K->294152K(875008K), 0.0020582 secs] [Times: user=0.01 sys=0.00, real=0.01 secs] 
111.327: [GC (Allocation Failure) [PSYoungGen: 353629K->1722K(344576K)] 645896K->294005K(865792K), 0.0033534 secs] [Times: user=0.02 sys=0.00, real=0.00 secs] 
112.172: [GC (Allocation Failure) [PSYoungGen: 344250K->10077K(344064K)] 636533K->310560K(865280K), 0.0034098 secs] [Times: user=0.02 sys=0.00, real=0.01 secs] 
113.269: [GC (Allocation Failure) [PSYoungGen: 343888K->1757K(327168K)] 644371K->302272K(848384K), 0.0018514 secs] [Times: user=0.01 sys=0.00, real=0.00 secs] 
115.081: [GC (Allocation Failure) [PSYoungGen: 326877K->1757K(318976K)] 627392K->302288K(840192K), 0.0043154 secs] [Times: user=0.02 sys=0.00, real=0.01 secs] 
116.197: [GC (Allocation Failure) [PSYoungGen: 318685K->1888K(310784K)] 619216K->302435K(832000K), 0.0022125 secs] [Times: user=0.00 sys=0.00, real=0.00 secs] 
117.703: [GC (Allocation Failure) [PSYoungGen: 310624K->1677K(303104K)] 611171K->302232K(824320K), 0.0026556 secs] [Times: user=0.01 sys=0.00, real=0.01 secs] 
118.589: [GC (Allocation Failure) [PSYoungGen: 302733K->3744K(297984K)] 603288K->304479K(819200K), 0.0024547 secs] [Times: user=0.01 sys=0.00, real=0.00 secs] 
120.718: [GC (Allocation Failure) [PSYoungGen: 297632K->1504K(288256K)] 598367K->302276K(809472K), 0.0024475 secs] [Times: user=0.01 sys=0.00, real=0.00 secs] 
122.056: [GC (Allocation Failure) [PSYoungGen: 288224K->9856K(290304K)] 588996K->310660K(811520K), 0.0035812 secs] [Times: user=0.01 sys=0.00, real=0.00 secs] 
125.073: [GC (Allocation Failure) [PSYoungGen: 289920K->1504K(274944K)] 590724K->302324K(796160K), 0.0016120 secs] [Times: user=0.01 sys=0.00, real=0.00 secs] 
125.919: [GC (Allocation Failure) [PSYoungGen: 274912K->9856K(277504K)] 575732K->310692K(798720K), 0.0035186 secs] [Times: user=0.01 sys=0.00, real=0.00 secs] 
128.021: [GC (Allocation Failure) [PSYoungGen: 277120K->1453K(262656K)] 577956K->302321K(783872K), 0.0021890 secs] [Times: user=0.01 sys=0.00, real=0.00 secs] 
128.590: [GC (Allocation Failure) [PSYoungGen: 262573K->3696K(259584K)] 563441K->304564K(780800K), 0.0087075 secs] [Times: user=0.04 sys=0.00, real=0.01 secs] 
129.670: [GC (Allocation Failure) [PSYoungGen: 259184K->1408K(251392K)] 560052K->302292K(772608K), 0.0031317 secs] [Times: user=0.01 sys=0.00, real=0.00 secs] 
130.226: [GC (Allocation Failure) [PSYoungGen: 251264K->1645K(246272K)] 552148K->302529K(767488K), 0.0019140 secs] [Times: user=0.01 sys=0.00, real=0.00 secs] 
132.714: [GC (Allocation Failure) [PSYoungGen: 245869K->1456K(240640K)] 546753K->302348K(761856K), 0.0034128 secs] [Times: user=0.01 sys=0.00, real=0.01 secs] 
134.172: [GC (Allocation Failure) [PSYoungGen: 240560K->1613K(236032K)] 541452K->302521K(757248K), 0.0020612 secs] [Times: user=0.01 sys=0.00, real=0.00 secs] 
135.024: [GC (Allocation Failure) [PSYoungGen: 235597K->1552K(230912K)] 536505K->302460K(752128K), 0.0022718 secs] [Times: user=0.01 sys=0.00, real=0.01 secs] 
136.578: [GC (Allocation Failure) [PSYoungGen: 230416K->1533K(225792K)] 531324K->302441K(747008K), 0.0017438 secs] [Times: user=0.01 sys=0.00, real=0.00 secs] 
137.491: [GC (Allocation Failure) [PSYoungGen: 225789K->3696K(223744K)] 526697K->304612K(744960K), 0.0026825 secs] [Times: user=0.01 sys=0.00, real=0.00 secs] 
140.124: [GC (Allocation Failure) [PSYoungGen: 223344K->1408K(216576K)] 524260K->302332K(737792K), 0.0040112 secs] [Times: user=0.01 sys=0.00, real=0.01 secs] 
140.852: [GC (Allocation Failure) [PSYoungGen: 216448K->1597K(212992K)] 517372K->302529K(734208K), 0.0018955 secs] [Times: user=0.00 sys=0.00, real=0.00 secs] 
142.227: [GC (Allocation Failure) [PSYoungGen: 212541K->1536K(208896K)] 513473K->318852K(730112K), 0.0068230 secs] [Times: user=0.03 sys=0.00, real=0.00 secs] 
143.196: [GC (Allocation Failure) [PSYoungGen: 208384K->1533K(204288K)] 525700K->318857K(725504K), 0.0017243 secs] [Times: user=0.01 sys=0.00, real=0.00 secs] 
143.551: [GC (Allocation Failure) [PSYoungGen: 204285K->1664K(200704K)] 521609K->318988K(721920K), 0.0020777 secs] [Times: user=0.01 sys=0.00, real=0.00 secs] 
146.401: [GC (Allocation Failure) [PSYoungGen: 200320K->1440K(196608K)] 517644K->318780K(717824K), 0.0040361 secs] [Times: user=0.01 sys=0.00, real=0.00 secs] 
147.610: [GC (Allocation Failure) [PSYoungGen: 196512K->1565K(193536K)] 513852K->318945K(714752K), 0.0017442 secs] [Times: user=0.01 sys=0.00, real=0.00 secs] 
148.429: [GC (Allocation Failure) [PSYoungGen: 193053K->3648K(192000K)] 510433K->321044K(713216K), 0.0031463 secs] [Times: user=0.02 sys=0.00, real=0.00 secs] 
150.521: [GC (Allocation Failure) [PSYoungGen: 191552K->1408K(185856K)] 508948K->318812K(707072K), 0.0026441 secs] [Times: user=0.01 sys=0.00, real=0.00 secs] 
151.184: [GC (Allocation Failure) [PSYoungGen: 185728K->1565K(183296K)] 503132K->318969K(704512K), 0.0018185 secs] [Times: user=0.01 sys=0.00, real=0.01 secs] 
151.604: [GC (Allocation Failure) [PSYoungGen: 182813K->3616K(182272K)] 500217K->321028K(703488K), 0.0022590 secs] [Times: user=0.01 sys=0.00, real=0.01 secs] 
152.931: [GC (Allocation Failure) [PSYoungGen: 181792K->1440K(176640K)] 499204K->318852K(697856K), 0.0021514 secs] [Times: user=0.01 sys=0.00, real=0.00 secs] 
153.806: [GC (Allocation Failure) [PSYoungGen: 176544K->1565K(174080K)] 493956K->318977K(695296K), 0.0018351 secs] [Times: user=0.01 sys=0.01, real=0.00 secs] 
154.373: [GC (Allocation Failure) [PSYoungGen: 173597K->2080K(171520K)] 491009K->319500K(692736K), 0.0031716 secs] [Times: user=0.01 sys=0.00, real=0.01 secs] 
156.880: [GC (Allocation Failure) [PSYoungGen: 171040K->1344K(167424K)] 488460K->318812K(688640K), 0.0025408 secs] [Times: user=0.01 sys=0.00, real=0.00 secs] 
157.694: [GC (Allocation Failure) [PSYoungGen: 167232K->1469K(164864K)] 484700K->318937K(686080K), 0.0016609 secs] [Times: user=0.01 sys=0.00, real=0.01 secs] 
157.978: [GC (Allocation Failure) [PSYoungGen: 164797K->1629K(162816K)] 482265K->319097K(684032K), 0.0018832 secs] [Times: user=0.01 sys=0.00, real=0.00 secs] 
159.904: [GC (Allocation Failure) [PSYoungGen: 162397K->1424K(159744K)] 479865K->318892K(680960K), 0.0053401 secs] [Times: user=0.02 sys=0.00, real=0.01 secs] 
161.819: [GC (Allocation Failure) [PSYoungGen: 159632K->1344K(157184K)] 477100K->318820K(678400K), 0.0035913 secs] [Times: user=0.02 sys=0.00, real=0.00 secs] 
162.242: [GC (Allocation Failure) [PSYoungGen: 156992K->1565K(155136K)] 474468K->319041K(676352K), 0.0018757 secs] [Times: user=0.01 sys=0.00, real=0.00 secs] 
162.671: [GC (Allocation Failure) [PSYoungGen: 154653K->4576K(155136K)] 472129K->327188K(676352K), 0.0025822 secs] [Times: user=0.01 sys=0.00, real=0.00 secs] 
163.957: [GC (Allocation Failure) [PSYoungGen: 155104K->352K(148992K)] 477716K->322972K(670208K), 0.0023224 secs] [Times: user=0.01 sys=0.00, real=0.00 secs] 
165.027: [GC (Allocation Failure) [PSYoungGen: 148832K->1469K(147968K)] 471452K->324089K(669184K), 0.0019833 secs] [Times: user=0.00 sys=0.00, real=0.00 secs] 
165.283: [GC (Allocation Failure) [PSYoungGen: 147901K->1533K(145920K)] 470521K->324153K(667136K), 0.0019120 secs] [Times: user=0.00 sys=0.00, real=0.00 secs] 
166.121: [GC (Allocation Failure) [PSYoungGen: 145917K->1440K(143872K)] 468537K->324060K(665088K), 0.0039692 secs] [Times: user=0.01 sys=0.00, real=0.00 secs] 
167.236: [GC (Allocation Failure) [PSYoungGen: 143776K->1440K(141824K)] 466396K->324068K(663040K), 0.0025848 secs] [Times: user=0.01 sys=0.00, real=0.00 secs] 
167.917: [GC (Allocation Failure) [PSYoungGen: 141728K->1440K(139776K)] 464356K->324076K(660992K), 0.0017201 secs] [Times: user=0.01 sys=0.01, real=0.00 secs] 
168.198: [GC (Allocation Failure) [PSYoungGen: 139680K->1552K(138240K)] 462316K->324188K(659456K), 0.0022601 secs] [Times: user=0.01 sys=0.00, real=0.00 secs] 
169.316: [GC (Allocation Failure) [PSYoungGen: 137744K->1440K(135680K)] 460380K->324084K(656896K), 0.0027792 secs] [Times: user=0.01 sys=0.00, real=0.00 secs] 
170.359: [GC (Allocation Failure) [PSYoungGen: 135584K->1408K(133632K)] 458228K->324052K(654848K), 0.0022503 secs] [Times: user=0.01 sys=0.01, real=0.00 secs] 
170.848: [GC (Allocation Failure) [PSYoungGen: 133504K->1533K(132096K)] 456148K->324193K(653312K), 0.0017295 secs] [Times: user=0.01 sys=0.00, real=0.00 secs] 
171.079: [GC (Allocation Failure) [PSYoungGen: 132093K->1584K(131072K)] 454753K->324244K(652288K), 0.0018418 secs] [Times: user=0.01 sys=0.00, real=0.00 secs] 
173.735: [GC (Allocation Failure) [PSYoungGen: 130608K->1488K(129024K)] 453268K->324148K(650240K), 0.0050014 secs] [Times: user=0.02 sys=0.00, real=0.01 secs] 
174.995: [GC (Allocation Failure) [PSYoungGen: 128976K->1376K(127488K)] 451636K->324036K(648704K), 0.0029544 secs] [Times: user=0.01 sys=0.01, real=0.01 secs] 
176.187: [GC (Allocation Failure) [PSYoungGen: 127328K->1437K(125952K)] 449988K->324097K(647168K), 0.0022694 secs] [Times: user=0.01 sys=0.00, real=0.00 secs] 
176.506: [GC (Allocation Failure) [PSYoungGen: 125853K->1581K(124928K)] 448513K->324241K(646144K), 0.0019181 secs] [Times: user=0.01 sys=0.00, real=0.00 secs] 
177.087: [GC (Allocation Failure) [PSYoungGen: 124461K->3488K(124928K)] 447121K->328196K(646144K), 0.0031986 secs] [Times: user=0.01 sys=0.00, real=0.00 secs] 
178.128: [GC (Allocation Failure) [PSYoungGen: 124832K->1440K(121344K)] 449540K->326148K(642560K), 0.0025591 secs] [Times: user=0.01 sys=0.00, real=0.00 secs] 
179.078: [GC (Allocation Failure) [PSYoungGen: 121248K->1376K(119808K)] 445956K->326084K(641024K), 0.0034888 secs] [Times: user=0.01 sys=0.00, real=0.00 secs] 
179.453: [GC (Allocation Failure) [PSYoungGen: 119648K->1565K(118784K)] 444356K->326273K(640000K), 0.0018672 secs] [Times: user=0.01 sys=0.00, real=0.00 secs] 
179.656: [GC (Allocation Failure) [PSYoungGen: 118301K->1597K(117248K)] 443009K->326313K(638464K), 0.0019400 secs] [Times: user=0.01 sys=0.00, real=0.00 secs] 
180.379: [GC (Allocation Failure) [PSYoungGen: 116797K->1456K(115200K)] 441513K->326180K(636416K), 0.0032983 secs] [Times: user=0.01 sys=0.00, real=0.00 secs] 
181.354: [GC (Allocation Failure) [PSYoungGen: 115120K->1344K(113664K)] 439844K->326068K(634880K), 0.0048780 secs] [Times: user=0.02 sys=0.00, real=0.01 secs] 
182.577: [GC (Allocation Failure) [PSYoungGen: 113472K->1472K(112128K)] 438196K->326204K(633344K), 0.0028419 secs] [Times: user=0.02 sys=0.00, real=0.00 secs] 
182.830: [GC (Allocation Failure) [PSYoungGen: 112064K->1629K(111616K)] 436796K->326361K(632832K), 0.0018828 secs] [Times: user=0.00 sys=0.00, real=0.00 secs] 
183.020: [GC (Allocation Failure) [PSYoungGen: 111197K->1597K(110592K)] 435929K->326345K(631808K), 0.0017688 secs] [Times: user=0.00 sys=0.00, real=0.00 secs] 
183.846: [GC (Allocation Failure) [PSYoungGen: 110141K->1488K(109056K)] 434889K->326236K(630272K), 0.0021940 secs] [Times: user=0.01 sys=0.00, real=0.00 secs] 
184.812: [GC (Allocation Failure) [PSYoungGen: 109008K->1424K(108032K)] 433756K->326172K(629248K), 0.0024312 secs] [Times: user=0.01 sys=0.00, real=0.00 secs] 
185.339: [GC (Allocation Failure) [PSYoungGen: 107920K->1472K(107008K)] 432668K->326220K(628224K), 0.0023001 secs] [Times: user=0.01 sys=0.00, real=0.00 secs] 
185.540: [GC (Allocation Failure) [PSYoungGen: 106944K->1565K(106496K)] 431692K->326313K(627712K), 0.0017990 secs] [Times: user=0.01 sys=0.00, real=0.00 secs] 
185.722: [GC (Allocation Failure) [PSYoungGen: 106013K->1517K(104960K)] 430761K->326265K(626176K), 0.0018590 secs] [Times: user=0.01 sys=0.00, real=0.00 secs] 
187.006: [GC (Allocation Failure) [PSYoungGen: 104941K->1488K(103936K)] 429689K->334452K(625152K), 0.0043275 secs] [Times: user=0.02 sys=0.00, real=0.00 secs] 
188.159: [GC (Allocation Failure) [PSYoungGen: 103888K->1312K(102912K)] 436852K->334284K(624128K), 0.0035749 secs] [Times: user=0.01 sys=0.00, real=0.00 secs] 
189.712: [GC (Allocation Failure) [PSYoungGen: 102688K->1408K(101888K)] 435660K->334380K(623104K), 0.0048996 secs] [Times: user=0.02 sys=0.00, real=0.01 secs] 
190.333: [GC (Allocation Failure) [PSYoungGen: 101731K->1504K(100864K)] 434703K->334476K(622080K), 0.0021647 secs] [Times: user=0.01 sys=0.00, real=0.01 secs] 
190.510: [GC (Allocation Failure) [PSYoungGen: 100832K->1565K(100352K)] 433804K->334537K(621568K), 0.0017962 secs] [Times: user=0.01 sys=0.00, real=0.00 secs] 
191.716: [GC (Allocation Failure) [PSYoungGen: 99869K->1456K(98816K)] 432841K->336484K(620032K), 0.0054395 secs] [Times: user=0.02 sys=0.00, real=0.00 secs] 
192.685: [GC (Allocation Failure) [PSYoungGen: 98736K->1424K(97792K)] 433764K->336452K(619008K), 0.0029240 secs] [Times: user=0.01 sys=0.00, real=0.01 secs] 
193.575: [GC (Allocation Failure) [PSYoungGen: 97680K->1376K(96768K)] 432708K->336404K(617984K), 0.0046244 secs] [Times: user=0.01 sys=0.00, real=0.01 secs] 
194.353: [GC (Allocation Failure) [PSYoungGen: 96608K->1469K(95744K)] 431636K->336497K(616960K), 0.0025994 secs] [Times: user=0.01 sys=0.00, real=0.01 secs] 
194.632: [GC (Allocation Failure) [PSYoungGen: 95677K->1504K(94720K)] 430705K->336532K(615936K), 0.0020898 secs] [Times: user=0.01 sys=0.00, real=0.00 secs] 
194.797: [GC (Allocation Failure) [PSYoungGen: 94688K->1533K(93696K)] 429716K->336569K(614912K), 0.0019543 secs] [Times: user=0.01 sys=0.00, real=0.00 secs] 
195.163: [GC (Allocation Failure) [PSYoungGen: 93693K->1472K(92672K)] 428729K->336508K(613888K), 0.0029762 secs] [Times: user=0.01 sys=0.00, real=0.01 secs] 
195.673: [GC (Allocation Failure) [PSYoungGen: 92608K->1440K(91648K)] 427644K->336476K(612864K), 0.0025225 secs] [Times: user=0.01 sys=0.00, real=0.01 secs] 
196.319: [GC (Allocation Failure) [PSYoungGen: 91552K->1424K(90624K)] 426588K->336460K(611840K), 0.0019160 secs] [Times: user=0.01 sys=0.00, real=0.00 secs] 
196.975: [GC (Allocation Failure) [PSYoungGen: 90512K->1472K(89600K)] 425548K->336508K(610816K), 0.0024195 secs] [Times: user=0.01 sys=0.00, real=0.00 secs] 
197.171: [GC (Allocation Failure) [PSYoungGen: 89536K->1504K(89088K)] 424572K->336572K(610304K), 0.0016137 secs] [Times: user=0.00 sys=0.00, real=0.00 secs] 
197.325: [GC (Allocation Failure) [PSYoungGen: 89056K->1469K(88576K)] 424124K->336553K(609792K), 0.0016773 secs] [Times: user=0.00 sys=0.00, real=0.01 secs] 
197.620: [GC (Allocation Failure) [PSYoungGen: 88509K->1472K(88064K)] 423593K->336556K(609280K), 0.0021160 secs] [Times: user=0.01 sys=0.00, real=0.00 secs] 
198.026: [GC (Allocation Failure) [PSYoungGen: 88000K->1376K(87552K)] 423084K->336460K(608768K), 0.0021299 secs] [Times: user=0.01 sys=0.00, real=0.00 secs] 
198.384: [GC (Allocation Failure) [PSYoungGen: 87392K->1376K(87040K)] 422476K->336460K(608256K), 0.0021203 secs] [Times: user=0.01 sys=0.00, real=0.01 secs] 
198.755: [GC (Allocation Failure) [PSYoungGen: 86880K->1472K(86528K)] 421964K->336556K(607744K), 0.0026752 secs] [Times: user=0.01 sys=0.00, real=0.01 secs] 
198.945: [GC (Allocation Failure) [PSYoungGen: 86464K->1501K(86016K)] 421548K->336593K(607232K), 0.0016403 secs] [Times: user=0.01 sys=0.00, real=0.01 secs] 
199.093: [GC (Allocation Failure) [PSYoungGen: 85981K->1533K(92160K)] 421073K->336625K(613376K), 0.0018018 secs] [Times: user=0.01 sys=0.00, real=0.00 secs] 
199.645: [GC (Allocation Failure) [PSYoungGen: 92157K->1456K(98816K)] 427249K->336556K(620032K), 0.0043777 secs] [Times: user=0.01 sys=0.00, real=0.01 secs] 
201.264: [GC (Allocation Failure) [PSYoungGen: 98736K->1408K(97792K)] 433836K->336508K(619008K), 0.0036907 secs] [Times: user=0.02 sys=0.00, real=0.01 secs] 
202.199: [GC (Allocation Failure) [PSYoungGen: 97664K->1376K(96768K)] 432764K->336476K(617984K), 0.0025086 secs] [Times: user=0.01 sys=0.00, real=0.00 secs] 
202.905: [GC (Allocation Failure) [PSYoungGen: 96608K->1472K(95744K)] 431708K->336580K(616960K), 0.0025937 secs] [Times: user=0.01 sys=0.00, real=0.01 secs] 
203.114: [GC (Allocation Failure) [PSYoungGen: 95680K->1456K(94720K)] 430788K->336564K(615936K), 0.0016119 secs] [Times: user=0.00 sys=0.00, real=0.01 secs] 
203.278: [GC (Allocation Failure) [PSYoungGen: 94640K->1504K(93696K)] 429748K->336612K(614912K), 0.0018080 secs] [Times: user=0.01 sys=0.00, real=0.00 secs] 
203.930: [GC (Allocation Failure) [PSYoungGen: 93664K->1456K(92672K)] 428772K->336564K(613888K), 0.0034093 secs] [Times: user=0.02 sys=0.00, real=0.00 secs] 
205.629: [GC (Allocation Failure) [PSYoungGen: 92592K->1376K(91648K)] 427700K->336484K(612864K), 0.0044848 secs] [Times: user=0.02 sys=0.00, real=0.00 secs] 
206.768: [GC (Allocation Failure) [PSYoungGen: 91488K->1376K(90624K)] 426596K->336492K(611840K), 0.0044330 secs] [Times: user=0.02 sys=0.00, real=0.00 secs] 
207.523: [GC (Allocation Failure) [PSYoungGen: 90464K->1437K(89600K)] 425580K->336561K(610816K), 0.0024121 secs] [Times: user=0.01 sys=0.00, real=0.01 secs] 
207.716: [GC (Allocation Failure) [PSYoungGen: 89501K->1533K(89088K)] 424625K->336657K(610304K), 0.0016113 secs] [Times: user=0.01 sys=0.00, real=0.00 secs] 
207.895: [GC (Allocation Failure) [PSYoungGen: 89085K->1504K(88576K)] 424209K->336628K(609792K), 0.0021734 secs] [Times: user=0.01 sys=0.00, real=0.00 secs] 
208.282: [GC (Allocation Failure) [PSYoungGen: 88544K->1440K(88064K)] 423668K->340660K(609280K), 0.0023165 secs] [Times: user=0.01 sys=0.00, real=0.00 secs] 
209.388: [GC (Allocation Failure) [PSYoungGen: 87968K->1408K(87552K)] 427188K->340628K(608768K), 0.0046307 secs] [Times: user=0.01 sys=0.00, real=0.00 secs] 
210.803: [GC (Allocation Failure) [PSYoungGen: 87424K->1376K(87040K)] 426644K->340596K(608256K), 0.0044798 secs] [Times: user=0.02 sys=0.00, real=0.01 secs] 
211.996: [GC (Allocation Failure) [PSYoungGen: 86880K->1392K(86528K)] 426100K->340628K(607744K), 0.0034406 secs] [Times: user=0.02 sys=0.00, real=0.00 secs] 
212.282: [GC (Allocation Failure) [PSYoungGen: 86384K->1501K(86016K)] 425620K->340737K(607232K), 0.0020715 secs] [Times: user=0.01 sys=0.00, real=0.00 secs] 
212.482: [GC (Allocation Failure) [PSYoungGen: 85981K->1568K(86016K)] 425217K->340804K(607232K), 0.0022159 secs] [Times: user=0.00 sys=0.00, real=0.00 secs] 
212.670: [GC (Allocation Failure) [PSYoungGen: 84987K->256K(90624K)] 424223K->339492K(611840K), 0.0020944 secs] [Times: user=0.01 sys=0.00, real=0.00 secs] 
213.672: [GC (Allocation Failure) [PSYoungGen: 90368K->1440K(91136K)] 429604K->340684K(612352K), 0.0037577 secs] [Times: user=0.02 sys=0.00, real=0.01 secs] 
214.794: [GC (Allocation Failure) [PSYoungGen: 90528K->1376K(89600K)] 429772K->340620K(610816K), 0.0046527 secs] [Times: user=0.02 sys=0.00, real=0.01 secs] 
215.921: [GC (Allocation Failure) [PSYoungGen: 89440K->1408K(89088K)] 428684K->340660K(610304K), 0.0036985 secs] [Times: user=0.01 sys=0.00, real=0.00 secs] 
216.409: [GC (Allocation Failure) [PSYoungGen: 88960K->1501K(88576K)] 428212K->340753K(609792K), 0.0021462 secs] [Times: user=0.00 sys=0.00, real=0.00 secs] 
216.564: [GC (Allocation Failure) [PSYoungGen: 88541K->1501K(88064K)] 427793K->340753K(609280K), 0.0016933 secs] [Times: user=0.01 sys=0.00, real=0.01 secs] 
216.743: [GC (Allocation Failure) [PSYoungGen: 88029K->1501K(94208K)] 427281K->340777K(615424K), 0.0019862 secs] [Times: user=0.01 sys=0.00, real=0.01 secs] 
218.162: [GC (Allocation Failure) [PSYoungGen: 94173K->1408K(93184K)] 433449K->340684K(614400K), 0.0027424 secs] [Times: user=0.01 sys=0.00, real=0.00 secs] 
218.543: [GC (Allocation Failure) [PSYoungGen: 93056K->1376K(92160K)] 432332K->340652K(613376K), 0.0020579 secs] [Times: user=0.01 sys=0.00, real=0.01 secs] 
218.998: [GC (Allocation Failure) [PSYoungGen: 92000K->1408K(91136K)] 431276K->340684K(612352K), 0.0025056 secs] [Times: user=0.01 sys=0.00, real=0.00 secs] 
219.292: [GC (Allocation Failure) [PSYoungGen: 91008K->1501K(90112K)] 430284K->340785K(611328K), 0.0022182 secs] [Times: user=0.01 sys=0.00, real=0.00 secs] 
219.498: [GC (Allocation Failure) [PSYoungGen: 90077K->1469K(89600K)] 429361K->340753K(610816K), 0.0021757 secs] [Times: user=0.01 sys=0.00, real=0.00 secs] 
219.695: [GC (Allocation Failure) [PSYoungGen: 89533K->1504K(96256K)] 428817K->340820K(617472K), 0.0021159 secs] [Times: user=0.01 sys=0.00, real=0.01 secs] 
220.101: [GC (Allocation Failure) [PSYoungGen: 96224K->1440K(95232K)] 435540K->340764K(616448K), 0.0020811 secs] [Times: user=0.00 sys=0.00, real=0.00 secs] 
220.490: [GC (Allocation Failure) [PSYoungGen: 95136K->1408K(94208K)] 434460K->340732K(615424K), 0.0019840 secs] [Times: user=0.01 sys=0.00, real=0.00 secs] 
220.877: [GC (Allocation Failure) [PSYoungGen: 94080K->1408K(93184K)] 433404K->340748K(614400K), 0.0036410 secs] [Times: user=0.01 sys=0.00, real=0.00 secs] 
221.182: [GC (Allocation Failure) [PSYoungGen: 93056K->1533K(92160K)] 432396K->340889K(613376K), 0.0016728 secs] [Times: user=0.01 sys=0.00, real=0.00 secs] 
221.341: [GC (Allocation Failure) [PSYoungGen: 92157K->1453K(98816K)] 431513K->340809K(620032K), 0.0017040 secs] [Times: user=0.01 sys=0.00, real=0.00 secs] 
222.156: [GC (Allocation Failure) [PSYoungGen: 98733K->1488K(97792K)] 438089K->340844K(619008K), 0.0046471 secs] [Times: user=0.02 sys=0.00, real=0.00 secs] 
224.187: [GC (Allocation Failure) [PSYoungGen: 97744K->1392K(96768K)] 437100K->340748K(617984K), 0.0046244 secs] [Times: user=0.02 sys=0.00, real=0.00 secs] 
225.510: [GC (Allocation Failure) [PSYoungGen: 96624K->1408K(95744K)] 435980K->340764K(616960K), 0.0041901 secs] [Times: user=0.01 sys=0.00, real=0.00 secs] 
226.464: [GC (Allocation Failure) [PSYoungGen: 95616K->1472K(94720K)] 434972K->340828K(615936K), 0.0026208 secs] [Times: user=0.01 sys=0.00, real=0.01 secs] 
226.674: [GC (Allocation Failure) [PSYoungGen: 94656K->1469K(93696K)] 434012K->340841K(614912K), 0.0016167 secs] [Times: user=0.01 sys=0.00, real=0.01 secs] 
226.835: [GC (Allocation Failure) [PSYoungGen: 93629K->1565K(93184K)] 433001K->340937K(614400K), 0.0016857 secs] [Times: user=0.01 sys=0.00, real=0.01 secs] 
227.230: [GC (Allocation Failure) [PSYoungGen: 92701K->448K(90624K)] 432073K->340844K(611840K), 0.0021103 secs] [Times: user=0.01 sys=0.01, real=0.00 secs] 
227.605: [GC (Allocation Failure) [PSYoungGen: 90560K->416K(91136K)] 430956K->340812K(612352K), 0.0021080 secs] [Times: user=0.01 sys=0.00, real=0.01 secs] 
228.054: [GC (Allocation Failure) [PSYoungGen: 89504K->384K(88576K)] 429900K->340780K(609792K), 0.0029908 secs] [Times: user=0.01 sys=0.00, real=0.01 secs] 
228.576: [GC (Allocation Failure) [PSYoungGen: 88448K->1437K(89600K)] 428844K->341833K(610816K), 0.0024355 secs] [Times: user=0.01 sys=0.00, real=0.00 secs] 
228.830: [GC (Allocation Failure) [PSYoungGen: 88989K->1469K(88576K)] 429385K->341873K(609792K), 0.0023677 secs] [Times: user=0.01 sys=0.00, real=0.00 secs] 
229.046: [GC (Allocation Failure) [PSYoungGen: 88509K->1533K(88064K)] 428913K->341937K(609280K), 0.0020505 secs] [Times: user=0.00 sys=0.00, real=0.00 secs] 
229.461: [GC (Allocation Failure) [PSYoungGen: 88061K->1424K(94720K)] 428465K->341836K(615936K), 0.0046138 secs] [Times: user=0.02 sys=0.00, real=0.01 secs] 
229.993: [GC (Allocation Failure) [PSYoungGen: 94608K->1408K(93696K)] 435020K->341828K(614912K), 0.0028687 secs] [Times: user=0.01 sys=0.01, real=0.01 secs] 
230.376: [GC (Allocation Failure) [PSYoungGen: 93568K->1376K(92672K)] 433988K->341796K(613888K), 0.0019896 secs] [Times: user=0.01 sys=0.00, real=0.00 secs] 
230.854: [GC (Allocation Failure) [PSYoungGen: 92512K->1536K(92160K)] 432932K->341956K(613376K), 0.0020017 secs] [Times: user=0.01 sys=0.00, real=0.01 secs] 
231.012: [GC (Allocation Failure) [PSYoungGen: 91648K->509K(89600K)] 432068K->341953K(610816K), 0.0017774 secs] [Times: user=0.01 sys=0.00, real=0.00 secs] 
231.166: [GC (Allocation Failure) [PSYoungGen: 89597K->493K(98304K)] 431041K->341937K(619520K), 0.0016068 secs] [Times: user=0.01 sys=0.00, real=0.00 secs] 
231.727: [GC (Allocation Failure) [PSYoungGen: 96237K->1456K(96256K)] 437681K->342908K(617472K), 0.0019605 secs] [Times: user=0.01 sys=0.00, real=0.00 secs] 
232.430: [GC (Allocation Failure) [PSYoungGen: 96176K->1360K(95232K)] 437628K->342812K(616448K), 0.0025173 secs] [Times: user=0.01 sys=0.00, real=0.00 secs] 
232.883: [GC (Allocation Failure) [PSYoungGen: 95056K->1408K(94208K)] 436508K->342860K(615424K), 0.0020661 secs] [Times: user=0.01 sys=0.00, real=0.01 secs] 
233.396: [GC (Allocation Failure) [PSYoungGen: 94080K->1501K(93184K)] 435532K->342969K(614400K), 0.0016978 secs] [Times: user=0.01 sys=0.00, real=0.00 secs] 
233.556: [GC (Allocation Failure) [PSYoungGen: 93149K->1485K(92160K)] 434617K->342953K(613376K), 0.0016478 secs] [Times: user=0.01 sys=0.00, real=0.00 secs] 
233.716: [GC (Allocation Failure) [PSYoungGen: 92109K->1504K(91136K)] 433577K->342972K(612352K), 0.0017247 secs] [Times: user=0.01 sys=0.00, real=0.00 secs] 
234.416: [GC (Allocation Failure) [PSYoungGen: 91104K->1440K(90112K)] 432572K->342916K(611328K), 0.0019534 secs] [Times: user=0.00 sys=0.00, real=0.00 secs] 
235.552: [GC (Allocation Failure) [PSYoungGen: 90016K->1408K(89600K)] 431492K->342884K(610816K), 0.0046558 secs] [Times: user=0.01 sys=0.00, real=0.01 secs] 
236.423: [GC (Allocation Failure) [PSYoungGen: 89472K->1408K(89088K)] 430948K->342884K(610304K), 0.0030925 secs] [Times: user=0.01 sys=0.01, real=0.01 secs] 
236.977: [GC (Allocation Failure) [PSYoungGen: 88960K->1501K(88576K)] 430436K->342985K(609792K), 0.0021124 secs] [Times: user=0.00 sys=0.00, real=0.00 secs] 
237.172: [GC (Allocation Failure) [PSYoungGen: 88541K->1456K(88064K)] 430025K->342940K(609280K), 0.0019523 secs] [Times: user=0.01 sys=0.00, real=0.00 secs] 
237.351: [GC (Allocation Failure) [PSYoungGen: 87984K->1472K(87552K)] 429468K->342956K(608768K), 0.0016832 secs] [Times: user=0.00 sys=0.00, real=0.00 secs] 
237.633: [GC (Allocation Failure) [PSYoungGen: 87488K->1440K(87040K)] 428972K->342924K(608256K), 0.0023843 secs] [Times: user=0.01 sys=0.00, real=0.01 secs] 
238.086: [GC (Allocation Failure) [PSYoungGen: 86944K->1376K(86528K)] 428428K->342860K(607744K), 0.0022878 secs] [Times: user=0.00 sys=0.00, real=0.00 secs] 
238.486: [GC (Allocation Failure) [PSYoungGen: 86368K->1408K(86016K)] 427852K->342892K(607232K), 0.0022027 secs] [Times: user=0.00 sys=0.00, real=0.00 secs] 
238.869: [GC (Allocation Failure) [PSYoungGen: 85888K->1421K(85504K)] 427372K->342913K(606720K), 0.0027059 secs] [Times: user=0.01 sys=0.00, real=0.00 secs] 
239.070: [GC (Allocation Failure) [PSYoungGen: 85389K->1504K(84992K)] 426881K->342996K(606208K), 0.0020164 secs] [Times: user=0.01 sys=0.00, real=0.00 secs] 
239.248: [GC (Allocation Failure) [PSYoungGen: 84960K->1469K(91136K)] 426452K->342961K(612352K), 0.0016642 secs] [Times: user=0.01 sys=0.00, real=0.00 secs] 
239.458: [GC (Allocation Failure) [PSYoungGen: 91069K->1472K(97792K)] 432561K->343996K(619008K), 0.0020691 secs] [Times: user=0.00 sys=0.00, real=0.00 secs] 
239.999: [GC (Allocation Failure) [PSYoungGen: 97728K->1408K(96768K)] 440252K->343932K(617984K), 0.0023386 secs] [Times: user=0.01 sys=0.00, real=0.00 secs] 
240.835: [GC (Allocation Failure) [PSYoungGen: 96640K->1408K(95744K)] 439164K->343932K(616960K), 0.0023367 secs] [Times: user=0.01 sys=0.00, real=0.01 secs] 
241.600: [GC (Allocation Failure) [PSYoungGen: 95616K->1440K(94720K)] 438140K->343980K(615936K), 0.0035390 secs] [Times: user=0.02 sys=0.00, real=0.00 secs] 
241.855: [GC (Allocation Failure) [PSYoungGen: 94624K->1485K(93696K)] 437164K->344025K(614912K), 0.0016059 secs] [Times: user=0.00 sys=0.00, real=0.00 secs] 
242.015: [GC (Allocation Failure) [PSYoungGen: 93645K->1533K(92672K)] 436185K->344073K(613888K), 0.0018074 secs] [Times: user=0.01 sys=0.00, real=0.00 secs] 
242.302: [GC (Allocation Failure) [PSYoungGen: 92669K->1472K(91648K)] 435209K->344012K(612864K), 0.0020742 secs] [Times: user=0.01 sys=0.00, real=0.00 secs] 
242.862: [GC (Allocation Failure) [PSYoungGen: 91584K->1392K(90624K)] 434124K->343932K(611840K), 0.0021854 secs] [Times: user=0.01 sys=0.00, real=0.00 secs] 
243.698: [GC (Allocation Failure) [PSYoungGen: 90480K->1408K(89600K)] 433020K->343972K(610816K), 0.0018109 secs] [Times: user=0.01 sys=0.00, real=0.00 secs] 
244.708: [GC (Allocation Failure) [PSYoungGen: 89472K->1469K(89088K)] 432036K->344033K(610304K), 0.0036271 secs] [Times: user=0.01 sys=0.00, real=0.00 secs] 
244.936: [GC (Allocation Failure) [PSYoungGen: 89021K->1472K(88576K)] 431585K->344036K(609792K), 0.0015836 secs] [Times: user=0.01 sys=0.00, real=0.00 secs] 
245.087: [GC (Allocation Failure) [PSYoungGen: 88512K->1501K(88064K)] 431076K->344065K(609280K), 0.0018082 secs] [Times: user=0.01 sys=0.00, real=0.00 secs] 
245.474: [GC (Allocation Failure) [PSYoungGen: 88029K->1472K(87552K)] 430593K->344036K(608768K), 0.0023533 secs] [Times: user=0.01 sys=0.00, real=0.01 secs] 
246.256: [GC (Allocation Failure) [PSYoungGen: 87488K->1392K(87040K)] 430052K->343956K(608256K), 0.0035062 secs] [Times: user=0.02 sys=0.00, real=0.00 secs] 
246.992: [GC (Allocation Failure) [PSYoungGen: 86896K->1408K(86528K)] 429460K->343972K(607744K), 0.0034514 secs] [Times: user=0.02 sys=0.00, real=0.01 secs] 
247.849: [GC (Allocation Failure) [PSYoungGen: 86400K->1344K(86016K)] 428964K->343916K(607232K), 0.0025849 secs] [Times: user=0.01 sys=0.00, real=0.00 secs] 
248.151: [GC (Allocation Failure) [PSYoungGen: 85824K->1501K(85504K)] 428396K->344073K(606720K), 0.0021476 secs] [Times: user=0.01 sys=0.00, real=0.00 secs] 
248.311: [GC (Allocation Failure) [PSYoungGen: 85469K->1533K(84992K)] 428041K->344105K(606208K), 0.0018773 secs] [Times: user=0.01 sys=0.00, real=0.00 secs] 
248.459: [GC (Allocation Failure) [PSYoungGen: 84989K->1472K(91136K)] 427561K->344044K(612352K), 0.0016280 secs] [Times: user=0.00 sys=0.00, real=0.00 secs] 
248.904: [GC (Allocation Failure) [PSYoungGen: 91072K->1472K(90112K)] 433644K->344044K(611328K), 0.0021645 secs] [Times: user=0.01 sys=0.00, real=0.01 secs] 
249.295: [GC (Allocation Failure) [PSYoungGen: 90048K->1376K(89600K)] 432620K->343948K(610816K), 0.0019905 secs] [Times: user=0.01 sys=0.00, real=0.00 secs] 
249.681: [GC (Allocation Failure) [PSYoungGen: 89440K->1440K(89088K)] 432012K->344012K(610304K), 0.0021922 secs] [Times: user=0.00 sys=0.00, real=0.00 secs] 
249.942: [GC (Allocation Failure) [PSYoungGen: 88992K->1533K(88576K)] 431564K->344105K(609792K), 0.0016106 secs] [Times: user=0.00 sys=0.00, real=0.00 secs] 
250.093: [GC (Allocation Failure) [PSYoungGen: 88573K->1501K(88064K)] 431145K->344073K(609280K), 0.0017071 secs] [Times: user=0.01 sys=0.00, real=0.00 secs] 
250.245: [GC (Allocation Failure) [PSYoungGen: 88029K->1501K(94720K)] 430601K->344073K(615936K), 0.0015901 secs] [Times: user=0.00 sys=0.00, real=0.00 secs] 
253.667: [GC (Allocation Failure) [PSYoungGen: 94685K->1440K(93696K)] 437257K->344012K(614912K), 0.0049448 secs] [Times: user=0.01 sys=0.01, real=0.00 secs] 
255.323: [GC (Allocation Failure) [PSYoungGen: 93600K->1360K(92672K)] 436172K->343932K(613888K), 0.0044195 secs] [Times: user=0.02 sys=0.00, real=0.01 secs] 
256.429: [GC (Allocation Failure) [PSYoungGen: 92496K->1408K(91648K)] 435068K->343980K(612864K), 0.0030250 secs] [Times: user=0.01 sys=0.00, real=0.00 secs] 
257.010: [GC (Allocation Failure) [PSYoungGen: 91520K->1501K(90624K)] 434092K->344081K(611840K), 0.0022380 secs] [Times: user=0.01 sys=0.00, real=0.00 secs] 
257.172: [GC (Allocation Failure) [PSYoungGen: 90589K->1501K(89600K)] 433169K->344081K(610816K), 0.0017762 secs] [Times: user=0.01 sys=0.00, real=0.00 secs] 
257.353: [GC (Allocation Failure) [PSYoungGen: 89536K->1504K(89088K)] 432117K->344092K(610304K), 0.0021005 secs] [Times: user=0.01 sys=0.00, real=0.01 secs] 
257.726: [GC (Allocation Failure) [PSYoungGen: 89056K->1408K(88576K)] 431644K->343996K(609792K), 0.0023442 secs] [Times: user=0.01 sys=0.00, real=0.00 secs] 
258.102: [GC (Allocation Failure) [PSYoungGen: 88448K->1376K(88064K)] 431036K->343972K(609280K), 0.0022433 secs] [Times: user=0.01 sys=0.00, real=0.00 secs] 
258.477: [GC (Allocation Failure) [PSYoungGen: 87904K->1408K(87552K)] 430500K->344004K(608768K), 0.0022794 secs] [Times: user=0.01 sys=0.00, real=0.00 secs] 
258.777: [GC (Allocation Failure) [PSYoungGen: 87424K->1469K(87040K)] 430020K->344073K(608256K), 0.0015360 secs] [Times: user=0.00 sys=0.00, real=0.00 secs] 
258.927: [GC (Allocation Failure) [PSYoungGen: 86973K->1501K(86528K)] 429577K->344113K(607744K), 0.0016422 secs] [Times: user=0.00 sys=0.00, real=0.00 secs] 
259.078: [GC (Allocation Failure) [PSYoungGen: 86493K->1533K(93184K)] 429105K->344145K(614400K), 0.0015703 secs] [Times: user=0.01 sys=0.00, real=0.00 secs] 
259.403: [GC (Allocation Failure) [PSYoungGen: 93181K->1392K(92160K)] 435793K->344012K(613376K), 0.0023066 secs] [Times: user=0.01 sys=0.00, real=0.01 secs] 
259.820: [GC (Allocation Failure) [PSYoungGen: 92016K->1344K(91136K)] 434636K->343964K(612352K), 0.0019825 secs] [Times: user=0.01 sys=0.00, real=0.00 secs] 
260.193: [GC (Allocation Failure) [PSYoungGen: 90944K->1344K(90112K)] 433564K->343964K(611328K), 0.0018976 secs] [Times: user=0.01 sys=0.00, real=0.00 secs] 
260.483: [GC (Allocation Failure) [PSYoungGen: 89920K->1453K(89600K)] 432540K->344073K(610816K), 0.0015635 secs] [Times: user=0.01 sys=0.00, real=0.00 secs] 
260.639: [GC (Allocation Failure) [PSYoungGen: 89517K->1517K(89088K)] 432137K->344137K(610304K), 0.0017225 secs] [Times: user=0.01 sys=0.00, real=0.00 secs] 
260.792: [GC (Allocation Failure) [PSYoungGen: 89069K->1517K(95744K)] 431689K->344169K(616960K), 0.0016416 secs] [Times: user=0.01 sys=0.00, real=0.00 secs] 
261.172: [GC (Allocation Failure) [PSYoungGen: 95725K->1424K(94720K)] 438377K->344076K(615936K), 0.0018425 secs] [Times: user=0.01 sys=0.00, real=0.00 secs] 
261.622: [GC (Allocation Failure) [PSYoungGen: 94608K->1392K(93696K)] 437260K->344044K(614912K), 0.0019885 secs] [Times: user=0.01 sys=0.00, real=0.00 secs] 
262.256: [GC (Allocation Failure) [PSYoungGen: 93552K->1376K(92672K)] 436204K->344036K(613888K), 0.0019552 secs] [Times: user=0.00 sys=0.00, real=0.00 secs] 
262.749: [GC (Allocation Failure) [PSYoungGen: 92490K->1485K(91648K)] 435150K->344145K(612864K), 0.0015679 secs] [Times: user=0.01 sys=0.00, real=0.00 secs] 
262.936: [GC (Allocation Failure) [PSYoungGen: 91597K->1501K(90624K)] 434257K->344161K(611840K), 0.0021752 secs] [Times: user=0.01 sys=0.00, real=0.00 secs] 
263.132: [GC (Allocation Failure) [PSYoungGen: 90589K->1469K(89600K)] 433249K->344129K(610816K), 0.0021798 secs] [Times: user=0.01 sys=0.00, real=0.00 secs] 
263.748: [GC (Allocation Failure) [PSYoungGen: 89533K->1472K(89088K)] 432193K->344132K(610304K), 0.0024666 secs] [Times: user=0.01 sys=0.00, real=0.00 secs] 
264.122: [GC (Allocation Failure) [PSYoungGen: 89024K->1408K(88576K)] 431684K->344068K(609792K), 0.0020961 secs] [Times: user=0.01 sys=0.00, real=0.00 secs] 
264.504: [GC (Allocation Failure) [PSYoungGen: 88448K->1376K(88064K)] 431108K->344036K(609280K), 0.0020691 secs] [Times: user=0.01 sys=0.00, real=0.01 secs] 
264.815: [GC (Allocation Failure) [PSYoungGen: 87904K->1501K(87552K)] 430564K->344161K(608768K), 0.0017143 secs] [Times: user=0.00 sys=0.00, real=0.00 secs] 
264.967: [GC (Allocation Failure) [PSYoungGen: 87517K->1453K(87040K)] 430177K->344113K(608256K), 0.0016501 secs] [Times: user=0.01 sys=0.00, real=0.00 secs] 
265.117: [GC (Allocation Failure) [PSYoungGen: 86957K->1533K(93696K)] 429617K->344193K(614912K), 0.0016302 secs] [Times: user=0.01 sys=0.00, real=0.00 secs] 
265.588: [GC (Allocation Failure) [PSYoungGen: 93693K->1392K(92672K)] 436353K->344052K(613888K), 0.0020590 secs] [Times: user=0.01 sys=0.00, real=0.00 secs] 
266.409: [GC (Allocation Failure) [PSYoungGen: 92528K->1376K(91648K)] 435188K->344036K(612864K), 0.0020164 secs] [Times: user=0.00 sys=0.00, real=0.00 secs] 
267.225: [GC (Allocation Failure) [PSYoungGen: 91488K->1408K(90624K)] 434148K->344068K(611840K), 0.0023101 secs] [Times: user=0.01 sys=0.00, real=0.01 secs] 
267.623: [GC (Allocation Failure) [PSYoungGen: 90496K->1440K(89600K)] 433156K->344108K(610816K), 0.0019363 secs] [Times: user=0.01 sys=0.00, real=0.01 secs] 
267.826: [GC (Allocation Failure) [PSYoungGen: 89504K->1533K(89088K)] 432172K->344201K(610304K), 0.0022464 secs] [Times: user=0.01 sys=0.00, real=0.00 secs] 
267.998: [GC (Allocation Failure) [PSYoungGen: 89085K->1533K(88576K)] 431753K->344201K(609792K), 0.0016779 secs] [Times: user=0.01 sys=0.00, real=0.00 secs] 
268.265: [GC (Allocation Failure) [PSYoungGen: 88573K->1440K(88064K)] 431241K->344116K(609280K), 0.0024603 secs] [Times: user=0.01 sys=0.00, real=0.01 secs] 
268.633: [GC (Allocation Failure) [PSYoungGen: 87968K->1376K(87552K)] 430644K->344052K(608768K), 0.0021248 secs] [Times: user=0.01 sys=0.00, real=0.00 secs] 
268.990: [GC (Allocation Failure) [PSYoungGen: 87392K->1376K(87040K)] 430068K->344052K(608256K), 0.0019016 secs] [Times: user=0.01 sys=0.00, real=0.00 secs] 
269.630: [GC (Allocation Failure) [PSYoungGen: 86880K->1453K(86528K)] 429556K->344129K(607744K), 0.0021482 secs] [Times: user=0.01 sys=0.00, real=0.00 secs] 
269.789: [GC (Allocation Failure) [PSYoungGen: 86445K->1501K(86016K)] 429121K->344177K(607232K), 0.0017378 secs] [Times: user=0.00 sys=0.00, real=0.00 secs] 
269.940: [GC (Allocation Failure) [PSYoungGen: 85981K->1485K(85504K)] 428657K->344161K(606720K), 0.0016197 secs] [Times: user=0.00 sys=0.00, real=0.00 secs] 
270.152: [GC (Allocation Failure) [PSYoungGen: 85453K->1728K(92160K)] 428129K->344412K(613376K), 0.0020701 secs] [Times: user=0.01 sys=0.00, real=0.00 secs] 
270.854: [GC (Allocation Failure) [PSYoungGen: 91840K->384K(89600K)] 434524K->344092K(610816K), 0.0021630 secs] [Times: user=0.01 sys=0.00, real=0.01 secs] 
271.454: [GC (Allocation Failure) [PSYoungGen: 89472K->400K(90112K)] 433180K->344108K(611328K), 0.0019798 secs] [Times: user=0.01 sys=0.00, real=0.01 secs] 
272.267: [GC (Allocation Failure) [PSYoungGen: 88464K->384K(88064K)] 432172K->344100K(609280K), 0.0023088 secs] [Times: user=0.01 sys=0.00, real=0.00 secs] 
272.580: [GC (Allocation Failure) [PSYoungGen: 87936K->1501K(88576K)] 431652K->345217K(609792K), 0.0016491 secs] [Times: user=0.00 sys=0.00, real=0.00 secs] 
272.732: [GC (Allocation Failure) [PSYoungGen: 88541K->1533K(88064K)] 432257K->345265K(609280K), 0.0017393 secs] [Times: user=0.01 sys=0.00, real=0.00 secs] 
272.884: [GC (Allocation Failure) [PSYoungGen: 88061K->1469K(87552K)] 431793K->345201K(608768K), 0.0017474 secs] [Times: user=0.00 sys=0.00, real=0.01 secs] 
273.299: [GC (Allocation Failure) [PSYoungGen: 87485K->1408K(87040K)] 431217K->345140K(608256K), 0.0022609 secs] [Times: user=0.01 sys=0.00, real=0.00 secs] 
273.715: [GC (Allocation Failure) [PSYoungGen: 86912K->1408K(86528K)] 430644K->345140K(607744K), 0.0023537 secs] [Times: user=0.01 sys=0.00, real=0.01 secs] 
274.068: [GC (Allocation Failure) [PSYoungGen: 86400K->1376K(86016K)] 430132K->345116K(607232K), 0.0022594 secs] [Times: user=0.01 sys=0.00, real=0.00 secs] 
274.451: [GC (Allocation Failure) [PSYoungGen: 85856K->1520K(85504K)] 429596K->345260K(606720K), 0.0022040 secs] [Times: user=0.01 sys=0.00, real=0.00 secs] 
274.600: [GC (Allocation Failure) [PSYoungGen: 85488K->1501K(84992K)] 429228K->345241K(606208K), 0.0016486 secs] [Times: user=0.00 sys=0.00, real=0.00 secs] 
274.746: [GC (Allocation Failure) [PSYoungGen: 84957K->1504K(91648K)] 428697K->345244K(612864K), 0.0018291 secs] [Times: user=0.01 sys=0.00, real=0.00 secs] 
275.841: [GC (Allocation Failure) [PSYoungGen: 91616K->1456K(90624K)] 435356K->345196K(611840K), 0.0024579 secs] [Times: user=0.01 sys=0.00, real=0.00 secs] 
276.737: [GC (Allocation Failure) [PSYoungGen: 90544K->1408K(89600K)] 434284K->345148K(610816K), 0.0031152 secs] [Times: user=0.01 sys=0.00, real=0.00 secs] 
277.547: [GC (Allocation Failure) [PSYoungGen: 89472K->1376K(89088K)] 433212K->345124K(610304K), 0.0030232 secs] [Times: user=0.01 sys=0.00, real=0.00 secs] 
278.146: [GC (Allocation Failure) [PSYoungGen: 88911K->1456K(88576K)] 432659K->345204K(609792K), 0.0021433 secs] [Times: user=0.01 sys=0.00, real=0.00 secs] 
278.313: [GC (Allocation Failure) [PSYoungGen: 88496K->1501K(88064K)] 432244K->345249K(609280K), 0.0017131 secs] [Times: user=0.00 sys=0.00, real=0.00 secs] 
278.464: [GC (Allocation Failure) [PSYoungGen: 88029K->1437K(87552K)] 431777K->345185K(608768K), 0.0018122 secs] [Times: user=0.01 sys=0.00, real=0.01 secs] 
279.054: [GC (Allocation Failure) [PSYoungGen: 87453K->1424K(87040K)] 431201K->345180K(608256K), 0.0023610 secs] [Times: user=0.01 sys=0.00, real=0.01 secs] 
279.780: [GC (Allocation Failure) [PSYoungGen: 86928K->1376K(86528K)] 430684K->345132K(607744K), 0.0040411 secs] [Times: user=0.01 sys=0.00, real=0.00 secs] 
280.198: [GC (Allocation Failure) [PSYoungGen: 86368K->1392K(86016K)] 430124K->345148K(607232K), 0.0021241 secs] [Times: user=0.01 sys=0.00, real=0.00 secs] 
281.009: [GC (Allocation Failure) [PSYoungGen: 85849K->1472K(85504K)] 429605K->345228K(606720K), 0.0038081 secs] [Times: user=0.02 sys=0.00, real=0.00 secs] 
281.299: [GC (Allocation Failure) [PSYoungGen: 85440K->1533K(84992K)] 429196K->345289K(606208K), 0.0021074 secs] [Times: user=0.00 sys=0.00, real=0.00 secs] 
281.488: [GC (Allocation Failure) [PSYoungGen: 84989K->1456K(84480K)] 428745K->345212K(605696K), 0.0021427 secs] [Times: user=0.01 sys=0.00, real=0.00 secs] 
281.720: [GC (Allocation Failure) [PSYoungGen: 84400K->1504K(90624K)] 428156K->345772K(611840K), 0.0024918 secs] [Times: user=0.01 sys=0.00, real=0.00 secs] 
282.107: [GC (Allocation Failure) [PSYoungGen: 90592K->1408K(89600K)] 434860K->345676K(610816K), 0.0024029 secs] [Times: user=0.01 sys=0.00, real=0.00 secs] 
282.474: [GC (Allocation Failure) [PSYoungGen: 89472K->1376K(89088K)] 433740K->345644K(610304K), 0.0024343 secs] [Times: user=0.01 sys=0.00, real=0.01 secs] 
282.838: [GC (Allocation Failure) [PSYoungGen: 88928K->1440K(88576K)] 433196K->345732K(609792K), 0.0023483 secs] [Times: user=0.01 sys=0.00, real=0.00 secs] 
283.050: [GC (Allocation Failure) [PSYoungGen: 88480K->1533K(88064K)] 432772K->345833K(609280K), 0.0016906 secs] [Times: user=0.01 sys=0.00, real=0.00 secs] 
283.202: [GC (Allocation Failure) [PSYoungGen: 88061K->1453K(94720K)] 432361K->345769K(615936K), 0.0017950 secs] [Times: user=0.00 sys=0.00, real=0.00 secs] 
283.365: [GC (Allocation Failure) [PSYoungGen: 94637K->1485K(101888K)] 438953K->345801K(623104K), 0.0017334 secs] [Times: user=0.01 sys=0.00, real=0.00 secs] 
283.812: [GC (Allocation Failure) [PSYoungGen: 101837K->1440K(100864K)] 446153K->345756K(622080K), 0.0020375 secs] [Times: user=0.00 sys=0.00, real=0.00 secs] 
284.234: [GC (Allocation Failure) [PSYoungGen: 100768K->1408K(99840K)] 445084K->345724K(621056K), 0.0019177 secs] [Times: user=0.01 sys=0.01, real=0.01 secs] 
284.639: [GC (Allocation Failure) [PSYoungGen: 99712K->1469K(98816K)] 444028K->345793K(620032K), 0.0016531 secs] [Times: user=0.01 sys=0.00, real=0.00 secs] 
284.810: [GC (Allocation Failure) [PSYoungGen: 98749K->1533K(97792K)] 443073K->345857K(619008K), 0.0017349 secs] [Times: user=0.01 sys=0.00, real=0.00 secs] 
284.977: [GC (Allocation Failure) [PSYoungGen: 97789K->1504K(96768K)] 442113K->345828K(617984K), 0.0016495 secs] [Times: user=0.00 sys=0.00, real=0.00 secs] 
285.556: [GC (Allocation Failure) [PSYoungGen: 96736K->1504K(95744K)] 441060K->345828K(616960K), 0.0030019 secs] [Times: user=0.02 sys=0.00, real=0.00 secs] 
286.377: [GC (Allocation Failure) [PSYoungGen: 95712K->1408K(94720K)] 440036K->345732K(615936K), 0.0029906 secs] [Times: user=0.01 sys=0.00, real=0.00 secs] 
286.982: [GC (Allocation Failure) [PSYoungGen: 94592K->1408K(93696K)] 438916K->345732K(614912K), 0.0021082 secs] [Times: user=0.01 sys=0.00, real=0.00 secs] 
287.290: [GC (Allocation Failure) [PSYoungGen: 93568K->1501K(92672K)] 437892K->345825K(613888K), 0.0016817 secs] [Times: user=0.01 sys=0.00, real=0.00 secs] 
287.450: [GC (Allocation Failure) [PSYoungGen: 92611K->1504K(91648K)] 436935K->345828K(612864K), 0.0016277 secs] [Times: user=0.01 sys=0.00, real=0.00 secs] 
287.609: [GC (Allocation Failure) [PSYoungGen: 91616K->1533K(90624K)] 435940K->345857K(611840K), 0.0016060 secs] [Times: user=0.00 sys=0.00, real=0.00 secs] 
288.370: [GC (Allocation Failure) [PSYoungGen: 90621K->1440K(89600K)] 434945K->345764K(610816K), 0.0021955 secs] [Times: user=0.01 sys=0.00, real=0.00 secs] 
289.604: [GC (Allocation Failure) [PSYoungGen: 89504K->1408K(89088K)] 433828K->345732K(610304K), 0.0049062 secs] [Times: user=0.01 sys=0.00, real=0.01 secs] 
290.940: [GC (Allocation Failure) [PSYoungGen: 88960K->1376K(88576K)] 433284K->345700K(609792K), 0.0070461 secs] [Times: user=0.03 sys=0.00, real=0.01 secs] 
291.655: [GC (Allocation Failure) [PSYoungGen: 88416K->1520K(88064K)] 432740K->345844K(609280K), 0.0023960 secs] [Times: user=0.01 sys=0.00, real=0.01 secs] 
291.831: [GC (Allocation Failure) [PSYoungGen: 88048K->1501K(87552K)] 432372K->345825K(608768K), 0.0015871 secs] [Times: user=0.01 sys=0.00, real=0.00 secs] 
291.982: [GC (Allocation Failure) [PSYoungGen: 87517K->1533K(87040K)] 431841K->345857K(608256K), 0.0017626 secs] [Times: user=0.01 sys=0.00, real=0.00 secs] 
292.625: [GC (Allocation Failure) [PSYoungGen: 87037K->1456K(86528K)] 431361K->345780K(607744K), 0.0022557 secs] [Times: user=0.01 sys=0.00, real=0.00 secs] 
292.979: [GC (Allocation Failure) [PSYoungGen: 86448K->1344K(86016K)] 430772K->345668K(607232K), 0.0021783 secs] [Times: user=0.01 sys=0.00, real=0.00 secs] 
293.344: [GC (Allocation Failure) [PSYoungGen: 85824K->1392K(85504K)] 430148K->345716K(606720K), 0.0023176 secs] [Times: user=0.01 sys=0.00, real=0.01 secs] 
293.697: [GC (Allocation Failure) [PSYoungGen: 85360K->1456K(84992K)] 429684K->345788K(606208K), 0.0020838 secs] [Times: user=0.01 sys=0.00, real=0.00 secs] 
293.849: [GC (Allocation Failure) [PSYoungGen: 84912K->1501K(84480K)] 429244K->345833K(605696K), 0.0015855 secs] [Times: user=0.01 sys=0.00, real=0.00 secs] 
293.994: [GC (Allocation Failure) [PSYoungGen: 84445K->1501K(90624K)] 428777K->345833K(611840K), 0.0016948 secs] [Times: user=0.00 sys=0.00, real=0.01 secs] 
294.570: [GC (Allocation Failure) [PSYoungGen: 90589K->944K(89088K)] 434921K->346332K(610304K), 0.0027754 secs] [Times: user=0.01 sys=0.00, real=0.00 secs] 
295.953: [GC (Allocation Failure) [PSYoungGen: 89008K->416K(88064K)] 434396K->345804K(609280K), 0.0027779 secs] [Times: user=0.01 sys=0.00, real=0.01 secs] 
297.013: [GC (Allocation Failure) [PSYoungGen: 87968K->352K(87552K)] 433356K->345740K(608768K), 0.0048167 secs] [Times: user=0.02 sys=0.00, real=0.01 secs] 
298.058: [GC (Allocation Failure) [PSYoungGen: 87392K->352K(88576K)] 432780K->345748K(609792K), 0.0036270 secs] [Times: user=0.01 sys=0.00, real=0.00 secs] 
298.446: [GC (Allocation Failure) [PSYoungGen: 86880K->1533K(87552K)] 432276K->346929K(608768K), 0.0016628 secs] [Times: user=0.00 sys=0.00, real=0.00 secs] 
298.595: [GC (Allocation Failure) [PSYoungGen: 87549K->1533K(87040K)] 432945K->346929K(608256K), 0.0017515 secs] [Times: user=0.01 sys=0.00, real=0.00 secs] 
298.744: [GC (Allocation Failure) [PSYoungGen: 87037K->1501K(86528K)] 432433K->346897K(607744K), 0.0017545 secs] [Times: user=0.01 sys=0.00, real=0.01 secs] 
299.089: [GC (Allocation Failure) [PSYoungGen: 86493K->1408K(86016K)] 431889K->346804K(607232K), 0.0017935 secs] [Times: user=0.01 sys=0.00, real=0.00 secs] 
299.440: [GC (Allocation Failure) [PSYoungGen: 85888K->1376K(85504K)] 431284K->346772K(606720K), 0.0019488 secs] [Times: user=0.00 sys=0.01, real=0.00 secs] 
299.903: [GC (Allocation Failure) [PSYoungGen: 85344K->1408K(84992K)] 430740K->346804K(606208K), 0.0021618 secs] [Times: user=0.01 sys=0.00, real=0.00 secs] 
300.333: [GC (Allocation Failure) [PSYoungGen: 84864K->1456K(84480K)] 430260K->346852K(605696K), 0.0024231 secs] [Times: user=0.01 sys=0.00, real=0.01 secs] 
300.509: [GC (Allocation Failure) [PSYoungGen: 84400K->1488K(83968K)] 429796K->346884K(605184K), 0.0022010 secs] [Times: user=0.01 sys=0.00, real=0.00 secs] 
300.682: [GC (Allocation Failure) [PSYoungGen: 83920K->1533K(83456K)] 429316K->346961K(604672K), 0.0016939 secs] [Times: user=0.01 sys=0.00, real=0.00 secs] 
301.248: [GC (Allocation Failure) [PSYoungGen: 83453K->1472K(82944K)] 428881K->346900K(604160K), 0.0038364 secs] [Times: user=0.01 sys=0.00, real=0.00 secs] 
302.277: [GC (Allocation Failure) [PSYoungGen: 82880K->1344K(82432K)] 428308K->346772K(603648K), 0.0034955 secs] [Times: user=0.02 sys=0.00, real=0.00 secs] 
303.107: [GC (Allocation Failure) [PSYoungGen: 82240K->1376K(81920K)] 427668K->346804K(603136K), 0.0033729 secs] [Times: user=0.01 sys=0.00, real=0.00 secs] 
303.984: [GC (Allocation Failure) [PSYoungGen: 81760K->1408K(81408K)] 427188K->346836K(602624K), 0.0034323 secs] [Times: user=0.01 sys=0.00, real=0.01 secs] 
304.313: [GC (Allocation Failure) [PSYoungGen: 81280K->1488K(80896K)] 426708K->346916K(602112K), 0.0021981 secs] [Times: user=0.00 sys=0.00, real=0.00 secs] 
304.453: [GC (Allocation Failure) [PSYoungGen: 80848K->1533K(80384K)] 426276K->346977K(601600K), 0.0016416 secs] [Times: user=0.00 sys=0.00, real=0.00 secs] 
304.611: [GC (Allocation Failure) [PSYoungGen: 80381K->1488K(86528K)] 425825K->346932K(607744K), 0.0020462 secs] [Times: user=0.01 sys=0.00, real=0.00 secs] 
305.415: [GC (Allocation Failure) [PSYoungGen: 86480K->1440K(86016K)] 431924K->346892K(607232K), 0.0022158 secs] [Times: user=0.01 sys=0.00, real=0.01 secs] 
306.160: [GC (Allocation Failure) [PSYoungGen: 85920K->1408K(85504K)] 431372K->346860K(606720K), 0.0024380 secs] [Times: user=0.01 sys=0.00, real=0.00 secs] 
306.723: [GC (Allocation Failure) [PSYoungGen: 85376K->1376K(84992K)] 430828K->346836K(606208K), 0.0022289 secs] [Times: user=0.01 sys=0.00, real=0.00 secs] 
307.033: [GC (Allocation Failure) [PSYoungGen: 84832K->1469K(84480K)] 430292K->346937K(605696K), 0.0016297 secs] [Times: user=0.01 sys=0.00, real=0.00 secs] 
307.181: [GC (Allocation Failure) [PSYoungGen: 84413K->1533K(83968K)] 429881K->347033K(605184K), 0.0015577 secs] [Times: user=0.01 sys=0.00, real=0.00 secs] 
307.350: [GC (Allocation Failure) [PSYoungGen: 83965K->1488K(83456K)] 429465K->346988K(604672K), 0.0022205 secs] [Times: user=0.00 sys=0.00, real=0.00 secs] 
307.826: [GC (Allocation Failure) [PSYoungGen: 83408K->1488K(82944K)] 428908K->346988K(604160K), 0.0021582 secs] [Times: user=0.01 sys=0.00, real=0.00 secs] 
308.810: [GC (Allocation Failure) [PSYoungGen: 82896K->1408K(82432K)] 428396K->346908K(603648K), 0.0026254 secs] [Times: user=0.01 sys=0.00, real=0.00 secs] 
309.648: [GC (Allocation Failure) [PSYoungGen: 82304K->1344K(81920K)] 427804K->346844K(603136K), 0.0026353 secs] [Times: user=0.01 sys=0.00, real=0.00 secs] 
310.392: [GC (Allocation Failure) [PSYoungGen: 81728K->1408K(81408K)] 427228K->346908K(602624K), 0.0031798 secs] [Times: user=0.01 sys=0.00, real=0.00 secs] 
310.790: [GC (Allocation Failure) [PSYoungGen: 81280K->1501K(80896K)] 426780K->347001K(602112K), 0.0015908 secs] [Times: user=0.01 sys=0.00, real=0.00 secs] 
310.930: [GC (Allocation Failure) [PSYoungGen: 80861K->1453K(80384K)] 426361K->346953K(601600K), 0.0016762 secs] [Times: user=0.00 sys=0.00, real=0.00 secs] 
311.067: [GC (Allocation Failure) [PSYoungGen: 80301K->1469K(79872K)] 425801K->346969K(601088K), 0.0016261 secs] [Times: user=0.01 sys=0.01, real=0.00 secs] 
311.612: [GC (Allocation Failure) [PSYoungGen: 79805K->1440K(79360K)] 425305K->346940K(600576K), 0.0026375 secs] [Times: user=0.01 sys=0.00, real=0.00 secs] 
312.186: [GC (Allocation Failure) [PSYoungGen: 79264K->1376K(78848K)] 424764K->346876K(600064K), 0.0020709 secs] [Times: user=0.00 sys=0.00, real=0.00 secs] 
312.507: [GC (Allocation Failure) [PSYoungGen: 78688K->1376K(78336K)] 424188K->346884K(599552K), 0.0022392 secs] [Times: user=0.00 sys=0.00, real=0.00 secs] 
312.889: [GC (Allocation Failure) [PSYoungGen: 78176K->1440K(77824K)] 423684K->346948K(599040K), 0.0021288 secs] [Times: user=0.01 sys=0.00, real=0.00 secs] 
313.128: [GC (Allocation Failure) [PSYoungGen: 77728K->1485K(77312K)] 423236K->347001K(598528K), 0.0016669 secs] [Times: user=0.01 sys=0.00, real=0.00 secs] 
313.262: [GC (Allocation Failure) [PSYoungGen: 77261K->1485K(76800K)] 422777K->347009K(598016K), 0.0015969 secs] [Times: user=0.01 sys=0.00, real=0.00 secs] 
313.393: [GC (Allocation Failure) [PSYoungGen: 76749K->1469K(82944K)] 422273K->347009K(604160K), 0.0016555 secs] [Times: user=0.00 sys=0.00, real=0.00 secs] 
314.586: [GC (Allocation Failure) [PSYoungGen: 82877K->1472K(82432K)] 428417K->347012K(603648K), 0.0029961 secs] [Times: user=0.01 sys=0.00, real=0.00 secs] 
315.734: [GC (Allocation Failure) [PSYoungGen: 82368K->1408K(81920K)] 427908K->346948K(603136K), 0.0027719 secs] [Times: user=0.01 sys=0.00, real=0.01 secs] 
316.059: [GC (Allocation Failure) [PSYoungGen: 81792K->1376K(81408K)] 427332K->346916K(602624K), 0.0021274 secs] [Times: user=0.00 sys=0.00, real=0.00 secs] 
316.410: [GC (Allocation Failure) [PSYoungGen: 81248K->272K(79872K)] 426788K->345812K(601088K), 0.0020678 secs] [Times: user=0.01 sys=0.00, real=0.00 secs] 
316.556: [GC (Allocation Failure) [PSYoungGen: 79632K->1501K(80384K)] 425172K->347041K(601600K), 0.0016014 secs] [Times: user=0.01 sys=0.00, real=0.00 secs] 
316.693: [GC (Allocation Failure) [PSYoungGen: 80349K->1533K(86528K)] 425889K->347073K(607744K), 0.0017053 secs] [Times: user=0.00 sys=0.00, real=0.00 secs] 
316.842: [GC (Allocation Failure) [PSYoungGen: 86525K->1533K(93696K)] 432065K->347073K(614912K), 0.0016588 secs] [Times: user=0.01 sys=0.00, real=0.00 secs] 
318.369: [GC (Allocation Failure) [PSYoungGen: 93693K->1392K(92672K)] 439233K->346932K(613888K), 0.0037905 secs] [Times: user=0.02 sys=0.00, real=0.00 secs] 
319.916: [GC (Allocation Failure) [PSYoungGen: 92528K->1408K(91648K)] 438068K->346948K(612864K), 0.0044493 secs] [Times: user=0.02 sys=0.00, real=0.00 secs] 
320.879: [GC (Allocation Failure) [PSYoungGen: 91520K->1344K(90624K)] 437060K->346884K(611840K), 0.0077435 secs] [Times: user=0.02 sys=0.00, real=0.01 secs] 
321.265: [GC (Allocation Failure) [PSYoungGen: 90432K->1533K(89600K)] 435972K->347073K(610816K), 0.0015566 secs] [Times: user=0.00 sys=0.00, real=0.01 secs] 
321.421: [GC (Allocation Failure) [PSYoungGen: 89597K->1501K(89088K)] 435137K->347041K(610304K), 0.0016781 secs] [Times: user=0.01 sys=0.00, real=0.00 secs] 
321.574: [GC (Allocation Failure) [PSYoungGen: 89053K->1517K(88576K)] 434593K->347105K(609792K), 0.0017269 secs] [Times: user=0.01 sys=0.00, real=0.01 secs] 
322.152: [GC (Allocation Failure) [PSYoungGen: 88557K->1456K(88064K)] 434145K->347044K(609280K), 0.0020678 secs] [Times: user=0.01 sys=0.00, real=0.00 secs] 
322.984: [GC (Allocation Failure) [PSYoungGen: 87984K->1408K(87552K)] 433572K->346996K(608768K), 0.0022532 secs] [Times: user=0.01 sys=0.00, real=0.01 secs] 
323.868: [GC (Allocation Failure) [PSYoungGen: 87424K->1376K(87040K)] 433012K->346964K(608256K), 0.0057154 secs] [Times: user=0.02 sys=0.00, real=0.00 secs] 
324.530: [GC (Allocation Failure) [PSYoungGen: 86880K->1501K(86528K)] 432468K->347089K(607744K), 0.0022697 secs] [Times: user=0.01 sys=0.00, real=0.00 secs] 
324.680: [GC (Allocation Failure) [PSYoungGen: 86493K->1517K(86016K)] 432081K->347105K(607232K), 0.0017006 secs] [Times: user=0.00 sys=0.01, real=0.00 secs] 
324.828: [GC (Allocation Failure) [PSYoungGen: 85997K->1533K(85504K)] 431585K->347121K(606720K), 0.0016004 secs] [Times: user=0.00 sys=0.00, real=0.00 secs] 
325.263: [GC (Allocation Failure) [PSYoungGen: 85501K->1424K(84992K)] 431089K->347012K(606208K), 0.0022393 secs] [Times: user=0.01 sys=0.00, real=0.01 secs] 
325.807: [GC (Allocation Failure) [PSYoungGen: 84880K->1376K(84480K)] 430468K->346964K(605696K), 0.0020616 secs] [Times: user=0.01 sys=0.00, real=0.00 secs] 
326.152: [GC (Allocation Failure) [PSYoungGen: 84320K->1376K(83968K)] 429908K->346964K(605184K), 0.0021836 secs] [Times: user=0.00 sys=0.00, real=0.00 secs] 
326.756: [GC (Allocation Failure) [PSYoungGen: 83808K->1408K(83456K)] 429396K->347004K(604672K), 0.0018925 secs] [Times: user=0.01 sys=0.00, real=0.00 secs] 
326.916: [GC (Allocation Failure) [PSYoungGen: 83328K->1533K(82944K)] 428924K->347129K(604160K), 0.0016276 secs] [Times: user=0.01 sys=0.00, real=0.00 secs] 
327.058: [GC (Allocation Failure) [PSYoungGen: 82941K->1501K(82432K)] 428537K->347097K(603648K), 0.0017651 secs] [Times: user=0.01 sys=0.00, real=0.00 secs] 
327.200: [GC (Allocation Failure) [PSYoungGen: 82397K->1469K(89088K)] 427993K->347065K(610304K), 0.0018749 secs] [Times: user=0.01 sys=0.00, real=0.00 secs] 
328.005: [GC (Allocation Failure) [PSYoungGen: 89021K->1408K(88576K)] 434617K->347012K(609792K), 0.0022909 secs] [Times: user=0.01 sys=0.00, real=0.00 secs] 
329.175: [GC (Allocation Failure) [PSYoungGen: 88448K->1376K(88064K)] 434052K->346980K(609280K), 0.0045814 secs] [Times: user=0.01 sys=0.00, real=0.01 secs] 
330.157: [GC (Allocation Failure) [PSYoungGen: 87904K->1376K(87552K)] 433508K->346988K(608768K), 0.0044106 secs] [Times: user=0.01 sys=0.00, real=0.00 secs] 
330.647: [GC (Allocation Failure) [PSYoungGen: 87392K->1469K(87040K)] 433004K->347081K(608256K), 0.0018793 secs] [Times: user=0.01 sys=0.00, real=0.00 secs] 
330.797: [GC (Allocation Failure) [PSYoungGen: 86973K->1533K(86528K)] 432585K->347145K(607744K), 0.0015882 secs] [Times: user=0.00 sys=0.01, real=0.00 secs] 
330.946: [GC (Allocation Failure) [PSYoungGen: 86525K->1485K(86016K)] 432137K->347097K(607232K), 0.0017095 secs] [Times: user=0.01 sys=0.00, real=0.00 secs] 
331.396: [GC (Allocation Failure) [PSYoungGen: 85965K->1440K(85504K)] 431577K->347052K(606720K), 0.0022430 secs] [Times: user=0.01 sys=0.00, real=0.00 secs] 
331.745: [GC (Allocation Failure) [PSYoungGen: 85408K->1376K(84992K)] 431020K->346988K(606208K), 0.0021101 secs] [Times: user=0.00 sys=0.00, real=0.01 secs] 
332.092: [GC (Allocation Failure) [PSYoungGen: 84832K->1376K(84480K)] 430444K->347004K(605696K), 0.0020238 secs] [Times: user=0.01 sys=0.00, real=0.00 secs] 
332.463: [GC (Allocation Failure) [PSYoungGen: 84320K->1501K(83968K)] 429948K->347129K(605184K), 0.0016296 secs] [Times: user=0.01 sys=0.00, real=0.00 secs] 
332.608: [GC (Allocation Failure) [PSYoungGen: 83933K->1453K(83456K)] 429561K->347081K(604672K), 0.0016374 secs] [Times: user=0.01 sys=0.00, real=0.00 secs] 
332.750: [GC (Allocation Failure) [PSYoungGen: 83373K->1504K(82944K)] 429001K->347132K(604160K), 0.0017799 secs] [Times: user=0.01 sys=0.00, real=0.00 secs] 
333.215: [GC (Allocation Failure) [PSYoungGen: 82912K->1488K(82432K)] 428540K->347116K(603648K), 0.0020487 secs] [Times: user=0.01 sys=0.00, real=0.01 secs] 
334.300: [GC (Allocation Failure) [PSYoungGen: 82384K->1392K(81920K)] 428012K->347020K(603136K), 0.0028900 secs] [Times: user=0.02 sys=0.00, real=0.00 secs] 
335.379: [GC (Allocation Failure) [PSYoungGen: 81776K->1376K(81408K)] 427404K->347020K(602624K), 0.0027427 secs] [Times: user=0.02 sys=0.00, real=0.00 secs] 
336.699: [GC (Allocation Failure) [PSYoungGen: 81248K->1376K(80896K)] 426892K->347044K(602112K), 0.0036942 secs] [Times: user=0.02 sys=0.00, real=0.00 secs] 
337.170: [GC (Allocation Failure) [PSYoungGen: 80736K->1488K(80384K)] 426404K->347156K(601600K), 0.0020807 secs] [Times: user=0.01 sys=0.00, real=0.00 secs] 
337.311: [GC (Allocation Failure) [PSYoungGen: 80336K->1504K(79872K)] 426004K->347172K(601088K), 0.0016924 secs] [Times: user=0.01 sys=0.00, real=0.00 secs] 
337.448: [GC (Allocation Failure) [PSYoungGen: 79840K->1533K(79360K)] 425508K->347201K(600576K), 0.0016668 secs] [Times: user=0.01 sys=0.00, real=0.00 secs] 
338.364: [GC (Allocation Failure) [PSYoungGen: 79357K->1488K(78848K)] 425025K->347156K(600064K), 0.0044921 secs] [Times: user=0.01 sys=0.00, real=0.01 secs] 
339.588: [GC (Allocation Failure) [PSYoungGen: 78800K->1376K(78336K)] 424468K->347044K(599552K), 0.0042795 secs] [Times: user=0.02 sys=0.00, real=0.00 secs] 
340.336: [GC (Allocation Failure) [PSYoungGen: 78176K->1408K(77824K)] 423844K->347076K(599040K), 0.0025554 secs] [Times: user=0.01 sys=0.01, real=0.00 secs] 
341.226: [GC (Allocation Failure) [PSYoungGen: 77696K->1376K(77312K)] 423364K->347044K(598528K), 0.0030534 secs] [Times: user=0.02 sys=0.00, real=0.00 secs] 
341.651: [GC (Allocation Failure) [PSYoungGen: 77152K->1501K(76800K)] 422820K->347169K(598016K), 0.0021762 secs] [Times: user=0.01 sys=0.00, real=0.00 secs] 
341.794: [GC (Allocation Failure) [PSYoungGen: 76765K->1533K(76288K)] 422433K->347201K(597504K), 0.0015843 secs] [Times: user=0.00 sys=0.00, real=0.01 secs] 
341.925: [GC (Allocation Failure) [PSYoungGen: 76285K->1504K(75776K)] 421953K->347172K(596992K), 0.0018624 secs] [Times: user=0.01 sys=0.00, real=0.01 secs] 
342.262: [GC (Allocation Failure) [PSYoungGen: 75744K->1456K(75264K)] 421412K->347124K(596480K), 0.0018620 secs] [Times: user=0.01 sys=0.00, real=0.00 secs] 
342.610: [GC (Allocation Failure) [PSYoungGen: 75184K->1376K(74752K)] 420852K->347044K(595968K), 0.0021599 secs] [Times: user=0.01 sys=0.00, real=0.00 secs] 
342.915: [GC (Allocation Failure) [PSYoungGen: 74592K->1344K(74240K)] 420260K->347012K(595456K), 0.0019997 secs] [Times: user=0.01 sys=0.00, real=0.01 secs] 
343.217: [GC (Allocation Failure) [PSYoungGen: 74048K->1408K(73728K)] 419716K->347076K(594944K), 0.0021305 secs] [Times: user=0.01 sys=0.00, real=0.00 secs] 
343.489: [GC (Allocation Failure) [PSYoungGen: 73590K->1501K(73216K)] 419259K->347169K(594432K), 0.0016069 secs] [Times: user=0.01 sys=0.00, real=0.00 secs] 
343.613: [GC (Allocation Failure) [PSYoungGen: 73181K->1501K(76288K)] 418849K->347169K(597504K), 0.0018065 secs] [Times: user=0.00 sys=0.00, real=0.01 secs] 
343.745: [GC (Allocation Failure) [PSYoungGen: 75741K->1469K(79360K)] 421409K->347169K(600576K), 0.0018328 secs] [Times: user=0.00 sys=0.00, real=0.01 secs] 
343.881: [GC (Allocation Failure) [PSYoungGen: 78781K->160K(79360K)] 424481K->345860K(600576K), 0.0016831 secs] [Times: user=0.00 sys=0.00, real=0.00 secs] 
345.170: [GC (Allocation Failure) [PSYoungGen: 77472K->1408K(84992K)] 423172K->347116K(606208K), 0.0044326 secs] [Times: user=0.02 sys=0.00, real=0.00 secs] 
346.226: [GC (Allocation Failure) [PSYoungGen: 84864K->1376K(84480K)] 430572K->347084K(605696K), 0.0037990 secs] [Times: user=0.01 sys=0.00, real=0.00 secs] 
346.789: [GC (Allocation Failure) [PSYoungGen: 84320K->1376K(83968K)] 430028K->347084K(605184K), 0.0021644 secs] [Times: user=0.01 sys=0.00, real=0.00 secs] 
347.076: [GC (Allocation Failure) [PSYoungGen: 83808K->1469K(83456K)] 429516K->347177K(604672K), 0.0016236 secs] [Times: user=0.00 sys=0.00, real=0.00 secs] 
347.219: [GC (Allocation Failure) [PSYoungGen: 83389K->1501K(82944K)] 429097K->347217K(604160K), 0.0016391 secs] [Times: user=0.01 sys=0.00, real=0.00 secs] 
347.361: [GC (Allocation Failure) [PSYoungGen: 82909K->1485K(82432K)] 428625K->347201K(603648K), 0.0016045 secs] [Times: user=0.01 sys=0.01, real=0.00 secs] 
347.859: [GC (Allocation Failure) [PSYoungGen: 82381K->1472K(81920K)] 428097K->347188K(603136K), 0.0024713 secs] [Times: user=0.01 sys=0.00, real=0.00 secs] 
348.588: [GC (Allocation Failure) [PSYoungGen: 81856K->1376K(81408K)] 427572K->347092K(602624K), 0.0024325 secs] [Times: user=0.01 sys=0.00, real=0.00 secs] 
349.357: [GC (Allocation Failure) [PSYoungGen: 81248K->1344K(80896K)] 426964K->347060K(602112K), 0.0023581 secs] [Times: user=0.01 sys=0.00, real=0.00 secs] 
349.891: [GC (Allocation Failure) [PSYoungGen: 80704K->1408K(80384K)] 426420K->347124K(601600K), 0.0022734 secs] [Times: user=0.01 sys=0.00, real=0.00 secs] 
350.268: [GC (Allocation Failure) [PSYoungGen: 80256K->1501K(79872K)] 425972K->347217K(601088K), 0.0016697 secs] [Times: user=0.01 sys=0.00, real=0.00 secs] 
350.427: [GC (Allocation Failure) [PSYoungGen: 79837K->1504K(79360K)] 425553K->347220K(600576K), 0.0020467 secs] [Times: user=0.01 sys=0.00, real=0.00 secs] 
350.602: [GC (Allocation Failure) [PSYoungGen: 79328K->1472K(78848K)] 425044K->347188K(600064K), 0.0021324 secs] [Times: user=0.01 sys=0.00, real=0.00 secs] 
351.912: [GC (Allocation Failure) [PSYoungGen: 78784K->1408K(78336K)] 424500K->347124K(599552K), 0.0037744 secs] [Times: user=0.02 sys=0.00, real=0.01 secs] 
352.960: [GC (Allocation Failure) [PSYoungGen: 78208K->1376K(77824K)] 423924K->347092K(599040K), 0.0038321 secs] [Times: user=0.02 sys=0.00, real=0.00 secs] 
353.417: [GC (Allocation Failure) [PSYoungGen: 77664K->1408K(77312K)] 423380K->347124K(598528K), 0.0021326 secs] [Times: user=0.01 sys=0.00, real=0.00 secs] 
354.550: [GC (Allocation Failure) [PSYoungGen: 77184K->1408K(76800K)] 422900K->347124K(598016K), 0.0045230 secs] [Times: user=0.02 sys=0.00, real=0.00 secs] 
354.913: [GC (Allocation Failure) [PSYoungGen: 76672K->1533K(76288K)] 422388K->347249K(597504K), 0.0022262 secs] [Times: user=0.01 sys=0.00, real=0.01 secs] 
355.052: [GC (Allocation Failure) [PSYoungGen: 76285K->1501K(75776K)] 422001K->347217K(596992K), 0.0017073 secs] [Times: user=0.01 sys=0.00, real=0.00 secs] 
355.184: [GC (Allocation Failure) [PSYoungGen: 75741K->1501K(75264K)] 421457K->347241K(596480K), 0.0016743 secs] [Times: user=0.01 sys=0.00, real=0.01 secs] 
356.128: [GC (Allocation Failure) [PSYoungGen: 75229K->1440K(74752K)] 420969K->347180K(595968K), 0.0025816 secs] [Times: user=0.01 sys=0.00, real=0.00 secs] 
356.605: [GC (Allocation Failure) [PSYoungGen: 74656K->1408K(74240K)] 420396K->347164K(595456K), 0.0022869 secs] [Times: user=0.01 sys=0.00, real=0.01 secs] 
356.958: [GC (Allocation Failure) [PSYoungGen: 74112K->1392K(73728K)] 419868K->347148K(594944K), 0.0023057 secs] [Times: user=0.01 sys=0.00, real=0.00 secs] 
357.276: [GC (Allocation Failure) [PSYoungGen: 73584K->1392K(73216K)] 419340K->347148K(594432K), 0.0021782 secs] [Times: user=0.01 sys=0.00, real=0.00 secs] 
357.574: [GC (Allocation Failure) [PSYoungGen: 73072K->1485K(72704K)] 418828K->347241K(593920K), 0.0016122 secs] [Times: user=0.00 sys=0.00, real=0.01 secs] 
357.698: [GC (Allocation Failure) [PSYoungGen: 72653K->1501K(72192K)] 418409K->347257K(593408K), 0.0016134 secs] [Times: user=0.01 sys=0.00, real=0.00 secs] 
357.823: [GC (Allocation Failure) [PSYoungGen: 72157K->1485K(72704K)] 417913K->347241K(593920K), 0.0015894 secs] [Times: user=0.00 sys=0.00, real=0.00 secs] 
357.947: [GC (Allocation Failure) [PSYoungGen: 72141K->1453K(72704K)] 417897K->347209K(593920K), 0.0016162 secs] [Times: user=0.00 sys=0.00, real=0.00 secs] 
358.589: [GC (Allocation Failure) [PSYoungGen: 72109K->1472K(71680K)] 417865K->347228K(592896K), 0.0024993 secs] [Times: user=0.01 sys=0.00, real=0.00 secs] 
359.180: [GC (Allocation Failure) [PSYoungGen: 71616K->1376K(71168K)] 417372K->347132K(592384K), 0.0037870 secs] [Times: user=0.01 sys=0.00, real=0.00 secs] 
359.761: [GC (Allocation Failure) [PSYoungGen: 71008K->1408K(70656K)] 416764K->347164K(591872K), 0.0035103 secs] [Times: user=0.01 sys=0.01, real=0.00 secs] 
360.188: [GC (Allocation Failure) [PSYoungGen: 70528K->1376K(70144K)] 416284K->347132K(591360K), 0.0024512 secs] [Times: user=0.01 sys=0.00, real=0.00 secs] 
360.391: [GC (Allocation Failure) [PSYoungGen: 69984K->1501K(69632K)] 415740K->347257K(590848K), 0.0017447 secs] [Times: user=0.01 sys=0.00, real=0.00 secs] 
360.510: [GC (Allocation Failure) [PSYoungGen: 69597K->1469K(75264K)] 415353K->347225K(596480K), 0.0018196 secs] [Times: user=0.00 sys=0.00, real=0.00 secs] 
360.639: [GC (Allocation Failure) [PSYoungGen: 75197K->1533K(75776K)] 420953K->347289K(596992K), 0.0016271 secs] [Times: user=0.01 sys=0.00, real=0.00 secs] 
360.925: [GC (Allocation Failure) [PSYoungGen: 75261K->1472K(75776K)] 421017K->347228K(596992K), 0.0019227 secs] [Times: user=0.01 sys=0.00, real=0.01 secs] 
361.580: [GC (Allocation Failure) [PSYoungGen: 75200K->1376K(74752K)] 420956K->347132K(595968K), 0.0022710 secs] [Times: user=0.01 sys=0.00, real=0.00 secs] 
362.281: [GC (Allocation Failure) [PSYoungGen: 74592K->1408K(74240K)] 420348K->347164K(595456K), 0.0039663 secs] [Times: user=0.01 sys=0.00, real=0.00 secs] 
362.911: [GC (Allocation Failure) [PSYoungGen: 74112K->1376K(73728K)] 419868K->347148K(594944K), 0.0026267 secs] [Times: user=0.01 sys=0.00, real=0.00 secs] 
363.360: [GC (Allocation Failure) [PSYoungGen: 73568K->1504K(73216K)] 419340K->347276K(594432K), 0.0022842 secs] [Times: user=0.01 sys=0.00, real=0.00 secs] 
363.496: [GC (Allocation Failure) [PSYoungGen: 73184K->1453K(72704K)] 418956K->347225K(593920K), 0.0015402 secs] [Times: user=0.00 sys=0.00, real=0.00 secs] 
363.640: [GC (Allocation Failure) [PSYoungGen: 72621K->1501K(78336K)] 418393K->347273K(599552K), 0.0020415 secs] [Times: user=0.01 sys=0.00, real=0.00 secs] 
363.807: [GC (Allocation Failure) [PSYoungGen: 78301K->1469K(78848K)] 424073K->347241K(600064K), 0.0015652 secs] [Times: user=0.01 sys=0.00, real=0.00 secs] 
365.161: [GC (Allocation Failure) [PSYoungGen: 78269K->1376K(77824K)] 424041K->347156K(599040K), 0.0043891 secs] [Times: user=0.02 sys=0.00, real=0.00 secs] 
366.071: [GC (Allocation Failure) [PSYoungGen: 77664K->1408K(77312K)] 423444K->347188K(598528K), 0.0044985 secs] [Times: user=0.02 sys=0.01, real=0.01 secs] 
366.851: [GC (Allocation Failure) [PSYoungGen: 77184K->1408K(76800K)] 422964K->347188K(598016K), 0.0044731 secs] [Times: user=0.01 sys=0.00, real=0.01 secs] 
367.730: [GC (Allocation Failure) [PSYoungGen: 76672K->1408K(76288K)] 422452K->347188K(597504K), 0.0036183 secs] [Times: user=0.01 sys=0.00, real=0.00 secs] 
367.947: [GC (Allocation Failure) [PSYoungGen: 76160K->1469K(75776K)] 421940K->347249K(596992K), 0.0016623 secs] [Times: user=0.00 sys=0.00, real=0.00 secs] 
368.100: [GC (Allocation Failure) [PSYoungGen: 75709K->1536K(75776K)] 421489K->347316K(596992K), 0.0020632 secs] [Times: user=0.01 sys=0.00, real=0.00 secs] 
368.274: [GC (Allocation Failure) [PSYoungGen: 75264K->1456K(76288K)] 421044K->347236K(597504K), 0.0020643 secs] [Times: user=0.01 sys=0.00, real=0.01 secs] 
369.216: [GC (Allocation Failure) [PSYoungGen: 75696K->1472K(75264K)] 421476K->347260K(596480K), 0.0032234 secs] [Times: user=0.02 sys=0.00, real=0.00 secs] 
370.106: [GC (Allocation Failure) [PSYoungGen: 75200K->1424K(74752K)] 420988K->347212K(595968K), 0.0049335 secs] [Times: user=0.02 sys=0.00, real=0.00 secs] 
370.995: [GC (Allocation Failure) [PSYoungGen: 74640K->1344K(74240K)] 420428K->347132K(595456K), 0.0030716 secs] [Times: user=0.02 sys=0.00, real=0.01 secs] 
371.888: [GC (Allocation Failure) [PSYoungGen: 74048K->1408K(73728K)] 419836K->347196K(594944K), 0.0038340 secs] [Times: user=0.02 sys=0.00, real=0.00 secs] 
372.222: [GC (Allocation Failure) [PSYoungGen: 73600K->1469K(73216K)] 419388K->347257K(594432K), 0.0023064 secs] [Times: user=0.01 sys=0.00, real=0.00 secs] 
372.359: [GC (Allocation Failure) [PSYoungGen: 73149K->1472K(72704K)] 418937K->347260K(593920K), 0.0016893 secs] [Times: user=0.00 sys=0.00, real=0.00 secs] 
372.483: [GC (Allocation Failure) [PSYoungGen: 72640K->1501K(78336K)] 418428K->347289K(599552K), 0.0017243 secs] [Times: user=0.00 sys=0.00, real=0.00 secs] 
373.022: [GC (Allocation Failure) [PSYoungGen: 78301K->1488K(78848K)] 424089K->347276K(600064K), 0.0043779 secs] [Times: user=0.02 sys=0.00, real=0.01 secs] 
373.759: [GC (Allocation Failure) [PSYoungGen: 78288K->1408K(77824K)] 424076K->347204K(599040K), 0.0030616 secs] [Times: user=0.01 sys=0.00, real=0.00 secs] 
374.480: [GC (Allocation Failure) [PSYoungGen: 77696K->1392K(77312K)] 423492K->347196K(598528K), 0.0032575 secs] [Times: user=0.02 sys=0.00, real=0.00 secs] 
375.162: [GC (Allocation Failure) [PSYoungGen: 77168K->1376K(76800K)] 422972K->347180K(598016K), 0.0030042 secs] [Times: user=0.01 sys=0.01, real=0.00 secs] 
375.664: [GC (Allocation Failure) [PSYoungGen: 76640K->1469K(76288K)] 422444K->347305K(597504K), 0.0024503 secs] [Times: user=0.01 sys=0.00, real=0.01 secs] 
375.818: [GC (Allocation Failure) [PSYoungGen: 76221K->1485K(75776K)] 422057K->347321K(596992K), 0.0016056 secs] [Times: user=0.00 sys=0.00, real=0.00 secs] 
375.951: [GC (Allocation Failure) [PSYoungGen: 75725K->1485K(75264K)] 421561K->347321K(596480K), 0.0017373 secs] [Times: user=0.01 sys=0.00, real=0.00 secs] 
376.130: [GC (Allocation Failure) [PSYoungGen: 75213K->1504K(80896K)] 421049K->347348K(602112K), 0.0018188 secs] [Times: user=0.00 sys=0.00, real=0.00 secs] 
376.609: [GC (Allocation Failure) [PSYoungGen: 80864K->1408K(80384K)] 426708K->347268K(601600K), 0.0019513 secs] [Times: user=0.00 sys=0.00, real=0.00 secs] 
377.302: [GC (Allocation Failure) [PSYoungGen: 80256K->1344K(79872K)] 426116K->347204K(601088K), 0.0032338 secs] [Times: user=0.01 sys=0.00, real=0.01 secs] 
377.995: [GC (Allocation Failure) [PSYoungGen: 79680K->1376K(79360K)] 425540K->347236K(600576K), 0.0029874 secs] [Times: user=0.01 sys=0.00, real=0.01 secs] 
378.509: [GC (Allocation Failure) [PSYoungGen: 79200K->1501K(78848K)] 425060K->347361K(600064K), 0.0020671 secs] [Times: user=0.01 sys=0.00, real=0.00 secs] 
378.658: [GC (Allocation Failure) [PSYoungGen: 78813K->1469K(78336K)] 424673K->347329K(599552K), 0.0017035 secs] [Times: user=0.01 sys=0.00, real=0.00 secs] 
378.792: [GC (Allocation Failure) [PSYoungGen: 78269K->1501K(77824K)] 424129K->347361K(599040K), 0.0017053 secs] [Times: user=0.00 sys=0.00, real=0.00 secs] 
379.226: [GC (Allocation Failure) [PSYoungGen: 77789K->1456K(77312K)] 423649K->347316K(598528K), 0.0022747 secs] [Times: user=0.01 sys=0.00, real=0.00 secs] 
380.072: [GC (Allocation Failure) [PSYoungGen: 77232K->1408K(76800K)] 423092K->347276K(598016K), 0.0045491 secs] [Times: user=0.02 sys=0.00, real=0.01 secs] 
380.899: [GC (Allocation Failure) [PSYoungGen: 76672K->1376K(76288K)] 422540K->347244K(597504K), 0.0031799 secs] [Times: user=0.02 sys=0.01, real=0.00 secs] 
381.845: [GC (Allocation Failure) [PSYoungGen: 76128K->1360K(75776K)] 421996K->347228K(596992K), 0.0033315 secs] [Times: user=0.01 sys=0.00, real=0.01 secs] 
382.536: [GC (Allocation Failure) [PSYoungGen: 75600K->1469K(75264K)] 421468K->347337K(596480K), 0.0022885 secs] [Times: user=0.01 sys=0.00, real=0.00 secs] 
382.691: [GC (Allocation Failure) [PSYoungGen: 75197K->1501K(74752K)] 421065K->347369K(595968K), 0.0016441 secs] [Times: user=0.01 sys=0.00, real=0.00 secs] 
382.820: [GC (Allocation Failure) [PSYoungGen: 74717K->1453K(74240K)] 420585K->347321K(595456K), 0.0016675 secs] [Times: user=0.00 sys=0.00, real=0.00 secs] 
382.949: [GC (Allocation Failure) [PSYoungGen: 74157K->1533K(74752K)] 420025K->347401K(595968K), 0.0016833 secs] [Times: user=0.00 sys=0.00, real=0.00 secs] 
383.424: [GC (Allocation Failure) [PSYoungGen: 74237K->1408K(73728K)] 420105K->347276K(594944K), 0.0021746 secs] [Times: user=0.00 sys=0.00, real=0.01 secs] 
383.724: [GC (Allocation Failure) [PSYoungGen: 73600K->1376K(73216K)] 419468K->347244K(594432K), 0.0021174 secs] [Times: user=0.01 sys=0.00, real=0.01 secs] 
384.023: [GC (Allocation Failure) [PSYoungGen: 73056K->1376K(72704K)] 418924K->347276K(593920K), 0.0021773 secs] [Times: user=0.01 sys=0.00, real=0.00 secs] 
384.332: [GC (Allocation Failure) [PSYoungGen: 72544K->1472K(72192K)] 418444K->347372K(593408K), 0.0020220 secs] [Times: user=0.00 sys=0.00, real=0.00 secs] 
384.471: [GC (Allocation Failure) [PSYoungGen: 72128K->1469K(72704K)] 418028K->347369K(593920K), 0.0018372 secs] [Times: user=0.01 sys=0.00, real=0.00 secs] 
384.595: [GC (Allocation Failure) [PSYoungGen: 72125K->1501K(78336K)] 418025K->347401K(599552K), 0.0018047 secs] [Times: user=0.00 sys=0.00, real=0.01 secs] 
384.750: [GC (Allocation Failure) [PSYoungGen: 77789K->1533K(78336K)] 423689K->347433K(599552K), 0.0020703 secs] [Times: user=0.01 sys=0.00, real=0.00 secs] 
386.085: [GC (Allocation Failure) [PSYoungGen: 77821K->1440K(83968K)] 423721K->347340K(605184K), 0.0036822 secs] [Times: user=0.02 sys=0.00, real=0.01 secs] 
387.289: [GC (Allocation Failure) [PSYoungGen: 83872K->1408K(83456K)] 429772K->347308K(604672K), 0.0025288 secs] [Times: user=0.01 sys=0.00, real=0.00 secs] 
388.280: [GC (Allocation Failure) [PSYoungGen: 83328K->1376K(82944K)] 429228K->347276K(604160K), 0.0027508 secs] [Times: user=0.01 sys=0.00, real=0.00 secs] 
389.056: [GC (Allocation Failure) [PSYoungGen: 82784K->1440K(82432K)] 428684K->347340K(603648K), 0.0021060 secs] [Times: user=0.01 sys=0.00, real=0.00 secs] 
389.223: [GC (Allocation Failure) [PSYoungGen: 82336K->1533K(81920K)] 428236K->347433K(603136K), 0.0016875 secs] [Times: user=0.01 sys=0.00, real=0.00 secs] 
389.363: [GC (Allocation Failure) [PSYoungGen: 81917K->1501K(81408K)] 427817K->347401K(602624K), 0.0016599 secs] [Times: user=0.01 sys=0.00, real=0.00 secs] 
389.503: [GC (Allocation Failure) [PSYoungGen: 81373K->1501K(80896K)] 427273K->347401K(602112K), 0.0016376 secs] [Times: user=0.01 sys=0.00, real=0.00 secs] 
391.158: [GC (Allocation Failure) [PSYoungGen: 80861K->1376K(80384K)] 426761K->347276K(601600K), 0.0038274 secs] [Times: user=0.01 sys=0.00, real=0.00 secs] 
392.357: [GC (Allocation Failure) [PSYoungGen: 80224K->1376K(79872K)] 426124K->347276K(601088K), 0.0046711 secs] [Times: user=0.02 sys=0.00, real=0.00 secs] 
393.219: [GC (Allocation Failure) [PSYoungGen: 79712K->1408K(79360K)] 425612K->347308K(600576K), 0.0044979 secs] [Times: user=0.02 sys=0.01, real=0.00 secs] 
394.144: [GC (Allocation Failure) [PSYoungGen: 79232K->1456K(78848K)] 425132K->347356K(600064K), 0.0028403 secs] [Times: user=0.01 sys=0.00, real=0.01 secs] 
394.396: [GC (Allocation Failure) [PSYoungGen: 78768K->1485K(78336K)] 424668K->347385K(599552K), 0.0020168 secs] [Times: user=0.01 sys=0.00, real=0.00 secs] 
394.543: [GC (Allocation Failure) [PSYoungGen: 78285K->1501K(77824K)] 424185K->347401K(599040K), 0.0017018 secs] [Times: user=0.00 sys=0.00, real=0.00 secs] 
394.699: [GC (Allocation Failure) [PSYoungGen: 77789K->1488K(77312K)] 423689K->347388K(598528K), 0.0020926 secs] [Times: user=0.01 sys=0.00, real=0.00 secs] 
395.900: [GC (Allocation Failure) [PSYoungGen: 77264K->1408K(76800K)] 423164K->347316K(598016K), 0.0046096 secs] [Times: user=0.01 sys=0.00, real=0.00 secs] 
396.949: [GC (Allocation Failure) [PSYoungGen: 76672K->1392K(76288K)] 422580K->347316K(597504K), 0.0034672 secs] [Times: user=0.02 sys=0.00, real=0.00 secs] 
397.635: [GC (Allocation Failure) [PSYoungGen: 76144K->1392K(75776K)] 422068K->347324K(596992K), 0.0046109 secs] [Times: user=0.02 sys=0.00, real=0.00 secs] 
398.206: [GC (Allocation Failure) [PSYoungGen: 75632K->1440K(75264K)] 421564K->347372K(596480K), 0.0030277 secs] [Times: user=0.01 sys=0.00, real=0.00 secs] 
398.390: [GC (Allocation Failure) [PSYoungGen: 75168K->1485K(74752K)] 421100K->347417K(595968K), 0.0016245 secs] [Times: user=0.01 sys=0.00, real=0.00 secs] 
398.518: [GC (Allocation Failure) [PSYoungGen: 74701K->1501K(74240K)] 420633K->347433K(595456K), 0.0015944 secs] [Times: user=0.01 sys=0.00, real=0.00 secs] 
398.646: [GC (Allocation Failure) [PSYoungGen: 74205K->1501K(74752K)] 420137K->347433K(595968K), 0.0016176 secs] [Times: user=0.00 sys=0.00, real=0.00 secs] 
399.591: [GC (Allocation Failure) [PSYoungGen: 74205K->1440K(73728K)] 420137K->347380K(594944K), 0.0030671 secs] [Times: user=0.02 sys=0.00, real=0.00 secs] 
400.912: [GC (Allocation Failure) [PSYoungGen: 73632K->1360K(73216K)] 419572K->347300K(594432K), 0.0041551 secs] [Times: user=0.02 sys=0.00, real=0.01 secs] 
402.041: [GC (Allocation Failure) [PSYoungGen: 73040K->1408K(72704K)] 418980K->347348K(593920K), 0.0044700 secs] [Times: user=0.02 sys=0.00, real=0.01 secs] 
403.107: [GC (Allocation Failure) [PSYoungGen: 72576K->1376K(72192K)] 418516K->347316K(593408K), 0.0040648 secs] [Times: user=0.02 sys=0.00, real=0.00 secs] 
403.623: [GC (Allocation Failure) [PSYoungGen: 72032K->1456K(71680K)] 417972K->347396K(592896K), 0.0021312 secs] [Times: user=0.01 sys=0.00, real=0.00 secs] 
403.768: [GC (Allocation Failure) [PSYoungGen: 71600K->1501K(71168K)] 417540K->347441K(592384K), 0.0017649 secs] [Times: user=0.01 sys=0.00, real=0.00 secs] 
403.891: [GC (Allocation Failure) [PSYoungGen: 71133K->1472K(70656K)] 417073K->347412K(591872K), 0.0016377 secs] [Times: user=0.00 sys=0.00, real=0.00 secs] 
404.015: [GC (Allocation Failure) [PSYoungGen: 70520K->224K(71168K)] 416460K->346164K(592384K), 0.0016367 secs] [Times: user=0.01 sys=0.00, real=0.01 secs] 
404.849: [GC (Allocation Failure) [PSYoungGen: 69344K->1376K(70144K)] 415284K->347324K(591360K), 0.0035814 secs] [Times: user=0.01 sys=0.00, real=0.00 secs] 
405.173: [GC (Allocation Failure) [PSYoungGen: 69984K->1376K(69632K)] 415932K->347324K(590848K), 0.0022056 secs] [Times: user=0.01 sys=0.00, real=0.00 secs] 
405.485: [GC (Allocation Failure) [PSYoungGen: 69472K->1440K(69120K)] 415420K->347404K(590336K), 0.0022624 secs] [Times: user=0.01 sys=0.00, real=0.01 secs] 
405.949: [GC (Allocation Failure) [PSYoungGen: 69024K->1376K(68608K)] 414988K->347340K(589824K), 0.0024066 secs] [Times: user=0.01 sys=0.00, real=0.00 secs] 
406.225: [GC (Allocation Failure) [PSYoungGen: 68448K->1485K(68096K)] 414412K->347449K(589312K), 0.0016124 secs] [Times: user=0.00 sys=0.00, real=0.01 secs] 
406.358: [GC (Allocation Failure) [PSYoungGen: 68045K->1504K(67584K)] 414009K->347468K(588800K), 0.0020177 secs] [Times: user=0.01 sys=0.00, real=0.00 secs] 
406.508: [GC (Allocation Failure) [PSYoungGen: 67552K->1488K(68096K)] 413516K->347452K(589312K), 0.0019257 secs] [Times: user=0.01 sys=0.00, real=0.00 secs] 
406.629: [GC (Allocation Failure) [PSYoungGen: 67424K->288K(73728K)] 413388K->346276K(594944K), 0.0015962 secs] [Times: user=0.01 sys=0.00, real=0.00 secs] 
406.986: [GC (Allocation Failure) [PSYoungGen: 71968K->1440K(73728K)] 417956K->347428K(594944K), 0.0021342 secs] [Times: user=0.01 sys=0.01, real=0.00 secs] 
407.284: [GC (Allocation Failure) [PSYoungGen: 73120K->1392K(79360K)] 419108K->347380K(600576K), 0.0024035 secs] [Times: user=0.01 sys=0.00, real=0.01 secs] 
407.606: [GC (Allocation Failure) [PSYoungGen: 78704K->1344K(78336K)] 424692K->347332K(599552K), 0.0021966 secs] [Times: user=0.01 sys=0.00, real=0.00 secs] 
407.947: [GC (Allocation Failure) [PSYoungGen: 78144K->1504K(77824K)] 424132K->347492K(599040K), 0.0029716 secs] [Times: user=0.01 sys=0.00, real=0.00 secs] 
408.168: [GC (Allocation Failure) [PSYoungGen: 77792K->1533K(77312K)] 423780K->347521K(598528K), 0.0016587 secs] [Times: user=0.00 sys=0.00, real=0.00 secs] 
408.302: [GC (Allocation Failure) [PSYoungGen: 77309K->1533K(77824K)] 423297K->347521K(599040K), 0.0016942 secs] [Times: user=0.00 sys=0.00, real=0.00 secs] 
408.435: [GC (Allocation Failure) [PSYoungGen: 77309K->1533K(77824K)] 423297K->347529K(599040K), 0.0016393 secs] [Times: user=0.01 sys=0.00, real=0.01 secs] 
408.780: [GC (Allocation Failure) [PSYoungGen: 77309K->1440K(83456K)] 423305K->347444K(604672K), 0.0021359 secs] [Times: user=0.01 sys=0.00, real=0.00 secs] 
409.120: [GC (Allocation Failure) [PSYoungGen: 83360K->1376K(82944K)] 429364K->347380K(604160K), 0.0025096 secs] [Times: user=0.01 sys=0.00, real=0.00 secs] 
409.459: [GC (Allocation Failure) [PSYoungGen: 82784K->1344K(82432K)] 428788K->347348K(603648K), 0.0020307 secs] [Times: user=0.01 sys=0.00, real=0.00 secs] 
410.198: [GC (Allocation Failure) [PSYoungGen: 82240K->1456K(81920K)] 428244K->347460K(603136K), 0.0023229 secs] [Times: user=0.01 sys=0.00, real=0.00 secs] 
410.385: [GC (Allocation Failure) [PSYoungGen: 81840K->1533K(81408K)] 427844K->347537K(602624K), 0.0023349 secs] [Times: user=0.01 sys=0.00, real=0.00 secs] 
410.582: [GC (Allocation Failure) [PSYoungGen: 81405K->1533K(80896K)] 427409K->347537K(602112K), 0.0021616 secs] [Times: user=0.00 sys=0.00, real=0.00 secs] 
410.850: [GC (Allocation Failure) [PSYoungGen: 80893K->1984K(80896K)] 426897K->348508K(602112K), 0.0023536 secs] [Times: user=0.01 sys=0.00, real=0.00 secs] 
411.178: [GC (Allocation Failure) [PSYoungGen: 80832K->1376K(79872K)] 427356K->347900K(601088K), 0.0024496 secs] [Times: user=0.00 sys=0.00, real=0.00 secs] 
411.504: [GC (Allocation Failure) [PSYoungGen: 79712K->1392K(79360K)] 426236K->347916K(600576K), 0.0021541 secs] [Times: user=0.01 sys=0.00, real=0.01 secs] 
411.827: [GC (Allocation Failure) [PSYoungGen: 79216K->1408K(78848K)] 425740K->347956K(600064K), 0.0021225 secs] [Times: user=0.01 sys=0.00, real=0.00 secs] 
412.119: [GC (Allocation Failure) [PSYoungGen: 78720K->1501K(78336K)] 425268K->348049K(599552K), 0.0015610 secs] [Times: user=0.00 sys=0.00, real=0.00 secs] 
412.254: [GC (Allocation Failure) [PSYoungGen: 78301K->1501K(77824K)] 424849K->348049K(599040K), 0.0016814 secs] [Times: user=0.01 sys=0.00, real=0.01 secs] 
412.390: [GC (Allocation Failure) [PSYoungGen: 77789K->1501K(78336K)] 424337K->348049K(599552K), 0.0017369 secs] [Times: user=0.00 sys=0.00, real=0.00 secs] 
412.579: [GC (Allocation Failure) [PSYoungGen: 78301K->1472K(78848K)] 424849K->348020K(600064K), 0.0017994 secs] [Times: user=0.00 sys=0.00, real=0.00 secs] 
413.527: [GC (Allocation Failure) [PSYoungGen: 78272K->1408K(77824K)] 424820K->347956K(599040K), 0.0022193 secs] [Times: user=0.00 sys=0.00, real=0.00 secs] 
414.467: [GC (Allocation Failure) [PSYoungGen: 77696K->1408K(77312K)] 424244K->347980K(598528K), 0.0031179 secs] [Times: user=0.01 sys=0.01, real=0.00 secs] 
415.520: [GC (Allocation Failure) [PSYoungGen: 77184K->1408K(76800K)] 423756K->347980K(598016K), 0.0034138 secs] [Times: user=0.01 sys=0.00, real=0.00 secs] 
416.038: [GC (Allocation Failure) [PSYoungGen: 76672K->1437K(76288K)] 423244K->348009K(597504K), 0.0022331 secs] [Times: user=0.01 sys=0.00, real=0.00 secs] 
416.216: [GC (Allocation Failure) [PSYoungGen: 76189K->1533K(75776K)] 422761K->348105K(596992K), 0.0020297 secs] [Times: user=0.01 sys=0.00, real=0.00 secs] 
416.379: [GC (Allocation Failure) [PSYoungGen: 75773K->1501K(75264K)] 422345K->348073K(596480K), 0.0017623 secs] [Times: user=0.01 sys=0.00, real=0.00 secs] 
416.527: [GC (Allocation Failure) [PSYoungGen: 75229K->1501K(81408K)] 421801K->348073K(602624K), 0.0020428 secs] [Times: user=0.01 sys=0.00, real=0.00 secs] 
418.008: [GC (Allocation Failure) [PSYoungGen: 81373K->1440K(80896K)] 427945K->348028K(602112K), 0.0035030 secs] [Times: user=0.01 sys=0.00, real=0.00 secs] 
419.196: [GC (Allocation Failure) [PSYoungGen: 80800K->1376K(80384K)] 427388K->347964K(601600K), 0.0034475 secs] [Times: user=0.01 sys=0.00, real=0.00 secs] 
419.915: [GC (Allocation Failure) [PSYoungGen: 80224K->1408K(79872K)] 426812K->347996K(601088K), 0.0025882 secs] [Times: user=0.01 sys=0.00, real=0.01 secs] 
420.206: [GC (Allocation Failure) [PSYoungGen: 79744K->1501K(79360K)] 426332K->348089K(600576K), 0.0016902 secs] [Times: user=0.00 sys=0.00, real=0.00 secs] 
420.344: [GC (Allocation Failure) [PSYoungGen: 79325K->1501K(78848K)] 425913K->348089K(600064K), 0.0020703 secs] [Times: user=0.01 sys=0.00, real=0.01 secs] 
420.510: [GC (Allocation Failure) [PSYoungGen: 78813K->1533K(78336K)] 425401K->348121K(599552K), 0.0016796 secs] [Times: user=0.01 sys=0.00, real=0.00 secs] 
420.795: [GC (Allocation Failure) [PSYoungGen: 78333K->2000K(78336K)] 424921K->348596K(599552K), 0.0018885 secs] [Times: user=0.01 sys=0.00, real=0.01 secs] 
421.621: [GC (Allocation Failure) [PSYoungGen: 78288K->1376K(77312K)] 424884K->347972K(598528K), 0.0029829 secs] [Times: user=0.01 sys=0.00, real=0.00 secs] 
422.653: [GC (Allocation Failure) [PSYoungGen: 77152K->1344K(76800K)] 423748K->347940K(598016K), 0.0037545 secs] [Times: user=0.01 sys=0.00, real=0.01 secs] 
423.688: [GC (Allocation Failure) [PSYoungGen: 76608K->1376K(76288K)] 423204K->347972K(597504K), 0.0037016 secs] [Times: user=0.02 sys=0.00, real=0.00 secs] 
424.190: [GC (Allocation Failure) [PSYoungGen: 76128K->1536K(76288K)] 422724K->348132K(597504K), 0.0023449 secs] [Times: user=0.01 sys=0.00, real=0.00 secs] 
424.324: [GC (Allocation Failure) [PSYoungGen: 75776K->461K(74240K)] 422372K->348081K(595456K), 0.0016342 secs] [Times: user=0.01 sys=0.00, real=0.01 secs] 
424.452: [GC (Allocation Failure) [PSYoungGen: 74189K->493K(75264K)] 421809K->348113K(596480K), 0.0015198 secs] [Times: user=0.01 sys=0.00, real=0.00 secs] 
424.580: [GC (Allocation Failure) [PSYoungGen: 73709K->413K(75264K)] 421329K->348033K(596480K), 0.0017493 secs] [Times: user=0.00 sys=0.00, real=0.00 secs] 
425.186: [GC (Allocation Failure) [PSYoungGen: 73629K->1408K(74240K)] 421249K->349028K(595456K), 0.0019394 secs] [Times: user=0.01 sys=0.00, real=0.00 secs] 
425.764: [GC (Allocation Failure) [PSYoungGen: 74112K->1376K(74240K)] 421732K->349012K(595456K), 0.0019698 secs] [Times: user=0.01 sys=0.00, real=0.01 secs] 
426.387: [GC (Allocation Failure) [PSYoungGen: 73568K->1408K(73216K)] 421204K->349044K(594432K), 0.0022814 secs] [Times: user=0.01 sys=0.00, real=0.00 secs] 
427.232: [GC (Allocation Failure) [PSYoungGen: 73088K->1408K(72704K)] 420724K->349044K(593920K), 0.0023362 secs] [Times: user=0.01 sys=0.00, real=0.00 secs] 
427.432: [GC (Allocation Failure) [PSYoungGen: 72576K->1437K(72192K)] 420212K->349073K(593408K), 0.0016534 secs] [Times: user=0.01 sys=0.00, real=0.00 secs] 
427.557: [GC (Allocation Failure) [PSYoungGen: 72093K->1485K(71680K)] 419729K->349121K(592896K), 0.0016379 secs] [Times: user=0.01 sys=0.00, real=0.00 secs] 
427.680: [GC (Allocation Failure) [PSYoungGen: 71629K->1469K(72192K)] 419265K->349105K(593408K), 0.0016623 secs] [Times: user=0.01 sys=0.00, real=0.00 secs] 
427.872: [GC (Allocation Failure) [PSYoungGen: 71613K->1440K(77824K)] 419249K->349084K(599040K), 0.0020672 secs] [Times: user=0.01 sys=0.01, real=0.00 secs] 
428.188: [GC (Allocation Failure) [PSYoungGen: 77216K->1408K(76800K)] 424860K->349052K(598016K), 0.0018968 secs] [Times: user=0.01 sys=0.00, real=0.00 secs] 
428.696: [GC (Allocation Failure) [PSYoungGen: 76672K->1376K(76288K)] 424316K->349020K(597504K), 0.0018935 secs] [Times: user=0.00 sys=0.00, real=0.00 secs] 
429.481: [GC (Allocation Failure) [PSYoungGen: 76128K->1392K(75776K)] 423772K->349036K(596992K), 0.0025676 secs] [Times: user=0.01 sys=0.00, real=0.00 secs] 
429.976: [GC (Allocation Failure) [PSYoungGen: 75632K->1456K(75264K)] 423276K->349108K(596480K), 0.0021236 secs] [Times: user=0.00 sys=0.00, real=0.00 secs] 
430.106: [GC (Allocation Failure) [PSYoungGen: 75184K->1485K(74752K)] 422836K->349137K(595968K), 0.0016753 secs] [Times: user=0.01 sys=0.00, real=0.00 secs] 
430.234: [GC (Allocation Failure) [PSYoungGen: 74701K->1501K(74240K)] 422353K->349153K(595456K), 0.0016105 secs] [Times: user=0.01 sys=0.00, real=0.01 secs] 
430.364: [GC (Allocation Failure) [PSYoungGen: 73886K->224K(74752K)] 421538K->347876K(595968K), 0.0015385 secs] [Times: user=0.00 sys=0.00, real=0.00 secs] 
431.633: [GC (Allocation Failure) [PSYoungGen: 72928K->1424K(73728K)] 420580K->349084K(594944K), 0.0036545 secs] [Times: user=0.01 sys=0.00, real=0.01 secs] 
432.464: [GC (Allocation Failure) [PSYoungGen: 73616K->1424K(73216K)] 421276K->349084K(594432K), 0.0038914 secs] [Times: user=0.02 sys=0.00, real=0.01 secs] 
433.310: [GC (Allocation Failure) [PSYoungGen: 73104K->1408K(72704K)] 420764K->349068K(593920K), 0.0034632 secs] [Times: user=0.02 sys=0.00, real=0.00 secs] 
433.950: [GC (Allocation Failure) [PSYoungGen: 72576K->1437K(72192K)] 420236K->349105K(593408K), 0.0029849 secs] [Times: user=0.02 sys=0.00, real=0.00 secs] 
434.138: [GC (Allocation Failure) [PSYoungGen: 72093K->1501K(71680K)] 419761K->349169K(592896K), 0.0016168 secs] [Times: user=0.01 sys=0.00, real=0.00 secs] 
434.260: [GC (Allocation Failure) [PSYoungGen: 71645K->1469K(71168K)] 419313K->349137K(592384K), 0.0018583 secs] [Times: user=0.01 sys=0.00, real=0.00 secs] 
434.382: [GC (Allocation Failure) [PSYoungGen: 71101K->1533K(77312K)] 418769K->349201K(598528K), 0.0016115 secs] [Times: user=0.01 sys=0.00, real=0.00 secs] 
434.887: [GC (Allocation Failure) [PSYoungGen: 77309K->1472K(76800K)] 424977K->349148K(598016K), 0.0022651 secs] [Times: user=0.01 sys=0.00, real=0.00 secs] 
435.509: [GC (Allocation Failure) [PSYoungGen: 76736K->1440K(76288K)] 424412K->349116K(597504K), 0.0022232 secs] [Times: user=0.00 sys=0.00, real=0.00 secs] 
436.124: [GC (Allocation Failure) [PSYoungGen: 76192K->1408K(75776K)] 423868K->349084K(596992K), 0.0021773 secs] [Times: user=0.01 sys=0.00, real=0.01 secs] 
436.468: [GC (Allocation Failure) [PSYoungGen: 75648K->1376K(75264K)] 423324K->349052K(596480K), 0.0022719 secs] [Times: user=0.01 sys=0.00, real=0.00 secs] 
436.802: [GC (Allocation Failure) [PSYoungGen: 75104K->1469K(74752K)] 422780K->349145K(595968K), 0.0016198 secs] [Times: user=0.00 sys=0.00, real=0.00 secs] 
436.929: [GC (Allocation Failure) [PSYoungGen: 74685K->1485K(74240K)] 422361K->349161K(595456K), 0.0016858 secs] [Times: user=0.01 sys=0.00, real=0.00 secs] 
437.058: [GC (Allocation Failure) [PSYoungGen: 74189K->1501K(73728K)] 421865K->349177K(594944K), 0.0016317 secs] [Times: user=0.01 sys=0.00, real=0.00 secs] 
437.300: [GC (Allocation Failure) [PSYoungGen: 73693K->1968K(73728K)] 421369K->349644K(594944K), 0.0018748 secs] [Times: user=0.01 sys=0.00, real=0.00 secs] 
437.998: [GC (Allocation Failure) [PSYoungGen: 73648K->1376K(72704K)] 421324K->349060K(593920K), 0.0044940 secs] [Times: user=0.02 sys=0.00, real=0.00 secs] 
438.620: [GC (Allocation Failure) [PSYoungGen: 72544K->1408K(72192K)] 420228K->349092K(593408K), 0.0027338 secs] [Times: user=0.01 sys=0.00, real=0.00 secs] 
439.182: [GC (Allocation Failure) [PSYoungGen: 72064K->1376K(71680K)] 419748K->349060K(592896K), 0.0036961 secs] [Times: user=0.02 sys=0.00, real=0.01 secs] 
439.557: [GC (Allocation Failure) [PSYoungGen: 71520K->1504K(71168K)] 419204K->349188K(592384K), 0.0020942 secs] [Times: user=0.01 sys=0.00, real=0.00 secs] 
439.691: [GC (Allocation Failure) [PSYoungGen: 71136K->1453K(70656K)] 418820K->349137K(591872K), 0.0017182 secs] [Times: user=0.01 sys=0.00, real=0.00 secs] 
439.812: [GC (Allocation Failure) [PSYoungGen: 70573K->1533K(71168K)] 418257K->349217K(592384K), 0.0015979 secs] [Times: user=0.01 sys=0.00, real=0.00 secs] 
439.954: [GC (Allocation Failure) [PSYoungGen: 71165K->1488K(71680K)] 418849K->349172K(592896K), 0.0020011 secs] [Times: user=0.01 sys=0.00, real=0.01 secs] 
440.209: [GC (Allocation Failure) [PSYoungGen: 71120K->1440K(77824K)] 418804K->349124K(599040K), 0.0023263 secs] [Times: user=0.01 sys=0.00, real=0.00 secs] 
440.573: [GC (Allocation Failure) [PSYoungGen: 77216K->1360K(77824K)] 424900K->349044K(599040K), 0.0021766 secs] [Times: user=0.01 sys=0.00, real=0.01 secs] 
440.926: [GC (Allocation Failure) [PSYoungGen: 77136K->1408K(76800K)] 424820K->349092K(598016K), 0.0024691 secs] [Times: user=0.01 sys=0.00, real=0.00 secs] 
441.269: [GC (Allocation Failure) [PSYoungGen: 76672K->1408K(76288K)] 424356K->349092K(597504K), 0.0033918 secs] [Times: user=0.01 sys=0.00, real=0.00 secs] 
441.521: [GC (Allocation Failure) [PSYoungGen: 76160K->1469K(75776K)] 423844K->349153K(596992K), 0.0016416 secs] [Times: user=0.01 sys=0.00, real=0.00 secs] 
441.651: [GC (Allocation Failure) [PSYoungGen: 75709K->1501K(82432K)] 423393K->349185K(603648K), 0.0015692 secs] [Times: user=0.01 sys=0.00, real=0.00 secs] 
441.791: [GC (Allocation Failure) [PSYoungGen: 81885K->1469K(82432K)] 429569K->349153K(603648K), 0.0016358 secs] [Times: user=0.01 sys=0.00, real=0.00 secs] 
443.547: [GC (Allocation Failure) [PSYoungGen: 81853K->1376K(81408K)] 429537K->349076K(602624K), 0.0047575 secs] [Times: user=0.02 sys=0.00, real=0.00 secs] 
444.639: [GC (Allocation Failure) [PSYoungGen: 81248K->1376K(80896K)] 428948K->349076K(602112K), 0.0031250 secs] [Times: user=0.01 sys=0.00, real=0.00 secs] 
445.323: [GC (Allocation Failure) [PSYoungGen: 80736K->1408K(80384K)] 428436K->349108K(601600K), 0.0025166 secs] [Times: user=0.01 sys=0.00, real=0.00 secs] 
445.948: [GC (Allocation Failure) [PSYoungGen: 80256K->1360K(79872K)] 427956K->349060K(601088K), 0.0024065 secs] [Times: user=0.01 sys=0.00, real=0.00 secs] 
446.246: [GC (Allocation Failure) [PSYoungGen: 79696K->1501K(79360K)] 427396K->349201K(600576K), 0.0016357 secs] [Times: user=0.01 sys=0.00, real=0.00 secs] 
446.382: [GC (Allocation Failure) [PSYoungGen: 79325K->1533K(78848K)] 427025K->349233K(600064K), 0.0016494 secs] [Times: user=0.01 sys=0.00, real=0.00 secs] 
446.517: [GC (Allocation Failure) [PSYoungGen: 78845K->1501K(78336K)] 426545K->349201K(599552K), 0.0017091 secs] [Times: user=0.01 sys=0.00, real=0.00 secs] 
447.099: [GC (Allocation Failure) [PSYoungGen: 78301K->1456K(77824K)] 426001K->349156K(599040K), 0.0017945 secs] [Times: user=0.00 sys=0.00, real=0.00 secs] 
448.155: [GC (Allocation Failure) [PSYoungGen: 77744K->1392K(77312K)] 425444K->349100K(598528K), 0.0037912 secs] [Times: user=0.02 sys=0.00, real=0.01 secs] 
448.919: [GC (Allocation Failure) [PSYoungGen: 77168K->1440K(76800K)] 424876K->349148K(598016K), 0.0043550 secs] [Times: user=0.02 sys=0.00, real=0.00 secs] 
449.436: [GC (Allocation Failure) [PSYoungGen: 76704K->1392K(76288K)] 424412K->349100K(597504K), 0.0028137 secs] [Times: user=0.01 sys=0.00, real=0.00 secs] 
449.703: [GC (Allocation Failure) [PSYoungGen: 76144K->1469K(75776K)] 423852K->349177K(596992K), 0.0016128 secs] [Times: user=0.01 sys=0.00, real=0.00 secs] 
449.855: [GC (Allocation Failure) [PSYoungGen: 75709K->1456K(75264K)] 423417K->349164K(596480K), 0.0020862 secs] [Times: user=0.01 sys=0.00, real=0.01 secs] 
450.013: [GC (Allocation Failure) [PSYoungGen: 75184K->1533K(74752K)] 422892K->349241K(595968K), 0.0017270 secs] [Times: user=0.01 sys=0.00, real=0.00 secs] 
450.406: [GC (Allocation Failure) [PSYoungGen: 74749K->1504K(74240K)] 422457K->349212K(595456K), 0.0023569 secs] [Times: user=0.01 sys=0.00, real=0.00 secs] 
450.809: [GC (Allocation Failure) [PSYoungGen: 74208K->1392K(73728K)] 421916K->349116K(594944K), 0.0022856 secs] [Times: user=0.01 sys=0.00, real=0.00 secs] 
451.118: [GC (Allocation Failure) [PSYoungGen: 73584K->1376K(73216K)] 421308K->349100K(594432K), 0.0022622 secs] [Times: user=0.00 sys=0.01, real=0.00 secs] 
451.786: [GC (Allocation Failure) [PSYoungGen: 73056K->1408K(72704K)] 420780K->349132K(593920K), 0.0024801 secs] [Times: user=0.01 sys=0.00, real=0.00 secs] 
452.237: [GC (Allocation Failure) [PSYoungGen: 72576K->1504K(72192K)] 420300K->349228K(593408K), 0.0023188 secs] [Times: user=0.01 sys=0.00, real=0.00 secs] 
452.372: [GC (Allocation Failure) [PSYoungGen: 72160K->1533K(71680K)] 419884K->349257K(592896K), 0.0016684 secs] [Times: user=0.01 sys=0.00, real=0.00 secs] 
452.494: [GC (Allocation Failure) [PSYoungGen: 71677K->1501K(72192K)] 419401K->349225K(593408K), 0.0017352 secs] [Times: user=0.01 sys=0.00, real=0.01 secs] 
452.616: [GC (Allocation Failure) [PSYoungGen: 71645K->1504K(77824K)] 419369K->349228K(599040K), 0.0018954 secs] [Times: user=0.01 sys=0.00, real=0.00 secs] 
453.502: [GC (Allocation Failure) [PSYoungGen: 77280K->1408K(76800K)] 425004K->349132K(598016K), 0.0030516 secs] [Times: user=0.02 sys=0.00, real=0.00 secs] 
454.552: [GC (Allocation Failure) [PSYoungGen: 76672K->1344K(76288K)] 424396K->349092K(597504K), 0.0029702 secs] [Times: user=0.01 sys=0.00, real=0.01 secs] 
455.243: [GC (Allocation Failure) [PSYoungGen: 76096K->1344K(75776K)] 423844K->349092K(596992K), 0.0026600 secs] [Times: user=0.01 sys=0.00, real=0.00 secs] 
455.894: [GC (Allocation Failure) [PSYoungGen: 75584K->1376K(75264K)] 423332K->349124K(596480K), 0.0028417 secs] [Times: user=0.01 sys=0.00, real=0.01 secs] 
456.118: [GC (Allocation Failure) [PSYoungGen: 75104K->1533K(74752K)] 422852K->349281K(595968K), 0.0017327 secs] [Times: user=0.01 sys=0.00, real=0.00 secs] 
456.246: [GC (Allocation Failure) [PSYoungGen: 74749K->1501K(74240K)] 422497K->349249K(595456K), 0.0017195 secs] [Times: user=0.01 sys=0.00, real=0.00 secs] 
456.375: [GC (Allocation Failure) [PSYoungGen: 74205K->1501K(74752K)] 421953K->349249K(595968K), 0.0016946 secs] [Times: user=0.01 sys=0.00, real=0.01 secs] 
456.814: [GC (Allocation Failure) [PSYoungGen: 74205K->1472K(73728K)] 421953K->349220K(594944K), 0.0022644 secs] [Times: user=0.01 sys=0.00, real=0.01 secs] 
457.807: [GC (Allocation Failure) [PSYoungGen: 73664K->1360K(73216K)] 421412K->349108K(594432K), 0.0048822 secs] [Times: user=0.01 sys=0.00, real=0.00 secs] 
458.707: [GC (Allocation Failure) [PSYoungGen: 73040K->1408K(72704K)] 420788K->349156K(593920K), 0.0034775 secs] [Times: user=0.01 sys=0.00, real=0.00 secs] 
459.772: [GC (Allocation Failure) [PSYoungGen: 72576K->1376K(72192K)] 420324K->349124K(593408K), 0.0037998 secs] [Times: user=0.01 sys=0.00, real=0.01 secs] 
460.250: [GC (Allocation Failure) [PSYoungGen: 72032K->1501K(71680K)] 419780K->349249K(592896K), 0.0023909 secs] [Times: user=0.01 sys=0.00, real=0.00 secs] 
460.399: [GC (Allocation Failure) [PSYoungGen: 71645K->1485K(71168K)] 419393K->349233K(592384K), 0.0017841 secs] [Times: user=0.01 sys=0.00, real=0.00 secs] 
460.521: [GC (Allocation Failure) [PSYoungGen: 71117K->1501K(70656K)] 418865K->349249K(591872K), 0.0015582 secs] [Times: user=0.01 sys=0.00, real=0.00 secs] 
460.643: [GC (Allocation Failure) [PSYoungGen: 70621K->1533K(76288K)] 418369K->349281K(597504K), 0.0016550 secs] [Times: user=0.01 sys=0.00, real=0.00 secs] 
460.989: [GC (Allocation Failure) [PSYoungGen: 76285K->1376K(75776K)] 424033K->349124K(596992K), 0.0020430 secs] [Times: user=0.01 sys=0.00, real=0.00 secs] 
461.298: [GC (Allocation Failure) [PSYoungGen: 75616K->1440K(75264K)] 423364K->349188K(596480K), 0.0021397 secs] [Times: user=0.01 sys=0.01, real=0.00 secs] 
461.609: [GC (Allocation Failure) [PSYoungGen: 75168K->1376K(74752K)] 422916K->349124K(595968K), 0.0033127 secs] [Times: user=0.01 sys=0.00, real=0.00 secs] 
461.925: [GC (Allocation Failure) [PSYoungGen: 74592K->1440K(74240K)] 422340K->349188K(595456K), 0.0026415 secs] [Times: user=0.01 sys=0.00, real=0.01 secs] 
462.138: [GC (Allocation Failure) [PSYoungGen: 74132K->1456K(73728K)] 421880K->349204K(594944K), 0.0018765 secs] [Times: user=0.01 sys=0.00, real=0.00 secs] 
462.267: [GC (Allocation Failure) [PSYoungGen: 73648K->1453K(74240K)] 421396K->349201K(595456K), 0.0016498 secs] [Times: user=0.01 sys=0.00, real=0.00 secs] 
462.394: [GC (Allocation Failure) [PSYoungGen: 73645K->1472K(80384K)] 421393K->349220K(601600K), 0.0019196 secs] [Times: user=0.01 sys=0.00, real=0.01 secs] 
462.682: [GC (Allocation Failure) [PSYoungGen: 79808K->1472K(80384K)] 427556K->349220K(601600K), 0.0022366 secs] [Times: user=0.01 sys=0.00, real=0.00 secs] 
463.008: [GC (Allocation Failure) [PSYoungGen: 79808K->1408K(86016K)] 427556K->349164K(607232K), 0.0021349 secs] [Times: user=0.01 sys=0.00, real=0.00 secs] 
463.360: [GC (Allocation Failure) [PSYoungGen: 85888K->1408K(85504K)] 433644K->349164K(606720K), 0.0021653 secs] [Times: user=0.01 sys=0.00, real=0.00 secs] 
463.734: [GC (Allocation Failure) [PSYoungGen: 85376K->1440K(84992K)] 433132K->349196K(606208K), 0.0020393 secs] [Times: user=0.01 sys=0.00, real=0.01 secs] 
463.888: [GC (Allocation Failure) [PSYoungGen: 84896K->1469K(84480K)] 432652K->349225K(605696K), 0.0016923 secs] [Times: user=0.01 sys=0.00, real=0.00 secs] 
464.036: [GC (Allocation Failure) [PSYoungGen: 84413K->1501K(84992K)] 432169K->349257K(606208K), 0.0017817 secs] [Times: user=0.01 sys=0.00, real=0.00 secs] 
464.185: [GC (Allocation Failure) [PSYoungGen: 84445K->1469K(84992K)] 432201K->349225K(606208K), 0.0016577 secs] [Times: user=0.00 sys=0.00, real=0.01 secs] 
464.635: [GC (Allocation Failure) [PSYoungGen: 84413K->1440K(83968K)] 432169K->349196K(605184K), 0.0020276 secs] [Times: user=0.01 sys=0.00, real=0.01 secs] 
465.122: [GC (Allocation Failure) [PSYoungGen: 83872K->1408K(83456K)] 431628K->349164K(604672K), 0.0024058 secs] [Times: user=0.01 sys=0.00, real=0.00 secs] 
465.462: [GC (Allocation Failure) [PSYoungGen: 83328K->1408K(82944K)] 431084K->349164K(604160K), 0.0019984 secs] [Times: user=0.00 sys=0.00, real=0.00 secs] 
465.754: [GC (Allocation Failure) [PSYoungGen: 82816K->1501K(82432K)] 430572K->349257K(603648K), 0.0016967 secs] [Times: user=0.00 sys=0.00, real=0.01 secs] 
465.894: [GC (Allocation Failure) [PSYoungGen: 82397K->1501K(81920K)] 430153K->349257K(603136K), 0.0017610 secs] [Times: user=0.00 sys=0.00, real=0.01 secs] 
466.034: [GC (Allocation Failure) [PSYoungGen: 81885K->1533K(88576K)] 429641K->349289K(609792K), 0.0017162 secs] [Times: user=0.01 sys=0.00, real=0.01 secs] 
467.033: [GC (Allocation Failure) [PSYoungGen: 88573K->1472K(88064K)] 436329K->349228K(609280K), 0.0046352 secs] [Times: user=0.02 sys=0.00, real=0.01 secs] 
467.957: [GC (Allocation Failure) [PSYoungGen: 88000K->1424K(87552K)] 435756K->349180K(608768K), 0.0034561 secs] [Times: user=0.01 sys=0.00, real=0.00 secs] 
469.266: [GC (Allocation Failure) [PSYoungGen: 87440K->1392K(87040K)] 435196K->349156K(608256K), 0.0046579 secs] [Times: user=0.02 sys=0.00, real=0.00 secs] 
470.378: [GC (Allocation Failure) [PSYoungGen: 86896K->1408K(86528K)] 434660K->349172K(607744K), 0.0035608 secs] [Times: user=0.01 sys=0.00, real=0.00 secs] 
470.608: [GC (Allocation Failure) [PSYoungGen: 86400K->1488K(86016K)] 434164K->349252K(607232K), 0.0017130 secs] [Times: user=0.01 sys=0.00, real=0.00 secs] 
470.757: [GC (Allocation Failure) [PSYoungGen: 85968K->1504K(85504K)] 433732K->349268K(606720K), 0.0017193 secs] [Times: user=0.01 sys=0.00, real=0.00 secs] 
470.952: [GC (Allocation Failure) [PSYoungGen: 85472K->1952K(85504K)] 433236K->350228K(606720K), 0.0020727 secs] [Times: user=0.01 sys=0.00, real=0.00 secs] 
471.452: [GC (Allocation Failure) [PSYoungGen: 85408K->1408K(84480K)] 433684K->349684K(605696K), 0.0023168 secs] [Times: user=0.01 sys=0.00, real=0.00 secs] 
471.810: [GC (Allocation Failure) [PSYoungGen: 84352K->1376K(83968K)] 432628K->349652K(605184K), 0.0020417 secs] [Times: user=0.01 sys=0.00, real=0.00 secs] 
472.195: [GC (Allocation Failure) [PSYoungGen: 83808K->1376K(83456K)] 432084K->349652K(604672K), 0.0022767 secs] [Times: user=0.01 sys=0.00, real=0.01 secs] 
472.477: [GC (Allocation Failure) [PSYoungGen: 83296K->1472K(82944K)] 431572K->349748K(604160K), 0.0016299 secs] [Times: user=0.01 sys=0.00, real=0.00 secs] 
472.619: [GC (Allocation Failure) [PSYoungGen: 82880K->1469K(82432K)] 431156K->349745K(603648K), 0.0016884 secs] [Times: user=0.01 sys=0.00, real=0.00 secs] 
472.759: [GC (Allocation Failure) [PSYoungGen: 82365K->1501K(81920K)] 430641K->349777K(603136K), 0.0016327 secs] [Times: user=0.01 sys=0.00, real=0.00 secs] 
473.083: [GC (Allocation Failure) [PSYoungGen: 81885K->1392K(81408K)] 430161K->349668K(602624K), 0.0020472 secs] [Times: user=0.01 sys=0.01, real=0.00 secs] 
473.435: [GC (Allocation Failure) [PSYoungGen: 81264K->1392K(80896K)] 429540K->349668K(602112K), 0.0021414 secs] [Times: user=0.01 sys=0.00, real=0.01 secs] 
473.824: [GC (Allocation Failure) [PSYoungGen: 80752K->1408K(80384K)] 429028K->349692K(601600K), 0.0023212 secs] [Times: user=0.01 sys=0.00, real=0.01 secs] 
474.189: [GC (Allocation Failure) [PSYoungGen: 80256K->1376K(79872K)] 428540K->349692K(601088K), 0.0019246 secs] [Times: user=0.01 sys=0.00, real=0.00 secs] 
474.402: [GC (Allocation Failure) [PSYoungGen: 79712K->1472K(79360K)] 428028K->349788K(600576K), 0.0017137 secs] [Times: user=0.00 sys=0.00, real=0.00 secs] 
474.541: [GC (Allocation Failure) [PSYoungGen: 79296K->1533K(78848K)] 427612K->349865K(600064K), 0.0015759 secs] [Times: user=0.00 sys=0.00, real=0.00 secs] 
474.699: [GC (Allocation Failure) [PSYoungGen: 78845K->1472K(79872K)] 427177K->349804K(601088K), 0.0020275 secs] [Times: user=0.01 sys=0.00, real=0.00 secs] 
476.054: [GC (Allocation Failure) [PSYoungGen: 79296K->1408K(78848K)] 427628K->349740K(600064K), 0.0046299 secs] [Times: user=0.02 sys=0.00, real=0.01 secs] 
476.471: [GC (Allocation Failure) [PSYoungGen: 78720K->1376K(78336K)] 427052K->349708K(599552K), 0.0033662 secs] [Times: user=0.01 sys=0.00, real=0.00 secs] 
477.092: [GC (Allocation Failure) [PSYoungGen: 78176K->1408K(77824K)] 426508K->349740K(599040K), 0.0026389 secs] [Times: user=0.01 sys=0.00, real=0.00 secs] 
477.662: [GC (Allocation Failure) [PSYoungGen: 77696K->1501K(77312K)] 426028K->349833K(598528K), 0.0024144 secs] [Times: user=0.01 sys=0.00, real=0.00 secs] 
477.826: [GC (Allocation Failure) [PSYoungGen: 77277K->1453K(76800K)] 425609K->349785K(598016K), 0.0016410 secs] [Times: user=0.01 sys=0.00, real=0.00 secs] 
477.957: [GC (Allocation Failure) [PSYoungGen: 76717K->1501K(76288K)] 425049K->349833K(597504K), 0.0017903 secs] [Times: user=0.01 sys=0.00, real=0.00 secs] 
478.088: [GC (Allocation Failure) [PSYoungGen: 76253K->1485K(81920K)] 424585K->349817K(603136K), 0.0016175 secs] [Times: user=0.00 sys=0.00, real=0.00 secs] 
478.666: [GC (Allocation Failure) [PSYoungGen: 81869K->1440K(81408K)] 430201K->349772K(602624K), 0.0020484 secs] [Times: user=0.01 sys=0.00, real=0.00 secs] 
479.206: [GC (Allocation Failure) [PSYoungGen: 81312K->1344K(80896K)] 429644K->349676K(602112K), 0.0023019 secs] [Times: user=0.01 sys=0.00, real=0.00 secs] 
479.548: [GC (Allocation Failure) [PSYoungGen: 80704K->1376K(80384K)] 429036K->349708K(601600K), 0.0022739 secs] [Times: user=0.01 sys=0.00, real=0.00 secs] 
479.913: [GC (Allocation Failure) [PSYoungGen: 80224K->1501K(79872K)] 428556K->349833K(601088K), 0.0020678 secs] [Times: user=0.01 sys=0.00, real=0.01 secs] 
480.058: [GC (Allocation Failure) [PSYoungGen: 79837K->1485K(79360K)] 428169K->349817K(600576K), 0.0016916 secs] [Times: user=0.01 sys=0.00, real=0.00 secs] 
480.196: [GC (Allocation Failure) [PSYoungGen: 79309K->1501K(78848K)] 427641K->349833K(600064K), 0.0016610 secs] [Times: user=0.01 sys=0.00, real=0.00 secs] 
480.333: [GC (Allocation Failure) [PSYoungGen: 78813K->1501K(79360K)] 427145K->349833K(600576K), 0.0016642 secs] [Times: user=0.01 sys=0.00, real=0.00 secs] 
481.602: [GC (Allocation Failure) [PSYoungGen: 78813K->1472K(78336K)] 427145K->349804K(599552K), 0.0038198 secs] [Times: user=0.02 sys=0.00, real=0.01 secs] 
482.269: [GC (Allocation Failure) [PSYoungGen: 78272K->1440K(77824K)] 426604K->349780K(599040K), 0.0037599 secs] [Times: user=0.02 sys=0.00, real=0.00 secs] 
482.847: [GC (Allocation Failure) [PSYoungGen: 77728K->1392K(77312K)] 426068K->349732K(598528K), 0.0020292 secs] [Times: user=0.01 sys=0.00, real=0.00 secs] 
483.175: [GC (Allocation Failure) [PSYoungGen: 77168K->1424K(76800K)] 425508K->349764K(598016K), 0.0021456 secs] [Times: user=0.01 sys=0.00, real=0.00 secs] 
483.343: [GC (Allocation Failure) [PSYoungGen: 76688K->1488K(76288K)] 425028K->349844K(597504K), 0.0017992 secs] [Times: user=0.01 sys=0.00, real=0.00 secs] 
483.509: [GC (Allocation Failure) [PSYoungGen: 76240K->1533K(75776K)] 424596K->349889K(596992K), 0.0018377 secs] [Times: user=0.01 sys=0.00, real=0.00 secs] 
483.642: [GC (Allocation Failure) [PSYoungGen: 75773K->1533K(81920K)] 424129K->349889K(603136K), 0.0016174 secs] [Times: user=0.01 sys=0.00, real=0.00 secs] 
484.248: [GC (Allocation Failure) [PSYoungGen: 81917K->1488K(81408K)] 430273K->349844K(602624K), 0.0032141 secs] [Times: user=0.01 sys=0.00, real=0.00 secs] 
484.629: [GC (Allocation Failure) [PSYoungGen: 81360K->1408K(80896K)] 429716K->349764K(602112K), 0.0021428 secs] [Times: user=0.01 sys=0.00, real=0.00 secs] 
485.170: [GC (Allocation Failure) [PSYoungGen: 80768K->1408K(80384K)] 429124K->349764K(601600K), 0.0019233 secs] [Times: user=0.01 sys=0.00, real=0.00 secs] 
485.847: [GC (Allocation Failure) [PSYoungGen: 80226K->1456K(79872K)] 428583K->349812K(601088K), 0.0026217 secs] [Times: user=0.02 sys=0.00, real=0.00 secs] 
486.029: [GC (Allocation Failure) [PSYoungGen: 79792K->1533K(79360K)] 428148K->349889K(600576K), 0.0016081 secs] [Times: user=0.01 sys=0.00, real=0.00 secs] 
486.166: [GC (Allocation Failure) [PSYoungGen: 79357K->1533K(78848K)] 427713K->349889K(600064K), 0.0016886 secs] [Times: user=0.00 sys=0.00, real=0.00 secs] 
486.315: [GC (Allocation Failure) [PSYoungGen: 78845K->1456K(79360K)] 427201K->349812K(600576K), 0.0022128 secs] [Times: user=0.01 sys=0.00, real=0.01 secs] 
486.907: [GC (Allocation Failure) [PSYoungGen: 78768K->1424K(78336K)] 427124K->349780K(599552K), 0.0021701 secs] [Times: user=0.01 sys=0.00, real=0.00 secs] 
487.590: [GC (Allocation Failure) [PSYoungGen: 78224K->1376K(77824K)] 426580K->349740K(599040K), 0.0031928 secs] [Times: user=0.02 sys=0.00, real=0.00 secs] 
488.419: [GC (Allocation Failure) [PSYoungGen: 77664K->1376K(77312K)] 426028K->349740K(598528K), 0.0034725 secs] [Times: user=0.01 sys=0.00, real=0.00 secs] 
489.461: [GC (Allocation Failure) [PSYoungGen: 77152K->1456K(76800K)] 425516K->349820K(598016K), 0.0031152 secs] [Times: user=0.02 sys=0.00, real=0.00 secs] 
489.711: [GC (Allocation Failure) [PSYoungGen: 76720K->1488K(76288K)] 425084K->349852K(597504K), 0.0022848 secs] [Times: user=0.01 sys=0.00, real=0.00 secs] 
489.900: [GC (Allocation Failure) [PSYoungGen: 76240K->1485K(75776K)] 424604K->349849K(596992K), 0.0022425 secs] [Times: user=0.01 sys=0.00, real=0.00 secs] 
490.064: [GC (Allocation Failure) [PSYoungGen: 75725K->1501K(75264K)] 424089K->349865K(596480K), 0.0016277 secs] [Times: user=0.00 sys=0.00, real=0.01 secs] 
490.884: [GC (Allocation Failure) [PSYoungGen: 75229K->1408K(74752K)] 423593K->349772K(595968K), 0.0037245 secs] [Times: user=0.02 sys=0.00, real=0.01 secs] 
491.695: [GC (Allocation Failure) [PSYoungGen: 74624K->1408K(74240K)] 422988K->349788K(595456K), 0.0025992 secs] [Times: user=0.01 sys=0.01, real=0.01 secs] 
492.258: [GC (Allocation Failure) [PSYoungGen: 74112K->1376K(73728K)] 422492K->349756K(594944K), 0.0025745 secs] [Times: user=0.01 sys=0.00, real=0.00 secs] 
492.898: [GC (Allocation Failure) [PSYoungGen: 73568K->1392K(73216K)] 421948K->349772K(594432K), 0.0024357 secs] [Times: user=0.01 sys=0.00, real=0.00 secs] 
493.157: [GC (Allocation Failure) [PSYoungGen: 73072K->1501K(72704K)] 421452K->349881K(593920K), 0.0016097 secs] [Times: user=0.01 sys=0.00, real=0.00 secs] 
493.282: [GC (Allocation Failure) [PSYoungGen: 72669K->1501K(72192K)] 421049K->349881K(593408K), 0.0015722 secs] [Times: user=0.00 sys=0.00, real=0.00 secs] 
493.406: [GC (Allocation Failure) [PSYoungGen: 72157K->1549K(72192K)] 420537K->349929K(593408K), 0.0016602 secs] [Times: user=0.01 sys=0.00, real=0.00 secs] 
493.708: [GC (Allocation Failure) [PSYoungGen: 71693K->432K(70144K)] 420073K->349836K(591360K), 0.0019507 secs] [Times: user=0.00 sys=0.00, real=0.00 secs] 
494.471: [GC (Allocation Failure) [PSYoungGen: 70064K->352K(71168K)] 419468K->349756K(592384K), 0.0020379 secs] [Times: user=0.01 sys=0.00, real=0.00 secs] 
495.303: [GC (Allocation Failure) [PSYoungGen: 69472K->368K(69120K)] 418876K->349796K(590336K), 0.0020661 secs] [Times: user=0.01 sys=0.00, real=0.00 secs] 
495.953: [GC (Allocation Failure) [PSYoungGen: 68976K->384K(70144K)] 418404K->349820K(591360K), 0.0019059 secs] [Times: user=0.01 sys=0.00, real=0.00 secs] 
496.510: [GC (Allocation Failure) [PSYoungGen: 68480K->1472K(69120K)] 417916K->350916K(590336K), 0.0022570 secs] [Times: user=0.01 sys=0.00, real=0.00 secs] 
496.686: [GC (Allocation Failure) [PSYoungGen: 69056K->1456K(68608K)] 418500K->350900K(589824K), 0.0021742 secs] [Times: user=0.00 sys=0.00, real=0.00 secs] 
496.860: [GC (Allocation Failure) [PSYoungGen: 68528K->1456K(68096K)] 417972K->350900K(589312K), 0.0024835 secs] [Times: user=0.01 sys=0.00, real=0.00 secs] 
497.051: [GC (Allocation Failure) [PSYoungGen: 68016K->1456K(67584K)] 417460K->350900K(588800K), 0.0022798 secs] [Times: user=0.01 sys=0.00, real=0.00 secs] 
497.550: [GC (Allocation Failure) [PSYoungGen: 67504K->1440K(67072K)] 416948K->350884K(588288K), 0.0039005 secs] [Times: user=0.02 sys=0.00, real=0.00 secs] 
498.289: [GC (Allocation Failure) [PSYoungGen: 66976K->1392K(66560K)] 416420K->350836K(587776K), 0.0034447 secs] [Times: user=0.01 sys=0.00, real=0.00 secs] 
498.845: [GC (Allocation Failure) [PSYoungGen: 66416K->1408K(66048K)] 415860K->350852K(587264K), 0.0031468 secs] [Times: user=0.01 sys=0.00, real=0.01 secs] 
499.469: [GC (Allocation Failure) [PSYoungGen: 65920K->1392K(65536K)] 415364K->350836K(586752K), 0.0028186 secs] [Times: user=0.01 sys=0.00, real=0.00 secs] 
499.968: [GC (Allocation Failure) [PSYoungGen: 65392K->1376K(65024K)] 414836K->350820K(586240K), 0.0027413 secs] [Times: user=0.01 sys=0.00, real=0.00 secs] 
500.182: [GC (Allocation Failure) [PSYoungGen: 64864K->1472K(64512K)] 414308K->350916K(585728K), 0.0018929 secs] [Times: user=0.01 sys=0.00, real=0.00 secs] 
500.292: [GC (Allocation Failure) [PSYoungGen: 64448K->1533K(64000K)] 413892K->350977K(585216K), 0.0015752 secs] [Times: user=0.01 sys=0.00, real=0.00 secs] 
500.403: [GC (Allocation Failure) [PSYoungGen: 63997K->1501K(67072K)] 413441K->350953K(588288K), 0.0017007 secs] [Times: user=0.01 sys=0.00, real=0.00 secs] 
500.516: [GC (Allocation Failure) [PSYoungGen: 66515K->1517K(70144K)] 415968K->350969K(591360K), 0.0018702 secs] [Times: user=0.01 sys=0.00, real=0.00 secs] 
501.093: [GC (Allocation Failure) [PSYoungGen: 69613K->1456K(70144K)] 419065K->350908K(591360K), 0.0021604 secs] [Times: user=0.00 sys=0.00, real=0.00 secs] 
501.666: [GC (Allocation Failure) [PSYoungGen: 69552K->1392K(69120K)] 419004K->350844K(590336K), 0.0022121 secs] [Times: user=0.01 sys=0.00, real=0.00 secs] 
502.101: [GC (Allocation Failure) [PSYoungGen: 68976K->1424K(68608K)] 418428K->350876K(589824K), 0.0023619 secs] [Times: user=0.01 sys=0.00, real=0.00 secs] 
502.381: [GC (Allocation Failure) [PSYoungGen: 68496K->1424K(68096K)] 417948K->350876K(589312K), 0.0022541 secs] [Times: user=0.01 sys=0.00, real=0.00 secs] 
502.579: [GC (Allocation Failure) [PSYoungGen: 67984K->1488K(67584K)] 417436K->350940K(588800K), 0.0018087 secs] [Times: user=0.01 sys=0.00, real=0.00 secs] 
502.695: [GC (Allocation Failure) [PSYoungGen: 67536K->1520K(73216K)] 416988K->350972K(594432K), 0.0016098 secs] [Times: user=0.01 sys=0.00, real=0.01 secs] 
502.820: [GC (Allocation Failure) [PSYoungGen: 73200K->1488K(73728K)] 422652K->350972K(594944K), 0.0016210 secs] [Times: user=0.01 sys=0.00, real=0.00 secs] 
502.945: [GC (Allocation Failure) [PSYoungGen: 73168K->1520K(79872K)] 422652K->351004K(601088K), 0.0017631 secs] [Times: user=0.01 sys=0.00, real=0.01 secs] 
503.562: [GC (Allocation Failure) [PSYoungGen: 79344K->1488K(79872K)] 428828K->350980K(601088K), 0.0019534 secs] [Times: user=0.01 sys=0.00, real=0.00 secs] 
504.231: [GC (Allocation Failure) [PSYoungGen: 79312K->1392K(78848K)] 428804K->350884K(600064K), 0.0026410 secs] [Times: user=0.01 sys=0.00, real=0.00 secs] 
504.734: [GC (Allocation Failure) [PSYoungGen: 78704K->1392K(78336K)] 428196K->350884K(599552K), 0.0023295 secs] [Times: user=0.01 sys=0.01, real=0.01 secs] 
505.038: [GC (Allocation Failure) [PSYoungGen: 78192K->1520K(77824K)] 427684K->351012K(599040K), 0.0017088 secs] [Times: user=0.01 sys=0.00, real=0.00 secs] 
505.172: [GC (Allocation Failure) [PSYoungGen: 77808K->1485K(77312K)] 427300K->350977K(598528K), 0.0018146 secs] [Times: user=0.01 sys=0.00, real=0.00 secs] 
505.305: [GC (Allocation Failure) [PSYoungGen: 77261K->1520K(83456K)] 426753K->351012K(604672K), 0.0016776 secs] [Times: user=0.00 sys=0.00, real=0.00 secs] 
505.448: [GC (Allocation Failure) [PSYoungGen: 83440K->1520K(83968K)] 432932K->351012K(605184K), 0.0017075 secs] [Times: user=0.01 sys=0.00, real=0.00 secs] 
506.240: [GC (Allocation Failure) [PSYoungGen: 83440K->1424K(82944K)] 432932K->350956K(604160K), 0.0027745 secs] [Times: user=0.01 sys=0.00, real=0.00 secs] 
507.073: [GC (Allocation Failure) [PSYoungGen: 82832K->1408K(82432K)] 432364K->350940K(603648K), 0.0034482 secs] [Times: user=0.01 sys=0.01, real=0.01 secs] 
507.733: [GC (Allocation Failure) [PSYoungGen: 82304K->1408K(81920K)] 431836K->350940K(603136K), 0.0030246 secs] [Times: user=0.01 sys=0.00, real=0.01 secs] 
508.200: [GC (Allocation Failure) [PSYoungGen: 81792K->1501K(81408K)] 431324K->351033K(602624K), 0.0022632 secs] [Times: user=0.01 sys=0.00, real=0.00 secs] 
508.351: [GC (Allocation Failure) [PSYoungGen: 81373K->1469K(80896K)] 430905K->351001K(602112K), 0.0016326 secs] [Times: user=0.00 sys=0.00, real=0.00 secs] 
508.490: [GC (Allocation Failure) [PSYoungGen: 80829K->1501K(80384K)] 430361K->351033K(601600K), 0.0017472 secs] [Times: user=0.00 sys=0.00, real=0.00 secs] 
509.782: [GC (Allocation Failure) [PSYoungGen: 80349K->1488K(79872K)] 429881K->351028K(601088K), 0.0045817 secs] [Times: user=0.02 sys=0.00, real=0.01 secs] 
511.850: [GC (Allocation Failure) [PSYoungGen: 79824K->1376K(79360K)] 429364K->350916K(600576K), 0.0045563 secs] [Times: user=0.02 sys=0.00, real=0.00 secs] 
513.080: [GC (Allocation Failure) [PSYoungGen: 79200K->1312K(78848K)] 428740K->350860K(600064K), 0.0043609 secs] [Times: user=0.02 sys=0.00, real=0.00 secs] 
514.088: [GC (Allocation Failure) [PSYoungGen: 78624K->1408K(78336K)] 428172K->350956K(599552K), 0.0030894 secs] [Times: user=0.01 sys=0.00, real=0.00 secs] 
514.495: [GC (Allocation Failure) [PSYoungGen: 78208K->1501K(77824K)] 427756K->351049K(599040K), 0.0015895 secs] [Times: user=0.00 sys=0.00, real=0.01 secs] 
514.630: [GC (Allocation Failure) [PSYoungGen: 77789K->1501K(77312K)] 427337K->351049K(598528K), 0.0017963 secs] [Times: user=0.01 sys=0.00, real=0.00 secs] 
514.765: [GC (Allocation Failure) [PSYoungGen: 77277K->1501K(76800K)] 426825K->351049K(598016K), 0.0016827 secs] [Times: user=0.01 sys=0.00, real=0.01 secs] 
515.343: [GC (Allocation Failure) [PSYoungGen: 76765K->1472K(76288K)] 426313K->351028K(597504K), 0.0023882 secs] [Times: user=0.01 sys=0.00, real=0.01 secs] 
516.164: [GC (Allocation Failure) [PSYoungGen: 76224K->1392K(75776K)] 425780K->350948K(596992K), 0.0025423 secs] [Times: user=0.01 sys=0.01, real=0.01 secs] 
516.914: [GC (Allocation Failure) [PSYoungGen: 75632K->1440K(75264K)] 425188K->351004K(596480K), 0.0022131 secs] [Times: user=0.01 sys=0.00, real=0.01 secs] 
517.449: [GC (Allocation Failure) [PSYoungGen: 75168K->1344K(74752K)] 424732K->350908K(595968K), 0.0026877 secs] [Times: user=0.01 sys=0.00, real=0.00 secs] 
517.925: [GC (Allocation Failure) [PSYoungGen: 74560K->1456K(74240K)] 424124K->351036K(595456K), 0.0025689 secs] [Times: user=0.01 sys=0.00, real=0.00 secs] 
518.069: [GC (Allocation Failure) [PSYoungGen: 74160K->1469K(73728K)] 423740K->351049K(594944K), 0.0015880 secs] [Times: user=0.00 sys=0.00, real=0.00 secs] 
518.194: [GC (Allocation Failure) [PSYoungGen: 73661K->1485K(73216K)] 423241K->351065K(594432K), 0.0017021 secs] [Times: user=0.01 sys=0.00, real=0.01 secs] 
518.320: [GC (Allocation Failure) [PSYoungGen: 73165K->1533K(78848K)] 422745K->351113K(600064K), 0.0016341 secs] [Times: user=0.01 sys=0.00, real=0.00 secs] 
519.031: [GC (Allocation Failure) [PSYoungGen: 78845K->1408K(78336K)] 428425K->350996K(599552K), 0.0026695 secs] [Times: user=0.01 sys=0.00, real=0.00 secs] 
519.461: [GC (Allocation Failure) [PSYoungGen: 78208K->1376K(77824K)] 427796K->350964K(599040K), 0.0029531 secs] [Times: user=0.02 sys=0.00, real=0.00 secs] 
519.965: [GC (Allocation Failure) [PSYoungGen: 77664K->1408K(77312K)] 427252K->350996K(598528K), 0.0023187 secs] [Times: user=0.01 sys=0.00, real=0.01 secs] 
520.526: [GC (Allocation Failure) [PSYoungGen: 77184K->1488K(76800K)] 426772K->351076K(598016K), 0.0020204 secs] [Times: user=0.01 sys=0.00, real=0.00 secs] 
520.726: [GC (Allocation Failure) [PSYoungGen: 76752K->1488K(76288K)] 426340K->351076K(597504K), 0.0023421 secs] [Times: user=0.01 sys=0.00, real=0.00 secs] 
520.885: [GC (Allocation Failure) [PSYoungGen: 76240K->1533K(75776K)] 425828K->351121K(596992K), 0.0016598 secs] [Times: user=0.01 sys=0.00, real=0.01 secs] 
521.037: [GC (Allocation Failure) [PSYoungGen: 75773K->1472K(76800K)] 425361K->351060K(598016K), 0.0020848 secs] [Times: user=0.01 sys=0.00, real=0.00 secs] 
521.488: [GC (Allocation Failure) [PSYoungGen: 76224K->1472K(75776K)] 425812K->351076K(596992K), 0.0029294 secs] [Times: user=0.01 sys=0.00, real=0.00 secs] 
522.387: [GC (Allocation Failure) [PSYoungGen: 75712K->1408K(75264K)] 425316K->351012K(596480K), 0.0049147 secs] [Times: user=0.02 sys=0.00, real=0.00 secs] 
523.309: [GC (Allocation Failure) [PSYoungGen: 75136K->1312K(74752K)] 424740K->350916K(595968K), 0.0041240 secs] [Times: user=0.01 sys=0.00, real=0.00 secs] 
524.247: [GC (Allocation Failure) [PSYoungGen: 74528K->1392K(74240K)] 424132K->351020K(595456K), 0.0048318 secs] [Times: user=0.01 sys=0.00, real=0.00 secs] 
524.594: [GC (Allocation Failure) [PSYoungGen: 74096K->1488K(73728K)] 423724K->351116K(594944K), 0.0019624 secs] [Times: user=0.01 sys=0.00, real=0.01 secs] 
524.727: [GC (Allocation Failure) [PSYoungGen: 73680K->1437K(73216K)] 423308K->351065K(594432K), 0.0017773 secs] [Times: user=0.01 sys=0.00, real=0.00 secs] 
524.851: [GC (Allocation Failure) [PSYoungGen: 73117K->1501K(78848K)] 422745K->351129K(600064K), 0.0016514 secs] [Times: user=0.00 sys=0.00, real=0.00 secs] 
525.194: [GC (Allocation Failure) [PSYoungGen: 78813K->1472K(78336K)] 428441K->351100K(599552K), 0.0021135 secs] [Times: user=0.01 sys=0.00, real=0.01 secs] 
525.957: [GC (Allocation Failure) [PSYoungGen: 78272K->1392K(77824K)] 427900K->351044K(599040K), 0.0026314 secs] [Times: user=0.01 sys=0.00, real=0.00 secs] 
526.760: [GC (Allocation Failure) [PSYoungGen: 77680K->1376K(77312K)] 427332K->351028K(598528K), 0.0028253 secs] [Times: user=0.01 sys=0.00, real=0.00 secs] 
527.299: [GC (Allocation Failure) [PSYoungGen: 77152K->1408K(76800K)] 426804K->351060K(598016K), 0.0030611 secs] [Times: user=0.01 sys=0.00, real=0.00 secs] 
527.686: [GC (Allocation Failure) [PSYoungGen: 76672K->1456K(76288K)] 426324K->351108K(597504K), 0.0021342 secs] [Times: user=0.01 sys=0.00, real=0.00 secs] 
527.821: [GC (Allocation Failure) [PSYoungGen: 76208K->1517K(75776K)] 425860K->351169K(596992K), 0.0016682 secs] [Times: user=0.00 sys=0.00, real=0.00 secs] 
527.954: [GC (Allocation Failure) [PSYoungGen: 75757K->1469K(75264K)] 425409K->351121K(596480K), 0.0018206 secs] [Times: user=0.00 sys=0.00, real=0.01 secs] 
528.873: [GC (Allocation Failure) [PSYoungGen: 75197K->1440K(74752K)] 424849K->351092K(595968K), 0.0032990 secs] [Times: user=0.02 sys=0.00, real=0.01 secs] 
529.498: [GC (Allocation Failure) [PSYoungGen: 74656K->1392K(74240K)] 424308K->351052K(595456K), 0.0036038 secs] [Times: user=0.01 sys=0.00, real=0.00 secs] 
529.974: [GC (Allocation Failure) [PSYoungGen: 74096K->1376K(73728K)] 423756K->351036K(594944K), 0.0021191 secs] [Times: user=0.01 sys=0.00, real=0.01 secs] 
530.274: [GC (Allocation Failure) [PSYoungGen: 73568K->1376K(73216K)] 423228K->351036K(594432K), 0.0021910 secs] [Times: user=0.01 sys=0.00, real=0.01 secs] 
530.544: [GC (Allocation Failure) [PSYoungGen: 73056K->1453K(72704K)] 422716K->351113K(593920K), 0.0016105 secs] [Times: user=0.01 sys=0.00, real=0.01 secs] 
530.669: [GC (Allocation Failure) [PSYoungGen: 72621K->1501K(72192K)] 422281K->351161K(593408K), 0.0016139 secs] [Times: user=0.00 sys=0.00, real=0.00 secs] 
530.813: [GC (Allocation Failure) [PSYoungGen: 72157K->1488K(72704K)] 421817K->351148K(593920K), 0.0020615 secs] [Times: user=0.01 sys=0.00, real=0.01 secs] 
530.967: [GC (Allocation Failure) [PSYoungGen: 72144K->1472K(72704K)] 421804K->351132K(593920K), 0.0017137 secs] [Times: user=0.01 sys=0.00, real=0.00 secs] 
531.243: [GC (Allocation Failure) [PSYoungGen: 72128K->1456K(78848K)] 421788K->351116K(600064K), 0.0023436 secs] [Times: user=0.00 sys=0.00, real=0.01 secs] 
531.647: [GC (Allocation Failure) [PSYoungGen: 78256K->1408K(77824K)] 427916K->351068K(599040K), 0.0018122 secs] [Times: user=0.01 sys=0.00, real=0.00 secs] 
532.261: [GC (Allocation Failure) [PSYoungGen: 77696K->1408K(77312K)] 427356K->351068K(598528K), 0.0045509 secs] [Times: user=0.02 sys=0.00, real=0.01 secs] 
533.059: [GC (Allocation Failure) [PSYoungGen: 77184K->1344K(76800K)] 426844K->351012K(598016K), 0.0030538 secs] [Times: user=0.01 sys=0.00, real=0.00 secs] 
533.351: [GC (Allocation Failure) [PSYoungGen: 76608K->1488K(76288K)] 426276K->351156K(597504K), 0.0021115 secs] [Times: user=0.01 sys=0.00, real=0.00 secs] 
533.484: [GC (Allocation Failure) [PSYoungGen: 76240K->1501K(75776K)] 425908K->351169K(596992K), 0.0016213 secs] [Times: user=0.01 sys=0.00, real=0.01 secs] 
533.614: [GC (Allocation Failure) [PSYoungGen: 75741K->1469K(76288K)] 425409K->351137K(597504K), 0.0016896 secs] [Times: user=0.01 sys=0.00, real=0.01 secs] 
533.960: [GC (Allocation Failure) [PSYoungGen: 75709K->1472K(75264K)] 425377K->351140K(596480K), 0.0019952 secs] [Times: user=0.01 sys=0.00, real=0.00 secs] 
534.299: [GC (Allocation Failure) [PSYoungGen: 75200K->1376K(74752K)] 424868K->351044K(595968K), 0.0021088 secs] [Times: user=0.01 sys=0.00, real=0.00 secs] 
534.604: [GC (Allocation Failure) [PSYoungGen: 74592K->1392K(74240K)] 424260K->351060K(595456K), 0.0020552 secs] [Times: user=0.01 sys=0.00, real=0.01 secs] 
534.906: [GC (Allocation Failure) [PSYoungGen: 74096K->1408K(73728K)] 423764K->351076K(594944K), 0.0021371 secs] [Times: user=0.01 sys=0.00, real=0.00 secs] 
535.108: [GC (Allocation Failure) [PSYoungGen: 73600K->1517K(73216K)] 423268K->351185K(594432K), 0.0016607 secs] [Times: user=0.00 sys=0.00, real=0.00 secs] 
535.232: [GC (Allocation Failure) [PSYoungGen: 73197K->1533K(72704K)] 422865K->351201K(593920K), 0.0017897 secs] [Times: user=0.01 sys=0.00, real=0.00 secs] 
535.358: [GC (Allocation Failure) [PSYoungGen: 72701K->1501K(73216K)] 422369K->351169K(594432K), 0.0015947 secs] [Times: user=0.01 sys=0.00, real=0.00 secs] 
535.534: [GC (Allocation Failure) [PSYoungGen: 72669K->1504K(79360K)] 422337K->352196K(600576K), 0.0020833 secs] [Times: user=0.01 sys=0.00, real=0.01 secs] 
535.903: [GC (Allocation Failure) [PSYoungGen: 78816K->384K(79360K)] 429508K->351076K(600576K), 0.0020402 secs] [Times: user=0.01 sys=0.00, real=0.00 secs] 
536.368: [GC (Allocation Failure) [PSYoungGen: 77696K->272K(77312K)] 428388K->350964K(598528K), 0.0029350 secs] [Times: user=0.01 sys=0.00, real=0.00 secs] 
536.971: [GC (Allocation Failure) [PSYoungGen: 77072K->384K(78336K)] 427764K->351084K(599552K), 0.0021426 secs] [Times: user=0.01 sys=0.00, real=0.00 secs] 
537.416: [GC (Allocation Failure) [PSYoungGen: 76672K->1453K(77312K)] 427372K->352153K(598528K), 0.0019240 secs] [Times: user=0.01 sys=0.00, real=0.00 secs] 
537.550: [GC (Allocation Failure) [PSYoungGen: 77229K->1533K(76800K)] 427929K->352233K(598016K), 0.0016647 secs] [Times: user=0.01 sys=0.00, real=0.00 secs] 
537.681: [GC (Allocation Failure) [PSYoungGen: 76797K->1501K(76288K)] 427497K->352201K(597504K), 0.0015708 secs] [Times: user=0.01 sys=0.00, real=0.00 secs] 
537.828: [GC (Allocation Failure) [PSYoungGen: 75948K->224K(81920K)] 426649K->350924K(603136K), 0.0016389 secs] [Times: user=0.00 sys=0.00, real=0.00 secs] 
538.360: [GC (Allocation Failure) [PSYoungGen: 79584K->1376K(80384K)] 430284K->352092K(601600K), 0.0022190 secs] [Times: user=0.01 sys=0.00, real=0.00 secs] 
538.771: [GC (Allocation Failure) [PSYoungGen: 80224K->1344K(82432K)] 430940K->352060K(603648K), 0.0059197 secs] [Times: user=0.03 sys=0.00, real=0.01 secs] 
539.112: [GC (Allocation Failure) [PSYoungGen: 81216K->1408K(80896K)] 431932K->352124K(602112K), 0.0024792 secs] [Times: user=0.00 sys=0.01, real=0.00 secs] 
539.393: [GC (Allocation Failure) [PSYoungGen: 80768K->1485K(80384K)] 431484K->352201K(601600K), 0.0017368 secs] [Times: user=0.01 sys=0.00, real=0.01 secs] 
539.532: [GC (Allocation Failure) [PSYoungGen: 80333K->1533K(86016K)] 431049K->352249K(607232K), 0.0017716 secs] [Times: user=0.00 sys=0.00, real=0.00 secs] 
539.678: [GC (Allocation Failure) [PSYoungGen: 84989K->1501K(86016K)] 435705K->352217K(607232K), 0.0016598 secs] [Times: user=0.01 sys=0.00, real=0.00 secs] 
540.932: [GC (Allocation Failure) [PSYoungGen: 84957K->1456K(84480K)] 435673K->352172K(605696K), 0.0048600 secs] [Times: user=0.02 sys=0.00, real=0.01 secs] 
542.707: [GC (Allocation Failure) [PSYoungGen: 84400K->1456K(83968K)] 435116K->352172K(605184K), 0.0045067 secs] [Times: user=0.02 sys=0.00, real=0.00 secs] 
543.862: [GC (Allocation Failure) [PSYoungGen: 83888K->1408K(83456K)] 434604K->352124K(604672K), 0.0042634 secs] [Times: user=0.02 sys=0.00, real=0.01 secs] 
544.787: [GC (Allocation Failure) [PSYoungGen: 83328K->1408K(82944K)] 434044K->352124K(604160K), 0.0037382 secs] [Times: user=0.02 sys=0.00, real=0.00 secs] 
545.241: [GC (Allocation Failure) [PSYoungGen: 82816K->1501K(82432K)] 433532K->352217K(603648K), 0.0019225 secs] [Times: user=0.01 sys=0.00, real=0.00 secs] 
545.386: [GC (Allocation Failure) [PSYoungGen: 82397K->1533K(81920K)] 433113K->352265K(603136K), 0.0016357 secs] [Times: user=0.00 sys=0.00, real=0.00 secs] 
545.525: [GC (Allocation Failure) [PSYoungGen: 81917K->1501K(81408K)] 432649K->352233K(602624K), 0.0015833 secs] [Times: user=0.00 sys=0.00, real=0.00 secs] 
546.166: [GC (Allocation Failure) [PSYoungGen: 81373K->1472K(80896K)] 432105K->352204K(602112K), 0.0021994 secs] [Times: user=0.01 sys=0.00, real=0.00 secs] 
546.747: [GC (Allocation Failure) [PSYoungGen: 80832K->1408K(80384K)] 431564K->352140K(601600K), 0.0021561 secs] [Times: user=0.01 sys=0.00, real=0.00 secs] 
547.093: [GC (Allocation Failure) [PSYoungGen: 80256K->1456K(79872K)] 430988K->352188K(601088K), 0.0023152 secs] [Times: user=0.01 sys=0.00, real=0.00 secs] 
547.721: [GC (Allocation Failure) [PSYoungGen: 79792K->1469K(79360K)] 430524K->352209K(600576K), 0.0020440 secs] [Times: user=0.01 sys=0.00, real=0.00 secs] 
547.864: [GC (Allocation Failure) [PSYoungGen: 79293K->1501K(78848K)] 430033K->352241K(600064K), 0.0016393 secs] [Times: user=0.00 sys=0.00, real=0.01 secs] 
547.999: [GC (Allocation Failure) [PSYoungGen: 78813K->1517K(78336K)] 429553K->352257K(599552K), 0.0016370 secs] [Times: user=0.01 sys=0.00, real=0.00 secs] 
548.134: [GC (Allocation Failure) [PSYoungGen: 78317K->1517K(84480K)] 429057K->352257K(605696K), 0.0017123 secs] [Times: user=0.01 sys=0.00, real=0.01 secs] 
549.309: [GC (Allocation Failure) [PSYoungGen: 84461K->1440K(83968K)] 435201K->352188K(605184K), 0.0033390 secs] [Times: user=0.01 sys=0.00, real=0.00 secs] 
550.093: [GC (Allocation Failure) [PSYoungGen: 83872K->1408K(83456K)] 434620K->352156K(604672K), 0.0024654 secs] [Times: user=0.01 sys=0.00, real=0.00 secs] 
550.768: [GC (Allocation Failure) [PSYoungGen: 83328K->1376K(82944K)] 434076K->352124K(604160K), 0.0025413 secs] [Times: user=0.01 sys=0.00, real=0.00 secs] 
551.139: [GC (Allocation Failure) [PSYoungGen: 82784K->1504K(82432K)] 433532K->352252K(603648K), 0.0021415 secs] [Times: user=0.01 sys=0.00, real=0.00 secs] 
551.286: [GC (Allocation Failure) [PSYoungGen: 82400K->1517K(81920K)] 433148K->352265K(603136K), 0.0016761 secs] [Times: user=0.00 sys=0.00, real=0.00 secs] 
551.426: [GC (Allocation Failure) [PSYoungGen: 81901K->1533K(81408K)] 432649K->352281K(602624K), 0.0017878 secs] [Times: user=0.01 sys=0.00, real=0.00 secs] 
551.849: [GC (Allocation Failure) [PSYoungGen: 81405K->1488K(80896K)] 432153K->352236K(602112K), 0.0022500 secs] [Times: user=0.01 sys=0.00, real=0.00 secs] 
552.516: [GC (Allocation Failure) [PSYoungGen: 80848K->1392K(80384K)] 431596K->352140K(601600K), 0.0043260 secs] [Times: user=0.02 sys=0.00, real=0.00 secs] 
553.210: [GC (Allocation Failure) [PSYoungGen: 80240K->1408K(79872K)] 430988K->352156K(601088K), 0.0028015 secs] [Times: user=0.01 sys=0.00, real=0.00 secs] 
553.845: [GC (Allocation Failure) [PSYoungGen: 79744K->1424K(79360K)] 430492K->352172K(600576K), 0.0026091 secs] [Times: user=0.01 sys=0.00, real=0.00 secs] 
554.337: [GC (Allocation Failure) [PSYoungGen: 79248K->1504K(78848K)] 429996K->352252K(600064K), 0.0021406 secs] [Times: user=0.01 sys=0.00, real=0.00 secs] 
554.479: [GC (Allocation Failure) [PSYoungGen: 78816K->1485K(78336K)] 429564K->352249K(599552K), 0.0016685 secs] [Times: user=0.00 sys=0.00, real=0.00 secs] 
554.612: [GC (Allocation Failure) [PSYoungGen: 78285K->1533K(77824K)] 429049K->352297K(599040K), 0.0017401 secs] [Times: user=0.01 sys=0.00, real=0.00 secs] 
554.816: [GC (Allocation Failure) [PSYoungGen: 77821K->1472K(77312K)] 428585K->352236K(598528K), 0.0020363 secs] [Times: user=0.01 sys=0.00, real=0.00 secs] 
555.131: [GC (Allocation Failure) [PSYoungGen: 77248K->1408K(76800K)] 428012K->352172K(598016K), 0.0020599 secs] [Times: user=0.00 sys=0.00, real=0.00 secs] 
555.689: [GC (Allocation Failure) [PSYoungGen: 76672K->1328K(76288K)] 427436K->352116K(597504K), 0.0028786 secs] [Times: user=0.01 sys=0.00, real=0.00 secs] 
556.294: [GC (Allocation Failure) [PSYoungGen: 76080K->1392K(75776K)] 426868K->352180K(596992K), 0.0028005 secs] [Times: user=0.01 sys=0.00, real=0.01 secs] 
556.720: [GC (Allocation Failure) [PSYoungGen: 75632K->1520K(75264K)] 426420K->352308K(596480K), 0.0021058 secs] [Times: user=0.00 sys=0.00, real=0.00 secs] 
556.869: [GC (Allocation Failure) [PSYoungGen: 75248K->1421K(75776K)] 426036K->352209K(596992K), 0.0028034 secs] [Times: user=0.01 sys=0.00, real=0.00 secs] 
557.002: [GC (Allocation Failure) [PSYoungGen: 75149K->1469K(75776K)] 425937K->352257K(596992K), 0.0015774 secs] [Times: user=0.01 sys=0.00, real=0.00 secs] 
557.131: [GC (Allocation Failure) [PSYoungGen: 75197K->1469K(81920K)] 425985K->352257K(603136K), 0.0017685 secs] [Times: user=0.01 sys=0.00, real=0.00 secs] 
557.533: [GC (Allocation Failure) [PSYoungGen: 81341K->1408K(81920K)] 432129K->352196K(603136K), 0.0019501 secs] [Times: user=0.00 sys=0.00, real=0.00 secs] 
558.117: [GC (Allocation Failure) [PSYoungGen: 81280K->1376K(80896K)] 432068K->352164K(602112K), 0.0021247 secs] [Times: user=0.01 sys=0.00, real=0.00 secs] 
558.801: [GC (Allocation Failure) [PSYoungGen: 80736K->1408K(80384K)] 431524K->352196K(601600K), 0.0024952 secs] [Times: user=0.01 sys=0.00, real=0.00 secs] 
559.267: [GC (Allocation Failure) [PSYoungGen: 80256K->1488K(79872K)] 431044K->352276K(601088K), 0.0021355 secs] [Times: user=0.01 sys=0.01, real=0.00 secs] 
559.412: [GC (Allocation Failure) [PSYoungGen: 79824K->1456K(79360K)] 430612K->352244K(600576K), 0.0017200 secs] [Times: user=0.00 sys=0.00, real=0.00 secs] 
559.549: [GC (Allocation Failure) [PSYoungGen: 79280K->1501K(78848K)] 430068K->352289K(600064K), 0.0017434 secs] [Times: user=0.01 sys=0.00, real=0.00 secs] 
560.025: [GC (Allocation Failure) [PSYoungGen: 78813K->1968K(78848K)] 429601K->353268K(600064K), 0.0027303 secs] [Times: user=0.01 sys=0.00, real=0.01 secs] 
560.466: [GC (Allocation Failure) [PSYoungGen: 78768K->384K(76800K)] 430068K->352708K(598016K), 0.0021517 secs] [Times: user=0.01 sys=0.00, real=0.00 secs] 
560.841: [GC (Allocation Failure) [PSYoungGen: 76672K->320K(76288K)] 428996K->352644K(597504K), 0.0018933 secs] [Times: user=0.00 sys=0.00, real=0.00 secs] 
561.414: [GC (Allocation Failure) [PSYoungGen: 76096K->352K(75776K)] 428420K->352676K(596992K), 0.0020525 secs] [Times: user=0.01 sys=0.00, real=0.01 secs] 
561.871: [GC (Allocation Failure) [PSYoungGen: 75616K->1504K(77312K)] 427940K->353828K(598528K), 0.0022232 secs] [Times: user=0.01 sys=0.00, real=0.00 secs] 
562.003: [GC (Allocation Failure) [PSYoungGen: 76256K->1533K(75776K)] 428580K->353858K(596992K), 0.0015761 secs] [Times: user=0.01 sys=0.00, real=0.00 secs] 
562.156: [GC (Allocation Failure) [PSYoungGen: 75773K->1456K(75264K)] 428098K->353780K(596480K), 0.0020383 secs] [Times: user=0.01 sys=0.00, real=0.00 secs] 
562.312: [GC (Allocation Failure) [PSYoungGen: 75184K->1501K(74752K)] 427508K->353826K(595968K), 0.0017587 secs] [Times: user=0.00 sys=0.00, real=0.00 secs] 
562.729: [GC (Allocation Failure) [PSYoungGen: 74717K->1408K(74240K)] 427042K->353732K(595456K), 0.0023230 secs] [Times: user=0.01 sys=0.00, real=0.00 secs] 
563.032: [GC (Allocation Failure) [PSYoungGen: 74112K->1360K(73728K)] 426436K->353708K(594944K), 0.0022891 secs] [Times: user=0.01 sys=0.00, real=0.00 secs] 
563.556: [GC (Allocation Failure) [PSYoungGen: 73552K->1408K(73216K)] 425900K->353756K(594432K), 0.0020608 secs] [Times: user=0.01 sys=0.01, real=0.00 secs] 
564.596: [GC (Allocation Failure) [PSYoungGen: 73088K->1456K(72704K)] 425436K->353804K(593920K), 0.0029825 secs] [Times: user=0.01 sys=0.00, real=0.00 secs] 
564.792: [GC (Allocation Failure) [PSYoungGen: 72624K->1453K(72192K)] 424972K->353802K(593408K), 0.0017054 secs] [Times: user=0.01 sys=0.00, real=0.00 secs] 
564.935: [GC (Allocation Failure) [PSYoungGen: 72109K->1504K(71680K)] 424458K->353852K(592896K), 0.0021106 secs] [Times: user=0.01 sys=0.00, real=0.01 secs] 
565.087: [GC (Allocation Failure) [PSYoungGen: 71648K->1533K(71168K)] 423996K->353882K(592384K), 0.0017437 secs] [Times: user=0.01 sys=0.00, real=0.00 secs] 
565.684: [GC (Allocation Failure) [PSYoungGen: 71165K->1472K(70656K)] 423514K->353820K(591872K), 0.0022410 secs] [Times: user=0.01 sys=0.01, real=0.01 secs] 
566.755: [GC (Allocation Failure) [PSYoungGen: 70592K->1408K(70144K)] 422940K->353756K(591360K), 0.0024086 secs] [Times: user=0.01 sys=0.00, real=0.01 secs] 
567.733: [GC (Allocation Failure) [PSYoungGen: 70016K->1408K(69632K)] 422364K->353756K(590848K), 0.0029787 secs] [Times: user=0.02 sys=0.00, real=0.01 secs] 
568.063: [GC (Allocation Failure) [PSYoungGen: 69504K->1408K(69120K)] 421852K->353756K(590336K), 0.0022207 secs] [Times: user=0.01 sys=0.00, real=0.01 secs] 
568.323: [GC (Allocation Failure) [PSYoungGen: 68992K->1488K(68608K)] 421340K->353836K(589824K), 0.0021223 secs] [Times: user=0.01 sys=0.00, real=0.00 secs] 
568.503: [GC (Allocation Failure) [PSYoungGen: 68560K->1504K(68096K)] 420908K->353852K(589312K), 0.0023042 secs] [Times: user=0.01 sys=0.00, real=0.00 secs] 
568.628: [GC (Allocation Failure) [PSYoungGen: 68064K->1469K(67584K)] 420412K->353817K(588800K), 0.0016296 secs] [Times: user=0.01 sys=0.00, real=0.00 secs] 
568.744: [GC (Allocation Failure) [PSYoungGen: 67517K->1533K(70656K)] 419865K->353882K(591872K), 0.0015596 secs] [Times: user=0.00 sys=0.00, real=0.00 secs] 
569.228: [GC (Allocation Failure) [PSYoungGen: 70141K->1440K(73728K)] 422490K->353796K(594944K), 0.0045675 secs] [Times: user=0.02 sys=0.00, real=0.00 secs] 
570.360: [GC (Allocation Failure) [PSYoungGen: 73120K->1376K(72704K)] 425476K->353732K(593920K), 0.0046309 secs] [Times: user=0.01 sys=0.00, real=0.00 secs] 
571.361: [GC (Allocation Failure) [PSYoungGen: 72544K->1376K(72192K)] 424900K->353732K(593408K), 0.0046329 secs] [Times: user=0.01 sys=0.00, real=0.01 secs] 
572.042: [GC (Allocation Failure) [PSYoungGen: 72032K->1408K(71680K)] 424388K->353764K(592896K), 0.0036081 secs] [Times: user=0.01 sys=0.00, real=0.01 secs] 
572.529: [GC (Allocation Failure) [PSYoungGen: 71552K->1504K(71168K)] 423908K->353860K(592384K), 0.0022337 secs] [Times: user=0.01 sys=0.00, real=0.00 secs] 
572.719: [GC (Allocation Failure) [PSYoungGen: 71136K->1501K(70656K)] 423492K->353858K(591872K), 0.0025740 secs] [Times: user=0.01 sys=0.00, real=0.00 secs] 
572.872: [GC (Allocation Failure) [PSYoungGen: 70621K->1485K(70144K)] 422978K->353842K(591360K), 0.0016897 secs] [Times: user=0.00 sys=0.00, real=0.00 secs] 
572.992: [GC (Allocation Failure) [PSYoungGen: 70093K->1453K(70656K)] 422450K->353826K(591872K), 0.0018606 secs] [Times: user=0.00 sys=0.00, real=0.00 secs] 
573.246: [GC (Allocation Failure) [PSYoungGen: 70061K->1408K(76800K)] 422434K->353780K(598016K), 0.0029423 secs] [Times: user=0.02 sys=0.00, real=0.00 secs] 
573.719: [GC (Allocation Failure) [PSYoungGen: 76160K->1344K(75776K)] 428532K->353732K(596992K), 0.0022871 secs] [Times: user=0.01 sys=0.00, real=0.00 secs] 
574.372: [GC (Allocation Failure) [PSYoungGen: 75584K->1376K(75264K)] 427972K->353764K(596480K), 0.0028683 secs] [Times: user=0.02 sys=0.00, real=0.00 secs] 
574.970: [GC (Allocation Failure) [PSYoungGen: 75104K->1408K(74752K)] 427492K->353796K(595968K), 0.0022823 secs] [Times: user=0.01 sys=0.00, real=0.00 secs] 
575.189: [GC (Allocation Failure) [PSYoungGen: 74624K->1533K(74240K)] 427012K->353922K(595456K), 0.0016621 secs] [Times: user=0.01 sys=0.00, real=0.00 secs] 
575.317: [GC (Allocation Failure) [PSYoungGen: 74237K->1501K(73728K)] 426626K->353889K(594944K), 0.0016986 secs] [Times: user=0.01 sys=0.00, real=0.00 secs] 
575.443: [GC (Allocation Failure) [PSYoungGen: 73693K->1501K(74240K)] 426081K->353889K(595456K), 0.0016432 secs] [Times: user=0.00 sys=0.00, real=0.00 secs] 
575.654: [GC (Allocation Failure) [PSYoungGen: 73693K->1488K(74240K)] 426081K->353884K(595456K), 0.0018593 secs] [Times: user=0.01 sys=0.00, real=0.01 secs] 
575.954: [GC (Allocation Failure) [PSYoungGen: 73680K->1392K(73216K)] 426076K->353788K(594432K), 0.0018888 secs] [Times: user=0.01 sys=0.00, real=0.01 secs] 
576.505: [GC (Allocation Failure) [PSYoungGen: 73072K->1424K(72704K)] 425468K->353820K(593920K), 0.0034386 secs] [Times: user=0.01 sys=0.00, real=0.01 secs] 
577.152: [GC (Allocation Failure) [PSYoungGen: 72592K->1376K(72192K)] 424988K->353772K(593408K), 0.0036809 secs] [Times: user=0.01 sys=0.00, real=0.01 secs] 
577.662: [GC (Allocation Failure) [PSYoungGen: 72032K->1456K(71680K)] 424428K->353852K(592896K), 0.0021394 secs] [Times: user=0.01 sys=0.00, real=0.00 secs] 
577.800: [GC (Allocation Failure) [PSYoungGen: 71600K->1485K(71168K)] 423996K->353882K(592384K), 0.0016621 secs] [Times: user=0.01 sys=0.00, real=0.00 secs] 
577.922: [GC (Allocation Failure) [PSYoungGen: 71117K->1533K(76800K)] 423514K->353930K(598016K), 0.0016462 secs] [Times: user=0.00 sys=0.00, real=0.00 secs] 
578.076: [GC (Allocation Failure) [PSYoungGen: 76797K->1472K(77312K)] 429194K->353868K(598528K), 0.0020485 secs] [Times: user=0.00 sys=0.00, real=0.00 secs] 
578.373: [GC (Allocation Failure) [PSYoungGen: 76736K->1456K(77312K)] 429132K->353852K(598528K), 0.0022123 secs] [Times: user=0.00 sys=0.00, real=0.01 secs] 
578.687: [GC (Allocation Failure) [PSYoungGen: 76720K->1408K(76288K)] 429116K->353804K(597504K), 0.0023227 secs] [Times: user=0.01 sys=0.00, real=0.00 secs] 
578.998: [GC (Allocation Failure) [PSYoungGen: 76160K->1408K(75776K)] 428556K->353804K(596992K), 0.0025190 secs] [Times: user=0.01 sys=0.00, real=0.00 secs] 
579.320: [GC (Allocation Failure) [PSYoungGen: 75648K->1440K(75264K)] 428044K->353836K(596480K), 0.0019053 secs] [Times: user=0.01 sys=0.00, real=0.00 secs] 
579.456: [GC (Allocation Failure) [PSYoungGen: 75168K->1517K(74752K)] 427564K->353914K(595968K), 0.0017815 secs] [Times: user=0.00 sys=0.00, real=0.00 secs] 
579.583: [GC (Allocation Failure) [PSYoungGen: 74733K->1533K(80896K)] 427130K->353930K(602112K), 0.0015682 secs] [Times: user=0.01 sys=0.00, real=0.00 secs] 
579.747: [GC (Allocation Failure) [PSYoungGen: 80893K->1504K(81408K)] 433290K->353900K(602624K), 0.0018132 secs] [Times: user=0.01 sys=0.00, real=0.00 secs] 
580.051: [GC (Allocation Failure) [PSYoungGen: 80864K->1440K(88064K)] 433260K->353852K(609280K), 0.0023730 secs] [Times: user=0.01 sys=0.00, real=0.00 secs] 
580.409: [GC (Allocation Failure) [PSYoungGen: 87456K->1376K(88064K)] 439868K->353788K(609280K), 0.0029540 secs] [Times: user=0.01 sys=0.00, real=0.00 secs] 
580.769: [GC (Allocation Failure) [PSYoungGen: 87392K->1408K(87040K)] 439804K->353820K(608256K), 0.0028898 secs] [Times: user=0.01 sys=0.00, real=0.00 secs] 
581.100: [GC (Allocation Failure) [PSYoungGen: 86912K->1485K(86528K)] 439324K->353898K(607744K), 0.0018817 secs] [Times: user=0.00 sys=0.00, real=0.00 secs] 
581.251: [GC (Allocation Failure) [PSYoungGen: 86477K->1533K(86016K)] 438890K->353970K(607232K), 0.0015633 secs] [Times: user=0.01 sys=0.00, real=0.00 secs] 
581.399: [GC (Allocation Failure) [PSYoungGen: 86013K->1501K(93696K)] 438450K->353938K(614912K), 0.0018794 secs] [Times: user=0.01 sys=0.00, real=0.00 secs] 
581.666: [GC (Allocation Failure) [PSYoungGen: 93149K->1440K(92160K)] 445586K->353876K(613376K), 0.0018722 secs] [Times: user=0.01 sys=0.01, real=0.00 secs] 
582.044: [GC (Allocation Failure) [PSYoungGen: 92064K->1392K(91136K)] 444500K->353828K(612352K), 0.0018177 secs] [Times: user=0.01 sys=0.00, real=0.01 secs] 
582.416: [GC (Allocation Failure) [PSYoungGen: 90992K->1376K(90112K)] 443428K->353812K(611328K), 0.0018701 secs] [Times: user=0.01 sys=0.00, real=0.00 secs] 
582.779: [GC (Allocation Failure) [PSYoungGen: 89952K->1472K(89600K)] 442388K->353908K(610816K), 0.0025625 secs] [Times: user=0.01 sys=0.00, real=0.00 secs] 
582.982: [GC (Allocation Failure) [PSYoungGen: 89536K->1485K(89088K)] 441972K->353922K(610304K), 0.0016457 secs] [Times: user=0.01 sys=0.00, real=0.00 secs] 
583.135: [GC (Allocation Failure) [PSYoungGen: 89037K->1501K(88576K)] 441474K->353937K(609792K), 0.0017871 secs] [Times: user=0.00 sys=0.00, real=0.01 secs] 
584.197: [GC (Allocation Failure) [PSYoungGen: 88541K->1408K(88064K)] 440977K->353844K(609280K), 0.0044034 secs] [Times: user=0.02 sys=0.00, real=0.00 secs] 
585.590: [GC (Allocation Failure) [PSYoungGen: 87936K->1344K(87552K)] 440372K->353780K(608768K), 0.0043650 secs] [Times: user=0.02 sys=0.00, real=0.00 secs] 
586.093: [GC (Allocation Failure) [PSYoungGen: 87360K->1408K(87040K)] 439796K->353844K(608256K), 0.0021335 secs] [Times: user=0.00 sys=0.00, real=0.01 secs] 
586.679: [GC (Allocation Failure) [PSYoungGen: 86708K->288K(85504K)] 439145K->352724K(606720K), 0.0037903 secs] [Times: user=0.02 sys=0.00, real=0.00 secs] 
586.955: [GC (Allocation Failure) [PSYoungGen: 85280K->1501K(86016K)] 437716K->353937K(607232K), 0.0018454 secs] [Times: user=0.01 sys=0.00, real=0.00 secs] 
587.104: [GC (Allocation Failure) [PSYoungGen: 85981K->1533K(85504K)] 438417K->353970K(606720K), 0.0018275 secs] [Times: user=0.00 sys=0.00, real=0.01 secs] 
587.250: [GC (Allocation Failure) [PSYoungGen: 85501K->1501K(84992K)] 437938K->353937K(606208K), 0.0016075 secs] [Times: user=0.01 sys=0.00, real=0.00 secs] 
588.731: [GC (Allocation Failure) [PSYoungGen: 84957K->1344K(84480K)] 437393K->353780K(605696K), 0.0035828 secs] [Times: user=0.01 sys=0.00, real=0.00 secs] 
589.445: [GC (Allocation Failure) [PSYoungGen: 84288K->1408K(83968K)] 436724K->353844K(605184K), 0.0029091 secs] [Times: user=0.01 sys=0.00, real=0.01 secs] 
590.125: [GC (Allocation Failure) [PSYoungGen: 83840K->1376K(83456K)] 436276K->353812K(604672K), 0.0031158 secs] [Times: user=0.02 sys=0.00, real=0.00 secs] 
590.562: [GC (Allocation Failure) [PSYoungGen: 83296K->1472K(82944K)] 435732K->353908K(604160K), 0.0023031 secs] [Times: user=0.01 sys=0.00, real=0.00 secs] 
590.716: [GC (Allocation Failure) [PSYoungGen: 82880K->1469K(82432K)] 435316K->353905K(603648K), 0.0017574 secs] [Times: user=0.01 sys=0.00, real=0.00 secs] 
590.859: [GC (Allocation Failure) [PSYoungGen: 82365K->1501K(81920K)] 434801K->353937K(603136K), 0.0016499 secs] [Times: user=0.01 sys=0.00, real=0.00 secs] 
591.159: [GC (Allocation Failure) [PSYoungGen: 81885K->1472K(81408K)] 434321K->353908K(602624K), 0.0022252 secs] [Times: user=0.01 sys=0.00, real=0.00 secs] 
591.513: [GC (Allocation Failure) [PSYoungGen: 81344K->1376K(80896K)] 433780K->353812K(602112K), 0.0020847 secs] [Times: user=0.01 sys=0.00, real=0.00 secs] 
592.044: [GC (Allocation Failure) [PSYoungGen: 80736K->1408K(80384K)] 433172K->353844K(601600K), 0.0020774 secs] [Times: user=0.00 sys=0.00, real=0.01 secs] 
592.651: [GC (Allocation Failure) [PSYoungGen: 80256K->1376K(79872K)] 432692K->353812K(601088K), 0.0029774 secs] [Times: user=0.01 sys=0.00, real=0.00 secs] 
592.971: [GC (Allocation Failure) [PSYoungGen: 79712K->1485K(79360K)] 432148K->353922K(600576K), 0.0016491 secs] [Times: user=0.01 sys=0.00, real=0.00 secs] 
593.108: [GC (Allocation Failure) [PSYoungGen: 79309K->1485K(78848K)] 431746K->353922K(600064K), 0.0017258 secs] [Times: user=0.01 sys=0.00, real=0.00 secs] 
593.242: [GC (Allocation Failure) [PSYoungGen: 78797K->1453K(78336K)] 431234K->353890K(599552K), 0.0017457 secs] [Times: user=0.01 sys=0.00, real=0.00 secs] 
593.493: [GC (Allocation Failure) [PSYoungGen: 78253K->1424K(77824K)] 430690K->353860K(599040K), 0.0019455 secs] [Times: user=0.01 sys=0.00, real=0.00 secs] 
593.810: [GC (Allocation Failure) [PSYoungGen: 77712K->1408K(77312K)] 430148K->353860K(598528K), 0.0020980 secs] [Times: user=0.01 sys=0.00, real=0.00 secs] 
594.423: [GC (Allocation Failure) [PSYoungGen: 77184K->1440K(76800K)] 429636K->353900K(598016K), 0.0028967 secs] [Times: user=0.02 sys=0.00, real=0.01 secs] 
595.046: [GC (Allocation Failure) [PSYoungGen: 76704K->1344K(76288K)] 429164K->353804K(597504K), 0.0027540 secs] [Times: user=0.01 sys=0.00, real=0.00 secs] 
595.348: [GC (Allocation Failure) [PSYoungGen: 76096K->1453K(75776K)] 428556K->353914K(596992K), 0.0017187 secs] [Times: user=0.00 sys=0.00, real=0.00 secs] 
595.478: [GC (Allocation Failure) [PSYoungGen: 75693K->1501K(75264K)] 428154K->353961K(596480K), 0.0018229 secs] [Times: user=0.00 sys=0.00, real=0.00 secs] 
595.606: [GC (Allocation Failure) [PSYoungGen: 75229K->1469K(74752K)] 427689K->353929K(595968K), 0.0016149 secs] [Times: user=0.01 sys=0.00, real=0.00 secs] 
596.085: [GC (Allocation Failure) [PSYoungGen: 74685K->1472K(74240K)] 427145K->353932K(595456K), 0.0031538 secs] [Times: user=0.01 sys=0.00, real=0.01 secs] 
596.733: [GC (Allocation Failure) [PSYoungGen: 74176K->1376K(73728K)] 426636K->353836K(594944K), 0.0039923 secs] [Times: user=0.02 sys=0.00, real=0.01 secs] 
597.326: [GC (Allocation Failure) [PSYoungGen: 73568K->1376K(73216K)] 426028K->353836K(594432K), 0.0035545 secs] [Times: user=0.02 sys=0.00, real=0.00 secs] 
597.970: [GC (Allocation Failure) [PSYoungGen: 73056K->1376K(72704K)] 425516K->353836K(593920K), 0.0026988 secs] [Times: user=0.02 sys=0.00, real=0.00 secs] 
598.380: [GC (Allocation Failure) [PSYoungGen: 72544K->1469K(72192K)] 425004K->353929K(593408K), 0.0019480 secs] [Times: user=0.01 sys=0.00, real=0.00 secs] 
598.514: [GC (Allocation Failure) [PSYoungGen: 72125K->1501K(71680K)] 424585K->353961K(592896K), 0.0015802 secs] [Times: user=0.01 sys=0.00, real=0.01 secs] 
598.637: [GC (Allocation Failure) [PSYoungGen: 71645K->1533K(71168K)] 424105K->353993K(592384K), 0.0018142 secs] [Times: user=0.00 sys=0.00, real=0.00 secs] 
598.758: [GC (Allocation Failure) [PSYoungGen: 71165K->1501K(72192K)] 423625K->353961K(593408K), 0.0017562 secs] [Times: user=0.01 sys=0.00, real=0.00 secs] 
599.281: [GC (Allocation Failure) [PSYoungGen: 72157K->1440K(71680K)] 424617K->353900K(592896K), 0.0025182 secs] [Times: user=0.01 sys=0.00, real=0.00 secs] 
600.048: [GC (Allocation Failure) [PSYoungGen: 71584K->1376K(71168K)] 424044K->353836K(592384K), 0.0027172 secs] [Times: user=0.01 sys=0.00, real=0.00 secs] 
600.613: [GC (Allocation Failure) [PSYoungGen: 71008K->1376K(70656K)] 423468K->353836K(591872K), 0.0027275 secs] [Times: user=0.01 sys=0.00, real=0.01 secs] 
601.185: [GC (Allocation Failure) [PSYoungGen: 70496K->1408K(70144K)] 422956K->353868K(591360K), 0.0026059 secs] [Times: user=0.01 sys=0.00, real=0.00 secs] 
601.521: [GC (Allocation Failure) [PSYoungGen: 70016K->1472K(69632K)] 422476K->353932K(590848K), 0.0021430 secs] [Times: user=0.01 sys=0.00, real=0.00 secs] 
601.646: [GC (Allocation Failure) [PSYoungGen: 69568K->1501K(69120K)] 422028K->353962K(590336K), 0.0018280 secs] [Times: user=0.01 sys=0.00, real=0.00 secs] 
601.766: [GC (Allocation Failure) [PSYoungGen: 69085K->1533K(69632K)] 421546K->353994K(590848K), 0.0017254 secs] [Times: user=0.01 sys=0.00, real=0.00 secs] 
601.886: [GC (Allocation Failure) [PSYoungGen: 69117K->1485K(75264K)] 421578K->353962K(596480K), 0.0020089 secs] [Times: user=0.01 sys=0.00, real=0.00 secs] 
602.762: [GC (Allocation Failure) [PSYoungGen: 74701K->1408K(75264K)] 427178K->353892K(596480K), 0.0036936 secs] [Times: user=0.02 sys=0.00, real=0.01 secs] 
603.391: [GC (Allocation Failure) [PSYoungGen: 74624K->1424K(74240K)] 427108K->353924K(595456K), 0.0030791 secs] [Times: user=0.01 sys=0.00, real=0.00 secs] 
603.969: [GC (Allocation Failure) [PSYoungGen: 74128K->1408K(73728K)] 426628K->353908K(594944K), 0.0029294 secs] [Times: user=0.01 sys=0.00, real=0.00 secs] 
604.821: [GC (Allocation Failure) [PSYoungGen: 73600K->1440K(73216K)] 426100K->353940K(594432K), 0.0025983 secs] [Times: user=0.02 sys=0.00, real=0.00 secs] 
604.991: [GC (Allocation Failure) [PSYoungGen: 73120K->1437K(72704K)] 425620K->353937K(593920K), 0.0018375 secs] [Times: user=0.01 sys=0.00, real=0.00 secs] 
605.116: [GC (Allocation Failure) [PSYoungGen: 72605K->1469K(72192K)] 425105K->353970K(593408K), 0.0016541 secs] [Times: user=0.00 sys=0.00, real=0.00 secs] 
605.240: [GC (Allocation Failure) [PSYoungGen: 72125K->1469K(78848K)] 424626K->353970K(600064K), 0.0015606 secs] [Times: user=0.00 sys=0.00, real=0.00 secs] 
605.493: [GC (Allocation Failure) [PSYoungGen: 78269K->1472K(78848K)] 430770K->353972K(600064K), 0.0020376 secs] [Times: user=0.01 sys=0.00, real=0.00 secs] 
605.812: [GC (Allocation Failure) [PSYoungGen: 78272K->1376K(77824K)] 430772K->353876K(599040K), 0.0020845 secs] [Times: user=0.01 sys=0.00, real=0.00 secs] 
606.129: [GC (Allocation Failure) [PSYoungGen: 77664K->1408K(77312K)] 430164K->353908K(598528K), 0.0021217 secs] [Times: user=0.01 sys=0.00, real=0.00 secs] 
606.445: [GC (Allocation Failure) [PSYoungGen: 77184K->1392K(76800K)] 429684K->353892K(598016K), 0.0026113 secs] [Times: user=0.01 sys=0.00, real=0.01 secs] 
606.738: [GC (Allocation Failure) [PSYoungGen: 76656K->1437K(76288K)] 429156K->353937K(597504K), 0.0016690 secs] [Times: user=0.01 sys=0.00, real=0.00 secs] 
606.870: [GC (Allocation Failure) [PSYoungGen: 76189K->1485K(75776K)] 428689K->353986K(596992K), 0.0017759 secs] [Times: user=0.01 sys=0.00, real=0.00 secs] 
607.002: [GC (Allocation Failure) [PSYoungGen: 75725K->477K(76288K)] 428226K->354002K(597504K), 0.0016827 secs] [Times: user=0.00 sys=0.00, real=0.00 secs] 
607.833: [GC (Allocation Failure) [PSYoungGen: 75741K->1440K(76288K)] 429266K->354964K(597504K), 0.0035163 secs] [Times: user=0.02 sys=0.01, real=0.01 secs] 
608.628: [GC (Allocation Failure) [PSYoungGen: 76192K->1408K(75776K)] 429716K->354940K(596992K), 0.0031767 secs] [Times: user=0.02 sys=0.00, real=0.00 secs] 
609.277: [GC (Allocation Failure) [PSYoungGen: 75648K->1376K(75264K)] 429180K->354908K(596480K), 0.0043840 secs] [Times: user=0.02 sys=0.00, real=0.00 secs] 
609.885: [GC (Allocation Failure) [PSYoungGen: 75104K->1376K(74752K)] 428636K->354916K(595968K), 0.0030164 secs] [Times: user=0.01 sys=0.00, real=0.00 secs] 
610.321: [GC (Allocation Failure) [PSYoungGen: 74592K->1469K(74240K)] 428132K->355010K(595456K), 0.0030299 secs] [Times: user=0.01 sys=0.00, real=0.00 secs] 
610.507: [GC (Allocation Failure) [PSYoungGen: 74173K->1533K(73728K)] 427714K->355074K(594944K), 0.0016895 secs] [Times: user=0.01 sys=0.00, real=0.00 secs] 
610.633: [GC (Allocation Failure) [PSYoungGen: 73725K->1469K(73216K)] 427266K->355010K(594432K), 0.0016834 secs] [Times: user=0.01 sys=0.00, real=0.00 secs] 
610.759: [GC (Allocation Failure) [PSYoungGen: 73149K->1501K(73728K)] 426690K->355042K(594944K), 0.0017158 secs] [Times: user=0.01 sys=0.00, real=0.00 secs] 
611.132: [GC (Allocation Failure) [PSYoungGen: 73181K->1408K(72704K)] 426722K->354956K(593920K), 0.0029063 secs] [Times: user=0.02 sys=0.00, real=0.00 secs] 
611.424: [GC (Allocation Failure) [PSYoungGen: 72576K->1376K(72192K)] 426124K->354924K(593408K), 0.0022475 secs] [Times: user=0.01 sys=0.00, real=0.01 secs] 
611.763: [GC (Allocation Failure) [PSYoungGen: 72032K->1376K(71680K)] 425580K->354924K(592896K), 0.0020788 secs] [Times: user=0.01 sys=0.00, real=0.01 secs] 
612.055: [GC (Allocation Failure) [PSYoungGen: 71520K->1376K(71168K)] 425068K->354924K(592384K), 0.0022400 secs] [Times: user=0.01 sys=0.00, real=0.01 secs] 
612.255: [GC (Allocation Failure) [PSYoungGen: 71008K->1501K(70656K)] 424556K->355050K(591872K), 0.0018648 secs] [Times: user=0.01 sys=0.00, real=0.01 secs] 
612.379: [GC (Allocation Failure) [PSYoungGen: 70621K->1472K(70144K)] 424170K->355020K(591360K), 0.0016244 secs] [Times: user=0.01 sys=0.00, real=0.00 secs] 
612.500: [GC (Allocation Failure) [PSYoungGen: 70061K->1472K(70656K)] 423609K->355020K(591872K), 0.0017562 secs] [Times: user=0.01 sys=0.00, real=0.00 secs] 
613.144: [GC (Allocation Failure) [PSYoungGen: 70080K->1408K(75776K)] 423628K->354988K(596992K), 0.0040311 secs] [Times: user=0.02 sys=0.00, real=0.01 secs] 
614.212: [GC (Allocation Failure) [PSYoungGen: 75648K->1360K(75264K)] 429228K->354948K(596480K), 0.0037760 secs] [Times: user=0.01 sys=0.00, real=0.01 secs] 
614.694: [GC (Allocation Failure) [PSYoungGen: 75088K->1424K(74752K)] 428676K->355028K(595968K), 0.0023728 secs] [Times: user=0.01 sys=0.00, real=0.01 secs] 
615.398: [GC (Allocation Failure) [PSYoungGen: 74640K->1376K(74240K)] 428244K->354980K(595456K), 0.0033927 secs] [Times: user=0.02 sys=0.00, real=0.00 secs] 
615.869: [GC (Allocation Failure) [PSYoungGen: 74080K->1504K(73728K)] 427684K->355108K(594944K), 0.0021776 secs] [Times: user=0.01 sys=0.00, real=0.00 secs] 
616.017: [GC (Allocation Failure) [PSYoungGen: 73696K->1469K(73216K)] 427300K->355074K(594432K), 0.0016949 secs] [Times: user=0.01 sys=0.00, real=0.00 secs] 
616.141: [GC (Allocation Failure) [PSYoungGen: 73149K->1469K(72704K)] 426754K->355074K(593920K), 0.0016981 secs] [Times: user=0.01 sys=0.00, real=0.00 secs] 
616.266: [GC (Allocation Failure) [PSYoungGen: 72637K->1469K(73216K)] 426242K->355074K(594432K), 0.0017355 secs] [Times: user=0.01 sys=0.00, real=0.00 secs] 
616.806: [GC (Allocation Failure) [PSYoungGen: 72637K->1440K(72192K)] 426242K->355052K(593408K), 0.0022852 secs] [Times: user=0.01 sys=0.00, real=0.00 secs] 
617.116: [GC (Allocation Failure) [PSYoungGen: 72096K->1408K(71680K)] 425708K->355020K(592896K), 0.0023238 secs] [Times: user=0.01 sys=0.00, real=0.00 secs] 
617.550: [GC (Allocation Failure) [PSYoungGen: 71552K->1408K(71168K)] 425164K->355020K(592384K), 0.0022096 secs] [Times: user=0.01 sys=0.00, real=0.00 secs] 
618.127: [GC (Allocation Failure) [PSYoungGen: 71040K->1408K(70656K)] 424652K->355020K(591872K), 0.0023889 secs] [Times: user=0.01 sys=0.00, real=0.00 secs] 
618.628: [GC (Allocation Failure) [PSYoungGen: 70528K->1488K(70144K)] 424140K->355100K(591360K), 0.0022178 secs] [Times: user=0.01 sys=0.00, real=0.00 secs] 
618.776: [GC (Allocation Failure) [PSYoungGen: 70073K->1485K(69632K)] 423685K->355098K(590848K), 0.0018821 secs] [Times: user=0.01 sys=0.00, real=0.00 secs] 
618.912: [GC (Allocation Failure) [PSYoungGen: 69581K->1504K(69120K)] 423194K->355116K(590336K), 0.0019747 secs] [Times: user=0.01 sys=0.00, real=0.00 secs] 
619.067: [GC (Allocation Failure) [PSYoungGen: 68904K->224K(75776K)] 422517K->353844K(596992K), 0.0019991 secs] [Times: user=0.01 sys=0.00, real=0.00 secs] 
620.526: [GC (Allocation Failure) [PSYoungGen: 73952K->1408K(74752K)] 427572K->355036K(595968K), 0.0026145 secs] [Times: user=0.01 sys=0.00, real=0.00 secs] 
620.972: [GC (Allocation Failure) [PSYoungGen: 74624K->1408K(74240K)] 428252K->355036K(595456K), 0.0022837 secs] [Times: user=0.01 sys=0.00, real=0.00 secs] 
621.320: [GC (Allocation Failure) [PSYoungGen: 74112K->1408K(73728K)] 427740K->355036K(594944K), 0.0022389 secs] [Times: user=0.01 sys=0.00, real=0.00 secs] 
621.617: [GC (Allocation Failure) [PSYoungGen: 73600K->1501K(73216K)] 427228K->355130K(594432K), 0.0020945 secs] [Times: user=0.01 sys=0.00, real=0.00 secs] 
621.750: [GC (Allocation Failure) [PSYoungGen: 73181K->1501K(72704K)] 426810K->355130K(593920K), 0.0017253 secs] [Times: user=0.00 sys=0.00, real=0.00 secs] 
621.875: [GC (Allocation Failure) [PSYoungGen: 72669K->1501K(73216K)] 426298K->355130K(594432K), 0.0017489 secs] [Times: user=0.01 sys=0.00, real=0.01 secs] 
622.002: [GC (Allocation Failure) [PSYoungGen: 72669K->1488K(79360K)] 426298K->355116K(600576K), 0.0017112 secs] [Times: user=0.00 sys=0.00, real=0.00 secs] 
622.437: [GC (Allocation Failure) [PSYoungGen: 78800K->1440K(78336K)] 432428K->355068K(599552K), 0.0020517 secs] [Times: user=0.01 sys=0.00, real=0.00 secs] 
623.076: [GC (Allocation Failure) [PSYoungGen: 78240K->1408K(77824K)] 431868K->355036K(599040K), 0.0020563 secs] [Times: user=0.00 sys=0.00, real=0.00 secs] 
623.675: [GC (Allocation Failure) [PSYoungGen: 77696K->1408K(77312K)] 431324K->355068K(598528K), 0.0020907 secs] [Times: user=0.01 sys=0.00, real=0.01 secs] 
624.160: [GC (Allocation Failure) [PSYoungGen: 77184K->1408K(76800K)] 430844K->355068K(598016K), 0.0022098 secs] [Times: user=0.01 sys=0.00, real=0.00 secs] 
624.403: [GC (Allocation Failure) [PSYoungGen: 76672K->1501K(76288K)] 430332K->355162K(597504K), 0.0017539 secs] [Times: user=0.01 sys=0.00, real=0.00 secs] 
624.534: [GC (Allocation Failure) [PSYoungGen: 76253K->1501K(75776K)] 429914K->355162K(596992K), 0.0016942 secs] [Times: user=0.01 sys=0.00, real=0.01 secs] 
624.665: [GC (Allocation Failure) [PSYoungGen: 75741K->1533K(75264K)] 429402K->355194K(596480K), 0.0016705 secs] [Times: user=0.00 sys=0.00, real=0.01 secs] 
625.646: [GC (Allocation Failure) [PSYoungGen: 75261K->1440K(74752K)] 428922K->355100K(595968K), 0.0042271 secs] [Times: user=0.01 sys=0.00, real=0.00 secs] 
626.212: [GC (Allocation Failure) [PSYoungGen: 74656K->1408K(74240K)] 428316K->355076K(595456K), 0.0023032 secs] [Times: user=0.01 sys=0.00, real=0.00 secs] 
626.660: [GC (Allocation Failure) [PSYoungGen: 74112K->1408K(73728K)] 427780K->355076K(594944K), 0.0021445 secs] [Times: user=0.01 sys=0.00, real=0.00 secs] 
627.235: [GC (Allocation Failure) [PSYoungGen: 73600K->1408K(73216K)] 427268K->355076K(594432K), 0.0025764 secs] [Times: user=0.01 sys=0.00, real=0.01 secs] 
627.672: [GC (Allocation Failure) [PSYoungGen: 73088K->1501K(72704K)] 426756K->355170K(593920K), 0.0022819 secs] [Times: user=0.01 sys=0.00, real=0.00 secs] 
627.856: [GC (Allocation Failure) [PSYoungGen: 72669K->1504K(72192K)] 426338K->355172K(593408K), 0.0021902 secs] [Times: user=0.01 sys=0.00, real=0.00 secs] 
628.051: [GC (Allocation Failure) [PSYoungGen: 72160K->1456K(71680K)] 425828K->355124K(592896K), 0.0024036 secs] [Times: user=0.01 sys=0.00, real=0.00 secs] 
628.252: [GC (Allocation Failure) [PSYoungGen: 71574K->1533K(71168K)] 425242K->355202K(592384K), 0.0024992 secs] [Times: user=0.01 sys=0.00, real=0.00 secs] 
628.564: [GC (Allocation Failure) [PSYoungGen: 71165K->1456K(70656K)] 424834K->355132K(591872K), 0.0023319 secs] [Times: user=0.00 sys=0.00, real=0.01 secs] 
628.859: [GC (Allocation Failure) [PSYoungGen: 70576K->1344K(70144K)] 424252K->355020K(591360K), 0.0021786 secs] [Times: user=0.01 sys=0.00, real=0.00 secs] 
629.144: [GC (Allocation Failure) [PSYoungGen: 69952K->1376K(69632K)] 423628K->355052K(590848K), 0.0022161 secs] [Times: user=0.01 sys=0.00, real=0.01 secs] 
629.427: [GC (Allocation Failure) [PSYoungGen: 69472K->1376K(69120K)] 423148K->355052K(590336K), 0.0022733 secs] [Times: user=0.01 sys=0.00, real=0.00 secs] 
629.605: [GC (Allocation Failure) [PSYoungGen: 68960K->1533K(68608K)] 422636K->355210K(589824K), 0.0017783 secs] [Times: user=0.00 sys=0.00, real=0.01 secs] 
629.723: [GC (Allocation Failure) [PSYoungGen: 68605K->1485K(69120K)] 422282K->355162K(590336K), 0.0017497 secs] [Times: user=0.00 sys=0.00, real=0.00 secs] 
629.840: [GC (Allocation Failure) [PSYoungGen: 68557K->1501K(74752K)] 422234K->355178K(595968K), 0.0018930 secs] [Times: user=0.00 sys=0.00, real=0.00 secs] 
630.140: [GC (Allocation Failure) [PSYoungGen: 74205K->1728K(74752K)] 427882K->355412K(595968K), 0.0023874 secs] [Times: user=0.01 sys=0.00, real=0.00 secs] 
631.511: [GC (Allocation Failure) [PSYoungGen: 74432K->1408K(73728K)] 428116K->355092K(594944K), 0.0040221 secs] [Times: user=0.02 sys=0.00, real=0.01 secs] 
632.234: [GC (Allocation Failure) [PSYoungGen: 73600K->1408K(73216K)] 427284K->355092K(594432K), 0.0034883 secs] [Times: user=0.01 sys=0.00, real=0.01 secs] 
632.881: [GC (Allocation Failure) [PSYoungGen: 73088K->1408K(72704K)] 426772K->355108K(593920K), 0.0029350 secs] [Times: user=0.01 sys=0.00, real=0.00 secs] 
633.439: [GC (Allocation Failure) [PSYoungGen: 72576K->1469K(72192K)] 426276K->355170K(593408K), 0.0025429 secs] [Times: user=0.01 sys=0.00, real=0.00 secs] 
633.603: [GC (Allocation Failure) [PSYoungGen: 72125K->1501K(71680K)] 425826K->355202K(592896K), 0.0016991 secs] [Times: user=0.00 sys=0.00, real=0.00 secs] 
633.725: [GC (Allocation Failure) [PSYoungGen: 71645K->1533K(71168K)] 425346K->355234K(592384K), 0.0016916 secs] [Times: user=0.00 sys=0.00, real=0.00 secs] 
633.849: [GC (Allocation Failure) [PSYoungGen: 71165K->1517K(77312K)] 424866K->355218K(598528K), 0.0016245 secs] [Times: user=0.01 sys=0.00, real=0.00 secs] 
634.133: [GC (Allocation Failure) [PSYoungGen: 77293K->1408K(76800K)] 430994K->355108K(598016K), 0.0021188 secs] [Times: user=0.01 sys=0.01, real=0.00 secs] 
634.509: [GC (Allocation Failure) [PSYoungGen: 76672K->1376K(76288K)] 430372K->355076K(597504K), 0.0022384 secs] [Times: user=0.01 sys=0.00, real=0.00 secs] 
634.860: [GC (Allocation Failure) [PSYoungGen: 76128K->1392K(75776K)] 429828K->355092K(596992K), 0.0023301 secs] [Times: user=0.01 sys=0.00, real=0.00 secs] 
635.322: [GC (Allocation Failure) [PSYoungGen: 75632K->1376K(75264K)] 429332K->355076K(596480K), 0.0021202 secs] [Times: user=0.00 sys=0.00, real=0.00 secs] 
635.613: [GC (Allocation Failure) [PSYoungGen: 75104K->1485K(74752K)] 428804K->355194K(595968K), 0.0016142 secs] [Times: user=0.01 sys=0.00, real=0.00 secs] 
635.743: [GC (Allocation Failure) [PSYoungGen: 74701K->1501K(74240K)] 428410K->355210K(595456K), 0.0016254 secs] [Times: user=0.01 sys=0.00, real=0.00 secs] 
635.870: [GC (Allocation Failure) [PSYoungGen: 74205K->1469K(73728K)] 427914K->355178K(594944K), 0.0017049 secs] [Times: user=0.01 sys=0.00, real=0.00 secs] 
636.190: [GC (Allocation Failure) [PSYoungGen: 73661K->1472K(73216K)] 427370K->355180K(594432K), 0.0021180 secs] [Times: user=0.01 sys=0.00, real=0.00 secs] 
636.917: [GC (Allocation Failure) [PSYoungGen: 73152K->1376K(72704K)] 426860K->355084K(593920K), 0.0020003 secs] [Times: user=0.00 sys=0.00, real=0.00 secs] 
637.891: [GC (Allocation Failure) [PSYoungGen: 72544K->1408K(72192K)] 426252K->355116K(593408K), 0.0027733 secs] [Times: user=0.01 sys=0.00, real=0.00 secs] 
638.864: [GC (Allocation Failure) [PSYoungGen: 72064K->1360K(71680K)] 425772K->355068K(592896K), 0.0085440 secs] [Times: user=0.04 sys=0.00, real=0.01 secs] 
639.575: [GC (Allocation Failure) [PSYoungGen: 71504K->1472K(71168K)] 425212K->355180K(592384K), 0.0026077 secs] [Times: user=0.01 sys=0.00, real=0.01 secs] 
639.739: [GC (Allocation Failure) [PSYoungGen: 71104K->1501K(70656K)] 424812K->355210K(591872K), 0.0016914 secs] [Times: user=0.01 sys=0.00, real=0.00 secs] 
639.860: [GC (Allocation Failure) [PSYoungGen: 70621K->1533K(70144K)] 424330K->355242K(591360K), 0.0017729 secs] [Times: user=0.01 sys=0.00, real=0.00 secs] 
639.980: [GC (Allocation Failure) [PSYoungGen: 70118K->1456K(70656K)] 423826K->355164K(591872K), 0.0016250 secs] [Times: user=0.01 sys=0.00, real=0.00 secs] 
640.366: [GC (Allocation Failure) [PSYoungGen: 70064K->1408K(69632K)] 423772K->355116K(590848K), 0.0024192 secs] [Times: user=0.01 sys=0.01, real=0.00 secs] 
640.958: [GC (Allocation Failure) [PSYoungGen: 69504K->1344K(69120K)] 423212K->355052K(590336K), 0.0024363 secs] [Times: user=0.01 sys=0.00, real=0.00 secs] 
641.817: [GC (Allocation Failure) [PSYoungGen: 68928K->1440K(68608K)] 422636K->355148K(589824K), 0.0020116 secs] [Times: user=0.00 sys=0.00, real=0.00 secs] 
642.561: [GC (Allocation Failure) [PSYoungGen: 68512K->1376K(68096K)] 422220K->355084K(589312K), 0.0024734 secs] [Times: user=0.01 sys=0.00, real=0.00 secs] 
643.075: [GC (Allocation Failure) [PSYoungGen: 67936K->1488K(67584K)] 421644K->355204K(588800K), 0.0020849 secs] [Times: user=0.01 sys=0.00, real=0.00 secs] 
643.249: [GC (Allocation Failure) [PSYoungGen: 67536K->1488K(67072K)] 421252K->355204K(588288K), 0.0022346 secs] [Times: user=0.01 sys=0.00, real=0.00 secs] 
643.439: [GC (Allocation Failure) [PSYoungGen: 67024K->1456K(66560K)] 420740K->355172K(587776K), 0.0025118 secs] [Times: user=0.01 sys=0.00, real=0.00 secs] 
643.626: [GC (Allocation Failure) [PSYoungGen: 66480K->1488K(72704K)] 420196K->355228K(593920K), 0.0022045 secs] [Times: user=0.01 sys=0.00, real=0.00 secs] 
643.986: [GC (Allocation Failure) [PSYoungGen: 72144K->1440K(71680K)] 425884K->355180K(592896K), 0.0031280 secs] [Times: user=0.01 sys=0.00, real=0.00 secs] 
644.526: [GC (Allocation Failure) [PSYoungGen: 71584K->1408K(71168K)] 425324K->355164K(592384K), 0.0030397 secs] [Times: user=0.01 sys=0.00, real=0.00 secs] 
645.056: [GC (Allocation Failure) [PSYoungGen: 71040K->1440K(70656K)] 424796K->355196K(591872K), 0.0032331 secs] [Times: user=0.01 sys=0.00, real=0.00 secs] 
645.490: [GC (Allocation Failure) [PSYoungGen: 70560K->1408K(70144K)] 424316K->355164K(591360K), 0.0023095 secs] [Times: user=0.01 sys=0.00, real=0.00 secs] 
645.751: [GC (Allocation Failure) [PSYoungGen: 70016K->1453K(69632K)] 423772K->355210K(590848K), 0.0022099 secs] [Times: user=0.01 sys=0.00, real=0.00 secs] 
645.872: [GC (Allocation Failure) [PSYoungGen: 69549K->1533K(69120K)] 423306K->355290K(590336K), 0.0017037 secs] [Times: user=0.01 sys=0.00, real=0.00 secs] 
645.991: [GC (Allocation Failure) [PSYoungGen: 69117K->1501K(69632K)] 422874K->355258K(590848K), 0.0016949 secs] [Times: user=0.00 sys=0.00, real=0.00 secs] 
646.111: [GC (Allocation Failure) [PSYoungGen: 69085K->1533K(69632K)] 422842K->355298K(590848K), 0.0017065 secs] [Times: user=0.01 sys=0.00, real=0.00 secs] 
646.884: [GC (Allocation Failure) [PSYoungGen: 69117K->1440K(74752K)] 422882K->355204K(595968K), 0.0031213 secs] [Times: user=0.01 sys=0.00, real=0.01 secs] 
648.131: [GC (Allocation Failure) [PSYoungGen: 74656K->1344K(74240K)] 428420K->355108K(595456K), 0.0029776 secs] [Times: user=0.01 sys=0.00, real=0.00 secs] 
649.104: [GC (Allocation Failure) [PSYoungGen: 74048K->1408K(73728K)] 427812K->355172K(594944K), 0.0032048 secs] [Times: user=0.01 sys=0.00, real=0.01 secs] 
650.128: [GC (Allocation Failure) [PSYoungGen: 73600K->1376K(73216K)] 427364K->355140K(594432K), 0.0047890 secs] [Times: user=0.02 sys=0.00, real=0.00 secs] 
650.653: [GC (Allocation Failure) [PSYoungGen: 73048K->1472K(72704K)] 426813K->355244K(593920K), 0.0022393 secs] [Times: user=0.01 sys=0.00, real=0.00 secs] 
650.804: [GC (Allocation Failure) [PSYoungGen: 72640K->1565K(72704K)] 426412K->355338K(593920K), 0.0016177 secs] [Times: user=0.01 sys=0.00, real=0.01 secs] 
650.947: [GC (Allocation Failure) [PSYoungGen: 72221K->1456K(71680K)] 425994K->355228K(592896K), 0.0019706 secs] [Times: user=0.01 sys=0.00, real=0.00 secs] 
651.102: [GC (Allocation Failure) [PSYoungGen: 71503K->256K(70144K)] 425276K->354028K(591360K), 0.0017743 secs] [Times: user=0.01 sys=0.00, real=0.00 secs] 
651.439: [GC (Allocation Failure) [PSYoungGen: 69888K->1408K(70656K)] 423660K->355180K(591872K), 0.0021769 secs] [Times: user=0.01 sys=0.00, real=0.00 secs] 
651.842: [GC (Allocation Failure) [PSYoungGen: 70528K->1376K(70144K)] 424300K->355148K(591360K), 0.0024939 secs] [Times: user=0.00 sys=0.00, real=0.00 secs] 
652.381: [GC (Allocation Failure) [PSYoungGen: 69984K->1376K(69632K)] 423756K->355148K(590848K), 0.0025031 secs] [Times: user=0.01 sys=0.00, real=0.00 secs] 
652.944: [GC (Allocation Failure) [PSYoungGen: 69472K->1376K(69120K)] 423244K->355148K(590336K), 0.0022338 secs] [Times: user=0.01 sys=0.00, real=0.01 secs] 
653.175: [GC (Allocation Failure) [PSYoungGen: 68960K->1501K(68608K)] 422732K->355274K(589824K), 0.0016655 secs] [Times: user=0.01 sys=0.00, real=0.01 secs] 
653.293: [GC (Allocation Failure) [PSYoungGen: 68573K->1533K(68096K)] 422346K->355306K(589312K), 0.0016982 secs] [Times: user=0.01 sys=0.00, real=0.00 secs] 
653.409: [GC (Allocation Failure) [PSYoungGen: 68093K->1469K(68608K)] 421866K->355242K(589824K), 0.0016449 secs] [Times: user=0.01 sys=0.00, real=0.00 secs] 
653.555: [GC (Allocation Failure) [PSYoungGen: 68029K->1712K(68608K)] 421802K->355484K(589824K), 0.0017568 secs] [Times: user=0.00 sys=0.00, real=0.01 secs] 
653.835: [GC (Allocation Failure) [PSYoungGen: 68272K->1376K(74240K)] 422044K->355180K(595456K), 0.0018045 secs] [Times: user=0.00 sys=0.00, real=0.01 secs] 
654.133: [GC (Allocation Failure) [PSYoungGen: 73568K->1408K(73216K)] 427372K->355212K(594432K), 0.0018731 secs] [Times: user=0.01 sys=0.00, real=0.01 secs] 
654.431: [GC (Allocation Failure) [PSYoungGen: 73088K->1376K(72704K)] 426892K->355180K(593920K), 0.0017410 secs] [Times: user=0.01 sys=0.00, real=0.00 secs] 
654.743: [GC (Allocation Failure) [PSYoungGen: 72544K->1405K(72192K)] 426348K->355226K(593408K), 0.0016490 secs] [Times: user=0.01 sys=0.00, real=0.00 secs] 
654.890: [GC (Allocation Failure) [PSYoungGen: 72041K->1536K(72192K)] 425862K->355356K(593408K), 0.0019698 secs] [Times: user=0.01 sys=0.00, real=0.00 secs] 
655.044: [GC (Allocation Failure) [PSYoungGen: 71680K->1485K(71168K)] 425500K->355306K(592384K), 0.0016976 secs] [Times: user=0.00 sys=0.00, real=0.01 secs] 
655.185: [GC (Allocation Failure) [PSYoungGen: 71117K->1456K(71680K)] 424938K->355284K(592896K), 0.0020082 secs] [Times: user=0.01 sys=0.00, real=0.01 secs] 
656.436: [GC (Allocation Failure) [PSYoungGen: 71600K->1408K(71168K)] 425428K->355244K(592384K), 0.0046106 secs] [Times: user=0.02 sys=0.00, real=0.00 secs] 
657.109: [GC (Allocation Failure) [PSYoungGen: 71040K->1408K(70656K)] 424876K->355244K(591872K), 0.0032193 secs] [Times: user=0.01 sys=0.00, real=0.00 secs] 
657.785: [GC (Allocation Failure) [PSYoungGen: 70528K->1376K(70144K)] 424364K->355212K(591360K), 0.0030759 secs] [Times: user=0.01 sys=0.00, real=0.00 secs] 
658.383: [GC (Allocation Failure) [PSYoungGen: 69984K->1408K(69632K)] 423820K->355244K(590848K), 0.0030953 secs] [Times: user=0.01 sys=0.00, real=0.01 secs] 
658.970: [GC (Allocation Failure) [PSYoungGen: 69473K->1469K(69120K)] 423310K->355306K(590336K), 0.0023457 secs] [Times: user=0.01 sys=0.00, real=0.00 secs] 
659.124: [GC (Allocation Failure) [PSYoungGen: 69053K->1501K(68608K)] 422890K->355338K(589824K), 0.0017182 secs] [Times: user=0.00 sys=0.00, real=0.01 secs] 
659.241: [GC (Allocation Failure) [PSYoungGen: 68573K->1456K(68096K)] 422410K->355292K(589312K), 0.0017494 secs] [Times: user=0.01 sys=0.00, real=0.00 secs] 
659.358: [GC (Allocation Failure) [PSYoungGen: 68016K->1533K(68608K)] 421852K->355378K(589824K), 0.0016881 secs] [Times: user=0.00 sys=0.00, real=0.00 secs] 
659.650: [GC (Allocation Failure) [PSYoungGen: 68093K->1440K(68608K)] 421938K->355284K(589824K), 0.0025145 secs] [Times: user=0.01 sys=0.00, real=0.00 secs] 
659.927: [GC (Allocation Failure) [PSYoungGen: 68000K->1408K(74240K)] 421844K->355252K(595456K), 0.0023639 secs] [Times: user=0.01 sys=0.00, real=0.00 secs] 
660.228: [GC (Allocation Failure) [PSYoungGen: 73600K->1408K(73216K)] 427444K->355252K(594432K), 0.0024882 secs] [Times: user=0.01 sys=0.00, real=0.00 secs] 
660.526: [GC (Allocation Failure) [PSYoungGen: 73088K->1408K(72704K)] 426932K->355252K(593920K), 0.0019599 secs] [Times: user=0.00 sys=0.00, real=0.00 secs] 
660.840: [GC (Allocation Failure) [PSYoungGen: 72576K->1501K(72192K)] 426420K->355346K(593408K), 0.0017678 secs] [Times: user=0.01 sys=0.00, real=0.00 secs] 
660.967: [GC (Allocation Failure) [PSYoungGen: 72157K->1485K(71680K)] 426002K->355330K(592896K), 0.0016650 secs] [Times: user=0.01 sys=0.00, real=0.00 secs] 
661.108: [GC (Allocation Failure) [PSYoungGen: 71629K->1424K(72192K)] 425474K->355268K(593408K), 0.0021305 secs] [Times: user=0.01 sys=0.00, real=0.00 secs] 
661.265: [GC (Allocation Failure) [PSYoungGen: 71568K->1456K(78336K)] 425412K->355316K(599552K), 0.0025394 secs] [Times: user=0.01 sys=0.00, real=0.00 secs] 
662.282: [GC (Allocation Failure) [PSYoungGen: 77744K->1440K(78336K)] 431604K->355300K(599552K), 0.0048688 secs] [Times: user=0.02 sys=0.00, real=0.01 secs] 
663.683: [GC (Allocation Failure) [PSYoungGen: 77728K->1424K(77312K)] 431588K->355300K(598528K), 0.0049654 secs] [Times: user=0.02 sys=0.00, real=0.01 secs] 
665.196: [GC (Allocation Failure) [PSYoungGen: 77200K->1344K(76800K)] 431076K->355220K(598016K), 0.0051546 secs] [Times: user=0.02 sys=0.00, real=0.00 secs] 
666.069: [GC (Allocation Failure) [PSYoungGen: 76608K->1456K(76288K)] 430484K->355340K(597504K), 0.0033871 secs] [Times: user=0.02 sys=0.00, real=0.00 secs] 
666.286: [GC (Allocation Failure) [PSYoungGen: 76208K->1485K(75776K)] 430092K->355370K(596992K), 0.0018394 secs] [Times: user=0.01 sys=0.00, real=0.00 secs] 
666.419: [GC (Allocation Failure) [PSYoungGen: 75725K->1501K(75264K)] 429610K->355386K(596480K), 0.0017285 secs] [Times: user=0.01 sys=0.00, real=0.00 secs] 
666.547: [GC (Allocation Failure) [PSYoungGen: 75229K->1453K(81408K)] 429114K->355338K(602624K), 0.0017032 secs] [Times: user=0.01 sys=0.00, real=0.00 secs] 
667.257: [GC (Allocation Failure) [PSYoungGen: 81325K->1408K(80896K)] 435210K->355292K(602112K), 0.0025539 secs] [Times: user=0.01 sys=0.00, real=0.00 secs] 
668.197: [GC (Allocation Failure) [PSYoungGen: 80768K->1408K(80384K)] 434652K->355292K(601600K), 0.0022856 secs] [Times: user=0.01 sys=0.00, real=0.00 secs] 
668.882: [GC (Allocation Failure) [PSYoungGen: 80256K->1376K(79872K)] 434140K->355260K(601088K), 0.0025349 secs] [Times: user=0.01 sys=0.01, real=0.00 secs] 
669.582: [GC (Allocation Failure) [PSYoungGen: 79712K->1504K(79360K)] 433596K->355388K(600576K), 0.0025821 secs] [Times: user=0.01 sys=0.00, real=0.00 secs] 
669.824: [GC (Allocation Failure) [PSYoungGen: 79328K->1453K(78848K)] 433212K->355338K(600064K), 0.0027262 secs] [Times: user=0.01 sys=0.00, real=0.01 secs] 
669.979: [GC (Allocation Failure) [PSYoungGen: 78765K->1533K(78336K)] 432650K->355418K(599552K), 0.0016749 secs] [Times: user=0.00 sys=0.00, real=0.00 secs] 
670.116: [GC (Allocation Failure) [PSYoungGen: 78333K->1453K(77824K)] 432218K->355338K(599040K), 0.0017141 secs] [Times: user=0.01 sys=0.00, real=0.00 secs] 
670.921: [GC (Allocation Failure) [PSYoungGen: 77741K->1424K(77312K)] 431626K->355308K(598528K), 0.0045383 secs] [Times: user=0.02 sys=0.00, real=0.01 secs] 
671.629: [GC (Allocation Failure) [PSYoungGen: 77200K->1408K(76800K)] 431084K->355292K(598016K), 0.0025874 secs] [Times: user=0.01 sys=0.00, real=0.00 secs] 
672.262: [GC (Allocation Failure) [PSYoungGen: 76672K->1376K(76288K)] 430556K->355260K(597504K), 0.0024719 secs] [Times: user=0.01 sys=0.00, real=0.00 secs] 
672.909: [GC (Allocation Failure) [PSYoungGen: 76128K->1408K(75776K)] 430012K->355292K(596992K), 0.0028937 secs] [Times: user=0.01 sys=0.00, real=0.00 secs] 
673.129: [GC (Allocation Failure) [PSYoungGen: 75648K->1485K(75264K)] 429532K->355378K(596480K), 0.0017648 secs] [Times: user=0.00 sys=0.00, real=0.00 secs] 
673.258: [GC (Allocation Failure) [PSYoungGen: 75213K->1501K(74752K)] 429106K->355394K(595968K), 0.0017257 secs] [Times: user=0.01 sys=0.00, real=0.00 secs] 
673.406: [GC (Allocation Failure) [PSYoungGen: 74717K->1456K(75264K)] 428610K->355348K(596480K), 0.0021089 secs] [Times: user=0.01 sys=0.00, real=0.00 secs] 
674.064: [GC (Allocation Failure) [PSYoungGen: 74672K->1440K(74240K)] 428564K->355332K(595456K), 0.0026418 secs] [Times: user=0.01 sys=0.00, real=0.01 secs] 
675.292: [GC (Allocation Failure) [PSYoungGen: 74144K->1360K(73728K)] 428036K->355276K(594944K), 0.0051375 secs] [Times: user=0.02 sys=0.00, real=0.01 secs] 
676.287: [GC (Allocation Failure) [PSYoungGen: 73552K->1408K(73216K)] 427468K->355324K(594432K), 0.0044034 secs] [Times: user=0.01 sys=0.00, real=0.00 secs] 
677.102: [GC (Allocation Failure) [PSYoungGen: 73088K->1376K(72704K)] 427004K->355292K(593920K), 0.0033990 secs] [Times: user=0.01 sys=0.00, real=0.00 secs] 
677.719: [GC (Allocation Failure) [PSYoungGen: 72544K->1469K(72192K)] 426460K->355386K(593408K), 0.0023314 secs] [Times: user=0.01 sys=0.00, real=0.00 secs] 
677.868: [GC (Allocation Failure) [PSYoungGen: 72093K->1533K(71680K)] 426010K->355450K(592896K), 0.0019622 secs] [Times: user=0.01 sys=0.00, real=0.00 secs] 
677.990: [GC (Allocation Failure) [PSYoungGen: 71677K->1533K(71168K)] 425594K->355450K(592384K), 0.0016924 secs] [Times: user=0.01 sys=0.00, real=0.00 secs] 
678.113: [GC (Allocation Failure) [PSYoungGen: 71165K->1485K(77824K)] 425082K->355402K(599040K), 0.0015967 secs] [Times: user=0.01 sys=0.00, real=0.00 secs] 
679.277: [GC (Allocation Failure) [PSYoungGen: 77261K->1440K(76800K)] 431178K->355364K(598016K), 0.0050947 secs] [Times: user=0.02 sys=0.00, real=0.00 secs] 
680.131: [GC (Allocation Failure) [PSYoungGen: 76704K->1376K(76288K)] 430628K->355300K(597504K), 0.0045129 secs] [Times: user=0.02 sys=0.00, real=0.01 secs] 
681.641: [GC (Allocation Failure) [PSYoungGen: 76128K->1360K(75776K)] 430052K->355284K(596992K), 0.0036209 secs] [Times: user=0.02 sys=0.00, real=0.00 secs] 
682.302: [GC (Allocation Failure) [PSYoungGen: 75600K->1456K(75264K)] 429524K->355380K(596480K), 0.0033619 secs] [Times: user=0.01 sys=0.00, real=0.01 secs] 
682.559: [GC (Allocation Failure) [PSYoungGen: 75184K->1536K(75264K)] 429108K->355460K(596480K), 0.0019378 secs] [Times: user=0.00 sys=0.00, real=0.00 secs] 
682.698: [GC (Allocation Failure) [PSYoungGen: 74752K->1485K(74240K)] 428676K->355410K(595456K), 0.0017717 secs] [Times: user=0.01 sys=0.00, real=0.00 secs] 
682.826: [GC (Allocation Failure) [PSYoungGen: 74189K->1485K(73728K)] 428114K->355410K(594944K), 0.0016263 secs] [Times: user=0.01 sys=0.00, real=0.00 secs] 
683.637: [GC (Allocation Failure) [PSYoungGen: 73677K->1424K(73216K)] 427602K->355348K(594432K), 0.0048219 secs] [Times: user=0.02 sys=0.00, real=0.00 secs] 
684.785: [GC (Allocation Failure) [PSYoungGen: 73104K->1344K(72704K)] 427028K->355268K(593920K), 0.0043036 secs] [Times: user=0.02 sys=0.00, real=0.01 secs] 
685.712: [GC (Allocation Failure) [PSYoungGen: 72512K->1360K(72192K)] 426436K->355284K(593408K), 0.0044841 secs] [Times: user=0.02 sys=0.00, real=0.01 secs] 
686.815: [GC (Allocation Failure) [PSYoungGen: 72016K->1408K(71680K)] 425940K->355332K(592896K), 0.0050072 secs] [Times: user=0.02 sys=0.00, real=0.00 secs] 
687.260: [GC (Allocation Failure) [PSYoungGen: 71552K->1501K(71168K)] 425476K->355442K(592384K), 0.0022458 secs] [Times: user=0.01 sys=0.00, real=0.00 secs] 
687.405: [GC (Allocation Failure) [PSYoungGen: 71133K->1501K(70656K)] 425074K->355442K(591872K), 0.0016452 secs] [Times: user=0.01 sys=0.00, real=0.00 secs] 
687.527: [GC (Allocation Failure) [PSYoungGen: 70621K->1501K(70144K)] 424562K->355442K(591360K), 0.0016769 secs] [Times: user=0.01 sys=0.00, real=0.00 secs] 
687.647: [GC (Allocation Failure) [PSYoungGen: 70109K->1501K(70656K)] 424050K->355442K(591872K), 0.0016691 secs] [Times: user=0.01 sys=0.00, real=0.00 secs] 
688.220: [GC (Allocation Failure) [PSYoungGen: 70621K->1440K(70144K)] 424562K->355396K(591360K), 0.0028505 secs] [Times: user=0.01 sys=0.00, real=0.00 secs] 
688.825: [GC (Allocation Failure) [PSYoungGen: 70048K->1376K(69632K)] 424004K->355332K(590848K), 0.0031632 secs] [Times: user=0.01 sys=0.00, real=0.01 secs] 
689.308: [GC (Allocation Failure) [PSYoungGen: 69472K->1344K(69120K)] 423428K->355300K(590336K), 0.0031578 secs] [Times: user=0.02 sys=0.00, real=0.00 secs] 
689.802: [GC (Allocation Failure) [PSYoungGen: 68928K->1376K(68608K)] 422884K->355332K(589824K), 0.0046507 secs] [Times: user=0.02 sys=0.00, real=0.01 secs] 
690.357: [GC (Allocation Failure) [PSYoungGen: 68448K->1469K(68096K)] 422404K->355426K(589312K), 0.0026358 secs] [Times: user=0.01 sys=0.00, real=0.00 secs] 
690.488: [GC (Allocation Failure) [PSYoungGen: 68029K->1501K(67584K)] 421986K->355458K(588800K), 0.0016211 secs] [Times: user=0.01 sys=0.00, real=0.00 secs] 
690.622: [GC (Allocation Failure) [PSYoungGen: 67549K->1504K(68096K)] 421506K->355460K(589312K), 0.0022634 secs] [Times: user=0.01 sys=0.00, real=0.00 secs] 
690.768: [GC (Allocation Failure) [PSYoungGen: 67552K->1501K(73728K)] 421508K->355482K(594944K), 0.0021822 secs] [Times: user=0.01 sys=0.01, real=0.00 secs] 
691.085: [GC (Allocation Failure) [PSYoungGen: 73181K->1408K(73728K)] 427162K->355388K(594944K), 0.0022118 secs] [Times: user=0.01 sys=0.00, real=0.01 secs] 
691.382: [GC (Allocation Failure) [PSYoungGen: 73088K->1408K(79872K)] 427068K->355388K(601088K), 0.0024275 secs] [Times: user=0.00 sys=0.00, real=0.00 secs] 
691.706: [GC (Allocation Failure) [PSYoungGen: 79232K->1408K(78848K)] 433212K->355388K(600064K), 0.0019463 secs] [Times: user=0.01 sys=0.00, real=0.00 secs] 
692.119: [GC (Allocation Failure) [PSYoungGen: 78720K->1501K(78336K)] 432700K->355506K(599552K), 0.0021920 secs] [Times: user=0.01 sys=0.00, real=0.00 secs] 
692.314: [GC (Allocation Failure) [PSYoungGen: 78301K->1533K(77824K)] 432306K->355538K(599040K), 0.0024839 secs] [Times: user=0.01 sys=0.00, real=0.01 secs] 
692.482: [GC (Allocation Failure) [PSYoungGen: 77821K->1533K(77312K)] 431826K->355538K(598528K), 0.0017409 secs] [Times: user=0.00 sys=0.00, real=0.00 secs] 
692.616: [GC (Allocation Failure) [PSYoungGen: 77309K->1469K(77824K)] 431314K->355474K(599040K), 0.0016691 secs] [Times: user=0.01 sys=0.00, real=0.00 secs] 
694.082: [GC (Allocation Failure) [PSYoungGen: 77245K->1440K(76800K)] 431250K->355444K(598016K), 0.0040358 secs] [Times: user=0.02 sys=0.00, real=0.01 secs] 
694.911: [GC (Allocation Failure) [PSYoungGen: 76704K->1408K(76288K)] 430708K->355412K(597504K), 0.0037990 secs] [Times: user=0.01 sys=0.01, real=0.00 secs] 
695.959: [GC (Allocation Failure) [PSYoungGen: 76160K->1408K(75776K)] 430164K->355412K(596992K), 0.0033232 secs] [Times: user=0.01 sys=0.00, real=0.00 secs] 
697.071: [GC (Allocation Failure) [PSYoungGen: 75648K->1472K(75264K)] 429652K->355476K(596480K), 0.0029181 secs] [Times: user=0.01 sys=0.00, real=0.00 secs] 
697.264: [GC (Allocation Failure) [PSYoungGen: 75200K->1453K(74752K)] 429204K->355458K(595968K), 0.0017344 secs] [Times: user=0.01 sys=0.00, real=0.01 secs] 
697.392: [GC (Allocation Failure) [PSYoungGen: 74669K->1517K(74240K)] 428674K->355522K(595456K), 0.0018740 secs] [Times: user=0.00 sys=0.00, real=0.00 secs] 
697.540: [GC (Allocation Failure) [PSYoungGen: 74221K->1488K(80384K)] 428226K->355492K(601600K), 0.0019766 secs] [Times: user=0.01 sys=0.00, real=0.00 secs] 
698.319: [GC (Allocation Failure) [PSYoungGen: 80336K->1424K(79872K)] 434340K->355428K(601088K), 0.0025678 secs] [Times: user=0.01 sys=0.00, real=0.00 secs] 
698.707: [GC (Allocation Failure) [PSYoungGen: 79760K->1392K(79360K)] 433764K->355396K(600576K), 0.0022135 secs] [Times: user=0.01 sys=0.00, real=0.00 secs] 
699.055: [GC (Allocation Failure) [PSYoungGen: 79216K->1376K(78848K)] 433220K->355380K(600064K), 0.0021596 secs] [Times: user=0.01 sys=0.00, real=0.01 secs] 
699.401: [GC (Allocation Failure) [PSYoungGen: 78688K->1408K(78336K)] 432692K->355412K(599552K), 0.0021551 secs] [Times: user=0.01 sys=0.00, real=0.00 secs] 
699.584: [GC (Allocation Failure) [PSYoungGen: 78208K->1453K(77824K)] 432212K->355458K(599040K), 0.0018272 secs] [Times: user=0.01 sys=0.00, real=0.01 secs] 
699.719: [GC (Allocation Failure) [PSYoungGen: 77741K->1453K(77312K)] 431746K->355458K(598528K), 0.0017795 secs] [Times: user=0.00 sys=0.00, real=0.00 secs] 
699.853: [GC (Allocation Failure) [PSYoungGen: 77229K->1533K(77824K)] 431234K->355538K(599040K), 0.0016971 secs] [Times: user=0.01 sys=0.00, real=0.00 secs] 
700.170: [GC (Allocation Failure) [PSYoungGen: 77309K->1408K(76800K)] 431314K->355420K(598016K), 0.0022794 secs] [Times: user=0.01 sys=0.00, real=0.00 secs] 
700.483: [GC (Allocation Failure) [PSYoungGen: 76672K->1376K(76288K)] 430684K->355388K(597504K), 0.0025027 secs] [Times: user=0.01 sys=0.01, real=0.01 secs] 
700.842: [GC (Allocation Failure) [PSYoungGen: 76128K->1376K(75776K)] 430140K->355388K(596992K), 0.0021522 secs] [Times: user=0.01 sys=0.00, real=0.00 secs] 
701.182: [GC (Allocation Failure) [PSYoungGen: 75616K->1408K(75264K)] 429628K->355420K(596480K), 0.0023834 secs] [Times: user=0.01 sys=0.00, real=0.00 secs] 
701.541: [GC (Allocation Failure) [PSYoungGen: 75136K->1485K(74752K)] 429148K->355498K(595968K), 0.0017587 secs] [Times: user=0.00 sys=0.00, real=0.00 secs] 
701.668: [GC (Allocation Failure) [PSYoungGen: 74701K->1533K(74240K)] 428714K->355562K(595456K), 0.0018583 secs] [Times: user=0.01 sys=0.00, real=0.00 secs] 
701.817: [GC (Allocation Failure) [PSYoungGen: 74237K->1424K(80384K)] 428266K->355452K(601600K), 0.0020000 secs] [Times: user=0.01 sys=0.00, real=0.00 secs] 
702.142: [GC (Allocation Failure) [PSYoungGen: 80272K->1472K(79872K)] 434300K->355500K(601088K), 0.0024074 secs] [Times: user=0.01 sys=0.00, real=0.00 secs] 
702.468: [GC (Allocation Failure) [PSYoungGen: 79808K->1408K(79360K)] 433836K->355444K(600576K), 0.0022120 secs] [Times: user=0.01 sys=0.00, real=0.00 secs] 
702.791: [GC (Allocation Failure) [PSYoungGen: 79232K->1392K(78848K)] 433268K->355428K(600064K), 0.0022097 secs] [Times: user=0.01 sys=0.00, real=0.00 secs] 
703.149: [GC (Allocation Failure) [PSYoungGen: 78704K->1376K(78336K)] 432740K->355412K(599552K), 0.0022116 secs] [Times: user=0.01 sys=0.00, real=0.00 secs] 
703.362: [GC (Allocation Failure) [PSYoungGen: 78176K->1501K(77824K)] 432212K->355546K(599040K), 0.0016739 secs] [Times: user=0.01 sys=0.00, real=0.00 secs] 
703.496: [GC (Allocation Failure) [PSYoungGen: 77789K->1533K(77312K)] 431834K->355578K(598528K), 0.0017743 secs] [Times: user=0.01 sys=0.00, real=0.00 secs] 
703.627: [GC (Allocation Failure) [PSYoungGen: 77309K->1485K(77824K)] 431354K->355530K(599040K), 0.0016079 secs] [Times: user=0.01 sys=0.00, real=0.00 secs] 
704.449: [GC (Allocation Failure) [PSYoungGen: 77261K->1472K(76800K)] 431306K->355516K(598016K), 0.0039808 secs] [Times: user=0.01 sys=0.00, real=0.00 secs] 
705.394: [GC (Allocation Failure) [PSYoungGen: 76736K->1360K(76288K)] 430780K->355420K(597504K), 0.0031239 secs] [Times: user=0.01 sys=0.01, real=0.01 secs] 
706.321: [GC (Allocation Failure) [PSYoungGen: 76112K->1392K(75776K)] 430172K->355452K(596992K), 0.0032716 secs] [Times: user=0.01 sys=0.00, real=0.00 secs] 
706.942: [GC (Allocation Failure) [PSYoungGen: 75632K->1408K(75264K)] 429692K->355468K(596480K), 0.0022670 secs] [Times: user=0.00 sys=0.00, real=0.00 secs] 
707.165: [GC (Allocation Failure) [PSYoungGen: 75136K->1453K(74752K)] 429196K->355514K(595968K), 0.0016913 secs] [Times: user=0.01 sys=0.00, real=0.01 secs] 
707.292: [GC (Allocation Failure) [PSYoungGen: 74646K->1501K(74240K)] 428707K->355562K(595456K), 0.0017708 secs] [Times: user=0.01 sys=0.00, real=0.00 secs] 
707.422: [GC (Allocation Failure) [PSYoungGen: 74205K->1485K(73728K)] 428266K->355546K(594944K), 0.0018084 secs] [Times: user=0.00 sys=0.00, real=0.00 secs] 
707.622: [GC (Allocation Failure) [PSYoungGen: 73677K->1600K(80384K)] 427738K->355660K(601600K), 0.0021445 secs] [Times: user=0.01 sys=0.00, real=0.00 secs] 
709.587: [GC (Allocation Failure) [PSYoungGen: 79936K->1408K(79360K)] 433996K->355484K(600576K), 0.0043647 secs] [Times: user=0.02 sys=0.00, real=0.00 secs] 
711.319: [GC (Allocation Failure) [PSYoungGen: 79232K->1392K(78848K)] 433308K->355468K(600064K), 0.0054572 secs] [Times: user=0.02 sys=0.01, real=0.00 secs] 
711.971: [GC (Allocation Failure) [PSYoungGen: 78704K->1408K(78336K)] 432780K->355484K(599552K), 0.0038673 secs] [Times: user=0.02 sys=0.00, real=0.00 secs] 
712.798: [GC (Allocation Failure) [PSYoungGen: 78208K->1440K(77824K)] 432284K->355516K(599040K), 0.0023868 secs] [Times: user=0.01 sys=0.00, real=0.00 secs] 
712.972: [GC (Allocation Failure) [PSYoungGen: 77728K->1469K(77312K)] 431804K->355554K(598528K), 0.0016691 secs] [Times: user=0.01 sys=0.00, real=0.00 secs] 
713.105: [GC (Allocation Failure) [PSYoungGen: 77245K->1485K(76800K)] 431330K->355570K(598016K), 0.0016560 secs] [Times: user=0.00 sys=0.00, real=0.01 secs] 
713.237: [GC (Allocation Failure) [PSYoungGen: 76749K->1469K(76288K)] 430834K->355554K(597504K), 0.0016577 secs] [Times: user=0.01 sys=0.00, real=0.00 secs] 
713.577: [GC (Allocation Failure) [PSYoungGen: 76221K->1376K(75776K)] 430306K->355460K(596992K), 0.0020297 secs] [Times: user=0.01 sys=0.00, real=0.00 secs] 
713.885: [GC (Allocation Failure) [PSYoungGen: 75616K->1376K(75264K)] 429700K->355460K(596480K), 0.0018466 secs] [Times: user=0.01 sys=0.00, real=0.01 secs] 
714.191: [GC (Allocation Failure) [PSYoungGen: 75104K->1376K(74752K)] 429188K->355460K(595968K), 0.0019730 secs] [Times: user=0.01 sys=0.00, real=0.00 secs] 
714.598: [GC (Allocation Failure) [PSYoungGen: 74592K->1501K(74240K)] 428676K->355586K(595456K), 0.0021618 secs] [Times: user=0.01 sys=0.00, real=0.00 secs] 
714.777: [GC (Allocation Failure) [PSYoungGen: 74205K->1469K(73728K)] 428290K->355554K(594944K), 0.0021280 secs] [Times: user=0.01 sys=0.00, real=0.00 secs] 
714.964: [GC (Allocation Failure) [PSYoungGen: 73661K->1488K(73216K)] 427746K->355588K(594432K), 0.0022311 secs] [Times: user=0.01 sys=0.00, real=0.01 secs] 
715.126: [GC (Allocation Failure) [PSYoungGen: 73168K->1504K(72704K)] 427268K->355604K(593920K), 0.0016700 secs] [Times: user=0.00 sys=0.00, real=0.00 secs] 
715.380: [GC (Allocation Failure) [PSYoungGen: 72672K->1440K(72192K)] 426772K->355540K(593408K), 0.0024731 secs] [Times: user=0.01 sys=0.00, real=0.00 secs] 
715.699: [GC (Allocation Failure) [PSYoungGen: 72096K->1408K(71680K)] 426196K->355508K(592896K), 0.0022252 secs] [Times: user=0.01 sys=0.00, real=0.00 secs] 
716.274: [GC (Allocation Failure) [PSYoungGen: 71552K->1376K(71168K)] 425652K->355476K(592384K), 0.0023871 secs] [Times: user=0.01 sys=0.01, real=0.01 secs] 
716.867: [GC (Allocation Failure) [PSYoungGen: 71008K->1440K(70656K)] 425108K->355540K(591872K), 0.0026669 secs] [Times: user=0.01 sys=0.00, real=0.00 secs] 
717.210: [GC (Allocation Failure) [PSYoungGen: 70560K->1504K(70144K)] 424660K->355628K(591360K), 0.0022750 secs] [Times: user=0.01 sys=0.00, real=0.00 secs] 
717.333: [GC (Allocation Failure) [PSYoungGen: 70112K->1469K(69632K)] 424236K->355594K(590848K), 0.0017076 secs] [Times: user=0.00 sys=0.00, real=0.00 secs] 
717.451: [GC (Allocation Failure) [PSYoungGen: 69565K->1533K(70144K)] 423690K->355658K(591360K), 0.0015911 secs] [Times: user=0.01 sys=0.00, real=0.00 secs] 
717.571: [GC (Allocation Failure) [PSYoungGen: 70141K->1501K(70656K)] 424266K->355626K(591872K), 0.0016583 secs] [Times: user=0.01 sys=0.00, real=0.00 secs] 
717.854: [GC (Allocation Failure) [PSYoungGen: 70109K->1408K(75776K)] 424234K->355540K(596992K), 0.0019058 secs] [Times: user=0.01 sys=0.00, real=0.01 secs] 
718.277: [GC (Allocation Failure) [PSYoungGen: 75648K->1376K(75264K)] 429780K->355508K(596480K), 0.0024407 secs] [Times: user=0.01 sys=0.00, real=0.00 secs] 
718.956: [GC (Allocation Failure) [PSYoungGen: 75104K->1392K(74752K)] 429236K->355524K(595968K), 0.0027050 secs] [Times: user=0.01 sys=0.01, real=0.00 secs] 
719.664: [GC (Allocation Failure) [PSYoungGen: 74608K->1360K(74240K)] 428740K->355492K(595456K), 0.0027950 secs] [Times: user=0.01 sys=0.00, real=0.01 secs] 
719.890: [GC (Allocation Failure) [PSYoungGen: 74064K->1533K(73728K)] 428196K->355666K(594944K), 0.0016093 secs] [Times: user=0.01 sys=0.00, real=0.00 secs] 
720.016: [GC (Allocation Failure) [PSYoungGen: 73725K->1485K(73216K)] 427858K->355618K(594432K), 0.0016928 secs] [Times: user=0.01 sys=0.00, real=0.00 secs] 
720.141: [GC (Allocation Failure) [PSYoungGen: 73165K->1453K(73728K)] 427298K->355586K(594944K), 0.0017348 secs] [Times: user=0.01 sys=0.00, real=0.00 secs] 
721.001: [GC (Allocation Failure) [PSYoungGen: 73133K->1408K(72704K)] 427266K->355540K(593920K), 0.0024223 secs] [Times: user=0.01 sys=0.00, real=0.00 secs] 
722.013: [GC (Allocation Failure) [PSYoungGen: 72576K->1376K(72192K)] 426708K->355508K(593408K), 0.0035937 secs] [Times: user=0.01 sys=0.01, real=0.01 secs] 
722.809: [GC (Allocation Failure) [PSYoungGen: 72032K->1392K(71680K)] 426164K->355524K(592896K), 0.0031464 secs] [Times: user=0.01 sys=0.00, real=0.00 secs] 
723.445: [GC (Allocation Failure) [PSYoungGen: 71536K->1376K(71168K)] 425668K->355508K(592384K), 0.0031897 secs] [Times: user=0.01 sys=0.00, real=0.01 secs] 
723.934: [GC (Allocation Failure) [PSYoungGen: 71008K->1504K(70656K)] 425140K->355660K(591872K), 0.0021708 secs] [Times: user=0.01 sys=0.00, real=0.01 secs] 
724.113: [GC (Allocation Failure) [PSYoungGen: 70609K->1469K(70144K)] 424765K->355626K(591360K), 0.0020004 secs] [Times: user=0.01 sys=0.00, real=0.00 secs] 
724.283: [GC (Allocation Failure) [PSYoungGen: 70077K->1469K(69632K)] 424234K->355626K(590848K), 0.0022243 secs] [Times: user=0.01 sys=0.00, real=0.01 secs] 
724.469: [GC (Allocation Failure) [PSYoungGen: 69565K->1456K(70144K)] 423722K->355612K(591360K), 0.0025579 secs] [Times: user=0.01 sys=0.00, real=0.00 secs] 
725.637: [GC (Allocation Failure) [PSYoungGen: 69552K->1408K(69120K)] 423708K->355564K(590336K), 0.0038871 secs] [Times: user=0.02 sys=0.00, real=0.00 secs] 
726.575: [GC (Allocation Failure) [PSYoungGen: 68992K->1376K(68608K)] 423148K->355532K(589824K), 0.0039692 secs] [Times: user=0.01 sys=0.01, real=0.01 secs] 
727.306: [GC (Allocation Failure) [PSYoungGen: 68448K->1328K(68096K)] 422604K->355492K(589312K), 0.0030808 secs] [Times: user=0.01 sys=0.00, real=0.00 secs] 
727.858: [GC (Allocation Failure) [PSYoungGen: 67888K->1408K(67584K)] 422052K->355572K(588800K), 0.0030490 secs] [Times: user=0.01 sys=0.00, real=0.00 secs] 
728.306: [GC (Allocation Failure) [PSYoungGen: 67456K->1456K(67072K)] 421620K->355620K(588288K), 0.0021008 secs] [Times: user=0.01 sys=0.00, real=0.00 secs] 
728.469: [GC (Allocation Failure) [PSYoungGen: 66992K->1488K(66560K)] 421156K->355652K(587776K), 0.0020425 secs] [Times: user=0.01 sys=0.00, real=0.00 secs] 
728.622: [GC (Allocation Failure) [PSYoungGen: 66512K->1501K(66048K)] 420676K->355666K(587264K), 0.0017270 secs] [Times: user=0.00 sys=0.00, real=0.00 secs] 
728.735: [GC (Allocation Failure) [PSYoungGen: 66013K->1485K(66560K)] 420178K->355682K(587776K), 0.0016831 secs] [Times: user=0.01 sys=0.00, real=0.01 secs] 
729.042: [GC (Allocation Failure) [PSYoungGen: 65997K->1408K(66560K)] 420194K->355612K(587776K), 0.0026029 secs] [Times: user=0.01 sys=0.00, real=0.00 secs] 
729.671: [GC (Allocation Failure) [PSYoungGen: 65920K->1408K(65536K)] 420124K->355612K(586752K), 0.0048687 secs] [Times: user=0.01 sys=0.00, real=0.01 secs] 
730.671: [GC (Allocation Failure) [PSYoungGen: 65408K->1440K(65024K)] 419612K->355644K(586240K), 0.0035598 secs] [Times: user=0.01 sys=0.00, real=0.00 secs] 
731.526: [GC (Allocation Failure) [PSYoungGen: 64928K->1408K(64512K)] 419132K->355612K(585728K), 0.0031294 secs] [Times: user=0.01 sys=0.00, real=0.00 secs] 
732.316: [GC (Allocation Failure) [PSYoungGen: 64384K->1437K(64000K)] 418588K->355642K(585216K), 0.0046536 secs] [Times: user=0.01 sys=0.01, real=0.00 secs] 
732.557: [GC (Allocation Failure) [PSYoungGen: 63901K->1469K(63488K)] 418106K->355674K(584704K), 0.0025439 secs] [Times: user=0.01 sys=0.00, real=0.00 secs] 
732.718: [GC (Allocation Failure) [PSYoungGen: 63421K->1453K(62976K)] 417626K->355658K(584192K), 0.0022868 secs] [Times: user=0.01 sys=0.00, real=0.00 secs] 
732.868: [GC (Allocation Failure) [PSYoungGen: 62893K->1488K(68096K)] 417098K->355708K(589312K), 0.0020609 secs] [Times: user=0.01 sys=0.00, real=0.00 secs] 
733.031: [GC (Allocation Failure) [PSYoungGen: 68048K->1453K(68608K)] 422268K->355674K(589824K), 0.0016928 secs] [Times: user=0.00 sys=0.00, real=0.00 secs] 
734.576: [GC (Allocation Failure) [PSYoungGen: 68013K->1424K(67584K)] 422234K->355676K(588800K), 0.0048118 secs] [Times: user=0.02 sys=0.00, real=0.00 secs] 
734.859: [GC (Allocation Failure) [PSYoungGen: 67472K->1360K(67072K)] 421724K->355612K(588288K), 0.0028155 secs] [Times: user=0.01 sys=0.01, real=0.00 secs] 
735.133: [GC (Allocation Failure) [PSYoungGen: 66896K->384K(65536K)] 421148K->355660K(586752K), 0.0023456 secs] [Times: user=0.01 sys=0.00, real=0.01 secs] 
735.403: [GC (Allocation Failure) [PSYoungGen: 65408K->320K(66560K)] 420684K->355604K(587776K), 0.0018204 secs] [Times: user=0.00 sys=0.00, real=0.01 secs] 
735.632: [GC (Allocation Failure) [PSYoungGen: 64832K->1453K(65536K)] 420116K->356738K(586752K), 0.0016527 secs] [Times: user=0.01 sys=0.00, real=0.00 secs] 
735.746: [GC (Allocation Failure) [PSYoungGen: 65453K->1469K(70656K)] 420738K->356754K(591872K), 0.0017414 secs] [Times: user=0.01 sys=0.00, real=0.00 secs] 
735.869: [GC (Allocation Failure) [PSYoungGen: 70589K->1501K(71168K)] 425874K->356802K(592384K), 0.0017548 secs] [Times: user=0.01 sys=0.00, real=0.00 secs] 
735.991: [GC (Allocation Failure) [PSYoungGen: 71133K->1533K(71680K)] 426434K->356842K(592896K), 0.0017486 secs] [Times: user=0.01 sys=0.00, real=0.00 secs] 
737.025: [GC (Allocation Failure) [PSYoungGen: 71165K->1440K(77312K)] 426474K->356756K(598528K), 0.0038946 secs] [Times: user=0.02 sys=0.00, real=0.00 secs] 
738.110: [GC (Allocation Failure) [PSYoungGen: 77216K->1408K(76800K)] 432532K->356724K(598016K), 0.0032425 secs] [Times: user=0.02 sys=0.00, real=0.00 secs] 
738.576: [GC (Allocation Failure) [PSYoungGen: 76672K->1376K(76288K)] 431988K->356692K(597504K), 0.0022652 secs] [Times: user=0.01 sys=0.00, real=0.00 secs] 
738.903: [GC (Allocation Failure) [PSYoungGen: 76128K->1456K(75776K)] 431444K->356772K(596992K), 0.0021308 secs] [Times: user=0.01 sys=0.00, real=0.01 secs] 
739.044: [GC (Allocation Failure) [PSYoungGen: 75696K->1469K(75264K)] 431012K->356786K(596480K), 0.0017358 secs] [Times: user=0.01 sys=0.00, real=0.01 secs] 
739.173: [GC (Allocation Failure) [PSYoungGen: 75197K->1472K(74752K)] 430514K->356788K(595968K), 0.0016742 secs] [Times: user=0.01 sys=0.00, real=0.00 secs] 
739.301: [GC (Allocation Failure) [PSYoungGen: 74688K->1549K(75264K)] 430004K->356866K(596480K), 0.0016697 secs] [Times: user=0.00 sys=0.00, real=0.00 secs] 
739.795: [GC (Allocation Failure) [PSYoungGen: 74765K->1440K(74240K)] 430082K->356764K(595456K), 0.0021021 secs] [Times: user=0.01 sys=0.00, real=0.00 secs] 
740.394: [GC (Allocation Failure) [PSYoungGen: 74144K->1408K(73728K)] 429468K->356732K(594944K), 0.0023182 secs] [Times: user=0.01 sys=0.00, real=0.01 secs] 
741.163: [GC (Allocation Failure) [PSYoungGen: 73600K->1392K(73216K)] 428924K->356716K(594432K), 0.0023648 secs] [Times: user=0.00 sys=0.01, real=0.01 secs] 
741.852: [GC (Allocation Failure) [PSYoungGen: 73072K->1344K(72704K)] 428396K->356668K(593920K), 0.0025013 secs] [Times: user=0.01 sys=0.00, real=0.00 secs] 
742.170: [GC (Allocation Failure) [PSYoungGen: 72512K->1469K(72192K)] 427836K->356794K(593408K), 0.0017927 secs] [Times: user=0.01 sys=0.00, real=0.00 secs] 
742.294: [GC (Allocation Failure) [PSYoungGen: 72125K->1501K(71680K)] 427450K->356826K(592896K), 0.0016292 secs] [Times: user=0.00 sys=0.00, real=0.01 secs] 
742.416: [GC (Allocation Failure) [PSYoungGen: 71645K->1485K(71168K)] 426970K->356810K(592384K), 0.0016686 secs] [Times: user=0.01 sys=0.00, real=0.00 secs] 
742.538: [GC (Allocation Failure) [PSYoungGen: 71117K->1565K(71680K)] 426442K->356890K(592896K), 0.0015969 secs] [Times: user=0.01 sys=0.00, real=0.00 secs] 
743.310: [GC (Allocation Failure) [PSYoungGen: 71197K->1424K(70656K)] 426522K->356756K(591872K), 0.0022770 secs] [Times: user=0.01 sys=0.01, real=0.00 secs] 
743.920: [GC (Allocation Failure) [PSYoungGen: 70544K->1408K(70144K)] 425876K->356772K(591360K), 0.0024677 secs] [Times: user=0.01 sys=0.00, real=0.00 secs] 
744.284: [GC (Allocation Failure) [PSYoungGen: 70016K->1376K(69632K)] 425380K->356740K(590848K), 0.0022383 secs] [Times: user=0.01 sys=0.00, real=0.01 secs] 
744.567: [GC (Allocation Failure) [PSYoungGen: 69472K->1344K(69120K)] 424836K->356708K(590336K), 0.0020855 secs] [Times: user=0.01 sys=0.00, real=0.00 secs] 
744.746: [GC (Allocation Failure) [PSYoungGen: 68928K->1501K(68608K)] 424292K->356866K(589824K), 0.0016768 secs] [Times: user=0.00 sys=0.00, real=0.00 secs] 
744.865: [GC (Allocation Failure) [PSYoungGen: 68573K->1533K(68096K)] 423938K->356898K(589312K), 0.0018968 secs] [Times: user=0.01 sys=0.00, real=0.01 secs] 
744.998: [GC (Allocation Failure) [PSYoungGen: 68093K->1488K(68608K)] 423458K->356852K(589824K), 0.0019966 secs] [Times: user=0.01 sys=0.00, real=0.00 secs] 
745.152: [GC (Allocation Failure) [PSYoungGen: 68048K->1501K(74752K)] 423412K->356890K(595968K), 0.0021728 secs] [Times: user=0.01 sys=0.00, real=0.00 secs] 
746.078: [GC (Allocation Failure) [PSYoungGen: 74205K->1408K(73728K)] 429594K->356796K(594944K), 0.0025542 secs] [Times: user=0.01 sys=0.00, real=0.00 secs] 
746.870: [GC (Allocation Failure) [PSYoungGen: 73600K->1408K(73216K)] 428988K->356796K(594432K), 0.0031153 secs] [Times: user=0.01 sys=0.00, real=0.00 secs] 
747.768: [GC (Allocation Failure) [PSYoungGen: 73088K->1424K(72704K)] 428476K->356812K(593920K), 0.0032443 secs] [Times: user=0.01 sys=0.00, real=0.00 secs] 
748.468: [GC (Allocation Failure) [PSYoungGen: 72592K->1440K(72192K)] 427980K->356828K(593408K), 0.0026089 secs] [Times: user=0.01 sys=0.00, real=0.00 secs] 
748.637: [GC (Allocation Failure) [PSYoungGen: 72096K->1453K(71680K)] 427484K->356842K(592896K), 0.0016382 secs] [Times: user=0.00 sys=0.00, real=0.00 secs] 
748.778: [GC (Allocation Failure) [PSYoungGen: 71597K->1472K(71168K)] 426986K->356860K(592384K), 0.0020502 secs] [Times: user=0.01 sys=0.00, real=0.00 secs] 
748.935: [GC (Allocation Failure) [PSYoungGen: 71104K->1536K(71680K)] 426492K->356924K(592896K), 0.0021801 secs] [Times: user=0.01 sys=0.00, real=0.01 secs] 
749.620: [GC (Allocation Failure) [PSYoungGen: 71168K->1440K(70656K)] 426556K->356828K(591872K), 0.0037118 secs] [Times: user=0.01 sys=0.00, real=0.00 secs] 
750.183: [GC (Allocation Failure) [PSYoungGen: 70560K->1376K(70144K)] 425948K->356764K(591360K), 0.0038794 secs] [Times: user=0.02 sys=0.00, real=0.01 secs] 
750.768: [GC (Allocation Failure) [PSYoungGen: 69984K->1344K(69632K)] 425372K->356732K(590848K), 0.0029941 secs] [Times: user=0.01 sys=0.00, real=0.00 secs] 
751.303: [GC (Allocation Failure) [PSYoungGen: 69440K->1408K(69120K)] 424828K->356796K(590336K), 0.0031642 secs] [Times: user=0.02 sys=0.00, real=0.01 secs] 
751.929: [GC (Allocation Failure) [PSYoungGen: 68967K->1504K(68608K)] 424356K->356892K(589824K), 0.0022492 secs] [Times: user=0.01 sys=0.00, real=0.00 secs] 
752.076: [GC (Allocation Failure) [PSYoungGen: 68576K->1485K(68096K)] 423964K->356874K(589312K), 0.0017608 secs] [Times: user=0.01 sys=0.00, real=0.00 secs] 
752.192: [GC (Allocation Failure) [PSYoungGen: 68045K->1485K(67584K)] 423434K->356874K(588800K), 0.0017077 secs] [Times: user=0.01 sys=0.00, real=0.00 secs] 
752.325: [GC (Allocation Failure) [PSYoungGen: 67533K->1504K(74240K)] 422922K->356892K(595456K), 0.0020478 secs] [Times: user=0.01 sys=0.00, real=0.01 secs] 
752.679: [GC (Allocation Failure) [PSYoungGen: 73696K->1392K(74240K)] 429084K->356780K(595456K), 0.0024816 secs] [Times: user=0.00 sys=0.00, real=0.00 secs] 
752.980: [GC (Allocation Failure) [PSYoungGen: 73584K->1376K(73216K)] 428972K->356764K(594432K), 0.0023227 secs] [Times: user=0.01 sys=0.00, real=0.00 secs] 
753.540: [GC (Allocation Failure) [PSYoungGen: 73056K->1392K(72704K)] 428444K->356788K(593920K), 0.0025012 secs] [Times: user=0.01 sys=0.00, real=0.00 secs] 
753.736: [GC (Allocation Failure) [PSYoungGen: 72560K->1456K(72192K)] 427956K->356852K(593408K), 0.0019245 secs] [Times: user=0.01 sys=0.00, real=0.00 secs] 
753.821: [GC (Allocation Failure) [PSYoungGen: 72112K->1485K(72704K)] 427508K->356882K(593920K), 0.0016475 secs] [Times: user=0.00 sys=0.00, real=0.00 secs] 
753.905: [GC (Allocation Failure) [PSYoungGen: 72141K->1485K(72704K)] 427538K->356882K(593920K), 0.0017292 secs] [Times: user=0.01 sys=0.00, real=0.01 secs] 
754.145: [GC (Allocation Failure) [PSYoungGen: 72141K->1440K(78848K)] 427538K->356836K(600064K), 0.0019255 secs] [Times: user=0.01 sys=0.00, real=0.00 secs] 
755.022: [GC (Allocation Failure) [PSYoungGen: 78752K->1328K(79360K)] 434148K->356748K(600576K), 0.0046603 secs] [Times: user=0.02 sys=0.00, real=0.01 secs] 
755.940: [GC (Allocation Failure) [PSYoungGen: 78640K->1360K(78336K)] 434060K->356780K(599552K), 0.0046041 secs] [Times: user=0.02 sys=0.00, real=0.00 secs] 
756.581: [GC (Allocation Failure) [PSYoungGen: 78160K->1392K(77824K)] 433580K->356812K(599040K), 0.0031525 secs] [Times: user=0.01 sys=0.00, real=0.00 secs] 
756.933: [GC (Allocation Failure) [PSYoungGen: 77680K->1504K(77312K)] 433100K->356924K(598528K), 0.0022735 secs] [Times: user=0.01 sys=0.00, real=0.00 secs] 
757.068: [GC (Allocation Failure) [PSYoungGen: 77280K->1517K(76800K)] 432700K->356938K(598016K), 0.0018206 secs] [Times: user=0.01 sys=0.00, real=0.00 secs] 
757.199: [GC (Allocation Failure) [PSYoungGen: 76781K->1501K(83456K)] 432202K->356922K(604672K), 0.0017458 secs] [Times: user=0.01 sys=0.00, real=0.00 secs] 
757.396: [GC (Allocation Failure) [PSYoungGen: 83421K->1472K(83968K)] 438842K->356892K(605184K), 0.0019313 secs] [Times: user=0.01 sys=0.00, real=0.00 secs] 
757.832: [GC (Allocation Failure) [PSYoungGen: 83392K->1376K(82944K)] 438812K->356796K(604160K), 0.0021497 secs] [Times: user=0.01 sys=0.00, real=0.00 secs] 
758.526: [GC (Allocation Failure) [PSYoungGen: 82784K->1408K(82432K)] 438204K->356836K(603648K), 0.0025429 secs] [Times: user=0.01 sys=0.00, real=0.00 secs] 
759.215: [GC (Allocation Failure) [PSYoungGen: 82304K->1344K(81920K)] 437732K->356772K(603136K), 0.0045300 secs] [Times: user=0.02 sys=0.00, real=0.01 secs] 
760.286: [GC (Allocation Failure) [PSYoungGen: 81728K->1469K(81408K)] 437156K->356898K(602624K), 0.0023878 secs] [Times: user=0.01 sys=0.00, real=0.00 secs] 
760.441: [GC (Allocation Failure) [PSYoungGen: 81341K->1456K(80896K)] 436770K->356884K(602112K), 0.0017836 secs] [Times: user=0.01 sys=0.00, real=0.00 secs] 
760.581: [GC (Allocation Failure) [PSYoungGen: 80816K->1517K(80384K)] 436244K->356946K(601600K), 0.0018275 secs] [Times: user=0.00 sys=0.01, real=0.00 secs] 
761.775: [GC (Allocation Failure) [PSYoungGen: 80365K->1408K(79872K)] 435794K->356836K(601088K), 0.0031665 secs] [Times: user=0.01 sys=0.00, real=0.01 secs] 
762.946: [GC (Allocation Failure) [PSYoungGen: 79744K->1408K(79360K)] 435172K->356836K(600576K), 0.0032393 secs] [Times: user=0.01 sys=0.00, real=0.00 secs] 
763.765: [GC (Allocation Failure) [PSYoungGen: 79232K->1376K(78848K)] 434660K->356804K(600064K), 0.0026320 secs] [Times: user=0.01 sys=0.00, real=0.01 secs] 
764.737: [GC (Allocation Failure) [PSYoungGen: 78688K->1376K(78336K)] 434116K->356804K(599552K), 0.0031509 secs] [Times: user=0.02 sys=0.01, real=0.00 secs] 
764.994: [GC (Allocation Failure) [PSYoungGen: 78176K->1453K(77824K)] 433604K->356882K(599040K), 0.0015752 secs] [Times: user=0.01 sys=0.00, real=0.01 secs] 
765.127: [GC (Allocation Failure) [PSYoungGen: 77741K->1501K(77312K)] 433170K->356930K(598528K), 0.0017743 secs] [Times: user=0.01 sys=0.00, real=0.00 secs] 
765.281: [GC (Allocation Failure) [PSYoungGen: 77277K->1456K(76800K)] 432706K->356884K(598016K), 0.0019617 secs] [Times: user=0.01 sys=0.00, real=0.00 secs] 
766.408: [GC (Allocation Failure) [PSYoungGen: 76720K->1424K(76288K)] 432148K->356868K(597504K), 0.0049546 secs] [Times: user=0.02 sys=0.00, real=0.00 secs] 
768.011: [GC (Allocation Failure) [PSYoungGen: 76176K->1408K(75776K)] 431620K->356852K(596992K), 0.0044434 secs] [Times: user=0.02 sys=0.00, real=0.01 secs] 
768.721: [GC (Allocation Failure) [PSYoungGen: 75648K->1376K(75264K)] 431092K->356820K(596480K), 0.0032995 secs] [Times: user=0.02 sys=0.00, real=0.00 secs] 
769.489: [GC (Allocation Failure) [PSYoungGen: 75104K->1376K(74752K)] 430548K->356820K(595968K), 0.0049866 secs] [Times: user=0.03 sys=0.00, real=0.00 secs] 
769.980: [GC (Allocation Failure) [PSYoungGen: 74592K->1456K(74240K)] 430036K->356900K(595456K), 0.0023838 secs] [Times: user=0.01 sys=0.01, real=0.00 secs] 
770.132: [GC (Allocation Failure) [PSYoungGen: 74160K->1485K(73728K)] 429604K->356930K(594944K), 0.0017691 secs] [Times: user=0.01 sys=0.00, real=0.00 secs] 
770.259: [GC (Allocation Failure) [PSYoungGen: 73677K->1517K(73216K)] 429122K->356962K(594432K), 0.0018160 secs] [Times: user=0.00 sys=0.00, real=0.00 secs] 
770.406: [GC (Allocation Failure) [PSYoungGen: 73197K->960K(79360K)] 428642K->357428K(600576K), 0.0017928 secs] [Times: user=0.01 sys=0.00, real=0.00 secs] 
770.793: [GC (Allocation Failure) [PSYoungGen: 78784K->400K(77824K)] 435252K->356868K(599040K), 0.0017085 secs] [Times: user=0.01 sys=0.00, real=0.00 secs] 
771.114: [GC (Allocation Failure) [PSYoungGen: 77712K->352K(78336K)] 434180K->356820K(599552K), 0.0017421 secs] [Times: user=0.01 sys=0.00, real=0.01 secs] 
771.453: [GC (Allocation Failure) [PSYoungGen: 77152K->384K(76800K)] 433620K->356852K(598016K), 0.0020789 secs] [Times: user=0.00 sys=0.00, real=0.01 secs] 
771.823: [GC (Allocation Failure) [PSYoungGen: 76672K->1504K(77312K)] 433140K->357972K(598528K), 0.0021922 secs] [Times: user=0.01 sys=0.00, real=0.01 secs] 
771.979: [GC (Allocation Failure) [PSYoungGen: 77280K->1533K(77312K)] 433748K->358002K(598528K), 0.0016236 secs] [Times: user=0.01 sys=0.00, real=0.00 secs] 
772.109: [GC (Allocation Failure) [PSYoungGen: 76797K->1469K(76800K)] 433266K->357938K(598016K), 0.0016256 secs] [Times: user=0.01 sys=0.00, real=0.00 secs] 
772.420: [GC (Allocation Failure) [PSYoungGen: 76221K->1952K(76288K)] 432690K->358420K(597504K), 0.0025358 secs] [Times: user=0.01 sys=0.00, real=0.00 secs] 
773.401: [GC (Allocation Failure) [PSYoungGen: 76192K->1376K(75776K)] 432660K->357844K(596992K), 0.0037086 secs] [Times: user=0.02 sys=0.00, real=0.00 secs] 
773.941: [GC (Allocation Failure) [PSYoungGen: 75104K->1312K(74752K)] 431572K->357788K(595968K), 0.0024617 secs] [Times: user=0.01 sys=0.00, real=0.00 secs] 
774.516: [GC (Allocation Failure) [PSYoungGen: 74528K->1376K(74752K)] 431004K->357852K(595968K), 0.0027247 secs] [Times: user=0.01 sys=0.00, real=0.00 secs] 
775.030: [GC (Allocation Failure) [PSYoungGen: 74080K->1472K(73728K)] 430556K->357948K(594944K), 0.0028603 secs] [Times: user=0.01 sys=0.00, real=0.00 secs] 
775.211: [GC (Allocation Failure) [PSYoungGen: 73664K->1469K(73216K)] 430140K->357946K(594432K), 0.0017905 secs] [Times: user=0.01 sys=0.00, real=0.00 secs] 
775.338: [GC (Allocation Failure) [PSYoungGen: 73149K->1501K(72704K)] 429626K->357978K(593920K), 0.0018234 secs] [Times: user=0.00 sys=0.00, real=0.00 secs] 
775.464: [GC (Allocation Failure) [PSYoungGen: 72669K->1469K(73216K)] 429146K->357946K(594432K), 0.0016570 secs] [Times: user=0.00 sys=0.00, real=0.01 secs] 
776.334: [GC (Allocation Failure) [PSYoungGen: 73149K->1456K(72704K)] 429626K->357932K(593920K), 0.0025085 secs] [Times: user=0.01 sys=0.00, real=0.01 secs] 
777.241: [GC (Allocation Failure) [PSYoungGen: 72624K->1376K(72192K)] 429100K->357852K(593408K), 0.0030801 secs] [Times: user=0.02 sys=0.00, real=0.00 secs] 
778.311: [GC (Allocation Failure) [PSYoungGen: 72032K->1408K(71680K)] 428508K->357884K(592896K), 0.0034885 secs] [Times: user=0.02 sys=0.00, real=0.00 secs] 
779.295: [GC (Allocation Failure) [PSYoungGen: 71552K->1408K(71168K)] 428028K->357884K(592384K), 0.0034643 secs] [Times: user=0.01 sys=0.00, real=0.00 secs] 
779.749: [GC (Allocation Failure) [PSYoungGen: 71040K->1472K(70656K)] 427516K->357948K(591872K), 0.0022691 secs] [Times: user=0.01 sys=0.00, real=0.00 secs] 
779.929: [GC (Allocation Failure) [PSYoungGen: 70592K->1501K(70144K)] 427068K->357978K(591360K), 0.0023911 secs] [Times: user=0.01 sys=0.00, real=0.00 secs] 
780.089: [GC (Allocation Failure) [PSYoungGen: 70082K->1485K(69632K)] 426559K->357962K(590848K), 0.0016908 secs] [Times: user=0.01 sys=0.00, real=0.00 secs] 
780.208: [GC (Allocation Failure) [PSYoungGen: 69581K->1501K(70144K)] 426058K->357986K(591360K), 0.0018508 secs] [Times: user=0.01 sys=0.00, real=0.00 secs] 
781.115: [GC (Allocation Failure) [PSYoungGen: 69597K->1440K(69120K)] 426082K->357924K(590336K), 0.0028630 secs] [Times: user=0.01 sys=0.00, real=0.01 secs] 
781.677: [GC (Allocation Failure) [PSYoungGen: 69024K->1376K(68608K)] 425508K->357860K(589824K), 0.0031072 secs] [Times: user=0.01 sys=0.01, real=0.00 secs] 
782.238: [GC (Allocation Failure) [PSYoungGen: 68448K->1408K(68096K)] 424932K->357892K(589312K), 0.0030487 secs] [Times: user=0.01 sys=0.00, real=0.00 secs] 
782.831: [GC (Allocation Failure) [PSYoungGen: 67968K->1408K(67584K)] 424452K->357892K(588800K), 0.0022991 secs] [Times: user=0.00 sys=0.00, real=0.00 secs] 
783.100: [GC (Allocation Failure) [PSYoungGen: 67456K->1501K(67072K)] 423940K->357986K(588288K), 0.0017213 secs] [Times: user=0.00 sys=0.00, real=0.00 secs] 
783.215: [GC (Allocation Failure) [PSYoungGen: 67037K->1485K(66560K)] 423522K->357970K(587776K), 0.0016562 secs] [Times: user=0.01 sys=0.00, real=0.00 secs] 
783.329: [GC (Allocation Failure) [PSYoungGen: 66509K->1501K(67072K)] 422994K->357986K(588288K), 0.0017886 secs] [Times: user=0.00 sys=0.00, real=0.00 secs] 
783.442: [GC (Allocation Failure) [PSYoungGen: 66525K->1501K(72704K)] 423010K->358002K(593920K), 0.0019467 secs] [Times: user=0.01 sys=0.00, real=0.00 secs] 
784.084: [GC (Allocation Failure) [PSYoungGen: 72157K->1408K(72704K)] 428658K->357932K(593920K), 0.0020336 secs] [Times: user=0.01 sys=0.00, real=0.01 secs] 
784.842: [GC (Allocation Failure) [PSYoungGen: 72064K->1376K(71680K)] 428588K->357900K(592896K), 0.0025278 secs] [Times: user=0.01 sys=0.00, real=0.00 secs] 
785.605: [GC (Allocation Failure) [PSYoungGen: 71520K->1360K(71168K)] 428044K->357884K(592384K), 0.0030868 secs] [Times: user=0.01 sys=0.00, real=0.01 secs] 
786.237: [GC (Allocation Failure) [PSYoungGen: 70992K->1408K(70656K)] 427516K->357932K(591872K), 0.0028814 secs] [Times: user=0.02 sys=0.00, real=0.00 secs] 
786.557: [GC (Allocation Failure) [PSYoungGen: 70528K->1501K(70144K)] 427052K->358026K(591360K), 0.0023138 secs] [Times: user=0.01 sys=0.00, real=0.00 secs] 
786.682: [GC (Allocation Failure) [PSYoungGen: 70084K->1437K(69632K)] 426609K->357962K(590848K), 0.0016101 secs] [Times: user=0.01 sys=0.00, real=0.00 secs] 
786.801: [GC (Allocation Failure) [PSYoungGen: 69533K->1485K(75264K)] 426058K->358010K(596480K), 0.0017722 secs] [Times: user=0.01 sys=0.00, real=0.00 secs] 
786.973: [GC (Allocation Failure) [PSYoungGen: 75213K->1584K(75776K)] 431738K->358108K(596992K), 0.0018794 secs] [Times: user=0.00 sys=0.00, real=0.01 secs] 
787.284: [GC (Allocation Failure) [PSYoungGen: 75312K->1376K(74752K)] 431836K->357900K(595968K), 0.0019780 secs] [Times: user=0.01 sys=0.00, real=0.01 secs] 
787.588: [GC (Allocation Failure) [PSYoungGen: 74592K->1376K(74240K)] 431116K->357900K(595456K), 0.0019452 secs] [Times: user=0.01 sys=0.00, real=0.00 secs] 
787.891: [GC (Allocation Failure) [PSYoungGen: 74080K->1376K(73728K)] 430604K->357900K(594944K), 0.0026706 secs] [Times: user=0.01 sys=0.00, real=0.00 secs] 
788.376: [GC (Allocation Failure) [PSYoungGen: 73568K->1472K(73216K)] 430092K->357996K(594432K), 0.0030480 secs] [Times: user=0.02 sys=0.00, real=0.00 secs] 
788.562: [GC (Allocation Failure) [PSYoungGen: 73152K->1469K(72704K)] 429676K->357994K(593920K), 0.0017564 secs] [Times: user=0.01 sys=0.00, real=0.00 secs] 
788.686: [GC (Allocation Failure) [PSYoungGen: 72637K->1520K(73216K)] 429162K->358044K(594432K), 0.0017410 secs] [Times: user=0.00 sys=0.00, real=0.00 secs] 
788.811: [GC (Allocation Failure) [PSYoungGen: 72688K->1533K(73216K)] 429212K->358058K(594432K), 0.0017123 secs] [Times: user=0.01 sys=0.00, real=0.00 secs] 
789.631: [GC (Allocation Failure) [PSYoungGen: 72701K->1408K(72192K)] 429226K->357932K(593408K), 0.0026688 secs] [Times: user=0.00 sys=0.00, real=0.00 secs] 
790.194: [GC (Allocation Failure) [PSYoungGen: 72064K->1408K(71680K)] 428588K->357932K(592896K), 0.0040829 secs] [Times: user=0.02 sys=0.00, real=0.01 secs] 
790.900: [GC (Allocation Failure) [PSYoungGen: 71552K->1360K(71168K)] 428076K->357884K(592384K), 0.0037229 secs] [Times: user=0.02 sys=0.00, real=0.00 secs] 
791.609: [GC (Allocation Failure) [PSYoungGen: 70992K->1360K(70656K)] 427516K->357884K(591872K), 0.0038695 secs] [Times: user=0.01 sys=0.00, real=0.00 secs] 
792.083: [GC (Allocation Failure) [PSYoungGen: 70480K->1504K(70144K)] 427004K->358028K(591360K), 0.0020906 secs] [Times: user=0.01 sys=0.00, real=0.01 secs] 
792.226: [GC (Allocation Failure) [PSYoungGen: 70112K->1517K(69632K)] 426636K->358042K(590848K), 0.0018508 secs] [Times: user=0.01 sys=0.00, real=0.00 secs] 
792.345: [GC (Allocation Failure) [PSYoungGen: 69613K->1469K(69120K)] 426138K->357994K(590336K), 0.0016399 secs] [Times: user=0.00 sys=0.00, real=0.01 secs] 
792.464: [GC (Allocation Failure) [PSYoungGen: 69053K->1501K(75776K)] 425578K->358042K(596992K), 0.0016397 secs] [Times: user=0.00 sys=0.00, real=0.01 secs] 
792.788: [GC (Allocation Failure) [PSYoungGen: 75229K->1440K(74752K)] 431770K->358004K(595968K), 0.0021583 secs] [Times: user=0.01 sys=0.00, real=0.00 secs] 
793.121: [GC (Allocation Failure) [PSYoungGen: 74656K->1408K(74240K)] 431220K->357972K(595456K), 0.0021854 secs] [Times: user=0.01 sys=0.00, real=0.00 secs] 
793.424: [GC (Allocation Failure) [PSYoungGen: 74112K->1408K(73728K)] 430676K->357972K(594944K), 0.0021994 secs] [Times: user=0.01 sys=0.00, real=0.01 secs] 
793.724: [GC (Allocation Failure) [PSYoungGen: 73600K->1376K(73216K)] 430164K->357940K(594432K), 0.0021572 secs] [Times: user=0.01 sys=0.00, real=0.01 secs] 
793.957: [GC (Allocation Failure) [PSYoungGen: 73056K->1501K(72704K)] 429620K->358066K(593920K), 0.0016697 secs] [Times: user=0.01 sys=0.00, real=0.00 secs] 
794.081: [GC (Allocation Failure) [PSYoungGen: 72669K->1501K(72192K)] 429234K->358066K(593408K), 0.0017257 secs] [Times: user=0.01 sys=0.00, real=0.00 secs] 
794.205: [GC (Allocation Failure) [PSYoungGen: 72157K->1501K(72704K)] 428722K->358066K(593920K), 0.0017204 secs] [Times: user=0.00 sys=0.00, real=0.01 secs] 
794.880: [GC (Allocation Failure) [PSYoungGen: 72157K->1472K(71680K)] 428722K->358036K(592896K), 0.0033642 secs] [Times: user=0.02 sys=0.00, real=0.00 secs] 
795.474: [GC (Allocation Failure) [PSYoungGen: 71616K->1376K(71168K)] 428180K->357940K(592384K), 0.0033244 secs] [Times: user=0.02 sys=0.00, real=0.01 secs] 
796.130: [GC (Allocation Failure) [PSYoungGen: 71008K->1376K(70656K)] 427572K->357940K(591872K), 0.0035945 secs] [Times: user=0.01 sys=0.00, real=0.00 secs] 
796.752: [GC (Allocation Failure) [PSYoungGen: 70496K->1408K(70144K)] 427060K->357972K(591360K), 0.0028115 secs] [Times: user=0.01 sys=0.00, real=0.00 secs] 
797.141: [GC (Allocation Failure) [PSYoungGen: 70016K->1469K(69632K)] 426580K->358034K(590848K), 0.0019649 secs] [Times: user=0.00 sys=0.00, real=0.00 secs] 
797.275: [GC (Allocation Failure) [PSYoungGen: 69565K->1549K(69632K)] 426130K->358114K(590848K), 0.0017176 secs] [Times: user=0.01 sys=0.00, real=0.01 secs] 
797.393: [GC (Allocation Failure) [PSYoungGen: 69133K->1533K(68608K)] 425698K->358098K(589824K), 0.0017348 secs] [Times: user=0.01 sys=0.00, real=0.00 secs] 
797.510: [GC (Allocation Failure) [PSYoungGen: 68583K->1501K(69120K)] 425147K->358066K(590336K), 0.0016949 secs] [Times: user=0.01 sys=0.00, real=0.00 secs] 
797.974: [GC (Allocation Failure) [PSYoungGen: 69085K->1472K(68608K)] 425650K->358036K(589824K), 0.0022496 secs] [Times: user=0.01 sys=0.00, real=0.01 secs] 
798.790: [GC (Allocation Failure) [PSYoungGen: 68544K->1376K(68096K)] 425108K->357940K(589312K), 0.0021984 secs] [Times: user=0.01 sys=0.00, real=0.00 secs] 
799.616: [GC (Allocation Failure) [PSYoungGen: 67936K->1344K(67584K)] 424500K->357908K(588800K), 0.0025289 secs] [Times: user=0.01 sys=0.00, real=0.00 secs] 
800.194: [GC (Allocation Failure) [PSYoungGen: 67392K->1392K(67072K)] 423956K->357956K(588288K), 0.0024739 secs] [Times: user=0.01 sys=0.00, real=0.01 secs] 
800.721: [GC (Allocation Failure) [PSYoungGen: 66928K->1504K(66560K)] 423492K->358068K(587776K), 0.0022620 secs] [Times: user=0.01 sys=0.00, real=0.00 secs] 
800.839: [GC (Allocation Failure) [PSYoungGen: 66528K->1453K(66048K)] 423092K->358018K(587264K), 0.0017079 secs] [Times: user=0.01 sys=0.00, real=0.00 secs] 
800.969: [GC (Allocation Failure) [PSYoungGen: 65965K->1472K(65536K)] 422530K->358036K(586752K), 0.0020002 secs] [Times: user=0.01 sys=0.00, real=0.00 secs] 
801.113: [GC (Allocation Failure) [PSYoungGen: 65472K->1504K(66048K)] 422036K->358084K(587264K), 0.0021615 secs] [Times: user=0.01 sys=0.00, real=0.00 secs] 
802.008: [GC (Allocation Failure) [PSYoungGen: 65504K->1440K(65024K)] 422084K->358020K(586240K), 0.0053857 secs] [Times: user=0.02 sys=0.00, real=0.00 secs] 
803.382: [GC (Allocation Failure) [PSYoungGen: 64928K->1376K(64512K)] 421508K->357956K(585728K), 0.0044907 secs] [Times: user=0.02 sys=0.00, real=0.01 secs] 
803.961: [GC (Allocation Failure) [PSYoungGen: 64352K->1440K(64000K)] 420932K->358020K(585216K), 0.0036669 secs] [Times: user=0.01 sys=0.00, real=0.00 secs] 
804.584: [GC (Allocation Failure) [PSYoungGen: 63904K->1376K(63488K)] 420484K->357956K(584704K), 0.0033499 secs] [Times: user=0.01 sys=0.00, real=0.01 secs] 
805.233: [GC (Allocation Failure) [PSYoungGen: 63328K->1392K(62976K)] 419908K->357988K(584192K), 0.0037526 secs] [Times: user=0.01 sys=0.00, real=0.01 secs] 
805.560: [GC (Allocation Failure) [PSYoungGen: 62832K->1488K(62464K)] 419428K->358084K(583680K), 0.0021424 secs] [Times: user=0.01 sys=0.00, real=0.00 secs] 
805.683: [GC (Allocation Failure) [PSYoungGen: 62416K->1469K(61952K)] 419012K->358066K(583168K), 0.0016775 secs] [Times: user=0.01 sys=0.00, real=0.00 secs] 
805.789: [GC (Allocation Failure) [PSYoungGen: 61885K->1453K(62464K)] 418482K->358058K(583680K), 0.0016429 secs] [Times: user=0.01 sys=0.00, real=0.00 secs] 
805.894: [GC (Allocation Failure) [PSYoungGen: 61869K->1501K(62464K)] 418474K->358106K(583680K), 0.0016333 secs] [Times: user=0.00 sys=0.00, real=0.01 secs] 
806.175: [GC (Allocation Failure) [PSYoungGen: 61917K->1408K(67072K)] 418522K->358020K(588288K), 0.0022339 secs] [Times: user=0.01 sys=0.01, real=0.01 secs] 
806.541: [GC (Allocation Failure) [PSYoungGen: 66944K->1376K(66560K)] 423556K->357988K(587776K), 0.0023001 secs] [Times: user=0.01 sys=0.00, real=0.00 secs] 
806.854: [GC (Allocation Failure) [PSYoungGen: 66400K->1344K(66048K)] 423012K->357956K(587264K), 0.0022479 secs] [Times: user=0.00 sys=0.00, real=0.01 secs] 
807.167: [GC (Allocation Failure) [PSYoungGen: 65856K->1376K(65536K)] 422468K->357988K(586752K), 0.0023393 secs] [Times: user=0.01 sys=0.00, real=0.00 secs] 
807.457: [GC (Allocation Failure) [PSYoungGen: 65376K->1472K(65024K)] 421988K->358084K(586240K), 0.0023979 secs] [Times: user=0.01 sys=0.00, real=0.00 secs] 
807.586: [GC (Allocation Failure) [PSYoungGen: 64960K->1504K(64512K)] 421572K->358116K(585728K), 0.0016848 secs] [Times: user=0.01 sys=0.00, real=0.00 secs] 
807.696: [GC (Allocation Failure) [PSYoungGen: 64480K->1501K(65024K)] 421092K->358130K(586240K), 0.0016622 secs] [Times: user=0.01 sys=0.00, real=0.00 secs] 
807.806: [GC (Allocation Failure) [PSYoungGen: 64477K->1485K(65024K)] 421106K->358114K(586240K), 0.0016951 secs] [Times: user=0.01 sys=0.00, real=0.00 secs] 
807.916: [GC (Allocation Failure) [PSYoungGen: 64461K->1485K(71168K)] 421090K->358114K(592384K), 0.0019859 secs] [Times: user=0.00 sys=0.00, real=0.00 secs] 
809.014: [GC (Allocation Failure) [PSYoungGen: 70605K->1408K(71168K)] 427234K->358036K(592384K), 0.0026712 secs] [Times: user=0.01 sys=0.00, real=0.01 secs] 
809.605: [GC (Allocation Failure) [PSYoungGen: 70528K->1392K(70144K)] 427156K->358020K(591360K), 0.0031333 secs] [Times: user=0.01 sys=0.00, real=0.01 secs] 
810.196: [GC (Allocation Failure) [PSYoungGen: 70000K->1440K(69632K)] 426628K->358068K(590848K), 0.0040866 secs] [Times: user=0.01 sys=0.00, real=0.00 secs] 
810.783: [GC (Allocation Failure) [PSYoungGen: 69536K->1408K(69120K)] 426164K->358036K(590336K), 0.0025108 secs] [Times: user=0.01 sys=0.00, real=0.01 secs] 
811.008: [GC (Allocation Failure) [PSYoungGen: 68992K->1517K(68608K)] 425620K->358146K(589824K), 0.0017400 secs] [Times: user=0.01 sys=0.00, real=0.00 secs] 
811.127: [GC (Allocation Failure) [PSYoungGen: 68589K->1501K(68096K)] 425218K->358130K(589312K), 0.0017080 secs] [Times: user=0.01 sys=0.00, real=0.00 secs] 
811.243: [GC (Allocation Failure) [PSYoungGen: 68061K->1453K(73728K)] 424690K->358106K(594944K), 0.0016345 secs] [Times: user=0.01 sys=0.00, real=0.00 secs] 
811.413: [GC (Allocation Failure) [PSYoungGen: 73645K->1936K(74240K)] 430298K->359108K(595456K), 0.0027138 secs] [Times: user=0.01 sys=0.00, real=0.01 secs] 
811.882: [GC (Allocation Failure) [PSYoungGen: 74128K->1424K(74240K)] 431300K->358596K(595456K), 0.0022163 secs] [Times: user=0.00 sys=0.00, real=0.00 secs] 
812.547: [GC (Allocation Failure) [PSYoungGen: 73616K->1376K(73216K)] 430788K->358548K(594432K), 0.0032276 secs] [Times: user=0.01 sys=0.00, real=0.00 secs] 
813.278: [GC (Allocation Failure) [PSYoungGen: 73056K->1440K(72704K)] 430228K->358644K(593920K), 0.0027997 secs] [Times: user=0.01 sys=0.00, real=0.00 secs] 
813.981: [GC (Allocation Failure) [PSYoungGen: 72608K->1504K(72192K)] 429812K->358708K(593408K), 0.0024428 secs] [Times: user=0.01 sys=0.00, real=0.00 secs] 
814.144: [GC (Allocation Failure) [PSYoungGen: 72160K->1453K(71680K)] 429364K->358658K(592896K), 0.0017173 secs] [Times: user=0.01 sys=0.00, real=0.01 secs] 
814.267: [GC (Allocation Failure) [PSYoungGen: 71597K->1437K(71168K)] 428802K->358642K(592384K), 0.0016410 secs] [Times: user=0.01 sys=0.00, real=0.00 secs] 
814.389: [GC (Allocation Failure) [PSYoungGen: 71069K->1533K(77824K)] 428274K->358738K(599040K), 0.0016605 secs] [Times: user=0.01 sys=0.00, real=0.00 secs] 
815.215: [GC (Allocation Failure) [PSYoungGen: 77309K->1392K(76800K)] 434514K->358596K(598016K), 0.0048672 secs] [Times: user=0.02 sys=0.00, real=0.01 secs] 
816.481: [GC (Allocation Failure) [PSYoungGen: 76656K->1376K(76288K)] 433860K->358580K(597504K), 0.0037073 secs] [Times: user=0.01 sys=0.00, real=0.00 secs] 
817.160: [GC (Allocation Failure) [PSYoungGen: 76128K->1376K(75776K)] 433332K->358580K(596992K), 0.0029064 secs] [Times: user=0.01 sys=0.00, real=0.00 secs] 
817.959: [GC (Allocation Failure) [PSYoungGen: 75616K->1376K(75264K)] 432820K->358580K(596480K), 0.0035893 secs] [Times: user=0.02 sys=0.00, real=0.00 secs] 
818.296: [GC (Allocation Failure) [PSYoungGen: 75104K->1504K(74752K)] 432308K->358708K(595968K), 0.0020988 secs] [Times: user=0.01 sys=0.00, real=0.00 secs] 
818.429: [GC (Allocation Failure) [PSYoungGen: 74720K->1485K(74240K)] 431924K->358690K(595456K), 0.0017341 secs] [Times: user=0.01 sys=0.00, real=0.00 secs] 
818.578: [GC (Allocation Failure) [PSYoungGen: 74189K->1536K(74240K)] 431394K->358740K(595456K), 0.0019542 secs] [Times: user=0.01 sys=0.00, real=0.00 secs] 
818.941: [GC (Allocation Failure) [PSYoungGen: 73728K->1440K(73216K)] 430932K->358660K(594432K), 0.0019493 secs] [Times: user=0.00 sys=0.00, real=0.00 secs] 
819.244: [GC (Allocation Failure) [PSYoungGen: 73120K->1344K(72704K)] 430340K->358564K(593920K), 0.0018577 secs] [Times: user=0.01 sys=0.00, real=0.01 secs] 
819.647: [GC (Allocation Failure) [PSYoungGen: 72512K->1376K(72192K)] 429732K->358596K(593408K), 0.0021260 secs] [Times: user=0.01 sys=0.00, real=0.00 secs] 
820.450: [GC (Allocation Failure) [PSYoungGen: 72032K->1408K(71680K)] 429252K->358628K(592896K), 0.0022637 secs] [Times: user=0.02 sys=0.00, real=0.00 secs] 
821.138: [GC (Allocation Failure) [PSYoungGen: 71552K->1504K(71168K)] 428772K->358724K(592384K), 0.0036102 secs] [Times: user=0.01 sys=0.00, real=0.00 secs] 
821.340: [GC (Allocation Failure) [PSYoungGen: 71136K->1501K(70656K)] 428356K->358722K(591872K), 0.0017133 secs] [Times: user=0.01 sys=0.00, real=0.00 secs] 
821.462: [GC (Allocation Failure) [PSYoungGen: 70621K->1517K(70144K)] 427842K->358738K(591360K), 0.0017919 secs] [Times: user=0.00 sys=0.00, real=0.00 secs] 
821.599: [GC (Allocation Failure) [PSYoungGen: 70116K->1504K(70656K)] 427337K->358724K(591872K), 0.0022493 secs] [Times: user=0.00 sys=0.00, real=0.00 secs] 
822.547: [GC (Allocation Failure) [PSYoungGen: 70624K->1376K(70144K)] 427844K->358620K(591360K), 0.0045286 secs] [Times: user=0.02 sys=0.00, real=0.00 secs] 
823.575: [GC (Allocation Failure) [PSYoungGen: 69984K->1408K(69632K)] 427228K->358652K(590848K), 0.0063409 secs] [Times: user=0.02 sys=0.00, real=0.01 secs] 
824.722: [GC (Allocation Failure) [PSYoungGen: 69504K->1376K(69120K)] 426748K->358620K(590336K), 0.0035517 secs] [Times: user=0.02 sys=0.00, real=0.01 secs] 
825.639: [GC (Allocation Failure) [PSYoungGen: 68960K->1392K(68608K)] 426204K->358644K(589824K), 0.0028050 secs] [Times: user=0.02 sys=0.00, real=0.00 secs] 
826.205: [GC (Allocation Failure) [PSYoungGen: 68464K->1501K(68096K)] 425716K->358754K(589312K), 0.0020933 secs] [Times: user=0.01 sys=0.00, real=0.00 secs] 
826.331: [GC (Allocation Failure) [PSYoungGen: 68061K->1501K(67584K)] 425314K->358754K(588800K), 0.0019284 secs] [Times: user=0.01 sys=0.00, real=0.00 secs] 
826.464: [GC (Allocation Failure) [PSYoungGen: 67549K->1504K(67072K)] 424802K->358756K(588288K), 0.0020221 secs] [Times: user=0.00 sys=0.00, real=0.01 secs] 
826.608: [GC (Allocation Failure) [PSYoungGen: 67012K->1504K(67584K)] 424265K->358764K(588800K), 0.0021950 secs] [Times: user=0.01 sys=0.00, real=0.00 secs] 
827.115: [GC (Allocation Failure) [PSYoungGen: 67040K->1424K(67584K)] 424300K->358684K(588800K), 0.0042832 secs] [Times: user=0.01 sys=0.00, real=0.01 secs] 
827.922: [GC (Allocation Failure) [PSYoungGen: 66960K->1376K(66560K)] 424220K->358636K(587776K), 0.0033220 secs] [Times: user=0.01 sys=0.00, real=0.01 secs] 
829.081: [GC (Allocation Failure) [PSYoungGen: 66400K->1424K(66048K)] 423660K->358684K(587264K), 0.0049274 secs] [Times: user=0.02 sys=0.00, real=0.01 secs] 
830.147: [GC (Allocation Failure) [PSYoungGen: 65936K->1344K(65536K)] 423196K->358604K(586752K), 0.0044692 secs] [Times: user=0.02 sys=0.00, real=0.00 secs] 
830.847: [GC (Allocation Failure) [PSYoungGen: 65344K->1469K(65024K)] 422604K->358730K(586240K), 0.0037108 secs] [Times: user=0.01 sys=0.00, real=0.00 secs] 
831.042: [GC (Allocation Failure) [PSYoungGen: 64957K->1504K(64512K)] 422218K->358764K(585728K), 0.0022914 secs] [Times: user=0.01 sys=0.00, real=0.00 secs] 
831.156: [GC (Allocation Failure) [PSYoungGen: 64480K->1533K(69632K)] 421740K->358794K(590848K), 0.0018306 secs] [Times: user=0.01 sys=0.00, real=0.00 secs] 
831.294: [GC (Allocation Failure) [PSYoungGen: 69629K->1504K(70144K)] 426890K->358788K(591360K), 0.0020851 secs] [Times: user=0.01 sys=0.00, real=0.01 secs] 
831.528: [GC (Allocation Failure) [PSYoungGen: 69600K->1472K(70144K)] 426884K->358764K(591360K), 0.0023149 secs] [Times: user=0.01 sys=0.00, real=0.00 secs] 
831.904: [GC (Allocation Failure) [PSYoungGen: 69568K->1392K(75264K)] 426860K->358684K(596480K), 0.0024989 secs] [Times: user=0.01 sys=0.00, real=0.01 secs] 
832.436: [GC (Allocation Failure) [PSYoungGen: 75120K->1376K(74752K)] 432412K->358668K(595968K), 0.0038043 secs] [Times: user=0.02 sys=0.00, real=0.00 secs] 
833.180: [GC (Allocation Failure) [PSYoungGen: 74592K->1376K(74240K)] 431884K->358668K(595456K), 0.0030403 secs] [Times: user=0.01 sys=0.01, real=0.00 secs] 
833.697: [GC (Allocation Failure) [PSYoungGen: 74080K->1533K(73728K)] 431372K->358826K(594944K), 0.0021074 secs] [Times: user=0.00 sys=0.01, real=0.00 secs] 
833.851: [GC (Allocation Failure) [PSYoungGen: 73725K->1520K(74240K)] 431018K->358812K(595456K), 0.0059800 secs] [Times: user=0.02 sys=0.00, real=0.01 secs] 
833.987: [GC (Allocation Failure) [PSYoungGen: 73712K->1501K(74240K)] 431004K->358794K(595456K), 0.0015915 secs] [Times: user=0.01 sys=0.00, real=0.00 secs] 
834.115: [GC (Allocation Failure) [PSYoungGen: 73693K->1517K(81920K)] 430986K->358818K(603136K), 0.0019114 secs] [Times: user=0.01 sys=0.00, real=0.01 secs] 
835.040: [GC (Allocation Failure) [PSYoungGen: 81389K->1472K(81920K)] 438690K->358788K(603136K), 0.0023308 secs] [Times: user=0.00 sys=0.00, real=0.00 secs] 
835.865: [GC (Allocation Failure) [PSYoungGen: 81344K->1392K(80896K)] 438660K->358708K(602112K), 0.0030012 secs] [Times: user=0.01 sys=0.00, real=0.01 secs] 
836.759: [GC (Allocation Failure) [PSYoungGen: 80752K->1392K(80384K)] 438068K->358708K(601600K), 0.0043026 secs] [Times: user=0.02 sys=0.00, real=0.00 secs] 
837.416: [GC (Allocation Failure) [PSYoungGen: 80232K->1440K(79872K)] 437549K->358756K(601088K), 0.0024396 secs] [Times: user=0.01 sys=0.00, real=0.00 secs] 
837.594: [GC (Allocation Failure) [PSYoungGen: 79776K->1517K(79360K)] 437092K->358834K(600576K), 0.0020655 secs] [Times: user=0.01 sys=0.00, real=0.01 secs] 
837.734: [GC (Allocation Failure) [PSYoungGen: 79341K->1520K(78848K)] 436658K->358836K(600064K), 0.0016862 secs] [Times: user=0.01 sys=0.00, real=0.01 secs] 
837.892: [GC (Allocation Failure) [PSYoungGen: 78832K->1504K(85504K)] 436148K->358820K(606720K), 0.0021000 secs] [Times: user=0.01 sys=0.00, real=0.00 secs] 
838.696: [GC (Allocation Failure) [PSYoungGen: 85472K->1408K(84992K)] 442788K->358740K(606208K), 0.0023900 secs] [Times: user=0.01 sys=0.00, real=0.00 secs] 
839.490: [GC (Allocation Failure) [PSYoungGen: 84864K->1360K(84480K)] 442196K->358700K(605696K), 0.0036392 secs] [Times: user=0.02 sys=0.00, real=0.00 secs] 
840.360: [GC (Allocation Failure) [PSYoungGen: 84304K->1408K(83968K)] 441644K->358748K(605184K), 0.0035369 secs] [Times: user=0.01 sys=0.00, real=0.00 secs] 
840.859: [GC (Allocation Failure) [PSYoungGen: 83840K->1533K(83456K)] 441180K->358874K(604672K), 0.0025071 secs] [Times: user=0.01 sys=0.00, real=0.00 secs] 
841.041: [GC (Allocation Failure) [PSYoungGen: 83453K->1501K(82944K)] 440794K->358842K(604160K), 0.0017228 secs] [Times: user=0.00 sys=0.00, real=0.00 secs] 
841.184: [GC (Allocation Failure) [PSYoungGen: 82909K->1501K(82432K)] 440250K->358842K(603648K), 0.0017000 secs] [Times: user=0.01 sys=0.00, real=0.01 secs] 
841.604: [GC (Allocation Failure) [PSYoungGen: 82397K->1440K(81920K)] 439738K->358780K(603136K), 0.0050314 secs] [Times: user=0.02 sys=0.00, real=0.01 secs] 
842.054: [GC (Allocation Failure) [PSYoungGen: 81824K->1408K(81408K)] 439164K->358748K(602624K), 0.0023891 secs] [Times: user=0.01 sys=0.00, real=0.01 secs] 
842.516: [GC (Allocation Failure) [PSYoungGen: 81280K->1440K(80896K)] 438620K->358780K(602112K), 0.0022344 secs] [Times: user=0.01 sys=0.00, real=0.00 secs] 
843.079: [GC (Allocation Failure) [PSYoungGen: 80800K->1408K(80384K)] 438140K->358748K(601600K), 0.0022104 secs] [Times: user=0.01 sys=0.00, real=0.00 secs] 
843.395: [GC (Allocation Failure) [PSYoungGen: 80256K->1469K(79872K)] 437596K->358810K(601088K), 0.0022514 secs] [Times: user=0.01 sys=0.00, real=0.00 secs] 
843.557: [GC (Allocation Failure) [PSYoungGen: 79805K->1453K(79360K)] 437146K->358818K(600576K), 0.0017540 secs] [Times: user=0.01 sys=0.00, real=0.00 secs] 
843.715: [GC (Allocation Failure) [PSYoungGen: 79277K->1488K(78848K)] 436642K->358852K(600064K), 0.0020802 secs] [Times: user=0.01 sys=0.00, real=0.00 secs] 
844.035: [GC (Allocation Failure) [PSYoungGen: 78800K->1440K(78336K)] 436164K->358804K(599552K), 0.0033387 secs] [Times: user=0.01 sys=0.00, real=0.00 secs] 
844.373: [GC (Allocation Failure) [PSYoungGen: 78240K->1376K(77824K)] 435604K->358740K(599040K), 0.0022774 secs] [Times: user=0.01 sys=0.00, real=0.01 secs] 
845.118: [GC (Allocation Failure) [PSYoungGen: 77664K->1408K(77312K)] 435028K->358796K(598528K), 0.0024454 secs] [Times: user=0.01 sys=0.00, real=0.00 secs] 
846.050: [GC (Allocation Failure) [PSYoungGen: 77184K->1440K(76800K)] 434572K->358828K(598016K), 0.0026182 secs] [Times: user=0.01 sys=0.00, real=0.00 secs] 
846.421: [GC (Allocation Failure) [PSYoungGen: 76704K->1456K(76288K)] 434092K->358852K(597504K), 0.0023972 secs] [Times: user=0.01 sys=0.00, real=0.00 secs] 
846.620: [GC (Allocation Failure) [PSYoungGen: 76208K->1488K(75776K)] 433604K->358884K(596992K), 0.0021915 secs] [Times: user=0.01 sys=0.00, real=0.00 secs] 
846.813: [GC (Allocation Failure) [PSYoungGen: 75728K->1501K(75264K)] 433124K->358898K(596480K), 0.0022403 secs] [Times: user=0.01 sys=0.00, real=0.00 secs] 
847.198: [GC (Allocation Failure) [PSYoungGen: 75229K->1456K(74752K)] 432626K->358852K(595968K), 0.0044906 secs] [Times: user=0.02 sys=0.00, real=0.00 secs] 
847.566: [GC (Allocation Failure) [PSYoungGen: 74672K->1408K(74240K)] 432068K->358804K(595456K), 0.0027422 secs] [Times: user=0.01 sys=0.00, real=0.00 secs] 
847.893: [GC (Allocation Failure) [PSYoungGen: 74112K->1408K(73728K)] 431508K->358804K(594944K), 0.0021904 secs] [Times: user=0.01 sys=0.00, real=0.00 secs] 
848.287: [GC (Allocation Failure) [PSYoungGen: 73600K->1408K(73216K)] 430996K->358804K(594432K), 0.0023396 secs] [Times: user=0.01 sys=0.00, real=0.00 secs] 
848.626: [GC (Allocation Failure) [PSYoungGen: 73088K->1485K(72704K)] 430484K->358882K(593920K), 0.0016066 secs] [Times: user=0.01 sys=0.00, real=0.00 secs] 
848.751: [GC (Allocation Failure) [PSYoungGen: 72653K->1533K(72192K)] 430050K->358930K(593408K), 0.0016673 secs] [Times: user=0.01 sys=0.00, real=0.00 secs] 
848.876: [GC (Allocation Failure) [PSYoungGen: 72189K->1501K(71680K)] 429586K->358898K(592896K), 0.0016738 secs] [Times: user=0.00 sys=0.00, real=0.00 secs] 
848.998: [GC (Allocation Failure) [PSYoungGen: 71645K->1501K(72192K)] 429042K->358898K(593408K), 0.0017674 secs] [Times: user=0.01 sys=0.00, real=0.00 secs] 
849.785: [GC (Allocation Failure) [PSYoungGen: 71645K->1408K(71168K)] 429042K->358804K(592384K), 0.0027983 secs] [Times: user=0.01 sys=0.00, real=0.01 secs] 
850.630: [GC (Allocation Failure) [PSYoungGen: 71040K->1408K(70656K)] 428436K->358804K(591872K), 0.0041310 secs] [Times: user=0.02 sys=0.01, real=0.00 secs] 
851.500: [GC (Allocation Failure) [PSYoungGen: 70528K->1328K(70144K)] 427924K->358724K(591360K), 0.0044623 secs] [Times: user=0.02 sys=0.00, real=0.00 secs] 
851.859: [GC (Allocation Failure) [PSYoungGen: 69936K->1440K(69632K)] 427332K->358836K(590848K), 0.0026267 secs] [Times: user=0.01 sys=0.00, real=0.00 secs] 
852.058: [GC (Allocation Failure) [PSYoungGen: 69536K->1437K(69120K)] 426932K->358834K(590336K), 0.0016720 secs] [Times: user=0.01 sys=0.00, real=0.00 secs] 
852.178: [GC (Allocation Failure) [PSYoungGen: 69021K->1488K(68608K)] 426418K->358884K(589824K), 0.0017915 secs] [Times: user=0.01 sys=0.00, real=0.00 secs] 
852.297: [GC (Allocation Failure) [PSYoungGen: 68560K->1469K(74752K)] 425956K->358866K(595968K), 0.0017148 secs] [Times: user=0.00 sys=0.00, real=0.00 secs] 
852.497: [GC (Allocation Failure) [PSYoungGen: 74685K->2016K(75264K)] 432082K->359444K(596480K), 0.0018992 secs] [Times: user=0.01 sys=0.00, real=0.00 secs] 
853.353: [GC (Allocation Failure) [PSYoungGen: 75232K->1360K(74240K)] 432660K->358796K(595456K), 0.0027178 secs] [Times: user=0.01 sys=0.00, real=0.01 secs] 
854.279: [GC (Allocation Failure) [PSYoungGen: 74064K->1376K(73728K)] 431500K->358812K(594944K), 0.0047154 secs] [Times: user=0.02 sys=0.01, real=0.00 secs] 
855.000: [GC (Allocation Failure) [PSYoungGen: 73568K->1408K(73216K)] 431004K->358844K(594432K), 0.0035052 secs] [Times: user=0.01 sys=0.00, real=0.00 secs] 
855.573: [GC (Allocation Failure) [PSYoungGen: 73088K->1501K(72704K)] 430524K->358946K(593920K), 0.0027676 secs] [Times: user=0.01 sys=0.00, real=0.01 secs] 
855.781: [GC (Allocation Failure) [PSYoungGen: 72669K->1501K(72192K)] 430114K->358946K(593408K), 0.0023108 secs] [Times: user=0.01 sys=0.01, real=0.00 secs] 
855.985: [GC (Allocation Failure) [PSYoungGen: 72157K->1533K(71680K)] 429602K->358986K(592896K), 0.0024613 secs] [Times: user=0.01 sys=0.00, real=0.01 secs] 
856.136: [GC (Allocation Failure) [PSYoungGen: 71677K->1517K(71168K)] 429130K->358970K(592384K), 0.0018130 secs] [Times: user=0.00 sys=0.00, real=0.00 secs] 
856.520: [GC (Allocation Failure) [PSYoungGen: 71149K->1456K(77824K)] 428602K->358916K(599040K), 0.0039629 secs] [Times: user=0.02 sys=0.00, real=0.00 secs] 
857.034: [GC (Allocation Failure) [PSYoungGen: 77232K->1408K(76800K)] 434692K->358868K(598016K), 0.0024139 secs] [Times: user=0.01 sys=0.00, real=0.01 secs] 
857.346: [GC (Allocation Failure) [PSYoungGen: 76672K->1408K(76288K)] 434132K->358876K(597504K), 0.0031878 secs] [Times: user=0.01 sys=0.00, real=0.00 secs] 
857.660: [GC (Allocation Failure) [PSYoungGen: 76160K->1408K(75776K)] 433628K->358876K(596992K), 0.0022615 secs] [Times: user=0.01 sys=0.00, real=0.00 secs] 
857.871: [GC (Allocation Failure) [PSYoungGen: 75648K->1501K(75264K)] 433116K->358970K(596480K), 0.0017791 secs] [Times: user=0.01 sys=0.00, real=0.00 secs] 
857.999: [GC (Allocation Failure) [PSYoungGen: 75229K->1533K(75776K)] 432698K->359002K(596992K), 0.0017591 secs] [Times: user=0.01 sys=0.00, real=0.00 secs] 
858.129: [GC (Allocation Failure) [PSYoungGen: 75261K->1533K(75776K)] 432730K->359002K(596992K), 0.0017480 secs] [Times: user=0.00 sys=0.00, real=0.00 secs] 
858.688: [GC (Allocation Failure) [PSYoungGen: 75261K->1456K(74752K)] 432730K->358924K(595968K), 0.0027425 secs] [Times: user=0.01 sys=0.00, real=0.00 secs] 
859.622: [GC (Allocation Failure) [PSYoungGen: 74672K->1408K(74240K)] 432140K->358876K(595456K), 0.0049157 secs] [Times: user=0.02 sys=0.00, real=0.01 secs] 
860.659: [GC (Allocation Failure) [PSYoungGen: 74112K->1344K(73728K)] 431580K->358812K(594944K), 0.0043430 secs] [Times: user=0.02 sys=0.00, real=0.00 secs] 
861.430: [GC (Allocation Failure) [PSYoungGen: 73536K->1408K(73216K)] 431004K->358876K(594432K), 0.0032350 secs] [Times: user=0.01 sys=0.01, real=0.00 secs] 
861.872: [GC (Allocation Failure) [PSYoungGen: 73088K->1504K(72704K)] 430556K->358972K(593920K), 0.0022474 secs] [Times: user=0.01 sys=0.00, real=0.00 secs] 
862.009: [GC (Allocation Failure) [PSYoungGen: 72672K->1501K(72192K)] 430140K->358970K(593408K), 0.0018273 secs] [Times: user=0.01 sys=0.00, real=0.00 secs] 
862.134: [GC (Allocation Failure) [PSYoungGen: 72157K->1485K(71680K)] 429626K->358954K(592896K), 0.0016784 secs] [Times: user=0.01 sys=0.00, real=0.01 secs] 
862.256: [GC (Allocation Failure) [PSYoungGen: 71629K->1533K(77824K)] 429098K->359002K(599040K), 0.0018588 secs] [Times: user=0.01 sys=0.00, real=0.00 secs] 
862.563: [GC (Allocation Failure) [PSYoungGen: 77821K->1408K(77312K)] 435290K->358876K(598528K), 0.0019618 secs] [Times: user=0.01 sys=0.00, real=0.01 secs] 
862.907: [GC (Allocation Failure) [PSYoungGen: 77184K->1376K(76800K)] 434652K->358844K(598016K), 0.0020179 secs] [Times: user=0.00 sys=0.00, real=0.00 secs] 
863.220: [GC (Allocation Failure) [PSYoungGen: 76640K->1376K(76288K)] 434108K->358860K(597504K), 0.0029288 secs] [Times: user=0.01 sys=0.00, real=0.00 secs] 
863.576: [GC (Allocation Failure) [PSYoungGen: 76128K->1469K(75776K)] 433612K->358954K(596992K), 0.0021097 secs] [Times: user=0.01 sys=0.00, real=0.00 secs] 
863.731: [GC (Allocation Failure) [PSYoungGen: 75702K->1533K(75264K)] 433187K->359018K(596480K), 0.0018676 secs] [Times: user=0.01 sys=0.00, real=0.00 secs] 
863.859: [GC (Allocation Failure) [PSYoungGen: 75261K->1453K(75776K)] 432746K->358938K(596992K), 0.0017450 secs] [Times: user=0.01 sys=0.00, real=0.00 secs] 
863.988: [GC (Allocation Failure) [PSYoungGen: 75181K->1472K(81920K)] 432666K->358956K(603136K), 0.0017756 secs] [Times: user=0.01 sys=0.00, real=0.00 secs] 
865.117: [GC (Allocation Failure) [PSYoungGen: 81344K->1472K(80896K)] 438828K->358956K(602112K), 0.0037585 secs] [Times: user=0.02 sys=0.00, real=0.00 secs] 
866.050: [GC (Allocation Failure) [PSYoungGen: 80832K->1376K(80384K)] 438316K->358860K(601600K), 0.0035479 secs] [Times: user=0.02 sys=0.00, real=0.00 secs] 
866.745: [GC (Allocation Failure) [PSYoungGen: 80224K->1344K(79872K)] 437708K->358828K(601088K), 0.0034172 secs] [Times: user=0.01 sys=0.00, real=0.00 secs] 
867.436: [GC (Allocation Failure) [PSYoungGen: 79496K->240K(79360K)] 436981K->357724K(600576K), 0.0029497 secs] [Times: user=0.01 sys=0.00, real=0.00 secs] 
867.631: [GC (Allocation Failure) [PSYoungGen: 78064K->1501K(78848K)] 435548K->358986K(600064K), 0.0017765 secs] [Times: user=0.01 sys=0.00, real=0.00 secs] 
867.766: [GC (Allocation Failure) [PSYoungGen: 78813K->1501K(78336K)] 436298K->358986K(599552K), 0.0016828 secs] [Times: user=0.01 sys=0.00, real=0.00 secs] 
867.901: [GC (Allocation Failure) [PSYoungGen: 78301K->1485K(77824K)] 435786K->358970K(599040K), 0.0017814 secs] [Times: user=0.01 sys=0.00, real=0.00 secs] 
868.671: [GC (Allocation Failure) [PSYoungGen: 77773K->1424K(77312K)] 435258K->358908K(598528K), 0.0049742 secs] [Times: user=0.02 sys=0.00, real=0.01 secs] 
869.631: [GC (Allocation Failure) [PSYoungGen: 77200K->1344K(76800K)] 434684K->358844K(598016K), 0.0025617 secs] [Times: user=0.01 sys=0.01, real=0.00 secs] 
870.282: [GC (Allocation Failure) [PSYoungGen: 76608K->1408K(76288K)] 434108K->358908K(597504K), 0.0023753 secs] [Times: user=0.01 sys=0.00, real=0.00 secs] 
870.935: [GC (Allocation Failure) [PSYoungGen: 76160K->1376K(75776K)] 433660K->358876K(596992K), 0.0035858 secs] [Times: user=0.01 sys=0.00, real=0.00 secs] 
871.219: [GC (Allocation Failure) [PSYoungGen: 75616K->1472K(75264K)] 433116K->358972K(596480K), 0.0021205 secs] [Times: user=0.01 sys=0.00, real=0.00 secs] 
871.364: [GC (Allocation Failure) [PSYoungGen: 75200K->1472K(74752K)] 432700K->358972K(595968K), 0.0017205 secs] [Times: user=0.00 sys=0.00, real=0.01 secs] 
871.492: [GC (Allocation Failure) [PSYoungGen: 74688K->1488K(74240K)] 432188K->358988K(595456K), 0.0017616 secs] [Times: user=0.01 sys=0.00, real=0.00 secs] 
871.760: [GC (Allocation Failure) [PSYoungGen: 74192K->1472K(73728K)] 431692K->358972K(594944K), 0.0020811 secs] [Times: user=0.01 sys=0.00, real=0.00 secs] 
872.430: [GC (Allocation Failure) [PSYoungGen: 73664K->1392K(73216K)] 431164K->358900K(594432K), 0.0023084 secs] [Times: user=0.01 sys=0.00, real=0.00 secs] 
873.041: [GC (Allocation Failure) [PSYoungGen: 73072K->1408K(72704K)] 430580K->358916K(593920K), 0.0020439 secs] [Times: user=0.01 sys=0.00, real=0.00 secs] 
873.678: [GC (Allocation Failure) [PSYoungGen: 72576K->1376K(72192K)] 430084K->358884K(593408K), 0.0062320 secs] [Times: user=0.02 sys=0.00, real=0.00 secs] 
874.079: [GC (Allocation Failure) [PSYoungGen: 72032K->1488K(71680K)] 429540K->359020K(592896K), 0.0020318 secs] [Times: user=0.01 sys=0.00, real=0.00 secs] 
874.219: [GC (Allocation Failure) [PSYoungGen: 71632K->1469K(71168K)] 429164K->359002K(592384K), 0.0018154 secs] [Times: user=0.01 sys=0.00, real=0.00 secs] 
874.343: [GC (Allocation Failure) [PSYoungGen: 71101K->1533K(71680K)] 428634K->359066K(592896K), 0.0018078 secs] [Times: user=0.01 sys=0.00, real=0.00 secs] 
874.485: [GC (Allocation Failure) [PSYoungGen: 71165K->1469K(77824K)] 428698K->359002K(599040K), 0.0020481 secs] [Times: user=0.01 sys=0.00, real=0.00 secs] 
875.292: [GC (Allocation Failure) [PSYoungGen: 77245K->1472K(76800K)] 434778K->359012K(598016K), 0.0025805 secs] [Times: user=0.01 sys=0.00, real=0.00 secs] 
875.995: [GC (Allocation Failure) [PSYoungGen: 76736K->1376K(76288K)] 434276K->358916K(597504K), 0.0023035 secs] [Times: user=0.01 sys=0.00, real=0.00 secs] 
876.889: [GC (Allocation Failure) [PSYoungGen: 76128K->1376K(75776K)] 433668K->358916K(596992K), 0.0046734 secs] [Times: user=0.02 sys=0.00, real=0.00 secs] 
877.760: [GC (Allocation Failure) [PSYoungGen: 75616K->1504K(75264K)] 433156K->359044K(596480K), 0.0046016 secs] [Times: user=0.02 sys=0.01, real=0.00 secs] 
877.993: [GC (Allocation Failure) [PSYoungGen: 75232K->1501K(74752K)] 432772K->359042K(595968K), 0.0021903 secs] [Times: user=0.01 sys=0.00, real=0.01 secs] 
878.122: [GC (Allocation Failure) [PSYoungGen: 74717K->1520K(74240K)] 432258K->359060K(595456K), 0.0016567 secs] [Times: user=0.01 sys=0.00, real=0.00 secs] 
878.250: [GC (Allocation Failure) [PSYoungGen: 74224K->1501K(74752K)] 431764K->359042K(595968K), 0.0017733 secs] [Times: user=0.01 sys=0.00, real=0.00 secs] 
878.686: [GC (Allocation Failure) [PSYoungGen: 74205K->1408K(73728K)] 431746K->358948K(594944K), 0.0023117 secs] [Times: user=0.01 sys=0.00, real=0.00 secs] 
879.345: [GC (Allocation Failure) [PSYoungGen: 73600K->1408K(73216K)] 431140K->358948K(594432K), 0.0027551 secs] [Times: user=0.01 sys=0.00, real=0.00 secs] 
879.939: [GC (Allocation Failure) [PSYoungGen: 73088K->1408K(72704K)] 430628K->358948K(593920K), 0.0024263 secs] [Times: user=0.01 sys=0.00, real=0.00 secs] 
880.511: [GC (Allocation Failure) [PSYoungGen: 72576K->1408K(72192K)] 430116K->358948K(593408K), 0.0025414 secs] [Times: user=0.01 sys=0.00, real=0.00 secs] 
880.855: [GC (Allocation Failure) [PSYoungGen: 72064K->1485K(71680K)] 429604K->359026K(592896K), 0.0021283 secs] [Times: user=0.01 sys=0.00, real=0.01 secs] 
880.983: [GC (Allocation Failure) [PSYoungGen: 71629K->1485K(71168K)] 429170K->359026K(592384K), 0.0017454 secs] [Times: user=0.01 sys=0.00, real=0.00 secs] 
881.105: [GC (Allocation Failure) [PSYoungGen: 71117K->1469K(70656K)] 428658K->359010K(591872K), 0.0016498 secs] [Times: user=0.01 sys=0.00, real=0.01 secs] 
881.227: [GC (Allocation Failure) [PSYoungGen: 70589K->1485K(77312K)] 428130K->359026K(598528K), 0.0017681 secs] [Times: user=0.01 sys=0.00, real=0.00 secs] 
881.570: [GC (Allocation Failure) [PSYoungGen: 76749K->1440K(76288K)] 434290K->358980K(597504K), 0.0019781 secs] [Times: user=0.00 sys=0.00, real=0.00 secs] 
881.916: [GC (Allocation Failure) [PSYoungGen: 76192K->1376K(75776K)] 433732K->358916K(596992K), 0.0021254 secs] [Times: user=0.00 sys=0.00, real=0.00 secs] 
882.241: [GC (Allocation Failure) [PSYoungGen: 75616K->1376K(75264K)] 433156K->358916K(596480K), 0.0021973 secs] [Times: user=0.01 sys=0.00, real=0.00 secs] 
882.560: [GC (Allocation Failure) [PSYoungGen: 75104K->1533K(74752K)] 432644K->359098K(595968K), 0.0020301 secs] [Times: user=0.00 sys=0.00, real=0.00 secs] 
882.693: [GC (Allocation Failure) [PSYoungGen: 74749K->1533K(74240K)] 432314K->359098K(595456K), 0.0017886 secs] [Times: user=0.01 sys=0.00, real=0.00 secs] 
882.821: [GC (Allocation Failure) [PSYoungGen: 74237K->1501K(74752K)] 431802K->359066K(595968K), 0.0017841 secs] [Times: user=0.01 sys=0.00, real=0.00 secs] 
882.949: [GC (Allocation Failure) [PSYoungGen: 74205K->1501K(80896K)] 431770K->359066K(602112K), 0.0018635 secs] [Times: user=0.00 sys=0.00, real=0.00 secs] 
883.243: [GC (Allocation Failure) [PSYoungGen: 80349K->1440K(80896K)] 437914K->359012K(602112K), 0.0020423 secs] [Times: user=0.01 sys=0.00, real=0.01 secs] 
883.594: [GC (Allocation Failure) [PSYoungGen: 80288K->1376K(79872K)] 437860K->358948K(601088K), 0.0021212 secs] [Times: user=0.01 sys=0.00, real=0.01 secs] 
883.965: [GC (Allocation Failure) [PSYoungGen: 79712K->1440K(79360K)] 437284K->359012K(600576K), 0.0020901 secs] [Times: user=0.01 sys=0.00, real=0.01 secs] 
884.876: [GC (Allocation Failure) [PSYoungGen: 79264K->1504K(78848K)] 436836K->359076K(600064K), 0.0024370 secs] [Times: user=0.01 sys=0.01, real=0.00 secs] 
885.044: [GC (Allocation Failure) [PSYoungGen: 78816K->1485K(78336K)] 436388K->359058K(599552K), 0.0018708 secs] [Times: user=0.01 sys=0.00, real=0.01 secs] 
885.183: [GC (Allocation Failure) [PSYoungGen: 78285K->1501K(77824K)] 435858K->359074K(599040K), 0.0016553 secs] [Times: user=0.00 sys=0.00, real=0.00 secs] 
885.341: [GC (Allocation Failure) [PSYoungGen: 77789K->1501K(84992K)] 435362K->359074K(606208K), 0.0021481 secs] [Times: user=0.01 sys=0.00, real=0.00 secs] 
886.775: [GC (Allocation Failure) [PSYoungGen: 84445K->1440K(83968K)] 442018K->359012K(605184K), 0.0034365 secs] [Times: user=0.02 sys=0.00, real=0.01 secs] 
887.873: [GC (Allocation Failure) [PSYoungGen: 83872K->1376K(83456K)] 441444K->358972K(604672K), 0.0035371 secs] [Times: user=0.01 sys=0.00, real=0.01 secs] 
888.755: [GC (Allocation Failure) [PSYoungGen: 83296K->1408K(82944K)] 440892K->359004K(604160K), 0.0032031 secs] [Times: user=0.01 sys=0.00, real=0.01 secs] 
889.350: [GC (Allocation Failure) [PSYoungGen: 82816K->1536K(82944K)] 440412K->359132K(604160K), 0.0023837 secs] [Times: user=0.01 sys=0.01, real=0.00 secs] 
889.528: [GC (Allocation Failure) [PSYoungGen: 82432K->1517K(81920K)] 440028K->359146K(603136K), 0.0018242 secs] [Times: user=0.01 sys=0.00, real=0.00 secs] 
889.692: [GC (Allocation Failure) [PSYoungGen: 81901K->1533K(81408K)] 439530K->359162K(602624K), 0.0021192 secs] [Times: user=0.01 sys=0.00, real=0.00 secs] 
889.915: [GC (Allocation Failure) [PSYoungGen: 81405K->1504K(80896K)] 439034K->359306K(602112K), 0.0019547 secs] [Times: user=0.01 sys=0.00, real=0.01 secs] 
890.427: [GC (Allocation Failure) [PSYoungGen: 80864K->1280K(80384K)] 438666K->359106K(601600K), 0.0023048 secs] [Times: user=0.01 sys=0.00, real=0.00 secs] 
891.152: [GC (Allocation Failure) [PSYoungGen: 80128K->1312K(79872K)] 437954K->359138K(601088K), 0.0023139 secs] [Times: user=0.01 sys=0.00, real=0.00 secs] 
892.043: [GC (Allocation Failure) [PSYoungGen: 79648K->1312K(79360K)] 437474K->359138K(600576K), 0.0038186 secs] [Times: user=0.02 sys=0.00, real=0.01 secs] 
892.765: [GC (Allocation Failure) [PSYoungGen: 79136K->1504K(78848K)] 436962K->359330K(600064K), 0.0022440 secs] [Times: user=0.01 sys=0.00, real=0.01 secs] 
892.929: [GC (Allocation Failure) [PSYoungGen: 78816K->1472K(78336K)] 436642K->359298K(599552K), 0.0018402 secs] [Times: user=0.01 sys=0.00, real=0.00 secs] 
893.062: [GC (Allocation Failure) [PSYoungGen: 78272K->1501K(77824K)] 436098K->359328K(599040K), 0.0016544 secs] [Times: user=0.01 sys=0.00, real=0.00 secs] 
893.414: [GC (Allocation Failure) [PSYoungGen: 77789K->1629K(77824K)] 435616K->359455K(599040K), 0.0024855 secs] [Times: user=0.01 sys=0.00, real=0.01 secs] 
893.735: [GC (Allocation Failure) [PSYoungGen: 77405K->525K(76288K)] 435231K->359375K(597504K), 0.0021972 secs] [Times: user=0.01 sys=0.00, real=0.00 secs] 
894.065: [GC (Allocation Failure) [PSYoungGen: 75789K->525K(75776K)] 434639K->359375K(596992K), 0.0021772 secs] [Times: user=0.01 sys=0.00, real=0.01 secs] 
894.575: [GC (Allocation Failure) [PSYoungGen: 75277K->493K(75264K)] 434127K->359359K(596480K), 0.0021216 secs] [Times: user=0.01 sys=0.00, real=0.01 secs] 
895.007: [GC (Allocation Failure) [PSYoungGen: 74733K->1677K(75776K)] 433599K->360544K(596992K), 0.0019372 secs] [Times: user=0.01 sys=0.00, real=0.00 secs] 
895.141: [GC (Allocation Failure) [PSYoungGen: 75405K->1725K(75264K)] 434272K->360592K(596480K), 0.0017262 secs] [Times: user=0.01 sys=0.00, real=0.00 secs] 
895.270: [GC (Allocation Failure) [PSYoungGen: 74941K->1626K(74752K)] 433808K->360493K(595968K), 0.0017516 secs] [Times: user=0.01 sys=0.00, real=0.00 secs] 
895.402: [GC (Allocation Failure) [PSYoungGen: 74330K->1693K(75264K)] 433197K->360560K(596480K), 0.0017468 secs] [Times: user=0.01 sys=0.00, real=0.00 secs] 
895.978: [GC (Allocation Failure) [PSYoungGen: 74397K->1424K(73728K)] 433264K->360440K(594944K), 0.0018775 secs] [Times: user=0.00 sys=0.00, real=0.00 secs] 
896.278: [GC (Allocation Failure) [PSYoungGen: 73616K->1360K(73728K)] 432632K->360376K(594944K), 0.0020090 secs] [Times: user=0.01 sys=0.00, real=0.00 secs] 
896.683: [GC (Allocation Failure) [PSYoungGen: 73040K->1408K(72704K)] 432056K->360424K(593920K), 0.0021103 secs] [Times: user=0.01 sys=0.00, real=0.01 secs] 
897.294: [GC (Allocation Failure) [PSYoungGen: 72576K->1440K(72192K)] 431592K->360456K(593408K), 0.0025693 secs] [Times: user=0.01 sys=0.00, real=0.01 secs] 
897.459: [GC (Allocation Failure) [PSYoungGen: 72096K->1469K(71680K)] 431112K->360531K(592896K), 0.0017397 secs] [Times: user=0.01 sys=0.00, real=0.00 secs] 
897.581: [GC (Allocation Failure) [PSYoungGen: 71596K->1469K(71168K)] 430658K->360531K(592384K), 0.0016822 secs] [Times: user=0.01 sys=0.00, real=0.00 secs] 
897.704: [GC (Allocation Failure) [PSYoungGen: 71101K->1533K(72192K)] 430163K->360595K(593408K), 0.0017016 secs] [Times: user=0.00 sys=0.00, real=0.01 secs] 
898.069: [GC (Allocation Failure) [PSYoungGen: 71677K->1472K(71168K)] 430739K->360549K(592384K), 0.0022446 secs] [Times: user=0.01 sys=0.00, real=0.00 secs] 
899.183: [GC (Allocation Failure) [PSYoungGen: 71104K->1408K(70656K)] 430181K->360485K(591872K), 0.0055543 secs] [Times: user=0.02 sys=0.01, real=0.01 secs] 
900.131: [GC (Allocation Failure) [PSYoungGen: 70528K->1408K(70144K)] 429605K->360485K(591360K), 0.0041978 secs] [Times: user=0.02 sys=0.00, real=0.00 secs] 
900.906: [GC (Allocation Failure) [PSYoungGen: 70016K->1408K(69632K)] 429093K->360485K(590848K), 0.0034056 secs] [Times: user=0.02 sys=0.00, real=0.00 secs] 
901.560: [GC (Allocation Failure) [PSYoungGen: 69504K->1472K(69120K)] 428581K->360550K(590336K), 0.0026926 secs] [Times: user=0.01 sys=0.00, real=0.00 secs] 
901.728: [GC (Allocation Failure) [PSYoungGen: 69056K->1469K(68608K)] 428134K->360547K(589824K), 0.0018119 secs] [Times: user=0.00 sys=0.00, real=0.00 secs] 
901.845: [GC (Allocation Failure) [PSYoungGen: 68527K->1472K(68096K)] 427605K->360550K(589312K), 0.0017102 secs] [Times: user=0.01 sys=0.00, real=0.01 secs] 
901.962: [GC (Allocation Failure) [PSYoungGen: 68032K->1501K(74240K)] 427110K->360579K(595456K), 0.0016788 secs] [Times: user=0.01 sys=0.00, real=0.00 secs] 
902.183: [GC (Allocation Failure) [PSYoungGen: 73693K->1456K(74240K)] 432771K->360533K(595456K), 0.0020256 secs] [Times: user=0.01 sys=0.00, real=0.00 secs] 
902.687: [GC (Allocation Failure) [PSYoungGen: 73648K->1376K(73216K)] 432725K->360453K(594432K), 0.0022446 secs] [Times: user=0.01 sys=0.00, real=0.00 secs] 
903.295: [GC (Allocation Failure) [PSYoungGen: 73056K->1408K(72704K)] 432133K->360485K(593920K), 0.0020842 secs] [Times: user=0.01 sys=0.00, real=0.00 secs] 
903.920: [GC (Allocation Failure) [PSYoungGen: 72576K->1344K(72192K)] 431653K->360437K(593408K), 0.0045095 secs] [Times: user=0.02 sys=0.00, real=0.00 secs] 
904.458: [GC (Allocation Failure) [PSYoungGen: 72000K->1501K(71680K)] 431093K->360595K(592896K), 0.0023478 secs] [Times: user=0.01 sys=0.00, real=0.00 secs] 
904.611: [GC (Allocation Failure) [PSYoungGen: 71645K->1456K(71168K)] 430739K->360550K(592384K), 0.0018084 secs] [Times: user=0.01 sys=0.00, real=0.00 secs] 
904.733: [GC (Allocation Failure) [PSYoungGen: 71088K->1501K(70656K)] 430182K->360595K(591872K), 0.0017129 secs] [Times: user=0.01 sys=0.00, real=0.00 secs] 
904.855: [GC (Allocation Failure) [PSYoungGen: 70621K->1549K(71168K)] 429715K->360667K(592384K), 0.0017489 secs] [Times: user=0.01 sys=0.00, real=0.01 secs] 
905.452: [GC (Allocation Failure) [PSYoungGen: 70669K->1440K(70144K)] 429787K->360557K(591360K), 0.0023051 secs] [Times: user=0.01 sys=0.00, real=0.00 secs] 
905.792: [GC (Allocation Failure) [PSYoungGen: 70048K->1440K(69632K)] 429165K->360557K(590848K), 0.0033759 secs] [Times: user=0.01 sys=0.00, real=0.00 secs] 
906.090: [GC (Allocation Failure) [PSYoungGen: 69536K->1408K(69120K)] 428653K->360525K(590336K), 0.0024822 secs] [Times: user=0.01 sys=0.00, real=0.00 secs] 
906.477: [GC (Allocation Failure) [PSYoungGen: 68992K->1376K(68608K)] 428109K->360493K(589824K), 0.0023468 secs] [Times: user=0.01 sys=0.00, real=0.00 secs] 
906.834: [GC (Allocation Failure) [PSYoungGen: 68448K->1437K(68096K)] 427565K->360555K(589312K), 0.0018016 secs] [Times: user=0.00 sys=0.00, real=0.01 secs] 
906.950: [GC (Allocation Failure) [PSYoungGen: 67997K->1437K(67584K)] 427115K->360555K(588800K), 0.0018559 secs] [Times: user=0.01 sys=0.00, real=0.00 secs] 
907.085: [GC (Allocation Failure) [PSYoungGen: 67485K->1504K(73216K)] 426603K->360646K(594432K), 0.0019447 secs] [Times: user=0.01 sys=0.00, real=0.01 secs] 
907.243: [GC (Allocation Failure) [PSYoungGen: 73184K->1472K(73728K)] 432326K->360630K(594944K), 0.0023070 secs] [Times: user=0.01 sys=0.00, real=0.01 secs] 
907.833: [GC (Allocation Failure) [PSYoungGen: 73152K->1408K(79360K)] 432310K->360565K(600576K), 0.0051947 secs] [Times: user=0.02 sys=0.00, real=0.01 secs] 
908.382: [GC (Allocation Failure) [PSYoungGen: 79232K->1376K(78848K)] 438389K->360533K(600064K), 0.0025513 secs] [Times: user=0.01 sys=0.01, real=0.00 secs] 
908.729: [GC (Allocation Failure) [PSYoungGen: 78688K->1408K(78336K)] 437845K->360565K(599552K), 0.0020556 secs] [Times: user=0.01 sys=0.00, real=0.00 secs] 
909.343: [GC (Allocation Failure) [PSYoungGen: 78208K->1504K(77824K)] 437365K->360662K(599040K), 0.0023390 secs] [Times: user=0.01 sys=0.00, real=0.00 secs] 
909.493: [GC (Allocation Failure) [PSYoungGen: 77792K->1517K(77312K)] 436950K->360675K(598528K), 0.0018072 secs] [Times: user=0.01 sys=0.00, real=0.00 secs] 
909.648: [GC (Allocation Failure) [PSYoungGen: 77293K->1533K(77824K)] 436451K->360691K(599040K), 0.0021889 secs] [Times: user=0.01 sys=0.01, real=0.00 secs] 
909.811: [GC (Allocation Failure) [PSYoungGen: 77309K->1485K(83968K)] 436467K->360643K(605184K), 0.0020157 secs] [Times: user=0.00 sys=0.00, real=0.00 secs] 
910.546: [GC (Allocation Failure) [PSYoungGen: 83405K->1392K(82944K)] 442563K->360557K(604160K), 0.0030192 secs] [Times: user=0.01 sys=0.00, real=0.00 secs] 
911.413: [GC (Allocation Failure) [PSYoungGen: 82800K->1408K(82432K)] 441965K->360573K(603648K), 0.0028114 secs] [Times: user=0.01 sys=0.00, real=0.01 secs] 
912.245: [GC (Allocation Failure) [PSYoungGen: 82304K->1344K(81920K)] 441469K->360509K(603136K), 0.0030886 secs] [Times: user=0.02 sys=0.00, real=0.01 secs] 
913.058: [GC (Allocation Failure) [PSYoungGen: 81728K->1504K(81408K)] 440893K->360670K(602624K), 0.0031118 secs] [Times: user=0.01 sys=0.00, real=0.00 secs] 
913.257: [GC (Allocation Failure) [PSYoungGen: 81376K->1469K(80896K)] 440542K->360635K(602112K), 0.0017526 secs] [Times: user=0.01 sys=0.00, real=0.00 secs] 
913.396: [GC (Allocation Failure) [PSYoungGen: 80829K->1472K(80384K)] 439995K->360638K(601600K), 0.0018276 secs] [Times: user=0.01 sys=0.00, real=0.00 secs] 
913.632: [GC (Allocation Failure) [PSYoungGen: 80320K->1728K(80384K)] 439486K->360893K(601600K), 0.0021726 secs] [Times: user=0.01 sys=0.00, real=0.00 secs] 
915.270: [GC (Allocation Failure) [PSYoungGen: 80064K->1376K(79360K)] 439229K->360549K(600576K), 0.0046592 secs] [Times: user=0.02 sys=0.00, real=0.00 secs] 
916.486: [GC (Allocation Failure) [PSYoungGen: 79200K->1344K(78848K)] 438373K->360533K(600064K), 0.0036533 secs] [Times: user=0.01 sys=0.00, real=0.00 secs] 
917.218: [GC (Allocation Failure) [PSYoungGen: 78656K->1344K(78336K)] 437845K->360533K(599552K), 0.0035970 secs] [Times: user=0.01 sys=0.00, real=0.00 secs] 
917.492: [GC (Allocation Failure) [PSYoungGen: 78144K->1533K(77824K)] 437333K->360723K(599040K), 0.0018013 secs] [Times: user=0.01 sys=0.00, real=0.00 secs] 
917.625: [GC (Allocation Failure) [PSYoungGen: 77821K->1501K(77312K)] 437011K->360691K(598528K), 0.0017081 secs] [Times: user=0.01 sys=0.00, real=0.00 secs] 
917.759: [GC (Allocation Failure) [PSYoungGen: 77277K->1469K(76800K)] 436467K->360659K(598016K), 0.0016852 secs] [Times: user=0.01 sys=0.00, real=0.00 secs] 
918.209: [GC (Allocation Failure) [PSYoungGen: 76733K->1504K(76288K)] 435923K->360749K(597504K), 0.0024950 secs] [Times: user=0.01 sys=0.00, real=0.00 secs] 
919.930: [GC (Allocation Failure) [PSYoungGen: 76256K->1376K(75776K)] 435501K->360637K(596992K), 0.0043310 secs] [Times: user=0.02 sys=0.00, real=0.00 secs] 
920.824: [GC (Allocation Failure) [PSYoungGen: 75616K->1376K(75264K)] 434877K->360637K(596480K), 0.0041196 secs] [Times: user=0.02 sys=0.00, real=0.01 secs] 
921.422: [GC (Allocation Failure) [PSYoungGen: 75104K->1392K(74752K)] 434365K->360653K(595968K), 0.0027113 secs] [Times: user=0.01 sys=0.00, real=0.00 secs] 
921.784: [GC (Allocation Failure) [PSYoungGen: 74608K->1504K(74240K)] 433869K->360782K(595456K), 0.0019461 secs] [Times: user=0.01 sys=0.00, real=0.01 secs] 
921.926: [GC (Allocation Failure) [PSYoungGen: 74208K->1597K(74240K)] 433486K->360875K(595456K), 0.0017482 secs] [Times: user=0.01 sys=0.00, real=0.00 secs] 
922.052: [GC (Allocation Failure) [PSYoungGen: 73789K->509K(72192K)] 433067K->360811K(593408K), 0.0016723 secs] [Times: user=0.01 sys=0.00, real=0.00 secs] 
922.177: [GC (Allocation Failure) [PSYoungGen: 72189K->557K(73728K)] 432491K->360859K(594944K), 0.0016604 secs] [Times: user=0.01 sys=0.00, real=0.00 secs] 
922.756: [GC (Allocation Failure) [PSYoungGen: 72237K->1504K(72704K)] 432539K->361805K(593920K), 0.0025873 secs] [Times: user=0.01 sys=0.00, real=0.00 secs] 
923.195: [GC (Allocation Failure) [PSYoungGen: 72672K->1472K(72192K)] 432973K->361773K(593408K), 0.0026650 secs] [Times: user=0.01 sys=0.00, real=0.01 secs] 
923.489: [GC (Allocation Failure) [PSYoungGen: 72128K->1440K(71680K)] 432429K->361741K(592896K), 0.0020637 secs] [Times: user=0.01 sys=0.00, real=0.00 secs] 
923.938: [GC (Allocation Failure) [PSYoungGen: 71584K->1440K(71168K)] 431885K->361757K(592384K), 0.0036528 secs] [Times: user=0.01 sys=0.00, real=0.00 secs] 
924.287: [GC (Allocation Failure) [PSYoungGen: 71072K->1520K(70656K)] 431389K->361862K(591872K), 0.0022059 secs] [Times: user=0.01 sys=0.00, real=0.00 secs] 
924.417: [GC (Allocation Failure) [PSYoungGen: 70640K->1533K(70144K)] 430982K->361875K(591360K), 0.0018372 secs] [Times: user=0.00 sys=0.00, real=0.00 secs] 
924.536: [GC (Allocation Failure) [PSYoungGen: 70111K->1520K(76288K)] 430453K->361886K(597504K), 0.0016557 secs] [Times: user=0.00 sys=0.00, real=0.00 secs] 
924.667: [GC (Allocation Failure) [PSYoungGen: 76272K->1504K(76800K)] 436638K->361941K(598016K), 0.0017322 secs] [Times: user=0.00 sys=0.00, real=0.00 secs] 
925.315: [GC (Allocation Failure) [PSYoungGen: 76256K->1376K(75776K)] 436693K->361813K(596992K), 0.0021906 secs] [Times: user=0.01 sys=0.00, real=0.01 secs] 
925.715: [GC (Allocation Failure) [PSYoungGen: 75616K->1392K(75264K)] 436053K->361829K(596480K), 0.0024715 secs] [Times: user=0.01 sys=0.01, real=0.00 secs] 
926.039: [GC (Allocation Failure) [PSYoungGen: 75120K->1408K(74752K)] 435557K->361845K(595968K), 0.0020980 secs] [Times: user=0.01 sys=0.00, real=0.00 secs] 
926.340: [GC (Allocation Failure) [PSYoungGen: 74624K->1437K(74240K)] 435061K->361875K(595456K), 0.0018131 secs] [Times: user=0.00 sys=0.00, real=0.00 secs] 
926.469: [GC (Allocation Failure) [PSYoungGen: 74141K->1501K(73728K)] 434579K->361939K(594944K), 0.0017297 secs] [Times: user=0.01 sys=0.00, real=0.00 secs] 
926.597: [GC (Allocation Failure) [PSYoungGen: 73693K->1469K(79872K)] 434131K->361907K(601088K), 0.0016376 secs] [Times: user=0.01 sys=0.00, real=0.00 secs] 
926.736: [GC (Allocation Failure) [PSYoungGen: 79805K->1501K(80384K)] 440243K->361939K(601600K), 0.0017354 secs] [Times: user=0.01 sys=0.00, real=0.00 secs] 
927.044: [GC (Allocation Failure) [PSYoungGen: 79837K->1440K(79360K)] 440275K->361877K(600576K), 0.0019600 secs] [Times: user=0.01 sys=0.00, real=0.01 secs] 
927.376: [GC (Allocation Failure) [PSYoungGen: 79264K->1408K(78848K)] 439701K->361845K(600064K), 0.0019987 secs] [Times: user=0.01 sys=0.00, real=0.00 secs] 
927.697: [GC (Allocation Failure) [PSYoungGen: 78720K->1376K(78336K)] 439157K->361813K(599552K), 0.0020036 secs] [Times: user=0.01 sys=0.00, real=0.00 secs] 
928.015: [GC (Allocation Failure) [PSYoungGen: 78176K->1469K(77824K)] 438613K->361907K(599040K), 0.0019203 secs] [Times: user=0.01 sys=0.00, real=0.00 secs] 
928.151: [GC (Allocation Failure) [PSYoungGen: 77757K->1501K(77312K)] 438195K->361939K(598528K), 0.0017557 secs] [Times: user=0.01 sys=0.00, real=0.00 secs] 
928.285: [GC (Allocation Failure) [PSYoungGen: 77277K->1533K(77824K)] 437715K->361971K(599040K), 0.0017460 secs] [Times: user=0.01 sys=0.00, real=0.01 secs] 
928.418: [GC (Allocation Failure) [PSYoungGen: 77309K->1501K(77824K)] 437747K->361939K(599040K), 0.0017411 secs] [Times: user=0.00 sys=0.00, real=0.00 secs] 
929.931: [GC (Allocation Failure) [PSYoungGen: 77277K->1424K(76800K)] 437715K->361861K(598016K), 0.0053414 secs] [Times: user=0.02 sys=0.01, real=0.01 secs] 
931.123: [GC (Allocation Failure) [PSYoungGen: 76688K->1408K(76288K)] 437125K->361845K(597504K), 0.0040606 secs] [Times: user=0.01 sys=0.01, real=0.01 secs] 
932.311: [GC (Allocation Failure) [PSYoungGen: 76160K->1408K(75776K)] 436597K->361845K(596992K), 0.0042470 secs] [Times: user=0.02 sys=0.00, real=0.01 secs] 
933.305: [GC (Allocation Failure) [PSYoungGen: 75648K->1376K(75264K)] 436085K->361813K(596480K), 0.0038287 secs] [Times: user=0.01 sys=0.00, real=0.01 secs] 
933.544: [GC (Allocation Failure) [PSYoungGen: 75104K->1504K(74752K)] 435541K->361942K(595968K), 0.0016922 secs] [Times: user=0.01 sys=0.00, real=0.01 secs] 
933.672: [GC (Allocation Failure) [PSYoungGen: 74720K->1501K(74240K)] 435158K->361939K(595456K), 0.0017700 secs] [Times: user=0.01 sys=0.00, real=0.00 secs] 
933.820: [GC (Allocation Failure) [PSYoungGen: 74205K->1533K(73728K)] 434643K->361971K(594944K), 0.0019932 secs] [Times: user=0.01 sys=0.00, real=0.00 secs] 
934.356: [GC (Allocation Failure) [PSYoungGen: 73725K->1408K(73216K)] 434163K->361845K(594432K), 0.0024046 secs] [Times: user=0.01 sys=0.00, real=0.00 secs] 
934.731: [GC (Allocation Failure) [PSYoungGen: 73088K->1376K(72704K)] 433525K->361813K(593920K), 0.0022592 secs] [Times: user=0.01 sys=0.00, real=0.00 secs] 
935.298: [GC (Allocation Failure) [PSYoungGen: 72544K->1344K(72192K)] 432981K->361797K(593408K), 0.0023080 secs] [Times: user=0.01 sys=0.00, real=0.00 secs] 
935.877: [GC (Allocation Failure) [PSYoungGen: 72000K->1376K(71680K)] 432453K->361829K(592896K), 0.0020829 secs] [Times: user=0.01 sys=0.00, real=0.00 secs] 
936.332: [GC (Allocation Failure) [PSYoungGen: 71520K->1440K(71168K)] 431973K->361894K(592384K), 0.0030184 secs] [Times: user=0.01 sys=0.00, real=0.00 secs] 
936.464: [GC (Allocation Failure) [PSYoungGen: 71072K->1501K(70656K)] 431526K->361955K(591872K), 0.0016737 secs] [Times: user=0.01 sys=0.00, real=0.01 secs] 
936.589: [GC (Allocation Failure) [PSYoungGen: 70621K->1485K(70144K)] 431075K->361939K(591360K), 0.0017924 secs] [Times: user=0.01 sys=0.00, real=0.00 secs] 
936.709: [GC (Allocation Failure) [PSYoungGen: 70079K->1469K(76288K)] 430533K->361923K(597504K), 0.0017252 secs] [Times: user=0.01 sys=0.00, real=0.00 secs] 
937.259: [GC (Allocation Failure) [PSYoungGen: 76221K->1408K(75776K)] 436675K->361861K(596992K), 0.0021975 secs] [Times: user=0.01 sys=0.00, real=0.00 secs] 
938.255: [GC (Allocation Failure) [PSYoungGen: 75648K->1344K(75264K)] 436101K->361797K(596480K), 0.0023079 secs] [Times: user=0.01 sys=0.00, real=0.00 secs] 
939.293: [GC (Allocation Failure) [PSYoungGen: 75072K->1376K(74752K)] 435525K->361829K(595968K), 0.0026320 secs] [Times: user=0.01 sys=0.00, real=0.01 secs] 
940.354: [GC (Allocation Failure) [PSYoungGen: 74592K->1408K(74240K)] 435045K->361861K(595456K), 0.0028922 secs] [Times: user=0.02 sys=0.01, real=0.01 secs] 
940.646: [GC (Allocation Failure) [PSYoungGen: 74112K->1501K(73728K)] 434565K->361955K(594944K), 0.0018285 secs] [Times: user=0.01 sys=0.00, real=0.00 secs] 
940.772: [GC (Allocation Failure) [PSYoungGen: 73693K->1565K(73728K)] 434147K->362019K(594944K), 0.0016720 secs] [Times: user=0.01 sys=0.00, real=0.00 secs] 
940.917: [GC (Allocation Failure) [PSYoungGen: 73245K->1424K(72704K)] 433699K->361878K(593920K), 0.0021055 secs] [Times: user=0.01 sys=0.00, real=0.00 secs] 
941.217: [GC (Allocation Failure) [PSYoungGen: 72592K->1440K(72192K)] 433046K->361901K(593408K), 0.0024101 secs] [Times: user=0.01 sys=0.00, real=0.00 secs] 
941.519: [GC (Allocation Failure) [PSYoungGen: 72096K->1376K(71680K)] 432557K->361837K(592896K), 0.0024215 secs] [Times: user=0.01 sys=0.00, real=0.00 secs] 
941.961: [GC (Allocation Failure) [PSYoungGen: 71520K->1376K(71168K)] 431981K->361837K(592384K), 0.0022307 secs] [Times: user=0.01 sys=0.00, real=0.00 secs] 
942.501: [GC (Allocation Failure) [PSYoungGen: 71008K->1344K(70656K)] 431469K->361805K(591872K), 0.0023644 secs] [Times: user=0.01 sys=0.00, real=0.00 secs] 
942.973: [GC (Allocation Failure) [PSYoungGen: 70464K->1533K(70144K)] 430925K->361995K(591360K), 0.0020388 secs] [Times: user=0.01 sys=0.00, real=0.01 secs] 
943.105: [GC (Allocation Failure) [PSYoungGen: 70141K->1501K(69632K)] 430603K->361963K(590848K), 0.0018254 secs] [Times: user=0.01 sys=0.00, real=0.01 secs] 
943.224: [GC (Allocation Failure) [PSYoungGen: 69597K->1501K(70144K)] 430059K->361963K(591360K), 0.0018640 secs] [Times: user=0.01 sys=0.00, real=0.01 secs] 
943.344: [GC (Allocation Failure) [PSYoungGen: 70109K->1533K(70656K)] 430571K->361995K(591872K), 0.0016533 secs] [Times: user=0.01 sys=0.00, real=0.01 secs] 
943.910: [GC (Allocation Failure) [PSYoungGen: 70141K->1440K(69632K)] 430603K->361917K(590848K), 0.0025156 secs] [Times: user=0.01 sys=0.00, real=0.00 secs] 
944.414: [GC (Allocation Failure) [PSYoungGen: 69536K->1408K(69120K)] 430013K->361885K(590336K), 0.0041866 secs] [Times: user=0.01 sys=0.01, real=0.01 secs] 
945.359: [GC (Allocation Failure) [PSYoungGen: 68992K->1376K(68608K)] 429469K->361853K(589824K), 0.0030105 secs] [Times: user=0.01 sys=0.00, real=0.00 secs] 
946.338: [GC (Allocation Failure) [PSYoungGen: 68448K->1376K(68096K)] 428925K->361853K(589312K), 0.0049371 secs] [Times: user=0.02 sys=0.00, real=0.00 secs] 
947.052: [GC (Allocation Failure) [PSYoungGen: 67936K->1501K(67584K)] 428413K->361979K(588800K), 0.0028284 secs] [Times: user=0.01 sys=0.00, real=0.00 secs] 
947.220: [GC (Allocation Failure) [PSYoungGen: 67526K->1517K(67072K)] 428004K->361995K(588288K), 0.0018267 secs] [Times: user=0.00 sys=0.00, real=0.00 secs] 
947.337: [GC (Allocation Failure) [PSYoungGen: 67053K->1469K(66560K)] 427531K->361947K(587776K), 0.0016873 secs] [Times: user=0.01 sys=0.00, real=0.00 secs] 
947.452: [GC (Allocation Failure) [PSYoungGen: 66493K->1549K(72704K)] 426971K->362043K(593920K), 0.0016076 secs] [Times: user=0.01 sys=0.00, real=0.00 secs] 
947.732: [GC (Allocation Failure) [PSYoungGen: 72205K->1408K(71680K)] 432699K->361901K(592896K), 0.0020844 secs] [Times: user=0.01 sys=0.00, real=0.00 secs] 
948.024: [GC (Allocation Failure) [PSYoungGen: 71552K->1408K(71168K)] 432045K->361901K(592384K), 0.0022222 secs] [Times: user=0.01 sys=0.00, real=0.01 secs] 
948.364: [GC (Allocation Failure) [PSYoungGen: 71040K->1344K(70656K)] 431533K->361837K(591872K), 0.0019104 secs] [Times: user=0.01 sys=0.00, real=0.01 secs] 
948.651: [GC (Allocation Failure) [PSYoungGen: 70464K->1360K(70144K)] 430957K->361853K(591360K), 0.0019676 secs] [Times: user=0.00 sys=0.00, real=0.00 secs] 
949.012: [GC (Allocation Failure) [PSYoungGen: 69968K->1437K(69632K)] 430461K->361931K(590848K), 0.0015560 secs] [Times: user=0.00 sys=0.00, real=0.00 secs] 
949.149: [GC (Allocation Failure) [PSYoungGen: 69533K->1501K(69120K)] 430027K->361995K(590336K), 0.0021328 secs] [Times: user=0.01 sys=0.00, real=0.00 secs] 
949.305: [GC (Allocation Failure) [PSYoungGen: 69085K->1504K(69632K)] 429579K->361998K(590848K), 0.0022537 secs] [Times: user=0.01 sys=0.00, real=0.00 secs] 
949.472: [GC (Allocation Failure) [PSYoungGen: 69600K->1504K(70144K)] 430094K->362014K(591360K), 0.0023549 secs] [Times: user=0.01 sys=0.00, real=0.00 secs] 
950.242: [GC (Allocation Failure) [PSYoungGen: 69600K->1472K(75264K)] 430110K->361989K(596480K), 0.0045086 secs] [Times: user=0.01 sys=0.00, real=0.01 secs] 
951.069: [GC (Allocation Failure) [PSYoungGen: 75200K->1408K(74752K)] 435717K->361925K(595968K), 0.0031231 secs] [Times: user=0.01 sys=0.00, real=0.00 secs] 
951.715: [GC (Allocation Failure) [PSYoungGen: 74624K->1408K(74240K)] 435141K->361925K(595456K), 0.0030463 secs] [Times: user=0.01 sys=0.00, real=0.01 secs] 
952.418: [GC (Allocation Failure) [PSYoungGen: 74112K->1360K(73728K)] 434629K->361877K(594944K), 0.0026331 secs] [Times: user=0.01 sys=0.00, real=0.00 secs] 
952.771: [GC (Allocation Failure) [PSYoungGen: 73552K->1501K(73216K)] 434069K->362035K(594432K), 0.0021646 secs] [Times: user=0.01 sys=0.00, real=0.00 secs] 
952.899: [GC (Allocation Failure) [PSYoungGen: 73181K->1501K(72704K)] 433715K->362035K(593920K), 0.0016388 secs] [Times: user=0.00 sys=0.00, real=0.00 secs] 
953.026: [GC (Allocation Failure) [PSYoungGen: 72669K->1501K(72192K)] 433203K->362035K(593408K), 0.0017297 secs] [Times: user=0.01 sys=0.01, real=0.00 secs] 
953.205: [GC (Allocation Failure) [PSYoungGen: 72157K->1440K(72704K)] 432691K->361973K(593920K), 0.0021169 secs] [Times: user=0.00 sys=0.00, real=0.01 secs] 
953.639: [GC (Allocation Failure) [PSYoungGen: 72096K->1408K(71680K)] 432629K->361941K(592896K), 0.0021726 secs] [Times: user=0.01 sys=0.00, real=0.00 secs] 
954.218: [GC (Allocation Failure) [PSYoungGen: 71552K->1408K(71168K)] 432085K->361941K(592384K), 0.0051921 secs] [Times: user=0.02 sys=0.00, real=0.00 secs] 
954.845: [GC (Allocation Failure) [PSYoungGen: 71040K->1408K(70656K)] 431573K->361941K(591872K), 0.0028808 secs] [Times: user=0.01 sys=0.00, real=0.01 secs] 
955.411: [GC (Allocation Failure) [PSYoungGen: 70528K->1469K(70144K)] 431061K->362003K(591360K), 0.0030804 secs] [Times: user=0.01 sys=0.00, real=0.00 secs] 
955.594: [GC (Allocation Failure) [PSYoungGen: 70077K->1533K(69632K)] 430611K->362091K(590848K), 0.0017327 secs] [Times: user=0.01 sys=0.00, real=0.01 secs] 
955.713: [GC (Allocation Failure) [PSYoungGen: 69629K->1504K(69120K)] 430187K->362062K(590336K), 0.0018628 secs] [Times: user=0.01 sys=0.00, real=0.00 secs] 
955.832: [GC (Allocation Failure) [PSYoungGen: 69088K->1501K(75264K)] 429646K->362059K(596480K), 0.0016906 secs] [Times: user=0.01 sys=0.00, real=0.00 secs] 
956.195: [GC (Allocation Failure) [PSYoungGen: 75229K->1440K(74752K)] 435787K->362013K(595968K), 0.0020124 secs] [Times: user=0.01 sys=0.00, real=0.01 secs] 
957.240: [GC (Allocation Failure) [PSYoungGen: 74656K->1456K(74240K)] 435229K->362029K(595456K), 0.0030760 secs] [Times: user=0.01 sys=0.01, real=0.00 secs] 
958.427: [GC (Allocation Failure) [PSYoungGen: 74160K->1392K(73728K)] 434733K->361965K(594944K), 0.0031354 secs] [Times: user=0.01 sys=0.00, real=0.00 secs] 
959.264: [GC (Allocation Failure) [PSYoungGen: 73584K->1376K(73216K)] 434157K->361949K(594432K), 0.0030567 secs] [Times: user=0.02 sys=0.00, real=0.01 secs] 
959.759: [GC (Allocation Failure) [PSYoungGen: 73056K->1472K(72704K)] 433629K->362046K(593920K), 0.0022110 secs] [Times: user=0.00 sys=0.00, real=0.00 secs] 
959.901: [GC (Allocation Failure) [PSYoungGen: 72640K->1485K(72192K)] 433214K->362059K(593408K), 0.0017678 secs] [Times: user=0.01 sys=0.00, real=0.00 secs] 
960.025: [GC (Allocation Failure) [PSYoungGen: 72141K->1453K(71680K)] 432715K->362027K(592896K), 0.0017904 secs] [Times: user=0.01 sys=0.00, real=0.01 secs] 
960.148: [GC (Allocation Failure) [PSYoungGen: 71597K->1456K(72192K)] 432171K->362046K(593408K), 0.0017829 secs] [Times: user=0.00 sys=0.00, real=0.00 secs] 
960.440: [GC (Allocation Failure) [PSYoungGen: 71600K->1424K(71168K)] 432190K->362013K(592384K), 0.0020542 secs] [Times: user=0.01 sys=0.00, real=0.00 secs] 
960.928: [GC (Allocation Failure) [PSYoungGen: 71056K->1360K(70656K)] 431645K->361949K(591872K), 0.0020719 secs] [Times: user=0.00 sys=0.00, real=0.00 secs] 
961.670: [GC (Allocation Failure) [PSYoungGen: 70480K->1408K(70144K)] 431069K->361997K(591360K), 0.0025752 secs] [Times: user=0.01 sys=0.00, real=0.00 secs] 
962.494: [GC (Allocation Failure) [PSYoungGen: 70016K->1376K(69632K)] 430605K->361965K(590848K), 0.0031997 secs] [Times: user=0.01 sys=0.01, real=0.01 secs] 
962.842: [GC (Allocation Failure) [PSYoungGen: 69472K->1472K(69120K)] 430061K->362062K(590336K), 0.0019448 secs] [Times: user=0.00 sys=0.00, real=0.00 secs] 
962.970: [GC (Allocation Failure) [PSYoungGen: 69056K->1469K(68608K)] 429646K->362059K(589824K), 0.0016989 secs] [Times: user=0.01 sys=0.00, real=0.00 secs] 
963.087: [GC (Allocation Failure) [PSYoungGen: 68541K->1517K(68096K)] 429131K->362107K(589312K), 0.0017695 secs] [Times: user=0.01 sys=0.00, real=0.00 secs] 
963.204: [GC (Allocation Failure) [PSYoungGen: 68077K->1501K(68608K)] 428667K->362099K(589824K), 0.0016864 secs] [Times: user=0.00 sys=0.00, real=0.01 secs] 
964.000: [GC (Allocation Failure) [PSYoungGen: 68061K->1424K(67584K)] 428659K->362029K(588800K), 0.0023703 secs] [Times: user=0.01 sys=0.00, real=0.00 secs] 
964.280: [GC (Allocation Failure) [PSYoungGen: 67472K->1408K(67072K)] 428077K->362021K(588288K), 0.0023147 secs] [Times: user=0.01 sys=0.00, real=0.00 secs] 
964.600: [GC (Allocation Failure) [PSYoungGen: 66944K->1376K(66560K)] 427557K->361989K(587776K), 0.0022079 secs] [Times: user=0.00 sys=0.00, real=0.00 secs] 
965.017: [GC (Allocation Failure) [PSYoungGen: 66400K->1360K(66048K)] 427013K->361973K(587264K), 0.0024046 secs] [Times: user=0.01 sys=0.00, real=0.00 secs] 
965.308: [GC (Allocation Failure) [PSYoungGen: 65872K->1456K(65536K)] 426485K->362070K(586752K), 0.0028447 secs] [Times: user=0.01 sys=0.00, real=0.00 secs] 
965.485: [GC (Allocation Failure) [PSYoungGen: 65456K->1488K(65024K)] 426070K->362102K(586240K), 0.0017362 secs] [Times: user=0.01 sys=0.00, real=0.01 secs] 
965.611: [GC (Allocation Failure) [PSYoungGen: 64976K->1501K(65536K)] 425590K->362115K(586752K), 0.0020263 secs] [Times: user=0.01 sys=0.00, real=0.00 secs] 
965.750: [GC (Allocation Failure) [PSYoungGen: 64989K->1440K(71168K)] 425603K->362070K(592384K), 0.0021919 secs] [Times: user=0.01 sys=0.00, real=0.00 secs] 
966.177: [GC (Allocation Failure) [PSYoungGen: 70560K->1472K(71168K)] 431190K->362101K(592384K), 0.0036888 secs] [Times: user=0.02 sys=0.00, real=0.00 secs] 
966.527: [GC (Allocation Failure) [PSYoungGen: 70592K->1408K(76288K)] 431221K->362037K(597504K), 0.0023371 secs] [Times: user=0.01 sys=0.00, real=0.00 secs] 
966.838: [GC (Allocation Failure) [PSYoungGen: 76160K->1408K(75776K)] 436789K->362037K(596992K), 0.0021870 secs] [Times: user=0.01 sys=0.00, real=0.00 secs] 
967.146: [GC (Allocation Failure) [PSYoungGen: 75648K->1376K(75264K)] 436277K->362005K(596480K), 0.0016631 secs] [Times: user=0.00 sys=0.00, real=0.00 secs] 
967.413: [GC (Allocation Failure) [PSYoungGen: 75104K->1533K(74752K)] 435733K->362163K(595968K), 0.0017777 secs] [Times: user=0.01 sys=0.00, real=0.00 secs] 
967.541: [GC (Allocation Failure) [PSYoungGen: 74749K->1469K(74240K)] 435379K->362099K(595456K), 0.0017377 secs] [Times: user=0.01 sys=0.00, real=0.00 secs] 
967.669: [GC (Allocation Failure) [PSYoungGen: 74173K->1469K(74752K)] 434803K->362099K(595968K), 0.0016747 secs] [Times: user=0.01 sys=0.00, real=0.00 secs] 
968.379: [GC (Allocation Failure) [PSYoungGen: 74173K->1472K(73728K)] 434803K->362101K(594944K), 0.0046275 secs] [Times: user=0.02 sys=0.00, real=0.00 secs] 
969.801: [GC (Allocation Failure) [PSYoungGen: 73664K->1408K(73216K)] 434293K->362037K(594432K), 0.0050685 secs] [Times: user=0.02 sys=0.01, real=0.01 secs] 
970.223: [GC (Allocation Failure) [PSYoungGen: 73088K->1376K(72704K)] 433717K->362005K(593920K), 0.0027414 secs] [Times: user=0.01 sys=0.00, real=0.01 secs] 
970.872: [GC (Allocation Failure) [PSYoungGen: 72544K->1440K(72192K)] 433173K->362069K(593408K), 0.0027331 secs] [Times: user=0.01 sys=0.00, real=0.00 secs] 
971.565: [GC (Allocation Failure) [PSYoungGen: 72096K->1472K(71680K)] 432725K->362102K(592896K), 0.0029330 secs] [Times: user=0.01 sys=0.00, real=0.01 secs] 
971.743: [GC (Allocation Failure) [PSYoungGen: 71616K->1501K(71168K)] 432246K->362131K(592384K), 0.0018626 secs] [Times: user=0.00 sys=0.00, real=0.00 secs] 
971.864: [GC (Allocation Failure) [PSYoungGen: 71133K->1533K(70656K)] 431763K->362163K(591872K), 0.0016853 secs] [Times: user=0.00 sys=0.00, real=0.01 secs] 
971.987: [GC (Allocation Failure) [PSYoungGen: 70653K->1517K(76288K)] 431283K->362147K(597504K), 0.0017478 secs] [Times: user=0.01 sys=0.00, real=0.00 secs] 
972.297: [GC (Allocation Failure) [PSYoungGen: 76269K->1440K(75776K)] 436899K->362077K(596992K), 0.0020114 secs] [Times: user=0.01 sys=0.00, real=0.00 secs] 
972.620: [GC (Allocation Failure) [PSYoungGen: 75680K->1408K(75264K)] 436317K->362045K(596480K), 0.0021758 secs] [Times: user=0.01 sys=0.00, real=0.00 secs] 
972.927: [GC (Allocation Failure) [PSYoungGen: 75136K->1360K(74752K)] 435773K->361997K(595968K), 0.0022905 secs] [Times: user=0.01 sys=0.00, real=0.00 secs] 
973.231: [GC (Allocation Failure) [PSYoungGen: 74576K->1392K(74240K)] 435213K->362029K(595456K), 0.0021435 secs] [Times: user=0.01 sys=0.00, real=0.00 secs] 
973.534: [GC (Allocation Failure) [PSYoungGen: 74096K->1536K(74240K)] 434733K->362198K(595456K), 0.0023916 secs] [Times: user=0.01 sys=0.00, real=0.01 secs] 
973.694: [GC (Allocation Failure) [PSYoungGen: 73728K->1533K(73216K)] 434390K->362195K(594432K), 0.0017493 secs] [Times: user=0.00 sys=0.00, real=0.01 secs] 
973.840: [GC (Allocation Failure) [PSYoungGen: 73189K->1472K(73728K)] 433851K->362134K(594944K), 0.0020614 secs] [Times: user=0.01 sys=0.00, real=0.00 secs] 
974.172: [GC (Allocation Failure) [PSYoungGen: 73664K->1440K(74240K)] 434326K->362101K(595456K), 0.0031618 secs] [Times: user=0.01 sys=0.00, real=0.00 secs] 
974.754: [GC (Allocation Failure) [PSYoungGen: 73632K->1376K(73216K)] 434293K->362053K(594432K), 0.0030543 secs] [Times: user=0.02 sys=0.00, real=0.01 secs] 
975.303: [GC (Allocation Failure) [PSYoungGen: 73056K->1392K(72704K)] 433733K->362069K(593920K), 0.0033419 secs] [Times: user=0.01 sys=0.00, real=0.01 secs] 
975.886: [GC (Allocation Failure) [PSYoungGen: 72560K->1344K(72192K)] 433237K->362021K(593408K), 0.0023791 secs] [Times: user=0.01 sys=0.00, real=0.00 secs] 
976.307: [GC (Allocation Failure) [PSYoungGen: 72000K->1501K(71680K)] 432677K->362179K(592896K), 0.0021848 secs] [Times: user=0.01 sys=0.00, real=0.00 secs] 
976.438: [GC (Allocation Failure) [PSYoungGen: 71645K->1485K(71168K)] 432323K->362163K(592384K), 0.0017739 secs] [Times: user=0.01 sys=0.00, real=0.00 secs] 
976.579: [GC (Allocation Failure) [PSYoungGen: 71117K->1533K(77824K)] 431795K->362211K(599040K), 0.0020645 secs] [Times: user=0.01 sys=0.00, real=0.00 secs] 
976.739: [GC (Allocation Failure) [PSYoungGen: 77309K->1501K(77824K)] 437987K->362179K(599040K), 0.0017821 secs] [Times: user=0.00 sys=0.00, real=0.00 secs] 
977.343: [GC (Allocation Failure) [PSYoungGen: 77277K->1440K(76800K)] 437955K->362117K(598016K), 0.0048366 secs] [Times: user=0.02 sys=0.00, real=0.01 secs] 
978.198: [GC (Allocation Failure) [PSYoungGen: 76704K->1360K(76288K)] 437381K->362037K(597504K), 0.0045125 secs] [Times: user=0.02 sys=0.00, real=0.00 secs] 
978.967: [GC (Allocation Failure) [PSYoungGen: 76112K->1408K(75776K)] 436789K->362085K(596992K), 0.0029936 secs] [Times: user=0.01 sys=0.00, real=0.00 secs] 
979.613: [GC (Allocation Failure) [PSYoungGen: 75648K->1376K(75264K)] 436325K->362053K(596480K), 0.0031323 secs] [Times: user=0.01 sys=0.00, real=0.01 secs] 
979.831: [GC (Allocation Failure) [PSYoungGen: 75091K->1469K(74752K)] 435769K->362147K(595968K), 0.0017545 secs] [Times: user=0.01 sys=0.00, real=0.00 secs] 
979.960: [GC (Allocation Failure) [PSYoungGen: 74685K->1533K(74240K)] 435363K->362211K(595456K), 0.0016793 secs] [Times: user=0.01 sys=0.00, real=0.00 secs] 
980.088: [GC (Allocation Failure) [PSYoungGen: 74237K->1533K(74752K)] 434915K->362211K(595968K), 0.0018064 secs] [Times: user=0.01 sys=0.00, real=0.00 secs] 
980.576: [GC (Allocation Failure) [PSYoungGen: 74237K->1472K(73728K)] 434915K->362149K(594944K), 0.0021543 secs] [Times: user=0.00 sys=0.00, real=0.00 secs] 
981.188: [GC (Allocation Failure) [PSYoungGen: 73664K->1408K(73216K)] 434341K->362085K(594432K), 0.0026309 secs] [Times: user=0.01 sys=0.01, real=0.00 secs] 
981.828: [GC (Allocation Failure) [PSYoungGen: 73088K->1408K(72704K)] 433765K->362085K(593920K), 0.0022184 secs] [Times: user=0.01 sys=0.00, real=0.00 secs] 
982.562: [GC (Allocation Failure) [PSYoungGen: 72576K->1376K(72192K)] 433253K->362053K(593408K), 0.0024834 secs] [Times: user=0.01 sys=0.00, real=0.00 secs] 
982.987: [GC (Allocation Failure) [PSYoungGen: 72032K->1453K(71680K)] 432709K->362131K(592896K), 0.0016904 secs] [Times: user=0.01 sys=0.00, real=0.00 secs] 
983.109: [GC (Allocation Failure) [PSYoungGen: 71597K->1501K(71168K)] 432275K->362179K(592384K), 0.0018657 secs] [Times: user=0.01 sys=0.00, real=0.00 secs] 
983.231: [GC (Allocation Failure) [PSYoungGen: 71133K->1501K(70656K)] 431811K->362179K(591872K), 0.0016814 secs] [Times: user=0.01 sys=0.00, real=0.00 secs] 
983.353: [GC (Allocation Failure) [PSYoungGen: 70621K->1501K(77312K)] 431299K->362179K(598528K), 0.0017335 secs] [Times: user=0.00 sys=0.00, real=0.00 secs] 
985.439: [GC (Allocation Failure) [PSYoungGen: 76765K->1392K(76288K)] 437443K->362085K(597504K), 0.0047357 secs] [Times: user=0.02 sys=0.00, real=0.00 secs] 
986.460: [GC (Allocation Failure) [PSYoungGen: 76144K->1376K(75776K)] 436837K->362069K(596992K), 0.0038264 secs] [Times: user=0.02 sys=0.00, real=0.00 secs] 
987.021: [GC (Allocation Failure) [PSYoungGen: 75616K->1408K(75264K)] 436309K->362101K(596480K), 0.0022908 secs] [Times: user=0.01 sys=0.00, real=0.00 secs] 
987.393: [GC (Allocation Failure) [PSYoungGen: 75136K->1408K(74752K)] 435829K->362102K(595968K), 0.0030412 secs] [Times: user=0.02 sys=0.00, real=0.01 secs] 
987.648: [GC (Allocation Failure) [PSYoungGen: 74611K->1472K(74240K)] 435305K->362166K(595456K), 0.0043406 secs] [Times: user=0.01 sys=0.00, real=0.00 secs] 
987.793: [GC (Allocation Failure) [PSYoungGen: 74176K->1501K(74752K)] 434870K->362195K(595968K), 0.0017000 secs] [Times: user=0.00 sys=0.00, real=0.00 secs] 
987.923: [GC (Allocation Failure) [PSYoungGen: 74205K->1485K(80896K)] 434899K->362179K(602112K), 0.0018513 secs] [Times: user=0.00 sys=0.00, real=0.00 secs] 
989.010: [GC (Allocation Failure) [PSYoungGen: 80333K->1408K(79872K)] 441027K->362101K(601088K), 0.0045325 secs] [Times: user=0.02 sys=0.00, real=0.00 secs] 
990.559: [GC (Allocation Failure) [PSYoungGen: 79744K->1408K(79360K)] 440437K->362101K(600576K), 0.0048564 secs] [Times: user=0.01 sys=0.00, real=0.00 secs] 
991.772: [GC (Allocation Failure) [PSYoungGen: 79232K->1360K(78848K)] 439925K->362053K(600064K), 0.0036436 secs] [Times: user=0.02 sys=0.00, real=0.01 secs] 
992.213: [GC (Allocation Failure) [PSYoungGen: 78672K->1408K(78336K)] 439365K->362101K(599552K), 0.0022763 secs] [Times: user=0.01 sys=0.00, real=0.00 secs] 
992.401: [GC (Allocation Failure) [PSYoungGen: 78208K->1533K(77824K)] 438901K->362227K(599040K), 0.0018103 secs] [Times: user=0.01 sys=0.00, real=0.00 secs] 
992.556: [GC (Allocation Failure) [PSYoungGen: 77821K->1472K(77312K)] 438515K->362166K(598528K), 0.0020895 secs] [Times: user=0.01 sys=0.00, real=0.00 secs] 
992.731: [GC (Allocation Failure) [PSYoungGen: 77248K->1536K(77312K)] 437942K->362230K(598528K), 0.0020270 secs] [Times: user=0.00 sys=0.00, real=0.00 secs] 
993.021: [GC (Allocation Failure) [PSYoungGen: 76800K->1472K(76288K)] 437494K->362165K(597504K), 0.0022684 secs] [Times: user=0.01 sys=0.00, real=0.00 secs] 
993.332: [GC (Allocation Failure) [PSYoungGen: 76224K->1376K(75776K)] 436917K->362069K(596992K), 0.0023414 secs] [Times: user=0.01 sys=0.00, real=0.00 secs] 
993.643: [GC (Allocation Failure) [PSYoungGen: 75616K->1376K(75264K)] 436309K->362069K(596480K), 0.0034792 secs] [Times: user=0.02 sys=0.00, real=0.01 secs] 
993.952: [GC (Allocation Failure) [PSYoungGen: 75104K->1440K(74752K)] 435797K->362133K(595968K), 0.0023686 secs] [Times: user=0.01 sys=0.00, real=0.00 secs] 
994.159: [GC (Allocation Failure) [PSYoungGen: 74656K->1501K(74240K)] 435349K->362227K(595456K), 0.0018158 secs] [Times: user=0.01 sys=0.00, real=0.00 secs] 
994.287: [GC (Allocation Failure) [PSYoungGen: 74205K->1469K(75264K)] 434931K->362195K(596480K), 0.0017412 secs] [Times: user=0.01 sys=0.00, real=0.00 secs] 
994.435: [GC (Allocation Failure) [PSYoungGen: 74685K->1501K(80896K)] 435411K->362227K(602112K), 0.0021195 secs] [Times: user=0.01 sys=0.00, real=0.01 secs] 
994.759: [GC (Allocation Failure) [PSYoungGen: 80349K->1472K(80896K)] 441075K->362197K(602112K), 0.0021301 secs] [Times: user=0.00 sys=0.00, real=0.00 secs] 
995.451: [GC (Allocation Failure) [PSYoungGen: 80320K->1376K(79872K)] 441045K->362101K(601088K), 0.0024461 secs] [Times: user=0.01 sys=0.00, real=0.00 secs] 
996.079: [GC (Allocation Failure) [PSYoungGen: 79712K->1376K(79360K)] 440437K->362101K(600576K), 0.0033174 secs] [Times: user=0.01 sys=0.00, real=0.00 secs] 
996.870: [GC (Allocation Failure) [PSYoungGen: 79200K->1376K(78848K)] 439925K->362101K(600064K), 0.0044767 secs] [Times: user=0.02 sys=0.00, real=0.00 secs] 
997.351: [GC (Allocation Failure) [PSYoungGen: 78688K->1549K(78848K)] 439413K->362275K(600064K), 0.0025899 secs] [Times: user=0.02 sys=0.00, real=0.00 secs] 
997.550: [GC (Allocation Failure) [PSYoungGen: 78349K->512K(77312K)] 439075K->362262K(598528K), 0.0021719 secs] [Times: user=0.01 sys=0.00, real=0.00 secs] 
997.764: [GC (Allocation Failure) [PSYoungGen: 76800K->493K(76288K)] 438550K->362243K(597504K), 0.0020472 secs] [Times: user=0.01 sys=0.00, real=0.01 secs] 
998.078: [GC (Allocation Failure) [PSYoungGen: 76269K->1440K(76800K)] 438019K->363189K(598016K), 0.0034033 secs] [Times: user=0.01 sys=0.00, real=0.00 secs] 
998.682: [GC (Allocation Failure) [PSYoungGen: 76704K->1376K(76288K)] 438453K->363141K(597504K), 0.0031829 secs] [Times: user=0.01 sys=0.00, real=0.00 secs] 
999.223: [GC (Allocation Failure) [PSYoungGen: 76128K->1376K(75776K)] 437893K->363141K(596992K), 0.0030645 secs] [Times: user=0.01 sys=0.00, real=0.01 secs] 
999.966: [GC (Allocation Failure) [PSYoungGen: 75616K->1312K(75264K)] 437381K->363077K(596480K), 0.0042500 secs] [Times: user=0.02 sys=0.00, real=0.00 secs] 
1000.564: [GC (Allocation Failure) [PSYoungGen: 75040K->1504K(74752K)] 436805K->363270K(595968K), 0.0022134 secs] [Times: user=0.01 sys=0.00, real=0.01 secs] 
1000.721: [GC (Allocation Failure) [PSYoungGen: 74720K->1501K(74240K)] 436486K->363267K(595456K), 0.0017560 secs] [Times: user=0.00 sys=0.00, real=0.00 secs] 
1000.849: [GC (Allocation Failure) [PSYoungGen: 74205K->1501K(73728K)] 435971K->363267K(594944K), 0.0017342 secs] [Times: user=0.01 sys=0.00, real=0.00 secs] 
1000.976: [GC (Allocation Failure) [PSYoungGen: 73291K->288K(78848K)] 435057K->362053K(600064K), 0.0016708 secs] [Times: user=0.00 sys=0.00, real=0.00 secs] 
1002.224: [GC (Allocation Failure) [PSYoungGen: 78624K->1344K(79360K)] 440389K->363117K(600576K), 0.0038505 secs] [Times: user=0.02 sys=0.00, real=0.01 secs] 
1003.150: [GC (Allocation Failure) [PSYoungGen: 79168K->1376K(78848K)] 440941K->363149K(600064K), 0.0036219 secs] [Times: user=0.01 sys=0.00, real=0.00 secs] 
1003.972: [GC (Allocation Failure) [PSYoungGen: 78688K->1376K(78336K)] 440461K->363149K(599552K), 0.0034430 secs] [Times: user=0.01 sys=0.00, real=0.00 secs] 
1004.276: [GC (Allocation Failure) [PSYoungGen: 78176K->1472K(77824K)] 439949K->363246K(599040K), 0.0024151 secs] [Times: user=0.01 sys=0.00, real=0.00 secs] 
1004.442: [GC (Allocation Failure) [PSYoungGen: 77760K->1517K(77312K)] 439534K->363307K(598528K), 0.0017943 secs] [Times: user=0.01 sys=0.00, real=0.00 secs] 
1004.575: [GC (Allocation Failure) [PSYoungGen: 77293K->1437K(76800K)] 439083K->363227K(598016K), 0.0016572 secs] [Times: user=0.01 sys=0.00, real=0.00 secs] 
1004.706: [GC (Allocation Failure) [PSYoungGen: 76701K->1469K(77312K)] 438491K->363259K(598528K), 0.0016993 secs] [Times: user=0.01 sys=0.00, real=0.00 secs] 
1006.107: [GC (Allocation Failure) [PSYoungGen: 76733K->1408K(76288K)] 438523K->363197K(597504K), 0.0045163 secs] [Times: user=0.02 sys=0.00, real=0.00 secs] 
1007.145: [GC (Allocation Failure) [PSYoungGen: 76160K->1408K(75776K)] 437949K->363197K(596992K), 0.0046742 secs] [Times: user=0.02 sys=0.00, real=0.01 secs] 
1007.905: [GC (Allocation Failure) [PSYoungGen: 75648K->1408K(75264K)] 437437K->363197K(596480K), 0.0028342 secs] [Times: user=0.01 sys=0.00, real=0.00 secs] 
1008.234: [GC (Allocation Failure) [PSYoungGen: 75136K->1501K(74752K)] 436925K->363291K(595968K), 0.0020323 secs] [Times: user=0.01 sys=0.00, real=0.01 secs] 
1008.375: [GC (Allocation Failure) [PSYoungGen: 74717K->1504K(74240K)] 436507K->363294K(595456K), 0.0017228 secs] [Times: user=0.01 sys=0.00, real=0.01 secs] 
1008.502: [GC (Allocation Failure) [PSYoungGen: 74208K->1533K(73728K)] 435998K->363323K(594944K), 0.0017711 secs] [Times: user=0.01 sys=0.01, real=0.00 secs] 
1008.628: [GC (Allocation Failure) [PSYoungGen: 73725K->1533K(74240K)] 435515K->363323K(595456K), 0.0017920 secs] [Times: user=0.01 sys=0.00, real=0.00 secs] 
1009.190: [GC (Allocation Failure) [PSYoungGen: 73725K->1472K(73216K)] 435515K->363269K(594432K), 0.0026521 secs] [Times: user=0.01 sys=0.00, real=0.00 secs] 
1009.831: [GC (Allocation Failure) [PSYoungGen: 73152K->1472K(72704K)] 434949K->363269K(593920K), 0.0031377 secs] [Times: user=0.01 sys=0.00, real=0.00 secs] 
1010.199: [GC (Allocation Failure) [PSYoungGen: 72640K->1344K(72192K)] 434437K->363141K(593408K), 0.0021881 secs] [Times: user=0.01 sys=0.00, real=0.00 secs] 
1010.494: [GC (Allocation Failure) [PSYoungGen: 72000K->1408K(71680K)] 433797K->363205K(592896K), 0.0025059 secs] [Times: user=0.01 sys=0.00, real=0.01 secs] 
1010.692: [GC (Allocation Failure) [PSYoungGen: 71552K->1517K(71168K)] 433349K->363315K(592384K), 0.0017426 secs] [Times: user=0.01 sys=0.00, real=0.00 secs] 
1010.817: [GC (Allocation Failure) [PSYoungGen: 71149K->1504K(70656K)] 432947K->363302K(591872K), 0.0018670 secs] [Times: user=0.01 sys=0.00, real=0.00 secs] 
1010.941: [GC (Allocation Failure) [PSYoungGen: 70624K->1485K(77312K)] 432422K->363283K(598528K), 0.0031755 secs] [Times: user=0.01 sys=0.00, real=0.00 secs] 
1011.117: [GC (Allocation Failure) [PSYoungGen: 77261K->1952K(77824K)] 439059K->363749K(599040K), 0.0018789 secs] [Times: user=0.01 sys=0.00, real=0.00 secs] 
1011.788: [GC (Allocation Failure) [PSYoungGen: 77728K->1408K(83968K)] 439525K->363205K(605184K), 0.0037144 secs] [Times: user=0.02 sys=0.00, real=0.00 secs] 
1012.610: [GC (Allocation Failure) [PSYoungGen: 83840K->1344K(83456K)] 445637K->363141K(604672K), 0.0037921 secs] [Times: user=0.02 sys=0.00, real=0.00 secs] 
1013.498: [GC (Allocation Failure) [PSYoungGen: 83264K->1376K(82944K)] 445061K->363197K(604160K), 0.0030498 secs] [Times: user=0.02 sys=0.00, real=0.00 secs] 
1013.905: [GC (Allocation Failure) [PSYoungGen: 82784K->1469K(82432K)] 444605K->363291K(603648K), 0.0021200 secs] [Times: user=0.01 sys=0.00, real=0.01 secs] 
1014.092: [GC (Allocation Failure) [PSYoungGen: 82365K->1501K(81920K)] 444187K->363323K(603136K), 0.0020349 secs] [Times: user=0.01 sys=0.00, real=0.00 secs] 
1014.250: [GC (Allocation Failure) [PSYoungGen: 81885K->1501K(81408K)] 443707K->363323K(602624K), 0.0018029 secs] [Times: user=0.01 sys=0.00, real=0.00 secs] 
1014.616: [GC (Allocation Failure) [PSYoungGen: 81373K->1440K(80896K)] 443195K->363261K(602112K), 0.0027411 secs] [Times: user=0.01 sys=0.00, real=0.00 secs] 
1014.948: [GC (Allocation Failure) [PSYoungGen: 80800K->1376K(80384K)] 442621K->363197K(601600K), 0.0027344 secs] [Times: user=0.01 sys=0.00, real=0.00 secs] 
1015.442: [GC (Allocation Failure) [PSYoungGen: 80224K->1360K(79872K)] 442045K->363181K(601088K), 0.0043821 secs] [Times: user=0.02 sys=0.00, real=0.01 secs] 
1016.088: [GC (Allocation Failure) [PSYoungGen: 79696K->1344K(79360K)] 441517K->363165K(600576K), 0.0026315 secs] [Times: user=0.01 sys=0.00, real=0.00 secs] 
1016.353: [GC (Allocation Failure) [PSYoungGen: 79168K->1469K(78848K)] 440989K->363291K(600064K), 0.0017515 secs] [Times: user=0.01 sys=0.00, real=0.00 secs] 
1016.490: [GC (Allocation Failure) [PSYoungGen: 78781K->1501K(78336K)] 440603K->363323K(599552K), 0.0017059 secs] [Times: user=0.00 sys=0.00, real=0.00 secs] 
1016.625: [GC (Allocation Failure) [PSYoungGen: 78301K->1533K(77824K)] 440123K->363355K(599040K), 0.0017479 secs] [Times: user=0.01 sys=0.00, real=0.01 secs] 
1016.895: [GC (Allocation Failure) [PSYoungGen: 77821K->1440K(77312K)] 439643K->363261K(598528K), 0.0018616 secs] [Times: user=0.00 sys=0.00, real=0.01 secs] 
1017.534: [GC (Allocation Failure) [PSYoungGen: 77216K->1392K(76800K)] 439037K->363213K(598016K), 0.0020655 secs] [Times: user=0.01 sys=0.00, real=0.01 secs] 
1018.394: [GC (Allocation Failure) [PSYoungGen: 76656K->1360K(76288K)] 438477K->363181K(597504K), 0.0063664 secs] [Times: user=0.02 sys=0.00, real=0.01 secs] 
1019.507: [GC (Allocation Failure) [PSYoungGen: 76112K->1344K(75776K)] 437933K->363165K(596992K), 0.0046559 secs] [Times: user=0.02 sys=0.00, real=0.00 secs] 
1020.055: [GC (Allocation Failure) [PSYoungGen: 75584K->1536K(75776K)] 437405K->363358K(596992K), 0.0021986 secs] [Times: user=0.01 sys=0.00, real=0.01 secs] 
1020.202: [GC (Allocation Failure) [PSYoungGen: 75264K->1469K(74752K)] 437086K->363291K(595968K), 0.0017599 secs] [Times: user=0.01 sys=0.00, real=0.00 secs] 
1020.330: [GC (Allocation Failure) [PSYoungGen: 74685K->1533K(74240K)] 436507K->363355K(595456K), 0.0018247 secs] [Times: user=0.00 sys=0.00, real=0.00 secs] 
1020.857: [GC (Allocation Failure) [PSYoungGen: 74237K->1472K(73728K)] 436059K->363293K(594944K), 0.0027691 secs] [Times: user=0.02 sys=0.00, real=0.00 secs] 
1021.850: [GC (Allocation Failure) [PSYoungGen: 73664K->1408K(73216K)] 435485K->363229K(594432K), 0.0031128 secs] [Times: user=0.01 sys=0.00, real=0.00 secs] 
1022.586: [GC (Allocation Failure) [PSYoungGen: 73088K->1376K(72704K)] 434909K->363197K(593920K), 0.0029304 secs] [Times: user=0.01 sys=0.00, real=0.00 secs] 
1023.369: [GC (Allocation Failure) [PSYoungGen: 72544K->1328K(72192K)] 434365K->363149K(593408K), 0.0045936 secs] [Times: user=0.02 sys=0.00, real=0.00 secs] 
1024.082: [GC (Allocation Failure) [PSYoungGen: 71984K->1408K(71680K)] 433805K->363230K(592896K), 0.0027768 secs] [Times: user=0.02 sys=0.00, real=0.00 secs] 
1024.272: [GC (Allocation Failure) [PSYoungGen: 71552K->1501K(71168K)] 433374K->363323K(592384K), 0.0018316 secs] [Times: user=0.01 sys=0.00, real=0.00 secs] 
1024.393: [GC (Allocation Failure) [PSYoungGen: 71133K->1501K(70656K)] 432955K->363323K(591872K), 0.0016902 secs] [Times: user=0.01 sys=0.00, real=0.00 secs] 
1024.535: [GC (Allocation Failure) [PSYoungGen: 70621K->1472K(71680K)] 432443K->363294K(592896K), 0.0020275 secs] [Times: user=0.01 sys=0.00, real=0.01 secs] 
1025.180: [GC (Allocation Failure) [PSYoungGen: 71104K->1440K(70656K)] 432926K->363261K(591872K), 0.0051409 secs] [Times: user=0.02 sys=0.00, real=0.01 secs] 
1026.186: [GC (Allocation Failure) [PSYoungGen: 70560K->1408K(70144K)] 432381K->363253K(591360K), 0.0040861 secs] [Times: user=0.02 sys=0.01, real=0.00 secs] 
1027.276: [GC (Allocation Failure) [PSYoungGen: 70016K->1376K(69632K)] 431861K->363221K(590848K), 0.0035589 secs] [Times: user=0.01 sys=0.00, real=0.00 secs] 
1028.030: [GC (Allocation Failure) [PSYoungGen: 69472K->1440K(69120K)] 431317K->363285K(590336K), 0.0031003 secs] [Times: user=0.01 sys=0.00, real=0.00 secs] 
1028.455: [GC (Allocation Failure) [PSYoungGen: 69024K->1504K(68608K)] 430869K->363366K(589824K), 0.0021094 secs] [Times: user=0.01 sys=0.00, real=0.00 secs] 
1028.587: [GC (Allocation Failure) [PSYoungGen: 68576K->1440K(68096K)] 430438K->363302K(589312K), 0.0021972 secs] [Times: user=0.01 sys=0.00, real=0.00 secs] 
1028.733: [GC (Allocation Failure) [PSYoungGen: 68000K->1501K(67584K)] 429862K->363363K(588800K), 0.0019350 secs] [Times: user=0.01 sys=0.00, real=0.01 secs] 
1028.895: [GC (Allocation Failure) [PSYoungGen: 67549K->1504K(73216K)] 429411K->363382K(594432K), 0.0021164 secs] [Times: user=0.01 sys=0.00, real=0.01 secs] 
1029.344: [GC (Allocation Failure) [PSYoungGen: 72672K->1472K(72192K)] 434550K->363349K(593408K), 0.0023958 secs] [Times: user=0.01 sys=0.00, real=0.01 secs] 
1029.870: [GC (Allocation Failure) [PSYoungGen: 72128K->1376K(71680K)] 434005K->363253K(592896K), 0.0023596 secs] [Times: user=0.01 sys=0.00, real=0.00 secs] 
1030.396: [GC (Allocation Failure) [PSYoungGen: 71520K->1376K(71168K)] 433397K->363253K(592384K), 0.0022722 secs] [Times: user=0.01 sys=0.00, real=0.00 secs] 
1031.231: [GC (Allocation Failure) [PSYoungGen: 71008K->1408K(70656K)] 432885K->363285K(591872K), 0.0031640 secs] [Times: user=0.02 sys=0.00, real=0.00 secs] 
1031.947: [GC (Allocation Failure) [PSYoungGen: 70528K->1504K(70144K)] 432405K->363382K(591360K), 0.0020825 secs] [Times: user=0.01 sys=0.00, real=0.00 secs] 
1032.071: [GC (Allocation Failure) [PSYoungGen: 70112K->1501K(69632K)] 431990K->363379K(590848K), 0.0018509 secs] [Times: user=0.01 sys=0.00, real=0.00 secs] 
1032.208: [GC (Allocation Failure) [PSYoungGen: 69597K->1501K(69120K)] 431475K->363379K(590336K), 0.0019406 secs] [Times: user=0.01 sys=0.00, real=0.00 secs] 
1032.365: [GC (Allocation Failure) [PSYoungGen: 69085K->1424K(70144K)] 430963K->363318K(591360K), 0.0020856 secs] [Times: user=0.00 sys=0.00, real=0.00 secs] 
1032.805: [GC (Allocation Failure) [PSYoungGen: 69520K->1440K(69120K)] 431414K->363333K(590336K), 0.0022536 secs] [Times: user=0.01 sys=0.00, real=0.01 secs] 
1033.365: [GC (Allocation Failure) [PSYoungGen: 69024K->1360K(68608K)] 430917K->363285K(589824K), 0.0023498 secs] [Times: user=0.01 sys=0.01, real=0.00 secs] 
1034.020: [GC (Allocation Failure) [PSYoungGen: 68432K->1360K(68096K)] 430357K->363285K(589312K), 0.0021394 secs] [Times: user=0.00 sys=0.00, real=0.00 secs] 
1034.685: [GC (Allocation Failure) [PSYoungGen: 67920K->1344K(67584K)] 429845K->363269K(588800K), 0.0026169 secs] [Times: user=0.01 sys=0.00, real=0.00 secs] 
1035.101: [GC (Allocation Failure) [PSYoungGen: 67392K->1504K(67072K)] 429317K->363430K(588288K), 0.0018991 secs] [Times: user=0.01 sys=0.00, real=0.00 secs] 
1035.225: [GC (Allocation Failure) [PSYoungGen: 67038K->1504K(66560K)] 428964K->363430K(587776K), 0.0016946 secs] [Times: user=0.01 sys=0.00, real=0.01 secs] 
1035.339: [GC (Allocation Failure) [PSYoungGen: 66528K->1533K(66048K)] 428454K->363459K(587264K), 0.0016540 secs] [Times: user=0.00 sys=0.00, real=0.00 secs] 
1035.452: [GC (Allocation Failure) [PSYoungGen: 66045K->1501K(72192K)] 427971K->363443K(593408K), 0.0017578 secs] [Times: user=0.01 sys=0.00, real=0.00 secs] 
1036.013: [GC (Allocation Failure) [PSYoungGen: 71645K->1408K(71168K)] 433587K->363357K(592384K), 0.0024076 secs] [Times: user=0.01 sys=0.00, real=0.00 secs] 
1036.447: [GC (Allocation Failure) [PSYoungGen: 71040K->1376K(70656K)] 432989K->363325K(591872K), 0.0022779 secs] [Times: user=0.01 sys=0.00, real=0.00 secs] 
1036.734: [GC (Allocation Failure) [PSYoungGen: 70496K->1344K(70144K)] 432445K->363293K(591360K), 0.0021553 secs] [Times: user=0.00 sys=0.00, real=0.01 secs] 
1037.205: [GC (Allocation Failure) [PSYoungGen: 69952K->1408K(69632K)] 431901K->363357K(590848K), 0.0021207 secs] [Times: user=0.01 sys=0.00, real=0.00 secs] 
1037.572: [GC (Allocation Failure) [PSYoungGen: 69504K->1501K(69120K)] 431453K->363451K(590336K), 0.0021007 secs] [Times: user=0.01 sys=0.00, real=0.00 secs] 
1037.693: [GC (Allocation Failure) [PSYoungGen: 69085K->1504K(68608K)] 431035K->363454K(589824K), 0.0017707 secs] [Times: user=0.01 sys=0.00, real=0.00 secs] 
1037.810: [GC (Allocation Failure) [PSYoungGen: 68576K->1533K(69120K)] 430526K->363483K(590336K), 0.0016659 secs] [Times: user=0.01 sys=0.00, real=0.00 secs] 
1037.929: [GC (Allocation Failure) [PSYoungGen: 69117K->1501K(69632K)] 431067K->363467K(590848K), 0.0016480 secs] [Times: user=0.01 sys=0.00, real=0.00 secs] 
1038.605: [GC (Allocation Failure) [PSYoungGen: 69085K->1440K(68608K)] 431051K->363405K(589824K), 0.0023961 secs] [Times: user=0.00 sys=0.01, real=0.00 secs] 
1039.402: [GC (Allocation Failure) [PSYoungGen: 68512K->1344K(68096K)] 430477K->363309K(589312K), 0.0027168 secs] [Times: user=0.01 sys=0.00, real=0.00 secs] 
1040.273: [GC (Allocation Failure) [PSYoungGen: 67904K->1392K(67584K)] 429869K->363357K(588800K), 0.0034027 secs] [Times: user=0.01 sys=0.00, real=0.01 secs] 
1040.896: [GC (Allocation Failure) [PSYoungGen: 67440K->1376K(67072K)] 429405K->363341K(588288K), 0.0033049 secs] [Times: user=0.01 sys=0.00, real=0.00 secs] 
1041.316: [GC (Allocation Failure) [PSYoungGen: 66912K->1501K(66560K)] 428877K->363467K(587776K), 0.0021793 secs] [Times: user=0.01 sys=0.00, real=0.00 secs] 
1041.442: [GC (Allocation Failure) [PSYoungGen: 66525K->1565K(66560K)] 428491K->363531K(587776K), 0.0016012 secs] [Times: user=0.01 sys=0.00, real=0.00 secs] 
1041.555: [GC (Allocation Failure) [PSYoungGen: 66077K->477K(64512K)] 428043K->363467K(585728K), 0.0018597 secs] [Times: user=0.00 sys=0.00, real=0.01 secs] 
1041.670: [GC (Allocation Failure) [PSYoungGen: 64477K->493K(71680K)] 427467K->363491K(592896K), 0.0016729 secs] [Times: user=0.01 sys=0.00, real=0.00 secs] 
1042.152: [GC (Allocation Failure) [PSYoungGen: 70125K->1440K(70656K)] 433123K->364437K(591872K), 0.0022041 secs] [Times: user=0.01 sys=0.00, real=0.00 secs] 
1042.440: [GC (Allocation Failure) [PSYoungGen: 70560K->1344K(70144K)] 433557K->364341K(591360K), 0.0023221 secs] [Times: user=0.01 sys=0.00, real=0.00 secs] 
1042.805: [GC (Allocation Failure) [PSYoungGen: 69952K->1376K(69632K)] 432949K->364389K(590848K), 0.0022077 secs] [Times: user=0.01 sys=0.00, real=0.01 secs] 
1043.379: [GC (Allocation Failure) [PSYoungGen: 69472K->1376K(69120K)] 432485K->364389K(590336K), 0.0026073 secs] [Times: user=0.01 sys=0.00, real=0.00 secs] 
1043.749: [GC (Allocation Failure) [PSYoungGen: 68960K->1469K(68608K)] 431973K->364483K(589824K), 0.0024040 secs] [Times: user=0.01 sys=0.00, real=0.00 secs] 
1043.873: [GC (Allocation Failure) [PSYoungGen: 68533K->1517K(68096K)] 431547K->364531K(589312K), 0.0017571 secs] [Times: user=0.00 sys=0.00, real=0.00 secs] 
1043.990: [GC (Allocation Failure) [PSYoungGen: 68077K->1517K(68608K)] 431091K->364531K(589824K), 0.0017578 secs] [Times: user=0.00 sys=0.00, real=0.00 secs] 
1044.106: [GC (Allocation Failure) [PSYoungGen: 68077K->1472K(68608K)] 431091K->364502K(589824K), 0.0017155 secs] [Times: user=0.01 sys=0.00, real=0.00 secs] 
1044.472: [GC (Allocation Failure) [PSYoungGen: 68032K->1456K(73728K)] 431062K->364493K(594944K), 0.0022082 secs] [Times: user=0.01 sys=0.01, real=0.00 secs] 
1044.773: [GC (Allocation Failure) [PSYoungGen: 73648K->1408K(73216K)] 436685K->364445K(594432K), 0.0020345 secs] [Times: user=0.01 sys=0.00, real=0.00 secs] 
1045.071: [GC (Allocation Failure) [PSYoungGen: 73088K->1376K(72704K)] 436125K->364413K(593920K), 0.0022658 secs] [Times: user=0.00 sys=0.00, real=0.00 secs] 
1045.367: [GC (Allocation Failure) [PSYoungGen: 72544K->1344K(72192K)] 435581K->364381K(593408K), 0.0022168 secs] [Times: user=0.01 sys=0.00, real=0.00 secs] 
1045.576: [GC (Allocation Failure) [PSYoungGen: 72000K->1501K(71680K)] 435037K->364547K(592896K), 0.0017773 secs] [Times: user=0.01 sys=0.00, real=0.00 secs] 
1045.699: [GC (Allocation Failure) [PSYoungGen: 71623K->1485K(72192K)] 434669K->364531K(593408K), 0.0017538 secs] [Times: user=0.00 sys=0.00, real=0.00 secs] 
1045.821: [GC (Allocation Failure) [PSYoungGen: 71629K->1501K(78336K)] 434675K->364547K(599552K), 0.0018517 secs] [Times: user=0.01 sys=0.00, real=0.00 secs] 
1045.984: [GC (Allocation Failure) [PSYoungGen: 77789K->1472K(78336K)] 440835K->365550K(599552K), 0.0019606 secs] [Times: user=0.01 sys=0.00, real=0.01 secs] 
1046.361: [GC (Allocation Failure) [PSYoungGen: 77760K->416K(84480K)] 441838K->364493K(605696K), 0.0019493 secs] [Times: user=0.01 sys=0.00, real=0.00 secs] 
1046.989: [GC (Allocation Failure) [PSYoungGen: 83360K->384K(82944K)] 447437K->364461K(604160K), 0.0020127 secs] [Times: user=0.01 sys=0.00, real=0.00 secs] 
1047.629: [GC (Allocation Failure) [PSYoungGen: 82816K->320K(83968K)] 446893K->364397K(605184K), 0.0044940 secs] [Times: user=0.02 sys=0.00, real=0.00 secs] 
1048.091: [GC (Allocation Failure) [PSYoungGen: 82240K->1485K(82944K)] 446317K->365563K(604160K), 0.0019429 secs] [Times: user=0.00 sys=0.00, real=0.00 secs] 
1048.241: [GC (Allocation Failure) [PSYoungGen: 82893K->1453K(82944K)] 446971K->365531K(604160K), 0.0017816 secs] [Times: user=0.01 sys=0.00, real=0.00 secs] 
1048.384: [GC (Allocation Failure) [PSYoungGen: 82349K->1501K(81920K)] 446427K->365579K(603136K), 0.0017757 secs] [Times: user=0.01 sys=0.00, real=0.01 secs] 
1049.030: [GC (Allocation Failure) [PSYoungGen: 81885K->1392K(81920K)] 445963K->365470K(603136K), 0.0022454 secs] [Times: user=0.01 sys=0.00, real=0.00 secs] 
1050.078: [GC (Allocation Failure) [PSYoungGen: 81264K->1344K(80896K)] 445342K->365429K(602112K), 0.0044372 secs] [Times: user=0.01 sys=0.00, real=0.00 secs] 
1050.986: [GC (Allocation Failure) [PSYoungGen: 80704K->1376K(80384K)] 444789K->365461K(601600K), 0.0035913 secs] [Times: user=0.02 sys=0.00, real=0.00 secs] 
1051.675: [GC (Allocation Failure) [PSYoungGen: 80224K->1344K(79872K)] 444309K->365429K(601088K), 0.0036768 secs] [Times: user=0.02 sys=0.00, real=0.00 secs] 
1052.252: [GC (Allocation Failure) [PSYoungGen: 79680K->1533K(79360K)] 443765K->365619K(600576K), 0.0019236 secs] [Times: user=0.01 sys=0.00, real=0.00 secs] 
1052.441: [GC (Allocation Failure) [PSYoungGen: 79357K->1488K(78848K)] 443443K->365582K(600064K), 0.0022888 secs] [Times: user=0.00 sys=0.00, real=0.00 secs] 
1052.624: [GC (Allocation Failure) [PSYoungGen: 78800K->1424K(78336K)] 442894K->365518K(599552K), 0.0020614 secs] [Times: user=0.01 sys=0.00, real=0.01 secs] 
1053.221: [GC (Allocation Failure) [PSYoungGen: 78224K->1440K(77824K)] 442318K->365541K(599040K), 0.0024238 secs] [Times: user=0.01 sys=0.00, real=0.00 secs] 
1053.620: [GC (Allocation Failure) [PSYoungGen: 77728K->1376K(77312K)] 441829K->365477K(598528K), 0.0021453 secs] [Times: user=0.01 sys=0.00, real=0.00 secs] 
1053.992: [GC (Allocation Failure) [PSYoungGen: 77152K->1376K(76800K)] 441253K->365477K(598016K), 0.0023674 secs] [Times: user=0.00 sys=0.00, real=0.00 secs] 
1054.419: [GC (Allocation Failure) [PSYoungGen: 76640K->1376K(76288K)] 440741K->365477K(597504K), 0.0021228 secs] [Times: user=0.01 sys=0.00, real=0.00 secs] 
1054.626: [GC (Allocation Failure) [PSYoungGen: 76128K->1501K(75776K)] 440229K->365627K(596992K), 0.0017979 secs] [Times: user=0.00 sys=0.00, real=0.00 secs] 
1054.757: [GC (Allocation Failure) [PSYoungGen: 75741K->1501K(75264K)] 439867K->365627K(596480K), 0.0017309 secs] [Times: user=0.01 sys=0.00, real=0.00 secs] 
1054.885: [GC (Allocation Failure) [PSYoungGen: 75229K->1533K(74752K)] 439355K->365659K(595968K), 0.0017851 secs] [Times: user=0.01 sys=0.00, real=0.01 secs] 
1055.301: [GC (Allocation Failure) [PSYoungGen: 74749K->1440K(75264K)] 438875K->365565K(596480K), 0.0044562 secs] [Times: user=0.02 sys=0.00, real=0.01 secs] 
1055.710: [GC (Allocation Failure) [PSYoungGen: 74656K->1408K(74240K)] 438781K->365533K(595456K), 0.0024489 secs] [Times: user=0.01 sys=0.00, real=0.00 secs] 
1056.030: [GC (Allocation Failure) [PSYoungGen: 74112K->1376K(73728K)] 438237K->365501K(594944K), 0.0020887 secs] [Times: user=0.01 sys=0.00, real=0.00 secs] 
1056.606: [GC (Allocation Failure) [PSYoungGen: 73568K->1312K(73216K)] 437693K->365437K(594432K), 0.0030493 secs] [Times: user=0.01 sys=0.00, real=0.00 secs] 
1057.030: [GC (Allocation Failure) [PSYoungGen: 72992K->1501K(72704K)] 437117K->365627K(593920K), 0.0024804 secs] [Times: user=0.01 sys=0.00, real=0.00 secs] 
1057.175: [GC (Allocation Failure) [PSYoungGen: 72669K->1501K(72192K)] 436795K->365627K(593408K), 0.0018218 secs] [Times: user=0.00 sys=0.01, real=0.01 secs] 
1057.299: [GC (Allocation Failure) [PSYoungGen: 72157K->1565K(72704K)] 436283K->365691K(593920K), 0.0017756 secs] [Times: user=0.00 sys=0.00, real=0.00 secs] 
1057.423: [GC (Allocation Failure) [PSYoungGen: 72221K->1485K(72704K)] 436347K->365611K(593920K), 0.0017004 secs] [Times: user=0.01 sys=0.00, real=0.00 secs] 
1058.175: [GC (Allocation Failure) [PSYoungGen: 72141K->1424K(71680K)] 436267K->365558K(592896K), 0.0028289 secs] [Times: user=0.01 sys=0.00, real=0.00 secs] 
1058.785: [GC (Allocation Failure) [PSYoungGen: 71568K->1408K(71168K)] 435702K->365541K(592384K), 0.0033961 secs] [Times: user=0.01 sys=0.00, real=0.00 secs] 
1059.330: [GC (Allocation Failure) [PSYoungGen: 71040K->1376K(70656K)] 435173K->365509K(591872K), 0.0028645 secs] [Times: user=0.01 sys=0.00, real=0.00 secs] 
1059.896: [GC (Allocation Failure) [PSYoungGen: 70496K->1376K(70144K)] 434629K->365509K(591360K), 0.0026160 secs] [Times: user=0.01 sys=0.00, real=0.00 secs] 
1060.109: [GC (Allocation Failure) [PSYoungGen: 69984K->1469K(69632K)] 434117K->365603K(590848K), 0.0016226 secs] [Times: user=0.01 sys=0.00, real=0.00 secs] 
1060.228: [GC (Allocation Failure) [PSYoungGen: 69565K->1501K(69120K)] 433699K->365635K(590336K), 0.0018350 secs] [Times: user=0.01 sys=0.00, real=0.00 secs] 
1060.347: [GC (Allocation Failure) [PSYoungGen: 69085K->1533K(75264K)] 433219K->365667K(596480K), 0.0017032 secs] [Times: user=0.01 sys=0.00, real=0.00 secs] 
1060.527: [GC (Allocation Failure) [PSYoungGen: 75261K->1984K(75776K)] 439395K->366118K(596992K), 0.0020323 secs] [Times: user=0.01 sys=0.00, real=0.00 secs] 
1061.014: [GC (Allocation Failure) [PSYoungGen: 75712K->1408K(74752K)] 439846K->365541K(595968K), 0.0022972 secs] [Times: user=0.01 sys=0.00, real=0.01 secs] 
1061.711: [GC (Allocation Failure) [PSYoungGen: 74624K->1408K(74240K)] 438757K->365541K(595456K), 0.0028891 secs] [Times: user=0.02 sys=0.00, real=0.00 secs] 
1062.451: [GC (Allocation Failure) [PSYoungGen: 74112K->1408K(73728K)] 438245K->365541K(594944K), 0.0024917 secs] [Times: user=0.00 sys=0.00, real=0.00 secs] 
1063.215: [GC (Allocation Failure) [PSYoungGen: 73600K->1472K(73216K)] 437733K->365606K(594432K), 0.0028063 secs] [Times: user=0.02 sys=0.00, real=0.01 secs] 
1063.391: [GC (Allocation Failure) [PSYoungGen: 73152K->1504K(72704K)] 437286K->365638K(593920K), 0.0017298 secs] [Times: user=0.01 sys=0.00, real=0.00 secs] 
1063.516: [GC (Allocation Failure) [PSYoungGen: 72672K->1453K(72192K)] 436806K->365611K(593408K), 0.0018575 secs] [Times: user=0.01 sys=0.00, real=0.00 secs] 
1063.640: [GC (Allocation Failure) [PSYoungGen: 72109K->1533K(78336K)] 436267K->365691K(599552K), 0.0017359 secs] [Times: user=0.00 sys=0.00, real=0.00 secs] 
1064.112: [GC (Allocation Failure) [PSYoungGen: 78333K->1440K(77824K)] 442491K->365597K(599040K), 0.0021509 secs] [Times: user=0.01 sys=0.00, real=0.00 secs] 
1064.747: [GC (Allocation Failure) [PSYoungGen: 77728K->1408K(77312K)] 441885K->365565K(598528K), 0.0026486 secs] [Times: user=0.01 sys=0.00, real=0.00 secs] 
1065.419: [GC (Allocation Failure) [PSYoungGen: 77184K->1376K(76800K)] 441341K->365533K(598016K), 0.0030792 secs] [Times: user=0.01 sys=0.00, real=0.00 secs] 
1066.073: [GC (Allocation Failure) [PSYoungGen: 76640K->1344K(76288K)] 440797K->365501K(597504K), 0.0031092 secs] [Times: user=0.02 sys=0.00, real=0.01 secs] 
1066.299: [GC (Allocation Failure) [PSYoungGen: 76096K->1501K(75776K)] 440253K->365659K(596992K), 0.0017898 secs] [Times: user=0.01 sys=0.00, real=0.00 secs] 
1066.430: [GC (Allocation Failure) [PSYoungGen: 75741K->1485K(75264K)] 439899K->365643K(596480K), 0.0018276 secs] [Times: user=0.01 sys=0.01, real=0.00 secs] 
1066.558: [GC (Allocation Failure) [PSYoungGen: 75213K->1469K(74752K)] 439371K->365627K(595968K), 0.0017458 secs] [Times: user=0.01 sys=0.01, real=0.00 secs] 
1066.962: [GC (Allocation Failure) [PSYoungGen: 74685K->1408K(74240K)] 438843K->365565K(595456K), 0.0021774 secs] [Times: user=0.01 sys=0.00, real=0.00 secs] 
1067.588: [GC (Allocation Failure) [PSYoungGen: 74112K->1376K(73728K)] 438269K->365533K(594944K), 0.0021293 secs] [Times: user=0.01 sys=0.00, real=0.00 secs] 
1068.229: [GC (Allocation Failure) [PSYoungGen: 73568K->1408K(73216K)] 437725K->365565K(594432K), 0.0025393 secs] [Times: user=0.02 sys=0.00, real=0.00 secs] 
1069.153: [GC (Allocation Failure) [PSYoungGen: 73088K->1376K(72704K)] 437245K->365533K(593920K), 0.0046314 secs] [Times: user=0.02 sys=0.00, real=0.01 secs] 
1069.670: [GC (Allocation Failure) [PSYoungGen: 72544K->1504K(72192K)] 436701K->365662K(593408K), 0.0022162 secs] [Times: user=0.01 sys=0.00, real=0.00 secs] 
1069.822: [GC (Allocation Failure) [PSYoungGen: 72160K->1549K(72192K)] 436318K->365707K(593408K), 0.0017074 secs] [Times: user=0.01 sys=0.00, real=0.00 secs] 
1069.945: [GC (Allocation Failure) [PSYoungGen: 71693K->1517K(71168K)] 435851K->365675K(592384K), 0.0017759 secs] [Times: user=0.01 sys=0.00, real=0.01 secs] 
1070.067: [GC (Allocation Failure) [PSYoungGen: 71149K->1533K(72192K)] 435307K->365691K(593408K), 0.0017797 secs] [Times: user=0.01 sys=0.00, real=0.00 secs] 
1070.392: [GC (Allocation Failure) [PSYoungGen: 71677K->1392K(71168K)] 435835K->365550K(592384K), 0.0020297 secs] [Times: user=0.01 sys=0.00, real=0.00 secs] 
1070.718: [GC (Allocation Failure) [PSYoungGen: 71024K->1360K(70656K)] 435182K->365518K(591872K), 0.0024875 secs] [Times: user=0.01 sys=0.00, real=0.00 secs] 
1071.005: [GC (Allocation Failure) [PSYoungGen: 70480K->1408K(70144K)] 434638K->365565K(591360K), 0.0018911 secs] [Times: user=0.01 sys=0.00, real=0.00 secs] 
1071.292: [GC (Allocation Failure) [PSYoungGen: 70016K->1408K(69632K)] 434173K->365565K(590848K), 0.0020245 secs] [Times: user=0.01 sys=0.00, real=0.00 secs] 
1071.457: [GC (Allocation Failure) [PSYoungGen: 69504K->1501K(69120K)] 433661K->365667K(590336K), 0.0016694 secs] [Times: user=0.01 sys=0.00, real=0.00 secs] 
1071.575: [GC (Allocation Failure) [PSYoungGen: 69085K->1565K(75264K)] 433251K->365731K(596480K), 0.0016059 secs] [Times: user=0.01 sys=0.00, real=0.00 secs] 
1071.723: [GC (Allocation Failure) [PSYoungGen: 74781K->1517K(75264K)] 438947K->365683K(596480K), 0.0020222 secs] [Times: user=0.01 sys=0.00, real=0.01 secs] 
1071.947: [GC (Allocation Failure) [PSYoungGen: 74733K->1440K(75264K)] 438899K->365605K(596480K), 0.0020830 secs] [Times: user=0.00 sys=0.00, real=0.00 secs] 
1072.251: [GC (Allocation Failure) [PSYoungGen: 74656K->1376K(74240K)] 438821K->365565K(595456K), 0.0021481 secs] [Times: user=0.01 sys=0.00, real=0.00 secs] 
1072.576: [GC (Allocation Failure) [PSYoungGen: 74080K->1376K(73728K)] 438269K->365565K(594944K), 0.0023010 secs] [Times: user=0.01 sys=0.00, real=0.00 secs] 
1072.876: [GC (Allocation Failure) [PSYoungGen: 73568K->1360K(73216K)] 437757K->365550K(594432K), 0.0021869 secs] [Times: user=0.01 sys=0.00, real=0.00 secs] 
1073.181: [GC (Allocation Failure) [PSYoungGen: 73040K->1501K(72704K)] 437230K->365691K(593920K), 0.0018037 secs] [Times: user=0.00 sys=0.00, real=0.00 secs] 
1073.307: [GC (Allocation Failure) [PSYoungGen: 72643K->1533K(72192K)] 436833K->365755K(593408K), 0.0016845 secs] [Times: user=0.01 sys=0.00, real=0.00 secs] 
1073.431: [GC (Allocation Failure) [PSYoungGen: 72189K->1517K(78336K)] 436411K->365739K(599552K), 0.0016417 secs] [Times: user=0.00 sys=0.01, real=0.00 secs] 
1073.566: [GC (Allocation Failure) [PSYoungGen: 78317K->1504K(78848K)] 442539K->365726K(600064K), 0.0017580 secs] [Times: user=0.01 sys=0.00, real=0.00 secs] 
1075.807: [GC (Allocation Failure) [PSYoungGen: 78304K->1440K(77824K)] 442526K->365669K(599040K), 0.0033812 secs] [Times: user=0.01 sys=0.00, real=0.00 secs] 
1076.264: [GC (Allocation Failure) [PSYoungGen: 77728K->1344K(77312K)] 441957K->365573K(598528K), 0.0023239 secs] [Times: user=0.01 sys=0.00, real=0.01 secs] 
1076.579: [GC (Allocation Failure) [PSYoungGen: 77120K->1376K(76800K)] 441349K->365605K(598016K), 0.0022664 secs] [Times: user=0.00 sys=0.00, real=0.00 secs] 
1076.948: [GC (Allocation Failure) [PSYoungGen: 76640K->1469K(76288K)] 440869K->365699K(597504K), 0.0022960 secs] [Times: user=0.01 sys=0.00, real=0.00 secs] 
1077.082: [GC (Allocation Failure) [PSYoungGen: 76221K->1501K(75776K)] 440451K->365747K(596992K), 0.0018113 secs] [Times: user=0.01 sys=0.00, real=0.00 secs] 
1077.235: [GC (Allocation Failure) [PSYoungGen: 75741K->1501K(76288K)] 439987K->365747K(597504K), 0.0020327 secs] [Times: user=0.01 sys=0.00, real=0.01 secs] 
1077.413: [GC (Allocation Failure) [PSYoungGen: 75741K->1504K(76288K)] 439987K->365750K(597504K), 0.0024303 secs] [Times: user=0.01 sys=0.00, real=0.00 secs] 
1077.876: [GC (Allocation Failure) [PSYoungGen: 75744K->1376K(75264K)] 439990K->365621K(596480K), 0.0024498 secs] [Times: user=0.01 sys=0.00, real=0.00 secs] 
1078.192: [GC (Allocation Failure) [PSYoungGen: 75104K->1440K(74752K)] 439349K->365685K(595968K), 0.0025760 secs] [Times: user=0.01 sys=0.01, real=0.00 secs] 
1078.784: [GC (Allocation Failure) [PSYoungGen: 74656K->1376K(74240K)] 438901K->365637K(595456K), 0.0023428 secs] [Times: user=0.01 sys=0.00, real=0.01 secs] 
1079.339: [GC (Allocation Failure) [PSYoungGen: 74080K->1408K(73728K)] 438341K->365669K(594944K), 0.0026861 secs] [Times: user=0.01 sys=0.00, real=0.00 secs] 
1079.619: [GC (Allocation Failure) [PSYoungGen: 73600K->1485K(73216K)] 437861K->365747K(594432K), 0.0016816 secs] [Times: user=0.00 sys=0.00, real=0.00 secs] 
1079.764: [GC (Allocation Failure) [PSYoungGen: 73165K->1533K(72704K)] 437427K->365795K(593920K), 0.0021428 secs] [Times: user=0.01 sys=0.00, real=0.01 secs] 
1079.930: [GC (Allocation Failure) [PSYoungGen: 72701K->1504K(72192K)] 436963K->365798K(593408K), 0.0021933 secs] [Times: user=0.01 sys=0.00, real=0.00 secs] 
1080.159: [GC (Allocation Failure) [PSYoungGen: 72160K->1440K(78336K)] 436454K->365733K(599552K), 0.0023081 secs] [Times: user=0.01 sys=0.00, real=0.00 secs] 
1080.479: [GC (Allocation Failure) [PSYoungGen: 78240K->1392K(77824K)] 442533K->365686K(599040K), 0.0023342 secs] [Times: user=0.00 sys=0.00, real=0.00 secs] 
1080.796: [GC (Allocation Failure) [PSYoungGen: 77680K->1408K(77312K)] 441974K->365701K(598528K), 0.0021364 secs] [Times: user=0.01 sys=0.00, real=0.00 secs] 
1081.113: [GC (Allocation Failure) [PSYoungGen: 77184K->1344K(76800K)] 441477K->365637K(598016K), 0.0021959 secs] [Times: user=0.01 sys=0.00, real=0.01 secs] 
1081.373: [GC (Allocation Failure) [PSYoungGen: 76608K->1533K(76288K)] 440901K->365827K(597504K), 0.0016938 secs] [Times: user=0.01 sys=0.00, real=0.00 secs] 
1081.504: [GC (Allocation Failure) [PSYoungGen: 76285K->1485K(75776K)] 440579K->365779K(596992K), 0.0018207 secs] [Times: user=0.00 sys=0.00, real=0.01 secs] 
1081.635: [GC (Allocation Failure) [PSYoungGen: 75725K->1469K(76288K)] 440019K->365787K(597504K), 0.0017645 secs] [Times: user=0.00 sys=0.00, real=0.00 secs] 
1081.768: [GC (Allocation Failure) [PSYoungGen: 75585K->256K(82432K)] 439903K->364573K(603648K), 0.0016310 secs] [Times: user=0.01 sys=0.00, real=0.00 secs] 
1082.930: [GC (Allocation Failure) [PSYoungGen: 80640K->1408K(81408K)] 444957K->365725K(602624K), 0.0027795 secs] [Times: user=0.01 sys=0.00, real=0.00 secs] 
1083.604: [GC (Allocation Failure) [PSYoungGen: 81280K->1392K(80896K)] 445597K->365710K(602112K), 0.0025366 secs] [Times: user=0.01 sys=0.00, real=0.01 secs] 
1084.357: [GC (Allocation Failure) [PSYoungGen: 80752K->1376K(80384K)] 445070K->365693K(601600K), 0.0023081 secs] [Times: user=0.01 sys=0.00, real=0.00 secs] 
1084.924: [GC (Allocation Failure) [PSYoungGen: 80224K->1501K(79872K)] 444541K->365819K(601088K), 0.0022323 secs] [Times: user=0.01 sys=0.00, real=0.01 secs] 
1085.070: [GC (Allocation Failure) [PSYoungGen: 79837K->1520K(79360K)] 444155K->365838K(600576K), 0.0017763 secs] [Times: user=0.01 sys=0.00, real=0.00 secs] 
1085.207: [GC (Allocation Failure) [PSYoungGen: 79344K->1520K(78848K)] 443662K->365838K(600064K), 0.0019138 secs] [Times: user=0.01 sys=0.00, real=0.00 secs] 
1085.406: [GC (Allocation Failure) [PSYoungGen: 78832K->1504K(78336K)] 443150K->365821K(599552K), 0.0019346 secs] [Times: user=0.01 sys=0.00, real=0.00 secs] 
1085.725: [GC (Allocation Failure) [PSYoungGen: 78304K->1376K(77824K)] 442621K->365693K(599040K), 0.0021732 secs] [Times: user=0.01 sys=0.00, real=0.01 secs] 
1086.042: [GC (Allocation Failure) [PSYoungGen: 77664K->1344K(77312K)] 441981K->365661K(598528K), 0.0020768 secs] [Times: user=0.00 sys=0.00, real=0.00 secs] 
1086.358: [GC (Allocation Failure) [PSYoungGen: 77120K->1344K(76800K)] 441437K->365661K(598016K), 0.0020257 secs] [Times: user=0.00 sys=0.00, real=0.00 secs] 
1086.607: [GC (Allocation Failure) [PSYoungGen: 76608K->1485K(76288K)] 440925K->365803K(597504K), 0.0017817 secs] [Times: user=0.01 sys=0.00, real=0.00 secs] 
1086.739: [GC (Allocation Failure) [PSYoungGen: 76237K->1469K(75776K)] 440555K->365787K(596992K), 0.0017230 secs] [Times: user=0.01 sys=0.00, real=0.00 secs] 
1086.869: [GC (Allocation Failure) [PSYoungGen: 75709K->1501K(76288K)] 440027K->365819K(597504K), 0.0018167 secs] [Times: user=0.01 sys=0.00, real=0.00 secs] 
1087.001: [GC (Allocation Failure) [PSYoungGen: 75579K->320K(82432K)] 439897K->364637K(603648K), 0.0017537 secs] [Times: user=0.00 sys=0.00, real=0.00 secs] 
1087.363: [GC (Allocation Failure) [PSYoungGen: 80704K->1392K(81408K)] 445021K->365710K(602624K), 0.0023693 secs] [Times: user=0.00 sys=0.00, real=0.01 secs] 
1087.696: [GC (Allocation Failure) [PSYoungGen: 81264K->1392K(80896K)] 445582K->365718K(602112K), 0.0021572 secs] [Times: user=0.01 sys=0.00, real=0.00 secs] 
1088.145: [GC (Allocation Failure) [PSYoungGen: 80752K->1376K(80384K)] 445078K->365701K(601600K), 0.0021452 secs] [Times: user=0.01 sys=0.00, real=0.00 secs] 
1088.418: [GC (Allocation Failure) [PSYoungGen: 80224K->1469K(79872K)] 444549K->365795K(601088K), 0.0017755 secs] [Times: user=0.01 sys=0.00, real=0.00 secs] 
1088.555: [GC (Allocation Failure) [PSYoungGen: 79805K->1533K(79360K)] 444131K->365867K(600576K), 0.0018792 secs] [Times: user=0.01 sys=0.00, real=0.01 secs] 
1088.692: [GC (Allocation Failure) [PSYoungGen: 79357K->1469K(79872K)] 443691K->365803K(601088K), 0.0017635 secs] [Times: user=0.01 sys=0.00, real=0.00 secs] 
1089.026: [GC (Allocation Failure) [PSYoungGen: 79293K->1456K(78848K)] 443627K->365790K(600064K), 0.0020544 secs] [Times: user=0.01 sys=0.00, real=0.00 secs] 
1090.122: [GC (Allocation Failure) [PSYoungGen: 78768K->1360K(78336K)] 443102K->365694K(599552K), 0.0071814 secs] [Times: user=0.03 sys=0.00, real=0.01 secs] 
1091.130: [GC (Allocation Failure) [PSYoungGen: 78160K->1408K(77824K)] 442494K->365741K(599040K), 0.0029658 secs] [Times: user=0.01 sys=0.00, real=0.00 secs] 
1092.194: [GC (Allocation Failure) [PSYoungGen: 77696K->1344K(77312K)] 442029K->365677K(598528K), 0.0031739 secs] [Times: user=0.01 sys=0.00, real=0.01 secs] 
1092.898: [GC (Allocation Failure) [PSYoungGen: 77120K->1533K(76800K)] 441453K->365867K(598016K), 0.0022042 secs] [Times: user=0.01 sys=0.00, real=0.00 secs] 
1093.039: [GC (Allocation Failure) [PSYoungGen: 76797K->1533K(76288K)] 441131K->365867K(597504K), 0.0017114 secs] [Times: user=0.01 sys=0.00, real=0.00 secs] 
1093.170: [GC (Allocation Failure) [PSYoungGen: 76285K->1536K(76288K)] 440619K->365870K(597504K), 0.0017291 secs] [Times: user=0.01 sys=0.00, real=0.00 secs] 
1093.355: [GC (Allocation Failure) [PSYoungGen: 75776K->1472K(75264K)] 440110K->366318K(596480K), 0.0019937 secs] [Times: user=0.01 sys=0.00, real=0.01 secs] 
1093.712: [GC (Allocation Failure) [PSYoungGen: 75200K->1376K(74752K)] 440046K->366222K(595968K), 0.0021208 secs] [Times: user=0.01 sys=0.00, real=0.00 secs] 
1094.057: [GC (Allocation Failure) [PSYoungGen: 74592K->1408K(74240K)] 439438K->366278K(595456K), 0.0019433 secs] [Times: user=0.01 sys=0.00, real=0.00 secs] 
1094.363: [GC (Allocation Failure) [PSYoungGen: 74112K->1344K(73728K)] 438982K->366214K(594944K), 0.0022402 secs] [Times: user=0.01 sys=0.00, real=0.01 secs] 
1094.794: [GC (Allocation Failure) [PSYoungGen: 73536K->1501K(73216K)] 438406K->366371K(594432K), 0.0022251 secs] [Times: user=0.01 sys=0.00, real=0.01 secs] 
1094.966: [GC (Allocation Failure) [PSYoungGen: 73181K->1536K(73216K)] 438051K->366406K(594432K), 0.0024684 secs] [Times: user=0.01 sys=0.00, real=0.00 secs] 
1095.127: [GC (Allocation Failure) [PSYoungGen: 72704K->432K(71168K)] 437574K->366334K(592384K), 0.0018865 secs] [Times: user=0.01 sys=0.00, real=0.00 secs] 
1095.251: [GC (Allocation Failure) [PSYoungGen: 71088K->493K(72704K)] 436990K->366395K(593920K), 0.0018057 secs] [Times: user=0.01 sys=0.00, real=0.00 secs] 
1095.790: [GC (Allocation Failure) [PSYoungGen: 71149K->1424K(71680K)] 437051K->367334K(592896K), 0.0032924 secs] [Times: user=0.01 sys=0.00, real=0.00 secs] 
1096.437: [GC (Allocation Failure) [PSYoungGen: 71568K->1392K(71168K)] 437478K->367310K(592384K), 0.0027855 secs] [Times: user=0.01 sys=0.00, real=0.00 secs] 
1097.151: [GC (Allocation Failure) [PSYoungGen: 71024K->1392K(70656K)] 436942K->367310K(591872K), 0.0026830 secs] [Times: user=0.01 sys=0.00, real=0.00 secs] 
1097.718: [GC (Allocation Failure) [PSYoungGen: 70512K->1344K(70144K)] 436430K->367262K(591360K), 0.0027665 secs] [Times: user=0.01 sys=0.00, real=0.00 secs] 
1098.667: [GC (Allocation Failure) [PSYoungGen: 69952K->1533K(69632K)] 435870K->367451K(590848K), 0.0023856 secs] [Times: user=0.01 sys=0.00, real=0.00 secs] 
1098.821: [GC (Allocation Failure) [PSYoungGen: 69605K->1533K(69120K)] 435523K->367451K(590336K), 0.0019380 secs] [Times: user=0.01 sys=0.00, real=0.00 secs] 
1098.941: [GC (Allocation Failure) [PSYoungGen: 69117K->1504K(68608K)] 435035K->367422K(589824K), 0.0018166 secs] [Times: user=0.01 sys=0.00, real=0.00 secs] 
1099.076: [GC (Allocation Failure) [PSYoungGen: 68550K->1501K(75264K)] 434468K->367435K(596480K), 0.0019984 secs] [Times: user=0.01 sys=0.00, real=0.00 secs] 
1100.287: [GC (Allocation Failure) [PSYoungGen: 74717K->1440K(74240K)] 440651K->367374K(595456K), 0.0037853 secs] [Times: user=0.02 sys=0.00, real=0.00 secs] 
1101.243: [GC (Allocation Failure) [PSYoungGen: 74144K->1376K(73728K)] 440078K->367310K(594944K), 0.0045132 secs] [Times: user=0.02 sys=0.00, real=0.01 secs] 
1102.174: [GC (Allocation Failure) [PSYoungGen: 73568K->1344K(73216K)] 439502K->367278K(594432K), 0.0044143 secs] [Times: user=0.02 sys=0.00, real=0.01 secs] 
1102.752: [GC (Allocation Failure) [PSYoungGen: 73024K->1376K(72704K)] 438958K->367310K(593920K), 0.0024134 secs] [Times: user=0.01 sys=0.00, real=0.00 secs] 
1103.048: [GC (Allocation Failure) [PSYoungGen: 72544K->1485K(72192K)] 438478K->367419K(593408K), 0.0018097 secs] [Times: user=0.01 sys=0.00, real=0.00 secs] 
1103.173: [GC (Allocation Failure) [PSYoungGen: 72141K->1533K(71680K)] 438075K->367467K(592896K), 0.0018802 secs] [Times: user=0.00 sys=0.00, real=0.00 secs] 
1103.314: [GC (Allocation Failure) [PSYoungGen: 71677K->1504K(72192K)] 437611K->367438K(593408K), 0.0020348 secs] [Times: user=0.01 sys=0.00, real=0.01 secs] 
1103.563: [GC (Allocation Failure) [PSYoungGen: 71648K->1472K(71168K)] 437582K->367406K(592384K), 0.0023940 secs] [Times: user=0.01 sys=0.00, real=0.01 secs] 
1104.169: [GC (Allocation Failure) [PSYoungGen: 71104K->1376K(70656K)] 437038K->367310K(591872K), 0.0024622 secs] [Times: user=0.01 sys=0.00, real=0.00 secs] 
1104.786: [GC (Allocation Failure) [PSYoungGen: 70496K->1360K(70144K)] 436430K->367294K(591360K), 0.0025292 secs] [Times: user=0.01 sys=0.00, real=0.00 secs] 
1105.357: [GC (Allocation Failure) [PSYoungGen: 69968K->1408K(69632K)] 435902K->367358K(590848K), 0.0023261 secs] [Times: user=0.01 sys=0.00, real=0.00 secs] 
1106.139: [GC (Allocation Failure) [PSYoungGen: 69504K->1504K(69120K)] 435454K->367454K(590336K), 0.0031112 secs] [Times: user=0.02 sys=0.00, real=0.00 secs] 
1106.316: [GC (Allocation Failure) [PSYoungGen: 69088K->1501K(68608K)] 435038K->367451K(589824K), 0.0017727 secs] [Times: user=0.00 sys=0.00, real=0.00 secs] 
1106.434: [GC (Allocation Failure) [PSYoungGen: 68573K->1533K(68096K)] 434523K->367483K(589312K), 0.0016873 secs] [Times: user=0.01 sys=0.00, real=0.01 secs] 
1106.550: [GC (Allocation Failure) [PSYoungGen: 68093K->1501K(68608K)] 434043K->367451K(589824K), 0.0017054 secs] [Times: user=0.00 sys=0.00, real=0.00 secs] 
1106.785: [GC (Allocation Failure) [PSYoungGen: 68061K->1504K(67584K)] 434011K->367462K(588800K), 0.0019991 secs] [Times: user=0.01 sys=0.00, real=0.01 secs] 
1107.552: [GC (Allocation Failure) [PSYoungGen: 67552K->1376K(67072K)] 433510K->367334K(588288K), 0.0020550 secs] [Times: user=0.01 sys=0.00, real=0.00 secs] 
1108.250: [GC (Allocation Failure) [PSYoungGen: 66912K->1408K(66560K)] 432870K->367366K(587776K), 0.0021192 secs] [Times: user=0.01 sys=0.00, real=0.00 secs] 
1108.801: [GC (Allocation Failure) [PSYoungGen: 66432K->1312K(66048K)] 432390K->367270K(587264K), 0.0024385 secs] [Times: user=0.01 sys=0.00, real=0.00 secs] 
1109.343: [GC (Allocation Failure) [PSYoungGen: 65824K->1344K(65536K)] 431782K->367302K(586752K), 0.0023482 secs] [Times: user=0.01 sys=0.00, real=0.01 secs] 
1109.527: [GC (Allocation Failure) [PSYoungGen: 65344K->1485K(65024K)] 431302K->367443K(586240K), 0.0019231 secs] [Times: user=0.01 sys=0.00, real=0.00 secs] 
1109.639: [GC (Allocation Failure) [PSYoungGen: 64973K->1501K(64512K)] 430931K->367459K(585728K), 0.0018649 secs] [Times: user=0.01 sys=0.00, real=0.00 secs] 
1109.749: [GC (Allocation Failure) [PSYoungGen: 64477K->1533K(65024K)] 430435K->367507K(586240K), 0.0017565 secs] [Times: user=0.01 sys=0.00, real=0.00 secs] 
1109.859: [GC (Allocation Failure) [PSYoungGen: 64509K->1485K(65024K)] 430483K->367459K(586240K), 0.0016579 secs] [Times: user=0.01 sys=0.00, real=0.00 secs] 
1110.377: [GC (Allocation Failure) [PSYoungGen: 64461K->1408K(70144K)] 430435K->367382K(591360K), 0.0024170 secs] [Times: user=0.00 sys=0.01, real=0.00 secs] 
1111.030: [GC (Allocation Failure) [PSYoungGen: 70016K->1376K(69632K)] 435990K->367350K(590848K), 0.0039593 secs] [Times: user=0.02 sys=0.00, real=0.00 secs] 
1111.698: [GC (Allocation Failure) [PSYoungGen: 69472K->1360K(69120K)] 435446K->367334K(590336K), 0.0047306 secs] [Times: user=0.02 sys=0.01, real=0.00 secs] 
1112.375: [GC (Allocation Failure) [PSYoungGen: 68944K->1376K(68608K)] 434918K->367350K(589824K), 0.0036948 secs] [Times: user=0.01 sys=0.00, real=0.01 secs] 
1112.762: [GC (Allocation Failure) [PSYoungGen: 68448K->1504K(68096K)] 434422K->367478K(589312K), 0.0020915 secs] [Times: user=0.01 sys=0.00, real=0.00 secs] 
1112.894: [GC (Allocation Failure) [PSYoungGen: 68064K->1501K(67584K)] 434038K->367475K(588800K), 0.0018015 secs] [Times: user=0.00 sys=0.00, real=0.01 secs] 
1113.010: [GC (Allocation Failure) [PSYoungGen: 67549K->1533K(68096K)] 433523K->367523K(589312K), 0.0017864 secs] [Times: user=0.01 sys=0.00, real=0.00 secs] 
1113.126: [GC (Allocation Failure) [PSYoungGen: 67581K->1472K(68096K)] 433571K->367478K(589312K), 0.0017091 secs] [Times: user=0.01 sys=0.00, real=0.00 secs] 
1113.420: [GC (Allocation Failure) [PSYoungGen: 67520K->1408K(73216K)] 433526K->367414K(594432K), 0.0021625 secs] [Times: user=0.01 sys=0.00, real=0.00 secs] 
1114.036: [GC (Allocation Failure) [PSYoungGen: 73088K->1408K(72704K)] 439094K->367414K(593920K), 0.0035835 secs] [Times: user=0.01 sys=0.01, real=0.00 secs] 
1114.607: [GC (Allocation Failure) [PSYoungGen: 72576K->1376K(72192K)] 438582K->367382K(593408K), 0.0027265 secs] [Times: user=0.01 sys=0.00, real=0.00 secs] 
1115.254: [GC (Allocation Failure) [PSYoungGen: 72032K->1408K(71680K)] 438038K->367414K(592896K), 0.0027940 secs] [Times: user=0.01 sys=0.00, real=0.01 secs] 
1115.539: [GC (Allocation Failure) [PSYoungGen: 71552K->1504K(71168K)] 437558K->367510K(592384K), 0.0018834 secs] [Times: user=0.01 sys=0.00, real=0.00 secs] 
1115.662: [GC (Allocation Failure) [PSYoungGen: 71136K->1469K(70656K)] 437142K->367475K(591872K), 0.0017703 secs] [Times: user=0.01 sys=0.00, real=0.00 secs] 
1115.785: [GC (Allocation Failure) [PSYoungGen: 70589K->1501K(71168K)] 436595K->367507K(592384K), 0.0017731 secs] [Times: user=0.00 sys=0.00, real=0.01 secs] 
1116.017: [GC (Allocation Failure) [PSYoungGen: 70621K->1584K(70656K)] 436627K->367590K(591872K), 0.0019290 secs] [Times: user=0.01 sys=0.00, real=0.00 secs] 
1116.650: [GC (Allocation Failure) [PSYoungGen: 70192K->1408K(69632K)] 436198K->367414K(590848K), 0.0022345 secs] [Times: user=0.01 sys=0.00, real=0.00 secs] 
1117.252: [GC (Allocation Failure) [PSYoungGen: 69504K->1344K(69120K)] 435510K->367350K(590336K), 0.0024272 secs] [Times: user=0.01 sys=0.00, real=0.00 secs] 
1117.843: [GC (Allocation Failure) [PSYoungGen: 68928K->1344K(68608K)] 434934K->367350K(589824K), 0.0029110 secs] [Times: user=0.01 sys=0.00, real=0.01 secs] 
1118.183: [GC (Allocation Failure) [PSYoungGen: 68416K->1392K(68096K)] 434422K->367406K(589312K), 0.0023164 secs] [Times: user=0.01 sys=0.00, real=0.01 secs] 
1118.374: [GC (Allocation Failure) [PSYoungGen: 67952K->1517K(67584K)] 433966K->367531K(588800K), 0.0017397 secs] [Times: user=0.01 sys=0.00, real=0.01 secs] 
1118.489: [GC (Allocation Failure) [PSYoungGen: 67565K->1517K(67072K)] 433579K->367531K(588288K), 0.0018275 secs] [Times: user=0.01 sys=0.00, real=0.00 secs] 
1118.606: [GC (Allocation Failure) [PSYoungGen: 67053K->1533K(67584K)] 433067K->367547K(588800K), 0.0017674 secs] [Times: user=0.01 sys=0.00, real=0.00 secs] 
1118.722: [GC (Allocation Failure) [PSYoungGen: 67574K->1533K(68096K)] 433588K->367563K(589312K), 0.0016735 secs] [Times: user=0.00 sys=0.00, real=0.00 secs] 
1119.567: [GC (Allocation Failure) [PSYoungGen: 67581K->1376K(67072K)] 433611K->367406K(588288K), 0.0033826 secs] [Times: user=0.02 sys=0.00, real=0.00 secs] 
1120.382: [GC (Allocation Failure) [PSYoungGen: 66912K->1344K(66560K)] 432942K->367374K(587776K), 0.0054221 secs] [Times: user=0.02 sys=0.00, real=0.01 secs] 
1121.337: [GC (Allocation Failure) [PSYoungGen: 66368K->1392K(66048K)] 432398K->367422K(587264K), 0.0043143 secs] [Times: user=0.02 sys=0.00, real=0.00 secs] 
1122.138: [GC (Allocation Failure) [PSYoungGen: 65904K->1408K(65536K)] 431934K->367438K(586752K), 0.0038246 secs] [Times: user=0.02 sys=0.01, real=0.00 secs] 
1122.554: [GC (Allocation Failure) [PSYoungGen: 65408K->1533K(65024K)] 431438K->367563K(586240K), 0.0020479 secs] [Times: user=0.01 sys=0.00, real=0.01 secs] 
1122.684: [GC (Allocation Failure) [PSYoungGen: 65021K->1469K(64512K)] 431051K->367499K(585728K), 0.0017806 secs] [Times: user=0.00 sys=0.00, real=0.01 secs] 
1122.794: [GC (Allocation Failure) [PSYoungGen: 64445K->1469K(70144K)] 430475K->367515K(591360K), 0.0017104 secs] [Times: user=0.01 sys=0.00, real=0.01 secs] 
1122.913: [GC (Allocation Failure) [PSYoungGen: 70077K->1501K(70656K)] 436123K->367547K(591872K), 0.0017860 secs] [Times: user=0.01 sys=0.00, real=0.00 secs] 
1124.127: [GC (Allocation Failure) [PSYoungGen: 70109K->1408K(69632K)] 436155K->367486K(590848K), 0.0041058 secs] [Times: user=0.02 sys=0.00, real=0.00 secs] 
1125.177: [GC (Allocation Failure) [PSYoungGen: 69504K->1360K(69120K)] 435582K->367438K(590336K), 0.0041667 secs] [Times: user=0.01 sys=0.00, real=0.00 secs] 
1126.043: [GC (Allocation Failure) [PSYoungGen: 68944K->1376K(68608K)] 435022K->367454K(589824K), 0.0038003 secs] [Times: user=0.02 sys=0.00, real=0.01 secs] 
1126.998: [GC (Allocation Failure) [PSYoungGen: 68448K->1408K(68096K)] 434526K->367486K(589312K), 0.0039462 secs] [Times: user=0.02 sys=0.00, real=0.00 secs] 
1127.619: [GC (Allocation Failure) [PSYoungGen: 67968K->1469K(67584K)] 434046K->367547K(588800K), 0.0021022 secs] [Times: user=0.01 sys=0.00, real=0.00 secs] 
1127.792: [GC (Allocation Failure) [PSYoungGen: 67517K->1533K(67072K)] 433595K->367611K(588288K), 0.0025467 secs] [Times: user=0.01 sys=0.00, real=0.00 secs] 
1127.971: [GC (Allocation Failure) [PSYoungGen: 67069K->1504K(66560K)] 433147K->367582K(587776K), 0.0023839 secs] [Times: user=0.01 sys=0.00, real=0.00 secs] 
1128.159: [GC (Allocation Failure) [PSYoungGen: 66528K->1504K(72192K)] 432606K->367598K(593408K), 0.0024164 secs] [Times: user=0.01 sys=0.00, real=0.00 secs] 
1128.887: [GC (Allocation Failure) [PSYoungGen: 72160K->1424K(71680K)] 438254K->367518K(592896K), 0.0041521 secs] [Times: user=0.02 sys=0.00, real=0.00 secs] 
1129.428: [GC (Allocation Failure) [PSYoungGen: 71568K->1344K(71168K)] 437662K->367438K(592384K), 0.0030022 secs] [Times: user=0.01 sys=0.00, real=0.00 secs] 
1130.002: [GC (Allocation Failure) [PSYoungGen: 70976K->1344K(70656K)] 437070K->367438K(591872K), 0.0036257 secs] [Times: user=0.02 sys=0.00, real=0.01 secs] 
1130.688: [GC (Allocation Failure) [PSYoungGen: 70464K->1344K(70144K)] 436558K->367438K(591360K), 0.0035762 secs] [Times: user=0.01 sys=0.00, real=0.00 secs] 
1131.151: [GC (Allocation Failure) [PSYoungGen: 69952K->1504K(69632K)] 436046K->367598K(590848K), 0.0026206 secs] [Times: user=0.01 sys=0.00, real=0.00 secs] 
1131.306: [GC (Allocation Failure) [PSYoungGen: 69600K->1501K(69120K)] 435694K->367595K(590336K), 0.0017671 secs] [Times: user=0.00 sys=0.00, real=0.00 secs] 
1131.431: [GC (Allocation Failure) [PSYoungGen: 69085K->1501K(68608K)] 435179K->367595K(589824K), 0.0017810 secs] [Times: user=0.01 sys=0.00, real=0.00 secs] 
1131.553: [GC (Allocation Failure) [PSYoungGen: 68573K->1533K(69120K)] 434667K->367651K(590336K), 0.0017285 secs] [Times: user=0.00 sys=0.00, real=0.00 secs] 
1131.837: [GC (Allocation Failure) [PSYoungGen: 68605K->1408K(75264K)] 434723K->367526K(596480K), 0.0033956 secs] [Times: user=0.01 sys=0.00, real=0.00 secs] 
1132.193: [GC (Allocation Failure) [PSYoungGen: 74624K->1344K(74240K)] 440742K->367462K(595456K), 0.0023413 secs] [Times: user=0.01 sys=0.00, real=0.01 secs] 
1132.497: [GC (Allocation Failure) [PSYoungGen: 74048K->1408K(73728K)] 440166K->367526K(594944K), 0.0023807 secs] [Times: user=0.01 sys=0.00, real=0.00 secs] 
1132.864: [GC (Allocation Failure) [PSYoungGen: 73600K->1376K(73216K)] 439718K->367518K(594432K), 0.0022217 secs] [Times: user=0.01 sys=0.00, real=0.01 secs] 
1133.081: [GC (Allocation Failure) [PSYoungGen: 73056K->1517K(72704K)] 439198K->367659K(593920K), 0.0017043 secs] [Times: user=0.01 sys=0.00, real=0.00 secs] 
1133.206: [GC (Allocation Failure) [PSYoungGen: 72685K->1501K(72192K)] 438827K->367643K(593408K), 0.0017721 secs] [Times: user=0.01 sys=0.00, real=0.00 secs] 
1133.330: [GC (Allocation Failure) [PSYoungGen: 72157K->1517K(72704K)] 438299K->367659K(593920K), 0.0017090 secs] [Times: user=0.01 sys=0.01, real=0.00 secs] 
1134.050: [GC (Allocation Failure) [PSYoungGen: 72173K->1424K(71680K)] 438315K->367566K(592896K), 0.0025091 secs] [Times: user=0.01 sys=0.00, real=0.00 secs] 
1134.750: [GC (Allocation Failure) [PSYoungGen: 71568K->1408K(71168K)] 437710K->367550K(592384K), 0.0025886 secs] [Times: user=0.01 sys=0.00, real=0.00 secs] 
1135.341: [GC (Allocation Failure) [PSYoungGen: 71040K->1344K(70656K)] 437182K->367486K(591872K), 0.0042935 secs] [Times: user=0.02 sys=0.00, real=0.01 secs] 
1135.938: [GC (Allocation Failure) [PSYoungGen: 70464K->1344K(70144K)] 436606K->367486K(591360K), 0.0036872 secs] [Times: user=0.01 sys=0.00, real=0.00 secs] 
1136.534: [GC (Allocation Failure) [PSYoungGen: 69952K->1488K(69632K)] 436094K->367630K(590848K), 0.0029099 secs] [Times: user=0.01 sys=0.00, real=0.01 secs] 
1136.714: [GC (Allocation Failure) [PSYoungGen: 69584K->1469K(69120K)] 435726K->367611K(590336K), 0.0017253 secs] [Times: user=0.00 sys=0.00, real=0.01 secs] 
1136.832: [GC (Allocation Failure) [PSYoungGen: 69053K->1501K(68608K)] 435195K->367643K(589824K), 0.0016704 secs] [Times: user=0.00 sys=0.00, real=0.00 secs] 
1136.949: [GC (Allocation Failure) [PSYoungGen: 68558K->1501K(69120K)] 434700K->367643K(590336K), 0.0017749 secs] [Times: user=0.00 sys=0.00, real=0.00 secs] 
1137.338: [GC (Allocation Failure) [PSYoungGen: 68573K->1472K(68096K)] 434715K->367614K(589312K), 0.0021645 secs] [Times: user=0.01 sys=0.00, real=0.00 secs] 
1138.044: [GC (Allocation Failure) [PSYoungGen: 68032K->1376K(67584K)] 434174K->367518K(588800K), 0.0021658 secs] [Times: user=0.01 sys=0.00, real=0.01 secs] 
1138.863: [GC (Allocation Failure) [PSYoungGen: 67424K->1408K(67072K)] 433566K->367550K(588288K), 0.0047318 secs] [Times: user=0.02 sys=0.00, real=0.01 secs] 
1139.577: [GC (Allocation Failure) [PSYoungGen: 66944K->1376K(66560K)] 433086K->367518K(587776K), 0.0037088 secs] [Times: user=0.01 sys=0.00, real=0.00 secs] 
1140.122: [GC (Allocation Failure) [PSYoungGen: 66380K->1469K(66048K)] 432522K->367611K(587264K), 0.0029715 secs] [Times: user=0.01 sys=0.00, real=0.01 secs] 
1140.293: [GC (Allocation Failure) [PSYoungGen: 65981K->1533K(65536K)] 432123K->367675K(586752K), 0.0018169 secs] [Times: user=0.00 sys=0.00, real=0.00 secs] 
1140.406: [GC (Allocation Failure) [PSYoungGen: 65533K->1536K(65536K)] 431675K->367678K(586752K), 0.0017378 secs] [Times: user=0.01 sys=0.00, real=0.00 secs] 
1140.517: [GC (Allocation Failure) [PSYoungGen: 65024K->1504K(65536K)] 431166K->367670K(586752K), 0.0016800 secs] [Times: user=0.01 sys=0.00, real=0.00 secs] 
1140.662: [GC (Allocation Failure) [PSYoungGen: 65504K->1568K(66048K)] 431670K->367734K(587264K), 0.0019551 secs] [Times: user=0.01 sys=0.00, real=0.00 secs] 
1141.158: [GC (Allocation Failure) [PSYoungGen: 65568K->1408K(71680K)] 431734K->367574K(592896K), 0.0030090 secs] [Times: user=0.02 sys=0.00, real=0.00 secs] 
1141.721: [GC (Allocation Failure) [PSYoungGen: 71040K->1440K(70656K)] 437206K->367606K(591872K), 0.0037610 secs] [Times: user=0.02 sys=0.00, real=0.00 secs] 
1142.218: [GC (Allocation Failure) [PSYoungGen: 70560K->1376K(70144K)] 436726K->367542K(591360K), 0.0026348 secs] [Times: user=0.01 sys=0.00, real=0.00 secs] 
1142.574: [GC (Allocation Failure) [PSYoungGen: 69984K->1376K(69632K)] 436150K->367542K(590848K), 0.0022412 secs] [Times: user=0.01 sys=0.00, real=0.01 secs] 
1142.778: [GC (Allocation Failure) [PSYoungGen: 69472K->1565K(69632K)] 435638K->367731K(590848K), 0.0017276 secs] [Times: user=0.00 sys=0.00, real=0.00 secs] 
1142.897: [GC (Allocation Failure) [PSYoungGen: 69149K->1533K(68608K)] 435315K->367699K(589824K), 0.0018022 secs] [Times: user=0.00 sys=0.00, real=0.00 secs] 
1143.034: [GC (Allocation Failure) [PSYoungGen: 68605K->1501K(69120K)] 434771K->367699K(590336K), 0.0021474 secs] [Times: user=0.01 sys=0.00, real=0.01 secs] 
1143.249: [GC (Allocation Failure) [PSYoungGen: 69085K->1952K(69632K)] 435283K->368150K(590848K), 0.0017581 secs] [Times: user=0.01 sys=0.00, real=0.00 secs] 
1143.984: [GC (Allocation Failure) [PSYoungGen: 69536K->1440K(68608K)] 435734K->367638K(589824K), 0.0022092 secs] [Times: user=0.01 sys=0.00, real=0.01 secs] 
1144.707: [GC (Allocation Failure) [PSYoungGen: 68512K->1360K(68096K)] 434710K->367558K(589312K), 0.0048774 secs] [Times: user=0.03 sys=0.00, real=0.00 secs] 
1145.318: [GC (Allocation Failure) [PSYoungGen: 67920K->1376K(67584K)] 434118K->367574K(588800K), 0.0034773 secs] [Times: user=0.02 sys=0.00, real=0.00 secs] 
1145.910: [GC (Allocation Failure) [PSYoungGen: 67424K->1376K(67072K)] 433622K->367574K(588288K), 0.0036569 secs] [Times: user=0.01 sys=0.00, real=0.00 secs] 
1146.170: [GC (Allocation Failure) [PSYoungGen: 66912K->1501K(66560K)] 433110K->367699K(587776K), 0.0020954 secs] [Times: user=0.01 sys=0.00, real=0.00 secs] 
1146.285: [GC (Allocation Failure) [PSYoungGen: 66525K->1533K(66048K)] 432723K->367731K(587264K), 0.0016943 secs] [Times: user=0.01 sys=0.00, real=0.00 secs] 
1146.400: [GC (Allocation Failure) [PSYoungGen: 66045K->1501K(72192K)] 432243K->367715K(593408K), 0.0018654 secs] [Times: user=0.01 sys=0.00, real=0.00 secs] 
1146.523: [GC (Allocation Failure) [PSYoungGen: 72157K->1501K(72704K)] 438371K->367715K(593920K), 0.0018160 secs] [Times: user=0.01 sys=0.00, real=0.01 secs] 
1147.143: [GC (Allocation Failure) [PSYoungGen: 72157K->1456K(78336K)] 438371K->367670K(599552K), 0.0025001 secs] [Times: user=0.01 sys=0.00, real=0.01 secs] 
1147.792: [GC (Allocation Failure) [PSYoungGen: 78256K->1344K(77824K)] 444470K->367558K(599040K), 0.0036967 secs] [Times: user=0.02 sys=0.00, real=0.01 secs] 
1148.399: [GC (Allocation Failure) [PSYoungGen: 77632K->1424K(77312K)] 443846K->367638K(598528K), 0.0029420 secs] [Times: user=0.02 sys=0.00, real=0.00 secs] 
1148.819: [GC (Allocation Failure) [PSYoungGen: 77200K->1533K(76800K)] 443414K->367747K(598016K), 0.0021843 secs] [Times: user=0.01 sys=0.00, real=0.00 secs] 
1148.973: [GC (Allocation Failure) [PSYoungGen: 76797K->1485K(76288K)] 443011K->367699K(597504K), 0.0018191 secs] [Times: user=0.01 sys=0.00, real=0.00 secs] 
1149.104: [GC (Allocation Failure) [PSYoungGen: 76237K->1517K(75776K)] 442451K->367731K(596992K), 0.0017508 secs] [Times: user=0.00 sys=0.00, real=0.01 secs] 
1149.255: [GC (Allocation Failure) [PSYoungGen: 75757K->1533K(76288K)] 441971K->367779K(597504K), 0.0020732 secs] [Times: user=0.01 sys=0.00, real=0.01 secs] 
1149.860: [GC (Allocation Failure) [PSYoungGen: 75773K->1376K(75264K)] 442019K->367622K(596480K), 0.0024094 secs] [Times: user=0.01 sys=0.00, real=0.00 secs] 
1150.465: [GC (Allocation Failure) [PSYoungGen: 75104K->1440K(74752K)] 441350K->367686K(595968K), 0.0046093 secs] [Times: user=0.02 sys=0.00, real=0.01 secs] 
1151.286: [GC (Allocation Failure) [PSYoungGen: 74656K->1376K(74240K)] 440902K->367622K(595456K), 0.0034931 secs] [Times: user=0.02 sys=0.00, real=0.00 secs] 
1152.195: [GC (Allocation Failure) [PSYoungGen: 74080K->1376K(73728K)] 440326K->367622K(594944K), 0.0046861 secs] [Times: user=0.02 sys=0.00, real=0.01 secs] 
1152.492: [GC (Allocation Failure) [PSYoungGen: 73568K->1504K(73216K)] 439814K->367750K(594432K), 0.0022392 secs] [Times: user=0.01 sys=0.00, real=0.00 secs] 
1152.624: [GC (Allocation Failure) [PSYoungGen: 73184K->1517K(72704K)] 439430K->367763K(593920K), 0.0017420 secs] [Times: user=0.01 sys=0.00, real=0.01 secs] 
1152.748: [GC (Allocation Failure) [PSYoungGen: 72685K->1533K(73216K)] 438931K->367779K(594432K), 0.0017911 secs] [Times: user=0.01 sys=0.00, real=0.00 secs] 
1153.033: [GC (Allocation Failure) [PSYoungGen: 72701K->1472K(72192K)] 438947K->367718K(593408K), 0.0022756 secs] [Times: user=0.01 sys=0.00, real=0.00 secs] 
1153.327: [GC (Allocation Failure) [PSYoungGen: 72128K->1376K(71680K)] 438374K->367622K(592896K), 0.0025611 secs] [Times: user=0.01 sys=0.00, real=0.00 secs] 
1153.619: [GC (Allocation Failure) [PSYoungGen: 71520K->1408K(71168K)] 437766K->367670K(592384K), 0.0021719 secs] [Times: user=0.01 sys=0.00, real=0.00 secs] 
1153.909: [GC (Allocation Failure) [PSYoungGen: 71040K->1376K(70656K)] 437302K->367638K(591872K), 0.0022191 secs] [Times: user=0.01 sys=0.00, real=0.00 secs] 
1154.187: [GC (Allocation Failure) [PSYoungGen: 70496K->1421K(70144K)] 436758K->367683K(591360K), 0.0015690 secs] [Times: user=0.00 sys=0.00, real=0.00 secs] 
1154.307: [GC (Allocation Failure) [PSYoungGen: 70029K->1485K(69632K)] 436291K->367747K(590848K), 0.0018281 secs] [Times: user=0.01 sys=0.00, real=0.00 secs] 
1154.426: [GC (Allocation Failure) [PSYoungGen: 69581K->1453K(75776K)] 435843K->367715K(596992K), 0.0017470 secs] [Times: user=0.00 sys=0.00, real=0.00 secs] 
1154.556: [GC (Allocation Failure) [PSYoungGen: 75693K->1501K(76288K)] 441955K->367763K(597504K), 0.0017809 secs] [Times: user=0.00 sys=0.00, real=0.00 secs] 
1155.618: [GC (Allocation Failure) [PSYoungGen: 75741K->1440K(75264K)] 442003K->367702K(596480K), 0.0039225 secs] [Times: user=0.01 sys=0.01, real=0.00 secs] 
1156.856: [GC (Allocation Failure) [PSYoungGen: 75168K->1376K(74752K)] 441430K->367638K(595968K), 0.0032170 secs] [Times: user=0.01 sys=0.00, real=0.00 secs] 
1159.089: [GC (Allocation Failure) [PSYoungGen: 74592K->1408K(74240K)] 440854K->367670K(595456K), 0.0050254 secs] [Times: user=0.02 sys=0.00, real=0.00 secs] 
1160.926: [GC (Allocation Failure) [PSYoungGen: 74112K->1408K(73728K)] 440374K->367670K(594944K), 0.0025779 secs] [Times: user=0.01 sys=0.00, real=0.00 secs] 
1161.121: [GC (Allocation Failure) [PSYoungGen: 73600K->1501K(73216K)] 439862K->367763K(594432K), 0.0017216 secs] [Times: user=0.00 sys=0.00, real=0.00 secs] 
1161.246: [GC (Allocation Failure) [PSYoungGen: 73181K->1504K(72704K)] 439443K->367766K(593920K), 0.0019538 secs] [Times: user=0.00 sys=0.00, real=0.00 secs] 
1161.372: [GC (Allocation Failure) [PSYoungGen: 72672K->1533K(72192K)] 438934K->367795K(593408K), 0.0016597 secs] [Times: user=0.01 sys=0.00, real=0.00 secs] 
1161.837: [GC (Allocation Failure) [PSYoungGen: 72189K->1472K(71680K)] 438451K->367734K(592896K), 0.0024126 secs] [Times: user=0.01 sys=0.00, real=0.00 secs] 
1163.074: [GC (Allocation Failure) [PSYoungGen: 71616K->1408K(71168K)] 437878K->367670K(592384K), 0.0026645 secs] [Times: user=0.02 sys=0.00, real=0.01 secs] 
1164.319: [GC (Allocation Failure) [PSYoungGen: 71040K->1360K(70656K)] 437302K->367622K(591872K), 0.0033385 secs] [Times: user=0.01 sys=0.00, real=0.00 secs] 
1165.408: [GC (Allocation Failure) [PSYoungGen: 70480K->1392K(70144K)] 436742K->367654K(591360K), 0.0039000 secs] [Times: user=0.02 sys=0.00, real=0.00 secs] 
1165.843: [GC (Allocation Failure) [PSYoungGen: 70000K->1440K(69632K)] 436262K->367702K(590848K), 0.0021499 secs] [Times: user=0.01 sys=0.00, real=0.00 secs] 
1165.983: [GC (Allocation Failure) [PSYoungGen: 69536K->1517K(69120K)] 435798K->367803K(590336K), 0.0016978 secs] [Times: user=0.01 sys=0.00, real=0.00 secs] 
1166.101: [GC (Allocation Failure) [PSYoungGen: 69101K->1469K(68608K)] 435387K->367755K(589824K), 0.0018270 secs] [Times: user=0.01 sys=0.00, real=0.00 secs] 
1166.218: [GC (Allocation Failure) [PSYoungGen: 68526K->1517K(74752K)] 434812K->367803K(595968K), 0.0017766 secs] [Times: user=0.00 sys=0.00, real=0.00 secs] 
1166.493: [GC (Allocation Failure) [PSYoungGen: 74733K->1440K(75264K)] 441019K->367726K(596480K), 0.0021403 secs] [Times: user=0.01 sys=0.00, real=0.00 secs] 
1166.987: [GC (Allocation Failure) [PSYoungGen: 74656K->1376K(74240K)] 440942K->367662K(595456K), 0.0024733 secs] [Times: user=0.01 sys=0.00, real=0.00 secs] 
1167.634: [GC (Allocation Failure) [PSYoungGen: 74080K->1328K(73728K)] 440366K->367622K(594944K), 0.0029620 secs] [Times: user=0.01 sys=0.00, real=0.01 secs] 
1168.242: [GC (Allocation Failure) [PSYoungGen: 73520K->1408K(73216K)] 439814K->367702K(594432K), 0.0024841 secs] [Times: user=0.01 sys=0.00, real=0.00 secs] 
1168.668: [GC (Allocation Failure) [PSYoungGen: 73088K->1421K(72704K)] 439382K->367715K(593920K), 0.0018445 secs] [Times: user=0.01 sys=0.00, real=0.00 secs] 
1168.793: [GC (Allocation Failure) [PSYoungGen: 72589K->1501K(72192K)] 438883K->367795K(593408K), 0.0016684 secs] [Times: user=0.01 sys=0.00, real=0.00 secs] 
1168.919: [GC (Allocation Failure) [PSYoungGen: 72157K->1517K(71680K)] 438451K->367811K(592896K), 0.0019218 secs] [Times: user=0.01 sys=0.00, real=0.00 secs] 
1169.043: [GC (Allocation Failure) [PSYoungGen: 71661K->1501K(77824K)] 437955K->367811K(599040K), 0.0017716 secs] [Times: user=0.01 sys=0.00, real=0.00 secs] 
1169.898: [GC (Allocation Failure) [PSYoungGen: 77789K->1440K(77312K)] 444099K->367750K(598528K), 0.0029898 secs] [Times: user=0.01 sys=0.00, real=0.00 secs] 
1170.871: [GC (Allocation Failure) [PSYoungGen: 77216K->1376K(76800K)] 443526K->367686K(598016K), 0.0030879 secs] [Times: user=0.01 sys=0.01, real=0.00 secs] 
1172.015: [GC (Allocation Failure) [PSYoungGen: 76640K->1376K(76288K)] 442950K->367686K(597504K), 0.0039505 secs] [Times: user=0.02 sys=0.00, real=0.01 secs] 
1172.808: [GC (Allocation Failure) [PSYoungGen: 76128K->1501K(75776K)] 442438K->367811K(596992K), 0.0043740 secs] [Times: user=0.02 sys=0.00, real=0.00 secs] 
1173.082: [GC (Allocation Failure) [PSYoungGen: 75741K->1504K(75264K)] 442051K->367814K(596480K), 0.0023626 secs] [Times: user=0.01 sys=0.00, real=0.00 secs] 
1173.220: [GC (Allocation Failure) [PSYoungGen: 75232K->1485K(74752K)] 441542K->367795K(595968K), 0.0017864 secs] [Times: user=0.00 sys=0.01, real=0.00 secs] 
1173.348: [GC (Allocation Failure) [PSYoungGen: 74701K->1456K(74240K)] 441011K->367766K(595456K), 0.0017317 secs] [Times: user=0.01 sys=0.00, real=0.00 secs] 
1174.192: [GC (Allocation Failure) [PSYoungGen: 74160K->1408K(73728K)] 440470K->367718K(594944K), 0.0037934 secs] [Times: user=0.02 sys=0.00, real=0.01 secs] 
1174.879: [GC (Allocation Failure) [PSYoungGen: 73600K->1376K(73216K)] 439910K->367686K(594432K), 0.0022517 secs] [Times: user=0.01 sys=0.00, real=0.00 secs] 
1175.329: [GC (Allocation Failure) [PSYoungGen: 73056K->1376K(72704K)] 439366K->367702K(593920K), 0.0021438 secs] [Times: user=0.00 sys=0.00, real=0.00 secs] 
1175.938: [GC (Allocation Failure) [PSYoungGen: 72544K->1376K(72192K)] 438870K->367702K(593408K), 0.0021156 secs] [Times: user=0.01 sys=0.00, real=0.00 secs] 
1176.211: [GC (Allocation Failure) [PSYoungGen: 72032K->1485K(71680K)] 438358K->367811K(592896K), 0.0016787 secs] [Times: user=0.01 sys=0.00, real=0.00 secs] 
1176.333: [GC (Allocation Failure) [PSYoungGen: 71629K->1533K(71168K)] 437955K->367859K(592384K), 0.0017133 secs] [Times: user=0.01 sys=0.00, real=0.00 secs] 
1176.474: [GC (Allocation Failure) [PSYoungGen: 71165K->1501K(70656K)] 437491K->367827K(591872K), 0.0020389 secs] [Times: user=0.01 sys=0.01, real=0.01 secs] 
1176.688: [GC (Allocation Failure) [PSYoungGen: 70621K->1504K(70144K)] 436947K->367830K(591360K), 0.0020997 secs] [Times: user=0.01 sys=0.00, real=0.00 secs] 
1176.983: [GC (Allocation Failure) [PSYoungGen: 70112K->1376K(69632K)] 436438K->367702K(590848K), 0.0023049 secs] [Times: user=0.01 sys=0.00, real=0.01 secs] 
1177.351: [GC (Allocation Failure) [PSYoungGen: 69472K->1376K(69120K)] 435798K->367702K(590336K), 0.0022600 secs] [Times: user=0.00 sys=0.00, real=0.00 secs] 
1177.714: [GC (Allocation Failure) [PSYoungGen: 68960K->1392K(68608K)] 435286K->367718K(589824K), 0.0023397 secs] [Times: user=0.00 sys=0.00, real=0.01 secs] 
1177.996: [GC (Allocation Failure) [PSYoungGen: 68464K->1344K(68096K)] 434790K->367670K(589312K), 0.0020540 secs] [Times: user=0.01 sys=0.00, real=0.00 secs] 
1178.198: [GC (Allocation Failure) [PSYoungGen: 67904K->1453K(67584K)] 434230K->367779K(588800K), 0.0017730 secs] [Times: user=0.01 sys=0.00, real=0.00 secs] 
1178.317: [GC (Allocation Failure) [PSYoungGen: 67478K->1501K(67072K)] 433804K->367827K(588288K), 0.0017884 secs] [Times: user=0.01 sys=0.00, real=0.00 secs] 
1178.433: [GC (Allocation Failure) [PSYoungGen: 67037K->1501K(67584K)] 433363K->367827K(588800K), 0.0017062 secs] [Times: user=0.01 sys=0.00, real=0.00 secs] 
1178.549: [GC (Allocation Failure) [PSYoungGen: 67037K->1536K(67584K)] 433363K->367878K(588800K), 0.0017332 secs] [Times: user=0.00 sys=0.00, real=0.00 secs] 
1179.308: [GC (Allocation Failure) [PSYoungGen: 67072K->1376K(66560K)] 433414K->367718K(587776K), 0.0023537 secs] [Times: user=0.01 sys=0.00, real=0.00 secs] 
1179.730: [GC (Allocation Failure) [PSYoungGen: 66400K->1344K(72192K)] 432742K->367686K(593408K), 0.0057131 secs] [Times: user=0.02 sys=0.00, real=0.01 secs] 
1180.316: [GC (Allocation Failure) [PSYoungGen: 72000K->1376K(71680K)] 438342K->367718K(592896K), 0.0024217 secs] [Times: user=0.01 sys=0.00, real=0.00 secs] 
1180.901: [GC (Allocation Failure) [PSYoungGen: 71520K->1408K(71168K)] 437862K->367750K(592384K), 0.0026506 secs] [Times: user=0.01 sys=0.00, real=0.00 secs] 
1181.150: [GC (Allocation Failure) [PSYoungGen: 71040K->1501K(70656K)] 437382K->367843K(591872K), 0.0017783 secs] [Times: user=0.01 sys=0.00, real=0.00 secs] 
1181.273: [GC (Allocation Failure) [PSYoungGen: 70621K->1485K(70144K)] 436963K->367827K(591360K), 0.0017862 secs] [Times: user=0.01 sys=0.00, real=0.00 secs] 
1181.394: [GC (Allocation Failure) [PSYoungGen: 70089K->1504K(70656K)] 436431K->367854K(591872K), 0.0016967 secs] [Times: user=0.01 sys=0.00, real=0.01 secs] 
1181.561: [GC (Allocation Failure) [PSYoungGen: 70112K->1984K(70656K)] 436462K->368334K(591872K), 0.0017723 secs] [Times: user=0.01 sys=0.00, real=0.00 secs] 
1181.882: [GC (Allocation Failure) [PSYoungGen: 70592K->1408K(69632K)] 436942K->367790K(590848K), 0.0024146 secs] [Times: user=0.01 sys=0.00, real=0.00 secs] 
1182.218: [GC (Allocation Failure) [PSYoungGen: 69504K->1424K(69120K)] 435886K->367806K(590336K), 0.0025798 secs] [Times: user=0.01 sys=0.00, real=0.00 secs] 
1182.539: [GC (Allocation Failure) [PSYoungGen: 69008K->1376K(68608K)] 435390K->367758K(589824K), 0.0020472 secs] [Times: user=0.01 sys=0.00, real=0.00 secs] 
1182.907: [GC (Allocation Failure) [PSYoungGen: 68448K->1408K(68096K)] 434830K->367790K(589312K), 0.0022682 secs] [Times: user=0.01 sys=0.00, real=0.00 secs] 
1183.091: [GC (Allocation Failure) [PSYoungGen: 67968K->1469K(67584K)] 434350K->367851K(588800K), 0.0017189 secs] [Times: user=0.00 sys=0.00, real=0.00 secs] 
1183.207: [GC (Allocation Failure) [PSYoungGen: 67517K->1485K(73216K)] 433899K->367867K(594432K), 0.0018777 secs] [Times: user=0.01 sys=0.00, real=0.00 secs] 
1183.333: [GC (Allocation Failure) [PSYoungGen: 73165K->1485K(73728K)] 439547K->367867K(594944K), 0.0016108 secs] [Times: user=0.01 sys=0.00, real=0.00 secs] 
1183.647: [GC (Allocation Failure) [PSYoungGen: 73165K->1472K(73728K)] 439547K->367854K(594944K), 0.0022263 secs] [Times: user=0.01 sys=0.00, real=0.00 secs] 
1184.243: [GC (Allocation Failure) [PSYoungGen: 73152K->1392K(72704K)] 439534K->367774K(593920K), 0.0022949 secs] [Times: user=0.01 sys=0.00, real=0.00 secs] 
1184.933: [GC (Allocation Failure) [PSYoungGen: 72560K->1392K(72192K)] 438942K->367774K(593408K), 0.0027706 secs] [Times: user=0.01 sys=0.00, real=0.01 secs] 
1185.504: [GC (Allocation Failure) [PSYoungGen: 72048K->1344K(71680K)] 438430K->367726K(592896K), 0.0023213 secs] [Times: user=0.01 sys=0.00, real=0.01 secs] 
1186.062: [GC (Allocation Failure) [PSYoungGen: 71488K->1504K(71168K)] 437870K->367886K(592384K), 0.0025177 secs] [Times: user=0.01 sys=0.00, real=0.00 secs] 
1186.222: [GC (Allocation Failure) [PSYoungGen: 71136K->1453K(70656K)] 437518K->367835K(591872K), 0.0018494 secs] [Times: user=0.01 sys=0.00, real=0.00 secs] 
1186.344: [GC (Allocation Failure) [PSYoungGen: 70573K->1501K(70144K)] 436955K->367883K(591360K), 0.0018524 secs] [Times: user=0.01 sys=0.00, real=0.01 secs] 
1186.464: [GC (Allocation Failure) [PSYoungGen: 70098K->1533K(76288K)] 436480K->367931K(597504K), 0.0017144 secs] [Times: user=0.00 sys=0.00, real=0.01 secs] 
1187.303: [GC (Allocation Failure) [PSYoungGen: 76285K->1440K(75776K)] 442683K->367838K(596992K), 0.0030801 secs] [Times: user=0.01 sys=0.00, real=0.01 secs] 
1188.325: [GC (Allocation Failure) [PSYoungGen: 75680K->1376K(75264K)] 442078K->367774K(596480K), 0.0037435 secs] [Times: user=0.02 sys=0.00, real=0.01 secs] 
1189.273: [GC (Allocation Failure) [PSYoungGen: 75104K->1408K(74752K)] 441502K->367806K(595968K), 0.0036902 secs] [Times: user=0.02 sys=0.00, real=0.01 secs] 
1190.096: [GC (Allocation Failure) [PSYoungGen: 74624K->1360K(74240K)] 441022K->367758K(595456K), 0.0036936 secs] [Times: user=0.02 sys=0.00, real=0.00 secs] 
1190.456: [GC (Allocation Failure) [PSYoungGen: 74064K->1456K(73728K)] 440462K->367854K(594944K), 0.0022376 secs] [Times: user=0.01 sys=0.00, real=0.00 secs] 
1190.594: [GC (Allocation Failure) [PSYoungGen: 73648K->1469K(73216K)] 440046K->367867K(594432K), 0.0016762 secs] [Times: user=0.01 sys=0.00, real=0.01 secs] 
1190.740: [GC (Allocation Failure) [PSYoungGen: 73149K->1472K(72704K)] 439547K->367870K(593920K), 0.0020277 secs] [Times: user=0.01 sys=0.00, real=0.00 secs] 
1190.984: [GC (Allocation Failure) [PSYoungGen: 72640K->1984K(72704K)] 439038K->368894K(593920K), 0.0023581 secs] [Times: user=0.01 sys=0.00, real=0.01 secs] 
1191.670: [GC (Allocation Failure) [PSYoungGen: 72640K->1376K(71680K)] 439550K->368286K(592896K), 0.0023791 secs] [Times: user=0.01 sys=0.00, real=0.00 secs] 
1192.298: [GC (Allocation Failure) [PSYoungGen: 71520K->1360K(71168K)] 438430K->368270K(592384K), 0.0021748 secs] [Times: user=0.01 sys=0.00, real=0.00 secs] 
1192.658: [GC (Allocation Failure) [PSYoungGen: 70992K->1376K(70656K)] 437902K->368286K(591872K), 0.0025650 secs] [Times: user=0.01 sys=0.00, real=0.00 secs] 
1193.133: [GC (Allocation Failure) [PSYoungGen: 70496K->1472K(70144K)] 437406K->368382K(591360K), 0.0022713 secs] [Times: user=0.01 sys=0.00, real=0.01 secs] 
1193.287: [GC (Allocation Failure) [PSYoungGen: 70080K->1533K(69632K)] 436990K->368443K(590848K), 0.0018664 secs] [Times: user=0.01 sys=0.00, real=0.00 secs] 
1193.405: [GC (Allocation Failure) [PSYoungGen: 69629K->1504K(69120K)] 436539K->368438K(590336K), 0.0016784 secs] [Times: user=0.01 sys=0.00, real=0.00 secs] 
1193.524: [GC (Allocation Failure) [PSYoungGen: 69088K->1501K(70144K)] 436022K->368467K(591360K), 0.0018065 secs] [Times: user=0.01 sys=0.00, real=0.01 secs] 
1193.716: [GC (Allocation Failure) [PSYoungGen: 69597K->1472K(75776K)] 436563K->368438K(596992K), 0.0021817 secs] [Times: user=0.01 sys=0.00, real=0.00 secs] 
1194.022: [GC (Allocation Failure) [PSYoungGen: 75200K->1344K(74752K)] 442166K->368310K(595968K), 0.0019529 secs] [Times: user=0.01 sys=0.00, real=0.00 secs] 
1194.353: [GC (Allocation Failure) [PSYoungGen: 74560K->1408K(74240K)] 441526K->368374K(595456K), 0.0020039 secs] [Times: user=0.01 sys=0.00, real=0.01 secs] 
1194.748: [GC (Allocation Failure) [PSYoungGen: 74112K->1408K(73728K)] 441078K->368374K(594944K), 0.0021518 secs] [Times: user=0.01 sys=0.00, real=0.00 secs] 
1195.056: [GC (Allocation Failure) [PSYoungGen: 73600K->1453K(73216K)] 440566K->368419K(594432K), 0.0020750 secs] [Times: user=0.01 sys=0.00, real=0.00 secs] 
1195.223: [GC (Allocation Failure) [PSYoungGen: 73133K->1501K(72704K)] 440099K->368467K(593920K), 0.0023528 secs] [Times: user=0.01 sys=0.00, real=0.00 secs] 
1195.405: [GC (Allocation Failure) [PSYoungGen: 72669K->1472K(73216K)] 439635K->368438K(594432K), 0.0023847 secs] [Times: user=0.01 sys=0.00, real=0.01 secs] 
1195.567: [GC (Allocation Failure) [PSYoungGen: 72640K->1501K(73216K)] 439606K->368491K(594432K), 0.0017592 secs] [Times: user=0.01 sys=0.00, real=0.00 secs] 
1196.027: [GC (Allocation Failure) [PSYoungGen: 72669K->1392K(79360K)] 439659K->368382K(600576K), 0.0039706 secs] [Times: user=0.01 sys=0.00, real=0.00 secs] 
1197.027: [GC (Allocation Failure) [PSYoungGen: 78704K->1344K(78336K)] 445694K->368334K(599552K), 0.0045049 secs] [Times: user=0.02 sys=0.00, real=0.00 secs] 
1198.085: [GC (Allocation Failure) [PSYoungGen: 78144K->1408K(77824K)] 445134K->368398K(599040K), 0.0037020 secs] [Times: user=0.02 sys=0.00, real=0.01 secs] 
1199.205: [GC (Allocation Failure) [PSYoungGen: 77696K->1408K(77312K)] 444686K->368398K(598528K), 0.0046840 secs] [Times: user=0.02 sys=0.00, real=0.00 secs] 
1199.440: [GC (Allocation Failure) [PSYoungGen: 77184K->1501K(76800K)] 444174K->368491K(598016K), 0.0017903 secs] [Times: user=0.01 sys=0.00, real=0.00 secs] 
1199.592: [GC (Allocation Failure) [PSYoungGen: 76765K->1504K(76288K)] 443755K->368494K(597504K), 0.0020896 secs] [Times: user=0.01 sys=0.00, real=0.00 secs] 
1199.757: [GC (Allocation Failure) [PSYoungGen: 76256K->1469K(75776K)] 443246K->368459K(596992K), 0.0020661 secs] [Times: user=0.01 sys=0.00, real=0.00 secs] 
1200.697: [GC (Allocation Failure) [PSYoungGen: 75709K->1456K(75264K)] 442699K->368446K(596480K), 0.0025708 secs] [Times: user=0.01 sys=0.00, real=0.00 secs] 
1200.988: [GC (Allocation Failure) [PSYoungGen: 75184K->1408K(74752K)] 442174K->368398K(595968K), 0.0023847 secs] [Times: user=0.01 sys=0.00, real=0.00 secs] 
1201.293: [GC (Allocation Failure) [PSYoungGen: 74624K->1408K(74240K)] 441614K->368398K(595456K), 0.0022423 secs] [Times: user=0.00 sys=0.00, real=0.01 secs] 
1201.595: [GC (Allocation Failure) [PSYoungGen: 74112K->1376K(73728K)] 441102K->368366K(594944K), 0.0020580 secs] [Times: user=0.01 sys=0.00, real=0.00 secs] 
1201.795: [GC (Allocation Failure) [PSYoungGen: 73568K->1533K(73216K)] 440558K->368523K(594432K), 0.0018561 secs] [Times: user=0.01 sys=0.00, real=0.00 secs] 
1201.920: [GC (Allocation Failure) [PSYoungGen: 73213K->1504K(72704K)] 440203K->368494K(593920K), 0.0016231 secs] [Times: user=0.01 sys=0.00, real=0.00 secs] 
1202.045: [GC (Allocation Failure) [PSYoungGen: 72672K->1501K(73216K)] 439662K->368491K(594432K), 0.0016535 secs] [Times: user=0.01 sys=0.00, real=0.01 secs] 
1202.601: [GC (Allocation Failure) [PSYoungGen: 72669K->1440K(72192K)] 439659K->368430K(593408K), 0.0039297 secs] [Times: user=0.02 sys=0.00, real=0.00 secs] 
1203.246: [GC (Allocation Failure) [PSYoungGen: 72096K->1408K(71680K)] 439086K->368398K(592896K), 0.0035713 secs] [Times: user=0.02 sys=0.01, real=0.00 secs] 
1203.583: [GC (Allocation Failure) [PSYoungGen: 71552K->1360K(71168K)] 438542K->368350K(592384K), 0.0021593 secs] [Times: user=0.01 sys=0.00, real=0.00 secs] 
1203.891: [GC (Allocation Failure) [PSYoungGen: 70992K->1408K(70656K)] 437982K->368430K(591872K), 0.0022826 secs] [Times: user=0.00 sys=0.00, real=0.00 secs] 
1204.186: [GC (Allocation Failure) [PSYoungGen: 70528K->1501K(70144K)] 437550K->368523K(591360K), 0.0015924 secs] [Times: user=0.01 sys=0.00, real=0.00 secs] 
1204.306: [GC (Allocation Failure) [PSYoungGen: 70109K->1485K(69632K)] 437131K->368507K(590848K), 0.0018440 secs] [Times: user=0.01 sys=0.00, real=0.00 secs] 
1204.443: [GC (Allocation Failure) [PSYoungGen: 69581K->1533K(75776K)] 436603K->368555K(596992K), 0.0022145 secs] [Times: user=0.01 sys=0.00, real=0.01 secs] 
1204.608: [GC (Allocation Failure) [PSYoungGen: 75773K->1533K(76288K)] 442795K->368555K(597504K), 0.0020732 secs] [Times: user=0.01 sys=0.00, real=0.00 secs] 
1204.891: [GC (Allocation Failure) [PSYoungGen: 75773K->1440K(82944K)] 442795K->368462K(604160K), 0.0023158 secs] [Times: user=0.01 sys=0.00, real=0.00 secs] 
1205.228: [GC (Allocation Failure) [PSYoungGen: 82336K->1408K(81920K)] 449358K->368430K(603136K), 0.0022326 secs] [Times: user=0.01 sys=0.00, real=0.00 secs] 
1205.620: [GC (Allocation Failure) [PSYoungGen: 81792K->1344K(81408K)] 448814K->368366K(602624K), 0.0023509 secs] [Times: user=0.01 sys=0.00, real=0.00 secs] 
1206.069: [GC (Allocation Failure) [PSYoungGen: 81216K->1469K(80896K)] 448238K->368491K(602112K), 0.0023271 secs] [Times: user=0.01 sys=0.00, real=0.00 secs] 
1206.267: [GC (Allocation Failure) [PSYoungGen: 80829K->1536K(80896K)] 447851K->368558K(602112K), 0.0023079 secs] [Times: user=0.00 sys=0.00, real=0.00 secs] 
1206.477: [GC (Allocation Failure) [PSYoungGen: 80384K->1504K(79872K)] 447406K->368526K(601088K), 0.0022879 secs] [Times: user=0.01 sys=0.00, real=0.00 secs] 
1206.639: [GC (Allocation Failure) [PSYoungGen: 79840K->1469K(79360K)] 446862K->368491K(600576K), 0.0017464 secs] [Times: user=0.01 sys=0.00, real=0.00 secs] 
1207.131: [GC (Allocation Failure) [PSYoungGen: 79293K->1440K(78848K)] 446315K->368478K(600064K), 0.0026757 secs] [Times: user=0.01 sys=0.00, real=0.00 secs] 
1207.453: [GC (Allocation Failure) [PSYoungGen: 78752K->1408K(78336K)] 445790K->368446K(599552K), 0.0027281 secs] [Times: user=0.01 sys=0.00, real=0.01 secs] 
1208.044: [GC (Allocation Failure) [PSYoungGen: 78208K->1408K(77824K)] 445246K->368446K(599040K), 0.0024559 secs] [Times: user=0.01 sys=0.00, real=0.01 secs] 
1208.645: [GC (Allocation Failure) [PSYoungGen: 77696K->1501K(77312K)] 444734K->368539K(598528K), 0.0022228 secs] [Times: user=0.01 sys=0.00, real=0.01 secs] 
1208.807: [GC (Allocation Failure) [PSYoungGen: 77277K->1517K(76800K)] 444315K->368555K(598016K), 0.0019383 secs] [Times: user=0.01 sys=0.00, real=0.00 secs] 
1208.959: [GC (Allocation Failure) [PSYoungGen: 76781K->1501K(76288K)] 443819K->368539K(597504K), 0.0020000 secs] [Times: user=0.00 sys=0.00, real=0.00 secs] 
1209.124: [GC (Allocation Failure) [PSYoungGen: 76253K->1501K(77312K)] 443291K->368539K(598528K), 0.0022142 secs] [Times: user=0.01 sys=0.00, real=0.01 secs] 
1209.433: [GC (Allocation Failure) [PSYoungGen: 76765K->1408K(76288K)] 443803K->368446K(597504K), 0.0024357 secs] [Times: user=0.01 sys=0.00, real=0.01 secs] 
1209.745: [GC (Allocation Failure) [PSYoungGen: 76160K->1392K(75776K)] 443198K->368446K(596992K), 0.0024985 secs] [Times: user=0.01 sys=0.00, real=0.01 secs] 
1210.271: [GC (Allocation Failure) [PSYoungGen: 75632K->1408K(75264K)] 442686K->368462K(596480K), 0.0024534 secs] [Times: user=0.01 sys=0.00, real=0.00 secs] 
1211.094: [GC (Allocation Failure) [PSYoungGen: 75136K->1408K(74752K)] 442190K->368462K(595968K), 0.0045652 secs] [Times: user=0.02 sys=0.00, real=0.01 secs] 
1211.387: [GC (Allocation Failure) [PSYoungGen: 74624K->1501K(74240K)] 441678K->368555K(595456K), 0.0023453 secs] [Times: user=0.01 sys=0.00, real=0.00 secs] 
1211.518: [GC (Allocation Failure) [PSYoungGen: 74205K->1485K(73728K)] 441259K->368539K(594944K), 0.0017326 secs] [Times: user=0.00 sys=0.01, real=0.00 secs] 
1211.644: [GC (Allocation Failure) [PSYoungGen: 73677K->1504K(79872K)] 440731K->368558K(601088K), 0.0016794 secs] [Times: user=0.01 sys=0.00, real=0.01 secs] 
1213.592: [GC (Allocation Failure) [PSYoungGen: 79840K->1440K(79360K)] 446894K->368502K(600576K), 0.0047863 secs] [Times: user=0.02 sys=0.00, real=0.01 secs] 
1214.480: [GC (Allocation Failure) [PSYoungGen: 79264K->1424K(78848K)] 446326K->368486K(600064K), 0.0029202 secs] [Times: user=0.02 sys=0.00, real=0.00 secs] 
1215.172: [GC (Allocation Failure) [PSYoungGen: 78736K->1376K(78336K)] 445798K->368454K(599552K), 0.0032115 secs] [Times: user=0.01 sys=0.00, real=0.01 secs] 
1215.954: [GC (Allocation Failure) [PSYoungGen: 78176K->1392K(77824K)] 445254K->368470K(599040K), 0.0032428 secs] [Times: user=0.01 sys=0.00, real=0.01 secs] 
1216.556: [GC (Allocation Failure) [PSYoungGen: 77680K->1504K(77312K)] 444758K->368590K(598528K), 0.0023307 secs] [Times: user=0.01 sys=0.00, real=0.00 secs] 
1216.705: [GC (Allocation Failure) [PSYoungGen: 77280K->1533K(76800K)] 444366K->368627K(598016K), 0.0018678 secs] [Times: user=0.01 sys=0.00, real=0.01 secs] 
1216.836: [GC (Allocation Failure) [PSYoungGen: 76797K->1472K(76288K)] 443891K->368566K(597504K), 0.0019296 secs] [Times: user=0.01 sys=0.00, real=0.00 secs] 
1217.098: [GC (Allocation Failure) [PSYoungGen: 76224K->1472K(75776K)] 443318K->368574K(596992K), 0.0021244 secs] [Times: user=0.01 sys=0.00, real=0.00 secs] 
1217.476: [GC (Allocation Failure) [PSYoungGen: 75712K->1408K(75264K)] 442814K->368518K(596480K), 0.0022488 secs] [Times: user=0.01 sys=0.00, real=0.00 secs] 
1218.507: [GC (Allocation Failure) [PSYoungGen: 75136K->1376K(74752K)] 442246K->368486K(595968K), 0.0029820 secs] [Times: user=0.01 sys=0.00, real=0.00 secs] 
1219.560: [GC (Allocation Failure) [PSYoungGen: 74592K->1440K(74240K)] 441702K->368550K(595456K), 0.0037093 secs] [Times: user=0.01 sys=0.00, real=0.00 secs] 
1220.261: [GC (Allocation Failure) [PSYoungGen: 74144K->1456K(73728K)] 441254K->368566K(594944K), 0.0023853 secs] [Times: user=0.01 sys=0.00, real=0.00 secs] 
1220.470: [GC (Allocation Failure) [PSYoungGen: 73648K->1488K(73216K)] 440758K->368598K(594432K), 0.0023596 secs] [Times: user=0.01 sys=0.00, real=0.00 secs] 
1220.629: [GC (Allocation Failure) [PSYoungGen: 73168K->1533K(72704K)] 440278K->368643K(593920K), 0.0017723 secs] [Times: user=0.01 sys=0.00, real=0.00 secs] 
1220.753: [GC (Allocation Failure) [PSYoungGen: 72701K->1469K(72192K)] 439811K->368579K(593408K), 0.0017806 secs] [Times: user=0.01 sys=0.00, real=0.00 secs] 
1221.348: [GC (Allocation Failure) [PSYoungGen: 72125K->1440K(71680K)] 439235K->368566K(592896K), 0.0036594 secs] [Times: user=0.01 sys=0.00, real=0.00 secs] 
1222.127: [GC (Allocation Failure) [PSYoungGen: 71584K->1408K(71168K)] 438710K->368534K(592384K), 0.0028726 secs] [Times: user=0.01 sys=0.00, real=0.00 secs] 
1223.018: [GC (Allocation Failure) [PSYoungGen: 71040K->1392K(70656K)] 438166K->368518K(591872K), 0.0036903 secs] [Times: user=0.02 sys=0.00, real=0.00 secs] 
1223.861: [GC (Allocation Failure) [PSYoungGen: 70512K->1408K(70144K)] 437638K->368534K(591360K), 0.0036361 secs] [Times: user=0.01 sys=0.00, real=0.00 secs] 
1224.175: [GC (Allocation Failure) [PSYoungGen: 70016K->1533K(69632K)] 437142K->368659K(590848K), 0.0019579 secs] [Times: user=0.01 sys=0.00, real=0.00 secs] 
1224.300: [GC (Allocation Failure) [PSYoungGen: 69629K->1565K(69632K)] 436755K->368691K(590848K), 0.0018213 secs] [Times: user=0.01 sys=0.00, real=0.00 secs] 
1224.420: [GC (Allocation Failure) [PSYoungGen: 69149K->1517K(68608K)] 436275K->368643K(589824K), 0.0017433 secs] [Times: user=0.00 sys=0.00, real=0.00 secs] 
1224.666: [GC (Allocation Failure) [PSYoungGen: 68589K->1984K(68608K)] 435715K->369134K(589824K), 0.0022116 secs] [Times: user=0.00 sys=0.00, real=0.00 secs] 
1225.304: [GC (Allocation Failure) [PSYoungGen: 68544K->368K(66560K)] 435694K->368566K(587776K), 0.0022346 secs] [Times: user=0.01 sys=0.00, real=0.01 secs] 
1225.968: [GC (Allocation Failure) [PSYoungGen: 66416K->416K(67584K)] 434614K->368614K(588800K), 0.0022120 secs] [Times: user=0.01 sys=0.00, real=0.00 secs] 
1226.554: [GC (Allocation Failure) [PSYoungGen: 65952K->352K(67072K)] 434150K->368550K(588288K), 0.0022631 secs] [Times: user=0.01 sys=0.00, real=0.01 secs] 
1227.050: [GC (Allocation Failure) [PSYoungGen: 65376K->384K(65024K)] 433574K->368582K(586240K), 0.0025570 secs] [Times: user=0.01 sys=0.00, real=0.00 secs] 
1227.375: [GC (Allocation Failure) [PSYoungGen: 64896K->1501K(66048K)] 433094K->369699K(587264K), 0.0020792 secs] [Times: user=0.00 sys=0.00, real=0.01 secs] 
1227.504: [GC (Allocation Failure) [PSYoungGen: 65501K->1472K(65024K)] 433699K->369670K(586240K), 0.0021894 secs] [Times: user=0.01 sys=0.00, real=0.01 secs] 
1227.652: [GC (Allocation Failure) [PSYoungGen: 64960K->1488K(66048K)] 433158K->369686K(587264K), 0.0022160 secs] [Times: user=0.01 sys=0.00, real=0.00 secs] 
1227.805: [GC (Allocation Failure) [PSYoungGen: 64976K->1504K(66048K)] 433174K->369718K(587264K), 0.0022566 secs] [Times: user=0.01 sys=0.00, real=0.01 secs] 
1228.171: [GC (Allocation Failure) [PSYoungGen: 64992K->1440K(71680K)] 433206K->369662K(592896K), 0.0026159 secs] [Times: user=0.01 sys=0.00, real=0.00 secs] 
1228.459: [GC (Allocation Failure) [PSYoungGen: 70560K->1376K(70144K)] 438782K->369598K(591360K), 0.0024539 secs] [Times: user=0.01 sys=0.00, real=0.00 secs] 
1228.768: [GC (Allocation Failure) [PSYoungGen: 69984K->1376K(70144K)] 438206K->369598K(591360K), 0.0020928 secs] [Times: user=0.01 sys=0.00, real=0.00 secs] 
1229.253: [GC (Allocation Failure) [PSYoungGen: 69472K->1376K(69120K)] 437694K->369598K(590336K), 0.0021539 secs] [Times: user=0.01 sys=0.00, real=0.00 secs] 
1229.594: [GC (Allocation Failure) [PSYoungGen: 68960K->1437K(68608K)] 437182K->369659K(589824K), 0.0019332 secs] [Times: user=0.01 sys=0.00, real=0.01 secs] 
1229.731: [GC (Allocation Failure) [PSYoungGen: 68509K->1472K(68096K)] 436731K->369694K(589312K), 0.0021176 secs] [Times: user=0.00 sys=0.00, real=0.00 secs] 
1229.884: [GC (Allocation Failure) [PSYoungGen: 68032K->1456K(68608K)] 436254K->369694K(589824K), 0.0022377 secs] [Times: user=0.00 sys=0.00, real=0.01 secs] 
1230.048: [GC (Allocation Failure) [PSYoungGen: 68515K->1472K(69120K)] 436753K->369710K(590336K), 0.0025074 secs] [Times: user=0.01 sys=0.00, real=0.00 secs] 
1230.701: [GC (Allocation Failure) [PSYoungGen: 68544K->1424K(74240K)] 436782K->369662K(595456K), 0.0029486 secs] [Times: user=0.01 sys=0.00, real=0.00 secs] 
1231.462: [GC (Allocation Failure) [PSYoungGen: 74128K->1392K(73728K)] 442366K->369630K(594944K), 0.0025644 secs] [Times: user=0.01 sys=0.00, real=0.00 secs] 
1232.091: [GC (Allocation Failure) [PSYoungGen: 73584K->1408K(73216K)] 441822K->369646K(594432K), 0.0038173 secs] [Times: user=0.02 sys=0.00, real=0.00 secs] 
1232.842: [GC (Allocation Failure) [PSYoungGen: 73088K->1376K(72704K)] 441326K->369638K(593920K), 0.0031062 secs] [Times: user=0.01 sys=0.00, real=0.00 secs] 
1233.181: [GC (Allocation Failure) [PSYoungGen: 72544K->1453K(72192K)] 440806K->369715K(593408K), 0.0021711 secs] [Times: user=0.01 sys=0.00, real=0.00 secs] 
1233.310: [GC (Allocation Failure) [PSYoungGen: 72109K->1533K(71680K)] 440371K->369795K(592896K), 0.0017589 secs] [Times: user=0.01 sys=0.00, real=0.00 secs] 
1233.432: [GC (Allocation Failure) [PSYoungGen: 71657K->1504K(71168K)] 439919K->369766K(592384K), 0.0016812 secs] [Times: user=0.01 sys=0.00, real=0.00 secs] 
1233.667: [GC (Allocation Failure) [PSYoungGen: 71136K->1984K(71168K)] 439398K->370262K(592384K), 0.0022127 secs] [Times: user=0.01 sys=0.00, real=0.00 secs] 
1234.319: [GC (Allocation Failure) [PSYoungGen: 71104K->1440K(70144K)] 439382K->369718K(591360K), 0.0036093 secs] [Times: user=0.02 sys=0.00, real=0.00 secs] 
1234.949: [GC (Allocation Failure) [PSYoungGen: 70048K->1408K(69632K)] 438326K->369686K(590848K), 0.0038292 secs] [Times: user=0.02 sys=0.00, real=0.00 secs] 
1235.585: [GC (Allocation Failure) [PSYoungGen: 69504K->1440K(69120K)] 437782K->369718K(590336K), 0.0035850 secs] [Times: user=0.02 sys=0.00, real=0.01 secs] 
1236.061: [GC (Allocation Failure) [PSYoungGen: 69024K->1376K(68608K)] 437302K->369654K(589824K), 0.0031953 secs] [Times: user=0.02 sys=0.00, real=0.00 secs] 
1236.256: [GC (Allocation Failure) [PSYoungGen: 68448K->1533K(68096K)] 436726K->369811K(589312K), 0.0017339 secs] [Times: user=0.01 sys=0.00, real=0.00 secs] 
1236.372: [GC (Allocation Failure) [PSYoungGen: 68093K->1501K(67584K)] 436371K->369779K(588800K), 0.0018002 secs] [Times: user=0.00 sys=0.00, real=0.00 secs] 
1236.490: [GC (Allocation Failure) [PSYoungGen: 67549K->1485K(68096K)] 435827K->369763K(589312K), 0.0017705 secs] [Times: user=0.01 sys=0.00, real=0.00 secs] 
1236.691: [GC (Allocation Failure) [PSYoungGen: 68045K->1984K(68608K)] 436323K->370270K(589824K), 0.0019650 secs] [Times: user=0.01 sys=0.00, real=0.00 secs] 
1237.447: [GC (Allocation Failure) [PSYoungGen: 68544K->1376K(67584K)] 436830K->369670K(588800K), 0.0033238 secs] [Times: user=0.01 sys=0.00, real=0.00 secs] 
1237.978: [GC (Allocation Failure) [PSYoungGen: 67424K->1408K(67072K)] 435718K->369710K(588288K), 0.0029462 secs] [Times: user=0.01 sys=0.00, real=0.00 secs] 
1238.542: [GC (Allocation Failure) [PSYoungGen: 66944K->1408K(66560K)] 435246K->369710K(587776K), 0.0027570 secs] [Times: user=0.01 sys=0.00, real=0.00 secs] 
1239.286: [GC (Allocation Failure) [PSYoungGen: 66432K->1408K(66048K)] 434734K->369710K(587264K), 0.0032028 secs] [Times: user=0.02 sys=0.00, real=0.00 secs] 
1239.578: [GC (Allocation Failure) [PSYoungGen: 65920K->1504K(65536K)] 434222K->369806K(586752K), 0.0021167 secs] [Times: user=0.01 sys=0.00, real=0.00 secs] 
1239.697: [GC (Allocation Failure) [PSYoungGen: 65495K->1469K(65024K)] 433797K->369771K(586240K), 0.0018710 secs] [Times: user=0.01 sys=0.00, real=0.00 secs] 
1239.808: [GC (Allocation Failure) [PSYoungGen: 64957K->1504K(70656K)] 433259K->369846K(591872K), 0.0017311 secs] [Times: user=0.01 sys=0.00, real=0.00 secs] 
1239.931: [GC (Allocation Failure) [PSYoungGen: 70624K->1504K(71168K)] 438966K->369846K(592384K), 0.0017309 secs] [Times: user=0.01 sys=0.00, real=0.00 secs] 
1241.473: [GC (Allocation Failure) [PSYoungGen: 70624K->1408K(70144K)] 438966K->369750K(591360K), 0.0037103 secs] [Times: user=0.01 sys=0.00, real=0.01 secs] 
1242.277: [GC (Allocation Failure) [PSYoungGen: 70016K->1408K(69632K)] 438358K->369750K(590848K), 0.0033615 secs] [Times: user=0.01 sys=0.00, real=0.00 secs] 
1242.867: [GC (Allocation Failure) [PSYoungGen: 69504K->1344K(69120K)] 437846K->369686K(590336K), 0.0026086 secs] [Times: user=0.01 sys=0.00, real=0.00 secs] 
1243.337: [GC (Allocation Failure) [PSYoungGen: 68928K->1408K(68608K)] 437270K->369750K(589824K), 0.0023222 secs] [Times: user=0.01 sys=0.00, real=0.00 secs] 
1243.514: [GC (Allocation Failure) [PSYoungGen: 68480K->1485K(68096K)] 436822K->369827K(589312K), 0.0016524 secs] [Times: user=0.01 sys=0.00, real=0.01 secs] 
1243.631: [GC (Allocation Failure) [PSYoungGen: 68045K->1517K(67584K)] 436387K->369859K(588800K), 0.0018612 secs] [Times: user=0.01 sys=0.00, real=0.00 secs] 
1243.746: [GC (Allocation Failure) [PSYoungGen: 67565K->1501K(73216K)] 435907K->369851K(594432K), 0.0016997 secs] [Times: user=0.01 sys=0.00, real=0.00 secs] 
1243.871: [GC (Allocation Failure) [PSYoungGen: 73181K->1501K(73728K)] 441531K->369875K(594944K), 0.0017738 secs] [Times: user=0.00 sys=0.00, real=0.00 secs] 
1244.388: [GC (Allocation Failure) [PSYoungGen: 73181K->1408K(72704K)] 441555K->369782K(593920K), 0.0024404 secs] [Times: user=0.01 sys=0.00, real=0.00 secs] 
1244.684: [GC (Allocation Failure) [PSYoungGen: 72576K->1440K(72192K)] 440950K->369814K(593408K), 0.0027511 secs] [Times: user=0.01 sys=0.00, real=0.01 secs] 
1244.979: [GC (Allocation Failure) [PSYoungGen: 72096K->1376K(71680K)] 440470K->369750K(592896K), 0.0022641 secs] [Times: user=0.01 sys=0.00, real=0.00 secs] 
1245.271: [GC (Allocation Failure) [PSYoungGen: 71520K->1376K(71168K)] 439894K->369750K(592384K), 0.0021956 secs] [Times: user=0.01 sys=0.00, real=0.00 secs] 
1245.434: [GC (Allocation Failure) [PSYoungGen: 71008K->1533K(70656K)] 439382K->369907K(591872K), 0.0016523 secs] [Times: user=0.01 sys=0.00, real=0.01 secs] 
1245.556: [GC (Allocation Failure) [PSYoungGen: 70653K->1453K(76800K)] 439027K->369827K(598016K), 0.0018478 secs] [Times: user=0.01 sys=0.00, real=0.00 secs] 
1245.686: [GC (Allocation Failure) [PSYoungGen: 76717K->1533K(77312K)] 445091K->369907K(598528K), 0.0018252 secs] [Times: user=0.00 sys=0.00, real=0.00 secs] 
1245.918: [GC (Allocation Failure) [PSYoungGen: 76797K->1440K(77312K)] 445171K->369814K(598528K), 0.0018004 secs] [Times: user=0.01 sys=0.00, real=0.00 secs] 
1246.231: [GC (Allocation Failure) [PSYoungGen: 76704K->1392K(76288K)] 445078K->369766K(597504K), 0.0021943 secs] [Times: user=0.01 sys=0.00, real=0.00 secs] 
1246.542: [GC (Allocation Failure) [PSYoungGen: 76144K->1408K(75776K)] 444518K->369782K(596992K), 0.0020561 secs] [Times: user=0.00 sys=0.00, real=0.00 secs] 
1246.871: [GC (Allocation Failure) [PSYoungGen: 75648K->1408K(75264K)] 444022K->369782K(596480K), 0.0019560 secs] [Times: user=0.01 sys=0.00, real=0.00 secs] 
1247.083: [GC (Allocation Failure) [PSYoungGen: 75136K->1485K(74752K)] 443510K->369859K(595968K), 0.0018051 secs] [Times: user=0.01 sys=0.00, real=0.00 secs] 
1247.211: [GC (Allocation Failure) [PSYoungGen: 74701K->1501K(74240K)] 443075K->369875K(595456K), 0.0017463 secs] [Times: user=0.01 sys=0.00, real=0.00 secs] 
1247.340: [GC (Allocation Failure) [PSYoungGen: 74205K->1533K(80384K)] 442579K->369907K(601600K), 0.0016786 secs] [Times: user=0.01 sys=0.00, real=0.00 secs] 
1247.642: [GC (Allocation Failure) [PSYoungGen: 80381K->1408K(79872K)] 448755K->369782K(601088K), 0.0022395 secs] [Times: user=0.01 sys=0.00, real=0.00 secs] 
1248.388: [GC (Allocation Failure) [PSYoungGen: 79744K->1376K(79360K)] 448118K->369750K(600576K), 0.0039170 secs] [Times: user=0.01 sys=0.00, real=0.00 secs] 
1249.074: [GC (Allocation Failure) [PSYoungGen: 79200K->1376K(78848K)] 447574K->369750K(600064K), 0.0037096 secs] [Times: user=0.01 sys=0.00, real=0.01 secs] 
1249.445: [GC (Allocation Failure) [PSYoungGen: 78688K->1344K(78336K)] 447062K->369718K(599552K), 0.0023370 secs] [Times: user=0.01 sys=0.00, real=0.01 secs] 
1249.693: [GC (Allocation Failure) [PSYoungGen: 78125K->1504K(77824K)] 446500K->369878K(599040K), 0.0017433 secs] [Times: user=0.00 sys=0.00, real=0.00 secs] 
1249.850: [GC (Allocation Failure) [PSYoungGen: 77792K->1533K(77312K)] 446166K->369907K(598528K), 0.0021219 secs] [Times: user=0.01 sys=0.00, real=0.00 secs] 
1250.029: [GC (Allocation Failure) [PSYoungGen: 77309K->1536K(77312K)] 445683K->369910K(598528K), 0.0020927 secs] [Times: user=0.01 sys=0.00, real=0.00 secs] 
1250.339: [GC (Allocation Failure) [PSYoungGen: 76800K->1456K(76288K)] 445174K->369830K(597504K), 0.0022621 secs] [Times: user=0.01 sys=0.00, real=0.00 secs] 
1250.699: [GC (Allocation Failure) [PSYoungGen: 76208K->1392K(75776K)] 444582K->369766K(596992K), 0.0019777 secs] [Times: user=0.01 sys=0.00, real=0.00 secs] 
1251.008: [GC (Allocation Failure) [PSYoungGen: 75632K->1408K(75264K)] 444006K->369782K(596480K), 0.0022298 secs] [Times: user=0.01 sys=0.00, real=0.00 secs] 
1251.316: [GC (Allocation Failure) [PSYoungGen: 75136K->1376K(74752K)] 443510K->369750K(595968K), 0.0021040 secs] [Times: user=0.00 sys=0.00, real=0.00 secs] 
1251.608: [GC (Allocation Failure) [PSYoungGen: 74592K->1501K(74240K)] 442966K->369875K(595456K), 0.0016431 secs] [Times: user=0.01 sys=0.00, real=0.00 secs] 
1251.736: [GC (Allocation Failure) [PSYoungGen: 74205K->1469K(73728K)] 442579K->369843K(594944K), 0.0016853 secs] [Times: user=0.00 sys=0.00, real=0.00 secs] 
1251.861: [GC (Allocation Failure) [PSYoungGen: 73661K->1501K(73216K)] 442035K->369899K(594432K), 0.0017576 secs] [Times: user=0.01 sys=0.00, real=0.00 secs] 
1251.986: [GC (Allocation Failure) [PSYoungGen: 73181K->1501K(73728K)] 441579K->369899K(594944K), 0.0016301 secs] [Times: user=0.01 sys=0.00, real=0.00 secs] 
1252.591: [GC (Allocation Failure) [PSYoungGen: 73693K->1408K(73216K)] 442091K->369814K(594432K), 0.0024596 secs] [Times: user=0.01 sys=0.00, real=0.00 secs] 
1253.131: [GC (Allocation Failure) [PSYoungGen: 73088K->1360K(72704K)] 441494K->369766K(593920K), 0.0025910 secs] [Times: user=0.01 sys=0.00, real=0.00 secs] 
1253.695: [GC (Allocation Failure) [PSYoungGen: 72528K->1392K(72192K)] 440934K->369798K(593408K), 0.0025750 secs] [Times: user=0.01 sys=0.00, real=0.01 secs] 
1254.253: [GC (Allocation Failure) [PSYoungGen: 72048K->1376K(71680K)] 440454K->369782K(592896K), 0.0024964 secs] [Times: user=0.01 sys=0.00, real=0.00 secs] 
1254.522: [GC (Allocation Failure) [PSYoungGen: 71520K->1501K(71168K)] 439926K->369907K(592384K), 0.0018013 secs] [Times: user=0.01 sys=0.00, real=0.00 secs] 
1254.646: [GC (Allocation Failure) [PSYoungGen: 71133K->1485K(70656K)] 439539K->369891K(591872K), 0.0018040 secs] [Times: user=0.01 sys=0.00, real=0.00 secs] 
1254.768: [GC (Allocation Failure) [PSYoungGen: 70605K->1504K(70144K)] 439011K->369910K(591360K), 0.0017342 secs] [Times: user=0.01 sys=0.00, real=0.00 secs] 
1254.991: [GC (Allocation Failure) [PSYoungGen: 70112K->1968K(70144K)] 438518K->370374K(591360K), 0.0021056 secs] [Times: user=0.01 sys=0.00, real=0.00 secs] 
1255.922: [GC (Allocation Failure) [PSYoungGen: 70064K->1360K(69120K)] 438470K->369766K(590336K), 0.0031958 secs] [Times: user=0.01 sys=0.00, real=0.01 secs] 
1256.725: [GC (Allocation Failure) [PSYoungGen: 68944K->1376K(68608K)] 437350K->369782K(589824K), 0.0027057 secs] [Times: user=0.01 sys=0.00, real=0.01 secs] 
1257.617: [GC (Allocation Failure) [PSYoungGen: 68448K->1344K(68096K)] 436854K->369750K(589312K), 0.0037368 secs] [Times: user=0.01 sys=0.00, real=0.00 secs] 
1258.569: [GC (Allocation Failure) [PSYoungGen: 67904K->1344K(67584K)] 436310K->369750K(588800K), 0.0047232 secs] [Times: user=0.02 sys=0.00, real=0.00 secs] 
1258.900: [GC (Allocation Failure) [PSYoungGen: 67392K->1504K(67072K)] 435798K->369910K(588288K), 0.0021964 secs] [Times: user=0.01 sys=0.00, real=0.00 secs] 
1259.071: [GC (Allocation Failure) [PSYoungGen: 67040K->1501K(66560K)] 435446K->369907K(587776K), 0.0022492 secs] [Times: user=0.01 sys=0.00, real=0.00 secs] 
1259.219: [GC (Allocation Failure) [PSYoungGen: 66525K->1501K(66048K)] 434931K->369907K(587264K), 0.0019293 secs] [Times: user=0.01 sys=0.00, real=0.00 secs] 
1259.332: [GC (Allocation Failure) [PSYoungGen: 66013K->1517K(66560K)] 434419K->369939K(587776K), 0.0018580 secs] [Times: user=0.01 sys=0.00, real=0.00 secs] 
1260.418: [GC (Allocation Failure) [PSYoungGen: 66541K->1440K(66048K)] 434963K->369862K(587264K), 0.0031805 secs] [Times: user=0.01 sys=0.00, real=0.00 secs] 
1261.307: [GC (Allocation Failure) [PSYoungGen: 65952K->1392K(65536K)] 434374K->369814K(586752K), 0.0032571 secs] [Times: user=0.01 sys=0.00, real=0.00 secs] 
1262.193: [GC (Allocation Failure) [PSYoungGen: 65392K->1408K(65024K)] 433814K->369830K(586240K), 0.0031990 secs] [Times: user=0.01 sys=0.00, real=0.01 secs] 
1263.065: [GC (Allocation Failure) [PSYoungGen: 64896K->1360K(64512K)] 433318K->369782K(585728K), 0.0046286 secs] [Times: user=0.02 sys=0.00, real=0.00 secs] 
1263.682: [GC (Allocation Failure) [PSYoungGen: 64336K->1504K(64000K)] 432758K->369926K(585216K), 0.0024373 secs] [Times: user=0.01 sys=0.00, real=0.00 secs] 
1263.870: [GC (Allocation Failure) [PSYoungGen: 63968K->1488K(63488K)] 432390K->369910K(584704K), 0.0024961 secs] [Times: user=0.01 sys=0.00, real=0.00 secs] 
1264.048: [GC (Allocation Failure) [PSYoungGen: 63440K->1504K(62976K)] 431862K->369942K(584192K), 0.0024416 secs] [Times: user=0.01 sys=0.00, real=0.00 secs] 
1264.226: [GC (Allocation Failure) [PSYoungGen: 62944K->1536K(63488K)] 431382K->369974K(584704K), 0.0023669 secs] [Times: user=0.01 sys=0.00, real=0.00 secs] 
1264.528: [GC (Allocation Failure) [PSYoungGen: 62976K->1472K(62464K)] 431414K->369910K(583680K), 0.0025848 secs] [Times: user=0.01 sys=0.00, real=0.00 secs] 
1265.054: [GC (Allocation Failure) [PSYoungGen: 62400K->1408K(61952K)] 430838K->369854K(583168K), 0.0025208 secs] [Times: user=0.01 sys=0.00, real=0.01 secs] 
1265.583: [GC (Allocation Failure) [PSYoungGen: 61824K->1376K(61440K)] 430270K->369822K(582656K), 0.0025654 secs] [Times: user=0.01 sys=0.01, real=0.01 secs] 
1266.098: [GC (Allocation Failure) [PSYoungGen: 61280K->1360K(61952K)] 429726K->369806K(583168K), 0.0025089 secs] [Times: user=0.01 sys=0.00, real=0.00 secs] 
1266.770: [GC (Allocation Failure) [PSYoungGen: 61264K->1376K(61952K)] 429710K->369822K(583168K), 0.0024506 secs] [Times: user=0.01 sys=0.00, real=0.00 secs] 
1267.042: [GC (Allocation Failure) [PSYoungGen: 61280K->1501K(61952K)] 429726K->369947K(583168K), 0.0022572 secs] [Times: user=0.01 sys=0.00, real=0.00 secs] 
1267.150: [GC (Allocation Failure) [PSYoungGen: 61405K->1501K(61952K)] 429851K->369947K(583168K), 0.0017523 secs] [Times: user=0.01 sys=0.00, real=0.00 secs] 
1267.258: [GC (Allocation Failure) [PSYoungGen: 61405K->1437K(61952K)] 429851K->369907K(583168K), 0.0016197 secs] [Times: user=0.01 sys=0.00, real=0.00 secs] 
1267.364: [GC (Allocation Failure) [PSYoungGen: 61341K->1501K(61952K)] 429811K->369971K(583168K), 0.0016288 secs] [Times: user=0.01 sys=0.00, real=0.01 secs] 
1267.567: [GC (Allocation Failure) [PSYoungGen: 61405K->1408K(67584K)] 429875K->369878K(588800K), 0.0021079 secs] [Times: user=0.01 sys=0.00, real=0.00 secs] 
1267.885: [GC (Allocation Failure) [PSYoungGen: 66944K->1376K(67584K)] 435414K->369846K(588800K), 0.0020933 secs] [Times: user=0.01 sys=0.00, real=0.00 secs] 
1268.263: [GC (Allocation Failure) [PSYoungGen: 66912K->1408K(66560K)] 435382K->369878K(587776K), 0.0023880 secs] [Times: user=0.01 sys=0.01, real=0.01 secs] 
1268.544: [GC (Allocation Failure) [PSYoungGen: 66432K->1408K(66048K)] 434902K->369878K(587264K), 0.0025766 secs] [Times: user=0.01 sys=0.00, real=0.01 secs] 
1268.962: [GC (Allocation Failure) [PSYoungGen: 65920K->1408K(71680K)] 434390K->369878K(592896K), 0.0058874 secs] [Times: user=0.01 sys=0.00, real=0.01 secs] 
1269.148: [GC (Allocation Failure) [PSYoungGen: 71528K->1504K(72192K)] 439998K->369974K(593408K), 0.0024812 secs] [Times: user=0.01 sys=0.00, real=0.00 secs] 
1269.298: [GC (Allocation Failure) [PSYoungGen: 71648K->1536K(78848K)] 440118K->370022K(600064K), 0.0019924 secs] [Times: user=0.01 sys=0.00, real=0.00 secs] 
1269.433: [GC (Allocation Failure) [PSYoungGen: 78336K->1517K(78848K)] 446822K->370003K(600064K), 0.0016909 secs] [Times: user=0.01 sys=0.00, real=0.00 secs] 
1269.880: [GC (Allocation Failure) [PSYoungGen: 78317K->1424K(86016K)] 446803K->369910K(607232K), 0.0048366 secs] [Times: user=0.02 sys=0.01, real=0.00 secs] 
1270.691: [GC (Allocation Failure) [PSYoungGen: 85392K->1408K(84992K)] 453878K->369894K(606208K), 0.0031866 secs] [Times: user=0.01 sys=0.00, real=0.00 secs] 
1271.335: [GC (Allocation Failure) [PSYoungGen: 84864K->1344K(84480K)] 453350K->369830K(605696K), 0.0031026 secs] [Times: user=0.02 sys=0.00, real=0.00 secs] 
1272.137: [GC (Allocation Failure) [PSYoungGen: 84288K->1440K(83968K)] 452774K->369926K(605184K), 0.0026350 secs] [Times: user=0.01 sys=0.00, real=0.00 secs] 
1272.331: [GC (Allocation Failure) [PSYoungGen: 83872K->1453K(83456K)] 452358K->369939K(604672K), 0.0018210 secs] [Times: user=0.01 sys=0.00, real=0.00 secs] 
1272.477: [GC (Allocation Failure) [PSYoungGen: 83373K->1485K(82944K)] 451859K->369995K(604160K), 0.0017872 secs] [Times: user=0.01 sys=0.00, real=0.00 secs] 
1272.622: [GC (Allocation Failure) [PSYoungGen: 82893K->1501K(82432K)] 451403K->370011K(603648K), 0.0017362 secs] [Times: user=0.01 sys=0.00, real=0.00 secs] 
1273.418: [GC (Allocation Failure) [PSYoungGen: 82397K->1376K(81920K)] 450907K->369886K(603136K), 0.0022152 secs] [Times: user=0.00 sys=0.00, real=0.00 secs] 
1273.777: [GC (Allocation Failure) [PSYoungGen: 81760K->1408K(81408K)] 450270K->369918K(602624K), 0.0023002 secs] [Times: user=0.01 sys=0.00, real=0.00 secs] 
1274.190: [GC (Allocation Failure) [PSYoungGen: 81280K->1408K(80896K)] 449790K->369918K(602112K), 0.0020718 secs] [Times: user=0.01 sys=0.00, real=0.00 secs] 
1274.717: [GC (Allocation Failure) [PSYoungGen: 80768K->1517K(80384K)] 449278K->370027K(601600K), 0.0018046 secs] [Times: user=0.01 sys=0.00, real=0.00 secs] 
1274.892: [GC (Allocation Failure) [PSYoungGen: 80365K->1501K(79872K)] 448875K->370011K(601088K), 0.0037260 secs] [Times: user=0.02 sys=0.00, real=0.01 secs] 
1275.067: [GC (Allocation Failure) [PSYoungGen: 79837K->1501K(80384K)] 448347K->370011K(601600K), 0.0018553 secs] [Times: user=0.01 sys=0.00, real=0.00 secs] 
1275.348: [GC (Allocation Failure) [PSYoungGen: 79837K->1504K(79360K)] 448347K->370014K(600576K), 0.0025077 secs] [Times: user=0.01 sys=0.00, real=0.00 secs] 
1275.864: [GC (Allocation Failure) [PSYoungGen: 79328K->1344K(78848K)] 447838K->369854K(600064K), 0.0029637 secs] [Times: user=0.01 sys=0.00, real=0.01 secs] 
1276.209: [GC (Allocation Failure) [PSYoungGen: 78656K->1344K(78336K)] 447166K->369854K(599552K), 0.0022434 secs] [Times: user=0.01 sys=0.00, real=0.00 secs] 
1276.827: [GC (Allocation Failure) [PSYoungGen: 78144K->1376K(77824K)] 446654K->369886K(599040K), 0.0039655 secs] [Times: user=0.02 sys=0.01, real=0.00 secs] 
1277.362: [GC (Allocation Failure) [PSYoungGen: 77664K->1533K(77312K)] 446174K->370043K(598528K), 0.0025985 secs] [Times: user=0.01 sys=0.00, real=0.00 secs] 
1277.526: [GC (Allocation Failure) [PSYoungGen: 77309K->1533K(76800K)] 445819K->370043K(598016K), 0.0018330 secs] [Times: user=0.00 sys=0.00, real=0.00 secs] 
1277.658: [GC (Allocation Failure) [PSYoungGen: 76797K->1501K(76288K)] 445307K->370011K(597504K), 0.0017454 secs] [Times: user=0.01 sys=0.00, real=0.00 secs] 
1277.857: [GC (Allocation Failure) [PSYoungGen: 76253K->1952K(76288K)] 444763K->370974K(597504K), 0.0020572 secs] [Times: user=0.00 sys=0.00, real=0.00 secs] 
1278.731: [GC (Allocation Failure) [PSYoungGen: 76192K->1344K(75264K)] 445214K->370366K(596480K), 0.0024420 secs] [Times: user=0.01 sys=0.00, real=0.00 secs] 
1279.573: [GC (Allocation Failure) [PSYoungGen: 75072K->1376K(74752K)] 444094K->370406K(595968K), 0.0027788 secs] [Times: user=0.01 sys=0.01, real=0.01 secs] 
1280.458: [GC (Allocation Failure) [PSYoungGen: 74592K->1376K(74240K)] 443622K->370406K(595456K), 0.0047558 secs] [Times: user=0.02 sys=0.00, real=0.00 secs] 
1281.202: [GC (Allocation Failure) [PSYoungGen: 74080K->1504K(73728K)] 443110K->370534K(594944K), 0.0028521 secs] [Times: user=0.01 sys=0.01, real=0.00 secs] 
1281.385: [GC (Allocation Failure) [PSYoungGen: 73696K->1533K(73216K)] 442726K->370563K(594432K), 0.0018493 secs] [Times: user=0.00 sys=0.00, real=0.00 secs] 
1281.510: [GC (Allocation Failure) [PSYoungGen: 73213K->1520K(72704K)] 442243K->370550K(593920K), 0.0017310 secs] [Times: user=0.01 sys=0.00, real=0.00 secs] 
1281.637: [GC (Allocation Failure) [PSYoungGen: 72688K->1533K(72192K)] 441718K->370563K(593408K), 0.0018242 secs] [Times: user=0.00 sys=0.00, real=0.00 secs] 
1282.194: [GC (Allocation Failure) [PSYoungGen: 72189K->1440K(71680K)] 441219K->370470K(592896K), 0.0022365 secs] [Times: user=0.01 sys=0.00, real=0.01 secs] 
1282.861: [GC (Allocation Failure) [PSYoungGen: 71584K->1376K(71168K)] 440614K->370406K(592384K), 0.0038225 secs] [Times: user=0.01 sys=0.00, real=0.00 secs] 
1283.503: [GC (Allocation Failure) [PSYoungGen: 71008K->1376K(70656K)] 440038K->370406K(591872K), 0.0020961 secs] [Times: user=0.00 sys=0.00, real=0.01 secs] 
1284.148: [GC (Allocation Failure) [PSYoungGen: 70496K->1360K(70144K)] 439526K->370390K(591360K), 0.0024604 secs] [Times: user=0.01 sys=0.00, real=0.00 secs] 
1284.538: [GC (Allocation Failure) [PSYoungGen: 69968K->1469K(69632K)] 438998K->370523K(590848K), 0.0020356 secs] [Times: user=0.01 sys=0.00, real=0.00 secs] 
1284.663: [GC (Allocation Failure) [PSYoungGen: 69544K->1501K(69120K)] 438598K->370555K(590336K), 0.0019276 secs] [Times: user=0.01 sys=0.00, real=0.00 secs] 
1284.785: [GC (Allocation Failure) [PSYoungGen: 69085K->1453K(68608K)] 438139K->370507K(589824K), 0.0017486 secs] [Times: user=0.01 sys=0.00, real=0.01 secs] 
1284.904: [GC (Allocation Failure) [PSYoungGen: 68496K->1501K(69632K)] 437550K->370571K(590848K), 0.0017758 secs] [Times: user=0.01 sys=0.00, real=0.01 secs] 
1285.550: [GC (Allocation Failure) [PSYoungGen: 69085K->1424K(68608K)] 438155K->370494K(589824K), 0.0021653 secs] [Times: user=0.01 sys=0.01, real=0.00 secs] 
1286.204: [GC (Allocation Failure) [PSYoungGen: 68496K->1376K(68096K)] 437566K->370446K(589312K), 0.0042195 secs] [Times: user=0.02 sys=0.00, real=0.01 secs] 
1286.734: [GC (Allocation Failure) [PSYoungGen: 67936K->1440K(67584K)] 437006K->370510K(588800K), 0.0030952 secs] [Times: user=0.01 sys=0.00, real=0.01 secs] 
1287.265: [GC (Allocation Failure) [PSYoungGen: 67488K->1408K(67072K)] 436558K->370478K(588288K), 0.0032009 secs] [Times: user=0.01 sys=0.00, real=0.01 secs] 
1287.710: [GC (Allocation Failure) [PSYoungGen: 66944K->1469K(66560K)] 436014K->370539K(587776K), 0.0020251 secs] [Times: user=0.01 sys=0.00, real=0.00 secs] 
1287.836: [GC (Allocation Failure) [PSYoungGen: 66493K->1501K(66048K)] 435563K->370571K(587264K), 0.0018175 secs] [Times: user=0.01 sys=0.00, real=0.00 secs] 
1287.950: [GC (Allocation Failure) [PSYoungGen: 66013K->1453K(71680K)] 435083K->370523K(592896K), 0.0017579 secs] [Times: user=0.01 sys=0.01, real=0.00 secs] 
1288.073: [GC (Allocation Failure) [PSYoungGen: 71597K->1533K(72192K)] 440667K->370619K(593408K), 0.0026389 secs] [Times: user=0.01 sys=0.00, real=0.01 secs] 
1289.228: [GC (Allocation Failure) [PSYoungGen: 71677K->1456K(77824K)] 440763K->370542K(599040K), 0.0046534 secs] [Times: user=0.02 sys=0.00, real=0.00 secs] 
1289.987: [GC (Allocation Failure) [PSYoungGen: 77744K->1408K(77312K)] 446830K->370494K(598528K), 0.0050294 secs] [Times: user=0.03 sys=0.00, real=0.00 secs] 
1290.503: [GC (Allocation Failure) [PSYoungGen: 77184K->1408K(76800K)] 446270K->370494K(598016K), 0.0028689 secs] [Times: user=0.01 sys=0.01, real=0.01 secs] 
1291.062: [GC (Allocation Failure) [PSYoungGen: 76672K->1344K(76288K)] 445758K->370430K(597504K), 0.0029027 secs] [Times: user=0.02 sys=0.00, real=0.00 secs] 
1291.273: [GC (Allocation Failure) [PSYoungGen: 76096K->1533K(75776K)] 445182K->370619K(596992K), 0.0017676 secs] [Times: user=0.01 sys=0.00, real=0.00 secs] 
1291.405: [GC (Allocation Failure) [PSYoungGen: 75773K->1501K(75264K)] 444859K->370587K(596480K), 0.0018719 secs] [Times: user=0.01 sys=0.00, real=0.01 secs] 
1291.534: [GC (Allocation Failure) [PSYoungGen: 75229K->1469K(75776K)] 444315K->370555K(596992K), 0.0017574 secs] [Times: user=0.01 sys=0.00, real=0.01 secs] 
1292.107: [GC (Allocation Failure) [PSYoungGen: 75709K->1456K(75264K)] 444795K->370542K(596480K), 0.0031530 secs] [Times: user=0.01 sys=0.00, real=0.00 secs] 
1293.027: [GC (Allocation Failure) [PSYoungGen: 75184K->1376K(74752K)] 444270K->370462K(595968K), 0.0032850 secs] [Times: user=0.01 sys=0.00, real=0.00 secs] 
1293.814: [GC (Allocation Failure) [PSYoungGen: 74592K->1376K(74240K)] 443678K->370462K(595456K), 0.0032705 secs] [Times: user=0.01 sys=0.00, real=0.01 secs] 
1294.584: [GC (Allocation Failure) [PSYoungGen: 74080K->1376K(73728K)] 443166K->370470K(594944K), 0.0032008 secs] [Times: user=0.02 sys=0.00, real=0.01 secs] 
1295.039: [GC (Allocation Failure) [PSYoungGen: 73568K->1501K(73216K)] 442662K->370595K(594432K), 0.0024724 secs] [Times: user=0.01 sys=0.00, real=0.00 secs] 
1295.176: [GC (Allocation Failure) [PSYoungGen: 73181K->1501K(72704K)] 442275K->370595K(593920K), 0.0016511 secs] [Times: user=0.01 sys=0.00, real=0.00 secs] 
1295.321: [GC (Allocation Failure) [PSYoungGen: 72669K->1472K(72192K)] 441763K->370566K(593408K), 0.0021592 secs] [Times: user=0.01 sys=0.01, real=0.00 secs] 
1295.496: [GC (Allocation Failure) [PSYoungGen: 72128K->224K(72704K)] 441222K->369318K(593920K), 0.0022727 secs] [Times: user=0.00 sys=0.00, real=0.00 secs] 
1295.846: [GC (Allocation Failure) [PSYoungGen: 70880K->1392K(71680K)] 439974K->370486K(592896K), 0.0024199 secs] [Times: user=0.01 sys=0.00, real=0.00 secs] 
1296.182: [GC (Allocation Failure) [PSYoungGen: 71536K->1376K(71168K)] 440630K->370470K(592384K), 0.0022634 secs] [Times: user=0.01 sys=0.00, real=0.00 secs] 
1296.472: [GC (Allocation Failure) [PSYoungGen: 71008K->1376K(70656K)] 440102K->370470K(591872K), 0.0020593 secs] [Times: user=0.01 sys=0.00, real=0.00 secs] 
1296.793: [GC (Allocation Failure) [PSYoungGen: 70496K->1376K(70144K)] 439590K->370470K(591360K), 0.0021836 secs] [Times: user=0.00 sys=0.00, real=0.00 secs] 
1296.951: [GC (Allocation Failure) [PSYoungGen: 69984K->1501K(69632K)] 439078K->370595K(590848K), 0.0018437 secs] [Times: user=0.00 sys=0.00, real=0.00 secs] 
1297.071: [GC (Allocation Failure) [PSYoungGen: 69597K->1437K(70144K)] 438691K->370531K(591360K), 0.0017175 secs] [Times: user=0.00 sys=0.00, real=0.00 secs] 
1297.190: [GC (Allocation Failure) [PSYoungGen: 69533K->1501K(70144K)] 438627K->370595K(591360K), 0.0016791 secs] [Times: user=0.01 sys=0.00, real=0.00 secs] 
1297.384: [GC (Allocation Failure) [PSYoungGen: 69597K->1424K(76288K)] 438691K->370518K(597504K), 0.0021242 secs] [Times: user=0.01 sys=0.00, real=0.01 secs] 
1297.723: [GC (Allocation Failure) [PSYoungGen: 75664K->1376K(76288K)] 444758K->370470K(597504K), 0.0023184 secs] [Times: user=0.01 sys=0.00, real=0.01 secs] 
1298.055: [GC (Allocation Failure) [PSYoungGen: 75616K->1408K(75264K)] 444710K->370502K(596480K), 0.0023045 secs] [Times: user=0.01 sys=0.00, real=0.01 secs] 
1298.362: [GC (Allocation Failure) [PSYoungGen: 75136K->1376K(74752K)] 444230K->370470K(595968K), 0.0025291 secs] [Times: user=0.01 sys=0.00, real=0.00 secs] 
1298.653: [GC (Allocation Failure) [PSYoungGen: 74577K->1501K(74240K)] 443671K->370595K(595456K), 0.0015984 secs] [Times: user=0.00 sys=0.00, real=0.00 secs] 
1298.781: [GC (Allocation Failure) [PSYoungGen: 74205K->1520K(73728K)] 443299K->370614K(594944K), 0.0018771 secs] [Times: user=0.00 sys=0.00, real=0.00 secs] 
1298.907: [GC (Allocation Failure) [PSYoungGen: 73712K->1504K(79872K)] 442806K->370598K(601088K), 0.0017209 secs] [Times: user=0.00 sys=0.00, real=0.00 secs] 
1299.068: [GC (Allocation Failure) [PSYoungGen: 79840K->1472K(80384K)] 448934K->370574K(601600K), 0.0020326 secs] [Times: user=0.01 sys=0.00, real=0.00 secs] 
1299.794: [GC (Allocation Failure) [PSYoungGen: 79808K->1408K(79360K)] 448910K->370510K(600576K), 0.0024854 secs] [Times: user=0.01 sys=0.00, real=0.01 secs] 
1300.936: [GC (Allocation Failure) [PSYoungGen: 79232K->1376K(78848K)] 448334K->370478K(600064K), 0.0038182 secs] [Times: user=0.02 sys=0.01, real=0.00 secs] 
1301.851: [GC (Allocation Failure) [PSYoungGen: 78688K->1408K(78336K)] 447790K->370510K(599552K), 0.0039110 secs] [Times: user=0.02 sys=0.00, real=0.00 secs] 
1302.479: [GC (Allocation Failure) [PSYoungGen: 78208K->1501K(77824K)] 447310K->370603K(599040K), 0.0024448 secs] [Times: user=0.01 sys=0.00, real=0.00 secs] 
1302.653: [GC (Allocation Failure) [PSYoungGen: 77789K->1501K(77312K)] 446891K->370603K(598528K), 0.0017957 secs] [Times: user=0.00 sys=0.00, real=0.00 secs] 
1302.787: [GC (Allocation Failure) [PSYoungGen: 77277K->1533K(76800K)] 446379K->370635K(598016K), 0.0017766 secs] [Times: user=0.01 sys=0.00, real=0.00 secs] 
1302.918: [GC (Allocation Failure) [PSYoungGen: 76797K->1469K(76288K)] 445899K->370587K(597504K), 0.0016222 secs] [Times: user=0.00 sys=0.00, real=0.00 secs] 
1304.670: [GC (Allocation Failure) [PSYoungGen: 76221K->1440K(75776K)] 445339K->370558K(596992K), 0.0047883 secs] [Times: user=0.02 sys=0.00, real=0.00 secs] 
1305.579: [GC (Allocation Failure) [PSYoungGen: 75680K->1376K(75264K)] 444798K->370494K(596480K), 0.0029316 secs] [Times: user=0.01 sys=0.00, real=0.00 secs] 
1306.129: [GC (Allocation Failure) [PSYoungGen: 75104K->1344K(74752K)] 444222K->370462K(595968K), 0.0037764 secs] [Times: user=0.02 sys=0.00, real=0.00 secs] 
1306.877: [GC (Allocation Failure) [PSYoungGen: 74560K->1472K(74240K)] 443678K->370590K(595456K), 0.0035444 secs] [Times: user=0.02 sys=0.00, real=0.00 secs] 
1307.118: [GC (Allocation Failure) [PSYoungGen: 74174K->1440K(73728K)] 443292K->370558K(594944K), 0.0022374 secs] [Times: user=0.01 sys=0.00, real=0.00 secs] 
1307.250: [GC (Allocation Failure) [PSYoungGen: 73632K->1469K(73216K)] 442750K->370587K(594432K), 0.0016551 secs] [Times: user=0.01 sys=0.00, real=0.00 secs] 
1307.395: [GC (Allocation Failure) [PSYoungGen: 73149K->1565K(73216K)] 442267K->370683K(594432K), 0.0021789 secs] [Times: user=0.01 sys=0.00, real=0.01 secs] 
1307.962: [GC (Allocation Failure) [PSYoungGen: 72733K->416K(71168K)] 441851K->370558K(592384K), 0.0045495 secs] [Times: user=0.02 sys=0.00, real=0.01 secs] 
1308.700: [GC (Allocation Failure) [PSYoungGen: 71072K->352K(72192K)] 441214K->370494K(593408K), 0.0026444 secs] [Times: user=0.01 sys=0.00, real=0.00 secs] 
1309.276: [GC (Allocation Failure) [PSYoungGen: 70496K->352K(70144K)] 440638K->370494K(591360K), 0.0037620 secs] [Times: user=0.02 sys=0.00, real=0.00 secs] 
1309.883: [GC (Allocation Failure) [PSYoungGen: 69984K->352K(71168K)] 440126K->370494K(592384K), 0.0023205 secs] [Times: user=0.01 sys=0.00, real=0.01 secs] 
1310.397: [GC (Allocation Failure) [PSYoungGen: 69472K->1469K(70144K)] 439614K->371611K(591360K), 0.0023926 secs] [Times: user=0.01 sys=0.00, real=0.00 secs] 
1310.535: [GC (Allocation Failure) [PSYoungGen: 70077K->1533K(69632K)] 440219K->371675K(590848K), 0.0019353 secs] [Times: user=0.01 sys=0.00, real=0.01 secs] 
1310.655: [GC (Allocation Failure) [PSYoungGen: 69629K->1533K(69120K)] 439771K->371675K(590336K), 0.0018929 secs] [Times: user=0.01 sys=0.00, real=0.01 secs] 
1310.775: [GC (Allocation Failure) [PSYoungGen: 69117K->1501K(74752K)] 439259K->371643K(595968K), 0.0017136 secs] [Times: user=0.01 sys=0.00, real=0.01 secs] 
1311.340: [GC (Allocation Failure) [PSYoungGen: 73693K->1440K(73216K)] 443835K->371582K(594432K), 0.0020118 secs] [Times: user=0.01 sys=0.00, real=0.00 secs] 
1311.955: [GC (Allocation Failure) [PSYoungGen: 73120K->1424K(72704K)] 443262K->371566K(593920K), 0.0021706 secs] [Times: user=0.01 sys=0.00, real=0.01 secs] 
1312.548: [GC (Allocation Failure) [PSYoungGen: 72592K->1376K(72192K)] 442734K->371518K(593408K), 0.0039935 secs] [Times: user=0.02 sys=0.00, real=0.00 secs] 
1312.945: [GC (Allocation Failure) [PSYoungGen: 72032K->1344K(71680K)] 442174K->371486K(592896K), 0.0024365 secs] [Times: user=0.01 sys=0.00, real=0.01 secs] 
1313.145: [GC (Allocation Failure) [PSYoungGen: 71488K->1504K(71680K)] 441630K->371646K(592896K), 0.0018213 secs] [Times: user=0.00 sys=0.00, real=0.01 secs] 
1313.267: [GC (Allocation Failure) [PSYoungGen: 71136K->1469K(70656K)] 441278K->371635K(591872K), 0.0018149 secs] [Times: user=0.01 sys=0.00, real=0.00 secs] 
1313.390: [GC (Allocation Failure) [PSYoungGen: 70589K->1517K(71168K)] 440755K->371683K(592384K), 0.0017461 secs] [Times: user=0.01 sys=0.00, real=0.00 secs] 
1313.561: [GC (Allocation Failure) [PSYoungGen: 70637K->1584K(71168K)] 440803K->371750K(592384K), 0.0020933 secs] [Times: user=0.01 sys=0.00, real=0.00 secs] 
1314.330: [GC (Allocation Failure) [PSYoungGen: 70704K->1424K(70144K)] 440870K->371590K(591360K), 0.0045636 secs] [Times: user=0.01 sys=0.01, real=0.00 secs] 
1314.918: [GC (Allocation Failure) [PSYoungGen: 70032K->1344K(69632K)] 440198K->371510K(590848K), 0.0029348 secs] [Times: user=0.01 sys=0.00, real=0.00 secs] 
1315.442: [GC (Allocation Failure) [PSYoungGen: 69440K->1408K(69120K)] 439606K->371574K(590336K), 0.0022319 secs] [Times: user=0.01 sys=0.00, real=0.00 secs] 
1315.724: [GC (Allocation Failure) [PSYoungGen: 68992K->1392K(68608K)] 439158K->371558K(589824K), 0.0023316 secs] [Times: user=0.01 sys=0.00, real=0.01 secs] 
1315.878: [GC (Allocation Failure) [PSYoungGen: 68464K->1472K(68096K)] 438630K->371638K(589312K), 0.0017007 secs] [Times: user=0.01 sys=0.00, real=0.00 secs] 
1315.996: [GC (Allocation Failure) [PSYoungGen: 68032K->1469K(67584K)] 438198K->371635K(588800K), 0.0016735 secs] [Times: user=0.01 sys=0.00, real=0.00 secs] 
1316.117: [GC (Allocation Failure) [PSYoungGen: 67517K->1453K(74240K)] 437683K->371619K(595456K), 0.0034971 secs] [Times: user=0.01 sys=0.00, real=0.00 secs] 
1316.402: [GC (Allocation Failure) [PSYoungGen: 74157K->1472K(74752K)] 444323K->371638K(595968K), 0.0020120 secs] [Times: user=0.01 sys=0.00, real=0.00 secs] 
1317.250: [GC (Allocation Failure) [PSYoungGen: 74176K->1440K(80896K)] 444342K->371606K(602112K), 0.0035663 secs] [Times: user=0.02 sys=0.00, real=0.00 secs] 
1318.157: [GC (Allocation Failure) [PSYoungGen: 80800K->1376K(80384K)] 450966K->371542K(601600K), 0.0040386 secs] [Times: user=0.01 sys=0.00, real=0.00 secs] 
1318.954: [GC (Allocation Failure) [PSYoungGen: 80224K->1376K(79872K)] 450390K->371542K(601088K), 0.0029411 secs] [Times: user=0.01 sys=0.00, real=0.01 secs] 
1319.391: [GC (Allocation Failure) [PSYoungGen: 79712K->1517K(79360K)] 449878K->371683K(600576K), 0.0021418 secs] [Times: user=0.01 sys=0.00, real=0.00 secs] 
1319.535: [GC (Allocation Failure) [PSYoungGen: 79341K->1533K(78848K)] 449507K->371699K(600064K), 0.0018654 secs] [Times: user=0.01 sys=0.00, real=0.01 secs] 
1319.671: [GC (Allocation Failure) [PSYoungGen: 78845K->1504K(78336K)] 449011K->371670K(599552K), 0.0017923 secs] [Times: user=0.01 sys=0.00, real=0.00 secs] 
1320.270: [GC (Allocation Failure) [PSYoungGen: 78304K->1424K(77824K)] 448470K->371606K(599040K), 0.0028498 secs] [Times: user=0.01 sys=0.00, real=0.00 secs] 
1321.513: [GC (Allocation Failure) [PSYoungGen: 77712K->1408K(77312K)] 447894K->371590K(598528K), 0.0038376 secs] [Times: user=0.01 sys=0.00, real=0.01 secs] 
1322.417: [GC (Allocation Failure) [PSYoungGen: 77184K->1408K(76800K)] 447366K->371590K(598016K), 0.0036543 secs] [Times: user=0.01 sys=0.01, real=0.00 secs] 
1322.802: [GC (Allocation Failure) [PSYoungGen: 76672K->1408K(76288K)] 446854K->371590K(597504K), 0.0021683 secs] [Times: user=0.01 sys=0.00, real=0.00 secs] 
1323.525: [GC (Allocation Failure) [PSYoungGen: 76160K->1504K(75776K)] 446342K->371686K(596992K), 0.0023673 secs] [Times: user=0.01 sys=0.00, real=0.00 secs] 
1323.740: [GC (Allocation Failure) [PSYoungGen: 75744K->1472K(75264K)] 445926K->371654K(596480K), 0.0022674 secs] [Times: user=0.01 sys=0.00, real=0.00 secs] 
1323.940: [GC (Allocation Failure) [PSYoungGen: 75200K->1472K(74752K)] 445382K->371654K(595968K), 0.0022257 secs] [Times: user=0.01 sys=0.00, real=0.00 secs] 
1324.103: [GC (Allocation Failure) [PSYoungGen: 74688K->1485K(74240K)] 444870K->371667K(595456K), 0.0019377 secs] [Times: user=0.01 sys=0.00, real=0.00 secs] 
1324.464: [GC (Allocation Failure) [PSYoungGen: 74189K->1440K(73728K)] 444371K->371622K(594944K), 0.0022358 secs] [Times: user=0.01 sys=0.00, real=0.01 secs] 
1324.765: [GC (Allocation Failure) [PSYoungGen: 73632K->1376K(73216K)] 443814K->371582K(594432K), 0.0029799 secs] [Times: user=0.01 sys=0.00, real=0.01 secs] 
1325.064: [GC (Allocation Failure) [PSYoungGen: 73056K->1376K(72704K)] 443262K->371582K(593920K), 0.0022068 secs] [Times: user=0.01 sys=0.00, real=0.01 secs] 
1325.377: [GC (Allocation Failure) [PSYoungGen: 72544K->1469K(72192K)] 442750K->371675K(593408K), 0.0022476 secs] [Times: user=0.01 sys=0.00, real=0.00 secs] 
1325.518: [GC (Allocation Failure) [PSYoungGen: 72125K->1501K(71680K)] 442331K->371707K(592896K), 0.0017313 secs] [Times: user=0.01 sys=0.00, real=0.00 secs] 
1325.641: [GC (Allocation Failure) [PSYoungGen: 71645K->1501K(72192K)] 441851K->371707K(593408K), 0.0017315 secs] [Times: user=0.00 sys=0.00, real=0.00 secs] 
1325.763: [GC (Allocation Failure) [PSYoungGen: 71645K->1485K(78336K)] 441851K->371691K(599552K), 0.0016416 secs] [Times: user=0.01 sys=0.00, real=0.00 secs] 
1325.988: [GC (Allocation Failure) [PSYoungGen: 77773K->1440K(78336K)] 447979K->371646K(599552K), 0.0018326 secs] [Times: user=0.01 sys=0.00, real=0.00 secs] 
1326.305: [GC (Allocation Failure) [PSYoungGen: 77728K->1360K(77312K)] 447934K->371566K(598528K), 0.0018705 secs] [Times: user=0.00 sys=0.00, real=0.01 secs] 
1326.619: [GC (Allocation Failure) [PSYoungGen: 77136K->1440K(76800K)] 447342K->371646K(598016K), 0.0018808 secs] [Times: user=0.00 sys=0.00, real=0.00 secs] 
1326.952: [GC (Allocation Failure) [PSYoungGen: 76704K->1408K(76288K)] 446910K->371614K(597504K), 0.0018506 secs] [Times: user=0.01 sys=0.00, real=0.00 secs] 
1327.931: [GC (Allocation Failure) [PSYoungGen: 76160K->1533K(75776K)] 446366K->371739K(596992K), 0.0022479 secs] [Times: user=0.00 sys=0.00, real=0.00 secs] 
1328.107: [GC (Allocation Failure) [PSYoungGen: 75773K->1485K(75264K)] 445979K->371691K(596480K), 0.0021063 secs] [Times: user=0.01 sys=0.00, real=0.00 secs] 
1328.275: [GC (Allocation Failure) [PSYoungGen: 75213K->1453K(74752K)] 445419K->371659K(595968K), 0.0024688 secs] [Times: user=0.01 sys=0.01, real=0.01 secs] 
1328.656: [GC (Allocation Failure) [PSYoungGen: 74669K->1408K(74240K)] 444875K->371614K(595456K), 0.0024130 secs] [Times: user=0.01 sys=0.00, real=0.00 secs] 
1329.630: [GC (Allocation Failure) [PSYoungGen: 74112K->1376K(73728K)] 444318K->371582K(594944K), 0.0033885 secs] [Times: user=0.02 sys=0.00, real=0.00 secs] 
1330.295: [GC (Allocation Failure) [PSYoungGen: 73568K->1376K(73216K)] 443774K->371582K(594432K), 0.0029823 secs] [Times: user=0.01 sys=0.00, real=0.01 secs] 
1331.059: [GC (Allocation Failure) [PSYoungGen: 73056K->1344K(72704K)] 443262K->371550K(593920K), 0.0032236 secs] [Times: user=0.02 sys=0.00, real=0.00 secs] 
1331.719: [GC (Allocation Failure) [PSYoungGen: 72512K->1533K(72192K)] 442718K->371739K(593408K), 0.0022647 secs] [Times: user=0.01 sys=0.00, real=0.00 secs] 
1331.876: [GC (Allocation Failure) [PSYoungGen: 72189K->1501K(71680K)] 442395K->371707K(592896K), 0.0016684 secs] [Times: user=0.01 sys=0.00, real=0.00 secs] 
1332.002: [GC (Allocation Failure) [PSYoungGen: 71645K->1533K(71168K)] 441851K->371739K(592384K), 0.0017103 secs] [Times: user=0.01 sys=0.00, real=0.00 secs] 
1332.126: [GC (Allocation Failure) [PSYoungGen: 71165K->1517K(70656K)] 441371K->371723K(591872K), 0.0018253 secs] [Times: user=0.00 sys=0.00, real=0.00 secs] 
1332.389: [GC (Allocation Failure) [PSYoungGen: 70637K->1472K(70144K)] 440843K->371678K(591360K), 0.0020395 secs] [Times: user=0.01 sys=0.01, real=0.00 secs] 
1332.743: [GC (Allocation Failure) [PSYoungGen: 70080K->1408K(69632K)] 440286K->371614K(590848K), 0.0021417 secs] [Times: user=0.01 sys=0.00, real=0.00 secs] 
1333.088: [GC (Allocation Failure) [PSYoungGen: 69504K->1360K(69120K)] 439710K->371566K(590336K), 0.0021777 secs] [Times: user=0.01 sys=0.00, real=0.00 secs] 
1333.371: [GC (Allocation Failure) [PSYoungGen: 68944K->1376K(68608K)] 439150K->371582K(589824K), 0.0021894 secs] [Times: user=0.01 sys=0.00, real=0.00 secs] 
1333.601: [GC (Allocation Failure) [PSYoungGen: 68448K->1472K(68096K)] 438654K->371702K(589312K), 0.0016232 secs] [Times: user=0.01 sys=0.00, real=0.00 secs] 
1333.719: [GC (Allocation Failure) [PSYoungGen: 68023K->1533K(67584K)] 438253K->371763K(588800K), 0.0017793 secs] [Times: user=0.01 sys=0.00, real=0.00 secs] 
1333.835: [GC (Allocation Failure) [PSYoungGen: 67581K->1488K(73728K)] 437811K->371718K(594944K), 0.0018086 secs] [Times: user=0.00 sys=0.00, real=0.01 secs] 
1333.961: [GC (Allocation Failure) [PSYoungGen: 73680K->1472K(74240K)] 443910K->371718K(595456K), 0.0018212 secs] [Times: user=0.01 sys=0.00, real=0.00 secs] 
1334.636: [GC (Allocation Failure) [PSYoungGen: 73664K->1440K(73216K)] 443910K->371702K(594432K), 0.0021683 secs] [Times: user=0.00 sys=0.00, real=0.00 secs] 
1335.605: [GC (Allocation Failure) [PSYoungGen: 73120K->1408K(72704K)] 443382K->371670K(593920K), 0.0024828 secs] [Times: user=0.01 sys=0.00, real=0.01 secs] 
1336.605: [GC (Allocation Failure) [PSYoungGen: 72576K->1376K(72192K)] 442838K->371638K(593408K), 0.0049157 secs] [Times: user=0.02 sys=0.00, real=0.00 secs] 
1337.544: [GC (Allocation Failure) [PSYoungGen: 72032K->1376K(71680K)] 442294K->371638K(592896K), 0.0050333 secs] [Times: user=0.02 sys=0.00, real=0.01 secs] 
1338.084: [GC (Allocation Failure) [PSYoungGen: 71516K->1469K(71168K)] 441778K->371731K(592384K), 0.0024690 secs] [Times: user=0.01 sys=0.00, real=0.01 secs] 
1338.228: [GC (Allocation Failure) [PSYoungGen: 71101K->1533K(70656K)] 441363K->371795K(591872K), 0.0019360 secs] [Times: user=0.01 sys=0.00, real=0.00 secs] 
1338.351: [GC (Allocation Failure) [PSYoungGen: 70653K->1533K(70144K)] 440915K->371795K(591360K), 0.0017234 secs] [Times: user=0.01 sys=0.00, real=0.00 secs] 
1338.472: [GC (Allocation Failure) [PSYoungGen: 70141K->1408K(76288K)] 440403K->371686K(597504K), 0.0018119 secs] [Times: user=0.01 sys=0.00, real=0.00 secs] 
1338.824: [GC (Allocation Failure) [PSYoungGen: 76160K->1376K(75776K)] 446438K->371654K(596992K), 0.0025426 secs] [Times: user=0.01 sys=0.00, real=0.01 secs] 
1339.154: [GC (Allocation Failure) [PSYoungGen: 75616K->1408K(75264K)] 445894K->371686K(596480K), 0.0025355 secs] [Times: user=0.01 sys=0.00, real=0.01 secs] 
1339.462: [GC (Allocation Failure) [PSYoungGen: 75136K->1344K(74752K)] 445414K->371622K(595968K), 0.0022354 secs] [Times: user=0.01 sys=0.00, real=0.00 secs] 
1339.760: [GC (Allocation Failure) [PSYoungGen: 74560K->1533K(74240K)] 444838K->371811K(595456K), 0.0021395 secs] [Times: user=0.00 sys=0.00, real=0.00 secs] 
1339.892: [GC (Allocation Failure) [PSYoungGen: 74237K->1533K(73728K)] 444515K->371811K(594944K), 0.0017816 secs] [Times: user=0.00 sys=0.00, real=0.00 secs] 
1340.018: [GC (Allocation Failure) [PSYoungGen: 73725K->1469K(74240K)] 444003K->371747K(595456K), 0.0017466 secs] [Times: user=0.01 sys=0.00, real=0.00 secs] 
1340.145: [GC (Allocation Failure) [PSYoungGen: 73661K->1485K(80896K)] 443939K->371763K(602112K), 0.0019959 secs] [Times: user=0.00 sys=0.00, real=0.01 secs] 
1341.203: [GC (Allocation Failure) [PSYoungGen: 80333K->1408K(79872K)] 450611K->371686K(601088K), 0.0038360 secs] [Times: user=0.01 sys=0.00, real=0.01 secs] 
1342.179: [GC (Allocation Failure) [PSYoungGen: 79744K->1408K(79360K)] 450022K->371686K(600576K), 0.0048766 secs] [Times: user=0.02 sys=0.01, real=0.00 secs] 
1342.915: [GC (Allocation Failure) [PSYoungGen: 79232K->1360K(78848K)] 449510K->371638K(600064K), 0.0028184 secs] [Times: user=0.01 sys=0.00, real=0.00 secs] 
1343.564: [GC (Allocation Failure) [PSYoungGen: 78672K->1504K(78336K)] 448950K->371806K(599552K), 0.0037412 secs] [Times: user=0.01 sys=0.00, real=0.01 secs] 
1343.775: [GC (Allocation Failure) [PSYoungGen: 78304K->1533K(77824K)] 448606K->371835K(599040K), 0.0017914 secs] [Times: user=0.01 sys=0.00, real=0.00 secs] 
1343.910: [GC (Allocation Failure) [PSYoungGen: 77821K->1485K(77312K)] 448123K->371787K(598528K), 0.0018391 secs] [Times: user=0.01 sys=0.00, real=0.00 secs] 
1344.043: [GC (Allocation Failure) [PSYoungGen: 77261K->1517K(77824K)] 447563K->371819K(599040K), 0.0035193 secs] [Times: user=0.02 sys=0.00, real=0.01 secs] 
1344.639: [GC (Allocation Failure) [PSYoungGen: 77293K->1504K(84480K)] 447595K->371806K(605696K), 0.0044423 secs] [Times: user=0.01 sys=0.01, real=0.00 secs] 
1345.062: [GC (Allocation Failure) [PSYoungGen: 84448K->1360K(84992K)] 454750K->371662K(606208K), 0.0023765 secs] [Times: user=0.01 sys=0.00, real=0.00 secs] 
1345.415: [GC (Allocation Failure) [PSYoungGen: 84304K->1456K(92160K)] 454606K->371758K(613376K), 0.0055040 secs] [Times: user=0.01 sys=0.02, real=0.00 secs] 
1345.767: [GC (Allocation Failure) [PSYoungGen: 91568K->1501K(92160K)] 461870K->371803K(613376K), 0.0017518 secs] [Times: user=0.01 sys=0.00, real=0.00 secs] 
1345.925: [GC (Allocation Failure) [PSYoungGen: 91613K->1504K(99840K)] 461915K->371806K(621056K), 0.0016680 secs] [Times: user=0.01 sys=0.01, real=0.01 secs] 
1346.095: [GC (Allocation Failure) [PSYoungGen: 99296K->1517K(99840K)] 469598K->371819K(621056K), 0.0017202 secs] [Times: user=0.00 sys=0.00, real=0.01 secs] 
1346.424: [GC (Allocation Failure) [PSYoungGen: 99309K->1424K(98304K)] 469611K->371726K(619520K), 0.0022675 secs] [Times: user=0.01 sys=0.00, real=0.01 secs] 
1346.827: [GC (Allocation Failure) [PSYoungGen: 98192K->1376K(97280K)] 468494K->371678K(618496K), 0.0028583 secs] [Times: user=0.01 sys=0.00, real=0.00 secs] 
1347.224: [GC (Allocation Failure) [PSYoungGen: 97120K->1408K(96256K)] 467422K->371710K(617472K), 0.0020743 secs] [Times: user=0.01 sys=0.00, real=0.01 secs] 
1347.632: [GC (Allocation Failure) [PSYoungGen: 96128K->1533K(95232K)] 466430K->371835K(616448K), 0.0017502 secs] [Times: user=0.01 sys=0.00, real=0.00 secs] 
1347.799: [GC (Allocation Failure) [PSYoungGen: 95229K->1533K(94208K)] 465531K->371835K(615424K), 0.0018783 secs] [Times: user=0.00 sys=0.00, real=0.00 secs] 
1347.961: [GC (Allocation Failure) [PSYoungGen: 94205K->1501K(93184K)] 464507K->371803K(614400K), 0.0017026 secs] [Times: user=0.00 sys=0.00, real=0.00 secs] 
1348.355: [GC (Allocation Failure) [PSYoungGen: 93149K->1376K(92160K)] 463451K->371678K(613376K), 0.0021232 secs] [Times: user=0.01 sys=0.00, real=0.01 secs] 
1348.750: [GC (Allocation Failure) [PSYoungGen: 92000K->1424K(91136K)] 462302K->371726K(612352K), 0.0021093 secs] [Times: user=0.01 sys=0.00, real=0.00 secs] 
1349.185: [GC (Allocation Failure) [PSYoungGen: 91024K->1440K(90112K)] 461326K->371742K(611328K), 0.0021057 secs] [Times: user=0.01 sys=0.00, real=0.01 secs] 
1349.519: [GC (Allocation Failure) [PSYoungGen: 90016K->1517K(89600K)] 460318K->371819K(610816K), 0.0016827 secs] [Times: user=0.01 sys=0.00, real=0.00 secs] 
1349.699: [GC (Allocation Failure) [PSYoungGen: 89581K->1469K(89088K)] 459883K->371771K(610304K), 0.0020125 secs] [Times: user=0.01 sys=0.00, real=0.00 secs] 
1349.872: [GC (Allocation Failure) [PSYoungGen: 89021K->1501K(88576K)] 459323K->371803K(609792K), 0.0019090 secs] [Times: user=0.01 sys=0.00, real=0.00 secs] 
1351.885: [GC (Allocation Failure) [PSYoungGen: 88541K->1376K(88064K)] 458843K->371678K(609280K), 0.0048504 secs] [Times: user=0.02 sys=0.01, real=0.01 secs] 
1352.495: [GC (Allocation Failure) [PSYoungGen: 87904K->1360K(87552K)] 458206K->371662K(608768K), 0.0037514 secs] [Times: user=0.02 sys=0.00, real=0.00 secs] 
1353.494: [GC (Allocation Failure) [PSYoungGen: 87376K->1376K(87040K)] 457678K->371678K(608256K), 0.0042610 secs] [Times: user=0.02 sys=0.00, real=0.01 secs] 
1354.193: [GC (Allocation Failure) [PSYoungGen: 86880K->1469K(86528K)] 457182K->371771K(607744K), 0.0022514 secs] [Times: user=0.01 sys=0.00, real=0.01 secs] 
1354.417: [GC (Allocation Failure) [PSYoungGen: 86461K->1533K(86016K)] 456763K->371835K(607232K), 0.0021472 secs] [Times: user=0.01 sys=0.00, real=0.00 secs] 
1354.628: [GC (Allocation Failure) [PSYoungGen: 86013K->1453K(85504K)] 456315K->371771K(606720K), 0.0022189 secs] [Times: user=0.00 sys=0.00, real=0.00 secs] 
1355.126: [GC (Allocation Failure) [PSYoungGen: 85421K->1472K(84992K)] 455739K->371790K(606208K), 0.0030899 secs] [Times: user=0.01 sys=0.00, real=0.00 secs] 
1356.284: [GC (Allocation Failure) [PSYoungGen: 84928K->1360K(84480K)] 455246K->371678K(605696K), 0.0047954 secs] [Times: user=0.02 sys=0.00, real=0.01 secs] 
1357.502: [GC (Allocation Failure) [PSYoungGen: 84304K->1344K(83968K)] 454622K->371662K(605184K), 0.0045963 secs] [Times: user=0.02 sys=0.00, real=0.01 secs] 
1358.624: [GC (Allocation Failure) [PSYoungGen: 83773K->1408K(83456K)] 454091K->371726K(604672K), 0.0036374 secs] [Times: user=0.02 sys=0.00, real=0.01 secs] 
1358.845: [GC (Allocation Failure) [PSYoungGen: 83328K->1533K(82944K)] 453646K->371883K(604160K), 0.0016440 secs] [Times: user=0.01 sys=0.00, real=0.00 secs] 
1358.989: [GC (Allocation Failure) [PSYoungGen: 82941K->1501K(82432K)] 453291K->371851K(603648K), 0.0018199 secs] [Times: user=0.01 sys=0.00, real=0.00 secs] 
1359.131: [GC (Allocation Failure) [PSYoungGen: 82397K->1517K(81920K)] 452747K->371867K(603136K), 0.0016544 secs] [Times: user=0.01 sys=0.00, real=0.00 secs] 
1360.088: [GC (Allocation Failure) [PSYoungGen: 81901K->1408K(81408K)] 452251K->371758K(602624K), 0.0030092 secs] [Times: user=0.01 sys=0.00, real=0.00 secs] 
1360.488: [GC (Allocation Failure) [PSYoungGen: 81280K->1424K(80896K)] 451630K->371774K(602112K), 0.0022339 secs] [Times: user=0.01 sys=0.00, real=0.00 secs] 
1360.818: [GC (Allocation Failure) [PSYoungGen: 80784K->1376K(80384K)] 451134K->371726K(601600K), 0.0023561 secs] [Times: user=0.01 sys=0.00, real=0.00 secs] 
1361.221: [GC (Allocation Failure) [PSYoungGen: 80213K->1453K(79872K)] 450563K->371803K(601088K), 0.0016903 secs] [Times: user=0.00 sys=0.00, real=0.00 secs] 
1361.358: [GC (Allocation Failure) [PSYoungGen: 79789K->1501K(79360K)] 450139K->371851K(600576K), 0.0018226 secs] [Times: user=0.01 sys=0.00, real=0.00 secs] 
1361.495: [GC (Allocation Failure) [PSYoungGen: 79325K->1501K(78848K)] 449675K->371851K(600064K), 0.0017591 secs] [Times: user=0.01 sys=0.00, real=0.01 secs] 
1362.024: [GC (Allocation Failure) [PSYoungGen: 78813K->1504K(78336K)] 449163K->371854K(599552K), 0.0031341 secs] [Times: user=0.01 sys=0.00, real=0.01 secs] 
1362.819: [GC (Allocation Failure) [PSYoungGen: 78304K->1408K(77824K)] 448654K->371758K(599040K), 0.0026634 secs] [Times: user=0.01 sys=0.00, real=0.00 secs] 
1363.680: [GC (Allocation Failure) [PSYoungGen: 77696K->1392K(77312K)] 448046K->371742K(598528K), 0.0032202 secs] [Times: user=0.01 sys=0.00, real=0.00 secs] 
1364.814: [GC (Allocation Failure) [PSYoungGen: 77168K->1440K(76800K)] 447518K->371790K(598016K), 0.0045200 secs] [Times: user=0.01 sys=0.00, real=0.01 secs] 
1365.564: [GC (Allocation Failure) [PSYoungGen: 76704K->1424K(76288K)] 447054K->371798K(597504K), 0.0027100 secs] [Times: user=0.01 sys=0.00, real=0.01 secs] 
1365.741: [GC (Allocation Failure) [PSYoungGen: 76176K->1501K(75776K)] 446550K->371875K(596992K), 0.0018215 secs] [Times: user=0.01 sys=0.00, real=0.00 secs] 
1365.872: [GC (Allocation Failure) [PSYoungGen: 75741K->1501K(75264K)] 446115K->371875K(596480K), 0.0017875 secs] [Times: user=0.01 sys=0.00, real=0.00 secs] 
1366.001: [GC (Allocation Failure) [PSYoungGen: 75229K->1504K(74752K)] 445603K->371878K(595968K), 0.0017941 secs] [Times: user=0.01 sys=0.00, real=0.00 secs] 
1366.368: [GC (Allocation Failure) [PSYoungGen: 74720K->1408K(74240K)] 445094K->371782K(595456K), 0.0029765 secs] [Times: user=0.02 sys=0.00, real=0.00 secs] 
1366.668: [GC (Allocation Failure) [PSYoungGen: 74112K->1376K(73728K)] 444486K->371750K(594944K), 0.0022758 secs] [Times: user=0.01 sys=0.00, real=0.00 secs] 
1366.968: [GC (Allocation Failure) [PSYoungGen: 73568K->1376K(73216K)] 443942K->371750K(594432K), 0.0023205 secs] [Times: user=0.01 sys=0.01, real=0.00 secs] 
1367.344: [GC (Allocation Failure) [PSYoungGen: 73056K->1501K(72704K)] 443430K->371875K(593920K), 0.0022221 secs] [Times: user=0.01 sys=0.00, real=0.01 secs] 
1367.487: [GC (Allocation Failure) [PSYoungGen: 72664K->1533K(72192K)] 443038K->371907K(593408K), 0.0017014 secs] [Times: user=0.00 sys=0.00, real=0.00 secs] 
1367.613: [GC (Allocation Failure) [PSYoungGen: 72189K->1469K(71680K)] 442563K->371843K(592896K), 0.0016831 secs] [Times: user=0.01 sys=0.00, real=0.00 secs] 
1367.736: [GC (Allocation Failure) [PSYoungGen: 71613K->1485K(77824K)] 441987K->371859K(599040K), 0.0018773 secs] [Times: user=0.01 sys=0.00, real=0.00 secs] 
1368.203: [GC (Allocation Failure) [PSYoungGen: 77773K->1440K(77312K)] 448147K->371814K(598528K), 0.0021235 secs] [Times: user=0.01 sys=0.00, real=0.00 secs] 
1369.139: [GC (Allocation Failure) [PSYoungGen: 77216K->1392K(76800K)] 447590K->371766K(598016K), 0.0046558 secs] [Times: user=0.02 sys=0.00, real=0.00 secs] 
1370.126: [GC (Allocation Failure) [PSYoungGen: 76656K->1376K(76288K)] 447030K->371750K(597504K), 0.0044802 secs] [Times: user=0.02 sys=0.00, real=0.00 secs] 
1370.827: [GC (Allocation Failure) [PSYoungGen: 76128K->1376K(75776K)] 446502K->371750K(596992K), 0.0032198 secs] [Times: user=0.01 sys=0.00, real=0.00 secs] 
1371.197: [GC (Allocation Failure) [PSYoungGen: 75616K->1501K(75264K)] 445990K->371875K(596480K), 0.0016710 secs] [Times: user=0.01 sys=0.00, real=0.00 secs] 
1371.327: [GC (Allocation Failure) [PSYoungGen: 75229K->1504K(74752K)] 445603K->371878K(595968K), 0.0017156 secs] [Times: user=0.00 sys=0.00, real=0.00 secs] 
1371.455: [GC (Allocation Failure) [PSYoungGen: 74720K->1533K(74240K)] 445094K->371907K(595456K), 0.0016438 secs] [Times: user=0.01 sys=0.00, real=0.01 secs] 
1371.794: [GC (Allocation Failure) [PSYoungGen: 74237K->1456K(73728K)] 444611K->371830K(594944K), 0.0022468 secs] [Times: user=0.01 sys=0.00, real=0.01 secs] 
1372.479: [GC (Allocation Failure) [PSYoungGen: 73648K->1344K(73216K)] 444022K->371726K(594432K), 0.0024142 secs] [Times: user=0.01 sys=0.01, real=0.00 secs] 
1373.191: [GC (Allocation Failure) [PSYoungGen: 73024K->1376K(72704K)] 443406K->371758K(593920K), 0.0024153 secs] [Times: user=0.01 sys=0.00, real=0.00 secs] 
1373.820: [GC (Allocation Failure) [PSYoungGen: 72544K->1392K(72192K)] 442926K->371774K(593408K), 0.0033406 secs] [Times: user=0.01 sys=0.00, real=0.00 secs] 
1374.374: [GC (Allocation Failure) [PSYoungGen: 72048K->1469K(71680K)] 442430K->371875K(592896K), 0.0023029 secs] [Times: user=0.01 sys=0.00, real=0.01 secs] 
1374.522: [GC (Allocation Failure) [PSYoungGen: 71613K->1533K(71168K)] 442019K->371939K(592384K), 0.0017634 secs] [Times: user=0.01 sys=0.00, real=0.00 secs] 
1374.644: [GC (Allocation Failure) [PSYoungGen: 71165K->1501K(70656K)] 441571K->371907K(591872K), 0.0018459 secs] [Times: user=0.01 sys=0.00, real=0.01 secs] 
1374.767: [GC (Allocation Failure) [PSYoungGen: 70621K->1517K(76800K)] 441027K->371923K(598016K), 0.0016967 secs] [Times: user=0.01 sys=0.00, real=0.00 secs] 
1376.036: [GC (Allocation Failure) [PSYoungGen: 76781K->1472K(76288K)] 447187K->371886K(597504K), 0.0043033 secs] [Times: user=0.02 sys=0.00, real=0.00 secs] 
1376.624: [GC (Allocation Failure) [PSYoungGen: 76224K->1344K(75776K)] 446638K->371758K(596992K), 0.0028463 secs] [Times: user=0.01 sys=0.00, real=0.01 secs] 
1377.155: [GC (Allocation Failure) [PSYoungGen: 75584K->1360K(75264K)] 445998K->371774K(596480K), 0.0026066 secs] [Times: user=0.01 sys=0.01, real=0.01 secs] 
1377.463: [GC (Allocation Failure) [PSYoungGen: 75088K->1408K(74752K)] 445502K->371822K(595968K), 0.0021957 secs] [Times: user=0.01 sys=0.00, real=0.00 secs] 
1377.644: [GC (Allocation Failure) [PSYoungGen: 74624K->1501K(74240K)] 445038K->371915K(595456K), 0.0016075 secs] [Times: user=0.01 sys=0.00, real=0.01 secs] 
1377.776: [GC (Allocation Failure) [PSYoungGen: 74205K->1517K(73728K)] 444619K->371931K(594944K), 0.0018693 secs] [Times: user=0.01 sys=0.00, real=0.00 secs] 
1377.902: [GC (Allocation Failure) [PSYoungGen: 73709K->1485K(74240K)] 444123K->371899K(595456K), 0.0017805 secs] [Times: user=0.01 sys=0.00, real=0.00 secs] 
1378.223: [GC (Allocation Failure) [PSYoungGen: 73677K->1440K(73216K)] 444091K->371862K(594432K), 0.0020850 secs] [Times: user=0.01 sys=0.00, real=0.00 secs] 
1378.984: [GC (Allocation Failure) [PSYoungGen: 73120K->1408K(72704K)] 443542K->371830K(593920K), 0.0049079 secs] [Times: user=0.02 sys=0.00, real=0.01 secs] 
1379.727: [GC (Allocation Failure) [PSYoungGen: 72576K->1360K(72192K)] 442998K->371782K(593408K), 0.0056797 secs] [Times: user=0.02 sys=0.01, real=0.00 secs] 
1380.418: [GC (Allocation Failure) [PSYoungGen: 72016K->1392K(71680K)] 442438K->371814K(592896K), 0.0036314 secs] [Times: user=0.01 sys=0.00, real=0.00 secs] 
1381.008: [GC (Allocation Failure) [PSYoungGen: 71536K->1517K(71168K)] 441958K->371947K(592384K), 0.0024651 secs] [Times: user=0.01 sys=0.00, real=0.00 secs] 
1381.165: [GC (Allocation Failure) [PSYoungGen: 71120K->1517K(70656K)] 441550K->371947K(591872K), 0.0016389 secs] [Times: user=0.01 sys=0.00, real=0.01 secs] 
1381.287: [GC (Allocation Failure) [PSYoungGen: 70637K->1485K(70144K)] 441067K->371915K(591360K), 0.0017165 secs] [Times: user=0.01 sys=0.00, real=0.00 secs] 
1381.407: [GC (Allocation Failure) [PSYoungGen: 70084K->1517K(76800K)] 440515K->371947K(598016K), 0.0017832 secs] [Times: user=0.00 sys=0.00, real=0.00 secs] 
1381.665: [GC (Allocation Failure) [PSYoungGen: 76269K->1472K(75776K)] 446699K->371910K(596992K), 0.0019528 secs] [Times: user=0.01 sys=0.00, real=0.01 secs] 
1382.108: [GC (Allocation Failure) [PSYoungGen: 75712K->1408K(75264K)] 446150K->371846K(596480K), 0.0019142 secs] [Times: user=0.00 sys=0.00, real=0.00 secs] 
1382.743: [GC (Allocation Failure) [PSYoungGen: 75136K->1408K(74752K)] 445574K->371846K(595968K), 0.0021551 secs] [Times: user=0.01 sys=0.00, real=0.01 secs] 
1383.350: [GC (Allocation Failure) [PSYoungGen: 74624K->1408K(74240K)] 445062K->371854K(595456K), 0.0022977 secs] [Times: user=0.01 sys=0.00, real=0.00 secs] 
1383.621: [GC (Allocation Failure) [PSYoungGen: 74112K->1517K(73728K)] 444558K->371963K(594944K), 0.0017475 secs] [Times: user=0.01 sys=0.00, real=0.00 secs] 
1383.747: [GC (Allocation Failure) [PSYoungGen: 73709K->1501K(73216K)] 444155K->371947K(594432K), 0.0018355 secs] [Times: user=0.01 sys=0.01, real=0.00 secs] 
1383.873: [GC (Allocation Failure) [PSYoungGen: 73181K->1501K(72704K)] 443627K->371947K(593920K), 0.0017620 secs] [Times: user=0.01 sys=0.00, real=0.00 secs] 
1384.275: [GC (Allocation Failure) [PSYoungGen: 72669K->1472K(72192K)] 443115K->371918K(593408K), 0.0023997 secs] [Times: user=0.01 sys=0.00, real=0.01 secs] 
1384.903: [GC (Allocation Failure) [PSYoungGen: 72128K->1376K(71680K)] 442574K->371822K(592896K), 0.0023747 secs] [Times: user=0.01 sys=0.00, real=0.01 secs] 
1385.589: [GC (Allocation Failure) [PSYoungGen: 71520K->1376K(71168K)] 441966K->371822K(592384K), 0.0025154 secs] [Times: user=0.01 sys=0.00, real=0.00 secs] 
1386.079: [GC (Allocation Failure) [PSYoungGen: 71008K->1392K(70656K)] 441454K->371838K(591872K), 0.0023043 secs] [Times: user=0.01 sys=0.00, real=0.00 secs] 
1386.949: [GC (Allocation Failure) [PSYoungGen: 70512K->1504K(70144K)] 440958K->371950K(591360K), 0.0028766 secs] [Times: user=0.01 sys=0.00, real=0.00 secs] 
1387.122: [GC (Allocation Failure) [PSYoungGen: 70112K->1453K(69632K)] 440558K->371899K(590848K), 0.0019488 secs] [Times: user=0.00 sys=0.00, real=0.00 secs] 
1387.242: [GC (Allocation Failure) [PSYoungGen: 69521K->1533K(69120K)] 439967K->371979K(590336K), 0.0018074 secs] [Times: user=0.00 sys=0.00, real=0.00 secs] 
1387.363: [GC (Allocation Failure) [PSYoungGen: 69117K->1501K(69632K)] 439563K->371947K(590848K), 0.0016898 secs] [Times: user=0.01 sys=0.00, real=0.00 secs] 
1388.110: [GC (Allocation Failure) [PSYoungGen: 69085K->1488K(68608K)] 439531K->371934K(589824K), 0.0034047 secs] [Times: user=0.02 sys=0.00, real=0.00 secs] 
1389.041: [GC (Allocation Failure) [PSYoungGen: 68560K->1376K(68096K)] 439006K->371822K(589312K), 0.0029406 secs] [Times: user=0.01 sys=0.00, real=0.00 secs] 
1390.020: [GC (Allocation Failure) [PSYoungGen: 67936K->1408K(67584K)] 438382K->371854K(588800K), 0.0030916 secs] [Times: user=0.02 sys=0.00, real=0.00 secs] 
1391.124: [GC (Allocation Failure) [PSYoungGen: 67456K->1376K(67072K)] 437902K->371822K(588288K), 0.0045692 secs] [Times: user=0.02 sys=0.00, real=0.01 secs] 
1392.067: [GC (Allocation Failure) [PSYoungGen: 66912K->1440K(66560K)] 437358K->371886K(587776K), 0.0032194 secs] [Times: user=0.02 sys=0.00, real=0.00 secs] 
1392.246: [GC (Allocation Failure) [PSYoungGen: 66464K->1469K(66048K)] 436910K->371915K(587264K), 0.0017750 secs] [Times: user=0.01 sys=0.00, real=0.00 secs] 
1392.359: [GC (Allocation Failure) [PSYoungGen: 65981K->1469K(65536K)] 436427K->371915K(586752K), 0.0017891 secs] [Times: user=0.01 sys=0.00, real=0.00 secs] 
1392.488: [GC (Allocation Failure) [PSYoungGen: 65469K->1501K(66048K)] 435915K->371963K(587264K), 0.0020577 secs] [Times: user=0.01 sys=0.00, real=0.00 secs] 
1392.704: [GC (Allocation Failure) [PSYoungGen: 65501K->1936K(66048K)] 435963K->372398K(587264K), 0.0019878 secs] [Times: user=0.00 sys=0.00, real=0.01 secs] 
1392.978: [GC (Allocation Failure) [PSYoungGen: 65936K->1376K(65024K)] 436398K->371838K(586240K), 0.0020056 secs] [Times: user=0.01 sys=0.01, real=0.00 secs] 
1393.357: [GC (Allocation Failure) [PSYoungGen: 64864K->1392K(64512K)] 435326K->371854K(585728K), 0.0042288 secs] [Times: user=0.01 sys=0.01, real=0.00 secs] 
1393.928: [GC (Allocation Failure) [PSYoungGen: 64368K->1408K(64000K)] 434830K->371870K(585216K), 0.0037651 secs] [Times: user=0.01 sys=0.00, real=0.00 secs] 
1394.722: [GC (Allocation Failure) [PSYoungGen: 63872K->1376K(63488K)] 434334K->371838K(584704K), 0.0048423 secs] [Times: user=0.01 sys=0.00, real=0.01 secs] 
1395.141: [GC (Allocation Failure) [PSYoungGen: 63328K->1501K(62976K)] 433790K->371987K(584192K), 0.0027658 secs] [Times: user=0.01 sys=0.01, real=0.00 secs] 
1395.271: [GC (Allocation Failure) [PSYoungGen: 62941K->1485K(62464K)] 433427K->371971K(583680K), 0.0018019 secs] [Times: user=0.00 sys=0.00, real=0.00 secs] 
1395.379: [GC (Allocation Failure) [PSYoungGen: 62413K->1469K(68096K)] 432899K->371971K(589312K), 0.0016723 secs] [Times: user=0.01 sys=0.00, real=0.00 secs] 
1395.495: [GC (Allocation Failure) [PSYoungGen: 68029K->1533K(68608K)] 438531K->372035K(589824K), 0.0017005 secs] [Times: user=0.01 sys=0.00, real=0.01 secs] 
1395.949: [GC (Allocation Failure) [PSYoungGen: 68093K->1472K(73728K)] 438595K->371974K(594944K), 0.0020906 secs] [Times: user=0.01 sys=0.00, real=0.00 secs] 
1396.595: [GC (Allocation Failure) [PSYoungGen: 73664K->1408K(73216K)] 444166K->371910K(594432K), 0.0024505 secs] [Times: user=0.01 sys=0.00, real=0.01 secs] 
1397.216: [GC (Allocation Failure) [PSYoungGen: 73088K->1408K(72704K)] 443590K->371910K(593920K), 0.0029795 secs] [Times: user=0.01 sys=0.00, real=0.00 secs] 
1397.705: [GC (Allocation Failure) [PSYoungGen: 72576K->1376K(72192K)] 443078K->371878K(593408K), 0.0026152 secs] [Times: user=0.01 sys=0.00, real=0.00 secs] 
1397.936: [GC (Allocation Failure) [PSYoungGen: 72032K->1533K(71680K)] 442534K->372035K(592896K), 0.0017633 secs] [Times: user=0.01 sys=0.00, real=0.00 secs] 
1398.059: [GC (Allocation Failure) [PSYoungGen: 71677K->1501K(71168K)] 442179K->372003K(592384K), 0.0018449 secs] [Times: user=0.01 sys=0.00, real=0.00 secs] 
1398.188: [GC (Allocation Failure) [PSYoungGen: 71133K->1469K(71680K)] 441635K->371987K(592896K), 0.0017189 secs] [Times: user=0.00 sys=0.00, real=0.00 secs] 
1398.312: [GC (Allocation Failure) [PSYoungGen: 71101K->1501K(71680K)] 441619K->372019K(592896K), 0.0017443 secs] [Times: user=0.00 sys=0.00, real=0.00 secs] 
1399.443: [GC (Allocation Failure) [PSYoungGen: 71133K->1440K(70656K)] 441651K->371958K(591872K), 0.0026137 secs] [Times: user=0.01 sys=0.00, real=0.00 secs] 
1400.011: [GC (Allocation Failure) [PSYoungGen: 70560K->1408K(70144K)] 441078K->371926K(591360K), 0.0022492 secs] [Times: user=0.01 sys=0.00, real=0.00 secs] 
1400.955: [GC (Allocation Failure) [PSYoungGen: 70016K->1424K(69632K)] 440534K->371942K(590848K), 0.0030150 secs] [Times: user=0.01 sys=0.00, real=0.01 secs] 
1401.901: [GC (Allocation Failure) [PSYoungGen: 69520K->1408K(69120K)] 440038K->371926K(590336K), 0.0036497 secs] [Times: user=0.01 sys=0.00, real=0.00 secs] 
1402.291: [GC (Allocation Failure) [PSYoungGen: 68992K->1469K(68608K)] 439510K->371987K(589824K), 0.0021366 secs] [Times: user=0.01 sys=0.00, real=0.00 secs] 
1402.421: [GC (Allocation Failure) [PSYoungGen: 68525K->1517K(68096K)] 439044K->372035K(589312K), 0.0017845 secs] [Times: user=0.01 sys=0.00, real=0.00 secs] 
1402.556: [GC (Allocation Failure) [PSYoungGen: 68077K->1517K(67584K)] 438595K->372035K(588800K), 0.0019626 secs] [Times: user=0.00 sys=0.00, real=0.00 secs] 
1402.703: [GC (Allocation Failure) [PSYoungGen: 67565K->1501K(73216K)] 438083K->372035K(594432K), 0.0021802 secs] [Times: user=0.01 sys=0.00, real=0.00 secs] 
1403.065: [GC (Allocation Failure) [PSYoungGen: 73181K->1456K(72704K)] 443715K->371990K(593920K), 0.0023776 secs] [Times: user=0.01 sys=0.00, real=0.01 secs] 
1403.363: [GC (Allocation Failure) [PSYoungGen: 72624K->1440K(72192K)] 443158K->372006K(593408K), 0.0023849 secs] [Times: user=0.01 sys=0.00, real=0.01 secs] 
1403.825: [GC (Allocation Failure) [PSYoungGen: 72096K->1408K(71680K)] 442662K->371974K(592896K), 0.0023664 secs] [Times: user=0.01 sys=0.00, real=0.01 secs] 
1404.383: [GC (Allocation Failure) [PSYoungGen: 71409K->288K(70144K)] 441975K->370854K(591360K), 0.0026370 secs] [Times: user=0.01 sys=0.00, real=0.01 secs] 
1404.550: [GC (Allocation Failure) [PSYoungGen: 69920K->1533K(70656K)] 440486K->372099K(591872K), 0.0017098 secs] [Times: user=0.01 sys=0.00, real=0.00 secs] 
1404.671: [GC (Allocation Failure) [PSYoungGen: 70653K->1472K(70144K)] 441219K->372038K(591360K), 0.0017620 secs] [Times: user=0.01 sys=0.00, real=0.00 secs] 
1404.810: [GC (Allocation Failure) [PSYoungGen: 70079K->1533K(70656K)] 440645K->372099K(591872K), 0.0020360 secs] [Times: user=0.01 sys=0.00, real=0.00 secs] 
1405.590: [GC (Allocation Failure) [PSYoungGen: 70141K->1440K(69632K)] 440707K->372006K(590848K), 0.0032539 secs] [Times: user=0.01 sys=0.00, real=0.00 secs] 
1406.238: [GC (Allocation Failure) [PSYoungGen: 69536K->1344K(69120K)] 440102K->371910K(590336K), 0.0027921 secs] [Times: user=0.01 sys=0.00, real=0.00 secs] 
1406.807: [GC (Allocation Failure) [PSYoungGen: 68928K->1376K(68608K)] 439494K->371942K(589824K), 0.0022963 secs] [Times: user=0.01 sys=0.00, real=0.00 secs] 
1407.235: [GC (Allocation Failure) [PSYoungGen: 68448K->1376K(68096K)] 439014K->371942K(589312K), 0.0024701 secs] [Times: user=0.01 sys=0.00, real=0.01 secs] 
1407.564: [GC (Allocation Failure) [PSYoungGen: 67936K->1469K(67584K)] 438502K->372035K(588800K), 0.0024339 secs] [Times: user=0.02 sys=0.00, real=0.01 secs] 
1407.702: [GC (Allocation Failure) [PSYoungGen: 67517K->1472K(67072K)] 438083K->372038K(588288K), 0.0016146 secs] [Times: user=0.01 sys=0.00, real=0.00 secs] 
1407.834: [GC (Allocation Failure) [PSYoungGen: 66993K->1501K(66560K)] 437559K->372067K(587776K), 0.0021520 secs] [Times: user=0.01 sys=0.00, real=0.01 secs] 
1407.986: [GC (Allocation Failure) [PSYoungGen: 66525K->1565K(67072K)] 437091K->372131K(588288K), 0.0019569 secs] [Times: user=0.01 sys=0.00, real=0.00 secs] 
1408.162: [GC (Allocation Failure) [PSYoungGen: 66589K->1920K(67072K)] 437155K->372486K(588288K), 0.0019863 secs] [Times: user=0.01 sys=0.00, real=0.00 secs] 
1408.479: [GC (Allocation Failure) [PSYoungGen: 66944K->1408K(66048K)] 437510K->371974K(587264K), 0.0022363 secs] [Times: user=0.00 sys=0.01, real=0.00 secs] 
1408.748: [GC (Allocation Failure) [PSYoungGen: 65920K->1424K(65536K)] 436486K->371990K(586752K), 0.0023358 secs] [Times: user=0.01 sys=0.00, real=0.00 secs] 
1409.019: [GC (Allocation Failure) [PSYoungGen: 65424K->1376K(65024K)] 435990K->371942K(586240K), 0.0027526 secs] [Times: user=0.01 sys=0.00, real=0.00 secs] 
1409.281: [GC (Allocation Failure) [PSYoungGen: 64864K->1408K(64512K)] 435430K->371974K(585728K), 0.0023729 secs] [Times: user=0.01 sys=0.00, real=0.00 secs] 
1409.467: [GC (Allocation Failure) [PSYoungGen: 64384K->1501K(64000K)] 434950K->372067K(585216K), 0.0017300 secs] [Times: user=0.01 sys=0.00, real=0.00 secs] 
1409.578: [GC (Allocation Failure) [PSYoungGen: 63965K->1533K(70144K)] 434531K->372099K(591360K), 0.0016192 secs] [Times: user=0.00 sys=0.00, real=0.00 secs] 
1409.697: [GC (Allocation Failure) [PSYoungGen: 69629K->1533K(70144K)] 440195K->372115K(591360K), 0.0017462 secs] [Times: user=0.01 sys=0.00, real=0.00 secs] 
1409.817: [GC (Allocation Failure) [PSYoungGen: 69629K->1533K(70144K)] 440211K->372115K(591360K), 0.0018333 secs] [Times: user=0.01 sys=0.00, real=0.00 secs] 
1410.091: [GC (Allocation Failure) [PSYoungGen: 69629K->1440K(75776K)] 440211K->372022K(596992K), 0.0020112 secs] [Times: user=0.01 sys=0.00, real=0.00 secs] 
1410.400: [GC (Allocation Failure) [PSYoungGen: 75680K->1440K(76288K)] 446262K->372046K(597504K), 0.0020937 secs] [Times: user=0.01 sys=0.00, real=0.00 secs] 
1410.708: [GC (Allocation Failure) [PSYoungGen: 75680K->1376K(75264K)] 446286K->371982K(596480K), 0.0019800 secs] [Times: user=0.01 sys=0.00, real=0.00 secs] 
1411.017: [GC (Allocation Failure) [PSYoungGen: 75104K->1376K(74752K)] 445710K->371982K(595968K), 0.0029177 secs] [Times: user=0.02 sys=0.00, real=0.00 secs] 
1411.215: [GC (Allocation Failure) [PSYoungGen: 74592K->1533K(74240K)] 445198K->372139K(595456K), 0.0016691 secs] [Times: user=0.01 sys=0.00, real=0.00 secs] 
1411.365: [GC (Allocation Failure) [PSYoungGen: 74237K->1453K(80896K)] 444843K->372059K(602112K), 0.0021768 secs] [Times: user=0.01 sys=0.00, real=0.01 secs] 
1411.545: [GC (Allocation Failure) [PSYoungGen: 80301K->1501K(81408K)] 450907K->372131K(602624K), 0.0023190 secs] [Times: user=0.01 sys=0.00, real=0.00 secs] 
1412.698: [GC (Allocation Failure) [PSYoungGen: 80861K->1472K(80384K)] 451491K->372102K(601600K), 0.0046851 secs] [Times: user=0.02 sys=0.00, real=0.00 secs] 
1413.391: [GC (Allocation Failure) [PSYoungGen: 80320K->1360K(79872K)] 450950K->371990K(601088K), 0.0031973 secs] [Times: user=0.01 sys=0.00, real=0.00 secs] 
1414.059: [GC (Allocation Failure) [PSYoungGen: 79696K->1376K(79360K)] 450326K->372006K(600576K), 0.0044740 secs] [Times: user=0.02 sys=0.00, real=0.00 secs] 
1414.637: [GC (Allocation Failure) [PSYoungGen: 79200K->1376K(78848K)] 449830K->372006K(600064K), 0.0032203 secs] [Times: user=0.01 sys=0.00, real=0.00 secs] 
1414.937: [GC (Allocation Failure) [PSYoungGen: 78688K->1469K(78336K)] 449318K->372099K(599552K), 0.0018247 secs] [Times: user=0.00 sys=0.00, real=0.00 secs] 
1415.071: [GC (Allocation Failure) [PSYoungGen: 78269K->1469K(77824K)] 448899K->372099K(599040K), 0.0018213 secs] [Times: user=0.01 sys=0.00, real=0.00 secs] 
1415.206: [GC (Allocation Failure) [PSYoungGen: 77757K->1501K(77312K)] 448387K->372131K(598528K), 0.0016978 secs] [Times: user=0.01 sys=0.00, real=0.00 secs] 
1416.201: [GC (Allocation Failure) [PSYoungGen: 77277K->1440K(76800K)] 447907K->372070K(598016K), 0.0049489 secs] [Times: user=0.02 sys=0.00, real=0.01 secs] 
1417.670: [GC (Allocation Failure) [PSYoungGen: 76704K->1376K(76288K)] 447334K->372006K(597504K), 0.0045650 secs] [Times: user=0.02 sys=0.00, real=0.00 secs] 
1418.328: [GC (Allocation Failure) [PSYoungGen: 76128K->1440K(75776K)] 446758K->372070K(596992K), 0.0045969 secs] [Times: user=0.02 sys=0.00, real=0.00 secs] 
1418.941: [GC (Allocation Failure) [PSYoungGen: 75680K->1408K(75264K)] 446310K->372038K(596480K), 0.0024988 secs] [Times: user=0.02 sys=0.00, real=0.00 secs] 
1419.262: [GC (Allocation Failure) [PSYoungGen: 75136K->1533K(74752K)] 445766K->372163K(595968K), 0.0018579 secs] [Times: user=0.01 sys=0.00, real=0.00 secs] 
1419.390: [GC (Allocation Failure) [PSYoungGen: 74749K->1485K(74240K)] 445379K->372115K(595456K), 0.0018240 secs] [Times: user=0.01 sys=0.00, real=0.00 secs] 
1419.519: [GC (Allocation Failure) [PSYoungGen: 74189K->1520K(73728K)] 444819K->372150K(594944K), 0.0019284 secs] [Times: user=0.01 sys=0.00, real=0.00 secs] 
1419.790: [GC (Allocation Failure) [PSYoungGen: 73712K->1440K(73216K)] 444342K->372070K(594432K), 0.0019046 secs] [Times: user=0.01 sys=0.00, real=0.00 secs] 
1420.386: [GC (Allocation Failure) [PSYoungGen: 73120K->1408K(72704K)] 443750K->372038K(593920K), 0.0046464 secs] [Times: user=0.02 sys=0.00, real=0.00 secs] 
1421.177: [GC (Allocation Failure) [PSYoungGen: 72576K->1408K(72192K)] 443206K->372038K(593408K), 0.0044283 secs] [Times: user=0.02 sys=0.00, real=0.00 secs] 
1421.937: [GC (Allocation Failure) [PSYoungGen: 72064K->1376K(71680K)] 442694K->372006K(592896K), 0.0036900 secs] [Times: user=0.01 sys=0.00, real=0.00 secs] 
1422.752: [GC (Allocation Failure) [PSYoungGen: 71520K->1536K(71680K)] 442150K->372166K(592896K), 0.0026791 secs] [Times: user=0.01 sys=0.00, real=0.00 secs] 
1422.917: [GC (Allocation Failure) [PSYoungGen: 71159K->1501K(70656K)] 441789K->372131K(591872K), 0.0016767 secs] [Times: user=0.00 sys=0.00, real=0.00 secs] 
1423.039: [GC (Allocation Failure) [PSYoungGen: 70621K->1517K(70144K)] 441251K->372147K(591360K), 0.0018624 secs] [Times: user=0.01 sys=0.00, real=0.00 secs] 
1423.159: [GC (Allocation Failure) [PSYoungGen: 70125K->1520K(70656K)] 440755K->372150K(591872K), 0.0018905 secs] [Times: user=0.01 sys=0.00, real=0.00 secs] 
1423.584: [GC (Allocation Failure) [PSYoungGen: 70640K->1472K(70144K)] 441270K->372118K(591360K), 0.0021728 secs] [Times: user=0.01 sys=0.00, real=0.01 secs] 
1424.237: [GC (Allocation Failure) [PSYoungGen: 70080K->1312K(69632K)] 440726K->371974K(590848K), 0.0030789 secs] [Times: user=0.01 sys=0.00, real=0.00 secs] 
1424.875: [GC (Allocation Failure) [PSYoungGen: 69408K->1376K(69120K)] 440070K->372038K(590336K), 0.0036788 secs] [Times: user=0.01 sys=0.00, real=0.00 secs] 
1425.523: [GC (Allocation Failure) [PSYoungGen: 68960K->1408K(68608K)] 439622K->372070K(589824K), 0.0033638 secs] [Times: user=0.02 sys=0.00, real=0.01 secs] 
1426.160: [GC (Allocation Failure) [PSYoungGen: 68480K->1469K(68096K)] 439142K->372139K(589312K), 0.0026204 secs] [Times: user=0.01 sys=0.00, real=0.00 secs] 
1426.309: [GC (Allocation Failure) [PSYoungGen: 68029K->1533K(67584K)] 438699K->372203K(588800K), 0.0018070 secs] [Times: user=0.01 sys=0.00, real=0.00 secs] 
1426.428: [GC (Allocation Failure) [PSYoungGen: 67569K->1533K(67072K)] 438239K->372203K(588288K), 0.0018651 secs] [Times: user=0.01 sys=0.00, real=0.00 secs] 
1426.546: [GC (Allocation Failure) [PSYoungGen: 67069K->1533K(67584K)] 437739K->372219K(588800K), 0.0017041 secs] [Times: user=0.01 sys=0.00, real=0.00 secs] 
1427.079: [GC (Allocation Failure) [PSYoungGen: 67069K->1376K(66560K)] 437755K->372062K(587776K), 0.0024425 secs] [Times: user=0.01 sys=0.00, real=0.00 secs] 
1427.873: [GC (Allocation Failure) [PSYoungGen: 66400K->1408K(66048K)] 437086K->372094K(587264K), 0.0035559 secs] [Times: user=0.01 sys=0.00, real=0.01 secs] 
1428.504: [GC (Allocation Failure) [PSYoungGen: 65920K->1408K(65536K)] 436606K->372094K(586752K), 0.0037728 secs] [Times: user=0.02 sys=0.01, real=0.01 secs] 
1429.218: [GC (Allocation Failure) [PSYoungGen: 65408K->1392K(65024K)] 436094K->372078K(586240K), 0.0031283 secs] [Times: user=0.01 sys=0.01, real=0.00 secs] 
1429.858: [GC (Allocation Failure) [PSYoungGen: 64880K->1488K(64512K)] 435566K->372174K(585728K), 0.0029223 secs] [Times: user=0.01 sys=0.00, real=0.00 secs] 
1430.037: [GC (Allocation Failure) [PSYoungGen: 64464K->1501K(64000K)] 435150K->372187K(585216K), 0.0020304 secs] [Times: user=0.01 sys=0.00, real=0.00 secs] 
1430.148: [GC (Allocation Failure) [PSYoungGen: 63965K->1517K(63488K)] 434651K->372203K(584704K), 0.0019630 secs] [Times: user=0.01 sys=0.00, real=0.00 secs] 
1430.258: [GC (Allocation Failure) [PSYoungGen: 63469K->1501K(64000K)] 434155K->372211K(585216K), 0.0016243 secs] [Times: user=0.01 sys=0.00, real=0.00 secs] 
1430.418: [GC (Allocation Failure) [PSYoungGen: 63453K->1568K(64000K)] 434163K->372278K(585216K), 0.0018922 secs] [Times: user=0.01 sys=0.00, real=0.00 secs] 
1431.075: [GC (Allocation Failure) [PSYoungGen: 63520K->1408K(62976K)] 434230K->372118K(584192K), 0.0022146 secs] [Times: user=0.01 sys=0.00, real=0.01 secs] 
1431.565: [GC (Allocation Failure) [PSYoungGen: 62848K->1376K(62464K)] 433558K->372086K(583680K), 0.0023950 secs] [Times: user=0.01 sys=0.00, real=0.01 secs] 
1432.074: [GC (Allocation Failure) [PSYoungGen: 62304K->1376K(61952K)] 433014K->372102K(583168K), 0.0022833 secs] [Times: user=0.01 sys=0.00, real=0.01 secs] 
1432.583: [GC (Allocation Failure) [PSYoungGen: 61792K->1408K(61440K)] 432518K->372134K(582656K), 0.0024278 secs] [Times: user=0.01 sys=0.00, real=0.01 secs] 
1432.869: [GC (Allocation Failure) [PSYoungGen: 61312K->1533K(61440K)] 432038K->372259K(582656K), 0.0016099 secs] [Times: user=0.01 sys=0.00, real=0.00 secs] 
1432.975: [GC (Allocation Failure) [PSYoungGen: 61437K->1469K(61440K)] 432163K->372195K(582656K), 0.0017636 secs] [Times: user=0.01 sys=0.00, real=0.01 secs] 
1433.080: [GC (Allocation Failure) [PSYoungGen: 61373K->1533K(66048K)] 432099K->372307K(587264K), 0.0017537 secs] [Times: user=0.01 sys=0.00, real=0.00 secs] 
1433.193: [GC (Allocation Failure) [PSYoungGen: 66045K->1533K(66560K)] 436819K->372331K(587776K), 0.0017500 secs] [Times: user=0.01 sys=0.00, real=0.00 secs] 
1433.922: [GC (Allocation Failure) [PSYoungGen: 66045K->1440K(71680K)] 436843K->372238K(592896K), 0.0036965 secs] [Times: user=0.01 sys=0.00, real=0.01 secs] 
1435.158: [GC (Allocation Failure) [PSYoungGen: 71584K->1360K(71168K)] 442382K->372158K(592384K), 0.0042156 secs] [Times: user=0.02 sys=0.00, real=0.00 secs] 
1436.128: [GC (Allocation Failure) [PSYoungGen: 70992K->1408K(70656K)] 441790K->372206K(591872K), 0.0031543 secs] [Times: user=0.01 sys=0.00, real=0.00 secs] 
1436.922: [GC (Allocation Failure) [PSYoungGen: 70528K->1376K(70144K)] 441326K->372174K(591360K), 0.0032290 secs] [Times: user=0.01 sys=0.00, real=0.00 secs] 
1437.636: [GC (Allocation Failure) [PSYoungGen: 69984K->1469K(69632K)] 440782K->372267K(590848K), 0.0031077 secs] [Times: user=0.02 sys=0.00, real=0.00 secs] 
1437.816: [GC (Allocation Failure) [PSYoungGen: 69565K->1504K(69120K)] 440363K->372302K(590336K), 0.0017640 secs] [Times: user=0.00 sys=0.00, real=0.00 secs] 
1437.934: [GC (Allocation Failure) [PSYoungGen: 69088K->1517K(68608K)] 439886K->372339K(589824K), 0.0016948 secs] [Times: user=0.01 sys=0.00, real=0.01 secs] 
1438.071: [GC (Allocation Failure) [PSYoungGen: 68573K->1533K(69120K)] 439395K->372355K(590336K), 0.0020735 secs] [Times: user=0.01 sys=0.00, real=0.00 secs] 
1438.309: [GC (Allocation Failure) [PSYoungGen: 68605K->1472K(75264K)] 439427K->372294K(596480K), 0.0026226 secs] [Times: user=0.01 sys=0.00, real=0.00 secs] 
1438.739: [GC (Allocation Failure) [PSYoungGen: 74688K->1440K(74240K)] 445510K->372262K(595456K), 0.0021638 secs] [Times: user=0.01 sys=0.00, real=0.00 secs] 
1439.321: [GC (Allocation Failure) [PSYoungGen: 74144K->1424K(73728K)] 444966K->372246K(594944K), 0.0027497 secs] [Times: user=0.01 sys=0.00, real=0.00 secs] 
1439.938: [GC (Allocation Failure) [PSYoungGen: 73616K->1344K(73216K)] 444438K->372166K(594432K), 0.0034619 secs] [Times: user=0.01 sys=0.00, real=0.00 secs] 
1440.421: [GC (Allocation Failure) [PSYoungGen: 73024K->1533K(72704K)] 443846K->372355K(593920K), 0.0024731 secs] [Times: user=0.01 sys=0.00, real=0.00 secs] 
1440.634: [GC (Allocation Failure) [PSYoungGen: 72701K->1536K(72704K)] 443523K->372358K(593920K), 0.0025576 secs] [Times: user=0.01 sys=0.00, real=0.01 secs] 
1440.821: [GC (Allocation Failure) [PSYoungGen: 72192K->1501K(71680K)] 443014K->372323K(592896K), 0.0021205 secs] [Times: user=0.01 sys=0.00, real=0.00 secs] 
1441.002: [GC (Allocation Failure) [PSYoungGen: 71645K->1488K(71168K)] 442467K->372326K(592384K), 0.0023176 secs] [Times: user=0.01 sys=0.00, real=0.00 secs] 
1441.713: [GC (Allocation Failure) [PSYoungGen: 71120K->1424K(70656K)] 441958K->372270K(591872K), 0.0036465 secs] [Times: user=0.02 sys=0.00, real=0.01 secs] 
1442.640: [GC (Allocation Failure) [PSYoungGen: 70544K->1376K(70144K)] 441390K->372222K(591360K), 0.0036835 secs] [Times: user=0.01 sys=0.00, real=0.00 secs] 
1443.603: [GC (Allocation Failure) [PSYoungGen: 69984K->1392K(69632K)] 440830K->372238K(590848K), 0.0036031 secs] [Times: user=0.01 sys=0.00, real=0.01 secs] 
1444.640: [GC (Allocation Failure) [PSYoungGen: 69488K->1440K(69120K)] 440334K->372302K(590336K), 0.0037337 secs] [Times: user=0.01 sys=0.00, real=0.00 secs] 
1445.116: [GC (Allocation Failure) [PSYoungGen: 69024K->1504K(68608K)] 439886K->372366K(589824K), 0.0022065 secs] [Times: user=0.01 sys=0.00, real=0.00 secs] 
1445.252: [GC (Allocation Failure) [PSYoungGen: 68576K->1472K(68096K)] 439438K->372334K(589312K), 0.0020588 secs] [Times: user=0.00 sys=0.00, real=0.00 secs] 
1445.369: [GC (Allocation Failure) [PSYoungGen: 68017K->1501K(67584K)] 438879K->372363K(588800K), 0.0017184 secs] [Times: user=0.01 sys=0.00, real=0.00 secs] 
1445.485: [GC (Allocation Failure) [PSYoungGen: 67549K->1501K(68608K)] 438411K->372379K(589824K), 0.0017849 secs] [Times: user=0.01 sys=0.00, real=0.01 secs] 
1446.456: [GC (Allocation Failure) [PSYoungGen: 68061K->1408K(67584K)] 438939K->372286K(588800K), 0.0051298 secs] [Times: user=0.02 sys=0.01, real=0.00 secs] 
1447.289: [GC (Allocation Failure) [PSYoungGen: 67456K->1376K(67072K)] 438334K->372254K(588288K), 0.0036421 secs] [Times: user=0.01 sys=0.00, real=0.00 secs] 
1448.307: [GC (Allocation Failure) [PSYoungGen: 66912K->1392K(66560K)] 437790K->372270K(587776K), 0.0045326 secs] [Times: user=0.02 sys=0.01, real=0.00 secs] 
1448.914: [GC (Allocation Failure) [PSYoungGen: 66416K->1360K(66048K)] 437294K->372238K(587264K), 0.0038692 secs] [Times: user=0.01 sys=0.00, real=0.01 secs] 
1449.666: [GC (Allocation Failure) [PSYoungGen: 65872K->1488K(65536K)] 436750K->372366K(586752K), 0.0028223 secs] [Times: user=0.01 sys=0.00, real=0.00 secs] 
1449.825: [GC (Allocation Failure) [PSYoungGen: 65488K->1504K(65024K)] 436366K->372382K(586240K), 0.0019170 secs] [Times: user=0.01 sys=0.00, real=0.01 secs] 
1449.936: [GC (Allocation Failure) [PSYoungGen: 64992K->1501K(64512K)] 435870K->372379K(585728K), 0.0017221 secs] [Times: user=0.01 sys=0.00, real=0.00 secs] 
1450.047: [GC (Allocation Failure) [PSYoungGen: 64477K->1501K(70656K)] 435355K->372395K(591872K), 0.0017241 secs] [Times: user=0.00 sys=0.00, real=0.00 secs] 
1450.328: [GC (Allocation Failure) [PSYoungGen: 70109K->1472K(70656K)] 441003K->372366K(591872K), 0.0031039 secs] [Times: user=0.01 sys=0.00, real=0.00 secs] 
1450.638: [GC (Allocation Failure) [PSYoungGen: 70080K->1376K(70656K)] 440974K->372270K(591872K), 0.0021417 secs] [Times: user=0.01 sys=0.00, real=0.00 secs] 
1450.925: [GC (Allocation Failure) [PSYoungGen: 69984K->1408K(69632K)] 440878K->372302K(590848K), 0.0023368 secs] [Times: user=0.01 sys=0.00, real=0.01 secs] 
1451.209: [GC (Allocation Failure) [PSYoungGen: 69504K->1376K(69120K)] 440398K->372270K(590336K), 0.0022396 secs] [Times: user=0.01 sys=0.00, real=0.00 secs] 
1451.533: [GC (Allocation Failure) [PSYoungGen: 68960K->1501K(68608K)] 439854K->372395K(589824K), 0.0025300 secs] [Times: user=0.01 sys=0.00, real=0.00 secs] 
1451.727: [GC (Allocation Failure) [PSYoungGen: 68573K->1472K(68096K)] 439467K->372366K(589312K), 0.0021469 secs] [Times: user=0.01 sys=0.00, real=0.00 secs] 
1451.846: [GC (Allocation Failure) [PSYoungGen: 68032K->1533K(73728K)] 438926K->372427K(594944K), 0.0017111 secs] [Times: user=0.00 sys=0.00, real=0.00 secs] 
1451.972: [GC (Allocation Failure) [PSYoungGen: 73725K->1565K(74240K)] 444619K->372475K(595456K), 0.0018002 secs] [Times: user=0.01 sys=0.00, real=0.00 secs] 
1452.590: [GC (Allocation Failure) [PSYoungGen: 73757K->1424K(80896K)] 444667K->372358K(602112K), 0.0049582 secs] [Times: user=0.02 sys=0.00, real=0.00 secs] 
1453.534: [GC (Allocation Failure) [PSYoungGen: 80272K->1376K(79872K)] 451206K->372310K(601088K), 0.0034982 secs] [Times: user=0.01 sys=0.00, real=0.01 secs] 
1454.325: [GC (Allocation Failure) [PSYoungGen: 79712K->1376K(79360K)] 450646K->372318K(600576K), 0.0031055 secs] [Times: user=0.01 sys=0.01, real=0.01 secs] 
1455.042: [GC (Allocation Failure) [PSYoungGen: 78936K->240K(77824K)] 449879K->371190K(599040K), 0.0025129 secs] [Times: user=0.01 sys=0.00, real=0.00 secs] 
1455.222: [GC (Allocation Failure) [PSYoungGen: 77552K->1517K(78336K)] 448502K->372467K(599552K), 0.0018892 secs] [Times: user=0.01 sys=0.00, real=0.00 secs] 
1455.380: [GC (Allocation Failure) [PSYoungGen: 78317K->1501K(77824K)] 449267K->372451K(599040K), 0.0020773 secs] [Times: user=0.01 sys=0.00, real=0.00 secs] 
1455.549: [GC (Allocation Failure) [PSYoungGen: 77789K->1533K(77312K)] 448739K->372483K(598528K), 0.0022305 secs] [Times: user=0.01 sys=0.00, real=0.00 secs] 
1456.392: [GC (Allocation Failure) [PSYoungGen: 77309K->1472K(76800K)] 448259K->372422K(598016K), 0.0030724 secs] [Times: user=0.01 sys=0.01, real=0.00 secs] 
1457.196: [GC (Allocation Failure) [PSYoungGen: 76736K->1408K(76288K)] 447686K->372358K(597504K), 0.0030861 secs] [Times: user=0.01 sys=0.00, real=0.00 secs] 
1458.105: [GC (Allocation Failure) [PSYoungGen: 76160K->1408K(75776K)] 447110K->372358K(596992K), 0.0036617 secs] [Times: user=0.02 sys=0.00, real=0.00 secs] 
1459.014: [GC (Allocation Failure) [PSYoungGen: 75648K->1376K(75264K)] 446598K->372326K(596480K), 0.0047191 secs] [Times: user=0.02 sys=0.00, real=0.01 secs] 
1459.304: [GC (Allocation Failure) [PSYoungGen: 75104K->1533K(74752K)] 446054K->372483K(595968K), 0.0021246 secs] [Times: user=0.01 sys=0.00, real=0.01 secs] 
1459.436: [GC (Allocation Failure) [PSYoungGen: 74749K->1533K(74240K)] 445699K->372483K(595456K), 0.0017456 secs] [Times: user=0.01 sys=0.00, real=0.00 secs] 
1459.565: [GC (Allocation Failure) [PSYoungGen: 74237K->1533K(73728K)] 445187K->372483K(594944K), 0.0017902 secs] [Times: user=0.01 sys=0.00, real=0.01 secs] 
1460.218: [GC (Allocation Failure) [PSYoungGen: 73725K->1472K(73216K)] 444675K->372422K(594432K), 0.0026981 secs] [Times: user=0.01 sys=0.00, real=0.00 secs] 
1460.879: [GC (Allocation Failure) [PSYoungGen: 73152K->1376K(72704K)] 444102K->372334K(593920K), 0.0035927 secs] [Times: user=0.02 sys=0.00, real=0.00 secs] 
1461.464: [GC (Allocation Failure) [PSYoungGen: 72544K->1376K(72192K)] 443502K->372334K(593408K), 0.0027870 secs] [Times: user=0.01 sys=0.00, real=0.01 secs] 
1461.927: [GC (Allocation Failure) [PSYoungGen: 72032K->1376K(71680K)] 442990K->372334K(592896K), 0.0024175 secs] [Times: user=0.01 sys=0.00, real=0.00 secs] 
1462.392: [GC (Allocation Failure) [PSYoungGen: 71520K->1568K(71680K)] 442478K->372526K(592896K), 0.0023534 secs] [Times: user=0.01 sys=0.00, real=0.00 secs] 
1462.533: [GC (Allocation Failure) [PSYoungGen: 71178K->1533K(70656K)] 442136K->372491K(591872K), 0.0019067 secs] [Times: user=0.01 sys=0.00, real=0.00 secs] 
1462.656: [GC (Allocation Failure) [PSYoungGen: 70653K->1533K(70144K)] 441611K->372491K(591360K), 0.0016566 secs] [Times: user=0.00 sys=0.00, real=0.00 secs] 
1462.777: [GC (Allocation Failure) [PSYoungGen: 70141K->1533K(71168K)] 441099K->372491K(592384K), 0.0016226 secs] [Times: user=0.00 sys=0.00, real=0.00 secs] 
1463.292: [GC (Allocation Failure) [PSYoungGen: 70653K->1408K(70144K)] 441611K->372366K(591360K), 0.0022261 secs] [Times: user=0.01 sys=0.00, real=0.00 secs] 
1463.769: [GC (Allocation Failure) [PSYoungGen: 70016K->1408K(69632K)] 440974K->372414K(590848K), 0.0036893 secs] [Times: user=0.02 sys=0.01, real=0.00 secs] 
1464.044: [GC (Allocation Failure) [PSYoungGen: 69504K->1376K(69120K)] 440510K->372382K(590336K), 0.0022413 secs] [Times: user=0.01 sys=0.00, real=0.01 secs] 
1464.486: [GC (Allocation Failure) [PSYoungGen: 68960K->1376K(68608K)] 439966K->372382K(589824K), 0.0022209 secs] [Times: user=0.00 sys=0.00, real=0.00 secs] 
1464.929: [GC (Allocation Failure) [PSYoungGen: 68448K->1485K(68096K)] 439454K->372491K(589312K), 0.0024916 secs] [Times: user=0.01 sys=0.00, real=0.00 secs] 
1465.081: [GC (Allocation Failure) [PSYoungGen: 68045K->1501K(67584K)] 439051K->372507K(588800K), 0.0017850 secs] [Times: user=0.01 sys=0.00, real=0.00 secs] 
1465.196: [GC (Allocation Failure) [PSYoungGen: 67549K->1485K(73216K)] 438555K->372491K(594432K), 0.0018379 secs] [Times: user=0.01 sys=0.00, real=0.00 secs] 
1465.322: [GC (Allocation Failure) [PSYoungGen: 73165K->1485K(73728K)] 444171K->372507K(594944K), 0.0018525 secs] [Times: user=0.01 sys=0.00, real=0.00 secs] 
1465.943: [GC (Allocation Failure) [PSYoungGen: 73165K->1408K(72704K)] 444187K->372430K(593920K), 0.0035443 secs] [Times: user=0.01 sys=0.00, real=0.01 secs] 
1466.601: [GC (Allocation Failure) [PSYoungGen: 72576K->1376K(72192K)] 443598K->372398K(593408K), 0.0032443 secs] [Times: user=0.01 sys=0.00, real=0.00 secs] 
1467.214: [GC (Allocation Failure) [PSYoungGen: 72032K->1440K(71680K)] 443054K->372462K(592896K), 0.0027363 secs] [Times: user=0.01 sys=0.00, real=0.01 secs] 
1467.855: [GC (Allocation Failure) [PSYoungGen: 71584K->1408K(71168K)] 442606K->372430K(592384K), 0.0029169 secs] [Times: user=0.01 sys=0.00, real=0.01 secs] 
1468.179: [GC (Allocation Failure) [PSYoungGen: 71040K->1456K(70656K)] 442062K->372478K(591872K), 0.0020067 secs] [Times: user=0.01 sys=0.00, real=0.00 secs] 
1468.303: [GC (Allocation Failure) [PSYoungGen: 70576K->1501K(70144K)] 441598K->372523K(591360K), 0.0017892 secs] [Times: user=0.01 sys=0.00, real=0.00 secs] 
1468.468: [GC (Allocation Failure) [PSYoungGen: 70098K->1472K(69632K)] 441120K->372494K(590848K), 0.0021230 secs] [Times: user=0.01 sys=0.00, real=0.00 secs] 
1468.667: [GC (Allocation Failure) [PSYoungGen: 69568K->256K(74752K)] 440590K->371286K(595968K), 0.0026690 secs] [Times: user=0.01 sys=0.00, real=0.00 secs] 
1469.430: [GC (Allocation Failure) [PSYoungGen: 74496K->1408K(75264K)] 445526K->372438K(596480K), 0.0030934 secs] [Times: user=0.01 sys=0.00, real=0.00 secs] 
1470.202: [GC (Allocation Failure) [PSYoungGen: 75136K->1408K(74752K)] 446166K->372438K(595968K), 0.0027992 secs] [Times: user=0.01 sys=0.00, real=0.00 secs] 
1470.899: [GC (Allocation Failure) [PSYoungGen: 74624K->1408K(74240K)] 445654K->372438K(595456K), 0.0030862 secs] [Times: user=0.01 sys=0.01, real=0.00 secs] 
1471.516: [GC (Allocation Failure) [PSYoungGen: 74112K->1501K(73728K)] 445142K->372531K(594944K), 0.0024909 secs] [Times: user=0.01 sys=0.00, real=0.00 secs] 
1471.685: [GC (Allocation Failure) [PSYoungGen: 73693K->1565K(73728K)] 444723K->372595K(594944K), 0.0017305 secs] [Times: user=0.01 sys=0.00, real=0.01 secs] 
1471.811: [GC (Allocation Failure) [PSYoungGen: 73245K->1472K(72704K)] 444275K->372502K(593920K), 0.0018699 secs] [Times: user=0.01 sys=0.00, real=0.00 secs] 
1471.936: [GC (Allocation Failure) [PSYoungGen: 72640K->1533K(73216K)] 443670K->372595K(594432K), 0.0018243 secs] [Times: user=0.01 sys=0.00, real=0.00 secs] 
1472.373: [GC (Allocation Failure) [PSYoungGen: 73213K->1440K(72704K)] 444275K->372502K(593920K), 0.0020269 secs] [Times: user=0.01 sys=0.00, real=0.00 secs] 
1472.978: [GC (Allocation Failure) [PSYoungGen: 72608K->1376K(72192K)] 443670K->372438K(593408K), 0.0023676 secs] [Times: user=0.01 sys=0.00, real=0.00 secs] 
1473.529: [GC (Allocation Failure) [PSYoungGen: 72032K->1376K(71680K)] 443094K->372462K(592896K), 0.0022946 secs] [Times: user=0.01 sys=0.00, real=0.00 secs] 
1473.823: [GC (Allocation Failure) [PSYoungGen: 71520K->1392K(71168K)] 442606K->372478K(592384K), 0.0023914 secs] [Times: user=0.00 sys=0.00, real=0.01 secs] 
1474.046: [GC (Allocation Failure) [PSYoungGen: 71024K->1533K(70656K)] 442110K->372619K(591872K), 0.0016800 secs] [Times: user=0.00 sys=0.00, real=0.00 secs] 
1474.168: [GC (Allocation Failure) [PSYoungGen: 70653K->1533K(70144K)] 441739K->372619K(591360K), 0.0018338 secs] [Times: user=0.01 sys=0.00, real=0.00 secs] 
1474.288: [GC (Allocation Failure) [PSYoungGen: 70119K->1469K(70656K)] 441205K->372555K(591872K), 0.0017374 secs] [Times: user=0.01 sys=0.00, real=0.00 secs] 
1474.408: [GC (Allocation Failure) [PSYoungGen: 70077K->1533K(76800K)] 441163K->372627K(598016K), 0.0016241 secs] [Times: user=0.00 sys=0.00, real=0.00 secs] 
1476.212: [GC (Allocation Failure) [PSYoungGen: 76285K->1392K(75776K)] 447379K->372494K(596992K), 0.0032149 secs] [Times: user=0.02 sys=0.00, real=0.01 secs] 
1477.588: [GC (Allocation Failure) [PSYoungGen: 75632K->1424K(75264K)] 446734K->372526K(596480K), 0.0036102 secs] [Times: user=0.01 sys=0.00, real=0.00 secs] 
1478.280: [GC (Allocation Failure) [PSYoungGen: 75152K->1408K(74752K)] 446254K->372510K(595968K), 0.0029094 secs] [Times: user=0.01 sys=0.00, real=0.00 secs] 
1478.753: [GC (Allocation Failure) [PSYoungGen: 74624K->1504K(74240K)] 445726K->372606K(595456K), 0.0024388 secs] [Times: user=0.01 sys=0.00, real=0.01 secs] 
1478.915: [GC (Allocation Failure) [PSYoungGen: 74208K->1501K(73728K)] 445310K->372603K(594944K), 0.0017625 secs] [Times: user=0.01 sys=0.00, real=0.00 secs] 
1479.065: [GC (Allocation Failure) [PSYoungGen: 73693K->1501K(73216K)] 444795K->372603K(594432K), 0.0021085 secs] [Times: user=0.01 sys=0.00, real=0.01 secs] 
1479.227: [GC (Allocation Failure) [PSYoungGen: 73181K->1504K(73728K)] 444283K->372606K(594944K), 0.0022391 secs] [Times: user=0.01 sys=0.00, real=0.00 secs] 
1479.790: [GC (Allocation Failure) [PSYoungGen: 73184K->1440K(72704K)] 444286K->372542K(593920K), 0.0029939 secs] [Times: user=0.02 sys=0.00, real=0.00 secs] 
1480.226: [GC (Allocation Failure) [PSYoungGen: 72608K->1376K(72192K)] 443710K->372478K(593408K), 0.0022657 secs] [Times: user=0.01 sys=0.00, real=0.00 secs] 
1480.605: [GC (Allocation Failure) [PSYoungGen: 72032K->1392K(71680K)] 443134K->372494K(592896K), 0.0021395 secs] [Times: user=0.01 sys=0.00, real=0.01 secs] 
1481.171: [GC (Allocation Failure) [PSYoungGen: 71536K->1344K(71168K)] 442638K->372446K(592384K), 0.0023195 secs] [Times: user=0.01 sys=0.00, real=0.00 secs] 
1481.603: [GC (Allocation Failure) [PSYoungGen: 70976K->1472K(70656K)] 442078K->372574K(591872K), 0.0021193 secs] [Times: user=0.01 sys=0.00, real=0.01 secs] 
1481.729: [GC (Allocation Failure) [PSYoungGen: 70592K->1565K(70656K)] 441694K->372667K(591872K), 0.0018515 secs] [Times: user=0.01 sys=0.00, real=0.00 secs] 
1481.849: [GC (Allocation Failure) [PSYoungGen: 70173K->477K(68608K)] 441275K->372603K(589824K), 0.0016723 secs] [Times: user=0.01 sys=0.00, real=0.00 secs] 
1481.968: [GC (Allocation Failure) [PSYoungGen: 68573K->493K(75776K)] 440699K->372619K(596992K), 0.0021988 secs] [Times: user=0.01 sys=0.00, real=0.00 secs] 
1482.767: [GC (Allocation Failure) [PSYoungGen: 74221K->1440K(74752K)] 446347K->373566K(595968K), 0.0023565 secs] [Times: user=0.01 sys=0.00, real=0.00 secs] 
1483.687: [GC (Allocation Failure) [PSYoungGen: 74656K->1376K(74240K)] 446782K->373526K(595456K), 0.0033588 secs] [Times: user=0.01 sys=0.00, real=0.00 secs] 
1484.628: [GC (Allocation Failure) [PSYoungGen: 74080K->1344K(73728K)] 446230K->373494K(594944K), 0.0038810 secs] [Times: user=0.01 sys=0.00, real=0.00 secs] 
1485.333: [GC (Allocation Failure) [PSYoungGen: 73536K->1392K(73216K)] 445686K->373542K(594432K), 0.0029862 secs] [Times: user=0.01 sys=0.00, real=0.01 secs] 
1485.610: [GC (Allocation Failure) [PSYoungGen: 73072K->1501K(72704K)] 445222K->373651K(593920K), 0.0016557 secs] [Times: user=0.01 sys=0.00, real=0.00 secs] 
1485.735: [GC (Allocation Failure) [PSYoungGen: 72669K->1469K(72192K)] 444819K->373619K(593408K), 0.0018253 secs] [Times: user=0.01 sys=0.00, real=0.01 secs] 
1485.859: [GC (Allocation Failure) [PSYoungGen: 72125K->1517K(71680K)] 444275K->373667K(592896K), 0.0017329 secs] [Times: user=0.00 sys=0.00, real=0.00 secs] 
1486.139: [GC (Allocation Failure) [PSYoungGen: 71661K->1440K(71168K)] 443811K->373590K(592384K), 0.0022592 secs] [Times: user=0.01 sys=0.00, real=0.00 secs] 
1486.530: [GC (Allocation Failure) [PSYoungGen: 71072K->1376K(70656K)] 443222K->373526K(591872K), 0.0022797 secs] [Times: user=0.01 sys=0.00, real=0.00 secs] 
1486.823: [GC (Allocation Failure) [PSYoungGen: 70496K->1408K(70144K)] 442646K->373558K(591360K), 0.0031357 secs] [Times: user=0.01 sys=0.00, real=0.01 secs] 
1487.209: [GC (Allocation Failure) [PSYoungGen: 70016K->1376K(69632K)] 442166K->373534K(590848K), 0.0031091 secs] [Times: user=0.01 sys=0.00, real=0.00 secs] 
1487.524: [GC (Allocation Failure) [PSYoungGen: 69472K->1501K(69120K)] 441630K->373659K(590336K), 0.0022446 secs] [Times: user=0.01 sys=0.00, real=0.01 secs] 
1487.688: [GC (Allocation Failure) [PSYoungGen: 69065K->1504K(70144K)] 441224K->373662K(591360K), 0.0024810 secs] [Times: user=0.01 sys=0.01, real=0.00 secs] 
1487.842: [GC (Allocation Failure) [PSYoungGen: 70108K->1488K(70656K)] 442266K->373646K(591872K), 0.0018814 secs] [Times: user=0.01 sys=0.00, real=0.00 secs] 
1487.981: [GC (Allocation Failure) [PSYoungGen: 70096K->1501K(76800K)] 442254K->373659K(598016K), 0.0022949 secs] [Times: user=0.01 sys=0.00, real=0.00 secs] 
1488.843: [GC (Allocation Failure) [PSYoungGen: 76253K->1440K(76800K)] 448411K->373598K(598016K), 0.0049530 secs] [Times: user=0.01 sys=0.00, real=0.01 secs] 
1489.307: [GC (Allocation Failure) [PSYoungGen: 76192K->1360K(75776K)] 448350K->373518K(596992K), 0.0022149 secs] [Times: user=0.01 sys=0.00, real=0.00 secs] 
1489.635: [GC (Allocation Failure) [PSYoungGen: 75600K->1408K(75264K)] 447758K->373566K(596480K), 0.0022120 secs] [Times: user=0.01 sys=0.01, real=0.01 secs] 
1490.207: [GC (Allocation Failure) [PSYoungGen: 75136K->1376K(74752K)] 447294K->373534K(595968K), 0.0021392 secs] [Times: user=0.01 sys=0.00, real=0.00 secs] 
1490.518: [GC (Allocation Failure) [PSYoungGen: 74592K->1501K(74240K)] 446750K->373659K(595456K), 0.0017818 secs] [Times: user=0.01 sys=0.01, real=0.00 secs] 
1490.648: [GC (Allocation Failure) [PSYoungGen: 74205K->1469K(73728K)] 446363K->373627K(594944K), 0.0017543 secs] [Times: user=0.01 sys=0.00, real=0.00 secs] 
1490.774: [GC (Allocation Failure) [PSYoungGen: 73661K->1485K(73216K)] 445819K->373643K(594432K), 0.0017001 secs] [Times: user=0.01 sys=0.00, real=0.01 secs] 
1491.152: [GC (Allocation Failure) [PSYoungGen: 73165K->1504K(72704K)] 445323K->373808K(593920K), 0.0027824 secs] [Times: user=0.01 sys=0.00, real=0.00 secs] 
1491.862: [GC (Allocation Failure) [PSYoungGen: 72672K->1296K(72192K)] 444976K->373608K(593408K), 0.0031831 secs] [Times: user=0.01 sys=0.00, real=0.01 secs] 
1492.791: [GC (Allocation Failure) [PSYoungGen: 71952K->1280K(71680K)] 444264K->373592K(592896K), 0.0047895 secs] [Times: user=0.01 sys=0.00, real=0.01 secs] 
1493.835: [GC (Allocation Failure) [PSYoungGen: 71424K->1280K(71168K)] 443736K->373616K(592384K), 0.0045101 secs] [Times: user=0.02 sys=0.01, real=0.01 secs] 
1494.530: [GC (Allocation Failure) [PSYoungGen: 70912K->1408K(70656K)] 443248K->374768K(591872K), 0.0034625 secs] [Times: user=0.02 sys=0.00, real=0.00 secs] 
1494.765: [GC (Allocation Failure) [PSYoungGen: 70528K->1485K(70144K)] 443888K->374845K(591360K), 0.0024502 secs] [Times: user=0.01 sys=0.00, real=0.01 secs] 
1494.900: [GC (Allocation Failure) [PSYoungGen: 70093K->1533K(69632K)] 443453K->374893K(590848K), 0.0018861 secs] [Times: user=0.00 sys=0.00, real=0.00 secs] 
1495.020: [GC (Allocation Failure) [PSYoungGen: 69629K->1517K(75776K)] 442989K->374877K(596992K), 0.0017960 secs] [Times: user=0.00 sys=0.00, real=0.00 secs] 
1495.784: [GC (Allocation Failure) [PSYoungGen: 75757K->1440K(75264K)] 449117K->374800K(596480K), 0.0047130 secs] [Times: user=0.02 sys=0.00, real=0.01 secs] 
1496.761: [GC (Allocation Failure) [PSYoungGen: 75168K->1440K(74752K)] 448528K->374800K(595968K), 0.0031555 secs] [Times: user=0.01 sys=0.00, real=0.00 secs] 
1497.509: [GC (Allocation Failure) [PSYoungGen: 74656K->1440K(74240K)] 448016K->374800K(595456K), 0.0028566 secs] [Times: user=0.02 sys=0.00, real=0.00 secs] 
1497.783: [GC (Allocation Failure) [PSYoungGen: 74144K->1565K(74240K)] 447504K->374925K(595456K), 0.0023069 secs] [Times: user=0.01 sys=0.00, real=0.01 secs] 
1497.873: [GC (Allocation Failure) [PSYoungGen: 73757K->1520K(74240K)] 447117K->374941K(595456K), 0.0017279 secs] [Times: user=0.01 sys=0.00, real=0.00 secs] 
1497.960: [GC (Allocation Failure) [PSYoungGen: 74224K->1504K(74752K)] 447645K->374925K(595968K), 0.0017165 secs] [Times: user=0.00 sys=0.00, real=0.00 secs] 
1498.298: [GC (Allocation Failure) [PSYoungGen: 74208K->1488K(80896K)] 447629K->374909K(602112K), 0.0024346 secs] [Times: user=0.01 sys=0.00, real=0.00 secs] 
1499.026: [GC (Allocation Failure) [PSYoungGen: 80848K->1360K(80384K)] 454269K->374845K(601600K), 0.0023561 secs] [Times: user=0.01 sys=0.00, real=0.00 secs] 
1499.855: [GC (Allocation Failure) [PSYoungGen: 80208K->1408K(79872K)] 453693K->374893K(601088K), 0.0025694 secs] [Times: user=0.01 sys=0.00, real=0.00 secs] 
1500.885: [GC (Allocation Failure) [PSYoungGen: 79744K->1376K(79360K)] 453229K->374861K(600576K), 0.0025650 secs] [Times: user=0.01 sys=0.00, real=0.01 secs] 
1501.372: [GC (Allocation Failure) [PSYoungGen: 79200K->1565K(79360K)] 452685K->375050K(600576K), 0.0017188 secs] [Times: user=0.01 sys=0.00, real=0.00 secs] 
1501.507: [GC (Allocation Failure) [PSYoungGen: 78877K->1533K(78336K)] 452362K->375018K(599552K), 0.0019050 secs] [Times: user=0.00 sys=0.00, real=0.00 secs] 
1501.642: [GC (Allocation Failure) [PSYoungGen: 78333K->1533K(77824K)] 451818K->375018K(599040K), 0.0017965 secs] [Times: user=0.01 sys=0.00, real=0.00 secs] 
1502.606: [GC (Allocation Failure) [PSYoungGen: 77821K->1456K(77312K)] 451306K->374941K(598528K), 0.0032736 secs] [Times: user=0.01 sys=0.00, real=0.00 secs] 
1503.393: [GC (Allocation Failure) [PSYoungGen: 77232K->1344K(76800K)] 450717K->374829K(598016K), 0.0024125 secs] [Times: user=0.01 sys=0.00, real=0.01 secs] 
1503.719: [GC (Allocation Failure) [PSYoungGen: 76608K->1376K(76288K)] 450093K->374893K(597504K), 0.0024687 secs] [Times: user=0.01 sys=0.00, real=0.00 secs] 
1504.030: [GC (Allocation Failure) [PSYoungGen: 76128K->1312K(75776K)] 449645K->374829K(596992K), 0.0022560 secs] [Times: user=0.01 sys=0.00, real=0.00 secs] 
1504.371: [GC (Allocation Failure) [PSYoungGen: 75552K->1501K(75264K)] 449069K->375034K(596480K), 0.0017283 secs] [Times: user=0.01 sys=0.00, real=0.00 secs] 
1504.501: [GC (Allocation Failure) [PSYoungGen: 75229K->1517K(74752K)] 448762K->375050K(595968K), 0.0017636 secs] [Times: user=0.00 sys=0.00, real=0.00 secs] 
1504.631: [GC (Allocation Failure) [PSYoungGen: 74733K->1501K(74240K)] 448266K->375034K(595456K), 0.0017802 secs] [Times: user=0.00 sys=0.00, real=0.00 secs] 
1504.892: [GC (Allocation Failure) [PSYoungGen: 74205K->1504K(73728K)] 447738K->375313K(594944K), 0.0021015 secs] [Times: user=0.01 sys=0.00, real=0.00 secs] 
1505.948: [GC (Allocation Failure) [PSYoungGen: 73696K->1280K(73216K)] 447505K->375089K(594432K), 0.0029706 secs] [Times: user=0.01 sys=0.00, real=0.00 secs] 
1507.011: [GC (Allocation Failure) [PSYoungGen: 72960K->1280K(72704K)] 446769K->375089K(593920K), 0.0036797 secs] [Times: user=0.02 sys=0.00, real=0.00 secs] 
1507.597: [GC (Allocation Failure) [PSYoungGen: 72448K->1280K(72192K)] 446257K->375089K(593408K), 0.0030845 secs] [Times: user=0.02 sys=0.00, real=0.00 secs] 
1508.424: [GC (Allocation Failure) [PSYoungGen: 71936K->1485K(71680K)] 445745K->376318K(592896K), 0.0027993 secs] [Times: user=0.01 sys=0.00, real=0.01 secs] 
1508.603: [GC (Allocation Failure) [PSYoungGen: 71629K->1501K(71168K)] 446462K->376334K(592384K), 0.0017613 secs] [Times: user=0.01 sys=0.00, real=0.00 secs] 
1508.725: [GC (Allocation Failure) [PSYoungGen: 71133K->1469K(70656K)] 445966K->376302K(591872K), 0.0017102 secs] [Times: user=0.01 sys=0.00, real=0.00 secs] 
1508.849: [GC (Allocation Failure) [PSYoungGen: 70589K->1501K(70144K)] 445422K->376334K(591360K), 0.0017560 secs] [Times: user=0.01 sys=0.00, real=0.00 secs] 
1509.440: [GC (Allocation Failure) [PSYoungGen: 70109K->1488K(69632K)] 444942K->376345K(590848K), 0.0022114 secs] [Times: user=0.01 sys=0.00, real=0.00 secs] 
1510.523: [GC (Allocation Failure) [PSYoungGen: 69584K->1408K(69120K)] 444441K->376265K(590336K), 0.0023678 secs] [Times: user=0.01 sys=0.00, real=0.01 secs] 
1511.466: [GC (Allocation Failure) [PSYoungGen: 68992K->1424K(68608K)] 443849K->376281K(589824K), 0.0029670 secs] [Times: user=0.01 sys=0.00, real=0.00 secs] 
1512.406: [GC (Allocation Failure) [PSYoungGen: 68496K->1440K(68096K)] 443353K->376297K(589312K), 0.0027251 secs] [Times: user=0.01 sys=0.00, real=0.00 secs] 
1513.067: [GC (Allocation Failure) [PSYoungGen: 68000K->1469K(67584K)] 442857K->376326K(588800K), 0.0021566 secs] [Times: user=0.01 sys=0.00, real=0.00 secs] 
1513.191: [GC (Allocation Failure) [PSYoungGen: 67517K->1501K(67072K)] 442374K->376358K(588288K), 0.0018188 secs] [Times: user=0.01 sys=0.00, real=0.00 secs] 
1513.307: [GC (Allocation Failure) [PSYoungGen: 67037K->1504K(66560K)] 441894K->376385K(587776K), 0.0018746 secs] [Times: user=0.01 sys=0.00, real=0.00 secs] 
1513.422: [GC (Allocation Failure) [PSYoungGen: 66528K->1469K(67584K)] 441409K->376374K(588800K), 0.0017724 secs] [Times: user=0.01 sys=0.00, real=0.00 secs] 
1513.620: [GC (Allocation Failure) [PSYoungGen: 67005K->1472K(73216K)] 441910K->376377K(594432K), 0.0019244 secs] [Times: user=0.01 sys=0.00, real=0.00 secs] 
1513.916: [GC (Allocation Failure) [PSYoungGen: 72640K->1360K(72192K)] 447545K->376265K(593408K), 0.0018717 secs] [Times: user=0.01 sys=0.00, real=0.00 secs] 
1514.210: [GC (Allocation Failure) [PSYoungGen: 72016K->1376K(71680K)] 446921K->376297K(592896K), 0.0019762 secs] [Times: user=0.01 sys=0.00, real=0.00 secs] 
1514.501: [GC (Allocation Failure) [PSYoungGen: 71520K->1360K(71168K)] 446441K->376281K(592384K), 0.0022063 secs] [Times: user=0.01 sys=0.00, real=0.00 secs] 
1514.757: [GC (Allocation Failure) [PSYoungGen: 70992K->1469K(70656K)] 445913K->376390K(591872K), 0.0017761 secs] [Times: user=0.01 sys=0.00, real=0.00 secs] 
1514.880: [GC (Allocation Failure) [PSYoungGen: 70589K->1501K(70144K)] 445510K->376422K(591360K), 0.0017623 secs] [Times: user=0.00 sys=0.00, real=0.00 secs] 
1515.019: [GC (Allocation Failure) [PSYoungGen: 70087K->1501K(70656K)] 445009K->376422K(591872K), 0.0020506 secs] [Times: user=0.00 sys=0.00, real=0.00 secs] 
1515.170: [GC (Allocation Failure) [PSYoungGen: 70109K->1501K(70656K)] 445030K->376446K(591872K), 0.0022308 secs] [Times: user=0.00 sys=0.00, real=0.00 secs] 
1515.444: [GC (Allocation Failure) [PSYoungGen: 70109K->1424K(76288K)] 445054K->376369K(597504K), 0.0023605 secs] [Times: user=0.01 sys=0.00, real=0.01 secs] 
1515.756: [GC (Allocation Failure) [PSYoungGen: 76176K->1408K(76800K)] 451121K->376353K(598016K), 0.0023459 secs] [Times: user=0.01 sys=0.00, real=0.00 secs] 
1516.067: [GC (Allocation Failure) [PSYoungGen: 76160K->1376K(75776K)] 451105K->376321K(596992K), 0.0020549 secs] [Times: user=0.01 sys=0.00, real=0.00 secs] 
1516.383: [GC (Allocation Failure) [PSYoungGen: 75616K->1408K(75264K)] 450561K->376361K(596480K), 0.0020444 secs] [Times: user=0.01 sys=0.00, real=0.00 secs] 
1516.596: [GC (Allocation Failure) [PSYoungGen: 75136K->1501K(74752K)] 450089K->376454K(595968K), 0.0015348 secs] [Times: user=0.00 sys=0.00, real=0.00 secs] 
1516.724: [GC (Allocation Failure) [PSYoungGen: 74717K->1520K(74240K)] 449670K->376473K(595456K), 0.0016858 secs] [Times: user=0.01 sys=0.00, real=0.01 secs] 
1516.852: [GC (Allocation Failure) [PSYoungGen: 74224K->1501K(80896K)] 449177K->376454K(602112K), 0.0017897 secs] [Times: user=0.01 sys=0.00, real=0.00 secs] 
1517.580: [GC (Allocation Failure) [PSYoungGen: 80861K->1472K(80384K)] 455814K->376425K(601600K), 0.0039730 secs] [Times: user=0.01 sys=0.00, real=0.00 secs] 
1519.119: [GC (Allocation Failure) [PSYoungGen: 80320K->1424K(79872K)] 455273K->376377K(601088K), 0.0033923 secs] [Times: user=0.01 sys=0.00, real=0.00 secs] 
1519.997: [GC (Allocation Failure) [PSYoungGen: 79760K->1424K(79360K)] 454713K->376377K(600576K), 0.0028525 secs] [Times: user=0.01 sys=0.00, real=0.00 secs] 
1520.655: [GC (Allocation Failure) [PSYoungGen: 79248K->1408K(78848K)] 454201K->376361K(600064K), 0.0024739 secs] [Times: user=0.01 sys=0.01, real=0.00 secs] 
1521.083: [GC (Allocation Failure) [PSYoungGen: 78720K->1469K(78336K)] 453673K->376422K(599552K), 0.0019636 secs] [Times: user=0.01 sys=0.00, real=0.00 secs] 
1521.223: [GC (Allocation Failure) [PSYoungGen: 78269K->1533K(77824K)] 453222K->376486K(599040K), 0.0017874 secs] [Times: user=0.01 sys=0.00, real=0.00 secs] 
1521.359: [GC (Allocation Failure) [PSYoungGen: 77821K->1472K(77312K)] 452774K->376425K(598528K), 0.0017219 secs] [Times: user=0.01 sys=0.00, real=0.00 secs] 
1521.630: [GC (Allocation Failure) [PSYoungGen: 77248K->1440K(76800K)] 452201K->376393K(598016K), 0.0021780 secs] [Times: user=0.01 sys=0.00, real=0.00 secs] 
1522.181: [GC (Allocation Failure) [PSYoungGen: 76704K->1376K(76288K)] 451657K->376329K(597504K), 0.0020990 secs] [Times: user=0.01 sys=0.00, real=0.00 secs] 
1522.786: [GC (Allocation Failure) [PSYoungGen: 76128K->1376K(75776K)] 451081K->376329K(596992K), 0.0032056 secs] [Times: user=0.01 sys=0.00, real=0.00 secs] 
1523.504: [GC (Allocation Failure) [PSYoungGen: 75616K->1344K(75264K)] 450569K->376297K(596480K), 0.0031328 secs] [Times: user=0.01 sys=0.00, real=0.01 secs] 
1523.959: [GC (Allocation Failure) [PSYoungGen: 75072K->1501K(74752K)] 450025K->376454K(595968K), 0.0022252 secs] [Times: user=0.01 sys=0.00, real=0.00 secs] 
1524.098: [GC (Allocation Failure) [PSYoungGen: 74717K->1533K(74240K)] 449670K->376486K(595456K), 0.0017668 secs] [Times: user=0.01 sys=0.00, real=0.00 secs] 
1524.226: [GC (Allocation Failure) [PSYoungGen: 74237K->1501K(73728K)] 449190K->376454K(594944K), 0.0018203 secs] [Times: user=0.00 sys=0.00, real=0.00 secs] 
1524.352: [GC (Allocation Failure) [PSYoungGen: 73288K->256K(74240K)] 448241K->375209K(595456K), 0.0016455 secs] [Times: user=0.00 sys=0.00, real=0.00 secs] 
1525.157: [GC (Allocation Failure) [PSYoungGen: 72448K->1376K(73216K)] 447401K->376345K(594432K), 0.0026063 secs] [Times: user=0.01 sys=0.00, real=0.00 secs] 
1526.268: [GC (Allocation Failure) [PSYoungGen: 73056K->1408K(72704K)] 448025K->376377K(593920K), 0.0040002 secs] [Times: user=0.01 sys=0.00, real=0.00 secs] 
1527.207: [GC (Allocation Failure) [PSYoungGen: 72576K->1408K(72192K)] 447545K->376377K(593408K), 0.0045417 secs] [Times: user=0.02 sys=0.00, real=0.00 secs] 
1528.018: [GC (Allocation Failure) [PSYoungGen: 72064K->1440K(71680K)] 447033K->376409K(592896K), 0.0032280 secs] [Times: user=0.01 sys=0.01, real=0.00 secs] 
1528.211: [GC (Allocation Failure) [PSYoungGen: 71584K->1501K(71168K)] 446553K->376470K(592384K), 0.0016873 secs] [Times: user=0.01 sys=0.00, real=0.00 secs] 
1528.333: [GC (Allocation Failure) [PSYoungGen: 71133K->1501K(70656K)] 446102K->376470K(591872K), 0.0018662 secs] [Times: user=0.01 sys=0.00, real=0.00 secs] 
1528.455: [GC (Allocation Failure) [PSYoungGen: 70621K->1517K(76288K)] 445590K->376486K(597504K), 0.0017034 secs] [Times: user=0.01 sys=0.00, real=0.01 secs] 
1528.885: [GC (Allocation Failure) [PSYoungGen: 76269K->1408K(75776K)] 451238K->376385K(596992K), 0.0022511 secs] [Times: user=0.01 sys=0.00, real=0.01 secs] 
1529.592: [GC (Allocation Failure) [PSYoungGen: 75648K->1344K(75264K)] 450625K->376321K(596480K), 0.0043910 secs] [Times: user=0.02 sys=0.00, real=0.01 secs] 
1530.287: [GC (Allocation Failure) [PSYoungGen: 75072K->1376K(74752K)] 450049K->376353K(595968K), 0.0030203 secs] [Times: user=0.01 sys=0.00, real=0.00 secs] 
1531.090: [GC (Allocation Failure) [PSYoungGen: 74592K->1376K(74240K)] 449569K->376353K(595456K), 0.0032950 secs] [Times: user=0.01 sys=0.00, real=0.00 secs] 
1531.667: [GC (Allocation Failure) [PSYoungGen: 74080K->1520K(73728K)] 449057K->376497K(594944K), 0.0025430 secs] [Times: user=0.01 sys=0.00, real=0.00 secs] 
1531.831: [GC (Allocation Failure) [PSYoungGen: 73712K->1533K(73216K)] 448689K->376510K(594432K), 0.0019161 secs] [Times: user=0.01 sys=0.00, real=0.00 secs] 
1531.956: [GC (Allocation Failure) [PSYoungGen: 73213K->1501K(72704K)] 448190K->376478K(593920K), 0.0018922 secs] [Times: user=0.00 sys=0.00, real=0.00 secs] 
1532.082: [GC (Allocation Failure) [PSYoungGen: 72669K->160K(73216K)] 447646K->375145K(594432K), 0.0016421 secs] [Times: user=0.01 sys=0.00, real=0.00 secs] 
1532.492: [GC (Allocation Failure) [PSYoungGen: 71328K->1344K(72192K)] 446313K->376329K(593408K), 0.0029032 secs] [Times: user=0.01 sys=0.00, real=0.01 secs] 
1532.783: [GC (Allocation Failure) [PSYoungGen: 72000K->1408K(71680K)] 446985K->376393K(592896K), 0.0023961 secs] [Times: user=0.01 sys=0.00, real=0.01 secs] 
1533.129: [GC (Allocation Failure) [PSYoungGen: 71552K->1344K(71168K)] 446537K->376345K(592384K), 0.0021194 secs] [Times: user=0.01 sys=0.00, real=0.00 secs] 
1533.680: [GC (Allocation Failure) [PSYoungGen: 70976K->1504K(70656K)] 445977K->376505K(591872K), 0.0024100 secs] [Times: user=0.01 sys=0.01, real=0.00 secs] 
1533.849: [GC (Allocation Failure) [PSYoungGen: 70624K->1533K(70144K)] 445625K->376534K(591360K), 0.0018385 secs] [Times: user=0.01 sys=0.00, real=0.00 secs] 
1533.969: [GC (Allocation Failure) [PSYoungGen: 70141K->1501K(69632K)] 445142K->376502K(590848K), 0.0017825 secs] [Times: user=0.00 sys=0.00, real=0.00 secs] 
1534.088: [GC (Allocation Failure) [PSYoungGen: 69597K->1501K(70144K)] 444598K->376502K(591360K), 0.0017929 secs] [Times: user=0.01 sys=0.00, real=0.00 secs] 
1534.392: [GC (Allocation Failure) [PSYoungGen: 69597K->1504K(69120K)] 444598K->376505K(590336K), 0.0019194 secs] [Times: user=0.01 sys=0.00, real=0.00 secs] 
1535.009: [GC (Allocation Failure) [PSYoungGen: 69088K->1424K(68608K)] 444089K->376425K(589824K), 0.0018912 secs] [Times: user=0.01 sys=0.00, real=0.00 secs] 
1535.537: [GC (Allocation Failure) [PSYoungGen: 68496K->1360K(68096K)] 443497K->376361K(589312K), 0.0018276 secs] [Times: user=0.01 sys=0.00, real=0.00 secs] 
1536.368: [GC (Allocation Failure) [PSYoungGen: 67920K->1376K(67584K)] 442921K->376377K(588800K), 0.0030144 secs] [Times: user=0.01 sys=0.00, real=0.00 secs] 
1537.439: [GC (Allocation Failure) [PSYoungGen: 67424K->1421K(67072K)] 442425K->376422K(588288K), 0.0038084 secs] [Times: user=0.02 sys=0.00, real=0.00 secs] 
1537.646: [GC (Allocation Failure) [PSYoungGen: 66957K->1469K(66560K)] 441958K->376470K(587776K), 0.0022631 secs] [Times: user=0.01 sys=0.00, real=0.00 secs] 
1537.763: [GC (Allocation Failure) [PSYoungGen: 66493K->1501K(66048K)] 441494K->376502K(587264K), 0.0016939 secs] [Times: user=0.01 sys=0.00, real=0.00 secs] 
1537.876: [GC (Allocation Failure) [PSYoungGen: 66013K->1533K(71680K)] 441014K->376534K(592896K), 0.0019413 secs] [Times: user=0.00 sys=0.00, real=0.00 secs] 
1538.063: [GC (Allocation Failure) [PSYoungGen: 71677K->2016K(72192K)] 446678K->377529K(593408K), 0.0022121 secs] [Times: user=0.01 sys=0.00, real=0.00 secs] 
1538.361: [GC (Allocation Failure) [PSYoungGen: 72160K->1376K(72192K)] 447673K->376889K(593408K), 0.0022112 secs] [Times: user=0.01 sys=0.00, real=0.00 secs] 
1538.653: [GC (Allocation Failure) [PSYoungGen: 71520K->1408K(71168K)] 447033K->376921K(592384K), 0.0019154 secs] [Times: user=0.01 sys=0.00, real=0.00 secs] 
1538.943: [GC (Allocation Failure) [PSYoungGen: 71040K->1408K(70656K)] 446553K->376921K(591872K), 0.0019964 secs] [Times: user=0.01 sys=0.00, real=0.00 secs] 
1539.308: [GC (Allocation Failure) [PSYoungGen: 70528K->1533K(70144K)] 446041K->377046K(591360K), 0.0023331 secs] [Times: user=0.01 sys=0.00, real=0.00 secs] 
1539.450: [GC (Allocation Failure) [PSYoungGen: 70141K->1517K(69632K)] 445654K->377030K(590848K), 0.0016904 secs] [Times: user=0.01 sys=0.00, real=0.00 secs] 
1539.587: [GC (Allocation Failure) [PSYoungGen: 69613K->1501K(75776K)] 445126K->377014K(596992K), 0.0020664 secs] [Times: user=0.00 sys=0.00, real=0.00 secs] 
1539.756: [GC (Allocation Failure) [PSYoungGen: 75741K->1469K(76288K)] 451254K->376998K(597504K), 0.0024349 secs] [Times: user=0.00 sys=0.01, real=0.00 secs] 
1540.483: [GC (Allocation Failure) [PSYoungGen: 75709K->1472K(75264K)] 451238K->377001K(596480K), 0.0031652 secs] [Times: user=0.01 sys=0.00, real=0.01 secs] 
1540.904: [GC (Allocation Failure) [PSYoungGen: 75200K->1408K(74752K)] 450729K->376937K(595968K), 0.0023529 secs] [Times: user=0.00 sys=0.00, real=0.01 secs] 
1541.466: [GC (Allocation Failure) [PSYoungGen: 74624K->1376K(74240K)] 450153K->376905K(595456K), 0.0023211 secs] [Times: user=0.01 sys=0.00, real=0.00 secs] 
1542.052: [GC (Allocation Failure) [PSYoungGen: 74080K->1392K(73728K)] 449609K->376937K(594944K), 0.0029005 secs] [Times: user=0.01 sys=0.00, real=0.00 secs] 
1542.400: [GC (Allocation Failure) [PSYoungGen: 73584K->1501K(73216K)] 449129K->377046K(594432K), 0.0017005 secs] [Times: user=0.01 sys=0.00, real=0.00 secs] 
1542.525: [GC (Allocation Failure) [PSYoungGen: 73162K->1501K(72704K)] 448708K->377046K(593920K), 0.0017523 secs] [Times: user=0.01 sys=0.00, real=0.00 secs] 
1542.651: [GC (Allocation Failure) [PSYoungGen: 72669K->1517K(72192K)] 448214K->377062K(593408K), 0.0016899 secs] [Times: user=0.00 sys=0.00, real=0.00 secs] 
1542.774: [GC (Allocation Failure) [PSYoungGen: 72173K->1501K(78336K)] 447718K->377062K(599552K), 0.0018541 secs] [Times: user=0.01 sys=0.00, real=0.01 secs] 
1543.271: [GC (Allocation Failure) [PSYoungGen: 78301K->1472K(77824K)] 453862K->377033K(599040K), 0.0021339 secs] [Times: user=0.01 sys=0.00, real=0.00 secs] 
1543.621: [GC (Allocation Failure) [PSYoungGen: 77760K->1376K(77312K)] 453321K->376937K(598528K), 0.0020272 secs] [Times: user=0.00 sys=0.00, real=0.00 secs] 
1544.120: [GC (Allocation Failure) [PSYoungGen: 77152K->1344K(76800K)] 452713K->376905K(598016K), 0.0021673 secs] [Times: user=0.01 sys=0.00, real=0.00 secs] 
1544.580: [GC (Allocation Failure) [PSYoungGen: 76608K->1469K(76288K)] 452169K->377030K(597504K), 0.0016534 secs] [Times: user=0.00 sys=0.00, real=0.00 secs] 
1544.712: [GC (Allocation Failure) [PSYoungGen: 76221K->1501K(75776K)] 451782K->377062K(596992K), 0.0017909 secs] [Times: user=0.01 sys=0.00, real=0.00 secs] 
1544.844: [GC (Allocation Failure) [PSYoungGen: 75741K->1501K(75264K)] 451302K->377062K(596480K), 0.0017416 secs] [Times: user=0.01 sys=0.00, real=0.01 secs] 
1544.972: [GC (Allocation Failure) [PSYoungGen: 75229K->1501K(75776K)] 450790K->377062K(596992K), 0.0017229 secs] [Times: user=0.00 sys=0.00, real=0.00 secs] 
1546.589: [GC (Allocation Failure) [PSYoungGen: 75229K->1440K(74752K)] 450790K->377001K(595968K), 0.0031641 secs] [Times: user=0.02 sys=0.00, real=0.00 secs] 
1546.897: [GC (Allocation Failure) [PSYoungGen: 74656K->1408K(74240K)] 450217K->376969K(595456K), 0.0022651 secs] [Times: user=0.01 sys=0.00, real=0.00 secs] 
1547.269: [GC (Allocation Failure) [PSYoungGen: 74112K->1344K(73728K)] 449673K->376905K(594944K), 0.0023127 secs] [Times: user=0.01 sys=0.00, real=0.00 secs] 
1547.660: [GC (Allocation Failure) [PSYoungGen: 73536K->1392K(73216K)] 449097K->376953K(594432K), 0.0022400 secs] [Times: user=0.01 sys=0.00, real=0.00 secs] 
1547.833: [GC (Allocation Failure) [PSYoungGen: 73072K->1517K(72704K)] 448633K->377078K(593920K), 0.0019157 secs] [Times: user=0.01 sys=0.01, real=0.00 secs] 
1547.958: [GC (Allocation Failure) [PSYoungGen: 72685K->1533K(72192K)] 448246K->377094K(593408K), 0.0017388 secs] [Times: user=0.00 sys=0.00, real=0.00 secs] 
1548.082: [GC (Allocation Failure) [PSYoungGen: 72189K->1533K(72704K)] 447750K->377094K(593920K), 0.0018148 secs] [Times: user=0.01 sys=0.00, real=0.00 secs] 
1548.401: [GC (Allocation Failure) [PSYoungGen: 72189K->1456K(71680K)] 447750K->377017K(592896K), 0.0020864 secs] [Times: user=0.00 sys=0.00, real=0.00 secs] 
1549.068: [GC (Allocation Failure) [PSYoungGen: 71600K->1424K(71168K)] 447161K->376985K(592384K), 0.0022075 secs] [Times: user=0.01 sys=0.00, real=0.00 secs] 
1549.657: [GC (Allocation Failure) [PSYoungGen: 71056K->1392K(70656K)] 446617K->376953K(591872K), 0.0033463 secs] [Times: user=0.01 sys=0.00, real=0.00 secs] 
1550.322: [GC (Allocation Failure) [PSYoungGen: 70512K->1376K(70144K)] 446073K->376937K(591360K), 0.0039355 secs] [Times: user=0.02 sys=0.00, real=0.01 secs] 
1550.922: [GC (Allocation Failure) [PSYoungGen: 69984K->1501K(69632K)] 445545K->377062K(590848K), 0.0025847 secs] [Times: user=0.01 sys=0.00, real=0.00 secs] 
1551.089: [GC (Allocation Failure) [PSYoungGen: 69597K->1517K(69120K)] 445158K->377078K(590336K), 0.0017799 secs] [Times: user=0.01 sys=0.00, real=0.00 secs] 
1551.225: [GC (Allocation Failure) [PSYoungGen: 69101K->1533K(68608K)] 444662K->377094K(589824K), 0.0019972 secs] [Times: user=0.01 sys=0.00, real=0.00 secs] 
1551.375: [GC (Allocation Failure) [PSYoungGen: 68605K->1501K(75264K)] 444166K->377062K(596480K), 0.0019327 secs] [Times: user=0.00 sys=0.00, real=0.01 secs] 
1552.581: [GC (Allocation Failure) [PSYoungGen: 74717K->1456K(74240K)] 450278K->377017K(595456K), 0.0048369 secs] [Times: user=0.02 sys=0.00, real=0.01 secs] 
1553.165: [GC (Allocation Failure) [PSYoungGen: 74160K->1408K(73728K)] 449721K->376969K(594944K), 0.0031828 secs] [Times: user=0.01 sys=0.00, real=0.00 secs] 
1553.791: [GC (Allocation Failure) [PSYoungGen: 73600K->1376K(73216K)] 449161K->376953K(594432K), 0.0031620 secs] [Times: user=0.01 sys=0.00, real=0.00 secs] 
1554.402: [GC (Allocation Failure) [PSYoungGen: 73056K->1344K(72704K)] 448633K->376921K(593920K), 0.0031491 secs] [Times: user=0.02 sys=0.00, real=0.00 secs] 
1554.788: [GC (Allocation Failure) [PSYoungGen: 72512K->1504K(72192K)] 448089K->377081K(593408K), 0.0020211 secs] [Times: user=0.01 sys=0.00, real=0.00 secs] 
1554.920: [GC (Allocation Failure) [PSYoungGen: 72143K->1501K(71680K)] 447721K->377078K(592896K), 0.0017387 secs] [Times: user=0.00 sys=0.00, real=0.00 secs] 
1555.043: [GC (Allocation Failure) [PSYoungGen: 71645K->1536K(71680K)] 447222K->377113K(592896K), 0.0017398 secs] [Times: user=0.01 sys=0.00, real=0.00 secs] 
1555.165: [GC (Allocation Failure) [PSYoungGen: 71168K->1517K(72192K)] 446745K->377110K(593408K), 0.0017982 secs] [Times: user=0.00 sys=0.00, real=0.01 secs] 
1555.787: [GC (Allocation Failure) [PSYoungGen: 71661K->1408K(71168K)] 447254K->377001K(592384K), 0.0023828 secs] [Times: user=0.01 sys=0.00, real=0.00 secs] 
1556.463: [GC (Allocation Failure) [PSYoungGen: 71040K->1408K(70656K)] 446633K->377001K(591872K), 0.0025184 secs] [Times: user=0.01 sys=0.00, real=0.01 secs] 
1557.218: [GC (Allocation Failure) [PSYoungGen: 70528K->1344K(70144K)] 446121K->376937K(591360K), 0.0024474 secs] [Times: user=0.01 sys=0.00, real=0.00 secs] 
1558.058: [GC (Allocation Failure) [PSYoungGen: 69952K->1408K(69632K)] 445545K->377001K(590848K), 0.0028100 secs] [Times: user=0.01 sys=0.00, real=0.00 secs] 
1558.342: [GC (Allocation Failure) [PSYoungGen: 69504K->1501K(69120K)] 445097K->377094K(590336K), 0.0017689 secs] [Times: user=0.00 sys=0.00, real=0.00 secs] 
1558.462: [GC (Allocation Failure) [PSYoungGen: 69085K->1533K(68608K)] 444678K->377126K(589824K), 0.0017654 secs] [Times: user=0.01 sys=0.00, real=0.00 secs] 
1558.579: [GC (Allocation Failure) [PSYoungGen: 68605K->1533K(68096K)] 444198K->377126K(589312K), 0.0018046 secs] [Times: user=0.01 sys=0.00, real=0.00 secs] 
1558.697: [GC (Allocation Failure) [PSYoungGen: 68090K->224K(74240K)] 443684K->375825K(595456K), 0.0017035 secs] [Times: user=0.01 sys=0.00, real=0.00 secs] 
1559.023: [GC (Allocation Failure) [PSYoungGen: 72416K->1376K(73216K)] 448017K->376977K(594432K), 0.0018076 secs] [Times: user=0.01 sys=0.00, real=0.00 secs] 
1559.561: [GC (Allocation Failure) [PSYoungGen: 73056K->1344K(72704K)] 448657K->376945K(593920K), 0.0022222 secs] [Times: user=0.01 sys=0.00, real=0.00 secs] 
1560.169: [GC (Allocation Failure) [PSYoungGen: 72512K->1360K(72192K)] 448113K->376961K(593408K), 0.0026372 secs] [Times: user=0.01 sys=0.00, real=0.00 secs] 
1560.849: [GC (Allocation Failure) [PSYoungGen: 72016K->1472K(71680K)] 447617K->377073K(592896K), 0.0036839 secs] [Times: user=0.01 sys=0.00, real=0.00 secs] 
1561.047: [GC (Allocation Failure) [PSYoungGen: 71596K->1501K(71168K)] 447198K->377102K(592384K), 0.0017781 secs] [Times: user=0.01 sys=0.00, real=0.00 secs] 
1561.171: [GC (Allocation Failure) [PSYoungGen: 71133K->1501K(70656K)] 446734K->377102K(591872K), 0.0018471 secs] [Times: user=0.01 sys=0.00, real=0.00 secs] 
1561.292: [GC (Allocation Failure) [PSYoungGen: 70621K->1517K(71168K)] 446222K->377118K(592384K), 0.0017581 secs] [Times: user=0.01 sys=0.00, real=0.00 secs] 
1561.565: [GC (Allocation Failure) [PSYoungGen: 71149K->1440K(70656K)] 446750K->377041K(591872K), 0.0021399 secs] [Times: user=0.01 sys=0.00, real=0.00 secs] 
1561.863: [GC (Allocation Failure) [PSYoungGen: 70560K->1376K(70144K)] 446161K->376977K(591360K), 0.0022641 secs] [Times: user=0.01 sys=0.00, real=0.00 secs] 
1562.167: [GC (Allocation Failure) [PSYoungGen: 69984K->1392K(69632K)] 445585K->377009K(590848K), 0.0022881 secs] [Times: user=0.01 sys=0.00, real=0.00 secs] 
1562.480: [GC (Allocation Failure) [PSYoungGen: 69488K->1376K(69120K)] 445105K->376993K(590336K), 0.0021431 secs] [Times: user=0.01 sys=0.00, real=0.00 secs] 
1562.819: [GC (Allocation Failure) [PSYoungGen: 68960K->1437K(68608K)] 444577K->377054K(589824K), 0.0024412 secs] [Times: user=0.01 sys=0.00, real=0.00 secs] 
1562.977: [GC (Allocation Failure) [PSYoungGen: 68509K->1549K(68608K)] 444126K->377166K(589824K), 0.0017572 secs] [Times: user=0.01 sys=0.00, real=0.00 secs] 
1563.093: [GC (Allocation Failure) [PSYoungGen: 68109K->1501K(69120K)] 443726K->377118K(590336K), 0.0017234 secs] [Times: user=0.01 sys=0.00, real=0.00 secs] 
1563.211: [GC (Allocation Failure) [PSYoungGen: 68541K->1469K(74240K)] 444158K->377094K(595456K), 0.0019646 secs] [Times: user=0.01 sys=0.00, real=0.00 secs] 
1563.481: [GC (Allocation Failure) [PSYoungGen: 73661K->1440K(74240K)] 449286K->377065K(595456K), 0.0022957 secs] [Times: user=0.01 sys=0.00, real=0.00 secs] 
1563.788: [GC (Allocation Failure) [PSYoungGen: 73632K->1376K(79872K)] 449257K->377001K(601088K), 0.0022805 secs] [Times: user=0.01 sys=0.00, real=0.00 secs] 
1564.115: [GC (Allocation Failure) [PSYoungGen: 79712K->1440K(79360K)] 455337K->377065K(600576K), 0.0023982 secs] [Times: user=0.01 sys=0.00, real=0.01 secs] 
1564.472: [GC (Allocation Failure) [PSYoungGen: 79264K->1344K(78848K)] 454889K->376969K(600064K), 0.0022015 secs] [Times: user=0.01 sys=0.00, real=0.00 secs] 
1564.850: [GC (Allocation Failure) [PSYoungGen: 78656K->1504K(78336K)] 454281K->377129K(599552K), 0.0027722 secs] [Times: user=0.01 sys=0.00, real=0.00 secs] 
1565.028: [GC (Allocation Failure) [PSYoungGen: 78304K->1565K(78336K)] 453929K->377190K(599552K), 0.0016657 secs] [Times: user=0.01 sys=0.00, real=0.00 secs] 
1565.162: [GC (Allocation Failure) [PSYoungGen: 77853K->1469K(77312K)] 453478K->377094K(598528K), 0.0018977 secs] [Times: user=0.00 sys=0.00, real=0.00 secs] 
1565.596: [GC (Allocation Failure) [PSYoungGen: 77245K->1440K(77824K)] 452870K->377065K(599040K), 0.0046932 secs] [Times: user=0.02 sys=0.00, real=0.00 secs] 
1566.243: [GC (Allocation Failure) [PSYoungGen: 77728K->1408K(77312K)] 453353K->377033K(598528K), 0.0026187 secs] [Times: user=0.01 sys=0.00, real=0.01 secs] 
1566.700: [GC (Allocation Failure) [PSYoungGen: 77184K->1408K(76800K)] 452809K->377033K(598016K), 0.0023732 secs] [Times: user=0.01 sys=0.00, real=0.00 secs] 
1567.038: [GC (Allocation Failure) [PSYoungGen: 76672K->1408K(76288K)] 452297K->377033K(597504K), 0.0022312 secs] [Times: user=0.00 sys=0.00, real=0.00 secs] 
1567.289: [GC (Allocation Failure) [PSYoungGen: 76160K->1469K(75776K)] 451785K->377094K(596992K), 0.0022586 secs] [Times: user=0.01 sys=0.00, real=0.00 secs] 
1567.478: [GC (Allocation Failure) [PSYoungGen: 75709K->1536K(75776K)] 451334K->377161K(596992K), 0.0018484 secs] [Times: user=0.00 sys=0.00, real=0.00 secs] 
1567.608: [GC (Allocation Failure) [PSYoungGen: 75264K->1533K(74752K)] 450889K->377158K(595968K), 0.0017688 secs] [Times: user=0.01 sys=0.00, real=0.00 secs] 
1567.794: [GC (Allocation Failure) [PSYoungGen: 74749K->1472K(75776K)] 450374K->377097K(596992K), 0.0022673 secs] [Times: user=0.01 sys=0.00, real=0.01 secs] 
1568.163: [GC (Allocation Failure) [PSYoungGen: 75200K->1440K(74752K)] 450825K->377065K(595968K), 0.0023670 secs] [Times: user=0.00 sys=0.01, real=0.01 secs] 
1568.488: [GC (Allocation Failure) [PSYoungGen: 74656K->1376K(74240K)] 450281K->377001K(595456K), 0.0024327 secs] [Times: user=0.01 sys=0.00, real=0.00 secs] 
1568.858: [GC (Allocation Failure) [PSYoungGen: 74080K->1408K(73728K)] 449705K->377033K(594944K), 0.0020631 secs] [Times: user=0.00 sys=0.00, real=0.00 secs] 
1569.168: [GC (Allocation Failure) [PSYoungGen: 73600K->1501K(73216K)] 449225K->377126K(594432K), 0.0022975 secs] [Times: user=0.01 sys=0.00, real=0.00 secs] 
1569.301: [GC (Allocation Failure) [PSYoungGen: 73178K->1501K(72704K)] 448803K->377126K(593920K), 0.0016941 secs] [Times: user=0.01 sys=0.00, real=0.00 secs] 
1569.426: [GC (Allocation Failure) [PSYoungGen: 72669K->1517K(78848K)] 448294K->377142K(600064K), 0.0018130 secs] [Times: user=0.01 sys=0.00, real=0.00 secs] 
1569.561: [GC (Allocation Failure) [PSYoungGen: 78317K->1501K(79360K)] 453942K->377126K(600576K), 0.0016963 secs] [Times: user=0.01 sys=0.00, real=0.00 secs] 
1570.012: [GC (Allocation Failure) [PSYoungGen: 78813K->1408K(78336K)] 454438K->377033K(599552K), 0.0023240 secs] [Times: user=0.01 sys=0.00, real=0.00 secs] 
1570.350: [GC (Allocation Failure) [PSYoungGen: 78208K->1344K(77824K)] 453833K->376969K(599040K), 0.0025278 secs] [Times: user=0.01 sys=0.00, real=0.00 secs] 
1570.878: [GC (Allocation Failure) [PSYoungGen: 77632K->1392K(77312K)] 453257K->377017K(598528K), 0.0033016 secs] [Times: user=0.01 sys=0.00, real=0.00 secs] 
1571.285: [GC (Allocation Failure) [PSYoungGen: 77168K->1472K(76800K)] 452793K->377097K(598016K), 0.0022038 secs] [Times: user=0.00 sys=0.01, real=0.01 secs] 
1571.469: [GC (Allocation Failure) [PSYoungGen: 76736K->1504K(76288K)] 452361K->377153K(597504K), 0.0020426 secs] [Times: user=0.01 sys=0.00, real=0.00 secs] 
1571.658: [GC (Allocation Failure) [PSYoungGen: 76256K->1488K(75776K)] 451905K->377137K(596992K), 0.0022591 secs] [Times: user=0.01 sys=0.00, real=0.00 secs] 
1571.861: [GC (Allocation Failure) [PSYoungGen: 75728K->1536K(75776K)] 451377K->377185K(596992K), 0.0022602 secs] [Times: user=0.01 sys=0.00, real=0.00 secs] 
1572.194: [GC (Allocation Failure) [PSYoungGen: 75264K->1408K(74752K)] 450913K->377057K(595968K), 0.0021127 secs] [Times: user=0.01 sys=0.00, real=0.01 secs] 
1572.589: [GC (Allocation Failure) [PSYoungGen: 74624K->1360K(74240K)] 450273K->377009K(595456K), 0.0025193 secs] [Times: user=0.01 sys=0.00, real=0.00 secs] 
1572.892: [GC (Allocation Failure) [PSYoungGen: 74064K->1344K(73728K)] 449713K->376993K(594944K), 0.0027373 secs] [Times: user=0.01 sys=0.00, real=0.00 secs] 
1573.193: [GC (Allocation Failure) [PSYoungGen: 73536K->1376K(73216K)] 449185K->377041K(594432K), 0.0024323 secs] [Times: user=0.01 sys=0.00, real=0.01 secs] 
1573.395: [GC (Allocation Failure) [PSYoungGen: 73056K->1501K(72704K)] 448721K->377166K(593920K), 0.0017805 secs] [Times: user=0.01 sys=0.00, real=0.01 secs] 
1573.520: [GC (Allocation Failure) [PSYoungGen: 72669K->1469K(72192K)] 448334K->377134K(593408K), 0.0017087 secs] [Times: user=0.01 sys=0.00, real=0.00 secs] 
1573.644: [GC (Allocation Failure) [PSYoungGen: 72125K->1533K(72704K)] 447790K->377230K(593920K), 0.0018095 secs] [Times: user=0.01 sys=0.00, real=0.01 secs] 
1573.903: [GC (Allocation Failure) [PSYoungGen: 72701K->1472K(73216K)] 448398K->377177K(594432K), 0.0019292 secs] [Times: user=0.01 sys=0.00, real=0.00 secs] 
1574.553: [GC (Allocation Failure) [PSYoungGen: 72640K->1376K(72192K)] 448345K->377081K(593408K), 0.0022979 secs] [Times: user=0.01 sys=0.00, real=0.00 secs] 
1575.162: [GC (Allocation Failure) [PSYoungGen: 72032K->1408K(71680K)] 447737K->377113K(592896K), 0.0035273 secs] [Times: user=0.01 sys=0.00, real=0.01 secs] 
1575.606: [GC (Allocation Failure) [PSYoungGen: 71552K->1376K(71168K)] 447257K->377081K(592384K), 0.0022112 secs] [Times: user=0.00 sys=0.00, real=0.00 secs] 
1575.902: [GC (Allocation Failure) [PSYoungGen: 71008K->1501K(70656K)] 446713K->377206K(591872K), 0.0022094 secs] [Times: user=0.01 sys=0.00, real=0.00 secs] 
1576.034: [GC (Allocation Failure) [PSYoungGen: 70621K->1469K(70144K)] 446326K->377174K(591360K), 0.0017433 secs] [Times: user=0.00 sys=0.00, real=0.01 secs] 
1576.154: [GC (Allocation Failure) [PSYoungGen: 70077K->1533K(75776K)] 445782K->377238K(596992K), 0.0017615 secs] [Times: user=0.00 sys=0.01, real=0.01 secs] 
1576.285: [GC (Allocation Failure) [PSYoungGen: 75773K->1517K(76288K)] 451478K->377222K(597504K), 0.0017663 secs] [Times: user=0.00 sys=0.00, real=0.01 secs] 
1576.757: [GC (Allocation Failure) [PSYoungGen: 75757K->1440K(75264K)] 451462K->377153K(596480K), 0.0029066 secs] [Times: user=0.01 sys=0.00, real=0.00 secs] 
1577.443: [GC (Allocation Failure) [PSYoungGen: 75168K->1376K(74752K)] 450881K->377089K(595968K), 0.0029465 secs] [Times: user=0.01 sys=0.00, real=0.01 secs] 
1578.153: [GC (Allocation Failure) [PSYoungGen: 74592K->1360K(74240K)] 450305K->377073K(595456K), 0.0034949 secs] [Times: user=0.01 sys=0.01, real=0.01 secs] 
1578.987: [GC (Allocation Failure) [PSYoungGen: 74064K->1376K(73728K)] 449777K->377089K(594944K), 0.0049299 secs] [Times: user=0.02 sys=0.00, real=0.00 secs] 
1579.421: [GC (Allocation Failure) [PSYoungGen: 73568K->1501K(73216K)] 449281K->377214K(594432K), 0.0024092 secs] [Times: user=0.00 sys=0.00, real=0.00 secs] 
1579.563: [GC (Allocation Failure) [PSYoungGen: 73181K->1501K(72704K)] 448894K->377214K(593920K), 0.0017361 secs] [Times: user=0.01 sys=0.00, real=0.00 secs] 
1579.688: [GC (Allocation Failure) [PSYoungGen: 72669K->1517K(72192K)] 448382K->377230K(593408K), 0.0018428 secs] [Times: user=0.01 sys=0.00, real=0.00 secs] 
1580.238: [GC (Allocation Failure) [PSYoungGen: 72173K->1984K(72192K)] 447886K->377697K(593408K), 0.0046662 secs] [Times: user=0.02 sys=0.00, real=0.00 secs] 
1581.799: [GC (Allocation Failure) [PSYoungGen: 72128K->1408K(71168K)] 447841K->377121K(592384K), 0.0049736 secs] [Times: user=0.02 sys=0.00, real=0.00 secs] 
1582.449: [GC (Allocation Failure) [PSYoungGen: 71040K->1408K(70656K)] 446753K->377121K(591872K), 0.0035505 secs] [Times: user=0.02 sys=0.01, real=0.00 secs] 
1582.950: [GC (Allocation Failure) [PSYoungGen: 70528K->1392K(70144K)] 446241K->377105K(591360K), 0.0037399 secs] [Times: user=0.01 sys=0.00, real=0.00 secs] 
1583.545: [GC (Allocation Failure) [PSYoungGen: 70000K->1440K(69632K)] 445713K->377153K(590848K), 0.0023135 secs] [Times: user=0.01 sys=0.00, real=0.01 secs] 
1583.701: [GC (Allocation Failure) [PSYoungGen: 69536K->1501K(69120K)] 445249K->377214K(590336K), 0.0017264 secs] [Times: user=0.01 sys=0.00, real=0.00 secs] 
1583.820: [GC (Allocation Failure) [PSYoungGen: 69085K->1517K(68608K)] 444798K->377230K(589824K), 0.0016925 secs] [Times: user=0.01 sys=0.00, real=0.00 secs] 
1583.955: [GC (Allocation Failure) [PSYoungGen: 68589K->1501K(69632K)] 444302K->377214K(590848K), 0.0022862 secs] [Times: user=0.00 sys=0.00, real=0.01 secs] 
1584.353: [GC (Allocation Failure) [PSYoungGen: 69085K->1408K(75264K)] 444798K->377121K(596480K), 0.0030213 secs] [Times: user=0.01 sys=0.00, real=0.01 secs] 
1585.502: [GC (Allocation Failure) [PSYoungGen: 74624K->1360K(74240K)] 450337K->377097K(595456K), 0.0036474 secs] [Times: user=0.01 sys=0.00, real=0.01 secs] 
1586.635: [GC (Allocation Failure) [PSYoungGen: 74064K->1392K(73728K)] 449801K->377129K(594944K), 0.0029187 secs] [Times: user=0.01 sys=0.00, real=0.01 secs] 
1587.405: [GC (Allocation Failure) [PSYoungGen: 73584K->1344K(73216K)] 449321K->377081K(594432K), 0.0035604 secs] [Times: user=0.01 sys=0.00, real=0.01 secs] 
1588.267: [GC (Allocation Failure) [PSYoungGen: 73024K->1472K(72704K)] 448761K->377209K(593920K), 0.0032034 secs] [Times: user=0.01 sys=0.00, real=0.00 secs] 
1588.447: [GC (Allocation Failure) [PSYoungGen: 72640K->1501K(72192K)] 448377K->377238K(593408K), 0.0017188 secs] [Times: user=0.01 sys=0.00, real=0.00 secs] 
1588.577: [GC (Allocation Failure) [PSYoungGen: 72157K->1504K(71680K)] 447894K->377241K(592896K), 0.0018248 secs] [Times: user=0.00 sys=0.00, real=0.00 secs] 
1588.719: [GC (Allocation Failure) [PSYoungGen: 71648K->1533K(72192K)] 447385K->377286K(593408K), 0.0022608 secs] [Times: user=0.01 sys=0.00, real=0.00 secs] 
1589.487: [GC (Allocation Failure) [PSYoungGen: 71677K->1408K(71168K)] 447430K->377161K(592384K), 0.0027645 secs] [Times: user=0.01 sys=0.00, real=0.00 secs] 
1589.778: [GC (Allocation Failure) [PSYoungGen: 71040K->1408K(70656K)] 446793K->377161K(591872K), 0.0026791 secs] [Times: user=0.01 sys=0.00, real=0.00 secs] 
1590.066: [GC (Allocation Failure) [PSYoungGen: 70528K->1376K(70144K)] 446281K->377129K(591360K), 0.0021988 secs] [Times: user=0.01 sys=0.00, real=0.00 secs] 
1590.351: [GC (Allocation Failure) [PSYoungGen: 69984K->1408K(69632K)] 445737K->377161K(590848K), 0.0022561 secs] [Times: user=0.00 sys=0.00, real=0.00 secs] 
1590.561: [GC (Allocation Failure) [PSYoungGen: 69504K->1501K(69120K)] 445257K->377254K(590336K), 0.0016829 secs] [Times: user=0.01 sys=0.00, real=0.00 secs] 
1590.680: [GC (Allocation Failure) [PSYoungGen: 69085K->1501K(68608K)] 444838K->377254K(589824K), 0.0017976 secs] [Times: user=0.00 sys=0.01, real=0.00 secs] 
1590.798: [GC (Allocation Failure) [PSYoungGen: 68573K->1501K(74752K)] 444326K->377254K(595968K), 0.0016921 secs] [Times: user=0.01 sys=0.00, real=0.00 secs] 
1590.927: [GC (Allocation Failure) [PSYoungGen: 74717K->1501K(75264K)] 450470K->377270K(596480K), 0.0017705 secs] [Times: user=0.00 sys=0.00, real=0.00 secs] 
1591.679: [GC (Allocation Failure) [PSYoungGen: 74717K->1376K(74240K)] 450486K->377145K(595456K), 0.0027975 secs] [Times: user=0.01 sys=0.00, real=0.00 secs] 
1592.375: [GC (Allocation Failure) [PSYoungGen: 74080K->1392K(73728K)] 449849K->377161K(594944K), 0.0059237 secs] [Times: user=0.03 sys=0.00, real=0.01 secs] 
1592.719: [GC (Allocation Failure) [PSYoungGen: 73584K->1344K(73216K)] 449353K->377137K(594432K), 0.0023631 secs] [Times: user=0.01 sys=0.00, real=0.00 secs] 
1593.100: [GC (Allocation Failure) [PSYoungGen: 72892K->240K(71680K)] 448686K->376033K(592896K), 0.0023223 secs] [Times: user=0.01 sys=0.00, real=0.00 secs] 
1593.248: [GC (Allocation Failure) [PSYoungGen: 71408K->1517K(72192K)] 447201K->377310K(593408K), 0.0017004 secs] [Times: user=0.00 sys=0.00, real=0.00 secs] 
1593.372: [GC (Allocation Failure) [PSYoungGen: 72173K->1533K(78848K)] 447966K->377326K(600064K), 0.0036587 secs] [Times: user=0.01 sys=0.00, real=0.01 secs] 
1593.508: [GC (Allocation Failure) [PSYoungGen: 78333K->1501K(79872K)] 454126K->377294K(601088K), 0.0018032 secs] [Times: user=0.01 sys=0.00, real=0.00 secs] 
1593.771: [GC (Allocation Failure) [PSYoungGen: 79325K->1456K(79872K)] 455118K->377249K(601088K), 0.0021046 secs] [Times: user=0.00 sys=0.00, real=0.00 secs] 
1594.138: [GC (Allocation Failure) [PSYoungGen: 79280K->1376K(86528K)] 455073K->377169K(607744K), 0.0022608 secs] [Times: user=0.01 sys=0.00, real=0.00 secs] 
1594.633: [GC (Allocation Failure) [PSYoungGen: 86368K->1344K(86016K)] 462161K->377137K(607232K), 0.0020426 secs] [Times: user=0.01 sys=0.00, real=0.01 secs] 
1595.255: [GC (Allocation Failure) [PSYoungGen: 85824K->1469K(85504K)] 461617K->377262K(606720K), 0.0022024 secs] [Times: user=0.01 sys=0.00, real=0.01 secs] 
1595.415: [GC (Allocation Failure) [PSYoungGen: 85437K->1485K(84992K)] 461230K->377278K(606208K), 0.0017317 secs] [Times: user=0.00 sys=0.00, real=0.01 secs] 
1595.562: [GC (Allocation Failure) [PSYoungGen: 84941K->1469K(84480K)] 460734K->377262K(605696K), 0.0017447 secs] [Times: user=0.01 sys=0.00, real=0.00 secs] 
1595.709: [GC (Allocation Failure) [PSYoungGen: 84413K->1517K(83968K)] 460206K->377310K(605184K), 0.0017702 secs] [Times: user=0.01 sys=0.00, real=0.00 secs] 
1596.518: [GC (Allocation Failure) [PSYoungGen: 83949K->1440K(83456K)] 459742K->377233K(604672K), 0.0025303 secs] [Times: user=0.01 sys=0.00, real=0.00 secs] 
1597.016: [GC (Allocation Failure) [PSYoungGen: 83360K->1376K(82944K)] 459153K->377169K(604160K), 0.0023977 secs] [Times: user=0.01 sys=0.00, real=0.00 secs] 
1597.685: [GC (Allocation Failure) [PSYoungGen: 82784K->1408K(82432K)] 458577K->377201K(603648K), 0.0021270 secs] [Times: user=0.01 sys=0.00, real=0.01 secs] 
1598.309: [GC (Allocation Failure) [PSYoungGen: 82304K->1472K(81920K)] 458097K->377265K(603136K), 0.0032635 secs] [Times: user=0.02 sys=0.00, real=0.00 secs] 
1598.503: [GC (Allocation Failure) [PSYoungGen: 81856K->1501K(81408K)] 457649K->377294K(602624K), 0.0019787 secs] [Times: user=0.01 sys=0.00, real=0.01 secs] 
1598.667: [GC (Allocation Failure) [PSYoungGen: 81373K->1485K(80896K)] 457166K->377278K(602112K), 0.0020940 secs] [Times: user=0.01 sys=0.00, real=0.00 secs] 
1598.949: [GC (Allocation Failure) [PSYoungGen: 80845K->1440K(80384K)] 456638K->377233K(601600K), 0.0038683 secs] [Times: user=0.02 sys=0.00, real=0.00 secs] 
1599.380: [GC (Allocation Failure) [PSYoungGen: 80288K->1376K(79872K)] 456081K->377169K(601088K), 0.0021701 secs] [Times: user=0.01 sys=0.00, real=0.00 secs] 
1599.722: [GC (Allocation Failure) [PSYoungGen: 79712K->1408K(79360K)] 455505K->377201K(600576K), 0.0022614 secs] [Times: user=0.00 sys=0.00, real=0.00 secs] 
1600.088: [GC (Allocation Failure) [PSYoungGen: 79232K->1408K(78848K)] 455025K->377201K(600064K), 0.0022215 secs] [Times: user=0.01 sys=0.01, real=0.00 secs] 
1600.316: [GC (Allocation Failure) [PSYoungGen: 78720K->1536K(78848K)] 454513K->377329K(600064K), 0.0017747 secs] [Times: user=0.01 sys=0.00, real=0.00 secs] 
1600.451: [GC (Allocation Failure) [PSYoungGen: 78336K->1488K(77824K)] 454129K->377281K(599040K), 0.0017509 secs] [Times: user=0.00 sys=0.00, real=0.00 secs] 
1600.585: [GC (Allocation Failure) [PSYoungGen: 77776K->1501K(77312K)] 453569K->377294K(598528K), 0.0017216 secs] [Times: user=0.01 sys=0.01, real=0.01 secs] 
1600.941: [GC (Allocation Failure) [PSYoungGen: 77277K->1472K(76800K)] 453070K->377265K(598016K), 0.0020796 secs] [Times: user=0.01 sys=0.00, real=0.00 secs] 
1601.305: [GC (Allocation Failure) [PSYoungGen: 76736K->1344K(76288K)] 452529K->377137K(597504K), 0.0021028 secs] [Times: user=0.01 sys=0.00, real=0.00 secs] 
1601.617: [GC (Allocation Failure) [PSYoungGen: 76096K->1408K(75776K)] 451889K->377217K(596992K), 0.0021848 secs] [Times: user=0.01 sys=0.01, real=0.00 secs] 
1601.957: [GC (Allocation Failure) [PSYoungGen: 75648K->1440K(75264K)] 451457K->377249K(596480K), 0.0019082 secs] [Times: user=0.01 sys=0.00, real=0.00 secs] 
1602.208: [GC (Allocation Failure) [PSYoungGen: 75168K->1533K(74752K)] 450977K->377366K(595968K), 0.0017828 secs] [Times: user=0.00 sys=0.00, real=0.00 secs] 
1602.336: [GC (Allocation Failure) [PSYoungGen: 74749K->1533K(74240K)] 450582K->377366K(595456K), 0.0017424 secs] [Times: user=0.01 sys=0.00, real=0.00 secs] 
1602.464: [GC (Allocation Failure) [PSYoungGen: 74237K->1520K(73728K)] 450070K->377353K(594944K), 0.0017112 secs] [Times: user=0.01 sys=0.00, real=0.01 secs] 
1602.661: [GC (Allocation Failure) [PSYoungGen: 73712K->1504K(74240K)] 449545K->377416K(595456K), 0.0022683 secs] [Times: user=0.01 sys=0.00, real=0.00 secs] 
1603.469: [GC (Allocation Failure) [PSYoungGen: 74208K->1312K(73728K)] 450120K->377224K(594944K), 0.0030210 secs] [Times: user=0.02 sys=0.00, real=0.00 secs] 
1604.195: [GC (Allocation Failure) [PSYoungGen: 73504K->1344K(73216K)] 449416K->377256K(594432K), 0.0029191 secs] [Times: user=0.01 sys=0.00, real=0.00 secs] 
1604.928: [GC (Allocation Failure) [PSYoungGen: 73024K->1344K(72704K)] 448936K->377256K(593920K), 0.0031896 secs] [Times: user=0.01 sys=0.01, real=0.00 secs] 
1605.788: [GC (Allocation Failure) [PSYoungGen: 72512K->1536K(72704K)] 448424K->377449K(593920K), 0.0035120 secs] [Times: user=0.02 sys=0.00, real=0.00 secs] 
1605.989: [GC (Allocation Failure) [PSYoungGen: 72192K->1469K(71680K)] 448105K->377382K(592896K), 0.0017055 secs] [Times: user=0.01 sys=0.00, real=0.00 secs] 
1606.111: [GC (GCLocker Initiated GC) [PSYoungGen: 71613K->1533K(71168K)] 447526K->377446K(592384K), 0.0017119 secs] [Times: user=0.01 sys=0.00, real=0.00 secs] 
1606.234: [GC (Allocation Failure) [PSYoungGen: 71165K->1437K(70656K)] 447145K->377416K(591872K), 0.0017240 secs] [Times: user=0.01 sys=0.00, real=0.01 secs] 
1606.880: [GC (Allocation Failure) [PSYoungGen: 70557K->1472K(70144K)] 446536K->377451K(591360K), 0.0023104 secs] [Times: user=0.01 sys=0.00, real=0.00 secs] 
1607.481: [GC (Allocation Failure) [PSYoungGen: 70080K->1472K(69632K)] 446059K->377451K(590848K), 0.0028984 secs] [Times: user=0.01 sys=0.00, real=0.00 secs] 
1607.755: [GC (Allocation Failure) [PSYoungGen: 69568K->1472K(69120K)] 445547K->377451K(590336K), 0.0022122 secs] [Times: user=0.01 sys=0.00, real=0.00 secs] 
1608.353: [GC (Allocation Failure) [PSYoungGen: 69056K->1392K(68608K)] 445035K->377371K(589824K), 0.0024443 secs] [Times: user=0.01 sys=0.00, real=0.01 secs] 
1608.753: [GC (Allocation Failure) [PSYoungGen: 68464K->1504K(68096K)] 444443K->377492K(589312K), 0.0023565 secs] [Times: user=0.01 sys=0.00, real=0.00 secs] 
1608.877: [GC (Allocation Failure) [PSYoungGen: 68064K->1520K(67584K)] 444052K->377508K(588800K), 0.0017181 secs] [Times: user=0.01 sys=0.00, real=0.00 secs] 
1608.994: [GC (Allocation Failure) [PSYoungGen: 67568K->1533K(67072K)] 443556K->377553K(588288K), 0.0016772 secs] [Times: user=0.00 sys=0.00, real=0.01 secs] 
1609.111: [GC (Allocation Failure) [PSYoungGen: 67069K->1549K(68096K)] 443089K->377649K(589312K), 0.0017214 secs] [Times: user=0.00 sys=0.01, real=0.00 secs] 
1610.075: [GC (Allocation Failure) [PSYoungGen: 67597K->1408K(67072K)] 443697K->377507K(588288K), 0.0048052 secs] [Times: user=0.01 sys=0.01, real=0.00 secs] 
1610.772: [GC (Allocation Failure) [PSYoungGen: 66944K->1440K(66560K)] 443043K->377539K(587776K), 0.0033121 secs] [Times: user=0.01 sys=0.00, real=0.00 secs] 
1611.265: [GC (Allocation Failure) [PSYoungGen: 66464K->1376K(66048K)] 442563K->377475K(587264K), 0.0024744 secs] [Times: user=0.02 sys=0.00, real=0.01 secs] 
1611.939: [GC (Allocation Failure) [PSYoungGen: 65888K->1376K(65536K)] 441987K->377483K(586752K), 0.0028775 secs] [Times: user=0.01 sys=0.00, real=0.00 secs] 
1612.730: [GC (Allocation Failure) [PSYoungGen: 65376K->1472K(65024K)] 441483K->377580K(586240K), 0.0043156 secs] [Times: user=0.02 sys=0.00, real=0.00 secs] 
1612.976: [GC (Allocation Failure) [PSYoungGen: 64960K->1472K(64512K)] 441068K->377580K(585728K), 0.0024635 secs] [Times: user=0.00 sys=0.00, real=0.00 secs] 
1613.104: [GC (Allocation Failure) [PSYoungGen: 64448K->1501K(64000K)] 440556K->377625K(585216K), 0.0017029 secs] [Times: user=0.01 sys=0.00, real=0.01 secs] 
1613.231: [GC (Allocation Failure) [PSYoungGen: 63965K->1424K(70144K)] 440089K->377572K(591360K), 0.0020291 secs] [Times: user=0.01 sys=0.00, real=0.00 secs] 
1613.436: [GC (Allocation Failure) [PSYoungGen: 69520K->1696K(70144K)] 445668K->377867K(591360K), 0.0020575 secs] [Times: user=0.01 sys=0.00, real=0.00 secs] 
1614.049: [GC (Allocation Failure) [PSYoungGen: 69792K->1360K(69120K)] 445963K->377531K(590336K), 0.0031513 secs] [Times: user=0.01 sys=0.00, real=0.00 secs] 
1614.332: [GC (Allocation Failure) [PSYoungGen: 68944K->1376K(68608K)] 445115K->377547K(589824K), 0.0026227 secs] [Times: user=0.01 sys=0.00, real=0.00 secs] 
1614.612: [GC (Allocation Failure) [PSYoungGen: 68448K->1376K(68096K)] 444619K->377547K(589312K), 0.0023305 secs] [Times: user=0.01 sys=0.00, real=0.00 secs] 
1615.030: [GC (Allocation Failure) [PSYoungGen: 67936K->1376K(67584K)] 444107K->377547K(588800K), 0.0023028 secs] [Times: user=0.01 sys=0.00, real=0.00 secs] 
1615.227: [GC (Allocation Failure) [PSYoungGen: 67424K->1501K(67072K)] 443595K->377673K(588288K), 0.0017064 secs] [Times: user=0.01 sys=0.00, real=0.00 secs] 
1615.343: [GC (Allocation Failure) [PSYoungGen: 67037K->1485K(66560K)] 443209K->377657K(587776K), 0.0017650 secs] [Times: user=0.01 sys=0.00, real=0.00 secs] 
1615.459: [GC (Allocation Failure) [PSYoungGen: 66509K->1469K(67072K)] 442681K->377665K(588288K), 0.0017365 secs] [Times: user=0.01 sys=0.00, real=0.00 secs] 
1615.574: [GC (Allocation Failure) [PSYoungGen: 66493K->1469K(73216K)] 442689K->377665K(594432K), 0.0017297 secs] [Times: user=0.00 sys=0.00, real=0.01 secs] 
1616.688: [GC (Allocation Failure) [PSYoungGen: 72637K->1408K(73216K)] 448833K->377603K(594432K), 0.0044194 secs] [Times: user=0.02 sys=0.00, real=0.00 secs] 
1617.688: [GC (Allocation Failure) [PSYoungGen: 72576K->1376K(72192K)] 448771K->377571K(593408K), 0.0041550 secs] [Times: user=0.01 sys=0.00, real=0.00 secs] 
1618.326: [GC (Allocation Failure) [PSYoungGen: 72032K->1408K(71680K)] 448227K->377603K(592896K), 0.0052438 secs] [Times: user=0.02 sys=0.00, real=0.00 secs] 
1619.125: [GC (Allocation Failure) [PSYoungGen: 71552K->1408K(71168K)] 447747K->377603K(592384K), 0.0032375 secs] [Times: user=0.01 sys=0.00, real=0.01 secs] 
1619.345: [GC (Allocation Failure) [PSYoungGen: 71040K->1565K(71168K)] 447235K->377761K(592384K), 0.0018688 secs] [Times: user=0.01 sys=0.00, real=0.01 secs] 
1619.467: [GC (Allocation Failure) [PSYoungGen: 70685K->461K(69120K)] 446881K->377681K(590336K), 0.0018165 secs] [Times: user=0.01 sys=0.00, real=0.00 secs] 
1619.588: [GC (Allocation Failure) [PSYoungGen: 69069K->432K(76288K)] 446289K->377676K(597504K), 0.0015684 secs] [Times: user=0.00 sys=0.00, real=0.00 secs] 
1619.851: [GC (Allocation Failure) [PSYoungGen: 74672K->1504K(75264K)] 451916K->378747K(596480K), 0.0021958 secs] [Times: user=0.01 sys=0.00, real=0.00 secs] 
1620.597: [GC (Allocation Failure) [PSYoungGen: 75232K->1376K(74752K)] 452475K->378619K(595968K), 0.0036360 secs] [Times: user=0.02 sys=0.00, real=0.00 secs] 
1621.480: [GC (Allocation Failure) [PSYoungGen: 74592K->1408K(74240K)] 451835K->378651K(595456K), 0.0043615 secs] [Times: user=0.02 sys=0.00, real=0.00 secs] 
1622.149: [GC (Allocation Failure) [PSYoungGen: 74112K->1360K(73728K)] 451355K->378603K(594944K), 0.0037597 secs] [Times: user=0.02 sys=0.00, real=0.00 secs] 
1622.599: [GC (Allocation Failure) [PSYoungGen: 73552K->1501K(73216K)] 450795K->378745K(594432K), 0.0022041 secs] [Times: user=0.01 sys=0.00, real=0.00 secs] 
1622.748: [GC (Allocation Failure) [PSYoungGen: 73181K->1501K(72704K)] 450425K->378745K(593920K), 0.0018290 secs] [Times: user=0.01 sys=0.00, real=0.00 secs] 
1622.873: [GC (Allocation Failure) [PSYoungGen: 72669K->1501K(72192K)] 449913K->378745K(593408K), 0.0017100 secs] [Times: user=0.01 sys=0.00, real=0.00 secs] 
1623.018: [GC (Allocation Failure) [PSYoungGen: 72157K->1533K(73216K)] 449401K->378777K(594432K), 0.0020849 secs] [Times: user=0.01 sys=0.00, real=0.00 secs] 
1623.871: [GC (Allocation Failure) [PSYoungGen: 72701K->1440K(72192K)] 449945K->378699K(593408K), 0.0028876 secs] [Times: user=0.01 sys=0.00, real=0.00 secs] 
1624.457: [GC (Allocation Failure) [PSYoungGen: 72096K->1360K(71680K)] 449355K->378643K(592896K), 0.0030652 secs] [Times: user=0.02 sys=0.00, real=0.00 secs] 
1625.059: [GC (Allocation Failure) [PSYoungGen: 71504K->1392K(71168K)] 448787K->378675K(592384K), 0.0024845 secs] [Times: user=0.01 sys=0.00, real=0.00 secs] 
1625.372: [GC (Allocation Failure) [PSYoungGen: 71024K->1408K(70656K)] 448307K->378691K(591872K), 0.0023114 secs] [Times: user=0.01 sys=0.00, real=0.00 secs] 
1625.551: [GC (Allocation Failure) [PSYoungGen: 70528K->1517K(70144K)] 447811K->378801K(591360K), 0.0017847 secs] [Times: user=0.01 sys=0.00, real=0.00 secs] 
1625.673: [GC (Allocation Failure) [PSYoungGen: 70117K->1533K(69632K)] 447400K->378817K(590848K), 0.0019266 secs] [Times: user=0.00 sys=0.00, real=0.00 secs] 
1625.795: [GC (Allocation Failure) [PSYoungGen: 69629K->1501K(75264K)] 446913K->378785K(596480K), 0.0017554 secs] [Times: user=0.01 sys=0.00, real=0.01 secs] 
1626.121: [GC (Allocation Failure) [PSYoungGen: 75229K->1472K(74752K)] 452513K->378763K(595968K), 0.0023780 secs] [Times: user=0.01 sys=0.00, real=0.00 secs] 
1626.651: [GC (Allocation Failure) [PSYoungGen: 74688K->1376K(74240K)] 451979K->378667K(595456K), 0.0023963 secs] [Times: user=0.01 sys=0.00, real=0.00 secs] 
1627.269: [GC (Allocation Failure) [PSYoungGen: 74080K->1360K(73728K)] 451371K->378651K(594944K), 0.0025219 secs] [Times: user=0.01 sys=0.00, real=0.00 secs] 
1627.918: [GC (Allocation Failure) [PSYoungGen: 73552K->1408K(73216K)] 450843K->378699K(594432K), 0.0027392 secs] [Times: user=0.01 sys=0.00, real=0.00 secs] 
1628.559: [GC (Allocation Failure) [PSYoungGen: 73088K->1504K(72704K)] 450379K->378796K(593920K), 0.0024391 secs] [Times: user=0.01 sys=0.00, real=0.00 secs] 
1628.723: [GC (Allocation Failure) [PSYoungGen: 72658K->1533K(72192K)] 449950K->378825K(593408K), 0.0018433 secs] [Times: user=0.01 sys=0.00, real=0.01 secs] 
1628.848: [GC (Allocation Failure) [PSYoungGen: 72189K->1533K(71680K)] 449481K->378825K(592896K), 0.0019778 secs] [Times: user=0.00 sys=0.00, real=0.00 secs] 
1628.972: [GC (Allocation Failure) [PSYoungGen: 71677K->1472K(72192K)] 448969K->378764K(593408K), 0.0018326 secs] [Times: user=0.01 sys=0.00, real=0.00 secs] 
1629.255: [GC (Allocation Failure) [PSYoungGen: 71616K->1472K(71168K)] 448908K->378779K(592384K), 0.0021840 secs] [Times: user=0.01 sys=0.00, real=0.01 secs] 
1629.545: [GC (Allocation Failure) [PSYoungGen: 71104K->1344K(70656K)] 448411K->378651K(591872K), 0.0022658 secs] [Times: user=0.01 sys=0.00, real=0.01 secs] 
1629.833: [GC (Allocation Failure) [PSYoungGen: 70464K->1376K(70144K)] 447771K->378683K(591360K), 0.0022359 secs] [Times: user=0.01 sys=0.00, real=0.00 secs] 
1630.118: [GC (Allocation Failure) [PSYoungGen: 69984K->1408K(69632K)] 447291K->378715K(590848K), 0.0022030 secs] [Times: user=0.01 sys=0.00, real=0.00 secs] 
1630.344: [GC (Allocation Failure) [PSYoungGen: 69504K->1424K(69120K)] 446811K->378732K(590336K), 0.0018931 secs] [Times: user=0.01 sys=0.00, real=0.01 secs] 
1630.463: [GC (Allocation Failure) [PSYoungGen: 68987K->1533K(69632K)] 446294K->378841K(590848K), 0.0018429 secs] [Times: user=0.00 sys=0.00, real=0.00 secs] 
1630.581: [GC (Allocation Failure) [PSYoungGen: 69117K->1517K(69632K)] 446425K->378825K(590848K), 0.0018185 secs] [Times: user=0.01 sys=0.00, real=0.00 secs] 
1630.701: [GC (Allocation Failure) [PSYoungGen: 69101K->1549K(75776K)] 446409K->378881K(596992K), 0.0019200 secs] [Times: user=0.01 sys=0.00, real=0.00 secs] 
1630.983: [GC (Allocation Failure) [PSYoungGen: 75277K->1408K(75776K)] 452609K->378739K(596992K), 0.0020857 secs] [Times: user=0.01 sys=0.00, real=0.01 secs] 
1631.572: [GC (Allocation Failure) [PSYoungGen: 75136K->1392K(81408K)] 452467K->378755K(602624K), 0.0045176 secs] [Times: user=0.02 sys=0.01, real=0.01 secs] 
1632.241: [GC (Allocation Failure) [PSYoungGen: 81264K->1408K(80896K)] 458627K->378771K(602112K), 0.0049704 secs] [Times: user=0.02 sys=0.01, real=0.01 secs] 
1632.962: [GC (Allocation Failure) [PSYoungGen: 80768K->1501K(80384K)] 458131K->378865K(601600K), 0.0022384 secs] [Times: user=0.01 sys=0.00, real=0.00 secs] 
1633.122: [GC (Allocation Failure) [PSYoungGen: 80349K->1469K(79872K)] 457713K->378833K(601088K), 0.0018354 secs] [Times: user=0.01 sys=0.00, real=0.00 secs] 
1633.260: [GC (Allocation Failure) [PSYoungGen: 79805K->1533K(79360K)] 457169K->378897K(600576K), 0.0018632 secs] [Times: user=0.00 sys=0.00, real=0.00 secs] 
1633.421: [GC (Allocation Failure) [PSYoungGen: 79357K->1533K(79872K)] 456721K->378897K(601088K), 0.0021880 secs] [Times: user=0.01 sys=0.00, real=0.00 secs] 
1634.063: [GC (Allocation Failure) [PSYoungGen: 79357K->1408K(78848K)] 456721K->378779K(600064K), 0.0023516 secs] [Times: user=0.01 sys=0.00, real=0.01 secs] 
1634.859: [GC (Allocation Failure) [PSYoungGen: 78720K->1392K(78336K)] 456091K->378763K(599552K), 0.0047842 secs] [Times: user=0.01 sys=0.01, real=0.00 secs] 
1635.651: [GC (Allocation Failure) [PSYoungGen: 78192K->1376K(77824K)] 455563K->378747K(599040K), 0.0035058 secs] [Times: user=0.01 sys=0.00, real=0.00 secs] 
1636.380: [GC (Allocation Failure) [PSYoungGen: 77664K->1501K(77312K)] 455035K->378873K(598528K), 0.0036544 secs] [Times: user=0.01 sys=0.00, real=0.00 secs] 
1636.606: [GC (Allocation Failure) [PSYoungGen: 77277K->1533K(76800K)] 454649K->378905K(598016K), 0.0019271 secs] [Times: user=0.01 sys=0.00, real=0.00 secs] 
1636.759: [GC (Allocation Failure) [PSYoungGen: 76797K->1501K(76288K)] 454169K->378873K(597504K), 0.0021640 secs] [Times: user=0.01 sys=0.00, real=0.00 secs] 
1636.926: [GC (Allocation Failure) [PSYoungGen: 76253K->1501K(75776K)] 453625K->378873K(596992K), 0.0022203 secs] [Times: user=0.01 sys=0.00, real=0.00 secs] 
1637.357: [GC (Allocation Failure) [PSYoungGen: 75741K->1440K(75264K)] 453113K->378811K(596480K), 0.0024251 secs] [Times: user=0.01 sys=0.00, real=0.00 secs] 
1637.732: [GC (Allocation Failure) [PSYoungGen: 75168K->1408K(74752K)] 452539K->378779K(595968K), 0.0022059 secs] [Times: user=0.01 sys=0.00, real=0.00 secs] 
1638.113: [GC (Allocation Failure) [PSYoungGen: 74624K->1408K(74240K)] 451995K->378779K(595456K), 0.0024385 secs] [Times: user=0.01 sys=0.00, real=0.01 secs] 
1638.468: [GC (Allocation Failure) [PSYoungGen: 74112K->1408K(73728K)] 451483K->378779K(594944K), 0.0021871 secs] [Times: user=0.01 sys=0.00, real=0.00 secs] 
1638.650: [GC (Allocation Failure) [PSYoungGen: 73600K->1485K(73216K)] 450971K->378857K(594432K), 0.0018681 secs] [Times: user=0.00 sys=0.00, real=0.00 secs] 
1638.775: [GC (Allocation Failure) [PSYoungGen: 73165K->1517K(79360K)] 450537K->378889K(600576K), 0.0021489 secs] [Times: user=0.01 sys=0.00, real=0.00 secs] 
1638.913: [GC (Allocation Failure) [PSYoungGen: 79341K->1533K(80384K)] 456713K->378905K(601600K), 0.0018161 secs] [Times: user=0.00 sys=0.00, real=0.00 secs] 
1639.289: [GC (Allocation Failure) [PSYoungGen: 79869K->1472K(79360K)] 457241K->378843K(600576K), 0.0020020 secs] [Times: user=0.01 sys=0.01, real=0.00 secs] 
1639.940: [GC (Allocation Failure) [PSYoungGen: 79296K->1424K(78848K)] 456667K->378795K(600064K), 0.0021132 secs] [Times: user=0.01 sys=0.00, real=0.00 secs] 
1640.587: [GC (Allocation Failure) [PSYoungGen: 78736K->1376K(78336K)] 456107K->378747K(599552K), 0.0034883 secs] [Times: user=0.01 sys=0.00, real=0.00 secs] 
1641.539: [GC (Allocation Failure) [PSYoungGen: 78176K->1360K(77824K)] 455547K->378731K(599040K), 0.0038467 secs] [Times: user=0.01 sys=0.00, real=0.00 secs] 
1642.023: [GC (Allocation Failure) [PSYoungGen: 77648K->1533K(77312K)] 455019K->378905K(598528K), 0.0022817 secs] [Times: user=0.01 sys=0.00, real=0.00 secs] 
1642.168: [GC (Allocation Failure) [PSYoungGen: 77309K->1504K(76800K)] 454681K->378876K(598016K), 0.0020164 secs] [Times: user=0.01 sys=0.00, real=0.00 secs] 
1642.303: [GC (Allocation Failure) [PSYoungGen: 76768K->1517K(76288K)] 454140K->378889K(597504K), 0.0019730 secs] [Times: user=0.01 sys=0.00, real=0.00 secs] 
1642.884: [GC (Allocation Failure) [PSYoungGen: 76269K->1440K(75776K)] 453641K->378811K(596992K), 0.0031171 secs] [Times: user=0.01 sys=0.00, real=0.01 secs] 
1643.823: [GC (Allocation Failure) [PSYoungGen: 75680K->1376K(75264K)] 453051K->378763K(596480K), 0.0036099 secs] [Times: user=0.02 sys=0.00, real=0.01 secs] 
1644.747: [GC (Allocation Failure) [PSYoungGen: 75104K->1408K(74752K)] 452491K->378795K(595968K), 0.0033589 secs] [Times: user=0.01 sys=0.00, real=0.00 secs] 
1645.671: [GC (Allocation Failure) [PSYoungGen: 74624K->1424K(74240K)] 452011K->378811K(595456K), 0.0045128 secs] [Times: user=0.02 sys=0.00, real=0.01 secs] 
1646.203: [GC (Allocation Failure) [PSYoungGen: 74128K->1517K(73728K)] 451515K->378905K(594944K), 0.0026069 secs] [Times: user=0.01 sys=0.00, real=0.01 secs] 
1646.361: [GC (Allocation Failure) [PSYoungGen: 73709K->1501K(73216K)] 451097K->378889K(594432K), 0.0017986 secs] [Times: user=0.01 sys=0.00, real=0.00 secs] 
1646.486: [GC (Allocation Failure) [PSYoungGen: 73181K->1453K(72704K)] 450569K->378841K(593920K), 0.0023103 secs] [Times: user=0.01 sys=0.00, real=0.00 secs] 
1646.614: [GC (Allocation Failure) [PSYoungGen: 72621K->1517K(79360K)] 450009K->378905K(600576K), 0.0018374 secs] [Times: user=0.01 sys=0.00, real=0.01 secs] 
1647.254: [GC (Allocation Failure) [PSYoungGen: 79341K->1440K(78848K)] 456729K->378827K(600064K), 0.0021464 secs] [Times: user=0.00 sys=0.00, real=0.01 secs] 
1648.096: [GC (Allocation Failure) [PSYoungGen: 78752K->1376K(78336K)] 456139K->378763K(599552K), 0.0037380 secs] [Times: user=0.02 sys=0.00, real=0.00 secs] 
1648.790: [GC (Allocation Failure) [PSYoungGen: 78176K->1408K(77824K)] 455563K->378795K(599040K), 0.0037470 secs] [Times: user=0.02 sys=0.00, real=0.00 secs] 
1649.166: [GC (Allocation Failure) [PSYoungGen: 77696K->1549K(77824K)] 455083K->378937K(599040K), 0.0021159 secs] [Times: user=0.01 sys=0.00, real=0.00 secs] 
1649.303: [GC (Allocation Failure) [PSYoungGen: 77325K->1533K(76800K)] 454713K->378921K(598016K), 0.0019068 secs] [Times: user=0.01 sys=0.00, real=0.00 secs] 
1649.434: [GC (Allocation Failure) [PSYoungGen: 76797K->1517K(76288K)] 454185K->378905K(597504K), 0.0016642 secs] [Times: user=0.01 sys=0.00, real=0.01 secs] 
1649.587: [GC (Allocation Failure) [PSYoungGen: 76269K->1501K(77312K)] 453657K->378889K(598528K), 0.0021234 secs] [Times: user=0.01 sys=0.00, real=0.00 secs] 
1650.314: [GC (Allocation Failure) [PSYoungGen: 76765K->1408K(76288K)] 454153K->378795K(597504K), 0.0033735 secs] [Times: user=0.01 sys=0.00, real=0.01 secs] 
1651.238: [GC (Allocation Failure) [PSYoungGen: 76160K->1376K(75776K)] 453547K->378763K(596992K), 0.0047099 secs] [Times: user=0.02 sys=0.00, real=0.00 secs] 
1652.136: [GC (Allocation Failure) [PSYoungGen: 75616K->1376K(75264K)] 453003K->378763K(596480K), 0.0035210 secs] [Times: user=0.01 sys=0.00, real=0.00 secs] 
1652.784: [GC (Allocation Failure) [PSYoungGen: 75104K->1501K(74752K)] 452491K->378889K(595968K), 0.0028145 secs] [Times: user=0.01 sys=0.00, real=0.01 secs] 
1652.959: [GC (Allocation Failure) [PSYoungGen: 74704K->1453K(74240K)] 452092K->378841K(595456K), 0.0017768 secs] [Times: user=0.01 sys=0.00, real=0.00 secs] 
1653.087: [GC (Allocation Failure) [PSYoungGen: 74157K->1533K(73728K)] 451545K->378921K(594944K), 0.0018867 secs] [Times: user=0.00 sys=0.00, real=0.00 secs] 
1653.214: [GC (Allocation Failure) [PSYoungGen: 73725K->1485K(79872K)] 451113K->378873K(601088K), 0.0019094 secs] [Times: user=0.01 sys=0.00, real=0.01 secs] 
1654.117: [GC (Allocation Failure) [PSYoungGen: 79821K->1472K(79360K)] 457209K->378859K(600576K), 0.0023625 secs] [Times: user=0.01 sys=0.00, real=0.00 secs] 
1655.793: [GC (Allocation Failure) [PSYoungGen: 79296K->1360K(78848K)] 456683K->378771K(600064K), 0.0053558 secs] [Times: user=0.03 sys=0.00, real=0.01 secs] 
1656.870: [GC (Allocation Failure) [PSYoungGen: 78672K->1376K(78336K)] 456083K->378787K(599552K), 0.0035320 secs] [Times: user=0.01 sys=0.00, real=0.00 secs] 
1657.523: [GC (Allocation Failure) [PSYoungGen: 78176K->1376K(77824K)] 455587K->378787K(599040K), 0.0027126 secs] [Times: user=0.01 sys=0.00, real=0.01 secs] 
1657.736: [GC (Allocation Failure) [PSYoungGen: 77664K->1469K(77312K)] 455075K->378881K(598528K), 0.0018854 secs] [Times: user=0.01 sys=0.00, real=0.00 secs] 
1657.870: [GC (Allocation Failure) [PSYoungGen: 77245K->1504K(76800K)] 454657K->378916K(598016K), 0.0017834 secs] [Times: user=0.01 sys=0.00, real=0.00 secs] 
1658.004: [GC (Allocation Failure) [PSYoungGen: 76768K->1533K(76288K)] 454180K->378945K(597504K), 0.0018719 secs] [Times: user=0.01 sys=0.00, real=0.01 secs] 
1658.566: [GC (Allocation Failure) [PSYoungGen: 76285K->1456K(75776K)] 453697K->378875K(596992K), 0.0036602 secs] [Times: user=0.02 sys=0.00, real=0.00 secs] 
1659.273: [GC (Allocation Failure) [PSYoungGen: 75696K->1376K(75264K)] 453115K->378795K(596480K), 0.0032339 secs] [Times: user=0.01 sys=0.00, real=0.01 secs] 
1659.709: [GC (Allocation Failure) [PSYoungGen: 75104K->1408K(74752K)] 452523K->378827K(595968K), 0.0023319 secs] [Times: user=0.01 sys=0.00, real=0.00 secs] 
1660.240: [GC (Allocation Failure) [PSYoungGen: 74624K->1408K(74240K)] 452043K->378827K(595456K), 0.0022417 secs] [Times: user=0.01 sys=0.00, real=0.00 secs] 
1660.665: [GC (Allocation Failure) [PSYoungGen: 74112K->1517K(73728K)] 451531K->378937K(594944K), 0.0017805 secs] [Times: user=0.00 sys=0.00, real=0.01 secs] 
1660.812: [GC (Allocation Failure) [PSYoungGen: 73709K->1501K(73216K)] 451129K->378921K(594432K), 0.0025469 secs] [Times: user=0.01 sys=0.00, real=0.00 secs] 
1660.981: [GC (Allocation Failure) [PSYoungGen: 73173K->1501K(72704K)] 450593K->378921K(593920K), 0.0024100 secs] [Times: user=0.01 sys=0.00, real=0.00 secs] 
1661.463: [GC (Allocation Failure) [PSYoungGen: 72669K->1408K(72192K)] 450089K->378827K(593408K), 0.0033375 secs] [Times: user=0.01 sys=0.00, real=0.01 secs] 
1662.834: [GC (Allocation Failure) [PSYoungGen: 72064K->1424K(71680K)] 449483K->378851K(592896K), 0.0046761 secs] [Times: user=0.02 sys=0.00, real=0.01 secs] 
1663.205: [GC (Allocation Failure) [PSYoungGen: 71568K->1408K(71168K)] 448995K->378835K(592384K), 0.0023562 secs] [Times: user=0.01 sys=0.00, real=0.01 secs] 
1663.681: [GC (Allocation Failure) [PSYoungGen: 71040K->1376K(70656K)] 448467K->378803K(591872K), 0.0023637 secs] [Times: user=0.01 sys=0.00, real=0.00 secs] 
1664.202: [GC (Allocation Failure) [PSYoungGen: 70496K->1472K(70144K)] 447923K->378924K(591360K), 0.0024409 secs] [Times: user=0.01 sys=0.00, real=0.00 secs] 
1664.345: [GC (Allocation Failure) [PSYoungGen: 70080K->1501K(69632K)] 447532K->378953K(590848K), 0.0018362 secs] [Times: user=0.01 sys=0.00, real=0.01 secs] 
1664.465: [GC (Allocation Failure) [PSYoungGen: 69597K->1485K(69120K)] 447049K->378937K(590336K), 0.0019231 secs] [Times: user=0.01 sys=0.00, real=0.01 secs] 
1664.586: [GC (Allocation Failure) [PSYoungGen: 69069K->1501K(69632K)] 446521K->378953K(590848K), 0.0016590 secs] [Times: user=0.01 sys=0.00, real=0.00 secs] 
1665.431: [GC (Allocation Failure) [PSYoungGen: 69085K->1408K(68608K)] 446537K->378867K(589824K), 0.0031996 secs] [Times: user=0.02 sys=0.00, real=0.00 secs] 
1666.061: [GC (Allocation Failure) [PSYoungGen: 68480K->1408K(68096K)] 445939K->378867K(589312K), 0.0028258 secs] [Times: user=0.01 sys=0.00, real=0.00 secs] 
1667.033: [GC (Allocation Failure) [PSYoungGen: 67968K->1392K(67584K)] 445427K->378851K(588800K), 0.0033740 secs] [Times: user=0.01 sys=0.00, real=0.01 secs] 
1667.781: [GC (Allocation Failure) [PSYoungGen: 67440K->1392K(67072K)] 444899K->378851K(588288K), 0.0046286 secs] [Times: user=0.02 sys=0.00, real=0.01 secs] 
1668.460: [GC (Allocation Failure) [PSYoungGen: 66928K->1453K(66560K)] 444387K->378913K(587776K), 0.0030945 secs] [Times: user=0.01 sys=0.00, real=0.00 secs] 
1668.643: [GC (Allocation Failure) [PSYoungGen: 66477K->1565K(66560K)] 443937K->379025K(587776K), 0.0018467 secs] [Times: user=0.01 sys=0.00, real=0.00 secs] 
1668.757: [GC (Allocation Failure) [PSYoungGen: 66077K->1533K(65536K)] 443537K->378993K(586752K), 0.0018245 secs] [Times: user=0.00 sys=0.00, real=0.00 secs] 
1668.870: [GC (Allocation Failure) [PSYoungGen: 65533K->1501K(66048K)] 442993K->378977K(587264K), 0.0018584 secs] [Times: user=0.01 sys=0.00, real=0.00 secs] 
1669.071: [GC (Allocation Failure) [PSYoungGen: 66013K->1728K(66560K)] 443489K->379203K(587776K), 0.0020235 secs] [Times: user=0.01 sys=0.00, real=0.00 secs] 
1669.820: [GC (Allocation Failure) [PSYoungGen: 66240K->1376K(65536K)] 443715K->378851K(586752K), 0.0044295 secs] [Times: user=0.02 sys=0.01, real=0.00 secs] 
1670.412: [GC (Allocation Failure) [PSYoungGen: 65376K->1360K(65024K)] 442851K->378835K(586240K), 0.0033126 secs] [Times: user=0.01 sys=0.00, real=0.01 secs] 
1670.927: [GC (Allocation Failure) [PSYoungGen: 64848K->1408K(64512K)] 442323K->378883K(585728K), 0.0029805 secs] [Times: user=0.01 sys=0.00, real=0.00 secs] 
1671.614: [GC (Allocation Failure) [PSYoungGen: 64384K->1408K(64000K)] 441859K->378883K(585216K), 0.0046599 secs] [Times: user=0.01 sys=0.00, real=0.01 secs] 
1672.014: [GC (Allocation Failure) [PSYoungGen: 63872K->1517K(63488K)] 441347K->378993K(584704K), 0.0023946 secs] [Times: user=0.01 sys=0.00, real=0.01 secs] 
1672.149: [GC (Allocation Failure) [PSYoungGen: 63469K->1469K(62976K)] 440945K->378945K(584192K), 0.0017191 secs] [Times: user=0.01 sys=0.00, real=0.00 secs] 
1672.257: [GC (Allocation Failure) [PSYoungGen: 62909K->1533K(68608K)] 440385K->379025K(589824K), 0.0017976 secs] [Times: user=0.01 sys=0.00, real=0.00 secs] 
1672.376: [GC (Allocation Failure) [PSYoungGen: 68605K->1517K(69120K)] 446097K->379009K(590336K), 0.0018337 secs] [Times: user=0.01 sys=0.00, real=0.00 secs] 
1672.626: [GC (Allocation Failure) [PSYoungGen: 68589K->1408K(75776K)] 446081K->378899K(596992K), 0.0031298 secs] [Times: user=0.02 sys=0.00, real=0.00 secs] 
1672.934: [GC (Allocation Failure) [PSYoungGen: 75136K->1376K(75776K)] 452627K->378891K(596992K), 0.0021148 secs] [Times: user=0.01 sys=0.00, real=0.01 secs] 
1673.241: [GC (Allocation Failure) [PSYoungGen: 75104K->1376K(74752K)] 452619K->378891K(595968K), 0.0022127 secs] [Times: user=0.01 sys=0.00, real=0.00 secs] 
1673.545: [GC (Allocation Failure) [PSYoungGen: 74592K->1408K(74240K)] 452107K->378923K(595456K), 0.0022899 secs] [Times: user=0.01 sys=0.01, real=0.00 secs] 
1673.754: [GC (Allocation Failure) [PSYoungGen: 74112K->1453K(73728K)] 451627K->378969K(594944K), 0.0017217 secs] [Times: user=0.01 sys=0.00, real=0.01 secs] 
1673.882: [GC (Allocation Failure) [PSYoungGen: 73645K->1501K(73216K)] 451161K->379017K(594432K), 0.0016471 secs] [Times: user=0.00 sys=0.00, real=0.00 secs] 
1674.008: [GC (Allocation Failure) [PSYoungGen: 73181K->1469K(79360K)] 450697K->379001K(600576K), 0.0017694 secs] [Times: user=0.01 sys=0.00, real=0.00 secs] 
1674.326: [GC (Allocation Failure) [PSYoungGen: 79293K->1440K(78848K)] 456825K->378971K(600064K), 0.0020557 secs] [Times: user=0.01 sys=0.00, real=0.00 secs] 
1675.353: [GC (Allocation Failure) [PSYoungGen: 78752K->1408K(78336K)] 456283K->378939K(599552K), 0.0045426 secs] [Times: user=0.02 sys=0.00, real=0.01 secs] 
1676.113: [GC (Allocation Failure) [PSYoungGen: 78208K->1424K(77824K)] 455739K->378955K(599040K), 0.0027718 secs] [Times: user=0.01 sys=0.00, real=0.01 secs] 
1676.841: [GC (Allocation Failure) [PSYoungGen: 77712K->1408K(77312K)] 455243K->378939K(598528K), 0.0028710 secs] [Times: user=0.01 sys=0.00, real=0.00 secs] 
1677.309: [GC (Allocation Failure) [PSYoungGen: 77184K->1501K(76800K)] 454715K->379033K(598016K), 0.0023497 secs] [Times: user=0.01 sys=0.01, real=0.00 secs] 
1677.448: [GC (Allocation Failure) [PSYoungGen: 76765K->1485K(76288K)] 454297K->379017K(597504K), 0.0018955 secs] [Times: user=0.01 sys=0.00, real=0.00 secs] 
1677.580: [GC (Allocation Failure) [PSYoungGen: 76237K->1501K(75776K)] 453769K->379033K(596992K), 0.0019678 secs] [Times: user=0.01 sys=0.00, real=0.00 secs] 
1677.803: [GC (Allocation Failure) [PSYoungGen: 75741K->1984K(75776K)] 453273K->379515K(596992K), 0.0020655 secs] [Times: user=0.01 sys=0.00, real=0.00 secs] 
1678.481: [GC (Allocation Failure) [PSYoungGen: 75712K->1408K(74752K)] 453243K->378939K(595968K), 0.0019883 secs] [Times: user=0.00 sys=0.00, real=0.00 secs] 
1678.983: [GC (Allocation Failure) [PSYoungGen: 74624K->1376K(74240K)] 452155K->378907K(595456K), 0.0022823 secs] [Times: user=0.01 sys=0.00, real=0.01 secs] 
1679.282: [GC (Allocation Failure) [PSYoungGen: 74080K->1376K(73728K)] 451611K->378907K(594944K), 0.0022954 secs] [Times: user=0.01 sys=0.00, real=0.00 secs] 
1679.861: [GC (Allocation Failure) [PSYoungGen: 73568K->1501K(73216K)] 451099K->379033K(594432K), 0.0022065 secs] [Times: user=0.01 sys=0.00, real=0.00 secs] 
1680.002: [GC (Allocation Failure) [PSYoungGen: 73181K->1485K(72704K)] 450713K->379017K(593920K), 0.0018828 secs] [Times: user=0.01 sys=0.00, real=0.00 secs] 
1680.128: [GC (Allocation Failure) [PSYoungGen: 72653K->1533K(72192K)] 450185K->379065K(593408K), 0.0019095 secs] [Times: user=0.01 sys=0.00, real=0.00 secs] 
1680.252: [GC (Allocation Failure) [PSYoungGen: 72189K->1472K(73216K)] 449721K->379004K(594432K), 0.0018024 secs] [Times: user=0.01 sys=0.00, real=0.00 secs] 
1681.009: [GC (Allocation Failure) [PSYoungGen: 72640K->1408K(72192K)] 450172K->378939K(593408K), 0.0031761 secs] [Times: user=0.01 sys=0.00, real=0.00 secs] 
1681.934: [GC (Allocation Failure) [PSYoungGen: 72064K->1344K(71680K)] 449595K->378875K(592896K), 0.0047713 secs] [Times: user=0.02 sys=0.01, real=0.01 secs] 
1682.499: [GC (Allocation Failure) [PSYoungGen: 71488K->1360K(71168K)] 449019K->378891K(592384K), 0.0030656 secs] [Times: user=0.01 sys=0.00, real=0.00 secs] 
1683.183: [GC (Allocation Failure) [PSYoungGen: 70992K->1344K(70656K)] 448523K->378875K(591872K), 0.0036577 secs] [Times: user=0.01 sys=0.01, real=0.01 secs] 
1683.583: [GC (Allocation Failure) [PSYoungGen: 70464K->1501K(70144K)] 447995K->379057K(591360K), 0.0024911 secs] [Times: user=0.01 sys=0.00, real=0.00 secs] 
1683.720: [GC (Allocation Failure) [PSYoungGen: 70109K->1453K(69632K)] 447665K->379009K(590848K), 0.0017701 secs] [Times: user=0.01 sys=0.00, real=0.00 secs] 
1683.840: [GC (Allocation Failure) [PSYoungGen: 69549K->1501K(69120K)] 447105K->379057K(590336K), 0.0017223 secs] [Times: user=0.00 sys=0.00, real=0.00 secs] 
1683.979: [GC (Allocation Failure) [PSYoungGen: 69085K->1501K(75264K)] 446641K->379073K(596480K), 0.0020741 secs] [Times: user=0.01 sys=0.00, real=0.00 secs] 
1684.294: [GC (Allocation Failure) [PSYoungGen: 74717K->1408K(75776K)] 452289K->378979K(596992K), 0.0020866 secs] [Times: user=0.01 sys=0.00, real=0.01 secs] 
1684.601: [GC (Allocation Failure) [PSYoungGen: 75136K->1408K(74752K)] 452707K->378979K(595968K), 0.0021177 secs] [Times: user=0.00 sys=0.00, real=0.00 secs] 
1684.907: [GC (Allocation Failure) [PSYoungGen: 74624K->1376K(74240K)] 452195K->378947K(595456K), 0.0027210 secs] [Times: user=0.01 sys=0.00, real=0.00 secs] 
1685.277: [GC (Allocation Failure) [PSYoungGen: 73944K->288K(72704K)] 451516K->377859K(593920K), 0.0024965 secs] [Times: user=0.01 sys=0.00, real=0.00 secs] 
1685.484: [GC (Allocation Failure) [PSYoungGen: 72480K->1517K(73216K)] 450051K->379089K(594432K), 0.0026936 secs] [Times: user=0.01 sys=0.00, real=0.01 secs] 
1685.693: [GC (Allocation Failure) [PSYoungGen: 73197K->1533K(72704K)] 450769K->379105K(593920K), 0.0023417 secs] [Times: user=0.01 sys=0.00, real=0.00 secs] 
1685.845: [GC (Allocation Failure) [PSYoungGen: 72701K->1453K(73216K)] 450273K->379025K(594432K), 0.0018271 secs] [Times: user=0.01 sys=0.00, real=0.01 secs] 
1687.360: [GC (Allocation Failure) [PSYoungGen: 72621K->1472K(72192K)] 450193K->379043K(593408K), 0.0051264 secs] [Times: user=0.02 sys=0.00, real=0.00 secs] 
1688.397: [GC (Allocation Failure) [PSYoungGen: 72128K->1408K(71680K)] 449699K->378979K(592896K), 0.0037601 secs] [Times: user=0.01 sys=0.00, real=0.00 secs] 
1688.712: [GC (Allocation Failure) [PSYoungGen: 71552K->1376K(71168K)] 449123K->378947K(592384K), 0.0024534 secs] [Times: user=0.02 sys=0.00, real=0.00 secs] 
1689.078: [GC (Allocation Failure) [PSYoungGen: 71008K->1408K(70656K)] 448579K->378979K(591872K), 0.0023326 secs] [Times: user=0.01 sys=0.00, real=0.00 secs] 
1689.497: [GC (Allocation Failure) [PSYoungGen: 70528K->1469K(70144K)] 448099K->379041K(591360K), 0.0022473 secs] [Times: user=0.01 sys=0.00, real=0.00 secs] 
1689.628: [GC (Allocation Failure) [PSYoungGen: 70076K->1501K(69632K)] 447647K->379073K(590848K), 0.0018962 secs] [Times: user=0.01 sys=0.00, real=0.00 secs] 
1689.747: [GC (Allocation Failure) [PSYoungGen: 69597K->1488K(70144K)] 447169K->379060K(591360K), 0.0019545 secs] [Times: user=0.01 sys=0.00, real=0.00 secs] 
1689.885: [GC (Allocation Failure) [PSYoungGen: 69584K->1517K(76288K)] 447156K->379089K(597504K), 0.0018513 secs] [Times: user=0.01 sys=0.00, real=0.00 secs] 
1690.339: [GC (Allocation Failure) [PSYoungGen: 75757K->1424K(75264K)] 453329K->378995K(596480K), 0.0023431 secs] [Times: user=0.01 sys=0.00, real=0.00 secs] 
1690.951: [GC (Allocation Failure) [PSYoungGen: 75152K->1408K(74752K)] 452723K->378979K(595968K), 0.0038882 secs] [Times: user=0.01 sys=0.00, real=0.00 secs] 
1691.274: [GC (Allocation Failure) [PSYoungGen: 74624K->1376K(74240K)] 452195K->378947K(595456K), 0.0032343 secs] [Times: user=0.01 sys=0.00, real=0.01 secs] 
1691.708: [GC (Allocation Failure) [PSYoungGen: 74080K->1408K(73728K)] 451651K->378979K(594944K), 0.0022388 secs] [Times: user=0.01 sys=0.00, real=0.00 secs] 
1691.964: [GC (Allocation Failure) [PSYoungGen: 73600K->1501K(73216K)] 451171K->379073K(594432K), 0.0018130 secs] [Times: user=0.00 sys=0.00, real=0.01 secs] 
1692.090: [GC (Allocation Failure) [PSYoungGen: 73181K->1501K(72704K)] 450753K->379073K(593920K), 0.0018653 secs] [Times: user=0.01 sys=0.00, real=0.00 secs] 
1692.217: [GC (Allocation Failure) [PSYoungGen: 72669K->1533K(73216K)] 450241K->379105K(594432K), 0.0018453 secs] [Times: user=0.01 sys=0.00, real=0.00 secs] 
1692.704: [GC (Allocation Failure) [PSYoungGen: 72701K->1472K(72192K)] 450273K->379067K(593408K), 0.0024886 secs] [Times: user=0.01 sys=0.00, real=0.01 secs] 
1693.450: [GC (Allocation Failure) [PSYoungGen: 72128K->1376K(71680K)] 449723K->378971K(592896K), 0.0028038 secs] [Times: user=0.01 sys=0.01, real=0.00 secs] 
1694.179: [GC (Allocation Failure) [PSYoungGen: 71520K->1376K(71168K)] 449115K->378971K(592384K), 0.0027395 secs] [Times: user=0.01 sys=0.00, real=0.00 secs] 
1694.795: [GC (Allocation Failure) [PSYoungGen: 71008K->1408K(70656K)] 448603K->379011K(591872K), 0.0028810 secs] [Times: user=0.01 sys=0.00, real=0.01 secs] 
1695.298: [GC (Allocation Failure) [PSYoungGen: 70528K->1469K(70144K)] 448131K->379073K(591360K), 0.0023899 secs] [Times: user=0.01 sys=0.00, real=0.00 secs] 
1695.499: [GC (Allocation Failure) [PSYoungGen: 70077K->1565K(70144K)] 447681K->379177K(591360K), 0.0028385 secs] [Times: user=0.01 sys=0.00, real=0.00 secs] 
1695.658: [GC (Allocation Failure) [PSYoungGen: 69661K->525K(68608K)] 447273K->379161K(589824K), 0.0017127 secs] [Times: user=0.01 sys=0.00, real=0.00 secs] 
1695.795: [GC (Allocation Failure) [PSYoungGen: 68109K->432K(75776K)] 446745K->379068K(596992K), 0.0019969 secs] [Times: user=0.01 sys=0.00, real=0.01 secs] 
1696.044: [GC (Allocation Failure) [PSYoungGen: 74160K->1472K(75776K)] 452796K->380107K(596992K), 0.0029966 secs] [Times: user=0.01 sys=0.00, real=0.01 secs] 
1696.362: [GC (Allocation Failure) [PSYoungGen: 75200K->1392K(74752K)] 453835K->380027K(595968K), 0.0024097 secs] [Times: user=0.01 sys=0.00, real=0.00 secs] 
1696.759: [GC (Allocation Failure) [PSYoungGen: 74608K->1424K(74240K)] 453243K->380059K(595456K), 0.0025471 secs] [Times: user=0.01 sys=0.00, real=0.00 secs] 
1697.316: [GC (Allocation Failure) [PSYoungGen: 74128K->1440K(73728K)] 452763K->380075K(594944K), 0.0023168 secs] [Times: user=0.01 sys=0.00, real=0.00 secs] 
1697.678: [GC (Allocation Failure) [PSYoungGen: 73632K->1501K(73216K)] 452267K->380137K(594432K), 0.0018869 secs] [Times: user=0.01 sys=0.00, real=0.00 secs] 
1697.803: [GC (Allocation Failure) [PSYoungGen: 73181K->1520K(72704K)] 451817K->380156K(593920K), 0.0018042 secs] [Times: user=0.00 sys=0.00, real=0.01 secs] 
1697.948: [GC (Allocation Failure) [PSYoungGen: 72688K->1517K(73216K)] 451324K->380153K(594432K), 0.0020701 secs] [Times: user=0.01 sys=0.00, real=0.00 secs] 
1698.106: [GC (Allocation Failure) [PSYoungGen: 72685K->1533K(73216K)] 451321K->380185K(594432K), 0.0021726 secs] [Times: user=0.01 sys=0.00, real=0.00 secs] 
1698.605: [GC (Allocation Failure) [PSYoungGen: 72701K->1408K(72192K)] 451353K->380059K(593408K), 0.0024317 secs] [Times: user=0.01 sys=0.00, real=0.00 secs] 
1698.923: [GC (Allocation Failure) [PSYoungGen: 72064K->1376K(71680K)] 450715K->380027K(592896K), 0.0023260 secs] [Times: user=0.01 sys=0.00, real=0.00 secs] 
1699.535: [GC (Allocation Failure) [PSYoungGen: 71520K->1376K(71168K)] 450171K->380027K(592384K), 0.0020436 secs] [Times: user=0.01 sys=0.00, real=0.00 secs] 
1700.115: [GC (Allocation Failure) [PSYoungGen: 71008K->1408K(70656K)] 449659K->380059K(591872K), 0.0047546 secs] [Times: user=0.01 sys=0.00, real=0.01 secs] 
1700.393: [GC (Allocation Failure) [PSYoungGen: 70528K->1533K(70144K)] 449179K->380185K(591360K), 0.0031031 secs] [Times: user=0.01 sys=0.00, real=0.01 secs] 
1700.520: [GC (Allocation Failure) [PSYoungGen: 70134K->1504K(69632K)] 448785K->380156K(590848K), 0.0018154 secs] [Times: user=0.01 sys=0.00, real=0.00 secs] 
1700.641: [GC (Allocation Failure) [PSYoungGen: 69600K->1533K(75776K)] 448252K->380185K(596992K), 0.0019077 secs] [Times: user=0.01 sys=0.00, real=0.00 secs] 
1701.037: [GC (Allocation Failure) [PSYoungGen: 75773K->1440K(76288K)] 454425K->380091K(597504K), 0.0036602 secs] [Times: user=0.02 sys=0.00, real=0.00 secs] 
1701.730: [GC (Allocation Failure) [PSYoungGen: 75680K->1376K(75264K)] 454331K->380027K(596480K), 0.0045390 secs] [Times: user=0.02 sys=0.00, real=0.00 secs] 
1702.672: [GC (Allocation Failure) [PSYoungGen: 75104K->1408K(74752K)] 453755K->380059K(595968K), 0.0037699 secs] [Times: user=0.02 sys=0.00, real=0.01 secs] 
1703.747: [GC (Allocation Failure) [PSYoungGen: 74624K->1408K(74240K)] 453275K->380067K(595456K), 0.0036062 secs] [Times: user=0.01 sys=0.01, real=0.00 secs] 
1704.352: [GC (Allocation Failure) [PSYoungGen: 74112K->1469K(73728K)] 452771K->380129K(594944K), 0.0025430 secs] [Times: user=0.01 sys=0.00, real=0.00 secs] 
1704.514: [GC (Allocation Failure) [PSYoungGen: 73661K->1504K(73216K)] 452321K->380164K(594432K), 0.0017691 secs] [Times: user=0.00 sys=0.00, real=0.01 secs] 
1704.640: [GC (Allocation Failure) [PSYoungGen: 73184K->1501K(72704K)] 451844K->380161K(593920K), 0.0019119 secs] [Times: user=0.01 sys=0.00, real=0.00 secs] 
1704.767: [GC (Allocation Failure) [PSYoungGen: 72669K->1504K(78848K)] 451329K->380164K(600064K), 0.0017632 secs] [Times: user=0.01 sys=0.00, real=0.00 secs] 
1705.194: [GC (Allocation Failure) [PSYoungGen: 78816K->1440K(78336K)] 457476K->380099K(599552K), 0.0019628 secs] [Times: user=0.01 sys=0.00, real=0.01 secs] 
1705.562: [GC (Allocation Failure) [PSYoungGen: 78240K->1408K(77824K)] 456899K->380067K(599040K), 0.0022178 secs] [Times: user=0.00 sys=0.01, real=0.00 secs] 
1705.932: [GC (Allocation Failure) [PSYoungGen: 77696K->1376K(77312K)] 456355K->380035K(598528K), 0.0021825 secs] [Times: user=0.01 sys=0.00, real=0.00 secs] 
1706.305: [GC (Allocation Failure) [PSYoungGen: 77152K->1533K(76800K)] 455811K->380193K(598016K), 0.0021888 secs] [Times: user=0.01 sys=0.00, real=0.01 secs] 
1706.440: [GC (Allocation Failure) [PSYoungGen: 76797K->1469K(76288K)] 455457K->380129K(597504K), 0.0018978 secs] [Times: user=0.01 sys=0.00, real=0.00 secs] 
1706.572: [GC (Allocation Failure) [PSYoungGen: 76221K->1501K(76800K)] 454881K->380161K(598016K), 0.0018399 secs] [Times: user=0.00 sys=0.00, real=0.00 secs] 
1706.704: [GC (Allocation Failure) [PSYoungGen: 76253K->1501K(76800K)] 454913K->380161K(598016K), 0.0018701 secs] [Times: user=0.01 sys=0.00, real=0.01 secs] 
1707.564: [GC (Allocation Failure) [PSYoungGen: 76253K->1456K(75776K)] 454913K->380123K(596992K), 0.0018678 secs] [Times: user=0.01 sys=0.00, real=0.01 secs] 
1708.622: [GC (Allocation Failure) [PSYoungGen: 75696K->1408K(75264K)] 454363K->380075K(596480K), 0.0022385 secs] [Times: user=0.01 sys=0.00, real=0.00 secs] 
1709.602: [GC (Allocation Failure) [PSYoungGen: 75136K->1376K(74752K)] 453803K->380043K(595968K), 0.0023682 secs] [Times: user=0.01 sys=0.00, real=0.00 secs] 
1709.980: [GC (Allocation Failure) [PSYoungGen: 74592K->1360K(74240K)] 453259K->380027K(595456K), 0.0025453 secs] [Times: user=0.01 sys=0.00, real=0.00 secs] 
1710.154: [GC (Allocation Failure) [PSYoungGen: 74064K->1533K(73728K)] 452731K->380201K(594944K), 0.0017899 secs] [Times: user=0.01 sys=0.00, real=0.01 secs] 
1710.282: [GC (Allocation Failure) [PSYoungGen: 73725K->1485K(73216K)] 452393K->380153K(594432K), 0.0018543 secs] [Times: user=0.01 sys=0.00, real=0.00 secs] 
1710.410: [GC (Allocation Failure) [PSYoungGen: 73165K->1456K(79360K)] 451833K->380124K(600576K), 0.0018040 secs] [Times: user=0.01 sys=0.00, real=0.00 secs] 
1710.801: [GC (Allocation Failure) [PSYoungGen: 79280K->1408K(78848K)] 457948K->380075K(600064K), 0.0021980 secs] [Times: user=0.01 sys=0.00, real=0.00 secs] 
1711.657: [GC (Allocation Failure) [PSYoungGen: 78720K->1376K(78336K)] 457387K->380043K(599552K), 0.0024916 secs] [Times: user=0.01 sys=0.00, real=0.00 secs] 
1712.455: [GC (Allocation Failure) [PSYoungGen: 78176K->1424K(77824K)] 456843K->380091K(599040K), 0.0032077 secs] [Times: user=0.01 sys=0.00, real=0.01 secs] 
1713.165: [GC (Allocation Failure) [PSYoungGen: 77712K->1392K(77312K)] 456379K->380059K(598528K), 0.0030931 secs] [Times: user=0.01 sys=0.00, real=0.01 secs] 
1713.498: [GC (Allocation Failure) [PSYoungGen: 77168K->1469K(76800K)] 455835K->380137K(598016K), 0.0018872 secs] [Times: user=0.01 sys=0.00, real=0.00 secs] 
1713.629: [GC (Allocation Failure) [PSYoungGen: 76733K->1485K(76288K)] 455401K->380153K(597504K), 0.0017661 secs] [Times: user=0.01 sys=0.00, real=0.00 secs] 
1713.760: [GC (Allocation Failure) [PSYoungGen: 76237K->1453K(75776K)] 454905K->380121K(596992K), 0.0018451 secs] [Times: user=0.01 sys=0.00, real=0.00 secs] 
1713.990: [GC (Allocation Failure) [PSYoungGen: 75693K->1408K(75264K)] 454361K->380075K(596480K), 0.0019954 secs] [Times: user=0.01 sys=0.00, real=0.00 secs] 
1714.412: [GC (Allocation Failure) [PSYoungGen: 75136K->1344K(74752K)] 453803K->380027K(595968K), 0.0023753 secs] [Times: user=0.01 sys=0.00, real=0.00 secs] 
1714.718: [GC (Allocation Failure) [PSYoungGen: 74560K->1424K(74240K)] 453243K->380107K(595456K), 0.0023938 secs] [Times: user=0.01 sys=0.00, real=0.00 secs] 
1715.145: [GC (Allocation Failure) [PSYoungGen: 74128K->1440K(73728K)] 452811K->380123K(594944K), 0.0023768 secs] [Times: user=0.01 sys=0.01, real=0.01 secs] 
1715.558: [GC (Allocation Failure) [PSYoungGen: 73632K->1533K(73216K)] 452315K->380217K(594432K), 0.0019709 secs] [Times: user=0.01 sys=0.00, real=0.00 secs] 
1715.685: [GC (Allocation Failure) [PSYoungGen: 73213K->1565K(73216K)] 451897K->380249K(594432K), 0.0018091 secs] [Times: user=0.01 sys=0.00, real=0.01 secs] 
1715.812: [GC (Allocation Failure) [PSYoungGen: 72733K->1533K(72192K)] 451417K->380217K(593408K), 0.0017603 secs] [Times: user=0.01 sys=0.00, real=0.00 secs] 
1715.942: [GC (Allocation Failure) [PSYoungGen: 72189K->1408K(73216K)] 450873K->380092K(594432K), 0.0022059 secs] [Times: user=0.01 sys=0.00, real=0.00 secs] 
1716.538: [GC (Allocation Failure) [PSYoungGen: 72576K->1408K(72192K)] 451260K->380091K(593408K), 0.0022350 secs] [Times: user=0.01 sys=0.00, real=0.00 secs] 
1716.832: [GC (Allocation Failure) [PSYoungGen: 72064K->1376K(71680K)] 450747K->380059K(592896K), 0.0021399 secs] [Times: user=0.00 sys=0.00, real=0.00 secs] 
1717.130: [GC (Allocation Failure) [PSYoungGen: 71520K->1392K(71168K)] 450203K->380075K(592384K), 0.0023440 secs] [Times: user=0.01 sys=0.00, real=0.00 secs] 
1717.614: [GC (Allocation Failure) [PSYoungGen: 71024K->1376K(70656K)] 449707K->380059K(591872K), 0.0025966 secs] [Times: user=0.01 sys=0.00, real=0.01 secs] 
1717.864: [GC (Allocation Failure) [PSYoungGen: 70496K->1469K(70144K)] 449179K->380153K(591360K), 0.0018139 secs] [Times: user=0.01 sys=0.00, real=0.01 secs] 
1717.985: [GC (Allocation Failure) [PSYoungGen: 70077K->1501K(69632K)] 448761K->380185K(590848K), 0.0016777 secs] [Times: user=0.01 sys=0.00, real=0.01 secs] 
1718.105: [GC (Allocation Failure) [PSYoungGen: 69597K->1501K(75776K)] 448281K->380185K(596992K), 0.0017760 secs] [Times: user=0.01 sys=0.00, real=0.00 secs] 
1718.498: [GC (Allocation Failure) [PSYoungGen: 75741K->2000K(75776K)] 454425K->380683K(596992K), 0.0025577 secs] [Times: user=0.01 sys=0.00, real=0.00 secs] 
1719.466: [GC (Allocation Failure) [PSYoungGen: 75728K->1392K(74752K)] 454411K->380075K(595968K), 0.0036848 secs] [Times: user=0.02 sys=0.00, real=0.00 secs] 
1720.101: [GC (Allocation Failure) [PSYoungGen: 74608K->1408K(74240K)] 453291K->380091K(595456K), 0.0027422 secs] [Times: user=0.01 sys=0.00, real=0.00 secs] 
1720.765: [GC (Allocation Failure) [PSYoungGen: 74112K->1408K(73728K)] 452795K->380091K(594944K), 0.0023543 secs] [Times: user=0.01 sys=0.00, real=0.01 secs] 
1721.381: [GC (Allocation Failure) [PSYoungGen: 73600K->1469K(73216K)] 452283K->380153K(594432K), 0.0031211 secs] [Times: user=0.02 sys=0.00, real=0.00 secs] 
1721.564: [GC (Allocation Failure) [PSYoungGen: 73149K->1501K(72704K)] 451833K->380185K(593920K), 0.0019290 secs] [Times: user=0.01 sys=0.00, real=0.01 secs] 
1721.690: [GC (Allocation Failure) [PSYoungGen: 72669K->1501K(72192K)] 451353K->380185K(593408K), 0.0019617 secs] [Times: user=0.01 sys=0.00, real=0.00 secs] 
1721.814: [GC (Allocation Failure) [PSYoungGen: 72157K->1533K(72704K)] 450841K->380249K(593920K), 0.0019294 secs] [Times: user=0.01 sys=0.00, real=0.01 secs] 
1722.081: [GC (Allocation Failure) [PSYoungGen: 72701K->1440K(72192K)] 451417K->380155K(593408K), 0.0018473 secs] [Times: user=0.01 sys=0.00, real=0.00 secs] 
1722.375: [GC (Allocation Failure) [PSYoungGen: 72096K->1408K(71680K)] 450811K->380123K(592896K), 0.0020677 secs] [Times: user=0.00 sys=0.00, real=0.01 secs] 
1722.666: [GC (Allocation Failure) [PSYoungGen: 71552K->1392K(71168K)] 450267K->380107K(592384K), 0.0020432 secs] [Times: user=0.00 sys=0.00, real=0.00 secs] 
1723.037: [GC (Allocation Failure) [PSYoungGen: 71024K->1408K(70656K)] 449739K->380139K(591872K), 0.0020719 secs] [Times: user=0.00 sys=0.00, real=0.00 secs] 
1723.242: [GC (Allocation Failure) [PSYoungGen: 70528K->1501K(70144K)] 449259K->380233K(591360K), 0.0018352 secs] [Times: user=0.00 sys=0.00, real=0.00 secs] 
1723.363: [GC (Allocation Failure) [PSYoungGen: 70107K->1485K(69632K)] 448839K->380217K(590848K), 0.0018213 secs] [Times: user=0.01 sys=0.00, real=0.00 secs] 
1723.502: [GC (Allocation Failure) [PSYoungGen: 69581K->1501K(70144K)] 448313K->380233K(591360K), 0.0021300 secs] [Times: user=0.01 sys=0.00, real=0.00 secs] 
1723.655: [GC (Allocation Failure) [PSYoungGen: 69597K->1533K(76288K)] 448329K->380281K(597504K), 0.0021579 secs] [Times: user=0.01 sys=0.00, real=0.01 secs] 
1725.089: [GC (Allocation Failure) [PSYoungGen: 75773K->1408K(75264K)] 454521K->380155K(596480K), 0.0049754 secs] [Times: user=0.02 sys=0.00, real=0.00 secs] 
1726.076: [GC (Allocation Failure) [PSYoungGen: 75136K->1312K(74752K)] 453883K->380059K(595968K), 0.0040278 secs] [Times: user=0.01 sys=0.00, real=0.00 secs] 
1726.807: [GC (Allocation Failure) [PSYoungGen: 74528K->1376K(74240K)] 453275K->380123K(595456K), 0.0037906 secs] [Times: user=0.02 sys=0.00, real=0.00 secs] 
1727.594: [GC (Allocation Failure) [PSYoungGen: 74080K->1437K(73728K)] 452827K->380185K(594944K), 0.0035165 secs] [Times: user=0.02 sys=0.00, real=0.01 secs] 
1727.842: [GC (Allocation Failure) [PSYoungGen: 73629K->1533K(73216K)] 452377K->380281K(594432K), 0.0022084 secs] [Times: user=0.01 sys=0.00, real=0.00 secs] 
1727.983: [GC (Allocation Failure) [PSYoungGen: 73213K->1565K(73216K)] 451961K->380313K(594432K), 0.0019115 secs] [Times: user=0.01 sys=0.00, real=0.00 secs] 
1728.108: [GC (Allocation Failure) [PSYoungGen: 72733K->1517K(73728K)] 451481K->380265K(594944K), 0.0018658 secs] [Times: user=0.00 sys=0.00, real=0.00 secs] 
1728.699: [GC (Allocation Failure) [PSYoungGen: 73197K->1456K(79360K)] 451945K->380211K(600576K), 0.0244256 secs] [Times: user=0.01 sys=0.13, real=0.02 secs] 
1729.568: [GC (Allocation Failure) [PSYoungGen: 78768K->1376K(79360K)] 457523K->380131K(600576K), 0.0036976 secs] [Times: user=0.01 sys=0.00, real=0.00 secs] 
1730.275: [GC (Allocation Failure) [PSYoungGen: 78688K->1376K(86016K)] 457443K->380131K(607232K), 0.0030285 secs] [Times: user=0.01 sys=0.01, real=0.01 secs] 
1731.311: [GC (Allocation Failure) [PSYoungGen: 85856K->1424K(87040K)] 464611K->380179K(608256K), 0.0048580 secs] [Times: user=0.02 sys=0.00, real=0.01 secs] 
1731.755: [GC (Allocation Failure) [PSYoungGen: 86416K->1517K(86016K)] 465171K->380273K(607232K), 0.0024245 secs] [Times: user=0.01 sys=0.01, real=0.01 secs] 
1731.910: [GC (Allocation Failure) [PSYoungGen: 85997K->1584K(93184K)] 464753K->380340K(614400K), 0.0053376 secs] [Times: user=0.02 sys=0.01, real=0.00 secs] 
1732.072: [GC (Allocation Failure) [PSYoungGen: 92720K->1533K(95232K)] 471476K->380289K(616448K), 0.0019913 secs] [Times: user=0.01 sys=0.00, real=0.00 secs] 
1732.550: [GC (Allocation Failure) [PSYoungGen: 94717K->1408K(95232K)] 473473K->380163K(616448K), 0.0021481 secs] [Times: user=0.01 sys=0.00, real=0.00 secs] 
1732.938: [GC (Allocation Failure) [PSYoungGen: 94592K->1376K(102912K)] 473347K->380131K(624128K), 0.0022047 secs] [Times: user=0.01 sys=0.00, real=0.00 secs] 
1733.380: [GC (Allocation Failure) [PSYoungGen: 102752K->1408K(101888K)] 481507K->380163K(623104K), 0.0022678 secs] [Times: user=0.01 sys=0.00, real=0.00 secs] 
1733.729: [GC (Allocation Failure) [PSYoungGen: 101760K->1533K(100864K)] 480515K->380289K(622080K), 0.0020397 secs] [Times: user=0.01 sys=0.00, real=0.00 secs] 
1733.934: [GC (Allocation Failure) [PSYoungGen: 100861K->1565K(100352K)] 479617K->380345K(621568K), 0.0022582 secs] [Times: user=0.01 sys=0.00, real=0.01 secs] 
1734.283: [GC (Allocation Failure) [PSYoungGen: 99869K->448K(97792K)] 478649K->380251K(619008K), 0.0023312 secs] [Times: user=0.01 sys=0.00, real=0.01 secs] 
1734.785: [GC (Allocation Failure) [PSYoungGen: 97728K->384K(98304K)] 477531K->380187K(619520K), 0.0021790 secs] [Times: user=0.01 sys=0.00, real=0.01 secs] 
1735.248: [GC (Allocation Failure) [PSYoungGen: 96640K->384K(95744K)] 476443K->380187K(616960K), 0.0024406 secs] [Times: user=0.01 sys=0.00, real=0.00 secs] 
1735.571: [GC (Allocation Failure) [PSYoungGen: 95616K->1437K(96256K)] 475419K->381241K(617472K), 0.0018533 secs] [Times: user=0.01 sys=0.00, real=0.00 secs] 
1735.766: [GC (Allocation Failure) [PSYoungGen: 95645K->1533K(94720K)] 475449K->381337K(615936K), 0.0021530 secs] [Times: user=0.01 sys=0.00, real=0.00 secs] 
1735.953: [GC (Allocation Failure) [PSYoungGen: 94717K->1469K(93696K)] 474521K->381273K(614912K), 0.0020871 secs] [Times: user=0.01 sys=0.00, real=0.00 secs] 
1737.942: [GC (Allocation Failure) [PSYoungGen: 93629K->1440K(92672K)] 473433K->381243K(613888K), 0.0040937 secs] [Times: user=0.01 sys=0.00, real=0.01 secs] 
1738.725: [GC (Allocation Failure) [PSYoungGen: 92576K->1440K(91648K)] 472379K->381243K(612864K), 0.0028639 secs] [Times: user=0.02 sys=0.00, real=0.00 secs] 
1739.184: [GC (Allocation Failure) [PSYoungGen: 91552K->1408K(90624K)] 471355K->381211K(611840K), 0.0023142 secs] [Times: user=0.01 sys=0.00, real=0.01 secs] 
1739.457: [GC (Allocation Failure) [PSYoungGen: 90496K->1533K(89600K)] 470299K->381337K(610816K), 0.0019100 secs] [Times: user=0.01 sys=0.00, real=0.00 secs] 
1739.611: [GC (Allocation Failure) [PSYoungGen: 89597K->1501K(89088K)] 469401K->381305K(610304K), 0.0018764 secs] [Times: user=0.01 sys=0.00, real=0.00 secs] 
1739.764: [GC (Allocation Failure) [PSYoungGen: 89053K->1517K(88576K)] 468857K->381321K(609792K), 0.0018781 secs] [Times: user=0.01 sys=0.00, real=0.01 secs] 
1741.219: [GC (Allocation Failure) [PSYoungGen: 88557K->1440K(88064K)] 468361K->381243K(609280K), 0.0033552 secs] [Times: user=0.02 sys=0.00, real=0.00 secs] 
1742.358: [GC (Allocation Failure) [PSYoungGen: 87968K->1376K(87552K)] 467771K->381179K(608768K), 0.0037877 secs] [Times: user=0.01 sys=0.00, real=0.00 secs] 
1743.259: [GC (Allocation Failure) [PSYoungGen: 87392K->1408K(87040K)] 467195K->381211K(608256K), 0.0030847 secs] [Times: user=0.01 sys=0.00, real=0.00 secs] 
1743.619: [GC (Allocation Failure) [PSYoungGen: 86912K->1485K(86528K)] 466715K->381289K(607744K), 0.0018539 secs] [Times: user=0.01 sys=0.00, real=0.00 secs] 
1743.769: [GC (Allocation Failure) [PSYoungGen: 86477K->1501K(86016K)] 466281K->381305K(607232K), 0.0018609 secs] [Times: user=0.01 sys=0.00, real=0.00 secs] 
1743.918: [GC (Allocation Failure) [PSYoungGen: 85953K->1517K(85504K)] 465757K->381321K(606720K), 0.0020230 secs] [Times: user=0.01 sys=0.00, real=0.00 secs] 
1744.450: [GC (Allocation Failure) [PSYoungGen: 85485K->1504K(84992K)] 465289K->381307K(606208K), 0.0021270 secs] [Times: user=0.01 sys=0.00, real=0.00 secs] 
1745.227: [GC (Allocation Failure) [PSYoungGen: 84960K->1376K(84480K)] 464763K->381179K(605696K), 0.0029436 secs] [Times: user=0.01 sys=0.00, real=0.00 secs] 
1746.000: [GC (Allocation Failure) [PSYoungGen: 84320K->1408K(83968K)] 464123K->381211K(605184K), 0.0028026 secs] [Times: user=0.01 sys=0.00, real=0.00 secs] 
1746.475: [GC (Allocation Failure) [PSYoungGen: 83840K->288K(82432K)] 463643K->380107K(603648K), 0.0023506 secs] [Times: user=0.01 sys=0.00, real=0.01 secs] 
1746.676: [GC (Allocation Failure) [PSYoungGen: 82208K->1501K(82944K)] 462027K->381321K(604160K), 0.0022283 secs] [Times: user=0.01 sys=0.00, real=0.00 secs] 
1746.843: [GC (Allocation Failure) [PSYoungGen: 82909K->1501K(82432K)] 462729K->381321K(603648K), 0.0018267 secs] [Times: user=0.00 sys=0.00, real=0.00 secs] 
1746.986: [GC (Allocation Failure) [PSYoungGen: 82397K->1501K(81920K)] 462217K->381321K(603136K), 0.0018510 secs] [Times: user=0.01 sys=0.00, real=0.00 secs] 
1747.635: [GC (Allocation Failure) [PSYoungGen: 81885K->1408K(81408K)] 461705K->381227K(602624K), 0.0039541 secs] [Times: user=0.01 sys=0.00, real=0.01 secs] 
1748.353: [GC (Allocation Failure) [PSYoungGen: 81280K->1408K(80896K)] 461099K->381227K(602112K), 0.0032651 secs] [Times: user=0.01 sys=0.00, real=0.01 secs] 
1748.816: [GC (Allocation Failure) [PSYoungGen: 80768K->1408K(80384K)] 460587K->381227K(601600K), 0.0022612 secs] [Times: user=0.01 sys=0.00, real=0.00 secs] 
1749.222: [GC (Allocation Failure) [PSYoungGen: 80256K->1533K(79872K)] 460075K->381353K(601088K), 0.0019583 secs] [Times: user=0.01 sys=0.00, real=0.00 secs] 
1749.363: [GC (Allocation Failure) [PSYoungGen: 79869K->1488K(79360K)] 459689K->381308K(600576K), 0.0018597 secs] [Times: user=0.00 sys=0.00, real=0.00 secs] 
1749.500: [GC (Allocation Failure) [PSYoungGen: 79312K->1533K(78848K)] 459132K->381353K(600064K), 0.0017249 secs] [Times: user=0.01 sys=0.00, real=0.00 secs] 
1749.635: [GC (Allocation Failure) [PSYoungGen: 78845K->1501K(83456K)] 458665K->381321K(604672K), 0.0018601 secs] [Times: user=0.01 sys=0.00, real=0.01 secs] 
1750.999: [GC (Allocation Failure) [PSYoungGen: 82909K->1440K(82432K)] 462729K->381259K(603648K), 0.0027849 secs] [Times: user=0.01 sys=0.00, real=0.00 secs] 
1752.077: [GC (Allocation Failure) [PSYoungGen: 82336K->1376K(81920K)] 462155K->381195K(603136K), 0.0038459 secs] [Times: user=0.01 sys=0.00, real=0.00 secs] 
1752.705: [GC (Allocation Failure) [PSYoungGen: 81760K->1344K(81408K)] 461579K->381163K(602624K), 0.0023614 secs] [Times: user=0.01 sys=0.00, real=0.01 secs] 
1753.035: [GC (Allocation Failure) [PSYoungGen: 81216K->1501K(80896K)] 461035K->381321K(602112K), 0.0019113 secs] [Times: user=0.00 sys=0.00, real=0.01 secs] 
1753.176: [GC (Allocation Failure) [PSYoungGen: 80861K->1501K(80384K)] 460681K->381321K(601600K), 0.0017560 secs] [Times: user=0.01 sys=0.00, real=0.00 secs] 
1753.313: [GC (Allocation Failure) [PSYoungGen: 80349K->1501K(79872K)] 460169K->381321K(601088K), 0.0018528 secs] [Times: user=0.01 sys=0.00, real=0.00 secs] 
1753.849: [GC (Allocation Failure) [PSYoungGen: 79837K->1440K(79360K)] 459657K->381259K(600576K), 0.0028325 secs] [Times: user=0.01 sys=0.00, real=0.00 secs] 
1755.586: [GC (Allocation Failure) [PSYoungGen: 79264K->1392K(78848K)] 459083K->381211K(600064K), 0.0048158 secs] [Times: user=0.02 sys=0.00, real=0.00 secs] 
1756.677: [GC (Allocation Failure) [PSYoungGen: 78704K->1376K(78336K)] 458523K->381203K(599552K), 0.0030470 secs] [Times: user=0.02 sys=0.00, real=0.00 secs] 
1757.154: [GC (Allocation Failure) [PSYoungGen: 78176K->1424K(77824K)] 458003K->381251K(599040K), 0.0025067 secs] [Times: user=0.01 sys=0.00, real=0.01 secs] 
1757.430: [GC (Allocation Failure) [PSYoungGen: 77712K->1469K(77312K)] 457539K->381297K(598528K), 0.0016867 secs] [Times: user=0.01 sys=0.00, real=0.00 secs] 
1757.568: [GC (Allocation Failure) [PSYoungGen: 77245K->1501K(76800K)] 457073K->381329K(598016K), 0.0017486 secs] [Times: user=0.01 sys=0.00, real=0.00 secs] 
1757.722: [GC (Allocation Failure) [PSYoungGen: 76765K->1533K(76288K)] 456593K->381361K(597504K), 0.0020747 secs] [Times: user=0.01 sys=0.00, real=0.00 secs] 
1758.210: [GC (Allocation Failure) [PSYoungGen: 76285K->1472K(75776K)] 456113K->381299K(596992K), 0.0047648 secs] [Times: user=0.01 sys=0.00, real=0.00 secs] 
1759.618: [GC (Allocation Failure) [PSYoungGen: 75712K->1408K(75264K)] 455539K->381235K(596480K), 0.0044041 secs] [Times: user=0.01 sys=0.00, real=0.00 secs] 
1760.787: [GC (Allocation Failure) [PSYoungGen: 75136K->1408K(74752K)] 454963K->381235K(595968K), 0.0033436 secs] [Times: user=0.01 sys=0.00, real=0.00 secs] 
1761.746: [GC (Allocation Failure) [PSYoungGen: 74624K->1376K(74240K)] 454451K->381203K(595456K), 0.0047944 secs] [Times: user=0.02 sys=0.00, real=0.00 secs] 
1762.244: [GC (Allocation Failure) [PSYoungGen: 74080K->1501K(73728K)] 453907K->381329K(594944K), 0.0024986 secs] [Times: user=0.01 sys=0.00, real=0.01 secs] 
1762.400: [GC (Allocation Failure) [PSYoungGen: 73693K->1517K(73216K)] 453521K->381345K(594432K), 0.0017169 secs] [Times: user=0.01 sys=0.00, real=0.00 secs] 
1762.545: [GC (Allocation Failure) [PSYoungGen: 73197K->1533K(72704K)] 453025K->381361K(593920K), 0.0021263 secs] [Times: user=0.01 sys=0.00, real=0.01 secs] 
1762.703: [GC (Allocation Failure) [PSYoungGen: 72701K->1533K(75264K)] 452529K->381361K(596480K), 0.0023418 secs] [Times: user=0.01 sys=0.00, real=0.01 secs] 
1763.347: [GC (Allocation Failure) [PSYoungGen: 75261K->1440K(74752K)] 455089K->381267K(595968K), 0.0031853 secs] [Times: user=0.01 sys=0.00, real=0.00 secs] 
1764.058: [GC (Allocation Failure) [PSYoungGen: 74656K->1392K(74240K)] 454483K->381219K(595456K), 0.0028966 secs] [Times: user=0.02 sys=0.00, real=0.00 secs] 
1764.737: [GC (Allocation Failure) [PSYoungGen: 74096K->1376K(73728K)] 453923K->381203K(594944K), 0.0028525 secs] [Times: user=0.01 sys=0.00, real=0.00 secs] 
1765.343: [GC (Allocation Failure) [PSYoungGen: 73568K->1376K(73216K)] 453395K->381203K(594432K), 0.0026716 secs] [Times: user=0.01 sys=0.00, real=0.01 secs] 
1765.592: [GC (Allocation Failure) [PSYoungGen: 73056K->1501K(72704K)] 452883K->381353K(593920K), 0.0019576 secs] [Times: user=0.00 sys=0.00, real=0.00 secs] 
1765.717: [GC (Allocation Failure) [PSYoungGen: 72669K->1533K(72192K)] 452521K->381385K(593408K), 0.0018453 secs] [Times: user=0.01 sys=0.00, real=0.00 secs] 
1765.841: [GC (Allocation Failure) [PSYoungGen: 72189K->1501K(72704K)] 452041K->381353K(593920K), 0.0018130 secs] [Times: user=0.01 sys=0.00, real=0.00 secs] 
1766.080: [GC (Allocation Failure) [PSYoungGen: 72157K->1440K(71680K)] 452009K->381299K(592896K), 0.0021654 secs] [Times: user=0.01 sys=0.00, real=0.00 secs] 
1766.372: [GC (Allocation Failure) [PSYoungGen: 71584K->1376K(71168K)] 451443K->381235K(592384K), 0.0023702 secs] [Times: user=0.01 sys=0.00, real=0.00 secs] 
1766.790: [GC (Allocation Failure) [PSYoungGen: 71008K->1376K(70656K)] 450867K->381235K(591872K), 0.0021191 secs] [Times: user=0.01 sys=0.00, real=0.00 secs] 
1767.360: [GC (Allocation Failure) [PSYoungGen: 70496K->1424K(70144K)] 450355K->381283K(591360K), 0.0025049 secs] [Times: user=0.01 sys=0.00, real=0.00 secs] 
1767.931: [GC (Allocation Failure) [PSYoungGen: 70032K->1469K(69632K)] 449891K->381329K(590848K), 0.0021579 secs] [Times: user=0.01 sys=0.00, real=0.00 secs] 
1768.064: [GC (Allocation Failure) [PSYoungGen: 69565K->1533K(69120K)] 449425K->381393K(590336K), 0.0018916 secs] [Times: user=0.01 sys=0.00, real=0.01 secs] 
1768.183: [GC (Allocation Failure) [PSYoungGen: 69117K->1501K(74752K)] 448977K->381361K(595968K), 0.0018502 secs] [Times: user=0.01 sys=0.00, real=0.01 secs] 
1768.333: [GC (Allocation Failure) [PSYoungGen: 74717K->1552K(75264K)] 454577K->381412K(596480K), 0.0019284 secs] [Times: user=0.01 sys=0.00, real=0.00 secs] 
1769.042: [GC (Allocation Failure) [PSYoungGen: 74768K->1472K(74240K)] 454628K->381331K(595456K), 0.0031784 secs] [Times: user=0.01 sys=0.01, real=0.01 secs] 
1770.099: [GC (Allocation Failure) [PSYoungGen: 74176K->1408K(73728K)] 454035K->381267K(594944K), 0.0035279 secs] [Times: user=0.02 sys=0.00, real=0.00 secs] 
1770.721: [GC (Allocation Failure) [PSYoungGen: 73600K->1376K(73216K)] 453459K->381235K(594432K), 0.0030413 secs] [Times: user=0.01 sys=0.00, real=0.00 secs] 
1771.298: [GC (Allocation Failure) [PSYoungGen: 73056K->1424K(72704K)] 452915K->381283K(593920K), 0.0029414 secs] [Times: user=0.01 sys=0.00, real=0.00 secs] 
1771.677: [GC (Allocation Failure) [PSYoungGen: 72592K->1472K(72192K)] 452451K->381332K(593408K), 0.0021002 secs] [Times: user=0.01 sys=0.00, real=0.00 secs] 
1771.808: [GC (Allocation Failure) [PSYoungGen: 72102K->1501K(71680K)] 451962K->381361K(592896K), 0.0016987 secs] [Times: user=0.00 sys=0.00, real=0.00 secs] 
1771.930: [GC (Allocation Failure) [PSYoungGen: 71645K->1533K(71168K)] 451505K->381393K(592384K), 0.0016999 secs] [Times: user=0.00 sys=0.00, real=0.00 secs] 
1772.053: [GC (Allocation Failure) [PSYoungGen: 71165K->1472K(77312K)] 451025K->381356K(598528K), 0.0019062 secs] [Times: user=0.01 sys=0.00, real=0.01 secs] 
1772.893: [GC (Allocation Failure) [PSYoungGen: 77248K->1424K(76800K)] 457132K->381307K(598016K), 0.0023232 secs] [Times: user=0.01 sys=0.00, real=0.00 secs] 
1773.702: [GC (Allocation Failure) [PSYoungGen: 76688K->1376K(76288K)] 456571K->381259K(597504K), 0.0025507 secs] [Times: user=0.01 sys=0.00, real=0.00 secs] 
1774.493: [GC (Allocation Failure) [PSYoungGen: 76128K->1344K(75776K)] 456011K->381235K(596992K), 0.0026469 secs] [Times: user=0.01 sys=0.00, real=0.01 secs] 
1775.285: [GC (Allocation Failure) [PSYoungGen: 75584K->1472K(75264K)] 455475K->381364K(596480K), 0.0025165 secs] [Times: user=0.01 sys=0.00, real=0.00 secs] 
1775.444: [GC (Allocation Failure) [PSYoungGen: 75200K->1501K(74752K)] 455092K->381393K(595968K), 0.0019442 secs] [Times: user=0.00 sys=0.00, real=0.01 secs] 
1775.572: [GC (Allocation Failure) [PSYoungGen: 74717K->1485K(74240K)] 454609K->381377K(595456K), 0.0017353 secs] [Times: user=0.01 sys=0.01, real=0.00 secs] 
1775.701: [GC (Allocation Failure) [PSYoungGen: 74189K->1533K(74752K)] 454081K->381425K(595968K), 0.0018821 secs] [Times: user=0.00 sys=0.00, real=0.00 secs] 
1776.141: [GC (Allocation Failure) [PSYoungGen: 74237K->1408K(73728K)] 454129K->381299K(594944K), 0.0018153 secs] [Times: user=0.01 sys=0.00, real=0.00 secs] 
1776.804: [GC (Allocation Failure) [PSYoungGen: 73600K->1376K(73216K)] 453491K->381267K(594432K), 0.0048035 secs] [Times: user=0.02 sys=0.01, real=0.01 secs] 
1777.428: [GC (Allocation Failure) [PSYoungGen: 73056K->1376K(72704K)] 452947K->381275K(593920K), 0.0037232 secs] [Times: user=0.02 sys=0.00, real=0.00 secs] 
1778.103: [GC (Allocation Failure) [PSYoungGen: 72544K->1344K(72192K)] 452443K->381251K(593408K), 0.0024469 secs] [Times: user=0.01 sys=0.00, real=0.01 secs] 
1778.393: [GC (Allocation Failure) [PSYoungGen: 72000K->1533K(71680K)] 451907K->381441K(592896K), 0.0017719 secs] [Times: user=0.01 sys=0.00, real=0.00 secs] 
1778.515: [GC (Allocation Failure) [PSYoungGen: 71677K->1485K(71168K)] 451585K->381393K(592384K), 0.0018895 secs] [Times: user=0.01 sys=0.00, real=0.00 secs] 
1778.638: [GC (Allocation Failure) [PSYoungGen: 71117K->1485K(71680K)] 451025K->381393K(592896K), 0.0021065 secs] [Times: user=0.00 sys=0.00, real=0.00 secs] 
1778.805: [GC (Allocation Failure) [PSYoungGen: 71117K->1600K(77824K)] 451025K->381507K(599040K), 0.0022572 secs] [Times: user=0.01 sys=0.00, real=0.01 secs] 
1779.174: [GC (Allocation Failure) [PSYoungGen: 77376K->1344K(77824K)] 457283K->381251K(599040K), 0.0022515 secs] [Times: user=0.01 sys=0.00, real=0.01 secs] 
1779.525: [GC (Allocation Failure) [PSYoungGen: 77120K->1376K(76800K)] 457027K->381283K(598016K), 0.0025858 secs] [Times: user=0.01 sys=0.00, real=0.01 secs] 
1779.888: [GC (Allocation Failure) [PSYoungGen: 76640K->1408K(76288K)] 456547K->381315K(597504K), 0.0027583 secs] [Times: user=0.01 sys=0.00, real=0.00 secs] 
1780.291: [GC (Allocation Failure) [PSYoungGen: 76160K->1517K(75776K)] 456067K->381425K(596992K), 0.0022175 secs] [Times: user=0.01 sys=0.00, real=0.00 secs] 
1780.467: [GC (Allocation Failure) [PSYoungGen: 75757K->1533K(75264K)] 455665K->381441K(596480K), 0.0021618 secs] [Times: user=0.01 sys=0.00, real=0.00 secs] 
1780.652: [GC (Allocation Failure) [PSYoungGen: 75261K->1533K(81408K)] 455169K->381441K(602624K), 0.0025843 secs] [Times: user=0.01 sys=0.00, real=0.00 secs] 
1780.827: [GC (Allocation Failure) [PSYoungGen: 81405K->1485K(81920K)] 461313K->381393K(603136K), 0.0019159 secs] [Times: user=0.01 sys=0.01, real=0.00 secs] 
1781.972: [GC (Allocation Failure) [PSYoungGen: 81357K->1440K(80896K)] 461265K->381347K(602112K), 0.0035107 secs] [Times: user=0.01 sys=0.00, real=0.01 secs] 
1783.030: [GC (Allocation Failure) [PSYoungGen: 80800K->1440K(80384K)] 460707K->381347K(601600K), 0.0057049 secs] [Times: user=0.02 sys=0.00, real=0.01 secs] 
1784.066: [GC (Allocation Failure) [PSYoungGen: 80288K->1312K(79872K)] 460195K->381235K(601088K), 0.0034405 secs] [Times: user=0.02 sys=0.00, real=0.00 secs] 
1784.890: [GC (Allocation Failure) [PSYoungGen: 79648K->1504K(79360K)] 459571K->381428K(600576K), 0.0059575 secs] [Times: user=0.02 sys=0.01, real=0.01 secs] 
1785.083: [GC (Allocation Failure) [PSYoungGen: 79328K->1501K(78848K)] 459252K->381425K(600064K), 0.0018975 secs] [Times: user=0.01 sys=0.00, real=0.00 secs] 
1785.218: [GC (Allocation Failure) [PSYoungGen: 78813K->1501K(85504K)] 458737K->381425K(606720K), 0.0024116 secs] [Times: user=0.01 sys=0.00, real=0.00 secs] 
1785.459: [GC (Allocation Failure) [PSYoungGen: 85469K->1488K(84992K)] 465393K->381411K(606208K), 0.0021640 secs] [Times: user=0.01 sys=0.00, real=0.00 secs] 
1785.809: [GC (Allocation Failure) [PSYoungGen: 84944K->1344K(84480K)] 464867K->381267K(605696K), 0.0023764 secs] [Times: user=0.01 sys=0.00, real=0.00 secs] 
1786.185: [GC (Allocation Failure) [PSYoungGen: 84288K->1408K(83968K)] 464211K->381331K(605184K), 0.0023395 secs] [Times: user=0.01 sys=0.00, real=0.00 secs] 
1786.645: [GC (Allocation Failure) [PSYoungGen: 83840K->1408K(83456K)] 463763K->381331K(604672K), 0.0027457 secs] [Times: user=0.01 sys=0.00, real=0.00 secs] 
1786.963: [GC (Allocation Failure) [PSYoungGen: 83328K->1533K(82944K)] 463251K->381457K(604160K), 0.0022337 secs] [Times: user=0.01 sys=0.00, real=0.01 secs] 
1787.148: [GC (Allocation Failure) [PSYoungGen: 82941K->1533K(82432K)] 462865K->381457K(603648K), 0.0022972 secs] [Times: user=0.01 sys=0.00, real=0.00 secs] 
1787.341: [GC (Allocation Failure) [PSYoungGen: 82429K->1533K(81920K)] 462353K->381457K(603136K), 0.0023078 secs] [Times: user=0.01 sys=0.00, real=0.00 secs] 
1788.582: [GC (Allocation Failure) [PSYoungGen: 81917K->1456K(81408K)] 461841K->381379K(602624K), 0.0048072 secs] [Times: user=0.02 sys=0.00, real=0.01 secs] 
1789.407: [GC (Allocation Failure) [PSYoungGen: 81328K->1344K(80896K)] 461251K->381267K(602112K), 0.0053680 secs] [Times: user=0.03 sys=0.00, real=0.00 secs] 
1790.442: [GC (Allocation Failure) [PSYoungGen: 80704K->1344K(80384K)] 460627K->381267K(601600K), 0.0044307 secs] [Times: user=0.02 sys=0.00, real=0.01 secs] 
1791.497: [GC (Allocation Failure) [PSYoungGen: 80192K->1421K(79872K)] 460115K->381345K(601088K), 0.0045473 secs] [Times: user=0.02 sys=0.00, real=0.00 secs] 
1791.741: [GC (Allocation Failure) [PSYoungGen: 79757K->1533K(79360K)] 459681K->381457K(600576K), 0.0019807 secs] [Times: user=0.01 sys=0.00, real=0.00 secs] 
1791.878: [GC (Allocation Failure) [PSYoungGen: 79357K->1517K(78848K)] 459281K->381441K(600064K), 0.0017647 secs] [Times: user=0.00 sys=0.00, real=0.00 secs] 
1792.036: [GC (Allocation Failure) [PSYoungGen: 78829K->1453K(78336K)] 458753K->381377K(599552K), 0.0021641 secs] [Times: user=0.01 sys=0.00, real=0.00 secs] 
1792.884: [GC (Allocation Failure) [PSYoungGen: 78253K->1408K(77824K)] 458177K->381331K(599040K), 0.0032339 secs] [Times: user=0.02 sys=0.00, real=0.01 secs] 
1793.839: [GC (Allocation Failure) [PSYoungGen: 77696K->1408K(77312K)] 457619K->381331K(598528K), 0.0038104 secs] [Times: user=0.01 sys=0.00, real=0.00 secs] 
1794.882: [GC (Allocation Failure) [PSYoungGen: 77184K->1344K(76800K)] 457107K->381267K(598016K), 0.0037592 secs] [Times: user=0.01 sys=0.00, real=0.01 secs] 
1795.866: [GC (Allocation Failure) [PSYoungGen: 76608K->1408K(76288K)] 456531K->381331K(597504K), 0.0034668 secs] [Times: user=0.01 sys=0.00, real=0.00 secs] 
1796.109: [GC (Allocation Failure) [PSYoungGen: 76160K->1501K(75776K)] 456083K->381425K(596992K), 0.0018556 secs] [Times: user=0.01 sys=0.00, real=0.00 secs] 
1796.240: [GC (Allocation Failure) [PSYoungGen: 75741K->1501K(75264K)] 455665K->381425K(596480K), 0.0018766 secs] [Times: user=0.01 sys=0.00, real=0.00 secs] 
1796.369: [GC (Allocation Failure) [PSYoungGen: 75229K->1469K(74752K)] 455153K->381393K(595968K), 0.0017396 secs] [Times: user=0.01 sys=0.00, real=0.00 secs] 
1796.625: [GC (Allocation Failure) [PSYoungGen: 74685K->1440K(74240K)] 454609K->381379K(595456K), 0.0018223 secs] [Times: user=0.00 sys=0.00, real=0.01 secs] 
1797.051: [GC (Allocation Failure) [PSYoungGen: 74144K->1376K(73728K)] 454083K->381315K(594944K), 0.0019536 secs] [Times: user=0.01 sys=0.00, real=0.00 secs] 
1797.874: [GC (Allocation Failure) [PSYoungGen: 73568K->1408K(73216K)] 453507K->381347K(594432K), 0.0026456 secs] [Times: user=0.01 sys=0.00, real=0.01 secs] 
1798.458: [GC (Allocation Failure) [PSYoungGen: 73088K->1408K(72704K)] 453027K->381347K(593920K), 0.0025206 secs] [Times: user=0.01 sys=0.00, real=0.00 secs] 
1798.808: [GC (Allocation Failure) [PSYoungGen: 72576K->1533K(72192K)] 452515K->381473K(593408K), 0.0018630 secs] [Times: user=0.01 sys=0.00, real=0.00 secs] 
1798.933: [GC (Allocation Failure) [PSYoungGen: 72189K->1469K(71680K)] 452129K->381409K(592896K), 0.0019073 secs] [Times: user=0.00 sys=0.00, real=0.00 secs] 
1799.056: [GC (Allocation Failure) [PSYoungGen: 71613K->1533K(71168K)] 451553K->381473K(592384K), 0.0018454 secs] [Times: user=0.01 sys=0.00, real=0.00 secs] 
1799.179: [GC (Allocation Failure) [PSYoungGen: 71165K->1485K(71680K)] 451105K->381425K(592896K), 0.0019017 secs] [Times: user=0.01 sys=0.00, real=0.00 secs] 
1799.978: [GC (Allocation Failure) [PSYoungGen: 71117K->1408K(70656K)] 451057K->381347K(591872K), 0.0028812 secs] [Times: user=0.01 sys=0.00, real=0.00 secs] 
1800.840: [GC (Allocation Failure) [PSYoungGen: 70528K->1360K(70144K)] 450467K->381299K(591360K), 0.0029394 secs] [Times: user=0.01 sys=0.00, real=0.00 secs] 
1801.662: [GC (Allocation Failure) [PSYoungGen: 69968K->1376K(69632K)] 449907K->381315K(590848K), 0.0033033 secs] [Times: user=0.01 sys=0.00, real=0.01 secs] 
1802.652: [GC (Allocation Failure) [PSYoungGen: 69472K->1392K(69120K)] 449411K->381331K(590336K), 0.0036835 secs] [Times: user=0.01 sys=0.00, real=0.01 secs] 
1802.969: [GC (Allocation Failure) [PSYoungGen: 68976K->1533K(68608K)] 448915K->381473K(589824K), 0.0023433 secs] [Times: user=0.01 sys=0.00, real=0.00 secs] 
1803.095: [GC (Allocation Failure) [PSYoungGen: 68605K->1517K(68096K)] 448545K->381457K(589312K), 0.0019292 secs] [Times: user=0.01 sys=0.00, real=0.00 secs] 
1803.230: [GC (Allocation Failure) [PSYoungGen: 68077K->1565K(68608K)] 448017K->381505K(589824K), 0.0020583 secs] [Times: user=0.01 sys=0.00, real=0.00 secs] 
1803.377: [GC (Allocation Failure) [PSYoungGen: 68125K->1469K(74240K)] 448065K->381425K(595456K), 0.0022974 secs] [Times: user=0.01 sys=0.00, real=0.00 secs] 
1804.124: [GC (Allocation Failure) [PSYoungGen: 73661K->1440K(73216K)] 453617K->381395K(594432K), 0.0030874 secs] [Times: user=0.01 sys=0.01, real=0.01 secs] 
1804.764: [GC (Allocation Failure) [PSYoungGen: 73120K->1392K(72704K)] 453075K->381355K(593920K), 0.0026886 secs] [Times: user=0.01 sys=0.00, real=0.01 secs] 
1805.523: [GC (Allocation Failure) [PSYoungGen: 72560K->1344K(72192K)] 452523K->381307K(593408K), 0.0033094 secs] [Times: user=0.02 sys=0.00, real=0.01 secs] 
1806.194: [GC (Allocation Failure) [PSYoungGen: 72000K->1485K(71680K)] 451963K->381449K(592896K), 0.0032390 secs] [Times: user=0.02 sys=0.00, real=0.01 secs] 
1806.389: [GC (Allocation Failure) [PSYoungGen: 71629K->1517K(71168K)] 451593K->381481K(592384K), 0.0018660 secs] [Times: user=0.00 sys=0.00, real=0.00 secs] 
1806.512: [GC (Allocation Failure) [PSYoungGen: 71149K->1501K(70656K)] 451113K->381465K(591872K), 0.0017856 secs] [Times: user=0.01 sys=0.00, real=0.00 secs] 
1806.634: [GC (Allocation Failure) [PSYoungGen: 70621K->1501K(71168K)] 450585K->381465K(592384K), 0.0017841 secs] [Times: user=0.00 sys=0.00, real=0.01 secs] 
1807.668: [GC (Allocation Failure) [PSYoungGen: 70621K->1440K(70144K)] 450585K->381427K(591360K), 0.0049509 secs] [Times: user=0.03 sys=0.00, real=0.00 secs] 
1809.317: [GC (Allocation Failure) [PSYoungGen: 70048K->1440K(69632K)] 450035K->381427K(590848K), 0.0044028 secs] [Times: user=0.02 sys=0.00, real=0.00 secs] 
1810.383: [GC (Allocation Failure) [PSYoungGen: 69536K->1360K(69120K)] 449523K->381347K(590336K), 0.0051845 secs] [Times: user=0.02 sys=0.00, real=0.01 secs] 
1811.039: [GC (Allocation Failure) [PSYoungGen: 68944K->1392K(68608K)] 448931K->381379K(589824K), 0.0029057 secs] [Times: user=0.01 sys=0.00, real=0.00 secs] 
1811.685: [GC (Allocation Failure) [PSYoungGen: 68464K->1501K(68096K)] 448451K->381489K(589312K), 0.0027088 secs] [Times: user=0.01 sys=0.00, real=0.01 secs] 
1811.885: [GC (Allocation Failure) [PSYoungGen: 68061K->1533K(67584K)] 448049K->381521K(588800K), 0.0021394 secs] [Times: user=0.01 sys=0.00, real=0.01 secs] 
1812.010: [GC (Allocation Failure) [PSYoungGen: 67581K->1533K(67072K)] 447569K->381521K(588288K), 0.0017560 secs] [Times: user=0.01 sys=0.00, real=0.00 secs] 
1812.126: [GC (Allocation Failure) [PSYoungGen: 67069K->1549K(73216K)] 447057K->381537K(594432K), 0.0018551 secs] [Times: user=0.00 sys=0.00, real=0.00 secs] 
1812.538: [GC (Allocation Failure) [PSYoungGen: 72717K->1408K(72192K)] 452705K->381403K(593408K), 0.0032363 secs] [Times: user=0.01 sys=0.00, real=0.00 secs] 
1812.873: [GC (Allocation Failure) [PSYoungGen: 72064K->1408K(71680K)] 452059K->381403K(592896K), 0.0023482 secs] [Times: user=0.01 sys=0.00, real=0.00 secs] 
1813.243: [GC (Allocation Failure) [PSYoungGen: 71552K->1376K(71168K)] 451547K->381371K(592384K), 0.0021062 secs] [Times: user=0.01 sys=0.00, real=0.01 secs] 
1813.533: [GC (Allocation Failure) [PSYoungGen: 71008K->1408K(70656K)] 451003K->381403K(591872K), 0.0022219 secs] [Times: user=0.01 sys=0.01, real=0.00 secs] 
1813.797: [GC (Allocation Failure) [PSYoungGen: 70528K->1501K(70144K)] 450523K->381497K(591360K), 0.0017575 secs] [Times: user=0.00 sys=0.00, real=0.00 secs] 
1813.919: [GC (Allocation Failure) [PSYoungGen: 70109K->1533K(69632K)] 450105K->381529K(590848K), 0.0019066 secs] [Times: user=0.01 sys=0.00, real=0.00 secs] 
1814.038: [GC (Allocation Failure) [PSYoungGen: 69629K->1469K(70144K)] 449625K->381465K(591360K), 0.0018067 secs] [Times: user=0.01 sys=0.00, real=0.00 secs] 
1814.158: [GC (Allocation Failure) [PSYoungGen: 70077K->1501K(70656K)] 450073K->381529K(591872K), 0.0017427 secs] [Times: user=0.01 sys=0.00, real=0.00 secs] 
1814.714: [GC (Allocation Failure) [PSYoungGen: 70109K->1472K(75776K)] 450137K->381507K(596992K), 0.0026816 secs] [Times: user=0.01 sys=0.00, real=0.01 secs] 
1815.707: [GC (Allocation Failure) [PSYoungGen: 75712K->1392K(75264K)] 455747K->381435K(596480K), 0.0039473 secs] [Times: user=0.02 sys=0.00, real=0.00 secs] 
1816.594: [GC (Allocation Failure) [PSYoungGen: 75120K->1344K(74752K)] 455163K->381387K(595968K), 0.0045399 secs] [Times: user=0.02 sys=0.00, real=0.01 secs] 
1817.325: [GC (Allocation Failure) [PSYoungGen: 74560K->1424K(74240K)] 454603K->381467K(595456K), 0.0038510 secs] [Times: user=0.02 sys=0.00, real=0.01 secs] 
1817.729: [GC (Allocation Failure) [PSYoungGen: 74128K->1517K(73728K)] 454171K->381561K(594944K), 0.0021711 secs] [Times: user=0.01 sys=0.00, real=0.00 secs] 
1817.858: [GC (Allocation Failure) [PSYoungGen: 73709K->1501K(73216K)] 453753K->381545K(594432K), 0.0018737 secs] [Times: user=0.01 sys=0.00, real=0.00 secs] 
1817.983: [GC (Allocation Failure) [PSYoungGen: 73181K->1453K(72704K)] 453225K->381497K(593920K), 0.0017168 secs] [Times: user=0.01 sys=0.00, real=0.01 secs] 
1818.235: [GC (Allocation Failure) [PSYoungGen: 72621K->1696K(72704K)] 452665K->381739K(593920K), 0.0023329 secs] [Times: user=0.01 sys=0.00, real=0.00 secs] 
1819.296: [GC (Allocation Failure) [PSYoungGen: 72352K->352K(70656K)] 452395K->381419K(591872K), 0.0040235 secs] [Times: user=0.02 sys=0.00, real=0.00 secs] 
1820.138: [GC (Allocation Failure) [PSYoungGen: 70496K->352K(71680K)] 451563K->381419K(592896K), 0.0035122 secs] [Times: user=0.01 sys=0.00, real=0.00 secs] 
1820.879: [GC (Allocation Failure) [PSYoungGen: 69984K->384K(71168K)] 451051K->381451K(592384K), 0.0050013 secs] [Times: user=0.02 sys=0.00, real=0.00 secs] 
1821.526: [GC (Allocation Failure) [PSYoungGen: 69504K->1437K(70144K)] 450571K->382505K(591360K), 0.0038544 secs] [Times: user=0.02 sys=0.00, real=0.00 secs] 
1821.760: [GC (Allocation Failure) [PSYoungGen: 70045K->1501K(70144K)] 451113K->382569K(591360K), 0.0023543 secs] [Times: user=0.01 sys=0.00, real=0.00 secs] 
1821.889: [GC (Allocation Failure) [PSYoungGen: 69597K->1533K(69120K)] 450665K->382601K(590336K), 0.0017713 secs] [Times: user=0.01 sys=0.00, real=0.00 secs] 
1822.027: [GC (Allocation Failure) [PSYoungGen: 69117K->1533K(70144K)] 450185K->382601K(591360K), 0.0021220 secs] [Times: user=0.01 sys=0.00, real=0.00 secs] 
1822.429: [GC (Allocation Failure) [PSYoungGen: 69117K->1424K(70144K)] 450185K->382491K(591360K), 0.0038576 secs] [Times: user=0.02 sys=0.00, real=0.00 secs] 
1823.300: [GC (Allocation Failure) [PSYoungGen: 69008K->1392K(68608K)] 450075K->382459K(589824K), 0.0043595 secs] [Times: user=0.02 sys=0.00, real=0.00 secs] 
1824.106: [GC (Allocation Failure) [PSYoungGen: 68464K->1360K(68096K)] 449531K->382427K(589312K), 0.0044809 secs] [Times: user=0.02 sys=0.00, real=0.00 secs] 
1824.823: [GC (Allocation Failure) [PSYoungGen: 67920K->1408K(67584K)] 448987K->382499K(588800K), 0.0031081 secs] [Times: user=0.01 sys=0.00, real=0.01 secs] 
1825.393: [GC (Allocation Failure) [PSYoungGen: 67441K->1437K(67072K)] 448533K->382529K(588288K), 0.0026239 secs] [Times: user=0.01 sys=0.00, real=0.01 secs] 
1825.543: [GC (Allocation Failure) [PSYoungGen: 66973K->1504K(66560K)] 448065K->382596K(587776K), 0.0016896 secs] [Times: user=0.00 sys=0.00, real=0.00 secs] 
1825.658: [GC (Allocation Failure) [PSYoungGen: 66528K->1485K(66048K)] 447620K->382577K(587264K), 0.0019222 secs] [Times: user=0.01 sys=0.00, real=0.00 secs] 
1825.773: [GC (Allocation Failure) [PSYoungGen: 65997K->1469K(72192K)] 447089K->382577K(593408K), 0.0017772 secs] [Times: user=0.01 sys=0.00, real=0.00 secs] 
1825.978: [GC (Allocation Failure) [PSYoungGen: 72125K->1472K(72704K)] 453233K->382579K(593920K), 0.0020757 secs] [Times: user=0.01 sys=0.00, real=0.00 secs] 
1826.631: [GC (Allocation Failure) [PSYoungGen: 72128K->1360K(71680K)] 453235K->382467K(592896K), 0.0027033 secs] [Times: user=0.01 sys=0.00, real=0.00 secs] 
1827.228: [GC (Allocation Failure) [PSYoungGen: 71504K->1440K(71168K)] 452611K->382547K(592384K), 0.0027912 secs] [Times: user=0.01 sys=0.01, real=0.00 secs] 
1827.772: [GC (Allocation Failure) [PSYoungGen: 71072K->1408K(70656K)] 452179K->382515K(591872K), 0.0025392 secs] [Times: user=0.01 sys=0.00, real=0.00 secs] 
1828.356: [GC (Allocation Failure) [PSYoungGen: 70528K->1472K(70144K)] 451635K->382580K(591360K), 0.0021231 secs] [Times: user=0.01 sys=0.00, real=0.00 secs] 
1828.494: [GC (Allocation Failure) [PSYoungGen: 70080K->1440K(69632K)] 451188K->382548K(590848K), 0.0018240 secs] [Times: user=0.01 sys=0.01, real=0.01 secs] 
1828.613: [GC (Allocation Failure) [PSYoungGen: 69536K->1501K(69120K)] 450644K->382609K(590336K), 0.0019385 secs] [Times: user=0.01 sys=0.00, real=0.01 secs] 
1828.733: [GC (Allocation Failure) [PSYoungGen: 69085K->1501K(75264K)] 450193K->382625K(596480K), 0.0018128 secs] [Times: user=0.00 sys=0.00, real=0.00 secs] 
1829.169: [GC (Allocation Failure) [PSYoungGen: 75229K->1456K(74752K)] 456353K->382579K(595968K), 0.0021639 secs] [Times: user=0.01 sys=0.00, real=0.00 secs] 
1829.566: [GC (Allocation Failure) [PSYoungGen: 74672K->1344K(74240K)] 455795K->382467K(595456K), 0.0024286 secs] [Times: user=0.01 sys=0.00, real=0.00 secs] 
1829.891: [GC (Allocation Failure) [PSYoungGen: 74048K->1408K(73728K)] 455171K->382531K(594944K), 0.0023284 secs] [Times: user=0.01 sys=0.00, real=0.00 secs] 
1830.233: [GC (Allocation Failure) [PSYoungGen: 73600K->1376K(73216K)] 454723K->382499K(594432K), 0.0023788 secs] [Times: user=0.01 sys=0.00, real=0.01 secs] 
1830.511: [GC (Allocation Failure) [PSYoungGen: 73056K->1504K(72704K)] 454179K->382628K(593920K), 0.0018385 secs] [Times: user=0.00 sys=0.00, real=0.00 secs] 
1830.637: [GC (Allocation Failure) [PSYoungGen: 72672K->1453K(72192K)] 453796K->382577K(593408K), 0.0018931 secs] [Times: user=0.00 sys=0.00, real=0.00 secs] 
1830.763: [GC (Allocation Failure) [PSYoungGen: 72109K->1533K(72704K)] 453233K->382657K(593920K), 0.0018536 secs] [Times: user=0.01 sys=0.00, real=0.01 secs] 
1830.890: [GC (Allocation Failure) [PSYoungGen: 72189K->1536K(78848K)] 453313K->382676K(600064K), 0.0019914 secs] [Times: user=0.01 sys=0.00, real=0.00 secs] 
1831.259: [GC (Allocation Failure) [PSYoungGen: 78336K->1456K(78848K)] 459476K->382595K(600064K), 0.0023088 secs] [Times: user=0.01 sys=0.00, real=0.00 secs] 
1831.616: [GC (Allocation Failure) [PSYoungGen: 78256K->1424K(77824K)] 459395K->382587K(599040K), 0.0023964 secs] [Times: user=0.01 sys=0.00, real=0.00 secs] 
1831.935: [GC (Allocation Failure) [PSYoungGen: 77712K->1408K(77312K)] 458875K->382571K(598528K), 0.0035443 secs] [Times: user=0.02 sys=0.00, real=0.01 secs] 
1832.283: [GC (Allocation Failure) [PSYoungGen: 77184K->1405K(76800K)] 458347K->382569K(598016K), 0.0029294 secs] [Times: user=0.01 sys=0.00, real=0.01 secs] 
1832.511: [GC (Allocation Failure) [PSYoungGen: 76669K->1485K(76288K)] 457833K->382649K(597504K), 0.0021060 secs] [Times: user=0.01 sys=0.00, real=0.00 secs] 
1832.646: [GC (Allocation Failure) [PSYoungGen: 76237K->1501K(82944K)] 457401K->382665K(604160K), 0.0018725 secs] [Times: user=0.01 sys=0.00, real=0.00 secs] 
1832.789: [GC (Allocation Failure) [PSYoungGen: 82909K->1533K(83456K)] 464073K->382697K(604672K), 0.0018654 secs] [Times: user=0.01 sys=0.00, real=0.00 secs] 
1834.622: [GC (Allocation Failure) [PSYoungGen: 82941K->1408K(82432K)] 464105K->382579K(603648K), 0.0050245 secs] [Times: user=0.02 sys=0.00, real=0.01 secs] 
1835.319: [GC (Allocation Failure) [PSYoungGen: 82304K->1408K(81920K)] 463475K->382579K(603136K), 0.0031506 secs] [Times: user=0.02 sys=0.00, real=0.00 secs] 
1835.862: [GC (Allocation Failure) [PSYoungGen: 81792K->1408K(81408K)] 462963K->382579K(602624K), 0.0023331 secs] [Times: user=0.01 sys=0.00, real=0.00 secs] 
1836.265: [GC (Allocation Failure) [PSYoungGen: 81280K->1472K(80896K)] 462451K->382644K(602112K), 0.0023208 secs] [Times: user=0.01 sys=0.00, real=0.01 secs] 
1836.445: [GC (Allocation Failure) [PSYoungGen: 80832K->1533K(80384K)] 462004K->382705K(601600K), 0.0021312 secs] [Times: user=0.01 sys=0.00, real=0.01 secs] 
1836.629: [GC (Allocation Failure) [PSYoungGen: 80381K->1536K(80384K)] 461553K->382708K(601600K), 0.0023086 secs] [Times: user=0.01 sys=0.00, real=0.00 secs] 
1836.898: [GC (Allocation Failure) [PSYoungGen: 79872K->448K(78336K)] 461044K->382643K(599552K), 0.0020661 secs] [Times: user=0.01 sys=0.00, real=0.00 secs] 
1837.746: [GC (Allocation Failure) [PSYoungGen: 78272K->352K(79360K)] 460467K->382547K(600576K), 0.0031112 secs] [Times: user=0.01 sys=0.00, real=0.00 secs] 
1838.671: [GC (Allocation Failure) [PSYoungGen: 77664K->352K(77312K)] 459859K->382547K(598528K), 0.0038369 secs] [Times: user=0.02 sys=0.00, real=0.00 secs] 
1839.475: [GC (Allocation Failure) [PSYoungGen: 77152K->352K(76800K)] 459347K->382547K(598016K), 0.0027707 secs] [Times: user=0.01 sys=0.00, real=0.01 secs] 
1839.992: [GC (Allocation Failure) [PSYoungGen: 76640K->1501K(77312K)] 458835K->383697K(598528K), 0.0021515 secs] [Times: user=0.01 sys=0.00, real=0.00 secs] 
1840.171: [GC (Allocation Failure) [PSYoungGen: 77277K->1501K(76800K)] 459473K->383697K(598016K), 0.0023198 secs] [Times: user=0.01 sys=0.00, real=0.00 secs] 
1840.378: [GC (Allocation Failure) [PSYoungGen: 76765K->1469K(76288K)] 458961K->383665K(597504K), 0.0025798 secs] [Times: user=0.01 sys=0.00, real=0.00 secs] 
1840.717: [GC (Allocation Failure) [PSYoungGen: 76221K->1568K(76288K)] 458417K->383763K(597504K), 0.0034183 secs] [Times: user=0.01 sys=0.00, real=0.00 secs] 
1842.238: [GC (Allocation Failure) [PSYoungGen: 75808K->1344K(75264K)] 458003K->383539K(596480K), 0.0045261 secs] [Times: user=0.02 sys=0.00, real=0.00 secs] 
1843.153: [GC (Allocation Failure) [PSYoungGen: 75072K->1376K(74752K)] 457267K->383571K(595968K), 0.0046232 secs] [Times: user=0.01 sys=0.00, real=0.01 secs] 
1844.035: [GC (Allocation Failure) [PSYoungGen: 74592K->1408K(74240K)] 456787K->383603K(595456K), 0.0049782 secs] [Times: user=0.02 sys=0.00, real=0.00 secs] 
1844.949: [GC (Allocation Failure) [PSYoungGen: 74112K->1472K(73728K)] 456307K->383668K(594944K), 0.0037251 secs] [Times: user=0.02 sys=0.00, real=0.00 secs] 
1845.151: [GC (Allocation Failure) [PSYoungGen: 73664K->1504K(73216K)] 455860K->383700K(594432K), 0.0018629 secs] [Times: user=0.01 sys=0.00, real=0.00 secs] 
1845.277: [GC (Allocation Failure) [PSYoungGen: 73184K->1501K(72704K)] 455380K->383697K(593920K), 0.0018381 secs] [Times: user=0.01 sys=0.00, real=0.00 secs] 
1845.402: [GC (Allocation Failure) [PSYoungGen: 72669K->1501K(72192K)] 454865K->383697K(593408K), 0.0018524 secs] [Times: user=0.01 sys=0.00, real=0.00 secs] 
1845.682: [GC (Allocation Failure) [PSYoungGen: 72157K->1408K(71680K)] 454353K->383603K(592896K), 0.0021077 secs] [Times: user=0.00 sys=0.01, real=0.00 secs] 
1845.986: [GC (Allocation Failure) [PSYoungGen: 71552K->1408K(71168K)] 453747K->383627K(592384K), 0.0021426 secs] [Times: user=0.01 sys=0.00, real=0.00 secs] 
1846.345: [GC (Allocation Failure) [PSYoungGen: 71040K->1344K(70656K)] 453259K->383563K(591872K), 0.0022461 secs] [Times: user=0.01 sys=0.00, real=0.00 secs] 
1846.633: [GC (Allocation Failure) [PSYoungGen: 70464K->1376K(70144K)] 452683K->383595K(591360K), 0.0021738 secs] [Times: user=0.00 sys=0.00, real=0.00 secs] 
1846.885: [GC (Allocation Failure) [PSYoungGen: 69984K->1533K(69632K)] 452203K->383753K(590848K), 0.0018829 secs] [Times: user=0.00 sys=0.00, real=0.00 secs] 
1847.004: [GC (Allocation Failure) [PSYoungGen: 69617K->1485K(69120K)] 451837K->383705K(590336K), 0.0017201 secs] [Times: user=0.00 sys=0.00, real=0.01 secs] 
1847.123: [GC (Allocation Failure) [PSYoungGen: 69069K->1485K(70656K)] 451289K->383705K(591872K), 0.0018627 secs] [Times: user=0.00 sys=0.00, real=0.01 secs] 
1847.244: [GC (Allocation Failure) [PSYoungGen: 70068K->1501K(75776K)] 452288K->383729K(596992K), 0.0020255 secs] [Times: user=0.01 sys=0.00, real=0.01 secs] 
1848.651: [GC (Allocation Failure) [PSYoungGen: 75229K->1360K(74752K)] 457457K->383587K(595968K), 0.0038193 secs] [Times: user=0.01 sys=0.00, real=0.00 secs] 
1849.381: [GC (Allocation Failure) [PSYoungGen: 74576K->1408K(74240K)] 456803K->383635K(595456K), 0.0033559 secs] [Times: user=0.02 sys=0.00, real=0.00 secs] 
1849.863: [GC (Allocation Failure) [PSYoungGen: 74112K->1408K(73728K)] 456339K->383635K(594944K), 0.0023047 secs] [Times: user=0.01 sys=0.00, real=0.00 secs] 
1850.163: [GC (Allocation Failure) [PSYoungGen: 73600K->1344K(73216K)] 455827K->383571K(594432K), 0.0023415 secs] [Times: user=0.01 sys=0.00, real=0.00 secs] 
1850.334: [GC (Allocation Failure) [PSYoungGen: 73024K->1533K(72704K)] 455251K->383761K(593920K), 0.0018472 secs] [Times: user=0.00 sys=0.00, real=0.01 secs] 
1850.459: [GC (Allocation Failure) [PSYoungGen: 72701K->1408K(73216K)] 454929K->383636K(594432K), 0.0023860 secs] [Times: user=0.01 sys=0.00, real=0.00 secs] 
1850.586: [GC (Allocation Failure) [PSYoungGen: 72576K->1533K(73216K)] 454804K->383761K(594432K), 0.0018562 secs] [Times: user=0.01 sys=0.00, real=0.00 secs] 
1850.875: [GC (Allocation Failure) [PSYoungGen: 72701K->1440K(78848K)] 454929K->383667K(600064K), 0.0019705 secs] [Times: user=0.00 sys=0.00, real=0.01 secs] 
1851.510: [GC (Allocation Failure) [PSYoungGen: 78752K->1344K(78336K)] 460979K->383571K(599552K), 0.0019824 secs] [Times: user=0.01 sys=0.00, real=0.00 secs] 
1852.209: [GC (Allocation Failure) [PSYoungGen: 78144K->1408K(77824K)] 460371K->383635K(599040K), 0.0021302 secs] [Times: user=0.00 sys=0.01, real=0.00 secs] 
1852.626: [GC (Allocation Failure) [PSYoungGen: 77696K->1376K(77312K)] 459923K->383603K(598528K), 0.0024414 secs] [Times: user=0.01 sys=0.00, real=0.00 secs] 
1852.888: [GC (Allocation Failure) [PSYoungGen: 77152K->1517K(76800K)] 459379K->383745K(598016K), 0.0018606 secs] [Times: user=0.01 sys=0.00, real=0.00 secs] 
1853.019: [GC (Allocation Failure) [PSYoungGen: 76781K->1501K(76288K)] 459009K->383729K(597504K), 0.0018512 secs] [Times: user=0.01 sys=0.00, real=0.00 secs] 
1853.150: [GC (Allocation Failure) [PSYoungGen: 76253K->1501K(75776K)] 458481K->383729K(596992K), 0.0018528 secs] [Times: user=0.01 sys=0.00, real=0.00 secs] 
1853.365: [GC (Allocation Failure) [PSYoungGen: 75741K->1440K(75264K)] 457969K->383699K(596480K), 0.0019189 secs] [Times: user=0.01 sys=0.00, real=0.00 secs] 
1853.955: [GC (Allocation Failure) [PSYoungGen: 75168K->1344K(74752K)] 457427K->383611K(595968K), 0.0023022 secs] [Times: user=0.01 sys=0.00, real=0.01 secs] 
1854.574: [GC (Allocation Failure) [PSYoungGen: 74560K->1376K(74240K)] 456827K->383643K(595456K), 0.0023249 secs] [Times: user=0.01 sys=0.00, real=0.01 secs] 
1855.099: [GC (Allocation Failure) [PSYoungGen: 74080K->1344K(73728K)] 456347K->383611K(594944K), 0.0024740 secs] [Times: user=0.01 sys=0.00, real=0.00 secs] 
1855.381: [GC (Allocation Failure) [PSYoungGen: 73536K->1501K(73216K)] 455803K->383769K(594432K), 0.0018922 secs] [Times: user=0.00 sys=0.00, real=0.00 secs] 
1855.507: [GC (Allocation Failure) [PSYoungGen: 73181K->1485K(72704K)] 455449K->383753K(593920K), 0.0017556 secs] [Times: user=0.00 sys=0.00, real=0.00 secs] 
1855.632: [GC (Allocation Failure) [PSYoungGen: 72653K->1533K(72192K)] 454921K->383801K(593408K), 0.0018877 secs] [Times: user=0.00 sys=0.00, real=0.00 secs] 
1855.756: [GC (Allocation Failure) [PSYoungGen: 72189K->1485K(72704K)] 454457K->383753K(593920K), 0.0018643 secs] [Times: user=0.01 sys=0.00, real=0.00 secs] 
1856.425: [GC (Allocation Failure) [PSYoungGen: 72141K->1440K(71680K)] 454409K->383707K(592896K), 0.0022548 secs] [Times: user=0.01 sys=0.00, real=0.01 secs] 
1857.266: [GC (Allocation Failure) [PSYoungGen: 71584K->1344K(71168K)] 453851K->383611K(592384K), 0.0037057 secs] [Times: user=0.01 sys=0.00, real=0.00 secs] 
1857.931: [GC (Allocation Failure) [PSYoungGen: 70976K->1408K(70656K)] 453243K->383675K(591872K), 0.0040568 secs] [Times: user=0.02 sys=0.00, real=0.00 secs] 
1858.587: [GC (Allocation Failure) [PSYoungGen: 70528K->1376K(70144K)] 452795K->383643K(591360K), 0.0033808 secs] [Times: user=0.01 sys=0.01, real=0.00 secs] 
1858.973: [GC (Allocation Failure) [PSYoungGen: 69984K->1517K(69632K)] 452251K->383785K(590848K), 0.0024119 secs] [Times: user=0.01 sys=0.00, real=0.01 secs] 
1859.118: [GC (Allocation Failure) [PSYoungGen: 69613K->1469K(69120K)] 451881K->383737K(590336K), 0.0018505 secs] [Times: user=0.01 sys=0.00, real=0.00 secs] 
1859.237: [GC (Allocation Failure) [PSYoungGen: 69053K->1501K(68608K)] 451321K->383769K(589824K), 0.0018638 secs] [Times: user=0.00 sys=0.00, real=0.00 secs] 
1859.355: [GC (Allocation Failure) [PSYoungGen: 68550K->1469K(69120K)] 450818K->383753K(590336K), 0.0018751 secs] [Times: user=0.01 sys=0.00, real=0.01 secs] 
1859.807: [GC (Allocation Failure) [PSYoungGen: 68541K->1424K(69120K)] 450825K->383707K(590336K), 0.0034133 secs] [Times: user=0.02 sys=0.00, real=0.00 secs] 
1860.367: [GC (Allocation Failure) [PSYoungGen: 68496K->1312K(68096K)] 450779K->383595K(589312K), 0.0032131 secs] [Times: user=0.01 sys=0.00, real=0.00 secs] 
1860.911: [GC (Allocation Failure) [PSYoungGen: 67872K->1376K(67584K)] 450155K->383659K(588800K), 0.0048840 secs] [Times: user=0.02 sys=0.00, real=0.01 secs] 
1861.514: [GC (Allocation Failure) [PSYoungGen: 67424K->1408K(67072K)] 449707K->383691K(588288K), 0.0034239 secs] [Times: user=0.02 sys=0.00, real=0.01 secs] 
1861.878: [GC (Allocation Failure) [PSYoungGen: 66944K->1501K(66560K)] 449227K->383785K(587776K), 0.0023154 secs] [Times: user=0.01 sys=0.00, real=0.00 secs] 
1862.009: [GC (Allocation Failure) [PSYoungGen: 66525K->1501K(66048K)] 448809K->383785K(587264K), 0.0017883 secs] [Times: user=0.01 sys=0.00, real=0.00 secs] 
1862.125: [GC (Allocation Failure) [PSYoungGen: 66013K->1469K(72704K)] 448297K->383753K(593920K), 0.0017704 secs] [Times: user=0.01 sys=0.00, real=0.01 secs] 
1862.250: [GC (Allocation Failure) [PSYoungGen: 72125K->1485K(72704K)] 454409K->383785K(593920K), 0.0018012 secs] [Times: user=0.01 sys=0.00, real=0.00 secs] 
1862.816: [GC (Allocation Failure) [PSYoungGen: 72141K->1408K(71680K)] 454441K->383715K(592896K), 0.0022904 secs] [Times: user=0.01 sys=0.00, real=0.00 secs] 
1863.400: [GC (Allocation Failure) [PSYoungGen: 71552K->1408K(71168K)] 453859K->383715K(592384K), 0.0025815 secs] [Times: user=0.01 sys=0.00, real=0.00 secs] 
1864.000: [GC (Allocation Failure) [PSYoungGen: 71040K->1376K(70656K)] 453347K->383683K(591872K), 0.0026775 secs] [Times: user=0.01 sys=0.00, real=0.00 secs] 
1864.402: [GC (Allocation Failure) [PSYoungGen: 70496K->1376K(70144K)] 452803K->383683K(591360K), 0.0025371 secs] [Times: user=0.01 sys=0.00, real=0.00 secs] 
1864.637: [GC (Allocation Failure) [PSYoungGen: 69984K->1501K(69632K)] 452291K->383809K(590848K), 0.0018890 secs] [Times: user=0.01 sys=0.00, real=0.00 secs] 
1864.758: [GC (Allocation Failure) [PSYoungGen: 69597K->1533K(69120K)] 451905K->383841K(590336K), 0.0017475 secs] [Times: user=0.01 sys=0.00, real=0.00 secs] 
1864.878: [GC (Allocation Failure) [PSYoungGen: 69117K->1469K(69632K)] 451425K->383777K(590848K), 0.0018668 secs] [Times: user=0.00 sys=0.00, real=0.00 secs] 
1864.998: [GC (Allocation Failure) [PSYoungGen: 69053K->1472K(75776K)] 451361K->383804K(596992K), 0.0018870 secs] [Times: user=0.00 sys=0.00, real=0.00 secs] 
1866.013: [GC (Allocation Failure) [PSYoungGen: 75200K->1376K(74752K)] 457532K->383707K(595968K), 0.0025739 secs] [Times: user=0.01 sys=0.00, real=0.01 secs] 
1867.363: [GC (Allocation Failure) [PSYoungGen: 74592K->1344K(74240K)] 456923K->383675K(595456K), 0.0022561 secs] [Times: user=0.01 sys=0.00, real=0.00 secs] 
1868.303: [GC (Allocation Failure) [PSYoungGen: 74048K->1360K(73728K)] 456379K->383691K(594944K), 0.0029360 secs] [Times: user=0.01 sys=0.00, real=0.01 secs] 
1869.208: [GC (Allocation Failure) [PSYoungGen: 73552K->1485K(73216K)] 455883K->383817K(594432K), 0.0027248 secs] [Times: user=0.01 sys=0.00, real=0.00 secs] 
1869.369: [GC (Allocation Failure) [PSYoungGen: 73165K->1469K(72704K)] 455497K->383801K(593920K), 0.0018727 secs] [Times: user=0.01 sys=0.00, real=0.00 secs] 
1869.494: [GC (Allocation Failure) [PSYoungGen: 72637K->1501K(72192K)] 454969K->383833K(593408K), 0.0018485 secs] [Times: user=0.00 sys=0.00, real=0.01 secs] 
1869.642: [GC (Allocation Failure) [PSYoungGen: 72157K->1533K(72704K)] 454489K->383865K(593920K), 0.0022037 secs] [Times: user=0.01 sys=0.00, real=0.00 secs] 
1869.903: [GC (Allocation Failure) [PSYoungGen: 72189K->1440K(78848K)] 454521K->383771K(600064K), 0.0024208 secs] [Times: user=0.00 sys=0.00, real=0.01 secs] 
1870.223: [GC (Allocation Failure) [PSYoungGen: 78240K->1376K(77824K)] 460571K->383707K(599040K), 0.0022074 secs] [Times: user=0.01 sys=0.00, real=0.01 secs] 
1870.541: [GC (Allocation Failure) [PSYoungGen: 77664K->1344K(77312K)] 459995K->383675K(598528K), 0.0022828 secs] [Times: user=0.01 sys=0.00, real=0.00 secs] 
1870.856: [GC (Allocation Failure) [PSYoungGen: 77120K->1360K(76800K)] 459451K->383691K(598016K), 0.0022679 secs] [Times: user=0.01 sys=0.00, real=0.00 secs] 
1871.066: [GC (Allocation Failure) [PSYoungGen: 76624K->1517K(76288K)] 458955K->383849K(597504K), 0.0018981 secs] [Times: user=0.01 sys=0.00, real=0.00 secs] 
1871.218: [GC (Allocation Failure) [PSYoungGen: 76269K->1501K(75776K)] 458601K->383833K(596992K), 0.0021379 secs] [Times: user=0.01 sys=0.00, real=0.00 secs] 
1871.397: [GC (Allocation Failure) [PSYoungGen: 75741K->1533K(76288K)] 458073K->383865K(597504K), 0.0022574 secs] [Times: user=0.01 sys=0.00, real=0.00 secs] 
1871.639: [GC (Allocation Failure) [PSYoungGen: 75773K->1440K(76288K)] 458105K->383771K(597504K), 0.0024826 secs] [Times: user=0.02 sys=0.00, real=0.00 secs] 
1872.058: [GC (Allocation Failure) [PSYoungGen: 75680K->1408K(75264K)] 458011K->383747K(596480K), 0.0024184 secs] [Times: user=0.00 sys=0.00, real=0.00 secs] 
1872.590: [GC (Allocation Failure) [PSYoungGen: 75136K->1360K(74752K)] 457475K->383731K(595968K), 0.0025325 secs] [Times: user=0.01 sys=0.01, real=0.00 secs] 
1873.167: [GC (Allocation Failure) [PSYoungGen: 74576K->1376K(74240K)] 456947K->383747K(595456K), 0.0024644 secs] [Times: user=0.01 sys=0.00, real=0.00 secs] 
1873.617: [GC (Allocation Failure) [PSYoungGen: 74080K->1501K(73728K)] 456451K->383873K(594944K), 0.0032383 secs] [Times: user=0.01 sys=0.00, real=0.00 secs] 
1873.752: [GC (Allocation Failure) [PSYoungGen: 73693K->1469K(73216K)] 456065K->383841K(594432K), 0.0018238 secs] [Times: user=0.01 sys=0.00, real=0.00 secs] 
1873.876: [GC (Allocation Failure) [PSYoungGen: 73149K->1469K(79360K)] 455521K->383841K(600576K), 0.0018365 secs] [Times: user=0.00 sys=0.00, real=0.00 secs] 
1874.016: [GC (Allocation Failure) [PSYoungGen: 79293K->1501K(79872K)] 461665K->383873K(601088K), 0.0018694 secs] [Times: user=0.01 sys=0.00, real=0.00 secs] 
1874.380: [GC (Allocation Failure) [PSYoungGen: 79325K->1360K(78848K)] 461697K->383731K(600064K), 0.0022010 secs] [Times: user=0.01 sys=0.00, real=0.00 secs] 
1874.869: [GC (Allocation Failure) [PSYoungGen: 78672K->1328K(78336K)] 461043K->383699K(599552K), 0.0025626 secs] [Times: user=0.01 sys=0.00, real=0.00 secs] 
1875.588: [GC (Allocation Failure) [PSYoungGen: 78128K->1344K(77824K)] 460499K->383715K(599040K), 0.0040165 secs] [Times: user=0.01 sys=0.00, real=0.00 secs] 
1876.247: [GC (Allocation Failure) [PSYoungGen: 77632K->1501K(77312K)] 460003K->383873K(598528K), 0.0030516 secs] [Times: user=0.02 sys=0.00, real=0.00 secs] 
1876.492: [GC (Allocation Failure) [PSYoungGen: 77277K->1453K(76800K)] 459649K->383825K(598016K), 0.0022175 secs] [Times: user=0.01 sys=0.00, real=0.00 secs] 
1876.686: [GC (Allocation Failure) [PSYoungGen: 76717K->1533K(76288K)] 459089K->383905K(597504K), 0.0022509 secs] [Times: user=0.00 sys=0.00, real=0.00 secs] 
1876.870: [GC (Allocation Failure) [PSYoungGen: 76285K->1533K(75776K)] 458657K->383905K(596992K), 0.0022502 secs] [Times: user=0.01 sys=0.00, real=0.00 secs] 
1877.694: [GC (Allocation Failure) [PSYoungGen: 75773K->1440K(75264K)] 458145K->383811K(596480K), 0.0037060 secs] [Times: user=0.01 sys=0.00, real=0.01 secs] 
1878.397: [GC (Allocation Failure) [PSYoungGen: 75168K->1344K(74752K)] 457539K->383715K(595968K), 0.0028598 secs] [Times: user=0.01 sys=0.00, real=0.00 secs] 
1878.881: [GC (Allocation Failure) [PSYoungGen: 74560K->1376K(74240K)] 456931K->383747K(595456K), 0.0027765 secs] [Times: user=0.01 sys=0.00, real=0.00 secs] 
1879.403: [GC (Allocation Failure) [PSYoungGen: 74080K->1440K(73728K)] 456451K->383812K(594944K), 0.0028394 secs] [Times: user=0.01 sys=0.01, real=0.01 secs] 
1879.633: [GC (Allocation Failure) [PSYoungGen: 73632K->1485K(73216K)] 456004K->383857K(594432K), 0.0022731 secs] [Times: user=0.01 sys=0.00, real=0.00 secs] 
1879.822: [GC (Allocation Failure) [PSYoungGen: 73165K->1501K(72704K)] 455537K->383873K(593920K), 0.0024685 secs] [Times: user=0.00 sys=0.00, real=0.00 secs] 
1880.008: [GC (Allocation Failure) [PSYoungGen: 72669K->1517K(72192K)] 455041K->383889K(593408K), 0.0022527 secs] [Times: user=0.01 sys=0.00, real=0.00 secs] 
1880.619: [GC (Allocation Failure) [PSYoungGen: 72173K->1440K(71680K)] 454545K->383811K(592896K), 0.0037546 secs] [Times: user=0.01 sys=0.00, real=0.00 secs] 
1881.418: [GC (Allocation Failure) [PSYoungGen: 71584K->1376K(71168K)] 453955K->383747K(592384K), 0.0025711 secs] [Times: user=0.01 sys=0.00, real=0.00 secs] 
1882.013: [GC (Allocation Failure) [PSYoungGen: 71008K->1408K(70656K)] 453379K->383779K(591872K), 0.0022439 secs] [Times: user=0.01 sys=0.00, real=0.01 secs] 
1882.783: [GC (Allocation Failure) [PSYoungGen: 70528K->1408K(70144K)] 452899K->383779K(591360K), 0.0026298 secs] [Times: user=0.01 sys=0.00, real=0.01 secs] 
1883.224: [GC (Allocation Failure) [PSYoungGen: 70016K->1453K(69632K)] 452387K->383825K(590848K), 0.0022396 secs] [Times: user=0.01 sys=0.00, real=0.01 secs] 
1883.348: [GC (Allocation Failure) [PSYoungGen: 69549K->1517K(69120K)] 451921K->383889K(590336K), 0.0019563 secs] [Times: user=0.01 sys=0.00, real=0.00 secs] 
1883.469: [GC (Allocation Failure) [PSYoungGen: 69101K->1472K(68608K)] 451473K->383844K(589824K), 0.0018305 secs] [Times: user=0.01 sys=0.00, real=0.00 secs] 
1883.588: [GC (Allocation Failure) [PSYoungGen: 68516K->1453K(69120K)] 450888K->383825K(590336K), 0.0019728 secs] [Times: user=0.01 sys=0.00, real=0.00 secs] 
1884.160: [GC (Allocation Failure) [PSYoungGen: 68525K->1440K(69120K)] 450897K->383835K(590336K), 0.0040308 secs] [Times: user=0.02 sys=0.00, real=0.00 secs] 
1884.816: [GC (Allocation Failure) [PSYoungGen: 68512K->1376K(68096K)] 450907K->383771K(589312K), 0.0037841 secs] [Times: user=0.02 sys=0.00, real=0.00 secs] 
1885.385: [GC (Allocation Failure) [PSYoungGen: 67936K->1408K(67584K)] 450331K->383803K(588800K), 0.0033058 secs] [Times: user=0.01 sys=0.00, real=0.01 secs] 
1885.900: [GC (Allocation Failure) [PSYoungGen: 67456K->1408K(67072K)] 449851K->383803K(588288K), 0.0027963 secs] [Times: user=0.01 sys=0.00, real=0.00 secs] 
1886.339: [GC (Allocation Failure) [PSYoungGen: 66944K->1469K(66560K)] 449339K->383865K(587776K), 0.0024775 secs] [Times: user=0.01 sys=0.00, real=0.00 secs] 
1886.533: [GC (Allocation Failure) [PSYoungGen: 66493K->1533K(66048K)] 448889K->383929K(587264K), 0.0024430 secs] [Times: user=0.01 sys=0.00, real=0.00 secs] 
1886.672: [GC (Allocation Failure) [PSYoungGen: 66045K->1501K(65536K)] 448441K->383897K(586752K), 0.0016956 secs] [Times: user=0.01 sys=0.00, real=0.00 secs] 
1886.785: [GC (Allocation Failure) [PSYoungGen: 65501K->1533K(71168K)] 447897K->383945K(592384K), 0.0019472 secs] [Times: user=0.00 sys=0.00, real=0.01 secs] 
1887.779: [GC (Allocation Failure) [PSYoungGen: 71165K->1440K(70656K)] 453577K->383851K(591872K), 0.0046544 secs] [Times: user=0.02 sys=0.01, real=0.00 secs] 
1888.733: [GC (Allocation Failure) [PSYoungGen: 70560K->1376K(70144K)] 452971K->383787K(591360K), 0.0049627 secs] [Times: user=0.02 sys=0.00, real=0.01 secs] 
1889.488: [GC (Allocation Failure) [PSYoungGen: 69984K->1408K(69632K)] 452395K->383819K(590848K), 0.0047551 secs] [Times: user=0.02 sys=0.00, real=0.00 secs] 
1890.371: [GC (Allocation Failure) [PSYoungGen: 69504K->1344K(69120K)] 451915K->383755K(590336K), 0.0037377 secs] [Times: user=0.02 sys=0.00, real=0.00 secs] 
1891.138: [GC (Allocation Failure) [PSYoungGen: 68928K->1501K(68608K)] 451339K->383913K(589824K), 0.0030563 secs] [Times: user=0.01 sys=0.00, real=0.00 secs] 
1891.315: [GC (Allocation Failure) [PSYoungGen: 68548K->1469K(68096K)] 450960K->383881K(589312K), 0.0018671 secs] [Times: user=0.01 sys=0.00, real=0.01 secs] 
1891.431: [GC (Allocation Failure) [PSYoungGen: 68029K->1501K(67584K)] 450441K->383913K(588800K), 0.0018222 secs] [Times: user=0.01 sys=0.00, real=0.00 secs] 
1891.547: [GC (Allocation Failure) [PSYoungGen: 67549K->1533K(68096K)] 449961K->383961K(589312K), 0.0017890 secs] [Times: user=0.01 sys=0.00, real=0.00 secs] 
1891.782: [GC (Allocation Failure) [PSYoungGen: 67581K->1440K(68096K)] 450009K->383867K(589312K), 0.0025297 secs] [Times: user=0.01 sys=0.00, real=0.00 secs] 
1892.113: [GC (Allocation Failure) [PSYoungGen: 67488K->1408K(67072K)] 449915K->383835K(588288K), 0.0023057 secs] [Times: user=0.01 sys=0.00, real=0.01 secs] 
1892.397: [GC (Allocation Failure) [PSYoungGen: 66944K->1376K(66560K)] 449371K->383803K(587776K), 0.0022160 secs] [Times: user=0.01 sys=0.00, real=0.00 secs] 
1892.677: [GC (Allocation Failure) [PSYoungGen: 66400K->1408K(66048K)] 448827K->383835K(587264K), 0.0020200 secs] [Times: user=0.01 sys=0.00, real=0.00 secs] 
1892.992: [GC (Allocation Failure) [PSYoungGen: 65897K->1469K(65536K)] 448325K->383897K(586752K), 0.0023446 secs] [Times: user=0.01 sys=0.00, real=0.00 secs] 
1893.107: [GC (Allocation Failure) [PSYoungGen: 65469K->1520K(71168K)] 447897K->383948K(592384K), 0.0017987 secs] [Times: user=0.01 sys=0.00, real=0.00 secs] 
1893.230: [GC (Allocation Failure) [PSYoungGen: 71152K->1517K(71680K)] 453580K->383945K(592896K), 0.0018206 secs] [Times: user=0.01 sys=0.00, real=0.00 secs] 
1893.354: [GC (Allocation Failure) [PSYoungGen: 71149K->1549K(78336K)] 453577K->384001K(599552K), 0.0037082 secs] [Times: user=0.00 sys=0.01, real=0.01 secs] 
1894.709: [GC (Allocation Failure) [PSYoungGen: 77837K->1440K(78336K)] 460289K->383891K(599552K), 0.0050180 secs] [Times: user=0.02 sys=0.00, real=0.00 secs] 
1895.585: [GC (Allocation Failure) [PSYoungGen: 77728K->1392K(84992K)] 460179K->383843K(606208K), 0.0053105 secs] [Times: user=0.02 sys=0.01, real=0.01 secs] 
1896.307: [GC (Allocation Failure) [PSYoungGen: 84848K->1344K(84480K)] 467299K->383795K(605696K), 0.0030699 secs] [Times: user=0.01 sys=0.00, real=0.00 secs] 
1897.118: [GC (Allocation Failure) [PSYoungGen: 84288K->1376K(83968K)] 466739K->383827K(605184K), 0.0031738 secs] [Times: user=0.01 sys=0.00, real=0.00 secs] 
1897.397: [GC (Allocation Failure) [PSYoungGen: 83808K->1501K(83456K)] 466259K->383953K(604672K), 0.0018960 secs] [Times: user=0.00 sys=0.00, real=0.00 secs] 
1897.540: [GC (Allocation Failure) [PSYoungGen: 83421K->1517K(82944K)] 465873K->383969K(604160K), 0.0017492 secs] [Times: user=0.01 sys=0.00, real=0.00 secs] 
1897.709: [GC (Allocation Failure) [PSYoungGen: 82925K->1533K(82432K)] 465377K->383985K(603648K), 0.0021183 secs] [Times: user=0.01 sys=0.00, real=0.00 secs] 
1898.154: [GC (Allocation Failure) [PSYoungGen: 82429K->1376K(81920K)] 464881K->383835K(603136K), 0.0023685 secs] [Times: user=0.01 sys=0.00, real=0.01 secs] 
1898.510: [GC (Allocation Failure) [PSYoungGen: 81760K->1408K(81408K)] 464219K->383867K(602624K), 0.0023719 secs] [Times: user=0.01 sys=0.00, real=0.00 secs] 
1898.889: [GC (Allocation Failure) [PSYoungGen: 81280K->1376K(80896K)] 463739K->383835K(602112K), 0.0022839 secs] [Times: user=0.01 sys=0.00, real=0.00 secs] 
1899.246: [GC (Allocation Failure) [PSYoungGen: 80736K->1453K(80384K)] 463195K->383913K(601600K), 0.0018578 secs] [Times: user=0.01 sys=0.00, real=0.00 secs] 
1899.386: [GC (Allocation Failure) [PSYoungGen: 80301K->1501K(79872K)] 462761K->383961K(601088K), 0.0018302 secs] [Times: user=0.01 sys=0.00, real=0.00 secs] 
1899.523: [GC (Allocation Failure) [PSYoungGen: 79837K->1533K(79360K)] 462297K->383993K(600576K), 0.0018715 secs] [Times: user=0.01 sys=0.00, real=0.00 secs] 
1899.660: [GC (Allocation Failure) [PSYoungGen: 79357K->1501K(79872K)] 461817K->383961K(601088K), 0.0018232 secs] [Times: user=0.01 sys=0.00, real=0.00 secs] 
1900.650: [GC (Allocation Failure) [PSYoungGen: 79325K->1408K(78848K)] 461785K->383867K(600064K), 0.0024112 secs] [Times: user=0.01 sys=0.00, real=0.00 secs] 
1901.798: [GC (Allocation Failure) [PSYoungGen: 78720K->1376K(78336K)] 461179K->383835K(599552K), 0.0039216 secs] [Times: user=0.02 sys=0.00, real=0.00 secs] 
1903.141: [GC (Allocation Failure) [PSYoungGen: 78176K->1376K(77824K)] 460635K->383835K(599040K), 0.0037906 secs] [Times: user=0.02 sys=0.00, real=0.00 secs] 
1903.901: [GC (Allocation Failure) [PSYoungGen: 77664K->1501K(77312K)] 460123K->383961K(598528K), 0.0025353 secs] [Times: user=0.01 sys=0.00, real=0.00 secs] 
1904.123: [GC (Allocation Failure) [PSYoungGen: 77277K->1501K(76800K)] 459737K->383961K(598016K), 0.0024427 secs] [Times: user=0.01 sys=0.00, real=0.00 secs] 
1904.319: [GC (Allocation Failure) [PSYoungGen: 76765K->1533K(76288K)] 459225K->384009K(597504K), 0.0023015 secs] [Times: user=0.01 sys=0.00, real=0.00 secs] 
1904.482: [GC (Allocation Failure) [PSYoungGen: 76285K->1501K(75776K)] 458761K->383977K(596992K), 0.0019203 secs] [Times: user=0.01 sys=0.00, real=0.00 secs] 
1905.555: [GC (Allocation Failure) [PSYoungGen: 75741K->1376K(75264K)] 458217K->383851K(596480K), 0.0047928 secs] [Times: user=0.02 sys=0.00, real=0.01 secs] 
1906.630: [GC (Allocation Failure) [PSYoungGen: 75104K->1376K(74752K)] 457579K->383859K(595968K), 0.0040614 secs] [Times: user=0.01 sys=0.00, real=0.00 secs] 
1907.714: [GC (Allocation Failure) [PSYoungGen: 74592K->1408K(74240K)] 457075K->383899K(595456K), 0.0039209 secs] [Times: user=0.02 sys=0.00, real=0.01 secs] 
1908.654: [GC (Allocation Failure) [PSYoungGen: 74112K->1549K(74240K)] 456603K->384041K(595456K), 0.0036068 secs] [Times: user=0.02 sys=0.00, real=0.01 secs] 
1908.865: [GC (Allocation Failure) [PSYoungGen: 73741K->1501K(73216K)] 456233K->383993K(594432K), 0.0017092 secs] [Times: user=0.01 sys=0.00, real=0.01 secs] 
1909.011: [GC (Allocation Failure) [PSYoungGen: 73181K->1501K(72704K)] 455673K->383993K(593920K), 0.0021984 secs] [Times: user=0.01 sys=0.00, real=0.00 secs] 
1909.176: [GC (Allocation Failure) [PSYoungGen: 72669K->1517K(72192K)] 455161K->384009K(593408K), 0.0021290 secs] [Times: user=0.01 sys=0.00, real=0.00 secs] 
1910.145: [GC (Allocation Failure) [PSYoungGen: 72173K->1472K(71680K)] 454665K->383963K(592896K), 0.0031998 secs] [Times: user=0.02 sys=0.00, real=0.01 secs] 
1910.922: [GC (Allocation Failure) [PSYoungGen: 71616K->1376K(71168K)] 454107K->383867K(592384K), 0.0036669 secs] [Times: user=0.01 sys=0.00, real=0.01 secs] 
1911.679: [GC (Allocation Failure) [PSYoungGen: 71008K->1408K(70656K)] 453499K->383899K(591872K), 0.0028819 secs] [Times: user=0.02 sys=0.00, real=0.00 secs] 
1912.324: [GC (Allocation Failure) [PSYoungGen: 70528K->1360K(70144K)] 453019K->383851K(591360K), 0.0024247 secs] [Times: user=0.01 sys=0.00, real=0.01 secs] 
1912.775: [GC (Allocation Failure) [PSYoungGen: 69968K->1453K(69632K)] 452459K->383945K(590848K), 0.0023633 secs] [Times: user=0.01 sys=0.00, real=0.01 secs] 
1912.906: [GC (Allocation Failure) [PSYoungGen: 69549K->1517K(69120K)] 452041K->384009K(590336K), 0.0018394 secs] [Times: user=0.01 sys=0.00, real=0.00 secs] 
1913.025: [GC (Allocation Failure) [PSYoungGen: 69101K->1533K(68608K)] 451593K->384025K(589824K), 0.0018194 secs] [Times: user=0.01 sys=0.00, real=0.01 secs] 
1913.142: [GC (Allocation Failure) [PSYoungGen: 68575K->1501K(69120K)] 451067K->383993K(590336K), 0.0018663 secs] [Times: user=0.01 sys=0.00, real=0.00 secs] 
1913.696: [GC (Allocation Failure) [PSYoungGen: 69085K->1472K(68608K)] 451577K->383963K(589824K), 0.0024013 secs] [Times: user=0.01 sys=0.00, real=0.00 secs] 
1914.346: [GC (Allocation Failure) [PSYoungGen: 68544K->1408K(68096K)] 451035K->383899K(589312K), 0.0033837 secs] [Times: user=0.01 sys=0.00, real=0.00 secs] 
1914.873: [GC (Allocation Failure) [PSYoungGen: 67968K->1344K(67584K)] 450459K->383859K(588800K), 0.0033799 secs] [Times: user=0.02 sys=0.00, real=0.01 secs] 
1915.454: [GC (Allocation Failure) [PSYoungGen: 67392K->1344K(67072K)] 449907K->383867K(588288K), 0.0037436 secs] [Times: user=0.02 sys=0.00, real=0.01 secs] 
1915.936: [GC (Allocation Failure) [PSYoungGen: 66880K->1501K(66560K)] 449403K->384025K(587776K), 0.0023615 secs] [Times: user=0.01 sys=0.00, real=0.00 secs] 
1916.113: [GC (Allocation Failure) [PSYoungGen: 66525K->1533K(66048K)] 449049K->384057K(587264K), 0.0026521 secs] [Times: user=0.01 sys=0.00, real=0.01 secs] 
1916.302: [GC (Allocation Failure) [PSYoungGen: 66045K->1533K(65536K)] 448569K->384057K(586752K), 0.0025565 secs] [Times: user=0.01 sys=0.00, real=0.00 secs] 
1916.461: [GC (Allocation Failure) [PSYoungGen: 65533K->1517K(66048K)] 448057K->384057K(587264K), 0.0020120 secs] [Times: user=0.01 sys=0.00, real=0.00 secs] 
1916.654: [GC (Allocation Failure) [PSYoungGen: 65517K->1408K(66048K)] 448057K->383947K(587264K), 0.0020382 secs] [Times: user=0.00 sys=0.00, real=0.01 secs] 
1917.194: [GC (Allocation Failure) [PSYoungGen: 65408K->1360K(65024K)] 447947K->383899K(586240K), 0.0019687 secs] [Times: user=0.01 sys=0.00, real=0.01 secs] 
1917.735: [GC (Allocation Failure) [PSYoungGen: 64848K->1408K(64512K)] 447387K->383947K(585728K), 0.0024301 secs] [Times: user=0.01 sys=0.00, real=0.01 secs] 
1918.276: [GC (Allocation Failure) [PSYoungGen: 64384K->1376K(64000K)] 446923K->383915K(585216K), 0.0021167 secs] [Times: user=0.00 sys=0.01, real=0.00 secs] 
1918.847: [GC (Allocation Failure) [PSYoungGen: 63840K->1392K(63488K)] 446379K->383931K(584704K), 0.0023984 secs] [Times: user=0.01 sys=0.00, real=0.00 secs] 
1919.042: [GC (Allocation Failure) [PSYoungGen: 63344K->1501K(62976K)] 445883K->384041K(584192K), 0.0017735 secs] [Times: user=0.00 sys=0.00, real=0.00 secs] 
1919.150: [GC (Allocation Failure) [PSYoungGen: 62941K->1533K(62464K)] 445481K->384073K(583680K), 0.0019287 secs] [Times: user=0.00 sys=0.00, real=0.00 secs] 
1919.257: [GC (Allocation Failure) [PSYoungGen: 62461K->1501K(68096K)] 445001K->384057K(589312K), 0.0018531 secs] [Times: user=0.01 sys=0.00, real=0.00 secs] 
1919.374: [GC (Allocation Failure) [PSYoungGen: 68055K->1533K(68608K)] 450611K->384089K(589824K), 0.0018020 secs] [Times: user=0.01 sys=0.00, real=0.01 secs] 
1919.885: [GC (Allocation Failure) [PSYoungGen: 68093K->1440K(74752K)] 450649K->383995K(595968K), 0.0057624 secs] [Times: user=0.01 sys=0.02, real=0.01 secs] 
1920.503: [GC (Allocation Failure) [PSYoungGen: 74144K->1376K(74752K)] 456699K->383931K(595968K), 0.0031953 secs] [Times: user=0.01 sys=0.00, real=0.01 secs] 
1921.104: [GC (Allocation Failure) [PSYoungGen: 74080K->1344K(73728K)] 456635K->383899K(594944K), 0.0031105 secs] [Times: user=0.01 sys=0.00, real=0.01 secs] 
1921.752: [GC (Allocation Failure) [PSYoungGen: 73536K->1344K(73216K)] 456091K->383899K(594432K), 0.0029861 secs] [Times: user=0.01 sys=0.01, real=0.00 secs] 
1921.995: [GC (Allocation Failure) [PSYoungGen: 73024K->1501K(72704K)] 455579K->384057K(593920K), 0.0017373 secs] [Times: user=0.01 sys=0.00, real=0.01 secs] 
1922.120: [GC (Allocation Failure) [PSYoungGen: 72669K->1520K(72192K)] 455225K->384076K(593408K), 0.0018951 secs] [Times: user=0.01 sys=0.00, real=0.00 secs] 
1922.244: [GC (Allocation Failure) [PSYoungGen: 72176K->1504K(78336K)] 454732K->384076K(599552K), 0.0018221 secs] [Times: user=0.01 sys=0.00, real=0.01 secs] 
1922.550: [GC (Allocation Failure) [PSYoungGen: 78304K->1440K(77824K)] 460876K->384027K(599040K), 0.0021928 secs] [Times: user=0.01 sys=0.00, real=0.00 secs] 
1923.316: [GC (Allocation Failure) [PSYoungGen: 77728K->1344K(77312K)] 460315K->383931K(598528K), 0.0023126 secs] [Times: user=0.01 sys=0.00, real=0.00 secs] 
1924.007: [GC (Allocation Failure) [PSYoungGen: 77120K->1408K(76800K)] 459707K->383995K(598016K), 0.0023900 secs] [Times: user=0.01 sys=0.00, real=0.00 secs] 
1924.726: [GC (Allocation Failure) [PSYoungGen: 76672K->1376K(76288K)] 459259K->383963K(597504K), 0.0080092 secs] [Times: user=0.03 sys=0.01, real=0.00 secs] 
1925.097: [GC (Allocation Failure) [PSYoungGen: 76128K->1501K(75776K)] 458715K->384089K(596992K), 0.0017391 secs] [Times: user=0.01 sys=0.00, real=0.00 secs] 
1925.229: [GC (Allocation Failure) [PSYoungGen: 75741K->1517K(75264K)] 458329K->384105K(596480K), 0.0018784 secs] [Times: user=0.01 sys=0.00, real=0.00 secs] 
1925.359: [GC (Allocation Failure) [PSYoungGen: 75245K->1565K(75776K)] 457833K->384153K(596992K), 0.0019029 secs] [Times: user=0.01 sys=0.00, real=0.00 secs] 
1925.581: [GC (Allocation Failure) [PSYoungGen: 75293K->1728K(81920K)] 457881K->384315K(603136K), 0.0020993 secs] [Times: user=0.01 sys=0.00, real=0.00 secs] 
1926.322: [GC (Allocation Failure) [PSYoungGen: 81600K->1344K(80896K)] 464187K->383931K(602112K), 0.0031190 secs] [Times: user=0.01 sys=0.00, real=0.01 secs] 
1926.683: [GC (Allocation Failure) [PSYoungGen: 80704K->1408K(80384K)] 463291K->383995K(601600K), 0.0024684 secs] [Times: user=0.01 sys=0.00, real=0.01 secs] 
1927.209: [GC (Allocation Failure) [PSYoungGen: 80256K->1376K(79872K)] 462843K->383963K(601088K), 0.0025439 secs] [Times: user=0.01 sys=0.00, real=0.00 secs] 
1927.670: [GC (Allocation Failure) [PSYoungGen: 79712K->1533K(79360K)] 462299K->384121K(600576K), 0.0028101 secs] [Times: user=0.01 sys=0.00, real=0.00 secs] 
1927.841: [GC (Allocation Failure) [PSYoungGen: 79357K->1536K(79360K)] 461945K->384124K(600576K), 0.0017771 secs] [Times: user=0.01 sys=0.00, real=0.00 secs] 
1927.998: [GC (Allocation Failure) [PSYoungGen: 78848K->1501K(78336K)] 461436K->384089K(599552K), 0.0020905 secs] [Times: user=0.01 sys=0.00, real=0.00 secs] 
1928.288: [GC (Allocation Failure) [PSYoungGen: 78301K->1440K(77824K)] 460889K->384027K(599040K), 0.0022797 secs] [Times: user=0.01 sys=0.00, real=0.00 secs] 
1928.606: [GC (Allocation Failure) [PSYoungGen: 77728K->1376K(77312K)] 460315K->383963K(598528K), 0.0022065 secs] [Times: user=0.01 sys=0.00, real=0.00 secs] 
1929.217: [GC (Allocation Failure) [PSYoungGen: 77152K->1360K(76800K)] 459739K->383947K(598016K), 0.0022302 secs] [Times: user=0.01 sys=0.00, real=0.00 secs] 
1930.100: [GC (Allocation Failure) [PSYoungGen: 76624K->1376K(76288K)] 459211K->383963K(597504K), 0.0049833 secs] [Times: user=0.02 sys=0.00, real=0.01 secs] 
1930.699: [GC (Allocation Failure) [PSYoungGen: 76128K->1501K(75776K)] 458715K->384089K(596992K), 0.0025484 secs] [Times: user=0.01 sys=0.00, real=0.00 secs] 
1930.870: [GC (Allocation Failure) [PSYoungGen: 75741K->1469K(75264K)] 458329K->384057K(596480K), 0.0018096 secs] [Times: user=0.01 sys=0.00, real=0.00 secs] 
1930.999: [GC (Allocation Failure) [PSYoungGen: 75197K->1517K(74752K)] 457785K->384105K(595968K), 0.0017874 secs] [Times: user=0.01 sys=0.00, real=0.00 secs] 
1931.127: [GC (Allocation Failure) [PSYoungGen: 74733K->1469K(75264K)] 457321K->384057K(596480K), 0.0018124 secs] [Times: user=0.00 sys=0.00, real=0.00 secs] 
1931.491: [GC (Allocation Failure) [PSYoungGen: 75197K->1456K(74752K)] 457785K->384043K(595968K), 0.0020538 secs] [Times: user=0.01 sys=0.00, real=0.00 secs] 
1931.921: [GC (Allocation Failure) [PSYoungGen: 74672K->1408K(74240K)] 457259K->383995K(595456K), 0.0023087 secs] [Times: user=0.01 sys=0.00, real=0.00 secs] 
1932.265: [GC (Allocation Failure) [PSYoungGen: 74112K->1408K(73728K)] 456699K->383995K(594944K), 0.0025160 secs] [Times: user=0.01 sys=0.00, real=0.01 secs] 
1932.786: [GC (Allocation Failure) [PSYoungGen: 73600K->1501K(73216K)] 456187K->384105K(594432K), 0.0030872 secs] [Times: user=0.01 sys=0.00, real=0.00 secs] 
1932.966: [GC (Allocation Failure) [PSYoungGen: 73181K->1501K(72704K)] 455785K->384113K(593920K), 0.0018720 secs] [Times: user=0.01 sys=0.00, real=0.00 secs] 
1933.092: [GC (Allocation Failure) [PSYoungGen: 72669K->1501K(72192K)] 455281K->384113K(593408K), 0.0017670 secs] [Times: user=0.01 sys=0.00, real=0.00 secs] 
1933.216: [GC (Allocation Failure) [PSYoungGen: 72157K->1517K(72704K)] 454769K->384129K(593920K), 0.0018343 secs] [Times: user=0.01 sys=0.00, real=0.00 secs] 
1934.216: [GC (Allocation Failure) [PSYoungGen: 72173K->1440K(71680K)] 454785K->384059K(592896K), 0.0030466 secs] [Times: user=0.02 sys=0.00, real=0.00 secs] 
1936.171: [GC (Allocation Failure) [PSYoungGen: 71584K->1376K(71168K)] 454203K->383995K(592384K), 0.0037093 secs] [Times: user=0.02 sys=0.00, real=0.00 secs] 
1936.912: [GC (Allocation Failure) [PSYoungGen: 71008K->1376K(70656K)] 453627K->384003K(591872K), 0.0036220 secs] [Times: user=0.01 sys=0.01, real=0.01 secs] 
1937.618: [GC (Allocation Failure) [PSYoungGen: 70496K->1344K(70144K)] 453123K->383979K(591360K), 0.0045400 secs] [Times: user=0.01 sys=0.00, real=0.00 secs] 
1938.150: [GC (Allocation Failure) [PSYoungGen: 69952K->1501K(69632K)] 452587K->384137K(590848K), 0.0025312 secs] [Times: user=0.01 sys=0.00, real=0.00 secs] 
1938.354: [GC (Allocation Failure) [PSYoungGen: 69597K->1533K(69120K)] 452233K->384169K(590336K), 0.0025624 secs] [Times: user=0.01 sys=0.00, real=0.01 secs] 
1938.498: [GC (Allocation Failure) [PSYoungGen: 69117K->1517K(68608K)] 451753K->384153K(589824K), 0.0018425 secs] [Times: user=0.00 sys=0.00, real=0.00 secs] 
1938.633: [GC (Allocation Failure) [PSYoungGen: 68564K->1501K(75264K)] 451200K->384137K(596480K), 0.0020857 secs] [Times: user=0.01 sys=0.00, real=0.00 secs] 
1939.057: [GC (Allocation Failure) [PSYoungGen: 74717K->1472K(74240K)] 457353K->384107K(595456K), 0.0032533 secs] [Times: user=0.02 sys=0.00, real=0.00 secs] 
1939.352: [GC (Allocation Failure) [PSYoungGen: 74176K->1312K(73728K)] 456811K->383947K(594944K), 0.0023251 secs] [Times: user=0.01 sys=0.00, real=0.00 secs] 
1939.652: [GC (Allocation Failure) [PSYoungGen: 73504K->1408K(73216K)] 456139K->384043K(594432K), 0.0022436 secs] [Times: user=0.01 sys=0.00, real=0.00 secs] 
1939.950: [GC (Allocation Failure) [PSYoungGen: 73088K->1376K(72704K)] 455723K->384011K(593920K), 0.0023507 secs] [Times: user=0.01 sys=0.00, real=0.00 secs] 
1940.208: [GC (Allocation Failure) [PSYoungGen: 72544K->1501K(72192K)] 455179K->384137K(593408K), 0.0018311 secs] [Times: user=0.01 sys=0.00, real=0.00 secs] 
1940.332: [GC (Allocation Failure) [PSYoungGen: 72157K->1549K(72192K)] 454793K->384185K(593408K), 0.0018905 secs] [Times: user=0.01 sys=0.00, real=0.00 secs] 
1940.472: [GC (Allocation Failure) [PSYoungGen: 71693K->1517K(72192K)] 454329K->384153K(593408K), 0.0021458 secs] [Times: user=0.01 sys=0.00, real=0.00 secs] 
1940.874: [GC (Allocation Failure) [PSYoungGen: 72173K->1952K(72704K)] 454809K->384595K(593920K), 0.0027894 secs] [Times: user=0.01 sys=0.00, real=0.01 secs] 
1942.411: [GC (Allocation Failure) [PSYoungGen: 72608K->1408K(71680K)] 455251K->384051K(592896K), 0.0052245 secs] [Times: user=0.02 sys=0.00, real=0.01 secs] 
1943.207: [GC (Allocation Failure) [PSYoungGen: 71552K->1408K(71168K)] 454195K->384051K(592384K), 0.0034314 secs] [Times: user=0.01 sys=0.00, real=0.00 secs] 
1943.497: [GC (Allocation Failure) [PSYoungGen: 71040K->1408K(70656K)] 453683K->384083K(591872K), 0.0023011 secs] [Times: user=0.01 sys=0.00, real=0.00 secs] 
1943.835: [GC (Allocation Failure) [PSYoungGen: 70528K->1469K(70144K)] 453203K->384145K(591360K), 0.0025263 secs] [Times: user=0.01 sys=0.00, real=0.01 secs] 
1943.975: [GC (Allocation Failure) [PSYoungGen: 70077K->1453K(69632K)] 452753K->384129K(590848K), 0.0017596 secs] [Times: user=0.01 sys=0.00, real=0.01 secs] 
1944.095: [GC (Allocation Failure) [PSYoungGen: 69549K->1453K(76288K)] 452225K->384129K(597504K), 0.0020426 secs] [Times: user=0.01 sys=0.00, real=0.01 secs] 
1944.227: [GC (Allocation Failure) [PSYoungGen: 75693K->1501K(76288K)] 458369K->384177K(597504K), 0.0018536 secs] [Times: user=0.01 sys=0.00, real=0.00 secs] 
1945.413: [GC (Allocation Failure) [PSYoungGen: 75741K->1472K(75264K)] 458417K->384147K(596480K), 0.0042936 secs] [Times: user=0.02 sys=0.00, real=0.01 secs] 
1946.804: [GC (Allocation Failure) [PSYoungGen: 75200K->1424K(74752K)] 457875K->384099K(595968K), 0.0036914 secs] [Times: user=0.02 sys=0.00, real=0.01 secs] 
1947.486: [GC (Allocation Failure) [PSYoungGen: 74640K->1392K(74240K)] 457315K->384067K(595456K), 0.0032032 secs] [Times: user=0.01 sys=0.00, real=0.00 secs] 
1948.157: [GC (Allocation Failure) [PSYoungGen: 74096K->1376K(73728K)] 456771K->384051K(594944K), 0.0040667 secs] [Times: user=0.02 sys=0.00, real=0.00 secs] 
1948.533: [GC (Allocation Failure) [PSYoungGen: 73568K->1533K(73216K)] 456243K->384209K(594432K), 0.0023497 secs] [Times: user=0.01 sys=0.00, real=0.00 secs] 
1948.698: [GC (Allocation Failure) [PSYoungGen: 73213K->1501K(72704K)] 455889K->384177K(593920K), 0.0021334 secs] [Times: user=0.01 sys=0.00, real=0.00 secs] 
1948.862: [GC (Allocation Failure) [PSYoungGen: 72669K->1565K(72704K)] 455345K->384241K(593920K), 0.0023447 secs] [Times: user=0.01 sys=0.00, real=0.00 secs] 
1949.024: [GC (Allocation Failure) [PSYoungGen: 72221K->1485K(72704K)] 454897K->384177K(593920K), 0.0019695 secs] [Times: user=0.00 sys=0.00, real=0.01 secs] 
1949.357: [GC (Allocation Failure) [PSYoungGen: 72653K->1376K(72192K)] 455345K->384067K(593408K), 0.0021843 secs] [Times: user=0.01 sys=0.00, real=0.00 secs] 
1949.673: [GC (Allocation Failure) [PSYoungGen: 72032K->1376K(71680K)] 454723K->384067K(592896K), 0.0022942 secs] [Times: user=0.01 sys=0.00, real=0.01 secs] 
1949.974: [GC (Allocation Failure) [PSYoungGen: 71520K->1344K(71168K)] 454211K->384035K(592384K), 0.0022899 secs] [Times: user=0.01 sys=0.00, real=0.01 secs] 
1950.281: [GC (Allocation Failure) [PSYoungGen: 70976K->1376K(70656K)] 453667K->384067K(591872K), 0.0021174 secs] [Times: user=0.01 sys=0.00, real=0.00 secs] 
1950.434: [GC (Allocation Failure) [PSYoungGen: 70496K->1501K(70144K)] 453187K->384193K(591360K), 0.0018688 secs] [Times: user=0.01 sys=0.00, real=0.01 secs] 
1950.555: [GC (Allocation Failure) [PSYoungGen: 70102K->1552K(70656K)] 452794K->384244K(591872K), 0.0018104 secs] [Times: user=0.01 sys=0.00, real=0.01 secs] 
1950.676: [GC (Allocation Failure) [PSYoungGen: 70160K->1565K(70656K)] 452852K->384257K(591872K), 0.0019189 secs] [Times: user=0.01 sys=0.00, real=0.00 secs] 
1950.998: [GC (Allocation Failure) [PSYoungGen: 70173K->1424K(76288K)] 452865K->384115K(597504K), 0.0023755 secs] [Times: user=0.01 sys=0.00, real=0.00 secs] 
1952.103: [GC (Allocation Failure) [PSYoungGen: 76176K->1376K(75776K)] 458867K->384067K(596992K), 0.0031785 secs] [Times: user=0.01 sys=0.00, real=0.01 secs] 
1952.746: [GC (Allocation Failure) [PSYoungGen: 75616K->1376K(75264K)] 458307K->384083K(596480K), 0.0039207 secs] [Times: user=0.01 sys=0.00, real=0.00 secs] 
1953.354: [GC (Allocation Failure) [PSYoungGen: 75104K->1360K(74752K)] 457811K->384067K(595968K), 0.0032030 secs] [Times: user=0.01 sys=0.00, real=0.01 secs] 
1953.807: [GC (Allocation Failure) [PSYoungGen: 74576K->1501K(74240K)] 457283K->384209K(595456K), 0.0023422 secs] [Times: user=0.01 sys=0.00, real=0.00 secs] 
1953.964: [GC (Allocation Failure) [PSYoungGen: 74205K->1533K(73728K)] 456913K->384241K(594944K), 0.0018662 secs] [Times: user=0.01 sys=0.00, real=0.01 secs] 
1954.110: [GC (Allocation Failure) [PSYoungGen: 73725K->1501K(73216K)] 456433K->384209K(594432K), 0.0022202 secs] [Times: user=0.01 sys=0.00, real=0.00 secs] 
1954.275: [GC (Allocation Failure) [PSYoungGen: 73181K->1517K(73728K)] 455889K->384225K(594944K), 0.0022155 secs] [Times: user=0.01 sys=0.00, real=0.01 secs] 
1955.038: [GC (Allocation Failure) [PSYoungGen: 73197K->1456K(72704K)] 455905K->384163K(593920K), 0.0025431 secs] [Times: user=0.00 sys=0.00, real=0.00 secs] 
1955.688: [GC (Allocation Failure) [PSYoungGen: 72624K->1344K(72192K)] 455331K->384051K(593408K), 0.0052645 secs] [Times: user=0.02 sys=0.00, real=0.00 secs] 
1956.305: [GC (Allocation Failure) [PSYoungGen: 72000K->1328K(71680K)] 454707K->384035K(592896K), 0.0044093 secs] [Times: user=0.02 sys=0.01, real=0.01 secs] 
1956.701: [GC (Allocation Failure) [PSYoungGen: 71472K->1376K(71168K)] 454179K->384083K(592384K), 0.0024264 secs] [Times: user=0.00 sys=0.00, real=0.00 secs] 
1957.006: [GC (Allocation Failure) [PSYoungGen: 71008K->1501K(70656K)] 453715K->384209K(591872K), 0.0017396 secs] [Times: user=0.01 sys=0.00, real=0.00 secs] 
1957.147: [GC (Allocation Failure) [PSYoungGen: 70621K->1501K(70144K)] 453329K->384209K(591360K), 0.0021797 secs] [Times: user=0.00 sys=0.00, real=0.00 secs] 
1957.303: [GC (Allocation Failure) [PSYoungGen: 70098K->1533K(76288K)] 452806K->384241K(597504K), 0.0022768 secs] [Times: user=0.01 sys=0.00, real=0.01 secs] 
1957.647: [GC (Allocation Failure) [PSYoungGen: 76285K->1440K(76800K)] 458993K->384147K(598016K), 0.0032963 secs] [Times: user=0.01 sys=0.00, real=0.00 secs] 
1958.268: [GC (Allocation Failure) [PSYoungGen: 76192K->1408K(75776K)] 458899K->384115K(596992K), 0.0030888 secs] [Times: user=0.01 sys=0.00, real=0.00 secs] 
1959.131: [GC (Allocation Failure) [PSYoungGen: 75648K->1440K(75264K)] 458355K->384147K(596480K), 0.0033829 secs] [Times: user=0.01 sys=0.01, real=0.00 secs] 
1959.953: [GC (Allocation Failure) [PSYoungGen: 75168K->1424K(74752K)] 457875K->384131K(595968K), 0.0035863 secs] [Times: user=0.02 sys=0.00, real=0.01 secs] 
1960.426: [GC (Allocation Failure) [PSYoungGen: 74640K->1533K(74240K)] 457347K->384241K(595456K), 0.0031938 secs] [Times: user=0.02 sys=0.00, real=0.00 secs] 
1960.619: [GC (Allocation Failure) [PSYoungGen: 74237K->1533K(73728K)] 456945K->384241K(594944K), 0.0018139 secs] [Times: user=0.01 sys=0.00, real=0.00 secs] 
1960.745: [GC (Allocation Failure) [PSYoungGen: 73725K->1485K(73216K)] 456433K->384193K(594432K), 0.0018985 secs] [Times: user=0.01 sys=0.00, real=0.00 secs] 
1960.871: [GC (Allocation Failure) [PSYoungGen: 73165K->1485K(79360K)] 455873K->384193K(600576K), 0.0017319 secs] [Times: user=0.00 sys=0.00, real=0.00 secs] 
1961.533: [GC (Allocation Failure) [PSYoungGen: 79309K->1440K(78848K)] 462017K->384147K(600064K), 0.0021900 secs] [Times: user=0.01 sys=0.00, real=0.00 secs] 
1962.260: [GC (Allocation Failure) [PSYoungGen: 78752K->1392K(78336K)] 461459K->384099K(599552K), 0.0033261 secs] [Times: user=0.02 sys=0.00, real=0.00 secs] 
1962.820: [GC (Allocation Failure) [PSYoungGen: 78192K->1344K(77824K)] 460899K->384051K(599040K), 0.0025655 secs] [Times: user=0.01 sys=0.00, real=0.00 secs] 
1963.196: [GC (Allocation Failure) [PSYoungGen: 77632K->1501K(77312K)] 460339K->384209K(598528K), 0.0023816 secs] [Times: user=0.01 sys=0.00, real=0.00 secs] 
1963.347: [GC (Allocation Failure) [PSYoungGen: 77277K->1517K(76800K)] 459985K->384225K(598016K), 0.0017606 secs] [Times: user=0.01 sys=0.00, real=0.00 secs] 
1963.500: [GC (Allocation Failure) [PSYoungGen: 76781K->1501K(76288K)] 459489K->384209K(597504K), 0.0021239 secs] [Times: user=0.01 sys=0.00, real=0.00 secs] 
1963.660: [GC (Allocation Failure) [PSYoungGen: 76253K->1485K(76800K)] 458961K->384217K(598016K), 0.0019497 secs] [Times: user=0.01 sys=0.00, real=0.00 secs] 
1964.405: [GC (Allocation Failure) [PSYoungGen: 76237K->1440K(75776K)] 458969K->384171K(596992K), 0.0024842 secs] [Times: user=0.01 sys=0.00, real=0.00 secs] 
1964.956: [GC (Allocation Failure) [PSYoungGen: 75680K->1408K(75264K)] 458411K->384139K(596480K), 0.0024391 secs] [Times: user=0.01 sys=0.01, real=0.00 secs] 
1965.263: [GC (Allocation Failure) [PSYoungGen: 75136K->1408K(74752K)] 457867K->384139K(595968K), 0.0023680 secs] [Times: user=0.01 sys=0.00, real=0.01 secs] 
1965.795: [GC (Allocation Failure) [PSYoungGen: 74624K->1392K(74240K)] 457355K->384123K(595456K), 0.0022930 secs] [Times: user=0.01 sys=0.00, real=0.01 secs] 
1965.980: [GC (Allocation Failure) [PSYoungGen: 74096K->1488K(73728K)] 456827K->384220K(594944K), 0.0017845 secs] [Times: user=0.01 sys=0.00, real=0.00 secs] 
1966.107: [GC (Allocation Failure) [PSYoungGen: 73680K->1469K(73216K)] 456412K->384201K(594432K), 0.0018605 secs] [Times: user=0.00 sys=0.00, real=0.00 secs] 
1966.234: [GC (Allocation Failure) [PSYoungGen: 73149K->1469K(79360K)] 455881K->384201K(600576K), 0.0018188 secs] [Times: user=0.01 sys=0.00, real=0.01 secs] 
1966.506: [GC (Allocation Failure) [PSYoungGen: 79293K->1440K(78848K)] 462025K->384171K(600064K), 0.0021578 secs] [Times: user=0.01 sys=0.00, real=0.00 secs] 
1966.849: [GC (Allocation Failure) [PSYoungGen: 78752K->1376K(78336K)] 461483K->384107K(599552K), 0.0022626 secs] [Times: user=0.01 sys=0.00, real=0.00 secs] 
1967.229: [GC (Allocation Failure) [PSYoungGen: 78176K->1408K(77824K)] 460907K->384139K(599040K), 0.0023594 secs] [Times: user=0.01 sys=0.00, real=0.00 secs] 
1967.566: [GC (Allocation Failure) [PSYoungGen: 77696K->1408K(77312K)] 460427K->384139K(598528K), 0.0022987 secs] [Times: user=0.01 sys=0.01, real=0.00 secs] 
1967.803: [GC (Allocation Failure) [PSYoungGen: 77184K->1453K(76800K)] 459915K->384185K(598016K), 0.0017426 secs] [Times: user=0.01 sys=0.00, real=0.00 secs] 
1967.934: [GC (Allocation Failure) [PSYoungGen: 76717K->1469K(76288K)] 459449K->384201K(597504K), 0.0017569 secs] [Times: user=0.01 sys=0.00, real=0.01 secs] 
1968.088: [GC (Allocation Failure) [PSYoungGen: 76221K->1533K(76800K)] 458953K->384265K(598016K), 0.0020853 secs] [Times: user=0.00 sys=0.00, real=0.00 secs] 
1968.342: [GC (Allocation Failure) [PSYoungGen: 76285K->1440K(83456K)] 459017K->384171K(604672K), 0.0024600 secs] [Times: user=0.02 sys=0.00, real=0.00 secs] 
1968.681: [GC (Allocation Failure) [PSYoungGen: 82848K->1376K(82432K)] 465579K->384107K(603648K), 0.0022883 secs] [Times: user=0.01 sys=0.00, real=0.00 secs] 
1969.053: [GC (Allocation Failure) [PSYoungGen: 82272K->1376K(81920K)] 465003K->384107K(603136K), 0.0023185 secs] [Times: user=0.01 sys=0.00, real=0.01 secs] 
1969.443: [GC (Allocation Failure) [PSYoungGen: 81760K->1344K(81408K)] 464491K->384075K(602624K), 0.0024579 secs] [Times: user=0.01 sys=0.00, real=0.01 secs] 
1969.681: [GC (Allocation Failure) [PSYoungGen: 81216K->1469K(80896K)] 463947K->384201K(602112K), 0.0018675 secs] [Times: user=0.00 sys=0.00, real=0.00 secs] 
1969.822: [GC (Allocation Failure) [PSYoungGen: 80829K->1501K(80384K)] 463561K->384233K(601600K), 0.0017909 secs] [Times: user=0.00 sys=0.01, real=0.00 secs] 
1969.959: [GC (Allocation Failure) [PSYoungGen: 80349K->1501K(80896K)] 463081K->384233K(602112K), 0.0018852 secs] [Times: user=0.01 sys=0.00, real=0.00 secs] 
1970.293: [GC (Allocation Failure) [PSYoungGen: 80349K->1472K(79872K)] 463081K->384203K(601088K), 0.0022814 secs] [Times: user=0.01 sys=0.01, real=0.01 secs] 
1970.620: [GC (Allocation Failure) [PSYoungGen: 79808K->1376K(79360K)] 462539K->384107K(600576K), 0.0023203 secs] [Times: user=0.01 sys=0.00, real=0.00 secs] 
1970.944: [GC (Allocation Failure) [PSYoungGen: 79200K->1376K(78848K)] 461931K->384107K(600064K), 0.0021623 secs] [Times: user=0.01 sys=0.00, real=0.01 secs] 
1971.313: [GC (Allocation Failure) [PSYoungGen: 78688K->1360K(78336K)] 461419K->384107K(599552K), 0.0022713 secs] [Times: user=0.01 sys=0.01, real=0.01 secs] 
1971.550: [GC (Allocation Failure) [PSYoungGen: 78160K->1533K(77824K)] 460907K->384281K(599040K), 0.0018026 secs] [Times: user=0.01 sys=0.00, real=0.00 secs] 
1971.685: [GC (Allocation Failure) [PSYoungGen: 77821K->1533K(77312K)] 460569K->384281K(598528K), 0.0019320 secs] [Times: user=0.01 sys=0.00, real=0.01 secs] 
1971.819: [GC (Allocation Failure) [PSYoungGen: 77309K->1501K(77824K)] 460057K->384249K(599040K), 0.0017579 secs] [Times: user=0.00 sys=0.00, real=0.00 secs] 
1973.183: [GC (Allocation Failure) [PSYoungGen: 77277K->1456K(76800K)] 460025K->384203K(598016K), 0.0045321 secs] [Times: user=0.01 sys=0.00, real=0.01 secs] 
1974.241: [GC (Allocation Failure) [PSYoungGen: 76720K->1392K(76288K)] 459467K->384139K(597504K), 0.0041346 secs] [Times: user=0.02 sys=0.00, real=0.00 secs] 
1974.758: [GC (Allocation Failure) [PSYoungGen: 76144K->1344K(75776K)] 458891K->384091K(596992K), 0.0031824 secs] [Times: user=0.01 sys=0.00, real=0.00 secs] 
1975.469: [GC (Allocation Failure) [PSYoungGen: 75584K->1392K(75264K)] 458331K->384139K(596480K), 0.0033280 secs] [Times: user=0.01 sys=0.00, real=0.00 secs] 
1975.800: [GC (Allocation Failure) [PSYoungGen: 75120K->1469K(74752K)] 457867K->384217K(595968K), 0.0021914 secs] [Times: user=0.00 sys=0.00, real=0.00 secs] 
1975.932: [GC (Allocation Failure) [PSYoungGen: 74685K->1501K(74240K)] 457433K->384249K(595456K), 0.0019524 secs] [Times: user=0.01 sys=0.00, real=0.00 secs] 
1976.060: [GC (Allocation Failure) [PSYoungGen: 74205K->1469K(73728K)] 456953K->384217K(594944K), 0.0016821 secs] [Times: user=0.00 sys=0.00, real=0.00 secs] 
1976.279: [GC (Allocation Failure) [PSYoungGen: 73661K->1440K(73216K)] 456409K->384187K(594432K), 0.0022854 secs] [Times: user=0.01 sys=0.00, real=0.00 secs] 
1976.787: [GC (Allocation Failure) [PSYoungGen: 73120K->1376K(72704K)] 455867K->384123K(593920K), 0.0029415 secs] [Times: user=0.01 sys=0.00, real=0.00 secs] 
1977.381: [GC (Allocation Failure) [PSYoungGen: 72544K->1408K(72192K)] 455291K->384155K(593408K), 0.0038190 secs] [Times: user=0.01 sys=0.00, real=0.00 secs] 
1978.008: [GC (Allocation Failure) [PSYoungGen: 72064K->1408K(71680K)] 454811K->384155K(592896K), 0.0023704 secs] [Times: user=0.01 sys=0.00, real=0.00 secs] 
1978.522: [GC (Allocation Failure) [PSYoungGen: 71534K->1472K(71168K)] 454282K->384220K(592384K), 0.0024887 secs] [Times: user=0.01 sys=0.00, real=0.00 secs] 
1978.666: [GC (Allocation Failure) [PSYoungGen: 71104K->1517K(70656K)] 453852K->384265K(591872K), 0.0017612 secs] [Times: user=0.01 sys=0.00, real=0.00 secs] 
1978.788: [GC (Allocation Failure) [PSYoungGen: 70637K->1501K(70144K)] 453385K->384249K(591360K), 0.0019185 secs] [Times: user=0.01 sys=0.00, real=0.00 secs] 
1978.909: [GC (Allocation Failure) [PSYoungGen: 70099K->1517K(76288K)] 452846K->384289K(597504K), 0.0017184 secs] [Times: user=0.01 sys=0.00, real=0.00 secs] 
1979.962: [GC (Allocation Failure) [PSYoungGen: 76269K->1456K(75776K)] 459041K->384227K(596992K), 0.0035676 secs] [Times: user=0.02 sys=0.00, real=0.01 secs] 
1980.825: [GC (Allocation Failure) [PSYoungGen: 75696K->1392K(75264K)] 458467K->384163K(596480K), 0.0022500 secs] [Times: user=0.01 sys=0.00, real=0.00 secs] 
1981.183: [GC (Allocation Failure) [PSYoungGen: 75120K->1376K(74752K)] 457891K->384147K(595968K), 0.0023602 secs] [Times: user=0.01 sys=0.00, real=0.01 secs] 
1981.488: [GC (Allocation Failure) [PSYoungGen: 74592K->1344K(74240K)] 457363K->384115K(595456K), 0.0022717 secs] [Times: user=0.01 sys=0.00, real=0.00 secs] 
1981.693: [GC (Allocation Failure) [PSYoungGen: 74048K->1533K(73728K)] 456819K->384305K(594944K), 0.0017808 secs] [Times: user=0.01 sys=0.00, real=0.01 secs] 
1981.820: [GC (Allocation Failure) [PSYoungGen: 73725K->1437K(73216K)] 456497K->384209K(594432K), 0.0018511 secs] [Times: user=0.00 sys=0.00, real=0.00 secs] 
1981.945: [GC (Allocation Failure) [PSYoungGen: 73117K->1485K(73728K)] 455889K->384257K(594944K), 0.0018585 secs] [Times: user=0.01 sys=0.00, real=0.00 secs] 
1982.140: [GC (Allocation Failure) [PSYoungGen: 73165K->1472K(79872K)] 455937K->384243K(601088K), 0.0021376 secs] [Times: user=0.01 sys=0.00, real=0.00 secs] 
1982.463: [GC (Allocation Failure) [PSYoungGen: 79296K->1408K(78848K)] 462067K->384179K(600064K), 0.0019763 secs] [Times: user=0.01 sys=0.00, real=0.00 secs] 
1982.804: [GC (Allocation Failure) [PSYoungGen: 78720K->1408K(78336K)] 461491K->384195K(599552K), 0.0020607 secs] [Times: user=0.01 sys=0.00, real=0.01 secs] 
1983.126: [GC (Allocation Failure) [PSYoungGen: 78208K->1408K(78848K)] 460995K->384195K(600064K), 0.0059661 secs] [Times: user=0.02 sys=0.00, real=0.00 secs] 
1983.414: [GC (Allocation Failure) [PSYoungGen: 78197K->1517K(85504K)] 460985K->384305K(606720K), 0.0022475 secs] [Times: user=0.01 sys=0.00, real=0.01 secs] 
1983.567: [GC (Allocation Failure) [PSYoungGen: 84973K->1485K(85504K)] 467761K->384273K(606720K), 0.0018377 secs] [Times: user=0.01 sys=0.00, real=0.00 secs] 
1983.714: [GC (Allocation Failure) [PSYoungGen: 84941K->1488K(92672K)] 467729K->384276K(613888K), 0.0020901 secs] [Times: user=0.01 sys=0.00, real=0.01 secs] 
1985.546: [GC (Allocation Failure) [PSYoungGen: 92112K->1424K(91136K)] 474900K->384211K(612352K), 0.0042973 secs] [Times: user=0.02 sys=0.00, real=0.00 secs] 
1986.846: [GC (Allocation Failure) [PSYoungGen: 91024K->1408K(90112K)] 473811K->384195K(611328K), 0.0029653 secs] [Times: user=0.01 sys=0.00, real=0.00 secs] 
1987.900: [GC (Allocation Failure) [PSYoungGen: 89984K->1376K(89600K)] 472771K->384171K(610816K), 0.0046406 secs] [Times: user=0.02 sys=0.00, real=0.00 secs] 
1988.636: [GC (Allocation Failure) [PSYoungGen: 89440K->1501K(89088K)] 472235K->384297K(610304K), 0.0024661 secs] [Times: user=0.01 sys=0.00, real=0.00 secs] 
1988.822: [GC (Allocation Failure) [PSYoungGen: 89053K->1469K(88576K)] 471849K->384265K(609792K), 0.0019416 secs] [Times: user=0.01 sys=0.00, real=0.00 secs] 
1988.975: [GC (Allocation Failure) [PSYoungGen: 88509K->1469K(88064K)] 471305K->384265K(609280K), 0.0017650 secs] [Times: user=0.01 sys=0.00, real=0.01 secs] 
1989.223: [GC (Allocation Failure) [PSYoungGen: 87997K->1440K(87552K)] 470793K->384235K(608768K), 0.0021663 secs] [Times: user=0.01 sys=0.00, real=0.01 secs] 
1989.581: [GC (Allocation Failure) [PSYoungGen: 87456K->1392K(87040K)] 470251K->384187K(608256K), 0.0021266 secs] [Times: user=0.01 sys=0.01, real=0.00 secs] 
1989.936: [GC (Allocation Failure) [PSYoungGen: 86896K->1424K(86528K)] 469691K->384219K(607744K), 0.0021114 secs] [Times: user=0.01 sys=0.00, real=0.00 secs] 
1990.298: [GC (Allocation Failure) [PSYoungGen: 86416K->1501K(86016K)] 469211K->384297K(607232K), 0.0023847 secs] [Times: user=0.01 sys=0.00, real=0.00 secs] 
1990.479: [GC (Allocation Failure) [PSYoungGen: 85981K->1501K(85504K)] 468777K->384297K(606720K), 0.0018376 secs] [Times: user=0.01 sys=0.00, real=0.00 secs] 
1990.626: [GC (Allocation Failure) [PSYoungGen: 85469K->1504K(84992K)] 468265K->384300K(606208K), 0.0018237 secs] [Times: user=0.01 sys=0.00, real=0.00 secs] 
1990.773: [GC (Allocation Failure) [PSYoungGen: 84960K->1533K(84480K)] 467756K->384329K(605696K), 0.0018924 secs] [Times: user=0.01 sys=0.00, real=0.00 secs] 
1991.136: [GC (Allocation Failure) [PSYoungGen: 84477K->1472K(83968K)] 467273K->384267K(605184K), 0.0019979 secs] [Times: user=0.01 sys=0.00, real=0.00 secs] 
1991.479: [GC (Allocation Failure) [PSYoungGen: 83904K->1408K(83456K)] 466699K->384203K(604672K), 0.0021249 secs] [Times: user=0.00 sys=0.00, real=0.00 secs] 
1991.820: [GC (Allocation Failure) [PSYoungGen: 83328K->1440K(82944K)] 466123K->384235K(604160K), 0.0019315 secs] [Times: user=0.01 sys=0.00, real=0.00 secs] 
1992.071: [GC (Allocation Failure) [PSYoungGen: 82848K->1533K(82432K)] 465643K->384329K(603648K), 0.0020248 secs] [Times: user=0.01 sys=0.00, real=0.00 secs] 
1992.215: [GC (Allocation Failure) [PSYoungGen: 82429K->1504K(81920K)] 465225K->384364K(603136K), 0.0017256 secs] [Times: user=0.01 sys=0.00, real=0.00 secs] 
1992.356: [GC (Allocation Failure) [PSYoungGen: 81888K->1501K(81408K)] 464748K->384361K(602624K), 0.0018934 secs] [Times: user=0.01 sys=0.00, real=0.00 secs] 
1993.331: [GC (Allocation Failure) [PSYoungGen: 81373K->1424K(80896K)] 464233K->384283K(602112K), 0.0065994 secs] [Times: user=0.02 sys=0.00, real=0.01 secs] 
1994.123: [GC (Allocation Failure) [PSYoungGen: 80784K->1376K(80384K)] 463643K->384235K(601600K), 0.0039279 secs] [Times: user=0.02 sys=0.01, real=0.01 secs] 
1994.724: [GC (Allocation Failure) [PSYoungGen: 80224K->1408K(79872K)] 463083K->384267K(601088K), 0.0022700 secs] [Times: user=0.01 sys=0.00, real=0.01 secs] 
1995.093: [GC (Allocation Failure) [PSYoungGen: 79744K->1408K(79360K)] 462603K->384267K(600576K), 0.0024108 secs] [Times: user=0.01 sys=0.00, real=0.01 secs] 
1995.311: [GC (Allocation Failure) [PSYoungGen: 79232K->1485K(78848K)] 462091K->384345K(600064K), 0.0019003 secs] [Times: user=0.00 sys=0.00, real=0.00 secs] 
1995.448: [GC (Allocation Failure) [PSYoungGen: 78797K->1501K(78336K)] 461657K->384361K(599552K), 0.0019403 secs] [Times: user=0.01 sys=0.00, real=0.00 secs] 
1995.582: [GC (Allocation Failure) [PSYoungGen: 78301K->1485K(79360K)] 461161K->384345K(600576K), 0.0018023 secs] [Times: user=0.01 sys=0.00, real=0.00 secs] 
1996.011: [GC (Allocation Failure) [PSYoungGen: 79309K->1440K(78848K)] 462169K->384299K(600064K), 0.0021763 secs] [Times: user=0.01 sys=0.00, real=0.00 secs] 
1996.749: [GC (Allocation Failure) [PSYoungGen: 78752K->1344K(78336K)] 461611K->384203K(599552K), 0.0032324 secs] [Times: user=0.01 sys=0.00, real=0.00 secs] 
1997.459: [GC (Allocation Failure) [PSYoungGen: 78144K->1424K(77824K)] 461003K->384283K(599040K), 0.0028309 secs] [Times: user=0.01 sys=0.00, real=0.00 secs] 
1997.976: [GC (Allocation Failure) [PSYoungGen: 77712K->1392K(77312K)] 460571K->384251K(598528K), 0.0029173 secs] [Times: user=0.01 sys=0.01, real=0.00 secs] 
1998.241: [GC (Allocation Failure) [PSYoungGen: 77168K->1469K(76800K)] 460027K->384329K(598016K), 0.0017958 secs] [Times: user=0.00 sys=0.00, real=0.00 secs] 
1998.375: [GC (Allocation Failure) [PSYoungGen: 76733K->1517K(76288K)] 459593K->384377K(597504K), 0.0019383 secs] [Times: user=0.00 sys=0.00, real=0.01 secs] 
1998.508: [GC (Allocation Failure) [PSYoungGen: 76269K->1501K(75776K)] 459129K->384361K(596992K), 0.0019357 secs] [Times: user=0.01 sys=0.00, real=0.00 secs] 
1998.753: [GC (Allocation Failure) [PSYoungGen: 75741K->1456K(75264K)] 458601K->384315K(596480K), 0.0020748 secs] [Times: user=0.00 sys=0.00, real=0.01 secs] 
1999.060: [GC (Allocation Failure) [PSYoungGen: 75184K->1344K(74752K)] 458043K->384203K(595968K), 0.0022055 secs] [Times: user=0.01 sys=0.00, real=0.00 secs] 
1999.365: [GC (Allocation Failure) [PSYoungGen: 74560K->1424K(74240K)] 457419K->384283K(595456K), 0.0022918 secs] [Times: user=0.01 sys=0.01, real=0.00 secs] 
1999.668: [GC (Allocation Failure) [PSYoungGen: 74128K->1376K(73728K)] 456987K->384235K(594944K), 0.0024047 secs] [Times: user=0.01 sys=0.00, real=0.00 secs] 
1999.918: [GC (Allocation Failure) [PSYoungGen: 73568K->1501K(73216K)] 456427K->384361K(594432K), 0.0018852 secs] [Times: user=0.01 sys=0.00, real=0.00 secs] 
2000.046: [GC (Allocation Failure) [PSYoungGen: 73181K->1501K(72704K)] 456041K->384361K(593920K), 0.0018860 secs] [Times: user=0.01 sys=0.00, real=0.00 secs] 
2000.171: [GC (Allocation Failure) [PSYoungGen: 72669K->1533K(73216K)] 455529K->384393K(594432K), 0.0019082 secs] [Times: user=0.01 sys=0.00, real=0.00 secs] 
2000.297: [GC (Allocation Failure) [PSYoungGen: 72701K->1501K(73216K)] 455561K->384361K(594432K), 0.0018704 secs] [Times: user=0.01 sys=0.00, real=0.00 secs] 
2000.610: [GC (Allocation Failure) [PSYoungGen: 72669K->1424K(78848K)] 455529K->384283K(600064K), 0.0019095 secs] [Times: user=0.01 sys=0.00, real=0.00 secs] 
2000.961: [GC (Allocation Failure) [PSYoungGen: 78736K->1408K(78336K)] 461595K->384267K(599552K), 0.0020527 secs] [Times: user=0.01 sys=0.00, real=0.00 secs] 
2001.503: [GC (Allocation Failure) [PSYoungGen: 78208K->1376K(77824K)] 461067K->384243K(599040K), 0.0046327 secs] [Times: user=0.02 sys=0.00, real=0.01 secs] 
2002.249: [GC (Allocation Failure) [PSYoungGen: 77664K->1392K(77312K)] 460531K->384260K(598528K), 0.0032214 secs] [Times: user=0.01 sys=0.00, real=0.00 secs] 
2002.436: [GC (Allocation Failure) [PSYoungGen: 77168K->1533K(76800K)] 460036K->384401K(598016K), 0.0018838 secs] [Times: user=0.00 sys=0.00, real=0.00 secs] 
2002.568: [GC (Allocation Failure) [PSYoungGen: 76797K->1504K(77312K)] 459665K->384372K(598528K), 0.0026585 secs] [Times: user=0.01 sys=0.00, real=0.00 secs] 
2002.700: [GC (Allocation Failure) [PSYoungGen: 76768K->1533K(83968K)] 459636K->384401K(605184K), 0.0020440 secs] [Times: user=0.01 sys=0.00, real=0.00 secs] 
2003.258: [GC (Allocation Failure) [PSYoungGen: 83453K->1408K(83968K)] 466321K->384275K(605184K), 0.0023818 secs] [Times: user=0.00 sys=0.00, real=0.00 secs] 
2003.955: [GC (Allocation Failure) [PSYoungGen: 83328K->1408K(82944K)] 466195K->384275K(604160K), 0.0023455 secs] [Times: user=0.01 sys=0.00, real=0.01 secs] 
2004.841: [GC (Allocation Failure) [PSYoungGen: 82816K->1360K(82432K)] 465683K->384227K(603648K), 0.0053833 secs] [Times: user=0.02 sys=0.00, real=0.01 secs] 
2005.551: [GC (Allocation Failure) [PSYoungGen: 82256K->1501K(81920K)] 465123K->384369K(603136K), 0.0026009 secs] [Times: user=0.01 sys=0.00, real=0.00 secs] 
2005.725: [GC (Allocation Failure) [PSYoungGen: 81885K->1549K(81920K)] 464753K->384417K(603136K), 0.0017688 secs] [Times: user=0.00 sys=0.00, real=0.00 secs] 
2005.866: [GC (Allocation Failure) [PSYoungGen: 81421K->509K(79872K)] 464289K->384401K(601088K), 0.0018864 secs] [Times: user=0.00 sys=0.00, real=0.00 secs] 
2006.149: [GC (Allocation Failure) [PSYoungGen: 79869K->1952K(80896K)] 463761K->386355K(602112K), 0.0023745 secs] [Times: user=0.01 sys=0.00, real=0.00 secs] 
2006.873: [GC (Allocation Failure) [PSYoungGen: 80800K->1392K(79872K)] 465203K->385795K(601088K), 0.0025729 secs] [Times: user=0.01 sys=0.00, real=0.01 secs] 
2007.620: [GC (Allocation Failure) [PSYoungGen: 79728K->1376K(79360K)] 464131K->385787K(600576K), 0.0029394 secs] [Times: user=0.01 sys=0.00, real=0.00 secs] 
2008.469: [GC (Allocation Failure) [PSYoungGen: 79200K->1344K(78848K)] 463611K->385755K(600064K), 0.0030802 secs] [Times: user=0.01 sys=0.00, real=0.00 secs] 
2009.049: [GC (Allocation Failure) [PSYoungGen: 78656K->1453K(78336K)] 463067K->385865K(599552K), 0.0024088 secs] [Times: user=0.00 sys=0.00, real=0.00 secs] 
2009.198: [GC (Allocation Failure) [PSYoungGen: 78253K->1501K(77824K)] 462665K->385913K(599040K), 0.0018737 secs] [Times: user=0.01 sys=0.00, real=0.00 secs] 
2009.334: [GC (Allocation Failure) [PSYoungGen: 77789K->1517K(77312K)] 462201K->385929K(598528K), 0.0019176 secs] [Times: user=0.01 sys=0.00, real=0.01 secs] 
2009.563: [GC (Allocation Failure) [PSYoungGen: 77293K->1472K(76800K)] 461705K->385883K(598016K), 0.0019242 secs] [Times: user=0.01 sys=0.00, real=0.00 secs] 
2010.597: [GC (Allocation Failure) [PSYoungGen: 76736K->1328K(76288K)] 461147K->385739K(597504K), 0.0046801 secs] [Times: user=0.02 sys=0.00, real=0.00 secs] 
2011.204: [GC (Allocation Failure) [PSYoungGen: 76080K->1376K(75776K)] 460491K->385787K(596992K), 0.0028505 secs] [Times: user=0.01 sys=0.00, real=0.01 secs] 
2011.962: [GC (Allocation Failure) [PSYoungGen: 75616K->1424K(75264K)] 460027K->385835K(596480K), 0.0023948 secs] [Times: user=0.01 sys=0.00, real=0.00 secs] 
2012.753: [GC (Allocation Failure) [PSYoungGen: 75152K->1517K(74752K)] 459563K->385929K(595968K), 0.0024179 secs] [Times: user=0.01 sys=0.00, real=0.01 secs] 
2012.966: [GC (Allocation Failure) [PSYoungGen: 74733K->1533K(74240K)] 459145K->385945K(595456K), 0.0023950 secs] [Times: user=0.01 sys=0.00, real=0.00 secs] 
2013.116: [GC (Allocation Failure) [PSYoungGen: 74237K->1517K(73728K)] 458649K->385929K(594944K), 0.0019421 secs] [Times: user=0.01 sys=0.00, real=0.00 secs] 
2013.242: [GC (Allocation Failure) [PSYoungGen: 73709K->1501K(80384K)] 458121K->385913K(601600K), 0.0027273 secs] [Times: user=0.00 sys=0.00, real=0.00 secs] 
2014.160: [GC (Allocation Failure) [PSYoungGen: 80349K->1376K(79872K)] 464761K->385795K(601088K), 0.0035625 secs] [Times: user=0.01 sys=0.00, real=0.00 secs] 
2014.969: [GC (Allocation Failure) [PSYoungGen: 79712K->1376K(79360K)] 464131K->385795K(600576K), 0.0032560 secs] [Times: user=0.01 sys=0.00, real=0.00 secs] 
2015.866: [GC (Allocation Failure) [PSYoungGen: 79200K->1344K(78848K)] 463619K->385787K(600064K), 0.0033601 secs] [Times: user=0.02 sys=0.00, real=0.00 secs] 
2016.734: [GC (Allocation Failure) [PSYoungGen: 78656K->1469K(78336K)] 463099K->385913K(599552K), 0.0031936 secs] [Times: user=0.01 sys=0.00, real=0.01 secs] 
2016.930: [GC (Allocation Failure) [PSYoungGen: 78269K->1517K(77824K)] 462713K->385961K(599040K), 0.0018225 secs] [Times: user=0.01 sys=0.00, real=0.00 secs] 
2017.085: [GC (Allocation Failure) [PSYoungGen: 77805K->1501K(77312K)] 462249K->385945K(598528K), 0.0021257 secs] [Times: user=0.01 sys=0.00, real=0.00 secs] 
2017.257: [GC (Allocation Failure) [PSYoungGen: 77277K->1469K(76800K)] 461721K->385913K(598016K), 0.0021637 secs] [Times: user=0.01 sys=0.00, real=0.00 secs] 
2017.860: [GC (Allocation Failure) [PSYoungGen: 76733K->1456K(76288K)] 461177K->385899K(597504K), 0.0023309 secs] [Times: user=0.01 sys=0.00, real=0.00 secs] 
2018.516: [GC (Allocation Failure) [PSYoungGen: 76208K->1376K(75776K)] 460651K->385819K(596992K), 0.0044827 secs] [Times: user=0.02 sys=0.00, real=0.00 secs] 
2019.180: [GC (Allocation Failure) [PSYoungGen: 75616K->1376K(75264K)] 460059K->385819K(596480K), 0.0029500 secs] [Times: user=0.01 sys=0.00, real=0.00 secs] 
2019.504: [GC (Allocation Failure) [PSYoungGen: 75104K->1440K(74752K)] 459547K->385884K(595968K), 0.0030274 secs] [Times: user=0.01 sys=0.00, real=0.01 secs] 
2019.739: [GC (Allocation Failure) [PSYoungGen: 74656K->1501K(74240K)] 459100K->385945K(595456K), 0.0023551 secs] [Times: user=0.01 sys=0.00, real=0.00 secs] 
2019.878: [GC (Allocation Failure) [PSYoungGen: 74205K->1485K(73728K)] 458649K->385929K(594944K), 0.0018520 secs] [Times: user=0.01 sys=0.00, real=0.00 secs] 
2020.006: [GC (Allocation Failure) [PSYoungGen: 73677K->1501K(74240K)] 458121K->385945K(595456K), 0.0019139 secs] [Times: user=0.01 sys=0.00, real=0.00 secs] 
2020.524: [GC (Allocation Failure) [PSYoungGen: 73693K->1440K(73216K)] 458137K->385883K(594432K), 0.0040436 secs] [Times: user=0.02 sys=0.00, real=0.01 secs] 
2021.104: [GC (Allocation Failure) [PSYoungGen: 73120K->1376K(72704K)] 457563K->385819K(593920K), 0.0032472 secs] [Times: user=0.01 sys=0.00, real=0.01 secs] 
2021.773: [GC (Allocation Failure) [PSYoungGen: 72544K->1376K(72192K)] 456987K->385819K(593408K), 0.0039164 secs] [Times: user=0.01 sys=0.00, real=0.01 secs] 
2022.329: [GC (Allocation Failure) [PSYoungGen: 72032K->1376K(71680K)] 456475K->385819K(592896K), 0.0033580 secs] [Times: user=0.01 sys=0.00, real=0.00 secs] 
2022.788: [GC (Allocation Failure) [PSYoungGen: 71520K->1533K(71168K)] 455963K->385977K(592384K), 0.0025197 secs] [Times: user=0.01 sys=0.01, real=0.00 secs] 
2022.938: [GC (Allocation Failure) [PSYoungGen: 71165K->1453K(70656K)] 455609K->385897K(591872K), 0.0018936 secs] [Times: user=0.00 sys=0.00, real=0.00 secs] 
2023.060: [GC (Allocation Failure) [PSYoungGen: 70573K->1501K(77312K)] 455017K->385945K(598528K), 0.0031933 secs] [Times: user=0.01 sys=0.00, real=0.00 secs] 
2023.195: [GC (Allocation Failure) [PSYoungGen: 77277K->1517K(77824K)] 461721K->385977K(599040K), 0.0018087 secs] [Times: user=0.00 sys=0.00, real=0.00 secs] 
2024.857: [GC (Allocation Failure) [PSYoungGen: 77293K->1408K(83968K)] 461753K->385867K(605184K), 0.0056700 secs] [Times: user=0.02 sys=0.00, real=0.00 secs] 
2026.035: [GC (Allocation Failure) [PSYoungGen: 83840K->1376K(83456K)] 468299K->385835K(604672K), 0.0047722 secs] [Times: user=0.02 sys=0.01, real=0.01 secs] 
2026.942: [GC (Allocation Failure) [PSYoungGen: 83296K->1376K(82944K)] 467755K->385835K(604160K), 0.0047152 secs] [Times: user=0.01 sys=0.00, real=0.01 secs] 
2027.421: [GC (Allocation Failure) [PSYoungGen: 82784K->1533K(82432K)] 467243K->385993K(603648K), 0.0033131 secs] [Times: user=0.01 sys=0.01, real=0.00 secs] 
2027.621: [GC (Allocation Failure) [PSYoungGen: 82429K->1533K(81920K)] 466889K->385993K(603136K), 0.0019823 secs] [Times: user=0.01 sys=0.00, real=0.00 secs] 
2027.761: [GC (Allocation Failure) [PSYoungGen: 81917K->1501K(81408K)] 466377K->385961K(602624K), 0.0019286 secs] [Times: user=0.01 sys=0.00, real=0.00 secs] 
2027.968: [GC (Allocation Failure) [PSYoungGen: 81373K->1440K(80896K)] 465833K->385899K(602112K), 0.0023644 secs] [Times: user=0.01 sys=0.00, real=0.00 secs] 
2028.307: [GC (Allocation Failure) [PSYoungGen: 80800K->1408K(80384K)] 465259K->385867K(601600K), 0.0024087 secs] [Times: user=0.01 sys=0.00, real=0.00 secs] 
2028.836: [GC (Allocation Failure) [PSYoungGen: 80256K->1376K(79872K)] 464715K->385835K(601088K), 0.0021579 secs] [Times: user=0.01 sys=0.00, real=0.00 secs] 
2029.583: [GC (Allocation Failure) [PSYoungGen: 79712K->1376K(79360K)] 464171K->385835K(600576K), 0.0040876 secs] [Times: user=0.02 sys=0.00, real=0.01 secs] 
2030.026: [GC (Allocation Failure) [PSYoungGen: 79200K->1533K(78848K)] 463659K->385993K(600064K), 0.0024055 secs] [Times: user=0.01 sys=0.00, real=0.00 secs] 
2030.178: [GC (Allocation Failure) [PSYoungGen: 78845K->1469K(78336K)] 463305K->385929K(599552K), 0.0018907 secs] [Times: user=0.01 sys=0.00, real=0.00 secs] 
2030.314: [GC (Allocation Failure) [PSYoungGen: 78269K->1533K(77824K)] 462729K->385993K(599040K), 0.0018770 secs] [Times: user=0.00 sys=0.00, real=0.01 secs] 
2030.856: [GC (Allocation Failure) [PSYoungGen: 77821K->1440K(77312K)] 462281K->385907K(598528K), 0.0027462 secs] [Times: user=0.01 sys=0.00, real=0.00 secs] 
2031.529: [GC (Allocation Failure) [PSYoungGen: 77216K->1392K(76800K)] 461683K->385859K(598016K), 0.0035620 secs] [Times: user=0.01 sys=0.00, real=0.00 secs] 
2032.111: [GC (Allocation Failure) [PSYoungGen: 76656K->1440K(76288K)] 461123K->385907K(597504K), 0.0032472 secs] [Times: user=0.01 sys=0.00, real=0.00 secs] 
2032.678: [GC (Allocation Failure) [PSYoungGen: 76192K->1344K(75776K)] 460659K->385811K(596992K), 0.0047254 secs] [Times: user=0.02 sys=0.00, real=0.00 secs] 
2033.196: [GC (Allocation Failure) [PSYoungGen: 75584K->1501K(75264K)] 460051K->385969K(596480K), 0.0024606 secs] [Times: user=0.01 sys=0.00, real=0.00 secs] 
2033.349: [GC (Allocation Failure) [PSYoungGen: 75229K->1469K(74752K)] 459697K->385953K(595968K), 0.0017442 secs] [Times: user=0.00 sys=0.00, real=0.00 secs] 
2033.477: [GC (Allocation Failure) [PSYoungGen: 74685K->1485K(74240K)] 459169K->385969K(595456K), 0.0018985 secs] [Times: user=0.00 sys=0.00, real=0.00 secs] 
2033.706: [GC (Allocation Failure) [PSYoungGen: 73783K->1408K(74752K)] 458266K->386403K(595968K), 0.0027312 secs] [Times: user=0.01 sys=0.00, real=0.00 secs] 
2035.088: [GC (Allocation Failure) [PSYoungGen: 74624K->1392K(74240K)] 459619K->386387K(595456K), 0.0043721 secs] [Times: user=0.02 sys=0.00, real=0.00 secs] 
2036.262: [GC (Allocation Failure) [PSYoungGen: 74096K->1376K(73728K)] 459091K->386371K(594944K), 0.0048949 secs] [Times: user=0.02 sys=0.00, real=0.01 secs] 
2037.178: [GC (Allocation Failure) [PSYoungGen: 73568K->1376K(73216K)] 458563K->386371K(594432K), 0.0039051 secs] [Times: user=0.01 sys=0.00, real=0.00 secs] 
2038.059: [GC (Allocation Failure) [PSYoungGen: 73056K->1469K(72704K)] 458051K->386465K(593920K), 0.0038219 secs] [Times: user=0.02 sys=0.00, real=0.00 secs] 
2038.266: [GC (Allocation Failure) [PSYoungGen: 72637K->1533K(72192K)] 457633K->386529K(593408K), 0.0018144 secs] [Times: user=0.00 sys=0.00, real=0.00 secs] 
2038.409: [GC (Allocation Failure) [PSYoungGen: 72189K->1533K(71680K)] 457185K->386529K(592896K), 0.0022895 secs] [Times: user=0.01 sys=0.00, real=0.00 secs] 
2038.574: [GC (Allocation Failure) [PSYoungGen: 71677K->1453K(72192K)] 456673K->386449K(593408K), 0.0023489 secs] [Times: user=0.01 sys=0.00, real=0.01 secs] 
2039.261: [GC (Allocation Failure) [PSYoungGen: 71597K->1440K(71168K)] 456593K->386451K(592384K), 0.0024322 secs] [Times: user=0.01 sys=0.00, real=0.00 secs] 
2039.897: [GC (Allocation Failure) [PSYoungGen: 71072K->1440K(70656K)] 456083K->386451K(591872K), 0.0030574 secs] [Times: user=0.01 sys=0.01, real=0.00 secs] 
2040.185: [GC (Allocation Failure) [PSYoungGen: 70560K->1408K(70144K)] 455571K->386419K(591360K), 0.0021668 secs] [Times: user=0.01 sys=0.00, real=0.01 secs] 
2040.586: [GC (Allocation Failure) [PSYoungGen: 70016K->1376K(69632K)] 455027K->386387K(590848K), 0.0023343 secs] [Times: user=0.01 sys=0.00, real=0.00 secs] 
2040.951: [GC (Allocation Failure) [PSYoungGen: 69472K->1469K(69120K)] 454483K->386481K(590336K), 0.0021814 secs] [Times: user=0.01 sys=0.00, real=0.00 secs] 
2041.111: [GC (Allocation Failure) [PSYoungGen: 69053K->1472K(68608K)] 454065K->386484K(589824K), 0.0021916 secs] [Times: user=0.01 sys=0.00, real=0.00 secs] 
2041.264: [GC (Allocation Failure) [PSYoungGen: 68544K->1501K(68096K)] 453556K->386513K(589312K), 0.0017796 secs] [Times: user=0.01 sys=0.00, real=0.01 secs] 
2041.381: [GC (Allocation Failure) [PSYoungGen: 68061K->1485K(73728K)] 453073K->386513K(594944K), 0.0018183 secs] [Times: user=0.01 sys=0.00, real=0.00 secs] 
2041.841: [GC (Allocation Failure) [PSYoungGen: 73677K->1472K(74240K)] 458705K->386499K(595456K), 0.0046941 secs] [Times: user=0.02 sys=0.00, real=0.01 secs] 
2042.289: [GC (Allocation Failure) [PSYoungGen: 73664K->1408K(73216K)] 458691K->386435K(594432K), 0.0022605 secs] [Times: user=0.00 sys=0.01, real=0.00 secs] 
2042.588: [GC (Allocation Failure) [PSYoungGen: 73088K->1408K(72704K)] 458115K->386475K(593920K), 0.0028482 secs] [Times: user=0.01 sys=0.01, real=0.00 secs] 
2043.047: [GC (Allocation Failure) [PSYoungGen: 72576K->1376K(72192K)] 457643K->386451K(593408K), 0.0023629 secs] [Times: user=0.01 sys=0.00, real=0.00 secs] 
2043.377: [GC (Allocation Failure) [PSYoungGen: 72032K->1533K(71680K)] 457107K->386609K(592896K), 0.0019511 secs] [Times: user=0.01 sys=0.00, real=0.00 secs] 
2043.500: [GC (Allocation Failure) [PSYoungGen: 71677K->1469K(71168K)] 456753K->386545K(592384K), 0.0018489 secs] [Times: user=0.01 sys=0.00, real=0.00 secs] 
2043.623: [GC (Allocation Failure) [PSYoungGen: 71101K->1485K(71680K)] 456177K->386561K(592896K), 0.0018694 secs] [Times: user=0.01 sys=0.00, real=0.00 secs] 
2043.746: [GC (Allocation Failure) [PSYoungGen: 70796K->192K(71680K)] 455872K->385267K(592896K), 0.0016048 secs] [Times: user=0.01 sys=0.00, real=0.00 secs] 
2044.357: [GC (Allocation Failure) [PSYoungGen: 69824K->1376K(77312K)] 454899K->386451K(598528K), 0.0040267 secs] [Times: user=0.02 sys=0.00, real=0.00 secs] 
2044.997: [GC (Allocation Failure) [PSYoungGen: 77152K->1376K(76800K)] 462227K->386451K(598016K), 0.0032674 secs] [Times: user=0.02 sys=0.00, real=0.00 secs] 
2045.729: [GC (Allocation Failure) [PSYoungGen: 76640K->1408K(76288K)] 461715K->386483K(597504K), 0.0029029 secs] [Times: user=0.01 sys=0.00, real=0.00 secs] 
2046.440: [GC (Allocation Failure) [PSYoungGen: 76149K->1501K(75776K)] 461225K->386577K(596992K), 0.0024763 secs] [Times: user=0.01 sys=0.01, real=0.00 secs] 
2046.602: [GC (Allocation Failure) [PSYoungGen: 75741K->1501K(75264K)] 460817K->386577K(596480K), 0.0019073 secs] [Times: user=0.00 sys=0.00, real=0.00 secs] 
2046.730: [GC (Allocation Failure) [PSYoungGen: 75229K->1533K(74752K)] 460305K->386609K(595968K), 0.0018540 secs] [Times: user=0.01 sys=0.00, real=0.00 secs] 
2046.859: [GC (Allocation Failure) [PSYoungGen: 74749K->1565K(75264K)] 459825K->386641K(596480K), 0.0018693 secs] [Times: user=0.01 sys=0.00, real=0.00 secs] 
2047.293: [GC (Allocation Failure) [PSYoungGen: 74781K->1456K(74240K)] 459857K->386531K(595456K), 0.0022546 secs] [Times: user=0.01 sys=0.00, real=0.00 secs] 
2047.674: [GC (Allocation Failure) [PSYoungGen: 74160K->1376K(73728K)] 459235K->386451K(594944K), 0.0032463 secs] [Times: user=0.01 sys=0.00, real=0.01 secs] 
2048.192: [GC (Allocation Failure) [PSYoungGen: 73568K->1392K(73216K)] 458643K->386467K(594432K), 0.0031656 secs] [Times: user=0.01 sys=0.00, real=0.01 secs] 
2048.760: [GC (Allocation Failure) [PSYoungGen: 73072K->1376K(72704K)] 458147K->386451K(593920K), 0.0027261 secs] [Times: user=0.01 sys=0.00, real=0.00 secs] 
2049.112: [GC (Allocation Failure) [PSYoungGen: 72544K->1501K(72192K)] 457619K->386577K(593408K), 0.0021702 secs] [Times: user=0.01 sys=0.00, real=0.00 secs] 
2049.244: [GC (Allocation Failure) [PSYoungGen: 72157K->1485K(71680K)] 457233K->386561K(592896K), 0.0018881 secs] [Times: user=0.01 sys=0.00, real=0.01 secs] 
2049.366: [GC (Allocation Failure) [PSYoungGen: 71622K->1501K(72192K)] 456698K->386577K(593408K), 0.0018533 secs] [Times: user=0.00 sys=0.00, real=0.00 secs] 
2049.613: [GC (Allocation Failure) [PSYoungGen: 71645K->1472K(78336K)] 456721K->386547K(599552K), 0.0023420 secs] [Times: user=0.00 sys=0.00, real=0.01 secs] 
2050.498: [GC (Allocation Failure) [PSYoungGen: 77760K->1344K(77312K)] 462835K->386419K(598528K), 0.0030663 secs] [Times: user=0.01 sys=0.00, real=0.00 secs] 
2051.187: [GC (Allocation Failure) [PSYoungGen: 77120K->1376K(76800K)] 462195K->386451K(598016K), 0.0047079 secs] [Times: user=0.02 sys=0.00, real=0.00 secs] 
2051.983: [GC (Allocation Failure) [PSYoungGen: 76640K->1344K(76288K)] 461715K->386419K(597504K), 0.0032983 secs] [Times: user=0.02 sys=0.00, real=0.01 secs] 
2052.636: [GC (Allocation Failure) [PSYoungGen: 76096K->1536K(76288K)] 461171K->386612K(597504K), 0.0023339 secs] [Times: user=0.01 sys=0.00, real=0.00 secs] 
2052.799: [GC (Allocation Failure) [PSYoungGen: 75776K->1501K(75264K)] 460852K->386577K(596480K), 0.0019045 secs] [Times: user=0.00 sys=0.00, real=0.00 secs] 
2052.930: [GC (Allocation Failure) [PSYoungGen: 75229K->1469K(74752K)] 460305K->386545K(595968K), 0.0018153 secs] [Times: user=0.01 sys=0.00, real=0.00 secs] 
2053.079: [GC (Allocation Failure) [PSYoungGen: 74685K->1533K(75776K)] 459761K->386609K(596992K), 0.0021796 secs] [Times: user=0.01 sys=0.00, real=0.00 secs] 
2053.461: [GC (Allocation Failure) [PSYoungGen: 75261K->1456K(74752K)] 460337K->386555K(595968K), 0.0021057 secs] [Times: user=0.01 sys=0.00, real=0.00 secs] 
2053.827: [GC (Allocation Failure) [PSYoungGen: 74672K->1344K(74240K)] 459771K->386443K(595456K), 0.0024217 secs] [Times: user=0.01 sys=0.00, real=0.00 secs] 
2054.129: [GC (Allocation Failure) [PSYoungGen: 74048K->1392K(73728K)] 459147K->386491K(594944K), 0.0020790 secs] [Times: user=0.01 sys=0.00, real=0.00 secs] 
2054.478: [GC (Allocation Failure) [PSYoungGen: 73584K->1469K(73216K)] 458683K->386569K(594432K), 0.0022990 secs] [Times: user=0.01 sys=0.00, real=0.00 secs] 
2054.614: [GC (Allocation Failure) [PSYoungGen: 73149K->1485K(72704K)] 458249K->386593K(593920K), 0.0018657 secs] [Times: user=0.01 sys=0.00, real=0.01 secs] 
2054.739: [GC (Allocation Failure) [PSYoungGen: 72653K->1501K(79360K)] 457761K->386609K(600576K), 0.0018309 secs] [Times: user=0.00 sys=0.00, real=0.00 secs] 
2054.879: [GC (Allocation Failure) [PSYoungGen: 78813K->1456K(79360K)] 463921K->386564K(600576K), 0.0018490 secs] [Times: user=0.00 sys=0.00, real=0.00 secs] 
2055.267: [GC (Allocation Failure) [PSYoungGen: 78768K->1472K(78336K)] 463876K->386587K(599552K), 0.0021683 secs] [Times: user=0.00 sys=0.00, real=0.00 secs] 
2055.617: [GC (Allocation Failure) [PSYoungGen: 78272K->1376K(77824K)] 463387K->386499K(599040K), 0.0021598 secs] [Times: user=0.00 sys=0.00, real=0.00 secs] 
2055.942: [GC (Allocation Failure) [PSYoungGen: 77664K->1376K(77312K)] 462787K->386499K(598528K), 0.0029161 secs] [Times: user=0.01 sys=0.00, real=0.00 secs] 
2056.270: [GC (Allocation Failure) [PSYoungGen: 77152K->1408K(76800K)] 462275K->386531K(598016K), 0.0024003 secs] [Times: user=0.01 sys=0.00, real=0.00 secs] 
2056.463: [GC (Allocation Failure) [PSYoungGen: 76672K->1501K(76288K)] 461795K->386625K(597504K), 0.0017971 secs] [Times: user=0.01 sys=0.00, real=0.00 secs] 
2056.616: [GC (Allocation Failure) [PSYoungGen: 76253K->1533K(76800K)] 461377K->386657K(598016K), 0.0023742 secs] [Times: user=0.01 sys=0.00, real=0.00 secs] 
2056.793: [GC (Allocation Failure) [PSYoungGen: 76285K->1453K(76800K)] 461409K->386577K(598016K), 0.0021059 secs] [Times: user=0.01 sys=0.00, real=0.00 secs] 
2057.101: [GC (Allocation Failure) [PSYoungGen: 76205K->1440K(83456K)] 461329K->386563K(604672K), 0.0026112 secs] [Times: user=0.01 sys=0.00, real=0.00 secs] 
2057.517: [GC (Allocation Failure) [PSYoungGen: 82848K->1376K(82432K)] 467971K->386507K(603648K), 0.0024221 secs] [Times: user=0.01 sys=0.00, real=0.00 secs] 
2058.082: [GC (Allocation Failure) [PSYoungGen: 82272K->1408K(81920K)] 467403K->386539K(603136K), 0.0028487 secs] [Times: user=0.01 sys=0.00, real=0.01 secs] 
2058.682: [GC (Allocation Failure) [PSYoungGen: 81792K->1408K(81408K)] 466923K->386539K(602624K), 0.0026322 secs] [Times: user=0.01 sys=0.00, real=0.00 secs] 
2058.994: [GC (Allocation Failure) [PSYoungGen: 81280K->1501K(80896K)] 466411K->386633K(602112K), 0.0021744 secs] [Times: user=0.01 sys=0.00, real=0.01 secs] 
2059.146: [GC (Allocation Failure) [PSYoungGen: 80861K->1469K(80384K)] 465993K->386601K(601600K), 0.0019346 secs] [Times: user=0.01 sys=0.00, real=0.00 secs] 
2059.284: [GC (Allocation Failure) [PSYoungGen: 80317K->1565K(80384K)] 465449K->386697K(601600K), 0.0018022 secs] [Times: user=0.01 sys=0.00, real=0.01 secs] 
2060.173: [GC (Allocation Failure) [PSYoungGen: 79901K->1456K(79360K)] 465033K->386587K(600576K), 0.0034571 secs] [Times: user=0.02 sys=0.00, real=0.01 secs] 
2060.721: [GC (Allocation Failure) [PSYoungGen: 79280K->1408K(78848K)] 464411K->386547K(600064K), 0.0025879 secs] [Times: user=0.01 sys=0.00, real=0.00 secs] 
2061.286: [GC (Allocation Failure) [PSYoungGen: 78720K->1392K(78336K)] 463859K->386531K(599552K), 0.0025288 secs] [Times: user=0.01 sys=0.00, real=0.00 secs] 
2061.943: [GC (Allocation Failure) [PSYoungGen: 78192K->1453K(77824K)] 463331K->386593K(599040K), 0.0128307 secs] [Times: user=0.06 sys=0.00, real=0.02 secs] 
2062.195: [GC (Allocation Failure) [PSYoungGen: 77741K->1488K(77312K)] 462881K->386628K(598528K), 0.0023458 secs] [Times: user=0.01 sys=0.00, real=0.00 secs] 
2062.333: [GC (Allocation Failure) [PSYoungGen: 77264K->1533K(77824K)] 462404K->386673K(599040K), 0.0018327 secs] [Times: user=0.01 sys=0.00, real=0.01 secs] 
2062.468: [GC (Allocation Failure) [PSYoungGen: 77821K->1533K(78336K)] 462961K->386673K(599552K), 0.0017432 secs] [Times: user=0.01 sys=0.00, real=0.00 secs] 
2063.258: [GC (Allocation Failure) [PSYoungGen: 77821K->1472K(77312K)] 462961K->386611K(598528K), 0.0040148 secs] [Times: user=0.01 sys=0.00, real=0.00 secs] 
2064.043: [GC (Allocation Failure) [PSYoungGen: 77248K->1408K(76800K)] 462387K->386547K(598016K), 0.0042492 secs] [Times: user=0.02 sys=0.00, real=0.01 secs] 
2064.483: [GC (Allocation Failure) [PSYoungGen: 76672K->1376K(76288K)] 461811K->386531K(597504K), 0.0021469 secs] [Times: user=0.01 sys=0.00, real=0.00 secs] 
2064.793: [GC (Allocation Failure) [PSYoungGen: 76128K->1344K(75776K)] 461283K->386499K(596992K), 0.0024251 secs] [Times: user=0.00 sys=0.01, real=0.01 secs] 
2064.958: [GC (Allocation Failure) [PSYoungGen: 75584K->1533K(75264K)] 460739K->386689K(596480K), 0.0017180 secs] [Times: user=0.00 sys=0.00, real=0.00 secs] 
2065.089: [GC (Allocation Failure) [PSYoungGen: 75261K->1472K(74752K)] 460417K->386628K(595968K), 0.0017883 secs] [Times: user=0.00 sys=0.00, real=0.00 secs] 
2065.222: [GC (Allocation Failure) [PSYoungGen: 74688K->1485K(80896K)] 459844K->386641K(602112K), 0.0016692 secs] [Times: user=0.01 sys=0.00, real=0.00 secs] 
2065.481: [GC (Allocation Failure) [PSYoungGen: 80845K->1440K(80384K)] 466001K->386595K(601600K), 0.0021275 secs] [Times: user=0.01 sys=0.00, real=0.00 secs] 
2065.828: [GC (Allocation Failure) [PSYoungGen: 80288K->1376K(79872K)] 465443K->386531K(601088K), 0.0024895 secs] [Times: user=0.01 sys=0.00, real=0.00 secs] 
2066.184: [GC (Allocation Failure) [PSYoungGen: 79712K->1408K(79360K)] 464867K->386563K(600576K), 0.0025278 secs] [Times: user=0.01 sys=0.01, real=0.01 secs] 
2066.684: [GC (Allocation Failure) [PSYoungGen: 79232K->1376K(78848K)] 464387K->386531K(600064K), 0.0028240 secs] [Times: user=0.02 sys=0.00, real=0.01 secs] 
2066.934: [GC (Allocation Failure) [PSYoungGen: 78688K->1501K(78336K)] 463843K->386657K(599552K), 0.0018494 secs] [Times: user=0.00 sys=0.00, real=0.01 secs] 
2067.071: [GC (Allocation Failure) [PSYoungGen: 78301K->1549K(78336K)] 463457K->386705K(599552K), 0.0018155 secs] [Times: user=0.01 sys=0.00, real=0.00 secs] 
2067.208: [GC (Allocation Failure) [PSYoungGen: 77837K->1501K(77312K)] 462993K->386657K(598528K), 0.0018296 secs] [Times: user=0.01 sys=0.00, real=0.00 secs] 
2067.747: [GC (Allocation Failure) [PSYoungGen: 77277K->1408K(76800K)] 462433K->386563K(598016K), 0.0019812 secs] [Times: user=0.01 sys=0.00, real=0.00 secs] 
2068.672: [GC (Allocation Failure) [PSYoungGen: 76672K->1408K(76288K)] 461827K->386563K(597504K), 0.0032019 secs] [Times: user=0.02 sys=0.00, real=0.01 secs] 
2069.345: [GC (Allocation Failure) [PSYoungGen: 76160K->1392K(75776K)] 461315K->386547K(596992K), 0.0030702 secs] [Times: user=0.01 sys=0.00, real=0.01 secs] 
2070.231: [GC (Allocation Failure) [PSYoungGen: 75632K->1424K(75264K)] 460787K->386579K(596480K), 0.0033339 secs] [Times: user=0.02 sys=0.00, real=0.00 secs] 
2070.660: [GC (Allocation Failure) [PSYoungGen: 75152K->1533K(74752K)] 460307K->386689K(595968K), 0.0021956 secs] [Times: user=0.01 sys=0.00, real=0.00 secs] 
2070.792: [GC (Allocation Failure) [PSYoungGen: 74749K->1501K(74240K)] 459905K->386657K(595456K), 0.0019348 secs] [Times: user=0.00 sys=0.00, real=0.00 secs] 
2070.921: [GC (Allocation Failure) [PSYoungGen: 74205K->1501K(73728K)] 459361K->386657K(594944K), 0.0017864 secs] [Times: user=0.01 sys=0.00, real=0.00 secs] 
2071.206: [GC (Allocation Failure) [PSYoungGen: 73693K->1440K(73216K)] 458849K->386595K(594432K), 0.0022256 secs] [Times: user=0.01 sys=0.00, real=0.00 secs] 
2071.889: [GC (Allocation Failure) [PSYoungGen: 73120K->1392K(72704K)] 458275K->386547K(593920K), 0.0023497 secs] [Times: user=0.01 sys=0.01, real=0.00 secs] 
2072.223: [GC (Allocation Failure) [PSYoungGen: 72560K->1408K(72192K)] 457715K->386563K(593408K), 0.0024728 secs] [Times: user=0.01 sys=0.00, real=0.01 secs] 
2072.521: [GC (Allocation Failure) [PSYoungGen: 72064K->1408K(71680K)] 457219K->386563K(592896K), 0.0026030 secs] [Times: user=0.01 sys=0.00, real=0.00 secs] 
2073.080: [GC (Allocation Failure) [PSYoungGen: 71552K->1424K(71168K)] 456707K->386580K(592384K), 0.0038093 secs] [Times: user=0.02 sys=0.00, real=0.00 secs] 
2073.282: [GC (Allocation Failure) [PSYoungGen: 71056K->1501K(70656K)] 456212K->386657K(591872K), 0.0017929 secs] [Times: user=0.01 sys=0.00, real=0.00 secs] 
2073.403: [GC (Allocation Failure) [PSYoungGen: 70621K->1533K(70144K)] 455777K->386689K(591360K), 0.0018811 secs] [Times: user=0.01 sys=0.00, real=0.00 secs] 
2073.523: [GC (Allocation Failure) [PSYoungGen: 70141K->1453K(70656K)] 455297K->386625K(591872K), 0.0018895 secs] [Times: user=0.00 sys=0.00, real=0.00 secs] 
2073.965: [GC (Allocation Failure) [PSYoungGen: 70573K->1440K(71168K)] 455745K->386611K(592384K), 0.0044675 secs] [Times: user=0.02 sys=0.00, real=0.01 secs] 
2074.496: [GC (Allocation Failure) [PSYoungGen: 70560K->1440K(70144K)] 455731K->386611K(591360K), 0.0023459 secs] [Times: user=0.01 sys=0.00, real=0.00 secs] 
2074.932: [GC (Allocation Failure) [PSYoungGen: 70048K->1408K(69632K)] 455219K->386579K(590848K), 0.0025112 secs] [Times: user=0.01 sys=0.00, real=0.00 secs] 
2075.654: [GC (Allocation Failure) [PSYoungGen: 69504K->1440K(69120K)] 454675K->386611K(590336K), 0.0021917 secs] [Times: user=0.01 sys=0.00, real=0.01 secs] 
2076.237: [GC (Allocation Failure) [PSYoungGen: 69024K->1469K(68608K)] 454195K->386641K(589824K), 0.0030819 secs] [Times: user=0.01 sys=0.00, real=0.00 secs] 
2076.403: [GC (Allocation Failure) [PSYoungGen: 68541K->1533K(68096K)] 453713K->386705K(589312K), 0.0018448 secs] [Times: user=0.00 sys=0.00, real=0.01 secs] 
2076.523: [GC (Allocation Failure) [PSYoungGen: 68093K->1501K(67584K)] 453265K->386673K(588800K), 0.0018652 secs] [Times: user=0.01 sys=0.00, real=0.00 secs] 
2076.639: [GC (Allocation Failure) [PSYoungGen: 67549K->1533K(73728K)] 452721K->386721K(594944K), 0.0018299 secs] [Times: user=0.01 sys=0.00, real=0.00 secs] 
2076.899: [GC (Allocation Failure) [PSYoungGen: 73725K->1440K(74240K)] 458913K->386627K(595456K), 0.0029887 secs] [Times: user=0.02 sys=0.01, real=0.00 secs] 
2077.201: [GC (Allocation Failure) [PSYoungGen: 73632K->1408K(79872K)] 458819K->386595K(601088K), 0.0024400 secs] [Times: user=0.01 sys=0.00, real=0.00 secs] 
2077.527: [GC (Allocation Failure) [PSYoungGen: 79744K->1408K(79360K)] 464931K->386595K(600576K), 0.0024699 secs] [Times: user=0.00 sys=0.00, real=0.00 secs] 
2077.850: [GC (Allocation Failure) [PSYoungGen: 79232K->1424K(78848K)] 464419K->386611K(600064K), 0.0023390 secs] [Times: user=0.01 sys=0.00, real=0.00 secs] 
2078.129: [GC (Allocation Failure) [PSYoungGen: 78736K->1472K(78336K)] 463923K->386660K(599552K), 0.0019063 secs] [Times: user=0.00 sys=0.00, real=0.00 secs] 
2078.265: [GC (Allocation Failure) [PSYoungGen: 78272K->1453K(77824K)] 463460K->386641K(599040K), 0.0018173 secs] [Times: user=0.01 sys=0.00, real=0.01 secs] 
2078.400: [GC (Allocation Failure) [PSYoungGen: 77741K->1501K(78336K)] 462929K->386689K(599552K), 0.0018171 secs] [Times: user=0.01 sys=0.00, real=0.00 secs] 
2079.011: [GC (Allocation Failure) [PSYoungGen: 77789K->1424K(77312K)] 462977K->386611K(598528K), 0.0032044 secs] [Times: user=0.02 sys=0.00, real=0.00 secs] 
2079.342: [GC (Allocation Failure) [PSYoungGen: 77200K->1376K(76800K)] 462387K->386563K(598016K), 0.0029292 secs] [Times: user=0.01 sys=0.01, real=0.01 secs] 
2079.696: [GC (Allocation Failure) [PSYoungGen: 76640K->1408K(76288K)] 461827K->386595K(597504K), 0.0021984 secs] [Times: user=0.01 sys=0.00, real=0.00 secs] 
2080.007: [GC (Allocation Failure) [PSYoungGen: 76160K->1376K(75776K)] 461347K->386563K(596992K), 0.0024001 secs] [Times: user=0.01 sys=0.00, real=0.00 secs] 
2080.206: [GC (Allocation Failure) [PSYoungGen: 75616K->1533K(75264K)] 460803K->386721K(596480K), 0.0017540 secs] [Times: user=0.01 sys=0.00, real=0.00 secs] 
2080.339: [GC (Allocation Failure) [PSYoungGen: 75261K->1501K(81408K)] 460449K->386689K(602624K), 0.0022211 secs] [Times: user=0.01 sys=0.00, real=0.00 secs] 
2080.516: [GC (Allocation Failure) [PSYoungGen: 81373K->1501K(81920K)] 466561K->386689K(603136K), 0.0018846 secs] [Times: user=0.01 sys=0.00, real=0.00 secs] 
2080.763: [GC (Allocation Failure) [PSYoungGen: 81373K->1408K(80896K)] 466561K->386595K(602112K), 0.0022491 secs] [Times: user=0.01 sys=0.00, real=0.01 secs] 
2081.145: [GC (Allocation Failure) [PSYoungGen: 80768K->1408K(80384K)] 465955K->386595K(601600K), 0.0022248 secs] [Times: user=0.01 sys=0.00, real=0.00 secs] 
2081.521: [GC (Allocation Failure) [PSYoungGen: 80256K->1376K(79872K)] 465443K->386571K(601088K), 0.0024041 secs] [Times: user=0.01 sys=0.00, real=0.00 secs] 
2081.847: [GC (Allocation Failure) [PSYoungGen: 79712K->1408K(79360K)] 464907K->386603K(600576K), 0.0024449 secs] [Times: user=0.01 sys=0.00, real=0.00 secs] 
2082.446: [GC (Allocation Failure) [PSYoungGen: 79232K->1453K(78848K)] 464427K->386649K(600064K), 0.0018681 secs] [Times: user=0.00 sys=0.00, real=0.00 secs] 
2082.581: [GC (Allocation Failure) [PSYoungGen: 78765K->1533K(78336K)] 463961K->386729K(599552K), 0.0018566 secs] [Times: user=0.01 sys=0.00, real=0.00 secs] 
2082.737: [GC (Allocation Failure) [PSYoungGen: 78333K->1533K(77824K)] 463529K->386729K(599040K), 0.0021310 secs] [Times: user=0.01 sys=0.01, real=0.00 secs] 
2083.028: [GC (Allocation Failure) [PSYoungGen: 77821K->1440K(77312K)] 463017K->386635K(598528K), 0.0023698 secs] [Times: user=0.01 sys=0.00, real=0.00 secs] 
2083.784: [GC (Allocation Failure) [PSYoungGen: 77216K->1376K(76800K)] 462411K->386579K(598016K), 0.0026132 secs] [Times: user=0.01 sys=0.00, real=0.01 secs] 
2084.454: [GC (Allocation Failure) [PSYoungGen: 76640K->1392K(76288K)] 461843K->386595K(597504K), 0.0026208 secs] [Times: user=0.01 sys=0.01, real=0.01 secs] 
2085.335: [GC (Allocation Failure) [PSYoungGen: 76144K->1376K(75776K)] 461347K->386579K(596992K), 0.0030831 secs] [Times: user=0.02 sys=0.00, real=0.01 secs] 
2085.808: [GC (Allocation Failure) [PSYoungGen: 75616K->1501K(75264K)] 460819K->386705K(596480K), 0.0022618 secs] [Times: user=0.01 sys=0.01, real=0.00 secs] 
2085.941: [GC (Allocation Failure) [PSYoungGen: 75229K->1533K(74752K)] 460433K->386737K(595968K), 0.0017710 secs] [Times: user=0.01 sys=0.00, real=0.00 secs] 
2086.069: [GC (Allocation Failure) [PSYoungGen: 74749K->1501K(74240K)] 459953K->386705K(595456K), 0.0018351 secs] [Times: user=0.01 sys=0.00, real=0.00 secs] 
2086.286: [GC (Allocation Failure) [PSYoungGen: 74205K->1440K(73728K)] 459409K->386643K(594944K), 0.0019260 secs] [Times: user=0.01 sys=0.00, real=0.00 secs] 
2086.813: [GC (Allocation Failure) [PSYoungGen: 73632K->1344K(73216K)] 458835K->386563K(594432K), 0.0021982 secs] [Times: user=0.01 sys=0.01, real=0.00 secs] 
2087.425: [GC (Allocation Failure) [PSYoungGen: 73024K->1408K(72704K)] 458243K->386627K(593920K), 0.0037693 secs] [Times: user=0.02 sys=0.00, real=0.01 secs] 
2088.004: [GC (Allocation Failure) [PSYoungGen: 72576K->1344K(72192K)] 457795K->386563K(593408K), 0.0037854 secs] [Times: user=0.01 sys=0.00, real=0.01 secs] 
2088.571: [GC (Allocation Failure) [PSYoungGen: 72000K->1501K(71680K)] 457219K->386721K(592896K), 0.0026852 secs] [Times: user=0.01 sys=0.00, real=0.00 secs] 
2088.776: [GC (Allocation Failure) [PSYoungGen: 71645K->1533K(71168K)] 456865K->386753K(592384K), 0.0024759 secs] [Times: user=0.01 sys=0.00, real=0.00 secs] 
2088.932: [GC (Allocation Failure) [PSYoungGen: 71165K->1469K(70656K)] 456385K->386689K(591872K), 0.0018226 secs] [Times: user=0.01 sys=0.00, real=0.00 secs] 
2089.054: [GC (Allocation Failure) [PSYoungGen: 70589K->1501K(71168K)] 455809K->386721K(592384K), 0.0018730 secs] [Times: user=0.00 sys=0.00, real=0.01 secs] 
2089.475: [GC (Allocation Failure) [PSYoungGen: 70621K->1472K(71168K)] 455841K->386691K(592384K), 0.0040366 secs] [Times: user=0.01 sys=0.00, real=0.01 secs] 
2090.084: [GC (Allocation Failure) [PSYoungGen: 70592K->1440K(70144K)] 455811K->386659K(591360K), 0.0046990 secs] [Times: user=0.02 sys=0.00, real=0.01 secs] 
2090.668: [GC (Allocation Failure) [PSYoungGen: 70048K->1376K(69632K)] 455267K->386595K(590848K), 0.0041076 secs] [Times: user=0.01 sys=0.00, real=0.00 secs] 
2090.996: [GC (Allocation Failure) [PSYoungGen: 69472K->1392K(69120K)] 454691K->386611K(590336K), 0.0026316 secs] [Times: user=0.01 sys=0.00, real=0.00 secs] 
2091.326: [GC (Allocation Failure) [PSYoungGen: 68976K->1533K(68608K)] 454195K->386753K(589824K), 0.0029566 secs] [Times: user=0.01 sys=0.00, real=0.00 secs] 
2091.490: [GC (Allocation Failure) [PSYoungGen: 68605K->1517K(68096K)] 453825K->386737K(589312K), 0.0018074 secs] [Times: user=0.01 sys=0.01, real=0.00 secs] 
2091.607: [GC (Allocation Failure) [PSYoungGen: 68077K->1501K(73728K)] 453297K->386721K(594944K), 0.0016643 secs] [Times: user=0.01 sys=0.00, real=0.00 secs] 
2091.733: [GC (Allocation Failure) [PSYoungGen: 73693K->1501K(74240K)] 458913K->386737K(595456K), 0.0017920 secs] [Times: user=0.00 sys=0.00, real=0.00 secs] 
2092.117: [GC (Allocation Failure) [PSYoungGen: 73693K->1408K(73216K)] 458929K->386643K(594432K), 0.0021074 secs] [Times: user=0.00 sys=0.00, real=0.00 secs] 
2092.415: [GC (Allocation Failure) [PSYoungGen: 73088K->1344K(72704K)] 458323K->386587K(593920K), 0.0020681 secs] [Times: user=0.01 sys=0.00, real=0.01 secs] 
2092.937: [GC (Allocation Failure) [PSYoungGen: 72512K->1376K(72192K)] 457755K->386619K(593408K), 0.0020293 secs] [Times: user=0.01 sys=0.00, real=0.00 secs] 
2093.545: [GC (Allocation Failure) [PSYoungGen: 72032K->1408K(71680K)] 457275K->386651K(592896K), 0.0022803 secs] [Times: user=0.01 sys=0.00, real=0.01 secs] 
2093.821: [GC (Allocation Failure) [PSYoungGen: 71552K->1533K(71168K)] 456795K->386777K(592384K), 0.0018672 secs] [Times: user=0.01 sys=0.00, real=0.00 secs] 
2093.946: [GC (Allocation Failure) [PSYoungGen: 71165K->1488K(70656K)] 456409K->386732K(591872K), 0.0018687 secs] [Times: user=0.01 sys=0.00, real=0.00 secs] 
2094.070: [GC (Allocation Failure) [PSYoungGen: 70608K->1469K(71168K)] 455852K->386713K(592384K), 0.0018888 secs] [Times: user=0.01 sys=0.00, real=0.00 secs] 
2094.284: [GC (Allocation Failure) [PSYoungGen: 70106K->2000K(77312K)] 455350K->387243K(598528K), 0.0022153 secs] [Times: user=0.01 sys=0.00, real=0.01 secs] 
2094.940: [GC (Allocation Failure) [PSYoungGen: 77264K->1376K(76288K)] 462507K->386619K(597504K), 0.0021448 secs] [Times: user=0.01 sys=0.00, real=0.00 secs] 
2095.650: [GC (Allocation Failure) [PSYoungGen: 76128K->1408K(75776K)] 461371K->386651K(596992K), 0.0041055 secs] [Times: user=0.02 sys=0.00, real=0.00 secs] 
2096.391: [GC (Allocation Failure) [PSYoungGen: 75648K->1376K(75264K)] 460891K->386619K(596480K), 0.0028219 secs] [Times: user=0.01 sys=0.00, real=0.00 secs] 
2097.068: [GC (Allocation Failure) [PSYoungGen: 75104K->1501K(74752K)] 460347K->386745K(595968K), 0.0023178 secs] [Times: user=0.01 sys=0.00, real=0.00 secs] 
2097.217: [GC (Allocation Failure) [PSYoungGen: 74717K->1469K(74240K)] 459961K->386713K(595456K), 0.0017802 secs] [Times: user=0.00 sys=0.00, real=0.00 secs] 
2097.345: [GC (Allocation Failure) [PSYoungGen: 74173K->1485K(73728K)] 459417K->386729K(594944K), 0.0018383 secs] [Times: user=0.01 sys=0.00, real=0.00 secs] 
2097.473: [GC (Allocation Failure) [PSYoungGen: 73677K->1453K(74240K)] 458921K->386697K(595456K), 0.0018246 secs] [Times: user=0.01 sys=0.00, real=0.00 secs] 
2097.752: [GC (Allocation Failure) [PSYoungGen: 73645K->1408K(73216K)] 458889K->386651K(594432K), 0.0022498 secs] [Times: user=0.01 sys=0.00, real=0.00 secs] 
2098.319: [GC (Allocation Failure) [PSYoungGen: 73088K->1472K(72704K)] 458331K->386715K(593920K), 0.0036258 secs] [Times: user=0.01 sys=0.01, real=0.00 secs] 
2098.907: [GC (Allocation Failure) [PSYoungGen: 72640K->1408K(72192K)] 457883K->386651K(593408K), 0.0020728 secs] [Times: user=0.01 sys=0.00, real=0.00 secs] 
2099.491: [GC (Allocation Failure) [PSYoungGen: 72064K->1376K(71680K)] 457307K->386619K(592896K), 0.0033178 secs] [Times: user=0.01 sys=0.00, real=0.00 secs] 
2099.769: [GC (Allocation Failure) [PSYoungGen: 71520K->1501K(71168K)] 456763K->386745K(592384K), 0.0022492 secs] [Times: user=0.01 sys=0.00, real=0.00 secs] 
2099.894: [GC (Allocation Failure) [PSYoungGen: 71133K->1501K(70656K)] 456377K->386745K(591872K), 0.0018257 secs] [Times: user=0.01 sys=0.00, real=0.01 secs] 
2100.017: [GC (Allocation Failure) [PSYoungGen: 70621K->1485K(76800K)] 455865K->386729K(598016K), 0.0017778 secs] [Times: user=0.01 sys=0.00, real=0.00 secs] 
2100.273: [GC (Allocation Failure) [PSYoungGen: 76749K->1440K(76288K)] 461993K->386683K(597504K), 0.0021047 secs] [Times: user=0.01 sys=0.00, real=0.00 secs] 
2101.016: [GC (Allocation Failure) [PSYoungGen: 76192K->1392K(75776K)] 461435K->386635K(596992K), 0.0024389 secs] [Times: user=0.01 sys=0.00, real=0.00 secs] 
2101.586: [GC (Allocation Failure) [PSYoungGen: 75632K->1440K(75264K)] 460875K->386683K(596480K), 0.0027488 secs] [Times: user=0.01 sys=0.00, real=0.00 secs] 
2102.298: [GC (Allocation Failure) [PSYoungGen: 75168K->1392K(74752K)] 460411K->386635K(595968K), 0.0052529 secs] [Times: user=0.02 sys=0.00, real=0.00 secs] 
2102.998: [GC (Allocation Failure) [PSYoungGen: 74589K->1501K(74240K)] 459833K->386745K(595456K), 0.0028694 secs] [Times: user=0.01 sys=0.00, real=0.00 secs] 
2103.175: [GC (Allocation Failure) [PSYoungGen: 74205K->1469K(73728K)] 459449K->386729K(594944K), 0.0018926 secs] [Times: user=0.01 sys=0.00, real=0.01 secs] 
2103.302: [GC (Allocation Failure) [PSYoungGen: 73661K->1533K(73216K)] 458921K->386793K(594432K), 0.0019230 secs] [Times: user=0.01 sys=0.00, real=0.00 secs] 
2103.428: [GC (Allocation Failure) [PSYoungGen: 73213K->1501K(73728K)] 458473K->386761K(594944K), 0.0020068 secs] [Times: user=0.00 sys=0.00, real=0.00 secs] 
2104.580: [GC (Allocation Failure) [PSYoungGen: 73181K->1408K(72704K)] 458441K->386667K(593920K), 0.0042768 secs] [Times: user=0.02 sys=0.00, real=0.00 secs] 
2105.722: [GC (Allocation Failure) [PSYoungGen: 72576K->1392K(72192K)] 457835K->386651K(593408K), 0.0040344 secs] [Times: user=0.02 sys=0.00, real=0.01 secs] 
2106.570: [GC (Allocation Failure) [PSYoungGen: 72048K->1360K(71680K)] 457307K->386619K(592896K), 0.0048405 secs] [Times: user=0.02 sys=0.00, real=0.00 secs] 
2107.309: [GC (Allocation Failure) [PSYoungGen: 71504K->1376K(71168K)] 456763K->386635K(592384K), 0.0036410 secs] [Times: user=0.02 sys=0.00, real=0.00 secs] 
2107.796: [GC (Allocation Failure) [PSYoungGen: 71008K->1472K(70656K)] 456267K->386732K(591872K), 0.0023212 secs] [Times: user=0.01 sys=0.00, real=0.00 secs] 
2107.931: [GC (Allocation Failure) [PSYoungGen: 70592K->1549K(70656K)] 455852K->386809K(591872K), 0.0018685 secs] [Times: user=0.01 sys=0.00, real=0.00 secs] 
2108.052: [GC (Allocation Failure) [PSYoungGen: 70125K->1488K(71168K)] 455385K->386748K(592384K), 0.0028742 secs] [Times: user=0.01 sys=0.00, real=0.00 secs] 
2108.255: [GC (Allocation Failure) [PSYoungGen: 70608K->1728K(77312K)] 455868K->386987K(598528K), 0.0021524 secs] [Times: user=0.01 sys=0.00, real=0.00 secs] 
2108.966: [GC (Allocation Failure) [PSYoungGen: 76992K->1376K(76288K)] 462251K->386635K(597504K), 0.0023441 secs] [Times: user=0.01 sys=0.00, real=0.00 secs] 
2109.793: [GC (Allocation Failure) [PSYoungGen: 76128K->1376K(75776K)] 461387K->386635K(596992K), 0.0038879 secs] [Times: user=0.01 sys=0.00, real=0.01 secs] 
2110.456: [GC (Allocation Failure) [PSYoungGen: 75616K->1376K(75264K)] 460875K->386635K(596480K), 0.0037043 secs] [Times: user=0.01 sys=0.00, real=0.00 secs] 
2111.035: [GC (Allocation Failure) [PSYoungGen: 75104K->1501K(74752K)] 460363K->386761K(595968K), 0.0025923 secs] [Times: user=0.01 sys=0.00, real=0.01 secs] 
2111.235: [GC (Allocation Failure) [PSYoungGen: 74717K->1469K(74240K)] 459977K->386729K(595456K), 0.0023178 secs] [Times: user=0.01 sys=0.00, real=0.00 secs] 
2111.430: [GC (Allocation Failure) [PSYoungGen: 74173K->1501K(73728K)] 459433K->386761K(594944K), 0.0023940 secs] [Times: user=0.01 sys=0.00, real=0.00 secs] 
2111.591: [GC (Allocation Failure) [PSYoungGen: 73693K->1517K(73216K)] 458953K->386777K(594432K), 0.0019157 secs] [Times: user=0.00 sys=0.00, real=0.00 secs] 
2111.897: [GC (Allocation Failure) [PSYoungGen: 73197K->1408K(72704K)] 458457K->386683K(593920K), 0.0034035 secs] [Times: user=0.01 sys=0.00, real=0.00 secs] 
2112.276: [GC (Allocation Failure) [PSYoungGen: 72576K->1376K(72192K)] 457851K->386651K(593408K), 0.0023925 secs] [Times: user=0.01 sys=0.00, real=0.00 secs] 
2112.606: [GC (Allocation Failure) [PSYoungGen: 72032K->1376K(71680K)] 457307K->386651K(592896K), 0.0023112 secs] [Times: user=0.01 sys=0.00, real=0.00 secs] 
2112.954: [GC (Allocation Failure) [PSYoungGen: 71520K->1376K(71168K)] 456795K->386667K(592384K), 0.0023619 secs] [Times: user=0.01 sys=0.00, real=0.01 secs] 
2113.176: [GC (Allocation Failure) [PSYoungGen: 71008K->1485K(70656K)] 456299K->386777K(591872K), 0.0018736 secs] [Times: user=0.01 sys=0.00, real=0.00 secs] 
2113.318: [GC (Allocation Failure) [PSYoungGen: 70605K->1533K(70144K)] 455897K->386825K(591360K), 0.0021704 secs] [Times: user=0.01 sys=0.00, real=0.00 secs] 
2113.469: [GC (Allocation Failure) [PSYoungGen: 70138K->1533K(70656K)] 455430K->386825K(591872K), 0.0021874 secs] [Times: user=0.01 sys=0.00, real=0.00 secs] 
2113.630: [GC (Allocation Failure) [PSYoungGen: 70141K->128K(70656K)] 455433K->385435K(591872K), 0.0015862 secs] [Times: user=0.01 sys=0.00, real=0.00 secs] 
2115.460: [GC (Allocation Failure) [PSYoungGen: 68736K->1408K(69632K)] 454043K->386715K(590848K), 0.0047199 secs] [Times: user=0.02 sys=0.00, real=0.00 secs] 
2116.084: [GC (Allocation Failure) [PSYoungGen: 69504K->1408K(69120K)] 454811K->386715K(590336K), 0.0028006 secs] [Times: user=0.01 sys=0.00, real=0.01 secs] 
2116.611: [GC (Allocation Failure) [PSYoungGen: 68992K->1440K(68608K)] 454299K->386747K(589824K), 0.0025391 secs] [Times: user=0.01 sys=0.00, real=0.00 secs] 
2117.243: [GC (Allocation Failure) [PSYoungGen: 68512K->1392K(68096K)] 453819K->386699K(589312K), 0.0029524 secs] [Times: user=0.01 sys=0.00, real=0.01 secs] 
2117.553: [GC (Allocation Failure) [PSYoungGen: 67952K->1501K(67584K)] 453259K->386809K(588800K), 0.0023135 secs] [Times: user=0.01 sys=0.00, real=0.01 secs] 
2117.688: [GC (Allocation Failure) [PSYoungGen: 67517K->1504K(67072K)] 452825K->386812K(588288K), 0.0017774 secs] [Times: user=0.01 sys=0.00, real=0.00 secs] 
2117.805: [GC (Allocation Failure) [PSYoungGen: 67040K->1517K(66560K)] 452348K->386825K(587776K), 0.0018320 secs] [Times: user=0.00 sys=0.00, real=0.01 secs] 
2117.938: [GC (Allocation Failure) [PSYoungGen: 66541K->1469K(73216K)] 451849K->386785K(594432K), 0.0020628 secs] [Times: user=0.01 sys=0.00, real=0.00 secs] 
2118.282: [GC (Allocation Failure) [PSYoungGen: 72637K->1440K(73216K)] 457953K->386755K(594432K), 0.0024070 secs] [Times: user=0.01 sys=0.00, real=0.00 secs] 
2118.612: [GC (Allocation Failure) [PSYoungGen: 72608K->1344K(72192K)] 457923K->386659K(593408K), 0.0022723 secs] [Times: user=0.01 sys=0.00, real=0.00 secs] 
2118.906: [GC (Allocation Failure) [PSYoungGen: 72000K->1344K(71680K)] 457315K->386659K(592896K), 0.0023259 secs] [Times: user=0.01 sys=0.00, real=0.00 secs] 
2119.251: [GC (Allocation Failure) [PSYoungGen: 71488K->1376K(71168K)] 456803K->386691K(592384K), 0.0025566 secs] [Times: user=0.01 sys=0.01, real=0.00 secs] 
2119.456: [GC (Allocation Failure) [PSYoungGen: 71008K->1517K(70656K)] 456323K->386833K(591872K), 0.0019059 secs] [Times: user=0.00 sys=0.01, real=0.00 secs] 
2119.579: [GC (Allocation Failure) [PSYoungGen: 70637K->1501K(71168K)] 455953K->386817K(592384K), 0.0018735 secs] [Times: user=0.00 sys=0.00, real=0.00 secs] 
2119.720: [GC (Allocation Failure) [PSYoungGen: 70621K->1533K(77312K)] 455937K->386849K(598528K), 0.0018640 secs] [Times: user=0.00 sys=0.00, real=0.00 secs] 
2119.964: [GC (Allocation Failure) [PSYoungGen: 76797K->1440K(77312K)] 462113K->386763K(598528K), 0.0022668 secs] [Times: user=0.01 sys=0.00, real=0.01 secs] 
2120.277: [GC (Allocation Failure) [PSYoungGen: 76704K->1376K(76288K)] 462027K->386699K(597504K), 0.0020254 secs] [Times: user=0.01 sys=0.00, real=0.00 secs] 
2120.612: [GC (Allocation Failure) [PSYoungGen: 76128K->1344K(75776K)] 461451K->386667K(596992K), 0.0021458 secs] [Times: user=0.01 sys=0.00, real=0.00 secs] 
2120.993: [GC (Allocation Failure) [PSYoungGen: 75584K->1408K(75264K)] 460907K->386747K(596480K), 0.0022354 secs] [Times: user=0.01 sys=0.00, real=0.00 secs] 
2121.238: [GC (Allocation Failure) [PSYoungGen: 75136K->1501K(74752K)] 460475K->386841K(595968K), 0.0018369 secs] [Times: user=0.01 sys=0.00, real=0.00 secs] 
2121.366: [GC (Allocation Failure) [PSYoungGen: 74693K->1469K(74240K)] 460033K->386809K(595456K), 0.0017935 secs] [Times: user=0.01 sys=0.00, real=0.00 secs] 
2121.495: [GC (Allocation Failure) [PSYoungGen: 74173K->1485K(81408K)] 459513K->386825K(602624K), 0.0017691 secs] [Times: user=0.00 sys=0.00, real=0.01 secs] 
2121.710: [GC (Allocation Failure) [PSYoungGen: 80845K->1984K(81408K)] 466185K->387323K(602624K), 0.0021565 secs] [Times: user=0.01 sys=0.00, real=0.00 secs] 
2122.357: [GC (Allocation Failure) [PSYoungGen: 81344K->1408K(80384K)] 466683K->386747K(601600K), 0.0047651 secs] [Times: user=0.02 sys=0.00, real=0.00 secs] 
2123.030: [GC (Allocation Failure) [PSYoungGen: 80256K->1376K(79872K)] 465595K->386715K(601088K), 0.0035897 secs] [Times: user=0.01 sys=0.00, real=0.00 secs] 
2123.774: [GC (Allocation Failure) [PSYoungGen: 79712K->1408K(79360K)] 465051K->386747K(600576K), 0.0028073 secs] [Times: user=0.01 sys=0.00, real=0.01 secs] 
2124.204: [GC (Allocation Failure) [PSYoungGen: 79232K->1469K(78848K)] 464571K->386809K(600064K), 0.0022873 secs] [Times: user=0.01 sys=0.00, real=0.01 secs] 
2124.391: [GC (Allocation Failure) [PSYoungGen: 78781K->1501K(78336K)] 464121K->386841K(599552K), 0.0020765 secs] [Times: user=0.00 sys=0.00, real=0.00 secs] 
2124.581: [GC (Allocation Failure) [PSYoungGen: 78301K->1565K(78336K)] 463641K->386905K(599552K), 0.0023830 secs] [Times: user=0.01 sys=0.00, real=0.00 secs] 
2125.027: [GC (Allocation Failure) [PSYoungGen: 77853K->1440K(77312K)] 463193K->386779K(598528K), 0.0034123 secs] [Times: user=0.02 sys=0.00, real=0.00 secs] 
2125.965: [GC (Allocation Failure) [PSYoungGen: 77216K->1408K(76800K)] 462555K->386747K(598016K), 0.0037362 secs] [Times: user=0.01 sys=0.00, real=0.01 secs] 
2126.536: [GC (Allocation Failure) [PSYoungGen: 76672K->1408K(76288K)] 462011K->386747K(597504K), 0.0038895 secs] [Times: user=0.01 sys=0.00, real=0.00 secs] 
2127.098: [GC (Allocation Failure) [PSYoungGen: 76160K->1344K(75776K)] 461499K->386683K(596992K), 0.0029494 secs] [Times: user=0.01 sys=0.00, real=0.00 secs] 
2127.709: [GC (Allocation Failure) [PSYoungGen: 75584K->1504K(75264K)] 460923K->386844K(596480K), 0.0028048 secs] [Times: user=0.01 sys=0.00, real=0.00 secs] 
2127.883: [GC (Allocation Failure) [PSYoungGen: 75232K->1517K(74752K)] 460572K->386857K(595968K), 0.0018927 secs] [Times: user=0.01 sys=0.00, real=0.00 secs] 
2128.032: [GC (Allocation Failure) [PSYoungGen: 74733K->1501K(74240K)] 460073K->386841K(595456K), 0.0021830 secs] [Times: user=0.01 sys=0.00, real=0.00 secs] 
2128.198: [GC (Allocation Failure) [PSYoungGen: 74205K->1501K(73728K)] 459545K->386841K(594944K), 0.0021043 secs] [Times: user=0.01 sys=0.01, real=0.00 secs] 
2130.001: [GC (Allocation Failure) [PSYoungGen: 73693K->1424K(73216K)] 459033K->386763K(594432K), 0.0051333 secs] [Times: user=0.02 sys=0.00, real=0.01 secs] 
2131.487: [GC (Allocation Failure) [PSYoungGen: 73104K->1408K(72704K)] 458443K->386747K(593920K), 0.0053389 secs] [Times: user=0.02 sys=0.00, real=0.00 secs] 
2132.149: [GC (Allocation Failure) [PSYoungGen: 72576K->1424K(72192K)] 457915K->386763K(593408K), 0.0034556 secs] [Times: user=0.01 sys=0.00, real=0.00 secs] 
2132.898: [GC (Allocation Failure) [PSYoungGen: 72080K->1408K(71680K)] 457419K->386747K(592896K), 0.0031526 secs] [Times: user=0.01 sys=0.00, real=0.00 secs] 
2133.136: [GC (Allocation Failure) [PSYoungGen: 71552K->1501K(71168K)] 456891K->386841K(592384K), 0.0020486 secs] [Times: user=0.01 sys=0.00, real=0.00 secs] 
2133.259: [GC (Allocation Failure) [PSYoungGen: 71133K->1533K(70656K)] 456473K->386873K(591872K), 0.0017509 secs] [Times: user=0.01 sys=0.00, real=0.00 secs] 
2133.382: [GC (Allocation Failure) [PSYoungGen: 70653K->1485K(71680K)] 455993K->386825K(592896K), 0.0018573 secs] [Times: user=0.01 sys=0.00, real=0.00 secs] 
2133.755: [GC (Allocation Failure) [PSYoungGen: 71117K->1472K(70656K)] 456457K->386811K(591872K), 0.0021895 secs] [Times: user=0.01 sys=0.00, real=0.01 secs] 
2134.567: [GC (Allocation Failure) [PSYoungGen: 70592K->1344K(70144K)] 455931K->386683K(591360K), 0.0055261 secs] [Times: user=0.03 sys=0.00, real=0.00 secs] 
2135.347: [GC (Allocation Failure) [PSYoungGen: 69952K->1344K(69632K)] 455291K->386683K(590848K), 0.0037379 secs] [Times: user=0.01 sys=0.00, real=0.00 secs] 
2136.062: [GC (Allocation Failure) [PSYoungGen: 69440K->1344K(69120K)] 454779K->386683K(590336K), 0.0031401 secs] [Times: user=0.01 sys=0.00, real=0.01 secs] 
2136.603: [GC (Allocation Failure) [PSYoungGen: 68928K->1472K(68608K)] 454267K->386828K(589824K), 0.0026902 secs] [Times: user=0.01 sys=0.00, real=0.01 secs] 
2136.760: [GC (Allocation Failure) [PSYoungGen: 68544K->1501K(68096K)] 453900K->386857K(589312K), 0.0018655 secs] [Times: user=0.00 sys=0.00, real=0.00 secs] 
2136.896: [GC (Allocation Failure) [PSYoungGen: 68061K->1501K(67584K)] 453417K->386857K(588800K), 0.0023551 secs] [Times: user=0.01 sys=0.00, real=0.00 secs] 
2137.062: [GC (Allocation Failure) [PSYoungGen: 67549K->1501K(73728K)] 452905K->386857K(594944K), 0.0021668 secs] [Times: user=0.00 sys=0.01, real=0.00 secs] 
2137.504: [GC (Allocation Failure) [PSYoungGen: 73181K->1424K(72704K)] 458537K->386779K(593920K), 0.0033810 secs] [Times: user=0.02 sys=0.00, real=0.01 secs] 
2138.316: [GC (Allocation Failure) [PSYoungGen: 72592K->1376K(72192K)] 457947K->386731K(593408K), 0.0032879 secs] [Times: user=0.02 sys=0.00, real=0.00 secs] 
2138.875: [GC (Allocation Failure) [PSYoungGen: 72032K->1440K(71680K)] 457387K->386795K(592896K), 0.0030483 secs] [Times: user=0.01 sys=0.00, real=0.01 secs] 
2139.635: [GC (Allocation Failure) [PSYoungGen: 71584K->1408K(71168K)] 456939K->386763K(592384K), 0.0041880 secs] [Times: user=0.02 sys=0.00, real=0.01 secs] 
2140.270: [GC (Allocation Failure) [PSYoungGen: 71040K->1501K(70656K)] 456395K->386857K(591872K), 0.0027810 secs] [Times: user=0.01 sys=0.00, real=0.00 secs] 
2140.436: [GC (Allocation Failure) [PSYoungGen: 70621K->1485K(70144K)] 455977K->386841K(591360K), 0.0017997 secs] [Times: user=0.01 sys=0.00, real=0.00 secs] 
2140.557: [GC (Allocation Failure) [PSYoungGen: 70093K->1453K(69632K)] 455449K->386809K(590848K), 0.0018022 secs] [Times: user=0.01 sys=0.00, real=0.00 secs] 
2140.677: [GC (Allocation Failure) [PSYoungGen: 69549K->1501K(70656K)] 454905K->386873K(591872K), 0.0018076 secs] [Times: user=0.01 sys=0.00, real=0.00 secs] 
2141.122: [GC (Allocation Failure) [PSYoungGen: 70109K->1440K(69632K)] 455481K->386811K(590848K), 0.0021736 secs] [Times: user=0.01 sys=0.00, real=0.00 secs] 
2141.860: [GC (Allocation Failure) [PSYoungGen: 69536K->1360K(69120K)] 454907K->386731K(590336K), 0.0046694 secs] [Times: user=0.01 sys=0.00, real=0.00 secs] 
2142.560: [GC (Allocation Failure) [PSYoungGen: 68944K->1376K(68608K)] 454315K->386747K(589824K), 0.0031297 secs] [Times: user=0.01 sys=0.00, real=0.00 secs] 
2143.145: [GC (Allocation Failure) [PSYoungGen: 68448K->1360K(68096K)] 453819K->386731K(589312K), 0.0029302 secs] [Times: user=0.01 sys=0.00, real=0.01 secs] 
2143.647: [GC (Allocation Failure) [PSYoungGen: 67920K->1533K(67584K)] 453291K->386905K(588800K), 0.0028358 secs] [Times: user=0.02 sys=0.00, real=0.00 secs] 
2143.808: [GC (Allocation Failure) [PSYoungGen: 67581K->1517K(67072K)] 452953K->386889K(588288K), 0.0018207 secs] [Times: user=0.01 sys=0.00, real=0.00 secs] 
2143.924: [GC (Allocation Failure) [PSYoungGen: 67053K->1533K(66560K)] 452425K->386905K(587776K), 0.0016550 secs] [Times: user=0.01 sys=0.00, real=0.01 secs] 
2144.055: [GC (Allocation Failure) [PSYoungGen: 66557K->1501K(72704K)] 451929K->386905K(593920K), 0.0023107 secs] [Times: user=0.01 sys=0.00, real=0.00 secs] 
2144.583: [GC (Allocation Failure) [PSYoungGen: 72157K->1440K(73216K)] 457561K->386843K(594432K), 0.0047447 secs] [Times: user=0.03 sys=0.00, real=0.01 secs] 
2145.249: [GC (Allocation Failure) [PSYoungGen: 72608K->1344K(72192K)] 458011K->386747K(593408K), 0.0031653 secs] [Times: user=0.02 sys=0.00, real=0.00 secs] 
2145.860: [GC (Allocation Failure) [PSYoungGen: 72000K->1376K(71680K)] 457403K->386779K(592896K), 0.0031205 secs] [Times: user=0.01 sys=0.00, real=0.00 secs] 
2146.385: [GC (Allocation Failure) [PSYoungGen: 71520K->1408K(71168K)] 456923K->386811K(592384K), 0.0026634 secs] [Times: user=0.01 sys=0.00, real=0.00 secs] 
2146.725: [GC (Allocation Failure) [PSYoungGen: 71040K->1533K(70656K)] 456443K->386937K(591872K), 0.0022186 secs] [Times: user=0.01 sys=0.00, real=0.00 secs] 
2146.851: [GC (Allocation Failure) [PSYoungGen: 70627K->1456K(70144K)] 456031K->386860K(591360K), 0.0019591 secs] [Times: user=0.01 sys=0.00, real=0.00 secs] 
2146.990: [GC (Allocation Failure) [PSYoungGen: 70064K->1501K(70656K)] 455468K->386905K(591872K), 0.0022880 secs] [Times: user=0.01 sys=0.00, real=0.00 secs] 
2147.144: [GC (Allocation Failure) [PSYoungGen: 70078K->1501K(70656K)] 455482K->386913K(591872K), 0.0017423 secs] [Times: user=0.00 sys=0.00, real=0.01 secs] 
2147.725: [GC (Allocation Failure) [PSYoungGen: 70109K->1408K(69632K)] 455521K->386819K(590848K), 0.0032462 secs] [Times: user=0.01 sys=0.00, real=0.00 secs] 
2148.272: [GC (Allocation Failure) [PSYoungGen: 69504K->1424K(69120K)] 454915K->386835K(590336K), 0.0033282 secs] [Times: user=0.01 sys=0.00, real=0.01 secs] 
2148.806: [GC (Allocation Failure) [PSYoungGen: 69008K->1376K(68608K)] 454419K->386787K(589824K), 0.0029135 secs] [Times: user=0.01 sys=0.00, real=0.00 secs] 
2149.341: [GC (Allocation Failure) [PSYoungGen: 68448K->1376K(68096K)] 453859K->386787K(589312K), 0.0023406 secs] [Times: user=0.01 sys=0.01, real=0.00 secs] 
2149.831: [GC (Allocation Failure) [PSYoungGen: 67936K->1517K(67584K)] 453347K->386929K(588800K), 0.0017013 secs] [Times: user=0.01 sys=0.00, real=0.00 secs] 
2149.948: [GC (Allocation Failure) [PSYoungGen: 67557K->1469K(67072K)] 452969K->386881K(588288K), 0.0019925 secs] [Times: user=0.01 sys=0.00, real=0.00 secs] 
2150.065: [GC (Allocation Failure) [PSYoungGen: 67005K->1501K(72704K)] 452417K->386913K(593920K), 0.0017431 secs] [Times: user=0.01 sys=0.00, real=0.01 secs] 
2150.192: [GC (Allocation Failure) [PSYoungGen: 72669K->1533K(73216K)] 458081K->386961K(594432K), 0.0018437 secs] [Times: user=0.00 sys=0.00, real=0.00 secs] 
2151.018: [GC (Allocation Failure) [PSYoungGen: 72701K->1424K(72192K)] 458129K->386851K(593408K), 0.0022552 secs] [Times: user=0.01 sys=0.00, real=0.00 secs] 
2151.334: [GC (Allocation Failure) [PSYoungGen: 72080K->1376K(71680K)] 457507K->386803K(592896K), 0.0023342 secs] [Times: user=0.01 sys=0.00, real=0.01 secs] 
2151.917: [GC (Allocation Failure) [PSYoungGen: 71520K->1408K(71168K)] 456947K->386835K(592384K), 0.0020201 secs] [Times: user=0.01 sys=0.01, real=0.00 secs] 
2152.462: [GC (Allocation Failure) [PSYoungGen: 71040K->1424K(70656K)] 456467K->386851K(591872K), 0.0021223 secs] [Times: user=0.01 sys=0.00, real=0.00 secs] 
2152.705: [GC (Allocation Failure) [PSYoungGen: 70544K->1501K(70144K)] 455971K->386929K(591360K), 0.0017594 secs] [Times: user=0.01 sys=0.00, real=0.01 secs] 
2152.827: [GC (Allocation Failure) [PSYoungGen: 70109K->1501K(69632K)] 455537K->386929K(590848K), 0.0018088 secs] [Times: user=0.00 sys=0.00, real=0.00 secs] 
2152.949: [GC (Allocation Failure) [PSYoungGen: 69597K->1501K(75264K)] 455025K->386929K(596480K), 0.0017494 secs] [Times: user=0.00 sys=0.00, real=0.00 secs] 
2153.233: [GC (Allocation Failure) [PSYoungGen: 75229K->1984K(75264K)] 460657K->387435K(596480K), 0.0024669 secs] [Times: user=0.01 sys=0.00, real=0.01 secs] 
2154.305: [GC (Allocation Failure) [PSYoungGen: 75200K->384K(73216K)] 460651K->386859K(594432K), 0.0026020 secs] [Times: user=0.01 sys=0.00, real=0.01 secs] 
2155.061: [GC (Allocation Failure) [PSYoungGen: 73088K->416K(74240K)] 459563K->386891K(595456K), 0.0025597 secs] [Times: user=0.02 sys=0.00, real=0.00 secs] 
2155.763: [GC (Allocation Failure) [PSYoungGen: 72608K->336K(73728K)] 459083K->386811K(594944K), 0.0027473 secs] [Times: user=0.01 sys=0.00, real=0.01 secs] 
2156.420: [GC (Allocation Failure) [PSYoungGen: 72016K->1437K(72704K)] 458491K->387913K(593920K), 0.0027345 secs] [Times: user=0.01 sys=0.00, real=0.00 secs] 
2156.593: [GC (Allocation Failure) [PSYoungGen: 72605K->1504K(72704K)] 459081K->387980K(593920K), 0.0018128 secs] [Times: user=0.00 sys=0.00, real=0.00 secs] 
2156.740: [GC (Allocation Failure) [PSYoungGen: 72160K->1533K(71680K)] 458636K->388009K(592896K), 0.0020623 secs] [Times: user=0.01 sys=0.00, real=0.00 secs] 
2156.919: [GC (Allocation Failure) [PSYoungGen: 71677K->1485K(71680K)] 458153K->387961K(592896K), 0.0024311 secs] [Times: user=0.01 sys=0.00, real=0.00 secs] 
2157.243: [GC (Allocation Failure) [PSYoungGen: 71117K->1472K(70656K)] 457593K->387947K(591872K), 0.0025468 secs] [Times: user=0.01 sys=0.00, real=0.01 secs] 
2157.557: [GC (Allocation Failure) [PSYoungGen: 70592K->1376K(70656K)] 457067K->387851K(591872K), 0.0024651 secs] [Times: user=0.01 sys=0.00, real=0.00 secs] 
2157.869: [GC (Allocation Failure) [PSYoungGen: 69984K->1392K(69632K)] 456459K->387867K(590848K), 0.0023523 secs] [Times: user=0.00 sys=0.00, real=0.00 secs] 
2158.160: [GC (Allocation Failure) [PSYoungGen: 69488K->1408K(69120K)] 455963K->387883K(590336K), 0.0020279 secs] [Times: user=0.01 sys=0.01, real=0.00 secs] 
2158.457: [GC (Allocation Failure) [PSYoungGen: 68992K->1501K(68608K)] 455467K->387977K(589824K), 0.0019840 secs] [Times: user=0.01 sys=0.00, real=0.00 secs] 
2158.593: [GC (Allocation Failure) [PSYoungGen: 68573K->1469K(68096K)] 455049K->387945K(589312K), 0.0021631 secs] [Times: user=0.01 sys=0.00, real=0.00 secs] 
2158.740: [GC (Allocation Failure) [PSYoungGen: 68029K->1501K(68608K)] 454505K->387977K(589824K), 0.0021313 secs] [Times: user=0.01 sys=0.00, real=0.00 secs] 
2158.889: [GC (Allocation Failure) [PSYoungGen: 68061K->1533K(74240K)] 454537K->388025K(595456K), 0.0021215 secs] [Times: user=0.00 sys=0.01, real=0.00 secs] 
2159.535: [GC (Allocation Failure) [PSYoungGen: 73725K->1376K(74240K)] 460217K->387867K(595456K), 0.0038774 secs] [Times: user=0.02 sys=0.00, real=0.01 secs] 
2160.102: [GC (Allocation Failure) [PSYoungGen: 73568K->1392K(73216K)] 460059K->387883K(594432K), 0.0026374 secs] [Times: user=0.01 sys=0.00, real=0.00 secs] 
2160.763: [GC (Allocation Failure) [PSYoungGen: 73072K->1360K(72704K)] 459563K->387851K(593920K), 0.0025641 secs] [Times: user=0.00 sys=0.00, real=0.01 secs] 
2161.648: [GC (Allocation Failure) [PSYoungGen: 72528K->1376K(72192K)] 459019K->387867K(593408K), 0.0040017 secs] [Times: user=0.02 sys=0.00, real=0.00 secs] 
2162.088: [GC (Allocation Failure) [PSYoungGen: 72032K->1501K(71680K)] 458523K->387993K(592896K), 0.0022287 secs] [Times: user=0.01 sys=0.00, real=0.00 secs] 
2162.224: [GC (Allocation Failure) [PSYoungGen: 71645K->1533K(71168K)] 458137K->388049K(592384K), 0.0017966 secs] [Times: user=0.01 sys=0.00, real=0.01 secs] 
2162.347: [GC (Allocation Failure) [PSYoungGen: 71165K->1469K(77824K)] 457681K->388009K(599040K), 0.0019254 secs] [Times: user=0.01 sys=0.00, real=0.00 secs] 
2162.606: [GC (Allocation Failure) [PSYoungGen: 77245K->1984K(77312K)] 463785K->388523K(598528K), 0.0020577 secs] [Times: user=0.01 sys=0.01, real=0.00 secs] 
2163.721: [GC (Allocation Failure) [PSYoungGen: 77248K->1392K(76288K)] 463787K->387931K(597504K), 0.0027700 secs] [Times: user=0.01 sys=0.00, real=0.00 secs] 
2164.452: [GC (Allocation Failure) [PSYoungGen: 76144K->1376K(75776K)] 462683K->387915K(596992K), 0.0027889 secs] [Times: user=0.01 sys=0.00, real=0.00 secs] 
2165.270: [GC (Allocation Failure) [PSYoungGen: 75616K->1376K(75264K)] 462155K->387915K(596480K), 0.0028888 secs] [Times: user=0.01 sys=0.00, real=0.00 secs] 
2165.777: [GC (Allocation Failure) [PSYoungGen: 75104K->1533K(74752K)] 461643K->388073K(595968K), 0.0024333 secs] [Times: user=0.01 sys=0.00, real=0.00 secs] 
2165.929: [GC (Allocation Failure) [PSYoungGen: 74749K->1472K(74240K)] 461289K->388012K(595456K), 0.0017991 secs] [Times: user=0.01 sys=0.00, real=0.00 secs] 
2166.058: [GC (Allocation Failure) [PSYoungGen: 74176K->1453K(73728K)] 460716K->387993K(594944K), 0.0017452 secs] [Times: user=0.01 sys=0.00, real=0.00 secs] 
2166.185: [GC (Allocation Failure) [PSYoungGen: 73645K->1501K(74752K)] 460185K->388041K(595968K), 0.0018240 secs] [Times: user=0.01 sys=0.00, real=0.01 secs] 
2166.706: [GC (Allocation Failure) [PSYoungGen: 74205K->1440K(73728K)] 460745K->387987K(594944K), 0.0019871 secs] [Times: user=0.00 sys=0.01, real=0.00 secs] 
2167.007: [GC (Allocation Failure) [PSYoungGen: 73632K->1376K(73216K)] 460179K->387923K(594432K), 0.0021223 secs] [Times: user=0.01 sys=0.00, real=0.00 secs] 
2167.389: [GC (Allocation Failure) [PSYoungGen: 73056K->1376K(72704K)] 459603K->387923K(593920K), 0.0018588 secs] [Times: user=0.01 sys=0.00, real=0.00 secs] 
2168.082: [GC (Allocation Failure) [PSYoungGen: 72544K->1376K(72192K)] 459091K->387923K(593408K), 0.0025846 secs] [Times: user=0.01 sys=0.00, real=0.00 secs] 
2168.335: [GC (Allocation Failure) [PSYoungGen: 72032K->1501K(71680K)] 458579K->388049K(592896K), 0.0019003 secs] [Times: user=0.01 sys=0.00, real=0.01 secs] 
2168.458: [GC (Allocation Failure) [PSYoungGen: 71645K->1501K(71168K)] 458193K->388049K(592384K), 0.0018968 secs] [Times: user=0.00 sys=0.00, real=0.00 secs] 
2168.582: [GC (Allocation Failure) [PSYoungGen: 71133K->1469K(76800K)] 457681K->388017K(598016K), 0.0018222 secs] [Times: user=0.01 sys=0.00, real=0.00 secs] 
2168.869: [GC (Allocation Failure) [PSYoungGen: 76733K->1440K(76288K)] 463281K->388003K(597504K), 0.0019806 secs] [Times: user=0.01 sys=0.00, real=0.00 secs] 
2169.590: [GC (Allocation Failure) [PSYoungGen: 76192K->1408K(75776K)] 462755K->387971K(596992K), 0.0023057 secs] [Times: user=0.01 sys=0.00, real=0.00 secs] 
2170.222: [GC (Allocation Failure) [PSYoungGen: 75648K->1408K(75264K)] 462211K->387971K(596480K), 0.0027694 secs] [Times: user=0.01 sys=0.00, real=0.00 secs] 
2170.860: [GC (Allocation Failure) [PSYoungGen: 75136K->1376K(74752K)] 461699K->387939K(595968K), 0.0031708 secs] [Times: user=0.01 sys=0.00, real=0.00 secs] 
2171.361: [GC (Allocation Failure) [PSYoungGen: 74592K->1469K(74240K)] 461155K->388033K(595456K), 0.0023906 secs] [Times: user=0.01 sys=0.00, real=0.00 secs] 
2171.512: [GC (Allocation Failure) [PSYoungGen: 74173K->1501K(73728K)] 460737K->388065K(594944K), 0.0018532 secs] [Times: user=0.01 sys=0.00, real=0.00 secs] 
2171.638: [GC (Allocation Failure) [PSYoungGen: 73693K->1469K(73216K)] 460257K->388033K(594432K), 0.0018050 secs] [Times: user=0.00 sys=0.00, real=0.00 secs] 
2171.764: [GC (Allocation Failure) [PSYoungGen: 73149K->1485K(73728K)] 459713K->388049K(594944K), 0.0018020 secs] [Times: user=0.00 sys=0.00, real=0.01 secs] 
2173.825: [GC (Allocation Failure) [PSYoungGen: 73165K->1440K(72704K)] 459729K->388003K(593920K), 0.0048901 secs] [Times: user=0.02 sys=0.00, real=0.01 secs] 
2174.436: [GC (Allocation Failure) [PSYoungGen: 72608K->1408K(72192K)] 459171K->387971K(593408K), 0.0037507 secs] [Times: user=0.02 sys=0.00, real=0.00 secs] 
2176.335: [GC (Allocation Failure) [PSYoungGen: 72064K->1344K(71680K)] 458627K->387923K(592896K), 0.0049163 secs] [Times: user=0.03 sys=0.00, real=0.00 secs] 
2177.945: [GC (Allocation Failure) [PSYoungGen: 71488K->1376K(71168K)] 458067K->387955K(592384K), 0.0035576 secs] [Times: user=0.01 sys=0.00, real=0.01 secs] 
2178.213: [GC (Allocation Failure) [PSYoungGen: 71008K->1501K(70656K)] 457587K->388081K(591872K), 0.0021651 secs] [Times: user=0.01 sys=0.00, real=0.01 secs] 
2178.339: [GC (Allocation Failure) [PSYoungGen: 70621K->1501K(70144K)] 457201K->388081K(591360K), 0.0019847 secs] [Times: user=0.01 sys=0.01, real=0.00 secs] 
2178.478: [GC (Allocation Failure) [PSYoungGen: 70097K->1501K(70656K)] 456677K->388081K(591872K), 0.0021444 secs] [Times: user=0.01 sys=0.01, real=0.00 secs] 
2178.723: [GC (Allocation Failure) [PSYoungGen: 70109K->1952K(70144K)] 456689K->389043K(591360K), 0.0022924 secs] [Times: user=0.01 sys=0.00, real=0.00 secs] 
2179.392: [GC (Allocation Failure) [PSYoungGen: 70048K->1376K(69120K)] 457139K->388483K(590336K), 0.0027526 secs] [Times: user=0.01 sys=0.00, real=0.00 secs] 
2180.094: [GC (Allocation Failure) [PSYoungGen: 68960K->320K(67584K)] 456067K->388467K(588800K), 0.0030716 secs] [Times: user=0.01 sys=0.00, real=0.01 secs] 
2180.936: [GC (Allocation Failure) [PSYoungGen: 67392K->352K(67072K)] 455539K->388499K(588288K), 0.0035668 secs] [Times: user=0.02 sys=0.00, real=0.00 secs] 
2181.678: [GC (Allocation Failure) [PSYoungGen: 66912K->336K(66560K)] 455059K->388483K(587776K), 0.0039426 secs] [Times: user=0.01 sys=0.00, real=0.00 secs] 
2181.920: [GC (Allocation Failure) [PSYoungGen: 66384K->1533K(68096K)] 454531K->389681K(589312K), 0.0021600 secs] [Times: user=0.01 sys=0.00, real=0.00 secs] 
2182.041: [GC (Allocation Failure) [PSYoungGen: 67069K->1533K(66560K)] 455217K->389681K(587776K), 0.0017772 secs] [Times: user=0.01 sys=0.00, real=0.00 secs] 
2182.155: [GC (Allocation Failure) [PSYoungGen: 66557K->1453K(70656K)] 454705K->389601K(591872K), 0.0018088 secs] [Times: user=0.01 sys=0.00, real=0.00 secs] 
2182.275: [GC (Allocation Failure) [PSYoungGen: 69549K->1472K(73216K)] 457697K->389620K(594432K), 0.0017749 secs] [Times: user=0.01 sys=0.01, real=0.00 secs] 
2183.358: [GC (Allocation Failure) [PSYoungGen: 72128K->1408K(71680K)] 460276K->389555K(592896K), 0.0022794 secs] [Times: user=0.01 sys=0.00, real=0.00 secs] 
2183.651: [GC (Allocation Failure) [PSYoungGen: 71552K->1424K(71680K)] 459699K->389572K(592896K), 0.0023325 secs] [Times: user=0.00 sys=0.00, real=0.00 secs] 
2184.071: [GC (Allocation Failure) [PSYoungGen: 71056K->1376K(70656K)] 459204K->389539K(591872K), 0.0023051 secs] [Times: user=0.01 sys=0.00, real=0.00 secs] 
2184.659: [GC (Allocation Failure) [PSYoungGen: 70308K->256K(70656K)] 458472K->388419K(591872K), 0.0023614 secs] [Times: user=0.01 sys=0.00, real=0.00 secs] 
2184.808: [GC (Allocation Failure) [PSYoungGen: 68864K->1549K(70144K)] 457027K->389713K(591360K), 0.0017783 secs] [Times: user=0.01 sys=0.00, real=0.00 secs] 
2184.928: [GC (Allocation Failure) [PSYoungGen: 69645K->1501K(69632K)] 457809K->389665K(590848K), 0.0017648 secs] [Times: user=0.01 sys=0.00, real=0.00 secs] 
2185.047: [GC (Allocation Failure) [PSYoungGen: 69085K->1469K(70144K)] 457249K->389649K(591360K), 0.0017348 secs] [Times: user=0.01 sys=0.00, real=0.00 secs] 
2185.276: [GC (Allocation Failure) [PSYoungGen: 69053K->1472K(76288K)] 457233K->389651K(597504K), 0.0018652 secs] [Times: user=0.00 sys=0.00, real=0.00 secs] 
2185.753: [GC (Allocation Failure) [PSYoungGen: 75200K->1408K(74752K)] 463379K->389587K(595968K), 0.0021589 secs] [Times: user=0.01 sys=0.00, real=0.01 secs] 
2186.058: [GC (Allocation Failure) [PSYoungGen: 74624K->1440K(74752K)] 462803K->389619K(595968K), 0.0021060 secs] [Times: user=0.01 sys=0.00, real=0.00 secs] 
2186.592: [GC (Allocation Failure) [PSYoungGen: 74144K->1376K(73728K)] 462323K->389555K(594944K), 0.0022834 secs] [Times: user=0.01 sys=0.00, real=0.00 secs] 
2187.273: [GC (Allocation Failure) [PSYoungGen: 73568K->1533K(73216K)] 461747K->389713K(594432K), 0.0033192 secs] [Times: user=0.01 sys=0.00, real=0.01 secs] 
2187.460: [GC (Allocation Failure) [PSYoungGen: 73213K->1533K(72704K)] 461393K->389713K(593920K), 0.0019689 secs] [Times: user=0.01 sys=0.00, real=0.00 secs] 
2187.584: [GC (Allocation Failure) [PSYoungGen: 72701K->1501K(72192K)] 460881K->389681K(593408K), 0.0018769 secs] [Times: user=0.01 sys=0.00, real=0.01 secs] 
2187.708: [GC (Allocation Failure) [PSYoungGen: 72157K->1501K(72704K)] 460337K->389697K(593920K), 0.0019279 secs] [Times: user=0.00 sys=0.00, real=0.00 secs] 
2188.443: [GC (Allocation Failure) [PSYoungGen: 72157K->1408K(71680K)] 460353K->389611K(592896K), 0.0056117 secs] [Times: user=0.02 sys=0.00, real=0.01 secs] 
2189.403: [GC (Allocation Failure) [PSYoungGen: 71552K->1344K(71168K)] 459755K->389547K(592384K), 0.0048828 secs] [Times: user=0.02 sys=0.01, real=0.01 secs] 
2189.928: [GC (Allocation Failure) [PSYoungGen: 70976K->1440K(70656K)] 459179K->389643K(591872K), 0.0025216 secs] [Times: user=0.01 sys=0.00, real=0.00 secs] 
2190.465: [GC (Allocation Failure) [PSYoungGen: 70560K->1408K(70144K)] 458763K->389611K(591360K), 0.0025836 secs] [Times: user=0.01 sys=0.00, real=0.01 secs] 
2190.953: [GC (Allocation Failure) [PSYoungGen: 70016K->1533K(69632K)] 458219K->389737K(590848K), 0.0021444 secs] [Times: user=0.01 sys=0.00, real=0.00 secs] 
2191.073: [GC (Allocation Failure) [PSYoungGen: 69629K->1501K(69120K)] 457833K->389705K(590336K), 0.0017752 secs] [Times: user=0.01 sys=0.00, real=0.00 secs] 
2191.192: [GC (Allocation Failure) [PSYoungGen: 69085K->1501K(68608K)] 457289K->389705K(589824K), 0.0017997 secs] [Times: user=0.00 sys=0.00, real=0.00 secs] 
2191.310: [GC (Allocation Failure) [PSYoungGen: 68571K->1469K(75264K)] 456775K->389681K(596480K), 0.0018491 secs] [Times: user=0.01 sys=0.00, real=0.00 secs] 
2192.662: [GC (Allocation Failure) [PSYoungGen: 74685K->1408K(74240K)] 462897K->389619K(595456K), 0.0050460 secs] [Times: user=0.02 sys=0.00, real=0.01 secs] 
2193.549: [GC (Allocation Failure) [PSYoungGen: 74112K->1376K(73728K)] 462323K->389587K(594944K), 0.0037856 secs] [Times: user=0.01 sys=0.00, real=0.00 secs] 
2194.460: [GC (Allocation Failure) [PSYoungGen: 73568K->1424K(73216K)] 461779K->389636K(594432K), 0.0032357 secs] [Times: user=0.01 sys=0.00, real=0.00 secs] 
2195.542: [GC (Allocation Failure) [PSYoungGen: 73104K->1376K(72704K)] 461316K->389595K(593920K), 0.0038932 secs] [Times: user=0.02 sys=0.00, real=0.01 secs] 
2195.767: [GC (Allocation Failure) [PSYoungGen: 72544K->1501K(72192K)] 460763K->389721K(593408K), 0.0018939 secs] [Times: user=0.01 sys=0.00, real=0.00 secs] 
2195.891: [GC (Allocation Failure) [PSYoungGen: 72157K->1501K(71680K)] 460377K->389721K(592896K), 0.0018932 secs] [Times: user=0.01 sys=0.00, real=0.00 secs] 
2196.014: [GC (Allocation Failure) [PSYoungGen: 71645K->1485K(72192K)] 459865K->389705K(593408K), 0.0018356 secs] [Times: user=0.01 sys=0.00, real=0.01 secs] 
2196.675: [GC (Allocation Failure) [PSYoungGen: 71629K->1392K(71168K)] 459849K->389612K(592384K), 0.0026439 secs] [Times: user=0.01 sys=0.00, real=0.01 secs] 
2197.243: [GC (Allocation Failure) [PSYoungGen: 71024K->1360K(70656K)] 459244K->389580K(591872K), 0.0025785 secs] [Times: user=0.01 sys=0.00, real=0.01 secs] 
2197.857: [GC (Allocation Failure) [PSYoungGen: 70480K->1408K(70144K)] 458700K->389627K(591360K), 0.0024518 secs] [Times: user=0.01 sys=0.00, real=0.00 secs] 
2198.444: [GC (Allocation Failure) [PSYoungGen: 70016K->1344K(69632K)] 458235K->389563K(590848K), 0.0022782 secs] [Times: user=0.01 sys=0.00, real=0.01 secs] 
2199.037: [GC (Allocation Failure) [PSYoungGen: 69440K->1437K(69120K)] 457659K->389657K(590336K), 0.0032634 secs] [Times: user=0.01 sys=0.01, real=0.00 secs] 
2199.251: [GC (Allocation Failure) [PSYoungGen: 69021K->1501K(68608K)] 457241K->389721K(589824K), 0.0021116 secs] [Times: user=0.01 sys=0.00, real=0.00 secs] 
2199.378: [GC (Allocation Failure) [PSYoungGen: 68573K->1469K(68096K)] 456793K->389689K(589312K), 0.0017728 secs] [Times: user=0.01 sys=0.00, real=0.00 secs] 
2199.513: [GC (Allocation Failure) [PSYoungGen: 68029K->1533K(68608K)] 456249K->389753K(589824K), 0.0021504 secs] [Times: user=0.01 sys=0.01, real=0.01 secs] 
2199.770: [GC (Allocation Failure) [PSYoungGen: 68093K->1424K(68608K)] 456313K->389644K(589824K), 0.0078860 secs] [Times: user=0.01 sys=0.00, real=0.01 secs] 
2200.278: [GC (Allocation Failure) [PSYoungGen: 67984K->1376K(74752K)] 456204K->389595K(595968K), 0.0026501 secs] [Times: user=0.01 sys=0.00, real=0.00 secs] 
2200.899: [GC (Allocation Failure) [PSYoungGen: 74592K->1408K(75264K)] 462811K->389627K(596480K), 0.0023209 secs] [Times: user=0.01 sys=0.01, real=0.00 secs] 
2201.509: [GC (Allocation Failure) [PSYoungGen: 74624K->1408K(74240K)] 462843K->389627K(595456K), 0.0028128 secs] [Times: user=0.01 sys=0.00, real=0.00 secs] 
2201.957: [GC (Allocation Failure) [PSYoungGen: 74112K->1485K(73728K)] 462331K->389705K(594944K), 0.0024374 secs] [Times: user=0.01 sys=0.00, real=0.00 secs] 
2202.096: [GC (Allocation Failure) [PSYoungGen: 73677K->1501K(73216K)] 461897K->389721K(594432K), 0.0017842 secs] [Times: user=0.01 sys=0.00, real=0.00 secs] 
2202.222: [GC (Allocation Failure) [PSYoungGen: 73181K->1501K(79360K)] 461401K->389721K(600576K), 0.0018177 secs] [Times: user=0.00 sys=0.00, real=0.00 secs] 
2202.360: [GC (Allocation Failure) [PSYoungGen: 79325K->1472K(79872K)] 467545K->389700K(601088K), 0.0019035 secs] [Times: user=0.00 sys=0.00, real=0.00 secs] 
2203.010: [GC (Allocation Failure) [PSYoungGen: 79296K->1408K(78848K)] 467524K->389659K(600064K), 0.0022797 secs] [Times: user=0.01 sys=0.00, real=0.00 secs] 
2203.686: [GC (Allocation Failure) [PSYoungGen: 78720K->1344K(78336K)] 466971K->389595K(599552K), 0.0023772 secs] [Times: user=0.01 sys=0.00, real=0.00 secs] 
2204.424: [GC (Allocation Failure) [PSYoungGen: 78144K->1376K(77824K)] 466395K->389627K(599040K), 0.0022312 secs] [Times: user=0.01 sys=0.01, real=0.01 secs] 
2205.043: [GC (Allocation Failure) [PSYoungGen: 77664K->1469K(77312K)] 465915K->389721K(598528K), 0.0025073 secs] [Times: user=0.01 sys=0.00, real=0.01 secs] 
2205.233: [GC (Allocation Failure) [PSYoungGen: 77245K->1501K(76800K)] 465497K->389753K(598016K), 0.0022078 secs] [Times: user=0.01 sys=0.00, real=0.00 secs] 
2205.396: [GC (Allocation Failure) [PSYoungGen: 76765K->1469K(76288K)] 465017K->389721K(597504K), 0.0020001 secs] [Times: user=0.00 sys=0.00, real=0.00 secs] 
2205.528: [GC (Allocation Failure) [PSYoungGen: 76221K->1501K(75776K)] 464473K->389753K(596992K), 0.0018716 secs] [Times: user=0.00 sys=0.00, real=0.00 secs] 
2206.647: [GC (Allocation Failure) [PSYoungGen: 75741K->1408K(75264K)] 463993K->389675K(596480K), 0.0047624 secs] [Times: user=0.02 sys=0.00, real=0.00 secs] 
2207.208: [GC (Allocation Failure) [PSYoungGen: 75136K->1344K(74752K)] 463403K->389611K(595968K), 0.0022126 secs] [Times: user=0.01 sys=0.00, real=0.00 secs] 
2207.513: [GC (Allocation Failure) [PSYoungGen: 74560K->1376K(74240K)] 462827K->389643K(595456K), 0.0023482 secs] [Times: user=0.01 sys=0.00, real=0.01 secs] 
2208.029: [GC (Allocation Failure) [PSYoungGen: 73943K->288K(72704K)] 462211K->388555K(593920K), 0.0026335 secs] [Times: user=0.01 sys=0.00, real=0.00 secs] 
2208.198: [GC (Allocation Failure) [PSYoungGen: 72480K->1488K(73216K)] 460747K->389756K(594432K), 0.0018535 secs] [Times: user=0.01 sys=0.00, real=0.00 secs] 
2208.353: [GC (Allocation Failure) [PSYoungGen: 73168K->1533K(72704K)] 461436K->389801K(593920K), 0.0024357 secs] [Times: user=0.01 sys=0.00, real=0.00 secs] 
2208.518: [GC (Allocation Failure) [PSYoungGen: 72701K->1501K(73216K)] 460969K->389769K(594432K), 0.0019388 secs] [Times: user=0.01 sys=0.00, real=0.00 secs] 
2208.862: [GC (Allocation Failure) [PSYoungGen: 72669K->1408K(73216K)] 460937K->389675K(594432K), 0.0041990 secs] [Times: user=0.02 sys=0.00, real=0.01 secs] 
2209.471: [GC (Allocation Failure) [PSYoungGen: 72576K->1408K(72192K)] 460843K->389675K(593408K), 0.0027136 secs] [Times: user=0.02 sys=0.00, real=0.00 secs] 
2209.983: [GC (Allocation Failure) [PSYoungGen: 72064K->1408K(71680K)] 460331K->389675K(592896K), 0.0025448 secs] [Times: user=0.01 sys=0.00, real=0.01 secs] 
2210.317: [GC (Allocation Failure) [PSYoungGen: 71552K->1392K(71168K)] 459819K->389660K(592384K), 0.0022117 secs] [Times: user=0.01 sys=0.00, real=0.00 secs] 
2210.572: [GC (Allocation Failure) [PSYoungGen: 71024K->1533K(70656K)] 459292K->389801K(591872K), 0.0019055 secs] [Times: user=0.01 sys=0.00, real=0.00 secs] 
2210.695: [GC (Allocation Failure) [PSYoungGen: 70653K->1501K(70144K)] 458921K->389769K(591360K), 0.0018128 secs] [Times: user=0.01 sys=0.00, real=0.01 secs] 
2210.815: [GC (Allocation Failure) [PSYoungGen: 70109K->1501K(76800K)] 458377K->389769K(598016K), 0.0015996 secs] [Times: user=0.01 sys=0.00, real=0.01 secs] 
2210.967: [GC (Allocation Failure) [PSYoungGen: 76253K->1533K(76800K)] 464521K->389801K(598016K), 0.0021968 secs] [Times: user=0.01 sys=0.00, real=0.00 secs] 
2211.321: [GC (Allocation Failure) [PSYoungGen: 76285K->1408K(76800K)] 464553K->389683K(598016K), 0.0023637 secs] [Times: user=0.01 sys=0.00, real=0.00 secs] 
2211.656: [GC (Allocation Failure) [PSYoungGen: 76160K->1360K(75776K)] 464435K->389660K(596992K), 0.0023718 secs] [Times: user=0.01 sys=0.00, real=0.00 secs] 
2211.997: [GC (Allocation Failure) [PSYoungGen: 75600K->1376K(75264K)] 463900K->389675K(596480K), 0.0024791 secs] [Times: user=0.01 sys=0.00, real=0.00 secs] 
2212.355: [GC (Allocation Failure) [PSYoungGen: 75104K->1392K(74752K)] 463403K->389692K(595968K), 0.0022567 secs] [Times: user=0.01 sys=0.00, real=0.01 secs] 
2212.571: [GC (Allocation Failure) [PSYoungGen: 74608K->1469K(74240K)] 462908K->389769K(595456K), 0.0018089 secs] [Times: user=0.00 sys=0.00, real=0.00 secs] 
2212.700: [GC (Allocation Failure) [PSYoungGen: 74173K->1453K(73728K)] 462473K->389753K(594944K), 0.0019229 secs] [Times: user=0.00 sys=0.00, real=0.00 secs] 
2212.827: [GC (Allocation Failure) [PSYoungGen: 73645K->1469K(80896K)] 461945K->389769K(602112K), 0.0017752 secs] [Times: user=0.00 sys=0.00, real=0.00 secs] 
2213.090: [GC (Allocation Failure) [PSYoungGen: 80317K->1472K(80896K)] 468617K->389771K(602112K), 0.0021015 secs] [Times: user=0.01 sys=0.00, real=0.00 secs] 
2213.434: [GC (Allocation Failure) [PSYoungGen: 80320K->1440K(79872K)] 468619K->389739K(601088K), 0.0020398 secs] [Times: user=0.01 sys=0.00, real=0.01 secs] 
2213.823: [GC (Allocation Failure) [PSYoungGen: 79776K->1360K(79360K)] 468075K->389660K(600576K), 0.0022380 secs] [Times: user=0.01 sys=0.00, real=0.01 secs] 
2214.164: [GC (Allocation Failure) [PSYoungGen: 79184K->1424K(78848K)] 467484K->389724K(600064K), 0.0022315 secs] [Times: user=0.01 sys=0.00, real=0.01 secs] 
2214.358: [GC (Allocation Failure) [PSYoungGen: 78736K->1501K(78336K)] 467036K->389801K(599552K), 0.0019830 secs] [Times: user=0.00 sys=0.00, real=0.00 secs] 
2214.492: [GC (Allocation Failure) [PSYoungGen: 78301K->1488K(77824K)] 466601K->389788K(599040K), 0.0019120 secs] [Times: user=0.01 sys=0.00, real=0.00 secs] 
2214.629: [GC (Allocation Failure) [PSYoungGen: 77776K->1469K(78336K)] 466076K->389769K(599552K), 0.0018497 secs] [Times: user=0.00 sys=0.00, real=0.00 secs] 
2215.008: [GC (Allocation Failure) [PSYoungGen: 77757K->1488K(77312K)] 466057K->389788K(598528K), 0.0022679 secs] [Times: user=0.01 sys=0.00, real=0.00 secs] 
2215.579: [GC (Allocation Failure) [PSYoungGen: 77264K->1344K(76800K)] 465564K->389643K(598016K), 0.0022459 secs] [Times: user=0.01 sys=0.00, real=0.00 secs] 
2216.176: [GC (Allocation Failure) [PSYoungGen: 76608K->1376K(76288K)] 464907K->389675K(597504K), 0.0023589 secs] [Times: user=0.01 sys=0.00, real=0.00 secs] 
2216.723: [GC (Allocation Failure) [PSYoungGen: 76128K->1376K(75776K)] 464427K->389675K(596992K), 0.0021949 secs] [Times: user=0.01 sys=0.00, real=0.01 secs] 
2216.990: [GC (Allocation Failure) [PSYoungGen: 75616K->1453K(75264K)] 463915K->389753K(596480K), 0.0018955 secs] [Times: user=0.01 sys=0.00, real=0.00 secs] 
2217.119: [GC (Allocation Failure) [PSYoungGen: 75181K->1501K(74752K)] 463481K->389801K(595968K), 0.0019482 secs] [Times: user=0.01 sys=0.00, real=0.00 secs] 
2217.248: [GC (Allocation Failure) [PSYoungGen: 74717K->1485K(74240K)] 463017K->389785K(595456K), 0.0018734 secs] [Times: user=0.01 sys=0.00, real=0.00 secs] 
2217.606: [GC (Allocation Failure) [PSYoungGen: 74189K->1472K(73728K)] 462489K->389771K(594944K), 0.0022714 secs] [Times: user=0.01 sys=0.00, real=0.00 secs] 
2218.322: [GC (Allocation Failure) [PSYoungGen: 73664K->1376K(73216K)] 461963K->389675K(594432K), 0.0031295 secs] [Times: user=0.01 sys=0.00, real=0.00 secs] 
2219.033: [GC (Allocation Failure) [PSYoungGen: 73056K->1408K(72704K)] 461355K->389707K(593920K), 0.0035144 secs] [Times: user=0.01 sys=0.00, real=0.01 secs] 
2219.847: [GC (Allocation Failure) [PSYoungGen: 72576K->1376K(72192K)] 460875K->389675K(593408K), 0.0037552 secs] [Times: user=0.02 sys=0.00, real=0.00 secs] 
2220.442: [GC (Allocation Failure) [PSYoungGen: 72032K->1472K(71680K)] 460331K->389772K(592896K), 0.0029806 secs] [Times: user=0.01 sys=0.00, real=0.01 secs] 
2220.632: [GC (Allocation Failure) [PSYoungGen: 71616K->1469K(71168K)] 459916K->389769K(592384K), 0.0019023 secs] [Times: user=0.00 sys=0.00, real=0.00 secs] 
2220.757: [GC (Allocation Failure) [PSYoungGen: 71101K->1469K(70656K)] 459401K->389769K(591872K), 0.0018597 secs] [Times: user=0.01 sys=0.00, real=0.00 secs] 
2220.881: [GC (Allocation Failure) [PSYoungGen: 70589K->1472K(71168K)] 458889K->389772K(592384K), 0.0018486 secs] [Times: user=0.00 sys=0.00, real=0.00 secs] 
2221.290: [GC (Allocation Failure) [PSYoungGen: 70592K->1440K(70144K)] 458892K->389739K(591360K), 0.0030733 secs] [Times: user=0.01 sys=0.01, real=0.00 secs] 
2221.629: [GC (Allocation Failure) [PSYoungGen: 70048K->1408K(69632K)] 458347K->389707K(590848K), 0.0026077 secs] [Times: user=0.01 sys=0.00, real=0.00 secs] 
2222.106: [GC (Allocation Failure) [PSYoungGen: 69504K->1392K(69120K)] 457803K->389692K(590336K), 0.0022704 secs] [Times: user=0.01 sys=0.00, real=0.00 secs] 
2222.666: [GC (Allocation Failure) [PSYoungGen: 68976K->1392K(68608K)] 457276K->389692K(589824K), 0.0031062 secs] [Times: user=0.01 sys=0.00, real=0.00 secs] 
2223.068: [GC (Allocation Failure) [PSYoungGen: 68464K->1501K(68096K)] 456764K->389801K(589312K), 0.0022994 secs] [Times: user=0.01 sys=0.00, real=0.00 secs] 
2223.205: [GC (Allocation Failure) [PSYoungGen: 68061K->1501K(67584K)] 456361K->389801K(588800K), 0.0017229 secs] [Times: user=0.00 sys=0.00, real=0.01 secs] 
2223.321: [GC (Allocation Failure) [PSYoungGen: 67547K->1469K(67072K)] 455847K->389793K(588288K), 0.0016947 secs] [Times: user=0.01 sys=0.00, real=0.00 secs] 
2223.437: [GC (Allocation Failure) [PSYoungGen: 67005K->1501K(73728K)] 455329K->389849K(594944K), 0.0017554 secs] [Times: user=0.01 sys=0.00, real=0.00 secs] 
2223.955: [GC (Allocation Failure) [PSYoungGen: 73181K->1408K(72704K)] 461529K->389755K(593920K), 0.0020542 secs] [Times: user=0.01 sys=0.00, real=0.01 secs] 
2224.340: [GC (Allocation Failure) [PSYoungGen: 72576K->1392K(72192K)] 460923K->389740K(593408K), 0.0021053 secs] [Times: user=0.01 sys=0.00, real=0.00 secs] 
2224.684: [GC (Allocation Failure) [PSYoungGen: 72048K->1376K(71680K)] 460396K->389723K(592896K), 0.0023161 secs] [Times: user=0.01 sys=0.00, real=0.01 secs] 
2225.011: [GC (Allocation Failure) [PSYoungGen: 71520K->1360K(71168K)] 459867K->389708K(592384K), 0.0022845 secs] [Times: user=0.01 sys=0.00, real=0.00 secs] 
2225.256: [GC (Allocation Failure) [PSYoungGen: 70992K->1501K(70656K)] 459340K->389849K(591872K), 0.0017379 secs] [Times: user=0.00 sys=0.00, real=0.00 secs] 
2225.398: [GC (Allocation Failure) [PSYoungGen: 70621K->1501K(70144K)] 458969K->389849K(591360K), 0.0021732 secs] [Times: user=0.01 sys=0.00, real=0.00 secs] 
2225.550: [GC (Allocation Failure) [PSYoungGen: 70109K->1501K(70656K)] 458457K->389849K(591872K), 0.0022060 secs] [Times: user=0.01 sys=0.00, real=0.00 secs] 
2225.711: [GC (Allocation Failure) [PSYoungGen: 70094K->1485K(70656K)] 458442K->389849K(591872K), 0.0019169 secs] [Times: user=0.01 sys=0.01, real=0.00 secs] 
2227.631: [GC (Allocation Failure) [PSYoungGen: 70093K->1408K(69632K)] 458457K->389771K(590848K), 0.0033920 secs] [Times: user=0.01 sys=0.00, real=0.00 secs] 
2228.126: [GC (Allocation Failure) [PSYoungGen: 69504K->1376K(69120K)] 457867K->389739K(590336K), 0.0035943 secs] [Times: user=0.02 sys=0.00, real=0.00 secs] 
2228.818: [GC (Allocation Failure) [PSYoungGen: 68960K->1344K(68608K)] 457323K->389707K(589824K), 0.0044908 secs] [Times: user=0.02 sys=0.00, real=0.00 secs] 
2229.514: [GC (Allocation Failure) [PSYoungGen: 68416K->1344K(68096K)] 456779K->389707K(589312K), 0.0036873 secs] [Times: user=0.01 sys=0.00, real=0.01 secs] 
2229.913: [GC (Allocation Failure) [PSYoungGen: 67873K->1533K(67584K)] 456237K->389897K(588800K), 0.0020845 secs] [Times: user=0.01 sys=0.00, real=0.01 secs] 
2230.043: [GC (Allocation Failure) [PSYoungGen: 67581K->1501K(67072K)] 455945K->389865K(588288K), 0.0017980 secs] [Times: user=0.00 sys=0.00, real=0.00 secs] 
2230.160: [GC (Allocation Failure) [PSYoungGen: 67018K->1469K(72704K)] 455382K->389833K(593920K), 0.0018210 secs] [Times: user=0.00 sys=0.00, real=0.00 secs] 
2230.292: [GC (Allocation Failure) [PSYoungGen: 72637K->1469K(73216K)] 461001K->389841K(594432K), 0.0020384 secs] [Times: user=0.01 sys=0.00, real=0.00 secs] 
2230.988: [GC (Allocation Failure) [PSYoungGen: 72637K->1408K(72192K)] 461009K->389779K(593408K), 0.0025453 secs] [Times: user=0.01 sys=0.00, real=0.00 secs] 
2231.657: [GC (Allocation Failure) [PSYoungGen: 72064K->1376K(71680K)] 460435K->389747K(592896K), 0.0055545 secs] [Times: user=0.03 sys=0.00, real=0.00 secs] 
2232.373: [GC (Allocation Failure) [PSYoungGen: 71520K->1376K(71168K)] 459891K->389747K(592384K), 0.0036419 secs] [Times: user=0.02 sys=0.00, real=0.01 secs] 
2233.099: [GC (Allocation Failure) [PSYoungGen: 71008K->1376K(70656K)] 459379K->389747K(591872K), 0.0038402 secs] [Times: user=0.01 sys=0.00, real=0.00 secs] 
2233.324: [GC (Allocation Failure) [PSYoungGen: 70496K->1504K(70144K)] 458867K->389876K(591360K), 0.0018448 secs] [Times: user=0.01 sys=0.00, real=0.01 secs] 
2233.445: [GC (Allocation Failure) [PSYoungGen: 70112K->1501K(69632K)] 458484K->389873K(590848K), 0.0018674 secs] [Times: user=0.00 sys=0.00, real=0.00 secs] 
2233.567: [GC (Allocation Failure) [PSYoungGen: 69597K->1533K(75776K)] 457969K->389929K(596992K), 0.0018067 secs] [Times: user=0.01 sys=0.00, real=0.00 secs] 
2233.863: [GC (Allocation Failure) [PSYoungGen: 75773K->1408K(75264K)] 464169K->389819K(596480K), 0.0020883 secs] [Times: user=0.01 sys=0.00, real=0.01 secs] 
2234.565: [GC (Allocation Failure) [PSYoungGen: 75136K->1408K(74752K)] 463547K->389819K(595968K), 0.0031921 secs] [Times: user=0.01 sys=0.00, real=0.01 secs] 
2234.938: [GC (Allocation Failure) [PSYoungGen: 74624K->1440K(74240K)] 463035K->389851K(595456K), 0.0021962 secs] [Times: user=0.01 sys=0.00, real=0.00 secs] 
2235.330: [GC (Allocation Failure) [PSYoungGen: 74144K->1376K(73728K)] 462555K->389787K(594944K), 0.0024296 secs] [Times: user=0.01 sys=0.00, real=0.00 secs] 
2235.798: [GC (Allocation Failure) [PSYoungGen: 73568K->1469K(73216K)] 461979K->389881K(594432K), 0.0030656 secs] [Times: user=0.01 sys=0.00, real=0.00 secs] 
2235.982: [GC (Allocation Failure) [PSYoungGen: 73149K->1517K(72704K)] 461561K->389929K(593920K), 0.0017829 secs] [Times: user=0.01 sys=0.00, real=0.00 secs] 
2236.108: [GC (Allocation Failure) [PSYoungGen: 72685K->1501K(72192K)] 461097K->389913K(593408K), 0.0018183 secs] [Times: user=0.01 sys=0.00, real=0.00 secs] 
2236.232: [GC (Allocation Failure) [PSYoungGen: 72157K->1469K(72704K)] 460569K->389881K(593920K), 0.0018736 secs] [Times: user=0.01 sys=0.00, real=0.00 secs] 
2236.673: [GC (Allocation Failure) [PSYoungGen: 72125K->1440K(71680K)] 460537K->389851K(592896K), 0.0032499 secs] [Times: user=0.02 sys=0.00, real=0.01 secs] 
2237.099: [GC (Allocation Failure) [PSYoungGen: 71584K->1376K(71168K)] 459995K->389787K(592384K), 0.0024453 secs] [Times: user=0.01 sys=0.00, real=0.00 secs] 
2237.711: [GC (Allocation Failure) [PSYoungGen: 71008K->1376K(70656K)] 459419K->389787K(591872K), 0.0049576 secs] [Times: user=0.02 sys=0.00, real=0.01 secs] 
2238.279: [GC (Allocation Failure) [PSYoungGen: 70496K->1408K(70144K)] 458907K->389819K(591360K), 0.0038114 secs] [Times: user=0.01 sys=0.00, real=0.00 secs] 
2238.609: [GC (Allocation Failure) [PSYoungGen: 70016K->1533K(69632K)] 458427K->389945K(590848K), 0.0022224 secs] [Times: user=0.01 sys=0.00, real=0.00 secs] 
2238.736: [GC (Allocation Failure) [PSYoungGen: 69629K->1469K(69120K)] 458041K->389881K(590336K), 0.0018821 secs] [Times: user=0.00 sys=0.00, real=0.00 secs] 
2238.855: [GC (Allocation Failure) [PSYoungGen: 69053K->1533K(69632K)] 457465K->389945K(590848K), 0.0019091 secs] [Times: user=0.00 sys=0.00, real=0.00 secs] 
2238.975: [GC (Allocation Failure) [PSYoungGen: 69117K->1517K(75776K)] 457529K->389945K(596992K), 0.0019826 secs] [Times: user=0.01 sys=0.00, real=0.01 secs] 
2239.365: [GC (Allocation Failure) [PSYoungGen: 75245K->1440K(75776K)] 463673K->389867K(596992K), 0.0020532 secs] [Times: user=0.01 sys=0.00, real=0.01 secs] 
2239.733: [GC (Allocation Failure) [PSYoungGen: 75168K->1408K(74752K)] 463595K->389835K(595968K), 0.0025305 secs] [Times: user=0.01 sys=0.00, real=0.01 secs] 
2240.089: [GC (Allocation Failure) [PSYoungGen: 74624K->1392K(74240K)] 463051K->389820K(595456K), 0.0026084 secs] [Times: user=0.01 sys=0.00, real=0.00 secs] 
2240.400: [GC (Allocation Failure) [PSYoungGen: 74096K->1472K(73728K)] 462524K->389900K(594944K), 0.0021250 secs] [Times: user=0.01 sys=0.00, real=0.00 secs] 
2240.538: [GC (Allocation Failure) [PSYoungGen: 73664K->1501K(73216K)] 462092K->389929K(594432K), 0.0019082 secs] [Times: user=0.01 sys=0.00, real=0.00 secs] 
2240.664: [GC (Allocation Failure) [PSYoungGen: 73181K->1501K(79360K)] 461609K->389929K(600576K), 0.0017752 secs] [Times: user=0.01 sys=0.00, real=0.01 secs] 
2240.803: [GC (Allocation Failure) [PSYoungGen: 79325K->1533K(79872K)] 467753K->389961K(601088K), 0.0018749 secs] [Times: user=0.00 sys=0.00, real=0.00 secs] 
2241.505: [GC (Allocation Failure) [PSYoungGen: 79357K->1472K(78848K)] 467785K->389931K(600064K), 0.0022398 secs] [Times: user=0.01 sys=0.00, real=0.00 secs] 
2242.479: [GC (Allocation Failure) [PSYoungGen: 78784K->1408K(78336K)] 467243K->389867K(599552K), 0.0041015 secs] [Times: user=0.02 sys=0.00, real=0.00 secs] 
2243.140: [GC (Allocation Failure) [PSYoungGen: 78208K->1344K(77824K)] 466667K->389827K(599040K), 0.0035486 secs] [Times: user=0.02 sys=0.00, real=0.00 secs] 
2243.912: [GC (Allocation Failure) [PSYoungGen: 77518K->288K(76288K)] 466002K->388771K(597504K), 0.0034495 secs] [Times: user=0.01 sys=0.00, real=0.01 secs] 
2244.115: [GC (Allocation Failure) [PSYoungGen: 76064K->1501K(76800K)] 464547K->389985K(598016K), 0.0017923 secs] [Times: user=0.01 sys=0.00, real=0.00 secs] 
2244.269: [GC (Allocation Failure) [PSYoungGen: 76765K->1501K(76288K)] 465249K->389985K(597504K), 0.0020213 secs] [Times: user=0.01 sys=0.00, real=0.00 secs] 
2244.443: [GC (Allocation Failure) [PSYoungGen: 76253K->1533K(75776K)] 464737K->390017K(596992K), 0.0023449 secs] [Times: user=0.01 sys=0.00, real=0.00 secs] 
2244.801: [GC (Allocation Failure) [PSYoungGen: 75773K->1376K(75264K)] 464257K->389859K(596480K), 0.0025565 secs] [Times: user=0.01 sys=0.00, real=0.00 secs] 
2245.129: [GC (Allocation Failure) [PSYoungGen: 75104K->1344K(74752K)] 463587K->389827K(595968K), 0.0023596 secs] [Times: user=0.01 sys=0.00, real=0.00 secs] 
2245.526: [GC (Allocation Failure) [PSYoungGen: 74560K->1392K(74240K)] 463043K->389876K(595456K), 0.0024349 secs] [Times: user=0.01 sys=0.00, real=0.00 secs] 
2245.864: [GC (Allocation Failure) [PSYoungGen: 74096K->1392K(73728K)] 462580K->389876K(594944K), 0.0022177 secs] [Times: user=0.01 sys=0.00, real=0.01 secs] 
2246.083: [GC (Allocation Failure) [PSYoungGen: 73584K->1501K(73216K)] 462068K->389985K(594432K), 0.0018770 secs] [Times: user=0.01 sys=0.00, real=0.00 secs] 
2246.210: [GC (Allocation Failure) [PSYoungGen: 73181K->1517K(72704K)] 461665K->390001K(593920K), 0.0017859 secs] [Times: user=0.01 sys=0.00, real=0.00 secs] 
2246.338: [GC (Allocation Failure) [PSYoungGen: 72685K->1536K(79360K)] 461169K->390020K(600576K), 0.0019719 secs] [Times: user=0.01 sys=0.00, real=0.00 secs] 
2247.029: [GC (Allocation Failure) [PSYoungGen: 78848K->1456K(78336K)] 467332K->389940K(599552K), 0.0040194 secs] [Times: user=0.02 sys=0.00, real=0.00 secs] 
2248.802: [GC (Allocation Failure) [PSYoungGen: 78256K->1344K(77824K)] 466740K->389827K(599040K), 0.0038677 secs] [Times: user=0.01 sys=0.00, real=0.01 secs] 
2249.126: [GC (Allocation Failure) [PSYoungGen: 77632K->1376K(77312K)] 466115K->389859K(598528K), 0.0021768 secs] [Times: user=0.01 sys=0.00, real=0.00 secs] 
2249.516: [GC (Allocation Failure) [PSYoungGen: 77152K->1408K(76800K)] 465635K->389891K(598016K), 0.0022427 secs] [Times: user=0.01 sys=0.00, real=0.00 secs] 
2249.955: [GC (Allocation Failure) [PSYoungGen: 76670K->1533K(76288K)] 465154K->390017K(597504K), 0.0017004 secs] [Times: user=0.00 sys=0.00, real=0.01 secs] 
2250.090: [GC (Allocation Failure) [PSYoungGen: 76285K->1533K(75776K)] 464769K->390017K(596992K), 0.0019085 secs] [Times: user=0.01 sys=0.00, real=0.00 secs] 
2250.221: [GC (Allocation Failure) [PSYoungGen: 75773K->1469K(75264K)] 464257K->389953K(596480K), 0.0018277 secs] [Times: user=0.01 sys=0.00, real=0.00 secs] 
2250.351: [GC (Allocation Failure) [PSYoungGen: 75197K->224K(76288K)] 463681K->388707K(597504K), 0.0019793 secs] [Times: user=0.01 sys=0.00, real=0.00 secs] 
2250.995: [GC (Allocation Failure) [PSYoungGen: 74464K->1440K(75264K)] 462947K->389923K(596480K), 0.0023041 secs] [Times: user=0.01 sys=0.00, real=0.01 secs] 
2251.420: [GC (Allocation Failure) [PSYoungGen: 75168K->1472K(74752K)] 463651K->389955K(595968K), 0.0025399 secs] [Times: user=0.00 sys=0.00, real=0.00 secs] 
2251.752: [GC (Allocation Failure) [PSYoungGen: 74688K->1376K(74240K)] 463171K->389859K(595456K), 0.0020816 secs] [Times: user=0.01 sys=0.01, real=0.00 secs] 
2252.316: [GC (Allocation Failure) [PSYoungGen: 74080K->1469K(73728K)] 462563K->389953K(594944K), 0.0023178 secs] [Times: user=0.01 sys=0.00, real=0.00 secs] 
2252.456: [GC (Allocation Failure) [PSYoungGen: 73661K->1501K(73216K)] 462145K->389985K(594432K), 0.0018274 secs] [Times: user=0.01 sys=0.01, real=0.00 secs] 
2252.581: [GC (Allocation Failure) [PSYoungGen: 73181K->1504K(72704K)] 461665K->389988K(593920K), 0.0018846 secs] [Times: user=0.00 sys=0.00, real=0.00 secs] 
2252.707: [GC (Allocation Failure) [PSYoungGen: 72672K->1501K(78848K)] 461156K->389985K(600064K), 0.0018689 secs] [Times: user=0.01 sys=0.00, real=0.00 secs] 
2253.009: [GC (Allocation Failure) [PSYoungGen: 78813K->1408K(78336K)] 467297K->389891K(599552K), 0.0017288 secs] [Times: user=0.00 sys=0.00, real=0.00 secs] 
2253.368: [GC (Allocation Failure) [PSYoungGen: 78208K->1344K(77824K)] 466691K->389843K(599040K), 0.0023538 secs] [Times: user=0.01 sys=0.00, real=0.00 secs] 
2253.732: [GC (Allocation Failure) [PSYoungGen: 77632K->1376K(77312K)] 466131K->389875K(598528K), 0.0025777 secs] [Times: user=0.01 sys=0.00, real=0.00 secs] 
2254.056: [GC (Allocation Failure) [PSYoungGen: 77152K->1408K(76800K)] 465651K->389907K(598016K), 0.0024689 secs] [Times: user=0.01 sys=0.00, real=0.00 secs] 
2254.283: [GC (Allocation Failure) [PSYoungGen: 76672K->1501K(76288K)] 465171K->390001K(597504K), 0.0019564 secs] [Times: user=0.01 sys=0.00, real=0.01 secs] 
2254.415: [GC (Allocation Failure) [PSYoungGen: 76253K->1501K(75776K)] 464753K->390001K(596992K), 0.0018017 secs] [Times: user=0.01 sys=0.00, real=0.01 secs] 
2254.546: [GC (Allocation Failure) [PSYoungGen: 75741K->1517K(76288K)] 464241K->390017K(597504K), 0.0019232 secs] [Times: user=0.00 sys=0.01, real=0.00 secs] 
2254.845: [GC (Allocation Failure) [PSYoungGen: 75757K->1440K(75264K)] 464257K->389939K(596480K), 0.0021404 secs] [Times: user=0.01 sys=0.00, real=0.01 secs] 
2255.225: [GC (Allocation Failure) [PSYoungGen: 75168K->1360K(74752K)] 463667K->389860K(595968K), 0.0023209 secs] [Times: user=0.01 sys=0.00, real=0.00 secs] 
2255.647: [GC (Allocation Failure) [PSYoungGen: 74576K->1408K(74240K)] 463076K->389907K(595456K), 0.0021592 secs] [Times: user=0.01 sys=0.01, real=0.00 secs] 
2256.304: [GC (Allocation Failure) [PSYoungGen: 74112K->1408K(73728K)] 462611K->389907K(594944K), 0.0035428 secs] [Times: user=0.02 sys=0.01, real=0.01 secs] 
2256.868: [GC (Allocation Failure) [PSYoungGen: 73600K->1533K(73216K)] 462099K->390033K(594432K), 0.0022348 secs] [Times: user=0.01 sys=0.00, real=0.00 secs] 
2257.021: [GC (Allocation Failure) [PSYoungGen: 73213K->1469K(72704K)] 461713K->389969K(593920K), 0.0019951 secs] [Times: user=0.01 sys=0.00, real=0.00 secs] 
2257.149: [GC (Allocation Failure) [PSYoungGen: 72637K->1533K(72192K)] 461137K->390065K(593408K), 0.0018451 secs] [Times: user=0.01 sys=0.00, real=0.00 secs] 
2257.275: [GC (Allocation Failure) [PSYoungGen: 72189K->160K(77312K)] 460721K->388715K(598528K), 0.0017756 secs] [Times: user=0.01 sys=0.00, real=0.01 secs] 
2257.748: [GC (Allocation Failure) [PSYoungGen: 76960K->1312K(77824K)] 465515K->389867K(599040K), 0.0035557 secs] [Times: user=0.02 sys=0.00, real=0.00 secs] 
2258.362: [GC (Allocation Failure) [PSYoungGen: 77600K->1376K(77312K)] 466155K->389931K(598528K), 0.0038925 secs] [Times: user=0.01 sys=0.00, real=0.01 secs] 
2259.039: [GC (Allocation Failure) [PSYoungGen: 77152K->1376K(76800K)] 465707K->389931K(598016K), 0.0028916 secs] [Times: user=0.01 sys=0.00, real=0.00 secs] 
2259.556: [GC (Allocation Failure) [PSYoungGen: 76640K->1501K(76288K)] 465195K->390057K(597504K), 0.0024769 secs] [Times: user=0.01 sys=0.00, real=0.00 secs] 
2259.712: [GC (Allocation Failure) [PSYoungGen: 76253K->1520K(75776K)] 464809K->390076K(596992K), 0.0018229 secs] [Times: user=0.00 sys=0.00, real=0.00 secs] 
2259.843: [GC (Allocation Failure) [PSYoungGen: 75760K->1501K(75264K)] 464316K->390057K(596480K), 0.0018264 secs] [Times: user=0.00 sys=0.00, real=0.00 secs] 
2259.972: [GC (Allocation Failure) [PSYoungGen: 75229K->1533K(75776K)] 463785K->390089K(596992K), 0.0018131 secs] [Times: user=0.01 sys=0.00, real=0.00 secs] 
2260.752: [GC (Allocation Failure) [PSYoungGen: 75261K->1376K(74752K)] 463817K->389931K(595968K), 0.0024125 secs] [Times: user=0.01 sys=0.00, real=0.00 secs] 
2261.300: [GC (Allocation Failure) [PSYoungGen: 74592K->1392K(74240K)] 463147K->389948K(595456K), 0.0031826 secs] [Times: user=0.02 sys=0.00, real=0.00 secs] 
2262.215: [GC (Allocation Failure) [PSYoungGen: 74096K->1344K(73728K)] 462652K->389899K(594944K), 0.0049682 secs] [Times: user=0.02 sys=0.00, real=0.01 secs] 
2263.579: [GC (Allocation Failure) [PSYoungGen: 73536K->1424K(73216K)] 462091K->389980K(594432K), 0.0049119 secs] [Times: user=0.02 sys=0.00, real=0.00 secs] 
2264.028: [GC (Allocation Failure) [PSYoungGen: 73104K->1501K(72704K)] 461660K->390057K(593920K), 0.0021871 secs] [Times: user=0.01 sys=0.00, real=0.00 secs] 
2264.161: [GC (Allocation Failure) [PSYoungGen: 72669K->1533K(72192K)] 461225K->390089K(593408K), 0.0019572 secs] [Times: user=0.01 sys=0.00, real=0.00 secs] 
2264.304: [GC (Allocation Failure) [PSYoungGen: 72189K->1501K(71680K)] 460745K->390057K(592896K), 0.0021642 secs] [Times: user=0.01 sys=0.00, real=0.01 secs] 
2264.982: [GC (Allocation Failure) [PSYoungGen: 71645K->1424K(71168K)] 460201K->389996K(592384K), 0.0043499 secs] [Times: user=0.02 sys=0.00, real=0.01 secs] 
2265.677: [GC (Allocation Failure) [PSYoungGen: 71056K->1440K(70656K)] 459628K->390011K(591872K), 0.0041136 secs] [Times: user=0.01 sys=0.01, real=0.00 secs] 
2266.319: [GC (Allocation Failure) [PSYoungGen: 70560K->1456K(70144K)] 459131K->390028K(591360K), 0.0027910 secs] [Times: user=0.01 sys=0.01, real=0.00 secs] 
2266.984: [GC (Allocation Failure) [PSYoungGen: 70064K->1424K(69632K)] 458636K->389996K(590848K), 0.0029886 secs] [Times: user=0.02 sys=0.00, real=0.01 secs] 
2267.556: [GC (Allocation Failure) [PSYoungGen: 69499K->1485K(69120K)] 458071K->390057K(590336K), 0.0023437 secs] [Times: user=0.01 sys=0.00, real=0.00 secs] 
2267.751: [GC (Allocation Failure) [PSYoungGen: 69069K->1533K(68608K)] 457641K->390105K(589824K), 0.0023663 secs] [Times: user=0.01 sys=0.01, real=0.00 secs] 
2267.932: [GC (Allocation Failure) [PSYoungGen: 68605K->1517K(68096K)] 457177K->390089K(589312K), 0.0024685 secs] [Times: user=0.01 sys=0.00, real=0.00 secs] 
2268.125: [GC (Allocation Failure) [PSYoungGen: 68077K->1533K(67584K)] 456649K->390105K(588800K), 0.0024288 secs] [Times: user=0.01 sys=0.00, real=0.01 secs] 
2268.621: [GC (Allocation Failure) [PSYoungGen: 67581K->1488K(67072K)] 456153K->390060K(588288K), 0.0046546 secs] [Times: user=0.02 sys=0.00, real=0.01 secs] 
2268.919: [GC (Allocation Failure) [PSYoungGen: 67024K->1392K(66560K)] 455596K->389964K(587776K), 0.0034849 secs] [Times: user=0.01 sys=0.00, real=0.00 secs] 
2269.191: [GC (Allocation Failure) [PSYoungGen: 66416K->1440K(66048K)] 454988K->390011K(587264K), 0.0024231 secs] [Times: user=0.01 sys=0.00, real=0.00 secs] 
2269.459: [GC (Allocation Failure) [PSYoungGen: 65952K->1424K(65536K)] 454523K->389996K(586752K), 0.0023767 secs] [Times: user=0.01 sys=0.00, real=0.00 secs] 
2269.742: [GC (Allocation Failure) [PSYoungGen: 65424K->1485K(65024K)] 453996K->390057K(586240K), 0.0022641 secs] [Times: user=0.00 sys=0.00, real=0.00 secs] 
2269.865: [GC (Allocation Failure) [PSYoungGen: 64973K->1469K(65536K)] 453545K->390041K(586752K), 0.0017478 secs] [Times: user=0.01 sys=0.00, real=0.01 secs] 
2269.976: [GC (Allocation Failure) [PSYoungGen: 64957K->1501K(71168K)] 453529K->390073K(592384K), 0.0020354 secs] [Times: user=0.01 sys=0.00, real=0.00 secs] 
2270.099: [GC (Allocation Failure) [PSYoungGen: 70621K->1517K(71168K)] 459193K->390129K(592384K), 0.0018218 secs] [Times: user=0.01 sys=0.00, real=0.00 secs] 
2270.268: [GC (Allocation Failure) [PSYoungGen: 70637K->1440K(77824K)] 459249K->390052K(599040K), 0.0021757 secs] [Times: user=0.01 sys=0.01, real=0.00 secs] 
2270.583: [GC (Allocation Failure) [PSYoungGen: 77216K->1344K(77824K)] 465828K->389956K(599040K), 0.0021910 secs] [Times: user=0.01 sys=0.00, real=0.01 secs] 
2270.899: [GC (Allocation Failure) [PSYoungGen: 77120K->1376K(83968K)] 465732K->389988K(605184K), 0.0021108 secs] [Times: user=0.01 sys=0.00, real=0.00 secs] 
2271.242: [GC (Allocation Failure) [PSYoungGen: 83808K->1344K(83456K)] 472420K->389980K(604672K), 0.0027935 secs] [Times: user=0.01 sys=0.00, real=0.00 secs] 
2271.611: [GC (Allocation Failure) [PSYoungGen: 83264K->1501K(82944K)] 471900K->390137K(604160K), 0.0023948 secs] [Times: user=0.00 sys=0.00, real=0.00 secs] 
2271.766: [GC (Allocation Failure) [PSYoungGen: 82909K->1517K(82432K)] 471545K->390153K(603648K), 0.0018299 secs] [Times: user=0.01 sys=0.00, real=0.00 secs] 
2271.908: [GC (Allocation Failure) [PSYoungGen: 82413K->1533K(82944K)] 471049K->390169K(604160K), 0.0017856 secs] [Times: user=0.01 sys=0.00, real=0.00 secs] 
2272.152: [GC (Allocation Failure) [PSYoungGen: 82429K->1472K(81920K)] 471065K->390108K(603136K), 0.0019207 secs] [Times: user=0.00 sys=0.00, real=0.00 secs] 
2272.503: [GC (Allocation Failure) [PSYoungGen: 81856K->1440K(81408K)] 470492K->390076K(602624K), 0.0020611 secs] [Times: user=0.00 sys=0.01, real=0.00 secs] 
2272.834: [GC (Allocation Failure) [PSYoungGen: 81312K->1408K(80896K)] 469948K->390044K(602112K), 0.0020483 secs] [Times: user=0.01 sys=0.00, real=0.01 secs] 
2273.220: [GC (Allocation Failure) [PSYoungGen: 80768K->1408K(80384K)] 469404K->390044K(601600K), 0.0036940 secs] [Times: user=0.02 sys=0.00, real=0.00 secs] 
2273.526: [GC (Allocation Failure) [PSYoungGen: 80246K->1533K(79872K)] 468882K->390169K(601088K), 0.0022981 secs] [Times: user=0.01 sys=0.00, real=0.00 secs] 
2273.672: [GC (Allocation Failure) [PSYoungGen: 79869K->1501K(79360K)] 468505K->390137K(600576K), 0.0018782 secs] [Times: user=0.00 sys=0.00, real=0.00 secs] 
2273.810: [GC (Allocation Failure) [PSYoungGen: 79325K->1536K(79872K)] 467961K->390172K(601088K), 0.0018405 secs] [Times: user=0.01 sys=0.00, real=0.00 secs] 
2274.296: [GC (Allocation Failure) [PSYoungGen: 79360K->1440K(78848K)] 467996K->390076K(600064K), 0.0022094 secs] [Times: user=0.01 sys=0.00, real=0.00 secs] 
2274.861: [GC (Allocation Failure) [PSYoungGen: 78752K->1472K(78336K)] 467388K->390132K(599552K), 0.0039317 secs] [Times: user=0.01 sys=0.01, real=0.00 secs] 
2275.182: [GC (Allocation Failure) [PSYoungGen: 78272K->1360K(77824K)] 466932K->390020K(599040K), 0.0033393 secs] [Times: user=0.01 sys=0.00, real=0.01 secs] 
2275.575: [GC (Allocation Failure) [PSYoungGen: 77648K->1440K(77312K)] 466308K->390100K(598528K), 0.0029747 secs] [Times: user=0.01 sys=0.00, real=0.01 secs] 
2275.782: [GC (Allocation Failure) [PSYoungGen: 77216K->1469K(76800K)] 465876K->390129K(598016K), 0.0017391 secs] [Times: user=0.01 sys=0.00, real=0.00 secs] 
2275.936: [GC (Allocation Failure) [PSYoungGen: 76733K->1501K(76288K)] 465393K->390161K(597504K), 0.0021849 secs] [Times: user=0.00 sys=0.00, real=0.00 secs] 
2276.096: [GC (Allocation Failure) [PSYoungGen: 76253K->1501K(82944K)] 464913K->390161K(604160K), 0.0017645 secs] [Times: user=0.01 sys=0.00, real=0.00 secs] 
2276.645: [GC (Allocation Failure) [PSYoungGen: 82909K->1472K(82432K)] 471569K->390132K(603648K), 0.0026422 secs] [Times: user=0.01 sys=0.00, real=0.01 secs] 
2277.255: [GC (Allocation Failure) [PSYoungGen: 82368K->1408K(81920K)] 471028K->390068K(603136K), 0.0030006 secs] [Times: user=0.01 sys=0.00, real=0.00 secs] 
2277.575: [GC (Allocation Failure) [PSYoungGen: 81792K->1440K(81408K)] 470452K->390100K(602624K), 0.0024576 secs] [Times: user=0.01 sys=0.00, real=0.01 secs] 
2277.972: [GC (Allocation Failure) [PSYoungGen: 81312K->1437K(80896K)] 469972K->390097K(602112K), 0.0023155 secs] [Times: user=0.01 sys=0.00, real=0.00 secs] 
2278.178: [GC (Allocation Failure) [PSYoungGen: 80797K->1533K(80384K)] 469457K->390193K(601600K), 0.0023446 secs] [Times: user=0.01 sys=0.00, real=0.00 secs] 
2278.383: [GC (Allocation Failure) [PSYoungGen: 80381K->1469K(79872K)] 469041K->390129K(601088K), 0.0024885 secs] [Times: user=0.02 sys=0.00, real=0.00 secs] 
2278.601: [GC (Allocation Failure) [PSYoungGen: 79805K->1501K(79360K)] 468465K->390161K(600576K), 0.0023457 secs] [Times: user=0.01 sys=0.00, real=0.00 secs] 
2279.262: [GC (Allocation Failure) [PSYoungGen: 79325K->1408K(78848K)] 467985K->390068K(600064K), 0.0031164 secs] [Times: user=0.01 sys=0.00, real=0.00 secs] 
2279.870: [GC (Allocation Failure) [PSYoungGen: 78720K->1344K(78336K)] 467380K->390004K(599552K), 0.0031067 secs] [Times: user=0.02 sys=0.00, real=0.00 secs] 
2280.454: [GC (Allocation Failure) [PSYoungGen: 78144K->1408K(77824K)] 466804K->390068K(599040K), 0.0037417 secs] [Times: user=0.01 sys=0.00, real=0.01 secs] 
2281.099: [GC (Allocation Failure) [PSYoungGen: 77696K->1437K(77312K)] 466356K->390097K(598528K), 0.0045553 secs] [Times: user=0.02 sys=0.00, real=0.00 secs] 
2281.338: [GC (Allocation Failure) [PSYoungGen: 77213K->1536K(77312K)] 465873K->390196K(598528K), 0.0019335 secs] [Times: user=0.01 sys=0.00, real=0.00 secs] 
2281.470: [GC (Allocation Failure) [PSYoungGen: 76800K->1469K(76288K)] 465460K->390129K(597504K), 0.0018742 secs] [Times: user=0.01 sys=0.00, real=0.00 secs] 
2281.601: [GC (Allocation Failure) [PSYoungGen: 76221K->1469K(75776K)] 464881K->390129K(596992K), 0.0017526 secs] [Times: user=0.01 sys=0.00, real=0.00 secs] 
2282.096: [GC (Allocation Failure) [PSYoungGen: 75709K->1472K(75264K)] 464369K->390132K(596480K), 0.0031138 secs] [Times: user=0.01 sys=0.00, real=0.00 secs] 
2282.396: [GC (Allocation Failure) [PSYoungGen: 75200K->1360K(74752K)] 463860K->390020K(595968K), 0.0023125 secs] [Times: user=0.01 sys=0.00, real=0.00 secs] 
2282.827: [GC (Allocation Failure) [PSYoungGen: 74576K->1360K(74240K)] 463236K->390036K(595456K), 0.0021088 secs] [Times: user=0.01 sys=0.00, real=0.00 secs] 
2283.341: [GC (Allocation Failure) [PSYoungGen: 74064K->1408K(73728K)] 462740K->390084K(594944K), 0.0040407 secs] [Times: user=0.02 sys=0.00, real=0.01 secs] 
2283.634: [GC (Allocation Failure) [PSYoungGen: 73600K->1501K(73216K)] 462276K->390177K(594432K), 0.0021790 secs] [Times: user=0.00 sys=0.00, real=0.01 secs] 
2283.766: [GC (Allocation Failure) [PSYoungGen: 73181K->1469K(72704K)] 461857K->390145K(593920K), 0.0018339 secs] [Times: user=0.01 sys=0.00, real=0.00 secs] 
2283.893: [GC (Allocation Failure) [PSYoungGen: 72637K->1453K(73728K)] 461313K->390129K(594944K), 0.0017815 secs] [Times: user=0.00 sys=0.00, real=0.00 secs] 
2284.148: [GC (Allocation Failure) [PSYoungGen: 73133K->1408K(72704K)] 461809K->390084K(593920K), 0.0021611 secs] [Times: user=0.01 sys=0.00, real=0.00 secs] 
2284.745: [GC (Allocation Failure) [PSYoungGen: 72576K->1376K(72192K)] 461252K->390060K(593408K), 0.0021133 secs] [Times: user=0.01 sys=0.01, real=0.00 secs] 
2285.401: [GC (Allocation Failure) [PSYoungGen: 72032K->1376K(71680K)] 460716K->390060K(592896K), 0.0034732 secs] [Times: user=0.01 sys=0.00, real=0.00 secs] 
2286.093: [GC (Allocation Failure) [PSYoungGen: 71520K->1360K(71168K)] 460204K->390044K(592384K), 0.0046191 secs] [Times: user=0.02 sys=0.00, real=0.01 secs] 
2286.701: [GC (Allocation Failure) [PSYoungGen: 70992K->1533K(70656K)] 459676K->390217K(591872K), 0.0028326 secs] [Times: user=0.02 sys=0.00, real=0.00 secs] 
2286.870: [GC (Allocation Failure) [PSYoungGen: 70653K->1501K(70144K)] 459337K->390185K(591360K), 0.0018733 secs] [Times: user=0.01 sys=0.01, real=0.00 secs] 
2286.990: [GC (Allocation Failure) [PSYoungGen: 70109K->1533K(69632K)] 458793K->390217K(590848K), 0.0016781 secs] [Times: user=0.01 sys=0.00, real=0.00 secs] 
2287.128: [GC (Allocation Failure) [PSYoungGen: 69629K->1501K(75776K)] 458313K->390185K(596992K), 0.0021061 secs] [Times: user=0.01 sys=0.00, real=0.00 secs] 
2287.528: [GC (Allocation Failure) [PSYoungGen: 75229K->1408K(74752K)] 463913K->390092K(595968K), 0.0020642 secs] [Times: user=0.00 sys=0.00, real=0.00 secs] 
2288.118: [GC (Allocation Failure) [PSYoungGen: 74624K->1376K(74240K)] 463308K->390060K(595456K), 0.0026493 secs] [Times: user=0.01 sys=0.00, real=0.00 secs] 
2288.628: [GC (Allocation Failure) [PSYoungGen: 74080K->1312K(73728K)] 462764K->389996K(594944K), 0.0029998 secs] [Times: user=0.01 sys=0.01, real=0.00 secs] 
2288.924: [GC (Allocation Failure) [PSYoungGen: 73504K->1376K(73216K)] 462188K->390060K(594432K), 0.0023233 secs] [Times: user=0.01 sys=0.00, real=0.01 secs] 
2289.198: [GC (Allocation Failure) [PSYoungGen: 73056K->1501K(72704K)] 461740K->390185K(593920K), 0.0017584 secs] [Times: user=0.00 sys=0.00, real=0.00 secs] 
2289.326: [GC (Allocation Failure) [PSYoungGen: 72669K->1501K(72192K)] 461353K->390185K(593408K), 0.0018539 secs] [Times: user=0.00 sys=0.00, real=0.00 secs] 
2289.451: [GC (Allocation Failure) [PSYoungGen: 72157K->1501K(72704K)] 460841K->390185K(593920K), 0.0018037 secs] [Times: user=0.01 sys=0.00, real=0.00 secs] 
2289.676: [GC (Allocation Failure) [PSYoungGen: 72669K->1728K(73216K)] 461353K->390412K(594432K), 0.0023278 secs] [Times: user=0.01 sys=0.00, real=0.00 secs] 
2290.538: [GC (Allocation Failure) [PSYoungGen: 72896K->1392K(72192K)] 461580K->390076K(593408K), 0.0034822 secs] [Times: user=0.02 sys=0.00, real=0.00 secs] 
2291.347: [GC (Allocation Failure) [PSYoungGen: 72048K->1408K(71680K)] 460732K->390092K(592896K), 0.0059499 secs] [Times: user=0.02 sys=0.01, real=0.00 secs] 
2292.115: [GC (Allocation Failure) [PSYoungGen: 71552K->1376K(71168K)] 460236K->390060K(592384K), 0.0048347 secs] [Times: user=0.02 sys=0.01, real=0.01 secs] 
2292.840: [GC (Allocation Failure) [PSYoungGen: 71008K->1469K(70656K)] 459692K->390153K(591872K), 0.0031645 secs] [Times: user=0.01 sys=0.00, real=0.00 secs] 
2293.030: [GC (Allocation Failure) [PSYoungGen: 70589K->1533K(70144K)] 459273K->390217K(591360K), 0.0017995 secs] [Times: user=0.01 sys=0.00, real=0.00 secs] 
2293.151: [GC (Allocation Failure) [PSYoungGen: 70141K->1533K(69632K)] 458825K->390217K(590848K), 0.0018096 secs] [Times: user=0.01 sys=0.00, real=0.00 secs] 
2293.288: [GC (Allocation Failure) [PSYoungGen: 69629K->1501K(75776K)] 458313K->390185K(596992K), 0.0022284 secs] [Times: user=0.01 sys=0.00, real=0.00 secs] 
2293.566: [GC (Allocation Failure) [PSYoungGen: 75741K->1472K(76288K)] 464425K->390172K(597504K), 0.0024356 secs] [Times: user=0.01 sys=0.00, real=0.00 secs] 
2294.212: [GC (Allocation Failure) [PSYoungGen: 75712K->1408K(81920K)] 464412K->390108K(603136K), 0.0061774 secs] [Times: user=0.01 sys=0.02, real=0.01 secs] 
2295.308: [GC (Allocation Failure) [PSYoungGen: 81792K->1408K(81408K)] 470492K->390108K(602624K), 0.0050862 secs] [Times: user=0.02 sys=0.00, real=0.00 secs] 
2296.417: [GC (Allocation Failure) [PSYoungGen: 81280K->1440K(80896K)] 469980K->390140K(602112K), 0.0045929 secs] [Times: user=0.01 sys=0.00, real=0.00 secs] 
2297.004: [GC (Allocation Failure) [PSYoungGen: 80800K->1501K(80384K)] 469500K->390209K(601600K), 0.0023567 secs] [Times: user=0.00 sys=0.00, real=0.01 secs] 
2297.205: [GC (Allocation Failure) [PSYoungGen: 80349K->1533K(79872K)] 469057K->390241K(601088K), 0.0022211 secs] [Times: user=0.01 sys=0.00, real=0.01 secs] 
2297.408: [GC (Allocation Failure) [PSYoungGen: 79869K->1533K(79360K)] 468577K->390241K(600576K), 0.0024547 secs] [Times: user=0.01 sys=0.00, real=0.00 secs] 
2297.917: [GC (Allocation Failure) [PSYoungGen: 79357K->1472K(78848K)] 468065K->390180K(600064K), 0.0042487 secs] [Times: user=0.02 sys=0.00, real=0.00 secs] 
2298.759: [GC (Allocation Failure) [PSYoungGen: 78784K->1392K(78336K)] 467492K->390108K(599552K), 0.0049906 secs] [Times: user=0.02 sys=0.00, real=0.00 secs] 
2299.574: [GC (Allocation Failure) [PSYoungGen: 78192K->1344K(77824K)] 466908K->390060K(599040K), 0.0038057 secs] [Times: user=0.01 sys=0.00, real=0.01 secs] 
2300.596: [GC (Allocation Failure) [PSYoungGen: 77632K->1360K(77312K)] 466348K->390076K(598528K), 0.0038398 secs] [Times: user=0.02 sys=0.00, real=0.00 secs] 
2301.022: [GC (Allocation Failure) [PSYoungGen: 77136K->1536K(77312K)] 465852K->390252K(598528K), 0.0022623 secs] [Times: user=0.01 sys=0.00, real=0.00 secs] 
2301.168: [GC (Allocation Failure) [PSYoungGen: 76800K->1453K(76288K)] 465516K->390169K(597504K), 0.0018051 secs] [Times: user=0.01 sys=0.00, real=0.00 secs] 
2301.303: [GC (Allocation Failure) [PSYoungGen: 76205K->1469K(75776K)] 464921K->390185K(596992K), 0.0018046 secs] [Times: user=0.01 sys=0.00, real=0.00 secs] 
2301.794: [GC (Allocation Failure) [PSYoungGen: 75709K->1440K(75264K)] 464425K->390156K(596480K), 0.0022663 secs] [Times: user=0.01 sys=0.00, real=0.01 secs] 
2302.689: [GC (Allocation Failure) [PSYoungGen: 75168K->1376K(74752K)] 463884K->390100K(595968K), 0.0047595 secs] [Times: user=0.02 sys=0.00, real=0.00 secs] 
2303.646: [GC (Allocation Failure) [PSYoungGen: 74592K->1376K(74240K)] 463316K->390100K(595456K), 0.0041082 secs] [Times: user=0.02 sys=0.01, real=0.00 secs] 
2304.490: [GC (Allocation Failure) [PSYoungGen: 74080K->1376K(73728K)] 462804K->390100K(594944K), 0.0036586 secs] [Times: user=0.02 sys=0.00, real=0.00 secs] 
2304.891: [GC (Allocation Failure) [PSYoungGen: 73568K->1501K(73216K)] 462292K->390225K(594432K), 0.0024358 secs] [Times: user=0.01 sys=0.00, real=0.00 secs] 
2305.037: [GC (Allocation Failure) [PSYoungGen: 73181K->1501K(72704K)] 461905K->390225K(593920K), 0.0017447 secs] [Times: user=0.01 sys=0.00, real=0.00 secs] 
2305.164: [GC (Allocation Failure) [PSYoungGen: 72669K->1501K(72192K)] 461393K->390241K(593408K), 0.0018904 secs] [Times: user=0.01 sys=0.00, real=0.01 secs] 
2305.290: [GC (Allocation Failure) [PSYoungGen: 72157K->1533K(72704K)] 460897K->390273K(593920K), 0.0018147 secs] [Times: user=0.01 sys=0.00, real=0.00 secs] 
2306.361: [GC (Allocation Failure) [PSYoungGen: 72701K->1456K(72192K)] 461441K->390196K(593408K), 0.0027870 secs] [Times: user=0.01 sys=0.00, real=0.00 secs] 
2306.931: [GC (Allocation Failure) [PSYoungGen: 72112K->1392K(71680K)] 460852K->390132K(592896K), 0.0036298 secs] [Times: user=0.01 sys=0.00, real=0.00 secs] 
2307.567: [GC (Allocation Failure) [PSYoungGen: 71536K->1408K(71168K)] 460276K->390148K(592384K), 0.0033195 secs] [Times: user=0.01 sys=0.00, real=0.00 secs] 
2308.112: [GC (Allocation Failure) [PSYoungGen: 71040K->1376K(70656K)] 459780K->390116K(591872K), 0.0028462 secs] [Times: user=0.01 sys=0.00, real=0.00 secs] 
2308.324: [GC (Allocation Failure) [PSYoungGen: 70496K->1504K(70144K)] 459236K->390244K(591360K), 0.0019248 secs] [Times: user=0.01 sys=0.00, real=0.01 secs] 
2308.444: [GC (Allocation Failure) [PSYoungGen: 70108K->1533K(69632K)] 458848K->390273K(590848K), 0.0018687 secs] [Times: user=0.01 sys=0.00, real=0.01 secs] 
2308.565: [GC (Allocation Failure) [PSYoungGen: 69629K->1501K(70144K)] 458369K->390241K(591360K), 0.0018330 secs] [Times: user=0.00 sys=0.00, real=0.01 secs] 
2309.800: [GC (Allocation Failure) [PSYoungGen: 69597K->1984K(69632K)] 458337K->391236K(590848K), 0.0058549 secs] [Times: user=0.02 sys=0.00, real=0.01 secs] 
2311.150: [GC (Allocation Failure) [PSYoungGen: 69568K->1376K(68608K)] 458820K->390628K(589824K), 0.0035104 secs] [Times: user=0.01 sys=0.00, real=0.00 secs] 
2311.848: [GC (Allocation Failure) [PSYoungGen: 68448K->320K(67072K)] 457700K->390596K(588288K), 0.0032360 secs] [Times: user=0.02 sys=0.00, real=0.00 secs] 
2312.637: [GC (Allocation Failure) [PSYoungGen: 66880K->416K(66560K)] 457156K->390692K(587776K), 0.0030924 secs] [Times: user=0.02 sys=0.00, real=0.00 secs] 
2313.185: [GC (Allocation Failure) [PSYoungGen: 66464K->352K(66048K)] 456740K->390628K(587264K), 0.0028392 secs] [Times: user=0.01 sys=0.00, real=0.01 secs] 
2313.456: [GC (Allocation Failure) [PSYoungGen: 65888K->1485K(67584K)] 456164K->391761K(588800K), 0.0018714 secs] [Times: user=0.01 sys=0.00, real=0.00 secs] 
2313.570: [GC (Allocation Failure) [PSYoungGen: 66509K->1533K(66048K)] 456785K->391809K(587264K), 0.0018880 secs] [Times: user=0.00 sys=0.00, real=0.00 secs] 
2313.684: [GC (Allocation Failure) [PSYoungGen: 66045K->1533K(70656K)] 456321K->391809K(591872K), 0.0018166 secs] [Times: user=0.01 sys=0.00, real=0.01 secs] 
2313.803: [GC (Allocation Failure) [PSYoungGen: 69629K->1485K(72704K)] 459905K->391777K(593920K), 0.0016873 secs] [Times: user=0.00 sys=0.00, real=0.00 secs] 
2314.615: [GC (Allocation Failure) [PSYoungGen: 71629K->1440K(71168K)] 461921K->391732K(592384K), 0.0030466 secs] [Times: user=0.02 sys=0.00, real=0.00 secs] 
2315.272: [GC (Allocation Failure) [PSYoungGen: 71072K->1344K(71168K)] 461364K->391652K(592384K), 0.0036851 secs] [Times: user=0.01 sys=0.00, real=0.01 secs] 
2315.810: [GC (Allocation Failure) [PSYoungGen: 70464K->1376K(70144K)] 460772K->391684K(591360K), 0.0028668 secs] [Times: user=0.01 sys=0.00, real=0.00 secs] 
2316.321: [GC (Allocation Failure) [PSYoungGen: 69984K->1376K(69632K)] 460292K->391684K(590848K), 0.0024871 secs] [Times: user=0.00 sys=0.00, real=0.00 secs] 
2316.506: [GC (Allocation Failure) [PSYoungGen: 69472K->1469K(69120K)] 459780K->391777K(590336K), 0.0019116 secs] [Times: user=0.01 sys=0.00, real=0.00 secs] 
2316.626: [GC (Allocation Failure) [PSYoungGen: 69053K->1501K(69632K)] 459361K->391809K(590848K), 0.0024398 secs] [Times: user=0.01 sys=0.00, real=0.00 secs] 
2316.747: [GC (Allocation Failure) [PSYoungGen: 69085K->1453K(69632K)] 459393K->391777K(590848K), 0.0018904 secs] [Times: user=0.00 sys=0.00, real=0.00 secs] 
2317.719: [GC (Allocation Failure) [PSYoungGen: 69037K->1952K(75776K)] 459361K->392788K(596992K), 0.0062930 secs] [Times: user=0.02 sys=0.01, real=0.01 secs] 
2319.386: [GC (Allocation Failure) [PSYoungGen: 75680K->1408K(74752K)] 466516K->392244K(595968K), 0.0036888 secs] [Times: user=0.02 sys=0.00, real=0.00 secs] 
2320.084: [GC (Allocation Failure) [PSYoungGen: 74624K->1376K(74240K)] 465460K->392212K(595456K), 0.0029532 secs] [Times: user=0.01 sys=0.00, real=0.01 secs] 
2320.719: [GC (Allocation Failure) [PSYoungGen: 74080K->1408K(73728K)] 464916K->392244K(594944K), 0.0038441 secs] [Times: user=0.01 sys=0.00, real=0.00 secs] 
2321.825: [GC (Allocation Failure) [PSYoungGen: 73600K->1501K(73216K)] 464436K->392337K(594432K), 0.0038289 secs] [Times: user=0.02 sys=0.00, real=0.00 secs] 
2322.027: [GC (Allocation Failure) [PSYoungGen: 73174K->1536K(73216K)] 464010K->392372K(594432K), 0.0018303 secs] [Times: user=0.01 sys=0.00, real=0.00 secs] 
2322.153: [GC (Allocation Failure) [PSYoungGen: 72704K->1501K(72192K)] 463540K->392337K(593408K), 0.0018459 secs] [Times: user=0.01 sys=0.00, real=0.00 secs] 
2322.285: [GC (Allocation Failure) [PSYoungGen: 72157K->1501K(73216K)] 462993K->392337K(594432K), 0.0021888 secs] [Times: user=0.01 sys=0.00, real=0.01 secs] 
2322.554: [GC (Allocation Failure) [PSYoungGen: 72669K->1472K(78848K)] 463505K->392308K(600064K), 0.0023580 secs] [Times: user=0.01 sys=0.00, real=0.01 secs] 
2322.874: [GC (Allocation Failure) [PSYoungGen: 78272K->1392K(77824K)] 469108K->392228K(599040K), 0.0023408 secs] [Times: user=0.01 sys=0.00, real=0.01 secs] 
2323.191: [GC (Allocation Failure) [PSYoungGen: 77680K->1408K(77312K)] 468516K->392244K(598528K), 0.0023680 secs] [Times: user=0.01 sys=0.00, real=0.00 secs] 
2323.506: [GC (Allocation Failure) [PSYoungGen: 77184K->1376K(76800K)] 468020K->392212K(598016K), 0.0024107 secs] [Times: user=0.01 sys=0.00, real=0.00 secs] 
2323.696: [GC (Allocation Failure) [PSYoungGen: 76640K->1469K(76288K)] 467476K->392305K(597504K), 0.0019082 secs] [Times: user=0.01 sys=0.00, real=0.00 secs] 
2323.828: [GC (Allocation Failure) [PSYoungGen: 76221K->1501K(76800K)] 467057K->392337K(598016K), 0.0018497 secs] [Times: user=0.01 sys=0.00, real=0.00 secs] 
2323.960: [GC (Allocation Failure) [PSYoungGen: 76253K->1533K(83456K)] 467089K->392369K(604672K), 0.0017905 secs] [Times: user=0.01 sys=0.01, real=0.00 secs] 
2325.133: [GC (Allocation Failure) [PSYoungGen: 82941K->1408K(82432K)] 473777K->392268K(603648K), 0.0042108 secs] [Times: user=0.02 sys=0.01, real=0.01 secs] 
2326.338: [GC (Allocation Failure) [PSYoungGen: 82304K->1376K(81920K)] 473164K->392236K(603136K), 0.0041382 secs] [Times: user=0.02 sys=0.00, real=0.00 secs] 
2326.862: [GC (Allocation Failure) [PSYoungGen: 81760K->1408K(81408K)] 472620K->392268K(602624K), 0.0023979 secs] [Times: user=0.01 sys=0.00, real=0.00 secs] 
2327.895: [GC (Allocation Failure) [PSYoungGen: 81139K->288K(80896K)] 471999K->391148K(602112K), 0.0031276 secs] [Times: user=0.02 sys=0.00, real=0.01 secs] 
2328.103: [GC (Allocation Failure) [PSYoungGen: 79648K->1469K(80384K)] 470508K->392329K(601600K), 0.0018666 secs] [Times: user=0.01 sys=0.00, real=0.00 secs] 
2328.240: [GC (Allocation Failure) [PSYoungGen: 80317K->1469K(79872K)] 471177K->392329K(601088K), 0.0020078 secs] [Times: user=0.01 sys=0.00, real=0.00 secs] 
2328.379: [GC (Allocation Failure) [PSYoungGen: 79805K->1533K(79360K)] 470665K->392393K(600576K), 0.0019922 secs] [Times: user=0.01 sys=0.00, real=0.00 secs] 
2330.054: [GC (Allocation Failure) [PSYoungGen: 79357K->1424K(78848K)] 470217K->392284K(600064K), 0.0047424 secs] [Times: user=0.02 sys=0.00, real=0.01 secs] 
2331.220: [GC (Allocation Failure) [PSYoungGen: 78736K->1392K(78336K)] 469596K->392252K(599552K), 0.0047717 secs] [Times: user=0.02 sys=0.00, real=0.00 secs] 
2332.195: [GC (Allocation Failure) [PSYoungGen: 78192K->1344K(77824K)] 469052K->392204K(599040K), 0.0048422 secs] [Times: user=0.02 sys=0.00, real=0.01 secs] 
2332.985: [GC (Allocation Failure) [PSYoungGen: 77632K->1437K(77312K)] 468492K->392297K(598528K), 0.0036998 secs] [Times: user=0.01 sys=0.00, real=0.00 secs] 
2333.208: [GC (Allocation Failure) [PSYoungGen: 77190K->1469K(76800K)] 468050K->392329K(598016K), 0.0019033 secs] [Times: user=0.01 sys=0.00, real=0.00 secs] 
2333.339: [GC (Allocation Failure) [PSYoungGen: 76733K->1565K(76800K)] 467593K->392425K(598016K), 0.0018775 secs] [Times: user=0.00 sys=0.00, real=0.00 secs] 
2333.471: [GC (Allocation Failure) [PSYoungGen: 76317K->1517K(75776K)] 467177K->392377K(596992K), 0.0018071 secs] [Times: user=0.01 sys=0.00, real=0.00 secs] 
2333.912: [GC (Allocation Failure) [PSYoungGen: 75757K->1488K(75264K)] 466617K->392348K(596480K), 0.0022210 secs] [Times: user=0.01 sys=0.00, real=0.00 secs] 
2334.573: [GC (Allocation Failure) [PSYoungGen: 75216K->1408K(74752K)] 466076K->392268K(595968K), 0.0022546 secs] [Times: user=0.01 sys=0.00, real=0.01 secs] 
2335.255: [GC (Allocation Failure) [PSYoungGen: 74624K->1408K(74240K)] 465484K->392268K(595456K), 0.0027571 secs] [Times: user=0.01 sys=0.00, real=0.01 secs] 
2335.977: [GC (Allocation Failure) [PSYoungGen: 74112K->1376K(73728K)] 464972K->392236K(594944K), 0.0021849 secs] [Times: user=0.01 sys=0.00, real=0.00 secs] 
2336.435: [GC (Allocation Failure) [PSYoungGen: 73568K->1501K(73216K)] 464428K->392385K(594432K), 0.0024283 secs] [Times: user=0.01 sys=0.00, real=0.01 secs] 
2336.578: [GC (Allocation Failure) [PSYoungGen: 73181K->1504K(72704K)] 464065K->392388K(593920K), 0.0017824 secs] [Times: user=0.01 sys=0.00, real=0.00 secs] 
2336.724: [GC (Allocation Failure) [PSYoungGen: 72672K->1533K(72192K)] 463556K->392417K(593408K), 0.0024562 secs] [Times: user=0.01 sys=0.00, real=0.01 secs] 
2336.953: [GC (Allocation Failure) [PSYoungGen: 72189K->1520K(71680K)] 463073K->392404K(592896K), 0.0022608 secs] [Times: user=0.01 sys=0.00, real=0.00 secs] 
2337.296: [GC (Allocation Failure) [PSYoungGen: 71664K->1360K(71168K)] 462548K->392244K(592384K), 0.0023466 secs] [Times: user=0.01 sys=0.00, real=0.00 secs] 
2337.626: [GC (Allocation Failure) [PSYoungGen: 70992K->1440K(70656K)] 461876K->392324K(591872K), 0.0022346 secs] [Times: user=0.01 sys=0.00, real=0.00 secs] 
2337.914: [GC (Allocation Failure) [PSYoungGen: 70560K->1376K(70144K)] 461444K->392260K(591360K), 0.0023203 secs] [Times: user=0.01 sys=0.00, real=0.01 secs] 
2338.467: [GC (Allocation Failure) [PSYoungGen: 69984K->1440K(69632K)] 460868K->392324K(590848K), 0.0030111 secs] [Times: user=0.02 sys=0.00, real=0.00 secs] 
2338.641: [GC (Allocation Failure) [PSYoungGen: 69536K->1501K(69120K)] 460420K->392385K(590336K), 0.0019824 secs] [Times: user=0.01 sys=0.00, real=0.00 secs] 
2338.761: [GC (Allocation Failure) [PSYoungGen: 69085K->1501K(68608K)] 459969K->392385K(589824K), 0.0017467 secs] [Times: user=0.01 sys=0.00, real=0.00 secs] 
2338.879: [GC (Allocation Failure) [PSYoungGen: 68573K->1472K(69632K)] 459457K->392356K(590848K), 0.0019090 secs] [Times: user=0.01 sys=0.00, real=0.00 secs] 
2339.162: [GC (Allocation Failure) [PSYoungGen: 69056K->1440K(75264K)] 459940K->392324K(596480K), 0.0020418 secs] [Times: user=0.01 sys=0.00, real=0.00 secs] 
2340.287: [GC (Allocation Failure) [PSYoungGen: 74656K->1344K(74240K)] 465540K->392228K(595456K), 0.0019481 secs] [Times: user=0.01 sys=0.00, real=0.00 secs] 
2341.398: [GC (Allocation Failure) [PSYoungGen: 74048K->1408K(73728K)] 464932K->392292K(594944K), 0.0022682 secs] [Times: user=0.01 sys=0.00, real=0.00 secs] 
2342.206: [GC (Allocation Failure) [PSYoungGen: 73600K->1376K(73216K)] 464484K->392260K(594432K), 0.0024241 secs] [Times: user=0.01 sys=0.00, real=0.00 secs] 
2342.502: [GC (Allocation Failure) [PSYoungGen: 73056K->1533K(72704K)] 463940K->392417K(593920K), 0.0018986 secs] [Times: user=0.01 sys=0.00, real=0.00 secs] 
2342.627: [GC (Allocation Failure) [PSYoungGen: 72701K->1469K(72192K)] 463585K->392353K(593408K), 0.0018995 secs] [Times: user=0.00 sys=0.00, real=0.00 secs] 
2342.754: [GC (Allocation Failure) [PSYoungGen: 72125K->1517K(71680K)] 463009K->392401K(592896K), 0.0018645 secs] [Times: user=0.01 sys=0.00, real=0.01 secs] 
2342.877: [GC (Allocation Failure) [PSYoungGen: 71661K->1536K(72192K)] 462545K->392444K(593408K), 0.0018469 secs] [Times: user=0.01 sys=0.00, real=0.00 secs] 
2343.440: [GC (Allocation Failure) [PSYoungGen: 71680K->1440K(71168K)] 462588K->392372K(592384K), 0.0021794 secs] [Times: user=0.00 sys=0.00, real=0.00 secs] 
2344.092: [GC (Allocation Failure) [PSYoungGen: 71072K->1376K(70656K)] 462004K->392308K(591872K), 0.0024090 secs] [Times: user=0.01 sys=0.00, real=0.00 secs] 
2344.779: [GC (Allocation Failure) [PSYoungGen: 70496K->1376K(70144K)] 461428K->392308K(591360K), 0.0023270 secs] [Times: user=0.01 sys=0.00, real=0.00 secs] 
2345.071: [GC (Allocation Failure) [PSYoungGen: 69984K->1376K(69632K)] 460916K->392308K(590848K), 0.0026396 secs] [Times: user=0.00 sys=0.00, real=0.00 secs] 
2345.355: [GC (Allocation Failure) [PSYoungGen: 69472K->1501K(69120K)] 460404K->392433K(590336K), 0.0022520 secs] [Times: user=0.01 sys=0.00, real=0.00 secs] 
2345.475: [GC (Allocation Failure) [PSYoungGen: 69085K->1469K(68608K)] 460017K->392401K(589824K), 0.0018986 secs] [Times: user=0.01 sys=0.00, real=0.01 secs] 
2345.593: [GC (Allocation Failure) [PSYoungGen: 68541K->1501K(74752K)] 459473K->392433K(595968K), 0.0017465 secs] [Times: user=0.01 sys=0.00, real=0.00 secs] 
2345.721: [GC (Allocation Failure) [PSYoungGen: 74717K->1501K(75264K)] 465649K->392449K(596480K), 0.0017649 secs] [Times: user=0.00 sys=0.00, real=0.00 secs] 
2346.800: [GC (Allocation Failure) [PSYoungGen: 74717K->1408K(74240K)] 465665K->392356K(595456K), 0.0021294 secs] [Times: user=0.01 sys=0.00, real=0.00 secs] 
2347.822: [GC (Allocation Failure) [PSYoungGen: 74112K->1376K(73728K)] 465060K->392324K(594944K), 0.0033269 secs] [Times: user=0.01 sys=0.00, real=0.01 secs] 
2348.423: [GC (Allocation Failure) [PSYoungGen: 73568K->1376K(73216K)] 464516K->392324K(594432K), 0.0023745 secs] [Times: user=0.00 sys=0.00, real=0.00 secs] 
2348.733: [GC (Allocation Failure) [PSYoungGen: 73056K->1469K(72704K)] 464004K->392417K(593920K), 0.0023160 secs] [Times: user=0.01 sys=0.00, real=0.00 secs] 
2348.870: [GC (Allocation Failure) [PSYoungGen: 72637K->1517K(72192K)] 463585K->392465K(593408K), 0.0017624 secs] [Times: user=0.00 sys=0.01, real=0.00 secs] 
2348.995: [GC (Allocation Failure) [PSYoungGen: 72159K->1501K(71680K)] 463107K->392449K(592896K), 0.0017936 secs] [Times: user=0.01 sys=0.00, real=0.01 secs] 
2349.118: [GC (Allocation Failure) [PSYoungGen: 71645K->1501K(78336K)] 462593K->392449K(599552K), 0.0018153 secs] [Times: user=0.01 sys=0.00, real=0.00 secs] 
2349.927: [GC (Allocation Failure) [PSYoungGen: 78301K->1488K(77824K)] 469249K->392444K(599040K), 0.0032251 secs] [Times: user=0.02 sys=0.00, real=0.00 secs] 
2351.151: [GC (Allocation Failure) [PSYoungGen: 77776K->1408K(77312K)] 468732K->392364K(598528K), 0.0049517 secs] [Times: user=0.01 sys=0.00, real=0.01 secs] 
2352.177: [GC (Allocation Failure) [PSYoungGen: 77184K->1344K(76800K)] 468140K->392300K(598016K), 0.0038335 secs] [Times: user=0.01 sys=0.00, real=0.00 secs] 
2352.963: [GC (Allocation Failure) [PSYoungGen: 76608K->1376K(76288K)] 467564K->392332K(597504K), 0.0031900 secs] [Times: user=0.01 sys=0.00, real=0.01 secs] 
2353.409: [GC (Allocation Failure) [PSYoungGen: 76128K->1501K(75776K)] 467084K->392457K(596992K), 0.0022075 secs] [Times: user=0.01 sys=0.00, real=0.00 secs] 
2353.595: [GC (Allocation Failure) [PSYoungGen: 75741K->1565K(75776K)] 466697K->392521K(596992K), 0.0022929 secs] [Times: user=0.01 sys=0.00, real=0.00 secs] 
2353.752: [GC (Allocation Failure) [PSYoungGen: 75293K->1469K(74752K)] 466249K->392425K(595968K), 0.0020270 secs] [Times: user=0.01 sys=0.00, real=0.00 secs] 
2354.053: [GC (Allocation Failure) [PSYoungGen: 74685K->1376K(74240K)] 465641K->392332K(595456K), 0.0027884 secs] [Times: user=0.01 sys=0.00, real=0.01 secs] 
2354.730: [GC (Allocation Failure) [PSYoungGen: 74080K->1376K(73728K)] 465036K->392332K(594944K), 0.0029468 secs] [Times: user=0.02 sys=0.00, real=0.00 secs] 
2355.023: [GC (Allocation Failure) [PSYoungGen: 73568K->1344K(73216K)] 464524K->392324K(594432K), 0.0022683 secs] [Times: user=0.01 sys=0.00, real=0.01 secs] 
2355.343: [GC (Allocation Failure) [PSYoungGen: 73024K->1408K(72704K)] 464004K->392388K(593920K), 0.0021938 secs] [Times: user=0.01 sys=0.00, real=0.01 secs] 
2355.793: [GC (Allocation Failure) [PSYoungGen: 72576K->1472K(72192K)] 463556K->392452K(593408K), 0.0023959 secs] [Times: user=0.01 sys=0.00, real=0.00 secs] 
2355.918: [GC (Allocation Failure) [PSYoungGen: 72104K->1517K(71680K)] 463084K->392497K(592896K), 0.0018836 secs] [Times: user=0.01 sys=0.00, real=0.00 secs] 
2356.041: [GC (Allocation Failure) [PSYoungGen: 71661K->1501K(72192K)] 462641K->392481K(593408K), 0.0018979 secs] [Times: user=0.00 sys=0.00, real=0.00 secs] 
2356.166: [GC (Allocation Failure) [PSYoungGen: 72157K->1469K(72704K)] 463137K->392449K(593920K), 0.0019208 secs] [Times: user=0.01 sys=0.00, real=0.00 secs] 
2356.734: [GC (Allocation Failure) [PSYoungGen: 72125K->1472K(71680K)] 463105K->392452K(592896K), 0.0025624 secs] [Times: user=0.01 sys=0.00, real=0.01 secs] 
2357.361: [GC (Allocation Failure) [PSYoungGen: 71616K->1376K(71168K)] 462596K->392356K(592384K), 0.0037135 secs] [Times: user=0.01 sys=0.00, real=0.00 secs] 
2357.708: [GC (Allocation Failure) [PSYoungGen: 71008K->1376K(70656K)] 461988K->392356K(591872K), 0.0021791 secs] [Times: user=0.01 sys=0.00, real=0.00 secs] 
2357.995: [GC (Allocation Failure) [PSYoungGen: 70496K->1408K(70144K)] 461476K->392388K(591360K), 0.0023869 secs] [Times: user=0.01 sys=0.00, real=0.00 secs] 
2358.214: [GC (Allocation Failure) [PSYoungGen: 69995K->1472K(69632K)] 460975K->392452K(590848K), 0.0018257 secs] [Times: user=0.01 sys=0.00, real=0.01 secs] 
2358.336: [GC (Allocation Failure) [PSYoungGen: 69568K->1469K(75776K)] 460548K->392449K(596992K), 0.0021089 secs] [Times: user=0.01 sys=0.00, real=0.00 secs] 
2358.504: [GC (Allocation Failure) [PSYoungGen: 75709K->1565K(76288K)] 466689K->392545K(597504K), 0.0024383 secs] [Times: user=0.01 sys=0.00, real=0.01 secs] 
2358.725: [GC (Allocation Failure) [PSYoungGen: 75805K->1504K(76288K)] 466785K->392484K(597504K), 0.0021174 secs] [Times: user=0.01 sys=0.00, real=0.01 secs] 
2359.077: [GC (Allocation Failure) [PSYoungGen: 75744K->1408K(75264K)] 466724K->392388K(596480K), 0.0024151 secs] [Times: user=0.01 sys=0.00, real=0.00 secs] 
2359.401: [GC (Allocation Failure) [PSYoungGen: 75136K->1344K(74752K)] 466116K->392324K(595968K), 0.0023739 secs] [Times: user=0.01 sys=0.00, real=0.00 secs] 
2359.705: [GC (Allocation Failure) [PSYoungGen: 74560K->1376K(81408K)] 465540K->392356K(602624K), 0.0053621 secs] [Times: user=0.03 sys=0.00, real=0.00 secs] 
2360.113: [GC (Allocation Failure) [PSYoungGen: 81248K->1504K(80896K)] 472228K->392484K(602112K), 0.0022675 secs] [Times: user=0.01 sys=0.00, real=0.00 secs] 
2360.264: [GC (Allocation Failure) [PSYoungGen: 80864K->1456K(81408K)] 471844K->392436K(602624K), 0.0018137 secs] [Times: user=0.01 sys=0.00, real=0.01 secs] 
2360.404: [GC (Allocation Failure) [PSYoungGen: 80816K->1536K(81408K)] 471796K->392516K(602624K), 0.0017355 secs] [Times: user=0.01 sys=0.00, real=0.01 secs] 
2360.554: [GC (Allocation Failure) [PSYoungGen: 80896K->1728K(88576K)] 471876K->392708K(609792K), 0.0017078 secs] [Times: user=0.01 sys=0.01, real=0.01 secs] 
2361.088: [GC (Allocation Failure) [PSYoungGen: 88256K->1456K(87552K)] 479236K->392436K(608768K), 0.0021371 secs] [Times: user=0.01 sys=0.00, real=0.00 secs] 
2362.156: [GC (Allocation Failure) [PSYoungGen: 87472K->1376K(87040K)] 478452K->392372K(608256K), 0.0031992 secs] [Times: user=0.02 sys=0.00, real=0.00 secs] 
2363.256: [GC (Allocation Failure) [PSYoungGen: 86880K->1376K(86528K)] 477876K->392372K(607744K), 0.0037808 secs] [Times: user=0.01 sys=0.00, real=0.00 secs] 
2363.771: [GC (Allocation Failure) [PSYoungGen: 86368K->1517K(86016K)] 477364K->392513K(607232K), 0.0020998 secs] [Times: user=0.01 sys=0.00, real=0.00 secs] 
2363.927: [GC (Allocation Failure) [PSYoungGen: 85997K->1501K(85504K)] 476993K->392497K(606720K), 0.0019433 secs] [Times: user=0.01 sys=0.00, real=0.00 secs] 
2364.074: [GC (Allocation Failure) [PSYoungGen: 85469K->1469K(84992K)] 476465K->392465K(606208K), 0.0018450 secs] [Times: user=0.01 sys=0.00, real=0.01 secs] 
2364.834: [GC (Allocation Failure) [PSYoungGen: 84925K->1472K(84480K)] 475921K->392468K(605696K), 0.0020507 secs] [Times: user=0.01 sys=0.00, real=0.01 secs] 
2365.680: [GC (Allocation Failure) [PSYoungGen: 84416K->1376K(83968K)] 475412K->392372K(605184K), 0.0027080 secs] [Times: user=0.01 sys=0.00, real=0.00 secs] 
2366.737: [GC (Allocation Failure) [PSYoungGen: 83808K->1376K(83456K)] 474804K->392372K(604672K), 0.0027740 secs] [Times: user=0.01 sys=0.00, real=0.00 secs] 
2367.728: [GC (Allocation Failure) [PSYoungGen: 83296K->1501K(82944K)] 474292K->392497K(604160K), 0.0024543 secs] [Times: user=0.01 sys=0.00, real=0.00 secs] 
2367.900: [GC (Allocation Failure) [PSYoungGen: 82909K->1501K(82432K)] 473905K->392497K(603648K), 0.0018490 secs] [Times: user=0.01 sys=0.00, real=0.00 secs] 
2368.046: [GC (Allocation Failure) [PSYoungGen: 82397K->1517K(81920K)] 473393K->392513K(603136K), 0.0019355 secs] [Times: user=0.00 sys=0.00, real=0.00 secs] 
2368.244: [GC (Allocation Failure) [PSYoungGen: 81901K->1984K(81920K)] 472897K->392980K(603136K), 0.0022153 secs] [Times: user=0.01 sys=0.00, real=0.01 secs] 
2368.577: [GC (Allocation Failure) [PSYoungGen: 81856K->1344K(80896K)] 472852K->392340K(602112K), 0.0021400 secs] [Times: user=0.01 sys=0.00, real=0.00 secs] 
2368.942: [GC (Allocation Failure) [PSYoungGen: 80704K->1440K(80384K)] 471700K->392452K(601600K), 0.0022438 secs] [Times: user=0.01 sys=0.00, real=0.00 secs] 
2369.362: [GC (Allocation Failure) [PSYoungGen: 80288K->1376K(79872K)] 471300K->392388K(601088K), 0.0019344 secs] [Times: user=0.01 sys=0.00, real=0.00 secs] 
2369.652: [GC (Allocation Failure) [PSYoungGen: 79712K->1501K(79360K)] 470724K->392513K(600576K), 0.0018569 secs] [Times: user=0.01 sys=0.00, real=0.00 secs] 
2369.789: [GC (Allocation Failure) [PSYoungGen: 79325K->1501K(78848K)] 470337K->392513K(600064K), 0.0018907 secs] [Times: user=0.00 sys=0.00, real=0.00 secs] 
2369.925: [GC (Allocation Failure) [PSYoungGen: 78813K->1533K(78336K)] 469825K->392545K(599552K), 0.0019245 secs] [Times: user=0.01 sys=0.00, real=0.01 secs] 
2370.267: [GC (Allocation Failure) [PSYoungGen: 78333K->1440K(77824K)] 469345K->392452K(599040K), 0.0023163 secs] [Times: user=0.01 sys=0.00, real=0.00 secs] 
2370.714: [GC (Allocation Failure) [PSYoungGen: 77728K->1408K(77312K)] 468740K->392420K(598528K), 0.0022642 secs] [Times: user=0.01 sys=0.00, real=0.01 secs] 
2371.172: [GC (Allocation Failure) [PSYoungGen: 77184K->1392K(76800K)] 468196K->392404K(598016K), 0.0024663 secs] [Times: user=0.01 sys=0.00, real=0.00 secs] 
2371.730: [GC (Allocation Failure) [PSYoungGen: 76656K->1408K(76288K)] 467668K->392420K(597504K), 0.0037275 secs] [Times: user=0.02 sys=0.00, real=0.00 secs] 
2372.177: [GC (Allocation Failure) [PSYoungGen: 76160K->1501K(75776K)] 467172K->392513K(596992K), 0.0022606 secs] [Times: user=0.01 sys=0.00, real=0.00 secs] 
2372.325: [GC (Allocation Failure) [PSYoungGen: 75741K->1533K(75264K)] 466753K->392561K(596480K), 0.0019213 secs] [Times: user=0.01 sys=0.00, real=0.01 secs] 
2372.454: [GC (Allocation Failure) [PSYoungGen: 75261K->1501K(74752K)] 466289K->392529K(595968K), 0.0018127 secs] [Times: user=0.01 sys=0.00, real=0.01 secs] 
2372.583: [GC (Allocation Failure) [PSYoungGen: 74361K->224K(75776K)] 465389K->391252K(596992K), 0.0016387 secs] [Times: user=0.01 sys=0.00, real=0.00 secs] 
2373.329: [GC (Allocation Failure) [PSYoungGen: 73952K->1344K(74752K)] 464980K->392380K(595968K), 0.0020775 secs] [Times: user=0.01 sys=0.00, real=0.00 secs] 
2373.688: [GC (Allocation Failure) [PSYoungGen: 74560K->1344K(74240K)] 465596K->392380K(595456K), 0.0023260 secs] [Times: user=0.01 sys=0.00, real=0.00 secs] 
2374.363: [GC (Allocation Failure) [PSYoungGen: 74048K->1376K(73728K)] 465084K->392412K(594944K), 0.0025938 secs] [Times: user=0.01 sys=0.00, real=0.01 secs] 
2374.999: [GC (Allocation Failure) [PSYoungGen: 73568K->1485K(73216K)] 464604K->392521K(594432K), 0.0030306 secs] [Times: user=0.01 sys=0.00, real=0.00 secs] 
2375.231: [GC (Allocation Failure) [PSYoungGen: 73165K->1517K(72704K)] 464201K->392553K(593920K), 0.0022458 secs] [Times: user=0.01 sys=0.00, real=0.00 secs] 
2375.413: [GC (Allocation Failure) [PSYoungGen: 72685K->1504K(72192K)] 463721K->392540K(593408K), 0.0022151 secs] [Times: user=0.01 sys=0.01, real=0.01 secs] 
2375.595: [GC (Allocation Failure) [PSYoungGen: 72160K->1533K(71680K)] 463196K->392593K(592896K), 0.0021820 secs] [Times: user=0.01 sys=0.00, real=0.01 secs] 
2376.229: [GC (Allocation Failure) [PSYoungGen: 71677K->1440K(71168K)] 462737K->392500K(592384K), 0.0050356 secs] [Times: user=0.02 sys=0.00, real=0.00 secs] 
2376.599: [GC (Allocation Failure) [PSYoungGen: 71072K->1392K(70656K)] 462132K->392452K(591872K), 0.0032163 secs] [Times: user=0.01 sys=0.00, real=0.00 secs] 
2376.888: [GC (Allocation Failure) [PSYoungGen: 70512K->1440K(70144K)] 461572K->392500K(591360K), 0.0023242 secs] [Times: user=0.01 sys=0.00, real=0.00 secs] 
2377.273: [GC (Allocation Failure) [PSYoungGen: 70048K->1408K(69632K)] 461108K->392468K(590848K), 0.0021718 secs] [Times: user=0.01 sys=0.00, real=0.00 secs] 
2377.774: [GC (Allocation Failure) [PSYoungGen: 69504K->1501K(69120K)] 460564K->392561K(590336K), 0.0026671 secs] [Times: user=0.01 sys=0.01, real=0.01 secs] 
2377.935: [GC (Allocation Failure) [PSYoungGen: 69085K->1501K(68608K)] 460145K->392561K(589824K), 0.0017028 secs] [Times: user=0.01 sys=0.00, real=0.00 secs] 
2378.053: [GC (Allocation Failure) [PSYoungGen: 68567K->1501K(68096K)] 459627K->392561K(589312K), 0.0018062 secs] [Times: user=0.01 sys=0.00, real=0.00 secs] 
2378.171: [GC (Allocation Failure) [PSYoungGen: 68061K->1485K(73728K)] 459121K->392553K(594944K), 0.0018970 secs] [Times: user=0.01 sys=0.01, real=0.00 secs] 
2378.486: [GC (Allocation Failure) [PSYoungGen: 73677K->1488K(74240K)] 464745K->392556K(595456K), 0.0023222 secs] [Times: user=0.00 sys=0.00, real=0.00 secs] 
2378.786: [GC (Allocation Failure) [PSYoungGen: 73680K->1376K(73216K)] 464748K->392444K(594432K), 0.0019865 secs] [Times: user=0.01 sys=0.01, real=0.00 secs] 
2379.108: [GC (Allocation Failure) [PSYoungGen: 73056K->1344K(72704K)] 464124K->392412K(593920K), 0.0021992 secs] [Times: user=0.01 sys=0.00, real=0.00 secs] 
2379.441: [GC (Allocation Failure) [PSYoungGen: 72512K->1360K(72192K)] 463580K->392428K(593408K), 0.0019684 secs] [Times: user=0.01 sys=0.00, real=0.00 secs] 
2379.727: [GC (Allocation Failure) [PSYoungGen: 72016K->1469K(71680K)] 463084K->392537K(592896K), 0.0016916 secs] [Times: user=0.01 sys=0.00, real=0.00 secs] 
2379.868: [GC (Allocation Failure) [PSYoungGen: 71613K->1533K(71168K)] 462681K->392601K(592384K), 0.0020300 secs] [Times: user=0.01 sys=0.00, real=0.00 secs] 
2380.022: [GC (Allocation Failure) [PSYoungGen: 71165K->1533K(70656K)] 462233K->392601K(591872K), 0.0018495 secs] [Times: user=0.00 sys=0.00, real=0.00 secs] 
2380.145: [GC (Allocation Failure) [PSYoungGen: 70352K->224K(76800K)] 461420K->391292K(598016K), 0.0015867 secs] [Times: user=0.01 sys=0.00, real=0.01 secs] 
2380.564: [GC (Allocation Failure) [PSYoungGen: 75488K->1392K(76288K)] 466556K->392460K(597504K), 0.0021123 secs] [Times: user=0.00 sys=0.00, real=0.01 secs] 
2380.875: [GC (Allocation Failure) [PSYoungGen: 76144K->1408K(75776K)] 467212K->392476K(596992K), 0.0023376 secs] [Times: user=0.01 sys=0.00, real=0.01 secs] 
2381.184: [GC (Allocation Failure) [PSYoungGen: 75648K->1440K(75264K)] 466716K->392524K(596480K), 0.0023563 secs] [Times: user=0.01 sys=0.00, real=0.01 secs] 
2381.468: [GC (Allocation Failure) [PSYoungGen: 75168K->1501K(74752K)] 466252K->392585K(595968K), 0.0023559 secs] [Times: user=0.01 sys=0.00, real=0.00 secs] 
2381.600: [GC (Allocation Failure) [PSYoungGen: 74717K->1501K(74240K)] 465801K->392585K(595456K), 0.0018648 secs] [Times: user=0.01 sys=0.00, real=0.00 secs] 
2381.729: [GC (Allocation Failure) [PSYoungGen: 74205K->1501K(74752K)] 465289K->392585K(595968K), 0.0018220 secs] [Times: user=0.00 sys=0.00, real=0.00 secs] 
2381.858: [GC (Allocation Failure) [PSYoungGen: 74205K->1501K(74752K)] 465289K->392585K(595968K), 0.0017163 secs] [Times: user=0.00 sys=0.00, real=0.00 secs] 
2382.144: [GC (Allocation Failure) [PSYoungGen: 74205K->1456K(81408K)] 465289K->392540K(602624K), 0.0020937 secs] [Times: user=0.01 sys=0.01, real=0.01 secs] 
2382.530: [GC (Allocation Failure) [PSYoungGen: 80816K->1376K(80384K)] 471900K->392460K(601600K), 0.0023591 secs] [Times: user=0.01 sys=0.01, real=0.00 secs] 
2382.900: [GC (Allocation Failure) [PSYoungGen: 80224K->1408K(79872K)] 471308K->392492K(601088K), 0.0024781 secs] [Times: user=0.01 sys=0.00, real=0.00 secs] 
2383.295: [GC (Allocation Failure) [PSYoungGen: 79744K->1469K(79360K)] 470828K->392553K(600576K), 0.0022194 secs] [Times: user=0.01 sys=0.00, real=0.00 secs] 
2383.439: [GC (Allocation Failure) [PSYoungGen: 79293K->1501K(78848K)] 470377K->392585K(600064K), 0.0019664 secs] [Times: user=0.01 sys=0.00, real=0.00 secs] 
2383.598: [GC (Allocation Failure) [PSYoungGen: 78813K->1501K(79360K)] 469897K->392585K(600576K), 0.0021621 secs] [Times: user=0.00 sys=0.01, real=0.00 secs] 
2383.779: [GC (Allocation Failure) [PSYoungGen: 78813K->1549K(86016K)] 469897K->392633K(607232K), 0.0021262 secs] [Times: user=0.01 sys=0.00, real=0.00 secs] 
2384.522: [GC (Allocation Failure) [PSYoungGen: 85517K->1440K(84992K)] 476601K->392524K(606208K), 0.0028305 secs] [Times: user=0.01 sys=0.00, real=0.01 secs] 
2385.270: [GC (Allocation Failure) [PSYoungGen: 84896K->1376K(84480K)] 475980K->392460K(605696K), 0.0031927 secs] [Times: user=0.02 sys=0.00, real=0.00 secs] 
2386.032: [GC (Allocation Failure) [PSYoungGen: 84320K->1344K(83968K)] 475404K->392428K(605184K), 0.0047300 secs] [Times: user=0.02 sys=0.00, real=0.01 secs] 
2386.790: [GC (Allocation Failure) [PSYoungGen: 83776K->1469K(83456K)] 474860K->392553K(604672K), 0.0028751 secs] [Times: user=0.01 sys=0.00, real=0.00 secs] 
2386.977: [GC (Allocation Failure) [PSYoungGen: 83389K->1501K(82944K)] 474473K->392585K(604160K), 0.0018644 secs] [Times: user=0.01 sys=0.00, real=0.00 secs] 
2387.120: [GC (Allocation Failure) [PSYoungGen: 82909K->1469K(82432K)] 473993K->392553K(603648K), 0.0018359 secs] [Times: user=0.00 sys=0.00, real=0.00 secs] 
2387.604: [GC (Allocation Failure) [PSYoungGen: 82365K->1424K(81920K)] 473449K->392508K(603136K), 0.0032528 secs] [Times: user=0.01 sys=0.00, real=0.01 secs] 
2388.508: [GC (Allocation Failure) [PSYoungGen: 81808K->1408K(81408K)] 472892K->392492K(602624K), 0.0033541 secs] [Times: user=0.02 sys=0.00, real=0.00 secs] 
2388.904: [GC (Allocation Failure) [PSYoungGen: 81280K->1408K(80896K)] 472364K->392492K(602112K), 0.0023353 secs] [Times: user=0.01 sys=0.00, real=0.01 secs] 
2389.353: [GC (Allocation Failure) [PSYoungGen: 80768K->1408K(80384K)] 471852K->392492K(601600K), 0.0022433 secs] [Times: user=0.01 sys=0.00, real=0.01 secs] 
2389.712: [GC (Allocation Failure) [PSYoungGen: 80256K->1533K(79872K)] 471340K->392617K(601088K), 0.0018075 secs] [Times: user=0.00 sys=0.00, real=0.00 secs] 
2389.872: [GC (Allocation Failure) [PSYoungGen: 79869K->1501K(79360K)] 470953K->392585K(600576K), 0.0021560 secs] [Times: user=0.01 sys=0.00, real=0.00 secs] 
2390.059: [GC (Allocation Failure) [PSYoungGen: 79325K->1533K(78848K)] 470409K->392617K(600064K), 0.0022681 secs] [Times: user=0.01 sys=0.01, real=0.00 secs] 
2390.475: [GC (Allocation Failure) [PSYoungGen: 78845K->1472K(78336K)] 469929K->392556K(599552K), 0.0024336 secs] [Times: user=0.00 sys=0.00, real=0.00 secs] 
2390.795: [GC (Allocation Failure) [PSYoungGen: 78272K->1376K(77824K)] 469356K->392460K(599040K), 0.0023599 secs] [Times: user=0.01 sys=0.00, real=0.01 secs] 
2391.303: [GC (Allocation Failure) [PSYoungGen: 77664K->1376K(77312K)] 468748K->392476K(598528K), 0.0024124 secs] [Times: user=0.01 sys=0.00, real=0.01 secs] 
2391.918: [GC (Allocation Failure) [PSYoungGen: 77152K->1408K(76800K)] 468252K->392508K(598016K), 0.0048487 secs] [Times: user=0.02 sys=0.00, real=0.00 secs] 
2392.320: [GC (Allocation Failure) [PSYoungGen: 76652K->1533K(76288K)] 467752K->392633K(597504K), 0.0022255 secs] [Times: user=0.01 sys=0.00, real=0.00 secs] 
2392.471: [GC (Allocation Failure) [PSYoungGen: 76285K->1501K(75776K)] 467385K->392601K(596992K), 0.0018108 secs] [Times: user=0.01 sys=0.00, real=0.00 secs] 
2392.604: [GC (Allocation Failure) [PSYoungGen: 75741K->1469K(75264K)] 466841K->392569K(596480K), 0.0018912 secs] [Times: user=0.00 sys=0.00, real=0.01 secs] 
2392.832: [GC (Allocation Failure) [PSYoungGen: 75197K->1440K(74752K)] 466297K->392540K(595968K), 0.0025359 secs] [Times: user=0.01 sys=0.00, real=0.00 secs] 
2393.242: [GC (Allocation Failure) [PSYoungGen: 74656K->1408K(74240K)] 465756K->392524K(595456K), 0.0024379 secs] [Times: user=0.01 sys=0.00, real=0.00 secs] 
2393.734: [GC (Allocation Failure) [PSYoungGen: 74112K->1392K(73728K)] 465228K->392508K(594944K), 0.0032650 secs] [Times: user=0.02 sys=0.00, real=0.01 secs] 
2394.286: [GC (Allocation Failure) [PSYoungGen: 73584K->1376K(73216K)] 464700K->392492K(594432K), 0.0031868 secs] [Times: user=0.01 sys=0.00, real=0.00 secs] 
2394.764: [GC (Allocation Failure) [PSYoungGen: 73056K->1501K(72704K)] 464172K->392617K(593920K), 0.0022044 secs] [Times: user=0.01 sys=0.00, real=0.01 secs] 
2394.911: [GC (Allocation Failure) [PSYoungGen: 72669K->1501K(72192K)] 463785K->392633K(593408K), 0.0018279 secs] [Times: user=0.01 sys=0.00, real=0.00 secs] 
2395.056: [GC (Allocation Failure) [PSYoungGen: 72157K->1501K(71680K)] 463289K->392633K(592896K), 0.0021449 secs] [Times: user=0.01 sys=0.00, real=0.00 secs] 
2395.211: [GC (Allocation Failure) [PSYoungGen: 71645K->1453K(72192K)] 462777K->392585K(593408K), 0.0021230 secs] [Times: user=0.01 sys=0.00, real=0.00 secs] 
2395.917: [GC (Allocation Failure) [PSYoungGen: 71597K->1408K(71168K)] 462729K->392540K(592384K), 0.0022545 secs] [Times: user=0.01 sys=0.00, real=0.00 secs] 
2396.739: [GC (Allocation Failure) [PSYoungGen: 71040K->1376K(70656K)] 462172K->392508K(591872K), 0.0043605 secs] [Times: user=0.02 sys=0.00, real=0.00 secs] 
2397.473: [GC (Allocation Failure) [PSYoungGen: 70496K->1376K(70144K)] 461628K->392508K(591360K), 0.0045463 secs] [Times: user=0.02 sys=0.00, real=0.01 secs] 
2398.166: [GC (Allocation Failure) [PSYoungGen: 69984K->1344K(69632K)] 461116K->392476K(590848K), 0.0031336 secs] [Times: user=0.01 sys=0.00, real=0.00 secs] 
2398.542: [GC (Allocation Failure) [PSYoungGen: 69440K->1501K(69120K)] 460572K->392633K(590336K), 0.0025284 secs] [Times: user=0.01 sys=0.00, real=0.00 secs] 
2398.677: [GC (Allocation Failure) [PSYoungGen: 69085K->1533K(68608K)] 460217K->392665K(589824K), 0.0018516 secs] [Times: user=0.00 sys=0.00, real=0.00 secs] 
2398.796: [GC (Allocation Failure) [PSYoungGen: 68605K->1456K(69120K)] 459737K->392588K(590336K), 0.0018643 secs] [Times: user=0.01 sys=0.00, real=0.00 secs] 
2398.913: [GC (Allocation Failure) [PSYoungGen: 68520K->1485K(75264K)] 459652K->392633K(596480K), 0.0017643 secs] [Times: user=0.00 sys=0.00, real=0.00 secs] 
2399.796: [GC (Allocation Failure) [PSYoungGen: 74701K->1424K(74240K)] 465849K->392572K(595456K), 0.0027942 secs] [Times: user=0.01 sys=0.00, real=0.00 secs] 
2400.506: [GC (Allocation Failure) [PSYoungGen: 74128K->1376K(73728K)] 465276K->392524K(594944K), 0.0025355 secs] [Times: user=0.01 sys=0.00, real=0.00 secs] 
2401.293: [GC (Allocation Failure) [PSYoungGen: 73568K->1392K(73216K)] 464716K->392540K(594432K), 0.0029092 secs] [Times: user=0.01 sys=0.00, real=0.01 secs] 
2402.338: [GC (Allocation Failure) [PSYoungGen: 73072K->1344K(72704K)] 464220K->392492K(593920K), 0.0045579 secs] [Times: user=0.01 sys=0.00, real=0.00 secs] 
2402.720: [GC (Allocation Failure) [PSYoungGen: 72512K->1533K(72192K)] 463660K->392681K(593408K), 0.0022671 secs] [Times: user=0.01 sys=0.00, real=0.00 secs] 
2402.849: [GC (Allocation Failure) [PSYoungGen: 72189K->1485K(71680K)] 463337K->392633K(592896K), 0.0019115 secs] [Times: user=0.01 sys=0.00, real=0.00 secs] 
2402.972: [GC (Allocation Failure) [PSYoungGen: 71629K->1549K(71680K)] 462777K->392697K(592896K), 0.0019145 secs] [Times: user=0.01 sys=0.00, real=0.00 secs] 
2403.307: [GC (Allocation Failure) [PSYoungGen: 71181K->1472K(70656K)] 462329K->392620K(591872K), 0.0024019 secs] [Times: user=0.01 sys=0.00, real=0.00 secs] 
2403.595: [GC (Allocation Failure) [PSYoungGen: 70592K->1344K(70144K)] 461740K->392492K(591360K), 0.0027258 secs] [Times: user=0.01 sys=0.00, real=0.01 secs] 
2404.021: [GC (Allocation Failure) [PSYoungGen: 69952K->1376K(69632K)] 461100K->392548K(590848K), 0.0025223 secs] [Times: user=0.01 sys=0.00, real=0.00 secs] 
2404.570: [GC (Allocation Failure) [PSYoungGen: 69472K->1376K(69120K)] 460644K->392548K(590336K), 0.0025611 secs] [Times: user=0.01 sys=0.00, real=0.00 secs] 
2405.112: [GC (Allocation Failure) [PSYoungGen: 68960K->1437K(68608K)] 460132K->392609K(589824K), 0.0027309 secs] [Times: user=0.02 sys=0.00, real=0.00 secs] 
2405.273: [GC (Allocation Failure) [PSYoungGen: 68509K->1469K(68096K)] 459681K->392641K(589312K), 0.0018106 secs] [Times: user=0.01 sys=0.00, real=0.00 secs] 
2405.390: [GC (Allocation Failure) [PSYoungGen: 68029K->1501K(67584K)] 459201K->392673K(588800K), 0.0017617 secs] [Times: user=0.01 sys=0.00, real=0.00 secs] 
2405.506: [GC (Allocation Failure) [PSYoungGen: 67549K->1469K(68608K)] 458721K->392641K(589824K), 0.0017903 secs] [Times: user=0.01 sys=0.00, real=0.00 secs] 
2405.736: [GC (Allocation Failure) [PSYoungGen: 68029K->1440K(74240K)] 459201K->392612K(595456K), 0.0021585 secs] [Times: user=0.01 sys=0.00, real=0.00 secs] 
2406.063: [GC (Allocation Failure) [PSYoungGen: 73632K->1408K(73216K)] 464804K->392580K(594432K), 0.0021114 secs] [Times: user=0.01 sys=0.00, real=0.00 secs] 
2406.466: [GC (Allocation Failure) [PSYoungGen: 73088K->1408K(72704K)] 464260K->392580K(593920K), 0.0022761 secs] [Times: user=0.01 sys=0.01, real=0.00 secs] 
2406.763: [GC (Allocation Failure) [PSYoungGen: 72576K->1408K(72192K)] 463748K->392580K(593408K), 0.0022979 secs] [Times: user=0.01 sys=0.00, real=0.00 secs] 
2407.059: [GC (Allocation Failure) [PSYoungGen: 72064K->1469K(71680K)] 463236K->392641K(592896K), 0.0019329 secs] [Times: user=0.01 sys=0.01, real=0.00 secs] 
2407.183: [GC (Allocation Failure) [PSYoungGen: 71613K->1469K(71168K)] 462785K->392641K(592384K), 0.0018902 secs] [Times: user=0.01 sys=0.00, real=0.00 secs] 
2407.306: [GC (Allocation Failure) [PSYoungGen: 71101K->1501K(71680K)] 462273K->392673K(592896K), 0.0020342 secs] [Times: user=0.01 sys=0.00, real=0.00 secs] 
2407.429: [GC (Allocation Failure) [PSYoungGen: 71133K->1485K(71680K)] 462305K->392681K(592896K), 0.0017813 secs] [Times: user=0.00 sys=0.00, real=0.00 secs] 
2408.102: [GC (Allocation Failure) [PSYoungGen: 71117K->1472K(70656K)] 462313K->392668K(591872K), 0.0022669 secs] [Times: user=0.00 sys=0.00, real=0.00 secs] 
2408.405: [GC (Allocation Failure) [PSYoungGen: 70592K->1408K(70144K)] 461788K->392604K(591360K), 0.0023331 secs] [Times: user=0.01 sys=0.00, real=0.00 secs] 
2408.691: [GC (Allocation Failure) [PSYoungGen: 70016K->1376K(69632K)] 461212K->392572K(590848K), 0.0022553 secs] [Times: user=0.01 sys=0.00, real=0.00 secs] 
2408.974: [GC (Allocation Failure) [PSYoungGen: 69472K->1376K(69120K)] 460668K->392572K(590336K), 0.0021060 secs] [Times: user=0.01 sys=0.00, real=0.01 secs] 
2409.190: [GC (Allocation Failure) [PSYoungGen: 68960K->1501K(68608K)] 460156K->392697K(589824K), 0.0017364 secs] [Times: user=0.01 sys=0.00, real=0.00 secs] 
2409.309: [GC (Allocation Failure) [PSYoungGen: 68552K->1501K(74240K)] 459748K->392697K(595456K), 0.0018617 secs] [Times: user=0.01 sys=0.01, real=0.00 secs] 
2409.436: [GC (Allocation Failure) [PSYoungGen: 74205K->1533K(74752K)] 465401K->392729K(595968K), 0.0018874 secs] [Times: user=0.01 sys=0.00, real=0.00 secs] 
2409.565: [GC (Allocation Failure) [PSYoungGen: 74749K->1469K(75264K)] 465945K->392673K(596480K), 0.0018530 secs] [Times: user=0.01 sys=0.00, real=0.00 secs] 
2411.697: [GC (Allocation Failure) [PSYoungGen: 74685K->1408K(74240K)] 465889K->392612K(595456K), 0.0045323 secs] [Times: user=0.02 sys=0.00, real=0.00 secs] 
2412.641: [GC (Allocation Failure) [PSYoungGen: 74112K->1376K(73728K)] 465316K->392580K(594944K), 0.0042288 secs] [Times: user=0.01 sys=0.01, real=0.01 secs] 
2413.514: [GC (Allocation Failure) [PSYoungGen: 73568K->1376K(73216K)] 464772K->392580K(594432K), 0.0037498 secs] [Times: user=0.02 sys=0.01, real=0.01 secs] 
2414.198: [GC (Allocation Failure) [PSYoungGen: 72912K->256K(71680K)] 464116K->391460K(592896K), 0.0030579 secs] [Times: user=0.01 sys=0.00, real=0.00 secs] 
2414.430: [GC (Allocation Failure) [PSYoungGen: 71424K->1501K(72192K)] 462628K->392729K(593408K), 0.0025081 secs] [Times: user=0.00 sys=0.00, real=0.00 secs] 
2414.613: [GC (Allocation Failure) [PSYoungGen: 72157K->1501K(71680K)] 463385K->392737K(592896K), 0.0021820 secs] [Times: user=0.01 sys=0.00, real=0.00 secs] 
2414.769: [GC (Allocation Failure) [PSYoungGen: 71645K->1533K(71168K)] 462881K->392769K(592384K), 0.0016399 secs] [Times: user=0.01 sys=0.00, real=0.00 secs] 
2414.984: [GC (Allocation Failure) [PSYoungGen: 71165K->1408K(70656K)] 462401K->392644K(591872K), 0.0026786 secs] [Times: user=0.01 sys=0.00, real=0.01 secs] 
2415.274: [GC (Allocation Failure) [PSYoungGen: 70528K->1408K(70144K)] 461764K->392644K(591360K), 0.0022886 secs] [Times: user=0.01 sys=0.00, real=0.01 secs] 
2415.559: [GC (Allocation Failure) [PSYoungGen: 70016K->1360K(69632K)] 461252K->392596K(590848K), 0.0024779 secs] [Times: user=0.02 sys=0.00, real=0.00 secs] 
2415.843: [GC (Allocation Failure) [PSYoungGen: 69456K->1376K(69120K)] 460692K->392612K(590336K), 0.0021326 secs] [Times: user=0.01 sys=0.00, real=0.00 secs] 
2416.124: [GC (Allocation Failure) [PSYoungGen: 68960K->1533K(68608K)] 460196K->392769K(589824K), 0.0022824 secs] [Times: user=0.01 sys=0.00, real=0.01 secs] 
2416.248: [GC (Allocation Failure) [PSYoungGen: 68605K->1469K(74240K)] 459841K->392713K(595456K), 0.0018221 secs] [Times: user=0.01 sys=0.00, real=0.00 secs] 
2416.376: [GC (Allocation Failure) [PSYoungGen: 74160K->1501K(75264K)] 465404K->392745K(596480K), 0.0016853 secs] [Times: user=0.01 sys=0.00, real=0.00 secs] 
2416.524: [GC (Allocation Failure) [PSYoungGen: 74717K->1517K(81408K)] 465961K->392761K(602624K), 0.0021450 secs] [Times: user=0.00 sys=0.01, real=0.01 secs] 
2417.388: [GC (Allocation Failure) [PSYoungGen: 80877K->1440K(80384K)] 472121K->392708K(601600K), 0.0024498 secs] [Times: user=0.01 sys=0.00, real=0.00 secs] 
2418.298: [GC (Allocation Failure) [PSYoungGen: 80288K->1360K(79872K)] 471556K->392628K(601088K), 0.0026539 secs] [Times: user=0.01 sys=0.00, real=0.00 secs] 
2419.079: [GC (Allocation Failure) [PSYoungGen: 79696K->1408K(79360K)] 470964K->392676K(600576K), 0.0034076 secs] [Times: user=0.01 sys=0.00, real=0.00 secs] 
2419.750: [GC (Allocation Failure) [PSYoungGen: 79232K->1517K(78848K)] 470500K->392785K(600064K), 0.0033527 secs] [Times: user=0.01 sys=0.00, real=0.00 secs] 
2419.950: [GC (Allocation Failure) [PSYoungGen: 78829K->1501K(78336K)] 470097K->392769K(599552K), 0.0018768 secs] [Times: user=0.00 sys=0.01, real=0.00 secs] 
2420.084: [GC (Allocation Failure) [PSYoungGen: 78301K->1469K(77824K)] 469569K->392737K(599040K), 0.0017806 secs] [Times: user=0.01 sys=0.00, real=0.01 secs] 
2420.219: [GC (Allocation Failure) [PSYoungGen: 77757K->1469K(77312K)] 469025K->392737K(598528K), 0.0019001 secs] [Times: user=0.01 sys=0.00, real=0.00 secs] 
2420.690: [GC (Allocation Failure) [PSYoungGen: 77245K->1440K(76800K)] 468513K->392716K(598016K), 0.0023576 secs] [Times: user=0.01 sys=0.00, real=0.00 secs] 
2421.396: [GC (Allocation Failure) [PSYoungGen: 76704K->1424K(76288K)] 467980K->392700K(597504K), 0.0021919 secs] [Times: user=0.01 sys=0.00, real=0.00 secs] 
2422.060: [GC (Allocation Failure) [PSYoungGen: 76176K->1376K(75776K)] 467452K->392652K(596992K), 0.0022809 secs] [Times: user=0.00 sys=0.01, real=0.00 secs] 
2422.691: [GC (Allocation Failure) [PSYoungGen: 75616K->1344K(75264K)] 466892K->392620K(596480K), 0.0024503 secs] [Times: user=0.01 sys=0.00, real=0.00 secs] 
2422.889: [GC (Allocation Failure) [PSYoungGen: 75063K->1472K(74752K)] 466339K->392748K(595968K), 0.0024191 secs] [Times: user=0.01 sys=0.00, real=0.00 secs] 
2423.019: [GC (Allocation Failure) [PSYoungGen: 74688K->1501K(74240K)] 465964K->392777K(595456K), 0.0018124 secs] [Times: user=0.00 sys=0.00, real=0.00 secs] 
2423.148: [GC (Allocation Failure) [PSYoungGen: 74205K->1565K(74752K)] 465481K->392841K(595968K), 0.0018366 secs] [Times: user=0.01 sys=0.00, real=0.00 secs] 
2424.146: [GC (Allocation Failure) [PSYoungGen: 74269K->1456K(73728K)] 465545K->392732K(594944K), 0.0037534 secs] [Times: user=0.02 sys=0.00, real=0.00 secs] 
2425.173: [GC (Allocation Failure) [PSYoungGen: 73648K->1376K(73216K)] 464924K->392676K(594432K), 0.0030867 secs] [Times: user=0.02 sys=0.00, real=0.01 secs] 
2426.287: [GC (Allocation Failure) [PSYoungGen: 73056K->1376K(72704K)] 464356K->392676K(593920K), 0.0028193 secs] [Times: user=0.01 sys=0.00, real=0.00 secs] 
2426.914: [GC (Allocation Failure) [PSYoungGen: 72544K->1408K(72192K)] 463844K->392708K(593408K), 0.0029020 secs] [Times: user=0.01 sys=0.00, real=0.01 secs] 
2427.376: [GC (Allocation Failure) [PSYoungGen: 72064K->1501K(71680K)] 463364K->392801K(592896K), 0.0022854 secs] [Times: user=0.01 sys=0.00, real=0.00 secs] 
2427.516: [GC (Allocation Failure) [PSYoungGen: 71645K->1517K(71168K)] 462945K->392817K(592384K), 0.0018849 secs] [Times: user=0.00 sys=0.00, real=0.00 secs] 
2427.640: [GC (Allocation Failure) [PSYoungGen: 71149K->1501K(70656K)] 462449K->392801K(591872K), 0.0018553 secs] [Times: user=0.00 sys=0.00, real=0.00 secs] 
2427.762: [GC (Allocation Failure) [PSYoungGen: 70621K->1533K(71168K)] 461921K->392833K(592384K), 0.0018516 secs] [Times: user=0.00 sys=0.00, real=0.00 secs] 
2428.049: [GC (Allocation Failure) [PSYoungGen: 70653K->1440K(70144K)] 461953K->392748K(591360K), 0.0022595 secs] [Times: user=0.01 sys=0.00, real=0.00 secs] 
2428.335: [GC (Allocation Failure) [PSYoungGen: 70048K->1376K(69632K)] 461356K->392684K(590848K), 0.0021717 secs] [Times: user=0.01 sys=0.00, real=0.00 secs] 
2428.619: [GC (Allocation Failure) [PSYoungGen: 69472K->1424K(69120K)] 460780K->392732K(590336K), 0.0021675 secs] [Times: user=0.01 sys=0.00, real=0.00 secs] 
2428.900: [GC (Allocation Failure) [PSYoungGen: 69008K->1344K(68608K)] 460316K->392652K(589824K), 0.0022305 secs] [Times: user=0.01 sys=0.00, real=0.00 secs] 
2429.219: [GC (Allocation Failure) [PSYoungGen: 68416K->1501K(68096K)] 459724K->392809K(589312K), 0.0019962 secs] [Times: user=0.00 sys=0.00, real=0.00 secs] 
2429.336: [GC (Allocation Failure) [PSYoungGen: 68061K->1533K(68608K)] 459369K->392841K(589824K), 0.0020250 secs] [Times: user=0.01 sys=0.00, real=0.00 secs] 
2429.453: [GC (Allocation Failure) [PSYoungGen: 68093K->1469K(68608K)] 459401K->392777K(589824K), 0.0018460 secs] [Times: user=0.01 sys=0.00, real=0.00 secs] 
2429.570: [GC (Allocation Failure) [PSYoungGen: 68029K->1469K(74752K)] 459337K->392785K(595968K), 0.0017816 secs] [Times: user=0.01 sys=0.00, real=0.00 secs] 
2429.863: [GC (Allocation Failure) [PSYoungGen: 74173K->1424K(74752K)] 465489K->392740K(595968K), 0.0021353 secs] [Times: user=0.01 sys=0.00, real=0.01 secs] 
2430.166: [GC (Allocation Failure) [PSYoungGen: 74128K->1408K(80384K)] 465444K->392724K(601600K), 0.0021218 secs] [Times: user=0.01 sys=0.00, real=0.00 secs] 
2430.507: [GC (Allocation Failure) [PSYoungGen: 80256K->1376K(79872K)] 471572K->392692K(601088K), 0.0021809 secs] [Times: user=0.01 sys=0.00, real=0.00 secs] 
2430.843: [GC (Allocation Failure) [PSYoungGen: 79712K->1469K(79360K)] 471028K->392801K(600576K), 0.0021510 secs] [Times: user=0.01 sys=0.00, real=0.01 secs] 
2430.986: [GC (Allocation Failure) [PSYoungGen: 79293K->1469K(78848K)] 470625K->392801K(600064K), 0.0019343 secs] [Times: user=0.00 sys=0.00, real=0.00 secs] 
2431.122: [GC (Allocation Failure) [PSYoungGen: 78781K->1549K(79360K)] 470113K->392881K(600576K), 0.0019069 secs] [Times: user=0.01 sys=0.00, real=0.00 secs] 
2431.258: [GC (Allocation Failure) [PSYoungGen: 78861K->1469K(79360K)] 470193K->392801K(600576K), 0.0018023 secs] [Times: user=0.00 sys=0.00, real=0.00 secs] 
2431.770: [GC (Allocation Failure) [PSYoungGen: 78781K->1472K(78336K)] 470113K->392812K(599552K), 0.0022349 secs] [Times: user=0.01 sys=0.00, real=0.00 secs] 
2432.137: [GC (Allocation Failure) [PSYoungGen: 78272K->1424K(77824K)] 469612K->392764K(599040K), 0.0022874 secs] [Times: user=0.01 sys=0.00, real=0.00 secs] 
2432.454: [GC (Allocation Failure) [PSYoungGen: 77712K->1376K(77312K)] 469052K->392716K(598528K), 0.0021394 secs] [Times: user=0.01 sys=0.00, real=0.01 secs] 
2432.828: [GC (Allocation Failure) [PSYoungGen: 77152K->1501K(76800K)] 468492K->392841K(598016K), 0.0022986 secs] [Times: user=0.01 sys=0.00, real=0.00 secs] 
2432.968: [GC (Allocation Failure) [PSYoungGen: 76765K->1501K(76288K)] 468105K->392841K(597504K), 0.0018475 secs] [Times: user=0.00 sys=0.00, real=0.00 secs] 
2433.100: [GC (Allocation Failure) [PSYoungGen: 76253K->1485K(82944K)] 467593K->392825K(604160K), 0.0017632 secs] [Times: user=0.01 sys=0.00, real=0.00 secs] 
2433.244: [GC (Allocation Failure) [PSYoungGen: 82893K->1485K(83456K)] 474233K->392825K(604672K), 0.0018649 secs] [Times: user=0.01 sys=0.00, real=0.01 secs] 
2433.933: [GC (Allocation Failure) [PSYoungGen: 82893K->1408K(82432K)] 474233K->392748K(603648K), 0.0026423 secs] [Times: user=0.01 sys=0.00, real=0.01 secs] 
2434.716: [GC (Allocation Failure) [PSYoungGen: 82304K->1408K(81920K)] 473644K->392748K(603136K), 0.0025727 secs] [Times: user=0.01 sys=0.00, real=0.00 secs] 
2435.519: [GC (Allocation Failure) [PSYoungGen: 81792K->1408K(81408K)] 473132K->392748K(602624K), 0.0025036 secs] [Times: user=0.01 sys=0.00, real=0.00 secs] 
2436.090: [GC (Allocation Failure) [PSYoungGen: 81280K->1501K(80896K)] 472620K->392841K(602112K), 0.0025278 secs] [Times: user=0.01 sys=0.00, real=0.00 secs] 
2436.250: [GC (Allocation Failure) [PSYoungGen: 80861K->1469K(80384K)] 472201K->392809K(601600K), 0.0019345 secs] [Times: user=0.01 sys=0.00, real=0.00 secs] 
2436.388: [GC (Allocation Failure) [PSYoungGen: 80317K->1501K(79872K)] 471657K->392841K(601088K), 0.0018526 secs] [Times: user=0.01 sys=0.00, real=0.00 secs] 
2436.528: [GC (Allocation Failure) [PSYoungGen: 79837K->1501K(79360K)] 471177K->392841K(600576K), 0.0019321 secs] [Times: user=0.01 sys=0.00, real=0.00 secs] 
2437.822: [GC (Allocation Failure) [PSYoungGen: 79325K->1440K(78848K)] 470665K->392788K(600064K), 0.0032505 secs] [Times: user=0.01 sys=0.00, real=0.01 secs] 
2438.655: [GC (Allocation Failure) [PSYoungGen: 78752K->1408K(78336K)] 470100K->392756K(599552K), 0.0032675 secs] [Times: user=0.02 sys=0.00, real=0.00 secs] 
2439.334: [GC (Allocation Failure) [PSYoungGen: 78208K->1392K(77824K)] 469556K->392740K(599040K), 0.0032899 secs] [Times: user=0.02 sys=0.00, real=0.01 secs] 
2439.908: [GC (Allocation Failure) [PSYoungGen: 77680K->1485K(77312K)] 469028K->392833K(598528K), 0.0025442 secs] [Times: user=0.01 sys=0.00, real=0.00 secs] 
2440.069: [GC (Allocation Failure) [PSYoungGen: 77261K->1469K(76800K)] 468609K->392817K(598016K), 0.0018920 secs] [Times: user=0.01 sys=0.00, real=0.00 secs] 
2440.200: [GC (Allocation Failure) [PSYoungGen: 76733K->1501K(76288K)] 468081K->392849K(597504K), 0.0020595 secs] [Times: user=0.01 sys=0.00, real=0.00 secs] 
2440.333: [GC (Allocation Failure) [PSYoungGen: 76253K->1469K(76800K)] 467601K->392817K(598016K), 0.0019062 secs] [Times: user=0.01 sys=0.00, real=0.00 secs] 
2440.662: [GC (Allocation Failure) [PSYoungGen: 76221K->1472K(75776K)] 467569K->392820K(596992K), 0.0020612 secs] [Times: user=0.01 sys=0.00, real=0.00 secs] 
2440.971: [GC (Allocation Failure) [PSYoungGen: 75712K->1344K(75264K)] 467060K->392692K(596480K), 0.0020456 secs] [Times: user=0.01 sys=0.00, real=0.00 secs] 
2441.277: [GC (Allocation Failure) [PSYoungGen: 75072K->1376K(74752K)] 466420K->392724K(595968K), 0.0020228 secs] [Times: user=0.01 sys=0.00, real=0.00 secs] 
2441.589: [GC (Allocation Failure) [PSYoungGen: 74564K->1501K(74240K)] 465912K->392849K(595456K), 0.0021043 secs] [Times: user=0.00 sys=0.00, real=0.00 secs] 
2441.720: [GC (Allocation Failure) [PSYoungGen: 74190K->1472K(73728K)] 465538K->392820K(594944K), 0.0018696 secs] [Times: user=0.01 sys=0.00, real=0.00 secs] 
2441.847: [GC (Allocation Failure) [PSYoungGen: 73664K->1533K(74240K)] 465012K->392881K(595456K), 0.0019181 secs] [Times: user=0.01 sys=0.00, real=0.00 secs] 
2441.975: [GC (Allocation Failure) [PSYoungGen: 73725K->1501K(74240K)] 465073K->392849K(595456K), 0.0018717 secs] [Times: user=0.01 sys=0.00, real=0.00 secs] 
2442.219: [GC (Allocation Failure) [PSYoungGen: 73693K->1472K(80896K)] 465041K->392820K(602112K), 0.0020939 secs] [Times: user=0.01 sys=0.00, real=0.00 secs] 
2442.547: [GC (Allocation Failure) [PSYoungGen: 80320K->1376K(79872K)] 471668K->392748K(601088K), 0.0022066 secs] [Times: user=0.01 sys=0.00, real=0.00 secs] 
2442.872: [GC (Allocation Failure) [PSYoungGen: 79712K->1408K(79360K)] 471084K->392780K(600576K), 0.0021752 secs] [Times: user=0.00 sys=0.00, real=0.00 secs] 
2443.196: [GC (Allocation Failure) [PSYoungGen: 79232K->1408K(78848K)] 470604K->392780K(600064K), 0.0023256 secs] [Times: user=0.01 sys=0.00, real=0.00 secs] 
2443.398: [GC (Allocation Failure) [PSYoungGen: 78720K->1501K(78336K)] 470092K->392873K(599552K), 0.0019697 secs] [Times: user=0.01 sys=0.00, real=0.00 secs] 
2443.534: [GC (Allocation Failure) [PSYoungGen: 78301K->1501K(77824K)] 469673K->392873K(599040K), 0.0018924 secs] [Times: user=0.01 sys=0.00, real=0.01 secs] 
2443.668: [GC (Allocation Failure) [PSYoungGen: 77789K->1533K(78336K)] 469161K->392905K(599552K), 0.0019620 secs] [Times: user=0.01 sys=0.00, real=0.00 secs] 
2443.914: [GC (Allocation Failure) [PSYoungGen: 77821K->1440K(78336K)] 469193K->392812K(599552K), 0.0020608 secs] [Times: user=0.01 sys=0.00, real=0.01 secs] 
2444.231: [GC (Allocation Failure) [PSYoungGen: 77728K->1376K(77312K)] 469100K->392748K(598528K), 0.0019101 secs] [Times: user=0.00 sys=0.01, real=0.00 secs] 
2444.545: [GC (Allocation Failure) [PSYoungGen: 77152K->1408K(76800K)] 468524K->392780K(598016K), 0.0020752 secs] [Times: user=0.01 sys=0.00, real=0.00 secs] 
2444.958: [GC (Allocation Failure) [PSYoungGen: 76672K->1408K(76288K)] 468044K->392780K(597504K), 0.0021232 secs] [Times: user=0.01 sys=0.00, real=0.00 secs] 
2445.233: [GC (Allocation Failure) [PSYoungGen: 76160K->1472K(75776K)] 467532K->392844K(596992K), 0.0026447 secs] [Times: user=0.01 sys=0.00, real=0.01 secs] 
2445.397: [GC (Allocation Failure) [PSYoungGen: 75712K->1501K(75264K)] 467084K->392873K(596480K), 0.0018478 secs] [Times: user=0.00 sys=0.00, real=0.00 secs] 
2445.526: [GC (Allocation Failure) [PSYoungGen: 75229K->1533K(81408K)] 466601K->392905K(602624K), 0.0018183 secs] [Times: user=0.01 sys=0.00, real=0.00 secs] 
2445.786: [GC (Allocation Failure) [PSYoungGen: 81405K->1408K(81920K)] 472777K->392780K(603136K), 0.0031118 secs] [Times: user=0.01 sys=0.00, real=0.00 secs] 
2446.249: [GC (Allocation Failure) [PSYoungGen: 81280K->1376K(80896K)] 472652K->392748K(602112K), 0.0026834 secs] [Times: user=0.01 sys=0.00, real=0.00 secs] 
2446.846: [GC (Allocation Failure) [PSYoungGen: 80736K->1344K(80384K)] 472108K->392716K(601600K), 0.0026565 secs] [Times: user=0.01 sys=0.00, real=0.00 secs] 
2447.483: [GC (Allocation Failure) [PSYoungGen: 80192K->1376K(79872K)] 471564K->392748K(601088K), 0.0038588 secs] [Times: user=0.02 sys=0.00, real=0.01 secs] 
2447.783: [GC (Allocation Failure) [PSYoungGen: 79712K->1456K(79360K)] 471084K->392828K(600576K), 0.0018835 secs] [Times: user=0.01 sys=0.00, real=0.00 secs] 
2447.922: [GC (Allocation Failure) [PSYoungGen: 79280K->1488K(78848K)] 470652K->392860K(600064K), 0.0018908 secs] [Times: user=0.01 sys=0.00, real=0.00 secs] 
2448.081: [GC (Allocation Failure) [PSYoungGen: 78800K->1501K(78336K)] 470172K->392873K(599552K), 0.0022354 secs] [Times: user=0.01 sys=0.00, real=0.00 secs] 
2448.901: [GC (Allocation Failure) [PSYoungGen: 78301K->1408K(77824K)] 469673K->392780K(599040K), 0.0036949 secs] [Times: user=0.01 sys=0.00, real=0.00 secs] 
2449.849: [GC (Allocation Failure) [PSYoungGen: 77696K->1376K(77312K)] 469068K->392748K(598528K), 0.0038058 secs] [Times: user=0.01 sys=0.00, real=0.00 secs] 
2450.783: [GC (Allocation Failure) [PSYoungGen: 77152K->1344K(76800K)] 468524K->392716K(598016K), 0.0038515 secs] [Times: user=0.02 sys=0.00, real=0.01 secs] 
2451.663: [GC (Allocation Failure) [PSYoungGen: 76608K->1376K(76288K)] 467980K->392748K(597504K), 0.0040623 secs] [Times: user=0.02 sys=0.00, real=0.01 secs] 
2452.170: [GC (Allocation Failure) [PSYoungGen: 76128K->1533K(75776K)] 467500K->392905K(596992K), 0.0022351 secs] [Times: user=0.01 sys=0.00, real=0.00 secs] 
2452.314: [GC (Allocation Failure) [PSYoungGen: 75773K->1501K(75264K)] 467145K->392873K(596480K), 0.0021011 secs] [Times: user=0.01 sys=0.00, real=0.01 secs] 
2452.443: [GC (Allocation Failure) [PSYoungGen: 75229K->1501K(74752K)] 466601K->392873K(595968K), 0.0019749 secs] [Times: user=0.01 sys=0.00, real=0.00 secs] 
2453.060: [GC (Allocation Failure) [PSYoungGen: 74717K->1440K(74240K)] 466089K->392812K(595456K), 0.0034305 secs] [Times: user=0.01 sys=0.00, real=0.00 secs] 
2453.363: [GC (Allocation Failure) [PSYoungGen: 74144K->1344K(73728K)] 465516K->392716K(594944K), 0.0023903 secs] [Times: user=0.01 sys=0.00, real=0.01 secs] 
2453.664: [GC (Allocation Failure) [PSYoungGen: 73536K->1312K(73216K)] 464908K->392684K(594432K), 0.0023097 secs] [Times: user=0.01 sys=0.01, real=0.01 secs] 
2453.995: [GC (Allocation Failure) [PSYoungGen: 72992K->1408K(72704K)] 464364K->392780K(593920K), 0.0022393 secs] [Times: user=0.01 sys=0.00, real=0.01 secs] 
2454.314: [GC (Allocation Failure) [PSYoungGen: 72576K->1501K(72192K)] 463948K->392889K(593408K), 0.0031504 secs] [Times: user=0.01 sys=0.00, real=0.01 secs] 
2454.489: [GC (Allocation Failure) [PSYoungGen: 72136K->1488K(71680K)] 463524K->392876K(592896K), 0.0019039 secs] [Times: user=0.01 sys=0.00, real=0.00 secs] 
2454.613: [GC (Allocation Failure) [PSYoungGen: 71632K->1504K(72192K)] 463020K->392892K(593408K), 0.0019122 secs] [Times: user=0.01 sys=0.00, real=0.01 secs] 
2454.738: [GC (Allocation Failure) [PSYoungGen: 71648K->1504K(72192K)] 463036K->392892K(593408K), 0.0017900 secs] [Times: user=0.01 sys=0.00, real=0.00 secs] 
2455.012: [GC (Allocation Failure) [PSYoungGen: 71648K->1440K(78848K)] 463036K->392828K(600064K), 0.0030827 secs] [Times: user=0.02 sys=0.00, real=0.01 secs] 
2455.332: [GC (Allocation Failure) [PSYoungGen: 78240K->1376K(78848K)] 469628K->392764K(600064K), 0.0022865 secs] [Times: user=0.01 sys=0.00, real=0.00 secs] 
2455.652: [GC (Allocation Failure) [PSYoungGen: 78176K->1392K(77824K)] 469564K->392780K(599040K), 0.0023272 secs] [Times: user=0.01 sys=0.00, real=0.00 secs] 
2455.975: [GC (Allocation Failure) [PSYoungGen: 77680K->1437K(77312K)] 469068K->392825K(598528K), 0.0021870 secs] [Times: user=0.01 sys=0.00, real=0.01 secs] 
2456.154: [GC (Allocation Failure) [PSYoungGen: 77213K->1533K(76800K)] 468601K->392921K(598016K), 0.0020423 secs] [Times: user=0.01 sys=0.00, real=0.01 secs] 
2456.310: [GC (Allocation Failure) [PSYoungGen: 76797K->1536K(76800K)] 468185K->392924K(598016K), 0.0018478 secs] [Times: user=0.00 sys=0.00, real=0.00 secs] 
2456.442: [GC (Allocation Failure) [PSYoungGen: 76288K->464K(82432K)] 467676K->392876K(603648K), 0.0019038 secs] [Times: user=0.01 sys=0.00, real=0.00 secs] 
2456.737: [GC (Allocation Failure) [PSYoungGen: 81872K->1440K(83456K)] 474284K->393852K(604672K), 0.0023302 secs] [Times: user=0.01 sys=0.00, real=0.00 secs] 
2457.076: [GC (Allocation Failure) [PSYoungGen: 82848K->1392K(82432K)] 475260K->393804K(603648K), 0.0021991 secs] [Times: user=0.00 sys=0.00, real=0.00 secs] 
2457.413: [GC (Allocation Failure) [PSYoungGen: 82288K->1408K(81920K)] 474700K->393820K(603136K), 0.0023691 secs] [Times: user=0.01 sys=0.00, real=0.00 secs] 
2457.825: [GC (Allocation Failure) [PSYoungGen: 81792K->1533K(81408K)] 474204K->393945K(602624K), 0.0019894 secs] [Times: user=0.01 sys=0.00, real=0.00 secs] 
2457.975: [GC (Allocation Failure) [PSYoungGen: 81405K->1469K(80896K)] 473817K->393881K(602112K), 0.0018769 secs] [Times: user=0.01 sys=0.00, real=0.01 secs] 
2458.139: [GC (Allocation Failure) [PSYoungGen: 80829K->1533K(80384K)] 473241K->393945K(601600K), 0.0020755 secs] [Times: user=0.01 sys=0.00, real=0.00 secs] 
2458.311: [GC (Allocation Failure) [PSYoungGen: 80381K->1501K(79872K)] 472793K->393913K(601088K), 0.0018681 secs] [Times: user=0.01 sys=0.00, real=0.00 secs] 
2458.638: [GC (Allocation Failure) [PSYoungGen: 79837K->1408K(79360K)] 472249K->393820K(600576K), 0.0023006 secs] [Times: user=0.01 sys=0.00, real=0.00 secs] 
2459.005: [GC (Allocation Failure) [PSYoungGen: 79232K->1408K(78848K)] 471644K->393820K(600064K), 0.0021979 secs] [Times: user=0.01 sys=0.00, real=0.00 secs] 
2459.637: [GC (Allocation Failure) [PSYoungGen: 78720K->1376K(78336K)] 471132K->393788K(599552K), 0.0036801 secs] [Times: user=0.01 sys=0.00, real=0.00 secs] 
2460.283: [GC (Allocation Failure) [PSYoungGen: 78176K->1501K(77824K)] 470588K->393913K(599040K), 0.0027637 secs] [Times: user=0.02 sys=0.00, real=0.01 secs] 
2460.455: [GC (Allocation Failure) [PSYoungGen: 77789K->1469K(77312K)] 470201K->393881K(598528K), 0.0017838 secs] [Times: user=0.01 sys=0.00, real=0.01 secs] 
2460.589: [GC (Allocation Failure) [PSYoungGen: 77245K->1549K(77312K)] 469657K->393961K(598528K), 0.0018991 secs] [Times: user=0.01 sys=0.00, real=0.00 secs] 
2460.721: [GC (Allocation Failure) [PSYoungGen: 76813K->477K(82944K)] 469225K->393913K(604160K), 0.0017230 secs] [Times: user=0.00 sys=0.00, real=0.00 secs] 
2463.002: [GC (Allocation Failure) [PSYoungGen: 82397K->1440K(82944K)] 475833K->394876K(604160K), 0.0036421 secs] [Times: user=0.02 sys=0.00, real=0.01 secs] 
2463.781: [GC (Allocation Failure) [PSYoungGen: 82848K->1376K(82432K)] 476284K->394812K(603648K), 0.0030001 secs] [Times: user=0.02 sys=0.00, real=0.00 secs] 
2464.494: [GC (Allocation Failure) [PSYoungGen: 82272K->1408K(81920K)] 475708K->394844K(603136K), 0.0028541 secs] [Times: user=0.01 sys=0.00, real=0.01 secs] 
2465.078: [GC (Allocation Failure) [PSYoungGen: 81792K->1389K(81408K)] 475228K->394849K(602624K), 0.0026522 secs] [Times: user=0.01 sys=0.00, real=0.00 secs] 
2465.284: [GC (Allocation Failure) [PSYoungGen: 81261K->1568K(81408K)] 474721K->395028K(602624K), 0.0024465 secs] [Times: user=0.01 sys=0.00, real=0.01 secs] 
2465.520: [GC (Allocation Failure) [PSYoungGen: 80928K->1533K(80384K)] 474388K->394993K(601600K), 0.0022578 secs] [Times: user=0.01 sys=0.00, real=0.00 secs] 
2465.814: [GC (Allocation Failure) [PSYoungGen: 80381K->1440K(79872K)] 473841K->394900K(601088K), 0.0027410 secs] [Times: user=0.01 sys=0.01, real=0.01 secs] 
2466.141: [GC (Allocation Failure) [PSYoungGen: 79776K->1344K(79360K)] 473236K->394804K(600576K), 0.0021694 secs] [Times: user=0.01 sys=0.00, real=0.00 secs] 
2466.556: [GC (Allocation Failure) [PSYoungGen: 79168K->1408K(78848K)] 472628K->394868K(600064K), 0.0025507 secs] [Times: user=0.01 sys=0.01, real=0.00 secs] 
2466.924: [GC (Allocation Failure) [PSYoungGen: 78720K->1408K(78336K)] 472180K->394868K(599552K), 0.0022947 secs] [Times: user=0.01 sys=0.00, real=0.01 secs] 
2467.213: [GC (Allocation Failure) [PSYoungGen: 78208K->1501K(77824K)] 471668K->394969K(599040K), 0.0019066 secs] [Times: user=0.00 sys=0.00, real=0.00 secs] 
2467.347: [GC (Allocation Failure) [PSYoungGen: 77789K->1501K(77312K)] 471257K->394977K(598528K), 0.0019345 secs] [Times: user=0.01 sys=0.00, real=0.00 secs] 
2467.481: [GC (Allocation Failure) [PSYoungGen: 77277K->1501K(76800K)] 470753K->394977K(598016K), 0.0018717 secs] [Times: user=0.00 sys=0.01, real=0.00 secs] 
2467.723: [GC (Allocation Failure) [PSYoungGen: 76765K->1472K(76288K)] 470241K->394948K(597504K), 0.0022133 secs] [Times: user=0.01 sys=0.01, real=0.01 secs] 
2468.034: [GC (Allocation Failure) [PSYoungGen: 76224K->1360K(75776K)] 469700K->394836K(596992K), 0.0022173 secs] [Times: user=0.00 sys=0.00, real=0.01 secs] 
2468.568: [GC (Allocation Failure) [PSYoungGen: 75600K->1408K(75264K)] 469076K->394892K(596480K), 0.0022504 secs] [Times: user=0.01 sys=0.00, real=0.00 secs] 
2469.268: [GC (Allocation Failure) [PSYoungGen: 75136K->1408K(74752K)] 468620K->394892K(595968K), 0.0029575 secs] [Times: user=0.01 sys=0.00, real=0.00 secs] 
2469.848: [GC (Allocation Failure) [PSYoungGen: 74624K->1533K(74240K)] 468108K->395017K(595456K), 0.0023726 secs] [Times: user=0.01 sys=0.00, real=0.00 secs] 
2469.989: [GC (Allocation Failure) [PSYoungGen: 74237K->1501K(73728K)] 467721K->394993K(594944K), 0.0019074 secs] [Times: user=0.01 sys=0.00, real=0.00 secs] 
2470.116: [GC (Allocation Failure) [PSYoungGen: 73693K->1533K(73216K)] 467185K->395025K(594432K), 0.0017992 secs] [Times: user=0.01 sys=0.00, real=0.00 secs] 
2470.242: [GC (Allocation Failure) [PSYoungGen: 73213K->1469K(74240K)] 466705K->394961K(595456K), 0.0018002 secs] [Times: user=0.01 sys=0.00, real=0.00 secs] 
2471.132: [GC (Allocation Failure) [PSYoungGen: 73661K->1440K(73216K)] 467153K->394932K(594432K), 0.0030801 secs] [Times: user=0.02 sys=0.00, real=0.01 secs] 
2471.988: [GC (Allocation Failure) [PSYoungGen: 73120K->1376K(72704K)] 466612K->394868K(593920K), 0.0037424 secs] [Times: user=0.02 sys=0.00, real=0.00 secs] 
2472.688: [GC (Allocation Failure) [PSYoungGen: 72544K->1408K(72192K)] 466036K->394900K(593408K), 0.0031124 secs] [Times: user=0.01 sys=0.00, real=0.00 secs] 
2473.352: [GC (Allocation Failure) [PSYoungGen: 72064K->1408K(71680K)] 465556K->394900K(592896K), 0.0027541 secs] [Times: user=0.01 sys=0.00, real=0.00 secs] 
2473.640: [GC (Allocation Failure) [PSYoungGen: 71552K->1472K(71168K)] 465044K->395004K(592384K), 0.0026132 secs] [Times: user=0.01 sys=0.00, real=0.00 secs] 
2473.793: [GC (Allocation Failure) [PSYoungGen: 71104K->1469K(70656K)] 464636K->395001K(591872K), 0.0020650 secs] [Times: user=0.01 sys=0.00, real=0.00 secs] 
2473.935: [GC (Allocation Failure) [PSYoungGen: 70589K->1517K(70144K)] 464121K->395073K(591360K), 0.0020605 secs] [Times: user=0.01 sys=0.00, real=0.01 secs] 
2474.744: [GC (Allocation Failure) [PSYoungGen: 70125K->1952K(70144K)] 463681K->395508K(591360K), 0.0051539 secs] [Times: user=0.02 sys=0.00, real=0.01 secs] 
2475.951: [GC (Allocation Failure) [PSYoungGen: 70048K->368K(68096K)] 463604K->394948K(589312K), 0.0048366 secs] [Times: user=0.02 sys=0.00, real=0.01 secs] 
2476.747: [GC (Allocation Failure) [PSYoungGen: 67952K->352K(67584K)] 462532K->394932K(588800K), 0.0043961 secs] [Times: user=0.02 sys=0.00, real=0.00 secs] 
2477.492: [GC (Allocation Failure) [PSYoungGen: 67424K->384K(67072K)] 462004K->394964K(588288K), 0.0048940 secs] [Times: user=0.02 sys=0.00, real=0.01 secs] 
2478.040: [GC (Allocation Failure) [PSYoungGen: 66944K->384K(68608K)] 461524K->394964K(589824K), 0.0030305 secs] [Times: user=0.01 sys=0.00, real=0.00 secs] 
2478.245: [GC (Allocation Failure) [PSYoungGen: 66432K->1469K(67072K)] 461012K->396049K(588288K), 0.0019076 secs] [Times: user=0.01 sys=0.00, real=0.00 secs] 
2478.362: [GC (Allocation Failure) [PSYoungGen: 67005K->1520K(66560K)] 461585K->396100K(587776K), 0.0019620 secs] [Times: user=0.00 sys=0.00, real=0.00 secs] 
2478.476: [GC (Allocation Failure) [PSYoungGen: 66544K->1469K(70144K)] 461124K->396049K(591360K), 0.0018446 secs] [Times: user=0.01 sys=0.01, real=0.00 secs] 
2478.782: [GC (Allocation Failure) [PSYoungGen: 69053K->1568K(70144K)] 463633K->396156K(591360K), 0.0028172 secs] [Times: user=0.01 sys=0.00, real=0.01 secs] 
2479.656: [GC (Allocation Failure) [PSYoungGen: 69152K->1424K(68608K)] 463740K->396012K(589824K), 0.0057470 secs] [Times: user=0.02 sys=0.00, real=0.00 secs] 
2480.497: [GC (Allocation Failure) [PSYoungGen: 68496K->1344K(68096K)] 463084K->395932K(589312K), 0.0041091 secs] [Times: user=0.01 sys=0.00, real=0.00 secs] 
2481.311: [GC (Allocation Failure) [PSYoungGen: 67904K->1424K(67584K)] 462492K->396012K(588800K), 0.0039783 secs] [Times: user=0.02 sys=0.00, real=0.00 secs] 
2481.867: [GC (Allocation Failure) [PSYoungGen: 67472K->1376K(67072K)] 462060K->395964K(588288K), 0.0030944 secs] [Times: user=0.01 sys=0.00, real=0.00 secs] 
2482.191: [GC (Allocation Failure) [PSYoungGen: 66912K->1485K(66560K)] 461500K->396073K(587776K), 0.0023277 secs] [Times: user=0.01 sys=0.00, real=0.00 secs] 
2482.308: [GC (Allocation Failure) [PSYoungGen: 66509K->1469K(66048K)] 461097K->396057K(587264K), 0.0019140 secs] [Times: user=0.01 sys=0.00, real=0.00 secs] 
2482.421: [GC (Allocation Failure) [PSYoungGen: 65981K->1485K(70656K)] 460569K->396089K(591872K), 0.0017903 secs] [Times: user=0.00 sys=0.00, real=0.00 secs] 
2482.541: [GC (Allocation Failure) [PSYoungGen: 69581K->1533K(70144K)] 464185K->396137K(591360K), 0.0019897 secs] [Times: user=0.01 sys=0.00, real=0.00 secs] 
2483.283: [GC (Allocation Failure) [PSYoungGen: 69629K->1424K(69120K)] 464233K->396028K(590336K), 0.0025670 secs] [Times: user=0.01 sys=0.00, real=0.01 secs] 
2483.939: [GC (Allocation Failure) [PSYoungGen: 69008K->1376K(68608K)] 463612K->396004K(589824K), 0.0031227 secs] [Times: user=0.01 sys=0.00, real=0.00 secs] 
2484.466: [GC (Allocation Failure) [PSYoungGen: 68448K->1392K(68096K)] 463076K->396020K(589312K), 0.0025977 secs] [Times: user=0.01 sys=0.00, real=0.00 secs] 
2485.037: [GC (Allocation Failure) [PSYoungGen: 67952K->1392K(67584K)] 462580K->396020K(588800K), 0.0026319 secs] [Times: user=0.01 sys=0.00, real=0.00 secs] 
2485.364: [GC (Allocation Failure) [PSYoungGen: 67440K->1533K(67072K)] 462068K->396161K(588288K), 0.0020651 secs] [Times: user=0.01 sys=0.00, real=0.01 secs] 
2485.484: [GC (Allocation Failure) [PSYoungGen: 67069K->1501K(66560K)] 461697K->396129K(587776K), 0.0018926 secs] [Times: user=0.00 sys=0.00, real=0.01 secs] 
2485.603: [GC (Allocation Failure) [PSYoungGen: 66525K->1501K(72704K)] 461153K->396137K(593920K), 0.0024112 secs] [Times: user=0.01 sys=0.00, real=0.01 secs] 
2485.748: [GC (Allocation Failure) [PSYoungGen: 72669K->1533K(73216K)] 467305K->396169K(594432K), 0.0022433 secs] [Times: user=0.01 sys=0.01, real=0.00 secs] 
2486.484: [GC (Allocation Failure) [PSYoungGen: 72701K->1408K(79872K)] 467337K->396044K(601088K), 0.0054100 secs] [Times: user=0.02 sys=0.00, real=0.01 secs] 
2487.358: [GC (Allocation Failure) [PSYoungGen: 79232K->1440K(78848K)] 473868K->396076K(600064K), 0.0047025 secs] [Times: user=0.02 sys=0.00, real=0.00 secs] 
2487.974: [GC (Allocation Failure) [PSYoungGen: 78752K->1408K(78336K)] 473388K->396044K(599552K), 0.0038303 secs] [Times: user=0.02 sys=0.00, real=0.01 secs] 
2488.745: [GC (Allocation Failure) [PSYoungGen: 78208K->1440K(77824K)] 472844K->396092K(599040K), 0.0031539 secs] [Times: user=0.01 sys=0.00, real=0.01 secs] 
2488.945: [GC (Allocation Failure) [PSYoungGen: 77728K->1485K(77312K)] 472380K->396137K(598528K), 0.0018792 secs] [Times: user=0.01 sys=0.00, real=0.00 secs] 
2489.080: [GC (Allocation Failure) [PSYoungGen: 77261K->1501K(76800K)] 471913K->396153K(598016K), 0.0018705 secs] [Times: user=0.00 sys=0.00, real=0.00 secs] 
2489.212: [GC (Allocation Failure) [PSYoungGen: 76765K->1533K(77312K)] 471417K->396185K(598528K), 0.0018805 secs] [Times: user=0.00 sys=0.00, real=0.00 secs] 
2489.507: [GC (Allocation Failure) [PSYoungGen: 76797K->1440K(76288K)] 471449K->396100K(597504K), 0.0021364 secs] [Times: user=0.01 sys=0.00, real=0.00 secs] 
2489.818: [GC (Allocation Failure) [PSYoungGen: 76192K->1344K(75776K)] 470852K->396004K(596992K), 0.0021082 secs] [Times: user=0.01 sys=0.00, real=0.00 secs] 
2490.126: [GC (Allocation Failure) [PSYoungGen: 75584K->1392K(75264K)] 470244K->396052K(596480K), 0.0021380 secs] [Times: user=0.00 sys=0.00, real=0.00 secs] 
2490.467: [GC (Allocation Failure) [PSYoungGen: 74978K->256K(74752K)] 469638K->394916K(595968K), 0.0031187 secs] [Times: user=0.01 sys=0.00, real=0.00 secs] 
2490.703: [GC (Allocation Failure) [PSYoungGen: 73472K->1533K(74240K)] 468132K->396193K(595456K), 0.0021317 secs] [Times: user=0.01 sys=0.00, real=0.00 secs] 
2490.842: [GC (Allocation Failure) [PSYoungGen: 74237K->1533K(73728K)] 468897K->396193K(594944K), 0.0018661 secs] [Times: user=0.01 sys=0.00, real=0.00 secs] 
2490.971: [GC (Allocation Failure) [PSYoungGen: 73725K->1501K(74240K)] 468385K->396161K(595456K), 0.0017851 secs] [Times: user=0.01 sys=0.00, real=0.00 secs] 
2491.421: [GC (Allocation Failure) [PSYoungGen: 73693K->1456K(79872K)] 468353K->396116K(601088K), 0.0039175 secs] [Times: user=0.01 sys=0.00, real=0.00 secs] 
2492.279: [GC (Allocation Failure) [PSYoungGen: 79792K->1360K(79360K)] 474452K->396028K(600576K), 0.0047823 secs] [Times: user=0.02 sys=0.00, real=0.00 secs] 
2493.114: [GC (Allocation Failure) [PSYoungGen: 79184K->1376K(78848K)] 473852K->396068K(600064K), 0.0032529 secs] [Times: user=0.02 sys=0.00, real=0.01 secs] 
2493.924: [GC (Allocation Failure) [PSYoungGen: 78688K->1376K(78336K)] 473380K->396068K(599552K), 0.0037449 secs] [Times: user=0.02 sys=0.00, real=0.01 secs] 
2494.288: [GC (Allocation Failure) [PSYoungGen: 78176K->1501K(77824K)] 472868K->396193K(599040K), 0.0023571 secs] [Times: user=0.01 sys=0.00, real=0.00 secs] 
2494.431: [GC (Allocation Failure) [PSYoungGen: 77789K->1501K(77312K)] 472481K->396193K(598528K), 0.0018368 secs] [Times: user=0.00 sys=0.00, real=0.00 secs] 
2494.564: [GC (Allocation Failure) [PSYoungGen: 77277K->1453K(76800K)] 471969K->396145K(598016K), 0.0018430 secs] [Times: user=0.01 sys=0.00, real=0.01 secs] 
2495.937: [GC (Allocation Failure) [PSYoungGen: 76717K->1408K(76288K)] 471409K->396100K(597504K), 0.0033314 secs] [Times: user=0.02 sys=0.00, real=0.00 secs] 
2496.611: [GC (Allocation Failure) [PSYoungGen: 76160K->1392K(75776K)] 470852K->396084K(596992K), 0.0025564 secs] [Times: user=0.01 sys=0.00, real=0.00 secs] 
2497.328: [GC (Allocation Failure) [PSYoungGen: 75632K->1376K(75264K)] 470324K->396068K(596480K), 0.0025971 secs] [Times: user=0.01 sys=0.00, real=0.00 secs] 
2497.941: [GC (Allocation Failure) [PSYoungGen: 75104K->1408K(74752K)] 469796K->396100K(595968K), 0.0032582 secs] [Times: user=0.01 sys=0.00, real=0.00 secs] 
2498.376: [GC (Allocation Failure) [PSYoungGen: 74624K->1533K(74240K)] 469316K->396225K(595456K), 0.0021791 secs] [Times: user=0.01 sys=0.00, real=0.00 secs] 
2498.522: [GC (Allocation Failure) [PSYoungGen: 74237K->1485K(73728K)] 468929K->396177K(594944K), 0.0019428 secs] [Times: user=0.00 sys=0.00, real=0.00 secs] 
2498.649: [GC (Allocation Failure) [PSYoungGen: 73677K->1536K(73728K)] 468369K->396228K(594944K), 0.0018891 secs] [Times: user=0.01 sys=0.00, real=0.00 secs] 
2498.776: [GC (Allocation Failure) [PSYoungGen: 72866K->224K(73728K)] 467558K->394916K(594944K), 0.0020247 secs] [Times: user=0.01 sys=0.00, real=0.00 secs] 
2499.951: [GC (Allocation Failure) [PSYoungGen: 72416K->1376K(73216K)] 467108K->396068K(594432K), 0.0022506 secs] [Times: user=0.01 sys=0.00, real=0.00 secs] 
2500.645: [GC (Allocation Failure) [PSYoungGen: 73056K->1408K(72704K)] 467748K->396100K(593920K), 0.0022984 secs] [Times: user=0.00 sys=0.00, real=0.01 secs] 
2501.072: [GC (Allocation Failure) [PSYoungGen: 72576K->1360K(72192K)] 467268K->396052K(593408K), 0.0025928 secs] [Times: user=0.01 sys=0.00, real=0.00 secs] 
2501.517: [GC (Allocation Failure) [PSYoungGen: 72016K->1501K(71680K)] 466708K->396193K(592896K), 0.0022426 secs] [Times: user=0.01 sys=0.00, real=0.00 secs] 
2501.652: [GC (Allocation Failure) [PSYoungGen: 71619K->1501K(71168K)] 466311K->396193K(592384K), 0.0018960 secs] [Times: user=0.01 sys=0.00, real=0.00 secs] 
2501.776: [GC (Allocation Failure) [PSYoungGen: 71133K->1469K(70656K)] 465825K->396161K(591872K), 0.0018946 secs] [Times: user=0.01 sys=0.00, real=0.00 secs] 
2501.897: [GC (Allocation Failure) [PSYoungGen: 70589K->1517K(71168K)] 465281K->396209K(592384K), 0.0018868 secs] [Times: user=0.01 sys=0.00, real=0.00 secs] 
2502.195: [GC (Allocation Failure) [PSYoungGen: 70637K->1472K(70144K)] 465329K->396164K(591360K), 0.0018524 secs] [Times: user=0.01 sys=0.00, real=0.01 secs] 
2502.948: [GC (Allocation Failure) [PSYoungGen: 70080K->1344K(69632K)] 464772K->396036K(590848K), 0.0022724 secs] [Times: user=0.00 sys=0.00, real=0.00 secs] 
2503.534: [GC (Allocation Failure) [PSYoungGen: 69440K->1344K(69120K)] 464132K->396052K(590336K), 0.0027887 secs] [Times: user=0.01 sys=0.00, real=0.01 secs] 
2504.138: [GC (Allocation Failure) [PSYoungGen: 68928K->1408K(68608K)] 463636K->396116K(589824K), 0.0034754 secs] [Times: user=0.01 sys=0.00, real=0.00 secs] 
2504.709: [GC (Allocation Failure) [PSYoungGen: 68480K->1501K(68096K)] 463188K->396209K(589312K), 0.0027909 secs] [Times: user=0.01 sys=0.00, real=0.00 secs] 
2504.870: [GC (Allocation Failure) [PSYoungGen: 68061K->1533K(67584K)] 462769K->396241K(588800K), 0.0016651 secs] [Times: user=0.00 sys=0.00, real=0.00 secs] 
2504.986: [GC (Allocation Failure) [PSYoungGen: 67581K->1533K(67072K)] 462289K->396241K(588288K), 0.0017686 secs] [Times: user=0.01 sys=0.00, real=0.00 secs] 
2505.103: [GC (Allocation Failure) [PSYoungGen: 67069K->1533K(73728K)] 461777K->396249K(594944K), 0.0017860 secs] [Times: user=0.01 sys=0.00, real=0.00 secs] 
2506.343: [GC (Allocation Failure) [PSYoungGen: 73213K->1456K(72704K)] 467929K->396172K(593920K), 0.0053785 secs] [Times: user=0.02 sys=0.00, real=0.01 secs] 
2507.665: [GC (Allocation Failure) [PSYoungGen: 72624K->1424K(72192K)] 467340K->396140K(593408K), 0.0031264 secs] [Times: user=0.02 sys=0.00, real=0.01 secs] 
2507.958: [GC (Allocation Failure) [PSYoungGen: 72080K->1360K(71680K)] 466796K->396076K(592896K), 0.0024491 secs] [Times: user=0.00 sys=0.00, real=0.00 secs] 
2508.398: [GC (Allocation Failure) [PSYoungGen: 71504K->1424K(71168K)] 466220K->396140K(592384K), 0.0023676 secs] [Times: user=0.01 sys=0.00, real=0.00 secs] 
2508.856: [GC (Allocation Failure) [PSYoungGen: 71056K->1469K(70656K)] 465772K->396185K(591872K), 0.0025127 secs] [Times: user=0.01 sys=0.00, real=0.00 secs] 
2508.989: [GC (Allocation Failure) [PSYoungGen: 70589K->1533K(70144K)] 465305K->396249K(591360K), 0.0018441 secs] [Times: user=0.01 sys=0.00, real=0.00 secs] 
2509.109: [GC (Allocation Failure) [PSYoungGen: 70114K->1501K(70656K)] 464830K->396217K(591872K), 0.0019650 secs] [Times: user=0.00 sys=0.00, real=0.00 secs] 
2509.229: [GC (Allocation Failure) [PSYoungGen: 70109K->1533K(70656K)] 464825K->396265K(591872K), 0.0017452 secs] [Times: user=0.01 sys=0.00, real=0.00 secs] 
2510.248: [GC (Allocation Failure) [PSYoungGen: 70141K->1472K(69632K)] 464873K->396204K(590848K), 0.0049630 secs] [Times: user=0.02 sys=0.00, real=0.00 secs] 
2510.883: [GC (Allocation Failure) [PSYoungGen: 69568K->1376K(69120K)] 464300K->396108K(590336K), 0.0028259 secs] [Times: user=0.01 sys=0.00, real=0.01 secs] 
2511.512: [GC (Allocation Failure) [PSYoungGen: 68960K->1408K(68608K)] 463692K->396140K(589824K), 0.0027391 secs] [Times: user=0.01 sys=0.00, real=0.00 secs] 
2512.081: [GC (Allocation Failure) [PSYoungGen: 68480K->1408K(68096K)] 463212K->396140K(589312K), 0.0040438 secs] [Times: user=0.02 sys=0.01, real=0.01 secs] 
2512.566: [GC (Allocation Failure) [PSYoungGen: 67968K->1440K(67584K)] 462700K->396172K(588800K), 0.0029082 secs] [Times: user=0.01 sys=0.00, real=0.00 secs] 
2512.728: [GC (Allocation Failure) [PSYoungGen: 67488K->1501K(67072K)] 462220K->396233K(588288K), 0.0017502 secs] [Times: user=0.01 sys=0.00, real=0.00 secs] 
2512.844: [GC (Allocation Failure) [PSYoungGen: 67037K->1533K(66560K)] 461769K->396289K(587776K), 0.0017663 secs] [Times: user=0.00 sys=0.00, real=0.01 secs] 
2512.958: [GC (Allocation Failure) [PSYoungGen: 66557K->1485K(73216K)] 461313K->396273K(594432K), 0.0018469 secs] [Times: user=0.00 sys=0.00, real=0.00 secs] 
2513.504: [GC (Allocation Failure) [PSYoungGen: 72653K->1472K(72192K)] 467441K->396260K(593408K), 0.0022329 secs] [Times: user=0.01 sys=0.00, real=0.01 secs] 
2514.210: [GC (Allocation Failure) [PSYoungGen: 72128K->1408K(71680K)] 466916K->396196K(592896K), 0.0040235 secs] [Times: user=0.02 sys=0.00, real=0.00 secs] 
2514.828: [GC (Allocation Failure) [PSYoungGen: 71552K->1392K(71168K)] 466340K->396180K(592384K), 0.0036768 secs] [Times: user=0.02 sys=0.00, real=0.00 secs] 
2515.267: [GC (Allocation Failure) [PSYoungGen: 71024K->1344K(70656K)] 465812K->396132K(591872K), 0.0026447 secs] [Times: user=0.02 sys=0.00, real=0.00 secs] 
2515.561: [GC (Allocation Failure) [PSYoungGen: 70464K->1469K(70144K)] 465252K->396257K(591360K), 0.0022295 secs] [Times: user=0.01 sys=0.00, real=0.00 secs] 
2515.686: [GC (Allocation Failure) [PSYoungGen: 70077K->1533K(69632K)] 464865K->396321K(590848K), 0.0018549 secs] [Times: user=0.01 sys=0.00, real=0.00 secs] 
2515.806: [GC (Allocation Failure) [PSYoungGen: 69629K->1533K(70144K)] 464417K->396321K(591360K), 0.0017941 secs] [Times: user=0.01 sys=0.00, real=0.00 secs] 
2515.943: [GC (Allocation Failure) [PSYoungGen: 69629K->1485K(70144K)] 464417K->396289K(591360K), 0.0020843 secs] [Times: user=0.01 sys=0.00, real=0.01 secs] 
2516.458: [GC (Allocation Failure) [PSYoungGen: 69581K->1424K(69120K)] 464385K->396228K(590336K), 0.0021051 secs] [Times: user=0.00 sys=0.01, real=0.00 secs] 
2517.034: [GC (Allocation Failure) [PSYoungGen: 69008K->1456K(68608K)] 463812K->396260K(589824K), 0.0025476 secs] [Times: user=0.00 sys=0.01, real=0.01 secs] 
2517.314: [GC (Allocation Failure) [PSYoungGen: 68528K->1392K(68096K)] 463332K->396196K(589312K), 0.0025364 secs] [Times: user=0.01 sys=0.00, real=0.01 secs] 
2517.635: [GC (Allocation Failure) [PSYoungGen: 67952K->1408K(67584K)] 462756K->396212K(588800K), 0.0027005 secs] [Times: user=0.01 sys=0.00, real=0.01 secs] 
2517.935: [GC (Allocation Failure) [PSYoungGen: 67456K->1533K(67072K)] 462260K->396337K(588288K), 0.0021427 secs] [Times: user=0.00 sys=0.00, real=0.01 secs] 
2518.057: [GC (Allocation Failure) [PSYoungGen: 67069K->1469K(66560K)] 461873K->396273K(587776K), 0.0019084 secs] [Times: user=0.00 sys=0.00, real=0.00 secs] 
2518.172: [GC (Allocation Failure) [PSYoungGen: 66493K->1472K(72704K)] 461297K->396276K(593920K), 0.0017239 secs] [Times: user=0.00 sys=0.00, real=0.00 secs] 
2518.298: [GC (Allocation Failure) [PSYoungGen: 72640K->1469K(73216K)] 467444K->396289K(594432K), 0.0018156 secs] [Times: user=0.01 sys=0.00, real=0.00 secs] 
2518.964: [GC (Allocation Failure) [PSYoungGen: 72637K->1440K(72192K)] 467457K->396260K(593408K), 0.0024177 secs] [Times: user=0.01 sys=0.00, real=0.01 secs] 
2519.659: [GC (Allocation Failure) [PSYoungGen: 72096K->1376K(71680K)] 466916K->396196K(592896K), 0.0033280 secs] [Times: user=0.01 sys=0.00, real=0.00 secs] 
2520.178: [GC (Allocation Failure) [PSYoungGen: 71520K->1408K(71168K)] 466340K->396228K(592384K), 0.0031207 secs] [Times: user=0.02 sys=0.00, real=0.00 secs] 
2520.717: [GC (Allocation Failure) [PSYoungGen: 71040K->1376K(70656K)] 465860K->396196K(591872K), 0.0027268 secs] [Times: user=0.01 sys=0.00, real=0.00 secs] 
2521.040: [GC (Allocation Failure) [PSYoungGen: 70496K->1456K(70144K)] 465316K->396276K(591360K), 0.0018246 secs] [Times: user=0.00 sys=0.00, real=0.00 secs] 
2521.161: [GC (Allocation Failure) [PSYoungGen: 70064K->1469K(69632K)] 464884K->396289K(590848K), 0.0018260 secs] [Times: user=0.00 sys=0.00, real=0.00 secs] 
2521.282: [GC (Allocation Failure) [PSYoungGen: 69565K->1501K(75776K)] 464385K->396321K(596992K), 0.0018441 secs] [Times: user=0.01 sys=0.00, real=0.00 secs] 
2521.414: [GC (Allocation Failure) [PSYoungGen: 75378K->224K(76288K)] 470198K->395044K(597504K), 0.0017201 secs] [Times: user=0.01 sys=0.00, real=0.01 secs] 
2522.656: [GC (Allocation Failure) [PSYoungGen: 74464K->1392K(75264K)] 469284K->396212K(596480K), 0.0043631 secs] [Times: user=0.02 sys=0.01, real=0.00 secs] 
2523.410: [GC (Allocation Failure) [PSYoungGen: 75120K->1344K(74752K)] 469940K->396180K(595968K), 0.0030775 secs] [Times: user=0.01 sys=0.00, real=0.00 secs] 
2524.508: [GC (Allocation Failure) [PSYoungGen: 74560K->1344K(74240K)] 469396K->396180K(595456K), 0.0037587 secs] [Times: user=0.01 sys=0.00, real=0.00 secs] 
2525.555: [GC (Allocation Failure) [PSYoungGen: 74034K->1469K(73728K)] 468870K->396305K(594944K), 0.0037742 secs] [Times: user=0.01 sys=0.01, real=0.00 secs] 
2525.766: [GC (Allocation Failure) [PSYoungGen: 73661K->1501K(73216K)] 468497K->396337K(594432K), 0.0017661 secs] [Times: user=0.01 sys=0.00, real=0.00 secs] 
2525.892: [GC (Allocation Failure) [PSYoungGen: 73172K->1453K(72704K)] 468008K->396289K(593920K), 0.0019296 secs] [Times: user=0.01 sys=0.00, real=0.00 secs] 
2526.018: [GC (Allocation Failure) [PSYoungGen: 72621K->1485K(78848K)] 467457K->396321K(600064K), 0.0017887 secs] [Times: user=0.01 sys=0.00, real=0.00 secs] 
2526.883: [GC (Allocation Failure) [PSYoungGen: 78797K->1440K(78336K)] 473633K->396276K(599552K), 0.0024962 secs] [Times: user=0.01 sys=0.00, real=0.01 secs] 
2527.234: [GC (Allocation Failure) [PSYoungGen: 78240K->1376K(77824K)] 473076K->396212K(599040K), 0.0022697 secs] [Times: user=0.00 sys=0.00, real=0.01 secs] 
2527.555: [GC (Allocation Failure) [PSYoungGen: 77664K->1392K(77312K)] 472500K->396228K(598528K), 0.0023928 secs] [Times: user=0.01 sys=0.00, real=0.01 secs] 
2528.040: [GC (Allocation Failure) [PSYoungGen: 77168K->1376K(76800K)] 472004K->396212K(598016K), 0.0023292 secs] [Times: user=0.01 sys=0.00, real=0.00 secs] 
2528.239: [GC (Allocation Failure) [PSYoungGen: 76640K->1517K(76288K)] 471476K->396353K(597504K), 0.0019071 secs] [Times: user=0.00 sys=0.00, real=0.00 secs] 
2528.370: [GC (Allocation Failure) [PSYoungGen: 76269K->1517K(75776K)] 471105K->396353K(596992K), 0.0019213 secs] [Times: user=0.01 sys=0.01, real=0.00 secs] 
2528.501: [GC (Allocation Failure) [PSYoungGen: 75757K->1533K(76288K)] 470593K->396369K(597504K), 0.0018516 secs] [Times: user=0.00 sys=0.00, real=0.00 secs] 
2529.317: [GC (Allocation Failure) [PSYoungGen: 75773K->1440K(75264K)] 470609K->396276K(596480K), 0.0038840 secs] [Times: user=0.02 sys=0.00, real=0.00 secs] 
2530.157: [GC (Allocation Failure) [PSYoungGen: 75168K->1392K(74752K)] 470004K->396228K(595968K), 0.0033518 secs] [Times: user=0.02 sys=0.00, real=0.00 secs] 
2530.923: [GC (Allocation Failure) [PSYoungGen: 74608K->1408K(74240K)] 469444K->396244K(595456K), 0.0032591 secs] [Times: user=0.01 sys=0.00, real=0.01 secs] 
2531.634: [GC (Allocation Failure) [PSYoungGen: 74112K->1392K(73728K)] 468948K->396228K(594944K), 0.0049249 secs] [Times: user=0.02 sys=0.01, real=0.01 secs] 
2532.144: [GC (Allocation Failure) [PSYoungGen: 73584K->1501K(73216K)] 468420K->396337K(594432K), 0.0023641 secs] [Times: user=0.01 sys=0.00, real=0.01 secs] 
2532.292: [GC (Allocation Failure) [PSYoungGen: 73181K->1501K(80384K)] 468017K->396337K(601600K), 0.0048396 secs] [Times: user=0.02 sys=0.00, real=0.01 secs] 
2532.434: [GC (Allocation Failure) [PSYoungGen: 79837K->1501K(80896K)] 474673K->396337K(602112K), 0.0018807 secs] [Times: user=0.01 sys=0.01, real=0.01 secs] 
2532.644: [GC (Allocation Failure) [PSYoungGen: 80349K->1504K(80896K)] 475185K->396340K(602112K), 0.0018727 secs] [Times: user=0.01 sys=0.00, real=0.01 secs] 
2532.971: [GC (Allocation Failure) [PSYoungGen: 80352K->1376K(87040K)] 475188K->396212K(608256K), 0.0020089 secs] [Times: user=0.01 sys=0.00, real=0.00 secs] 
2533.327: [GC (Allocation Failure) [PSYoungGen: 86880K->1408K(86528K)] 481716K->396268K(607744K), 0.0020425 secs] [Times: user=0.01 sys=0.00, real=0.00 secs] 
2533.740: [GC (Allocation Failure) [PSYoungGen: 86400K->1376K(86016K)] 481260K->396252K(607232K), 0.0029529 secs] [Times: user=0.01 sys=0.00, real=0.00 secs] 
2534.107: [GC (Allocation Failure) [PSYoungGen: 85856K->1517K(85504K)] 480732K->396393K(606720K), 0.0018791 secs] [Times: user=0.00 sys=0.00, real=0.00 secs] 
2534.254: [GC (Allocation Failure) [PSYoungGen: 85485K->1501K(84992K)] 480361K->396377K(606208K), 0.0018807 secs] [Times: user=0.01 sys=0.00, real=0.01 secs] 
2534.401: [GC (Allocation Failure) [PSYoungGen: 84957K->1469K(84480K)] 479833K->396345K(605696K), 0.0018369 secs] [Times: user=0.00 sys=0.00, real=0.00 secs] 
2535.026: [GC (Allocation Failure) [PSYoungGen: 84413K->1456K(83968K)] 479289K->396332K(605184K), 0.0021996 secs] [Times: user=0.01 sys=0.00, real=0.00 secs] 
2535.748: [GC (Allocation Failure) [PSYoungGen: 83888K->1376K(83456K)] 478764K->396260K(604672K), 0.0038561 secs] [Times: user=0.02 sys=0.00, real=0.00 secs] 
2536.424: [GC (Allocation Failure) [PSYoungGen: 83296K->1376K(82944K)] 478180K->396268K(604160K), 0.0038875 secs] [Times: user=0.01 sys=0.01, real=0.01 secs] 
2536.985: [GC (Allocation Failure) [PSYoungGen: 82784K->1533K(82432K)] 477676K->396425K(603648K), 0.0026430 secs] [Times: user=0.01 sys=0.00, real=0.00 secs] 
2537.168: [GC (Allocation Failure) [PSYoungGen: 82429K->1533K(81920K)] 477321K->396425K(603136K), 0.0019007 secs] [Times: user=0.01 sys=0.00, real=0.00 secs] 
2537.312: [GC (Allocation Failure) [PSYoungGen: 81917K->1469K(81408K)] 476809K->396361K(602624K), 0.0018700 secs] [Times: user=0.01 sys=0.00, real=0.00 secs] 
2537.531: [GC (Allocation Failure) [PSYoungGen: 81341K->1952K(81408K)] 476233K->396844K(602624K), 0.0018726 secs] [Times: user=0.01 sys=0.00, real=0.00 secs] 
2537.944: [GC (Allocation Failure) [PSYoungGen: 81312K->1424K(80384K)] 476204K->396316K(601600K), 0.0022601 secs] [Times: user=0.01 sys=0.00, real=0.01 secs] 
2538.553: [GC (Allocation Failure) [PSYoungGen: 80272K->1376K(79872K)] 475164K->396276K(601088K), 0.0047464 secs] [Times: user=0.02 sys=0.00, real=0.01 secs] 
2539.422: [GC (Allocation Failure) [PSYoungGen: 79712K->1408K(79360K)] 474612K->396308K(600576K), 0.0039399 secs] [Times: user=0.01 sys=0.00, real=0.01 secs] 
2540.069: [GC (Allocation Failure) [PSYoungGen: 79232K->1501K(78848K)] 474132K->396401K(600064K), 0.0022610 secs] [Times: user=0.01 sys=0.00, real=0.00 secs] 
2540.218: [GC (Allocation Failure) [PSYoungGen: 78813K->1469K(78336K)] 473713K->396369K(599552K), 0.0019138 secs] [Times: user=0.01 sys=0.00, real=0.00 secs] 
2540.353: [GC (Allocation Failure) [PSYoungGen: 78269K->1533K(77824K)] 473169K->396433K(599040K), 0.0018752 secs] [Times: user=0.01 sys=0.00, real=0.00 secs] 
2540.785: [GC (Allocation Failure) [PSYoungGen: 77821K->1408K(77312K)] 472721K->396308K(598528K), 0.0025062 secs] [Times: user=0.01 sys=0.00, real=0.01 secs] 
2541.897: [GC (Allocation Failure) [PSYoungGen: 77184K->1408K(76800K)] 472084K->396308K(598016K), 0.0051264 secs] [Times: user=0.02 sys=0.00, real=0.00 secs] 
2543.146: [GC (Allocation Failure) [PSYoungGen: 76672K->1408K(76288K)] 471572K->396308K(597504K), 0.0049667 secs] [Times: user=0.01 sys=0.00, real=0.00 secs] 
2543.918: [GC (Allocation Failure) [PSYoungGen: 76160K->1376K(75776K)] 471060K->396276K(596992K), 0.0031264 secs] [Times: user=0.02 sys=0.00, real=0.00 secs] 
2544.360: [GC (Allocation Failure) [PSYoungGen: 75616K->1533K(75264K)] 470516K->396433K(596480K), 0.0023620 secs] [Times: user=0.01 sys=0.00, real=0.00 secs] 
2544.501: [GC (Allocation Failure) [PSYoungGen: 75261K->1501K(74752K)] 470161K->396401K(595968K), 0.0017356 secs] [Times: user=0.00 sys=0.00, real=0.00 secs] 
2544.630: [GC (Allocation Failure) [PSYoungGen: 74717K->1485K(74240K)] 469617K->396385K(595456K), 0.0019527 secs] [Times: user=0.01 sys=0.00, real=0.00 secs] 
2544.760: [GC (Allocation Failure) [PSYoungGen: 74189K->1472K(74752K)] 469089K->396388K(595968K), 0.0017949 secs] [Times: user=0.01 sys=0.00, real=0.00 secs] 
2545.794: [GC (Allocation Failure) [PSYoungGen: 74688K->1392K(74240K)] 469604K->396308K(595456K), 0.0054436 secs] [Times: user=0.02 sys=0.00, real=0.01 secs] 
2546.559: [GC (Allocation Failure) [PSYoungGen: 74096K->1376K(73728K)] 469012K->396292K(594944K), 0.0038005 secs] [Times: user=0.02 sys=0.00, real=0.00 secs] 
2547.375: [GC (Allocation Failure) [PSYoungGen: 73568K->1376K(73216K)] 468484K->396292K(594432K), 0.0050058 secs] [Times: user=0.01 sys=0.00, real=0.01 secs] 
2548.373: [GC (Allocation Failure) [PSYoungGen: 73056K->1469K(72704K)] 467972K->396385K(593920K), 0.0036770 secs] [Times: user=0.02 sys=0.00, real=0.01 secs] 
2548.582: [GC (Allocation Failure) [PSYoungGen: 72637K->1533K(72192K)] 467553K->396449K(593408K), 0.0019994 secs] [Times: user=0.01 sys=0.00, real=0.00 secs] 
2548.728: [GC (Allocation Failure) [PSYoungGen: 72157K->1533K(71680K)] 467073K->396449K(592896K), 0.0021839 secs] [Times: user=0.01 sys=0.00, real=0.00 secs] 
2548.878: [GC (Allocation Failure) [PSYoungGen: 71677K->1536K(71680K)] 466593K->396452K(592896K), 0.0019341 secs] [Times: user=0.00 sys=0.01, real=0.00 secs] 
2549.582: [GC (Allocation Failure) [PSYoungGen: 71168K->1456K(70656K)] 466084K->396372K(591872K), 0.0031884 secs] [Times: user=0.01 sys=0.00, real=0.00 secs] 
2550.510: [GC (Allocation Failure) [PSYoungGen: 70576K->1408K(70144K)] 465492K->396324K(591360K), 0.0038650 secs] [Times: user=0.01 sys=0.00, real=0.00 secs] 
2551.566: [GC (Allocation Failure) [PSYoungGen: 70016K->1408K(69632K)] 464932K->396324K(590848K), 0.0050683 secs] [Times: user=0.03 sys=0.00, real=0.00 secs] 
2552.135: [GC (Allocation Failure) [PSYoungGen: 69504K->1376K(69120K)] 464420K->396292K(590336K), 0.0036844 secs] [Times: user=0.01 sys=0.00, real=0.01 secs] 
2552.571: [GC (Allocation Failure) [PSYoungGen: 68960K->1488K(68608K)] 463876K->396404K(589824K), 0.0023023 secs] [Times: user=0.01 sys=0.00, real=0.00 secs] 
2552.708: [GC (Allocation Failure) [PSYoungGen: 68548K->1504K(68096K)] 463464K->396420K(589312K), 0.0019671 secs] [Times: user=0.01 sys=0.00, real=0.00 secs] 
2552.827: [GC (Allocation Failure) [PSYoungGen: 68064K->1501K(67584K)] 462980K->396417K(588800K), 0.0018365 secs] [Times: user=0.01 sys=0.00, real=0.00 secs] 
2552.962: [GC (Allocation Failure) [PSYoungGen: 67549K->1533K(68608K)] 462465K->396449K(589824K), 0.0021506 secs] [Times: user=0.01 sys=0.00, real=0.00 secs] 
2553.412: [GC (Allocation Failure) [PSYoungGen: 68093K->1408K(67584K)] 463009K->396324K(588800K), 0.0022393 secs] [Times: user=0.01 sys=0.00, real=0.00 secs] 
2553.974: [GC (Allocation Failure) [PSYoungGen: 67456K->1344K(67072K)] 462372K->396260K(588288K), 0.0030601 secs] [Times: user=0.01 sys=0.00, real=0.01 secs] 
2554.270: [GC (Allocation Failure) [PSYoungGen: 66880K->1376K(66560K)] 461796K->396308K(587776K), 0.0025931 secs] [Times: user=0.01 sys=0.00, real=0.00 secs] 
2554.883: [GC (Allocation Failure) [PSYoungGen: 66400K->1376K(66048K)] 461332K->396308K(587264K), 0.0028918 secs] [Times: user=0.02 sys=0.00, real=0.01 secs] 
2555.673: [GC (Allocation Failure) [PSYoungGen: 65888K->1437K(65536K)] 460820K->396369K(586752K), 0.0036094 secs] [Times: user=0.02 sys=0.00, real=0.01 secs] 
2555.867: [GC (Allocation Failure) [PSYoungGen: 65437K->1533K(65024K)] 460369K->396465K(586240K), 0.0022981 secs] [Times: user=0.01 sys=0.00, real=0.00 secs] 
2555.982: [GC (Allocation Failure) [PSYoungGen: 65021K->1501K(64512K)] 459953K->396433K(585728K), 0.0017431 secs] [Times: user=0.01 sys=0.00, real=0.00 secs] 
2556.092: [GC (Allocation Failure) [PSYoungGen: 64477K->1485K(70656K)] 459409K->396433K(591872K), 0.0018324 secs] [Times: user=0.01 sys=0.00, real=0.00 secs] 
2556.348: [GC (Allocation Failure) [PSYoungGen: 70093K->1984K(71168K)] 465041K->396932K(592384K), 0.0022168 secs] [Times: user=0.00 sys=0.00, real=0.00 secs] 
2557.431: [GC (Allocation Failure) [PSYoungGen: 71104K->1376K(70144K)] 466052K->396324K(591360K), 0.0047302 secs] [Times: user=0.02 sys=0.00, real=0.01 secs] 
2558.026: [GC (Allocation Failure) [PSYoungGen: 69984K->1408K(69632K)] 464932K->396356K(590848K), 0.0027192 secs] [Times: user=0.01 sys=0.00, real=0.00 secs] 
2558.673: [GC (Allocation Failure) [PSYoungGen: 69504K->1376K(69120K)] 464452K->396324K(590336K), 0.0026388 secs] [Times: user=0.02 sys=0.00, real=0.01 secs] 
2559.412: [GC (Allocation Failure) [PSYoungGen: 68960K->256K(68608K)] 463908K->395204K(589824K), 0.0045622 secs] [Times: user=0.02 sys=0.00, real=0.01 secs] 
2559.638: [GC (Allocation Failure) [PSYoungGen: 67328K->1533K(68096K)] 462276K->396481K(589312K), 0.0023065 secs] [Times: user=0.01 sys=0.00, real=0.00 secs] 
2559.762: [GC (Allocation Failure) [PSYoungGen: 68093K->1501K(67584K)] 463041K->396449K(588800K), 0.0018128 secs] [Times: user=0.01 sys=0.00, real=0.00 secs] 
2559.879: [GC (Allocation Failure) [PSYoungGen: 67549K->1501K(68096K)] 462497K->396457K(589312K), 0.0018247 secs] [Times: user=0.01 sys=0.00, real=0.00 secs] 
2560.132: [GC (Allocation Failure) [PSYoungGen: 67549K->1952K(73728K)] 462505K->397420K(594944K), 0.0022502 secs] [Times: user=0.01 sys=0.00, real=0.00 secs] 
2560.805: [GC (Allocation Failure) [PSYoungGen: 73632K->1376K(72704K)] 469100K->396844K(593920K), 0.0040379 secs] [Times: user=0.01 sys=0.00, real=0.01 secs] 
2561.458: [GC (Allocation Failure) [PSYoungGen: 72544K->1376K(72192K)] 468012K->396844K(593408K), 0.0038278 secs] [Times: user=0.02 sys=0.01, real=0.00 secs] 
2562.023: [GC (Allocation Failure) [PSYoungGen: 72032K->1376K(71680K)] 467500K->396844K(592896K), 0.0031953 secs] [Times: user=0.01 sys=0.00, real=0.01 secs] 
2562.452: [GC (Allocation Failure) [PSYoungGen: 71520K->1469K(71168K)] 466988K->396937K(592384K), 0.0024336 secs] [Times: user=0.01 sys=0.00, real=0.00 secs] 
2562.587: [GC (Allocation Failure) [PSYoungGen: 71101K->1501K(70656K)] 466569K->396969K(591872K), 0.0018043 secs] [Times: user=0.00 sys=0.00, real=0.00 secs] 
2562.709: [GC (Allocation Failure) [PSYoungGen: 70621K->1501K(71168K)] 466089K->396969K(592384K), 0.0018209 secs] [Times: user=0.01 sys=0.00, real=0.00 secs] 
2562.831: [GC (Allocation Failure) [PSYoungGen: 70621K->1533K(71168K)] 466089K->397017K(592384K), 0.0017767 secs] [Times: user=0.01 sys=0.00, real=0.00 secs] 
2563.183: [GC (Allocation Failure) [PSYoungGen: 70653K->1408K(70144K)] 466137K->396900K(591360K), 0.0019496 secs] [Times: user=0.01 sys=0.00, real=0.01 secs] 
2563.468: [GC (Allocation Failure) [PSYoungGen: 70016K->1408K(69632K)] 465508K->396900K(590848K), 0.0021210 secs] [Times: user=0.01 sys=0.00, real=0.00 secs] 
2563.752: [GC (Allocation Failure) [PSYoungGen: 69504K->1408K(69120K)] 464996K->396900K(590336K), 0.0019146 secs] [Times: user=0.01 sys=0.00, real=0.00 secs] 
2564.032: [GC (Allocation Failure) [PSYoungGen: 68992K->1408K(68608K)] 464484K->396900K(589824K), 0.0022381 secs] [Times: user=0.01 sys=0.01, real=0.00 secs] 
2564.282: [GC (Allocation Failure) [PSYoungGen: 68467K->1533K(68096K)] 463959K->397025K(589312K), 0.0018196 secs] [Times: user=0.01 sys=0.00, real=0.00 secs] 
2564.400: [GC (Allocation Failure) [PSYoungGen: 68093K->1469K(67584K)] 463585K->396961K(588800K), 0.0018368 secs] [Times: user=0.01 sys=0.00, real=0.00 secs] 
2564.518: [GC (Allocation Failure) [PSYoungGen: 67517K->1533K(73728K)] 463009K->397025K(594944K), 0.0018731 secs] [Times: user=0.01 sys=0.00, real=0.00 secs] 
2564.645: [GC (Allocation Failure) [PSYoungGen: 73725K->1533K(74240K)] 469217K->397041K(595456K), 0.0018687 secs] [Times: user=0.01 sys=0.00, real=0.01 secs] 
2566.158: [GC (Allocation Failure) [PSYoungGen: 73725K->1456K(73216K)] 469233K->396964K(594432K), 0.0043818 secs] [Times: user=0.01 sys=0.00, real=0.00 secs] 
2566.814: [GC (Allocation Failure) [PSYoungGen: 73136K->1376K(72704K)] 468644K->396884K(593920K), 0.0031004 secs] [Times: user=0.01 sys=0.00, real=0.01 secs] 
2567.420: [GC (Allocation Failure) [PSYoungGen: 72544K->1408K(72192K)] 468052K->396924K(593408K), 0.0029852 secs] [Times: user=0.02 sys=0.00, real=0.00 secs] 
2567.850: [GC (Allocation Failure) [PSYoungGen: 72064K->1344K(71680K)] 467580K->396860K(592896K), 0.0056735 secs] [Times: user=0.01 sys=0.00, real=0.01 secs] 
2568.100: [GC (Allocation Failure) [PSYoungGen: 71488K->1437K(71168K)] 467004K->396953K(592384K), 0.0017779 secs] [Times: user=0.00 sys=0.00, real=0.00 secs] 
2568.223: [GC (Allocation Failure) [PSYoungGen: 71069K->1453K(70656K)] 466585K->396969K(591872K), 0.0018266 secs] [Times: user=0.01 sys=0.00, real=0.00 secs] 
2568.346: [GC (Allocation Failure) [PSYoungGen: 70573K->1501K(76800K)] 466089K->397017K(598016K), 0.0018019 secs] [Times: user=0.00 sys=0.00, real=0.00 secs] 
2568.478: [GC (Allocation Failure) [PSYoungGen: 76765K->1501K(77824K)] 472281K->397033K(599040K), 0.0018477 secs] [Times: user=0.01 sys=0.00, real=0.00 secs] 
2569.114: [GC (Allocation Failure) [PSYoungGen: 77277K->1376K(76800K)] 472809K->396908K(598016K), 0.0022289 secs] [Times: user=0.01 sys=0.00, real=0.01 secs] 
2569.911: [GC (Allocation Failure) [PSYoungGen: 76640K->1392K(76288K)] 472172K->396924K(597504K), 0.0023580 secs] [Times: user=0.01 sys=0.00, real=0.00 secs] 
2570.691: [GC (Allocation Failure) [PSYoungGen: 76144K->1360K(75776K)] 471676K->396892K(596992K), 0.0023306 secs] [Times: user=0.01 sys=0.01, real=0.00 secs] 
2571.432: [GC (Allocation Failure) [PSYoungGen: 75600K->1469K(75264K)] 471132K->397001K(596480K), 0.0027169 secs] [Times: user=0.01 sys=0.00, real=0.00 secs] 
2571.596: [GC (Allocation Failure) [PSYoungGen: 75197K->1533K(74752K)] 470729K->397065K(595968K), 0.0018396 secs] [Times: user=0.01 sys=0.00, real=0.00 secs] 
2571.724: [GC (Allocation Failure) [PSYoungGen: 74749K->1488K(74240K)] 470281K->397020K(595456K), 0.0018816 secs] [Times: user=0.00 sys=0.00, real=0.01 secs] 
2571.853: [GC (Allocation Failure) [PSYoungGen: 74192K->1501K(80896K)] 469724K->397033K(602112K), 0.0018534 secs] [Times: user=0.00 sys=0.00, real=0.00 secs] 
2573.379: [GC (Allocation Failure) [PSYoungGen: 80861K->1424K(80384K)] 476393K->396956K(601600K), 0.0049161 secs] [Times: user=0.02 sys=0.00, real=0.00 secs] 
2574.076: [GC (Allocation Failure) [PSYoungGen: 80272K->1376K(79872K)] 475804K->396908K(601088K), 0.0026315 secs] [Times: user=0.01 sys=0.00, real=0.00 secs] 
2575.040: [GC (Allocation Failure) [PSYoungGen: 79712K->1376K(79360K)] 475244K->396932K(600576K), 0.0040924 secs] [Times: user=0.01 sys=0.00, real=0.00 secs] 
2576.018: [GC (Allocation Failure) [PSYoungGen: 79199K->1440K(78848K)] 474756K->396996K(600064K), 0.0046956 secs] [Times: user=0.02 sys=0.00, real=0.00 secs] 
2576.262: [GC (Allocation Failure) [PSYoungGen: 78752K->1501K(78336K)] 474308K->397057K(599552K), 0.0019804 secs] [Times: user=0.01 sys=0.00, real=0.00 secs] 
2576.397: [GC (Allocation Failure) [PSYoungGen: 78301K->1533K(77824K)] 473857K->397089K(599040K), 0.0018926 secs] [Times: user=0.01 sys=0.00, real=0.00 secs] 
2576.532: [GC (Allocation Failure) [PSYoungGen: 77821K->1469K(77312K)] 473377K->397025K(598528K), 0.0019259 secs] [Times: user=0.01 sys=0.00, real=0.00 secs] 
2576.848: [GC (Allocation Failure) [PSYoungGen: 77245K->1440K(76800K)] 472801K->396996K(598016K), 0.0021040 secs] [Times: user=0.01 sys=0.00, real=0.00 secs] 
2577.191: [GC (Allocation Failure) [PSYoungGen: 76704K->1344K(76288K)] 472260K->396908K(597504K), 0.0020005 secs] [Times: user=0.01 sys=0.00, real=0.00 secs] 
2577.501: [GC (Allocation Failure) [PSYoungGen: 76096K->1344K(75776K)] 471660K->396908K(596992K), 0.0020896 secs] [Times: user=0.01 sys=0.00, real=0.00 secs] 
2578.077: [GC (Allocation Failure) [PSYoungGen: 75584K->1408K(75264K)] 471148K->396972K(596480K), 0.0073966 secs] [Times: user=0.03 sys=0.00, real=0.00 secs] 
2578.335: [GC (Allocation Failure) [PSYoungGen: 75136K->1549K(75264K)] 470700K->397113K(596480K), 0.0022654 secs] [Times: user=0.01 sys=0.00, real=0.01 secs] 
2578.481: [GC (Allocation Failure) [PSYoungGen: 74765K->1501K(74240K)] 470329K->397065K(595456K), 0.0019157 secs] [Times: user=0.01 sys=0.01, real=0.00 secs] 
2578.610: [GC (Allocation Failure) [PSYoungGen: 74205K->1501K(74752K)] 469769K->397065K(595968K), 0.0019790 secs] [Times: user=0.01 sys=0.00, real=0.00 secs] 
2579.030: [GC (Allocation Failure) [PSYoungGen: 74717K->1472K(75264K)] 470281K->397036K(596480K), 0.0037747 secs] [Times: user=0.01 sys=0.00, real=0.00 secs] 
2579.846: [GC (Allocation Failure) [PSYoungGen: 74688K->1408K(74240K)] 470252K->396980K(595456K), 0.0035348 secs] [Times: user=0.01 sys=0.00, real=0.00 secs] 
2580.601: [GC (Allocation Failure) [PSYoungGen: 74112K->1344K(73728K)] 469684K->396916K(594944K), 0.0029843 secs] [Times: user=0.01 sys=0.00, real=0.00 secs] 
2581.336: [GC (Allocation Failure) [PSYoungGen: 73536K->1440K(73216K)] 469108K->397012K(594432K), 0.0046021 secs] [Times: user=0.02 sys=0.00, real=0.00 secs] 
2581.932: [GC (Allocation Failure) [PSYoungGen: 73120K->1533K(72704K)] 468692K->397105K(593920K), 0.0024961 secs] [Times: user=0.01 sys=0.00, real=0.00 secs] 
2582.084: [GC (Allocation Failure) [PSYoungGen: 72701K->1501K(72192K)] 468273K->397073K(593408K), 0.0018598 secs] [Times: user=0.01 sys=0.01, real=0.01 secs] 
2582.209: [GC (Allocation Failure) [PSYoungGen: 72157K->1501K(71680K)] 467729K->397073K(592896K), 0.0019004 secs] [Times: user=0.00 sys=0.00, real=0.00 secs] 
2582.332: [GC (Allocation Failure) [PSYoungGen: 71645K->1533K(77824K)] 467217K->397105K(599040K), 0.0018209 secs] [Times: user=0.01 sys=0.00, real=0.00 secs] 
2583.747: [GC (Allocation Failure) [PSYoungGen: 77821K->1408K(77312K)] 473393K->396980K(598528K), 0.0041420 secs] [Times: user=0.02 sys=0.00, real=0.00 secs] 
2584.608: [GC (Allocation Failure) [PSYoungGen: 77184K->1392K(76800K)] 472756K->396988K(598016K), 0.0038824 secs] [Times: user=0.01 sys=0.00, real=0.00 secs] 
2585.490: [GC (Allocation Failure) [PSYoungGen: 76656K->1312K(76288K)] 472252K->396908K(597504K), 0.0038802 secs] [Times: user=0.01 sys=0.00, real=0.00 secs] 
2586.067: [GC (Allocation Failure) [PSYoungGen: 76064K->1485K(75776K)] 471660K->397081K(596992K), 0.0025828 secs] [Times: user=0.01 sys=0.00, real=0.00 secs] 
2586.226: [GC (Allocation Failure) [PSYoungGen: 75725K->1469K(75264K)] 471321K->397065K(596480K), 0.0018712 secs] [Times: user=0.01 sys=0.01, real=0.00 secs] 
2586.355: [GC (Allocation Failure) [PSYoungGen: 75197K->1469K(74752K)] 470793K->397065K(595968K), 0.0018155 secs] [Times: user=0.01 sys=0.00, real=0.01 secs] 
2586.484: [GC (Allocation Failure) [PSYoungGen: 74685K->1501K(75264K)] 470281K->397097K(596480K), 0.0018707 secs] [Times: user=0.01 sys=0.00, real=0.01 secs] 
2587.476: [GC (Allocation Failure) [PSYoungGen: 74717K->1472K(81920K)] 470313K->397068K(603136K), 0.0426949 secs] [Times: user=0.15 sys=0.06, real=0.04 secs] 
2588.603: [GC (Allocation Failure) [PSYoungGen: 81344K->1376K(81920K)] 476940K->396972K(603136K), 0.0033847 secs] [Times: user=0.01 sys=0.01, real=0.01 secs] 
2589.429: [GC (Allocation Failure) [PSYoungGen: 81248K->1344K(89088K)] 476844K->396940K(610304K), 0.0047331 secs] [Times: user=0.02 sys=0.00, real=0.00 secs] 
2590.118: [GC (Allocation Failure) [PSYoungGen: 88896K->1533K(89600K)] 484492K->397129K(610816K), 0.0026426 secs] [Times: user=0.01 sys=0.01, real=0.00 secs] 
2590.373: [GC (Allocation Failure) [PSYoungGen: 89085K->1533K(88576K)] 484681K->397129K(609792K), 0.0023304 secs] [Times: user=0.01 sys=0.00, real=0.01 secs] 
2590.538: [GC (Allocation Failure) [PSYoungGen: 88573K->1533K(96768K)] 484169K->397129K(617984K), 0.0018689 secs] [Times: user=0.01 sys=0.00, real=0.00 secs] 
2590.797: [GC (Allocation Failure) [PSYoungGen: 96253K->1408K(96768K)] 491849K->397004K(617984K), 0.0027018 secs] [Times: user=0.02 sys=0.00, real=0.00 secs] 
2591.191: [GC (Allocation Failure) [PSYoungGen: 96128K->1376K(95232K)] 491724K->396972K(616448K), 0.0024087 secs] [Times: user=0.01 sys=0.00, real=0.00 secs] 
2591.505: [GC (Allocation Failure) [PSYoungGen: 95072K->1533K(94208K)] 490668K->397129K(615424K), 0.0018722 secs] [Times: user=0.01 sys=0.00, real=0.01 secs] 
2591.630: [GC (Allocation Failure) [PSYoungGen: 94205K->1533K(95744K)] 489801K->397129K(616960K), 0.0021264 secs] [Times: user=0.01 sys=0.00, real=0.00 secs] 
2591.777: [GC (Allocation Failure) [PSYoungGen: 95229K->1504K(102912K)] 490825K->397100K(624128K), 0.0023214 secs] [Times: user=0.01 sys=0.00, real=0.00 secs] 
2593.726: [GC (Allocation Failure) [PSYoungGen: 102368K->1440K(101376K)] 497964K->397036K(622592K), 0.0041243 secs] [Times: user=0.02 sys=0.00, real=0.00 secs] 
2594.708: [GC (Allocation Failure) [PSYoungGen: 101280K->1376K(100352K)] 496876K->396972K(621568K), 0.0034579 secs] [Times: user=0.01 sys=0.00, real=0.00 secs] 
2595.208: [GC (Allocation Failure) [PSYoungGen: 100192K->1376K(99328K)] 495788K->396972K(620544K), 0.0023266 secs] [Times: user=0.01 sys=0.00, real=0.00 secs] 
2595.529: [GC (Allocation Failure) [PSYoungGen: 99168K->1533K(98304K)] 494764K->397161K(619520K), 0.0018586 secs] [Times: user=0.00 sys=0.00, real=0.00 secs] 
2595.699: [GC (Allocation Failure) [PSYoungGen: 98301K->1533K(97280K)] 493929K->397185K(618496K), 0.0019209 secs] [Times: user=0.01 sys=0.00, real=0.00 secs] 
2596.191: [GC (Allocation Failure) [PSYoungGen: 97277K->1472K(96256K)] 492929K->397124K(617472K), 0.0032769 secs] [Times: user=0.02 sys=0.00, real=0.00 secs] 
2597.463: [GC (Allocation Failure) [PSYoungGen: 96192K->1360K(95232K)] 491844K->397012K(616448K), 0.0032490 secs] [Times: user=0.01 sys=0.00, real=0.01 secs] 
2598.134: [GC (Allocation Failure) [PSYoungGen: 95056K->1376K(94208K)] 490708K->397028K(615424K), 0.0028000 secs] [Times: user=0.02 sys=0.00, real=0.01 secs] 
2599.004: [GC (Allocation Failure) [PSYoungGen: 94048K->1501K(93184K)] 489700K->397153K(614400K), 0.0037339 secs] [Times: user=0.02 sys=0.00, real=0.01 secs] 
2599.243: [GC (Allocation Failure) [PSYoungGen: 93149K->1485K(92160K)] 488801K->397137K(613376K), 0.0017497 secs] [Times: user=0.01 sys=0.00, real=0.00 secs] 
2599.430: [GC (Allocation Failure) [PSYoungGen: 92109K->1533K(91136K)] 487761K->397185K(612352K), 0.0023050 secs] [Times: user=0.01 sys=0.00, real=0.00 secs] 
2600.162: [GC (Allocation Failure) [PSYoungGen: 91133K->1472K(90112K)] 486785K->397124K(611328K), 0.0037102 secs] [Times: user=0.02 sys=0.00, real=0.01 secs] 
2601.892: [GC (Allocation Failure) [PSYoungGen: 90048K->1408K(89600K)] 485700K->397060K(610816K), 0.0046968 secs] [Times: user=0.02 sys=0.01, real=0.01 secs] 
2603.159: [GC (Allocation Failure) [PSYoungGen: 89472K->1392K(89088K)] 485124K->397044K(610304K), 0.0044294 secs] [Times: user=0.02 sys=0.00, real=0.00 secs] 
2604.007: [GC (Allocation Failure) [PSYoungGen: 88944K->1501K(88576K)] 484596K->397153K(609792K), 0.0033388 secs] [Times: user=0.01 sys=0.01, real=0.00 secs] 
2604.226: [GC (Allocation Failure) [PSYoungGen: 88541K->1533K(88064K)] 484193K->397185K(609280K), 0.0017981 secs] [Times: user=0.01 sys=0.00, real=0.00 secs] 
2604.378: [GC (Allocation Failure) [PSYoungGen: 88061K->1485K(87552K)] 483713K->397137K(608768K), 0.0019906 secs] [Times: user=0.01 sys=0.00, real=0.00 secs] 
2604.631: [GC (Allocation Failure) [PSYoungGen: 87501K->1472K(87040K)] 483153K->397636K(608256K), 0.0021033 secs] [Times: user=0.01 sys=0.00, real=0.00 secs] 
2607.426: [GC (Allocation Failure) [PSYoungGen: 86976K->1344K(86528K)] 483140K->397508K(607744K), 0.0050676 secs] [Times: user=0.02 sys=0.00, real=0.00 secs] 
2608.189: [GC (Allocation Failure) [PSYoungGen: 86336K->1344K(86016K)] 482500K->397508K(607232K), 0.0022645 secs] [Times: user=0.01 sys=0.00, real=0.00 secs] 
2608.643: [GC (Allocation Failure) [PSYoungGen: 85824K->1408K(85504K)] 481988K->397572K(606720K), 0.0022980 secs] [Times: user=0.01 sys=0.00, real=0.01 secs] 
2608.958: [GC (Allocation Failure) [PSYoungGen: 85376K->1469K(84992K)] 481540K->397641K(606208K), 0.0016771 secs] [Times: user=0.00 sys=0.00, real=0.00 secs] 
2609.133: [GC (Allocation Failure) [PSYoungGen: 84925K->1565K(84992K)] 481097K->397737K(606208K), 0.0021979 secs] [Times: user=0.01 sys=0.00, real=0.00 secs] 
2609.318: [GC (Allocation Failure) [PSYoungGen: 84509K->509K(82944K)] 480681K->397705K(604160K), 0.0020981 secs] [Times: user=0.00 sys=0.00, real=0.00 secs] 
2611.651: [GC (Allocation Failure) [PSYoungGen: 82941K->1392K(83968K)] 480137K->398588K(605184K), 0.0049432 secs] [Times: user=0.02 sys=0.00, real=0.01 secs] 
2612.500: [GC (Allocation Failure) [PSYoungGen: 83312K->1344K(82944K)] 480508K->398540K(604160K), 0.0036513 secs] [Times: user=0.01 sys=0.00, real=0.00 secs] 
2613.510: [GC (Allocation Failure) [PSYoungGen: 82752K->1376K(82432K)] 479948K->398572K(603648K), 0.0049589 secs] [Times: user=0.02 sys=0.01, real=0.00 secs] 
2614.227: [GC (Allocation Failure) [PSYoungGen: 82272K->1517K(81920K)] 479468K->398713K(603136K), 0.0026418 secs] [Times: user=0.02 sys=0.00, real=0.00 secs] 
2614.470: [GC (Allocation Failure) [PSYoungGen: 81901K->1469K(81408K)] 479097K->398665K(602624K), 0.0023282 secs] [Times: user=0.01 sys=0.00, real=0.00 secs] 
2614.624: [GC (Allocation Failure) [PSYoungGen: 81341K->1501K(80896K)] 478537K->398697K(602112K), 0.0019823 secs] [Times: user=0.01 sys=0.00, real=0.01 secs] 
2614.764: [GC (Allocation Failure) [PSYoungGen: 80861K->1485K(80384K)] 478057K->398681K(601600K), 0.0019565 secs] [Times: user=0.00 sys=0.00, real=0.01 secs] 
2615.836: [GC (Allocation Failure) [PSYoungGen: 80333K->1408K(79872K)] 477529K->398604K(601088K), 0.0046728 secs] [Times: user=0.02 sys=0.00, real=0.00 secs] 
2616.770: [GC (Allocation Failure) [PSYoungGen: 79744K->1408K(79360K)] 476940K->398604K(600576K), 0.0049348 secs] [Times: user=0.03 sys=0.00, real=0.00 secs] 
2617.546: [GC (Allocation Failure) [PSYoungGen: 79232K->1344K(78848K)] 476428K->398548K(600064K), 0.0030825 secs] [Times: user=0.01 sys=0.00, real=0.00 secs] 
2618.066: [GC (Allocation Failure) [PSYoungGen: 78656K->1501K(78336K)] 475860K->398705K(599552K), 0.0027696 secs] [Times: user=0.01 sys=0.00, real=0.00 secs] 
2618.286: [GC (Allocation Failure) [PSYoungGen: 78301K->1533K(77824K)] 475505K->398737K(599040K), 0.0022495 secs] [Times: user=0.02 sys=0.00, real=0.00 secs] 
2618.488: [GC (Allocation Failure) [PSYoungGen: 77821K->1533K(77312K)] 475025K->398737K(598528K), 0.0023814 secs] [Times: user=0.01 sys=0.00, real=0.00 secs] 
2618.649: [GC (Allocation Failure) [PSYoungGen: 77309K->1517K(76800K)] 474513K->398721K(598016K), 0.0019441 secs] [Times: user=0.00 sys=0.00, real=0.00 secs] 
2619.862: [GC (Allocation Failure) [PSYoungGen: 76781K->1440K(76288K)] 473985K->398644K(597504K), 0.0046872 secs] [Times: user=0.01 sys=0.00, real=0.01 secs] 
2620.647: [GC (Allocation Failure) [PSYoungGen: 76192K->1408K(75776K)] 473396K->398620K(596992K), 0.0037177 secs] [Times: user=0.02 sys=0.00, real=0.00 secs] 
2621.272: [GC (Allocation Failure) [PSYoungGen: 75648K->1408K(75264K)] 472860K->398620K(596480K), 0.0038872 secs] [Times: user=0.02 sys=0.00, real=0.01 secs] 
2621.904: [GC (Allocation Failure) [PSYoungGen: 75136K->1533K(74752K)] 472348K->398745K(595968K), 0.0024973 secs] [Times: user=0.01 sys=0.00, real=0.01 secs] 
2622.061: [GC (Allocation Failure) [PSYoungGen: 74749K->1469K(74240K)] 471961K->398681K(595456K), 0.0019653 secs] [Times: user=0.01 sys=0.00, real=0.00 secs] 
2622.190: [GC (Allocation Failure) [PSYoungGen: 74173K->1469K(73728K)] 471385K->398681K(594944K), 0.0018040 secs] [Times: user=0.00 sys=0.00, real=0.00 secs] 
2622.317: [GC (Allocation Failure) [PSYoungGen: 73661K->1501K(80384K)] 470873K->398713K(601600K), 0.0018772 secs] [Times: user=0.00 sys=0.00, real=0.00 secs] 
2622.884: [GC (Allocation Failure) [PSYoungGen: 79837K->1440K(79360K)] 477049K->398652K(600576K), 0.0021024 secs] [Times: user=0.01 sys=0.00, real=0.01 secs] 
2623.601: [GC (Allocation Failure) [PSYoungGen: 79264K->1408K(78848K)] 476476K->398620K(600064K), 0.0037818 secs] [Times: user=0.01 sys=0.00, real=0.00 secs] 
2623.928: [GC (Allocation Failure) [PSYoungGen: 78720K->1408K(78336K)] 475932K->398620K(599552K), 0.0022416 secs] [Times: user=0.00 sys=0.00, real=0.00 secs] 
2624.493: [GC (Allocation Failure) [PSYoungGen: 78206K->1469K(77824K)] 475418K->398697K(599040K), 0.0024917 secs] [Times: user=0.01 sys=0.00, real=0.01 secs] 
2624.647: [GC (Allocation Failure) [PSYoungGen: 77757K->1485K(77312K)] 474985K->398713K(598528K), 0.0018197 secs] [Times: user=0.01 sys=0.00, real=0.00 secs] 
2624.781: [GC (Allocation Failure) [PSYoungGen: 77261K->1533K(76800K)] 474489K->398761K(598016K), 0.0019447 secs] [Times: user=0.01 sys=0.00, real=0.00 secs] 
2624.913: [GC (Allocation Failure) [PSYoungGen: 76797K->1469K(77312K)] 474025K->398697K(598528K), 0.0019458 secs] [Times: user=0.00 sys=0.00, real=0.01 secs] 
2625.674: [GC (Allocation Failure) [PSYoungGen: 77245K->1472K(76800K)] 474473K->398700K(598016K), 0.0021767 secs] [Times: user=0.01 sys=0.00, real=0.01 secs] 
2626.774: [GC (Allocation Failure) [PSYoungGen: 76736K->1344K(76288K)] 473964K->398580K(597504K), 0.0049307 secs] [Times: user=0.02 sys=0.00, real=0.01 secs] 
2627.686: [GC (Allocation Failure) [PSYoungGen: 76096K->1344K(75776K)] 473332K->398580K(596992K), 0.0049579 secs] [Times: user=0.02 sys=0.00, real=0.00 secs] 
2628.369: [GC (Allocation Failure) [PSYoungGen: 75584K->1408K(75264K)] 472820K->398644K(596480K), 0.0040714 secs] [Times: user=0.02 sys=0.00, real=0.00 secs] 
2628.761: [GC (Allocation Failure) [PSYoungGen: 75136K->1501K(74752K)] 472372K->398737K(595968K), 0.0023228 secs] [Times: user=0.01 sys=0.00, real=0.00 secs] 
2628.894: [GC (Allocation Failure) [PSYoungGen: 74717K->1501K(74240K)] 471953K->398737K(595456K), 0.0020506 secs] [Times: user=0.01 sys=0.00, real=0.01 secs] 
2629.023: [GC (Allocation Failure) [PSYoungGen: 74205K->1501K(74752K)] 471441K->398737K(595968K), 0.0019250 secs] [Times: user=0.01 sys=0.00, real=0.00 secs] 
2629.533: [GC (Allocation Failure) [PSYoungGen: 74205K->1472K(73728K)] 471441K->398708K(594944K), 0.0023059 secs] [Times: user=0.01 sys=0.00, real=0.01 secs] 
2630.224: [GC (Allocation Failure) [PSYoungGen: 73664K->1408K(73216K)] 470900K->398644K(594432K), 0.0047693 secs] [Times: user=0.01 sys=0.01, real=0.01 secs] 
2631.015: [GC (Allocation Failure) [PSYoungGen: 73088K->1376K(72704K)] 470324K->398612K(593920K), 0.0032241 secs] [Times: user=0.01 sys=0.00, real=0.01 secs] 
2631.716: [GC (Allocation Failure) [PSYoungGen: 72544K->1408K(72192K)] 469780K->398644K(593408K), 0.0022716 secs] [Times: user=0.01 sys=0.01, real=0.00 secs] 
2632.257: [GC (Allocation Failure) [PSYoungGen: 72064K->1501K(71680K)] 469300K->398737K(592896K), 0.0020713 secs] [Times: user=0.01 sys=0.00, real=0.00 secs] 
2632.417: [GC (Allocation Failure) [PSYoungGen: 71645K->1533K(71168K)] 468881K->398769K(592384K), 0.0022274 secs] [Times: user=0.01 sys=0.00, real=0.00 secs] 
2632.569: [GC (Allocation Failure) [PSYoungGen: 71165K->1469K(70656K)] 468401K->398705K(591872K), 0.0018307 secs] [Times: user=0.01 sys=0.00, real=0.00 secs] 
2632.711: [GC (Allocation Failure) [PSYoungGen: 70589K->1565K(77312K)] 467825K->398801K(598528K), 0.0021001 secs] [Times: user=0.00 sys=0.00, real=0.00 secs] 
2635.529: [GC (Allocation Failure) [PSYoungGen: 76829K->1392K(76288K)] 474065K->398628K(597504K), 0.0051703 secs] [Times: user=0.02 sys=0.00, real=0.00 secs] 
2636.055: [GC (Allocation Failure) [PSYoungGen: 76144K->1408K(75776K)] 473380K->398644K(596992K), 0.0021763 secs] [Times: user=0.01 sys=0.00, real=0.01 secs] 
2636.511: [GC (Allocation Failure) [PSYoungGen: 75648K->1376K(75264K)] 472884K->398628K(596480K), 0.0024444 secs] [Times: user=0.01 sys=0.00, real=0.00 secs] 
2636.989: [GC (Allocation Failure) [PSYoungGen: 75104K->1376K(74752K)] 472356K->398628K(595968K), 0.0023409 secs] [Times: user=0.01 sys=0.00, real=0.00 secs] 
2637.196: [GC (Allocation Failure) [PSYoungGen: 74592K->1533K(74240K)] 471844K->398785K(595456K), 0.0019200 secs] [Times: user=0.01 sys=0.00, real=0.00 secs] 
2637.353: [GC (Allocation Failure) [PSYoungGen: 74237K->1517K(73728K)] 471489K->398769K(594944K), 0.0022583 secs] [Times: user=0.01 sys=0.00, real=0.01 secs] 
2637.529: [GC (Allocation Failure) [PSYoungGen: 73709K->1501K(73216K)] 470961K->398753K(594432K), 0.0022294 secs] [Times: user=0.01 sys=0.00, real=0.00 secs] 
2638.415: [GC (Allocation Failure) [PSYoungGen: 73181K->1440K(72704K)] 470433K->398692K(593920K), 0.0048608 secs] [Times: user=0.02 sys=0.00, real=0.00 secs] 
2639.475: [GC (Allocation Failure) [PSYoungGen: 72608K->1376K(72192K)] 469860K->398628K(593408K), 0.0036076 secs] [Times: user=0.02 sys=0.00, real=0.01 secs] 
2640.214: [GC (Allocation Failure) [PSYoungGen: 72032K->1408K(71680K)] 469284K->398660K(592896K), 0.0039435 secs] [Times: user=0.02 sys=0.00, real=0.01 secs] 
2641.070: [GC (Allocation Failure) [PSYoungGen: 71552K->1408K(71168K)] 468804K->398660K(592384K), 0.0040831 secs] [Times: user=0.02 sys=0.00, real=0.00 secs] 
2641.714: [GC (Allocation Failure) [PSYoungGen: 71040K->1501K(70656K)] 468292K->398753K(591872K), 0.0031250 secs] [Times: user=0.02 sys=0.00, real=0.01 secs] 
2641.887: [GC (Allocation Failure) [PSYoungGen: 70600K->1469K(70144K)] 467852K->398721K(591360K), 0.0019375 secs] [Times: user=0.01 sys=0.00, real=0.00 secs] 
2642.008: [GC (Allocation Failure) [PSYoungGen: 70077K->1501K(69632K)] 467329K->398753K(590848K), 0.0018742 secs] [Times: user=0.00 sys=0.00, real=0.00 secs] 
2642.127: [GC (Allocation Failure) [PSYoungGen: 69597K->1469K(70144K)] 466849K->398721K(591360K), 0.0018835 secs] [Times: user=0.01 sys=0.00, real=0.00 secs] 
2642.908: [GC (Allocation Failure) [PSYoungGen: 69565K->1440K(69120K)] 466817K->398692K(590336K), 0.0027761 secs] [Times: user=0.01 sys=0.00, real=0.00 secs] 
2643.807: [GC (Allocation Failure) [PSYoungGen: 69024K->1376K(68608K)] 466276K->398628K(589824K), 0.0030587 secs] [Times: user=0.01 sys=0.00, real=0.00 secs] 
2644.713: [GC (Allocation Failure) [PSYoungGen: 68448K->1376K(68096K)] 465700K->398628K(589312K), 0.0033707 secs] [Times: user=0.01 sys=0.00, real=0.01 secs] 
2645.360: [GC (Allocation Failure) [PSYoungGen: 67936K->1376K(67584K)] 465188K->398628K(588800K), 0.0033516 secs] [Times: user=0.01 sys=0.00, real=0.00 secs] 
2645.802: [GC (Allocation Failure) [PSYoungGen: 67424K->1533K(67072K)] 464676K->398809K(588288K), 0.0024784 secs] [Times: user=0.01 sys=0.00, real=0.00 secs] 
2645.948: [GC (Allocation Failure) [PSYoungGen: 67069K->1501K(66560K)] 464345K->398777K(587776K), 0.0018178 secs] [Times: user=0.00 sys=0.00, real=0.00 secs] 
2646.062: [GC (Allocation Failure) [PSYoungGen: 66525K->1469K(66048K)] 463801K->398745K(587264K), 0.0018015 secs] [Times: user=0.01 sys=0.00, real=0.00 secs] 
2646.176: [GC (Allocation Failure) [PSYoungGen: 65981K->1504K(66560K)] 463257K->398796K(587776K), 0.0018465 secs] [Times: user=0.00 sys=0.00, real=0.00 secs] 
2646.887: [GC (Allocation Failure) [PSYoungGen: 66016K->1408K(65536K)] 463308K->398700K(586752K), 0.0031289 secs] [Times: user=0.01 sys=0.00, real=0.00 secs] 
2647.487: [GC (Allocation Failure) [PSYoungGen: 65408K->1376K(65024K)] 462700K->398668K(586240K), 0.0028416 secs] [Times: user=0.01 sys=0.00, real=0.00 secs] 
2647.958: [GC (Allocation Failure) [PSYoungGen: 64864K->1408K(64512K)] 462156K->398700K(585728K), 0.0024781 secs] [Times: user=0.01 sys=0.00, real=0.00 secs] 
2648.263: [GC (Allocation Failure) [PSYoungGen: 64384K->1344K(64000K)] 461676K->398636K(585216K), 0.0025765 secs] [Times: user=0.01 sys=0.00, real=0.01 secs] 
2648.610: [GC (Allocation Failure) [PSYoungGen: 63808K->1501K(63488K)] 461100K->398793K(584704K), 0.0023142 secs] [Times: user=0.01 sys=0.00, real=0.00 secs] 
2648.747: [GC (Allocation Failure) [PSYoungGen: 63453K->1533K(62976K)] 460745K->398825K(584192K), 0.0019593 secs] [Times: user=0.01 sys=0.00, real=0.00 secs] 
2648.855: [GC (Allocation Failure) [PSYoungGen: 62973K->1501K(63488K)] 460265K->398793K(584704K), 0.0018357 secs] [Times: user=0.01 sys=0.00, real=0.00 secs] 
2648.979: [GC (Allocation Failure) [PSYoungGen: 62941K->1485K(69120K)] 460233K->398793K(590336K), 0.0022824 secs] [Times: user=0.01 sys=0.00, real=0.00 secs] 
2649.128: [GC (Allocation Failure) [PSYoungGen: 68549K->1501K(69120K)] 465857K->398809K(590336K), 0.0022356 secs] [Times: user=0.01 sys=0.00, real=0.00 secs] 
2649.749: [GC (Allocation Failure) [PSYoungGen: 68573K->1408K(74752K)] 465881K->398716K(595968K), 0.0027230 secs] [Times: user=0.01 sys=0.00, real=0.00 secs] 
2650.686: [GC (Allocation Failure) [PSYoungGen: 74624K->1408K(74240K)] 471932K->398716K(595456K), 0.0033791 secs] [Times: user=0.01 sys=0.00, real=0.00 secs] 
2651.569: [GC (Allocation Failure) [PSYoungGen: 74112K->1376K(73728K)] 471420K->398684K(594944K), 0.0037539 secs] [Times: user=0.01 sys=0.00, real=0.00 secs] 
2652.771: [GC (Allocation Failure) [PSYoungGen: 73568K->1360K(73216K)] 470876K->398668K(594432K), 0.0046136 secs] [Times: user=0.01 sys=0.00, real=0.01 secs] 
2653.040: [GC (Allocation Failure) [PSYoungGen: 73040K->1501K(72704K)] 470348K->398809K(593920K), 0.0022340 secs] [Times: user=0.01 sys=0.00, real=0.00 secs] 
2653.171: [GC (Allocation Failure) [PSYoungGen: 72669K->1501K(72192K)] 469977K->398809K(593408K), 0.0019086 secs] [Times: user=0.01 sys=0.00, real=0.00 secs] 
2653.296: [GC (Allocation Failure) [PSYoungGen: 72157K->1504K(72704K)] 469465K->398820K(593920K), 0.0017902 secs] [Times: user=0.01 sys=0.00, real=0.00 secs] 
2653.541: [GC (Allocation Failure) [PSYoungGen: 72160K->1456K(72704K)] 469476K->398796K(593920K), 0.0023620 secs] [Times: user=0.01 sys=0.00, real=0.00 secs] 
2653.835: [GC (Allocation Failure) [PSYoungGen: 72112K->1376K(71680K)] 469452K->398716K(592896K), 0.0023492 secs] [Times: user=0.02 sys=0.00, real=0.01 secs] 
2654.127: [GC (Allocation Failure) [PSYoungGen: 71520K->1424K(71168K)] 468860K->398764K(592384K), 0.0024548 secs] [Times: user=0.01 sys=0.00, real=0.00 secs] 
2654.423: [GC (Allocation Failure) [PSYoungGen: 71056K->1376K(70656K)] 468396K->398716K(591872K), 0.0030657 secs] [Times: user=0.01 sys=0.00, real=0.01 secs] 
2655.352: [GC (Allocation Failure) [PSYoungGen: 70496K->1533K(70144K)] 467836K->398873K(591360K), 0.0025659 secs] [Times: user=0.01 sys=0.00, real=0.00 secs] 
2655.551: [GC (Allocation Failure) [PSYoungGen: 70141K->1469K(69632K)] 467481K->398809K(590848K), 0.0025064 secs] [Times: user=0.01 sys=0.00, real=0.00 secs] 
2655.705: [GC (Allocation Failure) [PSYoungGen: 69565K->1501K(69120K)] 466905K->398841K(590336K), 0.0019679 secs] [Times: user=0.01 sys=0.00, real=0.01 secs] 
2655.825: [GC (Allocation Failure) [PSYoungGen: 69085K->1453K(75264K)] 466425K->398793K(596480K), 0.0018038 secs] [Times: user=0.01 sys=0.00, real=0.01 secs] 
2656.405: [GC (Allocation Failure) [PSYoungGen: 75181K->1408K(75776K)] 472521K->398756K(596992K), 0.0048680 secs] [Times: user=0.02 sys=0.00, real=0.01 secs] 
2657.431: [GC (Allocation Failure) [PSYoungGen: 75136K->1376K(74752K)] 472484K->398732K(595968K), 0.0058727 secs] [Times: user=0.02 sys=0.00, real=0.01 secs] 
2658.134: [GC (Allocation Failure) [PSYoungGen: 74592K->1408K(74240K)] 471948K->398764K(595456K), 0.0043515 secs] [Times: user=0.02 sys=0.01, real=0.01 secs] 
2658.766: [GC (Allocation Failure) [PSYoungGen: 74112K->1408K(73728K)] 471468K->398764K(594944K), 0.0028185 secs] [Times: user=0.01 sys=0.00, real=0.00 secs] 
2659.154: [GC (Allocation Failure) [PSYoungGen: 73600K->1501K(73216K)] 470956K->398857K(594432K), 0.0022038 secs] [Times: user=0.01 sys=0.00, real=0.01 secs] 
2659.301: [GC (Allocation Failure) [PSYoungGen: 73181K->1533K(72704K)] 470537K->398889K(593920K), 0.0021026 secs] [Times: user=0.01 sys=0.00, real=0.00 secs] 
2659.467: [GC (Allocation Failure) [PSYoungGen: 72701K->1469K(72192K)] 470057K->398825K(593408K), 0.0019542 secs] [Times: user=0.01 sys=0.00, real=0.00 secs] 
2659.664: [GC (Allocation Failure) [PSYoungGen: 72125K->928K(71168K)] 469481K->399308K(592384K), 0.0020996 secs] [Times: user=0.01 sys=0.00, real=0.01 secs] 
2660.074: [GC (Allocation Failure) [PSYoungGen: 71072K->320K(78336K)] 469452K->398700K(599552K), 0.0046543 secs] [Times: user=0.02 sys=0.00, real=0.01 secs] 
2660.422: [GC (Allocation Failure) [PSYoungGen: 76608K->416K(77312K)] 474988K->398796K(598528K), 0.0027771 secs] [Times: user=0.01 sys=0.00, real=0.00 secs] 
2661.036: [GC (Allocation Failure) [PSYoungGen: 76192K->384K(75776K)] 474572K->398764K(596992K), 0.0024828 secs] [Times: user=0.01 sys=0.00, real=0.00 secs] 
2661.352: [GC (Allocation Failure) [PSYoungGen: 75648K->1469K(76288K)] 474028K->399849K(597504K), 0.0018630 secs] [Times: user=0.01 sys=0.00, real=0.00 secs] 
2661.483: [GC (Allocation Failure) [PSYoungGen: 76221K->1501K(76288K)] 474601K->399881K(597504K), 0.0018902 secs] [Times: user=0.00 sys=0.00, real=0.00 secs] 
2661.615: [GC (Allocation Failure) [PSYoungGen: 75741K->1501K(76800K)] 474121K->399881K(598016K), 0.0019349 secs] [Times: user=0.01 sys=0.00, real=0.00 secs] 
2661.748: [GC (Allocation Failure) [PSYoungGen: 75741K->1501K(76800K)] 474121K->399881K(598016K), 0.0018283 secs] [Times: user=0.01 sys=0.00, real=0.00 secs] 
2662.180: [GC (Allocation Failure) [PSYoungGen: 75741K->1440K(75264K)] 474121K->399820K(596480K), 0.0023341 secs] [Times: user=0.01 sys=0.00, real=0.00 secs] 
2662.578: [GC (Allocation Failure) [PSYoungGen: 75168K->1408K(74752K)] 473548K->399804K(595968K), 0.0024114 secs] [Times: user=0.01 sys=0.00, real=0.00 secs] 
2663.015: [GC (Allocation Failure) [PSYoungGen: 74624K->1344K(74240K)] 473020K->399740K(595456K), 0.0023189 secs] [Times: user=0.01 sys=0.00, real=0.01 secs] 
2663.498: [GC (Allocation Failure) [PSYoungGen: 74048K->1437K(73728K)] 472444K->399833K(594944K), 0.0037094 secs] [Times: user=0.01 sys=0.00, real=0.00 secs] 
2663.737: [GC (Allocation Failure) [PSYoungGen: 73629K->1533K(73216K)] 472025K->399929K(594432K), 0.0022068 secs] [Times: user=0.01 sys=0.00, real=0.00 secs] 
2663.868: [GC (Allocation Failure) [PSYoungGen: 73213K->1504K(72704K)] 471609K->399900K(593920K), 0.0019475 secs] [Times: user=0.00 sys=0.00, real=0.00 secs] 
2663.993: [GC (Allocation Failure) [PSYoungGen: 72672K->1533K(78848K)] 471068K->399929K(600064K), 0.0019345 secs] [Times: user=0.01 sys=0.00, real=0.00 secs] 
2664.494: [GC (Allocation Failure) [PSYoungGen: 78845K->1440K(79360K)] 477241K->399836K(600576K), 0.0036846 secs] [Times: user=0.02 sys=0.00, real=0.01 secs] 
2665.104: [GC (Allocation Failure) [PSYoungGen: 78752K->1392K(78336K)] 477148K->399788K(599552K), 0.0024692 secs] [Times: user=0.01 sys=0.00, real=0.01 secs] 
2665.440: [GC (Allocation Failure) [PSYoungGen: 78192K->1408K(77824K)] 476588K->399804K(599040K), 0.0033813 secs] [Times: user=0.01 sys=0.00, real=0.00 secs] 
2665.810: [GC (Allocation Failure) [PSYoungGen: 77696K->1408K(77312K)] 476092K->399804K(598528K), 0.0032118 secs] [Times: user=0.02 sys=0.00, real=0.00 secs] 
2666.085: [GC (Allocation Failure) [PSYoungGen: 77184K->1533K(76800K)] 475580K->399929K(598016K), 0.0023518 secs] [Times: user=0.01 sys=0.00, real=0.01 secs] 
2666.220: [GC (Allocation Failure) [PSYoungGen: 76797K->1533K(76288K)] 475193K->399929K(597504K), 0.0017892 secs] [Times: user=0.01 sys=0.00, real=0.00 secs] 
2666.352: [GC (Allocation Failure) [PSYoungGen: 76285K->1469K(83456K)] 474681K->399865K(604672K), 0.0017271 secs] [Times: user=0.00 sys=0.01, real=0.00 secs] 
2669.086: [GC (Allocation Failure) [PSYoungGen: 82877K->1408K(82432K)] 481273K->399804K(603648K), 0.0051150 secs] [Times: user=0.02 sys=0.00, real=0.00 secs] 
2669.476: [GC (Allocation Failure) [PSYoungGen: 82304K->1408K(81920K)] 480700K->399804K(603136K), 0.0023977 secs] [Times: user=0.01 sys=0.00, real=0.00 secs] 
2669.984: [GC (Allocation Failure) [PSYoungGen: 81792K->1344K(81408K)] 480188K->399740K(602624K), 0.0024018 secs] [Times: user=0.01 sys=0.00, real=0.01 secs] 
2670.843: [GC (Allocation Failure) [PSYoungGen: 81216K->1376K(80896K)] 479612K->399772K(602112K), 0.0051499 secs] [Times: user=0.02 sys=0.00, real=0.01 secs] 
2671.181: [GC (Allocation Failure) [PSYoungGen: 80736K->1533K(80384K)] 479132K->399929K(601600K), 0.0023531 secs] [Times: user=0.00 sys=0.00, real=0.00 secs] 
2671.323: [GC (Allocation Failure) [PSYoungGen: 80381K->1469K(79872K)] 478777K->399865K(601088K), 0.0018338 secs] [Times: user=0.00 sys=0.00, real=0.00 secs] 
2671.461: [GC (Allocation Failure) [PSYoungGen: 79805K->1469K(79360K)] 478201K->399865K(600576K), 0.0019149 secs] [Times: user=0.00 sys=0.00, real=0.00 secs] 
2672.723: [GC (Allocation Failure) [PSYoungGen: 79293K->1424K(78848K)] 477689K->399820K(600064K), 0.0029144 secs] [Times: user=0.01 sys=0.00, real=0.01 secs] 
2673.045: [GC (Allocation Failure) [PSYoungGen: 78736K->1328K(78336K)] 477132K->399724K(599552K), 0.0026664 secs] [Times: user=0.01 sys=0.00, real=0.00 secs] 
2673.367: [GC (Allocation Failure) [PSYoungGen: 78128K->1376K(77824K)] 476524K->399772K(599040K), 0.0024896 secs] [Times: user=0.01 sys=0.01, real=0.00 secs] 
2673.872: [GC (Allocation Failure) [PSYoungGen: 77664K->1440K(77312K)] 476060K->399836K(598528K), 0.0023721 secs] [Times: user=0.01 sys=0.00, real=0.00 secs] 
2674.032: [GC (Allocation Failure) [PSYoungGen: 77216K->1501K(76800K)] 475612K->399897K(598016K), 0.0020829 secs] [Times: user=0.00 sys=0.00, real=0.00 secs] 
2674.164: [GC (Allocation Failure) [PSYoungGen: 76765K->1533K(76288K)] 475161K->399929K(597504K), 0.0018651 secs] [Times: user=0.01 sys=0.00, real=0.01 secs] 
2674.296: [GC (Allocation Failure) [PSYoungGen: 76285K->1504K(76800K)] 474681K->399900K(598016K), 0.0018802 secs] [Times: user=0.01 sys=0.00, real=0.00 secs] 
2674.778: [GC (Allocation Failure) [PSYoungGen: 76256K->1472K(75776K)] 474652K->399868K(596992K), 0.0021156 secs] [Times: user=0.01 sys=0.00, real=0.00 secs] 
2675.313: [GC (Allocation Failure) [PSYoungGen: 75712K->1344K(75264K)] 474108K->399772K(596480K), 0.0022226 secs] [Times: user=0.01 sys=0.00, real=0.00 secs] 
2675.640: [GC (Allocation Failure) [PSYoungGen: 75072K->1408K(74752K)] 473500K->399836K(595968K), 0.0020045 secs] [Times: user=0.00 sys=0.00, real=0.00 secs] 
2676.043: [GC (Allocation Failure) [PSYoungGen: 74624K->1376K(74240K)] 473052K->399804K(595456K), 0.0020348 secs] [Times: user=0.01 sys=0.00, real=0.00 secs] 
2676.332: [GC (Allocation Failure) [PSYoungGen: 74080K->1501K(73728K)] 472508K->399929K(594944K), 0.0018398 secs] [Times: user=0.01 sys=0.00, real=0.00 secs] 
2676.460: [GC (Allocation Failure) [PSYoungGen: 73693K->1469K(73216K)] 472121K->399897K(594432K), 0.0018271 secs] [Times: user=0.01 sys=0.00, real=0.00 secs] 
2676.586: [GC (Allocation Failure) [PSYoungGen: 73149K->1501K(72704K)] 471577K->399929K(593920K), 0.0018288 secs] [Times: user=0.00 sys=0.00, real=0.00 secs] 
2676.872: [GC (Allocation Failure) [PSYoungGen: 72669K->1440K(72192K)] 471097K->399868K(593408K), 0.0022189 secs] [Times: user=0.01 sys=0.00, real=0.00 secs] 
2677.554: [GC (Allocation Failure) [PSYoungGen: 72096K->1344K(71680K)] 470524K->399772K(592896K), 0.0028624 secs] [Times: user=0.01 sys=0.00, real=0.01 secs] 
2677.995: [GC (Allocation Failure) [PSYoungGen: 71488K->1408K(71168K)] 469916K->399836K(592384K), 0.0024934 secs] [Times: user=0.01 sys=0.00, real=0.01 secs] 
2678.387: [GC (Allocation Failure) [PSYoungGen: 71040K->1376K(70656K)] 469468K->399804K(591872K), 0.0023348 secs] [Times: user=0.01 sys=0.00, real=0.00 secs] 
2678.949: [GC (Allocation Failure) [PSYoungGen: 70496K->1472K(70144K)] 468924K->399900K(591360K), 0.0025517 secs] [Times: user=0.01 sys=0.00, real=0.00 secs] 
2679.131: [GC (Allocation Failure) [PSYoungGen: 70049K->1501K(69632K)] 468477K->399929K(590848K), 0.0023339 secs] [Times: user=0.01 sys=0.00, real=0.00 secs] 
2679.331: [GC (Allocation Failure) [PSYoungGen: 69597K->1536K(69632K)] 468025K->399964K(590848K), 0.0026120 secs] [Times: user=0.01 sys=0.00, real=0.00 secs] 
2679.486: [GC (Allocation Failure) [PSYoungGen: 69120K->509K(67584K)] 467548K->399961K(588800K), 0.0019393 secs] [Times: user=0.00 sys=0.00, real=0.00 secs] 
2679.810: [GC (Allocation Failure) [PSYoungGen: 67581K->1456K(68608K)] 467033K->400908K(589824K), 0.0029436 secs] [Times: user=0.01 sys=0.00, real=0.00 secs] 
2680.281: [GC (Allocation Failure) [PSYoungGen: 68016K->1344K(67584K)] 467468K->400796K(588800K), 0.0025904 secs] [Times: user=0.01 sys=0.00, real=0.00 secs] 
2680.643: [GC (Allocation Failure) [PSYoungGen: 67392K->1376K(73216K)] 466844K->400828K(594432K), 0.0053207 secs] [Times: user=0.01 sys=0.00, real=0.01 secs] 
2680.980: [GC (Allocation Failure) [PSYoungGen: 73056K->1392K(72704K)] 472508K->400844K(593920K), 0.0022283 secs] [Times: user=0.01 sys=0.00, real=0.00 secs] 
2681.250: [GC (Allocation Failure) [PSYoungGen: 72560K->1469K(72192K)] 472012K->400921K(593408K), 0.0018817 secs] [Times: user=0.01 sys=0.00, real=0.00 secs] 
2681.376: [GC (Allocation Failure) [PSYoungGen: 72125K->1533K(72704K)] 471577K->400985K(593920K), 0.0018833 secs] [Times: user=0.01 sys=0.00, real=0.00 secs] 
2681.502: [GC (Allocation Failure) [PSYoungGen: 72701K->1501K(73216K)] 472153K->400953K(594432K), 0.0018365 secs] [Times: user=0.00 sys=0.00, real=0.00 secs] 
2681.628: [GC (Allocation Failure) [PSYoungGen: 72669K->1517K(79872K)] 472121K->400993K(601088K), 0.0020195 secs] [Times: user=0.01 sys=0.00, real=0.00 secs] 
2682.162: [GC (Allocation Failure) [PSYoungGen: 79341K->1488K(79872K)] 478817K->400988K(601088K), 0.0022721 secs] [Times: user=0.01 sys=0.00, real=0.00 secs] 
2682.747: [GC (Allocation Failure) [PSYoungGen: 79312K->1376K(78848K)] 478812K->400876K(600064K), 0.0052837 secs] [Times: user=0.02 sys=0.00, real=0.00 secs] 
2683.488: [GC (Allocation Failure) [PSYoungGen: 78688K->1424K(86016K)] 478188K->400924K(607232K), 0.0377710 secs] [Times: user=0.15 sys=0.03, real=0.04 secs] 
2684.316: [GC (Allocation Failure) [PSYoungGen: 85392K->1437K(88576K)] 484892K->400937K(609792K), 0.0044737 secs] [Times: user=0.01 sys=0.01, real=0.00 secs] 
2684.511: [GC (Allocation Failure) [PSYoungGen: 87965K->1469K(88576K)] 487465K->400969K(609792K), 0.0018425 secs] [Times: user=0.01 sys=0.00, real=0.00 secs] 
2684.664: [GC (Allocation Failure) [PSYoungGen: 87997K->1485K(96768K)] 487497K->401001K(617984K), 0.0018311 secs] [Times: user=0.00 sys=0.00, real=0.01 secs] 
2685.131: [GC (Allocation Failure) [PSYoungGen: 96717K->1440K(97280K)] 496233K->400956K(618496K), 0.0022246 secs] [Times: user=0.00 sys=0.00, real=0.00 secs] 
2685.621: [GC (Allocation Failure) [PSYoungGen: 96672K->1344K(104960K)] 496188K->400860K(626176K), 0.0025454 secs] [Times: user=0.01 sys=0.01, real=0.00 secs] 
2686.055: [GC (Allocation Failure) [PSYoungGen: 104768K->1328K(103936K)] 504284K->400844K(625152K), 0.0024595 secs] [Times: user=0.01 sys=0.00, real=0.00 secs] 
2686.403: [GC (Allocation Failure) [PSYoungGen: 103728K->1504K(102912K)] 503244K->401020K(624128K), 0.0017302 secs] [Times: user=0.00 sys=0.00, real=0.00 secs] 
2686.582: [GC (Allocation Failure) [PSYoungGen: 102880K->1533K(101888K)] 502396K->401049K(623104K), 0.0020190 secs] [Times: user=0.01 sys=0.01, real=0.00 secs] 
2686.758: [GC (Allocation Failure) [PSYoungGen: 101885K->1533K(100864K)] 501401K->401089K(622080K), 0.0018512 secs] [Times: user=0.01 sys=0.00, real=0.00 secs] 
2688.064: [GC (Allocation Failure) [PSYoungGen: 100861K->1392K(99840K)] 500417K->400948K(621056K), 0.0052421 secs] [Times: user=0.02 sys=0.00, real=0.01 secs] 
2689.285: [GC (Allocation Failure) [PSYoungGen: 99696K->1440K(98816K)] 499252K->400996K(620032K), 0.0035934 secs] [Times: user=0.01 sys=0.00, real=0.01 secs] 
2690.439: [GC (Allocation Failure) [PSYoungGen: 98500K->256K(96768K)] 498056K->399812K(617984K), 0.0036536 secs] [Times: user=0.01 sys=0.00, real=0.00 secs] 
2690.732: [GC (Allocation Failure) [PSYoungGen: 96512K->1533K(96768K)] 496068K->401089K(617984K), 0.0020729 secs] [Times: user=0.01 sys=0.00, real=0.00 secs] 
2690.904: [GC (Allocation Failure) [PSYoungGen: 96765K->1533K(95744K)] 496321K->401089K(616960K), 0.0017861 secs] [Times: user=0.01 sys=0.00, real=0.01 secs] 
2691.408: [GC (Allocation Failure) [PSYoungGen: 95741K->1408K(94720K)] 495297K->400964K(615936K), 0.0035055 secs] [Times: user=0.01 sys=0.00, real=0.00 secs] 
2692.227: [GC (Allocation Failure) [PSYoungGen: 94592K->1408K(93696K)] 494148K->400964K(614912K), 0.0028572 secs] [Times: user=0.01 sys=0.00, real=0.00 secs] 
2693.006: [GC (Allocation Failure) [PSYoungGen: 93568K->1408K(92672K)] 493124K->400964K(613888K), 0.0048988 secs] [Times: user=0.02 sys=0.00, real=0.00 secs] 
2693.759: [GC (Allocation Failure) [PSYoungGen: 92544K->1469K(91648K)] 492100K->401025K(612864K), 0.0030430 secs] [Times: user=0.01 sys=0.00, real=0.00 secs] 
2693.975: [GC (Allocation Failure) [PSYoungGen: 91581K->1472K(90624K)] 491137K->401028K(611840K), 0.0019364 secs] [Times: user=0.01 sys=0.00, real=0.00 secs] 
2694.131: [GC (Allocation Failure) [PSYoungGen: 90560K->1469K(89600K)] 490116K->401025K(610816K), 0.0019720 secs] [Times: user=0.01 sys=0.00, real=0.00 secs] 
2694.650: [GC (Allocation Failure) [PSYoungGen: 89533K->1440K(89088K)] 489089K->400996K(610304K), 0.0050953 secs] [Times: user=0.02 sys=0.00, real=0.01 secs] 
2695.495: [GC (Allocation Failure) [PSYoungGen: 88992K->1392K(88576K)] 488548K->400948K(609792K), 0.0040797 secs] [Times: user=0.02 sys=0.01, real=0.00 secs] 
2696.346: [GC (Allocation Failure) [PSYoungGen: 88432K->1376K(88064K)] 487988K->400932K(609280K), 0.0030491 secs] [Times: user=0.01 sys=0.00, real=0.00 secs] 
2697.067: [GC (Allocation Failure) [PSYoungGen: 87904K->1501K(87552K)] 487460K->401057K(608768K), 0.0027157 secs] [Times: user=0.02 sys=0.00, real=0.00 secs] 
2697.256: [GC (Allocation Failure) [PSYoungGen: 87517K->1469K(87040K)] 487073K->401033K(608256K), 0.0017399 secs] [Times: user=0.01 sys=0.00, real=0.00 secs] 
2697.405: [GC (Allocation Failure) [PSYoungGen: 86973K->1501K(86528K)] 486537K->401065K(607744K), 0.0018916 secs] [Times: user=0.01 sys=0.00, real=0.01 secs] 
2697.681: [GC (Allocation Failure) [PSYoungGen: 86493K->960K(85504K)] 486057K->401548K(606720K), 0.0023365 secs] [Times: user=0.01 sys=0.00, real=0.00 secs] 
2698.248: [GC (Allocation Failure) [PSYoungGen: 85440K->384K(84480K)] 486028K->400972K(605696K), 0.0021593 secs] [Times: user=0.01 sys=0.00, real=0.00 secs] 
2698.698: [GC (Allocation Failure) [PSYoungGen: 84352K->368K(83968K)] 484940K->400956K(605184K), 0.0023925 secs] [Times: user=0.01 sys=0.00, real=0.00 secs] 
2699.092: [GC (Allocation Failure) [PSYoungGen: 83824K->384K(84992K)] 484412K->400972K(606208K), 0.0023278 secs] [Times: user=0.01 sys=0.00, real=0.00 secs] 
2699.324: [GC (Allocation Failure) [PSYoungGen: 83328K->1469K(83968K)] 483916K->402057K(605184K), 0.0018710 secs] [Times: user=0.01 sys=0.00, real=0.01 secs] 
2699.469: [GC (Allocation Failure) [PSYoungGen: 83901K->1565K(83968K)] 484489K->402153K(605184K), 0.0019403 secs] [Times: user=0.00 sys=0.00, real=0.00 secs] 
2699.614: [GC (Allocation Failure) [PSYoungGen: 83485K->1501K(82944K)] 484073K->402089K(604160K), 0.0018421 secs] [Times: user=0.00 sys=0.00, real=0.01 secs] 
2700.161: [GC (Allocation Failure) [PSYoungGen: 82909K->1472K(82432K)] 483497K->402060K(603648K), 0.0023488 secs] [Times: user=0.01 sys=0.00, real=0.00 secs] 
2700.870: [GC (Allocation Failure) [PSYoungGen: 82368K->1344K(81920K)] 482956K->401932K(603136K), 0.0045374 secs] [Times: user=0.02 sys=0.00, real=0.00 secs] 
2701.600: [GC (Allocation Failure) [PSYoungGen: 81728K->1344K(81408K)] 482316K->401932K(602624K), 0.0042202 secs] [Times: user=0.02 sys=0.00, real=0.00 secs] 
2702.410: [GC (Allocation Failure) [PSYoungGen: 81216K->1469K(80896K)] 481804K->402057K(602112K), 0.0029649 secs] [Times: user=0.02 sys=0.00, real=0.00 secs] 
2702.666: [GC (Allocation Failure) [PSYoungGen: 80829K->1469K(80384K)] 481417K->402057K(601600K), 0.0023497 secs] [Times: user=0.01 sys=0.00, real=0.00 secs] 
2702.856: [GC (Allocation Failure) [PSYoungGen: 80317K->1533K(79872K)] 480905K->402121K(601088K), 0.0023458 secs] [Times: user=0.01 sys=0.00, real=0.00 secs] 
2703.025: [GC (Allocation Failure) [PSYoungGen: 79869K->1472K(79360K)] 480457K->402084K(600576K), 0.0020351 secs] [Times: user=0.01 sys=0.00, real=0.01 secs] 
2704.179: [GC (Allocation Failure) [PSYoungGen: 79296K->1408K(78848K)] 479908K->402020K(600064K), 0.0048229 secs] [Times: user=0.02 sys=0.00, real=0.00 secs] 
2704.933: [GC (Allocation Failure) [PSYoungGen: 78720K->1344K(78336K)] 479332K->401956K(599552K), 0.0033192 secs] [Times: user=0.01 sys=0.00, real=0.01 secs] 
2705.901: [GC (Allocation Failure) [PSYoungGen: 78144K->1376K(77824K)] 478756K->401988K(599040K), 0.0043388 secs] [Times: user=0.02 sys=0.00, real=0.00 secs] 
2706.816: [GC (Allocation Failure) [PSYoungGen: 77664K->1469K(77312K)] 478276K->402081K(598528K), 0.0032879 secs] [Times: user=0.01 sys=0.01, real=0.00 secs] 
2707.019: [GC (Allocation Failure) [PSYoungGen: 77245K->1533K(76800K)] 477857K->402145K(598016K), 0.0018533 secs] [Times: user=0.00 sys=0.00, real=0.00 secs] 
2707.150: [GC (Allocation Failure) [PSYoungGen: 76797K->1469K(76288K)] 477409K->402081K(597504K), 0.0020041 secs] [Times: user=0.01 sys=0.00, real=0.00 secs] 
2707.305: [GC (Allocation Failure) [PSYoungGen: 76221K->1469K(79360K)] 476833K->402081K(600576K), 0.0023810 secs] [Times: user=0.01 sys=0.00, real=0.01 secs] 
2709.199: [GC (Allocation Failure) [PSYoungGen: 79293K->1424K(78848K)] 479905K->402036K(600064K), 0.0049388 secs] [Times: user=0.02 sys=0.00, real=0.00 secs] 
2710.279: [GC (Allocation Failure) [PSYoungGen: 78736K->1344K(78336K)] 479348K->401956K(599552K), 0.0050905 secs] [Times: user=0.02 sys=0.00, real=0.00 secs] 
2711.308: [GC (Allocation Failure) [PSYoungGen: 78144K->1376K(77824K)] 478756K->401988K(599040K), 0.0048736 secs] [Times: user=0.02 sys=0.00, real=0.00 secs] 
2712.147: [GC (Allocation Failure) [PSYoungGen: 77664K->1437K(77312K)] 478276K->402049K(598528K), 0.0038570 secs] [Times: user=0.01 sys=0.00, real=0.00 secs] 
2712.370: [GC (Allocation Failure) [PSYoungGen: 77213K->1533K(76800K)] 477825K->402145K(598016K), 0.0018970 secs] [Times: user=0.00 sys=0.00, real=0.00 secs] 
2712.503: [GC (Allocation Failure) [PSYoungGen: 76797K->1501K(76288K)] 477409K->402113K(597504K), 0.0019241 secs] [Times: user=0.01 sys=0.00, real=0.01 secs] 
2712.636: [GC (Allocation Failure) [PSYoungGen: 76253K->1501K(75776K)] 476865K->402113K(596992K), 0.0018186 secs] [Times: user=0.01 sys=0.00, real=0.00 secs] 
2713.500: [GC (Allocation Failure) [PSYoungGen: 75741K->1424K(75264K)] 476353K->402036K(596480K), 0.0031207 secs] [Times: user=0.01 sys=0.00, real=0.00 secs] 
2714.746: [GC (Allocation Failure) [PSYoungGen: 75152K->1376K(74752K)] 475764K->401988K(595968K), 0.0036467 secs] [Times: user=0.02 sys=0.00, real=0.00 secs] 
2715.563: [GC (Allocation Failure) [PSYoungGen: 74592K->1376K(74240K)] 475204K->401988K(595456K), 0.0077084 secs] [Times: user=0.03 sys=0.00, real=0.01 secs] 
2716.098: [GC (Allocation Failure) [PSYoungGen: 74080K->1376K(73728K)] 474692K->401988K(594944K), 0.0032895 secs] [Times: user=0.02 sys=0.00, real=0.00 secs] 
2716.547: [GC (Allocation Failure) [PSYoungGen: 73568K->1533K(73216K)] 474180K->402145K(594432K), 0.0023681 secs] [Times: user=0.01 sys=0.00, real=0.00 secs] 
2716.719: [GC (Allocation Failure) [PSYoungGen: 73213K->1533K(72704K)] 473825K->402145K(593920K), 0.0022632 secs] [Times: user=0.01 sys=0.00, real=0.00 secs] 
2716.870: [GC (Allocation Failure) [PSYoungGen: 72701K->1469K(72192K)] 473313K->402081K(593408K), 0.0019342 secs] [Times: user=0.00 sys=0.00, real=0.00 secs] 
2717.134: [GC (Allocation Failure) [PSYoungGen: 72125K->1472K(71680K)] 472737K->402124K(592896K), 0.0027028 secs] [Times: user=0.01 sys=0.00, real=0.01 secs] 
2717.807: [GC (Allocation Failure) [PSYoungGen: 71616K->1408K(71168K)] 472268K->402068K(592384K), 0.0030091 secs] [Times: user=0.01 sys=0.00, real=0.00 secs] 
2718.187: [GC (Allocation Failure) [PSYoungGen: 71040K->1424K(70656K)] 471700K->402084K(591872K), 0.0023845 secs] [Times: user=0.01 sys=0.00, real=0.00 secs] 
2718.475: [GC (Allocation Failure) [PSYoungGen: 70544K->1344K(70144K)] 471204K->402004K(591360K), 0.0023387 secs] [Times: user=0.01 sys=0.00, real=0.01 secs] 
2718.890: [GC (Allocation Failure) [PSYoungGen: 69952K->1501K(69632K)] 470612K->402161K(590848K), 0.0023042 secs] [Times: user=0.01 sys=0.00, real=0.00 secs] 
2719.018: [GC (Allocation Failure) [PSYoungGen: 69597K->1533K(69120K)] 470257K->402193K(590336K), 0.0019492 secs] [Times: user=0.01 sys=0.00, real=0.00 secs] 
2719.139: [GC (Allocation Failure) [PSYoungGen: 69117K->1533K(69632K)] 469777K->402193K(590848K), 0.0019549 secs] [Times: user=0.01 sys=0.00, real=0.00 secs] 
2719.261: [GC (Allocation Failure) [PSYoungGen: 69117K->1533K(75776K)] 469777K->402193K(596992K), 0.0032620 secs] [Times: user=0.01 sys=0.01, real=0.00 secs] 
2719.638: [GC (Allocation Failure) [PSYoungGen: 75261K->1424K(75776K)] 475921K->402092K(596992K), 0.0024426 secs] [Times: user=0.01 sys=0.00, real=0.00 secs] 
2720.328: [GC (Allocation Failure) [PSYoungGen: 75152K->1408K(81408K)] 475820K->402076K(602624K), 0.0022664 secs] [Times: user=0.01 sys=0.00, real=0.00 secs] 
2720.854: [GC (Allocation Failure) [PSYoungGen: 81280K->1408K(80896K)] 481948K->402076K(602112K), 0.0024286 secs] [Times: user=0.01 sys=0.00, real=0.01 secs] 
2721.390: [GC (Allocation Failure) [PSYoungGen: 80768K->1392K(80384K)] 481436K->402060K(601600K), 0.0021411 secs] [Times: user=0.01 sys=0.00, real=0.00 secs] 
2721.705: [GC (Allocation Failure) [PSYoungGen: 80240K->1565K(80384K)] 480908K->402241K(601600K), 0.0017718 secs] [Times: user=0.00 sys=0.00, real=0.01 secs] 
2721.845: [GC (Allocation Failure) [PSYoungGen: 79901K->464K(78336K)] 480577K->402164K(599552K), 0.0019278 secs] [Times: user=0.00 sys=0.00, real=0.01 secs] 
2721.983: [GC (Allocation Failure) [PSYoungGen: 78288K->432K(79360K)] 479988K->402132K(600576K), 0.0016562 secs] [Times: user=0.00 sys=0.00, real=0.00 secs] 
2722.407: [GC (Allocation Failure) [PSYoungGen: 77744K->1472K(78336K)] 479444K->403172K(599552K), 0.0022734 secs] [Times: user=0.01 sys=0.00, real=0.00 secs] 
2723.056: [GC (Allocation Failure) [PSYoungGen: 78272K->1440K(77824K)] 479972K->403164K(599040K), 0.0040463 secs] [Times: user=0.01 sys=0.00, real=0.00 secs] 
2723.813: [GC (Allocation Failure) [PSYoungGen: 77728K->1376K(77312K)] 479452K->403100K(598528K), 0.0032538 secs] [Times: user=0.02 sys=0.00, real=0.01 secs] 
2724.557: [GC (Allocation Failure) [PSYoungGen: 77152K->1408K(76800K)] 478876K->403132K(598016K), 0.0034686 secs] [Times: user=0.02 sys=0.00, real=0.00 secs] 
2724.827: [GC (Allocation Failure) [PSYoungGen: 76672K->1501K(76288K)] 478396K->403225K(597504K), 0.0017425 secs] [Times: user=0.01 sys=0.00, real=0.00 secs] 
2724.959: [GC (Allocation Failure) [PSYoungGen: 76253K->1501K(75776K)] 477977K->403225K(596992K), 0.0018199 secs] [Times: user=0.00 sys=0.00, real=0.00 secs] 
2725.090: [GC (Allocation Failure) [PSYoungGen: 75741K->1501K(75264K)] 477465K->403225K(596480K), 0.0018001 secs] [Times: user=0.00 sys=0.00, real=0.00 secs] 
2725.416: [GC (Allocation Failure) [PSYoungGen: 75229K->1440K(74752K)] 476953K->403164K(595968K), 0.0021592 secs] [Times: user=0.01 sys=0.00, real=0.00 secs] 
2726.053: [GC (Allocation Failure) [PSYoungGen: 74656K->1376K(74240K)] 476380K->403100K(595456K), 0.0023728 secs] [Times: user=0.01 sys=0.00, real=0.01 secs] 
2726.891: [GC (Allocation Failure) [PSYoungGen: 74080K->1344K(73728K)] 475804K->403068K(594944K), 0.0046882 secs] [Times: user=0.02 sys=0.00, real=0.01 secs] 
2727.696: [GC (Allocation Failure) [PSYoungGen: 73536K->1440K(73216K)] 475260K->403164K(594432K), 0.0036993 secs] [Times: user=0.01 sys=0.00, real=0.00 secs] 
2728.279: [GC (Allocation Failure) [PSYoungGen: 73120K->1504K(72704K)] 474844K->403228K(593920K), 0.0029752 secs] [Times: user=0.01 sys=0.00, real=0.00 secs] 
2728.454: [GC (Allocation Failure) [PSYoungGen: 72672K->1469K(72192K)] 474396K->403193K(593408K), 0.0018533 secs] [Times: user=0.00 sys=0.00, real=0.01 secs] 
2728.578: [GC (Allocation Failure) [PSYoungGen: 72125K->1501K(71680K)] 473849K->403225K(592896K), 0.0020174 secs] [Times: user=0.01 sys=0.00, real=0.00 secs] 
2728.701: [GC (Allocation Failure) [PSYoungGen: 71645K->1485K(72192K)] 473369K->403209K(593408K), 0.0019195 secs] [Times: user=0.01 sys=0.00, real=0.00 secs] 
2729.143: [GC (Allocation Failure) [PSYoungGen: 72141K->1408K(72704K)] 473865K->403132K(593920K), 0.0045847 secs] [Times: user=0.02 sys=0.00, real=0.01 secs] 
2729.735: [GC (Allocation Failure) [PSYoungGen: 72064K->1344K(71680K)] 473788K->403068K(592896K), 0.0030802 secs] [Times: user=0.01 sys=0.00, real=0.00 secs] 
2730.294: [GC (Allocation Failure) [PSYoungGen: 71488K->1408K(71168K)] 473212K->403132K(592384K), 0.0046980 secs] [Times: user=0.02 sys=0.00, real=0.01 secs] 
2730.916: [GC (Allocation Failure) [PSYoungGen: 71040K->1424K(70656K)] 472764K->403148K(591872K), 0.0034834 secs] [Times: user=0.01 sys=0.00, real=0.00 secs] 
2731.213: [GC (Allocation Failure) [PSYoungGen: 70544K->1501K(70144K)] 472268K->403225K(591360K), 0.0022426 secs] [Times: user=0.01 sys=0.00, real=0.00 secs] 
2731.340: [GC (Allocation Failure) [PSYoungGen: 70109K->1469K(69632K)] 471833K->403193K(590848K), 0.0018414 secs] [Times: user=0.00 sys=0.00, real=0.00 secs] 
2731.461: [GC (Allocation Failure) [PSYoungGen: 69565K->1501K(76288K)] 471289K->403225K(597504K), 0.0017679 secs] [Times: user=0.01 sys=0.00, real=0.00 secs] 
2732.116: [GC (Allocation Failure) [PSYoungGen: 75741K->1952K(75776K)] 477465K->403676K(596992K), 0.0033467 secs] [Times: user=0.01 sys=0.00, real=0.00 secs] 
2733.716: [GC (Allocation Failure) [PSYoungGen: 75680K->1344K(74752K)] 477404K->403068K(595968K), 0.0048366 secs] [Times: user=0.02 sys=0.00, real=0.00 secs] 
2734.108: [GC (Allocation Failure) [PSYoungGen: 74560K->1408K(74240K)] 476284K->403132K(595456K), 0.0023044 secs] [Times: user=0.01 sys=0.00, real=0.00 secs] 
2734.794: [GC (Allocation Failure) [PSYoungGen: 74112K->1344K(73728K)] 475836K->403084K(594944K), 0.0027559 secs] [Times: user=0.01 sys=0.00, real=0.01 secs] 
2735.440: [GC (Allocation Failure) [PSYoungGen: 73536K->1472K(73216K)] 475276K->403212K(594432K), 0.0024926 secs] [Times: user=0.01 sys=0.00, real=0.00 secs] 
2735.596: [GC (Allocation Failure) [PSYoungGen: 73144K->1485K(72704K)] 474885K->403225K(593920K), 0.0019348 secs] [Times: user=0.01 sys=0.00, real=0.00 secs] 
2735.722: [GC (Allocation Failure) [PSYoungGen: 72653K->1501K(72192K)] 474393K->403241K(593408K), 0.0017875 secs] [Times: user=0.00 sys=0.00, real=0.00 secs] 
2735.866: [GC (Allocation Failure) [PSYoungGen: 72157K->1533K(73216K)] 473897K->403273K(594432K), 0.0021728 secs] [Times: user=0.01 sys=0.00, real=0.00 secs] 
2737.802: [GC (Allocation Failure) [PSYoungGen: 72701K->1376K(72192K)] 474441K->403116K(593408K), 0.0056664 secs] [Times: user=0.02 sys=0.01, real=0.01 secs] 
2738.447: [GC (Allocation Failure) [PSYoungGen: 72032K->1344K(71680K)] 473772K->403084K(592896K), 0.0037475 secs] [Times: user=0.02 sys=0.00, real=0.00 secs] 
2738.832: [GC (Allocation Failure) [PSYoungGen: 71488K->1408K(71168K)] 473228K->403148K(592384K), 0.0023648 secs] [Times: user=0.01 sys=0.00, real=0.00 secs] 
2739.122: [GC (Allocation Failure) [PSYoungGen: 71040K->1408K(70656K)] 472780K->403148K(591872K), 0.0023166 secs] [Times: user=0.01 sys=0.00, real=0.00 secs] 
2739.340: [GC (Allocation Failure) [PSYoungGen: 70528K->1469K(70144K)] 472268K->403209K(591360K), 0.0017546 secs] [Times: user=0.01 sys=0.00, real=0.00 secs] 
2739.461: [GC (Allocation Failure) [PSYoungGen: 70077K->1469K(69632K)] 471817K->403209K(590848K), 0.0018795 secs] [Times: user=0.01 sys=0.00, real=0.00 secs] 
2739.581: [GC (Allocation Failure) [PSYoungGen: 69565K->1437K(75264K)] 471305K->403177K(596480K), 0.0019586 secs] [Times: user=0.00 sys=0.00, real=0.00 secs] 
2739.710: [GC (Allocation Failure) [PSYoungGen: 75165K->1501K(75776K)] 476905K->403265K(596992K), 0.0018715 secs] [Times: user=0.01 sys=0.00, real=0.00 secs] 
2740.587: [GC (Allocation Failure) [PSYoungGen: 75229K->1424K(74752K)] 476993K->403188K(595968K), 0.0021715 secs] [Times: user=0.01 sys=0.00, real=0.00 secs] 
2741.389: [GC (Allocation Failure) [PSYoungGen: 74640K->1376K(74240K)] 476404K->403140K(595456K), 0.0033015 secs] [Times: user=0.01 sys=0.00, real=0.00 secs] 
2742.426: [GC (Allocation Failure) [PSYoungGen: 74080K->1344K(73728K)] 475844K->403108K(594944K), 0.0031237 secs] [Times: user=0.01 sys=0.00, real=0.00 secs] 
2743.480: [GC (Allocation Failure) [PSYoungGen: 73536K->1440K(73216K)] 475300K->403204K(594432K), 0.0032288 secs] [Times: user=0.02 sys=0.01, real=0.00 secs] 
2743.724: [GC (Allocation Failure) [PSYoungGen: 73097K->1469K(72704K)] 474861K->403233K(593920K), 0.0022388 secs] [Times: user=0.00 sys=0.00, real=0.01 secs] 
2743.866: [GC (Allocation Failure) [PSYoungGen: 72637K->1485K(72192K)] 474401K->403249K(593408K), 0.0018413 secs] [Times: user=0.01 sys=0.00, real=0.00 secs] 
2744.011: [GC (Allocation Failure) [PSYoungGen: 72141K->1469K(71680K)] 473905K->403233K(592896K), 0.0020974 secs] [Times: user=0.01 sys=0.00, real=0.00 secs] 
2745.263: [GC (Allocation Failure) [PSYoungGen: 71613K->1440K(71168K)] 473377K->403220K(592384K), 0.0053322 secs] [Times: user=0.02 sys=0.00, real=0.01 secs] 
2747.423: [GC (Allocation Failure) [PSYoungGen: 71072K->1408K(70656K)] 472852K->403188K(591872K), 0.0047769 secs] [Times: user=0.03 sys=0.00, real=0.01 secs] 
2748.650: [GC (Allocation Failure) [PSYoungGen: 70528K->1376K(70144K)] 472308K->403156K(591360K), 0.0051090 secs] [Times: user=0.03 sys=0.00, real=0.00 secs] 
2749.846: [GC (Allocation Failure) [PSYoungGen: 69984K->1408K(69632K)] 471764K->403188K(590848K), 0.0049157 secs] [Times: user=0.03 sys=0.00, real=0.00 secs] 
2750.579: [GC (Allocation Failure) [PSYoungGen: 69504K->1424K(69120K)] 471284K->403204K(590336K), 0.0032974 secs] [Times: user=0.01 sys=0.00, real=0.00 secs] 
2750.758: [GC (Allocation Failure) [PSYoungGen: 69008K->1501K(68608K)] 470788K->403281K(589824K), 0.0019591 secs] [Times: user=0.01 sys=0.00, real=0.00 secs] 
2750.877: [GC (Allocation Failure) [PSYoungGen: 68573K->1533K(68096K)] 470353K->403313K(589312K), 0.0020091 secs] [Times: user=0.00 sys=0.00, real=0.00 secs] 
2750.994: [GC (Allocation Failure) [PSYoungGen: 68093K->1501K(74240K)] 469873K->403281K(595456K), 0.0019005 secs] [Times: user=0.01 sys=0.00, real=0.01 secs] 
2751.399: [GC (Allocation Failure) [PSYoungGen: 74205K->1440K(73728K)] 475985K->403220K(594944K), 0.0022809 secs] [Times: user=0.01 sys=0.00, real=0.00 secs] 
2752.038: [GC (Allocation Failure) [PSYoungGen: 73632K->1392K(73216K)] 475412K->403172K(594432K), 0.0043326 secs] [Times: user=0.02 sys=0.00, real=0.00 secs] 
2752.512: [GC (Allocation Failure) [PSYoungGen: 73072K->1344K(72704K)] 474852K->403124K(593920K), 0.0026408 secs] [Times: user=0.01 sys=0.00, real=0.00 secs] 
2752.807: [GC (Allocation Failure) [PSYoungGen: 72512K->1408K(72192K)] 474292K->403188K(593408K), 0.0022246 secs] [Times: user=0.01 sys=0.00, real=0.00 secs] 
2753.029: [GC (Allocation Failure) [PSYoungGen: 72064K->1520K(71680K)] 473844K->403300K(592896K), 0.0019702 secs] [Times: user=0.01 sys=0.00, real=0.00 secs] 
2753.153: [GC (Allocation Failure) [PSYoungGen: 71664K->1501K(71168K)] 473444K->403281K(592384K), 0.0018078 secs] [Times: user=0.00 sys=0.00, real=0.00 secs] 
2753.276: [GC (Allocation Failure) [PSYoungGen: 71133K->1501K(72192K)] 472913K->403281K(593408K), 0.0017640 secs] [Times: user=0.00 sys=0.00, real=0.00 secs] 
2753.400: [GC (Allocation Failure) [PSYoungGen: 71645K->1485K(77824K)] 473425K->403281K(599040K), 0.0016944 secs] [Times: user=0.01 sys=0.00, real=0.00 secs] 
2754.469: [GC (Allocation Failure) [PSYoungGen: 77261K->1408K(76800K)] 479057K->403228K(598016K), 0.0039804 secs] [Times: user=0.02 sys=0.00, real=0.00 secs] 
2755.103: [GC (Allocation Failure) [PSYoungGen: 76672K->1376K(76288K)] 478492K->403196K(597504K), 0.0037263 secs] [Times: user=0.01 sys=0.00, real=0.01 secs] 
2755.725: [GC (Allocation Failure) [PSYoungGen: 76128K->1376K(75776K)] 477948K->403196K(596992K), 0.0031470 secs] [Times: user=0.01 sys=0.00, real=0.00 secs] 
2756.329: [GC (Allocation Failure) [PSYoungGen: 75616K->1472K(75264K)] 477436K->403292K(596480K), 0.0027433 secs] [Times: user=0.01 sys=0.00, real=0.00 secs] 
2756.544: [GC (Allocation Failure) [PSYoungGen: 75200K->1501K(74752K)] 477020K->403321K(595968K), 0.0024936 secs] [Times: user=0.01 sys=0.00, real=0.01 secs] 
2756.735: [GC (Allocation Failure) [PSYoungGen: 74717K->1533K(74240K)] 476537K->403353K(595456K), 0.0022227 secs] [Times: user=0.01 sys=0.00, real=0.00 secs] 
2756.916: [GC (Allocation Failure) [PSYoungGen: 74237K->1501K(73728K)] 476057K->403321K(594944K), 0.0022669 secs] [Times: user=0.01 sys=0.00, real=0.00 secs] 
2757.425: [GC (Allocation Failure) [PSYoungGen: 73693K->1440K(73216K)] 475513K->403260K(594432K), 0.0042515 secs] [Times: user=0.02 sys=0.00, real=0.01 secs] 
2758.232: [GC (Allocation Failure) [PSYoungGen: 73120K->1376K(72704K)] 474940K->403196K(593920K), 0.0047333 secs] [Times: user=0.02 sys=0.00, real=0.01 secs] 
2758.822: [GC (Allocation Failure) [PSYoungGen: 72544K->1424K(72192K)] 474364K->403244K(593408K), 0.0030808 secs] [Times: user=0.01 sys=0.00, real=0.00 secs] 
2759.442: [GC (Allocation Failure) [PSYoungGen: 72080K->1408K(71680K)] 473900K->403228K(592896K), 0.0032602 secs] [Times: user=0.01 sys=0.00, real=0.01 secs] 
2759.859: [GC (Allocation Failure) [PSYoungGen: 71552K->1469K(71168K)] 473372K->403289K(592384K), 0.0022301 secs] [Times: user=0.01 sys=0.00, real=0.00 secs] 
2759.998: [GC (Allocation Failure) [PSYoungGen: 71101K->1517K(70656K)] 472921K->403337K(591872K), 0.0018464 secs] [Times: user=0.01 sys=0.00, real=0.00 secs] 
2760.122: [GC (Allocation Failure) [PSYoungGen: 70637K->1501K(71168K)] 472457K->403321K(592384K), 0.0020782 secs] [Times: user=0.01 sys=0.00, real=0.00 secs] 
2760.245: [GC (Allocation Failure) [PSYoungGen: 70621K->1501K(71168K)] 472441K->403321K(592384K), 0.0017929 secs] [Times: user=0.01 sys=0.00, real=0.01 secs] 
2760.791: [GC (Allocation Failure) [PSYoungGen: 70621K->1376K(70144K)] 472441K->403204K(591360K), 0.0027045 secs] [Times: user=0.01 sys=0.00, real=0.00 secs] 
2761.136: [GC (Allocation Failure) [PSYoungGen: 69984K->1392K(69632K)] 471812K->403220K(590848K), 0.0023675 secs] [Times: user=0.00 sys=0.00, real=0.00 secs] 
2761.663: [GC (Allocation Failure) [PSYoungGen: 69488K->1392K(69120K)] 471316K->403220K(590336K), 0.0021806 secs] [Times: user=0.01 sys=0.00, real=0.01 secs] 
2762.539: [GC (Allocation Failure) [PSYoungGen: 68976K->1344K(68608K)] 470804K->403172K(589824K), 0.0037369 secs] [Times: user=0.01 sys=0.00, real=0.00 secs] 
2762.838: [GC (Allocation Failure) [PSYoungGen: 68416K->1501K(68096K)] 470244K->403329K(589312K), 0.0021267 secs] [Times: user=0.01 sys=0.00, real=0.00 secs] 
2762.960: [GC (Allocation Failure) [PSYoungGen: 68061K->1517K(67584K)] 469889K->403345K(588800K), 0.0017990 secs] [Times: user=0.01 sys=0.00, real=0.00 secs] 
2763.077: [GC (Allocation Failure) [PSYoungGen: 67565K->1501K(73216K)] 469393K->403329K(594432K), 0.0017539 secs] [Times: user=0.01 sys=0.00, real=0.00 secs] 
2763.244: [GC (Allocation Failure) [PSYoungGen: 73181K->1664K(73728K)] 475009K->403508K(594944K), 0.0020535 secs] [Times: user=0.01 sys=0.00, real=0.01 secs] 
2763.646: [GC (Allocation Failure) [PSYoungGen: 73344K->1440K(72704K)] 475188K->403284K(593920K), 0.0021960 secs] [Times: user=0.01 sys=0.00, real=0.00 secs] 
2764.241: [GC (Allocation Failure) [PSYoungGen: 72608K->1424K(72192K)] 474452K->403268K(593408K), 0.0073156 secs] [Times: user=0.03 sys=0.01, real=0.01 secs] 
2764.830: [GC (Allocation Failure) [PSYoungGen: 72080K->1344K(71680K)] 473924K->403188K(592896K), 0.0027825 secs] [Times: user=0.01 sys=0.00, real=0.00 secs] 
2765.344: [GC (Allocation Failure) [PSYoungGen: 71472K->1469K(71168K)] 473317K->403313K(592384K), 0.0022987 secs] [Times: user=0.01 sys=0.00, real=0.01 secs] 
2765.477: [GC (Allocation Failure) [PSYoungGen: 71101K->1453K(70656K)] 472945K->403297K(591872K), 0.0018399 secs] [Times: user=0.01 sys=0.00, real=0.00 secs] 
2765.600: [GC (Allocation Failure) [PSYoungGen: 70573K->1501K(77312K)] 472417K->403345K(598528K), 0.0017487 secs] [Times: user=0.01 sys=0.00, real=0.00 secs] 
2765.731: [GC (Allocation Failure) [PSYoungGen: 76765K->1533K(77312K)] 478609K->403377K(598528K), 0.0019051 secs] [Times: user=0.01 sys=0.00, real=0.00 secs] 
2766.018: [GC (Allocation Failure) [PSYoungGen: 76797K->1408K(77312K)] 478641K->403252K(598528K), 0.0020179 secs] [Times: user=0.00 sys=0.00, real=0.00 secs] 
2766.332: [GC (Allocation Failure) [PSYoungGen: 76672K->1424K(76288K)] 478516K->403268K(597504K), 0.0019341 secs] [Times: user=0.01 sys=0.00, real=0.00 secs] 
2766.964: [GC (Allocation Failure) [PSYoungGen: 76176K->1344K(75776K)] 478020K->403188K(596992K), 0.0024837 secs] [Times: user=0.01 sys=0.00, real=0.01 secs] 
2767.661: [GC (Allocation Failure) [PSYoungGen: 75584K->1408K(75264K)] 477428K->403252K(596480K), 0.0022185 secs] [Times: user=0.00 sys=0.00, real=0.00 secs] 
2767.959: [GC (Allocation Failure) [PSYoungGen: 75136K->1501K(74752K)] 476980K->403345K(595968K), 0.0018712 secs] [Times: user=0.01 sys=0.00, real=0.00 secs] 
2768.087: [GC (Allocation Failure) [PSYoungGen: 74717K->1533K(74240K)] 476561K->403377K(595456K), 0.0017566 secs] [Times: user=0.01 sys=0.00, real=0.00 secs] 
2768.216: [GC (Allocation Failure) [PSYoungGen: 74237K->1533K(73728K)] 476081K->403377K(594944K), 0.0018822 secs] [Times: user=0.01 sys=0.00, real=0.00 secs] 
2768.549: [GC (Allocation Failure) [PSYoungGen: 73725K->1472K(73216K)] 475569K->403316K(594432K), 0.0020010 secs] [Times: user=0.01 sys=0.00, real=0.00 secs] 
2769.236: [GC (Allocation Failure) [PSYoungGen: 73152K->1408K(72704K)] 474996K->403252K(593920K), 0.0048821 secs] [Times: user=0.02 sys=0.01, real=0.00 secs] 
2769.810: [GC (Allocation Failure) [PSYoungGen: 72576K->1408K(72192K)] 474420K->403252K(593408K), 0.0034978 secs] [Times: user=0.02 sys=0.00, real=0.00 secs] 
2770.111: [GC (Allocation Failure) [PSYoungGen: 72064K->1408K(71680K)] 473908K->403252K(592896K), 0.0024076 secs] [Times: user=0.01 sys=0.00, real=0.00 secs] 
2770.397: [GC (Allocation Failure) [PSYoungGen: 71552K->1533K(71168K)] 473396K->403377K(592384K), 0.0023155 secs] [Times: user=0.01 sys=0.00, real=0.00 secs] 
2770.526: [GC (Allocation Failure) [PSYoungGen: 71155K->1485K(78336K)] 472999K->403329K(599552K), 0.0035833 secs] [Times: user=0.02 sys=0.00, real=0.00 secs] 
2770.662: [GC (Allocation Failure) [PSYoungGen: 77773K->1533K(78848K)] 479617K->403377K(600064K), 0.0018843 secs] [Times: user=0.00 sys=0.00, real=0.00 secs] 
2770.797: [GC (Allocation Failure) [PSYoungGen: 78333K->1501K(78848K)] 480177K->403345K(600064K), 0.0018706 secs] [Times: user=0.01 sys=0.00, real=0.00 secs] 
2771.115: [GC (Allocation Failure) [PSYoungGen: 78301K->1456K(85504K)] 480145K->403308K(606720K), 0.0021506 secs] [Times: user=0.01 sys=0.00, real=0.01 secs] 
2771.464: [GC (Allocation Failure) [PSYoungGen: 85424K->1472K(86016K)] 487276K->403324K(607232K), 0.0038071 secs] [Times: user=0.00 sys=0.01, real=0.01 secs] 
2771.916: [GC (Allocation Failure) [PSYoungGen: 85440K->1376K(84992K)] 487292K->403228K(606208K), 0.0022620 secs] [Times: user=0.01 sys=0.00, real=0.00 secs] 
2772.401: [GC (Allocation Failure) [PSYoungGen: 84832K->1440K(84480K)] 486684K->403316K(605696K), 0.0020630 secs] [Times: user=0.00 sys=0.00, real=0.00 secs] 
2772.552: [GC (Allocation Failure) [PSYoungGen: 84384K->1501K(83968K)] 486260K->403385K(605184K), 0.0017480 secs] [Times: user=0.01 sys=0.01, real=0.00 secs] 
2772.721: [GC (Allocation Failure) [PSYoungGen: 83933K->1565K(91648K)] 485817K->403449K(612864K), 0.0021880 secs] [Times: user=0.01 sys=0.00, real=0.00 secs] 
2773.068: [GC (Allocation Failure) [PSYoungGen: 91165K->1408K(90112K)] 493049K->403292K(611328K), 0.0023931 secs] [Times: user=0.01 sys=0.00, real=0.00 secs] 
2773.502: [GC (Allocation Failure) [PSYoungGen: 89984K->1472K(89600K)] 491868K->403356K(610816K), 0.0021352 secs] [Times: user=0.01 sys=0.00, real=0.00 secs] 
2773.956: [GC (Allocation Failure) [PSYoungGen: 89536K->1360K(89088K)] 491420K->403244K(610304K), 0.0022133 secs] [Times: user=0.01 sys=0.00, real=0.00 secs] 
2774.405: [GC (Allocation Failure) [PSYoungGen: 88912K->1501K(88576K)] 490796K->403393K(609792K), 0.0023590 secs] [Times: user=0.01 sys=0.00, real=0.01 secs] 
2774.573: [GC (Allocation Failure) [PSYoungGen: 88541K->1501K(88064K)] 490433K->403409K(609280K), 0.0019360 secs] [Times: user=0.01 sys=0.00, real=0.01 secs] 
2774.726: [GC (Allocation Failure) [PSYoungGen: 88029K->1501K(87552K)] 489937K->403409K(608768K), 0.0020137 secs] [Times: user=0.01 sys=0.00, real=0.00 secs] 
2774.948: [GC (Allocation Failure) [PSYoungGen: 87517K->1472K(87040K)] 489425K->403380K(608256K), 0.0021908 secs] [Times: user=0.01 sys=0.00, real=0.00 secs] 
2775.759: [GC (Allocation Failure) [PSYoungGen: 86976K->1376K(86528K)] 488884K->403284K(607744K), 0.0023780 secs] [Times: user=0.01 sys=0.00, real=0.00 secs] 
2776.738: [GC (Allocation Failure) [PSYoungGen: 86368K->1408K(86016K)] 488276K->403316K(607232K), 0.0024440 secs] [Times: user=0.01 sys=0.00, real=0.00 secs] 
2777.489: [GC (Allocation Failure) [PSYoungGen: 85888K->1376K(85504K)] 487796K->403284K(606720K), 0.0023566 secs] [Times: user=0.01 sys=0.00, real=0.00 secs] 
2777.793: [GC (Allocation Failure) [PSYoungGen: 85344K->1533K(84992K)] 487252K->403441K(606208K), 0.0018490 secs] [Times: user=0.01 sys=0.00, real=0.00 secs] 
2777.940: [GC (Allocation Failure) [PSYoungGen: 84989K->1533K(84480K)] 486897K->403441K(605696K), 0.0019690 secs] [Times: user=0.00 sys=0.00, real=0.00 secs] 
2778.086: [GC (Allocation Failure) [PSYoungGen: 84477K->1533K(83968K)] 486385K->403441K(605184K), 0.0018592 secs] [Times: user=0.01 sys=0.00, real=0.00 secs] 
2778.826: [GC (Allocation Failure) [PSYoungGen: 83965K->1472K(83456K)] 485873K->403380K(604672K), 0.0021093 secs] [Times: user=0.01 sys=0.00, real=0.00 secs] 
2779.670: [GC (Allocation Failure) [PSYoungGen: 83392K->1408K(82944K)] 485300K->403316K(604160K), 0.0047078 secs] [Times: user=0.02 sys=0.00, real=0.00 secs] 
2780.344: [GC (Allocation Failure) [PSYoungGen: 82816K->1360K(82432K)] 484724K->403268K(603648K), 0.0032565 secs] [Times: user=0.02 sys=0.00, real=0.01 secs] 
2781.013: [GC (Allocation Failure) [PSYoungGen: 82256K->1472K(81920K)] 484164K->403380K(603136K), 0.0026629 secs] [Times: user=0.01 sys=0.00, real=0.01 secs] 
2781.187: [GC (Allocation Failure) [PSYoungGen: 81856K->1501K(81408K)] 483764K->403409K(602624K), 0.0020293 secs] [Times: user=0.01 sys=0.00, real=0.00 secs] 
2781.329: [GC (Allocation Failure) [PSYoungGen: 81373K->1501K(80896K)] 483281K->403409K(602112K), 0.0019425 secs] [Times: user=0.01 sys=0.00, real=0.00 secs] 
2781.473: [GC (Allocation Failure) [PSYoungGen: 80861K->1456K(80384K)] 482769K->403364K(601600K), 0.0018047 secs] [Times: user=0.01 sys=0.00, real=0.00 secs] 
2782.159: [GC (Allocation Failure) [PSYoungGen: 80304K->1376K(79872K)] 482212K->403284K(601088K), 0.0022514 secs] [Times: user=0.01 sys=0.00, real=0.00 secs] 
2782.485: [GC (Allocation Failure) [PSYoungGen: 79712K->1344K(79360K)] 481620K->403260K(600576K), 0.0022642 secs] [Times: user=0.01 sys=0.00, real=0.01 secs] 
2782.911: [GC (Allocation Failure) [PSYoungGen: 79168K->1344K(78848K)] 481084K->403260K(600064K), 0.0021144 secs] [Times: user=0.01 sys=0.00, real=0.00 secs] 
2783.286: [GC (Allocation Failure) [PSYoungGen: 78656K->1533K(78336K)] 480572K->403449K(599552K), 0.0018718 secs] [Times: user=0.01 sys=0.00, real=0.00 secs] 
2783.421: [GC (Allocation Failure) [PSYoungGen: 78333K->1501K(77824K)] 480249K->403433K(599040K), 0.0018279 secs] [Times: user=0.01 sys=0.00, real=0.00 secs] 
2783.556: [GC (Allocation Failure) [PSYoungGen: 77789K->1485K(77312K)] 479721K->403417K(598528K), 0.0018866 secs] [Times: user=0.01 sys=0.00, real=0.00 secs] 
2783.967: [GC (Allocation Failure) [PSYoungGen: 77261K->1504K(76800K)] 479193K->403476K(598016K), 0.0025561 secs] [Times: user=0.01 sys=0.00, real=0.00 secs] 
2785.083: [GC (Allocation Failure) [PSYoungGen: 76768K->1344K(76288K)] 478740K->403316K(597504K), 0.0039207 secs] [Times: user=0.02 sys=0.00, real=0.01 secs] 
2785.586: [GC (Allocation Failure) [PSYoungGen: 76096K->1376K(75776K)] 478068K->403348K(596992K), 0.0023637 secs] [Times: user=0.01 sys=0.00, real=0.00 secs] 
2785.896: [GC (Allocation Failure) [PSYoungGen: 75616K->1376K(75264K)] 477588K->403348K(596480K), 0.0024070 secs] [Times: user=0.01 sys=0.00, real=0.00 secs] 
2786.252: [GC (Allocation Failure) [PSYoungGen: 75104K->1517K(74752K)] 477076K->403489K(595968K), 0.0018207 secs] [Times: user=0.01 sys=0.00, real=0.00 secs] 
2786.382: [GC (Allocation Failure) [PSYoungGen: 74733K->1565K(74752K)] 476705K->403537K(595968K), 0.0018550 secs] [Times: user=0.01 sys=0.00, real=0.00 secs] 
2786.514: [GC (Allocation Failure) [PSYoungGen: 74269K->525K(73216K)] 476241K->403521K(594432K), 0.0016924 secs] [Times: user=0.00 sys=0.00, real=0.01 secs] 
2786.642: [GC (Allocation Failure) [PSYoungGen: 72717K->592K(75264K)] 475713K->403588K(596480K), 0.0017924 secs] [Times: user=0.00 sys=0.00, real=0.00 secs] 
2787.463: [GC (Allocation Failure) [PSYoungGen: 73808K->1504K(74240K)] 476804K->404500K(595456K), 0.0034082 secs] [Times: user=0.01 sys=0.00, real=0.01 secs] 
2788.055: [GC (Allocation Failure) [PSYoungGen: 74208K->1440K(73728K)] 477204K->404436K(594944K), 0.0026715 secs] [Times: user=0.01 sys=0.00, real=0.01 secs] 
2788.354: [GC (Allocation Failure) [PSYoungGen: 73632K->1440K(73216K)] 476628K->404436K(594432K), 0.0023767 secs] [Times: user=0.01 sys=0.00, real=0.01 secs] 
2788.730: [GC (Allocation Failure) [PSYoungGen: 73120K->1472K(72704K)] 476116K->404468K(593920K), 0.0022847 secs] [Times: user=0.01 sys=0.01, real=0.00 secs] 
2788.984: [GC (Allocation Failure) [PSYoungGen: 72640K->1533K(72192K)] 475636K->404585K(593408K), 0.0018707 secs] [Times: user=0.01 sys=0.00, real=0.01 secs] 
2789.110: [GC (Allocation Failure) [PSYoungGen: 72189K->1520K(71680K)] 475241K->404572K(592896K), 0.0019566 secs] [Times: user=0.01 sys=0.00, real=0.00 secs] 
2789.234: [GC (Allocation Failure) [PSYoungGen: 71664K->1520K(77312K)] 474716K->404596K(598528K), 0.0018675 secs] [Times: user=0.00 sys=0.00, real=0.01 secs] 
2789.852: [GC (Allocation Failure) [PSYoungGen: 77296K->1408K(76800K)] 480372K->404548K(598016K), 0.0045114 secs] [Times: user=0.02 sys=0.00, real=0.01 secs] 
2790.558: [GC (Allocation Failure) [PSYoungGen: 76672K->1392K(76288K)] 479812K->404532K(597504K), 0.0036893 secs] [Times: user=0.02 sys=0.00, real=0.00 secs] 
2790.898: [GC (Allocation Failure) [PSYoungGen: 76144K->1392K(75776K)] 479284K->404532K(596992K), 0.0024540 secs] [Times: user=0.01 sys=0.00, real=0.00 secs] 
2791.208: [GC (Allocation Failure) [PSYoungGen: 75632K->1376K(75264K)] 478772K->404516K(596480K), 0.0023082 secs] [Times: user=0.01 sys=0.00, real=0.00 secs] 
2791.512: [GC (Allocation Failure) [PSYoungGen: 75104K->1501K(74752K)] 478244K->404641K(595968K), 0.0018705 secs] [Times: user=0.00 sys=0.00, real=0.00 secs] 
2791.640: [GC (Allocation Failure) [PSYoungGen: 74717K->1533K(74240K)] 477857K->404673K(595456K), 0.0018612 secs] [Times: user=0.01 sys=0.00, real=0.00 secs] 
2791.771: [GC (Allocation Failure) [PSYoungGen: 74237K->1517K(74752K)] 477377K->404657K(595968K), 0.0018347 secs] [Times: user=0.01 sys=0.00, real=0.00 secs] 
2791.901: [GC (Allocation Failure) [PSYoungGen: 74221K->1501K(81408K)] 477361K->404641K(602624K), 0.0017481 secs] [Times: user=0.01 sys=0.00, real=0.00 secs] 
2793.244: [GC (Allocation Failure) [PSYoungGen: 80861K->1408K(80384K)] 484001K->404556K(601600K), 0.0033680 secs] [Times: user=0.01 sys=0.01, real=0.01 secs] 
2794.000: [GC (Allocation Failure) [PSYoungGen: 80256K->1360K(79872K)] 483404K->404508K(601088K), 0.0028946 secs] [Times: user=0.01 sys=0.00, real=0.00 secs] 
2794.742: [GC (Allocation Failure) [PSYoungGen: 79696K->1376K(79360K)] 482844K->404524K(600576K), 0.0031265 secs] [Times: user=0.01 sys=0.00, real=0.01 secs] 
2795.235: [GC (Allocation Failure) [PSYoungGen: 79200K->1533K(78848K)] 482348K->404681K(600064K), 0.0023676 secs] [Times: user=0.01 sys=0.00, real=0.01 secs] 
2795.390: [GC (Allocation Failure) [PSYoungGen: 78845K->1517K(78336K)] 481993K->404665K(599552K), 0.0016849 secs] [Times: user=0.01 sys=0.00, real=0.00 secs] 
2795.524: [GC (Allocation Failure) [PSYoungGen: 78317K->1501K(77824K)] 481465K->404649K(599040K), 0.0019070 secs] [Times: user=0.00 sys=0.00, real=0.01 secs] 
2795.660: [GC (Allocation Failure) [PSYoungGen: 77297K->224K(78336K)] 480445K->403372K(599552K), 0.0020526 secs] [Times: user=0.01 sys=0.00, real=0.00 secs] 
2796.643: [GC (Allocation Failure) [PSYoungGen: 76512K->1376K(77312K)] 479660K->404524K(598528K), 0.0032777 secs] [Times: user=0.01 sys=0.00, real=0.01 secs] 
2797.550: [GC (Allocation Failure) [PSYoungGen: 77152K->1344K(76800K)] 480300K->404492K(598016K), 0.0030973 secs] [Times: user=0.01 sys=0.00, real=0.00 secs] 
2798.208: [GC (Allocation Failure) [PSYoungGen: 76608K->1392K(76288K)] 479756K->404540K(597504K), 0.0031332 secs] [Times: user=0.02 sys=0.00, real=0.00 secs] 
2798.727: [GC (Allocation Failure) [PSYoungGen: 76144K->1469K(75776K)] 479292K->404617K(596992K), 0.0026259 secs] [Times: user=0.01 sys=0.00, real=0.00 secs] 
2798.887: [GC (Allocation Failure) [PSYoungGen: 75709K->1501K(75264K)] 478857K->404649K(596480K), 0.0018020 secs] [Times: user=0.01 sys=0.00, real=0.00 secs] 
2799.016: [GC (Allocation Failure) [PSYoungGen: 75229K->1453K(74752K)] 478377K->404601K(595968K), 0.0018826 secs] [Times: user=0.01 sys=0.00, real=0.00 secs] 
2799.165: [GC (Allocation Failure) [PSYoungGen: 74669K->1501K(81408K)] 477817K->404649K(602624K), 0.0021275 secs] [Times: user=0.01 sys=0.00, real=0.01 secs] 
2799.795: [GC (Allocation Failure) [PSYoungGen: 81373K->1440K(80896K)] 484521K->404588K(602112K), 0.0023319 secs] [Times: user=0.01 sys=0.00, real=0.01 secs] 
2800.138: [GC (Allocation Failure) [PSYoungGen: 80800K->1328K(80384K)] 483948K->404476K(601600K), 0.0025564 secs] [Times: user=0.01 sys=0.00, real=0.00 secs] 
2800.676: [GC (Allocation Failure) [PSYoungGen: 80176K->1392K(79872K)] 483324K->404540K(601088K), 0.0026904 secs] [Times: user=0.01 sys=0.00, real=0.00 secs] 
2801.222: [GC (Allocation Failure) [PSYoungGen: 79728K->1485K(79360K)] 482876K->404633K(600576K), 0.0036998 secs] [Times: user=0.02 sys=0.00, real=0.01 secs] 
2801.438: [GC (Allocation Failure) [PSYoungGen: 79309K->1501K(78848K)] 482457K->404649K(600064K), 0.0020678 secs] [Times: user=0.01 sys=0.00, real=0.00 secs] 
2801.576: [GC (Allocation Failure) [PSYoungGen: 78813K->1501K(78336K)] 481961K->404649K(599552K), 0.0021102 secs] [Times: user=0.01 sys=0.00, real=0.00 secs] 
2801.711: [GC (Allocation Failure) [PSYoungGen: 78301K->1469K(78848K)] 481449K->404617K(600064K), 0.0017756 secs] [Times: user=0.00 sys=0.00, real=0.00 secs] 
2802.384: [GC (Allocation Failure) [PSYoungGen: 78269K->1440K(77824K)] 481417K->404588K(599040K), 0.0036560 secs] [Times: user=0.02 sys=0.01, real=0.01 secs] 
2803.046: [GC (Allocation Failure) [PSYoungGen: 77728K->1392K(77312K)] 480876K->404540K(598528K), 0.0038649 secs] [Times: user=0.01 sys=0.00, real=0.00 secs] 
2803.498: [GC (Allocation Failure) [PSYoungGen: 77168K->1376K(76800K)] 480316K->404548K(598016K), 0.0022312 secs] [Times: user=0.01 sys=0.00, real=0.00 secs] 
2803.800: [GC (Allocation Failure) [PSYoungGen: 76640K->1437K(76288K)] 479812K->404609K(597504K), 0.0018830 secs] [Times: user=0.00 sys=0.00, real=0.00 secs] 
2803.932: [GC (Allocation Failure) [PSYoungGen: 76189K->1533K(75776K)] 479361K->404705K(596992K), 0.0018626 secs] [Times: user=0.01 sys=0.00, real=0.00 secs] 
2804.064: [GC (Allocation Failure) [PSYoungGen: 75773K->1501K(81920K)] 478945K->404673K(603136K), 0.0018415 secs] [Times: user=0.01 sys=0.00, real=0.01 secs] 
2804.204: [GC (Allocation Failure) [PSYoungGen: 81885K->1504K(82432K)] 485057K->404676K(603648K), 0.0018763 secs] [Times: user=0.01 sys=0.01, real=0.01 secs] 
2804.535: [GC (Allocation Failure) [PSYoungGen: 81888K->1440K(81408K)] 485060K->404612K(602624K), 0.0020615 secs] [Times: user=0.01 sys=0.00, real=0.01 secs] 
2804.867: [GC (Allocation Failure) [PSYoungGen: 81312K->1408K(80896K)] 484484K->404580K(602112K), 0.0022390 secs] [Times: user=0.01 sys=0.00, real=0.00 secs] 
2805.197: [GC (Allocation Failure) [PSYoungGen: 80768K->1408K(80384K)] 483940K->404580K(601600K), 0.0028059 secs] [Times: user=0.01 sys=0.00, real=0.00 secs] 
2805.529: [GC (Allocation Failure) [PSYoungGen: 80256K->1501K(79872K)] 483428K->404673K(601088K), 0.0021568 secs] [Times: user=0.01 sys=0.00, real=0.00 secs] 
2805.669: [GC (Allocation Failure) [PSYoungGen: 79837K->1533K(79360K)] 483009K->404705K(600576K), 0.0019503 secs] [Times: user=0.01 sys=0.00, real=0.00 secs] 
2805.807: [GC (Allocation Failure) [PSYoungGen: 79357K->1504K(79872K)] 482529K->404676K(601088K), 0.0018409 secs] [Times: user=0.01 sys=0.00, real=0.00 secs] 
2805.966: [GC (Allocation Failure) [PSYoungGen: 79037K->224K(79872K)] 482209K->403396K(601088K), 0.0021379 secs] [Times: user=0.01 sys=0.00, real=0.00 secs] 
2807.088: [GC (Allocation Failure) [PSYoungGen: 78048K->1344K(78848K)] 481220K->404516K(600064K), 0.0027194 secs] [Times: user=0.01 sys=0.00, real=0.00 secs] 
2807.839: [GC (Allocation Failure) [PSYoungGen: 78656K->1408K(78336K)] 481828K->404580K(599552K), 0.0025368 secs] [Times: user=0.01 sys=0.00, real=0.00 secs] 
2808.737: [GC (Allocation Failure) [PSYoungGen: 78208K->1344K(77824K)] 481380K->404516K(599040K), 0.0038065 secs] [Times: user=0.02 sys=0.00, real=0.00 secs] 
2809.282: [GC (Allocation Failure) [PSYoungGen: 77632K->1469K(77312K)] 480804K->404641K(598528K), 0.0031085 secs] [Times: user=0.02 sys=0.00, real=0.01 secs] 
2809.484: [GC (Allocation Failure) [PSYoungGen: 77245K->1533K(76800K)] 480417K->404705K(598016K), 0.0018427 secs] [Times: user=0.01 sys=0.00, real=0.01 secs] 
2809.636: [GC (Allocation Failure) [PSYoungGen: 76797K->1533K(76288K)] 479969K->404705K(597504K), 0.0022496 secs] [Times: user=0.01 sys=0.00, real=0.00 secs] 
2809.798: [GC (Allocation Failure) [PSYoungGen: 76285K->1501K(75776K)] 479457K->404673K(596992K), 0.0019591 secs] [Times: user=0.01 sys=0.00, real=0.00 secs] 
2810.490: [GC (Allocation Failure) [PSYoungGen: 75741K->1408K(75264K)] 478913K->404580K(596480K), 0.0037857 secs] [Times: user=0.02 sys=0.00, real=0.00 secs] 
2811.086: [GC (Allocation Failure) [PSYoungGen: 75136K->1376K(74752K)] 478308K->404548K(595968K), 0.0035978 secs] [Times: user=0.01 sys=0.00, real=0.00 secs] 
2811.597: [GC (Allocation Failure) [PSYoungGen: 74592K->1408K(74240K)] 477764K->404580K(595456K), 0.0029221 secs] [Times: user=0.01 sys=0.00, real=0.00 secs] 
2812.185: [GC (Allocation Failure) [PSYoungGen: 74112K->1501K(73728K)] 477284K->404673K(594944K), 0.0028196 secs] [Times: user=0.01 sys=0.00, real=0.01 secs] 
2812.423: [GC (Allocation Failure) [PSYoungGen: 73693K->1501K(73216K)] 476865K->404673K(594432K), 0.0023355 secs] [Times: user=0.01 sys=0.00, real=0.01 secs] 
2812.603: [GC (Allocation Failure) [PSYoungGen: 73181K->1533K(72704K)] 476353K->404705K(593920K), 0.0022447 secs] [Times: user=0.01 sys=0.01, real=0.00 secs] 
2812.759: [GC (Allocation Failure) [PSYoungGen: 72701K->1504K(72192K)] 475873K->404676K(593408K), 0.0019518 secs] [Times: user=0.00 sys=0.00, real=0.00 secs] 
2813.260: [GC (Allocation Failure) [PSYoungGen: 72160K->1424K(71680K)] 475332K->404596K(592896K), 0.0049362 secs] [Times: user=0.02 sys=0.00, real=0.00 secs] 
2814.143: [GC (Allocation Failure) [PSYoungGen: 71568K->1376K(71168K)] 474740K->404556K(592384K), 0.0049649 secs] [Times: user=0.02 sys=0.00, real=0.01 secs] 
2814.791: [GC (Allocation Failure) [PSYoungGen: 71008K->1376K(70656K)] 474188K->404572K(591872K), 0.0028146 secs] [Times: user=0.02 sys=0.00, real=0.00 secs] 
2815.095: [GC (Allocation Failure) [PSYoungGen: 70496K->1408K(70144K)] 473692K->404604K(591360K), 0.0022430 secs] [Times: user=0.01 sys=0.00, real=0.01 secs] 
2815.328: [GC (Allocation Failure) [PSYoungGen: 70016K->1501K(69632K)] 473212K->404697K(590848K), 0.0017117 secs] [Times: user=0.01 sys=0.00, real=0.00 secs] 
2815.447: [GC (Allocation Failure) [PSYoungGen: 69597K->1469K(69120K)] 472793K->404665K(590336K), 0.0019967 secs] [Times: user=0.01 sys=0.00, real=0.00 secs] 
2815.567: [GC (Allocation Failure) [PSYoungGen: 69053K->1501K(75264K)] 472249K->404697K(596480K), 0.0017281 secs] [Times: user=0.01 sys=0.00, real=0.00 secs] 
2815.696: [GC (Allocation Failure) [PSYoungGen: 75229K->1533K(76288K)] 478425K->404729K(597504K), 0.0018625 secs] [Times: user=0.00 sys=0.00, real=0.00 secs] 
2816.295: [GC (Allocation Failure) [PSYoungGen: 75773K->1376K(75264K)] 478969K->404580K(596480K), 0.0025756 secs] [Times: user=0.01 sys=0.00, real=0.01 secs] 
2817.070: [GC (Allocation Failure) [PSYoungGen: 75104K->1408K(74752K)] 478308K->404612K(595968K), 0.0047500 secs] [Times: user=0.02 sys=0.00, real=0.00 secs] 
2817.840: [GC (Allocation Failure) [PSYoungGen: 74624K->1376K(74240K)] 477828K->404580K(595456K), 0.0044802 secs] [Times: user=0.02 sys=0.00, real=0.00 secs] 
2818.562: [GC (Allocation Failure) [PSYoungGen: 74080K->1344K(73728K)] 477284K->404548K(594944K), 0.0040457 secs] [Times: user=0.02 sys=0.01, real=0.01 secs] 
2818.818: [GC (Allocation Failure) [PSYoungGen: 73536K->1533K(73216K)] 476740K->404737K(594432K), 0.0018347 secs] [Times: user=0.01 sys=0.00, real=0.00 secs] 
2818.944: [GC (Allocation Failure) [PSYoungGen: 73213K->1469K(72704K)] 476417K->404673K(593920K), 0.0018220 secs] [Times: user=0.00 sys=0.00, real=0.01 secs] 
2819.070: [GC (Allocation Failure) [PSYoungGen: 72637K->1472K(78848K)] 475841K->404676K(600064K), 0.0018950 secs] [Times: user=0.01 sys=0.00, real=0.00 secs] 
2819.493: [GC (Allocation Failure) [PSYoungGen: 78784K->1504K(78336K)] 481988K->404708K(599552K), 0.0023486 secs] [Times: user=0.01 sys=0.00, real=0.01 secs] 
2819.812: [GC (Allocation Failure) [PSYoungGen: 78304K->1328K(77824K)] 481508K->404532K(599040K), 0.0023479 secs] [Times: user=0.01 sys=0.00, real=0.00 secs] 
2820.128: [GC (Allocation Failure) [PSYoungGen: 77616K->1376K(77312K)] 480820K->404580K(598528K), 0.0023533 secs] [Times: user=0.01 sys=0.00, real=0.00 secs] 
2820.443: [GC (Allocation Failure) [PSYoungGen: 77152K->1376K(76800K)] 480356K->404580K(598016K), 0.0023347 secs] [Times: user=0.01 sys=0.00, real=0.01 secs] 
2820.659: [GC (Allocation Failure) [PSYoungGen: 76640K->1501K(76288K)] 479844K->404705K(597504K), 0.0018828 secs] [Times: user=0.01 sys=0.00, real=0.00 secs] 
2820.791: [GC (Allocation Failure) [PSYoungGen: 76253K->1533K(75776K)] 479457K->404737K(596992K), 0.0018604 secs] [Times: user=0.01 sys=0.00, real=0.00 secs] 
2820.945: [GC (Allocation Failure) [PSYoungGen: 75773K->1533K(76288K)] 478977K->404737K(597504K), 0.0020761 secs] [Times: user=0.01 sys=0.00, real=0.01 secs] 
2821.185: [GC (Allocation Failure) [PSYoungGen: 75773K->1440K(81920K)] 478977K->404644K(603136K), 0.0022860 secs] [Times: user=0.01 sys=0.00, real=0.00 secs] 
2821.521: [GC (Allocation Failure) [PSYoungGen: 81824K->1408K(82432K)] 485028K->404612K(603648K), 0.0049410 secs] [Times: user=0.01 sys=0.01, real=0.01 secs] 
2821.857: [GC (Allocation Failure) [PSYoungGen: 81792K->1392K(81408K)] 484996K->404596K(602624K), 0.0020910 secs] [Times: user=0.01 sys=0.00, real=0.00 secs] 
2822.189: [GC (Allocation Failure) [PSYoungGen: 81264K->1408K(80896K)] 484468K->404628K(602112K), 0.0022570 secs] [Times: user=0.01 sys=0.01, real=0.00 secs] 
2822.410: [GC (Allocation Failure) [PSYoungGen: 80768K->1501K(80384K)] 483988K->404721K(601600K), 0.0017833 secs] [Times: user=0.01 sys=0.00, real=0.00 secs] 
2822.548: [GC (Allocation Failure) [PSYoungGen: 80349K->1485K(79872K)] 483569K->404705K(601088K), 0.0019008 secs] [Times: user=0.00 sys=0.00, real=0.00 secs] 
2822.685: [GC (Allocation Failure) [PSYoungGen: 79821K->1533K(87040K)] 483041K->404753K(608256K), 0.0019230 secs] [Times: user=0.00 sys=0.00, real=0.00 secs] 
2823.267: [GC (Allocation Failure) [PSYoungGen: 87037K->1440K(86528K)] 490257K->404660K(607744K), 0.0022124 secs] [Times: user=0.01 sys=0.00, real=0.00 secs] 
2824.076: [GC (Allocation Failure) [PSYoungGen: 86432K->1376K(86016K)] 489652K->404596K(607232K), 0.0082524 secs] [Times: user=0.04 sys=0.00, real=0.00 secs] 
2824.663: [GC (Allocation Failure) [PSYoungGen: 85856K->1392K(85504K)] 489076K->404612K(606720K), 0.0023809 secs] [Times: user=0.01 sys=0.00, real=0.00 secs] 
2825.238: [GC (Allocation Failure) [PSYoungGen: 85360K->1501K(84992K)] 488580K->404721K(606208K), 0.0025014 secs] [Times: user=0.01 sys=0.00, real=0.00 secs] 
2825.409: [GC (Allocation Failure) [PSYoungGen: 84957K->1533K(84480K)] 488177K->404753K(605696K), 0.0018940 secs] [Times: user=0.01 sys=0.00, real=0.00 secs] 
2825.555: [GC (Allocation Failure) [PSYoungGen: 84477K->1469K(83968K)] 487697K->404689K(605184K), 0.0018858 secs] [Times: user=0.01 sys=0.00, real=0.01 secs] 
2825.699: [GC (Allocation Failure) [PSYoungGen: 83901K->1472K(84480K)] 487121K->404692K(605696K), 0.0018248 secs] [Times: user=0.01 sys=0.00, real=0.00 secs] 
2827.579: [GC (Allocation Failure) [PSYoungGen: 83904K->1408K(83456K)] 487124K->404628K(604672K), 0.0054685 secs] [Times: user=0.02 sys=0.00, real=0.00 secs] 
2827.983: [GC (Allocation Failure) [PSYoungGen: 83328K->1424K(82944K)] 486548K->404644K(604160K), 0.0055398 secs] [Times: user=0.01 sys=0.02, real=0.01 secs] 
2828.326: [GC (Allocation Failure) [PSYoungGen: 82832K->1408K(82432K)] 486052K->404628K(603648K), 0.0021046 secs] [Times: user=0.01 sys=0.00, real=0.00 secs] 
2828.589: [GC (Allocation Failure) [PSYoungGen: 82304K->1533K(81920K)] 485524K->404753K(603136K), 0.0019032 secs] [Times: user=0.01 sys=0.00, real=0.00 secs] 
2828.730: [GC (Allocation Failure) [PSYoungGen: 81917K->1517K(81408K)] 485137K->404737K(602624K), 0.0018866 secs] [Times: user=0.01 sys=0.00, real=0.00 secs] 
2828.871: [GC (Allocation Failure) [PSYoungGen: 81389K->1469K(89088K)] 484609K->404689K(610304K), 0.0018414 secs] [Times: user=0.01 sys=0.00, real=0.00 secs] 
2829.939: [GC (Allocation Failure) [PSYoungGen: 88509K->1408K(88064K)] 491729K->404628K(609280K), 0.0035792 secs] [Times: user=0.01 sys=0.00, real=0.00 secs] 
2831.488: [GC (Allocation Failure) [PSYoungGen: 87936K->1408K(87552K)] 491156K->404628K(608768K), 0.0045375 secs] [Times: user=0.02 sys=0.00, real=0.00 secs] 
2832.742: [GC (Allocation Failure) [PSYoungGen: 87424K->1408K(87040K)] 490644K->404628K(608256K), 0.0038523 secs] [Times: user=0.01 sys=0.00, real=0.01 secs] 
2833.778: [GC (Allocation Failure) [PSYoungGen: 86902K->1472K(86528K)] 490123K->404692K(607744K), 0.0033850 secs] [Times: user=0.01 sys=0.00, real=0.00 secs] 
2833.997: [GC (Allocation Failure) [PSYoungGen: 86464K->1485K(86016K)] 489684K->404705K(607232K), 0.0019794 secs] [Times: user=0.00 sys=0.01, real=0.00 secs] 
2834.147: [GC (Allocation Failure) [PSYoungGen: 85965K->1501K(85504K)] 489185K->404721K(606720K), 0.0019286 secs] [Times: user=0.00 sys=0.00, real=0.00 secs] 
2834.428: [GC (Allocation Failure) [PSYoungGen: 85469K->1952K(86016K)] 488689K->405172K(607232K), 0.0047949 secs] [Times: user=0.02 sys=0.00, real=0.00 secs] 
2835.263: [GC (Allocation Failure) [PSYoungGen: 85920K->1392K(84992K)] 489140K->404612K(606208K), 0.0024570 secs] [Times: user=0.01 sys=0.00, real=0.00 secs] 
2836.028: [GC (Allocation Failure) [PSYoungGen: 84848K->1408K(84480K)] 488068K->404628K(605696K), 0.0024476 secs] [Times: user=0.01 sys=0.00, real=0.00 secs] 
2836.726: [GC (Allocation Failure) [PSYoungGen: 84352K->1376K(83968K)] 487572K->404620K(605184K), 0.0024108 secs] [Times: user=0.01 sys=0.00, real=0.00 secs] 
2837.056: [GC (Allocation Failure) [PSYoungGen: 83808K->1504K(83456K)] 487052K->404748K(604672K), 0.0018807 secs] [Times: user=0.01 sys=0.00, real=0.00 secs] 
2837.199: [GC (Allocation Failure) [PSYoungGen: 83424K->1533K(82944K)] 486668K->404777K(604160K), 0.0019973 secs] [Times: user=0.01 sys=0.00, real=0.00 secs] 
2837.343: [GC (Allocation Failure) [PSYoungGen: 82941K->1469K(82432K)] 486185K->404713K(603648K), 0.0019158 secs] [Times: user=0.01 sys=0.01, real=0.01 secs] 
2837.686: [GC (Allocation Failure) [PSYoungGen: 82365K->1424K(81920K)] 485609K->404676K(603136K), 0.0023258 secs] [Times: user=0.01 sys=0.00, real=0.00 secs] 
2838.188: [GC (Allocation Failure) [PSYoungGen: 81808K->1392K(81408K)] 485060K->404644K(602624K), 0.0023550 secs] [Times: user=0.01 sys=0.00, real=0.00 secs] 
2839.299: [GC (Allocation Failure) [PSYoungGen: 81264K->1360K(80896K)] 484516K->404612K(602112K), 0.0023486 secs] [Times: user=0.00 sys=0.00, real=0.00 secs] 
2840.510: [GC (Allocation Failure) [PSYoungGen: 80720K->1440K(80384K)] 483972K->404692K(601600K), 0.0026924 secs] [Times: user=0.01 sys=0.00, real=0.00 secs] 
2840.683: [GC (Allocation Failure) [PSYoungGen: 80288K->1565K(80384K)] 483540K->404817K(601600K), 0.0019620 secs] [Times: user=0.01 sys=0.00, real=0.00 secs] 
2840.844: [GC (Allocation Failure) [PSYoungGen: 79901K->1501K(79360K)] 483153K->404753K(600576K), 0.0021292 secs] [Times: user=0.00 sys=0.00, real=0.01 secs] 
2841.017: [GC (Allocation Failure) [PSYoungGen: 79325K->1533K(78848K)] 482577K->404785K(600064K), 0.0024308 secs] [Times: user=0.01 sys=0.00, real=0.00 secs] 
2841.561: [GC (Allocation Failure) [PSYoungGen: 78845K->1472K(78336K)] 482097K->404724K(599552K), 0.0023761 secs] [Times: user=0.01 sys=0.00, real=0.00 secs] 
2841.881: [GC (Allocation Failure) [PSYoungGen: 78272K->1408K(77824K)] 481524K->404668K(599040K), 0.0024831 secs] [Times: user=0.01 sys=0.00, real=0.00 secs] 
2842.279: [GC (Allocation Failure) [PSYoungGen: 77696K->1360K(77312K)] 480956K->404620K(598528K), 0.0022366 secs] [Times: user=0.01 sys=0.00, real=0.00 secs] 
2842.895: [GC (Allocation Failure) [PSYoungGen: 77136K->1469K(76800K)] 480396K->404729K(598016K), 0.0030342 secs] [Times: user=0.02 sys=0.00, real=0.01 secs] 
2843.078: [GC (Allocation Failure) [PSYoungGen: 76733K->1501K(76288K)] 479993K->404761K(597504K), 0.0018912 secs] [Times: user=0.01 sys=0.00, real=0.00 secs] 
2843.209: [GC (Allocation Failure) [PSYoungGen: 76253K->1472K(75776K)] 479513K->404732K(596992K), 0.0019592 secs] [Times: user=0.01 sys=0.00, real=0.00 secs] 
2843.340: [GC (Allocation Failure) [PSYoungGen: 75712K->1501K(76288K)] 478972K->404785K(597504K), 0.0018910 secs] [Times: user=0.01 sys=0.00, real=0.00 secs] 
2843.855: [GC (Allocation Failure) [PSYoungGen: 76253K->1376K(75776K)] 479537K->404660K(596992K), 0.0029422 secs] [Times: user=0.01 sys=0.00, real=0.01 secs] 
2844.537: [GC (Allocation Failure) [PSYoungGen: 75616K->1344K(75264K)] 478900K->404636K(596480K), 0.0032141 secs] [Times: user=0.02 sys=0.00, real=0.00 secs] 
2844.995: [GC (Allocation Failure) [PSYoungGen: 75072K->1376K(74752K)] 478364K->404668K(595968K), 0.0023335 secs] [Times: user=0.01 sys=0.00, real=0.01 secs] 
2845.786: [GC (Allocation Failure) [PSYoungGen: 74592K->1376K(74240K)] 477884K->404668K(595456K), 0.0031931 secs] [Times: user=0.02 sys=0.00, real=0.00 secs] 
2846.143: [GC (Allocation Failure) [PSYoungGen: 74080K->1501K(73728K)] 477372K->404793K(594944K), 0.0022862 secs] [Times: user=0.01 sys=0.00, real=0.01 secs] 
2846.275: [GC (Allocation Failure) [PSYoungGen: 73693K->1469K(73216K)] 476985K->404761K(594432K), 0.0019464 secs] [Times: user=0.01 sys=0.00, real=0.01 secs] 
2846.402: [GC (Allocation Failure) [PSYoungGen: 73149K->1501K(72704K)] 476441K->404793K(593920K), 0.0018888 secs] [Times: user=0.01 sys=0.00, real=0.00 secs] 
2846.797: [GC (Allocation Failure) [PSYoungGen: 72669K->1408K(72192K)] 475961K->404700K(593408K), 0.0021598 secs] [Times: user=0.01 sys=0.00, real=0.00 secs] 
2847.903: [GC (Allocation Failure) [PSYoungGen: 72064K->1408K(71680K)] 475356K->404700K(592896K), 0.0037092 secs] [Times: user=0.01 sys=0.00, real=0.01 secs] 
2848.954: [GC (Allocation Failure) [PSYoungGen: 71552K->1376K(71168K)] 474844K->404668K(592384K), 0.0050436 secs] [Times: user=0.02 sys=0.00, real=0.01 secs] 
2849.592: [GC (Allocation Failure) [PSYoungGen: 71008K->1392K(70656K)] 474300K->404684K(591872K), 0.0041570 secs] [Times: user=0.01 sys=0.01, real=0.01 secs] 
2850.133: [GC (Allocation Failure) [PSYoungGen: 70512K->1504K(70144K)] 473804K->404796K(591360K), 0.0032081 secs] [Times: user=0.01 sys=0.00, real=0.01 secs] 
2850.306: [GC (Allocation Failure) [PSYoungGen: 70112K->1533K(69632K)] 473404K->404825K(590848K), 0.0020000 secs] [Times: user=0.00 sys=0.00, real=0.00 secs] 
2850.427: [GC (Allocation Failure) [PSYoungGen: 69629K->1533K(69120K)] 472921K->404825K(590336K), 0.0018899 secs] [Times: user=0.01 sys=0.00, real=0.00 secs] 
2850.549: [GC (Allocation Failure) [PSYoungGen: 69117K->1469K(69632K)] 472409K->404761K(590848K), 0.0019201 secs] [Times: user=0.01 sys=0.00, real=0.00 secs] 
2850.817: [GC (Allocation Failure) [PSYoungGen: 69053K->1472K(75776K)] 472345K->404764K(596992K), 0.0021450 secs] [Times: user=0.01 sys=0.00, real=0.00 secs] 
2851.126: [GC (Allocation Failure) [PSYoungGen: 75200K->1376K(74752K)] 478492K->404668K(595968K), 0.0021126 secs] [Times: user=0.01 sys=0.00, real=0.00 secs] 
2851.430: [GC (Allocation Failure) [PSYoungGen: 74592K->1376K(74240K)] 477884K->404668K(595456K), 0.0023122 secs] [Times: user=0.01 sys=0.00, real=0.00 secs] 
2851.785: [GC (Allocation Failure) [PSYoungGen: 74080K->1376K(73728K)] 477372K->404668K(594944K), 0.0024066 secs] [Times: user=0.01 sys=0.00, real=0.01 secs] 
2852.035: [GC (Allocation Failure) [PSYoungGen: 73568K->1469K(73216K)] 476860K->404761K(594432K), 0.0018799 secs] [Times: user=0.00 sys=0.00, real=0.00 secs] 
2852.161: [GC (Allocation Failure) [PSYoungGen: 73149K->1453K(72704K)] 476441K->404745K(593920K), 0.0019452 secs] [Times: user=0.00 sys=0.00, real=0.00 secs] 
2852.287: [GC (Allocation Failure) [PSYoungGen: 72621K->1485K(73216K)] 475913K->404777K(594432K), 0.0018792 secs] [Times: user=0.01 sys=0.00, real=0.00 secs] 
2852.413: [GC (Allocation Failure) [PSYoungGen: 72653K->1501K(73216K)] 475945K->404809K(594432K), 0.0018024 secs] [Times: user=0.01 sys=0.00, real=0.00 secs] 
2852.776: [GC (Allocation Failure) [PSYoungGen: 72669K->1408K(78848K)] 475977K->404732K(600064K), 0.0022085 secs] [Times: user=0.01 sys=0.00, real=0.00 secs] 
2853.098: [GC (Allocation Failure) [PSYoungGen: 78720K->1360K(78336K)] 482044K->404684K(599552K), 0.0021498 secs] [Times: user=0.01 sys=0.00, real=0.00 secs] 
2853.417: [GC (Allocation Failure) [PSYoungGen: 78160K->1424K(77824K)] 481484K->404748K(599040K), 0.0021406 secs] [Times: user=0.01 sys=0.00, real=0.00 secs] 
2853.772: [GC (Allocation Failure) [PSYoungGen: 77712K->1533K(77312K)] 481036K->404857K(598528K), 0.0024597 secs] [Times: user=0.01 sys=0.00, real=0.00 secs] 
2853.925: [GC (Allocation Failure) [PSYoungGen: 77309K->1485K(76800K)] 480633K->404809K(598016K), 0.0019470 secs] [Times: user=0.01 sys=0.00, real=0.01 secs] 
2854.057: [GC (Allocation Failure) [PSYoungGen: 76749K->1501K(77312K)] 480073K->404825K(598528K), 0.0018521 secs] [Times: user=0.00 sys=0.00, real=0.00 secs] 
2854.189: [GC (Allocation Failure) [PSYoungGen: 76765K->1469K(83968K)] 480089K->404793K(605184K), 0.0018596 secs] [Times: user=0.00 sys=0.00, real=0.00 secs] 
2854.520: [GC (Allocation Failure) [PSYoungGen: 83389K->1488K(82944K)] 486713K->404812K(604160K), 0.0018342 secs] [Times: user=0.01 sys=0.00, real=0.00 secs] 
2854.858: [GC (Allocation Failure) [PSYoungGen: 82896K->1344K(83456K)] 486220K->404668K(604672K), 0.0045444 secs] [Times: user=0.02 sys=0.00, real=0.00 secs] 
2855.200: [GC (Allocation Failure) [PSYoungGen: 82752K->1376K(82432K)] 486076K->404700K(603648K), 0.0020787 secs] [Times: user=0.01 sys=0.00, real=0.00 secs] 
2855.567: [GC (Allocation Failure) [PSYoungGen: 82272K->1469K(81920K)] 485596K->404793K(603136K), 0.0018874 secs] [Times: user=0.00 sys=0.00, real=0.00 secs] 
2855.709: [GC (Allocation Failure) [PSYoungGen: 81853K->1533K(81408K)] 485177K->404857K(602624K), 0.0019660 secs] [Times: user=0.01 sys=0.00, real=0.00 secs] 
2855.872: [GC (Allocation Failure) [PSYoungGen: 81405K->1549K(81920K)] 484729K->404873K(603136K), 0.0023311 secs] [Times: user=0.00 sys=0.00, real=0.00 secs] 
2856.104: [GC (Allocation Failure) [PSYoungGen: 81421K->1984K(81920K)] 484745K->405308K(603136K), 0.0022854 secs] [Times: user=0.01 sys=0.00, real=0.01 secs] 
2856.500: [GC (Allocation Failure) [PSYoungGen: 81856K->1376K(80896K)] 485180K->404700K(602112K), 0.0023278 secs] [Times: user=0.01 sys=0.00, real=0.00 secs] 
2856.868: [GC (Allocation Failure) [PSYoungGen: 80736K->1376K(80384K)] 484060K->404700K(601600K), 0.0024092 secs] [Times: user=0.01 sys=0.01, real=0.00 secs] 
2857.196: [GC (Allocation Failure) [PSYoungGen: 80224K->1408K(79872K)] 483548K->404732K(601088K), 0.0022876 secs] [Times: user=0.01 sys=0.00, real=0.00 secs] 
2857.465: [GC (Allocation Failure) [PSYoungGen: 79744K->1517K(79360K)] 483068K->404841K(600576K), 0.0018615 secs] [Times: user=0.01 sys=0.00, real=0.00 secs] 
2857.603: [GC (Allocation Failure) [PSYoungGen: 79341K->1469K(78848K)] 482665K->404793K(600064K), 0.0018074 secs] [Times: user=0.01 sys=0.00, real=0.00 secs] 
2857.738: [GC (Allocation Failure) [PSYoungGen: 78781K->1469K(85504K)] 482105K->404793K(606720K), 0.0018224 secs] [Times: user=0.01 sys=0.00, real=0.00 secs] 
2858.017: [GC (Allocation Failure) [PSYoungGen: 85437K->1440K(84992K)] 488761K->404764K(606208K), 0.0022438 secs] [Times: user=0.01 sys=0.00, real=0.00 secs] 
2858.404: [GC (Allocation Failure) [PSYoungGen: 84896K->1376K(84480K)] 488220K->404700K(605696K), 0.0021083 secs] [Times: user=0.01 sys=0.00, real=0.01 secs] 
2858.805: [GC (Allocation Failure) [PSYoungGen: 84320K->1408K(83968K)] 487644K->404732K(605184K), 0.0036940 secs] [Times: user=0.01 sys=0.00, real=0.01 secs] 
2859.169: [GC (Allocation Failure) [PSYoungGen: 83840K->1408K(83456K)] 487164K->404732K(604672K), 0.0026185 secs] [Times: user=0.00 sys=0.00, real=0.00 secs] 
2859.365: [GC (Allocation Failure) [PSYoungGen: 83328K->1488K(82944K)] 486652K->404812K(604160K), 0.0019075 secs] [Times: user=0.01 sys=0.00, real=0.00 secs] 
2859.509: [GC (Allocation Failure) [PSYoungGen: 82896K->1517K(82432K)] 486220K->404841K(603648K), 0.0019635 secs] [Times: user=0.01 sys=0.00, real=0.00 secs] 
2859.652: [GC (Allocation Failure) [PSYoungGen: 82413K->1533K(82944K)] 485737K->404857K(604160K), 0.0017729 secs] [Times: user=0.01 sys=0.00, real=0.00 secs] 
2860.781: [GC (Allocation Failure) [PSYoungGen: 82429K->1440K(81920K)] 485753K->404764K(603136K), 0.0047470 secs] [Times: user=0.01 sys=0.00, real=0.01 secs] 
2861.466: [GC (Allocation Failure) [PSYoungGen: 81824K->1424K(81408K)] 485148K->404748K(602624K), 0.0038506 secs] [Times: user=0.02 sys=0.00, real=0.00 secs] 
2862.166: [GC (Allocation Failure) [PSYoungGen: 81296K->1360K(80896K)] 484620K->404684K(602112K), 0.0032684 secs] [Times: user=0.01 sys=0.00, real=0.00 secs] 
2862.844: [GC (Allocation Failure) [PSYoungGen: 80720K->1469K(80384K)] 484044K->404793K(601600K), 0.0028910 secs] [Times: user=0.01 sys=0.00, real=0.01 secs] 
2863.029: [GC (Allocation Failure) [PSYoungGen: 80317K->1501K(79872K)] 483641K->404849K(601088K), 0.0019287 secs] [Times: user=0.01 sys=0.00, real=0.00 secs] 
2863.166: [GC (Allocation Failure) [PSYoungGen: 79837K->1501K(79360K)] 483185K->404849K(600576K), 0.0019447 secs] [Times: user=0.01 sys=0.00, real=0.00 secs] 
2863.304: [GC (Allocation Failure) [PSYoungGen: 79325K->1533K(78848K)] 482673K->404881K(600064K), 0.0019094 secs] [Times: user=0.01 sys=0.00, real=0.01 secs] 
2863.672: [GC (Allocation Failure) [PSYoungGen: 78845K->1408K(78336K)] 482193K->404756K(599552K), 0.0028047 secs] [Times: user=0.01 sys=0.00, real=0.00 secs] 
2864.054: [GC (Allocation Failure) [PSYoungGen: 78208K->1408K(77824K)] 481556K->404756K(599040K), 0.0023725 secs] [Times: user=0.01 sys=0.00, real=0.01 secs] 
2864.425: [GC (Allocation Failure) [PSYoungGen: 77696K->1344K(77312K)] 481044K->404692K(598528K), 0.0021987 secs] [Times: user=0.01 sys=0.00, real=0.00 secs] 
2864.803: [GC (Allocation Failure) [PSYoungGen: 77120K->1533K(76800K)] 480468K->404881K(598016K), 0.0024382 secs] [Times: user=0.01 sys=0.00, real=0.01 secs] 
2864.940: [GC (Allocation Failure) [PSYoungGen: 76797K->1533K(76288K)] 480145K->404881K(597504K), 0.0018607 secs] [Times: user=0.01 sys=0.00, real=0.00 secs] 
2865.072: [GC (Allocation Failure) [PSYoungGen: 76285K->1485K(76800K)] 479633K->404833K(598016K), 0.0022102 secs] [Times: user=0.01 sys=0.00, real=0.00 secs] 
2865.210: [GC (Allocation Failure) [PSYoungGen: 76237K->1501K(83456K)] 479585K->404849K(604672K), 0.0016939 secs] [Times: user=0.01 sys=0.00, real=0.00 secs] 
2865.582: [GC (Allocation Failure) [PSYoungGen: 82909K->1472K(82432K)] 486257K->404820K(603648K), 0.0021434 secs] [Times: user=0.01 sys=0.00, real=0.00 secs] 
2866.096: [GC (Allocation Failure) [PSYoungGen: 82368K->1376K(81920K)] 485716K->404724K(603136K), 0.0024192 secs] [Times: user=0.01 sys=0.00, real=0.00 secs] 
2866.698: [GC (Allocation Failure) [PSYoungGen: 81760K->1392K(81408K)] 485108K->404740K(602624K), 0.0035283 secs] [Times: user=0.02 sys=0.01, real=0.00 secs] 
2867.335: [GC (Allocation Failure) [PSYoungGen: 81264K->1501K(80896K)] 484612K->404849K(602112K), 0.0028737 secs] [Times: user=0.01 sys=0.00, real=0.00 secs] 
2867.518: [GC (Allocation Failure) [PSYoungGen: 80861K->1517K(80384K)] 484209K->404865K(601600K), 0.0020368 secs] [Times: user=0.01 sys=0.00, real=0.00 secs] 
2867.656: [GC (Allocation Failure) [PSYoungGen: 80365K->1501K(79872K)] 483713K->404849K(601088K), 0.0018456 secs] [Times: user=0.01 sys=0.00, real=0.00 secs] 
2867.839: [GC (Allocation Failure) [PSYoungGen: 79837K->1952K(79872K)] 483185K->405300K(601088K), 0.0020761 secs] [Times: user=0.01 sys=0.00, real=0.00 secs] 
2868.274: [GC (Allocation Failure) [PSYoungGen: 79776K->1344K(78848K)] 483124K->404692K(600064K), 0.0022940 secs] [Times: user=0.01 sys=0.00, real=0.01 secs] 
2868.596: [GC (Allocation Failure) [PSYoungGen: 78656K->1408K(78336K)] 482004K->404756K(599552K), 0.0022698 secs] [Times: user=0.01 sys=0.00, real=0.00 secs] 
2868.917: [GC (Allocation Failure) [PSYoungGen: 78208K->1392K(77824K)] 481556K->404740K(599040K), 0.0020746 secs] [Times: user=0.00 sys=0.00, real=0.00 secs] 
2869.265: [GC (Allocation Failure) [PSYoungGen: 77680K->1472K(77312K)] 481028K->404820K(598528K), 0.0019548 secs] [Times: user=0.01 sys=0.00, real=0.01 secs] 
2869.422: [GC (Allocation Failure) [PSYoungGen: 77248K->1501K(76800K)] 480596K->404849K(598016K), 0.0023716 secs] [Times: user=0.01 sys=0.00, real=0.00 secs] 
2869.599: [GC (Allocation Failure) [PSYoungGen: 76765K->1469K(77824K)] 480113K->404817K(599040K), 0.0023671 secs] [Times: user=0.01 sys=0.00, real=0.00 secs] 
2869.764: [GC (Allocation Failure) [PSYoungGen: 77245K->1472K(83968K)] 480593K->404820K(605184K), 0.0018178 secs] [Times: user=0.01 sys=0.01, real=0.01 secs] 
2870.139: [GC (Allocation Failure) [PSYoungGen: 83392K->1424K(82944K)] 486740K->404772K(604160K), 0.0023282 secs] [Times: user=0.01 sys=0.00, real=0.00 secs] 
2870.483: [GC (Allocation Failure) [PSYoungGen: 82832K->1344K(82432K)] 486180K->404692K(603648K), 0.0022849 secs] [Times: user=0.01 sys=0.00, real=0.01 secs] 
2870.885: [GC (Allocation Failure) [PSYoungGen: 82240K->1392K(81920K)] 485588K->404740K(603136K), 0.0033313 secs] [Times: user=0.01 sys=0.00, real=0.01 secs] 
2871.317: [GC (Allocation Failure) [PSYoungGen: 81776K->1440K(81408K)] 485124K->404788K(602624K), 0.0029501 secs] [Times: user=0.02 sys=0.00, real=0.00 secs] 
2871.534: [GC (Allocation Failure) [PSYoungGen: 81312K->1501K(80896K)] 484660K->404873K(602112K), 0.0018770 secs] [Times: user=0.01 sys=0.00, real=0.01 secs] 
2871.698: [GC (Allocation Failure) [PSYoungGen: 80861K->1501K(80384K)] 484233K->404873K(601600K), 0.0021794 secs] [Times: user=0.01 sys=0.00, real=0.00 secs] 
2872.067: [GC (Allocation Failure) [PSYoungGen: 80349K->1488K(79872K)] 483721K->404860K(601088K), 0.0043016 secs] [Times: user=0.02 sys=0.00, real=0.00 secs] 
2872.606: [GC (Allocation Failure) [PSYoungGen: 79824K->1344K(79360K)] 483196K->404716K(600576K), 0.0023870 secs] [Times: user=0.01 sys=0.00, real=0.00 secs] 
2872.929: [GC (Allocation Failure) [PSYoungGen: 79168K->1360K(78848K)] 482540K->404732K(600064K), 0.0025007 secs] [Times: user=0.01 sys=0.00, real=0.00 secs] 
2873.408: [GC (Allocation Failure) [PSYoungGen: 78672K->1408K(78336K)] 482044K->404780K(599552K), 0.0023955 secs] [Times: user=0.01 sys=0.00, real=0.00 secs] 
2873.689: [GC (Allocation Failure) [PSYoungGen: 78207K->1485K(77824K)] 481579K->404857K(599040K), 0.0018983 secs] [Times: user=0.01 sys=0.00, real=0.00 secs] 
2873.824: [GC (Allocation Failure) [PSYoungGen: 77773K->1501K(77312K)] 481145K->404873K(598528K), 0.0019733 secs] [Times: user=0.01 sys=0.00, real=0.01 secs] 
2873.958: [GC (Allocation Failure) [PSYoungGen: 77277K->1485K(77824K)] 480649K->404857K(599040K), 0.0019269 secs] [Times: user=0.01 sys=0.00, real=0.00 secs] 
2874.332: [GC (Allocation Failure) [PSYoungGen: 77261K->1440K(76800K)] 480633K->404812K(598016K), 0.0022311 secs] [Times: user=0.01 sys=0.01, real=0.00 secs] 
2875.110: [GC (Allocation Failure) [PSYoungGen: 76704K->1360K(76288K)] 480076K->404732K(597504K), 0.0036791 secs] [Times: user=0.02 sys=0.00, real=0.00 secs] 
2875.691: [GC (Allocation Failure) [PSYoungGen: 76112K->1344K(75776K)] 479484K->404716K(596992K), 0.0031476 secs] [Times: user=0.01 sys=0.00, real=0.00 secs] 
2876.296: [GC (Allocation Failure) [PSYoungGen: 75584K->1392K(75264K)] 478956K->404764K(596480K), 0.0030506 secs] [Times: user=0.01 sys=0.00, real=0.00 secs] 
2876.720: [GC (Allocation Failure) [PSYoungGen: 75120K->1504K(74752K)] 478492K->404876K(595968K), 0.0020769 secs] [Times: user=0.01 sys=0.00, real=0.00 secs] 
2876.860: [GC (Allocation Failure) [PSYoungGen: 74695K->1501K(74240K)] 478067K->404873K(595456K), 0.0017790 secs] [Times: user=0.01 sys=0.00, real=0.00 secs] 
2877.010: [GC (Allocation Failure) [PSYoungGen: 74205K->1501K(73728K)] 477577K->404873K(594944K), 0.0021424 secs] [Times: user=0.01 sys=0.00, real=0.00 secs] 
2877.166: [GC (Allocation Failure) [PSYoungGen: 73132K->224K(72192K)] 476505K->403596K(593408K), 0.0018896 secs] [Times: user=0.01 sys=0.00, real=0.00 secs] 
2877.992: [GC (Allocation Failure) [PSYoungGen: 71904K->1408K(72704K)] 475276K->404780K(593920K), 0.0049735 secs] [Times: user=0.02 sys=0.00, real=0.01 secs] 
2879.024: [GC (Allocation Failure) [PSYoungGen: 72576K->1408K(72192K)] 475948K->404780K(593408K), 0.0055911 secs] [Times: user=0.03 sys=0.00, real=0.01 secs] 
2879.924: [GC (Allocation Failure) [PSYoungGen: 72064K->1408K(71680K)] 475436K->404780K(592896K), 0.0048024 secs] [Times: user=0.03 sys=0.00, real=0.01 secs] 
2880.830: [GC (Allocation Failure) [PSYoungGen: 71552K->1437K(71168K)] 474924K->404809K(592384K), 0.0038014 secs] [Times: user=0.02 sys=0.01, real=0.00 secs] 
2881.038: [GC (Allocation Failure) [PSYoungGen: 71069K->1469K(70656K)] 474441K->404841K(591872K), 0.0018772 secs] [Times: user=0.01 sys=0.00, real=0.00 secs] 
2881.181: [GC (Allocation Failure) [PSYoungGen: 70589K->1533K(70144K)] 473961K->404905K(591360K), 0.0022484 secs] [Times: user=0.01 sys=0.00, real=0.00 secs] 
2881.344: [GC (Allocation Failure) [PSYoungGen: 70141K->1501K(76288K)] 473513K->404873K(597504K), 0.0022215 secs] [Times: user=0.01 sys=0.00, real=0.01 secs] 
2881.634: [GC (Allocation Failure) [PSYoungGen: 76253K->1472K(75776K)] 479625K->404844K(596992K), 0.0024353 secs] [Times: user=0.01 sys=0.01, real=0.01 secs] 
2881.955: [GC (Allocation Failure) [PSYoungGen: 75712K->1376K(75264K)] 479084K->404748K(596480K), 0.0023660 secs] [Times: user=0.00 sys=0.00, real=0.00 secs] 
2882.438: [GC (Allocation Failure) [PSYoungGen: 75104K->1392K(74752K)] 478476K->404764K(595968K), 0.0024716 secs] [Times: user=0.01 sys=0.00, real=0.00 secs] 
2883.031: [GC (Allocation Failure) [PSYoungGen: 74608K->1440K(74240K)] 477980K->404812K(595456K), 0.0046944 secs] [Times: user=0.02 sys=0.00, real=0.01 secs] 
2883.535: [GC (Allocation Failure) [PSYoungGen: 74144K->1533K(73728K)] 477516K->404905K(594944K), 0.0025363 secs] [Times: user=0.01 sys=0.00, real=0.01 secs] 
2883.694: [GC (Allocation Failure) [PSYoungGen: 73725K->1501K(73216K)] 477097K->404873K(594432K), 0.0020173 secs] [Times: user=0.01 sys=0.00, real=0.01 secs] 
2883.820: [GC (Allocation Failure) [PSYoungGen: 73181K->1533K(72704K)] 476553K->404905K(593920K), 0.0019647 secs] [Times: user=0.01 sys=0.00, real=0.00 secs] 
2883.946: [GC (Allocation Failure) [PSYoungGen: 72701K->1533K(73216K)] 476073K->404913K(594432K), 0.0018490 secs] [Times: user=0.01 sys=0.00, real=0.00 secs] 
2884.659: [GC (Allocation Failure) [PSYoungGen: 72701K->1408K(72192K)] 476081K->404804K(593408K), 0.0021545 secs] [Times: user=0.01 sys=0.00, real=0.00 secs] 
2884.975: [GC (Allocation Failure) [PSYoungGen: 72064K->1344K(71680K)] 475460K->404740K(592896K), 0.0029616 secs] [Times: user=0.02 sys=0.00, real=0.01 secs] 
2885.278: [GC (Allocation Failure) [PSYoungGen: 71488K->1360K(71168K)] 474884K->404756K(592384K), 0.0026977 secs] [Times: user=0.01 sys=0.00, real=0.00 secs] 
2885.971: [GC (Allocation Failure) [PSYoungGen: 70992K->1392K(70656K)] 474388K->404788K(591872K), 0.0038451 secs] [Times: user=0.02 sys=0.00, real=0.00 secs] 
2886.325: [GC (Allocation Failure) [PSYoungGen: 70484K->1501K(70144K)] 473880K->404897K(591360K), 0.0022349 secs] [Times: user=0.01 sys=0.00, real=0.01 secs] 
2886.449: [GC (Allocation Failure) [PSYoungGen: 70109K->1536K(70144K)] 473505K->404932K(591360K), 0.0017515 secs] [Times: user=0.01 sys=0.00, real=0.00 secs] 
2886.568: [GC (Allocation Failure) [PSYoungGen: 69632K->1485K(70656K)] 473028K->404881K(591872K), 0.0018435 secs] [Times: user=0.01 sys=0.00, real=0.00 secs] 
2886.850: [GC (Allocation Failure) [PSYoungGen: 70093K->1440K(69632K)] 473489K->404836K(590848K), 0.0020116 secs] [Times: user=0.00 sys=0.01, real=0.00 secs] 
2887.492: [GC (Allocation Failure) [PSYoungGen: 69536K->1360K(69120K)] 472932K->404756K(590336K), 0.0022110 secs] [Times: user=0.01 sys=0.00, real=0.00 secs] 
2887.921: [GC (Allocation Failure) [PSYoungGen: 68944K->1376K(68608K)] 472340K->404772K(589824K), 0.0022055 secs] [Times: user=0.01 sys=0.00, real=0.00 secs] 
2888.228: [GC (Allocation Failure) [PSYoungGen: 68448K->1424K(68096K)] 471844K->404820K(589312K), 0.0025469 secs] [Times: user=0.01 sys=0.00, real=0.00 secs] 
2888.564: [GC (Allocation Failure) [PSYoungGen: 67816K->256K(66560K)] 471212K->403652K(587776K), 0.0023520 secs] [Times: user=0.01 sys=0.00, real=0.01 secs] 
2888.740: [GC (Allocation Failure) [PSYoungGen: 66304K->1472K(67584K)] 469700K->404868K(588800K), 0.0019536 secs] [Times: user=0.01 sys=0.00, real=0.00 secs] 
2888.857: [GC (Allocation Failure) [PSYoungGen: 67008K->1469K(72704K)] 470404K->404865K(593920K), 0.0019687 secs] [Times: user=0.00 sys=0.00, real=0.00 secs] 
2888.982: [GC (Allocation Failure) [PSYoungGen: 72125K->1501K(72704K)] 475521K->404897K(593920K), 0.0018202 secs] [Times: user=0.01 sys=0.00, real=0.00 secs] 
2890.097: [GC (Allocation Failure) [PSYoungGen: 72157K->1472K(71680K)] 475553K->404868K(592896K), 0.0051418 secs] [Times: user=0.02 sys=0.00, real=0.00 secs] 
2892.370: [GC (Allocation Failure) [PSYoungGen: 71616K->1408K(71168K)] 475012K->404804K(592384K), 0.0040073 secs] [Times: user=0.01 sys=0.00, real=0.00 secs] 
2892.949: [GC (Allocation Failure) [PSYoungGen: 71040K->1376K(70656K)] 474436K->404772K(591872K), 0.0029417 secs] [Times: user=0.01 sys=0.00, real=0.00 secs] 
2893.507: [GC (Allocation Failure) [PSYoungGen: 70496K->1344K(70144K)] 473892K->404740K(591360K), 0.0031916 secs] [Times: user=0.01 sys=0.00, real=0.00 secs] 
2893.794: [GC (Allocation Failure) [PSYoungGen: 69952K->1501K(69632K)] 473348K->404897K(590848K), 0.0023785 secs] [Times: user=0.01 sys=0.00, real=0.01 secs] 
2893.925: [GC (Allocation Failure) [PSYoungGen: 69597K->1504K(69120K)] 472993K->404900K(590336K), 0.0018975 secs] [Times: user=0.00 sys=0.00, real=0.00 secs] 
2894.045: [GC (Allocation Failure) [PSYoungGen: 69088K->1517K(75264K)] 472484K->404913K(596480K), 0.0018723 secs] [Times: user=0.01 sys=0.00, real=0.01 secs] 
2894.174: [GC (Allocation Failure) [PSYoungGen: 75245K->1501K(75776K)] 478641K->404913K(596992K), 0.0018622 secs] [Times: user=0.01 sys=0.00, real=0.01 secs] 
2894.591: [GC (Allocation Failure) [PSYoungGen: 75229K->1440K(74752K)] 478641K->404868K(595968K), 0.0020586 secs] [Times: user=0.01 sys=0.00, real=0.00 secs] 
2895.179: [GC (Allocation Failure) [PSYoungGen: 74656K->1376K(74240K)] 478084K->404804K(595456K), 0.0047525 secs] [Times: user=0.01 sys=0.00, real=0.00 secs] 
2895.883: [GC (Allocation Failure) [PSYoungGen: 74080K->1344K(73728K)] 477508K->404772K(594944K), 0.0063280 secs] [Times: user=0.02 sys=0.00, real=0.01 secs] 
2896.864: [GC (Allocation Failure) [PSYoungGen: 73536K->1344K(73216K)] 476964K->404772K(594432K), 0.0039837 secs] [Times: user=0.02 sys=0.00, real=0.01 secs] 
2897.291: [GC (Allocation Failure) [PSYoungGen: 73024K->1469K(72704K)] 476452K->404897K(593920K), 0.0024553 secs] [Times: user=0.01 sys=0.00, real=0.00 secs] 
2897.436: [GC (Allocation Failure) [PSYoungGen: 72637K->1469K(72192K)] 476065K->404897K(593408K), 0.0018972 secs] [Times: user=0.01 sys=0.00, real=0.00 secs] 
2897.562: [GC (Allocation Failure) [PSYoungGen: 72125K->1533K(78336K)] 475553K->404961K(599552K), 0.0018028 secs] [Times: user=0.00 sys=0.00, real=0.00 secs] 
2897.828: [GC (Allocation Failure) [PSYoungGen: 78333K->1536K(78336K)] 481761K->404980K(599552K), 0.0022504 secs] [Times: user=0.01 sys=0.00, real=0.00 secs] 
2898.592: [GC (Allocation Failure) [PSYoungGen: 77824K->1344K(77312K)] 481268K->404788K(598528K), 0.0024738 secs] [Times: user=0.01 sys=0.00, real=0.00 secs] 
2899.247: [GC (Allocation Failure) [PSYoungGen: 77120K->1376K(76800K)] 480564K->404820K(598016K), 0.0026194 secs] [Times: user=0.01 sys=0.00, real=0.00 secs] 
2900.156: [GC (Allocation Failure) [PSYoungGen: 76640K->1392K(76288K)] 480084K->404836K(597504K), 0.0030711 secs] [Times: user=0.01 sys=0.00, real=0.00 secs] 
2901.081: [GC (Allocation Failure) [PSYoungGen: 76144K->1501K(75776K)] 479588K->404945K(596992K), 0.0027733 secs] [Times: user=0.02 sys=0.00, real=0.00 secs] 
2901.260: [GC (Allocation Failure) [PSYoungGen: 75741K->1469K(75264K)] 479185K->404913K(596480K), 0.0018413 secs] [Times: user=0.00 sys=0.00, real=0.00 secs] 
2901.389: [GC (Allocation Failure) [PSYoungGen: 75197K->1501K(74752K)] 478641K->404945K(595968K), 0.0019260 secs] [Times: user=0.01 sys=0.00, real=0.00 secs] 
2901.520: [GC (Allocation Failure) [PSYoungGen: 74717K->1469K(74240K)] 478161K->404913K(595456K), 0.0018626 secs] [Times: user=0.01 sys=0.00, real=0.00 secs] 
2902.696: [GC (Allocation Failure) [PSYoungGen: 74173K->1440K(73728K)] 477617K->404884K(594944K), 0.0043266 secs] [Times: user=0.02 sys=0.00, real=0.00 secs] 
2903.836: [GC (Allocation Failure) [PSYoungGen: 73632K->1408K(73216K)] 477076K->404852K(594432K), 0.0039522 secs] [Times: user=0.02 sys=0.00, real=0.00 secs] 
2904.481: [GC (Allocation Failure) [PSYoungGen: 73088K->1360K(72704K)] 476532K->404804K(593920K), 0.0032210 secs] [Times: user=0.01 sys=0.00, real=0.00 secs] 
2905.390: [GC (Allocation Failure) [PSYoungGen: 72528K->1408K(72192K)] 475972K->404852K(593408K), 0.0026370 secs] [Times: user=0.01 sys=0.00, real=0.00 secs] 
2905.642: [GC (Allocation Failure) [PSYoungGen: 72064K->1485K(71680K)] 475508K->404945K(592896K), 0.0018674 secs] [Times: user=0.01 sys=0.00, real=0.00 secs] 
2905.765: [GC (Allocation Failure) [PSYoungGen: 71629K->1485K(71168K)] 475089K->404945K(592384K), 0.0018367 secs] [Times: user=0.01 sys=0.00, real=0.00 secs] 
2905.889: [GC (Allocation Failure) [PSYoungGen: 71117K->1469K(70656K)] 474577K->404929K(591872K), 0.0019538 secs] [Times: user=0.01 sys=0.00, real=0.00 secs] 
2906.329: [GC (Allocation Failure) [PSYoungGen: 70589K->1440K(70144K)] 474049K->404900K(591360K), 0.0026141 secs] [Times: user=0.01 sys=0.00, real=0.00 secs] 
2906.615: [GC (Allocation Failure) [PSYoungGen: 70048K->1376K(69632K)] 473508K->404836K(590848K), 0.0025606 secs] [Times: user=0.02 sys=0.00, real=0.01 secs] 
2906.899: [GC (Allocation Failure) [PSYoungGen: 69472K->1312K(69120K)] 472932K->404772K(590336K), 0.0021410 secs] [Times: user=0.01 sys=0.00, real=0.00 secs] 
2907.179: [GC (Allocation Failure) [PSYoungGen: 68896K->1408K(68608K)] 472356K->404868K(589824K), 0.0023644 secs] [Times: user=0.01 sys=0.00, real=0.00 secs] 
2907.516: [GC (Allocation Failure) [PSYoungGen: 68480K->1501K(68096K)] 471940K->404961K(589312K), 0.0023121 secs] [Times: user=0.00 sys=0.00, real=0.00 secs] 
2907.658: [GC (Allocation Failure) [PSYoungGen: 68061K->1469K(67584K)] 471521K->404929K(588800K), 0.0018367 secs] [Times: user=0.01 sys=0.00, real=0.00 secs] 
2907.794: [GC (Allocation Failure) [PSYoungGen: 67517K->1469K(68096K)] 470977K->404929K(589312K), 0.0021533 secs] [Times: user=0.01 sys=0.00, real=0.01 secs] 
2907.941: [GC (Allocation Failure) [PSYoungGen: 68029K->1469K(68608K)] 471489K->404929K(589824K), 0.0020935 secs] [Times: user=0.01 sys=0.00, real=0.00 secs] 
2908.132: [GC (Allocation Failure) [PSYoungGen: 68029K->1504K(74752K)] 471489K->404964K(595968K), 0.0021641 secs] [Times: user=0.01 sys=0.00, real=0.00 secs] 
2908.435: [GC (Allocation Failure) [PSYoungGen: 74208K->1424K(74752K)] 477668K->404884K(595968K), 0.0023285 secs] [Times: user=0.01 sys=0.00, real=0.01 secs] 
2908.906: [GC (Allocation Failure) [PSYoungGen: 74128K->1344K(73728K)] 477588K->404804K(594944K), 0.0023494 secs] [Times: user=0.01 sys=0.00, real=0.00 secs] 
2909.462: [GC (Allocation Failure) [PSYoungGen: 73536K->1344K(73216K)] 476996K->404804K(594432K), 0.0024952 secs] [Times: user=0.01 sys=0.00, real=0.00 secs] 
2909.929: [GC (Allocation Failure) [PSYoungGen: 73024K->1501K(72704K)] 476484K->404961K(593920K), 0.0023277 secs] [Times: user=0.01 sys=0.00, real=0.00 secs] 
2910.068: [GC (Allocation Failure) [PSYoungGen: 72669K->1485K(72192K)] 476129K->404945K(593408K), 0.0018745 secs] [Times: user=0.01 sys=0.00, real=0.00 secs] 
2910.193: [GC (Allocation Failure) [PSYoungGen: 72141K->1469K(78336K)] 475601K->404929K(599552K), 0.0019816 secs] [Times: user=0.01 sys=0.00, real=0.00 secs] 
2910.329: [GC (Allocation Failure) [PSYoungGen: 78269K->1469K(78848K)] 481729K->404945K(600064K), 0.0021737 secs] [Times: user=0.01 sys=0.00, real=0.00 secs] 
2911.058: [GC (Allocation Failure) [PSYoungGen: 78269K->1408K(77824K)] 481745K->404884K(599040K), 0.0025606 secs] [Times: user=0.01 sys=0.00, real=0.00 secs] 
2911.757: [GC (Allocation Failure) [PSYoungGen: 77696K->1344K(77312K)] 481172K->404820K(598528K), 0.0033214 secs] [Times: user=0.01 sys=0.00, real=0.00 secs] 
2912.302: [GC (Allocation Failure) [PSYoungGen: 77120K->1344K(76800K)] 480596K->404836K(598016K), 0.0027910 secs] [Times: user=0.01 sys=0.00, real=0.00 secs] 
2913.282: [GC (Allocation Failure) [PSYoungGen: 76608K->1453K(76288K)] 480100K->404945K(597504K), 0.0046871 secs] [Times: user=0.02 sys=0.00, real=0.01 secs] 
2913.528: [GC (Allocation Failure) [PSYoungGen: 76176K->1533K(75776K)] 479668K->405025K(596992K), 0.0022280 secs] [Times: user=0.01 sys=0.00, real=0.00 secs] 
2913.701: [GC (Allocation Failure) [PSYoungGen: 75773K->1533K(75264K)] 479265K->405025K(596480K), 0.0024488 secs] [Times: user=0.01 sys=0.00, real=0.00 secs] 
2913.863: [GC (Allocation Failure) [PSYoungGen: 75261K->1504K(74752K)] 478753K->404996K(595968K), 0.0020072 secs] [Times: user=0.01 sys=0.00, real=0.00 secs] 
2914.587: [GC (Allocation Failure) [PSYoungGen: 74720K->1440K(74240K)] 478212K->404932K(595456K), 0.0034292 secs] [Times: user=0.02 sys=0.00, real=0.00 secs] 
2915.553: [GC (Allocation Failure) [PSYoungGen: 74144K->1408K(73728K)] 477636K->404900K(594944K), 0.0049004 secs] [Times: user=0.02 sys=0.00, real=0.01 secs] 
2916.191: [GC (Allocation Failure) [PSYoungGen: 73600K->1376K(73216K)] 477092K->404868K(594432K), 0.0048219 secs] [Times: user=0.02 sys=0.00, real=0.01 secs] 
2916.766: [GC (Allocation Failure) [PSYoungGen: 73056K->1376K(72704K)] 476548K->404868K(593920K), 0.0026330 secs] [Times: user=0.01 sys=0.00, real=0.00 secs] 
2916.990: [GC (Allocation Failure) [PSYoungGen: 72544K->1533K(72192K)] 476036K->405025K(593408K), 0.0019494 secs] [Times: user=0.01 sys=0.00, real=0.00 secs] 
2917.116: [GC (Allocation Failure) [PSYoungGen: 72189K->1501K(71680K)] 475681K->404993K(592896K), 0.0018594 secs] [Times: user=0.01 sys=0.00, real=0.00 secs] 
2917.239: [GC (Allocation Failure) [PSYoungGen: 71645K->1501K(77824K)] 475137K->404993K(599040K), 0.0019591 secs] [Times: user=0.01 sys=0.00, real=0.00 secs] 
2917.750: [GC (Allocation Failure) [PSYoungGen: 77789K->960K(76800K)] 481281K->405476K(598016K), 0.0029014 secs] [Times: user=0.01 sys=0.00, real=0.00 secs] 
2919.324: [GC (Allocation Failure) [PSYoungGen: 76736K->352K(75776K)] 481252K->404876K(596992K), 0.0053391 secs] [Times: user=0.02 sys=0.00, real=0.01 secs] 
2920.069: [GC (Allocation Failure) [PSYoungGen: 75616K->368K(76288K)] 480140K->404892K(597504K), 0.0037612 secs] [Times: user=0.02 sys=0.00, real=0.00 secs] 
2920.713: [GC (Allocation Failure) [PSYoungGen: 75120K->320K(74752K)] 479644K->404844K(595968K), 0.0035232 secs] [Times: user=0.02 sys=0.00, real=0.01 secs] 
2921.219: [GC (Allocation Failure) [PSYoungGen: 74560K->1501K(75776K)] 479084K->406025K(596992K), 0.0025194 secs] [Times: user=0.02 sys=0.00, real=0.00 secs] 
2921.380: [GC (Allocation Failure) [PSYoungGen: 75229K->1501K(74752K)] 479753K->406025K(595968K), 0.0018436 secs] [Times: user=0.00 sys=0.00, real=0.00 secs] 
2921.508: [GC (Allocation Failure) [PSYoungGen: 74717K->1501K(74752K)] 479241K->406025K(595968K), 0.0019221 secs] [Times: user=0.01 sys=0.00, real=0.00 secs] 
2921.637: [GC (Allocation Failure) [PSYoungGen: 74205K->1533K(75264K)] 478729K->406057K(596480K), 0.0018398 secs] [Times: user=0.01 sys=0.00, real=0.00 secs] 
2922.047: [GC (Allocation Failure) [PSYoungGen: 74237K->1440K(73728K)] 478761K->405972K(594944K), 0.0024096 secs] [Times: user=0.01 sys=0.00, real=0.00 secs] 
2922.367: [GC (Allocation Failure) [PSYoungGen: 73632K->1376K(73216K)] 478164K->405908K(594432K), 0.0023068 secs] [Times: user=0.01 sys=0.00, real=0.00 secs] 
2922.766: [GC (Allocation Failure) [PSYoungGen: 73056K->1408K(72704K)] 477588K->405940K(593920K), 0.0023416 secs] [Times: user=0.01 sys=0.00, real=0.00 secs] 
2923.073: [GC (Allocation Failure) [PSYoungGen: 72576K->1408K(72192K)] 477108K->405940K(593408K), 0.0022571 secs] [Times: user=0.01 sys=0.00, real=0.01 secs] 
2923.240: [GC (Allocation Failure) [PSYoungGen: 72064K->1533K(71680K)] 476596K->406065K(592896K), 0.0018971 secs] [Times: user=0.01 sys=0.01, real=0.00 secs] 
2923.364: [GC (Allocation Failure) [PSYoungGen: 71665K->1501K(77824K)] 476198K->406033K(599040K), 0.0018531 secs] [Times: user=0.01 sys=0.00, real=0.01 secs] 
2923.496: [GC (Allocation Failure) [PSYoungGen: 77277K->1501K(78336K)] 481809K->406049K(599552K), 0.0019564 secs] [Times: user=0.01 sys=0.00, real=0.00 secs] 
2923.730: [GC (Allocation Failure) [PSYoungGen: 77789K->1440K(78336K)] 482337K->405988K(599552K), 0.0020621 secs] [Times: user=0.01 sys=0.00, real=0.00 secs] 
2924.079: [GC (Allocation Failure) [PSYoungGen: 77728K->1392K(77312K)] 482276K->405940K(598528K), 0.0020888 secs] [Times: user=0.01 sys=0.00, real=0.00 secs] 
2924.450: [GC (Allocation Failure) [PSYoungGen: 77168K->1440K(84480K)] 481716K->405988K(605696K), 0.0082483 secs] [Times: user=0.01 sys=0.03, real=0.01 secs] 
2924.885: [GC (Allocation Failure) [PSYoungGen: 83872K->1376K(84992K)] 488420K->405924K(606208K), 0.0020049 secs] [Times: user=0.01 sys=0.00, real=0.00 secs] 
2925.210: [GC (Allocation Failure) [PSYoungGen: 84320K->1533K(83968K)] 488868K->406081K(605184K), 0.0018593 secs] [Times: user=0.00 sys=0.01, real=0.00 secs] 
2925.381: [GC (Allocation Failure) [PSYoungGen: 83965K->1501K(83456K)] 488513K->406049K(604672K), 0.0020840 secs] [Times: user=0.01 sys=0.00, real=0.00 secs] 
2925.546: [GC (Allocation Failure) [PSYoungGen: 83421K->1469K(83968K)] 487969K->406017K(605184K), 0.0019098 secs] [Times: user=0.01 sys=0.00, real=0.00 secs] 
2925.881: [GC (Allocation Failure) [PSYoungGen: 83389K->1440K(91136K)] 487937K->405988K(612352K), 0.0053440 secs] [Times: user=0.02 sys=0.01, real=0.01 secs] 
2926.302: [GC (Allocation Failure) [PSYoungGen: 90528K->1408K(91136K)] 495076K->405964K(612352K), 0.0023883 secs] [Times: user=0.01 sys=0.00, real=0.00 secs] 
2927.017: [GC (Allocation Failure) [PSYoungGen: 90496K->1392K(89600K)] 495052K->405948K(610816K), 0.0025129 secs] [Times: user=0.01 sys=0.00, real=0.00 secs] 
2927.511: [GC (Allocation Failure) [PSYoungGen: 89456K->1469K(89088K)] 494012K->406025K(610304K), 0.0026400 secs] [Times: user=0.01 sys=0.00, real=0.00 secs] 
2927.668: [GC (Allocation Failure) [PSYoungGen: 89021K->1501K(88576K)] 493577K->406057K(609792K), 0.0019024 secs] [Times: user=0.01 sys=0.00, real=0.00 secs] 
2927.820: [GC (Allocation Failure) [PSYoungGen: 88541K->1485K(88064K)] 493097K->406041K(609280K), 0.0019441 secs] [Times: user=0.01 sys=0.00, real=0.00 secs] 
2928.407: [GC (Allocation Failure) [PSYoungGen: 88013K->1488K(87552K)] 492569K->406044K(608768K), 0.0048210 secs] [Times: user=0.03 sys=0.00, real=0.00 secs] 
2928.856: [GC (Allocation Failure) [PSYoungGen: 87504K->1408K(87040K)] 492060K->405964K(608256K), 0.0026789 secs] [Times: user=0.01 sys=0.00, real=0.00 secs] 
2929.212: [GC (Allocation Failure) [PSYoungGen: 86912K->1392K(86528K)] 491468K->405948K(607744K), 0.0022947 secs] [Times: user=0.01 sys=0.00, real=0.00 secs] 
2929.558: [GC (Allocation Failure) [PSYoungGen: 86384K->1437K(86016K)] 490940K->405993K(607232K), 0.0020238 secs] [Times: user=0.01 sys=0.00, real=0.00 secs] 
2929.709: [GC (Allocation Failure) [PSYoungGen: 85917K->1485K(85504K)] 490473K->406041K(606720K), 0.0019174 secs] [Times: user=0.01 sys=0.00, real=0.00 secs] 
2929.856: [GC (Allocation Failure) [PSYoungGen: 85453K->1533K(84992K)] 490009K->406089K(606208K), 0.0018134 secs] [Times: user=0.01 sys=0.00, real=0.00 secs] 
2930.187: [GC (Allocation Failure) [PSYoungGen: 84989K->1440K(84480K)] 489545K->405996K(605696K), 0.0022741 secs] [Times: user=0.01 sys=0.00, real=0.00 secs] 
2931.439: [GC (Allocation Failure) [PSYoungGen: 84384K->1344K(83968K)] 488940K->405900K(605184K), 0.0050634 secs] [Times: user=0.03 sys=0.00, real=0.00 secs] 
2932.796: [GC (Allocation Failure) [PSYoungGen: 83776K->1376K(83456K)] 488332K->405932K(604672K), 0.0044557 secs] [Times: user=0.02 sys=0.00, real=0.00 secs] 
2933.735: [GC (Allocation Failure) [PSYoungGen: 83296K->1392K(82944K)] 487852K->405948K(604160K), 0.0039340 secs] [Times: user=0.02 sys=0.00, real=0.01 secs] 
2934.116: [GC (Allocation Failure) [PSYoungGen: 82800K->1501K(82432K)] 487356K->406057K(603648K), 0.0019211 secs] [Times: user=0.00 sys=0.00, real=0.00 secs] 
2934.260: [GC (Allocation Failure) [PSYoungGen: 82397K->1565K(82432K)] 486953K->406121K(603648K), 0.0019969 secs] [Times: user=0.00 sys=0.00, real=0.00 secs] 
2934.401: [GC (Allocation Failure) [PSYoungGen: 81949K->509K(80384K)] 486505K->406113K(601600K), 0.0018053 secs] [Times: user=0.00 sys=0.00, real=0.00 secs] 
2935.400: [GC (Allocation Failure) [PSYoungGen: 80381K->1440K(81408K)] 485985K->407044K(602624K), 0.0050110 secs] [Times: user=0.02 sys=0.00, real=0.01 secs] 
2936.824: [GC (Allocation Failure) [PSYoungGen: 80800K->1376K(80384K)] 486404K->406980K(601600K), 0.0071238 secs] [Times: user=0.03 sys=0.00, real=0.01 secs] 
2937.453: [GC (Allocation Failure) [PSYoungGen: 80224K->1376K(79872K)] 485828K->406980K(601088K), 0.0024002 secs] [Times: user=0.01 sys=0.00, real=0.00 secs] 
2937.911: [GC (Allocation Failure) [PSYoungGen: 79712K->1376K(79360K)] 485316K->406980K(600576K), 0.0023326 secs] [Times: user=0.01 sys=0.00, real=0.00 secs] 
2938.156: [GC (Allocation Failure) [PSYoungGen: 79200K->1501K(78848K)] 484804K->407105K(600064K), 0.0019425 secs] [Times: user=0.00 sys=0.00, real=0.00 secs] 
2938.314: [GC (Allocation Failure) [PSYoungGen: 78813K->1501K(78336K)] 484417K->407105K(599552K), 0.0022478 secs] [Times: user=0.01 sys=0.00, real=0.01 secs] 
2938.486: [GC (Allocation Failure) [PSYoungGen: 78301K->1501K(77824K)] 483905K->407105K(599040K), 0.0021286 secs] [Times: user=0.01 sys=0.00, real=0.00 secs] 
2939.147: [GC (Allocation Failure) [PSYoungGen: 77789K->1440K(77312K)] 483393K->407044K(598528K), 0.0022681 secs] [Times: user=0.01 sys=0.00, real=0.00 secs] 
2939.734: [GC (Allocation Failure) [PSYoungGen: 77216K->1344K(76800K)] 482820K->406948K(598016K), 0.0025816 secs] [Times: user=0.01 sys=0.00, real=0.01 secs] 
2940.077: [GC (Allocation Failure) [PSYoungGen: 76608K->1376K(76288K)] 482212K->406980K(597504K), 0.0022188 secs] [Times: user=0.01 sys=0.00, real=0.00 secs] 
2940.655: [GC (Allocation Failure) [PSYoungGen: 76128K->1408K(75776K)] 481732K->407012K(596992K), 0.0021209 secs] [Times: user=0.01 sys=0.00, real=0.00 secs] 
2940.881: [GC (Allocation Failure) [PSYoungGen: 75648K->1501K(75264K)] 481252K->407105K(596480K), 0.0018099 secs] [Times: user=0.01 sys=0.00, real=0.00 secs] 
2941.012: [GC (Allocation Failure) [PSYoungGen: 75229K->1533K(74752K)] 480833K->407137K(595968K), 0.0020162 secs] [Times: user=0.00 sys=0.00, real=0.00 secs] 
2941.142: [GC (Allocation Failure) [PSYoungGen: 74749K->1504K(74240K)] 480353K->407108K(595456K), 0.0017485 secs] [Times: user=0.01 sys=0.00, real=0.00 secs] 
2941.473: [GC (Allocation Failure) [PSYoungGen: 74208K->1440K(73728K)] 479812K->407044K(594944K), 0.0024207 secs] [Times: user=0.01 sys=0.00, real=0.01 secs] 
2942.093: [GC (Allocation Failure) [PSYoungGen: 73632K->1392K(73216K)] 479236K->406996K(594432K), 0.0022017 secs] [Times: user=0.01 sys=0.00, real=0.01 secs] 
2942.595: [GC (Allocation Failure) [PSYoungGen: 73072K->1376K(72704K)] 478676K->406980K(593920K), 0.0030013 secs] [Times: user=0.01 sys=0.00, real=0.01 secs] 
2942.890: [GC (Allocation Failure) [PSYoungGen: 72544K->1376K(72192K)] 478148K->406988K(593408K), 0.0021812 secs] [Times: user=0.01 sys=0.00, real=0.00 secs] 
2943.134: [GC (Allocation Failure) [PSYoungGen: 72032K->1501K(71680K)] 477644K->407113K(592896K), 0.0018435 secs] [Times: user=0.01 sys=0.00, real=0.01 secs] 
2943.257: [GC (Allocation Failure) [PSYoungGen: 71645K->1453K(71168K)] 477257K->407065K(592384K), 0.0018308 secs] [Times: user=0.01 sys=0.00, real=0.00 secs] 
2943.379: [GC (Allocation Failure) [PSYoungGen: 71085K->1533K(77312K)] 476697K->407145K(598528K), 0.0019469 secs] [Times: user=0.01 sys=0.00, real=0.00 secs] 
2943.513: [GC (Allocation Failure) [PSYoungGen: 77309K->1485K(78848K)] 482921K->407097K(600064K), 0.0019637 secs] [Times: user=0.01 sys=0.00, real=0.00 secs] 
2943.824: [GC (Allocation Failure) [PSYoungGen: 78797K->1440K(79360K)] 484409K->407052K(600576K), 0.0020918 secs] [Times: user=0.01 sys=0.00, real=0.01 secs] 
2944.145: [GC (Allocation Failure) [PSYoungGen: 78752K->1392K(78336K)] 484364K->407004K(599552K), 0.0022536 secs] [Times: user=0.01 sys=0.00, real=0.01 secs] 
2944.464: [GC (Allocation Failure) [PSYoungGen: 78192K->1376K(77824K)] 483804K->406988K(599040K), 0.0023627 secs] [Times: user=0.01 sys=0.00, real=0.01 secs] 
2944.769: [GC (Allocation Failure) [PSYoungGen: 77664K->1472K(77312K)] 483276K->407084K(598528K), 0.0018042 secs] [Times: user=0.01 sys=0.00, real=0.00 secs] 
2944.904: [GC (Allocation Failure) [PSYoungGen: 77248K->1469K(76800K)] 482860K->407081K(598016K), 0.0018117 secs] [Times: user=0.01 sys=0.00, real=0.01 secs] 
2945.036: [GC (Allocation Failure) [PSYoungGen: 76733K->1501K(83456K)] 482345K->407113K(604672K), 0.0019241 secs] [Times: user=0.00 sys=0.00, real=0.00 secs] 
2945.180: [GC (Allocation Failure) [PSYoungGen: 83421K->1453K(83968K)] 489033K->407065K(605184K), 0.0019535 secs] [Times: user=0.00 sys=0.00, real=0.00 secs] 
2946.831: [GC (Allocation Failure) [PSYoungGen: 83373K->1424K(82944K)] 488985K->407044K(604160K), 0.0038762 secs] [Times: user=0.01 sys=0.00, real=0.00 secs] 
2947.364: [GC (Allocation Failure) [PSYoungGen: 82832K->1440K(82432K)] 488452K->407060K(603648K), 0.0027435 secs] [Times: user=0.01 sys=0.00, real=0.01 secs] 
2948.290: [GC (Allocation Failure) [PSYoungGen: 82336K->1344K(81920K)] 487956K->406964K(603136K), 0.0030725 secs] [Times: user=0.01 sys=0.00, real=0.00 secs] 
2948.959: [GC (Allocation Failure) [PSYoungGen: 81728K->1533K(81408K)] 487348K->407153K(602624K), 0.0033600 secs] [Times: user=0.01 sys=0.00, real=0.00 secs] 
2949.148: [GC (Allocation Failure) [PSYoungGen: 81405K->1504K(80896K)] 487025K->407124K(602112K), 0.0019172 secs] [Times: user=0.01 sys=0.00, real=0.00 secs] 
2949.311: [GC (Allocation Failure) [PSYoungGen: 80864K->1533K(80384K)] 486484K->407153K(601600K), 0.0023376 secs] [Times: user=0.01 sys=0.00, real=0.00 secs] 
2949.575: [GC (Allocation Failure) [PSYoungGen: 80381K->1408K(79872K)] 486001K->407028K(601088K), 0.0025440 secs] [Times: user=0.01 sys=0.00, real=0.01 secs] 
2950.255: [GC (Allocation Failure) [PSYoungGen: 79744K->1344K(79360K)] 485364K->406964K(600576K), 0.0028584 secs] [Times: user=0.01 sys=0.00, real=0.00 secs] 
2950.589: [GC (Allocation Failure) [PSYoungGen: 79168K->1408K(78848K)] 484788K->407028K(600064K), 0.0022287 secs] [Times: user=0.01 sys=0.00, real=0.00 secs] 
2951.103: [GC (Allocation Failure) [PSYoungGen: 78720K->1376K(78336K)] 484340K->406996K(599552K), 0.0025005 secs] [Times: user=0.01 sys=0.00, real=0.01 secs] 
2951.600: [GC (Allocation Failure) [PSYoungGen: 78176K->1517K(77824K)] 483796K->407137K(599040K), 0.0027141 secs] [Times: user=0.01 sys=0.00, real=0.00 secs] 
2951.792: [GC (Allocation Failure) [PSYoungGen: 77805K->1453K(77312K)] 483425K->407073K(598528K), 0.0018681 secs] [Times: user=0.01 sys=0.00, real=0.00 secs] 
2951.926: [GC (Allocation Failure) [PSYoungGen: 77229K->1501K(76800K)] 482849K->407121K(598016K), 0.0018283 secs] [Times: user=0.01 sys=0.00, real=0.00 secs] 
2952.248: [GC (Allocation Failure) [PSYoungGen: 76765K->1472K(76288K)] 482385K->407092K(597504K), 0.0025334 secs] [Times: user=0.01 sys=0.00, real=0.00 secs] 
2953.528: [GC (Allocation Failure) [PSYoungGen: 76224K->1408K(75776K)] 481844K->407028K(596992K), 0.0044838 secs] [Times: user=0.02 sys=0.00, real=0.00 secs] 
2954.792: [GC (Allocation Failure) [PSYoungGen: 75648K->1376K(75264K)] 481268K->407004K(596480K), 0.0050938 secs] [Times: user=0.02 sys=0.00, real=0.01 secs] 
2955.410: [GC (Allocation Failure) [PSYoungGen: 75104K->1408K(74752K)] 480732K->407052K(595968K), 0.0036598 secs] [Times: user=0.02 sys=0.01, real=0.00 secs] 
2955.808: [GC (Allocation Failure) [PSYoungGen: 74624K->1469K(74240K)] 480268K->407113K(595456K), 0.0023335 secs] [Times: user=0.01 sys=0.00, real=0.00 secs] 
2955.945: [GC (Allocation Failure) [PSYoungGen: 74173K->1533K(73728K)] 479817K->407177K(594944K), 0.0019702 secs] [Times: user=0.00 sys=0.00, real=0.00 secs] 
2956.074: [GC (Allocation Failure) [PSYoungGen: 73725K->1501K(73216K)] 479369K->407145K(594432K), 0.0020246 secs] [Times: user=0.00 sys=0.00, real=0.01 secs] 
2956.201: [GC (Allocation Failure) [PSYoungGen: 73181K->1485K(79360K)] 478825K->407129K(600576K), 0.0017363 secs] [Times: user=0.00 sys=0.00, real=0.00 secs] 
2956.765: [GC (Allocation Failure) [PSYoungGen: 79309K->1440K(78848K)] 484953K->407084K(600064K), 0.0020525 secs] [Times: user=0.01 sys=0.00, real=0.00 secs] 
2957.469: [GC (Allocation Failure) [PSYoungGen: 78752K->1408K(78336K)] 484396K->407052K(599552K), 0.0024417 secs] [Times: user=0.01 sys=0.00, real=0.00 secs] 
2958.124: [GC (Allocation Failure) [PSYoungGen: 78208K->1392K(77824K)] 483852K->407036K(599040K), 0.0025515 secs] [Times: user=0.01 sys=0.00, real=0.01 secs] 
2958.852: [GC (Allocation Failure) [PSYoungGen: 77680K->1504K(77312K)] 483324K->407156K(598528K), 0.0027452 secs] [Times: user=0.01 sys=0.00, real=0.00 secs] 
2959.029: [GC (Allocation Failure) [PSYoungGen: 77280K->1549K(77312K)] 482932K->407201K(598528K), 0.0018363 secs] [Times: user=0.01 sys=0.00, real=0.00 secs] 
2959.160: [GC (Allocation Failure) [PSYoungGen: 76813K->509K(75264K)] 482465K->407185K(596480K), 0.0020272 secs] [Times: user=0.01 sys=0.00, real=0.00 secs] 
2959.292: [GC (Allocation Failure) [PSYoungGen: 75261K->400K(76288K)] 481937K->407076K(597504K), 0.0016694 secs] [Times: user=0.00 sys=0.00, real=0.00 secs] 
2960.211: [GC (Allocation Failure) [PSYoungGen: 74640K->1440K(75264K)] 481316K->408116K(596480K), 0.0024408 secs] [Times: user=0.01 sys=0.00, real=0.00 secs] 
2961.253: [GC (Allocation Failure) [PSYoungGen: 75168K->1376K(74752K)] 481844K->408052K(595968K), 0.0031128 secs] [Times: user=0.02 sys=0.00, real=0.01 secs] 
2962.148: [GC (Allocation Failure) [PSYoungGen: 74592K->1408K(74240K)] 481268K->408084K(595456K), 0.0029665 secs] [Times: user=0.01 sys=0.00, real=0.00 secs] 
2962.931: [GC (Allocation Failure) [PSYoungGen: 74112K->1408K(73728K)] 480788K->408084K(594944K), 0.0032978 secs] [Times: user=0.02 sys=0.00, real=0.00 secs] 
2963.214: [GC (Allocation Failure) [PSYoungGen: 73600K->1504K(73216K)] 480276K->408180K(594432K), 0.0021163 secs] [Times: user=0.01 sys=0.00, real=0.01 secs] 
2963.362: [GC (Allocation Failure) [PSYoungGen: 73184K->1501K(72704K)] 479860K->408177K(593920K), 0.0022532 secs] [Times: user=0.00 sys=0.00, real=0.00 secs] 
2963.520: [GC (Allocation Failure) [PSYoungGen: 72669K->1517K(72192K)] 479345K->408193K(593408K), 0.0018472 secs] [Times: user=0.01 sys=0.00, real=0.00 secs] 
2965.023: [GC (Allocation Failure) [PSYoungGen: 72173K->1440K(71680K)] 478849K->408124K(592896K), 0.0059167 secs] [Times: user=0.03 sys=0.00, real=0.01 secs] 
2965.522: [GC (Allocation Failure) [PSYoungGen: 71584K->1504K(70144K)] 478268K->413013K(591360K), 0.0043719 secs] [Times: user=0.02 sys=0.01, real=0.01 secs] 
2973.956: [GC (Allocation Failure) [PSYoungGen: 70112K->4064K(72192K)] 481621K->428458K(593408K), 0.0320607 secs] [Times: user=0.10 sys=0.09, real=0.03 secs] 
2986.010: [GC (Allocation Failure) [PSYoungGen: 72160K->9184K(66560K)] 496554K->458546K(587776K), 0.0483316 secs] [Times: user=0.23 sys=0.04, real=0.05 secs] 
2988.803: [GC (Allocation Failure) [PSYoungGen: 66528K->19952K(77312K)] 515890K->484611K(598528K), 0.0254135 secs] [Times: user=0.13 sys=0.01, real=0.03 secs] 
2988.915: [GC (Allocation Failure) [PSYoungGen: 70922K->29152K(75776K)] 535580K->508314K(596992K), 0.0370792 secs] [Times: user=0.08 sys=0.12, real=0.03 secs] 
2989.000: [GC (Allocation Failure) [PSYoungGen: 75744K->39920K(86528K)] 554906K->529347K(607744K), 0.0195800 secs] [Times: user=0.10 sys=0.02, real=0.02 secs] 
2989.069: [GC (Allocation Failure) [PSYoungGen: 86512K->51168K(93696K)] 575939K->551506K(614912K), 0.0287357 secs] [Times: user=0.05 sys=0.09, real=0.03 secs] 
2989.128: [GC (Allocation Failure) [PSYoungGen: 93664K->64480K(107008K)] 594002K->571914K(628224K), 0.0164983 secs] [Times: user=0.09 sys=0.01, real=0.01 secs] 
2989.144: [Full GC (Ergonomics) [PSYoungGen: 64480K->0K(107008K)] [ParOldGen: 507434K->172735K(495616K)] 571914K->172735K(602624K), [Metaspace: 59927K->59827K(1105920K)], 0.4162339 secs] [Times: user=1.90 sys=0.01, real=0.42 secs] 
2989.590: [GC (Allocation Failure) [PSYoungGen: 42496K->20608K(121856K)] 215231K->193343K(617472K), 0.0226776 secs] [Times: user=0.13 sys=0.00, real=0.02 secs] 
2989.786: [GC (Allocation Failure) [PSYoungGen: 71808K->52640K(125952K)] 244543K->225375K(621568K), 0.0246119 secs] [Times: user=0.14 sys=0.00, real=0.02 secs] 
2991.596: [GC (Allocation Failure) [PSYoungGen: 103840K->79840K(121856K)] 276575K->265911K(617472K), 0.0812925 secs] [Times: user=0.35 sys=0.11, real=0.08 secs] 
2995.068: [GC (Allocation Failure) [PSYoungGen: 121824K->77408K(140800K)] 307895K->263479K(636416K), 0.0558926 secs] [Times: user=0.33 sys=0.00, real=0.05 secs] 
2996.128: [GC (Allocation Failure) [PSYoungGen: 119392K->38685K(144896K)] 305463K->264045K(640512K), 0.0327735 secs] [Times: user=0.20 sys=0.00, real=0.03 secs] 
2996.286: [GC (Allocation Failure) [PSYoungGen: 88861K->2912K(151552K)] 314221K->266527K(647168K), 0.0497867 secs] [Times: user=0.30 sys=0.00, real=0.05 secs] 
2996.377: [GC (Allocation Failure) [PSYoungGen: 53088K->14544K(155136K)] 316703K->280969K(650752K), 0.0050542 secs] [Times: user=0.03 sys=0.00, real=0.00 secs] 
2996.430: [GC (Allocation Failure) [PSYoungGen: 74448K->28224K(158208K)] 340873K->308040K(653824K), 0.0132606 secs] [Times: user=0.08 sys=0.00, real=0.01 secs] 
2996.499: [GC (Allocation Failure) [PSYoungGen: 88128K->29568K(153088K)] 367944K->335416K(648704K), 0.0152668 secs] [Times: user=0.09 sys=0.00, real=0.01 secs] 
2996.685: [GC (Allocation Failure) [PSYoungGen: 101248K->36928K(158720K)] 407096K->368184K(654336K), 0.0233247 secs] [Times: user=0.14 sys=0.00, real=0.03 secs] 
2996.845: [GC (Allocation Failure) [PSYoungGen: 108608K->33728K(159744K)] 439864K->401772K(655360K), 0.0221222 secs] [Times: user=0.13 sys=0.00, real=0.03 secs] 
2997.131: [GC (Allocation Failure) [PSYoungGen: 119232K->40672K(164352K)] 487276K->442292K(659968K), 0.1102656 secs] [Times: user=0.66 sys=0.00, real=0.11 secs] 
2998.776: [GC (Allocation Failure) [PSYoungGen: 126176K->46176K(178688K)] 527796K->488444K(674304K), 0.0546966 secs] [Times: user=0.31 sys=0.01, real=0.05 secs] 
2998.831: [Full GC (Ergonomics) [PSYoungGen: 46176K->0K(178688K)] [ParOldGen: 442268K->228838K(604160K)] 488444K->228838K(782848K), [Metaspace: 60044K->60044K(1105920K)], 0.5514753 secs] [Times: user=2.56 sys=0.00, real=0.55 secs] 
3000.250: [GC (Allocation Failure) [PSYoungGen: 101888K->26112K(179200K)] 330726K->254950K(783360K), 0.0318148 secs] [Times: user=0.18 sys=0.00, real=0.03 secs] 
3000.489: [GC (Allocation Failure) [PSYoungGen: 128000K->18096K(192000K)] 356838K->271943K(796160K), 0.0556214 secs] [Times: user=0.33 sys=0.00, real=0.05 secs] 
3000.756: [GC (GCLocker Initiated GC) [PSYoungGen: 137904K->54288K(193024K)] 391752K->324605K(797184K), 0.0215886 secs] [Times: user=0.12 sys=0.00, real=0.02 secs] 
3000.999: [GC (Allocation Failure) [PSYoungGen: 174096K->59776K(212992K)] 444415K->379814K(817152K), 0.0433346 secs] [Times: user=0.21 sys=0.04, real=0.04 secs] 
3004.508: [GC (Allocation Failure) [PSYoungGen: 192605K->57328K(218112K)] 512644K->437071K(822272K), 0.0919875 secs] [Times: user=0.55 sys=0.00, real=0.09 secs] 
3007.242: [GC (Allocation Failure) [PSYoungGen: 190082K->85472K(204800K)] 569825K->538494K(808960K), 0.0461847 secs] [Times: user=0.26 sys=0.01, real=0.05 secs] 
3007.652: [GC (Allocation Failure) [PSYoungGen: 204768K->13792K(244224K)] 657790K->515430K(848384K), 0.0335660 secs] [Times: user=0.19 sys=0.01, real=0.04 secs] 
3010.231: [GC (Allocation Failure) [PSYoungGen: 133088K->52928K(249344K)] 634726K->566727K(853504K), 0.0325042 secs] [Times: user=0.15 sys=0.03, real=0.03 secs] 
3010.396: [GC (Allocation Failure) [PSYoungGen: 190656K->68992K(256000K)] 704455K->631099K(860160K), 0.0332073 secs] [Times: user=0.17 sys=0.04, real=0.03 secs] 
3010.429: [Full GC (Ergonomics) [PSYoungGen: 68992K->0K(256000K)] [ParOldGen: 562107K->144184K(572416K)] 631099K->144184K(828416K), [Metaspace: 60056K->60056K(1105920K)], 0.3170580 secs] [Times: user=1.44 sys=0.00, real=0.32 secs] 
3010.829: [GC (Allocation Failure) [PSYoungGen: 137728K->90544K(272384K)] 281912K->234729K(844800K), 0.0263889 secs] [Times: user=0.15 sys=0.01, real=0.03 secs] 
3011.772: [GC (Allocation Failure) [PSYoungGen: 243632K->45248K(280064K)] 387817K->263585K(852480K), 0.0437796 secs] [Times: user=0.26 sys=0.01, real=0.05 secs] 
3014.848: [GC (Allocation Failure) [PSYoungGen: 198336K->46896K(285184K)] 416673K->310514K(857600K), 0.1338402 secs] [Times: user=0.79 sys=0.00, real=0.13 secs] 
3015.553: [GC (Allocation Failure) [PSYoungGen: 223024K->84272K(291840K)] 486642K->391498K(864256K), 0.0365981 secs] [Times: user=0.22 sys=0.00, real=0.04 secs] 
3015.702: [GC (Allocation Failure) [PSYoungGen: 260400K->108896K(311296K)] 567626K->492093K(883712K), 0.0616790 secs] [Times: user=0.25 sys=0.12, real=0.06 secs] 
3016.958: [GC (Allocation Failure) [PSYoungGen: 298848K->40880K(324096K)] 682045K->516502K(896512K), 0.0440665 secs] [Times: user=0.26 sys=0.00, real=0.04 secs] 
3017.002: [Full GC (Ergonomics) [PSYoungGen: 40880K->0K(324096K)] [ParOldGen: 475621K->28740K(502272K)] 516502K->28740K(826368K), [Metaspace: 60061K->60061K(1105920K)], 0.0489454 secs] [Times: user=0.16 sys=0.00, real=0.05 secs] 
3017.387: [GC (Allocation Failure) [PSYoungGen: 189952K->103376K(343552K)] 218692K->132117K(845824K), 0.0294882 secs] [Times: user=0.15 sys=0.01, real=0.03 secs] 
3017.557: [GC (Allocation Failure) [PSYoungGen: 316368K->108032K(352768K)] 345109K->214152K(855040K), 0.0452977 secs] [Times: user=0.27 sys=0.00, real=0.04 secs] 
3020.008: [GC (Allocation Failure) [PSYoungGen: 321024K->50592K(387072K)] 427144K->263924K(889344K), 0.0693360 secs] [Times: user=0.41 sys=0.00, real=0.07 secs] 
3020.586: [GC (Allocation Failure) [PSYoungGen: 300448K->113664K(393216K)] 513780K->376645K(895488K), 0.0428443 secs] [Times: user=0.25 sys=0.00, real=0.04 secs] 
3023.533: [GC (Allocation Failure) [PSYoungGen: 363520K->124480K(434688K)] 626501K->492397K(936960K), 0.1724836 secs] [Times: user=0.74 sys=0.25, real=0.18 secs] 
3023.706: [Full GC (Ergonomics) [PSYoungGen: 124480K->0K(434688K)] [ParOldGen: 367917K->249156K(780288K)] 492397K->249156K(1214976K), [Metaspace: 60067K->60067K(1105920K)], 0.6101058 secs] [Times: user=2.91 sys=0.00, real=0.61 secs] 
3027.642: [GC (Allocation Failure) [PSYoungGen: 281088K->74752K(445952K)] 530244K->323908K(1226240K), 0.0281857 secs] [Times: user=0.16 sys=0.00, real=0.03 secs] 
3029.294: [GC (Allocation Failure) [PSYoungGen: 355840K->135872K(460288K)] 604996K->453791K(1240576K), 0.1457291 secs] [Times: user=0.72 sys=0.09, real=0.15 secs] 
3031.945: [GC (Allocation Failure) [PSYoungGen: 440000K->90368K(474624K)] 757919K->544103K(1254912K), 0.1528316 secs] [Times: user=0.91 sys=0.00, real=0.16 secs] 
3032.512: [GC (Allocation Failure) [PSYoungGen: 394496K->147952K(493568K)] 848231K->686133K(1273856K), 0.0590237 secs] [Times: user=0.30 sys=0.05, real=0.06 secs] 
3034.282: [GC (Allocation Failure) [PSYoungGen: 476656K->100560K(509440K)] 1014837K->786425K(1289728K), 0.1248574 secs] [Times: user=0.60 sys=0.13, real=0.13 secs] 
3034.407: [Full GC (Ergonomics) [PSYoungGen: 100560K->0K(509440K)] [ParOldGen: 685864K->70737K(670720K)] 786425K->70737K(1180160K), [Metaspace: 60075K->60075K(1105920K)], 0.1628430 secs] [Times: user=0.68 sys=0.00, real=0.16 secs] 
3035.628: [GC (Allocation Failure) [PSYoungGen: 328704K->155504K(492544K)] 399441K->226242K(1163264K), 0.0941227 secs] [Times: user=0.52 sys=0.03, real=0.09 secs] 
3038.685: [GC (Allocation Failure) [PSYoungGen: 472432K->97024K(507904K)] 543170K->322541K(1178624K), 0.1543153 secs] [Times: user=0.92 sys=0.00, real=0.16 secs] 
3039.100: [GC (GCLocker Initiated GC) [PSYoungGen: 413952K->153040K(492544K)] 639469K->470003K(1163264K), 0.0555247 secs] [Times: user=0.33 sys=0.00, real=0.05 secs] 
3041.657: [GC (Allocation Failure) [PSYoungGen: 463824K->96096K(504832K)] 780806K->565582K(1175552K), 0.1455489 secs] [Times: user=0.86 sys=0.01, real=0.14 secs] 
3041.802: [Full GC (Ergonomics) [PSYoungGen: 96096K->0K(504832K)] [ParOldGen: 469486K->78127K(737280K)] 565582K->78127K(1242112K), [Metaspace: 60083K->60083K(1105920K)], 0.1929613 secs] [Times: user=0.90 sys=0.00, real=0.19 secs] 
3042.877: [GC (Allocation Failure) [PSYoungGen: 310784K->148048K(495616K)] 388911K->226176K(1232896K), 0.0737841 secs] [Times: user=0.43 sys=0.01, real=0.07 secs] 
3046.797: [GC (Allocation Failure) [PSYoungGen: 457808K->89376K(504320K)] 535936K->315199K(1241600K), 0.1512467 secs] [Times: user=0.90 sys=0.01, real=0.15 secs] 
3047.334: [GC (Allocation Failure) [PSYoungGen: 399136K->148368K(494592K)] 624959K->457800K(1231872K), 0.0637672 secs] [Times: user=0.37 sys=0.00, real=0.07 secs] 
3052.422: [GC (Allocation Failure) [PSYoungGen: 454032K->88624K(502272K)] 763464K->546204K(1239552K), 0.1734783 secs] [Times: user=1.04 sys=0.00, real=0.18 secs] 
3053.097: [GC (Allocation Failure) [PSYoungGen: 386141K->139872K(500224K)] 843721K->682597K(1237504K), 0.0495764 secs] [Times: user=0.29 sys=0.00, real=0.05 secs] 
3053.147: [Full GC (Ergonomics) [PSYoungGen: 139872K->0K(500224K)] [ParOldGen: 542724K->198571K(884736K)] 682597K->198571K(1384960K), [Metaspace: 60090K->60090K(1105920K)], 0.4598702 secs] [Times: user=2.13 sys=0.00, real=0.46 secs] 
3055.789: [GC (Allocation Failure) [PSYoungGen: 308736K->99984K(409088K)] 507307K->298556K(1293824K), 0.0984513 secs] [Times: user=0.58 sys=0.00, real=0.10 secs] 
3056.232: [GC (Allocation Failure) [PSYoungGen: 408720K->147728K(494592K)] 607292K->442408K(1379328K), 0.0483911 secs] [Times: user=0.28 sys=0.00, real=0.05 secs] 
3059.250: [GC (Allocation Failure) [PSYoungGen: 453904K->100368K(500736K)] 748584K->534280K(1385472K), 0.1551435 secs] [Times: user=0.93 sys=0.00, real=0.16 secs] 
3060.648: [GC (Allocation Failure) [PSYoungGen: 406544K->143232K(501248K)] 840456K->673729K(1385984K), 0.0490990 secs] [Times: user=0.29 sys=0.00, real=0.05 secs] 
3062.660: [GC (Allocation Failure) [PSYoungGen: 455552K->103056K(415744K)] 986049K->767945K(1300480K), 0.1622896 secs] [Times: user=0.95 sys=0.00, real=0.16 secs] 
3063.790: [GC (Allocation Failure) [PSYoungGen: 415376K->153808K(496640K)] 1080265K->918350K(1381376K), 0.1380566 secs] [Times: user=0.71 sys=0.11, real=0.14 secs] 
3063.928: [Full GC (Ergonomics) [PSYoungGen: 153808K->0K(496640K)] [ParOldGen: 764541K->185369K(893440K)] 918350K->185369K(1390080K), [Metaspace: 60104K->60104K(1105920K)], 0.4750189 secs] [Times: user=2.26 sys=0.00, real=0.47 secs] 
3066.838: [GC (Allocation Failure) [PSYoungGen: 309760K->105392K(504320K)] 495129K->290762K(1397760K), 0.0374391 secs] [Times: user=0.22 sys=0.00, real=0.03 secs] 
3068.104: [GC (Allocation Failure) [PSYoungGen: 415152K->145088K(502784K)] 600522K->432302K(1396224K), 0.0520555 secs] [Times: user=0.31 sys=0.00, real=0.06 secs] 
3071.259: [GC (Allocation Failure) [PSYoungGen: 458944K->101376K(415744K)] 746158K->524630K(1309184K), 0.1424174 secs] [Times: user=0.85 sys=0.00, real=0.14 secs] 
3072.998: [GC (Allocation Failure) [PSYoungGen: 415232K->145232K(501760K)] 838486K->666900K(1395200K), 0.0507997 secs] [Times: user=0.30 sys=0.00, real=0.05 secs] 
3075.037: [GC (Allocation Failure) [PSYoungGen: 459088K->105568K(505344K)] 980756K->763835K(1398784K), 0.1775785 secs] [Times: user=1.06 sys=0.00, real=0.17 secs] 
3077.838: [GC (Allocation Failure) [PSYoungGen: 419424K->142912K(504320K)] 1077691K->904284K(1397760K), 0.0528372 secs] [Times: user=0.31 sys=0.00, real=0.05 secs] 
3077.891: [Full GC (Ergonomics) [PSYoungGen: 142912K->0K(504320K)] [ParOldGen: 761372K->178948K(926208K)] 904284K->178948K(1430528K), [Metaspace: 60122K->60122K(1105920K)], 0.4132924 secs] [Times: user=1.92 sys=0.00, real=0.41 secs] 
3079.712: [GC (Allocation Failure) [PSYoungGen: 317440K->109184K(506368K)] 496388K->288132K(1432576K), 0.0700890 secs] [Times: user=0.41 sys=0.00, real=0.07 secs] 
3081.367: [GC (Allocation Failure) [PSYoungGen: 426624K->145536K(504320K)] 605572K->431049K(1430528K), 0.0531969 secs] [Times: user=0.31 sys=0.00, real=0.05 secs] 
3085.946: [GC (Allocation Failure) [PSYoungGen: 465536K->103520K(507392K)] 751049K->524941K(1433600K), 0.1727586 secs] [Times: user=1.03 sys=0.01, real=0.17 secs] 
3088.286: [GC (Allocation Failure) [PSYoungGen: 423520K->147456K(507392K)] 844941K->669658K(1433600K), 0.0517398 secs] [Times: user=0.31 sys=0.00, real=0.05 secs] 
3090.477: [GC (Allocation Failure) [PSYoungGen: 471040K->107424K(510976K)] 993242K->768050K(1437184K), 0.1566444 secs] [Times: user=0.93 sys=0.00, real=0.15 secs] 
3092.138: [GC (Allocation Failure) [PSYoungGen: 431008K->152832K(503808K)] 1091634K->917138K(1430016K), 0.0537944 secs] [Times: user=0.31 sys=0.00, real=0.05 secs] 
3092.192: [Full GC (Ergonomics) [PSYoungGen: 152832K->0K(503808K)] [ParOldGen: 764306K->192124K(987648K)] 917138K->192124K(1491456K), [Metaspace: 60134K->60134K(1105920K)], 0.4446642 secs] [Times: user=2.06 sys=0.00, real=0.45 secs] 
3095.587: [GC (Allocation Failure) [PSYoungGen: 320000K->104417K(509440K)] 512124K->296542K(1497088K), 0.0936697 secs] [Times: user=0.56 sys=0.00, real=0.09 secs] 
3097.631: [GC (Allocation Failure) [PSYoungGen: 424417K->151328K(504320K)] 616542K->443714K(1491968K), 0.0506933 secs] [Times: user=0.30 sys=0.00, real=0.05 secs] 
3101.661: [GC (Allocation Failure) [PSYoungGen: 469280K->101712K(508416K)] 761666K->536774K(1496064K), 0.1658689 secs] [Times: user=0.99 sys=0.00, real=0.17 secs] 
3102.348: [GC (Allocation Failure) [PSYoungGen: 419512K->150784K(502784K)] 854574K->683927K(1490432K), 0.0503650 secs] [Times: user=0.29 sys=0.00, real=0.05 secs] 
3105.526: [GC (Allocation Failure) [PSYoungGen: 465664K->99104K(506880K)] 998807K->774587K(1494528K), 0.1419053 secs] [Times: user=0.85 sys=0.01, real=0.14 secs] 
3106.466: [GC (Allocation Failure) [PSYoungGen: 413984K->150768K(501760K)] 1089467K->921472K(1489408K), 0.0529462 secs] [Times: user=0.30 sys=0.00, real=0.05 secs] 
3109.168: [GC (Allocation Failure) [PSYoungGen: 462576K->100352K(505344K)] 1233280K->1013012K(1492992K), 0.1888084 secs] [Times: user=0.91 sys=0.21, real=0.19 secs] 
3109.357: [Full GC (Ergonomics) [PSYoungGen: 100352K->0K(505344K)] [ParOldGen: 912660K->51421K(889856K)] 1013012K->51421K(1395200K), [Metaspace: 60143K->60143K(1105920K)], 0.1421349 secs] [Times: user=0.62 sys=0.00, real=0.14 secs] 
3111.259: [GC (Allocation Failure) [PSYoungGen: 311808K->145792K(504832K)] 363229K->197213K(1394688K), 0.0291442 secs] [Times: user=0.16 sys=0.00, real=0.03 secs] 
3114.308: [GC (Allocation Failure) [PSYoungGen: 459648K->103152K(417280K)] 511069K->290886K(1307136K), 0.1577740 secs] [Times: user=0.94 sys=0.00, real=0.16 secs] 
3115.837: [GC (Allocation Failure) [PSYoungGen: 417008K->147488K(503296K)] 604742K->434130K(1393152K), 0.0501355 secs] [Times: user=0.29 sys=0.00, real=0.05 secs] 
3118.180: [GC (Allocation Failure) [PSYoungGen: 460832K->103664K(505344K)] 747474K->528823K(1395200K), 0.1641089 secs] [Times: user=0.98 sys=0.00, real=0.16 secs] 
3118.880: [GC (Allocation Failure) [PSYoungGen: 417008K->148672K(503808K)] 842167K->673799K(1393664K), 0.0515165 secs] [Times: user=0.30 sys=0.00, real=0.05 secs] 
3122.281: [GC (Allocation Failure) [PSYoungGen: 463040K->100416K(506368K)] 988167K->765239K(1396224K), 0.1629922 secs] [Times: user=0.96 sys=0.01, real=0.16 secs] 
3123.898: [GC (Allocation Failure) [PSYoungGen: 414784K->150336K(502784K)] 1079607K->911148K(1392640K), 0.0512927 secs] [Times: user=0.30 sys=0.00, real=0.05 secs] 
3123.949: [Full GC (Ergonomics) [PSYoungGen: 150336K->0K(502784K)] [ParOldGen: 760812K->192021K(1069568K)] 911148K->192021K(1572352K), [Metaspace: 60145K->60145K(1105920K)], 0.4545400 secs] [Times: user=2.12 sys=0.00, real=0.45 secs] 
3127.033: [GC (Allocation Failure) [PSYoungGen: 312832K->100560K(505856K)] 504853K->292581K(1575424K), 0.0985228 secs] [Times: user=0.58 sys=0.00, real=0.10 secs] 
3128.602: [GC (Allocation Failure) [PSYoungGen: 413392K->148768K(502784K)] 605413K->436818K(1572352K), 0.0499800 secs] [Times: user=0.29 sys=0.00, real=0.05 secs] 
3131.538: [GC (Allocation Failure) [PSYoungGen: 460576K->103280K(415232K)] 748626K->530995K(1484800K), 0.1666199 secs] [Times: user=1.00 sys=0.00, real=0.16 secs] 
3132.975: [GC (Allocation Failure) [PSYoungGen: 415088K->146144K(503296K)] 842803K->673219K(1572864K), 0.0515703 secs] [Times: user=0.30 sys=0.00, real=0.05 secs] 
3135.763: [GC (Allocation Failure) [PSYoungGen: 458976K->103184K(504832K)] 986051K->767448K(1574400K), 0.1608530 secs] [Times: user=0.96 sys=0.00, real=0.16 secs] 
3137.251: [GC (Allocation Failure) [PSYoungGen: 416016K->154560K(499200K)] 1080280K->918489K(1568768K), 0.0562843 secs] [Times: user=0.33 sys=0.00, real=0.06 secs] 
3139.409: [GC (Allocation Failure) [PSYoungGen: 464320K->103696K(504320K)] 1228249K->1005162K(1573888K), 0.1221177 secs] [Times: user=0.71 sys=0.01, real=0.12 secs] 
3139.531: [Full GC (Ergonomics) [PSYoungGen: 103696K->0K(504320K)] [ParOldGen: 901465K->42396K(962560K)] 1005162K->42396K(1466880K), [Metaspace: 60150K->60150K(1105920K)], 0.1081240 secs] [Times: user=0.44 sys=0.00, real=0.11 secs] 
3141.401: [GC (Allocation Failure) [PSYoungGen: 309760K->143328K(503296K)] 352156K->185724K(1465856K), 0.0281949 secs] [Times: user=0.16 sys=0.00, real=0.03 secs] 
3143.089: [GC (Allocation Failure) [PSYoungGen: 456160K->105600K(504832K)] 498556K->282500K(1467392K), 0.0753671 secs] [Times: user=0.45 sys=0.00, real=0.07 secs] 
3144.677: [GC (Allocation Failure) [PSYoungGen: 418432K->141568K(505344K)] 595332K->421590K(1467904K), 0.0512488 secs] [Times: user=0.30 sys=0.00, real=0.05 secs] 
3148.574: [GC (Allocation Failure) [PSYoungGen: 457984K->106112K(505344K)] 738006K->518294K(1467904K), 0.1753912 secs] [Times: user=1.05 sys=0.00, real=0.18 secs] 
3151.303: [GC (Allocation Failure) [PSYoungGen: 422528K->144672K(505344K)] 834710K->659875K(1467904K), 0.0526471 secs] [Times: user=0.32 sys=0.00, real=0.06 secs] 
3153.463: [GC (Allocation Failure) [PSYoungGen: 464160K->103696K(506880K)] 979363K->754380K(1469440K), 0.1229061 secs] [Times: user=0.73 sys=0.00, real=0.13 secs] 
3155.747: [GC (Allocation Failure) [PSYoungGen: 423184K->149024K(507392K)] 1073868K->901000K(1469952K), 0.0520443 secs] [Times: user=0.30 sys=0.01, real=0.05 secs] 
3158.103: [GC (Allocation Failure) [PSYoungGen: 471072K->109120K(510464K)] 1223048K->1001156K(1473024K), 0.1268668 secs] [Times: user=0.75 sys=0.00, real=0.13 secs] 
3158.230: [Full GC (Ergonomics) [PSYoungGen: 109120K->0K(510464K)] [ParOldGen: 892036K->44076K(1009664K)] 1001156K->44076K(1520128K), [Metaspace: 60165K->60165K(1105920K)], 0.1115823 secs] [Times: user=0.46 sys=0.00, real=0.11 secs] 
3160.352: [GC (Allocation Failure) [PSYoungGen: 322048K->148225K(507904K)] 366124K->192301K(1517568K), 0.0873312 secs] [Times: user=0.50 sys=0.01, real=0.09 secs] 
3162.378: [GC (Allocation Failure) [PSYoungGen: 470785K->108976K(510464K)] 514861K->292305K(1520128K), 0.1425650 secs] [Times: user=0.84 sys=0.00, real=0.14 secs] 
3163.499: [GC (Allocation Failure) [PSYoungGen: 431536K->150496K(506880K)] 614865K->438829K(1516544K), 0.0525229 secs] [Times: user=0.31 sys=0.00, real=0.05 secs] 
3168.838: [GC (Allocation Failure) [PSYoungGen: 472544K->103488K(510464K)] 760877K->532953K(1520128K), 0.1658262 secs] [Times: user=0.99 sys=0.00, real=0.16 secs] 
3170.043: [GC (Allocation Failure) [PSYoungGen: 425536K->151152K(505344K)] 855001K->679915K(1515008K), 0.0506245 secs] [Times: user=0.30 sys=0.00, real=0.05 secs] 
3173.972: [GC (Allocation Failure) [PSYoungGen: 470128K->103520K(508928K)] 998891K->774850K(1518592K), 0.1602231 secs] [Times: user=0.95 sys=0.00, real=0.16 secs] 
3175.041: [GC (Allocation Failure) [PSYoungGen: 420671K->147712K(506880K)] 1092001K->918155K(1516544K), 0.0503832 secs] [Times: user=0.30 sys=0.00, real=0.05 secs] 
3178.604: [GC (Allocation Failure) [PSYoungGen: 466688K->102272K(508928K)] 1237131K->1011723K(1518592K), 0.1757889 secs] [Times: user=1.04 sys=0.01, real=0.18 secs] 
3178.780: [Full GC (Ergonomics) [PSYoungGen: 102272K->0K(508928K)] [ParOldGen: 909451K->55020K(1064960K)] 1011723K->55020K(1573888K), [Metaspace: 60176K->60176K(1105920K)], 0.1545897 secs] [Times: user=0.69 sys=0.00, real=0.15 secs] 
3180.507: [GC (Allocation Failure) [PSYoungGen: 316415K->148800K(505856K)] 371435K->203820K(1570816K), 0.0296788 secs] [Times: user=0.18 sys=0.00, real=0.03 secs] 
3184.253: [GC (Allocation Failure) [PSYoungGen: 466752K->100208K(508416K)] 521772K->295152K(1573376K), 0.1428985 secs] [Times: user=0.85 sys=0.01, real=0.15 secs] 
3185.372: [GC (Allocation Failure) [PSYoungGen: 418160K->151680K(502784K)] 613104K->442253K(1567744K), 0.0492223 secs] [Times: user=0.29 sys=0.00, real=0.05 secs] 
3188.270: [GC (Allocation Failure) [PSYoungGen: 465536K->99168K(506368K)] 756109K->532617K(1571328K), 0.1484036 secs] [Times: user=0.88 sys=0.01, real=0.15 secs] 
3189.387: [GC (Allocation Failure) [PSYoungGen: 413024K->149856K(502784K)] 846473K->678793K(1567744K), 0.0490739 secs] [Times: user=0.29 sys=0.00, real=0.05 secs] 
3192.363: [GC (Allocation Failure) [PSYoungGen: 461664K->100256K(505344K)] 990601K->770573K(1570304K), 0.1643229 secs] [Times: user=0.98 sys=0.00, real=0.17 secs] 
3193.463: [GC (Allocation Failure) [PSYoungGen: 412064K->146848K(504320K)] 1082381K->913914K(1569280K), 0.0496801 secs] [Times: user=0.29 sys=0.00, real=0.05 secs] 
3196.484: [GC (Allocation Failure) [PSYoungGen: 459680K->103008K(416256K)] 1226746K->1008030K(1481216K), 0.1235564 secs] [Times: user=0.74 sys=0.00, real=0.13 secs] 
3196.608: [Full GC (Ergonomics) [PSYoungGen: 103008K->0K(416256K)] [ParOldGen: 905022K->50201K(1100800K)] 1008030K->50201K(1517056K), [Metaspace: 60205K->60205K(1105920K)], 0.1221688 secs] [Times: user=0.52 sys=0.00, real=0.12 secs] 
3197.615: [GC (Allocation Failure) [PSYoungGen: 312832K->155968K(498176K)] 363033K->206169K(1598976K), 0.0298064 secs] [Times: user=0.17 sys=0.00, real=0.03 secs] 
3201.008: [GC (Allocation Failure) [PSYoungGen: 463680K->97712K(503296K)] 513881K->286255K(1604096K), 0.1580655 secs] [Times: user=0.95 sys=0.00, real=0.16 secs] 
3203.973: [GC (Allocation Failure) [PSYoungGen: 405424K->144688K(502784K)] 593967K->426643K(1603584K), 0.0488640 secs] [Times: user=0.29 sys=0.00, real=0.05 secs] 
3205.739: [GC (Allocation Failure) [PSYoungGen: 453936K->103168K(412672K)] 735891K->520723K(1513472K), 0.1164542 secs] [Times: user=0.70 sys=0.00, real=0.12 secs] 
3208.117: [GC (Allocation Failure) [PSYoungGen: 412416K->137744K(503808K)] 829975K->655804K(1604608K), 0.0508677 secs] [Times: user=0.29 sys=0.00, real=0.05 secs] 
3209.966: [GC (Allocation Failure) [PSYoungGen: 450064K->104496K(502272K)] 968124K->751017K(1603072K), 0.0619506 secs] [Times: user=0.37 sys=0.00, real=0.06 secs] 
3212.826: [GC (Allocation Failure) [PSYoungGen: 416816K->141568K(503808K)] 1063337K->889921K(1604608K), 0.0517403 secs] [Times: user=0.30 sys=0.00, real=0.05 secs] 
3214.023: [GC (Allocation Failure) [PSYoungGen: 458496K->110368K(504320K)] 1206849K->990981K(1605120K), 0.0645004 secs] [Times: user=0.39 sys=0.00, real=0.07 secs] 
3216.508: [GC (Allocation Failure) [PSYoungGen: 427296K->143616K(506880K)] 1307909K->1132638K(1607680K), 0.0640560 secs] [Times: user=0.29 sys=0.09, real=0.06 secs] 
3216.572: [Full GC (Ergonomics) [PSYoungGen: 143616K->0K(506880K)] [ParOldGen: 989021K->174104K(1261056K)] 1132638K->174104K(1767936K), [Metaspace: 60207K->60207K(1105920K)], 0.4037027 secs] [Times: user=1.87 sys=0.00, real=0.41 secs] 
3219.066: [GC (Allocation Failure) [PSYoungGen: 323072K->107616K(508416K)] 497176K->281728K(1769472K), 0.0474356 secs] [Times: user=0.28 sys=0.00, real=0.04 secs] 
3221.181: [GC (Allocation Failure) [PSYoungGen: 430688K->156944K(503296K)] 604800K->436216K(1764352K), 0.0541871 secs] [Times: user=0.32 sys=0.00, real=0.05 secs] 
3224.229: [GC (Allocation Failure) [PSYoungGen: 477968K->106688K(509952K)] 757240K->525536K(1771008K), 0.1468177 secs] [Times: user=0.84 sys=0.00, real=0.15 secs] 
3226.180: [GC (Allocation Failure) [PSYoungGen: 427712K->145984K(508928K)] 846560K->669033K(1769984K), 0.0525684 secs] [Times: user=0.31 sys=0.00, real=0.05 secs] 
3228.189: [GC (Allocation Failure) [PSYoungGen: 469056K->109072K(432640K)] 992105K->768913K(1693696K), 0.1579569 secs] [Times: user=0.94 sys=0.01, real=0.16 secs] 
3230.712: [GC (Allocation Failure) [PSYoungGen: 432144K->148640K(507392K)] 1091985K->913381K(1768448K), 0.0532105 secs] [Times: user=0.32 sys=0.00, real=0.06 secs] 
3234.080: [GC (Allocation Failure) [PSYoungGen: 471200K->107744K(509952K)] 1235941K->1012005K(1771008K), 0.1662235 secs] [Times: user=0.99 sys=0.00, real=0.17 secs] 
3235.177: [GC (Allocation Failure) [PSYoungGen: 430304K->152096K(505856K)] 1334565K->1160362K(1766912K), 0.0534801 secs] [Times: user=0.31 sys=0.01, real=0.05 secs] 
3239.466: [GC (Allocation Failure) [PSYoungGen: 473120K->102048K(509952K)] 1481386K->1253678K(1771008K), 0.1975125 secs] [Times: user=0.97 sys=0.16, real=0.19 secs] 
3239.664: [Full GC (Ergonomics) [PSYoungGen: 102048K->0K(509952K)] [ParOldGen: 1151630K->51730K(1182720K)] 1253678K->51730K(1692672K), [Metaspace: 60210K->60210K(1105920K)], 0.1284875 secs] [Times: user=0.57 sys=0.00, real=0.13 secs] 
3240.520: [GC (Allocation Failure) [PSYoungGen: 321024K->150784K(505344K)] 372754K->202514K(1688064K), 0.0296789 secs] [Times: user=0.17 sys=0.01, real=0.03 secs] 
3242.894: [GC (Allocation Failure) [PSYoungGen: 468736K->106816K(508416K)] 520466K->300151K(1691136K), 0.1561373 secs] [Times: user=0.94 sys=0.00, real=0.16 secs] 
3243.787: [GC (Allocation Failure) [PSYoungGen: 419243K->145984K(507904K)] 612578K->442603K(1690624K), 0.0506575 secs] [Times: user=0.30 sys=0.00, real=0.05 secs] 
3246.621: [GC (Allocation Failure) [PSYoungGen: 465984K->103072K(508928K)] 762603K->537067K(1691648K), 0.1646140 secs] [Times: user=0.98 sys=0.00, real=0.16 secs] 
3247.258: [GC (Allocation Failure) [PSYoungGen: 420588K->148320K(507392K)] 854584K->681380K(1690112K), 0.0501154 secs] [Times: user=0.30 sys=0.00, real=0.05 secs] 
3250.563: [GC (Allocation Failure) [PSYoungGen: 468320K->102608K(509440K)] 1001380K->775037K(1692160K), 0.1654960 secs] [Times: user=0.98 sys=0.01, real=0.17 secs] 
3251.523: [GC (Allocation Failure) [PSYoungGen: 416277K->148400K(506880K)] 1088706K->919450K(1689600K), 0.0497335 secs] [Times: user=0.29 sys=0.00, real=0.05 secs] 
3254.410: [GC (Allocation Failure) [PSYoungGen: 467376K->105920K(424960K)] 1238426K->1016697K(1607680K), 0.1704633 secs] [Times: user=1.01 sys=0.00, real=0.17 secs] 
3255.707: [GC (Allocation Failure) [PSYoungGen: 416131K->145680K(506880K)] 1326909K->1158319K(1689600K), 0.0505940 secs] [Times: user=0.30 sys=0.00, real=0.05 secs] 
3255.758: [Full GC (Ergonomics) [PSYoungGen: 145680K->0K(506880K)] [ParOldGen: 1012638K->199056K(1374208K)] 1158319K->199056K(1881088K), [Metaspace: 60210K->60210K(1105920K)], 0.4488948 secs] [Times: user=2.07 sys=0.00, real=0.45 secs] 
3258.621: [GC (Allocation Failure) [PSYoungGen: 319488K->104160K(508416K)] 518544K->303216K(1882624K), 0.1021842 secs] [Times: user=0.59 sys=0.01, real=0.10 secs] 
3260.022: [GC (Allocation Failure) [PSYoungGen: 418239K->147808K(507392K)] 617295K->446733K(1881600K), 0.0495900 secs] [Times: user=0.29 sys=0.00, real=0.05 secs] 
3263.606: [GC (Allocation Failure) [PSYoungGen: 468320K->103200K(509440K)] 767245K->540877K(1883648K), 0.1619158 secs] [Times: user=0.96 sys=0.01, real=0.16 secs] 
3264.676: [GC (Allocation Failure) [PSYoungGen: 420179K->148192K(506880K)] 857856K->685029K(1881088K), 0.0500559 secs] [Times: user=0.29 sys=0.00, real=0.05 secs] 
3268.696: [GC (Allocation Failure) [PSYoungGen: 468192K->100464K(509440K)] 1005029K->776394K(1883648K), 0.1659583 secs] [Times: user=0.99 sys=0.01, real=0.16 secs] 
3269.984: [GC (Allocation Failure) [PSYoungGen: 418121K->151056K(504832K)] 1094051K->923035K(1879040K), 0.0496901 secs] [Times: user=0.29 sys=0.00, real=0.05 secs] 
3272.944: [GC (Allocation Failure) [PSYoungGen: 467984K->105632K(507904K)] 1239963K->1020078K(1882112K), 0.1635701 secs] [Times: user=0.97 sys=0.00, real=0.17 secs] 
3273.670: [GC (Allocation Failure) [PSYoungGen: 413335K->145856K(506880K)] 1327782K->1162015K(1881088K), 0.0506588 secs] [Times: user=0.30 sys=0.00, real=0.05 secs] 
3276.690: [GC (Allocation Failure) [PSYoungGen: 464320K->100960K(508416K)] 1480479K->1254207K(1882624K), 0.1192895 secs] [Times: user=0.71 sys=0.00, real=0.12 secs] 
3278.243: [GC (Allocation Failure) [PSYoungGen: 417718K->150240K(503808K)] 1570966K->1400380K(1878016K), 0.0582645 secs] [Times: user=0.30 sys=0.04, real=0.06 secs] 
3278.302: [Full GC (Ergonomics) [PSYoungGen: 150240K->0K(503808K)] [ParOldGen: 1250140K->196757K(1398272K)] 1400380K->196757K(1902080K), [Metaspace: 60226K->60226K(1105920K)], 0.4971025 secs] [Times: user=2.31 sys=0.01, real=0.50 secs] 
3281.148: [GC (Allocation Failure) [PSYoungGen: 315904K->101536K(507392K)] 512661K->298293K(1905664K), 0.0832897 secs] [Times: user=0.49 sys=0.00, real=0.08 secs] 
3283.386: [GC (Allocation Failure) [PSYoungGen: 417440K->149504K(504320K)] 614197K->443446K(1902592K), 0.0492645 secs] [Times: user=0.29 sys=0.01, real=0.05 secs] 
3285.682: [GC (Allocation Failure) [PSYoungGen: 464384K->102720K(506880K)] 758326K->537194K(1905152K), 0.1684205 secs] [Times: user=0.97 sys=0.01, real=0.17 secs] 
3287.587: [GC (Allocation Failure) [PSYoungGen: 417600K->157440K(497152K)] 852074K->690466K(1895424K), 0.0505101 secs] [Times: user=0.30 sys=0.00, real=0.05 secs] 
3289.653: [GC (Allocation Failure) [PSYoungGen: 465152K->101440K(503296K)] 998178K->774594K(1901568K), 0.1692115 secs] [Times: user=1.01 sys=0.00, real=0.17 secs] 
3290.801: [GC (Allocation Failure) [PSYoungGen: 409152K->144992K(501760K)] 1082306K->916091K(1900032K), 0.0501569 secs] [Times: user=0.30 sys=0.00, real=0.05 secs] 
3293.455: [GC (Allocation Failure) [PSYoungGen: 455264K->99840K(503808K)] 1226363K->1007119K(1902080K), 0.1246442 secs] [Times: user=0.74 sys=0.00, real=0.12 secs] 
3294.355: [GC (Allocation Failure) [PSYoungGen: 410112K->146000K(503808K)] 1317391K->1149668K(1902080K), 0.0506972 secs] [Times: user=0.30 sys=0.00, real=0.06 secs] 
3296.200: [GC (Allocation Failure) [PSYoungGen: 458320K->101392K(414208K)] 1461988K->1242185K(1812480K), 0.1312920 secs] [Times: user=0.78 sys=0.00, real=0.13 secs] 
3297.845: [GC (Allocation Failure) [PSYoungGen: 413712K->148128K(502272K)] 1554505K->1386597K(1900544K), 0.0524322 secs] [Times: user=0.31 sys=0.00, real=0.06 secs] 
3297.897: [Full GC (Ergonomics) [PSYoungGen: 148128K->0K(502272K)] [ParOldGen: 1238469K->185763K(1398272K)] 1386597K->185763K(1900544K), [Metaspace: 60229K->60229K(1105920K)], 0.4415150 secs] [Times: user=2.05 sys=0.00, real=0.44 secs] 
3300.662: [GC (Allocation Failure) [PSYoungGen: 311808K->99648K(504832K)] 497571K->285412K(1903104K), 0.0815507 secs] [Times: user=0.46 sys=0.00, real=0.08 secs] 
3303.262: [GC (Allocation Failure) [PSYoungGen: 411456K->145680K(504832K)] 597220K->427842K(1903104K), 0.0500798 secs] [Times: user=0.29 sys=0.00, real=0.05 secs] 
3305.501: [GC (Allocation Failure) [PSYoungGen: 459536K->102448K(416768K)] 741698K->521358K(1815040K), 0.0924798 secs] [Times: user=0.55 sys=0.00, real=0.09 secs] 
3307.360: [GC (Allocation Failure) [PSYoungGen: 416304K->146688K(502784K)] 835214K->664618K(1901056K), 0.0512473 secs] [Times: user=0.30 sys=0.00, real=0.05 secs] 
3309.329: [GC (Allocation Failure) [PSYoungGen: 460032K->105088K(504832K)] 977962K->760790K(1903104K), 0.1402011 secs] [Times: user=0.83 sys=0.00, real=0.14 secs] 
3311.287: [GC (Allocation Failure) [PSYoungGen: 418432K->143584K(505344K)] 1074134K->902327K(1903616K), 0.0907149 secs] [Times: user=0.53 sys=0.01, real=0.09 secs] 
3313.801: [GC (Allocation Failure) [PSYoungGen: 460512K->105520K(506368K)] 1219255K->999416K(1904640K), 0.1621189 secs] [Times: user=0.96 sys=0.01, real=0.16 secs] 
3316.336: [GC (Allocation Failure) [PSYoungGen: 422448K->145760K(505344K)] 1316344K->1142404K(1903616K), 0.0528150 secs] [Times: user=0.31 sys=0.00, real=0.05 secs] 
3319.087: [GC (Allocation Failure) [PSYoungGen: 464736K->105312K(507392K)] 1461380K->1238888K(1905664K), 0.1704617 secs] [Times: user=1.01 sys=0.01, real=0.17 secs] 
3321.545: [GC (Allocation Failure) [PSYoungGen: 424288K->148496K(506880K)] 1557864K->1383941K(1905152K), 0.0534094 secs] [Times: user=0.31 sys=0.01, real=0.05 secs] 
3321.599: [Full GC (Ergonomics) [PSYoungGen: 148496K->0K(506880K)] [ParOldGen: 1235445K->182159K(1398272K)] 1383941K->182159K(1905152K), [Metaspace: 60230K->60230K(1105920K)], 0.4223323 secs] [Times: user=1.96 sys=0.00, real=0.42 secs] 
3324.136: [GC (Allocation Failure) [PSYoungGen: 320170K->105632K(509952K)] 502329K->287791K(1908224K), 0.1074628 secs] [Times: user=0.63 sys=0.00, real=0.10 secs] 
3326.610: [GC (Allocation Failure) [PSYoungGen: 426656K->150720K(505856K)] 608815K->435000K(1904128K), 0.0521826 secs] [Times: user=0.31 sys=0.00, real=0.05 secs] 
3328.674: [GC (Allocation Failure) [PSYoungGen: 470720K->103487K(509440K)] 755000K->529688K(1907712K), 0.1559074 secs] [Times: user=0.93 sys=0.00, real=0.16 secs] 
3330.642: [GC (Allocation Failure) [PSYoungGen: 423487K->149984K(505344K)] 849688K->675493K(1903616K), 0.0515666 secs] [Times: user=0.30 sys=0.00, real=0.05 secs] 
3334.473: [GC (Allocation Failure) [PSYoungGen: 467936K->101040K(508416K)] 993445K->767738K(1906688K), 0.1190008 secs] [Times: user=0.71 sys=0.01, real=0.12 secs] 
3335.492: [GC (Allocation Failure) [PSYoungGen: 418992K->150592K(503296K)] 1085690K->914110K(1901568K), 0.0514167 secs] [Times: user=0.30 sys=0.01, real=0.05 secs] 
3338.658: [GC (Allocation Failure) [PSYoungGen: 465472K->102960K(506880K)] 1228990K->1007682K(1905152K), 0.1663610 secs] [Times: user=0.99 sys=0.00, real=0.16 secs] 
3339.538: [GC (Allocation Failure) [PSYoungGen: 417840K->150368K(503296K)] 1322562K->1154526K(1901568K), 0.0513894 secs] [Times: user=0.31 sys=0.00, real=0.05 secs] 
3342.704: [GC (Allocation Failure) [PSYoungGen: 464224K->100544K(506368K)] 1468382K->1246543K(1904640K), 0.1636833 secs] [Times: user=0.98 sys=0.00, real=0.17 secs] 
3344.574: [GC (Allocation Failure) [PSYoungGen: 414400K->147808K(504320K)] 1560399K->1390123K(1902592K), 0.0506872 secs] [Times: user=0.30 sys=0.00, real=0.05 secs] 
3344.625: [Full GC (Ergonomics) [PSYoungGen: 147808K->0K(504320K)] [ParOldGen: 1242315K->189834K(1398272K)] 1390123K->189834K(1902592K), [Metaspace: 60233K->60233K(1105920K)], 0.4407781 secs] [Times: user=2.05 sys=0.00, real=0.45 secs] 
3350.433: [GC (Allocation Failure) [PSYoungGen: 313856K->99105K(506368K)] 503690K->288940K(1904640K), 0.0988047 secs] [Times: user=0.58 sys=0.00, real=0.10 secs] 
3352.346: [GC (Allocation Failure) [PSYoungGen: 412961K->146656K(504832K)] 602796K->431744K(1903104K), 0.0493522 secs] [Times: user=0.29 sys=0.00, real=0.04 secs] 
3353.995: [GC (Allocation Failure) [PSYoungGen: 460512K->106240K(420352K)] 745600K->528472K(1818624K), 0.1163535 secs] [Times: user=0.69 sys=0.00, real=0.12 secs] 
3355.524: [GC (Allocation Failure) [PSYoungGen: 420096K->146656K(503296K)] 842328K->670821K(1901568K), 0.0523181 secs] [Times: user=0.31 sys=0.01, real=0.06 secs] 
3357.384: [GC (Allocation Failure) [PSYoungGen: 460512K->106688K(504832K)] 984677K->768069K(1903104K), 0.1438797 secs] [Times: user=0.85 sys=0.00, real=0.15 secs] 
3358.753: [GC (Allocation Failure) [PSYoungGen: 420544K->157888K(498688K)] 1081925K->921804K(1896960K), 0.0540563 secs] [Times: user=0.32 sys=0.00, real=0.06 secs] 
3361.421: [GC (Allocation Failure) [PSYoungGen: 468672K->99808K(504832K)] 1232588K->1004524K(1903104K), 0.1778366 secs] [Times: user=1.06 sys=0.00, real=0.18 secs] 
3362.792: [GC (Allocation Failure) [PSYoungGen: 410592K->147776K(503296K)] 1315308K->1148589K(1901568K), 0.0518761 secs] [Times: user=0.31 sys=0.00, real=0.05 secs] 
3365.385: [GC (Allocation Failure) [PSYoungGen: 458560K->103216K(414208K)] 1459373K->1243021K(1812480K), 0.1641488 secs] [Times: user=0.98 sys=0.00, real=0.17 secs] 
3368.043: [GC (Allocation Failure) [PSYoungGen: 414000K->145440K(502784K)] 1553805K->1384345K(1901056K), 0.0524335 secs] [Times: user=0.31 sys=0.00, real=0.06 secs] 
3368.096: [Full GC (Ergonomics) [PSYoungGen: 145440K->0K(502784K)] [ParOldGen: 1238905K->182241K(1398272K)] 1384345K->182241K(1901056K), [Metaspace: 60238K->60238K(1105920K)], 0.4334566 secs] [Times: user=2.01 sys=0.00, real=0.43 secs] 
3370.398: [GC (Allocation Failure) [PSYoungGen: 311296K->101712K(503808K)] 493537K->283961K(1902080K), 0.1005301 secs] [Times: user=0.58 sys=0.02, real=0.10 secs] 
3373.414: [GC (Allocation Failure) [PSYoungGen: 413008K->143392K(504320K)] 595257K->424181K(1902592K), 0.0511122 secs] [Times: user=0.30 sys=0.00, real=0.05 secs] 
3374.857: [GC (Allocation Failure) [PSYoungGen: 457760K->104160K(504832K)] 738549K->519321K(1903104K), 0.1015980 secs] [Times: user=0.61 sys=0.00, real=0.10 secs] 
3377.079: [GC (Allocation Failure) [PSYoungGen: 418528K->145968K(504320K)] 833689K->662399K(1902592K), 0.0521712 secs] [Times: user=0.31 sys=0.00, real=0.05 secs] 
3379.794: [GC (Allocation Failure) [PSYoungGen: 462384K->105936K(506368K)] 978815K->759151K(1904640K), 0.1565661 secs] [Times: user=0.93 sys=0.00, real=0.16 secs] 
3382.098: [GC (Allocation Failure) [PSYoungGen: 422352K->142960K(507392K)] 1075567K->899772K(1905664K), 0.0528495 secs] [Times: user=0.31 sys=0.01, real=0.05 secs] 
3385.045: [GC (Allocation Failure) [PSYoungGen: 463472K->108368K(507904K)] 1220284K->998784K(1906176K), 0.1589356 secs] [Times: user=0.94 sys=0.00, real=0.15 secs] 
3386.508: [GC (Allocation Failure) [PSYoungGen: 428880K->147440K(506368K)] 1319296K->1143909K(1904640K), 0.0545204 secs] [Times: user=0.32 sys=0.00, real=0.05 secs] 
3390.445: [GC (Allocation Failure) [PSYoungGen: 469488K->106560K(508928K)] 1465957K->1240888K(1907200K), 0.1606404 secs] [Times: user=0.96 sys=0.00, real=0.16 secs] 
3393.033: [GC (Allocation Failure) [PSYoungGen: 428608K->148320K(508416K)] 1562936K->1386177K(1906688K), 0.0532660 secs] [Times: user=0.32 sys=0.00, real=0.06 secs] 
3393.086: [Full GC (Ergonomics) [PSYoungGen: 148320K->0K(508416K)] [ParOldGen: 1237857K->184376K(1398272K)] 1386177K->184376K(1906688K), [Metaspace: 60256K->60256K(1105920K)], 0.4305026 secs] [Times: user=1.99 sys=0.00, real=0.43 secs] 
3395.650: [GC (Allocation Failure) [PSYoungGen: 324096K->108272K(511488K)] 508472K->292649K(1909760K), 0.1030331 secs] [Times: user=0.61 sys=0.00, real=0.10 secs] 
3397.092: [GC (Allocation Failure) [PSYoungGen: 432368K->152384K(506368K)] 616745K->440793K(1904640K), 0.0531519 secs] [Times: user=0.31 sys=0.01, real=0.05 secs] 
3399.724: [GC (Allocation Failure) [PSYoungGen: 474432K->106096K(510464K)] 762841K->537757K(1908736K), 0.1769835 secs] [Times: user=1.06 sys=0.01, real=0.18 secs] 
3401.103: [GC (Allocation Failure) [PSYoungGen: 424458K->150096K(506368K)] 856119K->683578K(1904640K), 0.0512568 secs] [Times: user=0.30 sys=0.00, real=0.05 secs] 
3404.716: [GC (Allocation Failure) [PSYoungGen: 470096K->103296K(509440K)] 1003578K->778042K(1907712K), 0.1679979 secs] [Times: user=0.99 sys=0.01, real=0.16 secs] 
3406.119: [GC (Allocation Failure) [PSYoungGen: 419091K->148224K(507392K)] 1093837K->921858K(1905664K), 0.0505477 secs] [Times: user=0.30 sys=0.00, real=0.05 secs] 
3408.999: [GC (Allocation Failure) [PSYoungGen: 468224K->99936K(509440K)] 1241858K->1013090K(1907712K), 0.1792852 secs] [Times: user=1.03 sys=0.00, real=0.18 secs] 
3410.663: [GC (Allocation Failure) [PSYoungGen: 418093K->151744K(503296K)] 1331248K->1160459K(1901568K), 0.0504026 secs] [Times: user=0.30 sys=0.00, real=0.05 secs] 
3413.759: [GC (Allocation Failure) [PSYoungGen: 466624K->101792K(506880K)] 1475339K->1253575K(1905152K), 0.1676175 secs] [Times: user=1.00 sys=0.00, real=0.17 secs] 
3415.288: [GC (Allocation Failure) [PSYoungGen: 416672K->149360K(503808K)] 1568455K->1398828K(1902080K), 0.0502095 secs] [Times: user=0.30 sys=0.00, real=0.05 secs] 
3415.338: [Full GC (Ergonomics) [PSYoungGen: 149360K->0K(503808K)] [ParOldGen: 1249467K->196879K(1398272K)] 1398828K->196879K(1902080K), [Metaspace: 60256K->60256K(1105920K)], 0.4561359 secs] [Times: user=2.11 sys=0.00, real=0.45 secs] 
3419.239: [GC (Allocation Failure) [PSYoungGen: 313856K->100272K(506368K)] 510735K->297151K(1904640K), 0.0986349 secs] [Times: user=0.56 sys=0.00, real=0.10 secs] 
3420.616: [GC (Allocation Failure) [PSYoungGen: 414128K->147808K(504320K)] 611007K->440959K(1902592K), 0.0520272 secs] [Times: user=0.30 sys=0.00, real=0.05 secs] 
3423.998: [GC (Allocation Failure) [PSYoungGen: 461664K->99968K(506368K)] 754815K->532607K(1904640K), 0.1505274 secs] [Times: user=0.90 sys=0.00, real=0.15 secs] 
3426.376: [GC (Allocation Failure) [PSYoungGen: 413824K->147488K(504320K)] 846463K->675892K(1902592K), 0.0495834 secs] [Times: user=0.29 sys=0.00, real=0.05 secs] 
3428.773: [GC (Allocation Failure) [PSYoungGen: 461344K->102368K(416256K)] 989748K->769144K(1814528K), 0.1032062 secs] [Times: user=0.61 sys=0.00, real=0.11 secs] 
3429.813: [GC (Allocation Failure) [PSYoungGen: 416224K->148992K(503296K)] 1083000K->914781K(1901568K), 0.0541326 secs] [Times: user=0.32 sys=0.00, real=0.06 secs] 
3432.816: [GC (Allocation Failure) [PSYoungGen: 462336K->101040K(505856K)] 1228125K->1007434K(1904128K), 0.1568348 secs] [Times: user=0.94 sys=0.01, real=0.15 secs] 
3435.825: [GC (Allocation Failure) [PSYoungGen: 414384K->144224K(505856K)] 1320778K->1147710K(1904128K), 0.0501927 secs] [Times: user=0.30 sys=0.00, real=0.05 secs] 
3439.124: [GC (Allocation Failure) [PSYoungGen: 459616K->103744K(419328K)] 1463102K->1242014K(1817600K), 0.1500735 secs] [Times: user=0.89 sys=0.00, real=0.15 secs] 
3440.607: [GC (Allocation Failure) [PSYoungGen: 419136K->145744K(503296K)] 1557406K->1383932K(1901568K), 0.0517427 secs] [Times: user=0.30 sys=0.00, real=0.05 secs] 
3440.659: [Full GC (Ergonomics) [PSYoungGen: 145744K->0K(503296K)] [ParOldGen: 1238187K->183585K(1398272K)] 1383932K->183585K(1901568K), [Metaspace: 60261K->60261K(1105920K)], 0.4240463 secs] [Times: user=1.96 sys=0.00, real=0.42 secs] 
3443.056: [GC (Allocation Failure) [PSYoungGen: 314880K->105056K(505344K)] 498465K->288641K(1903616K), 0.0458294 secs] [Times: user=0.27 sys=0.00, real=0.04 secs] 
3444.608: [GC (Allocation Failure) [PSYoungGen: 419936K->145792K(505344K)] 603521K->430850K(1903616K), 0.0519746 secs] [Times: user=0.30 sys=0.00, real=0.05 secs] 
3447.691: [GC (Allocation Failure) [PSYoungGen: 463744K->106272K(507392K)] 748802K->528190K(1905664K), 0.1578630 secs] [Times: user=0.94 sys=0.00, real=0.16 secs] 
3449.359: [GC (Allocation Failure) [PSYoungGen: 424224K->148512K(505856K)] 846142K->673042K(1904128K), 0.0522868 secs] [Times: user=0.31 sys=0.00, real=0.05 secs] 
3452.478: [GC (GCLocker Initiated GC) [PSYoungGen: 468000K->104688K(508416K)] 992531K->768436K(1906688K), 0.1560781 secs] [Times: user=0.93 sys=0.00, real=0.15 secs] 
3454.675: [GC (Allocation Failure) [PSYoungGen: 424176K->150368K(505856K)] 1087979K->914807K(1904128K), 0.0522082 secs] [Times: user=0.30 sys=0.00, real=0.06 secs] 
3456.948: [GC (Allocation Failure) [PSYoungGen: 469344K->104352K(508928K)] 1233783K->1009919K(1907200K), 0.1600580 secs] [Times: user=0.95 sys=0.00, real=0.16 secs] 
3458.367: [GC (Allocation Failure) [PSYoungGen: 423328K->151168K(504320K)] 1328895K->1157708K(1902592K), 0.0527338 secs] [Times: user=0.31 sys=0.00, real=0.05 secs] 
3461.147: [GC (Allocation Failure) [PSYoungGen: 468096K->103456K(507904K)] 1474636K->1252308K(1906176K), 0.1763610 secs] [Times: user=1.05 sys=0.00, real=0.17 secs] 
3462.567: [GC (Allocation Failure) [PSYoungGen: 420384K->148864K(504832K)] 1569236K->1396973K(1903104K), 0.0522001 secs] [Times: user=0.31 sys=0.00, real=0.05 secs] 
3462.619: [Full GC (Ergonomics) [PSYoungGen: 148864K->0K(504832K)] [ParOldGen: 1248109K->195021K(1398272K)] 1396973K->195021K(1903104K), [Metaspace: 60266K->60266K(1105920K)], 0.4632142 secs] [Times: user=2.16 sys=0.00, real=0.46 secs] 
3465.331: [GC (Allocation Failure) [PSYoungGen: 315904K->105153K(507392K)] 510925K->300174K(1905664K), 0.0910714 secs] [Times: user=0.53 sys=0.00, real=0.09 secs] 
3466.050: [GC (Allocation Failure) [PSYoungGen: 420092K->149152K(504832K)] 615114K->445286K(1903104K), 0.0506960 secs] [Times: user=0.29 sys=0.01, real=0.05 secs] 
3469.160: [GC (Allocation Failure) [PSYoungGen: 465056K->102352K(507392K)] 761190K->538687K(1905664K), 0.1528573 secs] [Times: user=0.91 sys=0.00, real=0.15 secs] 
3470.682: [GC (Allocation Failure) [PSYoungGen: 414549K->149168K(504320K)] 850884K->684032K(1902592K), 0.0496194 secs] [Times: user=0.29 sys=0.00, real=0.05 secs] 
3475.857: [GC (Allocation Failure) [PSYoungGen: 464048K->97936K(506880K)] 998912K->773520K(1905152K), 0.1559623 secs] [Times: user=0.92 sys=0.00, real=0.15 secs] 
3477.418: [GC (Allocation Failure) [PSYoungGen: 412816K->148384K(504320K)] 1088400K->918036K(1902592K), 0.0496946 secs] [Times: user=0.30 sys=0.00, real=0.05 secs] 
3480.280: [GC (Allocation Failure) [PSYoungGen: 462240K->101120K(506368K)] 1231892K->1010252K(1904640K), 0.1106598 secs] [Times: user=0.65 sys=0.01, real=0.11 secs] 
3481.228: [GC (Allocation Failure) [PSYoungGen: 414976K->148256K(504320K)] 1324108K->1154689K(1902592K), 0.0505569 secs] [Times: user=0.30 sys=0.00, real=0.05 secs] 
3485.829: [GC (Allocation Failure) [PSYoungGen: 462112K->100288K(506368K)] 1468545K->1245853K(1904640K), 0.1603831 secs] [Times: user=0.96 sys=0.00, real=0.16 secs] 
3487.403: [GC (Allocation Failure) [PSYoungGen: 414144K->146880K(504320K)] 1559709K->1388354K(1902592K), 0.0505103 secs] [Times: user=0.30 sys=0.00, real=0.05 secs] 
3487.454: [Full GC (Ergonomics) [PSYoungGen: 146880K->0K(504320K)] [ParOldGen: 1241474K->186231K(1398272K)] 1388354K->186231K(1902592K), [Metaspace: 60267K->60267K(1105920K)], 0.4341506 secs] [Times: user=2.02 sys=0.00, real=0.44 secs] 
3490.625: [GC (Allocation Failure) [PSYoungGen: 313856K->103232K(417280K)] 500087K->289463K(1815552K), 0.0957212 secs] [Times: user=0.56 sys=0.00, real=0.09 secs] 
3492.701: [GC (Allocation Failure) [PSYoungGen: 417088K->145776K(504320K)] 603319K->431519K(1902592K), 0.0511391 secs] [Times: user=0.31 sys=0.00, real=0.05 secs] 
3494.626: [GC (Allocation Failure) [PSYoungGen: 460144K->105744K(505856K)] 745887K->527984K(1904128K), 0.1504476 secs] [Times: user=0.89 sys=0.00, real=0.15 secs] 
3496.819: [GC (Allocation Failure) [PSYoungGen: 420112K->145504K(504320K)] 842352K->669439K(1902592K), 0.0512920 secs] [Times: user=0.30 sys=0.00, real=0.05 secs] 
3499.307: [GC (Allocation Failure) [PSYoungGen: 461408K->102560K(505856K)] 985343K->762452K(1904128K), 0.1506983 secs] [Times: user=0.89 sys=0.01, real=0.15 secs] 
3502.079: [GC (Allocation Failure) [PSYoungGen: 418464K->155152K(501248K)] 1078356K->914385K(1899520K), 0.0525288 secs] [Times: user=0.31 sys=0.00, real=0.05 secs] 
3504.074: [GC (Allocation Failure) [PSYoungGen: 469008K->104304K(506368K)] 1228241K->1001361K(1904640K), 0.1357890 secs] [Times: user=0.81 sys=0.00, real=0.14 secs] 
3506.116: [GC (Allocation Failure) [PSYoungGen: 418160K->144816K(505856K)] 1315217K->1143262K(1904128K), 0.0524837 secs] [Times: user=0.31 sys=0.00, real=0.05 secs] 
3508.581: [GC (Allocation Failure) [PSYoungGen: 461232K->103360K(419840K)] 1459678K->1237625K(1818112K), 0.1430152 secs] [Times: user=0.85 sys=0.00, real=0.14 secs] 
3511.127: [GC (Allocation Failure) [PSYoungGen: 419776K->145216K(505344K)] 1554041K->1380142K(1903616K), 0.0532048 secs] [Times: user=0.31 sys=0.00, real=0.05 secs] 
3511.180: [Full GC (Ergonomics) [PSYoungGen: 145216K->0K(505344K)] [ParOldGen: 1234926K->178009K(1398272K)] 1380142K->178009K(1903616K), [Metaspace: 60268K->60268K(1105920K)], 0.4243891 secs] [Times: user=1.97 sys=0.00, real=0.42 secs] 
3513.841: [GC (Allocation Failure) [PSYoungGen: 316928K->105456K(506880K)] 494937K->283466K(1905152K), 0.0802273 secs] [Times: user=0.48 sys=0.00, real=0.08 secs] 
3516.013: [GC (Allocation Failure) [PSYoungGen: 422384K->145344K(505856K)] 600394K->426391K(1904128K), 0.0522768 secs] [Times: user=0.31 sys=0.00, real=0.06 secs] 
3519.085: [GC (Allocation Failure) [PSYoungGen: 464320K->106432K(507392K)] 745367K->523431K(1905664K), 0.1698792 secs] [Times: user=1.02 sys=0.00, real=0.17 secs] 
3521.516: [GC (Allocation Failure) [PSYoungGen: 425408K->147728K(506880K)] 842407K->668169K(1905152K), 0.0521962 secs] [Times: user=0.31 sys=0.00, real=0.05 secs] 
3524.472: [GC (Allocation Failure) [PSYoungGen: 468752K->105840K(509440K)] 989193K->765101K(1907712K), 0.1602758 secs] [Times: user=0.96 sys=0.00, real=0.16 secs] 
3526.067: [GC (Allocation Failure) [PSYoungGen: 426864K->150944K(505856K)] 1086125K->913279K(1904128K), 0.0533122 secs] [Times: user=0.32 sys=0.00, real=0.05 secs] 
3528.693: [GC (Allocation Failure) [PSYoungGen: 470944K->104096K(509440K)] 1233279K->1008543K(1907712K), 0.1582931 secs] [Times: user=0.93 sys=0.00, real=0.16 secs] 
3530.582: [GC (Allocation Failure) [PSYoungGen: 424096K->150736K(505344K)] 1328543K->1154925K(1903616K), 0.0522430 secs] [Times: user=0.31 sys=0.00, real=0.05 secs] 
3532.131: [GC (Allocation Failure) [PSYoungGen: 468688K->108000K(508416K)] 1472877K->1253564K(1906688K), 0.1633512 secs] [Times: user=0.97 sys=0.00, real=0.16 secs] 
3533.220: [GC (Allocation Failure) [PSYoungGen: 425952K->149184K(505856K)] 1571516K->1398893K(1904128K), 0.0542562 secs] [Times: user=0.32 sys=0.00, real=0.05 secs] 
3533.275: [Full GC (Ergonomics) [PSYoungGen: 149184K->0K(505856K)] [ParOldGen: 1249709K->196505K(1398272K)] 1398893K->196505K(1904128K), [Metaspace: 60269K->60269K(1105920K)], 0.4706026 secs] [Times: user=2.20 sys=0.00, real=0.48 secs] 
3537.441: [GC (GCLocker Initiated GC) [PSYoungGen: 318464K->100912K(508416K)] 514969K->297418K(1906688K), 0.0879147 secs] [Times: user=0.52 sys=0.00, real=0.09 secs] 
3539.119: [GC (Allocation Failure) [PSYoungGen: 419376K->148832K(505344K)] 615934K->442398K(1903616K), 0.0495506 secs] [Times: user=0.29 sys=0.01, real=0.05 secs] 
3541.873: [GC (Allocation Failure) [PSYoungGen: 465760K->105792K(507904K)] 759326K->538674K(1906176K), 0.1575906 secs] [Times: user=0.93 sys=0.00, real=0.16 secs] 
3543.386: [GC (Allocation Failure) [PSYoungGen: 419352K->148624K(505856K)] 852234K->682919K(1904128K), 0.0511259 secs] [Times: user=0.31 sys=0.00, real=0.05 secs] 
3546.250: [GC (Allocation Failure) [PSYoungGen: 466064K->103376K(507904K)] 1000359K->777576K(1906176K), 0.1584613 secs] [Times: user=0.95 sys=0.00, real=0.16 secs] 
3546.990: [GC (Allocation Failure) [PSYoungGen: 416823K->148016K(506368K)] 1091022K->921880K(1904640K), 0.0506518 secs] [Times: user=0.30 sys=0.00, real=0.05 secs] 
3550.538: [GC (Allocation Failure) [PSYoungGen: 465968K->101568K(508416K)] 1239832K->1014400K(1906688K), 0.1740732 secs] [Times: user=1.03 sys=0.00, real=0.17 secs] 
3551.330: [GC (Allocation Failure) [PSYoungGen: 414222K->149088K(504832K)] 1327054K->1159721K(1903104K), 0.0508116 secs] [Times: user=0.30 sys=0.00, real=0.05 secs] 
3554.216: [GC (Allocation Failure) [PSYoungGen: 464992K->101952K(507392K)] 1475625K->1253001K(1905664K), 0.1781942 secs] [Times: user=1.06 sys=0.01, real=0.17 secs] 
3555.988: [GC (Allocation Failure) [PSYoungGen: 417856K->148384K(505344K)] 1568905K->1397597K(1903616K), 0.0518512 secs] [Times: user=0.31 sys=0.01, real=0.05 secs] 
3556.039: [Full GC (Ergonomics) [PSYoungGen: 148384K->0K(505344K)] [ParOldGen: 1249213K->196556K(1398272K)] 1397597K->196556K(1903616K), [Metaspace: 60270K->60270K(1105920K)], 0.4649199 secs] [Times: user=2.16 sys=0.00, real=0.46 secs] 
3559.335: [GC (Allocation Failure) [PSYoungGen: 315904K->100864K(507392K)] 512460K->297420K(1905664K), 0.0958760 secs] [Times: user=0.57 sys=0.00, real=0.09 secs] 
3560.802: [GC (Allocation Failure) [PSYoungGen: 416768K->150208K(503296K)] 613324K->443782K(1901568K), 0.0492064 secs] [Times: user=0.30 sys=0.00, real=0.05 secs] 
3563.416: [GC (Allocation Failure) [PSYoungGen: 464064K->102688K(506368K)] 757638K->537950K(1904640K), 0.1686283 secs] [Times: user=1.00 sys=0.00, real=0.16 secs] 
3564.900: [GC (Allocation Failure) [PSYoungGen: 416544K->148864K(504320K)] 851806K->682459K(1902592K), 0.0506139 secs] [Times: user=0.30 sys=0.00, real=0.05 secs] 
3567.149: [GC (Allocation Failure) [PSYoungGen: 462720K->102912K(506368K)] 996315K->776291K(1904640K), 0.1612223 secs] [Times: user=0.96 sys=0.00, real=0.16 secs] 
3568.537: [GC (Allocation Failure) [PSYoungGen: 416768K->148784K(504320K)] 1090147K->920756K(1902592K), 0.0511623 secs] [Times: user=0.30 sys=0.00, real=0.05 secs] 
3572.246: [GC (Allocation Failure) [PSYoungGen: 462640K->100768K(506368K)] 1234612K->1012944K(1904640K), 0.0831912 secs] [Times: user=0.49 sys=0.00, real=0.08 secs] 
3573.376: [GC (Allocation Failure) [PSYoungGen: 414624K->145760K(504832K)] 1326800K->1154624K(1903104K), 0.0501742 secs] [Times: user=0.29 sys=0.00, real=0.05 secs] 
3577.333: [GC (Allocation Failure) [PSYoungGen: 460128K->103536K(418304K)] 1468992K->1248345K(1816576K), 0.1667469 secs] [Times: user=0.99 sys=0.00, real=0.17 secs] 
3579.505: [GC (Allocation Failure) [PSYoungGen: 417904K->154800K(500224K)] 1562713K->1398838K(1898496K), 0.0523376 secs] [Times: user=0.31 sys=0.00, real=0.06 secs] 
3579.557: [Full GC (Ergonomics) [PSYoungGen: 154800K->0K(500224K)] [ParOldGen: 1244037K->190623K(1398272K)] 1398838K->190623K(1898496K), [Metaspace: 60284K->60284K(1105920K)], 0.4375889 secs] [Times: user=2.02 sys=0.00, real=0.43 secs] 
3582.738: [GC (Allocation Failure) [PSYoungGen: 310784K->99264K(504832K)] 501407K->289887K(1903104K), 0.0976440 secs] [Times: user=0.58 sys=0.00, real=0.10 secs] 
3585.041: [GC (GCLocker Initiated GC) [PSYoungGen: 410048K->145824K(503808K)] 600671K->431708K(1902080K), 0.0496882 secs] [Times: user=0.30 sys=0.00, real=0.05 secs] 
3586.420: [GC (Allocation Failure) [PSYoungGen: 457632K->106112K(418304K)] 743518K->528462K(1816576K), 0.0925351 secs] [Times: user=0.55 sys=0.00, real=0.09 secs] 
3587.296: [GC (Allocation Failure) [PSYoungGen: 417920K->146768K(502272K)] 840270K->671635K(1900544K), 0.0526328 secs] [Times: user=0.31 sys=0.00, real=0.05 secs] 
3589.847: [GC (Allocation Failure) [PSYoungGen: 458576K->103424K(503808K)] 983443K->766163K(1902080K), 0.1018264 secs] [Times: user=0.61 sys=0.00, real=0.10 secs] 
3590.986: [GC (Allocation Failure) [PSYoungGen: 415232K->147120K(503808K)] 1077971K->909496K(1902080K), 0.0515943 secs] [Times: user=0.30 sys=0.00, real=0.05 secs] 
3593.197: [GC (Allocation Failure) [PSYoungGen: 461488K->103856K(505856K)] 1223864K->1004328K(1904128K), 0.1641520 secs] [Times: user=0.98 sys=0.01, real=0.16 secs] 
3595.502: [GC (Allocation Failure) [PSYoungGen: 418224K->155232K(500736K)] 1318696K->1155572K(1899008K), 0.0524657 secs] [Times: user=0.31 sys=0.00, real=0.05 secs] 
3597.646: [GC (Allocation Failure) [PSYoungGen: 467040K->101440K(505344K)] 1467380K->1239724K(1903616K), 0.1635811 secs] [Times: user=0.96 sys=0.01, real=0.16 secs] 
3600.570: [GC (Allocation Failure) [PSYoungGen: 413248K->150016K(502272K)] 1551532K->1386889K(1900544K), 0.0513375 secs] [Times: user=0.31 sys=0.00, real=0.05 secs] 
3600.622: [Full GC (Ergonomics) [PSYoungGen: 150016K->0K(502272K)] [ParOldGen: 1236873K->177776K(1398272K)] 1386889K->177776K(1900544K), [Metaspace: 60322K->60322K(1105920K)], 0.4124060 secs] [Times: user=1.89 sys=0.00, real=0.41 secs] 
3603.417: [GC (Allocation Failure) [PSYoungGen: 310784K->102216K(504832K)] 488560K->279992K(1903104K), 0.0443752 secs] [Times: user=0.26 sys=0.00, real=0.04 secs] 
3605.344: [GC (Allocation Failure) [PSYoungGen: 413000K->142976K(504320K)] 590776K->420749K(1902592K), 0.0521542 secs] [Times: user=0.31 sys=0.00, real=0.06 secs] 
3606.670: [GC (Allocation Failure) [PSYoungGen: 455808K->105248K(418304K)] 733581K->516753K(1816576K), 0.0633190 secs] [Times: user=0.38 sys=0.00, real=0.06 secs] 
3610.669: [GC (Allocation Failure) [PSYoungGen: 418080K->151296K(500736K)] 829585K->665214K(1899008K), 0.0523230 secs] [Times: user=0.31 sys=0.00, real=0.05 secs] 
3612.670: [GC (Allocation Failure) [PSYoungGen: 463104K->105840K(504320K)] 977022K->753546K(1902592K), 0.0691287 secs] [Times: user=0.41 sys=0.00, real=0.07 secs] 
3614.735: [GC (Allocation Failure) [PSYoungGen: 417648K->149632K(503296K)] 1065354K->901579K(1901568K), 0.0535799 secs] [Times: user=0.32 sys=0.00, real=0.06 secs] 
3616.151: [GC (Allocation Failure) [PSYoungGen: 463488K->108096K(422400K)] 1215435K->992427K(1820672K), 0.0664632 secs] [Times: user=0.40 sys=0.00, real=0.07 secs] 
3619.752: [GC (Allocation Failure) [PSYoungGen: 421952K->140160K(506368K)] 1306283K->1130423K(1904640K), 0.0550135 secs] [Times: user=0.33 sys=0.00, real=0.06 secs] 
3620.896: [GC (Allocation Failure) [PSYoungGen: 457600K->109712K(505856K)] 1447863K->1230640K(1904128K), 0.0653108 secs] [Times: user=0.39 sys=0.00, real=0.06 secs] 
3625.409: [GC (Allocation Failure) [PSYoungGen: 427152K->140992K(506368K)] 1548080K->1369316K(1904640K), 0.0569435 secs] [Times: user=0.34 sys=0.00, real=0.06 secs] 
3628.151: [GC (Allocation Failure) [PSYoungGen: 462528K->109024K(506368K)] 1690852K->1468820K(1904640K), 0.0822402 secs] [Times: user=0.42 sys=0.07, real=0.08 secs] 
3628.233: [Full GC (Ergonomics) [PSYoungGen: 109024K->0K(506368K)] [ParOldGen: 1359796K->29654K(1398272K)] 1468820K->29654K(1904640K), [Metaspace: 60411K->60411K(1105920K)], 0.0498994 secs] [Times: user=0.16 sys=0.00, real=0.05 secs] 
3628.985: [GC (Allocation Failure) [PSYoungGen: 321536K->149184K(508416K)] 351190K->178838K(1906688K), 0.0291704 secs] [Times: user=0.18 sys=0.00, real=0.03 secs] 
3631.312: [GC (Allocation Failure) [PSYoungGen: 475328K->109536K(511488K)] 504982K->279886K(1909760K), 0.1125359 secs] [Times: user=0.67 sys=0.00, real=0.11 secs] 
3634.182: [GC (Allocation Failure) [PSYoungGen: 435680K->148960K(509952K)] 606030K->426067K(1908224K), 0.0532089 secs] [Times: user=0.31 sys=0.00, real=0.05 secs] 
3636.959: [GC (Allocation Failure) [PSYoungGen: 476128K->107040K(513024K)] 753235K->523903K(1911296K), 0.1538321 secs] [Times: user=0.91 sys=0.00, real=0.15 secs] 
3638.967: [GC (Allocation Failure) [PSYoungGen: 434208K->152832K(506368K)] 851071K->672812K(1904640K), 0.0527926 secs] [Times: user=0.31 sys=0.00, real=0.05 secs] 
3641.545: [GC (Allocation Failure) [PSYoungGen: 475904K->107200K(510976K)] 995884K->770616K(1909248K), 0.1622619 secs] [Times: user=0.96 sys=0.00, real=0.17 secs] 
3642.899: [GC (Allocation Failure) [PSYoungGen: 423732K->148304K(508416K)] 1087148K->915189K(1906688K), 0.0524422 secs] [Times: user=0.31 sys=0.00, real=0.05 secs] 
3646.754: [GC (Allocation Failure) [PSYoungGen: 471376K->102432K(510976K)] 1238261K->1008861K(1909248K), 0.1597456 secs] [Times: user=0.95 sys=0.01, real=0.16 secs] 
3647.854: [GC (Allocation Failure) [PSYoungGen: 419072K->148768K(508416K)] 1325501K->1153361K(1906688K), 0.0514837 secs] [Times: user=0.30 sys=0.00, real=0.06 secs] 
3650.857: [GC (Allocation Failure) [PSYoungGen: 470816K->106064K(510464K)] 1475409K->1250594K(1908736K), 0.1547673 secs] [Times: user=0.92 sys=0.01, real=0.15 secs] 
3652.641: [GC (Allocation Failure) [PSYoungGen: 414058K->145568K(509440K)] 1558587K->1392030K(1907712K), 0.0516646 secs] [Times: user=0.30 sys=0.00, real=0.05 secs] 
3652.693: [Full GC (Ergonomics) [PSYoungGen: 145568K->0K(509440K)] [ParOldGen: 1246462K->197615K(1398272K)] 1392030K->197615K(1907712K), [Metaspace: 60414K->60414K(1105920K)], 0.4634697 secs] [Times: user=2.14 sys=0.00, real=0.47 secs] 
3655.885: [GC (Allocation Failure) [PSYoungGen: 323072K->106624K(510464K)] 520687K->304239K(1908736K), 0.0866806 secs] [Times: user=0.46 sys=0.00, real=0.09 secs] 
3656.923: [GC (Allocation Failure) [PSYoungGen: 417755K->144160K(509440K)] 615370K->444880K(1907712K), 0.0499056 secs] [Times: user=0.30 sys=0.00, real=0.05 secs] 
3659.924: [GC (Allocation Failure) [PSYoungGen: 468256K->107184K(510464K)] 768976K->543241K(1908736K), 0.1695301 secs] [Times: user=1.01 sys=0.00, real=0.17 secs] 
3660.846: [GC (Allocation Failure) [PSYoungGen: 416909K->144256K(509952K)] 852965K->683641K(1908224K), 0.0502577 secs] [Times: user=0.30 sys=0.00, real=0.05 secs] 
3663.346: [GC (Allocation Failure) [PSYoungGen: 470400K->109120K(510976K)] 1009785K->783801K(1909248K), 0.1486989 secs] [Times: user=0.88 sys=0.00, real=0.14 secs] 
3664.952: [GC (Allocation Failure) [PSYoungGen: 435264K->153568K(507392K)] 1109945K->933766K(1905664K), 0.0531824 secs] [Times: user=0.32 sys=0.00, real=0.06 secs] 
3669.314: [GC (Allocation Failure) [PSYoungGen: 476302K->92192K(417792K)] 1256500K->1025646K(1816064K), 0.1692263 secs] [Times: user=1.00 sys=0.00, real=0.17 secs] 
3670.078: [GC (Allocation Failure) [PSYoungGen: 417312K->155136K(501248K)] 1350766K->1176943K(1899520K), 0.0548761 secs] [Times: user=0.32 sys=0.00, real=0.05 secs] 
3673.948: [GC (Allocation Failure) [PSYoungGen: 465608K->88000K(506368K)] 1487415K->1264695K(1904640K), 0.1720201 secs] [Times: user=1.03 sys=0.00, real=0.17 secs] 
3674.786: [GC (Allocation Failure) [PSYoungGen: 401856K->149856K(500224K)] 1578551K->1410500K(1898496K), 0.0536502 secs] [Times: user=0.31 sys=0.00, real=0.05 secs] 
3674.840: [Full GC (Ergonomics) [PSYoungGen: 149856K->0K(500224K)] [ParOldGen: 1260644K->209674K(1398272K)] 1410500K->209674K(1898496K), [Metaspace: 60426K->60426K(1105920K)], 0.4690988 secs] [Times: user=2.17 sys=0.00, real=0.47 secs] 
3678.423: [GC (Allocation Failure) [PSYoungGen: 307712K->91920K(503296K)] 517386K->301595K(1901568K), 0.1702151 secs] [Times: user=1.01 sys=0.00, real=0.17 secs] 
3679.873: [GC (Allocation Failure) [PSYoungGen: 386765K->139616K(500224K)] 596439K->437381K(1898496K), 0.0492031 secs] [Times: user=0.29 sys=0.00, real=0.05 secs] 
3682.506: [GC (Allocation Failure) [PSYoungGen: 448352K->99456K(502272K)] 746117K->527949K(1900544K), 0.1678102 secs] [Times: user=1.00 sys=0.00, real=0.16 secs] 
3684.078: [GC (Allocation Failure) [PSYoungGen: 408192K->146272K(502784K)] 836685K->670078K(1901056K), 0.0745031 secs] [Times: user=0.44 sys=0.00, real=0.07 secs] 
3686.991: [GC (Allocation Failure) [PSYoungGen: 458080K->101472K(504832K)] 981886K->763206K(1903104K), 0.1488078 secs] [Times: user=0.85 sys=0.00, real=0.15 secs] 
3689.204: [GC (Allocation Failure) [PSYoungGen: 413280K->145856K(502784K)] 1075014K->905015K(1901056K), 0.0501852 secs] [Times: user=0.30 sys=0.01, real=0.05 secs] 
3691.790: [GC (Allocation Failure) [PSYoungGen: 458688K->102624K(504832K)] 1217847K->998655K(1903104K), 0.1685964 secs] [Times: user=1.00 sys=0.00, real=0.17 secs] 
3693.784: [GC (Allocation Failure) [PSYoungGen: 415456K->147600K(502784K)] 1311487K->1142137K(1901056K), 0.0514525 secs] [Times: user=0.31 sys=0.00, real=0.06 secs] 
3697.089: [GC (Allocation Failure) [PSYoungGen: 461456K->102400K(505856K)] 1455993K->1235696K(1904128K), 0.1727026 secs] [Times: user=0.96 sys=0.00, real=0.17 secs] 
3700.542: [GC (Allocation Failure) [PSYoungGen: 416256K->143936K(505856K)] 1549552K->1375593K(1904128K), 0.0518075 secs] [Times: user=0.30 sys=0.00, real=0.05 secs] 
3700.594: [Full GC (Ergonomics) [PSYoungGen: 143936K->0K(505856K)] [ParOldGen: 1231657K->182482K(1398272K)] 1375593K->182482K(1904128K), [Metaspace: 60428K->60428K(1105920K)], 0.4266562 secs] [Times: user=1.98 sys=0.00, real=0.43 secs] 
3703.256: [GC (Allocation Failure) [PSYoungGen: 316928K->106657K(506880K)] 499410K->289139K(1905152K), 0.1094832 secs] [Times: user=0.65 sys=0.00, real=0.10 secs] 
3704.889: [GC (Allocation Failure) [PSYoungGen: 423585K->148336K(503808K)] 606067K->433592K(1902080K), 0.0521023 secs] [Times: user=0.30 sys=0.00, real=0.05 secs] 
3706.879: [GC (Allocation Failure) [PSYoungGen: 465264K->106448K(506880K)] 750520K->530944K(1905152K), 0.1335340 secs] [Times: user=0.80 sys=0.00, real=0.13 secs] 
3708.923: [GC (Allocation Failure) [PSYoungGen: 423376K->146112K(506880K)] 847872K->673064K(1905152K), 0.0513368 secs] [Times: user=0.30 sys=0.00, real=0.05 secs] 
3711.971: [GC (Allocation Failure) [PSYoungGen: 466112K->105504K(508928K)] 993064K->769008K(1907200K), 0.1283717 secs] [Times: user=0.76 sys=0.01, real=0.13 secs] 
3714.310: [GC (Allocation Failure) [PSYoungGen: 425504K->149280K(505856K)] 1089008K->914309K(1904128K), 0.0526401 secs] [Times: user=0.32 sys=0.00, real=0.05 secs] 
3715.940: [GC (Allocation Failure) [PSYoungGen: 469280K->108704K(508928K)] 1234309K->1014189K(1907200K), 0.1590337 secs] [Times: user=0.94 sys=0.01, real=0.16 secs] 
3717.836: [GC (Allocation Failure) [PSYoungGen: 428704K->150336K(505856K)] 1334189K->1160162K(1904128K), 0.0597251 secs] [Times: user=0.31 sys=0.00, real=0.06 secs] 
3720.595: [GC (GCLocker Initiated GC) [PSYoungGen: 470336K->106864K(509440K)] 1480164K->1257641K(1907712K), 0.1580520 secs] [Times: user=0.93 sys=0.00, real=0.16 secs] 
3721.809: [GC (Allocation Failure) [PSYoungGen: 426864K->139392K(507904K)] 1594076K->1409404K(1906176K), 0.2297998 secs] [Times: user=1.37 sys=0.01, real=0.23 secs] 
3722.039: [Full GC (Ergonomics) [PSYoungGen: 139392K->0K(507904K)] [ParOldGen: 1270012K->208079K(1398272K)] 1409404K->208079K(1906176K), [Metaspace: 60428K->60428K(1105920K)], 0.4003549 secs] [Times: user=1.75 sys=0.00, real=0.40 secs] 
3725.915: [GC (Allocation Failure) [PSYoungGen: 323072K->98096K(508928K)] 531151K->306176K(1907200K), 0.1778752 secs] [Times: user=1.05 sys=0.00, real=0.17 secs] 
3726.631: [GC (Allocation Failure) [PSYoungGen: 421168K->155568K(502784K)] 629248K->455801K(1901056K), 0.0550136 secs] [Times: user=0.33 sys=0.00, real=0.06 secs] 
3730.368: [GC (Allocation Failure) [PSYoungGen: 473520K->94624K(508416K)] 773753K->549576K(1906688K), 0.1600597 secs] [Times: user=0.95 sys=0.00, real=0.16 secs] 
3730.947: [GC (Allocation Failure) [PSYoungGen: 412576K->153552K(500224K)] 867528K->696944K(1898496K), 0.0541346 secs] [Times: user=0.32 sys=0.00, real=0.05 secs] 
3734.909: [GC (Allocation Failure) [PSYoungGen: 464336K->91776K(504832K)] 1007728K->787992K(1903104K), 0.1570694 secs] [Times: user=0.94 sys=0.00, real=0.16 secs] 
3735.397: [GC (Allocation Failure) [PSYoungGen: 402560K->149920K(499712K)] 1098776K->931739K(1897984K), 0.0544394 secs] [Times: user=0.32 sys=0.00, real=0.05 secs] 
3740.085: [GC (Allocation Failure) [PSYoungGen: 455570K->87440K(502784K)] 1237390K->1018596K(1901056K), 0.1611721 secs] [Times: user=0.96 sys=0.00, real=0.16 secs] 
3740.655: [GC (Allocation Failure) [PSYoungGen: 394128K->162624K(487936K)] 1325284K->1177580K(1886208K), 0.0623139 secs] [Times: user=0.37 sys=0.00, real=0.07 secs] 
3744.442: [GC (Allocation Failure) [PSYoungGen: 454976K->80592K(495616K)] 1469932K->1241565K(1893888K), 0.1740851 secs] [Times: user=1.03 sys=0.00, real=0.18 secs] 
3746.536: [GC (Allocation Failure) [PSYoungGen: 372944K->137232K(491520K)] 1533917K->1374297K(1889792K), 0.0470292 secs] [Times: user=0.28 sys=0.00, real=0.04 secs] 
3746.583: [Full GC (Ergonomics) [PSYoungGen: 137232K->0K(491520K)] [ParOldGen: 1237065K->180522K(1398272K)] 1374297K->180522K(1889792K), [Metaspace: 60430K->60430K(1105920K)], 0.4165456 secs] [Times: user=1.91 sys=0.00, real=0.42 secs] 
3748.047: [GC (Allocation Failure) [PSYoungGen: 292352K->97472K(493568K)] 472874K->277994K(1891840K), 0.0331126 secs] [Times: user=0.19 sys=0.00, real=0.03 secs] 
3750.541: [GC (Allocation Failure) [PSYoungGen: 389824K->140384K(496640K)] 570346K->416151K(1894912K), 0.0499586 secs] [Times: user=0.29 sys=0.00, real=0.05 secs] 
3751.715: [GC (Allocation Failure) [PSYoungGen: 439392K->106448K(496128K)] 715159K->504256K(1894400K), 0.0630443 secs] [Times: user=0.37 sys=0.01, real=0.07 secs] 
3754.901: [GC (Allocation Failure) [PSYoungGen: 405456K->126784K(496640K)] 803264K->629356K(1894912K), 0.0670758 secs] [Times: user=0.39 sys=0.00, real=0.07 secs] 
3756.177: [GC (Allocation Failure) [PSYoungGen: 436032K->120384K(496640K)] 938604K->739700K(1894912K), 0.0624847 secs] [Times: user=0.38 sys=0.00, real=0.06 secs] 
3757.247: [GC (Allocation Failure) [PSYoungGen: 429632K->129408K(508416K)] 1048948K->869148K(1906688K), 0.0691737 secs] [Times: user=0.41 sys=0.00, real=0.07 secs] 
3758.813: [GC (Allocation Failure) [PSYoungGen: 456576K->3136K(505344K)] 1196316K->742916K(1903616K), 0.0024121 secs] [Times: user=0.02 sys=0.00, real=0.00 secs] 
3761.929: [GC (Allocation Failure) [PSYoungGen: 330304K->140736K(499712K)] 1070084K->881496K(1897984K), 0.0354704 secs] [Times: user=0.21 sys=0.00, real=0.03 secs] 
3763.200: [GC (Allocation Failure) [PSYoungGen: 447424K->109248K(416256K)] 1188184K->981217K(1814528K), 0.0641796 secs] [Times: user=0.38 sys=0.00, real=0.06 secs] 
3766.393: [GC (Allocation Failure) [PSYoungGen: 415936K->133904K(498176K)] 1287905K->1113810K(1896448K), 0.0644747 secs] [Times: user=0.37 sys=0.00, real=0.07 secs] 
3767.618: [GC (Allocation Failure) [PSYoungGen: 443664K->114864K(498176K)] 1423570K->1219170K(1896448K), 0.0639830 secs] [Times: user=0.38 sys=0.00, real=0.06 secs] 
3769.517: [GC (Allocation Failure) [PSYoungGen: 424624K->132128K(503296K)] 1528930K->1350054K(1901568K), 0.0650615 secs] [Times: user=0.38 sys=0.00, real=0.06 secs] 
3769.582: [Full GC (Ergonomics) [PSYoungGen: 132128K->0K(503296K)] [ParOldGen: 1217926K->147846K(1398272K)] 1350054K->147846K(1901568K), [Metaspace: 60432K->60432K(1105920K)], 0.3613966 secs] [Times: user=1.68 sys=0.00, real=0.36 secs] 
3772.944: [GC (Allocation Failure) [PSYoungGen: 322048K->117680K(503296K)] 469894K->265526K(1901568K), 0.0407216 secs] [Times: user=0.24 sys=0.00, real=0.04 secs] 
3775.008: [GC (Allocation Failure) [PSYoungGen: 439728K->138192K(509440K)] 587574K->402660K(1907712K), 0.0647914 secs] [Times: user=0.38 sys=0.00, real=0.06 secs] 
3777.874: [GC (Allocation Failure) [PSYoungGen: 472528K->117968K(511488K)] 736996K->510852K(1909760K), 0.0658113 secs] [Times: user=0.39 sys=0.00, real=0.07 secs] 
3780.506: [GC (Allocation Failure) [PSYoungGen: 452304K->150368K(512000K)] 845188K->659417K(1910272K), 0.0566245 secs] [Times: user=0.34 sys=0.00, real=0.05 secs] 
3783.818: [GC (Allocation Failure) [PSYoungGen: 490848K->116896K(518144K)] 999897K->766877K(1916416K), 0.1712219 secs] [Times: user=1.02 sys=0.01, real=0.17 secs] 
3785.659: [GC (Allocation Failure) [PSYoungGen: 457376K->158064K(508416K)] 1107357K->921538K(1906688K), 0.0575034 secs] [Times: user=0.33 sys=0.00, real=0.06 secs] 
3788.600: [GC (Allocation Failure) [PSYoungGen: 493424K->110848K(517120K)] 1256898K->1023689K(1915392K), 0.1494929 secs] [Times: user=0.89 sys=0.00, real=0.15 secs] 
3789.264: [GC (Allocation Failure) [PSYoungGen: 446208K->157920K(505344K)] 1359049K->1178166K(1903616K), 0.0842926 secs] [Times: user=0.50 sys=0.00, real=0.09 secs] 
3793.135: [GC (Allocation Failure) [PSYoungGen: 485088K->97840K(513024K)] 1505334K->1275851K(1911296K), 0.1499458 secs] [Times: user=0.89 sys=0.00, real=0.15 secs] 
3793.626: [GC (Allocation Failure) [PSYoungGen: 425008K->159424K(499712K)] 1603019K->1429143K(1897984K), 0.0577676 secs] [Times: user=0.35 sys=0.00, real=0.05 secs] 
3793.684: [Full GC (Ergonomics) [PSYoungGen: 159424K->0K(499712K)] [ParOldGen: 1269719K->225778K(1398272K)] 1429143K->225778K(1897984K), [Metaspace: 60434K->60434K(1105920K)], 0.5254673 secs] [Times: user=2.46 sys=0.00, real=0.53 secs] 
3796.917: [GC (Allocation Failure) [PSYoungGen: 314880K->96384K(506880K)] 540658K->322162K(1905152K), 0.0868352 secs] [Times: user=0.51 sys=0.00, real=0.08 secs] 
3797.405: [GC (Allocation Failure) [PSYoungGen: 411264K->152864K(500736K)] 637042K->468775K(1899008K), 0.0815977 secs] [Times: user=0.48 sys=0.00, real=0.09 secs] 
3801.911: [GC (Allocation Failure) [PSYoungGen: 462624K->86912K(504320K)] 778535K->555583K(1902592K), 0.1350960 secs] [Times: user=0.80 sys=0.00, real=0.14 secs] 
3802.383: [GC (Allocation Failure) [PSYoungGen: 396672K->194528K(427520K)] 865343K->749896K(1825792K), 0.0652659 secs] [Times: user=0.37 sys=0.01, real=0.07 secs] 
3805.695: [GC (Allocation Failure) [PSYoungGen: 427488K->54336K(465920K)] 982856K->755056K(1864192K), 0.0953449 secs] [Times: user=0.56 sys=0.00, real=0.10 secs] 
3808.706: [GC (Allocation Failure) [PSYoungGen: 287296K->104208K(465920K)] 988016K->856158K(1864192K), 0.0466741 secs] [Times: user=0.28 sys=0.00, real=0.04 secs] 
3808.969: [GC (Allocation Failure) [PSYoungGen: 337168K->119616K(352768K)] 1089118K->966201K(1751040K), 0.0674562 secs] [Times: user=0.39 sys=0.00, real=0.07 secs] 
3811.388: [GC (Allocation Failure) [PSYoungGen: 352576K->57424K(464896K)] 1199161K->1023562K(1863168K), 0.1278328 secs] [Times: user=0.76 sys=0.00, real=0.13 secs] 
3812.098: [GC (Allocation Failure) [PSYoungGen: 289872K->111392K(344064K)] 1256010K->1129138K(1742336K), 0.0388236 secs] [Times: user=0.23 sys=0.00, real=0.04 secs] 
3815.815: [GC (Allocation Failure) [PSYoungGen: 343840K->89760K(462336K)] 1361586K->1209630K(1860608K), 0.0552632 secs] [Times: user=0.33 sys=0.00, real=0.06 secs] 
3818.809: [GC (Allocation Failure) [PSYoungGen: 328352K->83760K(457216K)] 1448222K->1293295K(1855488K), 0.0842527 secs] [Times: user=0.50 sys=0.00, real=0.08 secs] 
3819.129: [GC (Allocation Failure) [PSYoungGen: 322352K->116064K(471040K)] 1531887K->1403499K(1869312K), 0.0488048 secs] [Times: user=0.28 sys=0.00, real=0.05 secs] 
3819.178: [Full GC (Ergonomics) [PSYoungGen: 116064K->0K(471040K)] [ParOldGen: 1287435K->208705K(1398272K)] 1403499K->208705K(1869312K), [Metaspace: 60435K->60435K(1105920K)], 0.4729797 secs] [Times: user=2.18 sys=0.00, real=0.47 secs] 
3821.793: [GC (Allocation Failure) [PSYoungGen: 265728K->71856K(470528K)] 474433K->280562K(1868800K), 0.0795676 secs] [Times: user=0.47 sys=0.00, real=0.08 secs] 
3823.478: [GC (Allocation Failure) [PSYoungGen: 337584K->123536K(488448K)] 546290K->400471K(1886720K), 0.0480172 secs] [Times: user=0.28 sys=0.00, real=0.05 secs] 
3826.407: [GC (Allocation Failure) [PSYoungGen: 414864K->103312K(489984K)] 691799K->494447K(1888256K), 0.0596808 secs] [Times: user=0.35 sys=0.00, real=0.06 secs] 
3829.449: [GC (Allocation Failure) [PSYoungGen: 394640K->121552K(496128K)] 785775K->615184K(1894400K), 0.0696132 secs] [Times: user=0.41 sys=0.00, real=0.07 secs] 
3831.807: [GC (Allocation Failure) [PSYoungGen: 428752K->125824K(494592K)] 922384K->731083K(1892864K), 0.0630453 secs] [Times: user=0.38 sys=0.00, real=0.06 secs] 
3833.233: [GC (Allocation Failure) [PSYoungGen: 433024K->126384K(509440K)] 1038283K->857508K(1907712K), 0.0821614 secs] [Times: user=0.49 sys=0.00, real=0.08 secs] 
3836.396: [GC (Allocation Failure) [PSYoungGen: 450992K->130336K(507904K)] 1182116K->968680K(1906176K), 0.0620383 secs] [Times: user=0.37 sys=0.00, real=0.06 secs] 
3839.525: [GC (Allocation Failure) [PSYoungGen: 454944K->125312K(512000K)] 1293288K->1094040K(1910272K), 0.0794750 secs] [Times: user=0.48 sys=0.00, real=0.07 secs] 
3841.359: [GC (Allocation Failure) [PSYoungGen: 458624K->2080K(335872K)] 1427352K->970832K(1734144K), 0.0039639 secs] [Times: user=0.02 sys=0.00, real=0.00 secs] 
3843.897: [GC (Allocation Failure) [PSYoungGen: 335392K->140448K(497152K)] 1304144K->1110021K(1895424K), 0.0341691 secs] [Times: user=0.20 sys=0.00, real=0.03 secs] 
3846.581: [GC (Allocation Failure) [PSYoungGen: 445088K->2624K(307712K)] 1414661K->972338K(1705984K), 0.0037097 secs] [Times: user=0.01 sys=0.00, real=0.00 secs] 
3850.591: [GC (Allocation Failure) [PSYoungGen: 307264K->127648K(492544K)] 1276978K->1098654K(1890816K), 0.0359405 secs] [Times: user=0.21 sys=0.00, real=0.04 secs] 
3853.402: [GC (Allocation Failure) [PSYoungGen: 413856K->206304K(492544K)] 1384862K->1208670K(1890816K), 0.0612891 secs] [Times: user=0.36 sys=0.00, real=0.06 secs] 
3856.195: [GC (Allocation Failure) [PSYoungGen: 492512K->99600K(439296K)] 1494878K->1307871K(1837568K), 0.1128047 secs] [Times: user=0.67 sys=0.00, real=0.12 secs] 
3856.308: [Full GC (Ergonomics) [PSYoungGen: 99600K->0K(439296K)] [ParOldGen: 1208270K->115177K(1398272K)] 1307871K->115177K(1837568K), [Metaspace: 60437K->60437K(1105920K)], 0.2550121 secs] [Times: user=1.16 sys=0.00, real=0.25 secs] 
3856.709: [GC (Allocation Failure) [PSYoungGen: 232960K->118464K(465920K)] 348137K->233641K(1864192K), 0.0383237 secs] [Times: user=0.22 sys=0.00, real=0.04 secs] 
3858.670: [GC (Allocation Failure) [PSYoungGen: 351424K->59664K(455168K)] 466601K->292906K(1853440K), 0.1571554 secs] [Times: user=0.92 sys=0.01, real=0.16 secs] 
3861.401: [GC (Allocation Failure) [PSYoungGen: 300304K->110224K(464384K)] 533546K->398567K(1862656K), 0.0445746 secs] [Times: user=0.26 sys=0.00, real=0.05 secs] 
3862.554: [GC (Allocation Failure) [PSYoungGen: 350864K->113536K(460800K)] 639207K->502794K(1859072K), 0.0579318 secs] [Times: user=0.34 sys=0.00, real=0.06 secs] 
3864.291: [GC (Allocation Failure) [PSYoungGen: 376192K->79312K(466944K)] 765450K->581931K(1865216K), 0.0927801 secs] [Times: user=0.55 sys=0.00, real=0.09 secs] 
3865.923: [GC (Allocation Failure) [PSYoungGen: 341968K->127328K(489984K)] 844587K->703463K(1888256K), 0.1016865 secs] [Times: user=0.60 sys=0.01, real=0.10 secs] 
3868.885: [GC (Allocation Failure) [PSYoungGen: 422240K->83296K(493056K)] 998375K->786687K(1891328K), 0.1477543 secs] [Times: user=0.87 sys=0.01, real=0.14 secs] 
3869.879: [GC (Allocation Failure) [PSYoungGen: 378208K->141216K(494592K)] 1081599K->923808K(1892864K), 0.0465886 secs] [Times: user=0.27 sys=0.00, real=0.05 secs] 
3874.177: [GC (Allocation Failure) [PSYoungGen: 442272K->95008K(396288K)] 1224864K->1010408K(1794560K), 0.1605299 secs] [Times: user=0.96 sys=0.00, real=0.16 secs] 
3877.216: [GC (Allocation Failure) [PSYoungGen: 396064K->141152K(494592K)] 1311464K->1147325K(1892864K), 0.0481251 secs] [Times: user=0.28 sys=0.00, real=0.04 secs] 
3878.665: [GC (Allocation Failure) [PSYoungGen: 444256K->98272K(498688K)] 1450429K->1236625K(1896960K), 0.0761149 secs] [Times: user=0.46 sys=0.00, real=0.08 secs] 
3881.793: [GC (Allocation Failure) [PSYoungGen: 401376K->140752K(497664K)] 1539729K->1373878K(1895936K), 0.0514149 secs] [Times: user=0.30 sys=0.00, real=0.05 secs] 
3881.844: [Full GC (Ergonomics) [PSYoungGen: 140752K->0K(497664K)] [ParOldGen: 1233125K->169776K(1398272K)] 1373878K->169776K(1895936K), [Metaspace: 60460K->60460K(1105920K)], 0.3981430 secs] [Times: user=1.84 sys=0.00, real=0.40 secs] 
3883.786: [GC (Allocation Failure) [PSYoungGen: 308224K->103744K(501248K)] 478000K->273521K(1899520K), 0.0360047 secs] [Times: user=0.21 sys=0.00, real=0.03 secs] 
3887.316: [GC (Allocation Failure) [PSYoungGen: 411968K->140272K(499712K)] 581745K->411190K(1897984K), 0.0572515 secs] [Times: user=0.34 sys=0.00, real=0.05 secs] 
3888.641: [GC (Allocation Failure) [PSYoungGen: 453616K->107696K(502784K)] 724534K->509646K(1901056K), 0.0640352 secs] [Times: user=0.38 sys=0.00, real=0.07 secs] 
3892.660: [GC (Allocation Failure) [PSYoungGen: 421040K->141264K(503296K)] 822990K->648451K(1901568K), 0.0563262 secs] [Times: user=0.33 sys=0.00, real=0.06 secs] 
3893.968: [GC (Allocation Failure) [PSYoungGen: 461264K->112272K(506368K)] 968451K->751403K(1904640K), 0.0647119 secs] [Times: user=0.38 sys=0.00, real=0.06 secs] 
3897.834: [GC (Allocation Failure) [PSYoungGen: 432272K->143296K(505856K)] 1071403K->892751K(1904128K), 0.0544264 secs] [Times: user=0.32 sys=0.00, real=0.06 secs] 
3899.186: [GC (Allocation Failure) [PSYoungGen: 468928K->111488K(509440K)] 1218383K->994631K(1907712K), 0.0672746 secs] [Times: user=0.40 sys=0.00, real=0.06 secs] 
3901.668: [GC (Allocation Failure) [PSYoungGen: 437120K->148256K(508416K)] 1320263K->1140128K(1906688K), 0.0540688 secs] [Times: user=0.32 sys=0.00, real=0.05 secs] 
3905.663: [GC (Allocation Failure) [PSYoungGen: 477984K->109824K(513536K)] 1469856K->1240248K(1911808K), 0.1027226 secs] [Times: user=0.62 sys=0.00, real=0.11 secs] 
3907.943: [GC (Allocation Failure) [PSYoungGen: 439552K->153296K(506880K)] 1569976K->1390621K(1905152K), 0.0551774 secs] [Times: user=0.32 sys=0.00, real=0.06 secs] 
3907.998: [Full GC (Ergonomics) [PSYoungGen: 153296K->0K(506880K)] [ParOldGen: 1237325K->189110K(1398272K)] 1390621K->189110K(1905152K), [Metaspace: 60460K->60460K(1105920K)], 0.4446719 secs] [Times: user=2.06 sys=0.00, real=0.44 secs] 
3911.841: [GC (Allocation Failure) [PSYoungGen: 327168K->107840K(513024K)] 516278K->296950K(1911296K), 0.1055170 secs] [Times: user=0.62 sys=0.00, real=0.11 secs] 
3914.157: [GC (Allocation Failure) [PSYoungGen: 435008K->151616K(506368K)] 624118K->444783K(1904640K), 0.0520231 secs] [Times: user=0.31 sys=0.00, real=0.05 secs] 
3917.973: [GC (Allocation Failure) [PSYoungGen: 475712K->105248K(511488K)] 768879K->541211K(1909760K), 0.1824875 secs] [Times: user=1.08 sys=0.00, real=0.19 secs] 
3919.436: [GC (Allocation Failure) [PSYoungGen: 415732K->146432K(509440K)] 851696K->683644K(1907712K), 0.0513958 secs] [Times: user=0.31 sys=0.00, real=0.05 secs] 
3922.692: [GC (Allocation Failure) [PSYoungGen: 471552K->108336K(433664K)] 1008764K->782637K(1831936K), 0.1709054 secs] [Times: user=1.02 sys=0.01, real=0.17 secs] 
3923.843: [GC (Allocation Failure) [PSYoungGen: 433456K->154944K(503808K)] 1107757K->933001K(1902080K), 0.0526397 secs] [Times: user=0.32 sys=0.00, real=0.06 secs] 
3927.924: [GC (Allocation Failure) [PSYoungGen: 474944K->94480K(509440K)] 1253001K->1026878K(1907712K), 0.1654471 secs] [Times: user=0.98 sys=0.00, real=0.17 secs] 
3928.557: [GC (Allocation Failure) [PSYoungGen: 414480K->155296K(499200K)] 1346878K->1176350K(1897472K), 0.0561376 secs] [Times: user=0.33 sys=0.00, real=0.05 secs] 
3932.280: [GC (Allocation Failure) [PSYoungGen: 466080K->89680K(504832K)] 1487134K->1265591K(1903104K), 0.1666682 secs] [Times: user=0.99 sys=0.00, real=0.17 secs] 
3932.978: [GC (Allocation Failure) [PSYoungGen: 400464K->151232K(498176K)] 1576375K->1411015K(1896448K), 0.0531491 secs] [Times: user=0.32 sys=0.00, real=0.05 secs] 
3933.031: [Full GC (Ergonomics) [PSYoungGen: 151232K->0K(498176K)] [ParOldGen: 1259783K->210745K(1398272K)] 1411015K->210745K(1896448K), [Metaspace: 60460K->60460K(1105920K)], 0.4852168 secs] [Times: user=2.26 sys=0.00, real=0.49 secs] 
3937.062: [GC (Allocation Failure) [PSYoungGen: 304640K->89984K(501760K)] 515385K->300729K(1900032K), 0.1501863 secs] [Times: user=0.90 sys=0.00, real=0.15 secs] 
3938.092: [GC (Allocation Failure) [PSYoungGen: 388626K->140112K(498688K)] 599371K->436451K(1896960K), 0.0480974 secs] [Times: user=0.29 sys=0.00, real=0.05 secs] 
3939.859: [GC (Allocation Failure) [PSYoungGen: 445776K->102688K(500736K)] 742115K->530079K(1899008K), 0.1597402 secs] [Times: user=0.96 sys=0.00, real=0.16 secs] 
3940.882: [GC (GCLocker Initiated GC) [PSYoungGen: 408352K->142752K(501248K)] 835743K->669080K(1899520K), 0.0816019 secs] [Times: user=0.49 sys=0.00, real=0.08 secs] 
3945.242: [GC (Allocation Failure) [PSYoungGen: 452512K->98176K(502272K)] 978844K->758048K(1900544K), 0.1584898 secs] [Times: user=0.95 sys=0.01, real=0.16 secs] 
3948.387: [GC (Allocation Failure) [PSYoungGen: 407936K->144240K(503296K)] 1067808K->898200K(1901568K), 0.0503453 secs] [Times: user=0.29 sys=0.00, real=0.05 secs] 
3949.782: [GC (Allocation Failure) [PSYoungGen: 455847K->106672K(504832K)] 1209806K->995512K(1903104K), 0.0773102 secs] [Times: user=0.46 sys=0.01, real=0.08 secs] 
3952.526: [GC (Allocation Failure) [PSYoungGen: 420016K->143024K(504320K)] 1308856K->1135479K(1902592K), 0.0527919 secs] [Times: user=0.31 sys=0.01, real=0.05 secs] 
3955.372: [GC (Allocation Failure) [PSYoungGen: 459440K->106464K(505344K)] 1451895K->1232494K(1903616K), 0.0690714 secs] [Times: user=0.41 sys=0.00, real=0.07 secs] 
3957.509: [GC (Allocation Failure) [PSYoungGen: 422880K->152784K(502272K)] 1548910K->1382564K(1900544K), 0.0546497 secs] [Times: user=0.32 sys=0.00, real=0.05 secs] 
3957.563: [Full GC (Ergonomics) [PSYoungGen: 152784K->0K(502272K)] [ParOldGen: 1229779K->181015K(1398272K)] 1382564K->181015K(1900544K), [Metaspace: 60461K->60461K(1105920K)], 0.4221392 secs] [Times: user=1.96 sys=0.00, real=0.43 secs] 
3960.170: [GC (Allocation Failure) [PSYoungGen: 316928K->106272K(507392K)] 497943K->287287K(1905664K), 0.0337542 secs] [Times: user=0.20 sys=0.00, real=0.03 secs] 
3962.883: [GC (Allocation Failure) [PSYoungGen: 423200K->145712K(508416K)] 604215K->430489K(1906688K), 0.0524493 secs] [Times: user=0.31 sys=0.00, real=0.06 secs] 
3964.762: [GC (Allocation Failure) [PSYoungGen: 466736K->108048K(429568K)] 751513K->529465K(1827840K), 0.1214346 secs] [Times: user=0.72 sys=0.00, real=0.12 secs] 
3967.900: [GC (Allocation Failure) [PSYoungGen: 429072K->159136K(499712K)] 850489K->684305K(1897984K), 0.0530714 secs] [Times: user=0.31 sys=0.00, real=0.05 secs] 
3969.375: [GC (Allocation Failure) [PSYoungGen: 472992K->105952K(506368K)] 998161K->772681K(1904640K), 0.1050842 secs] [Times: user=0.62 sys=0.00, real=0.11 secs] 
3971.644: [GC (Allocation Failure) [PSYoungGen: 419808K->145536K(505856K)] 1086537K->914150K(1904128K), 0.0516118 secs] [Times: user=0.31 sys=0.00, real=0.06 secs] 
3974.775: [GC (Allocation Failure) [PSYoungGen: 461952K->102480K(507392K)] 1230566K->1007555K(1905664K), 0.1739446 secs] [Times: user=0.96 sys=0.00, real=0.17 secs] 
3977.078: [GC (Allocation Failure) [PSYoungGen: 418896K->147712K(505344K)] 1323971K->1151219K(1903616K), 0.0516894 secs] [Times: user=0.30 sys=0.00, real=0.05 secs] 
3979.296: [GC (Allocation Failure) [PSYoungGen: 464128K->106432K(422912K)] 1467635K->1248423K(1821184K), 0.1662270 secs] [Times: user=0.99 sys=0.00, real=0.16 secs] 
3981.944: [GC (Allocation Failure) [PSYoungGen: 422848K->147360K(504832K)] 1564839K->1391320K(1903104K), 0.0518859 secs] [Times: user=0.30 sys=0.00, real=0.06 secs] 
3981.996: [Full GC (Ergonomics) [PSYoungGen: 147360K->0K(504832K)] [ParOldGen: 1243960K->189374K(1398272K)] 1391320K->189374K(1903104K), [Metaspace: 60461K->60461K(1105920K)], 0.4368713 secs] [Times: user=2.02 sys=0.00, real=0.43 secs] 
3984.176: [GC (Allocation Failure) [PSYoungGen: 316928K->105616K(506880K)] 506302K->294990K(1905152K), 0.0710022 secs] [Times: user=0.42 sys=0.00, real=0.07 secs] 
3986.243: [GC (Allocation Failure) [PSYoungGen: 422544K->147472K(506368K)] 611918K->438352K(1904640K), 0.0509413 secs] [Times: user=0.30 sys=0.00, real=0.05 secs] 
3988.819: [GC (Allocation Failure) [PSYoungGen: 466448K->105152K(508416K)] 757328K->533979K(1906688K), 0.1670035 secs] [Times: user=0.99 sys=0.00, real=0.17 secs] 
3990.479: [GC (Allocation Failure) [PSYoungGen: 424128K->160528K(497664K)] 852955K->690767K(1895936K), 0.0522270 secs] [Times: user=0.31 sys=0.00, real=0.05 secs] 
3993.853: [GC (Allocation Failure) [PSYoungGen: 471312K->99216K(504832K)] 1001551K->773155K(1903104K), 0.1599505 secs] [Times: user=0.96 sys=0.00, real=0.16 secs] 
3996.652: [GC (Allocation Failure) [PSYoungGen: 410000K->144896K(504320K)] 1083939K->913771K(1902592K), 0.0494040 secs] [Times: user=0.29 sys=0.00, real=0.05 secs] 
3999.700: [GC (Allocation Failure) [PSYoungGen: 457216K->101600K(414208K)] 1226091K->1006480K(1812480K), 0.1715150 secs] [Times: user=1.02 sys=0.00, real=0.17 secs] 
4002.803: [GC (Allocation Failure) [PSYoungGen: 413920K->146288K(503808K)] 1318800K->1148881K(1902080K), 0.0504902 secs] [Times: user=0.30 sys=0.00, real=0.05 secs] 
4006.581: [GC (Allocation Failure) [PSYoungGen: 458368K->102096K(504832K)] 1460960K->1241985K(1903104K), 0.1615745 secs] [Times: user=0.96 sys=0.01, real=0.16 secs] 
4008.644: [GC (Allocation Failure) [PSYoungGen: 414928K->142224K(505856K)] 1554817K->1381526K(1904128K), 0.0515845 secs] [Times: user=0.31 sys=0.00, real=0.06 secs] 
4008.695: [Full GC (Ergonomics) [PSYoungGen: 142224K->0K(505856K)] [ParOldGen: 1239301K->179895K(1398272K)] 1381526K->179895K(1904128K), [Metaspace: 60461K->60461K(1105920K)], 0.4098631 secs] [Times: user=1.88 sys=0.00, real=0.41 secs] 
4010.720: [GC (Allocation Failure) [PSYoungGen: 315904K->108896K(424960K)] 495799K->288791K(1823232K), 0.0382516 secs] [Times: user=0.22 sys=0.01, real=0.04 secs] 
4012.889: [GC (Allocation Failure) [PSYoungGen: 424800K->144576K(503808K)] 604695K->430371K(1902080K), 0.0533703 secs] [Times: user=0.31 sys=0.00, real=0.05 secs] 
4015.097: [GC (Allocation Failure) [PSYoungGen: 462016K->108032K(505344K)] 747811K->528624K(1903616K), 0.0632983 secs] [Times: user=0.37 sys=0.00, real=0.06 secs] 
4016.779: [GC (GCLocker Initiated GC) [PSYoungGen: 425472K->146368K(507392K)] 846064K->671796K(1905664K), 0.0838800 secs] [Times: user=0.50 sys=0.00, real=0.08 secs] 
4020.224: [GC (Allocation Failure) [PSYoungGen: 468928K->104400K(509440K)] 994359K->767575K(1907712K), 0.1539433 secs] [Times: user=0.92 sys=0.00, real=0.16 secs] 
4022.502: [GC (Allocation Failure) [PSYoungGen: 426960K->151456K(505856K)] 1090135K->915291K(1904128K), 0.0532073 secs] [Times: user=0.32 sys=0.00, real=0.06 secs] 
4026.111: [GC (Allocation Failure) [PSYoungGen: 472480K->104656K(509952K)] 1236315K->1010780K(1908224K), 0.1735090 secs] [Times: user=1.04 sys=0.00, real=0.17 secs] 
4027.651: [GC (Allocation Failure) [PSYoungGen: 425680K->150880K(505344K)] 1331804K->1157708K(1903616K), 0.0531139 secs] [Times: user=0.31 sys=0.00, real=0.05 secs] 
4031.283: [GC (Allocation Failure) [PSYoungGen: 469856K->102800K(508928K)] 1476684K->1251449K(1907200K), 0.1630928 secs] [Times: user=0.97 sys=0.00, real=0.17 secs] 
4033.780: [GC (Allocation Failure) [PSYoungGen: 421776K->150160K(504832K)] 1570425K->1397082K(1903104K), 0.0516596 secs] [Times: user=0.30 sys=0.00, real=0.05 secs] 
4033.831: [Full GC (Ergonomics) [PSYoungGen: 150160K->0K(504832K)] [ParOldGen: 1246921K->194995K(1398272K)] 1397082K->194995K(1903104K), [Metaspace: 60461K->60461K(1105920K)], 0.4558052 secs] [Times: user=2.12 sys=0.00, real=0.46 secs] 
4036.144: [GC (Allocation Failure) [PSYoungGen: 316928K->106336K(507904K)] 511923K->301331K(1906176K), 0.0867664 secs] [Times: user=0.51 sys=0.01, real=0.09 secs] 
4037.220: [GC (Allocation Failure) [PSYoungGen: 423264K->148768K(506368K)] 618259K->446068K(1904640K), 0.0509440 secs] [Times: user=0.30 sys=0.00, real=0.05 secs] 
4040.472: [GC (GCLocker Initiated GC) [PSYoungGen: 466720K->105536K(423936K)] 764020K->542204K(1822208K), 0.1591337 secs] [Times: user=0.95 sys=0.00, real=0.16 secs] 
4042.075: [GC (Allocation Failure) [PSYoungGen: 423488K->138224K(509440K)] 876544K->692758K(1907712K), 0.2382281 secs] [Times: user=1.42 sys=0.00, real=0.24 secs] 
4046.929: [GC (Allocation Failure) [PSYoungGen: 458967K->96288K(507904K)] 1013500K->788069K(1906176K), 0.4497086 secs] [Times: user=2.70 sys=0.00, real=0.45 secs] 
4048.012: [GC (Allocation Failure) [PSYoungGen: 417824K->151648K(504832K)] 1109605K->935950K(1903104K), 0.0585146 secs] [Times: user=0.34 sys=0.00, real=0.06 secs] 
4051.986: [GC (Allocation Failure) [PSYoungGen: 470624K->97760K(508928K)] 1254926K->1033226K(1907200K), 0.1618457 secs] [Times: user=0.97 sys=0.00, real=0.16 secs] 
4052.694: [GC (Allocation Failure) [PSYoungGen: 416736K->154912K(500224K)] 1352202K->1178211K(1898496K), 0.0541401 secs] [Times: user=0.32 sys=0.00, real=0.06 secs] 
4055.821: [GC (Allocation Failure) [PSYoungGen: 466720K->92272K(505344K)] 1490019K->1270284K(1903616K), 0.1566047 secs] [Times: user=0.92 sys=0.00, real=0.16 secs] 
4056.505: [GC (Allocation Failure) [PSYoungGen: 404080K->151504K(499712K)] 1582092K->1415719K(1897984K), 0.0532360 secs] [Times: user=0.31 sys=0.00, real=0.05 secs] 
4056.559: [Full GC (Ergonomics) [PSYoungGen: 151504K->0K(499712K)] [ParOldGen: 1264214K->213569K(1398272K)] 1415719K->213569K(1897984K), [Metaspace: 60461K->60461K(1105920K)], 0.4872759 secs] [Times: user=2.27 sys=0.00, real=0.49 secs] 
4062.100: [GC (Allocation Failure) [PSYoungGen: 306688K->87840K(502784K)] 520257K->301409K(1901056K), 0.1578095 secs] [Times: user=0.95 sys=0.00, real=0.16 secs] 
4063.608: [GC (Allocation Failure) [PSYoungGen: 385427K->139584K(500736K)] 598997K->436962K(1899008K), 0.0481766 secs] [Times: user=0.29 sys=0.00, real=0.05 secs] 
4066.339: [GC (Allocation Failure) [PSYoungGen: 446272K->97824K(501760K)] 743650K->526090K(1900032K), 0.1632550 secs] [Times: user=0.97 sys=0.00, real=0.16 secs] 
4068.365: [GC (Allocation Failure) [PSYoungGen: 404512K->143968K(501248K)] 832778K->666087K(1899520K), 0.0494699 secs] [Times: user=0.25 sys=0.00, real=0.05 secs] 
4070.219: [GC (Allocation Failure) [PSYoungGen: 452704K->102352K(502272K)] 974823K->759536K(1900544K), 0.1720238 secs] [Times: user=1.03 sys=0.00, real=0.17 secs] 
4074.276: [GC (Allocation Failure) [PSYoungGen: 411088K->144112K(501760K)] 1068272K->899501K(1900032K), 0.0510845 secs] [Times: user=0.30 sys=0.00, real=0.05 secs] 
4075.795: [GC (Allocation Failure) [PSYoungGen: 455408K->104288K(503296K)] 1210797K->994636K(1901568K), 0.0649266 secs] [Times: user=0.38 sys=0.00, real=0.07 secs] 
4077.992: [GC (Allocation Failure) [PSYoungGen: 415584K->143712K(503296K)] 1305932K->1135489K(1901568K), 0.0521653 secs] [Times: user=0.31 sys=0.00, real=0.05 secs] 
4079.815: [GC (Allocation Failure) [PSYoungGen: 458592K->106016K(504832K)] 1450369K->1232189K(1903104K), 0.0649494 secs] [Times: user=0.39 sys=0.00, real=0.06 secs] 
4082.109: [GC (Allocation Failure) [PSYoungGen: 420896K->144672K(504832K)] 1547069K->1374566K(1903104K), 0.0532754 secs] [Times: user=0.31 sys=0.00, real=0.05 secs] 
4082.162: [Full GC (Ergonomics) [PSYoungGen: 144672K->0K(504832K)] [ParOldGen: 1229894K->182092K(1398272K)] 1374566K->182092K(1903104K), [Metaspace: 60461K->60461K(1105920K)], 0.4242635 secs] [Times: user=1.96 sys=0.00, real=0.43 secs] 
4084.233: [GC (Allocation Failure) [PSYoungGen: 318464K->107888K(506880K)] 500556K->289981K(1905152K), 0.0693181 secs] [Times: user=0.41 sys=0.01, real=0.07 secs] 
4086.678: [GC (Allocation Failure) [PSYoungGen: 426352K->148656K(505856K)] 608445K->434617K(1904128K), 0.0529055 secs] [Times: user=0.31 sys=0.00, real=0.05 secs] 
4088.748: [GC (Allocation Failure) [PSYoungGen: 469680K->106464K(508928K)] 755641K->532025K(1907200K), 0.1740479 secs] [Times: user=0.98 sys=0.00, real=0.17 secs] 
4090.843: [GC (Allocation Failure) [PSYoungGen: 427488K->165664K(494592K)] 853049K->693522K(1892864K), 0.0529185 secs] [Times: user=0.30 sys=0.01, real=0.06 secs] 
4093.513: [GC (Allocation Failure) [PSYoungGen: 475424K->101792K(504320K)] 1003282K->769562K(1902592K), 0.1685689 secs] [Times: user=1.00 sys=0.01, real=0.17 secs] 
4096.215: [GC (Allocation Failure) [PSYoungGen: 411552K->144512K(502272K)] 1079322K->910235K(1900544K), 0.0508339 secs] [Times: user=0.30 sys=0.00, real=0.06 secs] 
4098.439: [GC (Allocation Failure) [PSYoungGen: 456320K->103728K(504320K)] 1222043K->1004855K(1902592K), 0.1246182 secs] [Times: user=0.74 sys=0.01, real=0.12 secs] 
4101.226: [GC (GCLocker Initiated GC) [PSYoungGen: 415536K->141696K(505856K)] 1316664K->1143236K(1904128K), 0.1293497 secs] [Times: user=0.77 sys=0.00, real=0.12 secs] 
4103.132: [GC (Allocation Failure) [PSYoungGen: 457600K->106112K(505856K)] 1459196K->1240380K(1904128K), 0.0940662 secs] [Times: user=0.56 sys=0.00, real=0.10 secs] 
4105.528: [GC (Allocation Failure) [PSYoungGen: 422016K->144160K(504832K)] 1556284K->1381968K(1903104K), 0.0534933 secs] [Times: user=0.32 sys=0.00, real=0.05 secs] 
4105.581: [Full GC (Ergonomics) [PSYoungGen: 144160K->0K(504832K)] [ParOldGen: 1237808K->180257K(1398272K)] 1381968K->180257K(1903104K), [Metaspace: 60461K->60461K(1105920K)], 0.4208039 secs] [Times: user=1.94 sys=0.00, real=0.42 secs] 
4107.067: [GC (Allocation Failure) [PSYoungGen: 317952K->109552K(505856K)] 498209K->289809K(1904128K), 0.0344990 secs] [Times: user=0.21 sys=0.00, real=0.03 secs] 
4109.873: [GC (Allocation Failure) [PSYoungGen: 427504K->145280K(507392K)] 607761K->431454K(1905664K), 0.0532034 secs] [Times: user=0.31 sys=0.00, real=0.06 secs] 
4112.039: [GC (Allocation Failure) [PSYoungGen: 467840K->107968K(508928K)] 754014K->529966K(1907200K), 0.0681411 secs] [Times: user=0.40 sys=0.00, real=0.07 secs] 
4114.737: [GC (Allocation Failure) [PSYoungGen: 430528K->149824K(508416K)] 852526K->676000K(1906688K), 0.0527052 secs] [Times: user=0.32 sys=0.00, real=0.05 secs] 
4119.081: [GC (Allocation Failure) [PSYoungGen: 474432K->108144K(511488K)] 1000608K->774649K(1909760K), 0.1635360 secs] [Times: user=0.97 sys=0.00, real=0.16 secs] 
4121.572: [GC (Allocation Failure) [PSYoungGen: 432752K->151712K(506368K)] 1099257K->922385K(1904640K), 0.0528861 secs] [Times: user=0.31 sys=0.00, real=0.05 secs] 
4124.584: [GC (Allocation Failure) [PSYoungGen: 473760K->105824K(510464K)] 1244433K->1019445K(1908736K), 0.1662770 secs] [Times: user=0.98 sys=0.01, real=0.17 secs] 
4125.854: [GC (Allocation Failure) [PSYoungGen: 416418K->146432K(508928K)] 1330039K->1161646K(1907200K), 0.0515443 secs] [Times: user=0.31 sys=0.00, real=0.06 secs] 
4128.159: [GC (Allocation Failure) [PSYoungGen: 469504K->107072K(430592K)] 1484718K->1260046K(1828864K), 0.1685663 secs] [Times: user=1.00 sys=0.00, real=0.17 secs] 
4129.517: [GC (Allocation Failure) [PSYoungGen: 430144K->154240K(504320K)] 1583118K->1409950K(1902592K), 0.0537982 secs] [Times: user=0.32 sys=0.00, real=0.05 secs] 
4129.571: [Full GC (Ergonomics) [PSYoungGen: 154240K->0K(504320K)] [ParOldGen: 1255710K->207448K(1398272K)] 1409950K->207448K(1902592K), [Metaspace: 60461K->60461K(1105920K)], 0.4696442 secs] [Times: user=2.19 sys=0.00, real=0.47 secs] 
4133.483: [GC (Allocation Failure) [PSYoungGen: 318976K->94080K(508928K)] 526424K->301528K(1907200K), 0.1569340 secs] [Times: user=0.94 sys=0.00, real=0.16 secs] 
4134.760: [GC (Allocation Failure) [PSYoungGen: 413056K->151792K(502272K)] 620504K->449582K(1900544K), 0.0544496 secs] [Times: user=0.33 sys=0.00, real=0.05 secs] 
4138.879: [GC (Allocation Failure) [PSYoungGen: 464624K->92144K(505856K)] 762414K->541358K(1904128K), 0.1435270 secs] [Times: user=0.86 sys=0.00, real=0.14 secs] 
4139.820: [GC (Allocation Failure) [PSYoungGen: 404976K->147136K(503296K)] 854190K->684679K(1901568K), 0.0528248 secs] [Times: user=0.32 sys=0.00, real=0.05 secs] 
4144.487: [GC (Allocation Failure) [PSYoungGen: 457920K->92672K(504832K)] 995463K->776495K(1903104K), 0.1584835 secs] [Times: user=0.94 sys=0.01, real=0.16 secs] 
4146.012: [GC (Allocation Failure) [PSYoungGen: 395283K->142480K(504320K)] 1079106K->915132K(1902592K), 0.0505423 secs] [Times: user=0.30 sys=0.00, real=0.05 secs] 
4150.224: [GC (Allocation Failure) [PSYoungGen: 453776K->99936K(411648K)] 1226428K->1005792K(1809920K), 0.1574722 secs] [Times: user=0.93 sys=0.00, real=0.16 secs] 
4152.800: [GC (Allocation Failure) [PSYoungGen: 411232K->152736K(499200K)] 1317088K->1154708K(1897472K), 0.0503934 secs] [Times: user=0.29 sys=0.00, real=0.05 secs] 
4154.705: [GC (Allocation Failure) [PSYoungGen: 460960K->100544K(503296K)] 1462932K->1237936K(1901568K), 0.1310595 secs] [Times: user=0.78 sys=0.01, real=0.14 secs] 
4156.527: [GC (Allocation Failure) [PSYoungGen: 408768K->144928K(503808K)] 1546160K->1378889K(1902080K), 0.0509395 secs] [Times: user=0.30 sys=0.00, real=0.05 secs] 
4156.578: [Full GC (Ergonomics) [PSYoungGen: 144928K->0K(503808K)] [ParOldGen: 1233961K->185632K(1398272K)] 1378889K->185632K(1902080K), [Metaspace: 60464K->60464K(1105920K)], 0.4252127 secs] [Times: user=1.96 sys=0.00, real=0.42 secs] 
4158.249: [GC (Allocation Failure) [PSYoungGen: 311296K->106816K(418304K)] 496928K->292448K(1816576K), 0.0462688 secs] [Times: user=0.27 sys=0.00, real=0.04 secs] 
4160.557: [GC (Allocation Failure) [PSYoungGen: 418112K->144240K(501760K)] 603744K->432998K(1900032K), 0.0517410 secs] [Times: user=0.31 sys=0.00, real=0.05 secs] 
4162.689: [GC (Allocation Failure) [PSYoungGen: 456048K->104848K(502784K)] 744806K->528562K(1901056K), 0.0646769 secs] [Times: user=0.38 sys=0.00, real=0.06 secs] 
4164.964: [GC (Allocation Failure) [PSYoungGen: 416656K->142336K(505344K)] 840370K->667318K(1903616K), 0.0523177 secs] [Times: user=0.31 sys=0.00, real=0.06 secs] 
4166.503: [GC (Allocation Failure) [PSYoungGen: 459776K->111632K(505856K)] 984758K->769231K(1904128K), 0.0645993 secs] [Times: user=0.38 sys=0.00, real=0.07 secs] 
4168.955: [GC (Allocation Failure) [PSYoungGen: 429072K->145472K(505856K)] 1086671K->909131K(1904128K), 0.0539938 secs] [Times: user=0.32 sys=0.00, real=0.06 secs] 
4171.738: [GC (Allocation Failure) [PSYoungGen: 466496K->108768K(507392K)] 1230155K->1007955K(1905664K), 0.1186440 secs] [Times: user=0.71 sys=0.00, real=0.12 secs] 
4173.211: [GC (Allocation Failure) [PSYoungGen: 429792K->151520K(506368K)] 1328979K->1156056K(1904640K), 0.0721613 secs] [Times: user=0.43 sys=0.01, real=0.07 secs] 
4176.065: [GC (Allocation Failure) [PSYoungGen: 474592K->106768K(510976K)] 1479128K->1253960K(1909248K), 0.1413672 secs] [Times: user=0.84 sys=0.00, real=0.14 secs] 
4177.592: [GC (Allocation Failure) [PSYoungGen: 427768K->150112K(507392K)] 1574961K->1400237K(1905664K), 0.0539187 secs] [Times: user=0.32 sys=0.00, real=0.06 secs] 
4177.646: [Full GC (Ergonomics) [PSYoungGen: 150112K->0K(507392K)] [ParOldGen: 1250124K->198178K(1398272K)] 1400237K->198178K(1905664K), [Metaspace: 60471K->60471K(1105920K)], 0.4600423 secs] [Times: user=2.11 sys=0.00, real=0.46 secs] 
4180.454: [GC (Allocation Failure) [PSYoungGen: 322048K->109360K(510464K)] 520226K->307539K(1908736K), 0.0976486 secs] [Times: user=0.56 sys=0.01, real=0.10 secs] 
4182.170: [GC (Allocation Failure) [PSYoungGen: 421205K->144000K(509440K)] 619384K->445431K(1907712K), 0.0497287 secs] [Times: user=0.29 sys=0.00, real=0.05 secs] 
4186.513: [GC (Allocation Failure) [PSYoungGen: 468096K->108048K(510464K)] 769527K->544416K(1908736K), 0.1339638 secs] [Times: user=0.79 sys=0.00, real=0.14 secs] 
4188.198: [GC (Allocation Failure) [PSYoungGen: 432144K->170176K(493568K)] 868512K->710264K(1891840K), 0.0532541 secs] [Times: user=0.31 sys=0.00, real=0.05 secs] 
4190.662: [GC (Allocation Failure) [PSYoungGen: 479936K->93504K(504320K)] 1020024K->786784K(1902592K), 0.1625772 secs] [Times: user=0.97 sys=0.01, real=0.16 secs] 
4192.074: [GC (Allocation Failure) [PSYoungGen: 388322K->138784K(499712K)] 1081603K->921641K(1897984K), 0.0506800 secs] [Times: user=0.30 sys=0.00, real=0.05 secs] 
4194.900: [GC (Allocation Failure) [PSYoungGen: 449056K->98304K(502272K)] 1231913K->1011289K(1900544K), 0.1383311 secs] [Times: user=0.82 sys=0.01, real=0.14 secs] 
4196.760: [GC (Allocation Failure) [PSYoungGen: 408576K->146848K(505344K)] 1321561K->1153718K(1903616K), 0.0495919 secs] [Times: user=0.30 sys=0.00, real=0.05 secs] 
4199.250: [GC (Allocation Failure) [PSYoungGen: 461728K->102912K(418304K)] 1468598K->1247522K(1816576K), 0.1712217 secs] [Times: user=1.01 sys=0.01, real=0.17 secs] 
4201.997: [GC (Allocation Failure) [PSYoungGen: 417792K->146976K(504832K)] 1562402K->1390503K(1903104K), 0.0522052 secs] [Times: user=0.31 sys=0.00, real=0.05 secs] 
4202.050: [Full GC (Ergonomics) [PSYoungGen: 146976K->0K(504832K)] [ParOldGen: 1243527K->189788K(1398272K)] 1390503K->189788K(1903104K), [Metaspace: 60487K->60487K(1105920K)], 0.4447691 secs] [Times: user=2.05 sys=0.00, real=0.44 secs] 
4204.231: [GC (Allocation Failure) [PSYoungGen: 314880K->101904K(506368K)] 504668K->291693K(1904640K), 0.0610806 secs] [Times: user=0.37 sys=0.00, real=0.06 secs] 
4205.872: [GC (Allocation Failure) [PSYoungGen: 416784K->147520K(504832K)] 606573K->435250K(1903104K), 0.0503705 secs] [Times: user=0.29 sys=0.00, real=0.05 secs] 
4209.074: [GC (GCLocker Initiated GC) [PSYoungGen: 462912K->104208K(506880K)] 750642K->530167K(1905152K), 0.0642032 secs] [Times: user=0.38 sys=0.00, real=0.07 secs] 
4210.074: [GC (Allocation Failure) [PSYoungGen: 419600K->146016K(505344K)] 845561K->673169K(1903616K), 0.0735346 secs] [Times: user=0.44 sys=0.00, real=0.08 secs] 
4214.062: [GC (Allocation Failure) [PSYoungGen: 462432K->103200K(506880K)] 989585K->768001K(1905152K), 0.1416515 secs] [Times: user=0.84 sys=0.00, real=0.14 secs] 
4216.274: [GC (Allocation Failure) [PSYoungGen: 419616K->147008K(505344K)] 1084417K->911398K(1903616K), 0.0514057 secs] [Times: user=0.31 sys=0.00, real=0.06 secs] 
4218.626: [GC (Allocation Failure) [PSYoungGen: 464448K->106688K(507392K)] 1228838K->1009178K(1905664K), 0.1732574 secs] [Times: user=1.04 sys=0.00, real=0.17 secs] 
4220.602: [GC (Allocation Failure) [PSYoungGen: 424128K->149184K(505856K)] 1326618K->1154303K(1904128K), 0.0527511 secs] [Times: user=0.31 sys=0.00, real=0.05 secs] 
4222.236: [GC (Allocation Failure) [PSYoungGen: 467648K->105040K(508416K)] 1472767K->1250236K(1906688K), 0.1226343 secs] [Times: user=0.70 sys=0.01, real=0.12 secs] 
4224.869: [GC (Allocation Failure) [PSYoungGen: 423504K->150016K(505344K)] 1568700K->1395992K(1903616K), 0.0518618 secs] [Times: user=0.31 sys=0.00, real=0.05 secs] 
4224.921: [Full GC (Ergonomics) [PSYoungGen: 150016K->0K(505344K)] [ParOldGen: 1245976K->193444K(1398272K)] 1395992K->193444K(1903616K), [Metaspace: 60489K->60489K(1105920K)], 0.4543063 secs] [Times: user=2.11 sys=0.00, real=0.46 secs] 
4227.591: [GC (Allocation Failure) [PSYoungGen: 317952K->104160K(508416K)] 511396K->297604K(1906688K), 0.0999292 secs] [Times: user=0.59 sys=0.00, real=0.10 secs] 
4228.859: [GC (Allocation Failure) [PSYoungGen: 422112K->158240K(499200K)] 615556K->452093K(1897472K), 0.0511209 secs] [Times: user=0.30 sys=0.00, real=0.05 secs] 
4231.431: [GC (Allocation Failure) [PSYoungGen: 469024K->98848K(504832K)] 762877K->533605K(1903104K), 0.1598780 secs] [Times: user=0.94 sys=0.01, real=0.16 secs] 
4233.019: [GC (Allocation Failure) [PSYoungGen: 409632K->148192K(502272K)] 844389K->677570K(1900544K), 0.0491623 secs] [Times: user=0.29 sys=0.00, real=0.05 secs] 
4235.095: [GC (Allocation Failure) [PSYoungGen: 457952K->103968K(414208K)] 987330K->772978K(1812480K), 0.0657710 secs] [Times: user=0.39 sys=0.00, real=0.07 secs] 
4237.152: [GC (Allocation Failure) [PSYoungGen: 413728K->144256K(503808K)] 1082738K->913991K(1902080K), 0.0864090 secs] [Times: user=0.51 sys=0.00, real=0.09 secs] 
4240.806: [GC (Allocation Failure) [PSYoungGen: 456064K->101008K(503808K)] 1225799K->1005772K(1902080K), 0.0973528 secs] [Times: user=0.58 sys=0.00, real=0.09 secs] 
4242.968: [GC (Allocation Failure) [PSYoungGen: 412816K->145536K(503296K)] 1317580K->1147856K(1901568K), 0.0706253 secs] [Times: user=0.42 sys=0.00, real=0.07 secs] 
4245.722: [GC (Allocation Failure) [PSYoungGen: 458880K->105360K(504832K)] 1461200K->1244345K(1903104K), 0.1207540 secs] [Times: user=0.72 sys=0.00, real=0.12 secs] 
4248.296: [GC (Allocation Failure) [PSYoungGen: 418704K->144000K(504832K)] 1557689K->1384485K(1903104K), 0.0523685 secs] [Times: user=0.30 sys=0.00, real=0.05 secs] 
4248.348: [Full GC (Ergonomics) [PSYoungGen: 144000K->0K(504832K)] [ParOldGen: 1240485K->181892K(1398272K)] 1384485K->181892K(1903104K), [Metaspace: 60489K->60489K(1105920K)], 0.4156932 secs] [Times: user=1.92 sys=0.00, real=0.41 secs] 
4250.358: [GC (Allocation Failure) [PSYoungGen: 316416K->106384K(505856K)] 498308K->288277K(1904128K), 0.0543955 secs] [Times: user=0.32 sys=0.00, real=0.05 secs] 
4252.818: [GC (Allocation Failure) [PSYoungGen: 422800K->146384K(505344K)] 604693K->431814K(1903616K), 0.0525314 secs] [Times: user=0.31 sys=0.00, real=0.05 secs] 
4254.722: [GC (Allocation Failure) [PSYoungGen: 465360K->107456K(507392K)] 750790K->529598K(1905664K), 0.0929256 secs] [Times: user=0.54 sys=0.00, real=0.10 secs] 
4257.759: [GC (Allocation Failure) [PSYoungGen: 426432K->147248K(506880K)] 848574K->673327K(1905152K), 0.0526332 secs] [Times: user=0.31 sys=0.00, real=0.05 secs] 
4260.132: [GC (GCLocker Initiated GC) [PSYoungGen: 468784K->106160K(509440K)] 994865K->770441K(1907712K), 0.0760407 secs] [Times: user=0.45 sys=0.00, real=0.08 secs] 
4261.969: [GC (Allocation Failure) [PSYoungGen: 427696K->161376K(498176K)] 1091977K->927482K(1896448K), 0.0530915 secs] [Times: user=0.31 sys=0.00, real=0.05 secs] 
4265.379: [GC (Allocation Failure) [PSYoungGen: 474208K->99776K(505856K)] 1240314K->1010178K(1904128K), 0.1675036 secs] [Times: user=1.00 sys=0.00, real=0.17 secs] 
4266.619: [GC (Allocation Failure) [PSYoungGen: 412608K->155936K(498176K)] 1323010K->1162286K(1896448K), 0.0504451 secs] [Times: user=0.30 sys=0.00, real=0.05 secs] 
4268.708: [GC (Allocation Failure) [PSYoungGen: 462624K->100960K(502784K)] 1468974K->1246038K(1901056K), 0.0700124 secs] [Times: user=0.42 sys=0.00, real=0.07 secs] 
4270.637: [GC (Allocation Failure) [PSYoungGen: 407648K->143312K(499712K)] 1552726K->1385584K(1897984K), 0.0508818 secs] [Times: user=0.30 sys=0.00, real=0.05 secs] 
4270.688: [Full GC (Ergonomics) [PSYoungGen: 143312K->0K(499712K)] [ParOldGen: 1242271K->184232K(1398272K)] 1385584K->184232K(1897984K), [Metaspace: 60491K->60491K(1105920K)], 0.4270483 secs] [Times: user=1.96 sys=0.00, real=0.42 secs] 
4274.501: [GC (Allocation Failure) [PSYoungGen: 308736K->101408K(502272K)] 492968K->285640K(1900544K), 0.0445721 secs] [Times: user=0.26 sys=0.00, real=0.05 secs] 
4277.170: [GC (Allocation Failure) [PSYoungGen: 410144K->141984K(503808K)] 594376K->425429K(1902080K), 0.0510975 secs] [Times: user=0.30 sys=0.00, real=0.05 secs] 
4278.748: [GC (Allocation Failure) [PSYoungGen: 455840K->105328K(504832K)] 739285K->521718K(1903104K), 0.0756997 secs] [Times: user=0.44 sys=0.00, real=0.07 secs] 
4281.603: [GC (Allocation Failure) [PSYoungGen: 419184K->143968K(505344K)] 835574K->663346K(1903616K), 0.0520383 secs] [Times: user=0.31 sys=0.00, real=0.06 secs] 
4283.361: [GC (Allocation Failure) [PSYoungGen: 460896K->105856K(506368K)] 980274K->760610K(1904640K), 0.0648410 secs] [Times: user=0.39 sys=0.00, real=0.07 secs] 
4285.746: [GC (Allocation Failure) [PSYoungGen: 422784K->146208K(505344K)] 1077538K->903937K(1903616K), 0.0526750 secs] [Times: user=0.31 sys=0.00, real=0.05 secs] 
4287.530: [GC (Allocation Failure) [PSYoungGen: 465184K->109472K(507392K)] 1222913K->1003981K(1905664K), 0.0651556 secs] [Times: user=0.39 sys=0.00, real=0.06 secs] 
4290.825: [GC (Allocation Failure) [PSYoungGen: 428448K->144480K(508416K)] 1322957K->1145978K(1906688K), 0.0533901 secs] [Times: user=0.31 sys=0.00, real=0.06 secs] 
4292.030: [GC (Allocation Failure) [PSYoungGen: 467552K->109440K(509440K)] 1469050K->1246166K(1907712K), 0.0657220 secs] [Times: user=0.38 sys=0.01, real=0.07 secs] 
4295.337: [GC (Allocation Failure) [PSYoungGen: 432512K->148928K(507392K)] 1569238K->1391347K(1905664K), 0.0541178 secs] [Times: user=0.32 sys=0.00, real=0.05 secs] 
4295.391: [Full GC (Ergonomics) [PSYoungGen: 148928K->0K(507392K)] [ParOldGen: 1242419K->187676K(1398272K)] 1391347K->187676K(1905664K), [Metaspace: 60491K->60491K(1105920K)], 0.4392131 secs] [Times: user=2.03 sys=0.00, real=0.44 secs] 
4297.844: [GC (GCLocker Initiated GC) [PSYoungGen: 324096K->105104K(510464K)] 511772K->292781K(1908736K), 0.0951512 secs] [Times: user=0.56 sys=0.00, real=0.10 secs] 
4299.214: [GC (Allocation Failure) [PSYoungGen: 429200K->162336K(499200K)] 616933K->451386K(1897472K), 0.0522431 secs] [Times: user=0.31 sys=0.00, real=0.06 secs] 
4302.432: [GC (Allocation Failure) [PSYoungGen: 477216K->104864K(506880K)] 766266K->539366K(1905152K), 0.1411224 secs] [Times: user=0.83 sys=0.00, real=0.14 secs] 
4304.137: [GC (Allocation Failure) [PSYoungGen: 419744K->148288K(505856K)] 854246K->683890K(1904128K), 0.0509536 secs] [Times: user=0.30 sys=0.00, real=0.05 secs] 
4307.794: [GC (Allocation Failure) [PSYoungGen: 464192K->100160K(507392K)] 999794K->775139K(1905664K), 0.1579594 secs] [Times: user=0.94 sys=0.00, real=0.16 secs] 
4309.190: [GC (Allocation Failure) [PSYoungGen: 416064K->148832K(504320K)] 1091043K->920075K(1902592K), 0.0503084 secs] [Times: user=0.30 sys=0.00, real=0.05 secs] 
4311.002: [GC (Allocation Failure) [PSYoungGen: 462688K->106576K(420864K)] 1233931K->1017452K(1819136K), 0.1193118 secs] [Times: user=0.70 sys=0.00, real=0.12 secs] 
4311.916: [GC (Allocation Failure) [PSYoungGen: 418618K->147360K(503808K)] 1329494K->1160832K(1902080K), 0.0525461 secs] [Times: user=0.31 sys=0.00, real=0.05 secs] 
4314.484: [GC (Allocation Failure) [PSYoungGen: 461728K->103712K(505344K)] 1475200K->1255604K(1903616K), 0.1674184 secs] [Times: user=1.00 sys=0.00, real=0.17 secs] 
4316.124: [GC (Allocation Failure) [PSYoungGen: 417006K->147664K(505344K)] 1568899K->1399050K(1903616K), 0.0529797 secs] [Times: user=0.32 sys=0.00, real=0.06 secs] 
4316.177: [Full GC (Ergonomics) [PSYoungGen: 147664K->0K(505344K)] [ParOldGen: 1251385K->197505K(1398272K)] 1399050K->197505K(1903616K), [Metaspace: 60491K->60491K(1105920K)], 0.4615007 secs] [Times: user=2.14 sys=0.00, real=0.46 secs] 
4319.232: [GC (Allocation Failure) [PSYoungGen: 316416K->104432K(507392K)] 513921K->301938K(1905664K), 0.0991281 secs] [Times: user=0.59 sys=0.01, real=0.10 secs] 
4320.837: [GC (Allocation Failure) [PSYoungGen: 416612K->147296K(505344K)] 614117K->445082K(1903616K), 0.0498270 secs] [Times: user=0.29 sys=0.00, real=0.05 secs] 
4322.694: [GC (Allocation Failure) [PSYoungGen: 464224K->107392K(507392K)] 762010K->543274K(1905664K), 0.1565520 secs] [Times: user=0.94 sys=0.00, real=0.16 secs] 
4323.749: [GC (Allocation Failure) [PSYoungGen: 413767K->143760K(506880K)] 849650K->683188K(1905152K), 0.0505025 secs] [Times: user=0.29 sys=0.00, real=0.05 secs] 
4327.972: [GC (Allocation Failure) [PSYoungGen: 463248K->100848K(507392K)] 1002676K->775476K(1905664K), 0.1682094 secs] [Times: user=1.01 sys=0.00, real=0.17 secs] 
4330.273: [GC (Allocation Failure) [PSYoungGen: 420336K->151072K(505344K)] 1094964K->922356K(1903616K), 0.0499424 secs] [Times: user=0.29 sys=0.00, real=0.05 secs] 
4332.159: [GC (Allocation Failure) [PSYoungGen: 470048K->107536K(508928K)] 1241332K->1020828K(1907200K), 0.1595842 secs] [Times: user=0.96 sys=0.00, real=0.16 secs] 
4333.168: [GC (Allocation Failure) [PSYoungGen: 418183K->144608K(508928K)] 1331475K->1161203K(1907200K), 0.0514405 secs] [Times: user=0.30 sys=0.00, real=0.05 secs] 
4337.938: [GC (Allocation Failure) [PSYoungGen: 466144K->104384K(425984K)] 1482739K->1256683K(1824256K), 0.1541962 secs] [Times: user=0.91 sys=0.00, real=0.15 secs] 
4339.515: [GC (Allocation Failure) [PSYoungGen: 416384K->146784K(506880K)] 1568683K->1399288K(1905152K), 0.0503265 secs] [Times: user=0.30 sys=0.00, real=0.05 secs] 
4339.565: [Full GC (Ergonomics) [PSYoungGen: 146784K->0K(506880K)] [ParOldGen: 1252504K->197152K(1398272K)] 1399288K->197152K(1905152K), [Metaspace: 60492K->60492K(1105920K)], 0.4710598 secs] [Times: user=2.18 sys=0.00, real=0.48 secs] 
4343.153: [GC (Allocation Failure) [PSYoungGen: 321024K->103168K(508928K)] 518176K->300320K(1907200K), 0.1055341 secs] [Times: user=0.62 sys=0.00, real=0.11 secs] 
4344.798: [GC (Allocation Failure) [PSYoungGen: 420079K->148848K(506880K)] 617232K->444718K(1905152K), 0.0499272 secs] [Times: user=0.29 sys=0.00, real=0.05 secs] 
4347.424: [GC (Allocation Failure) [PSYoungGen: 469872K->105040K(509952K)] 765742K->540794K(1908224K), 0.1522963 secs] [Times: user=0.90 sys=0.01, real=0.16 secs] 
4348.864: [GC (Allocation Failure) [PSYoungGen: 415211K->147072K(508416K)] 850965K->683136K(1906688K), 0.0500927 secs] [Times: user=0.30 sys=0.00, real=0.05 secs] 
4351.544: [GC (Allocation Failure) [PSYoungGen: 469120K->104208K(510464K)] 1005184K->778465K(1908736K), 0.1495825 secs] [Times: user=0.88 sys=0.01, real=0.15 secs] 
4352.773: [GC (Allocation Failure) [PSYoungGen: 418061K->147232K(508416K)] 1092318K->921981K(1906688K), 0.0506082 secs] [Times: user=0.30 sys=0.00, real=0.05 secs] 
4355.474: [GC (Allocation Failure) [PSYoungGen: 469280K->109472K(431616K)] 1244029K->1022845K(1829888K), 0.1579856 secs] [Times: user=0.94 sys=0.00, real=0.16 secs] 
4357.431: [GC (Allocation Failure) [PSYoungGen: 416725K->142640K(508928K)] 1330099K->1161171K(1907200K), 0.0515476 secs] [Times: user=0.30 sys=0.00, real=0.05 secs] 
4359.607: [GC (Allocation Failure) [PSYoungGen: 466224K->110208K(509440K)] 1484755K->1262090K(1907712K), 0.1711711 secs] [Times: user=1.01 sys=0.00, real=0.17 secs] 
4361.034: [GC (Allocation Failure) [PSYoungGen: 433792K->150720K(506880K)] 1585674K->1409191K(1905152K), 0.0531253 secs] [Times: user=0.32 sys=0.00, real=0.06 secs] 
4361.087: [Full GC (Ergonomics) [PSYoungGen: 150720K->0K(506880K)] [ParOldGen: 1258471K->207275K(1398272K)] 1409191K->207275K(1905152K), [Metaspace: 60492K->60492K(1105920K)], 0.4816905 secs] [Times: user=2.24 sys=0.00, real=0.48 secs] 
4365.380: [GC (Allocation Failure) [PSYoungGen: 324096K->93968K(510464K)] 531371K->301243K(1908736K), 0.1866840 secs] [Times: user=1.11 sys=0.01, real=0.19 secs] 
4366.927: [GC (Allocation Failure) [PSYoungGen: 418064K->154352K(502272K)] 625339K->451355K(1900544K), 0.0533960 secs] [Times: user=0.31 sys=0.00, real=0.05 secs] 
4370.004: [GC (Allocation Failure) [PSYoungGen: 470256K->94992K(507392K)] 767259K->545647K(1905664K), 0.1637674 secs] [Times: user=0.97 sys=0.01, real=0.17 secs] 
4371.248: [GC (Allocation Failure) [PSYoungGen: 410896K->153312K(500224K)] 861551K->692215K(1898496K), 0.0546862 secs] [Times: user=0.32 sys=0.00, real=0.05 secs] 
4374.681: [GC (Allocation Failure) [PSYoungGen: 463072K->88864K(504320K)] 1001975K->780739K(1902592K), 0.1647786 secs] [Times: user=0.98 sys=0.00, real=0.17 secs] 
4376.296: [GC (Allocation Failure) [PSYoungGen: 398624K->180208K(476672K)] 1090499K->956619K(1874944K), 0.0531216 secs] [Times: user=0.31 sys=0.00, real=0.05 secs] 
4379.442: [GC (Allocation Failure) [PSYoungGen: 462320K->79696K(361984K)] 1238731K->1003163K(1760256K), 0.1709310 secs] [Times: user=1.01 sys=0.00, real=0.17 secs] 
4380.967: [GC (Allocation Failure) [PSYoungGen: 361808K->133344K(495104K)] 1285275K->1132745K(1893376K), 0.0484164 secs] [Times: user=0.29 sys=0.00, real=0.04 secs] 
4382.858: [GC (Allocation Failure) [PSYoungGen: 419552K->94656K(380928K)] 1418953K->1218369K(1779200K), 0.0641231 secs] [Times: user=0.38 sys=0.00, real=0.06 secs] 
4385.745: [GC (Allocation Failure) [PSYoungGen: 380864K->137104K(489984K)] 1504577K->1353719K(1888256K), 0.0629700 secs] [Times: user=0.38 sys=0.00, real=0.06 secs] 
4385.808: [Full GC (Ergonomics) [PSYoungGen: 137104K->0K(489984K)] [ParOldGen: 1216614K->150909K(1398272K)] 1353719K->150909K(1888256K), [Metaspace: 60492K->60492K(1105920K)], 0.3372061 secs] [Times: user=1.53 sys=0.00, real=0.34 secs] 
4387.218: [GC (Allocation Failure) [PSYoungGen: 288768K->112128K(487424K)] 439677K->263037K(1885696K), 0.0398920 secs] [Times: user=0.23 sys=0.00, real=0.04 secs] 
4389.934: [GC (Allocation Failure) [PSYoungGen: 400896K->120208K(493568K)] 551805K->383353K(1891840K), 0.0831846 secs] [Times: user=0.49 sys=0.00, real=0.09 secs] 
4392.474: [GC (Allocation Failure) [PSYoungGen: 425872K->137504K(492032K)] 689017K->501421K(1890304K), 0.0611872 secs] [Times: user=0.36 sys=0.00, real=0.07 secs] 
4395.781: [GC (Allocation Failure) [PSYoungGen: 443168K->100864K(509440K)] 807085K->602046K(1907712K), 0.0959097 secs] [Times: user=0.56 sys=0.00, real=0.10 secs] 
4397.047: [GC (Allocation Failure) [PSYoungGen: 427520K->147744K(509952K)] 928702K->739042K(1908224K), 0.0606252 secs] [Times: user=0.37 sys=0.00, real=0.06 secs] 
4400.093: [GC (Allocation Failure) [PSYoungGen: 474400K->112960K(510976K)] 1065698K->851818K(1909248K), 0.0921212 secs] [Times: user=0.54 sys=0.00, real=0.10 secs] 
4402.426: [GC (Allocation Failure) [PSYoungGen: 441664K->135360K(511488K)] 1180522K->976169K(1909760K), 0.0612317 secs] [Times: user=0.37 sys=0.00, real=0.06 secs] 
4404.180: [GC (Allocation Failure) [PSYoungGen: 464064K->126240K(507904K)] 1304873K->1102434K(1906176K), 0.0753032 secs] [Times: user=0.44 sys=0.01, real=0.08 secs] 
4405.568: [GC (Allocation Failure) [PSYoungGen: 461088K->3056K(337920K)] 1437282K->979282K(1736192K), 0.0028582 secs] [Times: user=0.01 sys=0.00, real=0.00 secs] 
4408.263: [GC (Allocation Failure) [PSYoungGen: 337904K->146144K(497664K)] 1314130K->1124054K(1895936K), 0.0330432 secs] [Times: user=0.19 sys=0.00, real=0.04 secs] 
4409.527: [GC (Allocation Failure) [PSYoungGen: 451808K->105840K(411648K)] 1429718K->1220839K(1809920K), 0.0662754 secs] [Times: user=0.39 sys=0.00, real=0.06 secs] 
4413.418: [GC (Allocation Failure) [PSYoungGen: 411504K->135104K(500224K)] 1526503K->1353939K(1898496K), 0.0631855 secs] [Times: user=0.38 sys=0.00, real=0.06 secs] 
4413.481: [Full GC (Ergonomics) [PSYoungGen: 135104K->0K(500224K)] [ParOldGen: 1218835K->153920K(1398272K)] 1353939K->153920K(1898496K), [Metaspace: 60492K->60492K(1105920K)], 0.3550721 secs] [Times: user=1.62 sys=0.00, real=0.36 secs] 
4414.951: [GC (Allocation Failure) [PSYoungGen: 310272K->111776K(500224K)] 464192K->265696K(1898496K), 0.0383766 secs] [Times: user=0.23 sys=0.00, real=0.04 secs] 
4418.214: [GC (Allocation Failure) [PSYoungGen: 422048K->133920K(503296K)] 575968K->397549K(1901568K), 0.0666437 secs] [Times: user=0.39 sys=0.00, real=0.07 secs] 
4419.390: [GC (Allocation Failure) [PSYoungGen: 453408K->116096K(502784K)] 717037K->504361K(1901056K), 0.0635452 secs] [Times: user=0.38 sys=0.00, real=0.06 secs] 
4422.329: [GC (Allocation Failure) [PSYoungGen: 435584K->140192K(506368K)] 823849K->643142K(1904640K), 0.0564702 secs] [Times: user=0.33 sys=0.00, real=0.06 secs] 
4423.497: [GC (Allocation Failure) [PSYoungGen: 469408K->116736K(508928K)] 972358K->750674K(1907200K), 0.0658646 secs] [Times: user=0.39 sys=0.00, real=0.06 secs] 
4424.982: [GC (Allocation Failure) [PSYoungGen: 445952K->148368K(510976K)] 1079890K->897435K(1909248K), 0.0563878 secs] [Times: user=0.34 sys=0.00, real=0.06 secs] 
4427.196: [GC (Allocation Failure) [PSYoungGen: 485264K->117584K(516096K)] 1234331K->1005207K(1914368K), 0.0828734 secs] [Times: user=0.49 sys=0.01, real=0.08 secs] 
4428.813: [GC (Allocation Failure) [PSYoungGen: 454480K->157088K(508928K)] 1342103K->1158587K(1907200K), 0.0578705 secs] [Times: user=0.34 sys=0.00, real=0.06 secs] 
4431.447: [GC (Allocation Failure) [PSYoungGen: 491424K->113312K(516608K)] 1492923K->1262695K(1914880K), 0.1545765 secs] [Times: user=0.91 sys=0.01, real=0.15 secs] 
4432.266: [GC (Allocation Failure) [PSYoungGen: 447648K->157376K(506880K)] 1597031K->1416556K(1905152K), 0.0565790 secs] [Times: user=0.34 sys=0.00, real=0.05 secs] 
4432.322: [Full GC (Ergonomics) [PSYoungGen: 157376K->0K(506880K)] [ParOldGen: 1259180K->214065K(1398272K)] 1416556K->214065K(1905152K), [Metaspace: 60492K->60492K(1105920K)], 0.4956494 secs] [Times: user=2.30 sys=0.00, real=0.50 secs] 
4436.381: [GC (Allocation Failure) [PSYoungGen: 328192K->99136K(513536K)] 542257K->313201K(1911808K), 0.1379526 secs] [Times: user=0.82 sys=0.00, real=0.14 secs] 
4437.082: [GC (Allocation Failure) [PSYoungGen: 427328K->159584K(500736K)] 641393K->466594K(1899008K), 0.0563939 secs] [Times: user=0.34 sys=0.00, real=0.06 secs] 
4440.951: [GC (Allocation Failure) [PSYoungGen: 475488K->91056K(507392K)] 782498K->557515K(1905664K), 0.1723111 secs] [Times: user=1.02 sys=0.00, real=0.17 secs] 
4442.419: [GC (Allocation Failure) [PSYoungGen: 406960K->152512K(500224K)] 873419K->703703K(1898496K), 0.1288458 secs] [Times: user=0.76 sys=0.00, real=0.13 secs] 
4446.325: [GC (Allocation Failure) [PSYoungGen: 461248K->83808K(392704K)] 1012439K->787367K(1790976K), 0.1587855 secs] [Times: user=0.94 sys=0.00, real=0.16 secs] 
4447.223: [GC (Allocation Failure) [PSYoungGen: 392544K->150288K(497664K)] 1096103K->931401K(1895936K), 0.0518777 secs] [Times: user=0.30 sys=0.00, real=0.05 secs] 
4450.198: [GC (Allocation Failure) [PSYoungGen: 451856K->100992K(402944K)] 1232969K->1031944K(1801216K), 0.1521675 secs] [Times: user=0.91 sys=0.00, real=0.15 secs] 
4451.283: [GC (Allocation Failure) [PSYoungGen: 388547K->138368K(501248K)] 1319500K->1151981K(1899520K), 0.0483953 secs] [Times: user=0.28 sys=0.00, real=0.05 secs] 
4453.322: [GC (GCLocker Initiated GC) [PSYoungGen: 444032K->99472K(499712K)] 1457645K->1242690K(1897984K), 0.1290871 secs] [Times: user=0.76 sys=0.00, real=0.13 secs] 
4454.820: [GC (Allocation Failure) [PSYoungGen: 405136K->142944K(500224K)] 1548357K->1382097K(1898496K), 0.0500627 secs] [Times: user=0.29 sys=0.00, real=0.05 secs] 
4454.870: [Full GC (Ergonomics) [PSYoungGen: 142944K->0K(500224K)] [ParOldGen: 1239153K->189137K(1398272K)] 1382097K->189137K(1898496K), [Metaspace: 60494K->60494K(1105920K)], 0.4476749 secs] [Times: user=2.09 sys=0.00, real=0.45 secs] 
4457.660: [GC (Allocation Failure) [PSYoungGen: 308736K->103552K(500736K)] 497873K->292689K(1899008K), 0.0366313 secs] [Times: user=0.21 sys=0.00, real=0.04 secs] 
4459.818: [GC (Allocation Failure) [PSYoungGen: 412288K->143712K(502784K)] 601425K->432834K(1901056K), 0.0506802 secs] [Times: user=0.30 sys=0.00, real=0.05 secs] 
4462.110: [GC (Allocation Failure) [PSYoungGen: 457568K->104864K(504320K)] 746690K->528606K(1902592K), 0.0636782 secs] [Times: user=0.38 sys=0.00, real=0.06 secs] 
4465.016: [GC (Allocation Failure) [PSYoungGen: 418720K->143744K(504832K)] 842462K->668874K(1903104K), 0.0511827 secs] [Times: user=0.30 sys=0.00, real=0.05 secs] 
4466.726: [GC (Allocation Failure) [PSYoungGen: 461696K->109104K(506368K)] 986826K->768063K(1904640K), 0.0640918 secs] [Times: user=0.38 sys=0.01, real=0.06 secs] 
4468.479: [GC (Allocation Failure) [PSYoungGen: 427056K->149120K(504832K)] 1086015K->913595K(1903104K), 0.0533377 secs] [Times: user=0.32 sys=0.00, real=0.05 secs] 
4471.902: [GC (Allocation Failure) [PSYoungGen: 469120K->104112K(508416K)] 1233595K->1008660K(1906688K), 0.1257393 secs] [Times: user=0.74 sys=0.01, real=0.13 secs] 
4474.299: [GC (Allocation Failure) [PSYoungGen: 424112K->149408K(506880K)] 1328660K->1153720K(1905152K), 0.0511523 secs] [Times: user=0.31 sys=0.00, real=0.05 secs] 
4479.076: [GC (Allocation Failure) [PSYoungGen: 470432K->104224K(509952K)] 1474744K->1248256K(1908224K), 0.1774214 secs] [Times: user=1.05 sys=0.01, real=0.17 secs] 
4481.306: [GC (Allocation Failure) [PSYoungGen: 425248K->148656K(506368K)] 1569280K->1393558K(1904640K), 0.0520530 secs] [Times: user=0.31 sys=0.00, real=0.05 secs] 
4481.358: [Full GC (Ergonomics) [PSYoungGen: 148656K->0K(506368K)] [ParOldGen: 1244901K->191852K(1398272K)] 1393558K->191852K(1904640K), [Metaspace: 60494K->60494K(1105920K)], 0.4425844 secs] [Times: user=2.03 sys=0.00, real=0.44 secs] 
4484.015: [GC (Allocation Failure) [PSYoungGen: 320000K->106288K(509440K)] 511852K->298141K(1907712K), 0.0990542 secs] [Times: user=0.58 sys=0.01, real=0.10 secs] 
4486.236: [GC (Allocation Failure) [PSYoungGen: 426288K->150528K(505344K)] 618141K->444553K(1903616K), 0.0511457 secs] [Times: user=0.30 sys=0.00, real=0.05 secs] 
4489.665: [GC (Allocation Failure) [PSYoungGen: 469504K->102592K(508928K)] 763529K->538217K(1907200K), 0.1727876 secs] [Times: user=1.03 sys=0.00, real=0.17 secs] 
4491.140: [GC (Allocation Failure) [PSYoungGen: 418455K->148576K(505856K)] 854081K->682910K(1904128K), 0.0498457 secs] [Times: user=0.29 sys=0.00, real=0.05 secs] 
4494.129: [GC (Allocation Failure) [PSYoungGen: 466528K->102432K(508416K)] 1000862K->776090K(1906688K), 0.1494779 secs] [Times: user=0.89 sys=0.01, real=0.15 secs] 
4495.213: [GC (Allocation Failure) [PSYoungGen: 416987K->148896K(505344K)] 1090646K->921171K(1903616K), 0.0503161 secs] [Times: user=0.30 sys=0.00, real=0.05 secs] 
4498.123: [GC (Allocation Failure) [PSYoungGen: 465824K->101536K(507904K)] 1238099K->1013787K(1906176K), 0.1649481 secs] [Times: user=0.98 sys=0.00, real=0.17 secs] 
4500.271: [GC (Allocation Failure) [PSYoungGen: 418464K->148848K(504832K)] 1330715K->1158633K(1903104K), 0.0501061 secs] [Times: user=0.30 sys=0.00, real=0.05 secs] 
4502.953: [GC (Allocation Failure) [PSYoungGen: 464752K->103696K(507392K)] 1474537K->1253393K(1905664K), 0.1559749 secs] [Times: user=0.93 sys=0.01, real=0.16 secs] 
4504.554: [GC (Allocation Failure) [PSYoungGen: 419108K->148112K(504832K)] 1568804K->1397294K(1903104K), 0.0512794 secs] [Times: user=0.31 sys=0.00, real=0.06 secs] 
4504.606: [Full GC (Ergonomics) [PSYoungGen: 148112K->0K(504832K)] [ParOldGen: 1249181K->197306K(1398272K)] 1397294K->197306K(1903104K), [Metaspace: 60503K->60503K(1105920K)], 0.4753764 secs] [Times: user=2.21 sys=0.00, real=0.47 secs] 
4507.258: [GC (Allocation Failure) [PSYoungGen: 315904K->105104K(421376K)] 513210K->302410K(1819648K), 0.0971336 secs] [Times: user=0.58 sys=0.00, real=0.09 secs] 
4508.495: [GC (Allocation Failure) [PSYoungGen: 416514K->146016K(505344K)] 613821K->444374K(1903616K), 0.0496045 secs] [Times: user=0.29 sys=0.01, real=0.05 secs] 
4510.387: [GC (Allocation Failure) [PSYoungGen: 462944K->107136K(506880K)] 761302K->542686K(1905152K), 0.1013813 secs] [Times: user=0.60 sys=0.00, real=0.10 secs] 
4511.374: [GC (Allocation Failure) [PSYoungGen: 416895K->143952K(507392K)] 852445K->682884K(1905664K), 0.1353703 secs] [Times: user=0.80 sys=0.00, real=0.14 secs] 
4514.323: [GC (Allocation Failure) [PSYoungGen: 463952K->105696K(507904K)] 1002884K->779739K(1906176K), 0.0972814 secs] [Times: user=0.58 sys=0.00, real=0.10 secs] 
4515.146: [GC (Allocation Failure) [PSYoungGen: 417359K->145632K(506880K)] 1091403K->921412K(1905152K), 0.0515012 secs] [Times: user=0.30 sys=0.02, real=0.05 secs] 
4517.547: [GC (Allocation Failure) [PSYoungGen: 467168K->107120K(508928K)] 1242948K->1019269K(1907200K), 0.1730889 secs] [Times: user=1.03 sys=0.00, real=0.17 secs] 
4519.450: [GC (Allocation Failure) [PSYoungGen: 415983K->144128K(508928K)] 1328132K->1159153K(1907200K), 0.0515373 secs] [Times: user=0.31 sys=0.00, real=0.05 secs] 
4522.668: [GC (Allocation Failure) [PSYoungGen: 468736K->102336K(510464K)] 1483761K->1252573K(1908736K), 0.1614248 secs] [Times: user=0.96 sys=0.01, real=0.16 secs] 
4523.346: [GC (Allocation Failure) [PSYoungGen: 412331K->148832K(507904K)] 1562569K->1397246K(1906176K), 0.0512831 secs] [Times: user=0.30 sys=0.00, real=0.05 secs] 
4523.397: [Full GC (Ergonomics) [PSYoungGen: 148832K->0K(507904K)] [ParOldGen: 1248414K->197353K(1398272K)] 1397246K->197353K(1906176K), [Metaspace: 60505K->60505K(1105920K)], 0.4709217 secs] [Times: user=2.18 sys=0.00, real=0.47 secs] 
4526.438: [GC (Allocation Failure) [PSYoungGen: 324096K->106816K(511488K)] 521449K->304169K(1909760K), 0.1045100 secs] [Times: user=0.62 sys=0.00, real=0.10 secs] 
4528.257: [GC (Allocation Failure) [PSYoungGen: 430912K->169504K(493056K)] 628265K->469978K(1891328K), 0.0524584 secs] [Times: user=0.31 sys=0.00, real=0.05 secs] 
4531.480: [GC (Allocation Failure) [PSYoungGen: 478240K->92416K(503808K)] 778714K->545178K(1902080K), 0.1761411 secs] [Times: user=1.05 sys=0.01, real=0.18 secs] 
4532.731: [GC (Allocation Failure) [PSYoungGen: 397306K->142672K(501760K)] 850068K->683843K(1900032K), 0.0495395 secs] [Times: user=0.30 sys=0.00, real=0.05 secs] 
4534.414: [GC (Allocation Failure) [PSYoungGen: 451408K->102368K(502784K)] 992579K->777130K(1901056K), 0.1445687 secs] [Times: user=0.86 sys=0.00, real=0.15 secs] 
4536.090: [GC (Allocation Failure) [PSYoungGen: 411104K->145632K(502784K)] 1085866K->919219K(1901056K), 0.0498191 secs] [Times: user=0.29 sys=0.00, real=0.05 secs] 
4539.943: [GC (Allocation Failure) [PSYoungGen: 456416K->98752K(503808K)] 1230003K->1009267K(1902080K), 0.0973588 secs] [Times: user=0.58 sys=0.00, real=0.10 secs] 
4542.161: [GC (Allocation Failure) [PSYoungGen: 409536K->145232K(503808K)] 1320051K->1150657K(1902080K), 0.0488872 secs] [Times: user=0.29 sys=0.00, real=0.05 secs] 
4543.656: [GC (Allocation Failure) [PSYoungGen: 458064K->105584K(504832K)] 1463489K->1247413K(1903104K), 0.1276599 secs] [Times: user=0.76 sys=0.01, real=0.12 secs] 
4545.803: [GC (Allocation Failure) [PSYoungGen: 418416K->144960K(503296K)] 1560245K->1388549K(1901568K), 0.0523022 secs] [Times: user=0.30 sys=0.00, real=0.05 secs] 
4545.855: [Full GC (Ergonomics) [PSYoungGen: 144960K->0K(503296K)] [ParOldGen: 1243589K->187488K(1398272K)] 1388549K->187488K(1901568K), [Metaspace: 60505K->60505K(1105920K)], 0.4327025 secs] [Times: user=2.00 sys=0.00, real=0.44 secs] 
4547.560: [GC (Allocation Failure) [PSYoungGen: 314368K->106720K(504832K)] 501856K->294208K(1903104K), 0.0328635 secs] [Times: user=0.19 sys=0.00, real=0.03 secs] 
4549.509: [GC (Allocation Failure) [PSYoungGen: 421088K->144832K(505856K)] 608576K->435740K(1904128K), 0.0518607 secs] [Times: user=0.30 sys=0.00, real=0.05 secs] 
4553.135: [GC (Allocation Failure) [PSYoungGen: 463296K->103424K(506880K)] 754204K->529804K(1905152K), 0.0929747 secs] [Times: user=0.55 sys=0.00, real=0.09 secs] 
4554.764: [GC (Allocation Failure) [PSYoungGen: 421888K->150192K(505344K)] 848268K->675921K(1903616K), 0.0508147 secs] [Times: user=0.30 sys=0.00, real=0.05 secs] 
4556.722: [GC (GCLocker Initiated GC) [PSYoungGen: 469168K->107216K(508928K)] 994898K->774026K(1907200K), 0.1104165 secs] [Times: user=0.65 sys=0.01, real=0.11 secs] 
4558.074: [GC (Allocation Failure) [PSYoungGen: 426192K->150992K(504832K)] 1093004K->921385K(1903104K), 0.0526071 secs] [Times: user=0.31 sys=0.00, real=0.06 secs] 
4562.851: [GC (Allocation Failure) [PSYoungGen: 468944K->101200K(508416K)] 1239337K->1013565K(1906688K), 0.1724234 secs] [Times: user=1.03 sys=0.00, real=0.17 secs] 
4564.367: [GC (Allocation Failure) [PSYoungGen: 419152K->148672K(505344K)] 1331517K->1158181K(1903616K), 0.0685629 secs] [Times: user=0.40 sys=0.00, real=0.07 secs] 
4566.622: [GC (Allocation Failure) [PSYoungGen: 465600K->102144K(507904K)] 1475109K->1251305K(1906176K), 0.0935732 secs] [Times: user=0.56 sys=0.00, real=0.10 secs] 
4568.875: [GC (Allocation Failure) [PSYoungGen: 419072K->148832K(504832K)] 1568233K->1395974K(1903104K), 0.0510278 secs] [Times: user=0.31 sys=0.00, real=0.06 secs] 
4568.926: [Full GC (Ergonomics) [PSYoungGen: 148832K->0K(504832K)] [ParOldGen: 1247142K->194987K(1398272K)] 1395974K->194987K(1903104K), [Metaspace: 60506K->60506K(1105920K)], 0.4585233 secs] [Times: user=2.13 sys=0.00, real=0.45 secs] 
4571.875: [GC (Allocation Failure) [PSYoungGen: 315904K->105952K(421888K)] 510891K->300939K(1820160K), 0.0760040 secs] [Times: user=0.44 sys=0.01, real=0.08 secs] 
4573.691: [GC (Allocation Failure) [PSYoungGen: 421856K->148592K(504320K)] 616843K->445596K(1902592K), 0.0554141 secs] [Times: user=0.33 sys=0.00, real=0.06 secs] 
4576.035: [GC (Allocation Failure) [PSYoungGen: 464496K->105136K(506880K)] 761500K->541860K(1905152K), 0.1009477 secs] [Times: user=0.60 sys=0.00, real=0.11 secs] 
4577.036: [GC (Allocation Failure) [PSYoungGen: 420760K->146352K(506368K)] 857485K->684553K(1904640K), 0.0505938 secs] [Times: user=0.30 sys=0.00, real=0.05 secs] 
4581.743: [GC (Allocation Failure) [PSYoungGen: 464304K->101232K(507904K)] 1002505K->776609K(1906176K), 0.0965790 secs] [Times: user=0.57 sys=0.00, real=0.10 secs] 
4583.113: [GC (Allocation Failure) [PSYoungGen: 419184K->149888K(505344K)] 1094561K->922573K(1903616K), 0.0508372 secs] [Times: user=0.30 sys=0.00, real=0.05 secs] 
4586.370: [GC (Allocation Failure) [PSYoungGen: 466816K->102688K(507904K)] 1239501K->1016526K(1906176K), 0.1603218 secs] [Times: user=0.95 sys=0.01, real=0.16 secs] 
4587.932: [GC (Allocation Failure) [PSYoungGen: 417739K->148768K(504832K)] 1331577K->1160998K(1903104K), 0.0508486 secs] [Times: user=0.30 sys=0.00, real=0.05 secs] 
4590.375: [GC (Allocation Failure) [PSYoungGen: 464672K->102944K(507392K)] 1476902K->1255186K(1905664K), 0.1684768 secs] [Times: user=1.00 sys=0.00, real=0.16 secs] 
4592.072: [GC (Allocation Failure) [PSYoungGen: 417890K->148192K(504832K)] 1570133K->1399343K(1903104K), 0.0511289 secs] [Times: user=0.30 sys=0.00, real=0.05 secs] 
4592.123: [Full GC (Ergonomics) [PSYoungGen: 148192K->0K(504832K)] [ParOldGen: 1251151K->197377K(1398272K)] 1399343K->197377K(1903104K), [Metaspace: 60506K->60506K(1105920K)], 0.4660206 secs] [Times: user=2.17 sys=0.00, real=0.47 secs] 
4594.748: [GC (Allocation Failure) [PSYoungGen: 315904K->106016K(422400K)] 513281K->303393K(1820672K), 0.0920794 secs] [Times: user=0.54 sys=0.00, real=0.09 secs] 
4595.955: [GC (Allocation Failure) [PSYoungGen: 418544K->147296K(504832K)] 615921K->444972K(1903104K), 0.0500746 secs] [Times: user=0.30 sys=0.00, real=0.05 secs] 
4598.898: [GC (Allocation Failure) [PSYoungGen: 463712K->103136K(506880K)] 761388K->539188K(1905152K), 0.1663111 secs] [Times: user=0.99 sys=0.00, real=0.16 secs] 
4600.176: [GC (Allocation Failure) [PSYoungGen: 416744K->148912K(505344K)] 852797K->683730K(1903616K), 0.0496933 secs] [Times: user=0.29 sys=0.00, real=0.05 secs] 
4602.467: [GC (Allocation Failure) [PSYoungGen: 465840K->105920K(507904K)] 1000658K->781001K(1906176K), 0.1735653 secs] [Times: user=1.03 sys=0.00, real=0.17 secs] 
4603.792: [GC (Allocation Failure) [PSYoungGen: 415565K->145600K(506880K)] 1090646K->922486K(1905152K), 0.0517879 secs] [Times: user=0.30 sys=0.00, real=0.05 secs] 
4607.047: [GC (Allocation Failure) [PSYoungGen: 464064K->106432K(507904K)] 1240950K->1020038K(1906176K), 0.1519497 secs] [Times: user=0.90 sys=0.00, real=0.15 secs] 
4609.174: [GC (Allocation Failure) [PSYoungGen: 418386K->145632K(506368K)] 1331992K->1161187K(1904640K), 0.0514197 secs] [Times: user=0.31 sys=0.00, real=0.05 secs] 
4611.980: [GC (Allocation Failure) [PSYoungGen: 465120K->103888K(507904K)] 1480675K->1255912K(1906176K), 0.1631708 secs] [Times: user=0.98 sys=0.00, real=0.16 secs] 
4613.291: [GC (Allocation Failure) [PSYoungGen: 416221K->147440K(507904K)] 1568245K->1399348K(1906176K), 0.0515170 secs] [Times: user=0.31 sys=0.00, real=0.05 secs] 
4613.342: [Full GC (Ergonomics) [PSYoungGen: 147440K->0K(507904K)] [ParOldGen: 1251908K->197857K(1398272K)] 1399348K->197857K(1906176K), [Metaspace: 60506K->60506K(1105920K)], 0.4612336 secs] [Times: user=2.13 sys=0.00, real=0.46 secs] 
4616.608: [GC (Allocation Failure) [PSYoungGen: 321536K->104480K(509952K)] 519393K->302337K(1908224K), 0.0995698 secs] [Times: user=0.59 sys=0.00, real=0.10 secs] 
4618.253: [GC (Allocation Failure) [PSYoungGen: 417436K->146576K(508928K)] 615293K->444947K(1907200K), 0.0497430 secs] [Times: user=0.29 sys=0.00, real=0.05 secs] 
4621.179: [GC (Allocation Failure) [PSYoungGen: 469136K->106368K(429056K)] 767507K->542506K(1827328K), 0.1760107 secs] [Times: user=1.04 sys=0.00, real=0.17 secs] 
4623.037: [GC (Allocation Failure) [PSYoungGen: 420515K->145408K(508416K)] 856653K->683711K(1906688K), 0.0505129 secs] [Times: user=0.29 sys=0.00, real=0.05 secs] 
4625.827: [GC (Allocation Failure) [PSYoungGen: 468480K->107072K(509952K)] 1006783K->781771K(1908224K), 0.1715678 secs] [Times: user=1.03 sys=0.00, real=0.17 secs] 
4626.739: [GC (Allocation Failure) [PSYoungGen: 417884K->144736K(509440K)] 1092583K->922368K(1907712K), 0.0501533 secs] [Times: user=0.30 sys=0.00, real=0.05 secs] 
4630.347: [GC (Allocation Failure) [PSYoungGen: 469856K->106960K(510976K)] 1247488K->1020397K(1909248K), 0.1607012 secs] [Times: user=0.96 sys=0.01, real=0.16 secs] 
4631.414: [GC (Allocation Failure) [PSYoungGen: 432080K->153808K(505344K)] 1345517K->1170033K(1903616K), 0.0519987 secs] [Times: user=0.31 sys=0.00, real=0.06 secs] 
4634.214: [GC (Allocation Failure) [PSYoungGen: 475856K->97392K(510464K)] 1492081K->1266917K(1908736K), 0.1827642 secs] [Times: user=1.09 sys=0.00, real=0.19 secs] 
4635.269: [GC (Allocation Failure) [PSYoungGen: 419440K->153440K(502272K)] 1588965K->1414157K(1900544K), 0.0557768 secs] [Times: user=0.33 sys=0.00, real=0.05 secs] 
4635.325: [Full GC (Ergonomics) [PSYoungGen: 153440K->0K(502272K)] [ParOldGen: 1260717K->212644K(1398272K)] 1414157K->212644K(1900544K), [Metaspace: 60506K->60506K(1105920K)], 0.4866658 secs] [Times: user=2.27 sys=0.00, real=0.49 secs] 
4639.665: [GC (Allocation Failure) [PSYoungGen: 314880K->94592K(506880K)] 527524K->307236K(1905152K), 0.1379582 secs] [Times: user=0.82 sys=0.00, real=0.14 secs] 
4640.125: [GC (Allocation Failure) [PSYoungGen: 409472K->152192K(500736K)] 622116K->453717K(1899008K), 0.0538736 secs] [Times: user=0.32 sys=0.00, real=0.05 secs] 
4643.687: [GC (Allocation Failure) [PSYoungGen: 461952K->91200K(504320K)] 763477K->544173K(1902592K), 0.1496078 secs] [Times: user=0.88 sys=0.00, real=0.15 secs] 
4644.419: [GC (Allocation Failure) [PSYoungGen: 400960K->150912K(498688K)] 853933K->689034K(1896960K), 0.0534164 secs] [Times: user=0.32 sys=0.00, real=0.05 secs] 
4647.949: [GC (Allocation Failure) [PSYoungGen: 455552K->90032K(501760K)] 993674K->778699K(1900032K), 0.1694426 secs] [Times: user=1.01 sys=0.00, real=0.17 secs] 
4649.291: [GC (Allocation Failure) [PSYoungGen: 386935K->139120K(498688K)] 1075602K->913453K(1896960K), 0.0498570 secs] [Times: user=0.29 sys=0.00, real=0.05 secs] 
4651.769: [GC (Allocation Failure) [PSYoungGen: 444784K->96992K(500736K)] 1219117K->1001480K(1899008K), 0.0604378 secs] [Times: user=0.36 sys=0.00, real=0.06 secs] 
4653.922: [GC (Allocation Failure) [PSYoungGen: 402656K->151520K(498176K)] 1307144K->1149133K(1896448K), 0.0488937 secs] [Times: user=0.29 sys=0.00, real=0.05 secs] 
4656.257: [GC (Allocation Failure) [PSYoungGen: 457184K->100048K(502272K)] 1454797K->1232093K(1900544K), 0.1093957 secs] [Times: user=0.65 sys=0.00, real=0.11 secs] 
4659.081: [GC (Allocation Failure) [PSYoungGen: 405712K->140624K(501248K)] 1537757K->1369762K(1899520K), 0.0501501 secs] [Times: user=0.29 sys=0.00, real=0.05 secs] 
4659.131: [Full GC (Ergonomics) [PSYoungGen: 140624K->0K(501248K)] [ParOldGen: 1229137K->177545K(1398272K)] 1369762K->177545K(1899520K), [Metaspace: 60507K->60507K(1105920K)], 0.4067778 secs] [Times: user=1.88 sys=0.00, real=0.41 secs] 
4661.130: [GC (Allocation Failure) [PSYoungGen: 308736K->103152K(502272K)] 486281K->280697K(1900544K), 0.0388482 secs] [Times: user=0.23 sys=0.00, real=0.04 secs] 
4663.690: [GC (Allocation Failure) [PSYoungGen: 411888K->139456K(503296K)] 589433K->418330K(1901568K), 0.0528492 secs] [Times: user=0.31 sys=0.00, real=0.05 secs] 
4665.642: [GC (Allocation Failure) [PSYoungGen: 452800K->107696K(502784K)] 731674K->516554K(1901056K), 0.0640059 secs] [Times: user=0.38 sys=0.00, real=0.07 secs] 
4668.179: [GC (Allocation Failure) [PSYoungGen: 421040K->141184K(504832K)] 829898K->655262K(1903104K), 0.0525031 secs] [Times: user=0.31 sys=0.00, real=0.05 secs] 
4669.840: [GC (Allocation Failure) [PSYoungGen: 460160K->109376K(505344K)] 974238K->755174K(1903616K), 0.0643201 secs] [Times: user=0.38 sys=0.00, real=0.06 secs] 
4670.965: [GC (Allocation Failure) [PSYoungGen: 428352K->146176K(506880K)] 1074150K->899243K(1905152K), 0.0555101 secs] [Times: user=0.31 sys=0.01, real=0.06 secs] 
4674.011: [GC (Allocation Failure) [PSYoungGen: 470272K->111360K(509440K)] 1223339K->1001139K(1907712K), 0.0683761 secs] [Times: user=0.40 sys=0.00, real=0.07 secs] 
4675.635: [GC (Allocation Failure) [PSYoungGen: 435456K->149696K(508416K)] 1325235K->1147824K(1906688K), 0.0548804 secs] [Times: user=0.32 sys=0.00, real=0.06 secs] 
4678.844: [GC (Allocation Failure) [PSYoungGen: 476352K->110686K(512512K)] 1474480K->1248926K(1910784K), 0.0702693 secs] [Times: user=0.41 sys=0.00, real=0.07 secs] 
4681.449: [GC (Allocation Failure) [PSYoungGen: 437342K->150480K(508416K)] 1575582K->1395574K(1906688K), 0.0545219 secs] [Times: user=0.32 sys=0.01, real=0.05 secs] 
4681.504: [Full GC (Ergonomics) [PSYoungGen: 150480K->0K(508416K)] [ParOldGen: 1245093K->193662K(1398272K)] 1395574K->193662K(1906688K), [Metaspace: 60507K->60507K(1105920K)], 0.4610413 secs] [Times: user=2.16 sys=0.00, real=0.46 secs] 
4685.093: [GC (Allocation Failure) [PSYoungGen: 326144K->109728K(512512K)] 519806K->303390K(1910784K), 0.0999533 secs] [Times: user=0.59 sys=0.00, real=0.10 secs] 
4686.313: [GC (Allocation Failure) [PSYoungGen: 425125K->146496K(511488K)] 618787K->445911K(1909760K), 0.0514884 secs] [Times: user=0.31 sys=0.00, real=0.05 secs] 
4689.091: [GC (Allocation Failure) [PSYoungGen: 474688K->108672K(437248K)] 774103K->545279K(1835520K), 0.1196024 secs] [Times: user=0.71 sys=0.00, real=0.12 secs] 
4690.427: [GC (Allocation Failure) [PSYoungGen: 436864K->153520K(506880K)] 873471K->694732K(1905152K), 0.0523852 secs] [Times: user=0.31 sys=0.00, real=0.05 secs] 
4695.623: [GC (Allocation Failure) [PSYoungGen: 477616K->94832K(511488K)] 1018828K->788772K(1909760K), 0.1679158 secs] [Times: user=0.99 sys=0.01, real=0.17 secs] 
4696.774: [GC (Allocation Failure) [PSYoungGen: 418928K->152928K(503296K)] 1112868K->937583K(1901568K), 0.0551238 secs] [Times: user=0.33 sys=0.00, real=0.06 secs] 
4700.145: [GC (Allocation Failure) [PSYoungGen: 468832K->92928K(507392K)] 1253487K->1030087K(1905664K), 0.1610663 secs] [Times: user=0.96 sys=0.00, real=0.17 secs] 
4700.779: [GC (Allocation Failure) [PSYoungGen: 408832K->153552K(499712K)] 1345991K->1177200K(1897984K), 0.0550214 secs] [Times: user=0.33 sys=0.00, real=0.05 secs] 
4703.962: [GC (Allocation Failure) [PSYoungGen: 458472K->89328K(503808K)] 1482120K->1266233K(1902080K), 0.1514853 secs] [Times: user=0.91 sys=0.00, real=0.15 secs] 
4705.149: [GC (Allocation Failure) [PSYoungGen: 398064K->147280K(500736K)] 1574969K->1409377K(1899008K), 0.0532472 secs] [Times: user=0.32 sys=0.00, real=0.05 secs] 
4705.203: [Full GC (Ergonomics) [PSYoungGen: 147280K->0K(500736K)] [ParOldGen: 1262097K->206367K(1398272K)] 1409377K->206367K(1899008K), [Metaspace: 60509K->60509K(1105920K)], 0.4702956 secs] [Times: user=2.18 sys=0.00, real=0.47 secs] 
4708.999: [GC (Allocation Failure) [PSYoungGen: 305664K->86192K(502272K)] 512031K->292560K(1900544K), 0.1742621 secs] [Times: user=1.03 sys=0.01, real=0.17 secs] 
4711.045: [GC (Allocation Failure) [PSYoungGen: 391856K->145552K(499712K)] 598224K->433861K(1897984K), 0.0480923 secs] [Times: user=0.29 sys=0.00, real=0.05 secs] 
4712.362: [GC (Allocation Failure) [PSYoungGen: 449168K->100480K(404480K)] 737477K->525856K(1802752K), 0.0626893 secs] [Times: user=0.38 sys=0.00, real=0.06 secs] 
4715.794: [GC (Allocation Failure) [PSYoungGen: 404096K->138640K(500736K)] 829472K->660870K(1899008K), 0.0488081 secs] [Times: user=0.29 sys=0.00, real=0.05 secs] 
4717.529: [GC (Allocation Failure) [PSYoungGen: 444816K->101536K(499712K)] 967046K->753321K(1897984K), 0.0900459 secs] [Times: user=0.53 sys=0.00, real=0.09 secs] 
4720.519: [GC (Allocation Failure) [PSYoungGen: 407712K->138624K(501248K)] 1059497K->889574K(1899520K), 0.0506108 secs] [Times: user=0.30 sys=0.00, real=0.05 secs] 
4722.048: [GC (Allocation Failure) [PSYoungGen: 449920K->103232K(500736K)] 1200870K->983570K(1899008K), 0.0637396 secs] [Times: user=0.37 sys=0.01, real=0.06 secs] 
4724.185: [GC (Allocation Failure) [PSYoungGen: 414528K->141360K(504832K)] 1294866K->1122719K(1903104K), 0.0544010 secs] [Times: user=0.32 sys=0.00, real=0.06 secs] 
4725.872: [GC (Allocation Failure) [PSYoungGen: 459824K->109536K(505856K)] 1441183K->1222763K(1904128K), 0.0753356 secs] [Times: user=0.45 sys=0.00, real=0.08 secs] 
4728.880: [GC (Allocation Failure) [PSYoungGen: 428000K->143104K(506880K)] 1541227K->1363248K(1905152K), 0.0535137 secs] [Times: user=0.31 sys=0.00, real=0.05 secs] 
4732.076: [GC (Allocation Failure) [PSYoungGen: 466688K->108960K(508416K)] 1686832K->1462812K(1906688K), 0.0689965 secs] [Times: user=0.41 sys=0.00, real=0.06 secs] 
4732.145: [Full GC (Ergonomics) [PSYoungGen: 108960K->0K(508416K)] [ParOldGen: 1353852K->32322K(1398272K)] 1462812K->32322K(1906688K), [Metaspace: 60509K->60509K(1105920K)], 0.0560069 secs] [Times: user=0.19 sys=0.00, real=0.06 secs] 
4735.557: [GC (Allocation Failure) [PSYoungGen: 323584K->144592K(509440K)] 355906K->176914K(1907712K), 0.0294017 secs] [Times: user=0.17 sys=0.00, real=0.03 secs] 
4736.989: [GC (Allocation Failure) [PSYoungGen: 472784K->111424K(512000K)] 505106K->278906K(1910272K), 0.0646160 secs] [Times: user=0.39 sys=0.00, real=0.06 secs] 
4739.759: [GC (Allocation Failure) [PSYoungGen: 439616K->150112K(509952K)] 607098K->426351K(1908224K), 0.0531477 secs] [Times: user=0.32 sys=0.00, real=0.05 secs] 
4742.334: [GC (Allocation Failure) [PSYoungGen: 479840K->108928K(514048K)] 756079K->526203K(1912320K), 0.1206946 secs] [Times: user=0.72 sys=0.00, real=0.12 secs] 
4745.072: [GC (Allocation Failure) [PSYoungGen: 438656K->156096K(505856K)] 855931K->677720K(1904128K), 0.0525732 secs] [Times: user=0.31 sys=0.00, real=0.05 secs] 
4747.732: [GC (Allocation Failure) [PSYoungGen: 480192K->108544K(511488K)] 1001816K->777384K(1909760K), 0.1354334 secs] [Times: user=0.73 sys=0.01, real=0.14 secs] 
4749.483: [GC (Allocation Failure) [PSYoungGen: 432640K->167744K(494592K)] 1101480K->941089K(1892864K), 0.0530819 secs] [Times: user=0.31 sys=0.00, real=0.06 secs] 
4752.587: [GC (Allocation Failure) [PSYoungGen: 477504K->90048K(399872K)] 1250849K->1014233K(1798144K), 0.1712713 secs] [Times: user=1.01 sys=0.01, real=0.17 secs] 
4753.861: [GC (Allocation Failure) [PSYoungGen: 398728K->143824K(504320K)] 1322913K->1154255K(1902592K), 0.0501258 secs] [Times: user=0.30 sys=0.00, real=0.05 secs] 
4756.012: [GC (Allocation Failure) [PSYoungGen: 453072K->100048K(409600K)] 1463503K->1245163K(1807872K), 0.1052748 secs] [Times: user=0.62 sys=0.00, real=0.11 secs] 
4758.241: [GC (Allocation Failure) [PSYoungGen: 409296K->144928K(500736K)] 1554411K->1386363K(1899008K), 0.0501157 secs] [Times: user=0.30 sys=0.00, real=0.05 secs] 
4758.291: [Full GC (Ergonomics) [PSYoungGen: 144928K->0K(500736K)] [ParOldGen: 1241435K->191072K(1398272K)] 1386363K->191072K(1899008K), [Metaspace: 60510K->60510K(1105920K)], 0.4418592 secs] [Times: user=2.03 sys=0.00, real=0.44 secs] 
4760.583: [GC (Allocation Failure) [PSYoungGen: 308224K->98369K(501760K)] 499296K->289442K(1900032K), 0.0452888 secs] [Times: user=0.27 sys=0.00, real=0.05 secs] 
4762.933: [GC (Allocation Failure) [PSYoungGen: 406593K->145088K(503296K)] 597666K->430726K(1901568K), 0.0491931 secs] [Times: user=0.29 sys=0.00, real=0.05 secs] 
4764.144: [GC (Allocation Failure) [PSYoungGen: 456896K->103696K(504320K)] 742534K->525450K(1902592K), 0.0635559 secs] [Times: user=0.37 sys=0.00, real=0.07 secs] 
4766.873: [GC (Allocation Failure) [PSYoungGen: 415504K->144080K(504320K)] 837258K->666607K(1902592K), 0.0510672 secs] [Times: user=0.30 sys=0.00, real=0.05 secs] 
4768.143: [GC (Allocation Failure) [PSYoungGen: 458448K->105120K(504832K)] 980975K->762746K(1903104K), 0.0781867 secs] [Times: user=0.47 sys=0.00, real=0.08 secs] 
4770.973: [GC (GCLocker Initiated GC) [PSYoungGen: 419488K->145088K(504832K)] 1077115K->904875K(1903104K), 0.0523408 secs] [Times: user=0.31 sys=0.00, real=0.06 secs] 
4773.912: [GC (Allocation Failure) [PSYoungGen: 462016K->105824K(506368K)] 1221806K->1001706K(1904640K), 0.1002381 secs] [Times: user=0.60 sys=0.00, real=0.10 secs] 
4777.020: [GC (Allocation Failure) [PSYoungGen: 422752K->147472K(505344K)] 1318634K->1146440K(1903616K), 0.0523473 secs] [Times: user=0.31 sys=0.00, real=0.05 secs] 
4779.129: [GC (Allocation Failure) [PSYoungGen: 466448K->107136K(507904K)] 1465416K->1244527K(1906176K), 0.1070443 secs] [Times: user=0.64 sys=0.00, real=0.11 secs] 
4782.018: [GC (Allocation Failure) [PSYoungGen: 426112K->146688K(507392K)] 1563503K->1387516K(1905664K), 0.0530330 secs] [Times: user=0.31 sys=0.00, real=0.05 secs] 
4782.072: [Full GC (Ergonomics) [PSYoungGen: 146688K->0K(507392K)] [ParOldGen: 1240828K->185481K(1398272K)] 1387516K->185481K(1905664K), [Metaspace: 60526K->60526K(1105920K)], 0.4343769 secs] [Times: user=2.01 sys=0.00, real=0.44 secs] 
4783.824: [GC (Allocation Failure) [PSYoungGen: 321536K->105953K(509440K)] 507017K->291434K(1907712K), 0.0520960 secs] [Times: user=0.30 sys=0.00, real=0.06 secs] 
4786.521: [GC (Allocation Failure) [PSYoungGen: 427489K->149984K(506368K)] 612970K->437273K(1904640K), 0.0521134 secs] [Times: user=0.31 sys=0.01, real=0.05 secs] 
4789.260: [GC (Allocation Failure) [PSYoungGen: 471008K->109616K(509952K)] 758297K->537314K(1908224K), 0.1668257 secs] [Times: user=0.99 sys=0.00, real=0.17 secs] 
4790.491: [GC (Allocation Failure) [PSYoungGen: 430640K->151264K(505856K)] 858338K->682886K(1904128K), 0.0534838 secs] [Times: user=0.32 sys=0.01, real=0.05 secs] 
4793.243: [GC (Allocation Failure) [PSYoungGen: 471264K->104464K(509440K)] 1002886K->778639K(1907712K), 0.1658965 secs] [Times: user=0.99 sys=0.00, real=0.17 secs] 
4795.282: [GC (Allocation Failure) [PSYoungGen: 423425K->147760K(507904K)] 1097600K->921875K(1906176K), 0.0513703 secs] [Times: user=0.31 sys=0.00, real=0.05 secs] 
4797.903: [GC (Allocation Failure) [PSYoungGen: 468784K->105184K(509952K)] 1242899K->1017771K(1908224K), 0.1756214 secs] [Times: user=1.05 sys=0.00, real=0.18 secs] 
4798.942: [GC (Allocation Failure) [PSYoungGen: 421942K->146368K(508416K)] 1334530K->1160008K(1906688K), 0.0505586 secs] [Times: user=0.30 sys=0.00, real=0.05 secs] 
4801.447: [GC (Allocation Failure) [PSYoungGen: 467904K->109056K(431104K)] 1481544K->1259824K(1829376K), 0.1704056 secs] [Times: user=1.01 sys=0.01, real=0.17 secs] 
4802.049: [GC (Allocation Failure) [PSYoungGen: 430592K->151776K(504832K)] 1581360K->1407580K(1903104K), 0.0536320 secs] [Times: user=0.32 sys=0.00, real=0.05 secs] 
4802.103: [Full GC (Ergonomics) [PSYoungGen: 151776K->0K(504832K)] [ParOldGen: 1255804K->207147K(1398272K)] 1407580K->207147K(1903104K), [Metaspace: 60526K->60526K(1105920K)], 0.4723644 secs] [Times: user=2.18 sys=0.00, real=0.47 secs] 
4805.853: [GC (Allocation Failure) [PSYoungGen: 319488K->95296K(508928K)] 526635K->302443K(1907200K), 0.1607395 secs] [Times: user=0.96 sys=0.00, real=0.16 secs] 
4806.504: [GC (Allocation Failure) [PSYoungGen: 414784K->152240K(502784K)] 621931K->450966K(1901056K), 0.0547171 secs] [Times: user=0.32 sys=0.00, real=0.06 secs] 
4809.053: [GC (Allocation Failure) [PSYoungGen: 466096K->93088K(506368K)] 764822K->543837K(1904640K), 0.1694395 secs] [Times: user=1.01 sys=0.00, real=0.17 secs] 
4810.162: [GC (Allocation Failure) [PSYoungGen: 406944K->152576K(499712K)] 857693K->690016K(1897984K), 0.0545231 secs] [Times: user=0.33 sys=0.00, real=0.06 secs] 
4813.529: [GC (Allocation Failure) [PSYoungGen: 460288K->89904K(503296K)] 997728K->779581K(1901568K), 0.1605919 secs] [Times: user=0.96 sys=0.00, real=0.16 secs] 
4814.749: [GC (Allocation Failure) [PSYoungGen: 383069K->138192K(499712K)] 1072746K->913958K(1897984K), 0.0720717 secs] [Times: user=0.42 sys=0.01, real=0.07 secs] 
4817.223: [GC (Allocation Failure) [PSYoungGen: 446416K->100240K(501760K)] 1222182K->1005670K(1900032K), 0.1702385 secs] [Times: user=1.02 sys=0.00, real=0.17 secs] 
4819.724: [GC (Allocation Failure) [PSYoungGen: 408464K->145088K(503296K)] 1313894K->1146354K(1901568K), 0.0493460 secs] [Times: user=0.29 sys=0.00, real=0.05 secs] 
4821.415: [GC (Allocation Failure) [PSYoungGen: 457408K->105744K(418304K)] 1458674K->1242639K(1816576K), 0.0699067 secs] [Times: user=0.42 sys=0.00, real=0.07 secs] 
4823.199: [GC (Allocation Failure) [PSYoungGen: 418064K->145376K(502784K)] 1554959K->1383627K(1901056K), 0.0522310 secs] [Times: user=0.31 sys=0.00, real=0.05 secs] 
4823.251: [Full GC (Ergonomics) [PSYoungGen: 145376K->0K(502784K)] [ParOldGen: 1238251K->189456K(1398272K)] 1383627K->189456K(1901056K), [Metaspace: 60526K->59623K(1105920K)], 0.4493341 secs] [Times: user=2.06 sys=0.00, real=0.45 secs] 
4824.751: [GC (Allocation Failure) [PSYoungGen: 313856K->105024K(504320K)] 503312K->294480K(1902592K), 0.0473470 secs] [Times: user=0.28 sys=0.00, real=0.05 secs] 
4826.977: [GC (Allocation Failure) [PSYoungGen: 418880K->145568K(504832K)] 608336K->436472K(1903104K), 0.0509416 secs] [Times: user=0.30 sys=0.00, real=0.05 secs] 
4829.522: [GC (Allocation Failure) [PSYoungGen: 463008K->105664K(506880K)] 753912K->532816K(1905152K), 0.0654266 secs] [Times: user=0.38 sys=0.01, real=0.07 secs] 
4831.413: [GC (Allocation Failure) [PSYoungGen: 423104K->146400K(506368K)] 850256K->675813K(1904640K), 0.0521724 secs] [Times: user=0.31 sys=0.00, real=0.05 secs] 
4833.929: [GC (Allocation Failure) [PSYoungGen: 466400K->108320K(508416K)] 995813K->774389K(1906688K), 0.1507593 secs] [Times: user=0.89 sys=0.01, real=0.15 secs] 
4835.499: [GC (Allocation Failure) [PSYoungGen: 428320K->148128K(506368K)] 1094389K->918834K(1904640K), 0.0523457 secs] [Times: user=0.30 sys=0.01, real=0.05 secs] 
4840.068: [GC (Allocation Failure) [PSYoungGen: 469152K->106960K(509440K)] 1239858K->1016858K(1907712K), 0.1720441 secs] [Times: user=1.02 sys=0.01, real=0.17 secs] 
4842.933: [GC (Allocation Failure) [PSYoungGen: 427984K->148032K(507904K)] 1337882K->1160679K(1906176K), 0.0521489 secs] [Times: user=0.31 sys=0.01, real=0.05 secs] 
4845.455: [GC (Allocation Failure) [PSYoungGen: 470592K->106352K(510464K)] 1483239K->1257967K(1908736K), 0.1692045 secs] [Times: user=1.01 sys=0.00, real=0.17 secs] 
4847.059: [GC (Allocation Failure) [PSYoungGen: 418910K->144304K(509952K)] 1570525K->1398516K(1908224K), 0.0524151 secs] [Times: user=0.31 sys=0.00, real=0.05 secs] 
4847.111: [Full GC (Ergonomics) [PSYoungGen: 144304K->0K(509952K)] [ParOldGen: 1254211K->197269K(1398272K)] 1398516K->197269K(1908224K), [Metaspace: 59623K->59623K(1105920K)], 0.4572362 secs] [Times: user=2.11 sys=0.00, real=0.46 secs] 
4850.102: [GC (Allocation Failure) [PSYoungGen: 324608K->106320K(510976K)] 521877K->303589K(1909248K), 0.0793025 secs] [Times: user=0.46 sys=0.00, real=0.08 secs] 
4851.789: [GC (Allocation Failure) [PSYoungGen: 419280K->145184K(508928K)] 616549K->444633K(1907200K), 0.0496889 secs] [Times: user=0.30 sys=0.00, real=0.05 secs] 
4854.648: [GC (Allocation Failure) [PSYoungGen: 470304K->107984K(510976K)] 769753K->543598K(1909248K), 0.1708674 secs] [Times: user=1.01 sys=0.00, real=0.17 secs] 
4856.495: [GC (Allocation Failure) [PSYoungGen: 433104K->170144K(494080K)] 868718K->709554K(1892352K), 0.0529144 secs] [Times: user=0.31 sys=0.00, real=0.06 secs] 
4859.735: [GC (Allocation Failure) [PSYoungGen: 480928K->93360K(504832K)] 1020338K->785631K(1903104K), 0.1686099 secs] [Times: user=1.01 sys=0.00, real=0.16 secs] 
4860.828: [GC (Allocation Failure) [PSYoungGen: 391972K->139776K(501248K)] 1084243K->921331K(1899520K), 0.0498987 secs] [Times: user=0.30 sys=0.00, real=0.05 secs] 
4863.482: [GC (Allocation Failure) [PSYoungGen: 451072K->101632K(503296K)] 1232627K->1014255K(1901568K), 0.1472686 secs] [Times: user=0.88 sys=0.00, real=0.15 secs] 
4865.493: [GC (Allocation Failure) [PSYoungGen: 412928K->146144K(505344K)] 1325551K->1156044K(1903616K), 0.0496145 secs] [Times: user=0.29 sys=0.00, real=0.05 secs] 
4867.627: [GC (Allocation Failure) [PSYoungGen: 461536K->107392K(422912K)] 1471436K->1254512K(1821184K), 0.1486596 secs] [Times: user=0.88 sys=0.01, real=0.15 secs] 
4868.853: [GC (Allocation Failure) [PSYoungGen: 422784K->147680K(503808K)] 1569904K->1398469K(1902080K), 0.0530243 secs] [Times: user=0.32 sys=0.00, real=0.06 secs] 
4868.906: [Full GC (Ergonomics) [PSYoungGen: 147680K->0K(503808K)] [ParOldGen: 1250789K->197708K(1398272K)] 1398469K->197708K(1902080K), [Metaspace: 59623K->59619K(1105920K)], 0.4703542 secs] [Times: user=2.18 sys=0.00, real=0.47 secs] 
4871.503: [GC (Allocation Failure) [PSYoungGen: 315392K->104560K(505856K)] 513100K->302268K(1904128K), 0.0568344 secs] [Times: user=0.33 sys=0.00, real=0.06 secs] 
4872.952: [GC (Allocation Failure) [PSYoungGen: 419952K->146400K(506368K)] 617660K->444872K(1904640K), 0.0495462 secs] [Times: user=0.29 sys=0.01, real=0.05 secs] 
4875.344: [GC (Allocation Failure) [PSYoungGen: 464864K->105760K(507904K)] 763336K->541577K(1906176K), 0.0911177 secs] [Times: user=0.54 sys=0.00, real=0.09 secs] 
4876.771: [GC (Allocation Failure) [PSYoungGen: 419180K->145744K(506880K)] 854997K->683830K(1905152K), 0.0686521 secs] [Times: user=0.40 sys=0.00, real=0.07 secs] 
4879.999: [GC (Allocation Failure) [PSYoungGen: 465744K->106864K(508416K)] 1003830K->781398K(1906688K), 0.1438633 secs] [Times: user=0.86 sys=0.00, real=0.14 secs] 
4880.747: [GC (Allocation Failure) [PSYoungGen: 416839K->144240K(508416K)] 1091372K->922019K(1906688K), 0.0509344 secs] [Times: user=0.30 sys=0.00, real=0.05 secs] 
4884.622: [GC (Allocation Failure) [PSYoungGen: 466800K->104160K(509440K)] 1244579K->1017202K(1907712K), 0.1632111 secs] [Times: user=0.97 sys=0.00, real=0.16 secs] 
4886.309: [GC (Allocation Failure) [PSYoungGen: 422467K->147712K(508416K)] 1335510K->1160799K(1906688K), 0.0505836 secs] [Times: user=0.30 sys=0.00, real=0.05 secs] 
4888.980: [GC (Allocation Failure) [PSYoungGen: 471296K->106528K(510976K)] 1484383K->1258155K(1909248K), 0.0799661 secs] [Times: user=0.47 sys=0.00, real=0.08 secs] 
4890.510: [GC (Allocation Failure) [PSYoungGen: 420509K->144400K(510464K)] 1572137K->1398981K(1908736K), 0.1371359 secs] [Times: user=0.82 sys=0.01, real=0.14 secs] 
4890.647: [Full GC (Ergonomics) [PSYoungGen: 144400K->0K(510464K)] [ParOldGen: 1254580K->197455K(1398272K)] 1398981K->197455K(1908736K), [Metaspace: 59619K->59619K(1105920K)], 0.5153494 secs] [Times: user=2.45 sys=0.00, real=0.51 secs] 
4893.753: [GC (GCLocker Initiated GC) [PSYoungGen: 325632K->107824K(511488K)] 523087K->305280K(1909760K), 0.0831794 secs] [Times: user=0.49 sys=0.00, real=0.09 secs] 
4894.609: [GC (Allocation Failure) [PSYoungGen: 433456K->183264K(416256K)] 630914K->487194K(1814528K), 0.0542704 secs] [Times: user=0.31 sys=0.00, real=0.05 secs] 
4896.225: [GC (Allocation Failure) [PSYoungGen: 416224K->62336K(465920K)] 720154K->532054K(1864192K), 0.0626526 secs] [Times: user=0.37 sys=0.00, real=0.07 secs] 
4898.264: [GC (Allocation Failure) [PSYoungGen: 295296K->101632K(465920K)] 765014K->631419K(1864192K), 0.0719793 secs] [Times: user=0.41 sys=0.01, real=0.08 secs] 
4900.131: [GC (Allocation Failure) [PSYoungGen: 334592K->118336K(351744K)] 864379K->739791K(1750016K), 0.1525848 secs] [Times: user=0.91 sys=0.00, real=0.15 secs] 
4903.015: [GC (Allocation Failure) [PSYoungGen: 351296K->55040K(458752K)] 972751K->794663K(1857024K), 0.1434516 secs] [Times: user=0.85 sys=0.01, real=0.15 secs] 
4904.505: [GC (Allocation Failure) [PSYoungGen: 285440K->108768K(461312K)] 1025063K->899376K(1859584K), 0.0438962 secs] [Times: user=0.26 sys=0.00, real=0.04 secs] 
4905.620: [GC (Allocation Failure) [PSYoungGen: 339168K->104544K(459776K)] 1129776K->994812K(1858048K), 0.0576469 secs] [Times: user=0.34 sys=0.00, real=0.06 secs] 
4908.926: [GC (Allocation Failure) [PSYoungGen: 350304K->73504K(460800K)] 1240572K->1068196K(1859072K), 0.1047630 secs] [Times: user=0.62 sys=0.00, real=0.10 secs] 
4909.224: [GC (Allocation Failure) [PSYoungGen: 309562K->115296K(465408K)] 1304255K->1177626K(1863680K), 0.0444278 secs] [Times: user=0.27 sys=0.00, real=0.05 secs] 
4910.348: [GC (Allocation Failure) [PSYoungGen: 386144K->87568K(474112K)] 1448474K->1256722K(1872384K), 0.0593133 secs] [Times: user=0.35 sys=0.00, real=0.06 secs] 
4912.543: [GC (Allocation Failure) [PSYoungGen: 358416K->121568K(481280K)] 1527570K->1375879K(1879552K), 0.0557958 secs] [Times: user=0.33 sys=0.00, real=0.06 secs] 
4912.598: [Full GC (Ergonomics) [PSYoungGen: 121568K->0K(481280K)] [ParOldGen: 1254311K->157387K(1398272K)] 1375879K->157387K(1879552K), [Metaspace: 59619K->59619K(1105920K)], 0.3596928 secs] [Times: user=1.65 sys=0.00, real=0.36 secs] 
4915.830: [GC (Allocation Failure) [PSYoungGen: 296448K->107264K(490496K)] 453835K->264651K(1888768K), 0.0384869 secs] [Times: user=0.23 sys=0.00, real=0.04 secs] 
4918.682: [GC (Allocation Failure) [PSYoungGen: 403712K->121984K(495616K)] 561099K->385775K(1893888K), 0.0743187 secs] [Times: user=0.44 sys=0.00, real=0.08 secs] 
4919.895: [GC (Allocation Failure) [PSYoungGen: 439936K->125408K(501248K)] 703727K->501407K(1899520K), 0.0614773 secs] [Times: user=0.36 sys=0.00, real=0.07 secs] 
4922.649: [GC (Allocation Failure) [PSYoungGen: 443360K->127424K(508928K)] 819359K->628480K(1907200K), 0.0707080 secs] [Times: user=0.37 sys=0.00, real=0.07 secs] 
4924.253: [GC (Allocation Failure) [PSYoungGen: 462272K->3312K(338432K)] 963328K->504408K(1736704K), 0.0027164 secs] [Times: user=0.01 sys=0.00, real=0.01 secs] 
4925.323: [GC (Allocation Failure) [PSYoungGen: 338160K->149328K(491008K)] 839256K->652285K(1889280K), 0.0336704 secs] [Times: user=0.20 sys=0.00, real=0.04 secs] 
4928.719: [GC (Allocation Failure) [PSYoungGen: 448848K->100496K(499200K)] 951805K->743673K(1897472K), 0.0653595 secs] [Times: user=0.38 sys=0.00, real=0.06 secs] 
4932.199: [GC (Allocation Failure) [PSYoungGen: 400016K->128800K(497664K)] 1043193K->871001K(1895936K), 0.0673630 secs] [Times: user=0.40 sys=0.00, real=0.07 secs] 
4933.805: [GC (Allocation Failure) [PSYoungGen: 436000K->117472K(498688K)] 1178201K->979317K(1896960K), 0.0628718 secs] [Times: user=0.37 sys=0.00, real=0.06 secs] 
4937.248: [GC (Allocation Failure) [PSYoungGen: 424672K->123616K(504832K)] 1286517K->1102069K(1903104K), 0.0754567 secs] [Times: user=0.45 sys=0.00, real=0.07 secs] 
4940.692: [GC (Allocation Failure) [PSYoungGen: 443104K->124608K(502784K)] 1421557K->1216028K(1901056K), 0.0627608 secs] [Times: user=0.37 sys=0.00, real=0.07 secs] 
4943.799: [GC (Allocation Failure) [PSYoungGen: 444096K->121488K(512000K)] 1535516K->1337533K(1910272K), 0.0802534 secs] [Times: user=0.47 sys=0.01, real=0.08 secs] 
4943.879: [Full GC (Ergonomics) [PSYoungGen: 121488K->0K(512000K)] [ParOldGen: 1216044K->136545K(1398272K)] 1337533K->136545K(1910272K), [Metaspace: 59622K->59622K(1105920K)], 0.3093942 secs] [Times: user=1.42 sys=0.00, real=0.31 secs] 
4945.593: [GC (Allocation Failure) [PSYoungGen: 333824K->126944K(510976K)] 470369K->263489K(1909248K), 0.0459484 secs] [Times: user=0.27 sys=0.00, real=0.05 secs] 
4948.647: [GC (Allocation Failure) [PSYoungGen: 460768K->139360K(516608K)] 597313K->402361K(1914880K), 0.0689131 secs] [Times: user=0.40 sys=0.00, real=0.07 secs] 
4949.878: [GC (Allocation Failure) [PSYoungGen: 480352K->13600K(354816K)] 743353K->276633K(1753088K), 0.0037933 secs] [Times: user=0.02 sys=0.00, real=0.00 secs] 
4952.429: [GC (Allocation Failure) [PSYoungGen: 354592K->154304K(490496K)] 617625K->428926K(1888768K), 0.0336716 secs] [Times: user=0.20 sys=0.00, real=0.03 secs] 
4953.540: [GC (Allocation Failure) [PSYoungGen: 454848K->102688K(499712K)] 729470K->522082K(1897984K), 0.0687261 secs] [Times: user=0.38 sys=0.00, real=0.07 secs] 
4955.210: [GC (Allocation Failure) [PSYoungGen: 403232K->136752K(499712K)] 822626K->656492K(1897984K), 0.0522315 secs] [Times: user=0.31 sys=0.00, real=0.05 secs] 
4956.398: [GC (Allocation Failure) [PSYoungGen: 444464K->105792K(413696K)] 964204K->752411K(1811968K), 0.0630333 secs] [Times: user=0.38 sys=0.00, real=0.06 secs] 
4958.364: [GC (Allocation Failure) [PSYoungGen: 413504K->140096K(497664K)] 1060123K->890416K(1895936K), 0.0553175 secs] [Times: user=0.33 sys=0.01, real=0.06 secs] 
4959.906: [GC (Allocation Failure) [PSYoungGen: 450880K->106576K(500224K)] 1201200K->987601K(1898496K), 0.0635258 secs] [Times: user=0.38 sys=0.00, real=0.06 secs] 
4962.809: [GC (Allocation Failure) [PSYoungGen: 417360K->146016K(501760K)] 1298385K->1131565K(1900032K), 0.0600061 secs] [Times: user=0.35 sys=0.00, real=0.06 secs] 
4963.963: [GC (Allocation Failure) [PSYoungGen: 463968K->111680K(506368K)] 1449517K->1225609K(1904640K), 0.0689720 secs] [Times: user=0.38 sys=0.00, real=0.07 secs] 
4965.940: [GC (Allocation Failure) [PSYoungGen: 429632K->141648K(506368K)] 1543561K->1365326K(1904640K), 0.0593875 secs] [Times: user=0.33 sys=0.01, real=0.06 secs] 
4965.999: [Full GC (Ergonomics) [PSYoungGen: 141648K->0K(506368K)] [ParOldGen: 1223677K->163008K(1398272K)] 1365326K->163008K(1904640K), [Metaspace: 59637K->59637K(1105920K)], 0.3771207 secs] [Times: user=1.74 sys=0.00, real=0.38 secs] 
4968.268: [GC (Allocation Failure) [PSYoungGen: 324096K->111872K(508928K)] 487104K->274880K(1907200K), 0.0376189 secs] [Times: user=0.22 sys=0.00, real=0.04 secs] 
4970.569: [GC (Allocation Failure) [PSYoungGen: 435968K->145760K(507392K)] 598976K->418925K(1905664K), 0.0573303 secs] [Times: user=0.34 sys=0.00, real=0.06 secs] 
4972.928: [GC (Allocation Failure) [PSYoungGen: 473440K->113088K(511488K)] 746605K->523173K(1909760K), 0.0659912 secs] [Times: user=0.39 sys=0.00, real=0.06 secs] 
4975.032: [GC (Allocation Failure) [PSYoungGen: 440768K->149968K(508928K)] 850853K->670427K(1907200K), 0.0549399 secs] [Times: user=0.33 sys=0.00, real=0.06 secs] 
4977.388: [GC (Allocation Failure) [PSYoungGen: 480208K->110272K(514048K)] 1000667K->771666K(1912320K), 0.0841781 secs] [Times: user=0.49 sys=0.01, real=0.08 secs] 
4979.733: [GC (Allocation Failure) [PSYoungGen: 438356K->154608K(506368K)] 1099751K->922747K(1904640K), 0.0536992 secs] [Times: user=0.32 sys=0.00, real=0.06 secs] 
4982.352: [GC (Allocation Failure) [PSYoungGen: 480752K->105920K(512512K)] 1248891K->1019583K(1910784K), 0.1715376 secs] [Times: user=1.02 sys=0.00, real=0.17 secs] 
4983.854: [GC (Allocation Failure) [PSYoungGen: 415902K->145600K(510976K)] 1329566K->1160768K(1909248K), 0.0499359 secs] [Times: user=0.29 sys=0.00, real=0.05 secs] 
4986.875: [GC (Allocation Failure) [PSYoungGen: 472768K->108192K(435712K)] 1487936K->1260032K(1833984K), 0.1667489 secs] [Times: user=0.99 sys=0.00, real=0.17 secs] 
4988.286: [GC (Allocation Failure) [PSYoungGen: 419243K->142976K(510976K)] 1571083K->1399009K(1909248K), 0.0724011 secs] [Times: user=0.43 sys=0.00, real=0.07 secs] 
4988.358: [Full GC (Ergonomics) [PSYoungGen: 142976K->0K(510976K)] [ParOldGen: 1256032K->197422K(1398272K)] 1399009K->197422K(1909248K), [Metaspace: 59639K->59639K(1105920K)], 0.4726493 secs] [Times: user=2.19 sys=0.00, real=0.47 secs] 
4991.306: [GC (Allocation Failure) [PSYoungGen: 328192K->108752K(512000K)] 525614K->306175K(1910272K), 0.0669316 secs] [Times: user=0.40 sys=0.00, real=0.06 secs] 
4992.229: [GC (Allocation Failure) [PSYoungGen: 436944K->152448K(508416K)] 634367K->454483K(1906688K), 0.0714503 secs] [Times: user=0.42 sys=0.00, real=0.07 secs] 
4995.188: [GC (Allocation Failure) [PSYoungGen: 479616K->101488K(513024K)] 781651K->555428K(1911296K), 0.1731687 secs] [Times: user=1.03 sys=0.00, real=0.17 secs] 
4996.080: [GC (Allocation Failure) [PSYoungGen: 428656K->158064K(501248K)] 882596K->707449K(1899520K), 0.0565967 secs] [Times: user=0.34 sys=0.00, real=0.06 secs] 
4999.701: [GC (Allocation Failure) [PSYoungGen: 474992K->91664K(507904K)] 1024377K->798473K(1906176K), 0.1527064 secs] [Times: user=0.91 sys=0.00, real=0.15 secs] 
5000.599: [GC (Allocation Failure) [PSYoungGen: 408592K->154080K(499712K)] 1115401K->945857K(1897984K), 0.0545305 secs] [Times: user=0.33 sys=0.00, real=0.05 secs] 
5004.167: [GC (Allocation Failure) [PSYoungGen: 462816K->89632K(503808K)] 1254593K->1035185K(1902080K), 0.1599807 secs] [Times: user=0.96 sys=0.00, real=0.16 secs] 
5004.866: [GC (Allocation Failure) [PSYoungGen: 398368K->149856K(498176K)] 1343921K->1178642K(1896448K), 0.0538290 secs] [Times: user=0.32 sys=0.00, real=0.05 secs] 
5007.000: [GC (Allocation Failure) [PSYoungGen: 453472K->92320K(501248K)] 1482258K->1270506K(1899520K), 0.1649858 secs] [Times: user=0.99 sys=0.00, real=0.16 secs] 
5007.708: [GC (Allocation Failure) [PSYoungGen: 395936K->145696K(500736K)] 1574122K->1409743K(1899008K), 0.0531006 secs] [Times: user=0.32 sys=0.00, real=0.05 secs] 
5007.761: [Full GC (Ergonomics) [PSYoungGen: 145696K->0K(500736K)] [ParOldGen: 1264047K->208063K(1398272K)] 1409743K->208063K(1899008K), [Metaspace: 59639K->59639K(1105920K)], 0.4684973 secs] [Times: user=2.17 sys=0.00, real=0.47 secs] 
5010.847: [GC (Allocation Failure) [PSYoungGen: 304640K->90192K(501760K)] 512703K->298256K(1900032K), 0.1805620 secs] [Times: user=1.08 sys=0.00, real=0.18 secs] 
5012.093: [GC (Allocation Failure) [PSYoungGen: 390000K->142272K(501760K)] 598063K->436921K(1900032K), 0.0479753 secs] [Times: user=0.28 sys=0.00, real=0.05 secs] 
5014.508: [GC (Allocation Failure) [PSYoungGen: 447936K->98144K(403968K)] 742585K->526177K(1802240K), 0.0959534 secs] [Times: user=0.57 sys=0.00, real=0.09 secs] 
5016.018: [GC (Allocation Failure) [PSYoungGen: 403808K->142928K(499712K)] 831841K->665058K(1897984K), 0.0480237 secs] [Times: user=0.29 sys=0.00, real=0.05 secs] 
5018.199: [GC (Allocation Failure) [PSYoungGen: 449104K->103232K(500224K)] 971234K->758957K(1898496K), 0.0864960 secs] [Times: user=0.51 sys=0.00, real=0.08 secs] 
5019.939: [GC (Allocation Failure) [PSYoungGen: 409408K->151536K(497152K)] 1065133K->907175K(1895424K), 0.0513386 secs] [Times: user=0.31 sys=0.00, real=0.05 secs] 
5022.621: [GC (Allocation Failure) [PSYoungGen: 458224K->97616K(501760K)] 1213863K->987655K(1900032K), 0.0724652 secs] [Times: user=0.43 sys=0.01, real=0.07 secs] 
5024.692: [GC (Allocation Failure) [PSYoungGen: 404304K->141024K(501760K)] 1294343K->1125819K(1900032K), 0.0511995 secs] [Times: user=0.30 sys=0.01, real=0.05 secs] 
5026.229: [GC (Allocation Failure) [PSYoungGen: 452320K->105936K(503808K)] 1437115K->1222484K(1902080K), 0.0699863 secs] [Times: user=0.42 sys=0.00, real=0.07 secs] 
5028.385: [GC (Allocation Failure) [PSYoungGen: 417232K->140864K(503808K)] 1533780K->1360912K(1902080K), 0.0529358 secs] [Times: user=0.31 sys=0.00, real=0.05 secs] 
5028.438: [Full GC (Ergonomics) [PSYoungGen: 140864K->0K(503808K)] [ParOldGen: 1220048K->167566K(1398272K)] 1360912K->167566K(1902080K), [Metaspace: 59639K->59639K(1105920K)], 0.3902226 secs] [Times: user=1.81 sys=0.00, real=0.39 secs] 
5031.099: [GC (Allocation Failure) [PSYoungGen: 315392K->105952K(504320K)] 482958K->273518K(1902592K), 0.0383810 secs] [Times: user=0.22 sys=0.00, real=0.04 secs] 
5033.162: [GC (Allocation Failure) [PSYoungGen: 421344K->142176K(505344K)] 588910K->413879K(1903616K), 0.0532576 secs] [Times: user=0.31 sys=0.01, real=0.05 secs] 
5034.318: [GC (Allocation Failure) [PSYoungGen: 462176K->110816K(506880K)] 733879K->515319K(1905152K), 0.0633911 secs] [Times: user=0.38 sys=0.00, real=0.06 secs] 
5036.918: [GC (Allocation Failure) [PSYoungGen: 430816K->146816K(506368K)] 835319K->659372K(1904640K), 0.0540979 secs] [Times: user=0.32 sys=0.00, real=0.05 secs] 
5038.164: [GC (Allocation Failure) [PSYoungGen: 470400K->108960K(509440K)] 982956K->759120K(1907712K), 0.0642112 secs] [Times: user=0.38 sys=0.00, real=0.07 secs] 
5040.154: [GC (Allocation Failure) [PSYoungGen: 432544K->150368K(508416K)] 1082704K->907008K(1906688K), 0.0539058 secs] [Times: user=0.31 sys=0.01, real=0.06 secs] 
5042.549: [GC (Allocation Failure) [PSYoungGen: 476512K->109856K(512512K)] 1233152K->1008176K(1910784K), 0.1229274 secs] [Times: user=0.73 sys=0.00, real=0.12 secs] 
5044.952: [GC (Allocation Failure) [PSYoungGen: 436000K->150336K(508416K)] 1334320K->1154901K(1906688K), 0.0541427 secs] [Times: user=0.32 sys=0.01, real=0.06 secs] 
5047.152: [GC (Allocation Failure) [PSYoungGen: 475456K->107968K(512000K)] 1480021K->1253869K(1910272K), 0.1238107 secs] [Times: user=0.74 sys=0.01, real=0.13 secs] 
5049.239: [GC (Allocation Failure) [PSYoungGen: 423545K->150208K(508416K)] 1569447K->1400234K(1906688K), 0.0535408 secs] [Times: user=0.32 sys=0.00, real=0.05 secs] 
5049.293: [Full GC (Ergonomics) [PSYoungGen: 150208K->0K(508416K)] [ParOldGen: 1250026K->197917K(1398272K)] 1400234K->197917K(1906688K), [Metaspace: 59639K->59639K(1105920K)], 0.4641498 secs] [Times: user=2.14 sys=0.00, real=0.47 secs] 
5052.399: [GC (Allocation Failure) [PSYoungGen: 324096K->108624K(511488K)] 522013K->306542K(1909760K), 0.0969899 secs] [Times: user=0.58 sys=0.00, real=0.10 secs] 
5053.772: [GC (Allocation Failure) [PSYoungGen: 416822K->144576K(510976K)] 614740K->445038K(1909248K), 0.0500846 secs] [Times: user=0.29 sys=0.00, real=0.05 secs] 
5056.393: [GC (Allocation Failure) [PSYoungGen: 470720K->109152K(435712K)] 771182K->545374K(1833984K), 0.1166404 secs] [Times: user=0.64 sys=0.01, real=0.12 secs] 
5058.069: [GC (Allocation Failure) [PSYoungGen: 435296K->152768K(507392K)] 871518K->693955K(1905664K), 0.0525916 secs] [Times: user=0.31 sys=0.00, real=0.05 secs] 
5059.949: [GC (Allocation Failure) [PSYoungGen: 476864K->100320K(511488K)] 1018051K->793147K(1909760K), 0.1505717 secs] [Times: user=0.89 sys=0.01, real=0.15 secs] 
5060.445: [GC (Allocation Failure) [PSYoungGen: 424416K->155248K(502272K)] 1117243K->942228K(1900544K), 0.0577116 secs] [Times: user=0.34 sys=0.00, real=0.06 secs] 
5066.161: [GC (Allocation Failure) [PSYoungGen: 471152K->92000K(507392K)] 1258132K->1033020K(1905664K), 0.1534385 secs] [Times: user=0.91 sys=0.01, real=0.15 secs] 
5066.893: [GC (Allocation Failure) [PSYoungGen: 407904K->153600K(500224K)] 1348924K->1180397K(1898496K), 0.0557722 secs] [Times: user=0.33 sys=0.00, real=0.06 secs] 
5071.393: [GC (Allocation Failure) [PSYoungGen: 458580K->85120K(394240K)] 1485377K->1265297K(1792512K), 0.1568976 secs] [Times: user=0.93 sys=0.00, real=0.16 secs] 
5072.459: [GC (Allocation Failure) [PSYoungGen: 393856K->147488K(499712K)] 1574033K->1408790K(1897984K), 0.0523545 secs] [Times: user=0.31 sys=0.00, real=0.05 secs] 
5072.512: [Full GC (Ergonomics) [PSYoungGen: 147488K->0K(499712K)] [ParOldGen: 1261302K->206433K(1398272K)] 1408790K->206433K(1897984K), [Metaspace: 59641K->59641K(1105920K)], 0.4776642 secs] [Times: user=2.23 sys=0.00, real=0.48 secs] 
5075.270: [GC (Allocation Failure) [PSYoungGen: 303616K->88016K(501248K)] 510049K->294449K(1899520K), 0.1535805 secs] [Times: user=0.91 sys=0.01, real=0.15 secs] 
5077.258: [GC (Allocation Failure) [PSYoungGen: 391632K->140800K(499712K)] 598065K->430902K(1897984K), 0.0477263 secs] [Times: user=0.28 sys=0.00, real=0.05 secs] 
5079.440: [GC (Allocation Failure) [PSYoungGen: 445440K->100208K(500736K)] 735542K->521999K(1899008K), 0.0840701 secs] [Times: user=0.50 sys=0.00, real=0.08 secs] 
5080.740: [GC (Allocation Failure) [PSYoungGen: 404848K->145104K(499200K)] 826639K->662812K(1897472K), 0.0501664 secs] [Times: user=0.30 sys=0.00, real=0.05 secs] 
5082.245: [GC (Allocation Failure) [PSYoungGen: 451280K->102160K(500736K)] 968988K->755948K(1899008K), 0.0647445 secs] [Times: user=0.39 sys=0.00, real=0.07 secs] 
5084.963: [GC (Allocation Failure) [PSYoungGen: 408336K->139216K(503296K)] 1062124K->892505K(1901568K), 0.0503996 secs] [Times: user=0.30 sys=0.00, real=0.05 secs] 
5086.343: [GC (Allocation Failure) [PSYoungGen: 451024K->104896K(502784K)] 1204313K->988208K(1901056K), 0.0726936 secs] [Times: user=0.43 sys=0.00, real=0.08 secs] 
5088.745: [GC (Allocation Failure) [PSYoungGen: 416704K->144800K(501760K)] 1300016K->1130617K(1900032K), 0.0543742 secs] [Times: user=0.32 sys=0.00, real=0.06 secs] 
5090.644: [GC (Allocation Failure) [PSYoungGen: 459168K->107152K(503808K)] 1444985K->1228666K(1902080K), 0.0777641 secs] [Times: user=0.47 sys=0.00, real=0.08 secs] 
5092.428: [GC (Allocation Failure) [PSYoungGen: 421520K->141568K(507392K)] 1543034K->1367654K(1905664K), 0.0529903 secs] [Times: user=0.31 sys=0.00, real=0.05 secs] 
5092.481: [Full GC (Ergonomics) [PSYoungGen: 141568K->0K(507392K)] [ParOldGen: 1226086K->174993K(1398272K)] 1367654K->174993K(1905664K), [Metaspace: 59641K->59641K(1105920K)], 0.4043358 secs] [Times: user=1.87 sys=0.00, real=0.40 secs] 
5094.682: [GC (GCLocker Initiated GC) [PSYoungGen: 321536K->110784K(507904K)] 496529K->285777K(1906176K), 0.0441037 secs] [Times: user=0.25 sys=0.01, real=0.05 secs] 
5097.269: [GC (Allocation Failure) [PSYoungGen: 432320K->146560K(506880K)] 607365K->429717K(1905152K), 0.0552929 secs] [Times: user=0.32 sys=0.00, real=0.05 secs] 
5098.909: [GC (Allocation Failure) [PSYoungGen: 470656K->111776K(509440K)] 753813K->531810K(1907712K), 0.0829591 secs] [Times: user=0.49 sys=0.00, real=0.08 secs] 
5100.834: [GC (Allocation Failure) [PSYoungGen: 435872K->149568K(508928K)] 855906K->678138K(1907200K), 0.1493896 secs] [Times: user=0.88 sys=0.00, real=0.15 secs] 
5103.396: [GC (Allocation Failure) [PSYoungGen: 476736K->107504K(512512K)] 1005306K->776763K(1910784K), 0.0896218 secs] [Times: user=0.53 sys=0.01, real=0.09 secs] 
5105.248: [GC (Allocation Failure) [PSYoungGen: 431281K->150368K(508928K)] 1100540K->923491K(1907200K), 0.1113794 secs] [Times: user=0.66 sys=0.00, real=0.11 secs] 
5107.899: [GC (Allocation Failure) [PSYoungGen: 476512K->109312K(512512K)] 1249635K->1023723K(1910784K), 0.1582265 secs] [Times: user=0.91 sys=0.01, real=0.16 secs] 
5109.159: [GC (Allocation Failure) [PSYoungGen: 421374K->142608K(512512K)] 1335785K->1162232K(1910784K), 0.0507475 secs] [Times: user=0.30 sys=0.00, real=0.05 secs] 
5111.496: [GC (Allocation Failure) [PSYoungGen: 471312K->112624K(441344K)] 1490936K->1265352K(1839616K), 0.1553059 secs] [Times: user=0.92 sys=0.00, real=0.15 secs] 
5112.285: [GC (Allocation Failure) [PSYoungGen: 441328K->152896K(507904K)] 1594056K->1414680K(1906176K), 0.0541257 secs] [Times: user=0.32 sys=0.01, real=0.05 secs] 
5112.339: [Full GC (Ergonomics) [PSYoungGen: 152896K->0K(507904K)] [ParOldGen: 1261784K->211940K(1398272K)] 1414680K->211940K(1906176K), [Metaspace: 59641K->59641K(1105920K)], 0.4796379 secs] [Times: user=2.22 sys=0.00, real=0.48 secs] 
5116.680: [GC (Allocation Failure) [PSYoungGen: 326656K->97057K(512000K)] 538596K->308997K(1910272K), 0.1234047 secs] [Times: user=0.74 sys=0.00, real=0.12 secs] 
5117.161: [GC (Allocation Failure) [PSYoungGen: 423713K->159152K(500224K)] 635653K->462174K(1898496K), 0.0552662 secs] [Times: user=0.33 sys=0.00, real=0.06 secs] 
5121.440: [GC (Allocation Failure) [PSYoungGen: 474032K->90144K(506880K)] 777054K->552117K(1905152K), 0.1672019 secs] [Times: user=0.99 sys=0.00, real=0.17 secs] 
5121.992: [GC (Allocation Failure) [PSYoungGen: 405024K->153504K(498688K)] 866997K->699754K(1896960K), 0.0538510 secs] [Times: user=0.32 sys=0.00, real=0.06 secs] 
5126.474: [GC (Allocation Failure) [PSYoungGen: 460192K->88208K(502784K)] 1006442K->787835K(1901056K), 0.1678414 secs] [Times: user=1.00 sys=0.00, real=0.17 secs] 
5127.402: [GC (Allocation Failure) [PSYoungGen: 394896K->148352K(499712K)] 1094523K->929977K(1897984K), 0.0526770 secs] [Times: user=0.32 sys=0.00, real=0.05 secs] 
5129.865: [GC (Allocation Failure) [PSYoungGen: 451968K->89680K(501248K)] 1233593K->1019006K(1899520K), 0.1378154 secs] [Times: user=0.82 sys=0.00, real=0.14 secs] 
5130.741: [GC (Allocation Failure) [PSYoungGen: 383656K->138496K(498688K)] 1312981K->1153030K(1896960K), 0.0486790 secs] [Times: user=0.29 sys=0.00, real=0.05 secs] 
5132.460: [GC (Allocation Failure) [PSYoungGen: 443136K->101696K(500224K)] 1457670K->1245906K(1898496K), 0.0906965 secs] [Times: user=0.54 sys=0.00, real=0.09 secs] 
5134.158: [GC (Allocation Failure) [PSYoungGen: 406336K->140112K(501248K)] 1550546K->1382668K(1899520K), 0.0496349 secs] [Times: user=0.30 sys=0.00, real=0.05 secs] 
5134.208: [Full GC (Ergonomics) [PSYoungGen: 140112K->0K(501248K)] [ParOldGen: 1242555K->189249K(1398272K)] 1382668K->189249K(1899520K), [Metaspace: 59642K->59642K(1105920K)], 0.4408943 secs] [Times: user=2.02 sys=0.00, real=0.44 secs] 
5136.643: [GC (Allocation Failure) [PSYoungGen: 309248K->102336K(501248K)] 498497K->291585K(1899520K), 0.0477067 secs] [Times: user=0.28 sys=0.00, real=0.05 secs] 
5137.548: [GC (Allocation Failure) [PSYoungGen: 411584K->142960K(502784K)] 600833K->430679K(1901056K), 0.0501948 secs] [Times: user=0.29 sys=0.00, real=0.05 secs] 
5140.104: [GC (Allocation Failure) [PSYoungGen: 456816K->107552K(503808K)] 744535K->528534K(1902080K), 0.0633832 secs] [Times: user=0.37 sys=0.00, real=0.07 secs] 
5142.967: [GC (Allocation Failure) [PSYoungGen: 421408K->143008K(504320K)] 842390K->668011K(1902592K), 0.0522664 secs] [Times: user=0.30 sys=0.00, real=0.05 secs] 
5144.606: [GC (Allocation Failure) [PSYoungGen: 461472K->109104K(505856K)] 986475K->767476K(1904128K), 0.0642557 secs] [Times: user=0.38 sys=0.00, real=0.06 secs] 
5146.378: [GC (Allocation Failure) [PSYoungGen: 427568K->148928K(505856K)] 1085940K->912600K(1904128K), 0.0527908 secs] [Times: user=0.31 sys=0.01, real=0.05 secs] 
5148.575: [GC (Allocation Failure) [PSYoungGen: 470976K->108032K(509440K)] 1234648K->1011592K(1907712K), 0.0652751 secs] [Times: user=0.39 sys=0.00, real=0.07 secs] 
5150.094: [GC (Allocation Failure) [PSYoungGen: 430080K->151680K(506368K)] 1333640K->1159941K(1904640K), 0.0535747 secs] [Times: user=0.31 sys=0.00, real=0.06 secs] 
5152.146: [GC (Allocation Failure) [PSYoungGen: 473728K->107840K(510464K)] 1481989K->1259181K(1908736K), 0.1667081 secs] [Times: user=0.99 sys=0.01, real=0.16 secs] 
5153.671: [GC (Allocation Failure) [PSYoungGen: 417108K->143040K(510464K)] 1568449K->1398694K(1908736K), 0.0705320 secs] [Times: user=0.42 sys=0.00, real=0.07 secs] 
5153.741: [Full GC (Ergonomics) [PSYoungGen: 143040K->0K(510464K)] [ParOldGen: 1255654K->197662K(1398272K)] 1398694K->197662K(1908736K), [Metaspace: 59680K->59680K(1105920K)], 0.4636418 secs] [Times: user=2.14 sys=0.01, real=0.46 secs] 
5157.184: [GC (Allocation Failure) [PSYoungGen: 325120K->104848K(430080K)] 522782K->302511K(1828352K), 0.1007768 secs] [Times: user=0.60 sys=0.00, real=0.10 secs] 
5158.919: [GC (Allocation Failure) [PSYoungGen: 416970K->146672K(508416K)] 614633K->445196K(1906688K), 0.0498217 secs] [Times: user=0.30 sys=0.00, real=0.05 secs] 
5161.948: [GC (Allocation Failure) [PSYoungGen: 471280K->105792K(510976K)] 769804K->541739K(1909248K), 0.1722549 secs] [Times: user=1.02 sys=0.00, real=0.17 secs] 
5163.870: [GC (Allocation Failure) [PSYoungGen: 419489K->145424K(510464K)] 855436K->682897K(1908736K), 0.0499194 secs] [Times: user=0.29 sys=0.00, real=0.05 secs] 
5167.085: [GC (Allocation Failure) [PSYoungGen: 472080K->104672K(512512K)] 1009553K->778632K(1910784K), 0.1207719 secs] [Times: user=0.72 sys=0.01, real=0.12 secs] 
5167.715: [GC (Allocation Failure) [PSYoungGen: 431328K->155552K(504320K)] 1105288K->930941K(1902592K), 0.0636075 secs] [Times: user=0.38 sys=0.00, real=0.07 secs] 
5171.104: [GC (Allocation Failure) [PSYoungGen: 476576K->95184K(509952K)] 1251965K->1025886K(1908224K), 0.1678262 secs] [Times: user=0.99 sys=0.00, real=0.17 secs] 
5172.334: [GC (Allocation Failure) [PSYoungGen: 416208K->152752K(502272K)] 1346910K->1174174K(1900544K), 0.0570320 secs] [Times: user=0.34 sys=0.00, real=0.06 secs] 
5175.685: [GC (Allocation Failure) [PSYoungGen: 464630K->89824K(506368K)] 1486052K->1263726K(1904640K), 0.1639039 secs] [Times: user=0.97 sys=0.00, real=0.16 secs] 
5176.249: [GC (Allocation Failure) [PSYoungGen: 403680K->150080K(500224K)] 1577582K->1410111K(1898496K), 0.0531364 secs] [Times: user=0.32 sys=0.00, real=0.05 secs] 
5176.303: [Full GC (Ergonomics) [PSYoungGen: 150080K->0K(500224K)] [ParOldGen: 1260031K->209538K(1398272K)] 1410111K->209538K(1898496K), [Metaspace: 59680K->59680K(1105920K)], 0.4828589 secs] [Times: user=2.23 sys=0.01, real=0.49 secs] 
5179.496: [GC (Allocation Failure) [PSYoungGen: 307712K->91616K(503296K)] 517250K->301154K(1901568K), 0.1638688 secs] [Times: user=0.98 sys=0.00, real=0.16 secs] 
5181.210: [GC (Allocation Failure) [PSYoungGen: 391552K->139408K(500224K)] 601091K->436736K(1898496K), 0.0486498 secs] [Times: user=0.29 sys=0.00, real=0.05 secs] 
5182.413: [GC (Allocation Failure) [PSYoungGen: 448144K->99936K(502272K)] 745472K->527703K(1900544K), 0.0943933 secs] [Times: user=0.56 sys=0.00, real=0.10 secs] 
5184.908: [GC (Allocation Failure) [PSYoungGen: 408672K->143872K(502784K)] 836439K->668068K(1901056K), 0.0488713 secs] [Times: user=0.28 sys=0.00, real=0.05 secs] 
5186.918: [GC (Allocation Failure) [PSYoungGen: 456192K->101840K(504320K)] 980388K->760729K(1902592K), 0.0778037 secs] [Times: user=0.46 sys=0.00, real=0.08 secs] 
5189.441: [GC (Allocation Failure) [PSYoungGen: 414160K->143696K(503808K)] 1073049K->900865K(1902080K), 0.0533053 secs] [Times: user=0.31 sys=0.00, real=0.05 secs] 
5191.170: [GC (Allocation Failure) [PSYoungGen: 458576K->106656K(505344K)] 1215745K->998873K(1903616K), 0.0898502 secs] [Times: user=0.53 sys=0.00, real=0.09 secs] 
5195.215: [GC (Allocation Failure) [PSYoungGen: 421536K->143712K(504832K)] 1313753K->1138941K(1903104K), 0.0524904 secs] [Times: user=0.31 sys=0.00, real=0.06 secs] 
5196.350: [GC (Allocation Failure) [PSYoungGen: 461664K->106176K(506368K)] 1456893K->1236302K(1904640K), 0.0647878 secs] [Times: user=0.38 sys=0.00, real=0.06 secs] 
5198.983: [GC (Allocation Failure) [PSYoungGen: 424128K->149984K(504320K)] 1554254K->1382362K(1902592K), 0.0537095 secs] [Times: user=0.32 sys=0.00, real=0.06 secs] 
5199.037: [Full GC (Ergonomics) [PSYoungGen: 149984K->0K(504320K)] [ParOldGen: 1232378K->189953K(1398272K)] 1382362K->189953K(1902592K), [Metaspace: 59680K->59680K(1105920K)], 0.4522781 secs] [Times: user=2.10 sys=0.00, real=0.45 secs] 
5200.592: [GC (Allocation Failure) [PSYoungGen: 319488K->107632K(508416K)] 509441K->297586K(1906688K), 0.0360047 secs] [Times: user=0.21 sys=0.01, real=0.04 secs] 
5203.489: [GC (Allocation Failure) [PSYoungGen: 427120K->148160K(507392K)] 617074K->442191K(1905664K), 0.0518269 secs] [Times: user=0.30 sys=0.00, real=0.05 secs] 
5205.661: [GC (Allocation Failure) [PSYoungGen: 470208K->104512K(510464K)] 764239K->538011K(1908736K), 0.1036297 secs] [Times: user=0.61 sys=0.01, real=0.10 secs] 
5207.853: [GC (Allocation Failure) [PSYoungGen: 426560K->173744K(488448K)] 860059K->707944K(1886720K), 0.0516936 secs] [Times: user=0.30 sys=0.00, real=0.05 secs] 
5211.410: [GC (Allocation Failure) [PSYoungGen: 476336K->96528K(500736K)] 1010536K->770745K(1899008K), 0.1473603 secs] [Times: user=0.87 sys=0.00, real=0.15 secs] 
5213.660: [GC (Allocation Failure) [PSYoungGen: 399120K->142272K(498176K)] 1073337K->909189K(1896448K), 0.0489904 secs] [Times: user=0.29 sys=0.00, real=0.05 secs] 
5214.794: [GC (Allocation Failure) [PSYoungGen: 446400K->103008K(500224K)] 1213317K->1003369K(1898496K), 0.0631641 secs] [Times: user=0.37 sys=0.00, real=0.07 secs] 
5218.356: [GC (Allocation Failure) [PSYoungGen: 407136K->138080K(500736K)] 1307497K->1137793K(1899008K), 0.0509610 secs] [Times: user=0.31 sys=0.00, real=0.05 secs] 
5219.490: [GC (Allocation Failure) [PSYoungGen: 447840K->103568K(501248K)] 1447553K->1232210K(1899520K), 0.0632676 secs] [Times: user=0.38 sys=0.00, real=0.06 secs] 
5222.261: [GC (GCLocker Initiated GC) [PSYoungGen: 413328K->142128K(504320K)] 1541971K->1370872K(1902592K), 0.0523883 secs] [Times: user=0.31 sys=0.00, real=0.05 secs] 
5222.314: [Full GC (Ergonomics) [PSYoungGen: 142128K->0K(504320K)] [ParOldGen: 1228743K->170871K(1398272K)] 1370872K->170871K(1902592K), [Metaspace: 59680K->59680K(1105920K)], 0.4002641 secs] [Times: user=1.84 sys=0.00, real=0.40 secs] 
5223.857: [GC (Allocation Failure) [PSYoungGen: 315904K->109824K(504832K)] 486831K->280751K(1903104K), 0.0399782 secs] [Times: user=0.24 sys=0.00, real=0.04 secs] 
5227.611: [GC (Allocation Failure) [PSYoungGen: 425728K->142064K(506368K)] 596655K->419292K(1904640K), 0.0549477 secs] [Times: user=0.32 sys=0.00, real=0.06 secs] 
5228.808: [GC (Allocation Failure) [PSYoungGen: 463088K->109888K(506880K)] 740316K->519964K(1905152K), 0.0644807 secs] [Times: user=0.38 sys=0.00, real=0.06 secs] 
5232.117: [GC (Allocation Failure) [PSYoungGen: 430912K->145120K(508928K)] 840988K->662808K(1907200K), 0.0536943 secs] [Times: user=0.31 sys=0.01, real=0.05 secs] 
5233.260: [GC (Allocation Failure) [PSYoungGen: 471264K->111584K(510464K)] 988952K->765120K(1908736K), 0.0642286 secs] [Times: user=0.39 sys=0.00, real=0.06 secs] 
5235.501: [GC (Allocation Failure) [PSYoungGen: 437728K->151744K(508928K)] 1091264K->914325K(1907200K), 0.0547865 secs] [Times: user=0.33 sys=0.00, real=0.06 secs] 
5238.103: [GC (Allocation Failure) [PSYoungGen: 479424K->110208K(513024K)] 1242005K->1015729K(1911296K), 0.1651667 secs] [Times: user=0.99 sys=0.00, real=0.17 secs] 
5240.161: [GC (Allocation Failure) [PSYoungGen: 431479K->149568K(509952K)] 1337000K->1161294K(1908224K), 0.0531153 secs] [Times: user=0.32 sys=0.00, real=0.05 secs] 
5242.616: [GC (Allocation Failure) [PSYoungGen: 476736K->109568K(513024K)] 1488462K->1262010K(1911296K), 0.1690732 secs] [Times: user=1.01 sys=0.00, real=0.16 secs] 
5244.147: [GC (Allocation Failure) [PSYoungGen: 436736K->154944K(505344K)] 1589178K->1412563K(1903616K), 0.0531251 secs] [Times: user=0.31 sys=0.00, real=0.05 secs] 
5244.200: [Full GC (Ergonomics) [PSYoungGen: 154944K->0K(505344K)] [ParOldGen: 1257619K->208850K(1398272K)] 1412563K->208850K(1903616K), [Metaspace: 59680K->59680K(1105920K)], 0.5100269 secs] [Times: user=2.38 sys=0.00, real=0.51 secs] 
5247.732: [GC (Allocation Failure) [PSYoungGen: 322048K->94368K(510464K)] 530898K->303218K(1908736K), 0.1660353 secs] [Times: user=0.99 sys=0.01, real=0.17 secs] 
5249.050: [GC (Allocation Failure) [PSYoungGen: 416416K->155520K(501248K)] 625266K->452308K(1899520K), 0.0544545 secs] [Times: user=0.32 sys=0.00, real=0.05 secs] 
5251.992: [GC (Allocation Failure) [PSYoungGen: 468352K->91328K(505856K)] 765140K->543128K(1904128K), 0.1623768 secs] [Times: user=0.92 sys=0.00, real=0.16 secs] 
5253.383: [GC (Allocation Failure) [PSYoungGen: 404160K->151552K(499712K)] 855960K->688453K(1897984K), 0.0532445 secs] [Times: user=0.32 sys=0.00, real=0.06 secs] 
5255.678: [GC (Allocation Failure) [PSYoungGen: 456960K->90208K(502784K)] 993862K->778285K(1901056K), 0.1773673 secs] [Times: user=1.05 sys=0.01, real=0.18 secs] 
5257.370: [GC (Allocation Failure) [PSYoungGen: 384270K->138400K(499200K)] 1072348K->912538K(1897472K), 0.1212915 secs] [Times: user=0.72 sys=0.01, real=0.12 secs] 
5259.620: [GC (Allocation Failure) [PSYoungGen: 445600K->101488K(501248K)] 1219738K->1005263K(1899520K), 0.0853609 secs] [Times: user=0.50 sys=0.00, real=0.09 secs] 
5262.003: [GC (Allocation Failure) [PSYoungGen: 408688K->142848K(503296K)] 1312463K->1144315K(1901568K), 0.0508646 secs] [Times: user=0.30 sys=0.00, real=0.05 secs] 
5263.384: [GC (Allocation Failure) [PSYoungGen: 455168K->104576K(503808K)] 1456635K->1239899K(1902080K), 0.0855782 secs] [Times: user=0.51 sys=0.00, real=0.09 secs] 
5265.295: [GC (Allocation Failure) [PSYoungGen: 416896K->145120K(503296K)] 1552219K->1381203K(1901568K), 0.0519262 secs] [Times: user=0.31 sys=0.00, real=0.06 secs] 
5265.346: [Full GC (Ergonomics) [PSYoungGen: 145120K->0K(503296K)] [ParOldGen: 1236083K->188197K(1398272K)] 1381203K->188197K(1901568K), [Metaspace: 59680K->59680K(1105920K)], 0.4455556 secs] [Times: user=2.07 sys=0.00, real=0.44 secs] 
5267.308: [GC (Allocation Failure) [PSYoungGen: 314880K->107792K(504832K)] 503077K->295990K(1903104K), 0.0325416 secs] [Times: user=0.19 sys=0.00, real=0.03 secs] 
5269.779: [GC (Allocation Failure) [PSYoungGen: 422672K->144144K(505344K)] 610870K->436675K(1903616K), 0.0519422 secs] [Times: user=0.31 sys=0.00, real=0.05 secs] 
5271.314: [GC (Allocation Failure) [PSYoungGen: 463120K->109744K(506880K)] 755651K->537235K(1905152K), 0.0814019 secs] [Times: user=0.49 sys=0.00, real=0.08 secs] 
5273.108: [GC (Allocation Failure) [PSYoungGen: 428720K->149248K(505344K)] 856211K->682783K(1903616K), 0.0525666 secs] [Times: user=0.31 sys=0.00, real=0.05 secs] 
5276.619: [GC (Allocation Failure) [PSYoungGen: 470272K->102656K(508928K)] 1003807K->776279K(1907200K), 0.1341649 secs] [Times: user=0.79 sys=0.01, real=0.13 secs] 
5278.279: [GC (Allocation Failure) [PSYoungGen: 423680K->148800K(506880K)] 1097303K->920980K(1905152K), 0.0503197 secs] [Times: user=0.30 sys=0.00, real=0.05 secs] 
5281.716: [GC (Allocation Failure) [PSYoungGen: 469824K->106048K(509952K)] 1242004K->1017980K(1908224K), 0.1283168 secs] [Times: user=0.76 sys=0.00, real=0.12 secs] 
5282.849: [GC (Allocation Failure) [PSYoungGen: 423990K->146032K(507904K)] 1335922K->1160124K(1906176K), 0.1020502 secs] [Times: user=0.52 sys=0.00, real=0.10 secs] 
5285.240: [GC (Allocation Failure) [PSYoungGen: 468080K->106192K(509952K)] 1482172K->1257004K(1908224K), 0.0730676 secs] [Times: user=0.43 sys=0.01, real=0.07 secs] 
5286.723: [GC (Allocation Failure) [PSYoungGen: 416369K->145216K(508928K)] 1567181K->1397800K(1907200K), 0.0508440 secs] [Times: user=0.30 sys=0.00, real=0.05 secs] 
5286.774: [Full GC (Ergonomics) [PSYoungGen: 145216K->0K(508928K)] [ParOldGen: 1252584K->196234K(1398272K)] 1397800K->196234K(1907200K), [Metaspace: 59680K->59680K(1105920K)], 0.4702801 secs] [Times: user=2.19 sys=0.00, real=0.47 secs] 
5290.233: [GC (Allocation Failure) [PSYoungGen: 323584K->105024K(510464K)] 519818K->301259K(1908736K), 0.0767687 secs] [Times: user=0.45 sys=0.00, real=0.08 secs] 
5291.472: [GC (Allocation Failure) [PSYoungGen: 424544K->146736K(508416K)] 620779K->444116K(1906688K), 0.0499546 secs] [Times: user=0.29 sys=0.00, real=0.05 secs] 
5295.302: [GC (Allocation Failure) [PSYoungGen: 470832K->106336K(510976K)] 768212K->541067K(1909248K), 0.1637561 secs] [Times: user=0.98 sys=0.00, real=0.17 secs] 
5297.316: [GC (Allocation Failure) [PSYoungGen: 418964K->145520K(510464K)] 853696K->682025K(1908736K), 0.0499276 secs] [Times: user=0.30 sys=0.00, real=0.05 secs] 
5301.151: [GC (Allocation Failure) [PSYoungGen: 471664K->106336K(512000K)] 1008169K->779640K(1910272K), 0.1676929 secs] [Times: user=1.00 sys=0.00, real=0.17 secs] 
5302.911: [GC (Allocation Failure) [PSYoungGen: 422345K->145248K(510976K)] 1095650K->921005K(1909248K), 0.0509622 secs] [Times: user=0.31 sys=0.00, real=0.05 secs] 
5305.375: [GC (Allocation Failure) [PSYoungGen: 472416K->108448K(512512K)] 1248173K->1020461K(1910784K), 0.1678198 secs] [Times: user=1.00 sys=0.00, real=0.17 secs] 
5306.887: [GC (Allocation Failure) [PSYoungGen: 435616K->154416K(505856K)] 1347629K->1170999K(1904128K), 0.1264417 secs] [Times: user=0.75 sys=0.00, real=0.12 secs] 
5310.343: [GC (Allocation Failure) [PSYoungGen: 477488K->96512K(510976K)] 1494071K->1267230K(1909248K), 0.1765630 secs] [Times: user=1.05 sys=0.01, real=0.18 secs] 
5311.822: [GC (Allocation Failure) [PSYoungGen: 419584K->155456K(501248K)] 1590302K->1416331K(1899520K), 0.1484594 secs] [Times: user=0.88 sys=0.01, real=0.15 secs] 
5311.970: [Full GC (Ergonomics) [PSYoungGen: 155456K->0K(501248K)] [ParOldGen: 1260875K->214436K(1398272K)] 1416331K->214436K(1899520K), [Metaspace: 59680K->59680K(1105920K)], 0.5327823 secs] [Times: user=2.53 sys=0.00, real=0.53 secs] 
5316.251: [GC (Allocation Failure) [PSYoungGen: 313856K->88992K(506368K)] 528292K->303428K(1904640K), 0.1503595 secs] [Times: user=0.90 sys=0.00, real=0.15 secs] 
5317.224: [GC (Allocation Failure) [PSYoungGen: 402848K->150848K(500224K)] 617284K->448305K(1898496K), 0.0518578 secs] [Times: user=0.31 sys=0.00, real=0.06 secs] 
5320.546: [GC (Allocation Failure) [PSYoungGen: 458560K->91344K(503296K)] 756017K->538989K(1901568K), 0.1608076 secs] [Times: user=0.96 sys=0.00, real=0.16 secs] 
5322.111: [GC (Allocation Failure) [PSYoungGen: 383506K->138288K(499200K)] 831151K->673330K(1897472K), 0.0493253 secs] [Times: user=0.29 sys=0.00, real=0.05 secs] 
5323.649: [GC (Allocation Failure) [PSYoungGen: 447024K->102144K(501760K)] 982066K->766913K(1900032K), 0.0744803 secs] [Times: user=0.44 sys=0.00, real=0.07 secs] 
5326.361: [GC (Allocation Failure) [PSYoungGen: 410880K->141696K(504832K)] 1075649K->904390K(1903104K), 0.0490780 secs] [Times: user=0.29 sys=0.00, real=0.05 secs] 
5328.389: [GC (Allocation Failure) [PSYoungGen: 456576K->104697K(505344K)] 1219270K->999964K(1903616K), 0.0889151 secs] [Times: user=0.52 sys=0.00, real=0.09 secs] 
5330.720: [GC (Allocation Failure) [PSYoungGen: 419577K->144208K(504320K)] 1314844K->1140804K(1902592K), 0.0516422 secs] [Times: user=0.30 sys=0.00, real=0.05 secs] 
5331.875: [GC (Allocation Failure) [PSYoungGen: 461136K->109696K(505856K)] 1457732K->1241407K(1904128K), 0.0647164 secs] [Times: user=0.39 sys=0.00, real=0.07 secs] 
5333.447: [GC (Allocation Failure) [PSYoungGen: 426624K->149920K(503296K)] 1558335K->1387764K(1901568K), 0.0543922 secs] [Times: user=0.32 sys=0.00, real=0.05 secs] 
5333.501: [Full GC (Ergonomics) [PSYoungGen: 149920K->0K(503296K)] [ParOldGen: 1237844K->195192K(1398272K)] 1387764K->195192K(1901568K), [Metaspace: 59734K->59734K(1105920K)], 0.4667673 secs] [Times: user=2.18 sys=0.00, real=0.47 secs] 
5337.365: [GC (Allocation Failure) [PSYoungGen: 318464K->104080K(507392K)] 513656K->299272K(1905664K), 0.0373086 secs] [Times: user=0.22 sys=0.01, real=0.04 secs] 
5339.808: [GC (Allocation Failure) [PSYoungGen: 422544K->147072K(507392K)] 617736K->442957K(1905664K), 0.0505544 secs] [Times: user=0.30 sys=0.00, real=0.05 secs] 
5342.366: [GC (Allocation Failure) [PSYoungGen: 468096K->105248K(426496K)] 763981K->538989K(1824768K), 0.1319270 secs] [Times: user=0.79 sys=0.00, real=0.13 secs] 
5343.433: [GC (Allocation Failure) [PSYoungGen: 418896K->147232K(506880K)] 852638K->682534K(1905152K), 0.0507936 secs] [Times: user=0.30 sys=0.00, real=0.05 secs] 
5346.297: [GC (Allocation Failure) [PSYoungGen: 468256K->102160K(509440K)] 1003558K->775951K(1907712K), 0.1340550 secs] [Times: user=0.78 sys=0.01, real=0.13 secs] 
5347.996: [GC (Allocation Failure) [PSYoungGen: 423184K->149616K(506368K)] 1096975K->921152K(1904640K), 0.0709161 secs] [Times: user=0.42 sys=0.00, real=0.07 secs] 
5350.376: [GC (GCLocker Initiated GC) [PSYoungGen: 469616K->105280K(509440K)] 1241152K->1017731K(1907712K), 0.1478774 secs] [Times: user=0.87 sys=0.00, real=0.14 secs] 
5352.281: [GC (Allocation Failure) [PSYoungGen: 425280K->140800K(508928K)] 1354167K->1171078K(1907200K), 0.2435239 secs] [Times: user=1.45 sys=0.01, real=0.24 secs] 
5355.059: [GC (Allocation Failure) [PSYoungGen: 463360K->100320K(509440K)] 1493638K->1270830K(1907712K), 0.4395277 secs] [Times: user=2.63 sys=0.00, real=0.44 secs] 
5356.123: [GC (GCLocker Initiated GC) [PSYoungGen: 422880K->152816K(503808K)] 1593390K->1417736K(1902080K), 0.0815943 secs] [Times: user=0.49 sys=0.00, real=0.08 secs] 
5356.205: [Full GC (Ergonomics) [PSYoungGen: 152816K->0K(503808K)] [ParOldGen: 1264919K->215273K(1398272K)] 1417736K->215273K(1902080K), [Metaspace: 59750K->59750K(1105920K)], 0.5114474 secs] [Times: user=2.39 sys=0.00, real=0.52 secs] 
5360.242: [GC (Allocation Failure) [PSYoungGen: 318976K->95056K(508928K)] 534252K->310333K(1907200K), 0.1403892 secs] [Times: user=0.83 sys=0.00, real=0.14 secs] 
5360.851: [GC (Allocation Failure) [PSYoungGen: 414032K->154720K(499712K)] 629309K->458741K(1897984K), 0.0555702 secs] [Times: user=0.33 sys=0.00, real=0.06 secs] 
5363.509: [GC (Allocation Failure) [PSYoungGen: 465504K->92064K(504832K)] 769525K->550193K(1903104K), 0.1595812 secs] [Times: user=0.94 sys=0.00, real=0.16 secs] 
5365.110: [GC (Allocation Failure) [PSYoungGen: 402848K->147648K(501760K)] 860977K->691658K(1900032K), 0.0531146 secs] [Times: user=0.31 sys=0.00, real=0.05 secs] 
5367.621: [GC (Allocation Failure) [PSYoungGen: 456384K->90272K(503808K)] 1000394K->781346K(1902080K), 0.1723210 secs] [Times: user=1.03 sys=0.00, real=0.17 secs] 
5368.604: [GC (Allocation Failure) [PSYoungGen: 399008K->149312K(498688K)] 1090082K->924313K(1896960K), 0.0533084 secs] [Times: user=0.32 sys=0.00, real=0.06 secs] 
5371.688: [GC (Allocation Failure) [PSYoungGen: 453952K->89696K(501760K)] 1228953K->1013441K(1900032K), 0.1402283 secs] [Times: user=0.84 sys=0.00, real=0.14 secs] 
5372.972: [GC (Allocation Failure) [PSYoungGen: 391195K->142656K(501760K)] 1314940K->1151886K(1900032K), 0.0492320 secs] [Times: user=0.29 sys=0.00, real=0.05 secs] 
5375.907: [GC (Allocation Failure) [PSYoungGen: 448320K->98480K(404480K)] 1457550K->1241567K(1802752K), 0.0903956 secs] [Times: user=0.54 sys=0.01, real=0.09 secs] 
5377.258: [GC (Allocation Failure) [PSYoungGen: 404144K->149136K(496640K)] 1547231K->1387304K(1894912K), 0.0503750 secs] [Times: user=0.29 sys=0.00, real=0.05 secs] 
5377.308: [Full GC (Ergonomics) [PSYoungGen: 149136K->0K(496640K)] [ParOldGen: 1238167K->185380K(1398272K)] 1387304K->185380K(1894912K), [Metaspace: 59750K->59750K(1105920K)], 0.4392468 secs] [Times: user=2.04 sys=0.00, real=0.44 secs] 
5379.880: [GC (Allocation Failure) [PSYoungGen: 302683K->101328K(499712K)] 488064K->286709K(1897984K), 0.0323943 secs] [Times: user=0.19 sys=0.00, real=0.03 secs] 
5382.008: [GC (Allocation Failure) [PSYoungGen: 404432K->146720K(499712K)] 589813K->430953K(1897984K), 0.0572839 secs] [Times: user=0.34 sys=0.00, real=0.06 secs] 
5383.962: [GC (Allocation Failure) [PSYoungGen: 453408K->101136K(501760K)] 737641K->514846K(1900032K), 0.0628372 secs] [Times: user=0.37 sys=0.01, real=0.06 secs] 
5386.010: [GC (Allocation Failure) [PSYoungGen: 407824K->148160K(499712K)] 821534K->660822K(1897984K), 0.0526787 secs] [Times: user=0.31 sys=0.00, real=0.05 secs] 
5387.465: [GC (Allocation Failure) [PSYoungGen: 455872K->106560K(502784K)] 968534K->750406K(1901056K), 0.0699402 secs] [Times: user=0.41 sys=0.00, real=0.07 secs] 
5390.015: [GC (Allocation Failure) [PSYoungGen: 414272K->137504K(501760K)] 1058118K->886319K(1900032K), 0.0571544 secs] [Times: user=0.34 sys=0.00, real=0.06 secs] 
5391.951: [GC (Allocation Failure) [PSYoungGen: 450336K->107904K(502272K)] 1199151K->984391K(1900544K), 0.0639527 secs] [Times: user=0.37 sys=0.00, real=0.07 secs] 
5394.923: [GC (Allocation Failure) [PSYoungGen: 420736K->140128K(506368K)] 1297223K->1122732K(1904640K), 0.0617613 secs] [Times: user=0.37 sys=0.00, real=0.06 secs] 
5396.718: [GC (Allocation Failure) [PSYoungGen: 460640K->110848K(506368K)] 1443244K->1224452K(1904640K), 0.0668842 secs] [Times: user=0.39 sys=0.00, real=0.06 secs] 
5399.799: [GC (Allocation Failure) [PSYoungGen: 431360K->152256K(504832K)] 1544964K->1375065K(1903104K), 0.0596143 secs] [Times: user=0.35 sys=0.00, real=0.06 secs] 
5400.962: [GC (Allocation Failure) [PSYoungGen: 474816K->111440K(509440K)] 1697625K->1468985K(1907712K), 0.0671791 secs] [Times: user=0.40 sys=0.01, real=0.07 secs] 
5401.029: [Full GC (Ergonomics) [PSYoungGen: 111440K->0K(509440K)] [ParOldGen: 1357544K->29326K(1398272K)] 1468985K->29326K(1907712K), [Metaspace: 59751K->59751K(1105920K)], 0.0514266 secs] [Times: user=0.17 sys=0.00, real=0.05 secs] 
5403.574: [GC (Allocation Failure) [PSYoungGen: 322560K->140944K(512000K)] 351886K->170271K(1910272K), 0.0287259 secs] [Times: user=0.17 sys=0.00, real=0.03 secs] 
5405.260: [GC (Allocation Failure) [PSYoungGen: 469648K->115840K(444928K)] 498975K->276114K(1843200K), 0.0678914 secs] [Times: user=0.41 sys=0.00, real=0.07 secs] 
5408.087: [GC (Allocation Failure) [PSYoungGen: 444544K->147040K(508928K)] 604818K->420863K(1907200K), 0.0543255 secs] [Times: user=0.33 sys=0.00, real=0.05 secs] 
5409.467: [GC (Allocation Failure) [PSYoungGen: 476256K->114064K(511488K)] 750079K->525528K(1909760K), 0.0655708 secs] [Times: user=0.39 sys=0.01, real=0.06 secs] 
5412.626: [GC (Allocation Failure) [PSYoungGen: 443280K->153216K(510464K)] 854744K->674814K(1908736K), 0.0548406 secs] [Times: user=0.32 sys=0.00, real=0.05 secs] 
5414.557: [GC (Allocation Failure) [PSYoungGen: 484480K->112064K(515072K)] 1006078K->777198K(1913344K), 0.1302323 secs] [Times: user=0.77 sys=0.01, real=0.13 secs] 
5415.844: [GC (Allocation Failure) [PSYoungGen: 443328K->156048K(507392K)] 1108462K->928904K(1905664K), 0.0541030 secs] [Times: user=0.32 sys=0.00, real=0.06 secs] 
5418.875: [GC (Allocation Failure) [PSYoungGen: 482192K->98784K(512512K)] 1255048K->1026955K(1910784K), 0.1833012 secs] [Times: user=1.09 sys=0.00, real=0.18 secs] 
5419.566: [GC (Allocation Failure) [PSYoungGen: 424928K->158272K(501248K)] 1353099K->1178468K(1899520K), 0.0575261 secs] [Times: user=0.34 sys=0.00, real=0.05 secs] 
5422.997: [GC (Allocation Failure) [PSYoungGen: 473152K->91488K(406528K)] 1493348K->1269536K(1804800K), 0.1688752 secs] [Times: user=1.01 sys=0.00, real=0.17 secs] 
5423.677: [GC (Allocation Failure) [PSYoungGen: 406368K->150272K(502272K)] 1584416K->1413585K(1900544K), 0.0562672 secs] [Times: user=0.33 sys=0.00, real=0.05 secs] 
5423.733: [Full GC (Ergonomics) [PSYoungGen: 150272K->0K(502272K)] [ParOldGen: 1263313K->217848K(1398272K)] 1413585K->217848K(1900544K), [Metaspace: 59751K->59751K(1105920K)], 0.4880152 secs] [Times: user=2.24 sys=0.00, real=0.49 secs] 
5426.870: [GC (Allocation Failure) [PSYoungGen: 309760K->92880K(504320K)] 527608K->310729K(1902592K), 0.1361643 secs] [Times: user=0.81 sys=0.00, real=0.14 secs] 
5428.541: [GC (Allocation Failure) [PSYoungGen: 402640K->144512K(503808K)] 620489K->449398K(1902080K), 0.1440388 secs] [Times: user=0.86 sys=0.00, real=0.15 secs] 
5432.257: [GC (Allocation Failure) [PSYoungGen: 450866K->90480K(504320K)] 755752K->539387K(1902592K), 0.1515847 secs] [Times: user=0.90 sys=0.00, real=0.15 secs] 
5433.623: [GC (Allocation Failure) [PSYoungGen: 385129K->137984K(501248K)] 834035K->673767K(1899520K), 0.0566211 secs] [Times: user=0.34 sys=0.00, real=0.06 secs] 
5435.910: [GC (Allocation Failure) [PSYoungGen: 448256K->101072K(502784K)] 984039K->766463K(1901056K), 0.1076805 secs] [Times: user=0.64 sys=0.00, real=0.11 secs] 
5437.864: [GC (Allocation Failure) [PSYoungGen: 411344K->145056K(502784K)] 1076735K->907668K(1901056K), 0.0497419 secs] [Times: user=0.29 sys=0.00, real=0.05 secs] 
5439.303: [GC (Allocation Failure) [PSYoungGen: 458400K->106016K(504832K)] 1221012K->1004700K(1903104K), 0.0654598 secs] [Times: user=0.39 sys=0.00, real=0.07 secs] 
5442.962: [GC (Allocation Failure) [PSYoungGen: 419360K->151392K(501760K)] 1318044K->1152224K(1900032K), 0.0519675 secs] [Times: user=0.31 sys=0.00, real=0.05 secs] 
5444.081: [GC (Allocation Failure) [PSYoungGen: 465248K->105472K(505856K)] 1466080K->1240520K(1904128K), 0.0639074 secs] [Times: user=0.37 sys=0.01, real=0.07 secs] 
5446.703: [GC (Allocation Failure) [PSYoungGen: 419328K->145472K(506368K)] 1554376K->1382269K(1904640K), 0.0521217 secs] [Times: user=0.31 sys=0.00, real=0.06 secs] 
5446.756: [Full GC (Ergonomics) [PSYoungGen: 145472K->0K(506368K)] [ParOldGen: 1236797K->189115K(1398272K)] 1382269K->189115K(1904640K), [Metaspace: 59751K->59731K(1105920K)], 0.4533349 secs] [Times: user=2.04 sys=0.00, real=0.45 secs] 
5448.283: [GC (Allocation Failure) [PSYoungGen: 317440K->107664K(425472K)] 506555K->296780K(1823744K), 0.0322602 secs] [Times: user=0.19 sys=0.00, real=0.03 secs] 
5450.552: [GC (Allocation Failure) [PSYoungGen: 425104K->146976K(503808K)] 614220K->439691K(1902080K), 0.0517515 secs] [Times: user=0.30 sys=0.00, real=0.05 secs] 
5452.684: [GC (Allocation Failure) [PSYoungGen: 463904K->105568K(506368K)] 756619K->535835K(1904640K), 0.0973302 secs] [Times: user=0.58 sys=0.00, real=0.10 secs] 
5454.595: [GC (Allocation Failure) [PSYoungGen: 422496K->155872K(501248K)] 852763K->688308K(1899520K), 0.0520093 secs] [Times: user=0.30 sys=0.00, real=0.06 secs] 
5456.384: [GC (Allocation Failure) [PSYoungGen: 470752K->103296K(506880K)] 1003188K->774880K(1905152K), 0.0893130 secs] [Times: user=0.54 sys=0.00, real=0.09 secs] 
5458.545: [GC (Allocation Failure) [PSYoungGen: 418176K->146448K(506368K)] 1089760K->917869K(1904640K), 0.0505519 secs] [Times: user=0.30 sys=0.00, real=0.05 secs] 
5460.093: [GC (Allocation Failure) [PSYoungGen: 463376K->106464K(423424K)] 1234797K->1015069K(1821696K), 0.0653550 secs] [Times: user=0.38 sys=0.01, real=0.07 secs] 
5461.341: [GC (Allocation Failure) [PSYoungGen: 423392K->147600K(504832K)] 1331997K->1159302K(1903104K), 0.0519747 secs] [Times: user=0.30 sys=0.00, real=0.05 secs] 
5463.431: [GC (Allocation Failure) [PSYoungGen: 464016K->105280K(506880K)] 1475718K->1255158K(1905152K), 0.1699490 secs] [Times: user=1.00 sys=0.01, real=0.17 secs] 
5465.275: [GC (Allocation Failure) [PSYoungGen: 421696K->146080K(506368K)] 1571574K->1397186K(1904640K), 0.0513171 secs] [Times: user=0.30 sys=0.00, real=0.06 secs] 
5465.326: [Full GC (Ergonomics) [PSYoungGen: 146080K->0K(506368K)] [ParOldGen: 1251106K->196488K(1398272K)] 1397186K->196488K(1904640K), [Metaspace: 59731K->59731K(1105920K)], 0.4637140 secs] [Times: user=2.15 sys=0.00, real=0.46 secs] 
5468.607: [GC (Allocation Failure) [PSYoungGen: 318464K->103808K(507904K)] 514952K->300296K(1906176K), 0.0585874 secs] [Times: user=0.34 sys=0.00, real=0.06 secs] 
5470.251: [GC (Allocation Failure) [PSYoungGen: 422272K->147120K(506368K)] 618760K->443896K(1904640K), 0.0507445 secs] [Times: user=0.30 sys=0.00, real=0.05 secs] 
5472.481: [GC (Allocation Failure) [PSYoungGen: 466608K->107824K(508416K)] 763384K->542864K(1906688K), 0.1330787 secs] [Times: user=0.79 sys=0.00, real=0.13 secs] 
5473.937: [GC (Allocation Failure) [PSYoungGen: 416258K->143248K(508928K)] 851297K->681897K(1907200K), 0.0497152 secs] [Times: user=0.29 sys=0.00, real=0.05 secs] 
5477.140: [GC (Allocation Failure) [PSYoungGen: 465808K->105024K(509440K)] 1004457K->778256K(1907712K), 0.1485096 secs] [Times: user=0.87 sys=0.01, real=0.15 secs] 
5478.475: [GC (Allocation Failure) [PSYoungGen: 421409K->146464K(508416K)] 1094641K->920605K(1906688K), 0.0502533 secs] [Times: user=0.30 sys=0.00, real=0.06 secs] 
5481.003: [GC (Allocation Failure) [PSYoungGen: 470048K->105792K(510464K)] 1244189K->1017185K(1908736K), 0.1612042 secs] [Times: user=0.96 sys=0.00, real=0.16 secs] 
5482.980: [GC (Allocation Failure) [PSYoungGen: 419696K->145600K(509952K)] 1331089K->1158318K(1908224K), 0.0514249 secs] [Times: user=0.30 sys=0.01, real=0.05 secs] 
5486.103: [GC (Allocation Failure) [PSYoungGen: 471232K->108064K(511488K)] 1483950K->1257498K(1909760K), 0.1639903 secs] [Times: user=0.98 sys=0.00, real=0.17 secs] 
5488.539: [GC (Allocation Failure) [PSYoungGen: 420408K->142784K(510976K)] 1569842K->1396494K(1909248K), 0.0523666 secs] [Times: user=0.31 sys=0.00, real=0.05 secs] 
5488.592: [Full GC (Ergonomics) [PSYoungGen: 142784K->0K(510976K)] [ParOldGen: 1253710K->196351K(1398272K)] 1396494K->196351K(1909248K), [Metaspace: 59731K->59731K(1105920K)], 0.4723456 secs] [Times: user=2.20 sys=0.00, real=0.47 secs] 
5490.517: [GC (Allocation Failure) [PSYoungGen: 327680K->107856K(512000K)] 524031K->304208K(1910272K), 0.0544909 secs] [Times: user=0.32 sys=0.00, real=0.05 secs] 
5492.066: [GC (Allocation Failure) [PSYoungGen: 435536K->153104K(507904K)] 631888K->453356K(1906176K), 0.0514291 secs] [Times: user=0.31 sys=0.00, real=0.05 secs] 
5494.705: [GC (Allocation Failure) [PSYoungGen: 479248K->98320K(512512K)] 779500K->550980K(1910784K), 0.1640294 secs] [Times: user=0.98 sys=0.00, real=0.17 secs] 
5495.343: [GC (Allocation Failure) [PSYoungGen: 424464K->158816K(500736K)] 877124K->703515K(1899008K), 0.0569203 secs] [Times: user=0.33 sys=0.00, real=0.06 secs] 
5500.882: [GC (Allocation Failure) [PSYoungGen: 473696K->89424K(404480K)] 1018395K->792828K(1802752K), 0.1672948 secs] [Times: user=1.00 sys=0.00, real=0.17 secs] 
5501.986: [GC (Allocation Failure) [PSYoungGen: 404304K->152960K(499200K)] 1107708K->939312K(1897472K), 0.0538046 secs] [Times: user=0.32 sys=0.00, real=0.05 secs] 
5505.954: [GC (Allocation Failure) [PSYoungGen: 459648K->86512K(502784K)] 1246000K->1025640K(1901056K), 0.1343141 secs] [Times: user=0.80 sys=0.00, real=0.14 secs] 
5507.231: [GC (Allocation Failure) [PSYoungGen: 380759K->138256K(499712K)] 1319887K->1159849K(1897984K), 0.0486399 secs] [Times: user=0.28 sys=0.01, real=0.05 secs] 
5510.232: [GC (Allocation Failure) [PSYoungGen: 444944K->98560K(501248K)] 1466537K->1249757K(1899520K), 0.0930126 secs] [Times: user=0.56 sys=0.00, real=0.09 secs] 
5512.515: [GC (Allocation Failure) [PSYoungGen: 405248K->144160K(502272K)] 1556445K->1390513K(1900544K), 0.0495651 secs] [Times: user=0.30 sys=0.00, real=0.05 secs] 
5512.564: [Full GC (Ergonomics) [PSYoungGen: 144160K->0K(502272K)] [ParOldGen: 1246353K->188347K(1398272K)] 1390513K->188347K(1900544K), [Metaspace: 59731K->59731K(1105920K)], 0.4448404 secs] [Times: user=2.05 sys=0.00, real=0.45 secs] 
5514.044: [GC (Allocation Failure) [PSYoungGen: 310272K->102752K(503296K)] 498619K->291099K(1901568K), 0.0318599 secs] [Times: user=0.19 sys=0.00, real=0.04 secs] 
5516.055: [GC (Allocation Failure) [PSYoungGen: 413024K->143984K(502272K)] 601371K->431549K(1900544K), 0.0505704 secs] [Times: user=0.30 sys=0.00, real=0.06 secs] 
5518.341: [GC (Allocation Failure) [PSYoungGen: 456304K->104960K(503808K)] 743869K->527800K(1902080K), 0.0626574 secs] [Times: user=0.37 sys=0.00, real=0.06 secs] 
5520.833: [GC (Allocation Failure) [PSYoungGen: 417280K->144256K(503808K)] 840120K->666485K(1902080K), 0.0508308 secs] [Times: user=0.30 sys=0.00, real=0.05 secs] 
5522.325: [GC (Allocation Failure) [PSYoungGen: 460160K->105968K(505344K)] 982389K->763706K(1903616K), 0.0646840 secs] [Times: user=0.37 sys=0.01, real=0.07 secs] 
5525.451: [GC (Allocation Failure) [PSYoungGen: 421872K->143280K(506880K)] 1079610K->904006K(1905152K), 0.0524333 secs] [Times: user=0.32 sys=0.00, real=0.05 secs] 
5527.255: [GC (GCLocker Initiated GC) [PSYoungGen: 463792K->109456K(507904K)] 1224518K->1003654K(1906176K), 0.0682702 secs] [Times: user=0.41 sys=0.00, real=0.07 secs] 
5529.228: [GC (Allocation Failure) [PSYoungGen: 429968K->149056K(505344K)] 1324169K->1149021K(1903616K), 0.0538936 secs] [Times: user=0.32 sys=0.00, real=0.05 secs] 
5531.404: [GC (Allocation Failure) [PSYoungGen: 470592K->107264K(508928K)] 1470557K->1246829K(1907200K), 0.0665428 secs] [Times: user=0.40 sys=0.01, real=0.07 secs] 
5532.766: [GC (Allocation Failure) [PSYoungGen: 428800K->151040K(506368K)] 1568365K->1393882K(1904640K), 0.0530846 secs] [Times: user=0.32 sys=0.00, real=0.05 secs] 
5532.820: [Full GC (Ergonomics) [PSYoungGen: 151040K->0K(506368K)] [ParOldGen: 1242842K->192745K(1398272K)] 1393882K->192745K(1904640K), [Metaspace: 59731K->59731K(1105920K)], 0.4544353 secs] [Times: user=2.10 sys=0.00, real=0.45 secs] 
5535.108: [GC (Allocation Failure) [PSYoungGen: 322048K->107472K(510464K)] 514793K->300218K(1908736K), 0.0932018 secs] [Times: user=0.55 sys=0.00, real=0.09 secs] 
5536.977: [GC (Allocation Failure) [PSYoungGen: 427512K->147072K(508416K)] 620257K->443739K(1906688K), 0.0510916 secs] [Times: user=0.30 sys=0.00, real=0.05 secs] 
5539.149: [GC (Allocation Failure) [PSYoungGen: 470144K->105424K(510976K)] 766811K->540283K(1909248K), 0.1495761 secs] [Times: user=0.88 sys=0.01, real=0.15 secs] 
5541.533: [GC (Allocation Failure) [PSYoungGen: 426719K->146336K(508928K)] 861578K->682279K(1907200K), 0.0504236 secs] [Times: user=0.29 sys=0.00, real=0.05 secs] 
5543.609: [GC (Allocation Failure) [PSYoungGen: 469920K->108672K(432640K)] 1005863K->781915K(1830912K), 0.1724131 secs] [Times: user=1.03 sys=0.00, real=0.17 secs] 
5545.194: [GC (Allocation Failure) [PSYoungGen: 432256K->152640K(506368K)] 1105499K->930339K(1904640K), 0.0524838 secs] [Times: user=0.31 sys=0.00, real=0.06 secs] 
5547.296: [GC (Allocation Failure) [PSYoungGen: 474688K->99568K(510464K)] 1252387K->1029059K(1908736K), 0.1688120 secs] [Times: user=1.01 sys=0.00, real=0.16 secs] 
5548.927: [GC (Allocation Failure) [PSYoungGen: 421616K->153248K(503296K)] 1351107K->1175995K(1901568K), 0.0563152 secs] [Times: user=0.33 sys=0.00, real=0.05 secs] 
5551.372: [GC (Allocation Failure) [PSYoungGen: 469152K->97664K(507392K)] 1491899K->1272827K(1905664K), 0.1713738 secs] [Times: user=1.02 sys=0.00, real=0.17 secs] 
5552.940: [GC (Allocation Failure) [PSYoungGen: 413568K->148000K(504320K)] 1588731K->1414859K(1902592K), 0.1274863 secs] [Times: user=0.76 sys=0.00, real=0.13 secs] 
5553.067: [Full GC (Ergonomics) [PSYoungGen: 148000K->0K(504320K)] [ParOldGen: 1266859K->214313K(1398272K)] 1414859K->214313K(1902592K), [Metaspace: 59731K->59731K(1105920K)], 0.5350429 secs] [Times: user=2.52 sys=0.01, real=0.53 secs] 
5555.836: [GC (Allocation Failure) [PSYoungGen: 313856K->92784K(506368K)] 528169K->307098K(1904640K), 0.1593004 secs] [Times: user=0.94 sys=0.01, real=0.15 secs] 
5556.677: [GC (Allocation Failure) [PSYoungGen: 406640K->150544K(500736K)] 620954K->451037K(1899008K), 0.0786225 secs] [Times: user=0.46 sys=0.00, real=0.08 secs] 
5559.954: [GC (Allocation Failure) [PSYoungGen: 459280K->94688K(503808K)] 759773K->544796K(1902080K), 0.1209630 secs] [Times: user=0.71 sys=0.00, real=0.12 secs] 
5561.459: [GC (Allocation Failure) [PSYoungGen: 403424K->147168K(501248K)] 853532K->685705K(1899520K), 0.1347914 secs] [Times: user=0.80 sys=0.00, real=0.13 secs] 
5564.369: [GC (Allocation Failure) [PSYoungGen: 454880K->89120K(503296K)] 993417K->774297K(1901568K), 0.1366720 secs] [Times: user=0.81 sys=0.00, real=0.14 secs] 
5565.092: [GC (Allocation Failure) [PSYoungGen: 391167K->141984K(502272K)] 1076345K->912894K(1900544K), 0.0491170 secs] [Times: user=0.29 sys=0.00, real=0.05 secs] 
5567.120: [GC (Allocation Failure) [PSYoungGen: 450720K->102208K(411136K)] 1221630K->1006662K(1809408K), 0.0629088 secs] [Times: user=0.38 sys=0.00, real=0.06 secs] 
5569.181: [GC (Allocation Failure) [PSYoungGen: 410944K->141952K(501760K)] 1315398K->1145283K(1900032K), 0.0881116 secs] [Times: user=0.52 sys=0.00, real=0.09 secs] 
5571.388: [GC (Allocation Failure) [PSYoungGen: 452224K->103040K(502272K)] 1455555K->1239659K(1900544K), 0.0636216 secs] [Times: user=0.37 sys=0.00, real=0.06 secs] 
5573.442: [GC (Allocation Failure) [PSYoungGen: 413312K->143984K(502784K)] 1549931K->1379977K(1901056K), 0.0505029 secs] [Times: user=0.30 sys=0.00, real=0.05 secs] 
5573.492: [Full GC (Ergonomics) [PSYoungGen: 143984K->0K(502784K)] [ParOldGen: 1235992K->186087K(1398272K)] 1379977K->186087K(1901056K), [Metaspace: 59731K->59731K(1105920K)], 0.4361793 secs] [Times: user=2.01 sys=0.00, real=0.44 secs] 
5574.979: [GC (Allocation Failure) [PSYoungGen: 313856K->109616K(504320K)] 499943K->295704K(1902592K), 0.0329443 secs] [Times: user=0.19 sys=0.00, real=0.03 secs] 
5577.097: [GC (Allocation Failure) [PSYoungGen: 423472K->153888K(499712K)] 609560K->443998K(1897984K), 0.0529048 secs] [Times: user=0.31 sys=0.00, real=0.05 secs] 
5578.541: [GC (Allocation Failure) [PSYoungGen: 467744K->104512K(505344K)] 757854K->531342K(1903616K), 0.0644271 secs] [Times: user=0.38 sys=0.00, real=0.07 secs] 
5579.948: [GC (Allocation Failure) [PSYoungGen: 418368K->147168K(506368K)] 845198K->675319K(1904640K), 0.0518385 secs] [Times: user=0.31 sys=0.00, real=0.05 secs] 
5581.089: [GC (Allocation Failure) [PSYoungGen: 465120K->107712K(425984K)] 993271K->773915K(1824256K), 0.0661077 secs] [Times: user=0.40 sys=0.00, real=0.07 secs] 
5582.581: [GC (Allocation Failure) [PSYoungGen: 425664K->150944K(503808K)] 1091867K->921520K(1902080K), 0.0525950 secs] [Times: user=0.31 sys=0.01, real=0.05 secs] 
5584.594: [GC (Allocation Failure) [PSYoungGen: 467360K->103808K(507392K)] 1237936K->1016960K(1905664K), 0.0816803 secs] [Times: user=0.48 sys=0.00, real=0.09 secs] 
5587.219: [GC (Allocation Failure) [PSYoungGen: 420224K->148224K(505344K)] 1333376K->1160821K(1903616K), 0.0512871 secs] [Times: user=0.31 sys=0.00, real=0.05 secs] 
5589.623: [GC (Allocation Failure) [PSYoungGen: 465152K->103968K(507904K)] 1477749K->1255669K(1906176K), 0.1371236 secs] [Times: user=0.81 sys=0.01, real=0.14 secs] 
5591.547: [GC (Allocation Failure) [PSYoungGen: 419943K->146720K(505856K)] 1571644K->1398545K(1904128K), 0.0516773 secs] [Times: user=0.31 sys=0.00, real=0.05 secs] 
5591.599: [Full GC (Ergonomics) [PSYoungGen: 146720K->0K(505856K)] [ParOldGen: 1251825K->196204K(1398272K)] 1398545K->196204K(1904128K), [Metaspace: 59731K->59731K(1105920K)], 0.4707439 secs] [Times: user=2.18 sys=0.00, real=0.47 secs] 
5593.407: [GC (Allocation Failure) [PSYoungGen: 317440K->104640K(507904K)] 513644K->300844K(1906176K), 0.0425998 secs] [Times: user=0.24 sys=0.00, real=0.04 secs] 
5596.209: [GC (Allocation Failure) [PSYoungGen: 418759K->146400K(506368K)] 614963K->443273K(1904640K), 0.0496365 secs] [Times: user=0.29 sys=0.00, real=0.05 secs] 
5597.871: [GC (Allocation Failure) [PSYoungGen: 464864K->107040K(507904K)] 761737K->541345K(1906176K), 0.1275099 secs] [Times: user=0.76 sys=0.00, real=0.13 secs] 
5599.983: [GC (Allocation Failure) [PSYoungGen: 416745K->143840K(506880K)] 851050K->681298K(1905152K), 0.0535719 secs] [Times: user=0.32 sys=0.01, real=0.06 secs] 
5603.364: [GC (Allocation Failure) [PSYoungGen: 464352K->104400K(507904K)] 1001810K->777347K(1906176K), 0.1727817 secs] [Times: user=1.03 sys=0.01, real=0.18 secs] 
5605.428: [GC (Allocation Failure) [PSYoungGen: 424791K->146752K(508416K)] 1097737K->920147K(1906688K), 0.0507501 secs] [Times: user=0.30 sys=0.00, real=0.05 secs] 
5607.547: [GC (Allocation Failure) [PSYoungGen: 469824K->104784K(510464K)] 1243219K->1016151K(1908736K), 0.1715050 secs] [Times: user=1.02 sys=0.00, real=0.17 secs] 
5609.369: [GC (Allocation Failure) [PSYoungGen: 415560K->146208K(509952K)] 1326927K->1158572K(1908224K), 0.0513630 secs] [Times: user=0.30 sys=0.00, real=0.05 secs] 
5611.765: [GC (Allocation Failure) [PSYoungGen: 470816K->106848K(431616K)] 1483180K->1256748K(1829888K), 0.1636165 secs] [Times: user=0.97 sys=0.00, real=0.17 secs] 
5614.073: [GC (Allocation Failure) [PSYoungGen: 419711K->144304K(509440K)] 1569611K->1396761K(1907712K), 0.0508559 secs] [Times: user=0.30 sys=0.00, real=0.05 secs] 
5614.123: [Full GC (Ergonomics) [PSYoungGen: 144304K->0K(509440K)] [ParOldGen: 1252456K->196243K(1398272K)] 1396761K->196243K(1907712K), [Metaspace: 59731K->59731K(1105920K)], 0.4558581 secs] [Times: user=2.11 sys=0.00, real=0.46 secs] 
5616.472: [GC (Allocation Failure) [PSYoungGen: 325120K->105952K(510976K)] 521363K->302195K(1909248K), 0.0901160 secs] [Times: user=0.53 sys=0.00, real=0.09 secs] 
5618.117: [GC (Allocation Failure) [PSYoungGen: 419377K->144640K(510464K)] 615621K->443080K(1908736K), 0.0710696 secs] [Times: user=0.42 sys=0.00, real=0.07 secs] 
5621.065: [GC (Allocation Failure) [PSYoungGen: 471808K->109856K(512000K)] 770248K->544488K(1910272K), 0.1712148 secs] [Times: user=1.02 sys=0.00, real=0.18 secs] 
5622.518: [GC (Allocation Failure) [PSYoungGen: 437024K->151632K(507904K)] 871656K->692142K(1906176K), 0.0529787 secs] [Times: user=0.31 sys=0.00, real=0.05 secs] 
5625.603: [GC (Allocation Failure) [PSYoungGen: 477776K->99024K(512512K)] 1018286K->790046K(1910784K), 0.1538520 secs] [Times: user=0.91 sys=0.00, real=0.16 secs] 
5626.814: [GC (Allocation Failure) [PSYoungGen: 425168K->157088K(502272K)] 1116190K->940958K(1900544K), 0.0566625 secs] [Times: user=0.33 sys=0.00, real=0.06 secs] 
5630.508: [GC (Allocation Failure) [PSYoungGen: 474016K->93664K(507904K)] 1257886K->1034174K(1906176K), 0.1731841 secs] [Times: user=1.03 sys=0.00, real=0.17 secs] 
5630.969: [GC (Allocation Failure) [PSYoungGen: 410592K->150816K(501248K)] 1351106K->1178667K(1899520K), 0.0560440 secs] [Times: user=0.33 sys=0.01, real=0.06 secs] 
5633.372: [GC (Allocation Failure) [PSYoungGen: 461600K->93728K(504832K)] 1489451K->1271371K(1903104K), 0.1698295 secs] [Times: user=1.01 sys=0.00, real=0.17 secs] 
5634.222: [GC (Allocation Failure) [PSYoungGen: 404512K->149280K(500736K)] 1582155K->1414024K(1899008K), 0.0550071 secs] [Times: user=0.32 sys=0.00, real=0.06 secs] 
5634.277: [Full GC (Ergonomics) [PSYoungGen: 149280K->0K(500736K)] [ParOldGen: 1264744K->213513K(1398272K)] 1414024K->213513K(1899008K), [Metaspace: 59731K->59731K(1105920K)], 0.4912550 secs] [Times: user=2.29 sys=0.00, real=0.49 secs] 
5637.678: [GC (Allocation Failure) [PSYoungGen: 307350K->88624K(503296K)] 520864K->302138K(1901568K), 0.1522920 secs] [Times: user=0.91 sys=0.00, real=0.15 secs] 
5638.597: [GC (Allocation Failure) [PSYoungGen: 396336K->147120K(500736K)] 609850K->445470K(1899008K), 0.0519625 secs] [Times: user=0.31 sys=0.01, real=0.05 secs] 
5640.543: [GC (Allocation Failure) [PSYoungGen: 452784K->93744K(502272K)] 751134K->538798K(1900544K), 0.1411498 secs] [Times: user=0.84 sys=0.00, real=0.14 secs] 
5641.834: [GC (Allocation Failure) [PSYoungGen: 392332K->140336K(501248K)] 837385K->675011K(1899520K), 0.0497474 secs] [Times: user=0.30 sys=0.00, real=0.05 secs] 
5643.348: [GC (Allocation Failure) [PSYoungGen: 447536K->98720K(501760K)] 982211K->765274K(1900032K), 0.0704658 secs] [Times: user=0.42 sys=0.00, real=0.07 secs] 
5645.403: [GC (Allocation Failure) [PSYoungGen: 405920K->144208K(500224K)] 1072474K->905792K(1898496K), 0.0495723 secs] [Times: user=0.29 sys=0.00, real=0.05 secs] 
5646.895: [GC (Allocation Failure) [PSYoungGen: 452944K->104096K(501760K)] 1214528K->1001175K(1900032K), 0.0638443 secs] [Times: user=0.38 sys=0.00, real=0.07 secs] 
5649.647: [GC (Allocation Failure) [PSYoungGen: 412832K->141760K(502784K)] 1309911K->1139132K(1901056K), 0.0517708 secs] [Times: user=0.30 sys=0.00, real=0.05 secs] 
5650.822: [GC (Allocation Failure) [PSYoungGen: 455104K->105840K(503808K)] 1452476K->1235781K(1902080K), 0.0647598 secs] [Times: user=0.38 sys=0.00, real=0.07 secs] 
5653.192: [GC (Allocation Failure) [PSYoungGen: 419184K->144736K(504320K)] 1549125K->1376929K(1902592K), 0.0521700 secs] [Times: user=0.31 sys=0.00, real=0.05 secs] 
5653.244: [Full GC (Ergonomics) [PSYoungGen: 144736K->0K(504320K)] [ParOldGen: 1232193K->183369K(1398272K)] 1376929K->183369K(1902592K), [Metaspace: 59731K->59731K(1105920K)], 0.4222073 secs] [Times: user=1.95 sys=0.00, real=0.43 secs] 
5654.726: [GC (Allocation Failure) [PSYoungGen: 317440K->107520K(505856K)] 500809K->290889K(1904128K), 0.0334163 secs] [Times: user=0.19 sys=0.00, real=0.03 secs] 
5657.217: [GC (Allocation Failure) [PSYoungGen: 424960K->148576K(504832K)] 608329K->435679K(1903104K), 0.0524933 secs] [Times: user=0.31 sys=0.00, real=0.05 secs] 
5659.971: [GC (Allocation Failure) [PSYoungGen: 468576K->103968K(508416K)] 755679K->530807K(1906688K), 0.1269637 secs] [Times: user=0.75 sys=0.00, real=0.13 secs] 
5662.223: [GC (Allocation Failure) [PSYoungGen: 423968K->149792K(505856K)] 850807K->676984K(1904128K), 0.0509135 secs] [Times: user=0.30 sys=0.00, real=0.05 secs] 
5663.904: [GC (Allocation Failure) [PSYoungGen: 469792K->106368K(509440K)] 996984K->774284K(1907712K), 0.0699419 secs] [Times: user=0.41 sys=0.00, real=0.07 secs] 
5666.190: [GC (Allocation Failure) [PSYoungGen: 426368K->149072K(506368K)] 1094284K->919833K(1904640K), 0.0520882 secs] [Times: user=0.31 sys=0.00, real=0.05 secs] 
5668.188: [GC (Allocation Failure) [PSYoungGen: 469072K->108528K(509440K)] 1239833K->1019201K(1907712K), 0.1731586 secs] [Times: user=1.03 sys=0.00, real=0.17 secs] 
5670.017: [GC (Allocation Failure) [PSYoungGen: 428528K->145088K(507904K)] 1339201K->1160613K(1906176K), 0.0534752 secs] [Times: user=0.32 sys=0.00, real=0.05 secs] 
5671.707: [GC (Allocation Failure) [PSYoungGen: 466624K->109536K(431104K)] 1482149K->1261021K(1829376K), 0.1520712 secs] [Times: user=0.91 sys=0.00, real=0.15 secs] 
5673.675: [GC (Allocation Failure) [PSYoungGen: 431072K->167840K(494080K)] 1582557K->1424014K(1892352K), 0.0545494 secs] [Times: user=0.32 sys=0.00, real=0.06 secs] 
5673.729: [Full GC (Ergonomics) [PSYoungGen: 167840K->0K(494080K)] [ParOldGen: 1256174K->205362K(1398272K)] 1424014K->205362K(1892352K), [Metaspace: 59731K->59731K(1105920K)], 0.4699821 secs] [Times: user=2.19 sys=0.00, real=0.47 secs] 
5677.645: [GC (Allocation Failure) [PSYoungGen: 309760K->87856K(397824K)] 515122K->293219K(1796096K), 0.1815392 secs] [Times: user=1.07 sys=0.01, real=0.19 secs] 
5679.771: [GC (Allocation Failure) [PSYoungGen: 397616K->146240K(501760K)] 602979K->435071K(1900032K), 0.0479704 secs] [Times: user=0.28 sys=0.00, real=0.05 secs] 
5680.932: [GC (Allocation Failure) [PSYoungGen: 452928K->103040K(410112K)] 741759K->529151K(1808384K), 0.0631571 secs] [Times: user=0.37 sys=0.00, real=0.06 secs] 
5683.919: [GC (Allocation Failure) [PSYoungGen: 409728K->141152K(501248K)] 835839K->666556K(1899520K), 0.0492093 secs] [Times: user=0.29 sys=0.00, real=0.05 secs] 
5685.030: [GC (Allocation Failure) [PSYoungGen: 449376K->103952K(500736K)] 974780K->761681K(1899008K), 0.0628182 secs] [Times: user=0.38 sys=0.00, real=0.06 secs] 
5687.902: [GC (Allocation Failure) [PSYoungGen: 412176K->141504K(502784K)] 1069905K->899487K(1901056K), 0.0508448 secs] [Times: user=0.29 sys=0.01, real=0.05 secs] 
5689.740: [GC (Allocation Failure) [PSYoungGen: 454848K->104464K(502784K)] 1212831K->995028K(1901056K), 0.0640646 secs] [Times: user=0.38 sys=0.00, real=0.06 secs] 
5692.780: [GC (Allocation Failure) [PSYoungGen: 417808K->144672K(505344K)] 1308372K->1136088K(1903616K), 0.0512524 secs] [Times: user=0.31 sys=0.00, real=0.05 secs] 
5694.022: [GC (Allocation Failure) [PSYoungGen: 463136K->107104K(506880K)] 1454552K->1234236K(1905152K), 0.0797079 secs] [Times: user=0.47 sys=0.00, real=0.08 secs] 
5696.502: [GC (Allocation Failure) [PSYoungGen: 425568K->148160K(506368K)] 1552700K->1378649K(1904640K), 0.0526679 secs] [Times: user=0.31 sys=0.00, real=0.05 secs] 
5696.555: [Full GC (Ergonomics) [PSYoungGen: 148160K->0K(506368K)] [ParOldGen: 1230489K->186252K(1398272K)] 1378649K->186252K(1904640K), [Metaspace: 59734K->59734K(1105920K)], 0.4676938 secs] [Times: user=2.18 sys=0.00, real=0.47 secs] 
5698.081: [GC (GCLocker Initiated GC) [PSYoungGen: 321024K->108576K(508928K)] 507277K->294829K(1907200K), 0.0332610 secs] [Times: user=0.20 sys=0.00, real=0.03 secs] 
5699.985: [GC (Allocation Failure) [PSYoungGen: 429600K->150112K(506880K)] 615856K->441429K(1905152K), 0.0528351 secs] [Times: user=0.31 sys=0.00, real=0.06 secs] 
5701.387: [GC (Allocation Failure) [PSYoungGen: 472160K->107888K(510464K)] 763477K->540350K(1908736K), 0.0659661 secs] [Times: user=0.39 sys=0.00, real=0.06 secs] 
5702.872: [GC (Allocation Failure) [PSYoungGen: 425192K->145712K(508928K)] 857653K->682615K(1907200K), 0.0515165 secs] [Times: user=0.30 sys=0.00, real=0.05 secs] 
5705.413: [GC (Allocation Failure) [PSYoungGen: 469296K->108336K(432128K)] 1006199K->782043K(1830400K), 0.1289600 secs] [Times: user=0.77 sys=0.01, real=0.13 secs] 
5706.160: [GC (Allocation Failure) [PSYoungGen: 431920K->152832K(505344K)] 1105627K->930687K(1903616K), 0.0518167 secs] [Times: user=0.30 sys=0.00, real=0.05 secs] 
5709.273: [GC (Allocation Failure) [PSYoungGen: 473856K->97344K(509952K)] 1251711K->1027263K(1908224K), 0.1561734 secs] [Times: user=0.94 sys=0.00, real=0.16 secs] 
5710.585: [GC (Allocation Failure) [PSYoungGen: 418368K->169536K(490496K)] 1348287K->1190564K(1888768K), 0.0564353 secs] [Times: user=0.32 sys=0.01, real=0.06 secs] 
5712.680: [GC (Allocation Failure) [PSYoungGen: 472128K->92496K(500736K)] 1493156K->1265717K(1899008K), 0.1382692 secs] [Times: user=0.82 sys=0.00, real=0.14 secs] 
5713.835: [GC (Allocation Failure) [PSYoungGen: 390128K->139072K(495104K)] 1563348K->1398473K(1893376K), 0.0504745 secs] [Times: user=0.29 sys=0.00, real=0.06 secs] 
5713.885: [Full GC (Ergonomics) [PSYoungGen: 139072K->0K(495104K)] [ParOldGen: 1259401K->197063K(1398272K)] 1398473K->197063K(1893376K), [Metaspace: 59734K->59734K(1105920K)], 0.4514668 secs] [Times: user=2.03 sys=0.00, real=0.45 secs] 
5717.012: [GC (Allocation Failure) [PSYoungGen: 303104K->100704K(498176K)] 500167K->297767K(1896448K), 0.0305300 secs] [Times: user=0.18 sys=0.00, real=0.03 secs] 
5719.900: [GC (Allocation Failure) [PSYoungGen: 403808K->137600K(498688K)] 600871K->432172K(1896960K), 0.0478864 secs] [Times: user=0.28 sys=0.00, real=0.05 secs] 
5721.895: [GC (Allocation Failure) [PSYoungGen: 448384K->103328K(501760K)] 742956K->527036K(1900032K), 0.0859721 secs] [Times: user=0.51 sys=0.00, real=0.09 secs] 
5725.464: [GC (Allocation Failure) [PSYoungGen: 414112K->140800K(507392K)] 837820K->663912K(1905664K), 0.0504209 secs] [Times: user=0.30 sys=0.00, real=0.05 secs] 
5727.063: [GC (Allocation Failure) [PSYoungGen: 460288K->109216K(429056K)] 983400K->763712K(1827328K), 0.0630597 secs] [Times: user=0.38 sys=0.00, real=0.07 secs] 
5728.858: [GC (Allocation Failure) [PSYoungGen: 428704K->146944K(504832K)] 1083200K->908473K(1903104K), 0.0542193 secs] [Times: user=0.32 sys=0.00, real=0.05 secs] 
5731.743: [GC (Allocation Failure) [PSYoungGen: 466944K->103920K(507392K)] 1228473K->1003306K(1905664K), 0.0646370 secs] [Times: user=0.38 sys=0.00, real=0.07 secs] 
5734.430: [GC (Allocation Failure) [PSYoungGen: 423920K->148736K(507904K)] 1323306K->1149040K(1906176K), 0.0520989 secs] [Times: user=0.31 sys=0.01, real=0.05 secs] 
5735.694: [GC (Allocation Failure) [PSYoungGen: 471808K->110784K(434176K)] 1472112K->1250328K(1832448K), 0.0663246 secs] [Times: user=0.39 sys=0.00, real=0.07 secs] 
5736.886: [GC (Allocation Failure) [PSYoungGen: 433856K->152000K(505344K)] 1573400K->1398845K(1903616K), 0.0543983 secs] [Times: user=0.32 sys=0.00, real=0.05 secs] 
5736.940: [Full GC (Ergonomics) [PSYoungGen: 152000K->0K(505344K)] [ParOldGen: 1246845K->196615K(1398272K)] 1398845K->196615K(1903616K), [Metaspace: 59734K->59734K(1105920K)], 0.4593567 secs] [Times: user=2.13 sys=0.00, real=0.46 secs] 
5739.736: [GC (Allocation Failure) [PSYoungGen: 321024K->104704K(509952K)] 517639K->301319K(1908224K), 0.0313163 secs] [Times: user=0.19 sys=0.00, real=0.03 secs] 
5741.707: [GC (Allocation Failure) [PSYoungGen: 420986K->146464K(508416K)] 617601K->443944K(1906688K), 0.0492815 secs] [Times: user=0.29 sys=0.00, real=0.05 secs] 
5744.400: [GC (Allocation Failure) [PSYoungGen: 468512K->106176K(428544K)] 765992K->541072K(1826816K), 0.0935122 secs] [Times: user=0.56 sys=0.00, real=0.09 secs] 
5745.735: [GC (Allocation Failure) [PSYoungGen: 416618K->145984K(508416K)] 851514K->682649K(1906688K), 0.0499020 secs] [Times: user=0.30 sys=0.00, real=0.05 secs] 
5747.802: [GC (Allocation Failure) [PSYoungGen: 468544K->107328K(509952K)] 1005209K->780541K(1908224K), 0.1628700 secs] [Times: user=0.96 sys=0.01, real=0.16 secs] 
5748.901: [GC (Allocation Failure) [PSYoungGen: 415126K->143632K(509440K)] 1088339K->920178K(1907712K), 0.0504694 secs] [Times: user=0.30 sys=0.00, real=0.05 secs] 
5750.723: [GC (Allocation Failure) [PSYoungGen: 468240K->107920K(510464K)] 1244786K->1019430K(1908736K), 0.1744598 secs] [Times: user=1.04 sys=0.00, real=0.18 secs] 
5752.397: [GC (Allocation Failure) [PSYoungGen: 417513K->143152K(510976K)] 1329023K->1158771K(1909248K), 0.0511564 secs] [Times: user=0.30 sys=0.00, real=0.05 secs] 
5755.140: [GC (Allocation Failure) [PSYoungGen: 470832K->108672K(511488K)] 1486451K->1258290K(1909760K), 0.1447520 secs] [Times: user=0.74 sys=0.00, real=0.14 secs] 
5756.041: [GC (Allocation Failure) [PSYoungGen: 436352K->155344K(506368K)] 1585970K->1409428K(1904640K), 0.0537377 secs] [Times: user=0.32 sys=0.00, real=0.05 secs] 
5756.095: [Full GC (Ergonomics) [PSYoungGen: 155344K->0K(506368K)] [ParOldGen: 1254083K->208745K(1398272K)] 1409428K->208745K(1904640K), [Metaspace: 59734K->59734K(1105920K)], 0.4880492 secs] [Times: user=2.28 sys=0.00, real=0.49 secs] 
5759.834: [GC (Allocation Failure) [PSYoungGen: 325120K->97728K(512000K)] 533865K->306473K(1910272K), 0.1700402 secs] [Times: user=1.01 sys=0.00, real=0.17 secs] 
5760.730: [GC (Allocation Failure) [PSYoungGen: 422848K->154368K(503296K)] 631593K->454822K(1901568K), 0.0553097 secs] [Times: user=0.33 sys=0.00, real=0.06 secs] 
5764.408: [GC (Allocation Failure) [PSYoungGen: 471296K->94144K(507904K)] 771750K->548222K(1906176K), 0.1604440 secs] [Times: user=0.96 sys=0.00, real=0.16 secs] 
5765.252: [GC (Allocation Failure) [PSYoungGen: 411072K->168560K(488960K)] 865150K->710324K(1887232K), 0.0563252 secs] [Times: user=0.33 sys=0.00, real=0.06 secs] 
5767.413: [GC (Allocation Failure) [PSYoungGen: 467056K->98080K(498688K)] 1008820K->791371K(1896960K), 0.1469142 secs] [Times: user=0.87 sys=0.00, real=0.15 secs] 
5768.387: [GC (Allocation Failure) [PSYoungGen: 396576K->145584K(497664K)] 1089867K->923000K(1895936K), 0.0522086 secs] [Times: user=0.30 sys=0.00, real=0.05 secs] 
5770.557: [GC (Allocation Failure) [PSYoungGen: 446128K->86368K(499200K)] 1223544K->1009104K(1897472K), 0.1409691 secs] [Times: user=0.83 sys=0.01, real=0.14 secs] 
5772.529: [GC (GCLocker Initiated GC) [PSYoungGen: 386912K->140464K(497152K)] 1309651K->1145945K(1895424K), 0.0476047 secs] [Times: user=0.28 sys=0.00, real=0.05 secs] 
5773.652: [GC (Allocation Failure) [PSYoungGen: 442032K->98688K(498688K)] 1447562K->1235609K(1896960K), 0.0628752 secs] [Times: user=0.37 sys=0.00, real=0.06 secs] 
5776.238: [GC (Allocation Failure) [PSYoungGen: 400256K->140096K(501248K)] 1537177K->1372246K(1899520K), 0.0500914 secs] [Times: user=0.30 sys=0.00, real=0.05 secs] 
5776.288: [Full GC (Ergonomics) [PSYoungGen: 140096K->0K(501248K)] [ParOldGen: 1232150K->179722K(1398272K)] 1372246K->179722K(1899520K), [Metaspace: 59734K->59734K(1105920K)], 0.4295657 secs] [Times: user=2.00 sys=0.00, real=0.43 secs] 
5777.754: [GC (Allocation Failure) [PSYoungGen: 306688K->102848K(500736K)] 486410K->282570K(1899008K), 0.0333433 secs] [Times: user=0.20 sys=0.00, real=0.04 secs] 
5780.571: [GC (Allocation Failure) [PSYoungGen: 409536K->141024K(500224K)] 589258K->420803K(1898496K), 0.0517782 secs] [Times: user=0.30 sys=0.00, real=0.05 secs] 
5781.700: [GC (Allocation Failure) [PSYoungGen: 450784K->104096K(500736K)] 730563K->515583K(1899008K), 0.0641178 secs] [Times: user=0.38 sys=0.00, real=0.06 secs] 
5783.558: [GC (Allocation Failure) [PSYoungGen: 413856K->150752K(500736K)] 825343K->664451K(1899008K), 0.0571911 secs] [Times: user=0.34 sys=0.01, real=0.05 secs] 
5784.935: [GC (GCLocker Initiated GC) [PSYoungGen: 464096K->105824K(504832K)] 977795K->753227K(1903104K), 0.0649362 secs] [Times: user=0.39 sys=0.00, real=0.07 secs] 
5787.048: [GC (Allocation Failure) [PSYoungGen: 419168K->143056K(507392K)] 1066574K->893876K(1905664K), 0.0548276 secs] [Times: user=0.32 sys=0.00, real=0.05 secs] 
5790.082: [GC (Allocation Failure) [PSYoungGen: 462032K->104848K(507904K)] 1212852K->989064K(1906176K), 0.0646957 secs] [Times: user=0.38 sys=0.00, real=0.07 secs] 
5792.893: [GC (Allocation Failure) [PSYoungGen: 423824K->145984K(505856K)] 1308040K->1132492K(1904128K), 0.0538516 secs] [Times: user=0.32 sys=0.00, real=0.06 secs] 
5794.076: [GC (Allocation Failure) [PSYoungGen: 465472K->109568K(507904K)] 1451980K->1233016K(1906176K), 0.0652371 secs] [Times: user=0.38 sys=0.00, real=0.06 secs] 
5796.863: [GC (Allocation Failure) [PSYoungGen: 429056K->144640K(507392K)] 1552504K->1375133K(1905664K), 0.0543146 secs] [Times: user=0.32 sys=0.00, real=0.06 secs] 
5796.917: [Full GC (Ergonomics) [PSYoungGen: 144640K->0K(507392K)] [ParOldGen: 1230493K->172943K(1398272K)] 1375133K->172943K(1905664K), [Metaspace: 59734K->59734K(1105920K)], 0.4013678 secs] [Times: user=1.84 sys=0.00, real=0.40 secs] 
5798.845: [GC (Allocation Failure) [PSYoungGen: 322560K->111072K(508928K)] 495503K->284015K(1907200K), 0.0351450 secs] [Times: user=0.21 sys=0.00, real=0.03 secs] 
5800.095: [GC (Allocation Failure) [PSYoungGen: 433632K->147744K(507392K)] 606575K->429532K(1905664K), 0.0553766 secs] [Times: user=0.32 sys=0.01, real=0.06 secs] 
5802.764: [GC (Allocation Failure) [PSYoungGen: 472352K->108880K(510464K)] 754140K->528853K(1908736K), 0.0788319 secs] [Times: user=0.47 sys=0.01, real=0.08 secs] 
5804.767: [GC (Allocation Failure) [PSYoungGen: 433488K->149408K(508928K)] 853461K->674545K(1907200K), 0.0527059 secs] [Times: user=0.31 sys=0.00, real=0.05 secs] 
5807.563: [GC (Allocation Failure) [PSYoungGen: 475552K->111584K(512512K)] 1000689K->776425K(1910784K), 0.0659415 secs] [Times: user=0.39 sys=0.00, real=0.07 secs] 
5809.257: [GC (Allocation Failure) [PSYoungGen: 436463K->149472K(509440K)] 1101304K->922142K(1907712K), 0.0535166 secs] [Times: user=0.32 sys=0.00, real=0.05 secs] 
5812.589: [GC (Allocation Failure) [PSYoungGen: 476128K->106672K(512512K)] 1248798K->1019135K(1910784K), 0.1228709 secs] [Times: user=0.73 sys=0.00, real=0.12 secs] 
5814.194: [GC (Allocation Failure) [PSYoungGen: 433328K->154096K(505856K)] 1345791K->1168740K(1904128K), 0.0521868 secs] [Times: user=0.31 sys=0.01, real=0.06 secs] 
5816.091: [GC (Allocation Failure) [PSYoungGen: 476144K->101120K(510464K)] 1490788K->1268575K(1908736K), 0.1078036 secs] [Times: user=0.64 sys=0.00, real=0.11 secs] 
5816.612: [GC (Allocation Failure) [PSYoungGen: 423168K->154624K(502272K)] 1590623K->1417296K(1900544K), 0.0572408 secs] [Times: user=0.33 sys=0.01, real=0.06 secs] 
5816.670: [Full GC (Ergonomics) [PSYoungGen: 154624K->0K(502272K)] [ParOldGen: 1262672K->215722K(1398272K)] 1417296K->215722K(1900544K), [Metaspace: 59734K->59734K(1105920K)], 0.5041282 secs] [Times: user=2.32 sys=0.00, real=0.50 secs] 
5820.304: [GC (Allocation Failure) [PSYoungGen: 314880K->92128K(506880K)] 530602K->307850K(1905152K), 0.1295180 secs] [Times: user=0.76 sys=0.01, real=0.13 secs] 
5821.125: [GC (Allocation Failure) [PSYoungGen: 407008K->150432K(501760K)] 622730K->452111K(1900032K), 0.0532348 secs] [Times: user=0.32 sys=0.00, real=0.06 secs] 
5823.567: [GC (Allocation Failure) [PSYoungGen: 460192K->106652K(416768K)] 761871K->557595K(1815040K), 0.1209568 secs] [Times: user=0.72 sys=0.00, real=0.12 secs] 
5823.994: [GC (Allocation Failure) [PSYoungGen: 416412K->149600K(501760K)] 867355K->689068K(1900032K), 0.0541787 secs] [Times: user=0.32 sys=0.00, real=0.06 secs] 
5827.286: [GC (Allocation Failure) [PSYoungGen: 459872K->89808K(503808K)] 999340K->778460K(1902080K), 0.1639635 secs] [Times: user=0.92 sys=0.00, real=0.16 secs] 
5828.638: [GC (Allocation Failure) [PSYoungGen: 400080K->148576K(501248K)] 1088732K->921064K(1899520K), 0.0526869 secs] [Times: user=0.31 sys=0.00, real=0.05 secs] 
5831.821: [GC (Allocation Failure) [PSYoungGen: 456288K->88160K(503296K)] 1228776K->1008981K(1901568K), 0.1632459 secs] [Times: user=0.98 sys=0.00, real=0.16 secs] 
5833.132: [GC (Allocation Failure) [PSYoungGen: 391382K->144288K(502272K)] 1312203K->1149153K(1900544K), 0.0492740 secs] [Times: user=0.29 sys=0.00, real=0.05 secs] 
5834.786: [GC (Allocation Failure) [PSYoungGen: 450976K->99088K(406016K)] 1455841K->1239490K(1804288K), 0.1001336 secs] [Times: user=0.59 sys=0.00, real=0.10 secs] 
5837.085: [GC (Allocation Failure) [PSYoungGen: 405776K->144352K(499712K)] 1546178K->1380142K(1897984K), 0.0506210 secs] [Times: user=0.30 sys=0.00, real=0.06 secs] 
5837.135: [Full GC (Ergonomics) [PSYoungGen: 144352K->0K(499712K)] [ParOldGen: 1235790K->188793K(1398272K)] 1380142K->188793K(1897984K), [Metaspace: 59734K->59734K(1105920K)], 0.4540245 secs] [Times: user=2.10 sys=0.00, real=0.45 secs] 
5838.620: [GC (Allocation Failure) [PSYoungGen: 306176K->102192K(500736K)] 494969K->290985K(1899008K), 0.0317642 secs] [Times: user=0.18 sys=0.00, real=0.03 secs] 
5841.395: [GC (Allocation Failure) [PSYoungGen: 408368K->138752K(503296K)] 597161K->426294K(1901568K), 0.0498975 secs] [Times: user=0.29 sys=0.00, real=0.05 secs] 
5843.449: [GC (Allocation Failure) [PSYoungGen: 450560K->103520K(502272K)] 738102K->520806K(1900544K), 0.0619276 secs] [Times: user=0.36 sys=0.00, real=0.06 secs] 
5845.405: [GC (Allocation Failure) [PSYoungGen: 415328K->143376K(502784K)] 832614K->661452K(1901056K), 0.0516450 secs] [Times: user=0.30 sys=0.01, real=0.06 secs] 
5846.699: [GC (Allocation Failure) [PSYoungGen: 458768K->107056K(504320K)] 976844K->758780K(1902592K), 0.0641151 secs] [Times: user=0.38 sys=0.00, real=0.06 secs] 
5848.815: [GC (Allocation Failure) [PSYoungGen: 422448K->147072K(505344K)] 1074172K->903024K(1903616K), 0.0530200 secs] [Times: user=0.32 sys=0.00, real=0.06 secs] 
5850.973: [GC (Allocation Failure) [PSYoungGen: 467072K->108512K(507904K)] 1223024K->1002896K(1906176K), 0.0648194 secs] [Times: user=0.39 sys=0.00, real=0.07 secs] 
5853.001: [GC (Allocation Failure) [PSYoungGen: 428512K->145568K(508416K)] 1322896K->1145293K(1906688K), 0.0616961 secs] [Times: user=0.37 sys=0.00, real=0.06 secs] 
5855.578: [GC (Allocation Failure) [PSYoungGen: 469152K->108320K(510464K)] 1468877K->1244389K(1908736K), 0.0878386 secs] [Times: user=0.53 sys=0.00, real=0.09 secs] 
5857.687: [GC (Allocation Failure) [PSYoungGen: 431904K->149888K(507392K)] 1567973K->1390950K(1905664K), 0.0542160 secs] [Times: user=0.32 sys=0.00, real=0.05 secs] 
5857.741: [Full GC (Ergonomics) [PSYoungGen: 149888K->0K(507392K)] [ParOldGen: 1241062K->189315K(1398272K)] 1390950K->189315K(1905664K), [Metaspace: 59734K->59734K(1105920K)], 0.4464095 secs] [Times: user=2.04 sys=0.00, real=0.45 secs] 
5860.086: [GC (Allocation Failure) [PSYoungGen: 323584K->110512K(510976K)] 512899K->299828K(1909248K), 0.0406181 secs] [Times: user=0.23 sys=0.01, real=0.04 secs] 
5862.652: [GC (Allocation Failure) [PSYoungGen: 434096K->147168K(508928K)] 623412K->443381K(1907200K), 0.0527279 secs] [Times: user=0.31 sys=0.00, real=0.05 secs] 
5866.105: [GC (Allocation Failure) [PSYoungGen: 472288K->107024K(511488K)] 768501K->541422K(1909760K), 0.1331242 secs] [Times: user=0.79 sys=0.00, real=0.14 secs] 
5867.972: [GC (Allocation Failure) [PSYoungGen: 419319K->144608K(510976K)] 853716K->681894K(1909248K), 0.0508361 secs] [Times: user=0.30 sys=0.00, real=0.05 secs] 
5870.600: [GC (Allocation Failure) [PSYoungGen: 471776K->108960K(436224K)] 1009062K->781742K(1834496K), 0.1641019 secs] [Times: user=0.98 sys=0.00, real=0.16 secs] 
5871.722: [GC (Allocation Failure) [PSYoungGen: 436128K->155264K(505344K)] 1108910K->932743K(1903616K), 0.0522687 secs] [Times: user=0.31 sys=0.01, real=0.05 secs] 
5874.719: [GC (Allocation Failure) [PSYoungGen: 478336K->94704K(510976K)] 1255815K->1027007K(1909248K), 0.1658249 secs] [Times: user=0.98 sys=0.01, real=0.17 secs] 
5875.603: [GC (Allocation Failure) [PSYoungGen: 417776K->155552K(501248K)] 1350079K->1176111K(1899520K), 0.0546845 secs] [Times: user=0.32 sys=0.00, real=0.06 secs] 
5878.508: [GC (Allocation Failure) [PSYoungGen: 469408K->96224K(506368K)] 1489967K->1271999K(1904640K), 0.1719278 secs] [Times: user=1.03 sys=0.01, real=0.17 secs] 
5879.431: [GC (Allocation Failure) [PSYoungGen: 410080K->151456K(500224K)] 1585855K->1417052K(1898496K), 0.0563348 secs] [Times: user=0.34 sys=0.00, real=0.06 secs] 
5879.488: [Full GC (Ergonomics) [PSYoungGen: 151456K->0K(500224K)] [ParOldGen: 1265596K->216622K(1398272K)] 1417052K->216622K(1898496K), [Metaspace: 59735K->59735K(1105920K)], 0.5077670 secs] [Times: user=2.37 sys=0.00, real=0.51 secs] 
5882.976: [GC (Allocation Failure) [PSYoungGen: 308736K->90400K(503808K)] 525358K->307022K(1902080K), 0.1435635 secs] [Times: user=0.85 sys=0.00, real=0.14 secs] 
5884.325: [GC (Allocation Failure) [PSYoungGen: 399136K->148176K(500224K)] 615758K->449191K(1898496K), 0.0529013 secs] [Times: user=0.32 sys=0.00, real=0.06 secs] 
5887.309: [GC (Allocation Failure) [PSYoungGen: 453840K->91056K(502272K)] 754855K->539439K(1900544K), 0.0881919 secs] [Times: user=0.52 sys=0.00, real=0.09 secs] 
5888.373: [GC (Allocation Failure) [PSYoungGen: 391462K->139104K(498176K)] 839845K->674343K(1896448K), 0.0491591 secs] [Times: user=0.29 sys=0.00, real=0.05 secs] 
5890.892: [GC (Allocation Failure) [PSYoungGen: 445792K->102240K(500736K)] 981031K->767079K(1899008K), 0.0618353 secs] [Times: user=0.37 sys=0.00, real=0.06 secs] 
5892.970: [GC (Allocation Failure) [PSYoungGen: 408928K->143696K(503296K)] 1073767K->907109K(1901568K), 0.0500139 secs] [Times: user=0.30 sys=0.01, real=0.05 secs] 
5895.393: [GC (Allocation Failure) [PSYoungGen: 456016K->101424K(504320K)] 1219429K->999501K(1902592K), 0.0645115 secs] [Times: user=0.38 sys=0.00, real=0.07 secs] 
5898.148: [GC (Allocation Failure) [PSYoungGen: 413744K->142592K(504832K)] 1311821K->1138897K(1903104K), 0.0619419 secs] [Times: user=0.36 sys=0.01, real=0.06 secs] 
5899.982: [GC (Allocation Failure) [PSYoungGen: 457984K->104352K(505344K)] 1454289K->1234777K(1903616K), 0.0641629 secs] [Times: user=0.38 sys=0.00, real=0.07 secs] 
5902.176: [GC (Allocation Failure) [PSYoungGen: 419744K->146128K(503808K)] 1550169K->1377374K(1902080K), 0.0520653 secs] [Times: user=0.30 sys=0.00, real=0.05 secs] 
5902.228: [Full GC (Ergonomics) [PSYoungGen: 146128K->0K(503808K)] [ParOldGen: 1231246K->184803K(1398272K)] 1377374K->184803K(1902080K), [Metaspace: 59735K->59735K(1105920K)], 0.4329210 secs] [Times: user=2.00 sys=0.00, real=0.43 secs] 
5904.587: [GC (Allocation Failure) [PSYoungGen: 316928K->104576K(506368K)] 501731K->289379K(1904640K), 0.0326726 secs] [Times: user=0.19 sys=0.00, real=0.03 secs] 
5907.320: [GC (Allocation Failure) [PSYoungGen: 421504K->147520K(505856K)] 606307K->433512K(1904128K), 0.0513597 secs] [Times: user=0.30 sys=0.00, real=0.05 secs] 
5909.015: [GC (Allocation Failure) [PSYoungGen: 467008K->106992K(508928K)] 753000K->531905K(1907200K), 0.0881908 secs] [Times: user=0.52 sys=0.00, real=0.08 secs] 
5910.936: [GC (Allocation Failure) [PSYoungGen: 426480K->149488K(505344K)] 851393K->677724K(1903616K), 0.0526309 secs] [Times: user=0.31 sys=0.00, real=0.05 secs] 
5912.383: [GC (Allocation Failure) [PSYoungGen: 468976K->107376K(508928K)] 997212K->775828K(1907200K), 0.0666868 secs] [Times: user=0.40 sys=0.00, real=0.07 secs] 
5914.909: [GC (Allocation Failure) [PSYoungGen: 426864K->146240K(507904K)] 1095316K->918344K(1906176K), 0.0515923 secs] [Times: user=0.30 sys=0.00, real=0.05 secs] 
5917.668: [GC (Allocation Failure) [PSYoungGen: 467776K->107040K(429056K)] 1239880K->1015832K(1827328K), 0.0773876 secs] [Times: user=0.46 sys=0.00, real=0.08 secs] 
5919.641: [GC (Allocation Failure) [PSYoungGen: 423276K->146736K(507392K)] 1332068K->1159034K(1905664K), 0.0895484 secs] [Times: user=0.52 sys=0.01, real=0.09 secs] 
5922.581: [GC (Allocation Failure) [PSYoungGen: 468784K->105344K(509440K)] 1481082K->1255825K(1907712K), 0.1745078 secs] [Times: user=1.03 sys=0.01, real=0.18 secs] 
5925.476: [GC (Allocation Failure) [PSYoungGen: 427392K->145584K(508928K)] 1577873K->1397750K(1907200K), 0.0519755 secs] [Times: user=0.31 sys=0.00, real=0.05 secs] 
5925.528: [Full GC (Ergonomics) [PSYoungGen: 145584K->0K(508928K)] [ParOldGen: 1252166K->196621K(1398272K)] 1397750K->196621K(1907200K), [Metaspace: 59735K->59735K(1105920K)], 0.4671018 secs] [Times: user=2.17 sys=0.00, real=0.47 secs] 
5928.219: [GC (Allocation Failure) [PSYoungGen: 324096K->108576K(510976K)] 520717K->305197K(1909248K), 0.0974967 secs] [Times: user=0.58 sys=0.00, real=0.10 secs] 
5929.757: [GC (Allocation Failure) [PSYoungGen: 421158K->143552K(509952K)] 617779K->444490K(1908224K), 0.0503826 secs] [Times: user=0.29 sys=0.01, real=0.05 secs] 
5932.332: [GC (Allocation Failure) [PSYoungGen: 469696K->111200K(510976K)] 770634K->546190K(1909248K), 0.1677980 secs] [Times: user=1.00 sys=0.00, real=0.17 secs] 
5934.072: [GC (Allocation Failure) [PSYoungGen: 437344K->152576K(507392K)] 872334K->694642K(1905664K), 0.0531843 secs] [Times: user=0.32 sys=0.00, real=0.05 secs] 
5937.756: [GC (Allocation Failure) [PSYoungGen: 478208K->96864K(512000K)] 1020274K->790922K(1910272K), 0.1678192 secs] [Times: user=1.00 sys=0.00, real=0.16 secs] 
5939.373: [GC (Allocation Failure) [PSYoungGen: 422496K->153632K(503808K)] 1116554K->939247K(1902080K), 0.1134645 secs] [Times: user=0.67 sys=0.00, real=0.12 secs] 
5943.719: [GC (Allocation Failure) [PSYoungGen: 471584K->91168K(508416K)] 1257199K->1030339K(1906688K), 0.1667620 secs] [Times: user=0.99 sys=0.00, real=0.17 secs] 
5944.769: [GC (Allocation Failure) [PSYoungGen: 409120K->153280K(500224K)] 1348291K->1177464K(1898496K), 0.0548761 secs] [Times: user=0.32 sys=0.00, real=0.05 secs] 
5947.199: [GC (Allocation Failure) [PSYoungGen: 463040K->94240K(504320K)] 1487224K->1270992K(1902592K), 0.1446995 secs] [Times: user=0.86 sys=0.00, real=0.14 secs] 
5947.898: [GC (Allocation Failure) [PSYoungGen: 404000K->147680K(502272K)] 1580752K->1412945K(1900544K), 0.1332722 secs] [Times: user=0.79 sys=0.01, real=0.13 secs] 
5948.031: [Full GC (Ergonomics) [PSYoungGen: 147680K->0K(502272K)] [ParOldGen: 1265265K->212330K(1398272K)] 1412945K->212330K(1900544K), [Metaspace: 59735K->59735K(1105920K)], 0.5365755 secs] [Times: user=2.55 sys=0.00, real=0.54 secs] 
5950.808: [GC (Allocation Failure) [PSYoungGen: 306871K->90128K(503808K)] 519202K->302459K(1902080K), 0.1538317 secs] [Times: user=0.91 sys=0.01, real=0.15 secs] 
5951.445: [GC (Allocation Failure) [PSYoungGen: 385376K->138480K(500224K)] 597707K->436508K(1898496K), 0.0482782 secs] [Times: user=0.28 sys=0.00, real=0.05 secs] 
5954.457: [GC (Allocation Failure) [PSYoungGen: 447728K->101872K(502272K)] 745756K->529508K(1900544K), 0.0663438 secs] [Times: user=0.39 sys=0.00, real=0.06 secs] 
5956.541: [GC (Allocation Failure) [PSYoungGen: 411120K->144384K(503296K)] 838756K->670120K(1901568K), 0.0937866 secs] [Times: user=0.55 sys=0.00, real=0.09 secs] 
5958.586: [GC (Allocation Failure) [PSYoungGen: 457728K->104144K(504832K)] 983464K->765113K(1903104K), 0.0632380 secs] [Times: user=0.37 sys=0.00, real=0.06 secs] 
5960.288: [GC (Allocation Failure) [PSYoungGen: 417488K->146880K(503296K)] 1078457K->908277K(1901568K), 0.0512171 secs] [Times: user=0.30 sys=0.00, real=0.05 secs] 
5962.381: [GC (GCLocker Initiated GC) [PSYoungGen: 461760K->103376K(505856K)] 1223158K->1002823K(1904128K), 0.0655063 secs] [Times: user=0.39 sys=0.00, real=0.07 secs] 
5964.019: [GC (Allocation Failure) [PSYoungGen: 418256K->154496K(500736K)] 1317758K->1154021K(1899008K), 0.0526503 secs] [Times: user=0.31 sys=0.00, real=0.05 secs] 
5966.092: [GC (Allocation Failure) [PSYoungGen: 467328K->102352K(505856K)] 1466853K->1238930K(1904128K), 0.0653843 secs] [Times: user=0.38 sys=0.00, real=0.07 secs] 
5968.058: [GC (Allocation Failure) [PSYoungGen: 415184K->144256K(505344K)] 1551762K->1379514K(1903616K), 0.0519522 secs] [Times: user=0.31 sys=0.00, real=0.05 secs] 
5968.110: [Full GC (Ergonomics) [PSYoungGen: 144256K->0K(505344K)] [ParOldGen: 1235258K->186394K(1398272K)] 1379514K->186394K(1903616K), [Metaspace: 59735K->59735K(1105920K)], 0.4365940 secs] [Times: user=2.01 sys=0.00, real=0.44 secs] 
5969.581: [GC (Allocation Failure) [PSYoungGen: 315392K->107904K(423424K)] 501786K->294298K(1821696K), 0.0329563 secs] [Times: user=0.19 sys=0.00, real=0.03 secs] 
5970.986: [GC (Allocation Failure) [PSYoungGen: 423296K->146816K(503296K)] 609690K->437567K(1901568K), 0.0521616 secs] [Times: user=0.31 sys=0.00, real=0.05 secs] 
5972.157: [GC (GCLocker Initiated GC) [PSYoungGen: 462208K->106768K(505344K)] 752959K->535375K(1903616K), 0.0645008 secs] [Times: user=0.38 sys=0.00, real=0.06 secs] 
5974.416: [GC (Allocation Failure) [PSYoungGen: 422160K->143248K(506880K)] 850770K->674971K(1905152K), 0.0511565 secs] [Times: user=0.30 sys=0.00, real=0.05 secs] 
5975.539: [GC (Allocation Failure) [PSYoungGen: 463248K->111040K(507904K)] 994971K->776931K(1906176K), 0.0651908 secs] [Times: user=0.38 sys=0.00, real=0.06 secs] 
5977.959: [GC (Allocation Failure) [PSYoungGen: 429648K->148544K(505344K)] 1095539K->921711K(1903616K), 0.0528111 secs] [Times: user=0.32 sys=0.00, real=0.05 secs] 
5980.549: [GC (Allocation Failure) [PSYoungGen: 469568K->105760K(508416K)] 1242735K->1018303K(1906688K), 0.1592505 secs] [Times: user=0.95 sys=0.00, real=0.16 secs] 
5983.070: [GC (Allocation Failure) [PSYoungGen: 424367K->144880K(510464K)] 1336911K->1159597K(1908736K), 0.0517015 secs] [Times: user=0.31 sys=0.00, real=0.05 secs] 
5984.913: [GC (Allocation Failure) [PSYoungGen: 470512K->110016K(435712K)] 1485229K->1260888K(1833984K), 0.1674522 secs] [Times: user=1.00 sys=0.00, real=0.17 secs] 
5986.297: [GC (Allocation Failure) [PSYoungGen: 435648K->152480K(506880K)] 1586520K->1409217K(1905152K), 0.0532165 secs] [Times: user=0.32 sys=0.00, real=0.05 secs] 
5986.350: [Full GC (Ergonomics) [PSYoungGen: 152480K->0K(506880K)] [ParOldGen: 1256737K->207934K(1398272K)] 1409217K->207934K(1905152K), [Metaspace: 59735K->59735K(1105920K)], 0.4791496 secs] [Times: user=2.22 sys=0.00, real=0.48 secs] 
5988.765: [GC (Allocation Failure) [PSYoungGen: 323584K->102000K(510976K)] 531518K->309934K(1909248K), 0.1431233 secs] [Times: user=0.85 sys=0.00, real=0.15 secs] 
5990.305: [GC (Allocation Failure) [PSYoungGen: 425584K->152288K(504832K)] 633518K->456051K(1903104K), 0.0572405 secs] [Times: user=0.34 sys=0.00, real=0.06 secs] 
5994.383: [GC (Allocation Failure) [PSYoungGen: 471264K->98320K(508928K)] 775027K->552996K(1907200K), 0.1646353 secs] [Times: user=0.98 sys=0.00, real=0.17 secs] 
5995.974: [GC (Allocation Failure) [PSYoungGen: 417296K->147728K(505856K)] 871972K->694471K(1904128K), 0.1306196 secs] [Times: user=0.78 sys=0.01, real=0.13 secs] 
5999.659: [GC (Allocation Failure) [PSYoungGen: 464656K->92256K(507904K)] 1011399K->786303K(1906176K), 0.1516625 secs] [Times: user=0.88 sys=0.02, real=0.15 secs] 
6000.584: [GC (Allocation Failure) [PSYoungGen: 409184K->153952K(499200K)] 1103231K->933971K(1897472K), 0.0550236 secs] [Times: user=0.33 sys=0.00, real=0.06 secs] 
6003.250: [GC (Allocation Failure) [PSYoungGen: 462688K->92400K(503808K)] 1242707K->1025992K(1902080K), 0.1570408 secs] [Times: user=0.93 sys=0.00, real=0.16 secs] 
6003.792: [GC (Allocation Failure) [PSYoungGen: 401136K->150752K(498688K)] 1334728K->1170548K(1896960K), 0.0556304 secs] [Times: user=0.33 sys=0.00, real=0.06 secs] 
6005.513: [GC (Allocation Failure) [PSYoungGen: 455392K->88160K(501760K)] 1475188K->1258520K(1900032K), 0.1281771 secs] [Times: user=0.76 sys=0.01, real=0.13 secs] 
6007.141: [GC (Allocation Failure) [PSYoungGen: 392800K->146784K(499200K)] 1563160K->1399381K(1897472K), 0.0526795 secs] [Times: user=0.31 sys=0.00, real=0.05 secs] 
6007.193: [Full GC (Ergonomics) [PSYoungGen: 146784K->0K(499200K)] [ParOldGen: 1252597K->206907K(1398272K)] 1399381K->206907K(1897472K), [Metaspace: 59735K->59735K(1105920K)], 0.4774669 secs] [Times: user=2.23 sys=0.00, real=0.48 secs] 
6010.549: [GC (Allocation Failure) [PSYoungGen: 302592K->87296K(500736K)] 509499K->294203K(1899008K), 0.1162420 secs] [Times: user=0.69 sys=0.00, real=0.11 secs] 
6013.075: [GC (Allocation Failure) [PSYoungGen: 389888K->138352K(498176K)] 596795K->429141K(1896448K), 0.0470927 secs] [Times: user=0.28 sys=0.00, real=0.05 secs] 
6014.323: [GC (Allocation Failure) [PSYoungGen: 441968K->103088K(499712K)] 732757K->523244K(1897984K), 0.0623446 secs] [Times: user=0.37 sys=0.00, real=0.06 secs] 
6015.551: [GC (Allocation Failure) [PSYoungGen: 406704K->143808K(498688K)] 826860K->663749K(1896960K), 0.0508238 secs] [Times: user=0.30 sys=0.00, real=0.05 secs] 
6018.396: [GC (GCLocker Initiated GC) [PSYoungGen: 450496K->95216K(500224K)] 970439K->750252K(1898496K), 0.0627966 secs] [Times: user=0.38 sys=0.00, real=0.06 secs] 
6020.304: [GC (Allocation Failure) [PSYoungGen: 401904K->141312K(503296K)] 1056991K->889167K(1901568K), 0.0484603 secs] [Times: user=0.28 sys=0.00, real=0.05 secs] 
6022.397: [GC (Allocation Failure) [PSYoungGen: 453632K->104896K(417280K)] 1201487K->984575K(1815552K), 0.0630072 secs] [Times: user=0.38 sys=0.00, real=0.06 secs] 
6024.669: [GC (Allocation Failure) [PSYoungGen: 417216K->144064K(501760K)] 1296895K->1126140K(1900032K), 0.0538137 secs] [Times: user=0.32 sys=0.00, real=0.05 secs] 
6027.500: [GC (Allocation Failure) [PSYoungGen: 457920K->104880K(503808K)] 1439996K->1221645K(1902080K), 0.0649307 secs] [Times: user=0.38 sys=0.00, real=0.06 secs] 
6030.663: [GC (Allocation Failure) [PSYoungGen: 418736K->140512K(506880K)] 1535501K->1360277K(1905152K), 0.0550711 secs] [Times: user=0.33 sys=0.00, real=0.06 secs] 
6031.890: [GC (Allocation Failure) [PSYoungGen: 461024K->110528K(507392K)] 1680789K->1461837K(1905664K), 0.0647178 secs] [Times: user=0.38 sys=0.00, real=0.06 secs] 
6031.955: [Full GC (Ergonomics) [PSYoungGen: 110528K->0K(507392K)] [ParOldGen: 1351309K->30740K(1398272K)] 1461837K->30740K(1905664K), [Metaspace: 59735K->59735K(1105920K)], 0.0527435 secs] [Times: user=0.18 sys=0.00, real=0.06 secs] 
6034.356: [GC (Allocation Failure) [PSYoungGen: 320512K->144816K(505856K)] 351252K->175557K(1904128K), 0.0293015 secs] [Times: user=0.17 sys=0.00, real=0.03 secs] 
6035.589: [GC (Allocation Failure) [PSYoungGen: 467888K->111456K(508416K)] 498629K->277765K(1906688K), 0.0646125 secs] [Times: user=0.38 sys=0.01, real=0.06 secs] 
6037.546: [GC (Allocation Failure) [PSYoungGen: 434528K->147648K(508416K)] 600837K->423090K(1906688K), 0.0537030 secs] [Times: user=0.32 sys=0.00, real=0.05 secs] 
6040.141: [GC (Allocation Failure) [PSYoungGen: 474816K->108864K(512000K)] 750258K->522910K(1910272K), 0.0648621 secs] [Times: user=0.38 sys=0.00, real=0.07 secs] 
6041.906: [GC (Allocation Failure) [PSYoungGen: 436032K->152512K(507904K)] 850078K->671426K(1906176K), 0.0531775 secs] [Times: user=0.32 sys=0.00, real=0.05 secs] 
6044.468: [GC (Allocation Failure) [PSYoungGen: 478656K->109056K(512512K)] 997570K->770939K(1910784K), 0.0698231 secs] [Times: user=0.42 sys=0.00, real=0.07 secs] 
6046.332: [GC (Allocation Failure) [PSYoungGen: 430985K->148928K(509440K)] 1092868K->916135K(1907712K), 0.0521349 secs] [Times: user=0.31 sys=0.00, real=0.05 secs] 
6048.307: [GC (Allocation Failure) [PSYoungGen: 475072K->106496K(512512K)] 1242279K->1013535K(1910784K), 0.0642681 secs] [Times: user=0.38 sys=0.00, real=0.06 secs] 
6050.063: [GC (Allocation Failure) [PSYoungGen: 417477K->144144K(512512K)] 1324517K->1154017K(1910784K), 0.0502182 secs] [Times: user=0.29 sys=0.00, real=0.05 secs] 
6052.363: [GC (Allocation Failure) [PSYoungGen: 472336K->106912K(435200K)] 1482209K->1252268K(1833472K), 0.1174139 secs] [Times: user=0.69 sys=0.01, real=0.12 secs] 
6054.617: [GC (Allocation Failure) [PSYoungGen: 435104K->155360K(504832K)] 1580460K->1403347K(1903104K), 0.0524838 secs] [Times: user=0.31 sys=0.00, real=0.05 secs] 
6054.670: [Full GC (Ergonomics) [PSYoungGen: 155360K->0K(504832K)] [ParOldGen: 1247987K->207335K(1398272K)] 1403347K->207335K(1903104K), [Metaspace: 59735K->59735K(1105920K)], 0.4678929 secs] [Times: user=2.17 sys=0.00, real=0.47 secs] 
6057.530: [GC (Allocation Failure) [PSYoungGen: 322048K->107632K(510464K)] 529383K->314968K(1908736K), 0.1759250 secs] [Times: user=1.03 sys=0.01, real=0.18 secs] 
6058.399: [GC (Allocation Failure) [PSYoungGen: 429680K->171936K(490496K)] 637016K->472672K(1888768K), 0.0550978 secs] [Times: user=0.32 sys=0.00, real=0.05 secs] 
6061.687: [GC (Allocation Failure) [PSYoungGen: 476576K->89008K(501760K)] 777312K->544577K(1900032K), 0.1588539 secs] [Times: user=0.95 sys=0.00, real=0.16 secs] 
6062.573: [GC (Allocation Failure) [PSYoungGen: 393648K->145504K(501760K)] 849217K->683805K(1900032K), 0.0518481 secs] [Times: user=0.31 sys=0.01, real=0.05 secs] 
6065.535: [GC (Allocation Failure) [PSYoungGen: 450144K->90304K(501760K)] 988445K->773541K(1900032K), 0.1337849 secs] [Times: user=0.77 sys=0.02, real=0.13 secs] 
6068.094: [GC (Allocation Failure) [PSYoungGen: 394705K->143984K(501760K)] 1077942K->913111K(1900032K), 0.0499395 secs] [Times: user=0.29 sys=0.00, real=0.05 secs] 
6069.656: [GC (Allocation Failure) [PSYoungGen: 448624K->97536K(402432K)] 1217751K->1002014K(1800704K), 0.0635693 secs] [Times: user=0.38 sys=0.00, real=0.06 secs] 
6071.221: [GC (Allocation Failure) [PSYoungGen: 402176K->142416K(500224K)] 1306654K->1141078K(1898496K), 0.0497581 secs] [Times: user=0.29 sys=0.00, real=0.05 secs] 
6073.091: [GC (Allocation Failure) [PSYoungGen: 447568K->103664K(499712K)] 1446230K->1235998K(1897984K), 0.0756539 secs] [Times: user=0.45 sys=0.01, real=0.08 secs] 
6075.337: [GC (Allocation Failure) [PSYoungGen: 408816K->140256K(501248K)] 1541150K->1371132K(1899520K), 0.0513520 secs] [Times: user=0.30 sys=0.00, real=0.05 secs] 
6075.389: [Full GC (Ergonomics) [PSYoungGen: 140256K->0K(501248K)] [ParOldGen: 1230876K->177747K(1398272K)] 1371132K->177747K(1899520K), [Metaspace: 59735K->59735K(1105920K)], 0.4156413 secs] [Times: user=1.91 sys=0.00, real=0.41 secs] 
6076.990: [GC (Allocation Failure) [PSYoungGen: 309760K->106208K(500736K)] 487507K->283955K(1899008K), 0.0345543 secs] [Times: user=0.21 sys=0.00, real=0.03 secs] 
6079.184: [GC (Allocation Failure) [PSYoungGen: 415968K->138512K(504320K)] 593715K->419977K(1902592K), 0.0522279 secs] [Times: user=0.30 sys=0.00, real=0.06 secs] 
6082.110: [GC (Allocation Failure) [PSYoungGen: 455440K->106944K(503808K)] 736905K->517472K(1902080K), 0.0617858 secs] [Times: user=0.37 sys=0.00, real=0.06 secs] 
6084.265: [GC (Allocation Failure) [PSYoungGen: 423872K->143904K(506880K)] 834400K->659259K(1905152K), 0.0750222 secs] [Times: user=0.37 sys=0.00, real=0.08 secs] 
6086.066: [GC (Allocation Failure) [PSYoungGen: 466976K->107616K(508416K)] 982331K->758444K(1906688K), 0.0646734 secs] [Times: user=0.39 sys=0.00, real=0.06 secs] 
6088.895: [GC (Allocation Failure) [PSYoungGen: 430688K->148256K(508416K)] 1081516K->904267K(1906688K), 0.0533166 secs] [Times: user=0.31 sys=0.00, real=0.06 secs] 
6090.775: [GC (Allocation Failure) [PSYoungGen: 474400K->110656K(512000K)] 1230411K->1005975K(1910272K), 0.0881403 secs] [Times: user=0.53 sys=0.01, real=0.08 secs] 
6093.511: [GC (Allocation Failure) [PSYoungGen: 436800K->151040K(508416K)] 1332119K->1153748K(1906688K), 0.0790732 secs] [Times: user=0.46 sys=0.00, real=0.08 secs] 
6094.909: [GC (Allocation Failure) [PSYoungGen: 477184K->112464K(512512K)] 1479892K->1257528K(1910784K), 0.0658420 secs] [Times: user=0.39 sys=0.00, real=0.06 secs] 
6097.612: [GC (Allocation Failure) [PSYoungGen: 438608K->147184K(510464K)] 1583672K->1401077K(1908736K), 0.0547580 secs] [Times: user=0.32 sys=0.00, real=0.06 secs] 
6097.667: [Full GC (Ergonomics) [PSYoungGen: 147184K->0K(510464K)] [ParOldGen: 1253892K->196976K(1398272K)] 1401077K->196976K(1908736K), [Metaspace: 59735K->59735K(1105920K)], 0.4601768 secs] [Times: user=2.12 sys=0.01, real=0.46 secs] 
6099.872: [GC (Allocation Failure) [PSYoungGen: 327680K->112368K(513024K)] 524656K->309344K(1911296K), 0.0915141 secs] [Times: user=0.54 sys=0.01, real=0.09 secs] 
6101.028: [GC (Allocation Failure) [PSYoungGen: 440048K->152320K(508416K)] 637024K->458137K(1906688K), 0.0813552 secs] [Times: user=0.48 sys=0.01, real=0.08 secs] 
6105.392: [GC (Allocation Failure) [PSYoungGen: 478464K->96736K(512512K)] 784281K->554317K(1910784K), 0.1707229 secs] [Times: user=1.02 sys=0.00, real=0.17 secs] 
6106.369: [GC (Allocation Failure) [PSYoungGen: 422880K->156224K(501760K)] 880461K->704613K(1900032K), 0.0611317 secs] [Times: user=0.36 sys=0.00, real=0.06 secs] 
6110.884: [GC (Allocation Failure) [PSYoungGen: 472128K->92528K(507392K)] 1020517K->796702K(1905664K), 0.1650036 secs] [Times: user=0.98 sys=0.00, real=0.17 secs] 
6111.574: [GC (Allocation Failure) [PSYoungGen: 408432K->152960K(499712K)] 1112606K->943646K(1897984K), 0.0545598 secs] [Times: user=0.33 sys=0.00, real=0.06 secs] 
6114.747: [GC (Allocation Failure) [PSYoungGen: 461696K->89584K(503808K)] 1252382K->1032807K(1902080K), 0.1495299 secs] [Times: user=0.88 sys=0.01, real=0.15 secs] 
6115.237: [GC (Allocation Failure) [PSYoungGen: 398320K->150496K(498176K)] 1341543K->1177287K(1896448K), 0.0532531 secs] [Times: user=0.31 sys=0.00, real=0.05 secs] 
6117.927: [GC (Allocation Failure) [PSYoungGen: 454112K->88672K(501248K)] 1480903K->1265623K(1899520K), 0.1690822 secs] [Times: user=1.01 sys=0.00, real=0.17 secs] 
6118.877: [GC (Allocation Failure) [PSYoungGen: 381125K->138432K(496640K)] 1558077K->1398144K(1894912K), 0.0477786 secs] [Times: user=0.28 sys=0.00, real=0.04 secs] 
6118.924: [Full GC (Ergonomics) [PSYoungGen: 138432K->0K(496640K)] [ParOldGen: 1259712K->197448K(1398272K)] 1398144K->197448K(1894912K), [Metaspace: 59735K->59735K(1105920K)], 0.4757614 secs] [Times: user=2.23 sys=0.00, real=0.48 secs] 
6121.330: [GC (Allocation Failure) [PSYoungGen: 304128K->100320K(499200K)] 501576K->297768K(1897472K), 0.0308903 secs] [Times: user=0.18 sys=0.00, real=0.03 secs] 
6123.484: [GC (Allocation Failure) [PSYoungGen: 404448K->140720K(502784K)] 601896K->434982K(1901056K), 0.0491317 secs] [Times: user=0.29 sys=0.00, real=0.05 secs] 
6124.880: [GC (Allocation Failure) [PSYoungGen: 452016K->103856K(503296K)] 746278K->529330K(1901568K), 0.0895017 secs] [Times: user=0.53 sys=0.00, real=0.09 secs] 
6127.554: [GC (Allocation Failure) [PSYoungGen: 415152K->144560K(502784K)] 840626K->669922K(1901056K), 0.0509225 secs] [Times: user=0.30 sys=0.00, real=0.06 secs] 
6129.426: [GC (Allocation Failure) [PSYoungGen: 458416K->105808K(504320K)] 983778K->766182K(1902592K), 0.0641198 secs] [Times: user=0.37 sys=0.00, real=0.06 secs] 
6132.077: [GC (Allocation Failure) [PSYoungGen: 419664K->143904K(504832K)] 1080038K->906490K(1903104K), 0.0519448 secs] [Times: user=0.30 sys=0.01, real=0.05 secs] 
6133.424: [GC (Allocation Failure) [PSYoungGen: 461856K->109888K(506368K)] 1224442K->1007227K(1904640K), 0.0649345 secs] [Times: user=0.38 sys=0.01, real=0.07 secs] 
6135.298: [GC (Allocation Failure) [PSYoungGen: 427840K->146192K(506368K)] 1325179K->1149824K(1904640K), 0.0538438 secs] [Times: user=0.30 sys=0.02, real=0.05 secs] 
6137.042: [GC (Allocation Failure) [PSYoungGen: 467728K->110272K(508416K)] 1471360K->1250667K(1906688K), 0.0665219 secs] [Times: user=0.40 sys=0.00, real=0.07 secs] 
6139.946: [GC (Allocation Failure) [PSYoungGen: 431808K->147216K(507392K)] 1572203K->1394081K(1905664K), 0.0534273 secs] [Times: user=0.32 sys=0.00, real=0.05 secs] 
6139.999: [Full GC (Ergonomics) [PSYoungGen: 147216K->0K(507392K)] [ParOldGen: 1246864K->191917K(1398272K)] 1394081K->191917K(1905664K), [Metaspace: 59735K->59735K(1105920K)], 0.4515744 secs] [Times: user=2.08 sys=0.00, real=0.45 secs] 
6141.481: [GC (Allocation Failure) [PSYoungGen: 324096K->110080K(510464K)] 516013K->301997K(1908736K), 0.0354916 secs] [Times: user=0.21 sys=0.00, real=0.04 secs] 
6144.112: [GC (Allocation Failure) [PSYoungGen: 426942K->145648K(509952K)] 618860K->443443K(1908224K), 0.0514771 secs] [Times: user=0.30 sys=0.00, real=0.05 secs] 
6146.557: [GC (Allocation Failure) [PSYoungGen: 472816K->108576K(512000K)] 770611K->543130K(1910272K), 0.1551520 secs] [Times: user=0.92 sys=0.01, real=0.15 secs] 
6147.563: [GC (Allocation Failure) [PSYoungGen: 435744K->155328K(505344K)] 870298K->694471K(1903616K), 0.0525697 secs] [Times: user=0.31 sys=0.00, real=0.06 secs] 
6151.264: [GC (Allocation Failure) [PSYoungGen: 478400K->94864K(510976K)] 1017543K->788992K(1909248K), 0.1523202 secs] [Times: user=0.91 sys=0.00, real=0.16 secs] 
6152.589: [GC (Allocation Failure) [PSYoungGen: 417936K->156512K(500224K)] 1112064K->939140K(1898496K), 0.0557074 secs] [Times: user=0.33 sys=0.00, real=0.05 secs] 
6155.242: [GC (Allocation Failure) [PSYoungGen: 469344K->90960K(505856K)] 1251972K->1029685K(1904128K), 0.1563773 secs] [Times: user=0.91 sys=0.02, real=0.16 secs] 
6156.826: [GC (Allocation Failure) [PSYoungGen: 403792K->150224K(500736K)] 1342517K->1173494K(1899008K), 0.0542448 secs] [Times: user=0.33 sys=0.00, real=0.05 secs] 
6159.901: [GC (Allocation Failure) [PSYoungGen: 457488K->89840K(503296K)] 1480757K->1262462K(1901568K), 0.1537325 secs] [Times: user=0.91 sys=0.00, real=0.15 secs] 
6161.116: [GC (Allocation Failure) [PSYoungGen: 383886K->138368K(499712K)] 1556507K->1396818K(1897984K), 0.0501817 secs] [Times: user=0.30 sys=0.00, real=0.05 secs] 
6161.166: [Full GC (Ergonomics) [PSYoungGen: 138368K->0K(499712K)] [ParOldGen: 1258450K->196158K(1398272K)] 1396818K->196158K(1897984K), [Metaspace: 59735K->59735K(1105920K)], 0.4692714 secs] [Times: user=2.18 sys=0.00, real=0.46 secs] 
6162.912: [GC (GCLocker Initiated GC) [PSYoungGen: 308224K->99760K(501760K)] 504382K->295919K(1900032K), 0.0307042 secs] [Times: user=0.18 sys=0.00, real=0.03 secs] 
6165.445: [GC (Allocation Failure) [PSYoungGen: 407984K->142560K(504320K)] 604146K->434678K(1902592K), 0.0483335 secs] [Times: user=0.28 sys=0.00, real=0.05 secs] 
6168.323: [GC (Allocation Failure) [PSYoungGen: 455904K->102448K(504832K)] 748022K->527879K(1903104K), 0.0625671 secs] [Times: user=0.37 sys=0.00, real=0.07 secs] 
6170.536: [GC (Allocation Failure) [PSYoungGen: 415792K->146336K(502272K)] 841223K->668475K(1900544K), 0.0504124 secs] [Times: user=0.30 sys=0.00, real=0.05 secs] 
6172.087: [GC (Allocation Failure) [PSYoungGen: 460192K->106032K(504832K)] 982331K->765483K(1903104K), 0.0646673 secs] [Times: user=0.39 sys=0.00, real=0.06 secs] 
6173.883: [GC (Allocation Failure) [PSYoungGen: 419888K->147072K(504320K)] 1079339K->909663K(1902592K), 0.0523753 secs] [Times: user=0.31 sys=0.00, real=0.06 secs] 
6175.373: [GC (Allocation Failure) [PSYoungGen: 464000K->106688K(506880K)] 1226591K->1006991K(1905152K), 0.0639498 secs] [Times: user=0.38 sys=0.00, real=0.07 secs] 
6177.979: [GC (Allocation Failure) [PSYoungGen: 423616K->144864K(506880K)] 1323919K->1148580K(1905152K), 0.0526945 secs] [Times: user=0.31 sys=0.00, real=0.05 secs] 
6179.671: [GC (Allocation Failure) [PSYoungGen: 464864K->109248K(508416K)] 1468580K->1248844K(1906688K), 0.0657221 secs] [Times: user=0.39 sys=0.00, real=0.07 secs] 
6182.169: [GC (Allocation Failure) [PSYoungGen: 429248K->147584K(505856K)] 1568844K->1392657K(1904128K), 0.0525751 secs] [Times: user=0.31 sys=0.00, real=0.05 secs] 
6182.222: [Full GC (Ergonomics) [PSYoungGen: 147584K->0K(505856K)] [ParOldGen: 1245073K->192366K(1398272K)] 1392657K->192366K(1904128K), [Metaspace: 59735K->59735K(1105920K)], 0.4528128 secs] [Times: user=2.09 sys=0.00, real=0.45 secs] 
6185.224: [GC (Allocation Failure) [PSYoungGen: 321024K->106048K(508416K)] 513390K->298414K(1906688K), 0.0381489 secs] [Times: user=0.23 sys=0.00, real=0.04 secs] 
6187.630: [GC (Allocation Failure) [PSYoungGen: 427072K->148128K(507904K)] 619438K->443299K(1906176K), 0.0510690 secs] [Times: user=0.30 sys=0.00, real=0.05 secs] 
6190.238: [GC (Allocation Failure) [PSYoungGen: 471200K->106720K(510976K)] 766371K->540931K(1909248K), 0.1668802 secs] [Times: user=0.99 sys=0.01, real=0.16 secs] 
6191.379: [GC (Allocation Failure) [PSYoungGen: 418918K->145520K(508928K)] 853130K->682368K(1907200K), 0.0507003 secs] [Times: user=0.30 sys=0.00, real=0.05 secs] 
6192.998: [GC (Allocation Failure) [PSYoungGen: 469616K->108704K(510976K)] 1006464K->781928K(1909248K), 0.0643564 secs] [Times: user=0.38 sys=0.00, real=0.06 secs] 
6196.038: [GC (Allocation Failure) [PSYoungGen: 420021K->142512K(510464K)] 1093245K->920189K(1908736K), 0.0515823 secs] [Times: user=0.30 sys=0.00, real=0.05 secs] 
6199.180: [GC (Allocation Failure) [PSYoungGen: 469168K->106752K(510976K)] 1246845K->1018140K(1909248K), 0.1354479 secs] [Times: user=0.80 sys=0.01, real=0.14 secs] 
6201.241: [GC (Allocation Failure) [PSYoungGen: 433408K->153744K(507392K)] 1344796K->1167954K(1905664K), 0.0525494 secs] [Times: user=0.31 sys=0.00, real=0.05 secs] 
6203.645: [GC (Allocation Failure) [PSYoungGen: 478864K->97872K(512000K)] 1493074K->1265210K(1910272K), 0.1553603 secs] [Times: user=0.89 sys=0.03, real=0.16 secs] 
6204.861: [GC (Allocation Failure) [PSYoungGen: 422992K->155968K(502272K)] 1590330K->1415242K(1900544K), 0.0806717 secs] [Times: user=0.48 sys=0.00, real=0.08 secs] 
6204.942: [Full GC (Ergonomics) [PSYoungGen: 155968K->0K(502272K)] [ParOldGen: 1259274K->214595K(1398272K)] 1415242K->214595K(1900544K), [Metaspace: 59736K->59736K(1105920K)], 0.5068852 secs] [Times: user=2.37 sys=0.01, real=0.51 secs] 
6208.344: [GC (Allocation Failure) [PSYoungGen: 315904K->93104K(507392K)] 530499K->307700K(1905664K), 0.1398157 secs] [Times: user=0.83 sys=0.00, real=0.14 secs] 
6208.989: [GC (Allocation Failure) [PSYoungGen: 409008K->152496K(499712K)] 623604K->453940K(1897984K), 0.0542718 secs] [Times: user=0.32 sys=0.00, real=0.05 secs] 
6212.041: [GC (Allocation Failure) [PSYoungGen: 461232K->88720K(503808K)] 762676K->541901K(1902080K), 0.1641521 secs] [Times: user=0.98 sys=0.00, real=0.17 secs] 
6213.239: [GC (Allocation Failure) [PSYoungGen: 397456K->149696K(498176K)] 850637K->685613K(1896448K), 0.0526304 secs] [Times: user=0.31 sys=0.00, real=0.05 secs] 
6215.707: [GC (Allocation Failure) [PSYoungGen: 453312K->89040K(501248K)] 989229K->774045K(1899520K), 0.1713778 secs] [Times: user=1.02 sys=0.00, real=0.17 secs] 
6216.889: [GC (Allocation Failure) [PSYoungGen: 392656K->142800K(500224K)] 1077661K->912578K(1898496K), 0.0502628 secs] [Times: user=0.30 sys=0.00, real=0.05 secs] 
6218.115: [GC (Allocation Failure) [PSYoungGen: 447440K->100896K(406016K)] 1217218K->1004514K(1804288K), 0.0635345 secs] [Times: user=0.37 sys=0.00, real=0.07 secs] 
6220.926: [GC (Allocation Failure) [PSYoungGen: 405536K->141936K(500224K)] 1309154K->1142759K(1898496K), 0.0499229 secs] [Times: user=0.29 sys=0.00, real=0.05 secs] 
6222.059: [GC (Allocation Failure) [PSYoungGen: 448624K->101408K(500224K)] 1449447K->1235262K(1898496K), 0.0784551 secs] [Times: user=0.47 sys=0.00, real=0.08 secs] 
6224.591: [GC (Allocation Failure) [PSYoungGen: 408096K->142432K(501248K)] 1541950K->1373751K(1899520K), 0.0508595 secs] [Times: user=0.30 sys=0.00, real=0.05 secs] 
6224.642: [Full GC (Ergonomics) [PSYoungGen: 142432K->0K(501248K)] [ParOldGen: 1231319K->180814K(1398272K)] 1373751K->180814K(1899520K), [Metaspace: 59736K->59736K(1105920K)], 0.4311274 secs] [Times: user=2.00 sys=0.00, real=0.43 secs] 
6226.164: [GC (Allocation Failure) [PSYoungGen: 310784K->104032K(502272K)] 491598K->284847K(1900544K), 0.0330845 secs] [Times: user=0.19 sys=0.00, real=0.04 secs] 
6228.874: [GC (Allocation Failure) [PSYoungGen: 414816K->140832K(504320K)] 595631K->422732K(1902592K), 0.0516148 secs] [Times: user=0.31 sys=0.00, real=0.06 secs] 
6230.117: [GC (Allocation Failure) [PSYoungGen: 457248K->108288K(504832K)] 739148K->521388K(1903104K), 0.0638487 secs] [Times: user=0.38 sys=0.01, real=0.06 secs] 
6232.648: [GC (Allocation Failure) [PSYoungGen: 424704K->144032K(505856K)] 837804K->663041K(1904128K), 0.0525713 secs] [Times: user=0.31 sys=0.00, real=0.05 secs] 
6233.788: [GC (Allocation Failure) [PSYoungGen: 465056K->110016K(507392K)] 984065K->763929K(1905664K), 0.0645493 secs] [Times: user=0.38 sys=0.00, real=0.06 secs] 
6236.173: [GC (Allocation Failure) [PSYoungGen: 431040K->148672K(506880K)] 1084953K->909370K(1905152K), 0.0543583 secs] [Times: user=0.32 sys=0.00, real=0.06 secs] 
6237.470: [GC (Allocation Failure) [PSYoungGen: 472768K->110352K(510464K)] 1233466K->1010755K(1908736K), 0.0669519 secs] [Times: user=0.39 sys=0.01, real=0.07 secs] 
6240.026: [GC (Allocation Failure) [PSYoungGen: 434448K->150928K(507904K)] 1334851K->1158023K(1906176K), 0.0545689 secs] [Times: user=0.32 sys=0.00, real=0.05 secs] 
6241.980: [GC (Allocation Failure) [PSYoungGen: 476048K->109952K(512000K)] 1483143K->1259055K(1910272K), 0.1203190 secs] [Times: user=0.72 sys=0.00, real=0.12 secs] 
6243.578: [GC (Allocation Failure) [PSYoungGen: 435072K->183792K(416768K)] 1584175K->1455428K(1815040K), 0.1479102 secs] [Times: user=0.82 sys=0.02, real=0.15 secs] 
6243.726: [Full GC (Ergonomics) [PSYoungGen: 183792K->0K(416768K)] [ParOldGen: 1271636K->205552K(1398272K)] 1455428K->205552K(1815040K), [Metaspace: 59738K->59738K(1105920K)], 0.5050985 secs] [Times: user=2.39 sys=0.00, real=0.50 secs] 
6245.553: [GC (Allocation Failure) [PSYoungGen: 232960K->62096K(465920K)] 438512K->267649K(1864192K), 0.0865172 secs] [Times: user=0.51 sys=0.01, real=0.09 secs] 
6247.617: [GC (Allocation Failure) [PSYoungGen: 295056K->104288K(465920K)] 500609K->369597K(1864192K), 0.0724626 secs] [Times: user=0.43 sys=0.00, real=0.07 secs] 
6248.643: [GC (Allocation Failure) [PSYoungGen: 337248K->116256K(465920K)] 602557K->476329K(1864192K), 0.1568661 secs] [Times: user=0.93 sys=0.01, real=0.16 secs] 
6250.137: [GC (Allocation Failure) [PSYoungGen: 349216K->56896K(465920K)] 709289K->533009K(1864192K), 0.0505054 secs] [Times: user=0.30 sys=0.00, real=0.05 secs] 
6252.254: [GC (Allocation Failure) [PSYoungGen: 289856K->108576K(342016K)] 765969K->637956K(1740288K), 0.0423704 secs] [Times: user=0.24 sys=0.00, real=0.05 secs] 
6254.514: [GC (Allocation Failure) [PSYoungGen: 341536K->102464K(467456K)] 870916K->731044K(1865728K), 0.0558940 secs] [Times: user=0.33 sys=0.00, real=0.06 secs] 
6256.421: [GC (Allocation Failure) [PSYoungGen: 342592K->72448K(460288K)] 971172K->803516K(1858560K), 0.1232493 secs] [Times: user=0.72 sys=0.01, real=0.12 secs] 
6256.929: [GC (Allocation Failure) [PSYoungGen: 310687K->116688K(468480K)] 1041756K->914246K(1866752K), 0.0663553 secs] [Times: user=0.39 sys=0.00, real=0.06 secs] 
6258.633: [GC (Allocation Failure) [PSYoungGen: 377296K->81600K(468992K)] 1174854K->987293K(1867264K), 0.0555936 secs] [Times: user=0.33 sys=0.00, real=0.06 secs] 
6259.582: [GC (Allocation Failure) [PSYoungGen: 342208K->120048K(481280K)] 1247901K->1105051K(1879552K), 0.0515601 secs] [Times: user=0.30 sys=0.00, real=0.05 secs] 
6261.839: [GC (Allocation Failure) [PSYoungGen: 405744K->113600K(484352K)] 1390747K->1209074K(1882624K), 0.0602021 secs] [Times: user=0.36 sys=0.00, real=0.06 secs] 
6263.532: [GC (Allocation Failure) [PSYoungGen: 399296K->108672K(491008K)] 1494770K->1317522K(1889280K), 0.0810418 secs] [Times: user=0.48 sys=0.00, real=0.08 secs] 
6264.727: [GC (Allocation Failure) [PSYoungGen: 418432K->139168K(493056K)] 1627282K->1446247K(1891328K), 0.0610636 secs] [Times: user=0.36 sys=0.01, real=0.06 secs] 
6264.788: [Full GC (Ergonomics) [PSYoungGen: 139168K->0K(493056K)] [ParOldGen: 1307079K->251004K(1398272K)] 1446247K->251004K(1891328K), [Metaspace: 59738K->59738K(1105920K)], 0.5233489 secs] [Times: user=2.28 sys=0.00, real=0.52 secs] 
6268.128: [GC (Allocation Failure) [PSYoungGen: 309760K->104768K(507392K)] 560764K->355772K(1905664K), 0.0373304 secs] [Times: user=0.22 sys=0.00, real=0.03 secs] 
6269.954: [GC (Allocation Failure) [PSYoungGen: 433984K->143264K(509952K)] 684988K->488371K(1908224K), 0.0611130 secs] [Times: user=0.36 sys=0.00, real=0.07 secs] 
6272.431: [GC (Allocation Failure) [PSYoungGen: 472480K->116448K(508928K)] 817587K->604684K(1907200K), 0.0870280 secs] [Times: user=0.51 sys=0.00, real=0.09 secs] 
6273.636: [GC (Allocation Failure) [PSYoungGen: 449760K->132064K(511488K)] 937996K->726136K(1909760K), 0.0615336 secs] [Times: user=0.36 sys=0.00, real=0.06 secs] 
6276.832: [GC (Allocation Failure) [PSYoungGen: 465376K->134400K(520192K)] 1059448K->860208K(1918464K), 0.0698439 secs] [Times: user=0.41 sys=0.00, real=0.07 secs] 
6278.089: [GC (Allocation Failure) [PSYoungGen: 477440K->8400K(351744K)] 1203248K->734241K(1750016K), 0.0035072 secs] [Times: user=0.02 sys=0.00, real=0.00 secs] 
6280.400: [GC (Allocation Failure) [PSYoungGen: 351440K->155392K(489472K)] 1077281K->887469K(1887744K), 0.0331327 secs] [Times: user=0.19 sys=0.00, real=0.03 secs] 
6281.708: [GC (Allocation Failure) [PSYoungGen: 453888K->99584K(498688K)] 1185965K->977825K(1896960K), 0.0676117 secs] [Times: user=0.40 sys=0.01, real=0.07 secs] 
6284.169: [GC (GCLocker Initiated GC) [PSYoungGen: 398080K->132528K(493568K)] 1276321K->1108439K(1891840K), 0.0572914 secs] [Times: user=0.33 sys=0.00, real=0.06 secs] 
6286.072: [GC (Allocation Failure) [PSYoungGen: 437168K->106608K(497664K)] 1413083K->1205643K(1895936K), 0.0639425 secs] [Times: user=0.38 sys=0.00, real=0.07 secs] 
6288.468: [GC (Allocation Failure) [PSYoungGen: 411248K->132352K(504320K)] 1510283K->1336703K(1902592K), 0.0661099 secs] [Times: user=0.40 sys=0.00, real=0.06 secs] 
6290.752: [GC (Allocation Failure) [PSYoungGen: 449792K->116864K(503808K)] 1654143K->1443807K(1902080K), 0.0644292 secs] [Times: user=0.38 sys=0.00, real=0.07 secs] 
6290.816: [Full GC (Ergonomics) [PSYoungGen: 116864K->0K(503808K)] [ParOldGen: 1326943K->17269K(1398272K)] 1443807K->17269K(1902080K), [Metaspace: 59738K->59738K(1105920K)], 0.0278423 secs] [Times: user=0.07 sys=0.00, real=0.02 secs] 
6293.751: [GC (Allocation Failure) [PSYoungGen: 317440K->132224K(505344K)] 334709K->149493K(1903616K), 0.0356593 secs] [Times: user=0.20 sys=0.00, real=0.04 secs] 
6295.573: [GC (Allocation Failure) [PSYoungGen: 457856K->3904K(505344K)] 475125K->21333K(1903616K), 0.0021527 secs] [Times: user=0.01 sys=0.00, real=0.01 secs] 
6298.425: [GC (Allocation Failure) [PSYoungGen: 329536K->149936K(491008K)] 346965K->169743K(1889280K), 0.0369224 secs] [Times: user=0.22 sys=0.00, real=0.04 secs] 
6300.217: [GC (Allocation Failure) [PSYoungGen: 448432K->106544K(405504K)] 468239K->258287K(1803776K), 0.0643298 secs] [Times: user=0.38 sys=0.00, real=0.06 secs] 
6303.188: [GC (Allocation Failure) [PSYoungGen: 405040K->126384K(500224K)] 556783K->382971K(1898496K), 0.0645606 secs] [Times: user=0.38 sys=0.00, real=0.06 secs] 
6304.485: [GC (Allocation Failure) [PSYoungGen: 434608K->121120K(498176K)] 691195K->494159K(1896448K), 0.0621919 secs] [Times: user=0.38 sys=0.00, real=0.06 secs] 
6307.175: [GC (Allocation Failure) [PSYoungGen: 429344K->121408K(504832K)] 802383K->615647K(1903104K), 0.0793327 secs] [Times: user=0.47 sys=0.00, real=0.07 secs] 
6309.371: [GC (Allocation Failure) [PSYoungGen: 442432K->126656K(502784K)] 936671K->731810K(1901056K), 0.0619822 secs] [Times: user=0.37 sys=0.00, real=0.06 secs] 
6311.591: [GC (Allocation Failure) [PSYoungGen: 447680K->126528K(515072K)] 1052834K->858202K(1913344K), 0.0629572 secs] [Times: user=0.37 sys=0.00, real=0.06 secs] 
6313.078: [GC (Allocation Failure) [PSYoungGen: 461888K->2928K(338432K)] 1193562K->734627K(1736704K), 0.0031859 secs] [Times: user=0.01 sys=0.01, real=0.00 secs] 
6314.903: [GC (Allocation Failure) [PSYoungGen: 338288K->146496K(494592K)] 1069987K->879699K(1892864K), 0.0298769 secs] [Times: user=0.18 sys=0.00, real=0.03 secs] 
6316.486: [GC (Allocation Failure) [PSYoungGen: 450112K->106128K(410112K)] 1183315K->975819K(1808384K), 0.0663633 secs] [Times: user=0.40 sys=0.00, real=0.06 secs] 
6319.282: [GC (Allocation Failure) [PSYoungGen: 409744K->131776K(499200K)] 1279435K->1105952K(1897472K), 0.0599004 secs] [Times: user=0.36 sys=0.00, real=0.06 secs] 
6320.432: [GC (Allocation Failure) [PSYoungGen: 441536K->114944K(499712K)] 1415712K->1211364K(1897984K), 0.0652083 secs] [Times: user=0.39 sys=0.00, real=0.07 secs] 
6322.269: [GC (Allocation Failure) [PSYoungGen: 424704K->132480K(501760K)] 1521124K->1342520K(1900032K), 0.0678596 secs] [Times: user=0.40 sys=0.00, real=0.07 secs] 
6322.336: [Full GC (Ergonomics) [PSYoungGen: 132480K->0K(501760K)] [ParOldGen: 1210040K->147391K(1398272K)] 1342520K->147391K(1900032K), [Metaspace: 59738K->59738K(1105920K)], 0.3297499 secs] [Times: user=1.50 sys=0.00, real=0.33 secs] 
6325.068: [GC (Allocation Failure) [PSYoungGen: 318464K->116544K(502784K)] 465855K->263935K(1901056K), 0.0407171 secs] [Times: user=0.24 sys=0.00, real=0.04 secs] 
6326.775: [GC (Allocation Failure) [PSYoungGen: 435008K->135856K(507392K)] 582399K->399109K(1905664K), 0.0684811 secs] [Times: user=0.40 sys=0.00, real=0.07 secs] 
6329.179: [GC (Allocation Failure) [PSYoungGen: 465072K->4384K(333824K)] 728325K->267776K(1732096K), 0.0023335 secs] [Times: user=0.01 sys=0.00, real=0.00 secs] 
6331.239: [GC (Allocation Failure) [PSYoungGen: 333600K->144096K(495104K)] 596992K->410269K(1893376K), 0.0335562 secs] [Times: user=0.20 sys=0.00, real=0.03 secs] 
6333.277: [GC (Allocation Failure) [PSYoungGen: 446688K->106736K(409600K)] 712861K->506986K(1807872K), 0.0649658 secs] [Times: user=0.38 sys=0.00, real=0.06 secs] 
6335.222: [GC (Allocation Failure) [PSYoungGen: 409328K->132384K(497664K)] 809578K->638126K(1895936K), 0.0670899 secs] [Times: user=0.40 sys=0.00, real=0.07 secs] 
6337.032: [GC (Allocation Failure) [PSYoungGen: 440096K->114272K(498176K)] 945838K->742666K(1896448K), 0.0631300 secs] [Times: user=0.38 sys=0.00, real=0.07 secs] 
6338.207: [GC (Allocation Failure) [PSYoungGen: 421984K->132160K(501760K)] 1050378K->873975K(1900032K), 0.0669175 secs] [Times: user=0.39 sys=0.00, real=0.06 secs] 
6340.921: [GC (Allocation Failure) [PSYoungGen: 450112K->2016K(502272K)] 1191927K->743983K(1900544K), 0.0025103 secs] [Times: user=0.01 sys=0.00, real=0.00 secs] 
6342.818: [GC (Allocation Failure) [PSYoungGen: 319968K->134896K(496640K)] 1061935K->877716K(1894912K), 0.0363420 secs] [Times: user=0.21 sys=0.00, real=0.03 secs] 
6345.227: [GC (Allocation Failure) [PSYoungGen: 435440K->111936K(412672K)] 1178260K->980191K(1810944K), 0.0628927 secs] [Times: user=0.37 sys=0.00, real=0.06 secs] 
6346.818: [GC (Allocation Failure) [PSYoungGen: 412480K->120416K(498688K)] 1280735K->1100583K(1896960K), 0.0754196 secs] [Times: user=0.44 sys=0.00, real=0.07 secs] 
6349.670: [GC (Allocation Failure) [PSYoungGen: 427104K->128416K(495616K)] 1407271K->1217756K(1893888K), 0.0624904 secs] [Times: user=0.37 sys=0.00, real=0.06 secs] 
6352.558: [GC (Allocation Failure) [PSYoungGen: 435104K->110928K(499200K)] 1524444K->1328749K(1897472K), 0.0902408 secs] [Times: user=0.53 sys=0.00, real=0.09 secs] 
6352.648: [Full GC (Ergonomics) [PSYoungGen: 110928K->0K(499200K)] [ParOldGen: 1217820K->125521K(1398272K)] 1328749K->125521K(1897472K), [Metaspace: 59738K->59738K(1105920K)], 0.2850078 secs] [Times: user=1.31 sys=0.00, real=0.28 secs] 
6354.726: [GC (Allocation Failure) [PSYoungGen: 321536K->138080K(502784K)] 447057K->263601K(1901056K), 0.0493205 secs] [Times: user=0.29 sys=0.01, real=0.04 secs] 
6357.599: [GC (Allocation Failure) [PSYoungGen: 459616K->117920K(510464K)] 585137K->381649K(1908736K), 0.0996116 secs] [Times: user=0.60 sys=0.00, real=0.10 secs] 
6359.251: [GC (Allocation Failure) [PSYoungGen: 451232K->130816K(512512K)] 714961K->501646K(1910784K), 0.0614959 secs] [Times: user=0.37 sys=0.00, real=0.06 secs] 
6360.925: [GC (Allocation Failure) [PSYoungGen: 464128K->136480K(516608K)] 834958K->637950K(1914880K), 0.0608608 secs] [Times: user=0.36 sys=0.00, real=0.07 secs] 
6362.610: [GC (Allocation Failure) [PSYoungGen: 473888K->8032K(345600K)] 975358K->509538K(1743872K), 0.0038358 secs] [Times: user=0.02 sys=0.00, real=0.00 secs] 
6364.854: [GC (Allocation Failure) [PSYoungGen: 345440K->151568K(489472K)] 846946K->659200K(1887744K), 0.0325512 secs] [Times: user=0.19 sys=0.00, real=0.04 secs] 
6365.950: [GC (Allocation Failure) [PSYoungGen: 448016K->101072K(497664K)] 955648K->751152K(1895936K), 0.0709020 secs] [Times: user=0.43 sys=0.00, real=0.07 secs] 
6369.218: [GC (Allocation Failure) [PSYoungGen: 397520K->130976K(496128K)] 1047600K->879932K(1894400K), 0.0543157 secs] [Times: user=0.32 sys=0.00, real=0.05 secs] 
6370.454: [GC (Allocation Failure) [PSYoungGen: 435104K->110192K(497152K)] 1184060K->980764K(1895424K), 0.0627555 secs] [Times: user=0.37 sys=0.00, real=0.07 secs] 
6373.303: [GC (Allocation Failure) [PSYoungGen: 414320K->128416K(500224K)] 1284892K->1108064K(1898496K), 0.0746825 secs] [Times: user=0.44 sys=0.00, real=0.08 secs] 
6374.487: [GC (Allocation Failure) [PSYoungGen: 443296K->118912K(499200K)] 1422944K->1217456K(1897472K), 0.0627933 secs] [Times: user=0.37 sys=0.00, real=0.06 secs] 
6376.110: [GC (Allocation Failure) [PSYoungGen: 433792K->130880K(508416K)] 1532336K->1348344K(1906688K), 0.0677947 secs] [Times: user=0.40 sys=0.00, real=0.07 secs] 
6376.178: [Full GC (Ergonomics) [PSYoungGen: 130880K->0K(508416K)] [ParOldGen: 1217464K->145879K(1398272K)] 1348344K->145879K(1906688K), [Metaspace: 59738K->59738K(1105920K)], 0.3252925 secs] [Times: user=1.47 sys=0.00, real=0.32 secs] 
6378.855: [GC (Allocation Failure) [PSYoungGen: 329216K->119520K(508416K)] 475095K->265400K(1906688K), 0.0416258 secs] [Times: user=0.25 sys=0.00, real=0.04 secs] 
6380.409: [GC (Allocation Failure) [PSYoungGen: 448736K->144000K(509952K)] 594616K->408284K(1908224K), 0.0655957 secs] [Times: user=0.39 sys=0.00, real=0.06 secs] 
6382.974: [GC (GCLocker Initiated GC) [PSYoungGen: 479872K->113904K(514560K)] 744156K->512589K(1912832K), 0.0767935 secs] [Times: user=0.45 sys=0.00, real=0.08 secs] 
6385.675: [GC (Allocation Failure) [PSYoungGen: 449776K->151328K(512000K)] 848464K->661836K(1910272K), 0.0555156 secs] [Times: user=0.33 sys=0.00, real=0.06 secs] 
6387.261: [GC (Allocation Failure) [PSYoungGen: 489760K->118880K(518656K)] 1000268K->770856K(1916928K), 0.0808932 secs] [Times: user=0.47 sys=0.00, real=0.08 secs] 
6388.655: [GC (Allocation Failure) [PSYoungGen: 457306K->156448K(508416K)] 1109283K->922969K(1906688K), 0.0565519 secs] [Times: user=0.33 sys=0.00, real=0.06 secs] 
6392.145: [GC (Allocation Failure) [PSYoungGen: 489760K->109616K(516096K)] 1256281K->1023390K(1914368K), 0.1281270 secs] [Times: user=0.76 sys=0.01, real=0.13 secs] 
6394.041: [GC (Allocation Failure) [PSYoungGen: 442928K->156256K(506368K)] 1356702K->1175266K(1904640K), 0.0531509 secs] [Times: user=0.31 sys=0.00, real=0.05 secs] 
6397.106: [GC (Allocation Failure) [PSYoungGen: 483424K->98176K(513024K)] 1502434K->1272730K(1911296K), 0.1638624 secs] [Times: user=0.98 sys=0.00, real=0.16 secs] 
6397.642: [GC (Allocation Failure) [PSYoungGen: 425344K->159584K(499712K)] 1599898K->1426299K(1897984K), 0.0564907 secs] [Times: user=0.34 sys=0.00, real=0.06 secs] 
6397.699: [Full GC (Ergonomics) [PSYoungGen: 159584K->0K(499712K)] [ParOldGen: 1266715K->223564K(1398272K)] 1426299K->223564K(1897984K), [Metaspace: 59738K->59738K(1105920K)], 0.5185002 secs] [Times: user=2.41 sys=0.00, real=0.52 secs] 
6401.482: [GC (Allocation Failure) [PSYoungGen: 314880K->92352K(506880K)] 538444K->315916K(1905152K), 0.1165943 secs] [Times: user=0.69 sys=0.00, real=0.12 secs] 
6401.868: [GC (Allocation Failure) [PSYoungGen: 407232K->150784K(501248K)] 630796K->460788K(1899520K), 0.0549564 secs] [Times: user=0.33 sys=0.00, real=0.05 secs] 
6405.788: [GC (Allocation Failure) [PSYoungGen: 460544K->89504K(504320K)] 770548K->549385K(1902592K), 0.1669098 secs] [Times: user=0.99 sys=0.00, real=0.16 secs] 
6406.640: [GC (Allocation Failure) [PSYoungGen: 399264K->151136K(498176K)] 859145K->693918K(1896448K), 0.0534582 secs] [Times: user=0.32 sys=0.00, real=0.05 secs] 
6409.008: [GC (Allocation Failure) [PSYoungGen: 454752K->90720K(501248K)] 997534K->784558K(1899520K), 0.1377615 secs] [Times: user=0.82 sys=0.00, real=0.14 secs] 
6410.455: [GC (Allocation Failure) [PSYoungGen: 394336K->143888K(501248K)] 1088174K->922420K(1899520K), 0.0527226 secs] [Times: user=0.31 sys=0.00, real=0.06 secs] 
6413.145: [GC (Allocation Failure) [PSYoungGen: 448528K->93536K(398336K)] 1227060K->1014919K(1796608K), 0.0991613 secs] [Times: user=0.58 sys=0.00, real=0.10 secs] 
6414.209: [GC (Allocation Failure) [PSYoungGen: 396881K->140736K(500224K)] 1318265K->1151564K(1898496K), 0.0534274 secs] [Times: user=0.31 sys=0.00, real=0.05 secs] 
6417.091: [GC (Allocation Failure) [PSYoungGen: 445888K->98272K(500224K)] 1456716K->1240584K(1898496K), 0.0618231 secs] [Times: user=0.36 sys=0.00, real=0.06 secs] 
6419.138: [GC (Allocation Failure) [PSYoungGen: 403424K->142176K(499712K)] 1545736K->1379245K(1897984K), 0.0490893 secs] [Times: user=0.29 sys=0.00, real=0.05 secs] 
6419.187: [Full GC (Ergonomics) [PSYoungGen: 142176K->0K(499712K)] [ParOldGen: 1237069K->186090K(1398272K)] 1379245K->186090K(1897984K), [Metaspace: 59738K->59738K(1105920K)], 0.4466605 secs] [Times: user=2.08 sys=0.00, real=0.44 secs] 
6421.455: [GC (Allocation Failure) [PSYoungGen: 307712K->102016K(500736K)] 493802K->288106K(1899008K), 0.0463680 secs] [Times: user=0.28 sys=0.00, real=0.05 secs] 
6424.137: [GC (Allocation Failure) [PSYoungGen: 409728K->139712K(503296K)] 595818K->424600K(1901568K), 0.0497842 secs] [Times: user=0.29 sys=0.00, real=0.05 secs] 
6425.433: [GC (GCLocker Initiated GC) [PSYoungGen: 453568K->106352K(503296K)] 738456K->521784K(1901568K), 0.0627279 secs] [Times: user=0.37 sys=0.01, real=0.07 secs] 
6428.506: [GC (Allocation Failure) [PSYoungGen: 420208K->143072K(504320K)] 835692K->662097K(1902592K), 0.0521792 secs] [Times: user=0.31 sys=0.00, real=0.05 secs] 
6429.670: [GC (GCLocker Initiated GC) [PSYoungGen: 461536K->109456K(505856K)] 980561K->762438K(1904128K), 0.0816079 secs] [Times: user=0.48 sys=0.01, real=0.08 secs] 
6431.197: [GC (Allocation Failure) [PSYoungGen: 427920K->144576K(506368K)] 1080954K->904622K(1904640K), 0.0532610 secs] [Times: user=0.32 sys=0.00, real=0.05 secs] 
6433.592: [GC (Allocation Failure) [PSYoungGen: 467648K->109568K(508928K)] 1227694K->1004886K(1907200K), 0.0657298 secs] [Times: user=0.39 sys=0.00, real=0.07 secs] 
6434.838: [GC (Allocation Failure) [PSYoungGen: 432640K->151360K(506368K)] 1327958K->1152635K(1904640K), 0.0560160 secs] [Times: user=0.29 sys=0.00, real=0.05 secs] 
6439.030: [GC (Allocation Failure) [PSYoungGen: 475968K->106368K(511488K)] 1477243K->1249403K(1909760K), 0.1237360 secs] [Times: user=0.73 sys=0.00, real=0.12 secs] 
6441.307: [GC (Allocation Failure) [PSYoungGen: 430976K->149600K(507904K)] 1574011K->1395400K(1906176K), 0.0531740 secs] [Times: user=0.31 sys=0.00, real=0.05 secs] 
6441.360: [Full GC (Ergonomics) [PSYoungGen: 149600K->0K(507904K)] [ParOldGen: 1245800K->193055K(1398272K)] 1395400K->193055K(1906176K), [Metaspace: 59749K->59749K(1105920K)], 0.4528872 secs] [Times: user=2.09 sys=0.00, real=0.45 secs] 
6444.612: [GC (Allocation Failure) [PSYoungGen: 324096K->105312K(511488K)] 517151K->298367K(1909760K), 0.0318357 secs] [Times: user=0.19 sys=0.00, real=0.03 secs] 
6446.329: [GC (Allocation Failure) [PSYoungGen: 425310K->148800K(507904K)] 618365K->443436K(1906176K), 0.0507468 secs] [Times: user=0.30 sys=0.00, real=0.05 secs] 
6448.353: [GC (Allocation Failure) [PSYoungGen: 471872K->107424K(510976K)] 766508K->541900K(1909248K), 0.1019523 secs] [Times: user=0.61 sys=0.01, real=0.10 secs] 
6450.452: [GC (Allocation Failure) [PSYoungGen: 423610K->143712K(510464K)] 858087K->681681K(1908736K), 0.0511230 secs] [Times: user=0.30 sys=0.00, real=0.05 secs] 
6452.774: [GC (Allocation Failure) [PSYoungGen: 468832K->107360K(432640K)] 1006801K->780245K(1830912K), 0.1187596 secs] [Times: user=0.70 sys=0.00, real=0.12 secs] 
6453.777: [GC (Allocation Failure) [PSYoungGen: 424515K->144960K(508416K)] 1097401K->920958K(1906688K), 0.0516444 secs] [Times: user=0.31 sys=0.01, real=0.05 secs] 
6456.272: [GC (Allocation Failure) [PSYoungGen: 470080K->112064K(510464K)] 1246078K->1023342K(1908736K), 0.0826370 secs] [Times: user=0.49 sys=0.00, real=0.08 secs] 
6457.518: [GC (Allocation Failure) [PSYoungGen: 437174K->150144K(508416K)] 1348453K->1169867K(1906688K), 0.0540093 secs] [Times: user=0.32 sys=0.00, real=0.05 secs] 
6460.481: [GC (Allocation Failure) [PSYoungGen: 476800K->101184K(512000K)] 1496523K->1270231K(1910272K), 0.1120245 secs] [Times: user=0.67 sys=0.00, real=0.11 secs] 
6461.366: [GC (Allocation Failure) [PSYoungGen: 427840K->154608K(504320K)] 1596887K->1418745K(1902592K), 0.0576604 secs] [Times: user=0.34 sys=0.00, real=0.05 secs] 
6461.424: [Full GC (Ergonomics) [PSYoungGen: 154608K->0K(504320K)] [ParOldGen: 1264136K->218569K(1398272K)] 1418745K->218569K(1902592K), [Metaspace: 59749K->59749K(1105920K)], 0.5076323 secs] [Times: user=2.36 sys=0.00, real=0.51 secs] 
6465.749: [GC (Allocation Failure) [PSYoungGen: 320000K->95152K(509440K)] 538569K->313721K(1907712K), 0.0891887 secs] [Times: user=0.52 sys=0.00, real=0.09 secs] 
6466.580: [GC (Allocation Failure) [PSYoungGen: 415152K->153776K(501760K)] 633721K->461338K(1900032K), 0.0818273 secs] [Times: user=0.49 sys=0.00, real=0.08 secs] 
6469.726: [GC (Allocation Failure) [PSYoungGen: 466608K->92832K(505856K)] 774170K->553786K(1904128K), 0.1605201 secs] [Times: user=0.95 sys=0.00, real=0.16 secs] 
6470.155: [GC (Allocation Failure) [PSYoungGen: 405664K->150912K(500224K)] 866618K->698038K(1898496K), 0.0548766 secs] [Times: user=0.32 sys=0.00, real=0.06 secs] 
6472.625: [GC (Allocation Failure) [PSYoungGen: 458624K->92448K(503296K)] 1005750K->789718K(1901568K), 0.1719898 secs] [Times: user=1.03 sys=0.00, real=0.18 secs] 
6473.125: [GC (Allocation Failure) [PSYoungGen: 400160K->150304K(498176K)] 1097430K->933971K(1896448K), 0.0553237 secs] [Times: user=0.32 sys=0.00, real=0.06 secs] 
6476.069: [GC (Allocation Failure) [PSYoungGen: 453920K->87248K(501248K)] 1237587K->1021040K(1899520K), 0.1458815 secs] [Times: user=0.87 sys=0.00, real=0.15 secs] 
6476.688: [GC (Allocation Failure) [PSYoungGen: 390864K->147696K(497664K)] 1324656K->1162921K(1895936K), 0.0522725 secs] [Times: user=0.31 sys=0.00, real=0.05 secs] 
6478.775: [GC (Allocation Failure) [PSYoungGen: 448240K->88160K(499712K)] 1463465K->1250548K(1897984K), 0.1452392 secs] [Times: user=0.87 sys=0.01, real=0.15 secs] 
6480.152: [GC (Allocation Failure) [PSYoungGen: 388704K->141344K(499200K)] 1551092K->1387761K(1897472K), 0.0501437 secs] [Times: user=0.29 sys=0.00, real=0.05 secs] 
6480.202: [Full GC (Ergonomics) [PSYoungGen: 141344K->0K(499200K)] [ParOldGen: 1246417K->195298K(1398272K)] 1387761K->195298K(1897472K), [Metaspace: 59749K->59749K(1105920K)], 0.4633172 secs] [Times: user=2.15 sys=0.00, real=0.47 secs] 
6482.536: [GC (Allocation Failure) [PSYoungGen: 302080K->98256K(400384K)] 497378K->293554K(1798656K), 0.0745998 secs] [Times: user=0.43 sys=0.01, real=0.07 secs] 
6484.025: [GC (Allocation Failure) [PSYoungGen: 400336K->140096K(499200K)] 595634K->429907K(1897472K), 0.0479009 secs] [Times: user=0.28 sys=0.00, real=0.04 secs] 
6486.037: [GC (Allocation Failure) [PSYoungGen: 444736K->102208K(498688K)] 734547K->523415K(1896960K), 0.0624069 secs] [Times: user=0.36 sys=0.00, real=0.06 secs] 
6488.616: [GC (Allocation Failure) [PSYoungGen: 406848K->135776K(501760K)] 828055K->657024K(1900032K), 0.0505329 secs] [Times: user=0.30 sys=0.00, real=0.05 secs] 
6491.320: [GC (Allocation Failure) [PSYoungGen: 447072K->104544K(500736K)] 968320K->752592K(1899008K), 0.0616778 secs] [Times: user=0.36 sys=0.00, real=0.06 secs] 
6493.012: [GC (Allocation Failure) [PSYoungGen: 415840K->139984K(503296K)] 1063888K->890166K(1901568K), 0.0535091 secs] [Times: user=0.32 sys=0.00, real=0.06 secs] 
6494.174: [GC (Allocation Failure) [PSYoungGen: 457936K->111296K(504320K)] 1208118K->991493K(1902592K), 0.0809709 secs] [Times: user=0.48 sys=0.00, real=0.09 secs] 
6495.980: [GC (Allocation Failure) [PSYoungGen: 429248K->146208K(505856K)] 1309445K->1135450K(1904128K), 0.0554424 secs] [Times: user=0.33 sys=0.01, real=0.05 secs] 
6497.226: [GC (Allocation Failure) [PSYoungGen: 470304K->113312K(508928K)] 1459546K->1239354K(1907200K), 0.0657391 secs] [Times: user=0.39 sys=0.00, real=0.06 secs] 
6499.889: [GC (Allocation Failure) [PSYoungGen: 437408K->158816K(502784K)] 1563450K->1392910K(1901056K), 0.0554889 secs] [Times: user=0.33 sys=0.00, real=0.05 secs] 
6499.945: [Full GC (Ergonomics) [PSYoungGen: 158816K->0K(502784K)] [ParOldGen: 1234094K->183990K(1398272K)] 1392910K->183990K(1901056K), [Metaspace: 59749K->59749K(1105920K)], 0.4285791 secs] [Times: user=1.98 sys=0.00, real=0.43 secs] 
6501.397: [GC (Allocation Failure) [PSYoungGen: 322048K->107440K(510464K)] 506038K->291431K(1908736K), 0.0327158 secs] [Times: user=0.19 sys=0.00, real=0.03 secs] 
6503.334: [GC (Allocation Failure) [PSYoungGen: 429488K->160304K(499200K)] 613479K->447752K(1897472K), 0.0526613 secs] [Times: user=0.31 sys=0.00, real=0.06 secs] 
6504.927: [GC (Allocation Failure) [PSYoungGen: 474160K->107568K(506368K)] 761608K->538440K(1904640K), 0.0654786 secs] [Times: user=0.39 sys=0.00, real=0.06 secs] 
6506.222: [GC (Allocation Failure) [PSYoungGen: 421424K->145584K(505344K)] 852300K->680457K(1903616K), 0.0521585 secs] [Times: user=0.30 sys=0.01, real=0.05 secs] 
6508.474: [GC (Allocation Failure) [PSYoungGen: 462512K->104896K(507392K)] 997385K->776188K(1905664K), 0.0649002 secs] [Times: user=0.38 sys=0.00, real=0.07 secs] 
6509.957: [GC (Allocation Failure) [PSYoungGen: 421824K->147968K(506368K)] 1093116K->920497K(1904640K), 0.0510029 secs] [Times: user=0.30 sys=0.00, real=0.05 secs] 
6512.234: [GC (GCLocker Initiated GC) [PSYoungGen: 465920K->103856K(421888K)] 1238450K->1015275K(1820160K), 0.0654316 secs] [Times: user=0.38 sys=0.01, real=0.07 secs] 
6514.196: [GC (Allocation Failure) [PSYoungGen: 421808K->157232K(499712K)] 1333231K->1168756K(1897984K), 0.0516370 secs] [Times: user=0.31 sys=0.00, real=0.05 secs] 
6517.204: [GC (Allocation Failure) [PSYoungGen: 469040K->100368K(505344K)] 1480564K->1259652K(1903616K), 0.0693652 secs] [Times: user=0.41 sys=0.00, real=0.07 secs] 
6518.813: [GC (Allocation Failure) [PSYoungGen: 412176K->144864K(504832K)] 1571460K->1401094K(1903104K), 0.0503221 secs] [Times: user=0.29 sys=0.01, real=0.05 secs] 
6518.863: [Full GC (Ergonomics) [PSYoungGen: 144864K->0K(504832K)] [ParOldGen: 1256230K->190816K(1398272K)] 1401094K->190816K(1903104K), [Metaspace: 59749K->59749K(1105920K)], 0.4469724 secs] [Times: user=2.08 sys=0.00, real=0.45 secs] 
6521.339: [GC (Allocation Failure) [PSYoungGen: 313344K->106528K(420352K)] 504160K->297345K(1818624K), 0.0322241 secs] [Times: user=0.18 sys=0.00, real=0.03 secs] 
6523.174: [GC (Allocation Failure) [PSYoungGen: 419872K->146368K(502784K)] 610689K->439998K(1901056K), 0.0513780 secs] [Times: user=0.30 sys=0.00, real=0.06 secs] 
6525.727: [GC (Allocation Failure) [PSYoungGen: 459712K->102336K(504320K)] 753342K->533130K(1902592K), 0.0639977 secs] [Times: user=0.38 sys=0.01, real=0.06 secs] 
6527.426: [GC (Allocation Failure) [PSYoungGen: 415680K->143248K(506880K)] 846474K->672791K(1905152K), 0.0502529 secs] [Times: user=0.29 sys=0.01, real=0.05 secs] 
6529.223: [GC (Allocation Failure) [PSYoungGen: 461200K->109616K(428032K)] 990743K->772752K(1826304K), 0.0897519 secs] [Times: user=0.53 sys=0.00, real=0.09 secs] 
6530.794: [GC (Allocation Failure) [PSYoungGen: 427568K->157888K(500224K)] 1090704K->927148K(1898496K), 0.0540426 secs] [Times: user=0.31 sys=0.00, real=0.06 secs] 
6532.799: [GC (Allocation Failure) [PSYoungGen: 472256K->103712K(506368K)] 1241516K->1013780K(1904640K), 0.1284084 secs] [Times: user=0.77 sys=0.00, real=0.13 secs] 
6534.411: [GC (Allocation Failure) [PSYoungGen: 418080K->148864K(504832K)] 1328148K->1158329K(1903104K), 0.0507730 secs] [Times: user=0.30 sys=0.00, real=0.05 secs] 
6536.427: [GC (Allocation Failure) [PSYoungGen: 463744K->103168K(506880K)] 1473209K->1252757K(1905152K), 0.1163631 secs] [Times: user=0.70 sys=0.00, real=0.11 secs] 
6538.412: [GC (Allocation Failure) [PSYoungGen: 418048K->148000K(504832K)] 1567637K->1396497K(1903104K), 0.0508463 secs] [Times: user=0.30 sys=0.01, real=0.05 secs] 
6538.463: [Full GC (Ergonomics) [PSYoungGen: 148000K->0K(504832K)] [ParOldGen: 1248497K->194821K(1398272K)] 1396497K->194821K(1903104K), [Metaspace: 59749K->59749K(1105920K)], 0.4586607 secs] [Times: user=2.13 sys=0.00, real=0.46 secs] 
6540.222: [GC (Allocation Failure) [PSYoungGen: 314880K->102464K(506880K)] 509701K->297285K(1905152K), 0.0393302 secs] [Times: user=0.23 sys=0.00, real=0.04 secs] 
6543.443: [GC (Allocation Failure) [PSYoungGen: 417344K->146720K(505856K)] 612165K->439962K(1904128K), 0.0498448 secs] [Times: user=0.29 sys=0.00, real=0.05 secs] 
6544.625: [GC (Allocation Failure) [PSYoungGen: 462624K->105488K(421888K)] 755866K->536555K(1820160K), 0.0648820 secs] [Times: user=0.39 sys=0.00, real=0.06 secs] 
6546.771: [GC (Allocation Failure) [PSYoungGen: 421392K->146624K(504832K)] 852459K->679875K(1903104K), 0.0510492 secs] [Times: user=0.30 sys=0.00, real=0.05 secs] 
6548.829: [GC (GCLocker Initiated GC) [PSYoungGen: 463040K->102528K(506368K)] 996291K->773363K(1904640K), 0.1122276 secs] [Times: user=0.66 sys=0.01, real=0.11 secs] 
6550.475: [GC (Allocation Failure) [PSYoungGen: 418944K->149376K(505344K)] 1089782K->918882K(1903616K), 0.0506669 secs] [Times: user=0.29 sys=0.01, real=0.05 secs] 
6552.475: [GC (GCLocker Initiated GC) [PSYoungGen: 466304K->104624K(507904K)] 1235810K->1014738K(1906176K), 0.0656557 secs] [Times: user=0.39 sys=0.00, real=0.07 secs] 
6554.991: [GC (Allocation Failure) [PSYoungGen: 421552K->145232K(506880K)] 1331669K->1156125K(1905152K), 0.1443312 secs] [Times: user=0.86 sys=0.00, real=0.14 secs] 
6556.994: [GC (Allocation Failure) [PSYoungGen: 463696K->109216K(428032K)] 1474589K->1256305K(1826304K), 0.0649693 secs] [Times: user=0.38 sys=0.01, real=0.07 secs] 
6558.969: [GC (Allocation Failure) [PSYoungGen: 425997K->145232K(505856K)] 1573087K->1397954K(1904128K), 0.0526403 secs] [Times: user=0.31 sys=0.00, real=0.05 secs] 
6559.022: [Full GC (Ergonomics) [PSYoungGen: 145232K->0K(505856K)] [ParOldGen: 1252722K->197264K(1398272K)] 1397954K->197264K(1904128K), [Metaspace: 59749K->59749K(1105920K)], 0.4739711 secs] [Times: user=2.21 sys=0.01, real=0.48 secs] 
6561.495: [GC (Allocation Failure) [PSYoungGen: 319488K->107328K(507392K)] 516752K->304592K(1905664K), 0.0316108 secs] [Times: user=0.18 sys=0.00, real=0.04 secs] 
6563.917: [GC (Allocation Failure) [PSYoungGen: 424447K->144384K(508928K)] 621711K->445221K(1907200K), 0.0507446 secs] [Times: user=0.30 sys=0.00, real=0.05 secs] 
6565.548: [GC (Allocation Failure) [PSYoungGen: 467968K->108864K(509952K)] 768805K->544441K(1908224K), 0.0886762 secs] [Times: user=0.53 sys=0.00, real=0.09 secs] 
6566.876: [GC (Allocation Failure) [PSYoungGen: 417489K->142112K(509952K)] 853066K->682581K(1908224K), 0.0508929 secs] [Times: user=0.30 sys=0.01, real=0.05 secs] 
6568.191: [GC (Allocation Failure) [PSYoungGen: 468768K->108080K(510464K)] 1009237K->781718K(1908736K), 0.0885864 secs] [Times: user=0.53 sys=0.00, real=0.09 secs] 
6570.674: [GC (Allocation Failure) [PSYoungGen: 434736K->152288K(508416K)] 1108374K->929754K(1906688K), 0.0522983 secs] [Times: user=0.30 sys=0.01, real=0.06 secs] 
6574.257: [GC (Allocation Failure) [PSYoungGen: 479456K->98320K(513024K)] 1256922K->1027419K(1911296K), 0.1548164 secs] [Times: user=0.92 sys=0.01, real=0.15 secs] 
6575.130: [GC (Allocation Failure) [PSYoungGen: 425488K->157168K(502272K)] 1354587K->1178300K(1900544K), 0.0572952 secs] [Times: user=0.34 sys=0.00, real=0.06 secs] 
6578.431: [GC (Allocation Failure) [PSYoungGen: 474096K->92864K(507904K)] 1495228K->1270759K(1906176K), 0.1722420 secs] [Times: user=1.03 sys=0.00, real=0.17 secs] 
6579.072: [GC (Allocation Failure) [PSYoungGen: 409792K->153296K(500736K)] 1587687K->1418237K(1899008K), 0.0660567 secs] [Times: user=0.32 sys=0.00, real=0.07 secs] 
6579.138: [Full GC (Ergonomics) [PSYoungGen: 153296K->0K(500736K)] [ParOldGen: 1264940K->217449K(1398272K)] 1418237K->217449K(1899008K), [Metaspace: 59749K->59749K(1105920K)], 0.4959229 secs] [Times: user=2.25 sys=0.00, real=0.49 secs] 
6581.985: [GC (Allocation Failure) [PSYoungGen: 309760K->90688K(504320K)] 527209K->308137K(1902592K), 0.1347429 secs] [Times: user=0.80 sys=0.00, real=0.14 secs] 
6582.810: [GC (Allocation Failure) [PSYoungGen: 400448K->165168K(487936K)] 617897K->467318K(1886208K), 0.0531941 secs] [Times: user=0.32 sys=0.00, real=0.05 secs] 
6585.955: [GC (Allocation Failure) [PSYoungGen: 458544K->84288K(496128K)] 760694K->534758K(1894400K), 0.1536109 secs] [Times: user=0.91 sys=0.00, real=0.15 secs] 
6587.367: [GC (Allocation Failure) [PSYoungGen: 377664K->138512K(491008K)] 828134K->668795K(1889280K), 0.0474169 secs] [Times: user=0.28 sys=0.00, real=0.04 secs] 
6589.311: [GC (Allocation Failure) [PSYoungGen: 431888K->95360K(493568K)] 962171K->755070K(1891840K), 0.0636759 secs] [Times: user=0.35 sys=0.00, real=0.06 secs] 
6591.983: [GC (GCLocker Initiated GC) [PSYoungGen: 388736K->132208K(491520K)] 1048448K->884742K(1889792K), 0.0495224 secs] [Times: user=0.28 sys=0.01, real=0.05 secs] 
6593.559: [GC (Allocation Failure) [PSYoungGen: 433264K->103264K(495104K)] 1185849K->978904K(1893376K), 0.0626707 secs] [Times: user=0.37 sys=0.00, real=0.06 secs] 
6596.279: [GC (Allocation Failure) [PSYoungGen: 404320K->133056K(499712K)] 1279960K->1110045K(1897984K), 0.0618551 secs] [Times: user=0.36 sys=0.00, real=0.06 secs] 
6597.800: [GC (Allocation Failure) [PSYoungGen: 447424K->111376K(502272K)] 1424413K->1212017K(1900544K), 0.0638787 secs] [Times: user=0.38 sys=0.00, real=0.06 secs] 
6600.638: [GC (Allocation Failure) [PSYoungGen: 425744K->137184K(509440K)] 1526385K->1347822K(1907712K), 0.0645895 secs] [Times: user=0.38 sys=0.00, real=0.06 secs] 
6601.820: [GC (Allocation Failure) [PSYoungGen: 463328K->113840K(508928K)] 1673966K->1452270K(1907200K), 0.0680093 secs] [Times: user=0.40 sys=0.00, real=0.07 secs] 
6601.888: [Full GC (Ergonomics) [PSYoungGen: 113840K->0K(508928K)] [ParOldGen: 1338429K->20765K(1398272K)] 1452270K->20765K(1907200K), [Metaspace: 59749K->59749K(1105920K)], 0.0333572 secs] [Times: user=0.09 sys=0.00, real=0.03 secs] 
6604.607: [GC (Allocation Failure) [PSYoungGen: 326144K->146720K(508416K)] 346909K->167485K(1906688K), 0.0314249 secs] [Times: user=0.18 sys=0.00, real=0.03 secs] 
6605.735: [GC (Allocation Failure) [PSYoungGen: 476448K->112256K(511488K)] 497213K->270605K(1909760K), 0.0809369 secs] [Times: user=0.48 sys=0.00, real=0.08 secs] 
6608.722: [GC (Allocation Failure) [PSYoungGen: 441984K->151296K(510464K)] 600333K->419042K(1908736K), 0.0542617 secs] [Times: user=0.32 sys=0.00, real=0.06 secs] 
6610.161: [GC (Allocation Failure) [PSYoungGen: 483584K->112480K(515584K)] 751330K->522538K(1913856K), 0.0871161 secs] [Times: user=0.51 sys=0.00, real=0.09 secs] 
6612.083: [GC (Allocation Failure) [PSYoungGen: 444768K->155600K(506880K)] 854826K->674039K(1905152K), 0.0539864 secs] [Times: user=0.32 sys=0.01, real=0.06 secs] 
6614.377: [GC (Allocation Failure) [PSYoungGen: 482768K->109504K(513024K)] 1001207K->774455K(1911296K), 0.1019500 secs] [Times: user=0.60 sys=0.00, real=0.10 secs] 
6616.367: [GC (Allocation Failure) [PSYoungGen: 436672K->153728K(506368K)] 1101623K->924092K(1904640K), 0.0535844 secs] [Times: user=0.32 sys=0.00, real=0.05 secs] 
6619.574: [GC (Allocation Failure) [PSYoungGen: 475849K->94320K(510976K)] 1246213K->1017920K(1909248K), 0.1553171 secs] [Times: user=0.93 sys=0.00, real=0.16 secs] 
6620.877: [GC (Allocation Failure) [PSYoungGen: 417392K->152000K(503808K)] 1340992K->1165996K(1902080K), 0.0548870 secs] [Times: user=0.33 sys=0.00, real=0.05 secs] 
6623.331: [GC (Allocation Failure) [PSYoungGen: 467904K->93504K(507392K)] 1481900K->1259029K(1905664K), 0.1493812 secs] [Times: user=0.89 sys=0.00, real=0.15 secs] 
6624.018: [GC (Allocation Failure) [PSYoungGen: 409408K->152192K(500736K)] 1574933K->1405293K(1899008K), 0.0549678 secs] [Times: user=0.32 sys=0.01, real=0.05 secs] 
6624.073: [Full GC (Ergonomics) [PSYoungGen: 152192K->0K(500736K)] [ParOldGen: 1253101K->210614K(1398272K)] 1405293K->210614K(1899008K), [Metaspace: 59749K->59749K(1105920K)], 0.4877392 secs] [Times: user=2.26 sys=0.00, real=0.49 secs] 
6626.861: [GC (Allocation Failure) [PSYoungGen: 305847K->90544K(504320K)] 516461K->301159K(1902592K), 0.1642614 secs] [Times: user=0.98 sys=0.00, real=0.16 secs] 
6627.746: [GC (Allocation Failure) [PSYoungGen: 400283K->147584K(500736K)] 610897K->444675K(1899008K), 0.0519335 secs] [Times: user=0.31 sys=0.00, real=0.05 secs] 
6630.117: [GC (Allocation Failure) [PSYoungGen: 454272K->90720K(502784K)] 751363K->535024K(1901056K), 0.1723546 secs] [Times: user=1.02 sys=0.00, real=0.17 secs] 
6631.630: [GC (Allocation Failure) [PSYoungGen: 397408K->142368K(501760K)] 841712K->673668K(1900032K), 0.0497953 secs] [Times: user=0.30 sys=0.00, real=0.05 secs] 
6632.894: [GC (Allocation Failure) [PSYoungGen: 450080K->101504K(409600K)] 981380K->766232K(1807872K), 0.0865543 secs] [Times: user=0.51 sys=0.00, real=0.09 secs] 
6635.063: [GC (Allocation Failure) [PSYoungGen: 409216K->144064K(500736K)] 1073944K->906453K(1899008K), 0.0499127 secs] [Times: user=0.30 sys=0.00, real=0.05 secs] 
6637.045: [GC (Allocation Failure) [PSYoungGen: 452800K->102144K(501760K)] 1215189K->999425K(1900032K), 0.0773496 secs] [Times: user=0.46 sys=0.00, real=0.08 secs] 
6638.561: [GC (Allocation Failure) [PSYoungGen: 410880K->143552K(502784K)] 1308161K->1139148K(1901056K), 0.1396290 secs] [Times: user=0.80 sys=0.00, real=0.14 secs] 
6641.147: [GC (Allocation Failure) [PSYoungGen: 456384K->105152K(503808K)] 1451980K->1234868K(1902080K), 0.0661911 secs] [Times: user=0.38 sys=0.01, real=0.06 secs] 
6643.518: [GC (Allocation Failure) [PSYoungGen: 417984K->154224K(500736K)] 1547700K->1385594K(1899008K), 0.0537903 secs] [Times: user=0.32 sys=0.00, real=0.05 secs] 
6643.572: [Full GC (Ergonomics) [PSYoungGen: 154224K->0K(500736K)] [ParOldGen: 1231369K->184391K(1398272K)] 1385594K->184391K(1899008K), [Metaspace: 59749K->59749K(1105920K)], 0.4325630 secs] [Times: user=2.00 sys=0.00, real=0.43 secs] 
6645.862: [GC (Allocation Failure) [PSYoungGen: 312832K->100560K(505856K)] 497223K->284952K(1904128K), 0.0324947 secs] [Times: user=0.19 sys=0.01, real=0.03 secs] 
6648.518: [GC (Allocation Failure) [PSYoungGen: 413392K->145504K(505344K)] 597784K->427764K(1903616K), 0.0510474 secs] [Times: user=0.30 sys=0.00, real=0.05 secs] 
6650.291: [GC (Allocation Failure) [PSYoungGen: 460384K->110080K(425472K)] 742644K->529360K(1823744K), 0.0639984 secs] [Times: user=0.38 sys=0.00, real=0.06 secs] 
6651.928: [GC (Allocation Failure) [PSYoungGen: 424960K->144384K(502784K)] 844240K->668093K(1901056K), 0.0526753 secs] [Times: user=0.31 sys=0.00, real=0.05 secs] 
6653.185: [GC (Allocation Failure) [PSYoungGen: 459264K->108320K(504320K)] 982973K->766405K(1902592K), 0.0645838 secs] [Times: user=0.39 sys=0.00, real=0.06 secs] 
6654.996: [GC (Allocation Failure) [PSYoungGen: 423200K->148416K(504320K)] 1081285K->911554K(1902592K), 0.0533194 secs] [Times: user=0.32 sys=0.00, real=0.05 secs] 
6657.243: [GC (Allocation Failure) [PSYoungGen: 466880K->105648K(507392K)] 1230018K->1008143K(1905664K), 0.1772266 secs] [Times: user=1.06 sys=0.00, real=0.18 secs] 
6658.494: [GC (Allocation Failure) [PSYoungGen: 424112K->149856K(506368K)] 1326607K->1154631K(1904640K), 0.0633630 secs] [Times: user=0.37 sys=0.00, real=0.07 secs] 
6660.711: [GC (Allocation Failure) [PSYoungGen: 469856K->107008K(509440K)] 1474631K->1252679K(1907712K), 0.0654614 secs] [Times: user=0.38 sys=0.00, real=0.07 secs] 
6662.911: [GC (GCLocker Initiated GC) [PSYoungGen: 427008K->148208K(506880K)] 1572679K->1397176K(1905152K), 0.0835615 secs] [Times: user=0.49 sys=0.00, real=0.08 secs] 
6662.994: [Full GC (Ergonomics) [PSYoungGen: 148208K->0K(506880K)] [ParOldGen: 1248968K->194590K(1398272K)] 1397176K->194590K(1905152K), [Metaspace: 59749K->59749K(1105920K)], 0.4726924 secs] [Times: user=2.19 sys=0.00, real=0.48 secs] 
6666.259: [GC (Allocation Failure) [PSYoungGen: 320512K->106032K(509440K)] 515105K->300625K(1907712K), 0.0871961 secs] [Times: user=0.52 sys=0.00, real=0.09 secs] 
6667.581: [GC (Allocation Failure) [PSYoungGen: 420542K->146736K(507904K)] 615135K->443138K(1906176K), 0.0500409 secs] [Times: user=0.30 sys=0.00, real=0.05 secs] 
6670.156: [GC (Allocation Failure) [PSYoungGen: 468272K->104832K(509952K)] 764674K->539473K(1908224K), 0.0984265 secs] [Times: user=0.58 sys=0.00, real=0.09 secs] 
6672.073: [GC (Allocation Failure) [PSYoungGen: 421456K->147008K(508416K)] 856097K->682410K(1906688K), 0.0505582 secs] [Times: user=0.29 sys=0.00, real=0.05 secs] 
6674.594: [GC (Allocation Failure) [PSYoungGen: 469056K->108400K(430592K)] 1004458K->781883K(1828864K), 0.1051702 secs] [Times: user=0.63 sys=0.00, real=0.11 secs] 
6675.753: [GC (Allocation Failure) [PSYoungGen: 416168K->143568K(508928K)] 1089651K->921452K(1907200K), 0.0514168 secs] [Times: user=0.30 sys=0.00, real=0.05 secs] 
6678.335: [GC (Allocation Failure) [PSYoungGen: 467152K->107552K(509440K)] 1245036K->1019611K(1907712K), 0.1048295 secs] [Times: user=0.61 sys=0.00, real=0.11 secs] 
6679.756: [GC (Allocation Failure) [PSYoungGen: 428619K->144784K(509440K)] 1340678K->1159973K(1907712K), 0.0523918 secs] [Times: user=0.30 sys=0.00, real=0.05 secs] 
6681.882: [GC (Allocation Failure) [PSYoungGen: 470928K->111648K(510976K)] 1486117K->1262044K(1909248K), 0.1549981 secs] [Times: user=0.92 sys=0.00, real=0.16 secs] 
6683.118: [GC (Allocation Failure) [PSYoungGen: 437792K->150656K(508928K)] 1588188K->1409149K(1907200K), 0.0541468 secs] [Times: user=0.33 sys=0.00, real=0.05 secs] 
6683.172: [Full GC (Ergonomics) [PSYoungGen: 150656K->0K(508928K)] [ParOldGen: 1258493K->207993K(1398272K)] 1409149K->207993K(1907200K), [Metaspace: 59749K->59749K(1105920K)], 0.4748815 secs] [Times: user=2.19 sys=0.00, real=0.48 secs] 
6686.300: [GC (Allocation Failure) [PSYoungGen: 327168K->102912K(512512K)] 535161K->310905K(1910784K), 0.1493605 secs] [Times: user=0.89 sys=0.00, real=0.15 secs] 
6686.901: [GC (Allocation Failure) [PSYoungGen: 430080K->157856K(503296K)] 638073K->462658K(1901568K), 0.0579244 secs] [Times: user=0.35 sys=0.00, real=0.06 secs] 
6690.133: [GC (Allocation Failure) [PSYoungGen: 476832K->95664K(508928K)] 781634K->557411K(1907200K), 0.1711055 secs] [Times: user=1.02 sys=0.00, real=0.17 secs] 
6690.549: [GC (Allocation Failure) [PSYoungGen: 414640K->155520K(499712K)] 876387K->706783K(1897984K), 0.0560925 secs] [Times: user=0.33 sys=0.00, real=0.05 secs] 
6694.350: [GC (Allocation Failure) [PSYoungGen: 465280K->85808K(395776K)] 1016543K->792424K(1794048K), 0.1692727 secs] [Times: user=1.01 sys=0.00, real=0.17 secs] 
6694.759: [GC (Allocation Failure) [PSYoungGen: 395568K->150624K(498688K)] 1102184K->936944K(1896960K), 0.0534180 secs] [Times: user=0.32 sys=0.00, real=0.05 secs] 
6698.786: [GC (Allocation Failure) [PSYoungGen: 454240K->87616K(501248K)] 1240560K->1024360K(1899520K), 0.1693479 secs] [Times: user=1.00 sys=0.00, real=0.17 secs] 
6699.673: [GC (Allocation Failure) [PSYoungGen: 391232K->147264K(498176K)] 1327976K->1165333K(1896448K), 0.0524342 secs] [Times: user=0.31 sys=0.00, real=0.06 secs] 
6701.829: [GC (Allocation Failure) [PSYoungGen: 447808K->87392K(499712K)] 1465877K->1252249K(1897984K), 0.1676307 secs] [Times: user=1.00 sys=0.00, real=0.17 secs] 
6703.809: [GC (Allocation Failure) [PSYoungGen: 387936K->140480K(498176K)] 1552793K->1388758K(1896448K), 0.0491157 secs] [Times: user=0.29 sys=0.00, real=0.05 secs] 
6703.858: [Full GC (Ergonomics) [PSYoungGen: 140480K->0K(498176K)] [ParOldGen: 1248278K->195900K(1398272K)] 1388758K->195900K(1896448K), [Metaspace: 59749K->59749K(1105920K)], 0.4703828 secs] [Times: user=2.19 sys=0.00, real=0.47 secs] 
6705.563: [GC (Allocation Failure) [PSYoungGen: 301568K->99232K(400896K)] 497468K->295132K(1799168K), 0.0434581 secs] [Times: user=0.25 sys=0.00, real=0.05 secs] 
6707.359: [GC (Allocation Failure) [PSYoungGen: 400800K->140448K(498688K)] 596700K->431793K(1896960K), 0.0478365 secs] [Times: user=0.28 sys=0.00, real=0.05 secs] 
6708.469: [GC (Allocation Failure) [PSYoungGen: 445088K->101712K(498688K)] 736433K->524702K(1896960K), 0.0806057 secs] [Times: user=0.47 sys=0.00, real=0.08 secs] 
6711.344: [GC (Allocation Failure) [PSYoungGen: 406352K->137056K(502272K)] 829342K->659590K(1900544K), 0.0717014 secs] [Times: user=0.43 sys=0.00, real=0.08 secs] 
6714.160: [GC (GCLocker Initiated GC) [PSYoungGen: 448864K->101280K(501248K)] 971398K->752150K(1899520K), 0.0627478 secs] [Times: user=0.36 sys=0.00, real=0.06 secs] 
6715.957: [GC (Allocation Failure) [PSYoungGen: 413088K->142560K(503296K)] 1063961K->892678K(1901568K), 0.0516965 secs] [Times: user=0.30 sys=0.00, real=0.05 secs] 
6717.123: [GC (Allocation Failure) [PSYoungGen: 459488K->108400K(505344K)] 1209606K->992031K(1903616K), 0.0643688 secs] [Times: user=0.38 sys=0.00, real=0.07 secs] 
6720.195: [GC (Allocation Failure) [PSYoungGen: 425328K->151424K(503808K)] 1308959K->1140963K(1902080K), 0.0538309 secs] [Times: user=0.32 sys=0.00, real=0.05 secs] 
6721.529: [GC (Allocation Failure) [PSYoungGen: 470912K->106960K(508416K)] 1460451K->1230599K(1906688K), 0.0670574 secs] [Times: user=0.38 sys=0.01, real=0.07 secs] 
6724.099: [GC (GCLocker Initiated GC) [PSYoungGen: 426448K->145696K(508416K)] 1550088K->1373188K(1906688K), 0.0542292 secs] [Times: user=0.32 sys=0.00, real=0.05 secs] 
6724.153: [Full GC (Ergonomics) [PSYoungGen: 145696K->0K(508416K)] [ParOldGen: 1227492K->171318K(1398272K)] 1373188K->171318K(1906688K), [Metaspace: 59749K->59749K(1105920K)], 0.4036976 secs] [Times: user=1.87 sys=0.00, real=0.41 secs] 
6725.615: [GC (GCLocker Initiated GC) [PSYoungGen: 323072K->109744K(433152K)] 494394K->281067K(1831424K), 0.0387584 secs] [Times: user=0.23 sys=0.00, real=0.04 secs] 
6728.644: [GC (Allocation Failure) [PSYoungGen: 432816K->145776K(507904K)] 604142K->424483K(1906176K), 0.0543554 secs] [Times: user=0.32 sys=0.00, real=0.06 secs] 
6730.468: [GC (Allocation Failure) [PSYoungGen: 469360K->109584K(509952K)] 748067K->524631K(1908224K), 0.0639189 secs] [Times: user=0.38 sys=0.01, real=0.06 secs] 
6732.834: [GC (Allocation Failure) [PSYoungGen: 433168K->146720K(508416K)] 848215K->669155K(1906688K), 0.0534090 secs] [Times: user=0.32 sys=0.00, real=0.06 secs] 
6735.020: [GC (Allocation Failure) [PSYoungGen: 472352K->110816K(510976K)] 994787K->770335K(1909248K), 0.1622951 secs] [Times: user=0.96 sys=0.00, real=0.16 secs] 
6737.206: [GC (GCLocker Initiated GC) [PSYoungGen: 436448K->150880K(508416K)] 1095969K->917426K(1906688K), 0.0535344 secs] [Times: user=0.32 sys=0.00, real=0.05 secs] 
6739.137: [GC (Allocation Failure) [PSYoungGen: 477024K->111712K(512512K)] 1243572K->1020112K(1910784K), 0.0695946 secs] [Times: user=0.41 sys=0.00, real=0.07 secs] 
6740.576: [GC (Allocation Failure) [PSYoungGen: 430729K->144400K(511488K)] 1339130K->1160718K(1909760K), 0.0535576 secs] [Times: user=0.30 sys=0.01, real=0.05 secs] 
6743.332: [GC (Allocation Failure) [PSYoungGen: 473104K->111936K(513024K)] 1489422K->1263025K(1911296K), 0.1459632 secs] [Times: user=0.87 sys=0.00, real=0.15 secs] 
6744.364: [GC (Allocation Failure) [PSYoungGen: 440640K->153664K(508416K)] 1591729K->1412102K(1906688K), 0.0549672 secs] [Times: user=0.31 sys=0.00, real=0.06 secs] 
6744.419: [Full GC (Ergonomics) [PSYoungGen: 153664K->0K(508416K)] [ParOldGen: 1258438K->210501K(1398272K)] 1412102K->210501K(1906688K), [Metaspace: 59749K->59749K(1105920K)], 0.4868723 secs] [Times: user=2.26 sys=0.00, real=0.49 secs] 
6748.008: [GC (Allocation Failure) [PSYoungGen: 327168K->99344K(513024K)] 537669K->309846K(1911296K), 0.1523815 secs] [Times: user=0.90 sys=0.00, real=0.15 secs] 
6748.820: [GC (Allocation Failure) [PSYoungGen: 426512K->174656K(488960K)] 637014K->477986K(1887232K), 0.0565860 secs] [Times: user=0.34 sys=0.01, real=0.06 secs] 
6753.542: [GC (Allocation Failure) [PSYoungGen: 478272K->85312K(389120K)] 781602K->546554K(1787392K), 0.1543553 secs] [Times: user=0.91 sys=0.01, real=0.16 secs] 
6754.564: [GC (Allocation Failure) [PSYoungGen: 388928K->163168K(487936K)] 850170K->703467K(1886208K), 0.0539897 secs] [Times: user=0.29 sys=0.00, real=0.06 secs] 
6756.014: [GC (Allocation Failure) [PSYoungGen: 452448K->85808K(494080K)] 992747K->772456K(1892352K), 0.0900323 secs] [Times: user=0.53 sys=0.00, real=0.09 secs] 
6759.260: [GC (Allocation Failure) [PSYoungGen: 375088K->134048K(484864K)] 1061736K->902364K(1883136K), 0.0473087 secs] [Times: user=0.28 sys=0.00, real=0.05 secs] 
6760.359: [GC (Allocation Failure) [PSYoungGen: 423328K->94016K(489472K)] 1191644K->987196K(1887744K), 0.0758197 secs] [Times: user=0.45 sys=0.00, real=0.07 secs] 
6762.779: [GC (Allocation Failure) [PSYoungGen: 383296K->131104K(488448K)] 1276476K->1116033K(1886720K), 0.0526211 secs] [Times: user=0.31 sys=0.00, real=0.05 secs] 
6764.020: [GC (Allocation Failure) [PSYoungGen: 431648K->104704K(494592K)] 1416577K->1211661K(1892864K), 0.0621701 secs] [Times: user=0.38 sys=0.00, real=0.06 secs] 
6766.846: [GC (Allocation Failure) [PSYoungGen: 405248K->131392K(496640K)] 1512205K->1341242K(1894912K), 0.0652114 secs] [Times: user=0.39 sys=0.00, real=0.06 secs] 
6768.009: [GC (Allocation Failure) [PSYoungGen: 446272K->117792K(501760K)] 1656122K->1448738K(1900032K), 0.0655177 secs] [Times: user=0.38 sys=0.01, real=0.06 secs] 
6768.074: [Full GC (Ergonomics) [PSYoungGen: 117792K->0K(501760K)] [ParOldGen: 1330946K->18060K(1398272K)] 1448738K->18060K(1900032K), [Metaspace: 59749K->59749K(1105920K)], 0.0291898 secs] [Times: user=0.07 sys=0.00, real=0.03 secs] 
6770.082: [GC (Allocation Failure) [PSYoungGen: 314880K->133232K(509440K)] 332940K->151293K(1907712K), 0.0366253 secs] [Times: user=0.21 sys=0.00, real=0.04 secs] 
6771.411: [GC (Allocation Failure) [PSYoungGen: 463984K->5424K(336384K)] 482045K->23581K(1734656K), 0.0020871 secs] [Times: user=0.00 sys=0.00, real=0.00 secs] 
6772.960: [GC (Allocation Failure) [PSYoungGen: 336176K->146832K(495616K)] 354333K->168721K(1893888K), 0.0339238 secs] [Times: user=0.20 sys=0.00, real=0.03 secs] 
6776.279: [GC (Allocation Failure) [PSYoungGen: 448400K->102800K(404480K)] 470289K->262013K(1802752K), 0.0650860 secs] [Times: user=0.39 sys=0.01, real=0.06 secs] 
6778.059: [GC (Allocation Failure) [PSYoungGen: 404368K->133760K(499200K)] 563581K->394242K(1897472K), 0.0604586 secs] [Times: user=0.36 sys=0.00, real=0.06 secs] 
6780.574: [GC (Allocation Failure) [PSYoungGen: 440448K->112608K(498688K)] 700930K->497018K(1896960K), 0.0629103 secs] [Times: user=0.37 sys=0.00, real=0.07 secs] 
6782.301: [GC (Allocation Failure) [PSYoungGen: 419296K->128080K(501248K)] 803706K->624011K(1899520K), 0.0619117 secs] [Times: user=0.36 sys=0.01, real=0.06 secs] 
6785.108: [GC (Allocation Failure) [PSYoungGen: 444496K->119936K(499200K)] 940427K->733746K(1897472K), 0.0629292 secs] [Times: user=0.38 sys=0.00, real=0.06 secs] 
6787.677: [GC (GCLocker Initiated GC) [PSYoungGen: 436352K->127952K(510464K)] 1050163K->861411K(1908736K), 0.0727961 secs] [Times: user=0.43 sys=0.00, real=0.07 secs] 
6789.695: [GC (Allocation Failure) [PSYoungGen: 461264K->2400K(508416K)] 1194726K->735953K(1906688K), 0.0038982 secs] [Times: user=0.02 sys=0.00, real=0.01 secs] 
6792.011: [GC (Allocation Failure) [PSYoungGen: 335712K->141152K(500224K)] 1069265K->876046K(1898496K), 0.0356215 secs] [Times: user=0.20 sys=0.01, real=0.04 secs] 
6793.881: [GC (Allocation Failure) [PSYoungGen: 451936K->3728K(314880K)] 1186830K->738726K(1713152K), 0.0041841 secs] [Times: user=0.03 sys=0.00, real=0.01 secs] 
6795.398: [GC (Allocation Failure) [PSYoungGen: 314512K->136832K(488960K)] 1049510K->874218K(1887232K), 0.0327406 secs] [Times: user=0.19 sys=0.00, real=0.03 secs] 
6797.354: [GC (Allocation Failure) [PSYoungGen: 422016K->109120K(394752K)] 1159402K->973890K(1793024K), 0.0640269 secs] [Times: user=0.38 sys=0.00, real=0.07 secs] 
6799.664: [GC (Allocation Failure) [PSYoungGen: 394304K->108192K(494592K)] 1259074K->1081899K(1892864K), 0.0808009 secs] [Times: user=0.46 sys=0.01, real=0.09 secs] 
6801.549: [GC (Allocation Failure) [PSYoungGen: 404128K->140288K(486912K)] 1377835K->1211087K(1885184K), 0.0608926 secs] [Times: user=0.36 sys=0.00, real=0.06 secs] 
6804.074: [GC (Allocation Failure) [PSYoungGen: 436224K->92288K(500224K)] 1507023K->1303439K(1898496K), 0.1034513 secs] [Times: user=0.61 sys=0.00, real=0.11 secs] 
6804.178: [Full GC (Ergonomics) [PSYoungGen: 92288K->0K(500224K)] [ParOldGen: 1211151K->107965K(1398272K)] 1303439K->107965K(1898496K), [Metaspace: 59749K->59749K(1105920K)], 0.2639775 secs] [Times: user=1.23 sys=0.00, real=0.26 secs] 
6805.341: [GC (Allocation Failure) [PSYoungGen: 312320K->166784K(479232K)] 420285K->274749K(1877504K), 0.0724352 secs] [Times: user=0.43 sys=0.00, real=0.07 secs] 
6808.573: [GC (Allocation Failure) [PSYoungGen: 479104K->92032K(500736K)] 587069K->350381K(1899008K), 0.1040985 secs] [Times: user=0.61 sys=0.00, real=0.11 secs] 
6808.928: [GC (Allocation Failure) [PSYoungGen: 388992K->143424K(495104K)] 647341K->487710K(1893376K), 0.0557026 secs] [Times: user=0.33 sys=0.00, real=0.05 secs] 
6812.256: [GC (Allocation Failure) [PSYoungGen: 440384K->84656K(496128K)] 784670K->571939K(1894400K), 0.1124937 secs] [Times: user=0.67 sys=0.00, real=0.11 secs] 
6812.628: [GC (Allocation Failure) [PSYoungGen: 383664K->145712K(496640K)] 870947K->711622K(1894912K), 0.0537918 secs] [Times: user=0.32 sys=0.00, real=0.05 secs] 
6816.335: [GC (Allocation Failure) [PSYoungGen: 444720K->83392K(498176K)] 1010630K->794797K(1896448K), 0.1220517 secs] [Times: user=0.64 sys=0.00, real=0.13 secs] 
6817.335: [GC (Allocation Failure) [PSYoungGen: 381888K->143776K(497152K)] 1093293K->932786K(1895424K), 0.0780332 secs] [Times: user=0.46 sys=0.00, real=0.07 secs] 
6820.077: [GC (Allocation Failure) [PSYoungGen: 442272K->86128K(496128K)] 1231282K->1018731K(1894400K), 0.1149733 secs] [Times: user=0.68 sys=0.00, real=0.11 secs] 
6821.815: [GC (Allocation Failure) [PSYoungGen: 384624K->141664K(496640K)] 1317227K->1156043K(1894912K), 0.0481962 secs] [Times: user=0.29 sys=0.00, real=0.05 secs] 
6823.842: [GC (Allocation Failure) [PSYoungGen: 440160K->93888K(493568K)] 1454539K->1240991K(1891840K), 0.0658790 secs] [Times: user=0.40 sys=0.00, real=0.07 secs] 
6826.847: [GC (Allocation Failure) [PSYoungGen: 394432K->147040K(496128K)] 1541535K->1384164K(1894400K), 0.0491929 secs] [Times: user=0.29 sys=0.00, real=0.05 secs] 
6826.896: [Full GC (Ergonomics) [PSYoungGen: 147040K->0K(496128K)] [ParOldGen: 1237124K->175666K(1398272K)] 1384164K->175666K(1894400K), [Metaspace: 59749K->59749K(1105920K)], 0.4109820 secs] [Times: user=1.89 sys=0.00, real=0.41 secs] 
6828.909: [GC (Allocation Failure) [PSYoungGen: 300544K->99472K(497152K)] 476210K->275138K(1895424K), 0.0336840 secs] [Times: user=0.19 sys=0.00, real=0.03 secs] 
6831.586: [GC (Allocation Failure) [PSYoungGen: 403088K->136064K(498176K)] 578754K->409247K(1896448K), 0.0532742 secs] [Times: user=0.31 sys=0.01, real=0.05 secs] 
6833.140: [GC (Allocation Failure) [PSYoungGen: 439680K->104016K(493056K)] 712863K->504011K(1891328K), 0.0673021 secs] [Times: user=0.40 sys=0.00, real=0.07 secs] 
6835.240: [GC (Allocation Failure) [PSYoungGen: 413776K->136160K(498688K)] 813771K->638631K(1896960K), 0.0607568 secs] [Times: user=0.36 sys=0.00, real=0.06 secs] 
6836.602: [GC (Allocation Failure) [PSYoungGen: 445920K->111840K(497664K)] 948391K->740687K(1895936K), 0.0627452 secs] [Times: user=0.37 sys=0.00, real=0.06 secs] 
6838.095: [GC (Allocation Failure) [PSYoungGen: 432864K->143424K(503808K)] 1061711K->883572K(1902080K), 0.0596258 secs] [Times: user=0.35 sys=0.00, real=0.06 secs] 
6840.449: [GC (Allocation Failure) [PSYoungGen: 464448K->108208K(509440K)] 1204596K->983285K(1907712K), 0.0703380 secs] [Times: user=0.42 sys=0.00, real=0.07 secs] 
6843.036: [GC (Allocation Failure) [PSYoungGen: 437936K->147408K(510976K)] 1313013K->1129098K(1909248K), 0.0541620 secs] [Times: user=0.32 sys=0.00, real=0.05 secs] 
6844.185: [GC (Allocation Failure) [PSYoungGen: 477136K->115488K(510976K)] 1458826K->1235113K(1909248K), 0.0787169 secs] [Times: user=0.46 sys=0.01, real=0.07 secs] 
6846.727: [GC (Allocation Failure) [PSYoungGen: 447264K->149728K(512000K)] 1566889K->1381934K(1910272K), 0.0563274 secs] [Times: user=0.33 sys=0.01, real=0.05 secs] 
6846.783: [Full GC (Ergonomics) [PSYoungGen: 149728K->0K(512000K)] [ParOldGen: 1232206K->180915K(1398272K)] 1381934K->180915K(1910272K), [Metaspace: 59749K->59749K(1105920K)], 0.4237190 secs] [Times: user=1.90 sys=0.00, real=0.43 secs] 
6848.370: [GC (Allocation Failure) [PSYoungGen: 331776K->113696K(514048K)] 512691K->294611K(1912320K), 0.0341635 secs] [Times: user=0.20 sys=0.01, real=0.03 secs] 
6850.513: [GC (Allocation Failure) [PSYoungGen: 446496K->154000K(486912K)] 627411K->444688K(1885184K), 0.0542872 secs] [Times: user=0.32 sys=0.00, real=0.06 secs] 
6853.949: [GC (Allocation Failure) [PSYoungGen: 486800K->109984K(515584K)] 777488K->545716K(1913856K), 0.1544181 secs] [Times: user=0.91 sys=0.00, real=0.15 secs] 
6854.929: [GC (Allocation Failure) [PSYoungGen: 438688K->154464K(483328K)] 874420K->695417K(1881600K), 0.0526034 secs] [Times: user=0.31 sys=0.00, real=0.05 secs] 
6858.368: [GC (GCLocker Initiated GC) [PSYoungGen: 483168K->99280K(511488K)] 1024121K->794318K(1909760K), 0.1741943 secs] [Times: user=1.04 sys=0.00, real=0.17 secs] 
6859.578: [GC (Allocation Failure) [PSYoungGen: 422352K->155408K(478720K)] 1117393K->943376K(1876992K), 0.0559904 secs] [Times: user=0.33 sys=0.00, real=0.05 secs] 
6863.027: [GC (Allocation Failure) [PSYoungGen: 478480K->96672K(507904K)] 1266448K->1039639K(1906176K), 0.1715148 secs] [Times: user=1.03 sys=0.00, real=0.17 secs] 
6863.451: [GC (Allocation Failure) [PSYoungGen: 412064K->152432K(467968K)] 1355031K->1185873K(1866240K), 0.0563464 secs] [Times: user=0.34 sys=0.00, real=0.06 secs] 
6866.101: [GC (Allocation Failure) [PSYoungGen: 467824K->96000K(505344K)] 1501265K->1281248K(1903616K), 0.1746206 secs] [Times: user=1.04 sys=0.00, real=0.18 secs] 
6866.516: [GC (Allocation Failure) [PSYoungGen: 406272K->149232K(459776K)] 1591520K->1424430K(1858048K), 0.0568843 secs] [Times: user=0.34 sys=0.00, real=0.05 secs] 
6866.573: [Full GC (Ergonomics) [PSYoungGen: 149232K->0K(459776K)] [ParOldGen: 1275197K->222816K(1398272K)] 1424430K->222816K(1858048K), [Metaspace: 59749K->59749K(1105920K)], 0.5098277 secs] [Times: user=2.36 sys=0.00, real=0.51 secs] 
6871.238: [GC (Allocation Failure) [PSYoungGen: 310272K->88000K(503296K)] 533088K->310816K(1901568K), 0.1231744 secs] [Times: user=0.72 sys=0.00, real=0.12 secs] 
6871.825: [GC (Allocation Failure) [PSYoungGen: 395200K->148400K(455680K)] 618016K->452898K(1853952K), 0.0520443 secs] [Times: user=0.31 sys=0.00, real=0.06 secs] 
6874.985: [GC (Allocation Failure) [PSYoungGen: 454219K->87552K(501760K)] 758716K->539785K(1900032K), 0.1361077 secs] [Times: user=0.80 sys=0.01, real=0.13 secs] 
6876.153: [GC (Allocation Failure) [PSYoungGen: 381017K->138496K(442880K)] 833250K->673964K(1841152K), 0.0488558 secs] [Times: user=0.28 sys=0.00, real=0.05 secs] 
6877.586: [GC (Allocation Failure) [PSYoungGen: 442624K->101200K(503296K)] 978092K->766337K(1901568K), 0.1069158 secs] [Times: user=0.64 sys=0.00, real=0.10 secs] 
6879.705: [GC (Allocation Failure) [PSYoungGen: 408912K->143696K(499712K)] 1074049K->905770K(1897984K), 0.0486987 secs] [Times: user=0.29 sys=0.00, real=0.05 secs] 
6882.003: [GC (Allocation Failure) [PSYoungGen: 451408K->100128K(502784K)] 1213482K->996513K(1901056K), 0.0625371 secs] [Times: user=0.36 sys=0.01, real=0.07 secs] 
6884.433: [GC (Allocation Failure) [PSYoungGen: 413472K->145024K(503808K)] 1309857K->1137766K(1902080K), 0.0497531 secs] [Times: user=0.30 sys=0.00, real=0.05 secs] 
6885.932: [GC (Allocation Failure) [PSYoungGen: 458368K->107328K(502272K)] 1451110K->1235970K(1900544K), 0.0754843 secs] [Times: user=0.45 sys=0.00, real=0.08 secs] 
6888.933: [GC (Allocation Failure) [PSYoungGen: 423232K->142688K(504320K)] 1551874K->1374831K(1902592K), 0.0523467 secs] [Times: user=0.31 sys=0.00, real=0.05 secs] 
6888.985: [Full GC (Ergonomics) [PSYoungGen: 142688K->0K(504320K)] [ParOldGen: 1232143K->181973K(1398272K)] 1374831K->181973K(1902592K), [Metaspace: 59749K->59749K(1105920K)], 0.4299701 secs] [Times: user=2.00 sys=0.00, real=0.43 secs] 
6890.478: [GC (Allocation Failure) [PSYoungGen: 315904K->108784K(503296K)] 497877K->290758K(1901568K), 0.0453228 secs] [Times: user=0.26 sys=0.01, real=0.04 secs] 
6892.005: [GC (Allocation Failure) [PSYoungGen: 429808K->150272K(506368K)] 611782K->437662K(1904640K), 0.0534538 secs] [Times: user=0.32 sys=0.00, real=0.06 secs] 
6894.966: [GC (Allocation Failure) [PSYoungGen: 471296K->103968K(510976K)] 758686K->532370K(1909248K), 0.0648821 secs] [Times: user=0.38 sys=0.00, real=0.06 secs] 
6897.745: [GC (Allocation Failure) [PSYoungGen: 426528K->149200K(472064K)] 854930K->677739K(1870336K), 0.0510173 secs] [Times: user=0.30 sys=0.00, real=0.05 secs] 
6899.405: [GC (Allocation Failure) [PSYoungGen: 471760K->109856K(512512K)] 1000299K->779135K(1910784K), 0.0919561 secs] [Times: user=0.55 sys=0.00, real=0.09 secs] 
6901.572: [GC (Allocation Failure) [PSYoungGen: 431529K->146384K(508928K)] 1100808K->922312K(1907200K), 0.0776664 secs] [Times: user=0.46 sys=0.01, real=0.08 secs] 
6903.728: [GC (Allocation Failure) [PSYoungGen: 468944K->106992K(508416K)] 1244872K->1020092K(1906688K), 0.0671695 secs] [Times: user=0.39 sys=0.00, real=0.06 secs] 
6905.896: [GC (Allocation Failure) [PSYoungGen: 419831K->144704K(509440K)] 1332931K->1161152K(1907712K), 0.0503774 secs] [Times: user=0.30 sys=0.00, real=0.05 secs] 
6908.303: [GC (Allocation Failure) [PSYoungGen: 468800K->109376K(508928K)] 1485248K->1261133K(1907200K), 0.1086760 secs] [Times: user=0.64 sys=0.00, real=0.11 secs] 
6909.994: [GC (Allocation Failure) [PSYoungGen: 423206K->142912K(510464K)] 1574963K->1399777K(1908736K), 0.0511050 secs] [Times: user=0.30 sys=0.00, real=0.06 secs] 
6910.046: [Full GC (Ergonomics) [PSYoungGen: 142912K->0K(510464K)] [ParOldGen: 1256865K->197264K(1398272K)] 1399777K->197264K(1908736K), [Metaspace: 59749K->59749K(1105920K)], 0.4596010 secs] [Times: user=2.13 sys=0.00, real=0.46 secs] 
6912.753: [GC (Allocation Failure) [PSYoungGen: 326656K->108864K(509952K)] 523920K->306128K(1908224K), 0.0430150 secs] [Times: user=0.26 sys=0.00, real=0.05 secs] 
6914.545: [GC (Allocation Failure) [PSYoungGen: 439104K->154208K(512000K)] 636368K->456501K(1910272K), 0.0521399 secs] [Times: user=0.31 sys=0.00, real=0.05 secs] 
6918.472: [GC (Allocation Failure) [PSYoungGen: 484448K->101568K(513536K)] 786741K->557237K(1911808K), 0.1714536 secs] [Times: user=1.00 sys=0.02, real=0.17 secs] 
6919.043: [GC (Allocation Failure) [PSYoungGen: 428224K->156544K(483328K)] 883893K->707777K(1881600K), 0.0707015 secs] [Times: user=0.42 sys=0.00, real=0.07 secs] 
6923.290: [GC (Allocation Failure) [PSYoungGen: 483200K->95168K(508416K)] 1034433K->802665K(1906688K), 0.1713174 secs] [Times: user=1.02 sys=0.00, real=0.17 secs] 
6923.714: [GC (Allocation Failure) [PSYoungGen: 412608K->154096K(471552K)] 1120105K->950379K(1869824K), 0.0552623 secs] [Times: user=0.33 sys=0.00, real=0.06 secs] 
6928.148: [GC (Allocation Failure) [PSYoungGen: 471536K->93024K(504832K)] 1267819K->1043386K(1903104K), 0.1314350 secs] [Times: user=0.79 sys=0.00, real=0.13 secs] 
6928.735: [GC (Allocation Failure) [PSYoungGen: 403296K->149344K(459776K)] 1353658K->1186527K(1858048K), 0.0812742 secs] [Times: user=0.49 sys=0.00, real=0.09 secs] 
6933.026: [GC (GCLocker Initiated GC) [PSYoungGen: 459616K->88624K(502784K)] 1496799K->1274992K(1901056K), 0.1574053 secs] [Times: user=0.94 sys=0.01, real=0.15 secs] 
6933.558: [GC (Allocation Failure) [PSYoungGen: 394800K->148992K(455680K)] 1581219K->1418148K(1853952K), 0.0543514 secs] [Times: user=0.32 sys=0.00, real=0.05 secs] 
6933.612: [Full GC (Ergonomics) [PSYoungGen: 148992K->0K(455680K)] [ParOldGen: 1269156K->217179K(1398272K)] 1418148K->217179K(1853952K), [Metaspace: 59749K->59749K(1105920K)], 0.4899286 secs] [Times: user=2.27 sys=0.00, real=0.49 secs] 
6936.338: [GC (Allocation Failure) [PSYoungGen: 306176K->90928K(501760K)] 523355K->308108K(1900032K), 0.1201896 secs] [Times: user=0.72 sys=0.00, real=0.12 secs] 
6937.097: [GC (Allocation Failure) [PSYoungGen: 394544K->178032K(481792K)] 611724K->479859K(1880064K), 0.0529898 secs] [Times: user=0.31 sys=0.00, real=0.05 secs] 
6939.237: [GC (Allocation Failure) [PSYoungGen: 481648K->91872K(491008K)] 783475K->538102K(1889280K), 0.1166784 secs] [Times: user=0.68 sys=0.00, real=0.11 secs] 
6940.066: [GC (Allocation Failure) [PSYoungGen: 372960K->140480K(421888K)] 819190K->674463K(1820160K), 0.0482275 secs] [Times: user=0.29 sys=0.00, real=0.04 secs] 
6942.235: [GC (Allocation Failure) [PSYoungGen: 421568K->91552K(488960K)] 955551K->748695K(1887232K), 0.0598195 secs] [Times: user=0.35 sys=0.00, real=0.05 secs] 
6944.074: [GC (Allocation Failure) [PSYoungGen: 374688K->128224K(486912K)] 1031831K->874612K(1885184K), 0.0526375 secs] [Times: user=0.31 sys=0.01, real=0.06 secs] 
6946.785: [GC (Allocation Failure) [PSYoungGen: 411360K->103680K(491008K)] 1157748K->968628K(1889280K), 0.0608511 secs] [Times: user=0.37 sys=0.00, real=0.07 secs] 
6949.021: [GC (Allocation Failure) [PSYoungGen: 397056K->117168K(486912K)] 1262004K->1085821K(1885184K), 0.0768271 secs] [Times: user=0.45 sys=0.00, real=0.08 secs] 
6950.914: [GC (Allocation Failure) [PSYoungGen: 410544K->131232K(497152K)] 1379197K->1206037K(1895424K), 0.0617523 secs] [Times: user=0.37 sys=0.00, real=0.07 secs] 
6952.960: [GC (Allocation Failure) [PSYoungGen: 441504K->105312K(494592K)] 1516309K->1311397K(1892864K), 0.0889775 secs] [Times: user=0.53 sys=0.00, real=0.09 secs] 
6954.978: [GC (Allocation Failure) [PSYoungGen: 415584K->143456K(505856K)] 1621669K->1443406K(1904128K), 0.0610870 secs] [Times: user=0.37 sys=0.00, real=0.06 secs] 
6955.040: [Full GC (Ergonomics) [PSYoungGen: 143456K->0K(505856K)] [ParOldGen: 1299950K->251095K(1398272K)] 1443406K->251095K(1904128K), [Metaspace: 59749K->59749K(1105920K)], 0.5212823 secs] [Times: user=2.27 sys=0.00, real=0.52 secs] 
6959.218: [GC (Allocation Failure) [PSYoungGen: 325120K->114656K(508416K)] 576215K->365751K(1906688K), 0.0369324 secs] [Times: user=0.21 sys=0.00, real=0.03 secs] 
6960.469: [GC (Allocation Failure) [PSYoungGen: 439776K->141920K(512000K)] 690871K->488844K(1910272K), 0.0610653 secs] [Times: user=0.36 sys=0.01, real=0.06 secs] 
6963.866: [GC (Allocation Failure) [PSYoungGen: 475232K->118144K(513536K)] 822156K->606848K(1911808K), 0.0866173 secs] [Times: user=0.51 sys=0.00, real=0.08 secs] 
6965.581: [GC (Allocation Failure) [PSYoungGen: 451456K->130592K(516096K)] 940160K->726789K(1914368K), 0.0616979 secs] [Times: user=0.37 sys=0.00, real=0.06 secs] 
6968.092: [GC (Allocation Failure) [PSYoungGen: 473120K->137344K(515584K)] 1069317K->863573K(1913856K), 0.0709475 secs] [Times: user=0.42 sys=0.00, real=0.07 secs] 
6969.454: [GC (Allocation Failure) [PSYoungGen: 479872K->14368K(497664K)] 1206101K->740629K(1895936K), 0.0045817 secs] [Times: user=0.02 sys=0.00, real=0.01 secs] 
6970.492: [GC (Allocation Failure) [PSYoungGen: 338464K->147776K(472064K)] 1064725K->885990K(1870336K), 0.0337762 secs] [Times: user=0.20 sys=0.00, real=0.04 secs] 
6972.847: [GC (Allocation Failure) [PSYoungGen: 471872K->111072K(512512K)] 1210086K->987330K(1910784K), 0.0656835 secs] [Times: user=0.39 sys=0.00, real=0.06 secs] 
6973.942: [GC (Allocation Failure) [PSYoungGen: 431072K->148160K(506368K)] 1307330K->1132942K(1904640K), 0.0547401 secs] [Times: user=0.32 sys=0.00, real=0.06 secs] 
6975.956: [GC (Allocation Failure) [PSYoungGen: 468160K->106624K(506880K)] 1452942K->1230194K(1905152K), 0.0656970 secs] [Times: user=0.39 sys=0.00, real=0.06 secs] 
6977.642: [GC (Allocation Failure) [PSYoungGen: 428160K->151600K(507392K)] 1551730K->1378112K(1905664K), 0.0532611 secs] [Times: user=0.32 sys=0.00, real=0.06 secs] 
6977.696: [Full GC (Ergonomics) [PSYoungGen: 151600K->0K(507392K)] [ParOldGen: 1226511K->189486K(1398272K)] 1378112K->189486K(1905664K), [Metaspace: 59749K->59749K(1105920K)], 0.4426779 secs] [Times: user=2.04 sys=0.01, real=0.44 secs] 
6979.178: [GC (Allocation Failure) [PSYoungGen: 321536K->109440K(508416K)] 511022K->298926K(1906688K), 0.0323550 secs] [Times: user=0.19 sys=0.00, real=0.03 secs] 
6981.871: [GC (Allocation Failure) [PSYoungGen: 429952K->146256K(507392K)] 619438K->441435K(1905664K), 0.0517404 secs] [Times: user=0.30 sys=0.00, real=0.05 secs] 
6983.502: [GC (GCLocker Initiated GC) [PSYoungGen: 466768K->106256K(507392K)] 761947K->538443K(1905664K), 0.0639867 secs] [Times: user=0.38 sys=0.00, real=0.07 secs] 
6986.295: [GC (Allocation Failure) [PSYoungGen: 428816K->140016K(508416K)] 877390K->691331K(1906688K), 0.2342531 secs] [Times: user=1.41 sys=0.00, real=0.24 secs] 
6990.265: [GC (GCLocker Initiated GC) [PSYoungGen: 462576K->94672K(510464K)] 1013891K->785651K(1908736K), 0.4443516 secs] [Times: user=2.62 sys=0.00, real=0.45 secs] 
6991.410: [GC (GCLocker Initiated GC) [PSYoungGen: 421328K->154272K(481280K)] 1112310K->935794K(1879552K), 0.0550230 secs] [Times: user=0.32 sys=0.00, real=0.06 secs] 
6994.636: [GC (Allocation Failure) [PSYoungGen: 480928K->96160K(509952K)] 1262453K->1031321K(1908224K), 0.1464336 secs] [Times: user=0.86 sys=0.01, real=0.14 secs] 
6995.440: [GC (Allocation Failure) [PSYoungGen: 415136K->154496K(473600K)] 1350297K->1179613K(1871872K), 0.0556676 secs] [Times: user=0.33 sys=0.01, real=0.06 secs] 
6999.040: [GC (Allocation Failure) [PSYoungGen: 473472K->96496K(506368K)] 1498589K->1275818K(1904640K), 0.1556358 secs] [Times: user=0.92 sys=0.00, real=0.16 secs] 
6999.626: [GC (Allocation Failure) [PSYoungGen: 408304K->150432K(462336K)] 1587626K->1420426K(1860608K), 0.0553498 secs] [Times: user=0.33 sys=0.00, real=0.05 secs] 
6999.682: [Full GC (Ergonomics) [PSYoungGen: 150432K->0K(462336K)] [ParOldGen: 1269994K->218360K(1398272K)] 1420426K->218360K(1860608K), [Metaspace: 59749K->59749K(1105920K)], 0.4937176 secs] [Times: user=2.27 sys=0.00, real=0.50 secs] 
7002.986: [GC (Allocation Failure) [PSYoungGen: 311808K->91648K(504320K)] 530168K->310009K(1902592K), 0.1236928 secs] [Times: user=0.73 sys=0.00, real=0.12 secs] 
7003.691: [GC (Allocation Failure) [PSYoungGen: 399872K->148672K(457216K)] 618233K->452568K(1855488K), 0.0526022 secs] [Times: user=0.31 sys=0.00, real=0.05 secs] 
7007.251: [GC (Allocation Failure) [PSYoungGen: 456896K->89312K(502784K)] 760792K->540920K(1901056K), 0.1649003 secs] [Times: user=0.98 sys=0.00, real=0.17 secs] 
7008.294: [GC (Allocation Failure) [PSYoungGen: 379610K->138624K(444416K)] 831219K->675197K(1842688K), 0.0487950 secs] [Times: user=0.29 sys=0.00, real=0.05 secs] 
7009.555: [GC (Allocation Failure) [PSYoungGen: 444288K->102368K(504832K)] 980861K->768989K(1903104K), 0.0620633 secs] [Times: user=0.36 sys=0.00, real=0.07 secs] 
7013.144: [GC (Allocation Failure) [PSYoungGen: 412128K->141488K(500736K)] 1078749K->906690K(1899008K), 0.0491070 secs] [Times: user=0.29 sys=0.00, real=0.05 secs] 
7014.473: [GC (Allocation Failure) [PSYoungGen: 451248K->103200K(503808K)] 1216450K->1001042K(1902080K), 0.0866365 secs] [Times: user=0.51 sys=0.00, real=0.09 secs] 
7016.158: [GC (Allocation Failure) [PSYoungGen: 419104K->146464K(504320K)] 1316946K->1143782K(1902592K), 0.0505681 secs] [Times: user=0.30 sys=0.00, real=0.05 secs] 
7017.696: [GC (Allocation Failure) [PSYoungGen: 462368K->105888K(505856K)] 1459686K->1240566K(1904128K), 0.0985224 secs] [Times: user=0.58 sys=0.00, real=0.09 secs] 
7019.143: [GC (Allocation Failure) [PSYoungGen: 425376K->152384K(506880K)] 1560054K->1389339K(1905152K), 0.0526495 secs] [Times: user=0.31 sys=0.00, real=0.06 secs] 
7019.196: [Full GC (Ergonomics) [PSYoungGen: 152384K->0K(506880K)] [ParOldGen: 1236955K->195432K(1398272K)] 1389339K->195432K(1905152K), [Metaspace: 59750K->59750K(1105920K)], 0.4591253 secs] [Times: user=2.11 sys=0.01, real=0.45 secs] 
7021.574: [GC (Allocation Failure) [PSYoungGen: 319488K->104240K(508416K)] 514920K->299673K(1906688K), 0.0311178 secs] [Times: user=0.18 sys=0.00, real=0.03 secs] 
7023.995: [GC (Allocation Failure) [PSYoungGen: 422192K->148400K(506880K)] 617625K->444038K(1905152K), 0.0501296 secs] [Times: user=0.30 sys=0.00, real=0.05 secs] 
7025.508: [GC (Allocation Failure) [PSYoungGen: 466352K->106272K(505856K)] 761990K->541406K(1904128K), 0.0666547 secs] [Times: user=0.39 sys=0.00, real=0.06 secs] 
7027.190: [GC (Allocation Failure) [PSYoungGen: 421698K->145392K(506368K)] 856833K->683178K(1904640K), 0.0503653 secs] [Times: user=0.30 sys=0.00, real=0.05 secs] 
7030.480: [GC (Allocation Failure) [PSYoungGen: 463344K->104688K(506880K)] 1001130K->778698K(1905152K), 0.0924043 secs] [Times: user=0.54 sys=0.00, real=0.09 secs] 
7032.582: [GC (Allocation Failure) [PSYoungGen: 421199K->146144K(507904K)] 1095208K->921352K(1906176K), 0.0502264 secs] [Times: user=0.29 sys=0.00, real=0.05 secs] 
7034.381: [GC (Allocation Failure) [PSYoungGen: 466656K->106176K(507392K)] 1241864K->1018688K(1905664K), 0.1010348 secs] [Times: user=0.60 sys=0.00, real=0.10 secs] 
7037.177: [GC (Allocation Failure) [PSYoungGen: 425073K->145296K(508416K)] 1337586K->1159952K(1906688K), 0.0500413 secs] [Times: user=0.30 sys=0.00, real=0.05 secs] 
7039.273: [GC (Allocation Failure) [PSYoungGen: 467344K->108896K(507904K)] 1482000K->1259543K(1906176K), 0.1250658 secs] [Times: user=0.74 sys=0.00, real=0.13 secs] 
7040.774: [GC (Allocation Failure) [PSYoungGen: 433504K->151776K(509440K)] 1584151K->1407307K(1907712K), 0.0635130 secs] [Times: user=0.38 sys=0.00, real=0.07 secs] 
7040.837: [Full GC (Ergonomics) [PSYoungGen: 151776K->0K(509440K)] [ParOldGen: 1255531K->206393K(1398272K)] 1407307K->206393K(1907712K), [Metaspace: 59750K->59750K(1105920K)], 0.4734276 secs] [Times: user=2.19 sys=0.00, real=0.47 secs] 
7044.314: [GC (Allocation Failure) [PSYoungGen: 323086K->95680K(510976K)] 529480K->302073K(1909248K), 0.1486202 secs] [Times: user=0.88 sys=0.00, real=0.15 secs] 
7045.346: [GC (Allocation Failure) [PSYoungGen: 417728K->152960K(475136K)] 624121K->450938K(1873408K), 0.0545427 secs] [Times: user=0.32 sys=0.00, real=0.05 secs] 
7049.467: [GC (Allocation Failure) [PSYoungGen: 475008K->95424K(507904K)] 772986K->545694K(1906176K), 0.1598508 secs] [Times: user=0.95 sys=0.00, real=0.16 secs] 
7050.767: [GC (Allocation Failure) [PSYoungGen: 410816K->152608K(468480K)] 861086K->692199K(1866752K), 0.0551665 secs] [Times: user=0.32 sys=0.00, real=0.05 secs] 
7054.065: [GC (Allocation Failure) [PSYoungGen: 468000K->92912K(504832K)] 1007591K->784724K(1903104K), 0.1620231 secs] [Times: user=0.96 sys=0.00, real=0.17 secs] 
7055.102: [GC (Allocation Failure) [PSYoungGen: 402672K->147904K(457728K)] 1094484K->926684K(1856000K), 0.0539505 secs] [Times: user=0.32 sys=0.00, real=0.06 secs] 
7057.788: [GC (Allocation Failure) [PSYoungGen: 453858K->91072K(503808K)] 1232638K->1017228K(1902080K), 0.1701000 secs] [Times: user=1.01 sys=0.01, real=0.17 secs] 
7058.735: [GC (Allocation Failure) [PSYoungGen: 386128K->138480K(446464K)] 1312285K->1151614K(1844736K), 0.0497176 secs] [Times: user=0.30 sys=0.00, real=0.05 secs] 
7059.951: [GC (Allocation Failure) [PSYoungGen: 446192K->100816K(504320K)] 1459326K->1243706K(1902592K), 0.0731508 secs] [Times: user=0.43 sys=0.00, real=0.07 secs] 
7062.612: [GC (Allocation Failure) [PSYoungGen: 411600K->146112K(501248K)] 1554490K->1386054K(1899520K), 0.0493719 secs] [Times: user=0.29 sys=0.00, real=0.05 secs] 
7062.662: [Full GC (Ergonomics) [PSYoungGen: 146112K->0K(501248K)] [ParOldGen: 1239942K->191809K(1398272K)] 1386054K->191809K(1899520K), [Metaspace: 59750K->59750K(1105920K)], 0.4687728 secs] [Times: user=2.18 sys=0.00, real=0.47 secs] 
7064.166: [GC (Allocation Failure) [PSYoungGen: 310784K->103521K(503808K)] 502593K->295331K(1902080K), 0.0315677 secs] [Times: user=0.18 sys=0.00, real=0.03 secs] 
7066.948: [GC (Allocation Failure) [PSYoungGen: 418913K->153360K(468992K)] 610723K->444704K(1867264K), 0.0499721 secs] [Times: user=0.29 sys=0.00, real=0.05 secs] 
7068.362: [GC (Allocation Failure) [PSYoungGen: 468752K->106528K(508416K)] 760096K->533931K(1906688K), 0.0969430 secs] [Times: user=0.58 sys=0.00, real=0.10 secs] 
7070.446: [GC (GCLocker Initiated GC) [PSYoungGen: 420384K->145456K(504320K)] 847787K->675249K(1902592K), 0.0514499 secs] [Times: user=0.30 sys=0.00, real=0.05 secs] 
7071.741: [GC (Allocation Failure) [PSYoungGen: 459312K->106832K(504832K)] 989107K->773291K(1903104K), 0.0843377 secs] [Times: user=0.50 sys=0.01, real=0.09 secs] 
7072.716: [GC (Allocation Failure) [PSYoungGen: 423248K->149792K(505344K)] 1089707K->918479K(1903616K), 0.0516879 secs] [Times: user=0.30 sys=0.00, real=0.05 secs] 
7074.407: [GC (Allocation Failure) [PSYoungGen: 466208K->102224K(507392K)] 1234895K->1011540K(1905664K), 0.0651750 secs] [Times: user=0.39 sys=0.00, real=0.06 secs] 
7075.147: [GC (Allocation Failure) [PSYoungGen: 419664K->150032K(467968K)] 1328980K->1157721K(1866240K), 0.0504258 secs] [Times: user=0.30 sys=0.00, real=0.05 secs] 
7076.232: [GC (Allocation Failure) [PSYoungGen: 467472K->103600K(508928K)] 1475161K->1252577K(1907200K), 0.0642793 secs] [Times: user=0.38 sys=0.00, real=0.07 secs] 
7077.191: [GC (Allocation Failure) [PSYoungGen: 417673K->147040K(506368K)] 1566649K->1395973K(1904640K), 0.0512544 secs] [Times: user=0.30 sys=0.00, real=0.05 secs] 
7077.242: [Full GC (Ergonomics) [PSYoungGen: 147040K->0K(506368K)] [ParOldGen: 1248933K->195684K(1398272K)] 1395973K->195684K(1904640K), [Metaspace: 59750K->59750K(1105920K)], 0.4668640 secs] [Times: user=2.17 sys=0.00, real=0.47 secs] 
Heap
 PSYoungGen      total 506368K, used 2127