0.975: [GC (Allocation Failure) [PSYoungGen: 128000K->12983K(148992K)] 128000K->13007K(488960K), 0.1009796 secs] [Times: user=0.03 sys=0.00, real=0.10 secs] 
1.202: [GC (Metadata GC Threshold) [PSYoungGen: 49753K->6042K(148992K)] 49777K->6138K(488960K), 0.0052386 secs] [Times: user=0.01 sys=0.00, real=0.01 secs] 
1.207: [Full GC (Metadata GC Threshold) [PSYoungGen: 6042K->0K(148992K)] [ParOldGen: 96K->5940K(193024K)] 6138K->5940K(342016K), [Metaspace: 20442K->20442K(1067008K)], 0.0152162 secs] [Times: user=0.04 sys=0.01, real=0.01 secs] 
1.776: [GC (Allocation Failure) [PSYoungGen: 128000K->10476K(148992K)] 133940K->16425K(342016K), 0.0051320 secs] [Times: user=0.02 sys=0.00, real=0.01 secs] 
2.764: [GC (Metadata GC Threshold) [PSYoungGen: 37591K->4683K(199680K)] 43540K->10640K(392704K), 0.0027866 secs] [Times: user=0.01 sys=0.00, real=0.01 secs] 
2.767: [Full GC (Metadata GC Threshold) [PSYoungGen: 4683K->0K(199680K)] [ParOldGen: 5956K->8831K(298496K)] 10640K->8831K(498176K), [Metaspace: 33747K->33747K(1079296K)], 0.0194454 secs] [Times: user=0.05 sys=0.01, real=0.02 secs] 
4.044: [GC (Allocation Failure) [PSYoungGen: 185856K->18669K(206848K)] 194687K->27509K(505344K), 0.0061370 secs] [Times: user=0.00 sys=0.01, real=0.01 secs] 
4.573: [GC (Allocation Failure) [PSYoungGen: 204525K->12866K(284160K)] 213365K->95441K(582656K), 0.0099004 secs] [Times: user=0.05 sys=0.01, real=0.01 secs] 
5.197: [GC (Allocation Failure) [PSYoungGen: 276546K->4496K(284160K)] 359121K->218151K(582656K), 0.0127241 secs] [Times: user=0.06 sys=0.01, real=0.01 secs] 
5.210: [Full GC (Ergonomics) [PSYoungGen: 4496K->0K(284160K)] [ParOldGen: 213655K->175902K(656896K)] 218151K->175902K(941056K), [Metaspace: 52248K->52248K(1097728K)], 0.0567946 secs] [Times: user=0.25 sys=0.00, real=0.06 secs] 
6.748: [GC (Allocation Failure) [PSYoungGen: 263680K->18549K(389632K)] 439582K->210843K(1046528K), 0.0042507 secs] [Times: user=0.02 sys=0.00, real=0.00 secs] 
8.590: [GC (Allocation Failure) [PSYoungGen: 389237K->2082K(417792K)] 581531K->194384K(1074688K), 0.0023984 secs] [Times: user=0.01 sys=0.00, real=0.00 secs] 
12.060: [GC (Allocation Failure) [PSYoungGen: 396834K->2050K(470528K)] 589136K->194352K(1127424K), 0.0031165 secs] [Times: user=0.01 sys=0.01, real=0.00 secs] 
17.964: [GC (Allocation Failure) [PSYoungGen: 449538K->2488K(471040K)] 641840K->260326K(1127936K), 0.0065184 secs] [Times: user=0.03 sys=0.00, real=0.01 secs] 
21.370: [GC (Allocation Failure) [PSYoungGen: 449976K->2290K(513536K)] 707814K->260129K(1170432K), 0.0030765 secs] [Times: user=0.00 sys=0.01, real=0.00 secs] 
25.551: [GC (GCLocker Initiated GC) [PSYoungGen: 505074K->2223K(525312K)] 762913K->260062K(1182208K), 0.0018436 secs] [Times: user=0.01 sys=0.00, real=0.00 secs] 
30.496: [GC (Allocation Failure) [PSYoungGen: 505007K->2290K(556544K)] 762849K->260132K(1213440K), 0.0031755 secs] [Times: user=0.00 sys=0.00, real=0.01 secs] 
34.526: [GC (Allocation Failure) [PSYoungGen: 547058K->2322K(566272K)] 804900K->260164K(1223168K), 0.0023436 secs] [Times: user=0.01 sys=0.00, real=0.01 secs] 
37.956: [GC (Allocation Failure) [PSYoungGen: 547090K->10514K(593920K)] 804932K->268356K(1250816K), 0.0029205 secs] [Times: user=0.01 sys=0.01, real=0.01 secs] 
43.366: [GC (Allocation Failure) [PSYoungGen: 588050K->6450K(567296K)] 845892K->264292K(1224192K), 0.0036618 secs] [Times: user=0.01 sys=0.00, real=0.01 secs] 
49.863: [GC (Allocation Failure) [PSYoungGen: 567090K->2322K(546816K)] 824932K->260164K(1203712K), 0.0026095 secs] [Times: user=0.01 sys=0.00, real=0.00 secs] 
57.670: [GC (Allocation Failure) [PSYoungGen: 546578K->2354K(530944K)] 804420K->260204K(1187840K), 0.0034653 secs] [Times: user=0.01 sys=0.00, real=0.00 secs] 
61.999: [GC (Allocation Failure) [PSYoungGen: 530738K->2354K(516096K)] 788588K->260204K(1172992K), 0.0033266 secs] [Times: user=0.01 sys=0.00, real=0.00 secs] 
67.493: [GC (Allocation Failure) [PSYoungGen: 515890K->4386K(503808K)] 773740K->262244K(1160704K), 0.0043448 secs] [Times: user=0.01 sys=0.00, real=0.01 secs] 
73.412: [GC (Allocation Failure) [PSYoungGen: 503586K->2354K(487936K)] 761444K->260212K(1144832K), 0.0036006 secs] [Times: user=0.01 sys=0.00, real=0.00 secs] 
79.364: [GC (Allocation Failure) [PSYoungGen: 487730K->10208K(482304K)] 745588K->276628K(1139200K), 0.0068058 secs] [Times: user=0.03 sys=0.00, real=0.01 secs] 
83.086: [GC (Allocation Failure) [PSYoungGen: 482272K->1712K(461312K)] 748692K->268472K(1118208K), 0.0033405 secs] [Times: user=0.01 sys=0.00, real=0.01 secs] 
88.694: [GC (Allocation Failure) [PSYoungGen: 460976K->9936K(457216K)] 727736K->284920K(1114112K), 0.0026694 secs] [Times: user=0.01 sys=0.00, real=0.01 secs] 
94.394: [GC (Allocation Failure) [PSYoungGen: 456912K->1552K(437248K)] 731896K->276728K(1094144K), 0.0032263 secs] [Times: user=0.01 sys=0.00, real=0.01 secs] 
100.783: [GC (Allocation Failure) [PSYoungGen: 436752K->9744K(434176K)] 711928K->293152K(1091072K), 0.0058980 secs] [Times: user=0.02 sys=0.01, real=0.01 secs] 
106.849: [GC (Allocation Failure) [PSYoungGen: 433680K->1536K(415232K)] 717088K->284984K(1072128K), 0.0020594 secs] [Times: user=0.00 sys=0.00, real=0.00 secs] 
112.264: [GC (Allocation Failure) [PSYoungGen: 414720K->1424K(404480K)] 698168K->284944K(1061376K), 0.0014203 secs] [Times: user=0.01 sys=0.00, real=0.00 secs] 
115.496: [GC (Allocation Failure) [PSYoungGen: 404368K->9680K(402432K)] 687888K->301424K(1059328K), 0.0059615 secs] [Times: user=0.03 sys=0.01, real=0.01 secs] 
120.477: [GC (Allocation Failure) [PSYoungGen: 402384K->1488K(384512K)] 694128K->293256K(1041408K), 0.0034891 secs] [Times: user=0.02 sys=0.00, real=0.00 secs] 
123.472: [GC (Allocation Failure) [PSYoungGen: 384464K->1488K(375296K)] 676232K->293296K(1032192K), 0.0021160 secs] [Times: user=0.01 sys=0.00, real=0.00 secs] 
126.973: [GC (Allocation Failure) [PSYoungGen: 375248K->1440K(366080K)] 667056K->293264K(1022976K), 0.0015888 secs] [Times: user=0.00 sys=0.00, real=0.00 secs] 
130.088: [GC (Allocation Failure) [PSYoungGen: 365984K->9648K(365568K)] 657808K->301504K(1022464K), 0.0027275 secs] [Times: user=0.01 sys=0.00, real=0.00 secs] 
133.165: [GC (Allocation Failure) [PSYoungGen: 365488K->9680K(357376K)] 657344K->309752K(1014272K), 0.0039857 secs] [Times: user=0.02 sys=0.00, real=0.01 secs] 
136.502: [GC (Allocation Failure) [PSYoungGen: 357328K->1472K(340992K)] 657400K->301576K(997888K), 0.0020149 secs] [Times: user=0.00 sys=0.00, real=0.00 secs] 
139.869: [GC (Allocation Failure) [PSYoungGen: 340928K->1456K(333312K)] 641032K->301568K(990208K), 0.0043560 secs] [Times: user=0.02 sys=0.00, real=0.00 secs] 
144.252: [GC (Allocation Failure) [PSYoungGen: 333232K->1456K(325632K)] 633344K->301576K(982528K), 0.0034228 secs] [Times: user=0.01 sys=0.00, real=0.00 secs] 
147.814: [GC (Allocation Failure) [PSYoungGen: 325552K->1408K(318464K)] 625672K->301528K(975360K), 0.0023299 secs] [Times: user=0.01 sys=0.00, real=0.00 secs] 
151.910: [GC (Allocation Failure) [PSYoungGen: 318336K->1408K(311296K)] 618456K->301552K(968192K), 0.0028598 secs] [Times: user=0.01 sys=0.00, real=0.00 secs] 
155.944: [GC (Allocation Failure) [PSYoungGen: 311168K->1440K(304640K)] 611312K->301592K(961536K), 0.0033988 secs] [Times: user=0.01 sys=0.00, real=0.01 secs] 
160.406: [GC (Allocation Failure) [PSYoungGen: 304544K->1472K(297984K)] 604696K->301632K(954880K), 0.0022580 secs] [Times: user=0.01 sys=0.00, real=0.01 secs] 
162.796: [GC (Allocation Failure) [PSYoungGen: 297920K->1440K(291840K)] 598080K->301608K(948736K), 0.0017398 secs] [Times: user=0.00 sys=0.00, real=0.01 secs] 
165.407: [GC (Allocation Failure) [PSYoungGen: 291744K->1440K(285696K)] 591912K->301616K(942592K), 0.0029484 secs] [Times: user=0.01 sys=0.00, real=0.00 secs] 
168.131: [GC (Allocation Failure) [PSYoungGen: 285600K->1376K(280064K)] 585776K->301560K(936960K), 0.0067164 secs] [Times: user=0.02 sys=0.00, real=0.01 secs] 
170.739: [GC (Allocation Failure) [PSYoungGen: 279904K->9648K(282624K)] 580088K->318040K(939520K), 0.0036241 secs] [Times: user=0.01 sys=0.01, real=0.00 secs] 
172.953: [GC (Allocation Failure) [PSYoungGen: 282544K->9664K(276992K)] 590936K->318096K(933888K), 0.0025942 secs] [Times: user=0.01 sys=0.00, real=0.00 secs] 
175.926: [GC (Allocation Failure) [PSYoungGen: 276928K->2432K(264704K)] 585360K->310880K(921600K), 0.0020007 secs] [Times: user=0.01 sys=0.00, real=0.01 secs] 
179.566: [GC (Allocation Failure) [PSYoungGen: 264576K->1344K(258560K)] 573024K->309808K(915456K), 0.0021658 secs] [Times: user=0.01 sys=0.00, real=0.01 secs] 
181.821: [GC (Allocation Failure) [PSYoungGen: 258368K->1440K(253440K)] 566832K->309912K(910336K), 0.0029058 secs] [Times: user=0.01 sys=0.00, real=0.00 secs] 
184.996: [GC (Allocation Failure) [PSYoungGen: 253344K->1456K(248832K)] 561816K->309936K(905728K), 0.0049501 secs] [Times: user=0.01 sys=0.00, real=0.01 secs] 
187.688: [GC (Allocation Failure) [PSYoungGen: 248752K->9600K(252416K)] 557232K->326272K(909312K), 0.0032355 secs] [Times: user=0.02 sys=0.00, real=0.00 secs] 
189.231: [GC (Allocation Failure) [PSYoungGen: 252288K->3520K(241664K)] 568960K->320200K(898560K), 0.0019715 secs] [Times: user=0.01 sys=0.00, real=0.00 secs] 
190.346: [GC (Allocation Failure) [PSYoungGen: 241600K->1408K(235520K)] 558280K->318088K(892416K), 0.0020188 secs] [Times: user=0.01 sys=0.00, real=0.01 secs] 
191.856: [GC (Allocation Failure) [PSYoungGen: 235392K->1424K(231424K)] 552072K->318112K(888320K), 0.0019354 secs] [Times: user=0.01 sys=0.00, real=0.01 secs] 
193.367: [GC (Allocation Failure) [PSYoungGen: 231312K->9632K(235520K)] 548000K->334520K(892416K), 0.0033225 secs] [Times: user=0.01 sys=0.00, real=0.00 secs] 
194.896: [GC (Allocation Failure) [PSYoungGen: 235424K->1952K(223744K)] 560312K->326848K(880640K), 0.0020518 secs] [Times: user=0.00 sys=0.00, real=0.01 secs] 
196.550: [GC (Allocation Failure) [PSYoungGen: 223648K->1328K(219648K)] 548544K->326224K(876544K), 0.0029694 secs] [Times: user=0.01 sys=0.00, real=0.00 secs] 
199.115: [GC (Allocation Failure) [PSYoungGen: 219440K->1440K(216064K)] 544336K->326336K(872960K), 0.0024714 secs] [Times: user=0.01 sys=0.00, real=0.01 secs] 
200.520: [GC (Allocation Failure) [PSYoungGen: 211960K->3472K(214528K)] 536856K->328384K(871424K), 0.0016635 secs] [Times: user=0.01 sys=0.00, real=0.00 secs] 
201.460: [GC (Allocation Failure) [PSYoungGen: 214416K->1408K(208896K)] 539328K->326328K(865792K), 0.0018943 secs] [Times: user=0.01 sys=0.00, real=0.00 secs] 
204.480: [GC (Allocation Failure) [PSYoungGen: 208768K->1392K(205312K)] 533688K->326312K(862208K), 0.0031584 secs] [Times: user=0.01 sys=0.00, real=0.00 secs] 
207.208: [GC (Allocation Failure) [PSYoungGen: 205168K->5536K(206336K)] 530088K->330464K(863232K), 0.0021031 secs] [Times: user=0.01 sys=0.00, real=0.00 secs] 
207.993: [GC (Allocation Failure) [PSYoungGen: 206240K->1376K(199168K)] 531168K->326320K(856064K), 0.0021706 secs] [Times: user=0.01 sys=0.00, real=0.00 secs] 
210.079: [GC (Allocation Failure) [PSYoungGen: 199008K->9632K(204288K)] 523952K->342768K(861184K), 0.0044313 secs] [Times: user=0.02 sys=0.00, real=0.00 secs] 
212.541: [GC (Allocation Failure) [PSYoungGen: 204192K->1392K(193024K)] 537328K->334536K(849920K), 0.0016622 secs] [Times: user=0.01 sys=0.00, real=0.00 secs] 
213.536: [GC (Allocation Failure) [PSYoungGen: 192880K->1408K(189952K)] 526024K->334568K(846848K), 0.0019001 secs] [Times: user=0.01 sys=0.00, real=0.01 secs] 
215.123: [GC (Allocation Failure) [PSYoungGen: 189824K->9632K(195072K)] 522984K->342800K(851968K), 0.0022836 secs] [Times: user=0.01 sys=0.00, real=0.00 secs] 
217.031: [GC (Allocation Failure) [PSYoungGen: 194976K->1376K(184320K)] 528144K->334544K(841216K), 0.0030503 secs] [Times: user=0.01 sys=0.00, real=0.00 secs] 
219.783: [GC (Allocation Failure) [PSYoungGen: 184160K->9664K(189952K)] 517328K->351032K(846848K), 0.0052861 secs] [Times: user=0.02 sys=0.00, real=0.01 secs] 
221.047: [GC (Allocation Failure) [PSYoungGen: 189888K->1392K(179200K)] 531256K->342768K(836096K), 0.0019939 secs] [Times: user=0.01 sys=0.00, real=0.00 secs] 
222.571: [GC (Allocation Failure) [PSYoungGen: 179056K->1408K(176640K)] 520432K->342784K(833536K), 0.0028652 secs] [Times: user=0.01 sys=0.00, real=0.00 secs] 
224.436: [GC (Allocation Failure) [PSYoungGen: 176512K->3488K(185344K)] 517888K->344872K(842240K), 0.0022922 secs] [Times: user=0.01 sys=0.00, real=0.01 secs] 
225.451: [GC (Allocation Failure) [PSYoungGen: 176032K->1376K(171520K)] 517416K->342760K(828416K), 0.0023071 secs] [Times: user=0.00 sys=0.00, real=0.00 secs] 
227.164: [GC (Allocation Failure) [PSYoungGen: 171360K->9632K(177152K)] 512744K->351016K(834048K), 0.0021911 secs] [Times: user=0.01 sys=0.00, real=0.00 secs] 
228.291: [GC (Allocation Failure) [PSYoungGen: 177056K->1408K(166912K)] 518440K->342792K(823808K), 0.0020365 secs] [Times: user=0.01 sys=0.00, real=0.00 secs] 
230.654: [GC (Allocation Failure) [PSYoungGen: 159735K->9648K(173056K)] 501119K->351032K(829952K), 0.0031382 secs] [Times: user=0.01 sys=0.00, real=0.01 secs] 
233.014: [GC (Allocation Failure) [PSYoungGen: 172976K->1344K(162816K)] 514360K->342744K(819712K), 0.0022386 secs] [Times: user=0.01 sys=0.00, real=0.01 secs] 
235.576: [GC (Allocation Failure) [PSYoungGen: 162624K->9664K(168960K)] 504024K->359256K(825856K), 0.0095417 secs] [Times: user=0.04 sys=0.00, real=0.01 secs] 
238.121: [GC (Allocation Failure) [PSYoungGen: 168896K->1408K(161280K)] 518488K->351008K(818176K), 0.0031415 secs] [Times: user=0.01 sys=0.00, real=0.00 secs] 
239.627: [GC (Allocation Failure) [PSYoungGen: 158592K->9664K(164864K)] 508192K->367456K(821760K), 0.0031054 secs] [Times: user=0.02 sys=0.00, real=0.00 secs] 
240.357: [GC (Allocation Failure) [PSYoungGen: 164800K->1344K(165376K)] 522592K->359136K(822272K), 0.0020859 secs] [Times: user=0.01 sys=0.00, real=0.00 secs] 
241.455: [GC (Allocation Failure) [PSYoungGen: 148125K->9616K(160768K)] 505917K->367408K(817664K), 0.0017669 secs] [Times: user=0.01 sys=0.00, real=0.01 secs] 
242.705: [GC (Allocation Failure) [PSYoungGen: 160656K->1376K(161792K)] 518448K->359168K(818688K), 0.0023582 secs] [Times: user=0.01 sys=0.00, real=0.01 secs] 
245.200: [GC (Allocation Failure) [PSYoungGen: 150368K->9632K(156672K)] 508160K->367432K(813568K), 0.0033031 secs] [Times: user=0.02 sys=0.00, real=0.00 secs] 
246.922: [GC (Allocation Failure) [PSYoungGen: 156576K->1408K(159744K)] 514376K->359208K(816640K), 0.0062000 secs] [Times: user=0.02 sys=0.00, real=0.01 secs] 
249.207: [GC (Allocation Failure) [PSYoungGen: 146816K->3456K(147456K)] 504616K->361264K(804352K), 0.0026496 secs] [Times: user=0.01 sys=0.00, real=0.00 secs] 
250.366: [GC (Allocation Failure) [PSYoungGen: 147328K->1344K(154624K)] 505136K->359160K(811520K), 0.0023558 secs] [Times: user=0.01 sys=0.00, real=0.01 secs] 
251.859: [GC (Allocation Failure) [PSYoungGen: 143680K->1440K(142336K)] 501496K->359256K(799232K), 0.0015525 secs] [Times: user=0.01 sys=0.00, real=0.00 secs] 
253.215: [GC (Allocation Failure) [PSYoungGen: 142240K->1376K(150528K)] 500056K->359200K(807424K), 0.0024543 secs] [Times: user=0.01 sys=0.00, real=0.01 secs] 
254.434: [GC (Allocation Failure) [PSYoungGen: 140640K->1408K(139264K)] 498464K->359232K(796160K), 0.0027555 secs] [Times: user=0.01 sys=0.00, real=0.00 secs] 
256.511: [GC (Allocation Failure) [PSYoungGen: 139136K->9664K(148992K)] 496960K->375688K(805888K), 0.0060256 secs] [Times: user=0.03 sys=0.00, real=0.01 secs] 
257.769: [GC (Allocation Failure) [PSYoungGen: 145856K->1344K(136192K)] 511880K->367368K(793088K), 0.0029973 secs] [Times: user=0.01 sys=0.00, real=0.00 secs] 
258.784: [GC (Allocation Failure) [PSYoungGen: 136000K->9632K(146944K)] 502024K->375664K(803840K), 0.0020861 secs] [Times: user=0.01 sys=0.00, real=0.00 secs] 
259.521: [GC (Allocation Failure) [PSYoungGen: 142752K->1344K(133120K)] 508784K->367384K(790016K), 0.0020043 secs] [Times: user=0.01 sys=0.00, real=0.00 secs] 
261.149: [GC (Allocation Failure) [PSYoungGen: 132928K->2400K(141824K)] 498968K->368440K(798720K), 0.0020381 secs] [Times: user=0.01 sys=0.00, real=0.00 secs] 
262.478: [GC (Allocation Failure) [PSYoungGen: 132448K->1360K(130048K)] 498488K->367400K(786944K), 0.0027504 secs] [Times: user=0.01 sys=0.00, real=0.00 secs] 
263.851: [GC (Allocation Failure) [PSYoungGen: 129872K->1344K(137728K)] 495912K->367384K(794624K), 0.0029883 secs] [Times: user=0.01 sys=0.00, real=0.00 secs] 
265.032: [GC (Allocation Failure) [PSYoungGen: 128320K->9664K(135168K)] 494360K->383904K(792064K), 0.0031739 secs] [Times: user=0.02 sys=0.00, real=0.00 secs] 
266.103: [GC (Allocation Failure) [PSYoungGen: 135104K->1344K(135168K)] 509344K->375592K(792064K), 0.0040775 secs] [Times: user=0.01 sys=0.00, real=0.01 secs] 
267.713: [GC (Allocation Failure) [PSYoungGen: 125248K->5472K(128512K)] 499496K->379720K(785408K), 0.0020214 secs] [Times: user=0.01 sys=0.00, real=0.00 secs] 
268.247: [GC (Allocation Failure) [PSYoungGen: 128352K->1344K(133120K)] 502600K->375600K(790016K), 0.0019835 secs] [Times: user=0.01 sys=0.00, real=0.00 secs] 
268.851: [GC (Allocation Failure) [PSYoungGen: 123200K->1312K(122368K)] 497456K->375584K(779264K), 0.0021754 secs] [Times: user=0.01 sys=0.00, real=0.00 secs] 
270.547: [GC (Allocation Failure) [PSYoungGen: 122144K->9632K(131584K)] 496416K->392096K(788480K), 0.0043281 secs] [Times: user=0.02 sys=0.00, real=0.00 secs] 
272.388: [GC (Allocation Failure) [PSYoungGen: 128928K->1312K(119808K)] 511392K->383784K(776704K), 0.0036249 secs] [Times: user=0.02 sys=0.00, real=0.00 secs] 
273.857: [GC (Allocation Failure) [PSYoungGen: 119584K->1360K(128512K)] 502056K->383832K(785408K), 0.0016573 secs] [Times: user=0.01 sys=0.00, real=0.00 secs] 
274.851: [GC (Allocation Failure) [PSYoungGen: 118608K->9632K(129024K)] 501080K->400304K(785920K), 0.0047917 secs] [Times: user=0.02 sys=0.00, real=0.00 secs] 
275.627: [GC (Allocation Failure) [PSYoungGen: 125856K->1376K(127488K)] 516528K->392048K(784384K), 0.0021240 secs] [Times: user=0.01 sys=0.00, real=0.00 secs] 
276.614: [GC (Allocation Failure) [PSYoungGen: 116576K->5520K(119808K)] 507248K->396200K(776704K), 0.0022789 secs] [Times: user=0.01 sys=0.00, real=0.00 secs] 
277.038: [GC (Allocation Failure) [PSYoungGen: 119696K->1344K(124416K)] 510376K->392024K(781312K), 0.0019801 secs] [Times: user=0.00 sys=0.00, real=0.00 secs] 
277.923: [GC (Allocation Failure) [PSYoungGen: 114496K->1344K(113664K)] 505176K->392024K(770560K), 0.0020419 secs] [Times: user=0.00 sys=0.01, real=0.00 secs] 
279.152: [GC (Allocation Failure) [PSYoungGen: 113472K->9632K(122880K)] 504152K->400312K(779776K), 0.0023344 secs] [Times: user=0.01 sys=0.00, real=0.00 secs] 
279.950: [GC (Allocation Failure) [PSYoungGen: 120224K->1376K(111104K)] 510904K->392056K(768000K), 0.0021850 secs] [Times: user=0.01 sys=0.00, real=0.00 secs] 
280.914: [GC (Allocation Failure) [PSYoungGen: 110944K->1344K(119808K)] 501624K->392032K(776704K), 0.0030374 secs] [Times: user=0.01 sys=0.00, real=0.01 secs] 
282.535: [GC (Allocation Failure) [PSYoungGen: 109888K->9664K(120320K)] 500576K->408544K(777216K), 0.0040018 secs] [Times: user=0.02 sys=0.00, real=0.01 secs] 
283.929: [GC (Allocation Failure) [PSYoungGen: 117184K->1344K(118784K)] 516064K->400224K(775680K), 0.0046599 secs] [Times: user=0.02 sys=0.00, real=0.00 secs] 
285.296: [GC (Allocation Failure) [PSYoungGen: 107840K->1344K(107008K)] 506720K->400224K(763904K), 0.0036595 secs] [Times: user=0.02 sys=0.00, real=0.01 secs] 
286.672: [GC (Allocation Failure) [PSYoungGen: 106816K->9632K(117760K)] 505696K->416704K(774656K), 0.0034341 secs] [Times: user=0.02 sys=0.00, real=0.00 secs] 
287.507: [GC (Allocation Failure) [PSYoungGen: 114080K->1376K(104960K)] 521152K->408448K(761856K), 0.0034006 secs] [Times: user=0.02 sys=0.00, real=0.00 secs] 
288.476: [GC (Allocation Failure) [PSYoungGen: 104800K->1328K(114176K)] 511872K->408408K(771072K), 0.0033722 secs] [Times: user=0.01 sys=0.01, real=0.01 secs] 
289.848: [GC (Allocation Failure) [PSYoungGen: 103728K->9632K(114688K)] 510808K->424904K(771584K), 0.0035605 secs] [Times: user=0.02 sys=0.00, real=0.00 secs] 
290.713: [GC (Allocation Failure) [PSYoungGen: 111008K->1376K(113152K)] 526280K->416656K(770048K), 0.0027126 secs] [Times: user=0.02 sys=0.00, real=0.00 secs] 
291.516: [GC (Allocation Failure) [PSYoungGen: 101728K->1376K(100864K)] 517008K->416656K(757760K), 0.0022122 secs] [Times: user=0.00 sys=0.00, real=0.01 secs] 
292.794: [GC (Allocation Failure) [PSYoungGen: 99777K->9616K(112128K)] 515058K->424896K(769024K), 0.0020275 secs] [Times: user=0.01 sys=0.00, real=0.00 secs] 
293.682: [GC (Allocation Failure) [PSYoungGen: 107920K->1344K(99328K)] 523200K->416624K(756224K), 0.0031825 secs] [Times: user=0.01 sys=0.00, real=0.00 secs] 
294.230: [GC (Allocation Failure) [PSYoungGen: 99136K->1312K(110080K)] 514416K->416592K(766976K), 0.0022071 secs] [Times: user=0.01 sys=0.00, real=0.00 secs] 
295.375: [GC (Allocation Failure) [PSYoungGen: 98592K->9632K(110592K)] 513872K->424912K(767488K), 0.0020985 secs] [Times: user=0.01 sys=0.00, real=0.01 secs] 
296.273: [GC (Allocation Failure) [PSYoungGen: 106400K->1312K(109568K)] 521680K->416592K(766464K), 0.0039547 secs] [Times: user=0.01 sys=0.00, real=0.01 secs] 
296.721: [GC (Allocation Failure) [PSYoungGen: 97568K->1344K(97280K)] 512848K->416624K(754176K), 0.0020094 secs] [Times: user=0.01 sys=0.00, real=0.00 secs] 
298.288: [GC (Allocation Failure) [PSYoungGen: 95143K->3408K(106496K)] 510424K->418704K(763392K), 0.0026038 secs] [Times: user=0.01 sys=0.00, real=0.00 secs] 
299.027: [GC (Allocation Failure) [PSYoungGen: 98640K->9632K(107520K)] 513936K->433120K(764416K), 0.0038993 secs] [Times: user=0.02 sys=0.00, real=0.00 secs] 
299.757: [GC (Allocation Failure) [PSYoungGen: 104352K->1376K(107008K)] 527840K->424872K(763904K), 0.0022166 secs] [Times: user=0.01 sys=0.00, real=0.00 secs] 
300.306: [GC (Allocation Failure) [PSYoungGen: 95584K->1360K(95232K)] 519080K->424864K(752128K), 0.0017352 secs] [Times: user=0.01 sys=0.00, real=0.01 secs] 
301.555: [GC (Allocation Failure) [PSYoungGen: 95056K->9600K(105984K)] 518560K->441296K(762880K), 0.0080092 secs] [Times: user=0.04 sys=0.00, real=0.01 secs] 
302.521: [GC (Allocation Failure) [PSYoungGen: 102272K->1376K(93696K)] 533968K->433072K(750592K), 0.0032877 secs] [Times: user=0.01 sys=0.00, real=0.00 secs] 
303.389: [GC (Allocation Failure) [PSYoungGen: 93536K->1376K(103936K)] 525232K->433072K(760832K), 0.0035039 secs] [Times: user=0.01 sys=0.00, real=0.00 secs] 
304.509: [GC (Allocation Failure) [PSYoungGen: 93024K->9600K(104448K)] 524720K->441296K(761344K), 0.0019867 secs] [Times: user=0.01 sys=0.00, real=0.00 secs] 
305.084: [GC (Allocation Failure) [PSYoungGen: 100736K->1408K(103936K)] 532432K->433104K(760832K), 0.0021339 secs] [Times: user=0.01 sys=0.00, real=0.00 secs] 
305.813: [GC (Allocation Failure) [PSYoungGen: 92032K->1376K(91648K)] 523728K->433072K(748544K), 0.0044474 secs] [Times: user=0.02 sys=0.00, real=0.01 secs] 
307.186: [GC (Allocation Failure) [PSYoungGen: 91488K->1952K(100864K)] 523184K->433656K(757760K), 0.0025118 secs] [Times: user=0.01 sys=0.00, real=0.01 secs] 
308.488: [GC (Allocation Failure) [PSYoungGen: 91552K->9568K(101888K)] 523256K->449464K(758784K), 0.0074556 secs] [Times: user=0.03 sys=0.01, real=0.00 secs] 
309.999: [GC (Allocation Failure) [PSYoungGen: 98656K->1344K(101376K)] 538552K->441248K(758272K), 0.0037354 secs] [Times: user=0.01 sys=0.00, real=0.00 secs] 
310.738: [GC (Allocation Failure) [PSYoungGen: 89920K->1344K(89600K)] 529824K->441248K(746496K), 0.0026575 secs] [Times: user=0.00 sys=0.00, real=0.00 secs] 
312.021: [GC (Allocation Failure) [PSYoungGen: 89408K->9664K(100352K)] 529312K->449568K(757248K), 0.0022693 secs] [Times: user=0.01 sys=0.00, real=0.00 secs] 
312.660: [GC (Allocation Failure) [PSYoungGen: 96704K->1344K(88064K)] 536608K->441256K(744960K), 0.0021360 secs] [Times: user=0.00 sys=0.00, real=0.00 secs] 
313.452: [GC (Allocation Failure) [PSYoungGen: 87872K->1344K(98304K)] 527784K->441256K(755200K), 0.0022126 secs] [Times: user=0.01 sys=0.00, real=0.00 secs] 
314.315: [GC (Allocation Failure) [PSYoungGen: 87360K->1360K(87040K)] 527272K->441272K(743936K), 0.0016336 secs] [Times: user=0.01 sys=0.00, real=0.01 secs] 
315.171: [GC (Allocation Failure) [PSYoungGen: 86864K->9632K(96768K)] 526776K->457744K(753664K), 0.0032221 secs] [Times: user=0.01 sys=0.00, real=0.00 secs] 
315.919: [GC (Allocation Failure) [PSYoungGen: 93600K->1344K(84992K)] 541712K->449456K(741888K), 0.0024929 secs] [Times: user=0.01 sys=0.00, real=0.00 secs] 
316.663: [GC (Allocation Failure) [PSYoungGen: 84800K->1344K(95232K)] 532912K->449456K(752128K), 0.0026160 secs] [Times: user=0.01 sys=0.00, real=0.00 secs] 
318.829: [GC (Allocation Failure) [PSYoungGen: 84288K->2400K(84992K)] 532400K->450512K(741888K), 0.0054520 secs] [Times: user=0.02 sys=0.01, real=0.00 secs] 
319.257: [GC (Allocation Failure) [PSYoungGen: 84832K->9600K(93184K)] 532944K->465904K(750080K), 0.0036531 secs] [Times: user=0.02 sys=0.00, real=0.00 secs] 
319.595: [GC (Allocation Failure) [PSYoungGen: 90496K->1376K(81920K)] 546800K->457688K(738816K), 0.0020033 secs] [Times: user=0.01 sys=0.00, real=0.01 secs] 
319.935: [GC (Allocation Failure) [PSYoungGen: 81760K->1312K(91648K)] 538072K->457624K(748544K), 0.0020400 secs] [Times: user=0.01 sys=0.00, real=0.01 secs] 
320.823: [GC (Allocation Failure) [PSYoungGen: 81184K->5568K(84992K)] 537496K->461888K(741888K), 0.0021948 secs] [Times: user=0.01 sys=0.00, real=0.00 secs] 
321.369: [GC (Allocation Failure) [PSYoungGen: 84928K->9632K(91136K)] 541248K->474144K(748032K), 0.0034565 secs] [Times: user=0.01 sys=0.01, real=0.00 secs] 
322.094: [GC (Allocation Failure) [PSYoungGen: 87968K->1344K(79360K)] 552480K->465856K(736256K), 0.0022775 secs] [Times: user=0.01 sys=0.00, real=0.00 secs] 
322.758: [GC (Allocation Failure) [PSYoungGen: 79168K->1312K(89600K)] 543680K->465824K(746496K), 0.0025310 secs] [Times: user=0.01 sys=0.00, real=0.00 secs] 
323.814: [GC (Allocation Failure) [PSYoungGen: 78624K->3488K(80384K)] 543136K->468008K(737280K), 0.0022035 secs] [Times: user=0.01 sys=0.00, real=0.00 secs] 
324.525: [GC (Allocation Failure) [PSYoungGen: 80288K->9632K(87552K)] 544808K->482344K(744448K), 0.0034805 secs] [Times: user=0.02 sys=0.00, real=0.01 secs] 
324.988: [GC (Allocation Failure) [PSYoungGen: 84896K->1360K(76288K)] 557608K->474072K(733184K), 0.0027735 secs] [Times: user=0.01 sys=0.00, real=0.00 secs] 
325.353: [GC (Allocation Failure) [PSYoungGen: 76112K->1408K(86016K)] 548824K->474120K(742912K), 0.0022827 secs] [Times: user=0.01 sys=0.00, real=0.00 secs] 
327.396: [GC (Allocation Failure) [PSYoungGen: 75648K->2432K(76288K)] 548360K->475152K(733184K), 0.0032031 secs] [Times: user=0.01 sys=0.00, real=0.01 secs] 
327.971: [GC (Allocation Failure) [PSYoungGen: 76160K->9600K(84992K)] 548880K->490512K(741888K), 0.0055134 secs] [Times: user=0.03 sys=0.00, real=0.01 secs] 
328.584: [GC (Allocation Failure) [PSYoungGen: 82304K->1344K(73728K)] 563216K->482256K(730624K), 0.0033393 secs] [Times: user=0.01 sys=0.00, real=0.01 secs] 
329.245: [GC (Allocation Failure) [PSYoungGen: 73536K->1376K(83456K)] 554448K->482288K(740352K), 0.0025503 secs] [Times: user=0.01 sys=0.01, real=0.01 secs] 
330.095: [GC (Allocation Failure) [PSYoungGen: 73056K->1392K(72704K)] 553968K->482304K(729600K), 0.0018284 secs] [Times: user=0.01 sys=0.00, real=0.01 secs] 
330.628: [GC (Allocation Failure) [PSYoungGen: 72560K->9632K(81920K)] 553472K->490544K(738816K), 0.0021768 secs] [Times: user=0.01 sys=0.00, real=0.00 secs] 
330.909: [GC (Allocation Failure) [PSYoungGen: 79264K->1344K(70656K)] 560176K->482256K(727552K), 0.0020807 secs] [Times: user=0.01 sys=0.00, real=0.00 secs] 
331.211: [GC (Allocation Failure) [PSYoungGen: 70464K->1344K(80384K)] 551376K->482264K(737280K), 0.0020667 secs] [Times: user=0.01 sys=0.00, real=0.00 secs] 
331.512: [GC (Allocation Failure) [PSYoungGen: 69952K->1376K(69632K)] 550872K->482296K(726528K), 0.0020985 secs] [Times: user=0.01 sys=0.00, real=0.00 secs] 
332.276: [GC (Allocation Failure) [PSYoungGen: 69472K->3520K(77312K)] 550392K->484440K(734208K), 0.0020888 secs] [Times: user=0.00 sys=0.01, real=0.01 secs] 
332.542: [GC (Allocation Failure) [PSYoungGen: 71104K->9632K(78848K)] 552024K->498744K(735744K), 0.0032495 secs] [Times: user=0.01 sys=0.00, real=0.00 secs] 
332.825: [GC (Allocation Failure) [PSYoungGen: 77216K->1344K(79360K)] 566328K->490464K(736256K), 0.0019301 secs] [Times: user=0.01 sys=0.00, real=0.01 secs] 
333.106: [GC (Allocation Failure) [PSYoungGen: 68928K->1344K(79872K)] 558048K->490464K(736768K), 0.0019666 secs] [Times: user=0.00 sys=0.00, real=0.01 secs] 
333.525: [GC (Allocation Failure) [PSYoungGen: 68920K->256K(78848K)] 558041K->489392K(735744K), 0.0022041 secs] [Times: user=0.01 sys=0.00, real=0.01 secs] 
334.872: [GC (Allocation Failure) [PSYoungGen: 67840K->9632K(79360K)] 556976K->498776K(736256K), 0.0031509 secs] [Times: user=0.01 sys=0.00, real=0.00 secs] 
335.239: [GC (Allocation Failure) [PSYoungGen: 77216K->9632K(79872K)] 566360K->506968K(736768K), 0.0037958 secs] [Times: user=0.02 sys=0.01, real=0.00 secs] 
335.517: [GC (Allocation Failure) [PSYoungGen: 76192K->1376K(68096K)] 573528K->498712K(724992K), 0.0022022 secs] [Times: user=0.01 sys=0.00, real=0.00 secs] 
335.794: [GC (Allocation Failure) [PSYoungGen: 67936K->1376K(79360K)] 565272K->498712K(736256K), 0.0020803 secs] [Times: user=0.01 sys=0.00, real=0.00 secs] 
336.524: [GC (Allocation Failure) [PSYoungGen: 67936K->1664K(68608K)] 565272K->499000K(725504K), 0.0020187 secs] [Times: user=0.01 sys=0.00, real=0.00 secs] 
336.737: [GC (Allocation Failure) [PSYoungGen: 60690K->9616K(77824K)] 558027K->506952K(734720K), 0.0021965 secs] [Times: user=0.01 sys=0.00, real=0.00 secs] 
336.974: [GC (Allocation Failure) [PSYoungGen: 74640K->1312K(66560K)] 571976K->498648K(723456K), 0.0019721 secs] [Times: user=0.01 sys=0.00, real=0.00 secs] 
337.244: [GC (Allocation Failure) [PSYoungGen: 66336K->1408K(77824K)] 563672K->498744K(734720K), 0.0018991 secs] [Times: user=0.01 sys=0.00, real=0.00 secs] 
337.514: [GC (Allocation Failure) [PSYoungGen: 66432K->1376K(66560K)] 563768K->498712K(723456K), 0.0020852 secs] [Times: user=0.01 sys=0.00, real=0.00 secs] 
338.250: [GC (Allocation Failure) [PSYoungGen: 66400K->2400K(75776K)] 563736K->499744K(732672K), 0.0020235 secs] [Times: user=0.01 sys=0.00, real=0.00 secs] 
338.461: [GC (Allocation Failure) [PSYoungGen: 67424K->9600K(76800K)] 564768K->515136K(733696K), 0.0033247 secs] [Times: user=0.01 sys=0.00, real=0.00 secs] 
338.803: [GC (Allocation Failure) [PSYoungGen: 74624K->1376K(77312K)] 580160K->506912K(734208K), 0.0019962 secs] [Times: user=0.00 sys=0.00, real=0.00 secs] 
339.253: [GC (Allocation Failure) [PSYoungGen: 66400K->1376K(66560K)] 571936K->506912K(723456K), 0.0018682 secs] [Times: user=0.01 sys=0.00, real=0.00 secs] 
339.733: [GC (Allocation Failure) [PSYoungGen: 66400K->1408K(76288K)] 571936K->506944K(733184K), 0.0020586 secs] [Times: user=0.01 sys=0.00, real=0.00 secs] 
340.670: [GC (Allocation Failure) [PSYoungGen: 66432K->3456K(68608K)] 571968K->509000K(725504K), 0.0022223 secs] [Times: user=0.01 sys=0.00, real=0.00 secs] 
341.149: [GC (Allocation Failure) [PSYoungGen: 68480K->9632K(74752K)] 574024K->523392K(731648K), 0.0041862 secs] [Times: user=0.02 sys=0.00, real=0.00 secs] 
341.692: [GC (Allocation Failure) [PSYoungGen: 73120K->1376K(65024K)] 586880K->515136K(721920K), 0.0023152 secs] [Times: user=0.01 sys=0.00, real=0.00 secs] 
342.109: [GC (Allocation Failure) [PSYoungGen: 64864K->1376K(74752K)] 578624K->515136K(731648K), 0.0023726 secs] [Times: user=0.00 sys=0.00, real=0.00 secs] 
342.380: [GC (Allocation Failure) [PSYoungGen: 64864K->1408K(65024K)] 578624K->515168K(721920K), 0.0024509 secs] [Times: user=0.01 sys=0.00, real=0.00 secs] 
343.291: [GC (Allocation Failure) [PSYoungGen: 64896K->3456K(73728K)] 578656K->517224K(730624K), 0.0024993 secs] [Times: user=0.01 sys=0.00, real=0.00 secs] 
343.748: [GC (Allocation Failure) [PSYoungGen: 66944K->9600K(74240K)] 580712K->531560K(731136K), 0.0049749 secs] [Times: user=0.03 sys=0.01, real=0.00 secs] 
344.365: [GC (Allocation Failure) [PSYoungGen: 73088K->1344K(74752K)] 595048K->523304K(731648K), 0.0029440 secs] [Times: user=0.01 sys=0.00, real=0.01 secs] 
345.252: [GC (Allocation Failure) [PSYoungGen: 64832K->1360K(75264K)] 586792K->523320K(732160K), 0.0034153 secs] [Times: user=0.01 sys=0.00, real=0.00 secs] 
346.085: [GC (Allocation Failure) [PSYoungGen: 64848K->1376K(74240K)] 586808K->523336K(731136K), 0.0037728 secs] [Times: user=0.02 sys=0.00, real=0.01 secs] 
347.317: [GC (Allocation Failure) [PSYoungGen: 64195K->3440K(67072K)] 586156K->525416K(723968K), 0.0027511 secs] [Times: user=0.01 sys=0.00, real=0.00 secs] 
347.832: [GC (Allocation Failure) [PSYoungGen: 66928K->9568K(71680K)] 588904K->539736K(728576K), 0.0090748 secs] [Times: user=0.05 sys=0.00, real=0.01 secs] 
348.438: [GC (Allocation Failure) [PSYoungGen: 71008K->1344K(62976K)] 601176K->531512K(719872K), 0.0035849 secs] [Times: user=0.02 sys=0.00, real=0.00 secs] 
349.069: [GC (Allocation Failure) [PSYoungGen: 62784K->1344K(72192K)] 592952K->531512K(729088K), 0.0035213 secs] [Times: user=0.01 sys=0.00, real=0.00 secs] 
349.943: [GC (Allocation Failure) [PSYoungGen: 62784K->1344K(62976K)] 592952K->531512K(719872K), 0.0039078 secs] [Times: user=0.01 sys=0.00, real=0.01 secs] 
350.924: [GC (Allocation Failure) [PSYoungGen: 62784K->3456K(71168K)] 592952K->533632K(728064K), 0.0023718 secs] [Times: user=0.01 sys=0.00, real=0.01 secs] 
351.537: [GC (Allocation Failure) [PSYoungGen: 64896K->9568K(71680K)] 595072K->547936K(728576K), 0.0038172 secs] [Times: user=0.02 sys=0.00, real=0.00 secs] 
352.181: [GC (Allocation Failure) [PSYoungGen: 71008K->1344K(73216K)] 609376K->539712K(730112K), 0.0039950 secs] [Times: user=0.02 sys=0.00, real=0.00 secs] 
352.527: [GC (Allocation Failure) [PSYoungGen: 62784K->1344K(62976K)] 601152K->539712K(719872K), 0.0024023 secs] [Times: user=0.01 sys=0.00, real=0.00 secs] 
352.802: [GC (Allocation Failure) [PSYoungGen: 62784K->1344K(71680K)] 601152K->539712K(728576K), 0.0021791 secs] [Times: user=0.01 sys=0.00, real=0.00 secs] 
354.272: [GC (Allocation Failure) [PSYoungGen: 62784K->3440K(65024K)] 601152K->541816K(721920K), 0.0058945 secs] [Times: user=0.02 sys=0.01, real=0.01 secs] 
355.455: [GC (Allocation Failure) [PSYoungGen: 64880K->9632K(70144K)] 603256K->556208K(727040K), 0.0085770 secs] [Times: user=0.04 sys=0.00, real=0.01 secs] 
356.485: [GC (Allocation Failure) [PSYoungGen: 69536K->1376K(61440K)] 616112K->547952K(718336K), 0.0037063 secs] [Times: user=0.02 sys=0.00, real=0.01 secs] 
357.010: [GC (Allocation Failure) [PSYoungGen: 61280K->1408K(71168K)] 607856K->547992K(728064K), 0.0029631 secs] [Times: user=0.02 sys=0.00, real=0.00 secs] 
357.319: [GC (Allocation Failure) [PSYoungGen: 61312K->1392K(61440K)] 607896K->547976K(718336K), 0.0021905 secs] [Times: user=0.01 sys=0.00, real=0.00 secs] 
358.513: [GC (Allocation Failure) [PSYoungGen: 61296K->3488K(69632K)] 607880K->550080K(726528K), 0.0030407 secs] [Times: user=0.01 sys=0.00, real=0.00 secs] 
360.260: [GC (Allocation Failure) [PSYoungGen: 56338K->9616K(70144K)] 602931K->556208K(727040K), 0.0041402 secs] [Times: user=0.01 sys=0.01, real=0.00 secs] 
361.564: [GC (Allocation Failure) [PSYoungGen: 69520K->9600K(70144K)] 616112K->564384K(727040K), 0.0063995 secs] [Times: user=0.02 sys=0.00, real=0.01 secs] 
362.637: [GC (Allocation Failure) [PSYoungGen: 67968K->1376K(59904K)] 622752K->556160K(716800K), 0.0049611 secs] [Times: user=0.02 sys=0.00, real=0.00 secs] 
363.135: [GC (Allocation Failure) [PSYoungGen: 59744K->1392K(70144K)] 614528K->556176K(727040K), 0.0024645 secs] [Times: user=0.01 sys=0.00, real=0.01 secs] 
363.504: [GC (Allocation Failure) [PSYoungGen: 59760K->1341K(59904K)] 614544K->556126K(716800K), 0.0023552 secs] [Times: user=0.01 sys=0.00, real=0.00 secs] 
364.352: [GC (Allocation Failure) [PSYoungGen: 59709K->9632K(68608K)] 614494K->564416K(725504K), 0.0041259 secs] [Times: user=0.02 sys=0.00, real=0.00 secs] 
364.758: [GC (Allocation Failure) [PSYoungGen: 66464K->9600K(70144K)] 621248K->572576K(727040K), 0.0056695 secs] [Times: user=0.03 sys=0.00, real=0.00 secs] 
365.252: [GC (Allocation Failure) [PSYoungGen: 66432K->1408K(71168K)] 629408K->564384K(728064K), 0.0030257 secs] [Times: user=0.02 sys=0.00, real=0.00 secs] 
365.609: [GC (Allocation Failure) [PSYoungGen: 58240K->1376K(58368K)] 621216K->564352K(715264K), 0.0024504 secs] [Times: user=0.01 sys=0.00, real=0.00 secs] 
365.877: [GC (Allocation Failure) [PSYoungGen: 58208K->1408K(69632K)] 621184K->564416K(726528K), 0.0024438 secs] [Times: user=0.01 sys=0.00, real=0.00 secs] 
367.056: [GC (Allocation Failure) [PSYoungGen: 58240K->2432K(59392K)] 621248K->565456K(716288K), 0.0063180 secs] [Times: user=0.02 sys=0.00, real=0.01 secs] 
368.204: [GC (Allocation Failure) [PSYoungGen: 51743K->9552K(68608K)] 614768K->572576K(725504K), 0.0043484 secs] [Times: user=0.02 sys=0.00, real=0.01 secs] 
369.183: [GC (Allocation Failure) [PSYoungGen: 65360K->9536K(69632K)] 628384K->580752K(726528K), 0.0097155 secs] [Times: user=0.05 sys=0.00, real=0.01 secs] 
370.129: [GC (Allocation Failure) [PSYoungGen: 65344K->1344K(69632K)] 636560K->572560K(726528K), 0.0066647 secs] [Times: user=0.03 sys=0.00, real=0.00 secs] 
370.603: [GC (Allocation Failure) [PSYoungGen: 57152K->1328K(57344K)] 628368K->572544K(714240K), 0.0029439 secs] [Times: user=0.01 sys=0.00, real=0.00 secs] 
370.839: [GC (Allocation Failure) [PSYoungGen: 57136K->1344K(68608K)] 628352K->572560K(725504K), 0.0024181 secs] [Times: user=0.01 sys=0.00, real=0.00 secs] 
372.629: [GC (Allocation Failure) [PSYoungGen: 57152K->3440K(59392K)] 628368K->574656K(716288K), 0.0066251 secs] [Times: user=0.02 sys=0.01, real=0.00 secs] 
373.629: [GC (Allocation Failure) [PSYoungGen: 59248K->9600K(67584K)] 630464K->589016K(724480K), 0.0080787 secs] [Times: user=0.03 sys=0.00, real=0.01 secs] 
375.317: [GC (Allocation Failure) [PSYoungGen: 64384K->1376K(56320K)] 643800K->580792K(713216K), 0.0027984 secs] [Times: user=0.01 sys=0.00, real=0.00 secs] 
376.005: [GC (Allocation Failure) [PSYoungGen: 56160K->1376K(68096K)] 635576K->580800K(724992K), 0.0032072 secs] [Times: user=0.01 sys=0.00, real=0.01 secs] 
376.753: [GC (Allocation Failure) [PSYoungGen: 56160K->1360K(56320K)] 635584K->580784K(713216K), 0.0033948 secs] [Times: user=0.02 sys=0.00, real=0.00 secs] 
377.746: [GC (Allocation Failure) [PSYoungGen: 56144K->1341K(66560K)] 635568K->580766K(723456K), 0.0018469 secs] [Times: user=0.01 sys=0.00, real=0.01 secs] 
378.273: [GC (Allocation Failure) [PSYoungGen: 56125K->9600K(67072K)] 635550K->589032K(723968K), 0.0027569 secs] [Times: user=0.01 sys=0.00, real=0.00 secs] 
378.472: [GC (Allocation Failure) [PSYoungGen: 64384K->9568K(67584K)] 643816K->597192K(724480K), 0.0035100 secs] [Times: user=0.02 sys=0.01, real=0.00 secs] 
378.750: [GC (Allocation Failure) [PSYoungGen: 63328K->1344K(55296K)] 650952K->588968K(712192K), 0.0023061 secs] [Times: user=0.01 sys=0.00, real=0.00 secs] 
379.039: [GC (Allocation Failure) [PSYoungGen: 55104K->1360K(67072K)] 642728K->588992K(723968K), 0.0031639 secs] [Times: user=0.01 sys=0.00, real=0.00 secs] 
379.262: [GC (Allocation Failure) [PSYoungGen: 55120K->1344K(55296K)] 642752K->588976K(712192K), 0.0023829 secs] [Times: user=0.01 sys=0.00, real=0.00 secs] 
380.014: [GC (Allocation Failure) [PSYoungGen: 55072K->1520K(66048K)] 642704K->589169K(722944K), 0.0018932 secs] [Times: user=0.01 sys=0.00, real=0.00 secs] 
380.206: [GC (Allocation Failure) [PSYoungGen: 55280K->9632K(66560K)] 642929K->597289K(723456K), 0.0019682 secs] [Times: user=0.01 sys=0.00, real=0.01 secs] 
380.395: [GC (Allocation Failure) [PSYoungGen: 63392K->9600K(66048K)] 651049K->605449K(722944K), 0.0028240 secs] [Times: user=0.01 sys=0.00, real=0.01 secs] 
380.613: [GC (Allocation Failure) [PSYoungGen: 61824K->1344K(53760K)] 657673K->597192K(710656K), 0.0017824 secs] [Times: user=0.01 sys=0.00, real=0.00 secs] 
380.829: [GC (Allocation Failure) [PSYoungGen: 53568K->1344K(66048K)] 649416K->597200K(722944K), 0.0019217 secs] [Times: user=0.01 sys=0.00, real=0.00 secs] 
381.046: [GC (Allocation Failure) [PSYoungGen: 53568K->1344K(66560K)] 649424K->597200K(723456K), 0.0027379 secs] [Times: user=0.01 sys=0.00, real=0.01 secs] 
381.817: [GC (Allocation Failure) [PSYoungGen: 53568K->2400K(59392K)] 649424K->598273K(716288K), 0.0024761 secs] [Times: user=0.01 sys=0.00, real=0.00 secs] 
382.483: [GC (Allocation Failure) [PSYoungGen: 54624K->9600K(65024K)] 650497K->605473K(721920K), 0.0038116 secs] [Times: user=0.02 sys=0.00, real=0.01 secs] 
383.126: [GC (Allocation Failure) [PSYoungGen: 61824K->9568K(65536K)] 657697K->613633K(722432K), 0.0101120 secs] [Times: user=0.05 sys=0.00, real=0.01 secs] 
383.711: [GC (Allocation Failure) [PSYoungGen: 60768K->1344K(52736K)] 664833K->605409K(709632K), 0.0037000 secs] [Times: user=0.01 sys=0.00, real=0.00 secs] 
384.069: [GC (Allocation Failure) [PSYoungGen: 52544K->1376K(66560K)] 656609K->605441K(723456K), 0.0076084 secs] [Times: user=0.04 sys=0.00, real=0.01 secs] 
384.586: [GC (Allocation Failure) [PSYoungGen: 53088K->1312K(66048K)] 657153K->605377K(722944K), 0.0025335 secs] [Times: user=0.01 sys=0.00, real=0.01 secs] 
385.777: [GC (Allocation Failure) [PSYoungGen: 53024K->1632K(59904K)] 657089K->605697K(716800K), 0.0024757 secs] [Times: user=0.01 sys=0.00, real=0.00 secs] 
386.806: [GC (Allocation Failure) [PSYoungGen: 53344K->9536K(65024K)] 657409K->613601K(721920K), 0.0046089 secs] [Times: user=0.02 sys=0.00, real=0.01 secs] 
387.611: [GC (Allocation Failure) [PSYoungGen: 61248K->9568K(65024K)] 665313K->621825K(721920K), 0.0063945 secs] [Times: user=0.03 sys=0.00, real=0.01 secs] 
388.185: [GC (Allocation Failure) [PSYoungGen: 60256K->1328K(52224K)] 672513K->613585K(709120K), 0.0032621 secs] [Times: user=0.01 sys=0.00, real=0.01 secs] 
388.779: [GC (Allocation Failure) [PSYoungGen: 52016K->1312K(64512K)] 664273K->613569K(721408K), 0.0029633 secs] [Times: user=0.01 sys=0.00, real=0.00 secs] 
389.239: [GC (Allocation Failure) [PSYoungGen: 52000K->1344K(52224K)] 664257K->613601K(709120K), 0.0027342 secs] [Times: user=0.01 sys=0.00, real=0.00 secs] 
390.070: [GC (Allocation Failure) [PSYoungGen: 52032K->1357K(63488K)] 664289K->613614K(720384K), 0.0017737 secs] [Times: user=0.00 sys=0.00, real=0.00 secs] 
390.882: [GC (Allocation Failure) [PSYoungGen: 52045K->9648K(64000K)] 664302K->621905K(720896K), 0.0029340 secs] [Times: user=0.01 sys=0.00, real=0.00 secs] 
391.527: [GC (Allocation Failure) [PSYoungGen: 60336K->9568K(65024K)] 672593K->630017K(721920K), 0.0070982 secs] [Times: user=0.03 sys=0.00, real=0.00 secs] 
392.234: [GC (Allocation Failure) [PSYoungGen: 59744K->1312K(65536K)] 680193K->621761K(722432K), 0.0033543 secs] [Times: user=0.01 sys=0.00, real=0.01 secs] 
392.441: [GC (Allocation Failure) [PSYoungGen: 51488K->1344K(63488K)] 671937K->621793K(720384K), 0.0025024 secs] [Times: user=0.01 sys=0.00, real=0.00 secs] 
392.650: [GC (Allocation Failure) [PSYoungGen: 51520K->1312K(51712K)] 671969K->621761K(708608K), 0.0023050 secs] [Times: user=0.01 sys=0.01, real=0.00 secs] 
393.095: [GC (Allocation Failure) [PSYoungGen: 51488K->1357K(62976K)] 671937K->621806K(719872K), 0.0017702 secs] [Times: user=0.00 sys=0.00, real=0.01 secs] 
393.763: [GC (Allocation Failure) [PSYoungGen: 51533K->9600K(63488K)] 671982K->630057K(720384K), 0.0023555 secs] [Times: user=0.01 sys=0.00, real=0.00 secs] 
394.147: [GC (Allocation Failure) [PSYoungGen: 59776K->9600K(64000K)] 680233K->638249K(720896K), 0.0065412 secs] [Times: user=0.03 sys=0.01, real=0.00 secs] 
394.615: [GC (Allocation Failure) [PSYoungGen: 58752K->1312K(50688K)] 687401K->629977K(707584K), 0.0048675 secs] [Times: user=0.02 sys=0.00, real=0.01 secs] 
395.106: [GC (Allocation Failure) [PSYoungGen: 50464K->1344K(63488K)] 679129K->630009K(720384K), 0.0037463 secs] [Times: user=0.01 sys=0.00, real=0.01 secs] 
395.599: [GC (Allocation Failure) [PSYoungGen: 50496K->1344K(50688K)] 679161K->630009K(707584K), 0.0038313 secs] [Times: user=0.02 sys=0.00, real=0.00 secs] 
395.922: [GC (Allocation Failure) [PSYoungGen: 50496K->1328K(61440K)] 679161K->629993K(718336K), 0.0029840 secs] [Times: user=0.01 sys=0.00, real=0.00 secs] 
397.720: [GC (Allocation Failure) [PSYoungGen: 50480K->3424K(52736K)] 679145K->632097K(709632K), 0.0065955 secs] [Times: user=0.03 sys=0.00, real=0.01 secs] 
398.709: [GC (Allocation Failure) [PSYoungGen: 47806K->9616K(60928K)] 676479K->638289K(717824K), 0.0053880 secs] [Times: user=0.02 sys=0.00, real=0.00 secs] 
399.335: [GC (Allocation Failure) [PSYoungGen: 57744K->9600K(61952K)] 686417K->646465K(718848K), 0.0083584 secs] [Times: user=0.04 sys=0.00, real=0.01 secs] 
399.922: [GC (Allocation Failure) [PSYoungGen: 57728K->1376K(61952K)] 694593K->638241K(718848K), 0.0049508 secs] [Times: user=0.02 sys=0.00, real=0.01 secs] 
400.389: [GC (Allocation Failure) [PSYoungGen: 49504K->1408K(49664K)] 686369K->638273K(706560K), 0.0031351 secs] [Times: user=0.01 sys=0.00, real=0.00 secs] 
400.819: [GC (Allocation Failure) [PSYoungGen: 49536K->1376K(60928K)] 686401K->638241K(717824K), 0.0032761 secs] [Times: user=0.02 sys=0.00, real=0.00 secs] 
401.592: [GC (Allocation Failure) [PSYoungGen: 49504K->1389K(49664K)] 686369K->638254K(706560K), 0.0019882 secs] [Times: user=0.01 sys=0.00, real=0.00 secs] 
402.768: [GC (Allocation Failure) [PSYoungGen: 49517K->9600K(59392K)] 686382K->646473K(716288K), 0.0057373 secs] [Times: user=0.03 sys=0.00, real=0.00 secs] 
403.044: [GC (Allocation Failure) [PSYoungGen: 56192K->9632K(60928K)] 693065K->654697K(717824K), 0.0044410 secs] [Times: user=0.02 sys=0.00, real=0.01 secs] 
403.384: [GC (Allocation Failure) [PSYoungGen: 56224K->1376K(60928K)] 701289K->646449K(717824K), 0.0023280 secs] [Times: user=0.01 sys=0.00, real=0.00 secs] 
403.813: [GC (Allocation Failure) [PSYoungGen: 47968K->1376K(48128K)] 693041K->646449K(705024K), 0.0024604 secs] [Times: user=0.01 sys=0.00, real=0.00 secs] 
404.328: [GC (Allocation Failure) [PSYoungGen: 47968K->1408K(59904K)] 693041K->646481K(716800K), 0.0042558 secs] [Times: user=0.02 sys=0.00, real=0.00 secs] 
404.842: [GC (Allocation Failure) [PSYoungGen: 48000K->1376K(48128K)] 693073K->646465K(705024K), 0.0041541 secs] [Times: user=0.01 sys=0.00, real=0.00 secs] 
406.181: [GC (Allocation Failure) [PSYoungGen: 47968K->1680K(58880K)] 693057K->646777K(715776K), 0.0061577 secs] [Times: user=0.03 sys=0.00, real=0.01 secs] 
407.286: [GC (Allocation Failure) [PSYoungGen: 48272K->9568K(59392K)] 693369K->654665K(716288K), 0.0068908 secs] [Times: user=0.04 sys=0.00, real=0.01 secs] 
407.943: [GC (Allocation Failure) [PSYoungGen: 56160K->9600K(58880K)] 701257K->662905K(715776K), 0.0083470 secs] [Times: user=0.04 sys=0.00, real=0.01 secs] 
407.952: [Full GC (Ergonomics) [PSYoungGen: 9600K->0K(58880K)] [ParOldGen: 653305K->86806K(616448K)] 662905K->86806K(675328K), [Metaspace: 54980K->54972K(1099776K)], 0.0764008 secs] [Times: user=0.18 sys=0.01, real=0.08 secs] 
408.444: [GC (Allocation Failure) [PSYoungGen: 28763K->64K(60416K)] 115570K->86870K(676864K), 0.0028693 secs] [Times: user=0.01 sys=0.01, real=0.01 secs] 
408.729: [GC (Allocation Failure) [PSYoungGen: 45120K->128K(64000K)] 164694K->152470K(680448K), 0.0051669 secs] [Times: user=0.03 sys=0.00, real=0.00 secs] 
409.242: [GC (Allocation Failure) [PSYoungGen: 49280K->128K(63488K)] 201622K->152470K(679936K), 0.0026815 secs] [Times: user=0.01 sys=0.00, real=0.00 secs] 
409.417: [GC (Allocation Failure) [PSYoungGen: 49280K->96K(68096K)] 201622K->185206K(684544K), 0.0086114 secs] [Times: user=0.04 sys=0.00, real=0.00 secs] 
409.657: [GC (Allocation Failure) [PSYoungGen: 54368K->96K(67584K)] 239478K->250742K(684032K), 0.0078605 secs] [Times: user=0.04 sys=0.00, real=0.00 secs] 
410.255: [GC (Allocation Failure) [PSYoungGen: 54247K->96K(72704K)] 337662K->283511K(689152K), 0.0024175 secs] [Times: user=0.01 sys=0.00, real=0.01 secs] 
411.057: [GC (Allocation Failure) [PSYoungGen: 61536K->9664K(73728K)] 344951K->293079K(690176K), 0.0017415 secs] [Times: user=0.01 sys=0.00, real=0.00 secs] 
411.312: [GC (Allocation Failure) [PSYoungGen: 71104K->1440K(80384K)] 354519K->284855K(696832K), 0.0025830 secs] [Times: user=0.01 sys=0.00, real=0.00 secs] 
411.596: [GC (Allocation Failure) [PSYoungGen: 69536K->1408K(81408K)] 352951K->284823K(697856K), 0.0021178 secs] [Times: user=0.01 sys=0.00, real=0.01 secs] 
411.883: [GC (Allocation Failure) [PSYoungGen: 69504K->1440K(84992K)] 352919K->284855K(701440K), 0.0024891 secs] [Times: user=0.01 sys=0.00, real=0.00 secs] 
412.703: [GC (Allocation Failure) [PSYoungGen: 76192K->3520K(86528K)] 359607K->286935K(702976K), 0.0016042 secs] [Times: user=0.00 sys=0.00, real=0.00 secs] 
412.987: [GC (Allocation Failure) [PSYoungGen: 78272K->1440K(90624K)] 361687K->284855K(707072K), 0.0017008 secs] [Times: user=0.00 sys=0.01, real=0.00 secs] 
413.322: [GC (Allocation Failure) [PSYoungGen: 82336K->1408K(91648K)] 365751K->284823K(708096K), 0.0014597 secs] [Times: user=0.00 sys=0.00, real=0.00 secs] 
413.658: [GC (Allocation Failure) [PSYoungGen: 82304K->1440K(95232K)] 365719K->284855K(711680K), 0.0016447 secs] [Times: user=0.00 sys=0.00, real=0.00 secs] 
414.436: [GC (Allocation Failure) [PSYoungGen: 87968K->5533K(96256K)] 371383K->288948K(712704K), 0.0018290 secs] [Times: user=0.01 sys=0.00, real=0.01 secs] 
414.778: [GC (Allocation Failure) [PSYoungGen: 92061K->1376K(101376K)] 375476K->284791K(717824K), 0.0015177 secs] [Times: user=0.01 sys=0.00, real=0.00 secs] 
415.268: [GC (Allocation Failure) [PSYoungGen: 93536K->1373K(101888K)] 376951K->284796K(718336K), 0.0019294 secs] [Times: user=0.01 sys=0.00, real=0.00 secs] 
416.445: [GC (Allocation Failure) [PSYoungGen: 93533K->1424K(103936K)] 376956K->284847K(720384K), 0.0015176 secs] [Times: user=0.00 sys=0.00, real=0.01 secs] 
418.235: [GC (Allocation Failure) [PSYoungGen: 98192K->1469K(105472K)] 381615K->284900K(721920K), 0.0021911 secs] [Times: user=0.01 sys=0.00, real=0.01 secs] 
418.633: [GC (Allocation Failure) [PSYoungGen: 98237K->1421K(109056K)] 381668K->284860K(725504K), 0.0019767 secs] [Times: user=0.01 sys=0.00, real=0.00 secs] 
419.197: [GC (Allocation Failure) [PSYoungGen: 102797K->1402K(109056K)] 386236K->284849K(725504K), 0.0015449 secs] [Times: user=0.00 sys=0.00, real=0.00 secs] 
421.925: [GC (Allocation Failure) [PSYoungGen: 102778K->1456K(112128K)] 386225K->284956K(728576K), 0.0052205 secs] [Times: user=0.02 sys=0.00, real=0.01 secs] 
422.871: [GC (Allocation Failure) [PSYoungGen: 106928K->1408K(112640K)] 390428K->284908K(729088K), 0.0018401 secs] [Times: user=0.01 sys=0.00, real=0.00 secs] 
423.843: [GC (Allocation Failure) [PSYoungGen: 106880K->1408K(115200K)] 390380K->284908K(731648K), 0.0015370 secs] [Times: user=0.00 sys=0.00, real=0.00 secs] 
425.271: [GC (Allocation Failure) [PSYoungGen: 110976K->1408K(115712K)] 394476K->284908K(732160K), 0.0026630 secs] [Times: user=0.01 sys=0.00, real=0.00 secs] 
426.467: [GC (Allocation Failure) [PSYoungGen: 110976K->1440K(118272K)] 394476K->284940K(734720K), 0.0030424 secs] [Times: user=0.01 sys=0.00, real=0.00 secs] 
429.272: [GC (Allocation Failure) [PSYoungGen: 114592K->3488K(118784K)] 398092K->286988K(735232K), 0.0040590 secs] [Times: user=0.01 sys=0.00, real=0.01 secs] 
430.361: [GC (Allocation Failure) [PSYoungGen: 116640K->1376K(121856K)] 400140K->284876K(738304K), 0.0025446 secs] [Times: user=0.01 sys=0.00, real=0.00 secs] 
432.082: [GC (Allocation Failure) [PSYoungGen: 118112K->1376K(122368K)] 401612K->284876K(738816K), 0.0026204 secs] [Times: user=0.00 sys=0.00, real=0.00 secs] 
433.982: [GC (Allocation Failure) [PSYoungGen: 118112K->5536K(124928K)] 401612K->293132K(741376K), 0.0029218 secs] [Times: user=0.01 sys=0.00, real=0.00 secs] 
434.499: [GC (Allocation Failure) [PSYoungGen: 124832K->1376K(125952K)] 412428K->288972K(742400K), 0.0018312 secs] [Times: user=0.01 sys=0.00, real=0.00 secs] 
435.779: [GC (Allocation Failure) [PSYoungGen: 120672K->1392K(128512K)] 408268K->288996K(744960K), 0.0014936 secs] [Times: user=0.00 sys=0.00, real=0.00 secs] 
437.218: [GC (Allocation Failure) [PSYoungGen: 124272K->1392K(129024K)] 411876K->288996K(745472K), 0.0039777 secs] [Times: user=0.02 sys=0.00, real=0.00 secs] 
438.904: [GC (Allocation Failure) [PSYoungGen: 124272K->1408K(131584K)] 411876K->289036K(748032K), 0.0029672 secs] [Times: user=0.01 sys=0.00, real=0.01 secs] 
440.129: [GC (Allocation Failure) [PSYoungGen: 127872K->1440K(132096K)] 415500K->289068K(748544K), 0.0018051 secs] [Times: user=0.00 sys=0.00, real=0.00 secs] 
440.682: [GC (Allocation Failure) [PSYoungGen: 127904K->1408K(135168K)] 415532K->289036K(751616K), 0.0018044 secs] [Times: user=0.01 sys=0.00, real=0.00 secs] 
442.127: [GC (Allocation Failure) [PSYoungGen: 131456K->3456K(135168K)] 419084K->291084K(751616K), 0.0029248 secs] [Times: user=0.01 sys=0.00, real=0.00 secs] 
443.535: [GC (Allocation Failure) [PSYoungGen: 133504K->1376K(139264K)] 421132K->289004K(755712K), 0.0027607 secs] [Times: user=0.01 sys=0.00, real=0.01 secs] 
445.574: [GC (Allocation Failure) [PSYoungGen: 135520K->1341K(139264K)] 423148K->288969K(755712K), 0.0035857 secs] [Times: user=0.01 sys=0.00, real=0.01 secs] 
448.261: [GC (Allocation Failure) [PSYoungGen: 135485K->1440K(141312K)] 423113K->289068K(757760K), 0.0021841 secs] [Times: user=0.01 sys=0.00, real=0.00 secs] 
449.530: [GC (Allocation Failure) [PSYoungGen: 139168K->1376K(142336K)] 426796K->289004K(758784K), 0.0019271 secs] [Times: user=0.01 sys=0.00, real=0.00 secs] 
451.041: [GC (Allocation Failure) [PSYoungGen: 139104K->1440K(144896K)] 426732K->289068K(761344K), 0.0026361 secs] [Times: user=0.01 sys=0.00, real=0.00 secs] 
452.778: [GC (Allocation Failure) [PSYoungGen: 142752K->1424K(145408K)] 430380K->289052K(761856K), 0.0032342 secs] [Times: user=0.01 sys=0.01, real=0.00 secs] 
454.506: [GC (Allocation Failure) [PSYoungGen: 142736K->1440K(148992K)] 430364K->289068K(765440K), 0.0015583 secs] [Times: user=0.01 sys=0.00, real=0.01 secs] 
455.780: [GC (Allocation Failure) [PSYoungGen: 146336K->1376K(148992K)] 433964K->289012K(765440K), 0.0044380 secs] [Times: user=0.01 sys=0.00, real=0.00 secs] 
457.297: [GC (Allocation Failure) [PSYoungGen: 146272K->1424K(152064K)] 433908K->289068K(768512K), 0.0022726 secs] [Times: user=0.01 sys=0.00, real=0.00 secs] 
458.083: [GC (Allocation Failure) [PSYoungGen: 150416K->1376K(152576K)] 438060K->289028K(769024K), 0.0023742 secs] [Times: user=0.01 sys=0.00, real=0.00 secs] 
459.193: [GC (Allocation Failure) [PSYoungGen: 150368K->1472K(157184K)] 438020K->289124K(773632K), 0.0018797 secs] [Times: user=0.00 sys=0.01, real=0.00 secs] 
459.898: [GC (Allocation Failure) [PSYoungGen: 155072K->1408K(157184K)] 442724K->289060K(773632K), 0.0015418 secs] [Times: user=0.01 sys=0.00, real=0.00 secs] 
461.044: [GC (Allocation Failure) [PSYoungGen: 155008K->1440K(161280K)] 442660K->289108K(777728K), 0.0021725 secs] [Times: user=0.00 sys=0.00, real=0.01 secs] 
461.788: [GC (Allocation Failure) [PSYoungGen: 159648K->1376K(161280K)] 447316K->289044K(777728K), 0.0017582 secs] [Times: user=0.00 sys=0.00, real=0.00 secs] 
463.505: [GC (Allocation Failure) [PSYoungGen: 159584K->1408K(165376K)] 447252K->289076K(781824K), 0.0020089 secs] [Times: user=0.00 sys=0.00, real=0.01 secs] 
465.108: [GC (Allocation Failure) [PSYoungGen: 164224K->1376K(165888K)] 451892K->289044K(782336K), 0.0023309 secs] [Times: user=0.01 sys=0.00, real=0.00 secs] 
466.371: [GC (Allocation Failure) [PSYoungGen: 164192K->1472K(168960K)] 451860K->289140K(785408K), 0.0021656 secs] [Times: user=0.00 sys=0.00, real=0.00 secs] 
467.064: [GC (Allocation Failure) [PSYoungGen: 168384K->1376K(169472K)] 456052K->289044K(785920K), 0.0018103 secs] [Times: user=0.01 sys=0.01, real=0.00 secs] 
468.204: [GC (Allocation Failure) [PSYoungGen: 168288K->1440K(174080K)] 455956K->289108K(790528K), 0.0017722 secs] [Times: user=0.01 sys=0.00, real=0.00 secs] 
469.405: [GC (Allocation Failure) [PSYoungGen: 172960K->2400K(174080K)] 460628K->290068K(790528K), 0.0017145 secs] [Times: user=0.01 sys=0.00, real=0.01 secs] 
470.965: [GC (Allocation Failure) [PSYoungGen: 173920K->1408K(178176K)] 461588K->289076K(794624K), 0.0028763 secs] [Times: user=0.01 sys=0.00, real=0.01 secs] 
472.956: [GC (Allocation Failure) [PSYoungGen: 177536K->1424K(178688K)] 465204K->289092K(795136K), 0.0020781 secs] [Times: user=0.01 sys=0.00, real=0.01 secs] 
474.594: [GC (Allocation Failure) [PSYoungGen: 177552K->1376K(182784K)] 465220K->289052K(799232K), 0.0026011 secs] [Times: user=0.01 sys=0.00, real=0.00 secs] 
475.997: [GC (Allocation Failure) [PSYoungGen: 181600K->1408K(182784K)] 469276K->289084K(799232K), 0.0019025 secs] [Times: user=0.01 sys=0.00, real=0.00 secs] 
477.212: [GC (Allocation Failure) [PSYoungGen: 181632K->1405K(186880K)] 469308K->289081K(803328K), 0.0014218 secs] [Times: user=0.00 sys=0.00, real=0.00 secs] 
480.535: [GC (Allocation Failure) [PSYoungGen: 185725K->1408K(186880K)] 473401K->289092K(803328K), 0.0027184 secs] [Times: user=0.01 sys=0.00, real=0.01 secs] 
482.760: [GC (Allocation Failure) [PSYoungGen: 185728K->1456K(190464K)] 473412K->289140K(806912K), 0.0029092 secs] [Times: user=0.01 sys=0.00, real=0.00 secs] 
484.891: [GC (Allocation Failure) [PSYoungGen: 189360K->1376K(190464K)] 477044K->289068K(806912K), 0.0025639 secs] [Times: user=0.01 sys=0.00, real=0.00 secs] 
487.696: [GC (Allocation Failure) [PSYoungGen: 189280K->1472K(193024K)] 476972K->289164K(809472K), 0.0034291 secs] [Times: user=0.01 sys=0.00, real=0.01 secs] 
489.878: [GC (Allocation Failure) [PSYoungGen: 192960K->1424K(193536K)] 480652K->291172K(809984K), 0.0018046 secs] [Times: user=0.01 sys=0.00, real=0.00 secs] 
491.278: [GC (Allocation Failure) [PSYoungGen: 192912K->1424K(197120K)] 482660K->291172K(813568K), 0.0026234 secs] [Times: user=0.01 sys=0.00, real=0.00 secs] 
492.788: [GC (Allocation Failure) [PSYoungGen: 196496K->1456K(197120K)] 486244K->291212K(813568K), 0.0014236 secs] [Times: user=0.00 sys=0.00, real=0.00 secs] 
494.506: [GC (Allocation Failure) [PSYoungGen: 196528K->1424K(200192K)] 486284K->292204K(816640K), 0.0021178 secs] [Times: user=0.01 sys=0.00, real=0.01 secs] 
496.371: [GC (Allocation Failure) [PSYoungGen: 200080K->368K(200704K)] 490860K->291156K(817152K), 0.0023026 secs] [Times: user=0.00 sys=0.00, real=0.00 secs] 
498.761: [GC (Allocation Failure) [PSYoungGen: 199024K->1440K(203776K)] 489812K->292228K(820224K), 0.0026234 secs] [Times: user=0.01 sys=0.01, real=0.00 secs] 
501.062: [GC (Allocation Failure) [PSYoungGen: 203680K->1440K(204288K)] 494468K->293252K(820736K), 0.0016526 secs] [Times: user=0.01 sys=0.00, real=0.00 secs] 
502.420: [GC (Allocation Failure) [PSYoungGen: 203680K->1424K(207872K)] 495492K->293236K(824320K), 0.0019457 secs] [Times: user=0.01 sys=0.00, real=0.00 secs] 
504.398: [GC (Allocation Failure) [PSYoungGen: 207248K->1440K(207872K)] 499060K->293252K(824320K), 0.0021662 secs] [Times: user=0.01 sys=0.00, real=0.00 secs] 
506.549: [GC (Allocation Failure) [PSYoungGen: 207264K->1488K(211456K)] 499076K->293316K(827904K), 0.0028206 secs] [Times: user=0.01 sys=0.00, real=0.00 secs] 
509.316: [GC (Allocation Failure) [PSYoungGen: 210896K->1392K(211456K)] 502724K->293220K(827904K), 0.0022528 secs] [Times: user=0.01 sys=0.00, real=0.01 secs] 
511.077: [GC (Allocation Failure) [PSYoungGen: 210800K->1392K(215040K)] 502628K->293228K(831488K), 0.0021111 secs] [Times: user=0.01 sys=0.00, real=0.00 secs] 
512.610: [GC (Allocation Failure) [PSYoungGen: 214384K->1456K(215040K)] 506220K->293300K(831488K), 0.0017178 secs] [Times: user=0.01 sys=0.00, real=0.00 secs] 
514.504: [GC (Allocation Failure) [PSYoungGen: 214448K->1424K(219136K)] 506292K->293276K(835584K), 0.0022039 secs] [Times: user=0.01 sys=0.00, real=0.00 secs] 
516.101: [GC (Allocation Failure) [PSYoungGen: 218512K->1440K(219136K)] 510364K->293308K(835584K), 0.0017448 secs] [Times: user=0.00 sys=0.00, real=0.00 secs] 
518.474: [GC (Allocation Failure) [PSYoungGen: 218528K->1440K(222208K)] 510396K->293324K(838656K), 0.0024345 secs] [Times: user=0.00 sys=0.00, real=0.00 secs] 
520.615: [GC (Allocation Failure) [PSYoungGen: 222112K->1408K(222720K)] 513996K->293300K(839168K), 0.0019581 secs] [Times: user=0.01 sys=0.00, real=0.01 secs] 
522.382: [GC (Allocation Failure) [PSYoungGen: 222080K->1392K(226304K)] 513972K->293292K(842752K), 0.0019274 secs] [Times: user=0.01 sys=0.00, real=0.00 secs] 
525.848: [GC (Allocation Failure) [PSYoungGen: 225648K->1408K(226304K)] 517548K->293316K(842752K), 0.0023686 secs] [Times: user=0.01 sys=0.00, real=0.00 secs] 
528.552: [GC (Allocation Failure) [PSYoungGen: 225664K->1408K(229888K)] 517572K->293316K(846336K), 0.0025018 secs] [Times: user=0.01 sys=0.00, real=0.00 secs] 
530.729: [GC (Allocation Failure) [PSYoungGen: 229248K->1408K(229888K)] 521156K->293316K(846336K), 0.0020880 secs] [Times: user=0.01 sys=0.00, real=0.00 secs] 
532.091: [GC (Allocation Failure) [PSYoungGen: 229248K->1408K(233472K)] 521156K->293316K(849920K), 0.0021298 secs] [Times: user=0.00 sys=0.00, real=0.00 secs] 
534.623: [GC (Allocation Failure) [PSYoungGen: 232832K->1392K(233472K)] 524740K->293308K(849920K), 0.0042302 secs] [Times: user=0.01 sys=0.00, real=0.01 secs] 
538.307: [GC (Allocation Failure) [PSYoungGen: 232816K->1440K(238080K)] 524732K->293356K(854528K), 0.0040646 secs] [Times: user=0.02 sys=0.00, real=0.00 secs] 
541.260: [GC (Allocation Failure) [PSYoungGen: 237472K->1472K(238080K)] 529388K->293404K(854528K), 0.0015814 secs] [Times: user=0.00 sys=0.00, real=0.00 secs] 
544.552: [GC (Allocation Failure) [PSYoungGen: 237504K->1408K(241152K)] 529436K->293340K(857600K), 0.0020092 secs] [Times: user=0.01 sys=0.00, real=0.00 secs] 
547.059: [GC (Allocation Failure) [PSYoungGen: 241024K->1376K(241664K)] 532956K->293308K(858112K), 0.0024705 secs] [Times: user=0.01 sys=0.01, real=0.00 secs] 
549.004: [GC (Allocation Failure) [PSYoungGen: 240992K->1440K(245248K)] 532924K->293388K(861696K), 0.0019766 secs] [Times: user=0.00 sys=0.00, real=0.00 secs] 
552.247: [GC (Allocation Failure) [PSYoungGen: 244640K->1472K(245248K)] 536588K->293420K(861696K), 0.0034429 secs] [Times: user=0.02 sys=0.00, real=0.00 secs] 
555.830: [GC (Allocation Failure) [PSYoungGen: 244672K->1472K(248320K)] 536620K->293420K(864768K), 0.0028430 secs] [Times: user=0.01 sys=0.01, real=0.00 secs] 
558.664: [GC (Allocation Failure) [PSYoungGen: 248256K->1440K(248832K)] 540204K->293388K(865280K), 0.0016601 secs] [Times: user=0.01 sys=0.00, real=0.00 secs] 
561.402: [GC (Allocation Failure) [PSYoungGen: 248224K->320K(252416K)] 540172K->292268K(868864K), 0.0020832 secs] [Times: user=0.00 sys=0.00, real=0.00 secs] 
564.068: [GC (Allocation Failure) [PSYoungGen: 250688K->1440K(252416K)] 542636K->293396K(868864K), 0.0029992 secs] [Times: user=0.01 sys=0.00, real=0.00 secs] 
566.132: [GC (Allocation Failure) [PSYoungGen: 251808K->1440K(256000K)] 543764K->293412K(872448K), 0.0021828 secs] [Times: user=0.01 sys=0.00, real=0.00 secs] 
568.909: [GC (Allocation Failure) [PSYoungGen: 255392K->1456K(256000K)] 547364K->293428K(872448K), 0.0035115 secs] [Times: user=0.01 sys=0.00, real=0.00 secs] 
571.035: [GC (Allocation Failure) [PSYoungGen: 255408K->1456K(260096K)] 547380K->293428K(876544K), 0.0017579 secs] [Times: user=0.01 sys=0.00, real=0.01 secs] 
573.638: [GC (Allocation Failure) [PSYoungGen: 259504K->1392K(260096K)] 551476K->293372K(876544K), 0.0017050 secs] [Times: user=0.00 sys=0.00, real=0.00 secs] 
577.520: [GC (Allocation Failure) [PSYoungGen: 259440K->1424K(263680K)] 551420K->293404K(880128K), 0.0017588 secs] [Times: user=0.00 sys=0.00, real=0.00 secs] 
578.822: [GC (Allocation Failure) [PSYoungGen: 262978K->320K(263680K)] 554958K->292300K(880128K), 0.0016396 secs] [Times: user=0.00 sys=0.00, real=0.00 secs] 
580.871: [GC (Allocation Failure) [PSYoungGen: 261952K->1440K(267264K)] 553932K->293428K(883712K), 0.0026402 secs] [Times: user=0.01 sys=0.00, real=0.00 secs] 
582.998: [GC (Allocation Failure) [PSYoungGen: 266656K->1408K(267264K)] 558644K->293412K(883712K), 0.0019238 secs] [Times: user=0.00 sys=0.00, real=0.00 secs] 
586.681: [GC (Allocation Failure) [PSYoungGen: 266624K->1440K(271360K)] 558628K->293444K(887808K), 0.0031781 secs] [Times: user=0.01 sys=0.00, real=0.00 secs] 
589.581: [GC (Allocation Failure) [PSYoungGen: 270752K->1408K(271360K)] 562756K->293412K(887808K), 0.0016845 secs] [Times: user=0.01 sys=0.00, real=0.00 secs] 
593.307: [GC (Allocation Failure) [PSYoungGen: 270720K->1440K(274944K)] 562724K->293444K(891392K), 0.0032757 secs] [Times: user=0.01 sys=0.00, real=0.00 secs] 
595.682: [GC (Allocation Failure) [PSYoungGen: 274336K->1488K(274944K)] 566340K->293492K(891392K), 0.0021060 secs] [Times: user=0.01 sys=0.00, real=0.00 secs] 
597.779: [GC (Allocation Failure) [PSYoungGen: 274384K->1408K(279040K)] 566388K->293412K(895488K), 0.0020393 secs] [Times: user=0.00 sys=0.00, real=0.00 secs] 
599.580: [GC (Allocation Failure) [PSYoungGen: 278400K->1408K(279040K)] 570404K->293428K(895488K), 0.0022714 secs] [Times: user=0.01 sys=0.00, real=0.00 secs] 
601.394: [GC (Allocation Failure) [PSYoungGen: 278400K->1440K(282624K)] 570420K->293460K(899072K), 0.0017069 secs] [Times: user=0.01 sys=0.01, real=0.00 secs] 
604.722: [GC (Allocation Failure) [PSYoungGen: 282528K->1408K(283136K)] 574548K->293436K(899584K), 0.0016625 secs] [Times: user=0.01 sys=0.00, real=0.00 secs] 
606.835: [GC (Allocation Failure) [PSYoungGen: 282496K->1280K(286208K)] 574524K->293308K(902656K), 0.0016021 secs] [Times: user=0.01 sys=0.00, real=0.01 secs] 
609.335: [GC (Allocation Failure) [PSYoungGen: 285952K->1421K(286720K)] 577980K->293457K(903168K), 0.0014966 secs] [Times: user=0.01 sys=0.00, real=0.00 secs] 
613.608: [GC (Allocation Failure) [PSYoungGen: 286093K->1440K(290304K)] 578129K->293476K(906752K), 0.0031125 secs] [Times: user=0.01 sys=0.00, real=0.00 secs] 
615.633: [GC (Allocation Failure) [PSYoungGen: 289696K->1408K(290304K)] 581732K->293452K(906752K), 0.0019153 secs] [Times: user=0.01 sys=0.00, real=0.00 secs] 
619.517: [GC (Allocation Failure) [PSYoungGen: 289664K->1408K(293888K)] 581708K->293452K(910336K), 0.0026769 secs] [Times: user=0.01 sys=0.00, real=0.00 secs] 
622.041: [GC (Allocation Failure) [PSYoungGen: 293248K->1344K(293888K)] 585292K->293396K(910336K), 0.0017401 secs] [Times: user=0.00 sys=0.00, real=0.00 secs] 
624.323: [GC (Allocation Failure) [PSYoungGen: 293184K->1440K(297472K)] 585236K->293500K(913920K), 0.0017885 secs] [Times: user=0.01 sys=0.00, real=0.00 secs] 
626.258: [GC (Allocation Failure) [PSYoungGen: 296864K->1376K(297472K)] 588924K->293436K(913920K), 0.0018606 secs] [Times: user=0.01 sys=0.00, real=0.00 secs] 
627.974: [GC (Allocation Failure) [PSYoungGen: 296800K->1440K(301568K)] 588860K->293500K(918016K), 0.0019759 secs] [Times: user=0.00 sys=0.00, real=0.00 secs] 
629.688: [GC (Allocation Failure) [PSYoungGen: 300960K->1472K(301568K)] 593020K->293532K(918016K), 0.0017233 secs] [Times: user=0.00 sys=0.00, real=0.00 secs] 
633.399: [GC (Allocation Failure) [PSYoungGen: 300992K->1440K(306176K)] 593052K->293508K(922624K), 0.0033688 secs] [Times: user=0.02 sys=0.00, real=0.00 secs] 
638.065: [GC (Allocation Failure) [PSYoungGen: 305568K->1456K(306176K)] 597636K->293524K(922624K), 0.0040473 secs] [Times: user=0.02 sys=0.00, real=0.01 secs] 
640.951: [GC (Allocation Failure) [PSYoungGen: 305584K->1440K(310784K)] 597652K->293516K(927232K), 0.0031810 secs] [Times: user=0.01 sys=0.00, real=0.00 secs] 
643.080: [GC (Allocation Failure) [PSYoungGen: 310176K->1424K(310784K)] 602252K->293508K(927232K), 0.0019465 secs] [Times: user=0.01 sys=0.00, real=0.00 secs] 
645.652: [GC (Allocation Failure) [PSYoungGen: 310160K->1440K(315392K)] 602244K->293532K(931840K), 0.0026280 secs] [Times: user=0.01 sys=0.00, real=0.00 secs] 
648.610: [GC (Allocation Failure) [PSYoungGen: 314784K->1373K(315392K)] 606876K->293465K(931840K), 0.0015651 secs] [Times: user=0.01 sys=0.00, real=0.00 secs] 
652.099: [GC (Allocation Failure) [PSYoungGen: 314717K->1472K(320000K)] 606809K->293572K(936448K), 0.0043898 secs] [Times: user=0.02 sys=0.00, real=0.00 secs] 
657.009: [GC (Allocation Failure) [PSYoungGen: 319424K->1408K(320000K)] 611524K->293516K(936448K), 0.0016216 secs] [Times: user=0.00 sys=0.00, real=0.00 secs] 
660.629: [GC (Allocation Failure) [PSYoungGen: 319360K->1472K(324096K)] 611468K->293596K(940544K), 0.0033567 secs] [Times: user=0.02 sys=0.00, real=0.00 secs] 
664.109: [GC (Allocation Failure) [PSYoungGen: 323520K->1424K(324096K)] 615644K->293548K(940544K), 0.0022956 secs] [Times: user=0.01 sys=0.00, real=0.00 secs] 
667.409: [GC (Allocation Failure) [PSYoungGen: 323472K->1424K(328192K)] 615596K->293556K(944640K), 0.0020711 secs] [Times: user=0.01 sys=0.00, real=0.00 secs] 
670.441: [GC (Allocation Failure) [PSYoungGen: 327568K->1472K(328192K)] 619700K->293604K(944640K), 0.0029988 secs] [Times: user=0.01 sys=0.00, real=0.00 secs] 
674.046: [GC (Allocation Failure) [PSYoungGen: 327616K->1472K(332288K)] 619748K->293604K(948736K), 0.0026336 secs] [Times: user=0.01 sys=0.01, real=0.01 secs] 
676.820: [GC (Allocation Failure) [PSYoungGen: 331712K->1408K(332288K)] 623844K->293540K(948736K), 0.0027114 secs] [Times: user=0.01 sys=0.00, real=0.00 secs] 
679.666: [GC (Allocation Failure) [PSYoungGen: 331648K->1440K(335872K)] 623780K->293580K(952320K), 0.0019524 secs] [Times: user=0.00 sys=0.00, real=0.01 secs] 
682.917: [GC (Allocation Failure) [PSYoungGen: 335776K->1456K(336384K)] 627916K->293596K(952832K), 0.0021261 secs] [Times: user=0.00 sys=0.00, real=0.00 secs] 
687.120: [GC (Allocation Failure) [PSYoungGen: 335792K->352K(339456K)] 627932K->292492K(955904K), 0.0016433 secs] [Times: user=0.00 sys=0.00, real=0.00 secs] 
690.344: [GC (Allocation Failure) [PSYoungGen: 338272K->1440K(339968K)] 630412K->293588K(956416K), 0.0017853 secs] [Times: user=0.00 sys=0.00, real=0.00 secs] 
694.529: [GC (Allocation Failure) [PSYoungGen: 339360K->1408K(343552K)] 631508K->293564K(960000K), 0.0031887 secs] [Times: user=0.01 sys=0.00, real=0.00 secs] 
698.147: [GC (Allocation Failure) [PSYoungGen: 342912K->1440K(343552K)] 635068K->293604K(960000K), 0.0023062 secs] [Times: user=0.00 sys=0.00, real=0.00 secs] 
701.756: [GC (Allocation Failure) [PSYoungGen: 342944K->1440K(347136K)] 635108K->293604K(963584K), 0.0039539 secs] [Times: user=0.01 sys=0.00, real=0.01 secs] 
705.214: [GC (Allocation Failure) [PSYoungGen: 346528K->1456K(347136K)] 638692K->293636K(963584K), 0.0019408 secs] [Times: user=0.00 sys=0.00, real=0.00 secs] 
710.063: [GC (Allocation Failure) [PSYoungGen: 346544K->1472K(351232K)] 638724K->293660K(967680K), 0.0028844 secs] [Times: user=0.01 sys=0.00, real=0.00 secs] 
714.227: [GC (Allocation Failure) [PSYoungGen: 350656K->1440K(351232K)] 642844K->293636K(967680K), 0.0018720 secs] [Times: user=0.01 sys=0.00, real=0.00 secs] 
718.192: [GC (Allocation Failure) [PSYoungGen: 350624K->1424K(354816K)] 642820K->293620K(971264K), 0.0019817 secs] [Times: user=0.01 sys=0.00, real=0.00 secs] 
721.194: [GC (Allocation Failure) [PSYoungGen: 354192K->1424K(354816K)] 646388K->293620K(971264K), 0.0023057 secs] [Times: user=0.01 sys=0.00, real=0.01 secs] 
724.034: [GC (Allocation Failure) [PSYoungGen: 354192K->1440K(358400K)] 646388K->293644K(974848K), 0.0017691 secs] [Times: user=0.00 sys=0.00, real=0.00 secs] 
726.091: [GC (Allocation Failure) [PSYoungGen: 357792K->1472K(358400K)] 649996K->293684K(974848K), 0.0016618 secs] [Times: user=0.00 sys=0.00, real=0.00 secs] 
729.027: [GC (Allocation Failure) [PSYoungGen: 357824K->1437K(361472K)] 650036K->293649K(977920K), 0.0015165 secs] [Times: user=0.00 sys=0.00, real=0.00 secs] 
732.429: [GC (Allocation Failure) [PSYoungGen: 361373K->1424K(361984K)] 653585K->293644K(978432K), 0.0018934 secs] [Times: user=0.01 sys=0.00, real=0.00 secs] 
736.250: [GC (Allocation Failure) [PSYoungGen: 361360K->1440K(365568K)] 653580K->293660K(982016K), 0.0030160 secs] [Times: user=0.01 sys=0.00, real=0.00 secs] 
740.177: [GC (Allocation Failure) [PSYoungGen: 364960K->1408K(365568K)] 657180K->293628K(982016K), 0.0021448 secs] [Times: user=0.01 sys=0.00, real=0.00 secs] 
744.085: [GC (Allocation Failure) [PSYoungGen: 364928K->1440K(369152K)] 657148K->293684K(985600K), 0.0019639 secs] [Times: user=0.01 sys=0.00, real=0.01 secs] 
747.938: [GC (Allocation Failure) [PSYoungGen: 368544K->1440K(369152K)] 660788K->293684K(985600K), 0.0017400 secs] [Times: user=0.01 sys=0.00, real=0.00 secs] 
750.924: [GC (Allocation Failure) [PSYoungGen: 368544K->1440K(372736K)] 660788K->293692K(989184K), 0.0034390 secs] [Times: user=0.01 sys=0.00, real=0.01 secs] 
755.253: [GC (Allocation Failure) [PSYoungGen: 372128K->1440K(372736K)] 664380K->293692K(989184K), 0.0019514 secs] [Times: user=0.00 sys=0.00, real=0.00 secs] 
758.007: [GC (Allocation Failure) [PSYoungGen: 372128K->1424K(376832K)] 664380K->293684K(993280K), 0.0024917 secs] [Times: user=0.01 sys=0.00, real=0.00 secs] 
761.633: [GC (Allocation Failure) [PSYoungGen: 376208K->1440K(376832K)] 668468K->293700K(993280K), 0.0036012 secs] [Times: user=0.02 sys=0.00, real=0.01 secs] 
767.689: [GC (Allocation Failure) [PSYoungGen: 376224K->1440K(381440K)] 668484K->293700K(997888K), 0.0040950 secs] [Times: user=0.02 sys=0.01, real=0.00 secs] 
773.075: [GC (Allocation Failure) [PSYoungGen: 380832K->1424K(381440K)] 673092K->293692K(997888K), 0.0026366 secs] [Times: user=0.01 sys=0.00, real=0.01 secs] 
778.418: [GC (Allocation Failure) [PSYoungGen: 380816K->1408K(385024K)] 673084K->293684K(1001472K), 0.0028410 secs] [Times: user=0.01 sys=0.00, real=0.00 secs] 
783.424: [GC (Allocation Failure) [PSYoungGen: 384896K->1440K(385024K)] 677172K->293732K(1001472K), 0.0018776 secs] [Times: user=0.00 sys=0.00, real=0.00 secs] 
787.354: [GC (Allocation Failure) [PSYoungGen: 384928K->1456K(388608K)] 677220K->293748K(1005056K), 0.0020036 secs] [Times: user=0.01 sys=0.01, real=0.00 secs] 
791.352: [GC (Allocation Failure) [PSYoungGen: 388528K->1440K(388608K)] 680820K->293740K(1005056K), 0.0019945 secs] [Times: user=0.00 sys=0.00, real=0.00 secs] 
794.626: [GC (Allocation Failure) [PSYoungGen: 388512K->1376K(392192K)] 680812K->293684K(1008640K), 0.0017896 secs] [Times: user=0.01 sys=0.00, real=0.01 secs] 
798.932: [GC (Allocation Failure) [PSYoungGen: 392032K->1408K(392192K)] 684340K->293724K(1008640K), 0.0016687 secs] [Times: user=0.01 sys=0.00, real=0.00 secs] 
802.190: [GC (Allocation Failure) [PSYoungGen: 392064K->1472K(395776K)] 684380K->293796K(1012224K), 0.0024251 secs] [Times: user=0.01 sys=0.00, real=0.00 secs] 
805.722: [GC (Allocation Failure) [PSYoungGen: 395712K->128K(395776K)] 688036K->292460K(1012224K), 0.0014418 secs] [Times: user=0.01 sys=0.00, real=0.00 secs] 
809.817: [GC (Allocation Failure) [PSYoungGen: 394368K->1440K(399872K)] 686700K->293772K(1016320K), 0.0021223 secs] [Times: user=0.01 sys=0.00, real=0.00 secs] 
813.525: [GC (Allocation Failure) [PSYoungGen: 399264K->1408K(399872K)] 691596K->293756K(1016320K), 0.0022984 secs] [Times: user=0.01 sys=0.00, real=0.01 secs] 
817.787: [GC (Allocation Failure) [PSYoungGen: 399232K->304K(403456K)] 691580K->292652K(1019904K), 0.0017196 secs] [Times: user=0.00 sys=0.00, real=0.00 secs] 
823.909: [GC (Allocation Failure) [PSYoungGen: 401712K->1408K(403456K)] 694060K->293764K(1019904K), 0.0041928 secs] [Times: user=0.01 sys=0.00, real=0.00 secs] 
828.051: [GC (Allocation Failure) [PSYoungGen: 402816K->1440K(407040K)] 695172K->293804K(1023488K), 0.0028668 secs] [Times: user=0.01 sys=0.00, real=0.00 secs] 
832.854: [GC (Allocation Failure) [PSYoungGen: 406432K->1440K(407040K)] 698796K->293812K(1023488K), 0.0016364 secs] [Times: user=0.01 sys=0.00, real=0.00 secs] 
836.259: [GC (Allocation Failure) [PSYoungGen: 406432K->1440K(410624K)] 698804K->293812K(1027072K), 0.0028645 secs] [Times: user=0.01 sys=0.00, real=0.00 secs] 
840.037: [GC (Allocation Failure) [PSYoungGen: 410016K->1472K(410624K)] 702388K->293852K(1027072K), 0.0020146 secs] [Times: user=0.01 sys=0.00, real=0.00 secs] 
843.515: [GC (Allocation Failure) [PSYoungGen: 410048K->1440K(414720K)] 702428K->293828K(1031168K), 0.0017629 secs] [Times: user=0.00 sys=0.00, real=0.01 secs] 
848.177: [GC (Allocation Failure) [PSYoungGen: 414112K->1408K(414720K)] 706500K->293796K(1031168K), 0.0035766 secs] [Times: user=0.01 sys=0.00, real=0.00 secs] 
855.331: [GC (Allocation Failure) [PSYoungGen: 414080K->1440K(417792K)] 706468K->293836K(1034240K), 0.0024344 secs] [Times: user=0.00 sys=0.00, real=0.00 secs] 
859.852: [GC (Allocation Failure) [PSYoungGen: 417696K->1408K(418304K)] 710092K->293812K(1034752K), 0.0016622 secs] [Times: user=0.01 sys=0.00, real=0.00 secs] 
865.391: [GC (Allocation Failure) [PSYoungGen: 417664K->1440K(421888K)] 710068K->293844K(1038336K), 0.0029388 secs] [Times: user=0.01 sys=0.00, real=0.00 secs] 
871.128: [GC (Allocation Failure) [PSYoungGen: 421280K->1472K(421888K)] 713684K->293884K(1038336K), 0.0017527 secs] [Times: user=0.01 sys=0.00, real=0.00 secs] 
875.038: [GC (Allocation Failure) [PSYoungGen: 421312K->1440K(424960K)] 713724K->293860K(1041408K), 0.0031245 secs] [Times: user=0.01 sys=0.00, real=0.00 secs] 
879.722: [GC (Allocation Failure) [PSYoungGen: 424352K->1421K(424960K)] 716772K->293841K(1041408K), 0.0014453 secs] [Times: user=0.01 sys=0.00, real=0.00 secs] 
884.438: [GC (Allocation Failure) [PSYoungGen: 424333K->1472K(428544K)] 716753K->293908K(1044992K), 0.0040169 secs] [Times: user=0.02 sys=0.00, real=0.00 secs] 
890.835: [GC (Allocation Failure) [PSYoungGen: 427968K->1408K(428544K)] 720404K->293844K(1044992K), 0.0033884 secs] [Times: user=0.02 sys=0.00, real=0.01 secs] 
895.660: [GC (Allocation Failure) [PSYoungGen: 427904K->1472K(432640K)] 720340K->293924K(1049088K), 0.0033968 secs] [Times: user=0.01 sys=0.00, real=0.00 secs] 
901.316: [GC (Allocation Failure) [PSYoungGen: 432064K->1408K(432640K)] 724516K->293860K(1049088K), 0.0026170 secs] [Times: user=0.01 sys=0.00, real=0.01 secs] 
905.908: [GC (Allocation Failure) [PSYoungGen: 432000K->1408K(435712K)] 724452K->293868K(1052160K), 0.0019583 secs] [Times: user=0.01 sys=0.00, real=0.00 secs] 
911.177: [GC (Allocation Failure) [PSYoungGen: 435584K->1392K(436224K)] 728044K->293860K(1052672K), 0.0033798 secs] [Times: user=0.01 sys=0.00, real=0.00 secs] 
917.285: [GC (Allocation Failure) [PSYoungGen: 435568K->1408K(439296K)] 728036K->293876K(1055744K), 0.0021452 secs] [Times: user=0.01 sys=0.00, real=0.01 secs] 
922.226: [GC (Allocation Failure) [PSYoungGen: 439168K->1440K(439808K)] 731636K->293924K(1056256K), 0.0030692 secs] [Times: user=0.01 sys=0.00, real=0.01 secs] 
927.193: [GC (Allocation Failure) [PSYoungGen: 439200K->1392K(442880K)] 731684K->293884K(1059328K), 0.0014740 secs] [Times: user=0.01 sys=0.01, real=0.00 secs] 
931.527: [GC (Allocation Failure) [PSYoungGen: 442736K->1408K(443392K)] 735228K->293916K(1059840K), 0.0032142 secs] [Times: user=0.01 sys=0.00, real=0.00 secs] 
935.948: [GC (Allocation Failure) [PSYoungGen: 442752K->1389K(446464K)] 735260K->293897K(1062912K), 0.0014570 secs] [Times: user=0.00 sys=0.00, real=0.00 secs] 
941.180: [GC (Allocation Failure) [PSYoungGen: 446317K->1472K(446976K)] 738825K->293980K(1063424K), 0.0020511 secs] [Times: user=0.01 sys=0.00, real=0.00 secs] 
946.886: [GC (Allocation Failure) [PSYoungGen: 446400K->1424K(449536K)] 738908K->293948K(1065984K), 0.0018461 secs] [Times: user=0.00 sys=0.00, real=0.01 secs] 
953.669: [GC (Allocation Failure) [PSYoungGen: 449424K->1376K(450048K)] 741948K->293900K(1066496K), 0.0027062 secs] [Times: user=0.01 sys=0.00, real=0.00 secs] 
958.570: [GC (Allocation Failure) [PSYoungGen: 449376K->1405K(453120K)] 741900K->293929K(1069568K), 0.0017709 secs] [Times: user=0.01 sys=0.00, real=0.00 secs] 
963.549: [GC (Allocation Failure) [PSYoungGen: 452477K->1440K(453120K)] 745001K->293964K(1069568K), 0.0020277 secs] [Times: user=0.01 sys=0.00, real=0.00 secs] 
968.267: [GC (Allocation Failure) [PSYoungGen: 452512K->1357K(455680K)] 745036K->293881K(1072128K), 0.0015728 secs] [Times: user=0.00 sys=0.00, real=0.00 secs] 
973.329: [GC (Allocation Failure) [PSYoungGen: 455501K->1408K(456192K)] 748025K->293940K(1072640K), 0.0018657 secs] [Times: user=0.01 sys=0.00, real=0.00 secs] 
977.278: [GC (Allocation Failure) [PSYoungGen: 456064K->1376K(458752K)] 748596K->293908K(1075200K), 0.0016638 secs] [Times: user=0.00 sys=0.00, real=0.00 secs] 
982.393: [GC (Allocation Failure) [PSYoungGen: 458592K->1440K(458752K)] 751124K->293980K(1075200K), 0.0034203 secs] [Times: user=0.01 sys=0.00, real=0.01 secs] 
989.071: [GC (Allocation Failure) [PSYoungGen: 458656K->1440K(461824K)] 751196K->293980K(1078272K), 0.0016942 secs] [Times: user=0.01 sys=0.00, real=0.00 secs] 
994.010: [GC (Allocation Failure) [PSYoungGen: 461728K->1376K(462336K)] 754268K->293916K(1078784K), 0.0022924 secs] [Times: user=0.01 sys=0.00, real=0.00 secs] 
999.141: [GC (Allocation Failure) [PSYoungGen: 462176K->1440K(464896K)] 754716K->293980K(1081344K), 0.0038216 secs] [Times: user=0.01 sys=0.00, real=0.00 secs] 
1004.105: [GC (Allocation Failure) [PSYoungGen: 464800K->1440K(464896K)] 757340K->293980K(1081344K), 0.0019039 secs] [Times: user=0.01 sys=0.00, real=0.01 secs] 
1011.594: [GC (Allocation Failure) [PSYoungGen: 464800K->1376K(468480K)] 757340K->293916K(1084928K), 0.0034357 secs] [Times: user=0.01 sys=0.00, real=0.01 secs] 
1018.131: [GC (Allocation Failure) [PSYoungGen: 468320K->1344K(468480K)] 760860K->293884K(1084928K), 0.0029050 secs] [Times: user=0.01 sys=0.00, real=0.00 secs] 
1024.182: [GC (Allocation Failure) [PSYoungGen: 468288K->1408K(472064K)] 760828K->293956K(1088512K), 0.0042402 secs] [Times: user=0.01 sys=0.00, real=0.00 secs] 
1028.532: [GC (Allocation Failure) [PSYoungGen: 471936K->1440K(472064K)] 764484K->293996K(1088512K), 0.0019528 secs] [Times: user=0.01 sys=0.00, real=0.00 secs] 
1035.213: [GC (Allocation Failure) [PSYoungGen: 471968K->1472K(476160K)] 764524K->294028K(1092608K), 0.0031821 secs] [Times: user=0.02 sys=0.00, real=0.00 secs] 
1041.849: [GC (Allocation Failure) [PSYoungGen: 476096K->1440K(476160K)] 768652K->294012K(1092608K), 0.0025103 secs] [Times: user=0.01 sys=0.00, real=0.00 secs] 
1046.556: [GC (Allocation Failure) [PSYoungGen: 476064K->1472K(479744K)] 768636K->294060K(1096192K), 0.0025573 secs] [Times: user=0.01 sys=0.00, real=0.01 secs] 
1049.655: [GC (Allocation Failure) [PSYoungGen: 479680K->1440K(479744K)] 772268K->294036K(1096192K), 0.0017013 secs] [Times: user=0.00 sys=0.00, real=0.01 secs] 
1054.747: [GC (Allocation Failure) [PSYoungGen: 479644K->1456K(483328K)] 772240K->294060K(1099776K), 0.0015600 secs] [Times: user=0.01 sys=0.00, real=0.00 secs] 
1057.251: [GC (Allocation Failure) [PSYoungGen: 483248K->1408K(483840K)] 775852K->294012K(1100288K), 0.0017729 secs] [Times: user=0.01 sys=0.00, real=0.00 secs] 
1061.178: [GC (Allocation Failure) [PSYoungGen: 483712K->1472K(487424K)] 776316K->294076K(1103872K), 0.0019518 secs] [Times: user=0.00 sys=0.00, real=0.00 secs] 
1065.297: [GC (Allocation Failure) [PSYoungGen: 487360K->1408K(487424K)] 779964K->294020K(1103872K), 0.0030487 secs] [Times: user=0.01 sys=0.00, real=0.00 secs] 
1071.650: [GC (Allocation Failure) [PSYoungGen: 487296K->1440K(492032K)] 779908K->294052K(1108480K), 0.0030710 secs] [Times: user=0.01 sys=0.00, real=0.00 secs] 
1075.868: [GC (Allocation Failure) [PSYoungGen: 491936K->1440K(492032K)] 784548K->294052K(1108480K), 0.0014123 secs] [Times: user=0.01 sys=0.00, real=0.00 secs] 
1080.816: [GC (Allocation Failure) [PSYoungGen: 491936K->1440K(496128K)] 784548K->294052K(1112576K), 0.0028106 secs] [Times: user=0.01 sys=0.00, real=0.01 secs] 
1085.079: [GC (Allocation Failure) [PSYoungGen: 496032K->1408K(496128K)] 788644K->294028K(1112576K), 0.0019447 secs] [Times: user=0.01 sys=0.00, real=0.00 secs] 
1091.576: [GC (Allocation Failure) [PSYoungGen: 496000K->1408K(499712K)] 788620K->294028K(1116160K), 0.0016972 secs] [Times: user=0.01 sys=0.01, real=0.01 secs] 
1095.651: [GC (Allocation Failure) [PSYoungGen: 499584K->1408K(500224K)] 792204K->294036K(1116672K), 0.0020136 secs] [Times: user=0.00 sys=0.00, real=0.00 secs] 
1102.078: [GC (Allocation Failure) [PSYoungGen: 500096K->1440K(503296K)] 792724K->294076K(1119744K), 0.0037298 secs] [Times: user=0.01 sys=0.00, real=0.00 secs] 
1108.326: [GC (Allocation Failure) [PSYoungGen: 503200K->1440K(503296K)] 795836K->294092K(1119744K), 0.0028595 secs] [Times: user=0.01 sys=0.00, real=0.01 secs] 
1112.715: [GC (Allocation Failure) [PSYoungGen: 503200K->1440K(507392K)] 795852K->294100K(1123840K), 0.0021144 secs] [Times: user=0.01 sys=0.00, real=0.01 secs] 
1118.243: [GC (Allocation Failure) [PSYoungGen: 507296K->1440K(507392K)] 799956K->294100K(1123840K), 0.0021008 secs] [Times: user=0.01 sys=0.00, real=0.00 secs] 
1124.766: [GC (Allocation Failure) [PSYoungGen: 507296K->1408K(510976K)] 799956K->294076K(1127424K), 0.0022973 secs] [Times: user=0.00 sys=0.00, real=0.01 secs] 
1132.548: [GC (Allocation Failure) [PSYoungGen: 510848K->1389K(511488K)] 803516K->294057K(1127936K), 0.0014460 secs] [Times: user=0.01 sys=0.00, real=0.00 secs] 
1138.049: [GC (Allocation Failure) [PSYoungGen: 511341K->1408K(514048K)] 804009K->294076K(1130496K), 0.0019162 secs] [Times: user=0.01 sys=0.00, real=0.00 secs] 
1143.344: [GC (Allocation Failure) [PSYoungGen: 513920K->1440K(514048K)] 806588K->294108K(1130496K), 0.0036144 secs] [Times: user=0.01 sys=0.00, real=0.01 secs] 
1149.999: [GC (Allocation Failure) [PSYoungGen: 513952K->1440K(517632K)] 806620K->294108K(1134080K), 0.0019269 secs] [Times: user=0.00 sys=0.00, real=0.00 secs] 
1155.597: [GC (Allocation Failure) [PSYoungGen: 517536K->1472K(517632K)] 810204K->294156K(1134080K), 0.0020394 secs] [Times: user=0.00 sys=0.00, real=0.00 secs] 
1160.192: [GC (Allocation Failure) [PSYoungGen: 517568K->1440K(521216K)] 810252K->294132K(1137664K), 0.0018041 secs] [Times: user=0.00 sys=0.00, real=0.00 secs] 
1164.023: [GC (Allocation Failure) [PSYoungGen: 521120K->1488K(521216K)] 813812K->294180K(1137664K), 0.0026453 secs] [Times: user=0.01 sys=0.00, real=0.00 secs] 
1168.830: [GC (Allocation Failure) [PSYoungGen: 521168K->1440K(525312K)] 813860K->294148K(1141760K), 0.0017161 secs] [Times: user=0.01 sys=0.00, real=0.00 secs] 
1172.575: [GC (Allocation Failure) [PSYoungGen: 525216K->1408K(525312K)] 817924K->294132K(1141760K), 0.0016309 secs] [Times: user=0.00 sys=0.00, real=0.00 secs] 
1177.843: [GC (Allocation Failure) [PSYoungGen: 525184K->1440K(528896K)] 817908K->294164K(1145344K), 0.0020873 secs] [Times: user=0.01 sys=0.00, real=0.00 secs] 
1183.230: [GC (Allocation Failure) [PSYoungGen: 528800K->1456K(529408K)] 821524K->294180K(1145856K), 0.0017349 secs] [Times: user=0.00 sys=0.00, real=0.00 secs] 
1186.632: [GC (Allocation Failure) [PSYoungGen: 529328K->1440K(532480K)] 822052K->294172K(1148928K), 0.0018057 secs] [Times: user=0.00 sys=0.00, real=0.00 secs] 
1189.400: [GC (Allocation Failure) [PSYoungGen: 532290K->240K(532480K)] 825022K->292972K(1148928K), 0.0016488 secs] [Times: user=0.01 sys=0.00, real=0.00 secs] 
1194.826: [GC (Allocation Failure) [PSYoungGen: 531184K->1456K(537088K)] 823916K->294196K(1153536K), 0.0020534 secs] [Times: user=0.01 sys=0.00, real=0.01 secs] 
1202.415: [GC (Allocation Failure) [PSYoungGen: 536496K->1440K(537088K)] 829236K->294180K(1153536K), 0.0016806 secs] [Times: user=0.01 sys=0.00, real=0.00 secs] 
1207.163: [GC (Allocation Failure) [PSYoungGen: 536480K->1424K(540672K)] 829220K->294164K(1157120K), 0.0038505 secs] [Times: user=0.01 sys=0.00, real=0.00 secs] 
1214.826: [GC (Allocation Failure) [PSYoungGen: 540048K->1424K(540672K)] 832788K->294180K(1157120K), 0.0028030 secs] [Times: user=0.01 sys=0.00, real=0.01 secs] 
1221.394: [GC (Allocation Failure) [PSYoungGen: 540048K->1408K(544768K)] 832804K->294172K(1161216K), 0.0026583 secs] [Times: user=0.01 sys=0.00, real=0.01 secs] 
1228.320: [GC (Allocation Failure) [PSYoungGen: 544128K->1440K(544768K)] 836892K->294228K(1161216K), 0.0020460 secs] [Times: user=0.00 sys=0.00, real=0.00 secs] 
1233.907: [GC (Allocation Failure) [PSYoungGen: 544160K->1440K(548352K)] 836948K->294228K(1164800K), 0.0023916 secs] [Times: user=0.01 sys=0.00, real=0.00 secs] 
1239.267: [GC (Allocation Failure) [PSYoungGen: 547744K->1408K(548352K)] 840532K->294204K(1164800K), 0.0018708 secs] [Times: user=0.00 sys=0.00, real=0.00 secs] 
1246.639: [GC (Allocation Failure) [PSYoungGen: 547712K->1440K(551936K)] 840508K->294236K(1168384K), 0.0027982 secs] [Times: user=0.01 sys=0.00, real=0.00 secs] 
1251.401: [GC (Allocation Failure) [PSYoungGen: 551328K->1408K(551936K)] 844124K->294204K(1168384K), 0.0016361 secs] [Times: user=0.01 sys=0.00, real=0.00 secs] 
1256.777: [GC (Allocation Failure) [PSYoungGen: 551296K->320K(555520K)] 844092K->293124K(1171968K), 0.0021938 secs] [Times: user=0.01 sys=0.00, real=0.00 secs] 
1265.226: [GC (Allocation Failure) [PSYoungGen: 553792K->1472K(555520K)] 846596K->294276K(1171968K), 0.0027846 secs] [Times: user=0.01 sys=0.00, real=0.01 secs] 
1271.949: [GC (Allocation Failure) [PSYoungGen: 554944K->1440K(559104K)] 847748K->294244K(1175552K), 0.0021055 secs] [Times: user=0.00 sys=0.00, real=0.00 secs] 
1276.872: [GC (Allocation Failure) [PSYoungGen: 558496K->1408K(559104K)] 851300K->294212K(1175552K), 0.0020903 secs] [Times: user=0.00 sys=0.00, real=0.00 secs] 
1281.855: [GC (Allocation Failure) [PSYoungGen: 558464K->1408K(562688K)] 851268K->294212K(1179136K), 0.0032473 secs] [Times: user=0.01 sys=0.00, real=0.01 secs] 
1286.548: [GC (Allocation Failure) [PSYoungGen: 562048K->1424K(562688K)] 854852K->294236K(1179136K), 0.0018570 secs] [Times: user=0.01 sys=0.00, real=0.00 secs] 
1293.711: [GC (Allocation Failure) [PSYoungGen: 562064K->1440K(565760K)] 854876K->294260K(1182208K), 0.0018802 secs] [Times: user=0.01 sys=0.00, real=0.00 secs] 
1300.856: [GC (Allocation Failure) [PSYoungGen: 565664K->1440K(566272K)] 858484K->294268K(1182720K), 0.0016960 secs] [Times: user=0.00 sys=0.00, real=0.01 secs] 
1304.752: [GC (Allocation Failure) [PSYoungGen: 565664K->1405K(569856K)] 858492K->294249K(1186304K), 0.0016266 secs] [Times: user=0.00 sys=0.00, real=0.00 secs] 
1310.570: [GC (Allocation Failure) [PSYoungGen: 569213K->1440K(569856K)] 862057K->294292K(1186304K), 0.0031263 secs] [Times: user=0.01 sys=0.00, real=0.00 secs] 
1315.218: [GC (Allocation Failure) [PSYoungGen: 569248K->1440K(572928K)] 862100K->294316K(1189376K), 0.0017370 secs] [Times: user=0.01 sys=0.00, real=0.00 secs] 
1320.639: [GC (Allocation Failure) [PSYoungGen: 572832K->1408K(573440K)] 865708K->294292K(1189888K), 0.0023850 secs] [Times: user=0.01 sys=0.00, real=0.00 secs] 
1324.613: [GC (Allocation Failure) [PSYoungGen: 572800K->1472K(577536K)] 865684K->294364K(1193984K), 0.0019638 secs] [Times: user=0.01 sys=0.00, real=0.00 secs] 
1330.592: [GC (Allocation Failure) [PSYoungGen: 576960K->1440K(577536K)] 869852K->294332K(1193984K), 0.0023846 secs] [Times: user=0.00 sys=0.00, real=0.00 secs] 
1334.826: [GC (Allocation Failure) [PSYoungGen: 576928K->1456K(581632K)] 869820K->294348K(1198080K), 0.0017808 secs] [Times: user=0.01 sys=0.00, real=0.01 secs] 
1342.409: [GC (Allocation Failure) [PSYoungGen: 581040K->1392K(581632K)] 873932K->294300K(1198080K), 0.0023364 secs] [Times: user=0.00 sys=0.00, real=0.00 secs] 
1346.471: [GC (Allocation Failure) [PSYoungGen: 580976K->1440K(585216K)] 873884K->294348K(1201664K), 0.0017350 secs] [Times: user=0.00 sys=0.00, real=0.00 secs] 
1351.103: [GC (Allocation Failure) [PSYoungGen: 584608K->1376K(585216K)] 877516K->294284K(1201664K), 0.0019268 secs] [Times: user=0.00 sys=0.00, real=0.00 secs] 
1357.552: [GC (Allocation Failure) [PSYoungGen: 584544K->1440K(589312K)] 877452K->294348K(1205760K), 0.0022306 secs] [Times: user=0.01 sys=0.00, real=0.00 secs] 
1363.185: [GC (Allocation Failure) [PSYoungGen: 588704K->1376K(589312K)] 881612K->294284K(1205760K), 0.0021409 secs] [Times: user=0.01 sys=0.00, real=0.01 secs] 
1370.370: [GC (Allocation Failure) [PSYoungGen: 588640K->1440K(592384K)] 881548K->294356K(1208832K), 0.0021265 secs] [Times: user=0.01 sys=0.00, real=0.00 secs] 
1377.646: [GC (Allocation Failure) [PSYoungGen: 592288K->1440K(592896K)] 885204K->294356K(1209344K), 0.0015449 secs] [Times: user=0.01 sys=0.00, real=0.01 secs] 
1382.997: [GC (Allocation Failure) [PSYoungGen: 592288K->1376K(595968K)] 885204K->294292K(1212416K), 0.0016471 secs] [Times: user=0.01 sys=0.00, real=0.00 secs] 
1390.732: [GC (Allocation Failure) [PSYoungGen: 595296K->1408K(595968K)] 888212K->294324K(1212416K), 0.0039505 secs] [Times: user=0.01 sys=0.00, real=0.00 secs] 
1396.925: [GC (Allocation Failure) [PSYoungGen: 595328K->1408K(599552K)] 888244K->294324K(1216000K), 0.0016046 secs] [Times: user=0.00 sys=0.01, real=0.00 secs] 
1406.067: [GC (Allocation Failure) [PSYoungGen: 598912K->1408K(599552K)] 891828K->294332K(1216000K), 0.0020685 secs] [Times: user=0.01 sys=0.00, real=0.00 secs] 
1413.327: [GC (Allocation Failure) [PSYoungGen: 598912K->1376K(602112K)] 891836K->294308K(1218560K), 0.0038333 secs] [Times: user=0.01 sys=0.00, real=0.00 secs] 
1420.222: [GC (Allocation Failure) [PSYoungGen: 601952K->1440K(602112K)] 894884K->294380K(1218560K), 0.0021600 secs] [Times: user=0.01 sys=0.00, real=0.00 secs] 
1427.826: [GC (Allocation Failure) [PSYoungGen: 602016K->1456K(605184K)] 894956K->294404K(1221632K), 0.0017333 secs] [Times: user=0.00 sys=0.00, real=0.01 secs] 
1434.152: [GC (Allocation Failure) [PSYoungGen: 605104K->1472K(605696K)] 898052K->294420K(1222144K), 0.0019080 secs] [Times: user=0.01 sys=0.00, real=0.00 secs] 
1439.204: [GC (Allocation Failure) [PSYoungGen: 605632K->1456K(608768K)] 898580K->294404K(1225216K), 0.0016490 secs] [Times: user=0.00 sys=0.00, real=0.00 secs] 
1445.829: [GC (Allocation Failure) [PSYoungGen: 608176K->1440K(608768K)] 901124K->294396K(1225216K), 0.0020208 secs] [Times: user=0.00 sys=0.00, real=0.00 secs] 
1450.954: [GC (Allocation Failure) [PSYoungGen: 608160K->1408K(611840K)] 901116K->294364K(1228288K), 0.0018528 secs] [Times: user=0.01 sys=0.00, real=0.00 secs] 
1456.930: [GC (Allocation Failure) [PSYoungGen: 611712K->1408K(611840K)] 904668K->294364K(1228288K), 0.0023663 secs] [Times: user=0.01 sys=0.00, real=0.00 secs] 
1463.151: [GC (Allocation Failure) [PSYoungGen: 611712K->1440K(615424K)] 904668K->294404K(1231872K), 0.0023609 secs] [Times: user=0.01 sys=0.00, real=0.00 secs] 
1470.148: [GC (Allocation Failure) [PSYoungGen: 615328K->1392K(615424K)] 908292K->294356K(1231872K), 0.0019420 secs] [Times: user=0.00 sys=0.00, real=0.00 secs] 
1476.950: [GC (Allocation Failure) [PSYoungGen: 615280K->1440K(619008K)] 908244K->294404K(1235456K), 0.0023823 secs] [Times: user=0.01 sys=0.00, real=0.00 secs] 
1485.099: [GC (Allocation Failure) [PSYoungGen: 618912K->1440K(619008K)] 911876K->294412K(1235456K), 0.0029821 secs] [Times: user=0.01 sys=0.01, real=0.00 secs] 
1490.280: [GC (Allocation Failure) [PSYoungGen: 618912K->1408K(622592K)] 911884K->294380K(1239040K), 0.0021500 secs] [Times: user=0.01 sys=0.00, real=0.00 secs] 
1497.921: [GC (Allocation Failure) [PSYoungGen: 622464K->1408K(622592K)] 915436K->294380K(1239040K), 0.0019858 secs] [Times: user=0.00 sys=0.00, real=0.00 secs] 
1509.497: [GC (Allocation Failure) [PSYoungGen: 622464K->1440K(625664K)] 915436K->294428K(1242112K), 0.0025873 secs] [Times: user=0.01 sys=0.00, real=0.00 secs] 
1515.006: [GC (Allocation Failure) [PSYoungGen: 625568K->1421K(626176K)] 918556K->294425K(1242624K), 0.0014359 secs] [Times: user=0.01 sys=0.00, real=0.01 secs] 
1521.352: [GC (Allocation Failure) [PSYoungGen: 626061K->1440K(628736K)] 919065K->294452K(1245184K), 0.0015795 secs] [Times: user=0.01 sys=0.00, real=0.00 secs] 
1528.519: [GC (Allocation Failure) [PSYoungGen: 628640K->1440K(628736K)] 921652K->294452K(1245184K), 0.0019412 secs] [Times: user=0.01 sys=0.00, real=0.00 secs] 
1535.657: [GC (Allocation Failure) [PSYoungGen: 628640K->1440K(631808K)] 921652K->294452K(1248256K), 0.0025142 secs] [Times: user=0.01 sys=0.00, real=0.00 secs] 
1542.956: [GC (Allocation Failure) [PSYoungGen: 631712K->1440K(631808K)] 924724K->294468K(1248256K), 0.0027215 secs] [Times: user=0.01 sys=0.00, real=0.01 secs] 
1549.598: [GC (Allocation Failure) [PSYoungGen: 631712K->1472K(635392K)] 924740K->294508K(1251840K), 0.0021958 secs] [Times: user=0.01 sys=0.00, real=0.00 secs] 
1557.623: [GC (Allocation Failure) [PSYoungGen: 635328K->1424K(635392K)] 928364K->294468K(1251840K), 0.0040110 secs] [Times: user=0.01 sys=0.01, real=0.01 secs] 
1564.111: [GC (Allocation Failure) [PSYoungGen: 635280K->1392K(638976K)] 928324K->294444K(1255424K), 0.0019604 secs] [Times: user=0.01 sys=0.00, real=0.00 secs] 
1569.451: [GC (Allocation Failure) [PSYoungGen: 638832K->1472K(639488K)] 931884K->294532K(1255936K), 0.0022404 secs] [Times: user=0.01 sys=0.00, real=0.00 secs] 
1576.145: [GC (Allocation Failure) [PSYoungGen: 639424K->1456K(643072K)] 932484K->294516K(1259520K), 0.0015463 secs] [Times: user=0.01 sys=0.00, real=0.01 secs] 
1584.268: [GC (Allocation Failure) [PSYoungGen: 642992K->1440K(643072K)] 936052K->294508K(1259520K), 0.0025344 secs] [Times: user=0.01 sys=0.00, real=0.00 secs] 
1590.933: [GC (Allocation Failure) [PSYoungGen: 642976K->1456K(646656K)] 936044K->294524K(1263104K), 0.0018482 secs] [Times: user=0.01 sys=0.00, real=0.00 secs] 
1598.468: [GC (Allocation Failure) [PSYoungGen: 646576K->1424K(646656K)] 939644K->294492K(1263104K), 0.0020241 secs] [Times: user=0.01 sys=0.00, real=0.00 secs] 
1603.134: [GC (Allocation Failure) [PSYoungGen: 646544K->1472K(650240K)] 939612K->294540K(1266688K), 0.0021266 secs] [Times: user=0.01 sys=0.00, real=0.01 secs] 
1607.560: [GC (Allocation Failure) [PSYoungGen: 650176K->1456K(650240K)] 943244K->294524K(1266688K), 0.0023783 secs] [Times: user=0.01 sys=0.00, real=0.00 secs] 
1614.127: [GC (Allocation Failure) [PSYoungGen: 650160K->1424K(654336K)] 943228K->294492K(1270784K), 0.0017676 secs] [Times: user=0.01 sys=0.00, real=0.00 secs] 
1622.799: [GC (Allocation Failure) [PSYoungGen: 654224K->1424K(654336K)] 947292K->294492K(1270784K), 0.0040843 secs] [Times: user=0.01 sys=0.00, real=0.00 secs] 
1627.960: [GC (Allocation Failure) [PSYoungGen: 654224K->1424K(658432K)] 947292K->294500K(1274880K), 0.0019644 secs] [Times: user=0.01 sys=0.00, real=0.00 secs] 
1632.983: [GC (Allocation Failure) [PSYoungGen: 658320K->1456K(658432K)] 951396K->294532K(1274880K), 0.0025055 secs] [Times: user=0.01 sys=0.00, real=0.00 secs] 
1641.448: [GC (Allocation Failure) [PSYoungGen: 658352K->1472K(662528K)] 951428K->294572K(1278976K), 0.0019600 secs] [Times: user=0.01 sys=0.00, real=0.00 secs] 
1646.828: [GC (Allocation Failure) [PSYoungGen: 662464K->1440K(663040K)] 955564K->294548K(1279488K), 0.0017488 secs] [Times: user=0.01 sys=0.00, real=0.00 secs] 
1654.285: [GC (Allocation Failure) [PSYoungGen: 662944K->1408K(666624K)] 956052K->294524K(1283072K), 0.0038199 secs] [Times: user=0.01 sys=0.00, real=0.01 secs] 
1661.203: [GC (Allocation Failure) [PSYoungGen: 666496K->1408K(666624K)] 959612K->294532K(1283072K), 0.0031659 secs] [Times: user=0.01 sys=0.00, real=0.00 secs] 
1667.369: [GC (Allocation Failure) [PSYoungGen: 666496K->1408K(671232K)] 959620K->294532K(1287680K), 0.0022501 secs] [Times: user=0.01 sys=0.00, real=0.00 secs] 
1674.361: [GC (Allocation Failure) [PSYoungGen: 671098K->1424K(652800K)] 964222K->294556K(1269248K), 0.0015386 secs] [Times: user=0.00 sys=0.00, real=0.00 secs] 
1682.633: [GC (Allocation Failure) [PSYoungGen: 652688K->368K(633856K)] 945820K->294524K(1250304K), 0.0024982 secs] [Times: user=0.01 sys=0.00, real=0.00 secs] 
1690.809: [GC (Allocation Failure) [PSYoungGen: 633712K->1408K(618496K)] 927868K->295572K(1234944K), 0.0039180 secs] [Times: user=0.02 sys=0.00, real=0.00 secs] 
1697.137: [GC (Allocation Failure) [PSYoungGen: 617856K->1440K(601600K)] 912020K->295604K(1218048K), 0.0036375 secs] [Times: user=0.01 sys=0.00, real=0.00 secs] 
1703.852: [GC (Allocation Failure) [PSYoungGen: 601504K->1440K(585728K)] 895668K->295612K(1202176K), 0.0022384 secs] [Times: user=0.00 sys=0.00, real=0.00 secs] 
1712.287: [GC (Allocation Failure) [PSYoungGen: 585632K->1424K(570368K)] 879804K->295596K(1186816K), 0.0033898 secs] [Times: user=0.01 sys=0.00, real=0.00 secs] 
1719.111: [GC (Allocation Failure) [PSYoungGen: 570256K->1472K(556032K)] 864428K->295652K(1172480K), 0.0019659 secs] [Times: user=0.01 sys=0.00, real=0.00 secs] 
1725.747: [GC (Allocation Failure) [PSYoungGen: 555968K->1456K(542208K)] 850148K->295636K(1158656K), 0.0015670 secs] [Times: user=0.01 sys=0.00, real=0.00 secs] 
1732.839: [GC (Allocation Failure) [PSYoungGen: 542128K->1424K(528896K)] 836308K->295612K(1145344K), 0.0017050 secs] [Times: user=0.00 sys=0.00, real=0.00 secs] 
1738.782: [GC (Allocation Failure) [PSYoungGen: 528784K->1472K(516096K)] 822972K->295660K(1132544K), 0.0035077 secs] [Times: user=0.02 sys=0.00, real=0.00 secs] 
1743.759: [GC (Allocation Failure) [PSYoungGen: 516032K->1408K(503808K)] 810220K->295596K(1120256K), 0.0019283 secs] [Times: user=0.01 sys=0.00, real=0.00 secs] 
1750.183: [GC (Allocation Failure) [PSYoungGen: 503680K->1440K(491520K)] 797868K->295628K(1107968K), 0.0021958 secs] [Times: user=0.01 sys=0.00, real=0.00 secs] 
1756.772: [GC (Allocation Failure) [PSYoungGen: 491424K->1472K(479744K)] 785612K->295660K(1096192K), 0.0031186 secs] [Times: user=0.01 sys=0.00, real=0.00 secs] 
1762.153: [GC (Allocation Failure) [PSYoungGen: 479680K->1472K(468480K)] 773868K->295660K(1084928K), 0.0032611 secs] [Times: user=0.01 sys=0.00, real=0.00 secs] 
1767.851: [GC (Allocation Failure) [PSYoungGen: 468416K->1373K(457728K)] 762604K->295569K(1074176K), 0.0015708 secs] [Times: user=0.01 sys=0.00, real=0.00 secs] 
1772.400: [GC (Allocation Failure) [PSYoungGen: 457565K->1504K(447488K)] 751761K->295700K(1063936K), 0.0022090 secs] [Times: user=0.01 sys=0.00, real=0.00 secs] 
1778.466: [GC (GCLocker Initiated GC) [PSYoungGen: 447456K->1424K(437248K)] 741652K->295628K(1053696K), 0.0015161 secs] [Times: user=0.00 sys=0.00, real=0.01 secs] 
1782.392: [GC (Allocation Failure) [PSYoungGen: 437136K->1472K(427520K)] 731343K->295687K(1043968K), 0.0015965 secs] [Times: user=0.01 sys=0.00, real=0.00 secs] 
1785.709: [GC (Allocation Failure) [PSYoungGen: 427456K->1472K(418304K)] 721671K->295687K(1034752K), 0.0020156 secs] [Times: user=0.01 sys=0.01, real=0.00 secs] 
1791.721: [GC (Allocation Failure) [PSYoungGen: 418240K->1472K(409088K)] 712455K->295687K(1025536K), 0.0021555 secs] [Times: user=0.01 sys=0.00, real=0.00 secs] 
1796.282: [GC (Allocation Failure) [PSYoungGen: 409024K->1504K(400384K)] 703239K->295719K(1016832K), 0.0017853 secs] [Times: user=0.01 sys=0.00, real=0.00 secs] 
1799.404: [GC (Allocation Failure) [PSYoungGen: 400352K->1424K(392192K)] 694567K->295639K(1008640K), 0.0021688 secs] [Times: user=0.00 sys=0.00, real=0.00 secs] 
1802.028: [GC (Allocation Failure) [PSYoungGen: 392080K->1472K(384000K)] 686295K->295703K(1000448K), 0.0019742 secs] [Times: user=0.01 sys=0.00, real=0.00 secs] 
1805.205: [GC (Allocation Failure) [PSYoungGen: 383936K->1472K(376320K)] 678167K->295711K(992768K), 0.0022689 secs] [Times: user=0.00 sys=0.00, real=0.01 secs] 
1809.403: [GC (Allocation Failure) [PSYoungGen: 376256K->1440K(368640K)] 670495K->295679K(985088K), 0.0023155 secs] [Times: user=0.01 sys=0.00, real=0.00 secs] 
1814.655: [GC (Allocation Failure) [PSYoungGen: 368544K->1472K(361472K)] 662783K->295711K(977920K), 0.0025844 secs] [Times: user=0.01 sys=0.00, real=0.01 secs] 
1818.995: [GC (Allocation Failure) [PSYoungGen: 361408K->1472K(354304K)] 655647K->295711K(970752K), 0.0033562 secs] [Times: user=0.01 sys=0.00, real=0.01 secs] 
1821.701: [GC (Allocation Failure) [PSYoungGen: 354240K->1472K(347648K)] 648479K->295711K(964096K), 0.0021530 secs] [Times: user=0.01 sys=0.00, real=0.00 secs] 
1824.752: [GC (Allocation Failure) [PSYoungGen: 347584K->1504K(340992K)] 641823K->295751K(957440K), 0.0028793 secs] [Times: user=0.01 sys=0.00, real=0.00 secs] 
1828.532: [GC (Allocation Failure) [PSYoungGen: 340960K->1504K(334336K)] 635207K->295767K(950784K), 0.0017845 secs] [Times: user=0.01 sys=0.00, real=0.00 secs] 
1831.727: [GC (Allocation Failure) [PSYoungGen: 334304K->1440K(328192K)] 628567K->295703K(944640K), 0.0024364 secs] [Times: user=0.01 sys=0.00, real=0.00 secs] 
1834.826: [GC (Allocation Failure) [PSYoungGen: 328096K->1405K(322048K)] 622359K->295684K(938496K), 0.0015295 secs] [Times: user=0.01 sys=0.00, real=0.01 secs] 
1838.274: [GC (Allocation Failure) [PSYoungGen: 321917K->1376K(316416K)] 616196K->295719K(932864K), 0.0021795 secs] [Times: user=0.01 sys=0.00, real=0.00 secs] 
1841.565: [GC (Allocation Failure) [PSYoungGen: 316256K->1408K(310784K)] 610599K->295751K(927232K), 0.0016343 secs] [Times: user=0.01 sys=0.00, real=0.00 secs] 
1844.172: [GC (Allocation Failure) [PSYoungGen: 310656K->1408K(305152K)] 604999K->295751K(921600K), 0.0043258 secs] [Times: user=0.01 sys=0.00, real=0.01 secs] 
1847.325: [GC (Allocation Failure) [PSYoungGen: 305024K->1440K(300032K)] 599367K->295791K(916480K), 0.0030223 secs] [Times: user=0.01 sys=0.00, real=0.01 secs] 
1850.934: [GC (Allocation Failure) [PSYoungGen: 299936K->1376K(294912K)] 594287K->295727K(911360K), 0.0020320 secs] [Times: user=0.01 sys=0.00, real=0.00 secs] 
1853.566: [GC (Allocation Failure) [PSYoungGen: 294752K->1376K(289792K)] 589103K->295735K(906240K), 0.0026167 secs] [Times: user=0.01 sys=0.00, real=0.01 secs] 
1857.179: [GC (Allocation Failure) [PSYoungGen: 289632K->1360K(284672K)] 583991K->295727K(901120K), 0.0018525 secs] [Times: user=0.01 sys=0.00, real=0.00 secs] 
1859.363: [GC (Allocation Failure) [PSYoungGen: 284496K->1376K(280064K)] 578863K->295743K(896512K), 0.0016531 secs] [Times: user=0.01 sys=0.00, real=0.00 secs] 
1862.040: [GC (Allocation Failure) [PSYoungGen: 279904K->1424K(275456K)] 574271K->295807K(891904K), 0.0016938 secs] [Times: user=0.00 sys=0.00, real=0.00 secs] 
1863.335: [GC (Allocation Failure) [PSYoungGen: 275344K->1341K(270848K)] 569727K->295732K(887296K), 0.0017448 secs] [Times: user=0.00 sys=0.00, real=0.01 secs] 
1867.994: [GC (Allocation Failure) [PSYoungGen: 270653K->1440K(266752K)] 565044K->295839K(883200K), 0.0034827 secs] [Times: user=0.01 sys=0.00, real=0.01 secs] 
1870.635: [GC (Allocation Failure) [PSYoungGen: 266656K->384K(261632K)] 561055K->295815K(878080K), 0.0030771 secs] [Times: user=0.01 sys=0.00, real=0.01 secs] 
1873.803: [GC (Allocation Failure) [PSYoungGen: 261504K->1440K(259072K)] 556935K->296871K(875520K), 0.0019950 secs] [Times: user=0.01 sys=0.00, real=0.00 secs] 
1877.014: [GC (Allocation Failure) [PSYoungGen: 258464K->1408K(254464K)] 553895K->296847K(870912K), 0.0031137 secs] [Times: user=0.01 sys=0.00, real=0.01 secs] 
1878.912: [GC (Allocation Failure) [PSYoungGen: 254336K->1440K(250368K)] 549775K->296879K(866816K), 0.0019761 secs] [Times: user=0.00 sys=0.00, real=0.00 secs] 
1881.590: [GC (Allocation Failure) [PSYoungGen: 250272K->1440K(246784K)] 545711K->296879K(863232K), 0.0019978 secs] [Times: user=0.01 sys=0.00, real=0.00 secs] 
1883.763: [GC (Allocation Failure) [PSYoungGen: 246688K->128K(242176K)] 542127K->295567K(858624K), 0.0015893 secs] [Times: user=0.00 sys=0.00, real=0.00 secs] 
1886.840: [GC (Allocation Failure) [PSYoungGen: 241792K->1360K(239616K)] 537231K->296799K(856064K), 0.0030883 secs] [Times: user=0.01 sys=0.00, real=0.00 secs] 
1889.166: [GC (Allocation Failure) [PSYoungGen: 239440K->1440K(236032K)] 534879K->296879K(852480K), 0.0031496 secs] [Times: user=0.02 sys=0.00, real=0.01 secs] 
1891.611: [GC (Allocation Failure) [PSYoungGen: 235936K->1408K(232448K)] 531375K->296847K(848896K), 0.0019716 secs] [Times: user=0.00 sys=0.00, real=0.00 secs] 
1893.755: [GC (Allocation Failure) [PSYoungGen: 232320K->1360K(229376K)] 527759K->296799K(845824K), 0.0018929 secs] [Times: user=0.01 sys=0.00, real=0.01 secs] 
1895.671: [GC (Allocation Failure) [PSYoungGen: 229200K->1408K(226304K)] 524639K->296855K(842752K), 0.0019416 secs] [Times: user=0.01 sys=0.00, real=0.00 secs] 
1897.902: [GC (Allocation Failure) [PSYoungGen: 226176K->1440K(223232K)] 521623K->296895K(839680K), 0.0020996 secs] [Times: user=0.01 sys=0.00, real=0.00 secs] 
1900.503: [GC (Allocation Failure) [PSYoungGen: 223136K->1376K(220160K)] 518591K->296831K(836608K), 0.0022770 secs] [Times: user=0.01 sys=0.00, real=0.00 secs] 
1903.600: [GC (Allocation Failure) [PSYoungGen: 220000K->1408K(217088K)] 515455K->296863K(833536K), 0.0029011 secs] [Times: user=0.01 sys=0.00, real=0.00 secs] 
1904.948: [GC (Allocation Failure) [PSYoungGen: 216960K->1376K(214016K)] 512415K->296831K(830464K), 0.0016828 secs] [Times: user=0.01 sys=0.00, real=0.00 secs] 
1907.018: [GC (Allocation Failure) [PSYoungGen: 213856K->1408K(210944K)] 509311K->296871K(827392K), 0.0020194 secs] [Times: user=0.01 sys=0.00, real=0.00 secs] 
1908.459: [GC (Allocation Failure) [PSYoungGen: 210816K->1408K(208384K)] 506279K->296871K(824832K), 0.0016702 secs] [Times: user=0.00 sys=0.00, real=0.00 secs] 
1909.840: [GC (Allocation Failure) [PSYoungGen: 208256K->1392K(205824K)] 503719K->296855K(822272K), 0.0015574 secs] [Times: user=0.01 sys=0.00, real=0.00 secs] 
1911.665: [GC (Allocation Failure) [PSYoungGen: 205680K->1440K(203264K)] 501143K->296903K(819712K), 0.0026089 secs] [Times: user=0.01 sys=0.00, real=0.01 secs] 
1914.042: [GC (Allocation Failure) [PSYoungGen: 203168K->1472K(200704K)] 498631K->296935K(817152K), 0.0039955 secs] [Times: user=0.02 sys=0.00, real=0.00 secs] 
1916.140: [GC (Allocation Failure) [PSYoungGen: 200640K->1392K(198144K)] 496103K->296855K(814592K), 0.0016027 secs] [Times: user=0.01 sys=0.00, real=0.00 secs] 
1916.973: [GC (Allocation Failure) [PSYoungGen: 198000K->1440K(195584K)] 493463K->296903K(812032K), 0.0021866 secs] [Times: user=0.01 sys=0.00, real=0.00 secs] 
1919.364: [GC (Allocation Failure) [PSYoungGen: 195488K->1472K(193024K)] 490951K->296935K(809472K), 0.0018445 secs] [Times: user=0.01 sys=0.00, real=0.00 secs] 
1920.890: [GC (Allocation Failure) [PSYoungGen: 192960K->1389K(190464K)] 488423K->296860K(806912K), 0.0015944 secs] [Times: user=0.01 sys=0.00, real=0.00 secs] 
1922.398: [GC (Allocation Failure) [PSYoungGen: 190317K->1440K(188416K)] 485788K->296911K(804864K), 0.0022306 secs] [Times: user=0.01 sys=0.00, real=0.00 secs] 
1924.103: [GC (Allocation Failure) [PSYoungGen: 188320K->1408K(186368K)] 483791K->296887K(802816K), 0.0019363 secs] [Times: user=0.01 sys=0.00, real=0.00 secs] 
1925.537: [GC (Allocation Failure) [PSYoungGen: 186240K->1408K(184320K)] 481719K->296895K(800768K), 0.0026094 secs] [Times: user=0.01 sys=0.00, real=0.00 secs] 
1928.636: [GC (Allocation Failure) [PSYoungGen: 184192K->1408K(182272K)] 479679K->296895K(798720K), 0.0040384 secs] [Times: user=0.02 sys=0.00, real=0.01 secs] 
1931.082: [GC (Allocation Failure) [PSYoungGen: 182144K->1440K(180224K)] 477631K->296935K(796672K), 0.0024857 secs] [Times: user=0.01 sys=0.00, real=0.00 secs] 
1932.880: [GC (Allocation Failure) [PSYoungGen: 180128K->1360K(178176K)] 475623K->296855K(794624K), 0.0028622 secs] [Times: user=0.00 sys=0.00, real=0.00 secs] 
1934.690: [GC (Allocation Failure) [PSYoungGen: 178000K->1424K(176128K)] 473495K->296919K(792576K), 0.0016406 secs] [Times: user=0.00 sys=0.00, real=0.00 secs] 
1935.416: [GC (Allocation Failure) [PSYoungGen: 176016K->1440K(174080K)] 471511K->296935K(790528K), 0.0020913 secs] [Times: user=0.00 sys=0.00, real=0.01 secs] 
1937.264: [GC (Allocation Failure) [PSYoungGen: 173984K->1440K(172032K)] 469479K->296935K(788480K), 0.0029897 secs] [Times: user=0.02 sys=0.00, real=0.01 secs] 
1939.054: [GC (Allocation Failure) [PSYoungGen: 171936K->1952K(170496K)] 467431K->297447K(786944K), 0.0022211 secs] [Times: user=0.01 sys=0.01, real=0.01 secs] 
1941.342: [GC (Allocation Failure) [PSYoungGen: 170400K->352K(166912K)] 465895K->296871K(783360K), 0.0020468 secs] [Times: user=0.01 sys=0.00, real=0.00 secs] 
1943.559: [GC (Allocation Failure) [PSYoungGen: 166752K->1408K(166912K)] 463271K->297935K(783360K), 0.0040448 secs] [Times: user=0.02 sys=0.00, real=0.00 secs] 
1945.605: [GC (Allocation Failure) [PSYoungGen: 166272K->1440K(164864K)] 462799K->297967K(781312K), 0.0033762 secs] [Times: user=0.01 sys=0.00, real=0.01 secs] 
1947.598: [GC (Allocation Failure) [PSYoungGen: 164768K->1440K(163328K)] 461295K->297967K(779776K), 0.0024566 secs] [Times: user=0.01 sys=0.00, real=0.00 secs] 
1948.645: [GC (Allocation Failure) [PSYoungGen: 163232K->1440K(161792K)] 459759K->297967K(778240K), 0.0034541 secs] [Times: user=0.01 sys=0.00, real=0.01 secs] 
1951.767: [GC (Allocation Failure) [PSYoungGen: 161696K->1440K(160256K)] 458223K->297975K(776704K), 0.0025737 secs] [Times: user=0.01 sys=0.00, real=0.00 secs] 
1954.142: [GC (Allocation Failure) [PSYoungGen: 160160K->1408K(158720K)] 456695K->297951K(775168K), 0.0042797 secs] [Times: user=0.01 sys=0.00, real=0.00 secs] 
1955.890: [GC (Allocation Failure) [PSYoungGen: 158592K->1456K(157184K)] 455135K->298007K(773632K), 0.0021830 secs] [Times: user=0.01 sys=0.00, real=0.00 secs] 
1956.963: [GC (Allocation Failure) [PSYoungGen: 157104K->1408K(155648K)] 453655K->297959K(772096K), 0.0025234 secs] [Times: user=0.01 sys=0.00, real=0.00 secs] 
1959.194: [GC (Allocation Failure) [PSYoungGen: 155520K->1392K(154112K)] 452071K->297951K(770560K), 0.0033615 secs] [Times: user=0.01 sys=0.00, real=0.01 secs] 
1960.213: [GC (Allocation Failure) [PSYoungGen: 153968K->1389K(152576K)] 450527K->297948K(769024K), 0.0014740 secs] [Times: user=0.00 sys=0.00, real=0.00 secs] 
1961.902: [GC (Allocation Failure) [PSYoungGen: 152429K->1440K(151040K)] 448988K->297999K(767488K), 0.0032787 secs] [Times: user=0.02 sys=0.00, real=0.00 secs] 
1963.699: [GC (Allocation Failure) [PSYoungGen: 150944K->1389K(149504K)] 447503K->297948K(765952K), 0.0015115 secs] [Times: user=0.01 sys=0.00, real=0.00 secs] 
1965.784: [GC (Allocation Failure) [PSYoungGen: 149357K->1408K(147968K)] 445916K->297967K(764416K), 0.0042348 secs] [Times: user=0.01 sys=0.00, real=0.01 secs] 
1967.825: [GC (Allocation Failure) [PSYoungGen: 147840K->1341K(146432K)] 444399K->297900K(762880K), 0.0026942 secs] [Times: user=0.01 sys=0.00, real=0.01 secs] 
1968.997: [GC (Allocation Failure) [PSYoungGen: 146237K->1376K(144896K)] 442796K->297935K(761344K), 0.0021399 secs] [Times: user=0.01 sys=0.00, real=0.00 secs] 
1969.653: [GC (Allocation Failure) [PSYoungGen: 144736K->1408K(143360K)] 441295K->297967K(759808K), 0.0018814 secs] [Times: user=0.01 sys=0.00, real=0.00 secs] 
1971.772: [GC (Allocation Failure) [PSYoungGen: 143232K->1440K(142336K)] 439791K->297999K(758784K), 0.0024629 secs] [Times: user=0.01 sys=0.00, real=0.00 secs] 
1973.694: [GC (Allocation Failure) [PSYoungGen: 142240K->1376K(141312K)] 438799K->297935K(757760K), 0.0027312 secs] [Times: user=0.01 sys=0.00, real=0.01 secs] 
1975.469: [GC (Allocation Failure) [PSYoungGen: 141152K->1440K(140288K)] 437711K->298007K(756736K), 0.0020205 secs] [Times: user=0.00 sys=0.00, real=0.00 secs] 
1976.818: [GC (Allocation Failure) [PSYoungGen: 140192K->1344K(139264K)] 436759K->297911K(755712K), 0.0020225 secs] [Times: user=0.01 sys=0.00, real=0.00 secs] 
1978.666: [GC (Allocation Failure) [PSYoungGen: 139072K->1392K(138240K)] 435639K->297959K(754688K), 0.0022504 secs] [Times: user=0.01 sys=0.00, real=0.01 secs] 
1979.712: [GC (Allocation Failure) [PSYoungGen: 138096K->1440K(137216K)] 434663K->298007K(753664K), 0.0020148 secs] [Times: user=0.01 sys=0.00, real=0.00 secs] 
1981.141: [GC (Allocation Failure) [PSYoungGen: 137120K->1408K(136192K)] 433687K->297975K(752640K), 0.0021392 secs] [Times: user=0.00 sys=0.00, real=0.00 secs] 
1981.841: [GC (Allocation Failure) [PSYoungGen: 136064K->320K(134144K)] 432631K->297911K(750592K), 0.0018395 secs] [Times: user=0.01 sys=0.00, real=0.00 secs] 
1983.166: [GC (Allocation Failure) [PSYoungGen: 133952K->1376K(134656K)] 431543K->298967K(751104K), 0.0016558 secs] [Times: user=0.01 sys=0.00, real=0.01 secs] 
1984.211: [GC (Allocation Failure) [PSYoungGen: 133984K->1376K(133120K)] 431575K->298967K(749568K), 0.0022112 secs] [Times: user=0.01 sys=0.00, real=0.00 secs] 
1985.196: [GC (Allocation Failure) [PSYoungGen: 132960K->1389K(132096K)] 430551K->298980K(748544K), 0.0017718 secs] [Times: user=0.01 sys=0.00, real=0.01 secs] 
1987.895: [GC (Allocation Failure) [PSYoungGen: 131949K->1408K(131072K)] 429540K->298999K(747520K), 0.0026275 secs] [Times: user=0.00 sys=0.00, real=0.01 secs] 
1988.444: [GC (Allocation Failure) [PSYoungGen: 130944K->1376K(130048K)] 428535K->298967K(746496K), 0.0020276 secs] [Times: user=0.00 sys=0.00, real=0.00 secs] 
1990.039: [GC (Allocation Failure) [PSYoungGen: 129888K->1440K(129024K)] 427479K->299031K(745472K), 0.0029414 secs] [Times: user=0.01 sys=0.00, real=0.00 secs] 
1990.803: [GC (Allocation Failure) [PSYoungGen: 128928K->1344K(128000K)] 426519K->298935K(744448K), 0.0019644 secs] [Times: user=0.01 sys=0.00, real=0.00 secs] 
1992.126: [GC (Allocation Failure) [PSYoungGen: 127808K->1440K(126976K)] 425399K->299031K(743424K), 0.0018457 secs] [Times: user=0.01 sys=0.00, real=0.01 secs] 
1992.712: [GC (Allocation Failure) [PSYoungGen: 126880K->1360K(125952K)] 424471K->298951K(742400K), 0.0019181 secs] [Times: user=0.01 sys=0.00, real=0.00 secs] 
1993.603: [GC (Allocation Failure) [PSYoungGen: 125776K->1309K(124928K)] 423367K->298908K(741376K), 0.0014985 secs] [Times: user=0.00 sys=0.00, real=0.00 secs] 
1995.114: [GC (Allocation Failure) [PSYoungGen: 124701K->1440K(123904K)] 422300K->299039K(740352K), 0.0042589 secs] [Times: user=0.01 sys=0.00, real=0.01 secs] 
1996.047: [GC (Allocation Failure) [PSYoungGen: 123808K->1408K(128512K)] 421407K->299007K(744960K), 0.0030735 secs] [Times: user=0.01 sys=0.00, real=0.00 secs] 
1997.576: [GC (Allocation Failure) [PSYoungGen: 128384K->1440K(127488K)] 425983K->299039K(743936K), 0.0022707 secs] [Times: user=0.01 sys=0.00, real=0.01 secs] 
1998.775: [GC (Allocation Failure) [PSYoungGen: 127392K->1344K(126464K)] 424991K->298943K(742912K), 0.0022643 secs] [Times: user=0.01 sys=0.00, real=0.01 secs] 
2000.469: [GC (Allocation Failure) [PSYoungGen: 126272K->1408K(125440K)] 423871K->299007K(741888K), 0.0018164 secs] [Times: user=0.00 sys=0.00, real=0.00 secs] 
2001.033: [GC (Allocation Failure) [PSYoungGen: 125312K->1392K(124416K)] 422911K->298991K(740864K), 0.0016448 secs] [Times: user=0.01 sys=0.00, real=0.00 secs] 
2001.968: [GC (Allocation Failure) [PSYoungGen: 124272K->1408K(123392K)] 421871K->299007K(739840K), 0.0020745 secs] [Times: user=0.01 sys=0.00, real=0.00 secs] 
2004.105: [GC (Allocation Failure) [PSYoungGen: 123264K->1440K(122368K)] 420863K->299047K(738816K), 0.0037779 secs] [Times: user=0.02 sys=0.00, real=0.01 secs] 
2005.236: [GC (Allocation Failure) [PSYoungGen: 122272K->1408K(121344K)] 419879K->299015K(737792K), 0.0034591 secs] [Times: user=0.01 sys=0.00, real=0.01 secs] 
2006.546: [GC (Allocation Failure) [PSYoungGen: 121216K->1440K(120320K)] 418823K->299047K(736768K), 0.0015947 secs] [Times: user=0.00 sys=0.00, real=0.01 secs] 
2007.456: [GC (Allocation Failure) [PSYoungGen: 120224K->1408K(119296K)] 417831K->299015K(735744K), 0.0036475 secs] [Times: user=0.01 sys=0.00, real=0.01 secs] 
2008.837: [GC (Allocation Failure) [PSYoungGen: 119168K->1376K(118272K)] 416775K->298983K(734720K), 0.0031112 secs] [Times: user=0.01 sys=0.00, real=0.00 secs] 
2011.066: [GC (Allocation Failure) [PSYoungGen: 118112K->1408K(117248K)] 415719K->299015K(733696K), 0.0036514 secs] [Times: user=0.01 sys=0.00, real=0.01 secs] 
2012.096: [GC (Allocation Failure) [PSYoungGen: 117120K->320K(115200K)] 414727K->298951K(731648K), 0.0018827 secs] [Times: user=0.01 sys=0.00, real=0.01 secs] 
2013.352: [GC (Allocation Failure) [PSYoungGen: 115008K->1344K(115712K)] 413639K->299975K(732160K), 0.0016779 secs] [Times: user=0.01 sys=0.00, real=0.00 secs] 
2014.318: [GC (Allocation Failure) [PSYoungGen: 115008K->1376K(114688K)] 413639K->300015K(731136K), 0.0032769 secs] [Times: user=0.01 sys=0.00, real=0.00 secs] 
2014.813: [GC (Allocation Failure) [PSYoungGen: 114528K->1344K(119296K)] 413167K->299983K(735744K), 0.0027986 secs] [Times: user=0.01 sys=0.00, real=0.00 secs] 
2017.119: [GC (Allocation Failure) [PSYoungGen: 119104K->1440K(123392K)] 417743K->300079K(739840K), 0.0030198 secs] [Times: user=0.01 sys=0.00, real=0.00 secs] 
2018.377: [GC (Allocation Failure) [PSYoungGen: 123296K->1376K(128000K)] 421935K->300015K(744448K), 0.0044258 secs] [Times: user=0.02 sys=0.00, real=0.00 secs] 
2020.321: [GC (Allocation Failure) [PSYoungGen: 127840K->1408K(126976K)] 426479K->300055K(743424K), 0.0021401 secs] [Times: user=0.01 sys=0.00, real=0.00 secs] 
2022.181: [GC (Allocation Failure) [PSYoungGen: 126848K->1408K(125952K)] 425495K->300055K(742400K), 0.0031068 secs] [Times: user=0.01 sys=0.00, real=0.00 secs] 
2023.515: [GC (Allocation Failure) [PSYoungGen: 125824K->1408K(124928K)] 424471K->300055K(741376K), 0.0019704 secs] [Times: user=0.00 sys=0.00, real=0.01 secs] 
2026.829: [GC (Allocation Failure) [PSYoungGen: 124800K->1440K(123904K)] 423447K->300087K(740352K), 0.0040778 secs] [Times: user=0.02 sys=0.00, real=0.00 secs] 
2028.470: [GC (Allocation Failure) [PSYoungGen: 123808K->1408K(122880K)] 422455K->300055K(739328K), 0.0021970 secs] [Times: user=0.01 sys=0.00, real=0.00 secs] 
2030.502: [GC (Allocation Failure) [PSYoungGen: 122752K->1392K(121856K)] 421399K->300039K(738304K), 0.0018181 secs] [Times: user=0.01 sys=0.00, real=0.00 secs] 
2031.002: [GC (Allocation Failure) [PSYoungGen: 121712K->1376K(120832K)] 420359K->300023K(737280K), 0.0016379 secs] [Times: user=0.00 sys=0.00, real=0.00 secs] 
2031.554: [GC (Allocation Failure) [PSYoungGen: 120672K->1424K(119808K)] 419319K->300071K(736256K), 0.0018816 secs] [Times: user=0.00 sys=0.00, real=0.00 secs] 
2033.470: [GC (Allocation Failure) [PSYoungGen: 119696K->1440K(118784K)] 418343K->300095K(735232K), 0.0024551 secs] [Times: user=0.00 sys=0.00, real=0.00 secs] 
2035.064: [GC (Allocation Failure) [PSYoungGen: 118688K->1344K(117760K)] 417343K->299999K(734208K), 0.0032731 secs] [Times: user=0.01 sys=0.00, real=0.01 secs] 
2036.759: [GC (Allocation Failure) [PSYoungGen: 117568K->1472K(116736K)] 416223K->300135K(733184K), 0.0016958 secs] [Times: user=0.01 sys=0.00, real=0.00 secs] 
2037.244: [GC (Allocation Failure) [PSYoungGen: 116672K->1408K(115712K)] 415335K->300071K(732160K), 0.0017632 secs] [Times: user=0.01 sys=0.00, real=0.00 secs] 
2037.718: [GC (Allocation Failure) [PSYoungGen: 115584K->1408K(114688K)] 414247K->300071K(731136K), 0.0018296 secs] [Times: user=0.00 sys=0.00, real=0.00 secs] 
2038.747: [GC (Allocation Failure) [PSYoungGen: 114560K->1440K(114176K)] 413223K->300103K(730624K), 0.0019452 secs] [Times: user=0.01 sys=0.00, real=0.00 secs] 
2039.621: [GC (Allocation Failure) [PSYoungGen: 114080K->1440K(113664K)] 412743K->300103K(730112K), 0.0019329 secs] [Times: user=0.01 sys=0.00, real=0.00 secs] 
2041.059: [GC (Allocation Failure) [PSYoungGen: 113568K->1440K(113152K)] 412231K->300119K(729600K), 0.0023478 secs] [Times: user=0.01 sys=0.00, real=0.00 secs] 
2042.562: [GC (Allocation Failure) [PSYoungGen: 113056K->1376K(112640K)] 411735K->300055K(729088K), 0.0033301 secs] [Times: user=0.02 sys=0.00, real=0.00 secs] 
2044.445: [GC (Allocation Failure) [PSYoungGen: 112480K->1408K(112128K)] 411159K->300087K(728576K), 0.0038474 secs] [Times: user=0.01 sys=0.01, real=0.01 secs] 
2046.490: [GC (Allocation Failure) [PSYoungGen: 112000K->1424K(111616K)] 410679K->300103K(728064K), 0.0025123 secs] [Times: user=0.01 sys=0.00, real=0.00 secs] 
2047.498: [GC (Allocation Failure) [PSYoungGen: 111504K->1424K(111104K)] 410183K->300103K(727552K), 0.0031360 secs] [Times: user=0.01 sys=0.00, real=0.00 secs] 
2049.484: [GC (Allocation Failure) [PSYoungGen: 110992K->1376K(110592K)] 409671K->300055K(727040K), 0.0041675 secs] [Times: user=0.02 sys=0.00, real=0.01 secs] 
2051.011: [GC (Allocation Failure) [PSYoungGen: 110432K->1408K(110080K)] 409111K->300087K(726528K), 0.0020625 secs] [Times: user=0.01 sys=0.00, real=0.00 secs] 
2051.483: [GC (Allocation Failure) [PSYoungGen: 109952K->384K(108544K)] 408631K->300087K(724992K), 0.0019906 secs] [Times: user=0.01 sys=0.00, real=0.00 secs] 
2052.360: [GC (Allocation Failure) [PSYoungGen: 108416K->1421K(109568K)] 408119K->301132K(726016K), 0.0015005 secs] [Times: user=0.00 sys=0.00, real=0.00 secs] 
2052.982: [GC (Allocation Failure) [PSYoungGen: 108941K->1440K(108544K)] 408652K->301159K(724992K), 0.0020110 secs] [Times: user=0.01 sys=0.00, real=0.00 secs] 
2053.427: [GC (Allocation Failure) [PSYoungGen: 108448K->1344K(113152K)] 408167K->301071K(729600K), 0.0020985 secs] [Times: user=0.01 sys=0.00, real=0.00 secs] 
2055.230: [GC (Allocation Failure) [PSYoungGen: 112960K->1408K(117760K)] 412687K->301135K(734208K), 0.0037154 secs] [Times: user=0.01 sys=0.00, real=0.00 secs] 
2056.806: [GC (Allocation Failure) [PSYoungGen: 117632K->1376K(116736K)] 417359K->301103K(733184K), 0.0031477 secs] [Times: user=0.01 sys=0.00, real=0.01 secs] 
2058.879: [GC (Allocation Failure) [PSYoungGen: 116576K->1312K(115712K)] 416303K->301039K(732160K), 0.0037225 secs] [Times: user=0.01 sys=0.00, real=0.00 secs] 
2060.971: [GC (Allocation Failure) [PSYoungGen: 115488K->1408K(114688K)] 415215K->301135K(731136K), 0.0024725 secs] [Times: user=0.01 sys=0.01, real=0.00 secs] 
2061.750: [GC (Allocation Failure) [PSYoungGen: 114560K->1344K(114176K)] 414287K->301071K(730624K), 0.0022926 secs] [Times: user=0.01 sys=0.00, real=0.00 secs] 
2063.160: [GC (Allocation Failure) [PSYoungGen: 113982K->128K(112640K)] 413710K->299863K(729088K), 0.0016758 secs] [Times: user=0.00 sys=0.00, real=0.00 secs] 
2063.703: [GC (Allocation Failure) [PSYoungGen: 112256K->1376K(113152K)] 411991K->301119K(729600K), 0.0018758 secs] [Times: user=0.01 sys=0.00, real=0.00 secs] 
2064.641: [GC (Allocation Failure) [PSYoungGen: 112992K->1376K(112640K)] 412735K->301127K(729088K), 0.0017996 secs] [Times: user=0.01 sys=0.01, real=0.00 secs] 
2065.972: [GC (Allocation Failure) [PSYoungGen: 112480K->1440K(112128K)] 412231K->301191K(728576K), 0.0020269 secs] [Times: user=0.00 sys=0.00, real=0.00 secs] 
2066.587: [GC (Allocation Failure) [PSYoungGen: 112032K->1408K(111616K)] 411783K->301159K(728064K), 0.0020877 secs] [Times: user=0.01 sys=0.00, real=0.00 secs] 
2067.449: [GC (Allocation Failure) [PSYoungGen: 111488K->1408K(111104K)] 411239K->301167K(727552K), 0.0020894 secs] [Times: user=0.01 sys=0.00, real=0.00 secs] 
2069.308: [GC (Allocation Failure) [PSYoungGen: 110976K->1424K(110592K)] 410735K->301183K(727040K), 0.0042033 secs] [Times: user=0.01 sys=0.00, real=0.00 secs] 
2069.854: [GC (Allocation Failure) [PSYoungGen: 110480K->1376K(110080K)] 410239K->301135K(726528K), 0.0018365 secs] [Times: user=0.01 sys=0.00, real=0.00 secs] 
2070.908: [GC (Allocation Failure) [PSYoungGen: 109920K->1357K(109568K)] 409679K->301116K(726016K), 0.0015586 secs] [Times: user=0.01 sys=0.00, real=0.00 secs] 
2071.779: [GC (Allocation Failure) [PSYoungGen: 109389K->1408K(109056K)] 409148K->301167K(725504K), 0.0017994 secs] [Times: user=0.01 sys=0.00, real=0.00 secs] 
2072.671: [GC (Allocation Failure) [PSYoungGen: 108928K->1376K(108544K)] 408687K->301143K(724992K), 0.0020230 secs] [Times: user=0.01 sys=0.00, real=0.00 secs] 
2074.693: [GC (Allocation Failure) [PSYoungGen: 108384K->1440K(108032K)] 408151K->301207K(724480K), 0.0022833 secs] [Times: user=0.01 sys=0.00, real=0.00 secs] 
2075.577: [GC (Allocation Failure) [PSYoungGen: 107936K->1344K(107520K)] 407703K->301111K(723968K), 0.0018667 secs] [Times: user=0.01 sys=0.00, real=0.00 secs] 
2076.332: [GC (Allocation Failure) [PSYoungGen: 107328K->1408K(107008K)] 407095K->301175K(723456K), 0.0023172 secs] [Times: user=0.00 sys=0.00, real=0.00 secs] 
2077.720: [GC (Allocation Failure) [PSYoungGen: 106880K->1408K(106496K)] 406647K->301175K(722944K), 0.0019062 secs] [Times: user=0.00 sys=0.00, real=0.00 secs] 
2078.208: [GC (Allocation Failure) [PSYoungGen: 106368K->1376K(105984K)] 406135K->301143K(722432K), 0.0018130 secs] [Times: user=0.00 sys=0.00, real=0.00 secs] 
2078.642: [GC (Allocation Failure) [PSYoungGen: 105824K->1376K(110080K)] 405591K->301143K(726528K), 0.0019372 secs] [Times: user=0.00 sys=0.00, real=0.00 secs] 
2079.581: [GC (Allocation Failure) [PSYoungGen: 109920K->1440K(109568K)] 409687K->301207K(726016K), 0.0017995 secs] [Times: user=0.01 sys=0.00, real=0.00 secs] 
2080.030: [GC (Allocation Failure) [PSYoungGen: 109472K->1408K(114176K)] 409239K->301183K(730624K), 0.0018676 secs] [Times: user=0.00 sys=0.00, real=0.00 secs] 
2080.549: [GC (Allocation Failure) [PSYoungGen: 114048K->1344K(118784K)] 413823K->301119K(735232K), 0.0018540 secs] [Times: user=0.01 sys=0.00, real=0.00 secs] 
2082.781: [GC (Allocation Failure) [PSYoungGen: 118592K->1440K(117760K)] 418367K->301215K(734208K), 0.0027402 secs] [Times: user=0.00 sys=0.00, real=0.00 secs] 
2083.725: [GC (Allocation Failure) [PSYoungGen: 117664K->1408K(116736K)] 417439K->301183K(733184K), 0.0022064 secs] [Times: user=0.00 sys=0.01, real=0.01 secs] 
2085.082: [GC (Allocation Failure) [PSYoungGen: 116608K->1424K(115712K)] 416383K->301199K(732160K), 0.0018699 secs] [Times: user=0.01 sys=0.00, real=0.00 secs] 
2086.220: [GC (Allocation Failure) [PSYoungGen: 115600K->1392K(114688K)] 415375K->301167K(731136K), 0.0019406 secs] [Times: user=0.01 sys=0.00, real=0.00 secs] 
2087.163: [GC (Allocation Failure) [PSYoungGen: 114544K->1344K(114176K)] 414319K->301119K(730624K), 0.0021210 secs] [Times: user=0.01 sys=0.00, real=0.00 secs] 
2089.673: [GC (Allocation Failure) [PSYoungGen: 113984K->1440K(113664K)] 413759K->301215K(730112K), 0.0024083 secs] [Times: user=0.00 sys=0.00, real=0.00 secs] 
2091.059: [GC (Allocation Failure) [PSYoungGen: 113568K->1408K(113152K)] 413343K->301183K(729600K), 0.0028600 secs] [Times: user=0.01 sys=0.00, real=0.00 secs] 
2092.680: [GC (Allocation Failure) [PSYoungGen: 113024K->1357K(112640K)] 412799K->301140K(729088K), 0.0015335 secs] [Times: user=0.01 sys=0.00, real=0.00 secs] 
2093.919: [GC (Allocation Failure) [PSYoungGen: 112461K->1408K(112128K)] 412244K->301191K(728576K), 0.0021426 secs] [Times: user=0.01 sys=0.00, real=0.00 secs] 
2094.828: [GC (Allocation Failure) [PSYoungGen: 112000K->384K(110592K)] 411783K->301191K(727040K), 0.0020410 secs] [Times: user=0.01 sys=0.00, real=0.00 secs] 
2096.343: [GC (Allocation Failure) [PSYoungGen: 110464K->1376K(111616K)] 411271K->302183K(728064K), 0.0028660 secs] [Times: user=0.01 sys=0.00, real=0.00 secs] 
2097.528: [GC (Allocation Failure) [PSYoungGen: 110944K->1408K(110592K)] 411751K->302215K(727040K), 0.0033223 secs] [Times: user=0.01 sys=0.00, real=0.00 secs] 
2098.863: [GC (Allocation Failure) [PSYoungGen: 110464K->1408K(110080K)] 411271K->302215K(726528K), 0.0027924 secs] [Times: user=0.01 sys=0.00, real=0.00 secs] 
2100.296: [GC (Allocation Failure) [PSYoungGen: 109952K->1376K(109568K)] 410759K->302183K(726016K), 0.0018085 secs] [Times: user=0.00 sys=0.00, real=0.01 secs] 
2100.830: [GC (Allocation Failure) [PSYoungGen: 109408K->1328K(109056K)] 410215K->302135K(725504K), 0.0021401 secs] [Times: user=0.01 sys=0.00, real=0.00 secs] 
2101.483: [GC (Allocation Failure) [PSYoungGen: 108848K->1344K(108544K)] 409655K->302151K(724992K), 0.0016874 secs] [Times: user=0.01 sys=0.00, real=0.00 secs] 
2102.841: [GC (Allocation Failure) [PSYoungGen: 108352K->1376K(108032K)] 409159K->302183K(724480K), 0.0027971 secs] [Times: user=0.01 sys=0.00, real=0.00 secs] 
2103.292: [GC (Allocation Failure) [PSYoungGen: 107872K->1376K(107520K)] 408679K->302191K(723968K), 0.0019815 secs] [Times: user=0.01 sys=0.00, real=0.00 secs] 
2104.299: [GC (Allocation Failure) [PSYoungGen: 107360K->128K(105984K)] 408175K->300943K(722432K), 0.0014739 secs] [Times: user=0.00 sys=0.00, real=0.00 secs] 
2105.255: [GC (Allocation Failure) [PSYoungGen: 105600K->1376K(106496K)] 406415K->302191K(722944K), 0.0020647 secs] [Times: user=0.01 sys=0.00, real=0.01 secs] 
2106.625: [GC (Allocation Failure) [PSYoungGen: 106336K->1360K(105984K)] 407151K->302175K(722432K), 0.0025179 secs] [Times: user=0.01 sys=0.01, real=0.01 secs] 
2108.255: [GC (Allocation Failure) [PSYoungGen: 105808K->1408K(105472K)] 406623K->302223K(721920K), 0.0018233 secs] [Times: user=0.01 sys=0.00, real=0.01 secs] 
2108.687: [GC (Allocation Failure) [PSYoungGen: 105344K->1376K(104960K)] 406159K->302191K(721408K), 0.0018930 secs] [Times: user=0.01 sys=0.00, real=0.00 secs] 
2109.206: [GC (Allocation Failure) [PSYoungGen: 104800K->1376K(104448K)] 405615K->302191K(720896K), 0.0017241 secs] [Times: user=0.00 sys=0.00, real=0.01 secs] 
2110.492: [GC (Allocation Failure) [PSYoungGen: 104288K->1440K(103936K)] 405103K->302263K(720384K), 0.0020702 secs] [Times: user=0.01 sys=0.00, real=0.00 secs] 
2111.882: [GC (Allocation Failure) [PSYoungGen: 103840K->1376K(103424K)] 404663K->302207K(719872K), 0.0031967 secs] [Times: user=0.01 sys=0.00, real=0.00 secs] 
2113.082: [GC (Allocation Failure) [PSYoungGen: 103264K->1360K(102912K)] 404095K->302191K(719360K), 0.0032915 secs] [Times: user=0.01 sys=0.00, real=0.00 secs] 
2115.176: [GC (Allocation Failure) [PSYoungGen: 102736K->1408K(102400K)] 403567K->302239K(718848K), 0.0033298 secs] [Times: user=0.01 sys=0.00, real=0.01 secs] 
2116.674: [GC (Allocation Failure) [PSYoungGen: 102272K->1344K(101888K)] 403103K->302175K(718336K), 0.0035294 secs] [Times: user=0.02 sys=0.00, real=0.01 secs] 
2117.642: [GC (Allocation Failure) [PSYoungGen: 101696K->1376K(101376K)] 402527K->302207K(717824K), 0.0027036 secs] [Times: user=0.01 sys=0.00, real=0.00 secs] 
2119.643: [GC (Allocation Failure) [PSYoungGen: 101216K->1376K(100864K)] 402047K->302207K(717312K), 0.0069844 secs] [Times: user=0.02 sys=0.01, real=0.01 secs] 
2120.372: [GC (Allocation Failure) [PSYoungGen: 100704K->1408K(100352K)] 401535K->302239K(716800K), 0.0020415 secs] [Times: user=0.01 sys=0.00, real=0.00 secs] 
2120.782: [GC (Allocation Failure) [PSYoungGen: 100224K->1344K(104448K)] 401055K->302175K(720896K), 0.0019508 secs] [Times: user=0.01 sys=0.00, real=0.00 secs] 
2122.371: [GC (Allocation Failure) [PSYoungGen: 104256K->1344K(103936K)] 405087K->302175K(720384K), 0.0026562 secs] [Times: user=0.01 sys=0.01, real=0.00 secs] 
2124.114: [GC (Allocation Failure) [PSYoungGen: 103744K->1392K(103424K)] 404575K->302231K(719872K), 0.0038955 secs] [Times: user=0.01 sys=0.00, real=0.01 secs] 
2125.069: [GC (Allocation Failure) [PSYoungGen: 103280K->1376K(102912K)] 404119K->302215K(719360K), 0.0025969 secs] [Times: user=0.01 sys=0.00, real=0.00 secs] 
2126.317: [GC (Allocation Failure) [PSYoungGen: 102752K->1376K(102400K)] 403591K->302215K(718848K), 0.0019473 secs] [Times: user=0.00 sys=0.00, real=0.00 secs] 
2127.065: [GC (Allocation Failure) [PSYoungGen: 102240K->1376K(101888K)] 403079K->302215K(718336K), 0.0019785 secs] [Times: user=0.01 sys=0.00, real=0.01 secs] 
2127.619: [GC (Allocation Failure) [PSYoungGen: 101728K->1408K(101376K)] 402567K->302247K(717824K), 0.0021611 secs] [Times: user=0.01 sys=0.00, real=0.00 secs] 
2128.916: [GC (Allocation Failure) [PSYoungGen: 101248K->1440K(100864K)] 402087K->302279K(717312K), 0.0024634 secs] [Times: user=0.01 sys=0.00, real=0.01 secs] 
2130.214: [GC (Allocation Failure) [PSYoungGen: 100768K->1376K(100352K)] 401607K->302215K(716800K), 0.0028082 secs] [Times: user=0.01 sys=0.00, real=0.01 secs] 
2131.224: [GC (Allocation Failure) [PSYoungGen: 100192K->1376K(99840K)] 401031K->302215K(716288K), 0.0029404 secs] [Times: user=0.01 sys=0.00, real=0.01 secs] 
2132.794: [GC (Allocation Failure) [PSYoungGen: 99680K->1408K(99328K)] 400519K->302255K(715776K), 0.0026453 secs] [Times: user=0.00 sys=0.00, real=0.00 secs] 
2133.334: [GC (Allocation Failure) [PSYoungGen: 99200K->384K(97792K)] 400047K->302255K(714240K), 0.0026035 secs] [Times: user=0.01 sys=0.00, real=0.01 secs] 
2133.743: [GC (Allocation Failure) [PSYoungGen: 97664K->320K(103936K)] 399535K->302191K(720384K), 0.0017584 secs] [Times: user=0.01 sys=0.01, real=0.00 secs] 
2134.607: [GC (Allocation Failure) [PSYoungGen: 102208K->1440K(102912K)] 404079K->303311K(719360K), 0.0018578 secs] [Times: user=0.00 sys=0.00, real=0.00 secs] 
2135.044: [GC (Allocation Failure) [PSYoungGen: 102816K->1376K(107520K)] 404687K->303247K(723968K), 0.0018529 secs] [Times: user=0.01 sys=0.00, real=0.00 secs] 
2135.724: [GC (Allocation Failure) [PSYoungGen: 107360K->1360K(107008K)] 409231K->303231K(723456K), 0.0016812 secs] [Times: user=0.01 sys=0.00, real=0.00 secs] 
2137.438: [GC (Allocation Failure) [PSYoungGen: 106832K->1440K(106496K)] 408703K->303311K(722944K), 0.0039206 secs] [Times: user=0.02 sys=0.00, real=0.00 secs] 
2138.507: [GC (Allocation Failure) [PSYoungGen: 106400K->1408K(105984K)] 408271K->303279K(722432K), 0.0029973 secs] [Times: user=0.01 sys=0.00, real=0.00 secs] 
2139.811: [GC (Allocation Failure) [PSYoungGen: 105856K->1408K(105472K)] 407727K->303287K(721920K), 0.0027038 secs] [Times: user=0.01 sys=0.01, real=0.00 secs] 
2141.634: [GC (Allocation Failure) [PSYoungGen: 105344K->1440K(104960K)] 407223K->303327K(721408K), 0.0033388 secs] [Times: user=0.01 sys=0.00, real=0.01 secs] 
2142.370: [GC (Allocation Failure) [PSYoungGen: 104864K->1376K(104448K)] 406751K->303263K(720896K), 0.0020134 secs] [Times: user=0.01 sys=0.00, real=0.00 secs] 
2143.601: [GC (Allocation Failure) [PSYoungGen: 104288K->1389K(103936K)] 406175K->303276K(720384K), 0.0014704 secs] [Times: user=0.01 sys=0.00, real=0.00 secs] 
2146.480: [GC (Allocation Failure) [PSYoungGen: 103789K->1408K(103424K)] 405676K->303295K(719872K), 0.0037782 secs] [Times: user=0.01 sys=0.00, real=0.00 secs] 
2147.123: [GC (Allocation Failure) [PSYoungGen: 103296K->1376K(102912K)] 405183K->303263K(719360K), 0.0019594 secs] [Times: user=0.01 sys=0.00, real=0.00 secs] 
2148.265: [GC (Allocation Failure) [PSYoungGen: 102747K->160K(101376K)] 404635K->302047K(717824K), 0.0014549 secs] [Times: user=0.01 sys=0.00, real=0.01 secs] 
2148.957: [GC (Allocation Failure) [PSYoungGen: 101024K->1376K(101888K)] 402911K->303271K(718336K), 0.0019500 secs] [Times: user=0.01 sys=0.00, real=0.00 secs] 
2149.375: [GC (Allocation Failure) [PSYoungGen: 101728K->1408K(101376K)] 403623K->303303K(717824K), 0.0023684 secs] [Times: user=0.01 sys=0.00, real=0.01 secs] 
2150.343: [GC (Allocation Failure) [PSYoungGen: 101248K->1520K(100864K)] 403143K->303423K(717312K), 0.0017991 secs] [Times: user=0.00 sys=0.00, real=0.00 secs] 
2151.454: [GC (Allocation Failure) [PSYoungGen: 100848K->1408K(100352K)] 402751K->303319K(716800K), 0.0040891 secs] [Times: user=0.01 sys=0.00, real=0.01 secs] 
2152.392: [GC (Allocation Failure) [PSYoungGen: 100224K->1376K(99840K)] 402135K->303287K(716288K), 0.0021759 secs] [Times: user=0.01 sys=0.00, real=0.00 secs] 
2154.099: [GC (Allocation Failure) [PSYoungGen: 99680K->1376K(99328K)] 401591K->303287K(715776K), 0.0016203 secs] [Times: user=0.01 sys=0.00, real=0.00 secs] 
2156.361: [GC (Allocation Failure) [PSYoungGen: 99168K->1376K(98816K)] 401079K->303287K(715264K), 0.0033215 secs] [Times: user=0.01 sys=0.00, real=0.00 secs] 
2157.221: [GC (Allocation Failure) [PSYoungGen: 98656K->1408K(98304K)] 400567K->303319K(714752K), 0.0038542 secs] [Times: user=0.02 sys=0.00, real=0.00 secs] 
2158.392: [GC (Allocation Failure) [PSYoungGen: 98176K->1357K(97792K)] 400087K->303268K(714240K), 0.0014169 secs] [Times: user=0.00 sys=0.00, real=0.00 secs] 
2159.030: [GC (Allocation Failure) [PSYoungGen: 97613K->1408K(97280K)] 399524K->303319K(713728K), 0.0019833 secs] [Times: user=0.01 sys=0.00, real=0.00 secs] 
2159.499: [GC (Allocation Failure) [PSYoungGen: 97152K->1408K(96768K)] 399063K->303319K(713216K), 0.0021216 secs] [Times: user=0.01 sys=0.00, real=0.00 secs] 
2159.995: [GC (Allocation Failure) [PSYoungGen: 96640K->1392K(96256K)] 398551K->303303K(712704K), 0.0018038 secs] [Times: user=0.01 sys=0.00, real=0.01 secs] 
2161.680: [GC (Allocation Failure) [PSYoungGen: 96112K->1408K(95744K)] 398023K->303327K(712192K), 0.0021403 secs] [Times: user=0.00 sys=0.00, real=0.00 secs] 
2162.963: [GC (Allocation Failure) [PSYoungGen: 95616K->1344K(95232K)] 397535K->303263K(711680K), 0.0026250 secs] [Times: user=0.01 sys=0.00, real=0.00 secs] 
2163.927: [GC (Allocation Failure) [PSYoungGen: 95040K->1376K(94720K)] 396959K->303295K(711168K), 0.0026020 secs] [Times: user=0.01 sys=0.00, real=0.00 secs] 
2165.477: [GC (Allocation Failure) [PSYoungGen: 94560K->1376K(94208K)] 396479K->303295K(710656K), 0.0021816 secs] [Times: user=0.01 sys=0.00, real=0.00 secs] 
2166.696: [GC (Allocation Failure) [PSYoungGen: 94048K->1376K(93696K)] 395967K->303295K(710144K), 0.0026183 secs] [Times: user=0.01 sys=0.00, real=0.01 secs] 
2167.754: [GC (Allocation Failure) [PSYoungGen: 93536K->1376K(93184K)] 395455K->303295K(709632K), 0.0031464 secs] [Times: user=0.01 sys=0.00, real=0.01 secs] 
2169.156: [GC (Allocation Failure) [PSYoungGen: 93024K->1376K(92672K)] 394943K->303295K(709120K), 0.0018356 secs] [Times: user=0.01 sys=0.00, real=0.01 secs] 
2169.810: [GC (Allocation Failure) [PSYoungGen: 92512K->1376K(92160K)] 394431K->303295K(708608K), 0.0019230 secs] [Times: user=0.01 sys=0.00, real=0.00 secs] 
2170.514: [GC (Allocation Failure) [PSYoungGen: 92000K->1376K(91648K)] 393919K->303295K(708096K), 0.0022340 secs] [Times: user=0.01 sys=0.00, real=0.00 secs] 
2172.244: [GC (Allocation Failure) [PSYoungGen: 91488K->1424K(91136K)] 393407K->303351K(707584K), 0.0033129 secs] [Times: user=0.01 sys=0.00, real=0.01 secs] 
2173.526: [GC (Allocation Failure) [PSYoungGen: 91024K->1376K(90624K)] 392951K->303303K(707072K), 0.0029428 secs] [Times: user=0.01 sys=0.00, real=0.01 secs] 
2174.297: [GC (Allocation Failure) [PSYoungGen: 90464K->1408K(90112K)] 392391K->303335K(706560K), 0.0021859 secs] [Times: user=0.01 sys=0.00, real=0.00 secs] 
2175.123: [GC (Allocation Failure) [PSYoungGen: 89984K->365K(88576K)] 391911K->303316K(705024K), 0.0017100 secs] [Times: user=0.01 sys=0.00, real=0.00 secs] 
2176.873: [GC (Allocation Failure) [PSYoungGen: 88429K->1360K(89600K)] 391380K->304311K(706048K), 0.0020317 secs] [Times: user=0.01 sys=0.00, real=0.00 secs] 
2177.381: [GC (Allocation Failure) [PSYoungGen: 88912K->1376K(88576K)] 391863K->304327K(705024K), 0.0024787 secs] [Times: user=0.00 sys=0.00, real=0.00 secs] 
2178.103: [GC (Allocation Failure) [PSYoungGen: 88416K->1408K(88064K)] 391367K->304359K(704512K), 0.0022799 secs] [Times: user=0.01 sys=0.00, real=0.00 secs] 
2179.109: [GC (Allocation Failure) [PSYoungGen: 87936K->1408K(87552K)] 390887K->304367K(704000K), 0.0017963 secs] [Times: user=0.01 sys=0.00, real=0.00 secs] 
2179.837: [GC (Allocation Failure) [PSYoungGen: 87424K->1408K(87040K)] 390383K->304367K(703488K), 0.0035024 secs] [Times: user=0.01 sys=0.01, real=0.00 secs] 
2180.599: [GC (Allocation Failure) [PSYoungGen: 86912K->1408K(86528K)] 389871K->304375K(702976K), 0.0024330 secs] [Times: user=0.01 sys=0.00, real=0.00 secs] 
2181.787: [GC (Allocation Failure) [PSYoungGen: 86400K->1389K(86016K)] 389367K->304356K(702464K), 0.0016071 secs] [Times: user=0.01 sys=0.00, real=0.00 secs] 
2182.347: [GC (Allocation Failure) [PSYoungGen: 85869K->1440K(85504K)] 388836K->304407K(701952K), 0.0017617 secs] [Times: user=0.01 sys=0.00, real=0.00 secs] 
2182.729: [GC (Allocation Failure) [PSYoungGen: 85408K->1376K(89600K)] 388375K->304343K(706048K), 0.0028935 secs] [Times: user=0.01 sys=0.00, real=0.00 secs] 
2183.430: [GC (Allocation Failure) [PSYoungGen: 89440K->1360K(94208K)] 392407K->304327K(710656K), 0.0029640 secs] [Times: user=0.01 sys=0.00, real=0.00 secs] 
2184.952: [GC (Allocation Failure) [PSYoungGen: 94032K->1424K(98304K)] 396999K->304399K(714752K), 0.0023217 secs] [Times: user=0.01 sys=0.00, real=0.00 secs] 
2186.218: [GC (Allocation Failure) [PSYoungGen: 98192K->1376K(97792K)] 401167K->304351K(714240K), 0.0029634 secs] [Times: user=0.01 sys=0.00, real=0.00 secs] 
2187.123: [GC (Allocation Failure) [PSYoungGen: 97632K->1376K(97280K)] 400607K->304351K(713728K), 0.0031906 secs] [Times: user=0.01 sys=0.00, real=0.00 secs] 
2188.259: [GC (Allocation Failure) [PSYoungGen: 97120K->1408K(96768K)] 400095K->304383K(713216K), 0.0016334 secs] [Times: user=0.00 sys=0.00, real=0.00 secs] 
2188.753: [GC (Allocation Failure) [PSYoungGen: 96640K->1376K(102400K)] 399615K->304359K(718848K), 0.0049955 secs] [Times: user=0.02 sys=0.00, real=0.01 secs] 
2189.662: [GC (Allocation Failure) [PSYoungGen: 102240K->1408K(107520K)] 405223K->304391K(723968K), 0.0017419 secs] [Times: user=0.01 sys=0.00, real=0.00 secs] 
2191.095: [GC (Allocation Failure) [PSYoungGen: 107392K->1440K(107008K)] 410375K->304423K(723456K), 0.0020167 secs] [Times: user=0.00 sys=0.00, real=0.01 secs] 
2192.084: [GC (Allocation Failure) [PSYoungGen: 106912K->1376K(106496K)] 409895K->304359K(722944K), 0.0023488 secs] [Times: user=0.00 sys=0.00, real=0.01 secs] 
2193.237: [GC (Allocation Failure) [PSYoungGen: 106336K->1376K(105984K)] 409319K->304359K(722432K), 0.0026734 secs] [Times: user=0.01 sys=0.00, real=0.00 secs] 
2195.320: [GC (Allocation Failure) [PSYoungGen: 105824K->1440K(105472K)] 408807K->304423K(721920K), 0.0024664 secs] [Times: user=0.01 sys=0.00, real=0.00 secs] 
2196.277: [GC (Allocation Failure) [PSYoungGen: 105376K->1376K(104960K)] 408359K->304359K(721408K), 0.0025139 secs] [Times: user=0.01 sys=0.00, real=0.00 secs] 
2197.374: [GC (Allocation Failure) [PSYoungGen: 104800K->384K(103424K)] 407783K->304391K(719872K), 0.0021753 secs] [Times: user=0.01 sys=0.00, real=0.00 secs] 
2198.734: [GC (Allocation Failure) [PSYoungGen: 103296K->1440K(104448K)] 407303K->305447K(720896K), 0.0020735 secs] [Times: user=0.01 sys=0.00, real=0.00 secs] 
2199.587: [GC (Allocation Failure) [PSYoungGen: 103840K->1376K(103424K)] 407847K->305383K(719872K), 0.0021037 secs] [Times: user=0.01 sys=0.00, real=0.00 secs] 
2200.147: [GC (Allocation Failure) [PSYoungGen: 103264K->1376K(102912K)] 407271K->305383K(719360K), 0.0019809 secs] [Times: user=0.01 sys=0.00, real=0.00 secs] 
2202.940: [GC (Allocation Failure) [PSYoungGen: 102752K->1408K(102400K)] 406759K->305423K(718848K), 0.0039756 secs] [Times: user=0.01 sys=0.00, real=0.00 secs] 
2204.191: [GC (Allocation Failure) [PSYoungGen: 102272K->1328K(101888K)] 406287K->305343K(718336K), 0.0026818 secs] [Times: user=0.01 sys=0.00, real=0.00 secs] 
2204.753: [GC (Allocation Failure) [PSYoungGen: 101660K->1312K(101376K)] 405676K->305327K(717824K), 0.0018061 secs] [Times: user=0.01 sys=0.00, real=0.00 secs] 
2206.072: [GC (Allocation Failure) [PSYoungGen: 101152K->1440K(100864K)] 405167K->305455K(717312K), 0.0038994 secs] [Times: user=0.01 sys=0.00, real=0.00 secs] 
2206.963: [GC (Allocation Failure) [PSYoungGen: 100768K->1408K(100352K)] 404783K->305423K(716800K), 0.0026993 secs] [Times: user=0.01 sys=0.00, real=0.00 secs] 
2207.447: [GC (Allocation Failure) [PSYoungGen: 100224K->1360K(99840K)] 404239K->305375K(716288K), 0.0019714 secs] [Times: user=0.01 sys=0.00, real=0.00 secs] 
2210.153: [GC (Allocation Failure) [PSYoungGen: 99664K->1440K(99328K)] 403679K->305455K(715776K), 0.0031438 secs] [Times: user=0.01 sys=0.00, real=0.00 secs] 
2211.283: [GC (Allocation Failure) [PSYoungGen: 99232K->1376K(98816K)] 403247K->305391K(715264K), 0.0028008 secs] [Times: user=0.01 sys=0.00, real=0.00 secs] 
2212.307: [GC (Allocation Failure) [PSYoungGen: 98656K->1344K(98304K)] 402671K->305359K(714752K), 0.0022074 secs] [Times: user=0.01 sys=0.00, real=0.00 secs] 
2214.099: [GC (Allocation Failure) [PSYoungGen: 98112K->1376K(97792K)] 402127K->305407K(714240K), 0.0025974 secs] [Times: user=0.01 sys=0.00, real=0.00 secs] 
2215.206: [GC (Allocation Failure) [PSYoungGen: 97632K->1376K(97280K)] 401663K->305407K(713728K), 0.0034525 secs] [Times: user=0.01 sys=0.01, real=0.01 secs] 
2216.166: [GC (Allocation Failure) [PSYoungGen: 97120K->1376K(96768K)] 401151K->305407K(713216K), 0.0024486 secs] [Times: user=0.00 sys=0.00, real=0.01 secs] 
2217.756: [GC (Allocation Failure) [PSYoungGen: 96608K->1408K(96256K)] 400639K->305439K(712704K), 0.0019054 secs] [Times: user=0.01 sys=0.00, real=0.01 secs] 
2218.868: [GC (Allocation Failure) [PSYoungGen: 96128K->1328K(95744K)] 400159K->305359K(712192K), 0.0020794 secs] [Times: user=0.00 sys=0.01, real=0.00 secs] 
2219.614: [GC (Allocation Failure) [PSYoungGen: 95536K->352K(94208K)] 399567K->305407K(710656K), 0.0024236 secs] [Times: user=0.01 sys=0.00, real=0.00 secs] 
2222.267: [GC (Allocation Failure) [PSYoungGen: 94048K->1392K(95232K)] 399103K->306455K(711680K), 0.0039273 secs] [Times: user=0.01 sys=0.00, real=0.00 secs] 
2223.339: [GC (Allocation Failure) [PSYoungGen: 94576K->1344K(94208K)] 399639K->306407K(710656K), 0.0030515 secs] [Times: user=0.01 sys=0.00, real=0.00 secs] 
2224.057: [GC (Allocation Failure) [PSYoungGen: 94016K->1312K(93696K)] 399079K->306375K(710144K), 0.0029167 secs] [Times: user=0.01 sys=0.01, real=0.00 secs] 
2225.411: [GC (Allocation Failure) [PSYoungGen: 93472K->1376K(93184K)] 398535K->306439K(709632K), 0.0019692 secs] [Times: user=0.01 sys=0.00, real=0.00 secs] 
2226.083: [GC (Allocation Failure) [PSYoungGen: 93024K->1344K(92672K)] 398087K->306407K(709120K), 0.0020492 secs] [Times: user=0.01 sys=0.00, real=0.00 secs] 
2226.561: [GC (Allocation Failure) [PSYoungGen: 92480K->1360K(97280K)] 397543K->306423K(713728K), 0.0032423 secs] [Times: user=0.01 sys=0.00, real=0.00 secs] 
2227.829: [GC (Allocation Failure) [PSYoungGen: 97104K->1408K(96768K)] 402167K->306471K(713216K), 0.0017433 secs] [Times: user=0.01 sys=0.00, real=0.00 secs] 
2228.668: [GC (Allocation Failure) [PSYoungGen: 96640K->1376K(96256K)] 401703K->306439K(712704K), 0.0029500 secs] [Times: user=0.01 sys=0.00, real=0.00 secs] 
2229.623: [GC (Allocation Failure) [PSYoungGen: 96096K->1376K(95744K)] 401159K->306439K(712192K), 0.0028532 secs] [Times: user=0.01 sys=0.00, real=0.00 secs] 
2231.183: [GC (Allocation Failure) [PSYoungGen: 95584K->256K(94208K)] 400647K->305319K(710656K), 0.0015506 secs] [Times: user=0.01 sys=0.00, real=0.00 secs] 
2232.739: [GC (Allocation Failure) [PSYoungGen: 93952K->1376K(95232K)] 399015K->306447K(711680K), 0.0019674 secs] [Times: user=0.01 sys=0.00, real=0.00 secs] 
2234.015: [GC (Allocation Failure) [PSYoungGen: 94560K->1440K(94208K)] 399631K->306511K(710656K), 0.0048181 secs] [Times: user=0.02 sys=0.00, real=0.01 secs] 
2234.883: [GC (Allocation Failure) [PSYoungGen: 94112K->1376K(93696K)] 399183K->306447K(710144K), 0.0030617 secs] [Times: user=0.01 sys=0.00, real=0.00 secs] 
2236.806: [GC (Allocation Failure) [PSYoungGen: 93536K->1408K(93184K)] 398607K->306479K(709632K), 0.0019537 secs] [Times: user=0.00 sys=0.00, real=0.01 secs] 
2237.948: [GC (Allocation Failure) [PSYoungGen: 93056K->1376K(92672K)] 398127K->306447K(709120K), 0.0023905 secs] [Times: user=0.01 sys=0.00, real=0.00 secs] 
2238.736: [GC (Allocation Failure) [PSYoungGen: 92512K->1376K(92160K)] 397583K->306447K(708608K), 0.0026095 secs] [Times: user=0.01 sys=0.00, real=0.01 secs] 
2239.626: [GC (Allocation Failure) [PSYoungGen: 92000K->1408K(91648K)] 397071K->306479K(708096K), 0.0020219 secs] [Times: user=0.00 sys=0.00, real=0.01 secs] 
2240.000: [GC (Allocation Failure) [PSYoungGen: 91520K->1312K(97280K)] 396591K->306383K(713728K), 0.0044933 secs] [Times: user=0.02 sys=0.00, real=0.00 secs] 
2240.398: [GC (Allocation Failure) [PSYoungGen: 97056K->1376K(102912K)] 402127K->306455K(719360K), 0.0018535 secs] [Times: user=0.00 sys=0.00, real=0.00 secs] 
2241.323: [GC (Allocation Failure) [PSYoungGen: 102752K->1376K(108032K)] 407831K->306455K(724480K), 0.0015676 secs] [Times: user=0.01 sys=0.00, real=0.00 secs] 
2241.964: [GC (Allocation Failure) [PSYoungGen: 107872K->1312K(113152K)] 412951K->306391K(729600K), 0.0019826 secs] [Times: user=0.01 sys=0.00, real=0.00 secs] 
2242.797: [GC (Allocation Failure) [PSYoungGen: 112928K->1344K(112640K)] 418007K->306423K(729088K), 0.0018281 secs] [Times: user=0.00 sys=0.00, real=0.00 secs] 
2244.093: [GC (Allocation Failure) [PSYoungGen: 112448K->1376K(112128K)] 417527K->306455K(728576K), 0.0019901 secs] [Times: user=0.00 sys=0.00, real=0.00 secs] 
2245.202: [GC (Allocation Failure) [PSYoungGen: 111968K->1376K(111616K)] 417047K->306455K(728064K), 0.0029381 secs] [Times: user=0.01 sys=0.00, real=0.00 secs] 
2246.457: [GC (Allocation Failure) [PSYoungGen: 111456K->1357K(111104K)] 416535K->306436K(727552K), 0.0016886 secs] [Times: user=0.00 sys=0.00, real=0.00 secs] 
2247.490: [GC (Allocation Failure) [PSYoungGen: 110925K->1408K(110592K)] 416004K->306487K(727040K), 0.0029578 secs] [Times: user=0.01 sys=0.00, real=0.00 secs] 
2248.352: [GC (Allocation Failure) [PSYoungGen: 110464K->1408K(110080K)] 415543K->306487K(726528K), 0.0024593 secs] [Times: user=0.01 sys=0.00, real=0.00 secs] 
2249.746: [GC (Allocation Failure) [PSYoungGen: 109952K->1376K(109568K)] 415031K->306463K(726016K), 0.0017869 secs] [Times: user=0.01 sys=0.00, real=0.01 secs] 
2251.081: [GC (Allocation Failure) [PSYoungGen: 109408K->1328K(109056K)] 414495K->306415K(725504K), 0.0035211 secs] [Times: user=0.01 sys=0.00, real=0.00 secs] 
2252.449: [GC (Allocation Failure) [PSYoungGen: 108848K->1344K(108544K)] 413935K->306431K(724992K), 0.0032156 secs] [Times: user=0.01 sys=0.00, real=0.00 secs] 
2253.903: [GC (Allocation Failure) [PSYoungGen: 108352K->1472K(108032K)] 413439K->306559K(724480K), 0.0019307 secs] [Times: user=0.01 sys=0.01, real=0.00 secs] 
2255.296: [GC (Allocation Failure) [PSYoungGen: 107968K->320K(106496K)] 413055K->306431K(722944K), 0.0030111 secs] [Times: user=0.01 sys=0.00, real=0.01 secs] 
2256.188: [GC (Allocation Failure) [PSYoungGen: 106304K->352K(107520K)] 412415K->306463K(723968K), 0.0024131 secs] [Times: user=0.01 sys=0.00, real=0.00 secs] 
2257.405: [GC (Allocation Failure) [PSYoungGen: 105824K->1408K(106496K)] 411935K->307519K(722944K), 0.0023942 secs] [Times: user=0.01 sys=0.00, real=0.01 secs] 
2257.928: [GC (Allocation Failure) [PSYoungGen: 106368K->1328K(105984K)] 412479K->307439K(722432K), 0.0020331 secs] [Times: user=0.01 sys=0.00, real=0.00 secs] 
2258.417: [GC (Allocation Failure) [PSYoungGen: 105776K->1344K(105472K)] 411887K->307455K(721920K), 0.0019044 secs] [Times: user=0.01 sys=0.00, real=0.00 secs] 
2259.341: [GC (Allocation Failure) [PSYoungGen: 105280K->1408K(104960K)] 411391K->307519K(721408K), 0.0019240 secs] [Times: user=0.00 sys=0.00, real=0.00 secs] 
2259.852: [GC (Allocation Failure) [PSYoungGen: 104832K->1376K(104448K)] 410943K->307487K(720896K), 0.0017758 secs] [Times: user=0.01 sys=0.00, real=0.00 secs] 
2260.923: [GC (Allocation Failure) [PSYoungGen: 104288K->1389K(103936K)] 410399K->307508K(720384K), 0.0015946 secs] [Times: user=0.00 sys=0.00, real=0.00 secs] 
2262.684: [GC (Allocation Failure) [PSYoungGen: 103789K->1440K(103424K)] 409908K->307559K(719872K), 0.0037623 secs] [Times: user=0.02 sys=0.00, real=0.01 secs] 
2263.979: [GC (Allocation Failure) [PSYoungGen: 103328K->1408K(102912K)] 409447K->307527K(719360K), 0.0030917 secs] [Times: user=0.01 sys=0.00, real=0.00 secs] 
2265.445: [GC (Allocation Failure) [PSYoungGen: 102784K->1357K(102400K)] 408903K->307476K(718848K), 0.0015969 secs] [Times: user=0.01 sys=0.00, real=0.01 secs] 
2266.708: [GC (Allocation Failure) [PSYoungGen: 102221K->1440K(101888K)] 408340K->307559K(718336K), 0.0026960 secs] [Times: user=0.01 sys=0.00, real=0.00 secs] 
2267.867: [GC (Allocation Failure) [PSYoungGen: 101792K->1344K(101376K)] 407911K->307463K(717824K), 0.0025056 secs] [Times: user=0.01 sys=0.00, real=0.00 secs] 
2269.192: [GC (Allocation Failure) [PSYoungGen: 101184K->128K(99840K)] 407303K->306247K(716288K), 0.0014584 secs] [Times: user=0.01 sys=0.00, real=0.00 secs] 
2270.649: [GC (Allocation Failure) [PSYoungGen: 99456K->1408K(100352K)] 405575K->307527K(716800K), 0.0031092 secs] [Times: user=0.01 sys=0.00, real=0.00 secs] 
2271.287: [GC (Allocation Failure) [PSYoungGen: 100224K->1344K(99840K)] 406343K->307471K(716288K), 0.0020712 secs] [Times: user=0.00 sys=0.00, real=0.00 secs] 
2272.350: [GC (Allocation Failure) [PSYoungGen: 99648K->1357K(99328K)] 405775K->307484K(715776K), 0.0016120 secs] [Times: user=0.01 sys=0.00, real=0.00 secs] 
2273.762: [GC (Allocation Failure) [PSYoungGen: 99149K->1408K(98816K)] 405276K->307535K(715264K), 0.0027991 secs] [Times: user=0.01 sys=0.00, real=0.00 secs] 
2274.936: [GC (Allocation Failure) [PSYoungGen: 98688K->1376K(98304K)] 404815K->307503K(714752K), 0.0025359 secs] [Times: user=0.01 sys=0.00, real=0.01 secs] 
2276.310: [GC (Allocation Failure) [PSYoungGen: 98144K->1357K(97792K)] 404271K->307484K(714240K), 0.0015765 secs] [Times: user=0.01 sys=0.00, real=0.00 secs] 
2277.667: [GC (Allocation Failure) [PSYoungGen: 97613K->1408K(97280K)] 403740K->307535K(713728K), 0.0029350 secs] [Times: user=0.01 sys=0.00, real=0.00 secs] 
2278.850: [GC (Allocation Failure) [PSYoungGen: 97152K->1360K(96768K)] 403279K->307487K(713216K), 0.0034102 secs] [Times: user=0.01 sys=0.00, real=0.00 secs] 
2279.874: [GC (Allocation Failure) [PSYoungGen: 96592K->1376K(96256K)] 402719K->307503K(712704K), 0.0032179 secs] [Times: user=0.01 sys=0.00, real=0.01 secs] 
2280.851: [GC (Allocation Failure) [PSYoungGen: 96096K->1392K(95744K)] 402223K->307519K(712192K), 0.0020222 secs] [Times: user=0.01 sys=0.00, real=0.00 secs] 
2281.591: [GC (Allocation Failure) [PSYoungGen: 95600K->1408K(95232K)] 401727K->307535K(711680K), 0.0023122 secs] [Times: user=0.01 sys=0.00, real=0.00 secs] 
2282.281: [GC (Allocation Failure) [PSYoungGen: 95104K->1408K(94720K)] 401231K->307543K(711168K), 0.0024758 secs] [Times: user=0.01 sys=0.00, real=0.00 secs] 
2283.388: [GC (Allocation Failure) [PSYoungGen: 94592K->1408K(94208K)] 400727K->307543K(710656K), 0.0018020 secs] [Times: user=0.00 sys=0.00, real=0.00 secs] 
2283.890: [GC (Allocation Failure) [PSYoungGen: 94080K->1408K(93696K)] 400215K->307543K(710144K), 0.0037939 secs] [Times: user=0.01 sys=0.00, real=0.00 secs] 
2284.743: [GC (Allocation Failure) [PSYoungGen: 93568K->1376K(93184K)] 399703K->307511K(709632K), 0.0030401 secs] [Times: user=0.02 sys=0.00, real=0.00 secs] 
2286.939: [GC (Allocation Failure) [PSYoungGen: 93024K->1424K(92672K)] 399159K->307559K(709120K), 0.0063726 secs] [Times: user=0.02 sys=0.01, real=0.00 secs] 
2288.411: [GC (Allocation Failure) [PSYoungGen: 92560K->1376K(92160K)] 398695K->307511K(708608K), 0.0031809 secs] [Times: user=0.01 sys=0.00, real=0.00 secs] 
2288.876: [GC (Allocation Failure) [PSYoungGen: 92000K->1360K(91648K)] 398135K->307495K(708096K), 0.0022331 secs] [Times: user=0.01 sys=0.00, real=0.01 secs] 
2290.019: [GC (Allocation Failure) [PSYoungGen: 91472K->1424K(91136K)] 397607K->307559K(707584K), 0.0018011 secs] [Times: user=0.01 sys=0.00, real=0.00 secs] 
2291.183: [GC (Allocation Failure) [PSYoungGen: 91024K->1376K(90624K)] 397159K->307519K(707072K), 0.0043037 secs] [Times: user=0.01 sys=0.00, real=0.01 secs] 
2292.294: [GC (Allocation Failure) [PSYoungGen: 90464K->1392K(90112K)] 396607K->307535K(706560K), 0.0030738 secs] [Times: user=0.01 sys=0.00, real=0.01 secs] 
2292.970: [GC (Allocation Failure) [PSYoungGen: 89968K->1424K(89600K)] 396111K->307567K(706048K), 0.0023655 secs] [Times: user=0.01 sys=0.00, real=0.00 secs] 
2296.898: [GC (Allocation Failure) [PSYoungGen: 89488K->1456K(89088K)] 395631K->307599K(705536K), 0.0032201 secs] [Times: user=0.01 sys=0.00, real=0.00 secs] 
2297.702: [GC (Allocation Failure) [PSYoungGen: 89008K->1424K(88576K)] 395151K->307567K(705024K), 0.0028267 secs] [Times: user=0.01 sys=0.00, real=0.00 secs] 
2298.676: [GC (Allocation Failure) [PSYoungGen: 88464K->1328K(88064K)] 394607K->307471K(704512K), 0.0032031 secs] [Times: user=0.01 sys=0.00, real=0.01 secs] 
2300.204: [GC (Allocation Failure) [PSYoungGen: 87856K->1456K(87552K)] 393999K->307599K(704000K), 0.0034678 secs] [Times: user=0.01 sys=0.00, real=0.01 secs] 
2300.738: [GC (Allocation Failure) [PSYoungGen: 87472K->1360K(87040K)] 393615K->307511K(703488K), 0.0018343 secs] [Times: user=0.01 sys=0.00, real=0.00 secs] 
2301.093: [GC (Allocation Failure) [PSYoungGen: 86864K->1392K(86528K)] 393015K->307543K(702976K), 0.0020893 secs] [Times: user=0.01 sys=0.00, real=0.00 secs] 
2301.706: [GC (Allocation Failure) [PSYoungGen: 86384K->1309K(86016K)] 392535K->307460K(702464K), 0.0015270 secs] [Times: user=0.00 sys=0.00, real=0.01 secs] 
2302.280: [GC (Allocation Failure) [PSYoungGen: 85789K->1424K(85504K)] 391940K->307583K(701952K), 0.0019509 secs] [Times: user=0.00 sys=0.00, real=0.00 secs] 
2302.630: [GC (Allocation Failure) [PSYoungGen: 85392K->1408K(89600K)] 391551K->307591K(706048K), 0.0018320 secs] [Times: user=0.01 sys=0.00, real=0.00 secs] 
2302.995: [GC (Allocation Failure) [PSYoungGen: 89472K->1376K(94208K)] 395655K->307559K(710656K), 0.0018892 secs] [Times: user=0.01 sys=0.00, real=0.01 secs] 
2304.250: [GC (Allocation Failure) [PSYoungGen: 94048K->1424K(93696K)] 400231K->307607K(710144K), 0.0025623 secs] [Times: user=0.01 sys=0.00, real=0.00 secs] 
2305.859: [GC (Allocation Failure) [PSYoungGen: 93584K->1344K(93184K)] 399767K->307535K(709632K), 0.0044564 secs] [Times: user=0.02 sys=0.00, real=0.00 secs] 
2307.401: [GC (Allocation Failure) [PSYoungGen: 92992K->320K(91648K)] 399183K->307535K(708096K), 0.0034680 secs] [Times: user=0.01 sys=0.00, real=0.00 secs] 
2308.555: [GC (Allocation Failure) [PSYoungGen: 91456K->1376K(92672K)] 398671K->308591K(709120K), 0.0019198 secs] [Times: user=0.01 sys=0.00, real=0.01 secs] 
2310.341: [GC (Allocation Failure) [PSYoungGen: 92000K->1408K(91648K)] 399215K->308623K(708096K), 0.0035455 secs] [Times: user=0.02 sys=0.00, real=0.00 secs] 
2311.018: [GC (Allocation Failure) [PSYoungGen: 91520K->1376K(91136K)] 398735K->308599K(707584K), 0.0021362 secs] [Times: user=0.01 sys=0.00, real=0.00 secs] 
2311.645: [GC (Allocation Failure) [PSYoungGen: 90976K->1389K(90624K)] 398199K->308612K(707072K), 0.0014383 secs] [Times: user=0.00 sys=0.00, real=0.00 secs] 
2313.613: [GC (Allocation Failure) [PSYoungGen: 90477K->1408K(90112K)] 397700K->308631K(706560K), 0.0044565 secs] [Times: user=0.02 sys=0.00, real=0.01 secs] 
2314.521: [GC (Allocation Failure) [PSYoungGen: 89984K->1376K(89600K)] 397207K->308599K(706048K), 0.0026297 secs] [Times: user=0.01 sys=0.00, real=0.00 secs] 
2315.216: [GC (Allocation Failure) [PSYoungGen: 89440K->1376K(89088K)] 396663K->308599K(705536K), 0.0032564 secs] [Times: user=0.02 sys=0.00, real=0.01 secs] 
2316.470: [GC (Allocation Failure) [PSYoungGen: 88928K->1408K(88576K)] 396151K->308631K(705024K), 0.0018649 secs] [Times: user=0.01 sys=0.00, real=0.00 secs] 
2316.992: [GC (Allocation Failure) [PSYoungGen: 88448K->1376K(88064K)] 395671K->308599K(704512K), 0.0021887 secs] [Times: user=0.01 sys=0.00, real=0.00 secs] 
2317.648: [GC (Allocation Failure) [PSYoungGen: 87904K->1344K(87552K)] 395127K->308567K(704000K), 0.0021976 secs] [Times: user=0.01 sys=0.00, real=0.00 secs] 
2319.037: [GC (Allocation Failure) [PSYoungGen: 87360K->1408K(87040K)] 394583K->308631K(703488K), 0.0017166 secs] [Times: user=0.01 sys=0.00, real=0.00 secs] 
2319.435: [GC (Allocation Failure) [PSYoungGen: 86912K->1344K(86528K)] 394135K->308567K(702976K), 0.0017519 secs] [Times: user=0.01 sys=0.00, real=0.01 secs] 
2319.840: [GC (Allocation Failure) [PSYoungGen: 86336K->1376K(86016K)] 393559K->308599K(702464K), 0.0019374 secs] [Times: user=0.00 sys=0.00, real=0.00 secs] 
2320.237: [GC (Allocation Failure) [PSYoungGen: 85856K->1344K(85504K)] 393079K->308583K(701952K), 0.0018296 secs] [Times: user=0.01 sys=0.00, real=0.00 secs] 
2321.305: [GC (Allocation Failure) [PSYoungGen: 85312K->1360K(84992K)] 392551K->308599K(701440K), 0.0018511 secs] [Times: user=0.01 sys=0.00, real=0.01 secs] 
2322.108: [GC (Allocation Failure) [PSYoungGen: 84816K->1408K(84480K)] 392055K->308647K(700928K), 0.0028074 secs] [Times: user=0.01 sys=0.00, real=0.00 secs] 
2322.743: [GC (Allocation Failure) [PSYoungGen: 84352K->1408K(83968K)] 391591K->308647K(700416K), 0.0020362 secs] [Times: user=0.00 sys=0.00, real=0.00 secs] 
2323.605: [GC (Allocation Failure) [PSYoungGen: 83840K->480K(82432K)] 391079K->308879K(698880K), 0.0017037 secs] [Times: user=0.00 sys=0.00, real=0.01 secs] 
2323.997: [GC (Allocation Failure) [PSYoungGen: 82400K->352K(83456K)] 390799K->308751K(699904K), 0.0018774 secs] [Times: user=0.01 sys=0.00, real=0.00 secs] 
2324.673: [GC (Allocation Failure) [PSYoungGen: 81760K->384K(81408K)] 390159K->308783K(697856K), 0.0019621 secs] [Times: user=0.00 sys=0.00, real=0.00 secs] 
2325.316: [GC (Allocation Failure) [PSYoungGen: 81280K->384K(82432K)] 389679K->308783K(698880K), 0.0030215 secs] [Times: user=0.01 sys=0.00, real=0.01 secs] 
2326.588: [GC (Allocation Failure) [PSYoungGen: 80768K->1376K(81408K)] 389167K->309783K(697856K), 0.0020251 secs] [Times: user=0.01 sys=0.00, real=0.00 secs] 
2327.359: [GC (Allocation Failure) [PSYoungGen: 81248K->1376K(80896K)] 389655K->309783K(697344K), 0.0032073 secs] [Times: user=0.02 sys=0.00, real=0.00 secs] 
2328.076: [GC (Allocation Failure) [PSYoungGen: 80736K->1376K(80384K)] 389143K->309783K(696832K), 0.0024762 secs] [Times: user=0.00 sys=0.01, real=0.01 secs] 
2328.688: [GC (Allocation Failure) [PSYoungGen: 80224K->1328K(79872K)] 388631K->309735K(696320K), 0.0020622 secs] [Times: user=0.01 sys=0.00, real=0.00 secs] 
2329.772: [GC (Allocation Failure) [PSYoungGen: 79664K->1440K(79872K)] 388071K->309847K(696320K), 0.0016715 secs] [Times: user=0.01 sys=0.00, real=0.00 secs] 
2330.513: [GC (Allocation Failure) [PSYoungGen: 79776K->1408K(79872K)] 388183K->309815K(696320K), 0.0020440 secs] [Times: user=0.01 sys=0.00, real=0.00 secs] 
2330.946: [GC (Allocation Failure) [PSYoungGen: 79744K->1376K(79872K)] 388151K->309783K(696320K), 0.0019733 secs] [Times: user=0.01 sys=0.00, real=0.01 secs] 
2331.361: [GC (Allocation Failure) [PSYoungGen: 79712K->1357K(79872K)] 388119K->309764K(696320K), 0.0015804 secs] [Times: user=0.01 sys=0.00, real=0.00 secs] 
2333.137: [GC (Allocation Failure) [PSYoungGen: 79693K->1408K(79872K)] 388100K->309815K(696320K), 0.0024851 secs] [Times: user=0.01 sys=0.00, real=0.00 secs] 
2333.887: [GC (Allocation Failure) [PSYoungGen: 79744K->1360K(79872K)] 388151K->309767K(696320K), 0.0026374 secs] [Times: user=0.01 sys=0.00, real=0.00 secs] 
2334.519: [GC (Allocation Failure) [PSYoungGen: 79696K->1344K(79872K)] 388103K->309751K(696320K), 0.0024453 secs] [Times: user=0.01 sys=0.00, real=0.00 secs] 
2335.304: [GC (Allocation Failure) [PSYoungGen: 79680K->160K(78848K)] 388087K->308567K(695296K), 0.0014470 secs] [Times: user=0.00 sys=0.00, real=0.00 secs] 
2336.119: [GC (Allocation Failure) [PSYoungGen: 78496K->1360K(79872K)] 386903K->309767K(696320K), 0.0020538 secs] [Times: user=0.01 sys=0.00, real=0.00 secs] 
2336.870: [GC (Allocation Failure) [PSYoungGen: 79696K->1408K(79872K)] 388103K->309815K(696320K), 0.0023518 secs] [Times: user=0.01 sys=0.00, real=0.00 secs] 
2337.536: [GC (Allocation Failure) [PSYoungGen: 79744K->1344K(79872K)] 388151K->309759K(696320K), 0.0021456 secs] [Times: user=0.01 sys=0.01, real=0.01 secs] 
2338.543: [GC (Allocation Failure) [PSYoungGen: 79680K->1376K(79872K)] 388095K->309791K(696320K), 0.0017317 secs] [Times: user=0.01 sys=0.00, real=0.00 secs] 
2339.070: [GC (Allocation Failure) [PSYoungGen: 79712K->1312K(79872K)] 388127K->309727K(696320K), 0.0017944 secs] [Times: user=0.01 sys=0.00, real=0.00 secs] 
2339.396: [GC (Allocation Failure) [PSYoungGen: 79648K->1344K(79872K)] 388063K->309759K(696320K), 0.0019381 secs] [Times: user=0.01 sys=0.00, real=0.01 secs] 
2339.721: [GC (Allocation Failure) [PSYoungGen: 79680K->1344K(83968K)] 388095K->309759K(700416K), 0.0017273 secs] [Times: user=0.01 sys=0.00, real=0.00 secs] 
2340.482: [GC (Allocation Failure) [PSYoungGen: 83776K->1408K(83456K)] 392191K->309823K(699904K), 0.0016588 secs] [Times: user=0.01 sys=0.00, real=0.00 secs] 
2340.957: [GC (Allocation Failure) [PSYoungGen: 83328K->1344K(82944K)] 391743K->309759K(699392K), 0.0015557 secs] [Times: user=0.00 sys=0.00, real=0.00 secs] 
2341.645: [GC (Allocation Failure) [PSYoungGen: 82752K->1376K(82432K)] 391167K->309791K(698880K), 0.0023965 secs] [Times: user=0.01 sys=0.00, real=0.01 secs] 
2342.345: [GC (Allocation Failure) [PSYoungGen: 82272K->1408K(81920K)] 390687K->309823K(698368K), 0.0022015 secs] [Times: user=0.01 sys=0.00, real=0.01 secs] 
2343.169: [GC (Allocation Failure) [PSYoungGen: 81792K->1408K(81408K)] 390207K->309823K(697856K), 0.0017442 secs] [Times: user=0.01 sys=0.00, real=0.00 secs] 
2343.502: [GC (Allocation Failure) [PSYoungGen: 81280K->1344K(80896K)] 389695K->309759K(697344K), 0.0017076 secs] [Times: user=0.01 sys=0.00, real=0.00 secs] 
2343.831: [GC (Allocation Failure) [PSYoungGen: 80704K->1376K(84992K)] 389119K->309791K(701440K), 0.0018883 secs] [Times: user=0.00 sys=0.00, real=0.00 secs] 
2344.826: [GC (Allocation Failure) [PSYoungGen: 84832K->896K(83968K)] 393247K->310343K(700416K), 0.0028645 secs] [Times: user=0.01 sys=0.00, real=0.01 secs] 
2346.326: [GC (Allocation Failure) [PSYoungGen: 83840K->352K(82944K)] 393287K->309799K(699392K), 0.0030562 secs] [Times: user=0.01 sys=0.00, real=0.01 secs] 
2346.828: [GC (Allocation Failure) [PSYoungGen: 82784K->384K(82432K)] 392231K->309831K(698880K), 0.0020873 secs] [Times: user=0.01 sys=0.00, real=0.00 secs] 
2347.202: [GC (Allocation Failure) [PSYoungGen: 82304K->320K(83456K)] 391751K->309767K(699904K), 0.0017598 secs] [Times: user=0.00 sys=0.00, real=0.00 secs] 
2348.971: [GC (Allocation Failure) [PSYoungGen: 81728K->1408K(82432K)] 391175K->310855K(698880K), 0.0025342 secs] [Times: user=0.01 sys=0.00, real=0.00 secs] 
2349.778: [GC (Allocation Failure) [PSYoungGen: 82304K->1440K(81920K)] 391751K->310887K(698368K), 0.0025521 secs] [Times: user=0.01 sys=0.01, real=0.00 secs] 
2350.628: [GC (Allocation Failure) [PSYoungGen: 81824K->1472K(81408K)] 391271K->310919K(697856K), 0.0037658 secs] [Times: user=0.01 sys=0.00, real=0.00 secs] 
2351.468: [GC (Allocation Failure) [PSYoungGen: 81344K->1376K(80896K)] 390791K->310823K(697344K), 0.0042825 secs] [Times: user=0.01 sys=0.00, real=0.00 secs] 
2352.506: [GC (Allocation Failure) [PSYoungGen: 80736K->1376K(80384K)] 390183K->310823K(696832K), 0.0019076 secs] [Times: user=0.00 sys=0.00, real=0.01 secs] 
2352.876: [GC (Allocation Failure) [PSYoungGen: 80224K->1376K(79872K)] 389671K->310823K(696320K), 0.0019153 secs] [Times: user=0.01 sys=0.00, real=0.01 secs] 
2353.212: [GC (Allocation Failure) [PSYoungGen: 79712K->1344K(83968K)] 389159K->310791K(700416K), 0.0019615 secs] [Times: user=0.01 sys=0.00, real=0.00 secs] 
2354.033: [GC (Allocation Failure) [PSYoungGen: 83776K->1376K(83456K)] 393223K->310823K(699904K), 0.0015610 secs] [Times: user=0.01 sys=0.00, real=0.00 secs] 
2354.569: [GC (Allocation Failure) [PSYoungGen: 83296K->1344K(82944K)] 392743K->310791K(699392K), 0.0015625 secs] [Times: user=0.01 sys=0.00, real=0.00 secs] 
2355.397: [GC (Allocation Failure) [PSYoungGen: 82752K->1376K(82432K)] 392199K->310823K(698880K), 0.0019817 secs] [Times: user=0.01 sys=0.00, real=0.00 secs] 
2356.433: [GC (Allocation Failure) [PSYoungGen: 82272K->1408K(81920K)] 391719K->310855K(698368K), 0.0022649 secs] [Times: user=0.00 sys=0.01, real=0.00 secs] 
2357.816: [GC (Allocation Failure) [PSYoungGen: 81792K->1408K(81408K)] 391239K->310855K(697856K), 0.0020376 secs] [Times: user=0.01 sys=0.00, real=0.01 secs] 
2358.497: [GC (Allocation Failure) [PSYoungGen: 81280K->1344K(80896K)] 390727K->310799K(697344K), 0.0024455 secs] [Times: user=0.01 sys=0.00, real=0.00 secs] 
2359.191: [GC (Allocation Failure) [PSYoungGen: 80704K->1392K(80384K)] 390159K->310847K(696832K), 0.0027634 secs] [Times: user=0.01 sys=0.00, real=0.00 secs] 
2359.882: [GC (Allocation Failure) [PSYoungGen: 80240K->1408K(79872K)] 389695K->310863K(696320K), 0.0023475 secs] [Times: user=0.01 sys=0.01, real=0.00 secs] 
2360.967: [GC (Allocation Failure) [PSYoungGen: 79744K->1376K(79872K)] 389199K->310831K(696320K), 0.0019077 secs] [Times: user=0.00 sys=0.00, real=0.00 secs] 
2361.642: [GC (Allocation Failure) [PSYoungGen: 79712K->1344K(79872K)] 389167K->310799K(696320K), 0.0034833 secs] [Times: user=0.01 sys=0.00, real=0.00 secs] 
2362.525: [GC (Allocation Failure) [PSYoungGen: 79680K->1408K(79872K)] 389135K->310863K(696320K), 0.0028300 secs] [Times: user=0.01 sys=0.00, real=0.01 secs] 
2363.506: [GC (Allocation Failure) [PSYoungGen: 79731K->256K(78848K)] 389186K->309711K(695296K), 0.0031008 secs] [Times: user=0.01 sys=0.00, real=0.01 secs] 
2364.370: [GC (Allocation Failure) [PSYoungGen: 78592K->1344K(80384K)] 388047K->310799K(696832K), 0.0027388 secs] [Times: user=0.01 sys=0.00, real=0.00 secs] 
2364.715: [GC (Allocation Failure) [PSYoungGen: 79680K->1376K(79872K)] 389135K->310831K(696320K), 0.0019895 secs] [Times: user=0.01 sys=0.00, real=0.01 secs] 
2365.171: [GC (Allocation Failure) [PSYoungGen: 79712K->1344K(79872K)] 389167K->310807K(696320K), 0.0019496 secs] [Times: user=0.00 sys=0.00, real=0.00 secs] 
2366.212: [GC (Allocation Failure) [PSYoungGen: 79680K->1309K(79872K)] 389143K->310772K(696320K), 0.0014995 secs] [Times: user=0.00 sys=0.00, real=0.00 secs] 
2368.716: [GC (Allocation Failure) [PSYoungGen: 79645K->1440K(79872K)] 389108K->310903K(696320K), 0.0037665 secs] [Times: user=0.02 sys=0.00, real=0.01 secs] 
2369.783: [GC (Allocation Failure) [PSYoungGen: 79776K->1376K(79872K)] 389239K->310847K(696320K), 0.0039122 secs] [Times: user=0.02 sys=0.00, real=0.01 secs] 
2371.105: [GC (Allocation Failure) [PSYoungGen: 79712K->1408K(79872K)] 389183K->310879K(696320K), 0.0035704 secs] [Times: user=0.01 sys=0.00, real=0.01 secs] 
2372.676: [GC (Allocation Failure) [PSYoungGen: 79744K->1376K(79872K)] 389215K->310847K(696320K), 0.0018510 secs] [Times: user=0.01 sys=0.00, real=0.01 secs] 
2373.350: [GC (Allocation Failure) [PSYoungGen: 79712K->1408K(79872K)] 389183K->310879K(696320K), 0.0019503 secs] [Times: user=0.00 sys=0.00, real=0.00 secs] 
2374.138: [GC (Allocation Failure) [PSYoungGen: 79744K->1376K(79872K)] 389215K->310847K(696320K), 0.0022959 secs] [Times: user=0.00 sys=0.00, real=0.00 secs] 
2375.336: [GC (Allocation Failure) [PSYoungGen: 79712K->1376K(79872K)] 389183K->310847K(696320K), 0.0034547 secs] [Times: user=0.01 sys=0.00, real=0.01 secs] 
2376.773: [GC (Allocation Failure) [PSYoungGen: 79712K->1376K(79872K)] 389183K->310847K(696320K), 0.0019556 secs] [Times: user=0.00 sys=0.00, real=0.00 secs] 
2377.429: [GC (Allocation Failure) [PSYoungGen: 79712K->1376K(79872K)] 389183K->310847K(696320K), 0.0021960 secs] [Times: user=0.01 sys=0.00, real=0.00 secs] 
2378.094: [GC (Allocation Failure) [PSYoungGen: 79712K->1376K(79872K)] 389183K->310847K(696320K), 0.0018738 secs] [Times: user=0.01 sys=0.00, real=0.00 secs] 
2378.846: [GC (Allocation Failure) [PSYoungGen: 79712K->1376K(79872K)] 389183K->310847K(696320K), 0.0022375 secs] [Times: user=0.00 sys=0.00, real=0.01 secs] 
2379.756: [GC (Allocation Failure) [PSYoungGen: 79712K->1440K(79872K)] 389183K->310911K(696320K), 0.0016761 secs] [Times: user=0.00 sys=0.00, real=0.01 secs] 
2380.106: [GC (Allocation Failure) [PSYoungGen: 79776K->1360K(79872K)] 389247K->310831K(696320K), 0.0018237 secs] [Times: user=0.01 sys=0.00, real=0.01 secs] 
2380.446: [GC (Allocation Failure) [PSYoungGen: 79696K->1376K(79872K)] 389167K->310855K(696320K), 0.0017340 secs] [Times: user=0.00 sys=0.00, real=0.01 secs] 
2380.771: [GC (Allocation Failure) [PSYoungGen: 79712K->1408K(79872K)] 389191K->310887K(696320K), 0.0017248 secs] [Times: user=0.00 sys=0.00, real=0.00 secs] 
2382.494: [GC (Allocation Failure) [PSYoungGen: 79744K->1408K(79872K)] 389223K->310887K(696320K), 0.0030073 secs] [Times: user=0.01 sys=0.00, real=0.01 secs] 
2383.276: [GC (Allocation Failure) [PSYoungGen: 79744K->1344K(79872K)] 389223K->310823K(696320K), 0.0026490 secs] [Times: user=0.01 sys=0.00, real=0.01 secs] 
2384.209: [GC (Allocation Failure) [PSYoungGen: 79680K->1408K(79872K)] 389159K->310887K(696320K), 0.0023122 secs] [Times: user=0.01 sys=0.00, real=0.00 secs] 
2385.443: [GC (Allocation Failure) [PSYoungGen: 79744K->1325K(79872K)] 389223K->310804K(696320K), 0.0015428 secs] [Times: user=0.01 sys=0.00, real=0.00 secs] 
2386.011: [GC (Allocation Failure) [PSYoungGen: 79661K->1408K(79872K)] 389140K->310887K(696320K), 0.0018826 secs] [Times: user=0.01 sys=0.00, real=0.00 secs] 
2386.411: [GC (Allocation Failure) [PSYoungGen: 79744K->1344K(79872K)] 389223K->310823K(696320K), 0.0021093 secs] [Times: user=0.01 sys=0.00, real=0.00 secs] 
2386.763: [GC (Allocation Failure) [PSYoungGen: 79680K->1376K(79872K)] 389159K->310863K(696320K), 0.0019572 secs] [Times: user=0.01 sys=0.00, real=0.00 secs] 
2387.639: [GC (Allocation Failure) [PSYoungGen: 79712K->1376K(79872K)] 389199K->310863K(696320K), 0.0017769 secs] [Times: user=0.00 sys=0.00, real=0.00 secs] 
2388.402: [GC (Allocation Failure) [PSYoungGen: 79712K->320K(78848K)] 389199K->310831K(695296K), 0.0017097 secs] [Times: user=0.01 sys=0.00, real=0.00 secs] 
2388.733: [GC (Allocation Failure) [PSYoungGen: 78656K->352K(80384K)] 389167K->310863K(696832K), 0.0017890 secs] [Times: user=0.00 sys=0.00, real=0.00 secs] 
2389.214: [GC (Allocation Failure) [PSYoungGen: 78688K->320K(78848K)] 389199K->310831K(695296K), 0.0017863 secs] [Times: user=0.01 sys=0.00, real=0.00 secs] 
2390.394: [GC (Allocation Failure) [PSYoungGen: 78656K->1440K(80384K)] 389167K->311951K(696832K), 0.0017835 secs] [Times: user=0.01 sys=0.00, real=0.00 secs] 
2391.129: [GC (Allocation Failure) [PSYoungGen: 79776K->1376K(79872K)] 390287K->311887K(696320K), 0.0020230 secs] [Times: user=0.01 sys=0.00, real=0.00 secs] 
2392.072: [GC (Allocation Failure) [PSYoungGen: 79712K->1408K(79872K)] 390223K->311919K(696320K), 0.0025679 secs] [Times: user=0.01 sys=0.01, real=0.00 secs] 
2393.104: [GC (Allocation Failure) [PSYoungGen: 79744K->1408K(79872K)] 390255K->311919K(696320K), 0.0022747 secs] [Times: user=0.00 sys=0.00, real=0.01 secs] 
2394.600: [GC (Allocation Failure) [PSYoungGen: 79744K->1408K(79872K)] 390255K->311919K(696320K), 0.0023467 secs] [Times: user=0.01 sys=0.00, real=0.00 secs] 
2395.468: [GC (Allocation Failure) [PSYoungGen: 79744K->1344K(79872K)] 390255K->311855K(696320K), 0.0029812 secs] [Times: user=0.01 sys=0.00, real=0.00 secs] 
2396.089: [GC (Allocation Failure) [PSYoungGen: 79680K->1408K(79872K)] 390191K->311919K(696320K), 0.0025979 secs] [Times: user=0.01 sys=0.00, real=0.00 secs] 
2397.000: [GC (Allocation Failure) [PSYoungGen: 79744K->1344K(79872K)] 390255K->311863K(696320K), 0.0036866 secs] [Times: user=0.01 sys=0.00, real=0.00 secs] 
2398.300: [GC (Allocation Failure) [PSYoungGen: 79680K->1344K(79872K)] 390199K->311863K(696320K), 0.0020825 secs] [Times: user=0.01 sys=0.00, real=0.00 secs] 
2399.330: [GC (Allocation Failure) [PSYoungGen: 79680K->1376K(79872K)] 390199K->311895K(696320K), 0.0025474 secs] [Times: user=0.01 sys=0.00, real=0.00 secs] 
2400.035: [GC (Allocation Failure) [PSYoungGen: 79712K->1344K(79872K)] 390231K->311863K(696320K), 0.0036339 secs] [Times: user=0.01 sys=0.00, real=0.01 secs] 
2401.574: [GC (Allocation Failure) [PSYoungGen: 79680K->1309K(79872K)] 390199K->311828K(696320K), 0.0016760 secs] [Times: user=0.00 sys=0.00, real=0.00 secs] 
2402.280: [GC (Allocation Failure) [PSYoungGen: 79645K->1408K(79872K)] 390164K->311927K(696320K), 0.0020438 secs] [Times: user=0.01 sys=0.00, real=0.00 secs] 
2402.606: [GC (Allocation Failure) [PSYoungGen: 79744K->1408K(79872K)] 390263K->311927K(696320K), 0.0018432 secs] [Times: user=0.00 sys=0.00, real=0.01 secs] 
2403.148: [GC (Allocation Failure) [PSYoungGen: 79744K->1344K(79872K)] 390263K->311863K(696320K), 0.0026465 secs] [Times: user=0.01 sys=0.00, real=0.00 secs] 
2404.419: [GC (Allocation Failure) [PSYoungGen: 79680K->1440K(79872K)] 390199K->311959K(696320K), 0.0015916 secs] [Times: user=0.00 sys=0.00, real=0.00 secs] 
2405.157: [GC (Allocation Failure) [PSYoungGen: 79776K->1392K(79872K)] 390295K->311911K(696320K), 0.0040411 secs] [Times: user=0.02 sys=0.00, real=0.00 secs] 
2405.630: [GC (Allocation Failure) [PSYoungGen: 79728K->1376K(79872K)] 390247K->311895K(696320K), 0.0019234 secs] [Times: user=0.01 sys=0.00, real=0.00 secs] 
2406.001: [GC (Allocation Failure) [PSYoungGen: 79712K->1376K(83968K)] 390231K->311895K(700416K), 0.0020909 secs] [Times: user=0.01 sys=0.00, real=0.00 secs] 
2407.373: [GC (Allocation Failure) [PSYoungGen: 83808K->1376K(83456K)] 394327K->311895K(699904K), 0.0021473 secs] [Times: user=0.01 sys=0.00, real=0.00 secs] 
2408.526: [GC (Allocation Failure) [PSYoungGen: 83296K->1408K(82944K)] 393815K->311935K(699392K), 0.0036401 secs] [Times: user=0.01 sys=0.00, real=0.01 secs] 
2409.425: [GC (Allocation Failure) [PSYoungGen: 82816K->1376K(82432K)] 393343K->311903K(698880K), 0.0027119 secs] [Times: user=0.01 sys=0.00, real=0.01 secs] 
2410.195: [GC (Allocation Failure) [PSYoungGen: 82272K->1408K(81920K)] 392799K->311935K(698368K), 0.0032068 secs] [Times: user=0.01 sys=0.00, real=0.01 secs] 
2411.588: [GC (Allocation Failure) [PSYoungGen: 81792K->1376K(81408K)] 392319K->311903K(697856K), 0.0016756 secs] [Times: user=0.01 sys=0.00, real=0.00 secs] 
2412.182: [GC (Allocation Failure) [PSYoungGen: 81248K->1376K(80896K)] 391775K->311903K(697344K), 0.0020466 secs] [Times: user=0.01 sys=0.00, real=0.00 secs] 
2412.513: [GC (Allocation Failure) [PSYoungGen: 80736K->1344K(80384K)] 391263K->311871K(696832K), 0.0019222 secs] [Times: user=0.01 sys=0.00, real=0.00 secs] 
2413.336: [GC (Allocation Failure) [PSYoungGen: 80192K->1357K(79872K)] 390719K->311884K(696320K), 0.0016700 secs] [Times: user=0.00 sys=0.00, real=0.01 secs] 
2414.390: [GC (Allocation Failure) [PSYoungGen: 79693K->1376K(79872K)] 390220K->311911K(696320K), 0.0025917 secs] [Times: user=0.01 sys=0.00, real=0.00 secs] 
2414.992: [GC (Allocation Failure) [PSYoungGen: 79712K->1408K(79872K)] 390247K->311943K(696320K), 0.0021861 secs] [Times: user=0.01 sys=0.00, real=0.00 secs] 
2415.613: [GC (Allocation Failure) [PSYoungGen: 79744K->352K(78848K)] 390279K->311911K(695296K), 0.0023224 secs] [Times: user=0.01 sys=0.00, real=0.00 secs] 
2416.913: [GC (Allocation Failure) [PSYoungGen: 78688K->1376K(80384K)] 390247K->312943K(696832K), 0.0019316 secs] [Times: user=0.01 sys=0.00, real=0.00 secs] 
2417.716: [GC (Allocation Failure) [PSYoungGen: 79712K->1408K(79872K)] 391279K->312983K(696320K), 0.0028071 secs] [Times: user=0.01 sys=0.00, real=0.01 secs] 
2418.455: [GC (Allocation Failure) [PSYoungGen: 79744K->1376K(79872K)] 391319K->312951K(696320K), 0.0027754 secs] [Times: user=0.01 sys=0.00, real=0.01 secs] 
2419.365: [GC (Allocation Failure) [PSYoungGen: 79712K->1376K(79872K)] 391287K->312951K(696320K), 0.0025134 secs] [Times: user=0.01 sys=0.00, real=0.01 secs] 
2420.491: [GC (Allocation Failure) [PSYoungGen: 79712K->1408K(79872K)] 391287K->312983K(696320K), 0.0019769 secs] [Times: user=0.01 sys=0.00, real=0.00 secs] 
2421.182: [GC (Allocation Failure) [PSYoungGen: 79744K->1312K(79872K)] 391319K->312887K(696320K), 0.0022429 secs] [Times: user=0.01 sys=0.00, real=0.00 secs] 
2422.015: [GC (Allocation Failure) [PSYoungGen: 79648K->1312K(79872K)] 391223K->312887K(696320K), 0.0030024 secs] [Times: user=0.01 sys=0.00, real=0.01 secs] 
2422.927: [GC (Allocation Failure) [PSYoungGen: 79648K->1344K(79872K)] 391223K->312927K(696320K), 0.0032944 secs] [Times: user=0.01 sys=0.00, real=0.00 secs] 
2424.113: [GC (Allocation Failure) [PSYoungGen: 79680K->1440K(79872K)] 391263K->313023K(696320K), 0.0017267 secs] [Times: user=0.00 sys=0.00, real=0.00 secs] 
2424.448: [GC (Allocation Failure) [PSYoungGen: 79776K->1344K(79872K)] 391359K->312927K(696320K), 0.0025528 secs] [Times: user=0.00 sys=0.00, real=0.00 secs] 
2424.823: [GC (Allocation Failure) [PSYoungGen: 79680K->1344K(84480K)] 391263K->312927K(700928K), 0.0029224 secs] [Times: user=0.01 sys=0.01, real=0.00 secs] 
2425.466: [GC (Allocation Failure) [PSYoungGen: 84288K->1341K(89088K)] 395871K->312932K(705536K), 0.0015795 secs] [Times: user=0.01 sys=0.00, real=0.01 secs] 
2427.445: [GC (Allocation Failure) [PSYoungGen: 88893K->1440K(88576K)] 400484K->313031K(705024K), 0.0039654 secs] [Times: user=0.02 sys=0.00, real=0.01 secs] 
2428.113: [GC (Allocation Failure) [PSYoungGen: 88480K->1344K(88064K)] 400071K->312943K(704512K), 0.0018992 secs] [Times: user=0.01 sys=0.00, real=0.00 secs] 
2428.677: [GC (Allocation Failure) [PSYoungGen: 87872K->1376K(87552K)] 399471K->312975K(704000K), 0.0021427 secs] [Times: user=0.00 sys=0.00, real=0.00 secs] 
2429.809: [GC (Allocation Failure) [PSYoungGen: 87392K->1408K(87040K)] 398991K->313007K(703488K), 0.0018791 secs] [Times: user=0.01 sys=0.00, real=0.00 secs] 
2430.554: [GC (Allocation Failure) [PSYoungGen: 86912K->1408K(86528K)] 398511K->313007K(702976K), 0.0022819 secs] [Times: user=0.01 sys=0.00, real=0.00 secs] 
2431.282: [GC (Allocation Failure) [PSYoungGen: 86400K->1408K(86016K)] 397999K->313007K(702464K), 0.0020849 secs] [Times: user=0.01 sys=0.00, real=0.00 secs] 
2432.301: [GC (Allocation Failure) [PSYoungGen: 85888K->1357K(85504K)] 397487K->312956K(701952K), 0.0016257 secs] [Times: user=0.00 sys=0.00, real=0.00 secs] 
2433.975: [GC (Allocation Failure) [PSYoungGen: 85325K->1440K(84992K)] 396924K->313039K(701440K), 0.0029806 secs] [Times: user=0.01 sys=0.00, real=0.01 secs] 
2434.421: [GC (Allocation Failure) [PSYoungGen: 84896K->1344K(84480K)] 396495K->312943K(700928K), 0.0020498 secs] [Times: user=0.01 sys=0.00, real=0.00 secs] 
2434.883: [GC (Allocation Failure) [PSYoungGen: 84288K->320K(82944K)] 395887K->312943K(699392K), 0.0019737 secs] [Times: user=0.01 sys=0.00, real=0.00 secs] 
2435.803: [GC (Allocation Failure) [PSYoungGen: 82752K->1408K(83968K)] 395375K->314031K(700416K), 0.0018153 secs] [Times: user=0.00 sys=0.00, real=0.00 secs] 
2436.327: [GC (Allocation Failure) [PSYoungGen: 83328K->1376K(82944K)] 395951K->313999K(699392K), 0.0019691 secs] [Times: user=0.01 sys=0.00, real=0.00 secs] 
2437.047: [GC (Allocation Failure) [PSYoungGen: 82784K->1376K(82432K)] 395407K->313999K(698880K), 0.0046311 secs] [Times: user=0.02 sys=0.00, real=0.00 secs] 
2437.846: [GC (Allocation Failure) [PSYoungGen: 82272K->1392K(81920K)] 394895K->314015K(698368K), 0.0031884 secs] [Times: user=0.02 sys=0.01, real=0.01 secs] 
2438.774: [GC (Allocation Failure) [PSYoungGen: 81776K->1376K(81408K)] 394399K->314015K(697856K), 0.0020388 secs] [Times: user=0.00 sys=0.00, real=0.00 secs] 
2439.251: [GC (Allocation Failure) [PSYoungGen: 81248K->1344K(80896K)] 393887K->313983K(697344K), 0.0019269 secs] [Times: user=0.01 sys=0.00, real=0.00 secs] 
2439.879: [GC (Allocation Failure) [PSYoungGen: 80704K->1392K(80384K)] 393343K->314031K(696832K), 0.0020809 secs] [Times: user=0.00 sys=0.01, real=0.00 secs] 
2440.782: [GC (Allocation Failure) [PSYoungGen: 80240K->1357K(79872K)] 392879K->313996K(696320K), 0.0015473 secs] [Times: user=0.01 sys=0.00, real=0.00 secs] 
2441.420: [GC (Allocation Failure) [PSYoungGen: 79693K->1408K(79872K)] 392332K->314047K(696320K), 0.0025972 secs] [Times: user=0.00 sys=0.00, real=0.00 secs] 
2442.359: [GC (Allocation Failure) [PSYoungGen: 79744K->1344K(79872K)] 392383K->313983K(696320K), 0.0025300 secs] [Times: user=0.01 sys=0.00, real=0.00 secs] 
2443.402: [GC (Allocation Failure) [PSYoungGen: 79680K->1408K(79872K)] 392319K->314047K(696320K), 0.0033333 secs] [Times: user=0.01 sys=0.00, real=0.00 secs] 
2444.586: [GC (Allocation Failure) [PSYoungGen: 79744K->1408K(79872K)] 392383K->314055K(696320K), 0.0015976 secs] [Times: user=0.01 sys=0.00, real=0.01 secs] 
2445.057: [GC (Allocation Failure) [PSYoungGen: 79744K->1408K(79872K)] 392391K->314063K(696320K), 0.0025089 secs] [Times: user=0.01 sys=0.00, real=0.00 secs] 
2445.734: [GC (Allocation Failure) [PSYoungGen: 79744K->1472K(79872K)] 392399K->314127K(696320K), 0.0030810 secs] [Times: user=0.01 sys=0.00, real=0.01 secs] 
2446.545: [GC (Allocation Failure) [PSYoungGen: 79808K->1376K(79872K)] 392463K->314039K(696320K), 0.0029700 secs] [Times: user=0.01 sys=0.00, real=0.01 secs] 
2447.773: [GC (Allocation Failure) [PSYoungGen: 79712K->1408K(79872K)] 392375K->314071K(696320K), 0.0018805 secs] [Times: user=0.01 sys=0.00, real=0.00 secs] 
2448.744: [GC (Allocation Failure) [PSYoungGen: 79744K->1440K(79872K)] 392407K->314103K(696320K), 0.0037407 secs] [Times: user=0.01 sys=0.00, real=0.01 secs] 
2449.525: [GC (Allocation Failure) [PSYoungGen: 79776K->1472K(79872K)] 392439K->314135K(696320K), 0.0032487 secs] [Times: user=0.02 sys=0.01, real=0.01 secs] 
2450.299: [GC (Allocation Failure) [PSYoungGen: 79808K->1408K(79872K)] 392471K->314071K(696320K), 0.0033321 secs] [Times: user=0.01 sys=0.00, real=0.00 secs] 
2451.559: [GC (Allocation Failure) [PSYoungGen: 79744K->1424K(79872K)] 392407K->314087K(696320K), 0.0015518 secs] [Times: user=0.01 sys=0.00, real=0.00 secs] 
2452.166: [GC (Allocation Failure) [PSYoungGen: 79760K->1424K(79872K)] 392423K->314087K(696320K), 0.0017232 secs] [Times: user=0.00 sys=0.00, real=0.01 secs] 
2452.678: [GC (Allocation Failure) [PSYoungGen: 79760K->1344K(79872K)] 392423K->314007K(696320K), 0.0016330 secs] [Times: user=0.00 sys=0.00, real=0.00 secs] 
2453.286: [GC (Allocation Failure) [PSYoungGen: 79680K->1376K(79872K)] 392343K->314039K(696320K), 0.0018079 secs] [Times: user=0.00 sys=0.00, real=0.01 secs] 
2455.021: [GC (Allocation Failure) [PSYoungGen: 79712K->1440K(79872K)] 392375K->314103K(696320K), 0.0027966 secs] [Times: user=0.01 sys=0.00, real=0.00 secs] 
2455.571: [GC (Allocation Failure) [PSYoungGen: 79776K->1408K(79872K)] 392439K->314071K(696320K), 0.0020667 secs] [Times: user=0.01 sys=0.00, real=0.00 secs] 
2455.960: [GC (Allocation Failure) [PSYoungGen: 79744K->1376K(79872K)] 392407K->314039K(696320K), 0.0018837 secs] [Times: user=0.01 sys=0.00, real=0.00 secs] 
2456.609: [GC (Allocation Failure) [PSYoungGen: 79712K->1309K(79872K)] 392375K->313980K(696320K), 0.0017802 secs] [Times: user=0.00 sys=0.00, real=0.00 secs] 
2457.130: [GC (Allocation Failure) [PSYoungGen: 79645K->384K(78848K)] 392316K->314087K(695296K), 0.0016408 secs] [Times: user=0.00 sys=0.00, real=0.00 secs] 
2457.463: [GC (Allocation Failure) [PSYoungGen: 78720K->352K(80384K)] 392423K->314055K(696832K), 0.0016653 secs] [Times: user=0.01 sys=0.00, real=0.00 secs] 
2457.788: [GC (Allocation Failure) [PSYoungGen: 78688K->352K(78848K)] 392391K->314055K(695296K), 0.0019206 secs] [Times: user=0.01 sys=0.00, real=0.00 secs] 
2458.626: [GC (Allocation Failure) [PSYoungGen: 78688K->1344K(80384K)] 392391K->315047K(696832K), 0.0015766 secs] [Times: user=0.01 sys=0.00, real=0.01 secs] 
2459.245: [GC (Allocation Failure) [PSYoungGen: 79680K->1376K(79872K)] 393383K->315079K(696320K), 0.0018470 secs] [Times: user=0.01 sys=0.00, real=0.01 secs] 
2459.987: [GC (Allocation Failure) [PSYoungGen: 79712K->1408K(79872K)] 393415K->315111K(696320K), 0.0024518 secs] [Times: user=0.01 sys=0.00, real=0.00 secs] 
2460.818: [GC (Allocation Failure) [PSYoungGen: 79744K->1376K(79872K)] 393447K->315079K(696320K), 0.0029510 secs] [Times: user=0.01 sys=0.01, real=0.00 secs] 
2462.010: [GC (Allocation Failure) [PSYoungGen: 79712K->1440K(79872K)] 393415K->315143K(696320K), 0.0018995 secs] [Times: user=0.01 sys=0.00, real=0.00 secs] 
2462.823: [GC (Allocation Failure) [PSYoungGen: 79776K->1376K(79872K)] 393479K->315079K(696320K), 0.0041188 secs] [Times: user=0.02 sys=0.00, real=0.01 secs] 
2463.697: [GC (Allocation Failure) [PSYoungGen: 79712K->1408K(79872K)] 393415K->315111K(696320K), 0.0045351 secs] [Times: user=0.02 sys=0.00, real=0.00 secs] 
2464.635: [GC (Allocation Failure) [PSYoungGen: 79744K->1392K(79872K)] 393447K->315095K(696320K), 0.0034877 secs] [Times: user=0.01 sys=0.00, real=0.01 secs] 
2465.825: [GC (Allocation Failure) [PSYoungGen: 79728K->1408K(79872K)] 393431K->315119K(696320K), 0.0020951 secs] [Times: user=0.00 sys=0.00, real=0.01 secs] 
2466.151: [GC (Allocation Failure) [PSYoungGen: 79744K->1344K(79872K)] 393455K->315055K(696320K), 0.0018226 secs] [Times: user=0.00 sys=0.00, real=0.00 secs] 
2466.677: [GC (Allocation Failure) [PSYoungGen: 79680K->1344K(83968K)] 393391K->315055K(700416K), 0.0031023 secs] [Times: user=0.01 sys=0.00, real=0.00 secs] 
2467.407: [GC (Allocation Failure) [PSYoungGen: 83762K->256K(82432K)] 397474K->313967K(698880K), 0.0022422 secs] [Times: user=0.01 sys=0.00, real=0.00 secs] 
2468.350: [GC (Allocation Failure) [PSYoungGen: 82176K->1440K(83456K)] 395887K->315151K(699904K), 0.0020097 secs] [Times: user=0.01 sys=0.00, real=0.00 secs] 
2468.720: [GC (Allocation Failure) [PSYoungGen: 82848K->1376K(87552K)] 396559K->315087K(704000K), 0.0026225 secs] [Times: user=0.01 sys=0.00, real=0.00 secs] 
2469.169: [GC (Allocation Failure) [PSYoungGen: 87392K->1328K(92160K)] 401103K->315039K(708608K), 0.0020882 secs] [Times: user=0.01 sys=0.00, real=0.00 secs] 
2470.196: [GC (Allocation Failure) [PSYoungGen: 91952K->1344K(91648K)] 405663K->315055K(708096K), 0.0016985 secs] [Times: user=0.01 sys=0.00, real=0.01 secs] 
2471.073: [GC (Allocation Failure) [PSYoungGen: 91456K->1360K(91136K)] 405167K->315071K(707584K), 0.0053460 secs] [Times: user=0.02 sys=0.00, real=0.01 secs] 
2471.679: [GC (Allocation Failure) [PSYoungGen: 90960K->1344K(90624K)] 404671K->315055K(707072K), 0.0023551 secs] [Times: user=0.01 sys=0.00, real=0.00 secs] 
2472.419: [GC (Allocation Failure) [PSYoungGen: 90432K->1357K(90112K)] 404143K->315068K(706560K), 0.0016979 secs] [Times: user=0.00 sys=0.00, real=0.00 secs] 
2472.898: [GC (Allocation Failure) [PSYoungGen: 89933K->1344K(89600K)] 403644K->315055K(706048K), 0.0018417 secs] [Times: user=0.00 sys=0.00, real=0.00 secs] 
2473.303: [GC (Allocation Failure) [PSYoungGen: 89408K->1376K(89088K)] 403119K->315087K(705536K), 0.0019527 secs] [Times: user=0.01 sys=0.00, real=0.00 secs] 
2473.666: [GC (Allocation Failure) [PSYoungGen: 88928K->1312K(94208K)] 402639K->315023K(710656K), 0.0019396 secs] [Times: user=0.00 sys=0.00, real=0.01 secs] 
2475.086: [GC (Allocation Failure) [PSYoungGen: 93984K->1408K(93696K)] 407695K->315119K(710144K), 0.0027570 secs] [Times: user=0.01 sys=0.00, real=0.01 secs] 
2476.105: [GC (Allocation Failure) [PSYoungGen: 93568K->1376K(93184K)] 407279K->315095K(709632K), 0.0020505 secs] [Times: user=0.00 sys=0.00, real=0.01 secs] 
2478.280: [GC (Allocation Failure) [PSYoungGen: 93024K->1376K(92672K)] 406743K->315095K(709120K), 0.0036685 secs] [Times: user=0.02 sys=0.00, real=0.00 secs] 
2479.731: [GC (Allocation Failure) [PSYoungGen: 92512K->1344K(92160K)] 406231K->315063K(708608K), 0.0017088 secs] [Times: user=0.00 sys=0.00, real=0.00 secs] 
2481.354: [GC (Allocation Failure) [PSYoungGen: 91968K->1344K(91648K)] 405687K->315063K(708096K), 0.0024777 secs] [Times: user=0.01 sys=0.00, real=0.00 secs] 
2482.813: [GC (Allocation Failure) [PSYoungGen: 91456K->1408K(91136K)] 405175K->315127K(707584K), 0.0024177 secs] [Times: user=0.01 sys=0.01, real=0.00 secs] 
2484.014: [GC (Allocation Failure) [PSYoungGen: 91008K->1632K(91136K)] 404727K->315351K(707584K), 0.0019197 secs] [Times: user=0.00 sys=0.00, real=0.00 secs] 
2485.185: [GC (Allocation Failure) [PSYoungGen: 90720K->384K(89088K)] 404439K->315127K(705536K), 0.0042313 secs] [Times: user=0.01 sys=0.01, real=0.01 secs] 
2486.087: [GC (Allocation Failure) [PSYoungGen: 88960K->352K(90112K)] 403703K->315095K(706560K), 0.0045457 secs] [Times: user=0.01 sys=0.00, real=0.00 secs] 
2486.880: [GC (Allocation Failure) [PSYoungGen: 88416K->352K(88064K)] 403159K->315095K(704512K), 0.0033168 secs] [Times: user=0.01 sys=0.00, real=0.00 secs] 
2487.933: [GC (Allocation Failure) [PSYoungGen: 87904K->1376K(89088K)] 402647K->316119K(705536K), 0.0018380 secs] [Times: user=0.01 sys=0.00, real=0.00 secs] 
2488.794: [GC (Allocation Failure) [PSYoungGen: 88416K->1344K(88064K)] 403159K->316087K(704512K), 0.0029278 secs] [Times: user=0.01 sys=0.00, real=0.01 secs] 
2489.771: [GC (Allocation Failure) [PSYoungGen: 87872K->1376K(87552K)] 402615K->316119K(704000K), 0.0035503 secs] [Times: user=0.02 sys=0.00, real=0.00 secs] 
2491.315: [GC (Allocation Failure) [PSYoungGen: 87392K->1392K(87040K)] 402135K->316135K(703488K), 0.0017171 secs] [Times: user=0.01 sys=0.00, real=0.01 secs] 
2492.361: [GC (Allocation Failure) [PSYoungGen: 86896K->1408K(86528K)] 401639K->316151K(702976K), 0.0032480 secs] [Times: user=0.01 sys=0.00, real=0.00 secs] 
2493.397: [GC (Allocation Failure) [PSYoungGen: 86400K->1376K(86016K)] 401143K->316127K(702464K), 0.0031250 secs] [Times: user=0.01 sys=0.00, real=0.00 secs] 
2494.695: [GC (Allocation Failure) [PSYoungGen: 85856K->1376K(85504K)] 400607K->316127K(701952K), 0.0034460 secs] [Times: user=0.02 sys=0.00, real=0.01 secs] 
2496.519: [GC (Allocation Failure) [PSYoungGen: 85344K->1440K(84992K)] 400095K->316191K(701440K), 0.0021676 secs] [Times: user=0.00 sys=0.00, real=0.00 secs] 
2497.549: [GC (Allocation Failure) [PSYoungGen: 84896K->1376K(84480K)] 399647K->316127K(700928K), 0.0022189 secs] [Times: user=0.01 sys=0.00, real=0.00 secs] 
2498.484: [GC (Allocation Failure) [PSYoungGen: 84320K->1408K(83968K)] 399071K->316159K(700416K), 0.0023364 secs] [Times: user=0.01 sys=0.00, real=0.01 secs] 
2499.982: [GC (Allocation Failure) [PSYoungGen: 83840K->1344K(83456K)] 398591K->316095K(699904K), 0.0021356 secs] [Times: user=0.01 sys=0.00, real=0.00 secs] 
2502.239: [GC (Allocation Failure) [PSYoungGen: 83264K->1408K(82944K)] 398015K->316159K(699392K), 0.0038486 secs] [Times: user=0.02 sys=0.00, real=0.00 secs] 
2502.952: [GC (Allocation Failure) [PSYoungGen: 82816K->1376K(82432K)] 397567K->316135K(698880K), 0.0033533 secs] [Times: user=0.01 sys=0.00, real=0.00 secs] 
2503.505: [GC (Allocation Failure) [PSYoungGen: 82272K->1344K(81920K)] 397031K->316103K(698368K), 0.0019070 secs] [Times: user=0.01 sys=0.00, real=0.01 secs] 
2506.598: [GC (Allocation Failure) [PSYoungGen: 81728K->1344K(81408K)] 396487K->316103K(697856K), 0.0062972 secs] [Times: user=0.01 sys=0.00, real=0.00 secs] 
2507.364: [GC (Allocation Failure) [PSYoungGen: 81216K->1376K(80896K)] 395975K->316143K(697344K), 0.0022549 secs] [Times: user=0.01 sys=0.00, real=0.00 secs] 
2507.979: [GC (Allocation Failure) [PSYoungGen: 80736K->1376K(80384K)] 395503K->316143K(696832K), 0.0027772 secs] [Times: user=0.01 sys=0.00, real=0.00 secs] 
2508.858: [GC (Allocation Failure) [PSYoungGen: 80224K->1376K(79872K)] 394991K->316143K(696320K), 0.0032128 secs] [Times: user=0.02 sys=0.00, real=0.00 secs] 
2509.830: [GC (Allocation Failure) [PSYoungGen: 79712K->1408K(79872K)] 394479K->316175K(696320K), 0.0018573 secs] [Times: user=0.01 sys=0.00, real=0.00 secs] 
2510.156: [GC (Allocation Failure) [PSYoungGen: 79744K->1440K(79872K)] 394511K->316207K(696320K), 0.0016999 secs] [Times: user=0.00 sys=0.00, real=0.01 secs] 
2510.526: [GC (Allocation Failure) [PSYoungGen: 79776K->1344K(79872K)] 394543K->316111K(696320K), 0.0019466 secs] [Times: user=0.01 sys=0.00, real=0.01 secs] 
2511.221: [GC (Allocation Failure) [PSYoungGen: 79680K->1357K(79872K)] 394447K->316125K(696320K), 0.0015025 secs] [Times: user=0.00 sys=0.00, real=0.00 secs] 
2511.700: [GC (Allocation Failure) [PSYoungGen: 79693K->1440K(79872K)] 394461K->316215K(696320K), 0.0019556 secs] [Times: user=0.00 sys=0.00, real=0.00 secs] 
2512.118: [GC (Allocation Failure) [PSYoungGen: 79776K->1344K(79872K)] 394551K->316119K(696320K), 0.0019023 secs] [Times: user=0.01 sys=0.00, real=0.00 secs] 
2512.870: [GC (Allocation Failure) [PSYoungGen: 79680K->1376K(79872K)] 394455K->316151K(696320K), 0.0025401 secs] [Times: user=0.01 sys=0.00, real=0.00 secs] 
2513.979: [GC (Allocation Failure) [PSYoungGen: 79712K->1440K(79872K)] 394487K->316215K(696320K), 0.0015731 secs] [Times: user=0.01 sys=0.00, real=0.00 secs] 
2514.305: [GC (Allocation Failure) [PSYoungGen: 79776K->1376K(79872K)] 394551K->316151K(696320K), 0.0017437 secs] [Times: user=0.01 sys=0.00, real=0.00 secs] 
2514.630: [GC (Allocation Failure) [PSYoungGen: 79712K->1344K(79872K)] 394487K->316119K(696320K), 0.0016351 secs] [Times: user=0.01 sys=0.00, real=0.00 secs] 
2514.956: [GC (Allocation Failure) [PSYoungGen: 79680K->1376K(84480K)] 394455K->316151K(700928K), 0.0026100 secs] [Times: user=0.01 sys=0.00, real=0.01 secs] 
2516.368: [GC (Allocation Failure) [PSYoungGen: 84320K->1408K(83968K)] 399095K->316191K(700416K), 0.0021397 secs] [Times: user=0.00 sys=0.00, real=0.00 secs] 
2516.785: [GC (Allocation Failure) [PSYoungGen: 83840K->1376K(89600K)] 398623K->316159K(706048K), 0.0042651 secs] [Times: user=0.01 sys=0.00, real=0.01 secs] 
2517.408: [GC (Allocation Failure) [PSYoungGen: 89440K->1392K(95232K)] 404223K->316175K(711680K), 0.0024287 secs] [Times: user=0.01 sys=0.00, real=0.00 secs] 
2518.622: [GC (Allocation Failure) [PSYoungGen: 95088K->1389K(94720K)] 409871K->316173K(711168K), 0.0016080 secs] [Times: user=0.00 sys=0.00, real=0.00 secs] 
2519.588: [GC (Allocation Failure) [PSYoungGen: 94573K->352K(93184K)] 409357K->316159K(709632K), 0.0021581 secs] [Times: user=0.01 sys=0.00, real=0.00 secs] 
2521.004: [GC (Allocation Failure) [PSYoungGen: 93024K->352K(94208K)] 408831K->316159K(710656K), 0.0039019 secs] [Times: user=0.02 sys=0.00, real=0.01 secs] 
2522.338: [GC (Allocation Failure) [PSYoungGen: 92512K->320K(92160K)] 408319K->316127K(708608K), 0.0038545 secs] [Times: user=0.02 sys=0.00, real=0.00 secs] 
2523.762: [GC (Allocation Failure) [PSYoungGen: 91968K->1408K(93184K)] 407775K->317215K(709632K), 0.0018774 secs] [Times: user=0.01 sys=0.00, real=0.00 secs] 
2524.720: [GC (Allocation Failure) [PSYoungGen: 92544K->1376K(92160K)] 408351K->317183K(708608K), 0.0027705 secs] [Times: user=0.01 sys=0.00, real=0.00 secs] 
2525.561: [GC (Allocation Failure) [PSYoungGen: 92000K->1376K(91648K)] 407807K->317183K(708096K), 0.0029769 secs] [Times: user=0.01 sys=0.00, real=0.00 secs] 
2527.004: [GC (Allocation Failure) [PSYoungGen: 91488K->1408K(91136K)] 407295K->317215K(707584K), 0.0025346 secs] [Times: user=0.01 sys=0.00, real=0.01 secs] 
2527.907: [GC (Allocation Failure) [PSYoungGen: 91008K->1344K(90624K)] 406815K->317151K(707072K), 0.0024375 secs] [Times: user=0.00 sys=0.00, real=0.00 secs] 
2529.058: [GC (Allocation Failure) [PSYoungGen: 90432K->1344K(90112K)] 406239K->317151K(706560K), 0.0040707 secs] [Times: user=0.02 sys=0.00, real=0.00 secs] 
2530.836: [GC (Allocation Failure) [PSYoungGen: 89920K->1376K(89600K)] 405727K->317183K(706048K), 0.0023642 secs] [Times: user=0.01 sys=0.00, real=0.01 secs] 
2531.632: [GC (Allocation Failure) [PSYoungGen: 89440K->1376K(89088K)] 405247K->317191K(705536K), 0.0022211 secs] [Times: user=0.01 sys=0.00, real=0.00 secs] 
2532.471: [GC (Allocation Failure) [PSYoungGen: 88928K->1376K(88576K)] 404743K->317191K(705024K), 0.0027091 secs] [Times: user=0.01 sys=0.00, real=0.00 secs] 
2533.327: [GC (Allocation Failure) [PSYoungGen: 88416K->1376K(88064K)] 404231K->317191K(704512K), 0.0025505 secs] [Times: user=0.01 sys=0.00, real=0.00 secs] 
2534.565: [GC (Allocation Failure) [PSYoungGen: 87904K->1408K(87552K)] 403719K->317223K(704000K), 0.0019386 secs] [Times: user=0.01 sys=0.00, real=0.01 secs] 
2534.922: [GC (Allocation Failure) [PSYoungGen: 87424K->1376K(87040K)] 403239K->317191K(703488K), 0.0020850 secs] [Times: user=0.01 sys=0.00, real=0.00 secs] 
2535.560: [GC (Allocation Failure) [PSYoungGen: 86880K->1408K(86528K)] 402695K->317223K(702976K), 0.0023239 secs] [Times: user=0.00 sys=0.00, real=0.00 secs] 
2536.763: [GC (Allocation Failure) [PSYoungGen: 86400K->1376K(86016K)] 402215K->317191K(702464K), 0.0023780 secs] [Times: user=0.01 sys=0.00, real=0.00 secs] 
2537.115: [GC (Allocation Failure) [PSYoungGen: 85856K->1344K(85504K)] 401671K->317167K(701952K), 0.0021030 secs] [Times: user=0.01 sys=0.00, real=0.01 secs] 
2537.746: [GC (Allocation Failure) [PSYoungGen: 85312K->1344K(84992K)] 401135K->317175K(701440K), 0.0019964 secs] [Times: user=0.01 sys=0.00, real=0.01 secs] 
2538.388: [GC (Allocation Failure) [PSYoungGen: 84800K->1376K(84480K)] 400631K->317215K(700928K), 0.0023333 secs] [Times: user=0.01 sys=0.00, real=0.00 secs] 
2539.926: [GC (Allocation Failure) [PSYoungGen: 84320K->1376K(83968K)] 400159K->317223K(700416K), 0.0022821 secs] [Times: user=0.01 sys=0.00, real=0.01 secs] 
2540.540: [GC (Allocation Failure) [PSYoungGen: 83808K->1312K(83456K)] 399655K->317159K(699904K), 0.0032957 secs] [Times: user=0.01 sys=0.00, real=0.00 secs] 
2541.188: [GC (Allocation Failure) [PSYoungGen: 83232K->1344K(82944K)] 399079K->317191K(699392K), 0.0026149 secs] [Times: user=0.01 sys=0.00, real=0.00 secs] 
2542.611: [GC (Allocation Failure) [PSYoungGen: 82752K->1888K(82944K)] 398599K->317735K(699392K), 0.0023365 secs] [Times: user=0.01 sys=0.00, real=0.00 secs] 
2543.088: [GC (Allocation Failure) [PSYoungGen: 82784K->384K(80896K)] 398631K->317263K(697344K), 0.0031826 secs] [Times: user=0.01 sys=0.00, real=0.00 secs] 
2543.942: [GC (Allocation Failure) [PSYoungGen: 80768K->320K(81920K)] 397647K->317199K(698368K), 0.0037105 secs] [Times: user=0.02 sys=0.00, real=0.00 secs] 
2544.806: [GC (Allocation Failure) [PSYoungGen: 80192K->320K(79872K)] 397071K->317199K(696320K), 0.0033037 secs] [Times: user=0.02 sys=0.00, real=0.01 secs] 
2546.026: [GC (Allocation Failure) [PSYoungGen: 79680K->1408K(81408K)] 396559K->318287K(697856K), 0.0018333 secs] [Times: user=0.01 sys=0.00, real=0.01 secs] 
2546.354: [GC (Allocation Failure) [PSYoungGen: 80256K->1344K(79872K)] 397135K->318223K(696320K), 0.0019304 secs] [Times: user=0.01 sys=0.00, real=0.00 secs] 
2546.751: [GC (Allocation Failure) [PSYoungGen: 79680K->1376K(79872K)] 396559K->318263K(696320K), 0.0019240 secs] [Times: user=0.01 sys=0.00, real=0.00 secs] 
2547.288: [GC (Allocation Failure) [PSYoungGen: 79712K->1312K(79872K)] 396599K->318199K(696320K), 0.0019324 secs] [Times: user=0.01 sys=0.00, real=0.00 secs] 
2548.490: [GC (Allocation Failure) [PSYoungGen: 79648K->1408K(79872K)] 396535K->318295K(696320K), 0.0017933 secs] [Times: user=0.01 sys=0.00, real=0.00 secs] 
2549.227: [GC (Allocation Failure) [PSYoungGen: 79744K->1312K(79872K)] 396631K->318199K(696320K), 0.0018528 secs] [Times: user=0.01 sys=0.00, real=0.00 secs] 
2549.987: [GC (Allocation Failure) [PSYoungGen: 79648K->1344K(79872K)] 396535K->318231K(696320K), 0.0018032 secs] [Times: user=0.01 sys=0.00, real=0.00 secs] 
2550.998: [GC (Allocation Failure) [PSYoungGen: 79669K->272K(78848K)] 396557K->317159K(695296K), 0.0020755 secs] [Times: user=0.01 sys=0.00, real=0.00 secs] 
2552.272: [GC (Allocation Failure) [PSYoungGen: 78608K->1440K(79872K)] 395495K->318327K(696320K), 0.0018699 secs] [Times: user=0.01 sys=0.00, real=0.00 secs] 
2552.747: [GC (Allocation Failure) [PSYoungGen: 79776K->1376K(79872K)] 396663K->318263K(696320K), 0.0020925 secs] [Times: user=0.01 sys=0.00, real=0.00 secs] 
2553.371: [GC (Allocation Failure) [PSYoungGen: 79712K->1376K(79872K)] 396599K->318263K(696320K), 0.0023202 secs] [Times: user=0.00 sys=0.00, real=0.00 secs] 
2554.334: [GC (Allocation Failure) [PSYoungGen: 79712K->1389K(79872K)] 396599K->318277K(696320K), 0.0016152 secs] [Times: user=0.01 sys=0.00, real=0.00 secs] 
2555.225: [GC (Allocation Failure) [PSYoungGen: 79725K->1424K(79872K)] 396613K->318319K(696320K), 0.0036798 secs] [Times: user=0.01 sys=0.00, real=0.01 secs] 
2555.932: [GC (Allocation Failure) [PSYoungGen: 79760K->1312K(79872K)] 396655K->318207K(696320K), 0.0023422 secs] [Times: user=0.01 sys=0.00, real=0.00 secs] 
2556.549: [GC (Allocation Failure) [PSYoungGen: 79648K->1392K(79872K)] 396543K->318287K(696320K), 0.0025530 secs] [Times: user=0.01 sys=0.00, real=0.00 secs] 
2557.580: [GC (Allocation Failure) [PSYoungGen: 79728K->1408K(79872K)] 396623K->318311K(696320K), 0.0014611 secs] [Times: user=0.00 sys=0.00, real=0.00 secs] 
2557.905: [GC (Allocation Failure) [PSYoungGen: 79744K->1408K(79872K)] 396647K->318311K(696320K), 0.0016183 secs] [Times: user=0.01 sys=0.00, real=0.00 secs] 
2558.231: [GC (Allocation Failure) [PSYoungGen: 79744K->1376K(79872K)] 396647K->318279K(696320K), 0.0026107 secs] [Times: user=0.01 sys=0.00, real=0.00 secs] 
2558.557: [GC (Allocation Failure) [PSYoungGen: 79712K->1344K(84992K)] 396615K->318247K(701440K), 0.0024104 secs] [Times: user=0.01 sys=0.00, real=0.00 secs] 
2559.502: [GC (Allocation Failure) [PSYoungGen: 84800K->1408K(84480K)] 401703K->318311K(700928K), 0.0018622 secs] [Times: user=0.00 sys=0.00, real=0.00 secs] 
2560.167: [GC (Allocation Failure) [PSYoungGen: 84352K->1344K(83968K)] 401255K->318247K(700416K), 0.0025590 secs] [Times: user=0.01 sys=0.00, real=0.00 secs] 
2560.855: [GC (Allocation Failure) [PSYoungGen: 83776K->1360K(83456K)] 400679K->318263K(699904K), 0.0024123 secs] [Times: user=0.01 sys=0.00, real=0.01 secs] 
2561.431: [GC (Allocation Failure) [PSYoungGen: 83280K->1392K(82944K)] 400183K->318295K(699392K), 0.0019599 secs] [Times: user=0.01 sys=0.00, real=0.00 secs] 
2562.651: [GC (Allocation Failure) [PSYoungGen: 82800K->1392K(82432K)] 399703K->318295K(698880K), 0.0021907 secs] [Times: user=0.01 sys=0.01, real=0.00 secs] 
2563.717: [GC (Allocation Failure) [PSYoungGen: 82288K->1376K(81920K)] 399191K->318279K(698368K), 0.0027711 secs] [Times: user=0.01 sys=0.00, real=0.00 secs] 
2564.705: [GC (Allocation Failure) [PSYoungGen: 81760K->1376K(81408K)] 398663K->318279K(697856K), 0.0027262 secs] [Times: user=0.01 sys=0.00, real=0.01 secs] 
2565.918: [GC (Allocation Failure) [PSYoungGen: 81248K->1952K(81408K)] 398151K->318863K(697856K), 0.0018642 secs] [Times: user=0.00 sys=0.00, real=0.00 secs] 
2566.615: [GC (Allocation Failure) [PSYoungGen: 81312K->352K(79360K)] 398223K->318295K(695808K), 0.0019543 secs] [Times: user=0.01 sys=0.00, real=0.01 secs] 
2567.444: [GC (Allocation Failure) [PSYoungGen: 79200K->352K(78848K)] 397143K->318295K(695296K), 0.0019274 secs] [Times: user=0.01 sys=0.00, real=0.00 secs] 
2568.062: [GC (Allocation Failure) [PSYoungGen: 78688K->352K(78848K)] 396631K->318295K(695296K), 0.0027676 secs] [Times: user=0.01 sys=0.00, real=0.00 secs] 
2569.064: [GC (Allocation Failure) [PSYoungGen: 78688K->1440K(80896K)] 396631K->319383K(697344K), 0.0017191 secs] [Times: user=0.00 sys=0.00, real=0.00 secs] 
2569.743: [GC (Allocation Failure) [PSYoungGen: 79776K->1344K(79872K)] 397719K->319287K(696320K), 0.0018336 secs] [Times: user=0.00 sys=0.00, real=0.00 secs] 
2570.834: [GC (Allocation Failure) [PSYoungGen: 79680K->1344K(79872K)] 397623K->319287K(696320K), 0.0018498 secs] [Times: user=0.01 sys=0.00, real=0.00 secs] 
2571.932: [GC (Allocation Failure) [PSYoungGen: 79680K->1360K(79872K)] 397623K->319303K(696320K), 0.0021257 secs] [Times: user=0.01 sys=0.00, real=0.00 secs] 
2573.506: [GC (Allocation Failure) [PSYoungGen: 79696K->1424K(79872K)] 397639K->319367K(696320K), 0.0038218 secs] [Times: user=0.02 sys=0.00, real=0.01 secs] 
2574.680: [GC (Allocation Failure) [PSYoungGen: 79760K->1376K(79872K)] 397703K->319319K(696320K), 0.0036111 secs] [Times: user=0.01 sys=0.00, real=0.00 secs] 
2575.644: [GC (Allocation Failure) [PSYoungGen: 79712K->1376K(79872K)] 397655K->319319K(696320K), 0.0057226 secs] [Times: user=0.01 sys=0.00, real=0.01 secs] 
2576.627: [GC (Allocation Failure) [PSYoungGen: 79712K->1376K(79872K)] 397655K->319319K(696320K), 0.0028699 secs] [Times: user=0.01 sys=0.00, real=0.00 secs] 
2578.065: [GC (Allocation Failure) [PSYoungGen: 79712K->1376K(79872K)] 397655K->319319K(696320K), 0.0021508 secs] [Times: user=0.01 sys=0.00, real=0.01 secs] 
2578.742: [GC (Allocation Failure) [PSYoungGen: 79712K->1360K(79872K)] 397655K->319303K(696320K), 0.0021011 secs] [Times: user=0.01 sys=0.00, real=0.00 secs] 
2579.429: [GC (Allocation Failure) [PSYoungGen: 79696K->1376K(79872K)] 397639K->319319K(696320K), 0.0022190 secs] [Times: user=0.01 sys=0.00, real=0.00 secs] 
2580.311: [GC (Allocation Failure) [PSYoungGen: 79712K->1357K(79872K)] 397655K->319309K(696320K), 0.0015351 secs] [Times: user=0.01 sys=0.00, real=0.00 secs] 
2581.642: [GC (Allocation Failure) [PSYoungGen: 79693K->1408K(79872K)] 397645K->319359K(696320K), 0.0031481 secs] [Times: user=0.01 sys=0.00, real=0.00 secs] 
2582.621: [GC (Allocation Failure) [PSYoungGen: 79744K->1376K(79872K)] 397695K->319327K(696320K), 0.0027577 secs] [Times: user=0.01 sys=0.00, real=0.00 secs] 
2583.263: [GC (Allocation Failure) [PSYoungGen: 79712K->1376K(79872K)] 397663K->319327K(696320K), 0.0029677 secs] [Times: user=0.01 sys=0.00, real=0.00 secs] 
2584.369: [GC (Allocation Failure) [PSYoungGen: 79712K->864K(79360K)] 397663K->319839K(695808K), 0.0019485 secs] [Times: user=0.01 sys=0.00, real=0.00 secs] 
2585.125: [GC (Allocation Failure) [PSYoungGen: 79200K->320K(78848K)] 398175K->319295K(695296K), 0.0019224 secs] [Times: user=0.01 sys=0.00, real=0.01 secs] 
2585.859: [GC (Allocation Failure) [PSYoungGen: 78656K->352K(78848K)] 397631K->319327K(695296K), 0.0027287 secs] [Times: user=0.01 sys=0.00, real=0.00 secs] 
2586.661: [GC (Allocation Failure) [PSYoungGen: 78688K->336K(80384K)] 397663K->319311K(696832K), 0.0025148 secs] [Times: user=0.01 sys=0.00, real=0.00 secs] 
2587.779: [GC (Allocation Failure) [PSYoungGen: 78672K->1344K(79872K)] 397647K->320319K(696320K), 0.0021635 secs] [Times: user=0.01 sys=0.00, real=0.00 secs] 
2588.228: [GC (Allocation Failure) [PSYoungGen: 79680K->1344K(79872K)] 398655K->320319K(696320K), 0.0020663 secs] [Times: user=0.01 sys=0.00, real=0.00 secs] 
2588.554: [GC (Allocation Failure) [PSYoungGen: 79680K->1280K(79872K)] 398655K->320263K(696320K), 0.0019337 secs] [Times: user=0.01 sys=0.00, real=0.00 secs] 
2589.892: [GC (Allocation Failure) [PSYoungGen: 79616K->1344K(79872K)] 398599K->320327K(696320K), 0.0024693 secs] [Times: user=0.01 sys=0.00, real=0.00 secs] 
2590.927: [GC (Allocation Failure) [PSYoungGen: 79680K->1360K(79872K)] 398663K->320343K(696320K), 0.0024186 secs] [Times: user=0.01 sys=0.00, real=0.00 secs] 
2591.616: [GC (Allocation Failure) [PSYoungGen: 79696K->1344K(79872K)] 398679K->320327K(696320K), 0.0036547 secs] [Times: user=0.02 sys=0.00, real=0.01 secs] 
2592.392: [GC (Allocation Failure) [PSYoungGen: 79680K->1325K(79872K)] 398663K->320309K(696320K), 0.0015592 secs] [Times: user=0.01 sys=0.00, real=0.00 secs] 
2592.996: [GC (Allocation Failure) [PSYoungGen: 79661K->1376K(79872K)] 398645K->320359K(696320K), 0.0020898 secs] [Times: user=0.00 sys=0.00, real=0.01 secs] 
2593.410: [GC (Allocation Failure) [PSYoungGen: 79712K->1328K(79872K)] 398695K->320311K(696320K), 0.0031250 secs] [Times: user=0.02 sys=0.00, real=0.00 secs] 
2594.056: [GC (Allocation Failure) [PSYoungGen: 79664K->1344K(79872K)] 398647K->320327K(696320K), 0.0026954 secs] [Times: user=0.02 sys=0.00, real=0.01 secs] 
2595.120: [GC (Allocation Failure) [PSYoungGen: 79680K->896K(79360K)] 398663K->320903K(695808K), 0.0017700 secs] [Times: user=0.00 sys=0.00, real=0.00 secs] 
2595.450: [GC (Allocation Failure) [PSYoungGen: 79232K->288K(78848K)] 399239K->320295K(695296K), 0.0017242 secs] [Times: user=0.01 sys=0.00, real=0.00 secs] 
2595.901: [GC (Allocation Failure) [PSYoungGen: 78624K->352K(78848K)] 398631K->320367K(695296K), 0.0019462 secs] [Times: user=0.00 sys=0.00, real=0.00 secs] 
2596.615: [GC (Allocation Failure) [PSYoungGen: 78688K->320K(80384K)] 398703K->320335K(696832K), 0.0017401 secs] [Times: user=0.01 sys=0.00, real=0.01 secs] 
2597.658: [GC (Allocation Failure) [PSYoungGen: 78656K->1408K(79872K)] 398671K->321423K(696320K), 0.0019216 secs] [Times: user=0.01 sys=0.00, real=0.00 secs] 
2598.070: [GC (Allocation Failure) [PSYoungGen: 79744K->1312K(79872K)] 399759K->321327K(696320K), 0.0019092 secs] [Times: user=0.01 sys=0.00, real=0.00 secs] 
2598.704: [GC (Allocation Failure) [PSYoungGen: 79648K->1408K(79872K)] 399663K->321423K(696320K), 0.0035260 secs] [Times: user=0.02 sys=0.00, real=0.01 secs] 
2599.340: [GC (Allocation Failure) [PSYoungGen: 79744K->1344K(79872K)] 399759K->321359K(696320K), 0.0022478 secs] [Times: user=0.01 sys=0.00, real=0.00 secs] 
2600.860: [GC (Allocation Failure) [PSYoungGen: 79680K->1440K(79872K)] 399695K->321455K(696320K), 0.0036790 secs] [Times: user=0.01 sys=0.00, real=0.00 secs] 
2601.211: [GC (Allocation Failure) [PSYoungGen: 79776K->1360K(79872K)] 399791K->321375K(696320K), 0.0020222 secs] [Times: user=0.00 sys=0.00, real=0.00 secs] 
2601.726: [GC (Allocation Failure) [PSYoungGen: 79696K->1376K(79872K)] 399711K->321391K(696320K), 0.0019505 secs] [Times: user=0.00 sys=0.00, real=0.01 secs] 
2602.337: [GC (Allocation Failure) [PSYoungGen: 79712K->1408K(79872K)] 399727K->321423K(696320K), 0.0020036 secs] [Times: user=0.01 sys=0.00, real=0.00 secs] 
2603.779: [GC (Allocation Failure) [PSYoungGen: 79744K->1408K(79872K)] 399759K->321423K(696320K), 0.0038831 secs] [Times: user=0.01 sys=0.00, real=0.00 secs] 
2604.495: [GC (Allocation Failure) [PSYoungGen: 79744K->1344K(79872K)] 399759K->321359K(696320K), 0.0028203 secs] [Times: user=0.01 sys=0.00, real=0.01 secs] 
2605.329: [GC (Allocation Failure) [PSYoungGen: 79680K->1344K(79872K)] 399695K->321359K(696320K), 0.0026889 secs] [Times: user=0.01 sys=0.00, real=0.00 secs] 
2606.666: [GC (Allocation Failure) [PSYoungGen: 79680K->1389K(79872K)] 399695K->321413K(696320K), 0.0017534 secs] [Times: user=0.01 sys=0.00, real=0.01 secs] 
2607.687: [GC (Allocation Failure) [PSYoungGen: 79725K->1408K(79872K)] 399749K->321431K(696320K), 0.0027767 secs] [Times: user=0.01 sys=0.00, real=0.00 secs] 
2608.346: [GC (Allocation Failure) [PSYoungGen: 79744K->1344K(79872K)] 399767K->321367K(696320K), 0.0028252 secs] [Times: user=0.01 sys=0.00, real=0.01 secs] 
2608.951: [GC (Allocation Failure) [PSYoungGen: 79680K->1344K(79872K)] 399703K->321367K(696320K), 0.0021643 secs] [Times: user=0.01 sys=0.00, real=0.00 secs] 
2610.050: [GC (Allocation Failure) [PSYoungGen: 79680K->1920K(80384K)] 399703K->321943K(696832K), 0.0017977 secs] [Times: user=0.01 sys=0.00, real=0.00 secs] 
2610.649: [GC (Allocation Failure) [PSYoungGen: 80256K->320K(78848K)] 400279K->321367K(695296K), 0.0022452 secs] [Times: user=0.01 sys=0.00, real=0.00 secs] 
2610.999: [GC (Allocation Failure) [PSYoungGen: 78656K->320K(80896K)] 399703K->321367K(697344K), 0.0019010 secs] [Times: user=0.00 sys=0.00, real=0.00 secs] 
2611.395: [GC (Allocation Failure) [PSYoungGen: 78656K->320K(78848K)] 399703K->321367K(695296K), 0.0020740 secs] [Times: user=0.01 sys=0.00, real=0.01 secs] 
2612.696: [GC (Allocation Failure) [PSYoungGen: 78656K->1344K(80896K)] 399703K->322391K(697344K), 0.0023601 secs] [Times: user=0.01 sys=0.00, real=0.01 secs] 
2613.612: [GC (Allocation Failure) [PSYoungGen: 79680K->1344K(79872K)] 400727K->322391K(696320K), 0.0030847 secs] [Times: user=0.01 sys=0.00, real=0.00 secs] 
2614.320: [GC (Allocation Failure) [PSYoungGen: 79680K->1376K(79872K)] 400727K->322423K(696320K), 0.0024259 secs] [Times: user=0.01 sys=0.00, real=0.00 secs] 
2614.998: [GC (Allocation Failure) [PSYoungGen: 79712K->1344K(79872K)] 400759K->322391K(696320K), 0.0024786 secs] [Times: user=0.01 sys=0.00, real=0.00 secs] 
2616.125: [GC (Allocation Failure) [PSYoungGen: 79680K->1392K(79872K)] 400727K->322439K(696320K), 0.0019947 secs] [Times: user=0.00 sys=0.00, real=0.01 secs] 
2617.385: [GC (Allocation Failure) [PSYoungGen: 79728K->1376K(79872K)] 400775K->322423K(696320K), 0.0047486 secs] [Times: user=0.01 sys=0.00, real=0.01 secs] 
2618.568: [GC (Allocation Failure) [PSYoungGen: 79712K->1376K(79872K)] 400759K->322431K(696320K), 0.0044069 secs] [Times: user=0.02 sys=0.00, real=0.00 secs] 
2619.531: [GC (Allocation Failure) [PSYoungGen: 79712K->1376K(79872K)] 400767K->322431K(696320K), 0.0034766 secs] [Times: user=0.01 sys=0.00, real=0.00 secs] 
2621.160: [GC (Allocation Failure) [PSYoungGen: 79712K->1376K(79872K)] 400767K->322431K(696320K), 0.0023430 secs] [Times: user=0.01 sys=0.01, real=0.00 secs] 
2622.167: [GC (Allocation Failure) [PSYoungGen: 79712K->1344K(79872K)] 400767K->322399K(696320K), 0.0031711 secs] [Times: user=0.01 sys=0.00, real=0.00 secs] 
2622.850: [GC (Allocation Failure) [PSYoungGen: 79680K->1376K(79872K)] 400735K->322431K(696320K), 0.0028362 secs] [Times: user=0.01 sys=0.00, real=0.00 secs] 
2623.738: [GC (Allocation Failure) [PSYoungGen: 79712K->1309K(79872K)] 400767K->322365K(696320K), 0.0015304 secs] [Times: user=0.01 sys=0.00, real=0.00 secs] 
2624.720: [GC (Allocation Failure) [PSYoungGen: 79645K->1376K(79872K)] 400701K->322431K(696320K), 0.0037189 secs] [Times: user=0.02 sys=0.00, real=0.00 secs] 
2625.484: [GC (Allocation Failure) [PSYoungGen: 79712K->1376K(79872K)] 400767K->322431K(696320K), 0.0030349 secs] [Times: user=0.02 sys=0.00, real=0.01 secs] 
2626.436: [GC (Allocation Failure) [PSYoungGen: 79712K->1344K(79872K)] 400767K->322399K(696320K), 0.0034161 secs] [Times: user=0.01 sys=0.00, real=0.01 secs] 
2627.665: [GC (Allocation Failure) [PSYoungGen: 79680K->832K(79360K)] 400735K->322911K(695808K), 0.0018080 secs] [Times: user=0.00 sys=0.00, real=0.01 secs] 
2628.027: [GC (Allocation Failure) [PSYoungGen: 79168K->368K(78848K)] 401247K->322447K(695296K), 0.0019986 secs] [Times: user=0.01 sys=0.00, real=0.00 secs] 
2628.362: [GC (Allocation Failure) [PSYoungGen: 78704K->352K(78848K)] 400783K->322431K(695296K), 0.0019677 secs] [Times: user=0.00 sys=0.00, real=0.00 secs] 
2628.972: [GC (Allocation Failure) [PSYoungGen: 78688K->352K(80384K)] 400767K->322439K(696832K), 0.0018549 secs] [Times: user=0.01 sys=0.00, real=0.00 secs] 
2629.961: [GC (Allocation Failure) [PSYoungGen: 78688K->1408K(79872K)] 400775K->323495K(696320K), 0.0017628 secs] [Times: user=0.01 sys=0.00, real=0.00 secs] 
2630.429: [GC (Allocation Failure) [PSYoungGen: 79744K->1312K(79872K)] 401831K->323399K(696320K), 0.0018445 secs] [Times: user=0.00 sys=0.00, real=0.00 secs] 
2630.755: [GC (Allocation Failure) [PSYoungGen: 79648K->1376K(79872K)] 401735K->323463K(696320K), 0.0017693 secs] [Times: user=0.00 sys=0.00, real=0.01 secs] 
2631.155: [GC (Allocation Failure) [PSYoungGen: 79712K->1408K(79872K)] 401799K->323495K(696320K), 0.0020179 secs] [Times: user=0.01 sys=0.00, real=0.01 secs] 
2632.087: [GC (Allocation Failure) [PSYoungGen: 79744K->1376K(79872K)] 401831K->323463K(696320K), 0.0019706 secs] [Times: user=0.01 sys=0.00, real=0.00 secs] 
2632.806: [GC (Allocation Failure) [PSYoungGen: 79712K->1408K(79872K)] 401799K->323495K(696320K), 0.0046309 secs] [Times: user=0.01 sys=0.01, real=0.01 secs] 
2633.604: [GC (Allocation Failure) [PSYoungGen: 79744K->1376K(79872K)] 401831K->323463K(696320K), 0.0037964 secs] [Times: user=0.01 sys=0.00, real=0.01 secs] 
2634.393: [GC (Allocation Failure) [PSYoungGen: 79712K->1344K(79872K)] 401799K->323431K(696320K), 0.0032261 secs] [Times: user=0.02 sys=0.00, real=0.01 secs] 
2635.693: [GC (Allocation Failure) [PSYoungGen: 79680K->1376K(79872K)] 401767K->323463K(696320K), 0.0020187 secs] [Times: user=0.01 sys=0.00, real=0.00 secs] 
2636.419: [GC (Allocation Failure) [PSYoungGen: 79712K->1344K(79872K)] 401799K->323439K(696320K), 0.0023630 secs] [Times: user=0.00 sys=0.00, real=0.00 secs] 
2637.462: [GC (Allocation Failure) [PSYoungGen: 79680K->1376K(79872K)] 401775K->323471K(696320K), 0.0030055 secs] [Times: user=0.01 sys=0.00, real=0.00 secs] 
2638.702: [GC (Allocation Failure) [PSYoungGen: 79712K->1357K(79872K)] 401807K->323453K(696320K), 0.0016059 secs] [Times: user=0.00 sys=0.00, real=0.00 secs] 
2640.035: [GC (Allocation Failure) [PSYoungGen: 79693K->1408K(79872K)] 401789K->323503K(696320K), 0.0038481 secs] [Times: user=0.01 sys=0.00, real=0.01 secs] 
2640.833: [GC (Allocation Failure) [PSYoungGen: 79744K->1408K(79872K)] 401839K->323503K(696320K), 0.0025488 secs] [Times: user=0.01 sys=0.00, real=0.00 secs] 
2641.594: [GC (Allocation Failure) [PSYoungGen: 79744K->1376K(79872K)] 401839K->323471K(696320K), 0.0024023 secs] [Times: user=0.01 sys=0.00, real=0.00 secs] 
2642.935: [GC (Allocation Failure) [PSYoungGen: 79712K->1920K(80384K)] 401807K->324015K(696832K), 0.0018419 secs] [Times: user=0.00 sys=0.00, real=0.01 secs] 
2643.260: [GC (Allocation Failure) [PSYoungGen: 80256K->352K(78848K)] 402351K->323471K(695296K), 0.0016634 secs] [Times: user=0.01 sys=0.00, real=0.00 secs] 
2643.585: [GC (Allocation Failure) [PSYoungGen: 78688K->288K(80896K)] 401807K->323407K(697344K), 0.0015256 secs] [Times: user=0.01 sys=0.00, real=0.01 secs] 
2643.928: [GC (Allocation Failure) [PSYoungGen: 78624K->320K(78848K)] 401743K->323439K(695296K), 0.0026236 secs] [Times: user=0.01 sys=0.00, real=0.00 secs] 
2644.926: [GC (Allocation Failure) [PSYoungGen: 78656K->1376K(80896K)] 401775K->324495K(697344K), 0.0037372 secs] [Times: user=0.01 sys=0.00, real=0.01 secs] 
2645.635: [GC (Allocation Failure) [PSYoungGen: 79712K->1312K(79872K)] 402831K->324431K(696320K), 0.0029832 secs] [Times: user=0.01 sys=0.00, real=0.01 secs] 
2646.264: [GC (Allocation Failure) [PSYoungGen: 79648K->1344K(79872K)] 402767K->324463K(696320K), 0.0023454 secs] [Times: user=0.01 sys=0.00, real=0.00 secs] 
2646.590: [GC (Allocation Failure) [PSYoungGen: 79680K->1312K(79872K)] 402799K->324431K(696320K), 0.0020806 secs] [Times: user=0.00 sys=0.00, real=0.00 secs] 
2647.985: [GC (Allocation Failure) [PSYoungGen: 79648K->1376K(79872K)] 402767K->324503K(696320K), 0.0032807 secs] [Times: user=0.01 sys=0.00, real=0.01 secs] 
2648.862: [GC (Allocation Failure) [PSYoungGen: 79712K->1408K(79872K)] 402839K->324535K(696320K), 0.0038666 secs] [Times: user=0.02 sys=0.00, real=0.00 secs] 
2650.136: [GC (Allocation Failure) [PSYoungGen: 79744K->1376K(79872K)] 402871K->324503K(696320K), 0.0044795 secs] [Times: user=0.01 sys=0.00, real=0.01 secs] 
2651.123: [GC (Allocation Failure) [PSYoungGen: 79712K->1376K(79872K)] 402839K->324503K(696320K), 0.0034713 secs] [Times: user=0.01 sys=0.01, real=0.01 secs] 
2652.587: [GC (Allocation Failure) [PSYoungGen: 79712K->1408K(79872K)] 402839K->324535K(696320K), 0.0019547 secs] [Times: user=0.01 sys=0.00, real=0.00 secs] 
2653.453: [GC (Allocation Failure) [PSYoungGen: 79744K->1376K(79872K)] 402871K->324503K(696320K), 0.0038630 secs] [Times: user=0.01 sys=0.00, real=0.01 secs] 
2654.537: [GC (Allocation Failure) [PSYoungGen: 79712K->1376K(79872K)] 402839K->324503K(696320K), 0.0041517 secs] [Times: user=0.02 sys=0.00, real=0.00 secs] 
2655.768: [GC (Allocation Failure) [PSYoungGen: 79712K->1360K(79872K)] 402839K->324495K(696320K), 0.0015008 secs] [Times: user=0.01 sys=0.00, real=0.00 secs] 
2656.662: [GC (Allocation Failure) [PSYoungGen: 79696K->1376K(79872K)] 402831K->324511K(696320K), 0.0021811 secs] [Times: user=0.00 sys=0.00, real=0.00 secs] 
2657.282: [GC (Allocation Failure) [PSYoungGen: 79712K->1344K(79872K)] 402847K->324479K(696320K), 0.0033891 secs] [Times: user=0.01 sys=0.00, real=0.00 secs] 
2657.792: [GC (Allocation Failure) [PSYoungGen: 79680K->1344K(79872K)] 402815K->324479K(696320K), 0.0019792 secs] [Times: user=0.01 sys=0.00, real=0.00 secs] 
2658.821: [GC (Allocation Failure) [PSYoungGen: 79680K->928K(79360K)] 402815K->325095K(695808K), 0.0018616 secs] [Times: user=0.01 sys=0.00, real=0.00 secs] 
2659.651: [GC (Allocation Failure) [PSYoungGen: 79264K->352K(78848K)] 403431K->324519K(695296K), 0.0035129 secs] [Times: user=0.01 sys=0.00, real=0.00 secs] 
2660.476: [GC (Allocation Failure) [PSYoungGen: 78688K->288K(78848K)] 402855K->324455K(695296K), 0.0032728 secs] [Times: user=0.01 sys=0.00, real=0.01 secs] 
2661.227: [GC (Allocation Failure) [PSYoungGen: 78624K->368K(80384K)] 402791K->324535K(696832K), 0.0025192 secs] [Times: user=0.01 sys=0.00, real=0.00 secs] 
2662.931: [GC (Allocation Failure) [PSYoungGen: 78704K->1376K(79872K)] 402871K->325551K(696320K), 0.0044842 secs] [Times: user=0.02 sys=0.00, real=0.00 secs] 
2664.706: [GC (Allocation Failure) [PSYoungGen: 79712K->1376K(79872K)] 403887K->325551K(696320K), 0.0030399 secs] [Times: user=0.01 sys=0.00, real=0.01 secs] 
2665.563: [GC (Allocation Failure) [PSYoungGen: 79712K->1344K(79872K)] 403887K->325527K(696320K), 0.0028455 secs] [Times: user=0.01 sys=0.00, real=0.00 secs] 
2666.722: [GC (Allocation Failure) [PSYoungGen: 79680K->1392K(79872K)] 403863K->325575K(696320K), 0.0045595 secs] [Times: user=0.02 sys=0.00, real=0.01 secs] 
2667.902: [GC (Allocation Failure) [PSYoungGen: 79728K->1440K(79872K)] 403911K->325623K(696320K), 0.0017716 secs] [Times: user=0.00 sys=0.00, real=0.00 secs] 
2668.295: [GC (Allocation Failure) [PSYoungGen: 79776K->1344K(79872K)] 403959K->325527K(696320K), 0.0020242 secs] [Times: user=0.00 sys=0.00, real=0.01 secs] 
2668.696: [GC (Allocation Failure) [PSYoungGen: 79680K->1328K(79872K)] 403863K->325511K(696320K), 0.0019573 secs] [Times: user=0.01 sys=0.00, real=0.01 secs] 
2669.147: [GC (Allocation Failure) [PSYoungGen: 79664K->1344K(79872K)] 403847K->325535K(696320K), 0.0019748 secs] [Times: user=0.01 sys=0.00, real=0.00 secs] 
2670.280: [GC (Allocation Failure) [PSYoungGen: 79680K->1408K(79872K)] 403871K->325599K(696320K), 0.0018514 secs] [Times: user=0.01 sys=0.00, real=0.00 secs] 
2671.391: [GC (Allocation Failure) [PSYoungGen: 79744K->1344K(79872K)] 403935K->325535K(696320K), 0.0021938 secs] [Times: user=0.01 sys=0.00, real=0.00 secs] 
2672.299: [GC (Allocation Failure) [PSYoungGen: 79680K->1376K(79872K)] 403871K->325567K(696320K), 0.0031838 secs] [Times: user=0.01 sys=0.00, real=0.00 secs] 
2673.328: [GC (Allocation Failure) [PSYoungGen: 79712K->1357K(79872K)] 403903K->325557K(696320K), 0.0016275 secs] [Times: user=0.00 sys=0.00, real=0.00 secs] 
2673.998: [GC (Allocation Failure) [PSYoungGen: 79693K->1376K(79872K)] 403893K->325575K(696320K), 0.0017025 secs] [Times: user=0.01 sys=0.00, real=0.00 secs] 
2674.652: [GC (Allocation Failure) [PSYoungGen: 79712K->1408K(79872K)] 403911K->325607K(696320K), 0.0018851 secs] [Times: user=0.00 sys=0.00, real=0.00 secs] 
2675.316: [GC (Allocation Failure) [PSYoungGen: 79744K->1376K(79872K)] 403943K->325575K(696320K), 0.0019475 secs] [Times: user=0.00 sys=0.00, real=0.01 secs] 
2676.490: [GC (Allocation Failure) [PSYoungGen: 79712K->1920K(80384K)] 403911K->326119K(696832K), 0.0019140 secs] [Times: user=0.00 sys=0.00, real=0.00 secs] 
2677.234: [GC (Allocation Failure) [PSYoungGen: 80256K->272K(78848K)] 404455K->325495K(695296K), 0.0021054 secs] [Times: user=0.01 sys=0.00, real=0.00 secs] 
2677.951: [GC (Allocation Failure) [PSYoungGen: 78608K->288K(80896K)] 403831K->325519K(697344K), 0.0019869 secs] [Times: user=0.00 sys=0.00, real=0.00 secs] 
2678.579: [GC (Allocation Failure) [PSYoungGen: 78624K->352K(78848K)] 403855K->325583K(695296K), 0.0024211 secs] [Times: user=0.00 sys=0.00, real=0.00 secs] 
2679.849: [GC (Allocation Failure) [PSYoungGen: 78688K->1376K(80896K)] 403919K->326607K(697344K), 0.0017332 secs] [Times: user=0.01 sys=0.00, real=0.00 secs] 
2681.017: [GC (Allocation Failure) [PSYoungGen: 79712K->1376K(79872K)] 404943K->326607K(696320K), 0.0026878 secs] [Times: user=0.01 sys=0.00, real=0.00 secs] 
2681.918: [GC (Allocation Failure) [PSYoungGen: 79712K->1296K(79872K)] 404943K->326528K(696320K), 0.0025199 secs] [Times: user=0.01 sys=0.00, real=0.00 secs] 
2682.517: [GC (Allocation Failure) [PSYoungGen: 79632K->1344K(79872K)] 404864K->326575K(696320K), 0.0026106 secs] [Times: user=0.01 sys=0.00, real=0.00 secs] 
2683.444: [GC (Allocation Failure) [PSYoungGen: 79680K->1376K(79872K)] 404911K->326607K(696320K), 0.0018999 secs] [Times: user=0.00 sys=0.00, real=0.00 secs] 
2683.770: [GC (Allocation Failure) [PSYoungGen: 79712K->1440K(79872K)] 404943K->326671K(696320K), 0.0018353 secs] [Times: user=0.01 sys=0.00, real=0.00 secs] 
2684.096: [GC (Allocation Failure) [PSYoungGen: 79776K->1408K(79872K)] 405007K->326639K(696320K), 0.0018762 secs] [Times: user=0.01 sys=0.00, real=0.01 secs] 
2684.421: [GC (Allocation Failure) [PSYoungGen: 79744K->1440K(79872K)] 404975K->326671K(696320K), 0.0017954 secs] [Times: user=0.00 sys=0.00, real=0.00 secs] 
2685.405: [GC (Allocation Failure) [PSYoungGen: 79776K->1408K(79872K)] 405007K->326639K(696320K), 0.0019013 secs] [Times: user=0.00 sys=0.00, real=0.01 secs] 
2686.142: [GC (Allocation Failure) [PSYoungGen: 79744K->1344K(79872K)] 404975K->326575K(696320K), 0.0021125 secs] [Times: user=0.01 sys=0.00, real=0.00 secs] 
2686.528: [GC (Allocation Failure) [PSYoungGen: 79680K->1376K(79872K)] 404911K->326615K(696320K), 0.0021499 secs] [Times: user=0.01 sys=0.00, real=0.00 secs] 
2687.038: [GC (Allocation Failure) [PSYoungGen: 79712K->1357K(79872K)] 404951K->326597K(696320K), 0.0016089 secs] [Times: user=0.00 sys=0.00, real=0.00 secs] 
2688.714: [GC (Allocation Failure) [PSYoungGen: 79693K->1440K(79872K)] 404933K->326679K(696320K), 0.0036023 secs] [Times: user=0.01 sys=0.00, real=0.01 secs] 
2689.506: [GC (Allocation Failure) [PSYoungGen: 79776K->1376K(79872K)] 405015K->326615K(696320K), 0.0023870 secs] [Times: user=0.01 sys=0.00, real=0.01 secs] 
2690.338: [GC (Allocation Failure) [PSYoungGen: 79712K->1344K(79872K)] 404951K->326583K(696320K), 0.0047456 secs] [Times: user=0.01 sys=0.00, real=0.00 secs] 
2691.619: [GC (Allocation Failure) [PSYoungGen: 79680K->1392K(79872K)] 404919K->326888K(696320K), 0.0015851 secs] [Times: user=0.00 sys=0.00, real=0.00 secs] 
2691.948: [GC (Allocation Failure) [PSYoungGen: 79728K->1344K(79872K)] 405224K->326840K(696320K), 0.0017717 secs] [Times: user=0.01 sys=0.00, real=0.00 secs] 
2692.274: [GC (Allocation Failure) [PSYoungGen: 79680K->1344K(79872K)] 405176K->326840K(696320K), 0.0017061 secs] [Times: user=0.01 sys=0.00, real=0.00 secs] 
2692.643: [GC (Allocation Failure) [PSYoungGen: 79680K->1312K(79872K)] 405176K->326808K(696320K), 0.0017901 secs] [Times: user=0.01 sys=0.00, real=0.00 secs] 
2694.260: [GC (Allocation Failure) [PSYoungGen: 79648K->1344K(79872K)] 405144K->326840K(696320K), 0.0041416 secs] [Times: user=0.01 sys=0.00, real=0.00 secs] 
2695.189: [GC (Allocation Failure) [PSYoungGen: 79680K->1408K(79872K)] 405176K->326904K(696320K), 0.0029420 secs] [Times: user=0.01 sys=0.00, real=0.00 secs] 
2695.958: [GC (Allocation Failure) [PSYoungGen: 79744K->1360K(79872K)] 405240K->326856K(696320K), 0.0026740 secs] [Times: user=0.01 sys=0.00, real=0.00 secs] 
2696.600: [GC (Allocation Failure) [PSYoungGen: 79696K->1344K(79872K)] 405192K->326840K(696320K), 0.0024164 secs] [Times: user=0.01 sys=0.00, real=0.00 secs] 
2698.003: [GC (Allocation Failure) [PSYoungGen: 79680K->1408K(79872K)] 405176K->326912K(696320K), 0.0018816 secs] [Times: user=0.01 sys=0.00, real=0.00 secs] 
2698.794: [GC (Allocation Failure) [PSYoungGen: 79744K->1376K(79872K)] 405248K->326880K(696320K), 0.0029351 secs] [Times: user=0.01 sys=0.00, real=0.01 secs] 
2699.259: [GC (Allocation Failure) [PSYoungGen: 79712K->1344K(79872K)] 405216K->326848K(696320K), 0.0021781 secs] [Times: user=0.01 sys=0.00, real=0.00 secs] 
2699.701: [GC (Allocation Failure) [PSYoungGen: 79680K->1312K(79872K)] 405184K->326816K(696320K), 0.0020430 secs] [Times: user=0.01 sys=0.00, real=0.00 secs] 
2701.247: [GC (Allocation Failure) [PSYoungGen: 79648K->1408K(79872K)] 405152K->326912K(696320K), 0.0075035 secs] [Times: user=0.03 sys=0.00, real=0.00 secs] 
2702.292: [GC (Allocation Failure) [PSYoungGen: 79744K->1376K(79872K)] 405248K->326880K(696320K), 0.0030970 secs] [Times: user=0.01 sys=0.00, real=0.00 secs] 
2703.185: [GC (Allocation Failure) [PSYoungGen: 79712K->1376K(79872K)] 405216K->326880K(696320K), 0.0029159 secs] [Times: user=0.01 sys=0.00, real=0.01 secs] 
2704.286: [GC (Allocation Failure) [PSYoungGen: 79712K->1360K(79872K)] 405216K->326864K(696320K), 0.0017767 secs] [Times: user=0.01 sys=0.00, real=0.01 secs] 
2706.339: [GC (Allocation Failure) [PSYoungGen: 79696K->352K(78848K)] 405200K->326880K(695296K), 0.0038923 secs] [Times: user=0.01 sys=0.00, real=0.00 secs] 
2707.452: [GC (Allocation Failure) [PSYoungGen: 78688K->352K(80384K)] 405216K->326880K(696832K), 0.0034367 secs] [Times: user=0.01 sys=0.00, real=0.00 secs] 
2708.218: [GC (Allocation Failure) [PSYoungGen: 78688K->320K(78848K)] 405216K->326848K(695296K), 0.0032593 secs] [Times: user=0.01 sys=0.00, real=0.00 secs] 
2709.377: [GC (Allocation Failure) [PSYoungGen: 78656K->1664K(80384K)] 405184K->328192K(696832K), 0.0017541 secs] [Times: user=0.00 sys=0.00, real=0.00 secs] 
2709.825: [GC (Allocation Failure) [PSYoungGen: 80000K->1312K(79872K)] 406528K->327848K(696320K), 0.0019952 secs] [Times: user=0.00 sys=0.00, real=0.01 secs] 
2710.164: [GC (Allocation Failure) [PSYoungGen: 79648K->1408K(79872K)] 406184K->327944K(696320K), 0.0019759 secs] [Times: user=0.00 sys=0.00, real=0.00 secs] 
2710.504: [GC (Allocation Failure) [PSYoungGen: 79744K->1344K(79872K)] 406280K->327880K(696320K), 0.0017800 secs] [Times: user=0.01 sys=0.00, real=0.00 secs] 
2711.355: [GC (Allocation Failure) [PSYoungGen: 79680K->1408K(79872K)] 406216K->327944K(696320K), 0.0017120 secs] [Times: user=0.01 sys=0.00, real=0.01 secs] 
2711.778: [GC (Allocation Failure) [PSYoungGen: 79744K->1440K(79872K)] 406280K->327976K(696320K), 0.0016486 secs] [Times: user=0.01 sys=0.00, real=0.00 secs] 
2712.349: [GC (Allocation Failure) [PSYoungGen: 79776K->1376K(79872K)] 406312K->327912K(696320K), 0.0044466 secs] [Times: user=0.02 sys=0.00, real=0.00 secs] 
2712.993: [GC (Allocation Failure) [PSYoungGen: 79712K->1328K(79872K)] 406248K->327864K(696320K), 0.0030558 secs] [Times: user=0.01 sys=0.00, real=0.00 secs] 
2714.289: [GC (Allocation Failure) [PSYoungGen: 79664K->1376K(79872K)] 406200K->327912K(696320K), 0.0019830 secs] [Times: user=0.00 sys=0.00, real=0.00 secs] 
2715.235: [GC (Allocation Failure) [PSYoungGen: 79712K->1376K(79872K)] 406248K->327912K(696320K), 0.0024642 secs] [Times: user=0.01 sys=0.00, real=0.01 secs] 
2716.221: [GC (Allocation Failure) [PSYoungGen: 79712K->1376K(79872K)] 406248K->327912K(696320K), 0.0025370 secs] [Times: user=0.01 sys=0.00, real=0.00 secs] 
2717.195: [GC (Allocation Failure) [PSYoungGen: 79712K->1312K(79872K)] 406248K->327848K(696320K), 0.0026035 secs] [Times: user=0.01 sys=0.00, real=0.01 secs] 
2718.436: [GC (Allocation Failure) [PSYoungGen: 79648K->1344K(79872K)] 406184K->327888K(696320K), 0.0018239 secs] [Times: user=0.01 sys=0.00, real=0.01 secs] 
2719.190: [GC (Allocation Failure) [PSYoungGen: 79680K->1312K(79872K)] 406224K->327856K(696320K), 0.0017357 secs] [Times: user=0.01 sys=0.00, real=0.00 secs] 
2719.747: [GC (Allocation Failure) [PSYoungGen: 79648K->1312K(79872K)] 406192K->327856K(696320K), 0.0023782 secs] [Times: user=0.01 sys=0.00, real=0.00 secs] 
2720.298: [GC (Allocation Failure) [PSYoungGen: 79648K->1325K(79872K)] 406192K->327869K(696320K), 0.0016009 secs] [Times: user=0.01 sys=0.00, real=0.00 secs] 
2723.102: [GC (Allocation Failure) [PSYoungGen: 79661K->1408K(79872K)] 406205K->327952K(696320K), 0.0029278 secs] [Times: user=0.01 sys=0.01, real=0.00 secs] 
2723.464: [GC (Allocation Failure) [PSYoungGen: 79744K->1376K(79872K)] 406288K->327920K(696320K), 0.0020140 secs] [Times: user=0.00 sys=0.00, real=0.00 secs] 
2723.789: [GC (Allocation Failure) [PSYoungGen: 79712K->1344K(79872K)] 406256K->327888K(696320K), 0.0020819 secs] [Times: user=0.01 sys=0.00, real=0.00 secs] 
2724.574: [GC (Allocation Failure) [PSYoungGen: 79680K->1504K(79872K)] 406224K->328152K(696320K), 0.0018679 secs] [Times: user=0.01 sys=0.00, real=0.00 secs] 
2724.898: [GC (Allocation Failure) [PSYoungGen: 79840K->1312K(79872K)] 406488K->327960K(696320K), 0.0019947 secs] [Times: user=0.01 sys=0.00, real=0.00 secs] 
2725.224: [GC (Allocation Failure) [PSYoungGen: 79648K->1264K(79872K)] 406296K->327912K(696320K), 0.0017723 secs] [Times: user=0.00 sys=0.00, real=0.00 secs] 
2725.549: [GC (Allocation Failure) [PSYoungGen: 79600K->1280K(79872K)] 406248K->327928K(696320K), 0.0019239 secs] [Times: user=0.01 sys=0.00, real=0.00 secs] 
2726.447: [GC (Allocation Failure) [PSYoungGen: 79616K->1408K(79872K)] 406264K->328056K(696320K), 0.0021016 secs] [Times: user=0.01 sys=0.00, real=0.00 secs] 
2726.773: [GC (Allocation Failure) [PSYoungGen: 79744K->1376K(79872K)] 406392K->328032K(696320K), 0.0021665 secs] [Times: user=0.01 sys=0.00, real=0.00 secs] 
2727.234: [GC (Allocation Failure) [PSYoungGen: 79712K->1376K(79872K)] 406368K->328032K(696320K), 0.0019773 secs] [Times: user=0.01 sys=0.00, real=0.00 secs] 
2727.917: [GC (Allocation Failure) [PSYoungGen: 79712K->1376K(79872K)] 406368K->328032K(696320K), 0.0023980 secs] [Times: user=0.01 sys=0.00, real=0.00 secs] 
2729.011: [GC (Allocation Failure) [PSYoungGen: 79712K->1408K(79872K)] 406368K->328064K(696320K), 0.0018280 secs] [Times: user=0.01 sys=0.00, real=0.00 secs] 
2729.337: [GC (Allocation Failure) [PSYoungGen: 79744K->1376K(79872K)] 406400K->328032K(696320K), 0.0017967 secs] [Times: user=0.00 sys=0.00, real=0.00 secs] 
2729.809: [GC (Allocation Failure) [PSYoungGen: 79712K->1376K(79872K)] 406368K->328032K(696320K), 0.0019791 secs] [Times: user=0.01 sys=0.01, real=0.00 secs] 
2730.421: [GC (Allocation Failure) [PSYoungGen: 79712K->1344K(79872K)] 406368K->328000K(696320K), 0.0020899 secs] [Times: user=0.01 sys=0.00, real=0.00 secs] 
2731.429: [GC (Allocation Failure) [PSYoungGen: 79680K->1376K(79872K)] 406336K->328032K(696320K), 0.0021541 secs] [Times: user=0.01 sys=0.00, real=0.00 secs] 
2732.017: [GC (Allocation Failure) [PSYoungGen: 79712K->1408K(79872K)] 406368K->328064K(696320K), 0.0051803 secs] [Times: user=0.02 sys=0.00, real=0.00 secs] 
2732.620: [GC (Allocation Failure) [PSYoungGen: 79744K->384K(78848K)] 406400K->328064K(695296K), 0.0026725 secs] [Times: user=0.01 sys=0.00, real=0.00 secs] 
2733.655: [GC (Allocation Failure) [PSYoungGen: 78720K->1392K(80384K)] 406400K->329104K(696832K), 0.0016618 secs] [Times: user=0.01 sys=0.00, real=0.00 secs] 
2734.645: [GC (Allocation Failure) [PSYoungGen: 79728K->1440K(79872K)] 407440K->329168K(696320K), 0.0029722 secs] [Times: user=0.01 sys=0.00, real=0.01 secs] 
2735.331: [GC (Allocation Failure) [PSYoungGen: 79776K->1344K(79872K)] 407504K->329072K(696320K), 0.0025212 secs] [Times: user=0.01 sys=0.00, real=0.00 secs] 
2735.817: [GC (Allocation Failure) [PSYoungGen: 79680K->1344K(79872K)] 407408K->329072K(696320K), 0.0020151 secs] [Times: user=0.00 sys=0.00, real=0.00 secs] 
2736.710: [GC (Allocation Failure) [PSYoungGen: 79680K->1952K(80384K)] 407408K->329688K(696832K), 0.0018865 secs] [Times: user=0.01 sys=0.00, real=0.00 secs] 
2737.477: [GC (Allocation Failure) [PSYoungGen: 80288K->352K(78848K)] 408024K->329112K(695296K), 0.0021360 secs] [Times: user=0.01 sys=0.00, real=0.00 secs] 
2738.170: [GC (Allocation Failure) [PSYoungGen: 78688K->320K(78848K)] 407448K->329080K(695296K), 0.0038142 secs] [Times: user=0.02 sys=0.00, real=0.00 secs] 
2738.631: [GC (Allocation Failure) [PSYoungGen: 78656K->288K(78848K)] 407416K->329048K(695296K), 0.0022797 secs] [Times: user=0.01 sys=0.01, real=0.00 secs] 
2739.908: [GC (Allocation Failure) [PSYoungGen: 78624K->1408K(80896K)] 407384K->330168K(697344K), 0.0033741 secs] [Times: user=0.02 sys=0.00, real=0.00 secs] 
2741.360: [GC (Allocation Failure) [PSYoungGen: 79744K->1360K(79872K)] 408504K->330120K(696320K), 0.0033576 secs] [Times: user=0.01 sys=0.00, real=0.00 secs] 
2742.086: [GC (Allocation Failure) [PSYoungGen: 79696K->1344K(79872K)] 408456K->330104K(696320K), 0.0029135 secs] [Times: user=0.01 sys=0.00, real=0.01 secs] 
2742.407: [GC (Allocation Failure) [PSYoungGen: 79680K->1312K(79872K)] 408440K->330072K(696320K), 0.0021515 secs] [Times: user=0.01 sys=0.00, real=0.00 secs] 
2743.450: [GC (Allocation Failure) [PSYoungGen: 79648K->1408K(79872K)] 408408K->330168K(696320K), 0.0018096 secs] [Times: user=0.00 sys=0.00, real=0.00 secs] 
2744.472: [GC (Allocation Failure) [PSYoungGen: 79744K->1392K(79872K)] 408504K->330152K(696320K), 0.0041115 secs] [Times: user=0.01 sys=0.00, real=0.00 secs] 
2745.118: [GC (Allocation Failure) [PSYoungGen: 79728K->1344K(79872K)] 408488K->330104K(696320K), 0.0029534 secs] [Times: user=0.01 sys=0.00, real=0.00 secs] 
2746.473: [GC (Allocation Failure) [PSYoungGen: 79680K->1408K(79872K)] 408440K->330168K(696320K), 0.0038602 secs] [Times: user=0.01 sys=0.00, real=0.01 secs] 
2748.225: [GC (Allocation Failure) [PSYoungGen: 79744K->1376K(79872K)] 408504K->330136K(696320K), 0.0022922 secs] [Times: user=0.00 sys=0.00, real=0.01 secs] 
2748.593: [GC (Allocation Failure) [PSYoungGen: 79712K->1344K(79872K)] 408472K->330112K(696320K), 0.0019791 secs] [Times: user=0.01 sys=0.00, real=0.00 secs] 
2748.966: [GC (Allocation Failure) [PSYoungGen: 79680K->1344K(79872K)] 408448K->330112K(696320K), 0.0022275 secs] [Times: user=0.01 sys=0.00, real=0.01 secs] 
2749.605: [GC (Allocation Failure) [PSYoungGen: 79680K->1357K(79872K)] 408448K->330125K(696320K), 0.0015449 secs] [Times: user=0.01 sys=0.00, real=0.00 secs] 
2751.581: [GC (Allocation Failure) [PSYoungGen: 79693K->1408K(79872K)] 408461K->330176K(696320K), 0.0022806 secs] [Times: user=0.01 sys=0.00, real=0.00 secs] 
2752.365: [GC (Allocation Failure) [PSYoungGen: 79744K->1344K(79872K)] 408512K->330112K(696320K), 0.0022083 secs] [Times: user=0.01 sys=0.00, real=0.01 secs] 
2753.162: [GC (Allocation Failure) [PSYoungGen: 79680K->1344K(79872K)] 408448K->330112K(696320K), 0.0026423 secs] [Times: user=0.01 sys=0.00, real=0.00 secs] 
2754.304: [GC (Allocation Failure) [PSYoungGen: 79680K->928K(79360K)] 408448K->330720K(695808K), 0.0019217 secs] [Times: user=0.01 sys=0.00, real=0.00 secs] 
2754.966: [GC (Allocation Failure) [PSYoungGen: 79264K->352K(78848K)] 409056K->330144K(695296K), 0.0020616 secs] [Times: user=0.01 sys=0.00, real=0.01 secs] 
2755.652: [GC (Allocation Failure) [PSYoungGen: 78688K->320K(78848K)] 408480K->330112K(695296K), 0.0030185 secs] [Times: user=0.01 sys=0.00, real=0.00 secs] 
2756.264: [GC (Allocation Failure) [PSYoungGen: 78656K->320K(80384K)] 408448K->330112K(696832K), 0.0024475 secs] [Times: user=0.01 sys=0.00, real=0.00 secs] 
2757.184: [GC (Allocation Failure) [PSYoungGen: 78656K->1440K(79872K)] 408448K->331232K(696320K), 0.0017663 secs] [Times: user=0.00 sys=0.00, real=0.00 secs] 
2757.555: [GC (Allocation Failure) [PSYoungGen: 79776K->1344K(79872K)] 409568K->331136K(696320K), 0.0021147 secs] [Times: user=0.00 sys=0.00, real=0.01 secs] 
2757.881: [GC (Allocation Failure) [PSYoungGen: 79680K->1344K(79872K)] 409472K->331144K(696320K), 0.0020158 secs] [Times: user=0.01 sys=0.00, real=0.00 secs] 
2758.207: [GC (Allocation Failure) [PSYoungGen: 79680K->1344K(79872K)] 409480K->331144K(696320K), 0.0023359 secs] [Times: user=0.01 sys=0.00, real=0.00 secs] 
2759.370: [GC (Allocation Failure) [PSYoungGen: 79680K->1376K(79872K)] 409480K->331184K(696320K), 0.0030017 secs] [Times: user=0.01 sys=0.00, real=0.00 secs] 
2760.524: [GC (Allocation Failure) [PSYoungGen: 79712K->1344K(79872K)] 409520K->331152K(696320K), 0.0044804 secs] [Times: user=0.02 sys=0.00, real=0.01 secs] 
2761.344: [GC (Allocation Failure) [PSYoungGen: 79680K->1312K(79872K)] 409488K->331120K(696320K), 0.0032613 secs] [Times: user=0.01 sys=0.00, real=0.01 secs] 
2762.025: [GC (Allocation Failure) [PSYoungGen: 79648K->1376K(79872K)] 409456K->331184K(696320K), 0.0028961 secs] [Times: user=0.01 sys=0.00, real=0.01 secs] 
2764.073: [GC (Allocation Failure) [PSYoungGen: 79712K->1408K(79872K)] 409520K->331224K(696320K), 0.0037513 secs] [Times: user=0.02 sys=0.00, real=0.01 secs] 
2765.563: [GC (Allocation Failure) [PSYoungGen: 79744K->1376K(79872K)] 409560K->331192K(696320K), 0.0039651 secs] [Times: user=0.02 sys=0.00, real=0.01 secs] 
2766.478: [GC (Allocation Failure) [PSYoungGen: 79712K->1344K(79872K)] 409528K->331160K(696320K), 0.0028077 secs] [Times: user=0.01 sys=0.00, real=0.00 secs] 
2767.570: [GC (Allocation Failure) [PSYoungGen: 79680K->1357K(79872K)] 409496K->331173K(696320K), 0.0017576 secs] [Times: user=0.01 sys=0.00, real=0.00 secs] 
2769.105: [GC (Allocation Failure) [PSYoungGen: 79693K->1376K(79872K)] 409509K->331200K(696320K), 0.0044663 secs] [Times: user=0.01 sys=0.00, real=0.01 secs] 
2770.307: [GC (Allocation Failure) [PSYoungGen: 79712K->1344K(79872K)] 409536K->331168K(696320K), 0.0030415 secs] [Times: user=0.01 sys=0.00, real=0.00 secs] 
2771.051: [GC (Allocation Failure) [PSYoungGen: 79680K->1344K(79872K)] 409504K->331168K(696320K), 0.0027461 secs] [Times: user=0.01 sys=0.00, real=0.00 secs] 
2771.996: [GC (Allocation Failure) [PSYoungGen: 79680K->1856K(80384K)] 409504K->331680K(696832K), 0.0024924 secs] [Times: user=0.01 sys=0.00, real=0.01 secs] 
2772.726: [GC (Allocation Failure) [PSYoungGen: 80192K->320K(78848K)] 410016K->331168K(695296K), 0.0025328 secs] [Times: user=0.01 sys=0.00, real=0.01 secs] 
2773.458: [GC (Allocation Failure) [PSYoungGen: 78656K->336K(80896K)] 409504K->331184K(697344K), 0.0026834 secs] [Times: user=0.01 sys=0.00, real=0.00 secs] 
2774.201: [GC (Allocation Failure) [PSYoungGen: 78672K->288K(78848K)] 409520K->331136K(695296K), 0.0030351 secs] [Times: user=0.01 sys=0.00, real=0.00 secs] 
2775.255: [GC (Allocation Failure) [PSYoungGen: 78624K->1408K(80896K)] 409472K->332256K(697344K), 0.0016759 secs] [Times: user=0.01 sys=0.00, real=0.00 secs] 
2775.619: [GC (Allocation Failure) [PSYoungGen: 79744K->1344K(79872K)] 410592K->332192K(696320K), 0.0020257 secs] [Times: user=0.01 sys=0.00, real=0.00 secs] 
2775.944: [GC (Allocation Failure) [PSYoungGen: 79680K->1376K(79872K)] 410528K->332224K(696320K), 0.0019396 secs] [Times: user=0.01 sys=0.00, real=0.00 secs] 
2776.270: [GC (Allocation Failure) [PSYoungGen: 79712K->1408K(79872K)] 410560K->332264K(696320K), 0.0019684 secs] [Times: user=0.01 sys=0.00, real=0.00 secs] 
2777.058: [GC (Allocation Failure) [PSYoungGen: 79744K->1440K(79872K)] 410600K->332304K(696320K), 0.0018452 secs] [Times: user=0.01 sys=0.00, real=0.00 secs] 
2777.386: [GC (Allocation Failure) [PSYoungGen: 79776K->1376K(79872K)] 410640K->332248K(696320K), 0.0018944 secs] [Times: user=0.00 sys=0.00, real=0.01 secs] 
2777.939: [GC (Allocation Failure) [PSYoungGen: 79712K->1344K(79872K)] 410584K->332216K(696320K), 0.0022214 secs] [Times: user=0.01 sys=0.00, real=0.00 secs] 
2778.275: [GC (Allocation Failure) [PSYoungGen: 79680K->1344K(79872K)] 410552K->332216K(696320K), 0.0019506 secs] [Times: user=0.00 sys=0.00, real=0.01 secs] 
2780.695: [GC (Allocation Failure) [PSYoungGen: 79680K->1408K(79872K)] 410552K->332280K(696320K), 0.0032325 secs] [Times: user=0.01 sys=0.00, real=0.01 secs] 
2781.689: [GC (Allocation Failure) [PSYoungGen: 79744K->1344K(79872K)] 410616K->332224K(696320K), 0.0028713 secs] [Times: user=0.01 sys=0.00, real=0.00 secs] 
2782.731: [GC (Allocation Failure) [PSYoungGen: 79680K->1360K(79872K)] 410560K->332240K(696320K), 0.0034949 secs] [Times: user=0.01 sys=0.00, real=0.00 secs] 
2783.974: [GC (Allocation Failure) [PSYoungGen: 79696K->1357K(79872K)] 410576K->332237K(696320K), 0.0015147 secs] [Times: user=0.00 sys=0.00, real=0.00 secs] 
2784.515: [GC (Allocation Failure) [PSYoungGen: 79693K->1344K(79872K)] 410573K->332224K(696320K), 0.0018967 secs] [Times: user=0.01 sys=0.00, real=0.01 secs] 
2784.896: [GC (Allocation Failure) [PSYoungGen: 79680K->1312K(79872K)] 410560K->332192K(696320K), 0.0018422 secs] [Times: user=0.01 sys=0.00, real=0.01 secs] 
2785.522: [GC (Allocation Failure) [PSYoungGen: 79648K->1376K(79872K)] 410528K->332256K(696320K), 0.0024570 secs] [Times: user=0.01 sys=0.00, real=0.00 secs] 
2786.600: [GC (Allocation Failure) [PSYoungGen: 79712K->864K(79360K)] 410592K->332776K(695808K), 0.0018237 secs] [Times: user=0.01 sys=0.00, real=0.00 secs] 
2786.963: [GC (Allocation Failure) [PSYoungGen: 79200K->320K(78848K)] 411112K->332232K(695296K), 0.0018728 secs] [Times: user=0.01 sys=0.00, real=0.00 secs] 
2787.326: [GC (Allocation Failure) [PSYoungGen: 78656K->352K(78848K)] 410568K->332264K(695296K), 0.0025478 secs] [Times: user=0.00 sys=0.00, real=0.01 secs] 
2787.709: [GC (Allocation Failure) [PSYoungGen: 78688K->288K(80384K)] 410600K->332200K(696832K), 0.0022737 secs] [Times: user=0.01 sys=0.00, real=0.00 secs] 
2788.694: [GC (Allocation Failure) [PSYoungGen: 78624K->1376K(79872K)] 410536K->333288K(696320K), 0.0019435 secs] [Times: user=0.01 sys=0.00, real=0.00 secs] 
2789.427: [GC (Allocation Failure) [PSYoungGen: 79712K->1344K(79872K)] 411624K->333256K(696320K), 0.0050505 secs] [Times: user=0.02 sys=0.00, real=0.00 secs] 
2790.190: [GC (Allocation Failure) [PSYoungGen: 79680K->1344K(79872K)] 411592K->333256K(696320K), 0.0027524 secs] [Times: user=0.01 sys=0.00, real=0.00 secs] 
2790.759: [GC (Allocation Failure) [PSYoungGen: 79680K->1344K(79872K)] 411592K->333256K(696320K), 0.0028483 secs] [Times: user=0.01 sys=0.00, real=0.00 secs] 
2791.983: [GC (Allocation Failure) [PSYoungGen: 79680K->1408K(79872K)] 411592K->333320K(696320K), 0.0022304 secs] [Times: user=0.01 sys=0.00, real=0.00 secs] 
2792.889: [GC (Allocation Failure) [PSYoungGen: 79744K->1328K(79872K)] 411656K->333240K(696320K), 0.0032955 secs] [Times: user=0.01 sys=0.00, real=0.00 secs] 
2793.732: [GC (Allocation Failure) [PSYoungGen: 79664K->1376K(79872K)] 411576K->333288K(696320K), 0.0031423 secs] [Times: user=0.01 sys=0.00, real=0.00 secs] 
2794.525: [GC (Allocation Failure) [PSYoungGen: 79712K->1344K(79872K)] 411624K->333256K(696320K), 0.0033491 secs] [Times: user=0.02 sys=0.00, real=0.01 secs] 
2795.677: [GC (Allocation Failure) [PSYoungGen: 79680K->1440K(79872K)] 411592K->333352K(696320K), 0.0019252 secs] [Times: user=0.01 sys=0.00, real=0.00 secs] 
2796.366: [GC (Allocation Failure) [PSYoungGen: 79776K->1408K(79872K)] 411688K->333328K(696320K), 0.0021857 secs] [Times: user=0.01 sys=0.01, real=0.01 secs] 
2797.051: [GC (Allocation Failure) [PSYoungGen: 79744K->1376K(79872K)] 411664K->333296K(696320K), 0.0020708 secs] [Times: user=0.01 sys=0.00, real=0.00 secs] 
2797.893: [GC (Allocation Failure) [PSYoungGen: 79712K->1357K(79872K)] 411632K->333285K(696320K), 0.0016210 secs] [Times: user=0.01 sys=0.00, real=0.00 secs] 
2798.883: [GC (Allocation Failure) [PSYoungGen: 79693K->1376K(79872K)] 411621K->333304K(696320K), 0.0028978 secs] [Times: user=0.01 sys=0.01, real=0.00 secs] 
2799.643: [GC (Allocation Failure) [PSYoungGen: 79712K->1344K(79872K)] 411640K->333272K(696320K), 0.0026479 secs] [Times: user=0.01 sys=0.00, real=0.00 secs] 
2800.267: [GC (Allocation Failure) [PSYoungGen: 79680K->1312K(79872K)] 411608K->333240K(696320K), 0.0020491 secs] [Times: user=0.01 sys=0.00, real=0.00 secs] 
2802.255: [GC (Allocation Failure) [PSYoungGen: 79648K->1888K(80384K)] 411576K->333816K(696832K), 0.0038888 secs] [Times: user=0.02 sys=0.00, real=0.01 secs] 
2803.071: [GC (Allocation Failure) [PSYoungGen: 80224K->352K(78848K)] 412152K->333304K(695296K), 0.0030427 secs] [Times: user=0.01 sys=0.00, real=0.00 secs] 
2804.131: [GC (Allocation Failure) [PSYoungGen: 78688K->368K(80896K)] 411640K->333320K(697344K), 0.0026249 secs] [Times: user=0.01 sys=0.00, real=0.00 secs] 
2805.154: [GC (Allocation Failure) [PSYoungGen: 78704K->352K(78848K)] 411656K->333304K(695296K), 0.0027476 secs] [Times: user=0.01 sys=0.00, real=0.01 secs] 
2806.728: [GC (Allocation Failure) [PSYoungGen: 78688K->1376K(80896K)] 411640K->334328K(697344K), 0.0022653 secs] [Times: user=0.01 sys=0.00, real=0.00 secs] 
2807.563: [GC (Allocation Failure) [PSYoungGen: 79712K->1408K(79872K)] 412664K->334360K(696320K), 0.0025170 secs] [Times: user=0.01 sys=0.00, real=0.00 secs] 
2808.270: [GC (Allocation Failure) [PSYoungGen: 79744K->1344K(79872K)] 412696K->334296K(696320K), 0.0025663 secs] [Times: user=0.01 sys=0.00, real=0.00 secs] 
2809.046: [GC (Allocation Failure) [PSYoungGen: 79680K->1344K(79872K)] 412632K->334296K(696320K), 0.0028222 secs] [Times: user=0.01 sys=0.00, real=0.01 secs] 
2810.006: [GC (Allocation Failure) [PSYoungGen: 79680K->1408K(79872K)] 412632K->334368K(696320K), 0.0020049 secs] [Times: user=0.01 sys=0.00, real=0.01 secs] 
2810.333: [GC (Allocation Failure) [PSYoungGen: 79744K->1376K(79872K)] 412704K->334336K(696320K), 0.0019450 secs] [Times: user=0.01 sys=0.00, real=0.00 secs] 
2810.658: [GC (Allocation Failure) [PSYoungGen: 79712K->1312K(79872K)] 412672K->334272K(696320K), 0.0019802 secs] [Times: user=0.00 sys=0.00, real=0.00 secs] 
2811.169: [GC (Allocation Failure) [PSYoungGen: 79648K->1344K(79872K)] 412608K->334304K(696320K), 0.0020731 secs] [Times: user=0.01 sys=0.00, real=0.00 secs] 
2812.350: [GC (Allocation Failure) [PSYoungGen: 79680K->1408K(79872K)] 412640K->334368K(696320K), 0.0021321 secs] [Times: user=0.01 sys=0.00, real=0.00 secs] 
2813.128: [GC (Allocation Failure) [PSYoungGen: 79744K->1376K(79872K)] 412704K->334336K(696320K), 0.0027290 secs] [Times: user=0.01 sys=0.00, real=0.00 secs] 
2814.002: [GC (Allocation Failure) [PSYoungGen: 79712K->1376K(79872K)] 412672K->334336K(696320K), 0.0045189 secs] [Times: user=0.02 sys=0.00, real=0.00 secs] 
2815.145: [GC (Allocation Failure) [PSYoungGen: 79712K->1357K(79872K)] 412672K->334317K(696320K), 0.0015116 secs] [Times: user=0.01 sys=0.00, real=0.00 secs] 
2816.066: [GC (Allocation Failure) [PSYoungGen: 79693K->1392K(79872K)] 412653K->334352K(696320K), 0.0028298 secs] [Times: user=0.01 sys=0.01, real=0.01 secs] 
2816.542: [GC (Allocation Failure) [PSYoungGen: 79728K->1344K(79872K)] 412688K->334304K(696320K), 0.0019438 secs] [Times: user=0.00 sys=0.00, real=0.00 secs] 
2816.877: [GC (Allocation Failure) [PSYoungGen: 79680K->1344K(79872K)] 412640K->334312K(696320K), 0.0019411 secs] [Times: user=0.01 sys=0.00, real=0.00 secs] 
2817.660: [GC (Allocation Failure) [PSYoungGen: 79680K->1424K(79872K)] 412648K->334904K(696320K), 0.0018748 secs] [Times: user=0.00 sys=0.00, real=0.00 secs] 
2817.986: [GC (Allocation Failure) [PSYoungGen: 79760K->1344K(79872K)] 413240K->334824K(696320K), 0.0019288 secs] [Times: user=0.01 sys=0.00, real=0.01 secs] 
2818.315: [GC (Allocation Failure) [PSYoungGen: 79680K->1344K(79872K)] 413160K->334824K(696320K), 0.0016068 secs] [Times: user=0.01 sys=0.00, real=0.00 secs] 
2818.658: [GC (Allocation Failure) [PSYoungGen: 79680K->1376K(79872K)] 413160K->334856K(696320K), 0.0017814 secs] [Times: user=0.01 sys=0.00, real=0.00 secs] 
2819.649: [GC (Allocation Failure) [PSYoungGen: 79712K->1440K(79872K)] 413192K->334920K(696320K), 0.0017439 secs] [Times: user=0.00 sys=0.00, real=0.00 secs] 
2820.372: [GC (Allocation Failure) [PSYoungGen: 79776K->1312K(79872K)] 413256K->334792K(696320K), 0.0018855 secs] [Times: user=0.01 sys=0.00, real=0.00 secs] 
2820.852: [GC (Allocation Failure) [PSYoungGen: 79648K->1312K(79872K)] 413128K->334792K(696320K), 0.0018763 secs] [Times: user=0.01 sys=0.00, real=0.00 secs] 
2821.741: [GC (Allocation Failure) [PSYoungGen: 79648K->1376K(79872K)] 413128K->334856K(696320K), 0.0019217 secs] [Times: user=0.01 sys=0.00, real=0.00 secs] 
2822.745: [GC (Allocation Failure) [PSYoungGen: 79712K->1376K(79872K)] 413192K->334856K(696320K), 0.0019072 secs] [Times: user=0.01 sys=0.00, real=0.01 secs] 
2823.071: [GC (Allocation Failure) [PSYoungGen: 79712K->1344K(79872K)] 413192K->334824K(696320K), 0.0020483 secs] [Times: user=0.01 sys=0.00, real=0.00 secs] 
2823.396: [GC (Allocation Failure) [PSYoungGen: 79680K->1312K(79872K)] 413160K->334792K(696320K), 0.0019047 secs] [Times: user=0.00 sys=0.00, real=0.01 secs] 
2823.722: [GC (Allocation Failure) [PSYoungGen: 79648K->1376K(79872K)] 413128K->334872K(696320K), 0.0018765 secs] [Times: user=0.01 sys=0.00, real=0.00 secs] 
2824.780: [GC (Allocation Failure) [PSYoungGen: 79712K->1408K(79872K)] 413208K->334904K(696320K), 0.0015660 secs] [Times: user=0.01 sys=0.00, real=0.00 secs] 
2825.420: [GC (Allocation Failure) [PSYoungGen: 79744K->1376K(79872K)] 413240K->334872K(696320K), 0.0019281 secs] [Times: user=0.01 sys=0.00, real=0.00 secs] 
2826.082: [GC (Allocation Failure) [PSYoungGen: 79712K->1376K(79872K)] 413208K->334872K(696320K), 0.0018646 secs] [Times: user=0.01 sys=0.00, real=0.00 secs] 
2827.098: [GC (Allocation Failure) [PSYoungGen: 79712K->1328K(79872K)] 413208K->334832K(696320K), 0.0015981 secs] [Times: user=0.01 sys=0.00, real=0.00 secs] 
2827.743: [GC (Allocation Failure) [PSYoungGen: 79664K->1408K(79872K)] 413168K->334912K(696320K), 0.0018143 secs] [Times: user=0.01 sys=0.00, real=0.00 secs] 
2828.352: [GC (Allocation Failure) [PSYoungGen: 79744K->1376K(79872K)] 413248K->334880K(696320K), 0.0019827 secs] [Times: user=0.00 sys=0.00, real=0.00 secs] 
2829.186: [GC (Allocation Failure) [PSYoungGen: 79712K->320K(78848K)] 413216K->334848K(695296K), 0.0019928 secs] [Times: user=0.01 sys=0.00, real=0.01 secs] 
2830.369: [GC (Allocation Failure) [PSYoungGen: 78159K->1680K(80384K)] 412687K->336208K(696832K), 0.0019276 secs] [Times: user=0.01 sys=0.00, real=0.00 secs] 
2830.837: [GC (Allocation Failure) [PSYoungGen: 80016K->1376K(79872K)] 414544K->335904K(696320K), 0.0021846 secs] [Times: user=0.01 sys=0.00, real=0.00 secs] 
2831.386: [GC (Allocation Failure) [PSYoungGen: 79712K->1344K(79872K)] 414240K->335872K(696320K), 0.0021841 secs] [Times: user=0.01 sys=0.00, real=0.01 secs] 
2832.023: [GC (Allocation Failure) [PSYoungGen: 79680K->1344K(79872K)] 414208K->335872K(696320K), 0.0020008 secs] [Times: user=0.01 sys=0.00, real=0.00 secs] 
2833.175: [GC (Allocation Failure) [PSYoungGen: 79680K->1408K(79872K)] 414208K->335936K(696320K), 0.0020102 secs] [Times: user=0.01 sys=0.00, real=0.01 secs] 
2833.872: [GC (Allocation Failure) [PSYoungGen: 79744K->1376K(79872K)] 414272K->335904K(696320K), 0.0027774 secs] [Times: user=0.01 sys=0.00, real=0.00 secs] 
2834.532: [GC (Allocation Failure) [PSYoungGen: 79712K->1408K(79872K)] 414240K->335936K(696320K), 0.0052259 secs] [Times: user=0.02 sys=0.00, real=0.01 secs] 
2834.914: [GC (Allocation Failure) [PSYoungGen: 79744K->1312K(79872K)] 414272K->335840K(696320K), 0.0020030 secs] [Times: user=0.01 sys=0.00, real=0.00 secs] 
2836.315: [GC (Allocation Failure) [PSYoungGen: 79648K->1408K(79872K)] 414176K->335936K(696320K), 0.0029550 secs] [Times: user=0.01 sys=0.00, real=0.01 secs] 
2837.320: [GC (Allocation Failure) [PSYoungGen: 79744K->1376K(79872K)] 414272K->335912K(696320K), 0.0040766 secs] [Times: user=0.02 sys=0.00, real=0.00 secs] 
2838.240: [GC (Allocation Failure) [PSYoungGen: 79712K->1344K(79872K)] 414248K->335880K(696320K), 0.0027809 secs] [Times: user=0.01 sys=0.00, real=0.00 secs] 
2838.945: [GC (Allocation Failure) [PSYoungGen: 79680K->1376K(79872K)] 414216K->335912K(696320K), 0.0021469 secs] [Times: user=0.01 sys=0.00, real=0.01 secs] 
2839.925: [GC (Allocation Failure) [PSYoungGen: 79712K->1408K(79872K)] 414248K->335944K(696320K), 0.0019013 secs] [Times: user=0.01 sys=0.00, real=0.01 secs] 
2840.498: [GC (Allocation Failure) [PSYoungGen: 79744K->1376K(79872K)] 414280K->335912K(696320K), 0.0017510 secs] [Times: user=0.01 sys=0.00, real=0.00 secs] 
2841.151: [GC (Allocation Failure) [PSYoungGen: 79712K->1328K(79872K)] 414248K->335864K(696320K), 0.0032299 secs] [Times: user=0.01 sys=0.00, real=0.00 secs] 
2842.295: [GC (Allocation Failure) [PSYoungGen: 79664K->1357K(79872K)] 414200K->335893K(696320K), 0.0016468 secs] [Times: user=0.01 sys=0.00, real=0.01 secs] 
2843.566: [GC (Allocation Failure) [PSYoungGen: 79693K->1376K(79872K)] 414229K->335912K(696320K), 0.0018189 secs] [Times: user=0.01 sys=0.00, real=0.01 secs] 
2844.652: [GC (Allocation Failure) [PSYoungGen: 79712K->352K(78848K)] 414248K->335912K(695296K), 0.0038724 secs] [Times: user=0.01 sys=0.00, real=0.00 secs] 
2845.299: [GC (Allocation Failure) [PSYoungGen: 78688K->320K(80384K)] 414248K->335880K(696832K), 0.0018588 secs] [Times: user=0.01 sys=0.00, real=0.00 secs] 
2846.078: [GC (Allocation Failure) [PSYoungGen: 78656K->1664K(80384K)] 414216K->337224K(696832K), 0.0017397 secs] [Times: user=0.00 sys=0.00, real=0.00 secs] 
2846.409: [GC (Allocation Failure) [PSYoungGen: 80000K->1344K(79872K)] 415560K->336904K(696320K), 0.0018240 secs] [Times: user=0.01 sys=0.00, real=0.00 secs] 
2846.735: [GC (Allocation Failure) [PSYoungGen: 79680K->352K(78848K)] 415240K->336936K(695296K), 0.0020805 secs] [Times: user=0.00 sys=0.00, real=0.01 secs] 
2847.061: [GC (Allocation Failure) [PSYoungGen: 78688K->352K(80384K)] 415272K->336944K(696832K), 0.0020967 secs] [Times: user=0.01 sys=0.00, real=0.00 secs] 
2848.336: [GC (Allocation Failure) [PSYoungGen: 78688K->1408K(79872K)] 415280K->338000K(696320K), 0.0025277 secs] [Times: user=0.01 sys=0.00, real=0.01 secs] 
2849.061: [GC (Allocation Failure) [PSYoungGen: 79744K->1376K(79872K)] 416336K->337968K(696320K), 0.0047509 secs] [Times: user=0.01 sys=0.01, real=0.00 secs] 
2849.699: [GC (Allocation Failure) [PSYoungGen: 79712K->1344K(79872K)] 416304K->337936K(696320K), 0.0026470 secs] [Times: user=0.01 sys=0.00, real=0.00 secs] 
2850.498: [GC (Allocation Failure) [PSYoungGen: 79680K->1344K(79872K)] 416272K->337936K(696320K), 0.0030687 secs] [Times: user=0.01 sys=0.00, real=0.00 secs] 
2852.223: [GC (Allocation Failure) [PSYoungGen: 79680K->1376K(79872K)] 416272K->337968K(696320K), 0.0038347 secs] [Times: user=0.01 sys=0.00, real=0.01 secs] 
2853.270: [GC (Allocation Failure) [PSYoungGen: 79712K->1344K(79872K)] 416304K->337936K(696320K), 0.0036723 secs] [Times: user=0.01 sys=0.00, real=0.00 secs] 
2854.096: [GC (Allocation Failure) [PSYoungGen: 79680K->1312K(79872K)] 416272K->337904K(696320K), 0.0034822 secs] [Times: user=0.01 sys=0.00, real=0.01 secs] 
2855.093: [GC (Allocation Failure) [PSYoungGen: 79648K->1344K(79872K)] 416240K->337936K(696320K), 0.0046929 secs] [Times: user=0.01 sys=0.00, real=0.01 secs] 
2856.635: [GC (Allocation Failure) [PSYoungGen: 79680K->1408K(79872K)] 416272K->338008K(696320K), 0.0027924 secs] [Times: user=0.01 sys=0.00, real=0.01 secs] 
2857.536: [GC (Allocation Failure) [PSYoungGen: 79744K->1376K(79872K)] 416344K->337976K(696320K), 0.0030173 secs] [Times: user=0.01 sys=0.00, real=0.01 secs] 
2858.536: [GC (Allocation Failure) [PSYoungGen: 79712K->1344K(79872K)] 416312K->337952K(696320K), 0.0032145 secs] [Times: user=0.01 sys=0.00, real=0.01 secs] 
2859.404: [GC (Allocation Failure) [PSYoungGen: 79680K->1357K(80384K)] 416288K->337965K(696832K), 0.0016005 secs] [Times: user=0.00 sys=0.00, real=0.00 secs] 
2860.335: [GC (Allocation Failure) [PSYoungGen: 79693K->1376K(80384K)] 416301K->337984K(696832K), 0.0020919 secs] [Times: user=0.01 sys=0.00, real=0.01 secs] 
2860.829: [GC (Allocation Failure) [PSYoungGen: 79712K->1312K(80384K)] 416320K->337920K(696832K), 0.0019547 secs] [Times: user=0.01 sys=0.00, real=0.00 secs] 
2861.156: [GC (Allocation Failure) [PSYoungGen: 79648K->1376K(80384K)] 416256K->337984K(696832K), 0.0019993 secs] [Times: user=0.01 sys=0.00, real=0.01 secs] 
2861.931: [GC (Allocation Failure) [PSYoungGen: 79712K->1696K(80384K)] 416320K->338304K(696832K), 0.0017691 secs] [Times: user=0.01 sys=0.00, real=0.00 secs] 
2862.254: [GC (Allocation Failure) [PSYoungGen: 80032K->1376K(80384K)] 416640K->337984K(696832K), 0.0017746 secs] [Times: user=0.01 sys=0.00, real=0.00 secs] 
2862.580: [GC (Allocation Failure) [PSYoungGen: 79712K->1376K(80384K)] 416320K->337984K(696832K), 0.0017125 secs] [Times: user=0.01 sys=0.00, real=0.00 secs] 
2862.905: [GC (Allocation Failure) [PSYoungGen: 79712K->1328K(80384K)] 416320K->337936K(696832K), 0.0018683 secs] [Times: user=0.01 sys=0.00, real=0.01 secs] 
2863.954: [GC (Allocation Failure) [PSYoungGen: 79664K->1376K(80384K)] 416272K->337984K(696832K), 0.0022088 secs] [Times: user=0.00 sys=0.00, real=0.00 secs] 
2865.109: [GC (Allocation Failure) [PSYoungGen: 79712K->1376K(80384K)] 416320K->337984K(696832K), 0.0028107 secs] [Times: user=0.01 sys=0.01, real=0.00 secs] 
2865.962: [GC (Allocation Failure) [PSYoungGen: 79712K->1344K(80384K)] 416320K->337952K(696832K), 0.0028007 secs] [Times: user=0.01 sys=0.00, real=0.00 secs] 
2867.035: [GC (Allocation Failure) [PSYoungGen: 79680K->1328K(80384K)] 416288K->337944K(696832K), 0.0023387 secs] [Times: user=0.01 sys=0.00, real=0.01 secs] 
2868.513: [GC (Allocation Failure) [PSYoungGen: 79664K->1328K(80384K)] 416280K->337952K(696832K), 0.0023382 secs] [Times: user=0.01 sys=0.00, real=0.00 secs] 
2869.713: [GC (Allocation Failure) [PSYoungGen: 79664K->1408K(80384K)] 416288K->338032K(696832K), 0.0035031 secs] [Times: user=0.02 sys=0.00, real=0.00 secs] 
2870.834: [GC (Allocation Failure) [PSYoungGen: 79744K->1344K(80384K)] 416368K->337968K(696832K), 0.0029799 secs] [Times: user=0.01 sys=0.00, real=0.01 secs] 
2872.034: [GC (Allocation Failure) [PSYoungGen: 79680K->1328K(80384K)] 416304K->337952K(696832K), 0.0044312 secs] [Times: user=0.02 sys=0.00, real=0.01 secs] 
2873.008: [GC (Allocation Failure) [PSYoungGen: 79664K->1376K(80384K)] 416288K->338000K(696832K), 0.0020809 secs] [Times: user=0.01 sys=0.00, real=0.00 secs] 
2873.335: [GC (Allocation Failure) [PSYoungGen: 79712K->1344K(79872K)] 416336K->337968K(696320K), 0.0019169 secs] [Times: user=0.01 sys=0.00, real=0.01 secs] 
2873.660: [GC (Allocation Failure) [PSYoungGen: 79680K->1376K(79872K)] 416304K->338000K(696320K), 0.0019133 secs] [Times: user=0.01 sys=0.00, real=0.00 secs] 
2874.169: [GC (Allocation Failure) [PSYoungGen: 79712K->333K(79360K)] 416336K->337981K(695808K), 0.0015502 secs] [Times: user=0.01 sys=0.00, real=0.00 secs] 
2875.793: [GC (Allocation Failure) [PSYoungGen: 78669K->1376K(80384K)] 416317K->339024K(696832K), 0.0041309 secs] [Times: user=0.01 sys=0.00, real=0.01 secs] 
2876.688: [GC (Allocation Failure) [PSYoungGen: 79712K->1344K(80384K)] 417360K->338992K(696832K), 0.0029098 secs] [Times: user=0.01 sys=0.00, real=0.00 secs] 
2877.472: [GC (Allocation Failure) [PSYoungGen: 79680K->1376K(80384K)] 417328K->339024K(696832K), 0.0028975 secs] [Times: user=0.01 sys=0.00, real=0.00 secs] 
2878.729: [GC (Allocation Failure) [PSYoungGen: 79712K->1696K(80384K)] 417360K->339344K(696832K), 0.0019454 secs] [Times: user=0.01 sys=0.01, real=0.00 secs] 
2879.400: [GC (Allocation Failure) [PSYoungGen: 80032K->1344K(80384K)] 417680K->339000K(696832K), 0.0031746 secs] [Times: user=0.01 sys=0.00, real=0.00 secs] 
2880.115: [GC (Allocation Failure) [PSYoungGen: 79680K->1408K(80384K)] 417336K->339064K(696832K), 0.0025878 secs] [Times: user=0.01 sys=0.00, real=0.01 secs] 
2880.725: [GC (Allocation Failure) [PSYoungGen: 79744K->1344K(80384K)] 417400K->339000K(696832K), 0.0026853 secs] [Times: user=0.01 sys=0.00, real=0.01 secs] 
2882.408: [GC (Allocation Failure) [PSYoungGen: 79680K->1376K(80384K)] 417336K->339032K(696832K), 0.0044623 secs] [Times: user=0.01 sys=0.00, real=0.00 secs] 
2883.314: [GC (Allocation Failure) [PSYoungGen: 79712K->1312K(80384K)] 417368K->338968K(696832K), 0.0031702 secs] [Times: user=0.01 sys=0.00, real=0.01 secs] 
2884.160: [GC (Allocation Failure) [PSYoungGen: 79648K->1344K(80384K)] 417304K->339000K(696832K), 0.0035544 secs] [Times: user=0.02 sys=0.00, real=0.00 secs] 
2884.893: [GC (Allocation Failure) [PSYoungGen: 79680K->1344K(80384K)] 417336K->339000K(696832K), 0.0028681 secs] [Times: user=0.01 sys=0.00, real=0.00 secs] 
2886.122: [GC (Allocation Failure) [PSYoungGen: 79680K->1408K(80384K)] 417336K->339064K(696832K), 0.0020611 secs] [Times: user=0.01 sys=0.01, real=0.00 secs] 
2886.453: [GC (Allocation Failure) [PSYoungGen: 79744K->1344K(80384K)] 417400K->339000K(696832K), 0.0021492 secs] [Times: user=0.01 sys=0.00, real=0.00 secs] 
2886.830: [GC (Allocation Failure) [PSYoungGen: 79680K->1376K(80384K)] 417336K->339032K(696832K), 0.0018964 secs] [Times: user=0.01 sys=0.00, real=0.00 secs] 
2887.206: [GC (Allocation Failure) [PSYoungGen: 79712K->1312K(80384K)] 417368K->338968K(696832K), 0.0019135 secs] [Times: user=0.00 sys=0.00, real=0.01 secs] 
2888.089: [GC (Allocation Failure) [PSYoungGen: 79648K->1344K(79872K)] 417304K->339008K(696320K), 0.0020988 secs] [Times: user=0.00 sys=0.00, real=0.00 secs] 
2888.469: [GC (Allocation Failure) [PSYoungGen: 79680K->1344K(79872K)] 417344K->339008K(696320K), 0.0021018 secs] [Times: user=0.01 sys=0.00, real=0.00 secs] 
2888.843: [GC (Allocation Failure) [PSYoungGen: 79680K->288K(79360K)] 417344K->338976K(695808K), 0.0019391 secs] [Times: user=0.01 sys=0.00, real=0.00 secs] 
2889.384: [GC (Allocation Failure) [PSYoungGen: 78624K->1357K(80384K)] 417312K->340045K(696832K), 0.0015890 secs] [Times: user=0.00 sys=0.00, real=0.00 secs] 
2890.300: [GC (Allocation Failure) [PSYoungGen: 79693K->1440K(80384K)] 418381K->340128K(696832K), 0.0018073 secs] [Times: user=0.01 sys=0.00, real=0.00 secs] 
2891.001: [GC (Allocation Failure) [PSYoungGen: 79776K->1344K(80384K)] 418464K->340032K(696832K), 0.0018267 secs] [Times: user=0.00 sys=0.00, real=0.00 secs] 
2891.671: [GC (Allocation Failure) [PSYoungGen: 79680K->1344K(80384K)] 418368K->340032K(696832K), 0.0035877 secs] [Times: user=0.01 sys=0.00, real=0.00 secs] 
2892.847: [GC (Allocation Failure) [PSYoungGen: 79680K->1904K(80384K)] 418368K->340600K(696832K), 0.0019670 secs] [Times: user=0.01 sys=0.00, real=0.00 secs] 
2894.242: [GC (Allocation Failure) [PSYoungGen: 80240K->1376K(80384K)] 418936K->340072K(696832K), 0.0022464 secs] [Times: user=0.01 sys=0.00, real=0.00 secs] 
2894.646: [GC (Allocation Failure) [PSYoungGen: 79712K->1344K(80384K)] 418408K->340040K(696832K), 0.0019098 secs] [Times: user=0.01 sys=0.00, real=0.01 secs] 
2895.217: [GC (Allocation Failure) [PSYoungGen: 79680K->1376K(80384K)] 418376K->340080K(696832K), 0.0021922 secs] [Times: user=0.01 sys=0.00, real=0.00 secs] 
2896.538: [GC (Allocation Failure) [PSYoungGen: 79712K->1392K(80384K)] 418416K->340096K(696832K), 0.0039789 secs] [Times: user=0.01 sys=0.00, real=0.00 secs] 
2897.545: [GC (Allocation Failure) [PSYoungGen: 79728K->1312K(80384K)] 418432K->340016K(696832K), 0.0034118 secs] [Times: user=0.01 sys=0.00, real=0.01 secs] 
2898.322: [GC (Allocation Failure) [PSYoungGen: 79648K->1376K(80384K)] 418352K->340080K(696832K), 0.0031182 secs] [Times: user=0.01 sys=0.00, real=0.00 secs] 
2898.977: [GC (Allocation Failure) [PSYoungGen: 79712K->1408K(80384K)] 418416K->340112K(696832K), 0.0031513 secs] [Times: user=0.02 sys=0.00, real=0.00 secs] 
2900.405: [GC (Allocation Failure) [PSYoungGen: 79744K->1376K(80384K)] 418448K->340080K(696832K), 0.0026515 secs] [Times: user=0.01 sys=0.00, real=0.01 secs] 
2901.200: [GC (Allocation Failure) [PSYoungGen: 79712K->1376K(80384K)] 418416K->340080K(696832K), 0.0026194 secs] [Times: user=0.01 sys=0.00, real=0.00 secs] 
2901.772: [GC (Allocation Failure) [PSYoungGen: 79712K->1344K(80384K)] 418416K->340048K(696832K), 0.0020613 secs] [Times: user=0.01 sys=0.00, real=0.00 secs] 
2902.141: [GC (Allocation Failure) [PSYoungGen: 79680K->1376K(80384K)] 418384K->340080K(696832K), 0.0019040 secs] [Times: user=0.01 sys=0.00, real=0.00 secs] 
2903.259: [GC (Allocation Failure) [PSYoungGen: 79712K->1376K(80384K)] 418416K->340088K(696832K), 0.0020602 secs] [Times: user=0.01 sys=0.00, real=0.00 secs] 
2903.716: [GC (Allocation Failure) [PSYoungGen: 79712K->1376K(80384K)] 418424K->340088K(696832K), 0.0021384 secs] [Times: user=0.01 sys=0.00, real=0.01 secs] 
2904.055: [GC (Allocation Failure) [PSYoungGen: 79712K->1312K(79872K)] 418424K->340024K(696320K), 0.0026044 secs] [Times: user=0.01 sys=0.00, real=0.01 secs] 
2904.660: [GC (Allocation Failure) [PSYoungGen: 79648K->1357K(79872K)] 418360K->340069K(696320K), 0.0015656 secs] [Times: user=0.00 sys=0.00, real=0.00 secs] 
2905.589: [GC (Allocation Failure) [PSYoungGen: 79693K->1376K(79872K)] 418405K->340088K(696320K), 0.0018426 secs] [Times: user=0.00 sys=0.00, real=0.00 secs] 
2906.429: [GC (Allocation Failure) [PSYoungGen: 79712K->1312K(79872K)] 418424K->340024K(696320K), 0.0019506 secs] [Times: user=0.01 sys=0.00, real=0.00 secs] 
2907.263: [GC (Allocation Failure) [PSYoungGen: 79648K->1376K(79872K)] 418360K->340096K(696320K), 0.0021485 secs] [Times: user=0.01 sys=0.00, real=0.00 secs] 
2908.630: [GC (Allocation Failure) [PSYoungGen: 79712K->1504K(79360K)] 418432K->340320K(695808K), 0.0018913 secs] [Times: user=0.01 sys=0.00, real=0.00 secs] 
2909.513: [GC (Allocation Failure) [PSYoungGen: 79328K->1280K(79872K)] 418144K->340096K(696320K), 0.0032020 secs] [Times: user=0.01 sys=0.00, real=0.00 secs] 
2910.156: [GC (Allocation Failure) [PSYoungGen: 79104K->1344K(79872K)] 417920K->340160K(696320K), 0.0024934 secs] [Times: user=0.01 sys=0.00, real=0.01 secs] 
2911.020: [GC (Allocation Failure) [PSYoungGen: 79168K->1312K(79872K)] 417984K->340128K(696320K), 0.0030290 secs] [Times: user=0.01 sys=0.00, real=0.00 secs] 
2912.119: [GC (Allocation Failure) [PSYoungGen: 79136K->1408K(79872K)] 417952K->340224K(696320K), 0.0015426 secs] [Times: user=0.00 sys=0.00, real=0.00 secs] 
2912.442: [GC (Allocation Failure) [PSYoungGen: 79232K->1408K(79872K)] 418048K->340224K(696320K), 0.0016593 secs] [Times: user=0.00 sys=0.00, real=0.00 secs] 
2912.764: [GC (Allocation Failure) [PSYoungGen: 79232K->1440K(79872K)] 418048K->340256K(696320K), 0.0016299 secs] [Times: user=0.01 sys=0.00, real=0.00 secs] 
2913.087: [GC (Allocation Failure) [PSYoungGen: 79264K->1472K(79872K)] 418080K->340288K(696320K), 0.0016548 secs] [Times: user=0.01 sys=0.00, real=0.00 secs] 
2913.999: [GC (Allocation Failure) [PSYoungGen: 79296K->1408K(79872K)] 418112K->340224K(696320K), 0.0021123 secs] [Times: user=0.01 sys=0.00, real=0.00 secs] 
2914.769: [GC (Allocation Failure) [PSYoungGen: 79232K->1376K(79872K)] 418048K->340192K(696320K), 0.0032659 secs] [Times: user=0.01 sys=0.00, real=0.00 secs] 
2915.087: [GC (Allocation Failure) [PSYoungGen: 79200K->1408K(79360K)] 418016K->340224K(695808K), 0.0018524 secs] [Times: user=0.01 sys=0.00, real=0.00 secs] 
2915.454: [GC (Allocation Failure) [PSYoungGen: 79232K->1408K(79360K)] 418048K->340224K(695808K), 0.0018748 secs] [Times: user=0.00 sys=0.00, real=0.00 secs] 
2916.242: [GC (Allocation Failure) [PSYoungGen: 79232K->416K(78848K)] 418048K->340264K(695296K), 0.0019004 secs] [Times: user=0.00 sys=0.00, real=0.00 secs] 
2916.626: [GC (Allocation Failure) [PSYoungGen: 78240K->384K(79872K)] 418088K->340232K(696320K), 0.0020150 secs] [Times: user=0.01 sys=0.00, real=0.01 secs] 
2917.042: [GC (Allocation Failure) [PSYoungGen: 78208K->352K(79872K)] 418056K->340200K(696320K), 0.0020395 secs] [Times: user=0.01 sys=0.00, real=0.00 secs] 
2917.519: [GC (Allocation Failure) [PSYoungGen: 78176K->352K(79872K)] 418024K->340224K(696320K), 0.0026434 secs] [Times: user=0.01 sys=0.01, real=0.00 secs] 
2918.520: [GC (Allocation Failure) [PSYoungGen: 78176K->1392K(79872K)] 418048K->341264K(696320K), 0.0016456 secs] [Times: user=0.01 sys=0.00, real=0.00 secs] 
2918.843: [GC (Allocation Failure) [PSYoungGen: 79216K->1376K(79872K)] 419088K->341248K(696320K), 0.0016674 secs] [Times: user=0.01 sys=0.00, real=0.00 secs] 
2919.294: [GC (Allocation Failure) [PSYoungGen: 79200K->1376K(79872K)] 419072K->341248K(696320K), 0.0018194 secs] [Times: user=0.01 sys=0.00, real=0.00 secs] 
2919.957: [GC (Allocation Failure) [PSYoungGen: 79200K->1309K(79872K)] 419072K->341197K(696320K), 0.0016147 secs] [Times: user=0.01 sys=0.00, real=0.00 secs] 
2920.392: [GC (Allocation Failure) [PSYoungGen: 79133K->1408K(79872K)] 419021K->341296K(696320K), 0.0018594 secs] [Times: user=0.01 sys=0.00, real=0.00 secs] 
2920.715: [GC (Allocation Failure) [PSYoungGen: 79232K->1344K(79872K)] 419120K->341232K(696320K), 0.0018066 secs] [Times: user=0.01 sys=0.00, real=0.01 secs] 
2921.044: [GC (Allocation Failure) [PSYoungGen: 79168K->1344K(79872K)] 419056K->341232K(696320K), 0.0018977 secs] [Times: user=0.01 sys=0.01, real=0.00 secs] 
2922.121: [GC (Allocation Failure) [PSYoungGen: 79168K->1376K(79872K)] 419056K->341264K(696320K), 0.0031844 secs] [Times: user=0.01 sys=0.00, real=0.00 secs] 
2922.677: [GC (Allocation Failure) [PSYoungGen: 79200K->1344K(79872K)] 419088K->341232K(696320K), 0.0020647 secs] [Times: user=0.01 sys=0.00, real=0.00 secs] 
2923.015: [GC (Allocation Failure) [PSYoungGen: 79168K->1344K(79872K)] 419056K->341248K(696320K), 0.0020101 secs] [Times: user=0.00 sys=0.00, real=0.01 secs] 
2923.383: [GC (Allocation Failure) [PSYoungGen: 79168K->1344K(79872K)] 419072K->341248K(696320K), 0.0020637 secs] [Times: user=0.01 sys=0.00, real=0.00 secs] 
2924.218: [GC (Allocation Failure) [PSYoungGen: 79168K->1408K(79872K)] 419072K->341312K(696320K), 0.0018070 secs] [Times: user=0.01 sys=0.00, real=0.00 secs] 
2924.541: [GC (Allocation Failure) [PSYoungGen: 79232K->1376K(79872K)] 419136K->341280K(696320K), 0.0017437 secs] [Times: user=0.00 sys=0.00, real=0.00 secs] 
2924.864: [GC (Allocation Failure) [PSYoungGen: 79200K->1408K(79872K)] 419104K->341312K(696320K), 0.0017043 secs] [Times: user=0.00 sys=0.00, real=0.00 secs] 
2925.327: [GC (Allocation Failure) [PSYoungGen: 79232K->1312K(79872K)] 419136K->341216K(696320K), 0.0017957 secs] [Times: user=0.01 sys=0.00, real=0.00 secs] 
2926.216: [GC (Allocation Failure) [PSYoungGen: 79136K->1408K(79872K)] 419040K->341312K(696320K), 0.0018739 secs] [Times: user=0.01 sys=0.00, real=0.01 secs] 
2926.540: [GC (Allocation Failure) [PSYoungGen: 79232K->1376K(79872K)] 419136K->341280K(696320K), 0.0018905 secs] [Times: user=0.01 sys=0.00, real=0.00 secs] 
2926.864: [GC (Allocation Failure) [PSYoungGen: 79200K->1344K(79872K)] 419104K->341248K(696320K), 0.0017734 secs] [Times: user=0.01 sys=0.00, real=0.00 secs] 
2927.235: [GC (Allocation Failure) [PSYoungGen: 79168K->1344K(79872K)] 419072K->341248K(696320K), 0.0017968 secs] [Times: user=0.01 sys=0.00, real=0.01 secs] 
2928.437: [GC (Allocation Failure) [PSYoungGen: 79168K->1440K(79872K)] 419072K->341344K(696320K), 0.0019565 secs] [Times: user=0.01 sys=0.00, real=0.00 secs] 
2929.073: [GC (Allocation Failure) [PSYoungGen: 79264K->1312K(79872K)] 419168K->341216K(696320K), 0.0023937 secs] [Times: user=0.01 sys=0.00, real=0.00 secs] 
2929.560: [GC (Allocation Failure) [PSYoungGen: 79136K->1328K(79872K)] 419040K->341232K(696320K), 0.0027532 secs] [Times: user=0.01 sys=0.00, real=0.00 secs] 
2930.348: [GC (Allocation Failure) [PSYoungGen: 79152K->1325K(79872K)] 419056K->341229K(696320K), 0.0015232 secs] [Times: user=0.00 sys=0.00, real=0.00 secs] 
2931.310: [GC (Allocation Failure) [PSYoungGen: 79149K->1440K(79872K)] 419053K->341344K(696320K), 0.0018844 secs] [Times: user=0.01 sys=0.00, real=0.00 secs] 
2931.828: [GC (Allocation Failure) [PSYoungGen: 79264K->1344K(79872K)] 419168K->341248K(696320K), 0.0028021 secs] [Times: user=0.02 sys=0.00, real=0.00 secs] 
2932.428: [GC (Allocation Failure) [PSYoungGen: 79168K->1376K(79872K)] 419072K->341280K(696320K), 0.0026182 secs] [Times: user=0.01 sys=0.00, real=0.00 secs] 
2933.557: [GC (Allocation Failure) [PSYoungGen: 79200K->1472K(79872K)] 419104K->341376K(696320K), 0.0017635 secs] [Times: user=0.01 sys=0.00, real=0.00 secs] 
2934.502: [GC (Allocation Failure) [PSYoungGen: 79296K->1344K(79872K)] 419200K->341248K(696320K), 0.0023157 secs] [Times: user=0.00 sys=0.00, real=0.00 secs] 
2935.224: [GC (Allocation Failure) [PSYoungGen: 79168K->1344K(79872K)] 419072K->341256K(696320K), 0.0028711 secs] [Times: user=0.01 sys=0.00, real=0.01 secs] 
2936.247: [GC (Allocation Failure) [PSYoungGen: 79168K->1376K(79872K)] 419080K->341288K(696320K), 0.0036133 secs] [Times: user=0.02 sys=0.00, real=0.00 secs] 
2937.739: [GC (Allocation Failure) [PSYoungGen: 79200K->1408K(79872K)] 419112K->341320K(696320K), 0.0018125 secs] [Times: user=0.01 sys=0.00, real=0.00 secs] 
2938.804: [GC (Allocation Failure) [PSYoungGen: 79232K->1376K(79360K)] 419144K->341288K(695808K), 0.0027138 secs] [Times: user=0.01 sys=0.00, real=0.01 secs] 
2939.496: [GC (Allocation Failure) [PSYoungGen: 79200K->1344K(79360K)] 419112K->341256K(695808K), 0.0026445 secs] [Times: user=0.01 sys=0.00, real=0.01 secs] 
2940.109: [GC (Allocation Failure) [PSYoungGen: 79168K->1344K(79360K)] 419080K->341256K(695808K), 0.0027438 secs] [Times: user=0.01 sys=0.00, real=0.00 secs] 
2941.121: [GC (Allocation Failure) [PSYoungGen: 79168K->1440K(79360K)] 419080K->341352K(695808K), 0.0017850 secs] [Times: user=0.00 sys=0.00, real=0.00 secs] 
2941.444: [GC (Allocation Failure) [PSYoungGen: 79264K->1376K(79360K)] 419176K->341288K(695808K), 0.0016825 secs] [Times: user=0.01 sys=0.00, real=0.00 secs] 
2941.970: [GC (Allocation Failure) [PSYoungGen: 79200K->1344K(79360K)] 419112K->341256K(695808K), 0.0016919 secs] [Times: user=0.01 sys=0.00, real=0.00 secs] 
2942.795: [GC (Allocation Failure) [PSYoungGen: 79168K->1344K(79360K)] 419080K->341256K(695808K), 0.0029687 secs] [Times: user=0.01 sys=0.00, real=0.01 secs] 
2945.855: [GC (Allocation Failure) [PSYoungGen: 79168K->1376K(79360K)] 419080K->341288K(695808K), 0.0041185 secs] [Times: user=0.02 sys=0.00, real=0.01 secs] 
2946.956: [GC (Allocation Failure) [PSYoungGen: 79200K->1328K(79360K)] 419112K->341240K(695808K), 0.0032364 secs] [Times: user=0.01 sys=0.00, real=0.01 secs] 
2947.601: [GC (Allocation Failure) [PSYoungGen: 79152K->1328K(79360K)] 419064K->341240K(695808K), 0.0019595 secs] [Times: user=0.00 sys=0.00, real=0.00 secs] 
2948.076: [GC (Allocation Failure) [PSYoungGen: 79152K->1344K(79360K)] 419064K->341256K(695808K), 0.0027871 secs] [Times: user=0.01 sys=0.00, real=0.01 secs] 
2949.614: [GC (Allocation Failure) [PSYoungGen: 79168K->1376K(79360K)] 419080K->341288K(695808K), 0.0039927 secs] [Times: user=0.02 sys=0.00, real=0.01 secs] 
2950.624: [GC (Allocation Failure) [PSYoungGen: 79200K->1360K(79360K)] 419112K->341280K(695808K), 0.0028619 secs] [Times: user=0.02 sys=0.00, real=0.01 secs] 
2951.338: [GC (Allocation Failure) [PSYoungGen: 79184K->1344K(79360K)] 419104K->341264K(695808K), 0.0023034 secs] [Times: user=0.01 sys=0.00, real=0.00 secs] 
2952.485: [GC (Allocation Failure) [PSYoungGen: 79168K->1357K(79360K)] 419088K->341277K(695808K), 0.0015326 secs] [Times: user=0.01 sys=0.00, real=0.00 secs] 
2954.666: [GC (Allocation Failure) [PSYoungGen: 79181K->1504K(78336K)] 419101K->343196K(694784K), 0.0031355 secs] [Times: user=0.02 sys=0.00, real=0.01 secs] 
2958.068: [GC (Allocation Failure) [PSYoungGen: 78304K->2528K(79360K)] 419996K->358439K(695808K), 0.0217774 secs] [Times: user=0.13 sys=0.00, real=0.02 secs] 
2965.745: [GC (Allocation Failure) [PSYoungGen: 79328K->8160K(73216K)] 435239K->393127K(689664K), 0.0499419 secs] [Times: user=0.28 sys=0.01, real=0.05 secs] 
2965.922: [GC (Allocation Failure) [PSYoungGen: 73184K->19936K(84992K)] 458151K->423287K(701440K), 0.0245816 secs] [Times: user=0.14 sys=0.00, real=0.02 secs] 
2966.017: [GC (Allocation Failure) [PSYoungGen: 84960K->30688K(93696K)] 488311K->453919K(710144K), 0.0246109 secs] [Times: user=0.13 sys=0.01, real=0.02 secs] 
2967.240: [GC (Allocation Failure) [PSYoungGen: 93664K->43488K(106496K)] 516895K->484663K(722944K), 0.0464732 secs] [Times: user=0.27 sys=0.01, real=0.04 secs] 
2968.053: [GC (Allocation Failure) [PSYoungGen: 106464K->58336K(115712K)] 547639K->515543K(732160K), 0.1169483 secs] [Times: user=0.27 sys=0.41, real=0.12 secs] 
2969.370: [GC (Allocation Failure) [PSYoungGen: 115680K->75232K(132608K)] 572887K->542759K(749056K), 0.0727694 secs] [Times: user=0.42 sys=0.00, real=0.07 secs] 
2972.386: [GC (Allocation Failure) [PSYoungGen: 132576K->92640K(140288K)] 600103K->570247K(756736K), 0.0886943 secs] [Times: user=0.39 sys=0.14, real=0.09 secs] 
2981.763: [GC (Allocation Failure) [PSYoungGen: 139501K->113120K(160768K)] 617109K->620435K(777216K), 0.0412391 secs] [Times: user=0.24 sys=0.00, real=0.04 secs] 
2982.890: [GC (Allocation Failure) [PSYoungGen: 160736K->79997K(198656K)] 668051K->587360K(815104K), 0.0623177 secs] [Times: user=0.30 sys=0.05, real=0.06 secs] 
2983.302: [GC (Allocation Failure) [PSYoungGen: 133757K->48960K(200704K)] 641120K->591379K(817152K), 0.0355796 secs] [Times: user=0.21 sys=0.00, real=0.04 secs] 
2983.531: [GC (Allocation Failure) [PSYoungGen: 102720K->25024K(194560K)] 645139K->612507K(811008K), 0.0876686 secs] [Times: user=0.52 sys=0.00, real=0.09 secs] 
2983.619: [Full GC (Ergonomics) [PSYoungGen: 25024K->0K(194560K)] [ParOldGen: 587483K->41988K(625152K)] 612507K->41988K(819712K), [Metaspace: 60051K->59967K(1105920K)], 0.0936821 secs] [Times: user=0.34 sys=0.00, real=0.09 secs] 
2983.996: [GC (Allocation Failure) [PSYoungGen: 64000K->30048K(197632K)] 105988K->72036K(822784K), 0.0117681 secs] [Times: user=0.06 sys=0.01, real=0.02 secs] 
2984.095: [GC (Allocation Failure) [PSYoungGen: 94048K->31520K(193536K)] 136036K->103460K(818688K), 0.0346700 secs] [Times: user=0.21 sys=0.00, real=0.04 secs] 
2984.210: [GC (Allocation Failure) [PSYoungGen: 107808K->37248K(198656K)] 179748K->140684K(823808K), 0.0356698 secs] [Times: user=0.21 sys=0.00, real=0.03 secs] 
2985.230: [GC (Allocation Failure) [PSYoungGen: 113536K->36160K(196096K)] 216972K->175732K(821248K), 0.0770583 secs] [Times: user=0.43 sys=0.00, real=0.08 secs] 
2985.682: [GC (Allocation Failure) [PSYoungGen: 127296K->49376K(201728K)] 266868K->225028K(826880K), 0.0351288 secs] [Times: user=0.21 sys=0.00, real=0.04 secs] 
2986.261: [GC (Allocation Failure) [PSYoungGen: 140490K->44288K(202240K)] 316143K->269364K(827392K), 0.0382721 secs] [Times: user=0.22 sys=0.01, real=0.04 secs] 
2987.239: [GC (Allocation Failure) [PSYoungGen: 152832K->4192K(208384K)] 377908K->273692K(833536K), 0.0615294 secs] [Times: user=0.31 sys=0.00, real=0.06 secs] 
2987.382: [GC (Allocation Failure) [PSYoungGen: 110653K->44896K(222720K)] 380153K->318099K(847872K), 0.0179751 secs] [Times: user=0.09 sys=0.00, real=0.02 secs] 
2987.529: [GC (Allocation Failure) [PSYoungGen: 174432K->63328K(226304K)] 447635K->379075K(851456K), 0.0293341 secs] [Times: user=0.15 sys=0.00, real=0.03 secs] 
2988.252: [GC (Allocation Failure) [PSYoungGen: 192864K->61600K(252928K)] 508611K->440587K(878080K), 0.1573065 secs] [Times: user=0.39 sys=0.25, real=0.16 secs] 
2989.677: [GC (Allocation Failure) [PSYoungGen: 214284K->100832K(253952K)] 593272K->554971K(879104K), 0.0566969 secs] [Times: user=0.34 sys=0.00, real=0.05 secs] 
2991.339: [GC (Allocation Failure) [PSYoungGen: 253920K->23104K(320512K)] 708059K->541371K(945664K), 0.0808483 secs] [Times: user=0.44 sys=0.03, real=0.08 secs] 
2991.973: [GC (Allocation Failure) [PSYoungGen: 204864K->84256K(323072K)] 723131K->623292K(948224K), 0.0356357 secs] [Times: user=0.21 sys=0.00, real=0.04 secs] 
2992.009: [Full GC (Ergonomics) [PSYoungGen: 84256K->0K(323072K)] [ParOldGen: 539036K->121649K(780800K)] 623292K->121649K(1103872K), [Metaspace: 59979K->59979K(1105920K)], 0.2767016 secs] [Times: user=1.26 sys=0.00, real=0.27 secs] 
2992.408: [GC (Allocation Failure) [PSYoungGen: 181760K->95968K(352256K)] 303409K->217617K(1133056K), 0.0506161 secs] [Times: user=0.18 sys=0.10, real=0.05 secs] 
2993.447: [GC (Allocation Failure) [PSYoungGen: 304864K->52832K(358400K)] 426513K->270073K(1139200K), 0.0547342 secs] [Times: user=0.32 sys=0.01, real=0.05 secs] 
2993.675: [GC (Allocation Failure) [PSYoungGen: 261728K->95936K(381952K)] 478969K->365483K(1162752K), 0.0558647 secs] [Times: user=0.28 sys=0.04, real=0.06 secs] 
2995.066: [GC (Allocation Failure) [PSYoungGen: 336064K->123040K(387072K)] 605611K->480079K(1167872K), 0.1455486 secs] [Times: user=0.86 sys=0.01, real=0.15 secs] 
2998.893: [GC (Allocation Failure) [PSYoungGen: 363168K->57952K(427520K)] 720207K->537863K(1208320K), 0.1312065 secs] [Times: user=0.75 sys=0.03, real=0.13 secs] 
2999.351: [GC (Allocation Failure) [PSYoungGen: 340064K->139232K(435712K)] 819975K->673836K(1216512K), 0.0410983 secs] [Times: user=0.24 sys=0.00, real=0.04 secs] 
3000.478: [GC (Allocation Failure) [PSYoungGen: 421344K->91680K(495616K)] 955948K->757268K(1276416K), 0.0879408 secs] [Times: user=0.44 sys=0.09, real=0.08 secs] 
3000.566: [Full GC (Ergonomics) [PSYoungGen: 91680K->0K(495616K)] [ParOldGen: 665588K->31712K(771584K)] 757268K->31712K(1267200K), [Metaspace: 59987K->59987K(1105920K)], 0.0494554 secs] [Times: user=0.16 sys=0.00, real=0.05 secs] 
3001.667: [GC (Allocation Failure) [PSYoungGen: 331776K->159456K(499200K)] 363488K->191168K(1270784K), 0.0477629 secs] [Times: user=0.28 sys=0.00, real=0.04 secs] 
3005.819: [GC (Allocation Failure) [PSYoungGen: 491232K->109952K(510976K)] 522944K->293032K(1282560K), 0.1703192 secs] [Times: user=1.00 sys=0.02, real=0.17 secs] 
3007.177: [GC (Allocation Failure) [PSYoungGen: 420346K->151680K(474112K)] 603427K->440221K(1245696K), 0.0528304 secs] [Times: user=0.31 sys=0.00, real=0.05 secs] 
3008.321: [GC (Allocation Failure) [PSYoungGen: 473728K->109280K(502784K)] 762269K->541357K(1274368K), 0.0779755 secs] [Times: user=0.45 sys=0.01, real=0.08 secs] 
3011.109: [GC (Allocation Failure) [PSYoungGen: 404728K->143040K(444928K)] 836805K->678897K(1216512K), 0.1077246 secs] [Times: user=0.65 sys=0.00, real=0.10 secs] 
3014.672: [GC (Allocation Failure) [PSYoungGen: 444608K->97664K(504832K)] 980465K->768425K(1276416K), 0.1666571 secs] [Times: user=0.99 sys=0.00, real=0.17 secs] 
3014.839: [Full GC (Ergonomics) [PSYoungGen: 97664K->0K(504832K)] [ParOldGen: 670761K->51080K(876032K)] 768425K->51080K(1380864K), [Metaspace: 60002K->60002K(1105920K)], 0.1511514 secs] [Times: user=0.67 sys=0.00, real=0.15 secs] 
3016.398: [GC (Allocation Failure) [PSYoungGen: 301056K->146848K(495104K)] 352136K->197928K(1371136K), 0.0291876 secs] [Times: user=0.17 sys=0.00, real=0.03 secs] 
3017.670: [GC (Allocation Failure) [PSYoungGen: 447904K->99072K(495104K)] 498984K->288540K(1371136K), 0.0721957 secs] [Times: user=0.42 sys=0.01, real=0.07 secs] 
3018.537: [GC (Allocation Failure) [PSYoungGen: 402176K->145664K(496128K)] 591644K->431455K(1372160K), 0.0959308 secs] [Times: user=0.57 sys=0.01, real=0.09 secs] 
3023.659: [GC (Allocation Failure) [PSYoungGen: 448768K->96928K(498176K)] 734559K->520175K(1374208K), 0.1628525 secs] [Times: user=0.97 sys=0.00, real=0.16 secs] 
3026.238: [GC (Allocation Failure) [PSYoungGen: 403104K->149152K(498688K)] 826351K->666896K(1374720K), 0.0488239 secs] [Times: user=0.29 sys=0.00, real=0.05 secs] 
3027.654: [GC (Allocation Failure) [PSYoungGen: 455328K->102368K(498688K)] 973072K->752728K(1374720K), 0.0964877 secs] [Times: user=0.57 sys=0.01, real=0.10 secs] 
3028.808: [GC (Allocation Failure) [PSYoungGen: 409568K->145088K(499200K)] 1059928K->895893K(1375232K), 0.0597176 secs] [Times: user=0.29 sys=0.06, real=0.06 secs] 
3028.868: [Full GC (Ergonomics) [PSYoungGen: 145088K->0K(499200K)] [ParOldGen: 750805K->173968K(1030144K)] 895893K->173968K(1529344K), [Metaspace: 60016K->60016K(1105920K)], 0.4006081 secs] [Times: user=1.84 sys=0.00, real=0.40 secs] 
3030.738: [GC (Allocation Failure) [PSYoungGen: 307200K->106752K(498176K)] 481168K->280720K(1528320K), 0.0564924 secs] [Times: user=0.33 sys=0.00, real=0.05 secs] 
3032.117: [GC (Allocation Failure) [PSYoungGen: 417024K->155232K(500224K)] 590992K->433884K(1530368K), 0.0542224 secs] [Times: user=0.32 sys=0.00, real=0.05 secs] 
3034.762: [GC (Allocation Failure) [PSYoungGen: 465504K->102464K(503296K)] 744156K->519637K(1533440K), 0.0660221 secs] [Times: user=0.38 sys=0.01, real=0.07 secs] 
3035.638: [GC (Allocation Failure) [PSYoungGen: 411712K->154368K(463872K)] 828885K->671289K(1494016K), 0.0554783 secs] [Times: user=0.33 sys=0.00, real=0.05 secs] 
3038.718: [GC (Allocation Failure) [PSYoungGen: 463616K->104992K(505344K)] 980537K->759345K(1535488K), 0.1446149 secs] [Times: user=0.85 sys=0.00, real=0.14 secs] 
3039.825: [GC (Allocation Failure) [PSYoungGen: 411680K->143040K(500224K)] 1066033K->899570K(1530368K), 0.0872664 secs] [Times: user=0.51 sys=0.01, real=0.09 secs] 
3041.130: [GC (Allocation Failure) [PSYoungGen: 449728K->107456K(498688K)] 1206258K->998074K(1528832K), 0.1012712 secs] [Times: user=0.37 sys=0.23, real=0.10 secs] 
3041.232: [Full GC (Ergonomics) [PSYoungGen: 107456K->0K(498688K)] [ParOldGen: 890618K->34204K(919040K)] 998074K->34204K(1417728K), [Metaspace: 60039K->60039K(1105920K)], 0.0569403 secs] [Times: user=0.18 sys=0.01, real=0.06 secs] 
3041.825: [GC (Allocation Failure) [PSYoungGen: 310272K->147936K(500224K)] 344476K->182140K(1419264K), 0.0292015 secs] [Times: user=0.17 sys=0.00, real=0.03 secs] 
3045.490: [GC (Allocation Failure) [PSYoungGen: 458208K->104992K(504320K)] 492412K->278468K(1423360K), 0.1724569 secs] [Times: user=1.02 sys=0.00, real=0.17 secs] 
3047.807: [GC (Allocation Failure) [PSYoungGen: 420384K->149792K(504832K)] 593860K->424769K(1423872K), 0.0517123 secs] [Times: user=0.31 sys=0.00, real=0.05 secs] 
3049.378: [GC (Allocation Failure) [PSYoungGen: 465184K->105056K(505344K)] 740161K->520945K(1424384K), 0.0998969 secs] [Times: user=0.60 sys=0.00, real=0.10 secs] 
3050.346: [GC (GCLocker Initiated GC) [PSYoungGen: 420960K->151072K(505344K)] 836850K->670443K(1424384K), 0.0667118 secs] [Times: user=0.39 sys=0.00, real=0.07 secs] 
3054.398: [GC (Allocation Failure) [PSYoungGen: 466976K->102336K(506368K)] 986350K->764654K(1425408K), 0.1582461 secs] [Times: user=0.95 sys=0.00, real=0.15 secs] 
3055.617: [GC (Allocation Failure) [PSYoungGen: 417216K->152064K(467456K)] 1079534K->913275K(1386496K), 0.0520551 secs] [Times: user=0.31 sys=0.00, real=0.05 secs] 
3055.669: [Full GC (Ergonomics) [PSYoungGen: 152064K->0K(467456K)] [ParOldGen: 761211K->193796K(1113600K)] 913275K->193796K(1581056K), [Metaspace: 60049K->60049K(1105920K)], 0.4619738 secs] [Times: user=2.16 sys=0.00, real=0.46 secs] 
3057.462: [GC (Allocation Failure) [PSYoungGen: 314880K->106624K(507904K)] 508676K->300420K(1621504K), 0.0482777 secs] [Times: user=0.28 sys=0.00, real=0.05 secs] 
3057.905: [GC (Allocation Failure) [PSYoungGen: 412585K->150240K(504320K)] 606382K->447249K(1617920K), 0.0512892 secs] [Times: user=0.30 sys=0.00, real=0.05 secs] 
3061.921: [GC (Allocation Failure) [PSYoungGen: 463584K->101088K(505344K)] 760593K->540057K(1618944K), 0.1661318 secs] [Times: user=0.99 sys=0.00, real=0.17 secs] 
3062.845: [GC (Allocation Failure) [PSYoungGen: 413980K->150624K(464384K)] 852950K->686942K(1577984K), 0.0499527 secs] [Times: user=0.29 sys=0.00, real=0.05 secs] 
3064.162: [GC (Allocation Failure) [PSYoungGen: 463968K->106336K(507392K)] 1000286K->784318K(1620992K), 0.0686765 secs] [Times: user=0.41 sys=0.00, real=0.07 secs] 
3064.443: [GC (Allocation Failure) [PSYoungGen: 403429K->144832K(503808K)] 1081412K->925417K(1617408K), 0.0512873 secs] [Times: user=0.31 sys=0.00, real=0.05 secs] 
3067.740: [GC (Allocation Failure) [PSYoungGen: 457152K->102624K(504832K)] 1237737K->1019417K(1618432K), 0.1779226 secs] [Times: user=1.04 sys=0.01, real=0.18 secs] 
3068.466: [GC (Allocation Failure) [PSYoungGen: 407451K->147904K(504832K)] 1324245K->1163662K(1618432K), 0.0654039 secs] [Times: user=0.26 sys=0.12, real=0.07 secs] 
3068.531: [Full GC (Ergonomics) [PSYoungGen: 147904K->0K(504832K)] [ParOldGen: 1015758K->199651K(1142784K)] 1163662K->199651K(1647616K), [Metaspace: 60073K->60073K(1105920K)], 0.4786660 secs] [Times: user=2.24 sys=0.01, real=0.48 secs] 
3070.168: [GC (Allocation Failure) [PSYoungGen: 314880K->103904K(505856K)] 514531K->303563K(1648640K), 0.0425944 secs] [Times: user=0.25 sys=0.01, real=0.04 secs] 
3071.510: [GC (Allocation Failure) [PSYoungGen: 406744K->146176K(506368K)] 606404K->446448K(1649152K), 0.0988577 secs] [Times: user=0.53 sys=0.00, real=0.10 secs] 
3076.255: [GC (Allocation Failure) [PSYoungGen: 463104K->102496K(505856K)] 763376K->540832K(1648640K), 0.1657817 secs] [Times: user=0.99 sys=0.00, real=0.17 secs] 
3077.391: [GC (Allocation Failure) [PSYoungGen: 416110K->148544K(506880K)] 854446K->685965K(1649664K), 0.0499341 secs] [Times: user=0.30 sys=0.00, real=0.05 secs] 
3078.743: [GC (Allocation Failure) [PSYoungGen: 467008K->108480K(506368K)] 1004429K->785633K(1649152K), 0.0688373 secs] [Times: user=0.40 sys=0.00, real=0.07 secs] 
3079.318: [GC (GCLocker Initiated GC) [PSYoungGen: 427456K->151904K(506880K)] 1104610K->934527K(1649664K), 0.0694681 secs] [Times: user=0.40 sys=0.01, real=0.07 secs] 
3083.781: [GC (Allocation Failure) [PSYoungGen: 470880K->92896K(507904K)] 1257602K->1030826K(1650688K), 0.1716676 secs] [Times: user=1.03 sys=0.00, real=0.17 secs] 
3084.214: [GC (Allocation Failure) [PSYoungGen: 409312K->157984K(474624K)] 1347242K->1187383K(1617408K), 0.0708791 secs] [Times: user=0.39 sys=0.02, real=0.07 secs] 
3084.285: [Full GC (Ergonomics) [PSYoungGen: 157984K->0K(474624K)] [ParOldGen: 1029399K->220173K(1195520K)] 1187383K->220173K(1670144K), [Metaspace: 60078K->60078K(1105920K)], 0.5205561 secs] [Times: user=2.41 sys=0.00, real=0.52 secs] 
3086.682: [GC (Allocation Failure) [PSYoungGen: 316416K->98752K(503808K)] 536589K->318925K(1699328K), 0.0955595 secs] [Times: user=0.57 sys=0.00, real=0.10 secs] 
3087.020: [GC (Allocation Failure) [PSYoungGen: 405440K->153760K(460800K)] 625613K->462790K(1656320K), 0.0546664 secs] [Times: user=0.33 sys=0.00, real=0.05 secs] 
3090.665: [GC (Allocation Failure) [PSYoungGen: 460448K->93088K(501248K)] 769478K->556090K(1696768K), 0.1346978 secs] [Times: user=0.78 sys=0.00, real=0.14 secs] 
3091.093: [GC (Allocation Failure) [PSYoungGen: 395680K->148448K(451072K)] 858682K->694819K(1646592K), 0.0541289 secs] [Times: user=0.32 sys=0.00, real=0.06 secs] 
3093.170: [GC (GCLocker Initiated GC) [PSYoungGen: 451040K->91776K(501248K)] 997411K->785947K(1696768K), 0.1306568 secs] [Times: user=0.78 sys=0.01, real=0.13 secs] 
3093.532: [GC (Allocation Failure) [PSYoungGen: 393856K->148096K(450560K)] 1088030K->927951K(1646080K), 0.0533934 secs] [Times: user=0.32 sys=0.00, real=0.05 secs] 
3096.601: [GC (Allocation Failure) [PSYoungGen: 450176K->90528K(500736K)] 1230031K->1017311K(1696256K), 0.1405847 secs] [Times: user=0.83 sys=0.00, real=0.14 secs] 
3097.042: [GC (Allocation Failure) [PSYoungGen: 380800K->141056K(442368K)] 1307583K->1154634K(1637888K), 0.0504820 secs] [Times: user=0.30 sys=0.00, real=0.05 secs] 
3097.093: [Full GC (Ergonomics) [PSYoungGen: 141056K->0K(442368K)] [ParOldGen: 1013578K->200210K(1218560K)] 1154634K->200210K(1660928K), [Metaspace: 60086K->60086K(1105920K)], 0.4741727 secs] [Times: user=2.21 sys=0.00, real=0.48 secs] 
3098.928: [GC (GCLocker Initiated GC) [PSYoungGen: 301056K->98432K(501760K)] 501266K->298642K(1720320K), 0.0652100 secs] [Times: user=0.39 sys=0.00, real=0.06 secs] 
3099.587: [GC (Allocation Failure) [PSYoungGen: 402560K->147360K(498688K)] 602773K->443135K(1717248K), 0.0484218 secs] [Times: user=0.28 sys=0.00, real=0.04 secs] 
3102.061: [GC (Allocation Failure) [PSYoungGen: 451488K->97760K(500736K)] 747263K->532427K(1719296K), 0.1330667 secs] [Times: user=0.78 sys=0.01, real=0.13 secs] 
3103.400: [GC (Allocation Failure) [PSYoungGen: 404960K->150528K(501248K)] 839627K->678919K(1719808K), 0.0492301 secs] [Times: user=0.29 sys=0.00, real=0.05 secs] 
3104.615: [GC (Allocation Failure) [PSYoungGen: 457728K->104224K(500224K)] 986119K->774407K(1718784K), 0.0657736 secs] [Times: user=0.39 sys=0.00, real=0.07 secs] 
3105.157: [GC (Allocation Failure) [PSYoungGen: 411424K->148800K(500736K)] 1081607K->920241K(1719296K), 0.0521617 secs] [Times: user=0.31 sys=0.00, real=0.05 secs] 
3108.522: [GC (Allocation Failure) [PSYoungGen: 456000K->98976K(502272K)] 1227441K->1011161K(1720832K), 0.1643128 secs] [Times: user=0.98 sys=0.00, real=0.16 secs] 
3109.936: [GC (Allocation Failure) [PSYoungGen: 407712K->148768K(502272K)] 1319897K->1154210K(1720832K), 0.0496900 secs] [Times: user=0.30 sys=0.00, real=0.05 secs] 
3111.479: [GC (Allocation Failure) [PSYoungGen: 457504K->103456K(501248K)] 1462946K->1249266K(1719808K), 0.1350499 secs] [Times: user=0.69 sys=0.12, real=0.13 secs] 
3111.614: [Full GC (Ergonomics) [PSYoungGen: 103456K->0K(501248K)] [ParOldGen: 1145810K->46477K(1103872K)] 1249266K->46477K(1605120K), [Metaspace: 60102K->60102K(1105920K)], 0.1002276 secs] [Times: user=0.40 sys=0.00, real=0.10 secs] 
3113.012: [GC (Allocation Failure) [PSYoungGen: 308736K->148384K(501760K)] 355213K->194861K(1605632K), 0.0300949 secs] [Times: user=0.18 sys=0.00, real=0.03 secs] 
3117.533: [GC (Allocation Failure) [PSYoungGen: 457120K->98240K(503296K)] 503597K->284889K(1607168K), 0.1570847 secs] [Times: user=0.93 sys=0.00, real=0.16 secs] 
3118.356: [GC (Allocation Failure) [PSYoungGen: 408512K->147680K(503296K)] 595161K->430566K(1607168K), 0.0664984 secs] [Times: user=0.39 sys=0.00, real=0.07 secs] 
3120.930: [GC (Allocation Failure) [PSYoungGen: 457952K->104320K(501760K)] 740838K->526750K(1605632K), 0.1489860 secs] [Times: user=0.88 sys=0.01, real=0.15 secs] 
3122.199: [GC (Allocation Failure) [PSYoungGen: 415104K->148960K(502784K)] 837534K->672079K(1606656K), 0.0513061 secs] [Times: user=0.30 sys=0.00, real=0.05 secs] 
3125.046: [GC (Allocation Failure) [PSYoungGen: 459744K->101824K(504320K)] 982863K->765279K(1608192K), 0.1610780 secs] [Times: user=0.95 sys=0.00, real=0.17 secs] 
3126.091: [GC (Allocation Failure) [PSYoungGen: 414144K->150272K(462848K)] 1077599K->911220K(1566720K), 0.0513287 secs] [Times: user=0.31 sys=0.00, real=0.05 secs] 
3127.771: [GC (Allocation Failure) [PSYoungGen: 462592K->104352K(507392K)] 1223540K->1006700K(1611264K), 0.1419611 secs] [Times: user=0.85 sys=0.00, real=0.14 secs] 
3129.247: [GC (Allocation Failure) [PSYoungGen: 416672K->152288K(464896K)] 1319020K->1155401K(1568768K), 0.0524115 secs] [Times: user=0.31 sys=0.00, real=0.05 secs] 
3129.299: [Full GC (Ergonomics) [PSYoungGen: 152288K->0K(464896K)] [ParOldGen: 1003113K->196077K(1301504K)] 1155401K->196077K(1766400K), [Metaspace: 60125K->60125K(1105920K)], 0.4670844 secs] [Times: user=2.18 sys=0.00, real=0.46 secs] 
3131.756: [GC (Allocation Failure) [PSYoungGen: 312320K->104224K(506368K)] 508397K->300309K(1807872K), 0.0909958 secs] [Times: user=0.47 sys=0.00, real=0.10 secs] 
3132.287: [GC (Allocation Failure) [PSYoungGen: 415008K->153280K(464384K)] 611093K->447758K(1765888K), 0.0499489 secs] [Times: user=0.30 sys=0.00, real=0.05 secs] 
3135.915: [GC (Allocation Failure) [PSYoungGen: 464064K->94784K(503808K)] 758542K->534262K(1805312K), 0.1702467 secs] [Times: user=1.02 sys=0.01, real=0.17 secs] 
3137.694: [GC (Allocation Failure) [PSYoungGen: 401984K->148640K(456192K)] 841462K->678955K(1757696K), 0.0486848 secs] [Times: user=0.29 sys=0.00, real=0.05 secs] 
3139.178: [GC (Allocation Failure) [PSYoungGen: 455840K->102016K(504832K)] 986155K->772715K(1806336K), 0.1125283 secs] [Times: user=0.67 sys=0.01, real=0.11 secs] 
3139.812: [GC (Allocation Failure) [PSYoungGen: 409728K->150752K(501760K)] 1080427K->920737K(1803264K), 0.0517330 secs] [Times: user=0.30 sys=0.00, real=0.05 secs] 
3144.383: [GC (Allocation Failure) [PSYoungGen: 457416K->96096K(502784K)] 1227402K->1008561K(1804288K), 0.1643184 secs] [Times: user=0.98 sys=0.01, real=0.17 secs] 
3146.987: [GC (Allocation Failure) [PSYoungGen: 402784K->143936K(501760K)] 1315249K->1148846K(1803264K), 0.0494314 secs] [Times: user=0.30 sys=0.00, real=0.04 secs] 
3148.360: [GC (Allocation Failure) [PSYoungGen: 450624K->105184K(497152K)] 1455534K->1244658K(1798656K), 0.0788132 secs] [Times: user=0.44 sys=0.03, real=0.08 secs] 
3148.439: [Full GC (Ergonomics) [PSYoungGen: 105184K->0K(497152K)] [ParOldGen: 1139474K->42310K(1198592K)] 1244658K->42310K(1695744K), [Metaspace: 60137K->60137K(1105920K)], 0.0763692 secs] [Times: user=0.29 sys=0.00, real=0.07 secs] 
3149.165: [GC (Allocation Failure) [PSYoungGen: 308224K->147712K(500224K)] 350534K->190022K(1698816K), 0.0288502 secs] [Times: user=0.17 sys=0.00, real=0.03 secs] 
3152.032: [GC (Allocation Failure) [PSYoungGen: 455936K->100512K(504832K)] 498246K->281978K(1703424K), 0.1591424 secs] [Times: user=0.93 sys=0.01, real=0.16 secs] 
3152.687: [GC (Allocation Failure) [PSYoungGen: 413344K->149856K(462848K)] 594810K->429139K(1661440K), 0.0507672 secs] [Times: user=0.30 sys=0.00, real=0.05 secs] 
3154.649: [GC (Allocation Failure) [PSYoungGen: 462688K->104480K(507392K)] 741971K->524763K(1705984K), 0.1743928 secs] [Times: user=1.04 sys=0.00, real=0.17 secs] 
3155.626: [GC (Allocation Failure) [PSYoungGen: 417312K->151584K(464896K)] 837595K->673173K(1663488K), 0.0980477 secs] [Times: user=0.58 sys=0.00, real=0.10 secs] 
3158.959: [GC (GCLocker Initiated GC) [PSYoungGen: 464416K->100672K(506368K)] 986006K->765270K(1704960K), 0.1571389 secs] [Times: user=0.94 sys=0.00, real=0.15 secs] 
3160.041: [GC (Allocation Failure) [PSYoungGen: 411968K->152640K(464384K)] 1076569K->913917K(1662976K), 0.0510870 secs] [Times: user=0.31 sys=0.00, real=0.05 secs] 
3161.415: [GC (Allocation Failure) [PSYoungGen: 463936K->106080K(505856K)] 1225213K->1011869K(1704448K), 0.0732339 secs] [Times: user=0.43 sys=0.00, real=0.08 secs] 
3161.883: [GC (Allocation Failure) [PSYoungGen: 415328K->150784K(502272K)] 1321117K->1158863K(1700864K), 0.0520702 secs] [Times: user=0.31 sys=0.00, real=0.05 secs] 
3164.699: [GC (Allocation Failure) [PSYoungGen: 460032K->101568K(503808K)] 1468111K->1251635K(1702400K), 0.1713825 secs] [Times: user=1.01 sys=0.01, real=0.17 secs] 
3164.871: [Full GC (Ergonomics) [PSYoungGen: 101568K->0K(503808K)] [ParOldGen: 1150067K->55631K(1251840K)] 1251635K->55631K(1755648K), [Metaspace: 60141K->60141K(1105920K)], 0.1473584 secs] [Times: user=0.66 sys=0.01, real=0.15 secs] 
3165.459: [GC (Allocation Failure) [PSYoungGen: 309760K->149824K(503296K)] 365391K->205455K(1755136K), 0.0293559 secs] [Times: user=0.18 sys=0.00, real=0.03 secs] 
3167.643: [GC (Allocation Failure) [PSYoungGen: 459584K->100256K(503296K)] 515215K->296895K(1755136K), 0.1225282 secs] [Times: user=0.72 sys=0.01, real=0.12 secs] 
3168.257: [GC (Allocation Failure) [PSYoungGen: 410016K->148640K(503296K)] 606655K->442561K(1755136K), 0.0706718 secs] [Times: user=0.42 sys=0.00, real=0.07 secs] 
3170.457: [GC (Allocation Failure) [PSYoungGen: 458400K->103456K(502272K)] 752321K->537533K(1754112K), 0.1124586 secs] [Times: user=0.66 sys=0.00, real=0.11 secs] 
3170.943: [GC (Allocation Failure) [PSYoungGen: 413216K->149152K(502784K)] 847293K->683046K(1754624K), 0.0505848 secs] [Times: user=0.30 sys=0.00, real=0.05 secs] 
3173.054: [GC (Allocation Failure) [PSYoungGen: 458912K->104896K(501760K)] 992806K->779230K(1753600K), 0.1491784 secs] [Times: user=0.89 sys=0.00, real=0.15 secs] 
3174.649: [GC (Allocation Failure) [PSYoungGen: 411171K->145696K(502784K)] 1085505K->921035K(1754624K), 0.1270658 secs] [Times: user=0.75 sys=0.00, real=0.12 secs] 
3177.064: [GC (Allocation Failure) [PSYoungGen: 456480K->101152K(503808K)] 1231819K->1013995K(1755648K), 0.1434608 secs] [Times: user=0.86 sys=0.00, real=0.15 secs] 
3178.408: [GC (Allocation Failure) [PSYoungGen: 408779K->150240K(504832K)] 1321622K->1160260K(1756672K), 0.0501554 secs] [Times: user=0.30 sys=0.00, real=0.05 secs] 
3180.902: [GC (Allocation Failure) [PSYoungGen: 464096K->101248K(505344K)] 1474116K->1252940K(1757184K), 0.1683172 secs] [Times: user=0.99 sys=0.01, real=0.17 secs] 
3181.071: [Full GC (Ergonomics) [PSYoungGen: 101248K->0K(505344K)] [ParOldGen: 1151692K->56096K(1287168K)] 1252940K->56096K(1792512K), [Metaspace: 60142K->60142K(1105920K)], 0.1432863 secs] [Times: user=0.64 sys=0.00, real=0.14 secs] 
3181.601: [GC (Allocation Failure) [PSYoungGen: 312743K->150048K(463872K)] 368839K->206144K(1751040K), 0.0294376 secs] [Times: user=0.18 sys=0.00, real=0.03 secs] 
3183.955: [GC (Allocation Failure) [PSYoungGen: 463392K->102208K(506880K)] 519488K->299704K(1794048K), 0.1656398 secs] [Times: user=0.99 sys=0.00, real=0.17 secs] 
3184.730: [GC (Allocation Failure) [PSYoungGen: 411212K->148928K(504320K)] 608709K->444621K(1791488K), 0.0495787 secs] [Times: user=0.29 sys=0.00, real=0.05 secs] 
3187.110: [GC (Allocation Failure) [PSYoungGen: 461248K->101984K(503808K)] 756941K->538069K(1790976K), 0.1603351 secs] [Times: user=0.96 sys=0.00, real=0.16 secs] 
3187.711: [GC (Allocation Failure) [PSYoungGen: 412866K->148672K(504320K)] 848951K->683458K(1791488K), 0.0539020 secs] [Times: user=0.32 sys=0.00, real=0.05 secs] 
3191.031: [GC (Allocation Failure) [PSYoungGen: 461504K->103360K(504832K)] 996290K->778298K(1792000K), 0.1393743 secs] [Times: user=0.83 sys=0.00, real=0.14 secs] 
3191.447: [GC (Allocation Failure) [PSYoungGen: 415492K->147616K(504832K)] 1090431K->922523K(1792000K), 0.0503926 secs] [Times: user=0.30 sys=0.00, real=0.05 secs] 
3193.978: [GC (Allocation Failure) [PSYoungGen: 460960K->106656K(502784K)] 1235867K->1020251K(1789952K), 0.1282067 secs] [Times: user=0.75 sys=0.01, real=0.12 secs] 
3194.968: [GC (Allocation Failure) [PSYoungGen: 409845K->144288K(504320K)] 1323440K->1160632K(1791488K), 0.0738455 secs] [Times: user=0.44 sys=0.00, real=0.07 secs] 
3196.680: [GC (Allocation Failure) [PSYoungGen: 458656K->105312K(504320K)] 1475000K->1257592K(1791488K), 0.1159481 secs] [Times: user=0.69 sys=0.01, real=0.11 secs] 
3196.796: [Full GC (Ergonomics) [PSYoungGen: 105312K->0K(504320K)] [ParOldGen: 1152280K->60141K(1319424K)] 1257592K->60141K(1823744K), [Metaspace: 60144K->60144K(1105920K)], 0.1421035 secs] [Times: user=0.63 sys=0.00, real=0.15 secs] 
3197.233: [GC (Allocation Failure) [PSYoungGen: 303824K->144992K(506368K)] 363966K->205133K(1825792K), 0.0285619 secs] [Times: user=0.17 sys=0.00, real=0.03 secs] 
3200.729: [GC (Allocation Failure) [PSYoungGen: 463456K->103104K(507392K)] 523597K->299897K(1826816K), 0.1572229 secs] [Times: user=0.93 sys=0.01, real=0.16 secs] 
3201.211: [GC (Allocation Failure) [PSYoungGen: 424640K->157760K(479744K)] 621433K->453950K(1799168K), 0.0515246 secs] [Times: user=0.31 sys=0.00, real=0.05 secs] 
3203.484: [GC (Allocation Failure) [PSYoungGen: 479296K->99936K(507392K)] 775486K->553998K(1826816K), 0.1400563 secs] [Times: user=0.77 sys=0.00, real=0.14 secs] 
3203.925: [GC (Allocation Failure) [PSYoungGen: 414304K->153408K(467968K)] 868366K->701564K(1787392K), 0.0589005 secs] [Times: user=0.35 sys=0.00, real=0.06 secs] 
3208.662: [GC (Allocation Failure) [PSYoungGen: 467776K->91744K(504320K)] 1015932K->793044K(1823744K), 0.1553814 secs] [Times: user=0.93 sys=0.00, real=0.16 secs] 
3209.068: [GC (Allocation Failure) [PSYoungGen: 400992K->155136K(464896K)] 1102292K->942557K(1784320K), 0.0549408 secs] [Times: user=0.33 sys=0.00, real=0.05 secs] 
3211.734: [GC (Allocation Failure) [PSYoungGen: 464384K->92864K(501248K)] 1251805K->1035593K(1820672K), 0.1303787 secs] [Times: user=0.77 sys=0.00, real=0.13 secs] 
3212.577: [GC (Allocation Failure) [PSYoungGen: 394944K->150336K(452608K)] 1337673K->1180327K(1772032K), 0.1479671 secs] [Times: user=0.87 sys=0.01, real=0.14 secs] 
3215.767: [GC (Allocation Failure) [PSYoungGen: 452416K->86816K(499200K)] 1482407K->1267343K(1818624K), 0.1575735 secs] [Times: user=0.92 sys=0.02, real=0.15 secs] 
3215.925: [Full GC (Ergonomics) [PSYoungGen: 86816K->0K(499200K)] [ParOldGen: 1180527K->70330K(1374208K)] 1267343K->70330K(1873408K), [Metaspace: 60160K->60160K(1105920K)], 0.1832699 secs] [Times: user=0.85 sys=0.01, real=0.19 secs] 
3216.325: [GC (Allocation Failure) [PSYoungGen: 299008K->149184K(448512K)] 369338K->219514K(1822720K), 0.0374785 secs] [Times: user=0.22 sys=0.00, real=0.04 secs] 
3218.903: [GC (Allocation Failure) [PSYoungGen: 448192K->90304K(498688K)] 518522K->309850K(1872896K), 0.1334460 secs] [Times: user=0.78 sys=0.00, real=0.14 secs] 
3219.449: [GC (Allocation Failure) [PSYoungGen: 386752K->141600K(438784K)] 606298K->447035K(1812992K), 0.0487808 secs] [Times: user=0.29 sys=0.00, real=0.05 secs] 
3221.639: [GC (Allocation Failure) [PSYoungGen: 438560K->98848K(500224K)] 743995K->536891K(1874432K), 0.1413794 secs] [Times: user=0.84 sys=0.00, real=0.14 secs] 
3222.170: [GC (Allocation Failure) [PSYoungGen: 399392K->147776K(496640K)] 837435K->681481K(1870848K), 0.0487536 secs] [Times: user=0.28 sys=0.00, real=0.05 secs] 
3224.451: [GC (Allocation Failure) [PSYoungGen: 448320K->97184K(499200K)] 982025K->770473K(1873408K), 0.1585244 secs] [Times: user=0.94 sys=0.01, real=0.16 secs] 
3226.109: [GC (Allocation Failure) [PSYoungGen: 401312K->146816K(499712K)] 1074601K->913106K(1873920K), 0.0489689 secs] [Times: user=0.29 sys=0.00, real=0.05 secs] 
3228.639: [GC (Allocation Failure) [PSYoungGen: 450944K->97760K(500224K)] 1217234K->1002086K(1874432K), 0.1675811 secs] [Times: user=0.99 sys=0.01, real=0.16 secs] 
3229.808: [GC (Allocation Failure) [PSYoungGen: 403424K->145504K(500736K)] 1307750K->1144530K(1874944K), 0.0501308 secs] [Times: user=0.30 sys=0.00, real=0.05 secs] 
3231.996: [GC (Allocation Failure) [PSYoungGen: 451168K->102240K(498176K)] 1450194K->1237634K(1872384K), 0.1358878 secs] [Times: user=0.81 sys=0.01, real=0.14 secs] 
3233.115: [GC (Allocation Failure) [PSYoungGen: 409440K->146688K(500224K)] 1544834K->1381663K(1874432K), 0.0548567 secs] [Times: user=0.29 sys=0.03, real=0.06 secs] 
3233.170: [Full GC (Ergonomics) [PSYoungGen: 146688K->0K(500224K)] [ParOldGen: 1234975K->180854K(1398272K)] 1381663K->180854K(1898496K), [Metaspace: 60164K->60164K(1105920K)], 0.4331128 secs] [Times: user=2.03 sys=0.00, real=0.43 secs] 
3235.126: [GC (Allocation Failure) [PSYoungGen: 307200K->102272K(500736K)] 488054K->283127K(1899008K), 0.1084904 secs] [Times: user=0.63 sys=0.01, real=0.11 secs] 
3237.594: [GC (Allocation Failure) [PSYoungGen: 413056K->145792K(502272K)] 593911K->425547K(1900544K), 0.0517895 secs] [Times: user=0.31 sys=0.00, real=0.05 secs] 
3239.414: [GC (Allocation Failure) [PSYoungGen: 456576K->104800K(502272K)] 736331K->521047K(1900544K), 0.1662827 secs] [Times: user=0.99 sys=0.00, real=0.17 secs] 
3240.764: [GC (Allocation Failure) [PSYoungGen: 418656K->148512K(503808K)] 834903K->666240K(1902080K), 0.0522971 secs] [Times: user=0.31 sys=0.00, real=0.05 secs] 
3242.434: [GC (Allocation Failure) [PSYoungGen: 462368K->109664K(503808K)] 980096K->766216K(1902080K), 0.1603395 secs] [Times: user=0.96 sys=0.01, real=0.16 secs] 
3243.667: [GC (Allocation Failure) [PSYoungGen: 425568K->149216K(504832K)] 1082120K->912433K(1903104K), 0.0544276 secs] [Times: user=0.33 sys=0.00, real=0.05 secs] 
3245.209: [GC (Allocation Failure) [PSYoungGen: 465120K->106240K(505856K)] 1228337K->1009529K(1904128K), 0.0852881 secs] [Times: user=0.50 sys=0.00, real=0.08 secs] 
3246.170: [GC (Allocation Failure) [PSYoungGen: 424192K->153184K(471552K)] 1327481K->1158914K(1869824K), 0.0536121 secs] [Times: user=0.31 sys=0.00, real=0.05 secs] 
3249.485: [GC (Allocation Failure) [PSYoungGen: 471136K->104832K(508928K)] 1476866K->1255158K(1907200K), 0.1768108 secs] [Times: user=1.05 sys=0.00, real=0.18 secs] 
3250.532: [GC (Allocation Failure) [PSYoungGen: 411249K->150112K(505856K)] 1561575K->1401947K(1904128K), 0.0527982 secs] [Times: user=0.31 sys=0.00, real=0.05 secs] 
3250.585: [Full GC (Ergonomics) [PSYoungGen: 150112K->0K(505856K)] [ParOldGen: 1251835K->200906K(1398272K)] 1401947K->200906K(1904128K), [Metaspace: 60165K->60165K(1105920K)], 0.4845250 secs] [Times: user=2.27 sys=0.00, real=0.49 secs] 
3252.747: [GC (Allocation Failure) [PSYoungGen: 315904K->103520K(506368K)] 516810K->304426K(1904640K), 0.0714889 secs] [Times: user=0.42 sys=0.00, real=0.07 secs] 
3253.606: [GC (Allocation Failure) [PSYoungGen: 414616K->148512K(505856K)] 615523K->448407K(1904128K), 0.0493616 secs] [Times: user=0.29 sys=0.00, real=0.05 secs] 
3255.410: [GC (Allocation Failure) [PSYoungGen: 463904K->109568K(504320K)] 763799K->548983K(1902592K), 0.1002544 secs] [Times: user=0.60 sys=0.00, real=0.10 secs] 
3255.876: [GC (Allocation Failure) [PSYoungGen: 425472K->151840K(505344K)] 864887K->697660K(1903616K), 0.0531558 secs] [Times: user=0.32 sys=0.00, real=0.06 secs] 
3258.832: [GC (Allocation Failure) [PSYoungGen: 465323K->93248K(506880K)] 1011144K->791036K(1905152K), 0.1156249 secs] [Times: user=0.68 sys=0.01, real=0.12 secs] 
3260.017: [GC (Allocation Failure) [PSYoungGen: 407616K->153248K(467968K)] 1105404K->940525K(1866240K), 0.1404900 secs] [Times: user=0.84 sys=0.00, real=0.14 secs] 
3262.608: [GC (Allocation Failure) [PSYoungGen: 467616K->93824K(503808K)] 1254893K->1034501K(1902080K), 0.1425596 secs] [Times: user=0.85 sys=0.00, real=0.14 secs] 
3262.996: [GC (Allocation Failure) [PSYoungGen: 401536K->153664K(461824K)] 1342213K->1182374K(1860096K), 0.0555125 secs] [Times: user=0.33 sys=0.00, real=0.06 secs] 
3265.798: [GC (Allocation Failure) [PSYoungGen: 461376K->90848K(501248K)] 1490086K->1273374K(1899520K), 0.1282344 secs] [Times: user=0.76 sys=0.01, real=0.12 secs] 
3266.162: [GC (Allocation Failure) [PSYoungGen: 393440K->197600K(500224K)] 1575966K->1468513K(1898496K), 0.0577195 secs] [Times: user=0.33 sys=0.01, real=0.06 secs] 
3266.220: [Full GC (Ergonomics) [PSYoungGen: 197600K->0K(500224K)] [ParOldGen: 1270913K->213680K(1398272K)] 1468513K->213680K(1898496K), [Metaspace: 60167K->60167K(1105920K)], 0.5280780 secs] [Times: user=2.46 sys=0.00, real=0.53 secs] 
3270.069: [GC (Allocation Failure) [PSYoungGen: 302592K->85920K(431616K)] 516272K->299600K(1829888K), 0.1618173 secs] [Times: user=0.96 sys=0.00, real=0.16 secs] 
3270.495: [GC (Allocation Failure) [PSYoungGen: 318880K->111776K(465920K)] 532560K->408333K(1864192K), 0.0436963 secs] [Times: user=0.26 sys=0.00, real=0.05 secs] 
3271.554: [GC (Allocation Failure) [PSYoungGen: 344736K->93120K(465920K)] 641293K->492989K(1864192K), 0.0559403 secs] [Times: user=0.33 sys=0.00, real=0.06 secs] 
3273.301: [GC (Allocation Failure) [PSYoungGen: 326080K->83008K(465920K)] 725949K->576137K(1864192K), 0.0761389 secs] [Times: user=0.45 sys=0.00, real=0.08 secs] 
3273.556: [GC (Allocation Failure) [PSYoungGen: 315968K->117472K(447488K)] 809097K->688158K(1845760K), 0.0483323 secs] [Times: user=0.29 sys=0.00, real=0.05 secs] 
3275.694: [GC (Allocation Failure) [PSYoungGen: 350432K->59200K(456704K)] 921118K->747482K(1854976K), 0.1489872 secs] [Times: user=0.88 sys=0.00, real=0.15 secs] 
3277.092: [GC (Allocation Failure) [PSYoungGen: 292160K->109248K(457216K)] 980442K->854031K(1855488K), 0.0516758 secs] [Times: user=0.31 sys=0.00, real=0.05 secs] 
3277.642: [GC (Allocation Failure) [PSYoungGen: 357643K->161120K(465920K)] 1102427K->1005959K(1864192K), 0.0574907 secs] [Times: user=0.34 sys=0.00, real=0.06 secs] 
3279.933: [GC (Allocation Failure) [PSYoungGen: 412000K->66112K(477696K)] 1256839K->1037031K(1875968K), 0.1123863 secs] [Times: user=0.66 sys=0.00, real=0.11 secs] 
3280.256: [GC (Allocation Failure) [PSYoungGen: 310890K->122080K(378368K)] 1281810K->1153148K(1776640K), 0.0429768 secs] [Times: user=0.25 sys=0.00, real=0.05 secs] 
3281.497: [GC (Allocation Failure) [PSYoungGen: 378080K->80608K(472576K)] 1409148K->1225692K(1870848K), 0.0893729 secs] [Times: user=0.53 sys=0.01, real=0.08 secs] 
3282.015: [GC (Allocation Failure) [PSYoungGen: 340192K->124544K(468992K)] 1485276K->1348509K(1867264K), 0.0434763 secs] [Times: user=0.25 sys=0.00, real=0.05 secs] 
3283.801: [GC (Allocation Failure) [PSYoungGen: 384128K->108768K(481280K)] 1608093K->1448573K(1879552K), 0.0651053 secs] [Times: user=0.36 sys=0.02, real=0.07 secs] 
3283.867: [Full GC (Ergonomics) [PSYoungGen: 108768K->0K(481280K)] [ParOldGen: 1339805K->251324K(1398272K)] 1448573K->251324K(1879552K), [Metaspace: 60181K->60181K(1105920K)], 0.5475933 secs] [Times: user=2.41 sys=0.00, real=0.54 secs] 
3287.097: [GC (Allocation Failure) [PSYoungGen: 284672K->99296K(480768K)] 535996K->350620K(1879040K), 0.0327398 secs] [Times: user=0.18 sys=0.00, real=0.03 secs] 
3287.355: [GC (Allocation Failure) [PSYoungGen: 383968K->148000K(490496K)] 635292K->488569K(1888768K), 0.0573101 secs] [Times: user=0.34 sys=0.01, real=0.06 secs] 
3290.407: [GC (Allocation Failure) [PSYoungGen: 448544K->83744K(496128K)] 789113K->572505K(1894400K), 0.1045912 secs] [Times: user=0.62 sys=0.00, real=0.10 secs] 
3290.735: [GC (Allocation Failure) [PSYoungGen: 384288K->150784K(493568K)] 873049K->717582K(1891840K), 0.0648294 secs] [Times: user=0.33 sys=0.07, real=0.07 secs] 
3293.448: [GC (Allocation Failure) [PSYoungGen: 451328K->89696K(499712K)] 1018126K->807310K(1897984K), 0.1017867 secs] [Times: user=0.61 sys=0.01, real=0.10 secs] 
3293.766: [GC (Allocation Failure) [PSYoungGen: 390240K->150112K(493056K)] 1107854K->951435K(1891328K), 0.0560872 secs] [Times: user=0.34 sys=0.00, real=0.06 secs] 
3295.858: [GC (Allocation Failure) [PSYoungGen: 447584K->88768K(498176K)] 1248907K->1040363K(1896448K), 0.1174100 secs] [Times: user=0.70 sys=0.01, real=0.11 secs] 
3296.399: [GC (Allocation Failure) [PSYoungGen: 386240K->146688K(493568K)] 1337835K->1181469K(1891840K), 0.0917024 secs] [Times: user=0.54 sys=0.01, real=0.09 secs] 
3299.952: [GC (Allocation Failure) [PSYoungGen: 443136K->86112K(497664K)] 1477917K->1267373K(1895936K), 0.1191210 secs] [Times: user=0.70 sys=0.00, real=0.12 secs] 
3300.342: [GC (Allocation Failure) [PSYoungGen: 382560K->145472K(494592K)] 1563821K->1407134K(1892864K), 0.0532999 secs] [Times: user=0.31 sys=0.00, real=0.05 secs] 
3300.395: [Full GC (Ergonomics) [PSYoungGen: 145472K->0K(494592K)] [ParOldGen: 1261661K->214986K(1398272K)] 1407134K->214986K(1892864K), [Metaspace: 60184K->60184K(1105920K)], 0.5075711 secs] [Times: user=2.38 sys=0.00, real=0.51 secs] 
3303.858: [GC (Allocation Failure) [PSYoungGen: 296448K->86240K(497664K)] 511434K->301226K(1895936K), 0.1375286 secs] [Times: user=0.82 sys=0.00, real=0.13 secs] 
3304.421: [GC (Allocation Failure) [PSYoungGen: 372358K->138400K(497152K)] 587345K->436231K(1895424K), 0.0469639 secs] [Times: user=0.28 sys=0.00, real=0.05 secs] 
3305.913: [GC (Allocation Failure) [PSYoungGen: 437408K->98816K(398336K)] 735239K->526991K(1796608K), 0.0798107 secs] [Times: user=0.47 sys=0.00, real=0.08 secs] 
3306.423: [GC (Allocation Failure) [PSYoungGen: 397824K->145856K(492032K)] 825999K->668852K(1890304K), 0.0486193 secs] [Times: user=0.28 sys=0.01, real=0.05 secs] 
3308.811: [GC (Allocation Failure) [PSYoungGen: 444352K->97568K(495616K)] 967348K->757412K(1893888K), 0.1577691 secs] [Times: user=0.94 sys=0.01, real=0.16 secs] 
3309.848: [GC (Allocation Failure) [PSYoungGen: 396064K->144576K(497664K)] 1055908K->898525K(1895936K), 0.0496330 secs] [Times: user=0.29 sys=0.00, real=0.05 secs] 
3312.804: [GC (Allocation Failure) [PSYoungGen: 449728K->97760K(500736K)] 1203677K->987389K(1899008K), 0.1434930 secs] [Times: user=0.86 sys=0.00, real=0.15 secs] 
3314.153: [GC (Allocation Failure) [PSYoungGen: 402912K->145312K(499200K)] 1292541K->1129869K(1897472K), 0.0506851 secs] [Times: user=0.30 sys=0.01, real=0.05 secs] 
3315.486: [GC (Allocation Failure) [PSYoungGen: 453024K->104128K(502272K)] 1437581K->1224861K(1900544K), 0.0727613 secs] [Times: user=0.43 sys=0.00, real=0.08 secs] 
3316.250: [GC (Allocation Failure) [PSYoungGen: 411840K->146240K(499712K)] 1532573K->1369207K(1897984K), 0.0522001 secs] [Times: user=0.30 sys=0.00, real=0.05 secs] 
3316.302: [Full GC (Ergonomics) [PSYoungGen: 146240K->0K(499712K)] [ParOldGen: 1222967K->175465K(1398272K)] 1369207K->175465K(1897984K), [Metaspace: 60199K->60199K(1105920K)], 0.4306005 secs] [Times: user=1.93 sys=0.00, real=0.43 secs] 
3318.280: [GC (Allocation Failure) [PSYoungGen: 309760K->105120K(502784K)] 485225K->280585K(1901056K), 0.0626462 secs] [Times: user=0.37 sys=0.00, real=0.06 secs] 
3319.146: [GC (Allocation Failure) [PSYoungGen: 414880K->149184K(499712K)] 590345K->427118K(1897984K), 0.0534048 secs] [Times: user=0.31 sys=0.00, real=0.06 secs] 
3322.691: [GC (Allocation Failure) [PSYoungGen: 460480K->102880K(504320K)] 738414K->521762K(1902592K), 0.1728636 secs] [Times: user=1.03 sys=0.00, real=0.17 secs] 
3324.062: [GC (Allocation Failure) [PSYoungGen: 414176K->145760K(503808K)] 833058K->665176K(1902080K), 0.0512203 secs] [Times: user=0.30 sys=0.00, real=0.05 secs] 
3328.245: [GC (Allocation Failure) [PSYoungGen: 460640K->103872K(506368K)] 980056K->760344K(1904640K), 0.1401765 secs] [Times: user=0.83 sys=0.00, real=0.14 secs] 
3329.392: [GC (Allocation Failure) [PSYoungGen: 418752K->152064K(500736K)] 1075224K->909825K(1899008K), 0.0528078 secs] [Times: user=0.32 sys=0.00, real=0.05 secs] 
3332.597: [GC (Allocation Failure) [PSYoungGen: 464896K->100800K(505856K)] 1222657K->1001873K(1904128K), 0.1687334 secs] [Times: user=1.00 sys=0.01, real=0.16 secs] 
3334.193: [GC (Allocation Failure) [PSYoungGen: 413632K->146816K(503808K)] 1314705K->1145882K(1902080K), 0.0518420 secs] [Times: user=0.30 sys=0.00, real=0.05 secs] 
3336.160: [GC (Allocation Failure) [PSYoungGen: 460672K->106912K(420864K)] 1459738K->1243842K(1819136K), 0.1111057 secs] [Times: user=0.66 sys=0.00, real=0.11 secs] 
3337.016: [GC (Allocation Failure) [PSYoungGen: 420768K->152224K(500224K)] 1557698K->1392547K(1898496K), 0.0541591 secs] [Times: user=0.30 sys=0.00, real=0.06 secs] 
3337.071: [Full GC (Ergonomics) [PSYoungGen: 152224K->0K(500224K)] [ParOldGen: 1240323K->189582K(1398272K)] 1392547K->189582K(1898496K), [Metaspace: 60204K->60204K(1105920K)], 0.4478360 secs] [Times: user=2.05 sys=0.00, real=0.45 secs] 
3340.247: [GC (Allocation Failure) [PSYoungGen: 311808K->99360K(504832K)] 501390K->288942K(1903104K), 0.1012664 secs] [Times: user=0.59 sys=0.01, real=0.10 secs] 
3341.861: [GC (Allocation Failure) [PSYoungGen: 411168K->150976K(500224K)] 600750K->435995K(1898496K), 0.0499746 secs] [Times: user=0.30 sys=0.00, real=0.05 secs] 
3343.770: [GC (Allocation Failure) [PSYoungGen: 460736K->105152K(504320K)] 745755K->532627K(1902592K), 0.1628617 secs] [Times: user=0.97 sys=0.00, real=0.16 secs] 
3344.583: [GC (Allocation Failure) [PSYoungGen: 414912K->149984K(501760K)] 842387K->678948K(1900032K), 0.0522411 secs] [Times: user=0.31 sys=0.00, real=0.05 secs] 
3347.001: [GC (Allocation Failure) [PSYoungGen: 460768K->102944K(504832K)] 989732K->772916K(1903104K), 0.0820354 secs] [Times: user=0.49 sys=0.00, real=0.08 secs] 
3347.652: [GC (Allocation Failure) [PSYoungGen: 413728K->150016K(502272K)] 1083700K->919914K(1900544K), 0.0520072 secs] [Times: user=0.30 sys=0.01, real=0.05 secs] 
3350.224: [GC (Allocation Failure) [PSYoungGen: 460800K->103552K(504832K)] 1230698K->1014878K(1903104K), 0.1674237 secs] [Times: user=1.00 sys=0.00, real=0.17 secs] 
3350.933: [GC (Allocation Failure) [PSYoungGen: 412016K->148896K(502272K)] 1323342K->1160191K(1900544K), 0.0517078 secs] [Times: user=0.30 sys=0.00, real=0.05 secs] 
3353.658: [GC (Allocation Failure) [PSYoungGen: 459680K->100704K(504832K)] 1470975K->1251999K(1903104K), 0.1586640 secs] [Times: user=0.95 sys=0.00, real=0.15 secs] 
3354.336: [GC (Allocation Failure) [PSYoungGen: 409696K->150176K(501248K)] 1560991K->1398645K(1899520K), 0.0516732 secs] [Times: user=0.30 sys=0.00, real=0.06 secs] 
3354.387: [Full GC (Ergonomics) [PSYoungGen: 150176K->0K(501248K)] [ParOldGen: 1248469K->197189K(1398272K)] 1398645K->197189K(1899520K), [Metaspace: 60209K->60209K(1105920K)], 0.4820970 secs] [Times: user=2.25 sys=0.00, real=0.48 secs] 
3356.802: [GC (GCLocker Initiated GC) [PSYoungGen: 309760K->100864K(504320K)] 506949K->298053K(1902592K), 0.0858426 secs] [Times: user=0.50 sys=0.00, real=0.09 secs] 
3357.299: [GC (Allocation Failure) [PSYoungGen: 410624K->141920K(503808K)] 624200K->453087K(1902080K), 0.2233421 secs] [Times: user=1.32 sys=0.01, real=0.22 secs] 
3360.481: [GC (Allocation Failure) [PSYoungGen: 454240K->95680K(504320K)] 765407K->548759K(1902592K), 0.4482049 secs] [Times: user=2.67 sys=0.02, real=0.45 secs] 
3361.237: [GC (Allocation Failure) [PSYoungGen: 408000K->152960K(499200K)] 861079K->698164K(1897472K), 0.0550837 secs] [Times: user=0.32 sys=0.00, real=0.05 secs] 
3365.060: [GC (Allocation Failure) [PSYoungGen: 461696K->88576K(503808K)] 1006900K->786708K(1902080K), 0.1453981 secs] [Times: user=0.86 sys=0.01, real=0.14 secs] 
3365.680: [GC (Allocation Failure) [PSYoungGen: 397312K->151168K(498176K)] 1095444K->934229K(1896448K), 0.0554602 secs] [Times: user=0.32 sys=0.00, real=0.05 secs] 
3368.613: [GC (Allocation Failure) [PSYoungGen: 454784K->88256K(501248K)] 1237845K->1022317K(1899520K), 0.1592528 secs] [Times: user=0.95 sys=0.00, real=0.16 secs] 
3369.658: [GC (Allocation Failure) [PSYoungGen: 380967K->143104K(500736K)] 1315028K->1161290K(1899008K), 0.0496337 secs] [Times: user=0.30 sys=0.00, real=0.05 secs] 
3371.481: [GC (Allocation Failure) [PSYoungGen: 446720K->101920K(406016K)] 1464906K->1254982K(1804288K), 0.1173506 secs] [Times: user=0.70 sys=0.00, real=0.12 secs] 
3372.052: [GC (Allocation Failure) [PSYoungGen: 405536K->147200K(495104K)] 1558598K->1399158K(1893376K), 0.0515317 secs] [Times: user=0.30 sys=0.00, real=0.05 secs] 
3372.103: [Full GC (Ergonomics) [PSYoungGen: 147200K->0K(495104K)] [ParOldGen: 1251958K->195737K(1398272K)] 1399158K->195737K(1893376K), [Metaspace: 60211K->60211K(1105920K)], 0.4749178 secs] [Times: user=2.21 sys=0.00, real=0.48 secs] 
3375.674: [GC (Allocation Failure) [PSYoungGen: 301568K->96544K(497664K)] 497305K->292281K(1895936K), 0.0806382 secs] [Times: user=0.48 sys=0.01, real=0.08 secs] 
3376.075: [GC (Allocation Failure) [PSYoungGen: 398112K->148608K(499200K)] 593849K->435054K(1897472K), 0.0477305 secs] [Times: user=0.28 sys=0.00, real=0.05 secs] 
3379.270: [GC (Allocation Failure) [PSYoungGen: 454272K->98624K(502272K)] 740718K->525442K(1900544K), 0.0649024 secs] [Times: user=0.38 sys=0.00, real=0.06 secs] 
3379.725: [GC (Allocation Failure) [PSYoungGen: 404288K->144576K(500736K)] 831106K->668300K(1899008K), 0.0532775 secs] [Times: user=0.32 sys=0.00, real=0.06 secs] 
3382.216: [GC (Allocation Failure) [PSYoungGen: 451776K->102912K(410624K)] 975500K->762700K(1808896K), 0.1283717 secs] [Times: user=0.77 sys=0.00, real=0.13 secs] 
3383.110: [GC (Allocation Failure) [PSYoungGen: 410112K->147936K(499200K)] 1069900K->908506K(1897472K), 0.0648281 secs] [Times: user=0.38 sys=0.00, real=0.06 secs] 
3385.718: [GC (Allocation Failure) [PSYoungGen: 455648K->101216K(501760K)] 1216218K->1001514K(1900032K), 0.1582460 secs] [Times: user=0.94 sys=0.00, real=0.15 secs] 
3386.812: [GC (Allocation Failure) [PSYoungGen: 408928K->148224K(501248K)] 1309226K->1147143K(1899520K), 0.0515242 secs] [Times: user=0.30 sys=0.00, real=0.05 secs] 
3389.985: [GC (Allocation Failure) [PSYoungGen: 458496K->102624K(504320K)] 1457415K->1241551K(1902592K), 0.1527895 secs] [Times: user=0.90 sys=0.00, real=0.16 secs] 
3391.115: [GC (Allocation Failure) [PSYoungGen: 412896K->149728K(501760K)] 1551823K->1388479K(1900032K), 0.0522358 secs] [Times: user=0.31 sys=0.00, real=0.06 secs] 
3391.168: [Full GC (Ergonomics) [PSYoungGen: 149728K->0K(501760K)] [ParOldGen: 1238751K->185508K(1398272K)] 1388479K->185508K(1900032K), [Metaspace: 60217K->60217K(1105920K)], 0.4463060 secs] [Times: user=2.07 sys=0.00, real=0.44 secs] 
3394.286: [GC (Allocation Failure) [PSYoungGen: 310784K->101824K(504832K)] 496292K->287332K(1903104K), 0.0952488 secs] [Times: user=0.55 sys=0.01, real=0.10 secs] 
3395.554: [GC (Allocation Failure) [PSYoungGen: 412608K->146848K(502784K)] 598116K->430897K(1901056K), 0.0511776 secs] [Times: user=0.30 sys=0.00, real=0.05 secs] 
3397.249: [GC (Allocation Failure) [PSYoungGen: 458656K->107296K(419328K)] 742705K->528841K(1817600K), 0.1488273 secs] [Times: user=0.88 sys=0.00, real=0.15 secs] 
3398.605: [GC (Allocation Failure) [PSYoungGen: 419104K->149568K(501248K)] 840649K->674457K(1899520K), 0.0529458 secs] [Times: user=0.31 sys=0.00, real=0.06 secs] 
3401.078: [GC (Allocation Failure) [PSYoungGen: 461376K->103872K(504320K)] 986265K->768781K(1902592K), 0.1467285 secs] [Times: user=0.87 sys=0.01, real=0.14 secs] 
3402.021: [GC (Allocation Failure) [PSYoungGen: 415680K->150976K(502784K)] 1080589K->915998K(1901056K), 0.0523934 secs] [Times: user=0.31 sys=0.00, real=0.05 secs] 
3404.705: [GC (Allocation Failure) [PSYoungGen: 463808K->102112K(505856K)] 1228830K->1009614K(1904128K), 0.1658422 secs] [Times: user=0.98 sys=0.00, real=0.17 secs] 
3405.561: [GC (Allocation Failure) [PSYoungGen: 414944K->150592K(501760K)] 1322446K->1156234K(1900032K), 0.0515014 secs] [Times: user=0.30 sys=0.00, real=0.05 secs] 
3407.931: [GC (Allocation Failure) [PSYoungGen: 461376K->104800K(504832K)] 1467018K->1251930K(1903104K), 0.1326230 secs] [Times: user=0.79 sys=0.01, real=0.13 secs] 
3408.488: [GC (Allocation Failure) [PSYoungGen: 412252K->149408K(502272K)] 1559383K->1397991K(1900544K), 0.0523983 secs] [Times: user=0.31 sys=0.00, real=0.05 secs] 
3408.541: [Full GC (Ergonomics) [PSYoungGen: 149408K->0K(502272K)] [ParOldGen: 1248583K->196655K(1398272K)] 1397991K->196655K(1900544K), [Metaspace: 60219K->60219K(1105920K)], 0.4684836 secs] [Times: user=2.10 sys=0.00, real=0.47 secs] 
3411.864: [GC (Allocation Failure) [PSYoungGen: 311296K->99904K(504832K)] 507951K->296559K(1903104K), 0.1023046 secs] [Times: user=0.60 sys=0.00, real=0.10 secs] 
3412.684: [GC (Allocation Failure) [PSYoungGen: 411200K->150336K(501248K)] 607855K->443408K(1899520K), 0.0487600 secs] [Times: user=0.29 sys=0.00, real=0.05 secs] 
3415.396: [GC (Allocation Failure) [PSYoungGen: 460096K->101184K(504320K)] 753168K->536504K(1902592K), 0.1348007 secs] [Times: user=0.80 sys=0.01, real=0.14 secs] 
3416.132: [GC (Allocation Failure) [PSYoungGen: 410944K->148736K(501760K)] 846264K->681628K(1900032K), 0.0502659 secs] [Times: user=0.29 sys=0.00, real=0.05 secs] 
3419.203: [GC (Allocation Failure) [PSYoungGen: 458496K->104480K(414720K)] 991388K->777452K(1812992K), 0.1653124 secs] [Times: user=0.98 sys=0.00, real=0.17 secs] 
3420.761: [GC (Allocation Failure) [PSYoungGen: 413645K->151296K(500736K)] 1086618K->921109K(1899008K), 0.0504418 secs] [Times: user=0.30 sys=0.00, real=0.05 secs] 
3422.793: [GC (GCLocker Initiated GC) [PSYoungGen: 460544K->101536K(503808K)] 1230358K->1014590K(1902080K), 0.1600519 secs] [Times: user=0.95 sys=0.01, real=0.16 secs] 
3423.262: [GC (Allocation Failure) [PSYoungGen: 410784K->142112K(502272K)] 1340224K->1169485K(1900544K), 0.2243196 secs] [Times: user=1.34 sys=0.00, real=0.22 secs] 
3428.437: [GC (Allocation Failure) [PSYoungGen: 453920K->92640K(503808K)] 1481293K->1262097K(1902080K), 0.4359173 secs] [Times: user=2.61 sys=0.00, real=0.43 secs] 
3430.135: [GC (Allocation Failure) [PSYoungGen: 404448K->150528K(500736K)] 1573905K->1408854K(1899008K), 0.0611544 secs] [Times: user=0.36 sys=0.00, real=0.06 secs] 
3430.196: [Full GC (Ergonomics) [PSYoungGen: 150528K->0K(500736K)] [ParOldGen: 1258326K->206322K(1398272K)] 1408854K->206322K(1899008K), [Metaspace: 60220K->60220K(1105920K)], 0.4864171 secs] [Times: user=2.28 sys=0.00, real=0.49 secs] 
3432.158: [GC (Allocation Failure) [PSYoungGen: 307658K->94400K(504320K)] 513981K->300722K(1902592K), 0.1732861 secs] [Times: user=1.03 sys=0.00, real=0.17 secs] 
3433.290: [GC (Allocation Failure) [PSYoungGen: 404157K->148896K(500736K)] 610479K->446055K(1899008K), 0.1061610 secs] [Times: user=0.63 sys=0.00, real=0.10 secs] 
3435.961: [GC (Allocation Failure) [PSYoungGen: 456608K->92928K(503296K)] 753767K->538711K(1901568K), 0.1233261 secs] [Times: user=0.73 sys=0.01, real=0.12 secs] 
3436.349: [GC (Allocation Failure) [PSYoungGen: 400640K->149184K(498688K)] 846423K->684180K(1896960K), 0.0548595 secs] [Times: user=0.33 sys=0.00, real=0.05 secs] 
3438.621: [GC (Allocation Failure) [PSYoungGen: 453379K->93600K(501760K)] 988375K->777332K(1900032K), 0.1255507 secs] [Times: user=0.75 sys=0.00, real=0.13 secs] 
3439.228: [GC (Allocation Failure) [PSYoungGen: 383235K->138144K(498688K)] 1066967K->912508K(1896960K), 0.0572606 secs] [Times: user=0.34 sys=0.00, real=0.05 secs] 
3442.108: [GC (Allocation Failure) [PSYoungGen: 444832K->100160K(500736K)] 1219196K->1004116K(1899008K), 0.1575787 secs] [Times: user=0.93 sys=0.01, real=0.15 secs] 
3442.639: [GC (Allocation Failure) [PSYoungGen: 406001K->150112K(500224K)] 1309958K->1150865K(1898496K), 0.0502770 secs] [Times: user=0.29 sys=0.01, real=0.05 secs] 
3445.249: [GC (Allocation Failure) [PSYoungGen: 459360K->97472K(503808K)] 1460113K->1240089K(1902080K), 0.1609638 secs] [Times: user=0.95 sys=0.00, real=0.16 secs] 
3447.216: [GC (Allocation Failure) [PSYoungGen: 406720K->149888K(499712K)] 1549337K->1385822K(1897984K), 0.0497501 secs] [Times: user=0.29 sys=0.00, real=0.05 secs] 
3447.266: [Full GC (Ergonomics) [PSYoungGen: 149888K->0K(499712K)] [ParOldGen: 1235934K->193152K(1398272K)] 1385822K->193152K(1897984K), [Metaspace: 60237K->60237K(1105920K)], 0.4657074 secs] [Times: user=2.17 sys=0.00, real=0.47 secs] 
3449.688: [GC (Allocation Failure) [PSYoungGen: 307712K->101952K(503296K)] 500864K->295104K(1901568K), 0.0846583 secs] [Times: user=0.47 sys=0.01, real=0.08 secs] 
3450.862: [GC (Allocation Failure) [PSYoungGen: 409664K->146432K(501760K)] 602816K->437393K(1900032K), 0.0492027 secs] [Times: user=0.29 sys=0.00, real=0.05 secs] 
3453.178: [GC (Allocation Failure) [PSYoungGen: 455680K->106048K(415744K)] 746641K->534317K(1814016K), 0.1662639 secs] [Times: user=0.99 sys=0.00, real=0.16 secs] 
3454.749: [GC (Allocation Failure) [PSYoungGen: 415296K->149888K(498688K)] 843565K->678278K(1896960K), 0.0511798 secs] [Times: user=0.31 sys=0.00, real=0.05 secs] 
3457.373: [GC (Allocation Failure) [PSYoungGen: 458112K->99360K(502272K)] 986502K->769306K(1900544K), 0.1588939 secs] [Times: user=0.94 sys=0.00, real=0.16 secs] 
3458.691: [GC (Allocation Failure) [PSYoungGen: 407584K->149504K(501248K)] 1077530K->915244K(1899520K), 0.0503506 secs] [Times: user=0.30 sys=0.00, real=0.05 secs] 
3461.521: [GC (Allocation Failure) [PSYoungGen: 459264K->100576K(504320K)] 1225004K->1007692K(1902592K), 0.1563192 secs] [Times: user=0.93 sys=0.00, real=0.16 secs] 
3462.599: [GC (Allocation Failure) [PSYoungGen: 410336K->152224K(499712K)] 1317452K->1155973K(1897984K), 0.0510089 secs] [Times: user=0.30 sys=0.00, real=0.05 secs] 
3465.323: [GC (Allocation Failure) [PSYoungGen: 459936K->98912K(503296K)] 1463685K->1246317K(1901568K), 0.1666477 secs] [Times: user=0.99 sys=0.00, real=0.17 secs] 
3466.632: [GC (Allocation Failure) [PSYoungGen: 406624K->149664K(500224K)] 1554029K->1392210K(1898496K), 0.0500957 secs] [Times: user=0.30 sys=0.00, real=0.05 secs] 
3466.682: [Full GC (Ergonomics) [PSYoungGen: 149664K->0K(500224K)] [ParOldGen: 1242546K->190546K(1398272K)] 1392210K->190546K(1898496K), [Metaspace: 60238K->60238K(1105920K)], 0.4699908 secs] [Times: user=2.20 sys=0.00, real=0.47 secs] 
3468.974: [GC (Allocation Failure) [PSYoungGen: 306688K->102112K(409088K)] 497234K->292658K(1807360K), 0.0830957 secs] [Times: user=0.49 sys=0.01, real=0.09 secs] 
3470.234: [GC (Allocation Failure) [PSYoungGen: 408800K->148096K(499712K)] 599346K->437133K(1897984K), 0.0510064 secs] [Times: user=0.29 sys=0.01, real=0.05 secs] 
3472.446: [GC (GCLocker Initiated GC) [PSYoungGen: 454784K->99136K(502272K)] 743822K->527422K(1900544K), 0.1232359 secs] [Times: user=0.73 sys=0.00, real=0.13 secs] 
3474.022: [GC (Allocation Failure) [PSYoungGen: 405824K->146368K(501760K)] 834158K->670091K(1900032K), 0.0497975 secs] [Times: user=0.29 sys=0.00, real=0.05 secs] 
3475.747: [GC (Allocation Failure) [PSYoungGen: 455104K->105536K(414720K)] 978827K->766443K(1812992K), 0.1538729 secs] [Times: user=0.92 sys=0.00, real=0.15 secs] 
3477.302: [GC (Allocation Failure) [PSYoungGen: 414272K->146112K(500224K)] 1075179K->908420K(1898496K), 0.0523887 secs] [Times: user=0.30 sys=0.00, real=0.05 secs] 
3478.917: [GC (Allocation Failure) [PSYoungGen: 455360K->107168K(502272K)] 1217668K->1006648K(1900544K), 0.1254464 secs] [Times: user=0.74 sys=0.00, real=0.12 secs] 
3479.753: [GC (Allocation Failure) [PSYoungGen: 416416K->158080K(497152K)] 1315896K->1161444K(1895424K), 0.0546840 secs] [Times: user=0.32 sys=0.00, real=0.06 secs] 
3482.473: [GC (Allocation Failure) [PSYoungGen: 465792K->100736K(503296K)] 1469156K->1245253K(1901568K), 0.1615803 secs] [Times: user=0.96 sys=0.00, real=0.16 secs] 
3483.205: [GC (Allocation Failure) [PSYoungGen: 408448K->151680K(499712K)] 1552965K->1393381K(1897984K), 0.0519331 secs] [Times: user=0.31 sys=0.00, real=0.06 secs] 
3483.257: [Full GC (Ergonomics) [PSYoungGen: 151680K->0K(499712K)] [ParOldGen: 1241701K->192581K(1398272K)] 1393381K->192581K(1897984K), [Metaspace: 60238K->60238K(1105920K)], 0.4665618 secs] [Times: user=2.17 sys=0.00, real=0.46 secs] 
3486.526: [GC (Allocation Failure) [PSYoungGen: 306688K->100224K(502784K)] 499269K->292805K(1901056K), 0.0942601 secs] [Times: user=0.56 sys=0.00, real=0.10 secs] 
3487.729: [GC (Allocation Failure) [PSYoungGen: 406912K->150144K(499712K)] 599493K->438690K(1897984K), 0.0493432 secs] [Times: user=0.29 sys=0.00, real=0.05 secs] 
3490.186: [GC (Allocation Failure) [PSYoungGen: 455808K->97440K(502272K)] 744354K->527678K(1900544K), 0.1631701 secs] [Times: user=0.97 sys=0.00, real=0.17 secs] 
3491.325: [GC (Allocation Failure) [PSYoungGen: 403104K->150464K(498176K)] 833342K->674719K(1896448K), 0.0498350 secs] [Times: user=0.30 sys=0.00, real=0.05 secs] 
3493.651: [GC (Allocation Failure) [PSYoungGen: 454080K->97568K(501248K)] 978335K->763791K(1899520K), 0.1591108 secs] [Times: user=0.95 sys=0.00, real=0.16 secs] 
3495.005: [GC (Allocation Failure) [PSYoungGen: 401184K->146720K(501248K)] 1067407K->907824K(1899520K), 0.0502703 secs] [Times: user=0.30 sys=0.00, real=0.05 secs] 
3497.479: [GC (Allocation Failure) [PSYoungGen: 452384K->99776K(405504K)] 1213488K->999232K(1803776K), 0.1524261 secs] [Times: user=0.91 sys=0.00, real=0.15 secs] 
3499.328: [GC (Allocation Failure) [PSYoungGen: 405440K->146720K(499200K)] 1304896K->1143301K(1897472K), 0.0519029 secs] [Times: user=0.31 sys=0.00, real=0.05 secs] 
3501.187: [GC (Allocation Failure) [PSYoungGen: 451872K->102976K(500736K)] 1448453K->1237645K(1899008K), 0.1519357 secs] [Times: user=0.91 sys=0.00, real=0.15 secs] 
3502.700: [GC (Allocation Failure) [PSYoungGen: 408128K->145024K(500736K)] 1542797K->1379841K(1899008K), 0.0526120 secs] [Times: user=0.31 sys=0.00, real=0.05 secs] 
3502.752: [Full GC (Ergonomics) [PSYoungGen: 145024K->0K(500736K)] [ParOldGen: 1234817K->178256K(1398272K)] 1379841K->178256K(1899008K), [Metaspace: 60242K->60242K(1105920K)], 0.4303777 secs] [Times: user=2.00 sys=0.00, real=0.43 secs] 
3504.735: [GC (Allocation Failure) [PSYoungGen: 308224K->103744K(501760K)] 486480K->282000K(1900032K), 0.0952526 secs] [Times: user=0.56 sys=0.01, real=0.10 secs] 
3506.391: [GC (Allocation Failure) [PSYoungGen: 411968K->146208K(501248K)] 590224K->425313K(1899520K), 0.0524739 secs] [Times: user=0.31 sys=0.00, real=0.05 secs] 
3508.359: [GC (Allocation Failure) [PSYoungGen: 456992K->104864K(503296K)] 736097K->521157K(1901568K), 0.1462392 secs] [Times: user=0.87 sys=0.01, real=0.14 secs] 
3510.044: [GC (Allocation Failure) [PSYoungGen: 415648K->145024K(504320K)] 831941K->663614K(1902592K), 0.0528604 secs] [Times: user=0.31 sys=0.00, real=0.05 secs] 
3512.664: [GC (Allocation Failure) [PSYoungGen: 459904K->105824K(505344K)] 978494K->760322K(1903616K), 0.1545388 secs] [Times: user=0.92 sys=0.01, real=0.16 secs] 
3514.484: [GC (Allocation Failure) [PSYoungGen: 420704K->149952K(502784K)] 1075202K->907926K(1901056K), 0.1354308 secs] [Times: user=0.81 sys=0.01, real=0.14 secs] 
3516.645: [GC (Allocation Failure) [PSYoungGen: 465344K->108096K(506368K)] 1223318K->1007523K(1904640K), 0.1446584 secs] [Times: user=0.86 sys=0.01, real=0.15 secs] 
3517.689: [GC (Allocation Failure) [PSYoungGen: 423488K->151392K(504320K)] 1322915K->1155415K(1902592K), 0.0532459 secs] [Times: user=0.31 sys=0.00, real=0.05 secs] 
3519.621: [GC (Allocation Failure) [PSYoungGen: 468320K->110336K(507904K)] 1472343K->1256927K(1906176K), 0.1451485 secs] [Times: user=0.86 sys=0.00, real=0.14 secs] 
3520.258: [GC (Allocation Failure) [PSYoungGen: 427264K->154336K(502784K)] 1573855K->1408292K(1901056K), 0.0551482 secs] [Times: user=0.32 sys=0.00, real=0.05 secs] 
3520.313: [Full GC (Ergonomics) [PSYoungGen: 154336K->0K(502784K)] [ParOldGen: 1253956K->205102K(1398272K)] 1408292K->205102K(1901056K), [Metaspace: 60246K->60246K(1105920K)], 0.4821430 secs] [Times: user=2.24 sys=0.01, real=0.48 secs] 
3524.425: [GC (Allocation Failure) [PSYoungGen: 314880K->90592K(405504K)] 519982K->295694K(1803776K), 0.1607127 secs] [Times: user=0.96 sys=0.00, real=0.16 secs] 
3524.939: [GC (Allocation Failure) [PSYoungGen: 405472K->154336K(498176K)] 610574K->446267K(1896448K), 0.0536551 secs] [Times: user=0.32 sys=0.00, real=0.05 secs] 
3527.653: [GC (Allocation Failure) [PSYoungGen: 460000K->91392K(502272K)] 751931K->537571K(1900544K), 0.1609014 secs] [Times: user=0.94 sys=0.00, real=0.16 secs] 
3528.196: [GC (Allocation Failure) [PSYoungGen: 381702K->141280K(500224K)] 827882K->675260K(1898496K), 0.0497266 secs] [Times: user=0.29 sys=0.00, real=0.05 secs] 
3530.157: [GC (GCLocker Initiated GC) [PSYoungGen: 447968K->104864K(501760K)] 981948K->772060K(1900032K), 0.1542802 secs] [Times: user=0.92 sys=0.00, real=0.15 secs] 
3530.862: [GC (Allocation Failure) [PSYoungGen: 411552K->140736K(501760K)] 1095135K->925654K(1900032K), 0.2464651 secs] [Times: user=1.47 sys=0.00, real=0.25 secs] 
3536.184: [GC (Allocation Failure) [PSYoungGen: 451008K->88160K(501760K)] 1235926K->1013866K(1900032K), 0.4277532 secs] [Times: user=2.55 sys=0.01, real=0.43 secs] 
3536.963: [GC (Allocation Failure) [PSYoungGen: 386732K->143648K(505856K)] 1312438K->1153968K(1904128K), 0.0485335 secs] [Times: user=0.28 sys=0.00, real=0.05 secs] 
3540.179: [GC (Allocation Failure) [PSYoungGen: 458528K->100352K(415744K)] 1468848K->1245824K(1814016K), 0.1517676 secs] [Times: user=0.90 sys=0.00, real=0.15 secs] 
3542.099: [GC (Allocation Failure) [PSYoungGen: 414625K->151200K(501248K)] 1560098K->1392409K(1899520K), 0.0500972 secs] [Times: user=0.30 sys=0.00, real=0.05 secs] 
3542.149: [Full GC (Ergonomics) [PSYoungGen: 151200K->0K(501248K)] [ParOldGen: 1241209K->196680K(1398272K)] 1392409K->196680K(1899520K), [Metaspace: 60247K->60247K(1105920K)], 0.4706427 secs] [Times: user=2.09 sys=0.00, real=0.47 secs] 
3544.895: [GC (Allocation Failure) [PSYoungGen: 311808K->102400K(505344K)] 508488K->299080K(1903616K), 0.0886472 secs] [Times: user=0.53 sys=0.01, real=0.09 secs] 
3545.575: [GC (Allocation Failure) [PSYoungGen: 408127K->148032K(503296K)] 604807K->443681K(1901568K), 0.0488698 secs] [Times: user=0.29 sys=0.00, real=0.05 secs] 
3547.963: [GC (Allocation Failure) [PSYoungGen: 460864K->102656K(415744K)] 756513K->538105K(1814016K), 0.1235120 secs] [Times: user=0.74 sys=0.01, real=0.13 secs] 
3549.670: [GC (Allocation Failure) [PSYoungGen: 414651K->147936K(502272K)] 850100K->682975K(1900544K), 0.1144994 secs] [Times: user=0.68 sys=0.00, real=0.11 secs] 
3552.811: [GC (Allocation Failure) [PSYoungGen: 460256K->103936K(505344K)] 995295K->778551K(1903616K), 0.1708318 secs] [Times: user=1.02 sys=0.01, real=0.17 secs] 
3553.485: [GC (Allocation Failure) [PSYoungGen: 406332K->146752K(502784K)] 1080948K->921752K(1901056K), 0.0505406 secs] [Times: user=0.30 sys=0.00, real=0.05 secs] 
3555.529: [GC (Allocation Failure) [PSYoungGen: 460096K->104000K(505344K)] 1235096K->1017360K(1903616K), 0.1480930 secs] [Times: user=0.88 sys=0.00, real=0.15 secs] 
3556.562: [GC (Allocation Failure) [PSYoungGen: 411371K->146752K(504320K)] 1324731K->1160441K(1902592K), 0.0509306 secs] [Times: user=0.30 sys=0.01, real=0.05 secs] 
3561.005: [GC (Allocation Failure) [PSYoungGen: 462144K->100096K(506368K)] 1475833K->1252113K(1904640K), 0.1614220 secs] [Times: user=0.96 sys=0.00, real=0.16 secs] 
3561.834: [GC (Allocation Failure) [PSYoungGen: 408641K->150304K(502784K)] 1560658K->1399102K(1901056K), 0.0512947 secs] [Times: user=0.31 sys=0.00, real=0.05 secs] 
3561.886: [Full GC (Ergonomics) [PSYoungGen: 150304K->0K(502784K)] [ParOldGen: 1248798K->197028K(1398272K)] 1399102K->197028K(1901056K), [Metaspace: 60250K->60250K(1105920K)], 0.4832842 secs] [Times: user=2.25 sys=0.00, real=0.49 secs] 
3564.781: [GC (Allocation Failure) [PSYoungGen: 313856K->101248K(506368K)] 510884K->298276K(1904640K), 0.0844205 secs] [Times: user=0.50 sys=0.00, real=0.08 secs] 
3566.175: [GC (Allocation Failure) [PSYoungGen: 413111K->150944K(501760K)] 610139K->444373K(1900032K), 0.0495588 secs] [Times: user=0.29 sys=0.00, real=0.05 secs] 
3567.954: [GC (Allocation Failure) [PSYoungGen: 462752K->103520K(505344K)] 756181K->538885K(1903616K), 0.1219216 secs] [Times: user=0.72 sys=0.00, real=0.12 secs] 
3568.965: [GC (Allocation Failure) [PSYoungGen: 410981K->147808K(503296K)] 846346K->682410K(1901568K), 0.0499513 secs] [Times: user=0.29 sys=0.00, real=0.05 secs] 
3571.125: [GC (Allocation Failure) [PSYoungGen: 460640K->105728K(418816K)] 995242K->779174K(1817088K), 0.1521638 secs] [Times: user=0.90 sys=0.00, real=0.16 secs] 
3572.351: [GC (Allocation Failure) [PSYoungGen: 407805K->144896K(503296K)] 1081251K->920319K(1901568K), 0.0506728 secs] [Times: user=0.30 sys=0.00, real=0.05 secs] 
3574.789: [GC (GCLocker Initiated GC) [PSYoungGen: 458752K->102784K(504832K)] 1234175K->1014763K(1903104K), 0.1603108 secs] [Times: user=0.96 sys=0.00, real=0.16 secs] 
3575.964: [GC (Allocation Failure) [PSYoungGen: 416640K->142176K(506368K)] 1345038K->1169427K(1904640K), 0.2505508 secs] [Times: user=1.50 sys=0.00, real=0.25 secs] 
3579.411: [GC (Allocation Failure) [PSYoungGen: 460128K->95616K(506880K)] 1487379K->1264459K(1905152K), 0.4361721 secs] [Times: user=2.62 sys=0.00, real=0.44 secs] 
3580.218: [GC (Allocation Failure) [PSYoungGen: 413568K->156000K(499200K)] 1582411K->1417087K(1897472K), 0.0551743 secs] [Times: user=0.32 sys=0.00, real=0.05 secs] 
3580.273: [Full GC (Ergonomics) [PSYoungGen: 156000K->0K(499200K)] [ParOldGen: 1261087K->215506K(1398272K)] 1417087K->215506K(1897472K), [Metaspace: 60254K->60254K(1105920K)], 0.5149481 secs] [Times: user=2.41 sys=0.00, real=0.52 secs] 
3584.469: [GC (Allocation Failure) [PSYoungGen: 311808K->96192K(505344K)] 527314K->311698K(1903616K), 0.1451942 secs] [Times: user=0.86 sys=0.01, real=0.14 secs] 
3584.959: [GC (Allocation Failure) [PSYoungGen: 408000K->156096K(496640K)] 623506K->458163K(1894912K), 0.0543626 secs] [Times: user=0.32 sys=0.00, real=0.05 secs] 
3587.822: [GC (Allocation Failure) [PSYoungGen: 460736K->90272K(501760K)] 762803K->548627K(1900032K), 0.1666223 secs] [Times: user=0.99 sys=0.01, real=0.17 secs] 
3588.359: [GC (Allocation Failure) [PSYoungGen: 394912K->196064K(429056K)] 853267K->741640K(1827328K), 0.0582361 secs] [Times: user=0.33 sys=0.02, real=0.06 secs] 
3590.267: [GC (Allocation Failure) [PSYoungGen: 429024K->60896K(465920K)] 974600K->752824K(1864192K), 0.1525953 secs] [Times: user=0.91 sys=0.00, real=0.15 secs] 
3591.380: [GC (Allocation Failure) [PSYoungGen: 293856K->110080K(465920K)] 985784K->860617K(1864192K), 0.0444133 secs] [Times: user=0.26 sys=0.00, real=0.04 secs] 
3592.375: [GC (Allocation Failure) [PSYoungGen: 343040K->152416K(465920K)] 1093577K->1004313K(1864192K), 0.0918794 secs] [Times: user=0.54 sys=0.00, real=0.10 secs] 
3594.824: [GC (Allocation Failure) [PSYoungGen: 385376K->55904K(465920K)] 1237273K->1026321K(1864192K), 0.1298854 secs] [Times: user=0.78 sys=0.00, real=0.13 secs] 
3595.217: [GC (Allocation Failure) [PSYoungGen: 288864K->117920K(351232K)] 1259281K->1138666K(1749504K), 0.0395197 secs] [Times: user=0.23 sys=0.00, real=0.03 secs] 
3596.948: [GC (Allocation Failure) [PSYoungGen: 350880K->78720K(466944K)] 1371626K->1209186K(1865216K), 0.0591961 secs] [Times: user=0.35 sys=0.00, real=0.06 secs] 
3597.811: [GC (Allocation Failure) [PSYoungGen: 314752K->99008K(335360K)] 1445218K->1308282K(1733632K), 0.0634886 secs] [Times: user=0.37 sys=0.00, real=0.06 secs] 
3598.823: [GC (Allocation Failure) [PSYoungGen: 335040K->122880K(468480K)] 1544314K->1421736K(1866752K), 0.0835268 secs] [Times: user=0.50 sys=0.00, real=0.08 secs] 
3598.906: [Full GC (Ergonomics) [PSYoungGen: 122880K->0K(468480K)] [ParOldGen: 1298856K->226649K(1398272K)] 1421736K->226649K(1866752K), [Metaspace: 60256K->60256K(1105920K)], 0.5492537 secs] [Times: user=2.56 sys=0.00, real=0.55 secs] 
3602.246: [GC (Allocation Failure) [PSYoungGen: 248320K->58880K(460288K)] 474969K->285537K(1858560K), 0.0997012 secs] [Times: user=0.59 sys=0.00, real=0.10 secs] 
3602.855: [GC (Allocation Failure) [PSYoungGen: 307200K->120608K(480256K)] 533857K->402362K(1878528K), 0.0373138 secs] [Times: user=0.22 sys=0.00, real=0.04 secs] 
3604.331: [GC (Allocation Failure) [PSYoungGen: 394016K->100000K(479232K)] 675770K->493482K(1877504K), 0.0591499 secs] [Times: user=0.35 sys=0.00, real=0.06 secs] 
3606.333: [GC (Allocation Failure) [PSYoungGen: 373408K->114976K(485888K)] 766890K->607283K(1884160K), 0.0615692 secs] [Times: user=0.36 sys=0.01, real=0.06 secs] 
3609.029: [GC (Allocation Failure) [PSYoungGen: 408352K->132128K(484864K)] 900659K->729675K(1883136K), 0.0624027 secs] [Times: user=0.37 sys=0.00, real=0.06 secs] 
3610.989: [GC (Allocation Failure) [PSYoungGen: 425504K->99392K(498688K)] 1023051K->829275K(1896960K), 0.0887646 secs] [Times: user=0.52 sys=0.00, real=0.09 secs] 
3613.831: [GC (Allocation Failure) [PSYoungGen: 415808K->148800K(502272K)] 1145691K->967368K(1900544K), 0.0612582 secs] [Times: user=0.37 sys=0.00, real=0.06 secs] 
3615.564: [GC (Allocation Failure) [PSYoungGen: 465216K->106336K(506880K)] 1283784K->1073904K(1905152K), 0.0827209 secs] [Times: user=0.49 sys=0.00, real=0.09 secs] 
3618.219: [GC (Allocation Failure) [PSYoungGen: 427360K->141344K(506880K)] 1394928K->1204677K(1905152K), 0.0623559 secs] [Times: user=0.37 sys=0.00, real=0.06 secs] 
3618.953: [GC (Allocation Failure) [PSYoungGen: 462368K->129856K(510464K)] 1525701K->1334749K(1908736K), 0.0631557 secs] [Times: user=0.38 sys=0.00, real=0.06 secs] 
3620.870: [GC (Allocation Failure) [PSYoungGen: 453440K->126400K(450048K)] 1658333K->1442650K(1848320K), 0.0639245 secs] [Times: user=0.38 sys=0.00, real=0.06 secs] 
3620.934: [Full GC (Ergonomics) [PSYoungGen: 126400K->0K(450048K)] [ParOldGen: 1316250K->251879K(1398272K)] 1442650K->251879K(1848320K), [Metaspace: 60380K->60380K(1105920K)], 0.5465194 secs] [Times: user=2.42 sys=0.00, real=0.55 secs] 
3623.029: [GC (Allocation Failure) [PSYoungGen: 323584K->135200K(508416K)] 575463K->387079K(1906688K), 0.0293635 secs] [Times: user=0.17 sys=0.00, real=0.03 secs] 
3624.733: [GC (Allocation Failure) [PSYoungGen: 461344K->4896K(331264K)] 713223K->256879K(1729536K), 0.0024852 secs] [Times: user=0.01 sys=0.01, real=0.00 secs] 
3625.849: [GC (Allocation Failure) [PSYoungGen: 331040K->149888K(491008K)] 583023K->405445K(1889280K), 0.0303613 secs] [Times: user=0.18 sys=0.00, real=0.03 secs] 
3627.760: [GC (Allocation Failure) [PSYoungGen: 445312K->99648K(497152K)] 700869K->496533K(1895424K), 0.0887711 secs] [Times: user=0.53 sys=0.00, real=0.09 secs] 
3628.964: [GC (Allocation Failure) [PSYoungGen: 395072K->135648K(497152K)] 791957K->630886K(1895424K), 0.0498850 secs] [Times: user=0.30 sys=0.00, real=0.05 secs] 
3631.381: [GC (Allocation Failure) [PSYoungGen: 437216K->109536K(411136K)] 932454K->731750K(1809408K), 0.0638575 secs] [Times: user=0.38 sys=0.00, real=0.06 secs] 
3634.171: [GC (Allocation Failure) [PSYoungGen: 411104K->130816K(497152K)] 1033318K->861131K(1895424K), 0.0592592 secs] [Times: user=0.35 sys=0.00, real=0.06 secs] 
3635.360: [GC (Allocation Failure) [PSYoungGen: 439552K->118336K(496128K)] 1169867K->969971K(1894400K), 0.0641533 secs] [Times: user=0.38 sys=0.00, real=0.06 secs] 
3638.431: [GC (Allocation Failure) [PSYoungGen: 427072K->131296K(505344K)] 1278707K->1099759K(1903616K), 0.0612631 secs] [Times: user=0.36 sys=0.00, real=0.06 secs] 
3639.641: [GC (Allocation Failure) [PSYoungGen: 455392K->4032K(504320K)] 1423855K->972599K(1902592K), 0.0028408 secs] [Times: user=0.01 sys=0.00, real=0.00 secs] 
3642.422: [GC (Allocation Failure) [PSYoungGen: 328128K->143616K(495104K)] 1296695K->1114540K(1893376K), 0.0298641 secs] [Times: user=0.16 sys=0.00, real=0.03 secs] 
3643.610: [GC (Allocation Failure) [PSYoungGen: 445184K->198624K(500224K)] 1416108K->1212284K(1898496K), 0.0652415 secs] [Times: user=0.39 sys=0.00, real=0.06 secs] 
3645.279: [GC (Allocation Failure) [PSYoungGen: 500192K->136416K(433664K)] 1513852K->1347301K(1831936K), 0.0702829 secs] [Times: user=0.42 sys=0.00, real=0.07 secs] 
3645.349: [Full GC (Ergonomics) [PSYoungGen: 136416K->0K(433664K)] [ParOldGen: 1210885K->155342K(1398272K)] 1347301K->155342K(1831936K), [Metaspace: 60386K->60386K(1105920K)], 0.3646549 secs] [Times: user=1.70 sys=0.00, real=0.36 secs] 
3646.689: [GC (Allocation Failure) [PSYoungGen: 235008K->107680K(466944K)] 390350K->263022K(1865216K), 0.0393421 secs] [Times: user=0.23 sys=0.00, real=0.04 secs] 
3649.029: [GC (Allocation Failure) [PSYoungGen: 342688K->71968K(455680K)] 498030K->335274K(1853952K), 0.1065258 secs] [Times: user=0.64 sys=0.00, real=0.10 secs] 
3649.339: [GC (Allocation Failure) [PSYoungGen: 301124K->116096K(465408K)] 564430K->445591K(1863680K), 0.0427429 secs] [Times: user=0.25 sys=0.00, real=0.04 secs] 
3651.094: [GC (Allocation Failure) [PSYoungGen: 359296K->74112K(472576K)] 688791K->511647K(1870848K), 0.0538953 secs] [Times: user=0.32 sys=0.00, real=0.06 secs] 
3652.275: [GC (Allocation Failure) [PSYoungGen: 338304K->130624K(474624K)] 775839K->640889K(1872896K), 0.0421128 secs] [Times: user=0.25 sys=0.00, real=0.05 secs] 
3654.127: [GC (Allocation Failure) [PSYoungGen: 394816K->117536K(473600K)] 905081K->741049K(1871872K), 0.0619977 secs] [Times: user=0.37 sys=0.00, real=0.06 secs] 
3655.862: [GC (Allocation Failure) [PSYoungGen: 399136K->100320K(480256K)] 1022649K->841241K(1878528K), 0.0791349 secs] [Times: user=0.47 sys=0.00, real=0.08 secs] 
3656.143: [GC (Allocation Failure) [PSYoungGen: 381920K->144928K(497664K)] 1122841K->976330K(1895936K), 0.0571225 secs] [Times: user=0.34 sys=0.00, real=0.06 secs] 
3660.303: [GC (Allocation Failure) [PSYoungGen: 449568K->87776K(501248K)] 1280970K->1063962K(1899520K), 0.1068942 secs] [Times: user=0.63 sys=0.00, real=0.11 secs] 
3660.635: [GC (Allocation Failure) [PSYoungGen: 392416K->151296K(493056K)] 1368602K->1209167K(1891328K), 0.0568189 secs] [Times: user=0.33 sys=0.00, real=0.06 secs] 
3663.814: [GC (Allocation Failure) [PSYoungGen: 450816K->87520K(499200K)] 1508687K->1296487K(1897472K), 0.1185524 secs] [Times: user=0.71 sys=0.00, real=0.12 secs] 
3663.933: [Full GC (Ergonomics) [PSYoungGen: 87520K->0K(499200K)] [ParOldGen: 1208967K->93705K(1398272K)] 1296487K->93705K(1897472K), [Metaspace: 60398K->60398K(1105920K)], 0.2523056 secs] [Times: user=1.17 sys=0.00, real=0.25 secs] 
3664.392: [GC (Allocation Failure) [PSYoungGen: 299520K->150336K(492032K)] 393225K->244041K(1890304K), 0.0321793 secs] [Times: user=0.18 sys=0.00, real=0.03 secs] 
3668.436: [GC (Allocation Failure) [PSYoungGen: 445760K->81760K(497152K)] 539465K->325997K(1895424K), 0.1323321 secs] [Times: user=0.78 sys=0.00, real=0.14 secs] 
3668.805: [GC (Allocation Failure) [PSYoungGen: 377184K->148096K(491520K)] 621421K->468311K(1889792K), 0.0524197 secs] [Times: user=0.31 sys=0.00, real=0.06 secs] 
3673.271: [GC (Allocation Failure) [PSYoungGen: 440448K->80096K(495616K)] 760663K->548575K(1893888K), 0.1334476 secs] [Times: user=0.80 sys=0.00, real=0.13 secs] 
3673.867: [GC (Allocation Failure) [PSYoungGen: 359443K->138272K(494592K)] 827922K->680796K(1892864K), 0.0462806 secs] [Times: user=0.28 sys=0.00, real=0.04 secs] 
3675.775: [GC (Allocation Failure) [PSYoungGen: 432672K->96320K(391168K)] 975196K->768420K(1789440K), 0.1240765 secs] [Times: user=0.73 sys=0.00, real=0.13 secs] 
3676.721: [GC (Allocation Failure) [PSYoungGen: 390720K->142976K(491520K)] 1062820K->908182K(1889792K), 0.0485806 secs] [Times: user=0.29 sys=0.00, real=0.05 secs] 
3678.976: [GC (Allocation Failure) [PSYoungGen: 437888K->96864K(493568K)] 1203094K->996270K(1891840K), 0.1653729 secs] [Times: user=0.98 sys=0.00, real=0.17 secs] 
3679.769: [GC (Allocation Failure) [PSYoungGen: 391776K->140512K(496128K)] 1291182K->1134832K(1894400K), 0.0493566 secs] [Times: user=0.29 sys=0.00, real=0.05 secs] 
3681.898: [GC (Allocation Failure) [PSYoungGen: 442592K->101792K(497664K)] 1436912K->1228152K(1895936K), 0.1527248 secs] [Times: user=0.91 sys=0.01, real=0.15 secs] 
3684.139: [GC (Allocation Failure) [PSYoungGen: 403872K->140096K(498176K)] 1530232K->1365501K(1896448K), 0.0515996 secs] [Times: user=0.31 sys=0.00, real=0.05 secs] 
3684.191: [Full GC (Ergonomics) [PSYoungGen: 140096K->0K(498176K)] [ParOldGen: 1225405K->165670K(1398272K)] 1365501K->165670K(1896448K), [Metaspace: 60411K->60411K(1105920K)], 0.3987215 secs] [Times: user=1.85 sys=0.00, real=0.40 secs] 
3685.927: [GC (Allocation Failure) [PSYoungGen: 307712K->106976K(499712K)] 473382K->272646K(1897984K), 0.0610645 secs] [Times: user=0.36 sys=0.00, real=0.06 secs] 
3687.817: [GC (Allocation Failure) [PSYoungGen: 414688K->145120K(500224K)] 580358K->415523K(1898496K), 0.0543635 secs] [Times: user=0.33 sys=0.00, real=0.05 secs] 
3689.476: [GC (Allocation Failure) [PSYoungGen: 458464K->107808K(503296K)] 728867K->514275K(1901568K), 0.1464064 secs] [Times: user=0.87 sys=0.00, real=0.15 secs] 
3692.378: [GC (Allocation Failure) [PSYoungGen: 421152K->144096K(504832K)] 827619K->656128K(1903104K), 0.0526678 secs] [Times: user=0.31 sys=0.00, real=0.05 secs] 
3694.334: [GC (Allocation Failure) [PSYoungGen: 463584K->111136K(507392K)] 975616K->758052K(1905664K), 0.1714966 secs] [Times: user=1.02 sys=0.01, real=0.17 secs] 
3697.084: [GC (Allocation Failure) [PSYoungGen: 430624K->148064K(504320K)] 1077540K->903433K(1902592K), 0.0547846 secs] [Times: user=0.32 sys=0.00, real=0.06 secs] 
3699.184: [GC (Allocation Failure) [PSYoungGen: 469600K->110912K(508416K)] 1224969K->1005233K(1906688K), 0.1658697 secs] [Times: user=0.99 sys=0.01, real=0.17 secs] 
3700.415: [GC (Allocation Failure) [PSYoungGen: 432448K->154400K(503808K)] 1326769K->1155498K(1902080K), 0.0556017 secs] [Times: user=0.33 sys=0.00, real=0.06 secs] 
3703.170: [GC (Allocation Failure) [PSYoungGen: 475424K->105984K(509952K)] 1476522K->1252682K(1908224K), 0.1638101 secs] [Times: user=0.97 sys=0.00, real=0.16 secs] 
3704.516: [GC (Allocation Failure) [PSYoungGen: 418958K->150048K(505856K)] 1565656K->1399139K(1904128K), 0.0529858 secs] [Times: user=0.31 sys=0.00, real=0.06 secs] 
3704.569: [Full GC (Ergonomics) [PSYoungGen: 150048K->0K(505856K)] [ParOldGen: 1249090K->196999K(1398272K)] 1399139K->196999K(1904128K), [Metaspace: 60418K->60418K(1105920K)], 0.4814096 secs] [Times: user=2.25 sys=0.00, real=0.48 secs] 
3707.147: [GC (Allocation Failure) [PSYoungGen: 320000K->106400K(509440K)] 516999K->303399K(1907712K), 0.0721106 secs] [Times: user=0.42 sys=0.00, real=0.07 secs] 
3707.872: [GC (Allocation Failure) [PSYoungGen: 426400K->154912K(502272K)] 623399K->454336K(1900544K), 0.0512178 secs] [Times: user=0.30 sys=0.00, real=0.05 secs] 
3710.325: [GC (Allocation Failure) [PSYoungGen: 468083K->95104K(507392K)] 767507K->548664K(1905664K), 0.1627210 secs] [Times: user=0.97 sys=0.00, real=0.17 secs] 
3710.866: [GC (Allocation Failure) [PSYoungGen: 411008K->154688K(498176K)] 864568K->699181K(1896448K), 0.0550915 secs] [Times: user=0.33 sys=0.00, real=0.06 secs] 
3714.442: [GC (Allocation Failure) [PSYoungGen: 462400K->90048K(503296K)] 1006893K->789389K(1901568K), 0.1554278 secs] [Times: user=0.92 sys=0.00, real=0.16 secs] 
3714.867: [GC (Allocation Failure) [PSYoungGen: 397760K->152096K(497152K)] 1097101K->935746K(1895424K), 0.0534665 secs] [Times: user=0.32 sys=0.00, real=0.05 secs] 
3718.256: [GC (Allocation Failure) [PSYoungGen: 454688K->89728K(500736K)] 1238338K->1025050K(1899008K), 0.1568574 secs] [Times: user=0.93 sys=0.00, real=0.16 secs] 
3718.885: [GC (Allocation Failure) [PSYoungGen: 392320K->148416K(496640K)] 1327642K->1169483K(1894912K), 0.0526334 secs] [Times: user=0.31 sys=0.00, real=0.06 secs] 
3721.309: [GC (Allocation Failure) [PSYoungGen: 447936K->92384K(499200K)] 1469003K->1261931K(1897472K), 0.1063984 secs] [Times: user=0.63 sys=0.00, real=0.10 secs] 
3722.243: [GC (Allocation Failure) [PSYoungGen: 389243K->141440K(497664K)] 1558790K->1399256K(1895936K), 0.0492290 secs] [Times: user=0.29 sys=0.00, real=0.05 secs] 
3722.292: [Full GC (Ergonomics) [PSYoungGen: 141440K->0K(497664K)] [ParOldGen: 1257816K->196938K(1398272K)] 1399256K->196938K(1895936K), [Metaspace: 60418K->60418K(1105920K)], 0.4804719 secs] [Times: user=2.24 sys=0.00, real=0.48 secs] 
3724.844: [GC (Allocation Failure) [PSYoungGen: 301568K->99360K(498688K)] 498506K->296298K(1896960K), 0.0760630 secs] [Times: user=0.45 sys=0.00, real=0.08 secs] 
3725.763: [GC (Allocation Failure) [PSYoungGen: 400928K->154336K(494592K)] 597866K->446827K(1892864K), 0.0495038 secs] [Times: user=0.29 sys=0.00, real=0.05 secs] 
3728.201: [GC (GCLocker Initiated GC) [PSYoungGen: 454880K->99008K(499712K)] 747371K->529084K(1897984K), 0.1764658 secs] [Times: user=1.05 sys=0.01, real=0.18 secs] 
3730.334: [GC (Allocation Failure) [PSYoungGen: 399552K->144416K(499712K)] 829630K->669419K(1897984K), 0.0492087 secs] [Times: user=0.29 sys=0.00, real=0.05 secs] 
3732.869: [GC (Allocation Failure) [PSYoungGen: 448032K->102464K(406528K)] 973035K->763031K(1804800K), 0.1689275 secs] [Times: user=1.00 sys=0.00, real=0.17 secs] 
3734.985: [GC (Allocation Failure) [PSYoungGen: 406080K->143648K(498688K)] 1066647K->903724K(1896960K), 0.0519209 secs] [Times: user=0.31 sys=0.00, real=0.06 secs] 
3737.352: [GC (Allocation Failure) [PSYoungGen: 448800K->101088K(499200K)] 1208876K->996068K(1897472K), 0.1383920 secs] [Times: user=0.83 sys=0.00, real=0.14 secs] 
3738.978: [GC (Allocation Failure) [PSYoungGen: 406240K->146112K(501248K)] 1301220K->1139469K(1899520K), 0.0524954 secs] [Times: user=0.31 sys=0.00, real=0.05 secs] 
3740.956: [GC (Allocation Failure) [PSYoungGen: 455872K->103840K(502784K)] 1449229K->1234541K(1901056K), 0.1691678 secs] [Times: user=1.01 sys=0.00, real=0.17 secs] 
3742.982: [GC (Allocation Failure) [PSYoungGen: 413600K->146592K(502272K)] 1544301K->1377526K(1900544K), 0.0525579 secs] [Times: user=0.31 sys=0.00, real=0.05 secs] 
3743.034: [Full GC (Ergonomics) [PSYoungGen: 146592K->0K(502272K)] [ParOldGen: 1230934K->175681K(1398272K)] 1377526K->175681K(1900544K), [Metaspace: 60419K->60419K(1105920K)], 0.4233760 secs] [Times: user=1.97 sys=0.00, real=0.43 secs] 
3745.657: [GC (Allocation Failure) [PSYoungGen: 312320K->105760K(504320K)] 488001K->281441K(1902592K), 0.0958845 secs] [Times: user=0.57 sys=0.00, real=0.09 secs] 
3747.277: [GC (Allocation Failure) [PSYoungGen: 418080K->155136K(499200K)] 593761K->433700K(1897472K), 0.0535281 secs] [Times: user=0.31 sys=0.00, real=0.05 secs] 
3749.127: [GC (Allocation Failure) [PSYoungGen: 465920K->108896K(504832K)] 744484K->525432K(1903104K), 0.1724224 secs] [Times: user=1.03 sys=0.01, real=0.17 secs] 
3750.107: [GC (Allocation Failure) [PSYoungGen: 419680K->147936K(503808K)] 836216K->669853K(1902080K), 0.0534150 secs] [Times: user=0.31 sys=0.00, real=0.05 secs] 
3752.590: [GC (Allocation Failure) [PSYoungGen: 461792K->105280K(419328K)] 983709K->766297K(1817600K), 0.1713923 secs] [Times: user=1.02 sys=0.01, real=0.17 secs] 
3753.700: [GC (Allocation Failure) [PSYoungGen: 419136K->150240K(502784K)] 1080153K->913562K(1901056K), 0.0527632 secs] [Times: user=0.31 sys=0.00, real=0.05 secs] 
3755.988: [GC (Allocation Failure) [PSYoungGen: 463584K->106208K(505856K)] 1226906K->1011082K(1904128K), 0.1745519 secs] [Times: user=1.03 sys=0.01, real=0.17 secs] 
3757.348: [GC (Allocation Failure) [PSYoungGen: 419552K->150176K(503296K)] 1324426K->1157663K(1901568K), 0.0525294 secs] [Times: user=0.30 sys=0.01, real=0.05 secs] 
3760.377: [GC (Allocation Failure) [PSYoungGen: 464032K->103712K(506368K)] 1471519K->1252715K(1904640K), 0.1597439 secs] [Times: user=0.96 sys=0.00, real=0.16 secs] 
3761.727: [GC (Allocation Failure) [PSYoungGen: 417568K->151104K(502784K)] 1566571K->1399856K(1901056K), 0.0512444 secs] [Times: user=0.30 sys=0.00, real=0.05 secs] 
3761.779: [Full GC (Ergonomics) [PSYoungGen: 151104K->0K(502784K)] [ParOldGen: 1248752K->196507K(1398272K)] 1399856K->196507K(1901056K), [Metaspace: 60419K->60419K(1105920K)], 0.4802052 secs] [Times: user=2.25 sys=0.00, real=0.48 secs] 
3764.311: [GC (Allocation Failure) [PSYoungGen: 312832K->104608K(505856K)] 509339K->301115K(1904128K), 0.0831841 secs] [Times: user=0.49 sys=0.00, real=0.08 secs] 
3765.388: [GC (Allocation Failure) [PSYoungGen: 411566K->145632K(505344K)] 608074K->443355K(1903616K), 0.0821897 secs] [Times: user=0.49 sys=0.00, real=0.08 secs] 
3769.695: [GC (Allocation Failure) [PSYoungGen: 460512K->101952K(506368K)] 758235K->537243K(1904640K), 0.1676655 secs] [Times: user=0.99 sys=0.01, real=0.17 secs] 
3770.425: [GC (Allocation Failure) [PSYoungGen: 412243K->149120K(503808K)] 847534K->682155K(1902080K), 0.0495831 secs] [Times: user=0.30 sys=0.00, real=0.05 secs] 
3772.669: [GC (Allocation Failure) [PSYoungGen: 463488K->105920K(506368K)] 996523K->779303K(1904640K), 0.1487013 secs] [Times: user=0.88 sys=0.00, real=0.15 secs] 
3773.193: [GC (Allocation Failure) [PSYoungGen: 420288K->152960K(502272K)] 1093671K->928840K(1900544K), 0.0521759 secs] [Times: user=0.31 sys=0.00, real=0.05 secs] 
3776.762: [GC (Allocation Failure) [PSYoungGen: 465792K->93664K(505856K)] 1241672K->1022144K(1904128K), 0.1764477 secs] [Times: user=1.05 sys=0.00, real=0.18 secs] 
3778.079: [GC (Allocation Failure) [PSYoungGen: 406496K->151456K(500224K)] 1334976K->1169745K(1898496K), 0.0549579 secs] [Times: user=0.32 sys=0.00, real=0.05 secs] 
3780.441: [GC (Allocation Failure) [PSYoungGen: 459168K->93568K(503296K)] 1477457K->1263345K(1901568K), 0.1652875 secs] [Times: user=0.98 sys=0.01, real=0.16 secs] 
3781.052: [GC (Allocation Failure) [PSYoungGen: 401280K->149312K(499200K)] 1571057K->1409258K(1897472K), 0.0546381 secs] [Times: user=0.32 sys=0.00, real=0.06 secs] 
3781.107: [Full GC (Ergonomics) [PSYoungGen: 149312K->0K(499200K)] [ParOldGen: 1259946K->207596K(1398272K)] 1409258K->207596K(1897472K), [Metaspace: 60419K->60419K(1105920K)], 0.4910022 secs] [Times: user=2.31 sys=0.00, real=0.49 secs] 
3784.955: [GC (Allocation Failure) [PSYoungGen: 304640K->89792K(501760K)] 512236K->297388K(1900032K), 0.1599824 secs] [Times: user=0.96 sys=0.00, real=0.16 secs] 
3786.048: [GC (Allocation Failure) [PSYoungGen: 383539K->141920K(500736K)] 591136K->435781K(1899008K), 0.0491437 secs] [Times: user=0.29 sys=0.00, real=0.05 secs] 
3789.173: [GC (Allocation Failure) [PSYoungGen: 447584K->96160K(401920K)] 741445K->523885K(1800192K), 0.1697670 secs] [Times: user=1.01 sys=0.00, real=0.17 secs] 
3790.480: [GC (Allocation Failure) [PSYoungGen: 401824K->148736K(498176K)] 829549K->668970K(1896448K), 0.0481925 secs] [Times: user=0.28 sys=0.00, real=0.05 secs] 
3791.976: [GC (Allocation Failure) [PSYoungGen: 453376K->102208K(501248K)] 973610K->762682K(1899520K), 0.1469085 secs] [Times: user=0.87 sys=0.01, real=0.15 secs] 
3793.048: [GC (Allocation Failure) [PSYoungGen: 406848K->146272K(499712K)] 1067322K->905619K(1897984K), 0.0538865 secs] [Times: user=0.32 sys=0.00, real=0.05 secs] 
3796.862: [GC (Allocation Failure) [PSYoungGen: 452960K->99104K(501760K)] 1212307K->996491K(1900032K), 0.0657690 secs] [Times: user=0.39 sys=0.00, real=0.07 secs] 
3797.473: [GC (Allocation Failure) [PSYoungGen: 405792K->146592K(501248K)] 1303179K->1140473K(1899520K), 0.0502292 secs] [Times: user=0.30 sys=0.00, real=0.05 secs] 
3801.717: [GC (Allocation Failure) [PSYoungGen: 455328K->97504K(503296K)] 1449209K->1229509K(1901568K), 0.1565840 secs] [Times: user=0.93 sys=0.00, real=0.15 secs] 
3804.397: [GC (Allocation Failure) [PSYoungGen: 406240K->144416K(502272K)] 1538245K->1370978K(1900544K), 0.0500339 secs] [Times: user=0.30 sys=0.00, real=0.05 secs] 
3804.447: [Full GC (Ergonomics) [PSYoungGen: 144416K->0K(502272K)] [ParOldGen: 1226561K->176671K(1398272K)] 1370978K->176671K(1900544K), [Metaspace: 60421K->60421K(1105920K)], 0.4227602 secs] [Times: user=1.96 sys=0.00, real=0.42 secs] 
3806.473: [GC (Allocation Failure) [PSYoungGen: 310272K->105248K(415744K)] 486943K->281919K(1814016K), 0.0700184 secs] [Times: user=0.41 sys=0.01, real=0.07 secs] 
3807.671: [GC (Allocation Failure) [PSYoungGen: 415520K->148064K(499712K)] 592191K->427448K(1897984K), 0.0530240 secs] [Times: user=0.32 sys=0.00, real=0.05 secs] 
3809.029: [GC (Allocation Failure) [PSYoungGen: 458336K->107200K(502784K)] 737720K->525704K(1901056K), 0.1119927 secs] [Times: user=0.67 sys=0.00, real=0.11 secs] 
3811.315: [GC (Allocation Failure) [PSYoungGen: 417472K->145248K(504320K)] 835976K->668897K(1902592K), 0.0526903 secs] [Times: user=0.31 sys=0.00, real=0.06 secs] 
3813.221: [GC (Allocation Failure) [PSYoungGen: 460640K->108416K(505856K)] 984289K->768193K(1904128K), 0.1102962 secs] [Times: user=0.65 sys=0.01, real=0.11 secs] 
3814.366: [GC (Allocation Failure) [PSYoungGen: 423808K->152288K(502272K)] 1083585K->917278K(1900544K), 0.0540197 secs] [Times: user=0.31 sys=0.01, real=0.06 secs] 
3816.561: [GC (Allocation Failure) [PSYoungGen: 467680K->105632K(506368K)] 1232670K->1014206K(1904640K), 0.1454843 secs] [Times: user=0.87 sys=0.00, real=0.14 secs] 
3817.530: [GC (Allocation Failure) [PSYoungGen: 417264K->149792K(504320K)] 1325839K->1160903K(1902592K), 0.0878360 secs] [Times: user=0.52 sys=0.00, real=0.09 secs] 
3820.460: [GC (Allocation Failure) [PSYoungGen: 465696K->102336K(507392K)] 1476807K->1254775K(1905664K), 0.1654580 secs] [Times: user=0.98 sys=0.00, real=0.16 secs] 
3821.277: [GC (Allocation Failure) [PSYoungGen: 412294K->148064K(504832K)] 1564733K->1399684K(1903104K), 0.0806324 secs] [Times: user=0.48 sys=0.01, real=0.08 secs] 
3821.358: [Full GC (Ergonomics) [PSYoungGen: 148064K->0K(504832K)] [ParOldGen: 1251620K->196908K(1398272K)] 1399684K->196908K(1903104K), [Metaspace: 60422K->60422K(1105920K)], 0.4905152 secs] [Times: user=2.29 sys=0.00, real=0.49 secs] 
3824.452: [GC (Allocation Failure) [PSYoungGen: 315904K->104928K(420864K)] 512812K->301836K(1819136K), 0.0905312 secs] [Times: user=0.53 sys=0.00, real=0.09 secs] 
3825.310: [GC (Allocation Failure) [PSYoungGen: 420832K->154400K(501248K)] 617740K->452697K(1899520K), 0.0784613 secs] [Times: user=0.47 sys=0.00, real=0.08 secs] 
3828.854: [GC (Allocation Failure) [PSYoungGen: 467232K->94112K(505856K)] 765529K->546941K(1904128K), 0.1403126 secs] [Times: user=0.83 sys=0.00, real=0.14 secs] 
3829.649: [GC (Allocation Failure) [PSYoungGen: 406944K->150080K(501248K)] 859773K->692933K(1899520K), 0.0552194 secs] [Times: user=0.32 sys=0.00, real=0.05 secs] 
3832.832: [GC (Allocation Failure) [PSYoungGen: 458816K->94752K(503808K)] 1001669K->786842K(1902080K), 0.1711661 secs] [Times: user=1.02 sys=0.00, real=0.17 secs] 
3833.503: [GC (Allocation Failure) [PSYoungGen: 403488K->149504K(499712K)] 1095578K->932478K(1897984K), 0.0556380 secs] [Times: user=0.33 sys=0.00, real=0.06 secs] 
3835.943: [GC (Allocation Failure) [PSYoungGen: 455168K->91904K(502272K)] 1238142K->1024170K(1900544K), 0.1542920 secs] [Times: user=0.91 sys=0.00, real=0.16 secs] 
3836.841: [GC (Allocation Failure) [PSYoungGen: 397568K->164000K(487424K)] 1329834K->1184551K(1885696K), 0.0545238 secs] [Times: user=0.32 sys=0.00, real=0.05 secs] 
3840.387: [GC (Allocation Failure) [PSYoungGen: 456352K->85792K(495616K)] 1476903K->1253875K(1893888K), 0.1610454 secs] [Times: user=0.95 sys=0.01, real=0.16 secs] 
3841.780: [GC (Allocation Failure) [PSYoungGen: 378144K->141504K(493056K)] 1546227K->1391660K(1891328K), 0.0485183 secs] [Times: user=0.29 sys=0.00, real=0.05 secs] 
3841.829: [Full GC (Ergonomics) [PSYoungGen: 141504K->0K(493056K)] [ParOldGen: 1250156K->189845K(1398272K)] 1391660K->189845K(1891328K), [Metaspace: 60423K->60423K(1105920K)], 0.4656184 secs] [Times: user=2.18 sys=0.00, real=0.46 secs] 
3844.677: [GC (Allocation Failure) [PSYoungGen: 292864K->92320K(494592K)] 482709K->282165K(1892864K), 0.0950956 secs] [Times: user=0.56 sys=0.00, real=0.09 secs] 
3846.607: [GC (Allocation Failure) [PSYoungGen: 385184K->138240K(494592K)] 575029K->417798K(1892864K), 0.0471375 secs] [Times: user=0.27 sys=0.00, real=0.04 secs] 
3848.243: [GC (Allocation Failure) [PSYoungGen: 435712K->103168K(495616K)] 715270K->512262K(1893888K), 0.1603945 secs] [Times: user=0.95 sys=0.01, real=0.16 secs] 
3851.116: [GC (Allocation Failure) [PSYoungGen: 400640K->136736K(499200K)] 809734K->647035K(1897472K), 0.0514473 secs] [Times: user=0.30 sys=0.00, real=0.06 secs] 
3852.280: [GC (Allocation Failure) [PSYoungGen: 441888K->108256K(497664K)] 952187K->745843K(1895936K), 0.0670107 secs] [Times: user=0.39 sys=0.01, real=0.07 secs] 
3855.438: [GC (Allocation Failure) [PSYoungGen: 413408K->136576K(501248K)] 1050995K->880736K(1899520K), 0.0523917 secs] [Times: user=0.31 sys=0.00, real=0.05 secs] 
3857.355: [GC (Allocation Failure) [PSYoungGen: 449920K->111552K(500224K)] 1194080K->983016K(1898496K), 0.0676718 secs] [Times: user=0.40 sys=0.00, real=0.07 secs] 
3858.182: [GC (Allocation Failure) [PSYoungGen: 424896K->145824K(503296K)] 1296360K->1127949K(1901568K), 0.0555752 secs] [Times: user=0.33 sys=0.00, real=0.06 secs] 
3860.814: [GC (Allocation Failure) [PSYoungGen: 466848K->109312K(506368K)] 1448973K->1228597K(1904640K), 0.0673138 secs] [Times: user=0.40 sys=0.00, real=0.07 secs] 
3861.591: [GC (Allocation Failure) [PSYoungGen: 430336K->152672K(506880K)] 1549621K->1380230K(1905152K), 0.0557487 secs] [Times: user=0.33 sys=0.00, real=0.05 secs] 
3861.646: [Full GC (Ergonomics) [PSYoungGen: 152672K->0K(506880K)] [ParOldGen: 1227558K->177620K(1398272K)] 1380230K->177620K(1905152K), [Metaspace: 60433K->60433K(1105920K)], 0.4291604 secs] [Times: user=2.00 sys=0.00, real=0.43 secs] 
3864.920: [GC (Allocation Failure) [PSYoungGen: 324049K->109568K(512000K)] 501669K->287188K(1910272K), 0.1116398 secs] [Times: user=0.67 sys=0.00, real=0.11 secs] 
3866.424: [GC (Allocation Failure) [PSYoungGen: 434688K->156096K(503808K)] 612308K->440773K(1902080K), 0.0551691 secs] [Times: user=0.33 sys=0.00, real=0.06 secs] 
3870.340: [GC (Allocation Failure) [PSYoungGen: 476096K->101952K(509440K)] 760773K->534341K(1907712K), 0.1467019 secs] [Times: user=0.76 sys=0.00, real=0.14 secs] 
3872.173: [GC (Allocation Failure) [PSYoungGen: 420509K->153280K(502272K)] 852898K->683230K(1900544K), 0.0503854 secs] [Times: user=0.30 sys=0.00, real=0.05 secs] 
3874.077: [GC (GCLocker Initiated GC) [PSYoungGen: 468160K->106848K(506880K)] 998110K->781482K(1905152K), 0.1738993 secs] [Times: user=1.00 sys=0.00, real=0.17 secs] 
3875.102: [GC (Allocation Failure) [PSYoungGen: 421728K->185728K(478208K)] 1096365K->963118K(1876480K), 0.0541848 secs] [Times: user=0.31 sys=0.00, real=0.05 secs] 
3877.432: [GC (Allocation Failure) [PSYoungGen: 475008K->86784K(376320K)] 1252398K->1033082K(1774592K), 0.1513520 secs] [Times: user=0.91 sys=0.00, real=0.15 secs] 
3878.118: [GC (Allocation Failure) [PSYoungGen: 376064K->142528K(495616K)] 1322362K->1172332K(1893888K), 0.0492878 secs] [Times: user=0.29 sys=0.00, real=0.05 secs] 
3881.118: [GC (Allocation Failure) [PSYoungGen: 432832K->92192K(382976K)] 1462636K->1256224K(1781248K), 0.1617951 secs] [Times: user=0.95 sys=0.01, real=0.16 secs] 
3882.815: [GC (Allocation Failure) [PSYoungGen: 382496K->138272K(494592K)] 1546528K->1391341K(1892864K), 0.0479232 secs] [Times: user=0.29 sys=0.00, real=0.05 secs] 
3882.863: [Full GC (Ergonomics) [PSYoungGen: 138272K->0K(494592K)] [ParOldGen: 1253069K->173019K(1398272K)] 1391341K->173019K(1892864K), [Metaspace: 60435K->60435K(1105920K)], 0.4220930 secs] [Times: user=1.96 sys=0.00, real=0.42 secs] 
3884.460: [GC (Allocation Failure) [PSYoungGen: 292864K->99712K(492032K)] 465883K->272731K(1890304K), 0.0443619 secs] [Times: user=0.26 sys=0.00, real=0.04 secs] 
3886.715: [GC (Allocation Failure) [PSYoungGen: 392576K->135872K(496640K)] 565595K->406276K(1894912K), 0.0513090 secs] [Times: user=0.30 sys=0.00, real=0.05 secs] 
3887.892: [GC (Allocation Failure) [PSYoungGen: 436928K->107648K(494592K)] 707332K->504448K(1892864K), 0.0626581 secs] [Times: user=0.38 sys=0.00, real=0.06 secs] 
3891.208: [GC (Allocation Failure) [PSYoungGen: 408704K->134816K(502272K)] 805504K->637877K(1900544K), 0.0548958 secs] [Times: user=0.32 sys=0.00, real=0.05 secs] 
3892.482: [GC (Allocation Failure) [PSYoungGen: 447136K->114048K(499712K)] 950197K->742661K(1897984K), 0.0647598 secs] [Times: user=0.38 sys=0.00, real=0.07 secs] 
3895.202: [GC (Allocation Failure) [PSYoungGen: 426368K->139424K(504320K)] 1054981K->880702K(1902592K), 0.0583270 secs] [Times: user=0.35 sys=0.00, real=0.06 secs] 
3897.608: [GC (GCLocker Initiated GC) [PSYoungGen: 460960K->110624K(504320K)] 1202238K->982390K(1902592K), 0.0656182 secs] [Times: user=0.40 sys=0.00, real=0.06 secs] 
3899.175: [GC (Allocation Failure) [PSYoungGen: 432160K->147872K(509440K)] 1303929K->1128642K(1907712K), 0.0548611 secs] [Times: user=0.32 sys=0.00, real=0.06 secs] 
3901.126: [GC (Allocation Failure) [PSYoungGen: 477600K->116672K(513024K)] 1458370K->1236146K(1911296K), 0.1657198 secs] [Times: user=0.97 sys=0.01, real=0.17 secs] 
3902.593: [GC (Allocation Failure) [PSYoungGen: 446400K->156736K(506880K)] 1565874K->1390700K(1905152K), 0.0573203 secs] [Times: user=0.33 sys=0.00, real=0.06 secs] 
3902.650: [Full GC (Ergonomics) [PSYoungGen: 156736K->0K(506880K)] [ParOldGen: 1233964K->188655K(1398272K)] 1390700K->188655K(1905152K), [Metaspace: 60438K->60438K(1105920K)], 0.4531359 secs] [Times: user=2.11 sys=0.00, real=0.45 secs] 
3905.397: [GC (Allocation Failure) [PSYoungGen: 328192K->111296K(513536K)] 516847K->299952K(1911808K), 0.0812017 secs] [Times: user=0.48 sys=0.00, real=0.08 secs] 
3907.332: [GC (Allocation Failure) [PSYoungGen: 439488K->158080K(504320K)] 628144K->454496K(1902592K), 0.0547765 secs] [Times: user=0.32 sys=0.00, real=0.06 secs] 
3909.658: [GC (Allocation Failure) [PSYoungGen: 480128K->101152K(510464K)] 776544K->555520K(1908736K), 0.1471432 secs] [Times: user=0.88 sys=0.00, real=0.14 secs] 
3911.691: [GC (GCLocker Initiated GC) [PSYoungGen: 423200K->155712K(502272K)] 877568K->705749K(1900544K), 0.1343964 secs] [Times: user=0.80 sys=0.01, real=0.13 secs] 
3913.966: [GC (Allocation Failure) [PSYoungGen: 470592K->97952K(506880K)] 1020632K->803544K(1905152K), 0.1318935 secs] [Times: user=0.78 sys=0.00, real=0.14 secs] 
3914.371: [GC (Allocation Failure) [PSYoungGen: 412832K->155456K(499200K)] 1118424K->953476K(1897472K), 0.0580348 secs] [Times: user=0.35 sys=0.00, real=0.06 secs] 
3918.471: [GC (Allocation Failure) [PSYoungGen: 463168K->91936K(503296K)] 1261188K->1045260K(1901568K), 0.1509189 secs] [Times: user=0.90 sys=0.00, real=0.15 secs] 
3919.720: [GC (Allocation Failure) [PSYoungGen: 399648K->147840K(501248K)] 1352972K->1187425K(1899520K), 0.1500516 secs] [Times: user=0.89 sys=0.00, real=0.15 secs] 
3922.745: [GC (Allocation Failure) [PSYoungGen: 453504K->89472K(502272K)] 1493089K->1276345K(1900544K), 0.1393425 secs] [Times: user=0.83 sys=0.00, real=0.14 secs] 
3923.577: [GC (Allocation Failure) [PSYoungGen: 395136K->151200K(496640K)] 1582009K->1421802K(1894912K), 0.0899620 secs] [Times: user=0.54 sys=0.00, real=0.09 secs] 
3923.667: [Full GC (Ergonomics) [PSYoungGen: 151200K->0K(496640K)] [ParOldGen: 1270602K->220389K(1398272K)] 1421802K->220389K(1894912K), [Metaspace: 60446K->60446K(1105920K)], 0.5390631 secs] [Times: user=2.54 sys=0.00, real=0.53 secs] 
3928.684: [GC (Allocation Failure) [PSYoungGen: 300544K->86816K(499712K)] 520933K->307205K(1897984K), 0.1165615 secs] [Times: user=0.69 sys=0.00, real=0.12 secs] 
3930.197: [GC (Allocation Failure) [PSYoungGen: 387360K->149088K(496128K)] 607749K->446425K(1894400K), 0.0541852 secs] [Times: user=0.32 sys=0.00, real=0.05 secs] 
3933.478: [GC (Allocation Failure) [PSYoungGen: 446560K->90944K(498176K)] 743897K->537549K(1896448K), 0.1352733 secs] [Times: user=0.81 sys=0.00, real=0.13 secs] 
3934.152: [GC (Allocation Failure) [PSYoungGen: 383218K->142336K(497664K)] 829824K->674274K(1895936K), 0.0492015 secs] [Times: user=0.29 sys=0.00, real=0.05 secs] 
3936.506: [GC (Allocation Failure) [PSYoungGen: 441344K->95808K(395264K)] 973282K->761938K(1793536K), 0.1723955 secs] [Times: user=1.02 sys=0.01, real=0.18 secs] 
3937.623: [GC (Allocation Failure) [PSYoungGen: 394816K->145440K(496640K)] 1060946K->903463K(1894912K), 0.0477543 secs] [Times: user=0.28 sys=0.00, real=0.05 secs] 
3939.708: [GC (Allocation Failure) [PSYoungGen: 445472K->99456K(497664K)] 1203495K->994103K(1895936K), 0.1576626 secs] [Times: user=0.94 sys=0.00, real=0.15 secs] 
3940.983: [GC (Allocation Failure) [PSYoungGen: 399488K->143168K(498176K)] 1294135K->1134484K(1896448K), 0.0503181 secs] [Times: user=0.30 sys=0.00, real=0.05 secs] 
3942.525: [GC (Allocation Failure) [PSYoungGen: 446784K->103392K(499200K)] 1438100K->1229108K(1897472K), 0.1617574 secs] [Times: user=0.96 sys=0.00, real=0.17 secs] 
3944.825: [GC (Allocation Failure) [PSYoungGen: 407008K->143328K(499200K)] 1532724K->1368989K(1897472K), 0.0520091 secs] [Times: user=0.31 sys=0.00, real=0.06 secs] 
3944.877: [Full GC (Ergonomics) [PSYoungGen: 143328K->0K(499200K)] [ParOldGen: 1225661K->175804K(1398272K)] 1368989K->175804K(1897472K), [Metaspace: 60462K->60462K(1105920K)], 0.4230626 secs] [Times: user=1.97 sys=0.00, real=0.42 secs] 
3946.821: [GC (Allocation Failure) [PSYoungGen: 307712K->104672K(500224K)] 483516K->280476K(1898496K), 0.1099730 secs] [Times: user=0.65 sys=0.01, real=0.11 secs] 
3948.675: [GC (Allocation Failure) [PSYoungGen: 412384K->144928K(501760K)] 588188K->422249K(1900032K), 0.0526787 secs] [Times: user=0.31 sys=0.01, real=0.06 secs] 
3950.229: [GC (Allocation Failure) [PSYoungGen: 457760K->106592K(503808K)] 735081K->519337K(1902080K), 0.1399713 secs] [Times: user=0.83 sys=0.00, real=0.14 secs] 
3953.156: [GC (Allocation Failure) [PSYoungGen: 419424K->148192K(503296K)] 832169K->664370K(1901568K), 0.0526842 secs] [Times: user=0.31 sys=0.00, real=0.06 secs] 
3954.780: [GC (Allocation Failure) [PSYoungGen: 464096K->108768K(506368K)] 980274K->764074K(1904640K), 0.1112750 secs] [Times: user=0.67 sys=0.00, real=0.11 secs] 
3956.038: [GC (Allocation Failure) [PSYoungGen: 424672K->159968K(497152K)] 1079978K->921667K(1895424K), 0.0547184 secs] [Times: user=0.33 sys=0.00, real=0.05 secs] 
3959.350: [GC (Allocation Failure) [PSYoungGen: 470752K->101504K(504832K)] 1232451K->1006655K(1903104K), 0.1500823 secs] [Times: user=0.89 sys=0.01, real=0.15 secs] 
3960.753: [GC (Allocation Failure) [PSYoungGen: 412288K->150048K(501248K)] 1317439K->1152872K(1899520K), 0.0510843 secs] [Times: user=0.30 sys=0.00, real=0.05 secs] 
3962.353: [GC (Allocation Failure) [PSYoungGen: 459808K->105568K(504320K)] 1462632K->1249612K(1902592K), 0.0928762 secs] [Times: user=0.55 sys=0.00, real=0.09 secs] 
3963.935: [GC (Allocation Failure) [PSYoungGen: 415328K->147456K(502784K)] 1559372K->1393573K(1901056K), 0.0524397 secs] [Times: user=0.31 sys=0.00, real=0.06 secs] 
3963.988: [Full GC (Ergonomics) [PSYoungGen: 147456K->0K(502784K)] [ParOldGen: 1246117K->189998K(1398272K)] 1393573K->189998K(1901056K), [Metaspace: 60463K->60463K(1105920K)], 0.4638870 secs] [Times: user=2.17 sys=0.00, real=0.46 secs] 
3967.257: [GC (Allocation Failure) [PSYoungGen: 311296K->102720K(504320K)] 501294K->292718K(1902592K), 0.0983210 secs] [Times: user=0.59 sys=0.00, real=0.09 secs] 
3969.058: [GC (Allocation Failure) [PSYoungGen: 414016K->149632K(502272K)] 604014K->438727K(1900544K), 0.0504394 secs] [Times: user=0.30 sys=0.00, real=0.05 secs] 
3971.058: [GC (Allocation Failure) [PSYoungGen: 461440K->108000K(504832K)] 750535K->537911K(1903104K), 0.1363050 secs] [Times: user=0.82 sys=0.00, real=0.13 secs] 
3971.871: [GC (Allocation Failure) [PSYoungGen: 419808K->150272K(502784K)] 849719K->683225K(1901056K), 0.0575096 secs] [Times: user=0.34 sys=0.00, real=0.06 secs] 
3975.136: [GC (Allocation Failure) [PSYoungGen: 463104K->102144K(505344K)] 996057K->777273K(1903616K), 0.1687700 secs] [Times: user=1.00 sys=0.01, real=0.17 secs] 
3976.634: [GC (Allocation Failure) [PSYoungGen: 406455K->147904K(504320K)] 1081585K->921887K(1902592K), 0.1252117 secs] [Times: user=0.74 sys=0.00, real=0.13 secs] 
3980.040: [GC (Allocation Failure) [PSYoungGen: 461760K->102144K(506368K)] 1235743K->1015899K(1904640K), 0.1673501 secs] [Times: user=1.00 sys=0.01, real=0.17 secs] 
3981.644: [GC (Allocation Failure) [PSYoungGen: 410391K->148928K(504320K)] 1324146K->1160996K(1902592K), 0.0508902 secs] [Times: user=0.31 sys=0.00, real=0.05 secs] 
3984.940: [GC (Allocation Failure) [PSYoungGen: 462784K->102848K(506368K)] 1474852K->1255388K(1904640K), 0.1693445 secs] [Times: user=1.00 sys=0.00, real=0.17 secs] 
3986.523: [GC (Allocation Failure) [PSYoungGen: 406582K->148512K(504320K)] 1559122K->1399741K(1902592K), 0.0512650 secs] [Times: user=0.30 sys=0.00, real=0.05 secs] 
3986.575: [Full GC (Ergonomics) [PSYoungGen: 148512K->0K(504320K)] [ParOldGen: 1251229K->196781K(1398272K)] 1399741K->196781K(1902592K), [Metaspace: 60464K->60464K(1105920K)], 0.4784168 secs] [Times: user=2.23 sys=0.00, real=0.48 secs] 
3989.037: [GC (Allocation Failure) [PSYoungGen: 313856K->105664K(419840K)] 510637K->302445K(1818112K), 0.0887251 secs] [Times: user=0.52 sys=0.00, real=0.08 secs] 
3990.280: [GC (Allocation Failure) [PSYoungGen: 406985K->144672K(505344K)] 603767K->443858K(1903616K), 0.0711512 secs] [Times: user=0.42 sys=0.00, real=0.07 secs] 
3992.426: [GC (Allocation Failure) [PSYoungGen: 460064K->107200K(505856K)] 759250K->542866K(1904128K), 0.1617339 secs] [Times: user=0.96 sys=0.01, real=0.17 secs] 
3993.440: [GC (Allocation Failure) [PSYoungGen: 422592K->152352K(501760K)] 858258K->691747K(1900032K), 0.1093940 secs] [Times: user=0.61 sys=0.01, real=0.11 secs] 
3996.588: [GC (Allocation Failure) [PSYoungGen: 466720K->95168K(505856K)] 1006115K->786679K(1904128K), 0.1500478 secs] [Times: user=0.89 sys=0.01, real=0.15 secs] 
3997.729: [GC (Allocation Failure) [PSYoungGen: 409536K->167680K(488960K)] 1101047K->950852K(1887232K), 0.1150997 secs] [Times: user=0.69 sys=0.00, real=0.11 secs] 
4002.156: [GC (Allocation Failure) [PSYoungGen: 466176K->84096K(382976K)] 1249348K->1018588K(1781248K), 0.1705008 secs] [Times: user=1.02 sys=0.00, real=0.17 secs] 
4003.010: [GC (Allocation Failure) [PSYoungGen: 382592K->144480K(498688K)] 1317084K->1159752K(1896960K), 0.0775347 secs] [Times: user=0.46 sys=0.00, real=0.08 secs] 
4005.173: [GC (Allocation Failure) [PSYoungGen: 442464K->99328K(397824K)] 1457736K->1250728K(1796096K), 0.1458263 secs] [Times: user=0.87 sys=0.00, real=0.15 secs] 
4006.002: [GC (Allocation Failure) [PSYoungGen: 397312K->145312K(495104K)] 1548712K->1393458K(1893376K), 0.0517739 secs] [Times: user=0.31 sys=0.00, real=0.05 secs] 
4006.054: [Full GC (Ergonomics) [PSYoungGen: 145312K->0K(495104K)] [ParOldGen: 1248146K->191697K(1398272K)] 1393458K->191697K(1893376K), [Metaspace: 60465K->60465K(1105920K)], 0.4606047 secs] [Times: user=2.13 sys=0.01, real=0.46 secs] 
4008.664: [GC (Allocation Failure) [PSYoungGen: 297472K->98752K(495616K)] 489169K->290449K(1893888K), 0.1006418 secs] [Times: user=0.59 sys=0.00, real=0.10 secs] 
4010.566: [GC (Allocation Failure) [PSYoungGen: 396224K->143584K(498176K)] 587921K->428006K(1896448K), 0.0481214 secs] [Times: user=0.29 sys=0.00, real=0.05 secs] 
4011.974: [GC (Allocation Failure) [PSYoungGen: 446176K->102144K(498688K)] 730598K->521422K(1896960K), 0.1029824 secs] [Times: user=0.61 sys=0.00, real=0.11 secs] 
4013.274: [GC (Allocation Failure) [PSYoungGen: 404736K->143872K(499712K)] 824014K->662935K(1897984K), 0.0508036 secs] [Times: user=0.31 sys=0.00, real=0.05 secs] 
4015.006: [GC (Allocation Failure) [PSYoungGen: 450560K->104704K(500224K)] 969623K->758767K(1898496K), 0.0947081 secs] [Times: user=0.56 sys=0.00, real=0.10 secs] 
4016.136: [GC (Allocation Failure) [PSYoungGen: 411392K->147840K(500736K)] 1065455K->905005K(1899008K), 0.1411284 secs] [Times: user=0.84 sys=0.01, real=0.15 secs] 
4018.429: [GC (Allocation Failure) [PSYoungGen: 458112K->104384K(502784K)] 1215277K->1001261K(1901056K), 0.1237372 secs] [Times: user=0.73 sys=0.00, real=0.12 secs] 
4020.381: [GC (Allocation Failure) [PSYoungGen: 414656K->145056K(503808K)] 1311533K->1143830K(1902080K), 0.0528304 secs] [Times: user=0.31 sys=0.00, real=0.05 secs] 
4022.779: [GC (Allocation Failure) [PSYoungGen: 459424K->108224K(505344K)] 1458198K->1243034K(1903616K), 0.1550441 secs] [Times: user=0.92 sys=0.01, real=0.15 secs] 
4023.735: [GC (Allocation Failure) [PSYoungGen: 422592K->151744K(501760K)] 1557402K->1391208K(1900032K), 0.0535210 secs] [Times: user=0.32 sys=0.00, real=0.06 secs] 
4023.788: [Full GC (Ergonomics) [PSYoungGen: 151744K->0K(501760K)] [ParOldGen: 1239464K->189809K(1398272K)] 1391208K->189809K(1900032K), [Metaspace: 60472K->60472K(1105920K)], 0.4641859 secs] [Times: user=2.16 sys=0.00, real=0.46 secs] 
4025.997: [GC (Allocation Failure) [PSYoungGen: 314368K->109056K(505856K)] 504177K->298865K(1904128K), 0.0755260 secs] [Times: user=0.45 sys=0.01, real=0.07 secs] 
4027.331: [GC (Allocation Failure) [PSYoungGen: 423424K->150880K(503808K)] 613233K->444094K(1902080K), 0.0520228 secs] [Times: user=0.30 sys=0.00, real=0.05 secs] 
4032.282: [GC (Allocation Failure) [PSYoungGen: 466784K->102944K(507392K)] 759998K->538382K(1905664K), 0.1671453 secs] [Times: user=0.99 sys=0.00, real=0.17 secs] 
4034.112: [GC (Allocation Failure) [PSYoungGen: 411439K->148160K(504832K)] 846878K->682667K(1903104K), 0.0501581 secs] [Times: user=0.30 sys=0.00, real=0.05 secs] 
4036.675: [GC (Allocation Failure) [PSYoungGen: 464064K->105440K(421376K)] 998571K->779467K(1819648K), 0.1700738 secs] [Times: user=1.01 sys=0.00, real=0.17 secs] 
4037.388: [GC (Allocation Failure) [PSYoungGen: 405096K->144800K(505856K)] 1079123K->920879K(1904128K), 0.0778293 secs] [Times: user=0.46 sys=0.00, real=0.07 secs] 
4040.478: [GC (Allocation Failure) [PSYoungGen: 462240K->106272K(506880K)] 1238319K->1018688K(1905152K), 0.1328149 secs] [Times: user=0.79 sys=0.00, real=0.13 secs] 
4041.650: [GC (Allocation Failure) [PSYoungGen: 407444K->144032K(506880K)] 1319860K->1159532K(1905152K), 0.0894263 secs] [Times: user=0.52 sys=0.00, real=0.09 secs] 
4045.021: [GC (GCLocker Initiated GC) [PSYoungGen: 464032K->104448K(507904K)] 1479533K->1255405K(1906176K), 0.1543522 secs] [Times: user=0.92 sys=0.00, real=0.15 secs] 
4046.505: [GC (Allocation Failure) [PSYoungGen: 424448K->148032K(506880K)] 1591791K->1415268K(1905152K), 0.2607436 secs] [Times: user=1.57 sys=0.00, real=0.26 secs] 
4046.766: [Full GC (Ergonomics) [PSYoungGen: 148032K->0K(506880K)] [ParOldGen: 1267236K->213579K(1398272K)] 1415268K->213579K(1905152K), [Metaspace: 60472K->60472K(1105920K)], 0.4398129 secs] [Times: user=1.95 sys=0.00, real=0.44 secs] 
4050.811: [GC (Allocation Failure) [PSYoungGen: 321536K->97568K(509440K)] 535115K->311147K(1907712K), 0.1377278 secs] [Times: user=0.81 sys=0.01, real=0.14 secs] 
4051.240: [GC (Allocation Failure) [PSYoungGen: 419104K->160960K(496640K)] 632683K->466238K(1894912K), 0.0562050 secs] [Times: user=0.34 sys=0.00, real=0.05 secs] 
4054.700: [GC (Allocation Failure) [PSYoungGen: 470720K->91136K(504320K)] 775998K->557342K(1902592K), 0.1377904 secs] [Times: user=0.83 sys=0.00, real=0.14 secs] 
4055.114: [GC (Allocation Failure) [PSYoungGen: 400896K->155360K(495616K)] 867102K->706967K(1893888K), 0.0559442 secs] [Times: user=0.33 sys=0.00, real=0.06 secs] 
4057.590: [GC (Allocation Failure) [PSYoungGen: 456928K->91808K(500224K)] 1008535K->798951K(1898496K), 0.1081902 secs] [Times: user=0.65 sys=0.00, real=0.11 secs] 
4057.962: [GC (Allocation Failure) [PSYoungGen: 393376K->151264K(496128K)] 1100519K->944212K(1894400K), 0.0560126 secs] [Times: user=0.33 sys=0.01, real=0.06 secs] 
4060.276: [GC (Allocation Failure) [PSYoungGen: 449760K->88800K(498688K)] 1242708K->1033152K(1896960K), 0.1088927 secs] [Times: user=0.65 sys=0.00, real=0.11 secs] 
4061.148: [GC (Allocation Failure) [PSYoungGen: 387296K->148960K(494592K)] 1331648K->1176685K(1892864K), 0.0793414 secs] [Times: user=0.47 sys=0.00, real=0.08 secs] 
4064.802: [GC (Allocation Failure) [PSYoungGen: 444384K->82976K(497152K)] 1472109K->1259805K(1895424K), 0.1631749 secs] [Times: user=0.96 sys=0.01, real=0.16 secs] 
4065.320: [GC (Allocation Failure) [PSYoungGen: 378400K->147264K(494592K)] 1555229K->1401510K(1892864K), 0.0522896 secs] [Times: user=0.31 sys=0.00, real=0.05 secs] 
4065.373: [Full GC (Ergonomics) [PSYoungGen: 147264K->0K(494592K)] [ParOldGen: 1254245K->207451K(1398272K)] 1401510K->207451K(1892864K), [Metaspace: 60475K->60475K(1105920K)], 0.4837258 secs] [Times: user=2.24 sys=0.00, real=0.48 secs] 
4068.209: [GC (Allocation Failure) [PSYoungGen: 293376K->85792K(496128K)] 500827K->293243K(1894400K), 0.1640956 secs] [Times: user=0.98 sys=0.00, real=0.16 secs] 
4069.713: [GC (Allocation Failure) [PSYoungGen: 379168K->143072K(495616K)] 586619K->432465K(1893888K), 0.1253261 secs] [Times: user=0.75 sys=0.01, real=0.13 secs] 
4072.095: [GC (Allocation Failure) [PSYoungGen: 437472K->93408K(388096K)] 726865K->517825K(1786368K), 0.1438603 secs] [Times: user=0.85 sys=0.00, real=0.15 secs] 
4073.284: [GC (Allocation Failure) [PSYoungGen: 387808K->142240K(494080K)] 812225K->656594K(1892352K), 0.0485489 secs] [Times: user=0.29 sys=0.00, real=0.05 secs] 
4074.826: [GC (Allocation Failure) [PSYoungGen: 437664K->99168K(494592K)] 952018K->746822K(1892864K), 0.1128466 secs] [Times: user=0.68 sys=0.00, real=0.12 secs] 
4076.621: [GC (Allocation Failure) [PSYoungGen: 394592K->137600K(497664K)] 1042246K->882027K(1895936K), 0.0504160 secs] [Times: user=0.30 sys=0.00, real=0.05 secs] 
4078.633: [GC (Allocation Failure) [PSYoungGen: 439680K->104576K(496640K)] 1184107K->977455K(1894912K), 0.0688366 secs] [Times: user=0.41 sys=0.00, real=0.07 secs] 
4080.205: [GC (Allocation Failure) [PSYoungGen: 406656K->138976K(498176K)] 1279535K->1115164K(1896448K), 0.0559159 secs] [Times: user=0.33 sys=0.00, real=0.06 secs] 
4081.809: [GC (Allocation Failure) [PSYoungGen: 447200K->109344K(498688K)] 1423388K->1215500K(1896960K), 0.0662236 secs] [Times: user=0.39 sys=0.00, real=0.06 secs] 
4083.667: [GC (Allocation Failure) [PSYoungGen: 417568K->144512K(501248K)] 1523724K->1358745K(1899520K), 0.0567024 secs] [Times: user=0.33 sys=0.00, real=0.05 secs] 
4085.416: [GC (Allocation Failure) [PSYoungGen: 460416K->113024K(503808K)] 1674649K->1462953K(1902080K), 0.0704558 secs] [Times: user=0.40 sys=0.01, real=0.08 secs] 
4085.487: [Full GC (Ergonomics) [PSYoungGen: 113024K->0K(503808K)] [ParOldGen: 1349929K->30843K(1398272K)] 1462953K->30843K(1902080K), [Metaspace: 60478K->60478K(1105920K)], 0.0574888 secs] [Times: user=0.19 sys=0.00, real=0.05 secs] 
4086.721: [GC (Allocation Failure) [PSYoungGen: 315904K->150432K(504832K)] 346747K->181275K(1903104K), 0.0297105 secs] [Times: user=0.17 sys=0.00, real=0.03 secs] 
4089.314: [GC (Allocation Failure) [PSYoungGen: 470198K->108320K(508928K)] 501042K->280771K(1907200K), 0.1499309 secs] [Times: user=0.87 sys=0.01, real=0.15 secs] 
4090.327: [GC (Allocation Failure) [PSYoungGen: 429856K->155872K(503296K)] 602307K->434474K(1901568K), 0.0883461 secs] [Times: user=0.52 sys=0.00, real=0.08 secs] 
4093.500: [GC (Allocation Failure) [PSYoungGen: 474848K->103072K(508928K)] 753450K->529362K(1907200K), 0.1488548 secs] [Times: user=0.88 sys=0.00, real=0.15 secs] 
4094.569: [GC (Allocation Failure) [PSYoungGen: 418666K->150880K(503808K)] 844957K->676803K(1902080K), 0.1064423 secs] [Times: user=0.63 sys=0.01, real=0.10 secs] 
4097.555: [GC (Allocation Failure) [PSYoungGen: 466784K->105280K(507392K)] 992707K->773683K(1905664K), 0.1501930 secs] [Times: user=0.89 sys=0.00, real=0.15 secs] 
4098.254: [GC (Allocation Failure) [PSYoungGen: 410218K->145152K(506368K)] 1078622K->915364K(1904640K), 0.0507475 secs] [Times: user=0.30 sys=0.00, real=0.05 secs] 
4101.488: [GC (Allocation Failure) [PSYoungGen: 463104K->106144K(424448K)] 1233316K->1013076K(1822720K), 0.1735980 secs] [Times: user=1.04 sys=0.00, real=0.17 secs] 
4102.790: [GC (Allocation Failure) [PSYoungGen: 424096K->186720K(478208K)] 1331028K->1195813K(1876480K), 0.0543630 secs] [Times: user=0.32 sys=0.01, real=0.05 secs] 
4105.185: [GC (Allocation Failure) [PSYoungGen: 478048K->86944K(495104K)] 1487141K->1249673K(1893376K), 0.1099260 secs] [Times: user=0.65 sys=0.00, real=0.11 secs] 
4106.184: [GC (Allocation Failure) [PSYoungGen: 378272K->142272K(492032K)] 1541001K->1388614K(1890304K), 0.0479881 secs] [Times: user=0.28 sys=0.00, real=0.05 secs] 
4106.232: [Full GC (Ergonomics) [PSYoungGen: 142272K->0K(492032K)] [ParOldGen: 1246342K->192152K(1398272K)] 1388614K->192152K(1890304K), [Metaspace: 60480K->60480K(1105920K)], 0.4793207 secs] [Times: user=2.18 sys=0.00, real=0.48 secs] 
4109.530: [GC (Allocation Failure) [PSYoungGen: 291328K->93344K(493568K)] 483480K->285496K(1891840K), 0.0599713 secs] [Times: user=0.35 sys=0.00, real=0.06 secs] 
4110.741: [GC (Allocation Failure) [PSYoungGen: 384672K->140160K(492544K)] 576824K->423241K(1890816K), 0.0473333 secs] [Times: user=0.28 sys=0.00, real=0.05 secs] 
4113.828: [GC (Allocation Failure) [PSYoungGen: 436096K->99232K(494592K)] 719177K->514161K(1892864K), 0.0885746 secs] [Times: user=0.52 sys=0.00, real=0.09 secs] 
4116.801: [GC (Allocation Failure) [PSYoungGen: 395168K->135552K(495616K)] 810097K->647438K(1893888K), 0.0502067 secs] [Times: user=0.27 sys=0.00, real=0.05 secs] 
4117.995: [GC (Allocation Failure) [PSYoungGen: 439680K->107872K(497664K)] 951566K->746022K(1895936K), 0.0737614 secs] [Times: user=0.43 sys=0.01, real=0.08 secs] 
4120.944: [GC (Allocation Failure) [PSYoungGen: 412000K->137824K(504320K)] 1050150K->882259K(1902592K), 0.0559214 secs] [Times: user=0.33 sys=0.00, real=0.06 secs] 
4122.892: [GC (Allocation Failure) [PSYoungGen: 452704K->112320K(503296K)] 1197139K->985579K(1901568K), 0.0659165 secs] [Times: user=0.39 sys=0.00, real=0.07 secs] 
4125.841: [GC (Allocation Failure) [PSYoungGen: 427200K->143872K(503296K)] 1300459K->1127488K(1901568K), 0.0540653 secs] [Times: user=0.32 sys=0.00, real=0.05 secs] 
4127.422: [GC (Allocation Failure) [PSYoungGen: 463360K->113120K(504832K)] 1446976K->1231552K(1903104K), 0.1235191 secs] [Times: user=0.74 sys=0.00, real=0.12 secs] 
4130.136: [GC (Allocation Failure) [PSYoungGen: 432608K->148192K(508416K)] 1551040K->1377029K(1906688K), 0.0553628 secs] [Times: user=0.33 sys=0.00, real=0.06 secs] 
4130.192: [Full GC (Ergonomics) [PSYoungGen: 148192K->0K(508416K)] [ParOldGen: 1228837K->175688K(1398272K)] 1377029K->175688K(1906688K), [Metaspace: 60480K->60480K(1105920K)], 0.4285366 secs] [Times: user=2.00 sys=0.00, real=0.43 secs] 
4132.459: [GC (Allocation Failure) [PSYoungGen: 326656K->114112K(511488K)] 502344K->289800K(1909760K), 0.0946000 secs] [Times: user=0.55 sys=0.01, real=0.09 secs] 
4134.905: [GC (Allocation Failure) [PSYoungGen: 440768K->155424K(506368K)] 616456K->441257K(1904640K), 0.0556159 secs] [Times: user=0.33 sys=0.00, real=0.06 secs] 
4137.126: [GC (Allocation Failure) [PSYoungGen: 480544K->112864K(512000K)] 766377K->545497K(1910272K), 0.1686178 secs] [Times: user=0.97 sys=0.00, real=0.17 secs] 
4138.006: [GC (Allocation Failure) [PSYoungGen: 437984K->157600K(503296K)] 870617K->698778K(1901568K), 0.0539169 secs] [Times: user=0.32 sys=0.00, real=0.06 secs] 
4140.572: [GC (Allocation Failure) [PSYoungGen: 477600K->98720K(509440K)] 1018778K->797038K(1907712K), 0.1624761 secs] [Times: user=0.96 sys=0.00, real=0.16 secs] 
4141.103: [GC (Allocation Failure) [PSYoungGen: 418720K->188384K(421376K)] 1117038K->983547K(1819648K), 0.0603499 secs] [Times: user=0.36 sys=0.00, real=0.06 secs] 
4142.945: [GC (Allocation Failure) [PSYoungGen: 421344K->58080K(465920K)] 1216507K->1008959K(1864192K), 0.1477906 secs] [Times: user=0.88 sys=0.01, real=0.15 secs] 
4145.276: [GC (Allocation Failure) [PSYoungGen: 291040K->109696K(465920K)] 1241919K->1114736K(1864192K), 0.0408452 secs] [Times: user=0.24 sys=0.00, real=0.05 secs] 
4146.897: [GC (Allocation Failure) [PSYoungGen: 342656K->109856K(343040K)] 1347696K->1215324K(1741312K), 0.0582729 secs] [Times: user=0.34 sys=0.00, real=0.05 secs] 
4150.255: [GC (Allocation Failure) [PSYoungGen: 342816K->64128K(464384K)] 1448284K->1279180K(1862656K), 0.1209292 secs] [Times: user=0.71 sys=0.00, real=0.12 secs] 
4150.376: [Full GC (Ergonomics) [PSYoungGen: 64128K->0K(464384K)] [ParOldGen: 1215052K->78857K(1398272K)] 1279180K->78857K(1862656K), [Metaspace: 60480K->60480K(1105920K)], 0.2222850 secs] [Times: user=1.06 sys=0.00, real=0.23 secs] 
4150.783: [GC (Allocation Failure) [PSYoungGen: 232448K->126336K(358912K)] 311305K->205193K(1757184K), 0.0259271 secs] [Times: user=0.14 sys=0.01, real=0.03 secs] 
4151.812: [GC (Allocation Failure) [PSYoungGen: 358784K->74048K(458752K)] 437641K->263017K(1857024K), 0.0571000 secs] [Times: user=0.34 sys=0.00, real=0.06 secs] 
4153.879: [GC (Allocation Failure) [PSYoungGen: 310080K->103296K(457216K)] 499049K->365026K(1855488K), 0.0582528 secs] [Times: user=0.34 sys=0.00, real=0.06 secs] 
4154.176: [GC (Allocation Failure) [PSYoungGen: 339328K->124192K(471040K)] 601058K->479970K(1869312K), 0.0553795 secs] [Times: user=0.33 sys=0.00, real=0.06 secs] 
4157.245: [GC (Allocation Failure) [PSYoungGen: 385824K->71936K(468480K)] 741602K->551954K(1866752K), 0.1573289 secs] [Times: user=0.93 sys=0.00, real=0.16 secs] 
4158.024: [GC (Allocation Failure) [PSYoungGen: 333568K->137504K(488960K)] 813586K->683574K(1887232K), 0.0439850 secs] [Times: user=0.26 sys=0.00, real=0.05 secs] 
4159.790: [GC (Allocation Failure) [PSYoungGen: 420640K->94848K(378368K)] 966710K->761326K(1776640K), 0.1616028 secs] [Times: user=0.96 sys=0.01, real=0.16 secs] 
4161.364: [GC (Allocation Failure) [PSYoungGen: 377984K->134336K(488960K)] 1044462K->893243K(1887232K), 0.0480529 secs] [Times: user=0.28 sys=0.00, real=0.05 secs] 
4162.508: [GC (Allocation Failure) [PSYoungGen: 423104K->98880K(487936K)] 1182011K->983151K(1886208K), 0.0616436 secs] [Times: user=0.37 sys=0.00, real=0.06 secs] 
4164.430: [GC (Allocation Failure) [PSYoungGen: 387648K->134688K(493056K)] 1271919K->1116036K(1891328K), 0.0519999 secs] [Times: user=0.31 sys=0.00, real=0.05 secs] 
4166.265: [GC (Allocation Failure) [PSYoungGen: 434208K->109344K(493056K)] 1415556K->1216852K(1891328K), 0.0648681 secs] [Times: user=0.39 sys=0.00, real=0.07 secs] 
4169.055: [GC (Allocation Failure) [PSYoungGen: 408864K->129728K(500736K)] 1516372K->1345077K(1899008K), 0.0643425 secs] [Times: user=0.38 sys=0.00, real=0.07 secs] 
4171.068: [GC (Allocation Failure) [PSYoungGen: 443584K->2112K(498688K)] 1658933K->1217569K(1896960K), 0.0024427 secs] [Times: user=0.01 sys=0.00, real=0.00 secs] 
4172.808: [GC (Allocation Failure) [PSYoungGen: 315968K->138080K(495104K)] 1531425K->1354986K(1893376K), 0.0416034 secs] [Times: user=0.24 sys=0.00, real=0.04 secs] 
4172.850: [Full GC (Ergonomics) [PSYoungGen: 138080K->0K(495104K)] [ParOldGen: 1216906K->154019K(1398272K)] 1354986K->154019K(1893376K), [Metaspace: 60480K->60480K(1105920K)], 0.3780261 secs] [Times: user=1.75 sys=0.00, real=0.38 secs] 
4175.493: [GC (Allocation Failure) [PSYoungGen: 297472K->110016K(407552K)] 451491K->264035K(1805824K), 0.0390719 secs] [Times: user=0.23 sys=0.00, real=0.04 secs] 
4178.408: [GC (Allocation Failure) [PSYoungGen: 407488K->126304K(494592K)] 561507K->388992K(1892864K), 0.0620299 secs] [Times: user=0.36 sys=0.00, real=0.06 secs] 
4179.618: [GC (Allocation Failure) [PSYoungGen: 428896K->120896K(492544K)] 691584K->500036K(1890816K), 0.0626051 secs] [Times: user=0.37 sys=0.00, real=0.06 secs] 
4182.009: [GC (Allocation Failure) [PSYoungGen: 423488K->124352K(505344K)] 802628K->624536K(1903616K), 0.0675925 secs] [Times: user=0.40 sys=0.00, real=0.06 secs] 
4183.666: [GC (Allocation Failure) [PSYoungGen: 443840K->96K(502784K)] 944024K->500320K(1901056K), 0.0020286 secs] [Times: user=0.01 sys=0.00, real=0.01 secs] 
4186.165: [GC (Allocation Failure) [PSYoungGen: 319584K->135072K(497152K)] 819808K->635304K(1895424K), 0.0349827 secs] [Times: user=0.21 sys=0.00, real=0.04 secs] 
4188.041: [GC (Allocation Failure) [PSYoungGen: 436640K->1824K(303616K)] 936872K->502080K(1701888K), 0.0019698 secs] [Times: user=0.00 sys=0.00, real=0.00 secs] 
4188.749: [GC (GCLocker Initiated GC) [PSYoungGen: 303392K->131136K(487936K)] 803648K->632569K(1886208K), 0.0262371 secs] [Times: user=0.15 sys=0.00, real=0.02 secs] 
4191.932: [GC (Allocation Failure) [PSYoungGen: 412224K->114816K(396288K)] 913658K->738578K(1794560K), 0.0637133 secs] [Times: user=0.38 sys=0.00, real=0.06 secs] 
4194.578: [GC (Allocation Failure) [PSYoungGen: 395904K->103680K(496640K)] 1019666K->842426K(1894912K), 0.0845107 secs] [Times: user=0.50 sys=0.00, real=0.08 secs] 
4196.505: [GC (Allocation Failure) [PSYoungGen: 394428K->180864K(473600K)] 1133175K->1013218K(1871872K), 0.0686897 secs] [Times: user=0.41 sys=0.00, real=0.07 secs] 
4198.361: [GC (Allocation Failure) [PSYoungGen: 473216K->87584K(490496K)] 1305570K->1064178K(1888768K), 0.0990613 secs] [Times: user=0.59 sys=0.00, real=0.10 secs] 
4198.661: [GC (Allocation Failure) [PSYoungGen: 362528K->137984K(483328K)] 1339122K->1196519K(1881600K), 0.0537145 secs] [Times: user=0.32 sys=0.00, real=0.05 secs] 
4200.707: [GC (Allocation Failure) [PSYoungGen: 412928K->80864K(485376K)] 1471463K->1277567K(1883648K), 0.1168420 secs] [Times: user=0.68 sys=0.01, real=0.11 secs] 
4200.824: [Full GC (Ergonomics) [PSYoungGen: 80864K->0K(485376K)] [ParOldGen: 1196703K->76794K(1398272K)] 1277567K->76794K(1883648K), [Metaspace: 60482K->60482K(1105920K)], 0.1969406 secs] [Times: user=0.89 sys=0.00, real=0.20 secs] 
4201.209: [GC (Allocation Failure) [PSYoungGen: 280064K->138976K(484864K)] 356858K->215770K(1883136K), 0.0311773 secs] [Times: user=0.18 sys=0.00, real=0.03 secs] 
4204.432: [GC (Allocation Failure) [PSYoungGen: 419040K->81184K(486912K)] 495834K->296666K(1885184K), 0.1641337 secs] [Times: user=0.98 sys=0.00, real=0.17 secs] 
4205.460: [GC (Allocation Failure) [PSYoungGen: 368416K->139200K(489472K)] 583898K->432227K(1887744K), 0.0468346 secs] [Times: user=0.27 sys=0.00, real=0.05 secs] 
4207.480: [GC (Allocation Failure) [PSYoungGen: 426432K->94240K(484864K)] 719459K->517511K(1883136K), 0.1581364 secs] [Times: user=0.95 sys=0.00, real=0.16 secs] 
4210.064: [GC (Allocation Failure) [PSYoungGen: 386080K->135808K(489472K)] 809351K->650900K(1887744K), 0.0482094 secs] [Times: user=0.27 sys=0.00, real=0.05 secs] 
4212.132: [GC (Allocation Failure) [PSYoungGen: 427648K->100352K(488448K)] 942740K->742028K(1886720K), 0.0675638 secs] [Times: user=0.40 sys=0.00, real=0.07 secs] 
4215.165: [GC (Allocation Failure) [PSYoungGen: 402432K->138144K(494080K)] 1044108K->878329K(1892352K), 0.0537749 secs] [Times: user=0.32 sys=0.00, real=0.06 secs] 
4216.870: [GC (Allocation Failure) [PSYoungGen: 440224K->109344K(494080K)] 1180409K->978533K(1892352K), 0.0646743 secs] [Times: user=0.38 sys=0.00, real=0.06 secs] 
4218.603: [GC (Allocation Failure) [PSYoungGen: 421664K->144128K(499200K)] 1290853K->1121498K(1897472K), 0.0538665 secs] [Times: user=0.32 sys=0.00, real=0.06 secs] 
4220.116: [GC (Allocation Failure) [PSYoungGen: 456448K->109152K(503808K)] 1433818K->1221954K(1902080K), 0.0663453 secs] [Times: user=0.39 sys=0.01, real=0.07 secs] 
4222.052: [GC (Allocation Failure) [PSYoungGen: 430176K->149408K(505856K)] 1542978K->1369888K(1904128K), 0.0539267 secs] [Times: user=0.32 sys=0.01, real=0.05 secs] 
4222.106: [Full GC (Ergonomics) [PSYoungGen: 149408K->0K(505856K)] [ParOldGen: 1220480K->170808K(1398272K)] 1369888K->170808K(1904128K), [Metaspace: 60483K->60483K(1105920K)], 0.4067191 secs] [Times: user=1.88 sys=0.00, real=0.41 secs] 
4225.351: [GC (Allocation Failure) [PSYoungGen: 321024K->108288K(508416K)] 491832K->279096K(1906688K), 0.0423557 secs] [Times: user=0.24 sys=0.00, real=0.04 secs] 
4227.306: [GC (Allocation Failure) [PSYoungGen: 431872K->153280K(477184K)] 602680K->429573K(1875456K), 0.0547006 secs] [Times: user=0.32 sys=0.00, real=0.06 secs] 
4228.690: [GC (Allocation Failure) [PSYoungGen: 476864K->115008K(513536K)] 753157K->535469K(1911808K), 0.0691690 secs] [Times: user=0.41 sys=0.00, real=0.07 secs] 
4229.406: [GC (Allocation Failure) [PSYoungGen: 431467K->150560K(507392K)] 851928K->682909K(1905664K), 0.0551923 secs] [Times: user=0.33 sys=0.00, real=0.06 secs] 
4232.486: [GC (Allocation Failure) [PSYoungGen: 472608K->108448K(509952K)] 1004957K->782781K(1908224K), 0.1653586 secs] [Times: user=0.99 sys=0.01, real=0.17 secs] 
4233.799: [GC (Allocation Failure) [PSYoungGen: 431008K->157152K(479744K)] 1105341K->936622K(1878016K), 0.1274763 secs] [Times: user=0.76 sys=0.00, real=0.12 secs] 
4236.766: [GC (Allocation Failure) [PSYoungGen: 479712K->98112K(508416K)] 1259182K->1034814K(1906688K), 0.1353662 secs] [Times: user=0.81 sys=0.00, real=0.14 secs] 
4238.386: [GC (GCLocker Initiated GC) [PSYoungGen: 414016K->156384K(472576K)] 1350718K->1185867K(1870848K), 0.1559067 secs] [Times: user=0.93 sys=0.00, real=0.16 secs] 
4242.242: [GC (GCLocker Initiated GC) [PSYoungGen: 472288K->95008K(504320K)] 1501773K->1281021K(1902592K), 0.1690666 secs] [Times: user=1.00 sys=0.01, real=0.17 secs] 
4242.676: [GC (Allocation Failure) [PSYoungGen: 402720K->153280K(461312K)] 1588735K->1428252K(1859584K), 0.0556050 secs] [Times: user=0.32 sys=0.00, real=0.06 secs] 
4242.732: [Full GC (Ergonomics) [PSYoungGen: 153280K->0K(461312K)] [ParOldGen: 1274972K->226111K(1398272K)] 1428252K->226111K(1859584K), [Metaspace: 60483K->60483K(1105920K)], 0.5397900 secs] [Times: user=2.54 sys=0.00, real=0.54 secs] 
4246.680: [GC (Allocation Failure) [PSYoungGen: 307712K->88320K(500736K)] 533823K->314431K(1899008K), 0.0925567 secs] [Times: user=0.54 sys=0.01, real=0.09 secs] 
4247.064: [GC (Allocation Failure) [PSYoungGen: 390400K->166048K(468480K)] 616511K->474713K(1866752K), 0.0538522 secs] [Times: user=0.32 sys=0.00, real=0.06 secs] 
4250.864: [GC (Allocation Failure) [PSYoungGen: 468128K->89312K(494080K)] 776793K->547337K(1892352K), 0.1617124 secs] [Times: user=0.96 sys=0.01, real=0.16 secs] 
4251.486: [GC (Allocation Failure) [PSYoungGen: 377056K->144320K(492544K)] 835081K->685474K(1890816K), 0.0527163 secs] [Times: user=0.32 sys=0.00, real=0.06 secs] 
4254.048: [GC (GCLocker Initiated GC) [PSYoungGen: 432064K->86656K(492544K)] 973218K->772202K(1890816K), 0.1700273 secs] [Times: user=1.01 sys=0.00, real=0.17 secs] 
4255.205: [GC (Allocation Failure) [PSYoungGen: 375936K->147168K(492544K)] 1061485K->915855K(1890816K), 0.0488592 secs] [Times: user=0.29 sys=0.00, real=0.05 secs] 
4257.342: [GC (Allocation Failure) [PSYoungGen: 436448K->95488K(489984K)] 1205135K->994183K(1888256K), 0.0888239 secs] [Times: user=0.53 sys=0.00, real=0.09 secs] 
4258.605: [GC (Allocation Failure) [PSYoungGen: 386304K->162688K(453632K)] 1284999K->1153924K(1851904K), 0.0502893 secs] [Times: user=0.30 sys=0.00, real=0.05 secs] 
4260.808: [GC (Allocation Failure) [PSYoungGen: 453504K->96256K(493568K)] 1444740K->1217072K(1891840K), 0.0644642 secs] [Times: user=0.39 sys=0.00, real=0.06 secs] 
4261.922: [GC (Allocation Failure) [PSYoungGen: 380928K->133856K(418816K)] 1501744K->1350127K(1817088K), 0.0794932 secs] [Times: user=0.46 sys=0.00, real=0.08 secs] 
4262.001: [Full GC (Ergonomics) [PSYoungGen: 133856K->0K(418816K)] [ParOldGen: 1216271K->157722K(1398272K)] 1350127K->157722K(1817088K), [Metaspace: 60483K->60483K(1105920K)], 0.3889253 secs] [Times: user=1.80 sys=0.00, real=0.39 secs] 
4265.881: [GC (Allocation Failure) [PSYoungGen: 284672K->104256K(489984K)] 442394K->261978K(1888256K), 0.0380820 secs] [Times: user=0.22 sys=0.00, real=0.04 secs] 
4268.784: [GC (Allocation Failure) [PSYoungGen: 393024K->116640K(485888K)] 550746K->378586K(1884160K), 0.0666971 secs] [Times: user=0.40 sys=0.00, real=0.07 secs] 
4270.423: [GC (Allocation Failure) [PSYoungGen: 405408K->131168K(494592K)] 667354K->499470K(1892864K), 0.0618724 secs] [Times: user=0.36 sys=0.00, real=0.06 secs] 
4272.095: [GC (GCLocker Initiated GC) [PSYoungGen: 435296K->107488K(491008K)] 803598K->606838K(1889280K), 0.0815896 secs] [Times: user=0.48 sys=0.00, real=0.09 secs] 
4277.346: [GC (Allocation Failure) [PSYoungGen: 411616K->183264K(416256K)] 910970K->780304K(1814528K), 0.0710792 secs] [Times: user=0.42 sys=0.00, real=0.08 secs] 
4278.896: [GC (Allocation Failure) [PSYoungGen: 416224K->65376K(465920K)] 1013264K->802519K(1864192K), 0.0944401 secs] [Times: user=0.56 sys=0.00, real=0.10 secs] 
4279.228: [GC (Allocation Failure) [PSYoungGen: 298336K->116480K(459776K)] 1035479K->913769K(1858048K), 0.0416365 secs] [Times: user=0.25 sys=0.00, real=0.04 secs] 
4281.464: [GC (Allocation Failure) [PSYoungGen: 349440K->73344K(462848K)] 1146729K->978633K(1861120K), 0.0547679 secs] [Times: user=0.33 sys=0.00, real=0.06 secs] 
4282.801: [GC (Allocation Failure) [PSYoungGen: 306304K->102496K(453632K)] 1211593K->1080299K(1851904K), 0.0661750 secs] [Times: user=0.39 sys=0.01, real=0.07 secs] 
4284.595: [GC (Allocation Failure) [PSYoungGen: 342624K->122848K(461824K)] 1320427K->1194511K(1860096K), 0.1534498 secs] [Times: user=0.92 sys=0.01, real=0.16 secs] 
4286.770: [GC (Allocation Failure) [PSYoungGen: 362976K->63616K(475648K)] 1434639K->1258111K(1873920K), 0.1309610 secs] [Times: user=0.78 sys=0.00, real=0.13 secs] 
4287.886: [GC (Allocation Failure) [PSYoungGen: 326784K->127744K(476160K)] 1521279K->1381720K(1874432K), 0.0416441 secs] [Times: user=0.25 sys=0.00, real=0.05 secs] 
4287.928: [Full GC (Ergonomics) [PSYoungGen: 127744K->0K(476160K)] [ParOldGen: 1253976K->181071K(1398272K)] 1381720K->181071K(1874432K), [Metaspace: 60488K->60488K(1105920K)], 0.4320778 secs] [Times: user=2.01 sys=0.00, real=0.43 secs] 
4289.398: [GC (Allocation Failure) [PSYoungGen: 263168K->87648K(481792K)] 444239K->268719K(1880064K), 0.0337461 secs] [Times: user=0.20 sys=0.00, real=0.03 secs] 
4291.148: [GC (Allocation Failure) [PSYoungGen: 365152K->128992K(481280K)] 546223K->395898K(1879552K), 0.0536789 secs] [Times: user=0.32 sys=0.00, real=0.05 secs] 
4292.557: [GC (Allocation Failure) [PSYoungGen: 406496K->114240K(481280K)] 673402K->500994K(1879552K), 0.0632259 secs] [Times: user=0.38 sys=0.01, real=0.06 secs] 
4295.320: [GC (Allocation Failure) [PSYoungGen: 408640K->110048K(486400K)] 795394K->610778K(1884672K), 0.0793130 secs] [Times: user=0.47 sys=0.00, real=0.08 secs] 
4296.696: [GC (Allocation Failure) [PSYoungGen: 404448K->138432K(503808K)] 905178K->738527K(1902080K), 0.0614428 secs] [Times: user=0.37 sys=0.00, real=0.07 secs] 
4298.690: [GC (Allocation Failure) [PSYoungGen: 456896K->110112K(505344K)] 1056991K->848703K(1903616K), 0.0785696 secs] [Times: user=0.47 sys=0.00, real=0.08 secs] 
4300.511: [GC (Allocation Failure) [PSYoungGen: 428576K->137728K(506368K)] 1167167K->976094K(1904640K), 0.0618355 secs] [Times: user=0.37 sys=0.00, real=0.06 secs] 
4301.800: [GC (Allocation Failure) [PSYoungGen: 462848K->123584K(507904K)] 1301214K->1099630K(1906176K), 0.0695682 secs] [Times: user=0.41 sys=0.00, real=0.07 secs] 
4305.220: [GC (Allocation Failure) [PSYoungGen: 448704K->124064K(510976K)] 1424750K->1213467K(1909248K), 0.0633651 secs] [Times: user=0.38 sys=0.00, real=0.06 secs] 
4306.086: [GC (Allocation Failure) [PSYoungGen: 461984K->146112K(512000K)] 1551387K->1359707K(1910272K), 0.0587684 secs] [Times: user=0.34 sys=0.00, real=0.06 secs] 
4310.367: [GC (Allocation Failure) [PSYoungGen: 484032K->13600K(494592K)] 1697627K->1227211K(1892864K), 0.0056224 secs] [Times: user=0.03 sys=0.00, real=0.00 secs] 
4310.372: [Full GC (Ergonomics) [PSYoungGen: 13600K->0K(494592K)] [ParOldGen: 1213611K->28838K(1398272K)] 1227211K->28838K(1892864K), [Metaspace: 60488K->60488K(1105920K)], 0.0674329 secs] [Times: user=0.22 sys=0.00, real=0.07 secs] 
4312.415: [GC (Allocation Failure) [PSYoungGen: 315904K->149920K(465920K)] 344742K->178758K(1864192K), 0.0606958 secs] [Times: user=0.36 sys=0.00, real=0.06 secs] 
4314.922: [GC (Allocation Failure) [PSYoungGen: 465824K->103904K(507392K)] 494662K->274526K(1905664K), 0.0863395 secs] [Times: user=0.51 sys=0.00, real=0.09 secs] 
4316.859: [GC (Allocation Failure) [PSYoungGen: 413664K->144064K(501248K)] 584286K->416467K(1899520K), 0.0780271 secs] [Times: user=0.47 sys=0.00, real=0.08 secs] 
4319.129: [GC (Allocation Failure) [PSYoungGen: 453824K->106496K(498688K)] 726227K->514795K(1896960K), 0.0844014 secs] [Times: user=0.51 sys=0.00, real=0.08 secs] 
4320.330: [GC (Allocation Failure) [PSYoungGen: 418816K->146880K(501248K)] 827115K->659288K(1899520K), 0.0520674 secs] [Times: user=0.31 sys=0.01, real=0.05 secs] 
4323.806: [GC (Allocation Failure) [PSYoungGen: 459200K->107552K(502784K)] 971608K->757680K(1901056K), 0.1603734 secs] [Times: user=0.95 sys=0.01, real=0.16 secs] 
4325.378: [GC (Allocation Failure) [PSYoungGen: 424480K->157056K(474112K)] 1074608K->912225K(1872384K), 0.0536714 secs] [Times: user=0.32 sys=0.00, real=0.05 secs] 
4327.258: [GC (Allocation Failure) [PSYoungGen: 473984K->109152K(508928K)] 1229153K->1004301K(1907200K), 0.1287931 secs] [Times: user=0.77 sys=0.00, real=0.13 secs] 
4328.991: [GC (Allocation Failure) [PSYoungGen: 423008K->149120K(503808K)] 1318157K->1150310K(1902080K), 0.1398276 secs] [Times: user=0.82 sys=0.01, real=0.14 secs] 
4332.143: [GC (Allocation Failure) [PSYoungGen: 462976K->103872K(505344K)] 1464166K->1245958K(1903616K), 0.1560567 secs] [Times: user=0.88 sys=0.01, real=0.16 secs] 
4333.427: [GC (Allocation Failure) [PSYoungGen: 410813K->150176K(505344K)] 1552899K->1392823K(1903616K), 0.0707290 secs] [Times: user=0.42 sys=0.00, real=0.07 secs] 
4333.497: [Full GC (Ergonomics) [PSYoungGen: 150176K->0K(505344K)] [ParOldGen: 1242647K->196419K(1398272K)] 1392823K->196419K(1903616K), [Metaspace: 60490K->60490K(1105920K)], 0.4712227 secs] [Times: user=2.18 sys=0.00, real=0.47 secs] 
4337.847: [GC (Allocation Failure) [PSYoungGen: 315392K->98976K(506368K)] 511811K->295395K(1904640K), 0.0823392 secs] [Times: user=0.48 sys=0.00, real=0.08 secs] 
4339.456: [GC (Allocation Failure) [PSYoungGen: 410307K->151008K(465408K)] 606727K->443410K(1863680K), 0.1398009 secs] [Times: user=0.83 sys=0.00, real=0.14 secs] 
4342.862: [GC (Allocation Failure) [PSYoungGen: 465376K->101760K(506880K)] 757778K->536635K(1905152K), 0.1668698 secs] [Times: user=1.00 sys=0.01, real=0.17 secs] 
4344.097: [GC (Allocation Failure) [PSYoungGen: 413568K->149504K(503808K)] 848443K->682203K(1902080K), 0.0499829 secs] [Times: user=0.30 sys=0.00, real=0.05 secs] 
4345.778: [GC (Allocation Failure) [PSYoungGen: 461312K->106272K(502784K)] 994011K->779811K(1901056K), 0.1133848 secs] [Times: user=0.67 sys=0.01, real=0.11 secs] 
4347.384: [GC (Allocation Failure) [PSYoungGen: 411260K->144352K(503296K)] 1084799K->920869K(1901568K), 0.0983018 secs] [Times: user=0.59 sys=0.00, real=0.10 secs] 
4350.554: [GC (Allocation Failure) [PSYoungGen: 456160K->105568K(501248K)] 1232677K->1017981K(1899520K), 0.1697060 secs] [Times: user=1.01 sys=0.00, real=0.17 secs] 
4351.798: [GC (Allocation Failure) [PSYoungGen: 413295K->146208K(503808K)] 1325709K->1160136K(1902080K), 0.0505434 secs] [Times: user=0.30 sys=0.00, real=0.05 secs] 
4353.623: [GC (Allocation Failure) [PSYoungGen: 461088K->108384K(504832K)] 1475016K->1259385K(1903104K), 0.1627492 secs] [Times: user=0.97 sys=0.00, real=0.16 secs] 
4355.925: [GC (Allocation Failure) [PSYoungGen: 416102K->142112K(506368K)] 1567103K->1398157K(1904640K), 0.1508369 secs] [Times: user=0.89 sys=0.01, real=0.15 secs] 
4356.076: [Full GC (Ergonomics) [PSYoungGen: 142112K->0K(506368K)] [ParOldGen: 1256045K->197046K(1398272K)] 1398157K->197046K(1904640K), [Metaspace: 60490K->60490K(1105920K)], 0.5386329 secs] [Times: user=2.58 sys=0.00, real=0.54 secs] 
4360.320: [GC (Allocation Failure) [PSYoungGen: 318976K->105216K(505856K)] 516022K->302263K(1904128K), 0.0901281 secs] [Times: user=0.53 sys=0.00, real=0.09 secs] 
4361.795: [GC (Allocation Failure) [PSYoungGen: 428800K->154240K(508416K)] 625847K->453068K(1906688K), 0.1340728 secs] [Times: user=0.80 sys=0.00, real=0.14 secs] 
4364.865: [GC (Allocation Failure) [PSYoungGen: 477824K->100736K(510464K)] 776652K->553868K(1908736K), 0.1453357 secs] [Times: user=0.87 sys=0.00, real=0.15 secs] 
4365.925: [GC (Allocation Failure) [PSYoungGen: 420736K->155168K(475648K)] 873868K->703701K(1873920K), 0.0919904 secs] [Times: user=0.55 sys=0.00, real=0.10 secs] 
4368.518: [GC (Allocation Failure) [PSYoungGen: 475168K->98464K(506880K)] 1023701K->802117K(1905152K), 0.1210993 secs] [Times: user=0.72 sys=0.00, real=0.12 secs] 
4369.903: [GC (Allocation Failure) [PSYoungGen: 411808K->154560K(467968K)] 1115461K->951435K(1866240K), 0.0982315 secs] [Times: user=0.59 sys=0.00, real=0.10 secs] 
4373.007: [GC (Allocation Failure) [PSYoungGen: 467904K->93504K(503808K)] 1264779K->1045139K(1902080K), 0.1433668 secs] [Times: user=0.70 sys=0.00, real=0.14 secs] 
4374.308: [GC (Allocation Failure) [PSYoungGen: 401216K->152288K(460288K)] 1352851K->1191536K(1858560K), 0.1361979 secs] [Times: user=0.81 sys=0.00, real=0.13 secs] 
4377.686: [GC (Allocation Failure) [PSYoungGen: 460000K->91936K(501760K)] 1499248K->1283240K(1900032K), 0.1393266 secs] [Times: user=0.83 sys=0.00, real=0.14 secs] 
4378.090: [GC (Allocation Failure) [PSYoungGen: 395040K->151168K(454656K)] 1586344K->1428249K(1852928K), 0.0557487 secs] [Times: user=0.33 sys=0.00, real=0.05 secs] 
4378.146: [Full GC (Ergonomics) [PSYoungGen: 151168K->0K(454656K)] [ParOldGen: 1277081K->226366K(1398272K)] 1428249K->226366K(1852928K), [Metaspace: 60490K->60490K(1105920K)], 0.5424601 secs] [Times: user=2.54 sys=0.00, real=0.55 secs] 
4382.762: [GC (Allocation Failure) [PSYoungGen: 303104K->84640K(499200K)] 529470K->311006K(1897472K), 0.0806956 secs] [Times: user=0.48 sys=0.00, real=0.08 secs] 
4385.116: [GC (Allocation Failure) [PSYoungGen: 383648K->146336K(445440K)] 610014K->451554K(1843712K), 0.1363611 secs] [Times: user=0.81 sys=0.00, real=0.14 secs] 
4387.936: [GC (Allocation Failure) [PSYoungGen: 445344K->85920K(498688K)] 750562K->537627K(1896960K), 0.1257727 secs] [Times: user=0.74 sys=0.01, real=0.13 secs] 
4389.589: [GC (Allocation Failure) [PSYoungGen: 377183K->139392K(437248K)] 828890K->673732K(1835520K), 0.1100607 secs] [Times: user=0.65 sys=0.01, real=0.11 secs] 
4391.352: [GC (Allocation Failure) [PSYoungGen: 436864K->99552K(500736K)] 971204K->764932K(1899008K), 0.0665275 secs] [Times: user=0.39 sys=0.00, real=0.07 secs] 
4393.369: [GC (Allocation Failure) [PSYoungGen: 401120K->145056K(496640K)] 1066500K->906757K(1894912K), 0.1482888 secs] [Times: user=0.86 sys=0.00, real=0.15 secs] 
4397.234: [GC (Allocation Failure) [PSYoungGen: 446624K->97056K(499712K)] 1208325K->995565K(1897984K), 0.1478605 secs] [Times: user=0.88 sys=0.00, real=0.15 secs] 
4399.048: [GC (Allocation Failure) [PSYoungGen: 403744K->147136K(500736K)] 1302253K->1139146K(1899008K), 0.0509865 secs] [Times: user=0.29 sys=0.00, real=0.05 secs] 
4401.087: [GC (Allocation Failure) [PSYoungGen: 453824K->104896K(499200K)] 1445834K->1235734K(1897472K), 0.1536811 secs] [Times: user=0.92 sys=0.00, real=0.15 secs] 
4403.205: [GC (Allocation Failure) [PSYoungGen: 413120K->149664K(500736K)] 1543958K->1380735K(1899008K), 0.1046784 secs] [Times: user=0.62 sys=0.00, real=0.11 secs] 
4403.310: [Full GC (Ergonomics) [PSYoungGen: 149664K->0K(500736K)] [ParOldGen: 1231071K->187217K(1398272K)] 1380735K->187217K(1899008K), [Metaspace: 60491K->60491K(1105920K)], 0.4856420 secs] [Times: user=2.28 sys=0.01, real=0.48 secs] 
4407.885: [GC (GCLocker Initiated GC) [PSYoungGen: 308224K->96960K(503808K)] 495441K->284177K(1902080K), 0.0949109 secs] [Times: user=0.56 sys=0.01, real=0.10 secs] 
4409.850: [GC (Allocation Failure) [PSYoungGen: 407232K->145632K(503296K)] 594452K->427337K(1901568K), 0.0491782 secs] [Times: user=0.30 sys=0.00, real=0.05 secs] 
4412.021: [GC (Allocation Failure) [PSYoungGen: 455904K->106592K(499712K)] 737609K->524797K(1897984K), 0.1249236 secs] [Times: user=0.74 sys=0.00, real=0.12 secs] 
4413.172: [GC (Allocation Failure) [PSYoungGen: 417376K->148032K(501760K)] 835581K->670794K(1900032K), 0.0526541 secs] [Times: user=0.31 sys=0.00, real=0.05 secs] 
4415.286: [GC (GCLocker Initiated GC) [PSYoungGen: 458816K->105824K(503296K)] 981578K->767882K(1901568K), 0.0856567 secs] [Times: user=0.51 sys=0.00, real=0.09 secs] 
4416.431: [GC (Allocation Failure) [PSYoungGen: 420192K->159360K(474112K)] 1082285K->924283K(1872384K), 0.0533133 secs] [Times: user=0.31 sys=0.00, real=0.05 secs] 
4418.424: [GC (Allocation Failure) [PSYoungGen: 473728K->107104K(505856K)] 1238651K->1014812K(1904128K), 0.1107505 secs] [Times: user=0.66 sys=0.00, real=0.11 secs] 
4419.688: [GC (Allocation Failure) [PSYoungGen: 416352K->148320K(502272K)] 1324060K->1159788K(1900544K), 0.0530637 secs] [Times: user=0.31 sys=0.00, real=0.05 secs] 
4422.237: [GC (Allocation Failure) [PSYoungGen: 457568K->104608K(501760K)] 1469036K->1256100K(1900032K), 0.1288628 secs] [Times: user=0.76 sys=0.00, real=0.12 secs] 
4423.548: [GC (Allocation Failure) [PSYoungGen: 409059K->146016K(502784K)] 1560552K->1398733K(1901056K), 0.0519741 secs] [Times: user=0.30 sys=0.00, real=0.05 secs] 
4423.600: [Full GC (Ergonomics) [PSYoungGen: 146016K->0K(502784K)] [ParOldGen: 1252717K->196796K(1398272K)] 1398733K->196796K(1901056K), [Metaspace: 60491K->60491K(1105920K)], 0.4796703 secs] [Times: user=2.24 sys=0.00, real=0.48 secs] 
4425.429: [GC (Allocation Failure) [PSYoungGen: 310784K->105216K(502784K)] 507580K->302012K(1901056K), 0.0652696 secs] [Times: user=0.38 sys=0.00, real=0.06 secs] 
4426.366: [GC (Allocation Failure) [PSYoungGen: 410828K->145184K(504320K)] 607624K->444048K(1902592K), 0.0498216 secs] [Times: user=0.29 sys=0.00, real=0.05 secs] 
4428.543: [GC (Allocation Failure) [PSYoungGen: 459040K->107328K(503296K)] 757904K->542856K(1901568K), 0.1411436 secs] [Times: user=0.84 sys=0.00, real=0.14 secs] 
4430.055: [GC (Allocation Failure) [PSYoungGen: 412018K->144480K(505344K)] 847547K->682301K(1903616K), 0.1057886 secs] [Times: user=0.63 sys=0.00, real=0.11 secs] 
4432.949: [GC (Allocation Failure) [PSYoungGen: 461408K->105664K(505344K)] 999229K->779797K(1903616K), 0.1605878 secs] [Times: user=0.95 sys=0.01, real=0.16 secs] 
4433.716: [GC (Allocation Failure) [PSYoungGen: 411079K->145216K(507392K)] 1085213K->921286K(1905664K), 0.0510670 secs] [Times: user=0.29 sys=0.01, real=0.06 secs] 
4436.084: [GC (Allocation Failure) [PSYoungGen: 466240K->110624K(507904K)] 1242310K->1023306K(1906176K), 0.1253261 secs] [Times: user=0.75 sys=0.00, real=0.13 secs] 
4437.611: [GC (Allocation Failure) [PSYoungGen: 435232K->156736K(481792K)] 1347914K->1176944K(1880064K), 0.1113773 secs] [Times: user=0.66 sys=0.00, real=0.11 secs] 
4441.875: [GC (Allocation Failure) [PSYoungGen: 481344K->98368K(509440K)] 1501552K->1275000K(1907712K), 0.1590858 secs] [Times: user=0.95 sys=0.00, real=0.16 secs] 
4442.497: [GC (Allocation Failure) [PSYoungGen: 417344K->173760K(493056K)] 1593976K->1442681K(1891328K), 0.0801031 secs] [Times: user=0.47 sys=0.00, real=0.08 secs] 
4442.578: [Full GC (Ergonomics) [PSYoungGen: 173760K->0K(493056K)] [ParOldGen: 1268921K->224482K(1398272K)] 1442681K->224482K(1891328K), [Metaspace: 60491K->60491K(1105920K)], 0.5323602 secs] [Times: user=2.50 sys=0.00, real=0.53 secs] 
4446.791: [GC (Allocation Failure) [PSYoungGen: 318976K->96064K(499200K)] 543458K->320546K(1897472K), 0.0871093 secs] [Times: user=0.51 sys=0.00, real=0.09 secs] 
4447.129: [GC (Allocation Failure) [PSYoungGen: 394560K->149696K(498176K)] 619042K->464467K(1896448K), 0.0553359 secs] [Times: user=0.33 sys=0.00, real=0.05 secs] 
4449.928: [GC (Allocation Failure) [PSYoungGen: 448192K->89344K(498688K)] 762963K->553647K(1896960K), 0.1556989 secs] [Times: user=0.93 sys=0.01, real=0.15 secs] 
4450.902: [GC (GCLocker Initiated GC) [PSYoungGen: 387328K->146432K(498176K)] 851631K->694724K(1896448K), 0.1257174 secs] [Times: user=0.74 sys=0.00, real=0.13 secs] 
4453.959: [GC (Allocation Failure) [PSYoungGen: 444416K->88448K(498176K)] 992743K->783023K(1896448K), 0.1619336 secs] [Times: user=0.97 sys=0.00, real=0.16 secs] 
4455.175: [GC (Allocation Failure) [PSYoungGen: 386432K->148608K(446976K)] 1081007K->926312K(1845248K), 0.1326870 secs] [Times: user=0.79 sys=0.00, real=0.14 secs] 
4458.358: [GC (Allocation Failure) [PSYoungGen: 446592K->87008K(498176K)] 1224296K->1013464K(1896448K), 0.1666516 secs] [Times: user=0.99 sys=0.00, real=0.16 secs] 
4459.669: [GC (Allocation Failure) [PSYoungGen: 383456K->143200K(497152K)] 1309912K->1152649K(1895424K), 0.0487793 secs] [Times: user=0.29 sys=0.00, real=0.05 secs] 
4461.852: [GC (Allocation Failure) [PSYoungGen: 439648K->94784K(494080K)] 1449097K->1238273K(1892352K), 0.1549787 secs] [Times: user=0.92 sys=0.00, real=0.16 secs] 
4463.553: [GC (Allocation Failure) [PSYoungGen: 392256K->143424K(495616K)] 1535745K->1378093K(1893888K), 0.0489860 secs] [Times: user=0.29 sys=0.00, real=0.05 secs] 
4463.602: [Full GC (Ergonomics) [PSYoungGen: 143424K->0K(495616K)] [ParOldGen: 1234669K->184341K(1398272K)] 1378093K->184341K(1893888K), [Metaspace: 60495K->60495K(1105920K)], 0.4452394 secs] [Times: user=2.07 sys=0.00, real=0.45 secs] 
4466.984: [GC (Allocation Failure) [PSYoungGen: 297472K->96896K(495104K)] 481813K->281237K(1893376K), 0.0639549 secs] [Times: user=0.38 sys=0.00, real=0.07 secs] 
4468.641: [GC (GCLocker Initiated GC) [PSYoungGen: 398976K->142016K(497664K)] 583317K->421019K(1895936K), 0.0493926 secs] [Times: user=0.29 sys=0.00, real=0.05 secs] 
4470.921: [GC (Allocation Failure) [PSYoungGen: 444096K->103392K(495616K)] 723105K->515741K(1893888K), 0.0642312 secs] [Times: user=0.38 sys=0.00, real=0.06 secs] 
4472.010: [GC (Allocation Failure) [PSYoungGen: 410592K->145952K(499200K)] 822941K->660530K(1897472K), 0.0511612 secs] [Times: user=0.31 sys=0.00, real=0.05 secs] 
4473.911: [GC (Allocation Failure) [PSYoungGen: 453152K->106528K(500736K)] 967730K->758058K(1899008K), 0.1146910 secs] [Times: user=0.68 sys=0.00, real=0.11 secs] 
4477.053: [GC (Allocation Failure) [PSYoungGen: 419360K->145952K(502784K)] 1070890K->901755K(1901056K), 0.0535602 secs] [Times: user=0.32 sys=0.00, real=0.06 secs] 
4479.276: [GC (Allocation Failure) [PSYoungGen: 458784K->109216K(502784K)] 1214587K->1002171K(1901056K), 0.0702323 secs] [Times: user=0.42 sys=0.01, real=0.07 secs] 
4479.999: [GC (Allocation Failure) [PSYoungGen: 426144K->152960K(504832K)] 1319099K->1153129K(1903104K), 0.0577116 secs] [Times: user=0.34 sys=0.00, real=0.06 secs] 
4482.371: [GC (GCLocker Initiated GC) [PSYoungGen: 469888K->106048K(507904K)] 1470057K->1251021K(1906176K), 0.1550225 secs] [Times: user=0.92 sys=0.00, real=0.15 secs] 
4484.196: [GC (Allocation Failure) [PSYoungGen: 422976K->152288K(469504K)] 1567951K->1400032K(1867776K), 0.1458366 secs] [Times: user=0.86 sys=0.01, real=0.15 secs] 
4484.342: [Full GC (Ergonomics) [PSYoungGen: 152288K->0K(469504K)] [ParOldGen: 1247744K->196081K(1398272K)] 1400032K->196081K(1867776K), [Metaspace: 60509K->60509K(1105920K)], 0.5328627 secs] [Times: user=2.54 sys=0.00, real=0.53 secs] 
4489.025: [GC (Allocation Failure) [PSYoungGen: 316928K->97376K(507392K)] 513009K->293457K(1905664K), 0.0928880 secs] [Times: user=0.54 sys=0.01, real=0.10 secs] 
4490.812: [GC (Allocation Failure) [PSYoungGen: 411232K->151456K(465408K)] 607313K->441604K(1863680K), 0.0889260 secs] [Times: user=0.52 sys=0.00, real=0.09 secs] 
4493.197: [GC (Allocation Failure) [PSYoungGen: 465312K->104000K(506880K)] 755460K->537052K(1905152K), 0.1151023 secs] [Times: user=0.68 sys=0.01, real=0.11 secs] 
4495.554: [GC (Allocation Failure) [PSYoungGen: 415808K->148640K(503808K)] 848860K->682358K(1902080K), 0.1346192 secs] [Times: user=0.80 sys=0.00, real=0.14 secs] 
4497.858: [GC (Allocation Failure) [PSYoungGen: 460448K->103680K(503296K)] 994166K->777654K(1901568K), 0.1683984 secs] [Times: user=1.00 sys=0.00, real=0.16 secs] 
4499.068: [GC (Allocation Failure) [PSYoungGen: 407319K->146464K(503808K)] 1081293K->920671K(1902080K), 0.0508413 secs] [Times: user=0.30 sys=0.00, real=0.05 secs] 
4501.509: [GC (Allocation Failure) [PSYoungGen: 458784K->104288K(503808K)] 1232991K->1016631K(1902080K), 0.0906606 secs] [Times: user=0.54 sys=0.00, real=0.09 secs] 
4502.620: [GC (Allocation Failure) [PSYoungGen: 409637K->145728K(504832K)] 1321980K->1159081K(1903104K), 0.0971888 secs] [Times: user=0.58 sys=0.00, real=0.10 secs] 
4505.605: [GC (Allocation Failure) [PSYoungGen: 460096K->104832K(504320K)] 1473449K->1255633K(1902592K), 0.1090166 secs] [Times: user=0.65 sys=0.00, real=0.11 secs] 
4506.830: [GC (Allocation Failure) [PSYoungGen: 421760K->186336K(503296K)] 1572561K->1438871K(1901568K), 0.1045141 secs] [Times: user=0.62 sys=0.00, real=0.10 secs] 
4506.935: [Full GC (Ergonomics) [PSYoungGen: 186336K->0K(503296K)] [ParOldGen: 1252535K->205207K(1398272K)] 1438871K->205207K(1901568K), [Metaspace: 60517K->60517K(1105920K)], 0.5159402 secs] [Times: user=2.45 sys=0.00, real=0.52 secs] 
4510.257: [GC (Allocation Failure) [PSYoungGen: 316928K->95712K(486912K)] 522135K->300919K(1885184K), 0.1735851 secs] [Times: user=1.03 sys=0.00, real=0.17 secs] 
4511.479: [GC (Allocation Failure) [PSYoungGen: 383178K->138176K(495104K)] 588386K->436004K(1893376K), 0.1294777 secs] [Times: user=0.77 sys=0.01, real=0.13 secs] 
4514.028: [GC (Allocation Failure) [PSYoungGen: 429504K->93600K(489472K)] 727332K->521036K(1887744K), 0.0747956 secs] [Times: user=0.44 sys=0.00, real=0.07 secs] 
4515.317: [GC (Allocation Failure) [PSYoungGen: 388512K->142432K(494080K)] 815948K->660626K(1892352K), 0.1087282 secs] [Times: user=0.65 sys=0.00, real=0.10 secs] 
4518.243: [GC (Allocation Failure) [PSYoungGen: 437344K->96032K(494592K)] 955538K->748106K(1892864K), 0.0835275 secs] [Times: user=0.50 sys=0.00, real=0.09 secs] 
4520.183: [GC (Allocation Failure) [PSYoungGen: 397600K->140608K(497664K)] 1049674K->886443K(1895936K), 0.0498694 secs] [Times: user=0.30 sys=0.00, real=0.05 secs] 
4522.898: [GC (Allocation Failure) [PSYoungGen: 442176K->102528K(495616K)] 1188011K->979683K(1893888K), 0.0685741 secs] [Times: user=0.41 sys=0.00, real=0.06 secs] 
4523.642: [GC (Allocation Failure) [PSYoungGen: 410240K->144704K(499712K)] 1287395K->1123468K(1897984K), 0.0537175 secs] [Times: user=0.31 sys=0.00, real=0.05 secs] 
4526.810: [GC (Allocation Failure) [PSYoungGen: 452416K->102464K(502272K)] 1431180K->1217748K(1900544K), 0.0688746 secs] [Times: user=0.40 sys=0.00, real=0.07 secs] 
4527.606: [GC (Allocation Failure) [PSYoungGen: 415808K->148480K(503808K)] 1531092K->1365134K(1902080K), 0.0676092 secs] [Times: user=0.40 sys=0.00, real=0.07 secs] 
4531.681: [GC (Allocation Failure) [PSYoungGen: 461824K->104352K(504832K)] 1678478K->1461342K(1903104K), 0.0712944 secs] [Times: user=0.42 sys=0.00, real=0.07 secs] 
4531.753: [Full GC (Ergonomics) [PSYoungGen: 104352K->0K(504832K)] [ParOldGen: 1356990K->29157K(1398272K)] 1461342K->29157K(1903104K), [Metaspace: 60517K->60517K(1105920K)], 0.0517046 secs] [Times: user=0.16 sys=0.00, real=0.05 secs] 
4532.819: [GC (Allocation Failure) [PSYoungGen: 315392K->148640K(505344K)] 344549K->177798K(1903616K), 0.0290006 secs] [Times: user=0.17 sys=0.00, real=0.03 secs] 
4535.708: [GC (Allocation Failure) [PSYoungGen: 464032K->109024K(504320K)] 493190K->277926K(1902592K), 0.0961560 secs] [Times: user=0.57 sys=0.01, real=0.09 secs] 
4536.817: [GC (Allocation Failure) [PSYoungGen: 425440K->150720K(505344K)] 594342K->426226K(1903616K), 0.0531752 secs] [Times: user=0.32 sys=0.00, real=0.05 secs] 
4539.027: [GC (Allocation Failure) [PSYoungGen: 467136K->106560K(506368K)] 742642K->524010K(1904640K), 0.1438925 secs] [Times: user=0.85 sys=0.00, real=0.14 secs] 
4540.857: [GC (Allocation Failure) [PSYoungGen: 424000K->152864K(470528K)] 841450K->673935K(1868800K), 0.0793109 secs] [Times: user=0.47 sys=0.00, real=0.08 secs] 
4546.224: [GC (Allocation Failure) [PSYoungGen: 470304K->100224K(507392K)] 991375K->765591K(1905664K), 0.1753994 secs] [Times: user=1.05 sys=0.00, real=0.18 secs] 
4547.840: [GC (Allocation Failure) [PSYoungGen: 414592K->152384K(466944K)] 1079959K->913952K(1865216K), 0.0498576 secs] [Times: user=0.29 sys=0.00, real=0.05 secs] 
4550.715: [GC (Allocation Failure) [PSYoungGen: 466752K->106848K(507392K)] 1228320K->1012032K(1905664K), 0.1698084 secs] [Times: user=1.01 sys=0.00, real=0.17 secs] 
4552.412: [GC (Allocation Failure) [PSYoungGen: 407933K->145088K(503808K)] 1313118K->1153177K(1902080K), 0.0513903 secs] [Times: user=0.30 sys=0.00, real=0.05 secs] 
4554.348: [GC (Allocation Failure) [PSYoungGen: 457408K->102368K(504832K)] 1465497K->1247297K(1903104K), 0.1721715 secs] [Times: user=1.01 sys=0.01, real=0.17 secs] 
4555.460: [GC (Allocation Failure) [PSYoungGen: 408029K->148064K(504832K)] 1552959K->1391966K(1903104K), 0.0507344 secs] [Times: user=0.30 sys=0.00, real=0.05 secs] 
4555.511: [Full GC (Ergonomics) [PSYoungGen: 148064K->0K(504832K)] [ParOldGen: 1243902K->196632K(1398272K)] 1391966K->196632K(1903104K), [Metaspace: 60517K->60517K(1105920K)], 0.4891419 secs] [Times: user=2.28 sys=0.01, real=0.49 secs] 
4558.884: [GC (Allocation Failure) [PSYoungGen: 314880K->99808K(507392K)] 511512K->296440K(1905664K), 0.0759676 secs] [Times: user=0.44 sys=0.00, real=0.08 secs] 
4560.629: [GC (Allocation Failure) [PSYoungGen: 416224K->150240K(466944K)] 612856K->442645K(1865216K), 0.0487484 secs] [Times: user=0.29 sys=0.00, real=0.05 secs] 
4562.293: [GC (Allocation Failure) [PSYoungGen: 466656K->107904K(508928K)] 759061K->541637K(1907200K), 0.1305533 secs] [Times: user=0.77 sys=0.00, real=0.13 secs] 
4563.375: [GC (Allocation Failure) [PSYoungGen: 410182K->142976K(505344K)] 843916K->681502K(1903616K), 0.0914233 secs] [Times: user=0.54 sys=0.01, real=0.10 secs] 
4566.161: [GC (Allocation Failure) [PSYoungGen: 458368K->107232K(506368K)] 996894K->780286K(1904640K), 0.1423239 secs] [Times: user=0.84 sys=0.01, real=0.14 secs] 
4567.452: [GC (Allocation Failure) [PSYoungGen: 412429K->143296K(505344K)] 1085484K->919951K(1903616K), 0.1341437 secs] [Times: user=0.80 sys=0.00, real=0.13 secs] 
4570.234: [GC (Allocation Failure) [PSYoungGen: 461248K->109984K(504832K)] 1237903K->1021459K(1903104K), 0.1365289 secs] [Times: user=0.81 sys=0.01, real=0.14 secs] 
4571.517: [GC (Allocation Failure) [PSYoungGen: 433568K->156288K(507904K)] 1345043K->1173876K(1906176K), 0.0535395 secs] [Times: user=0.31 sys=0.00, real=0.05 secs] 
4574.487: [GC (Allocation Failure) [PSYoungGen: 479872K->98976K(509952K)] 1497460K->1272796K(1908224K), 0.1669678 secs] [Times: user=0.99 sys=0.00, real=0.16 secs] 
4575.930: [GC (Allocation Failure) [PSYoungGen: 418976K->156736K(477184K)] 1592796K->1423570K(1875456K), 0.1360910 secs] [Times: user=0.81 sys=0.00, real=0.13 secs] 
4576.066: [Full GC (Ergonomics) [PSYoungGen: 156736K->0K(477184K)] [ParOldGen: 1266834K->223352K(1398272K)] 1423570K->223352K(1875456K), [Metaspace: 60517K->60517K(1105920K)], 0.5791337 secs] [Times: user=2.77 sys=0.00, real=0.58 secs] 
4580.262: [GC (Allocation Failure) [PSYoungGen: 320000K->96096K(505856K)] 543352K->319448K(1904128K), 0.0767705 secs] [Times: user=0.45 sys=0.00, real=0.08 secs] 
4581.271: [GC (Allocation Failure) [PSYoungGen: 407904K->151264K(463360K)] 631256K->465149K(1861632K), 0.1358419 secs] [Times: user=0.81 sys=0.00, real=0.14 secs] 
4583.833: [GC (Allocation Failure) [PSYoungGen: 463072K->97376K(504320K)] 776957K->562097K(1902592K), 0.0905030 secs] [Times: user=0.53 sys=0.00, real=0.09 secs] 
4586.005: [GC (GCLocker Initiated GC) [PSYoungGen: 405600K->147808K(502784K)] 870321K->704366K(1901056K), 0.1507895 secs] [Times: user=0.90 sys=0.00, real=0.15 secs] 
4588.809: [GC (Allocation Failure) [PSYoungGen: 456032K->95040K(502784K)] 1012625K->799193K(1901056K), 0.1383704 secs] [Times: user=0.83 sys=0.00, real=0.14 secs] 
4590.203: [GC (Allocation Failure) [PSYoungGen: 403264K->150752K(459264K)] 1107417K->944294K(1857536K), 0.1412561 secs] [Times: user=0.84 sys=0.00, real=0.14 secs] 
4592.737: [GC (Allocation Failure) [PSYoungGen: 458976K->93248K(502784K)] 1252518K->1037734K(1901056K), 0.1354133 secs] [Times: user=0.80 sys=0.00, real=0.13 secs] 
4594.342: [GC (Allocation Failure) [PSYoungGen: 398400K->148672K(454144K)] 1342886K->1181204K(1852416K), 0.1051502 secs] [Times: user=0.57 sys=0.00, real=0.11 secs] 
4597.032: [GC (GCLocker Initiated GC) [PSYoungGen: 453824K->91584K(502272K)] 1486357K->1272797K(1900544K), 0.1212708 secs] [Times: user=0.72 sys=0.00, real=0.12 secs] 
4598.682: [GC (Allocation Failure) [PSYoungGen: 395712K->151488K(455680K)] 1576927K->1418684K(1853952K), 0.1203003 secs] [Times: user=0.72 sys=0.00, real=0.12 secs] 
4598.802: [Full GC (Ergonomics) [PSYoungGen: 151488K->0K(455680K)] [ParOldGen: 1267196K->225929K(1398272K)] 1418684K->225929K(1853952K), [Metaspace: 60517K->60517K(1105920K)], 0.5816810 secs] [Times: user=2.77 sys=0.00, real=0.58 secs] 
4602.763: [GC (Allocation Failure) [PSYoungGen: 304128K->84512K(499200K)] 530057K->310441K(1897472K), 0.1061605 secs] [Times: user=0.63 sys=0.00, real=0.11 secs] 
4603.450: [GC (Allocation Failure) [PSYoungGen: 383520K->165440K(464896K)] 609449K->469725K(1863168K), 0.0524795 secs] [Times: user=0.32 sys=0.00, real=0.05 secs] 
4606.419: [GC (Allocation Failure) [PSYoungGen: 464448K->89856K(493056K)] 768733K->543254K(1891328K), 0.1658274 secs] [Times: user=0.99 sys=0.00, real=0.16 secs] 
4606.997: [GC (Allocation Failure) [PSYoungGen: 366129K->136096K(420864K)] 819527K->673734K(1819136K), 0.0479372 secs] [Times: user=0.29 sys=0.00, real=0.04 secs] 
4608.672: [GC (GCLocker Initiated GC) [PSYoungGen: 420768K->92064K(489984K)] 958406K->757315K(1888256K), 0.1349986 secs] [Times: user=0.77 sys=0.00, real=0.14 secs] 
4610.478: [GC (Allocation Failure) [PSYoungGen: 379296K->137312K(487424K)] 1044550K->890922K(1885696K), 0.0463902 secs] [Times: user=0.27 sys=0.00, real=0.04 secs] 
4611.605: [GC (Allocation Failure) [PSYoungGen: 424544K->98880K(495104K)] 1178154K->980850K(1893376K), 0.0623250 secs] [Times: user=0.37 sys=0.00, real=0.07 secs] 
4613.794: [GC (Allocation Failure) [PSYoungGen: 398400K->139424K(494592K)] 1280370K->1118259K(1892864K), 0.0517970 secs] [Times: user=0.31 sys=0.00, real=0.05 secs] 
4615.071: [GC (Allocation Failure) [PSYoungGen: 438944K->102912K(496640K)] 1417779K->1211955K(1894912K), 0.0654907 secs] [Times: user=0.39 sys=0.00, real=0.06 secs] 
4616.750: [GC (Allocation Failure) [PSYoungGen: 412160K->142976K(499712K)] 1521203K->1354140K(1897984K), 0.0552101 secs] [Times: user=0.33 sys=0.00, real=0.05 secs] 
4620.306: [GC (Allocation Failure) [PSYoungGen: 452224K->105984K(501760K)] 1663388K->1451444K(1900032K), 0.0665770 secs] [Times: user=0.39 sys=0.00, real=0.07 secs] 
4620.372: [Full GC (Ergonomics) [PSYoungGen: 105984K->0K(501760K)] [ParOldGen: 1345460K->20855K(1398272K)] 1451444K->20855K(1900032K), [Metaspace: 60518K->60518K(1105920K)], 0.0340461 secs] [Times: user=0.09 sys=0.00, real=0.03 secs] 
4622.775: [GC (Allocation Failure) [PSYoungGen: 316416K->145184K(504320K)] 337271K->166040K(1902592K), 0.0287102 secs] [Times: user=0.17 sys=0.00, real=0.03 secs] 
4624.427: [GC (Allocation Failure) [PSYoungGen: 461600K->113248K(503296K)] 482456K->270180K(1901568K), 0.0659033 secs] [Times: user=0.39 sys=0.00, real=0.06 secs] 
4626.214: [GC (Allocation Failure) [PSYoungGen: 433760K->148384K(505856K)] 590692K->416104K(1904128K), 0.0543836 secs] [Times: user=0.32 sys=0.00, real=0.06 secs] 
4627.982: [GC (Allocation Failure) [PSYoungGen: 468896K->112032K(507904K)] 736616K->518460K(1906176K), 0.1265908 secs] [Times: user=0.75 sys=0.00, real=0.13 secs] 
4629.044: [GC (Allocation Failure) [PSYoungGen: 436640K->154688K(508928K)] 843068K->671009K(1907200K), 0.0549803 secs] [Times: user=0.32 sys=0.00, real=0.06 secs] 
4632.042: [GC (Allocation Failure) [PSYoungGen: 479296K->105760K(511488K)] 995617K->768161K(1909760K), 0.1808288 secs] [Times: user=1.07 sys=0.01, real=0.18 secs] 
4633.257: [GC (Allocation Failure) [PSYoungGen: 419579K->150464K(472064K)] 1081980K->914594K(1870336K), 0.0523512 secs] [Times: user=0.31 sys=0.00, real=0.05 secs] 
4635.575: [GC (Allocation Failure) [PSYoungGen: 472000K->107296K(511488K)] 1236130K->1013466K(1909760K), 0.1704651 secs] [Times: user=1.02 sys=0.00, real=0.17 secs] 
4636.356: [GC (Allocation Failure) [PSYoungGen: 428320K->153472K(474624K)] 1334490K->1163824K(1872896K), 0.0634316 secs] [Times: user=0.37 sys=0.00, real=0.07 secs] 
4638.758: [GC (Allocation Failure) [PSYoungGen: 474496K->102048K(508928K)] 1484848K->1265656K(1907200K), 0.1478765 secs] [Times: user=0.88 sys=0.00, real=0.14 secs] 
4640.243: [GC (Allocation Failure) [PSYoungGen: 418976K->154688K(472064K)] 1582584K->1414869K(1870336K), 0.1516607 secs] [Times: user=0.90 sys=0.00, real=0.15 secs] 
4640.395: [Full GC (Ergonomics) [PSYoungGen: 154688K->0K(472064K)] [ParOldGen: 1260181K->219134K(1398272K)] 1414869K->219134K(1870336K), [Metaspace: 60518K->60518K(1105920K)], 0.5741326 secs] [Times: user=2.75 sys=0.00, real=0.58 secs] 
4643.981: [GC (Allocation Failure) [PSYoungGen: 316928K->97024K(505856K)] 536062K->316158K(1904128K), 0.1104594 secs] [Times: user=0.65 sys=0.00, real=0.11 secs] 
4644.376: [GC (Allocation Failure) [PSYoungGen: 408320K->154272K(465920K)] 627454K->464479K(1864192K), 0.0560246 secs] [Times: user=0.34 sys=0.00, real=0.06 secs] 
4646.981: [GC (Allocation Failure) [PSYoungGen: 465568K->96448K(503296K)] 775775K->560603K(1901568K), 0.1272673 secs] [Times: user=0.76 sys=0.00, real=0.13 secs] 
4647.399: [GC (Allocation Failure) [PSYoungGen: 402624K->151072K(457728K)] 866779K->705868K(1856000K), 0.0574191 secs] [Times: user=0.33 sys=0.01, real=0.05 secs] 
4650.471: [GC (Allocation Failure) [PSYoungGen: 457248K->91936K(501760K)] 1012044K->797664K(1900032K), 0.1277710 secs] [Times: user=0.76 sys=0.00, real=0.13 secs] 
4651.229: [GC (Allocation Failure) [PSYoungGen: 395552K->149344K(453120K)] 1101280K->941681K(1851392K), 0.0885993 secs] [Times: user=0.53 sys=0.00, real=0.09 secs] 
4654.322: [GC (Allocation Failure) [PSYoungGen: 452960K->88544K(500224K)] 1245297K->1029929K(1898496K), 0.1433680 secs] [Times: user=0.85 sys=0.00, real=0.14 secs] 
4655.518: [GC (GCLocker Initiated GC) [PSYoungGen: 389600K->149824K(451072K)] 1330986K->1174519K(1849344K), 0.1032175 secs] [Times: user=0.61 sys=0.01, real=0.10 secs] 
4658.419: [GC (Allocation Failure) [PSYoungGen: 450880K->87616K(499200K)] 1475610K->1262314K(1897472K), 0.1778990 secs] [Times: user=1.06 sys=0.01, real=0.18 secs] 
4658.971: [GC (Allocation Failure) [PSYoungGen: 385600K->148512K(446976K)] 1560298K->1405139K(1845248K), 0.0588654 secs] [Times: user=0.35 sys=0.00, real=0.06 secs] 
4659.030: [Full GC (Ergonomics) [PSYoungGen: 148512K->0K(446976K)] [ParOldGen: 1256627K->213035K(1398272K)] 1405139K->213035K(1845248K), [Metaspace: 60518K->60518K(1105920K)], 0.5016404 secs] [Times: user=2.34 sys=0.00, real=0.50 secs] 
4662.955: [GC (Allocation Failure) [PSYoungGen: 297984K->85088K(498176K)] 511019K->298123K(1896448K), 0.1434004 secs] [Times: user=0.85 sys=0.00, real=0.15 secs] 
4663.977: [GC (Allocation Failure) [PSYoungGen: 373926K->140768K(496640K)] 586961K->435201K(1894912K), 0.0475461 secs] [Times: user=0.28 sys=0.00, real=0.04 secs] 
4666.492: [GC (GCLocker Initiated GC) [PSYoungGen: 436704K->95968K(492544K)] 731137K->522801K(1890816K), 0.1533901 secs] [Times: user=0.91 sys=0.01, real=0.15 secs] 
4667.474: [GC (Allocation Failure) [PSYoungGen: 393440K->145792K(494592K)] 820275K->665620K(1892864K), 0.0775146 secs] [Times: user=0.45 sys=0.00, real=0.08 secs] 
4669.727: [GC (Allocation Failure) [PSYoungGen: 443264K->96512K(497664K)] 963092K->754060K(1895936K), 0.1616488 secs] [Times: user=0.97 sys=0.00, real=0.16 secs] 
4671.685: [GC (Allocation Failure) [PSYoungGen: 399104K->142496K(498688K)] 1056652K->894414K(1896960K), 0.1254451 secs] [Times: user=0.75 sys=0.00, real=0.13 secs] 
4675.055: [GC (Allocation Failure) [PSYoungGen: 445088K->99264K(496128K)] 1197006K->985510K(1894400K), 0.0738239 secs] [Times: user=0.44 sys=0.00, real=0.08 secs] 
4676.651: [GC (Allocation Failure) [PSYoungGen: 405440K->163104K(469504K)] 1291686K->1146828K(1867776K), 0.0756221 secs] [Times: user=0.44 sys=0.00, real=0.08 secs] 
4678.692: [GC (Allocation Failure) [PSYoungGen: 469280K->104864K(501760K)] 1453004K->1227100K(1900032K), 0.0777337 secs] [Times: user=0.47 sys=0.00, real=0.08 secs] 
4681.141: [GC (Allocation Failure) [PSYoungGen: 404896K->139296K(439808K)] 1527132K->1363913K(1838080K), 0.0523327 secs] [Times: user=0.31 sys=0.00, real=0.05 secs] 
4681.193: [Full GC (Ergonomics) [PSYoungGen: 139296K->0K(439808K)] [ParOldGen: 1224617K->170396K(1398272K)] 1363913K->170396K(1838080K), [Metaspace: 60518K->60518K(1105920K)], 0.4178446 secs] [Times: user=1.96 sys=0.00, real=0.42 secs] 
4682.665: [GC (Allocation Failure) [PSYoungGen: 300032K->104832K(500224K)] 470428K->275228K(1898496K), 0.0361828 secs] [Times: user=0.22 sys=0.00, real=0.04 secs] 
4686.189: [GC (Allocation Failure) [PSYoungGen: 408960K->138944K(496128K)] 579356K->412001K(1894400K), 0.0522080 secs] [Times: user=0.31 sys=0.00, real=0.05 secs] 
4687.328: [GC (Allocation Failure) [PSYoungGen: 443072K->108160K(502784K)] 716129K->511169K(1901056K), 0.0646361 secs] [Times: user=0.38 sys=0.00, real=0.06 secs] 
4689.661: [GC (Allocation Failure) [PSYoungGen: 423040K->144224K(502272K)] 826049K->653514K(1900544K), 0.0529673 secs] [Times: user=0.32 sys=0.00, real=0.05 secs] 
4692.434: [GC (Allocation Failure) [PSYoungGen: 459104K->110336K(504832K)] 968394K->754250K(1903104K), 0.0760723 secs] [Times: user=0.45 sys=0.00, real=0.08 secs] 
4694.778: [GC (Allocation Failure) [PSYoungGen: 432896K->152896K(507392K)] 1076810K->904559K(1905664K), 0.0551391 secs] [Times: user=0.33 sys=0.00, real=0.05 secs] 
4696.582: [GC (Allocation Failure) [PSYoungGen: 475456K->111584K(509952K)] 1227119K->1007275K(1908224K), 0.1222592 secs] [Times: user=0.73 sys=0.00, real=0.12 secs] 
4698.520: [GC (Allocation Failure) [PSYoungGen: 434656K->153056K(476160K)] 1330347K->1156424K(1874432K), 0.0541844 secs] [Times: user=0.32 sys=0.00, real=0.05 secs] 
4700.160: [GC (Allocation Failure) [PSYoungGen: 476128K->113152K(512512K)] 1479496K->1260136K(1910784K), 0.1359960 secs] [Times: user=0.81 sys=0.00, real=0.13 secs] 
4701.436: [GC (Allocation Failure) [PSYoungGen: 435200K->157216K(479744K)] 1582184K->1414513K(1878016K), 0.1318091 secs] [Times: user=0.79 sys=0.00, real=0.14 secs] 
4701.568: [Full GC (Ergonomics) [PSYoungGen: 157216K->0K(479744K)] [ParOldGen: 1257297K->212405K(1398272K)] 1414513K->212405K(1878016K), [Metaspace: 60518K->60518K(1105920K)], 0.5454319 secs] [Times: user=2.60 sys=0.01, real=0.54 secs] 
4705.567: [GC (GCLocker Initiated GC) [PSYoungGen: 322048K->96576K(507392K)] 534455K->308983K(1905664K), 0.1282890 secs] [Times: user=0.75 sys=0.00, real=0.12 secs] 
4706.076: [GC (Allocation Failure) [PSYoungGen: 411968K->154368K(470016K)] 624376K->457904K(1868288K), 0.0544022 secs] [Times: user=0.33 sys=0.00, real=0.06 secs] 
4709.228: [GC (Allocation Failure) [PSYoungGen: 469760K->96320K(504832K)] 773296K->553297K(1903104K), 0.1505225 secs] [Times: user=0.90 sys=0.01, real=0.15 secs] 
4709.657: [GC (Allocation Failure) [PSYoungGen: 405568K->154688K(464384K)] 862545K->702325K(1862656K), 0.0568568 secs] [Times: user=0.34 sys=0.00, real=0.05 secs] 
4713.567: [GC (Allocation Failure) [PSYoungGen: 463936K->88000K(500736K)] 1011573K->790413K(1899008K), 0.1634243 secs] [Times: user=0.98 sys=0.00, real=0.16 secs] 
4713.977: [GC (Allocation Failure) [PSYoungGen: 390592K->168224K(471040K)] 1093005K->952778K(1869312K), 0.0554948 secs] [Times: user=0.33 sys=0.00, real=0.05 secs] 
4716.481: [GC (Allocation Failure) [PSYoungGen: 470816K->94752K(494080K)] 1255370K->1031214K(1892352K), 0.1256764 secs] [Times: user=0.74 sys=0.00, real=0.12 secs] 
4717.490: [GC (Allocation Failure) [PSYoungGen: 381984K->140800K(428544K)] 1318446K->1162807K(1826816K), 0.1158075 secs] [Times: user=0.68 sys=0.00, real=0.11 secs] 
4720.397: [GC (Allocation Failure) [PSYoungGen: 428032K->84256K(490496K)] 1450039K->1247015K(1888768K), 0.1492450 secs] [Times: user=0.88 sys=0.00, real=0.15 secs] 
4721.287: [GC (Allocation Failure) [PSYoungGen: 372000K->139360K(489984K)] 1534759K->1383449K(1888256K), 0.0654913 secs] [Times: user=0.39 sys=0.01, real=0.06 secs] 
4721.352: [Full GC (Ergonomics) [PSYoungGen: 139360K->0K(489984K)] [ParOldGen: 1244089K->190253K(1398272K)] 1383449K->190253K(1888256K), [Metaspace: 60518K->60518K(1105920K)], 0.4693319 secs] [Times: user=2.17 sys=0.00, real=0.47 secs] 
4725.061: [GC (Allocation Failure) [PSYoungGen: 287744K->91200K(494592K)] 477997K->281454K(1892864K), 0.0439890 secs] [Times: user=0.25 sys=0.00, real=0.04 secs] 
4726.588: [GC (GCLocker Initiated GC) [PSYoungGen: 387136K->141120K(494592K)] 577390K->420583K(1892864K), 0.0661857 secs] [Times: user=0.39 sys=0.00, real=0.06 secs] 
4728.453: [GC (Allocation Failure) [PSYoungGen: 437056K->99808K(494592K)] 716522K->512234K(1892864K), 0.0647357 secs] [Times: user=0.39 sys=0.00, real=0.07 secs] 
4730.957: [GC (Allocation Failure) [PSYoungGen: 401888K->138688K(497152K)] 814314K->649243K(1895424K), 0.0513505 secs] [Times: user=0.30 sys=0.00, real=0.05 secs] 
4732.353: [GC (Allocation Failure) [PSYoungGen: 440768K->106560K(493568K)] 951323K->746575K(1891840K), 0.0637773 secs] [Times: user=0.38 sys=0.00, real=0.07 secs] 
4734.354: [GC (Allocation Failure) [PSYoungGen: 416320K->142528K(499200K)] 1056335K->887508K(1897472K), 0.0529452 secs] [Times: user=0.32 sys=0.00, real=0.06 secs] 
4736.082: [GC (Allocation Failure) [PSYoungGen: 452288K->109024K(501760K)] 1197268K->987832K(1900032K), 0.0665167 secs] [Times: user=0.39 sys=0.00, real=0.07 secs] 
4737.994: [GC (Allocation Failure) [PSYoungGen: 427488K->146720K(504832K)] 1306296K->1132633K(1903104K), 0.0544439 secs] [Times: user=0.33 sys=0.00, real=0.06 secs] 
4739.175: [GC (Allocation Failure) [PSYoungGen: 465184K->112352K(506368K)] 1451097K->1235869K(1904640K), 0.0670988 secs] [Times: user=0.40 sys=0.00, real=0.07 secs] 
4741.668: [GC (Allocation Failure) [PSYoungGen: 435424K->152672K(507904K)] 1558941K->1386010K(1906176K), 0.0560929 secs] [Times: user=0.33 sys=0.00, real=0.05 secs] 
4741.724: [Full GC (Ergonomics) [PSYoungGen: 152672K->0K(507904K)] [ParOldGen: 1233338K->183879K(1398272K)] 1386010K->183879K(1906176K), [Metaspace: 60518K->60518K(1105920K)], 0.4496673 secs] [Times: user=2.10 sys=0.00, real=0.45 secs] 
4743.740: [GC (Allocation Failure) [PSYoungGen: 323072K->109952K(510464K)] 506951K->293831K(1908736K), 0.0559209 secs] [Times: user=0.33 sys=0.00, real=0.05 secs] 
4745.273: [GC (Allocation Failure) [PSYoungGen: 429154K->154336K(478208K)] 613033K->444207K(1876480K), 0.0532554 secs] [Times: user=0.31 sys=0.00, real=0.05 secs] 
4747.625: [GC (GCLocker Initiated GC) [PSYoungGen: 477920K->107488K(510976K)] 767792K->543056K(1909248K), 0.1752323 secs] [Times: user=1.03 sys=0.01, real=0.18 secs] 
4749.065: [GC (Allocation Failure) [PSYoungGen: 427488K->153856K(474112K)] 863059K->693240K(1872384K), 0.1388375 secs] [Times: user=0.82 sys=0.02, real=0.14 secs] 
4753.207: [GC (Allocation Failure) [PSYoungGen: 473856K->96064K(507392K)] 1013240K->789228K(1905664K), 0.1540955 secs] [Times: user=0.92 sys=0.00, real=0.15 secs] 
4753.996: [GC (Allocation Failure) [PSYoungGen: 410937K->154624K(470016K)] 1104101K->938692K(1868288K), 0.0559217 secs] [Times: user=0.33 sys=0.00, real=0.06 secs] 
4757.621: [GC (Allocation Failure) [PSYoungGen: 469504K->96000K(504320K)] 1253572K->1034729K(1902592K), 0.1535923 secs] [Times: user=0.92 sys=0.00, real=0.15 secs] 
4758.226: [GC (Allocation Failure) [PSYoungGen: 404736K->152832K(461824K)] 1343465K->1181794K(1860096K), 0.0552707 secs] [Times: user=0.33 sys=0.00, real=0.06 secs] 
4761.204: [GC (GCLocker Initiated GC) [PSYoungGen: 461568K->90976K(501760K)] 1490530K->1272634K(1900032K), 0.1753305 secs] [Times: user=1.04 sys=0.00, real=0.18 secs] 
4762.218: [GC (Allocation Failure) [PSYoungGen: 395104K->148256K(452608K)] 1576765K->1415415K(1850880K), 0.1257292 secs] [Times: user=0.74 sys=0.00, real=0.12 secs] 
4762.344: [Full GC (Ergonomics) [PSYoungGen: 148256K->0K(452608K)] [ParOldGen: 1267158K->212639K(1398272K)] 1415415K->212639K(1850880K), [Metaspace: 60521K->60521K(1105920K)], 0.5453193 secs] [Times: user=2.61 sys=0.00, real=0.55 secs] 
4766.328: [GC (Allocation Failure) [PSYoungGen: 304128K->90912K(501248K)] 516767K->303551K(1899520K), 0.0933192 secs] [Times: user=0.55 sys=0.00, real=0.09 secs] 
4767.278: [GC (Allocation Failure) [PSYoungGen: 393504K->147136K(450048K)] 606143K->445473K(1848320K), 0.1145009 secs] [Times: user=0.68 sys=0.00, real=0.11 secs] 
4770.090: [GC (Allocation Failure) [PSYoungGen: 449728K->91616K(501248K)] 748065K->537101K(1899520K), 0.1391180 secs] [Times: user=0.82 sys=0.00, real=0.14 secs] 
4771.052: [GC (Allocation Failure) [PSYoungGen: 384669K->140128K(442368K)] 830155K->674339K(1840640K), 0.0798694 secs] [Times: user=0.48 sys=0.00, real=0.08 secs] 
4773.945: [GC (Allocation Failure) [PSYoungGen: 442208K->96000K(501248K)] 976419K->762291K(1899520K), 0.1588803 secs] [Times: user=0.95 sys=0.00, real=0.16 secs] 
4775.615: [GC (Allocation Failure) [PSYoungGen: 400640K->146976K(498688K)] 1066931K->905672K(1896960K), 0.0479474 secs] [Times: user=0.28 sys=0.00, real=0.05 secs] 
4777.178: [GC (Allocation Failure) [PSYoungGen: 451616K->103904K(499200K)] 1210312K->1001112K(1897472K), 0.0876569 secs] [Times: user=0.52 sys=0.01, real=0.08 secs] 
4779.148: [GC (Allocation Failure) [PSYoungGen: 412128K->147392K(500736K)] 1309336K->1144373K(1899008K), 0.0513866 secs] [Times: user=0.30 sys=0.00, real=0.05 secs] 
4780.730: [GC (GCLocker Initiated GC) [PSYoungGen: 455616K->105728K(500736K)] 1452597K->1240237K(1899008K), 0.0926731 secs] [Times: user=0.55 sys=0.00, real=0.09 secs] 
4781.768: [GC (Allocation Failure) [PSYoungGen: 417024K->150400K(502272K)] 1551581K->1387202K(1900544K), 0.0530478 secs] [Times: user=0.31 sys=0.01, real=0.05 secs] 
4781.821: [Full GC (Ergonomics) [PSYoungGen: 150400K->0K(502272K)] [ParOldGen: 1236802K->194101K(1398272K)] 1387202K->194101K(1900544K), [Metaspace: 60521K->60521K(1105920K)], 0.4762025 secs] [Times: user=2.22 sys=0.00, real=0.48 secs] 
4784.163: [GC (Allocation Failure) [PSYoungGen: 311296K->103808K(504832K)] 505397K->297909K(1903104K), 0.0763507 secs] [Times: user=0.39 sys=0.00, real=0.08 secs] 
4785.687: [GC (Allocation Failure) [PSYoungGen: 416640K->148640K(504320K)] 610741K->443394K(1902592K), 0.1344887 secs] [Times: user=0.80 sys=0.00, real=0.13 secs] 
4787.836: [GC (Allocation Failure) [PSYoungGen: 461472K->106176K(502784K)] 756226K->541162K(1901056K), 0.1054997 secs] [Times: user=0.63 sys=0.00, real=0.11 secs] 
4789.157: [GC (Allocation Failure) [PSYoungGen: 407603K->144896K(503808K)] 842589K->682988K(1902080K), 0.1130754 secs] [Times: user=0.67 sys=0.00, real=0.11 secs] 
4792.182: [GC (Allocation Failure) [PSYoungGen: 458240K->104160K(504320K)] 996332K->778648K(1902592K), 0.1290860 secs] [Times: user=0.76 sys=0.00, real=0.13 secs] 
4792.972: [GC (Allocation Failure) [PSYoungGen: 410626K->146624K(505856K)] 1085115K->921884K(1904128K), 0.0700685 secs] [Times: user=0.41 sys=0.00, real=0.07 secs] 
4795.510: [GC (Allocation Failure) [PSYoungGen: 463552K->108192K(504832K)] 1238812K->1021505K(1903104K), 0.1056372 secs] [Times: user=0.62 sys=0.00, real=0.10 secs] 
4796.133: [GC (Allocation Failure) [PSYoungGen: 427168K->171552K(491008K)] 1340481K->1189624K(1889280K), 0.0719926 secs] [Times: user=0.42 sys=0.00, real=0.07 secs] 
4799.258: [GC (Allocation Failure) [PSYoungGen: 490528K->96672K(501760K)] 1508600K->1270024K(1900032K), 0.1676537 secs] [Times: user=0.99 sys=0.00, real=0.16 secs] 
4800.140: [GC (Allocation Failure) [PSYoungGen: 399776K->150976K(454144K)] 1573128K->1415121K(1852416K), 0.0710643 secs] [Times: user=0.43 sys=0.00, real=0.07 secs] 
4800.211: [Full GC (Ergonomics) [PSYoungGen: 150976K->0K(454144K)] [ParOldGen: 1264145K->212882K(1398272K)] 1415121K->212882K(1852416K), [Metaspace: 60521K->60521K(1105920K)], 0.5038004 secs] [Times: user=2.34 sys=0.00, real=0.50 secs] 
4804.167: [GC (Allocation Failure) [PSYoungGen: 303104K->84352K(498688K)] 515986K->297234K(1896960K), 0.1468882 secs] [Times: user=0.87 sys=0.00, real=0.14 secs] 
4805.130: [GC (Allocation Failure) [PSYoungGen: 377542K->142048K(499200K)] 590425K->435003K(1897472K), 0.0469998 secs] [Times: user=0.28 sys=0.00, real=0.05 secs] 
4807.911: [GC (Allocation Failure) [PSYoungGen: 441568K->97888K(493056K)] 734523K->524363K(1891328K), 0.1568957 secs] [Times: user=0.93 sys=0.01, real=0.16 secs] 
4810.031: [GC (Allocation Failure) [PSYoungGen: 397920K->144384K(496128K)] 824395K->665156K(1894400K), 0.0486985 secs] [Times: user=0.25 sys=0.00, real=0.05 secs] 
4813.547: [GC (Allocation Failure) [PSYoungGen: 444416K->93632K(499712K)] 965188K->750216K(1897984K), 0.0919395 secs] [Times: user=0.55 sys=0.01, real=0.09 secs] 
4815.115: [GC (Allocation Failure) [PSYoungGen: 399296K->145600K(500736K)] 1055880K->893217K(1899008K), 0.0487033 secs] [Times: user=0.29 sys=0.00, real=0.05 secs] 
4817.094: [GC (Allocation Failure) [PSYoungGen: 451264K->103008K(498176K)] 1198881K->987525K(1896448K), 0.0647949 secs] [Times: user=0.39 sys=0.00, real=0.07 secs] 
4818.716: [GC (Allocation Failure) [PSYoungGen: 410208K->143072K(500224K)] 1294725K->1128583K(1898496K), 0.0513596 secs] [Times: user=0.31 sys=0.00, real=0.06 secs] 
4821.593: [GC (Allocation Failure) [PSYoungGen: 450272K->107040K(499200K)] 1435783K->1227023K(1897472K), 0.0644382 secs] [Times: user=0.38 sys=0.00, real=0.07 secs] 
4823.870: [GC (Allocation Failure) [PSYoungGen: 419360K->145376K(502272K)] 1539343K->1369876K(1900544K), 0.1404989 secs] [Times: user=0.83 sys=0.01, real=0.14 secs] 
4824.011: [Full GC (Ergonomics) [PSYoungGen: 145376K->0K(502272K)] [ParOldGen: 1224500K->177274K(1398272K)] 1369876K->177274K(1900544K), [Metaspace: 60521K->59614K(1105920K)], 0.4867103 secs] [Times: user=2.31 sys=0.00, real=0.49 secs] 
4826.425: [GC (Allocation Failure) [PSYoungGen: 312320K->105088K(504320K)] 489594K->282362K(1902592K), 0.0348491 secs] [Times: user=0.20 sys=0.00, real=0.04 secs] 
4828.222: [GC (Allocation Failure) [PSYoungGen: 422528K->150112K(505856K)] 599802K->430759K(1904128K), 0.0531613 secs] [Times: user=0.31 sys=0.00, real=0.05 secs] 
4830.476: [GC (Allocation Failure) [PSYoungGen: 467552K->108352K(505856K)] 748199K->530599K(1904128K), 0.0675287 secs] [Times: user=0.40 sys=0.00, real=0.07 secs] 
4831.195: [GC (Allocation Failure) [PSYoungGen: 426816K->153472K(506368K)] 849063K->681296K(1904640K), 0.0529265 secs] [Times: user=0.31 sys=0.00, real=0.06 secs] 
4833.984: [GC (Allocation Failure) [PSYoungGen: 471936K->107168K(507904K)] 999760K->779896K(1906176K), 0.1540179 secs] [Times: user=0.92 sys=0.00, real=0.16 secs] 
4835.335: [GC (Allocation Failure) [PSYoungGen: 424096K->170080K(487424K)] 1096824K->947367K(1885696K), 0.0813879 secs] [Times: user=0.45 sys=0.00, real=0.08 secs] 
4838.902: [GC (Allocation Failure) [PSYoungGen: 487008K->94912K(500224K)] 1264295K->1025919K(1898496K), 0.1657723 secs] [Times: user=0.99 sys=0.00, real=0.17 secs] 
4839.734: [GC (Allocation Failure) [PSYoungGen: 383217K->139168K(439808K)] 1314224K->1161320K(1838080K), 0.0499647 secs] [Times: user=0.30 sys=0.00, real=0.05 secs] 
4841.328: [GC (Allocation Failure) [PSYoungGen: 439712K->99200K(498688K)] 1461864K->1252160K(1896960K), 0.1237136 secs] [Times: user=0.73 sys=0.00, real=0.12 secs] 
4842.425: [GC (Allocation Failure) [PSYoungGen: 401792K->145472K(496640K)] 1554752K->1394661K(1894912K), 0.0502449 secs] [Times: user=0.30 sys=0.00, real=0.05 secs] 
4842.476: [Full GC (Ergonomics) [PSYoungGen: 145472K->0K(496640K)] [ParOldGen: 1249189K->191378K(1398272K)] 1394661K->191378K(1894912K), [Metaspace: 59615K->59615K(1105920K)], 0.4711685 secs] [Times: user=2.19 sys=0.00, real=0.48 secs] 
4846.143: [GC (Allocation Failure) [PSYoungGen: 302592K->97536K(501760K)] 493970K->288914K(1900032K), 0.0669445 secs] [Times: user=0.40 sys=0.00, real=0.07 secs] 
4847.636: [GC (Allocation Failure) [PSYoungGen: 407296K->150016K(502784K)] 598674K->435178K(1901056K), 0.0492885 secs] [Times: user=0.29 sys=0.00, real=0.05 secs] 
4851.996: [GC (Allocation Failure) [PSYoungGen: 459776K->99008K(503296K)] 744938K->525375K(1901568K), 0.0688022 secs] [Times: user=0.41 sys=0.00, real=0.07 secs] 
4853.076: [GC (Allocation Failure) [PSYoungGen: 408256K->145824K(502784K)] 834623K->668680K(1901056K), 0.0497474 secs] [Times: user=0.29 sys=0.01, real=0.05 secs] 
4855.864: [GC (GCLocker Initiated GC) [PSYoungGen: 455072K->104160K(499712K)] 977929K->763565K(1897984K), 0.0732807 secs] [Times: user=0.44 sys=0.00, real=0.08 secs] 
4857.205: [GC (Allocation Failure) [PSYoungGen: 414432K->145120K(501760K)] 1073841K->906803K(1900032K), 0.0524948 secs] [Times: user=0.31 sys=0.00, real=0.06 secs] 
4860.161: [GC (Allocation Failure) [PSYoungGen: 455392K->102688K(502784K)] 1217075K->1001091K(1901056K), 0.0802366 secs] [Times: user=0.48 sys=0.00, real=0.08 secs] 
4862.348: [GC (Allocation Failure) [PSYoungGen: 417056K->148544K(504320K)] 1315459K->1147392K(1902592K), 0.0520011 secs] [Times: user=0.30 sys=0.00, real=0.05 secs] 
4865.152: [GC (Allocation Failure) [PSYoungGen: 462912K->105536K(505344K)] 1461760K->1244320K(1903616K), 0.1482376 secs] [Times: user=0.88 sys=0.00, real=0.15 secs] 
4866.370: [GC (Allocation Failure) [PSYoungGen: 421952K->150912K(505856K)] 1560736K->1392610K(1904128K), 0.0715962 secs] [Times: user=0.43 sys=0.00, real=0.07 secs] 
4866.442: [Full GC (Ergonomics) [PSYoungGen: 150912K->0K(505856K)] [ParOldGen: 1241698K->190210K(1398272K)] 1392610K->190210K(1904128K), [Metaspace: 59615K->59615K(1105920K)], 0.4628440 secs] [Times: user=2.15 sys=0.00, real=0.46 secs] 
4870.280: [GC (GCLocker Initiated GC) [PSYoungGen: 316416K->104576K(506368K)] 506627K->294787K(1904640K), 0.0482367 secs] [Times: user=0.28 sys=0.00, real=0.05 secs] 
4871.461: [GC (GCLocker Initiated GC) [PSYoungGen: 420480K->150432K(505856K)] 610693K->442474K(1904128K), 0.0574623 secs] [Times: user=0.30 sys=0.00, real=0.06 secs] 
4875.364: [GC (Allocation Failure) [PSYoungGen: 466336K->102656K(506880K)] 758380K->536780K(1905152K), 0.1664286 secs] [Times: user=0.98 sys=0.00, real=0.17 secs] 
4877.507: [GC (Allocation Failure) [PSYoungGen: 417536K->149696K(464896K)] 851660K->683121K(1863168K), 0.0508909 secs] [Times: user=0.31 sys=0.00, real=0.05 secs] 
4879.316: [GC (Allocation Failure) [PSYoungGen: 464576K->105344K(508416K)] 998001K->779929K(1906688K), 0.1121439 secs] [Times: user=0.66 sys=0.00, real=0.12 secs] 
4879.970: [GC (Allocation Failure) [PSYoungGen: 409851K->145056K(505344K)] 1084437K->921842K(1903616K), 0.0508503 secs] [Times: user=0.30 sys=0.00, real=0.05 secs] 
4882.433: [GC (Allocation Failure) [PSYoungGen: 459936K->102688K(505344K)] 1236722K->1015978K(1903616K), 0.1471388 secs] [Times: user=0.88 sys=0.00, real=0.15 secs] 
4883.728: [GC (Allocation Failure) [PSYoungGen: 408918K->147456K(505856K)] 1322208K->1160491K(1904128K), 0.1461824 secs] [Times: user=0.87 sys=0.00, real=0.14 secs] 
4886.266: [GC (Allocation Failure) [PSYoungGen: 464384K->106400K(506880K)] 1477419K->1258651K(1905152K), 0.0789577 secs] [Times: user=0.47 sys=0.00, real=0.08 secs] 
4888.646: [GC (Allocation Failure) [PSYoungGen: 414562K->143776K(507392K)] 1566813K->1399459K(1905664K), 0.1315825 secs] [Times: user=0.78 sys=0.01, real=0.14 secs] 
4888.777: [Full GC (Ergonomics) [PSYoungGen: 143776K->0K(507392K)] [ParOldGen: 1255683K->196882K(1398272K)] 1399459K->196882K(1905664K), [Metaspace: 59615K->59615K(1105920K)], 0.5298674 secs] [Times: user=2.54 sys=0.00, real=0.53 secs] 
4892.959: [GC (Allocation Failure) [PSYoungGen: 318976K->103648K(506880K)] 515858K->300530K(1905152K), 0.0969568 secs] [Times: user=0.57 sys=0.01, real=0.09 secs] 
4894.201: [GC (Allocation Failure) [PSYoungGen: 410211K->147424K(508416K)] 607094K->444143K(1906688K), 0.0498527 secs] [Times: user=0.29 sys=0.00, real=0.05 secs] 
4897.378: [GC (Allocation Failure) [PSYoungGen: 468960K->105792K(508928K)] 765679K->541275K(1907200K), 0.1687146 secs] [Times: user=0.99 sys=0.01, real=0.17 secs] 
4898.404: [GC (Allocation Failure) [PSYoungGen: 428864K->156256K(479744K)] 864347K->693648K(1878016K), 0.0519559 secs] [Times: user=0.31 sys=0.01, real=0.05 secs] 
4901.013: [GC (Allocation Failure) [PSYoungGen: 479328K->98592K(508416K)] 1016720K->792024K(1906688K), 0.1490276 secs] [Times: user=0.89 sys=0.00, real=0.15 secs] 
4901.778: [GC (Allocation Failure) [PSYoungGen: 415008K->156448K(473088K)] 1108440K->942105K(1871360K), 0.0557691 secs] [Times: user=0.33 sys=0.01, real=0.05 secs] 
4903.798: [GC (Allocation Failure) [PSYoungGen: 472864K->99552K(505344K)] 1258521K->1041193K(1903616K), 0.1381016 secs] [Times: user=0.82 sys=0.01, real=0.13 secs] 
4904.514: [GC (Allocation Failure) [PSYoungGen: 409312K->154464K(464384K)] 1350953K->1189918K(1862656K), 0.0762877 secs] [Times: user=0.45 sys=0.00, real=0.08 secs] 
4907.188: [GC (Allocation Failure) [PSYoungGen: 464224K->94304K(502272K)] 1499678K->1284398K(1900544K), 0.1260596 secs] [Times: user=0.73 sys=0.00, real=0.12 secs] 
4908.693: [GC (Allocation Failure) [PSYoungGen: 398944K->149248K(454144K)] 1589038K->1428018K(1852416K), 0.1022372 secs] [Times: user=0.61 sys=0.00, real=0.10 secs] 
4908.795: [Full GC (Ergonomics) [PSYoungGen: 149248K->0K(454144K)] [ParOldGen: 1278770K->226766K(1398272K)] 1428018K->226766K(1852416K), [Metaspace: 59615K->59615K(1105920K)], 0.5615409 secs] [Times: user=2.65 sys=0.00, real=0.57 secs] 
4912.032: [GC (Allocation Failure) [PSYoungGen: 304640K->90656K(501248K)] 531406K->317422K(1899520K), 0.0841287 secs] [Times: user=0.50 sys=0.00, real=0.08 secs] 
4912.420: [GC (Allocation Failure) [PSYoungGen: 393248K->149440K(452096K)] 620014K->461347K(1850368K), 0.0542543 secs] [Times: user=0.32 sys=0.00, real=0.05 secs] 
4915.118: [GC (GCLocker Initiated GC) [PSYoungGen: 452032K->88544K(500224K)] 763939K->549915K(1898496K), 0.1428282 secs] [Times: user=0.85 sys=0.00, real=0.14 secs] 
4917.042: [GC (Allocation Failure) [PSYoungGen: 389088K->143936K(499200K)] 850462K->688327K(1897472K), 0.1439884 secs] [Times: user=0.84 sys=0.00, real=0.14 secs] 
4921.496: [GC (GCLocker Initiated GC) [PSYoungGen: 444480K->86496K(498688K)] 988871K->774695K(1896960K), 0.1645151 secs] [Times: user=0.98 sys=0.00, real=0.17 secs] 
4922.642: [GC (Allocation Failure) [PSYoungGen: 387552K->136096K(499200K)] 1092138K->923589K(1897472K), 0.2451293 secs] [Times: user=1.46 sys=0.00, real=0.25 secs] 
4925.487: [GC (Allocation Failure) [PSYoungGen: 437152K->88704K(499200K)] 1224645K->1012201K(1897472K), 0.4365452 secs] [Times: user=2.61 sys=0.01, real=0.43 secs] 
4926.450: [GC (Allocation Failure) [PSYoungGen: 382604K->143104K(499200K)] 1306101K->1151566K(1897472K), 0.0493323 secs] [Times: user=0.30 sys=0.00, real=0.05 secs] 
4928.041: [GC (Allocation Failure) [PSYoungGen: 447744K->101344K(497664K)] 1456206K->1244526K(1895936K), 0.1241788 secs] [Times: user=0.73 sys=0.01, real=0.12 secs] 
4929.199: [GC (Allocation Failure) [PSYoungGen: 406719K->149600K(500224K)] 1549902K->1389859K(1898496K), 0.0515069 secs] [Times: user=0.31 sys=0.00, real=0.05 secs] 
4929.250: [Full GC (Ergonomics) [PSYoungGen: 149600K->0K(500224K)] [ParOldGen: 1240259K->196610K(1398272K)] 1389859K->196610K(1898496K), [Metaspace: 59619K->59619K(1105920K)], 0.4793605 secs] [Times: user=2.22 sys=0.00, real=0.48 secs] 
4931.582: [GC (Allocation Failure) [PSYoungGen: 308224K->104896K(501760K)] 504834K->301506K(1900032K), 0.0863582 secs] [Times: user=0.51 sys=0.00, real=0.09 secs] 
4933.390: [GC (Allocation Failure) [PSYoungGen: 415680K->147712K(502272K)] 612290K->442935K(1900544K), 0.0492279 secs] [Times: user=0.29 sys=0.00, real=0.05 secs] 
4935.838: [GC (Allocation Failure) [PSYoungGen: 458496K->103264K(503296K)] 753719K->537215K(1901568K), 0.1545737 secs] [Times: user=0.92 sys=0.01, real=0.15 secs] 
4937.490: [GC (Allocation Failure) [PSYoungGen: 410123K->148256K(503808K)] 844074K->681644K(1902080K), 0.0505021 secs] [Times: user=0.30 sys=0.00, real=0.05 secs] 
4940.023: [GC (Allocation Failure) [PSYoungGen: 461088K->102976K(503808K)] 994476K->776124K(1902080K), 0.1791281 secs] [Times: user=1.06 sys=0.01, real=0.18 secs] 
4941.559: [GC (Allocation Failure) [PSYoungGen: 412623K->147648K(504320K)] 1085772K->919917K(1902592K), 0.0516967 secs] [Times: user=0.30 sys=0.00, real=0.05 secs] 
4943.634: [GC (Allocation Failure) [PSYoungGen: 461504K->105120K(503808K)] 1233773K->1016661K(1902080K), 0.1713098 secs] [Times: user=1.02 sys=0.00, real=0.17 secs] 
4945.173: [GC (Allocation Failure) [PSYoungGen: 411387K->145312K(504832K)] 1322928K->1158606K(1903104K), 0.0515220 secs] [Times: user=0.30 sys=0.00, real=0.05 secs] 
4947.000: [GC (Allocation Failure) [PSYoungGen: 460704K->108160K(503296K)] 1473998K->1257910K(1901568K), 0.1356719 secs] [Times: user=0.81 sys=0.00, real=0.13 secs] 
4947.815: [GC (Allocation Failure) [PSYoungGen: 426112K->152672K(505344K)] 1575862K->1407687K(1903616K), 0.0952515 secs] [Times: user=0.56 sys=0.01, real=0.10 secs] 
4947.911: [Full GC (Ergonomics) [PSYoungGen: 152672K->0K(505344K)] [ParOldGen: 1255015K->207674K(1398272K)] 1407687K->207674K(1903616K), [Metaspace: 59631K->59631K(1105920K)], 0.5178399 secs] [Times: user=2.37 sys=0.00, real=0.52 secs] 
4951.837: [GC (Allocation Failure) [PSYoungGen: 317952K->96160K(508416K)] 525626K->303834K(1906688K), 0.1855196 secs] [Times: user=1.11 sys=0.00, real=0.18 secs] 
4952.763: [GC (Allocation Failure) [PSYoungGen: 412576K->157312K(474112K)] 620250K->455311K(1872384K), 0.0554542 secs] [Times: user=0.32 sys=0.00, real=0.06 secs] 
4955.768: [GC (Allocation Failure) [PSYoungGen: 473728K->93664K(503808K)] 771727K->548823K(1902080K), 0.1526657 secs] [Times: user=0.90 sys=0.01, real=0.15 secs] 
4956.365: [GC (Allocation Failure) [PSYoungGen: 400864K->151488K(458752K)] 856023K->694397K(1857024K), 0.0537156 secs] [Times: user=0.32 sys=0.00, real=0.06 secs] 
4958.709: [GC (Allocation Failure) [PSYoungGen: 458688K->96800K(502784K)] 1001597K->791141K(1901056K), 0.1512391 secs] [Times: user=0.89 sys=0.00, real=0.15 secs] 
4959.182: [GC (GCLocker Initiated GC) [PSYoungGen: 400928K->149824K(500224K)] 1095269K->934782K(1898496K), 0.0562692 secs] [Times: user=0.33 sys=0.00, real=0.06 secs] 
4961.975: [GC (GCLocker Initiated GC) [PSYoungGen: 453952K->91648K(501248K)] 1238912K->1026068K(1899520K), 0.1468944 secs] [Times: user=0.87 sys=0.00, real=0.15 secs] 
4962.571: [GC (Allocation Failure) [PSYoungGen: 394752K->150784K(454144K)] 1329175K->1171320K(1852416K), 0.0532353 secs] [Times: user=0.31 sys=0.00, real=0.05 secs] 
4965.392: [GC (Allocation Failure) [PSYoungGen: 453888K->88640K(499712K)] 1474424K->1260096K(1897984K), 0.1682330 secs] [Times: user=0.99 sys=0.01, real=0.17 secs] 
4965.820: [GC (Allocation Failure) [PSYoungGen: 388160K->166016K(465920K)] 1559616K->1420577K(1864192K), 0.0530748 secs] [Times: user=0.31 sys=0.00, real=0.05 secs] 
4965.874: [Full GC (Ergonomics) [PSYoungGen: 166016K->0K(465920K)] [ParOldGen: 1254561K->209879K(1398272K)] 1420577K->209879K(1864192K), [Metaspace: 59633K->59633K(1105920K)], 0.5015606 secs] [Times: user=2.35 sys=0.00, real=0.50 secs] 
4969.946: [GC (Allocation Failure) [PSYoungGen: 299520K->88288K(493056K)] 509399K->298167K(1891328K), 0.1382478 secs] [Times: user=0.82 sys=0.00, real=0.14 secs] 
4971.906: [GC (Allocation Failure) [PSYoungGen: 373472K->135648K(420864K)] 583351K->430813K(1819136K), 0.0978372 secs] [Times: user=0.58 sys=0.00, real=0.10 secs] 
4973.493: [GC (Allocation Failure) [PSYoungGen: 420832K->92800K(490496K)] 715997K->515485K(1888768K), 0.0856461 secs] [Times: user=0.51 sys=0.00, real=0.09 secs] 
4976.366: [GC (Allocation Failure) [PSYoungGen: 380544K->132768K(487936K)] 803229K->645530K(1886208K), 0.0465013 secs] [Times: user=0.28 sys=0.00, real=0.05 secs] 
4977.501: [GC (Allocation Failure) [PSYoungGen: 420512K->101824K(494592K)] 933274K->738174K(1892864K), 0.0626105 secs] [Times: user=0.37 sys=0.01, real=0.06 secs] 
4979.366: [GC (Allocation Failure) [PSYoungGen: 401856K->135232K(492544K)] 1038206K->871995K(1890816K), 0.0594164 secs] [Times: user=0.36 sys=0.00, real=0.06 secs] 
4981.702: [GC (Allocation Failure) [PSYoungGen: 435264K->109952K(499712K)] 1172027K->972391K(1897984K), 0.0640498 secs] [Times: user=0.38 sys=0.00, real=0.06 secs] 
4983.053: [GC (Allocation Failure) [PSYoungGen: 425344K->143136K(501248K)] 1287783K->1114156K(1899520K), 0.0555382 secs] [Times: user=0.32 sys=0.00, real=0.06 secs] 
4984.246: [GC (Allocation Failure) [PSYoungGen: 458528K->111168K(505856K)] 1429548K->1216012K(1904128K), 0.0726719 secs] [Times: user=0.43 sys=0.00, real=0.08 secs] 
4986.182: [GC (Allocation Failure) [PSYoungGen: 436288K->152256K(508416K)] 1541132K->1367154K(1906688K), 0.0557430 secs] [Times: user=0.33 sys=0.00, real=0.06 secs] 
4988.779: [GC (Allocation Failure) [PSYoungGen: 477376K->109344K(512000K)] 1692274K->1468322K(1910272K), 0.0679170 secs] [Times: user=0.41 sys=0.00, real=0.07 secs] 
4988.847: [Full GC (Ergonomics) [PSYoungGen: 109344K->0K(512000K)] [ParOldGen: 1358978K->35064K(1398272K)] 1468322K->35064K(1910272K), [Metaspace: 59633K->59633K(1105920K)], 0.1128343 secs] [Times: user=0.48 sys=0.00, real=0.11 secs] 
4990.524: [GC (Allocation Failure) [PSYoungGen: 325632K->164928K(491008K)] 360696K->199992K(1889280K), 0.0625014 secs] [Times: user=0.37 sys=0.00, real=0.06 secs] 
4994.846: [GC (Allocation Failure) [PSYoungGen: 490560K->104896K(507392K)] 525624K->288568K(1905664K), 0.1531027 secs] [Times: user=0.91 sys=0.00, real=0.16 secs] 
4995.485: [GC (Allocation Failure) [PSYoungGen: 418240K->150656K(504832K)] 601912K->435820K(1903104K), 0.0514097 secs] [Times: user=0.31 sys=0.00, real=0.05 secs] 
4997.787: [GC (Allocation Failure) [PSYoungGen: 464000K->107168K(503808K)] 749164K->533709K(1902080K), 0.1032105 secs] [Times: user=0.61 sys=0.00, real=0.10 secs] 
4998.501: [GC (Allocation Failure) [PSYoungGen: 406575K->145056K(504320K)] 833116K->675065K(1902592K), 0.0512232 secs] [Times: user=0.30 sys=0.00, real=0.05 secs] 
5001.476: [GC (Allocation Failure) [PSYoungGen: 458400K->103168K(504320K)] 988409K->770017K(1902592K), 0.1367055 secs] [Times: user=0.80 sys=0.01, real=0.14 secs] 
5002.440: [GC (Allocation Failure) [PSYoungGen: 410527K->147584K(505856K)] 1077377K->913762K(1904128K), 0.0509924 secs] [Times: user=0.30 sys=0.00, real=0.05 secs] 
5004.109: [GC (Allocation Failure) [PSYoungGen: 464000K->108032K(505344K)] 1230178K->1013134K(1903616K), 0.1641659 secs] [Times: user=0.98 sys=0.00, real=0.16 secs] 
5006.756: [GC (Allocation Failure) [PSYoungGen: 425984K->183968K(502272K)] 1331086K->1193463K(1900544K), 0.1262666 secs] [Times: user=0.75 sys=0.01, real=0.13 secs] 
5010.164: [GC (Allocation Failure) [PSYoungGen: 501920K->98528K(491008K)] 1511415K->1258671K(1889280K), 0.1429742 secs] [Times: user=0.85 sys=0.00, real=0.15 secs] 
5011.217: [GC (Allocation Failure) [PSYoungGen: 376897K->136992K(496640K)] 1537041K->1390821K(1894912K), 0.0683203 secs] [Times: user=0.41 sys=0.00, real=0.06 secs] 
5011.285: [Full GC (Ergonomics) [PSYoungGen: 136992K->0K(496640K)] [ParOldGen: 1253829K->195639K(1398272K)] 1390821K->195639K(1894912K), [Metaspace: 59698K->59698K(1105920K)], 0.4812092 secs] [Times: user=2.23 sys=0.00, real=0.48 secs] 
5013.722: [GC (Allocation Failure) [PSYoungGen: 294400K->92704K(493056K)] 490039K->288343K(1891328K), 0.0553116 secs] [Times: user=0.32 sys=0.00, real=0.06 secs] 
5015.151: [GC (Allocation Failure) [PSYoungGen: 391200K->142912K(495616K)] 586839K->427880K(1893888K), 0.0463736 secs] [Times: user=0.27 sys=0.00, real=0.05 secs] 
5018.024: [GC (Allocation Failure) [PSYoungGen: 441408K->98720K(497152K)] 726376K->518196K(1895424K), 0.0679196 secs] [Times: user=0.40 sys=0.00, real=0.07 secs] 
5019.118: [GC (Allocation Failure) [PSYoungGen: 403872K->143744K(499712K)] 823348K->660249K(1897984K), 0.0543671 secs] [Times: user=0.32 sys=0.00, real=0.05 secs] 
5021.709: [GC (Allocation Failure) [PSYoungGen: 448896K->102112K(499200K)] 965401K->753881K(1897472K), 0.0654831 secs] [Times: user=0.39 sys=0.00, real=0.06 secs] 
5022.597: [GC (Allocation Failure) [PSYoungGen: 411872K->157120K(466944K)] 1063641K->909372K(1865216K), 0.0532334 secs] [Times: user=0.31 sys=0.00, real=0.05 secs] 
5025.651: [GC (Allocation Failure) [PSYoungGen: 466880K->102048K(504320K)] 1219132K->994916K(1902592K), 0.0721174 secs] [Times: user=0.43 sys=0.00, real=0.07 secs] 
5026.801: [GC (Allocation Failure) [PSYoungGen: 408736K->147648K(501248K)] 1301604K->1140285K(1899520K), 0.0528946 secs] [Times: user=0.31 sys=0.00, real=0.05 secs] 
5029.828: [GC (Allocation Failure) [PSYoungGen: 454336K->100736K(501760K)] 1446973K->1232701K(1900032K), 0.0669422 secs] [Times: user=0.40 sys=0.00, real=0.06 secs] 
5030.938: [GC (Allocation Failure) [PSYoungGen: 408960K->145952K(502272K)] 1540925K->1377091K(1900544K), 0.0945072 secs] [Times: user=0.56 sys=0.00, real=0.09 secs] 
5031.033: [Full GC (Ergonomics) [PSYoungGen: 145952K->0K(502272K)] [ParOldGen: 1231139K->173845K(1398272K)] 1377091K->173845K(1900544K), [Metaspace: 59698K->59698K(1105920K)], 0.4367258 secs] [Times: user=2.04 sys=0.00, real=0.44 secs] 
5033.778: [GC (Allocation Failure) [PSYoungGen: 308224K->100832K(500736K)] 482069K->274677K(1899008K), 0.0461249 secs] [Times: user=0.28 sys=0.00, real=0.04 secs] 
5034.711: [GC (Allocation Failure) [PSYoungGen: 410592K->156448K(466432K)] 584437K->429607K(1864704K), 0.0525141 secs] [Times: user=0.31 sys=0.00, real=0.05 secs] 
5037.029: [GC (Allocation Failure) [PSYoungGen: 466208K->104608K(504320K)] 739367K->517407K(1902592K), 0.0645045 secs] [Times: user=0.39 sys=0.00, real=0.06 secs] 
5038.952: [GC (Allocation Failure) [PSYoungGen: 411296K->142720K(449536K)] 824095K->657612K(1847808K), 0.0520414 secs] [Times: user=0.31 sys=0.00, real=0.05 secs] 
5040.120: [GC (Allocation Failure) [PSYoungGen: 449408K->106176K(503808K)] 964300K->754740K(1902080K), 0.0653297 secs] [Times: user=0.39 sys=0.00, real=0.06 secs] 
5041.447: [GC (Allocation Failure) [PSYoungGen: 415936K->148288K(500736K)] 1064500K->901225K(1899008K), 0.0776070 secs] [Times: user=0.46 sys=0.00, real=0.07 secs] 
5043.526: [GC (Allocation Failure) [PSYoungGen: 458048K->103520K(504832K)] 1210985K->996561K(1903104K), 0.0652683 secs] [Times: user=0.39 sys=0.00, real=0.07 secs] 
5046.082: [GC (Allocation Failure) [PSYoungGen: 418400K->148384K(505344K)] 1311441K->1141838K(1903616K), 0.0524577 secs] [Times: user=0.31 sys=0.00, real=0.05 secs] 
5047.565: [GC (Allocation Failure) [PSYoungGen: 463264K->109536K(503296K)] 1456718K->1242334K(1901568K), 0.0947818 secs] [Times: user=0.57 sys=0.00, real=0.10 secs] 
5050.057: [GC (Allocation Failure) [PSYoungGen: 425440K->151712K(504832K)] 1558238K->1389806K(1903104K), 0.0542937 secs] [Times: user=0.32 sys=0.00, real=0.05 secs] 
5050.111: [Full GC (Ergonomics) [PSYoungGen: 151712K->0K(504832K)] [ParOldGen: 1238094K->188079K(1398272K)] 1389806K->188079K(1903104K), [Metaspace: 59698K->59698K(1105920K)], 0.4644020 secs] [Times: user=2.18 sys=0.00, real=0.46 secs] 
5052.687: [GC (Allocation Failure) [PSYoungGen: 315904K->106464K(507392K)] 503983K->294543K(1905664K), 0.0945934 secs] [Times: user=0.56 sys=0.00, real=0.09 secs] 
5053.768: [GC (Allocation Failure) [PSYoungGen: 422880K->151488K(467968K)] 610959K->442944K(1866240K), 0.0512752 secs] [Times: user=0.30 sys=0.00, real=0.05 secs] 
5055.891: [GC (Allocation Failure) [PSYoungGen: 467904K->107584K(508928K)] 759360K->541564K(1907200K), 0.0994047 secs] [Times: user=0.59 sys=0.00, real=0.10 secs] 
5057.626: [GC (Allocation Failure) [PSYoungGen: 413963K->142784K(505856K)] 847943K->681302K(1904128K), 0.1273278 secs] [Times: user=0.75 sys=0.00, real=0.13 secs] 
5060.295: [GC (Allocation Failure) [PSYoungGen: 458688K->108096K(505856K)] 997206K->781174K(1904128K), 0.1065895 secs] [Times: user=0.63 sys=0.00, real=0.11 secs] 
5060.932: [GC (Allocation Failure) [PSYoungGen: 427072K->152640K(505856K)] 1100150K->930535K(1904128K), 0.0532393 secs] [Times: user=0.31 sys=0.00, real=0.05 secs] 
5063.549: [GC (Allocation Failure) [PSYoungGen: 471616K->100512K(509440K)] 1249511K->1030247K(1907712K), 0.1336216 secs] [Times: user=0.79 sys=0.01, real=0.13 secs] 
5064.686: [GC (Allocation Failure) [PSYoungGen: 418976K->158240K(477184K)] 1348711K->1183407K(1875456K), 0.0920197 secs] [Times: user=0.55 sys=0.00, real=0.10 secs] 
5068.246: [GC (Allocation Failure) [PSYoungGen: 476704K->95392K(504832K)] 1501871K->1278904K(1903104K), 0.1531591 secs] [Times: user=0.91 sys=0.00, real=0.16 secs] 
5068.743: [GC (Allocation Failure) [PSYoungGen: 405152K->154720K(464896K)] 1588664K->1427993K(1863168K), 0.0566229 secs] [Times: user=0.34 sys=0.01, real=0.06 secs] 
5068.800: [Full GC (Ergonomics) [PSYoungGen: 154720K->0K(464896K)] [ParOldGen: 1273273K->225799K(1398272K)] 1427993K->225799K(1863168K), [Metaspace: 59698K->59698K(1105920K)], 0.5460736 secs] [Times: user=2.55 sys=0.00, real=0.54 secs] 
5073.398: [GC (Allocation Failure) [PSYoungGen: 309760K->91232K(501248K)] 535559K->317031K(1899520K), 0.0860765 secs] [Times: user=0.51 sys=0.00, real=0.08 secs] 
5073.775: [GC (Allocation Failure) [PSYoungGen: 394336K->150272K(453632K)] 620135K->460924K(1851904K), 0.0547776 secs] [Times: user=0.32 sys=0.00, real=0.06 secs] 
5076.876: [GC (Allocation Failure) [PSYoungGen: 453376K->89184K(499712K)] 764028K->549764K(1897984K), 0.1683579 secs] [Times: user=1.01 sys=0.00, real=0.17 secs] 
5077.512: [GC (Allocation Failure) [PSYoungGen: 389216K->148992K(449536K)] 849796K->693049K(1847808K), 0.0536330 secs] [Times: user=0.32 sys=0.00, real=0.05 secs] 
5079.940: [GC (Allocation Failure) [PSYoungGen: 449024K->91232K(499712K)] 993081K->783993K(1897984K), 0.1518793 secs] [Times: user=0.90 sys=0.01, real=0.15 secs] 
5080.574: [GC (Allocation Failure) [PSYoungGen: 390240K->146176K(498176K)] 1083001K->924094K(1896448K), 0.0553064 secs] [Times: user=0.31 sys=0.02, real=0.06 secs] 
5082.331: [GC (Allocation Failure) [PSYoungGen: 442463K->92160K(497664K)] 1220381K->1015390K(1895936K), 0.1127480 secs] [Times: user=0.67 sys=0.01, real=0.11 secs] 
5083.376: [GC (Allocation Failure) [PSYoungGen: 379460K->137696K(498176K)] 1302690K->1149552K(1896448K), 0.1098139 secs] [Times: user=0.65 sys=0.00, real=0.11 secs] 
5085.674: [GC (Allocation Failure) [PSYoungGen: 437216K->95712K(496640K)] 1449072K->1237184K(1894912K), 0.1136036 secs] [Times: user=0.68 sys=0.00, real=0.12 secs] 
5086.955: [GC (GCLocker Initiated GC) [PSYoungGen: 399328K->145312K(497664K)] 1540801K->1379439K(1895936K), 0.0497930 secs] [Times: user=0.29 sys=0.00, real=0.05 secs] 
5087.005: [Full GC (Ergonomics) [PSYoungGen: 145312K->0K(497664K)] [ParOldGen: 1234127K->186492K(1398272K)] 1379439K->186492K(1895936K), [Metaspace: 59698K->59698K(1105920K)], 0.4555604 secs] [Times: user=2.11 sys=0.00, real=0.46 secs] 
5089.420: [GC (Allocation Failure) [PSYoungGen: 303616K->100608K(499712K)] 490141K->287133K(1897984K), 0.0540712 secs] [Times: user=0.31 sys=0.00, real=0.05 secs] 
5090.576: [GC (Allocation Failure) [PSYoungGen: 409344K->149984K(501248K)] 595869K->433727K(1899520K), 0.0598323 secs] [Times: user=0.36 sys=0.00, real=0.06 secs] 
5092.941: [GC (Allocation Failure) [PSYoungGen: 458720K->102304K(502784K)] 742463K->527855K(1901056K), 0.0674222 secs] [Times: user=0.41 sys=0.00, real=0.07 secs] 
5094.503: [GC (Allocation Failure) [PSYoungGen: 412576K->147232K(502784K)] 838127K->672040K(1901056K), 0.0503188 secs] [Times: user=0.29 sys=0.00, real=0.05 secs] 
5097.067: [GC (Allocation Failure) [PSYoungGen: 457504K->103552K(501760K)] 982312K->766864K(1900032K), 0.0654435 secs] [Times: user=0.39 sys=0.00, real=0.06 secs] 
5098.195: [GC (Allocation Failure) [PSYoungGen: 414848K->152384K(502784K)] 1078160K->915661K(1901056K), 0.0524469 secs] [Times: user=0.31 sys=0.00, real=0.06 secs] 
5101.194: [GC (Allocation Failure) [PSYoungGen: 463680K->100736K(504832K)] 1226957K->1008137K(1903104K), 0.1306969 secs] [Times: user=0.78 sys=0.01, real=0.13 secs] 
5103.076: [GC (Allocation Failure) [PSYoungGen: 411008K->147296K(503296K)] 1318409K->1151946K(1901568K), 0.0508316 secs] [Times: user=0.30 sys=0.00, real=0.06 secs] 
5104.826: [GC (Allocation Failure) [PSYoungGen: 457568K->105408K(500736K)] 1462218K->1248242K(1899008K), 0.1026870 secs] [Times: user=0.60 sys=0.00, real=0.11 secs] 
5106.159: [GC (Allocation Failure) [PSYoungGen: 416192K->148416K(502272K)] 1559026K->1393763K(1900544K), 0.1077865 secs] [Times: user=0.64 sys=0.00, real=0.11 secs] 
5106.267: [Full GC (Ergonomics) [PSYoungGen: 148416K->0K(502272K)] [ParOldGen: 1245347K->191731K(1398272K)] 1393763K->191731K(1900544K), [Metaspace: 59698K->59698K(1105920K)], 0.5051886 secs] [Times: user=2.39 sys=0.01, real=0.50 secs] 
5108.080: [GC (Allocation Failure) [PSYoungGen: 310784K->105920K(502784K)] 502515K->297651K(1901056K), 0.0640887 secs] [Times: user=0.38 sys=0.00, real=0.06 secs] 
5109.104: [GC (Allocation Failure) [PSYoungGen: 417948K->147968K(503808K)] 609679K->442628K(1902080K), 0.0967819 secs] [Times: user=0.58 sys=0.00, real=0.10 secs] 
5111.898: [GC (Allocation Failure) [PSYoungGen: 461312K->106368K(503808K)] 755972K->540860K(1902080K), 0.1059889 secs] [Times: user=0.63 sys=0.00, real=0.10 secs] 
5112.959: [GC (Allocation Failure) [PSYoungGen: 412756K->146208K(504832K)] 847249K->682761K(1903104K), 0.0510298 secs] [Times: user=0.31 sys=0.00, real=0.05 secs] 
5115.535: [GC (Allocation Failure) [PSYoungGen: 461600K->106560K(504832K)] 998153K->779537K(1903104K), 0.1666548 secs] [Times: user=0.99 sys=0.01, real=0.17 secs] 
5116.593: [GC (Allocation Failure) [PSYoungGen: 425024K->154464K(473088K)] 1098001K->929918K(1871360K), 0.0527000 secs] [Times: user=0.32 sys=0.00, real=0.05 secs] 
5119.648: [GC (Allocation Failure) [PSYoungGen: 472928K->97696K(507392K)] 1248382K->1027198K(1905664K), 0.1421499 secs] [Times: user=0.85 sys=0.00, real=0.14 secs] 
5120.378: [GC (Allocation Failure) [PSYoungGen: 412064K->155008K(469504K)] 1341566K->1176820K(1867776K), 0.0555864 secs] [Times: user=0.33 sys=0.00, real=0.05 secs] 
5122.573: [GC (Allocation Failure) [PSYoungGen: 469376K->96352K(504320K)] 1491188K->1272892K(1902592K), 0.1317973 secs] [Times: user=0.79 sys=0.00, real=0.13 secs] 
5123.223: [GC (Allocation Failure) [PSYoungGen: 404576K->153440K(461824K)] 1581116K->1420982K(1860096K), 0.0560700 secs] [Times: user=0.33 sys=0.01, real=0.06 secs] 
5123.279: [Full GC (Ergonomics) [PSYoungGen: 153440K->0K(461824K)] [ParOldGen: 1267542K->219031K(1398272K)] 1420982K->219031K(1860096K), [Metaspace: 59698K->59698K(1105920K)], 0.5250893 secs] [Times: user=2.44 sys=0.00, real=0.52 secs] 
5127.010: [GC (Allocation Failure) [PSYoungGen: 308224K->89664K(501248K)] 527255K->308695K(1899520K), 0.0860961 secs] [Times: user=0.51 sys=0.00, real=0.09 secs] 
5127.688: [GC (GCLocker Initiated GC) [PSYoungGen: 392768K->149568K(453120K)] 611800K->453257K(1851392K), 0.0772783 secs] [Times: user=0.46 sys=0.00, real=0.07 secs] 
5130.943: [GC (Allocation Failure) [PSYoungGen: 452672K->90688K(500224K)] 756364K->544068K(1898496K), 0.1531428 secs] [Times: user=0.91 sys=0.00, real=0.15 secs] 
5131.398: [GC (Allocation Failure) [PSYoungGen: 391232K->148224K(449024K)] 844612K->686940K(1847296K), 0.0534445 secs] [Times: user=0.32 sys=0.00, real=0.05 secs] 
5134.476: [GC (Allocation Failure) [PSYoungGen: 448768K->89056K(499712K)] 987484K->775681K(1897984K), 0.1646470 secs] [Times: user=0.99 sys=0.00, real=0.17 secs] 
5135.571: [GC (Allocation Failure) [PSYoungGen: 384010K->140288K(440320K)] 1070635K->912473K(1838592K), 0.0485235 secs] [Times: user=0.28 sys=0.00, real=0.05 secs] 
5137.305: [GC (Allocation Failure) [PSYoungGen: 439808K->100096K(501248K)] 1211993K->1003629K(1899520K), 0.1589079 secs] [Times: user=0.94 sys=0.00, real=0.16 secs] 
5138.684: [GC (Allocation Failure) [PSYoungGen: 403200K->147200K(497664K)] 1306733K->1147606K(1895936K), 0.0779164 secs] [Times: user=0.46 sys=0.00, real=0.08 secs] 
5141.196: [GC (Allocation Failure) [PSYoungGen: 450304K->96608K(501760K)] 1450710K->1236174K(1900032K), 0.1461085 secs] [Times: user=0.87 sys=0.00, real=0.15 secs] 
5142.785: [GC (Allocation Failure) [PSYoungGen: 403808K->149440K(456704K)] 1543374K->1382151K(1854976K), 0.0492054 secs] [Times: user=0.29 sys=0.00, real=0.05 secs] 
5142.834: [Full GC (Ergonomics) [PSYoungGen: 149440K->0K(456704K)] [ParOldGen: 1232711K->188806K(1398272K)] 1382151K->188806K(1854976K), [Metaspace: 59735K->59735K(1105920K)], 0.4677906 secs] [Times: user=2.17 sys=0.00, real=0.47 secs] 
5144.981: [GC (Allocation Failure) [PSYoungGen: 307200K->99072K(504320K)] 496006K->287878K(1902592K), 0.0958618 secs] [Times: user=0.57 sys=0.00, real=0.10 secs] 
5146.586: [GC (Allocation Failure) [PSYoungGen: 405760K->145696K(501248K)] 594566K->430567K(1899520K), 0.0495059 secs] [Times: user=0.29 sys=0.00, real=0.05 secs] 
5148.383: [GC (Allocation Failure) [PSYoungGen: 452384K->104256K(498688K)] 737255K->526339K(1896960K), 0.0848435 secs] [Times: user=0.51 sys=0.00, real=0.09 secs] 
5149.570: [GC (GCLocker Initiated GC) [PSYoungGen: 412480K->146560K(500736K)] 834563K->670072K(1899008K), 0.0512633 secs] [Times: user=0.30 sys=0.01, real=0.05 secs] 
5152.840: [GC (Allocation Failure) [PSYoungGen: 454784K->101888K(502272K)] 978299K->763259K(1900544K), 0.0802040 secs] [Times: user=0.47 sys=0.00, real=0.08 secs] 
5155.775: [GC (GCLocker Initiated GC) [PSYoungGen: 413696K->144320K(503296K)] 1075067K->905620K(1901568K), 0.0995594 secs] [Times: user=0.59 sys=0.01, real=0.10 secs] 
5159.548: [GC (Allocation Failure) [PSYoungGen: 456128K->103776K(502272K)] 1217476K->1001076K(1900544K), 0.0777968 secs] [Times: user=0.45 sys=0.01, real=0.07 secs] 
5161.737: [GC (Allocation Failure) [PSYoungGen: 418656K->148896K(504320K)] 1315956K->1147754K(1902592K), 0.0526335 secs] [Times: user=0.31 sys=0.00, real=0.05 secs] 
5164.421: [GC (Allocation Failure) [PSYoungGen: 463776K->105632K(505344K)] 1462634K->1244802K(1903616K), 0.0668333 secs] [Times: user=0.38 sys=0.00, real=0.07 secs] 
5165.760: [GC (Allocation Failure) [PSYoungGen: 422560K->152032K(505856K)] 1561730K->1393867K(1904128K), 0.0546001 secs] [Times: user=0.32 sys=0.00, real=0.05 secs] 
5165.814: [Full GC (Ergonomics) [PSYoungGen: 152032K->0K(505856K)] [ParOldGen: 1241835K->190365K(1398272K)] 1393867K->190365K(1904128K), [Metaspace: 59735K->59735K(1105920K)], 0.4681025 secs] [Times: user=2.18 sys=0.00, real=0.47 secs] 
5168.383: [GC (Allocation Failure) [PSYoungGen: 316928K->105184K(506880K)] 507293K->295549K(1905152K), 0.0680492 secs] [Times: user=0.40 sys=0.01, real=0.07 secs] 
5169.762: [GC (Allocation Failure) [PSYoungGen: 421088K->150912K(466944K)] 611453K->443515K(1865216K), 0.1302904 secs] [Times: user=0.77 sys=0.00, real=0.13 secs] 
5172.335: [GC (Allocation Failure) [PSYoungGen: 466816K->107872K(508928K)] 759419K->542875K(1907200K), 0.1073373 secs] [Times: user=0.63 sys=0.00, real=0.11 secs] 
5173.343: [GC (Allocation Failure) [PSYoungGen: 408103K->142880K(505344K)] 843106K->682773K(1903616K), 0.0863600 secs] [Times: user=0.52 sys=0.00, real=0.09 secs] 
5175.808: [GC (Allocation Failure) [PSYoungGen: 458272K->107200K(505856K)] 998165K->781589K(1904128K), 0.1231381 secs] [Times: user=0.74 sys=0.00, real=0.12 secs] 
5176.390: [GC (Allocation Failure) [PSYoungGen: 425664K->170432K(488960K)] 1100053K->948483K(1887232K), 0.0540361 secs] [Times: user=0.32 sys=0.00, real=0.05 secs] 
5178.801: [GC (Allocation Failure) [PSYoungGen: 488896K->99168K(502784K)] 1266947K->1030759K(1901056K), 0.1453397 secs] [Times: user=0.86 sys=0.01, real=0.14 secs] 
5180.388: [GC (GCLocker Initiated GC) [PSYoungGen: 404320K->150080K(455680K)] 1335911K->1175396K(1853952K), 0.1172775 secs] [Times: user=0.70 sys=0.00, real=0.11 secs] 
5183.059: [GC (Allocation Failure) [PSYoungGen: 455232K->87488K(500736K)] 1484646K->1267094K(1899008K), 0.1713826 secs] [Times: user=1.02 sys=0.00, real=0.17 secs] 
5183.938: [GC (Allocation Failure) [PSYoungGen: 390080K->150816K(453632K)] 1569686K->1416139K(1851904K), 0.0673929 secs] [Times: user=0.40 sys=0.00, real=0.06 secs] 
5184.005: [Full GC (Ergonomics) [PSYoungGen: 150816K->0K(453632K)] [ParOldGen: 1265323K->208803K(1398272K)] 1416139K->208803K(1851904K), [Metaspace: 59735K->59735K(1105920K)], 0.4975405 secs] [Times: user=2.28 sys=0.00, real=0.50 secs] 
5187.105: [GC (Allocation Failure) [PSYoungGen: 302592K->89472K(499200K)] 511395K->298275K(1897472K), 0.1306704 secs] [Times: user=0.77 sys=0.01, real=0.13 secs] 
5188.019: [GC (Allocation Failure) [PSYoungGen: 379205K->139456K(438272K)] 588008K->434612K(1836544K), 0.0761052 secs] [Times: user=0.45 sys=0.01, real=0.07 secs] 
5191.062: [GC (Allocation Failure) [PSYoungGen: 437952K->96448K(499200K)] 733108K->522572K(1897472K), 0.0837690 secs] [Times: user=0.50 sys=0.01, real=0.08 secs] 
5191.919: [GC (Allocation Failure) [PSYoungGen: 397504K->145984K(496640K)] 823628K->665173K(1894912K), 0.0483529 secs] [Times: user=0.29 sys=0.00, real=0.05 secs] 
5194.404: [GC (Allocation Failure) [PSYoungGen: 447040K->99456K(498688K)] 966229K->755901K(1896960K), 0.0708733 secs] [Times: user=0.42 sys=0.00, real=0.07 secs] 
5196.667: [GC (Allocation Failure) [PSYoungGen: 405632K->145856K(500224K)] 1062077K->898298K(1898496K), 0.0500169 secs] [Times: user=0.30 sys=0.00, real=0.05 secs] 
5197.834: [GC (Allocation Failure) [PSYoungGen: 452032K->104000K(499200K)] 1204474K->993594K(1897472K), 0.0652131 secs] [Times: user=0.39 sys=0.00, real=0.07 secs] 
5200.845: [GC (Allocation Failure) [PSYoungGen: 413248K->145312K(501248K)] 1302842K->1135687K(1899520K), 0.0513613 secs] [Times: user=0.30 sys=0.00, real=0.06 secs] 
5202.278: [GC (Allocation Failure) [PSYoungGen: 454560K->106336K(501248K)] 1444935K->1233191K(1899520K), 0.0927694 secs] [Times: user=0.55 sys=0.00, real=0.09 secs] 
5204.935: [GC (Allocation Failure) [PSYoungGen: 419680K->145408K(503296K)] 1546535K->1375617K(1901568K), 0.1286016 secs] [Times: user=0.71 sys=0.01, real=0.13 secs] 
5205.064: [Full GC (Ergonomics) [PSYoungGen: 145408K->0K(503296K)] [ParOldGen: 1230209K->183363K(1398272K)] 1375617K->183363K(1901568K), [Metaspace: 59735K->59735K(1105920K)], 0.4744749 secs] [Times: user=2.18 sys=0.00, real=0.48 secs] 
5207.965: [GC (Allocation Failure) [PSYoungGen: 313344K->105056K(504320K)] 496707K->288419K(1902592K), 0.0328803 secs] [Times: user=0.20 sys=0.00, real=0.04 secs] 
5209.503: [GC (Allocation Failure) [PSYoungGen: 422496K->152288K(505856K)] 605859K->437776K(1904128K), 0.0523992 secs] [Times: user=0.31 sys=0.00, real=0.05 secs] 
5212.405: [GC (Allocation Failure) [PSYoungGen: 469728K->106752K(507392K)] 755216K->536096K(1905664K), 0.1628871 secs] [Times: user=0.96 sys=0.00, real=0.17 secs] 
5214.247: [GC (Allocation Failure) [PSYoungGen: 419793K->150944K(506368K)] 849138K->682593K(1904640K), 0.0517311 secs] [Times: user=0.31 sys=0.00, real=0.05 secs] 
5218.124: [GC (Allocation Failure) [PSYoungGen: 467872K->103040K(506880K)] 999521K->776933K(1905152K), 0.1758768 secs] [Times: user=1.04 sys=0.01, real=0.18 secs] 
5219.789: [GC (Allocation Failure) [PSYoungGen: 406912K->147776K(506368K)] 1080806K->920894K(1904640K), 0.0511277 secs] [Times: user=0.30 sys=0.00, real=0.05 secs] 
5221.933: [GC (Allocation Failure) [PSYoungGen: 464192K->106464K(505344K)] 1237310K->1018910K(1903616K), 0.1613854 secs] [Times: user=0.96 sys=0.00, real=0.16 secs] 
5223.208: [GC (Allocation Failure) [PSYoungGen: 409831K->143808K(505856K)] 1322278K->1159191K(1904128K), 0.0753113 secs] [Times: user=0.45 sys=0.00, real=0.07 secs] 
5225.515: [GC (Allocation Failure) [PSYoungGen: 460224K->106624K(503808K)] 1475607K->1257823K(1902080K), 0.1704718 secs] [Times: user=1.01 sys=0.01, real=0.17 secs] 
5226.795: [GC (Allocation Failure) [PSYoungGen: 412895K->143808K(506368K)] 1564094K->1398425K(1904640K), 0.0947127 secs] [Times: user=0.56 sys=0.01, real=0.10 secs] 
5226.889: [Full GC (Ergonomics) [PSYoungGen: 143808K->0K(506368K)] [ParOldGen: 1254617K->196004K(1398272K)] 1398425K->196004K(1904640K), [Metaspace: 59735K->59735K(1105920K)], 0.5074887 secs] [Times: user=2.39 sys=0.00, real=0.51 secs] 
5230.963: [GC (Allocation Failure) [PSYoungGen: 319488K->104096K(507904K)] 515492K->300100K(1906176K), 0.0949988 secs] [Times: user=0.56 sys=0.01, real=0.10 secs] 
5232.127: [GC (Allocation Failure) [PSYoungGen: 412578K->145984K(509440K)] 608582K->442979K(1907712K), 0.1348344 secs] [Times: user=0.80 sys=0.00, real=0.13 secs] 
5234.195: [GC (Allocation Failure) [PSYoungGen: 470080K->112032K(508416K)] 767075K->546923K(1906688K), 0.1377689 secs] [Times: user=0.82 sys=0.01, real=0.14 secs] 
5234.932: [GC (Allocation Failure) [PSYoungGen: 438176K->157632K(483840K)] 873067K->700920K(1882112K), 0.0762970 secs] [Times: user=0.45 sys=0.00, real=0.08 secs] 
5237.739: [GC (Allocation Failure) [PSYoungGen: 483776K->101440K(510464K)] 1027064K->802120K(1908736K), 0.1200734 secs] [Times: user=0.71 sys=0.00, real=0.12 secs] 
5239.206: [GC (Allocation Failure) [PSYoungGen: 421952K->157536K(478208K)] 1122632K->954389K(1876480K), 0.1328509 secs] [Times: user=0.78 sys=0.01, real=0.14 secs] 
5242.246: [GC (Allocation Failure) [PSYoungGen: 478048K->99008K(506368K)] 1274901K->1053373K(1904640K), 0.1362011 secs] [Times: user=0.80 sys=0.00, real=0.14 secs] 
5242.940: [GC (Allocation Failure) [PSYoungGen: 411328K->155808K(468480K)] 1365693K->1203534K(1866752K), 0.0864172 secs] [Times: user=0.52 sys=0.00, real=0.09 secs] 
5246.276: [GC (Allocation Failure) [PSYoungGen: 468128K->92544K(502272K)] 1515854K->1296254K(1900544K), 0.1297910 secs] [Times: user=0.63 sys=0.01, real=0.13 secs] 
5246.406: [Full GC (Ergonomics) [PSYoungGen: 92544K->0K(502272K)] [ParOldGen: 1203710K->95290K(1398272K)] 1296254K->95290K(1900544K), [Metaspace: 59736K->59736K(1105920K)], 0.2356658 secs] [Times: user=1.08 sys=0.00, real=0.24 secs] 
5247.072: [GC (GCLocker Initiated GC) [PSYoungGen: 305152K->149152K(454656K)] 400442K->244442K(1852928K), 0.0597290 secs] [Times: user=0.36 sys=0.00, real=0.06 secs] 
5248.839: [GC (Allocation Failure) [PSYoungGen: 454304K->96032K(502272K)] 549597K->340261K(1900544K), 0.1024234 secs] [Times: user=0.61 sys=0.01, real=0.10 secs] 
5249.458: [GC (Allocation Failure) [PSYoungGen: 400160K->149856K(454144K)] 644389K->484526K(1852416K), 0.0913614 secs] [Times: user=0.54 sys=0.00, real=0.09 secs] 
5251.983: [GC (Allocation Failure) [PSYoungGen: 453984K->91040K(501248K)] 788654K->575514K(1899520K), 0.1021924 secs] [Times: user=0.61 sys=0.00, real=0.10 secs] 
5254.061: [GC (Allocation Failure) [PSYoungGen: 393632K->162368K(465408K)] 878106K->732315K(1863680K), 0.1065581 secs] [Times: user=0.63 sys=0.00, real=0.11 secs] 
5256.973: [GC (Allocation Failure) [PSYoungGen: 464960K->90368K(495616K)] 1034907K->806323K(1893888K), 0.1265742 secs] [Times: user=0.74 sys=0.00, real=0.13 secs] 
5257.819: [GC (Allocation Failure) [PSYoungGen: 381184K->142560K(433664K)] 1097139K->943627K(1831936K), 0.1041564 secs] [Times: user=0.61 sys=0.00, real=0.10 secs] 
5260.858: [GC (Allocation Failure) [PSYoungGen: 433376K->84448K(493568K)] 1234443K->1028076K(1891840K), 0.1627941 secs] [Times: user=0.97 sys=0.00, real=0.16 secs] 
5261.530: [GC (Allocation Failure) [PSYoungGen: 375776K->144096K(493056K)] 1319404K->1166525K(1891328K), 0.0515502 secs] [Times: user=0.31 sys=0.00, real=0.05 secs] 
5264.474: [GC (GCLocker Initiated GC) [PSYoungGen: 435424K->86368K(494592K)] 1457853K->1252661K(1892864K), 0.1108734 secs] [Times: user=0.66 sys=0.00, real=0.11 secs] 
5265.620: [GC (Allocation Failure) [PSYoungGen: 381280K->140256K(495616K)] 1547576K->1389689K(1893888K), 0.1050257 secs] [Times: user=0.62 sys=0.00, real=0.10 secs] 
5265.725: [Full GC (Ergonomics) [PSYoungGen: 140256K->0K(495616K)] [ParOldGen: 1249433K->191251K(1398272K)] 1389689K->191251K(1893888K), [Metaspace: 59736K->59736K(1105920K)], 0.5118158 secs] [Times: user=2.44 sys=0.00, real=0.52 secs] 
5268.054: [GC (Allocation Failure) [PSYoungGen: 294912K->97760K(490496K)] 486163K->289012K(1888768K), 0.0357175 secs] [Times: user=0.21 sys=0.00, real=0.04 secs] 
5269.433: [GC (Allocation Failure) [PSYoungGen: 395744K->143552K(494592K)] 586996K->429749K(1892864K), 0.0495263 secs] [Times: user=0.29 sys=0.00, real=0.05 secs] 
5271.714: [GC (Allocation Failure) [PSYoungGen: 441536K->100416K(495104K)] 727733K->521537K(1893376K), 0.0693375 secs] [Times: user=0.42 sys=0.00, real=0.07 secs] 
5272.392: [GC (Allocation Failure) [PSYoungGen: 405056K->146944K(498176K)] 826177K->666718K(1896448K), 0.0523400 secs] [Times: user=0.31 sys=0.00, real=0.05 secs] 
5275.075: [GC (Allocation Failure) [PSYoungGen: 451584K->99360K(501248K)] 971358K->757902K(1899520K), 0.0649829 secs] [Times: user=0.39 sys=0.00, real=0.07 secs] 
5276.045: [GC (Allocation Failure) [PSYoungGen: 408096K->146112K(501760K)] 1066638K->902347K(1900032K), 0.0593131 secs] [Times: user=0.35 sys=0.00, real=0.06 secs] 
5278.743: [GC (Allocation Failure) [PSYoungGen: 454848K->103552K(500736K)] 1211083K->997619K(1899008K), 0.0665407 secs] [Times: user=0.39 sys=0.00, real=0.07 secs] 
5279.679: [GC (Allocation Failure) [PSYoungGen: 414336K->147616K(502272K)] 1308403K->1143536K(1900544K), 0.0821290 secs] [Times: user=0.49 sys=0.00, real=0.08 secs] 
5283.352: [GC (Allocation Failure) [PSYoungGen: 458400K->104672K(502784K)] 1454320K->1239640K(1901056K), 0.0652595 secs] [Times: user=0.39 sys=0.00, real=0.07 secs] 
5285.412: [GC (Allocation Failure) [PSYoungGen: 418016K->145760K(503808K)] 1552984K->1383565K(1902080K), 0.0537238 secs] [Times: user=0.32 sys=0.01, real=0.05 secs] 
5285.466: [Full GC (Ergonomics) [PSYoungGen: 145760K->0K(503808K)] [ParOldGen: 1237805K->179285K(1398272K)] 1383565K->179285K(1902080K), [Metaspace: 59736K->59736K(1105920K)], 0.4340005 secs] [Times: user=2.00 sys=0.01, real=0.44 secs] 
5286.969: [GC (Allocation Failure) [PSYoungGen: 313344K->108128K(502272K)] 492629K->287413K(1900544K), 0.0336794 secs] [Times: user=0.20 sys=0.00, real=0.03 secs] 
5288.741: [GC (Allocation Failure) [PSYoungGen: 424032K->157440K(504320K)] 603317K->441374K(1902592K), 0.0535747 secs] [Times: user=0.32 sys=0.00, real=0.05 secs] 
5290.629: [GC (Allocation Failure) [PSYoungGen: 473344K->108832K(506880K)] 757278K->533230K(1905152K), 0.1081430 secs] [Times: user=0.64 sys=0.01, real=0.11 secs] 
5291.875: [GC (Allocation Failure) [PSYoungGen: 422176K->151296K(504320K)] 846574K->681443K(1902592K), 0.0859740 secs] [Times: user=0.51 sys=0.00, real=0.09 secs] 
5294.921: [GC (Allocation Failure) [PSYoungGen: 464640K->102592K(505344K)] 994787K->775627K(1903616K), 0.1695439 secs] [Times: user=1.01 sys=0.01, real=0.17 secs] 
5295.566: [GC (Allocation Failure) [PSYoungGen: 405820K->147904K(504832K)] 1078856K->920088K(1903104K), 0.0511636 secs] [Times: user=0.30 sys=0.00, real=0.06 secs] 
5298.552: [GC (Allocation Failure) [PSYoungGen: 461248K->101440K(505344K)] 1233432K->1013360K(1903616K), 0.1069538 secs] [Times: user=0.64 sys=0.00, real=0.11 secs] 
5299.301: [GC (Allocation Failure) [PSYoungGen: 406849K->148416K(505344K)] 1318770K->1159034K(1903616K), 0.0725318 secs] [Times: user=0.42 sys=0.00, real=0.07 secs] 
5302.299: [GC (Allocation Failure) [PSYoungGen: 462272K->102368K(504320K)] 1472890K->1253314K(1902592K), 0.1123868 secs] [Times: user=0.67 sys=0.00, real=0.11 secs] 
5304.182: [GC (Allocation Failure) [PSYoungGen: 416224K->147360K(504832K)] 1567170K->1397487K(1903104K), 0.0961995 secs] [Times: user=0.58 sys=0.00, real=0.10 secs] 
5304.278: [Full GC (Ergonomics) [PSYoungGen: 147360K->0K(504832K)] [ParOldGen: 1250127K->195699K(1398272K)] 1397487K->195699K(1903104K), [Metaspace: 59736K->59736K(1105920K)], 0.5078833 secs] [Times: user=2.40 sys=0.01, real=0.50 secs] 
5307.247: [GC (Allocation Failure) [PSYoungGen: 313856K->104608K(503808K)] 509555K->300307K(1902080K), 0.0869855 secs] [Times: user=0.51 sys=0.00, real=0.08 secs] 
5308.025: [GC (Allocation Failure) [PSYoungGen: 412620K->146656K(504832K)] 608319K->443728K(1903104K), 0.0496320 secs] [Times: user=0.30 sys=0.01, real=0.05 secs] 
5311.132: [GC (Allocation Failure) [PSYoungGen: 461536K->106432K(504320K)] 758608K->541248K(1902592K), 0.1573116 secs] [Times: user=0.94 sys=0.00, real=0.16 secs] 
5312.027: [GC (Allocation Failure) [PSYoungGen: 412485K->144640K(505856K)] 847301K->682067K(1904128K), 0.0506526 secs] [Times: user=0.30 sys=0.00, real=0.05 secs] 
5313.691: [GC (Allocation Failure) [PSYoungGen: 462080K->111488K(503808K)] 999507K->784859K(1902080K), 0.1718413 secs] [Times: user=1.02 sys=0.00, real=0.17 secs] 
5314.417: [GC (GCLocker Initiated GC) [PSYoungGen: 432000K->154592K(506368K)] 1105371K->936344K(1904640K), 0.0647818 secs] [Times: user=0.38 sys=0.00, real=0.06 secs] 
5317.685: [GC (Allocation Failure) [PSYoungGen: 475104K->96224K(508928K)] 1256858K->1032258K(1907200K), 0.1444859 secs] [Times: user=0.86 sys=0.00, real=0.15 secs] 
5318.164: [GC (GCLocker Initiated GC) [PSYoungGen: 414176K->156704K(475136K)] 1350210K->1183536K(1873408K), 0.0562762 secs] [Times: user=0.33 sys=0.00, real=0.06 secs] 
5322.030: [GC (Allocation Failure) [PSYoungGen: 474656K->93856K(504320K)] 1501491K->1277531K(1902592K), 0.1652461 secs] [Times: user=0.98 sys=0.00, real=0.16 secs] 
5322.453: [GC (Allocation Failure) [PSYoungGen: 403104K->152704K(462336K)] 1586779K->1424418K(1860608K), 0.0557570 secs] [Times: user=0.33 sys=0.00, real=0.06 secs] 
5322.508: [Full GC (Ergonomics) [PSYoungGen: 152704K->0K(462336K)] [ParOldGen: 1271714K->221959K(1398272K)] 1424418K->221959K(1860608K), [Metaspace: 59736K->59736K(1105920K)], 0.5338875 secs] [Times: user=2.49 sys=0.00, real=0.53 secs] 
5326.831: [GC (Allocation Failure) [PSYoungGen: 309248K->86848K(501248K)] 531207K->308807K(1899520K), 0.1291712 secs] [Times: user=0.77 sys=0.01, real=0.13 secs] 
5327.730: [GC (Allocation Failure) [PSYoungGen: 390464K->149952K(453632K)] 612423K->452763K(1851904K), 0.0525336 secs] [Times: user=0.31 sys=0.00, real=0.05 secs] 
5329.316: [GC (Allocation Failure) [PSYoungGen: 453568K->94432K(500736K)] 756379K->546907K(1899008K), 0.1004448 secs] [Times: user=0.59 sys=0.00, real=0.10 secs] 
5329.947: [GC (Allocation Failure) [PSYoungGen: 394976K->148160K(498688K)] 847451K->689528K(1896960K), 0.0817742 secs] [Times: user=0.48 sys=0.01, real=0.08 secs] 
5334.684: [GC (Allocation Failure) [PSYoungGen: 448704K->85344K(499712K)] 990072K->774896K(1897984K), 0.1481626 secs] [Times: user=0.88 sys=0.00, real=0.15 secs] 
5335.679: [GC (Allocation Failure) [PSYoungGen: 379882K->141216K(498688K)] 1069435K->912353K(1896960K), 0.0487621 secs] [Times: user=0.28 sys=0.00, real=0.05 secs] 
5337.215: [GC (Allocation Failure) [PSYoungGen: 440736K->102592K(492544K)] 1211873K->1006277K(1890816K), 0.1128196 secs] [Times: user=0.67 sys=0.00, real=0.12 secs] 
5338.544: [GC (Allocation Failure) [PSYoungGen: 403136K->144992K(495616K)] 1306821K->1148005K(1893888K), 0.0775819 secs] [Times: user=0.46 sys=0.00, real=0.08 secs] 
5341.900: [GC (Allocation Failure) [PSYoungGen: 445536K->94240K(500224K)] 1448549K->1234173K(1898496K), 0.0795641 secs] [Times: user=0.46 sys=0.00, real=0.08 secs] 
5342.576: [GC (Allocation Failure) [PSYoungGen: 401440K->150368K(501248K)] 1541373K->1381350K(1899520K), 0.0500324 secs] [Times: user=0.29 sys=0.00, real=0.05 secs] 
5342.626: [Full GC (Ergonomics) [PSYoungGen: 150368K->0K(501248K)] [ParOldGen: 1230982K->188067K(1398272K)] 1381350K->188067K(1899520K), [Metaspace: 59736K->59736K(1105920K)], 0.4542507 secs] [Times: user=2.10 sys=0.00, real=0.46 secs] 
5344.620: [GC (Allocation Failure) [PSYoungGen: 307200K->100480K(501760K)] 495267K->288547K(1900032K), 0.0409869 secs] [Times: user=0.25 sys=0.00, real=0.04 secs] 
5346.038: [GC (Allocation Failure) [PSYoungGen: 407168K->148960K(501248K)] 595235K->434196K(1899520K), 0.0503160 secs] [Times: user=0.30 sys=0.00, real=0.05 secs] 
5348.135: [GC (Allocation Failure) [PSYoungGen: 455648K->102400K(499712K)] 740884K->528236K(1897984K), 0.0664051 secs] [Times: user=0.39 sys=0.01, real=0.07 secs] 
5350.464: [GC (Allocation Failure) [PSYoungGen: 409600K->145280K(500736K)] 835436K->669981K(1899008K), 0.0507207 secs] [Times: user=0.30 sys=0.00, real=0.05 secs] 
5351.880: [GC (Allocation Failure) [PSYoungGen: 452480K->105280K(499712K)] 977181K->766181K(1897984K), 0.0818385 secs] [Times: user=0.48 sys=0.00, real=0.08 secs] 
5352.561: [GC (Allocation Failure) [PSYoungGen: 415552K->149792K(501760K)] 1076453K->912822K(1900032K), 0.0529460 secs] [Times: user=0.32 sys=0.00, real=0.05 secs] 
5354.489: [GC (Allocation Failure) [PSYoungGen: 460064K->102464K(504320K)] 1223094K->1006630K(1902592K), 0.1420905 secs] [Times: user=0.85 sys=0.00, real=0.14 secs] 
5355.916: [GC (GCLocker Initiated GC) [PSYoungGen: 415296K->151584K(464896K)] 1319463K->1155217K(1863168K), 0.0558124 secs] [Times: user=0.33 sys=0.00, real=0.06 secs] 
5358.098: [GC (Allocation Failure) [PSYoungGen: 464416K->101760K(506368K)] 1468082K->1248890K(1904640K), 0.1482472 secs] [Times: user=0.88 sys=0.01, real=0.14 secs] 
5359.435: [GC (GCLocker Initiated GC) [PSYoungGen: 413056K->149920K(461312K)] 1560187K->1395176K(1859584K), 0.0849273 secs] [Times: user=0.50 sys=0.00, real=0.09 secs] 
5359.519: [Full GC (Ergonomics) [PSYoungGen: 149920K->0K(461312K)] [ParOldGen: 1245256K->193169K(1398272K)] 1395176K->193169K(1859584K), [Metaspace: 59736K->59736K(1105920K)], 0.4907486 secs] [Times: user=2.31 sys=0.00, real=0.49 secs] 
5362.987: [GC (Allocation Failure) [PSYoungGen: 311296K->100640K(505856K)] 504467K->293811K(1904128K), 0.1003572 secs] [Times: user=0.60 sys=0.00, real=0.10 secs] 
5364.599: [GC (Allocation Failure) [PSYoungGen: 410912K->149632K(503296K)] 604083K->440073K(1901568K), 0.0495408 secs] [Times: user=0.30 sys=0.00, real=0.05 secs] 
5366.085: [GC (Allocation Failure) [PSYoungGen: 459904K->106016K(501248K)] 750345K->537157K(1899520K), 0.0789328 secs] [Times: user=0.47 sys=0.00, real=0.08 secs] 
5367.145: [GC (Allocation Failure) [PSYoungGen: 409857K->147840K(502272K)] 840999K->682067K(1900544K), 0.1024678 secs] [Times: user=0.61 sys=0.01, real=0.11 secs] 
5369.611: [GC (Allocation Failure) [PSYoungGen: 458112K->98816K(504832K)] 992339K->772771K(1903104K), 0.1632336 secs] [Times: user=0.89 sys=0.00, real=0.16 secs] 
5371.899: [GC (Allocation Failure) [PSYoungGen: 411648K->150272K(463360K)] 1085603K->919496K(1861632K), 0.0492198 secs] [Times: user=0.29 sys=0.00, real=0.05 secs] 
5374.320: [GC (Allocation Failure) [PSYoungGen: 463104K->102912K(506880K)] 1232328K->1013844K(1905152K), 0.1702953 secs] [Times: user=1.01 sys=0.01, real=0.17 secs] 
5375.688: [GC (Allocation Failure) [PSYoungGen: 414720K->149920K(503808K)] 1325652K->1160002K(1902080K), 0.0513198 secs] [Times: user=0.30 sys=0.00, real=0.05 secs] 
5379.255: [GC (Allocation Failure) [PSYoungGen: 461728K->101504K(504320K)] 1471810K->1253182K(1902592K), 0.1719969 secs] [Times: user=1.02 sys=0.00, real=0.18 secs] 
5380.272: [GC (Allocation Failure) [PSYoungGen: 407853K->149440K(503808K)] 1559532K->1398615K(1902080K), 0.0508183 secs] [Times: user=0.30 sys=0.00, real=0.05 secs] 
5380.323: [Full GC (Ergonomics) [PSYoungGen: 149440K->0K(503808K)] [ParOldGen: 1249175K->196235K(1398272K)] 1398615K->196235K(1902080K), [Metaspace: 59736K->59736K(1105920K)], 0.4827611 secs] [Times: user=2.25 sys=0.00, real=0.48 secs] 
5382.688: [GC (Allocation Failure) [PSYoungGen: 311296K->100064K(503808K)] 507531K->296299K(1902080K), 0.0915315 secs] [Times: user=0.54 sys=0.00, real=0.09 secs] 
5383.864: [GC (Allocation Failure) [PSYoungGen: 411360K->150944K(462336K)] 607595K->443425K(1860608K), 0.0488607 secs] [Times: user=0.29 sys=0.00, real=0.05 secs] 
5386.675: [GC (Allocation Failure) [PSYoungGen: 462240K->101664K(505856K)] 754721K->536737K(1904128K), 0.1388951 secs] [Times: user=0.82 sys=0.00, real=0.14 secs] 
5387.857: [GC (Allocation Failure) [PSYoungGen: 407882K->148736K(502784K)] 842956K->682106K(1901056K), 0.0497416 secs] [Times: user=0.30 sys=0.01, real=0.05 secs] 
5390.185: [GC (Allocation Failure) [PSYoungGen: 458496K->102880K(502272K)] 991866K->776810K(1900544K), 0.0930803 secs] [Times: user=0.55 sys=0.00, real=0.10 secs] 
5390.820: [GC (Allocation Failure) [PSYoungGen: 412667K->147232K(502784K)] 1086598K->921383K(1901056K), 0.0599491 secs] [Times: user=0.36 sys=0.00, real=0.06 secs] 
5393.286: [GC (GCLocker Initiated GC) [PSYoungGen: 457504K->100928K(503808K)] 1231655K->1014007K(1902080K), 0.1611094 secs] [Times: user=0.96 sys=0.00, real=0.17 secs] 
5394.837: [GC (Allocation Failure) [PSYoungGen: 413248K->141728K(504320K)] 1342716K->1168188K(1902592K), 0.2098831 secs] [Times: user=1.26 sys=0.00, real=0.21 secs] 
5397.676: [GC (Allocation Failure) [PSYoungGen: 454048K->95584K(504832K)] 1480508K->1263840K(1903104K), 0.4442899 secs] [Times: user=2.66 sys=0.00, real=0.45 secs] 
5398.563: [GC (Allocation Failure) [PSYoungGen: 410976K->153024K(468480K)] 1579232K->1413261K(1866752K), 0.0565214 secs] [Times: user=0.33 sys=0.00, real=0.06 secs] 
5398.619: [Full GC (Ergonomics) [PSYoungGen: 153024K->0K(468480K)] [ParOldGen: 1260237K->209928K(1398272K)] 1413261K->209928K(1866752K), [Metaspace: 59736K->59736K(1105920K)], 0.4983973 secs] [Times: user=2.33 sys=0.00, real=0.50 secs] 
5401.538: [GC (Allocation Failure) [PSYoungGen: 315392K->93920K(505344K)] 525320K->303848K(1903616K), 0.1767185 secs] [Times: user=1.06 sys=0.00, real=0.17 secs] 
5402.503: [GC (Allocation Failure) [PSYoungGen: 404704K->154720K(465920K)] 614632K->452227K(1864192K), 0.0534770 secs] [Times: user=0.32 sys=0.00, real=0.05 secs] 
5404.800: [GC (Allocation Failure) [PSYoungGen: 465504K->93120K(502272K)] 763011K->545291K(1900544K), 0.1567775 secs] [Times: user=0.93 sys=0.01, real=0.16 secs] 
5405.480: [GC (Allocation Failure) [PSYoungGen: 397248K->152000K(456192K)] 849419K->691316K(1854464K), 0.0539471 secs] [Times: user=0.32 sys=0.00, real=0.05 secs] 
5407.673: [GC (Allocation Failure) [PSYoungGen: 456128K->91776K(500736K)] 995444K->782952K(1899008K), 0.1184455 secs] [Times: user=0.71 sys=0.01, real=0.12 secs] 
5408.357: [GC (GCLocker Initiated GC) [PSYoungGen: 392320K->144896K(498688K)] 1083496K->922366K(1896960K), 0.0533422 secs] [Times: user=0.32 sys=0.00, real=0.05 secs] 
5411.630: [GC (Allocation Failure) [PSYoungGen: 445440K->91008K(497664K)] 1222913K->1012901K(1895936K), 0.1314360 secs] [Times: user=0.78 sys=0.00, real=0.13 secs] 
5412.609: [GC (Allocation Failure) [PSYoungGen: 389128K->143040K(498688K)] 1311022K->1152124K(1896960K), 0.0498175 secs] [Times: user=0.30 sys=0.00, real=0.05 secs] 
5415.003: [GC (Allocation Failure) [PSYoungGen: 444608K->100576K(495616K)] 1453692K->1243932K(1893888K), 0.0924144 secs] [Times: user=0.55 sys=0.00, real=0.09 secs] 
5416.661: [GC (Allocation Failure) [PSYoungGen: 404192K->144864K(498176K)] 1547548K->1385269K(1896448K), 0.0504628 secs] [Times: user=0.30 sys=0.00, real=0.05 secs] 
5416.711: [Full GC (Ergonomics) [PSYoungGen: 144864K->0K(498176K)] [ParOldGen: 1240405K->190510K(1398272K)] 1385269K->190510K(1896448K), [Metaspace: 59736K->59736K(1105920K)], 0.4665729 secs] [Times: user=2.16 sys=0.00, real=0.47 secs] 
5418.605: [GC (Allocation Failure) [PSYoungGen: 303616K->99168K(498688K)] 494126K->289678K(1896960K), 0.0565406 secs] [Times: user=0.33 sys=0.00, real=0.06 secs] 
5420.458: [GC (Allocation Failure) [PSYoungGen: 407392K->146144K(500736K)] 597902K->432051K(1899008K), 0.0488997 secs] [Times: user=0.29 sys=0.00, real=0.05 secs] 
5421.767: [GC (Allocation Failure) [PSYoungGen: 454368K->105920K(500736K)] 740275K->528507K(1899008K), 0.0772268 secs] [Times: user=0.46 sys=0.00, real=0.07 secs] 
5423.266: [GC (Allocation Failure) [PSYoungGen: 417216K->147487K(502272K)] 839803K->673360K(1900544K), 0.1260979 secs] [Times: user=0.75 sys=0.01, real=0.13 secs] 
5425.197: [GC (Allocation Failure) [PSYoungGen: 458783K->104448K(503296K)] 984656K->769680K(1901568K), 0.0883182 secs] [Times: user=0.53 sys=0.00, real=0.08 secs] 
5426.427: [GC (Allocation Failure) [PSYoungGen: 418816K->150080K(504320K)] 1084048K->916297K(1902592K), 0.0517892 secs] [Times: user=0.31 sys=0.00, real=0.05 secs] 
5428.643: [GC (Allocation Failure) [PSYoungGen: 464448K->106656K(505344K)] 1230665K->1014225K(1903616K), 0.1268981 secs] [Times: user=0.76 sys=0.00, real=0.13 secs] 
5429.296: [GC (Allocation Failure) [PSYoungGen: 408861K->147360K(505344K)] 1316431K->1158299K(1903616K), 0.0527271 secs] [Times: user=0.31 sys=0.00, real=0.06 secs] 
5431.898: [GC (Allocation Failure) [PSYoungGen: 462752K->102464K(505856K)] 1473691K->1252635K(1904128K), 0.0718261 secs] [Times: user=0.43 sys=0.01, real=0.07 secs] 
5432.726: [GC (Allocation Failure) [PSYoungGen: 412354K->147616K(506368K)] 1562525K->1397221K(1904640K), 0.0514797 secs] [Times: user=0.30 sys=0.00, real=0.06 secs] 
5432.778: [Full GC (Ergonomics) [PSYoungGen: 147616K->0K(506368K)] [ParOldGen: 1249605K->196108K(1398272K)] 1397221K->196108K(1904640K), [Metaspace: 59736K->59736K(1105920K)], 0.4803164 secs] [Times: user=2.23 sys=0.00, real=0.48 secs] 
5436.901: [GC (Allocation Failure) [PSYoungGen: 316928K->97792K(507392K)] 513036K->293900K(1905664K), 0.0941521 secs] [Times: user=0.56 sys=0.00, real=0.09 secs] 
5438.115: [GC (Allocation Failure) [PSYoungGen: 412180K->153376K(470528K)] 608289K->443269K(1868800K), 0.0486652 secs] [Times: user=0.29 sys=0.00, real=0.05 secs] 
5440.425: [GC (Allocation Failure) [PSYoungGen: 470304K->108256K(507904K)] 760197K->543125K(1906176K), 0.1376148 secs] [Times: user=0.81 sys=0.00, real=0.14 secs] 
5441.803: [GC (Allocation Failure) [PSYoungGen: 409237K->142880K(504320K)] 844107K->682102K(1902592K), 0.0513338 secs] [Times: user=0.31 sys=0.00, real=0.05 secs] 
5443.841: [GC (Allocation Failure) [PSYoungGen: 456224K->107136K(504832K)] 995446K->780422K(1903104K), 0.0973890 secs] [Times: user=0.58 sys=0.00, real=0.10 secs] 
5444.398: [GC (Allocation Failure) [PSYoungGen: 423552K->152448K(504320K)] 1096838K->929220K(1902592K), 0.0525569 secs] [Times: user=0.31 sys=0.00, real=0.05 secs] 
5449.194: [GC (Allocation Failure) [PSYoungGen: 468864K->94144K(507904K)] 1245636K->1023284K(1906176K), 0.1600647 secs] [Times: user=0.95 sys=0.00, real=0.16 secs] 
5450.314: [GC (Allocation Failure) [PSYoungGen: 410048K->152736K(468992K)] 1339188K->1171627K(1867264K), 0.0543817 secs] [Times: user=0.33 sys=0.00, real=0.06 secs] 
5452.646: [GC (Allocation Failure) [PSYoungGen: 468640K->100896K(506368K)] 1487531K->1271843K(1904640K), 0.1563018 secs] [Times: user=0.93 sys=0.00, real=0.16 secs] 
5453.254: [GC (Allocation Failure) [PSYoungGen: 412192K->153600K(465408K)] 1583139K->1420044K(1863680K), 0.0575194 secs] [Times: user=0.34 sys=0.01, real=0.06 secs] 
5453.311: [Full GC (Ergonomics) [PSYoungGen: 153600K->0K(465408K)] [ParOldGen: 1266444K->218120K(1398272K)] 1420044K->218120K(1863680K), [Metaspace: 59736K->59736K(1105920K)], 0.5248991 secs] [Times: user=2.45 sys=0.00, real=0.52 secs] 
5456.537: [GC (Allocation Failure) [PSYoungGen: 311296K->93600K(503296K)] 529416K->311720K(1901568K), 0.1232992 secs] [Times: user=0.73 sys=0.00, real=0.13 secs] 
5456.939: [GC (Allocation Failure) [PSYoungGen: 400288K->153952K(460800K)] 618408K->459953K(1859072K), 0.0553453 secs] [Times: user=0.33 sys=0.00, real=0.05 secs] 
5460.005: [GC (Allocation Failure) [PSYoungGen: 460640K->86976K(499712K)] 766641K->547033K(1897984K), 0.1625909 secs] [Times: user=0.97 sys=0.01, real=0.17 secs] 
5461.598: [GC (GCLocker Initiated GC) [PSYoungGen: 387008K->148192K(448512K)] 847065K->689218K(1846784K), 0.1338051 secs] [Times: user=0.79 sys=0.00, real=0.13 secs] 
5464.537: [GC (Allocation Failure) [PSYoungGen: 448224K->87040K(499200K)] 989255K->776335K(1897472K), 0.1532298 secs] [Times: user=0.91 sys=0.00, real=0.15 secs] 
5465.353: [GC (Allocation Failure) [PSYoungGen: 374103K->139072K(437760K)] 1063398K->911504K(1836032K), 0.0489512 secs] [Times: user=0.29 sys=0.00, real=0.05 secs] 
5467.083: [GC (Allocation Failure) [PSYoungGen: 437568K->96032K(500224K)] 1210000K->999120K(1898496K), 0.1189403 secs] [Times: user=0.70 sys=0.01, real=0.12 secs] 
5468.065: [GC (Allocation Failure) [PSYoungGen: 397600K->145888K(497152K)] 1300688K->1141309K(1895424K), 0.0499653 secs] [Times: user=0.30 sys=0.01, real=0.05 secs] 
5470.236: [GC (Allocation Failure) [PSYoungGen: 447456K->100000K(498176K)] 1442877K->1232197K(1896448K), 0.0666736 secs] [Times: user=0.40 sys=0.00, real=0.07 secs] 
5471.584: [GC (Allocation Failure) [PSYoungGen: 405664K->148800K(499712K)] 1537861K->1377710K(1897984K), 0.0537622 secs] [Times: user=0.30 sys=0.00, real=0.06 secs] 
5471.638: [Full GC (Ergonomics) [PSYoungGen: 148800K->0K(499712K)] [ParOldGen: 1228910K->185046K(1398272K)] 1377710K->185046K(1897984K), [Metaspace: 59736K->59716K(1105920K)], 0.4210573 secs] [Times: user=1.70 sys=0.00, real=0.42 secs] 
5473.679: [GC (Allocation Failure) [PSYoungGen: 305664K->100544K(500736K)] 490710K->285590K(1899008K), 0.0462861 secs] [Times: user=0.27 sys=0.00, real=0.04 secs] 
5475.428: [GC (Allocation Failure) [PSYoungGen: 408256K->147456K(501248K)] 593302K->430543K(1899520K), 0.0505681 secs] [Times: user=0.30 sys=0.00, real=0.05 secs] 
5477.541: [GC (Allocation Failure) [PSYoungGen: 455168K->101312K(501760K)] 738255K->523419K(1900032K), 0.0800352 secs] [Times: user=0.47 sys=0.00, real=0.08 secs] 
5478.903: [GC (Allocation Failure) [PSYoungGen: 410560K->146368K(502272K)] 832667K->667885K(1900544K), 0.0516938 secs] [Times: user=0.30 sys=0.00, real=0.05 secs] 
5480.537: [GC (Allocation Failure) [PSYoungGen: 455616K->105632K(499712K)] 977133K->764941K(1897984K), 0.0894324 secs] [Times: user=0.52 sys=0.01, real=0.09 secs] 
5482.257: [GC (Allocation Failure) [PSYoungGen: 416416K->147008K(501760K)] 1075725K->908547K(1900032K), 0.0530585 secs] [Times: user=0.29 sys=0.00, real=0.05 secs] 
5483.445: [GC (Allocation Failure) [PSYoungGen: 457792K->108928K(501760K)] 1219331K->1008699K(1900032K), 0.0938881 secs] [Times: user=0.56 sys=0.00, real=0.10 secs] 
5484.877: [GC (Allocation Failure) [PSYoungGen: 423808K->151232K(503808K)] 1323579K->1156888K(1902080K), 0.0803013 secs] [Times: user=0.47 sys=0.01, real=0.08 secs] 
5487.168: [GC (Allocation Failure) [PSYoungGen: 466112K->105280K(506880K)] 1471768K->1253936K(1905152K), 0.0682878 secs] [Times: user=0.41 sys=0.00, real=0.06 secs] 
5487.963: [GC (Allocation Failure) [PSYoungGen: 415044K->147264K(505856K)] 1563700K->1398200K(1904128K), 0.0670332 secs] [Times: user=0.39 sys=0.00, real=0.07 secs] 
5488.030: [Full GC (Ergonomics) [PSYoungGen: 147264K->0K(505856K)] [ParOldGen: 1250936K->196569K(1398272K)] 1398200K->196569K(1904128K), [Metaspace: 59717K->59717K(1105920K)], 0.4771930 secs] [Times: user=2.21 sys=0.00, real=0.48 secs] 
5490.984: [GC (Allocation Failure) [PSYoungGen: 315904K->105088K(504832K)] 512473K->301657K(1903104K), 0.0582680 secs] [Times: user=0.34 sys=0.00, real=0.06 secs] 
5491.821: [GC (Allocation Failure) [PSYoungGen: 422016K->154976K(472064K)] 618585K->453086K(1870336K), 0.0827254 secs] [Times: user=0.49 sys=0.00, real=0.08 secs] 
5495.023: [GC (Allocation Failure) [PSYoungGen: 471904K->94400K(505856K)] 770014K->547502K(1904128K), 0.1671529 secs] [Times: user=0.99 sys=0.01, real=0.17 secs] 
5495.921: [GC (Allocation Failure) [PSYoungGen: 406208K->150688K(462848K)] 859310K->694215K(1861120K), 0.0550249 secs] [Times: user=0.33 sys=0.00, real=0.05 secs] 
5498.072: [GC (Allocation Failure) [PSYoungGen: 458979K->92864K(504320K)] 1002506K->786671K(1902592K), 0.1692439 secs] [Times: user=1.01 sys=0.00, real=0.17 secs] 
5498.567: [GC (Allocation Failure) [PSYoungGen: 401088K->150592K(459264K)] 1094895K->933773K(1857536K), 0.0545495 secs] [Times: user=0.33 sys=0.00, real=0.05 secs] 
5501.610: [GC (Allocation Failure) [PSYoungGen: 458816K->94240K(502784K)] 1241997K->1028061K(1901056K), 0.1726432 secs] [Times: user=1.03 sys=0.00, real=0.17 secs] 
5502.340: [GC (Allocation Failure) [PSYoungGen: 399392K->149344K(454656K)] 1333213K->1171894K(1852928K), 0.0556067 secs] [Times: user=0.32 sys=0.02, real=0.05 secs] 
5504.059: [GC (Allocation Failure) [PSYoungGen: 454496K->96384K(502784K)] 1477046K->1267478K(1901056K), 0.1458177 secs] [Times: user=0.86 sys=0.01, real=0.14 secs] 
5504.539: [GC (Allocation Failure) [PSYoungGen: 400512K->152064K(456704K)] 1571606K->1413838K(1854976K), 0.0557608 secs] [Times: user=0.33 sys=0.00, real=0.05 secs] 
5504.595: [Full GC (Ergonomics) [PSYoungGen: 152064K->0K(456704K)] [ParOldGen: 1261774K->211020K(1398272K)] 1413838K->211020K(1854976K), [Metaspace: 59717K->59717K(1105920K)], 0.5041524 secs] [Times: user=2.37 sys=0.00, real=0.51 secs] 
5508.345: [GC (Allocation Failure) [PSYoungGen: 304128K->86208K(499712K)] 515148K->297228K(1897984K), 0.1534537 secs] [Times: user=0.91 sys=0.00, real=0.16 secs] 
5510.081: [GC (Allocation Failure) [PSYoungGen: 382177K->141408K(441856K)] 593197K->434364K(1840128K), 0.0481930 secs] [Times: user=0.28 sys=0.00, real=0.05 secs] 
5512.123: [GC (Allocation Failure) [PSYoungGen: 441440K->97344K(501760K)] 734396K->523420K(1900032K), 0.1756530 secs] [Times: user=1.04 sys=0.00, real=0.18 secs] 
5514.755: [GC (Allocation Failure) [PSYoungGen: 400448K->145120K(498688K)] 826524K->664573K(1896960K), 0.0495824 secs] [Times: user=0.30 sys=0.00, real=0.05 secs] 
5516.433: [GC (Allocation Failure) [PSYoungGen: 448224K->102368K(497664K)] 967677K->758541K(1895936K), 0.0647791 secs] [Times: user=0.38 sys=0.00, real=0.07 secs] 
5517.405: [GC (Allocation Failure) [PSYoungGen: 408544K->146272K(499712K)] 1064717K->901563K(1897984K), 0.0514687 secs] [Times: user=0.30 sys=0.00, real=0.06 secs] 
5519.031: [GC (Allocation Failure) [PSYoungGen: 452448K->105024K(499200K)] 1207739K->997259K(1897472K), 0.0839139 secs] [Times: user=0.50 sys=0.00, real=0.08 secs] 
5520.461: [GC (Allocation Failure) [PSYoungGen: 414784K->147520K(501248K)] 1307019K->1141636K(1899520K), 0.0528916 secs] [Times: user=0.31 sys=0.00, real=0.05 secs] 
5522.254: [GC (Allocation Failure) [PSYoungGen: 457280K->105504K(502784K)] 1451396K->1238156K(1901056K), 0.1168482 secs] [Times: user=0.69 sys=0.00, real=0.12 secs] 
5523.564: [GC (Allocation Failure) [PSYoungGen: 418848K->151136K(503808K)] 1551500K->1386114K(1902080K), 0.0546113 secs] [Times: user=0.33 sys=0.00, real=0.06 secs] 
5523.619: [Full GC (Ergonomics) [PSYoungGen: 151136K->0K(503808K)] [ParOldGen: 1234978K->193984K(1398272K)] 1386114K->193984K(1902080K), [Metaspace: 59717K->59717K(1105920K)], 0.4727405 secs] [Times: user=2.19 sys=0.00, real=0.47 secs] 
5525.611: [GC (GCLocker Initiated GC) [PSYoungGen: 313344K->106240K(504832K)] 507328K->300224K(1903104K), 0.0451198 secs] [Times: user=0.26 sys=0.00, real=0.04 secs] 
5526.534: [GC (GCLocker Initiated GC) [PSYoungGen: 420608K->142080K(504832K)] 630980K->454841K(1903104K), 0.2468551 secs] [Times: user=1.48 sys=0.00, real=0.25 secs] 
5529.079: [GC (Allocation Failure) [PSYoungGen: 456448K->95136K(505856K)] 769211K->549787K(1904128K), 0.4327749 secs] [Times: user=2.58 sys=0.01, real=0.43 secs] 
5530.213: [GC (Allocation Failure) [PSYoungGen: 412576K->155776K(473600K)] 867227K->699652K(1871872K), 0.0556422 secs] [Times: user=0.33 sys=0.01, real=0.06 secs] 
5533.004: [GC (Allocation Failure) [PSYoungGen: 473216K->96000K(505856K)] 1017092K->795312K(1904128K), 0.1344291 secs] [Times: user=0.80 sys=0.01, real=0.14 secs] 
5533.798: [GC (Allocation Failure) [PSYoungGen: 406784K->154784K(465920K)] 1106096K->943722K(1864192K), 0.0562357 secs] [Times: user=0.34 sys=0.00, real=0.05 secs] 
5536.412: [GC (Allocation Failure) [PSYoungGen: 465568K->96576K(503296K)] 1254506K->1040142K(1901568K), 0.1606019 secs] [Times: user=0.95 sys=0.00, real=0.16 secs] 
5536.818: [GC (Allocation Failure) [PSYoungGen: 401728K->150048K(455680K)] 1345294K->1184451K(1853952K), 0.0559247 secs] [Times: user=0.33 sys=0.00, real=0.05 secs] 
5540.838: [GC (Allocation Failure) [PSYoungGen: 455200K->88960K(501248K)] 1489603K->1272783K(1899520K), 0.1647858 secs] [Times: user=0.98 sys=0.00, real=0.16 secs] 
5541.353: [GC (Allocation Failure) [PSYoungGen: 391552K->149792K(452608K)] 1575375K->1416896K(1850880K), 0.0539080 secs] [Times: user=0.32 sys=0.00, real=0.05 secs] 
5541.406: [Full GC (Ergonomics) [PSYoungGen: 149792K->0K(452608K)] [ParOldGen: 1267104K->215207K(1398272K)] 1416896K->215207K(1850880K), [Metaspace: 59717K->59717K(1105920K)], 0.5157389 secs] [Times: user=2.41 sys=0.00, real=0.52 secs] 
5543.970: [GC (Allocation Failure) [PSYoungGen: 302592K->94592K(500736K)] 517799K->309799K(1899008K), 0.1305935 secs] [Times: user=0.78 sys=0.00, real=0.13 secs] 
5544.753: [GC (Allocation Failure) [PSYoungGen: 395136K->148256K(498688K)] 610343K->448487K(1896960K), 0.0525816 secs] [Times: user=0.31 sys=0.00, real=0.05 secs] 
5546.665: [GC (Allocation Failure) [PSYoungGen: 445463K->90656K(498688K)] 745695K->538831K(1896960K), 0.1396349 secs] [Times: user=0.83 sys=0.00, real=0.14 secs] 
5547.633: [GC (Allocation Failure) [PSYoungGen: 376659K->137760K(498688K)] 824834K->673620K(1896960K), 0.0947269 secs] [Times: user=0.56 sys=0.00, real=0.10 secs] 
5549.682: [GC (Allocation Failure) [PSYoungGen: 438304K->96160K(497152K)] 974164K->761612K(1895424K), 0.0850254 secs] [Times: user=0.50 sys=0.00, real=0.09 secs] 
5550.742: [GC (Allocation Failure) [PSYoungGen: 400288K->146624K(498176K)] 1065740K->904909K(1896448K), 0.0485118 secs] [Times: user=0.29 sys=0.00, real=0.05 secs] 
5553.003: [GC (Allocation Failure) [PSYoungGen: 450752K->100768K(500224K)] 1209037K->997273K(1898496K), 0.0639981 secs] [Times: user=0.38 sys=0.00, real=0.07 secs] 
5554.066: [GC (Allocation Failure) [PSYoungGen: 408992K->150272K(501248K)] 1305497K->1144598K(1899520K), 0.0514463 secs] [Times: user=0.31 sys=0.00, real=0.06 secs] 
5555.624: [GC (Allocation Failure) [PSYoungGen: 458496K->102560K(502272K)] 1452822K->1238806K(1900544K), 0.1152801 secs] [Times: user=0.69 sys=0.00, real=0.12 secs] 
5557.545: [GC (Allocation Failure) [PSYoungGen: 411808K->148896K(502272K)] 1548054K->1383867K(1900544K), 0.0510222 secs] [Times: user=0.30 sys=0.00, real=0.05 secs] 
5557.596: [Full GC (Ergonomics) [PSYoungGen: 148896K->0K(502272K)] [ParOldGen: 1234971K->189679K(1398272K)] 1383867K->189679K(1900544K), [Metaspace: 59717K->59717K(1105920K)], 0.4666087 secs] [Times: user=2.17 sys=0.00, real=0.47 secs] 
5559.782: [GC (Allocation Failure) [PSYoungGen: 309248K->105568K(500736K)] 498927K->295247K(1899008K), 0.0759749 secs] [Times: user=0.45 sys=0.00, real=0.08 secs] 
5561.565: [GC (Allocation Failure) [PSYoungGen: 415328K->146976K(501760K)] 605007K->438916K(1900032K), 0.0515085 secs] [Times: user=0.30 sys=0.00, real=0.06 secs] 
5564.290: [GC (Allocation Failure) [PSYoungGen: 456736K->101088K(503808K)] 748676K->531432K(1902080K), 0.1269808 secs] [Times: user=0.64 sys=0.00, real=0.13 secs] 
5566.142: [GC (Allocation Failure) [PSYoungGen: 413920K->158336K(471552K)] 844264K->685821K(1869824K), 0.0507241 secs] [Times: user=0.30 sys=0.00, real=0.05 secs] 
5569.175: [GC (Allocation Failure) [PSYoungGen: 471168K->103200K(504320K)] 998653K->772405K(1902592K), 0.1149162 secs] [Times: user=0.68 sys=0.00, real=0.12 secs] 
5570.919: [GC (Allocation Failure) [PSYoungGen: 409888K->147456K(501248K)] 1079093K->916238K(1899520K), 0.0510628 secs] [Times: user=0.30 sys=0.00, real=0.05 secs] 
5573.109: [GC (Allocation Failure) [PSYoungGen: 454144K->101184K(500736K)] 1222926K->1009006K(1899008K), 0.0833072 secs] [Times: user=0.49 sys=0.00, real=0.08 secs] 
5574.305: [GC (Allocation Failure) [PSYoungGen: 409408K->148192K(501760K)] 1317230K->1153864K(1900032K), 0.0635802 secs] [Times: user=0.38 sys=0.00, real=0.07 secs] 
5577.222: [GC (Allocation Failure) [PSYoungGen: 456416K->100000K(502272K)] 1462088K->1245684K(1900544K), 0.0875589 secs] [Times: user=0.52 sys=0.00, real=0.09 secs] 
5578.758: [GC (Allocation Failure) [PSYoungGen: 409760K->146848K(502784K)] 1555444K->1388752K(1901056K), 0.0501742 secs] [Times: user=0.29 sys=0.00, real=0.05 secs] 
5578.808: [Full GC (Ergonomics) [PSYoungGen: 146848K->0K(502784K)] [ParOldGen: 1241904K->187471K(1398272K)] 1388752K->187471K(1901056K), [Metaspace: 59717K->59717K(1105920K)], 0.4584896 secs] [Times: user=2.15 sys=0.00, real=0.46 secs] 
5580.673: [GC (Allocation Failure) [PSYoungGen: 309760K->103168K(502272K)] 497231K->290639K(1900544K), 0.0673334 secs] [Times: user=0.39 sys=0.00, real=0.07 secs] 
5581.288: [GC (Allocation Failure) [PSYoungGen: 414464K->150688K(503296K)] 601935K->437965K(1901568K), 0.0514553 secs] [Times: user=0.30 sys=0.00, real=0.05 secs] 
5583.990: [GC (Allocation Failure) [PSYoungGen: 461984K->102656K(503808K)] 749261K->532077K(1902080K), 0.0920593 secs] [Times: user=0.55 sys=0.00, real=0.09 secs] 
5584.624: [GC (Allocation Failure) [PSYoungGen: 414464K->153056K(464896K)] 843885K->681758K(1863168K), 0.0511168 secs] [Times: user=0.30 sys=0.00, real=0.05 secs] 
5587.646: [GC (Allocation Failure) [PSYoungGen: 464864K->100896K(505344K)] 993566K->774470K(1903616K), 0.1247921 secs] [Times: user=0.74 sys=0.01, real=0.13 secs] 
5588.358: [GC (Allocation Failure) [PSYoungGen: 408031K->149376K(502784K)] 1081606K->920648K(1901056K), 0.0496506 secs] [Times: user=0.29 sys=0.00, real=0.05 secs] 
5591.400: [GC (Allocation Failure) [PSYoungGen: 458624K->99744K(502784K)] 1229896K->1012312K(1901056K), 0.0873608 secs] [Times: user=0.52 sys=0.00, real=0.09 secs] 
5592.151: [GC (Allocation Failure) [PSYoungGen: 408992K->150272K(459776K)] 1321560K->1159413K(1858048K), 0.0503921 secs] [Times: user=0.30 sys=0.00, real=0.05 secs] 
5594.833: [GC (Allocation Failure) [PSYoungGen: 459520K->99744K(504832K)] 1468661K->1251053K(1903104K), 0.1505358 secs] [Times: user=0.88 sys=0.01, real=0.15 secs] 
5596.281: [GC (Allocation Failure) [PSYoungGen: 407968K->149184K(502272K)] 1559277K->1396094K(1900544K), 0.0502193 secs] [Times: user=0.29 sys=0.01, real=0.05 secs] 
5596.331: [Full GC (Ergonomics) [PSYoungGen: 149184K->0K(502272K)] [ParOldGen: 1246910K->194053K(1398272K)] 1396094K->194053K(1900544K), [Metaspace: 59717K->59717K(1105920K)], 0.4709331 secs] [Times: user=2.20 sys=0.00, real=0.47 secs] 
5598.626: [GC (Allocation Failure) [PSYoungGen: 308224K->102720K(501248K)] 502277K->296773K(1899520K), 0.0942102 secs] [Times: user=0.56 sys=0.00, real=0.10 secs] 
5599.835: [GC (Allocation Failure) [PSYoungGen: 410944K->149120K(501760K)] 604997K->441754K(1900032K), 0.0499906 secs] [Times: user=0.29 sys=0.00, real=0.05 secs] 
5602.382: [GC (Allocation Failure) [PSYoungGen: 457344K->101888K(501760K)] 749978K->535218K(1900032K), 0.0795186 secs] [Times: user=0.47 sys=0.00, real=0.08 secs] 
5603.779: [GC (Allocation Failure) [PSYoungGen: 411136K->147168K(502272K)] 844466K->678635K(1900544K), 0.0503799 secs] [Times: user=0.29 sys=0.00, real=0.05 secs] 
5605.636: [GC (Allocation Failure) [PSYoungGen: 456416K->104128K(502272K)] 987883K->774079K(1900544K), 0.1036268 secs] [Times: user=0.62 sys=0.01, real=0.11 secs] 
5606.671: [GC (Allocation Failure) [PSYoungGen: 414692K->149664K(503296K)] 1084643K->920605K(1901568K), 0.0515296 secs] [Times: user=0.30 sys=0.01, real=0.05 secs] 
5608.539: [GC (Allocation Failure) [PSYoungGen: 460960K->102688K(504320K)] 1231901K->1014989K(1902592K), 0.0674331 secs] [Times: user=0.39 sys=0.00, real=0.06 secs] 
5609.405: [GC (Allocation Failure) [PSYoungGen: 413633K->147168K(504320K)] 1325934K->1159137K(1902592K), 0.0507785 secs] [Times: user=0.30 sys=0.00, real=0.05 secs] 
5611.847: [GC (Allocation Failure) [PSYoungGen: 459488K->105120K(502272K)] 1471457K->1256034K(1900544K), 0.1423869 secs] [Times: user=0.84 sys=0.01, real=0.14 secs] 
5612.855: [GC (Allocation Failure) [PSYoungGen: 416144K->146432K(503808K)] 1567058K->1398786K(1902080K), 0.0518344 secs] [Times: user=0.31 sys=0.00, real=0.06 secs] 
5612.907: [Full GC (Ergonomics) [PSYoungGen: 146432K->0K(503808K)] [ParOldGen: 1252354K->196957K(1398272K)] 1398786K->196957K(1902080K), [Metaspace: 59717K->59717K(1105920K)], 0.4719858 secs] [Times: user=2.18 sys=0.00, real=0.47 secs] 
5615.376: [GC (Allocation Failure) [PSYoungGen: 313344K->108224K(503808K)] 510301K->305181K(1902080K), 0.0980051 secs] [Times: user=0.58 sys=0.00, real=0.10 secs] 
5615.965: [GC (Allocation Failure) [PSYoungGen: 424640K->153248K(505344K)] 621597K->454110K(1903616K), 0.0521887 secs] [Times: user=0.30 sys=0.01, real=0.06 secs] 
5618.184: [GC (Allocation Failure) [PSYoungGen: 469664K->97920K(507392K)] 770526K->551374K(1905664K), 0.1266192 secs] [Times: user=0.75 sys=0.01, real=0.13 secs] 
5619.944: [GC (Allocation Failure) [PSYoungGen: 412288K->170368K(484864K)] 865742K->716444K(1883136K), 0.1081908 secs] [Times: user=0.65 sys=0.00, real=0.11 secs] 
5622.489: [GC (Allocation Failure) [PSYoungGen: 484736K->95232K(498688K)] 1030812K->795308K(1896960K), 0.1270022 secs] [Times: user=0.75 sys=0.00, real=0.12 secs] 
5624.697: [GC (GCLocker Initiated GC) [PSYoungGen: 392192K->140736K(437760K)] 1092268K->930617K(1836032K), 0.1251036 secs] [Times: user=0.74 sys=0.01, real=0.12 secs] 
5628.145: [GC (Allocation Failure) [PSYoungGen: 437696K->87968K(495104K)] 1227580K->1018260K(1893376K), 0.1589715 secs] [Times: user=0.94 sys=0.00, real=0.16 secs] 
5629.026: [GC (Allocation Failure) [PSYoungGen: 384928K->144960K(495104K)] 1315220K->1159909K(1893376K), 0.0495445 secs] [Times: user=0.30 sys=0.01, real=0.05 secs] 
5630.944: [GC (Allocation Failure) [PSYoungGen: 441920K->95104K(497152K)] 1456869K->1246861K(1895424K), 0.0925819 secs] [Times: user=0.55 sys=0.00, real=0.10 secs] 
5632.934: [GC (Allocation Failure) [PSYoungGen: 397184K->145024K(498688K)] 1548941K->1387810K(1896960K), 0.0491389 secs] [Times: user=0.29 sys=0.00, real=0.05 secs] 
5632.983: [Full GC (Ergonomics) [PSYoungGen: 145024K->0K(498688K)] [ParOldGen: 1242786K->185082K(1398272K)] 1387810K->185082K(1896960K), [Metaspace: 59717K->59717K(1105920K)], 0.4509838 secs] [Times: user=2.11 sys=0.00, real=0.45 secs] 
5634.491: [GC (Allocation Failure) [PSYoungGen: 302080K->104544K(495616K)] 487162K->289626K(1893888K), 0.0322508 secs] [Times: user=0.19 sys=0.00, real=0.03 secs] 
5635.552: [GC (Allocation Failure) [PSYoungGen: 409696K->153568K(498688K)] 594778K->437951K(1896960K), 0.0511649 secs] [Times: user=0.29 sys=0.01, real=0.05 secs] 
5637.816: [GC (Allocation Failure) [PSYoungGen: 458720K->104064K(501760K)] 743103K->524491K(1900032K), 0.0649703 secs] [Times: user=0.39 sys=0.00, real=0.07 secs] 
5638.575: [GC (Allocation Failure) [PSYoungGen: 410240K->147040K(500736K)] 830667K->669692K(1899008K), 0.0890673 secs] [Times: user=0.53 sys=0.01, real=0.09 secs] 
5640.360: [GC (Allocation Failure) [PSYoungGen: 453216K->101024K(500736K)] 975868K->762548K(1899008K), 0.0657781 secs] [Times: user=0.39 sys=0.00, real=0.06 secs] 
5641.867: [GC (Allocation Failure) [PSYoungGen: 409248K->145888K(501760K)] 1070772K->906325K(1900032K), 0.0520795 secs] [Times: user=0.30 sys=0.00, real=0.05 secs] 
5644.463: [GC (Allocation Failure) [PSYoungGen: 454112K->102464K(500224K)] 1214549K->1000653K(1898496K), 0.0683213 secs] [Times: user=0.40 sys=0.00, real=0.07 secs] 
5646.182: [GC (Allocation Failure) [PSYoungGen: 413248K->146240K(502272K)] 1311437K->1144270K(1900544K), 0.0518150 secs] [Times: user=0.31 sys=0.00, real=0.05 secs] 
5647.667: [GC (Allocation Failure) [PSYoungGen: 457024K->109024K(501248K)] 1455054K->1244478K(1899520K), 0.0652890 secs] [Times: user=0.39 sys=0.00, real=0.06 secs] 
5648.582: [GC (Allocation Failure) [PSYoungGen: 422880K->158944K(473088K)] 1558334K->1398692K(1871360K), 0.0543025 secs] [Times: user=0.33 sys=0.00, real=0.05 secs] 
5648.636: [Full GC (Ergonomics) [PSYoungGen: 158944K->0K(473088K)] [ParOldGen: 1239748K->187907K(1398272K)] 1398692K->187907K(1871360K), [Metaspace: 59717K->59717K(1105920K)], 0.4572582 secs] [Times: user=2.12 sys=0.00, real=0.46 secs] 
5650.722: [GC (Allocation Failure) [PSYoungGen: 313856K->107392K(506368K)] 501763K->295299K(1904640K), 0.0326159 secs] [Times: user=0.19 sys=0.00, real=0.03 secs] 
5652.640: [GC (Allocation Failure) [PSYoungGen: 417664K->147424K(502784K)] 605571K->439416K(1901056K), 0.0513055 secs] [Times: user=0.30 sys=0.00, real=0.05 secs] 
5654.435: [GC (Allocation Failure) [PSYoungGen: 457696K->105504K(502272K)] 749688K->535948K(1900544K), 0.0823998 secs] [Times: user=0.49 sys=0.00, real=0.09 secs] 
5655.217: [GC (Allocation Failure) [PSYoungGen: 411801K->149248K(503296K)] 842245K->682102K(1901568K), 0.0518987 secs] [Times: user=0.30 sys=0.00, real=0.05 secs] 
5658.793: [GC (Allocation Failure) [PSYoungGen: 461568K->99040K(505856K)] 994422K->772998K(1904128K), 0.1607026 secs] [Times: user=0.95 sys=0.01, real=0.16 secs] 
5659.518: [GC (Allocation Failure) [PSYoungGen: 412896K->151200K(465408K)] 1086854K->920759K(1863680K), 0.0502236 secs] [Times: user=0.30 sys=0.00, real=0.05 secs] 
5661.778: [GC (Allocation Failure) [PSYoungGen: 465056K->104928K(506880K)] 1234615K->1016831K(1905152K), 0.1062967 secs] [Times: user=0.63 sys=0.00, real=0.10 secs] 
5663.112: [GC (Allocation Failure) [PSYoungGen: 404113K->145312K(504320K)] 1316016K->1159339K(1902592K), 0.0700046 secs] [Times: user=0.42 sys=0.00, real=0.07 secs] 
5665.698: [GC (Allocation Failure) [PSYoungGen: 457632K->99488K(505344K)] 1471659K->1250691K(1903616K), 0.1548343 secs] [Times: user=0.92 sys=0.01, real=0.15 secs] 
5666.801: [GC (Allocation Failure) [PSYoungGen: 410798K->150400K(504832K)] 1562002K->1397885K(1903104K), 0.0591212 secs] [Times: user=0.35 sys=0.01, real=0.06 secs] 
5666.860: [Full GC (Ergonomics) [PSYoungGen: 150400K->0K(504832K)] [ParOldGen: 1247485K->195928K(1398272K)] 1397885K->195928K(1903104K), [Metaspace: 59717K->59717K(1105920K)], 0.4805446 secs] [Times: user=2.17 sys=0.00, real=0.48 secs] 
5669.651: [GC (Allocation Failure) [PSYoungGen: 313856K->102848K(505344K)] 509784K->298776K(1903616K), 0.0996710 secs] [Times: user=0.58 sys=0.00, real=0.10 secs] 
5670.666: [GC (Allocation Failure) [PSYoungGen: 410610K->147872K(504832K)] 606539K->443101K(1903104K), 0.0780330 secs] [Times: user=0.46 sys=0.00, real=0.08 secs] 
5673.235: [GC (Allocation Failure) [PSYoungGen: 461216K->101568K(504320K)] 756445K->536333K(1902592K), 0.1696356 secs] [Times: user=1.00 sys=0.00, real=0.17 secs] 
5674.040: [GC (Allocation Failure) [PSYoungGen: 408152K->148832K(504832K)] 842917K->681841K(1903104K), 0.0495543 secs] [Times: user=0.29 sys=0.00, real=0.05 secs] 
5676.573: [GC (Allocation Failure) [PSYoungGen: 462688K->103328K(505344K)] 995697K->776586K(1903616K), 0.1138676 secs] [Times: user=0.68 sys=0.00, real=0.12 secs] 
5677.420: [GC (Allocation Failure) [PSYoungGen: 407043K->147232K(505344K)] 1080301K->920710K(1903616K), 0.0557440 secs] [Times: user=0.28 sys=0.00, real=0.05 secs] 
5680.758: [GC (Allocation Failure) [PSYoungGen: 461600K->103840K(504320K)] 1235078K->1016086K(1902592K), 0.1266647 secs] [Times: user=0.75 sys=0.01, real=0.12 secs] 
5681.826: [GC (Allocation Failure) [PSYoungGen: 409580K->147936K(505344K)] 1321826K->1159811K(1903616K), 0.0508100 secs] [Times: user=0.30 sys=0.00, real=0.06 secs] 
5683.682: [GC (Allocation Failure) [PSYoungGen: 463328K->106720K(504832K)] 1475203K->1257739K(1903104K), 0.0797200 secs] [Times: user=0.48 sys=0.00, real=0.08 secs] 
5684.809: [GC (Allocation Failure) [PSYoungGen: 423648K->152992K(505856K)] 1574667K->1406736K(1904128K), 0.0524298 secs] [Times: user=0.31 sys=0.00, real=0.05 secs] 
5684.862: [Full GC (Ergonomics) [PSYoungGen: 152992K->0K(505856K)] [ParOldGen: 1253744K->205059K(1398272K)] 1406736K->205059K(1904128K), [Metaspace: 59717K->59717K(1105920K)], 0.4779843 secs] [Times: user=2.22 sys=0.00, real=0.48 secs] 
5687.458: [GC (Allocation Failure) [PSYoungGen: 316928K->101504K(507904K)] 521987K->306563K(1906176K), 0.1963328 secs] [Times: user=1.10 sys=0.00, real=0.19 secs] 
5688.117: [GC (Allocation Failure) [PSYoungGen: 416384K->154464K(469504K)] 621443K->451276K(1867776K), 0.0553167 secs] [Times: user=0.32 sys=0.01, real=0.05 secs] 
5691.007: [GC (Allocation Failure) [PSYoungGen: 469344K->95936K(504832K)] 766156K->547012K(1903104K), 0.1429075 secs] [Times: user=0.85 sys=0.00, real=0.14 secs] 
5691.608: [GC (Allocation Failure) [PSYoungGen: 405696K->153120K(463360K)] 856772K->694566K(1861632K), 0.0553724 secs] [Times: user=0.33 sys=0.00, real=0.05 secs] 
5694.677: [GC (GCLocker Initiated GC) [PSYoungGen: 462880K->91200K(502272K)] 1004326K->785422K(1900544K), 0.1592518 secs] [Times: user=0.94 sys=0.01, real=0.15 secs] 
5695.301: [GC (Allocation Failure) [PSYoungGen: 395840K->149664K(454656K)] 1090064K->929509K(1852928K), 0.0534515 secs] [Times: user=0.32 sys=0.01, real=0.05 secs] 
5697.844: [GC (GCLocker Initiated GC) [PSYoungGen: 454304K->90112K(500736K)] 1234149K->1019509K(1899008K), 0.1610689 secs] [Times: user=0.86 sys=0.00, real=0.16 secs] 
5698.877: [GC (Allocation Failure) [PSYoungGen: 391680K->164768K(466432K)] 1321112K->1178617K(1864704K), 0.0531737 secs] [Times: user=0.32 sys=0.00, real=0.05 secs] 
5701.417: [GC (Allocation Failure) [PSYoungGen: 466336K->89728K(494592K)] 1480185K->1251617K(1892864K), 0.1683338 secs] [Times: user=1.00 sys=0.00, real=0.16 secs] 
5702.468: [GC (Allocation Failure) [PSYoungGen: 378496K->141952K(431104K)] 1540385K->1389651K(1829376K), 0.0498990 secs] [Times: user=0.30 sys=0.00, real=0.05 secs] 
5702.518: [Full GC (Ergonomics) [PSYoungGen: 141952K->0K(431104K)] [ParOldGen: 1247699K->195560K(1398272K)] 1389651K->195560K(1829376K), [Metaspace: 59717K->59717K(1105920K)], 0.4833101 secs] [Times: user=2.26 sys=0.00, real=0.48 secs] 
5705.037: [GC (Allocation Failure) [PSYoungGen: 288768K->91712K(494080K)] 484328K->287272K(1892352K), 0.0297964 secs] [Times: user=0.17 sys=0.00, real=0.03 secs] 
5706.761: [GC (Allocation Failure) [PSYoungGen: 382528K->139296K(492032K)] 578088K->422685K(1890304K), 0.0461813 secs] [Times: user=0.27 sys=0.00, real=0.05 secs] 
5707.902: [GC (Allocation Failure) [PSYoungGen: 430112K->98208K(494592K)] 713501K->511701K(1892864K), 0.0635219 secs] [Times: user=0.38 sys=0.00, real=0.06 secs] 
5709.779: [GC (Allocation Failure) [PSYoungGen: 395680K->138496K(494080K)] 809173K->648167K(1892352K), 0.0499149 secs] [Times: user=0.30 sys=0.00, real=0.05 secs] 
5712.338: [GC (Allocation Failure) [PSYoungGen: 435968K->103328K(495616K)] 945639K->742559K(1893888K), 0.0636392 secs] [Times: user=0.37 sys=0.00, real=0.06 secs] 
5714.397: [GC (Allocation Failure) [PSYoungGen: 410016K->137664K(498176K)] 1049247K->878803K(1896448K), 0.0519905 secs] [Times: user=0.31 sys=0.00, real=0.05 secs] 
5715.585: [GC (GCLocker Initiated GC) [PSYoungGen: 444352K->109920K(497152K)] 1185491K->979683K(1895424K), 0.0655471 secs] [Times: user=0.39 sys=0.00, real=0.07 secs] 
5717.926: [GC (Allocation Failure) [PSYoungGen: 426848K->149920K(502784K)] 1296646K->1128179K(1901056K), 0.0570550 secs] [Times: user=0.34 sys=0.00, real=0.06 secs] 
5719.149: [GC (Allocation Failure) [PSYoungGen: 466848K->113216K(507904K)] 1445107K->1223931K(1906176K), 0.0668888 secs] [Times: user=0.39 sys=0.01, real=0.06 secs] 
5721.405: [GC (Allocation Failure) [PSYoungGen: 436288K->147168K(508416K)] 1547003K->1369268K(1906688K), 0.0563267 secs] [Times: user=0.33 sys=0.01, real=0.06 secs] 
5723.103: [GC (Allocation Failure) [PSYoungGen: 470240K->116096K(506368K)] 1692340K->1475796K(1904640K), 0.0680945 secs] [Times: user=0.40 sys=0.00, real=0.07 secs] 
5723.171: [Full GC (Ergonomics) [PSYoungGen: 116096K->0K(506368K)] [ParOldGen: 1359700K->36922K(1398272K)] 1475796K->36922K(1904640K), [Metaspace: 59717K->59717K(1105920K)], 0.0733280 secs] [Times: user=0.27 sys=0.00, real=0.07 secs] 
5724.375: [GC (Allocation Failure) [PSYoungGen: 325120K->154272K(508416K)] 362042K->191194K(1906688K), 0.0301252 secs] [Times: user=0.18 sys=0.00, real=0.03 secs] 
5726.546: [GC (Allocation Failure) [PSYoungGen: 479392K->110304K(512512K)] 516314K->292906K(1910784K), 0.1548083 secs] [Times: user=0.92 sys=0.00, real=0.16 secs] 
5727.251: [GC (Allocation Failure) [PSYoungGen: 435424K->158976K(484352K)] 618026K->448391K(1882624K), 0.0539784 secs] [Times: user=0.32 sys=0.00, real=0.05 secs] 
5730.380: [GC (Allocation Failure) [PSYoungGen: 484096K->95680K(507392K)] 773511K->544107K(1905664K), 0.1601331 secs] [Times: user=0.94 sys=0.02, real=0.16 secs] 
5731.500: [GC (Allocation Failure) [PSYoungGen: 411072K->156384K(472064K)] 859499K->694760K(1870336K), 0.0556127 secs] [Times: user=0.34 sys=0.00, real=0.05 secs] 
5735.395: [GC (Allocation Failure) [PSYoungGen: 471776K->93152K(503296K)] 1010152K->787960K(1901568K), 0.1687177 secs] [Times: user=1.00 sys=0.00, real=0.17 secs] 
5735.848: [GC (Allocation Failure) [PSYoungGen: 400352K->154048K(461312K)] 1095160K->936385K(1859584K), 0.0551755 secs] [Times: user=0.33 sys=0.00, real=0.05 secs] 
5738.907: [GC (Allocation Failure) [PSYoungGen: 461248K->87936K(500224K)] 1243585K->1024377K(1898496K), 0.1145146 secs] [Times: user=0.69 sys=0.00, real=0.11 secs] 
5739.655: [GC (Allocation Failure) [PSYoungGen: 388992K->150592K(452096K)] 1325433K->1168834K(1850368K), 0.0535226 secs] [Times: user=0.31 sys=0.01, real=0.06 secs] 
5742.337: [GC (Allocation Failure) [PSYoungGen: 451648K->88576K(498688K)] 1469890K->1257306K(1896960K), 0.1666587 secs] [Times: user=0.99 sys=0.00, real=0.16 secs] 
5743.340: [GC (Allocation Failure) [PSYoungGen: 373159K->138112K(435712K)] 1541889K->1391542K(1833984K), 0.0953659 secs] [Times: user=0.56 sys=0.01, real=0.09 secs] 
5743.436: [Full GC (Ergonomics) [PSYoungGen: 138112K->0K(435712K)] [ParOldGen: 1253430K->196393K(1398272K)] 1391542K->196393K(1833984K), [Metaspace: 59717K->59717K(1105920K)], 0.5023197 secs] [Times: user=2.37 sys=0.00, real=0.51 secs] 
5745.511: [GC (Allocation Failure) [PSYoungGen: 297472K->97344K(498176K)] 493865K->293738K(1896448K), 0.0400581 secs] [Times: user=0.24 sys=0.00, real=0.04 secs] 
5746.710: [GC (Allocation Failure) [PSYoungGen: 397376K->144544K(495616K)] 593770K->435230K(1893888K), 0.0479489 secs] [Times: user=0.28 sys=0.01, real=0.05 secs] 
5748.521: [GC (Allocation Failure) [PSYoungGen: 444576K->102784K(497664K)] 735262K->529550K(1895936K), 0.0636847 secs] [Times: user=0.38 sys=0.00, real=0.06 secs] 
5749.637: [GC (Allocation Failure) [PSYoungGen: 409472K->147360K(499712K)] 836238K->673883K(1897984K), 0.0509043 secs] [Times: user=0.30 sys=0.00, real=0.05 secs] 
5751.279: [GC (Allocation Failure) [PSYoungGen: 454048K->104992K(500736K)] 980571K->770343K(1899008K), 0.0868105 secs] [Times: user=0.52 sys=0.00, real=0.08 secs] 
5753.036: [GC (Allocation Failure) [PSYoungGen: 415776K->148800K(502272K)] 1081127K->913480K(1900544K), 0.0512329 secs] [Times: user=0.30 sys=0.00, real=0.06 secs] 
5755.526: [GC (Allocation Failure) [PSYoungGen: 459584K->102016K(504320K)] 1224264K->1006840K(1902592K), 0.0840546 secs] [Times: user=0.50 sys=0.01, real=0.09 secs] 
5756.501: [GC (Allocation Failure) [PSYoungGen: 414848K->150304K(504320K)] 1319672K->1154222K(1902592K), 0.0512658 secs] [Times: user=0.31 sys=0.00, real=0.05 secs] 
5758.871: [GC (Allocation Failure) [PSYoungGen: 463136K->104672K(504320K)] 1467054K->1250454K(1902592K), 0.0910610 secs] [Times: user=0.54 sys=0.01, real=0.09 secs] 
5759.695: [GC (Allocation Failure) [PSYoungGen: 415980K->151008K(463872K)] 1561762K->1398516K(1862144K), 0.0528333 secs] [Times: user=0.32 sys=0.00, real=0.06 secs] 
5759.748: [Full GC (Ergonomics) [PSYoungGen: 151008K->0K(463872K)] [ParOldGen: 1247508K->196195K(1398272K)] 1398516K->196195K(1862144K), [Metaspace: 59717K->59717K(1105920K)], 0.4819267 secs] [Times: user=2.23 sys=0.00, real=0.48 secs] 
5763.150: [GC (Allocation Failure) [PSYoungGen: 312832K->100000K(506368K)] 509027K->296195K(1904640K), 0.0357762 secs] [Times: user=0.21 sys=0.00, real=0.03 secs] 
5763.886: [GC (Allocation Failure) [PSYoungGen: 411296K->150144K(461824K)] 607491K->442760K(1860096K), 0.0483251 secs] [Times: user=0.28 sys=0.00, real=0.05 secs] 
5766.188: [GC (Allocation Failure) [PSYoungGen: 461440K->101792K(506368K)] 754056K->535576K(1904640K), 0.1397176 secs] [Times: user=0.83 sys=0.00, real=0.14 secs] 
5767.312: [GC (Allocation Failure) [PSYoungGen: 412576K->149728K(503296K)] 846360K->681942K(1901568K), 0.0512451 secs] [Times: user=0.31 sys=0.00, real=0.05 secs] 
5770.082: [GC (Allocation Failure) [PSYoungGen: 460512K->102720K(503296K)] 992726K->776282K(1901568K), 0.1047340 secs] [Times: user=0.62 sys=0.00, real=0.11 secs] 
5770.914: [GC (Allocation Failure) [PSYoungGen: 405563K->147232K(503296K)] 1079126K->920500K(1901568K), 0.0564655 secs] [Times: user=0.34 sys=0.00, real=0.06 secs] 
5774.054: [GC (Allocation Failure) [PSYoungGen: 458016K->99456K(503296K)] 1231284K->1011932K(1901568K), 0.1316762 secs] [Times: user=0.78 sys=0.01, real=0.13 secs] 
5775.985: [GC (Allocation Failure) [PSYoungGen: 411264K->150432K(503808K)] 1323740K->1158337K(1902080K), 0.0504685 secs] [Times: user=0.30 sys=0.00, real=0.05 secs] 
5777.545: [GC (Allocation Failure) [PSYoungGen: 462240K->104032K(503808K)] 1470145K->1253737K(1902080K), 0.1098531 secs] [Times: user=0.65 sys=0.00, real=0.11 secs] 
5779.067: [GC (Allocation Failure) [PSYoungGen: 415840K->148864K(503808K)] 1565545K->1398000K(1902080K), 0.0508330 secs] [Times: user=0.30 sys=0.00, real=0.05 secs] 
5779.118: [Full GC (Ergonomics) [PSYoungGen: 148864K->0K(503808K)] [ParOldGen: 1249136K->195644K(1398272K)] 1398000K->195644K(1902080K), [Metaspace: 59717K->59717K(1105920K)], 0.4867543 secs] [Times: user=2.25 sys=0.00, real=0.48 secs] 
5781.062: [GC (Allocation Failure) [PSYoungGen: 311808K->105920K(503296K)] 507452K->301564K(1901568K), 0.0673047 secs] [Times: user=0.40 sys=0.01, real=0.07 secs] 
5781.786: [GC (Allocation Failure) [PSYoungGen: 409456K->145248K(503808K)] 605101K->442823K(1902080K), 0.0494314 secs] [Times: user=0.29 sys=0.00, real=0.05 secs] 
5783.691: [GC (Allocation Failure) [PSYoungGen: 457568K->102464K(503296K)] 755143K->536447K(1901568K), 0.1482382 secs] [Times: user=0.88 sys=0.00, real=0.15 secs] 
5784.992: [GC (Allocation Failure) [PSYoungGen: 413430K->148864K(504832K)] 847414K->681220K(1903104K), 0.0508217 secs] [Times: user=0.29 sys=0.01, real=0.05 secs] 
5786.980: [GC (Allocation Failure) [PSYoungGen: 463744K->105888K(505344K)] 996100K->778204K(1903616K), 0.1668142 secs] [Times: user=0.99 sys=0.00, real=0.17 secs] 
5787.904: [GC (Allocation Failure) [PSYoungGen: 406450K->145504K(505856K)] 1078767K->919485K(1904128K), 0.0511254 secs] [Times: user=0.30 sys=0.00, real=0.05 secs] 
5789.894: [GC (Allocation Failure) [PSYoungGen: 461920K->105696K(505344K)] 1235901K->1016209K(1903616K), 0.1733518 secs] [Times: user=0.99 sys=0.01, real=0.18 secs] 
5791.032: [GC (Allocation Failure) [PSYoungGen: 409888K->145856K(506880K)] 1320401K->1158122K(1905152K), 0.0527097 secs] [Times: user=0.31 sys=0.00, real=0.05 secs] 
5793.282: [GC (Allocation Failure) [PSYoungGen: 464832K->109632K(505344K)] 1477098K->1258730K(1903616K), 0.0871030 secs] [Times: user=0.52 sys=0.01, real=0.09 secs] 
5794.136: [GC (Allocation Failure) [PSYoungGen: 431168K->153408K(507392K)] 1580266K->1408219K(1905664K), 0.0537843 secs] [Times: user=0.32 sys=0.00, real=0.06 secs] 
5794.190: [Full GC (Ergonomics) [PSYoungGen: 153408K->0K(507392K)] [ParOldGen: 1254811K->207980K(1398272K)] 1408219K->207980K(1905664K), [Metaspace: 59717K->59717K(1105920K)], 0.4924007 secs] [Times: user=2.29 sys=0.00, real=0.49 secs] 
5796.869: [GC (Allocation Failure) [PSYoungGen: 321536K->101056K(509952K)] 529516K->309036K(1908224K), 0.1543778 secs] [Times: user=0.92 sys=0.00, real=0.15 secs] 
5797.319: [GC (Allocation Failure) [PSYoungGen: 420544K->158016K(477696K)] 628524K->461317K(1875968K), 0.0571662 secs] [Times: user=0.34 sys=0.00, real=0.05 secs] 
5800.399: [GC (Allocation Failure) [PSYoungGen: 477504K->96384K(505344K)] 780805K->557437K(1903616K), 0.1472798 secs] [Times: user=0.84 sys=0.00, real=0.15 secs] 
5800.813: [GC (Allocation Failure) [PSYoungGen: 407168K->155680K(466944K)] 868221K->707062K(1865216K), 0.0562940 secs] [Times: user=0.34 sys=0.00, real=0.06 secs] 
5803.258: [GC (Allocation Failure) [PSYoungGen: 466464K->92864K(501760K)] 1017846K->800110K(1900032K), 0.1194320 secs] [Times: user=0.71 sys=0.00, real=0.12 secs] 
5803.604: [GC (Allocation Failure) [PSYoungGen: 396480K->150304K(454144K)] 1103726K->944775K(1852416K), 0.0554500 secs] [Times: user=0.32 sys=0.00, real=0.06 secs] 
5806.304: [GC (Allocation Failure) [PSYoungGen: 453920K->90656K(500736K)] 1248391K->1035187K(1899008K), 0.1162109 secs] [Times: user=0.69 sys=0.00, real=0.12 secs] 
5807.260: [GC (Allocation Failure) [PSYoungGen: 392224K->147744K(449536K)] 1336755K->1177472K(1847808K), 0.1026979 secs] [Times: user=0.62 sys=0.00, real=0.10 secs] 
5810.283: [GC (GCLocker Initiated GC) [PSYoungGen: 449312K->90560K(500224K)] 1479040K->1268136K(1898496K), 0.1318576 secs] [Times: user=0.77 sys=0.00, real=0.13 secs] 
5810.672: [GC (Allocation Failure) [PSYoungGen: 391104K->148864K(449536K)] 1568683K->1411328K(1847808K), 0.0535947 secs] [Times: user=0.31 sys=0.00, real=0.05 secs] 
5810.726: [Full GC (Ergonomics) [PSYoungGen: 148864K->0K(449536K)] [ParOldGen: 1262464K->217754K(1398272K)] 1411328K->217754K(1847808K), [Metaspace: 59717K->59717K(1105920K)], 0.5224292 secs] [Times: user=2.44 sys=0.00, real=0.53 secs] 
5813.711: [GC (GCLocker Initiated GC) [PSYoungGen: 300544K->86528K(499200K)] 518298K->304282K(1897472K), 0.1126108 secs] [Times: user=0.67 sys=0.00, real=0.11 secs] 
5814.740: [GC (Allocation Failure) [PSYoungGen: 385024K->148640K(447488K)] 602781K->447367K(1845760K), 0.0513213 secs] [Times: user=0.31 sys=0.00, real=0.05 secs] 
5817.931: [GC (Allocation Failure) [PSYoungGen: 447136K->87264K(498176K)] 745863K->534543K(1896448K), 0.1446431 secs] [Times: user=0.86 sys=0.01, real=0.14 secs] 
5818.501: [GC (Allocation Failure) [PSYoungGen: 383200K->143200K(496640K)] 830479K->673780K(1894912K), 0.0490530 secs] [Times: user=0.29 sys=0.00, real=0.05 secs] 
5820.087: [GC (Allocation Failure) [PSYoungGen: 439136K->97472K(492032K)] 969716K->762452K(1890304K), 0.0906960 secs] [Times: user=0.54 sys=0.00, real=0.09 secs] 
5821.672: [GC (Allocation Failure) [PSYoungGen: 394432K->142400K(494592K)] 1059412K->901533K(1892864K), 0.0488443 secs] [Times: user=0.29 sys=0.00, real=0.05 secs] 
5823.263: [GC (Allocation Failure) [PSYoungGen: 439360K->100864K(493568K)] 1198493K->993789K(1891840K), 0.0723415 secs] [Times: user=0.43 sys=0.00, real=0.07 secs] 
5824.888: [GC (Allocation Failure) [PSYoungGen: 403968K->141952K(497152K)] 1296893K->1133678K(1895424K), 0.0507511 secs] [Times: user=0.30 sys=0.00, real=0.05 secs] 
5826.710: [GC (GCLocker Initiated GC) [PSYoungGen: 445056K->102752K(498176K)] 1436782K->1227130K(1896448K), 0.0768156 secs] [Times: user=0.46 sys=0.00, real=0.08 secs] 
5828.637: [GC (Allocation Failure) [PSYoungGen: 413024K->142208K(501248K)] 1537404K->1367093K(1899520K), 0.0530435 secs] [Times: user=0.31 sys=0.00, real=0.05 secs] 
5828.690: [Full GC (Ergonomics) [PSYoungGen: 142208K->0K(501248K)] [ParOldGen: 1224885K->172887K(1398272K)] 1367093K->172887K(1899520K), [Metaspace: 59720K->59720K(1105920K)], 0.4267591 secs] [Times: user=1.99 sys=0.00, real=0.43 secs] 
5831.326: [GC (Allocation Failure) [PSYoungGen: 310272K->107136K(500736K)] 483159K->280023K(1899008K), 0.0349238 secs] [Times: user=0.20 sys=0.00, real=0.04 secs] 
5832.362: [GC (Allocation Failure) [PSYoungGen: 423040K->158304K(503808K)] 595927K->436096K(1902080K), 0.0536317 secs] [Times: user=0.32 sys=0.00, real=0.05 secs] 
5833.610: [GC (Allocation Failure) [PSYoungGen: 474208K->107872K(506880K)] 752000K->526836K(1905152K), 0.0665370 secs] [Times: user=0.39 sys=0.00, real=0.07 secs] 
5835.168: [GC (Allocation Failure) [PSYoungGen: 421728K->152448K(466432K)] 840692K->675877K(1864704K), 0.0535562 secs] [Times: user=0.32 sys=0.00, real=0.05 secs] 
5837.110: [GC (Allocation Failure) [PSYoungGen: 466304K->103840K(506880K)] 989733K->771161K(1905152K), 0.1416889 secs] [Times: user=0.85 sys=0.00, real=0.14 secs] 
5838.962: [GC (Allocation Failure) [PSYoungGen: 415648K->147456K(503808K)] 1082969K->915269K(1902080K), 0.0513239 secs] [Times: user=0.30 sys=0.00, real=0.05 secs] 
5840.925: [GC (Allocation Failure) [PSYoungGen: 459264K->106112K(502272K)] 1227077K->1012874K(1900544K), 0.1753200 secs] [Times: user=1.04 sys=0.00, real=0.18 secs] 
5842.470: [GC (Allocation Failure) [PSYoungGen: 419456K->150560K(503808K)] 1326218K->1159530K(1902080K), 0.0520046 secs] [Times: user=0.31 sys=0.00, real=0.05 secs] 
5845.412: [GC (Allocation Failure) [PSYoungGen: 463904K->103776K(505856K)] 1472874K->1254394K(1904128K), 0.1732247 secs] [Times: user=1.02 sys=0.00, real=0.17 secs] 
5846.986: [GC (Allocation Failure) [PSYoungGen: 411457K->148448K(505344K)] 1562076K->1398372K(1903616K), 0.0513198 secs] [Times: user=0.31 sys=0.01, real=0.06 secs] 
5847.038: [Full GC (Ergonomics) [PSYoungGen: 148448K->0K(505344K)] [ParOldGen: 1249924K->195940K(1398272K)] 1398372K->195940K(1903616K), [Metaspace: 59720K->59720K(1105920K)], 0.4829633 secs] [Times: user=2.24 sys=0.00, real=0.48 secs] 
5849.211: [GC (Allocation Failure) [PSYoungGen: 314368K->106336K(503808K)] 510308K->302276K(1902080K), 0.0679145 secs] [Times: user=0.27 sys=0.00, real=0.07 secs] 
5850.254: [GC (Allocation Failure) [PSYoungGen: 413636K->145856K(504832K)] 609577K->443969K(1903104K), 0.0502917 secs] [Times: user=0.30 sys=0.01, real=0.05 secs] 
5853.973: [GC (Allocation Failure) [PSYoungGen: 460736K->102592K(505344K)] 758849K->537353K(1903616K), 0.1355227 secs] [Times: user=0.80 sys=0.01, real=0.14 secs] 
5855.225: [GC (Allocation Failure) [PSYoungGen: 408702K->148384K(506368K)] 843463K->681646K(1904640K), 0.0498898 secs] [Times: user=0.29 sys=0.00, real=0.05 secs] 
5857.503: [GC (Allocation Failure) [PSYoungGen: 465824K->106432K(506368K)] 999086K->779806K(1904640K), 0.0874856 secs] [Times: user=0.52 sys=0.01, real=0.09 secs] 
5858.590: [GC (Allocation Failure) [PSYoungGen: 424896K->153280K(472064K)] 1098270K->929615K(1870336K), 0.1196790 secs] [Times: user=0.72 sys=0.00, real=0.12 secs] 
5861.901: [GC (Allocation Failure) [PSYoungGen: 471744K->97536K(507392K)] 1248079K->1027167K(1905664K), 0.1499993 secs] [Times: user=0.82 sys=0.00, real=0.15 secs] 
5862.667: [GC (Allocation Failure) [PSYoungGen: 412416K->155648K(471040K)] 1342047K->1176936K(1869312K), 0.0561535 secs] [Times: user=0.33 sys=0.00, real=0.05 secs] 
5864.855: [GC (Allocation Failure) [PSYoungGen: 470528K->98496K(504832K)] 1491816K->1274840K(1903104K), 0.1382945 secs] [Times: user=0.82 sys=0.00, real=0.14 secs] 
5865.292: [GC (Allocation Failure) [PSYoungGen: 407232K->153376K(462336K)] 1583576K->1422370K(1860608K), 0.0566416 secs] [Times: user=0.34 sys=0.00, real=0.06 secs] 
5865.349: [Full GC (Ergonomics) [PSYoungGen: 153376K->0K(462336K)] [ParOldGen: 1268994K->220331K(1398272K)] 1422370K->220331K(1860608K), [Metaspace: 59720K->59720K(1105920K)], 0.5269280 secs] [Times: user=2.46 sys=0.01, real=0.52 secs] 
5868.604: [GC (Allocation Failure) [PSYoungGen: 308736K->92288K(501760K)] 529067K->312619K(1900032K), 0.0987403 secs] [Times: user=0.58 sys=0.00, real=0.10 secs] 
5869.084: [GC (Allocation Failure) [PSYoungGen: 395904K->150272K(454144K)] 616235K->457052K(1852416K), 0.0541809 secs] [Times: user=0.33 sys=0.00, real=0.06 secs] 
5871.268: [GC (Allocation Failure) [PSYoungGen: 453888K->94976K(501248K)] 760668K->551584K(1899520K), 0.1293544 secs] [Times: user=0.76 sys=0.01, real=0.13 secs] 
5872.044: [GC (Allocation Failure) [PSYoungGen: 397056K->149600K(452096K)] 853664K->690937K(1850368K), 0.0531720 secs] [Times: user=0.31 sys=0.00, real=0.06 secs] 
5875.159: [GC (Allocation Failure) [PSYoungGen: 448332K->86592K(499712K)] 989670K->777093K(1897984K), 0.1320835 secs] [Times: user=0.78 sys=0.01, real=0.13 secs] 
5876.165: [GC (Allocation Failure) [PSYoungGen: 386624K->146752K(446976K)] 1077125K->920337K(1845248K), 0.0516053 secs] [Times: user=0.31 sys=0.00, real=0.05 secs] 
5878.067: [GC (Allocation Failure) [PSYoungGen: 446784K->93024K(500224K)] 1220369K->1013321K(1898496K), 0.0841790 secs] [Times: user=0.50 sys=0.00, real=0.08 secs] 
5878.872: [GC (Allocation Failure) [PSYoungGen: 389001K->142272K(498176K)] 1309298K->1151186K(1896448K), 0.0503848 secs] [Times: user=0.30 sys=0.00, real=0.05 secs] 
5880.181: [GC (Allocation Failure) [PSYoungGen: 441792K->99776K(495104K)] 1450706K->1241706K(1893376K), 0.0860267 secs] [Times: user=0.51 sys=0.00, real=0.09 secs] 
5881.744: [GC (Allocation Failure) [PSYoungGen: 401344K->145920K(496640K)] 1543274K->1384739K(1894912K), 0.0711355 secs] [Times: user=0.42 sys=0.00, real=0.07 secs] 
5881.815: [Full GC (Ergonomics) [PSYoungGen: 145920K->0K(496640K)] [ParOldGen: 1238819K->191258K(1398272K)] 1384739K->191258K(1894912K), [Metaspace: 59720K->59720K(1105920K)], 0.4692438 secs] [Times: user=2.18 sys=0.00, real=0.47 secs] 
5885.739: [GC (Allocation Failure) [PSYoungGen: 301568K->96672K(500224K)] 492826K->287931K(1898496K), 0.0306505 secs] [Times: user=0.18 sys=0.00, real=0.03 secs] 
5887.403: [GC (Allocation Failure) [PSYoungGen: 403872K->145056K(501248K)] 595131K->427887K(1899520K), 0.0479086 secs] [Times: user=0.28 sys=0.00, real=0.05 secs] 
5889.631: [GC (Allocation Failure) [PSYoungGen: 452256K->105472K(498176K)] 735087K->524791K(1896448K), 0.0639633 secs] [Times: user=0.38 sys=0.00, real=0.06 secs] 
5891.745: [GC (GCLocker Initiated GC) [PSYoungGen: 414720K->144384K(500736K)] 834040K->666042K(1899008K), 0.0521566 secs] [Times: user=0.31 sys=0.00, real=0.06 secs] 
5893.534: [GC (Allocation Failure) [PSYoungGen: 453632K->105408K(501760K)] 975292K->762300K(1900032K), 0.0964004 secs] [Times: user=0.57 sys=0.00, real=0.10 secs] 
5895.895: [GC (Allocation Failure) [PSYoungGen: 419776K->148992K(503808K)] 1076668K->908701K(1902080K), 0.0532286 secs] [Times: user=0.32 sys=0.00, real=0.06 secs] 
5897.820: [GC (Allocation Failure) [PSYoungGen: 463360K->105664K(505344K)] 1223069K->1005605K(1903616K), 0.0820156 secs] [Times: user=0.48 sys=0.01, real=0.08 secs] 
5899.617: [GC (Allocation Failure) [PSYoungGen: 422592K->151392K(505856K)] 1322533K->1153270K(1904128K), 0.0527184 secs] [Times: user=0.31 sys=0.00, real=0.05 secs] 
5901.541: [GC (Allocation Failure) [PSYoungGen: 468320K->109568K(505856K)] 1470198K->1253758K(1904128K), 0.1262338 secs] [Times: user=0.75 sys=0.00, real=0.13 secs] 
5902.210: [GC (Allocation Failure) [PSYoungGen: 414745K->146848K(505856K)] 1558935K->1397736K(1904128K), 0.0716654 secs] [Times: user=0.43 sys=0.00, real=0.07 secs] 
5902.282: [Full GC (Ergonomics) [PSYoungGen: 146848K->0K(505856K)] [ParOldGen: 1250888K->195725K(1398272K)] 1397736K->195725K(1904128K), [Metaspace: 59720K->59720K(1105920K)], 0.4856590 secs] [Times: user=2.26 sys=0.00, real=0.49 secs] 
5905.011: [GC (Allocation Failure) [PSYoungGen: 316928K->103488K(506880K)] 512653K->299213K(1905152K), 0.0986904 secs] [Times: user=0.59 sys=0.00, real=0.10 secs] 
5905.915: [GC (Allocation Failure) [PSYoungGen: 411404K->147552K(507392K)] 607130K->443118K(1905664K), 0.0496286 secs] [Times: user=0.30 sys=0.00, real=0.05 secs] 
5908.884: [GC (Allocation Failure) [PSYoungGen: 466528K->103360K(507904K)] 762094K->537722K(1906176K), 0.1636655 secs] [Times: user=0.97 sys=0.01, real=0.17 secs] 
5910.846: [GC (Allocation Failure) [PSYoungGen: 417735K->148224K(507904K)] 852097K->681783K(1906176K), 0.0497114 secs] [Times: user=0.29 sys=0.00, real=0.05 secs] 
5912.412: [GC (Allocation Failure) [PSYoungGen: 467712K->109952K(505856K)] 1001271K->783143K(1904128K), 0.0897549 secs] [Times: user=0.54 sys=0.00, real=0.09 secs] 
5913.916: [GC (Allocation Failure) [PSYoungGen: 429440K->151328K(506880K)] 1102631K->930888K(1905152K), 0.0523539 secs] [Times: user=0.31 sys=0.00, real=0.06 secs] 
5915.706: [GC (Allocation Failure) [PSYoungGen: 470816K->101184K(509440K)] 1250376K->1031544K(1907712K), 0.0972058 secs] [Times: user=0.58 sys=0.00, real=0.10 secs] 
5916.408: [GC (Allocation Failure) [PSYoungGen: 420160K->156704K(476160K)] 1350520K->1183162K(1874432K), 0.0926335 secs] [Times: user=0.54 sys=0.01, real=0.09 secs] 
5919.119: [GC (Allocation Failure) [PSYoungGen: 475680K->98304K(505856K)] 1502138K->1281074K(1904128K), 0.1585286 secs] [Times: user=0.95 sys=0.00, real=0.16 secs] 
5920.069: [GC (Allocation Failure) [PSYoungGen: 409600K->155104K(466432K)] 1592370K->1430634K(1864704K), 0.0878024 secs] [Times: user=0.52 sys=0.00, real=0.09 secs] 
5920.157: [Full GC (Ergonomics) [PSYoungGen: 155104K->0K(466432K)] [ParOldGen: 1275530K->228848K(1398272K)] 1430634K->228848K(1864704K), [Metaspace: 59720K->59720K(1105920K)], 0.5564376 secs] [Times: user=2.61 sys=0.00, real=0.55 secs] 
5924.062: [GC (Allocation Failure) [PSYoungGen: 311296K->90912K(502272K)] 540144K->319760K(1900544K), 0.0713404 secs] [Times: user=0.42 sys=0.00, real=0.07 secs] 
5924.458: [GC (Allocation Failure) [PSYoungGen: 396064K->150784K(456192K)] 624912K->465005K(1854464K), 0.0554812 secs] [Times: user=0.33 sys=0.00, real=0.05 secs] 
5927.570: [GC (Allocation Failure) [PSYoungGen: 455936K->87680K(500224K)] 770157K->552709K(1898496K), 0.1575530 secs] [Times: user=0.92 sys=0.01, real=0.16 secs] 
5927.985: [GC (Allocation Failure) [PSYoungGen: 388736K->150880K(452096K)] 853765K->698030K(1850368K), 0.0538957 secs] [Times: user=0.32 sys=0.00, real=0.06 secs] 
5930.586: [GC (Allocation Failure) [PSYoungGen: 451936K->88960K(498688K)] 999086K->787054K(1896960K), 0.1521986 secs] [Times: user=0.90 sys=0.00, real=0.16 secs] 
5930.991: [GC (Allocation Failure) [PSYoungGen: 386432K->145760K(497664K)] 1084526K->927266K(1895936K), 0.0535001 secs] [Times: user=0.32 sys=0.01, real=0.05 secs] 
5933.936: [GC (Allocation Failure) [PSYoungGen: 443232K->86944K(496640K)] 1224738K->1013690K(1894912K), 0.1659291 secs] [Times: user=0.98 sys=0.01, real=0.17 secs] 
5934.640: [GC (Allocation Failure) [PSYoungGen: 374556K->140288K(497152K)] 1301303K->1149991K(1895424K), 0.0483550 secs] [Times: user=0.28 sys=0.00, real=0.05 secs] 
5936.968: [GC (Allocation Failure) [PSYoungGen: 437760K->98880K(492032K)] 1447463K->1240587K(1890304K), 0.0650787 secs] [Times: user=0.38 sys=0.01, real=0.06 secs] 
5938.017: [GC (Allocation Failure) [PSYoungGen: 398912K->144160K(495616K)] 1540619K->1380828K(1893888K), 0.0503789 secs] [Times: user=0.30 sys=0.00, real=0.05 secs] 
5938.068: [Full GC (Ergonomics) [PSYoungGen: 144160K->0K(495616K)] [ParOldGen: 1236668K->187849K(1398272K)] 1380828K->187849K(1893888K), [Metaspace: 59720K->59720K(1105920K)], 0.4541101 secs] [Times: user=2.11 sys=0.00, real=0.45 secs] 
5939.585: [GC (Allocation Failure) [PSYoungGen: 300032K->101856K(496640K)] 487881K->289705K(1894912K), 0.0431385 secs] [Times: user=0.25 sys=0.00, real=0.05 secs] 
5941.065: [GC (Allocation Failure) [PSYoungGen: 408032K->149472K(499200K)] 595881K->433846K(1897472K), 0.0504990 secs] [Times: user=0.30 sys=0.00, real=0.05 secs] 
5942.542: [GC (Allocation Failure) [PSYoungGen: 455648K->101120K(502272K)] 740022K->526638K(1900544K), 0.0648000 secs] [Times: user=0.39 sys=0.00, real=0.06 secs] 
5945.524: [GC (Allocation Failure) [PSYoungGen: 410368K->145632K(502272K)] 835886K->668383K(1900544K), 0.0500594 secs] [Times: user=0.29 sys=0.00, real=0.05 secs] 
5947.337: [GC (Allocation Failure) [PSYoungGen: 454880K->105664K(499712K)] 977631K->765011K(1897984K), 0.0817527 secs] [Times: user=0.49 sys=0.01, real=0.08 secs] 
5948.119: [GC (Allocation Failure) [PSYoungGen: 416448K->149824K(501760K)] 1075795K->911484K(1900032K), 0.0529629 secs] [Times: user=0.31 sys=0.00, real=0.05 secs] 
5949.559: [GC (Allocation Failure) [PSYoungGen: 460608K->104736K(504320K)] 1222268K->1007164K(1902592K), 0.0761302 secs] [Times: user=0.45 sys=0.00, real=0.07 secs] 
5951.128: [GC (Allocation Failure) [PSYoungGen: 418080K->150272K(504320K)] 1320508K->1154339K(1902592K), 0.0528603 secs] [Times: user=0.31 sys=0.00, real=0.05 secs] 
5952.532: [GC (Allocation Failure) [PSYoungGen: 463616K->107520K(503808K)] 1467683K->1253091K(1902080K), 0.0735944 secs] [Times: user=0.44 sys=0.00, real=0.07 secs] 
5954.393: [GC (Allocation Failure) [PSYoungGen: 421376K->148640K(504320K)] 1566947K->1398724K(1902592K), 0.0542723 secs] [Times: user=0.32 sys=0.00, real=0.06 secs] 
5954.447: [Full GC (Ergonomics) [PSYoungGen: 148640K->0K(504320K)] [ParOldGen: 1250084K->195432K(1398272K)] 1398724K->195432K(1902592K), [Metaspace: 59721K->59721K(1105920K)], 0.4773049 secs] [Times: user=2.22 sys=0.00, real=0.47 secs] 
5957.197: [GC (Allocation Failure) [PSYoungGen: 313856K->101920K(505856K)] 509288K->297352K(1904128K), 0.0627041 secs] [Times: user=0.36 sys=0.00, real=0.06 secs] 
5958.169: [GC (Allocation Failure) [PSYoungGen: 410775K->149216K(505856K)] 606208K->442993K(1904128K), 0.0490081 secs] [Times: user=0.29 sys=0.00, real=0.05 secs] 
5960.134: [GC (Allocation Failure) [PSYoungGen: 464608K->109536K(503808K)] 758385K->543737K(1902080K), 0.1499067 secs] [Times: user=0.88 sys=0.01, real=0.15 secs] 
5960.916: [GC (Allocation Failure) [PSYoungGen: 409365K->143744K(504832K)] 843566K->681678K(1903104K), 0.0509940 secs] [Times: user=0.30 sys=0.00, real=0.06 secs] 
5963.107: [GC (Allocation Failure) [PSYoungGen: 459136K->108000K(503808K)] 997070K->780730K(1902080K), 0.1014021 secs] [Times: user=0.60 sys=0.00, real=0.10 secs] 
5963.705: [GC (Allocation Failure) [PSYoungGen: 427488K->154080K(506368K)] 1100218K->931643K(1904640K), 0.0528887 secs] [Times: user=0.30 sys=0.01, real=0.06 secs] 
5966.437: [GC (Allocation Failure) [PSYoungGen: 473568K->96800K(508416K)] 1251131K->1027939K(1906688K), 0.1690423 secs] [Times: user=1.01 sys=0.00, real=0.16 secs] 
5967.065: [GC (Allocation Failure) [PSYoungGen: 413728K->157632K(474624K)] 1344867K->1179255K(1872896K), 0.0561118 secs] [Times: user=0.33 sys=0.00, real=0.06 secs] 
5969.928: [GC (Allocation Failure) [PSYoungGen: 474560K->95168K(503808K)] 1496183K->1274480K(1902080K), 0.1421545 secs] [Times: user=0.84 sys=0.00, real=0.14 secs] 
5970.921: [GC (Allocation Failure) [PSYoungGen: 402880K->151008K(458752K)] 1582192K->1419179K(1857024K), 0.0555620 secs] [Times: user=0.33 sys=0.00, real=0.06 secs] 
5970.977: [Full GC (Ergonomics) [PSYoungGen: 151008K->0K(458752K)] [ParOldGen: 1268171K->218048K(1398272K)] 1419179K->218048K(1857024K), [Metaspace: 59721K->59721K(1105920K)], 0.5192338 secs] [Times: user=2.42 sys=0.00, real=0.51 secs] 
5975.774: [GC (Allocation Failure) [PSYoungGen: 307712K->86400K(501248K)] 525760K->304448K(1899520K), 0.1296782 secs] [Times: user=0.77 sys=0.00, real=0.13 secs] 
5976.385: [GC (Allocation Failure) [PSYoungGen: 390016K->152128K(456192K)] 608064K->451065K(1854464K), 0.0522313 secs] [Times: user=0.31 sys=0.00, real=0.06 secs] 
5978.576: [GC (Allocation Failure) [PSYoungGen: 455744K->91936K(499712K)] 754681K->543193K(1897984K), 0.1182563 secs] [Times: user=0.70 sys=0.00, real=0.12 secs] 
5979.671: [GC (Allocation Failure) [PSYoungGen: 390944K->146784K(498176K)] 842201K->684451K(1896448K), 0.0530550 secs] [Times: user=0.32 sys=0.00, real=0.05 secs] 
5982.217: [GC (Allocation Failure) [PSYoungGen: 445792K->88832K(498176K)] 983459K->773067K(1896448K), 0.1045750 secs] [Times: user=0.62 sys=0.00, real=0.10 secs] 
5984.334: [GC (Allocation Failure) [PSYoungGen: 387840K->142336K(498176K)] 1072075K->911211K(1896448K), 0.0495686 secs] [Times: user=0.29 sys=0.00, real=0.05 secs] 
5986.286: [GC (Allocation Failure) [PSYoungGen: 441344K->98144K(493568K)] 1210219K->1000931K(1891840K), 0.0635560 secs] [Times: user=0.37 sys=0.00, real=0.07 secs] 
5988.409: [GC (Allocation Failure) [PSYoungGen: 398688K->142528K(496640K)] 1301475K->1139784K(1894912K), 0.0486558 secs] [Times: user=0.29 sys=0.00, real=0.05 secs] 
5989.969: [GC (Allocation Failure) [PSYoungGen: 443072K->102368K(495104K)] 1440328K->1233320K(1893376K), 0.0636692 secs] [Times: user=0.38 sys=0.00, real=0.06 secs] 
5990.660: [GC (Allocation Failure) [PSYoungGen: 408544K->148736K(498688K)] 1539496K->1378962K(1896960K), 0.0521301 secs] [Times: user=0.31 sys=0.00, real=0.05 secs] 
5990.713: [Full GC (Ergonomics) [PSYoungGen: 148736K->0K(498688K)] [ParOldGen: 1230226K->185085K(1398272K)] 1378962K->185085K(1896960K), [Metaspace: 59721K->59721K(1105920K)], 0.4543879 secs] [Times: user=2.12 sys=0.00, real=0.46 secs] 
5993.122: [GC (Allocation Failure) [PSYoungGen: 305495K->100128K(503296K)] 490581K->285213K(1901568K), 0.0319771 secs] [Times: user=0.19 sys=0.00, real=0.03 secs] 
5994.241: [GC (Allocation Failure) [PSYoungGen: 410912K->147648K(503296K)] 595997K->430626K(1901568K), 0.0507396 secs] [Times: user=0.30 sys=0.00, real=0.05 secs] 
5996.200: [GC (Allocation Failure) [PSYoungGen: 458432K->104128K(501760K)] 741410K->525890K(1900032K), 0.0651316 secs] [Times: user=0.39 sys=0.00, real=0.06 secs] 
5997.381: [GC (Allocation Failure) [PSYoungGen: 415424K->151136K(502784K)] 837186K->674180K(1901056K), 0.0524123 secs] [Times: user=0.31 sys=0.00, real=0.05 secs] 
5999.763: [GC (Allocation Failure) [PSYoungGen: 462432K->101440K(504320K)] 985476K->767500K(1902592K), 0.0663387 secs] [Times: user=0.40 sys=0.00, real=0.07 secs] 
6000.918: [GC (Allocation Failure) [PSYoungGen: 412224K->149184K(503296K)] 1078284K->913813K(1901568K), 0.0514135 secs] [Times: user=0.31 sys=0.00, real=0.05 secs] 
6003.651: [GC (Allocation Failure) [PSYoungGen: 459968K->103840K(502784K)] 1224597K->1009413K(1901056K), 0.0662687 secs] [Times: user=0.40 sys=0.00, real=0.07 secs] 
6005.495: [GC (Allocation Failure) [PSYoungGen: 415136K->147168K(503296K)] 1320709K->1153010K(1901568K), 0.0528556 secs] [Times: user=0.28 sys=0.00, real=0.06 secs] 
6006.700: [GC (Allocation Failure) [PSYoungGen: 458464K->106784K(501760K)] 1464306K->1250822K(1900032K), 0.0804514 secs] [Times: user=0.48 sys=0.00, real=0.08 secs] 
6007.470: [GC (Allocation Failure) [PSYoungGen: 415820K->150336K(503296K)] 1559858K->1398252K(1901568K), 0.0532009 secs] [Times: user=0.32 sys=0.00, real=0.05 secs] 
6007.523: [Full GC (Ergonomics) [PSYoungGen: 150336K->0K(503296K)] [ParOldGen: 1247916K->195630K(1398272K)] 1398252K->195630K(1901568K), [Metaspace: 59721K->59721K(1105920K)], 0.4741479 secs] [Times: user=2.19 sys=0.00, real=0.48 secs] 
6010.283: [GC (Allocation Failure) [PSYoungGen: 312832K->104096K(505344K)] 508462K->299726K(1903616K), 0.0785499 secs] [Times: user=0.39 sys=0.00, real=0.08 secs] 
6012.045: [GC (Allocation Failure) [PSYoungGen: 415009K->147200K(505344K)] 610640K->443027K(1903616K), 0.0496237 secs] [Times: user=0.29 sys=0.00, real=0.05 secs] 
6013.861: [GC (Allocation Failure) [PSYoungGen: 462080K->107328K(504320K)] 757907K->541487K(1902592K), 0.1523594 secs] [Times: user=0.91 sys=0.00, real=0.15 secs] 
6014.751: [GC (Allocation Failure) [PSYoungGen: 409849K->143904K(505344K)] 844009K->681862K(1903616K), 0.0506988 secs] [Times: user=0.30 sys=0.00, real=0.05 secs] 
6017.066: [GC (Allocation Failure) [PSYoungGen: 459808K->105216K(504832K)] 997766K->778106K(1903104K), 0.1608445 secs] [Times: user=0.96 sys=0.01, real=0.17 secs] 
6018.907: [GC (Allocation Failure) [PSYoungGen: 411971K->145856K(506880K)] 1084862K->919979K(1905152K), 0.0504572 secs] [Times: user=0.30 sys=0.00, real=0.05 secs] 
6020.454: [GC (GCLocker Initiated GC) [PSYoungGen: 465344K->106752K(506880K)] 1239467K->1017907K(1905152K), 0.1700116 secs] [Times: user=1.00 sys=0.01, real=0.17 secs] 
6021.428: [GC (Allocation Failure) [PSYoungGen: 429312K->155584K(478208K)] 1340470K->1169971K(1876480K), 0.0528515 secs] [Times: user=0.31 sys=0.00, real=0.05 secs] 
6024.543: [GC (Allocation Failure) [PSYoungGen: 478144K->99072K(508928K)] 1492531K->1268539K(1907200K), 0.1801011 secs] [Times: user=1.08 sys=0.00, real=0.18 secs] 
6025.340: [GC (Allocation Failure) [PSYoungGen: 416512K->157024K(474624K)] 1585979K->1419592K(1872896K), 0.0571022 secs] [Times: user=0.34 sys=0.00, real=0.06 secs] 
6025.398: [Full GC (Ergonomics) [PSYoungGen: 157024K->0K(474624K)] [ParOldGen: 1262568K->218512K(1398272K)] 1419592K->218512K(1872896K), [Metaspace: 59721K->59721K(1105920K)], 0.5291290 secs] [Times: user=2.48 sys=0.00, real=0.53 secs] 
6028.463: [GC (Allocation Failure) [PSYoungGen: 317440K->96672K(504832K)] 535952K->315184K(1903104K), 0.1414598 secs] [Times: user=0.84 sys=0.00, real=0.14 secs] 
6028.888: [GC (Allocation Failure) [PSYoungGen: 405920K->153600K(463360K)] 624432K->463033K(1861632K), 0.0555711 secs] [Times: user=0.33 sys=0.01, real=0.05 secs] 
6031.488: [GC (Allocation Failure) [PSYoungGen: 462848K->92832K(502272K)] 772281K->555573K(1900544K), 0.1525790 secs] [Times: user=0.90 sys=0.01, real=0.15 secs] 
6031.885: [GC (Allocation Failure) [PSYoungGen: 397472K->151136K(456192K)] 860213K->701026K(1854464K), 0.0555403 secs] [Times: user=0.32 sys=0.00, real=0.06 secs] 
6033.658: [GC (Allocation Failure) [PSYoungGen: 455776K->96064K(501248K)] 1005666K->796674K(1899520K), 0.0757371 secs] [Times: user=0.45 sys=0.00, real=0.07 secs] 
6034.037: [GC (Allocation Failure) [PSYoungGen: 398144K->146208K(499712K)] 1098754K->937291K(1897984K), 0.0723544 secs] [Times: user=0.43 sys=0.00, real=0.07 secs] 
6037.293: [GC (Allocation Failure) [PSYoungGen: 448288K->87232K(500736K)] 1239371K->1024331K(1899008K), 0.1556527 secs] [Times: user=0.92 sys=0.01, real=0.16 secs] 
6038.064: [GC (Allocation Failure) [PSYoungGen: 389824K->149440K(452096K)] 1326923K->1167900K(1850368K), 0.0541512 secs] [Times: user=0.32 sys=0.00, real=0.06 secs] 
6040.501: [GC (Allocation Failure) [PSYoungGen: 452032K->90880K(500224K)] 1470492K->1258304K(1898496K), 0.1521583 secs] [Times: user=0.90 sys=0.01, real=0.15 secs] 
6041.172: [GC (Allocation Failure) [PSYoungGen: 390912K->149632K(450048K)] 1558336K->1401885K(1848320K), 0.0538865 secs] [Times: user=0.32 sys=0.00, real=0.05 secs] 
6041.226: [Full GC (Ergonomics) [PSYoungGen: 149632K->0K(450048K)] [ParOldGen: 1252253K->209217K(1398272K)] 1401885K->209217K(1848320K), [Metaspace: 59721K->59721K(1105920K)], 0.4950804 secs] [Times: user=2.30 sys=0.00, real=0.50 secs] 
6043.672: [GC (Allocation Failure) [PSYoungGen: 300032K->88448K(499200K)] 509249K->297665K(1897472K), 0.1653832 secs] [Times: user=0.99 sys=0.00, real=0.17 secs] 
6044.588: [GC (Allocation Failure) [PSYoungGen: 381208K->140928K(439296K)] 590426K->434630K(1837568K), 0.0479488 secs] [Times: user=0.28 sys=0.00, real=0.04 secs] 
6045.959: [GC (Allocation Failure) [PSYoungGen: 438912K->99392K(500736K)] 732614K->525306K(1899008K), 0.0643793 secs] [Times: user=0.38 sys=0.01, real=0.06 secs] 
6047.403: [GC (Allocation Failure) [PSYoungGen: 400960K->144672K(497152K)] 826874K->666671K(1895424K), 0.0485907 secs] [Times: user=0.28 sys=0.01, real=0.05 secs] 
6050.043: [GC (Allocation Failure) [PSYoungGen: 446240K->97312K(499200K)] 968239K->755583K(1897472K), 0.0630899 secs] [Times: user=0.38 sys=0.01, real=0.06 secs] 
6051.993: [GC (Allocation Failure) [PSYoungGen: 403488K->154816K(461312K)] 1061759K->906524K(1859584K), 0.0499479 secs] [Times: user=0.30 sys=0.00, real=0.05 secs] 
6053.176: [GC (Allocation Failure) [PSYoungGen: 460992K->103936K(503808K)] 1212700K->993304K(1902080K), 0.0643075 secs] [Times: user=0.38 sys=0.00, real=0.07 secs] 
6054.089: [GC (Allocation Failure) [PSYoungGen: 408064K->146432K(499200K)] 1297432K->1136457K(1897472K), 0.0516863 secs] [Times: user=0.30 sys=0.00, real=0.05 secs] 
6056.560: [GC (Allocation Failure) [PSYoungGen: 450560K->101312K(499200K)] 1440585K->1228905K(1897472K), 0.0652898 secs] [Times: user=0.39 sys=0.00, real=0.06 secs] 
6057.418: [GC (Allocation Failure) [PSYoungGen: 408000K->147840K(500224K)] 1535593K->1374586K(1898496K), 0.0522120 secs] [Times: user=0.31 sys=0.00, real=0.05 secs] 
6057.471: [Full GC (Ergonomics) [PSYoungGen: 147840K->0K(500224K)] [ParOldGen: 1226746K->182553K(1398272K)] 1374586K->182553K(1898496K), [Metaspace: 59725K->59725K(1105920K)], 0.4485146 secs] [Times: user=2.08 sys=0.00, real=0.45 secs] 
6059.607: [GC (Allocation Failure) [PSYoungGen: 306688K->101728K(501760K)] 489241K->284281K(1900032K), 0.0326047 secs] [Times: user=0.19 sys=0.00, real=0.03 secs] 
6061.528: [GC (Allocation Failure) [PSYoungGen: 410976K->148064K(502272K)] 593529K->429578K(1900544K), 0.0513503 secs] [Times: user=0.30 sys=0.00, real=0.05 secs] 
6062.721: [GC (Allocation Failure) [PSYoungGen: 457312K->104256K(501248K)] 738826K->525202K(1899520K), 0.0653368 secs] [Times: user=0.39 sys=0.00, real=0.07 secs] 
6064.691: [GC (Allocation Failure) [PSYoungGen: 414528K->148256K(502272K)] 835474K->670055K(1900544K), 0.0517859 secs] [Times: user=0.30 sys=0.00, real=0.05 secs] 
6065.943: [GC (Allocation Failure) [PSYoungGen: 458528K->102848K(503296K)] 980327K->764347K(1901568K), 0.0656538 secs] [Times: user=0.39 sys=0.00, real=0.07 secs] 
6068.084: [GC (Allocation Failure) [PSYoungGen: 415168K->151424K(503808K)] 1076667K->912497K(1902080K), 0.0514346 secs] [Times: user=0.30 sys=0.00, real=0.05 secs] 
6070.106: [GC (Allocation Failure) [PSYoungGen: 463744K->102144K(504320K)] 1224817K->1006201K(1902592K), 0.0715494 secs] [Times: user=0.42 sys=0.01, real=0.08 secs] 
6071.309: [GC (Allocation Failure) [PSYoungGen: 413952K->152384K(464384K)] 1318009K->1155439K(1862656K), 0.0546543 secs] [Times: user=0.29 sys=0.01, real=0.05 secs] 
6073.538: [GC (Allocation Failure) [PSYoungGen: 464192K->100352K(505344K)] 1467247K->1247607K(1903616K), 0.0663534 secs] [Times: user=0.39 sys=0.00, real=0.06 secs] 
6075.380: [GC (Allocation Failure) [PSYoungGen: 409600K->148096K(502784K)] 1556855K->1391899K(1901056K), 0.0503283 secs] [Times: user=0.30 sys=0.00, real=0.05 secs] 
6075.430: [Full GC (Ergonomics) [PSYoungGen: 148096K->0K(502784K)] [ParOldGen: 1243803K->189937K(1398272K)] 1391899K->189937K(1901056K), [Metaspace: 59732K->59732K(1105920K)], 0.4647884 secs] [Times: user=2.16 sys=0.00, real=0.46 secs] 
6076.995: [GC (Allocation Failure) [PSYoungGen: 309248K->104768K(501248K)] 499185K->294705K(1899520K), 0.0470529 secs] [Times: user=0.28 sys=0.00, real=0.05 secs] 
6079.976: [GC (Allocation Failure) [PSYoungGen: 414528K->144224K(502272K)] 604465K->435158K(1900544K), 0.0503671 secs] [Times: user=0.30 sys=0.00, real=0.05 secs] 
6081.158: [GC (Allocation Failure) [PSYoungGen: 453984K->106336K(499712K)] 744918K->532710K(1897984K), 0.0806170 secs] [Times: user=0.48 sys=0.00, real=0.08 secs] 
6083.104: [GC (Allocation Failure) [PSYoungGen: 419680K->147744K(502784K)] 846054K->676911K(1901056K), 0.0515549 secs] [Times: user=0.30 sys=0.00, real=0.05 secs] 
6085.370: [GC (GCLocker Initiated GC) [PSYoungGen: 461088K->103904K(506880K)] 990255K->771967K(1905152K), 0.1715230 secs] [Times: user=1.02 sys=0.01, real=0.17 secs] 
6087.407: [GC (Allocation Failure) [PSYoungGen: 421344K->143072K(506880K)] 1105796K->927779K(1905152K), 0.2178833 secs] [Times: user=1.31 sys=0.00, real=0.21 secs] 
6089.702: [GC (Allocation Failure) [PSYoungGen: 460512K->98368K(505856K)] 1245219K->1026335K(1904128K), 0.4149255 secs] [Times: user=2.48 sys=0.01, real=0.42 secs] 
6090.740: [GC (Allocation Failure) [PSYoungGen: 417856K->155488K(475136K)] 1345823K->1175948K(1873408K), 0.0560263 secs] [Times: user=0.33 sys=0.00, real=0.05 secs] 
6093.312: [GC (Allocation Failure) [PSYoungGen: 474976K->99584K(507392K)] 1495436K->1274428K(1905664K), 0.1536962 secs] [Times: user=0.92 sys=0.00, real=0.15 secs] 
6093.729: [GC (Allocation Failure) [PSYoungGen: 413440K->155616K(469504K)] 1588284K->1424317K(1867776K), 0.0579588 secs] [Times: user=0.35 sys=0.00, real=0.06 secs] 
6093.787: [Full GC (Ergonomics) [PSYoungGen: 155616K->0K(469504K)] [ParOldGen: 1268701K->222601K(1398272K)] 1424317K->222601K(1867776K), [Metaspace: 59734K->59734K(1105920K)], 0.5354316 secs] [Times: user=2.50 sys=0.00, real=0.53 secs] 
6096.804: [GC (Allocation Failure) [PSYoungGen: 313856K->95360K(503808K)] 536457K->317961K(1902080K), 0.1089446 secs] [Times: user=0.65 sys=0.00, real=0.11 secs] 
6097.193: [GC (Allocation Failure) [PSYoungGen: 402560K->150528K(458240K)] 625161K->462150K(1856512K), 0.0556575 secs] [Times: user=0.32 sys=0.02, real=0.06 secs] 
6099.784: [GC (GCLocker Initiated GC) [PSYoungGen: 457728K->93504K(502784K)] 769350K->554842K(1901056K), 0.1623971 secs] [Times: user=0.97 sys=0.00, real=0.16 secs] 
6100.224: [GC (Allocation Failure) [PSYoungGen: 398656K->167584K(473088K)] 859997K->716770K(1871360K), 0.0561357 secs] [Times: user=0.33 sys=0.00, real=0.06 secs] 
6102.858: [GC (Allocation Failure) [PSYoungGen: 472736K->90848K(495104K)] 1021922K->791050K(1893376K), 0.1775952 secs] [Times: user=1.06 sys=0.00, real=0.17 secs] 
6103.277: [GC (Allocation Failure) [PSYoungGen: 380640K->143808K(433664K)] 1080842K->929107K(1831936K), 0.0539124 secs] [Times: user=0.32 sys=0.00, real=0.05 secs] 
6104.908: [GC (Allocation Failure) [PSYoungGen: 433600K->89152K(494592K)] 1218899K->1018007K(1892864K), 0.1172087 secs] [Times: user=0.69 sys=0.00, real=0.11 secs] 
6105.522: [GC (Allocation Failure) [PSYoungGen: 380480K->145664K(493056K)] 1309335K->1158256K(1891328K), 0.0522330 secs] [Times: user=0.31 sys=0.00, real=0.05 secs] 
6107.872: [GC (Allocation Failure) [PSYoungGen: 436992K->84224K(496128K)] 1449584K->1242340K(1894400K), 0.1111728 secs] [Times: user=0.66 sys=0.00, real=0.11 secs] 
6108.902: [GC (GCLocker Initiated GC) [PSYoungGen: 378624K->144064K(496128K)] 1536740K->1382345K(1894400K), 0.0475563 secs] [Times: user=0.28 sys=0.01, real=0.05 secs] 
6108.949: [Full GC (Ergonomics) [PSYoungGen: 144064K->0K(496128K)] [ParOldGen: 1238281K->190372K(1398272K)] 1382345K->190372K(1894400K), [Metaspace: 59734K->59734K(1105920K)], 0.4649841 secs] [Times: user=2.16 sys=0.00, real=0.46 secs] 
6110.454: [GC (Allocation Failure) [PSYoungGen: 294400K->94816K(491520K)] 486824K->287240K(1889792K), 0.0459749 secs] [Times: user=0.27 sys=0.00, real=0.05 secs] 
6112.507: [GC (Allocation Failure) [PSYoungGen: 389728K->142272K(494080K)] 582152K->427878K(1892352K), 0.0475069 secs] [Times: user=0.28 sys=0.00, real=0.04 secs] 
6114.074: [GC (Allocation Failure) [PSYoungGen: 437184K->97824K(493056K)] 722790K->517366K(1891328K), 0.0749803 secs] [Times: user=0.45 sys=0.00, real=0.08 secs] 
6115.098: [GC (Allocation Failure) [PSYoungGen: 397856K->141792K(496128K)] 817398K->657127K(1894400K), 0.0500592 secs] [Times: user=0.29 sys=0.00, real=0.05 secs] 
6117.611: [GC (Allocation Failure) [PSYoungGen: 441824K->101312K(495104K)] 957159K->749615K(1893376K), 0.0640722 secs] [Times: user=0.38 sys=0.00, real=0.06 secs] 
6119.234: [GC (Allocation Failure) [PSYoungGen: 407488K->142464K(498688K)] 1055791K->890592K(1896960K), 0.0522954 secs] [Times: user=0.31 sys=0.00, real=0.05 secs] 
6120.713: [GC (Allocation Failure) [PSYoungGen: 448640K->105024K(499200K)] 1196768K->986744K(1897472K), 0.0685872 secs] [Times: user=0.41 sys=0.00, real=0.07 secs] 
6122.277: [GC (Allocation Failure) [PSYoungGen: 417856K->153760K(502272K)] 1299576K->1139225K(1900544K), 0.0534338 secs] [Times: user=0.32 sys=0.00, real=0.05 secs] 
6123.456: [GC (Allocation Failure) [PSYoungGen: 466592K->109440K(504832K)] 1452057K->1231465K(1903104K), 0.0673465 secs] [Times: user=0.39 sys=0.01, real=0.07 secs] 
6124.430: [GC (Allocation Failure) [PSYoungGen: 422784K->156896K(470528K)] 1544809K->1386182K(1868800K), 0.0553836 secs] [Times: user=0.33 sys=0.00, real=0.05 secs] 
6124.485: [Full GC (Ergonomics) [PSYoungGen: 156896K->0K(470528K)] [ParOldGen: 1229286K->175201K(1398272K)] 1386182K->175201K(1868800K), [Metaspace: 59734K->59734K(1105920K)], 0.4233944 secs] [Times: user=1.95 sys=0.00, real=0.43 secs] 
6126.418: [GC (Allocation Failure) [PSYoungGen: 313344K->107360K(506368K)] 488545K->282561K(1904640K), 0.0348126 secs] [Times: user=0.20 sys=0.00, real=0.03 secs] 
6128.069: [GC (Allocation Failure) [PSYoungGen: 417632K->154528K(464896K)] 592833K->434690K(1863168K), 0.0538555 secs] [Times: user=0.31 sys=0.00, real=0.05 secs] 
6129.908: [GC (Allocation Failure) [PSYoungGen: 464800K->107456K(505856K)] 744962K->524862K(1904128K), 0.0650826 secs] [Times: user=0.39 sys=0.00, real=0.06 secs] 
6131.879: [GC (Allocation Failure) [PSYoungGen: 416192K->143040K(501760K)] 833598K->665477K(1900032K), 0.0527303 secs] [Times: user=0.31 sys=0.00, real=0.05 secs] 
6133.046: [GC (Allocation Failure) [PSYoungGen: 451776K->107968K(502784K)] 974213K->763601K(1901056K), 0.0649630 secs] [Times: user=0.38 sys=0.00, real=0.07 secs] 
6134.861: [GC (Allocation Failure) [PSYoungGen: 419776K->154304K(501760K)] 1075409K->915430K(1900032K), 0.0537624 secs] [Times: user=0.32 sys=0.00, real=0.05 secs] 
6136.118: [GC (GCLocker Initiated GC) [PSYoungGen: 466112K->106944K(505856K)] 1227239K->1004995K(1904128K), 0.0889033 secs] [Times: user=0.52 sys=0.00, real=0.09 secs] 
6137.524: [GC (Allocation Failure) [PSYoungGen: 420800K->150848K(504832K)] 1318854K->1152872K(1903104K), 0.0526758 secs] [Times: user=0.32 sys=0.00, real=0.05 secs] 
6139.966: [GC (GCLocker Initiated GC) [PSYoungGen: 464704K->104384K(505344K)] 1466730K->1248842K(1903616K), 0.0667114 secs] [Times: user=0.40 sys=0.00, real=0.07 secs] 
6141.089: [GC (Allocation Failure) [PSYoungGen: 417728K->151072K(504832K)] 1562218K->1396759K(1903104K), 0.0520685 secs] [Times: user=0.31 sys=0.00, real=0.05 secs] 
6141.141: [Full GC (Ergonomics) [PSYoungGen: 151072K->0K(504832K)] [ParOldGen: 1245687K->193892K(1398272K)] 1396759K->193892K(1903104K), [Metaspace: 59734K->59734K(1105920K)], 0.4729253 secs] [Times: user=2.20 sys=0.00, real=0.47 secs] 
6144.176: [GC (Allocation Failure) [PSYoungGen: 313344K->101120K(505856K)] 507236K->295012K(1904128K), 0.0410339 secs] [Times: user=0.24 sys=0.00, real=0.05 secs] 
6145.638: [GC (Allocation Failure) [PSYoungGen: 413440K->147744K(504832K)] 607332K->439191K(1903104K), 0.0493070 secs] [Times: user=0.29 sys=0.01, real=0.05 secs] 
6146.948: [GC (Allocation Failure) [PSYoungGen: 460064K->108928K(501248K)] 751511K->538883K(1899520K), 0.0717848 secs] [Times: user=0.43 sys=0.00, real=0.07 secs] 
6147.861: [GC (Allocation Failure) [PSYoungGen: 410042K->145760K(503296K)] 839997K->681420K(1901568K), 0.0527247 secs] [Times: user=0.31 sys=0.00, real=0.05 secs] 
6150.132: [GC (Allocation Failure) [PSYoungGen: 458592K->102880K(505344K)] 994252K->775788K(1903616K), 0.1520861 secs] [Times: user=0.90 sys=0.00, real=0.15 secs] 
6151.845: [GC (Allocation Failure) [PSYoungGen: 414881K->147936K(506368K)] 1087789K->919800K(1904640K), 0.0510870 secs] [Times: user=0.31 sys=0.00, real=0.05 secs] 
6153.795: [GC (Allocation Failure) [PSYoungGen: 464864K->106464K(505344K)] 1236728K->1017616K(1903616K), 0.1681991 secs] [Times: user=1.00 sys=0.00, real=0.17 secs] 
6155.107: [GC (Allocation Failure) [PSYoungGen: 414938K->144864K(506368K)] 1326091K->1158589K(1904640K), 0.0520047 secs] [Times: user=0.30 sys=0.00, real=0.05 secs] 
6157.105: [GC (Allocation Failure) [PSYoungGen: 462816K->108576K(505344K)] 1476541K->1258345K(1903616K), 0.1108838 secs] [Times: user=0.65 sys=0.01, real=0.11 secs] 
6157.529: [GC (Allocation Failure) [PSYoungGen: 429600K->155360K(507392K)] 1579369K->1409694K(1905664K), 0.0541028 secs] [Times: user=0.32 sys=0.00, real=0.05 secs] 
6157.584: [Full GC (Ergonomics) [PSYoungGen: 155360K->0K(507392K)] [ParOldGen: 1254334K->208483K(1398272K)] 1409694K->208483K(1905664K), [Metaspace: 59735K->59735K(1105920K)], 0.4985892 secs] [Times: user=2.33 sys=0.00, real=0.50 secs] 
6160.792: [GC (Allocation Failure) [PSYoungGen: 321024K->96288K(508416K)] 529507K->304772K(1906688K), 0.1561464 secs] [Times: user=0.93 sys=0.01, real=0.16 secs] 
6161.451: [GC (Allocation Failure) [PSYoungGen: 413216K->157728K(475136K)] 621700K->456156K(1873408K), 0.0555378 secs] [Times: user=0.33 sys=0.00, real=0.05 secs] 
6164.127: [GC (Allocation Failure) [PSYoungGen: 474656K->93568K(503296K)] 773084K->549564K(1901568K), 0.1261189 secs] [Times: user=0.75 sys=0.01, real=0.12 secs] 
6164.488: [GC (Allocation Failure) [PSYoungGen: 400768K->153504K(460800K)] 856764K->697074K(1859072K), 0.0558537 secs] [Times: user=0.33 sys=0.00, real=0.05 secs] 
6167.534: [GC (Allocation Failure) [PSYoungGen: 460704K->90368K(500736K)] 1004274K->787598K(1899008K), 0.1213212 secs] [Times: user=0.72 sys=0.01, real=0.12 secs] 
6167.884: [GC (Allocation Failure) [PSYoungGen: 392448K->151136K(453632K)] 1089678K->932859K(1851904K), 0.0539679 secs] [Times: user=0.32 sys=0.00, real=0.06 secs] 
6171.302: [GC (Allocation Failure) [PSYoungGen: 453216K->87168K(498688K)] 1234939K->1020011K(1896960K), 0.1260704 secs] [Times: user=0.75 sys=0.00, real=0.13 secs] 
6171.874: [GC (Allocation Failure) [PSYoungGen: 385152K->147648K(445952K)] 1317995K->1161545K(1844224K), 0.0517988 secs] [Times: user=0.30 sys=0.00, real=0.05 secs] 
6174.755: [GC (Allocation Failure) [PSYoungGen: 445632K->88352K(498688K)] 1459529K->1249301K(1896960K), 0.1192645 secs] [Times: user=0.71 sys=0.00, real=0.12 secs] 
6175.436: [GC (Allocation Failure) [PSYoungGen: 385312K->144384K(497152K)] 1546261K->1389806K(1895424K), 0.0501200 secs] [Times: user=0.30 sys=0.00, real=0.05 secs] 
6175.486: [Full GC (Ergonomics) [PSYoungGen: 144384K->0K(497152K)] [ParOldGen: 1245422K->196219K(1398272K)] 1389806K->196219K(1895424K), [Metaspace: 59735K->59735K(1105920K)], 0.4804882 secs] [Times: user=2.24 sys=0.00, real=0.48 secs] 
6177.056: [GC (Allocation Failure) [PSYoungGen: 296960K->99296K(493568K)] 493179K->295515K(1891840K), 0.0341533 secs] [Times: user=0.20 sys=0.00, real=0.04 secs] 
6178.329: [GC (Allocation Failure) [PSYoungGen: 397280K->145344K(495616K)] 593499K->437540K(1893888K), 0.0485070 secs] [Times: user=0.29 sys=0.00, real=0.05 secs] 
6179.616: [GC (Allocation Failure) [PSYoungGen: 443328K->100768K(495104K)] 735524K->529780K(1893376K), 0.0879499 secs] [Times: user=0.52 sys=0.00, real=0.09 secs] 
6182.066: [GC (Allocation Failure) [PSYoungGen: 403360K->144160K(497664K)] 832372K->668437K(1895936K), 0.0493566 secs] [Times: user=0.29 sys=0.00, real=0.05 secs] 
6183.399: [GC (Allocation Failure) [PSYoungGen: 446752K->101568K(497664K)] 971029K->761441K(1895936K), 0.0634693 secs] [Times: user=0.38 sys=0.01, real=0.06 secs] 
6185.379: [GC (Allocation Failure) [PSYoungGen: 409280K->145152K(500224K)] 1069153K->904642K(1898496K), 0.0510412 secs] [Times: user=0.30 sys=0.00, real=0.05 secs] 
6187.298: [GC (Allocation Failure) [PSYoungGen: 452864K->101952K(501248K)] 1212354K->998082K(1899520K), 0.0645070 secs] [Times: user=0.38 sys=0.01, real=0.06 secs] 
6189.118: [GC (Allocation Failure) [PSYoungGen: 413760K->158080K(470016K)] 1309890K->1153755K(1868288K), 0.0527849 secs] [Times: user=0.32 sys=0.00, real=0.05 secs] 
6190.793: [GC (Allocation Failure) [PSYoungGen: 469888K->104192K(504832K)] 1465563K->1241235K(1903104K), 0.0662886 secs] [Times: user=0.39 sys=0.00, real=0.07 secs] 
6192.826: [GC (Allocation Failure) [PSYoungGen: 411392K->144960K(501248K)] 1548435K->1383460K(1899520K), 0.0520071 secs] [Times: user=0.31 sys=0.00, real=0.06 secs] 
6192.878: [Full GC (Ergonomics) [PSYoungGen: 144960K->0K(501248K)] [ParOldGen: 1238500K->181000K(1398272K)] 1383460K->181000K(1899520K), [Metaspace: 59735K->59735K(1105920K)], 0.4397728 secs] [Times: user=2.04 sys=0.00, real=0.44 secs] 
6195.416: [GC (Allocation Failure) [PSYoungGen: 307200K->103168K(501248K)] 488200K->284168K(1899520K), 0.0515398 secs] [Times: user=0.30 sys=0.00, real=0.06 secs] 
6196.891: [GC (Allocation Failure) [PSYoungGen: 412928K->145024K(501760K)] 593928K->426189K(1900032K), 0.0517810 secs] [Times: user=0.30 sys=0.00, real=0.05 secs] 
6198.052: [GC (Allocation Failure) [PSYoungGen: 454784K->106592K(500736K)] 735949K->523805K(1899008K), 0.0648643 secs] [Times: user=0.39 sys=0.00, real=0.07 secs] 
6199.198: [GC (Allocation Failure) [PSYoungGen: 420448K->148512K(503296K)] 837661K->670586K(1901568K), 0.0632350 secs] [Times: user=0.38 sys=0.00, real=0.06 secs] 
6201.036: [GC (Allocation Failure) [PSYoungGen: 462368K->103872K(506880K)] 984442K->766386K(1905152K), 0.0656220 secs] [Times: user=0.39 sys=0.00, real=0.07 secs] 
6203.701: [GC (Allocation Failure) [PSYoungGen: 421312K->151488K(468992K)] 1083826K->914200K(1867264K), 0.0514259 secs] [Times: user=0.31 sys=0.00, real=0.05 secs] 
6205.574: [GC (Allocation Failure) [PSYoungGen: 468928K->106528K(508928K)] 1231640K->1012064K(1907200K), 0.1682401 secs] [Times: user=1.00 sys=0.00, real=0.17 secs] 
6207.571: [GC (Allocation Failure) [PSYoungGen: 422432K->150976K(505856K)] 1327968K->1158836K(1904128K), 0.0522322 secs] [Times: user=0.31 sys=0.00, real=0.05 secs] 
6209.588: [GC (Allocation Failure) [PSYoungGen: 466880K->106688K(505856K)] 1474740K->1256412K(1904128K), 0.1658858 secs] [Times: user=0.98 sys=0.00, real=0.16 secs] 
6211.564: [GC (Allocation Failure) [PSYoungGen: 412176K->145312K(505856K)] 1561901K->1397392K(1904128K), 0.0519242 secs] [Times: user=0.31 sys=0.00, real=0.05 secs] 
6211.616: [Full GC (Ergonomics) [PSYoungGen: 145312K->0K(505856K)] [ParOldGen: 1252080K->196340K(1398272K)] 1397392K->196340K(1904128K), [Metaspace: 59735K->59735K(1105920K)], 0.4866360 secs] [Times: user=2.27 sys=0.00, real=0.49 secs] 
6213.785: [GC (Allocation Failure) [PSYoungGen: 315904K->103232K(505856K)] 512244K->299572K(1904128K), 0.0533570 secs] [Times: user=0.31 sys=0.01, real=0.06 secs] 
6214.732: [GC (Allocation Failure) [PSYoungGen: 410978K->148640K(506880K)] 607318K->443989K(1905152K), 0.0501434 secs] [Times: user=0.29 sys=0.00, real=0.05 secs] 
6216.675: [GC (Allocation Failure) [PSYoungGen: 466592K->107904K(505856K)] 761941K->543181K(1904128K), 0.1702609 secs] [Times: user=1.01 sys=0.01, real=0.17 secs] 
6217.240: [GC (Allocation Failure) [PSYoungGen: 426880K->170176K(489472K)] 862157K->709662K(1887744K), 0.0536777 secs] [Times: user=0.32 sys=0.00, real=0.05 secs] 
6220.286: [GC (Allocation Failure) [PSYoungGen: 489152K->97600K(501760K)] 1028638K->790738K(1900032K), 0.1762350 secs] [Times: user=1.04 sys=0.01, real=0.18 secs] 
6221.212: [GC (Allocation Failure) [PSYoungGen: 400704K->147456K(500224K)] 1093842K->932031K(1898496K), 0.0562441 secs] [Times: user=0.33 sys=0.00, real=0.06 secs] 
6223.172: [GC (Allocation Failure) [PSYoungGen: 450560K->92512K(501248K)] 1235135K->1023899K(1899520K), 0.1477481 secs] [Times: user=0.88 sys=0.00, real=0.15 secs] 
6224.324: [GC (Allocation Failure) [PSYoungGen: 386244K->140096K(443904K)] 1317631K->1159832K(1842176K), 0.0492657 secs] [Times: user=0.29 sys=0.01, real=0.05 secs] 
6226.024: [GC (Allocation Failure) [PSYoungGen: 443712K->101792K(502272K)] 1463448K->1253000K(1900544K), 0.0908926 secs] [Times: user=0.54 sys=0.00, real=0.09 secs] 
6227.507: [GC (Allocation Failure) [PSYoungGen: 408480K->147552K(499712K)] 1559688K->1397349K(1897984K), 0.0590428 secs] [Times: user=0.35 sys=0.00, real=0.05 secs] 
6227.566: [Full GC (Ergonomics) [PSYoungGen: 147552K->0K(499712K)] [ParOldGen: 1249797K->194954K(1398272K)] 1397349K->194954K(1897984K), [Metaspace: 59737K->59737K(1105920K)], 0.4794840 secs] [Times: user=2.22 sys=0.00, real=0.48 secs] 
6229.895: [GC (GCLocker Initiated GC) [PSYoungGen: 306688K->100096K(503296K)] 501643K->295051K(1901568K), 0.0309064 secs] [Times: user=0.18 sys=0.00, real=0.03 secs] 
6232.136: [GC (Allocation Failure) [PSYoungGen: 411392K->146400K(503808K)] 606350K->437635K(1902080K), 0.0490490 secs] [Times: user=0.29 sys=0.00, real=0.05 secs] 
6233.512: [GC (Allocation Failure) [PSYoungGen: 457696K->106976K(500736K)] 748931K->535287K(1899008K), 0.0815525 secs] [Times: user=0.48 sys=0.00, real=0.08 secs] 
6234.646: [GC (Allocation Failure) [PSYoungGen: 419296K->150336K(502784K)] 847607K->681508K(1901056K), 0.0520949 secs] [Times: user=0.31 sys=0.00, real=0.06 secs] 
6236.367: [GC (Allocation Failure) [PSYoungGen: 462656K->102656K(505856K)] 993828K->775156K(1904128K), 0.0868685 secs] [Times: user=0.52 sys=0.01, real=0.08 secs] 
6236.939: [GC (Allocation Failure) [PSYoungGen: 412157K->148096K(505344K)] 1084657K->919889K(1903616K), 0.0504369 secs] [Times: user=0.29 sys=0.00, real=0.05 secs] 
6238.952: [GC (Allocation Failure) [PSYoungGen: 462464K->104960K(503808K)] 1234257K->1016097K(1902080K), 0.1016640 secs] [Times: user=0.61 sys=0.00, real=0.10 secs] 
6240.156: [GC (Allocation Failure) [PSYoungGen: 403792K->145920K(504832K)] 1314930K->1158286K(1903104K), 0.1005266 secs] [Times: user=0.60 sys=0.00, real=0.10 secs] 
6242.447: [GC (Allocation Failure) [PSYoungGen: 460800K->102784K(505344K)] 1473166K->1252938K(1903616K), 0.1324458 secs] [Times: user=0.78 sys=0.00, real=0.13 secs] 
6243.259: [GC (Allocation Failure) [PSYoungGen: 406814K->147584K(506368K)] 1556968K->1397146K(1904640K), 0.0509119 secs] [Times: user=0.30 sys=0.00, real=0.05 secs] 
6243.310: [Full GC (Ergonomics) [PSYoungGen: 147584K->0K(506368K)] [ParOldGen: 1249562K->195549K(1398272K)] 1397146K->195549K(1904640K), [Metaspace: 59737K->59737K(1105920K)], 0.4820998 secs] [Times: user=2.24 sys=0.00, real=0.48 secs] 
6246.786: [GC (Allocation Failure) [PSYoungGen: 317440K->100672K(507904K)] 512989K->296221K(1906176K), 0.0659460 secs] [Times: user=0.38 sys=0.00, real=0.07 secs] 
6248.706: [GC (Allocation Failure) [PSYoungGen: 418624K->150656K(468992K)] 614173K->442514K(1867264K), 0.0486688 secs] [Times: user=0.29 sys=0.00, real=0.05 secs] 
6250.056: [GC (Allocation Failure) [PSYoungGen: 468608K->109792K(509952K)] 760466K->543618K(1908224K), 0.1211371 secs] [Times: user=0.72 sys=0.00, real=0.13 secs] 
6251.263: [GC (Allocation Failure) [PSYoungGen: 427232K->150368K(506368K)] 861058K->690871K(1904640K), 0.1070803 secs] [Times: user=0.63 sys=0.00, real=0.11 secs] 
6253.851: [GC (Allocation Failure) [PSYoungGen: 467808K->99904K(508416K)] 1008311K->790431K(1906688K), 0.0898613 secs] [Times: user=0.54 sys=0.00, real=0.09 secs] 
6254.443: [GC (Allocation Failure) [PSYoungGen: 416320K->155168K(472064K)] 1106847K->939600K(1870336K), 0.1015996 secs] [Times: user=0.61 sys=0.00, real=0.10 secs] 
6258.357: [GC (Allocation Failure) [PSYoungGen: 471584K->93920K(504832K)] 1256016K->1033448K(1903104K), 0.1457446 secs] [Times: user=0.86 sys=0.00, real=0.14 secs] 
6258.884: [GC (Allocation Failure) [PSYoungGen: 403680K->152096K(462336K)] 1343208K->1179181K(1860608K), 0.0691352 secs] [Times: user=0.40 sys=0.01, real=0.07 secs] 
6261.279: [GC (Allocation Failure) [PSYoungGen: 461856K->94080K(502784K)] 1488941K->1272821K(1901056K), 0.1473695 secs] [Times: user=0.87 sys=0.01, real=0.14 secs] 
6261.698: [GC (Allocation Failure) [PSYoungGen: 399744K->152800K(458752K)] 1578485K->1419841K(1857024K), 0.0555161 secs] [Times: user=0.32 sys=0.00, real=0.05 secs] 
6261.753: [Full GC (Ergonomics) [PSYoungGen: 152800K->0K(458752K)] [ParOldGen: 1267041K->218390K(1398272K)] 1419841K->218390K(1857024K), [Metaspace: 59737K->59737K(1105920K)], 0.5218442 secs] [Times: user=2.42 sys=0.00, real=0.52 secs] 
6265.905: [GC (Allocation Failure) [PSYoungGen: 305664K->86816K(499712K)] 524054K->305206K(1897984K), 0.1235275 secs] [Times: user=0.73 sys=0.00, real=0.13 secs] 
6266.383: [GC (Allocation Failure) [PSYoungGen: 386848K->148064K(448512K)] 605238K->447511K(1846784K), 0.0592989 secs] [Times: user=0.35 sys=0.00, real=0.06 secs] 
6269.602: [GC (Allocation Failure) [PSYoungGen: 448096K->88416K(499200K)] 747543K->535743K(1897472K), 0.0892885 secs] [Times: user=0.52 sys=0.00, real=0.09 secs] 
6270.198: [GC (Allocation Failure) [PSYoungGen: 381418K->139904K(438784K)] 828746K->672152K(1837056K), 0.0492674 secs] [Times: user=0.29 sys=0.00, real=0.05 secs] 
6272.700: [GC (Allocation Failure) [PSYoungGen: 438400K->97280K(500224K)] 970648K->760968K(1898496K), 0.0631334 secs] [Times: user=0.38 sys=0.00, real=0.06 secs] 
6273.336: [GC (Allocation Failure) [PSYoungGen: 398848K->147712K(497152K)] 1062536K->905593K(1895424K), 0.0503444 secs] [Times: user=0.30 sys=0.01, real=0.05 secs] 
6274.602: [GC (Allocation Failure) [PSYoungGen: 449280K->99328K(498688K)] 1207161K->996457K(1896960K), 0.0646944 secs] [Times: user=0.38 sys=0.00, real=0.06 secs] 
6276.718: [GC (Allocation Failure) [PSYoungGen: 404480K->147168K(499712K)] 1301609K->1139687K(1897984K), 0.0503740 secs] [Times: user=0.30 sys=0.00, real=0.05 secs] 
6278.328: [GC (Allocation Failure) [PSYoungGen: 452320K->103552K(498688K)] 1444839K->1234575K(1896960K), 0.0657036 secs] [Times: user=0.39 sys=0.00, real=0.06 secs] 
6280.411: [GC (Allocation Failure) [PSYoungGen: 410752K->143328K(500224K)] 1541775K->1374744K(1898496K), 0.0519848 secs] [Times: user=0.30 sys=0.00, real=0.05 secs] 
6280.463: [Full GC (Ergonomics) [PSYoungGen: 143328K->0K(500224K)] [ParOldGen: 1231416K->182079K(1398272K)] 1374744K->182079K(1898496K), [Metaspace: 59737K->59737K(1105920K)], 0.4412250 secs] [Times: user=2.06 sys=0.00, real=0.44 secs] 
6281.969: [GC (Allocation Failure) [PSYoungGen: 307200K->106912K(498688K)] 489279K->288991K(1896960K), 0.0335772 secs] [Times: user=0.20 sys=0.00, real=0.03 secs] 
6283.835: [GC (Allocation Failure) [PSYoungGen: 418720K->146816K(501760K)] 600799K->432203K(1900032K), 0.0526290 secs] [Times: user=0.31 sys=0.00, real=0.06 secs] 
6285.028: [GC (Allocation Failure) [PSYoungGen: 458624K->108512K(503296K)] 744011K->531167K(1901568K), 0.0638920 secs] [Times: user=0.38 sys=0.00, real=0.06 secs] 
6286.159: [GC (Allocation Failure) [PSYoungGen: 423075K->153472K(504832K)] 845731K->681432K(1903104K), 0.0531278 secs] [Times: user=0.31 sys=0.00, real=0.05 secs] 
6288.417: [GC (Allocation Failure) [PSYoungGen: 469888K->102176K(507904K)] 997848K->775116K(1906176K), 0.1722586 secs] [Times: user=1.02 sys=0.00, real=0.17 secs] 
6290.025: [GC (Allocation Failure) [PSYoungGen: 415250K->148448K(505856K)] 1088190K->919601K(1904128K), 0.0503852 secs] [Times: user=0.30 sys=0.00, real=0.05 secs] 
6292.448: [GC (Allocation Failure) [PSYoungGen: 463840K->105664K(504832K)] 1234993K->1016521K(1903104K), 0.1735203 secs] [Times: user=1.02 sys=0.01, real=0.17 secs] 
6293.735: [GC (Allocation Failure) [PSYoungGen: 408850K->145184K(505344K)] 1319708K->1157943K(1903616K), 0.0511381 secs] [Times: user=0.30 sys=0.00, real=0.05 secs] 
6296.562: [GC (Allocation Failure) [PSYoungGen: 460576K->104064K(504832K)] 1473335K->1253679K(1903104K), 0.1538763 secs] [Times: user=0.92 sys=0.00, real=0.15 secs] 
6297.734: [GC (Allocation Failure) [PSYoungGen: 412247K->147648K(506368K)] 1561863K->1397048K(1904640K), 0.0504905 secs] [Times: user=0.29 sys=0.00, real=0.05 secs] 
6297.784: [Full GC (Ergonomics) [PSYoungGen: 147648K->0K(506368K)] [ParOldGen: 1249400K->196259K(1398272K)] 1397048K->196259K(1904640K), [Metaspace: 59737K->59737K(1105920K)], 0.4894860 secs] [Times: user=2.29 sys=0.00, real=0.49 secs] 
6300.472: [GC (Allocation Failure) [PSYoungGen: 317952K->105792K(507392K)] 514211K->302052K(1905664K), 0.0861187 secs] [Times: user=0.51 sys=0.00, real=0.09 secs] 
6301.905: [GC (Allocation Failure) [PSYoungGen: 425792K->153888K(474112K)] 622052K->452454K(1872384K), 0.1056524 secs] [Times: user=0.63 sys=0.00, real=0.11 secs] 
6304.740: [GC (Allocation Failure) [PSYoungGen: 473888K->95968K(507392K)] 772454K->548446K(1905664K), 0.1356528 secs] [Times: user=0.81 sys=0.00, real=0.13 secs] 
6305.511: [GC (Allocation Failure) [PSYoungGen: 410848K->154240K(469504K)] 863326K->698779K(1867776K), 0.0563610 secs] [Times: user=0.33 sys=0.00, real=0.06 secs] 
6307.569: [GC (Allocation Failure) [PSYoungGen: 469120K->94048K(504320K)] 1013659K->792603K(1902592K), 0.0991065 secs] [Times: user=0.57 sys=0.01, real=0.10 secs] 
6308.559: [GC (GCLocker Initiated GC) [PSYoungGen: 402784K->151040K(460288K)] 1101340K->937961K(1858560K), 0.0954813 secs] [Times: user=0.56 sys=0.00, real=0.09 secs] 
6313.350: [GC (Allocation Failure) [PSYoungGen: 459776K->87104K(501760K)] 1246698K->1024826K(1900032K), 0.1731662 secs] [Times: user=1.01 sys=0.00, real=0.17 secs] 
6314.671: [GC (Allocation Failure) [PSYoungGen: 391232K->165152K(469504K)] 1328954K->1185743K(1867776K), 0.0533161 secs] [Times: user=0.32 sys=0.00, real=0.05 secs] 
6317.269: [GC (Allocation Failure) [PSYoungGen: 469280K->90848K(495104K)] 1489871K->1259743K(1893376K), 0.1583275 secs] [Times: user=0.94 sys=0.00, real=0.16 secs] 
6318.506: [GC (Allocation Failure) [PSYoungGen: 380640K->142336K(432640K)] 1549535K->1397712K(1830912K), 0.0500309 secs] [Times: user=0.30 sys=0.00, real=0.05 secs] 
6318.556: [Full GC (Ergonomics) [PSYoungGen: 142336K->0K(432640K)] [ParOldGen: 1255376K->195645K(1398272K)] 1397712K->195645K(1830912K), [Metaspace: 59737K->59737K(1105920K)], 0.4771937 secs] [Times: user=2.22 sys=0.00, real=0.48 secs] 
6320.115: [GC (Allocation Failure) [PSYoungGen: 289792K->92736K(494592K)] 485437K->288381K(1892864K), 0.0393883 secs] [Times: user=0.23 sys=0.00, real=0.04 secs] 
6322.621: [GC (Allocation Failure) [PSYoungGen: 384576K->138784K(492544K)] 580221K->423482K(1890816K), 0.0463233 secs] [Times: user=0.27 sys=0.00, real=0.05 secs] 
6323.749: [GC (Allocation Failure) [PSYoungGen: 430624K->98272K(494592K)] 715322K->512986K(1892864K), 0.0664826 secs] [Times: user=0.34 sys=0.01, real=0.06 secs] 
6326.478: [GC (Allocation Failure) [PSYoungGen: 397280K->139680K(494592K)] 811994K->649903K(1892864K), 0.0495718 secs] [Times: user=0.29 sys=0.00, real=0.05 secs] 
6328.275: [GC (Allocation Failure) [PSYoungGen: 438688K->102464K(496640K)] 948911K->743239K(1894912K), 0.0688393 secs] [Times: user=0.41 sys=0.00, real=0.07 secs] 
6329.726: [GC (Allocation Failure) [PSYoungGen: 410688K->140000K(499712K)] 1051463K->882574K(1897984K), 0.0516902 secs] [Times: user=0.30 sys=0.00, real=0.06 secs] 
6331.796: [GC (Allocation Failure) [PSYoungGen: 448224K->108832K(498176K)] 1190798K->982550K(1896448K), 0.0657089 secs] [Times: user=0.39 sys=0.00, real=0.07 secs] 
6333.293: [GC (Allocation Failure) [PSYoungGen: 424736K->144512K(502784K)] 1298454K->1125991K(1901056K), 0.0548519 secs] [Times: user=0.32 sys=0.01, real=0.06 secs] 
6336.096: [GC (Allocation Failure) [PSYoungGen: 460416K->109728K(505856K)] 1441895K->1226587K(1904128K), 0.0676593 secs] [Times: user=0.41 sys=0.00, real=0.07 secs] 
6338.311: [GC (Allocation Failure) [PSYoungGen: 432800K->148448K(507904K)] 1549659K->1373163K(1906176K), 0.0558679 secs] [Times: user=0.33 sys=0.00, real=0.06 secs] 
6338.367: [Full GC (Ergonomics) [PSYoungGen: 148448K->0K(507904K)] [ParOldGen: 1224715K->171990K(1398272K)] 1373163K->171990K(1906176K), [Metaspace: 59737K->59737K(1105920K)], 0.4139194 secs] [Times: user=1.92 sys=0.00, real=0.41 secs] 
6340.468: [GC (Allocation Failure) [PSYoungGen: 323072K->113376K(508416K)] 495062K->285366K(1906688K), 0.0353747 secs] [Times: user=0.21 sys=0.01, real=0.03 secs] 
6341.319: [GC (Allocation Failure) [PSYoungGen: 439008K->163168K(488960K)] 610998K->446926K(1887232K), 0.0569618 secs] [Times: user=0.34 sys=0.00, real=0.05 secs] 
6343.094: [GC (Allocation Failure) [PSYoungGen: 488800K->108352K(509440K)] 772558K->538266K(1907712K), 0.0924077 secs] [Times: user=0.55 sys=0.00, real=0.09 secs] 
6344.827: [GC (Allocation Failure) [PSYoungGen: 425280K->148416K(506368K)] 855194K->682799K(1904640K), 0.0559926 secs] [Times: user=0.32 sys=0.00, real=0.05 secs] 
6346.561: [GC (Allocation Failure) [PSYoungGen: 465344K->108928K(505344K)] 999727K->782799K(1903616K), 0.1649602 secs] [Times: user=0.98 sys=0.00, real=0.16 secs] 
6347.211: [GC (Allocation Failure) [PSYoungGen: 426880K->155232K(473600K)] 1100751K->934744K(1871872K), 0.0529944 secs] [Times: user=0.31 sys=0.00, real=0.05 secs] 
6350.443: [GC (Allocation Failure) [PSYoungGen: 473184K->93632K(506368K)] 1252696K->1028520K(1904640K), 0.1347466 secs] [Times: user=0.80 sys=0.01, real=0.14 secs] 
6351.100: [GC (Allocation Failure) [PSYoungGen: 406976K->154464K(467968K)] 1341864K->1176873K(1866240K), 0.0544789 secs] [Times: user=0.33 sys=0.00, real=0.05 secs] 
6353.454: [GC (Allocation Failure) [PSYoungGen: 467808K->95456K(503296K)] 1490217K->1272177K(1901568K), 0.1717243 secs] [Times: user=1.02 sys=0.00, real=0.17 secs] 
6353.938: [GC (Allocation Failure) [PSYoungGen: 402144K->151744K(458752K)] 1578865K->1418339K(1857024K), 0.0558109 secs] [Times: user=0.33 sys=0.00, real=0.05 secs] 
6353.994: [Full GC (Ergonomics) [PSYoungGen: 151744K->0K(458752K)] [ParOldGen: 1266595K->216063K(1398272K)] 1418339K->216063K(1857024K), [Metaspace: 59737K->59737K(1105920K)], 0.5170348 secs] [Times: user=2.41 sys=0.01, real=0.52 secs] 
6356.855: [GC (Allocation Failure) [PSYoungGen: 306688K->92000K(501760K)] 522751K->308063K(1900032K), 0.1328024 secs] [Times: user=0.79 sys=0.00, real=0.14 secs] 
6357.615: [GC (Allocation Failure) [PSYoungGen: 395616K->152288K(456192K)] 611679K->454200K(1854464K), 0.0537333 secs] [Times: user=0.32 sys=0.00, real=0.06 secs] 
6360.558: [GC (Allocation Failure) [PSYoungGen: 455904K->88608K(499200K)] 757816K->542864K(1897472K), 0.1762359 secs] [Times: user=1.05 sys=0.01, real=0.17 secs] 
6361.129: [GC (Allocation Failure) [PSYoungGen: 387104K->149408K(448000K)] 841360K->686229K(1846272K), 0.0530924 secs] [Times: user=0.32 sys=0.00, real=0.05 secs] 
6363.749: [GC (Allocation Failure) [PSYoungGen: 447904K->86080K(498176K)] 984725K->772277K(1896448K), 0.1728212 secs] [Times: user=1.03 sys=0.00, real=0.17 secs] 
6366.068: [GC (Allocation Failure) [PSYoungGen: 382528K->142976K(497152K)] 1068725K->910441K(1895424K), 0.0479990 secs] [Times: user=0.28 sys=0.01, real=0.04 secs] 
6367.233: [GC (Allocation Failure) [PSYoungGen: 439424K->99360K(493056K)] 1206889K->1000834K(1891328K), 0.0635758 secs] [Times: user=0.38 sys=0.00, real=0.07 secs] 
6368.868: [GC (Allocation Failure) [PSYoungGen: 396832K->141472K(495104K)] 1298306K->1139135K(1893376K), 0.0491922 secs] [Times: user=0.29 sys=0.00, real=0.05 secs] 
6370.868: [GC (Allocation Failure) [PSYoungGen: 438944K->100544K(493568K)] 1436607K->1230875K(1891840K), 0.0646139 secs] [Times: user=0.38 sys=0.01, real=0.06 secs] 
6373.643: [GC (Allocation Failure) [PSYoungGen: 404672K->149856K(497664K)] 1535003K->1377484K(1895936K), 0.0514001 secs] [Times: user=0.31 sys=0.00, real=0.05 secs] 
6373.694: [Full GC (Ergonomics) [PSYoungGen: 149856K->0K(497664K)] [ParOldGen: 1227628K->176089K(1398272K)] 1377484K->176089K(1895936K), [Metaspace: 59737K->59737K(1105920K)], 0.4229407 secs] [Times: user=1.96 sys=0.00, real=0.43 secs] 
6375.177: [GC (Allocation Failure) [PSYoungGen: 304128K->104736K(500736K)] 480217K->280825K(1899008K), 0.0341146 secs] [Times: user=0.20 sys=0.00, real=0.03 secs] 
6376.748: [GC (Allocation Failure) [PSYoungGen: 412960K->141344K(501248K)] 589049K->420432K(1899520K), 0.0519167 secs] [Times: user=0.31 sys=0.00, real=0.05 secs] 
6378.752: [GC (Allocation Failure) [PSYoungGen: 449568K->106303K(498688K)] 728656K->517980K(1896960K), 0.0649362 secs] [Times: user=0.38 sys=0.00, real=0.07 secs] 
6380.405: [GC (Allocation Failure) [PSYoungGen: 419135K->154144K(502272K)] 830812K->669577K(1900544K), 0.0533483 secs] [Times: user=0.32 sys=0.00, real=0.06 secs] 
6381.623: [GC (Allocation Failure) [PSYoungGen: 466976K->108864K(505344K)] 982409K->761125K(1903616K), 0.0677703 secs] [Times: user=0.40 sys=0.00, real=0.07 secs] 
6382.496: [GC (Allocation Failure) [PSYoungGen: 422720K->147424K(504320K)] 1074981K->906675K(1902592K), 0.0554921 secs] [Times: user=0.32 sys=0.01, real=0.06 secs] 
6384.597: [GC (Allocation Failure) [PSYoungGen: 461280K->105824K(504320K)] 1220531K->1003931K(1902592K), 0.0903702 secs] [Times: user=0.54 sys=0.00, real=0.09 secs] 
6385.973: [GC (Allocation Failure) [PSYoungGen: 421728K->157568K(473600K)] 1319835K->1158228K(1871872K), 0.0542492 secs] [Times: user=0.32 sys=0.00, real=0.06 secs] 
6387.162: [GC (Allocation Failure) [PSYoungGen: 473472K->110432K(507392K)] 1474132K->1251164K(1905664K), 0.0688342 secs] [Times: user=0.40 sys=0.01, real=0.07 secs] 
6388.850: [GC (Allocation Failure) [PSYoungGen: 422752K->148416K(503808K)] 1563484K->1395981K(1902080K), 0.0559467 secs] [Times: user=0.33 sys=0.00, real=0.05 secs] 
6388.906: [Full GC (Ergonomics) [PSYoungGen: 148416K->0K(503808K)] [ParOldGen: 1247564K->193827K(1398272K)] 1395981K->193827K(1902080K), [Metaspace: 59737K->59737K(1105920K)], 0.4740413 secs] [Times: user=2.22 sys=0.00, real=0.48 secs] 
6390.839: [GC (Allocation Failure) [PSYoungGen: 312320K->102912K(505344K)] 506147K->296739K(1903616K), 0.0675587 secs] [Times: user=0.40 sys=0.00, real=0.07 secs] 
6392.092: [GC (Allocation Failure) [PSYoungGen: 417280K->150784K(465408K)] 611107K->443661K(1863680K), 0.0503439 secs] [Times: user=0.30 sys=0.00, real=0.05 secs] 
6394.187: [GC (Allocation Failure) [PSYoungGen: 465152K->103584K(507392K)] 758029K->538617K(1905664K), 0.0924064 secs] [Times: user=0.55 sys=0.00, real=0.09 secs] 
6395.665: [GC (Allocation Failure) [PSYoungGen: 414049K->148160K(504832K)] 849082K->682118K(1903104K), 0.0505623 secs] [Times: user=0.29 sys=0.01, real=0.05 secs] 
6397.198: [GC (GCLocker Initiated GC) [PSYoungGen: 461504K->106080K(503808K)] 995462K->779486K(1902080K), 0.0946277 secs] [Times: user=0.56 sys=0.00, real=0.09 secs] 
6397.865: [GC (Allocation Failure) [PSYoungGen: 420448K->142848K(504832K)] 1110290K->936070K(1903104K), 0.2449006 secs] [Times: user=1.46 sys=0.01, real=0.25 secs] 
6400.814: [GC (GCLocker Initiated GC) [PSYoungGen: 457216K->95712K(506368K)] 1250438K->1031679K(1904640K), 0.4294049 secs] [Times: user=2.58 sys=0.00, real=0.43 secs] 
6402.002: [GC (Allocation Failure) [PSYoungGen: 413664K->155136K(473600K)] 1349634K->1180926K(1871872K), 0.0551053 secs] [Times: user=0.33 sys=0.00, real=0.06 secs] 
6405.032: [GC (Allocation Failure) [PSYoungGen: 473088K->95136K(505856K)] 1498878K->1275546K(1904128K), 0.1639599 secs] [Times: user=0.97 sys=0.00, real=0.16 secs] 
6405.457: [GC (Allocation Failure) [PSYoungGen: 406432K->155904K(467456K)] 1586842K->1425158K(1865728K), 0.0565061 secs] [Times: user=0.33 sys=0.01, real=0.05 secs] 
6405.514: [Full GC (Ergonomics) [PSYoungGen: 155904K->0K(467456K)] [ParOldGen: 1269254K->222520K(1398272K)] 1425158K->222520K(1865728K), [Metaspace: 59737K->59737K(1105920K)], 0.5318764 secs] [Times: user=2.49 sys=0.00, real=0.53 secs] 
6408.351: [GC (Allocation Failure) [PSYoungGen: 311296K->93152K(502272K)] 533816K->315672K(1900544K), 0.0889300 secs] [Times: user=0.53 sys=0.00, real=0.09 secs] 
6408.739: [GC (Allocation Failure) [PSYoungGen: 397280K->152576K(457216K)] 619800K->462368K(1855488K), 0.0539965 secs] [Times: user=0.32 sys=0.00, real=0.05 secs] 
6410.674: [GC (Allocation Failure) [PSYoungGen: 456704K->95264K(500736K)] 766496K->557720K(1899008K), 0.1360084 secs] [Times: user=0.80 sys=0.01, real=0.14 secs] 
6411.137: [GC (Allocation Failure) [PSYoungGen: 395808K->148864K(498688K)] 858264K->701289K(1896960K), 0.0554381 secs] [Times: user=0.33 sys=0.00, real=0.05 secs] 
6414.875: [GC (Allocation Failure) [PSYoungGen: 449408K->83328K(498688K)] 1001833K->784825K(1896960K), 0.1645765 secs] [Times: user=0.98 sys=0.00, real=0.17 secs] 
6415.326: [GC (Allocation Failure) [PSYoungGen: 381824K->147360K(445952K)] 1083321K->926409K(1844224K), 0.0514783 secs] [Times: user=0.31 sys=0.00, real=0.06 secs] 
6417.297: [GC (Allocation Failure) [PSYoungGen: 445856K->89664K(499200K)] 1224905K->1016105K(1897472K), 0.1542659 secs] [Times: user=0.91 sys=0.01, real=0.15 secs] 
6418.490: [GC (Allocation Failure) [PSYoungGen: 382275K->139712K(437248K)] 1308717K->1151442K(1835520K), 0.0493285 secs] [Times: user=0.29 sys=0.00, real=0.05 secs] 
6419.761: [GC (GCLocker Initiated GC) [PSYoungGen: 437184K->100736K(500736K)] 1448915K->1243515K(1899008K), 0.0722252 secs] [Times: user=0.43 sys=0.00, real=0.07 secs] 
6420.334: [GC (Allocation Failure) [PSYoungGen: 402304K->148640K(496640K)] 1545085K->1387925K(1894912K), 0.0504354 secs] [Times: user=0.30 sys=0.01, real=0.05 secs] 
6420.385: [Full GC (Ergonomics) [PSYoungGen: 148640K->0K(496640K)] [ParOldGen: 1239285K->193922K(1398272K)] 1387925K->193922K(1894912K), [Metaspace: 59737K->59737K(1105920K)], 0.4782344 secs] [Times: user=2.23 sys=0.00, real=0.48 secs] 
6421.898: [GC (Allocation Failure) [PSYoungGen: 301568K->98720K(499712K)] 495490K->292642K(1897984K), 0.0310132 secs] [Times: user=0.18 sys=0.00, real=0.03 secs] 
6423.939: [GC (Allocation Failure) [PSYoungGen: 404384K->156512K(462336K)] 598306K->444679K(1860608K), 0.0491026 secs] [Times: user=0.29 sys=0.00, real=0.05 secs] 
6425.312: [GC (Allocation Failure) [PSYoungGen: 462176K->101248K(501760K)] 750343K->529055K(1900032K), 0.0991818 secs] [Times: user=0.59 sys=0.00, real=0.10 secs] 
6428.033: [GC (Allocation Failure) [PSYoungGen: 402304K->143712K(498176K)] 830111K->668612K(1896448K), 0.0502758 secs] [Times: user=0.29 sys=0.00, real=0.05 secs] 
6429.210: [GC (Allocation Failure) [PSYoungGen: 444768K->102272K(497664K)] 969668K->761524K(1895936K), 0.0643191 secs] [Times: user=0.38 sys=0.00, real=0.06 secs] 
6430.091: [GC (Allocation Failure) [PSYoungGen: 406400K->146752K(498176K)] 1065652K->906494K(1896448K), 0.0523210 secs] [Times: user=0.31 sys=0.00, real=0.05 secs] 
6431.940: [GC (Allocation Failure) [PSYoungGen: 450880K->98656K(500736K)] 1210622K->997070K(1899008K), 0.0649696 secs] [Times: user=0.39 sys=0.00, real=0.06 secs] 
6433.207: [GC (Allocation Failure) [PSYoungGen: 407392K->148576K(501760K)] 1305806K->1143784K(1900032K), 0.0507506 secs] [Times: user=0.30 sys=0.00, real=0.05 secs] 
6434.903: [GC (Allocation Failure) [PSYoungGen: 457312K->104544K(501760K)] 1452520K->1240144K(1900032K), 0.0731995 secs] [Times: user=0.43 sys=0.00, real=0.07 secs] 
6436.889: [GC (Allocation Failure) [PSYoungGen: 414304K->146496K(502272K)] 1549904K->1383772K(1900544K), 0.0527820 secs] [Times: user=0.31 sys=0.00, real=0.05 secs] 
6436.942: [Full GC (Ergonomics) [PSYoungGen: 146496K->0K(502272K)] [ParOldGen: 1237276K->182782K(1398272K)] 1383772K->182782K(1900544K), [Metaspace: 59737K->59737K(1105920K)], 0.4542123 secs] [Times: user=2.08 sys=0.00, real=0.45 secs] 
6438.747: [GC (Allocation Failure) [PSYoungGen: 309760K->105440K(500736K)] 492542K->288222K(1899008K), 0.0436516 secs] [Times: user=0.26 sys=0.00, real=0.04 secs] 
6439.494: [GC (Allocation Failure) [PSYoungGen: 417760K->151904K(502784K)] 600542K->436139K(1901056K), 0.0524511 secs] [Times: user=0.30 sys=0.00, real=0.06 secs] 
6441.034: [GC (Allocation Failure) [PSYoungGen: 464224K->104864K(505344K)] 748459K->532003K(1903616K), 0.0664034 secs] [Times: user=0.40 sys=0.00, real=0.07 secs] 
6442.388: [GC (Allocation Failure) [PSYoungGen: 417696K->152448K(465408K)] 844835K->681160K(1863680K), 0.0515749 secs] [Times: user=0.31 sys=0.00, real=0.05 secs] 
6444.361: [GC (Allocation Failure) [PSYoungGen: 465280K->104160K(506880K)] 993992K->776956K(1905152K), 0.1505064 secs] [Times: user=0.89 sys=0.00, real=0.15 secs] 
6445.649: [GC (Allocation Failure) [PSYoungGen: 415968K->148128K(503808K)] 1088764K->921337K(1902080K), 0.0512028 secs] [Times: user=0.31 sys=0.00, real=0.05 secs] 
6447.191: [GC (Allocation Failure) [PSYoungGen: 459936K->108416K(501760K)] 1233145K->1020793K(1900032K), 0.0830703 secs] [Times: user=0.49 sys=0.00, real=0.08 secs] 
6447.785: [GC (Allocation Failure) [PSYoungGen: 409362K->142496K(503296K)] 1321739K->1159859K(1901568K), 0.0515392 secs] [Times: user=0.31 sys=0.00, real=0.05 secs] 
6449.960: [GC (Allocation Failure) [PSYoungGen: 455328K->105056K(503296K)] 1472691K->1256107K(1901568K), 0.1651602 secs] [Times: user=0.99 sys=0.00, real=0.16 secs] 
6451.109: [GC (Allocation Failure) [PSYoungGen: 423008K->155360K(505856K)] 1574059K->1407344K(1904128K), 0.0526040 secs] [Times: user=0.31 sys=0.00, real=0.05 secs] 
6451.161: [Full GC (Ergonomics) [PSYoungGen: 155360K->0K(505856K)] [ParOldGen: 1251984K->205905K(1398272K)] 1407344K->205905K(1904128K), [Metaspace: 59737K->59737K(1105920K)], 0.4880085 secs] [Times: user=2.27 sys=0.00, real=0.49 secs] 
6455.595: [GC (GCLocker Initiated GC) [PSYoungGen: 317952K->89664K(505856K)] 523857K->295569K(1904128K), 0.1680742 secs] [Times: user=1.00 sys=0.00, real=0.17 secs] 
6456.704: [GC (Allocation Failure) [PSYoungGen: 402496K->141184K(454144K)] 624820K->449429K(1852416K), 0.2285888 secs] [Times: user=1.37 sys=0.00, real=0.23 secs] 
6459.079: [GC (Allocation Failure) [PSYoungGen: 454016K->96864K(507392K)] 762261K->545893K(1905664K), 0.4135052 secs] [Times: user=2.48 sys=0.00, real=0.41 secs] 
6459.732: [GC (Allocation Failure) [PSYoungGen: 411744K->156128K(471040K)] 860773K->696238K(1869312K), 0.0561725 secs] [Times: user=0.33 sys=0.00, real=0.06 secs] 
6461.731: [GC (Allocation Failure) [PSYoungGen: 471008K->94368K(504320K)] 1011118K->790282K(1902592K), 0.1334236 secs] [Times: user=0.79 sys=0.01, real=0.13 secs] 
6462.283: [GC (Allocation Failure) [PSYoungGen: 402592K->154112K(462848K)] 1098506K->938087K(1861120K), 0.0553820 secs] [Times: user=0.33 sys=0.00, real=0.06 secs] 
6464.371: [GC (Allocation Failure) [PSYoungGen: 462336K->91968K(501248K)] 1246311K->1030079K(1899520K), 0.1391886 secs] [Times: user=0.82 sys=0.01, real=0.14 secs] 
6464.826: [GC (Allocation Failure) [PSYoungGen: 394048K->151104K(453632K)] 1332159K->1175200K(1851904K), 0.0573900 secs] [Times: user=0.34 sys=0.00, real=0.06 secs] 
6468.417: [GC (Allocation Failure) [PSYoungGen: 453184K->86912K(499200K)] 1477280K->1262272K(1897472K), 0.1654148 secs] [Times: user=0.98 sys=0.00, real=0.16 secs] 
6469.142: [GC (Allocation Failure) [PSYoungGen: 385408K->149536K(448512K)] 1560768K->1405872K(1846784K), 0.0531546 secs] [Times: user=0.32 sys=0.00, real=0.05 secs] 
6469.195: [Full GC (Ergonomics) [PSYoungGen: 149536K->0K(448512K)] [ParOldGen: 1256336K->212071K(1398272K)] 1405872K->212071K(1846784K), [Metaspace: 59737K->59737K(1105920K)], 0.5027568 secs] [Times: user=2.33 sys=0.00, real=0.51 secs] 
6471.854: [GC (Allocation Failure) [PSYoungGen: 298496K->89120K(498176K)] 510567K->301191K(1896448K), 0.1500252 secs] [Times: user=0.89 sys=0.00, real=0.15 secs] 
6472.543: [GC (Allocation Failure) [PSYoungGen: 370536K->138240K(434688K)] 582608K->435157K(1832960K), 0.0479802 secs] [Times: user=0.29 sys=0.00, real=0.05 secs] 
6474.347: [GC (Allocation Failure) [PSYoungGen: 434176K->98400K(498688K)] 731093K->524925K(1896960K), 0.0624783 secs] [Times: user=0.37 sys=0.00, real=0.06 secs] 
6475.794: [GC (Allocation Failure) [PSYoungGen: 397920K->142080K(495104K)] 824445K->663578K(1893376K), 0.0485665 secs] [Times: user=0.29 sys=0.00, real=0.05 secs] 
6476.963: [GC (Allocation Failure) [PSYoungGen: 441600K->101376K(499200K)] 963098K->755818K(1897472K), 0.0781508 secs] [Times: user=0.47 sys=0.00, real=0.08 secs] 
6477.970: [GC (Allocation Failure) [PSYoungGen: 408576K->148928K(499712K)] 1063018K->902072K(1897984K), 0.0531028 secs] [Times: user=0.31 sys=0.01, real=0.05 secs] 
6479.733: [GC (Allocation Failure) [PSYoungGen: 456128K->104384K(501248K)] 1209272K->998288K(1899520K), 0.0905279 secs] [Times: user=0.54 sys=0.00, real=0.09 secs] 
6481.835: [GC (Allocation Failure) [PSYoungGen: 415168K->147136K(502272K)] 1309072K->1141953K(1900544K), 0.0520498 secs] [Times: user=0.31 sys=0.00, real=0.06 secs] 
6483.225: [GC (Allocation Failure) [PSYoungGen: 457920K->106432K(501760K)] 1452737K->1239389K(1900032K), 0.0936665 secs] [Times: user=0.56 sys=0.00, real=0.10 secs] 
6484.771: [GC (Allocation Failure) [PSYoungGen: 419776K->149440K(503296K)] 1552733K->1385354K(1901568K), 0.0529031 secs] [Times: user=0.31 sys=0.01, real=0.05 secs] 
6484.824: [Full GC (Ergonomics) [PSYoungGen: 149440K->0K(503296K)] [ParOldGen: 1235914K->191764K(1398272K)] 1385354K->191764K(1901568K), [Metaspace: 59737K->59737K(1105920K)], 0.4647876 secs] [Times: user=2.16 sys=0.00, real=0.47 secs] 
6486.374: [GC (Allocation Failure) [PSYoungGen: 313344K->107968K(504320K)] 505108K->299732K(1902592K), 0.0325742 secs] [Times: user=0.19 sys=0.01, real=0.04 secs] 
6488.205: [GC (Allocation Failure) [PSYoungGen: 423360K->148992K(504832K)] 615124K->445049K(1903104K), 0.0514368 secs] [Times: user=0.31 sys=0.00, real=0.05 secs] 
6489.878: [GC (Allocation Failure) [PSYoungGen: 464384K->108928K(505344K)] 760441K->544369K(1903616K), 0.1196125 secs] [Times: user=0.71 sys=0.00, real=0.12 secs] 
6490.414: [GC (Allocation Failure) [PSYoungGen: 425856K->155584K(472576K)] 861297K->696002K(1870848K), 0.0527998 secs] [Times: user=0.32 sys=0.00, real=0.05 secs] 
6493.497: [GC (Allocation Failure) [PSYoungGen: 472512K->95296K(506368K)] 1012930K->791318K(1904640K), 0.1481388 secs] [Times: user=0.88 sys=0.01, real=0.14 secs] 
6493.996: [GC (Allocation Failure) [PSYoungGen: 407616K->154784K(467456K)] 1103638K->940307K(1865728K), 0.0562916 secs] [Times: user=0.34 sys=0.00, real=0.06 secs] 
6497.015: [GC (Allocation Failure) [PSYoungGen: 467104K->91360K(502784K)] 1252627K->1031771K(1901056K), 0.1495750 secs] [Times: user=0.89 sys=0.00, real=0.15 secs] 
6497.462: [GC (GCLocker Initiated GC) [PSYoungGen: 397024K->151552K(457728K)] 1337435K->1177840K(1856000K), 0.0551209 secs] [Times: user=0.33 sys=0.00, real=0.06 secs] 
6500.195: [GC (Allocation Failure) [PSYoungGen: 457216K->88736K(500224K)] 1483506K->1266742K(1898496K), 0.1476204 secs] [Times: user=0.87 sys=0.01, real=0.15 secs] 
6500.760: [GC (Allocation Failure) [PSYoungGen: 389280K->148064K(449024K)] 1567286K->1408951K(1847296K), 0.0528820 secs] [Times: user=0.32 sys=0.01, real=0.05 secs] 
6500.813: [Full GC (Ergonomics) [PSYoungGen: 148064K->0K(449024K)] [ParOldGen: 1260887K->206627K(1398272K)] 1408951K->206627K(1847296K), [Metaspace: 59737K->59737K(1105920K)], 0.4913811 secs] [Times: user=2.27 sys=0.00, real=0.49 secs] 
6503.735: [GC (Allocation Failure) [PSYoungGen: 300544K->90368K(500224K)] 507171K->296995K(1898496K), 0.1675330 secs] [Times: user=0.99 sys=0.00, real=0.17 secs] 
6504.621: [GC (Allocation Failure) [PSYoungGen: 385987K->141472K(498688K)] 592615K->434588K(1896960K), 0.0489468 secs] [Times: user=0.29 sys=0.00, real=0.05 secs] 
6505.758: [GC (Allocation Failure) [PSYoungGen: 441504K->100224K(494592K)] 734620K->526336K(1892864K), 0.0626722 secs] [Times: user=0.37 sys=0.00, real=0.06 secs] 
6506.888: [GC (Allocation Failure) [PSYoungGen: 401792K->144704K(496640K)] 827904K->667517K(1894912K), 0.0494150 secs] [Times: user=0.29 sys=0.00, real=0.05 secs] 
6508.409: [GC (Allocation Failure) [PSYoungGen: 446272K->101504K(498688K)] 969085K->760573K(1896960K), 0.0826850 secs] [Times: user=0.49 sys=0.00, real=0.08 secs] 
6509.456: [GC (Allocation Failure) [PSYoungGen: 409216K->148928K(500736K)] 1068285K->905937K(1899008K), 0.0508328 secs] [Times: user=0.30 sys=0.01, real=0.06 secs] 
6510.733: [GC (Allocation Failure) [PSYoungGen: 456640K->103680K(500736K)] 1213649K->1000417K(1899008K), 0.0657743 secs] [Times: user=0.39 sys=0.00, real=0.07 secs] 
6512.115: [GC (Allocation Failure) [PSYoungGen: 413440K->149184K(501760K)] 1310177K->1146487K(1900032K), 0.0510466 secs] [Times: user=0.31 sys=0.00, real=0.05 secs] 
6514.033: [GC (Allocation Failure) [PSYoungGen: 458944K->102816K(503808K)] 1456247K->1240975K(1902080K), 0.0755489 secs] [Times: user=0.45 sys=0.01, real=0.08 secs] 
6515.234: [GC (Allocation Failure) [PSYoungGen: 414624K->150528K(462848K)] 1552783K->1388292K(1861120K), 0.0517422 secs] [Times: user=0.30 sys=0.00, real=0.05 secs] 
6515.286: [Full GC (Ergonomics) [PSYoungGen: 150528K->0K(462848K)] [ParOldGen: 1237764K->195296K(1398272K)] 1388292K->195296K(1861120K), [Metaspace: 59737K->59737K(1105920K)], 0.4790440 secs] [Times: user=2.23 sys=0.00, real=0.48 secs] 
6517.228: [GC (Allocation Failure) [PSYoungGen: 311808K->103488K(506880K)] 507104K->298784K(1905152K), 0.0310099 secs] [Times: user=0.18 sys=0.01, real=0.03 secs] 
6518.703: [GC (Allocation Failure) [PSYoungGen: 410658K->147680K(503296K)] 605954K->442882K(1901568K), 0.0498550 secs] [Times: user=0.29 sys=0.00, real=0.05 secs] 
6520.639: [GC (Allocation Failure) [PSYoungGen: 458976K->99552K(504320K)] 754178K->534018K(1902592K), 0.0740928 secs] [Times: user=0.45 sys=0.00, real=0.07 secs] 
6521.515: [GC (Allocation Failure) [PSYoungGen: 411872K->149536K(462336K)] 846338K->680507K(1860608K), 0.0502213 secs] [Times: user=0.29 sys=0.01, real=0.05 secs] 
6523.621: [GC (Allocation Failure) [PSYoungGen: 461856K->104544K(507392K)] 992827K->776195K(1905664K), 0.0947717 secs] [Times: user=0.57 sys=0.00, real=0.09 secs] 
6525.370: [GC (Allocation Failure) [PSYoungGen: 416864K->147776K(503808K)] 1088515K->920120K(1902080K), 0.0509138 secs] [Times: user=0.30 sys=0.00, real=0.05 secs] 
6526.976: [GC (Allocation Failure) [PSYoungGen: 460096K->107712K(502272K)] 1232440K->1019176K(1900544K), 0.1567264 secs] [Times: user=0.93 sys=0.00, real=0.16 secs] 
6529.266: [GC (Allocation Failure) [PSYoungGen: 412804K->144128K(503808K)] 1324268K->1158467K(1902080K), 0.0515359 secs] [Times: user=0.31 sys=0.00, real=0.06 secs] 
6530.765: [GC (Allocation Failure) [PSYoungGen: 457984K->108128K(502784K)] 1472323K->1257808K(1901056K), 0.0924592 secs] [Times: user=0.55 sys=0.00, real=0.10 secs] 
6531.932: [GC (Allocation Failure) [PSYoungGen: 426080K->155360K(505344K)] 1575760K->1409169K(1903616K), 0.0535844 secs] [Times: user=0.32 sys=0.00, real=0.05 secs] 
6531.986: [Full GC (Ergonomics) [PSYoungGen: 155360K->0K(505344K)] [ParOldGen: 1253809K->208316K(1398272K)] 1409169K->208316K(1903616K), [Metaspace: 59738K->59738K(1105920K)], 0.4906603 secs] [Times: user=2.29 sys=0.00, real=0.49 secs] 
6534.559: [GC (Allocation Failure) [PSYoungGen: 317952K->97056K(507392K)] 526268K->305372K(1905664K), 0.1344281 secs] [Times: user=0.80 sys=0.00, real=0.13 secs] 
6535.057: [GC (Allocation Failure) [PSYoungGen: 411936K->154688K(470016K)] 620252K->454209K(1868288K), 0.0549740 secs] [Times: user=0.33 sys=0.00, real=0.05 secs] 
6537.333: [GC (Allocation Failure) [PSYoungGen: 469568K->96960K(504832K)] 769089K->550625K(1903104K), 0.1593943 secs] [Times: user=0.95 sys=0.00, real=0.16 secs] 
6538.095: [GC (Allocation Failure) [PSYoungGen: 405696K->154272K(463360K)] 859361K->699015K(1861632K), 0.0660986 secs] [Times: user=0.39 sys=0.00, real=0.07 secs] 
6541.792: [GC (Allocation Failure) [PSYoungGen: 463008K->90624K(501248K)] 1007751K->789783K(1899520K), 0.1710488 secs] [Times: user=1.01 sys=0.00, real=0.17 secs] 
6542.292: [GC (Allocation Failure) [PSYoungGen: 393728K->151456K(454656K)] 1092887K->935300K(1852928K), 0.0549690 secs] [Times: user=0.33 sys=0.00, real=0.06 secs] 
6545.091: [GC (Allocation Failure) [PSYoungGen: 454560K->86784K(499200K)] 1238404K->1022084K(1897472K), 0.1735324 secs] [Times: user=1.03 sys=0.01, real=0.17 secs] 
6545.548: [GC (Allocation Failure) [PSYoungGen: 385280K->148256K(446976K)] 1320580K->1164253K(1845248K), 0.0529297 secs] [Times: user=0.31 sys=0.00, real=0.05 secs] 
6546.771: [GC (Allocation Failure) [PSYoungGen: 445265K->90688K(499200K)] 1461262K->1254445K(1897472K), 0.0769838 secs] [Times: user=0.46 sys=0.00, real=0.08 secs] 
6547.217: [GC (Allocation Failure) [PSYoungGen: 380393K->138016K(435712K)] 1544150K->1388958K(1833984K), 0.0501770 secs] [Times: user=0.30 sys=0.00, real=0.05 secs] 
6547.267: [Full GC (Ergonomics) [PSYoungGen: 138016K->0K(435712K)] [ParOldGen: 1250942K->195507K(1398272K)] 1388958K->195507K(1833984K), [Metaspace: 59738K->59738K(1105920K)], 0.4870366 secs] [Times: user=2.27 sys=0.00, real=0.48 secs] 
6548.899: [GC (Allocation Failure) [PSYoungGen: 297472K->94912K(498176K)] 492979K->290419K(1896448K), 0.0298371 secs] [Times: user=0.17 sys=0.01, real=0.03 secs] 
6549.338: [GC (Allocation Failure) [PSYoungGen: 394944K->144544K(495616K)] 590451K->431636K(1893888K), 0.0478094 secs] [Times: user=0.27 sys=0.00, real=0.04 secs] 
Heap
 PSYoungGen      total 495616K, used 379141K [0x00000000d5580000, 0x0000000100000000, 0x0000000100000000)
  eden space 30003