5.867: [GC (Allocation Failure) [PSYoungGen: 128000K->12423K(148992K)] 128000K->12503K(488960K), 0.0183438 secs] [Times: user=0.02 sys=0.01, real=0.02 secs] 
6.314: [GC (Metadata GC Threshold) [PSYoungGen: 48819K->6111K(148992K)] 48899K->6199K(488960K), 0.0049370 secs] [Times: user=0.01 sys=0.00, real=0.01 secs] 
6.319: [Full GC (Metadata GC Threshold) [PSYoungGen: 6111K->0K(148992K)] [ParOldGen: 88K->5943K(134144K)] 6199K->5943K(283136K), [Metaspace: 20464K->20464K(1067008K)], 0.0218735 secs] [Times: user=0.07 sys=0.01, real=0.02 secs] 
7.579: [GC (Allocation Failure) [PSYoungGen: 128000K->9789K(148992K)] 133943K->15741K(283136K), 0.0030898 secs] [Times: user=0.01 sys=0.00, real=0.00 secs] 
8.088: [GC (Metadata GC Threshold) [PSYoungGen: 38138K->4688K(148992K)] 44090K->10647K(283136K), 0.0025558 secs] [Times: user=0.01 sys=0.00, real=0.00 secs] 
8.091: [Full GC (Metadata GC Threshold) [PSYoungGen: 4688K->0K(148992K)] [ParOldGen: 5959K->8879K(224768K)] 10647K->8879K(373760K), [Metaspace: 33731K->33731K(1079296K)], 0.0316883 secs] [Times: user=0.06 sys=0.00, real=0.03 secs] 
9.512: [GC (Allocation Failure) [PSYoungGen: 128000K->12943K(148992K)] 136879K->21830K(373760K), 0.0040866 secs] [Times: user=0.01 sys=0.00, real=0.01 secs] 
10.679: [GC (Allocation Failure) [PSYoungGen: 140943K->14111K(179712K)] 149830K->55782K(404480K), 0.0127854 secs] [Times: user=0.05 sys=0.01, real=0.01 secs] 
13.540: [GC (Allocation Failure) [PSYoungGen: 171367K->4480K(181760K)] 213038K->111695K(406528K), 0.0118820 secs] [Times: user=0.06 sys=0.01, real=0.01 secs] 
15.533: [GC (Allocation Failure) [PSYoungGen: 160891K->4512K(238080K)] 268106K->177263K(462848K), 0.0208234 secs] [Times: user=0.09 sys=0.02, real=0.02 secs] 
15.554: [Full GC (Ergonomics) [PSYoungGen: 4512K->0K(238080K)] [ParOldGen: 172751K->159523K(526848K)] 177263K->159523K(764928K), [Metaspace: 52292K->52292K(1097728K)], 0.1391861 secs] [Times: user=0.58 sys=0.01, real=0.14 secs] 
18.837: [GC (Allocation Failure) [PSYoungGen: 220160K->10385K(238080K)] 379683K->169917K(764928K), 0.0025373 secs] [Times: user=0.01 sys=0.00, real=0.00 secs] 
20.785: [GC (Allocation Failure) [PSYoungGen: 230545K->1762K(274944K)] 390077K->226838K(801792K), 0.0123604 secs] [Times: user=0.06 sys=0.01, real=0.01 secs] 
22.760: [GC (Allocation Failure) [PSYoungGen: 259298K->2213K(275456K)] 484374K->227296K(802304K), 0.0017352 secs] [Times: user=0.00 sys=0.00, real=0.00 secs] 
25.034: [GC (Allocation Failure) [PSYoungGen: 259749K->10149K(303616K)] 484832K->235233K(830464K), 0.0030839 secs] [Times: user=0.01 sys=0.01, real=0.01 secs] 
28.344: [GC (Allocation Failure) [PSYoungGen: 300965K->738K(308736K)] 526049K->225822K(835584K), 0.0015878 secs] [Times: user=0.01 sys=0.00, real=0.01 secs] 
31.418: [GC (Allocation Failure) [PSYoungGen: 273933K->1954K(333312K)] 499016K->227038K(860160K), 0.0044185 secs] [Times: user=0.02 sys=0.01, real=0.00 secs] 
34.889: [GC (Allocation Failure) [PSYoungGen: 320418K->1954K(336384K)] 545502K->292582K(863232K), 0.0127274 secs] [Times: user=0.06 sys=0.01, real=0.01 secs] 
38.224: [GC (Allocation Failure) [PSYoungGen: 320418K->1986K(359936K)] 611046K->292614K(886784K), 0.0030055 secs] [Times: user=0.01 sys=0.00, real=0.01 secs] 
40.662: [GC (Allocation Failure) [PSYoungGen: 349122K->2018K(364544K)] 639750K->292646K(891392K), 0.0029416 secs] [Times: user=0.02 sys=0.00, real=0.01 secs] 
46.216: [GC (Allocation Failure) [PSYoungGen: 349154K->1951K(373248K)] 639782K->292579K(900096K), 0.0015606 secs] [Times: user=0.00 sys=0.00, real=0.00 secs] 
48.987: [GC (Allocation Failure) [PSYoungGen: 363935K->10210K(377856K)] 654563K->300838K(904704K), 0.0024339 secs] [Times: user=0.01 sys=0.00, real=0.00 secs] 
51.165: [GC (Allocation Failure) [PSYoungGen: 372194K->16869K(389120K)] 662822K->308958K(915968K), 0.0037444 secs] [Times: user=0.01 sys=0.00, real=0.00 secs] 
55.053: [GC (Allocation Failure) [PSYoungGen: 389093K->1858K(392704K)] 681182K->293955K(919552K), 0.0026112 secs] [Times: user=0.01 sys=0.00, real=0.01 secs] 
58.740: [GC (Allocation Failure) [PSYoungGen: 374082K->1858K(401408K)] 666179K->293963K(928256K), 0.0024154 secs] [Times: user=0.01 sys=0.00, real=0.00 secs] 
62.402: [GC (Allocation Failure) [PSYoungGen: 385858K->1759K(403456K)] 677963K->293864K(930304K), 0.0016245 secs] [Times: user=0.01 sys=0.00, real=0.00 secs] 
66.176: [GC (Allocation Failure) [PSYoungGen: 385759K->17981K(410112K)] 677864K->310371K(936960K), 0.0039267 secs] [Times: user=0.02 sys=0.00, real=0.00 secs] 
70.883: [GC (Allocation Failure) [PSYoungGen: 409149K->1613K(413184K)] 701539K->294011K(940032K), 0.0027163 secs] [Times: user=0.01 sys=0.01, real=0.01 secs] 
73.071: [GC (Allocation Failure) [PSYoungGen: 392781K->1597K(420352K)] 685179K->294107K(947200K), 0.0030059 secs] [Times: user=0.01 sys=0.00, real=0.00 secs] 
77.973: [GC (Allocation Failure) [PSYoungGen: 400957K->3629K(420352K)] 693467K->296179K(947200K), 0.0018852 secs] [Times: user=0.00 sys=0.00, real=0.01 secs] 
80.477: [GC (Allocation Failure) [PSYoungGen: 402989K->17965K(422400K)] 695539K->310547K(949248K), 0.0040959 secs] [Times: user=0.01 sys=0.00, real=0.00 secs] 
84.267: [GC (Allocation Failure) [PSYoungGen: 420909K->1565K(425984K)] 713491K->294179K(952832K), 0.0042894 secs] [Times: user=0.01 sys=0.00, real=0.00 secs] 
89.566: [GC (Allocation Failure) [PSYoungGen: 404509K->1530K(430080K)] 697123K->294168K(956928K), 0.0016567 secs] [Times: user=0.01 sys=0.00, real=0.00 secs] 
96.279: [GC (Allocation Failure) [PSYoungGen: 412154K->17965K(417280K)] 704792K->310619K(944128K), 0.0047647 secs] [Times: user=0.02 sys=0.00, real=0.00 secs] 
101.143: [GC (Allocation Failure) [PSYoungGen: 416813K->1581K(393216K)] 709467K->294267K(920064K), 0.0033028 secs] [Times: user=0.01 sys=0.00, real=0.01 secs] 
105.871: [GC (Allocation Failure) [PSYoungGen: 389165K->1549K(378880K)] 681851K->294259K(905728K), 0.0020881 secs] [Times: user=0.01 sys=0.00, real=0.00 secs] 
111.235: [GC (Allocation Failure) [PSYoungGen: 378381K->3581K(370176K)] 671091K->296299K(897024K), 0.0022607 secs] [Times: user=0.01 sys=0.00, real=0.00 secs] 
115.460: [GC (Allocation Failure) [PSYoungGen: 370173K->17933K(375296K)] 662891K->310715K(902144K), 0.0029059 secs] [Times: user=0.02 sys=0.00, real=0.00 secs] 
118.776: [GC (Allocation Failure) [PSYoungGen: 374797K->1520K(356352K)] 667579K->294347K(883200K), 0.0042464 secs] [Times: user=0.01 sys=0.01, real=0.00 secs] 
123.272: [GC (Allocation Failure) [PSYoungGen: 349168K->1488K(339968K)] 641995K->294347K(866816K), 0.0038061 secs] [Times: user=0.02 sys=0.00, real=0.01 secs] 
126.363: [GC (Allocation Failure) [PSYoungGen: 339920K->1456K(339968K)] 632779K->294347K(866816K), 0.0028683 secs] [Times: user=0.01 sys=0.00, real=0.01 secs] 
129.754: [GC (Allocation Failure) [PSYoungGen: 331184K->1504K(323072K)] 624075K->294443K(849920K), 0.0022244 secs] [Times: user=0.01 sys=0.00, real=0.01 secs] 
132.385: [GC (Allocation Failure) [PSYoungGen: 323040K->1488K(323584K)] 615979K->294443K(850432K), 0.0020419 secs] [Times: user=0.00 sys=0.00, real=0.00 secs] 
136.647: [GC (Allocation Failure) [PSYoungGen: 314832K->1504K(307200K)] 607787K->294475K(834048K), 0.0028107 secs] [Times: user=0.01 sys=0.00, real=0.00 secs] 
140.342: [GC (Allocation Failure) [PSYoungGen: 307168K->1440K(307200K)] 600139K->294427K(834048K), 0.0040908 secs] [Times: user=0.02 sys=0.00, real=0.01 secs] 
144.332: [GC (Allocation Failure) [PSYoungGen: 299424K->1424K(292352K)] 592411K->294419K(819200K), 0.0057818 secs] [Times: user=0.02 sys=0.00, real=0.01 secs] 
147.112: [GC (Allocation Failure) [PSYoungGen: 292240K->1504K(292864K)] 585235K->294515K(819712K), 0.0018200 secs] [Times: user=0.01 sys=0.00, real=0.00 secs] 
149.844: [GC (Allocation Failure) [PSYoungGen: 285664K->1504K(279040K)] 578675K->294523K(805888K), 0.0030873 secs] [Times: user=0.01 sys=0.00, real=0.01 secs] 
152.803: [GC (Allocation Failure) [PSYoungGen: 279008K->9664K(282112K)] 572027K->310899K(808960K), 0.0036338 secs] [Times: user=0.01 sys=0.00, real=0.01 secs] 
157.159: [GC (Allocation Failure) [PSYoungGen: 281024K->9680K(274944K)] 582259K->319115K(801792K), 0.0075160 secs] [Times: user=0.04 sys=0.00, real=0.01 secs] 
160.691: [GC (Allocation Failure) [PSYoungGen: 274896K->3472K(268288K)] 584331K->312923K(795136K), 0.0024271 secs] [Times: user=0.01 sys=0.00, real=0.00 secs] 
161.807: [GC (Allocation Failure) [PSYoungGen: 262544K->1376K(254976K)] 571995K->310835K(781824K), 0.0030882 secs] [Times: user=0.02 sys=0.00, real=0.00 secs] 
164.838: [GC (Allocation Failure) [PSYoungGen: 254816K->1392K(256000K)] 564275K->310859K(782848K), 0.0023533 secs] [Times: user=0.01 sys=0.00, real=0.00 secs] 
166.792: [GC (Allocation Failure) [PSYoungGen: 249200K->1376K(244224K)] 558667K->310859K(771072K), 0.0023864 secs] [Times: user=0.01 sys=0.00, real=0.01 secs] 
169.511: [GC (Allocation Failure) [PSYoungGen: 244064K->9664K(248832K)] 553547K->327347K(775680K), 0.0049301 secs] [Times: user=0.02 sys=0.00, real=0.01 secs] 
171.544: [GC (Allocation Failure) [PSYoungGen: 247232K->3488K(236032K)] 564915K->321195K(762880K), 0.0021409 secs] [Times: user=0.01 sys=0.00, real=0.01 secs] 
174.028: [GC (Allocation Failure) [PSYoungGen: 235936K->1344K(236544K)] 553643K->319075K(763392K), 0.0037470 secs] [Times: user=0.02 sys=0.01, real=0.00 secs] 
177.245: [GC (Allocation Failure) [PSYoungGen: 229184K->1408K(224768K)] 546915K->319155K(751616K), 0.0026560 secs] [Times: user=0.01 sys=0.01, real=0.00 secs] 
179.918: [GC (Allocation Failure) [PSYoungGen: 224640K->9632K(230400K)] 542387K->335571K(757248K), 0.0028888 secs] [Times: user=0.01 sys=0.00, real=0.00 secs] 
182.163: [GC (Allocation Failure) [PSYoungGen: 228256K->1376K(216064K)] 554195K->327339K(742912K), 0.0022518 secs] [Times: user=0.01 sys=0.00, real=0.01 secs] 
185.249: [GC (Allocation Failure) [PSYoungGen: 215904K->1376K(219648K)] 541867K->327339K(746496K), 0.0045493 secs] [Times: user=0.02 sys=0.00, real=0.00 secs] 
187.624: [GC (Allocation Failure) [PSYoungGen: 211808K->9696K(216064K)] 537771K->343859K(742912K), 0.0030597 secs] [Times: user=0.02 sys=0.00, real=0.01 secs] 
189.850: [GC (Allocation Failure) [PSYoungGen: 216032K->288K(211968K)] 550195K->334451K(738816K), 0.0039226 secs] [Times: user=0.01 sys=0.00, real=0.00 secs] 
191.702: [GC (Allocation Failure) [PSYoungGen: 202528K->1408K(200192K)] 536691K->335571K(727040K), 0.0026289 secs] [Times: user=0.01 sys=0.00, real=0.01 secs] 
194.168: [GC (Allocation Failure) [PSYoungGen: 194755K->9616K(208384K)] 528919K->343787K(735232K), 0.0036744 secs] [Times: user=0.01 sys=0.00, real=0.00 secs] 
195.354: [GC (Allocation Failure) [PSYoungGen: 204688K->1376K(193024K)] 538859K->335547K(719872K), 0.0023223 secs] [Times: user=0.00 sys=0.00, real=0.01 secs] 
196.669: [GC (Allocation Failure) [PSYoungGen: 192864K->1392K(197632K)] 527035K->335563K(724480K), 0.0016935 secs] [Times: user=0.00 sys=0.00, real=0.00 secs] 
197.915: [GC (Allocation Failure) [PSYoungGen: 189296K->2432K(186880K)] 523467K->336619K(713728K), 0.0017971 secs] [Times: user=0.01 sys=0.00, real=0.00 secs] 
199.135: [GC (Allocation Failure) [PSYoungGen: 186752K->1392K(190464K)] 520939K->335579K(717312K), 0.0023110 secs] [Times: user=0.01 sys=0.00, real=0.00 secs] 
201.210: [GC (Allocation Failure) [PSYoungGen: 182640K->9648K(187904K)] 516827K->343851K(714752K), 0.0019921 secs] [Times: user=0.01 sys=0.00, real=0.00 secs] 
202.968: [GC (Allocation Failure) [PSYoungGen: 187824K->1408K(184832K)] 522027K->335627K(711680K), 0.0021454 secs] [Times: user=0.01 sys=0.00, real=0.00 secs] 
204.759: [GC (Allocation Failure) [PSYoungGen: 176512K->9600K(181760K)] 510731K->352019K(708608K), 0.0028767 secs] [Times: user=0.02 sys=0.00, real=0.00 secs] 
205.525: [GC (Allocation Failure) [PSYoungGen: 181632K->1408K(179712K)] 524051K->343827K(706560K), 0.0022899 secs] [Times: user=0.01 sys=0.00, real=0.00 secs] 
207.054: [GC (Allocation Failure) [PSYoungGen: 170368K->1440K(167936K)] 512787K->343867K(694784K), 0.0025122 secs] [Times: user=0.01 sys=0.00, real=0.01 secs] 
208.912: [GC (Allocation Failure) [PSYoungGen: 167840K->1341K(174080K)] 510267K->343768K(700928K), 0.0030425 secs] [Times: user=0.01 sys=0.00, real=0.01 secs] 
212.024: [GC (Allocation Failure) [PSYoungGen: 165181K->1408K(162816K)] 507608K->343835K(689664K), 0.0034668 secs] [Times: user=0.01 sys=0.00, real=0.01 secs] 
214.085: [GC (Allocation Failure) [PSYoungGen: 162688K->1392K(167424K)] 505115K->343827K(694272K), 0.0015335 secs] [Times: user=0.01 sys=0.00, real=0.00 secs] 
215.559: [GC (Allocation Failure) [PSYoungGen: 160112K->1408K(157696K)] 502547K->343851K(684544K), 0.0051959 secs] [Times: user=0.02 sys=0.00, real=0.01 secs] 
218.093: [GC (Allocation Failure) [PSYoungGen: 157568K->1373K(161280K)] 500011K->343824K(688128K), 0.0015073 secs] [Times: user=0.00 sys=0.00, real=0.01 secs] 
218.751: [GC (Allocation Failure) [PSYoungGen: 154973K->1472K(152576K)] 497424K->343923K(679424K), 0.0018720 secs] [Times: user=0.01 sys=0.00, real=0.00 secs] 
219.734: [GC (Allocation Failure) [PSYoungGen: 152512K->1456K(156160K)] 494963K->343907K(683008K), 0.0014380 secs] [Times: user=0.01 sys=0.00, real=0.01 secs] 
221.060: [GC (Allocation Failure) [PSYoungGen: 150448K->1440K(148480K)] 492899K->343907K(675328K), 0.0036269 secs] [Times: user=0.01 sys=0.00, real=0.00 secs] 
222.202: [GC (Allocation Failure) [PSYoungGen: 148384K->1408K(151040K)] 490851K->343875K(677888K), 0.0024464 secs] [Times: user=0.01 sys=0.00, real=0.01 secs] 
223.652: [GC (Allocation Failure) [PSYoungGen: 146304K->8640K(151552K)] 488771K->360331K(678400K), 0.0056670 secs] [Times: user=0.02 sys=0.00, real=0.01 secs] 
224.908: [GC (Allocation Failure) [PSYoungGen: 151488K->384K(148480K)] 503179K->352075K(675328K), 0.0023240 secs] [Times: user=0.01 sys=0.00, real=0.00 secs] 
226.399: [GC (Allocation Failure) [PSYoungGen: 141184K->9632K(148480K)] 492875K->369515K(675328K), 0.0032591 secs] [Times: user=0.01 sys=0.00, real=0.00 secs] 
227.671: [GC (Allocation Failure) [PSYoungGen: 148384K->1376K(146432K)] 508267K->361267K(673280K), 0.0032916 secs] [Times: user=0.01 sys=0.00, real=0.00 secs] 
229.378: [GC (Allocation Failure) [PSYoungGen: 138080K->9664K(144384K)] 497971K->369563K(671232K), 0.0036842 secs] [Times: user=0.02 sys=0.00, real=0.00 secs] 
231.259: [GC (Allocation Failure) [PSYoungGen: 144320K->1376K(142848K)] 504219K->361283K(669696K), 0.0033383 secs] [Times: user=0.02 sys=0.00, real=0.00 secs] 
233.343: [GC (Allocation Failure) [PSYoungGen: 133984K->1456K(132608K)] 493891K->361371K(659456K), 0.0016185 secs] [Times: user=0.00 sys=0.00, real=0.01 secs] 
235.920: [GC (Allocation Failure) [PSYoungGen: 132528K->1376K(139264K)] 492443K->361291K(666112K), 0.0035042 secs] [Times: user=0.01 sys=0.00, real=0.00 secs] 
237.587: [GC (Allocation Failure) [PSYoungGen: 130912K->1440K(129536K)] 490827K->361355K(656384K), 0.0029417 secs] [Times: user=0.02 sys=0.00, real=0.00 secs] 
239.306: [GC (Allocation Failure) [PSYoungGen: 129440K->9648K(137728K)] 489355K->377763K(664576K), 0.0030093 secs] [Times: user=0.01 sys=0.00, real=0.00 secs] 
240.931: [GC (Allocation Failure) [PSYoungGen: 136112K->1408K(126464K)] 504227K->369523K(653312K), 0.0032996 secs] [Times: user=0.01 sys=0.00, real=0.01 secs] 
242.221: [GC (Allocation Failure) [PSYoungGen: 126336K->2432K(133120K)] 494451K->370547K(659968K), 0.0023599 secs] [Times: user=0.01 sys=0.00, real=0.00 secs] 
243.623: [GC (Allocation Failure) [PSYoungGen: 125824K->1408K(123392K)] 493939K->369523K(650240K), 0.0034305 secs] [Times: user=0.01 sys=0.00, real=0.01 secs] 
245.010: [GC (Allocation Failure) [PSYoungGen: 123264K->1344K(129024K)] 491379K->369459K(655872K), 0.0041226 secs] [Times: user=0.01 sys=0.00, real=0.00 secs] 
246.954: [GC (Allocation Failure) [PSYoungGen: 120601K->9632K(129536K)] 488716K->377755K(656384K), 0.0023109 secs] [Times: user=0.01 sys=0.00, real=0.01 secs] 
248.201: [GC (Allocation Failure) [PSYoungGen: 128416K->1376K(126976K)] 496539K->369507K(653824K), 0.0028316 secs] [Times: user=0.01 sys=0.00, real=0.00 secs] 
249.234: [GC (Allocation Failure) [PSYoungGen: 118624K->1373K(117248K)] 486755K->369504K(644096K), 0.0017810 secs] [Times: user=0.00 sys=0.00, real=0.01 secs] 
251.392: [GC (Allocation Failure) [PSYoungGen: 117085K->9600K(125440K)] 485216K->385923K(652288K), 0.0035528 secs] [Times: user=0.02 sys=0.01, real=0.01 secs] 
251.868: [GC (Allocation Failure) [PSYoungGen: 123776K->1376K(114176K)] 500099K->377699K(641024K), 0.0019601 secs] [Times: user=0.01 sys=0.00, real=0.00 secs] 
253.490: [GC (Allocation Failure) [PSYoungGen: 114016K->2400K(121856K)] 490339K->378739K(648704K), 0.0032681 secs] [Times: user=0.01 sys=0.00, real=0.00 secs] 
254.469: [GC (Allocation Failure) [PSYoungGen: 114016K->1376K(112128K)] 490355K->377715K(638976K), 0.0021051 secs] [Times: user=0.01 sys=0.00, real=0.00 secs] 
255.370: [GC (Allocation Failure) [PSYoungGen: 111968K->1424K(118784K)] 488307K->377771K(645632K), 0.0037937 secs] [Times: user=0.02 sys=0.00, real=0.00 secs] 
257.026: [GC (Allocation Failure) [PSYoungGen: 110992K->5552K(114176K)] 487339K->381899K(641024K), 0.0042813 secs] [Times: user=0.01 sys=0.00, real=0.00 secs] 
257.461: [GC (Allocation Failure) [PSYoungGen: 114096K->1392K(116736K)] 490443K->377739K(643584K), 0.0021874 secs] [Times: user=0.01 sys=0.00, real=0.00 secs] 
257.907: [GC (Allocation Failure) [PSYoungGen: 108912K->1376K(108032K)] 485259K->377731K(634880K), 0.0022048 secs] [Times: user=0.01 sys=0.00, real=0.00 secs] 
259.022: [GC (Allocation Failure) [PSYoungGen: 107872K->9632K(115200K)] 484227K->385995K(642048K), 0.0019961 secs] [Times: user=0.01 sys=0.00, real=0.00 secs] 
259.857: [GC (Allocation Failure) [PSYoungGen: 114592K->1408K(105472K)] 490955K->377779K(632320K), 0.0019009 secs] [Times: user=0.01 sys=0.00, real=0.00 secs] 
260.358: [GC (Allocation Failure) [PSYoungGen: 105344K->1408K(112640K)] 481715K->377779K(639488K), 0.0021886 secs] [Times: user=0.00 sys=0.00, real=0.00 secs] 
261.204: [GC (Allocation Failure) [PSYoungGen: 104320K->9632K(113152K)] 480691K->386011K(640000K), 0.0019430 secs] [Times: user=0.01 sys=0.00, real=0.01 secs] 
261.604: [GC (Allocation Failure) [PSYoungGen: 111520K->1392K(111616K)] 487899K->377787K(638464K), 0.0016365 secs] [Times: user=0.01 sys=0.00, real=0.00 secs] 
262.022: [GC (Allocation Failure) [PSYoungGen: 102256K->1376K(101376K)] 478651K->377779K(628224K), 0.0026960 secs] [Times: user=0.01 sys=0.00, real=0.01 secs] 
262.887: [GC (Allocation Failure) [PSYoungGen: 101216K->5536K(109568K)] 477619K->381947K(636416K), 0.0019915 secs] [Times: user=0.00 sys=0.00, real=0.00 secs] 
263.246: [GC (Allocation Failure) [PSYoungGen: 104352K->1376K(99328K)] 480763K->377803K(626176K), 0.0019436 secs] [Times: user=0.00 sys=0.00, real=0.00 secs] 
263.652: [GC (Allocation Failure) [PSYoungGen: 99168K->1424K(105984K)] 475595K->377851K(632832K), 0.0017424 secs] [Times: user=0.00 sys=0.00, real=0.00 secs] 
264.728: [GC (Allocation Failure) [PSYoungGen: 97576K->1904K(97792K)] 474004K->378347K(624640K), 0.0024947 secs] [Times: user=0.01 sys=0.00, real=0.00 secs] 
265.580: [GC (Allocation Failure) [PSYoungGen: 97648K->9568K(103936K)] 474091K->394203K(630784K), 0.0052854 secs] [Times: user=0.02 sys=0.01, real=0.01 secs] 
267.172: [GC (Allocation Failure) [PSYoungGen: 103264K->1408K(94208K)] 487899K->386043K(621056K), 0.0053551 secs] [Times: user=0.02 sys=0.00, real=0.01 secs] 
268.311: [GC (Allocation Failure) [PSYoungGen: 94080K->1408K(101376K)] 478715K->386043K(628224K), 0.0044484 secs] [Times: user=0.02 sys=0.00, real=0.01 secs] 
269.650: [GC (Allocation Failure) [PSYoungGen: 88281K->9648K(101888K)] 472917K->394283K(628736K), 0.0023157 secs] [Times: user=0.01 sys=0.00, real=0.00 secs] 
270.691: [GC (Allocation Failure) [PSYoungGen: 100272K->1376K(100352K)] 484907K->386011K(627200K), 0.0051263 secs] [Times: user=0.02 sys=0.00, real=0.01 secs] 
271.792: [GC (Allocation Failure) [PSYoungGen: 90976K->1376K(90112K)] 475611K->386019K(616960K), 0.0035995 secs] [Times: user=0.01 sys=0.00, real=0.01 secs] 
273.149: [GC (Allocation Failure) [PSYoungGen: 88936K->3408K(98304K)] 473580K->388051K(625152K), 0.0019719 secs] [Times: user=0.00 sys=0.01, real=0.00 secs] 
273.893: [GC (Allocation Failure) [PSYoungGen: 91472K->9616K(98816K)] 476115K->402451K(625664K), 0.0033053 secs] [Times: user=0.02 sys=0.00, real=0.01 secs] 
274.529: [GC (Allocation Failure) [PSYoungGen: 97168K->1408K(98304K)] 490003K->394243K(625152K), 0.0019269 secs] [Times: user=0.01 sys=0.00, real=0.00 secs] 
274.953: [GC (Allocation Failure) [PSYoungGen: 88448K->1360K(88064K)] 481283K->394195K(614912K), 0.0021377 secs] [Times: user=0.01 sys=0.00, real=0.01 secs] 
276.044: [GC (Allocation Failure) [PSYoungGen: 87888K->9632K(96768K)] 480723K->402475K(623616K), 0.0030614 secs] [Times: user=0.01 sys=0.00, real=0.01 secs] 
276.701: [GC (Allocation Failure) [PSYoungGen: 94624K->1408K(86016K)] 487467K->394251K(612864K), 0.0029282 secs] [Times: user=0.01 sys=0.00, real=0.00 secs] 
277.445: [GC (Allocation Failure) [PSYoungGen: 85888K->1344K(95232K)] 478731K->394187K(622080K), 0.0031806 secs] [Times: user=0.01 sys=0.00, real=0.00 secs] 
278.320: [GC (Allocation Failure) [PSYoungGen: 85312K->1341K(84992K)] 478155K->394184K(611840K), 0.0014902 secs] [Times: user=0.00 sys=0.00, real=0.00 secs] 
278.777: [GC (Allocation Failure) [PSYoungGen: 84797K->9600K(93696K)] 477640K->410635K(620544K), 0.0031643 secs] [Times: user=0.02 sys=0.00, real=0.00 secs] 
279.221: [GC (Allocation Failure) [PSYoungGen: 91520K->1344K(82944K)] 492555K->402379K(609792K), 0.0050983 secs] [Times: user=0.02 sys=0.00, real=0.01 secs] 
279.880: [GC (Allocation Failure) [PSYoungGen: 82752K->1344K(92160K)] 483787K->402379K(619008K), 0.0038391 secs] [Times: user=0.01 sys=0.00, real=0.00 secs] 
280.993: [GC (Allocation Failure) [PSYoungGen: 82240K->1904K(82432K)] 483275K->402947K(609280K), 0.0019623 secs] [Times: user=0.01 sys=0.00, real=0.01 secs] 
281.279: [GC (Allocation Failure) [PSYoungGen: 82288K->9600K(90624K)] 483331K->418835K(617472K), 0.0029291 secs] [Times: user=0.01 sys=0.00, real=0.00 secs] 
282.114: [GC (Allocation Failure) [PSYoungGen: 88448K->1408K(79872K)] 497683K->410643K(606720K), 0.0023293 secs] [Times: user=0.01 sys=0.00, real=0.01 secs] 
283.088: [GC (Allocation Failure) [PSYoungGen: 79744K->1376K(89088K)] 488979K->410611K(615936K), 0.0032367 secs] [Times: user=0.01 sys=0.00, real=0.00 secs] 
284.499: [GC (Allocation Failure) [PSYoungGen: 78720K->1952K(79360K)] 487956K->411195K(606208K), 0.0018691 secs] [Times: user=0.00 sys=0.00, real=0.00 secs] 
284.757: [GC (Allocation Failure) [PSYoungGen: 79264K->9632K(87552K)] 488507K->427067K(614400K), 0.0030540 secs] [Times: user=0.01 sys=0.00, real=0.00 secs] 
285.088: [GC (Allocation Failure) [PSYoungGen: 85408K->1360K(76800K)] 502843K->418795K(603648K), 0.0020385 secs] [Times: user=0.01 sys=0.00, real=0.00 secs] 
285.401: [GC (Allocation Failure) [PSYoungGen: 76624K->1376K(86016K)] 494059K->418811K(612864K), 0.0021551 secs] [Times: user=0.01 sys=0.00, real=0.00 secs] 
286.190: [GC (Allocation Failure) [PSYoungGen: 76128K->160K(74752K)] 493563K->417611K(601600K), 0.0015451 secs] [Times: user=0.00 sys=0.00, real=0.00 secs] 
286.814: [GC (Allocation Failure) [PSYoungGen: 74400K->9600K(85504K)] 491851K->435251K(612352K), 0.0032290 secs] [Times: user=0.02 sys=0.00, real=0.01 secs] 
287.441: [GC (Allocation Failure) [PSYoungGen: 82816K->1408K(74240K)] 508467K->427059K(601088K), 0.0054439 secs] [Times: user=0.02 sys=0.00, real=0.01 secs] 
288.189: [GC (Allocation Failure) [PSYoungGen: 74112K->1376K(83456K)] 499763K->427027K(610304K), 0.0028335 secs] [Times: user=0.02 sys=0.00, real=0.00 secs] 
288.594: [GC (Allocation Failure) [PSYoungGen: 73568K->1376K(73216K)] 499219K->427027K(600064K), 0.0026431 secs] [Times: user=0.01 sys=0.00, real=0.01 secs] 
289.561: [GC (Allocation Failure) [PSYoungGen: 73056K->9632K(81920K)] 498707K->435283K(608768K), 0.0019929 secs] [Times: user=0.01 sys=0.00, real=0.00 secs] 
290.159: [GC (Allocation Failure) [PSYoungGen: 79776K->9600K(82944K)] 505427K->443443K(609792K), 0.0051639 secs] [Times: user=0.03 sys=0.00, real=0.01 secs] 
290.534: [GC (Allocation Failure) [PSYoungGen: 79232K->1328K(82432K)] 513075K->435195K(609280K), 0.0020966 secs] [Times: user=0.01 sys=0.00, real=0.00 secs] 
290.833: [GC (Allocation Failure) [PSYoungGen: 70448K->1376K(70144K)] 504315K->435243K(596992K), 0.0022119 secs] [Times: user=0.01 sys=0.00, real=0.01 secs] 
291.597: [GC (Allocation Failure) [PSYoungGen: 69984K->2464K(79360K)] 503851K->436347K(606208K), 0.0019041 secs] [Times: user=0.01 sys=0.00, real=0.00 secs] 
292.073: [GC (Allocation Failure) [PSYoungGen: 70560K->9600K(80384K)] 504443K->451675K(607232K), 0.0032138 secs] [Times: user=0.01 sys=0.00, real=0.01 secs] 
292.660: [GC (Allocation Failure) [PSYoungGen: 77184K->1344K(79872K)] 519259K->443419K(606720K), 0.0036737 secs] [Times: user=0.01 sys=0.00, real=0.00 secs] 
293.190: [GC (Allocation Failure) [PSYoungGen: 68416K->1440K(68096K)] 510491K->443515K(594944K), 0.0024911 secs] [Times: user=0.02 sys=0.00, real=0.00 secs] 
293.466: [GC (Allocation Failure) [PSYoungGen: 68000K->1376K(77824K)] 510075K->443451K(604672K), 0.0023263 secs] [Times: user=0.01 sys=0.00, real=0.00 secs] 
294.396: [GC (Allocation Failure) [PSYoungGen: 64071K->5472K(71168K)] 506146K->447547K(598016K), 0.0021403 secs] [Times: user=0.01 sys=0.00, real=0.00 secs] 
294.905: [GC (Allocation Failure) [PSYoungGen: 71008K->9600K(76288K)] 513083K->459875K(603136K), 0.0033362 secs] [Times: user=0.02 sys=0.00, real=0.00 secs] 
295.438: [GC (Allocation Failure) [PSYoungGen: 73600K->1376K(65024K)] 523875K->451659K(591872K), 0.0020543 secs] [Times: user=0.01 sys=0.00, real=0.00 secs] 
295.784: [GC (Allocation Failure) [PSYoungGen: 64864K->1376K(74752K)] 515147K->451659K(601600K), 0.0021281 secs] [Times: user=0.01 sys=0.00, real=0.01 secs] 
296.046: [GC (Allocation Failure) [PSYoungGen: 64352K->1408K(64000K)] 514635K->451691K(590848K), 0.0022765 secs] [Times: user=0.01 sys=0.00, real=0.00 secs] 
296.957: [GC (Allocation Failure) [PSYoungGen: 63872K->9632K(73216K)] 514155K->459915K(600064K), 0.0020386 secs] [Times: user=0.01 sys=0.00, real=0.00 secs] 
297.450: [GC (Allocation Failure) [PSYoungGen: 70560K->9600K(74240K)] 520843K->468075K(601088K), 0.0036989 secs] [Times: user=0.02 sys=0.00, real=0.00 secs] 
298.091: [GC (Allocation Failure) [PSYoungGen: 70016K->1376K(74240K)] 528491K->459851K(601088K), 0.0024530 secs] [Times: user=0.01 sys=0.00, real=0.00 secs] 
298.624: [GC (Allocation Failure) [PSYoungGen: 61792K->1376K(61952K)] 520267K->459851K(588800K), 0.0028470 secs] [Times: user=0.01 sys=0.00, real=0.01 secs] 
299.129: [GC (Allocation Failure) [PSYoungGen: 61792K->1376K(73216K)] 520267K->459851K(600064K), 0.0026301 secs] [Times: user=0.01 sys=0.00, real=0.00 secs] 
300.586: [GC (Allocation Failure) [PSYoungGen: 61792K->5520K(73728K)] 520267K->464003K(600576K), 0.0032645 secs] [Times: user=0.02 sys=0.00, real=0.00 secs] 
301.262: [GC (Allocation Failure) [PSYoungGen: 65936K->9568K(72704K)] 524419K->476267K(599552K), 0.0057152 secs] [Times: user=0.03 sys=0.00, real=0.01 secs] 
302.028: [GC (Allocation Failure) [PSYoungGen: 68960K->1344K(60928K)] 535659K->468051K(587776K), 0.0039436 secs] [Times: user=0.02 sys=0.00, real=0.00 secs] 
302.554: [GC (Allocation Failure) [PSYoungGen: 60736K->1376K(72192K)] 527443K->468083K(599040K), 0.0038744 secs] [Times: user=0.02 sys=0.00, real=0.01 secs] 
303.384: [GC (Allocation Failure) [PSYoungGen: 60768K->1344K(60928K)] 527475K->468051K(587776K), 0.0048602 secs] [Times: user=0.02 sys=0.00, real=0.01 secs] 
304.345: [GC (Allocation Failure) [PSYoungGen: 60736K->3488K(71168K)] 527443K->470195K(598016K), 0.0020820 secs] [Times: user=0.01 sys=0.00, real=0.00 secs] 
304.850: [GC (Allocation Failure) [PSYoungGen: 57121K->9552K(71680K)] 523829K->476259K(598528K), 0.0024855 secs] [Times: user=0.01 sys=0.00, real=0.00 secs] 
305.270: [GC (Allocation Failure) [PSYoungGen: 68944K->9568K(71680K)] 535651K->484467K(598528K), 0.0033318 secs] [Times: user=0.02 sys=0.00, real=0.00 secs] 
305.752: [GC (Allocation Failure) [PSYoungGen: 67936K->1360K(72704K)] 542835K->476259K(599552K), 0.0021894 secs] [Times: user=0.01 sys=0.00, real=0.01 secs] 
306.146: [GC (Allocation Failure) [PSYoungGen: 59728K->1344K(71680K)] 534627K->476243K(598528K), 0.0023210 secs] [Times: user=0.01 sys=0.00, real=0.00 secs] 
306.629: [GC (Allocation Failure) [PSYoungGen: 59712K->1373K(59904K)] 534611K->476281K(586752K), 0.0022493 secs] [Times: user=0.00 sys=0.00, real=0.00 secs] 
308.637: [GC (Allocation Failure) [PSYoungGen: 59741K->9568K(70656K)] 534649K->484475K(597504K), 0.0057457 secs] [Times: user=0.03 sys=0.00, real=0.00 secs] 
309.820: [GC (Allocation Failure) [PSYoungGen: 66912K->9568K(71680K)] 541819K->492667K(598528K), 0.0080894 secs] [Times: user=0.04 sys=0.00, real=0.01 secs] 
310.303: [GC (Allocation Failure) [PSYoungGen: 66912K->1360K(71680K)] 550011K->484459K(598528K), 0.0031575 secs] [Times: user=0.01 sys=0.00, real=0.01 secs] 
310.889: [GC (Allocation Failure) [PSYoungGen: 58704K->1328K(58880K)] 541803K->484427K(585728K), 0.0034334 secs] [Times: user=0.01 sys=0.00, real=0.00 secs] 
311.399: [GC (Allocation Failure) [PSYoungGen: 58672K->1344K(70656K)] 541771K->484443K(597504K), 0.0032852 secs] [Times: user=0.01 sys=0.00, real=0.00 secs] 
313.220: [GC (Allocation Failure) [PSYoungGen: 58688K->2432K(59904K)] 541787K->485531K(586752K), 0.0047124 secs] [Times: user=0.02 sys=0.00, real=0.01 secs] 
313.639: [GC (Allocation Failure) [PSYoungGen: 59776K->9568K(69632K)] 542875K->500875K(596480K), 0.0047529 secs] [Times: user=0.02 sys=0.00, real=0.01 secs] 
313.906: [GC (Allocation Failure) [PSYoungGen: 65888K->1408K(57856K)] 557195K->492715K(584704K), 0.0022907 secs] [Times: user=0.01 sys=0.00, real=0.00 secs] 
314.168: [GC (Allocation Failure) [PSYoungGen: 57728K->1376K(69120K)] 549035K->492683K(595968K), 0.0025890 secs] [Times: user=0.01 sys=0.00, real=0.00 secs] 
314.599: [GC (Allocation Failure) [PSYoungGen: 57696K->1376K(57856K)] 549003K->492691K(584704K), 0.0024132 secs] [Times: user=0.01 sys=0.00, real=0.00 secs] 
315.166: [GC (Allocation Failure) [PSYoungGen: 57696K->1373K(68096K)] 549011K->492689K(594944K), 0.0020747 secs] [Times: user=0.01 sys=0.00, real=0.00 secs] 
315.964: [GC (Allocation Failure) [PSYoungGen: 57693K->9600K(68608K)] 549009K->500915K(595456K), 0.0022295 secs] [Times: user=0.01 sys=0.00, real=0.01 secs] 
316.484: [GC (Allocation Failure) [PSYoungGen: 65920K->9600K(69120K)] 557235K->509107K(595968K), 0.0048856 secs] [Times: user=0.02 sys=0.01, real=0.01 secs] 
316.859: [GC (Allocation Failure) [PSYoungGen: 64896K->1376K(56832K)] 564403K->500883K(583680K), 0.0023182 secs] [Times: user=0.01 sys=0.00, real=0.00 secs] 
317.116: [GC (Allocation Failure) [PSYoungGen: 56672K->1344K(68608K)] 556179K->500851K(595456K), 0.0022759 secs] [Times: user=0.01 sys=0.00, real=0.00 secs] 
317.347: [GC (Allocation Failure) [PSYoungGen: 56640K->1344K(56832K)] 556147K->500851K(583680K), 0.0021856 secs] [Times: user=0.01 sys=0.00, real=0.00 secs] 
318.042: [GC (Allocation Failure) [PSYoungGen: 56640K->1920K(67584K)] 556147K->501427K(594432K), 0.0020002 secs] [Times: user=0.01 sys=0.00, real=0.00 secs] 
318.241: [GC (Allocation Failure) [PSYoungGen: 57216K->9568K(68096K)] 556723K->509075K(594944K), 0.0019088 secs] [Times: user=0.01 sys=0.00, real=0.00 secs] 
318.469: [GC (Allocation Failure) [PSYoungGen: 64864K->9632K(68608K)] 564371K->517331K(595456K), 0.0052162 secs] [Times: user=0.02 sys=0.01, real=0.01 secs] 
318.698: [GC (Allocation Failure) [PSYoungGen: 63904K->1376K(69632K)] 571603K->509075K(596480K), 0.0020599 secs] [Times: user=0.00 sys=0.00, real=0.00 secs] 
318.972: [GC (Allocation Failure) [PSYoungGen: 55648K->1344K(73216K)] 563347K->509067K(600064K), 0.0023577 secs] [Times: user=0.01 sys=0.00, real=0.00 secs] 
319.356: [GC (Allocation Failure) [PSYoungGen: 60736K->1376K(73728K)] 568459K->509099K(600576K), 0.0022622 secs] [Times: user=0.01 sys=0.00, real=0.00 secs] 
320.194: [GC (Allocation Failure) [PSYoungGen: 60768K->3424K(66048K)] 568491K->511147K(592896K), 0.0027449 secs] [Times: user=0.01 sys=0.00, real=0.01 secs] 
320.488: [GC (Allocation Failure) [PSYoungGen: 62816K->9568K(72192K)] 570539K->525483K(599040K), 0.0047392 secs] [Times: user=0.03 sys=0.00, real=0.00 secs] 
320.493: [Full GC (Ergonomics) [PSYoungGen: 9568K->0K(72192K)] [ParOldGen: 515915K->86535K(496128K)] 525483K->86535K(568320K), [Metaspace: 54776K->54768K(1099776K)], 0.0466093 secs] [Times: user=0.11 sys=0.01, real=0.05 secs] 
320.880: [GC (Allocation Failure) [PSYoungGen: 59392K->96K(78848K)] 145927K->119399K(574976K), 0.0037977 secs] [Times: user=0.02 sys=0.00, real=0.00 secs] 
321.129: [GC (Allocation Failure) [PSYoungGen: 65120K->96K(78848K)] 184423K->152167K(574976K), 0.0056050 secs] [Times: user=0.03 sys=0.00, real=0.01 secs] 
321.654: [GC (Allocation Failure) [PSYoungGen: 65120K->96K(84992K)] 249959K->184935K(581120K), 0.0017589 secs] [Times: user=0.01 sys=0.00, real=0.01 secs] 
321.987: [GC (Allocation Failure) [PSYoungGen: 72288K->64K(85504K)] 257127K->250439K(581632K), 0.0050936 secs] [Times: user=0.03 sys=0.00, real=0.00 secs] 
322.574: [GC (Allocation Failure) [PSYoungGen: 72256K->1248K(90112K)] 322631K->284391K(586240K), 0.0039868 secs] [Times: user=0.02 sys=0.00, real=0.00 secs] 
323.063: [GC (Allocation Failure) [PSYoungGen: 81120K->1437K(91648K)] 364263K->284588K(587776K), 0.0018307 secs] [Times: user=0.00 sys=0.00, real=0.01 secs] 
323.540: [GC (Allocation Failure) [PSYoungGen: 81309K->1469K(96768K)] 364460K->284620K(592896K), 0.0019394 secs] [Times: user=0.01 sys=0.00, real=0.00 secs] 
324.110: [GC (Allocation Failure) [PSYoungGen: 88509K->1421K(97792K)] 371660K->284572K(593920K), 0.0019352 secs] [Times: user=0.01 sys=0.01, real=0.00 secs] 
325.036: [GC (Allocation Failure) [PSYoungGen: 88461K->5581K(102400K)] 371612K->288733K(598528K), 0.0019978 secs] [Times: user=0.01 sys=0.00, real=0.00 secs] 
325.451: [GC (Allocation Failure) [PSYoungGen: 98765K->1469K(103424K)] 381917K->284620K(599552K), 0.0016467 secs] [Times: user=0.00 sys=0.00, real=0.00 secs] 
326.226: [GC (Allocation Failure) [PSYoungGen: 94653K->1405K(107520K)] 377804K->284556K(603648K), 0.0019034 secs] [Times: user=0.01 sys=0.00, real=0.00 secs] 
327.490: [GC (Allocation Failure) [PSYoungGen: 100733K->1984K(108544K)] 383884K->285143K(604672K), 0.0019633 secs] [Times: user=0.01 sys=0.00, real=0.00 secs] 
328.361: [GC (Allocation Failure) [PSYoungGen: 101312K->1453K(111616K)] 384471K->284612K(607744K), 0.0019004 secs] [Times: user=0.01 sys=0.00, real=0.00 secs] 
329.332: [GC (Allocation Failure) [PSYoungGen: 105901K->1421K(112640K)] 389060K->284580K(608768K), 0.0019565 secs] [Times: user=0.00 sys=0.00, real=0.00 secs] 
330.986: [GC (Allocation Failure) [PSYoungGen: 105869K->1997K(116224K)] 389028K->285157K(612352K), 0.0033493 secs] [Times: user=0.01 sys=0.00, real=0.00 secs] 
332.698: [GC (Allocation Failure) [PSYoungGen: 111053K->1453K(116736K)] 394213K->284620K(612864K), 0.0019247 secs] [Times: user=0.00 sys=0.00, real=0.00 secs] 
333.619: [GC (Allocation Failure) [PSYoungGen: 110509K->1472K(120320K)] 393676K->284639K(616448K), 0.0022693 secs] [Times: user=0.01 sys=0.00, real=0.00 secs] 
334.910: [GC (Allocation Failure) [PSYoungGen: 111937K->5584K(120320K)] 395105K->288751K(616448K), 0.0020308 secs] [Times: user=0.01 sys=0.00, real=0.00 secs] 
335.985: [GC (Allocation Failure) [PSYoungGen: 119248K->1437K(124416K)] 402415K->284612K(620544K), 0.0022245 secs] [Times: user=0.01 sys=0.00, real=0.00 secs] 
337.325: [GC (Allocation Failure) [PSYoungGen: 119197K->1392K(124928K)] 402372K->284604K(621056K), 0.0023915 secs] [Times: user=0.01 sys=0.00, real=0.00 secs] 
339.055: [GC (Allocation Failure) [PSYoungGen: 119152K->1408K(126976K)] 402364K->284668K(623104K), 0.0021409 secs] [Times: user=0.01 sys=0.00, real=0.00 secs] 
339.877: [GC (Allocation Failure) [PSYoungGen: 122752K->1376K(128000K)] 406012K->284636K(624128K), 0.0017536 secs] [Times: user=0.00 sys=0.00, real=0.00 secs] 
341.005: [GC (Allocation Failure) [PSYoungGen: 122720K->3456K(131072K)] 405980K->286725K(627200K), 0.0018053 secs] [Times: user=0.00 sys=0.00, real=0.00 secs] 
342.047: [GC (Allocation Failure) [PSYoungGen: 128384K->1376K(131584K)] 411653K->284644K(627712K), 0.0024790 secs] [Times: user=0.01 sys=0.00, real=0.00 secs] 
342.940: [GC (Allocation Failure) [PSYoungGen: 126304K->1376K(135168K)] 409572K->284644K(631296K), 0.0020129 secs] [Times: user=0.00 sys=0.00, real=0.00 secs] 
343.974: [GC (Allocation Failure) [PSYoungGen: 130400K->1424K(135168K)] 413668K->284700K(631296K), 0.0016316 secs] [Times: user=0.00 sys=0.00, real=0.00 secs] 
344.666: [GC (Allocation Failure) [PSYoungGen: 130448K->1408K(139264K)] 413724K->284708K(635392K), 0.0018932 secs] [Times: user=0.01 sys=0.00, real=0.00 secs] 
345.650: [GC (Allocation Failure) [PSYoungGen: 135040K->5568K(139264K)] 418340K->292965K(635392K), 0.0017412 secs] [Times: user=0.00 sys=0.00, real=0.00 secs] 
346.205: [GC (Allocation Failure) [PSYoungGen: 139200K->1392K(145408K)] 426597K->288789K(641536K), 0.0019497 secs] [Times: user=0.01 sys=0.00, real=0.00 secs] 
348.195: [GC (Allocation Failure) [PSYoungGen: 140144K->2496K(144896K)] 427541K->289893K(641024K), 0.0038413 secs] [Times: user=0.02 sys=0.00, real=0.00 secs] 
350.434: [GC (Allocation Failure) [PSYoungGen: 141248K->1408K(148480K)] 428645K->288820K(644608K), 0.0026974 secs] [Times: user=0.01 sys=0.00, real=0.00 secs] 
352.331: [GC (Allocation Failure) [PSYoungGen: 145280K->1373K(149504K)] 432692K->288786K(645632K), 0.0013117 secs] [Times: user=0.00 sys=0.00, real=0.00 secs] 
354.784: [GC (Allocation Failure) [PSYoungGen: 145245K->1408K(152064K)] 432658K->288820K(648192K), 0.0037927 secs] [Times: user=0.01 sys=0.00, real=0.01 secs] 
356.613: [GC (Allocation Failure) [PSYoungGen: 149376K->1344K(153088K)] 436788K->288756K(649216K), 0.0022033 secs] [Times: user=0.01 sys=0.00, real=0.01 secs] 
359.407: [GC (Allocation Failure) [PSYoungGen: 149312K->1440K(157184K)] 436724K->288852K(653312K), 0.0029723 secs] [Times: user=0.01 sys=0.00, real=0.00 secs] 
362.550: [GC (Allocation Failure) [PSYoungGen: 153504K->1408K(157184K)] 440916K->288828K(653312K), 0.0038051 secs] [Times: user=0.01 sys=0.01, real=0.00 secs] 
364.181: [GC (Allocation Failure) [PSYoungGen: 153472K->1456K(160768K)] 440892K->288877K(656896K), 0.0026160 secs] [Times: user=0.01 sys=0.00, real=0.00 secs] 
365.318: [GC (Allocation Failure) [PSYoungGen: 157616K->1376K(160768K)] 445037K->288804K(656896K), 0.0017528 secs] [Times: user=0.00 sys=0.00, real=0.00 secs] 
367.619: [GC (Allocation Failure) [PSYoungGen: 157536K->1392K(163840K)] 444964K->288821K(659968K), 0.0033265 secs] [Times: user=0.01 sys=0.00, real=0.00 secs] 
370.108: [GC (Allocation Failure) [PSYoungGen: 161648K->1405K(164352K)] 449077K->288834K(660480K), 0.0014761 secs] [Times: user=0.01 sys=0.00, real=0.00 secs] 
372.004: [GC (Allocation Failure) [PSYoungGen: 161661K->1440K(167936K)] 449090K->288884K(664064K), 0.0037829 secs] [Times: user=0.01 sys=0.00, real=0.00 secs] 
374.428: [GC (Allocation Failure) [PSYoungGen: 165280K->1680K(167936K)] 452724K->289125K(664064K), 0.0016967 secs] [Times: user=0.00 sys=0.00, real=0.00 secs] 
375.121: [GC (Allocation Failure) [PSYoungGen: 165520K->1408K(171008K)] 452965K->288852K(667136K), 0.0017971 secs] [Times: user=0.00 sys=0.00, real=0.00 secs] 
376.649: [GC (Allocation Failure) [PSYoungGen: 168832K->3456K(171008K)] 456276K->292949K(667136K), 0.0018033 secs] [Times: user=0.01 sys=0.00, real=0.00 secs] 
378.496: [GC (Allocation Failure) [PSYoungGen: 170880K->1408K(176128K)] 460373K->290901K(672256K), 0.0040119 secs] [Times: user=0.01 sys=0.00, real=0.00 secs] 
380.511: [GC (Allocation Failure) [PSYoungGen: 173440K->1408K(176128K)] 462933K->290909K(672256K), 0.0021114 secs] [Times: user=0.00 sys=0.00, real=0.00 secs] 
382.627: [GC (Allocation Failure) [PSYoungGen: 173440K->1408K(180224K)] 462941K->290909K(676352K), 0.0030517 secs] [Times: user=0.01 sys=0.01, real=0.00 secs] 
384.962: [GC (Allocation Failure) [PSYoungGen: 178048K->1408K(180224K)] 467549K->290909K(676352K), 0.0035611 secs] [Times: user=0.01 sys=0.00, real=0.01 secs] 
387.008: [GC (Allocation Failure) [PSYoungGen: 178048K->1408K(184832K)] 467549K->290909K(680960K), 0.0030075 secs] [Times: user=0.01 sys=0.01, real=0.00 secs] 
389.863: [GC (Allocation Failure) [PSYoungGen: 182656K->1408K(184832K)] 472157K->290909K(680960K), 0.0019366 secs] [Times: user=0.01 sys=0.00, real=0.01 secs] 
392.728: [GC (Allocation Failure) [PSYoungGen: 182656K->1440K(188416K)] 472157K->299141K(684544K), 0.0020388 secs] [Times: user=0.01 sys=0.00, real=0.00 secs] 
393.576: [GC (Allocation Failure) [PSYoungGen: 186784K->1344K(188416K)] 484485K->299045K(684544K), 0.0018976 secs] [Times: user=0.01 sys=0.00, real=0.00 secs] 
394.878: [GC (Allocation Failure) [PSYoungGen: 186688K->1440K(193024K)] 484389K->299141K(689152K), 0.0018832 secs] [Times: user=0.01 sys=0.00, real=0.00 secs] 
396.137: [GC (Allocation Failure) [PSYoungGen: 191392K->1360K(193024K)] 489093K->299077K(689152K), 0.0015168 secs] [Times: user=0.00 sys=0.00, real=0.00 secs] 
398.984: [GC (Allocation Failure) [PSYoungGen: 191312K->1376K(197632K)] 489029K->299101K(693760K), 0.0026006 secs] [Times: user=0.01 sys=0.00, real=0.00 secs] 
400.758: [GC (Allocation Failure) [PSYoungGen: 195936K->1408K(197632K)] 493661K->299133K(693760K), 0.0019777 secs] [Times: user=0.01 sys=0.00, real=0.00 secs] 
401.650: [GC (Allocation Failure) [PSYoungGen: 195968K->1344K(201728K)] 493693K->299069K(697856K), 0.0020133 secs] [Times: user=0.01 sys=0.01, real=0.00 secs] 
403.121: [GC (Allocation Failure) [PSYoungGen: 200512K->1440K(201728K)] 498237K->299165K(697856K), 0.0020523 secs] [Times: user=0.01 sys=0.00, real=0.00 secs] 
405.943: [GC (Allocation Failure) [PSYoungGen: 200608K->1408K(206848K)] 498333K->299133K(702976K), 0.0037854 secs] [Times: user=0.01 sys=0.00, real=0.01 secs] 
407.976: [GC (Allocation Failure) [PSYoungGen: 205696K->1408K(206848K)] 503421K->299133K(702976K), 0.0028419 secs] [Times: user=0.01 sys=0.00, real=0.00 secs] 
409.585: [GC (Allocation Failure) [PSYoungGen: 205696K->1440K(211968K)] 503421K->299181K(708096K), 0.0018802 secs] [Times: user=0.00 sys=0.00, real=0.00 secs] 
411.416: [GC (Allocation Failure) [PSYoungGen: 210848K->1408K(211968K)] 508589K->299149K(708096K), 0.0018906 secs] [Times: user=0.00 sys=0.00, real=0.00 secs] 
414.246: [GC (Allocation Failure) [PSYoungGen: 210816K->1373K(215040K)] 508557K->299114K(711168K), 0.0016113 secs] [Times: user=0.01 sys=0.00, real=0.00 secs] 
415.403: [GC (Allocation Failure) [PSYoungGen: 214877K->1472K(216576K)] 512618K->299221K(712704K), 0.0019449 secs] [Times: user=0.01 sys=0.00, real=0.01 secs] 
416.854: [GC (Allocation Failure) [PSYoungGen: 216000K->1440K(220160K)] 513749K->299197K(716288K), 0.0018739 secs] [Times: user=0.01 sys=0.00, real=0.00 secs] 
418.480: [GC (Allocation Failure) [PSYoungGen: 219552K->1408K(220160K)] 517309K->299165K(716288K), 0.0017533 secs] [Times: user=0.01 sys=0.00, real=0.00 secs] 
421.767: [GC (Allocation Failure) [PSYoungGen: 219520K->1440K(224256K)] 517277K->299205K(720384K), 0.0027900 secs] [Times: user=0.01 sys=0.00, real=0.00 secs] 
425.413: [GC (Allocation Failure) [PSYoungGen: 224160K->1472K(224768K)] 521925K->299245K(720896K), 0.0025511 secs] [Times: user=0.01 sys=0.00, real=0.01 secs] 
429.634: [GC (Allocation Failure) [PSYoungGen: 224192K->1408K(227840K)] 521965K->299181K(723968K), 0.0023190 secs] [Times: user=0.01 sys=0.00, real=0.01 secs] 
433.243: [GC (Allocation Failure) [PSYoungGen: 227712K->1408K(228352K)] 525485K->301237K(724480K), 0.0017602 secs] [Times: user=0.01 sys=0.00, real=0.01 secs] 
434.473: [GC (Allocation Failure) [PSYoungGen: 227712K->1408K(231936K)] 527541K->301237K(728064K), 0.0019426 secs] [Times: user=0.01 sys=0.00, real=0.01 secs] 
438.790: [GC (Allocation Failure) [PSYoungGen: 231296K->1472K(231936K)] 531125K->301301K(728064K), 0.0025497 secs] [Times: user=0.01 sys=0.00, real=0.00 secs] 
441.365: [GC (Allocation Failure) [PSYoungGen: 231360K->1408K(236032K)] 531189K->301245K(732160K), 0.0025454 secs] [Times: user=0.01 sys=0.00, real=0.00 secs] 
444.530: [GC (Allocation Failure) [PSYoungGen: 235392K->1440K(236032K)] 535229K->301285K(732160K), 0.0019593 secs] [Times: user=0.01 sys=0.00, real=0.00 secs] 
447.024: [GC (Allocation Failure) [PSYoungGen: 235424K->1408K(239616K)] 535269K->301253K(735744K), 0.0020091 secs] [Times: user=0.01 sys=0.00, real=0.01 secs] 
449.329: [GC (Allocation Failure) [PSYoungGen: 238976K->1504K(239616K)] 538821K->301357K(735744K), 0.0021046 secs] [Times: user=0.01 sys=0.00, real=0.00 secs] 
450.996: [GC (Allocation Failure) [PSYoungGen: 239072K->1440K(243712K)] 538925K->301301K(739840K), 0.0020890 secs] [Times: user=0.01 sys=0.00, real=0.00 secs] 
452.485: [GC (Allocation Failure) [PSYoungGen: 243104K->1440K(243712K)] 542965K->301301K(739840K), 0.0017059 secs] [Times: user=0.01 sys=0.00, real=0.00 secs] 
455.850: [GC (Allocation Failure) [PSYoungGen: 243104K->1408K(248320K)] 542965K->301277K(744448K), 0.0035981 secs] [Times: user=0.02 sys=0.00, real=0.00 secs] 
457.969: [GC (Allocation Failure) [PSYoungGen: 247680K->1392K(248320K)] 547549K->301285K(744448K), 0.0015100 secs] [Times: user=0.01 sys=0.00, real=0.00 secs] 
461.047: [GC (Allocation Failure) [PSYoungGen: 247664K->1408K(252928K)] 547557K->301301K(749056K), 0.0039920 secs] [Times: user=0.02 sys=0.00, real=0.00 secs] 
463.808: [GC (Allocation Failure) [PSYoungGen: 252288K->1440K(252928K)] 552181K->301333K(749056K), 0.0023827 secs] [Times: user=0.00 sys=0.00, real=0.00 secs] 
466.727: [GC (Allocation Failure) [PSYoungGen: 252320K->1472K(257536K)] 552213K->301373K(753664K), 0.0027992 secs] [Times: user=0.01 sys=0.01, real=0.00 secs] 
469.281: [GC (Allocation Failure) [PSYoungGen: 256960K->1472K(257536K)] 556861K->301373K(753664K), 0.0017442 secs] [Times: user=0.01 sys=0.00, real=0.00 secs] 
472.292: [GC (Allocation Failure) [PSYoungGen: 256960K->1376K(262144K)] 556861K->301293K(758272K), 0.0034895 secs] [Times: user=0.01 sys=0.00, real=0.01 secs] 
475.340: [GC (Allocation Failure) [PSYoungGen: 261472K->1440K(262144K)] 561389K->302389K(758272K), 0.0036057 secs] [Times: user=0.01 sys=0.00, real=0.00 secs] 
477.879: [GC (Allocation Failure) [PSYoungGen: 261536K->352K(266240K)] 562485K->301301K(762368K), 0.0021667 secs] [Times: user=0.01 sys=0.00, real=0.00 secs] 
479.773: [GC (Allocation Failure) [PSYoungGen: 265056K->1440K(266752K)] 566005K->302397K(762880K), 0.0022137 secs] [Times: user=0.01 sys=0.00, real=0.01 secs] 
482.730: [GC (Allocation Failure) [PSYoungGen: 266144K->1376K(270848K)] 567101K->302341K(766976K), 0.0024543 secs] [Times: user=0.01 sys=0.00, real=0.00 secs] 
486.271: [GC (Allocation Failure) [PSYoungGen: 270688K->1440K(271360K)] 571653K->302405K(767488K), 0.0023395 secs] [Times: user=0.01 sys=0.00, real=0.00 secs] 
488.897: [GC (Allocation Failure) [PSYoungGen: 270752K->1408K(275968K)] 571717K->302373K(772096K), 0.0021805 secs] [Times: user=0.01 sys=0.00, real=0.00 secs] 
490.997: [GC (Allocation Failure) [PSYoungGen: 275328K->1408K(275968K)] 576293K->302373K(772096K), 0.0025755 secs] [Times: user=0.00 sys=0.00, real=0.00 secs] 
493.555: [GC (Allocation Failure) [PSYoungGen: 275328K->1472K(281088K)] 576293K->302445K(777216K), 0.0023420 secs] [Times: user=0.01 sys=0.00, real=0.00 secs] 
495.972: [GC (Allocation Failure) [PSYoungGen: 280512K->1472K(281088K)] 581485K->302445K(777216K), 0.0040199 secs] [Times: user=0.01 sys=0.00, real=0.01 secs] 
499.432: [GC (Allocation Failure) [PSYoungGen: 280512K->1408K(286720K)] 581485K->302381K(782848K), 0.0039477 secs] [Times: user=0.01 sys=0.00, real=0.01 secs] 
502.824: [GC (Allocation Failure) [PSYoungGen: 286080K->1392K(286720K)] 587053K->302381K(782848K), 0.0032396 secs] [Times: user=0.01 sys=0.00, real=0.01 secs] 
505.445: [GC (Allocation Failure) [PSYoungGen: 286064K->1440K(291328K)] 587053K->302429K(787456K), 0.0016723 secs] [Times: user=0.01 sys=0.00, real=0.00 secs] 
509.163: [GC (Allocation Failure) [PSYoungGen: 291232K->1440K(291840K)] 592221K->302429K(787968K), 0.0020645 secs] [Times: user=0.01 sys=0.00, real=0.01 secs] 
512.233: [GC (Allocation Failure) [PSYoungGen: 291232K->1440K(296448K)] 592221K->303453K(792576K), 0.0017785 secs] [Times: user=0.00 sys=0.00, real=0.01 secs] 
515.414: [GC (Allocation Failure) [PSYoungGen: 295840K->1888K(296448K)] 597853K->303901K(792576K), 0.0017588 secs] [Times: user=0.00 sys=0.00, real=0.00 secs] 
519.258: [GC (Allocation Failure) [PSYoungGen: 296288K->1472K(299520K)] 598301K->303485K(795648K), 0.0017357 secs] [Times: user=0.00 sys=0.01, real=0.00 secs] 
522.004: [GC (GCLocker Initiated GC) [PSYoungGen: 299456K->1405K(300032K)] 601469K->303418K(796160K), 0.0014452 secs] [Times: user=0.01 sys=0.00, real=0.01 secs] 
526.481: [GC (Allocation Failure) [PSYoungGen: 299389K->1405K(303616K)] 601404K->303428K(799744K), 0.0015389 secs] [Times: user=0.01 sys=0.00, real=0.00 secs] 
528.951: [GC (Allocation Failure) [PSYoungGen: 302973K->256K(303616K)] 604996K->302287K(799744K), 0.0015490 secs] [Times: user=0.00 sys=0.00, real=0.00 secs] 
532.277: [GC (Allocation Failure) [PSYoungGen: 301824K->1552K(307200K)] 603855K->303599K(803328K), 0.0019443 secs] [Times: user=0.01 sys=0.00, real=0.00 secs] 
534.871: [GC (Allocation Failure) [PSYoungGen: 306704K->1984K(307200K)] 608751K->304039K(803328K), 0.0016983 secs] [Times: user=0.01 sys=0.00, real=0.00 secs] 
539.278: [GC (Allocation Failure) [PSYoungGen: 307136K->2528K(311296K)] 609191K->305623K(807424K), 0.0021176 secs] [Times: user=0.00 sys=0.00, real=0.00 secs] 
543.176: [GC (Allocation Failure) [PSYoungGen: 311264K->1456K(311296K)] 614359K->304551K(807424K), 0.0018469 secs] [Times: user=0.01 sys=0.00, real=0.00 secs] 
545.270: [GC (Allocation Failure) [PSYoungGen: 310192K->1504K(314880K)] 613287K->304599K(811008K), 0.0019149 secs] [Times: user=0.01 sys=0.00, real=0.00 secs] 
547.247: [GC (Allocation Failure) [PSYoungGen: 313824K->1472K(314880K)] 616919K->304567K(811008K), 0.0018113 secs] [Times: user=0.01 sys=0.01, real=0.00 secs] 
550.738: [GC (Allocation Failure) [PSYoungGen: 313792K->1504K(318976K)] 616887K->304599K(815104K), 0.0025552 secs] [Times: user=0.01 sys=0.00, real=0.00 secs] 
554.524: [GC (Allocation Failure) [PSYoungGen: 317920K->1456K(318976K)] 621015K->304551K(815104K), 0.0020229 secs] [Times: user=0.01 sys=0.00, real=0.01 secs] 
556.859: [GC (Allocation Failure) [PSYoungGen: 317872K->1504K(323584K)] 620967K->304599K(819712K), 0.0028540 secs] [Times: user=0.01 sys=0.00, real=0.00 secs] 
559.001: [GC (Allocation Failure) [PSYoungGen: 322528K->1504K(323072K)] 625623K->304599K(819200K), 0.0017261 secs] [Times: user=0.00 sys=0.00, real=0.00 secs] 
560.899: [GC (Allocation Failure) [PSYoungGen: 322528K->1504K(328192K)] 625623K->304599K(824320K), 0.0015027 secs] [Times: user=0.01 sys=0.00, real=0.00 secs] 
564.375: [GC (Allocation Failure) [PSYoungGen: 327648K->1472K(328192K)] 630743K->304591K(824320K), 0.0032602 secs] [Times: user=0.01 sys=0.00, real=0.00 secs] 
567.128: [GC (Allocation Failure) [PSYoungGen: 327616K->1536K(333312K)] 630735K->304655K(829440K), 0.0021482 secs] [Times: user=0.01 sys=0.00, real=0.00 secs] 
569.443: [GC (Allocation Failure) [PSYoungGen: 332800K->1440K(333312K)] 635919K->304615K(829440K), 0.0019123 secs] [Times: user=0.01 sys=0.00, real=0.01 secs] 
573.736: [GC (Allocation Failure) [PSYoungGen: 332704K->1472K(338432K)] 635879K->304655K(834560K), 0.0027950 secs] [Times: user=0.01 sys=0.00, real=0.00 secs] 
579.553: [GC (Allocation Failure) [PSYoungGen: 337856K->336K(338432K)] 641039K->303535K(834560K), 0.0014642 secs] [Times: user=0.01 sys=0.00, real=0.00 secs] 
583.040: [GC (Allocation Failure) [PSYoungGen: 336720K->1472K(342528K)] 639919K->304679K(838656K), 0.0019984 secs] [Times: user=0.00 sys=0.00, real=0.00 secs] 
586.310: [GC (Allocation Failure) [PSYoungGen: 341952K->1472K(342528K)] 645159K->304687K(838656K), 0.0016523 secs] [Times: user=0.01 sys=0.00, real=0.00 secs] 
589.717: [GC (Allocation Failure) [PSYoungGen: 341952K->1408K(346624K)] 645167K->304623K(842752K), 0.0016345 secs] [Times: user=0.01 sys=0.00, real=0.00 secs] 
593.976: [GC (Allocation Failure) [PSYoungGen: 345984K->1504K(346624K)] 649199K->304727K(842752K), 0.0025141 secs] [Times: user=0.01 sys=0.00, real=0.00 secs] 
596.985: [GC (Allocation Failure) [PSYoungGen: 346080K->1440K(350720K)] 649303K->304671K(846848K), 0.0025666 secs] [Times: user=0.01 sys=0.00, real=0.00 secs] 
601.122: [GC (Allocation Failure) [PSYoungGen: 350112K->1472K(350720K)] 653343K->304711K(846848K), 0.0018751 secs] [Times: user=0.01 sys=0.00, real=0.01 secs] 
604.322: [GC (Allocation Failure) [PSYoungGen: 350144K->1472K(354816K)] 653383K->305735K(850944K), 0.0016666 secs] [Times: user=0.01 sys=0.00, real=0.00 secs] 
607.935: [GC (Allocation Failure) [PSYoungGen: 354240K->1504K(354816K)] 658503K->305767K(850944K), 0.0016209 secs] [Times: user=0.01 sys=0.00, real=0.00 secs] 
612.535: [GC (Allocation Failure) [PSYoungGen: 354272K->1472K(358400K)] 658535K->305783K(854528K), 0.0041712 secs] [Times: user=0.01 sys=0.00, real=0.00 secs] 
617.293: [GC (Allocation Failure) [PSYoungGen: 357824K->1472K(358400K)] 662135K->305783K(854528K), 0.0030187 secs] [Times: user=0.01 sys=0.00, real=0.01 secs] 
620.126: [GC (Allocation Failure) [PSYoungGen: 357824K->1440K(363008K)] 662135K->305759K(859136K), 0.0029133 secs] [Times: user=0.01 sys=0.00, real=0.00 secs] 
622.987: [GC (Allocation Failure) [PSYoungGen: 362400K->1405K(363008K)] 666719K->305740K(859136K), 0.0015585 secs] [Times: user=0.01 sys=0.00, real=0.00 secs] 
627.525: [GC (Allocation Failure) [PSYoungGen: 362365K->1392K(367616K)] 666700K->305735K(863744K), 0.0027890 secs] [Times: user=0.01 sys=0.00, real=0.00 secs] 
630.796: [GC (Allocation Failure) [PSYoungGen: 366960K->1440K(367616K)] 671303K->305783K(863744K), 0.0018432 secs] [Times: user=0.00 sys=0.00, real=0.00 secs] 
635.823: [GC (Allocation Failure) [PSYoungGen: 367008K->1392K(372224K)] 671351K->305743K(868352K), 0.0025020 secs] [Times: user=0.01 sys=0.00, real=0.01 secs] 
638.940: [GC (Allocation Failure) [PSYoungGen: 371568K->1440K(372224K)] 675919K->305799K(868352K), 0.0018346 secs] [Times: user=0.01 sys=0.00, real=0.00 secs] 
643.871: [GC (Allocation Failure) [PSYoungGen: 371616K->1440K(375808K)] 675975K->305807K(871936K), 0.0017676 secs] [Times: user=0.01 sys=0.00, real=0.00 secs] 
647.604: [GC (Allocation Failure) [PSYoungGen: 375712K->1424K(376320K)] 680079K->305799K(872448K), 0.0021706 secs] [Times: user=0.01 sys=0.01, real=0.00 secs] 
652.149: [GC (Allocation Failure) [PSYoungGen: 375696K->1392K(380416K)] 680071K->305779K(876544K), 0.0035174 secs] [Times: user=0.01 sys=0.00, real=0.00 secs] 
655.264: [GC (Allocation Failure) [PSYoungGen: 379760K->1392K(380416K)] 684147K->305779K(876544K), 0.0017548 secs] [Times: user=0.00 sys=0.00, real=0.01 secs] 
658.093: [GC (Allocation Failure) [PSYoungGen: 379760K->1424K(385024K)] 684147K->305811K(881152K), 0.0018738 secs] [Times: user=0.01 sys=0.00, real=0.01 secs] 
660.361: [GC (Allocation Failure) [PSYoungGen: 384400K->1408K(385024K)] 688787K->305803K(881152K), 0.0017073 secs] [Times: user=0.01 sys=0.00, real=0.00 secs] 
662.757: [GC (Allocation Failure) [PSYoungGen: 384384K->1440K(389632K)] 688779K->305843K(885760K), 0.0023523 secs] [Times: user=0.01 sys=0.00, real=0.00 secs] 
667.870: [GC (Allocation Failure) [PSYoungGen: 389024K->1952K(389632K)] 693427K->306363K(885760K), 0.0016216 secs] [Times: user=0.01 sys=0.00, real=0.00 secs] 
670.965: [GC (Allocation Failure) [PSYoungGen: 389536K->1408K(394240K)] 693947K->305819K(890368K), 0.0018394 secs] [Times: user=0.01 sys=0.00, real=0.00 secs] 
674.952: [GC (Allocation Failure) [PSYoungGen: 393600K->1472K(394240K)] 698011K->305883K(890368K), 0.0020152 secs] [Times: user=0.00 sys=0.00, real=0.00 secs] 
679.611: [GC (Allocation Failure) [PSYoungGen: 393664K->1408K(398848K)] 698075K->305827K(894976K), 0.0026418 secs] [Times: user=0.01 sys=0.00, real=0.00 secs] 
682.722: [GC (Allocation Failure) [PSYoungGen: 398208K->1472K(398848K)] 702627K->305899K(894976K), 0.0023592 secs] [Times: user=0.01 sys=0.00, real=0.00 secs] 
686.257: [GC (Allocation Failure) [PSYoungGen: 398272K->1408K(403456K)] 702699K->305835K(899584K), 0.0023474 secs] [Times: user=0.00 sys=0.00, real=0.00 secs] 
688.947: [GC (Allocation Failure) [PSYoungGen: 402816K->320K(403456K)] 707243K->304755K(899584K), 0.0019393 secs] [Times: user=0.01 sys=0.00, real=0.00 secs] 
692.929: [GC (Allocation Failure) [PSYoungGen: 401728K->1440K(408576K)] 706163K->305883K(904704K), 0.0040046 secs] [Times: user=0.01 sys=0.00, real=0.00 secs] 
697.622: [GC (Allocation Failure) [PSYoungGen: 407968K->1408K(408576K)] 712411K->305859K(904704K), 0.0021605 secs] [Times: user=0.00 sys=0.00, real=0.00 secs] 
700.517: [GC (Allocation Failure) [PSYoungGen: 407936K->192K(413696K)] 712387K->304651K(909824K), 0.0014618 secs] [Times: user=0.01 sys=0.00, real=0.00 secs] 
706.063: [GC (Allocation Failure) [PSYoungGen: 411840K->1440K(413696K)] 716299K->305899K(909824K), 0.0018124 secs] [Times: user=0.01 sys=0.00, real=0.01 secs] 
711.110: [GC (Allocation Failure) [PSYoungGen: 413088K->1376K(417280K)] 717547K->305843K(913408K), 0.0021455 secs] [Times: user=0.01 sys=0.00, real=0.00 secs] 
714.043: [GC (Allocation Failure) [PSYoungGen: 417120K->1376K(417792K)] 721587K->305851K(913920K), 0.0018822 secs] [Times: user=0.01 sys=0.00, real=0.01 secs] 
717.086: [GC (Allocation Failure) [PSYoungGen: 417120K->1392K(422400K)] 721595K->305867K(918528K), 0.0024200 secs] [Times: user=0.00 sys=0.01, real=0.00 secs] 
720.095: [GC (Allocation Failure) [PSYoungGen: 421744K->1373K(422400K)] 726219K->305849K(918528K), 0.0017448 secs] [Times: user=0.01 sys=0.00, real=0.00 secs] 
725.267: [GC (Allocation Failure) [PSYoungGen: 421725K->1408K(427520K)] 726201K->305891K(923648K), 0.0030745 secs] [Times: user=0.01 sys=0.00, real=0.00 secs] 
728.763: [GC (Allocation Failure) [PSYoungGen: 426880K->1440K(427520K)] 731363K->305931K(923648K), 0.0018281 secs] [Times: user=0.01 sys=0.00, real=0.01 secs] 
733.417: [GC (Allocation Failure) [PSYoungGen: 426912K->1408K(432128K)] 731403K->305899K(928256K), 0.0020488 secs] [Times: user=0.01 sys=0.01, real=0.00 secs] 
738.370: [GC (Allocation Failure) [PSYoungGen: 431488K->1472K(432128K)] 735979K->305971K(928256K), 0.0018631 secs] [Times: user=0.00 sys=0.00, real=0.00 secs] 
742.482: [GC (Allocation Failure) [PSYoungGen: 431552K->1408K(436224K)] 736051K->305923K(932352K), 0.0018958 secs] [Times: user=0.01 sys=0.00, real=0.00 secs] 
747.189: [GC (Allocation Failure) [PSYoungGen: 435584K->1392K(436224K)] 740099K->305907K(932352K), 0.0018990 secs] [Times: user=0.01 sys=0.00, real=0.00 secs] 
750.648: [GC (Allocation Failure) [PSYoungGen: 435568K->192K(440320K)] 740083K->304707K(936448K), 0.0016514 secs] [Times: user=0.01 sys=0.00, real=0.00 secs] 
753.682: [GC (Allocation Failure) [PSYoungGen: 438464K->1440K(440320K)] 742979K->305963K(936448K), 0.0032512 secs] [Times: user=0.01 sys=0.00, real=0.01 secs] 
756.667: [GC (Allocation Failure) [PSYoungGen: 439712K->1408K(445440K)] 744235K->305939K(941568K), 0.0016519 secs] [Times: user=0.01 sys=0.01, real=0.00 secs] 
760.803: [GC (Allocation Failure) [PSYoungGen: 444800K->1440K(445440K)] 749331K->305971K(941568K), 0.0026027 secs] [Times: user=0.00 sys=0.00, real=0.01 secs] 
764.910: [GC (Allocation Failure) [PSYoungGen: 444832K->1440K(450560K)] 749363K->305971K(946688K), 0.0020250 secs] [Times: user=0.00 sys=0.00, real=0.00 secs] 
770.835: [GC (Allocation Failure) [PSYoungGen: 449952K->1424K(450560K)] 754483K->305963K(946688K), 0.0017883 secs] [Times: user=0.00 sys=0.00, real=0.00 secs] 
776.461: [GC (Allocation Failure) [PSYoungGen: 449936K->1440K(455168K)] 754475K->305987K(951296K), 0.0028405 secs] [Times: user=0.01 sys=0.00, real=0.00 secs] 
781.710: [GC (Allocation Failure) [PSYoungGen: 454560K->1424K(455168K)] 759107K->305971K(951296K), 0.0023994 secs] [Times: user=0.01 sys=0.00, real=0.00 secs] 
785.163: [GC (Allocation Failure) [PSYoungGen: 454544K->1376K(459776K)] 759091K->305923K(955904K), 0.0016991 secs] [Times: user=0.00 sys=0.00, real=0.01 secs] 
789.515: [GC (Allocation Failure) [PSYoungGen: 459104K->1424K(459776K)] 763651K->305979K(955904K), 0.0026160 secs] [Times: user=0.01 sys=0.00, real=0.00 secs] 
794.349: [GC (Allocation Failure) [PSYoungGen: 459152K->160K(464384K)] 763707K->304723K(960512K), 0.0017781 secs] [Times: user=0.01 sys=0.00, real=0.00 secs] 
799.855: [GC (Allocation Failure) [PSYoungGen: 462496K->1392K(464384K)] 767059K->305971K(960512K), 0.0018984 secs] [Times: user=0.00 sys=0.00, real=0.00 secs] 
806.754: [GC (Allocation Failure) [PSYoungGen: 463728K->1472K(468480K)] 768307K->306059K(964608K), 0.0023767 secs] [Times: user=0.01 sys=0.00, real=0.01 secs] 
811.839: [GC (Allocation Failure) [PSYoungGen: 467904K->1472K(468480K)] 772491K->306075K(964608K), 0.0024324 secs] [Times: user=0.00 sys=0.00, real=0.00 secs] 
816.920: [GC (Allocation Failure) [PSYoungGen: 467904K->1408K(472576K)] 772507K->306019K(968704K), 0.0024965 secs] [Times: user=0.01 sys=0.00, real=0.00 secs] 
823.149: [GC (Allocation Failure) [PSYoungGen: 471936K->1440K(472576K)] 776547K->306059K(968704K), 0.0019022 secs] [Times: user=0.01 sys=0.00, real=0.00 secs] 
827.563: [GC (Allocation Failure) [PSYoungGen: 471968K->1408K(476672K)] 776587K->306043K(972800K), 0.0031752 secs] [Times: user=0.01 sys=0.01, real=0.01 secs] 
832.936: [GC (Allocation Failure) [PSYoungGen: 476032K->1421K(476672K)] 780667K->306057K(972800K), 0.0014299 secs] [Times: user=0.01 sys=0.00, real=0.00 secs] 
838.072: [GC (Allocation Failure) [PSYoungGen: 476045K->1440K(480768K)] 780681K->306075K(976896K), 0.0022250 secs] [Times: user=0.01 sys=0.00, real=0.01 secs] 
842.857: [GC (Allocation Failure) [PSYoungGen: 480160K->1376K(480768K)] 784795K->306019K(976896K), 0.0020832 secs] [Times: user=0.01 sys=0.00, real=0.00 secs] 
848.586: [GC (Allocation Failure) [PSYoungGen: 480096K->1408K(484864K)] 784739K->306051K(980992K), 0.0040695 secs] [Times: user=0.02 sys=0.00, real=0.00 secs] 
855.507: [GC (Allocation Failure) [PSYoungGen: 484223K->1408K(484864K)] 788867K->306051K(980992K), 0.0019633 secs] [Times: user=0.01 sys=0.00, real=0.00 secs] 
860.698: [GC (Allocation Failure) [PSYoungGen: 484224K->1373K(488960K)] 788867K->306017K(985088K), 0.0014945 secs] [Times: user=0.00 sys=0.00, real=0.00 secs] 
868.074: [GC (Allocation Failure) [PSYoungGen: 488285K->1408K(488960K)] 792929K->306059K(985088K), 0.0032720 secs] [Times: user=0.01 sys=0.00, real=0.01 secs] 
873.418: [GC (Allocation Failure) [PSYoungGen: 488320K->1504K(493056K)] 792971K->306155K(989184K), 0.0019560 secs] [Times: user=0.00 sys=0.00, real=0.00 secs] 
878.621: [GC (Allocation Failure) [PSYoungGen: 492512K->1408K(493056K)] 797163K->306059K(989184K), 0.0032985 secs] [Times: user=0.01 sys=0.00, real=0.01 secs] 
884.949: [GC (Allocation Failure) [PSYoungGen: 492416K->1488K(497664K)] 797067K->306139K(993792K), 0.0038632 secs] [Times: user=0.01 sys=0.00, real=0.00 secs] 
891.915: [GC (Allocation Failure) [PSYoungGen: 497104K->1456K(497664K)] 801755K->306123K(993792K), 0.0021142 secs] [Times: user=0.01 sys=0.01, real=0.00 secs] 
895.074: [GC (Allocation Failure) [PSYoungGen: 497072K->1440K(502272K)] 801739K->306115K(998400K), 0.0020801 secs] [Times: user=0.00 sys=0.00, real=0.01 secs] 
901.630: [GC (Allocation Failure) [PSYoungGen: 501664K->1440K(502272K)] 806339K->306123K(998400K), 0.0028853 secs] [Times: user=0.01 sys=0.00, real=0.00 secs] 
908.497: [GC (Allocation Failure) [PSYoungGen: 501664K->1408K(506880K)] 806347K->306099K(1003008K), 0.0028556 secs] [Times: user=0.01 sys=0.00, real=0.00 secs] 
913.854: [GC (Allocation Failure) [PSYoungGen: 506240K->1440K(506880K)] 810931K->306139K(1003008K), 0.0016492 secs] [Times: user=0.00 sys=0.00, real=0.01 secs] 
921.886: [GC (Allocation Failure) [PSYoungGen: 506272K->1440K(510976K)] 810971K->306139K(1007104K), 0.0036040 secs] [Times: user=0.02 sys=0.00, real=0.00 secs] 
927.562: [GC (Allocation Failure) [PSYoungGen: 510368K->1408K(510976K)] 815067K->306107K(1007104K), 0.0018403 secs] [Times: user=0.01 sys=0.00, real=0.00 secs] 
934.539: [GC (Allocation Failure) [PSYoungGen: 510333K->160K(514048K)] 815033K->304867K(1010176K), 0.0015782 secs] [Times: user=0.01 sys=0.00, real=0.00 secs] 
937.612: [GC (Allocation Failure) [PSYoungGen: 512672K->1408K(514560K)] 817379K->306131K(1010688K), 0.0019249 secs] [Times: user=0.00 sys=0.00, real=0.01 secs] 
943.255: [GC (Allocation Failure) [PSYoungGen: 513920K->1408K(519168K)] 818643K->306139K(1015296K), 0.0040810 secs] [Times: user=0.01 sys=0.00, real=0.00 secs] 
949.683: [GC (Allocation Failure) [PSYoungGen: 518528K->1440K(519168K)] 823259K->306179K(1015296K), 0.0036959 secs] [Times: user=0.02 sys=0.00, real=0.01 secs] 
953.764: [GC (Allocation Failure) [PSYoungGen: 518560K->1456K(524288K)] 823299K->306211K(1020416K), 0.0022602 secs] [Times: user=0.01 sys=0.00, real=0.00 secs] 
960.380: [GC (Allocation Failure) [PSYoungGen: 523696K->1408K(524288K)] 828451K->306171K(1020416K), 0.0045936 secs] [Times: user=0.02 sys=0.00, real=0.01 secs] 
966.461: [GC (Allocation Failure) [PSYoungGen: 523648K->1440K(529920K)] 828411K->306203K(1026048K), 0.0035440 secs] [Times: user=0.01 sys=0.00, real=0.01 secs] 
971.520: [GC (Allocation Failure) [PSYoungGen: 529312K->1424K(529920K)] 834075K->306187K(1026048K), 0.0023486 secs] [Times: user=0.01 sys=0.00, real=0.00 secs] 
974.181: [GC (Allocation Failure) [PSYoungGen: 529092K->304K(535552K)] 833856K->305067K(1031680K), 0.0017715 secs] [Times: user=0.00 sys=0.00, real=0.00 secs] 
982.003: [GC (Allocation Failure) [PSYoungGen: 533808K->1408K(535552K)] 838571K->306187K(1031680K), 0.0021338 secs] [Times: user=0.01 sys=0.00, real=0.01 secs] 
989.442: [GC (Allocation Failure) [PSYoungGen: 534912K->1440K(539648K)] 839691K->306219K(1035776K), 0.0021825 secs] [Times: user=0.00 sys=0.00, real=0.00 secs] 
994.369: [GC (Allocation Failure) [PSYoungGen: 539552K->1440K(540160K)] 844331K->306219K(1036288K), 0.0020146 secs] [Times: user=0.01 sys=0.00, real=0.00 secs] 
1000.436: [GC (Allocation Failure) [PSYoungGen: 539552K->1408K(544768K)] 844331K->306187K(1040896K), 0.0039721 secs] [Times: user=0.01 sys=0.01, real=0.00 secs] 
1008.033: [GC (Allocation Failure) [PSYoungGen: 544128K->1408K(544768K)] 848907K->306195K(1040896K), 0.0023005 secs] [Times: user=0.01 sys=0.00, real=0.01 secs] 
1016.254: [GC (Allocation Failure) [PSYoungGen: 544128K->1440K(549376K)] 848915K->306227K(1045504K), 0.0030307 secs] [Times: user=0.01 sys=0.00, real=0.01 secs] 
1023.658: [GC (Allocation Failure) [PSYoungGen: 548768K->1408K(549376K)] 853555K->306203K(1045504K), 0.0029434 secs] [Times: user=0.01 sys=0.01, real=0.00 secs] 
1028.280: [GC (Allocation Failure) [PSYoungGen: 548736K->1440K(553984K)] 853531K->306235K(1050112K), 0.0019673 secs] [Times: user=0.01 sys=0.00, real=0.00 secs] 
1036.658: [GC (Allocation Failure) [PSYoungGen: 553376K->1408K(553984K)] 858171K->306203K(1050112K), 0.0039460 secs] [Times: user=0.02 sys=0.00, real=0.00 secs] 
1044.372: [GC (Allocation Failure) [PSYoungGen: 553344K->1376K(558592K)] 858139K->306179K(1054720K), 0.0037663 secs] [Times: user=0.00 sys=0.01, real=0.01 secs] 
1050.911: [GC (Allocation Failure) [PSYoungGen: 557920K->1405K(558592K)] 862723K->306225K(1054720K), 0.0014535 secs] [Times: user=0.01 sys=0.00, real=0.00 secs] 
1056.377: [GC (Allocation Failure) [PSYoungGen: 557949K->1440K(563200K)] 862769K->306275K(1059328K), 0.0038099 secs] [Times: user=0.01 sys=0.00, real=0.00 secs] 
1061.925: [GC (Allocation Failure) [PSYoungGen: 562592K->1440K(563200K)] 867427K->306283K(1059328K), 0.0026995 secs] [Times: user=0.01 sys=0.00, real=0.00 secs] 
1067.957: [GC (Allocation Failure) [PSYoungGen: 562592K->1424K(568320K)] 867435K->306283K(1064448K), 0.0021069 secs] [Times: user=0.00 sys=0.01, real=0.00 secs] 
1074.828: [GC (Allocation Failure) [PSYoungGen: 567696K->1440K(568320K)] 872555K->306307K(1064448K), 0.0020842 secs] [Times: user=0.01 sys=0.00, real=0.00 secs] 
1080.494: [GC (Allocation Failure) [PSYoungGen: 567712K->1408K(572928K)] 872579K->306275K(1069056K), 0.0030283 secs] [Times: user=0.00 sys=0.00, real=0.01 secs] 
1085.123: [GC (Allocation Failure) [PSYoungGen: 572288K->1472K(572928K)] 877155K->306347K(1069056K), 0.0019998 secs] [Times: user=0.01 sys=0.00, real=0.01 secs] 
1091.541: [GC (Allocation Failure) [PSYoungGen: 572352K->1440K(577024K)] 877227K->306315K(1073152K), 0.0019257 secs] [Times: user=0.01 sys=0.01, real=0.00 secs] 
1096.748: [GC (Allocation Failure) [PSYoungGen: 576928K->1440K(577536K)] 881803K->306315K(1073664K), 0.0019720 secs] [Times: user=0.00 sys=0.00, real=0.00 secs] 
1104.870: [GC (Allocation Failure) [PSYoungGen: 576928K->1440K(581120K)] 881803K->306323K(1077248K), 0.0018835 secs] [Times: user=0.01 sys=0.00, real=0.00 secs] 
1109.920: [GC (Allocation Failure) [PSYoungGen: 581024K->1952K(581632K)] 885907K->306835K(1077760K), 0.0017108 secs] [Times: user=0.01 sys=0.00, real=0.00 secs] 
1114.563: [GC (Allocation Failure) [PSYoungGen: 581536K->1405K(585728K)] 886419K->306289K(1081856K), 0.0016071 secs] [Times: user=0.01 sys=0.00, real=0.01 secs] 
1120.280: [GC (Allocation Failure) [PSYoungGen: 585085K->1440K(585728K)] 889969K->306323K(1081856K), 0.0023147 secs] [Times: user=0.01 sys=0.00, real=0.00 secs] 
1127.566: [GC (Allocation Failure) [PSYoungGen: 585120K->1456K(589824K)] 890003K->306339K(1085952K), 0.0020760 secs] [Times: user=0.01 sys=0.01, real=0.00 secs] 
1135.829: [GC (Allocation Failure) [PSYoungGen: 589232K->1440K(589824K)] 894115K->306331K(1085952K), 0.0020617 secs] [Times: user=0.01 sys=0.00, real=0.00 secs] 
1142.985: [GC (Allocation Failure) [PSYoungGen: 589216K->1424K(571904K)] 894107K->306331K(1068032K), 0.0028516 secs] [Times: user=0.01 sys=0.00, real=0.00 secs] 
1149.492: [GC (Allocation Failure) [PSYoungGen: 571792K->1408K(555520K)] 876699K->306323K(1051648K), 0.0021747 secs] [Times: user=0.01 sys=0.00, real=0.00 secs] 
1155.808: [GC (Allocation Failure) [PSYoungGen: 555392K->1408K(539648K)] 860307K->306323K(1035776K), 0.0021952 secs] [Times: user=0.01 sys=0.00, real=0.00 secs] 
1160.590: [GC (Allocation Failure) [PSYoungGen: 539520K->1408K(524288K)] 844435K->306323K(1020416K), 0.0032428 secs] [Times: user=0.01 sys=0.00, real=0.00 secs] 
1164.699: [GC (Allocation Failure) [PSYoungGen: 524160K->1424K(509440K)] 829075K->306347K(1005568K), 0.0017337 secs] [Times: user=0.01 sys=0.00, real=0.00 secs] 
1169.166: [GC (Allocation Failure) [PSYoungGen: 509328K->1376K(495616K)] 814251K->306299K(991744K), 0.0023505 secs] [Times: user=0.01 sys=0.00, real=0.00 secs] 
1173.262: [GC (Allocation Failure) [PSYoungGen: 495456K->1408K(482304K)] 800379K->306339K(978432K), 0.0017318 secs] [Times: user=0.01 sys=0.00, real=0.00 secs] 
1176.897: [GC (Allocation Failure) [PSYoungGen: 482176K->1440K(469504K)] 787107K->306379K(965632K), 0.0030622 secs] [Times: user=0.01 sys=0.00, real=0.00 secs] 
1181.098: [GC (Allocation Failure) [PSYoungGen: 469408K->1408K(457216K)] 774347K->306363K(953344K), 0.0019336 secs] [Times: user=0.01 sys=0.00, real=0.00 secs] 
1186.313: [GC (Allocation Failure) [PSYoungGen: 457088K->1440K(445440K)] 762043K->306403K(941568K), 0.0019371 secs] [Times: user=0.01 sys=0.00, real=0.01 secs] 
1192.798: [GC (Allocation Failure) [PSYoungGen: 445344K->1472K(434176K)] 750307K->306435K(930304K), 0.0029217 secs] [Times: user=0.01 sys=0.00, real=0.00 secs] 
1197.947: [GC (Allocation Failure) [PSYoungGen: 434112K->1424K(422912K)] 739075K->306387K(919040K), 0.0018297 secs] [Times: user=0.01 sys=0.00, real=0.00 secs] 
1203.834: [GC (Allocation Failure) [PSYoungGen: 422800K->1408K(412160K)] 727763K->306371K(908288K), 0.0036814 secs] [Times: user=0.01 sys=0.00, real=0.01 secs] 
1206.749: [GC (Allocation Failure) [PSYoungGen: 412032K->1440K(401920K)] 716995K->306403K(898048K), 0.0021632 secs] [Times: user=0.00 sys=0.00, real=0.00 secs] 
1209.954: [GC (Allocation Failure) [PSYoungGen: 401824K->1424K(392192K)] 706787K->306387K(888320K), 0.0024300 secs] [Times: user=0.01 sys=0.00, real=0.01 secs] 
1214.673: [GC (Allocation Failure) [PSYoungGen: 392080K->1440K(382976K)] 697043K->306403K(879104K), 0.0033921 secs] [Times: user=0.02 sys=0.00, real=0.01 secs] 
1219.498: [GC (Allocation Failure) [PSYoungGen: 382880K->384K(372736K)] 687843K->306371K(868864K), 0.0028951 secs] [Times: user=0.01 sys=0.00, real=0.00 secs] 
1223.732: [GC (Allocation Failure) [PSYoungGen: 372608K->1440K(365568K)] 678595K->307427K(861696K), 0.0024868 secs] [Times: user=0.01 sys=0.00, real=0.01 secs] 
1228.300: [GC (Allocation Failure) [PSYoungGen: 364960K->1440K(356352K)] 670947K->307427K(852480K), 0.0020537 secs] [Times: user=0.01 sys=0.00, real=0.00 secs] 
1231.320: [GC (Allocation Failure) [PSYoungGen: 356256K->1440K(348160K)] 662243K->307427K(844288K), 0.0020943 secs] [Times: user=0.01 sys=0.00, real=0.00 secs] 
1234.520: [GC (Allocation Failure) [PSYoungGen: 348064K->1440K(340480K)] 654051K->307443K(836608K), 0.0023639 secs] [Times: user=0.01 sys=0.00, real=0.00 secs] 
1239.260: [GC (Allocation Failure) [PSYoungGen: 340384K->1408K(332800K)] 646387K->307427K(828928K), 0.0028628 secs] [Times: user=0.01 sys=0.00, real=0.00 secs] 
1244.077: [GC (Allocation Failure) [PSYoungGen: 332672K->1376K(325632K)] 638691K->307403K(821760K), 0.0036965 secs] [Times: user=0.02 sys=0.00, real=0.00 secs] 
1248.491: [GC (Allocation Failure) [PSYoungGen: 325472K->1405K(318464K)] 631499K->307441K(814592K), 0.0015200 secs] [Times: user=0.00 sys=0.00, real=0.00 secs] 
1251.585: [GC (Allocation Failure) [PSYoungGen: 318333K->1408K(311808K)] 624369K->307451K(807936K), 0.0018809 secs] [Times: user=0.00 sys=0.00, real=0.00 secs] 
1255.051: [GC (Allocation Failure) [PSYoungGen: 311680K->1440K(305152K)] 617723K->307491K(801280K), 0.0018121 secs] [Times: user=0.00 sys=0.01, real=0.00 secs] 
1257.296: [GC (Allocation Failure) [PSYoungGen: 305056K->1376K(299008K)] 611107K->307435K(795136K), 0.0025057 secs] [Times: user=0.01 sys=0.00, real=0.00 secs] 
1261.286: [GC (Allocation Failure) [PSYoungGen: 298848K->1440K(292864K)] 604907K->307507K(788992K), 0.0018815 secs] [Times: user=0.01 sys=0.00, real=0.00 secs] 
1263.051: [GC (Allocation Failure) [PSYoungGen: 292768K->1408K(286720K)] 598835K->307483K(782848K), 0.0015143 secs] [Times: user=0.00 sys=0.00, real=0.00 secs] 
1264.964: [GC (Allocation Failure) [PSYoungGen: 286592K->1488K(281088K)] 592667K->308595K(777216K), 0.0025646 secs] [Times: user=0.01 sys=0.00, real=0.00 secs] 
1268.099: [GC (Allocation Failure) [PSYoungGen: 281040K->1424K(275456K)] 588147K->308531K(771584K), 0.0015504 secs] [Times: user=0.00 sys=0.00, real=0.00 secs] 
1269.493: [GC (Allocation Failure) [PSYoungGen: 275344K->1408K(270336K)] 582451K->308515K(766464K), 0.0019339 secs] [Times: user=0.01 sys=0.00, real=0.01 secs] 
1271.174: [GC (Allocation Failure) [PSYoungGen: 270208K->1408K(265216K)] 577315K->308523K(761344K), 0.0017836 secs] [Times: user=0.01 sys=0.00, real=0.01 secs] 
1273.468: [GC (Allocation Failure) [PSYoungGen: 265088K->1440K(260096K)] 572203K->308555K(756224K), 0.0023111 secs] [Times: user=0.01 sys=0.00, real=0.00 secs] 
1275.321: [GC (Allocation Failure) [PSYoungGen: 260000K->1408K(255488K)] 567115K->308523K(751616K), 0.0027633 secs] [Times: user=0.01 sys=0.00, real=0.00 secs] 
1278.056: [GC (Allocation Failure) [PSYoungGen: 255360K->1440K(250880K)] 562475K->308555K(747008K), 0.0019014 secs] [Times: user=0.01 sys=0.00, real=0.00 secs] 
1280.405: [GC (Allocation Failure) [PSYoungGen: 250784K->1440K(246272K)] 557899K->308563K(742400K), 0.0027418 secs] [Times: user=0.01 sys=0.00, real=0.00 secs] 
1282.712: [GC (Allocation Failure) [PSYoungGen: 246176K->1456K(241664K)] 553299K->309603K(737792K), 0.0016314 secs] [Times: user=0.01 sys=0.00, real=0.00 secs] 
1284.848: [GC (Allocation Failure) [PSYoungGen: 241584K->384K(236544K)] 549731K->308547K(732672K), 0.0020855 secs] [Times: user=0.01 sys=0.00, real=0.00 secs] 
1287.122: [GC (Allocation Failure) [PSYoungGen: 236416K->1440K(233984K)] 544579K->309611K(730112K), 0.0027958 secs] [Times: user=0.01 sys=0.00, real=0.01 secs] 
1289.872: [GC (Allocation Failure) [PSYoungGen: 233376K->1440K(229376K)] 541547K->309611K(725504K), 0.0038063 secs] [Times: user=0.01 sys=0.00, real=0.01 secs] 
1292.771: [GC (Allocation Failure) [PSYoungGen: 229280K->1440K(225280K)] 537451K->309635K(721408K), 0.0020436 secs] [Times: user=0.01 sys=0.00, real=0.00 secs] 
1294.582: [GC (Allocation Failure) [PSYoungGen: 225184K->1408K(221696K)] 533379K->309603K(717824K), 0.0042004 secs] [Times: user=0.02 sys=0.00, real=0.01 secs] 
1298.336: [GC (Allocation Failure) [PSYoungGen: 221568K->1376K(218112K)] 529763K->309579K(714240K), 0.0028937 secs] [Times: user=0.01 sys=0.00, real=0.00 secs] 
1301.753: [GC (Allocation Failure) [PSYoungGen: 217952K->1408K(214528K)] 526155K->309611K(710656K), 0.0036800 secs] [Times: user=0.01 sys=0.00, real=0.01 secs] 
1303.965: [GC (Allocation Failure) [PSYoungGen: 214400K->1376K(210944K)] 522603K->309579K(707072K), 0.0021042 secs] [Times: user=0.01 sys=0.00, real=0.00 secs] 
1304.845: [GC (Allocation Failure) [PSYoungGen: 210784K->1376K(207360K)] 518987K->309579K(703488K), 0.0021278 secs] [Times: user=0.00 sys=0.00, real=0.00 secs] 
1306.850: [GC (Allocation Failure) [PSYoungGen: 207200K->1408K(204288K)] 515403K->309611K(700416K), 0.0038682 secs] [Times: user=0.01 sys=0.00, real=0.00 secs] 
1309.368: [GC (Allocation Failure) [PSYoungGen: 204160K->1408K(201216K)] 512363K->309611K(697344K), 0.0020893 secs] [Times: user=0.00 sys=0.00, real=0.00 secs] 
1311.591: [GC (Allocation Failure) [PSYoungGen: 201088K->1344K(198144K)] 509291K->309547K(694272K), 0.0028302 secs] [Times: user=0.01 sys=0.00, real=0.00 secs] 
1313.939: [GC (Allocation Failure) [PSYoungGen: 197952K->1408K(195072K)] 506155K->309611K(691200K), 0.0030426 secs] [Times: user=0.01 sys=0.00, real=0.00 secs] 
1316.134: [GC (Allocation Failure) [PSYoungGen: 194944K->1408K(192000K)] 503147K->309611K(688128K), 0.0016671 secs] [Times: user=0.01 sys=0.00, real=0.01 secs] 
1317.314: [GC (Allocation Failure) [PSYoungGen: 191872K->1408K(188928K)] 500075K->309611K(685056K), 0.0019670 secs] [Times: user=0.01 sys=0.00, real=0.01 secs] 
1319.364: [GC (Allocation Failure) [PSYoungGen: 188800K->1456K(186368K)] 497003K->309659K(682496K), 0.0025533 secs] [Times: user=0.01 sys=0.00, real=0.01 secs] 
1321.358: [GC (Allocation Failure) [PSYoungGen: 186288K->1376K(183808K)] 494491K->310091K(679936K), 0.0017234 secs] [Times: user=0.01 sys=0.00, real=0.00 secs] 
1323.716: [GC (Allocation Failure) [PSYoungGen: 183648K->1408K(181248K)] 492363K->310123K(677376K), 0.0027023 secs] [Times: user=0.01 sys=0.00, real=0.00 secs] 
1325.794: [GC (Allocation Failure) [PSYoungGen: 181120K->1440K(178688K)] 489835K->310155K(674816K), 0.0031385 secs] [Times: user=0.01 sys=0.01, real=0.00 secs] 
1326.894: [GC (Allocation Failure) [PSYoungGen: 178592K->1424K(176128K)] 487307K->310139K(672256K), 0.0020076 secs] [Times: user=0.00 sys=0.00, real=0.01 secs] 
1328.208: [GC (Allocation Failure) [PSYoungGen: 176016K->1392K(173568K)] 484731K->310107K(669696K), 0.0016468 secs] [Times: user=0.01 sys=0.00, real=0.00 secs] 
1329.265: [GC (Allocation Failure) [PSYoungGen: 173424K->1357K(171008K)] 482139K->310073K(667136K), 0.0015580 secs] [Times: user=0.00 sys=0.00, real=0.00 secs] 
1330.072: [GC (Allocation Failure) [PSYoungGen: 170829K->416K(167936K)] 479545K->310155K(664064K), 0.0016489 secs] [Times: user=0.01 sys=0.00, real=0.00 secs] 
1331.931: [GC (Allocation Failure) [PSYoungGen: 167840K->1408K(167424K)] 477579K->311147K(663552K), 0.0030119 secs] [Times: user=0.02 sys=0.00, real=0.00 secs] 
1333.987: [GC (Allocation Failure) [PSYoungGen: 166784K->1344K(164864K)] 476523K->311083K(660992K), 0.0040259 secs] [Times: user=0.02 sys=0.00, real=0.00 secs] 
1335.826: [GC (Allocation Failure) [PSYoungGen: 164672K->1408K(162816K)] 474411K->311147K(658944K), 0.0022618 secs] [Times: user=0.01 sys=0.00, real=0.00 secs] 
1337.146: [GC (Allocation Failure) [PSYoungGen: 162688K->1392K(160768K)] 472427K->311131K(656896K), 0.0036391 secs] [Times: user=0.01 sys=0.00, real=0.00 secs] 
1339.600: [GC (Allocation Failure) [PSYoungGen: 160624K->1392K(158720K)] 470363K->311131K(654848K), 0.0039994 secs] [Times: user=0.01 sys=0.00, real=0.00 secs] 
1341.259: [GC (Allocation Failure) [PSYoungGen: 158576K->1376K(156672K)] 468315K->311115K(652800K), 0.0022597 secs] [Times: user=0.01 sys=0.00, real=0.00 secs] 
1342.715: [GC (Allocation Failure) [PSYoungGen: 156512K->1376K(154624K)] 466251K->311115K(650752K), 0.0019064 secs] [Times: user=0.01 sys=0.00, real=0.00 secs] 
1343.351: [GC (Allocation Failure) [PSYoungGen: 154464K->1408K(152576K)] 464203K->311147K(648704K), 0.0020343 secs] [Times: user=0.00 sys=0.00, real=0.00 secs] 
1345.678: [GC (Allocation Failure) [PSYoungGen: 152448K->1440K(150528K)] 462187K->311179K(646656K), 0.0022034 secs] [Times: user=0.01 sys=0.00, real=0.00 secs] 
1346.775: [GC (Allocation Failure) [PSYoungGen: 150432K->1408K(148992K)] 460171K->311155K(645120K), 0.0022652 secs] [Times: user=0.01 sys=0.00, real=0.00 secs] 
1348.705: [GC (Allocation Failure) [PSYoungGen: 148864K->1376K(147456K)] 458611K->311123K(643584K), 0.0028756 secs] [Times: user=0.01 sys=0.01, real=0.00 secs] 
1349.763: [GC (Allocation Failure) [PSYoungGen: 147296K->1440K(145920K)] 457043K->311187K(642048K), 0.0022502 secs] [Times: user=0.00 sys=0.00, real=0.01 secs] 
1351.326: [GC (Allocation Failure) [PSYoungGen: 145824K->1408K(144384K)] 455571K->311163K(640512K), 0.0026911 secs] [Times: user=0.01 sys=0.00, real=0.00 secs] 
1351.942: [GC (Allocation Failure) [PSYoungGen: 144256K->1408K(142848K)] 454011K->311171K(638976K), 0.0018514 secs] [Times: user=0.00 sys=0.00, real=0.00 secs] 
1352.981: [GC (Allocation Failure) [PSYoungGen: 142720K->1408K(141312K)] 452483K->311171K(637440K), 0.0017979 secs] [Times: user=0.01 sys=0.00, real=0.00 secs] 
1353.561: [GC (Allocation Failure) [PSYoungGen: 141184K->1360K(139776K)] 450947K->311131K(635904K), 0.0016446 secs] [Times: user=0.01 sys=0.00, real=0.00 secs] 
1354.552: [GC (Allocation Failure) [PSYoungGen: 139600K->1344K(138240K)] 449371K->311115K(634368K), 0.0018881 secs] [Times: user=0.01 sys=0.00, real=0.00 secs] 
1355.119: [GC (Allocation Failure) [PSYoungGen: 138048K->1392K(136704K)] 447819K->311163K(632832K), 0.0017600 secs] [Times: user=0.01 sys=0.00, real=0.00 secs] 
1356.254: [GC (Allocation Failure) [PSYoungGen: 136560K->1376K(135168K)] 446331K->311147K(631296K), 0.0019240 secs] [Times: user=0.01 sys=0.00, real=0.01 secs] 
1357.400: [GC (Allocation Failure) [PSYoungGen: 135008K->352K(132608K)] 444779K->311147K(628736K), 0.0017601 secs] [Times: user=0.01 sys=0.00, real=0.00 secs] 
1358.680: [GC (Allocation Failure) [PSYoungGen: 132448K->1373K(132608K)] 443243K->312169K(628736K), 0.0014976 secs] [Times: user=0.01 sys=0.00, real=0.00 secs] 
1359.536: [GC (Allocation Failure) [PSYoungGen: 131933K->1408K(130560K)] 442729K->312211K(626688K), 0.0017420 secs] [Times: user=0.00 sys=0.00, real=0.00 secs] 
1360.602: [GC (Allocation Failure) [PSYoungGen: 130432K->1344K(129024K)] 441235K->312147K(625152K), 0.0019246 secs] [Times: user=0.01 sys=0.00, real=0.00 secs] 
1363.854: [GC (Allocation Failure) [PSYoungGen: 128832K->1408K(127488K)] 439635K->312211K(623616K), 0.0038544 secs] [Times: user=0.01 sys=0.00, real=0.01 secs] 
1365.529: [GC (Allocation Failure) [PSYoungGen: 127360K->1408K(126464K)] 438163K->312211K(622592K), 0.0032093 secs] [Times: user=0.01 sys=0.00, real=0.00 secs] 
1367.097: [GC (Allocation Failure) [PSYoungGen: 126336K->1376K(125440K)] 437139K->312179K(621568K), 0.0039950 secs] [Times: user=0.02 sys=0.00, real=0.00 secs] 
1368.236: [GC (Allocation Failure) [PSYoungGen: 125280K->1376K(124416K)] 436083K->312179K(620544K), 0.0028514 secs] [Times: user=0.01 sys=0.00, real=0.00 secs] 
1369.436: [GC (Allocation Failure) [PSYoungGen: 124256K->1392K(123392K)] 435059K->312195K(619520K), 0.0021796 secs] [Times: user=0.00 sys=0.00, real=0.00 secs] 
1371.366: [GC (Allocation Failure) [PSYoungGen: 123248K->1440K(122368K)] 434051K->312243K(618496K), 0.0023731 secs] [Times: user=0.01 sys=0.00, real=0.00 secs] 
1372.827: [GC (Allocation Failure) [PSYoungGen: 122272K->1376K(121344K)] 433075K->312179K(617472K), 0.0030793 secs] [Times: user=0.01 sys=0.00, real=0.00 secs] 
1374.341: [GC (Allocation Failure) [PSYoungGen: 121184K->1408K(120320K)] 431987K->312211K(616448K), 0.0021573 secs] [Times: user=0.00 sys=0.00, real=0.00 secs] 
1375.416: [GC (Allocation Failure) [PSYoungGen: 120192K->1376K(119296K)] 430995K->312179K(615424K), 0.0021184 secs] [Times: user=0.01 sys=0.00, real=0.00 secs] 
1376.766: [GC (Allocation Failure) [PSYoungGen: 119136K->1360K(118272K)] 429939K->312163K(614400K), 0.0020707 secs] [Times: user=0.01 sys=0.00, real=0.00 secs] 
1378.121: [GC (Allocation Failure) [PSYoungGen: 118096K->1408K(117248K)] 428899K->312211K(613376K), 0.0022909 secs] [Times: user=0.00 sys=0.00, real=0.00 secs] 
1379.057: [GC (Allocation Failure) [PSYoungGen: 117120K->1408K(116224K)] 427923K->312211K(612352K), 0.0022622 secs] [Times: user=0.01 sys=0.00, real=0.00 secs] 
1380.522: [GC (Allocation Failure) [PSYoungGen: 116096K->1376K(115200K)] 426899K->312179K(611328K), 0.0016651 secs] [Times: user=0.01 sys=0.00, real=0.00 secs] 
1381.539: [GC (Allocation Failure) [PSYoungGen: 115040K->1376K(114176K)] 425843K->312179K(610304K), 0.0020754 secs] [Times: user=0.00 sys=0.00, real=0.00 secs] 
1382.149: [GC (Allocation Failure) [PSYoungGen: 114016K->1408K(113152K)] 424819K->312211K(609280K), 0.0019336 secs] [Times: user=0.01 sys=0.00, real=0.00 secs] 
1383.601: [GC (Allocation Failure) [PSYoungGen: 113024K->1440K(112128K)] 423827K->312243K(608256K), 0.0020845 secs] [Times: user=0.01 sys=0.00, real=0.00 secs] 
1384.389: [GC (Allocation Failure) [PSYoungGen: 112032K->384K(110080K)] 422835K->312211K(606208K), 0.0019542 secs] [Times: user=0.00 sys=0.00, real=0.00 secs] 
1385.242: [GC (Allocation Failure) [PSYoungGen: 109952K->1421K(110592K)] 421779K->313249K(606720K), 0.0014215 secs] [Times: user=0.01 sys=0.00, real=0.00 secs] 
1385.834: [GC (Allocation Failure) [PSYoungGen: 109965K->1408K(109056K)] 421793K->313235K(605184K), 0.0016995 secs] [Times: user=0.01 sys=0.00, real=0.00 secs] 
1386.281: [GC (Allocation Failure) [PSYoungGen: 108928K->1408K(108032K)] 420755K->313235K(604160K), 0.0018862 secs] [Times: user=0.01 sys=0.00, real=0.00 secs] 
1387.602: [GC (Allocation Failure) [PSYoungGen: 107904K->1408K(107008K)] 419731K->313235K(603136K), 0.0022888 secs] [Times: user=0.01 sys=0.00, real=0.01 secs] 
1389.146: [GC (Allocation Failure) [PSYoungGen: 106880K->1376K(105984K)] 418707K->313219K(602112K), 0.0027770 secs] [Times: user=0.01 sys=0.00, real=0.00 secs] 
1390.408: [GC (Allocation Failure) [PSYoungGen: 105824K->1360K(104960K)] 417667K->313203K(601088K), 0.0036693 secs] [Times: user=0.01 sys=0.00, real=0.00 secs] 
1392.418: [GC (Allocation Failure) [PSYoungGen: 104784K->1408K(103936K)] 416627K->313251K(600064K), 0.0018661 secs] [Times: user=0.01 sys=0.00, real=0.00 secs] 
1394.023: [GC (Allocation Failure) [PSYoungGen: 103808K->1376K(102912K)] 415651K->313219K(599040K), 0.0025523 secs] [Times: user=0.01 sys=0.00, real=0.01 secs] 
1394.916: [GC (Allocation Failure) [PSYoungGen: 102752K->1408K(101888K)] 414595K->313251K(598016K), 0.0023789 secs] [Times: user=0.01 sys=0.00, real=0.00 secs] 
1396.159: [GC (Allocation Failure) [PSYoungGen: 101760K->1408K(101376K)] 413603K->313251K(597504K), 0.0017145 secs] [Times: user=0.00 sys=0.00, real=0.00 secs] 
1396.955: [GC (Allocation Failure) [PSYoungGen: 101248K->1376K(100864K)] 413091K->313219K(596992K), 0.0034625 secs] [Times: user=0.02 sys=0.00, real=0.00 secs] 
1397.994: [GC (Allocation Failure) [PSYoungGen: 100704K->1360K(100352K)] 412547K->313203K(596480K), 0.0023742 secs] [Times: user=0.01 sys=0.00, real=0.01 secs] 
1399.534: [GC (Allocation Failure) [PSYoungGen: 100176K->1408K(99840K)] 412019K->313267K(595968K), 0.0030933 secs] [Times: user=0.01 sys=0.00, real=0.00 secs] 
1400.658: [GC (Allocation Failure) [PSYoungGen: 99712K->1376K(99328K)] 411571K->313235K(595456K), 0.0027075 secs] [Times: user=0.00 sys=0.00, real=0.00 secs] 
1401.975: [GC (Allocation Failure) [PSYoungGen: 99168K->1312K(98816K)] 411027K->313171K(594944K), 0.0028574 secs] [Times: user=0.01 sys=0.00, real=0.00 secs] 
1403.677: [GC (Allocation Failure) [PSYoungGen: 98592K->1376K(98304K)] 410451K->313235K(594432K), 0.0030239 secs] [Times: user=0.02 sys=0.00, real=0.00 secs] 
1404.475: [GC (Allocation Failure) [PSYoungGen: 98144K->1408K(97792K)] 410003K->313275K(593920K), 0.0025045 secs] [Times: user=0.01 sys=0.00, real=0.00 secs] 
1405.281: [GC (Allocation Failure) [PSYoungGen: 97664K->336K(96256K)] 409531K->313227K(592384K), 0.0022733 secs] [Times: user=0.01 sys=0.00, real=0.00 secs] 
1406.550: [GC (Allocation Failure) [PSYoungGen: 96080K->1440K(97280K)] 408971K->314331K(593408K), 0.0019811 secs] [Times: user=0.01 sys=0.00, real=0.00 secs] 
1407.566: [GC (Allocation Failure) [PSYoungGen: 96672K->1360K(96256K)] 409563K->314252K(592384K), 0.0041934 secs] [Times: user=0.02 sys=0.00, real=0.00 secs] 
1408.538: [GC (Allocation Failure) [PSYoungGen: 96080K->1344K(95744K)] 408972K->314235K(591872K), 0.0024423 secs] [Times: user=0.01 sys=0.00, real=0.00 secs] 
1410.226: [GC (Allocation Failure) [PSYoungGen: 95552K->896K(94720K)] 408443K->314820K(590848K), 0.0022071 secs] [Times: user=0.00 sys=0.00, real=0.00 secs] 
1411.327: [GC (Allocation Failure) [PSYoungGen: 94592K->368K(93696K)] 408516K->314292K(589824K), 0.0024144 secs] [Times: user=0.01 sys=0.00, real=0.00 secs] 
1412.095: [GC (Allocation Failure) [PSYoungGen: 93552K->352K(93184K)] 407476K->314275K(589312K), 0.0028971 secs] [Times: user=0.01 sys=0.00, real=0.00 secs] 
1413.305: [GC (Allocation Failure) [PSYoungGen: 93024K->1360K(94208K)] 406947K->315284K(590336K), 0.0019172 secs] [Times: user=0.01 sys=0.00, real=0.00 secs] 
1414.134: [GC (Allocation Failure) [PSYoungGen: 93520K->1440K(93184K)] 407444K->315364K(589312K), 0.0017795 secs] [Times: user=0.01 sys=0.00, real=0.01 secs] 
1414.528: [GC (Allocation Failure) [PSYoungGen: 93088K->1344K(92672K)] 407012K->315268K(588800K), 0.0018784 secs] [Times: user=0.01 sys=0.00, real=0.00 secs] 
1414.980: [GC (Allocation Failure) [PSYoungGen: 92480K->1408K(97280K)] 406404K->315332K(593408K), 0.0020328 secs] [Times: user=0.01 sys=0.00, real=0.00 secs] 
1415.986: [GC (Allocation Failure) [PSYoungGen: 97152K->1440K(96768K)] 411076K->315364K(592896K), 0.0018538 secs] [Times: user=0.01 sys=0.00, real=0.00 secs] 
1416.876: [GC (Allocation Failure) [PSYoungGen: 96672K->1376K(96256K)] 410596K->315300K(592384K), 0.0020978 secs] [Times: user=0.00 sys=0.00, real=0.00 secs] 
1417.783: [GC (Allocation Failure) [PSYoungGen: 96096K->1408K(95744K)] 410020K->315340K(591872K), 0.0021807 secs] [Times: user=0.01 sys=0.00, real=0.01 secs] 
1419.074: [GC (Allocation Failure) [PSYoungGen: 95616K->1408K(95232K)] 409548K->315340K(591360K), 0.0018253 secs] [Times: user=0.00 sys=0.00, real=0.01 secs] 
1420.241: [GC (Allocation Failure) [PSYoungGen: 95104K->1408K(94720K)] 409036K->315340K(590848K), 0.0022731 secs] [Times: user=0.01 sys=0.00, real=0.00 secs] 
1421.308: [GC (Allocation Failure) [PSYoungGen: 94592K->1408K(94208K)] 408524K->315348K(590336K), 0.0024807 secs] [Times: user=0.01 sys=0.00, real=0.00 secs] 
1423.053: [GC (Allocation Failure) [PSYoungGen: 94080K->1376K(93696K)] 408020K->315316K(589824K), 0.0028907 secs] [Times: user=0.00 sys=0.01, real=0.01 secs] 
1424.190: [GC (Allocation Failure) [PSYoungGen: 93536K->1376K(93184K)] 407476K->315316K(589312K), 0.0036815 secs] [Times: user=0.02 sys=0.00, real=0.00 secs] 
1425.032: [GC (Allocation Failure) [PSYoungGen: 93024K->1440K(92672K)] 406964K->315396K(588800K), 0.0030508 secs] [Times: user=0.01 sys=0.00, real=0.01 secs] 
1425.984: [GC (Allocation Failure) [PSYoungGen: 92572K->192K(91136K)] 406528K->314147K(587264K), 0.0016496 secs] [Times: user=0.00 sys=0.00, real=0.00 secs] 
1427.044: [GC (Allocation Failure) [PSYoungGen: 90816K->1360K(92160K)] 404771K->315324K(588288K), 0.0033853 secs] [Times: user=0.01 sys=0.00, real=0.01 secs] 
1428.056: [GC (Allocation Failure) [PSYoungGen: 91472K->1344K(91136K)] 405436K->315308K(587264K), 0.0033407 secs] [Times: user=0.01 sys=0.00, real=0.00 secs] 
1428.836: [GC (Allocation Failure) [PSYoungGen: 90944K->1376K(90624K)] 404908K->315340K(586752K), 0.0023120 secs] [Times: user=0.01 sys=0.00, real=0.00 secs] 
1431.582: [GC (Allocation Failure) [PSYoungGen: 90464K->1408K(90112K)] 404428K->315372K(586240K), 0.0025861 secs] [Times: user=0.01 sys=0.00, real=0.01 secs] 
1432.874: [GC (Allocation Failure) [PSYoungGen: 89984K->1344K(89600K)] 403948K->315308K(585728K), 0.0044777 secs] [Times: user=0.02 sys=0.00, real=0.01 secs] 
1433.640: [GC (Allocation Failure) [PSYoungGen: 89408K->1392K(89088K)] 403372K->315356K(585216K), 0.0022669 secs] [Times: user=0.01 sys=0.00, real=0.00 secs] 
1435.184: [GC (Allocation Failure) [PSYoungGen: 88944K->1376K(88576K)] 402908K->315340K(584704K), 0.0035044 secs] [Times: user=0.01 sys=0.00, real=0.01 secs] 
1436.806: [GC (Allocation Failure) [PSYoungGen: 88416K->1376K(88064K)] 402380K->315340K(584192K), 0.0022993 secs] [Times: user=0.01 sys=0.00, real=0.00 secs] 
1437.582: [GC (Allocation Failure) [PSYoungGen: 87904K->1376K(87552K)] 401868K->315340K(583680K), 0.0022644 secs] [Times: user=0.01 sys=0.00, real=0.01 secs] 
1438.240: [GC (Allocation Failure) [PSYoungGen: 87392K->1405K(87040K)] 401356K->315369K(583168K), 0.0015110 secs] [Times: user=0.00 sys=0.00, real=0.00 secs] 
1439.912: [GC (Allocation Failure) [PSYoungGen: 86909K->1440K(86528K)] 400873K->315404K(582656K), 0.0024762 secs] [Times: user=0.01 sys=0.00, real=0.00 secs] 
1440.583: [GC (Allocation Failure) [PSYoungGen: 86432K->1408K(86016K)] 400396K->315380K(582144K), 0.0018819 secs] [Times: user=0.00 sys=0.00, real=0.01 secs] 
1441.416: [GC (Allocation Failure) [PSYoungGen: 85888K->1408K(85504K)] 399860K->315380K(581632K), 0.0027830 secs] [Times: user=0.01 sys=0.00, real=0.00 secs] 
1442.907: [GC (Allocation Failure) [PSYoungGen: 85376K->1440K(84992K)] 399348K->315412K(581120K), 0.0017651 secs] [Times: user=0.01 sys=0.00, real=0.00 secs] 
1444.048: [GC (Allocation Failure) [PSYoungGen: 84896K->1376K(84480K)] 398868K->315348K(580608K), 0.0021617 secs] [Times: user=0.01 sys=0.00, real=0.00 secs] 
1444.992: [GC (Allocation Failure) [PSYoungGen: 84320K->1408K(83968K)] 398292K->315388K(580096K), 0.0023349 secs] [Times: user=0.01 sys=0.00, real=0.01 secs] 
1445.834: [GC (Allocation Failure) [PSYoungGen: 83840K->1312K(83456K)] 397820K->315292K(579584K), 0.0023610 secs] [Times: user=0.00 sys=0.00, real=0.00 secs] 
1447.010: [GC (Allocation Failure) [PSYoungGen: 83232K->1440K(82944K)] 397212K->315420K(579072K), 0.0018279 secs] [Times: user=0.01 sys=0.00, real=0.00 secs] 
1447.561: [GC (Allocation Failure) [PSYoungGen: 82848K->1408K(82432K)] 396828K->315388K(578560K), 0.0021023 secs] [Times: user=0.01 sys=0.00, real=0.00 secs] 
1447.971: [GC (Allocation Failure) [PSYoungGen: 82304K->1344K(81920K)] 396284K->315332K(578048K), 0.0018923 secs] [Times: user=0.00 sys=0.00, real=0.00 secs] 
1448.737: [GC (Allocation Failure) [PSYoungGen: 81728K->224K(80384K)] 395716K->314212K(576512K), 0.0014566 secs] [Times: user=0.00 sys=0.00, real=0.00 secs] 
1449.832: [GC (Allocation Failure) [PSYoungGen: 80096K->1408K(80896K)] 394084K->315396K(577024K), 0.0021725 secs] [Times: user=0.01 sys=0.00, real=0.01 secs] 
1450.744: [GC (Allocation Failure) [PSYoungGen: 80768K->1408K(80384K)] 394756K->315396K(576512K), 0.0025508 secs] [Times: user=0.01 sys=0.00, real=0.01 secs] 
1451.850: [GC (Allocation Failure) [PSYoungGen: 80256K->1440K(79872K)] 394244K->315428K(576000K), 0.0021218 secs] [Times: user=0.01 sys=0.00, real=0.00 secs] 
1453.969: [GC (Allocation Failure) [PSYoungGen: 79776K->1376K(79360K)] 393764K->316388K(575488K), 0.0041799 secs] [Times: user=0.02 sys=0.00, real=0.00 secs] 
1455.027: [GC (Allocation Failure) [PSYoungGen: 79200K->320K(77824K)] 394212K->315332K(573952K), 0.0047123 secs] [Times: user=0.02 sys=0.00, real=0.00 secs] 
1455.582: [GC (Allocation Failure) [PSYoungGen: 77632K->352K(78848K)] 392644K->315364K(574976K), 0.0022765 secs] [Times: user=0.01 sys=0.00, real=0.01 secs] 
1456.175: [GC (Allocation Failure) [PSYoungGen: 77152K->352K(81408K)] 392164K->315364K(577536K), 0.0022047 secs] [Times: user=0.00 sys=0.00, real=0.00 secs] 
1457.438: [GC (Allocation Failure) [PSYoungGen: 81248K->1408K(81920K)] 396260K->316436K(578048K), 0.0021351 secs] [Times: user=0.01 sys=0.00, real=0.00 secs] 
1457.816: [GC (Allocation Failure) [PSYoungGen: 81792K->1408K(86528K)] 396820K->316436K(582656K), 0.0022532 secs] [Times: user=0.01 sys=0.00, real=0.00 secs] 
1458.182: [GC (Allocation Failure) [PSYoungGen: 86400K->1408K(91648K)] 401428K->316436K(587776K), 0.0022081 secs] [Times: user=0.01 sys=0.00, real=0.00 secs] 
1458.707: [GC (Allocation Failure) [PSYoungGen: 91520K->1437K(96768K)] 406548K->316465K(592896K), 0.0015589 secs] [Times: user=0.01 sys=0.00, real=0.00 secs] 
1460.040: [GC (Allocation Failure) [PSYoungGen: 96669K->1440K(101888K)] 411697K->316468K(598016K), 0.0035021 secs] [Times: user=0.02 sys=0.00, real=0.00 secs] 
1461.287: [GC (Allocation Failure) [PSYoungGen: 101792K->1408K(107008K)] 416820K->316444K(603136K), 0.0031761 secs] [Times: user=0.01 sys=0.00, real=0.00 secs] 
1462.690: [GC (Allocation Failure) [PSYoungGen: 106880K->1424K(105984K)] 421916K->316460K(602112K), 0.0016488 secs] [Times: user=0.01 sys=0.00, real=0.00 secs] 
1463.450: [GC (Allocation Failure) [PSYoungGen: 105872K->1408K(104960K)] 420908K->316452K(601088K), 0.0018935 secs] [Times: user=0.00 sys=0.00, real=0.00 secs] 
1463.989: [GC (Allocation Failure) [PSYoungGen: 104832K->1440K(103936K)] 419876K->316492K(600064K), 0.0019978 secs] [Times: user=0.01 sys=0.00, real=0.00 secs] 
1464.902: [GC (Allocation Failure) [PSYoungGen: 103840K->1456K(102912K)] 418892K->316508K(599040K), 0.0016481 secs] [Times: user=0.00 sys=0.00, real=0.00 secs] 
1466.267: [GC (Allocation Failure) [PSYoungGen: 102832K->1440K(101888K)] 417884K->316492K(598016K), 0.0040749 secs] [Times: user=0.02 sys=0.00, real=0.00 secs] 
1467.529: [GC (Allocation Failure) [PSYoungGen: 101792K->1408K(101376K)] 416844K->316468K(597504K), 0.0038922 secs] [Times: user=0.01 sys=0.00, real=0.00 secs] 
1469.113: [GC (Allocation Failure) [PSYoungGen: 101248K->1728K(101376K)] 416308K->316788K(597504K), 0.0020547 secs] [Times: user=0.01 sys=0.00, real=0.01 secs] 
1470.100: [GC (Allocation Failure) [PSYoungGen: 101056K->416K(99328K)] 416116K->316500K(595456K), 0.0021339 secs] [Times: user=0.00 sys=0.00, real=0.00 secs] 
1470.731: [GC (Allocation Failure) [PSYoungGen: 99232K->368K(100864K)] 415316K->316452K(596992K), 0.0019031 secs] [Times: user=0.01 sys=0.00, real=0.00 secs] 
1471.586: [GC (Allocation Failure) [PSYoungGen: 98669K->1424K(99328K)] 414753K->317516K(595456K), 0.0017261 secs] [Times: user=0.00 sys=0.00, real=0.00 secs] 
1474.206: [GC (Allocation Failure) [PSYoungGen: 99216K->1344K(98816K)] 415308K->317436K(594944K), 0.0042211 secs] [Times: user=0.01 sys=0.00, real=0.00 secs] 
1474.980: [GC (Allocation Failure) [PSYoungGen: 98624K->1376K(98304K)] 414716K->317468K(594432K), 0.0023611 secs] [Times: user=0.01 sys=0.00, real=0.00 secs] 
1476.421: [GC (Allocation Failure) [PSYoungGen: 98144K->1392K(97792K)] 414236K->317484K(593920K), 0.0015250 secs] [Times: user=0.00 sys=0.00, real=0.00 secs] 
1478.036: [GC (Allocation Failure) [PSYoungGen: 97648K->1440K(97280K)] 413740K->317532K(593408K), 0.0034747 secs] [Times: user=0.01 sys=0.00, real=0.00 secs] 
1478.913: [GC (Allocation Failure) [PSYoungGen: 97184K->1344K(96768K)] 413276K->317436K(592896K), 0.0029734 secs] [Times: user=0.01 sys=0.00, real=0.01 secs] 
1480.066: [GC (Allocation Failure) [PSYoungGen: 96576K->1376K(96256K)] 412668K->317476K(592384K), 0.0041636 secs] [Times: user=0.01 sys=0.00, real=0.00 secs] 
1482.194: [GC (Allocation Failure) [PSYoungGen: 96096K->1424K(95744K)] 412196K->317524K(591872K), 0.0029066 secs] [Times: user=0.00 sys=0.00, real=0.00 secs] 
1483.126: [GC (Allocation Failure) [PSYoungGen: 95632K->1328K(95232K)] 411732K->317428K(591360K), 0.0023861 secs] [Times: user=0.01 sys=0.00, real=0.00 secs] 
1484.267: [GC (Allocation Failure) [PSYoungGen: 95024K->1344K(94720K)] 411124K->317452K(590848K), 0.0026740 secs] [Times: user=0.01 sys=0.00, real=0.00 secs] 
1486.040: [GC (Allocation Failure) [PSYoungGen: 94528K->1408K(94208K)] 410636K->317516K(590336K), 0.0042568 secs] [Times: user=0.02 sys=0.00, real=0.01 secs] 
1487.193: [GC (Allocation Failure) [PSYoungGen: 94080K->1328K(93696K)] 410188K->317436K(589824K), 0.0031402 secs] [Times: user=0.01 sys=0.00, real=0.01 secs] 
1487.819: [GC (Allocation Failure) [PSYoungGen: 93488K->1376K(93184K)] 409596K->317484K(589312K), 0.0018628 secs] [Times: user=0.01 sys=0.00, real=0.00 secs] 
1488.845: [GC (Allocation Failure) [PSYoungGen: 93024K->1344K(92672K)] 409132K->317452K(588800K), 0.0022502 secs] [Times: user=0.01 sys=0.00, real=0.00 secs] 
1489.814: [GC (Allocation Failure) [PSYoungGen: 92480K->1344K(92160K)] 408588K->317452K(588288K), 0.0020514 secs] [Times: user=0.01 sys=0.00, real=0.00 secs] 
1490.965: [GC (Allocation Failure) [PSYoungGen: 91968K->1440K(91648K)] 408076K->318572K(587776K), 0.0018201 secs] [Times: user=0.01 sys=0.00, real=0.00 secs] 
1491.715: [GC (Allocation Failure) [PSYoungGen: 91552K->304K(90112K)] 408684K->317444K(586240K), 0.0018817 secs] [Times: user=0.01 sys=0.00, real=0.00 secs] 
1492.470: [GC (Allocation Failure) [PSYoungGen: 89904K->352K(91136K)] 407044K->317492K(587264K), 0.0021540 secs] [Times: user=0.00 sys=0.00, real=0.00 secs] 
1493.331: [GC (Allocation Failure) [PSYoungGen: 89415K->1360K(90112K)] 406555K->318500K(586240K), 0.0032329 secs] [Times: user=0.01 sys=0.00, real=0.01 secs] 
1494.772: [GC (Allocation Failure) [PSYoungGen: 89936K->1408K(89600K)] 407076K->318548K(585728K), 0.0021646 secs] [Times: user=0.01 sys=0.00, real=0.00 secs] 
1495.836: [GC (Allocation Failure) [PSYoungGen: 89472K->1360K(89088K)] 406612K->318500K(585216K), 0.0037617 secs] [Times: user=0.01 sys=0.00, real=0.00 secs] 
1496.579: [GC (Allocation Failure) [PSYoungGen: 88912K->1376K(88576K)] 406052K->318516K(584704K), 0.0027145 secs] [Times: user=0.01 sys=0.00, real=0.00 secs] 
1497.782: [GC (Allocation Failure) [PSYoungGen: 88416K->1376K(88064K)] 405556K->318524K(584192K), 0.0016395 secs] [Times: user=0.01 sys=0.00, real=0.00 secs] 
1498.444: [GC (Allocation Failure) [PSYoungGen: 87904K->1344K(87552K)] 405052K->318492K(583680K), 0.0019731 secs] [Times: user=0.01 sys=0.00, real=0.01 secs] 
1499.334: [GC (Allocation Failure) [PSYoungGen: 87360K->1328K(87040K)] 404508K->318476K(583168K), 0.0022472 secs] [Times: user=0.01 sys=0.00, real=0.01 secs] 
1500.592: [GC (Allocation Failure) [PSYoungGen: 86832K->1341K(86528K)] 403980K->318489K(582656K), 0.0016337 secs] [Times: user=0.01 sys=0.00, real=0.00 secs] 
1501.418: [GC (Allocation Failure) [PSYoungGen: 86333K->1440K(86016K)] 403481K->318588K(582144K), 0.0017466 secs] [Times: user=0.01 sys=0.00, real=0.00 secs] 
1502.241: [GC (Allocation Failure) [PSYoungGen: 85920K->1376K(85504K)] 403068K->318524K(581632K), 0.0022636 secs] [Times: user=0.01 sys=0.00, real=0.00 secs] 
1502.935: [GC (Allocation Failure) [PSYoungGen: 85344K->1376K(84992K)] 402492K->318524K(581120K), 0.0027896 secs] [Times: user=0.01 sys=0.00, real=0.00 secs] 
1504.162: [GC (Allocation Failure) [PSYoungGen: 84832K->1440K(84480K)] 401980K->318588K(580608K), 0.0020059 secs] [Times: user=0.01 sys=0.00, real=0.00 secs] 
1504.958: [GC (Allocation Failure) [PSYoungGen: 84384K->1344K(83968K)] 401532K->318492K(580096K), 0.0021408 secs] [Times: user=0.01 sys=0.00, real=0.00 secs] 
1505.571: [GC (Allocation Failure) [PSYoungGen: 83776K->1408K(83456K)] 400924K->318556K(579584K), 0.0022959 secs] [Times: user=0.01 sys=0.00, real=0.00 secs] 
1506.055: [GC (Allocation Failure) [PSYoungGen: 83328K->1376K(82944K)] 400476K->318532K(579072K), 0.0026102 secs] [Times: user=0.01 sys=0.00, real=0.00 secs] 
1507.279: [GC (Allocation Failure) [PSYoungGen: 82784K->1440K(82432K)] 399940K->318596K(578560K), 0.0021027 secs] [Times: user=0.01 sys=0.00, real=0.00 secs] 
1508.006: [GC (Allocation Failure) [PSYoungGen: 82336K->1376K(81920K)] 399492K->318532K(578048K), 0.0020974 secs] [Times: user=0.01 sys=0.00, real=0.00 secs] 
1508.602: [GC (Allocation Failure) [PSYoungGen: 81760K->1328K(81408K)] 398916K->318484K(577536K), 0.0021562 secs] [Times: user=0.01 sys=0.00, real=0.00 secs] 
1509.688: [GC (Allocation Failure) [PSYoungGen: 81200K->1424K(80896K)] 398356K->318580K(577024K), 0.0013733 secs] [Times: user=0.00 sys=0.00, real=0.00 secs] 
1510.650: [GC (Allocation Failure) [PSYoungGen: 80784K->1376K(80384K)] 397940K->318532K(576512K), 0.0025770 secs] [Times: user=0.01 sys=0.00, real=0.00 secs] 
1511.256: [GC (Allocation Failure) [PSYoungGen: 80224K->1408K(79872K)] 397380K->318564K(576000K), 0.0035260 secs] [Times: user=0.01 sys=0.00, real=0.00 secs] 
1511.941: [GC (Allocation Failure) [PSYoungGen: 79744K->1376K(83968K)] 396900K->318532K(580096K), 0.0028960 secs] [Times: user=0.01 sys=0.00, real=0.00 secs] 
1513.097: [GC (Allocation Failure) [PSYoungGen: 83808K->1408K(83456K)] 400964K->318564K(579584K), 0.0017531 secs] [Times: user=0.01 sys=0.00, real=0.00 secs] 
1513.438: [GC (Allocation Failure) [PSYoungGen: 83328K->1376K(88064K)] 400484K->318532K(584192K), 0.0019523 secs] [Times: user=0.01 sys=0.00, real=0.00 secs] 
1513.982: [GC (Allocation Failure) [PSYoungGen: 87904K->1408K(93184K)] 405060K->318572K(589312K), 0.0023194 secs] [Times: user=0.01 sys=0.00, real=0.01 secs] 
1514.877: [GC (Allocation Failure) [PSYoungGen: 93005K->272K(91648K)] 410169K->317436K(587776K), 0.0021886 secs] [Times: user=0.01 sys=0.00, real=0.00 secs] 
1515.711: [GC (Allocation Failure) [PSYoungGen: 91408K->1408K(92160K)] 408572K->318572K(588288K), 0.0018251 secs] [Times: user=0.00 sys=0.00, real=0.00 secs] 
1516.088: [GC (Allocation Failure) [PSYoungGen: 92032K->1344K(97792K)] 409196K->318508K(593920K), 0.0027844 secs] [Times: user=0.01 sys=0.00, real=0.00 secs] 
1516.489: [GC (Allocation Failure) [PSYoungGen: 97600K->1376K(104960K)] 414764K->318540K(601088K), 0.0043013 secs] [Times: user=0.02 sys=0.00, real=0.00 secs] 
1517.687: [GC (Allocation Failure) [PSYoungGen: 104800K->1440K(111616K)] 421964K->318604K(607744K), 0.0017758 secs] [Times: user=0.01 sys=0.00, real=0.00 secs] 
1518.150: [GC (Allocation Failure) [PSYoungGen: 111520K->1344K(118784K)] 428684K->318516K(614912K), 0.0017488 secs] [Times: user=0.00 sys=0.00, real=0.00 secs] 
1519.064: [GC (Allocation Failure) [PSYoungGen: 118592K->1373K(125440K)] 435764K->318545K(621568K), 0.0015454 secs] [Times: user=0.01 sys=0.00, real=0.01 secs] 
1520.333: [GC (Allocation Failure) [PSYoungGen: 125277K->1408K(124416K)] 442449K->318580K(620544K), 0.0024154 secs] [Times: user=0.01 sys=0.00, real=0.01 secs] 
1520.858: [GC (Allocation Failure) [PSYoungGen: 124288K->1376K(123392K)] 441460K->318548K(619520K), 0.0018113 secs] [Times: user=0.00 sys=0.00, real=0.00 secs] 
1522.049: [GC (Allocation Failure) [PSYoungGen: 123232K->1392K(122368K)] 440404K->318564K(618496K), 0.0017075 secs] [Times: user=0.01 sys=0.00, real=0.00 secs] 
1522.597: [GC (Allocation Failure) [PSYoungGen: 122224K->1344K(121344K)] 439396K->318516K(617472K), 0.0019302 secs] [Times: user=0.01 sys=0.00, real=0.00 secs] 
1523.880: [GC (Allocation Failure) [PSYoungGen: 121152K->1408K(120320K)] 438324K->319092K(616448K), 0.0031783 secs] [Times: user=0.01 sys=0.00, real=0.00 secs] 
1525.407: [GC (Allocation Failure) [PSYoungGen: 120192K->1408K(119296K)] 437876K->319100K(615424K), 0.0027359 secs] [Times: user=0.01 sys=0.00, real=0.00 secs] 
1526.746: [GC (Allocation Failure) [PSYoungGen: 119168K->1344K(118272K)] 436860K->319036K(614400K), 0.0027558 secs] [Times: user=0.01 sys=0.00, real=0.00 secs] 
1528.831: [GC (Allocation Failure) [PSYoungGen: 118080K->1376K(117248K)] 435772K->319068K(613376K), 0.0041934 secs] [Times: user=0.02 sys=0.00, real=0.01 secs] 
1529.911: [GC (Allocation Failure) [PSYoungGen: 117088K->1376K(116224K)] 434780K->319068K(612352K), 0.0020978 secs] [Times: user=0.01 sys=0.00, real=0.00 secs] 
1531.177: [GC (Allocation Failure) [PSYoungGen: 116064K->1373K(115200K)] 433756K->319065K(611328K), 0.0014659 secs] [Times: user=0.01 sys=0.00, real=0.00 secs] 
1533.043: [GC (Allocation Failure) [PSYoungGen: 115037K->1424K(114176K)] 432729K->319116K(610304K), 0.0037424 secs] [Times: user=0.01 sys=0.00, real=0.01 secs] 
1534.103: [GC (Allocation Failure) [PSYoungGen: 114064K->1376K(113152K)] 431756K->319068K(609280K), 0.0027088 secs] [Times: user=0.01 sys=0.00, real=0.01 secs] 
1535.709: [GC (Allocation Failure) [PSYoungGen: 112992K->1408K(112128K)] 430684K->319100K(608256K), 0.0021034 secs] [Times: user=0.00 sys=0.01, real=0.00 secs] 
1537.273: [GC (Allocation Failure) [PSYoungGen: 112000K->1408K(111104K)] 429692K->319100K(607232K), 0.0027772 secs] [Times: user=0.00 sys=0.00, real=0.01 secs] 
1538.389: [GC (Allocation Failure) [PSYoungGen: 110976K->1376K(110080K)] 428668K->319068K(606208K), 0.0020322 secs] [Times: user=0.01 sys=0.00, real=0.00 secs] 
1540.876: [GC (Allocation Failure) [PSYoungGen: 109920K->1408K(109056K)] 427612K->319100K(605184K), 0.0047911 secs] [Times: user=0.02 sys=0.01, real=0.00 secs] 
1541.386: [GC (Allocation Failure) [PSYoungGen: 108928K->384K(107008K)] 426620K->319100K(603136K), 0.0018806 secs] [Times: user=0.01 sys=0.00, real=0.00 secs] 
1542.076: [GC (Allocation Failure) [PSYoungGen: 106880K->336K(107520K)] 425596K->319052K(603648K), 0.0019364 secs] [Times: user=0.00 sys=0.00, real=0.00 secs] 
1543.643: [GC (Allocation Failure) [PSYoungGen: 105808K->1376K(105984K)] 424524K->320092K(602112K), 0.0039158 secs] [Times: user=0.01 sys=0.00, real=0.01 secs] 
1544.800: [GC (Allocation Failure) [PSYoungGen: 105824K->1360K(104960K)] 424540K->320076K(601088K), 0.0027783 secs] [Times: user=0.01 sys=0.01, real=0.00 secs] 
1545.602: [GC (Allocation Failure) [PSYoungGen: 104784K->1392K(103936K)] 423500K->320108K(600064K), 0.0015573 secs] [Times: user=0.01 sys=0.00, real=0.00 secs] 
1546.728: [GC (Allocation Failure) [PSYoungGen: 103792K->1440K(102912K)] 422508K->320156K(599040K), 0.0021972 secs] [Times: user=0.01 sys=0.00, real=0.00 secs] 
1547.709: [GC (Allocation Failure) [PSYoungGen: 102816K->1408K(101888K)] 421532K->320124K(598016K), 0.0020626 secs] [Times: user=0.00 sys=0.00, real=0.00 secs] 
1548.923: [GC (Allocation Failure) [PSYoungGen: 101760K->1392K(101376K)] 420476K->320108K(597504K), 0.0017372 secs] [Times: user=0.00 sys=0.00, real=0.01 secs] 
1550.238: [GC (Allocation Failure) [PSYoungGen: 101232K->1376K(100864K)] 419948K->320092K(596992K), 0.0039162 secs] [Times: user=0.01 sys=0.00, real=0.00 secs] 
1551.169: [GC (Allocation Failure) [PSYoungGen: 100704K->1376K(100352K)] 419420K->320100K(596480K), 0.0023165 secs] [Times: user=0.00 sys=0.00, real=0.00 secs] 
1552.230: [GC (Allocation Failure) [PSYoungGen: 100192K->1405K(99840K)] 418916K->320129K(595968K), 0.0014012 secs] [Times: user=0.00 sys=0.00, real=0.00 secs] 
1553.226: [GC (Allocation Failure) [PSYoungGen: 99709K->1376K(99328K)] 418433K->320100K(595456K), 0.0021523 secs] [Times: user=0.00 sys=0.00, real=0.00 secs] 
1554.096: [GC (Allocation Failure) [PSYoungGen: 99168K->1376K(98816K)] 417892K->320100K(594944K), 0.0018304 secs] [Times: user=0.01 sys=0.00, real=0.00 secs] 
1555.241: [GC (Allocation Failure) [PSYoungGen: 98656K->1360K(98304K)] 417380K->320084K(594432K), 0.0015976 secs] [Times: user=0.01 sys=0.00, real=0.00 secs] 
1558.808: [GC (Allocation Failure) [PSYoungGen: 98128K->1440K(97792K)] 416852K->320164K(593920K), 0.0027768 secs] [Times: user=0.01 sys=0.00, real=0.00 secs] 
1559.607: [GC (Allocation Failure) [PSYoungGen: 97696K->1408K(97280K)] 416420K->320132K(593408K), 0.0022694 secs] [Times: user=0.01 sys=0.00, real=0.00 secs] 
1560.503: [GC (Allocation Failure) [PSYoungGen: 97152K->1408K(96768K)] 415876K->320140K(592896K), 0.0020649 secs] [Times: user=0.01 sys=0.00, real=0.01 secs] 
1561.834: [GC (Allocation Failure) [PSYoungGen: 96640K->1472K(96256K)] 415372K->320204K(592384K), 0.0032455 secs] [Times: user=0.01 sys=0.01, real=0.01 secs] 
1562.562: [GC (Allocation Failure) [PSYoungGen: 96192K->1376K(95744K)] 414924K->320108K(591872K), 0.0023434 secs] [Times: user=0.01 sys=0.00, real=0.01 secs] 
1563.425: [GC (Allocation Failure) [PSYoungGen: 95584K->1392K(95232K)] 414316K->320124K(591360K), 0.0027145 secs] [Times: user=0.01 sys=0.00, real=0.00 secs] 
1564.528: [GC (Allocation Failure) [PSYoungGen: 95088K->1376K(94720K)] 413820K->320108K(590848K), 0.0025132 secs] [Times: user=0.01 sys=0.01, real=0.00 secs] 
1565.228: [GC (Allocation Failure) [PSYoungGen: 94560K->1312K(94208K)] 413292K->320044K(590336K), 0.0024243 secs] [Times: user=0.01 sys=0.00, real=0.00 secs] 
1565.982: [GC (Allocation Failure) [PSYoungGen: 93984K->1408K(93696K)] 412716K->320140K(589824K), 0.0020233 secs] [Times: user=0.01 sys=0.00, real=0.00 secs] 
1567.164: [GC (Allocation Failure) [PSYoungGen: 93568K->1408K(93184K)] 412300K->320140K(589312K), 0.0020542 secs] [Times: user=0.01 sys=0.00, real=0.00 secs] 
1567.599: [GC (Allocation Failure) [PSYoungGen: 93056K->1376K(92672K)] 411788K->320108K(588800K), 0.0019415 secs] [Times: user=0.01 sys=0.00, real=0.00 secs] 
1567.977: [GC (Allocation Failure) [PSYoungGen: 92512K->1344K(92160K)] 411244K->320084K(588288K), 0.0018788 secs] [Times: user=0.01 sys=0.00, real=0.00 secs] 
1568.806: [GC (Allocation Failure) [PSYoungGen: 91229K->1424K(91648K)] 409969K->321188K(587776K), 0.0017316 secs] [Times: user=0.01 sys=0.00, real=0.00 secs] 
1569.217: [GC (Allocation Failure) [PSYoungGen: 91536K->1376K(91136K)] 411300K->321140K(587264K), 0.0015959 secs] [Times: user=0.00 sys=0.00, real=0.00 secs] 
1569.609: [GC (Allocation Failure) [PSYoungGen: 90976K->1376K(90624K)] 410740K->321140K(586752K), 0.0017831 secs] [Times: user=0.00 sys=0.00, real=0.00 secs] 
1570.025: [GC (Allocation Failure) [PSYoungGen: 90464K->1376K(95744K)] 410228K->321140K(591872K), 0.0021962 secs] [Times: user=0.01 sys=0.00, real=0.00 secs] 
1571.531: [GC (Allocation Failure) [PSYoungGen: 95584K->384K(94208K)] 415348K->321172K(590336K), 0.0023159 secs] [Times: user=0.00 sys=0.00, real=0.00 secs] 
1572.301: [GC (Allocation Failure) [PSYoungGen: 94080K->352K(95232K)] 414868K->321140K(591360K), 0.0018916 secs] [Times: user=0.01 sys=0.00, real=0.00 secs] 
1573.059: [GC (Allocation Failure) [PSYoungGen: 93536K->288K(93184K)] 414324K->321076K(589312K), 0.0023085 secs] [Times: user=0.00 sys=0.00, real=0.00 secs] 
1574.899: [GC (Allocation Failure) [PSYoungGen: 92960K->1376K(94208K)] 413748K->322172K(590336K), 0.0024419 secs] [Times: user=0.01 sys=0.00, real=0.00 secs] 
1575.715: [GC (Allocation Failure) [PSYoungGen: 93536K->1408K(93184K)] 414332K->322204K(589312K), 0.0021260 secs] [Times: user=0.01 sys=0.00, real=0.00 secs] 
1576.392: [GC (Allocation Failure) [PSYoungGen: 93056K->1328K(92672K)] 413852K->322124K(588800K), 0.0022906 secs] [Times: user=0.01 sys=0.00, real=0.01 secs] 
1577.486: [GC (Allocation Failure) [PSYoungGen: 92464K->1376K(92160K)] 413260K->322172K(588288K), 0.0021226 secs] [Times: user=0.00 sys=0.00, real=0.00 secs] 
1578.013: [GC (Allocation Failure) [PSYoungGen: 92000K->1376K(91648K)] 412796K->322172K(587776K), 0.0021287 secs] [Times: user=0.01 sys=0.00, real=0.01 secs] 
1578.387: [GC (Allocation Failure) [PSYoungGen: 91488K->1408K(91136K)] 412284K->322212K(587264K), 0.0020035 secs] [Times: user=0.01 sys=0.00, real=0.00 secs] 
1579.210: [GC (Allocation Failure) [PSYoungGen: 91008K->1536K(91136K)] 411812K->322348K(587264K), 0.0017940 secs] [Times: user=0.00 sys=0.00, real=0.00 secs] 
1579.575: [GC (Allocation Failure) [PSYoungGen: 90624K->352K(89088K)] 411436K->322188K(585216K), 0.0014833 secs] [Times: user=0.01 sys=0.00, real=0.00 secs] 
1579.956: [GC (Allocation Failure) [PSYoungGen: 88928K->320K(94720K)] 410764K->322164K(590848K), 0.0024713 secs] [Times: user=0.01 sys=0.00, real=0.00 secs] 
1580.356: [GC (Allocation Failure) [PSYoungGen: 94528K->352K(100864K)] 416372K->322204K(596992K), 0.0030061 secs] [Times: user=0.01 sys=0.00, real=0.00 secs] 
1583.217: [GC (Allocation Failure) [PSYoungGen: 100704K->1392K(102400K)] 422556K->323244K(598528K), 0.0025450 secs] [Times: user=0.01 sys=0.00, real=0.00 secs] 
1584.470: [GC (Allocation Failure) [PSYoungGen: 101232K->1376K(100864K)] 423084K->323228K(596992K), 0.0024345 secs] [Times: user=0.00 sys=0.00, real=0.00 secs] 
1585.910: [GC (Allocation Failure) [PSYoungGen: 100704K->1344K(100352K)] 422556K->323196K(596480K), 0.0031314 secs] [Times: user=0.01 sys=0.00, real=0.00 secs] 
1587.621: [GC (Allocation Failure) [PSYoungGen: 100160K->1440K(99840K)] 422012K->323300K(595968K), 0.0022653 secs] [Times: user=0.01 sys=0.00, real=0.00 secs] 
1588.519: [GC (Allocation Failure) [PSYoungGen: 99744K->1408K(99328K)] 421604K->323268K(595456K), 0.0023397 secs] [Times: user=0.01 sys=0.00, real=0.00 secs] 
1589.382: [GC (Allocation Failure) [PSYoungGen: 99200K->1344K(98816K)] 421060K->323204K(594944K), 0.0025288 secs] [Times: user=0.01 sys=0.00, real=0.01 secs] 
1590.698: [GC (Allocation Failure) [PSYoungGen: 98624K->1408K(98304K)] 420484K->323268K(594432K), 0.0028766 secs] [Times: user=0.01 sys=0.00, real=0.00 secs] 
1591.607: [GC (Allocation Failure) [PSYoungGen: 98176K->1360K(97792K)] 420036K->323220K(593920K), 0.0029490 secs] [Times: user=0.01 sys=0.00, real=0.00 secs] 
1592.141: [GC (Allocation Failure) [PSYoungGen: 97616K->1392K(97280K)] 419476K->323252K(593408K), 0.0019973 secs] [Times: user=0.01 sys=0.00, real=0.00 secs] 
1592.981: [GC (Allocation Failure) [PSYoungGen: 97136K->1456K(96768K)] 418996K->323316K(592896K), 0.0015628 secs] [Times: user=0.01 sys=0.00, real=0.00 secs] 
1593.375: [GC (Allocation Failure) [PSYoungGen: 96688K->1376K(96256K)] 418548K->323236K(592384K), 0.0015805 secs] [Times: user=0.01 sys=0.00, real=0.00 secs] 
1593.770: [GC (Allocation Failure) [PSYoungGen: 96096K->1360K(95744K)] 417956K->323220K(591872K), 0.0023826 secs] [Times: user=0.01 sys=0.00, real=0.00 secs] 
1596.185: [GC (Allocation Failure) [PSYoungGen: 95568K->1408K(95232K)] 417428K->323268K(591360K), 0.0041039 secs] [Times: user=0.01 sys=0.00, real=0.00 secs] 
1597.241: [GC (Allocation Failure) [PSYoungGen: 95104K->1312K(94720K)] 416964K->323172K(590848K), 0.0021605 secs] [Times: user=0.01 sys=0.00, real=0.00 secs] 
1598.026: [GC (Allocation Failure) [PSYoungGen: 94496K->1376K(94208K)] 416356K->323236K(590336K), 0.0023906 secs] [Times: user=0.00 sys=0.00, real=0.00 secs] 
1599.243: [GC (Allocation Failure) [PSYoungGen: 94048K->1408K(93696K)] 415908K->323276K(589824K), 0.0017426 secs] [Times: user=0.01 sys=0.00, real=0.01 secs] 
1599.658: [GC (Allocation Failure) [PSYoungGen: 93568K->1344K(93184K)] 415436K->323212K(589312K), 0.0019975 secs] [Times: user=0.00 sys=0.00, real=0.00 secs] 
1600.307: [GC (Allocation Failure) [PSYoungGen: 92992K->1376K(92672K)] 414860K->323244K(588800K), 0.0018984 secs] [Times: user=0.00 sys=0.00, real=0.00 secs] 
1601.520: [GC (Allocation Failure) [PSYoungGen: 92512K->1568K(92672K)] 414380K->323436K(588800K), 0.0019260 secs] [Times: user=0.00 sys=0.00, real=0.00 secs] 
1602.315: [GC (Allocation Failure) [PSYoungGen: 92192K->384K(90624K)] 414060K->323276K(586752K), 0.0019452 secs] [Times: user=0.01 sys=0.00, real=0.00 secs] 
1603.092: [GC (Allocation Failure) [PSYoungGen: 90496K->320K(91648K)] 413388K->323212K(587776K), 0.0018876 secs] [Times: user=0.00 sys=0.00, real=0.00 secs] 
1603.992: [GC (Allocation Failure) [PSYoungGen: 89920K->320K(89600K)] 412812K->323212K(585728K), 0.0032314 secs] [Times: user=0.02 sys=0.00, real=0.01 secs] 
1605.406: [GC (Allocation Failure) [PSYoungGen: 89408K->1408K(91136K)] 412300K->324300K(587264K), 0.0019612 secs] [Times: user=0.00 sys=0.00, real=0.00 secs] 
1606.142: [GC (Allocation Failure) [PSYoungGen: 89984K->1376K(89600K)] 412876K->324276K(585728K), 0.0020514 secs] [Times: user=0.01 sys=0.00, real=0.00 secs] 
1606.611: [GC (Allocation Failure) [PSYoungGen: 89440K->1392K(89088K)] 412340K->324292K(585216K), 0.0021085 secs] [Times: user=0.01 sys=0.01, real=0.00 secs] 
1607.455: [GC (Allocation Failure) [PSYoungGen: 88944K->1408K(88576K)] 411844K->324308K(584704K), 0.0019457 secs] [Times: user=0.01 sys=0.00, real=0.00 secs] 
1607.876: [GC (Allocation Failure) [PSYoungGen: 88448K->1344K(88064K)] 411348K->324244K(584192K), 0.0020073 secs] [Times: user=0.01 sys=0.00, real=0.00 secs] 
1608.237: [GC (Allocation Failure) [PSYoungGen: 87872K->1376K(87552K)] 410772K->324276K(583680K), 0.0019806 secs] [Times: user=0.01 sys=0.00, real=0.00 secs] 
1608.777: [GC (Allocation Failure) [PSYoungGen: 87392K->1392K(87040K)] 410292K->324292K(583168K), 0.0015337 secs] [Times: user=0.01 sys=0.00, real=0.00 secs] 
1609.402: [GC (Allocation Failure) [PSYoungGen: 86896K->1376K(86528K)] 409796K->324276K(582656K), 0.0014225 secs] [Times: user=0.01 sys=0.00, real=0.00 secs] 
1609.924: [GC (Allocation Failure) [PSYoungGen: 86368K->1376K(86016K)] 409268K->324276K(582144K), 0.0020870 secs] [Times: user=0.01 sys=0.00, real=0.01 secs] 
1610.715: [GC (Allocation Failure) [PSYoungGen: 85856K->1328K(85504K)] 408756K->324228K(581632K), 0.0022881 secs] [Times: user=0.01 sys=0.01, real=0.00 secs] 
1611.785: [GC (Allocation Failure) [PSYoungGen: 85296K->1408K(84992K)] 408196K->324308K(581120K), 0.0023295 secs] [Times: user=0.01 sys=0.00, real=0.00 secs] 
1612.206: [GC (Allocation Failure) [PSYoungGen: 84864K->1344K(84480K)] 407764K->324252K(580608K), 0.0019229 secs] [Times: user=0.01 sys=0.00, real=0.00 secs] 
1612.904: [GC (Allocation Failure) [PSYoungGen: 84288K->1408K(83968K)] 407196K->324324K(580096K), 0.0025039 secs] [Times: user=0.01 sys=0.00, real=0.01 secs] 
1613.611: [GC (Allocation Failure) [PSYoungGen: 83840K->1408K(83456K)] 406756K->324324K(579584K), 0.0025547 secs] [Times: user=0.01 sys=0.00, real=0.00 secs] 
1614.641: [GC (Allocation Failure) [PSYoungGen: 83328K->1440K(82944K)] 406244K->324356K(579072K), 0.0016486 secs] [Times: user=0.01 sys=0.00, real=0.00 secs] 
1614.979: [GC (Allocation Failure) [PSYoungGen: 82848K->1360K(82432K)] 405764K->324276K(578560K), 0.0021193 secs] [Times: user=0.01 sys=0.00, real=0.00 secs] 
1615.317: [GC (Allocation Failure) [PSYoungGen: 82256K->1376K(87552K)] 405172K->324292K(583680K), 0.0020814 secs] [Times: user=0.01 sys=0.00, real=0.00 secs] 
1616.231: [GC (Allocation Failure) [PSYoungGen: 87392K->1408K(87040K)] 410308K->325348K(583168K), 0.0017554 secs] [Times: user=0.01 sys=0.00, real=0.00 secs] 
1617.214: [GC (Allocation Failure) [PSYoungGen: 86912K->384K(85504K)] 410852K->324324K(581632K), 0.0030508 secs] [Times: user=0.00 sys=0.00, real=0.01 secs] 
1618.200: [GC (Allocation Failure) [PSYoungGen: 85376K->288K(84992K)] 409316K->324228K(581120K), 0.0031165 secs] [Times: user=0.00 sys=0.01, real=0.00 secs] 
1619.032: [GC (Allocation Failure) [PSYoungGen: 84768K->352K(86016K)] 408708K->324292K(582144K), 0.0023512 secs] [Times: user=0.01 sys=0.00, real=0.01 secs] 
1621.670: [GC (Allocation Failure) [PSYoungGen: 84320K->1408K(84992K)] 408260K->325348K(581120K), 0.0041845 secs] [Times: user=0.01 sys=0.00, real=0.01 secs] 
1623.021: [GC (Allocation Failure) [PSYoungGen: 84864K->1408K(84480K)] 408804K->325348K(580608K), 0.0028249 secs] [Times: user=0.01 sys=0.00, real=0.01 secs] 
1623.803: [GC (Allocation Failure) [PSYoungGen: 84352K->1408K(83968K)] 408292K->325348K(580096K), 0.0024528 secs] [Times: user=0.01 sys=0.00, real=0.01 secs] 
1624.830: [GC (Allocation Failure) [PSYoungGen: 83840K->128K(82432K)] 407780K->324068K(578560K), 0.0016316 secs] [Times: user=0.00 sys=0.00, real=0.00 secs] 
1625.806: [GC (Allocation Failure) [PSYoungGen: 82048K->1376K(82944K)] 405988K->325316K(579072K), 0.0020685 secs] [Times: user=0.01 sys=0.00, real=0.00 secs] 
1626.281: [GC (Allocation Failure) [PSYoungGen: 82784K->1424K(82432K)] 406724K->325372K(578560K), 0.0022507 secs] [Times: user=0.01 sys=0.01, real=0.00 secs] 
1626.889: [GC (Allocation Failure) [PSYoungGen: 82320K->1408K(81920K)] 406268K->325356K(578048K), 0.0021925 secs] [Times: user=0.00 sys=0.00, real=0.00 secs] 
1627.939: [GC (Allocation Failure) [PSYoungGen: 81792K->1440K(81408K)] 405740K->325388K(577536K), 0.0017749 secs] [Times: user=0.00 sys=0.01, real=0.00 secs] 
1628.297: [GC (Allocation Failure) [PSYoungGen: 81312K->1328K(80896K)] 405260K->325276K(577024K), 0.0019559 secs] [Times: user=0.00 sys=0.00, real=0.00 secs] 
1628.796: [GC (Allocation Failure) [PSYoungGen: 80688K->1376K(80384K)] 404636K->325324K(576512K), 0.0020041 secs] [Times: user=0.00 sys=0.00, real=0.00 secs] 
1629.471: [GC (Allocation Failure) [PSYoungGen: 80224K->1376K(79872K)] 404172K->325324K(576000K), 0.0020904 secs] [Times: user=0.00 sys=0.00, real=0.00 secs] 
1630.498: [GC (Allocation Failure) [PSYoungGen: 79712K->1408K(79360K)] 403660K->325364K(575488K), 0.0020723 secs] [Times: user=0.01 sys=0.00, real=0.00 secs] 
1630.893: [GC (Allocation Failure) [PSYoungGen: 79232K->1376K(78848K)] 403188K->325332K(574976K), 0.0018650 secs] [Times: user=0.00 sys=0.00, real=0.01 secs] 
1631.280: [GC (Allocation Failure) [PSYoungGen: 78688K->1376K(78336K)] 402644K->325332K(574464K), 0.0026118 secs] [Times: user=0.01 sys=0.00, real=0.00 secs] 
1631.735: [GC (Allocation Failure) [PSYoungGen: 78176K->1376K(77824K)] 402132K->325332K(573952K), 0.0018268 secs] [Times: user=0.00 sys=0.00, real=0.00 secs] 
1633.009: [GC (Allocation Failure) [PSYoungGen: 77664K->1376K(77312K)] 401620K->325332K(573440K), 0.0019069 secs] [Times: user=0.01 sys=0.00, real=0.00 secs] 
1633.522: [GC (Allocation Failure) [PSYoungGen: 77152K->1408K(76800K)] 401108K->325372K(572928K), 0.0017894 secs] [Times: user=0.01 sys=0.00, real=0.00 secs] 
1633.955: [GC (Allocation Failure) [PSYoungGen: 76672K->1376K(76288K)] 400636K->325340K(572416K), 0.0021155 secs] [Times: user=0.01 sys=0.00, real=0.00 secs] 
1634.833: [GC (Allocation Failure) [PSYoungGen: 76128K->1376K(83456K)] 400092K->325340K(579584K), 0.0204478 secs] [Times: user=0.10 sys=0.00, real=0.02 secs] 
1636.540: [GC (Allocation Failure) [PSYoungGen: 83296K->1408K(90112K)] 407260K->325372K(586240K), 0.0030330 secs] [Times: user=0.01 sys=0.00, real=0.00 secs] 
1637.936: [GC (Allocation Failure) [PSYoungGen: 89984K->1376K(96768K)] 413948K->325340K(592896K), 0.0031596 secs] [Times: user=0.01 sys=0.00, real=0.00 secs] 
1638.896: [GC (Allocation Failure) [PSYoungGen: 96608K->1376K(103424K)] 420572K->325340K(599552K), 0.0025668 secs] [Times: user=0.00 sys=0.00, real=0.00 secs] 
1640.163: [GC (Allocation Failure) [PSYoungGen: 103264K->1376K(102400K)] 427228K->325340K(598528K), 0.0015784 secs] [Times: user=0.01 sys=0.00, real=0.01 secs] 
1640.581: [GC (Allocation Failure) [PSYoungGen: 102240K->1408K(101376K)] 426204K->325372K(597504K), 0.0018842 secs] [Times: user=0.01 sys=0.00, real=0.00 secs] 
1640.997: [GC (Allocation Failure) [PSYoungGen: 101248K->1376K(100864K)] 425212K->325340K(596992K), 0.0015974 secs] [Times: user=0.01 sys=0.00, real=0.00 secs] 
1643.035: [GC (Allocation Failure) [PSYoungGen: 100704K->1440K(100352K)] 424668K->325404K(596480K), 0.0026175 secs] [Times: user=0.01 sys=0.00, real=0.00 secs] 
1643.551: [GC (Allocation Failure) [PSYoungGen: 100256K->1440K(99840K)] 424220K->325404K(595968K), 0.0019921 secs] [Times: user=0.01 sys=0.00, real=0.00 secs] 
1644.217: [GC (Allocation Failure) [PSYoungGen: 99744K->1408K(99328K)] 423708K->325372K(595456K), 0.0019795 secs] [Times: user=0.00 sys=0.00, real=0.00 secs] 
1645.546: [GC (Allocation Failure) [PSYoungGen: 99200K->1392K(98816K)] 423164K->325364K(594944K), 0.0018564 secs] [Times: user=0.00 sys=0.00, real=0.00 secs] 
1646.052: [GC (Allocation Failure) [PSYoungGen: 98672K->1376K(98304K)] 422644K->325348K(594432K), 0.0021822 secs] [Times: user=0.00 sys=0.00, real=0.01 secs] 
1646.957: [GC (Allocation Failure) [PSYoungGen: 98144K->1408K(97792K)] 422116K->325388K(593920K), 0.0020042 secs] [Times: user=0.01 sys=0.00, real=0.00 secs] 
1649.013: [GC (Allocation Failure) [PSYoungGen: 97664K->1392K(97280K)] 421644K->325380K(593408K), 0.0034895 secs] [Times: user=0.01 sys=0.00, real=0.01 secs] 
1650.585: [GC (Allocation Failure) [PSYoungGen: 97136K->1408K(96768K)] 421124K->325396K(592896K), 0.0026852 secs] [Times: user=0.01 sys=0.00, real=0.00 secs] 
1651.710: [GC (Allocation Failure) [PSYoungGen: 96640K->1376K(96256K)] 420628K->325364K(592384K), 0.0024032 secs] [Times: user=0.01 sys=0.00, real=0.00 secs] 
1653.079: [GC (Allocation Failure) [PSYoungGen: 96096K->1440K(95744K)] 420084K->325428K(591872K), 0.0018055 secs] [Times: user=0.01 sys=0.00, real=0.00 secs] 
1654.255: [GC (Allocation Failure) [PSYoungGen: 95648K->1376K(95232K)] 419636K->325364K(591360K), 0.0021562 secs] [Times: user=0.01 sys=0.00, real=0.00 secs] 
1655.322: [GC (Allocation Failure) [PSYoungGen: 95072K->1408K(94720K)] 419060K->325396K(590848K), 0.0023165 secs] [Times: user=0.01 sys=0.00, real=0.00 secs] 
1656.749: [GC (Allocation Failure) [PSYoungGen: 94592K->1920K(94720K)] 418580K->325908K(590848K), 0.0018734 secs] [Times: user=0.01 sys=0.00, real=0.00 secs] 
1657.559: [GC (Allocation Failure) [PSYoungGen: 94592K->320K(92672K)] 418580K->325332K(588800K), 0.0021868 secs] [Times: user=0.01 sys=0.00, real=0.00 secs] 
1658.416: [GC (Allocation Failure) [PSYoungGen: 92480K->352K(93696K)] 417492K->325364K(589824K), 0.0019940 secs] [Times: user=0.00 sys=0.00, real=0.00 secs] 
1659.412: [GC (Allocation Failure) [PSYoungGen: 91989K->320K(91648K)] 417001K->325348K(587776K), 0.0026396 secs] [Times: user=0.01 sys=0.00, real=0.01 secs] 
1660.443: [GC (Allocation Failure) [PSYoungGen: 91456K->1408K(93184K)] 416484K->326436K(589312K), 0.0016782 secs] [Times: user=0.01 sys=0.00, real=0.01 secs] 
1660.819: [GC (Allocation Failure) [PSYoungGen: 92032K->1344K(91648K)] 417060K->326372K(587776K), 0.0018597 secs] [Times: user=0.00 sys=0.00, real=0.00 secs] 
1661.557: [GC (Allocation Failure) [PSYoungGen: 91456K->1408K(91136K)] 416484K->326444K(587264K), 0.0021617 secs] [Times: user=0.01 sys=0.00, real=0.00 secs] 
1662.641: [GC (Allocation Failure) [PSYoungGen: 91008K->1408K(90624K)] 416044K->326444K(586752K), 0.0017273 secs] [Times: user=0.01 sys=0.00, real=0.00 secs] 
1663.012: [GC (Allocation Failure) [PSYoungGen: 90496K->1408K(90112K)] 415532K->326444K(586240K), 0.0017704 secs] [Times: user=0.00 sys=0.00, real=0.00 secs] 
1663.631: [GC (Allocation Failure) [PSYoungGen: 89984K->1408K(89600K)] 415020K->326452K(585728K), 0.0020026 secs] [Times: user=0.01 sys=0.00, real=0.00 secs] 
1664.739: [GC (Allocation Failure) [PSYoungGen: 89472K->1408K(89088K)] 414516K->327476K(585216K), 0.0018602 secs] [Times: user=0.01 sys=0.00, real=0.00 secs] 
1665.454: [GC (Allocation Failure) [PSYoungGen: 88960K->320K(87552K)] 415028K->326388K(583680K), 0.0039481 secs] [Times: user=0.02 sys=0.00, real=0.01 secs] 
1666.192: [GC (Allocation Failure) [PSYoungGen: 87360K->320K(89088K)] 413428K->326396K(585216K), 0.0029203 secs] [Times: user=0.01 sys=0.00, real=0.01 secs] 
1666.854: [GC (Allocation Failure) [PSYoungGen: 86848K->336K(86528K)] 412924K->326412K(582656K), 0.0024305 secs] [Times: user=0.01 sys=0.00, real=0.00 secs] 
1667.718: [GC (Allocation Failure) [PSYoungGen: 86352K->1376K(88064K)] 412428K->327452K(584192K), 0.0016242 secs] [Times: user=0.00 sys=0.01, real=0.00 secs] 
1668.426: [GC (Allocation Failure) [PSYoungGen: 86880K->1408K(86528K)] 412956K->327484K(582656K), 0.0028178 secs] [Times: user=0.01 sys=0.00, real=0.00 secs] 
1669.284: [GC (Allocation Failure) [PSYoungGen: 86400K->1376K(86016K)] 412476K->327452K(582144K), 0.0034056 secs] [Times: user=0.01 sys=0.00, real=0.00 secs] 
1670.553: [GC (Allocation Failure) [PSYoungGen: 85856K->2400K(86528K)] 411932K->328476K(582656K), 0.0018304 secs] [Times: user=0.01 sys=0.00, real=0.01 secs] 
1670.929: [GC (Allocation Failure) [PSYoungGen: 86368K->1376K(84992K)] 412444K->327452K(581120K), 0.0019522 secs] [Times: user=0.01 sys=0.00, real=0.00 secs] 
1671.317: [GC (Allocation Failure) [PSYoungGen: 84832K->1424K(84480K)] 410908K->327500K(580608K), 0.0017492 secs] [Times: user=0.01 sys=0.00, real=0.00 secs] 
1671.701: [GC (Allocation Failure) [PSYoungGen: 84368K->1376K(83968K)] 410444K->327452K(580096K), 0.0020371 secs] [Times: user=0.01 sys=0.00, real=0.00 secs] 
1672.840: [GC (Allocation Failure) [PSYoungGen: 83808K->1440K(83456K)] 409884K->327516K(579584K), 0.0019939 secs] [Times: user=0.00 sys=0.00, real=0.00 secs] 
1673.638: [GC (Allocation Failure) [PSYoungGen: 83360K->1344K(82944K)] 409436K->327428K(579072K), 0.0035570 secs] [Times: user=0.01 sys=0.00, real=0.00 secs] 
1674.109: [GC (Allocation Failure) [PSYoungGen: 82752K->1376K(82432K)] 408836K->327460K(578560K), 0.0021325 secs] [Times: user=0.00 sys=0.00, real=0.00 secs] 
1675.094: [GC (Allocation Failure) [PSYoungGen: 82272K->1392K(81920K)] 408356K->327476K(578048K), 0.0016747 secs] [Times: user=0.00 sys=0.00, real=0.01 secs] 
1675.933: [GC (Allocation Failure) [PSYoungGen: 81776K->1408K(81408K)] 407860K->327508K(577536K), 0.0027623 secs] [Times: user=0.01 sys=0.00, real=0.01 secs] 
1676.494: [GC (Allocation Failure) [PSYoungGen: 81280K->1408K(80896K)] 407380K->327508K(577024K), 0.0023891 secs] [Times: user=0.00 sys=0.00, real=0.01 secs] 
1677.397: [GC (Allocation Failure) [PSYoungGen: 80768K->1392K(80384K)] 406868K->327492K(576512K), 0.0040985 secs] [Times: user=0.01 sys=0.00, real=0.00 secs] 
1679.204: [GC (Allocation Failure) [PSYoungGen: 80240K->1440K(79872K)] 406340K->328564K(576000K), 0.0035952 secs] [Times: user=0.02 sys=0.00, real=0.01 secs] 
1680.658: [GC (Allocation Failure) [PSYoungGen: 79776K->336K(78336K)] 406900K->327460K(574464K), 0.0026703 secs] [Times: user=0.01 sys=0.00, real=0.00 secs] 
1682.079: [GC (Allocation Failure) [PSYoungGen: 78160K->384K(77824K)] 405284K->327508K(573952K), 0.0031884 secs] [Times: user=0.01 sys=0.00, real=0.00 secs] 
1683.197: [GC (Allocation Failure) [PSYoungGen: 77696K->368K(77312K)] 404820K->327492K(573440K), 0.0047476 secs] [Times: user=0.01 sys=0.00, real=0.00 secs] 
1684.538: [GC (Allocation Failure) [PSYoungGen: 77168K->1408K(78848K)] 404292K->328532K(574976K), 0.0019392 secs] [Times: user=0.01 sys=0.00, real=0.00 secs] 
1684.887: [GC (Allocation Failure) [PSYoungGen: 77696K->1408K(77312K)] 404820K->328532K(573440K), 0.0021830 secs] [Times: user=0.00 sys=0.00, real=0.00 secs] 
1685.450: [GC (Allocation Failure) [PSYoungGen: 77184K->1376K(76800K)] 404308K->328500K(572928K), 0.0020125 secs] [Times: user=0.00 sys=0.00, real=0.00 secs] 
1686.384: [GC (Allocation Failure) [PSYoungGen: 76640K->1328K(76288K)] 403764K->328452K(572416K), 0.0024891 secs] [Times: user=0.01 sys=0.00, real=0.01 secs] 
1687.410: [GC (Allocation Failure) [PSYoungGen: 76080K->1408K(75776K)] 403204K->328548K(571904K), 0.0018977 secs] [Times: user=0.00 sys=0.00, real=0.00 secs] 
1687.719: [GC (Allocation Failure) [PSYoungGen: 75648K->1376K(75264K)] 402788K->328516K(571392K), 0.0018434 secs] [Times: user=0.01 sys=0.01, real=0.00 secs] 
1688.169: [GC (Allocation Failure) [PSYoungGen: 75104K->1344K(74752K)] 402244K->328484K(570880K), 0.0018851 secs] [Times: user=0.01 sys=0.00, real=0.00 secs] 
1688.846: [GC (Allocation Failure) [PSYoungGen: 74560K->1344K(74240K)] 401700K->328484K(570368K), 0.0021663 secs] [Times: user=0.01 sys=0.00, real=0.00 secs] 
1690.857: [GC (Allocation Failure) [PSYoungGen: 74048K->1344K(73728K)] 401188K->328484K(569856K), 0.0048684 secs] [Times: user=0.01 sys=0.00, real=0.00 secs] 
1691.996: [GC (Allocation Failure) [PSYoungGen: 73536K->1360K(73216K)] 400676K->328500K(569344K), 0.0031922 secs] [Times: user=0.02 sys=0.00, real=0.00 secs] 
1692.652: [GC (Allocation Failure) [PSYoungGen: 73040K->1344K(72704K)] 400180K->328484K(568832K), 0.0026837 secs] [Times: user=0.01 sys=0.01, real=0.01 secs] 
1692.958: [GC (Allocation Failure) [PSYoungGen: 72512K->1360K(72192K)] 399652K->328500K(568320K), 0.0018405 secs] [Times: user=0.01 sys=0.00, real=0.00 secs] 
1693.888: [GC (Allocation Failure) [PSYoungGen: 72016K->1408K(71680K)] 399156K->329572K(567808K), 0.0019368 secs] [Times: user=0.01 sys=0.00, real=0.00 secs] 
1694.530: [GC (Allocation Failure) [PSYoungGen: 71552K->320K(70144K)] 399716K->328500K(566272K), 0.0018428 secs] [Times: user=0.01 sys=0.00, real=0.00 secs] 
1695.087: [GC (Allocation Failure) [PSYoungGen: 69952K->288K(71168K)] 398132K->328468K(567296K), 0.0019365 secs] [Times: user=0.01 sys=0.00, real=0.00 secs] 
1695.393: [GC (Allocation Failure) [PSYoungGen: 69408K->384K(69120K)] 397588K->328564K(565248K), 0.0020321 secs] [Times: user=0.01 sys=0.00, real=0.01 secs] 
1695.993: [GC (Allocation Failure) [PSYoungGen: 68992K->1373K(71168K)] 397172K->329553K(567296K), 0.0015518 secs] [Times: user=0.00 sys=0.00, real=0.01 secs] 
1696.501: [GC (Allocation Failure) [PSYoungGen: 69981K->1408K(70144K)] 398161K->329588K(566272K), 0.0017478 secs] [Times: user=0.01 sys=0.00, real=0.00 secs] 
1696.786: [GC (Allocation Failure) [PSYoungGen: 70016K->1360K(70144K)] 398196K->329540K(566272K), 0.0017698 secs] [Times: user=0.01 sys=0.00, real=0.00 secs] 
1697.071: [GC (Allocation Failure) [PSYoungGen: 69968K->1408K(74752K)] 398148K->329596K(570880K), 0.0018167 secs] [Times: user=0.01 sys=0.00, real=0.00 secs] 
1697.376: [GC (Allocation Failure) [PSYoungGen: 74624K->1344K(79872K)] 402812K->329540K(576000K), 0.0018201 secs] [Times: user=0.01 sys=0.00, real=0.00 secs] 
1698.580: [GC (Allocation Failure) [PSYoungGen: 79680K->1440K(79360K)] 407876K->329636K(575488K), 0.0017033 secs] [Times: user=0.01 sys=0.00, real=0.00 secs] 
1698.903: [GC (Allocation Failure) [PSYoungGen: 79264K->1376K(78848K)] 407460K->329580K(574976K), 0.0015579 secs] [Times: user=0.01 sys=0.00, real=0.00 secs] 
1699.254: [GC (Allocation Failure) [PSYoungGen: 78688K->1376K(78336K)] 406892K->329588K(574464K), 0.0018121 secs] [Times: user=0.00 sys=0.00, real=0.00 secs] 
1699.826: [GC (Allocation Failure) [PSYoungGen: 78166K->272K(76800K)] 406378K->328484K(572928K), 0.0018069 secs] [Times: user=0.01 sys=0.00, real=0.00 secs] 
1701.631: [GC (Allocation Failure) [PSYoungGen: 76560K->1408K(77312K)] 404772K->329636K(573440K), 0.0020797 secs] [Times: user=0.01 sys=0.00, real=0.00 secs] 
1702.493: [GC (Allocation Failure) [PSYoungGen: 77184K->1376K(76800K)] 405412K->329604K(572928K), 0.0023782 secs] [Times: user=0.01 sys=0.01, real=0.01 secs] 
1702.866: [GC (Allocation Failure) [PSYoungGen: 76640K->1376K(76288K)] 404868K->329604K(572416K), 0.0021537 secs] [Times: user=0.01 sys=0.00, real=0.00 secs] 
1703.253: [GC (Allocation Failure) [PSYoungGen: 76128K->1360K(75776K)] 404356K->329588K(571904K), 0.0014729 secs] [Times: user=0.01 sys=0.00, real=0.01 secs] 
1704.407: [GC (Allocation Failure) [PSYoungGen: 75600K->1392K(75264K)] 403828K->329620K(571392K), 0.0021281 secs] [Times: user=0.01 sys=0.00, real=0.00 secs] 
1704.874: [GC (Allocation Failure) [PSYoungGen: 75120K->1392K(74752K)] 403348K->329620K(570880K), 0.0021172 secs] [Times: user=0.00 sys=0.00, real=0.01 secs] 
1705.243: [GC (Allocation Failure) [PSYoungGen: 74608K->1408K(74240K)] 402836K->329636K(570368K), 0.0018930 secs] [Times: user=0.01 sys=0.00, real=0.01 secs] 
1705.588: [GC (Allocation Failure) [PSYoungGen: 74112K->1376K(73728K)] 402340K->329604K(569856K), 0.0021086 secs] [Times: user=0.01 sys=0.00, real=0.00 secs] 
1706.998: [GC (Allocation Failure) [PSYoungGen: 73568K->1408K(73216K)] 401796K->329636K(569344K), 0.0027332 secs] [Times: user=0.01 sys=0.00, real=0.00 secs] 
1707.900: [GC (Allocation Failure) [PSYoungGen: 73088K->1360K(72704K)] 401316K->329588K(568832K), 0.0047445 secs] [Times: user=0.02 sys=0.00, real=0.01 secs] 
1708.600: [GC (Allocation Failure) [PSYoungGen: 72528K->1408K(72192K)] 400756K->329636K(568320K), 0.0026171 secs] [Times: user=0.01 sys=0.00, real=0.00 secs] 
1709.288: [GC (Allocation Failure) [PSYoungGen: 72064K->1344K(76800K)] 400292K->329572K(572928K), 0.0049223 secs] [Times: user=0.02 sys=0.00, real=0.00 secs] 
1711.794: [GC (Allocation Failure) [PSYoungGen: 76608K->1376K(76288K)] 404836K->329604K(572416K), 0.0040028 secs] [Times: user=0.02 sys=0.00, real=0.01 secs] 
1712.712: [GC (Allocation Failure) [PSYoungGen: 76128K->1344K(75776K)] 404356K->329572K(571904K), 0.0028478 secs] [Times: user=0.01 sys=0.00, real=0.01 secs] 
1713.522: [GC (Allocation Failure) [PSYoungGen: 75584K->1344K(75264K)] 403812K->329572K(571392K), 0.0025552 secs] [Times: user=0.01 sys=0.00, real=0.01 secs] 
1714.207: [GC (Allocation Failure) [PSYoungGen: 75072K->1376K(74752K)] 403300K->329604K(570880K), 0.0035353 secs] [Times: user=0.02 sys=0.00, real=0.00 secs] 
1716.063: [GC (Allocation Failure) [PSYoungGen: 74592K->1376K(74240K)] 402820K->329612K(570368K), 0.0038052 secs] [Times: user=0.01 sys=0.00, real=0.01 secs] 
1716.763: [GC (Allocation Failure) [PSYoungGen: 74080K->1344K(73728K)] 402316K->329580K(569856K), 0.0024741 secs] [Times: user=0.01 sys=0.00, real=0.01 secs] 
1717.489: [GC (Allocation Failure) [PSYoungGen: 73536K->1392K(73216K)] 401772K->329628K(569344K), 0.0025469 secs] [Times: user=0.01 sys=0.00, real=0.00 secs] 
1718.127: [GC (Allocation Failure) [PSYoungGen: 73072K->1376K(72704K)] 401308K->329612K(568832K), 0.0034642 secs] [Times: user=0.01 sys=0.00, real=0.00 secs] 
1719.335: [GC (Allocation Failure) [PSYoungGen: 72544K->1440K(72192K)] 400780K->329676K(568320K), 0.0019647 secs] [Times: user=0.01 sys=0.00, real=0.00 secs] 
1719.987: [GC (Allocation Failure) [PSYoungGen: 72096K->1376K(71680K)] 400332K->329612K(567808K), 0.0020285 secs] [Times: user=0.01 sys=0.00, real=0.00 secs] 
1721.045: [GC (Allocation Failure) [PSYoungGen: 71520K->1376K(71168K)] 399756K->329612K(567296K), 0.0027543 secs] [Times: user=0.01 sys=0.00, real=0.00 secs] 
1722.005: [GC (Allocation Failure) [PSYoungGen: 71008K->1360K(70656K)] 399244K->329604K(566784K), 0.0035958 secs] [Times: user=0.01 sys=0.00, real=0.00 secs] 
1723.354: [GC (Allocation Failure) [PSYoungGen: 70480K->928K(69632K)] 398724K->330196K(565760K), 0.0017604 secs] [Times: user=0.00 sys=0.00, real=0.01 secs] 
1723.643: [GC (Allocation Failure) [PSYoungGen: 69536K->352K(69120K)] 398804K->329620K(565248K), 0.0018761 secs] [Times: user=0.01 sys=0.00, real=0.01 secs] 
1723.928: [GC (Allocation Failure) [PSYoungGen: 68960K->320K(69120K)] 398228K->329588K(565248K), 0.0018635 secs] [Times: user=0.01 sys=0.00, real=0.00 secs] 
1724.359: [GC (Allocation Failure) [PSYoungGen: 68928K->320K(75264K)] 398196K->329588K(571392K), 0.0028056 secs] [Times: user=0.01 sys=0.00, real=0.00 secs] 
1725.072: [GC (Allocation Failure) [PSYoungGen: 73536K->1392K(74240K)] 402804K->330668K(570368K), 0.0016935 secs] [Times: user=0.00 sys=0.00, real=0.00 secs] 
1725.933: [GC (Allocation Failure) [PSYoungGen: 74096K->1376K(73728K)] 403372K->330652K(569856K), 0.0018590 secs] [Times: user=0.00 sys=0.00, real=0.01 secs] 
1726.233: [GC (Allocation Failure) [PSYoungGen: 73568K->1408K(78848K)] 402844K->330684K(574976K), 0.0022886 secs] [Times: user=0.01 sys=0.00, real=0.01 secs] 
1726.561: [GC (Allocation Failure) [PSYoungGen: 78720K->1328K(84480K)] 407996K->330604K(580608K), 0.0025889 secs] [Times: user=0.01 sys=0.00, real=0.00 secs] 
1727.206: [GC (Allocation Failure) [PSYoungGen: 84272K->1373K(90112K)] 413548K->330649K(586240K), 0.0015054 secs] [Times: user=0.01 sys=0.00, real=0.00 secs] 
1728.528: [GC (Allocation Failure) [PSYoungGen: 89949K->1376K(89600K)] 419225K->330652K(585728K), 0.0039592 secs] [Times: user=0.01 sys=0.00, real=0.00 secs] 
1729.476: [GC (Allocation Failure) [PSYoungGen: 89440K->1376K(89088K)] 418716K->330652K(585216K), 0.0027349 secs] [Times: user=0.02 sys=0.00, real=0.00 secs] 
1730.411: [GC (Allocation Failure) [PSYoungGen: 88928K->1376K(88576K)] 418204K->330652K(584704K), 0.0039087 secs] [Times: user=0.01 sys=0.00, real=0.01 secs] 
1731.785: [GC (Allocation Failure) [PSYoungGen: 88416K->1392K(88064K)] 417692K->330668K(584192K), 0.0018671 secs] [Times: user=0.01 sys=0.00, real=0.00 secs] 
1732.523: [GC (Allocation Failure) [PSYoungGen: 87920K->1344K(87552K)] 417196K->330620K(583680K), 0.0031066 secs] [Times: user=0.01 sys=0.00, real=0.01 secs] 
1733.163: [GC (Allocation Failure) [PSYoungGen: 87360K->1408K(87040K)] 416636K->330684K(583168K), 0.0019370 secs] [Times: user=0.00 sys=0.00, real=0.01 secs] 
1734.329: [GC (Allocation Failure) [PSYoungGen: 86912K->1936K(87040K)] 416188K->331220K(583168K), 0.0020115 secs] [Times: user=0.00 sys=0.01, real=0.00 secs] 
1735.093: [GC (Allocation Failure) [PSYoungGen: 86928K->352K(84992K)] 416212K->330660K(581120K), 0.0017853 secs] [Times: user=0.00 sys=0.00, real=0.01 secs] 
1735.492: [GC (Allocation Failure) [PSYoungGen: 84832K->320K(86528K)] 415140K->330628K(582656K), 0.0021043 secs] [Times: user=0.01 sys=0.00, real=0.00 secs] 
1735.922: [GC (Allocation Failure) [PSYoungGen: 84288K->352K(83968K)] 414596K->330660K(580096K), 0.0018760 secs] [Times: user=0.01 sys=0.00, real=0.00 secs] 
1737.478: [GC (Allocation Failure) [PSYoungGen: 83808K->1376K(85504K)] 414116K->331684K(581632K), 0.0038374 secs] [Times: user=0.02 sys=0.00, real=0.00 secs] 
1738.788: [GC (Allocation Failure) [PSYoungGen: 84320K->1376K(83968K)] 414628K->331684K(580096K), 0.0049394 secs] [Times: user=0.02 sys=0.00, real=0.00 secs] 
1739.822: [GC (Allocation Failure) [PSYoungGen: 83808K->1408K(83456K)] 414116K->331716K(579584K), 0.0028179 secs] [Times: user=0.01 sys=0.00, real=0.01 secs] 
1740.959: [GC (Allocation Failure) [PSYoungGen: 83328K->1360K(82944K)] 413636K->331668K(579072K), 0.0015680 secs] [Times: user=0.01 sys=0.00, real=0.00 secs] 
1741.864: [GC (Allocation Failure) [PSYoungGen: 82768K->1408K(82432K)] 413076K->331716K(578560K), 0.0020221 secs] [Times: user=0.01 sys=0.00, real=0.01 secs] 
1742.538: [GC (Allocation Failure) [PSYoungGen: 82304K->1344K(81920K)] 412612K->331652K(578048K), 0.0028607 secs] [Times: user=0.01 sys=0.00, real=0.00 secs] 
1742.974: [GC (Allocation Failure) [PSYoungGen: 81728K->1376K(81408K)] 412036K->331684K(577536K), 0.0021845 secs] [Times: user=0.00 sys=0.00, real=0.01 secs] 
1744.223: [GC (Allocation Failure) [PSYoungGen: 81248K->2432K(81920K)] 411556K->333764K(578048K), 0.0019148 secs] [Times: user=0.01 sys=0.00, real=0.01 secs] 
1745.286: [GC (Allocation Failure) [PSYoungGen: 81792K->1344K(80384K)] 413124K->332676K(576512K), 0.0032584 secs] [Times: user=0.01 sys=0.00, real=0.00 secs] 
1746.167: [GC (Allocation Failure) [PSYoungGen: 80192K->1344K(79872K)] 411524K->332692K(576000K), 0.0025135 secs] [Times: user=0.01 sys=0.00, real=0.00 secs] 
1746.700: [GC (Allocation Failure) [PSYoungGen: 79680K->1344K(79360K)] 411028K->332692K(575488K), 0.0021141 secs] [Times: user=0.01 sys=0.00, real=0.00 secs] 
1747.795: [GC (Allocation Failure) [PSYoungGen: 79168K->1440K(78848K)] 410516K->332796K(574976K), 0.0019213 secs] [Times: user=0.01 sys=0.00, real=0.00 secs] 
1748.305: [GC (Allocation Failure) [PSYoungGen: 78752K->1344K(78336K)] 410108K->332700K(574464K), 0.0019068 secs] [Times: user=0.01 sys=0.00, real=0.00 secs] 
1748.734: [GC (Allocation Failure) [PSYoungGen: 78144K->1328K(77824K)] 409500K->332684K(573952K), 0.0028216 secs] [Times: user=0.01 sys=0.00, real=0.01 secs] 
1749.564: [GC (Allocation Failure) [PSYoungGen: 77616K->1440K(77312K)] 408972K->332796K(573440K), 0.0029350 secs] [Times: user=0.01 sys=0.00, real=0.01 secs] 
1751.120: [GC (Allocation Failure) [PSYoungGen: 77216K->1408K(76800K)] 408572K->332764K(572928K), 0.0019337 secs] [Times: user=0.01 sys=0.00, real=0.00 secs] 
1752.513: [GC (Allocation Failure) [PSYoungGen: 76672K->1344K(76288K)] 408028K->332700K(572416K), 0.0035098 secs] [Times: user=0.01 sys=0.00, real=0.01 secs] 
1753.594: [GC (Allocation Failure) [PSYoungGen: 76096K->1328K(75776K)] 407452K->332684K(571904K), 0.0061000 secs] [Times: user=0.02 sys=0.00, real=0.01 secs] 
1754.241: [GC (Allocation Failure) [PSYoungGen: 75568K->1376K(75264K)] 406924K->332732K(571392K), 0.0027454 secs] [Times: user=0.01 sys=0.00, real=0.00 secs] 
1755.453: [GC (Allocation Failure) [PSYoungGen: 75104K->1344K(74752K)] 406460K->332700K(570880K), 0.0023841 secs] [Times: user=0.01 sys=0.00, real=0.01 secs] 
1756.185: [GC (Allocation Failure) [PSYoungGen: 74560K->1344K(74240K)] 405916K->332708K(570368K), 0.0032331 secs] [Times: user=0.01 sys=0.00, real=0.00 secs] 
1756.817: [GC (Allocation Failure) [PSYoungGen: 74048K->1408K(73728K)] 405412K->332772K(569856K), 0.0022691 secs] [Times: user=0.00 sys=0.00, real=0.00 secs] 
1757.119: [GC (Allocation Failure) [PSYoungGen: 73600K->1344K(73216K)] 404964K->332708K(569344K), 0.0021188 secs] [Times: user=0.01 sys=0.00, real=0.00 secs] 
1758.005: [GC (Allocation Failure) [PSYoungGen: 73024K->1440K(72704K)] 404388K->332804K(568832K), 0.0017103 secs] [Times: user=0.01 sys=0.00, real=0.00 secs] 
1758.638: [GC (Allocation Failure) [PSYoungGen: 72608K->1344K(72192K)] 403972K->332708K(568320K), 0.0018089 secs] [Times: user=0.00 sys=0.00, real=0.00 secs] 
1759.279: [GC (Allocation Failure) [PSYoungGen: 72000K->1360K(71680K)] 403364K->332724K(567808K), 0.0021093 secs] [Times: user=0.00 sys=0.00, real=0.00 secs] 
1759.812: [GC (Allocation Failure) [PSYoungGen: 71504K->1328K(71168K)] 402868K->332692K(567296K), 0.0026404 secs] [Times: user=0.01 sys=0.00, real=0.01 secs] 
1760.713: [GC (Allocation Failure) [PSYoungGen: 70960K->1408K(70656K)] 402324K->333796K(566784K), 0.0017983 secs] [Times: user=0.00 sys=0.00, real=0.01 secs] 
1761.000: [GC (Allocation Failure) [PSYoungGen: 70528K->320K(69120K)] 402916K->332708K(565248K), 0.0019763 secs] [Times: user=0.00 sys=0.00, real=0.00 secs] 
1761.285: [GC (Allocation Failure) [PSYoungGen: 68928K->384K(69120K)] 401316K->332772K(565248K), 0.0019337 secs] [Times: user=0.01 sys=0.00, real=0.00 secs] 
1761.635: [GC (Allocation Failure) [PSYoungGen: 68992K->384K(75776K)] 401380K->332772K(571904K), 0.0024421 secs] [Times: user=0.01 sys=0.00, real=0.00 secs] 
1762.799: [GC (Allocation Failure) [PSYoungGen: 74112K->1341K(74752K)] 406500K->333745K(570880K), 0.0016439 secs] [Times: user=0.01 sys=0.00, real=0.00 secs] 
1763.280: [GC (Allocation Failure) [PSYoungGen: 74557K->1408K(74240K)] 406961K->333812K(570368K), 0.0015694 secs] [Times: user=0.01 sys=0.00, real=0.00 secs] 
1763.612: [GC (Allocation Failure) [PSYoungGen: 74112K->1376K(79360K)] 406516K->333780K(575488K), 0.0027027 secs] [Times: user=0.01 sys=0.00, real=0.01 secs] 
1763.953: [GC (Allocation Failure) [PSYoungGen: 79200K->1360K(84992K)] 411604K->333764K(581120K), 0.0022017 secs] [Times: user=0.01 sys=0.00, real=0.01 secs] 
1765.047: [GC (Allocation Failure) [PSYoungGen: 84816K->1472K(84480K)] 417220K->333876K(580608K), 0.0019162 secs] [Times: user=0.00 sys=0.00, real=0.00 secs] 
1767.192: [GC (Allocation Failure) [PSYoungGen: 84416K->1408K(83968K)] 416820K->333812K(580096K), 0.0032258 secs] [Times: user=0.01 sys=0.00, real=0.01 secs] 
1767.814: [GC (Allocation Failure) [PSYoungGen: 83840K->1328K(83456K)] 416244K->333732K(579584K), 0.0022747 secs] [Times: user=0.01 sys=0.00, real=0.01 secs] 
1768.770: [GC (Allocation Failure) [PSYoungGen: 83248K->1376K(82944K)] 415652K->333780K(579072K), 0.0026443 secs] [Times: user=0.01 sys=0.00, real=0.00 secs] 
1770.195: [GC (Allocation Failure) [PSYoungGen: 82784K->1408K(82432K)] 415188K->333812K(578560K), 0.0019231 secs] [Times: user=0.01 sys=0.00, real=0.00 secs] 
1770.648: [GC (Allocation Failure) [PSYoungGen: 82304K->1328K(81920K)] 414708K->333732K(578048K), 0.0032442 secs] [Times: user=0.02 sys=0.00, real=0.00 secs] 
1770.984: [GC (Allocation Failure) [PSYoungGen: 81712K->1344K(81408K)] 414116K->333748K(577536K), 0.0019999 secs] [Times: user=0.01 sys=0.00, real=0.01 secs] 
1771.680: [GC (Allocation Failure) [PSYoungGen: 81216K->1344K(80896K)] 413620K->333748K(577024K), 0.0024665 secs] [Times: user=0.00 sys=0.00, real=0.00 secs] 
1773.642: [GC (Allocation Failure) [PSYoungGen: 80704K->1440K(80384K)] 413108K->333852K(576512K), 0.0032356 secs] [Times: user=0.01 sys=0.00, real=0.01 secs] 
1774.829: [GC (Allocation Failure) [PSYoungGen: 80288K->1376K(79872K)] 412700K->333788K(576000K), 0.0026721 secs] [Times: user=0.01 sys=0.00, real=0.00 secs] 
1776.065: [GC (Allocation Failure) [PSYoungGen: 79712K->1344K(79360K)] 412124K->333756K(575488K), 0.0038716 secs] [Times: user=0.01 sys=0.00, real=0.00 secs] 
1777.068: [GC (Allocation Failure) [PSYoungGen: 79168K->1341K(78848K)] 411580K->333769K(574976K), 0.0017443 secs] [Times: user=0.01 sys=0.00, real=0.00 secs] 
1778.010: [GC (Allocation Failure) [PSYoungGen: 78653K->1408K(78336K)] 411081K->333836K(574464K), 0.0019645 secs] [Times: user=0.01 sys=0.00, real=0.00 secs] 
1778.892: [GC (Allocation Failure) [PSYoungGen: 78208K->1344K(77824K)] 410636K->333772K(573952K), 0.0039950 secs] [Times: user=0.02 sys=0.00, real=0.01 secs] 
1779.822: [GC (Allocation Failure) [PSYoungGen: 77632K->1440K(77312K)] 410060K->333868K(573440K), 0.0030321 secs] [Times: user=0.02 sys=0.00, real=0.01 secs] 
1780.786: [GC (Allocation Failure) [PSYoungGen: 77216K->1360K(76800K)] 409644K->333788K(572928K), 0.0015584 secs] [Times: user=0.01 sys=0.00, real=0.00 secs] 
1781.487: [GC (Allocation Failure) [PSYoungGen: 76624K->1424K(76288K)] 409052K->333852K(572416K), 0.0021237 secs] [Times: user=0.01 sys=0.00, real=0.00 secs] 
1782.118: [GC (Allocation Failure) [PSYoungGen: 76176K->1344K(75776K)] 408604K->333772K(571904K), 0.0022109 secs] [Times: user=0.01 sys=0.00, real=0.00 secs] 
1782.794: [GC (Allocation Failure) [PSYoungGen: 75584K->1408K(75264K)] 408012K->333836K(571392K), 0.0021718 secs] [Times: user=0.01 sys=0.00, real=0.01 secs] 
1783.754: [GC (Allocation Failure) [PSYoungGen: 75136K->1424K(74752K)] 407564K->333852K(570880K), 0.0016073 secs] [Times: user=0.00 sys=0.00, real=0.01 secs] 
1784.528: [GC (Allocation Failure) [PSYoungGen: 74640K->1392K(74240K)] 407068K->333820K(570368K), 0.0017609 secs] [Times: user=0.01 sys=0.00, real=0.00 secs] 
1785.216: [GC (Allocation Failure) [PSYoungGen: 74096K->1344K(73728K)] 406524K->333772K(569856K), 0.0022502 secs] [Times: user=0.01 sys=0.00, real=0.00 secs] 
1785.898: [GC (Allocation Failure) [PSYoungGen: 73536K->1376K(73216K)] 405964K->333804K(569344K), 0.0038784 secs] [Times: user=0.01 sys=0.00, real=0.00 secs] 
1786.833: [GC (Allocation Failure) [PSYoungGen: 73056K->1341K(72704K)] 405484K->333785K(568832K), 0.0022175 secs] [Times: user=0.01 sys=0.00, real=0.01 secs] 
1788.428: [GC (Allocation Failure) [PSYoungGen: 72509K->1408K(72192K)] 404953K->333852K(568320K), 0.0025545 secs] [Times: user=0.01 sys=0.00, real=0.00 secs] 
1788.706: [GC (Allocation Failure) [PSYoungGen: 72064K->1312K(71680K)] 404508K->333756K(567808K), 0.0020199 secs] [Times: user=0.01 sys=0.00, real=0.00 secs] 
1788.997: [GC (Allocation Failure) [PSYoungGen: 71456K->1376K(71168K)] 403900K->333820K(567296K), 0.0019539 secs] [Times: user=0.01 sys=0.00, real=0.00 secs] 
1789.290: [GC (Allocation Failure) [PSYoungGen: 71008K->1376K(76288K)] 403452K->333820K(572416K), 0.0019742 secs] [Times: user=0.01 sys=0.00, real=0.00 secs] 
1790.835: [GC (Allocation Failure) [PSYoungGen: 76128K->352K(74752K)] 408572K->333820K(570880K), 0.0039120 secs] [Times: user=0.01 sys=0.00, real=0.00 secs] 
1791.761: [GC (Allocation Failure) [PSYoungGen: 74592K->352K(75776K)] 408060K->333820K(571904K), 0.0040693 secs] [Times: user=0.02 sys=0.00, real=0.01 secs] 
1792.675: [GC (Allocation Failure) [PSYoungGen: 74080K->320K(73728K)] 407548K->333788K(569856K), 0.0045238 secs] [Times: user=0.02 sys=0.00, real=0.00 secs] 
1793.307: [GC (Allocation Failure) [PSYoungGen: 73536K->352K(74752K)] 407004K->333820K(570880K), 0.0023438 secs] [Times: user=0.01 sys=0.00, real=0.00 secs] 
1794.412: [GC (Allocation Failure) [PSYoungGen: 73056K->1472K(73728K)] 406524K->334948K(569856K), 0.0020726 secs] [Times: user=0.01 sys=0.00, real=0.00 secs] 
1795.022: [GC (Allocation Failure) [PSYoungGen: 73664K->1376K(73216K)] 407140K->334852K(569344K), 0.0035140 secs] [Times: user=0.01 sys=0.00, real=0.01 secs] 
1795.332: [GC (Allocation Failure) [PSYoungGen: 73056K->1344K(72704K)] 406532K->334820K(568832K), 0.0016520 secs] [Times: user=0.00 sys=0.00, real=0.00 secs] 
1795.629: [GC (Allocation Failure) [PSYoungGen: 72512K->1392K(77824K)] 405988K->334868K(573952K), 0.0019724 secs] [Times: user=0.01 sys=0.00, real=0.00 secs] 
1796.936: [GC (Allocation Failure) [PSYoungGen: 77680K->1408K(77312K)] 411156K->334884K(573440K), 0.0041197 secs] [Times: user=0.01 sys=0.00, real=0.00 secs] 
1797.951: [GC (Allocation Failure) [PSYoungGen: 77184K->1376K(76800K)] 410660K->334852K(572928K), 0.0036215 secs] [Times: user=0.02 sys=0.00, real=0.00 secs] 
1798.952: [GC (Allocation Failure) [PSYoungGen: 76640K->1376K(76288K)] 410116K->334852K(572416K), 0.0039314 secs] [Times: user=0.01 sys=0.00, real=0.01 secs] 
1799.564: [GC (Allocation Failure) [PSYoungGen: 76128K->1408K(75776K)] 409604K->334884K(571904K), 0.0031813 secs] [Times: user=0.01 sys=0.00, real=0.01 secs] 
1800.788: [GC (Allocation Failure) [PSYoungGen: 75648K->1440K(75264K)] 409124K->334916K(571392K), 0.0019337 secs] [Times: user=0.00 sys=0.00, real=0.00 secs] 
1801.411: [GC (Allocation Failure) [PSYoungGen: 75168K->1392K(74752K)] 408644K->334868K(570880K), 0.0029098 secs] [Times: user=0.01 sys=0.00, real=0.00 secs] 
1801.895: [GC (Allocation Failure) [PSYoungGen: 74608K->1408K(74240K)] 408084K->334884K(570368K), 0.0017943 secs] [Times: user=0.01 sys=0.00, real=0.00 secs] 
1802.226: [GC (Allocation Failure) [PSYoungGen: 74112K->1376K(73728K)] 407588K->334852K(569856K), 0.0018660 secs] [Times: user=0.01 sys=0.00, real=0.00 secs] 
1803.023: [GC (Allocation Failure) [PSYoungGen: 73568K->1472K(73216K)] 407044K->334948K(569344K), 0.0016166 secs] [Times: user=0.00 sys=0.00, real=0.01 secs] 
1803.394: [GC (Allocation Failure) [PSYoungGen: 73152K->1376K(72704K)] 406628K->334860K(568832K), 0.0020221 secs] [Times: user=0.01 sys=0.00, real=0.01 secs] 
1803.976: [GC (Allocation Failure) [PSYoungGen: 72544K->1408K(72192K)] 406028K->334892K(568320K), 0.0020348 secs] [Times: user=0.01 sys=0.00, real=0.00 secs] 
1804.561: [GC (Allocation Failure) [PSYoungGen: 72064K->1408K(71680K)] 405548K->334908K(567808K), 0.0020310 secs] [Times: user=0.00 sys=0.00, real=0.00 secs] 
1805.763: [GC (Allocation Failure) [PSYoungGen: 71552K->1408K(71168K)] 405052K->335932K(567296K), 0.0019594 secs] [Times: user=0.01 sys=0.00, real=0.01 secs] 
1806.437: [GC (Allocation Failure) [PSYoungGen: 71040K->336K(69632K)] 405564K->334860K(565760K), 0.0021395 secs] [Times: user=0.01 sys=0.00, real=0.00 secs] 
1807.435: [GC (Allocation Failure) [PSYoungGen: 69456K->336K(69120K)] 403980K->334860K(565248K), 0.0031313 secs] [Times: user=0.01 sys=0.00, real=0.00 secs] 
1808.102: [GC (Allocation Failure) [PSYoungGen: 68944K->352K(69120K)] 403468K->334876K(565248K), 0.0029774 secs] [Times: user=0.01 sys=0.00, real=0.01 secs] 
1808.867: [GC (Allocation Failure) [PSYoungGen: 68960K->1373K(70144K)] 403484K->335897K(566272K), 0.0016099 secs] [Times: user=0.00 sys=0.00, real=0.00 secs] 
1809.713: [GC (Allocation Failure) [PSYoungGen: 69981K->1376K(70144K)] 404505K->335900K(566272K), 0.0020443 secs] [Times: user=0.01 sys=0.00, real=0.01 secs] 
1810.324: [GC (Allocation Failure) [PSYoungGen: 69984K->1392K(70144K)] 404508K->335916K(566272K), 0.0027018 secs] [Times: user=0.01 sys=0.00, real=0.00 secs] 
1811.033: [GC (Allocation Failure) [PSYoungGen: 70000K->1344K(70144K)] 404524K->335868K(566272K), 0.0025114 secs] [Times: user=0.01 sys=0.00, real=0.01 secs] 
1811.566: [GC (Allocation Failure) [PSYoungGen: 69952K->1344K(70144K)] 404476K->335868K(566272K), 0.0036446 secs] [Times: user=0.01 sys=0.01, real=0.00 secs] 
1813.417: [GC (Allocation Failure) [PSYoungGen: 69952K->1376K(70144K)] 404476K->335900K(566272K), 0.0023640 secs] [Times: user=0.00 sys=0.01, real=0.00 secs] 
1814.191: [GC (Allocation Failure) [PSYoungGen: 69984K->1376K(70144K)] 404508K->335908K(566272K), 0.0022520 secs] [Times: user=0.01 sys=0.00, real=0.00 secs] 
1814.837: [GC (Allocation Failure) [PSYoungGen: 69984K->1408K(70144K)] 404516K->335940K(566272K), 0.0021804 secs] [Times: user=0.01 sys=0.00, real=0.00 secs] 
1815.658: [GC (Allocation Failure) [PSYoungGen: 70016K->1344K(70144K)] 404548K->335876K(566272K), 0.0025460 secs] [Times: user=0.01 sys=0.00, real=0.00 secs] 
1816.932: [GC (Allocation Failure) [PSYoungGen: 69952K->1888K(70656K)] 404484K->336420K(566784K), 0.0019125 secs] [Times: user=0.01 sys=0.00, real=0.00 secs] 
1817.391: [GC (Allocation Failure) [PSYoungGen: 70496K->384K(69120K)] 405028K->335940K(565248K), 0.0021320 secs] [Times: user=0.01 sys=0.00, real=0.00 secs] 
1817.675: [GC (Allocation Failure) [PSYoungGen: 68992K->320K(71168K)] 404548K->335876K(567296K), 0.0019467 secs] [Times: user=0.01 sys=0.00, real=0.00 secs] 
1818.084: [GC (Allocation Failure) [PSYoungGen: 68928K->320K(69120K)] 404484K->335876K(565248K), 0.0020101 secs] [Times: user=0.00 sys=0.00, real=0.01 secs] 
1818.787: [GC (Allocation Failure) [PSYoungGen: 68922K->272K(71168K)] 404478K->335828K(567296K), 0.0018669 secs] [Times: user=0.01 sys=0.00, real=0.00 secs] 
1819.764: [GC (Allocation Failure) [PSYoungGen: 68880K->1424K(70144K)] 404436K->336988K(566272K), 0.0020623 secs] [Times: user=0.01 sys=0.00, real=0.00 secs] 
1820.051: [GC (Allocation Failure) [PSYoungGen: 70032K->1376K(70144K)] 405596K->336948K(566272K), 0.0020220 secs] [Times: user=0.01 sys=0.00, real=0.00 secs] 
1820.354: [GC (Allocation Failure) [PSYoungGen: 69984K->1376K(75264K)] 405556K->336956K(571392K), 0.0031216 secs] [Times: user=0.00 sys=0.00, real=0.01 secs] 
1820.965: [GC (Allocation Failure) [PSYoungGen: 75104K->1376K(80384K)] 410684K->336956K(576512K), 0.0027512 secs] [Times: user=0.01 sys=0.00, real=0.00 secs] 
1822.066: [GC (Allocation Failure) [PSYoungGen: 80224K->1376K(79872K)] 415804K->336956K(576000K), 0.0020652 secs] [Times: user=0.01 sys=0.00, real=0.00 secs] 
1822.437: [GC (Allocation Failure) [PSYoungGen: 79712K->1376K(85504K)] 415292K->336956K(581632K), 0.0027652 secs] [Times: user=0.01 sys=0.00, real=0.00 secs] 
1822.784: [GC (Allocation Failure) [PSYoungGen: 85344K->1376K(91648K)] 420924K->336972K(587776K), 0.0026822 secs] [Times: user=0.01 sys=0.01, real=0.00 secs] 
1823.804: [GC (Allocation Failure) [PSYoungGen: 91488K->1373K(91136K)] 427084K->336969K(587264K), 0.0021017 secs] [Times: user=0.01 sys=0.00, real=0.01 secs] 
1825.560: [GC (Allocation Failure) [PSYoungGen: 90973K->1440K(90624K)] 426569K->337036K(586752K), 0.0024766 secs] [Times: user=0.01 sys=0.00, real=0.00 secs] 
1826.395: [GC (Allocation Failure) [PSYoungGen: 90528K->1376K(90112K)] 426124K->336972K(586240K), 0.0024607 secs] [Times: user=0.01 sys=0.00, real=0.00 secs] 
1827.186: [GC (Allocation Failure) [PSYoungGen: 89952K->1408K(89600K)] 425548K->337004K(585728K), 0.0022990 secs] [Times: user=0.01 sys=0.00, real=0.00 secs] 
1828.936: [GC (Allocation Failure) [PSYoungGen: 89472K->1408K(89088K)] 425068K->337004K(585216K), 0.0020216 secs] [Times: user=0.01 sys=0.00, real=0.00 secs] 
1829.831: [GC (Allocation Failure) [PSYoungGen: 88960K->1376K(88576K)] 424556K->336972K(584704K), 0.0031634 secs] [Times: user=0.01 sys=0.00, real=0.00 secs] 
1830.597: [GC (Allocation Failure) [PSYoungGen: 88416K->1440K(88064K)] 424012K->337036K(584192K), 0.0027667 secs] [Times: user=0.01 sys=0.00, real=0.00 secs] 
1831.441: [GC (Allocation Failure) [PSYoungGen: 87968K->1344K(87552K)] 423564K->337964K(583680K), 0.0017025 secs] [Times: user=0.01 sys=0.00, real=0.00 secs] 
1831.798: [GC (Allocation Failure) [PSYoungGen: 87360K->336K(86016K)] 423980K->336956K(582144K), 0.0016863 secs] [Times: user=0.01 sys=0.00, real=0.00 secs] 
1832.337: [GC (Allocation Failure) [PSYoungGen: 85840K->352K(85504K)] 422460K->336972K(581632K), 0.0019596 secs] [Times: user=0.00 sys=0.00, real=0.00 secs] 
1833.009: [GC (Allocation Failure) [PSYoungGen: 85344K->352K(87040K)] 421964K->336972K(583168K), 0.0019307 secs] [Times: user=0.01 sys=0.00, real=0.00 secs] 
1833.995: [GC (Allocation Failure) [PSYoungGen: 84832K->1376K(85504K)] 421452K->337996K(581632K), 0.0021611 secs] [Times: user=0.00 sys=0.00, real=0.00 secs] 
1834.621: [GC (Allocation Failure) [PSYoungGen: 85344K->1376K(84992K)] 421964K->338004K(581120K), 0.0021483 secs] [Times: user=0.01 sys=0.01, real=0.00 secs] 
1835.314: [GC (Allocation Failure) [PSYoungGen: 84832K->1344K(84480K)] 421460K->337972K(580608K), 0.0022457 secs] [Times: user=0.01 sys=0.00, real=0.01 secs] 
1836.410: [GC (Allocation Failure) [PSYoungGen: 84288K->1920K(84480K)] 420916K->338548K(580608K), 0.0018661 secs] [Times: user=0.01 sys=0.00, real=0.00 secs] 
1836.957: [GC (Allocation Failure) [PSYoungGen: 84352K->1392K(83456K)] 420980K->338020K(579584K), 0.0018578 secs] [Times: user=0.01 sys=0.00, real=0.00 secs] 
1837.661: [GC (Allocation Failure) [PSYoungGen: 83312K->1344K(82944K)] 419940K->337972K(579072K), 0.0029257 secs] [Times: user=0.01 sys=0.00, real=0.00 secs] 
1838.519: [GC (Allocation Failure) [PSYoungGen: 82752K->1376K(82432K)] 419380K->338004K(578560K), 0.0028085 secs] [Times: user=0.01 sys=0.00, real=0.00 secs] 
1839.728: [GC (Allocation Failure) [PSYoungGen: 82272K->1376K(81920K)] 418900K->338004K(578048K), 0.0020591 secs] [Times: user=0.01 sys=0.00, real=0.00 secs] 
1840.420: [GC (Allocation Failure) [PSYoungGen: 81760K->1376K(81408K)] 418388K->338004K(577536K), 0.0020729 secs] [Times: user=0.00 sys=0.00, real=0.00 secs] 
1840.753: [GC (Allocation Failure) [PSYoungGen: 81248K->1312K(80896K)] 417876K->337940K(577024K), 0.0021380 secs] [Times: user=0.01 sys=0.00, real=0.01 secs] 
1841.243: [GC (Allocation Failure) [PSYoungGen: 80672K->1376K(80384K)] 417300K->338004K(576512K), 0.0020467 secs] [Times: user=0.01 sys=0.00, real=0.01 secs] 
1842.607: [GC (Allocation Failure) [PSYoungGen: 80224K->1392K(79872K)] 416852K->338020K(576000K), 0.0024581 secs] [Times: user=0.01 sys=0.00, real=0.00 secs] 
1843.410: [GC (Allocation Failure) [PSYoungGen: 79728K->1408K(79360K)] 416356K->338036K(575488K), 0.0029805 secs] [Times: user=0.01 sys=0.00, real=0.00 secs] 
1844.079: [GC (Allocation Failure) [PSYoungGen: 79232K->1408K(78848K)] 415860K->338044K(574976K), 0.0024286 secs] [Times: user=0.01 sys=0.00, real=0.00 secs] 
1844.920: [GC (Allocation Failure) [PSYoungGen: 78720K->1392K(78336K)] 415356K->338028K(574464K), 0.0014155 secs] [Times: user=0.00 sys=0.00, real=0.00 secs] 
1845.832: [GC (Allocation Failure) [PSYoungGen: 78192K->1440K(77824K)] 414828K->338076K(573952K), 0.0021060 secs] [Times: user=0.00 sys=0.00, real=0.00 secs] 
1846.260: [GC (Allocation Failure) [PSYoungGen: 77728K->1376K(77312K)] 414364K->338012K(573440K), 0.0045305 secs] [Times: user=0.02 sys=0.00, real=0.00 secs] 
1846.578: [GC (Allocation Failure) [PSYoungGen: 77152K->1344K(82432K)] 413788K->337980K(578560K), 0.0019835 secs] [Times: user=0.00 sys=0.00, real=0.00 secs] 
1847.357: [GC (Allocation Failure) [PSYoungGen: 82240K->1424K(81920K)] 418876K->338060K(578048K), 0.0016263 secs] [Times: user=0.01 sys=0.00, real=0.00 secs] 
1847.682: [GC (Allocation Failure) [PSYoungGen: 81808K->1376K(81408K)] 418444K->338012K(577536K), 0.0018408 secs] [Times: user=0.00 sys=0.00, real=0.00 secs] 
1848.013: [GC (Allocation Failure) [PSYoungGen: 81248K->1344K(80896K)] 417884K->337980K(577024K), 0.0017673 secs] [Times: user=0.01 sys=0.00, real=0.01 secs] 
1848.425: [GC (Allocation Failure) [PSYoungGen: 80704K->1376K(80384K)] 417340K->338012K(576512K), 0.0018708 secs] [Times: user=0.00 sys=0.00, real=0.00 secs] 
1849.185: [GC (Allocation Failure) [PSYoungGen: 80224K->1376K(79872K)] 416860K->338012K(576000K), 0.0014938 secs] [Times: user=0.01 sys=0.00, real=0.00 secs] 
1849.509: [GC (Allocation Failure) [PSYoungGen: 79712K->1344K(79360K)] 416348K->337980K(575488K), 0.0016116 secs] [Times: user=0.01 sys=0.00, real=0.00 secs] 
1849.849: [GC (Allocation Failure) [PSYoungGen: 79168K->1376K(78848K)] 415804K->338012K(574976K), 0.0016087 secs] [Times: user=0.01 sys=0.00, real=0.00 secs] 
1850.169: [GC (Allocation Failure) [PSYoungGen: 78688K->1408K(78336K)] 415324K->338044K(574464K), 0.0017952 secs] [Times: user=0.01 sys=0.00, real=0.00 secs] 
1850.926: [GC (Allocation Failure) [PSYoungGen: 78208K->1376K(77824K)] 414844K->338020K(573952K), 0.0018375 secs] [Times: user=0.01 sys=0.00, real=0.00 secs] 
1851.446: [GC (Allocation Failure) [PSYoungGen: 77664K->1376K(77312K)] 414308K->338020K(573440K), 0.0020467 secs] [Times: user=0.01 sys=0.00, real=0.00 secs] 
1852.048: [GC (Allocation Failure) [PSYoungGen: 77152K->1376K(76800K)] 413796K->338020K(572928K), 0.0023358 secs] [Times: user=0.01 sys=0.00, real=0.00 secs] 
1852.705: [GC (Allocation Failure) [PSYoungGen: 76640K->1376K(76288K)] 413284K->338020K(572416K), 0.0023155 secs] [Times: user=0.01 sys=0.00, real=0.00 secs] 
1853.997: [GC (Allocation Failure) [PSYoungGen: 76128K->1344K(75776K)] 412772K->337996K(571904K), 0.0019866 secs] [Times: user=0.01 sys=0.00, real=0.00 secs] 
1855.105: [GC (Allocation Failure) [PSYoungGen: 75584K->1376K(75264K)] 412236K->338028K(571392K), 0.0028402 secs] [Times: user=0.01 sys=0.00, real=0.00 secs] 
1856.132: [GC (Allocation Failure) [PSYoungGen: 75104K->320K(73728K)] 411756K->337996K(569856K), 0.0024837 secs] [Times: user=0.01 sys=0.00, real=0.00 secs] 
1856.754: [GC (Allocation Failure) [PSYoungGen: 73536K->336K(74752K)] 411212K->338012K(570880K), 0.0031598 secs] [Times: user=0.01 sys=0.00, real=0.01 secs] 
1857.962: [GC (Allocation Failure) [PSYoungGen: 73040K->1424K(73728K)] 410716K->339100K(569856K), 0.0019388 secs] [Times: user=0.01 sys=0.00, real=0.00 secs] 
1859.048: [GC (Allocation Failure) [PSYoungGen: 73616K->1376K(73216K)] 411292K->339052K(569344K), 0.0022771 secs] [Times: user=0.01 sys=0.00, real=0.00 secs] 
1860.029: [GC (Allocation Failure) [PSYoungGen: 73056K->1360K(72704K)] 410732K->339036K(568832K), 0.0022456 secs] [Times: user=0.01 sys=0.00, real=0.00 secs] 
1860.980: [GC (Allocation Failure) [PSYoungGen: 72528K->1312K(72192K)] 410204K->338988K(568320K), 0.0020550 secs] [Times: user=0.00 sys=0.00, real=0.00 secs] 
1861.966: [GC (Allocation Failure) [PSYoungGen: 71968K->1360K(71680K)] 409644K->339036K(567808K), 0.0021963 secs] [Times: user=0.01 sys=0.00, real=0.00 secs] 
1862.718: [GC (Allocation Failure) [PSYoungGen: 71504K->1344K(71168K)] 409180K->339020K(567296K), 0.0028601 secs] [Times: user=0.01 sys=0.00, real=0.00 secs] 
1863.604: [GC (Allocation Failure) [PSYoungGen: 70976K->1312K(70656K)] 408652K->338988K(566784K), 0.0036279 secs] [Times: user=0.02 sys=0.00, real=0.01 secs] 
1864.436: [GC (Allocation Failure) [PSYoungGen: 70432K->1312K(70144K)] 408108K->338988K(566272K), 0.0028842 secs] [Times: user=0.01 sys=0.00, real=0.00 secs] 
1865.721: [GC (Allocation Failure) [PSYoungGen: 69920K->1373K(70144K)] 407596K->339049K(566272K), 0.0016464 secs] [Times: user=0.01 sys=0.00, real=0.00 secs] 
1866.605: [GC (Allocation Failure) [PSYoungGen: 69981K->1440K(70144K)] 407657K->339124K(566272K), 0.0020494 secs] [Times: user=0.01 sys=0.01, real=0.00 secs] 
1867.475: [GC (Allocation Failure) [PSYoungGen: 70048K->1376K(70144K)] 407732K->339060K(566272K), 0.0021698 secs] [Times: user=0.00 sys=0.00, real=0.00 secs] 
1868.112: [GC (Allocation Failure) [PSYoungGen: 69984K->1376K(70144K)] 407668K->339060K(566272K), 0.0024745 secs] [Times: user=0.01 sys=0.00, real=0.01 secs] 
1868.598: [GC (Allocation Failure) [PSYoungGen: 69984K->1376K(70144K)] 407668K->339060K(566272K), 0.0023117 secs] [Times: user=0.01 sys=0.00, real=0.00 secs] 
1869.853: [GC (Allocation Failure) [PSYoungGen: 69984K->1376K(70144K)] 407668K->339060K(566272K), 0.0018624 secs] [Times: user=0.00 sys=0.00, real=0.01 secs] 
1870.520: [GC (Allocation Failure) [PSYoungGen: 69984K->1408K(70144K)] 407668K->339092K(566272K), 0.0022752 secs] [Times: user=0.01 sys=0.00, real=0.00 secs] 
1871.513: [GC (Allocation Failure) [PSYoungGen: 70016K->1344K(70144K)] 407700K->339028K(566272K), 0.0026658 secs] [Times: user=0.01 sys=0.00, real=0.01 secs] 
1872.502: [GC (Allocation Failure) [PSYoungGen: 69952K->1408K(70144K)] 407636K->339092K(566272K), 0.0020407 secs] [Times: user=0.00 sys=0.00, real=0.00 secs] 
1873.797: [GC (Allocation Failure) [PSYoungGen: 70016K->1408K(70144K)] 407700K->339092K(566272K), 0.0019109 secs] [Times: user=0.00 sys=0.00, real=0.00 secs] 
1874.455: [GC (Allocation Failure) [PSYoungGen: 70016K->1344K(70144K)] 407700K->339028K(566272K), 0.0032376 secs] [Times: user=0.01 sys=0.00, real=0.00 secs] 
1875.058: [GC (Allocation Failure) [PSYoungGen: 69952K->1344K(70144K)] 407636K->339028K(566272K), 0.0024580 secs] [Times: user=0.01 sys=0.00, real=0.00 secs] 
1875.806: [GC (Allocation Failure) [PSYoungGen: 69952K->1344K(70144K)] 407636K->339036K(566272K), 0.0023721 secs] [Times: user=0.01 sys=0.00, real=0.00 secs] 
1876.960: [GC (Allocation Failure) [PSYoungGen: 69952K->1325K(70144K)] 407644K->339017K(566272K), 0.0015393 secs] [Times: user=0.01 sys=0.00, real=0.00 secs] 
1877.706: [GC (Allocation Failure) [PSYoungGen: 69933K->1408K(70144K)] 407625K->339100K(566272K), 0.0020316 secs] [Times: user=0.01 sys=0.00, real=0.00 secs] 
1878.315: [GC (Allocation Failure) [PSYoungGen: 70016K->1376K(70144K)] 407708K->339068K(566272K), 0.0026047 secs] [Times: user=0.00 sys=0.00, real=0.00 secs] 
1878.856: [GC (Allocation Failure) [PSYoungGen: 69984K->1376K(70144K)] 407676K->339068K(566272K), 0.0023707 secs] [Times: user=0.01 sys=0.00, real=0.00 secs] 
1879.495: [GC (Allocation Failure) [PSYoungGen: 69984K->1376K(70144K)] 407676K->339068K(566272K), 0.0022194 secs] [Times: user=0.00 sys=0.00, real=0.00 secs] 
1880.413: [GC (Allocation Failure) [PSYoungGen: 69984K->384K(69120K)] 407676K->339100K(565248K), 0.0019220 secs] [Times: user=0.00 sys=0.01, real=0.01 secs] 
1880.698: [GC (Allocation Failure) [PSYoungGen: 68992K->320K(70656K)] 407708K->339036K(566784K), 0.0019432 secs] [Times: user=0.01 sys=0.00, real=0.00 secs] 
1881.097: [GC (Allocation Failure) [PSYoungGen: 68928K->384K(69120K)] 407644K->339100K(565248K), 0.0021028 secs] [Times: user=0.01 sys=0.00, real=0.00 secs] 
1881.609: [GC (Allocation Failure) [PSYoungGen: 68992K->336K(70656K)] 407708K->339052K(566784K), 0.0019079 secs] [Times: user=0.01 sys=0.00, real=0.00 secs] 
1882.601: [GC (Allocation Failure) [PSYoungGen: 68944K->1376K(70144K)] 407660K->341116K(566272K), 0.0021403 secs] [Times: user=0.01 sys=0.00, real=0.00 secs] 
1882.943: [GC (Allocation Failure) [PSYoungGen: 69984K->320K(69120K)] 409724K->340068K(565248K), 0.0020772 secs] [Times: user=0.01 sys=0.00, real=0.01 secs] 
1883.228: [GC (Allocation Failure) [PSYoungGen: 68928K->352K(69120K)] 408676K->340100K(565248K), 0.0019891 secs] [Times: user=0.01 sys=0.00, real=0.00 secs] 
1883.513: [GC (Allocation Failure) [PSYoungGen: 68960K->352K(75776K)] 408708K->340100K(571904K), 0.0019242 secs] [Times: user=0.00 sys=0.00, real=0.01 secs] 
1884.112: [GC (Allocation Failure) [PSYoungGen: 74080K->1373K(74752K)] 413828K->341121K(570880K), 0.0016128 secs] [Times: user=0.01 sys=0.00, real=0.00 secs] 
1884.559: [GC (Allocation Failure) [PSYoungGen: 74589K->1408K(74240K)] 414337K->341156K(570368K), 0.0017720 secs] [Times: user=0.01 sys=0.00, real=0.00 secs] 
1884.861: [GC (Allocation Failure) [PSYoungGen: 74112K->1376K(73728K)] 413860K->341124K(569856K), 0.0019357 secs] [Times: user=0.01 sys=0.00, real=0.00 secs] 
1885.161: [GC (Allocation Failure) [PSYoungGen: 73568K->1344K(73216K)] 413316K->341092K(569344K), 0.0017308 secs] [Times: user=0.00 sys=0.00, real=0.00 secs] 
1885.532: [GC (Allocation Failure) [PSYoungGen: 73024K->1392K(72704K)] 412772K->341140K(568832K), 0.0015320 secs] [Times: user=0.01 sys=0.00, real=0.00 secs] 
1886.167: [GC (Allocation Failure) [PSYoungGen: 72560K->1376K(72192K)] 412308K->341124K(568320K), 0.0016214 secs] [Times: user=0.01 sys=0.00, real=0.00 secs] 
1886.460: [GC (Allocation Failure) [PSYoungGen: 72032K->1376K(71680K)] 411780K->341124K(567808K), 0.0015914 secs] [Times: user=0.00 sys=0.00, real=0.00 secs] 
1886.750: [GC (Allocation Failure) [PSYoungGen: 71520K->1344K(71168K)] 411268K->341092K(567296K), 0.0015703 secs] [Times: user=0.01 sys=0.00, real=0.00 secs] 
1887.125: [GC (Allocation Failure) [PSYoungGen: 70976K->1376K(70656K)] 410724K->341124K(566784K), 0.0019461 secs] [Times: user=0.01 sys=0.00, real=0.00 secs] 
1888.094: [GC (Allocation Failure) [PSYoungGen: 70496K->1408K(70144K)] 410244K->341156K(566272K), 0.0016721 secs] [Times: user=0.00 sys=0.00, real=0.01 secs] 
1888.705: [GC (Allocation Failure) [PSYoungGen: 70016K->1408K(70144K)] 409764K->341156K(566272K), 0.0020036 secs] [Times: user=0.00 sys=0.00, real=0.00 secs] 
1889.059: [GC (Allocation Failure) [PSYoungGen: 70016K->1376K(70144K)] 409764K->341140K(566272K), 0.0020509 secs] [Times: user=0.01 sys=0.00, real=0.00 secs] 
1889.346: [GC (Allocation Failure) [PSYoungGen: 69984K->1376K(70144K)] 409748K->341140K(566272K), 0.0019379 secs] [Times: user=0.00 sys=0.00, real=0.00 secs] 
1890.234: [GC (Allocation Failure) [PSYoungGen: 69984K->2432K(71168K)] 409748K->342196K(567296K), 0.0018620 secs] [Times: user=0.01 sys=0.00, real=0.00 secs] 
1890.520: [GC (Allocation Failure) [PSYoungGen: 71040K->1376K(70144K)] 410804K->341140K(566272K), 0.0016191 secs] [Times: user=0.01 sys=0.00, real=0.00 secs] 
1890.821: [GC (Allocation Failure) [PSYoungGen: 69984K->1408K(70144K)] 409748K->341172K(566272K), 0.0018060 secs] [Times: user=0.01 sys=0.00, real=0.00 secs] 
1891.323: [GC (Allocation Failure) [PSYoungGen: 70016K->1376K(70144K)] 409780K->341140K(566272K), 0.0029596 secs] [Times: user=0.01 sys=0.00, real=0.01 secs] 
1892.124: [GC (Allocation Failure) [PSYoungGen: 69984K->1392K(70144K)] 409748K->341156K(566272K), 0.0016923 secs] [Times: user=0.01 sys=0.00, real=0.00 secs] 
1892.815: [GC (Allocation Failure) [PSYoungGen: 70000K->1408K(70144K)] 409764K->341172K(566272K), 0.0020805 secs] [Times: user=0.01 sys=0.01, real=0.00 secs] 
1893.100: [GC (Allocation Failure) [PSYoungGen: 70016K->1376K(70144K)] 409780K->341140K(566272K), 0.0021602 secs] [Times: user=0.01 sys=0.00, real=0.00 secs] 
1893.458: [GC (Allocation Failure) [PSYoungGen: 69984K->1376K(70144K)] 409748K->341140K(566272K), 0.0018812 secs] [Times: user=0.01 sys=0.00, real=0.00 secs] 
1893.924: [GC (Allocation Failure) [PSYoungGen: 69984K->1392K(70144K)] 409748K->341156K(566272K), 0.0020210 secs] [Times: user=0.00 sys=0.00, real=0.00 secs] 
1894.908: [GC (Allocation Failure) [PSYoungGen: 70000K->1424K(70144K)] 409764K->341188K(566272K), 0.0033262 secs] [Times: user=0.01 sys=0.00, real=0.00 secs] 
1895.389: [GC (Allocation Failure) [PSYoungGen: 70032K->1408K(70144K)] 409796K->341172K(566272K), 0.0023252 secs] [Times: user=0.01 sys=0.00, real=0.00 secs] 
1895.685: [GC (Allocation Failure) [PSYoungGen: 70016K->1408K(70144K)] 409780K->341172K(566272K), 0.0019994 secs] [Times: user=0.01 sys=0.00, real=0.00 secs] 
1896.127: [GC (Allocation Failure) [PSYoungGen: 70016K->1376K(70144K)] 409780K->341140K(566272K), 0.0024871 secs] [Times: user=0.01 sys=0.00, real=0.00 secs] 
1897.248: [GC (Allocation Failure) [PSYoungGen: 69984K->928K(69632K)] 409748K->341716K(565760K), 0.0021880 secs] [Times: user=0.00 sys=0.00, real=0.00 secs] 
1898.350: [GC (Allocation Failure) [PSYoungGen: 69536K->352K(69120K)] 410324K->341140K(565248K), 0.0038322 secs] [Times: user=0.01 sys=0.00, real=0.00 secs] 
1898.951: [GC (Allocation Failure) [PSYoungGen: 68960K->288K(69120K)] 409748K->341076K(565248K), 0.0022752 secs] [Times: user=0.01 sys=0.00, real=0.00 secs] 
1899.494: [GC (Allocation Failure) [PSYoungGen: 68896K->320K(70656K)] 409684K->341108K(566784K), 0.0026949 secs] [Times: user=0.01 sys=0.00, real=0.01 secs] 
1900.359: [GC (Allocation Failure) [PSYoungGen: 68928K->1360K(70144K)] 409716K->342148K(566272K), 0.0026821 secs] [Times: user=0.01 sys=0.00, real=0.00 secs] 
1901.829: [GC (Allocation Failure) [PSYoungGen: 69968K->1376K(70144K)] 410756K->342164K(566272K), 0.0028155 secs] [Times: user=0.01 sys=0.00, real=0.00 secs] 
1902.478: [GC (Allocation Failure) [PSYoungGen: 69984K->1360K(70144K)] 410772K->342156K(566272K), 0.0029893 secs] [Times: user=0.01 sys=0.00, real=0.00 secs] 
1902.923: [GC (Allocation Failure) [PSYoungGen: 69968K->1360K(70144K)] 410764K->342156K(566272K), 0.0024214 secs] [Times: user=0.01 sys=0.00, real=0.01 secs] 
1903.472: [GC (Allocation Failure) [PSYoungGen: 69968K->1440K(70144K)] 410764K->342236K(566272K), 0.0022132 secs] [Times: user=0.01 sys=0.00, real=0.00 secs] 
1904.642: [GC (Allocation Failure) [PSYoungGen: 70048K->1440K(70144K)] 410844K->342236K(566272K), 0.0018780 secs] [Times: user=0.01 sys=0.00, real=0.00 secs] 
1904.986: [GC (Allocation Failure) [PSYoungGen: 70048K->1408K(70144K)] 410844K->342204K(566272K), 0.0020278 secs] [Times: user=0.01 sys=0.00, real=0.00 secs] 
1905.364: [GC (Allocation Failure) [PSYoungGen: 70016K->1408K(70144K)] 410812K->342204K(566272K), 0.0028997 secs] [Times: user=0.01 sys=0.00, real=0.00 secs] 
1905.927: [GC (Allocation Failure) [PSYoungGen: 70016K->1408K(70144K)] 410812K->342204K(566272K), 0.0022343 secs] [Times: user=0.00 sys=0.00, real=0.00 secs] 
1906.962: [GC (Allocation Failure) [PSYoungGen: 70016K->1664K(70656K)] 410812K->342460K(566784K), 0.0021383 secs] [Times: user=0.00 sys=0.00, real=0.00 secs] 
1908.790: [GC (Allocation Failure) [PSYoungGen: 70272K->384K(69120K)] 411068K->342204K(565248K), 0.0032184 secs] [Times: user=0.01 sys=0.00, real=0.00 secs] 
1909.448: [GC (Allocation Failure) [PSYoungGen: 68992K->400K(71168K)] 410812K->342220K(567296K), 0.0023609 secs] [Times: user=0.00 sys=0.00, real=0.00 secs] 
1909.778: [GC (Allocation Failure) [PSYoungGen: 69008K->384K(69120K)] 410828K->342204K(565248K), 0.0021911 secs] [Times: user=0.00 sys=0.00, real=0.00 secs] 
1910.229: [GC (Allocation Failure) [PSYoungGen: 68992K->400K(71168K)] 410812K->342220K(567296K), 0.0018532 secs] [Times: user=0.01 sys=0.00, real=0.00 secs] 
1911.197: [GC (Allocation Failure) [PSYoungGen: 69008K->1440K(70144K)] 410828K->343260K(566272K), 0.0019158 secs] [Times: user=0.01 sys=0.00, real=0.00 secs] 
1911.752: [GC (Allocation Failure) [PSYoungGen: 70048K->1408K(70144K)] 411868K->343228K(566272K), 0.0026886 secs] [Times: user=0.01 sys=0.00, real=0.01 secs] 
1912.086: [GC (Allocation Failure) [PSYoungGen: 70016K->1440K(70144K)] 411836K->343260K(566272K), 0.0021413 secs] [Times: user=0.01 sys=0.00, real=0.00 secs] 
1912.510: [GC (Allocation Failure) [PSYoungGen: 70048K->1376K(70144K)] 411868K->343220K(566272K), 0.0020374 secs] [Times: user=0.01 sys=0.00, real=0.00 secs] 
1914.255: [GC (Allocation Failure) [PSYoungGen: 69984K->1408K(70144K)] 411828K->343252K(566272K), 0.0044371 secs] [Times: user=0.02 sys=0.00, real=0.00 secs] 
1915.176: [GC (Allocation Failure) [PSYoungGen: 70016K->1344K(70144K)] 411860K->343188K(566272K), 0.0023171 secs] [Times: user=0.00 sys=0.00, real=0.00 secs] 
1915.635: [GC (Allocation Failure) [PSYoungGen: 69952K->1376K(70144K)] 411796K->343220K(566272K), 0.0020384 secs] [Times: user=0.01 sys=0.00, real=0.00 secs] 
1916.149: [GC (Allocation Failure) [PSYoungGen: 69984K->1376K(70144K)] 411828K->343220K(566272K), 0.0021356 secs] [Times: user=0.00 sys=0.00, real=0.00 secs] 
1917.155: [GC (Allocation Failure) [PSYoungGen: 69984K->1341K(70144K)] 411828K->343185K(566272K), 0.0015747 secs] [Times: user=0.01 sys=0.00, real=0.00 secs] 
1917.534: [GC (Allocation Failure) [PSYoungGen: 69949K->1376K(70144K)] 411793K->343220K(566272K), 0.0020167 secs] [Times: user=0.01 sys=0.00, real=0.01 secs] 
1917.923: [GC (Allocation Failure) [PSYoungGen: 69984K->1376K(70144K)] 411828K->343220K(566272K), 0.0020473 secs] [Times: user=0.01 sys=0.00, real=0.01 secs] 
1918.208: [GC (Allocation Failure) [PSYoungGen: 69984K->1344K(70144K)] 411828K->343188K(566272K), 0.0020055 secs] [Times: user=0.00 sys=0.00, real=0.00 secs] 
1918.495: [GC (Allocation Failure) [PSYoungGen: 69952K->1328K(70144K)] 411796K->343172K(566272K), 0.0018997 secs] [Times: user=0.00 sys=0.00, real=0.00 secs] 
1919.548: [GC (Allocation Failure) [PSYoungGen: 69936K->1408K(70144K)] 411780K->343252K(566272K), 0.0022985 secs] [Times: user=0.01 sys=0.00, real=0.00 secs] 
1920.201: [GC (Allocation Failure) [PSYoungGen: 70016K->1408K(70144K)] 411860K->343252K(566272K), 0.0017719 secs] [Times: user=0.00 sys=0.00, real=0.00 secs] 
1920.821: [GC (Allocation Failure) [PSYoungGen: 70016K->1328K(70144K)] 411860K->343172K(566272K), 0.0021033 secs] [Times: user=0.00 sys=0.01, real=0.00 secs] 
1921.169: [GC (Allocation Failure) [PSYoungGen: 69936K->1376K(70144K)] 411780K->343220K(566272K), 0.0017345 secs] [Times: user=0.01 sys=0.00, real=0.00 secs] 
1921.959: [GC (Allocation Failure) [PSYoungGen: 69984K->1376K(70144K)] 411828K->343236K(566272K), 0.0019023 secs] [Times: user=0.01 sys=0.00, real=0.00 secs] 
1922.486: [GC (Allocation Failure) [PSYoungGen: 69984K->1376K(70144K)] 411844K->343236K(566272K), 0.0016219 secs] [Times: user=0.01 sys=0.00, real=0.00 secs] 
1923.067: [GC (Allocation Failure) [PSYoungGen: 69984K->1376K(70144K)] 411844K->343236K(566272K), 0.0017867 secs] [Times: user=0.01 sys=0.00, real=0.00 secs] 
1923.733: [GC (Allocation Failure) [PSYoungGen: 69984K->1344K(70144K)] 411844K->343204K(566272K), 0.0017192 secs] [Times: user=0.01 sys=0.00, real=0.01 secs] 
1924.435: [GC (Allocation Failure) [PSYoungGen: 69952K->1392K(70144K)] 411812K->343252K(566272K), 0.0016392 secs] [Times: user=0.01 sys=0.00, real=0.00 secs] 
1924.904: [GC (Allocation Failure) [PSYoungGen: 70000K->1440K(70144K)] 411860K->343300K(566272K), 0.0014684 secs] [Times: user=0.01 sys=0.00, real=0.01 secs] 
1925.188: [GC (Allocation Failure) [PSYoungGen: 70048K->1344K(70144K)] 411908K->343204K(566272K), 0.0015951 secs] [Times: user=0.00 sys=0.00, real=0.00 secs] 
1925.500: [GC (Allocation Failure) [PSYoungGen: 69952K->1408K(70144K)] 411812K->343268K(566272K), 0.0028582 secs] [Times: user=0.01 sys=0.00, real=0.00 secs] 
1925.866: [GC (Allocation Failure) [PSYoungGen: 70016K->1328K(75264K)] 411876K->343188K(571392K), 0.0025127 secs] [Times: user=0.01 sys=0.00, real=0.00 secs] 
1927.717: [GC (Allocation Failure) [PSYoungGen: 75056K->1376K(74752K)] 416916K->343236K(570880K), 0.0045905 secs] [Times: user=0.02 sys=0.00, real=0.00 secs] 
1929.189: [GC (Allocation Failure) [PSYoungGen: 74592K->1344K(74240K)] 416452K->343204K(570368K), 0.0048025 secs] [Times: user=0.02 sys=0.00, real=0.00 secs] 
1930.202: [GC (Allocation Failure) [PSYoungGen: 74048K->1408K(73728K)] 415908K->343268K(569856K), 0.0026776 secs] [Times: user=0.01 sys=0.00, real=0.01 secs] 
1930.752: [GC (Allocation Failure) [PSYoungGen: 73600K->1376K(73216K)] 415460K->343236K(569344K), 0.0024682 secs] [Times: user=0.01 sys=0.00, real=0.01 secs] 
1932.545: [GC (Allocation Failure) [PSYoungGen: 73056K->1376K(72704K)] 414916K->343244K(568832K), 0.0040536 secs] [Times: user=0.01 sys=0.01, real=0.00 secs] 
1933.509: [GC (Allocation Failure) [PSYoungGen: 72544K->1376K(72192K)] 414412K->343244K(568320K), 0.0040113 secs] [Times: user=0.01 sys=0.00, real=0.00 secs] 
1933.931: [GC (Allocation Failure) [PSYoungGen: 72032K->1408K(71680K)] 413900K->343276K(567808K), 0.0019273 secs] [Times: user=0.01 sys=0.00, real=0.00 secs] 
1934.434: [GC (Allocation Failure) [PSYoungGen: 71552K->1408K(71168K)] 413420K->343284K(567296K), 0.0021953 secs] [Times: user=0.01 sys=0.00, real=0.00 secs] 
1935.492: [GC (Allocation Failure) [PSYoungGen: 71040K->1376K(70656K)] 412916K->344276K(566784K), 0.0016040 secs] [Times: user=0.01 sys=0.00, real=0.00 secs] 
1935.842: [GC (Allocation Failure) [PSYoungGen: 70496K->320K(69120K)] 413396K->343220K(565248K), 0.0017947 secs] [Times: user=0.01 sys=0.00, real=0.00 secs] 
1936.381: [GC (Allocation Failure) [PSYoungGen: 68928K->352K(69120K)] 411828K->343252K(565248K), 0.0023002 secs] [Times: user=0.01 sys=0.00, real=0.00 secs] 
1936.941: [GC (Allocation Failure) [PSYoungGen: 68960K->352K(70656K)] 411860K->343252K(566784K), 0.0021307 secs] [Times: user=0.00 sys=0.00, real=0.00 secs] 
1937.749: [GC (Allocation Failure) [PSYoungGen: 68960K->1360K(70144K)] 411860K->344260K(566272K), 0.0015874 secs] [Times: user=0.00 sys=0.00, real=0.00 secs] 
1938.757: [GC (Allocation Failure) [PSYoungGen: 69968K->1408K(70144K)] 412868K->344308K(566272K), 0.0040497 secs] [Times: user=0.02 sys=0.00, real=0.00 secs] 
1939.472: [GC (Allocation Failure) [PSYoungGen: 70016K->1392K(70144K)] 412916K->344292K(566272K), 0.0033900 secs] [Times: user=0.01 sys=0.00, real=0.01 secs] 
1940.145: [GC (Allocation Failure) [PSYoungGen: 70000K->1376K(70144K)] 412900K->344284K(566272K), 0.0032624 secs] [Times: user=0.01 sys=0.00, real=0.00 secs] 
1940.737: [GC (Allocation Failure) [PSYoungGen: 69984K->1376K(70144K)] 412892K->344292K(566272K), 0.0027873 secs] [Times: user=0.01 sys=0.00, real=0.00 secs] 
1941.827: [GC (Allocation Failure) [PSYoungGen: 69984K->1408K(70144K)] 412900K->344324K(566272K), 0.0019680 secs] [Times: user=0.01 sys=0.00, real=0.00 secs] 
1942.552: [GC (Allocation Failure) [PSYoungGen: 70016K->1376K(70144K)] 412932K->344292K(566272K), 0.0044580 secs] [Times: user=0.02 sys=0.01, real=0.01 secs] 
1943.251: [GC (Allocation Failure) [PSYoungGen: 69984K->1344K(70144K)] 412900K->344268K(566272K), 0.0027507 secs] [Times: user=0.01 sys=0.00, real=0.00 secs] 
1944.026: [GC (Allocation Failure) [PSYoungGen: 69952K->1376K(70144K)] 412876K->344300K(566272K), 0.0025053 secs] [Times: user=0.01 sys=0.00, real=0.00 secs] 
1945.729: [GC (Allocation Failure) [PSYoungGen: 69984K->1408K(70144K)] 412908K->345356K(566272K), 0.0020236 secs] [Times: user=0.01 sys=0.00, real=0.00 secs] 
1946.041: [GC (Allocation Failure) [PSYoungGen: 70016K->320K(69120K)] 413964K->344268K(565248K), 0.0019120 secs] [Times: user=0.01 sys=0.00, real=0.00 secs] 
1946.337: [GC (Allocation Failure) [PSYoungGen: 68928K->352K(70656K)] 412876K->344308K(566784K), 0.0017674 secs] [Times: user=0.01 sys=0.00, real=0.00 secs] 
1946.622: [GC (Allocation Failure) [PSYoungGen: 68960K->368K(69120K)] 412916K->344324K(565248K), 0.0020090 secs] [Times: user=0.01 sys=0.00, real=0.01 secs] 
1947.326: [GC (Allocation Failure) [PSYoungGen: 68976K->1360K(71168K)] 412932K->345316K(567296K), 0.0014701 secs] [Times: user=0.01 sys=0.00, real=0.00 secs] 
1948.454: [GC (Allocation Failure) [PSYoungGen: 69968K->1360K(70144K)] 413924K->345316K(566272K), 0.0020204 secs] [Times: user=0.00 sys=0.00, real=0.01 secs] 
1949.129: [GC (Allocation Failure) [PSYoungGen: 69968K->1408K(70144K)] 413924K->345364K(566272K), 0.0023271 secs] [Times: user=0.01 sys=0.00, real=0.00 secs] 
1949.693: [GC (Allocation Failure) [PSYoungGen: 70016K->1344K(70144K)] 413972K->345300K(566272K), 0.0022814 secs] [Times: user=0.00 sys=0.00, real=0.01 secs] 
1950.347: [GC (Allocation Failure) [PSYoungGen: 69952K->1376K(70144K)] 413908K->345332K(566272K), 0.0021524 secs] [Times: user=0.01 sys=0.00, real=0.00 secs] 
1951.667: [GC (Allocation Failure) [PSYoungGen: 69984K->1440K(70144K)] 413940K->345396K(566272K), 0.0020451 secs] [Times: user=0.01 sys=0.00, real=0.00 secs] 
1952.854: [GC (Allocation Failure) [PSYoungGen: 70048K->1360K(70144K)] 414004K->345316K(566272K), 0.0045948 secs] [Times: user=0.02 sys=0.00, real=0.01 secs] 
1953.967: [GC (Allocation Failure) [PSYoungGen: 69968K->1376K(70144K)] 413924K->345332K(566272K), 0.0048413 secs] [Times: user=0.02 sys=0.00, real=0.00 secs] 
1954.511: [GC (Allocation Failure) [PSYoungGen: 69984K->1344K(70144K)] 413940K->345308K(566272K), 0.0029567 secs] [Times: user=0.01 sys=0.00, real=0.01 secs] 
1955.558: [GC (Allocation Failure) [PSYoungGen: 69952K->1392K(70144K)] 413916K->345612K(566272K), 0.0017476 secs] [Times: user=0.01 sys=0.00, real=0.00 secs] 
1956.348: [GC (Allocation Failure) [PSYoungGen: 70000K->1360K(70144K)] 414220K->345580K(566272K), 0.0045950 secs] [Times: user=0.01 sys=0.00, real=0.00 secs] 
1956.794: [GC (Allocation Failure) [PSYoungGen: 69968K->1376K(70144K)] 414188K->345596K(566272K), 0.0020254 secs] [Times: user=0.01 sys=0.00, real=0.01 secs] 
1957.079: [GC (Allocation Failure) [PSYoungGen: 69984K->1344K(70144K)] 414204K->345564K(566272K), 0.0021194 secs] [Times: user=0.01 sys=0.00, real=0.00 secs] 
1957.365: [GC (Allocation Failure) [PSYoungGen: 69952K->1344K(70144K)] 414172K->345564K(566272K), 0.0019120 secs] [Times: user=0.01 sys=0.00, real=0.00 secs] 
1958.096: [GC (Allocation Failure) [PSYoungGen: 69952K->1408K(70144K)] 414172K->345628K(566272K), 0.0016824 secs] [Times: user=0.01 sys=0.00, real=0.00 secs] 
1958.394: [GC (Allocation Failure) [PSYoungGen: 70016K->1312K(70144K)] 414236K->345532K(566272K), 0.0017096 secs] [Times: user=0.01 sys=0.00, real=0.01 secs] 
1958.682: [GC (Allocation Failure) [PSYoungGen: 69920K->1376K(70144K)] 414140K->345604K(566272K), 0.0016351 secs] [Times: user=0.01 sys=0.00, real=0.00 secs] 
1959.092: [GC (Allocation Failure) [PSYoungGen: 69984K->1328K(70144K)] 414212K->345556K(566272K), 0.0016297 secs] [Times: user=0.01 sys=0.00, real=0.00 secs] 
1959.950: [GC (Allocation Failure) [PSYoungGen: 69936K->1440K(70144K)] 414164K->345668K(566272K), 0.0018461 secs] [Times: user=0.01 sys=0.00, real=0.00 secs] 
1960.412: [GC (Allocation Failure) [PSYoungGen: 70048K->1344K(70144K)] 414276K->345572K(566272K), 0.0018785 secs] [Times: user=0.00 sys=0.00, real=0.00 secs] 
1960.967: [GC (Allocation Failure) [PSYoungGen: 69952K->1344K(70144K)] 414180K->345572K(566272K), 0.0031058 secs] [Times: user=0.01 sys=0.00, real=0.00 secs] 
1961.589: [GC (Allocation Failure) [PSYoungGen: 69952K->1344K(70144K)] 414180K->345580K(566272K), 0.0027002 secs] [Times: user=0.01 sys=0.00, real=0.00 secs] 
1962.666: [GC (Allocation Failure) [PSYoungGen: 69952K->1408K(70144K)] 414188K->345644K(566272K), 0.0016375 secs] [Times: user=0.01 sys=0.00, real=0.00 secs] 
1963.282: [GC (Allocation Failure) [PSYoungGen: 70016K->1376K(70144K)] 414252K->345612K(566272K), 0.0016310 secs] [Times: user=0.00 sys=0.00, real=0.00 secs] 
1963.842: [GC (Allocation Failure) [PSYoungGen: 69984K->1344K(70144K)] 414220K->345580K(566272K), 0.0019717 secs] [Times: user=0.00 sys=0.00, real=0.00 secs] 
1964.599: [GC (Allocation Failure) [PSYoungGen: 69952K->1376K(70144K)] 414188K->345612K(566272K), 0.0021374 secs] [Times: user=0.01 sys=0.00, real=0.00 secs] 
1965.477: [GC (Allocation Failure) [PSYoungGen: 69984K->1344K(70144K)] 414220K->345580K(566272K), 0.0048432 secs] [Times: user=0.02 sys=0.01, real=0.00 secs] 
1966.863: [GC (Allocation Failure) [PSYoungGen: 69952K->1408K(70144K)] 414188K->345644K(566272K), 0.0017038 secs] [Times: user=0.01 sys=0.00, real=0.01 secs] 
1967.612: [GC (Allocation Failure) [PSYoungGen: 70016K->1376K(70144K)] 414252K->345612K(566272K), 0.0026896 secs] [Times: user=0.01 sys=0.00, real=0.01 secs] 
1968.144: [GC (Allocation Failure) [PSYoungGen: 69984K->1376K(70144K)] 414220K->345612K(566272K), 0.0024840 secs] [Times: user=0.01 sys=0.01, real=0.00 secs] 
1968.965: [GC (Allocation Failure) [PSYoungGen: 69984K->1408K(70144K)] 414220K->345644K(566272K), 0.0027535 secs] [Times: user=0.01 sys=0.00, real=0.00 secs] 
1970.096: [GC (Allocation Failure) [PSYoungGen: 70016K->1408K(70144K)] 414252K->345644K(566272K), 0.0020636 secs] [Times: user=0.01 sys=0.00, real=0.00 secs] 
1970.453: [GC (Allocation Failure) [PSYoungGen: 70016K->1408K(70144K)] 414252K->345644K(566272K), 0.0021292 secs] [Times: user=0.01 sys=0.00, real=0.01 secs] 
1970.738: [GC (Allocation Failure) [PSYoungGen: 70016K->1360K(70144K)] 414252K->345596K(566272K), 0.0019290 secs] [Times: user=0.00 sys=0.00, real=0.00 secs] 
1971.023: [GC (Allocation Failure) [PSYoungGen: 69968K->1376K(70144K)] 414204K->345612K(566272K), 0.0023815 secs] [Times: user=0.01 sys=0.00, real=0.01 secs] 
1971.692: [GC (Allocation Failure) [PSYoungGen: 69984K->285K(69120K)] 414220K->345545K(565248K), 0.0015114 secs] [Times: user=0.01 sys=0.00, real=0.00 secs] 
1972.157: [GC (Allocation Failure) [PSYoungGen: 68893K->1440K(70656K)] 414153K->346700K(566784K), 0.0020576 secs] [Times: user=0.01 sys=0.00, real=0.00 secs] 
1972.521: [GC (Allocation Failure) [PSYoungGen: 70048K->1408K(70144K)] 415308K->346676K(566272K), 0.0021017 secs] [Times: user=0.00 sys=0.00, real=0.00 secs] 
1972.806: [GC (Allocation Failure) [PSYoungGen: 70016K->1376K(70144K)] 415284K->346644K(566272K), 0.0021501 secs] [Times: user=0.01 sys=0.00, real=0.00 secs] 
1973.112: [GC (Allocation Failure) [PSYoungGen: 69984K->1344K(75776K)] 415252K->346612K(571904K), 0.0026217 secs] [Times: user=0.01 sys=0.00, real=0.00 secs] 
1974.585: [GC (Allocation Failure) [PSYoungGen: 75584K->1376K(75264K)] 420852K->346644K(571392K), 0.0019105 secs] [Times: user=0.00 sys=0.00, real=0.00 secs] 
1974.892: [GC (Allocation Failure) [PSYoungGen: 75104K->1376K(74752K)] 420372K->346644K(570880K), 0.0016524 secs] [Times: user=0.01 sys=0.00, real=0.00 secs] 
1975.197: [GC (Allocation Failure) [PSYoungGen: 74592K->1344K(80384K)] 419860K->346612K(576512K), 0.0024742 secs] [Times: user=0.01 sys=0.00, real=0.00 secs] 
1975.524: [GC (Allocation Failure) [PSYoungGen: 80192K->1376K(86528K)] 425460K->346644K(582656K), 0.0019865 secs] [Times: user=0.01 sys=0.00, real=0.00 secs] 
1976.363: [GC (Allocation Failure) [PSYoungGen: 86368K->1376K(86016K)] 431636K->346644K(582144K), 0.0017542 secs] [Times: user=0.01 sys=0.00, real=0.01 secs] 
1976.713: [GC (Allocation Failure) [PSYoungGen: 85856K->1408K(85504K)] 431124K->346676K(581632K), 0.0016401 secs] [Times: user=0.00 sys=0.00, real=0.01 secs] 
1977.229: [GC (Allocation Failure) [PSYoungGen: 85376K->1376K(84992K)] 430644K->346644K(581120K), 0.0031117 secs] [Times: user=0.01 sys=0.01, real=0.00 secs] 
1978.472: [GC (Allocation Failure) [PSYoungGen: 84832K->1440K(84480K)] 430100K->347732K(580608K), 0.0018326 secs] [Times: user=0.00 sys=0.00, real=0.00 secs] 
1979.251: [GC (Allocation Failure) [PSYoungGen: 84384K->352K(82944K)] 430676K->346644K(579072K), 0.0041857 secs] [Times: user=0.02 sys=0.00, real=0.01 secs] 
1980.061: [GC (Allocation Failure) [PSYoungGen: 82784K->352K(82432K)] 429076K->346644K(578560K), 0.0033337 secs] [Times: user=0.01 sys=0.00, real=0.01 secs] 
1980.751: [GC (Allocation Failure) [PSYoungGen: 82272K->320K(83456K)] 428564K->346612K(579584K), 0.0022420 secs] [Times: user=0.01 sys=0.00, real=0.00 secs] 
1982.049: [GC (Allocation Failure) [PSYoungGen: 81728K->1376K(82432K)] 428020K->347684K(578560K), 0.0017183 secs] [Times: user=0.00 sys=0.00, real=0.00 secs] 
1982.487: [GC (Allocation Failure) [PSYoungGen: 82272K->1376K(81920K)] 428580K->347684K(578048K), 0.0023650 secs] [Times: user=0.01 sys=0.00, real=0.00 secs] 
1983.081: [GC (Allocation Failure) [PSYoungGen: 81760K->1344K(81408K)] 428068K->347652K(577536K), 0.0025181 secs] [Times: user=0.01 sys=0.00, real=0.00 secs] 
1983.775: [GC (Allocation Failure) [PSYoungGen: 81216K->1360K(80896K)] 427524K->347668K(577024K), 0.0023313 secs] [Times: user=0.01 sys=0.00, real=0.00 secs] 
1985.496: [GC (Allocation Failure) [PSYoungGen: 80720K->1424K(80384K)] 427028K->347732K(576512K), 0.0033855 secs] [Times: user=0.01 sys=0.00, real=0.00 secs] 
1986.260: [GC (Allocation Failure) [PSYoungGen: 80272K->1376K(79872K)] 426580K->347684K(576000K), 0.0031837 secs] [Times: user=0.01 sys=0.00, real=0.00 secs] 
1987.036: [GC (Allocation Failure) [PSYoungGen: 79712K->1328K(79360K)] 426020K->347636K(575488K), 0.0030214 secs] [Times: user=0.02 sys=0.00, real=0.00 secs] 
1988.004: [GC (Allocation Failure) [PSYoungGen: 78683K->224K(77824K)] 424992K->346532K(573952K), 0.0015166 secs] [Times: user=0.00 sys=0.00, real=0.01 secs] 
1988.482: [GC (Allocation Failure) [PSYoungGen: 77536K->1312K(78336K)] 423844K->347620K(574464K), 0.0018047 secs] [Times: user=0.01 sys=0.00, real=0.00 secs] 
1988.801: [GC (Allocation Failure) [PSYoungGen: 78112K->1376K(77824K)] 424420K->347684K(573952K), 0.0017095 secs] [Times: user=0.01 sys=0.00, real=0.00 secs] 
1989.248: [GC (Allocation Failure) [PSYoungGen: 77664K->1376K(77312K)] 423972K->347684K(573440K), 0.0016208 secs] [Times: user=0.01 sys=0.00, real=0.00 secs] 
1990.381: [GC (Allocation Failure) [PSYoungGen: 77152K->1920K(77312K)] 423460K->348228K(573440K), 0.0018429 secs] [Times: user=0.01 sys=0.00, real=0.00 secs] 
1991.093: [GC (Allocation Failure) [PSYoungGen: 77184K->1344K(76288K)] 423492K->347652K(572416K), 0.0018574 secs] [Times: user=0.01 sys=0.00, real=0.01 secs] 
1991.871: [GC (Allocation Failure) [PSYoungGen: 76096K->1392K(75776K)] 422404K->347700K(571904K), 0.0025304 secs] [Times: user=0.01 sys=0.00, real=0.00 secs] 
1992.713: [GC (Allocation Failure) [PSYoungGen: 75632K->1408K(75776K)] 421940K->347716K(571904K), 0.0035737 secs] [Times: user=0.01 sys=0.00, real=0.01 secs] 
1994.291: [GC (Allocation Failure) [PSYoungGen: 75136K->1696K(75264K)] 421444K->348020K(571392K), 0.0022347 secs] [Times: user=0.01 sys=0.00, real=0.00 secs] 
1995.291: [GC (Allocation Failure) [PSYoungGen: 74912K->1344K(74240K)] 421236K->347668K(570368K), 0.0037105 secs] [Times: user=0.01 sys=0.00, real=0.01 secs] 
1995.900: [GC (Allocation Failure) [PSYoungGen: 74048K->1360K(73728K)] 420372K->347684K(569856K), 0.0026565 secs] [Times: user=0.01 sys=0.00, real=0.00 secs] 
1996.262: [GC (Allocation Failure) [PSYoungGen: 73552K->1408K(73216K)] 419876K->347732K(569344K), 0.0018764 secs] [Times: user=0.01 sys=0.00, real=0.00 secs] 
1996.928: [GC (Allocation Failure) [PSYoungGen: 73088K->1373K(72704K)] 419412K->347697K(568832K), 0.0016309 secs] [Times: user=0.00 sys=0.01, real=0.00 secs] 
1997.325: [GC (Allocation Failure) [PSYoungGen: 72541K->1408K(72192K)] 418865K->347732K(568320K), 0.0017083 secs] [Times: user=0.00 sys=0.00, real=0.00 secs] 
1997.618: [GC (Allocation Failure) [PSYoungGen: 72064K->1344K(71680K)] 418388K->347668K(567808K), 0.0018487 secs] [Times: user=0.01 sys=0.00, real=0.00 secs] 
1997.910: [GC (Allocation Failure) [PSYoungGen: 71488K->1344K(71168K)] 417812K->347668K(567296K), 0.0017105 secs] [Times: user=0.01 sys=0.01, real=0.00 secs] 
1998.205: [GC (Allocation Failure) [PSYoungGen: 70976K->1376K(70656K)] 417300K->347700K(566784K), 0.0019677 secs] [Times: user=0.00 sys=0.00, real=0.00 secs] 
1998.990: [GC (Allocation Failure) [PSYoungGen: 70496K->1408K(70144K)] 416820K->347732K(566272K), 0.0018572 secs] [Times: user=0.00 sys=0.00, real=0.00 secs] 
1999.275: [GC (Allocation Failure) [PSYoungGen: 70016K->1376K(70144K)] 416340K->347700K(566272K), 0.0019711 secs] [Times: user=0.01 sys=0.00, real=0.00 secs] 
1999.564: [GC (Allocation Failure) [PSYoungGen: 69984K->1328K(70656K)] 416308K->347652K(566784K), 0.0023041 secs] [Times: user=0.01 sys=0.00, real=0.00 secs] 
1999.853: [GC (Allocation Failure) [PSYoungGen: 69936K->1360K(70656K)] 416260K->347684K(566784K), 0.0027124 secs] [Times: user=0.01 sys=0.00, real=0.01 secs] 
2000.775: [GC (Allocation Failure) [PSYoungGen: 69968K->1408K(70144K)] 416292K->347732K(566272K), 0.0017850 secs] [Times: user=0.00 sys=0.00, real=0.00 secs] 
2001.435: [GC (Allocation Failure) [PSYoungGen: 70016K->1376K(70144K)] 416340K->347724K(566272K), 0.0021721 secs] [Times: user=0.00 sys=0.00, real=0.00 secs] 
2001.900: [GC (Allocation Failure) [PSYoungGen: 69984K->1344K(70144K)] 416332K->347700K(566272K), 0.0022048 secs] [Times: user=0.01 sys=0.00, real=0.00 secs] 
2002.181: [GC (Allocation Failure) [PSYoungGen: 69952K->1376K(70144K)] 416308K->347732K(566272K), 0.0020865 secs] [Times: user=0.01 sys=0.00, real=0.00 secs] 
2002.892: [GC (Allocation Failure) [PSYoungGen: 69662K->224K(69120K)] 416018K->346580K(565248K), 0.0016713 secs] [Times: user=0.00 sys=0.00, real=0.00 secs] 
2004.412: [GC (Allocation Failure) [PSYoungGen: 68832K->1344K(70656K)] 415188K->347700K(566784K), 0.0031233 secs] [Times: user=0.01 sys=0.00, real=0.01 secs] 
2005.011: [GC (Allocation Failure) [PSYoungGen: 69952K->1376K(70144K)] 416308K->347732K(566272K), 0.0027119 secs] [Times: user=0.01 sys=0.00, real=0.00 secs] 
2005.515: [GC (Allocation Failure) [PSYoungGen: 69984K->1360K(70144K)] 416340K->347716K(566272K), 0.0020679 secs] [Times: user=0.01 sys=0.00, real=0.00 secs] 
2005.826: [GC (Allocation Failure) [PSYoungGen: 69968K->1392K(70144K)] 416324K->347748K(566272K), 0.0017242 secs] [Times: user=0.01 sys=0.00, real=0.00 secs] 
2006.795: [GC (Allocation Failure) [PSYoungGen: 70000K->1408K(70144K)] 416356K->347764K(566272K), 0.0020448 secs] [Times: user=0.00 sys=0.00, real=0.00 secs] 
2007.383: [GC (Allocation Failure) [PSYoungGen: 70016K->1376K(70656K)] 416372K->347732K(566784K), 0.0017975 secs] [Times: user=0.01 sys=0.00, real=0.01 secs] 
2008.186: [GC (Allocation Failure) [PSYoungGen: 69984K->1376K(70656K)] 416340K->347732K(566784K), 0.0023322 secs] [Times: user=0.01 sys=0.00, real=0.00 secs] 
2008.970: [GC (Allocation Failure) [PSYoungGen: 69984K->1440K(70656K)] 416340K->347796K(566784K), 0.0022124 secs] [Times: user=0.01 sys=0.00, real=0.00 secs] 
2010.197: [GC (Allocation Failure) [PSYoungGen: 70048K->1408K(70656K)] 416404K->347764K(566784K), 0.0020513 secs] [Times: user=0.01 sys=0.00, real=0.00 secs] 
2010.513: [GC (Allocation Failure) [PSYoungGen: 70016K->1376K(70656K)] 416372K->347732K(566784K), 0.0019425 secs] [Times: user=0.01 sys=0.00, real=0.01 secs] 
2010.832: [GC (Allocation Failure) [PSYoungGen: 69984K->1408K(70656K)] 416340K->347764K(566784K), 0.0021480 secs] [Times: user=0.01 sys=0.00, real=0.00 secs] 
2011.133: [GC (Allocation Failure) [PSYoungGen: 70016K->1344K(70656K)] 416372K->347700K(566784K), 0.0020075 secs] [Times: user=0.00 sys=0.00, real=0.01 secs] 
2011.776: [GC (Allocation Failure) [PSYoungGen: 69952K->1392K(70656K)] 416308K->347748K(566784K), 0.0016053 secs] [Times: user=0.01 sys=0.00, real=0.00 secs] 
2012.267: [GC (Allocation Failure) [PSYoungGen: 70000K->1408K(70656K)] 416356K->347772K(566784K), 0.0016441 secs] [Times: user=0.00 sys=0.00, real=0.00 secs] 
2012.750: [GC (Allocation Failure) [PSYoungGen: 70016K->1344K(70656K)] 416380K->347708K(566784K), 0.0017601 secs] [Times: user=0.00 sys=0.00, real=0.00 secs] 
2013.285: [GC (Allocation Failure) [PSYoungGen: 69952K->1344K(70656K)] 416316K->347708K(566784K), 0.0016241 secs] [Times: user=0.01 sys=0.00, real=0.00 secs] 
2013.866: [GC (Allocation Failure) [PSYoungGen: 69952K->1408K(70656K)] 416316K->347772K(566784K), 0.0017809 secs] [Times: user=0.01 sys=0.00, real=0.00 secs] 
2015.227: [GC (Allocation Failure) [PSYoungGen: 70016K->1440K(70656K)] 416380K->347804K(566784K), 0.0019916 secs] [Times: user=0.00 sys=0.00, real=0.00 secs] 
2016.012: [GC (Allocation Failure) [PSYoungGen: 70048K->1408K(70656K)] 416412K->347772K(566784K), 0.0024650 secs] [Times: user=0.01 sys=0.00, real=0.00 secs] 
2017.038: [GC (Allocation Failure) [PSYoungGen: 70016K->1376K(70656K)] 416380K->347740K(566784K), 0.0032536 secs] [Times: user=0.01 sys=0.00, real=0.00 secs] 
2017.742: [GC (Allocation Failure) [PSYoungGen: 69984K->1376K(70144K)] 416348K->347740K(566272K), 0.0033784 secs] [Times: user=0.01 sys=0.01, real=0.01 secs] 
2018.890: [GC (Allocation Failure) [PSYoungGen: 69984K->1408K(70144K)] 416348K->348796K(566272K), 0.0018077 secs] [Times: user=0.00 sys=0.00, real=0.00 secs] 
2019.754: [GC (Allocation Failure) [PSYoungGen: 70016K->352K(70144K)] 417404K->347740K(566272K), 0.0031712 secs] [Times: user=0.01 sys=0.00, real=0.01 secs] 
2020.570: [GC (Allocation Failure) [PSYoungGen: 68960K->320K(70656K)] 416348K->347708K(566784K), 0.0042919 secs] [Times: user=0.01 sys=0.00, real=0.00 secs] 
2021.440: [GC (Allocation Failure) [PSYoungGen: 68928K->352K(70656K)] 416316K->347740K(566784K), 0.0022514 secs] [Times: user=0.00 sys=0.00, real=0.00 secs] 
2022.591: [GC (Allocation Failure) [PSYoungGen: 68960K->1392K(70656K)] 416348K->348780K(566784K), 0.0014526 secs] [Times: user=0.00 sys=0.00, real=0.00 secs] 
2023.786: [GC (Allocation Failure) [PSYoungGen: 70000K->1440K(70656K)] 417388K->348828K(566784K), 0.0022449 secs] [Times: user=0.01 sys=0.01, real=0.00 secs] 
2024.405: [GC (Allocation Failure) [PSYoungGen: 70048K->1344K(70656K)] 417436K->348732K(566784K), 0.0019756 secs] [Times: user=0.01 sys=0.00, real=0.00 secs] 
2025.164: [GC (Allocation Failure) [PSYoungGen: 69952K->1344K(70656K)] 417340K->348740K(566784K), 0.0026306 secs] [Times: user=0.00 sys=0.00, real=0.01 secs] 
2025.977: [GC (Allocation Failure) [PSYoungGen: 69952K->1376K(70656K)] 417348K->348772K(566784K), 0.0027273 secs] [Times: user=0.01 sys=0.00, real=0.00 secs] 
2027.189: [GC (Allocation Failure) [PSYoungGen: 69984K->1408K(70656K)] 417380K->348804K(566784K), 0.0020146 secs] [Times: user=0.01 sys=0.00, real=0.00 secs] 
2028.486: [GC (Allocation Failure) [PSYoungGen: 70016K->1376K(70656K)] 417412K->348772K(566784K), 0.0046082 secs] [Times: user=0.01 sys=0.00, real=0.00 secs] 
2029.551: [GC (Allocation Failure) [PSYoungGen: 69984K->1344K(70656K)] 417380K->348740K(566784K), 0.0038767 secs] [Times: user=0.02 sys=0.00, real=0.01 secs] 
2030.549: [GC (Allocation Failure) [PSYoungGen: 69952K->1408K(70656K)] 417348K->348804K(566784K), 0.0024490 secs] [Times: user=0.01 sys=0.00, real=0.00 secs] 
2031.633: [GC (Allocation Failure) [PSYoungGen: 70016K->1888K(70656K)] 417412K->349796K(566784K), 0.0027891 secs] [Times: user=0.01 sys=0.00, real=0.01 secs] 
2032.301: [GC (Allocation Failure) [PSYoungGen: 70496K->1376K(70656K)] 418404K->349284K(566784K), 0.0018812 secs] [Times: user=0.01 sys=0.00, real=0.00 secs] 
2032.969: [GC (Allocation Failure) [PSYoungGen: 69984K->1344K(70656K)] 417892K->349252K(566784K), 0.0029809 secs] [Times: user=0.01 sys=0.00, real=0.00 secs] 
2033.764: [GC (Allocation Failure) [PSYoungGen: 69952K->1376K(70656K)] 417860K->349284K(566784K), 0.0023290 secs] [Times: user=0.01 sys=0.00, real=0.01 secs] 
2034.559: [GC (Allocation Failure) [PSYoungGen: 69984K->1328K(70656K)] 417892K->349236K(566784K), 0.0022092 secs] [Times: user=0.01 sys=0.00, real=0.00 secs] 
2035.828: [GC (Allocation Failure) [PSYoungGen: 69936K->1424K(70656K)] 417844K->349332K(566784K), 0.0027581 secs] [Times: user=0.01 sys=0.00, real=0.00 secs] 
2036.567: [GC (Allocation Failure) [PSYoungGen: 70032K->1376K(70656K)] 417940K->349292K(566784K), 0.0030786 secs] [Times: user=0.01 sys=0.00, real=0.00 secs] 
2037.273: [GC (Allocation Failure) [PSYoungGen: 69984K->1376K(70656K)] 417900K->349300K(566784K), 0.0038112 secs] [Times: user=0.01 sys=0.00, real=0.01 secs] 
2037.938: [GC (Allocation Failure) [PSYoungGen: 69984K->1376K(70656K)] 417908K->349300K(566784K), 0.0029328 secs] [Times: user=0.01 sys=0.00, real=0.00 secs] 
2038.909: [GC (Allocation Failure) [PSYoungGen: 69984K->1376K(70656K)] 417908K->349300K(566784K), 0.0017934 secs] [Times: user=0.00 sys=0.00, real=0.00 secs] 
2039.335: [GC (Allocation Failure) [PSYoungGen: 69984K->1376K(70656K)] 417908K->349300K(566784K), 0.0019888 secs] [Times: user=0.01 sys=0.00, real=0.00 secs] 
2039.825: [GC (Allocation Failure) [PSYoungGen: 69984K->1376K(70656K)] 417908K->349300K(566784K), 0.0034350 secs] [Times: user=0.01 sys=0.00, real=0.00 secs] 
2040.349: [GC (Allocation Failure) [PSYoungGen: 69984K->1376K(70656K)] 417908K->349300K(566784K), 0.0025175 secs] [Times: user=0.01 sys=0.00, real=0.00 secs] 
2041.480: [GC (Allocation Failure) [PSYoungGen: 69984K->1680K(70656K)] 417908K->349604K(566784K), 0.0019077 secs] [Times: user=0.01 sys=0.00, real=0.00 secs] 
2042.079: [GC (Allocation Failure) [PSYoungGen: 70288K->1408K(70656K)] 418212K->349332K(566784K), 0.0031992 secs] [Times: user=0.02 sys=0.00, real=0.00 secs] 
2042.803: [GC (Allocation Failure) [PSYoungGen: 70016K->1408K(70656K)] 417940K->349340K(566784K), 0.0028074 secs] [Times: user=0.01 sys=0.00, real=0.01 secs] 
2043.554: [GC (Allocation Failure) [PSYoungGen: 70016K->1376K(70656K)] 417948K->349316K(566784K), 0.0032478 secs] [Times: user=0.01 sys=0.01, real=0.01 secs] 
2044.272: [GC (Allocation Failure) [PSYoungGen: 69984K->1408K(70656K)] 417924K->349348K(566784K), 0.0029949 secs] [Times: user=0.02 sys=0.00, real=0.01 secs] 
2045.372: [GC (Allocation Failure) [PSYoungGen: 70016K->1440K(70656K)] 417956K->349380K(566784K), 0.0017371 secs] [Times: user=0.01 sys=0.00, real=0.00 secs] 
2045.657: [GC (Allocation Failure) [PSYoungGen: 70048K->1376K(70656K)] 417988K->349316K(566784K), 0.0018394 secs] [Times: user=0.01 sys=0.00, real=0.00 secs] 
2045.942: [GC (Allocation Failure) [PSYoungGen: 69984K->1408K(70656K)] 417924K->349348K(566784K), 0.0017144 secs] [Times: user=0.01 sys=0.00, real=0.00 secs] 
2046.228: [GC (Allocation Failure) [PSYoungGen: 70016K->1376K(70656K)] 417956K->349316K(566784K), 0.0017081 secs] [Times: user=0.01 sys=0.00, real=0.00 secs] 
2047.124: [GC (Allocation Failure) [PSYoungGen: 69984K->1376K(70656K)] 417924K->349316K(566784K), 0.0018053 secs] [Times: user=0.01 sys=0.00, real=0.01 secs] 
2047.820: [GC (Allocation Failure) [PSYoungGen: 69984K->1328K(70656K)] 417924K->349268K(566784K), 0.0023954 secs] [Times: user=0.01 sys=0.00, real=0.00 secs] 
2048.516: [GC (Allocation Failure) [PSYoungGen: 69936K->1392K(70144K)] 417876K->349332K(566272K), 0.0035252 secs] [Times: user=0.01 sys=0.00, real=0.00 secs] 
2049.210: [GC (Allocation Failure) [PSYoungGen: 70000K->1376K(70144K)] 417940K->349316K(566272K), 0.0028612 secs] [Times: user=0.01 sys=0.00, real=0.00 secs] 
2050.299: [GC (Allocation Failure) [PSYoungGen: 69984K->1325K(70144K)] 417924K->349265K(566272K), 0.0016101 secs] [Times: user=0.01 sys=0.00, real=0.00 secs] 
2051.079: [GC (Allocation Failure) [PSYoungGen: 69933K->1376K(70144K)] 417873K->349316K(566272K), 0.0024527 secs] [Times: user=0.01 sys=0.00, real=0.00 secs] 
2051.363: [GC (Allocation Failure) [PSYoungGen: 69984K->1376K(70144K)] 417924K->349316K(566272K), 0.0019429 secs] [Times: user=0.01 sys=0.00, real=0.01 secs] 
2051.890: [GC (Allocation Failure) [PSYoungGen: 69984K->1408K(70144K)] 417924K->349364K(566272K), 0.0025638 secs] [Times: user=0.01 sys=0.00, real=0.00 secs] 
2052.499: [GC (Allocation Failure) [PSYoungGen: 70016K->1376K(70144K)] 417972K->349332K(566272K), 0.0026080 secs] [Times: user=0.01 sys=0.00, real=0.00 secs] 
2053.689: [GC (Allocation Failure) [PSYoungGen: 69984K->1408K(70144K)] 417940K->349364K(566272K), 0.0020005 secs] [Times: user=0.01 sys=0.00, real=0.00 secs] 
2054.343: [GC (Allocation Failure) [PSYoungGen: 70016K->1344K(70144K)] 417972K->349300K(566272K), 0.0021781 secs] [Times: user=0.01 sys=0.00, real=0.01 secs] 
2055.080: [GC (Allocation Failure) [PSYoungGen: 69952K->1408K(70144K)] 417908K->349364K(566272K), 0.0024459 secs] [Times: user=0.01 sys=0.00, real=0.00 secs] 
2055.630: [GC (Allocation Failure) [PSYoungGen: 70016K->1392K(70144K)] 417972K->349348K(566272K), 0.0026340 secs] [Times: user=0.01 sys=0.00, real=0.00 secs] 
2057.216: [GC (Allocation Failure) [PSYoungGen: 70000K->1376K(70144K)] 417956K->349332K(566272K), 0.0027304 secs] [Times: user=0.01 sys=0.00, real=0.00 secs] 
2058.337: [GC (Allocation Failure) [PSYoungGen: 69984K->1376K(70144K)] 417940K->349332K(566272K), 0.0041917 secs] [Times: user=0.01 sys=0.01, real=0.00 secs] 
2059.185: [GC (Allocation Failure) [PSYoungGen: 69984K->1344K(70144K)] 417940K->349300K(566272K), 0.0042091 secs] [Times: user=0.01 sys=0.00, real=0.00 secs] 
2059.732: [GC (Allocation Failure) [PSYoungGen: 69952K->1408K(70144K)] 417908K->349372K(566272K), 0.0026914 secs] [Times: user=0.01 sys=0.00, real=0.01 secs] 
2060.643: [GC (Allocation Failure) [PSYoungGen: 70016K->1389K(70144K)] 417980K->349353K(566272K), 0.0014400 secs] [Times: user=0.01 sys=0.00, real=0.00 secs] 
2061.469: [GC (Allocation Failure) [PSYoungGen: 69997K->1440K(70144K)] 417961K->349412K(566272K), 0.0029857 secs] [Times: user=0.01 sys=0.00, real=0.00 secs] 
2062.072: [GC (Allocation Failure) [PSYoungGen: 70048K->1376K(70144K)] 418020K->349348K(566272K), 0.0020433 secs] [Times: user=0.01 sys=0.00, real=0.00 secs] 
2062.574: [GC (Allocation Failure) [PSYoungGen: 69984K->1408K(70144K)] 417956K->349380K(566272K), 0.0020501 secs] [Times: user=0.01 sys=0.00, real=0.01 secs] 
2063.104: [GC (Allocation Failure) [PSYoungGen: 70016K->1344K(70144K)] 417988K->349316K(566272K), 0.0019440 secs] [Times: user=0.01 sys=0.00, real=0.01 secs] 
2064.144: [GC (Allocation Failure) [PSYoungGen: 69952K->1408K(70144K)] 417924K->349380K(566272K), 0.0018382 secs] [Times: user=0.01 sys=0.00, real=0.01 secs] 
2064.453: [GC (Allocation Failure) [PSYoungGen: 70016K->1344K(70144K)] 417988K->349324K(566272K), 0.0017477 secs] [Times: user=0.01 sys=0.00, real=0.01 secs] 
2064.738: [GC (Allocation Failure) [PSYoungGen: 69952K->1360K(70144K)] 417932K->349340K(566272K), 0.0018502 secs] [Times: user=0.01 sys=0.00, real=0.00 secs] 
2065.064: [GC (Allocation Failure) [PSYoungGen: 69968K->1344K(70144K)] 417948K->349324K(566272K), 0.0016774 secs] [Times: user=0.01 sys=0.01, real=0.01 secs] 
2066.003: [GC (Allocation Failure) [PSYoungGen: 69952K->1376K(70144K)] 417932K->350380K(566272K), 0.0019895 secs] [Times: user=0.01 sys=0.00, real=0.01 secs] 
2066.576: [GC (Allocation Failure) [PSYoungGen: 69984K->320K(69632K)] 418988K->349324K(565760K), 0.0019504 secs] [Times: user=0.01 sys=0.00, real=0.00 secs] 
2066.929: [GC (Allocation Failure) [PSYoungGen: 68416K->352K(70144K)] 417420K->349356K(566272K), 0.0019688 secs] [Times: user=0.00 sys=0.00, real=0.00 secs] 
2067.213: [GC (Allocation Failure) [PSYoungGen: 68448K->352K(70144K)] 417452K->349356K(566272K), 0.0018494 secs] [Times: user=0.01 sys=0.00, real=0.01 secs] 
2067.836: [GC (Allocation Failure) [PSYoungGen: 68448K->1341K(70144K)] 417452K->350345K(566272K), 0.0014687 secs] [Times: user=0.01 sys=0.00, real=0.00 secs] 
2068.446: [GC (Allocation Failure) [PSYoungGen: 69437K->1408K(70144K)] 418441K->350412K(566272K), 0.0017320 secs] [Times: user=0.01 sys=0.00, real=0.00 secs] 
2069.008: [GC (Allocation Failure) [PSYoungGen: 69504K->1344K(70144K)] 418508K->350348K(566272K), 0.0017847 secs] [Times: user=0.00 sys=0.00, real=0.00 secs] 
2069.655: [GC (Allocation Failure) [PSYoungGen: 69440K->1376K(70144K)] 418444K->350388K(566272K), 0.0024457 secs] [Times: user=0.01 sys=0.00, real=0.00 secs] 
2070.234: [GC (Allocation Failure) [PSYoungGen: 69472K->1408K(70144K)] 418484K->350436K(566272K), 0.0027106 secs] [Times: user=0.01 sys=0.00, real=0.01 secs] 
2071.175: [GC (Allocation Failure) [PSYoungGen: 69504K->1408K(70144K)] 418532K->350436K(566272K), 0.0017955 secs] [Times: user=0.00 sys=0.00, real=0.00 secs] 
2071.458: [GC (Allocation Failure) [PSYoungGen: 69504K->1344K(70144K)] 418532K->350372K(566272K), 0.0016981 secs] [Times: user=0.01 sys=0.00, real=0.00 secs] 
2071.740: [GC (Allocation Failure) [PSYoungGen: 69440K->1312K(70144K)] 418468K->350340K(566272K), 0.0030980 secs] [Times: user=0.01 sys=0.00, real=0.00 secs] 
2072.024: [GC (Allocation Failure) [PSYoungGen: 69408K->1376K(70144K)] 418436K->350404K(566272K), 0.0017867 secs] [Times: user=0.00 sys=0.00, real=0.01 secs] 
2072.940: [GC (Allocation Failure) [PSYoungGen: 69472K->1584K(70144K)] 418500K->350612K(566272K), 0.0018197 secs] [Times: user=0.01 sys=0.00, real=0.00 secs] 
2074.483: [GC (Allocation Failure) [PSYoungGen: 69680K->1344K(70144K)] 418708K->350372K(566272K), 0.0050272 secs] [Times: user=0.02 sys=0.00, real=0.01 secs] 
2075.150: [GC (Allocation Failure) [PSYoungGen: 69440K->1376K(69632K)] 418468K->350404K(565760K), 0.0042267 secs] [Times: user=0.01 sys=0.01, real=0.00 secs] 
2075.466: [GC (Allocation Failure) [PSYoungGen: 69472K->1376K(69632K)] 418500K->350404K(565760K), 0.0020317 secs] [Times: user=0.00 sys=0.00, real=0.00 secs] 
2075.785: [GC (Allocation Failure) [PSYoungGen: 69472K->1344K(69632K)] 418500K->350372K(565760K), 0.0019043 secs] [Times: user=0.01 sys=0.00, real=0.00 secs] 
2076.866: [GC (Allocation Failure) [PSYoungGen: 69440K->1408K(69632K)] 418468K->350436K(565760K), 0.0021219 secs] [Times: user=0.01 sys=0.00, real=0.00 secs] 
2077.551: [GC (Allocation Failure) [PSYoungGen: 69504K->1360K(69632K)] 418532K->350388K(565760K), 0.0033553 secs] [Times: user=0.01 sys=0.00, real=0.00 secs] 
2077.849: [GC (Allocation Failure) [PSYoungGen: 69456K->1344K(69632K)] 418484K->350372K(565760K), 0.0020924 secs] [Times: user=0.01 sys=0.00, real=0.00 secs] 
2078.276: [GC (Allocation Failure) [PSYoungGen: 69440K->1360K(70144K)] 418468K->350388K(566272K), 0.0036734 secs] [Times: user=0.02 sys=0.00, real=0.00 secs] 
2079.574: [GC (Allocation Failure) [PSYoungGen: 69968K->1440K(70656K)] 418996K->350468K(566784K), 0.0027481 secs] [Times: user=0.01 sys=0.00, real=0.01 secs] 
2080.677: [GC (Allocation Failure) [PSYoungGen: 70048K->1376K(70656K)] 419076K->350404K(566784K), 0.0035152 secs] [Times: user=0.01 sys=0.00, real=0.00 secs] 
2081.265: [GC (Allocation Failure) [PSYoungGen: 69984K->1344K(70656K)] 419012K->350372K(566784K), 0.0023154 secs] [Times: user=0.01 sys=0.00, real=0.00 secs] 
2081.789: [GC (Allocation Failure) [PSYoungGen: 69952K->1408K(70656K)] 418980K->350436K(566784K), 0.0020210 secs] [Times: user=0.01 sys=0.00, real=0.00 secs] 
2082.704: [GC (Allocation Failure) [PSYoungGen: 70016K->1389K(70656K)] 419044K->350417K(566784K), 0.0014767 secs] [Times: user=0.00 sys=0.00, real=0.01 secs] 
2083.434: [GC (Allocation Failure) [PSYoungGen: 69997K->1376K(70656K)] 419025K->350412K(566784K), 0.0021532 secs] [Times: user=0.00 sys=0.00, real=0.01 secs] 
2083.724: [GC (Allocation Failure) [PSYoungGen: 69984K->1376K(70656K)] 419020K->350412K(566784K), 0.0020527 secs] [Times: user=0.01 sys=0.00, real=0.01 secs] 
2084.052: [GC (Allocation Failure) [PSYoungGen: 69984K->1408K(70656K)] 419020K->350444K(566784K), 0.0018653 secs] [Times: user=0.01 sys=0.00, real=0.00 secs] 
2084.337: [GC (Allocation Failure) [PSYoungGen: 70016K->1344K(70656K)] 419052K->350380K(566784K), 0.0019178 secs] [Times: user=0.00 sys=0.00, real=0.00 secs] 
2086.302: [GC (Allocation Failure) [PSYoungGen: 69952K->1408K(70656K)] 418988K->350444K(566784K), 0.0037834 secs] [Times: user=0.01 sys=0.00, real=0.01 secs] 
2087.164: [GC (Allocation Failure) [PSYoungGen: 70016K->1376K(70144K)] 419052K->350412K(566272K), 0.0039814 secs] [Times: user=0.01 sys=0.00, real=0.01 secs] 
2087.751: [GC (Allocation Failure) [PSYoungGen: 69984K->1344K(70144K)] 419020K->350380K(566272K), 0.0020966 secs] [Times: user=0.00 sys=0.00, real=0.00 secs] 
2088.306: [GC (Allocation Failure) [PSYoungGen: 69952K->1312K(70144K)] 418988K->350348K(566272K), 0.0019788 secs] [Times: user=0.01 sys=0.00, real=0.00 secs] 
2089.468: [GC (Allocation Failure) [PSYoungGen: 69920K->1376K(70144K)] 418956K->351436K(566272K), 0.0020324 secs] [Times: user=0.01 sys=0.00, real=0.00 secs] 
2090.287: [GC (Allocation Failure) [PSYoungGen: 69984K->1376K(70144K)] 420044K->351436K(566272K), 0.0026946 secs] [Times: user=0.01 sys=0.00, real=0.00 secs] 
2091.190: [GC (Allocation Failure) [PSYoungGen: 69984K->1376K(70144K)] 420044K->351436K(566272K), 0.0029830 secs] [Times: user=0.01 sys=0.00, real=0.00 secs] 
2091.987: [GC (Allocation Failure) [PSYoungGen: 69984K->1344K(70144K)] 420044K->351404K(566272K), 0.0029494 secs] [Times: user=0.01 sys=0.00, real=0.00 secs] 
2092.824: [GC (Allocation Failure) [PSYoungGen: 69952K->1341K(70144K)] 420012K->351401K(566272K), 0.0015380 secs] [Times: user=0.00 sys=0.00, real=0.00 secs] 
2093.615: [GC (Allocation Failure) [PSYoungGen: 69949K->1440K(70144K)] 420009K->351500K(566272K), 0.0019985 secs] [Times: user=0.01 sys=0.00, real=0.00 secs] 
2094.195: [GC (Allocation Failure) [PSYoungGen: 70048K->1392K(70144K)] 420108K->351468K(566272K), 0.0019689 secs] [Times: user=0.01 sys=0.00, real=0.00 secs] 
2094.790: [GC (Allocation Failure) [PSYoungGen: 70000K->1376K(70144K)] 420076K->351452K(566272K), 0.0021133 secs] [Times: user=0.01 sys=0.00, real=0.00 secs] 
2095.457: [GC (Allocation Failure) [PSYoungGen: 69984K->1376K(70144K)] 420060K->351452K(566272K), 0.0024023 secs] [Times: user=0.01 sys=0.00, real=0.00 secs] 
2096.677: [GC (Allocation Failure) [PSYoungGen: 69984K->1408K(70144K)] 420060K->351484K(566272K), 0.0017551 secs] [Times: user=0.00 sys=0.00, real=0.00 secs] 
2097.528: [GC (Allocation Failure) [PSYoungGen: 70016K->1408K(70144K)] 420092K->351484K(566272K), 0.0019265 secs] [Times: user=0.00 sys=0.00, real=0.00 secs] 
2098.452: [GC (Allocation Failure) [PSYoungGen: 70016K->1408K(70144K)] 420092K->351484K(566272K), 0.0025554 secs] [Times: user=0.01 sys=0.00, real=0.01 secs] 
2098.896: [GC (Allocation Failure) [PSYoungGen: 70016K->1344K(70144K)] 420092K->351420K(566272K), 0.0019959 secs] [Times: user=0.01 sys=0.00, real=0.00 secs] 
2099.806: [GC (Allocation Failure) [PSYoungGen: 69952K->1408K(70144K)] 420028K->351484K(566272K), 0.0016518 secs] [Times: user=0.00 sys=0.00, real=0.00 secs] 
2100.422: [GC (Allocation Failure) [PSYoungGen: 70016K->1376K(70144K)] 420092K->351452K(566272K), 0.0024516 secs] [Times: user=0.01 sys=0.00, real=0.00 secs] 
2100.977: [GC (Allocation Failure) [PSYoungGen: 69984K->1408K(70144K)] 420060K->351484K(566272K), 0.0025704 secs] [Times: user=0.01 sys=0.00, real=0.00 secs] 
2101.296: [GC (Allocation Failure) [PSYoungGen: 70016K->1376K(70144K)] 420092K->351460K(566272K), 0.0019893 secs] [Times: user=0.01 sys=0.00, real=0.00 secs] 
2101.830: [GC (Allocation Failure) [PSYoungGen: 69984K->1357K(70144K)] 420068K->351441K(566272K), 0.0015991 secs] [Times: user=0.01 sys=0.00, real=0.00 secs] 
2102.795: [GC (Allocation Failure) [PSYoungGen: 69965K->1408K(70144K)] 420049K->351492K(566272K), 0.0018308 secs] [Times: user=0.01 sys=0.00, real=0.00 secs] 
2103.426: [GC (Allocation Failure) [PSYoungGen: 70016K->1392K(70144K)] 420100K->351492K(566272K), 0.0020449 secs] [Times: user=0.01 sys=0.00, real=0.00 secs] 
2103.756: [GC (Allocation Failure) [PSYoungGen: 70000K->1376K(70144K)] 420100K->351476K(566272K), 0.0020385 secs] [Times: user=0.01 sys=0.00, real=0.00 secs] 
2104.174: [GC (Allocation Failure) [PSYoungGen: 69984K->1344K(70144K)] 420084K->351444K(566272K), 0.0019779 secs] [Times: user=0.01 sys=0.00, real=0.00 secs] 
2105.081: [GC (Allocation Failure) [PSYoungGen: 69952K->1392K(70144K)] 420052K->351492K(566272K), 0.0021740 secs] [Times: user=0.01 sys=0.00, real=0.00 secs] 
2105.370: [GC (Allocation Failure) [PSYoungGen: 70000K->1408K(70144K)] 420100K->351508K(566272K), 0.0019226 secs] [Times: user=0.00 sys=0.00, real=0.00 secs] 
2105.655: [GC (Allocation Failure) [PSYoungGen: 70016K->1408K(70144K)] 420116K->351508K(566272K), 0.0018702 secs] [Times: user=0.00 sys=0.00, real=0.00 secs] 
2105.941: [GC (Allocation Failure) [PSYoungGen: 70016K->1344K(70144K)] 420116K->351444K(566272K), 0.0019489 secs] [Times: user=0.01 sys=0.00, real=0.00 secs] 
2106.692: [GC (Allocation Failure) [PSYoungGen: 69952K->864K(70144K)] 420052K->351988K(566272K), 0.0019650 secs] [Times: user=0.01 sys=0.00, real=0.01 secs] 
2106.978: [GC (Allocation Failure) [PSYoungGen: 69472K->352K(70144K)] 420596K->351476K(566272K), 0.0017735 secs] [Times: user=0.01 sys=0.00, real=0.00 secs] 
2107.263: [GC (Allocation Failure) [PSYoungGen: 68960K->320K(70656K)] 420084K->351444K(566784K), 0.0016659 secs] [Times: user=0.01 sys=0.00, real=0.01 secs] 
2107.549: [GC (Allocation Failure) [PSYoungGen: 68928K->352K(70656K)] 420052K->351476K(566784K), 0.0028170 secs] [Times: user=0.01 sys=0.00, real=0.00 secs] 
2108.002: [GC (Allocation Failure) [PSYoungGen: 68960K->1389K(75264K)] 420084K->352513K(571392K), 0.0018693 secs] [Times: user=0.00 sys=0.00, real=0.00 secs] 
2109.020: [GC (Allocation Failure) [PSYoungGen: 75117K->1392K(74752K)] 426241K->352516K(570880K), 0.0018382 secs] [Times: user=0.01 sys=0.00, real=0.00 secs] 
2109.698: [GC (Allocation Failure) [PSYoungGen: 74608K->1376K(74240K)] 425732K->352500K(570368K), 0.0029792 secs] [Times: user=0.01 sys=0.01, real=0.00 secs] 
2110.382: [GC (Allocation Failure) [PSYoungGen: 74080K->1376K(73728K)] 425204K->352508K(569856K), 0.0023773 secs] [Times: user=0.01 sys=0.00, real=0.01 secs] 
2111.239: [GC (Allocation Failure) [PSYoungGen: 73568K->1408K(73216K)] 424700K->352540K(569344K), 0.0025661 secs] [Times: user=0.00 sys=0.00, real=0.00 secs] 
2112.296: [GC (Allocation Failure) [PSYoungGen: 73088K->1408K(72704K)] 424220K->352540K(568832K), 0.0018258 secs] [Times: user=0.01 sys=0.00, real=0.00 secs] 
2112.591: [GC (Allocation Failure) [PSYoungGen: 72576K->1376K(72192K)] 423708K->352508K(568320K), 0.0018422 secs] [Times: user=0.00 sys=0.00, real=0.00 secs] 
2112.884: [GC (Allocation Failure) [PSYoungGen: 72032K->1376K(71680K)] 423164K->352508K(567808K), 0.0018370 secs] [Times: user=0.01 sys=0.01, real=0.00 secs] 
2113.176: [GC (Allocation Failure) [PSYoungGen: 71520K->1376K(71168K)] 422652K->352508K(567296K), 0.0018244 secs] [Times: user=0.01 sys=0.00, real=0.00 secs] 
2114.316: [GC (Allocation Failure) [PSYoungGen: 71008K->1408K(70656K)] 422140K->352540K(566784K), 0.0020806 secs] [Times: user=0.01 sys=0.00, real=0.00 secs] 
2115.425: [GC (Allocation Failure) [PSYoungGen: 70528K->1376K(70144K)] 421660K->352508K(566272K), 0.0027474 secs] [Times: user=0.01 sys=0.00, real=0.00 secs] 
2116.486: [GC (Allocation Failure) [PSYoungGen: 69984K->1408K(70656K)] 421116K->352540K(566784K), 0.0028843 secs] [Times: user=0.01 sys=0.00, real=0.00 secs] 
2117.132: [GC (Allocation Failure) [PSYoungGen: 70016K->1376K(70656K)] 421148K->352508K(566784K), 0.0024972 secs] [Times: user=0.01 sys=0.00, real=0.01 secs] 
2118.125: [GC (Allocation Failure) [PSYoungGen: 69984K->1408K(70656K)] 421116K->352540K(566784K), 0.0015492 secs] [Times: user=0.00 sys=0.00, real=0.00 secs] 
2118.442: [GC (Allocation Failure) [PSYoungGen: 70016K->1344K(70656K)] 421148K->352476K(566784K), 0.0016595 secs] [Times: user=0.00 sys=0.00, real=0.00 secs] 
2118.741: [GC (Allocation Failure) [PSYoungGen: 69952K->1408K(70656K)] 421084K->352540K(566784K), 0.0028443 secs] [Times: user=0.02 sys=0.00, real=0.00 secs] 
2119.031: [GC (Allocation Failure) [PSYoungGen: 70016K->1344K(70656K)] 421148K->352476K(566784K), 0.0018778 secs] [Times: user=0.01 sys=0.00, real=0.00 secs] 
2119.551: [GC (Allocation Failure) [PSYoungGen: 69952K->1389K(70656K)] 421084K->352521K(566784K), 0.0016402 secs] [Times: user=0.00 sys=0.01, real=0.00 secs] 
2120.263: [GC (Allocation Failure) [PSYoungGen: 69997K->1376K(70656K)] 421129K->352508K(566784K), 0.0018945 secs] [Times: user=0.01 sys=0.00, real=0.01 secs] 
2120.978: [GC (Allocation Failure) [PSYoungGen: 69984K->1392K(70656K)] 421116K->352524K(566784K), 0.0038237 secs] [Times: user=0.01 sys=0.00, real=0.00 secs] 
2121.874: [GC (Allocation Failure) [PSYoungGen: 70000K->1360K(70656K)] 421132K->352508K(566784K), 0.0032655 secs] [Times: user=0.01 sys=0.00, real=0.01 secs] 
2123.197: [GC (Allocation Failure) [PSYoungGen: 69968K->1376K(70656K)] 421116K->352524K(566784K), 0.0029444 secs] [Times: user=0.02 sys=0.00, real=0.00 secs] 
2124.258: [GC (Allocation Failure) [PSYoungGen: 69984K->1376K(70656K)] 421132K->352524K(566784K), 0.0017378 secs] [Times: user=0.00 sys=0.00, real=0.00 secs] 
2124.542: [GC (Allocation Failure) [PSYoungGen: 69984K->1344K(70656K)] 421132K->352492K(566784K), 0.0017136 secs] [Times: user=0.01 sys=0.00, real=0.00 secs] 
2124.827: [GC (Allocation Failure) [PSYoungGen: 69952K->1376K(70656K)] 421100K->352524K(566784K), 0.0017086 secs] [Times: user=0.01 sys=0.00, real=0.00 secs] 
2125.179: [GC (Allocation Failure) [PSYoungGen: 69984K->1376K(70656K)] 421132K->352524K(566784K), 0.0018658 secs] [Times: user=0.01 sys=0.00, real=0.00 secs] 
2126.170: [GC (Allocation Failure) [PSYoungGen: 69984K->1440K(70656K)] 421132K->352588K(566784K), 0.0017847 secs] [Times: user=0.01 sys=0.00, real=0.00 secs] 
2126.847: [GC (Allocation Failure) [PSYoungGen: 70048K->1376K(70656K)] 421196K->352524K(566784K), 0.0023567 secs] [Times: user=0.01 sys=0.00, real=0.00 secs] 
2127.132: [GC (Allocation Failure) [PSYoungGen: 69984K->1376K(70656K)] 421132K->352524K(566784K), 0.0018983 secs] [Times: user=0.01 sys=0.00, real=0.01 secs] 
2127.479: [GC (Allocation Failure) [PSYoungGen: 69984K->1408K(70144K)] 421132K->352556K(566272K), 0.0019844 secs] [Times: user=0.01 sys=0.00, real=0.00 secs] 
2128.209: [GC (Allocation Failure) [PSYoungGen: 70016K->1357K(70144K)] 421164K->352505K(566272K), 0.0015902 secs] [Times: user=0.01 sys=0.00, real=0.00 secs] 
2129.260: [GC (Allocation Failure) [PSYoungGen: 69965K->1408K(70144K)] 421113K->352556K(566272K), 0.0019260 secs] [Times: user=0.00 sys=0.00, real=0.00 secs] 
2130.175: [GC (Allocation Failure) [PSYoungGen: 70016K->1376K(70144K)] 421164K->352524K(566272K), 0.0019714 secs] [Times: user=0.01 sys=0.00, real=0.00 secs] 
2130.864: [GC (Allocation Failure) [PSYoungGen: 69984K->1376K(70144K)] 421132K->352532K(566272K), 0.0019534 secs] [Times: user=0.00 sys=0.00, real=0.00 secs] 
2131.480: [GC (Allocation Failure) [PSYoungGen: 69984K->1344K(70144K)] 421140K->352500K(566272K), 0.0022055 secs] [Times: user=0.01 sys=0.00, real=0.00 secs] 
2132.542: [GC (Allocation Failure) [PSYoungGen: 69952K->1376K(70144K)] 421108K->352532K(566272K), 0.0017303 secs] [Times: user=0.01 sys=0.00, real=0.00 secs] 
2132.848: [GC (Allocation Failure) [PSYoungGen: 69984K->1344K(70144K)] 421140K->352508K(566272K), 0.0019158 secs] [Times: user=0.01 sys=0.00, real=0.00 secs] 
2133.317: [GC (Allocation Failure) [PSYoungGen: 69952K->1360K(70144K)] 421116K->352532K(566272K), 0.0018124 secs] [Times: user=0.01 sys=0.00, real=0.00 secs] 
2133.889: [GC (Allocation Failure) [PSYoungGen: 69968K->1376K(70144K)] 421140K->352548K(566272K), 0.0021490 secs] [Times: user=0.01 sys=0.00, real=0.00 secs] 
2134.855: [GC (Allocation Failure) [PSYoungGen: 69984K->1376K(70144K)] 421156K->353060K(566272K), 0.0019082 secs] [Times: user=0.01 sys=0.00, real=0.00 secs] 
2135.560: [GC (Allocation Failure) [PSYoungGen: 69984K->1344K(70144K)] 421668K->353028K(566272K), 0.0021704 secs] [Times: user=0.00 sys=0.01, real=0.00 secs] 
2135.910: [GC (Allocation Failure) [PSYoungGen: 69952K->1312K(70144K)] 421636K->352996K(566272K), 0.0021518 secs] [Times: user=0.01 sys=0.00, real=0.00 secs] 
2136.624: [GC (Allocation Failure) [PSYoungGen: 69920K->1408K(70144K)] 421604K->353092K(566272K), 0.0024148 secs] [Times: user=0.01 sys=0.00, real=0.01 secs] 
2137.622: [GC (Allocation Failure) [PSYoungGen: 70016K->1360K(70144K)] 421700K->353044K(566272K), 0.0022530 secs] [Times: user=0.01 sys=0.00, real=0.00 secs] 
2139.079: [GC (Allocation Failure) [PSYoungGen: 69968K->1376K(70144K)] 421652K->353060K(566272K), 0.0042125 secs] [Times: user=0.02 sys=0.00, real=0.00 secs] 
2139.940: [GC (Allocation Failure) [PSYoungGen: 69984K->1376K(70144K)] 421668K->353060K(566272K), 0.0027269 secs] [Times: user=0.02 sys=0.01, real=0.00 secs] 
2140.643: [GC (Allocation Failure) [PSYoungGen: 69984K->1408K(70144K)] 421668K->353092K(566272K), 0.0026157 secs] [Times: user=0.01 sys=0.00, real=0.01 secs] 
2141.464: [GC (Allocation Failure) [PSYoungGen: 70016K->1376K(70144K)] 421700K->353060K(566272K), 0.0028348 secs] [Times: user=0.01 sys=0.00, real=0.01 secs] 
2142.846: [GC (Allocation Failure) [PSYoungGen: 69984K->1408K(70144K)] 421668K->353092K(566272K), 0.0029971 secs] [Times: user=0.01 sys=0.00, real=0.00 secs] 
2143.635: [GC (Allocation Failure) [PSYoungGen: 70016K->1392K(70144K)] 421700K->353076K(566272K), 0.0025454 secs] [Times: user=0.01 sys=0.01, real=0.00 secs] 
2144.606: [GC (Allocation Failure) [PSYoungGen: 70000K->1408K(70144K)] 421684K->353100K(566272K), 0.0027191 secs] [Times: user=0.01 sys=0.00, real=0.00 secs] 
2145.507: [GC (Allocation Failure) [PSYoungGen: 70016K->1424K(70144K)] 421708K->353116K(566272K), 0.0061119 secs] [Times: user=0.02 sys=0.00, real=0.00 secs] 
2146.892: [GC (Allocation Failure) [PSYoungGen: 70032K->1408K(70144K)] 421724K->354124K(566272K), 0.0018599 secs] [Times: user=0.00 sys=0.00, real=0.00 secs] 
2147.472: [GC (Allocation Failure) [PSYoungGen: 70016K->1376K(70144K)] 422732K->354092K(566272K), 0.0019453 secs] [Times: user=0.01 sys=0.00, real=0.00 secs] 
2148.119: [GC (Allocation Failure) [PSYoungGen: 69984K->1376K(70144K)] 422700K->354100K(566272K), 0.0023137 secs] [Times: user=0.01 sys=0.00, real=0.00 secs] 
2148.668: [GC (Allocation Failure) [PSYoungGen: 69984K->1328K(70144K)] 422708K->354052K(566272K), 0.0022057 secs] [Times: user=0.01 sys=0.00, real=0.00 secs] 
2149.220: [GC (Allocation Failure) [PSYoungGen: 69936K->1392K(70144K)] 422660K->354116K(566272K), 0.0021243 secs] [Times: user=0.01 sys=0.00, real=0.00 secs] 
2149.954: [GC (Allocation Failure) [PSYoungGen: 70000K->1440K(70144K)] 422724K->354164K(566272K), 0.0017210 secs] [Times: user=0.00 sys=0.00, real=0.01 secs] 
2150.239: [GC (Allocation Failure) [PSYoungGen: 70048K->1344K(70144K)] 422772K->354068K(566272K), 0.0017207 secs] [Times: user=0.00 sys=0.00, real=0.00 secs] 
2150.524: [GC (Allocation Failure) [PSYoungGen: 69952K->1376K(70144K)] 422676K->354100K(566272K), 0.0017670 secs] [Times: user=0.00 sys=0.00, real=0.01 secs] 
2150.941: [GC (Allocation Failure) [PSYoungGen: 69984K->1376K(70144K)] 422708K->354100K(566272K), 0.0016495 secs] [Times: user=0.00 sys=0.00, real=0.00 secs] 
2151.983: [GC (Allocation Failure) [PSYoungGen: 69984K->1408K(70144K)] 422708K->354132K(566272K), 0.0022846 secs] [Times: user=0.01 sys=0.00, real=0.01 secs] 
2152.804: [GC (Allocation Failure) [PSYoungGen: 70016K->1376K(70144K)] 422740K->354100K(566272K), 0.0023429 secs] [Times: user=0.01 sys=0.00, real=0.01 secs] 
2153.587: [GC (Allocation Failure) [PSYoungGen: 69984K->1376K(70144K)] 422708K->354108K(566272K), 0.0024713 secs] [Times: user=0.01 sys=0.00, real=0.00 secs] 
2154.624: [GC (Allocation Failure) [PSYoungGen: 69984K->1376K(70144K)] 422716K->354108K(566272K), 0.0028012 secs] [Times: user=0.01 sys=0.00, real=0.01 secs] 
2156.016: [GC (Allocation Failure) [PSYoungGen: 69984K->1520K(70144K)] 422716K->354426K(566272K), 0.0017236 secs] [Times: user=0.00 sys=0.00, real=0.00 secs] 
2156.397: [GC (Allocation Failure) [PSYoungGen: 70128K->1264K(70656K)] 423034K->354170K(566784K), 0.0020607 secs] [Times: user=0.01 sys=0.00, real=0.00 secs] 
2156.713: [GC (Allocation Failure) [PSYoungGen: 69872K->1280K(70656K)] 422778K->354186K(566784K), 0.0019718 secs] [Times: user=0.00 sys=0.00, real=0.01 secs] 
2156.998: [GC (Allocation Failure) [PSYoungGen: 69888K->1312K(70656K)] 422794K->354218K(566784K), 0.0021197 secs] [Times: user=0.01 sys=0.00, real=0.00 secs] 
2157.446: [GC (Allocation Failure) [PSYoungGen: 69920K->1328K(70656K)] 422826K->354234K(566784K), 0.0020014 secs] [Times: user=0.01 sys=0.00, real=0.00 secs] 
2158.381: [GC (Allocation Failure) [PSYoungGen: 69936K->1584K(70656K)] 422842K->354490K(566784K), 0.0016809 secs] [Times: user=0.01 sys=0.00, real=0.00 secs] 
2158.933: [GC (Allocation Failure) [PSYoungGen: 70192K->1552K(70656K)] 423098K->354458K(566784K), 0.0019351 secs] [Times: user=0.01 sys=0.00, real=0.01 secs] 
2159.389: [GC (Allocation Failure) [PSYoungGen: 70160K->1552K(70656K)] 423066K->354458K(566784K), 0.0021808 secs] [Times: user=0.01 sys=0.00, real=0.00 secs] 
2160.087: [GC (Allocation Failure) [PSYoungGen: 70160K->1552K(70656K)] 423066K->354458K(566784K), 0.0034016 secs] [Times: user=0.01 sys=0.00, real=0.00 secs] 
2162.193: [GC (Allocation Failure) [PSYoungGen: 70160K->1600K(70656K)] 423066K->354506K(566784K), 0.0038678 secs] [Times: user=0.02 sys=0.00, real=0.01 secs] 
2163.321: [GC (Allocation Failure) [PSYoungGen: 70208K->1552K(70656K)] 423114K->354458K(566784K), 0.0042255 secs] [Times: user=0.01 sys=0.01, real=0.01 secs] 
2163.780: [GC (Allocation Failure) [PSYoungGen: 70160K->1568K(70656K)] 423066K->354482K(566784K), 0.0020923 secs] [Times: user=0.01 sys=0.00, real=0.00 secs] 
2164.166: [GC (Allocation Failure) [PSYoungGen: 70176K->1536K(70656K)] 423090K->354458K(566784K), 0.0021993 secs] [Times: user=0.00 sys=0.00, real=0.00 secs] 
2165.126: [GC (Allocation Failure) [PSYoungGen: 70144K->1952K(70656K)] 423066K->354874K(566784K), 0.0018662 secs] [Times: user=0.01 sys=0.00, real=0.00 secs] 
2165.959: [GC (Allocation Failure) [PSYoungGen: 70560K->1552K(70656K)] 423482K->354474K(566784K), 0.0021979 secs] [Times: user=0.01 sys=0.00, real=0.00 secs] 
2166.847: [GC (Allocation Failure) [PSYoungGen: 70160K->1328K(70656K)] 423082K->354435K(566784K), 0.0029784 secs] [Times: user=0.01 sys=0.00, real=0.00 secs] 
2167.499: [GC (Allocation Failure) [PSYoungGen: 69936K->1440K(70656K)] 423043K->354547K(566784K), 0.0031123 secs] [Times: user=0.01 sys=0.00, real=0.00 secs] 
2168.016: [GC (Allocation Failure) [PSYoungGen: 70048K->1408K(70656K)] 423155K->354515K(566784K), 0.0026879 secs] [Times: user=0.01 sys=0.01, real=0.00 secs] 
2169.073: [GC (Allocation Failure) [PSYoungGen: 70016K->1472K(70656K)] 423123K->354579K(566784K), 0.0029676 secs] [Times: user=0.01 sys=0.00, real=0.01 secs] 
2169.441: [GC (Allocation Failure) [PSYoungGen: 70080K->1440K(70656K)] 423187K->354547K(566784K), 0.0018225 secs] [Times: user=0.01 sys=0.00, real=0.00 secs] 
2169.725: [GC (Allocation Failure) [PSYoungGen: 70048K->1344K(70656K)] 423155K->354483K(566784K), 0.0021164 secs] [Times: user=0.01 sys=0.00, real=0.00 secs] 
2170.010: [GC (Allocation Failure) [PSYoungGen: 69952K->1376K(70656K)] 423091K->354515K(566784K), 0.0020362 secs] [Times: user=0.01 sys=0.00, real=0.00 secs] 
2170.857: [GC (Allocation Failure) [PSYoungGen: 69984K->1376K(70656K)] 423123K->354515K(566784K), 0.0022521 secs] [Times: user=0.01 sys=0.00, real=0.00 secs] 
2171.143: [GC (Allocation Failure) [PSYoungGen: 69984K->1312K(70656K)] 423123K->354451K(566784K), 0.0019155 secs] [Times: user=0.01 sys=0.00, real=0.01 secs] 
2171.429: [GC (Allocation Failure) [PSYoungGen: 69920K->1408K(70656K)] 423059K->354563K(566784K), 0.0019544 secs] [Times: user=0.01 sys=0.00, real=0.00 secs] 
2171.715: [GC (Allocation Failure) [PSYoungGen: 70016K->1344K(70656K)] 423171K->354499K(566784K), 0.0019504 secs] [Times: user=0.01 sys=0.00, real=0.00 secs] 
2172.493: [GC (Allocation Failure) [PSYoungGen: 69952K->1536K(70656K)] 423107K->354691K(566784K), 0.0018461 secs] [Times: user=0.01 sys=0.00, real=0.01 secs] 
2173.712: [GC (Allocation Failure) [PSYoungGen: 70144K->1408K(70656K)] 423299K->354563K(566784K), 0.0028178 secs] [Times: user=0.01 sys=0.00, real=0.01 secs] 
2174.311: [GC (Allocation Failure) [PSYoungGen: 70016K->1408K(70656K)] 423171K->354563K(566784K), 0.0049410 secs] [Times: user=0.01 sys=0.00, real=0.01 secs] 
2174.791: [GC (Allocation Failure) [PSYoungGen: 70016K->1376K(70656K)] 423171K->354531K(566784K), 0.0027068 secs] [Times: user=0.01 sys=0.01, real=0.00 secs] 
2175.098: [GC (Allocation Failure) [PSYoungGen: 69984K->1360K(70656K)] 423139K->354515K(566784K), 0.0019442 secs] [Times: user=0.01 sys=0.00, real=0.00 secs] 
2175.879: [GC (Allocation Failure) [PSYoungGen: 69968K->1408K(70656K)] 423123K->354563K(566784K), 0.0014979 secs] [Times: user=0.01 sys=0.00, real=0.00 secs] 
2176.237: [GC (Allocation Failure) [PSYoungGen: 70016K->1408K(70656K)] 423171K->354571K(566784K), 0.0021335 secs] [Times: user=0.01 sys=0.00, real=0.00 secs] 
2176.561: [GC (Allocation Failure) [PSYoungGen: 70016K->1376K(70656K)] 423179K->354547K(566784K), 0.0020352 secs] [Times: user=0.01 sys=0.00, real=0.00 secs] 
2176.996: [GC (Allocation Failure) [PSYoungGen: 69984K->1312K(70656K)] 423155K->354491K(566784K), 0.0018613 secs] [Times: user=0.00 sys=0.00, real=0.00 secs] 
2178.773: [GC (Allocation Failure) [PSYoungGen: 69920K->1408K(70656K)] 423099K->354587K(566784K), 0.0014903 secs] [Times: user=0.00 sys=0.00, real=0.01 secs] 
2179.057: [GC (Allocation Failure) [PSYoungGen: 70016K->1376K(70656K)] 423195K->354555K(566784K), 0.0015431 secs] [Times: user=0.00 sys=0.00, real=0.00 secs] 
2179.369: [GC (Allocation Failure) [PSYoungGen: 69984K->1344K(70656K)] 423163K->354523K(566784K), 0.0017046 secs] [Times: user=0.00 sys=0.00, real=0.00 secs] 
2179.654: [GC (Allocation Failure) [PSYoungGen: 69952K->1360K(70656K)] 423131K->354539K(566784K), 0.0016267 secs] [Times: user=0.00 sys=0.00, real=0.01 secs] 
2180.415: [GC (Allocation Failure) [PSYoungGen: 69968K->1472K(70656K)] 423147K->354651K(566784K), 0.0019224 secs] [Times: user=0.00 sys=0.00, real=0.00 secs] 
2180.701: [GC (Allocation Failure) [PSYoungGen: 70080K->1376K(70656K)] 423259K->354555K(566784K), 0.0017974 secs] [Times: user=0.00 sys=0.00, real=0.00 secs] 
2181.019: [GC (Allocation Failure) [PSYoungGen: 69984K->1376K(70656K)] 423163K->354571K(566784K), 0.0019003 secs] [Times: user=0.00 sys=0.00, real=0.00 secs] 
2181.304: [GC (Allocation Failure) [PSYoungGen: 69984K->1312K(70656K)] 423179K->354507K(566784K), 0.0017231 secs] [Times: user=0.01 sys=0.00, real=0.01 secs] 
2181.660: [GC (Allocation Failure) [PSYoungGen: 69920K->1344K(70144K)] 423115K->354539K(566272K), 0.0020778 secs] [Times: user=0.01 sys=0.00, real=0.00 secs] 
2182.793: [GC (Allocation Failure) [PSYoungGen: 69952K->1376K(70144K)] 423147K->354571K(566272K), 0.0017708 secs] [Times: user=0.01 sys=0.00, real=0.01 secs] 
2183.078: [GC (Allocation Failure) [PSYoungGen: 69984K->416K(69632K)] 423179K->354635K(565760K), 0.0030409 secs] [Times: user=0.01 sys=0.00, real=0.00 secs] 
2183.364: [GC (Allocation Failure) [PSYoungGen: 69024K->352K(70656K)] 423243K->354571K(566784K), 0.0016937 secs] [Times: user=0.00 sys=0.00, real=0.01 secs] 
2183.649: [GC (Allocation Failure) [PSYoungGen: 68960K->320K(75776K)] 423179K->354539K(571904K), 0.0017414 secs] [Times: user=0.01 sys=0.00, real=0.00 secs] 
2184.393: [GC (Allocation Failure) [PSYoungGen: 74048K->1376K(74752K)] 428267K->355595K(570880K), 0.0017825 secs] [Times: user=0.01 sys=0.00, real=0.01 secs] 
2184.698: [GC (Allocation Failure) [PSYoungGen: 74592K->1312K(74240K)] 428811K->355531K(570368K), 0.0017510 secs] [Times: user=0.00 sys=0.00, real=0.00 secs] 
2184.999: [GC (Allocation Failure) [PSYoungGen: 74016K->1376K(73728K)] 428235K->355595K(569856K), 0.0018274 secs] [Times: user=0.01 sys=0.00, real=0.00 secs] 
2185.300: [GC (Allocation Failure) [PSYoungGen: 73568K->1376K(73216K)] 427787K->355595K(569344K), 0.0021718 secs] [Times: user=0.01 sys=0.00, real=0.00 secs] 
2186.206: [GC (Allocation Failure) [PSYoungGen: 73056K->1344K(72704K)] 427275K->355563K(568832K), 0.0019163 secs] [Times: user=0.01 sys=0.00, real=0.00 secs] 
2187.196: [GC (Allocation Failure) [PSYoungGen: 72512K->1360K(72192K)] 426731K->355579K(568320K), 0.0032125 secs] [Times: user=0.01 sys=0.00, real=0.00 secs] 
2187.803: [GC (Allocation Failure) [PSYoungGen: 72016K->1440K(71680K)] 426235K->355659K(567808K), 0.0027971 secs] [Times: user=0.01 sys=0.00, real=0.01 secs] 
2188.482: [GC (Allocation Failure) [PSYoungGen: 71584K->1344K(71168K)] 425803K->355563K(567296K), 0.0021136 secs] [Times: user=0.01 sys=0.00, real=0.01 secs] 
2189.719: [GC (Allocation Failure) [PSYoungGen: 70661K->1696K(71168K)] 424881K->355915K(567296K), 0.0021327 secs] [Times: user=0.01 sys=0.00, real=0.00 secs] 
2190.459: [GC (Allocation Failure) [PSYoungGen: 70816K->1408K(70144K)] 425035K->355627K(566272K), 0.0032642 secs] [Times: user=0.01 sys=0.00, real=0.00 secs] 
2190.761: [GC (Allocation Failure) [PSYoungGen: 70016K->1376K(70144K)] 424235K->355595K(566272K), 0.0019821 secs] [Times: user=0.00 sys=0.00, real=0.00 secs] 
2191.045: [GC (Allocation Failure) [PSYoungGen: 69984K->1344K(70656K)] 424203K->355587K(566784K), 0.0019508 secs] [Times: user=0.00 sys=0.00, real=0.00 secs] 
2191.373: [GC (Allocation Failure) [PSYoungGen: 69813K->288K(70656K)] 424057K->354531K(566784K), 0.0026947 secs] [Times: user=0.01 sys=0.00, real=0.01 secs] 
2192.194: [GC (Allocation Failure) [PSYoungGen: 68896K->1440K(70656K)] 423139K->355683K(566784K), 0.0028507 secs] [Times: user=0.01 sys=0.00, real=0.01 secs] 
2192.480: [GC (Allocation Failure) [PSYoungGen: 70048K->1376K(70656K)] 424291K->355619K(566784K), 0.0019420 secs] [Times: user=0.01 sys=0.00, real=0.00 secs] 
2192.765: [GC (Allocation Failure) [PSYoungGen: 69984K->1344K(70656K)] 424227K->355587K(566784K), 0.0019213 secs] [Times: user=0.01 sys=0.00, real=0.00 secs] 
2193.050: [GC (Allocation Failure) [PSYoungGen: 69952K->1376K(70656K)] 424195K->355619K(566784K), 0.0020906 secs] [Times: user=0.01 sys=0.00, real=0.00 secs] 
2194.294: [GC (Allocation Failure) [PSYoungGen: 69984K->1408K(70144K)] 424227K->355651K(566272K), 0.0028254 secs] [Times: user=0.01 sys=0.00, real=0.01 secs] 
2195.162: [GC (Allocation Failure) [PSYoungGen: 70016K->1440K(75776K)] 424259K->355683K(571904K), 0.0493923 secs] [Times: user=0.17 sys=0.11, real=0.05 secs] 
2195.766: [GC (Allocation Failure) [PSYoungGen: 75168K->1392K(79872K)] 429411K->355635K(576000K), 0.0026443 secs] [Times: user=0.01 sys=0.01, real=0.00 secs] 
2196.487: [GC (Allocation Failure) [PSYoungGen: 79216K->1376K(79872K)] 433459K->355619K(576000K), 0.0023260 secs] [Times: user=0.01 sys=0.01, real=0.00 secs] 
2197.492: [GC (Allocation Failure) [PSYoungGen: 79200K->1456K(87040K)] 433443K->355699K(583168K), 0.0015704 secs] [Times: user=0.01 sys=0.00, real=0.00 secs] 
2198.041: [GC (Allocation Failure) [PSYoungGen: 86960K->1328K(88064K)] 441203K->355571K(584192K), 0.0018143 secs] [Times: user=0.00 sys=0.01, real=0.00 secs] 
2198.763: [GC (Allocation Failure) [PSYoungGen: 87344K->1344K(95232K)] 441587K->355587K(591360K), 0.0028324 secs] [Times: user=0.01 sys=0.00, real=0.01 secs] 
2199.908: [GC (Allocation Failure) [PSYoungGen: 94528K->1421K(94208K)] 448771K->355664K(590336K), 0.0015547 secs] [Times: user=0.01 sys=0.00, real=0.00 secs] 
2201.181: [GC (Allocation Failure) [PSYoungGen: 94093K->1440K(93696K)] 448336K->355683K(589824K), 0.0025431 secs] [Times: user=0.01 sys=0.00, real=0.00 secs] 
2202.243: [GC (Allocation Failure) [PSYoungGen: 93600K->1344K(93184K)] 447843K->355587K(589312K), 0.0024564 secs] [Times: user=0.01 sys=0.00, real=0.01 secs] 
2203.198: [GC (Allocation Failure) [PSYoungGen: 92992K->1408K(92672K)] 447235K->355651K(588800K), 0.0026028 secs] [Times: user=0.01 sys=0.00, real=0.00 secs] 
2204.329: [GC (Allocation Failure) [PSYoungGen: 92544K->1408K(92160K)] 446787K->355659K(588288K), 0.0017537 secs] [Times: user=0.01 sys=0.00, real=0.00 secs] 
2205.084: [GC (Allocation Failure) [PSYoungGen: 92032K->1344K(91648K)] 446283K->355595K(587776K), 0.0020072 secs] [Times: user=0.01 sys=0.00, real=0.01 secs] 
2205.882: [GC (Allocation Failure) [PSYoungGen: 91456K->1408K(91136K)] 445707K->355659K(587264K), 0.0023384 secs] [Times: user=0.01 sys=0.00, real=0.01 secs] 
2207.344: [GC (Allocation Failure) [PSYoungGen: 91008K->1440K(90624K)] 445259K->355691K(586752K), 0.0019327 secs] [Times: user=0.01 sys=0.00, real=0.01 secs] 
2208.151: [GC (Allocation Failure) [PSYoungGen: 90528K->1376K(90112K)] 444779K->355627K(586240K), 0.0020844 secs] [Times: user=0.01 sys=0.00, real=0.00 secs] 
2209.467: [GC (Allocation Failure) [PSYoungGen: 89952K->1376K(89600K)] 444203K->355627K(585728K), 0.0039664 secs] [Times: user=0.01 sys=0.00, real=0.00 secs] 
2211.370: [GC (Allocation Failure) [PSYoungGen: 89440K->1632K(89600K)] 443691K->355883K(585728K), 0.0022180 secs] [Times: user=0.01 sys=0.00, real=0.00 secs] 
2212.138: [GC (Allocation Failure) [PSYoungGen: 89184K->1344K(88576K)] 443435K->355595K(584704K), 0.0021408 secs] [Times: user=0.01 sys=0.00, real=0.00 secs] 
2212.500: [GC (Allocation Failure) [PSYoungGen: 88384K->1344K(88064K)] 442635K->355595K(584192K), 0.0020026 secs] [Times: user=0.01 sys=0.00, real=0.00 secs] 
2212.860: [GC (Allocation Failure) [PSYoungGen: 87872K->1344K(87552K)] 442123K->355595K(583680K), 0.0019196 secs] [Times: user=0.01 sys=0.01, real=0.00 secs] 
2213.788: [GC (Allocation Failure) [PSYoungGen: 87360K->1344K(87040K)] 441611K->355595K(583168K), 0.0020692 secs] [Times: user=0.01 sys=0.00, real=0.00 secs] 
2214.509: [GC (Allocation Failure) [PSYoungGen: 86848K->1360K(86528K)] 441099K->355611K(582656K), 0.0022528 secs] [Times: user=0.01 sys=0.00, real=0.00 secs] 
2215.225: [GC (Allocation Failure) [PSYoungGen: 86352K->1344K(86016K)] 440603K->355595K(582144K), 0.0029113 secs] [Times: user=0.01 sys=0.00, real=0.00 secs] 
2217.290: [GC (Allocation Failure) [PSYoungGen: 85824K->1408K(85504K)] 440075K->355667K(581632K), 0.0051692 secs] [Times: user=0.02 sys=0.01, real=0.01 secs] 
2218.277: [GC (Allocation Failure) [PSYoungGen: 85376K->1376K(84992K)] 439635K->355635K(581120K), 0.0023556 secs] [Times: user=0.01 sys=0.00, real=0.00 secs] 
2218.906: [GC (Allocation Failure) [PSYoungGen: 84832K->1344K(84480K)] 439091K->355611K(580608K), 0.0019132 secs] [Times: user=0.00 sys=0.00, real=0.00 secs] 
2221.052: [GC (Allocation Failure) [PSYoungGen: 84288K->1392K(83968K)] 438555K->355659K(580096K), 0.0049952 secs] [Times: user=0.02 sys=0.00, real=0.01 secs] 
2222.110: [GC (Allocation Failure) [PSYoungGen: 83824K->304K(82432K)] 438091K->355595K(578560K), 0.0031271 secs] [Times: user=0.02 sys=0.00, real=0.00 secs] 
2222.730: [GC (Allocation Failure) [PSYoungGen: 82224K->336K(83456K)] 437515K->355627K(579584K), 0.0025297 secs] [Times: user=0.01 sys=0.00, real=0.00 secs] 
2224.034: [GC (Allocation Failure) [PSYoungGen: 81744K->1920K(82944K)] 437035K->357723K(579072K), 0.0028028 secs] [Times: user=0.01 sys=0.00, real=0.01 secs] 
2224.856: [GC (Allocation Failure) [PSYoungGen: 82816K->1344K(81920K)] 438619K->357147K(578048K), 0.0029653 secs] [Times: user=0.01 sys=0.00, real=0.00 secs] 
2225.500: [GC (Allocation Failure) [PSYoungGen: 81728K->288K(80896K)] 437531K->357115K(577024K), 0.0032158 secs] [Times: user=0.01 sys=0.00, real=0.00 secs] 
2225.830: [GC (Allocation Failure) [PSYoungGen: 80160K->288K(79872K)] 436987K->357123K(576000K), 0.0028510 secs] [Times: user=0.02 sys=0.00, real=0.00 secs] 
2226.894: [GC (Allocation Failure) [PSYoungGen: 79648K->1376K(80896K)] 436483K->358211K(577024K), 0.0020018 secs] [Times: user=0.01 sys=0.00, real=0.01 secs] 
2227.605: [GC (Allocation Failure) [PSYoungGen: 80224K->1344K(79872K)] 437059K->358179K(576000K), 0.0020377 secs] [Times: user=0.01 sys=0.00, real=0.00 secs] 
2227.931: [GC (Allocation Failure) [PSYoungGen: 79680K->1376K(79872K)] 436515K->358211K(576000K), 0.0022055 secs] [Times: user=0.01 sys=0.00, real=0.00 secs] 
2228.254: [GC (Allocation Failure) [PSYoungGen: 79200K->1344K(78848K)] 436035K->358179K(574976K), 0.0019847 secs] [Times: user=0.01 sys=0.00, real=0.01 secs] 
2230.123: [GC (Allocation Failure) [PSYoungGen: 78656K->1408K(78848K)] 435491K->358243K(574976K), 0.0049323 secs] [Times: user=0.02 sys=0.00, real=0.01 secs] 
2231.599: [GC (Allocation Failure) [PSYoungGen: 78208K->1376K(77824K)] 435043K->358211K(573952K), 0.0043476 secs] [Times: user=0.02 sys=0.00, real=0.00 secs] 
2232.649: [GC (Allocation Failure) [PSYoungGen: 77664K->1408K(77312K)] 434499K->358243K(573440K), 0.0029330 secs] [Times: user=0.01 sys=0.00, real=0.00 secs] 
2233.803: [GC (Allocation Failure) [PSYoungGen: 77184K->1408K(76800K)] 434019K->358243K(572928K), 0.0029925 secs] [Times: user=0.01 sys=0.00, real=0.01 secs] 
2235.264: [GC (Allocation Failure) [PSYoungGen: 76672K->1440K(76288K)] 433507K->358275K(572416K), 0.0020409 secs] [Times: user=0.01 sys=0.00, real=0.01 secs] 
2236.559: [GC (Allocation Failure) [PSYoungGen: 76192K->1344K(75776K)] 433027K->358187K(571904K), 0.0044140 secs] [Times: user=0.01 sys=0.00, real=0.00 secs] 
2237.637: [GC (Allocation Failure) [PSYoungGen: 75584K->1376K(75264K)] 432427K->358219K(571392K), 0.0031453 secs] [Times: user=0.01 sys=0.00, real=0.00 secs] 
2238.284: [GC (Allocation Failure) [PSYoungGen: 75104K->1376K(74752K)] 431947K->358219K(570880K), 0.0027527 secs] [Times: user=0.01 sys=0.00, real=0.00 secs] 
2240.118: [GC (Allocation Failure) [PSYoungGen: 74592K->1408K(74240K)] 431435K->358251K(570368K), 0.0029830 secs] [Times: user=0.01 sys=0.00, real=0.00 secs] 
2240.832: [GC (Allocation Failure) [PSYoungGen: 74112K->1408K(73728K)] 430955K->358251K(569856K), 0.0029082 secs] [Times: user=0.01 sys=0.00, real=0.01 secs] 
2241.176: [GC (Allocation Failure) [PSYoungGen: 73600K->1376K(73216K)] 430443K->358219K(569344K), 0.0021104 secs] [Times: user=0.00 sys=0.00, real=0.00 secs] 
2241.474: [GC (Allocation Failure) [PSYoungGen: 73056K->1408K(72704K)] 429899K->358251K(568832K), 0.0020160 secs] [Times: user=0.00 sys=0.00, real=0.01 secs] 
2242.193: [GC (Allocation Failure) [PSYoungGen: 72576K->1424K(72192K)] 429419K->358267K(568320K), 0.0015305 secs] [Times: user=0.01 sys=0.01, real=0.01 secs] 
2242.486: [GC (Allocation Failure) [PSYoungGen: 72080K->1376K(71680K)] 428923K->358219K(567808K), 0.0016685 secs] [Times: user=0.00 sys=0.00, real=0.00 secs] 
2242.779: [GC (Allocation Failure) [PSYoungGen: 71520K->1312K(71168K)] 428363K->358155K(567296K), 0.0014857 secs] [Times: user=0.01 sys=0.00, real=0.00 secs] 
2243.067: [GC (Allocation Failure) [PSYoungGen: 70944K->1376K(70656K)] 427787K->358219K(566784K), 0.0016617 secs] [Times: user=0.01 sys=0.00, real=0.00 secs] 
2244.187: [GC (Allocation Failure) [PSYoungGen: 70496K->1408K(70144K)] 427339K->358251K(566272K), 0.0027648 secs] [Times: user=0.01 sys=0.00, real=0.00 secs] 
2245.963: [GC (Allocation Failure) [PSYoungGen: 70016K->1376K(70144K)] 426859K->358227K(566272K), 0.0069829 secs] [Times: user=0.03 sys=0.00, real=0.01 secs] 
2246.552: [GC (Allocation Failure) [PSYoungGen: 69984K->1408K(70656K)] 426835K->358259K(566784K), 0.0026354 secs] [Times: user=0.01 sys=0.00, real=0.01 secs] 
2247.131: [GC (Allocation Failure) [PSYoungGen: 70016K->1376K(70656K)] 426867K->358227K(566784K), 0.0026852 secs] [Times: user=0.01 sys=0.00, real=0.00 secs] 
2248.141: [GC (Allocation Failure) [PSYoungGen: 69984K->1341K(70656K)] 426835K->358193K(566784K), 0.0015918 secs] [Times: user=0.00 sys=0.00, real=0.00 secs] 
2249.195: [GC (Allocation Failure) [PSYoungGen: 69949K->1440K(70656K)] 426801K->358291K(566784K), 0.0022297 secs] [Times: user=0.01 sys=0.00, real=0.00 secs] 
2250.114: [GC (Allocation Failure) [PSYoungGen: 70048K->1376K(70656K)] 426899K->358227K(566784K), 0.0026008 secs] [Times: user=0.01 sys=0.00, real=0.00 secs] 
2250.974: [GC (Allocation Failure) [PSYoungGen: 69984K->1408K(70656K)] 426835K->358259K(566784K), 0.0027979 secs] [Times: user=0.01 sys=0.00, real=0.01 secs] 
2251.864: [GC (Allocation Failure) [PSYoungGen: 70016K->1376K(70656K)] 426867K->358227K(566784K), 0.0027667 secs] [Times: user=0.01 sys=0.00, real=0.01 secs] 
2253.182: [GC (Allocation Failure) [PSYoungGen: 69984K->1408K(70656K)] 426835K->358259K(566784K), 0.0018168 secs] [Times: user=0.01 sys=0.00, real=0.00 secs] 
2254.345: [GC (Allocation Failure) [PSYoungGen: 70016K->1408K(70656K)] 426867K->358259K(566784K), 0.0046612 secs] [Times: user=0.02 sys=0.00, real=0.00 secs] 
2255.397: [GC (Allocation Failure) [PSYoungGen: 70016K->1376K(70144K)] 426867K->358235K(566272K), 0.0049008 secs] [Times: user=0.02 sys=0.00, real=0.00 secs] 
2256.065: [GC (Allocation Failure) [PSYoungGen: 69984K->1408K(70144K)] 426843K->358267K(566272K), 0.0025727 secs] [Times: user=0.01 sys=0.00, real=0.00 secs] 
2257.481: [GC (Allocation Failure) [PSYoungGen: 70016K->1408K(70144K)] 426875K->358267K(566272K), 0.0027810 secs] [Times: user=0.01 sys=0.00, real=0.00 secs] 
2258.132: [GC (Allocation Failure) [PSYoungGen: 70016K->1408K(70144K)] 426875K->358267K(566272K), 0.0030984 secs] [Times: user=0.01 sys=0.00, real=0.01 secs] 
2259.035: [GC (Allocation Failure) [PSYoungGen: 70016K->1392K(70144K)] 426875K->358251K(566272K), 0.0030521 secs] [Times: user=0.02 sys=0.00, real=0.00 secs] 
2259.582: [GC (Allocation Failure) [PSYoungGen: 70000K->1376K(70144K)] 426859K->358235K(566272K), 0.0023535 secs] [Times: user=0.01 sys=0.00, real=0.01 secs] 
2260.368: [GC (Allocation Failure) [PSYoungGen: 69984K->1373K(70144K)] 426843K->358233K(566272K), 0.0014908 secs] [Times: user=0.01 sys=0.00, real=0.00 secs] 
2260.866: [GC (Allocation Failure) [PSYoungGen: 69981K->1408K(70144K)] 426841K->358267K(566272K), 0.0015950 secs] [Times: user=0.01 sys=0.00, real=0.00 secs] 
2261.540: [GC (Allocation Failure) [PSYoungGen: 70016K->1408K(70144K)] 426875K->358267K(566272K), 0.0022251 secs] [Times: user=0.00 sys=0.00, real=0.00 secs] 
2262.324: [GC (Allocation Failure) [PSYoungGen: 70016K->1408K(70144K)] 426875K->358267K(566272K), 0.0028121 secs] [Times: user=0.01 sys=0.00, real=0.01 secs] 
2263.071: [GC (Allocation Failure) [PSYoungGen: 70016K->1328K(70144K)] 426875K->358187K(566272K), 0.0029727 secs] [Times: user=0.01 sys=0.00, real=0.00 secs] 
2264.038: [GC (Allocation Failure) [PSYoungGen: 69936K->1376K(70144K)] 426795K->358235K(566272K), 0.0022777 secs] [Times: user=0.01 sys=0.00, real=0.00 secs] 
2264.329: [GC (Allocation Failure) [PSYoungGen: 69984K->1376K(70144K)] 426843K->358235K(566272K), 0.0017158 secs] [Times: user=0.01 sys=0.00, real=0.00 secs] 
2264.810: [GC (Allocation Failure) [PSYoungGen: 69984K->1376K(70144K)] 426843K->358243K(566272K), 0.0026482 secs] [Times: user=0.01 sys=0.00, real=0.00 secs] 
2265.160: [GC (Allocation Failure) [PSYoungGen: 69984K->1376K(70144K)] 426851K->358243K(566272K), 0.0019617 secs] [Times: user=0.01 sys=0.00, real=0.00 secs] 
2266.453: [GC (Allocation Failure) [PSYoungGen: 69984K->1392K(70144K)] 426851K->358259K(566272K), 0.0076933 secs] [Times: user=0.03 sys=0.00, real=0.01 secs] 
2267.914: [GC (Allocation Failure) [PSYoungGen: 70000K->1376K(70144K)] 426867K->358243K(566272K), 0.0039683 secs] [Times: user=0.02 sys=0.00, real=0.01 secs] 
2268.555: [GC (Allocation Failure) [PSYoungGen: 69984K->1344K(70144K)] 426851K->358211K(566272K), 0.0025578 secs] [Times: user=0.01 sys=0.00, real=0.00 secs] 
2269.113: [GC (Allocation Failure) [PSYoungGen: 69952K->1408K(70144K)] 426819K->358275K(566272K), 0.0024097 secs] [Times: user=0.01 sys=0.00, real=0.01 secs] 
2270.096: [GC (Allocation Failure) [PSYoungGen: 70016K->1328K(70144K)] 426883K->358195K(566272K), 0.0016293 secs] [Times: user=0.01 sys=0.00, real=0.00 secs] 
2271.257: [GC (Allocation Failure) [PSYoungGen: 69936K->1408K(70144K)] 426803K->358275K(566272K), 0.0035092 secs] [Times: user=0.01 sys=0.00, real=0.00 secs] 
2271.681: [GC (Allocation Failure) [PSYoungGen: 70016K->1376K(70144K)] 426883K->358243K(566272K), 0.0018918 secs] [Times: user=0.01 sys=0.00, real=0.00 secs] 
2271.966: [GC (Allocation Failure) [PSYoungGen: 69984K->1344K(70144K)] 426851K->358211K(566272K), 0.0020245 secs] [Times: user=0.01 sys=0.00, real=0.00 secs] 
2272.250: [GC (Allocation Failure) [PSYoungGen: 69952K->1376K(70144K)] 426819K->358243K(566272K), 0.0017768 secs] [Times: user=0.01 sys=0.00, real=0.00 secs] 
2274.165: [GC (Allocation Failure) [PSYoungGen: 69984K->1440K(70144K)] 426851K->358315K(566272K), 0.0038519 secs] [Times: user=0.02 sys=0.00, real=0.00 secs] 
2275.350: [GC (Allocation Failure) [PSYoungGen: 70048K->1408K(70144K)] 426923K->358283K(566272K), 0.0041161 secs] [Times: user=0.02 sys=0.00, real=0.00 secs] 
2275.760: [GC (Allocation Failure) [PSYoungGen: 70016K->1408K(70144K)] 426891K->358283K(566272K), 0.0019725 secs] [Times: user=0.01 sys=0.00, real=0.00 secs] 
2276.122: [GC (Allocation Failure) [PSYoungGen: 70016K->1376K(70144K)] 426891K->358251K(566272K), 0.0019872 secs] [Times: user=0.01 sys=0.00, real=0.01 secs] 
2277.074: [GC (Allocation Failure) [PSYoungGen: 69984K->1408K(70144K)] 426859K->358283K(566272K), 0.0019411 secs] [Times: user=0.00 sys=0.00, real=0.00 secs] 
2278.473: [GC (Allocation Failure) [PSYoungGen: 70016K->1376K(70144K)] 426891K->358251K(566272K), 0.0046981 secs] [Times: user=0.02 sys=0.00, real=0.01 secs] 
2279.403: [GC (Allocation Failure) [PSYoungGen: 69984K->1424K(70144K)] 426859K->358299K(566272K), 0.0038944 secs] [Times: user=0.01 sys=0.00, real=0.01 secs] 
2280.036: [GC (Allocation Failure) [PSYoungGen: 70032K->1408K(70144K)] 426907K->358283K(566272K), 0.0025246 secs] [Times: user=0.01 sys=0.00, real=0.00 secs] 
2280.784: [GC (Allocation Failure) [PSYoungGen: 70016K->1389K(70144K)] 426891K->358265K(566272K), 0.0014656 secs] [Times: user=0.00 sys=0.00, real=0.01 secs] 
2281.683: [GC (Allocation Failure) [PSYoungGen: 69997K->1408K(70144K)] 426873K->358283K(566272K), 0.0022116 secs] [Times: user=0.01 sys=0.00, real=0.01 secs] 
2282.293: [GC (Allocation Failure) [PSYoungGen: 70016K->1376K(70144K)] 426891K->358251K(566272K), 0.0031816 secs] [Times: user=0.01 sys=0.00, real=0.01 secs] 
2282.862: [GC (Allocation Failure) [PSYoungGen: 69984K->1376K(70144K)] 426859K->358251K(566272K), 0.0034718 secs] [Times: user=0.01 sys=0.00, real=0.01 secs] 
2283.406: [GC (Allocation Failure) [PSYoungGen: 69984K->1376K(70144K)] 426859K->358251K(566272K), 0.0026841 secs] [Times: user=0.01 sys=0.00, real=0.00 secs] 
2284.947: [GC (Allocation Failure) [PSYoungGen: 69984K->1440K(70144K)] 426859K->358315K(566272K), 0.0042122 secs] [Times: user=0.02 sys=0.00, real=0.00 secs] 
2286.121: [GC (Allocation Failure) [PSYoungGen: 70048K->1344K(70144K)] 426923K->358227K(566272K), 0.0041866 secs] [Times: user=0.02 sys=0.00, real=0.01 secs] 
2286.949: [GC (Allocation Failure) [PSYoungGen: 69952K->1376K(70144K)] 426835K->358283K(566272K), 0.0030773 secs] [Times: user=0.01 sys=0.00, real=0.00 secs] 
2287.818: [GC (Allocation Failure) [PSYoungGen: 69984K->1408K(70144K)] 426891K->358315K(566272K), 0.0029500 secs] [Times: user=0.01 sys=0.00, real=0.00 secs] 
2288.873: [GC (Allocation Failure) [PSYoungGen: 70016K->1360K(70144K)] 426923K->358267K(566272K), 0.0018019 secs] [Times: user=0.00 sys=0.00, real=0.01 secs] 
2289.159: [GC (Allocation Failure) [PSYoungGen: 69968K->1376K(70144K)] 426875K->358283K(566272K), 0.0017139 secs] [Times: user=0.01 sys=0.00, real=0.00 secs] 
2289.444: [GC (Allocation Failure) [PSYoungGen: 69984K->1376K(70144K)] 426891K->358283K(566272K), 0.0017045 secs] [Times: user=0.01 sys=0.00, real=0.01 secs] 
2289.728: [GC (Allocation Failure) [PSYoungGen: 69984K->1376K(70144K)] 426891K->358283K(566272K), 0.0015730 secs] [Times: user=0.00 sys=0.00, real=0.00 secs] 
2290.115: [GC (Allocation Failure) [PSYoungGen: 69984K->1373K(70144K)] 426891K->358281K(566272K), 0.0015446 secs] [Times: user=0.00 sys=0.00, real=0.00 secs] 
2290.748: [GC (Allocation Failure) [PSYoungGen: 69981K->1344K(70144K)] 426889K->358251K(566272K), 0.0016884 secs] [Times: user=0.01 sys=0.00, real=0.00 secs] 
2291.032: [GC (Allocation Failure) [PSYoungGen: 69952K->1376K(70144K)] 426859K->358283K(566272K), 0.0016877 secs] [Times: user=0.01 sys=0.00, real=0.00 secs] 
2291.317: [GC (Allocation Failure) [PSYoungGen: 69984K->1408K(70144K)] 426891K->358323K(566272K), 0.0030493 secs] [Times: user=0.01 sys=0.00, real=0.00 secs] 
2291.603: [GC (Allocation Failure) [PSYoungGen: 70016K->1376K(70144K)] 426931K->358307K(566272K), 0.0016933 secs] [Times: user=0.00 sys=0.00, real=0.01 secs] 
2292.670: [GC (Allocation Failure) [PSYoungGen: 69984K->1408K(70144K)] 426915K->358339K(566272K), 0.0021662 secs] [Times: user=0.01 sys=0.00, real=0.00 secs] 
2293.537: [GC (Allocation Failure) [PSYoungGen: 70016K->1408K(70144K)] 426947K->358339K(566272K), 0.0021957 secs] [Times: user=0.01 sys=0.00, real=0.00 secs] 
2294.350: [GC (Allocation Failure) [PSYoungGen: 70016K->1376K(70144K)] 426947K->358307K(566272K), 0.0022707 secs] [Times: user=0.01 sys=0.00, real=0.00 secs] 
2295.185: [GC (Allocation Failure) [PSYoungGen: 69984K->1360K(70144K)] 426915K->358291K(566272K), 0.0040490 secs] [Times: user=0.02 sys=0.00, real=0.00 secs] 
2296.505: [GC (Allocation Failure) [PSYoungGen: 69968K->1408K(70144K)] 426899K->359363K(566272K), 0.0019510 secs] [Times: user=0.01 sys=0.00, real=0.00 secs] 
2297.161: [GC (Allocation Failure) [PSYoungGen: 70016K->1408K(70144K)] 427971K->359371K(566272K), 0.0020108 secs] [Times: user=0.01 sys=0.00, real=0.00 secs] 
2298.111: [GC (Allocation Failure) [PSYoungGen: 70016K->1376K(70144K)] 427979K->359347K(566272K), 0.0036032 secs] [Times: user=0.02 sys=0.00, real=0.00 secs] 
2298.865: [GC (Allocation Failure) [PSYoungGen: 69984K->1376K(70144K)] 427955K->359355K(566272K), 0.0030260 secs] [Times: user=0.02 sys=0.00, real=0.00 secs] 
2299.459: [GC (Allocation Failure) [PSYoungGen: 69984K->1373K(70144K)] 427963K->359353K(566272K), 0.0020236 secs] [Times: user=0.01 sys=0.00, real=0.00 secs] 
2300.246: [GC (Allocation Failure) [PSYoungGen: 69981K->1408K(70144K)] 427961K->359387K(566272K), 0.0020392 secs] [Times: user=0.01 sys=0.00, real=0.00 secs] 
2300.786: [GC (Allocation Failure) [PSYoungGen: 70016K->1376K(70144K)] 427995K->359355K(566272K), 0.0024319 secs] [Times: user=0.01 sys=0.00, real=0.00 secs] 
2301.559: [GC (Allocation Failure) [PSYoungGen: 69984K->1408K(70144K)] 427963K->359387K(566272K), 0.0026785 secs] [Times: user=0.01 sys=0.00, real=0.00 secs] 
2302.482: [GC (Allocation Failure) [PSYoungGen: 70016K->1376K(70144K)] 427995K->359355K(566272K), 0.0039314 secs] [Times: user=0.02 sys=0.00, real=0.01 secs] 
2303.791: [GC (Allocation Failure) [PSYoungGen: 69984K->1440K(70144K)] 427963K->359419K(566272K), 0.0022370 secs] [Times: user=0.01 sys=0.00, real=0.00 secs] 
2304.746: [GC (Allocation Failure) [PSYoungGen: 70048K->1408K(70144K)] 428027K->359387K(566272K), 0.0023586 secs] [Times: user=0.01 sys=0.00, real=0.00 secs] 
2305.636: [GC (Allocation Failure) [PSYoungGen: 70016K->1344K(70144K)] 427995K->359331K(566272K), 0.0042889 secs] [Times: user=0.02 sys=0.00, real=0.00 secs] 
2306.353: [GC (Allocation Failure) [PSYoungGen: 69952K->1408K(70144K)] 427939K->359395K(566272K), 0.0039114 secs] [Times: user=0.02 sys=0.00, real=0.01 secs] 
2307.448: [GC (Allocation Failure) [PSYoungGen: 70016K->896K(70144K)] 428003K->359907K(566272K), 0.0017348 secs] [Times: user=0.00 sys=0.00, real=0.00 secs] 
2307.783: [GC (Allocation Failure) [PSYoungGen: 69504K->320K(70144K)] 428515K->359331K(566272K), 0.0017635 secs] [Times: user=0.01 sys=0.00, real=0.01 secs] 
2308.240: [GC (Allocation Failure) [PSYoungGen: 68928K->384K(70656K)] 427939K->359395K(566784K), 0.0046473 secs] [Times: user=0.02 sys=0.00, real=0.01 secs] 
2308.993: [GC (Allocation Failure) [PSYoungGen: 68992K->368K(70656K)] 428003K->359379K(566784K), 0.0029442 secs] [Times: user=0.01 sys=0.00, real=0.01 secs] 
2309.747: [GC (Allocation Failure) [PSYoungGen: 68970K->272K(70656K)] 427981K->359283K(566784K), 0.0028356 secs] [Times: user=0.02 sys=0.00, real=0.00 secs] 
2310.838: [GC (Allocation Failure) [PSYoungGen: 68880K->1472K(70656K)] 427891K->360483K(566784K), 0.0019701 secs] [Times: user=0.01 sys=0.00, real=0.00 secs] 
2311.583: [GC (Allocation Failure) [PSYoungGen: 70080K->1440K(70144K)] 429091K->360451K(566272K), 0.0027915 secs] [Times: user=0.01 sys=0.00, real=0.01 secs] 
2312.200: [GC (Allocation Failure) [PSYoungGen: 69536K->1440K(70656K)] 428547K->360451K(566784K), 0.0026655 secs] [Times: user=0.02 sys=0.00, real=0.00 secs] 
2312.837: [GC (Allocation Failure) [PSYoungGen: 69536K->1408K(70656K)] 428547K->360419K(566784K), 0.0027569 secs] [Times: user=0.01 sys=0.00, real=0.00 secs] 
2314.025: [GC (Allocation Failure) [PSYoungGen: 69504K->1440K(70656K)] 428515K->360451K(566784K), 0.0019328 secs] [Times: user=0.01 sys=0.00, real=0.00 secs] 
2314.688: [GC (Allocation Failure) [PSYoungGen: 69536K->1344K(70656K)] 428547K->360363K(566784K), 0.0021186 secs] [Times: user=0.01 sys=0.00, real=0.00 secs] 
2315.143: [GC (Allocation Failure) [PSYoungGen: 69440K->1344K(69632K)] 428459K->360363K(565760K), 0.0020297 secs] [Times: user=0.01 sys=0.00, real=0.01 secs] 
2315.551: [GC (Allocation Failure) [PSYoungGen: 69440K->1344K(70144K)] 428459K->360363K(566272K), 0.0020540 secs] [Times: user=0.01 sys=0.00, real=0.00 secs] 
2316.410: [GC (Allocation Failure) [PSYoungGen: 69439K->160K(70144K)] 428459K->359179K(566272K), 0.0014133 secs] [Times: user=0.01 sys=0.00, real=0.00 secs] 
2317.235: [GC (Allocation Failure) [PSYoungGen: 68256K->1376K(70656K)] 427275K->360395K(566784K), 0.0041681 secs] [Times: user=0.01 sys=0.00, real=0.00 secs] 
2318.018: [GC (Allocation Failure) [PSYoungGen: 69472K->1344K(70656K)] 428491K->360363K(566784K), 0.0027794 secs] [Times: user=0.01 sys=0.00, real=0.00 secs] 
2318.736: [GC (Allocation Failure) [PSYoungGen: 69440K->1408K(70656K)] 428459K->360427K(566784K), 0.0026009 secs] [Times: user=0.01 sys=0.00, real=0.00 secs] 
2319.452: [GC (Allocation Failure) [PSYoungGen: 69504K->1376K(70656K)] 428523K->360395K(566784K), 0.0024237 secs] [Times: user=0.01 sys=0.00, real=0.01 secs] 
2320.370: [GC (Allocation Failure) [PSYoungGen: 69472K->1376K(69632K)] 428491K->360395K(565760K), 0.0019963 secs] [Times: user=0.01 sys=0.00, real=0.00 secs] 
2320.873: [GC (Allocation Failure) [PSYoungGen: 69472K->1376K(70144K)] 428491K->360395K(566272K), 0.0020642 secs] [Times: user=0.01 sys=0.01, real=0.01 secs] 
2321.484: [GC (Allocation Failure) [PSYoungGen: 69472K->1408K(70144K)] 428491K->360427K(566272K), 0.0027644 secs] [Times: user=0.01 sys=0.00, real=0.01 secs] 
2321.996: [GC (Allocation Failure) [PSYoungGen: 69504K->1376K(70144K)] 428523K->360395K(566272K), 0.0025517 secs] [Times: user=0.01 sys=0.01, real=0.00 secs] 
2323.384: [GC (Allocation Failure) [PSYoungGen: 69472K->1408K(70144K)] 428491K->360435K(566272K), 0.0024260 secs] [Times: user=0.01 sys=0.00, real=0.00 secs] 
2324.074: [GC (Allocation Failure) [PSYoungGen: 69504K->1376K(70144K)] 428531K->360403K(566272K), 0.0024343 secs] [Times: user=0.01 sys=0.00, real=0.00 secs] 
2324.698: [GC (Allocation Failure) [PSYoungGen: 69472K->1408K(70144K)] 428499K->360435K(566272K), 0.0026995 secs] [Times: user=0.01 sys=0.00, real=0.00 secs] 
2325.139: [GC (Allocation Failure) [PSYoungGen: 69504K->1376K(70144K)] 428531K->360403K(566272K), 0.0023377 secs] [Times: user=0.01 sys=0.00, real=0.00 secs] 
2325.651: [GC (Allocation Failure) [PSYoungGen: 69472K->1357K(70144K)] 428499K->360385K(566272K), 0.0015828 secs] [Times: user=0.01 sys=0.00, real=0.00 secs] 
2326.181: [GC (Allocation Failure) [PSYoungGen: 69453K->1408K(70144K)] 428481K->360435K(566272K), 0.0019338 secs] [Times: user=0.01 sys=0.00, real=0.00 secs] 
2326.464: [GC (Allocation Failure) [PSYoungGen: 69504K->1376K(70144K)] 428531K->360403K(566272K), 0.0017811 secs] [Times: user=0.01 sys=0.00, real=0.00 secs] 
2327.001: [GC (Allocation Failure) [PSYoungGen: 69472K->1376K(70144K)] 428499K->360403K(566272K), 0.0021939 secs] [Times: user=0.01 sys=0.00, real=0.00 secs] 
2327.613: [GC (Allocation Failure) [PSYoungGen: 69472K->1408K(70144K)] 428499K->360435K(566272K), 0.0031503 secs] [Times: user=0.01 sys=0.00, real=0.01 secs] 
2328.646: [GC (Allocation Failure) [PSYoungGen: 69504K->1408K(70144K)] 428531K->360435K(566272K), 0.0014721 secs] [Times: user=0.01 sys=0.00, real=0.00 secs] 
2328.928: [GC (Allocation Failure) [PSYoungGen: 69504K->1376K(70144K)] 428531K->360403K(566272K), 0.0014435 secs] [Times: user=0.01 sys=0.00, real=0.00 secs] 
2329.416: [GC (Allocation Failure) [PSYoungGen: 69472K->1328K(70144K)] 428499K->360355K(566272K), 0.0024255 secs] [Times: user=0.01 sys=0.00, real=0.00 secs] 
2330.002: [GC (Allocation Failure) [PSYoungGen: 69424K->1376K(70144K)] 428451K->360403K(566272K), 0.0024615 secs] [Times: user=0.01 sys=0.00, real=0.01 secs] 
2330.943: [GC (Allocation Failure) [PSYoungGen: 69472K->1888K(70144K)] 428499K->360915K(566272K), 0.0017904 secs] [Times: user=0.00 sys=0.00, real=0.01 secs] 
2331.226: [GC (Allocation Failure) [PSYoungGen: 69984K->1376K(70144K)] 429011K->360403K(566272K), 0.0016758 secs] [Times: user=0.01 sys=0.00, real=0.00 secs] 
2331.641: [GC (Allocation Failure) [PSYoungGen: 69472K->1312K(70144K)] 428499K->360347K(566272K), 0.0016881 secs] [Times: user=0.01 sys=0.00, real=0.00 secs] 
2332.168: [GC (Allocation Failure) [PSYoungGen: 69408K->1344K(70144K)] 428443K->360379K(566272K), 0.0018239 secs] [Times: user=0.01 sys=0.00, real=0.00 secs] 
2332.789: [GC (Allocation Failure) [PSYoungGen: 69422K->256K(70144K)] 428458K->359291K(566272K), 0.0036658 secs] [Times: user=0.01 sys=0.00, real=0.00 secs] 
2333.668: [GC (Allocation Failure) [PSYoungGen: 68352K->1408K(70144K)] 427387K->360443K(566272K), 0.0017746 secs] [Times: user=0.01 sys=0.00, real=0.00 secs] 
2334.070: [GC (Allocation Failure) [PSYoungGen: 69504K->1312K(70144K)] 428539K->360347K(566272K), 0.0019179 secs] [Times: user=0.01 sys=0.00, real=0.00 secs] 
2334.640: [GC (Allocation Failure) [PSYoungGen: 69408K->1408K(70144K)] 428443K->360443K(566272K), 0.0030017 secs] [Times: user=0.01 sys=0.00, real=0.00 secs] 
2335.276: [GC (Allocation Failure) [PSYoungGen: 69504K->1376K(70144K)] 428539K->360411K(566272K), 0.0023714 secs] [Times: user=0.01 sys=0.00, real=0.00 secs] 
2336.798: [GC (Allocation Failure) [PSYoungGen: 69472K->1440K(70144K)] 428507K->360475K(566272K), 0.0038070 secs] [Times: user=0.02 sys=0.00, real=0.00 secs] 
2337.543: [GC (Allocation Failure) [PSYoungGen: 69536K->1440K(70144K)] 428571K->360475K(566272K), 0.0026046 secs] [Times: user=0.00 sys=0.00, real=0.01 secs] 
2337.820: [GC (Allocation Failure) [PSYoungGen: 69536K->1408K(70144K)] 428571K->360443K(566272K), 0.0018110 secs] [Times: user=0.00 sys=0.00, real=0.00 secs] 
2338.136: [GC (Allocation Failure) [PSYoungGen: 69504K->1408K(70144K)] 428539K->360443K(566272K), 0.0019795 secs] [Times: user=0.01 sys=0.00, real=0.00 secs] 
2339.069: [GC (Allocation Failure) [PSYoungGen: 69504K->96K(70144K)] 428539K->359131K(566272K), 0.0013793 secs] [Times: user=0.01 sys=0.00, real=0.00 secs] 
2339.857: [GC (Allocation Failure) [PSYoungGen: 68192K->1376K(70144K)] 427227K->360411K(566272K), 0.0027088 secs] [Times: user=0.01 sys=0.00, real=0.00 secs] 
2340.388: [GC (Allocation Failure) [PSYoungGen: 69472K->1344K(70144K)] 428507K->360379K(566272K), 0.0037223 secs] [Times: user=0.02 sys=0.00, real=0.00 secs] 
2340.925: [GC (Allocation Failure) [PSYoungGen: 69440K->1328K(70144K)] 428475K->360363K(566272K), 0.0028708 secs] [Times: user=0.02 sys=0.00, real=0.00 secs] 
2341.505: [GC (Allocation Failure) [PSYoungGen: 69424K->1376K(70144K)] 428459K->360411K(566272K), 0.0024478 secs] [Times: user=0.01 sys=0.00, real=0.00 secs] 
2342.440: [GC (Allocation Failure) [PSYoungGen: 69472K->1376K(70144K)] 428507K->360419K(566272K), 0.0019843 secs] [Times: user=0.01 sys=0.00, real=0.00 secs] 
2343.076: [GC (Allocation Failure) [PSYoungGen: 69472K->1376K(70144K)] 428515K->360419K(566272K), 0.0021841 secs] [Times: user=0.01 sys=0.00, real=0.00 secs] 
2343.756: [GC (Allocation Failure) [PSYoungGen: 69472K->1408K(70144K)] 428515K->360451K(566272K), 0.0029766 secs] [Times: user=0.01 sys=0.00, real=0.00 secs] 
2344.617: [GC (Allocation Failure) [PSYoungGen: 69504K->1408K(70144K)] 428547K->360451K(566272K), 0.0029918 secs] [Times: user=0.01 sys=0.00, real=0.00 secs] 
2345.741: [GC (Allocation Failure) [PSYoungGen: 69504K->1376K(70144K)] 428547K->360419K(566272K), 0.0016565 secs] [Times: user=0.00 sys=0.00, real=0.00 secs] 
2346.186: [GC (Allocation Failure) [PSYoungGen: 69472K->1376K(70144K)] 428515K->360419K(566272K), 0.0017880 secs] [Times: user=0.01 sys=0.00, real=0.00 secs] 
2346.731: [GC (Allocation Failure) [PSYoungGen: 69472K->1376K(70144K)] 428515K->360419K(566272K), 0.0035773 secs] [Times: user=0.02 sys=0.00, real=0.01 secs] 
2347.359: [GC (Allocation Failure) [PSYoungGen: 69472K->1344K(70144K)] 428515K->360387K(566272K), 0.0027336 secs] [Times: user=0.01 sys=0.00, real=0.00 secs] 
2348.139: [GC (Allocation Failure) [PSYoungGen: 69440K->1325K(70144K)] 428483K->360369K(566272K), 0.0015361 secs] [Times: user=0.01 sys=0.00, real=0.00 secs] 
2351.118: [GC (Allocation Failure) [PSYoungGen: 69421K->1440K(70144K)] 428465K->360483K(566272K), 0.0043712 secs] [Times: user=0.02 sys=0.00, real=0.00 secs] 
2352.397: [GC (Allocation Failure) [PSYoungGen: 69536K->1360K(70144K)] 428579K->360403K(566272K), 0.0027629 secs] [Times: user=0.01 sys=0.00, real=0.00 secs] 
2353.158: [GC (Allocation Failure) [PSYoungGen: 69456K->1344K(70144K)] 428499K->360387K(566272K), 0.0022823 secs] [Times: user=0.01 sys=0.00, real=0.00 secs] 
2353.789: [GC (Allocation Failure) [PSYoungGen: 69440K->1376K(70144K)] 428483K->360419K(566272K), 0.0042444 secs] [Times: user=0.02 sys=0.00, real=0.00 secs] 
2354.627: [GC (Allocation Failure) [PSYoungGen: 69472K->1344K(70144K)] 428515K->360387K(566272K), 0.0017745 secs] [Times: user=0.01 sys=0.00, real=0.00 secs] 
2354.910: [GC (Allocation Failure) [PSYoungGen: 69440K->1360K(70144K)] 428483K->360403K(566272K), 0.0018069 secs] [Times: user=0.01 sys=0.00, real=0.00 secs] 
2355.193: [GC (Allocation Failure) [PSYoungGen: 69456K->1344K(69632K)] 428499K->360395K(565760K), 0.0018097 secs] [Times: user=0.01 sys=0.00, real=0.01 secs] 
2355.476: [GC (Allocation Failure) [PSYoungGen: 69440K->1376K(69632K)] 428491K->360427K(565760K), 0.0023608 secs] [Times: user=0.01 sys=0.00, real=0.00 secs] 
2356.268: [GC (Allocation Failure) [PSYoungGen: 69472K->864K(69120K)] 428523K->360939K(565248K), 0.0018019 secs] [Times: user=0.00 sys=0.00, real=0.00 secs] 
2356.556: [GC (Allocation Failure) [PSYoungGen: 68960K->384K(70144K)] 429035K->360459K(566272K), 0.0021340 secs] [Times: user=0.01 sys=0.00, real=0.00 secs] 
2356.837: [GC (Allocation Failure) [PSYoungGen: 68480K->384K(70144K)] 428555K->360459K(566272K), 0.0020143 secs] [Times: user=0.01 sys=0.00, real=0.00 secs] 
2357.120: [GC (Allocation Failure) [PSYoungGen: 68480K->320K(70144K)] 428555K->360395K(566272K), 0.0019678 secs] [Times: user=0.01 sys=0.00, real=0.00 secs] 
2357.431: [GC (Allocation Failure) [PSYoungGen: 68416K->1328K(70144K)] 428491K->361403K(566272K), 0.0019191 secs] [Times: user=0.01 sys=0.00, real=0.00 secs] 
2358.261: [GC (Allocation Failure) [PSYoungGen: 69424K->1408K(70144K)] 429499K->361483K(566272K), 0.0016274 secs] [Times: user=0.01 sys=0.00, real=0.00 secs] 
2358.775: [GC (Allocation Failure) [PSYoungGen: 69504K->1376K(70144K)] 429579K->361451K(566272K), 0.0038945 secs] [Times: user=0.02 sys=0.00, real=0.00 secs] 
2359.293: [GC (Allocation Failure) [PSYoungGen: 69472K->1376K(70144K)] 429547K->361451K(566272K), 0.0024357 secs] [Times: user=0.01 sys=0.00, real=0.01 secs] 
2359.926: [GC (Allocation Failure) [PSYoungGen: 69472K->1344K(70144K)] 429547K->361427K(566272K), 0.0023579 secs] [Times: user=0.01 sys=0.00, real=0.00 secs] 
2360.780: [GC (Allocation Failure) [PSYoungGen: 69440K->1392K(70144K)] 429523K->361475K(566272K), 0.0017516 secs] [Times: user=0.01 sys=0.00, real=0.00 secs] 
2361.063: [GC (Allocation Failure) [PSYoungGen: 69488K->1376K(70144K)] 429571K->361459K(566272K), 0.0016059 secs] [Times: user=0.00 sys=0.00, real=0.01 secs] 
2361.346: [GC (Allocation Failure) [PSYoungGen: 69472K->1344K(70144K)] 429555K->361427K(566272K), 0.0016932 secs] [Times: user=0.00 sys=0.00, real=0.00 secs] 
2361.628: [GC (Allocation Failure) [PSYoungGen: 69440K->1344K(70144K)] 429523K->361427K(566272K), 0.0017064 secs] [Times: user=0.00 sys=0.00, real=0.00 secs] 
2362.319: [GC (Allocation Failure) [PSYoungGen: 69440K->1408K(70144K)] 429523K->361491K(566272K), 0.0015120 secs] [Times: user=0.01 sys=0.00, real=0.00 secs] 
2364.173: [GC (Allocation Failure) [PSYoungGen: 69504K->1440K(70144K)] 429587K->361523K(566272K), 0.0029017 secs] [Times: user=0.01 sys=0.00, real=0.01 secs] 
2364.523: [GC (Allocation Failure) [PSYoungGen: 69536K->1440K(70144K)] 429619K->361523K(566272K), 0.0019824 secs] [Times: user=0.01 sys=0.00, real=0.01 secs] 
2364.811: [GC (Allocation Failure) [PSYoungGen: 69536K->1408K(70144K)] 429619K->361491K(566272K), 0.0019659 secs] [Times: user=0.01 sys=0.00, real=0.00 secs] 
2365.104: [GC (Allocation Failure) [PSYoungGen: 69504K->1376K(70144K)] 429587K->361459K(566272K), 0.0020693 secs] [Times: user=0.01 sys=0.00, real=0.01 secs] 
2366.552: [GC (Allocation Failure) [PSYoungGen: 69472K->1376K(70144K)] 429555K->361459K(566272K), 0.0028314 secs] [Times: user=0.01 sys=0.00, real=0.01 secs] 
2367.702: [GC (Allocation Failure) [PSYoungGen: 69472K->1344K(70144K)] 429555K->361427K(566272K), 0.0036187 secs] [Times: user=0.01 sys=0.00, real=0.01 secs] 
2368.538: [GC (Allocation Failure) [PSYoungGen: 69440K->1360K(70144K)] 429523K->361443K(566272K), 0.0028644 secs] [Times: user=0.01 sys=0.00, real=0.00 secs] 
2369.412: [GC (Allocation Failure) [PSYoungGen: 69456K->1408K(70144K)] 429539K->361491K(566272K), 0.0037048 secs] [Times: user=0.01 sys=0.00, real=0.01 secs] 
2370.647: [GC (Allocation Failure) [PSYoungGen: 69504K->1440K(70144K)] 429587K->361523K(566272K), 0.0018640 secs] [Times: user=0.01 sys=0.00, real=0.00 secs] 
2371.653: [GC (Allocation Failure) [PSYoungGen: 69536K->1344K(70144K)] 429619K->361427K(566272K), 0.0020057 secs] [Times: user=0.00 sys=0.00, real=0.01 secs] 
2372.219: [GC (Allocation Failure) [PSYoungGen: 69440K->1344K(70144K)] 429523K->361435K(566272K), 0.0018603 secs] [Times: user=0.01 sys=0.00, real=0.00 secs] 
2372.813: [GC (Allocation Failure) [PSYoungGen: 69440K->1344K(70144K)] 429531K->361435K(566272K), 0.0021916 secs] [Times: user=0.01 sys=0.00, real=0.01 secs] 
2373.341: [GC (Allocation Failure) [PSYoungGen: 69440K->1389K(70144K)] 429531K->361481K(566272K), 0.0015469 secs] [Times: user=0.00 sys=0.00, real=0.00 secs] 
2374.685: [GC (Allocation Failure) [PSYoungGen: 69485K->1408K(70144K)] 429577K->361499K(566272K), 0.0024209 secs] [Times: user=0.01 sys=0.00, real=0.00 secs] 
2375.546: [GC (Allocation Failure) [PSYoungGen: 69504K->1344K(70144K)] 429595K->361443K(566272K), 0.0022304 secs] [Times: user=0.01 sys=0.00, real=0.00 secs] 
2376.154: [GC (Allocation Failure) [PSYoungGen: 69440K->1408K(70144K)] 429539K->361507K(566272K), 0.0024573 secs] [Times: user=0.01 sys=0.00, real=0.01 secs] 
2376.751: [GC (Allocation Failure) [PSYoungGen: 69504K->1344K(70144K)] 429603K->361443K(566272K), 0.0021579 secs] [Times: user=0.01 sys=0.00, real=0.00 secs] 
2378.691: [GC (Allocation Failure) [PSYoungGen: 69440K->1408K(70144K)] 429539K->361507K(566272K), 0.0034482 secs] [Times: user=0.01 sys=0.00, real=0.01 secs] 
2379.253: [GC (Allocation Failure) [PSYoungGen: 69504K->1440K(70144K)] 429603K->361539K(566272K), 0.0063040 secs] [Times: user=0.02 sys=0.00, real=0.01 secs] 
2380.030: [GC (Allocation Failure) [PSYoungGen: 69536K->1408K(70144K)] 429635K->361507K(566272K), 0.0023308 secs] [Times: user=0.01 sys=0.00, real=0.00 secs] 
2380.846: [GC (Allocation Failure) [PSYoungGen: 69504K->1344K(70144K)] 429603K->361443K(566272K), 0.0024105 secs] [Times: user=0.01 sys=0.00, real=0.00 secs] 
2382.188: [GC (Allocation Failure) [PSYoungGen: 69440K->1904K(70144K)] 429539K->362003K(566272K), 0.0029047 secs] [Times: user=0.01 sys=0.00, real=0.00 secs] 
2384.219: [GC (Allocation Failure) [PSYoungGen: 70000K->1376K(70144K)] 430099K->361475K(566272K), 0.0038344 secs] [Times: user=0.01 sys=0.00, real=0.00 secs] 
2385.679: [GC (Allocation Failure) [PSYoungGen: 69472K->1312K(70144K)] 429571K->361411K(566272K), 0.0034265 secs] [Times: user=0.01 sys=0.00, real=0.00 secs] 
2386.354: [GC (Allocation Failure) [PSYoungGen: 69408K->1376K(70144K)] 429507K->361475K(566272K), 0.0030820 secs] [Times: user=0.01 sys=0.00, real=0.00 secs] 
2386.961: [GC (Allocation Failure) [PSYoungGen: 69472K->1376K(70144K)] 429571K->361499K(566272K), 0.0022076 secs] [Times: user=0.01 sys=0.00, real=0.00 secs] 
2388.041: [GC (Allocation Failure) [PSYoungGen: 69472K->1408K(70144K)] 429595K->361531K(566272K), 0.0018640 secs] [Times: user=0.01 sys=0.00, real=0.00 secs] 
2388.668: [GC (Allocation Failure) [PSYoungGen: 69504K->1296K(70144K)] 429627K->361419K(566272K), 0.0021221 secs] [Times: user=0.01 sys=0.00, real=0.00 secs] 
2388.995: [GC (Allocation Failure) [PSYoungGen: 69392K->1344K(70144K)] 429515K->361467K(566272K), 0.0019335 secs] [Times: user=0.01 sys=0.00, real=0.00 secs] 
2389.488: [GC (Allocation Failure) [PSYoungGen: 69440K->1312K(70144K)] 429563K->361435K(566272K), 0.0026673 secs] [Times: user=0.01 sys=0.00, real=0.00 secs] 
2390.376: [GC (Allocation Failure) [PSYoungGen: 69408K->1408K(70144K)] 429531K->361531K(566272K), 0.0018000 secs] [Times: user=0.01 sys=0.00, real=0.00 secs] 
2390.659: [GC (Allocation Failure) [PSYoungGen: 69504K->1344K(70144K)] 429627K->361467K(566272K), 0.0018009 secs] [Times: user=0.01 sys=0.00, real=0.00 secs] 
2390.942: [GC (Allocation Failure) [PSYoungGen: 69440K->1376K(70144K)] 429563K->361499K(566272K), 0.0018085 secs] [Times: user=0.01 sys=0.00, real=0.00 secs] 
2391.227: [GC (Allocation Failure) [PSYoungGen: 69472K->1344K(70144K)] 429595K->361467K(566272K), 0.0029311 secs] [Times: user=0.01 sys=0.00, real=0.00 secs] 
2391.922: [GC (Allocation Failure) [PSYoungGen: 69440K->1357K(69632K)] 429563K->361481K(565760K), 0.0015807 secs] [Times: user=0.00 sys=0.00, real=0.00 secs] 
2393.018: [GC (Allocation Failure) [PSYoungGen: 69453K->1440K(69632K)] 429577K->361563K(565760K), 0.0031971 secs] [Times: user=0.02 sys=0.00, real=0.00 secs] 
2393.653: [GC (Allocation Failure) [PSYoungGen: 69536K->1376K(69632K)] 429659K->361507K(565760K), 0.0019289 secs] [Times: user=0.01 sys=0.00, real=0.01 secs] 
2394.339: [GC (Allocation Failure) [PSYoungGen: 69472K->1360K(69632K)] 429603K->361491K(565760K), 0.0032023 secs] [Times: user=0.01 sys=0.00, real=0.00 secs] 
2394.925: [GC (Allocation Failure) [PSYoungGen: 69456K->336K(69120K)] 429587K->361491K(565248K), 0.0024703 secs] [Times: user=0.00 sys=0.00, real=0.00 secs] 
2396.202: [GC (Allocation Failure) [PSYoungGen: 68432K->1440K(70144K)] 429587K->362595K(566272K), 0.0027341 secs] [Times: user=0.01 sys=0.00, real=0.01 secs] 
2396.958: [GC (Allocation Failure) [PSYoungGen: 69536K->1376K(70144K)] 430691K->362531K(566272K), 0.0029000 secs] [Times: user=0.01 sys=0.00, real=0.00 secs] 
2397.644: [GC (Allocation Failure) [PSYoungGen: 69472K->1408K(70144K)] 430627K->362563K(566272K), 0.0028039 secs] [Times: user=0.01 sys=0.00, real=0.01 secs] 
2398.418: [GC (Allocation Failure) [PSYoungGen: 69504K->1376K(70144K)] 430659K->362531K(566272K), 0.0042435 secs] [Times: user=0.01 sys=0.00, real=0.00 secs] 
2399.775: [GC (Allocation Failure) [PSYoungGen: 69472K->1408K(70144K)] 430627K->362563K(566272K), 0.0020032 secs] [Times: user=0.01 sys=0.00, real=0.00 secs] 
2400.843: [GC (Allocation Failure) [PSYoungGen: 69504K->1376K(70144K)] 430659K->362531K(566272K), 0.0041460 secs] [Times: user=0.02 sys=0.00, real=0.01 secs] 
2401.510: [GC (Allocation Failure) [PSYoungGen: 69472K->1376K(70144K)] 430627K->362531K(566272K), 0.0035139 secs] [Times: user=0.02 sys=0.01, real=0.00 secs] 
2401.980: [GC (Allocation Failure) [PSYoungGen: 69472K->1376K(70144K)] 430627K->362531K(566272K), 0.0024056 secs] [Times: user=0.01 sys=0.01, real=0.00 secs] 
2402.630: [GC (Allocation Failure) [PSYoungGen: 69472K->1341K(70144K)] 430627K->362497K(566272K), 0.0014608 secs] [Times: user=0.00 sys=0.00, real=0.00 secs] 
2403.524: [GC (Allocation Failure) [PSYoungGen: 69437K->1408K(70144K)] 430593K->362563K(566272K), 0.0019960 secs] [Times: user=0.01 sys=0.00, real=0.01 secs] 
2404.136: [GC (Allocation Failure) [PSYoungGen: 69504K->1376K(70144K)] 430659K->362531K(566272K), 0.0021511 secs] [Times: user=0.00 sys=0.00, real=0.00 secs] 
2404.744: [GC (Allocation Failure) [PSYoungGen: 69472K->1376K(70144K)] 430627K->362539K(566272K), 0.0021913 secs] [Times: user=0.01 sys=0.00, real=0.01 secs] 
2405.027: [GC (Allocation Failure) [PSYoungGen: 69472K->1344K(70144K)] 430635K->362507K(566272K), 0.0019133 secs] [Times: user=0.01 sys=0.00, real=0.00 secs] 
2405.922: [GC (Allocation Failure) [PSYoungGen: 69440K->1408K(70144K)] 430603K->362571K(566272K), 0.0017965 secs] [Times: user=0.01 sys=0.00, real=0.00 secs] 
2406.268: [GC (Allocation Failure) [PSYoungGen: 69504K->1344K(69632K)] 430667K->362507K(565760K), 0.0019652 secs] [Times: user=0.01 sys=0.00, real=0.00 secs] 
2406.552: [GC (Allocation Failure) [PSYoungGen: 69440K->1344K(69632K)] 430603K->362507K(565760K), 0.0019640 secs] [Times: user=0.01 sys=0.00, real=0.00 secs] 
2406.878: [GC (Allocation Failure) [PSYoungGen: 69440K->1376K(69632K)] 430603K->362539K(565760K), 0.0019600 secs] [Times: user=0.00 sys=0.00, real=0.00 secs] 
2407.733: [GC (Allocation Failure) [PSYoungGen: 69472K->1440K(69632K)] 430635K->363627K(565760K), 0.0030405 secs] [Times: user=0.01 sys=0.00, real=0.01 secs] 
2408.496: [GC (Allocation Failure) [PSYoungGen: 69536K->1408K(69632K)] 431723K->363595K(565760K), 0.0021826 secs] [Times: user=0.01 sys=0.00, real=0.00 secs] 
2409.344: [GC (Allocation Failure) [PSYoungGen: 69504K->1344K(69632K)] 431691K->363531K(565760K), 0.0023972 secs] [Times: user=0.01 sys=0.00, real=0.01 secs] 
2410.031: [GC (Allocation Failure) [PSYoungGen: 69440K->1344K(69632K)] 431627K->363531K(565760K), 0.0072761 secs] [Times: user=0.03 sys=0.00, real=0.01 secs] 
2410.591: [GC (Allocation Failure) [PSYoungGen: 69440K->1376K(69632K)] 431627K->363563K(565760K), 0.0021695 secs] [Times: user=0.01 sys=0.00, real=0.00 secs] 
2411.366: [GC (Allocation Failure) [PSYoungGen: 69472K->1440K(69632K)] 431659K->363627K(565760K), 0.0018847 secs] [Times: user=0.01 sys=0.00, real=0.00 secs] 
2411.906: [GC (Allocation Failure) [PSYoungGen: 69536K->1344K(69632K)] 431723K->363547K(565760K), 0.0020924 secs] [Times: user=0.00 sys=0.00, real=0.00 secs] 
2412.468: [GC (Allocation Failure) [PSYoungGen: 69440K->1408K(69632K)] 431643K->363619K(565760K), 0.0024038 secs] [Times: user=0.01 sys=0.00, real=0.00 secs] 
2413.140: [GC (Allocation Failure) [PSYoungGen: 69504K->1376K(69632K)] 431715K->363587K(565760K), 0.0023954 secs] [Times: user=0.01 sys=0.00, real=0.00 secs] 
2414.098: [GC (Allocation Failure) [PSYoungGen: 69472K->1408K(69632K)] 431683K->363619K(565760K), 0.0018333 secs] [Times: user=0.00 sys=0.00, real=0.00 secs] 
2414.381: [GC (Allocation Failure) [PSYoungGen: 69504K->1344K(69632K)] 431715K->363555K(565760K), 0.0018181 secs] [Times: user=0.00 sys=0.00, real=0.00 secs] 
2414.774: [GC (Allocation Failure) [PSYoungGen: 69440K->1344K(69632K)] 431651K->363555K(565760K), 0.0018959 secs] [Times: user=0.01 sys=0.00, real=0.01 secs] 
2415.307: [GC (Allocation Failure) [PSYoungGen: 69440K->1344K(69632K)] 431651K->363555K(565760K), 0.0019930 secs] [Times: user=0.01 sys=0.00, real=0.00 secs] 
2416.185: [GC (Allocation Failure) [PSYoungGen: 69440K->1341K(69632K)] 431651K->363553K(565760K), 0.0014639 secs] [Times: user=0.00 sys=0.00, real=0.00 secs] 
2417.000: [GC (Allocation Failure) [PSYoungGen: 69437K->1408K(69632K)] 431649K->363619K(565760K), 0.0022757 secs] [Times: user=0.01 sys=0.00, real=0.00 secs] 
2417.521: [GC (Allocation Failure) [PSYoungGen: 69504K->1376K(69632K)] 431715K->363595K(565760K), 0.0022868 secs] [Times: user=0.01 sys=0.00, real=0.00 secs] 
2418.170: [GC (Allocation Failure) [PSYoungGen: 69472K->1408K(69632K)] 431691K->363627K(565760K), 0.0021468 secs] [Times: user=0.00 sys=0.00, real=0.00 secs] 
2419.058: [GC (Allocation Failure) [PSYoungGen: 69504K->1408K(69632K)] 431723K->363635K(565760K), 0.0029855 secs] [Times: user=0.01 sys=0.00, real=0.00 secs] 
2420.349: [GC (Allocation Failure) [PSYoungGen: 69504K->1408K(69632K)] 431731K->363635K(565760K), 0.0036077 secs] [Times: user=0.02 sys=0.00, real=0.00 secs] 
2420.874: [GC (Allocation Failure) [PSYoungGen: 69504K->1376K(69632K)] 431731K->363603K(565760K), 0.0026845 secs] [Times: user=0.01 sys=0.00, real=0.00 secs] 
2421.593: [GC (Allocation Failure) [PSYoungGen: 69472K->1408K(69632K)] 431699K->363635K(565760K), 0.0036722 secs] [Times: user=0.01 sys=0.00, real=0.01 secs] 
2422.289: [GC (Allocation Failure) [PSYoungGen: 69504K->1344K(69632K)] 431731K->363571K(565760K), 0.0028028 secs] [Times: user=0.01 sys=0.00, real=0.00 secs] 
2423.475: [GC (Allocation Failure) [PSYoungGen: 69440K->1440K(69632K)] 431667K->363675K(565760K), 0.0017836 secs] [Times: user=0.01 sys=0.00, real=0.00 secs] 
2424.130: [GC (Allocation Failure) [PSYoungGen: 69536K->1376K(69632K)] 431771K->363611K(565760K), 0.0018611 secs] [Times: user=0.01 sys=0.00, real=0.00 secs] 
2424.608: [GC (Allocation Failure) [PSYoungGen: 69472K->1376K(69632K)] 431707K->363611K(565760K), 0.0019457 secs] [Times: user=0.01 sys=0.00, real=0.00 secs] 
2424.908: [GC (Allocation Failure) [PSYoungGen: 69472K->1376K(69632K)] 431707K->363611K(565760K), 0.0020138 secs] [Times: user=0.01 sys=0.00, real=0.00 secs] 
2425.441: [GC (Allocation Failure) [PSYoungGen: 69472K->1360K(69632K)] 431707K->363596K(565760K), 0.0019681 secs] [Times: user=0.01 sys=0.00, real=0.00 secs] 
2426.109: [GC (Allocation Failure) [PSYoungGen: 69456K->1376K(69632K)] 431692K->363611K(565760K), 0.0027224 secs] [Times: user=0.01 sys=0.00, real=0.00 secs] 
2426.453: [GC (Allocation Failure) [PSYoungGen: 69472K->1344K(69632K)] 431707K->363579K(565760K), 0.0021820 secs] [Times: user=0.01 sys=0.00, real=0.01 secs] 
2426.829: [GC (Allocation Failure) [PSYoungGen: 69440K->1312K(69632K)] 431675K->363547K(565760K), 0.0020649 secs] [Times: user=0.01 sys=0.00, real=0.00 secs] 
2427.112: [GC (Allocation Failure) [PSYoungGen: 69408K->1344K(69632K)] 431643K->363579K(565760K), 0.0019232 secs] [Times: user=0.01 sys=0.00, real=0.00 secs] 
2428.212: [GC (Allocation Failure) [PSYoungGen: 69440K->1440K(69632K)] 431675K->363675K(565760K), 0.0026814 secs] [Times: user=0.01 sys=0.00, real=0.01 secs] 
2428.965: [GC (Allocation Failure) [PSYoungGen: 69536K->1408K(69632K)] 431771K->363643K(565760K), 0.0030848 secs] [Times: user=0.01 sys=0.00, real=0.00 secs] 
2429.636: [GC (Allocation Failure) [PSYoungGen: 69504K->1360K(69632K)] 431739K->363595K(565760K), 0.0034461 secs] [Times: user=0.01 sys=0.00, real=0.00 secs] 
2430.254: [GC (Allocation Failure) [PSYoungGen: 69456K->1392K(69632K)] 431691K->363627K(565760K), 0.0030068 secs] [Times: user=0.02 sys=0.00, real=0.00 secs] 
2431.179: [GC (Allocation Failure) [PSYoungGen: 69488K->928K(69632K)] 431723K->364195K(565760K), 0.0014746 secs] [Times: user=0.01 sys=0.00, real=0.00 secs] 
2431.875: [GC (Allocation Failure) [PSYoungGen: 69024K->352K(69120K)] 432291K->363627K(565248K), 0.0017388 secs] [Times: user=0.01 sys=0.00, real=0.00 secs] 
2432.484: [GC (Allocation Failure) [PSYoungGen: 67936K->336K(69632K)] 431211K->363619K(565760K), 0.0042166 secs] [Times: user=0.01 sys=0.00, real=0.01 secs] 
2433.229: [GC (Allocation Failure) [PSYoungGen: 67920K->400K(69632K)] 431203K->363683K(565760K), 0.0026766 secs] [Times: user=0.01 sys=0.00, real=0.00 secs] 
2433.751: [GC (Allocation Failure) [PSYoungGen: 67984K->416K(69632K)] 431267K->363699K(565760K), 0.0026978 secs] [Times: user=0.01 sys=0.00, real=0.00 secs] 
2435.062: [GC (Allocation Failure) [PSYoungGen: 68000K->1472K(69632K)] 431283K->364763K(565760K), 0.0032086 secs] [Times: user=0.01 sys=0.00, real=0.01 secs] 
2435.622: [GC (Allocation Failure) [PSYoungGen: 69056K->1424K(69632K)] 432347K->364716K(565760K), 0.0042863 secs] [Times: user=0.02 sys=0.00, real=0.01 secs] 
2436.148: [GC (Allocation Failure) [PSYoungGen: 69008K->1440K(69120K)] 432300K->364731K(565248K), 0.0035912 secs] [Times: user=0.02 sys=0.00, real=0.00 secs] 
2436.669: [GC (Allocation Failure) [PSYoungGen: 68512K->1408K(69632K)] 431803K->364699K(565760K), 0.0028743 secs] [Times: user=0.01 sys=0.00, real=0.00 secs] 
2438.067: [GC (Allocation Failure) [PSYoungGen: 68480K->1472K(69632K)] 431771K->364763K(565760K), 0.0028268 secs] [Times: user=0.01 sys=0.00, real=0.00 secs] 
2438.640: [GC (Allocation Failure) [PSYoungGen: 68544K->1440K(69632K)] 431835K->364731K(565760K), 0.0028217 secs] [Times: user=0.01 sys=0.00, real=0.00 secs] 
2439.181: [GC (Allocation Failure) [PSYoungGen: 68512K->1440K(69632K)] 431803K->364731K(565760K), 0.0027809 secs] [Times: user=0.01 sys=0.00, real=0.00 secs] 
2439.744: [GC (Allocation Failure) [PSYoungGen: 68512K->1376K(69632K)] 431803K->364667K(565760K), 0.0026131 secs] [Times: user=0.01 sys=0.00, real=0.01 secs] 
2440.616: [GC (Allocation Failure) [PSYoungGen: 68448K->1389K(68608K)] 431739K->364681K(564736K), 0.0016252 secs] [Times: user=0.00 sys=0.00, real=0.00 secs] 
2441.590: [GC (Allocation Failure) [PSYoungGen: 68461K->1472K(69120K)] 431753K->364763K(565248K), 0.0033332 secs] [Times: user=0.02 sys=0.00, real=0.00 secs] 
2442.430: [GC (Allocation Failure) [PSYoungGen: 68544K->1376K(69120K)] 431835K->364675K(565248K), 0.0026600 secs] [Times: user=0.01 sys=0.00, real=0.00 secs] 
2443.301: [GC (Allocation Failure) [PSYoungGen: 68448K->1440K(69120K)] 431747K->364739K(565248K), 0.0030598 secs] [Times: user=0.01 sys=0.00, real=0.00 secs] 
2443.920: [GC (Allocation Failure) [PSYoungGen: 68512K->1376K(69120K)] 431811K->364691K(565248K), 0.0027408 secs] [Times: user=0.01 sys=0.00, real=0.00 secs] 
2446.063: [GC (Allocation Failure) [PSYoungGen: 68448K->1408K(69120K)] 431763K->364723K(565248K), 0.0046821 secs] [Times: user=0.01 sys=0.00, real=0.01 secs] 
2446.837: [GC (Allocation Failure) [PSYoungGen: 68480K->1440K(69120K)] 431795K->364755K(565248K), 0.0027098 secs] [Times: user=0.01 sys=0.00, real=0.00 secs] 
2447.231: [GC (Allocation Failure) [PSYoungGen: 68512K->1344K(69120K)] 431827K->364667K(565248K), 0.0021181 secs] [Times: user=0.00 sys=0.00, real=0.00 secs] 
2447.746: [GC (Allocation Failure) [PSYoungGen: 68416K->1376K(69120K)] 431739K->364699K(565248K), 0.0020260 secs] [Times: user=0.01 sys=0.00, real=0.00 secs] 
2448.746: [GC (Allocation Failure) [PSYoungGen: 68448K->1357K(69120K)] 431771K->364681K(565248K), 0.0016298 secs] [Times: user=0.01 sys=0.00, real=0.00 secs] 
2449.127: [GC (Allocation Failure) [PSYoungGen: 68429K->1440K(69120K)] 431753K->364763K(565248K), 0.0018415 secs] [Times: user=0.00 sys=0.00, real=0.00 secs] 
2449.406: [GC (Allocation Failure) [PSYoungGen: 68512K->1376K(69120K)] 431835K->364699K(565248K), 0.0018436 secs] [Times: user=0.00 sys=0.00, real=0.00 secs] 
2449.713: [GC (Allocation Failure) [PSYoungGen: 68448K->1360K(69120K)] 431771K->364684K(565248K), 0.0018206 secs] [Times: user=0.01 sys=0.00, real=0.01 secs] 
2450.003: [GC (Allocation Failure) [PSYoungGen: 68432K->1376K(69120K)] 431756K->364699K(565248K), 0.0017740 secs] [Times: user=0.00 sys=0.01, real=0.01 secs] 
2450.753: [GC (Allocation Failure) [PSYoungGen: 68448K->1440K(69120K)] 431771K->364763K(565248K), 0.0016809 secs] [Times: user=0.01 sys=0.00, real=0.01 secs] 
2451.032: [GC (Allocation Failure) [PSYoungGen: 68512K->1344K(69120K)] 431835K->364667K(565248K), 0.0018228 secs] [Times: user=0.01 sys=0.00, real=0.00 secs] 
2451.362: [GC (Allocation Failure) [PSYoungGen: 68416K->1440K(69120K)] 431739K->364763K(565248K), 0.0017562 secs] [Times: user=0.00 sys=0.00, real=0.00 secs] 
2451.699: [GC (Allocation Failure) [PSYoungGen: 68512K->1440K(69120K)] 431835K->364779K(565248K), 0.0031241 secs] [Times: user=0.02 sys=0.00, real=0.00 secs] 
2452.572: [GC (Allocation Failure) [PSYoungGen: 68512K->1904K(69120K)] 431851K->365244K(565248K), 0.0018752 secs] [Times: user=0.00 sys=0.00, real=0.00 secs] 
2453.220: [GC (Allocation Failure) [PSYoungGen: 68976K->1344K(69120K)] 432316K->364683K(565248K), 0.0017243 secs] [Times: user=0.00 sys=0.00, real=0.00 secs] 
2453.940: [GC (Allocation Failure) [PSYoungGen: 68416K->1376K(69120K)] 431755K->364715K(565248K), 0.0036313 secs] [Times: user=0.01 sys=0.00, real=0.00 secs] 
2454.511: [GC (Allocation Failure) [PSYoungGen: 68448K->1408K(69120K)] 431787K->364747K(565248K), 0.0026737 secs] [Times: user=0.01 sys=0.00, real=0.00 secs] 
2454.972: [GC (Allocation Failure) [PSYoungGen: 68480K->1376K(69120K)] 431819K->364715K(565248K), 0.0022159 secs] [Times: user=0.01 sys=0.00, real=0.00 secs] 
2455.974: [GC (Allocation Failure) [PSYoungGen: 68448K->1376K(69120K)] 431787K->364715K(565248K), 0.0019543 secs] [Times: user=0.01 sys=0.00, real=0.01 secs] 
2456.775: [GC (Allocation Failure) [PSYoungGen: 68448K->1408K(69120K)] 431787K->364747K(565248K), 0.0041683 secs] [Times: user=0.02 sys=0.00, real=0.00 secs] 
2457.651: [GC (Allocation Failure) [PSYoungGen: 68480K->1376K(69120K)] 431819K->364715K(565248K), 0.0039193 secs] [Times: user=0.01 sys=0.01, real=0.01 secs] 
2458.239: [GC (Allocation Failure) [PSYoungGen: 68448K->1344K(69120K)] 431787K->364683K(565248K), 0.0029404 secs] [Times: user=0.01 sys=0.00, real=0.00 secs] 
2459.175: [GC (Allocation Failure) [PSYoungGen: 68416K->1376K(69120K)] 431755K->364715K(565248K), 0.0016707 secs] [Times: user=0.01 sys=0.00, real=0.00 secs] 
2459.453: [GC (Allocation Failure) [PSYoungGen: 68448K->1376K(69120K)] 431787K->364715K(565248K), 0.0017588 secs] [Times: user=0.01 sys=0.00, real=0.01 secs] 
2459.732: [GC (Allocation Failure) [PSYoungGen: 68448K->1376K(69120K)] 431787K->364715K(565248K), 0.0016950 secs] [Times: user=0.01 sys=0.00, real=0.00 secs] 
2460.011: [GC (Allocation Failure) [PSYoungGen: 68448K->1344K(69120K)] 431787K->364683K(565248K), 0.0016681 secs] [Times: user=0.01 sys=0.00, real=0.00 secs] 
2460.348: [GC (Allocation Failure) [PSYoungGen: 68416K->1389K(69120K)] 431755K->364729K(565248K), 0.0014543 secs] [Times: user=0.00 sys=0.00, real=0.00 secs] 
2461.038: [GC (Allocation Failure) [PSYoungGen: 68461K->1408K(68608K)] 431801K->364747K(564736K), 0.0019531 secs] [Times: user=0.01 sys=0.00, real=0.00 secs] 
2461.317: [GC (Allocation Failure) [PSYoungGen: 68480K->1344K(68608K)] 431819K->364699K(564736K), 0.0019105 secs] [Times: user=0.01 sys=0.00, real=0.00 secs] 
2461.596: [GC (Allocation Failure) [PSYoungGen: 68416K->384K(68096K)] 431771K->364763K(564224K), 0.0017976 secs] [Times: user=0.01 sys=0.00, real=0.00 secs] 
2461.874: [GC (Allocation Failure) [PSYoungGen: 67456K->320K(69120K)] 431835K->364699K(565248K), 0.0018095 secs] [Times: user=0.00 sys=0.00, real=0.01 secs] 
2462.927: [GC (Allocation Failure) [PSYoungGen: 67392K->1376K(69120K)] 431771K->365756K(565248K), 0.0022859 secs] [Times: user=0.01 sys=0.00, real=0.00 secs] 
2463.994: [GC (Allocation Failure) [PSYoungGen: 68448K->1328K(69120K)] 432828K->365708K(565248K), 0.0024614 secs] [Times: user=0.01 sys=0.00, real=0.01 secs] 
2465.019: [GC (Allocation Failure) [PSYoungGen: 68400K->1376K(69120K)] 432780K->365756K(565248K), 0.0030443 secs] [Times: user=0.01 sys=0.01, real=0.00 secs] 
2465.630: [GC (Allocation Failure) [PSYoungGen: 68448K->1408K(69120K)] 432828K->365788K(565248K), 0.0026010 secs] [Times: user=0.01 sys=0.00, real=0.00 secs] 
2466.437: [GC (Allocation Failure) [PSYoungGen: 68480K->1389K(69120K)] 432860K->365769K(565248K), 0.0016122 secs] [Times: user=0.00 sys=0.00, real=0.00 secs] 
2467.620: [GC (Allocation Failure) [PSYoungGen: 68461K->1376K(69120K)] 432841K->365756K(565248K), 0.0020698 secs] [Times: user=0.01 sys=0.00, real=0.00 secs] 
2468.414: [GC (Allocation Failure) [PSYoungGen: 68448K->1376K(69120K)] 432828K->365756K(565248K), 0.0022460 secs] [Times: user=0.01 sys=0.00, real=0.00 secs] 
2468.938: [GC (Allocation Failure) [PSYoungGen: 68448K->1344K(69120K)] 432828K->365724K(565248K), 0.0019886 secs] [Times: user=0.01 sys=0.00, real=0.00 secs] 
2469.533: [GC (Allocation Failure) [PSYoungGen: 68416K->1376K(69120K)] 432796K->365756K(565248K), 0.0021487 secs] [Times: user=0.01 sys=0.00, real=0.01 secs] 
2470.376: [GC (Allocation Failure) [PSYoungGen: 68448K->1376K(69120K)] 432828K->365756K(565248K), 0.0017301 secs] [Times: user=0.01 sys=0.00, real=0.00 secs] 
2470.862: [GC (Allocation Failure) [PSYoungGen: 68448K->1408K(69120K)] 432828K->365788K(565248K), 0.0021874 secs] [Times: user=0.01 sys=0.00, real=0.00 secs] 
2471.450: [GC (Allocation Failure) [PSYoungGen: 68480K->1344K(69120K)] 432860K->365724K(565248K), 0.0021814 secs] [Times: user=0.01 sys=0.00, real=0.00 secs] 
2472.108: [GC (Allocation Failure) [PSYoungGen: 68416K->1360K(69120K)] 432796K->365740K(565248K), 0.0024315 secs] [Times: user=0.01 sys=0.00, real=0.00 secs] 
2473.131: [GC (Allocation Failure) [PSYoungGen: 68432K->1341K(69120K)] 432812K->365721K(565248K), 0.0014859 secs] [Times: user=0.00 sys=0.00, real=0.00 secs] 
2473.804: [GC (Allocation Failure) [PSYoungGen: 68413K->1408K(69120K)] 432793K->365788K(565248K), 0.0040969 secs] [Times: user=0.02 sys=0.00, real=0.01 secs] 
2474.362: [GC (Allocation Failure) [PSYoungGen: 68480K->1376K(69120K)] 432860K->365764K(565248K), 0.0026626 secs] [Times: user=0.01 sys=0.00, real=0.01 secs] 
2474.967: [GC (Allocation Failure) [PSYoungGen: 68448K->1408K(69120K)] 432836K->365796K(565248K), 0.0024084 secs] [Times: user=0.01 sys=0.00, real=0.00 secs] 
2475.819: [GC (Allocation Failure) [PSYoungGen: 68480K->1376K(69120K)] 432868K->365764K(565248K), 0.0040268 secs] [Times: user=0.01 sys=0.00, real=0.00 secs] 
2478.520: [GC (Allocation Failure) [PSYoungGen: 68448K->1440K(69120K)] 432836K->365828K(565248K), 0.0037222 secs] [Times: user=0.01 sys=0.00, real=0.00 secs] 
2479.152: [GC (Allocation Failure) [PSYoungGen: 68512K->1440K(69120K)] 432900K->365828K(565248K), 0.0027574 secs] [Times: user=0.01 sys=0.00, real=0.01 secs] 
2480.002: [GC (Allocation Failure) [PSYoungGen: 68512K->1408K(69120K)] 432900K->365796K(565248K), 0.0029132 secs] [Times: user=0.02 sys=0.00, real=0.01 secs] 
2481.497: [GC (Allocation Failure) [PSYoungGen: 68480K->1408K(69120K)] 432868K->365796K(565248K), 0.0042514 secs] [Times: user=0.02 sys=0.00, real=0.00 secs] 
2482.947: [GC (Allocation Failure) [PSYoungGen: 68480K->1920K(69120K)] 432868K->366308K(565248K), 0.0019055 secs] [Times: user=0.01 sys=0.00, real=0.00 secs] 
2483.285: [GC (Allocation Failure) [PSYoungGen: 68992K->1328K(69120K)] 433380K->365716K(565248K), 0.0020888 secs] [Times: user=0.00 sys=0.00, real=0.00 secs] 
2483.655: [GC (Allocation Failure) [PSYoungGen: 68400K->1376K(69120K)] 432788K->365764K(565248K), 0.0019468 secs] [Times: user=0.00 sys=0.00, real=0.00 secs] 
2484.256: [GC (Allocation Failure) [PSYoungGen: 68448K->1312K(69120K)] 432836K->365700K(565248K), 0.0027332 secs] [Times: user=0.01 sys=0.00, real=0.00 secs] 
2484.895: [GC (Allocation Failure) [PSYoungGen: 68384K->1408K(69120K)] 432772K->365796K(565248K), 0.0024976 secs] [Times: user=0.01 sys=0.00, real=0.00 secs] 
2485.730: [GC (Allocation Failure) [PSYoungGen: 68480K->1376K(69120K)] 432868K->365772K(565248K), 0.0017752 secs] [Times: user=0.00 sys=0.00, real=0.00 secs] 
2486.010: [GC (Allocation Failure) [PSYoungGen: 68448K->1328K(69120K)] 432844K->365724K(565248K), 0.0018942 secs] [Times: user=0.00 sys=0.00, real=0.00 secs] 
2486.321: [GC (Allocation Failure) [PSYoungGen: 68400K->1312K(69120K)] 432796K->365708K(565248K), 0.0019063 secs] [Times: user=0.01 sys=0.00, real=0.00 secs] 
2486.599: [GC (Allocation Failure) [PSYoungGen: 68384K->1376K(69120K)] 432780K->365772K(565248K), 0.0017922 secs] [Times: user=0.00 sys=0.00, real=0.00 secs] 
2487.502: [GC (Allocation Failure) [PSYoungGen: 68448K->1376K(69120K)] 432844K->365772K(565248K), 0.0021341 secs] [Times: user=0.01 sys=0.00, real=0.01 secs] 
2488.167: [GC (Allocation Failure) [PSYoungGen: 68448K->1376K(69120K)] 432844K->365772K(565248K), 0.0034670 secs] [Times: user=0.01 sys=0.00, real=0.00 secs] 
2488.840: [GC (Allocation Failure) [PSYoungGen: 68448K->1376K(69120K)] 432844K->365780K(565248K), 0.0027836 secs] [Times: user=0.01 sys=0.00, real=0.00 secs] 
2489.552: [GC (Allocation Failure) [PSYoungGen: 68448K->1376K(69120K)] 432852K->365780K(565248K), 0.0031233 secs] [Times: user=0.01 sys=0.00, real=0.01 secs] 
2490.314: [GC (Allocation Failure) [PSYoungGen: 68448K->1392K(68608K)] 432852K->365796K(564736K), 0.0025163 secs] [Times: user=0.01 sys=0.00, real=0.01 secs] 
2491.650: [GC (Allocation Failure) [PSYoungGen: 68464K->1440K(68608K)] 432868K->365844K(564736K), 0.0030670 secs] [Times: user=0.01 sys=0.00, real=0.00 secs] 
2492.404: [GC (Allocation Failure) [PSYoungGen: 68512K->1376K(68608K)] 432916K->365788K(564736K), 0.0038899 secs] [Times: user=0.01 sys=0.00, real=0.00 secs] 
2493.169: [GC (Allocation Failure) [PSYoungGen: 68448K->1376K(68608K)] 432860K->365788K(564736K), 0.0041491 secs] [Times: user=0.01 sys=0.00, real=0.00 secs] 
2494.081: [GC (Allocation Failure) [PSYoungGen: 68448K->1408K(68608K)] 432860K->365820K(564736K), 0.0027572 secs] [Times: user=0.01 sys=0.00, real=0.00 secs] 
2496.337: [GC (Allocation Failure) [PSYoungGen: 68480K->1408K(68608K)] 432892K->365820K(564736K), 0.0042835 secs] [Times: user=0.02 sys=0.00, real=0.00 secs] 
2497.632: [GC (Allocation Failure) [PSYoungGen: 68480K->1408K(68608K)] 432892K->365820K(564736K), 0.0041187 secs] [Times: user=0.02 sys=0.00, real=0.01 secs] 
2498.308: [GC (Allocation Failure) [PSYoungGen: 68480K->1376K(68608K)] 432892K->365788K(564736K), 0.0027719 secs] [Times: user=0.01 sys=0.00, real=0.00 secs] 
2498.723: [GC (Allocation Failure) [PSYoungGen: 68448K->1376K(68608K)] 432860K->365788K(564736K), 0.0022021 secs] [Times: user=0.01 sys=0.00, real=0.01 secs] 
2499.350: [GC (Allocation Failure) [PSYoungGen: 68448K->1328K(68608K)] 432860K->365740K(564736K), 0.0017328 secs] [Times: user=0.01 sys=0.00, real=0.00 secs] 
2500.633: [GC (Allocation Failure) [PSYoungGen: 68400K->1408K(68608K)] 432812K->365820K(564736K), 0.0023030 secs] [Times: user=0.01 sys=0.00, real=0.01 secs] 
2501.639: [GC (Allocation Failure) [PSYoungGen: 68480K->1376K(68608K)] 432892K->365788K(564736K), 0.0041823 secs] [Times: user=0.02 sys=0.00, real=0.00 secs] 
2502.130: [GC (Allocation Failure) [PSYoungGen: 68448K->1376K(68608K)] 432860K->365788K(564736K), 0.0024756 secs] [Times: user=0.01 sys=0.00, real=0.00 secs] 
2502.679: [GC (Allocation Failure) [PSYoungGen: 68448K->1408K(68608K)] 432860K->365820K(564736K), 0.0023787 secs] [Times: user=0.01 sys=0.00, real=0.00 secs] 
2503.978: [GC (Allocation Failure) [PSYoungGen: 68480K->1376K(68608K)] 432892K->365788K(564736K), 0.0023986 secs] [Times: user=0.01 sys=0.00, real=0.00 secs] 
2504.978: [GC (Allocation Failure) [PSYoungGen: 68448K->1376K(68608K)] 432860K->365788K(564736K), 0.0026134 secs] [Times: user=0.01 sys=0.00, real=0.00 secs] 
2505.963: [GC (Allocation Failure) [PSYoungGen: 68448K->1360K(68608K)] 432860K->365772K(564736K), 0.0029786 secs] [Times: user=0.01 sys=0.00, real=0.01 secs] 
2506.540: [GC (Allocation Failure) [PSYoungGen: 68432K->1344K(68608K)] 432844K->365764K(564736K), 0.0024531 secs] [Times: user=0.01 sys=0.00, real=0.00 secs] 
2507.617: [GC (Allocation Failure) [PSYoungGen: 68416K->1341K(68608K)] 432836K->365761K(564736K), 0.0015067 secs] [Times: user=0.00 sys=0.00, real=0.00 secs] 
2508.614: [GC (Allocation Failure) [PSYoungGen: 68413K->1408K(68608K)] 432833K->365828K(564736K), 0.0041737 secs] [Times: user=0.02 sys=0.00, real=0.00 secs] 
2509.407: [GC (Allocation Failure) [PSYoungGen: 68480K->1408K(68608K)] 432900K->365828K(564736K), 0.0031775 secs] [Times: user=0.01 sys=0.00, real=0.00 secs] 
2510.055: [GC (Allocation Failure) [PSYoungGen: 68480K->1376K(68608K)] 432900K->365796K(564736K), 0.0027548 secs] [Times: user=0.01 sys=0.00, real=0.00 secs] 
2510.841: [GC (Allocation Failure) [PSYoungGen: 68448K->1376K(68608K)] 432868K->365796K(564736K), 0.0024303 secs] [Times: user=0.01 sys=0.00, real=0.00 secs] 
2511.942: [GC (Allocation Failure) [PSYoungGen: 68448K->1408K(68608K)] 432868K->365828K(564736K), 0.0019956 secs] [Times: user=0.01 sys=0.00, real=0.00 secs] 
2512.733: [GC (Allocation Failure) [PSYoungGen: 68480K->1344K(68608K)] 432900K->365764K(564736K), 0.0024627 secs] [Times: user=0.01 sys=0.00, real=0.01 secs] 
2513.484: [GC (Allocation Failure) [PSYoungGen: 68416K->1408K(68608K)] 432836K->365828K(564736K), 0.0036987 secs] [Times: user=0.01 sys=0.01, real=0.01 secs] 
2514.314: [GC (Allocation Failure) [PSYoungGen: 68480K->1408K(68608K)] 432900K->365828K(564736K), 0.0027116 secs] [Times: user=0.01 sys=0.00, real=0.01 secs] 
2515.395: [GC (Allocation Failure) [PSYoungGen: 68480K->1440K(68608K)] 432900K->366380K(564736K), 0.0018203 secs] [Times: user=0.00 sys=0.00, real=0.00 secs] 
2515.686: [GC (Allocation Failure) [PSYoungGen: 68512K->1344K(68608K)] 433452K->366284K(564736K), 0.0017346 secs] [Times: user=0.01 sys=0.00, real=0.00 secs] 
2515.964: [GC (Allocation Failure) [PSYoungGen: 68416K->1344K(68608K)] 433356K->366284K(564736K), 0.0017056 secs] [Times: user=0.01 sys=0.00, real=0.01 secs] 
2516.394: [GC (Allocation Failure) [PSYoungGen: 68416K->1376K(68608K)] 433356K->366316K(564736K), 0.0018128 secs] [Times: user=0.00 sys=0.00, real=0.01 secs] 
2516.934: [GC (Allocation Failure) [PSYoungGen: 68448K->1344K(68608K)] 433388K->366284K(564736K), 0.0017914 secs] [Times: user=0.01 sys=0.00, real=0.01 secs] 
2517.980: [GC (Allocation Failure) [PSYoungGen: 68416K->1408K(68608K)] 433356K->366348K(564736K), 0.0024605 secs] [Times: user=0.01 sys=0.00, real=0.00 secs] 
2518.253: [GC (Allocation Failure) [PSYoungGen: 68480K->1344K(68608K)] 433420K->366284K(564736K), 0.0019768 secs] [Times: user=0.01 sys=0.00, real=0.01 secs] 
2518.532: [GC (Allocation Failure) [PSYoungGen: 68416K->1344K(68608K)] 433356K->366284K(564736K), 0.0019293 secs] [Times: user=0.00 sys=0.00, real=0.01 secs] 
2518.811: [GC (Allocation Failure) [PSYoungGen: 68416K->1344K(68608K)] 433356K->366284K(564736K), 0.0018816 secs] [Times: user=0.01 sys=0.00, real=0.00 secs] 
2520.569: [GC (Allocation Failure) [PSYoungGen: 68416K->1376K(68608K)] 433356K->366316K(564736K), 0.0041698 secs] [Times: user=0.02 sys=0.00, real=0.00 secs] 
2522.353: [GC (Allocation Failure) [PSYoungGen: 68448K->1376K(68608K)] 433388K->366316K(564736K), 0.0027629 secs] [Times: user=0.01 sys=0.00, real=0.01 secs] 
2522.664: [GC (Allocation Failure) [PSYoungGen: 68448K->1376K(68608K)] 433388K->366324K(564736K), 0.0018581 secs] [Times: user=0.01 sys=0.00, real=0.00 secs] 
2523.232: [GC (Allocation Failure) [PSYoungGen: 68448K->1344K(68608K)] 433396K->366300K(564736K), 0.0021373 secs] [Times: user=0.01 sys=0.00, real=0.01 secs] 
2523.918: [GC (Allocation Failure) [PSYoungGen: 68416K->1392K(68608K)] 433372K->366348K(564736K), 0.0022552 secs] [Times: user=0.01 sys=0.00, real=0.00 secs] 
2526.058: [GC (Allocation Failure) [PSYoungGen: 68464K->1408K(68608K)] 433420K->366364K(564736K), 0.0048232 secs] [Times: user=0.02 sys=0.00, real=0.00 secs] 
2527.268: [GC (Allocation Failure) [PSYoungGen: 68480K->1376K(68608K)] 433436K->366332K(564736K), 0.0040720 secs] [Times: user=0.02 sys=0.00, real=0.00 secs] 
2528.399: [GC (Allocation Failure) [PSYoungGen: 68448K->1376K(68608K)] 433404K->366332K(564736K), 0.0038985 secs] [Times: user=0.02 sys=0.00, real=0.00 secs] 
2529.517: [GC (Allocation Failure) [PSYoungGen: 68448K->1376K(68608K)] 433404K->366332K(564736K), 0.0033908 secs] [Times: user=0.01 sys=0.00, real=0.00 secs] 
2530.546: [GC (Allocation Failure) [PSYoungGen: 68448K->1376K(68608K)] 433404K->366332K(564736K), 0.0017003 secs] [Times: user=0.01 sys=0.00, real=0.00 secs] 
2531.225: [GC (Allocation Failure) [PSYoungGen: 68448K->1376K(68608K)] 433404K->366332K(564736K), 0.0018603 secs] [Times: user=0.01 sys=0.00, real=0.00 secs] 
2531.936: [GC (Allocation Failure) [PSYoungGen: 68448K->1344K(68608K)] 433404K->366300K(564736K), 0.0019200 secs] [Times: user=0.01 sys=0.00, real=0.00 secs] 
2532.663: [GC (Allocation Failure) [PSYoungGen: 68416K->1344K(68608K)] 433372K->366300K(564736K), 0.0035258 secs] [Times: user=0.01 sys=0.00, real=0.01 secs] 
2533.490: [GC (Allocation Failure) [PSYoungGen: 68416K->1360K(68608K)] 433372K->366316K(564736K), 0.0016146 secs] [Times: user=0.01 sys=0.00, real=0.00 secs] 
2534.167: [GC (Allocation Failure) [PSYoungGen: 68432K->1408K(68608K)] 433388K->366364K(564736K), 0.0020085 secs] [Times: user=0.01 sys=0.00, real=0.00 secs] 
2534.753: [GC (Allocation Failure) [PSYoungGen: 68480K->1344K(68608K)] 433436K->366300K(564736K), 0.0021531 secs] [Times: user=0.01 sys=0.00, real=0.01 secs] 
2535.340: [GC (Allocation Failure) [PSYoungGen: 68416K->1376K(68608K)] 433372K->366340K(564736K), 0.0028792 secs] [Times: user=0.01 sys=0.00, real=0.00 secs] 
2535.959: [GC (Allocation Failure) [PSYoungGen: 68448K->1328K(68608K)] 433412K->366292K(564736K), 0.0026463 secs] [Times: user=0.01 sys=0.00, real=0.00 secs] 
2536.921: [GC (Allocation Failure) [PSYoungGen: 68400K->1408K(68608K)] 433364K->366372K(564736K), 0.0017787 secs] [Times: user=0.01 sys=0.00, real=0.00 secs] 
2537.436: [GC (Allocation Failure) [PSYoungGen: 68480K->1376K(68608K)] 433444K->366340K(564736K), 0.0038985 secs] [Times: user=0.02 sys=0.00, real=0.00 secs] 
2537.929: [GC (Allocation Failure) [PSYoungGen: 68448K->1376K(68608K)] 433412K->366340K(564736K), 0.0029267 secs] [Times: user=0.01 sys=0.00, real=0.00 secs] 
2538.510: [GC (Allocation Failure) [PSYoungGen: 68448K->1408K(68608K)] 433412K->366372K(564736K), 0.0026659 secs] [Times: user=0.01 sys=0.00, real=0.00 secs] 
2539.701: [GC (Allocation Failure) [PSYoungGen: 68480K->304K(68608K)] 433444K->365276K(564736K), 0.0014694 secs] [Times: user=0.01 sys=0.00, real=0.00 secs] 
2540.036: [GC (Allocation Failure) [PSYoungGen: 67376K->1408K(69120K)] 432348K->366388K(565248K), 0.0017115 secs] [Times: user=0.01 sys=0.00, real=0.00 secs] 
2540.821: [GC (Allocation Failure) [PSYoungGen: 68480K->1360K(69120K)] 433460K->366340K(565248K), 0.0022738 secs] [Times: user=0.01 sys=0.00, real=0.00 secs] 
2541.396: [GC (Allocation Failure) [PSYoungGen: 68432K->1344K(69120K)] 433412K->366324K(565248K), 0.0020327 secs] [Times: user=0.01 sys=0.00, real=0.00 secs] 
2541.985: [GC (Allocation Failure) [PSYoungGen: 68416K->1376K(69120K)] 433396K->366356K(565248K), 0.0021559 secs] [Times: user=0.01 sys=0.00, real=0.00 secs] 
2542.950: [GC (Allocation Failure) [PSYoungGen: 68448K->1408K(69120K)] 433428K->366396K(565248K), 0.0018425 secs] [Times: user=0.01 sys=0.00, real=0.00 secs] 
2543.799: [GC (Allocation Failure) [PSYoungGen: 68480K->1440K(69120K)] 433468K->366428K(565248K), 0.0030392 secs] [Times: user=0.01 sys=0.00, real=0.00 secs] 
2544.646: [GC (Allocation Failure) [PSYoungGen: 68512K->1408K(69120K)] 433500K->366396K(565248K), 0.0027643 secs] [Times: user=0.01 sys=0.00, real=0.00 secs] 
2545.232: [GC (Allocation Failure) [PSYoungGen: 68480K->1408K(69120K)] 433468K->366396K(565248K), 0.0028382 secs] [Times: user=0.01 sys=0.00, real=0.01 secs] 
2546.298: [GC (Allocation Failure) [PSYoungGen: 68480K->1888K(69120K)] 433468K->366876K(565248K), 0.0018664 secs] [Times: user=0.01 sys=0.00, real=0.00 secs] 
2546.994: [GC (Allocation Failure) [PSYoungGen: 68960K->1376K(69120K)] 433948K->366364K(565248K), 0.0018072 secs] [Times: user=0.00 sys=0.00, real=0.01 secs] 
2547.357: [GC (Allocation Failure) [PSYoungGen: 68448K->1376K(69120K)] 433436K->366364K(565248K), 0.0018123 secs] [Times: user=0.00 sys=0.00, real=0.00 secs] 
2547.685: [GC (Allocation Failure) [PSYoungGen: 68448K->1376K(69120K)] 433436K->366364K(565248K), 0.0018562 secs] [Times: user=0.01 sys=0.00, real=0.00 secs] 
2547.997: [GC (Allocation Failure) [PSYoungGen: 68448K->1376K(69120K)] 433436K->366364K(565248K), 0.0017944 secs] [Times: user=0.01 sys=0.00, real=0.00 secs] 
2549.023: [GC (Allocation Failure) [PSYoungGen: 68448K->1408K(69120K)] 433436K->366396K(565248K), 0.0025080 secs] [Times: user=0.01 sys=0.00, real=0.01 secs] 
2549.767: [GC (Allocation Failure) [PSYoungGen: 68480K->1376K(69120K)] 433468K->366364K(565248K), 0.0041090 secs] [Times: user=0.01 sys=0.00, real=0.00 secs] 
2550.614: [GC (Allocation Failure) [PSYoungGen: 68448K->1360K(69120K)] 433436K->366348K(565248K), 0.0034829 secs] [Times: user=0.02 sys=0.01, real=0.01 secs] 
2551.175: [GC (Allocation Failure) [PSYoungGen: 68432K->1344K(69120K)] 433420K->366332K(565248K), 0.0028978 secs] [Times: user=0.01 sys=0.00, real=0.00 secs] 
2552.344: [GC (Allocation Failure) [PSYoungGen: 68416K->1440K(69120K)] 433404K->366428K(565248K), 0.0017864 secs] [Times: user=0.01 sys=0.00, real=0.01 secs] 
2552.921: [GC (Allocation Failure) [PSYoungGen: 68512K->1344K(69120K)] 433500K->366332K(565248K), 0.0018467 secs] [Times: user=0.01 sys=0.00, real=0.00 secs] 
2553.528: [GC (Allocation Failure) [PSYoungGen: 68416K->1376K(69120K)] 433404K->366372K(565248K), 0.0034827 secs] [Times: user=0.01 sys=0.00, real=0.00 secs] 
2553.927: [GC (Allocation Failure) [PSYoungGen: 68448K->1376K(69120K)] 433444K->366372K(565248K), 0.0075146 secs] [Times: user=0.03 sys=0.00, real=0.01 secs] 
2554.575: [GC (Allocation Failure) [PSYoungGen: 68448K->1341K(69120K)] 433444K->366337K(565248K), 0.0020929 secs] [Times: user=0.01 sys=0.00, real=0.00 secs] 
2555.971: [GC (Allocation Failure) [PSYoungGen: 68413K->1424K(68608K)] 433409K->366420K(564736K), 0.0043652 secs] [Times: user=0.02 sys=0.01, real=0.01 secs] 
2556.732: [GC (Allocation Failure) [PSYoungGen: 68496K->1376K(68608K)] 433492K->366372K(564736K), 0.0035144 secs] [Times: user=0.01 sys=0.01, real=0.01 secs] 
2557.281: [GC (Allocation Failure) [PSYoungGen: 68448K->1376K(68608K)] 433444K->366372K(564736K), 0.0022787 secs] [Times: user=0.01 sys=0.00, real=0.00 secs] 
2557.855: [GC (Allocation Failure) [PSYoungGen: 68448K->1344K(68608K)] 433444K->366340K(564736K), 0.0028021 secs] [Times: user=0.01 sys=0.00, real=0.00 secs] 
2558.770: [GC (Allocation Failure) [PSYoungGen: 68416K->384K(67584K)] 433412K->366404K(563712K), 0.0017012 secs] [Times: user=0.01 sys=0.00, real=0.00 secs] 
2559.252: [GC (Allocation Failure) [PSYoungGen: 67456K->288K(69120K)] 433476K->366308K(565248K), 0.0016891 secs] [Times: user=0.01 sys=0.00, real=0.00 secs] 
2559.844: [GC (Allocation Failure) [PSYoungGen: 67360K->320K(67584K)] 433380K->366340K(563712K), 0.0031847 secs] [Times: user=0.01 sys=0.00, real=0.00 secs] 
2560.414: [GC (Allocation Failure) [PSYoungGen: 67392K->352K(69120K)] 433412K->366372K(565248K), 0.0023590 secs] [Times: user=0.01 sys=0.00, real=0.01 secs] 
2561.198: [GC (Allocation Failure) [PSYoungGen: 67424K->1373K(68608K)] 433444K->367393K(564736K), 0.0014863 secs] [Times: user=0.01 sys=0.00, real=0.00 secs] 
2561.753: [GC (Allocation Failure) [PSYoungGen: 68445K->1408K(68608K)] 434465K->367428K(564736K), 0.0017977 secs] [Times: user=0.01 sys=0.00, real=0.01 secs] 
2562.344: [GC (Allocation Failure) [PSYoungGen: 68480K->1376K(68608K)] 434500K->367404K(564736K), 0.0021229 secs] [Times: user=0.01 sys=0.00, real=0.01 secs] 
2563.216: [GC (Allocation Failure) [PSYoungGen: 68448K->1408K(69120K)] 434476K->367436K(565248K), 0.0027940 secs] [Times: user=0.01 sys=0.00, real=0.00 secs] 
2563.981: [GC (Allocation Failure) [PSYoungGen: 68480K->1376K(69120K)] 434508K->367404K(565248K), 0.0049582 secs] [Times: user=0.02 sys=0.00, real=0.01 secs] 
2565.153: [GC (Allocation Failure) [PSYoungGen: 68448K->1376K(69120K)] 434476K->367404K(565248K), 0.0018514 secs] [Times: user=0.01 sys=0.00, real=0.01 secs] 
2565.470: [GC (Allocation Failure) [PSYoungGen: 68448K->1376K(69120K)] 434476K->367404K(565248K), 0.0023885 secs] [Times: user=0.01 sys=0.00, real=0.00 secs] 
2566.040: [GC (Allocation Failure) [PSYoungGen: 68448K->1344K(69120K)] 434476K->367372K(565248K), 0.0028014 secs] [Times: user=0.02 sys=0.00, real=0.00 secs] 
2566.605: [GC (Allocation Failure) [PSYoungGen: 68416K->1344K(69120K)] 434444K->367372K(565248K), 0.0026995 secs] [Times: user=0.01 sys=0.00, real=0.00 secs] 
2567.586: [GC (Allocation Failure) [PSYoungGen: 68416K->1408K(69120K)] 434444K->367436K(565248K), 0.0015310 secs] [Times: user=0.01 sys=0.00, real=0.00 secs] 
2568.145: [GC (Allocation Failure) [PSYoungGen: 68480K->1376K(69120K)] 434508K->367404K(565248K), 0.0019589 secs] [Times: user=0.01 sys=0.00, real=0.00 secs] 
2568.455: [GC (Allocation Failure) [PSYoungGen: 68448K->1376K(69120K)] 434476K->367404K(565248K), 0.0023883 secs] [Times: user=0.01 sys=0.00, real=0.00 secs] 
2568.803: [GC (Allocation Failure) [PSYoungGen: 68448K->1344K(69120K)] 434476K->367372K(565248K), 0.0027018 secs] [Times: user=0.01 sys=0.00, real=0.01 secs] 
2569.072: [GC (Allocation Failure) [PSYoungGen: 68416K->1344K(69120K)] 434444K->367372K(565248K), 0.0019287 secs] [Times: user=0.01 sys=0.00, real=0.00 secs] 
2570.900: [GC (Allocation Failure) [PSYoungGen: 68416K->1472K(69120K)] 434444K->367500K(565248K), 0.0034185 secs] [Times: user=0.02 sys=0.00, real=0.00 secs] 
2572.236: [GC (Allocation Failure) [PSYoungGen: 68544K->1408K(69120K)] 434572K->367444K(565248K), 0.0035299 secs] [Times: user=0.01 sys=0.00, real=0.00 secs] 
2572.818: [GC (Allocation Failure) [PSYoungGen: 68480K->1408K(69120K)] 434516K->367444K(565248K), 0.0025576 secs] [Times: user=0.01 sys=0.00, real=0.00 secs] 
2573.556: [GC (Allocation Failure) [PSYoungGen: 68480K->1408K(69120K)] 434516K->367452K(565248K), 0.0036237 secs] [Times: user=0.01 sys=0.00, real=0.00 secs] 
2575.431: [GC (Allocation Failure) [PSYoungGen: 68480K->1408K(69120K)] 434524K->367452K(565248K), 0.0043355 secs] [Times: user=0.02 sys=0.00, real=0.01 secs] 
2577.012: [GC (Allocation Failure) [PSYoungGen: 68480K->1344K(69120K)] 434524K->367388K(565248K), 0.0026586 secs] [Times: user=0.01 sys=0.00, real=0.01 secs] 
2577.312: [GC (Allocation Failure) [PSYoungGen: 68416K->1376K(69120K)] 434460K->367420K(565248K), 0.0020672 secs] [Times: user=0.01 sys=0.00, real=0.00 secs] 
2577.779: [GC (Allocation Failure) [PSYoungGen: 68448K->1344K(69120K)] 434492K->367388K(565248K), 0.0019148 secs] [Times: user=0.00 sys=0.01, real=0.00 secs] 
2578.297: [GC (Allocation Failure) [PSYoungGen: 68416K->1376K(69120K)] 434460K->367420K(565248K), 0.0021007 secs] [Times: user=0.01 sys=0.00, real=0.00 secs] 
2579.240: [GC (Allocation Failure) [PSYoungGen: 68448K->1392K(69120K)] 434492K->367436K(565248K), 0.0017745 secs] [Times: user=0.01 sys=0.00, real=0.00 secs] 
2579.531: [GC (Allocation Failure) [PSYoungGen: 68464K->1344K(69120K)] 434508K->367388K(565248K), 0.0018546 secs] [Times: user=0.01 sys=0.00, real=0.00 secs] 
2579.845: [GC (Allocation Failure) [PSYoungGen: 68416K->1344K(69120K)] 434460K->367388K(565248K), 0.0027056 secs] [Times: user=0.01 sys=0.00, real=0.00 secs] 
2580.340: [GC (Allocation Failure) [PSYoungGen: 68416K->1344K(69120K)] 434460K->367388K(565248K), 0.0026576 secs] [Times: user=0.01 sys=0.00, real=0.00 secs] 
2581.483: [GC (Allocation Failure) [PSYoungGen: 68416K->1376K(69120K)] 434460K->367420K(565248K), 0.0024825 secs] [Times: user=0.01 sys=0.00, real=0.01 secs] 
2582.556: [GC (Allocation Failure) [PSYoungGen: 68448K->1376K(69120K)] 434492K->367420K(565248K), 0.0034205 secs] [Times: user=0.01 sys=0.00, real=0.00 secs] 
2583.162: [GC (Allocation Failure) [PSYoungGen: 68448K->1376K(68608K)] 434492K->367420K(564736K), 0.0029413 secs] [Times: user=0.01 sys=0.00, real=0.01 secs] 
2583.663: [GC (Allocation Failure) [PSYoungGen: 68448K->1344K(68608K)] 434492K->367396K(564736K), 0.0023008 secs] [Times: user=0.01 sys=0.00, real=0.01 secs] 
2584.461: [GC (Allocation Failure) [PSYoungGen: 68416K->1389K(68608K)] 434468K->367441K(564736K), 0.0041900 secs] [Times: user=0.02 sys=0.00, real=0.01 secs] 
2585.084: [GC (Allocation Failure) [PSYoungGen: 68461K->1376K(68608K)] 434513K->367428K(564736K), 0.0018241 secs] [Times: user=0.00 sys=0.00, real=0.01 secs] 
2585.386: [GC (Allocation Failure) [PSYoungGen: 68448K->1376K(68608K)] 434500K->367428K(564736K), 0.0018445 secs] [Times: user=0.00 sys=0.00, real=0.00 secs] 
2585.720: [GC (Allocation Failure) [PSYoungGen: 68448K->1344K(68608K)] 434500K->367396K(564736K), 0.0021451 secs] [Times: user=0.01 sys=0.00, real=0.00 secs] 
2586.000: [GC (Allocation Failure) [PSYoungGen: 68416K->1376K(68608K)] 434468K->367428K(564736K), 0.0018195 secs] [Times: user=0.01 sys=0.00, real=0.00 secs] 
2586.897: [GC (Allocation Failure) [PSYoungGen: 68448K->1376K(68608K)] 434500K->367428K(564736K), 0.0019138 secs] [Times: user=0.01 sys=0.00, real=0.00 secs] 
2587.509: [GC (Allocation Failure) [PSYoungGen: 68448K->1344K(68608K)] 434500K->367396K(564736K), 0.0018049 secs] [Times: user=0.01 sys=0.00, real=0.00 secs] 
2588.083: [GC (Allocation Failure) [PSYoungGen: 68416K->1328K(68608K)] 434468K->367380K(564736K), 0.0023008 secs] [Times: user=0.01 sys=0.00, real=0.01 secs] 
2589.415: [GC (Allocation Failure) [PSYoungGen: 68400K->1344K(68608K)] 434452K->367396K(564736K), 0.0028417 secs] [Times: user=0.02 sys=0.00, real=0.00 secs] 
2590.698: [GC (Allocation Failure) [PSYoungGen: 68416K->1389K(68608K)] 434468K->367441K(564736K), 0.0015606 secs] [Times: user=0.00 sys=0.00, real=0.00 secs] 
2591.398: [GC (Allocation Failure) [PSYoungGen: 68461K->1376K(68608K)] 434513K->367428K(564736K), 0.0021059 secs] [Times: user=0.00 sys=0.00, real=0.00 secs] 
2591.680: [GC (Allocation Failure) [PSYoungGen: 68448K->1360K(68608K)] 434500K->367412K(564736K), 0.0026786 secs] [Times: user=0.01 sys=0.00, real=0.00 secs] 
2591.960: [GC (Allocation Failure) [PSYoungGen: 68432K->1344K(68608K)] 434484K->367412K(564736K), 0.0021610 secs] [Times: user=0.00 sys=0.00, real=0.00 secs] 
2592.239: [GC (Allocation Failure) [PSYoungGen: 68416K->1280K(68608K)] 434484K->367348K(564736K), 0.0020492 secs] [Times: user=0.00 sys=0.00, real=0.00 secs] 
2593.185: [GC (Allocation Failure) [PSYoungGen: 68352K->1344K(68608K)] 434420K->367412K(564736K), 0.0019235 secs] [Times: user=0.01 sys=0.00, real=0.00 secs] 
2593.761: [GC (Allocation Failure) [PSYoungGen: 68416K->1344K(68608K)] 434484K->367412K(564736K), 0.0029355 secs] [Times: user=0.01 sys=0.00, real=0.00 secs] 
2594.207: [GC (Allocation Failure) [PSYoungGen: 68416K->1344K(68608K)] 434484K->367412K(564736K), 0.0019281 secs] [Times: user=0.01 sys=0.00, real=0.00 secs] 
2594.506: [GC (Allocation Failure) [PSYoungGen: 68416K->1328K(68608K)] 434484K->367396K(564736K), 0.0019604 secs] [Times: user=0.01 sys=0.00, real=0.00 secs] 
2595.303: [GC (Allocation Failure) [PSYoungGen: 68400K->1520K(68608K)] 434468K->367760K(564736K), 0.0019216 secs] [Times: user=0.01 sys=0.00, real=0.01 secs] 
2596.002: [GC (Allocation Failure) [PSYoungGen: 68592K->1312K(68608K)] 434832K->367552K(564736K), 0.0042636 secs] [Times: user=0.02 sys=0.00, real=0.01 secs] 
2596.536: [GC (Allocation Failure) [PSYoungGen: 68384K->1376K(68608K)] 434624K->367616K(564736K), 0.0031530 secs] [Times: user=0.01 sys=0.00, real=0.00 secs] 
2596.861: [GC (Allocation Failure) [PSYoungGen: 68448K->1328K(68608K)] 434688K->367568K(564736K), 0.0020931 secs] [Times: user=0.01 sys=0.00, real=0.00 secs] 
2597.220: [GC (Allocation Failure) [PSYoungGen: 68400K->1296K(68608K)] 434640K->367536K(564736K), 0.0019231 secs] [Times: user=0.01 sys=0.00, real=0.00 secs] 
2598.060: [GC (Allocation Failure) [PSYoungGen: 68368K->1504K(68096K)] 434608K->367784K(564224K), 0.0018783 secs] [Times: user=0.01 sys=0.00, real=0.00 secs] 
2598.607: [GC (Allocation Failure) [PSYoungGen: 68064K->1584K(68608K)] 434344K->367864K(564736K), 0.0022164 secs] [Times: user=0.01 sys=0.00, real=0.00 secs] 
2599.245: [GC (Allocation Failure) [PSYoungGen: 68144K->1552K(68608K)] 434424K->367832K(564736K), 0.0030612 secs] [Times: user=0.01 sys=0.00, real=0.00 secs] 
2599.732: [GC (Allocation Failure) [PSYoungGen: 68112K->1584K(68608K)] 434392K->367864K(564736K), 0.0028957 secs] [Times: user=0.01 sys=0.00, real=0.01 secs] 
2600.780: [GC (Allocation Failure) [PSYoungGen: 68144K->1584K(68608K)] 434424K->367864K(564736K), 0.0017448 secs] [Times: user=0.01 sys=0.00, real=0.00 secs] 
2601.482: [GC (Allocation Failure) [PSYoungGen: 68144K->1568K(68608K)] 434424K->367856K(564736K), 0.0021660 secs] [Times: user=0.01 sys=0.00, real=0.00 secs] 
2601.941: [GC (Allocation Failure) [PSYoungGen: 68128K->1504K(68608K)] 434416K->367800K(564736K), 0.0019778 secs] [Times: user=0.01 sys=0.00, real=0.00 secs] 
2602.220: [GC (Allocation Failure) [PSYoungGen: 68064K->1552K(68608K)] 434360K->367848K(564736K), 0.0020037 secs] [Times: user=0.00 sys=0.00, real=0.00 secs] 
2602.496: [GC (Allocation Failure) [PSYoungGen: 68112K->1584K(68608K)] 434408K->367880K(564736K), 0.0017220 secs] [Times: user=0.01 sys=0.00, real=0.00 secs] 
2603.209: [GC (Allocation Failure) [PSYoungGen: 68144K->1584K(68608K)] 434440K->367880K(564736K), 0.0016125 secs] [Times: user=0.01 sys=0.00, real=0.00 secs] 
2603.485: [GC (Allocation Failure) [PSYoungGen: 68144K->1440K(68608K)] 434440K->367909K(564736K), 0.0014666 secs] [Times: user=0.01 sys=0.00, real=0.00 secs] 
2603.761: [GC (Allocation Failure) [PSYoungGen: 68000K->1408K(68608K)] 434469K->367877K(564736K), 0.0019809 secs] [Times: user=0.00 sys=0.00, real=0.00 secs] 
2604.038: [GC (Allocation Failure) [PSYoungGen: 67968K->1376K(68608K)] 434437K->367845K(564736K), 0.0022559 secs] [Times: user=0.01 sys=0.00, real=0.00 secs] 
2605.351: [GC (Allocation Failure) [PSYoungGen: 67936K->1408K(68608K)] 434405K->367877K(564736K), 0.0034694 secs] [Times: user=0.02 sys=0.00, real=0.01 secs] 
2606.296: [GC (Allocation Failure) [PSYoungGen: 67968K->1440K(68608K)] 434437K->367909K(564736K), 0.0027219 secs] [Times: user=0.01 sys=0.00, real=0.00 secs] 
2606.857: [GC (Allocation Failure) [PSYoungGen: 68000K->1344K(68608K)] 434469K->367829K(564736K), 0.0038450 secs] [Times: user=0.02 sys=0.00, real=0.00 secs] 
2607.454: [GC (Allocation Failure) [PSYoungGen: 67904K->1392K(68608K)] 434389K->367877K(564736K), 0.0029799 secs] [Times: user=0.01 sys=0.00, real=0.00 secs] 
2607.901: [GC (Allocation Failure) [PSYoungGen: 67952K->1360K(68608K)] 434437K->367845K(564736K), 0.0020405 secs] [Times: user=0.00 sys=0.00, real=0.00 secs] 
2608.685: [GC (Allocation Failure) [PSYoungGen: 67920K->1408K(68608K)] 434405K->367893K(564736K), 0.0018388 secs] [Times: user=0.00 sys=0.00, real=0.00 secs] 
2608.973: [GC (Allocation Failure) [PSYoungGen: 67968K->1376K(68608K)] 434453K->367861K(564736K), 0.0018468 secs] [Times: user=0.01 sys=0.00, real=0.01 secs] 
2609.464: [GC (Allocation Failure) [PSYoungGen: 67936K->1296K(68608K)] 434421K->367781K(564736K), 0.0021022 secs] [Times: user=0.01 sys=0.00, real=0.01 secs] 
2610.009: [GC (Allocation Failure) [PSYoungGen: 67856K->1376K(68608K)] 434341K->367861K(564736K), 0.0024775 secs] [Times: user=0.01 sys=0.00, real=0.00 secs] 
2611.010: [GC (Allocation Failure) [PSYoungGen: 67936K->1408K(68608K)] 434421K->367909K(564736K), 0.0017319 secs] [Times: user=0.01 sys=0.00, real=0.00 secs] 
2611.359: [GC (Allocation Failure) [PSYoungGen: 67968K->1376K(68608K)] 434469K->367877K(564736K), 0.0017965 secs] [Times: user=0.01 sys=0.00, real=0.00 secs] 
2611.635: [GC (Allocation Failure) [PSYoungGen: 67936K->1376K(68608K)] 434437K->367877K(564736K), 0.0018543 secs] [Times: user=0.00 sys=0.00, real=0.00 secs] 
2612.200: [GC (Allocation Failure) [PSYoungGen: 67936K->1344K(68608K)] 434437K->367845K(564736K), 0.0020321 secs] [Times: user=0.01 sys=0.00, real=0.00 secs] 
2612.960: [GC (Allocation Failure) [PSYoungGen: 67904K->1373K(68608K)] 434405K->367874K(564736K), 0.0015065 secs] [Times: user=0.01 sys=0.00, real=0.00 secs] 
2614.100: [GC (Allocation Failure) [PSYoungGen: 67933K->1424K(68608K)] 434434K->367925K(564736K), 0.0041225 secs] [Times: user=0.02 sys=0.01, real=0.00 secs] 
2614.580: [GC (Allocation Failure) [PSYoungGen: 67984K->1328K(68608K)] 434485K->367829K(564736K), 0.0021988 secs] [Times: user=0.01 sys=0.00, real=0.00 secs] 
2614.854: [GC (Allocation Failure) [PSYoungGen: 67888K->1344K(68608K)] 434389K->367845K(564736K), 0.0020373 secs] [Times: user=0.01 sys=0.00, real=0.01 secs] 
2615.130: [GC (Allocation Failure) [PSYoungGen: 67904K->1312K(68096K)] 434405K->367813K(564224K), 0.0020972 secs] [Times: user=0.01 sys=0.00, real=0.00 secs] 
2616.447: [GC (Allocation Failure) [PSYoungGen: 67872K->1440K(68096K)] 434373K->367941K(564224K), 0.0029088 secs] [Times: user=0.01 sys=0.00, real=0.00 secs] 
2618.390: [GC (Allocation Failure) [PSYoungGen: 68000K->1376K(68096K)] 434501K->367877K(564224K), 0.0027813 secs] [Times: user=0.01 sys=0.00, real=0.00 secs] 
2619.438: [GC (Allocation Failure) [PSYoungGen: 67936K->1408K(68096K)] 434437K->367909K(564224K), 0.0036019 secs] [Times: user=0.02 sys=0.00, real=0.00 secs] 
2620.099: [GC (Allocation Failure) [PSYoungGen: 67968K->352K(67584K)] 434469K->367877K(563712K), 0.0025965 secs] [Times: user=0.01 sys=0.00, real=0.00 secs] 
2621.239: [GC (Allocation Failure) [PSYoungGen: 66912K->1357K(68608K)] 434437K->368882K(564736K), 0.0015130 secs] [Times: user=0.00 sys=0.00, real=0.00 secs] 
2622.067: [GC (Allocation Failure) [PSYoungGen: 67917K->1408K(68608K)] 435442K->368933K(564736K), 0.0020694 secs] [Times: user=0.00 sys=0.00, real=0.00 secs] 
2622.344: [GC (Allocation Failure) [PSYoungGen: 67968K->1344K(68608K)] 435493K->368869K(564736K), 0.0019949 secs] [Times: user=0.01 sys=0.00, real=0.01 secs] 
2622.620: [GC (Allocation Failure) [PSYoungGen: 67904K->1376K(68608K)] 435429K->368901K(564736K), 0.0020209 secs] [Times: user=0.01 sys=0.00, real=0.00 secs] 
2622.896: [GC (Allocation Failure) [PSYoungGen: 67936K->1344K(68608K)] 435461K->368869K(564736K), 0.0019892 secs] [Times: user=0.00 sys=0.00, real=0.00 secs] 
2624.228: [GC (Allocation Failure) [PSYoungGen: 67904K->1472K(68608K)] 435429K->369005K(564736K), 0.0026061 secs] [Times: user=0.01 sys=0.00, real=0.00 secs] 
2625.491: [GC (Allocation Failure) [PSYoungGen: 68032K->1408K(68608K)] 435565K->368941K(564736K), 0.0043313 secs] [Times: user=0.02 sys=0.00, real=0.01 secs] 
2626.688: [GC (Allocation Failure) [PSYoungGen: 67968K->1424K(68608K)] 435501K->368957K(564736K), 0.0029279 secs] [Times: user=0.01 sys=0.00, real=0.00 secs] 
2627.410: [GC (Allocation Failure) [PSYoungGen: 67984K->1408K(68608K)] 435517K->368941K(564736K), 0.0025035 secs] [Times: user=0.01 sys=0.00, real=0.00 secs] 
2628.225: [GC (Allocation Failure) [PSYoungGen: 67968K->1389K(68608K)] 435501K->368922K(564736K), 0.0015482 secs] [Times: user=0.00 sys=0.00, real=0.00 secs] 
2628.706: [GC (Allocation Failure) [PSYoungGen: 67949K->1408K(68608K)] 435482K->368941K(564736K), 0.0018605 secs] [Times: user=0.01 sys=0.00, real=0.00 secs] 
2629.316: [GC (Allocation Failure) [PSYoungGen: 67968K->1376K(68608K)] 435501K->368909K(564736K), 0.0023042 secs] [Times: user=0.00 sys=0.00, real=0.00 secs] 
2629.896: [GC (Allocation Failure) [PSYoungGen: 67936K->1312K(68608K)] 435469K->368845K(564736K), 0.0022202 secs] [Times: user=0.01 sys=0.00, real=0.00 secs] 
2630.483: [GC (Allocation Failure) [PSYoungGen: 67872K->1344K(68608K)] 435405K->368877K(564736K), 0.0020659 secs] [Times: user=0.01 sys=0.00, real=0.01 secs] 
2631.636: [GC (Allocation Failure) [PSYoungGen: 67904K->1408K(68608K)] 435437K->368941K(564736K), 0.0017498 secs] [Times: user=0.01 sys=0.00, real=0.00 secs] 
2632.210: [GC (Allocation Failure) [PSYoungGen: 67968K->1344K(68608K)] 435501K->368877K(564736K), 0.0017465 secs] [Times: user=0.00 sys=0.00, real=0.00 secs] 
2632.858: [GC (Allocation Failure) [PSYoungGen: 67904K->1376K(68096K)] 435437K->368917K(564224K), 0.0019028 secs] [Times: user=0.00 sys=0.00, real=0.00 secs] 
2633.560: [GC (Allocation Failure) [PSYoungGen: 67936K->1376K(68096K)] 435477K->368917K(564224K), 0.0019620 secs] [Times: user=0.01 sys=0.00, real=0.00 secs] 
2634.517: [GC (Allocation Failure) [PSYoungGen: 67936K->1357K(68096K)] 435477K->368898K(564224K), 0.0016232 secs] [Times: user=0.01 sys=0.00, real=0.00 secs] 
2635.197: [GC (Allocation Failure) [PSYoungGen: 67917K->1408K(68096K)] 435458K->368949K(564224K), 0.0019202 secs] [Times: user=0.00 sys=0.00, real=0.00 secs] 
2635.738: [GC (Allocation Failure) [PSYoungGen: 67968K->1408K(68096K)] 435509K->368949K(564224K), 0.0023463 secs] [Times: user=0.01 sys=0.00, real=0.00 secs] 
2636.458: [GC (Allocation Failure) [PSYoungGen: 67968K->1408K(68096K)] 435509K->368949K(564224K), 0.0026651 secs] [Times: user=0.01 sys=0.00, real=0.00 secs] 
2637.514: [GC (Allocation Failure) [PSYoungGen: 67968K->1408K(68096K)] 435509K->368949K(564224K), 0.0028802 secs] [Times: user=0.01 sys=0.00, real=0.01 secs] 
2638.955: [GC (Allocation Failure) [PSYoungGen: 67968K->1408K(68096K)] 435509K->368949K(564224K), 0.0023116 secs] [Times: user=0.01 sys=0.00, real=0.00 secs] 
2639.250: [GC (Allocation Failure) [PSYoungGen: 67968K->1376K(68096K)] 435509K->368917K(564224K), 0.0020016 secs] [Times: user=0.00 sys=0.00, real=0.00 secs] 
2639.526: [GC (Allocation Failure) [PSYoungGen: 67936K->1312K(68096K)] 435477K->368853K(564224K), 0.0019947 secs] [Times: user=0.01 sys=0.00, real=0.00 secs] 
2639.803: [GC (Allocation Failure) [PSYoungGen: 67872K->1344K(68096K)] 435413K->368885K(564224K), 0.0019019 secs] [Times: user=0.01 sys=0.00, real=0.01 secs] 
2640.466: [GC (Allocation Failure) [PSYoungGen: 67904K->1357K(68096K)] 435445K->368898K(564224K), 0.0015533 secs] [Times: user=0.01 sys=0.00, real=0.00 secs] 
2640.825: [GC (Allocation Failure) [PSYoungGen: 67917K->1376K(68096K)] 435458K->368917K(564224K), 0.0018995 secs] [Times: user=0.01 sys=0.00, real=0.00 secs] 
2641.102: [GC (Allocation Failure) [PSYoungGen: 67936K->1312K(68096K)] 435477K->368853K(564224K), 0.0018765 secs] [Times: user=0.01 sys=0.01, real=0.00 secs] 
2641.378: [GC (Allocation Failure) [PSYoungGen: 67872K->1376K(68096K)] 435413K->368933K(564224K), 0.0019736 secs] [Times: user=0.01 sys=0.00, real=0.00 secs] 
2641.655: [GC (Allocation Failure) [PSYoungGen: 67936K->1344K(68096K)] 435493K->368901K(564224K), 0.0018791 secs] [Times: user=0.00 sys=0.00, real=0.00 secs] 
2643.053: [GC (Allocation Failure) [PSYoungGen: 67904K->1424K(68096K)] 435461K->368981K(564224K), 0.0033753 secs] [Times: user=0.02 sys=0.00, real=0.01 secs] 
2643.671: [GC (Allocation Failure) [PSYoungGen: 67984K->1376K(68096K)] 435541K->368933K(564224K), 0.0026792 secs] [Times: user=0.01 sys=0.00, real=0.00 secs] 
2644.088: [GC (Allocation Failure) [PSYoungGen: 67936K->1344K(68096K)] 435493K->368901K(564224K), 0.0023785 secs] [Times: user=0.01 sys=0.00, real=0.00 secs] 
2644.608: [GC (Allocation Failure) [PSYoungGen: 67904K->1408K(68096K)] 435461K->368965K(564224K), 0.0024306 secs] [Times: user=0.01 sys=0.00, real=0.00 secs] 
2645.496: [GC (Allocation Failure) [PSYoungGen: 67968K->1376K(68096K)] 435525K->368933K(564224K), 0.0014651 secs] [Times: user=0.01 sys=0.00, real=0.00 secs] 
2645.952: [GC (Allocation Failure) [PSYoungGen: 67936K->1408K(68096K)] 435493K->368965K(564224K), 0.0055732 secs] [Times: user=0.01 sys=0.00, real=0.01 secs] 
2646.277: [GC (Allocation Failure) [PSYoungGen: 67968K->1344K(68096K)] 435525K->368901K(564224K), 0.0021056 secs] [Times: user=0.00 sys=0.00, real=0.00 secs] 
2646.739: [GC (Allocation Failure) [PSYoungGen: 67904K->1344K(68096K)] 435461K->368901K(564224K), 0.0019238 secs] [Times: user=0.01 sys=0.00, real=0.00 secs] 
2647.358: [GC (Allocation Failure) [PSYoungGen: 67904K->1408K(68096K)] 435461K->368965K(564224K), 0.0025059 secs] [Times: user=0.00 sys=0.00, real=0.00 secs] 
2648.655: [GC (Allocation Failure) [PSYoungGen: 67968K->1408K(68096K)] 435525K->368965K(564224K), 0.0024500 secs] [Times: user=0.01 sys=0.00, real=0.00 secs] 
2649.731: [GC (Allocation Failure) [PSYoungGen: 67968K->1344K(68096K)] 435525K->368901K(564224K), 0.0025417 secs] [Times: user=0.01 sys=0.00, real=0.00 secs] 
2650.678: [GC (Allocation Failure) [PSYoungGen: 67904K->1376K(68096K)] 435461K->368933K(564224K), 0.0024408 secs] [Times: user=0.01 sys=0.00, real=0.00 secs] 
2651.418: [GC (Allocation Failure) [PSYoungGen: 67936K->1376K(68096K)] 435493K->368933K(564224K), 0.0027762 secs] [Times: user=0.01 sys=0.00, real=0.00 secs] 
2652.634: [GC (Allocation Failure) [PSYoungGen: 67936K->1440K(68096K)] 435493K->369253K(564224K), 0.0017555 secs] [Times: user=0.01 sys=0.00, real=0.01 secs] 
2653.364: [GC (Allocation Failure) [PSYoungGen: 68000K->1440K(68096K)] 435813K->369253K(564224K), 0.0027007 secs] [Times: user=0.01 sys=0.00, real=0.01 secs] 
2654.121: [GC (Allocation Failure) [PSYoungGen: 68000K->1408K(68096K)] 435813K->369229K(564224K), 0.0039503 secs] [Times: user=0.01 sys=0.00, real=0.01 secs] 
2654.938: [GC (Allocation Failure) [PSYoungGen: 67968K->1408K(68096K)] 435789K->369229K(564224K), 0.0026910 secs] [Times: user=0.01 sys=0.00, real=0.00 secs] 
2655.457: [GC (Allocation Failure) [PSYoungGen: 67968K->1376K(68096K)] 435789K->369197K(564224K), 0.0037170 secs] [Times: user=0.01 sys=0.00, real=0.00 secs] 
2656.590: [GC (Allocation Failure) [PSYoungGen: 67936K->1408K(68096K)] 435757K->369229K(564224K), 0.0021131 secs] [Times: user=0.01 sys=0.00, real=0.00 secs] 
2657.041: [GC (Allocation Failure) [PSYoungGen: 67968K->1344K(68096K)] 435789K->369165K(564224K), 0.0021702 secs] [Times: user=0.01 sys=0.00, real=0.00 secs] 
2657.319: [GC (Allocation Failure) [PSYoungGen: 67904K->1408K(68096K)] 435725K->369229K(564224K), 0.0023480 secs] [Times: user=0.01 sys=0.00, real=0.00 secs] 
2657.596: [GC (Allocation Failure) [PSYoungGen: 67968K->1376K(68096K)] 435789K->369197K(564224K), 0.0023989 secs] [Times: user=0.01 sys=0.00, real=0.00 secs] 
2658.434: [GC (Allocation Failure) [PSYoungGen: 67936K->864K(68096K)] 435757K->369709K(564224K), 0.0019915 secs] [Times: user=0.00 sys=0.00, real=0.01 secs] 
2659.211: [GC (Allocation Failure) [PSYoungGen: 67424K->320K(68608K)] 436269K->369165K(564736K), 0.0018686 secs] [Times: user=0.00 sys=0.00, real=0.00 secs] 
2660.011: [GC (Allocation Failure) [PSYoungGen: 66880K->320K(68608K)] 435725K->369173K(564736K), 0.0047060 secs] [Times: user=0.02 sys=0.00, real=0.01 secs] 
2660.740: [GC (Allocation Failure) [PSYoungGen: 66880K->320K(68608K)] 435733K->369181K(564736K), 0.0032556 secs] [Times: user=0.01 sys=0.00, real=0.00 secs] 
2661.229: [GC (Allocation Failure) [PSYoungGen: 66880K->352K(68608K)] 435741K->369213K(564736K), 0.0023255 secs] [Times: user=0.00 sys=0.00, real=0.00 secs] 
2663.411: [GC (Allocation Failure) [PSYoungGen: 66912K->1408K(68608K)] 435773K->370269K(564736K), 0.0044327 secs] [Times: user=0.01 sys=0.00, real=0.01 secs] 
2664.502: [GC (Allocation Failure) [PSYoungGen: 67968K->1360K(68608K)] 436829K->370229K(564736K), 0.0026630 secs] [Times: user=0.01 sys=0.00, real=0.01 secs] 
2665.231: [GC (Allocation Failure) [PSYoungGen: 67920K->1376K(68608K)] 436789K->370245K(564736K), 0.0027809 secs] [Times: user=0.01 sys=0.00, real=0.00 secs] 
2666.163: [GC (Allocation Failure) [PSYoungGen: 67936K->1344K(68608K)] 436805K->370213K(564736K), 0.0040930 secs] [Times: user=0.01 sys=0.00, real=0.01 secs] 
2667.782: [GC (Allocation Failure) [PSYoungGen: 67904K->1376K(68608K)] 436773K->370245K(564736K), 0.0021003 secs] [Times: user=0.01 sys=0.00, real=0.01 secs] 
2668.537: [GC (Allocation Failure) [PSYoungGen: 67936K->1312K(68608K)] 436805K->370181K(564736K), 0.0020481 secs] [Times: user=0.01 sys=0.00, real=0.00 secs] 
2668.814: [GC (Allocation Failure) [PSYoungGen: 67872K->1344K(68608K)] 436741K->370213K(564736K), 0.0018851 secs] [Times: user=0.01 sys=0.00, real=0.00 secs] 
2669.091: [GC (Allocation Failure) [PSYoungGen: 67904K->1392K(68608K)] 436773K->370261K(564736K), 0.0019317 secs] [Times: user=0.01 sys=0.00, real=0.00 secs] 
2669.367: [GC (Allocation Failure) [PSYoungGen: 67952K->1344K(68608K)] 436821K->370213K(564736K), 0.0021347 secs] [Times: user=0.00 sys=0.00, real=0.00 secs] 
2670.124: [GC (Allocation Failure) [PSYoungGen: 67904K->1408K(68608K)] 436773K->370277K(564736K), 0.0017318 secs] [Times: user=0.01 sys=0.00, real=0.01 secs] 
2670.400: [GC (Allocation Failure) [PSYoungGen: 67968K->1408K(68608K)] 436837K->370277K(564736K), 0.0016992 secs] [Times: user=0.01 sys=0.00, real=0.00 secs] 
2670.677: [GC (Allocation Failure) [PSYoungGen: 67968K->1376K(68608K)] 436837K->370245K(564736K), 0.0016835 secs] [Times: user=0.01 sys=0.00, real=0.00 secs] 
2670.953: [GC (Allocation Failure) [PSYoungGen: 67936K->1312K(68608K)] 436805K->370181K(564736K), 0.0017285 secs] [Times: user=0.01 sys=0.00, real=0.01 secs] 
2671.681: [GC (Allocation Failure) [PSYoungGen: 67872K->1376K(68608K)] 436741K->370245K(564736K), 0.0016563 secs] [Times: user=0.00 sys=0.00, real=0.00 secs] 
2671.971: [GC (Allocation Failure) [PSYoungGen: 67936K->1376K(68608K)] 436805K->370245K(564736K), 0.0015217 secs] [Times: user=0.01 sys=0.00, real=0.00 secs] 
2672.263: [GC (Allocation Failure) [PSYoungGen: 67936K->1344K(68608K)] 436805K->370221K(564736K), 0.0016305 secs] [Times: user=0.01 sys=0.00, real=0.00 secs] 
2672.545: [GC (Allocation Failure) [PSYoungGen: 67904K->1376K(68608K)] 436781K->370253K(564736K), 0.0031819 secs] [Times: user=0.01 sys=0.00, real=0.00 secs] 
2672.846: [GC (Allocation Failure) [PSYoungGen: 67921K->256K(68608K)] 436799K->369133K(564736K), 0.0025405 secs] [Times: user=0.01 sys=0.00, real=0.00 secs] 
2673.747: [GC (Allocation Failure) [PSYoungGen: 66816K->1408K(68096K)] 435693K->370285K(564224K), 0.0018091 secs] [Times: user=0.01 sys=0.00, real=0.00 secs] 
2674.286: [GC (Allocation Failure) [PSYoungGen: 67968K->1312K(68096K)] 436845K->370189K(564224K), 0.0019230 secs] [Times: user=0.01 sys=0.00, real=0.00 secs] 
2674.836: [GC (Allocation Failure) [PSYoungGen: 67872K->1344K(68096K)] 436749K->370221K(564224K), 0.0029192 secs] [Times: user=0.01 sys=0.00, real=0.00 secs] 
2675.399: [GC (Allocation Failure) [PSYoungGen: 67904K->1376K(68096K)] 436781K->370253K(564224K), 0.0031675 secs] [Times: user=0.01 sys=0.00, real=0.00 secs] 
2676.328: [GC (Allocation Failure) [PSYoungGen: 67936K->1408K(68096K)] 436813K->370285K(564224K), 0.0017356 secs] [Times: user=0.01 sys=0.00, real=0.00 secs] 
2676.905: [GC (Allocation Failure) [PSYoungGen: 67968K->1376K(68096K)] 436845K->370253K(564224K), 0.0019871 secs] [Times: user=0.00 sys=0.00, real=0.00 secs] 
2677.292: [GC (Allocation Failure) [PSYoungGen: 67936K->1312K(68096K)] 436813K->370189K(564224K), 0.0018573 secs] [Times: user=0.01 sys=0.00, real=0.00 secs] 
2677.569: [GC (Allocation Failure) [PSYoungGen: 67872K->1376K(68096K)] 436749K->370253K(564224K), 0.0024603 secs] [Times: user=0.01 sys=0.00, real=0.00 secs] 
2677.950: [GC (Allocation Failure) [PSYoungGen: 67936K->1341K(68096K)] 436813K->370218K(564224K), 0.0015661 secs] [Times: user=0.00 sys=0.00, real=0.00 secs] 
2678.992: [GC (Allocation Failure) [PSYoungGen: 67901K->1440K(68096K)] 436778K->370317K(564224K), 0.0019716 secs] [Times: user=0.01 sys=0.00, real=0.00 secs] 
2679.714: [GC (Allocation Failure) [PSYoungGen: 68000K->1408K(68096K)] 436877K->370293K(564224K), 0.0035712 secs] [Times: user=0.01 sys=0.00, real=0.01 secs] 
2680.685: [GC (Allocation Failure) [PSYoungGen: 67968K->1376K(68608K)] 436853K->370261K(564736K), 0.0034817 secs] [Times: user=0.01 sys=0.00, real=0.00 secs] 
2681.342: [GC (Allocation Failure) [PSYoungGen: 67936K->1376K(68608K)] 436821K->370277K(564736K), 0.0028498 secs] [Times: user=0.01 sys=0.00, real=0.01 secs] 
2682.651: [GC (Allocation Failure) [PSYoungGen: 67936K->1408K(68608K)] 436837K->370309K(564736K), 0.0023027 secs] [Times: user=0.01 sys=0.00, real=0.00 secs] 
2683.392: [GC (Allocation Failure) [PSYoungGen: 67968K->1344K(68608K)] 436869K->370245K(564736K), 0.0024774 secs] [Times: user=0.00 sys=0.00, real=0.01 secs] 
2683.998: [GC (Allocation Failure) [PSYoungGen: 67904K->1392K(68608K)] 436805K->370293K(564736K), 0.0024697 secs] [Times: user=0.01 sys=0.00, real=0.00 secs] 
2684.597: [GC (Allocation Failure) [PSYoungGen: 67952K->1344K(68608K)] 436853K->370245K(564736K), 0.0022706 secs] [Times: user=0.01 sys=0.00, real=0.00 secs] 
2685.281: [GC (Allocation Failure) [PSYoungGen: 67904K->1341K(68608K)] 436805K->370242K(564736K), 0.0014861 secs] [Times: user=0.00 sys=0.00, real=0.00 secs] 
2686.033: [GC (Allocation Failure) [PSYoungGen: 67901K->1344K(68608K)] 436802K->370245K(564736K), 0.0019209 secs] [Times: user=0.01 sys=0.00, real=0.01 secs] 
2686.610: [GC (Allocation Failure) [PSYoungGen: 67904K->1408K(68608K)] 436805K->370309K(564736K), 0.0032824 secs] [Times: user=0.01 sys=0.00, real=0.00 secs] 
2687.144: [GC (Allocation Failure) [PSYoungGen: 67968K->1376K(68608K)] 436869K->370277K(564736K), 0.0024611 secs] [Times: user=0.01 sys=0.00, real=0.01 secs] 
2687.902: [GC (Allocation Failure) [PSYoungGen: 67936K->1360K(68096K)] 436837K->370261K(564224K), 0.0038024 secs] [Times: user=0.01 sys=0.00, real=0.01 secs] 
2689.298: [GC (Allocation Failure) [PSYoungGen: 67920K->1440K(67584K)] 436821K->370341K(563712K), 0.0023337 secs] [Times: user=0.01 sys=0.00, real=0.00 secs] 
2690.599: [GC (Allocation Failure) [PSYoungGen: 67488K->1376K(67584K)] 436389K->370277K(563712K), 0.0046494 secs] [Times: user=0.02 sys=0.00, real=0.00 secs] 
2691.265: [GC (Allocation Failure) [PSYoungGen: 67424K->1408K(67584K)] 436325K->370309K(563712K), 0.0026284 secs] [Times: user=0.02 sys=0.00, real=0.00 secs] 
2691.842: [GC (Allocation Failure) [PSYoungGen: 67456K->1376K(67584K)] 436357K->370277K(563712K), 0.0029552 secs] [Times: user=0.01 sys=0.00, real=0.01 secs] 
2692.587: [GC (Allocation Failure) [PSYoungGen: 67424K->1325K(67584K)] 436325K->370226K(563712K), 0.0015272 secs] [Times: user=0.00 sys=0.00, real=0.00 secs] 
2693.531: [GC (Allocation Failure) [PSYoungGen: 67373K->1376K(67584K)] 436274K->370277K(563712K), 0.0016943 secs] [Times: user=0.01 sys=0.00, real=0.00 secs] 
2694.225: [GC (Allocation Failure) [PSYoungGen: 67424K->1376K(67584K)] 436325K->370285K(563712K), 0.0030050 secs] [Times: user=0.01 sys=0.00, real=0.00 secs] 
2694.719: [GC (Allocation Failure) [PSYoungGen: 67424K->1344K(67584K)] 436333K->370253K(563712K), 0.0024491 secs] [Times: user=0.01 sys=0.00, real=0.00 secs] 
2695.253: [GC (Allocation Failure) [PSYoungGen: 67392K->1408K(67584K)] 436301K->370317K(563712K), 0.0024125 secs] [Times: user=0.01 sys=0.00, real=0.01 secs] 
2696.245: [GC (Allocation Failure) [PSYoungGen: 67456K->1376K(67584K)] 436365K->370285K(563712K), 0.0020232 secs] [Times: user=0.01 sys=0.00, real=0.00 secs] 
2696.858: [GC (Allocation Failure) [PSYoungGen: 67424K->1376K(67584K)] 436333K->370285K(563712K), 0.0033856 secs] [Times: user=0.01 sys=0.00, real=0.00 secs] 
2697.596: [GC (Allocation Failure) [PSYoungGen: 67424K->1376K(67584K)] 436333K->370285K(563712K), 0.0026433 secs] [Times: user=0.01 sys=0.00, real=0.00 secs] 
2698.078: [GC (Allocation Failure) [PSYoungGen: 67424K->1376K(67584K)] 436333K->370285K(563712K), 0.0026134 secs] [Times: user=0.01 sys=0.00, real=0.00 secs] 
2698.768: [GC (Allocation Failure) [PSYoungGen: 67424K->1341K(67584K)] 436333K->370250K(563712K), 0.0016300 secs] [Times: user=0.01 sys=0.00, real=0.00 secs] 
2699.610: [GC (Allocation Failure) [PSYoungGen: 67389K->1408K(67584K)] 436298K->370317K(563712K), 0.0020465 secs] [Times: user=0.01 sys=0.00, real=0.00 secs] 
2699.952: [GC (Allocation Failure) [PSYoungGen: 67456K->1376K(67584K)] 436365K->370285K(563712K), 0.0021481 secs] [Times: user=0.01 sys=0.00, real=0.01 secs] 
2700.647: [GC (Allocation Failure) [PSYoungGen: 67424K->1376K(67584K)] 436333K->370285K(563712K), 0.0027016 secs] [Times: user=0.01 sys=0.00, real=0.00 secs] 
2701.393: [GC (Allocation Failure) [PSYoungGen: 67424K->1408K(67584K)] 436333K->370317K(563712K), 0.0039947 secs] [Times: user=0.02 sys=0.00, real=0.01 secs] 
2702.573: [GC (Allocation Failure) [PSYoungGen: 67456K->1408K(67584K)] 436365K->370317K(563712K), 0.0019676 secs] [Times: user=0.01 sys=0.00, real=0.01 secs] 
2703.592: [GC (Allocation Failure) [PSYoungGen: 67456K->1376K(67584K)] 436365K->370293K(563712K), 0.0030319 secs] [Times: user=0.02 sys=0.00, real=0.01 secs] 
2704.491: [GC (Allocation Failure) [PSYoungGen: 67424K->1408K(67584K)] 436341K->370325K(563712K), 0.0030397 secs] [Times: user=0.01 sys=0.00, real=0.01 secs] 
2705.450: [GC (Allocation Failure) [PSYoungGen: 67456K->1376K(67584K)] 436373K->370293K(563712K), 0.0028351 secs] [Times: user=0.01 sys=0.00, real=0.00 secs] 
2706.567: [GC (Allocation Failure) [PSYoungGen: 67424K->1328K(67584K)] 436341K->370245K(563712K), 0.0022930 secs] [Times: user=0.01 sys=0.00, real=0.00 secs] 
2707.667: [GC (Allocation Failure) [PSYoungGen: 67376K->1408K(67584K)] 436293K->370325K(563712K), 0.0021640 secs] [Times: user=0.01 sys=0.00, real=0.00 secs] 
2708.181: [GC (Allocation Failure) [PSYoungGen: 67456K->1408K(67584K)] 436373K->370325K(563712K), 0.0027303 secs] [Times: user=0.00 sys=0.00, real=0.00 secs] 
2708.569: [GC (Allocation Failure) [PSYoungGen: 67456K->1344K(67584K)] 436373K->370261K(563712K), 0.0020573 secs] [Times: user=0.01 sys=0.00, real=0.00 secs] 
2708.932: [GC (Allocation Failure) [PSYoungGen: 67392K->1344K(67584K)] 436309K->370261K(563712K), 0.0018486 secs] [Times: user=0.01 sys=0.00, real=0.00 secs] 
2710.195: [GC (Allocation Failure) [PSYoungGen: 67392K->1440K(67584K)] 436309K->370357K(563712K), 0.0030518 secs] [Times: user=0.01 sys=0.00, real=0.00 secs] 
2710.775: [GC (Allocation Failure) [PSYoungGen: 67488K->1376K(67584K)] 436405K->370293K(563712K), 0.0022541 secs] [Times: user=0.01 sys=0.00, real=0.00 secs] 
2711.289: [GC (Allocation Failure) [PSYoungGen: 67424K->1408K(67584K)] 436341K->370325K(563712K), 0.0022085 secs] [Times: user=0.00 sys=0.00, real=0.00 secs] 
2711.766: [GC (Allocation Failure) [PSYoungGen: 67456K->1344K(67584K)] 436373K->370261K(563712K), 0.0025364 secs] [Times: user=0.01 sys=0.00, real=0.00 secs] 
2712.329: [GC (Allocation Failure) [PSYoungGen: 67392K->1405K(67584K)] 436309K->370322K(563712K), 0.0020529 secs] [Times: user=0.01 sys=0.00, real=0.00 secs] 
2713.425: [GC (Allocation Failure) [PSYoungGen: 67453K->1408K(67584K)] 436370K->370325K(563712K), 0.0027087 secs] [Times: user=0.01 sys=0.00, real=0.00 secs] 
2714.518: [GC (Allocation Failure) [PSYoungGen: 67456K->1408K(67584K)] 436373K->370333K(563712K), 0.0026357 secs] [Times: user=0.01 sys=0.00, real=0.00 secs] 
2715.300: [GC (Allocation Failure) [PSYoungGen: 67456K->1408K(67584K)] 436381K->370333K(563712K), 0.0033357 secs] [Times: user=0.01 sys=0.00, real=0.00 secs] 
2716.136: [GC (Allocation Failure) [PSYoungGen: 67456K->1376K(67584K)] 436381K->370301K(563712K), 0.0026926 secs] [Times: user=0.02 sys=0.00, real=0.00 secs] 
2717.186: [GC (Allocation Failure) [PSYoungGen: 67424K->1408K(67584K)] 436349K->370333K(563712K), 0.0017525 secs] [Times: user=0.00 sys=0.00, real=0.00 secs] 
2717.575: [GC (Allocation Failure) [PSYoungGen: 67456K->1344K(67584K)] 436381K->370269K(563712K), 0.0019152 secs] [Times: user=0.00 sys=0.00, real=0.00 secs] 
2718.016: [GC (Allocation Failure) [PSYoungGen: 67392K->1344K(67584K)] 436317K->370269K(563712K), 0.0019492 secs] [Times: user=0.01 sys=0.00, real=0.00 secs] 
2718.500: [GC (Allocation Failure) [PSYoungGen: 67392K->1344K(67584K)] 436317K->370269K(563712K), 0.0021897 secs] [Times: user=0.00 sys=0.00, real=0.00 secs] 
2719.153: [GC (Allocation Failure) [PSYoungGen: 67386K->272K(67072K)] 436312K->369197K(563200K), 0.0025153 secs] [Times: user=0.01 sys=0.00, real=0.01 secs] 
2720.465: [GC (Allocation Failure) [PSYoungGen: 65808K->1408K(67584K)] 434733K->370333K(563712K), 0.0025045 secs] [Times: user=0.01 sys=0.00, real=0.00 secs] 
2721.248: [GC (Allocation Failure) [PSYoungGen: 66944K->1376K(67584K)] 435869K->370301K(563712K), 0.0044289 secs] [Times: user=0.01 sys=0.00, real=0.00 secs] 
2721.867: [GC (Allocation Failure) [PSYoungGen: 66912K->1376K(67584K)] 435837K->370301K(563712K), 0.0042290 secs] [Times: user=0.01 sys=0.00, real=0.00 secs] 
2722.456: [GC (Allocation Failure) [PSYoungGen: 66912K->1408K(67584K)] 435837K->370333K(563712K), 0.0021926 secs] [Times: user=0.01 sys=0.01, real=0.00 secs] 
2723.590: [GC (Allocation Failure) [PSYoungGen: 66944K->1408K(67584K)] 435869K->370333K(563712K), 0.0019234 secs] [Times: user=0.01 sys=0.00, real=0.00 secs] 
2724.667: [GC (Allocation Failure) [PSYoungGen: 66944K->1360K(67584K)] 435869K->370293K(563712K), 0.0044939 secs] [Times: user=0.02 sys=0.00, real=0.00 secs] 
2725.596: [GC (Allocation Failure) [PSYoungGen: 66896K->1376K(67584K)] 435829K->370309K(563712K), 0.0033498 secs] [Times: user=0.01 sys=0.00, real=0.00 secs] 
2726.177: [GC (Allocation Failure) [PSYoungGen: 66912K->1408K(67584K)] 435845K->370341K(563712K), 0.0024843 secs] [Times: user=0.01 sys=0.00, real=0.00 secs] 
2726.726: [GC (Allocation Failure) [PSYoungGen: 66944K->1376K(67584K)] 435877K->370309K(563712K), 0.0026075 secs] [Times: user=0.01 sys=0.00, real=0.00 secs] 
2727.831: [GC (Allocation Failure) [PSYoungGen: 66912K->1408K(67584K)] 435845K->370341K(563712K), 0.0022993 secs] [Times: user=0.01 sys=0.00, real=0.00 secs] 
2728.210: [GC (Allocation Failure) [PSYoungGen: 66944K->1344K(67584K)] 435877K->370277K(563712K), 0.0021372 secs] [Times: user=0.00 sys=0.00, real=0.00 secs] 
2728.489: [GC (Allocation Failure) [PSYoungGen: 66880K->1344K(67584K)] 435813K->370277K(563712K), 0.0027306 secs] [Times: user=0.02 sys=0.00, real=0.00 secs] 
2728.957: [GC (Allocation Failure) [PSYoungGen: 66880K->1376K(67584K)] 435813K->370309K(563712K), 0.0024268 secs] [Times: user=0.01 sys=0.00, real=0.00 secs] 
2730.094: [GC (Allocation Failure) [PSYoungGen: 66912K->1920K(67584K)] 435845K->370853K(563712K), 0.0025277 secs] [Times: user=0.01 sys=0.00, real=0.01 secs] 
2730.825: [GC (Allocation Failure) [PSYoungGen: 67456K->1376K(67584K)] 436389K->370309K(563712K), 0.0024592 secs] [Times: user=0.01 sys=0.00, real=0.00 secs] 
2731.369: [GC (Allocation Failure) [PSYoungGen: 66912K->1376K(67584K)] 435845K->370309K(563712K), 0.0024007 secs] [Times: user=0.01 sys=0.01, real=0.00 secs] 
2731.677: [GC (Allocation Failure) [PSYoungGen: 66912K->1376K(67584K)] 435845K->370309K(563712K), 0.0020449 secs] [Times: user=0.01 sys=0.00, real=0.00 secs] 
2731.960: [GC (Allocation Failure) [PSYoungGen: 66912K->1296K(67584K)] 435845K->370229K(563712K), 0.0020349 secs] [Times: user=0.01 sys=0.00, real=0.00 secs] 
2733.085: [GC (Allocation Failure) [PSYoungGen: 66832K->1376K(67584K)] 435765K->370325K(563712K), 0.0021258 secs] [Times: user=0.01 sys=0.00, real=0.00 secs] 
2733.687: [GC (Allocation Failure) [PSYoungGen: 66912K->1376K(67584K)] 435861K->370325K(563712K), 0.0020843 secs] [Times: user=0.01 sys=0.00, real=0.00 secs] 
2734.254: [GC (Allocation Failure) [PSYoungGen: 66912K->1376K(67584K)] 435861K->370325K(563712K), 0.0022121 secs] [Times: user=0.00 sys=0.00, real=0.00 secs] 
2734.877: [GC (Allocation Failure) [PSYoungGen: 66912K->1312K(67584K)] 435861K->370261K(563712K), 0.0024093 secs] [Times: user=0.01 sys=0.00, real=0.00 secs] 
2735.885: [GC (Allocation Failure) [PSYoungGen: 66588K->224K(67584K)] 435538K->369173K(563712K), 0.0015323 secs] [Times: user=0.00 sys=0.00, real=0.00 secs] 
2736.210: [GC (Allocation Failure) [PSYoungGen: 65760K->1344K(67584K)] 434709K->370293K(563712K), 0.0016970 secs] [Times: user=0.01 sys=0.00, real=0.00 secs] 
2736.733: [GC (Allocation Failure) [PSYoungGen: 66880K->1344K(67584K)] 435829K->370293K(563712K), 0.0020107 secs] [Times: user=0.01 sys=0.00, real=0.01 secs] 
2737.276: [GC (Allocation Failure) [PSYoungGen: 66880K->1360K(67584K)] 435829K->370309K(563712K), 0.0025686 secs] [Times: user=0.01 sys=0.00, real=0.00 secs] 
2737.769: [GC (Allocation Failure) [PSYoungGen: 66896K->1376K(67584K)] 435845K->370325K(563712K), 0.0026982 secs] [Times: user=0.01 sys=0.00, real=0.00 secs] 
2738.746: [GC (Allocation Failure) [PSYoungGen: 66912K->1440K(67584K)] 435861K->370389K(563712K), 0.0019439 secs] [Times: user=0.01 sys=0.00, real=0.00 secs] 
2739.019: [GC (Allocation Failure) [PSYoungGen: 66976K->1376K(67584K)] 435925K->370325K(563712K), 0.0020415 secs] [Times: user=0.01 sys=0.00, real=0.00 secs] 
2739.292: [GC (Allocation Failure) [PSYoungGen: 66912K->1344K(67584K)] 435861K->370293K(563712K), 0.0018205 secs] [Times: user=0.01 sys=0.00, real=0.00 secs] 
2739.608: [GC (Allocation Failure) [PSYoungGen: 66880K->1344K(67584K)] 435829K->370293K(563712K), 0.0018657 secs] [Times: user=0.01 sys=0.00, real=0.00 secs] 
2740.293: [GC (Allocation Failure) [PSYoungGen: 66880K->1357K(67584K)] 435829K->370306K(563712K), 0.0016217 secs] [Times: user=0.01 sys=0.00, real=0.01 secs] 
2740.909: [GC (Allocation Failure) [PSYoungGen: 66893K->1376K(67584K)] 435842K->370325K(563712K), 0.0023313 secs] [Times: user=0.01 sys=0.00, real=0.00 secs] 
2741.178: [GC (Allocation Failure) [PSYoungGen: 66912K->1344K(67584K)] 435861K->370309K(563712K), 0.0020268 secs] [Times: user=0.01 sys=0.00, real=0.00 secs] 
2741.535: [GC (Allocation Failure) [PSYoungGen: 66880K->1344K(67584K)] 435845K->370309K(563712K), 0.0019902 secs] [Times: user=0.01 sys=0.00, real=0.00 secs] 
2742.001: [GC (Allocation Failure) [PSYoungGen: 66880K->1312K(67584K)] 435845K->370277K(563712K), 0.0023792 secs] [Times: user=0.01 sys=0.00, real=0.00 secs] 
2743.332: [GC (Allocation Failure) [PSYoungGen: 66848K->1408K(67584K)] 435813K->370373K(563712K), 0.0039601 secs] [Times: user=0.02 sys=0.00, real=0.01 secs] 
2744.202: [GC (Allocation Failure) [PSYoungGen: 66944K->1376K(67584K)] 435909K->370341K(563712K), 0.0047218 secs] [Times: user=0.01 sys=0.01, real=0.01 secs] 
2744.843: [GC (Allocation Failure) [PSYoungGen: 66912K->1344K(67072K)] 435877K->370309K(563200K), 0.0025907 secs] [Times: user=0.01 sys=0.01, real=0.01 secs] 
2745.591: [GC (Allocation Failure) [PSYoungGen: 66880K->1328K(67072K)] 435845K->370293K(563200K), 0.0025303 secs] [Times: user=0.01 sys=0.00, real=0.00 secs] 
2746.582: [GC (Allocation Failure) [PSYoungGen: 66864K->1341K(67072K)] 435829K->370306K(563200K), 0.0015710 secs] [Times: user=0.01 sys=0.00, real=0.00 secs] 
2748.033: [GC (Allocation Failure) [PSYoungGen: 66877K->1376K(67072K)] 435842K->370341K(563200K), 0.0035449 secs] [Times: user=0.01 sys=0.01, real=0.01 secs] 
2748.872: [GC (Allocation Failure) [PSYoungGen: 66912K->1344K(67072K)] 435877K->370317K(563200K), 0.0034236 secs] [Times: user=0.01 sys=0.00, real=0.01 secs] 
2749.458: [GC (Allocation Failure) [PSYoungGen: 66880K->1376K(67072K)] 435853K->370349K(563200K), 0.0027897 secs] [Times: user=0.01 sys=0.00, real=0.00 secs] 
2750.016: [GC (Allocation Failure) [PSYoungGen: 66912K->1376K(67072K)] 435885K->370349K(563200K), 0.0036327 secs] [Times: user=0.01 sys=0.00, real=0.00 secs] 
2750.941: [GC (Allocation Failure) [PSYoungGen: 66912K->1408K(67072K)] 435885K->370381K(563200K), 0.0017484 secs] [Times: user=0.00 sys=0.00, real=0.00 secs] 
2751.351: [GC (Allocation Failure) [PSYoungGen: 66944K->1312K(67072K)] 435917K->370285K(563200K), 0.0018785 secs] [Times: user=0.01 sys=0.00, real=0.00 secs] 
2751.990: [GC (Allocation Failure) [PSYoungGen: 66848K->1344K(67072K)] 435821K->370317K(563200K), 0.0018816 secs] [Times: user=0.01 sys=0.00, real=0.00 secs] 
2752.658: [GC (Allocation Failure) [PSYoungGen: 66880K->1344K(67072K)] 435853K->370317K(563200K), 0.0035258 secs] [Times: user=0.01 sys=0.00, real=0.00 secs] 
2753.219: [GC (Allocation Failure) [PSYoungGen: 66861K->288K(66560K)] 435834K->369261K(562688K), 0.0021959 secs] [Times: user=0.01 sys=0.00, real=0.00 secs] 
2754.003: [GC (Allocation Failure) [PSYoungGen: 65312K->1424K(67072K)] 434285K->370397K(563200K), 0.0017963 secs] [Times: user=0.01 sys=0.00, real=0.01 secs] 
2754.487: [GC (Allocation Failure) [PSYoungGen: 66448K->1408K(67072K)] 435421K->370389K(563200K), 0.0017844 secs] [Times: user=0.00 sys=0.00, real=0.00 secs] 
2755.009: [GC (Allocation Failure) [PSYoungGen: 66432K->1344K(67072K)] 435413K->370325K(563200K), 0.0020057 secs] [Times: user=0.01 sys=0.00, real=0.00 secs] 
2755.675: [GC (Allocation Failure) [PSYoungGen: 66368K->1408K(67072K)] 435349K->370389K(563200K), 0.0034397 secs] [Times: user=0.02 sys=0.00, real=0.00 secs] 
2756.670: [GC (Allocation Failure) [PSYoungGen: 66432K->1408K(67072K)] 435413K->370389K(563200K), 0.0015343 secs] [Times: user=0.01 sys=0.00, real=0.00 secs] 
2757.325: [GC (Allocation Failure) [PSYoungGen: 66432K->1408K(67072K)] 435413K->370389K(563200K), 0.0021053 secs] [Times: user=0.01 sys=0.00, real=0.00 secs] 
2758.096: [GC (Allocation Failure) [PSYoungGen: 66432K->1408K(67072K)] 435413K->370389K(563200K), 0.0033230 secs] [Times: user=0.01 sys=0.00, real=0.00 secs] 
2759.030: [GC (Allocation Failure) [PSYoungGen: 66432K->1376K(67072K)] 435413K->370357K(563200K), 0.0049314 secs] [Times: user=0.02 sys=0.00, real=0.01 secs] 
2760.089: [GC (Allocation Failure) [PSYoungGen: 66400K->1312K(67072K)] 435381K->370293K(563200K), 0.0033737 secs] [Times: user=0.01 sys=0.00, real=0.00 secs] 
2761.607: [GC (Allocation Failure) [PSYoungGen: 66336K->1376K(67072K)] 435317K->370357K(563200K), 0.0028424 secs] [Times: user=0.01 sys=0.00, real=0.00 secs] 
2762.250: [GC (Allocation Failure) [PSYoungGen: 66400K->1408K(67072K)] 435381K->370389K(563200K), 0.0027873 secs] [Times: user=0.01 sys=0.00, real=0.00 secs] 
2763.148: [GC (Allocation Failure) [PSYoungGen: 66432K->1376K(67072K)] 435413K->370357K(563200K), 0.0028042 secs] [Times: user=0.01 sys=0.00, real=0.00 secs] 
2764.145: [GC (Allocation Failure) [PSYoungGen: 66400K->1376K(67072K)] 435381K->370357K(563200K), 0.0035885 secs] [Times: user=0.01 sys=0.00, real=0.00 secs] 
2765.464: [GC (Allocation Failure) [PSYoungGen: 66400K->1341K(67072K)] 435381K->370330K(563200K), 0.0014696 secs] [Times: user=0.01 sys=0.00, real=0.00 secs] 
2766.308: [GC (Allocation Failure) [PSYoungGen: 66365K->1408K(67072K)] 435354K->370397K(563200K), 0.0034572 secs] [Times: user=0.01 sys=0.00, real=0.00 secs] 
2767.103: [GC (Allocation Failure) [PSYoungGen: 66432K->1376K(67072K)] 435421K->370365K(563200K), 0.0031644 secs] [Times: user=0.01 sys=0.00, real=0.01 secs] 
2768.028: [GC (Allocation Failure) [PSYoungGen: 66400K->1376K(67072K)] 435389K->370365K(563200K), 0.0027846 secs] [Times: user=0.01 sys=0.00, real=0.00 secs] 
2769.006: [GC (Allocation Failure) [PSYoungGen: 66400K->1376K(66560K)] 435389K->370365K(562688K), 0.0043653 secs] [Times: user=0.01 sys=0.00, real=0.00 secs] 
2770.077: [GC (Allocation Failure) [PSYoungGen: 66400K->1440K(66560K)] 435389K->370429K(562688K), 0.0018241 secs] [Times: user=0.00 sys=0.00, real=0.00 secs] 
2770.370: [GC (Allocation Failure) [PSYoungGen: 66464K->1376K(66560K)] 435453K->370365K(562688K), 0.0018565 secs] [Times: user=0.01 sys=0.00, real=0.00 secs] 
2770.657: [GC (Allocation Failure) [PSYoungGen: 66400K->1344K(67072K)] 435389K->370333K(563200K), 0.0121157 secs] [Times: user=0.06 sys=0.00, real=0.01 secs] 
2770.973: [GC (Allocation Failure) [PSYoungGen: 66880K->1344K(74240K)] 435869K->370333K(570368K), 0.0018144 secs] [Times: user=0.01 sys=0.01, real=0.01 secs] 
2771.625: [GC (Allocation Failure) [PSYoungGen: 74048K->1421K(74240K)] 443037K->370410K(570368K), 0.0015680 secs] [Times: user=0.00 sys=0.00, real=0.00 secs] 
2772.025: [GC (Allocation Failure) [PSYoungGen: 74125K->1408K(80896K)] 443114K->370397K(577024K), 0.0016414 secs] [Times: user=0.00 sys=0.00, real=0.00 secs] 
2772.355: [GC (Allocation Failure) [PSYoungGen: 80768K->1376K(81408K)] 449757K->370365K(577536K), 0.0017615 secs] [Times: user=0.00 sys=0.01, real=0.00 secs] 
2772.686: [GC (Allocation Failure) [PSYoungGen: 81248K->1376K(80896K)] 450237K->370373K(577024K), 0.0016956 secs] [Times: user=0.01 sys=0.00, real=0.00 secs] 
2773.754: [GC (Allocation Failure) [PSYoungGen: 80736K->1376K(80384K)] 449733K->370373K(576512K), 0.0023391 secs] [Times: user=0.00 sys=0.00, real=0.01 secs] 
2775.058: [GC (Allocation Failure) [PSYoungGen: 80224K->384K(78848K)] 449221K->370405K(574976K), 0.0023591 secs] [Times: user=0.01 sys=0.00, real=0.00 secs] 
2775.419: [GC (Allocation Failure) [PSYoungGen: 78720K->304K(79872K)] 448741K->370325K(576000K), 0.0019262 secs] [Times: user=0.01 sys=0.00, real=0.00 secs] 
2776.248: [GC (Allocation Failure) [PSYoungGen: 78128K->368K(77824K)] 448149K->370389K(573952K), 0.0028692 secs] [Times: user=0.01 sys=0.00, real=0.00 secs] 
2777.867: [GC (Allocation Failure) [PSYoungGen: 77680K->1376K(78848K)] 447701K->371397K(574976K), 0.0022990 secs] [Times: user=0.01 sys=0.00, real=0.00 secs] 
2779.081: [GC (Allocation Failure) [PSYoungGen: 78176K->1344K(77824K)] 448197K->371373K(573952K), 0.0033652 secs] [Times: user=0.01 sys=0.01, real=0.01 secs] 
2780.047: [GC (Allocation Failure) [PSYoungGen: 77632K->1408K(77312K)] 447661K->371437K(573440K), 0.0044290 secs] [Times: user=0.01 sys=0.00, real=0.00 secs] 
2781.024: [GC (Allocation Failure) [PSYoungGen: 77184K->1344K(76800K)] 447213K->371381K(572928K), 0.0024127 secs] [Times: user=0.00 sys=0.00, real=0.00 secs] 
2782.384: [GC (Allocation Failure) [PSYoungGen: 76608K->1408K(76288K)] 446645K->371445K(572416K), 0.0019788 secs] [Times: user=0.01 sys=0.00, real=0.01 secs] 
2782.706: [GC (Allocation Failure) [PSYoungGen: 76160K->1312K(75776K)] 446197K->371349K(571904K), 0.0018526 secs] [Times: user=0.01 sys=0.00, real=0.00 secs] 
2783.014: [GC (Allocation Failure) [PSYoungGen: 75552K->1312K(75264K)] 445589K->371349K(571392K), 0.0020096 secs] [Times: user=0.01 sys=0.00, real=0.00 secs] 
2783.321: [GC (Allocation Failure) [PSYoungGen: 75040K->1376K(74752K)] 445077K->371413K(570880K), 0.0022069 secs] [Times: user=0.01 sys=0.00, real=0.00 secs] 
2784.872: [GC (Allocation Failure) [PSYoungGen: 74592K->1408K(74240K)] 444629K->371453K(570368K), 0.0028746 secs] [Times: user=0.01 sys=0.00, real=0.01 secs] 
2785.229: [GC (Allocation Failure) [PSYoungGen: 74112K->1312K(73728K)] 444157K->371357K(569856K), 0.0022101 secs] [Times: user=0.01 sys=0.00, real=0.00 secs] 
2785.533: [GC (Allocation Failure) [PSYoungGen: 73504K->1344K(73216K)] 443549K->371389K(569344K), 0.0023950 secs] [Times: user=0.01 sys=0.00, real=0.01 secs] 
2785.897: [GC (Allocation Failure) [PSYoungGen: 73024K->1344K(72704K)] 443069K->371389K(568832K), 0.0018645 secs] [Times: user=0.01 sys=0.00, real=0.00 secs] 
2786.942: [GC (Allocation Failure) [PSYoungGen: 72512K->1376K(72192K)] 442557K->371421K(568320K), 0.0026614 secs] [Times: user=0.01 sys=0.00, real=0.01 secs] 
2787.529: [GC (Allocation Failure) [PSYoungGen: 72032K->1328K(71680K)] 442077K->371373K(567808K), 0.0024772 secs] [Times: user=0.01 sys=0.00, real=0.00 secs] 
2788.018: [GC (Allocation Failure) [PSYoungGen: 71472K->1344K(71168K)] 441517K->371389K(567296K), 0.0022606 secs] [Times: user=0.01 sys=0.00, real=0.00 secs] 
2788.307: [GC (Allocation Failure) [PSYoungGen: 70976K->1344K(70656K)] 441021K->371389K(566784K), 0.0020938 secs] [Times: user=0.01 sys=0.00, real=0.00 secs] 
2789.043: [GC (Allocation Failure) [PSYoungGen: 70464K->1376K(70144K)] 440509K->371421K(566272K), 0.0016229 secs] [Times: user=0.01 sys=0.00, real=0.01 secs] 
2790.082: [GC (Allocation Failure) [PSYoungGen: 69984K->1408K(70144K)] 440029K->371453K(566272K), 0.0021786 secs] [Times: user=0.01 sys=0.00, real=0.00 secs] 
2790.709: [GC (Allocation Failure) [PSYoungGen: 70016K->1408K(70144K)] 440061K->371453K(566272K), 0.0026897 secs] [Times: user=0.01 sys=0.00, real=0.00 secs] 
2791.231: [GC (Allocation Failure) [PSYoungGen: 70016K->1376K(70144K)] 440061K->371429K(566272K), 0.0023850 secs] [Times: user=0.01 sys=0.00, real=0.00 secs] 
2792.140: [GC (Allocation Failure) [PSYoungGen: 69984K->1344K(70144K)] 440037K->371405K(566272K), 0.0030134 secs] [Times: user=0.01 sys=0.00, real=0.00 secs] 
2793.148: [GC (Allocation Failure) [PSYoungGen: 69952K->1376K(70144K)] 440013K->371437K(566272K), 0.0018586 secs] [Times: user=0.01 sys=0.00, real=0.00 secs] 
2793.463: [GC (Allocation Failure) [PSYoungGen: 69984K->1376K(70144K)] 440045K->371437K(566272K), 0.0019099 secs] [Times: user=0.00 sys=0.00, real=0.01 secs] 
2793.758: [GC (Allocation Failure) [PSYoungGen: 69984K->1408K(70144K)] 440045K->371469K(566272K), 0.0027810 secs] [Times: user=0.01 sys=0.00, real=0.00 secs] 
2794.065: [GC (Allocation Failure) [PSYoungGen: 70016K->1440K(70144K)] 440077K->371501K(566272K), 0.0029771 secs] [Times: user=0.01 sys=0.00, real=0.00 secs] 
2794.933: [GC (Allocation Failure) [PSYoungGen: 70048K->1408K(70144K)] 440109K->371469K(566272K), 0.0017796 secs] [Times: user=0.01 sys=0.00, real=0.01 secs] 
2795.433: [GC (Allocation Failure) [PSYoungGen: 70016K->1376K(70144K)] 440077K->371437K(566272K), 0.0018595 secs] [Times: user=0.01 sys=0.00, real=0.01 secs] 
2795.997: [GC (Allocation Failure) [PSYoungGen: 69984K->1344K(70144K)] 440045K->371405K(566272K), 0.0033829 secs] [Times: user=0.01 sys=0.00, real=0.00 secs] 
2796.544: [GC (Allocation Failure) [PSYoungGen: 69952K->1344K(70656K)] 440013K->371405K(566784K), 0.0027968 secs] [Times: user=0.02 sys=0.00, real=0.01 secs] 
2797.569: [GC (Allocation Failure) [PSYoungGen: 69952K->128K(70656K)] 440013K->370189K(566784K), 0.0014960 secs] [Times: user=0.01 sys=0.00, real=0.00 secs] 
2797.959: [GC (Allocation Failure) [PSYoungGen: 68736K->1376K(70656K)] 438797K->371437K(566784K), 0.0023701 secs] [Times: user=0.01 sys=0.01, real=0.00 secs] 
2798.251: [GC (Allocation Failure) [PSYoungGen: 69984K->1376K(70656K)] 440045K->371437K(566784K), 0.0019329 secs] [Times: user=0.01 sys=0.00, real=0.00 secs] 
2798.536: [GC (Allocation Failure) [PSYoungGen: 69984K->1376K(70656K)] 440045K->371437K(566784K), 0.0018540 secs] [Times: user=0.00 sys=0.00, real=0.00 secs] 
2798.866: [GC (Allocation Failure) [PSYoungGen: 69984K->1408K(70656K)] 440045K->371469K(566784K), 0.0024983 secs] [Times: user=0.01 sys=0.00, real=0.00 secs] 
2799.901: [GC (Allocation Failure) [PSYoungGen: 70016K->1408K(70656K)] 440077K->371469K(566784K), 0.0031562 secs] [Times: user=0.01 sys=0.00, real=0.00 secs] 
2800.464: [GC (Allocation Failure) [PSYoungGen: 70016K->1376K(70656K)] 440077K->371469K(566784K), 0.0024489 secs] [Times: user=0.01 sys=0.00, real=0.01 secs] 
2801.104: [GC (Allocation Failure) [PSYoungGen: 69984K->1408K(70656K)] 440077K->371501K(566784K), 0.0027875 secs] [Times: user=0.01 sys=0.00, real=0.01 secs] 
2801.765: [GC (Allocation Failure) [PSYoungGen: 70016K->1376K(70656K)] 440109K->371469K(566784K), 0.0026428 secs] [Times: user=0.01 sys=0.00, real=0.00 secs] 
2803.015: [GC (Allocation Failure) [PSYoungGen: 69984K->1408K(70656K)] 440077K->371501K(566784K), 0.0019224 secs] [Times: user=0.01 sys=0.00, real=0.00 secs] 
2804.025: [GC (Allocation Failure) [PSYoungGen: 70016K->1376K(70656K)] 440109K->371469K(566784K), 0.0046365 secs] [Times: user=0.02 sys=0.00, real=0.00 secs] 
2805.090: [GC (Allocation Failure) [PSYoungGen: 69984K->1376K(70656K)] 440077K->371469K(566784K), 0.0047065 secs] [Times: user=0.02 sys=0.00, real=0.01 secs] 
2805.711: [GC (Allocation Failure) [PSYoungGen: 69984K->1344K(70656K)] 440077K->371437K(566784K), 0.0024175 secs] [Times: user=0.01 sys=0.00, real=0.00 secs] 
2806.653: [GC (Allocation Failure) [PSYoungGen: 69952K->1389K(70656K)] 440045K->371482K(566784K), 0.0016070 secs] [Times: user=0.01 sys=0.00, real=0.00 secs] 
2807.864: [GC (Allocation Failure) [PSYoungGen: 69997K->1408K(70656K)] 440090K->371501K(566784K), 0.0027921 secs] [Times: user=0.01 sys=0.00, real=0.01 secs] 
2808.455: [GC (Allocation Failure) [PSYoungGen: 70016K->1408K(70656K)] 440109K->371501K(566784K), 0.0031673 secs] [Times: user=0.01 sys=0.00, real=0.00 secs] 
2809.092: [GC (Allocation Failure) [PSYoungGen: 70016K->1376K(70656K)] 440109K->371469K(566784K), 0.0025993 secs] [Times: user=0.01 sys=0.00, real=0.01 secs] 
2809.761: [GC (Allocation Failure) [PSYoungGen: 69984K->1376K(70656K)] 440077K->371469K(566784K), 0.0023776 secs] [Times: user=0.01 sys=0.00, real=0.00 secs] 
2810.824: [GC (Allocation Failure) [PSYoungGen: 69984K->1376K(70656K)] 440077K->371469K(566784K), 0.0023361 secs] [Times: user=0.01 sys=0.00, real=0.01 secs] 
2811.371: [GC (Allocation Failure) [PSYoungGen: 69984K->1344K(70656K)] 440077K->371437K(566784K), 0.0020626 secs] [Times: user=0.00 sys=0.00, real=0.00 secs] 
2811.656: [GC (Allocation Failure) [PSYoungGen: 69952K->1376K(70144K)] 440045K->371469K(566272K), 0.0019911 secs] [Times: user=0.01 sys=0.00, real=0.00 secs] 
2811.941: [GC (Allocation Failure) [PSYoungGen: 69984K->1408K(70144K)] 440077K->371501K(566272K), 0.0020479 secs] [Times: user=0.00 sys=0.00, real=0.00 secs] 
2812.675: [GC (Allocation Failure) [PSYoungGen: 70016K->352K(69632K)] 440109K->371469K(565760K), 0.0018625 secs] [Times: user=0.00 sys=0.00, real=0.00 secs] 
2812.959: [GC (Allocation Failure) [PSYoungGen: 68960K->352K(70656K)] 440077K->371469K(566784K), 0.0017637 secs] [Times: user=0.00 sys=0.00, real=0.00 secs] 
2813.245: [GC (Allocation Failure) [PSYoungGen: 68960K->288K(70656K)] 440077K->371413K(566784K), 0.0017680 secs] [Times: user=0.01 sys=0.00, real=0.00 secs] 
2813.529: [GC (Allocation Failure) [PSYoungGen: 68896K->288K(70656K)] 440021K->371413K(566784K), 0.0018312 secs] [Times: user=0.01 sys=0.00, real=0.00 secs] 
2814.278: [GC (Allocation Failure) [PSYoungGen: 68896K->1328K(70656K)] 440021K->372453K(566784K), 0.0017580 secs] [Times: user=0.01 sys=0.00, real=0.00 secs] 
2814.630: [GC (Allocation Failure) [PSYoungGen: 69936K->1408K(70656K)] 441061K->372533K(566784K), 0.0021663 secs] [Times: user=0.01 sys=0.00, real=0.00 secs] 
2814.915: [GC (Allocation Failure) [PSYoungGen: 70016K->1376K(70656K)] 441141K->372501K(566784K), 0.0020824 secs] [Times: user=0.00 sys=0.00, real=0.00 secs] 
2815.314: [GC (Allocation Failure) [PSYoungGen: 69984K->1344K(70656K)] 441109K->372469K(566784K), 0.0020552 secs] [Times: user=0.01 sys=0.00, real=0.00 secs] 
2815.929: [GC (Allocation Failure) [PSYoungGen: 69952K->1344K(70656K)] 441077K->372469K(566784K), 0.0021881 secs] [Times: user=0.00 sys=0.00, real=0.00 secs] 
2817.703: [GC (Allocation Failure) [PSYoungGen: 69952K->1408K(70656K)] 441077K->372533K(566784K), 0.0033317 secs] [Times: user=0.02 sys=0.00, real=0.01 secs] 
2818.355: [GC (Allocation Failure) [PSYoungGen: 70016K->1376K(70656K)] 441141K->372501K(566784K), 0.0029276 secs] [Times: user=0.01 sys=0.00, real=0.00 secs] 
2818.832: [GC (Allocation Failure) [PSYoungGen: 69984K->1344K(70656K)] 441109K->372469K(566784K), 0.0021172 secs] [Times: user=0.01 sys=0.00, real=0.00 secs] 
2819.164: [GC (Allocation Failure) [PSYoungGen: 69952K->1376K(70656K)] 441077K->372501K(566784K), 0.0019988 secs] [Times: user=0.01 sys=0.00, real=0.01 secs] 
2820.206: [GC (Allocation Failure) [PSYoungGen: 69984K->1376K(70656K)] 441109K->372501K(566784K), 0.0024865 secs] [Times: user=0.01 sys=0.00, real=0.00 secs] 
2821.066: [GC (Allocation Failure) [PSYoungGen: 69984K->1376K(70656K)] 441109K->372501K(566784K), 0.0024525 secs] [Times: user=0.01 sys=0.00, real=0.00 secs] 
2821.997: [GC (Allocation Failure) [PSYoungGen: 69984K->1408K(70656K)] 441109K->372549K(566784K), 0.0043264 secs] [Times: user=0.02 sys=0.00, real=0.00 secs] 
2822.818: [GC (Allocation Failure) [PSYoungGen: 70016K->1376K(70656K)] 441157K->372517K(566784K), 0.0038954 secs] [Times: user=0.02 sys=0.00, real=0.00 secs] 
2823.931: [GC (Allocation Failure) [PSYoungGen: 69984K->1357K(70656K)] 441125K->372498K(566784K), 0.0015636 secs] [Times: user=0.00 sys=0.00, real=0.00 secs] 
2825.140: [GC (Allocation Failure) [PSYoungGen: 69965K->1360K(70656K)] 441106K->372501K(566784K), 0.0027798 secs] [Times: user=0.01 sys=0.00, real=0.00 secs] 
2825.693: [GC (Allocation Failure) [PSYoungGen: 69968K->1344K(70656K)] 441109K->372485K(566784K), 0.0028845 secs] [Times: user=0.02 sys=0.00, real=0.01 secs] 
2826.232: [GC (Allocation Failure) [PSYoungGen: 69952K->1376K(70656K)] 441093K->372517K(566784K), 0.0032470 secs] [Times: user=0.02 sys=0.00, real=0.01 secs] 
2826.590: [GC (Allocation Failure) [PSYoungGen: 69984K->1376K(70656K)] 441125K->372517K(566784K), 0.0021103 secs] [Times: user=0.01 sys=0.00, real=0.00 secs] 
2827.588: [GC (Allocation Failure) [PSYoungGen: 69984K->1440K(70656K)] 441125K->372581K(566784K), 0.0020517 secs] [Times: user=0.01 sys=0.00, real=0.00 secs] 
2828.234: [GC (Allocation Failure) [PSYoungGen: 70048K->1376K(70656K)] 441189K->372517K(566784K), 0.0034791 secs] [Times: user=0.01 sys=0.00, real=0.01 secs] 
2828.989: [GC (Allocation Failure) [PSYoungGen: 69984K->1376K(70656K)] 441125K->372517K(566784K), 0.0041768 secs] [Times: user=0.02 sys=0.00, real=0.00 secs] 
2829.640: [GC (Allocation Failure) [PSYoungGen: 69984K->1408K(70656K)] 441125K->372549K(566784K), 0.0031896 secs] [Times: user=0.02 sys=0.00, real=0.00 secs] 
2830.711: [GC (Allocation Failure) [PSYoungGen: 70016K->1408K(70656K)] 441157K->372549K(566784K), 0.0021000 secs] [Times: user=0.01 sys=0.00, real=0.00 secs] 
2831.322: [GC (Allocation Failure) [PSYoungGen: 70016K->1376K(70656K)] 441157K->372517K(566784K), 0.0028913 secs] [Times: user=0.01 sys=0.00, real=0.01 secs] 
2831.959: [GC (Allocation Failure) [PSYoungGen: 69984K->1408K(70656K)] 441125K->372549K(566784K), 0.0030774 secs] [Times: user=0.01 sys=0.00, real=0.00 secs] 
2832.427: [GC (Allocation Failure) [PSYoungGen: 70016K->1344K(70656K)] 441157K->372485K(566784K), 0.0024804 secs] [Times: user=0.01 sys=0.00, real=0.00 secs] 
2833.339: [GC (Allocation Failure) [PSYoungGen: 69952K->1341K(70656K)] 441093K->372482K(566784K), 0.0016506 secs] [Times: user=0.01 sys=0.00, real=0.00 secs] 
2834.021: [GC (Allocation Failure) [PSYoungGen: 69949K->1408K(70656K)] 441090K->372557K(566784K), 0.0022208 secs] [Times: user=0.01 sys=0.00, real=0.00 secs] 
2834.442: [GC (Allocation Failure) [PSYoungGen: 70016K->1376K(70656K)] 441165K->372525K(566784K), 0.0020432 secs] [Times: user=0.01 sys=0.00, real=0.01 secs] 
2834.883: [GC (Allocation Failure) [PSYoungGen: 69984K->1344K(70656K)] 441133K->372493K(566784K), 0.0020851 secs] [Times: user=0.01 sys=0.00, real=0.01 secs] 
2835.515: [GC (Allocation Failure) [PSYoungGen: 69952K->1344K(70656K)] 441101K->372493K(566784K), 0.0024840 secs] [Times: user=0.01 sys=0.00, real=0.00 secs] 
2836.358: [GC (Allocation Failure) [PSYoungGen: 69952K->1408K(70656K)] 441101K->372557K(566784K), 0.0018769 secs] [Times: user=0.01 sys=0.00, real=0.00 secs] 
2836.643: [GC (Allocation Failure) [PSYoungGen: 70016K->1344K(70144K)] 441165K->372493K(566272K), 0.0018711 secs] [Times: user=0.01 sys=0.00, real=0.01 secs] 
2836.928: [GC (Allocation Failure) [PSYoungGen: 69952K->1344K(70144K)] 441101K->372493K(566272K), 0.0019587 secs] [Times: user=0.01 sys=0.00, real=0.00 secs] 
2837.213: [GC (Allocation Failure) [PSYoungGen: 69952K->320K(69632K)] 441101K->372493K(565760K), 0.0018771 secs] [Times: user=0.01 sys=0.00, real=0.01 secs] 
2838.048: [GC (Allocation Failure) [PSYoungGen: 68928K->1440K(70656K)] 441101K->373613K(566784K), 0.0018196 secs] [Times: user=0.01 sys=0.00, real=0.00 secs] 
2838.333: [GC (Allocation Failure) [PSYoungGen: 70048K->1376K(70656K)] 442221K->373549K(566784K), 0.0018380 secs] [Times: user=0.00 sys=0.00, real=0.01 secs] 
2838.618: [GC (Allocation Failure) [PSYoungGen: 69984K->1360K(70656K)] 442157K->373533K(566784K), 0.0017516 secs] [Times: user=0.01 sys=0.01, real=0.00 secs] 
2838.920: [GC (Allocation Failure) [PSYoungGen: 69968K->1376K(70656K)] 442141K->373549K(566784K), 0.0017019 secs] [Times: user=0.00 sys=0.00, real=0.00 secs] 
2839.470: [GC (Allocation Failure) [PSYoungGen: 69984K->1357K(70656K)] 442157K->373530K(566784K), 0.0014876 secs] [Times: user=0.00 sys=0.00, real=0.00 secs] 
2840.332: [GC (Allocation Failure) [PSYoungGen: 69965K->1440K(70656K)] 442138K->373629K(566784K), 0.0034983 secs] [Times: user=0.01 sys=0.00, real=0.01 secs] 
2840.741: [GC (Allocation Failure) [PSYoungGen: 70048K->1376K(70656K)] 442237K->373565K(566784K), 0.0071988 secs] [Times: user=0.04 sys=0.00, real=0.01 secs] 
2841.038: [GC (Allocation Failure) [PSYoungGen: 69984K->1344K(76800K)] 442173K->373533K(572928K), 0.0020221 secs] [Times: user=0.01 sys=0.00, real=0.00 secs] 
2841.348: [GC (Allocation Failure) [PSYoungGen: 76096K->1376K(76800K)] 448285K->373565K(572928K), 0.0019384 secs] [Times: user=0.01 sys=0.00, real=0.00 secs] 
2842.408: [GC (Allocation Failure) [PSYoungGen: 76128K->1440K(75776K)] 448317K->373629K(571904K), 0.0017406 secs] [Times: user=0.01 sys=0.00, real=0.00 secs] 
2843.320: [GC (Allocation Failure) [PSYoungGen: 75680K->1344K(75264K)] 447869K->373533K(571392K), 0.0017388 secs] [Times: user=0.01 sys=0.00, real=0.00 secs] 
2844.197: [GC (Allocation Failure) [PSYoungGen: 75072K->1376K(74752K)] 447261K->373573K(570880K), 0.0019024 secs] [Times: user=0.01 sys=0.00, real=0.00 secs] 
2844.698: [GC (Allocation Failure) [PSYoungGen: 74592K->1344K(74240K)] 446789K->373541K(570368K), 0.0020293 secs] [Times: user=0.00 sys=0.00, real=0.00 secs] 
2846.055: [GC (Allocation Failure) [PSYoungGen: 74048K->1440K(73728K)] 446245K->373637K(569856K), 0.0023392 secs] [Times: user=0.01 sys=0.00, real=0.00 secs] 
2847.145: [GC (Allocation Failure) [PSYoungGen: 73632K->1360K(73216K)] 445829K->373557K(569344K), 0.0048583 secs] [Times: user=0.02 sys=0.00, real=0.00 secs] 
2847.953: [GC (Allocation Failure) [PSYoungGen: 73040K->1376K(72704K)] 445237K->373581K(568832K), 0.0027485 secs] [Times: user=0.01 sys=0.00, real=0.01 secs] 
2848.536: [GC (Allocation Failure) [PSYoungGen: 72544K->1376K(72192K)] 444749K->373581K(568320K), 0.0026621 secs] [Times: user=0.01 sys=0.01, real=0.00 secs] 
2850.123: [GC (Allocation Failure) [PSYoungGen: 72032K->1408K(71680K)] 444237K->373613K(567808K), 0.0025028 secs] [Times: user=0.01 sys=0.00, real=0.01 secs] 
2850.881: [GC (Allocation Failure) [PSYoungGen: 71552K->1408K(71168K)] 443757K->373613K(567296K), 0.0029463 secs] [Times: user=0.01 sys=0.00, real=0.00 secs] 
2851.595: [GC (Allocation Failure) [PSYoungGen: 71040K->352K(69632K)] 443245K->373581K(565760K), 0.0028227 secs] [Times: user=0.02 sys=0.00, real=0.00 secs] 
2852.407: [GC (Allocation Failure) [PSYoungGen: 69472K->352K(70656K)] 442701K->373581K(566784K), 0.0030268 secs] [Times: user=0.01 sys=0.00, real=0.00 secs] 
2854.348: [GC (Allocation Failure) [PSYoungGen: 68960K->1408K(70144K)] 442189K->374637K(566272K), 0.0042942 secs] [Times: user=0.02 sys=0.00, real=0.00 secs] 
2856.007: [GC (Allocation Failure) [PSYoungGen: 70016K->1376K(70144K)] 443245K->374605K(566272K), 0.0031203 secs] [Times: user=0.01 sys=0.00, real=0.00 secs] 
2856.605: [GC (Allocation Failure) [PSYoungGen: 69984K->1376K(70144K)] 443213K->374605K(566272K), 0.0028824 secs] [Times: user=0.01 sys=0.00, real=0.00 secs] 
2857.358: [GC (Allocation Failure) [PSYoungGen: 69984K->1376K(70144K)] 443213K->374613K(566272K), 0.0033462 secs] [Times: user=0.01 sys=0.00, real=0.00 secs] 
2858.289: [GC (Allocation Failure) [PSYoungGen: 69984K->1341K(70144K)] 443221K->374578K(566272K), 0.0015560 secs] [Times: user=0.01 sys=0.00, real=0.00 secs] 
2858.911: [GC (Allocation Failure) [PSYoungGen: 69949K->1376K(70144K)] 443186K->374613K(566272K), 0.0022403 secs] [Times: user=0.00 sys=0.00, real=0.00 secs] 
2859.197: [GC (Allocation Failure) [PSYoungGen: 69984K->1376K(70144K)] 443221K->374613K(566272K), 0.0023734 secs] [Times: user=0.01 sys=0.00, real=0.00 secs] 
2859.601: [GC (Allocation Failure) [PSYoungGen: 69984K->1376K(70144K)] 443221K->374613K(566272K), 0.0029647 secs] [Times: user=0.01 sys=0.00, real=0.00 secs] 
2860.127: [GC (Allocation Failure) [PSYoungGen: 69984K->1344K(70144K)] 443221K->374581K(566272K), 0.0025699 secs] [Times: user=0.01 sys=0.00, real=0.00 secs] 
2861.229: [GC (Allocation Failure) [PSYoungGen: 69952K->1440K(70144K)] 443189K->374677K(566272K), 0.0058054 secs] [Times: user=0.02 sys=0.00, real=0.01 secs] 
2862.072: [GC (Allocation Failure) [PSYoungGen: 70048K->1328K(70144K)] 443285K->374565K(566272K), 0.0025573 secs] [Times: user=0.01 sys=0.00, real=0.00 secs] 
2862.867: [GC (Allocation Failure) [PSYoungGen: 69936K->1408K(70144K)] 443173K->374645K(566272K), 0.0029425 secs] [Times: user=0.01 sys=0.00, real=0.00 secs] 
2863.530: [GC (Allocation Failure) [PSYoungGen: 70016K->1376K(70144K)] 443253K->374613K(566272K), 0.0027850 secs] [Times: user=0.01 sys=0.00, real=0.00 secs] 
2864.995: [GC (Allocation Failure) [PSYoungGen: 69984K->1376K(70144K)] 443221K->374613K(566272K), 0.0029584 secs] [Times: user=0.01 sys=0.00, real=0.00 secs] 
2866.177: [GC (Allocation Failure) [PSYoungGen: 69984K->1408K(70656K)] 443221K->374653K(566784K), 0.0034879 secs] [Times: user=0.02 sys=0.00, real=0.00 secs] 
2867.159: [GC (Allocation Failure) [PSYoungGen: 70016K->1376K(70656K)] 443261K->374621K(566784K), 0.0034517 secs] [Times: user=0.01 sys=0.00, real=0.00 secs] 
2867.908: [GC (Allocation Failure) [PSYoungGen: 69984K->1376K(70656K)] 443229K->374621K(566784K), 0.0022183 secs] [Times: user=0.01 sys=0.00, real=0.00 secs] 
2869.046: [GC (Allocation Failure) [PSYoungGen: 69984K->1360K(70656K)] 443229K->374605K(566784K), 0.0018937 secs] [Times: user=0.01 sys=0.00, real=0.00 secs] 
2870.624: [GC (Allocation Failure) [PSYoungGen: 69968K->1376K(70656K)] 443213K->374621K(566784K), 0.0041538 secs] [Times: user=0.01 sys=0.00, real=0.00 secs] 
2871.731: [GC (Allocation Failure) [PSYoungGen: 69984K->1344K(70656K)] 443229K->374589K(566784K), 0.0042878 secs] [Times: user=0.02 sys=0.00, real=0.01 secs] 
2872.204: [GC (Allocation Failure) [PSYoungGen: 69952K->1376K(70656K)] 443197K->374621K(566784K), 0.0025091 secs] [Times: user=0.01 sys=0.00, real=0.00 secs] 
2872.728: [GC (Allocation Failure) [PSYoungGen: 69984K->1376K(70656K)] 443229K->374621K(566784K), 0.0024742 secs] [Times: user=0.01 sys=0.00, real=0.00 secs] 
2874.259: [GC (Allocation Failure) [PSYoungGen: 69984K->1376K(70144K)] 443229K->374621K(566272K), 0.0029857 secs] [Times: user=0.01 sys=0.00, real=0.00 secs] 
2875.575: [GC (Allocation Failure) [PSYoungGen: 69984K->1376K(70144K)] 443229K->374621K(566272K), 0.0043186 secs] [Times: user=0.02 sys=0.00, real=0.00 secs] 
2876.432: [GC (Allocation Failure) [PSYoungGen: 69984K->320K(69632K)] 443229K->374589K(565760K), 0.0041872 secs] [Times: user=0.02 sys=0.00, real=0.01 secs] 
2877.478: [GC (Allocation Failure) [PSYoungGen: 68928K->336K(70656K)] 443197K->374613K(566784K), 0.0046528 secs] [Times: user=0.02 sys=0.00, real=0.00 secs] 
2879.231: [GC (Allocation Failure) [PSYoungGen: 68944K->1904K(70656K)] 443221K->376181K(566784K), 0.0042818 secs] [Times: user=0.01 sys=0.00, real=0.01 secs] 
2880.523: [GC (Allocation Failure) [PSYoungGen: 70512K->1344K(70656K)] 444789K->375621K(566784K), 0.0031995 secs] [Times: user=0.01 sys=0.00, real=0.01 secs] 
2880.894: [GC (Allocation Failure) [PSYoungGen: 69952K->1376K(70656K)] 444229K->375653K(566784K), 0.0019306 secs] [Times: user=0.00 sys=0.00, real=0.01 secs] 
2881.420: [GC (Allocation Failure) [PSYoungGen: 69984K->1344K(70656K)] 444261K->375621K(566784K), 0.0022082 secs] [Times: user=0.01 sys=0.00, real=0.00 secs] 
2882.097: [GC (Allocation Failure) [PSYoungGen: 69952K->1328K(70656K)] 444229K->375605K(566784K), 0.0020547 secs] [Times: user=0.01 sys=0.00, real=0.00 secs] 
2883.247: [GC (Allocation Failure) [PSYoungGen: 69936K->1408K(70656K)] 444213K->375685K(566784K), 0.0019214 secs] [Times: user=0.01 sys=0.00, real=0.00 secs] 
2883.963: [GC (Allocation Failure) [PSYoungGen: 70016K->1376K(70656K)] 444293K->375653K(566784K), 0.0032482 secs] [Times: user=0.01 sys=0.00, real=0.01 secs] 
2884.774: [GC (Allocation Failure) [PSYoungGen: 69984K->1344K(70656K)] 444261K->375621K(566784K), 0.0030858 secs] [Times: user=0.01 sys=0.00, real=0.00 secs] 
2885.433: [GC (Allocation Failure) [PSYoungGen: 69952K->1376K(70656K)] 444229K->375653K(566784K), 0.0032271 secs] [Times: user=0.01 sys=0.00, real=0.01 secs] 
2886.662: [GC (Allocation Failure) [PSYoungGen: 69984K->1408K(70656K)] 444261K->375701K(566784K), 0.0017604 secs] [Times: user=0.00 sys=0.00, real=0.00 secs] 
2887.538: [GC (Allocation Failure) [PSYoungGen: 70016K->1344K(70656K)] 444309K->375637K(566784K), 0.0017517 secs] [Times: user=0.01 sys=0.00, real=0.00 secs] 
2887.956: [GC (Allocation Failure) [PSYoungGen: 69952K->1376K(70656K)] 444245K->375669K(566784K), 0.0019491 secs] [Times: user=0.00 sys=0.00, real=0.00 secs] 
2888.338: [GC (Allocation Failure) [PSYoungGen: 69984K->1408K(70656K)] 444277K->375701K(566784K), 0.0019739 secs] [Times: user=0.01 sys=0.00, real=0.00 secs] 
2889.286: [GC (Allocation Failure) [PSYoungGen: 70016K->1632K(70656K)] 444309K->375925K(566784K), 0.0019596 secs] [Times: user=0.01 sys=0.00, real=0.00 secs] 
2889.862: [GC (Allocation Failure) [PSYoungGen: 70240K->1408K(70656K)] 444533K->375701K(566784K), 0.0020128 secs] [Times: user=0.01 sys=0.00, real=0.01 secs] 
2890.422: [GC (Allocation Failure) [PSYoungGen: 70016K->1376K(70656K)] 444309K->375677K(566784K), 0.0021509 secs] [Times: user=0.01 sys=0.00, real=0.01 secs] 
2891.010: [GC (Allocation Failure) [PSYoungGen: 69984K->1344K(70656K)] 444285K->375645K(566784K), 0.0021504 secs] [Times: user=0.01 sys=0.00, real=0.00 secs] 
2891.608: [GC (Allocation Failure) [PSYoungGen: 69952K->1344K(70656K)] 444253K->375645K(566784K), 0.0019533 secs] [Times: user=0.01 sys=0.00, real=0.00 secs] 
2892.451: [GC (Allocation Failure) [PSYoungGen: 69952K->1408K(70656K)] 444253K->375709K(566784K), 0.0018573 secs] [Times: user=0.01 sys=0.00, real=0.00 secs] 
2892.750: [GC (Allocation Failure) [PSYoungGen: 70016K->1344K(70656K)] 444317K->375653K(566784K), 0.0017800 secs] [Times: user=0.00 sys=0.00, real=0.00 secs] 
2893.076: [GC (Allocation Failure) [PSYoungGen: 69952K->1376K(70656K)] 444261K->375685K(566784K), 0.0017939 secs] [Times: user=0.01 sys=0.00, real=0.00 secs] 
2893.370: [GC (Allocation Failure) [PSYoungGen: 69984K->1344K(70656K)] 444293K->375653K(566784K), 0.0018685 secs] [Times: user=0.00 sys=0.00, real=0.00 secs] 
2894.340: [GC (Allocation Failure) [PSYoungGen: 69952K->1408K(70656K)] 444261K->375717K(566784K), 0.0019195 secs] [Times: user=0.00 sys=0.00, real=0.00 secs] 
2895.114: [GC (Allocation Failure) [PSYoungGen: 70016K->1376K(70656K)] 444325K->375685K(566784K), 0.0018817 secs] [Times: user=0.01 sys=0.00, real=0.00 secs] 
2895.650: [GC (Allocation Failure) [PSYoungGen: 69984K->1344K(70656K)] 444293K->375653K(566784K), 0.0020371 secs] [Times: user=0.01 sys=0.00, real=0.00 secs] 
2896.368: [GC (Allocation Failure) [PSYoungGen: 69952K->1360K(70144K)] 444261K->375669K(566272K), 0.0026516 secs] [Times: user=0.01 sys=0.00, real=0.00 secs] 
2897.524: [GC (Allocation Failure) [PSYoungGen: 69968K->1504K(69632K)] 444277K->375829K(565760K), 0.0016746 secs] [Times: user=0.01 sys=0.00, real=0.01 secs] 
2898.286: [GC (Allocation Failure) [PSYoungGen: 69600K->1376K(70144K)] 443925K->375709K(566272K), 0.0019733 secs] [Times: user=0.01 sys=0.00, real=0.00 secs] 
2898.931: [GC (Allocation Failure) [PSYoungGen: 69472K->1312K(70144K)] 443805K->375645K(566272K), 0.0021461 secs] [Times: user=0.00 sys=0.00, real=0.00 secs] 
2899.493: [GC (Allocation Failure) [PSYoungGen: 69408K->1344K(69632K)] 443741K->375677K(565760K), 0.0023766 secs] [Times: user=0.01 sys=0.00, real=0.01 secs] 
2900.231: [GC (Allocation Failure) [PSYoungGen: 69440K->1328K(69632K)] 443773K->375661K(565760K), 0.0022059 secs] [Times: user=0.01 sys=0.00, real=0.00 secs] 
2901.300: [GC (Allocation Failure) [PSYoungGen: 69424K->1376K(69632K)] 443757K->375709K(565760K), 0.0019513 secs] [Times: user=0.01 sys=0.00, real=0.00 secs] 
2901.898: [GC (Allocation Failure) [PSYoungGen: 69472K->1376K(69632K)] 443805K->375709K(565760K), 0.0042179 secs] [Times: user=0.02 sys=0.00, real=0.00 secs] 
2902.258: [GC (Allocation Failure) [PSYoungGen: 69472K->1344K(69632K)] 443805K->375685K(565760K), 0.0017689 secs] [Times: user=0.00 sys=0.00, real=0.00 secs] 
2902.713: [GC (Allocation Failure) [PSYoungGen: 69440K->1376K(69632K)] 443781K->375717K(565760K), 0.0019020 secs] [Times: user=0.01 sys=0.00, real=0.01 secs] 
2903.728: [GC (Allocation Failure) [PSYoungGen: 69472K->1360K(69632K)] 443813K->375701K(565760K), 0.0018152 secs] [Times: user=0.01 sys=0.00, real=0.00 secs] 
2904.488: [GC (Allocation Failure) [PSYoungGen: 69456K->1344K(69632K)] 443797K->375685K(565760K), 0.0020202 secs] [Times: user=0.01 sys=0.00, real=0.00 secs] 
2904.772: [GC (Allocation Failure) [PSYoungGen: 69440K->1408K(69632K)] 443781K->375749K(565760K), 0.0023357 secs] [Times: user=0.01 sys=0.00, real=0.00 secs] 
2905.056: [GC (Allocation Failure) [PSYoungGen: 69504K->1392K(69632K)] 443845K->375733K(565760K), 0.0021003 secs] [Times: user=0.01 sys=0.00, real=0.00 secs] 
2905.615: [GC (Allocation Failure) [PSYoungGen: 69488K->1389K(69632K)] 443829K->375730K(565760K), 0.0015953 secs] [Times: user=0.01 sys=0.00, real=0.00 secs] 
2907.098: [GC (Allocation Failure) [PSYoungGen: 69485K->1376K(69632K)] 443826K->375717K(565760K), 0.0042643 secs] [Times: user=0.01 sys=0.00, real=0.00 secs] 
2907.873: [GC (Allocation Failure) [PSYoungGen: 69472K->1376K(69632K)] 443813K->375717K(565760K), 0.0028785 secs] [Times: user=0.01 sys=0.00, real=0.01 secs] 
2908.722: [GC (Allocation Failure) [PSYoungGen: 69472K->1376K(69632K)] 443813K->375717K(565760K), 0.0026810 secs] [Times: user=0.01 sys=0.00, real=0.01 secs] 
2909.306: [GC (Allocation Failure) [PSYoungGen: 69472K->1376K(69632K)] 443813K->375717K(565760K), 0.0026250 secs] [Times: user=0.01 sys=0.00, real=0.00 secs] 
2910.471: [GC (Allocation Failure) [PSYoungGen: 69472K->1408K(69632K)] 443813K->375749K(565760K), 0.0021019 secs] [Times: user=0.01 sys=0.00, real=0.00 secs] 
2911.230: [GC (Allocation Failure) [PSYoungGen: 69504K->1376K(69632K)] 443845K->375717K(565760K), 0.0027822 secs] [Times: user=0.01 sys=0.00, real=0.00 secs] 
2911.772: [GC (Allocation Failure) [PSYoungGen: 69472K->1344K(69632K)] 443813K->375685K(565760K), 0.0026719 secs] [Times: user=0.01 sys=0.00, real=0.01 secs] 
2912.372: [GC (Allocation Failure) [PSYoungGen: 69440K->1344K(69632K)] 443781K->375685K(565760K), 0.0023967 secs] [Times: user=0.01 sys=0.00, real=0.01 secs] 
2913.520: [GC (Allocation Failure) [PSYoungGen: 69440K->1392K(69632K)] 443781K->375741K(565760K), 0.0026643 secs] [Times: user=0.01 sys=0.00, real=0.00 secs] 
2914.243: [GC (Allocation Failure) [PSYoungGen: 69488K->1376K(69632K)] 443837K->375725K(565760K), 0.0030296 secs] [Times: user=0.01 sys=0.00, real=0.01 secs] 
2914.770: [GC (Allocation Failure) [PSYoungGen: 69472K->1392K(69632K)] 443821K->375741K(565760K), 0.0025123 secs] [Times: user=0.01 sys=0.00, real=0.00 secs] 
2915.140: [GC (Allocation Failure) [PSYoungGen: 69488K->1360K(69632K)] 443837K->375709K(565760K), 0.0020979 secs] [Times: user=0.00 sys=0.00, real=0.00 secs] 
2915.875: [GC (Allocation Failure) [PSYoungGen: 69456K->1360K(69632K)] 443805K->375709K(565760K), 0.0027709 secs] [Times: user=0.01 sys=0.00, real=0.00 secs] 
2917.155: [GC (Allocation Failure) [PSYoungGen: 69456K->1376K(69632K)] 443805K->375725K(565760K), 0.0034994 secs] [Times: user=0.01 sys=0.00, real=0.00 secs] 
2917.486: [GC (Allocation Failure) [PSYoungGen: 69472K->1376K(69632K)] 443821K->375725K(565760K), 0.0021515 secs] [Times: user=0.01 sys=0.00, real=0.00 secs] 
2917.776: [GC (Allocation Failure) [PSYoungGen: 69472K->1376K(69632K)] 443821K->375725K(565760K), 0.0020201 secs] [Times: user=0.01 sys=0.00, real=0.00 secs] 
2918.059: [GC (Allocation Failure) [PSYoungGen: 69472K->1376K(69632K)] 443821K->375725K(565760K), 0.0017961 secs] [Times: user=0.01 sys=0.00, real=0.00 secs] 
2919.342: [GC (Allocation Failure) [PSYoungGen: 69472K->1376K(69632K)] 443821K->375725K(565760K), 0.0029314 secs] [Times: user=0.01 sys=0.00, real=0.01 secs] 
2920.169: [GC (Allocation Failure) [PSYoungGen: 69472K->1376K(69632K)] 443821K->375725K(565760K), 0.0043149 secs] [Times: user=0.02 sys=0.00, real=0.00 secs] 
2920.988: [GC (Allocation Failure) [PSYoungGen: 69472K->1408K(69632K)] 443821K->375757K(565760K), 0.0040149 secs] [Times: user=0.01 sys=0.00, real=0.00 secs] 
2921.695: [GC (Allocation Failure) [PSYoungGen: 69504K->1376K(69632K)] 443853K->375725K(565760K), 0.0027895 secs] [Times: user=0.01 sys=0.00, real=0.00 secs] 
2923.080: [GC (Allocation Failure) [PSYoungGen: 69472K->1424K(69632K)] 443821K->375773K(565760K), 0.0028861 secs] [Times: user=0.01 sys=0.00, real=0.00 secs] 
2924.583: [GC (Allocation Failure) [PSYoungGen: 69520K->1376K(69632K)] 443869K->375733K(565760K), 0.0042494 secs] [Times: user=0.02 sys=0.00, real=0.01 secs] 
2925.140: [GC (Allocation Failure) [PSYoungGen: 69472K->1312K(69632K)] 443829K->375669K(565760K), 0.0020477 secs] [Times: user=0.00 sys=0.00, real=0.00 secs] 
2925.498: [GC (Allocation Failure) [PSYoungGen: 69408K->1328K(69632K)] 443765K->375685K(565760K), 0.0018881 secs] [Times: user=0.00 sys=0.00, real=0.00 secs] 
2926.214: [GC (Allocation Failure) [PSYoungGen: 69424K->1344K(69632K)] 443781K->375701K(565760K), 0.0037253 secs] [Times: user=0.02 sys=0.00, real=0.01 secs] 
2927.087: [GC (Allocation Failure) [PSYoungGen: 69440K->1408K(69632K)] 443797K->375765K(565760K), 0.0017525 secs] [Times: user=0.00 sys=0.00, real=0.00 secs] 
2927.370: [GC (Allocation Failure) [PSYoungGen: 69504K->1376K(69632K)] 443861K->375733K(565760K), 0.0017047 secs] [Times: user=0.00 sys=0.00, real=0.00 secs] 
2927.688: [GC (Allocation Failure) [PSYoungGen: 69472K->1344K(69632K)] 443829K->375701K(565760K), 0.0016951 secs] [Times: user=0.01 sys=0.00, real=0.00 secs] 
2928.258: [GC (Allocation Failure) [PSYoungGen: 69440K->1376K(69632K)] 443797K->375733K(565760K), 0.0019696 secs] [Times: user=0.01 sys=0.00, real=0.00 secs] 
2929.169: [GC (Allocation Failure) [PSYoungGen: 69472K->1408K(69632K)] 443829K->375765K(565760K), 0.0017530 secs] [Times: user=0.01 sys=0.00, real=0.00 secs] 
2929.741: [GC (Allocation Failure) [PSYoungGen: 69504K->1328K(69632K)] 443861K->375685K(565760K), 0.0023431 secs] [Times: user=0.01 sys=0.00, real=0.00 secs] 
2930.284: [GC (Allocation Failure) [PSYoungGen: 69424K->1376K(69632K)] 443781K->375733K(565760K), 0.0026992 secs] [Times: user=0.01 sys=0.00, real=0.01 secs] 
2930.557: [GC (Allocation Failure) [PSYoungGen: 69472K->1328K(69632K)] 443829K->375685K(565760K), 0.0021363 secs] [Times: user=0.01 sys=0.00, real=0.00 secs] 
2931.142: [GC (Allocation Failure) [PSYoungGen: 69424K->1357K(69632K)] 443781K->375714K(565760K), 0.0015989 secs] [Times: user=0.01 sys=0.00, real=0.00 secs] 
2931.771: [GC (Allocation Failure) [PSYoungGen: 69453K->1440K(69632K)] 443810K->375797K(565760K), 0.0022526 secs] [Times: user=0.01 sys=0.00, real=0.00 secs] 
2932.297: [GC (Allocation Failure) [PSYoungGen: 69536K->1376K(69632K)] 443893K->375741K(565760K), 0.0022444 secs] [Times: user=0.01 sys=0.00, real=0.00 secs] 
2932.842: [GC (Allocation Failure) [PSYoungGen: 69472K->1376K(69632K)] 443837K->375741K(565760K), 0.0021568 secs] [Times: user=0.01 sys=0.00, real=0.00 secs] 
2933.351: [GC (Allocation Failure) [PSYoungGen: 69472K->1344K(69632K)] 443837K->375709K(565760K), 0.0021035 secs] [Times: user=0.01 sys=0.00, real=0.00 secs] 
2934.843: [GC (Allocation Failure) [PSYoungGen: 69440K->1408K(69632K)] 443805K->375773K(565760K), 0.0041715 secs] [Times: user=0.02 sys=0.01, real=0.01 secs] 
2936.379: [GC (Allocation Failure) [PSYoungGen: 69504K->1344K(69632K)] 443869K->375709K(565760K), 0.0040257 secs] [Times: user=0.02 sys=0.00, real=0.00 secs] 
2937.583: [GC (Allocation Failure) [PSYoungGen: 69440K->1376K(69632K)] 443805K->375741K(565760K), 0.0041463 secs] [Times: user=0.01 sys=0.00, real=0.01 secs] 
2938.614: [GC (Allocation Failure) [PSYoungGen: 69472K->1344K(69632K)] 443837K->375709K(565760K), 0.0028881 secs] [Times: user=0.01 sys=0.00, real=0.01 secs] 
2939.778: [GC (Allocation Failure) [PSYoungGen: 69440K->1392K(69632K)] 443805K->375757K(565760K), 0.0017486 secs] [Times: user=0.01 sys=0.00, real=0.00 secs] 
2940.429: [GC (Allocation Failure) [PSYoungGen: 69488K->1376K(69632K)] 443853K->375741K(565760K), 0.0019666 secs] [Times: user=0.01 sys=0.00, real=0.00 secs] 
2940.958: [GC (Allocation Failure) [PSYoungGen: 69472K->1376K(69632K)] 443837K->375741K(565760K), 0.0021555 secs] [Times: user=0.01 sys=0.00, real=0.00 secs] 
2941.242: [GC (Allocation Failure) [PSYoungGen: 69472K->1376K(69632K)] 443837K->375741K(565760K), 0.0019660 secs] [Times: user=0.01 sys=0.00, real=0.00 secs] 
2941.628: [GC (Allocation Failure) [PSYoungGen: 69472K->1357K(69632K)] 443837K->375722K(565760K), 0.0015027 secs] [Times: user=0.01 sys=0.00, real=0.00 secs] 
2943.677: [GC (Allocation Failure) [PSYoungGen: 69453K->1408K(69632K)] 443818K->375773K(565760K), 0.0034159 secs] [Times: user=0.02 sys=0.00, real=0.00 secs] 
2944.593: [GC (Allocation Failure) [PSYoungGen: 69504K->1344K(69632K)] 443869K->375709K(565760K), 0.0025227 secs] [Times: user=0.01 sys=0.00, real=0.01 secs] 
2945.334: [GC (Allocation Failure) [PSYoungGen: 69440K->1344K(69632K)] 443805K->375709K(565760K), 0.0024672 secs] [Times: user=0.01 sys=0.00, real=0.01 secs] 
2945.981: [GC (Allocation Failure) [PSYoungGen: 69440K->1376K(69632K)] 443805K->375749K(565760K), 0.0030817 secs] [Times: user=0.01 sys=0.00, real=0.00 secs] 
2947.209: [GC (Allocation Failure) [PSYoungGen: 69472K->1376K(69632K)] 443845K->375749K(565760K), 0.0018163 secs] [Times: user=0.01 sys=0.00, real=0.00 secs] 
2947.632: [GC (Allocation Failure) [PSYoungGen: 69472K->1312K(69632K)] 443845K->375685K(565760K), 0.0021258 secs] [Times: user=0.01 sys=0.00, real=0.00 secs] 
2947.990: [GC (Allocation Failure) [PSYoungGen: 69408K->1376K(69632K)] 443781K->375749K(565760K), 0.0023827 secs] [Times: user=0.01 sys=0.00, real=0.00 secs] 
2948.289: [GC (Allocation Failure) [PSYoungGen: 69472K->1376K(69632K)] 443845K->375749K(565760K), 0.0021642 secs] [Times: user=0.01 sys=0.00, real=0.00 secs] 
2949.068: [GC (Allocation Failure) [PSYoungGen: 69472K->1424K(69632K)] 443845K->375797K(565760K), 0.0017420 secs] [Times: user=0.01 sys=0.00, real=0.00 secs] 
2949.405: [GC (Allocation Failure) [PSYoungGen: 69520K->1312K(69632K)] 443893K->375685K(565760K), 0.0017836 secs] [Times: user=0.01 sys=0.00, real=0.00 secs] 
2949.698: [GC (Allocation Failure) [PSYoungGen: 69408K->1360K(69632K)] 443781K->375733K(565760K), 0.0018277 secs] [Times: user=0.01 sys=0.01, real=0.00 secs] 
2949.990: [GC (Allocation Failure) [PSYoungGen: 69456K->1344K(69632K)] 443829K->375717K(565760K), 0.0018701 secs] [Times: user=0.01 sys=0.00, real=0.00 secs] 
2950.321: [GC (Allocation Failure) [PSYoungGen: 69440K->1360K(69632K)] 443813K->375733K(565760K), 0.0020411 secs] [Times: user=0.01 sys=0.01, real=0.00 secs] 
2952.164: [GC (Allocation Failure) [PSYoungGen: 69456K->1360K(69632K)] 443829K->375733K(565760K), 0.0040086 secs] [Times: user=0.02 sys=0.00, real=0.00 secs] 
2952.671: [GC (Allocation Failure) [PSYoungGen: 69456K->1328K(69632K)] 443829K->375701K(565760K), 0.0019352 secs] [Times: user=0.01 sys=0.00, real=0.00 secs] 
2952.954: [GC (Allocation Failure) [PSYoungGen: 69424K->1344K(69632K)] 443797K->375725K(565760K), 0.0021906 secs] [Times: user=0.01 sys=0.00, real=0.00 secs] 
2953.245: [GC (Allocation Failure) [PSYoungGen: 69440K->1376K(69632K)] 443821K->375757K(565760K), 0.0025523 secs] [Times: user=0.01 sys=0.00, real=0.00 secs] 
2954.096: [GC (Allocation Failure) [PSYoungGen: 69472K->1504K(69632K)] 443853K->375893K(565760K), 0.0026374 secs] [Times: user=0.01 sys=0.00, real=0.00 secs] 
2954.550: [GC (Allocation Failure) [PSYoungGen: 69600K->1504K(67584K)] 443989K->381070K(563712K), 0.0034814 secs] [Times: user=0.01 sys=0.00, real=0.00 secs] 
2960.595: [GC (Allocation Failure) [PSYoungGen: 67552K->3552K(69632K)] 447118K->395256K(565760K), 0.0216978 secs] [Times: user=0.12 sys=0.01, real=0.02 secs] 
2966.773: [GC (Allocation Failure) [PSYoungGen: 69600K->8672K(64512K)] 461304K->424072K(560640K), 0.0416420 secs] [Times: user=0.22 sys=0.01, real=0.05 secs] 
2966.930: [GC (Allocation Failure) [PSYoungGen: 64480K->18912K(74752K)] 479880K->448784K(570880K), 0.0188048 secs] [Times: user=0.10 sys=0.01, real=0.02 secs] 
2967.030: [GC (Allocation Failure) [PSYoungGen: 73288K->27616K(80896K)] 503160K->475096K(577024K), 0.0271395 secs] [Times: user=0.14 sys=0.00, real=0.03 secs] 
2967.126: [GC (Allocation Failure) [PSYoungGen: 80864K->39392K(92672K)] 528344K->499704K(588800K), 0.0235805 secs] [Times: user=0.13 sys=0.00, real=0.02 secs] 
2969.349: [GC (Allocation Failure) [PSYoungGen: 92640K->51168K(100352K)] 552952K->524992K(596480K), 0.0673145 secs] [Times: user=0.29 sys=0.09, real=0.07 secs] 
2969.416: [Full GC (Ergonomics) [PSYoungGen: 51168K->0K(100352K)] [ParOldGen: 473824K->158920K(586752K)] 524992K->158920K(687104K), [Metaspace: 59791K->59702K(1105920K)], 0.4729228 secs] [Times: user=2.30 sys=0.00, real=0.47 secs] 
2971.577: [GC (Allocation Failure) [PSYoungGen: 49152K->23648K(114688K)] 208072K->182568K(701440K), 0.0923008 secs] [Times: user=0.55 sys=0.00, real=0.09 secs] 
2972.036: [GC (Allocation Failure) [PSYoungGen: 58643K->40320K(117760K)] 217563K->199240K(704512K), 0.0897249 secs] [Times: user=0.54 sys=0.00, real=0.09 secs] 
2974.222: [GC (Allocation Failure) [PSYoungGen: 96128K->64992K(120832K)] 255048K->233376K(707584K), 0.0797264 secs] [Times: user=0.47 sys=0.00, real=0.08 secs] 
2979.549: [GC (Allocation Failure) [PSYoungGen: 120800K->79840K(129024K)] 289184K->258040K(715776K), 0.0337483 secs] [Times: user=0.16 sys=0.03, real=0.03 secs] 
2982.095: [GC (Allocation Failure) [PSYoungGen: 128992K->80088K(146432K)] 307192K->264008K(733184K), 0.0330172 secs] [Times: user=0.20 sys=0.00, real=0.03 secs] 
2982.235: [GC (Allocation Failure) [PSYoungGen: 129240K->31392K(156160K)] 313160K->265040K(742912K), 0.0321424 secs] [Times: user=0.19 sys=0.00, real=0.03 secs] 
2982.322: [GC (Allocation Failure) [PSYoungGen: 90272K->15808K(161280K)] 323920K->279928K(748032K), 0.0353979 secs] [Times: user=0.19 sys=0.00, real=0.04 secs] 
2982.406: [GC (Allocation Failure) [PSYoungGen: 74688K->28000K(160256K)] 338808K->306505K(747008K), 0.0104198 secs] [Times: user=0.06 sys=0.00, real=0.01 secs] 
2982.469: [GC (Allocation Failure) [PSYoungGen: 98656K->33408K(165376K)] 377161K->337742K(752128K), 0.0164353 secs] [Times: user=0.09 sys=0.00, real=0.02 secs] 
2982.559: [GC (Allocation Failure) [PSYoungGen: 104064K->45408K(171520K)] 408398K->378350K(758272K), 0.0233539 secs] [Times: user=0.13 sys=0.00, real=0.02 secs] 
2982.796: [GC (Allocation Failure) [PSYoungGen: 130400K->41280K(172544K)] 463342K->411226K(759296K), 0.0294888 secs] [Times: user=0.17 sys=0.00, real=0.03 secs] 
2984.170: [GC (Allocation Failure) [PSYoungGen: 121295K->36928K(177152K)] 491241K->448070K(763904K), 0.1720050 secs] [Times: user=0.98 sys=0.00, real=0.17 secs] 
2985.200: [GC (Allocation Failure) [PSYoungGen: 138816K->53824K(181760K)] 549958K->501846K(768512K), 0.0669433 secs] [Times: user=0.40 sys=0.00, real=0.07 secs] 
2986.385: [GC (Allocation Failure) [PSYoungGen: 155712K->11552K(202752K)] 603734K->513078K(789504K), 0.0295117 secs] [Times: user=0.17 sys=0.00, real=0.03 secs] 
2986.762: [GC (Allocation Failure) [PSYoungGen: 132896K->41088K(203264K)] 634422K->553838K(790016K), 0.0186603 secs] [Times: user=0.10 sys=0.00, real=0.02 secs] 
2987.192: [GC (Allocation Failure) [PSYoungGen: 159791K->55744K(220672K)] 672541K->606631K(807424K), 0.0472720 secs] [Times: user=0.21 sys=0.06, real=0.05 secs] 
2987.239: [Full GC (Ergonomics) [PSYoungGen: 55744K->0K(220672K)] [ParOldGen: 550887K->110819K(594944K)] 606631K->110819K(815616K), [Metaspace: 59945K->59945K(1105920K)], 0.2699089 secs] [Times: user=1.25 sys=0.00, real=0.27 secs] 
2987.604: [GC (Allocation Failure) [PSYoungGen: 141312K->71200K(223744K)] 252131K->182019K(818688K), 0.0154578 secs] [Times: user=0.08 sys=0.00, real=0.02 secs] 
2987.725: [GC (Allocation Failure) [PSYoungGen: 212512K->77024K(249344K)] 323331K->250871K(844288K), 0.0400639 secs] [Times: user=0.22 sys=0.02, real=0.04 secs] 
2989.348: [GC (Allocation Failure) [PSYoungGen: 236256K->24896K(257536K)] 410103K->275727K(852480K), 0.0397277 secs] [Times: user=0.24 sys=0.00, real=0.04 secs] 
2989.763: [GC (Allocation Failure) [PSYoungGen: 184128K->70976K(281088K)] 434959K->345237K(876032K), 0.0486474 secs] [Times: user=0.15 sys=0.14, real=0.05 secs] 
2990.678: [GC (Allocation Failure) [PSYoungGen: 255296K->92736K(285696K)] 529557K->433101K(880640K), 0.1106340 secs] [Times: user=0.66 sys=0.00, real=0.11 secs] 
2991.875: [GC (Allocation Failure) [PSYoungGen: 277056K->76960K(328192K)] 617421K->501885K(923136K), 0.0555410 secs] [Times: user=0.28 sys=0.06, real=0.05 secs] 
2992.797: [GC (Allocation Failure) [PSYoungGen: 292000K->65088K(331776K)] 716925K->566445K(926720K), 0.0674857 secs] [Times: user=0.40 sys=0.00, real=0.06 secs] 
2992.864: [Full GC (Ergonomics) [PSYoungGen: 65088K->0K(331776K)] [ParOldGen: 501357K->82384K(634368K)] 566445K->82384K(966144K), [Metaspace: 59946K->59946K(1105920K)], 0.1986196 secs] [Times: user=0.91 sys=0.00, real=0.20 secs] 
2993.227: [GC (Allocation Failure) [PSYoungGen: 215040K->107040K(355840K)] 297424K->189424K(990208K), 0.0402415 secs] [Times: user=0.12 sys=0.11, real=0.04 secs] 
2994.411: [GC (Allocation Failure) [PSYoungGen: 347680K->83104K(369152K)] 430064K->264060K(1003520K), 0.0563158 secs] [Times: user=0.32 sys=0.00, real=0.06 secs] 
2995.759: [GC (Allocation Failure) [PSYoungGen: 323744K->98720K(403968K)] 504700K->361877K(1038336K), 0.0640296 secs] [Times: user=0.33 sys=0.06, real=0.06 secs] 
2998.171: [GC (GCLocker Initiated GC) [PSYoungGen: 372640K->136608K(411136K)] 635797K->489165K(1045504K), 0.0864083 secs] [Times: user=0.52 sys=0.00, real=0.09 secs] 
3000.856: [GC (Allocation Failure) [PSYoungGen: 410528K->73632K(455680K)] 763120K->562912K(1090048K), 0.1058443 secs] [Times: user=0.58 sys=0.04, real=0.10 secs] 
3000.962: [Full GC (Ergonomics) [PSYoungGen: 73632K->0K(455680K)] [ParOldGen: 489280K->79966K(712704K)] 562912K->79966K(1168384K), [Metaspace: 59949K->59949K(1105920K)], 0.1794022 secs] [Times: user=0.81 sys=0.00, real=0.18 secs] 
3001.363: [GC (Allocation Failure) [PSYoungGen: 316928K->147936K(464896K)] 396894K->238046K(1177600K), 0.0362447 secs] [Times: user=0.22 sys=0.00, real=0.04 secs] 
3003.763: [GC (Allocation Failure) [PSYoungGen: 464864K->94944K(530432K)] 554974K->333302K(1243136K), 0.1115386 secs] [Times: user=0.61 sys=0.05, real=0.12 secs] 
3006.769: [GC (Allocation Failure) [PSYoungGen: 452850K->168416K(526848K)] 691208K->534255K(1239552K), 0.0633979 secs] [Times: user=0.38 sys=0.00, real=0.06 secs] 
3009.438: [GC (Allocation Failure) [PSYoungGen: 526816K->111840K(415232K)] 892655K->612575K(1127936K), 0.0697452 secs] [Times: user=0.41 sys=0.01, real=0.07 secs] 
3009.675: [GC (Allocation Failure) [PSYoungGen: 355040K->127488K(471040K)] 855775K->730166K(1183744K), 0.0665172 secs] [Times: user=0.33 sys=0.06, real=0.06 secs] 
3009.742: [Full GC (Ergonomics) [PSYoungGen: 127488K->0K(471040K)] [ParOldGen: 602678K->246137K(945152K)] 730166K->246137K(1416192K), [Metaspace: 59961K->59961K(1105920K)], 0.5718366 secs] [Times: user=2.68 sys=0.00, real=0.57 secs] 
3011.828: [GC (Allocation Failure) [PSYoungGen: 243200K->60928K(459264K)] 489337K->307066K(1404416K), 0.0385241 secs] [Times: user=0.22 sys=0.00, real=0.04 secs] 
3012.176: [GC (Allocation Failure) [PSYoungGen: 307712K->124160K(466944K)] 553850K->424998K(1412096K), 0.0396791 secs] [Times: user=0.23 sys=0.00, real=0.04 secs] 
3016.482: [GC (Allocation Failure) [PSYoungGen: 370944K->80352K(460800K)] 671782K->497079K(1405952K), 0.0564606 secs] [Times: user=0.34 sys=0.00, real=0.06 secs] 
3017.317: [GC (Allocation Failure) [PSYoungGen: 342496K->111424K(471552K)] 759223K->607731K(1416704K), 0.0523407 secs] [Times: user=0.31 sys=0.00, real=0.05 secs] 
3018.165: [GC (Allocation Failure) [PSYoungGen: 373568K->131264K(486912K)] 869875K->729611K(1432064K), 0.1552290 secs] [Times: user=0.92 sys=0.01, real=0.15 secs] 
3021.759: [GC (GCLocker Initiated GC) [PSYoungGen: 418496K->77120K(489984K)] 1016844K->806492K(1435136K), 0.0973920 secs] [Times: user=0.52 sys=0.06, real=0.10 secs] 
3022.054: [GC (Allocation Failure) [PSYoungGen: 364352K->157376K(480256K)] 1093727K->957832K(1425408K), 0.0551382 secs] [Times: user=0.28 sys=0.04, real=0.06 secs] 
3022.109: [Full GC (Ergonomics) [PSYoungGen: 157376K->0K(480256K)] [ParOldGen: 800456K->224871K(935424K)] 957832K->224871K(1415680K), [Metaspace: 59972K->59972K(1105920K)], 0.5141927 secs] [Times: user=2.38 sys=0.01, real=0.51 secs] 
3024.010: [GC (Allocation Failure) [PSYoungGen: 282112K->80384K(490496K)] 506983K->305255K(1425920K), 0.0689127 secs] [Times: user=0.41 sys=0.00, real=0.07 secs] 
3025.119: [GC (Allocation Failure) [PSYoungGen: 356615K->137600K(489472K)] 581486K->437749K(1424896K), 0.0732494 secs] [Times: user=0.44 sys=0.00, real=0.07 secs] 
3026.940: [GC (Allocation Failure) [PSYoungGen: 424832K->90112K(377856K)] 724981K->519749K(1313280K), 0.1590267 secs] [Times: user=0.94 sys=0.01, real=0.16 secs] 
3028.532: [GC (Allocation Failure) [PSYoungGen: 377344K->140800K(487424K)] 806981K->656770K(1422848K), 0.0452163 secs] [Times: user=0.27 sys=0.00, real=0.05 secs] 
3032.309: [GC (Allocation Failure) [PSYoungGen: 429056K->95968K(490496K)] 945026K->735650K(1425920K), 0.0613542 secs] [Times: user=0.37 sys=0.00, real=0.06 secs] 
3033.497: [GC (Allocation Failure) [PSYoungGen: 384224K->129376K(494080K)] 1023906K->864254K(1429504K), 0.0484857 secs] [Times: user=0.29 sys=0.00, real=0.05 secs] 
3034.733: [GC (Allocation Failure) [PSYoungGen: 427872K->117024K(493056K)] 1162750K->972446K(1428480K), 0.0693027 secs] [Times: user=0.37 sys=0.04, real=0.07 secs] 
3034.803: [Full GC (Ergonomics) [PSYoungGen: 117024K->0K(493056K)] [ParOldGen: 855422K->255064K(1008640K)] 972446K->255064K(1501696K), [Metaspace: 59981K->59981K(1105920K)], 0.5363182 secs] [Times: user=2.37 sys=0.00, real=0.54 secs] 
3037.844: [GC (Allocation Failure) [PSYoungGen: 298496K->117056K(498688K)] 553560K->372120K(1507328K), 0.0315069 secs] [Times: user=0.18 sys=0.00, real=0.04 secs] 
3039.034: [GC (Allocation Failure) [PSYoungGen: 431424K->131456K(497152K)] 686488K->492711K(1505792K), 0.0613092 secs] [Times: user=0.36 sys=0.00, real=0.06 secs] 
3039.780: [GC (Allocation Failure) [PSYoungGen: 445824K->131200K(515072K)] 807079K->623800K(1523712K), 0.0564325 secs] [Times: user=0.33 sys=0.00, real=0.06 secs] 
3043.265: [GC (Allocation Failure) [PSYoungGen: 463488K->512K(332800K)] 956088K->493143K(1341440K), 0.0016749 secs] [Times: user=0.00 sys=0.00, real=0.00 secs] 
3045.282: [GC (Allocation Failure) [PSYoungGen: 332800K->147168K(489984K)] 825431K->639832K(1498624K), 0.0280340 secs] [Times: user=0.16 sys=0.00, real=0.03 secs] 
3047.697: [GC (Allocation Failure) [PSYoungGen: 441568K->1920K(296448K)] 934232K->494636K(1305088K), 0.0016296 secs] [Times: user=0.01 sys=0.00, real=0.00 secs] 
3048.093: [GC (Allocation Failure) [PSYoungGen: 296320K->128384K(487936K)] 789036K->621100K(1496576K), 0.0259769 secs] [Times: user=0.15 sys=0.00, real=0.03 secs] 
3050.794: [GC (Allocation Failure) [PSYoungGen: 405376K->210912K(487936K)] 898092K->730192K(1496576K), 0.0601407 secs] [Times: user=0.36 sys=0.00, real=0.06 secs] 
3051.922: [GC (Allocation Failure) [PSYoungGen: 487904K->91904K(443904K)] 1007184K->611264K(1452544K), 0.0274031 secs] [Times: user=0.15 sys=0.00, real=0.03 secs] 
3052.188: [GC (Allocation Failure) [PSYoungGen: 324864K->116288K(465920K)] 844224K->721897K(1474560K), 0.0575649 secs] [Times: user=0.35 sys=0.00, real=0.06 secs] 
3054.022: [GC (Allocation Failure) [PSYoungGen: 349248K->59168K(457216K)] 954857K->781081K(1465856K), 0.0809882 secs] [Times: user=0.48 sys=0.00, real=0.08 secs] 
3054.939: [GC (Allocation Failure) [PSYoungGen: 295712K->109408K(463360K)] 1017625K->889132K(1472000K), 0.0682277 secs] [Times: user=0.41 sys=0.00, real=0.07 secs] 
3056.732: [GC (Allocation Failure) [PSYoungGen: 345952K->135584K(466944K)] 1125676K->1016532K(1475584K), 0.0654360 secs] [Times: user=0.32 sys=0.07, real=0.07 secs] 
3056.797: [Full GC (Ergonomics) [PSYoungGen: 135584K->0K(466944K)] [ParOldGen: 880948K->257306K(1056768K)] 1016532K->257306K(1523712K), [Metaspace: 60019K->60019K(1105920K)], 0.5678273 secs] [Times: user=2.50 sys=0.00, real=0.57 secs] 
3058.914: [GC (Allocation Failure) [PSYoungGen: 251392K->70970K(466944K)] 508698K->328277K(1523712K), 0.0286801 secs] [Times: user=0.16 sys=0.00, real=0.03 secs] 
3059.166: [GC (Allocation Failure) [PSYoungGen: 319337K->122784K(478208K)] 576644K->445320K(1534976K), 0.0418920 secs] [Times: user=0.25 sys=0.00, real=0.04 secs] 
3061.281: [GC (Allocation Failure) [PSYoungGen: 394656K->83808K(478720K)] 717192K->520624K(1535488K), 0.1024895 secs] [Times: user=0.61 sys=0.00, real=0.10 secs] 
3061.983: [GC (Allocation Failure) [PSYoungGen: 355680K->129248K(487424K)] 792496K->647654K(1544192K), 0.0434498 secs] [Times: user=0.26 sys=0.00, real=0.05 secs] 
3064.163: [GC (Allocation Failure) [PSYoungGen: 415456K->103296K(486912K)] 933862K->742806K(1543680K), 0.0616214 secs] [Times: user=0.37 sys=0.00, real=0.07 secs] 
3065.521: [GC (Allocation Failure) [PSYoungGen: 389504K->118592K(493056K)] 1029014K->860883K(1549824K), 0.0500465 secs] [Times: user=0.29 sys=0.00, real=0.05 secs] 
3068.391: [GC (Allocation Failure) [PSYoungGen: 419648K->128288K(488960K)] 1161939K->979643K(1545728K), 0.0624935 secs] [Times: user=0.37 sys=0.00, real=0.06 secs] 
3069.384: [GC (Allocation Failure) [PSYoungGen: 429344K->109664K(500224K)] 1280699K->1089499K(1556992K), 0.1261848 secs] [Times: user=0.51 sys=0.24, real=0.13 secs] 
3069.510: [Full GC (Ergonomics) [PSYoungGen: 109664K->0K(500224K)] [ParOldGen: 979835K->127249K(980992K)] 1089499K->127249K(1481216K), [Metaspace: 60028K->60028K(1105920K)], 0.2970315 secs] [Times: user=1.37 sys=0.01, real=0.30 secs] 
3073.867: [GC (Allocation Failure) [PSYoungGen: 323584K->138048K(503296K)] 450833K->265305K(1484288K), 0.0485579 secs] [Times: user=0.29 sys=0.00, real=0.05 secs] 
3076.370: [GC (Allocation Failure) [PSYoungGen: 461632K->114144K(508928K)] 588889K->379409K(1489920K), 0.0760167 secs] [Times: user=0.45 sys=0.00, real=0.08 secs] 
3077.645: [GC (Allocation Failure) [PSYoungGen: 450528K->1056K(337920K)] 715793K->266369K(1318912K), 0.0017512 secs] [Times: user=0.01 sys=0.00, real=0.00 secs] 
3078.197: [GC (Allocation Failure) [PSYoungGen: 337440K->143744K(495616K)] 602753K->409902K(1476608K), 0.0287273 secs] [Times: user=0.17 sys=0.01, real=0.03 secs] 
3079.743: [GC (Allocation Failure) [PSYoungGen: 450432K->4320K(311296K)] 716590K->270590K(1292288K), 0.0021503 secs] [Times: user=0.01 sys=0.01, real=0.01 secs] 
3080.817: [GC (Allocation Failure) [PSYoungGen: 311008K->137536K(485376K)] 577278K->406956K(1466368K), 0.0276502 secs] [Times: user=0.17 sys=0.00, real=0.03 secs] 
3082.209: [GC (Allocation Failure) [PSYoungGen: 418624K->108128K(389632K)] 688044K->506052K(1370624K), 0.0640988 secs] [Times: user=0.38 sys=0.00, real=0.06 secs] 
3083.104: [GC (Allocation Failure) [PSYoungGen: 389216K->115296K(491008K)] 787140K->620996K(1472000K), 0.0511266 secs] [Times: user=0.30 sys=0.00, real=0.06 secs] 
3085.751: [GC (Allocation Failure) [PSYoungGen: 405600K->132512K(486400K)] 911300K->743239K(1467392K), 0.0618936 secs] [Times: user=0.37 sys=0.00, real=0.06 secs] 
3087.120: [GC (Allocation Failure) [PSYoungGen: 422816K->90976K(492032K)] 1033543K->834271K(1473024K), 0.0818339 secs] [Times: user=0.49 sys=0.01, real=0.08 secs] 
3087.414: [GC (Allocation Failure) [PSYoungGen: 395616K->152224K(496128K)] 1138911K->980450K(1477120K), 0.0572480 secs] [Times: user=0.34 sys=0.00, real=0.06 secs] 
3087.471: [Full GC (Ergonomics) [PSYoungGen: 152224K->0K(496128K)] [ParOldGen: 828226K->254017K(1160704K)] 980450K->254017K(1656832K), [Metaspace: 60033K->60033K(1105920K)], 0.6025868 secs] [Times: user=2.84 sys=0.00, real=0.60 secs] 
3090.107: [GC (Allocation Failure) [PSYoungGen: 304640K->87648K(502272K)] 558657K->341665K(1662976K), 0.0263347 secs] [Times: user=0.16 sys=0.00, real=0.02 secs] 
3090.456: [GC (Allocation Failure) [PSYoungGen: 391264K->151712K(455680K)] 645281K->487650K(1616384K), 0.0608278 secs] [Times: user=0.36 sys=0.00, real=0.06 secs] 
3092.863: [GC (Allocation Failure) [PSYoungGen: 455328K->84384K(500736K)] 791266K->572198K(1661440K), 0.0954614 secs] [Times: user=0.57 sys=0.00, real=0.10 secs] 
3093.220: [GC (Allocation Failure) [PSYoungGen: 382368K->148832K(446976K)] 870182K->714944K(1607680K), 0.0540080 secs] [Times: user=0.32 sys=0.00, real=0.06 secs] 
3095.817: [GC (Allocation Failure) [PSYoungGen: 446816K->82656K(498688K)] 1012928K->797836K(1659392K), 0.1092806 secs] [Times: user=0.65 sys=0.00, real=0.11 secs] 
3096.141: [GC (Allocation Failure) [PSYoungGen: 377056K->147040K(441856K)] 1092236K->939261K(1602560K), 0.0532442 secs] [Times: user=0.32 sys=0.00, real=0.05 secs] 
3097.724: [GC (Allocation Failure) [PSYoungGen: 441440K->85824K(498176K)] 1233661K->1025285K(1658880K), 0.1016454 secs] [Times: user=0.61 sys=0.00, real=0.11 secs] 
3098.032: [GC (Allocation Failure) [PSYoungGen: 379200K->146240K(494080K)] 1318661K->1166029K(1654784K), 0.0581741 secs] [Times: user=0.28 sys=0.06, real=0.06 secs] 
3098.090: [Full GC (Ergonomics) [PSYoungGen: 146240K->0K(494080K)] [ParOldGen: 1019789K->211828K(1142784K)] 1166029K->211828K(1636864K), [Metaspace: 60042K->60042K(1105920K)], 0.4908387 secs] [Times: user=2.30 sys=0.00, real=0.49 secs] 
3102.062: [GC (Allocation Failure) [PSYoungGen: 293376K->78752K(495104K)] 505204K->290580K(1637888K), 0.1721590 secs] [Times: user=1.02 sys=0.00, real=0.17 secs] 
3103.211: [GC (Allocation Failure) [PSYoungGen: 371104K->138208K(494080K)] 582932K->425854K(1636864K), 0.0739022 secs] [Times: user=0.44 sys=0.00, real=0.08 secs] 
3105.108: [GC (Allocation Failure) [PSYoungGen: 430560K->93952K(486912K)] 718206K->511466K(1629696K), 0.0627785 secs] [Times: user=0.37 sys=0.00, real=0.06 secs] 
3106.567: [GC (Allocation Failure) [PSYoungGen: 388352K->136320K(491520K)] 805866K->645399K(1634304K), 0.0487728 secs] [Times: user=0.29 sys=0.00, real=0.05 secs] 
3107.836: [GC (Allocation Failure) [PSYoungGen: 430720K->101152K(489984K)] 939799K->737187K(1632768K), 0.0629800 secs] [Times: user=0.37 sys=0.00, real=0.06 secs] 
3108.872: [GC (Allocation Failure) [PSYoungGen: 405280K->136128K(495616K)] 1041315K->872484K(1638400K), 0.0511660 secs] [Times: user=0.30 sys=0.00, real=0.05 secs] 
3110.816: [GC (Allocation Failure) [PSYoungGen: 440256K->111680K(494080K)] 1176612K->974984K(1636864K), 0.0642499 secs] [Times: user=0.39 sys=0.00, real=0.06 secs] 
3113.224: [GC (Allocation Failure) [PSYoungGen: 426560K->134432K(500224K)] 1289864K->1108292K(1643008K), 0.0541606 secs] [Times: user=0.32 sys=0.00, real=0.06 secs] 
3113.278: [Full GC (Ergonomics) [PSYoungGen: 134432K->0K(500224K)] [ParOldGen: 973860K->153478K(1127936K)] 1108292K->153478K(1628160K), [Metaspace: 60057K->60057K(1105920K)], 0.3429548 secs] [Times: user=1.57 sys=0.00, real=0.34 secs] 
3114.782: [GC (Allocation Failure) [PSYoungGen: 314880K->115616K(500224K)] 468358K->269094K(1628160K), 0.0407153 secs] [Times: user=0.24 sys=0.00, real=0.04 secs] 
3115.598: [GC (Allocation Failure) [PSYoungGen: 443808K->146976K(506880K)] 597286K->415039K(1634816K), 0.0585826 secs] [Times: user=0.34 sys=0.00, real=0.06 secs] 
3117.648: [GC (Allocation Failure) [PSYoungGen: 475168K->112864K(515072K)] 743231K->518607K(1643008K), 0.0659490 secs] [Times: user=0.39 sys=0.00, real=0.06 secs] 
3118.660: [GC (Allocation Failure) [PSYoungGen: 449248K->159072K(495616K)] 854991K->676496K(1623552K), 0.1047576 secs] [Times: user=0.62 sys=0.00, real=0.11 secs] 
3121.769: [GC (Allocation Failure) [PSYoungGen: 495456K->109728K(515584K)] 1012880K->778168K(1643520K), 0.1733190 secs] [Times: user=1.03 sys=0.00, real=0.17 secs] 
3122.262: [GC (Allocation Failure) [PSYoungGen: 437920K->160416K(488960K)] 1106360K->935001K(1616896K), 0.0549739 secs] [Times: user=0.33 sys=0.00, real=0.06 secs] 
3125.201: [GC (Allocation Failure) [PSYoungGen: 488608K->102016K(509952K)] 1263193K->1036753K(1637888K), 0.1576237 secs] [Times: user=0.94 sys=0.00, real=0.16 secs] 
3125.359: [Full GC (Ergonomics) [PSYoungGen: 102016K->0K(509952K)] [ParOldGen: 934737K->67727K(1106432K)] 1036753K->67727K(1616384K), [Metaspace: 60073K->60073K(1105920K)], 0.1707313 secs] [Times: user=0.79 sys=0.01, real=0.17 secs] 
3125.742: [GC (Allocation Failure) [PSYoungGen: 318464K->155456K(474112K)] 386191K->223183K(1580544K), 0.0353081 secs] [Times: user=0.21 sys=0.00, real=0.04 secs] 
3128.713: [GC (Allocation Failure) [PSYoungGen: 473920K->94720K(505856K)] 541647K->317939K(1612288K), 0.1219461 secs] [Times: user=0.73 sys=0.00, real=0.13 secs] 
3129.061: [GC (Allocation Failure) [PSYoungGen: 406016K->155424K(466944K)] 629235K->467625K(1573376K), 0.0546766 secs] [Times: user=0.33 sys=0.01, real=0.06 secs] 
3131.789: [GC (Allocation Failure) [PSYoungGen: 466720K->89664K(501760K)] 778921K->557377K(1608192K), 0.1206724 secs] [Times: user=0.72 sys=0.00, real=0.12 secs] 
3132.755: [GC (Allocation Failure) [PSYoungGen: 393280K->147712K(451584K)] 860993K->699810K(1558016K), 0.0894460 secs] [Times: user=0.53 sys=0.00, real=0.09 secs] 
3135.329: [GC (Allocation Failure) [PSYoungGen: 450299K->87040K(500736K)] 1002398K->786922K(1607168K), 0.1354747 secs] [Times: user=0.80 sys=0.00, real=0.14 secs] 
3135.727: [GC (Allocation Failure) [PSYoungGen: 374538K->138176K(439808K)] 1074421K->921651K(1546240K), 0.0489376 secs] [Times: user=0.29 sys=0.00, real=0.05 secs] 
3138.379: [GC (GCLocker Initiated GC) [PSYoungGen: 439744K->94400K(500736K)] 1223220K->1007492K(1607168K), 0.1396571 secs] [Times: user=0.83 sys=0.01, real=0.14 secs] 
3138.519: [Full GC (Ergonomics) [PSYoungGen: 94400K->0K(500736K)] [ParOldGen: 913092K->47959K(1123328K)] 1007492K->47959K(1624064K), [Metaspace: 60086K->60086K(1105920K)], 0.1268907 secs] [Times: user=0.53 sys=0.00, real=0.13 secs] 
3139.122: [GC (Allocation Failure) [PSYoungGen: 304128K->155136K(498176K)] 352089K->203097K(1621504K), 0.0293967 secs] [Times: user=0.17 sys=0.00, real=0.03 secs] 
3141.195: [GC (Allocation Failure) [PSYoungGen: 459264K->102720K(500736K)] 507225K->289029K(1624064K), 0.1100166 secs] [Times: user=0.65 sys=0.00, real=0.11 secs] 
3141.919: [GC (Allocation Failure) [PSYoungGen: 406336K->147648K(499200K)] 592645K->431174K(1622528K), 0.0498222 secs] [Times: user=0.30 sys=0.00, real=0.05 secs] 
3144.636: [GC (Allocation Failure) [PSYoungGen: 451264K->97312K(499712K)] 734790K->519942K(1623040K), 0.1662654 secs] [Times: user=0.99 sys=0.00, real=0.16 secs] 
3145.767: [GC (Allocation Failure) [PSYoungGen: 402464K->145888K(500224K)] 825094K->662898K(1623552K), 0.0493331 secs] [Times: user=0.29 sys=0.00, real=0.05 secs] 
3147.292: [GC (Allocation Failure) [PSYoungGen: 451040K->100800K(498688K)] 968050K->755170K(1622016K), 0.0951441 secs] [Times: user=0.56 sys=0.00, real=0.10 secs] 
3148.266: [GC (Allocation Failure) [PSYoungGen: 407488K->143392K(500224K)] 1061858K->895731K(1623552K), 0.0510774 secs] [Times: user=0.30 sys=0.00, real=0.05 secs] 
3150.342: [GC (Allocation Failure) [PSYoungGen: 450080K->101312K(499200K)] 1202419K->988019K(1622528K), 0.1628007 secs] [Times: user=0.96 sys=0.01, real=0.17 secs] 
3151.718: [GC (Allocation Failure) [PSYoungGen: 412096K->144160K(501760K)] 1298803K->1129960K(1625088K), 0.0510313 secs] [Times: user=0.30 sys=0.00, real=0.05 secs] 
3151.769: [Full GC (Ergonomics) [PSYoungGen: 144160K->0K(501760K)] [ParOldGen: 985800K->170895K(1277952K)] 1129960K->170895K(1779712K), [Metaspace: 60088K->60088K(1105920K)], 0.3938851 secs] [Times: user=1.82 sys=0.00, real=0.39 secs] 
3153.594: [GC (Allocation Failure) [PSYoungGen: 310784K->104800K(502272K)] 481679K->275695K(1780224K), 0.0550445 secs] [Times: user=0.32 sys=0.00, real=0.06 secs] 
3154.809: [GC (Allocation Failure) [PSYoungGen: 420192K->146272K(504320K)] 591087K->420368K(1782272K), 0.0533107 secs] [Times: user=0.32 sys=0.00, real=0.05 secs] 
3157.182: [GC (Allocation Failure) [PSYoungGen: 461664K->103488K(506368K)] 735760K->515320K(1784320K), 0.1597712 secs] [Times: user=0.95 sys=0.00, real=0.16 secs] 
3158.621: [GC (Allocation Failure) [PSYoungGen: 421952K->147008K(506880K)] 833784K->660466K(1784832K), 0.0519836 secs] [Times: user=0.31 sys=0.00, real=0.05 secs] 
3161.481: [GC (Allocation Failure) [PSYoungGen: 465472K->105920K(505856K)] 978930K->757854K(1783808K), 0.0810057 secs] [Times: user=0.48 sys=0.00, real=0.08 secs] 
3162.841: [GC (Allocation Failure) [PSYoungGen: 425408K->148768K(506880K)] 1077342K->904730K(1784832K), 0.0542639 secs] [Times: user=0.32 sys=0.01, real=0.06 secs] 
3165.571: [GC (Allocation Failure) [PSYoungGen: 468256K->106592K(508416K)] 1224218K->1002730K(1786368K), 0.1521361 secs] [Times: user=0.90 sys=0.01, real=0.15 secs] 
3166.512: [GC (Allocation Failure) [PSYoungGen: 427616K->151264K(472576K)] 1323754K->1150655K(1750528K), 0.0526919 secs] [Times: user=0.31 sys=0.00, real=0.06 secs] 
3168.060: [GC (Allocation Failure) [PSYoungGen: 472288K->109792K(511488K)] 1471679K->1251071K(1789440K), 0.1278754 secs] [Times: user=0.68 sys=0.08, real=0.13 secs] 
3168.188: [Full GC (Ergonomics) [PSYoungGen: 109792K->0K(511488K)] [ParOldGen: 1141279K->49843K(1199104K)] 1251071K->49843K(1710592K), [Metaspace: 60089K->60089K(1105920K)], 0.1086206 secs] [Times: user=0.47 sys=0.00, real=0.11 secs] 
3168.826: [GC (Allocation Failure) [PSYoungGen: 320512K->154336K(475136K)] 370355K->204179K(1674240K), 0.0404177 secs] [Times: user=0.24 sys=0.00, real=0.04 secs] 
3171.983: [GC (GCLocker Initiated GC) [PSYoungGen: 474848K->100640K(508416K)] 524691K->296288K(1707520K), 0.1399339 secs] [Times: user=0.83 sys=0.01, real=0.14 secs] 
3172.573: [GC (Allocation Failure) [PSYoungGen: 416544K->143392K(506368K)] 628578K->452742K(1705472K), 0.2098328 secs] [Times: user=1.25 sys=0.00, real=0.21 secs] 
3174.445: [GC (Allocation Failure) [PSYoungGen: 459296K->94400K(506880K)] 768646K->547718K(1705984K), 0.3035417 secs] [Times: user=1.81 sys=0.01, real=0.30 secs] 
3175.521: [GC (Allocation Failure) [PSYoungGen: 410816K->151744K(468480K)] 864134K->696388K(1667584K), 0.0794017 secs] [Times: user=0.46 sys=0.00, real=0.08 secs] 
3178.335: [GC (Allocation Failure) [PSYoungGen: 468160K->94144K(506368K)] 1012804K->790244K(1705472K), 0.1465043 secs] [Times: user=0.88 sys=0.00, real=0.14 secs] 
3178.750: [GC (Allocation Failure) [PSYoungGen: 406976K->153280K(466432K)] 1103076K->937779K(1665536K), 0.0546246 secs] [Times: user=0.33 sys=0.00, real=0.06 secs] 
3181.004: [GC (Allocation Failure) [PSYoungGen: 466112K->92768K(503296K)] 1250611K->1030239K(1702400K), 0.1309081 secs] [Times: user=0.78 sys=0.00, real=0.13 secs] 
3181.511: [GC (Allocation Failure) [PSYoungGen: 399456K->152256K(459264K)] 1336927K->1177237K(1658368K), 0.0584746 secs] [Times: user=0.34 sys=0.00, real=0.06 secs] 
3181.570: [Full GC (Ergonomics) [PSYoungGen: 152256K->0K(459264K)] [ParOldGen: 1024981K->216987K(1398272K)] 1177237K->216987K(1857536K), [Metaspace: 60089K->60089K(1105920K)], 0.5060548 secs] [Times: user=2.37 sys=0.00, real=0.51 secs] 
3185.521: [GC (Allocation Failure) [PSYoungGen: 306688K->83520K(500224K)] 523675K->300507K(1898496K), 0.1101726 secs] [Times: user=0.66 sys=0.00, real=0.11 secs] 
3185.917: [GC (Allocation Failure) [PSYoungGen: 376776K->141728K(499712K)] 593763K->438903K(1897984K), 0.0456599 secs] [Times: user=0.27 sys=0.00, real=0.04 secs] 
3187.489: [GC (Allocation Failure) [PSYoungGen: 442784K->98464K(494592K)] 739959K->529303K(1892864K), 0.1218174 secs] [Times: user=0.72 sys=0.00, real=0.12 secs] 
3188.323: [GC (Allocation Failure) [PSYoungGen: 400032K->144544K(497152K)] 830871K->670656K(1895424K), 0.0713282 secs] [Times: user=0.43 sys=0.00, real=0.07 secs] 
3192.187: [GC (Allocation Failure) [PSYoungGen: 446112K->94208K(500224K)] 972224K->756752K(1898496K), 0.1676584 secs] [Times: user=1.00 sys=0.00, real=0.17 secs] 
3193.345: [GC (Allocation Failure) [PSYoungGen: 400896K->143968K(501248K)] 1063440K->897621K(1899520K), 0.0488265 secs] [Times: user=0.29 sys=0.00, real=0.04 secs] 
3194.829: [GC (Allocation Failure) [PSYoungGen: 450656K->102080K(498176K)] 1204309K->990649K(1896448K), 0.1100830 secs] [Times: user=0.65 sys=0.00, real=0.11 secs] 
3195.879: [GC (Allocation Failure) [PSYoungGen: 410816K->146624K(500736K)] 1299385K->1134838K(1899008K), 0.0542206 secs] [Times: user=0.32 sys=0.01, real=0.05 secs] 
3197.798: [GC (Allocation Failure) [PSYoungGen: 455360K->99392K(503296K)] 1443574K->1225850K(1901568K), 0.1345066 secs] [Times: user=0.80 sys=0.01, real=0.13 secs] 
3199.328: [GC (Allocation Failure) [PSYoungGen: 411712K->144864K(503808K)] 1538170K->1368227K(1902080K), 0.0614494 secs] [Times: user=0.29 sys=0.07, real=0.06 secs] 
3199.389: [Full GC (Ergonomics) [PSYoungGen: 144864K->0K(503808K)] [ParOldGen: 1223363K->173745K(1398272K)] 1368227K->173745K(1902080K), [Metaspace: 60108K->60108K(1105920K)], 0.3885740 secs] [Times: user=1.70 sys=0.00, real=0.39 secs] 
3201.905: [GC (Allocation Failure) [PSYoungGen: 312320K->104896K(501760K)] 486065K->278641K(1900032K), 0.0414729 secs] [Times: user=0.24 sys=0.00, real=0.04 secs] 
3202.959: [GC (Allocation Failure) [PSYoungGen: 419264K->146112K(503808K)] 593009K->423466K(1902080K), 0.0535577 secs] [Times: user=0.31 sys=0.00, real=0.05 secs] 
3205.639: [GC (Allocation Failure) [PSYoungGen: 459657K->102592K(504832K)] 737011K->517762K(1903104K), 0.1099925 secs] [Times: user=0.65 sys=0.01, real=0.11 secs] 
3206.501: [GC (Allocation Failure) [PSYoungGen: 420032K->147968K(505856K)] 835202K->664557K(1904128K), 0.0671941 secs] [Times: user=0.39 sys=0.01, real=0.07 secs] 
3209.377: [GC (Allocation Failure) [PSYoungGen: 465408K->107488K(506368K)] 981997K->763537K(1904640K), 0.0740629 secs] [Times: user=0.44 sys=0.00, real=0.07 secs] 
3209.946: [GC (Allocation Failure) [PSYoungGen: 426464K->150432K(506880K)] 1082513K->912172K(1905152K), 0.0536382 secs] [Times: user=0.32 sys=0.01, real=0.05 secs] 
3214.829: [GC (Allocation Failure) [PSYoungGen: 469408K->100960K(508928K)] 1231148K->1004604K(1907200K), 0.1509725 secs] [Times: user=0.90 sys=0.00, real=0.15 secs] 
3216.412: [GC (GCLocker Initiated GC) [PSYoungGen: 418912K->147456K(507392K)] 1322557K->1149185K(1905664K), 0.1159533 secs] [Times: user=0.69 sys=0.00, real=0.12 secs] 
3219.203: [GC (Allocation Failure) [PSYoungGen: 465408K->105024K(505344K)] 1467140K->1245844K(1903616K), 0.1752534 secs] [Times: user=1.04 sys=0.00, real=0.18 secs] 
3220.871: [GC (Allocation Failure) [PSYoungGen: 422976K->149760K(506368K)] 1563796K->1392456K(1904640K), 0.0574458 secs] [Times: user=0.31 sys=0.04, real=0.06 secs] 
3220.928: [Full GC (Ergonomics) [PSYoungGen: 149760K->0K(506368K)] [ParOldGen: 1242696K->188812K(1398272K)] 1392456K->188812K(1904640K), [Metaspace: 60117K->60117K(1105920K)], 0.4462935 secs] [Times: user=2.08 sys=0.00, real=0.45 secs] 
3222.699: [GC (Allocation Failure) [PSYoungGen: 317952K->105504K(507392K)] 506764K->294316K(1905664K), 0.0648181 secs] [Times: user=0.38 sys=0.01, real=0.06 secs] 
3223.211: [GC (Allocation Failure) [PSYoungGen: 423456K->152384K(470528K)] 612268K->443225K(1868800K), 0.0522305 secs] [Times: user=0.31 sys=0.00, real=0.05 secs] 
3226.855: [GC (Allocation Failure) [PSYoungGen: 470336K->103040K(508416K)] 761177K->537109K(1906688K), 0.1574686 secs] [Times: user=0.94 sys=0.00, real=0.15 secs] 
3228.140: [GC (Allocation Failure) [PSYoungGen: 418432K->151040K(466944K)] 852501K->684038K(1865216K), 0.0505037 secs] [Times: user=0.30 sys=0.00, real=0.05 secs] 
3229.462: [GC (Allocation Failure) [PSYoungGen: 466432K->107008K(508416K)] 999430K->782190K(1906688K), 0.0871329 secs] [Times: user=0.52 sys=0.00, real=0.09 secs] 
3229.914: [GC (Allocation Failure) [PSYoungGen: 407949K->145888K(505344K)] 1083132K->924891K(1903616K), 0.0866982 secs] [Times: user=0.51 sys=0.00, real=0.08 secs] 
3232.570: [GC (Allocation Failure) [PSYoungGen: 460768K->99680K(506880K)] 1239771K->1016499K(1905152K), 0.1001253 secs] [Times: user=0.60 sys=0.00, real=0.10 secs] 
3233.129: [GC (Allocation Failure) [PSYoungGen: 413351K->150720K(467456K)] 1330171K->1164092K(1865728K), 0.0621148 secs] [Times: user=0.37 sys=0.00, real=0.06 secs] 
3235.243: [GC (Allocation Failure) [PSYoungGen: 467136K->102912K(508416K)] 1480508K->1258692K(1906688K), 0.1457792 secs] [Times: user=0.87 sys=0.00, real=0.15 secs] 
3236.394: [GC (Allocation Failure) [PSYoungGen: 406252K->146848K(505856K)] 1562032K->1402353K(1904128K), 0.0833570 secs] [Times: user=0.48 sys=0.01, real=0.09 secs] 
3236.477: [Full GC (Ergonomics) [PSYoungGen: 146848K->0K(505856K)] [ParOldGen: 1255505K->196284K(1398272K)] 1402353K->196284K(1904128K), [Metaspace: 60117K->60117K(1105920K)], 0.4860285 secs] [Times: user=2.24 sys=0.00, real=0.48 secs] 
3239.682: [GC (Allocation Failure) [PSYoungGen: 315392K->99680K(506880K)] 511676K->295964K(1905152K), 0.0850303 secs] [Times: user=0.50 sys=0.00, real=0.09 secs] 
3240.117: [GC (Allocation Failure) [PSYoungGen: 416096K->151680K(468480K)] 612380K->443929K(1866752K), 0.0489903 secs] [Times: user=0.29 sys=0.00, real=0.05 secs] 
3243.748: [GC (Allocation Failure) [PSYoungGen: 468096K->100544K(507392K)] 760345K->535361K(1905664K), 0.1710114 secs] [Times: user=1.02 sys=0.00, real=0.17 secs] 
3245.067: [GC (Allocation Failure) [PSYoungGen: 413888K->149760K(463360K)] 848705K->682019K(1861632K), 0.0992123 secs] [Times: user=0.58 sys=0.00, real=0.10 secs] 
3249.416: [GC (Allocation Failure) [PSYoungGen: 463104K->96832K(505856K)] 995363K->770683K(1904128K), 0.1563159 secs] [Times: user=0.93 sys=0.01, real=0.15 secs] 
3250.453: [GC (Allocation Failure) [PSYoungGen: 408128K->149568K(461312K)] 1081979K->916616K(1859584K), 0.0490452 secs] [Times: user=0.29 sys=0.00, real=0.05 secs] 
3253.659: [GC (Allocation Failure) [PSYoungGen: 460864K->98944K(505856K)] 1227912K->1007172K(1904128K), 0.1552465 secs] [Times: user=0.92 sys=0.00, real=0.15 secs] 
3255.155: [GC (Allocation Failure) [PSYoungGen: 409216K->149280K(503296K)] 1317444K->1152233K(1901568K), 0.0495404 secs] [Times: user=0.30 sys=0.00, real=0.04 secs] 
3257.234: [GC (Allocation Failure) [PSYoungGen: 459552K->102144K(503296K)] 1462505K->1245741K(1901568K), 0.1583875 secs] [Times: user=0.94 sys=0.00, real=0.16 secs] 
3258.478: [GC (Allocation Failure) [PSYoungGen: 412416K->148544K(503296K)] 1556013K->1390314K(1901568K), 0.0509392 secs] [Times: user=0.30 sys=0.00, real=0.05 secs] 
3258.529: [Full GC (Ergonomics) [PSYoungGen: 148544K->0K(503296K)] [ParOldGen: 1241770K->188776K(1398272K)] 1390314K->188776K(1901568K), [Metaspace: 60119K->60119K(1105920K)], 0.4523283 secs] [Times: user=2.11 sys=0.00, real=0.45 secs] 
3260.677: [GC (Allocation Failure) [PSYoungGen: 310272K->102080K(502784K)] 499048K->290856K(1901056K), 0.0791087 secs] [Times: user=0.47 sys=0.00, real=0.08 secs] 
3261.351: [GC (Allocation Failure) [PSYoungGen: 412864K->150208K(503296K)] 601640K->437661K(1901568K), 0.0509516 secs] [Times: user=0.30 sys=0.01, real=0.05 secs] 
3264.198: [GC (Allocation Failure) [PSYoungGen: 460992K->99264K(503808K)] 748445K->527925K(1902080K), 0.1774446 secs] [Times: user=1.06 sys=0.00, real=0.18 secs] 
3265.395: [GC (Allocation Failure) [PSYoungGen: 409536K->147648K(503296K)] 838197K->671714K(1901568K), 0.0494826 secs] [Times: user=0.30 sys=0.00, real=0.05 secs] 
3267.115: [GC (Allocation Failure) [PSYoungGen: 457918K->103488K(501760K)] 981985K->766134K(1900032K), 0.1673169 secs] [Times: user=0.99 sys=0.01, real=0.16 secs] 
3268.544: [GC (Allocation Failure) [PSYoungGen: 414272K->145888K(502784K)] 1076918K->908907K(1901056K), 0.0515293 secs] [Times: user=0.31 sys=0.00, real=0.06 secs] 
3269.967: [GC (GCLocker Initiated GC) [PSYoungGen: 456672K->103552K(502272K)] 1219691K->1003451K(1900544K), 0.1298782 secs] [Times: user=0.77 sys=0.01, real=0.13 secs] 
3271.309: [GC (Allocation Failure) [PSYoungGen: 416896K->148672K(503808K)] 1316798K->1149043K(1902080K), 0.0517969 secs] [Times: user=0.31 sys=0.00, real=0.05 secs] 
3272.894: [GC (Allocation Failure) [PSYoungGen: 462016K->104672K(504832K)] 1462387K->1244539K(1903104K), 0.1307199 secs] [Times: user=0.78 sys=0.00, real=0.14 secs] 
3273.426: [GC (Allocation Failure) [PSYoungGen: 420064K->152224K(467968K)] 1559931K->1393737K(1866240K), 0.0545624 secs] [Times: user=0.32 sys=0.00, real=0.05 secs] 
3273.481: [Full GC (Ergonomics) [PSYoungGen: 152224K->0K(467968K)] [ParOldGen: 1241512K->190322K(1398272K)] 1393737K->190322K(1866240K), [Metaspace: 60126K->60126K(1105920K)], 0.4519329 secs] [Times: user=2.09 sys=0.00, real=0.45 secs] 
3276.843: [GC (Allocation Failure) [PSYoungGen: 315392K->101984K(507392K)] 505714K->292314K(1905664K), 0.0888213 secs] [Times: user=0.52 sys=0.01, real=0.09 secs] 
3277.555: [GC (Allocation Failure) [PSYoungGen: 415328K->153088K(466944K)] 605658K->440068K(1865216K), 0.0504922 secs] [Times: user=0.30 sys=0.00, real=0.05 secs] 
3279.958: [GC (Allocation Failure) [PSYoungGen: 466432K->99840K(505344K)] 753412K->531516K(1903616K), 0.0975775 secs] [Times: user=0.58 sys=0.00, real=0.10 secs] 
3280.840: [GC (GCLocker Initiated GC) [PSYoungGen: 409600K->150624K(460800K)] 841278K->679114K(1859072K), 0.0713513 secs] [Times: user=0.42 sys=0.00, real=0.07 secs] 
3283.791: [GC (Allocation Failure) [PSYoungGen: 460384K->97728K(504832K)] 988877K->768697K(1903104K), 0.1200544 secs] [Times: user=0.72 sys=0.00, real=0.12 secs] 
3284.351: [GC (Allocation Failure) [PSYoungGen: 406464K->148896K(457728K)] 1077433K->914226K(1856000K), 0.0495776 secs] [Times: user=0.30 sys=0.00, real=0.05 secs] 
3286.629: [GC (Allocation Failure) [PSYoungGen: 457632K->99520K(504832K)] 1222962K->1005054K(1903104K), 0.0904331 secs] [Times: user=0.54 sys=0.00, real=0.09 secs] 
3287.231: [GC (Allocation Failure) [PSYoungGen: 407744K->147744K(502272K)] 1313278K->1149995K(1900544K), 0.0515417 secs] [Times: user=0.31 sys=0.00, real=0.05 secs] 
3289.999: [GC (Allocation Failure) [PSYoungGen: 455968K->98560K(501760K)] 1458219K->1240451K(1900032K), 0.1785697 secs] [Times: user=1.07 sys=0.00, real=0.18 secs] 
3291.157: [GC (Allocation Failure) [PSYoungGen: 407296K->147456K(502272K)] 1549187K->1385989K(1900544K), 0.0729118 secs] [Times: user=0.43 sys=0.00, real=0.07 secs] 
3291.230: [Full GC (Ergonomics) [PSYoungGen: 147456K->0K(502272K)] [ParOldGen: 1238533K->183147K(1398272K)] 1385989K->183147K(1900544K), [Metaspace: 60140K->60140K(1105920K)], 0.4419588 secs] [Times: user=2.06 sys=0.00, real=0.44 secs] 
3294.027: [GC (Allocation Failure) [PSYoungGen: 308736K->98752K(502272K)] 491883K->281899K(1900544K), 0.0741118 secs] [Times: user=0.43 sys=0.01, real=0.07 secs] 
3294.801: [GC (Allocation Failure) [PSYoungGen: 408512K->147968K(502784K)] 591659K->427832K(1901056K), 0.0649158 secs] [Times: user=0.39 sys=0.00, real=0.07 secs] 
3297.964: [GC (Allocation Failure) [PSYoungGen: 457728K->97920K(503296K)] 737592K->517593K(1901568K), 0.1042750 secs] [Times: user=0.62 sys=0.01, real=0.11 secs] 
3298.922: [GC (Allocation Failure) [PSYoungGen: 408192K->142368K(503296K)] 827865K->658317K(1901568K), 0.0726504 secs] [Times: user=0.42 sys=0.00, real=0.08 secs] 
3301.710: [GC (Allocation Failure) [PSYoungGen: 452640K->104864K(499200K)] 968589K->754125K(1897472K), 0.0819839 secs] [Times: user=0.49 sys=0.00, real=0.08 secs] 
3302.696: [GC (Allocation Failure) [PSYoungGen: 417184K->143968K(502272K)] 1066445K->896543K(1900544K), 0.0684468 secs] [Times: user=0.40 sys=0.00, real=0.06 secs] 
3306.660: [GC (Allocation Failure) [PSYoungGen: 456288K->101824K(504832K)] 1208863K->989535K(1903104K), 0.1014406 secs] [Times: user=0.61 sys=0.00, real=0.10 secs] 
3308.520: [GC (Allocation Failure) [PSYoungGen: 419776K->146816K(506368K)] 1307487K->1134748K(1904640K), 0.0521388 secs] [Times: user=0.31 sys=0.00, real=0.05 secs] 
3310.027: [GC (Allocation Failure) [PSYoungGen: 464768K->107136K(505856K)] 1452700K->1233076K(1904128K), 0.0783755 secs] [Times: user=0.47 sys=0.01, real=0.08 secs] 
3311.578: [GC (Allocation Failure) [PSYoungGen: 426624K->150048K(506880K)] 1552564K->1380993K(1905152K), 0.0540665 secs] [Times: user=0.32 sys=0.00, real=0.05 secs] 
3311.632: [Full GC (Ergonomics) [PSYoungGen: 150048K->0K(506880K)] [ParOldGen: 1230945K->178261K(1398272K)] 1380993K->178261K(1905152K), [Metaspace: 60149K->60149K(1105920K)], 0.4230480 secs] [Times: user=1.96 sys=0.00, real=0.43 secs] 
3313.674: [GC (Allocation Failure) [PSYoungGen: 319488K->106848K(507904K)] 497749K->285109K(1906176K), 0.0869742 secs] [Times: user=0.51 sys=0.00, real=0.09 secs] 
3314.699: [GC (Allocation Failure) [PSYoungGen: 427360K->151136K(472064K)] 605621K->434151K(1870336K), 0.0533299 secs] [Times: user=0.32 sys=0.00, real=0.05 secs] 
3316.226: [GC (Allocation Failure) [PSYoungGen: 471648K->104416K(509952K)] 754663K->529591K(1908224K), 0.1000593 secs] [Times: user=0.59 sys=0.00, real=0.10 secs] 
3317.359: [GC (Allocation Failure) [PSYoungGen: 422880K->154912K(473600K)] 848055K->681732K(1871872K), 0.0981494 secs] [Times: user=0.58 sys=0.00, real=0.10 secs] 
3319.803: [GC (Allocation Failure) [PSYoungGen: 473376K->103648K(507904K)] 1000196K->777260K(1906176K), 0.1371147 secs] [Times: user=0.81 sys=0.01, real=0.14 secs] 
3320.546: [GC (Allocation Failure) [PSYoungGen: 408756K->148096K(505344K)] 1082368K->921761K(1903616K), 0.0880844 secs] [Times: user=0.53 sys=0.00, real=0.08 secs] 
3322.842: [GC (GCLocker Initiated GC) [PSYoungGen: 462464K->98496K(506368K)] 1236129K->1012201K(1904640K), 0.1414980 secs] [Times: user=0.84 sys=0.00, real=0.14 secs] 
3323.505: [GC (Allocation Failure) [PSYoungGen: 412864K->149536K(464384K)] 1326571K->1158605K(1862656K), 0.0804374 secs] [Times: user=0.48 sys=0.00, real=0.08 secs] 
3326.046: [GC (Allocation Failure) [PSYoungGen: 463904K->103584K(507392K)] 1472973K->1253701K(1905664K), 0.1741798 secs] [Times: user=1.04 sys=0.01, real=0.17 secs] 
3326.662: [GC (Allocation Failure) [PSYoungGen: 408307K->148768K(504832K)] 1558424K->1399227K(1903104K), 0.0520735 secs] [Times: user=0.31 sys=0.00, real=0.06 secs] 
3326.714: [Full GC (Ergonomics) [PSYoungGen: 148768K->0K(504832K)] [ParOldGen: 1250459K->196531K(1398272K)] 1399227K->196531K(1903104K), [Metaspace: 60154K->60154K(1105920K)], 0.4613423 secs] [Times: user=2.14 sys=0.00, real=0.46 secs] 
3330.086: [GC (Allocation Failure) [PSYoungGen: 313344K->96736K(505856K)] 509875K->293267K(1904128K), 0.0907726 secs] [Times: user=0.53 sys=0.00, real=0.09 secs] 
3330.904: [GC (Allocation Failure) [PSYoungGen: 410080K->152960K(466432K)] 606611K->442216K(1864704K), 0.0477416 secs] [Times: user=0.28 sys=0.00, real=0.05 secs] 
3333.663: [GC (Allocation Failure) [PSYoungGen: 466304K->99360K(504832K)] 755560K->532944K(1903104K), 0.1612006 secs] [Times: user=0.96 sys=0.00, real=0.17 secs] 
3334.337: [GC (GCLocker Initiated GC) [PSYoungGen: 408096K->147008K(502784K)] 841680K->676501K(1901056K), 0.0496544 secs] [Times: user=0.30 sys=0.00, real=0.05 secs] 
3336.622: [GC (Allocation Failure) [PSYoungGen: 455744K->99904K(501760K)] 985239K->768003K(1900032K), 0.0852459 secs] [Times: user=0.51 sys=0.00, real=0.09 secs] 
3337.671: [GC (Allocation Failure) [PSYoungGen: 409664K->149184K(502784K)] 1077763K->913644K(1901056K), 0.1060219 secs] [Times: user=0.63 sys=0.00, real=0.11 secs] 
3339.490: [GC (Allocation Failure) [PSYoungGen: 458944K->102240K(502272K)] 1223404K->1007380K(1900544K), 0.0954318 secs] [Times: user=0.56 sys=0.01, real=0.10 secs] 
3341.474: [GC (Allocation Failure) [PSYoungGen: 412512K->148512K(502784K)] 1317652K->1152717K(1901056K), 0.1548374 secs] [Times: user=0.92 sys=0.00, real=0.16 secs] 
3344.257: [GC (Allocation Failure) [PSYoungGen: 458784K->97984K(504320K)] 1462989K->1242541K(1902592K), 0.1456160 secs] [Times: user=0.86 sys=0.01, real=0.14 secs] 
3345.226: [GC (Allocation Failure) [PSYoungGen: 408768K->150624K(461824K)] 1553325K->1389098K(1860096K), 0.0501385 secs] [Times: user=0.30 sys=0.00, real=0.05 secs] 
3345.276: [Full GC (Ergonomics) [PSYoungGen: 150624K->0K(461824K)] [ParOldGen: 1238474K->188144K(1398272K)] 1389098K->188144K(1860096K), [Metaspace: 60160K->60160K(1105920K)], 0.4466992 secs] [Times: user=2.08 sys=0.00, real=0.44 secs] 
3347.408: [GC (Allocation Failure) [PSYoungGen: 310784K->100064K(505344K)] 498928K->288208K(1903616K), 0.0843290 secs] [Times: user=0.50 sys=0.00, real=0.08 secs] 
3347.971: [GC (Allocation Failure) [PSYoungGen: 409312K->147904K(502784K)] 597456K->432722K(1901056K), 0.0500948 secs] [Times: user=0.30 sys=0.00, real=0.05 secs] 
3351.008: [GC (GCLocker Initiated GC) [PSYoungGen: 457152K->100416K(502272K)] 741970K->524650K(1900544K), 0.1488748 secs] [Times: user=0.88 sys=0.01, real=0.15 secs] 
3351.598: [GC (Allocation Failure) [PSYoungGen: 410176K->155584K(465408K)] 834445K->677821K(1863680K), 0.0513347 secs] [Times: user=0.30 sys=0.01, real=0.05 secs] 
3353.987: [GC (Allocation Failure) [PSYoungGen: 465344K->101344K(503808K)] 987581K->762221K(1902080K), 0.1609540 secs] [Times: user=0.96 sys=0.00, real=0.16 secs] 
3355.179: [GC (Allocation Failure) [PSYoungGen: 407008K->143968K(500736K)] 1067885K->903562K(1899008K), 0.0512980 secs] [Times: user=0.31 sys=0.00, real=0.05 secs] 
3357.106: [GC (Allocation Failure) [PSYoungGen: 449632K->99840K(501248K)] 1209226K->994674K(1899520K), 0.1054895 secs] [Times: user=0.62 sys=0.01, real=0.10 secs] 
3357.728: [GC (Allocation Failure) [PSYoungGen: 408064K->147360K(501248K)] 1302898K->1140171K(1899520K), 0.0519897 secs] [Times: user=0.30 sys=0.00, real=0.05 secs] 
3359.888: [GC (Allocation Failure) [PSYoungGen: 455584K->98528K(502784K)] 1448395K->1230363K(1901056K), 0.1025583 secs] [Times: user=0.61 sys=0.01, real=0.10 secs] 
3361.457: [GC (GCLocker Initiated GC) [PSYoungGen: 409312K->144928K(503296K)] 1541149K->1373987K(1901568K), 0.0916811 secs] [Times: user=0.55 sys=0.00, real=0.09 secs] 
3361.549: [Full GC (Ergonomics) [PSYoungGen: 144928K->0K(503296K)] [ParOldGen: 1229059K->172333K(1398272K)] 1373987K->172333K(1901568K), [Metaspace: 60160K->60160K(1105920K)], 0.4344110 secs] [Times: user=2.04 sys=0.00, real=0.43 secs] 
3363.455: [GC (Allocation Failure) [PSYoungGen: 310784K->103168K(502272K)] 483117K->275501K(1900544K), 0.0738283 secs] [Times: user=0.37 sys=0.00, real=0.07 secs] 
3365.967: [GC (Allocation Failure) [PSYoungGen: 416000K->143904K(503808K)] 588333K->416994K(1902080K), 0.0522716 secs] [Times: user=0.31 sys=0.00, real=0.05 secs] 
3368.068: [GC (Allocation Failure) [PSYoungGen: 456736K->105280K(502272K)] 729826K->513410K(1900544K), 0.1372084 secs] [Times: user=0.82 sys=0.00, real=0.14 secs] 
3369.637: [GC (Allocation Failure) [PSYoungGen: 421696K->146304K(504832K)] 829826K->657867K(1903104K), 0.0524972 secs] [Times: user=0.30 sys=0.00, real=0.05 secs] 
3371.826: [GC (Allocation Failure) [PSYoungGen: 462720K->105248K(506368K)] 974283K->754519K(1904640K), 0.1585514 secs] [Times: user=0.94 sys=0.01, real=0.16 secs] 
3372.870: [GC (Allocation Failure) [PSYoungGen: 425248K->148960K(507392K)] 1074519K->901025K(1905664K), 0.0525702 secs] [Times: user=0.31 sys=0.00, real=0.05 secs] 
3374.829: [GC (GCLocker Initiated GC) [PSYoungGen: 468960K->108992K(507392K)] 1221025K->1000973K(1905664K), 0.1508947 secs] [Times: user=0.90 sys=0.00, real=0.15 secs] 
3376.118: [GC (Allocation Failure) [PSYoungGen: 430016K->158720K(480256K)] 1322032K->1156801K(1878528K), 0.0540901 secs] [Times: user=0.32 sys=0.00, real=0.05 secs] 
3378.318: [GC (Allocation Failure) [PSYoungGen: 479744K->109280K(508928K)] 1477825K->1248889K(1907200K), 0.1365854 secs] [Times: user=0.82 sys=0.00, real=0.14 secs] 
3379.020: [GC (Allocation Failure) [PSYoungGen: 424672K->153216K(505344K)] 1564281K->1398394K(1903616K), 0.0539066 secs] [Times: user=0.32 sys=0.00, real=0.05 secs] 
3379.074: [Full GC (Ergonomics) [PSYoungGen: 153216K->0K(505344K)] [ParOldGen: 1245178K->196003K(1398272K)] 1398394K->196003K(1903616K), [Metaspace: 60162K->60162K(1105920K)], 0.4787264 secs] [Times: user=2.25 sys=0.00, real=0.48 secs] 
3382.376: [GC (GCLocker Initiated GC) [PSYoungGen: 315392K->98656K(506368K)] 511396K->294660K(1904640K), 0.0955731 secs] [Times: user=0.56 sys=0.00, real=0.09 secs] 
3383.359: [GC (Allocation Failure) [PSYoungGen: 411488K->151936K(464896K)] 607495K->442776K(1863168K), 0.0485003 secs] [Times: user=0.28 sys=0.00, real=0.05 secs] 
3384.940: [GC (Allocation Failure) [PSYoungGen: 464768K->100416K(505344K)] 755608K->534720K(1903616K), 0.1343096 secs] [Times: user=0.79 sys=0.01, real=0.14 secs] 
3386.220: [GC (Allocation Failure) [PSYoungGen: 410176K->150464K(460288K)] 844480K->681413K(1858560K), 0.0499014 secs] [Times: user=0.29 sys=0.00, real=0.05 secs] 
3388.762: [GC (Allocation Failure) [PSYoungGen: 460224K->99520K(504832K)] 991173K->772173K(1903104K), 0.1653953 secs] [Times: user=0.98 sys=0.01, real=0.17 secs] 
3389.778: [GC (Allocation Failure) [PSYoungGen: 408256K->149920K(502784K)] 1080909K->918089K(1901056K), 0.0494759 secs] [Times: user=0.29 sys=0.00, real=0.05 secs] 
3391.836: [GC (Allocation Failure) [PSYoungGen: 458656K->99776K(502784K)] 1226825K->1009250K(1901056K), 0.1339133 secs] [Times: user=0.79 sys=0.01, real=0.13 secs] 
3392.328: [GC (Allocation Failure) [PSYoungGen: 408512K->150816K(459776K)] 1317986K->1156926K(1858048K), 0.0506141 secs] [Times: user=0.30 sys=0.00, real=0.05 secs] 
3394.725: [GC (Allocation Failure) [PSYoungGen: 459552K->97824K(503808K)] 1465662K->1246614K(1902080K), 0.1505045 secs] [Times: user=0.90 sys=0.00, real=0.15 secs] 
3395.510: [GC (Allocation Failure) [PSYoungGen: 404512K->149600K(501760K)] 1553302K->1391859K(1900032K), 0.0496308 secs] [Times: user=0.30 sys=0.00, real=0.05 secs] 
3395.560: [Full GC (Ergonomics) [PSYoungGen: 149600K->0K(501760K)] [ParOldGen: 1242259K->189993K(1398272K)] 1391859K->189993K(1900032K), [Metaspace: 60170K->60170K(1105920K)], 0.4555798 secs] [Times: user=2.13 sys=0.00, real=0.46 secs] 
3397.779: [GC (Allocation Failure) [PSYoungGen: 306688K->99232K(501760K)] 496681K->289225K(1900032K), 0.0549524 secs] [Times: user=0.32 sys=0.00, real=0.05 secs] 
3399.091: [GC (Allocation Failure) [PSYoungGen: 405920K->155072K(461824K)] 595913K->440822K(1860096K), 0.0498972 secs] [Times: user=0.30 sys=0.00, real=0.05 secs] 
3402.037: [GC (Allocation Failure) [PSYoungGen: 461760K->94528K(501248K)] 747510K->518674K(1899520K), 0.0973726 secs] [Times: user=0.57 sys=0.01, real=0.10 secs] 
3403.725: [GC (Allocation Failure) [PSYoungGen: 396608K->150400K(452608K)] 820754K->666135K(1850880K), 0.0491483 secs] [Times: user=0.29 sys=0.00, real=0.04 secs] 
3405.037: [GC (Allocation Failure) [PSYoungGen: 452480K->103072K(501760K)] 968215K->751703K(1900032K), 0.0868603 secs] [Times: user=0.51 sys=0.00, real=0.08 secs] 
3406.628: [GC (Allocation Failure) [PSYoungGen: 404640K->138272K(440320K)] 1053271K->887694K(1838592K), 0.0522535 secs] [Times: user=0.30 sys=0.01, real=0.05 secs] 
3408.431: [GC (Allocation Failure) [PSYoungGen: 439840K->105664K(499200K)] 1189262K->983902K(1897472K), 0.0645579 secs] [Times: user=0.38 sys=0.00, real=0.07 secs] 
3410.187: [GC (Allocation Failure) [PSYoungGen: 410304K->136832K(496128K)] 1288542K->1119251K(1894400K), 0.0521154 secs] [Times: user=0.31 sys=0.00, real=0.05 secs] 
3412.469: [GC (Allocation Failure) [PSYoungGen: 441472K->109008K(503808K)] 1423891K->1218999K(1902080K), 0.0645085 secs] [Times: user=0.38 sys=0.00, real=0.06 secs] 
3413.762: [GC (Allocation Failure) [PSYoungGen: 425424K->138400K(502272K)] 1535415K->1356140K(1900544K), 0.0537971 secs] [Times: user=0.32 sys=0.00, real=0.06 secs] 
3414.952: [GC (Allocation Failure) [PSYoungGen: 454816K->112032K(506880K)] 1672556K->1459076K(1905152K), 0.0704480 secs] [Times: user=0.40 sys=0.02, real=0.07 secs] 
3415.022: [Full GC (Ergonomics) [PSYoungGen: 112032K->0K(506880K)] [ParOldGen: 1347044K->19833K(1398272K)] 1459076K->19833K(1905152K), [Metaspace: 60171K->60171K(1105920K)], 0.0302728 secs] [Times: user=0.07 sys=0.01, real=0.03 secs] 
3416.324: [GC (Allocation Failure) [PSYoungGen: 327680K->150592K(508928K)] 347513K->170425K(1907200K), 0.0292582 secs] [Times: user=0.17 sys=0.00, real=0.03 secs] 
3418.793: [GC (Allocation Failure) [PSYoungGen: 478272K->108736K(515072K)] 498105K->270961K(1913344K), 0.1288660 secs] [Times: user=0.77 sys=0.00, real=0.13 secs] 
3419.855: [GC (Allocation Failure) [PSYoungGen: 439488K->158144K(488960K)] 601713K->427138K(1887232K), 0.0540957 secs] [Times: user=0.32 sys=0.01, real=0.05 secs] 
3422.908: [GC (Allocation Failure) [PSYoungGen: 488896K->106496K(512000K)] 757890K->525466K(1910272K), 0.1642754 secs] [Times: user=0.98 sys=0.01, real=0.16 secs] 
3424.286: [GC (Allocation Failure) [PSYoungGen: 429056K->156192K(479232K)] 848026K->677695K(1877504K), 0.0520075 secs] [Times: user=0.31 sys=0.00, real=0.05 secs] 
3427.539: [GC (Allocation Failure) [PSYoungGen: 478752K->106912K(509440K)] 1000255K->775583K(1907712K), 0.1657144 secs] [Times: user=0.99 sys=0.01, real=0.17 secs] 
3428.190: [GC (Allocation Failure) [PSYoungGen: 424352K->189408K(506880K)] 1093023K->974013K(1905152K), 0.0564889 secs] [Times: user=0.33 sys=0.00, real=0.06 secs] 
3431.796: [GC (Allocation Failure) [PSYoungGen: 506848K->94080K(424960K)] 1291453K->1018677K(1823232K), 0.1739802 secs] [Times: user=1.04 sys=0.00, real=0.17 secs] 
3432.209: [GC (Allocation Failure) [PSYoungGen: 327040K->110944K(465920K)] 1251637K->1126390K(1864192K), 0.0542227 secs] [Times: user=0.33 sys=0.00, real=0.05 secs] 
3433.929: [GC (Allocation Failure) [PSYoungGen: 343904K->93984K(465920K)] 1359350K->1211222K(1864192K), 0.0555646 secs] [Times: user=0.33 sys=0.00, real=0.06 secs] 
3434.962: [GC (Allocation Failure) [PSYoungGen: 326944K->82784K(465920K)] 1444182K->1294142K(1864192K), 0.0723993 secs] [Times: user=0.43 sys=0.00, real=0.07 secs] 
3435.271: [GC (Allocation Failure) [PSYoungGen: 315744K->116640K(454656K)] 1527102K->1405355K(1852928K), 0.0488389 secs] [Times: user=0.28 sys=0.00, real=0.05 secs] 
3435.320: [Full GC (Ergonomics) [PSYoungGen: 116640K->0K(454656K)] [ParOldGen: 1288715K->208330K(1398272K)] 1405355K->208330K(1852928K), [Metaspace: 60188K->60188K(1105920K)], 0.4835489 secs] [Times: user=2.26 sys=0.00, real=0.48 secs] 
3437.185: [GC (Allocation Failure) [PSYoungGen: 232960K->59360K(460288K)] 441290K->267690K(1858560K), 0.1206789 secs] [Times: user=0.71 sys=0.00, real=0.12 secs] 
3439.028: [GC (Allocation Failure) [PSYoungGen: 292320K->106208K(455168K)] 500650K->371099K(1853440K), 0.0593866 secs] [Times: user=0.36 sys=0.00, real=0.06 secs] 
3439.305: [GC (Allocation Failure) [PSYoungGen: 349408K->125952K(462848K)] 614299K->487691K(1861120K), 0.0640631 secs] [Times: user=0.38 sys=0.00, real=0.06 secs] 
3441.191: [GC (Allocation Failure) [PSYoungGen: 369152K->64960K(478720K)] 730891K->552379K(1876992K), 0.1192144 secs] [Times: user=0.71 sys=0.00, real=0.12 secs] 
3442.744: [GC (Allocation Failure) [PSYoungGen: 331712K->128000K(479232K)] 819131K->670603K(1877504K), 0.1293903 secs] [Times: user=0.77 sys=0.01, real=0.13 secs] 
3444.843: [GC (Allocation Failure) [PSYoungGen: 394752K->80672K(482816K)] 937355K->742707K(1881088K), 0.0942159 secs] [Times: user=0.56 sys=0.00, real=0.10 secs] 
3445.657: [GC (Allocation Failure) [PSYoungGen: 358688K->130240K(482304K)] 1020723K->871712K(1880576K), 0.0442440 secs] [Times: user=0.26 sys=0.00, real=0.04 secs] 
3449.825: [GC (Allocation Failure) [PSYoungGen: 408256K->105248K(481792K)] 1149728K->968568K(1880064K), 0.0616439 secs] [Times: user=0.37 sys=0.00, real=0.06 secs] 
3451.554: [GC (Allocation Failure) [PSYoungGen: 397600K->110976K(486912K)] 1260920K->1079712K(1885184K), 0.0679949 secs] [Times: user=0.40 sys=0.00, real=0.06 secs] 
3453.034: [GC (Allocation Failure) [PSYoungGen: 403328K->136576K(500224K)] 1372064K->1206181K(1898496K), 0.0621282 secs] [Times: user=0.37 sys=0.00, real=0.07 secs] 
3454.116: [GC (Allocation Failure) [PSYoungGen: 449920K->105760K(501760K)] 1519525K->1312133K(1900032K), 0.0829304 secs] [Times: user=0.50 sys=0.00, real=0.08 secs] 
3455.783: [GC (Allocation Failure) [PSYoungGen: 419104K->142784K(502784K)] 1625477K->1444330K(1901056K), 0.0618833 secs] [Times: user=0.37 sys=0.00, real=0.07 secs] 
3455.845: [Full GC (Ergonomics) [PSYoungGen: 142784K->0K(502784K)] [ParOldGen: 1301546K->252534K(1398272K)] 1444330K->252534K(1901056K), [Metaspace: 60190K->60190K(1105920K)], 0.5370449 secs] [Times: user=2.36 sys=0.00, real=0.53 secs] 
3458.458: [GC (Allocation Failure) [PSYoungGen: 320000K->110528K(506368K)] 572534K->363062K(1904640K), 0.0316712 secs] [Times: user=0.18 sys=0.00, real=0.03 secs] 
3459.619: [GC (Allocation Failure) [PSYoungGen: 430528K->137728K(508928K)] 683062K->490533K(1907200K), 0.0613624 secs] [Times: user=0.37 sys=0.00, real=0.06 secs] 
3461.680: [GC (Allocation Failure) [PSYoungGen: 465920K->123488K(510464K)] 818725K->613829K(1908736K), 0.0624508 secs] [Times: user=0.37 sys=0.00, real=0.06 secs] 
3463.588: [GC (Allocation Failure) [PSYoungGen: 451680K->928K(492544K)] 942021K->491321K(1890816K), 0.0016431 secs] [Times: user=0.00 sys=0.00, real=0.00 secs] 
3465.967: [GC (Allocation Failure) [PSYoungGen: 315808K->131232K(446464K)] 806201K->621633K(1844736K), 0.0294907 secs] [Times: user=0.16 sys=0.00, real=0.03 secs] 
3467.546: [GC (Allocation Failure) [PSYoungGen: 446112K->2240K(486912K)] 936513K->492701K(1885184K), 0.0017811 secs] [Times: user=0.01 sys=0.00, real=0.00 secs] 
3469.020: [GC (GCLocker Initiated GC) [PSYoungGen: 296640K->123424K(496640K)] 787104K->613888K(1894912K), 0.0331548 secs] [Times: user=0.19 sys=0.00, real=0.03 secs] 
3470.148: [GC (Allocation Failure) [PSYoungGen: 417824K->201184K(434176K)] 908290K->728151K(1832448K), 0.0635615 secs] [Times: user=0.36 sys=0.02, real=0.06 secs] 
3471.369: [GC (Allocation Failure) [PSYoungGen: 434144K->81600K(465920K)] 961111K->608735K(1864192K), 0.0242558 secs] [Times: user=0.14 sys=0.00, real=0.02 secs] 
3471.635: [GC (Allocation Failure) [PSYoungGen: 314560K->116736K(448512K)] 841695K->719563K(1846784K), 0.0593526 secs] [Times: user=0.35 sys=0.00, real=0.06 secs] 
3473.171: [GC (Allocation Failure) [PSYoungGen: 349696K->56992K(457216K)] 952523K->776419K(1855488K), 0.0844949 secs] [Times: user=0.50 sys=0.00, real=0.09 secs] 
3474.032: [GC (Allocation Failure) [PSYoungGen: 289952K->108224K(451072K)] 1009379K->883116K(1849344K), 0.0414372 secs] [Times: user=0.24 sys=0.00, real=0.04 secs] 
3474.760: [GC (Allocation Failure) [PSYoungGen: 360640K->128608K(463872K)] 1135532K->1002688K(1862144K), 0.1248220 secs] [Times: user=0.75 sys=0.00, real=0.13 secs] 
3477.672: [GC (Allocation Failure) [PSYoungGen: 381024K->62848K(480768K)] 1255104K->1065512K(1879040K), 0.1119335 secs] [Times: user=0.67 sys=0.01, real=0.11 secs] 
3478.386: [GC (Allocation Failure) [PSYoungGen: 341376K->137504K(485376K)] 1344040K->1197197K(1883648K), 0.0867042 secs] [Times: user=0.51 sys=0.00, real=0.08 secs] 
3481.884: [GC (Allocation Failure) [PSYoungGen: 416032K->74560K(484864K)] 1475725K->1271381K(1883136K), 0.1551713 secs] [Times: user=0.93 sys=0.00, real=0.16 secs] 
3482.716: [GC (Allocation Failure) [PSYoungGen: 357696K->137696K(487424K)] 1554517K->1406170K(1885696K), 0.0475358 secs] [Times: user=0.28 sys=0.00, real=0.04 secs] 
3482.764: [Full GC (Ergonomics) [PSYoungGen: 137696K->0K(487424K)] [ParOldGen: 1268474K->178112K(1398272K)] 1406170K->178112K(1885696K), [Metaspace: 60195K->60195K(1105920K)], 0.4322917 secs] [Times: user=2.02 sys=0.00, real=0.44 secs] 
3484.555: [GC (Allocation Failure) [PSYoungGen: 283136K->92800K(482816K)] 461248K->270912K(1881088K), 0.0734722 secs] [Times: user=0.43 sys=0.01, real=0.07 secs] 
3486.579: [GC (Allocation Failure) [PSYoungGen: 380544K->131808K(487424K)] 558656K->400885K(1885696K), 0.0482740 secs] [Times: user=0.28 sys=0.00, real=0.05 secs] 
3488.199: [GC (Allocation Failure) [PSYoungGen: 419552K->109504K(481792K)] 688629K->501229K(1880064K), 0.0626068 secs] [Times: user=0.37 sys=0.00, real=0.06 secs] 
3489.179: [GC (Allocation Failure) [PSYoungGen: 409024K->123040K(490496K)] 800749K->624061K(1888768K), 0.0523113 secs] [Times: user=0.31 sys=0.00, real=0.05 secs] 
3490.984: [GC (Allocation Failure) [PSYoungGen: 422560K->125568K(500736K)] 923581K->738842K(1899008K), 0.0625949 secs] [Times: user=0.37 sys=0.00, real=0.07 secs] 
3491.959: [GC (Allocation Failure) [PSYoungGen: 445568K->123104K(505856K)] 1058842K->861850K(1904128K), 0.0596888 secs] [Times: user=0.36 sys=0.00, real=0.06 secs] 
3495.313: [GC (Allocation Failure) [PSYoungGen: 443104K->124384K(505856K)] 1181850K->976126K(1904128K), 0.0622898 secs] [Times: user=0.37 sys=0.00, real=0.07 secs] 
3498.212: [GC (Allocation Failure) [PSYoungGen: 454624K->128288K(510464K)] 1306366K->1104454K(1908736K), 0.0619768 secs] [Times: user=0.36 sys=0.00, real=0.06 secs] 
3499.438: [GC (Allocation Failure) [PSYoungGen: 458528K->3552K(494592K)] 1434694K->979742K(1892864K), 0.0034714 secs] [Times: user=0.02 sys=0.00, real=0.00 secs] 
3500.563: [GC (GCLocker Initiated GC) [PSYoungGen: 319456K->139840K(456192K)] 1295647K->1118784K(1854464K), 0.0431985 secs] [Times: user=0.25 sys=0.01, real=0.05 secs] 
3503.260: [GC (Allocation Failure) [PSYoungGen: 455744K->109472K(510976K)] 1434723K->1219675K(1909248K), 0.0683106 secs] [Times: user=0.41 sys=0.00, real=0.07 secs] 
3504.045: [GC (Allocation Failure) [PSYoungGen: 424352K->142784K(502784K)] 1534555K->1362060K(1901056K), 0.0548295 secs] [Times: user=0.32 sys=0.00, real=0.05 secs] 
3504.100: [Full GC (Ergonomics) [PSYoungGen: 142784K->0K(502784K)] [ParOldGen: 1219276K->161573K(1398272K)] 1362060K->161573K(1901056K), [Metaspace: 60199K->60199K(1105920K)], 0.3827229 secs] [Times: user=1.76 sys=0.00, real=0.38 secs] 
3506.017: [GC (Allocation Failure) [PSYoungGen: 314880K->108416K(500224K)] 476453K->269989K(1898496K), 0.0552549 secs] [Times: user=0.33 sys=0.00, real=0.05 secs] 
3507.304: [GC (Allocation Failure) [PSYoungGen: 426880K->146016K(503296K)] 588453K->414766K(1901568K), 0.0552949 secs] [Times: user=0.33 sys=0.00, real=0.05 secs] 
3509.849: [GC (Allocation Failure) [PSYoungGen: 464480K->108000K(507392K)] 733230K->513942K(1905664K), 0.1707191 secs] [Times: user=1.02 sys=0.00, real=0.17 secs] 
3510.729: [GC (Allocation Failure) [PSYoungGen: 431584K->151200K(507904K)] 837526K->663686K(1906176K), 0.0732882 secs] [Times: user=0.43 sys=0.00, real=0.07 secs] 
3513.766: [GC (Allocation Failure) [PSYoungGen: 474784K->106656K(508928K)] 987270K->762231K(1907200K), 0.1321402 secs] [Times: user=0.78 sys=0.00, real=0.13 secs] 
3514.940: [GC (Allocation Failure) [PSYoungGen: 429216K->162624K(485376K)] 1084791K->922271K(1883648K), 0.0534704 secs] [Times: user=0.32 sys=0.01, real=0.05 secs] 
3518.130: [GC (Allocation Failure) [PSYoungGen: 485184K->102624K(507392K)] 1244831K->1008351K(1905664K), 0.1600600 secs] [Times: user=0.95 sys=0.00, real=0.16 secs] 
3519.986: [GC (Allocation Failure) [PSYoungGen: 414432K->147584K(503296K)] 1320159K->1152116K(1901568K), 0.0513703 secs] [Times: user=0.30 sys=0.00, real=0.05 secs] 
3521.814: [GC (Allocation Failure) [PSYoungGen: 459392K->103392K(502272K)] 1463924K->1246272K(1900544K), 0.1109241 secs] [Times: user=0.66 sys=0.00, real=0.12 secs] 
3522.821: [GC (Allocation Failure) [PSYoungGen: 416224K->150144K(503296K)] 1559104K->1393093K(1901568K), 0.0521896 secs] [Times: user=0.31 sys=0.00, real=0.05 secs] 
3522.873: [Full GC (Ergonomics) [PSYoungGen: 150144K->0K(503296K)] [ParOldGen: 1242949K->190310K(1398272K)] 1393093K->190310K(1901568K), [Metaspace: 60199K->60199K(1105920K)], 0.4581493 secs] [Times: user=2.13 sys=0.00, real=0.46 secs] 
3526.243: [GC (Allocation Failure) [PSYoungGen: 312832K->101760K(504832K)] 503142K->292070K(1903104K), 0.0796192 secs] [Times: user=0.47 sys=0.00, real=0.08 secs] 
3527.544: [GC (Allocation Failure) [PSYoungGen: 415104K->148416K(504320K)] 605414K->435404K(1902592K), 0.1272603 secs] [Times: user=0.64 sys=0.01, real=0.13 secs] 
3530.629: [GC (Allocation Failure) [PSYoungGen: 461760K->103808K(504320K)] 748748K->530604K(1902592K), 0.0967778 secs] [Times: user=0.58 sys=0.00, real=0.10 secs] 
3531.485: [GC (Allocation Failure) [PSYoungGen: 417152K->147776K(504320K)] 843948K->675374K(1902592K), 0.1188360 secs] [Times: user=0.71 sys=0.00, real=0.11 secs] 
3534.361: [GC (Allocation Failure) [PSYoungGen: 461120K->102144K(504320K)] 988718K->769086K(1902592K), 0.1637361 secs] [Times: user=0.98 sys=0.00, real=0.17 secs] 
3535.744: [GC (Allocation Failure) [PSYoungGen: 416512K->151424K(465920K)] 1083454K->916367K(1864192K), 0.0510453 secs] [Times: user=0.30 sys=0.00, real=0.06 secs] 
3537.597: [GC (Allocation Failure) [PSYoungGen: 465792K->103040K(507392K)] 1230735K->1010743K(1905664K), 0.1813455 secs] [Times: user=1.04 sys=0.00, real=0.18 secs] 
3538.283: [GC (Allocation Failure) [PSYoungGen: 415872K->151488K(464384K)] 1323575K->1158344K(1862656K), 0.0508141 secs] [Times: user=0.30 sys=0.00, real=0.05 secs] 
3541.211: [GC (Allocation Failure) [PSYoungGen: 464320K->99296K(506368K)] 1471176K->1248760K(1904640K), 0.1688052 secs] [Times: user=1.01 sys=0.00, real=0.17 secs] 
3541.864: [GC (Allocation Failure) [PSYoungGen: 410592K->152512K(463872K)] 1560056K->1397665K(1862144K), 0.0505054 secs] [Times: user=0.30 sys=0.00, real=0.05 secs] 
3541.914: [Full GC (Ergonomics) [PSYoungGen: 152512K->0K(463872K)] [ParOldGen: 1245153K->196604K(1398272K)] 1397665K->196604K(1862144K), [Metaspace: 60202K->60202K(1105920K)], 0.4758397 secs] [Times: user=2.21 sys=0.00, real=0.48 secs] 
3545.411: [GC (Allocation Failure) [PSYoungGen: 311296K->96736K(504320K)] 507900K->293340K(1902592K), 0.0963370 secs] [Times: user=0.56 sys=0.01, real=0.10 secs] 
3546.490: [GC (Allocation Failure) [PSYoungGen: 404448K->147936K(502272K)] 601052K->437085K(1900544K), 0.0478807 secs] [Times: user=0.29 sys=0.00, real=0.05 secs] 
3548.850: [GC (Allocation Failure) [PSYoungGen: 455648K->99520K(501248K)] 744797K->527837K(1899520K), 0.1479174 secs] [Times: user=0.88 sys=0.00, real=0.15 secs] 
3549.936: [GC (Allocation Failure) [PSYoungGen: 407232K->147904K(501760K)] 835549K->671966K(1900032K), 0.0496034 secs] [Times: user=0.29 sys=0.00, real=0.05 secs] 
3551.809: [GC (Allocation Failure) [PSYoungGen: 455616K->101920K(500736K)] 979678K->765342K(1899008K), 0.1483108 secs] [Times: user=0.88 sys=0.01, real=0.15 secs] 
3553.266: [GC (Allocation Failure) [PSYoungGen: 410656K->147264K(501760K)] 1074078K->908611K(1900032K), 0.0507612 secs] [Times: user=0.30 sys=0.00, real=0.05 secs] 
3555.299: [GC (Allocation Failure) [PSYoungGen: 456000K->98976K(502784K)] 1217347K->998371K(1901056K), 0.1655004 secs] [Times: user=0.99 sys=0.00, real=0.17 secs] 
3557.015: [GC (Allocation Failure) [PSYoungGen: 409760K->148736K(503296K)] 1309155K->1143944K(1901568K), 0.0503301 secs] [Times: user=0.30 sys=0.00, real=0.05 secs] 
3558.860: [GC (Allocation Failure) [PSYoungGen: 459520K->101408K(503808K)] 1454728K->1236504K(1902080K), 0.1431363 secs] [Times: user=0.85 sys=0.01, real=0.14 secs] 
3560.637: [GC (Allocation Failure) [PSYoungGen: 412704K->146976K(503808K)] 1547800K->1380857K(1902080K), 0.0515202 secs] [Times: user=0.30 sys=0.00, real=0.05 secs] 
3560.688: [Full GC (Ergonomics) [PSYoungGen: 146976K->0K(503808K)] [ParOldGen: 1233881K->180473K(1398272K)] 1380857K->180473K(1902080K), [Metaspace: 60203K->60203K(1105920K)], 0.4346245 secs] [Times: user=2.03 sys=0.00, real=0.43 secs] 
3563.996: [GC (Allocation Failure) [PSYoungGen: 311296K->102496K(502272K)] 491769K->282969K(1900544K), 0.1017111 secs] [Times: user=0.60 sys=0.00, real=0.10 secs] 
3565.638: [GC (Allocation Failure) [PSYoungGen: 414304K->156128K(467968K)] 594777K->436328K(1866240K), 0.0519401 secs] [Times: user=0.31 sys=0.00, real=0.05 secs] 
3567.529: [GC (Allocation Failure) [PSYoungGen: 467936K->100480K(504832K)] 748136K->519504K(1903104K), 0.1188436 secs] [Times: user=0.71 sys=0.00, real=0.12 secs] 
3569.742: [GC (Allocation Failure) [PSYoungGen: 408704K->143200K(502272K)] 827728K->659969K(1900544K), 0.0502241 secs] [Times: user=0.29 sys=0.00, real=0.05 secs] 
3571.035: [GC (Allocation Failure) [PSYoungGen: 451424K->104224K(499712K)] 968193K->754889K(1897984K), 0.0921048 secs] [Times: user=0.55 sys=0.00, real=0.09 secs] 
3571.969: [GC (Allocation Failure) [PSYoungGen: 414496K->148256K(501248K)] 1065161K->901443K(1899520K), 0.0526744 secs] [Times: user=0.32 sys=0.00, real=0.05 secs] 
3574.589: [GC (Allocation Failure) [PSYoungGen: 458528K->100352K(505344K)] 1211715K->993483K(1903616K), 0.1614991 secs] [Times: user=0.97 sys=0.01, real=0.16 secs] 
3576.031: [GC (Allocation Failure) [PSYoungGen: 414720K->148384K(505344K)] 1307851K->1138887K(1903616K), 0.0508420 secs] [Times: user=0.30 sys=0.00, real=0.05 secs] 
3577.749: [GC (Allocation Failure) [PSYoungGen: 462752K->106816K(503296K)] 1453255K->1236504K(1901568K), 0.0988564 secs] [Times: user=0.59 sys=0.00, real=0.10 secs] 
3578.419: [GC (Allocation Failure) [PSYoungGen: 421184K->147840K(504320K)] 1550872K->1382845K(1902592K), 0.0538110 secs] [Times: user=0.32 sys=0.00, real=0.05 secs] 
3578.473: [Full GC (Ergonomics) [PSYoungGen: 147840K->0K(504320K)] [ParOldGen: 1235005K->181282K(1398272K)] 1382845K->181282K(1902592K), [Metaspace: 60207K->60207K(1105920K)], 0.4489315 secs] [Times: user=2.01 sys=0.01, real=0.45 secs] 
3580.938: [GC (Allocation Failure) [PSYoungGen: 314368K->105664K(505344K)] 495650K->286946K(1903616K), 0.0742289 secs] [Times: user=0.43 sys=0.00, real=0.07 secs] 
3581.816: [GC (Allocation Failure) [PSYoungGen: 422080K->149440K(505856K)] 603362K->434455K(1904128K), 0.0740868 secs] [Times: user=0.44 sys=0.00, real=0.07 secs] 
3584.029: [GC (Allocation Failure) [PSYoungGen: 465856K->103520K(506880K)] 750871K->529879K(1905152K), 0.1042895 secs] [Times: user=0.63 sys=0.00, real=0.10 secs] 
3585.445: [GC (Allocation Failure) [PSYoungGen: 420960K->154624K(472576K)] 847319K->681340K(1870848K), 0.1201976 secs] [Times: user=0.71 sys=0.00, real=0.12 secs] 
3588.461: [GC (Allocation Failure) [PSYoungGen: 472064K->100896K(506880K)] 998780K->774084K(1905152K), 0.1469381 secs] [Times: user=0.88 sys=0.00, real=0.15 secs] 
3589.032: [GC (Allocation Failure) [PSYoungGen: 413728K->151648K(464896K)] 1086916K->922569K(1863168K), 0.0516444 secs] [Times: user=0.30 sys=0.00, real=0.05 secs] 
3591.508: [GC (Allocation Failure) [PSYoungGen: 464480K->99328K(505344K)] 1235401K->1013765K(1903616K), 0.1524827 secs] [Times: user=0.91 sys=0.00, real=0.15 secs] 
3592.772: [GC (Allocation Failure) [PSYoungGen: 409088K->149248K(503296K)] 1323525K->1158890K(1901568K), 0.0493505 secs] [Times: user=0.29 sys=0.00, real=0.05 secs] 
3594.445: [GC (Allocation Failure) [PSYoungGen: 459008K->102464K(502272K)] 1468650K->1252342K(1900544K), 0.1095791 secs] [Times: user=0.65 sys=0.01, real=0.11 secs] 
3595.212: [GC (Allocation Failure) [PSYoungGen: 412224K->150240K(502784K)] 1562102K->1399356K(1901056K), 0.0700794 secs] [Times: user=0.42 sys=0.00, real=0.07 secs] 
3595.283: [Full GC (Ergonomics) [PSYoungGen: 150240K->0K(502784K)] [ParOldGen: 1249116K->196933K(1398272K)] 1399356K->196933K(1901056K), [Metaspace: 60208K->60208K(1105920K)], 0.4621924 secs] [Times: user=2.12 sys=0.00, real=0.47 secs] 
3599.576: [GC (Allocation Failure) [PSYoungGen: 309760K->93152K(504320K)] 506693K->290085K(1902592K), 0.0859814 secs] [Times: user=0.51 sys=0.01, real=0.08 secs] 
3601.025: [GC (Allocation Failure) [PSYoungGen: 401888K->145952K(503296K)] 598821K->431998K(1901568K), 0.0467983 secs] [Times: user=0.28 sys=0.00, real=0.04 secs] 
3602.989: [GC (Allocation Failure) [PSYoungGen: 454688K->102432K(500224K)] 740734K->525390K(1898496K), 0.1691740 secs] [Times: user=1.00 sys=0.00, real=0.17 secs] 
3604.417: [GC (Allocation Failure) [PSYoungGen: 411168K->144512K(501760K)] 834126K->667007K(1900032K), 0.0506742 secs] [Times: user=0.30 sys=0.00, real=0.05 secs] 
3605.959: [GC (Allocation Failure) [PSYoungGen: 453248K->104448K(500224K)] 975743K->762135K(1898496K), 0.1078769 secs] [Times: user=0.64 sys=0.00, real=0.11 secs] 
3606.675: [GC (Allocation Failure) [PSYoungGen: 416768K->147136K(502784K)] 1074455K->907473K(1901056K), 0.0528981 secs] [Times: user=0.31 sys=0.00, real=0.05 secs] 
3609.214: [GC (Allocation Failure) [PSYoungGen: 459456K->102848K(505344K)] 1219793K->1001841K(1903616K), 0.1778596 secs] [Times: user=1.06 sys=0.01, real=0.18 secs] 
3610.582: [GC (Allocation Failure) [PSYoungGen: 418752K->150464K(505856K)] 1317745K->1149766K(1904128K), 0.0521426 secs] [Times: user=0.31 sys=0.01, real=0.05 secs] 
3614.071: [GC (Allocation Failure) [PSYoungGen: 466368K->103520K(506368K)] 1465670K->1244314K(1904640K), 0.1489636 secs] [Times: user=0.88 sys=0.00, real=0.15 secs] 
3615.450: [GC (Allocation Failure) [PSYoungGen: 418912K->150432K(465920K)] 1559706K->1390527K(1864192K), 0.0518421 secs] [Times: user=0.31 sys=0.00, real=0.05 secs] 
3615.502: [Full GC (Ergonomics) [PSYoungGen: 150432K->0K(465920K)] [ParOldGen: 1240095K->188986K(1398272K)] 1390527K->188986K(1864192K), [Metaspace: 60329K->60329K(1105920K)], 0.4615926 secs] [Times: user=2.17 sys=0.00, real=0.46 secs] 
3617.447: [GC (Allocation Failure) [PSYoungGen: 315392K->106944K(508416K)] 504378K->295930K(1906688K), 0.0791016 secs] [Times: user=0.47 sys=0.00, real=0.08 secs] 
3618.057: [GC (Allocation Failure) [PSYoungGen: 421824K->152992K(467968K)] 610810K->445143K(1866240K), 0.0520213 secs] [Times: user=0.31 sys=0.00, real=0.05 secs] 
3621.154: [GC (Allocation Failure) [PSYoungGen: 467872K->99040K(506368K)] 760023K->535155K(1904640K), 0.1377649 secs] [Times: user=0.82 sys=0.00, real=0.14 secs] 
3622.012: [GC (Allocation Failure) [PSYoungGen: 411360K->160000K(472576K)] 847475K->691532K(1870848K), 0.0498073 secs] [Times: user=0.29 sys=0.00, real=0.05 secs] 
3624.145: [GC (GCLocker Initiated GC) [PSYoungGen: 472320K->99232K(502272K)] 1003852K->773980K(1900544K), 0.0785551 secs] [Times: user=0.47 sys=0.00, real=0.07 secs] 
3625.548: [GC (Allocation Failure) [PSYoungGen: 402848K->144256K(500224K)] 1077597K->915146K(1898496K), 0.0917960 secs] [Times: user=0.55 sys=0.00, real=0.09 secs] 
3628.392: [GC (Allocation Failure) [PSYoungGen: 447872K->94912K(500736K)] 1218762K->1001930K(1899008K), 0.1182442 secs] [Times: user=0.70 sys=0.00, real=0.12 secs] 
3629.337: [GC (GCLocker Initiated GC) [PSYoungGen: 400064K->144224K(500224K)] 1307083K->1144069K(1898496K), 0.0974103 secs] [Times: user=0.58 sys=0.00, real=0.09 secs] 
3632.214: [GC (Allocation Failure) [PSYoungGen: 449376K->97248K(500224K)] 1449255K->1233167K(1898496K), 0.0865047 secs] [Times: user=0.51 sys=0.00, real=0.09 secs] 
3633.088: [GC (Allocation Failure) [PSYoungGen: 405472K->145728K(501760K)] 1541391K->1377461K(1900032K), 0.0729750 secs] [Times: user=0.43 sys=0.00, real=0.07 secs] 
3633.161: [Full GC (Ergonomics) [PSYoungGen: 145728K->0K(501760K)] [ParOldGen: 1231733K->174304K(1398272K)] 1377461K->174304K(1900032K), [Metaspace: 60329K->60329K(1105920K)], 0.4305616 secs] [Times: user=2.00 sys=0.01, real=0.43 secs] 
3635.989: [GC (Allocation Failure) [PSYoungGen: 308224K->102816K(499712K)] 482528K->277121K(1897984K), 0.1070695 secs] [Times: user=0.63 sys=0.01, real=0.11 secs] 
3637.671: [GC (Allocation Failure) [PSYoungGen: 413088K->144608K(501760K)] 587393K->418909K(1900032K), 0.0522382 secs] [Times: user=0.31 sys=0.00, real=0.05 secs] 
3639.417: [GC (Allocation Failure) [PSYoungGen: 454880K->104672K(501760K)] 729181K->514417K(1900032K), 0.1232194 secs] [Times: user=0.74 sys=0.00, real=0.12 secs] 
3640.739: [GC (Allocation Failure) [PSYoungGen: 419040K->144768K(503808K)] 828785K->657279K(1902080K), 0.0521976 secs] [Times: user=0.30 sys=0.01, real=0.05 secs] 
3642.916: [GC (Allocation Failure) [PSYoungGen: 459136K->107520K(503808K)] 971647K->755647K(1902080K), 0.0967668 secs] [Times: user=0.58 sys=0.00, real=0.09 secs] 
3644.252: [GC (Allocation Failure) [PSYoungGen: 425984K->147904K(505856K)] 1074111K->901460K(1904128K), 0.0535634 secs] [Times: user=0.31 sys=0.01, real=0.06 secs] 
3646.933: [GC (Allocation Failure) [PSYoungGen: 466368K->106272K(507904K)] 1219924K->998888K(1906176K), 0.1556798 secs] [Times: user=0.93 sys=0.00, real=0.16 secs] 
3648.020: [GC (Allocation Failure) [PSYoungGen: 427808K->153376K(475136K)] 1320424K->1150329K(1873408K), 0.0792352 secs] [Times: user=0.47 sys=0.00, real=0.08 secs] 
3650.666: [GC (Allocation Failure) [PSYoungGen: 474912K->104928K(509952K)] 1471865K->1247089K(1908224K), 0.1799038 secs] [Times: user=1.01 sys=0.00, real=0.18 secs] 
3652.775: [GC (GCLocker Initiated GC) [PSYoungGen: 423392K->149280K(507392K)] 1565553K->1393170K(1905664K), 0.1587906 secs] [Times: user=0.94 sys=0.00, real=0.15 secs] 
3652.934: [Full GC (Ergonomics) [PSYoungGen: 149280K->0K(507392K)] [ParOldGen: 1243890K->189815K(1398272K)] 1393170K->189815K(1905664K), [Metaspace: 60339K->60339K(1105920K)], 0.5137022 secs] [Times: user=2.48 sys=0.00, real=0.52 secs] 
3656.186: [GC (Allocation Failure) [PSYoungGen: 318464K->103968K(507392K)] 508281K->293785K(1905664K), 0.0661111 secs] [Times: user=0.39 sys=0.00, real=0.06 secs] 
3657.480: [GC (GCLocker Initiated GC) [PSYoungGen: 422432K->152544K(471040K)] 612249K->443402K(1869312K), 0.1265591 secs] [Times: user=0.75 sys=0.01, real=0.13 secs] 
3660.332: [GC (Allocation Failure) [PSYoungGen: 471008K->103584K(508416K)] 761870K->538766K(1906688K), 0.1307632 secs] [Times: user=0.77 sys=0.00, real=0.13 secs] 
3661.954: [GC (Allocation Failure) [PSYoungGen: 418976K->149152K(505856K)] 854158K->684720K(1904128K), 0.1307417 secs] [Times: user=0.78 sys=0.00, real=0.14 secs] 
3664.037: [GC (Allocation Failure) [PSYoungGen: 464544K->104864K(505856K)] 1000112K->781120K(1904128K), 0.1088869 secs] [Times: user=0.64 sys=0.00, real=0.11 secs] 
3664.763: [GC (Allocation Failure) [PSYoungGen: 411325K->145472K(505856K)] 1087581K->923713K(1904128K), 0.0947155 secs] [Times: user=0.56 sys=0.00, real=0.10 secs] 
3667.238: [GC (Allocation Failure) [PSYoungGen: 460864K->102752K(504320K)] 1239105K->1018225K(1902592K), 0.1334342 secs] [Times: user=0.80 sys=0.00, real=0.13 secs] 
3668.652: [GC (Allocation Failure) [PSYoungGen: 412635K->147136K(505856K)] 1328108K->1162629K(1904128K), 0.0986318 secs] [Times: user=0.58 sys=0.00, real=0.10 secs] 
3671.585: [GC (Allocation Failure) [PSYoungGen: 464064K->100832K(507904K)] 1479557K->1255054K(1906176K), 0.1733006 secs] [Times: user=1.03 sys=0.00, real=0.17 secs] 
3672.794: [GC (Allocation Failure) [PSYoungGen: 418098K->150400K(469504K)] 1572320K->1401602K(1867776K), 0.0502995 secs] [Times: user=0.30 sys=0.00, real=0.06 secs] 
3672.844: [Full GC (Ergonomics) [PSYoungGen: 150400K->0K(469504K)] [ParOldGen: 1251202K->196963K(1398272K)] 1401602K->196963K(1867776K), [Metaspace: 60357K->60357K(1105920K)], 0.4647507 secs] [Times: user=2.15 sys=0.00, real=0.46 secs] 
3674.602: [GC (Allocation Failure) [PSYoungGen: 318976K->106528K(509440K)] 515939K->303491K(1907712K), 0.0725468 secs] [Times: user=0.42 sys=0.00, real=0.08 secs] 
3675.046: [GC (Allocation Failure) [PSYoungGen: 423968K->153600K(471552K)] 620931K->453672K(1869824K), 0.0510182 secs] [Times: user=0.30 sys=0.00, real=0.05 secs] 
3678.445: [GC (Allocation Failure) [PSYoungGen: 471040K->93696K(506368K)] 771112K->547512K(1904640K), 0.1609153 secs] [Times: user=0.96 sys=0.00, real=0.16 secs] 
3678.857: [GC (Allocation Failure) [PSYoungGen: 406528K->152192K(465408K)] 860344K->695609K(1863680K), 0.0536937 secs] [Times: user=0.32 sys=0.00, real=0.05 secs] 
3681.744: [GC (Allocation Failure) [PSYoungGen: 465024K->98080K(504832K)] 1008441K->793617K(1903104K), 0.1606022 secs] [Times: user=0.96 sys=0.00, real=0.16 secs] 
3682.256: [GC (Allocation Failure) [PSYoungGen: 406816K->151712K(460800K)] 1102353K->935638K(1859072K), 0.0548696 secs] [Times: user=0.32 sys=0.00, real=0.05 secs] 
3686.450: [GC (Allocation Failure) [PSYoungGen: 460448K->88736K(501760K)] 1244374K->1024158K(1900032K), 0.1697459 secs] [Times: user=1.01 sys=0.00, real=0.17 secs] 
3687.026: [GC (Allocation Failure) [PSYoungGen: 392864K->148352K(452608K)] 1328286K->1168727K(1850880K), 0.0523105 secs] [Times: user=0.31 sys=0.00, real=0.05 secs] 
3690.577: [GC (Allocation Failure) [PSYoungGen: 452480K->87936K(500736K)] 1472855K->1256695K(1899008K), 0.1622580 secs] [Times: user=0.96 sys=0.00, real=0.16 secs] 
3691.657: [GC (Allocation Failure) [PSYoungGen: 390016K->145184K(447488K)] 1558775K->1398124K(1845760K), 0.0540976 secs] [Times: user=0.31 sys=0.00, real=0.05 secs] 
3691.711: [Full GC (Ergonomics) [PSYoungGen: 145184K->0K(447488K)] [ParOldGen: 1252940K->195853K(1398272K)] 1398124K->195853K(1845760K), [Metaspace: 60358K->60358K(1105920K)], 0.4703941 secs] [Times: user=2.11 sys=0.00, real=0.47 secs] 
3694.664: [GC (Allocation Failure) [PSYoungGen: 302080K->95136K(502272K)] 497933K->290989K(1900544K), 0.0916243 secs] [Times: user=0.54 sys=0.00, real=0.10 secs] 
3696.192: [GC (Allocation Failure) [PSYoungGen: 398240K->144416K(499712K)] 594093K->431330K(1897984K), 0.0472498 secs] [Times: user=0.28 sys=0.00, real=0.05 secs] 
3697.621: [GC (Allocation Failure) [PSYoungGen: 447520K->102400K(496640K)] 734434K->524470K(1894912K), 0.1143267 secs] [Times: user=0.68 sys=0.00, real=0.12 secs] 
3699.062: [GC (Allocation Failure) [PSYoungGen: 407040K->140256K(498688K)] 829110K->662103K(1896960K), 0.0503244 secs] [Times: user=0.30 sys=0.00, real=0.05 secs] 
3700.770: [GC (Allocation Failure) [PSYoungGen: 444896K->102464K(497152K)] 966743K->754943K(1895424K), 0.1179181 secs] [Times: user=0.70 sys=0.01, real=0.12 secs] 
3702.345: [GC (Allocation Failure) [PSYoungGen: 413760K->144608K(501248K)] 1066239K->897044K(1899520K), 0.0519431 secs] [Times: user=0.31 sys=0.00, real=0.05 secs] 
3703.922: [GC (Allocation Failure) [PSYoungGen: 455904K->104256K(503808K)] 1208340K->992100K(1902080K), 0.1364432 secs] [Times: user=0.81 sys=0.00, real=0.14 secs] 
3705.020: [GC (Allocation Failure) [PSYoungGen: 421184K->151200K(505344K)] 1309028K->1141469K(1903616K), 0.1021871 secs] [Times: user=0.61 sys=0.01, real=0.10 secs] 
3708.185: [GC (Allocation Failure) [PSYoungGen: 468128K->101440K(507904K)] 1458397K->1234741K(1906176K), 0.1539362 secs] [Times: user=0.91 sys=0.01, real=0.15 secs] 
3709.655: [GC (Allocation Failure) [PSYoungGen: 417856K->147328K(506368K)] 1551157K->1379449K(1904640K), 0.0518798 secs] [Times: user=0.31 sys=0.00, real=0.05 secs] 
3709.707: [Full GC (Ergonomics) [PSYoungGen: 147328K->0K(506368K)] [ParOldGen: 1232121K->178484K(1398272K)] 1379449K->178484K(1904640K), [Metaspace: 60367K->60367K(1105920K)], 0.4221770 secs] [Times: user=1.95 sys=0.00, real=0.42 secs] 
3711.915: [GC (Allocation Failure) [PSYoungGen: 316416K->107072K(503296K)] 494900K->285556K(1901568K), 0.0919434 secs] [Times: user=0.54 sys=0.00, real=0.09 secs] 
3713.040: [GC (Allocation Failure) [PSYoungGen: 423488K->148128K(504832K)] 601972K->432149K(1903104K), 0.0828226 secs] [Times: user=0.49 sys=0.01, real=0.08 secs] 
3715.662: [GC (Allocation Failure) [PSYoungGen: 464544K->103200K(507392K)] 748565K->526997K(1905664K), 0.1636897 secs] [Times: user=0.97 sys=0.00, real=0.17 secs] 
3716.400: [GC (Allocation Failure) [PSYoungGen: 422176K->153568K(472576K)] 845973K->677439K(1870848K), 0.0513351 secs] [Times: user=0.30 sys=0.00, real=0.05 secs] 
3718.696: [GC (GCLocker Initiated GC) [PSYoungGen: 472544K->104352K(508416K)] 996415K->773367K(1906688K), 0.1458576 secs] [Times: user=0.87 sys=0.00, real=0.14 secs] 
3719.683: [GC (Allocation Failure) [PSYoungGen: 419232K->160544K(475648K)] 1088282K->930055K(1873920K), 0.0517542 secs] [Times: user=0.31 sys=0.00, real=0.06 secs] 
3722.748: [GC (Allocation Failure) [PSYoungGen: 475424K->99200K(503808K)] 1244935K->1012415K(1902080K), 0.1598632 secs] [Times: user=0.95 sys=0.01, real=0.16 secs] 
3724.070: [GC (Allocation Failure) [PSYoungGen: 405888K->147904K(501760K)] 1319103K->1156052K(1900032K), 0.0499069 secs] [Times: user=0.30 sys=0.00, real=0.05 secs] 
3726.672: [GC (Allocation Failure) [PSYoungGen: 454592K->98848K(501248K)] 1462740K->1245972K(1899520K), 0.1699951 secs] [Times: user=1.00 sys=0.01, real=0.17 secs] 
3727.859: [GC (Allocation Failure) [PSYoungGen: 406048K->148064K(501760K)] 1553172K->1390233K(1900032K), 0.0500832 secs] [Times: user=0.30 sys=0.00, real=0.05 secs] 
3727.909: [Full GC (Ergonomics) [PSYoungGen: 148064K->0K(501760K)] [ParOldGen: 1242169K->187687K(1398272K)] 1390233K->187687K(1900032K), [Metaspace: 60368K->60368K(1105920K)], 0.4534901 secs] [Times: user=2.11 sys=0.00, real=0.45 secs] 
3731.523: [GC (Allocation Failure) [PSYoungGen: 307157K->99968K(501248K)] 494845K->287655K(1899520K), 0.0948411 secs] [Times: user=0.56 sys=0.00, real=0.10 secs] 
3732.797: [GC (Allocation Failure) [PSYoungGen: 407680K->144608K(501760K)] 595367K->429368K(1900032K), 0.0525836 secs] [Times: user=0.28 sys=0.00, real=0.05 secs] 
3734.931: [GC (Allocation Failure) [PSYoungGen: 452320K->104256K(499200K)] 737080K->524652K(1897472K), 0.1274916 secs] [Times: user=0.75 sys=0.01, real=0.13 secs] 
3736.107: [GC (Allocation Failure) [PSYoungGen: 414528K->143680K(501760K)] 834924K->665609K(1900032K), 0.0509946 secs] [Times: user=0.30 sys=0.00, real=0.05 secs] 
3737.976: [GC (Allocation Failure) [PSYoungGen: 453952K->107040K(501760K)] 975881K->763497K(1900032K), 0.1652211 secs] [Times: user=0.99 sys=0.00, real=0.16 secs] 
3739.723: [GC (Allocation Failure) [PSYoungGen: 422432K->146400K(504320K)] 1078889K->908122K(1902592K), 0.1150723 secs] [Times: user=0.69 sys=0.00, real=0.12 secs] 
3742.740: [GC (Allocation Failure) [PSYoungGen: 461792K->101696K(507392K)] 1223514K->1001666K(1905664K), 0.1309225 secs] [Times: user=0.78 sys=0.00, real=0.13 secs] 
3743.862: [GC (GCLocker Initiated GC) [PSYoungGen: 421184K->151008K(470528K)] 1321154K->1150599K(1868800K), 0.0954615 secs] [Times: user=0.57 sys=0.00, real=0.10 secs] 
3746.284: [GC (Allocation Failure) [PSYoungGen: 470496K->105824K(509952K)] 1470088K->1247816K(1908224K), 0.1331175 secs] [Times: user=0.79 sys=0.00, real=0.14 secs] 
3747.172: [GC (Allocation Failure) [PSYoungGen: 423776K->153184K(471552K)] 1565768K->1397573K(1869824K), 0.0531566 secs] [Times: user=0.31 sys=0.00, real=0.06 secs] 
3747.225: [Full GC (Ergonomics) [PSYoungGen: 153184K->0K(471552K)] [ParOldGen: 1244389K->194640K(1398272K)] 1397573K->194640K(1869824K), [Metaspace: 60368K->60368K(1105920K)], 0.4629116 secs] [Times: user=2.14 sys=0.00, real=0.46 secs] 
3750.394: [GC (Allocation Failure) [PSYoungGen: 317952K->101760K(507904K)] 512592K->296400K(1906176K), 0.0966972 secs] [Times: user=0.57 sys=0.01, real=0.10 secs] 
3751.616: [GC (Allocation Failure) [PSYoungGen: 416640K->151872K(466944K)] 611280K->443893K(1865216K), 0.0498888 secs] [Times: user=0.29 sys=0.00, real=0.05 secs] 
3753.777: [GC (Allocation Failure) [PSYoungGen: 466752K->102400K(506880K)] 758773K->537533K(1905152K), 0.1575663 secs] [Times: user=0.93 sys=0.00, real=0.16 secs] 
3754.406: [GC (Allocation Failure) [PSYoungGen: 405474K->148288K(504320K)] 840607K->682119K(1902592K), 0.0503722 secs] [Times: user=0.30 sys=0.00, real=0.05 secs] 
3756.595: [GC (Allocation Failure) [PSYoungGen: 460608K->100384K(504832K)] 994439K->774279K(1903104K), 0.1186226 secs] [Times: user=0.71 sys=0.00, real=0.11 secs] 
3757.463: [GC (Allocation Failure) [PSYoungGen: 413216K->150080K(463360K)] 1087111K->921089K(1861632K), 0.0946849 secs] [Times: user=0.56 sys=0.00, real=0.10 secs] 
3760.503: [GC (Allocation Failure) [PSYoungGen: 462912K->100704K(506368K)] 1233921K->1013289K(1904640K), 0.1398998 secs] [Times: user=0.83 sys=0.00, real=0.14 secs] 
3761.557: [GC (Allocation Failure) [PSYoungGen: 410081K->149216K(504320K)] 1322666K->1159122K(1902592K), 0.0715364 secs] [Times: user=0.43 sys=0.00, real=0.07 secs] 
3765.082: [GC (Allocation Failure) [PSYoungGen: 461024K->96064K(504832K)] 1470930K->1247114K(1903104K), 0.1433728 secs] [Times: user=0.85 sys=0.00, real=0.15 secs] 
3765.640: [GC (Allocation Failure) [PSYoungGen: 407360K->152800K(464384K)] 1558410K->1396363K(1862656K), 0.0500677 secs] [Times: user=0.30 sys=0.00, real=0.05 secs] 
3765.690: [Full GC (Ergonomics) [PSYoungGen: 152800K->0K(464384K)] [ParOldGen: 1243563K->195044K(1398272K)] 1396363K->195044K(1862656K), [Metaspace: 60368K->60368K(1105920K)], 0.4731607 secs] [Times: user=2.21 sys=0.00, real=0.47 secs] 
3769.744: [GC (Allocation Failure) [PSYoungGen: 311296K->96576K(503808K)] 506340K->291621K(1902080K), 0.0758120 secs] [Times: user=0.45 sys=0.00, real=0.08 secs] 
3770.729: [GC (Allocation Failure) [PSYoungGen: 403264K->146048K(501760K)] 598309K->434105K(1900032K), 0.0477401 secs] [Times: user=0.28 sys=0.00, real=0.05 secs] 
3773.175: [GC (GCLocker Initiated GC) [PSYoungGen: 452736K->101152K(499712K)] 740794K->526250K(1897984K), 0.1548894 secs] [Times: user=0.92 sys=0.00, real=0.15 secs] 
3773.829: [GC (Allocation Failure) [PSYoungGen: 408864K->150400K(501248K)] 833997K->673202K(1899520K), 0.0506654 secs] [Times: user=0.30 sys=0.00, real=0.05 secs] 
3776.478: [GC (GCLocker Initiated GC) [PSYoungGen: 458112K->97568K(503296K)] 980914K->762514K(1901568K), 0.1667506 secs] [Times: user=0.99 sys=0.00, real=0.17 secs] 
3777.922: [GC (Allocation Failure) [PSYoungGen: 405280K->145504K(502272K)] 1070274K->904667K(1900544K), 0.0499648 secs] [Times: user=0.30 sys=0.00, real=0.05 secs] 
3780.112: [GC (Allocation Failure) [PSYoungGen: 453216K->100000K(500224K)] 1212379K->995891K(1898496K), 0.1690872 secs] [Times: user=1.00 sys=0.01, real=0.17 secs] 
3781.651: [GC (Allocation Failure) [PSYoungGen: 408736K->154432K(463360K)] 1304627K->1147328K(1861632K), 0.0508489 secs] [Times: user=0.30 sys=0.00, real=0.05 secs] 
3782.998: [GC (Allocation Failure) [PSYoungGen: 463168K->104448K(504832K)] 1456064K->1234284K(1903104K), 0.0943486 secs] [Times: user=0.57 sys=0.00, real=0.09 secs] 
3784.051: [GC (Allocation Failure) [PSYoungGen: 411648K->143424K(501248K)] 1541484K->1376269K(1899520K), 0.0634067 secs] [Times: user=0.38 sys=0.00, real=0.07 secs] 
3784.115: [Full GC (Ergonomics) [PSYoungGen: 143424K->0K(501248K)] [ParOldGen: 1232845K->175381K(1398272K)] 1376269K->175381K(1899520K), [Metaspace: 60374K->60374K(1105920K)], 0.4140511 secs] [Times: user=1.90 sys=0.00, real=0.41 secs] 
3786.075: [GC (Allocation Failure) [PSYoungGen: 307200K->104800K(500736K)] 482581K->280181K(1899008K), 0.0548420 secs] [Times: user=0.32 sys=0.00, real=0.05 secs] 
3787.580: [GC (Allocation Failure) [PSYoungGen: 415072K->145824K(501248K)] 590453K->422502K(1899520K), 0.0525108 secs] [Times: user=0.31 sys=0.00, real=0.05 secs] 
3789.181: [GC (Allocation Failure) [PSYoungGen: 456096K->105184K(503296K)] 732774K->518470K(1901568K), 0.0643006 secs] [Times: user=0.38 sys=0.00, real=0.07 secs] 
3789.951: [GC (Allocation Failure) [PSYoungGen: 420576K->148992K(504832K)] 833862K->666033K(1903104K), 0.0713558 secs] [Times: user=0.42 sys=0.00, real=0.07 secs] 
3792.308: [GC (Allocation Failure) [PSYoungGen: 464384K->105184K(506880K)] 981425K->762753K(1905152K), 0.1816788 secs] [Times: user=1.07 sys=0.01, real=0.18 secs] 
3794.174: [GC (Allocation Failure) [PSYoungGen: 422624K->148224K(506880K)] 1080193K->908221K(1905152K), 0.0533328 secs] [Times: user=0.30 sys=0.00, real=0.06 secs] 
3795.716: [GC (Allocation Failure) [PSYoungGen: 465664K->108544K(505344K)] 1225661K->1007549K(1903616K), 0.1136508 secs] [Times: user=0.67 sys=0.00, real=0.11 secs] 
3796.473: [GC (Allocation Failure) [PSYoungGen: 426496K->153984K(506368K)] 1325501K->1157962K(1904640K), 0.0535442 secs] [Times: user=0.32 sys=0.00, real=0.06 secs] 
3799.347: [GC (Allocation Failure) [PSYoungGen: 471936K->103168K(508416K)] 1475914K->1252314K(1906688K), 0.1626085 secs] [Times: user=0.96 sys=0.01, real=0.16 secs] 
3800.027: [GC (Allocation Failure) [PSYoungGen: 410824K->149792K(465920K)] 1559970K->1398591K(1864192K), 0.0511284 secs] [Times: user=0.30 sys=0.00, real=0.05 secs] 
3800.078: [Full GC (Ergonomics) [PSYoungGen: 149792K->0K(465920K)] [ParOldGen: 1248799K->197129K(1398272K)] 1398591K->197129K(1864192K), [Metaspace: 60376K->60376K(1105920K)], 0.4631132 secs] [Times: user=2.14 sys=0.00, real=0.46 secs] 
3803.176: [GC (Allocation Failure) [PSYoungGen: 315904K->99328K(507392K)] 513033K->296457K(1905664K), 0.0849757 secs] [Times: user=0.50 sys=0.01, real=0.08 secs] 
3804.673: [GC (Allocation Failure) [PSYoungGen: 413696K->151712K(466432K)] 610825K->444106K(1864704K), 0.0484652 secs] [Times: user=0.29 sys=0.00, real=0.05 secs] 
3807.482: [GC (Allocation Failure) [PSYoungGen: 466080K->99744K(506368K)] 758474K->535586K(1904640K), 0.1230620 secs] [Times: user=0.73 sys=0.00, real=0.13 secs] 
3808.502: [GC (Allocation Failure) [PSYoungGen: 411552K->149056K(461312K)] 847394K->681543K(1859584K), 0.0734903 secs] [Times: user=0.44 sys=0.00, real=0.08 secs] 
3811.362: [GC (Allocation Failure) [PSYoungGen: 460864K->100672K(506368K)] 993351K->773719K(1904640K), 0.1411745 secs] [Times: user=0.84 sys=0.00, real=0.14 secs] 
3812.172: [GC (Allocation Failure) [PSYoungGen: 411968K->150752K(462336K)] 1085015K->921307K(1860608K), 0.0765871 secs] [Times: user=0.45 sys=0.00, real=0.08 secs] 
3815.810: [GC (Allocation Failure) [PSYoungGen: 462048K->94944K(504832K)] 1232603K->1008099K(1903104K), 0.1599025 secs] [Times: user=0.94 sys=0.01, real=0.16 secs] 
3816.902: [GC (Allocation Failure) [PSYoungGen: 404192K->149600K(459264K)] 1317347K->1153440K(1857536K), 0.0479823 secs] [Times: user=0.28 sys=0.00, real=0.05 secs] 
3818.751: [GC (Allocation Failure) [PSYoungGen: 458848K->100448K(504832K)] 1462688K->1244776K(1903104K), 0.1485707 secs] [Times: user=0.89 sys=0.01, real=0.15 secs] 
3819.438: [GC (Allocation Failure) [PSYoungGen: 408672K->149824K(502272K)] 1553000K->1391469K(1900544K), 0.0540168 secs] [Times: user=0.32 sys=0.00, real=0.05 secs] 
3819.492: [Full GC (Ergonomics) [PSYoungGen: 149824K->0K(502272K)] [ParOldGen: 1241645K->190149K(1398272K)] 1391469K->190149K(1900544K), [Metaspace: 60377K->60377K(1105920K)], 0.4688752 secs] [Times: user=2.19 sys=0.00, real=0.47 secs] 
3822.486: [GC (Allocation Failure) [PSYoungGen: 308224K->99488K(502784K)] 498373K->289637K(1901056K), 0.0915804 secs] [Times: user=0.54 sys=0.00, real=0.09 secs] 
3823.517: [GC (Allocation Failure) [PSYoungGen: 407200K->148416K(502272K)] 597349K->432507K(1900544K), 0.0491419 secs] [Times: user=0.29 sys=0.00, real=0.05 secs] 
3828.454: [GC (Allocation Failure) [PSYoungGen: 456128K->96192K(502272K)] 740219K->520091K(1900544K), 0.1112678 secs] [Times: user=0.66 sys=0.00, real=0.12 secs] 
3830.384: [GC (Allocation Failure) [PSYoungGen: 403904K->144864K(502272K)] 827803K->662328K(1900544K), 0.0491264 secs] [Times: user=0.28 sys=0.00, real=0.05 secs] 
3831.811: [GC (Allocation Failure) [PSYoungGen: 452576K->103616K(498176K)] 970040K->756876K(1896448K), 0.0644323 secs] [Times: user=0.38 sys=0.00, real=0.07 secs] 
3832.872: [GC (Allocation Failure) [PSYoungGen: 412352K->145472K(500736K)] 1065612K->900913K(1899008K), 0.0810049 secs] [Times: user=0.47 sys=0.00, real=0.08 secs] 
3835.571: [GC (Allocation Failure) [PSYoungGen: 454208K->101280K(503296K)] 1209649K->993737K(1901568K), 0.0746286 secs] [Times: user=0.44 sys=0.00, real=0.08 secs] 
3836.759: [GC (Allocation Failure) [PSYoungGen: 414624K->148608K(504320K)] 1307081K->1140475K(1902592K), 0.1221921 secs] [Times: user=0.73 sys=0.01, real=0.12 secs] 
3839.782: [GC (Allocation Failure) [PSYoungGen: 461952K->102080K(505344K)] 1453819K->1234435K(1903616K), 0.0797625 secs] [Times: user=0.48 sys=0.00, real=0.08 secs] 
3840.955: [GC (Allocation Failure) [PSYoungGen: 416448K->149728K(464384K)] 1548803K->1382103K(1862656K), 0.1076887 secs] [Times: user=0.64 sys=0.00, real=0.10 secs] 
3841.063: [Full GC (Ergonomics) [PSYoungGen: 149728K->0K(464384K)] [ParOldGen: 1232375K->180806K(1398272K)] 1382103K->180806K(1862656K), [Metaspace: 60378K->60378K(1105920K)], 0.4705368 secs] [Times: user=2.23 sys=0.01, real=0.47 secs] 
3843.678: [GC (Allocation Failure) [PSYoungGen: 314368K->102464K(507904K)] 495174K->283270K(1906176K), 0.0913535 secs] [Times: user=0.54 sys=0.00, real=0.09 secs] 
3844.864: [GC (Allocation Failure) [PSYoungGen: 416320K->149184K(504832K)] 597126K->430412K(1903104K), 0.0893974 secs] [Times: user=0.53 sys=0.00, real=0.09 secs] 
3847.342: [GC (Allocation Failure) [PSYoungGen: 463040K->101792K(504832K)] 744268K->524060K(1903104K), 0.1648631 secs] [Times: user=0.97 sys=0.00, real=0.17 secs] 
3849.315: [GC (Allocation Failure) [PSYoungGen: 415648K->146528K(504832K)] 837916K->668069K(1903104K), 0.0818295 secs] [Times: user=0.48 sys=0.00, real=0.08 secs] 
3852.926: [GC (Allocation Failure) [PSYoungGen: 460384K->101408K(504832K)] 981925K->761053K(1903104K), 0.1582552 secs] [Times: user=0.95 sys=0.00, real=0.15 secs] 
3854.406: [GC (Allocation Failure) [PSYoungGen: 416288K->149152K(505344K)] 1075933K->907666K(1903616K), 0.0517655 secs] [Times: user=0.30 sys=0.00, real=0.05 secs] 
3856.243: [GC (Allocation Failure) [PSYoungGen: 464032K->105536K(504832K)] 1222546K->1004434K(1903104K), 0.1632854 secs] [Times: user=0.97 sys=0.01, real=0.17 secs] 
3856.955: [GC (Allocation Failure) [PSYoungGen: 420928K->151808K(505344K)] 1319826K->1152762K(1903616K), 0.0530626 secs] [Times: user=0.31 sys=0.00, real=0.05 secs] 
3859.779: [GC (Allocation Failure) [PSYoungGen: 467200K->101728K(506880K)] 1468154K->1245730K(1905152K), 0.1463381 secs] [Times: user=0.87 sys=0.01, real=0.15 secs] 
3860.543: [GC (Allocation Failure) [PSYoungGen: 415584K->149504K(463872K)] 1559586K->1392272K(1862144K), 0.0520919 secs] [Times: user=0.30 sys=0.01, real=0.06 secs] 
3860.595: [Full GC (Ergonomics) [PSYoungGen: 149504K->0K(463872K)] [ParOldGen: 1242768K->189446K(1398272K)] 1392272K->189446K(1862144K), [Metaspace: 60391K->60391K(1105920K)], 0.4584588 secs] [Times: user=2.14 sys=0.00, real=0.45 secs] 
3864.329: [GC (Allocation Failure) [PSYoungGen: 313856K->101664K(507392K)] 503302K->291110K(1905664K), 0.0911770 secs] [Times: user=0.54 sys=0.01, real=0.09 secs] 
3866.012: [GC (Allocation Failure) [PSYoungGen: 415008K->149184K(504832K)] 604454K->436275K(1903104K), 0.0504751 secs] [Times: user=0.30 sys=0.01, real=0.05 secs] 
3869.600: [GC (Allocation Failure) [PSYoungGen: 462528K->102080K(504832K)] 749619K->529623K(1903104K), 0.1521511 secs] [Times: user=0.90 sys=0.00, real=0.15 secs] 
3871.518: [GC (Allocation Failure) [PSYoungGen: 415424K->148096K(504832K)] 842967K->673812K(1903104K), 0.0508162 secs] [Times: user=0.30 sys=0.00, real=0.05 secs] 
3874.038: [GC (Allocation Failure) [PSYoungGen: 461440K->102304K(504320K)] 987156K->767440K(1902592K), 0.0915118 secs] [Times: user=0.54 sys=0.00, real=0.09 secs] 
3875.630: [GC (Allocation Failure) [PSYoungGen: 416160K->148768K(504832K)] 1081296K->913465K(1903104K), 0.1156084 secs] [Times: user=0.68 sys=0.00, real=0.12 secs] 
3878.159: [GC (Allocation Failure) [PSYoungGen: 462624K->102016K(505344K)] 1227321K->1007329K(1903616K), 0.1346380 secs] [Times: user=0.80 sys=0.00, real=0.13 secs] 
3879.163: [GC (Allocation Failure) [PSYoungGen: 416384K->151200K(465920K)] 1321697K->1154430K(1864192K), 0.0513160 secs] [Times: user=0.30 sys=0.00, real=0.05 secs] 
3881.215: [GC (Allocation Failure) [PSYoungGen: 465568K->105440K(507392K)] 1468798K->1250990K(1905664K), 0.1702678 secs] [Times: user=1.02 sys=0.00, real=0.17 secs] 
3882.290: [GC (Allocation Failure) [PSYoungGen: 418272K->150144K(504320K)] 1563822K->1398159K(1902592K), 0.0887568 secs] [Times: user=0.52 sys=0.00, real=0.09 secs] 
3882.379: [Full GC (Ergonomics) [PSYoungGen: 150144K->0K(504320K)] [ParOldGen: 1248015K->196121K(1398272K)] 1398159K->196121K(1902592K), [Metaspace: 60395K->60395K(1105920K)], 0.5000947 secs] [Times: user=2.37 sys=0.00, real=0.50 secs] 
3885.624: [GC (Allocation Failure) [PSYoungGen: 312832K->99296K(505344K)] 508953K->295417K(1903616K), 0.0758649 secs] [Times: user=0.45 sys=0.00, real=0.08 secs] 
3886.434: [GC (Allocation Failure) [PSYoungGen: 412128K->151360K(464384K)] 608249K->444123K(1862656K), 0.0492330 secs] [Times: user=0.29 sys=0.00, real=0.05 secs] 
3889.224: [GC (Allocation Failure) [PSYoungGen: 464192K->100128K(505856K)] 756955K->536091K(1904128K), 0.1639362 secs] [Times: user=0.97 sys=0.00, real=0.16 secs] 
3890.685: [GC (Allocation Failure) [PSYoungGen: 410400K->150816K(461312K)] 846363K->682988K(1859584K), 0.0499085 secs] [Times: user=0.30 sys=0.00, real=0.05 secs] 
3894.111: [GC (Allocation Failure) [PSYoungGen: 461088K->97536K(504832K)] 993260K->772396K(1903104K), 0.1711462 secs] [Times: user=1.01 sys=0.01, real=0.17 secs] 
3894.843: [GC (Allocation Failure) [PSYoungGen: 406272K->150976K(459776K)] 1081132K->920193K(1858048K), 0.0491025 secs] [Times: user=0.30 sys=0.00, real=0.05 secs] 
3897.469: [GC (Allocation Failure) [PSYoungGen: 459712K->95360K(503296K)] 1228929K->1007353K(1901568K), 0.1702520 secs] [Times: user=1.02 sys=0.01, real=0.17 secs] 
3899.197: [GC (Allocation Failure) [PSYoungGen: 401536K->147264K(501760K)] 1313529K->1150903K(1900032K), 0.0483643 secs] [Times: user=0.29 sys=0.00, real=0.05 secs] 
3901.722: [GC (Allocation Failure) [PSYoungGen: 453440K->99520K(499712K)] 1457079K->1241659K(1897984K), 0.1419848 secs] [Times: user=0.84 sys=0.00, real=0.15 secs] 
3902.577: [GC (Allocation Failure) [PSYoungGen: 405696K->155392K(461824K)] 1547835K->1394790K(1860096K), 0.0513107 secs] [Times: user=0.30 sys=0.00, real=0.05 secs] 
3902.628: [Full GC (Ergonomics) [PSYoungGen: 155392K->0K(461824K)] [ParOldGen: 1239398K->184611K(1398272K)] 1394790K->184611K(1860096K), [Metaspace: 60401K->60401K(1105920K)], 0.4403117 secs] [Times: user=2.05 sys=0.00, real=0.44 secs] 
3907.188: [GC (Allocation Failure) [PSYoungGen: 306176K->95072K(501248K)] 490787K->279683K(1899520K), 0.0385855 secs] [Times: user=0.23 sys=0.00, real=0.04 secs] 
3907.810: [GC (Allocation Failure) [PSYoungGen: 397152K->143840K(499712K)] 581763K->421741K(1897984K), 0.0501511 secs] [Times: user=0.29 sys=0.00, real=0.05 secs] 
3911.141: [GC (GCLocker Initiated GC) [PSYoungGen: 445920K->98976K(497664K)] 723821K->512669K(1895936K), 0.0869424 secs] [Times: user=0.52 sys=0.00, real=0.09 secs] 
3912.637: [GC (Allocation Failure) [PSYoungGen: 402592K->140352K(498688K)] 816333K->651290K(1896960K), 0.0506922 secs] [Times: user=0.29 sys=0.00, real=0.05 secs] 
3914.222: [GC (Allocation Failure) [PSYoungGen: 443968K->103648K(497664K)] 954906K->746226K(1895936K), 0.1081127 secs] [Times: user=0.64 sys=0.00, real=0.11 secs] 
3915.977: [GC (Allocation Failure) [PSYoungGen: 413408K->143200K(500736K)] 1055986K->888075K(1899008K), 0.0532522 secs] [Times: user=0.32 sys=0.00, real=0.05 secs] 
3919.155: [GC (Allocation Failure) [PSYoungGen: 452960K->103904K(502272K)] 1197835K->983463K(1900544K), 0.1545174 secs] [Times: user=0.92 sys=0.01, real=0.15 secs] 
3921.093: [GC (Allocation Failure) [PSYoungGen: 420320K->141600K(504832K)] 1299879K->1123692K(1903104K), 0.0532314 secs] [Times: user=0.31 sys=0.01, real=0.06 secs] 
3922.561: [GC (Allocation Failure) [PSYoungGen: 458016K->111008K(502784K)] 1440108K->1225612K(1901056K), 0.0743920 secs] [Times: user=0.45 sys=0.00, real=0.08 secs] 
3924.220: [GC (Allocation Failure) [PSYoungGen: 432544K->148480K(506368K)] 1547148K->1372542K(1904640K), 0.0550111 secs] [Times: user=0.32 sys=0.00, real=0.06 secs] 
3926.342: [GC (Allocation Failure) [PSYoungGen: 470016K->112416K(509952K)] 1694078K->1476206K(1908224K), 0.1044191 secs] [Times: user=0.61 sys=0.01, real=0.11 secs] 
3926.447: [Full GC (Ergonomics) [PSYoungGen: 112416K->0K(509952K)] [ParOldGen: 1363790K->35767K(1398272K)] 1476206K->35767K(1908224K), [Metaspace: 60416K->60416K(1105920K)], 0.0758449 secs] [Times: user=0.30 sys=0.01, real=0.07 secs] 
3928.404: [GC (Allocation Failure) [PSYoungGen: 326144K->152608K(510464K)] 361911K->188375K(1908736K), 0.0299609 secs] [Times: user=0.18 sys=0.00, real=0.03 secs] 
3930.085: [GC (Allocation Failure) [PSYoungGen: 478752K->110592K(511488K)] 514519K->289967K(1909760K), 0.1018849 secs] [Times: user=0.60 sys=0.00, real=0.10 secs] 
3931.374: [GC (Allocation Failure) [PSYoungGen: 422421K->151904K(477184K)] 601797K->438520K(1875456K), 0.0785501 secs] [Times: user=0.47 sys=0.00, real=0.08 secs] 
3934.797: [GC (Allocation Failure) [PSYoungGen: 477024K->102208K(511488K)] 763640K->532584K(1909760K), 0.1650638 secs] [Times: user=0.98 sys=0.01, real=0.16 secs] 
3936.895: [GC (Allocation Failure) [PSYoungGen: 418395K->148288K(471040K)] 848771K->677346K(1869312K), 0.1491323 secs] [Times: user=0.88 sys=0.00, real=0.14 secs] 
3940.738: [GC (Allocation Failure) [PSYoungGen: 470848K->100576K(510464K)] 999906K->769442K(1908736K), 0.1538492 secs] [Times: user=0.91 sys=0.00, real=0.15 secs] 
3941.519: [GC (Allocation Failure) [PSYoungGen: 412732K->149760K(470528K)] 1081598K->915995K(1868800K), 0.0498668 secs] [Times: user=0.29 sys=0.00, real=0.05 secs] 
3944.330: [GC (Allocation Failure) [PSYoungGen: 470272K->102304K(509952K)] 1236507K->1009895K(1908224K), 0.1292855 secs] [Times: user=0.77 sys=0.00, real=0.13 secs] 
3945.057: [GC (Allocation Failure) [PSYoungGen: 406742K->148320K(467456K)] 1314333K->1155008K(1865728K), 0.0508253 secs] [Times: user=0.31 sys=0.00, real=0.05 secs] 
3947.381: [GC (Allocation Failure) [PSYoungGen: 467296K->102592K(509952K)] 1473984K->1249552K(1908224K), 0.1408026 secs] [Times: user=0.84 sys=0.00, real=0.14 secs] 
3949.219: [GC (Allocation Failure) [PSYoungGen: 407278K->147616K(507392K)] 1554238K->1393833K(1905664K), 0.0958910 secs] [Times: user=0.57 sys=0.00, real=0.10 secs] 
3949.315: [Full GC (Ergonomics) [PSYoungGen: 147616K->0K(507392K)] [ParOldGen: 1246217K->196617K(1398272K)] 1393833K->196617K(1905664K), [Metaspace: 60420K->60420K(1105920K)], 0.5019986 secs] [Times: user=2.38 sys=0.00, real=0.50 secs] 
3953.142: [GC (Allocation Failure) [PSYoungGen: 318464K->98944K(508416K)] 515081K->295562K(1906688K), 0.0850438 secs] [Times: user=0.49 sys=0.00, real=0.09 secs] 
3954.830: [GC (Allocation Failure) [PSYoungGen: 417408K->152544K(471040K)] 614026K->443998K(1869312K), 0.0487453 secs] [Times: user=0.29 sys=0.00, real=0.05 secs] 
3956.557: [GC (Allocation Failure) [PSYoungGen: 471008K->106944K(508416K)] 762462K->541962K(1906688K), 0.1205106 secs] [Times: user=0.72 sys=0.00, real=0.12 secs] 
3957.609: [GC (Allocation Failure) [PSYoungGen: 421824K->185440K(500736K)] 856842K->723827K(1899008K), 0.0539918 secs] [Times: user=0.32 sys=0.00, real=0.05 secs] 
3960.319: [GC (Allocation Failure) [PSYoungGen: 500320K->93728K(487424K)] 1038707K->784667K(1885696K), 0.1666955 secs] [Times: user=0.99 sys=0.01, real=0.17 secs] 
3961.543: [GC (Allocation Failure) [PSYoungGen: 383008K->139584K(494080K)] 1073947K->920456K(1892352K), 0.0489081 secs] [Times: user=0.30 sys=0.00, real=0.05 secs] 
3963.679: [GC (Allocation Failure) [PSYoungGen: 428864K->91040K(488960K)] 1209736K->1003136K(1887232K), 0.1367270 secs] [Times: user=0.82 sys=0.01, real=0.14 secs] 
3964.595: [GC (Allocation Failure) [PSYoungGen: 383392K->140000K(493056K)] 1295488K->1139505K(1891328K), 0.0468565 secs] [Times: user=0.27 sys=0.01, real=0.04 secs] 
3967.066: [GC (Allocation Failure) [PSYoungGen: 432352K->95040K(493056K)] 1431857K->1225869K(1891328K), 0.0762600 secs] [Times: user=0.45 sys=0.00, real=0.07 secs] 
3968.053: [GC (Allocation Failure) [PSYoungGen: 394560K->138848K(496640K)] 1525389K->1363479K(1894912K), 0.0537438 secs] [Times: user=0.32 sys=0.00, real=0.06 secs] 
3968.107: [Full GC (Ergonomics) [PSYoungGen: 138848K->0K(496640K)] [ParOldGen: 1224631K->163264K(1398272K)] 1363479K->163264K(1894912K), [Metaspace: 60422K->60422K(1105920K)], 0.3906018 secs] [Times: user=1.81 sys=0.00, real=0.39 secs] 
3971.486: [GC (Allocation Failure) [PSYoungGen: 299520K->101664K(494080K)] 462784K->264928K(1892352K), 0.0374209 secs] [Times: user=0.22 sys=0.01, real=0.03 secs] 
3972.117: [GC (Allocation Failure) [PSYoungGen: 407840K->138368K(498688K)] 571104K->402244K(1896960K), 0.0528674 secs] [Times: user=0.31 sys=0.00, real=0.05 secs] 
3976.427: [GC (Allocation Failure) [PSYoungGen: 444544K->109184K(496128K)] 708420K->502981K(1894400K), 0.0646607 secs] [Times: user=0.39 sys=0.00, real=0.06 secs] 
3977.160: [GC (Allocation Failure) [PSYoungGen: 424064K->138208K(501760K)] 817861K->640821K(1900032K), 0.0533723 secs] [Times: user=0.31 sys=0.00, real=0.05 secs] 
3979.806: [GC (Allocation Failure) [PSYoungGen: 453088K->110560K(504320K)] 955701K->742901K(1902592K), 0.0647063 secs] [Times: user=0.38 sys=0.00, real=0.06 secs] 
3981.532: [GC (Allocation Failure) [PSYoungGen: 436192K->146624K(508416K)] 1068533K->888422K(1906688K), 0.0545105 secs] [Times: user=0.32 sys=0.00, real=0.06 secs] 
3983.357: [GC (Allocation Failure) [PSYoungGen: 472256K->110656K(511488K)] 1214054K->990398K(1909760K), 0.1660903 secs] [Times: user=0.98 sys=0.01, real=0.16 secs] 
3986.080: [GC (Allocation Failure) [PSYoungGen: 441408K->153376K(484352K)] 1321150K->1141571K(1882624K), 0.0549300 secs] [Times: user=0.33 sys=0.00, real=0.06 secs] 
3989.186: [GC (Allocation Failure) [PSYoungGen: 484128K->111072K(515072K)] 1472323K->1244055K(1913344K), 0.1744599 secs] [Times: user=1.04 sys=0.00, real=0.17 secs] 
3991.802: [GC (Allocation Failure) [PSYoungGen: 439264K->154016K(482304K)] 1572247K->1394004K(1880576K), 0.0548659 secs] [Times: user=0.33 sys=0.00, real=0.06 secs] 
3991.856: [Full GC (Ergonomics) [PSYoungGen: 154016K->0K(482304K)] [ParOldGen: 1239988K->190806K(1398272K)] 1394004K->190806K(1880576K), [Metaspace: 60424K->60424K(1105920K)], 0.4658025 secs] [Times: user=2.19 sys=0.00, real=0.46 secs] 
3994.984: [GC (Allocation Failure) [PSYoungGen: 328192K->108448K(513024K)] 518998K->299254K(1911296K), 0.0874650 secs] [Times: user=0.52 sys=0.00, real=0.09 secs] 
3996.317: [GC (Allocation Failure) [PSYoungGen: 419225K->149152K(510464K)] 610032K->444359K(1908736K), 0.0514838 secs] [Times: user=0.30 sys=0.01, real=0.05 secs] 
3998.166: [GC (Allocation Failure) [PSYoungGen: 473760K->108224K(510464K)] 768967K->544311K(1908736K), 0.1232329 secs] [Times: user=0.72 sys=0.00, real=0.12 secs] 
3998.832: [GC (Allocation Failure) [PSYoungGen: 432832K->156800K(481792K)] 868919K->696888K(1880064K), 0.0520924 secs] [Times: user=0.31 sys=0.00, real=0.06 secs] 
4002.467: [GC (Allocation Failure) [PSYoungGen: 481408K->96384K(508416K)] 1021496K->793164K(1906688K), 0.1525414 secs] [Times: user=0.91 sys=0.00, real=0.15 secs] 
4003.319: [GC (Allocation Failure) [PSYoungGen: 413824K->174240K(492032K)] 1110604K->961626K(1890304K), 0.0560468 secs] [Times: user=0.34 sys=0.00, real=0.06 secs] 
4007.487: [GC (Allocation Failure) [PSYoungGen: 491680K->89408K(496640K)] 1279066K->1034762K(1894912K), 0.1487082 secs] [Times: user=0.89 sys=0.01, real=0.15 secs] 
4010.419: [GC (Allocation Failure) [PSYoungGen: 383808K->161888K(456704K)] 1329162K->1190283K(1854976K), 0.1300730 secs] [Times: user=0.78 sys=0.00, real=0.13 secs] 
4013.482: [GC (Allocation Failure) [PSYoungGen: 456288K->82976K(490496K)] 1484683K->1256943K(1888768K), 0.1272299 secs] [Times: user=0.76 sys=0.00, real=0.13 secs] 
4014.611: [GC (Allocation Failure) [PSYoungGen: 366112K->136448K(419840K)] 1540079K->1390236K(1818112K), 0.1172549 secs] [Times: user=0.69 sys=0.00, real=0.12 secs] 
4014.728: [Full GC (Ergonomics) [PSYoungGen: 136448K->0K(419840K)] [ParOldGen: 1253788K->187861K(1398272K)] 1390236K->187861K(1818112K), [Metaspace: 60431K->60431K(1105920K)], 0.4984485 secs] [Times: user=2.40 sys=0.00, real=0.50 secs] 
4018.045: [GC (Allocation Failure) [PSYoungGen: 283136K->89056K(488960K)] 470997K->276917K(1887232K), 0.0452804 secs] [Times: user=0.27 sys=0.00, real=0.04 secs] 
4019.568: [GC (Allocation Failure) [PSYoungGen: 374240K->131360K(487424K)] 562101K->405383K(1885696K), 0.0477114 secs] [Times: user=0.28 sys=0.00, real=0.05 secs] 
4021.605: [GC (Allocation Failure) [PSYoungGen: 416544K->105920K(492032K)] 690567K->502415K(1890304K), 0.0614060 secs] [Times: user=0.37 sys=0.00, real=0.06 secs] 
4024.859: [GC (Allocation Failure) [PSYoungGen: 403392K->122176K(490496K)] 799887K->623372K(1888768K), 0.0674661 secs] [Times: user=0.40 sys=0.00, real=0.07 secs] 
4026.025: [GC (Allocation Failure) [PSYoungGen: 419648K->125376K(500736K)] 920844K->739228K(1899008K), 0.0628273 secs] [Times: user=0.37 sys=0.00, real=0.06 secs] 
4028.389: [GC (Allocation Failure) [PSYoungGen: 441792K->118912K(497664K)] 1055644K->857916K(1895936K), 0.0760494 secs] [Times: user=0.45 sys=0.00, real=0.08 secs] 
4030.191: [GC (Allocation Failure) [PSYoungGen: 435328K->128544K(511488K)] 1174332K->976193K(1909760K), 0.0623922 secs] [Times: user=0.37 sys=0.00, real=0.06 secs] 
4032.863: [GC (Allocation Failure) [PSYoungGen: 464416K->134496K(508928K)] 1312065K->1110609K(1907200K), 0.0664436 secs] [Times: user=0.40 sys=0.00, real=0.07 secs] 
4034.754: [GC (Allocation Failure) [PSYoungGen: 470368K->7264K(496640K)] 1446481K->983409K(1894912K), 0.0036401 secs] [Times: user=0.01 sys=0.00, real=0.00 secs] 
4036.538: [GC (Allocation Failure) [PSYoungGen: 331360K->148480K(473088K)] 1307505K->1130421K(1871360K), 0.0309774 secs] [Times: user=0.18 sys=0.00, real=0.03 secs] 
4038.100: [GC (Allocation Failure) [PSYoungGen: 472576K->111648K(512512K)] 1454517K->1233306K(1910784K), 0.0748636 secs] [Times: user=0.44 sys=0.01, real=0.08 secs] 
4038.792: [GC (Allocation Failure) [PSYoungGen: 431136K->167936K(487936K)] 1552794K->1399275K(1886208K), 0.0564595 secs] [Times: user=0.33 sys=0.00, real=0.06 secs] 
4038.848: [Full GC (Ergonomics) [PSYoungGen: 167936K->0K(487936K)] [ParOldGen: 1231339K->182130K(1398272K)] 1399275K->182130K(1886208K), [Metaspace: 60434K->60434K(1105920K)], 0.4421047 secs] [Times: user=2.05 sys=0.00, real=0.44 secs] 
4042.450: [GC (Allocation Failure) [PSYoungGen: 318566K->104992K(505344K)] 500696K->287122K(1903616K), 0.0539974 secs] [Times: user=0.32 sys=0.00, real=0.05 secs] 
4043.284: [GC (Allocation Failure) [PSYoungGen: 411680K->145504K(500224K)] 593810K->430587K(1898496K), 0.0521384 secs] [Times: user=0.31 sys=0.00, real=0.06 secs] 
4048.251: [GC (Allocation Failure) [PSYoungGen: 452192K->93952K(501760K)] 737275K->516027K(1900032K), 0.1457760 secs] [Times: user=0.86 sys=0.01, real=0.15 secs] 
4050.134: [GC (Allocation Failure) [PSYoungGen: 403200K->145024K(502272K)] 825275K->658760K(1900544K), 0.0486354 secs] [Times: user=0.28 sys=0.00, real=0.05 secs] 
4053.427: [GC (Allocation Failure) [PSYoungGen: 454272K->101952K(500224K)] 968008K->751904K(1898496K), 0.1556168 secs] [Times: user=0.92 sys=0.00, real=0.15 secs] 
4055.118: [GC (Allocation Failure) [PSYoungGen: 412224K->144896K(501760K)] 1062176K->894633K(1900032K), 0.0516123 secs] [Times: user=0.30 sys=0.00, real=0.05 secs] 
4056.787: [GC (Allocation Failure) [PSYoungGen: 455168K->105472K(501248K)] 1204905K->991193K(1899520K), 0.0896272 secs] [Times: user=0.54 sys=0.00, real=0.09 secs] 
4058.928: [GC (Allocation Failure) [PSYoungGen: 419328K->153152K(503296K)] 1305049K->1142488K(1901568K), 0.0527509 secs] [Times: user=0.31 sys=0.00, real=0.05 secs] 
4061.893: [GC (Allocation Failure) [PSYoungGen: 467008K->105536K(505344K)] 1456344K->1231104K(1903616K), 0.1350549 secs] [Times: user=0.79 sys=0.00, real=0.14 secs] 
4062.958: [GC (Allocation Failure) [PSYoungGen: 419392K->147168K(504320K)] 1544960K->1376350K(1902592K), 0.0540682 secs] [Times: user=0.32 sys=0.00, real=0.05 secs] 
4063.012: [Full GC (Ergonomics) [PSYoungGen: 147168K->0K(504320K)] [ParOldGen: 1229182K->173986K(1398272K)] 1376350K->173986K(1902592K), [Metaspace: 60434K->60434K(1105920K)], 0.4196981 secs] [Times: user=1.94 sys=0.00, real=0.42 secs] 
4066.101: [GC (Allocation Failure) [PSYoungGen: 313856K->104096K(504832K)] 487842K->278083K(1903104K), 0.0869521 secs] [Times: user=0.51 sys=0.00, real=0.09 secs] 
4067.313: [GC (Allocation Failure) [PSYoungGen: 419488K->148576K(505344K)] 593475K->424864K(1903616K), 0.1435396 secs] [Times: user=0.85 sys=0.00, real=0.15 secs] 
4070.195: [GC (Allocation Failure) [PSYoungGen: 463968K->103104K(505344K)] 740256K->519544K(1903616K), 0.1028345 secs] [Times: user=0.61 sys=0.00, real=0.10 secs] 
4070.902: [GC (Allocation Failure) [PSYoungGen: 419520K->151264K(467968K)] 835960K->669373K(1866240K), 0.0523529 secs] [Times: user=0.31 sys=0.00, real=0.05 secs] 
4073.242: [GC (Allocation Failure) [PSYoungGen: 466187K->103968K(508416K)] 984296K->765149K(1906688K), 0.1361719 secs] [Times: user=0.81 sys=0.00, real=0.14 secs] 
4074.645: [GC (Allocation Failure) [PSYoungGen: 418848K->146784K(505344K)] 1080029K->909410K(1903616K), 0.0521081 secs] [Times: user=0.31 sys=0.00, real=0.05 secs] 
4076.839: [GC (Allocation Failure) [PSYoungGen: 461664K->104992K(504320K)] 1224290K->1005134K(1902592K), 0.1333281 secs] [Times: user=0.79 sys=0.00, real=0.13 secs] 
4078.495: [GC (Allocation Failure) [PSYoungGen: 420896K->149216K(505344K)] 1321038K->1150839K(1903616K), 0.0521558 secs] [Times: user=0.31 sys=0.00, real=0.05 secs] 
4080.239: [GC (Allocation Failure) [PSYoungGen: 465120K->106016K(505856K)] 1466743K->1247919K(1904128K), 0.1169908 secs] [Times: user=0.69 sys=0.00, real=0.12 secs] 
4083.521: [GC (GCLocker Initiated GC) [PSYoungGen: 423456K->147872K(506368K)] 1565359K->1392560K(1904640K), 0.1417400 secs] [Times: user=0.85 sys=0.00, real=0.14 secs] 
4083.663: [Full GC (Ergonomics) [PSYoungGen: 147872K->0K(506368K)] [ParOldGen: 1244688K->190223K(1398272K)] 1392560K->190223K(1904640K), [Metaspace: 60434K->60434K(1105920K)], 0.5110153 secs] [Times: user=2.44 sys=0.00, real=0.51 secs] 
4087.146: [GC (Allocation Failure) [PSYoungGen: 317440K->102752K(507392K)] 507666K->292978K(1905664K), 0.0932518 secs] [Times: user=0.54 sys=0.00, real=0.09 secs] 
4088.789: [GC (Allocation Failure) [PSYoungGen: 421216K->152992K(471552K)] 611442K->442201K(1869824K), 0.0504429 secs] [Times: user=0.30 sys=0.00, real=0.05 secs] 
4090.698: [GC (Allocation Failure) [PSYoungGen: 471456K->107744K(508928K)] 760665K->541113K(1907200K), 0.1666671 secs] [Times: user=0.99 sys=0.00, real=0.16 secs] 
4091.393: [GC (Allocation Failure) [PSYoungGen: 409930K->144288K(505856K)] 843299K->682134K(1904128K), 0.0512364 secs] [Times: user=0.30 sys=0.00, real=0.05 secs] 
4094.388: [GC (Allocation Failure) [PSYoungGen: 460192K->102784K(506880K)] 998038K->776438K(1905152K), 0.1695792 secs] [Times: user=1.02 sys=0.00, real=0.17 secs] 
4095.117: [GC (Allocation Failure) [PSYoungGen: 413560K->147584K(506368K)] 1087214K->920715K(1904640K), 0.0508575 secs] [Times: user=0.30 sys=0.00, real=0.05 secs] 
4097.940: [GC (Allocation Failure) [PSYoungGen: 465536K->103520K(507392K)] 1238667K->1015547K(1905664K), 0.1437989 secs] [Times: user=0.86 sys=0.00, real=0.14 secs] 
4098.728: [GC (Allocation Failure) [PSYoungGen: 407453K->146496K(507904K)] 1319480K->1158771K(1906176K), 0.0826911 secs] [Times: user=0.49 sys=0.00, real=0.08 secs] 
4102.080: [GC (Allocation Failure) [PSYoungGen: 466496K->102560K(508928K)] 1478771K->1253235K(1907200K), 0.1411568 secs] [Times: user=0.82 sys=0.00, real=0.14 secs] 
4103.542: [GC (Allocation Failure) [PSYoungGen: 415244K->147328K(508928K)] 1565920K->1397344K(1907200K), 0.1474701 secs] [Times: user=0.88 sys=0.00, real=0.15 secs] 
4103.690: [Full GC (Ergonomics) [PSYoungGen: 147328K->0K(508928K)] [ParOldGen: 1250016K->196866K(1398272K)] 1397344K->196866K(1907200K), [Metaspace: 60434K->60434K(1105920K)], 0.5331490 secs] [Times: user=2.56 sys=0.00, real=0.53 secs] 
4106.911: [GC (GCLocker Initiated GC) [PSYoungGen: 321024K->103232K(507904K)] 517890K->300098K(1906176K), 0.0921592 secs] [Times: user=0.54 sys=0.01, real=0.09 secs] 
4108.294: [GC (Allocation Failure) [PSYoungGen: 424256K->144640K(508416K)] 637508K->457845K(1906688K), 0.3939865 secs] [Times: user=2.35 sys=0.01, real=0.40 secs] 
4111.672: [GC (Allocation Failure) [PSYoungGen: 465664K->96256K(510464K)] 778869K->554537K(1908736K), 0.4286628 secs] [Times: user=2.54 sys=0.02, real=0.43 secs] 
4112.459: [GC (Allocation Failure) [PSYoungGen: 418304K->176512K(498688K)] 876585K->725714K(1896960K), 0.0566739 secs] [Times: user=0.32 sys=0.00, real=0.06 secs] 
4116.613: [GC (Allocation Failure) [PSYoungGen: 498560K->93888K(499200K)] 1047762K->803402K(1897472K), 0.1310746 secs] [Times: user=0.78 sys=0.00, real=0.13 secs] 
4117.005: [GC (Allocation Failure) [PSYoungGen: 392896K->147616K(446976K)] 1102410K->945146K(1845248K), 0.0557775 secs] [Times: user=0.33 sys=0.00, real=0.05 secs] 
4120.740: [GC (Allocation Failure) [PSYoungGen: 446624K->84992K(498176K)] 1244154K->1029826K(1896448K), 0.1502486 secs] [Times: user=0.90 sys=0.00, real=0.15 secs] 
4121.368: [GC (Allocation Failure) [PSYoungGen: 382464K->146592K(444416K)] 1327298K->1170815K(1842688K), 0.0517632 secs] [Times: user=0.30 sys=0.00, real=0.05 secs] 
4125.009: [GC (GCLocker Initiated GC) [PSYoungGen: 444064K->84736K(498176K)] 1468288K->1255400K(1896448K), 0.1680342 secs] [Times: user=0.99 sys=0.00, real=0.17 secs] 
4125.820: [GC (Allocation Failure) [PSYoungGen: 381696K->145440K(442880K)] 1552363K->1397636K(1841152K), 0.0699408 secs] [Times: user=0.42 sys=0.00, real=0.07 secs] 
4125.890: [Full GC (Ergonomics) [PSYoungGen: 145440K->0K(442880K)] [ParOldGen: 1252196K->196183K(1398272K)] 1397636K->196183K(1841152K), [Metaspace: 60434K->60434K(1105920K)], 0.4758141 secs] [Times: user=2.21 sys=0.00, real=0.48 secs] 
4129.302: [GC (Allocation Failure) [PSYoungGen: 296960K->91584K(499200K)] 493143K->287767K(1897472K), 0.0913544 secs] [Times: user=0.54 sys=0.00, real=0.09 secs] 
4130.057: [GC (Allocation Failure) [PSYoungGen: 389056K->145120K(497152K)] 585239K->429256K(1895424K), 0.0461729 secs] [Times: user=0.28 sys=0.00, real=0.04 secs] 
4132.707: [GC (Allocation Failure) [PSYoungGen: 442592K->94560K(494080K)] 726728K->515388K(1892352K), 0.1397667 secs] [Times: user=0.84 sys=0.00, real=0.14 secs] 
4134.601: [GC (Allocation Failure) [PSYoungGen: 393056K->142176K(496128K)] 813884K->654593K(1894400K), 0.0486653 secs] [Times: user=0.29 sys=0.00, real=0.05 secs] 
4135.821: [GC (Allocation Failure) [PSYoungGen: 440672K->102112K(493568K)] 953089K->747857K(1891840K), 0.0707101 secs] [Times: user=0.42 sys=0.00, real=0.07 secs] 
4137.488: [GC (Allocation Failure) [PSYoungGen: 405216K->148544K(497152K)] 1050961K->894746K(1895424K), 0.0530578 secs] [Times: user=0.31 sys=0.00, real=0.05 secs] 
4139.594: [GC (Allocation Failure) [PSYoungGen: 451648K->103936K(499712K)] 1197850K->981322K(1897984K), 0.0752670 secs] [Times: user=0.45 sys=0.01, real=0.08 secs] 
4140.763: [GC (Allocation Failure) [PSYoungGen: 411648K->139776K(500736K)] 1289034K->1120256K(1899008K), 0.0518077 secs] [Times: user=0.30 sys=0.00, real=0.06 secs] 
4142.807: [GC (Allocation Failure) [PSYoungGen: 447488K->108128K(497152K)] 1427968K->1219608K(1895424K), 0.0677667 secs] [Times: user=0.40 sys=0.00, real=0.07 secs] 
4144.305: [GC (GCLocker Initiated GC) [PSYoungGen: 421472K->138944K(501760K)] 1532952K->1358082K(1900032K), 0.1144545 secs] [Times: user=0.68 sys=0.00, real=0.11 secs] 
4146.615: [GC (Allocation Failure) [PSYoungGen: 452288K->109440K(501760K)] 1671429K->1459229K(1900032K), 0.0653736 secs] [Times: user=0.39 sys=0.00, real=0.06 secs] 
4146.681: [Full GC (Ergonomics) [PSYoungGen: 109440K->0K(501760K)] [ParOldGen: 1349789K->19762K(1398272K)] 1459229K->19762K(1900032K), [Metaspace: 60434K->60434K(1105920K)], 0.0290353 secs] [Times: user=0.07 sys=0.00, real=0.03 secs] 
4148.936: [GC (Allocation Failure) [PSYoungGen: 322560K->143616K(506368K)] 342322K->163378K(1904640K), 0.0284388 secs] [Times: user=0.16 sys=0.01, real=0.02 secs] 
4152.463: [GC (Allocation Failure) [PSYoungGen: 466176K->108608K(509952K)] 485938K->263230K(1908224K), 0.0704541 secs] [Times: user=0.42 sys=0.00, real=0.07 secs] 
4154.662: [GC (Allocation Failure) [PSYoungGen: 437824K->154080K(483328K)] 592446K->416227K(1881600K), 0.1442361 secs] [Times: user=0.86 sys=0.00, real=0.15 secs] 
4157.153: [GC (Allocation Failure) [PSYoungGen: 483296K->109856K(514560K)] 745443K->517867K(1912832K), 0.1591476 secs] [Times: user=0.96 sys=0.00, real=0.16 secs] 
4158.757: [GC (Allocation Failure) [PSYoungGen: 436512K->156000K(482816K)] 844523K->671100K(1881088K), 0.0537807 secs] [Times: user=0.32 sys=0.01, real=0.05 secs] 
4161.709: [GC (Allocation Failure) [PSYoungGen: 482656K->104992K(510976K)] 997756K->767572K(1909248K), 0.1638924 secs] [Times: user=0.97 sys=0.01, real=0.16 secs] 
4163.503: [GC (Allocation Failure) [PSYoungGen: 423061K->151488K(472064K)] 1085642K->915073K(1870336K), 0.0508182 secs] [Times: user=0.30 sys=0.00, real=0.05 secs] 
4165.340: [GC (Allocation Failure) [PSYoungGen: 472000K->105504K(509952K)] 1235585K->1012065K(1908224K), 0.1676460 secs] [Times: user=1.00 sys=0.00, real=0.17 secs] 
4166.364: [GC (Allocation Failure) [PSYoungGen: 411206K->145728K(507392K)] 1317768K->1153910K(1905664K), 0.0504932 secs] [Times: user=0.30 sys=0.00, real=0.06 secs] 
4168.901: [GC (Allocation Failure) [PSYoungGen: 464192K->105952K(506368K)] 1472374K->1251182K(1904640K), 0.1533027 secs] [Times: user=0.92 sys=0.00, real=0.15 secs] 
4169.783: [GC (Allocation Failure) [PSYoungGen: 425952K->153952K(474112K)] 1571182K->1401703K(1872384K), 0.0771166 secs] [Times: user=0.46 sys=0.00, real=0.08 secs] 
4169.860: [Full GC (Ergonomics) [PSYoungGen: 153952K->0K(474112K)] [ParOldGen: 1247751K->206196K(1398272K)] 1401703K->206196K(1872384K), [Metaspace: 60434K->60434K(1105920K)], 0.4900532 secs] [Times: user=2.29 sys=0.00, real=0.49 secs] 
4173.665: [GC (Allocation Failure) [PSYoungGen: 319153K->94752K(507904K)] 525350K->300948K(1906176K), 0.1394457 secs] [Times: user=0.83 sys=0.00, real=0.13 secs] 
4174.632: [GC (Allocation Failure) [PSYoungGen: 410656K->153056K(468992K)] 616852K->450726K(1867264K), 0.1318299 secs] [Times: user=0.78 sys=0.00, real=0.13 secs] 
4178.533: [GC (Allocation Failure) [PSYoungGen: 468960K->96064K(505344K)] 766630K->546870K(1903616K), 0.1459626 secs] [Times: user=0.87 sys=0.00, real=0.15 secs] 
4179.096: [GC (Allocation Failure) [PSYoungGen: 406336K->153920K(464384K)] 857142K->690683K(1862656K), 0.0532803 secs] [Times: user=0.32 sys=0.00, real=0.05 secs] 
4181.620: [GC (Allocation Failure) [PSYoungGen: 464192K->91040K(502272K)] 1000955K->781715K(1900544K), 0.0946209 secs] [Times: user=0.56 sys=0.01, real=0.10 secs] 
4182.827: [GC (Allocation Failure) [PSYoungGen: 395680K->147904K(452608K)] 1086355K->924420K(1850880K), 0.1394337 secs] [Times: user=0.82 sys=0.00, real=0.14 secs] 
4186.954: [GC (Allocation Failure) [PSYoungGen: 452544K->87200K(500736K)] 1229060K->1011356K(1899008K), 0.1343455 secs] [Times: user=0.80 sys=0.00, real=0.14 secs] 
4187.780: [GC (Allocation Failure) [PSYoungGen: 389280K->144512K(500224K)] 1313436K->1152089K(1898496K), 0.0482126 secs] [Times: user=0.29 sys=0.00, real=0.05 secs] 
4192.723: [GC (Allocation Failure) [PSYoungGen: 446592K->92544K(497152K)] 1454169K->1235937K(1895424K), 0.1362808 secs] [Times: user=0.81 sys=0.01, real=0.14 secs] 
4194.819: [GC (Allocation Failure) [PSYoungGen: 394624K->144096K(498688K)] 1538017K->1376322K(1896960K), 0.0470939 secs] [Times: user=0.28 sys=0.00, real=0.05 secs] 
4194.866: [Full GC (Ergonomics) [PSYoungGen: 144096K->0K(498688K)] [ParOldGen: 1232226K->183063K(1398272K)] 1376322K->183063K(1896960K), [Metaspace: 60436K->60436K(1105920K)], 0.4432905 secs] [Times: user=2.07 sys=0.00, real=0.44 secs] 
4197.066: [GC (Allocation Failure) [PSYoungGen: 302080K->100672K(496128K)] 485143K->283735K(1894400K), 0.1032730 secs] [Times: user=0.61 sys=0.00, real=0.10 secs] 
4198.407: [GC (GCLocker Initiated GC) [PSYoungGen: 405312K->140512K(498688K)] 588376K->421713K(1896960K), 0.0503264 secs] [Times: user=0.30 sys=0.00, real=0.05 secs] 
4200.460: [GC (Allocation Failure) [PSYoungGen: 445152K->103104K(497664K)] 726355K->515880K(1895936K), 0.0758447 secs] [Times: user=0.46 sys=0.00, real=0.08 secs] 
4202.079: [GC (Allocation Failure) [PSYoungGen: 413888K->145568K(501248K)] 826664K->659780K(1899520K), 0.1041648 secs] [Times: user=0.61 sys=0.00, real=0.10 secs] 
4204.972: [GC (Allocation Failure) [PSYoungGen: 456352K->103200K(503296K)] 970564K->754840K(1901568K), 0.0812699 secs] [Times: user=0.48 sys=0.00, real=0.08 secs] 
4206.190: [GC (Allocation Failure) [PSYoungGen: 419104K->148224K(504832K)] 1070744K->900533K(1903104K), 0.0522230 secs] [Times: user=0.31 sys=0.00, real=0.05 secs] 
4207.606: [GC (Allocation Failure) [PSYoungGen: 464128K->106720K(505856K)] 1216437K->998109K(1904128K), 0.1070835 secs] [Times: user=0.64 sys=0.00, real=0.10 secs] 
4209.560: [GC (GCLocker Initiated GC) [PSYoungGen: 424672K->147648K(506368K)] 1316061K->1143794K(1904640K), 0.1331181 secs] [Times: user=0.79 sys=0.01, real=0.13 secs] 
4213.017: [GC (Allocation Failure) [PSYoungGen: 465600K->105952K(506880K)] 1461748K->1241468K(1905152K), 0.1682336 secs] [Times: user=1.00 sys=0.01, real=0.17 secs] 
4215.086: [GC (Allocation Failure) [PSYoungGen: 425440K->149952K(507392K)] 1560956K->1388405K(1905664K), 0.0531687 secs] [Times: user=0.32 sys=0.00, real=0.05 secs] 
4215.139: [Full GC (Ergonomics) [PSYoungGen: 149952K->0K(507392K)] [ParOldGen: 1238453K->184867K(1398272K)] 1388405K->184867K(1905664K), [Metaspace: 60436K->60436K(1105920K)], 0.4407476 secs] [Times: user=2.05 sys=0.00, real=0.44 secs] 
4219.105: [GC (Allocation Failure) [PSYoungGen: 319488K->105152K(507904K)] 504355K->290019K(1906176K), 0.0794292 secs] [Times: user=0.46 sys=0.01, real=0.08 secs] 
4220.062: [GC (Allocation Failure) [PSYoungGen: 424128K->150912K(470016K)] 608997K->435910K(1868288K), 0.0517633 secs] [Times: user=0.31 sys=0.00, real=0.05 secs] 
4223.144: [GC (Allocation Failure) [PSYoungGen: 469888K->103136K(509440K)] 754886K->530558K(1907712K), 0.1626433 secs] [Times: user=0.98 sys=0.00, real=0.17 secs] 
4224.575: [GC (Allocation Failure) [PSYoungGen: 420576K->154848K(472576K)] 847998K->681339K(1870848K), 0.0516992 secs] [Times: user=0.31 sys=0.00, real=0.05 secs] 
4227.132: [GC (Allocation Failure) [PSYoungGen: 472288K->104128K(507392K)] 998779K->776987K(1905664K), 0.1597462 secs] [Times: user=0.95 sys=0.01, real=0.16 secs] 
4227.850: [GC (Allocation Failure) [PSYoungGen: 411370K->147552K(504832K)] 1084229K->921496K(1903104K), 0.0506619 secs] [Times: user=0.30 sys=0.00, real=0.05 secs] 
4231.508: [GC (Allocation Failure) [PSYoungGen: 460896K->97056K(506368K)] 1234840K->1010448K(1904640K), 0.1366714 secs] [Times: user=0.81 sys=0.01, real=0.14 secs] 
4232.920: [GC (Allocation Failure) [PSYoungGen: 410912K->153088K(467456K)] 1324304K->1159701K(1865728K), 0.0496752 secs] [Times: user=0.29 sys=0.00, real=0.05 secs] 
4235.286: [GC (Allocation Failure) [PSYoungGen: 466944K->100672K(505344K)] 1473557K->1251901K(1903616K), 0.1771928 secs] [Times: user=1.04 sys=0.01, real=0.17 secs] 
4236.724: [GC (Allocation Failure) [PSYoungGen: 410432K->149920K(459776K)] 1561661K->1397538K(1858048K), 0.0500381 secs] [Times: user=0.30 sys=0.00, real=0.05 secs] 
4236.774: [Full GC (Ergonomics) [PSYoungGen: 149920K->0K(459776K)] [ParOldGen: 1247618K->195599K(1398272K)] 1397538K->195599K(1858048K), [Metaspace: 60436K->60436K(1105920K)], 0.4727212 secs] [Times: user=2.20 sys=0.00, real=0.48 secs] 
4241.728: [GC (Allocation Failure) [PSYoungGen: 309760K->98048K(504832K)] 505359K->293647K(1903104K), 0.0909702 secs] [Times: user=0.54 sys=0.00, real=0.09 secs] 
4242.876: [GC (Allocation Failure) [PSYoungGen: 406784K->149440K(458240K)] 602383K->439648K(1856512K), 0.0480471 secs] [Times: user=0.29 sys=0.00, real=0.05 secs] 
4245.399: [GC (Allocation Failure) [PSYoungGen: 458176K->97024K(504320K)] 748384K->528584K(1902592K), 0.1626160 secs] [Times: user=0.96 sys=0.01, real=0.16 secs] 
4246.905: [GC (Allocation Failure) [PSYoungGen: 404736K->145984K(502272K)] 836296K->671014K(1900544K), 0.0513803 secs] [Times: user=0.30 sys=0.00, real=0.05 secs] 
4252.119: [GC (Allocation Failure) [PSYoungGen: 453696K->95520K(502272K)] 978726K->758078K(1900544K), 0.1161693 secs] [Times: user=0.68 sys=0.00, real=0.12 secs] 
4253.920: [GC (Allocation Failure) [PSYoungGen: 404256K->143648K(502784K)] 1066814K->899059K(1901056K), 0.0495538 secs] [Times: user=0.30 sys=0.00, real=0.05 secs] 
4255.571: [GC (Allocation Failure) [PSYoungGen: 452384K->106112K(498176K)] 1207795K->995559K(1896448K), 0.1121261 secs] [Times: user=0.67 sys=0.00, real=0.11 secs] 
4256.824: [GC (Allocation Failure) [PSYoungGen: 416384K->145952K(501248K)] 1305831K->1139900K(1899520K), 0.0780817 secs] [Times: user=0.47 sys=0.00, real=0.07 secs] 
4259.548: [GC (Allocation Failure) [PSYoungGen: 456224K->101664K(504320K)] 1450172K->1233012K(1902592K), 0.0965198 secs] [Times: user=0.57 sys=0.00, real=0.10 secs] 
4260.812: [GC (Allocation Failure) [PSYoungGen: 417056K->149184K(505344K)] 1548404K->1379908K(1903616K), 0.0522641 secs] [Times: user=0.30 sys=0.00, real=0.05 secs] 
4260.864: [Full GC (Ergonomics) [PSYoungGen: 149184K->0K(505344K)] [ParOldGen: 1230724K->177724K(1398272K)] 1379908K->177724K(1903616K), [Metaspace: 60436K->60436K(1105920K)], 0.4287840 secs] [Times: user=2.01 sys=0.00, real=0.43 secs] 
4265.299: [GC (Allocation Failure) [PSYoungGen: 315392K->104224K(505856K)] 493116K->281948K(1904128K), 0.0507744 secs] [Times: user=0.31 sys=0.00, real=0.05 secs] 
4266.542: [GC (Allocation Failure) [PSYoungGen: 420128K->148768K(505856K)] 597852K->428956K(1904128K), 0.0529659 secs] [Times: user=0.32 sys=0.00, real=0.06 secs] 
4268.961: [GC (Allocation Failure) [PSYoungGen: 464672K->105056K(505344K)] 744860K->525409K(1903616K), 0.1419934 secs] [Times: user=0.84 sys=0.01, real=0.14 secs] 
4270.073: [GC (Allocation Failure) [PSYoungGen: 421472K->149344K(505856K)] 841825K->672993K(1904128K), 0.1278513 secs] [Times: user=0.76 sys=0.00, real=0.13 secs] 
4272.046: [GC (Allocation Failure) [PSYoungGen: 465760K->105504K(506368K)] 989409K->770089K(1904640K), 0.1500845 secs] [Times: user=0.89 sys=0.00, real=0.15 secs] 
4273.456: [GC (Allocation Failure) [PSYoungGen: 422432K->152128K(469504K)] 1087017K->919254K(1867776K), 0.1345906 secs] [Times: user=0.80 sys=0.00, real=0.13 secs] 
4276.394: [GC (Allocation Failure) [PSYoungGen: 469056K->105088K(508416K)] 1236182K->1016246K(1906688K), 0.1613309 secs] [Times: user=0.92 sys=0.00, real=0.17 secs] 
4277.439: [GC (Allocation Failure) [PSYoungGen: 417398K->149216K(505856K)] 1328557K->1161587K(1904128K), 0.0515372 secs] [Times: user=0.31 sys=0.00, real=0.05 secs] 
4279.454: [GC (Allocation Failure) [PSYoungGen: 464608K->100896K(506368K)] 1476979K->1253675K(1904640K), 0.1798995 secs] [Times: user=1.07 sys=0.01, real=0.18 secs] 
4280.964: [GC (Allocation Failure) [PSYoungGen: 415776K->149984K(464896K)] 1568555K->1399800K(1863168K), 0.0498611 secs] [Times: user=0.29 sys=0.00, real=0.05 secs] 
4281.014: [Full GC (Ergonomics) [PSYoungGen: 149984K->0K(464896K)] [ParOldGen: 1249816K->196974K(1398272K)] 1399800K->196974K(1863168K), [Metaspace: 60436K->60436K(1105920K)], 0.4780002 secs] [Times: user=2.23 sys=0.00, real=0.48 secs] 
4288.085: [GC (Allocation Failure) [PSYoungGen: 314880K->96064K(506880K)] 511854K->293038K(1905152K), 0.0976754 secs] [Times: user=0.58 sys=0.00, real=0.09 secs] 
4289.970: [GC (Allocation Failure) [PSYoungGen: 409408K->149568K(463360K)] 606382K->438786K(1861632K), 0.0474868 secs] [Times: user=0.28 sys=0.00, real=0.05 secs] 
4291.469: [GC (Allocation Failure) [PSYoungGen: 462912K->104704K(506880K)] 752130K->534902K(1905152K), 0.1204817 secs] [Times: user=0.72 sys=0.01, real=0.12 secs] 
4292.470: [GC (Allocation Failure) [PSYoungGen: 416512K->151008K(503808K)] 846710K->682139K(1902080K), 0.0515164 secs] [Times: user=0.31 sys=0.00, real=0.05 secs] 
4295.582: [GC (Allocation Failure) [PSYoungGen: 462816K->98272K(504832K)] 993947K->771539K(1903104K), 0.1651530 secs] [Times: user=0.98 sys=0.00, real=0.17 secs] 
4297.436: [GC (Allocation Failure) [PSYoungGen: 409056K->148160K(503808K)] 1082323K->915712K(1902080K), 0.0496491 secs] [Times: user=0.30 sys=0.00, real=0.05 secs] 
4299.879: [GC (Allocation Failure) [PSYoungGen: 458944K->101920K(502784K)] 1226496K->1008332K(1901056K), 0.1573143 secs] [Times: user=0.93 sys=0.01, real=0.16 secs] 
4300.803: [GC (Allocation Failure) [PSYoungGen: 412704K->150272K(503296K)] 1319116K->1155081K(1901568K), 0.0521806 secs] [Times: user=0.31 sys=0.01, real=0.06 secs] 
4302.875: [GC (Allocation Failure) [PSYoungGen: 461056K->103168K(503808K)] 1465865K->1249637K(1902080K), 0.1133317 secs] [Times: user=0.68 sys=0.00, real=0.11 secs] 
4304.109: [GC (Allocation Failure) [PSYoungGen: 414464K->149536K(503808K)] 1560933K->1396227K(1902080K), 0.0952930 secs] [Times: user=0.57 sys=0.00, real=0.10 secs] 
4304.205: [Full GC (Ergonomics) [PSYoungGen: 149536K->0K(503808K)] [ParOldGen: 1246691K->195256K(1398272K)] 1396227K->195256K(1902080K), [Metaspace: 60436K->60436K(1105920K)], 0.4982081 secs] [Times: user=2.36 sys=0.00, real=0.49 secs] 
4309.179: [GC (Allocation Failure) [PSYoungGen: 311293K->97920K(504320K)] 506549K->293176K(1902592K), 0.0798233 secs] [Times: user=0.46 sys=0.00, real=0.08 secs] 
4309.827: [GC (Allocation Failure) [PSYoungGen: 408704K->150432K(461312K)] 603960K->440397K(1859584K), 0.0490083 secs] [Times: user=0.29 sys=0.00, real=0.05 secs] 
4312.490: [GC (Allocation Failure) [PSYoungGen: 461216K->101440K(505344K)] 751181K->533165K(1903616K), 0.1008475 secs] [Times: user=0.60 sys=0.00, real=0.10 secs] 
4313.247: [GC (Allocation Failure) [PSYoungGen: 410688K->150912K(460288K)] 842413K->680820K(1858560K), 0.0541183 secs] [Times: user=0.32 sys=0.00, real=0.05 secs] 
4316.503: [GC (GCLocker Initiated GC) [PSYoungGen: 460160K->95520K(504320K)] 990068K->768236K(1902592K), 0.1542167 secs] [Times: user=0.93 sys=0.00, real=0.16 secs] 
4317.520: [GC (Allocation Failure) [PSYoungGen: 403232K->149408K(457216K)] 1075957K->914619K(1855488K), 0.0728740 secs] [Times: user=0.41 sys=0.00, real=0.07 secs] 
4321.015: [GC (Allocation Failure) [PSYoungGen: 457120K->96992K(503808K)] 1222331K->1003523K(1902080K), 0.1674737 secs] [Times: user=1.01 sys=0.00, real=0.16 secs] 
4321.725: [GC (Allocation Failure) [PSYoungGen: 403680K->147744K(501760K)] 1310211K->1148877K(1900032K), 0.0502816 secs] [Times: user=0.29 sys=0.00, real=0.05 secs] 
4324.493: [GC (Allocation Failure) [PSYoungGen: 454432K->97536K(500736K)] 1455565K->1238113K(1899008K), 0.1560529 secs] [Times: user=0.93 sys=0.00, real=0.16 secs] 
4326.274: [GC (Allocation Failure) [PSYoungGen: 404224K->144640K(501248K)] 1544801K->1379946K(1899520K), 0.0501756 secs] [Times: user=0.29 sys=0.00, real=0.05 secs] 
4326.324: [Full GC (Ergonomics) [PSYoungGen: 144640K->0K(501248K)] [ParOldGen: 1235306K->177692K(1398272K)] 1379946K->177692K(1899520K), [Metaspace: 60437K->60437K(1105920K)], 0.4234969 secs] [Times: user=1.96 sys=0.00, real=0.43 secs] 
4328.247: [GC (Allocation Failure) [PSYoungGen: 306688K->102976K(499200K)] 484380K->280668K(1897472K), 0.0479800 secs] [Times: user=0.28 sys=0.00, real=0.05 secs] 
4329.615: [GC (Allocation Failure) [PSYoungGen: 411712K->146560K(501248K)] 589404K->424930K(1899520K), 0.0522447 secs] [Times: user=0.32 sys=0.00, real=0.05 secs] 
4333.616: [GC (Allocation Failure) [PSYoungGen: 455296K->100928K(502784K)] 733666K->517282K(1901056K), 0.0801544 secs] [Times: user=0.47 sys=0.00, real=0.08 secs] 
4335.423: [GC (Allocation Failure) [PSYoungGen: 413248K->145376K(503808K)] 829602K->660199K(1902080K), 0.0508377 secs] [Times: user=0.30 sys=0.00, real=0.05 secs] 
4336.683: [GC (Allocation Failure) [PSYoungGen: 457696K->108256K(500736K)] 972519K->759267K(1899008K), 0.0735300 secs] [Times: user=0.43 sys=0.00, real=0.08 secs] 
4338.137: [GC (Allocation Failure) [PSYoungGen: 422624K->147776K(503296K)] 1073635K->904944K(1901568K), 0.0534771 secs] [Times: user=0.32 sys=0.00, real=0.05 secs] 
4340.667: [GC (Allocation Failure) [PSYoungGen: 462144K->105024K(506368K)] 1219312K->1001248K(1904640K), 0.1475720 secs] [Times: user=0.88 sys=0.01, real=0.15 secs] 
4342.283: [GC (Allocation Failure) [PSYoungGen: 423488K->149952K(506880K)] 1319712K->1148769K(1905152K), 0.0527500 secs] [Times: user=0.31 sys=0.00, real=0.06 secs] 
4343.975: [GC (Allocation Failure) [PSYoungGen: 468416K->104992K(507392K)] 1467233K->1244965K(1905664K), 0.1208977 secs] [Times: user=0.71 sys=0.01, real=0.12 secs] 
4345.546: [GC (Allocation Failure) [PSYoungGen: 422944K->149376K(506880K)] 1562917K->1391375K(1905152K), 0.1195546 secs] [Times: user=0.70 sys=0.00, real=0.12 secs] 
4345.666: [Full GC (Ergonomics) [PSYoungGen: 149376K->0K(506880K)] [ParOldGen: 1241999K->188580K(1398272K)] 1391375K->188580K(1905152K), [Metaspace: 60437K->60437K(1105920K)], 0.4821066 secs] [Times: user=2.27 sys=0.01, real=0.48 secs] 
4350.256: [GC (Allocation Failure) [PSYoungGen: 317952K->100640K(507904K)] 506532K->289220K(1906176K), 0.0978435 secs] [Times: user=0.58 sys=0.01, real=0.09 secs] 
4351.691: [GC (Allocation Failure) [PSYoungGen: 417568K->152128K(469504K)] 606148K->437657K(1867776K), 0.0502795 secs] [Times: user=0.30 sys=0.00, real=0.05 secs] 
4355.440: [GC (Allocation Failure) [PSYoungGen: 469056K->100128K(507392K)] 754585K->529425K(1905664K), 0.1760548 secs] [Times: user=1.05 sys=0.01, real=0.18 secs] 
4356.592: [GC (Allocation Failure) [PSYoungGen: 413984K->151104K(465408K)] 843281K->677449K(1863680K), 0.1045121 secs] [Times: user=0.62 sys=0.00, real=0.11 secs] 
4359.867: [GC (Allocation Failure) [PSYoungGen: 464960K->102112K(506880K)] 991305K->771033K(1905152K), 0.1622426 secs] [Times: user=0.96 sys=0.01, real=0.16 secs] 
4361.296: [GC (Allocation Failure) [PSYoungGen: 414432K->150784K(463360K)] 1083353K->917714K(1861632K), 0.0510480 secs] [Times: user=0.30 sys=0.00, real=0.05 secs] 
4363.358: [GC (Allocation Failure) [PSYoungGen: 463104K->101696K(506368K)] 1230034K->1010666K(1904640K), 0.1548493 secs] [Times: user=0.92 sys=0.01, real=0.15 secs] 
4364.717: [GC (Allocation Failure) [PSYoungGen: 412992K->149568K(503808K)] 1321962K->1156575K(1902080K), 0.0501345 secs] [Times: user=0.29 sys=0.00, real=0.05 secs] 
4366.868: [GC (Allocation Failure) [PSYoungGen: 460864K->100992K(504320K)] 1467871K->1248895K(1902592K), 0.1139963 secs] [Times: user=0.67 sys=0.01, real=0.11 secs] 
4368.229: [GC (Allocation Failure) [PSYoungGen: 411776K->150240K(461312K)] 1559679K->1395036K(1859584K), 0.0515835 secs] [Times: user=0.30 sys=0.00, real=0.05 secs] 
4368.281: [Full GC (Ergonomics) [PSYoungGen: 150240K->0K(461312K)] [ParOldGen: 1244796K->193235K(1398272K)] 1395036K->193235K(1859584K), [Metaspace: 60437K->60437K(1105920K)], 0.4718246 secs] [Times: user=2.19 sys=0.00, real=0.47 secs] 
4370.199: [GC (Allocation Failure) [PSYoungGen: 310784K->103104K(505856K)] 504019K->296339K(1904128K), 0.0793934 secs] [Times: user=0.47 sys=0.00, real=0.08 secs] 
4371.512: [GC (Allocation Failure) [PSYoungGen: 413376K->149664K(503296K)] 606611K->442479K(1901568K), 0.0495277 secs] [Times: user=0.30 sys=0.00, real=0.05 secs] 
4375.236: [GC (Allocation Failure) [PSYoungGen: 459936K->97728K(504320K)] 752751K->531775K(1902592K), 0.1755897 secs] [Times: user=1.05 sys=0.01, real=0.17 secs] 
4375.977: [GC (Allocation Failure) [PSYoungGen: 408000K->159776K(470528K)] 842047K->688020K(1868800K), 0.0501128 secs] [Times: user=0.30 sys=0.00, real=0.05 secs] 
4378.268: [GC (Allocation Failure) [PSYoungGen: 470048K->100672K(501760K)] 998292K->772116K(1900032K), 0.1091112 secs] [Times: user=0.65 sys=0.00, real=0.11 secs] 
4379.093: [GC (Allocation Failure) [PSYoungGen: 402752K->146112K(499200K)] 1074196K->915686K(1897472K), 0.0713920 secs] [Times: user=0.43 sys=0.00, real=0.08 secs] 
4381.669: [GC (Allocation Failure) [PSYoungGen: 448192K->97056K(500224K)] 1217766K->1004622K(1898496K), 0.1695481 secs] [Times: user=1.00 sys=0.01, real=0.17 secs] 
4383.410: [GC (Allocation Failure) [PSYoungGen: 400672K->152288K(499712K)] 1308238K->1152855K(1897984K), 0.0492709 secs] [Times: user=0.30 sys=0.00, real=0.05 secs] 
4385.291: [GC (Allocation Failure) [PSYoungGen: 455904K->103264K(499712K)] 1456471K->1238459K(1897984K), 0.0831222 secs] [Times: user=0.49 sys=0.00, real=0.08 secs] 
4385.925: [GC (Allocation Failure) [PSYoungGen: 406880K->145312K(499712K)] 1542075K->1381448K(1897984K), 0.0528052 secs] [Times: user=0.31 sys=0.00, real=0.05 secs] 
4385.978: [Full GC (Ergonomics) [PSYoungGen: 145312K->0K(499712K)] [ParOldGen: 1236136K->179384K(1398272K)] 1381448K->179384K(1897984K), [Metaspace: 60437K->60437K(1105920K)], 0.4310395 secs] [Times: user=2.00 sys=0.00, real=0.43 secs] 
4388.895: [GC (Allocation Failure) [PSYoungGen: 303616K->97376K(499200K)] 483000K->276760K(1897472K), 0.1013819 secs] [Times: user=0.60 sys=0.00, real=0.10 secs] 
4390.289: [GC (Allocation Failure) [PSYoungGen: 403552K->145568K(500736K)] 582936K->419913K(1899008K), 0.0502793 secs] [Times: user=0.29 sys=0.00, real=0.05 secs] 
4392.549: [GC (Allocation Failure) [PSYoungGen: 451744K->100544K(500224K)] 726089K->512097K(1898496K), 0.1192020 secs] [Times: user=0.71 sys=0.00, real=0.12 secs] 
4394.206: [GC (Allocation Failure) [PSYoungGen: 409280K->144928K(501760K)] 820833K->655482K(1900032K), 0.0950254 secs] [Times: user=0.56 sys=0.00, real=0.09 secs] 
4397.437: [GC (Allocation Failure) [PSYoungGen: 453664K->101472K(501760K)] 964218K->748850K(1900032K), 0.1183520 secs] [Times: user=0.71 sys=0.00, real=0.12 secs] 
4399.502: [GC (Allocation Failure) [PSYoungGen: 413280K->144192K(503296K)] 1060658K->891312K(1901568K), 0.0514813 secs] [Times: user=0.31 sys=0.00, real=0.05 secs] 
4403.853: [GC (Allocation Failure) [PSYoungGen: 456000K->101728K(502784K)] 1203120K->984372K(1901056K), 0.0903411 secs] [Times: user=0.54 sys=0.00, real=0.09 secs] 
4405.573: [GC (Allocation Failure) [PSYoungGen: 417120K->144512K(504832K)] 1299764K->1127757K(1903104K), 0.0528383 secs] [Times: user=0.31 sys=0.00, real=0.06 secs] 
4408.169: [GC (Allocation Failure) [PSYoungGen: 459904K->107424K(503808K)] 1443149K->1226861K(1902080K), 0.1149354 secs] [Times: user=0.69 sys=0.00, real=0.11 secs] 
4410.485: [GC (Allocation Failure) [PSYoungGen: 425888K->146752K(505856K)] 1545325K->1371947K(1904128K), 0.0540141 secs] [Times: user=0.32 sys=0.00, real=0.05 secs] 
4410.540: [Full GC (Ergonomics) [PSYoungGen: 146752K->0K(505856K)] [ParOldGen: 1225195K->169754K(1398272K)] 1371947K->169754K(1904128K), [Metaspace: 60437K->60437K(1105920K)], 0.3984490 secs] [Times: user=1.84 sys=0.00, real=0.40 secs] 
4412.548: [GC (Allocation Failure) [PSYoungGen: 318464K->107424K(507392K)] 488218K->277178K(1905664K), 0.0477157 secs] [Times: user=0.28 sys=0.00, real=0.05 secs] 
4414.247: [GC (Allocation Failure) [PSYoungGen: 429472K->151904K(508416K)] 599226K->426777K(1906688K), 0.0542004 secs] [Times: user=0.33 sys=0.00, real=0.05 secs] 
4416.518: [GC (Allocation Failure) [PSYoungGen: 473952K->107168K(509440K)] 748825K->525185K(1907712K), 0.0804979 secs] [Times: user=0.48 sys=0.00, real=0.08 secs] 
4417.522: [GC (Allocation Failure) [PSYoungGen: 428192K->152352K(473600K)] 846209K->675002K(1871872K), 0.0529031 secs] [Times: user=0.31 sys=0.00, real=0.06 secs] 
4423.381: [GC (Allocation Failure) [PSYoungGen: 473376K->100352K(508928K)] 996026K->766922K(1907200K), 0.1348094 secs] [Times: user=0.81 sys=0.00, real=0.14 secs] 
4424.268: [GC (Allocation Failure) [PSYoungGen: 417792K->152992K(470528K)] 1084362K->916563K(1868800K), 0.0526880 secs] [Times: user=0.31 sys=0.00, real=0.05 secs] 
4426.893: [GC (Allocation Failure) [PSYoungGen: 470432K->99712K(506880K)] 1234003K->1008155K(1905152K), 0.1712244 secs] [Times: user=1.02 sys=0.00, real=0.18 secs] 
4428.171: [GC (Allocation Failure) [PSYoungGen: 413056K->152608K(466432K)] 1321499K->1157456K(1864704K), 0.0503317 secs] [Times: user=0.29 sys=0.00, real=0.05 secs] 
4431.646: [GC (Allocation Failure) [PSYoungGen: 465952K->97952K(505344K)] 1470800K->1247320K(1903616K), 0.1304508 secs] [Times: user=0.77 sys=0.01, real=0.13 secs] 
4434.462: [GC (GCLocker Initiated GC) [PSYoungGen: 407712K->144224K(503296K)] 1557080K->1388433K(1901568K), 0.1352942 secs] [Times: user=0.81 sys=0.00, real=0.14 secs] 
4434.597: [Full GC (Ergonomics) [PSYoungGen: 144224K->0K(503296K)] [ParOldGen: 1244209K->186035K(1398272K)] 1388433K->186035K(1901568K), [Metaspace: 60442K->60442K(1105920K)], 0.4969491 secs] [Times: user=2.37 sys=0.00, real=0.49 secs] 
4438.820: [GC (Allocation Failure) [PSYoungGen: 309760K->100864K(501760K)] 495796K->286901K(1900032K), 0.0586994 secs] [Times: user=0.34 sys=0.00, real=0.06 secs] 
4439.761: [GC (Allocation Failure) [PSYoungGen: 412160K->144704K(502784K)] 598197K->429445K(1901056K), 0.0507618 secs] [Times: user=0.30 sys=0.00, real=0.05 secs] 
4442.274: [GC (Allocation Failure) [PSYoungGen: 456000K->104544K(502272K)] 740741K->525005K(1900544K), 0.1570941 secs] [Times: user=0.94 sys=0.00, real=0.16 secs] 
4443.422: [GC (Allocation Failure) [PSYoungGen: 419424K->150688K(504320K)] 839885K->673878K(1902592K), 0.0520761 secs] [Times: user=0.31 sys=0.00, real=0.05 secs] 
4447.030: [GC (Allocation Failure) [PSYoungGen: 465568K->100864K(507392K)] 988758K->766590K(1905664K), 0.1596038 secs] [Times: user=0.94 sys=0.01, real=0.16 secs] 
4448.892: [GC (Allocation Failure) [PSYoungGen: 415744K->149632K(464896K)] 1081470K->912131K(1863168K), 0.0511858 secs] [Times: user=0.30 sys=0.01, real=0.05 secs] 
4450.638: [GC (Allocation Failure) [PSYoungGen: 464512K->105568K(508416K)] 1227011K->1008059K(1906688K), 0.1114054 secs] [Times: user=0.66 sys=0.00, real=0.11 secs] 
4451.962: [GC (Allocation Failure) [PSYoungGen: 420448K->153408K(468480K)] 1322939K->1157813K(1866752K), 0.0527483 secs] [Times: user=0.31 sys=0.00, real=0.06 secs] 
4456.034: [GC (Allocation Failure) [PSYoungGen: 468288K->98208K(505856K)] 1472693K->1247693K(1904128K), 0.1715173 secs] [Times: user=1.02 sys=0.00, real=0.18 secs] 
4457.635: [GC (Allocation Failure) [PSYoungGen: 409504K->149280K(460800K)] 1558989K->1392790K(1859072K), 0.0495121 secs] [Times: user=0.30 sys=0.00, real=0.04 secs] 
4457.684: [Full GC (Ergonomics) [PSYoungGen: 149280K->0K(460800K)] [ParOldGen: 1243510K->191060K(1398272K)] 1392790K->191060K(1859072K), [Metaspace: 60442K->60442K(1105920K)], 0.4518999 secs] [Times: user=2.10 sys=0.00, real=0.46 secs] 
4459.867: [GC (GCLocker Initiated GC) [PSYoungGen: 311296K->104288K(506368K)] 502356K->295348K(1904640K), 0.0950442 secs] [Times: user=0.56 sys=0.00, real=0.09 secs] 
4460.795: [GC (Allocation Failure) [PSYoungGen: 415584K->150688K(503808K)] 606678K->442147K(1902080K), 0.0509993 secs] [Times: user=0.31 sys=0.00, real=0.05 secs] 
4463.460: [GC (GCLocker Initiated GC) [PSYoungGen: 461984K->99968K(504320K)] 753443K->533323K(1902592K), 0.1651302 secs] [Times: user=0.97 sys=0.01, real=0.17 secs] 
4464.812: [GC (Allocation Failure) [PSYoungGen: 410752K->150048K(461312K)] 844110K->679623K(1859584K), 0.0494341 secs] [Times: user=0.29 sys=0.00, real=0.05 secs] 
4466.829: [GC (Allocation Failure) [PSYoungGen: 460832K->101504K(505856K)] 990407K->772223K(1904128K), 0.1704334 secs] [Times: user=1.01 sys=0.00, real=0.17 secs] 
4467.733: [GC (Allocation Failure) [PSYoungGen: 411776K->149440K(503296K)] 1082495K->918245K(1901568K), 0.0514061 secs] [Times: user=0.31 sys=0.00, real=0.06 secs] 
4474.047: [GC (Allocation Failure) [PSYoungGen: 459712K->94816K(504320K)] 1228517K->1004981K(1902592K), 0.1505258 secs] [Times: user=0.90 sys=0.00, real=0.15 secs] 
4475.789: [GC (Allocation Failure) [PSYoungGen: 404064K->147424K(456704K)] 1314229K->1148838K(1854976K), 0.0490575 secs] [Times: user=0.29 sys=0.00, real=0.05 secs] 
4480.390: [GC (Allocation Failure) [PSYoungGen: 456672K->98432K(505344K)] 1458086K->1238526K(1903616K), 0.1205783 secs] [Times: user=0.72 sys=0.00, real=0.12 secs] 
4482.296: [GC (Allocation Failure) [PSYoungGen: 407680K->144992K(502784K)] 1547774K->1380443K(1901056K), 0.0507352 secs] [Times: user=0.30 sys=0.00, real=0.05 secs] 
4482.347: [Full GC (Ergonomics) [PSYoungGen: 144992K->0K(502784K)] [ParOldGen: 1235451K->177676K(1398272K)] 1380443K->177676K(1901056K), [Metaspace: 60460K->60460K(1105920K)], 0.4159999 secs] [Times: user=1.92 sys=0.00, real=0.41 secs] 
4484.569: [GC (Allocation Failure) [PSYoungGen: 309248K->104832K(500736K)] 486924K->282508K(1899008K), 0.0966987 secs] [Times: user=0.58 sys=0.00, real=0.10 secs] 
4486.315: [GC (Allocation Failure) [PSYoungGen: 415616K->148352K(502272K)] 593292K->427749K(1900544K), 0.0528052 secs] [Times: user=0.31 sys=0.00, real=0.05 secs] 
4487.935: [GC (Allocation Failure) [PSYoungGen: 459136K->103168K(504320K)] 738533K->522189K(1902592K), 0.1124389 secs] [Times: user=0.67 sys=0.00, real=0.11 secs] 
4489.289: [GC (Allocation Failure) [PSYoungGen: 417024K->148896K(504832K)] 836045K->668223K(1903104K), 0.0523483 secs] [Times: user=0.31 sys=0.00, real=0.05 secs] 
4491.101: [GC (Allocation Failure) [PSYoungGen: 462752K->105824K(504320K)] 982079K->764991K(1902592K), 0.1151576 secs] [Times: user=0.69 sys=0.00, real=0.12 secs] 
4492.643: [GC (Allocation Failure) [PSYoungGen: 420192K->148800K(504832K)] 1079359K->911790K(1903104K), 0.1338523 secs] [Times: user=0.80 sys=0.00, real=0.14 secs] 
4495.473: [GC (Allocation Failure) [PSYoungGen: 463168K->102752K(505856K)] 1226158K->1006142K(1904128K), 0.0953944 secs] [Times: user=0.56 sys=0.00, real=0.10 secs] 
4496.505: [GC (Allocation Failure) [PSYoungGen: 418144K->151520K(466944K)] 1321534K->1154883K(1865216K), 0.0729074 secs] [Times: user=0.43 sys=0.00, real=0.07 secs] 
4499.268: [GC (Allocation Failure) [PSYoungGen: 466912K->101120K(507392K)] 1470275K->1247899K(1905664K), 0.1628743 secs] [Times: user=0.97 sys=0.00, real=0.16 secs] 
4500.795: [GC (Allocation Failure) [PSYoungGen: 414976K->150784K(464896K)] 1561755K->1395076K(1863168K), 0.0521151 secs] [Times: user=0.30 sys=0.01, real=0.05 secs] 
4500.847: [Full GC (Ergonomics) [PSYoungGen: 150784K->0K(464896K)] [ParOldGen: 1244292K->192115K(1398272K)] 1395076K->192115K(1863168K), [Metaspace: 60466K->60466K(1105920K)], 0.4619828 secs] [Times: user=2.16 sys=0.00, real=0.46 secs] 
4503.786: [GC (GCLocker Initiated GC) [PSYoungGen: 313856K->99584K(506368K)] 505971K->291699K(1904640K), 0.0785530 secs] [Times: user=0.47 sys=0.00, real=0.08 secs] 
4505.264: [GC (Allocation Failure) [PSYoungGen: 411392K->149088K(461312K)] 603510K->437214K(1859584K), 0.0569232 secs] [Times: user=0.34 sys=0.01, real=0.06 secs] 
4508.311: [GC (Allocation Failure) [PSYoungGen: 460896K->100864K(506368K)] 749022K->529574K(1904640K), 0.1469091 secs] [Times: user=0.88 sys=0.00, real=0.15 secs] 
4509.180: [GC (Allocation Failure) [PSYoungGen: 412160K->151616K(463360K)] 840870K->678187K(1861632K), 0.0534029 secs] [Times: user=0.32 sys=0.00, real=0.05 secs] 
4512.845: [GC (Allocation Failure) [PSYoungGen: 462912K->97696K(504832K)] 989483K->767795K(1903104K), 0.1755513 secs] [Times: user=1.04 sys=0.00, real=0.17 secs] 
4514.122: [GC (Allocation Failure) [PSYoungGen: 406432K->147776K(502784K)] 1076531K->912232K(1901056K), 0.0496514 secs] [Times: user=0.30 sys=0.00, real=0.05 secs] 
4516.464: [GC (GCLocker Initiated GC) [PSYoungGen: 456512K->102592K(501248K)] 1220968K->1006316K(1899520K), 0.1628135 secs] [Times: user=0.98 sys=0.00, real=0.17 secs] 
4517.493: [GC (Allocation Failure) [PSYoungGen: 411840K->150784K(502272K)] 1315567K->1153260K(1900544K), 0.0515564 secs] [Times: user=0.31 sys=0.00, real=0.06 secs] 
4519.910: [GC (Allocation Failure) [PSYoungGen: 460032K->100416K(503296K)] 1462508K->1245132K(1901568K), 0.1609530 secs] [Times: user=0.95 sys=0.00, real=0.16 secs] 
4521.716: [GC (Allocation Failure) [PSYoungGen: 409664K->147104K(502784K)] 1554380K->1388537K(1901056K), 0.0510267 secs] [Times: user=0.31 sys=0.00, real=0.05 secs] 
4521.767: [Full GC (Ergonomics) [PSYoungGen: 147104K->0K(502784K)] [ParOldGen: 1241433K->187743K(1398272K)] 1388537K->187743K(1901056K), [Metaspace: 60466K->60466K(1105920K)], 0.4479458 secs] [Times: user=2.08 sys=0.00, real=0.45 secs] 
4525.433: [GC (Allocation Failure) [PSYoungGen: 309248K->98496K(502784K)] 496991K->286239K(1901056K), 0.0992875 secs] [Times: user=0.59 sys=0.00, real=0.10 secs] 
4526.890: [GC (Allocation Failure) [PSYoungGen: 408768K->147072K(503296K)] 596511K->430724K(1901568K), 0.0497914 secs] [Times: user=0.30 sys=0.00, real=0.05 secs] 
4529.580: [GC (Allocation Failure) [PSYoungGen: 457344K->101312K(502272K)] 740996K->523404K(1900544K), 0.1436653 secs] [Times: user=0.85 sys=0.01, real=0.14 secs] 
4531.170: [GC (Allocation Failure) [PSYoungGen: 412608K->148736K(503296K)] 834700K->669437K(1901568K), 0.0512204 secs] [Times: user=0.31 sys=0.00, real=0.05 secs] 
4533.752: [GC (Allocation Failure) [PSYoungGen: 460032K->101536K(504320K)] 980733K->762429K(1902592K), 0.1709450 secs] [Times: user=1.01 sys=0.00, real=0.17 secs] 
4534.787: [GC (Allocation Failure) [PSYoungGen: 413856K->158016K(470528K)] 1074749K->918485K(1868800K), 0.0522287 secs] [Times: user=0.31 sys=0.00, real=0.05 secs] 
4537.780: [GC (Allocation Failure) [PSYoungGen: 470336K->100096K(503296K)] 1230805K->1002173K(1901568K), 0.1438260 secs] [Times: user=0.86 sys=0.00, real=0.14 secs] 
4539.014: [GC (Allocation Failure) [PSYoungGen: 405248K->145280K(500736K)] 1307325K->1145150K(1899008K), 0.0505333 secs] [Times: user=0.30 sys=0.00, real=0.06 secs] 
4542.354: [GC (Allocation Failure) [PSYoungGen: 450432K->99008K(500224K)] 1450302K->1235662K(1898496K), 0.1763588 secs] [Times: user=1.05 sys=0.00, real=0.18 secs] 
4543.682: [GC (Allocation Failure) [PSYoungGen: 406208K->145856K(500736K)] 1542862K->1379339K(1899008K), 0.0512571 secs] [Times: user=0.30 sys=0.00, real=0.05 secs] 
4543.733: [Full GC (Ergonomics) [PSYoungGen: 145856K->0K(500736K)] [ParOldGen: 1233483K->178387K(1398272K)] 1379339K->178387K(1899008K), [Metaspace: 60466K->60466K(1105920K)], 0.4317214 secs] [Times: user=2.00 sys=0.00, real=0.44 secs] 
4549.006: [GC (Allocation Failure) [PSYoungGen: 307200K->94144K(503808K)] 485587K->272531K(1902080K), 0.0361575 secs] [Times: user=0.21 sys=0.00, real=0.03 secs] 
4551.112: [GC (Allocation Failure) [PSYoungGen: 404416K->143136K(503808K)] 582803K->413615K(1902080K), 0.0498024 secs] [Times: user=0.29 sys=0.00, real=0.05 secs] 
4552.503: [GC (Allocation Failure) [PSYoungGen: 453408K->106336K(498688K)] 723887K->510719K(1896960K), 0.1033099 secs] [Times: user=0.61 sys=0.01, real=0.11 secs] 
4554.706: [GC (Allocation Failure) [PSYoungGen: 417632K->143552K(501760K)] 822015K->652492K(1900032K), 0.0524729 secs] [Times: user=0.32 sys=0.00, real=0.05 secs] 
4556.652: [GC (Allocation Failure) [PSYoungGen: 454848K->105600K(502784K)] 963788K->749360K(1901056K), 0.0807198 secs] [Times: user=0.49 sys=0.00, real=0.08 secs] 
4558.030: [GC (Allocation Failure) [PSYoungGen: 423040K->147488K(505344K)] 1066800K->895157K(1903616K), 0.0529899 secs] [Times: user=0.31 sys=0.00, real=0.05 secs] 
4560.143: [GC (Allocation Failure) [PSYoungGen: 464928K->106176K(507392K)] 1212597K->992229K(1905664K), 0.1530123 secs] [Times: user=0.92 sys=0.00, real=0.16 secs] 
4562.745: [GC (Allocation Failure) [PSYoungGen: 426688K->147104K(507904K)] 1312741K->1137315K(1906176K), 0.0535228 secs] [Times: user=0.32 sys=0.00, real=0.05 secs] 
4564.830: [GC (Allocation Failure) [PSYoungGen: 467616K->109472K(506368K)] 1457827K->1237723K(1904640K), 0.0916630 secs] [Times: user=0.54 sys=0.00, real=0.09 secs] 
4566.692: [GC (Allocation Failure) [PSYoungGen: 431520K->150176K(507904K)] 1559771K->1386056K(1906176K), 0.0571174 secs] [Times: user=0.34 sys=0.00, real=0.06 secs] 
4566.749: [Full GC (Ergonomics) [PSYoungGen: 150176K->0K(507904K)] [ParOldGen: 1235880K->184249K(1398272K)] 1386056K->184249K(1906176K), [Metaspace: 60467K->60467K(1105920K)], 0.4410341 secs] [Times: user=2.05 sys=0.00, real=0.44 secs] 
4571.164: [GC (Allocation Failure) [PSYoungGen: 321961K->102944K(510976K)] 506211K->287193K(1909248K), 0.1036666 secs] [Times: user=0.61 sys=0.00, real=0.11 secs] 
4572.948: [GC (Allocation Failure) [PSYoungGen: 424992K->151808K(474112K)] 609241K->436618K(1872384K), 0.0517700 secs] [Times: user=0.30 sys=0.00, real=0.05 secs] 
4575.610: [GC (Allocation Failure) [PSYoungGen: 473856K->106144K(510464K)] 758666K->534230K(1908736K), 0.1600129 secs] [Times: user=0.96 sys=0.00, real=0.16 secs] 
4577.182: [GC (Allocation Failure) [PSYoungGen: 425632K->152736K(472576K)] 853718K->683127K(1870848K), 0.0517645 secs] [Times: user=0.30 sys=0.00, real=0.05 secs] 
4578.918: [GC (Allocation Failure) [PSYoungGen: 472224K->107520K(509440K)] 1002615K->781767K(1907712K), 0.0878778 secs] [Times: user=0.51 sys=0.00, real=0.09 secs] 
4579.326: [GC (Allocation Failure) [PSYoungGen: 424448K->153984K(471040K)] 1098695K->932697K(1869312K), 0.0526605 secs] [Times: user=0.31 sys=0.00, real=0.05 secs] 
4582.231: [GC (Allocation Failure) [PSYoungGen: 467276K->93184K(505856K)] 1245990K->1025929K(1904128K), 0.1701582 secs] [Times: user=1.01 sys=0.01, real=0.17 secs] 
4583.259: [GC (Allocation Failure) [PSYoungGen: 405504K->166272K(478720K)] 1338249K->1188670K(1876992K), 0.1012460 secs] [Times: user=0.60 sys=0.00, real=0.10 secs] 
4586.729: [GC (Allocation Failure) [PSYoungGen: 478592K->92224K(498176K)] 1500990K->1264234K(1896448K), 0.1589621 secs] [Times: user=0.95 sys=0.00, real=0.16 secs] 
4587.314: [GC (Allocation Failure) [PSYoungGen: 375018K->138496K(435200K)] 1547029K->1399094K(1833472K), 0.0502633 secs] [Times: user=0.30 sys=0.00, real=0.06 secs] 
4587.364: [Full GC (Ergonomics) [PSYoungGen: 138496K->0K(435200K)] [ParOldGen: 1260598K->196509K(1398272K)] 1399094K->196509K(1833472K), [Metaspace: 60467K->60467K(1105920K)], 0.4737004 secs] [Times: user=2.21 sys=0.00, real=0.47 secs] 
4591.135: [GC (Allocation Failure) [PSYoungGen: 296448K->91680K(496128K)] 492957K->288189K(1894400K), 0.0432336 secs] [Times: user=0.25 sys=0.00, real=0.04 secs] 
4591.903: [GC (Allocation Failure) [PSYoungGen: 389664K->141120K(494592K)] 586173K->426335K(1892864K), 0.0492291 secs] [Times: user=0.28 sys=0.00, real=0.05 secs] 
4594.169: [GC (GCLocker Initiated GC) [PSYoungGen: 439104K->98624K(499200K)] 724319K->516407K(1897472K), 0.1252683 secs] [Times: user=0.75 sys=0.00, real=0.13 secs] 
4596.014: [GC (Allocation Failure) [PSYoungGen: 404800K->150336K(499712K)] 822586K->664255K(1897984K), 0.0501839 secs] [Times: user=0.30 sys=0.00, real=0.05 secs] 
4601.047: [GC (Allocation Failure) [PSYoungGen: 456512K->101696K(502272K)] 970431K->748679K(1900544K), 0.0633687 secs] [Times: user=0.38 sys=0.00, real=0.06 secs] 
4602.557: [GC (Allocation Failure) [PSYoungGen: 410432K->139936K(502272K)] 1057415K->886872K(1900544K), 0.0508277 secs] [Times: user=0.30 sys=0.00, real=0.05 secs] 
4605.157: [GC (Allocation Failure) [PSYoungGen: 448672K->106624K(497664K)] 1195608K->983824K(1895936K), 0.0636799 secs] [Times: user=0.38 sys=0.00, real=0.06 secs] 
4606.363: [GC (Allocation Failure) [PSYoungGen: 418944K->141792K(501248K)] 1296144K->1124638K(1899520K), 0.0870941 secs] [Times: user=0.51 sys=0.00, real=0.09 secs] 
4609.042: [GC (Allocation Failure) [PSYoungGen: 454112K->105952K(504320K)] 1436958K->1221950K(1902592K), 0.0656192 secs] [Times: user=0.39 sys=0.00, real=0.07 secs] 
4610.129: [GC (Allocation Failure) [PSYoungGen: 426464K->147392K(506880K)] 1542462K->1368566K(1905152K), 0.0988067 secs] [Times: user=0.59 sys=0.00, real=0.10 secs] 
4612.756: [GC (Allocation Failure) [PSYoungGen: 467904K->108160K(508928K)] 1689078K->1468486K(1907200K), 0.0944268 secs] [Times: user=0.56 sys=0.00, real=0.09 secs] 
4612.850: [Full GC (Ergonomics) [PSYoungGen: 108160K->0K(508928K)] [ParOldGen: 1360326K->28064K(1398272K)] 1468486K->28064K(1907200K), [Metaspace: 60467K->60467K(1105920K)], 0.0485801 secs] [Times: user=0.16 sys=0.00, real=0.05 secs] 
4614.899: [GC (Allocation Failure) [PSYoungGen: 323584K->148000K(509440K)] 351648K->176064K(1907712K), 0.0286158 secs] [Times: user=0.17 sys=0.00, real=0.03 secs] 
4616.529: [GC (Allocation Failure) [PSYoungGen: 471584K->111712K(508416K)] 499648K->278576K(1906688K), 0.1121106 secs] [Times: user=0.66 sys=0.01, real=0.11 secs] 
4618.495: [GC (GCLocker Initiated GC) [PSYoungGen: 436320K->150784K(509440K)] 603184K->426621K(1907712K), 0.0539108 secs] [Times: user=0.32 sys=0.00, real=0.05 secs] 
4621.027: [GC (Allocation Failure) [PSYoungGen: 475392K->110048K(510976K)] 751233K->527937K(1909248K), 0.1718653 secs] [Times: user=1.03 sys=0.01, real=0.17 secs] 
4622.899: [GC (Allocation Failure) [PSYoungGen: 433764K->152576K(478208K)] 851653K->676761K(1876480K), 0.0530492 secs] [Times: user=0.31 sys=0.00, real=0.05 secs] 
4626.682: [GC (Allocation Failure) [PSYoungGen: 477696K->103359K(511488K)] 1001881K->771509K(1909760K), 0.1553523 secs] [Times: user=0.93 sys=0.01, real=0.16 secs] 
4628.444: [GC (Allocation Failure) [PSYoungGen: 413220K->148096K(509440K)] 1081370K->915270K(1907712K), 0.0497704 secs] [Times: user=0.30 sys=0.00, real=0.05 secs] 
4630.400: [GC (Allocation Failure) [PSYoungGen: 470144K->104864K(509440K)] 1237318K->1011390K(1907712K), 0.1421877 secs] [Times: user=0.84 sys=0.00, real=0.14 secs] 
4631.800: [GC (Allocation Failure) [PSYoungGen: 416378K->147328K(509440K)] 1322905K->1154271K(1907712K), 0.0502339 secs] [Times: user=0.30 sys=0.00, real=0.05 secs] 
4633.911: [GC (Allocation Failure) [PSYoungGen: 469376K->107776K(507392K)] 1476319K->1252855K(1905664K), 0.1674895 secs] [Times: user=1.00 sys=0.00, real=0.17 secs] 
4635.113: [GC (Allocation Failure) [PSYoungGen: 429824K->154976K(477184K)] 1574903K->1403768K(1875456K), 0.0524826 secs] [Times: user=0.31 sys=0.00, real=0.06 secs] 
4635.166: [Full GC (Ergonomics) [PSYoungGen: 154976K->0K(477184K)] [ParOldGen: 1248792K->208503K(1398272K)] 1403768K->208503K(1875456K), [Metaspace: 60469K->60469K(1105920K)], 0.4934073 secs] [Times: user=2.32 sys=0.00, real=0.49 secs] 
4637.831: [GC (Allocation Failure) [PSYoungGen: 322048K->98336K(508928K)] 530551K->306839K(1907200K), 0.1656348 secs] [Times: user=0.99 sys=0.00, real=0.17 secs] 
4639.878: [GC (Allocation Failure) [PSYoungGen: 415776K->153888K(471552K)] 624279K->455177K(1869824K), 0.1457805 secs] [Times: user=0.87 sys=0.00, real=0.14 secs] 
4644.845: [GC (Allocation Failure) [PSYoungGen: 471328K->89888K(504832K)] 772617K->544921K(1903104K), 0.1489628 secs] [Times: user=0.89 sys=0.01, real=0.14 secs] 
4645.462: [GC (Allocation Failure) [PSYoungGen: 400672K->154528K(465408K)] 855705K->693594K(1863680K), 0.0533906 secs] [Times: user=0.32 sys=0.00, real=0.06 secs] 
4647.908: [GC (Allocation Failure) [PSYoungGen: 465312K->90208K(501248K)] 1004378K->783914K(1899520K), 0.1401892 secs] [Times: user=0.83 sys=0.01, real=0.14 secs] 
4648.890: [GC (Allocation Failure) [PSYoungGen: 393312K->149760K(453120K)] 1087018K->928135K(1851392K), 0.0536303 secs] [Times: user=0.32 sys=0.00, real=0.05 secs] 
4651.209: [GC (Allocation Failure) [PSYoungGen: 452864K->88544K(499712K)] 1231239K->1016691K(1897984K), 0.1709894 secs] [Times: user=1.02 sys=0.00, real=0.17 secs] 
4651.792: [GC (Allocation Failure) [PSYoungGen: 374295K->138816K(439296K)] 1302442K->1152252K(1837568K), 0.0710088 secs] [Times: user=0.42 sys=0.00, real=0.07 secs] 
4656.124: [GC (Allocation Failure) [PSYoungGen: 438848K->92800K(499712K)] 1452284K->1236940K(1897984K), 0.0957324 secs] [Times: user=0.55 sys=0.01, real=0.10 secs] 
4658.119: [GC (Allocation Failure) [PSYoungGen: 394880K->143072K(497664K)] 1539020K->1376456K(1895936K), 0.0484174 secs] [Times: user=0.28 sys=0.00, real=0.05 secs] 
4658.168: [Full GC (Ergonomics) [PSYoungGen: 143072K->0K(497664K)] [ParOldGen: 1233384K->182085K(1398272K)] 1376456K->182085K(1895936K), [Metaspace: 60469K->60469K(1105920K)], 0.4391259 secs] [Times: user=2.04 sys=0.00, real=0.44 secs] 
4659.980: [GC (Allocation Failure) [PSYoungGen: 302080K->101664K(497664K)] 484165K->283750K(1895936K), 0.0494077 secs] [Times: user=0.29 sys=0.00, real=0.05 secs] 
4661.435: [GC (Allocation Failure) [PSYoungGen: 408864K->143936K(499712K)] 590950K->425318K(1897984K), 0.0509860 secs] [Times: user=0.30 sys=0.00, real=0.05 secs] 
4664.059: [GC (Allocation Failure) [PSYoungGen: 451136K->99488K(501760K)] 732518K->515710K(1900032K), 0.0659101 secs] [Times: user=0.39 sys=0.00, real=0.07 secs] 
4664.752: [GC (Allocation Failure) [PSYoungGen: 411808K->147616K(503296K)] 828030K->661551K(1901568K), 0.0507890 secs] [Times: user=0.30 sys=0.01, real=0.05 secs] 
4668.028: [GC (Allocation Failure) [PSYoungGen: 459936K->102784K(503808K)] 973871K->755627K(1902080K), 0.0771290 secs] [Times: user=0.46 sys=0.01, real=0.08 secs] 
4668.632: [GC (Allocation Failure) [PSYoungGen: 416640K->146784K(504320K)] 1069483K->900576K(1902592K), 0.0623910 secs] [Times: user=0.37 sys=0.00, real=0.07 secs] 
4672.864: [GC (Allocation Failure) [PSYoungGen: 460640K->102912K(503808K)] 1214432K->994968K(1902080K), 0.0670745 secs] [Times: user=0.40 sys=0.00, real=0.07 secs] 
4673.573: [GC (GCLocker Initiated GC) [PSYoungGen: 418304K->150623K(504832K)] 1310360K->1143518K(1903104K), 0.0749793 secs] [Times: user=0.44 sys=0.00, real=0.08 secs] 
4676.521: [GC (Allocation Failure) [PSYoungGen: 466015K->102272K(506368K)] 1458913K->1237609K(1904640K), 0.0853604 secs] [Times: user=0.51 sys=0.00, real=0.09 secs] 
4677.681: [GC (Allocation Failure) [PSYoungGen: 417152K->150624K(465920K)] 1552489K->1386378K(1864192K), 0.0987811 secs] [Times: user=0.58 sys=0.01, real=0.10 secs] 
4677.780: [Full GC (Ergonomics) [PSYoungGen: 150624K->0K(465920K)] [ParOldGen: 1235754K->183586K(1398272K)] 1386378K->183586K(1864192K), [Metaspace: 60469K->60469K(1105920K)], 0.4620931 secs] [Times: user=2.19 sys=0.00, real=0.46 secs] 
4682.006: [GC (Allocation Failure) [PSYoungGen: 314880K->100480K(507392K)] 498466K->284066K(1905664K), 0.0487094 secs] [Times: user=0.29 sys=0.01, real=0.05 secs] 
4682.742: [GC (Allocation Failure) [PSYoungGen: 413824K->154656K(468480K)] 597410K->436618K(1866752K), 0.0512732 secs] [Times: user=0.30 sys=0.00, real=0.05 secs] 
4688.097: [GC (Allocation Failure) [PSYoungGen: 468000K->101504K(505344K)] 749962K->521202K(1903616K), 0.1653998 secs] [Times: user=0.98 sys=0.00, real=0.16 secs] 
4690.211: [GC (Allocation Failure) [PSYoungGen: 410240K->144832K(502272K)] 829938K->663603K(1900544K), 0.0512044 secs] [Times: user=0.31 sys=0.00, real=0.05 secs] 
4692.682: [GC (Allocation Failure) [PSYoungGen: 453568K->103040K(501248K)] 972339K->757675K(1899520K), 0.1633758 secs] [Times: user=0.97 sys=0.00, real=0.17 secs] 
4695.056: [GC (Allocation Failure) [PSYoungGen: 413824K->144832K(502272K)] 1068459K->899304K(1900544K), 0.0512613 secs] [Times: user=0.30 sys=0.00, real=0.05 secs] 
4696.337: [GC (Allocation Failure) [PSYoungGen: 455616K->106144K(502272K)] 1210088K->996588K(1900544K), 0.0803130 secs] [Times: user=0.48 sys=0.00, real=0.08 secs] 
4697.660: [GC (Allocation Failure) [PSYoungGen: 421024K->148480K(504320K)] 1311468K->1142746K(1902592K), 0.0782831 secs] [Times: user=0.46 sys=0.00, real=0.08 secs] 
4701.251: [GC (Allocation Failure) [PSYoungGen: 463360K->103840K(505856K)] 1457626K->1238354K(1904128K), 0.0990047 secs] [Times: user=0.59 sys=0.00, real=0.10 secs] 
4702.771: [GC (Allocation Failure) [PSYoungGen: 421280K->155520K(473088K)] 1555794K->1392147K(1871360K), 0.0586445 secs] [Times: user=0.35 sys=0.00, real=0.06 secs] 
4702.830: [Full GC (Ergonomics) [PSYoungGen: 155520K->0K(473088K)] [ParOldGen: 1236627K->181717K(1398272K)] 1392147K->181717K(1871360K), [Metaspace: 60469K->60469K(1105920K)], 0.4289466 secs] [Times: user=1.97 sys=0.00, real=0.43 secs] 
4705.692: [GC (Allocation Failure) [PSYoungGen: 317440K->106784K(507904K)] 499157K->288501K(1906176K), 0.0610930 secs] [Times: user=0.36 sys=0.00, real=0.06 secs] 
4707.690: [GC (Allocation Failure) [PSYoungGen: 420128K->148128K(504320K)] 601845K->433306K(1902592K), 0.0547629 secs] [Times: user=0.30 sys=0.00, real=0.06 secs] 
4709.496: [GC (Allocation Failure) [PSYoungGen: 461472K->108704K(502784K)] 746650K->532970K(1901056K), 0.0752442 secs] [Times: user=0.45 sys=0.00, real=0.07 secs] 
4710.063: [GC (Allocation Failure) [PSYoungGen: 423584K->153280K(504320K)] 847850K->679219K(1902592K), 0.0608259 secs] [Times: user=0.36 sys=0.00, real=0.06 secs] 
4713.106: [GC (GCLocker Initiated GC) [PSYoungGen: 468160K->99488K(506880K)] 994099K->770619K(1905152K), 0.1421731 secs] [Times: user=0.85 sys=0.00, real=0.14 secs] 
4713.997: [GC (Allocation Failure) [PSYoungGen: 412832K->149216K(462848K)] 1083965K->916475K(1861120K), 0.0798880 secs] [Times: user=0.47 sys=0.01, real=0.08 secs] 
4717.007: [GC (Allocation Failure) [PSYoungGen: 462560K->101536K(506880K)] 1229819K->1009439K(1905152K), 0.1587539 secs] [Times: user=0.94 sys=0.00, real=0.16 secs] 
4718.179: [GC (GCLocker Initiated GC) [PSYoungGen: 414368K->149920K(462848K)] 1322271K->1156036K(1861120K), 0.0971715 secs] [Times: user=0.58 sys=0.00, real=0.10 secs] 
4721.337: [GC (Allocation Failure) [PSYoungGen: 462752K->101376K(506368K)] 1468870K->1249158K(1904640K), 0.1194392 secs] [Times: user=0.71 sys=0.00, real=0.12 secs] 
4722.108: [GC (Allocation Failure) [PSYoungGen: 413184K->149760K(504320K)] 1560966K->1396024K(1902592K), 0.0514710 secs] [Times: user=0.31 sys=0.00, real=0.05 secs] 
4722.159: [Full GC (Ergonomics) [PSYoungGen: 149760K->0K(504320K)] [ParOldGen: 1246264K->192546K(1398272K)] 1396024K->192546K(1902592K), [Metaspace: 60469K->60469K(1105920K)], 0.4716635 secs] [Times: user=2.19 sys=0.01, real=0.47 secs] 
4725.452: [GC (Allocation Failure) [PSYoungGen: 311808K->99136K(504832K)] 504354K->291682K(1903104K), 0.0896307 secs] [Times: user=0.50 sys=0.00, real=0.09 secs] 
4726.963: [GC (Allocation Failure) [PSYoungGen: 410432K->152288K(463872K)] 602978K->439915K(1862144K), 0.0493670 secs] [Times: user=0.30 sys=0.00, real=0.05 secs] 
4729.441: [GC (Allocation Failure) [PSYoungGen: 463584K->99904K(504832K)] 751211K->531483K(1903104K), 0.1660635 secs] [Times: user=1.00 sys=0.00, real=0.17 secs] 
4731.685: [GC (Allocation Failure) [PSYoungGen: 408640K->147168K(502784K)] 840219K->674668K(1901056K), 0.0499838 secs] [Times: user=0.29 sys=0.01, real=0.05 secs] 
4733.861: [GC (Allocation Failure) [PSYoungGen: 455904K->100544K(501248K)] 983404K->766488K(1899520K), 0.1504479 secs] [Times: user=0.89 sys=0.00, real=0.15 secs] 
4735.539: [GC (Allocation Failure) [PSYoungGen: 409792K->148160K(502272K)] 1075736K->910772K(1900544K), 0.0510681 secs] [Times: user=0.31 sys=0.00, real=0.05 secs] 
4737.562: [GC (Allocation Failure) [PSYoungGen: 457408K->101472K(502784K)] 1220020K->1003592K(1901056K), 0.1731765 secs] [Times: user=1.04 sys=0.00, real=0.18 secs] 
4740.876: [GC (Allocation Failure) [PSYoungGen: 412256K->144448K(503296K)] 1314376K->1143917K(1901568K), 0.0514558 secs] [Times: user=0.30 sys=0.00, real=0.05 secs] 
4742.209: [GC (Allocation Failure) [PSYoungGen: 455232K->106496K(500224K)] 1454701K->1241301K(1898496K), 0.0719343 secs] [Times: user=0.42 sys=0.00, real=0.07 secs] 
4742.946: [GC (Allocation Failure) [PSYoungGen: 419328K->150272K(502784K)] 1554133K->1388670K(1901056K), 0.0551805 secs] [Times: user=0.32 sys=0.01, real=0.05 secs] 
4743.001: [Full GC (Ergonomics) [PSYoungGen: 150272K->0K(502784K)] [ParOldGen: 1238398K->188027K(1398272K)] 1388670K->188027K(1901056K), [Metaspace: 60469K->60469K(1105920K)], 0.4525110 secs] [Times: user=2.10 sys=0.00, real=0.45 secs] 
4746.176: [GC (Allocation Failure) [PSYoungGen: 312832K->100704K(506880K)] 500859K->288731K(1905152K), 0.0983269 secs] [Times: user=0.58 sys=0.00, real=0.10 secs] 
4748.522: [GC (Allocation Failure) [PSYoungGen: 415584K->148512K(505856K)] 603611K->433496K(1904128K), 0.0499169 secs] [Times: user=0.29 sys=0.00, real=0.05 secs] 
4750.254: [GC (Allocation Failure) [PSYoungGen: 463392K->104928K(504832K)] 748376K->529400K(1903104K), 0.1035442 secs] [Times: user=0.62 sys=0.00, real=0.11 secs] 
4751.843: [GC (Allocation Failure) [PSYoungGen: 419808K->148160K(505344K)] 844280K->674029K(1903616K), 0.0517190 secs] [Times: user=0.31 sys=0.00, real=0.06 secs] 
4753.947: [GC (GCLocker Initiated GC) [PSYoungGen: 463040K->105920K(504320K)] 988909K->770701K(1902592K), 0.1599460 secs] [Times: user=0.94 sys=0.00, real=0.16 secs] 
4754.979: [GC (Allocation Failure) [PSYoungGen: 421824K->161120K(477184K)] 1086640K->928612K(1875456K), 0.0537105 secs] [Times: user=0.31 sys=0.00, real=0.05 secs] 
4757.937: [GC (Allocation Failure) [PSYoungGen: 477024K->101792K(504832K)] 1244516K->1013736K(1903104K), 0.1664054 secs] [Times: user=0.98 sys=0.00, real=0.16 secs] 
4759.020: [GC (GCLocker Initiated GC) [PSYoungGen: 410016K->146976K(502272K)] 1321960K->1157654K(1900544K), 0.0951890 secs] [Times: user=0.49 sys=0.00, real=0.10 secs] 
4761.681: [GC (Allocation Failure) [PSYoungGen: 455200K->99136K(503296K)] 1465880K->1248704K(1901568K), 0.1306394 secs] [Times: user=0.78 sys=0.00, real=0.13 secs] 
4762.681: [GC (Allocation Failure) [PSYoungGen: 408896K->148384K(503296K)] 1558464K->1394186K(1901568K), 0.0638643 secs] [Times: user=0.38 sys=0.00, real=0.07 secs] 
4762.745: [Full GC (Ergonomics) [PSYoungGen: 148384K->0K(503296K)] [ParOldGen: 1245802K->191970K(1398272K)] 1394186K->191970K(1901568K), [Metaspace: 60474K->60474K(1105920K)], 0.4706375 secs] [Times: user=2.20 sys=0.00, real=0.47 secs] 
4766.676: [GC (Allocation Failure) [PSYoungGen: 309760K->98688K(503808K)] 501730K->290658K(1902080K), 0.0882002 secs] [Times: user=0.51 sys=0.00, real=0.08 secs] 
4768.866: [GC (Allocation Failure) [PSYoungGen: 408960K->146560K(503808K)] 600930K->433346K(1902080K), 0.0487027 secs] [Times: user=0.29 sys=0.00, real=0.05 secs] 
4770.766: [GC (Allocation Failure) [PSYoungGen: 456832K->102912K(501248K)] 743618K->527499K(1899520K), 0.1518198 secs] [Times: user=0.90 sys=0.01, real=0.15 secs] 
4771.698: [GC (Allocation Failure) [PSYoungGen: 413696K->150208K(502784K)] 838283K->674540K(1901056K), 0.0513758 secs] [Times: user=0.30 sys=0.00, real=0.05 secs] 
4774.700: [GC (Allocation Failure) [PSYoungGen: 460992K->99584K(504832K)] 985324K->765516K(1903104K), 0.1776649 secs] [Times: user=1.05 sys=0.00, real=0.18 secs] 
4775.751: [GC (Allocation Failure) [PSYoungGen: 411392K->151552K(463872K)] 1077324K->913685K(1862144K), 0.0530663 secs] [Times: user=0.32 sys=0.00, real=0.05 secs] 
4778.782: [GC (Allocation Failure) [PSYoungGen: 463360K->98656K(504832K)] 1225493K->1004229K(1903104K), 0.1662525 secs] [Times: user=0.99 sys=0.00, real=0.17 secs] 
4780.917: [GC (Allocation Failure) [PSYoungGen: 407392K->145376K(502784K)] 1312965K->1145810K(1901056K), 0.0498514 secs] [Times: user=0.29 sys=0.01, real=0.05 secs] 
4782.978: [GC (Allocation Failure) [PSYoungGen: 453966K->104192K(498688K)] 1454400K->1240810K(1896960K), 0.1343931 secs] [Times: user=0.80 sys=0.01, real=0.13 secs] 
4784.478: [GC (Allocation Failure) [PSYoungGen: 413952K->144064K(501248K)] 1550570K->1382155K(1899520K), 0.0521110 secs] [Times: user=0.30 sys=0.00, real=0.05 secs] 
4784.530: [Full GC (Ergonomics) [PSYoungGen: 144064K->0K(501248K)] [ParOldGen: 1238091K->181450K(1398272K)] 1382155K->181450K(1899520K), [Metaspace: 60474K->60474K(1105920K)], 0.4325891 secs] [Times: user=2.02 sys=0.00, real=0.43 secs] 
4786.716: [GC (Allocation Failure) [PSYoungGen: 309760K->104384K(502272K)] 491210K->285834K(1900544K), 0.0949368 secs] [Times: user=0.56 sys=0.01, real=0.09 secs] 
4788.093: [GC (Allocation Failure) [PSYoungGen: 419264K->148640K(504320K)] 600714K->432019K(1902592K), 0.0525087 secs] [Times: user=0.31 sys=0.00, real=0.06 secs] 
4791.374: [GC (Allocation Failure) [PSYoungGen: 463520K->100352K(507392K)] 746899K->523879K(1905664K), 0.1653215 secs] [Times: user=0.98 sys=0.01, real=0.17 secs] 
4792.598: [GC (Allocation Failure) [PSYoungGen: 417280K->150080K(467456K)] 840807K->671204K(1865728K), 0.0509635 secs] [Times: user=0.30 sys=0.00, real=0.05 secs] 
4796.131: [GC (Allocation Failure) [PSYoungGen: 467008K->103584K(508416K)] 988132K->766316K(1906688K), 0.0776590 secs] [Times: user=0.46 sys=0.00, real=0.08 secs] 
4797.493: [GC (Allocation Failure) [PSYoungGen: 418976K->151040K(466944K)] 1081708K->913913K(1865216K), 0.0519452 secs] [Times: user=0.31 sys=0.00, real=0.06 secs] 
4800.564: [GC (Allocation Failure) [PSYoungGen: 466432K->103040K(507904K)] 1229305K->1008665K(1906176K), 0.1537011 secs] [Times: user=0.92 sys=0.00, real=0.16 secs] 
4801.199: [GC (Allocation Failure) [PSYoungGen: 417408K->150272K(464896K)] 1323033K->1155926K(1863168K), 0.0665359 secs] [Times: user=0.39 sys=0.00, real=0.07 secs] 
4803.667: [GC (Allocation Failure) [PSYoungGen: 464640K->101920K(507392K)] 1470294K->1249358K(1905664K), 0.0849610 secs] [Times: user=0.50 sys=0.00, real=0.08 secs] 
4805.169: [GC (Allocation Failure) [PSYoungGen: 415264K->160864K(474624K)] 1562702K->1406631K(1872896K), 0.0770881 secs] [Times: user=0.45 sys=0.00, real=0.08 secs] 
4805.247: [Full GC (Ergonomics) [PSYoungGen: 160864K->0K(474624K)] [ParOldGen: 1245766K->195113K(1398272K)] 1406631K->195113K(1872896K), [Metaspace: 60476K->60476K(1105920K)], 0.4794637 secs] [Times: user=2.24 sys=0.00, real=0.48 secs] 
4808.717: [GC (Allocation Failure) [PSYoungGen: 313344K->98944K(502784K)] 508457K->294057K(1901056K), 0.0947176 secs] [Times: user=0.56 sys=0.00, real=0.09 secs] 
4809.497: [GC (Allocation Failure) [PSYoungGen: 403584K->148800K(500736K)] 598697K->439795K(1899008K), 0.0696520 secs] [Times: user=0.41 sys=0.00, real=0.07 secs] 
4812.630: [GC (Allocation Failure) [PSYoungGen: 453440K->95968K(500736K)] 744435K->527683K(1899008K), 0.1707418 secs] [Times: user=1.01 sys=0.00, real=0.17 secs] 
4815.120: [GC (Allocation Failure) [PSYoungGen: 400608K->142208K(500736K)] 832323K->665896K(1899008K), 0.0478752 secs] [Times: user=0.28 sys=0.00, real=0.05 secs] 
4816.482: [GC (Allocation Failure) [PSYoungGen: 446848K->101696K(498176K)] 970536K->758472K(1896448K), 0.0894784 secs] [Times: user=0.53 sys=0.00, real=0.09 secs] 
4819.365: [GC (Allocation Failure) [PSYoungGen: 408896K->141312K(500224K)] 1065672K->896685K(1898496K), 0.0509054 secs] [Times: user=0.30 sys=0.01, real=0.05 secs] 
4820.691: [GC (Allocation Failure) [PSYoungGen: 448512K->105536K(499200K)] 1203885K->992821K(1897472K), 0.0753978 secs] [Times: user=0.45 sys=0.00, real=0.08 secs] 
4823.425: [GC (Allocation Failure) [PSYoungGen: 418880K->152032K(502784K)] 1306165K->1141908K(1901056K), 0.0530549 secs] [Times: user=0.31 sys=0.00, real=0.05 secs] 
4824.589: [GC (Allocation Failure) [PSYoungGen: 465376K->106848K(505856K)] 1455252K->1231340K(1904128K), 0.0655437 secs] [Times: user=0.38 sys=0.01, real=0.07 secs] 
4826.356: [GC (Allocation Failure) [PSYoungGen: 422240K->148320K(505344K)] 1546732K->1377281K(1903616K), 0.0534907 secs] [Times: user=0.31 sys=0.00, real=0.05 secs] 
4826.410: [Full GC (Ergonomics) [PSYoungGen: 148320K->0K(505344K)] [ParOldGen: 1228961K->175777K(1398272K)] 1377281K->175777K(1903616K), [Metaspace: 60476K->59574K(1105920K)], 0.4289697 secs] [Times: user=1.98 sys=0.00, real=0.43 secs] 
4828.356: [GC (Allocation Failure) [PSYoungGen: 315392K->105184K(505344K)] 491169K->280961K(1903616K), 0.1115988 secs] [Times: user=0.66 sys=0.01, real=0.11 secs] 
4829.565: [GC (Allocation Failure) [PSYoungGen: 421600K->151232K(505856K)] 597377K->429834K(1904128K), 0.0536217 secs] [Times: user=0.32 sys=0.00, real=0.05 secs] 
4831.962: [GC (Allocation Failure) [PSYoungGen: 467648K->103776K(506880K)] 746250K->525298K(1905152K), 0.1531082 secs] [Times: user=0.92 sys=0.01, real=0.16 secs] 
4834.180: [GC (Allocation Failure) [PSYoungGen: 419168K->148832K(505856K)] 840690K->670895K(1904128K), 0.0515620 secs] [Times: user=0.31 sys=0.00, real=0.05 secs] 
4835.833: [GC (Allocation Failure) [PSYoungGen: 464224K->105600K(505344K)] 986287K->767403K(1903616K), 0.1605691 secs] [Times: user=0.95 sys=0.01, real=0.16 secs] 
4837.374: [GC (Allocation Failure) [PSYoungGen: 421504K->159424K(475648K)] 1083307K->922930K(1873920K), 0.0528606 secs] [Times: user=0.32 sys=0.00, real=0.06 secs] 
4839.478: [GC (Allocation Failure) [PSYoungGen: 475328K->105312K(505856K)] 1238834K->1010738K(1904128K), 0.1797327 secs] [Times: user=1.07 sys=0.01, real=0.18 secs] 
4840.904: [GC (Allocation Failure) [PSYoungGen: 415072K->151232K(502784K)] 1320498K->1158215K(1901056K), 0.0530886 secs] [Times: user=0.31 sys=0.00, real=0.06 secs] 
4842.802: [GC (Allocation Failure) [PSYoungGen: 460992K->98848K(503808K)] 1467975K->1248527K(1902080K), 0.1626170 secs] [Times: user=0.97 sys=0.00, real=0.17 secs] 
4844.171: [GC (Allocation Failure) [PSYoungGen: 407584K->148480K(502784K)] 1557263K->1392524K(1901056K), 0.0498455 secs] [Times: user=0.29 sys=0.00, real=0.05 secs] 
4844.221: [Full GC (Ergonomics) [PSYoungGen: 148480K->0K(502784K)] [ParOldGen: 1244044K->190536K(1398272K)] 1392524K->190536K(1901056K), [Metaspace: 59574K->59574K(1105920K)], 0.4659512 secs] [Times: user=2.19 sys=0.00, real=0.47 secs] 
4846.340: [GC (Allocation Failure) [PSYoungGen: 308736K->99840K(503296K)] 499272K->290376K(1901568K), 0.0950480 secs] [Times: user=0.56 sys=0.00, real=0.10 secs] 
4848.331: [GC (Allocation Failure) [PSYoungGen: 409088K->147392K(503296K)] 599624K->433869K(1901568K), 0.0495127 secs] [Times: user=0.29 sys=0.00, real=0.05 secs] 
4849.960: [GC (Allocation Failure) [PSYoungGen: 456640K->101344K(501760K)] 743117K->526373K(1900032K), 0.1181709 secs] [Times: user=0.70 sys=0.01, real=0.12 secs] 
4850.761: [GC (Allocation Failure) [PSYoungGen: 411104K->150688K(502784K)] 836133K->673242K(1901056K), 0.0504633 secs] [Times: user=0.30 sys=0.00, real=0.05 secs] 
4852.991: [GC (Allocation Failure) [PSYoungGen: 460448K->99904K(503808K)] 983002K->764762K(1902080K), 0.1583330 secs] [Times: user=0.95 sys=0.00, real=0.16 secs] 
4854.678: [GC (Allocation Failure) [PSYoungGen: 409664K->147520K(503296K)] 1074522K->908431K(1901568K), 0.0502178 secs] [Times: user=0.30 sys=0.00, real=0.05 secs] 
4856.468: [GC (Allocation Failure) [PSYoungGen: 457280K->103424K(501760K)] 1218191K->1002671K(1900032K), 0.1706653 secs] [Times: user=1.02 sys=0.00, real=0.17 secs] 
4858.499: [GC (Allocation Failure) [PSYoungGen: 413696K->145664K(502784K)] 1312943K->1145608K(1901056K), 0.0663620 secs] [Times: user=0.39 sys=0.00, real=0.07 secs] 
4860.861: [GC (Allocation Failure) [PSYoungGen: 455936K->99712K(503296K)] 1455880K->1237184K(1901568K), 0.1226961 secs] [Times: user=0.73 sys=0.00, real=0.12 secs] 
4862.476: [GC (Allocation Failure) [PSYoungGen: 412544K->144736K(504320K)] 1550016K->1379702K(1902592K), 0.0905184 secs] [Times: user=0.53 sys=0.00, real=0.09 secs] 
4862.566: [Full GC (Ergonomics) [PSYoungGen: 144736K->0K(504320K)] [ParOldGen: 1234966K->179484K(1398272K)] 1379702K->179484K(1902592K), [Metaspace: 59574K->59569K(1105920K)], 0.4598069 secs] [Times: user=2.17 sys=0.00, real=0.46 secs] 
4866.032: [GC (Allocation Failure) [PSYoungGen: 312832K->103104K(502272K)] 492316K->282588K(1900544K), 0.0441757 secs] [Times: user=0.26 sys=0.00, real=0.05 secs] 
4867.361: [GC (Allocation Failure) [PSYoungGen: 417984K->148640K(504320K)] 597468K->429053K(1902592K), 0.0523201 secs] [Times: user=0.31 sys=0.00, real=0.05 secs] 
4870.504: [GC (Allocation Failure) [PSYoungGen: 463520K->102784K(506368K)] 743933K->523253K(1904640K), 0.1745898 secs] [Times: user=1.04 sys=0.01, real=0.18 secs] 
4872.742: [GC (Allocation Failure) [PSYoungGen: 419712K->147232K(506368K)] 840181K->667578K(1904640K), 0.0513635 secs] [Times: user=0.30 sys=0.00, real=0.05 secs] 
4874.280: [GC (Allocation Failure) [PSYoungGen: 464160K->108032K(504832K)] 984506K->766238K(1903104K), 0.1041933 secs] [Times: user=0.61 sys=0.00, real=0.10 secs] 
4876.426: [GC (Allocation Failure) [PSYoungGen: 425472K->151392K(505856K)] 1083678K->913131K(1904128K), 0.0537084 secs] [Times: user=0.32 sys=0.00, real=0.05 secs] 
4877.918: [GC (Allocation Failure) [PSYoungGen: 468832K->106048K(507392K)] 1230571K->1010147K(1905664K), 0.0820233 secs] [Times: user=0.49 sys=0.00, real=0.08 secs] 
4878.526: [GC (Allocation Failure) [PSYoungGen: 424000K->153664K(472064K)] 1328099K->1160228K(1870336K), 0.0532736 secs] [Times: user=0.31 sys=0.00, real=0.05 secs] 
4881.368: [GC (Allocation Failure) [PSYoungGen: 471616K->102400K(507904K)] 1478180K->1253868K(1906176K), 0.1753200 secs] [Times: user=1.04 sys=0.00, real=0.17 secs] 
4882.621: [GC (Allocation Failure) [PSYoungGen: 414463K->147840K(505344K)] 1565932K->1398286K(1903616K), 0.0522392 secs] [Times: user=0.31 sys=0.00, real=0.05 secs] 
4882.673: [Full GC (Ergonomics) [PSYoungGen: 147840K->0K(505344K)] [ParOldGen: 1250446K->197056K(1398272K)] 1398286K->197056K(1903616K), [Metaspace: 59570K->59570K(1105920K)], 0.4776264 secs] [Times: user=2.23 sys=0.00, real=0.48 secs] 
4885.575: [GC (Allocation Failure) [PSYoungGen: 314368K->98784K(506368K)] 511424K->295840K(1904640K), 0.0870621 secs] [Times: user=0.51 sys=0.00, real=0.08 secs] 
4887.061: [GC (Allocation Failure) [PSYoungGen: 413152K->149952K(464384K)] 610208K->442397K(1862656K), 0.0484239 secs] [Times: user=0.29 sys=0.00, real=0.05 secs] 
4889.092: [GC (Allocation Failure) [PSYoungGen: 464320K->104864K(507904K)] 756765K->538253K(1906176K), 0.1590268 secs] [Times: user=0.94 sys=0.00, real=0.16 secs] 
4890.286: [GC (Allocation Failure) [PSYoungGen: 406984K->146912K(504832K)] 840374K->682295K(1903104K), 0.1004114 secs] [Times: user=0.60 sys=0.00, real=0.10 secs] 
4893.401: [GC (Allocation Failure) [PSYoungGen: 460768K->100224K(505344K)] 996151K->774471K(1903616K), 0.1506519 secs] [Times: user=0.89 sys=0.00, real=0.15 secs] 
4894.446: [GC (Allocation Failure) [PSYoungGen: 410476K->150208K(465920K)] 1084723K->921340K(1864192K), 0.0496719 secs] [Times: user=0.29 sys=0.00, real=0.05 secs] 
4897.402: [GC (Allocation Failure) [PSYoungGen: 465600K->101120K(507392K)] 1236732K->1014372K(1905664K), 0.1653741 secs] [Times: user=0.99 sys=0.00, real=0.17 secs] 
4898.526: [GC (Allocation Failure) [PSYoungGen: 414976K->150208K(464384K)] 1328228K->1160588K(1862656K), 0.0498556 secs] [Times: user=0.29 sys=0.01, real=0.05 secs] 
4901.209: [GC (Allocation Failure) [PSYoungGen: 464064K->101408K(506880K)] 1474444K->1253073K(1905152K), 0.1581351 secs] [Times: user=0.94 sys=0.01, real=0.16 secs] 
4902.597: [GC (Allocation Failure) [PSYoungGen: 414240K->150016K(463360K)] 1565905K->1398813K(1861632K), 0.0500012 secs] [Times: user=0.30 sys=0.00, real=0.05 secs] 
4902.647: [Full GC (Ergonomics) [PSYoungGen: 150016K->0K(463360K)] [ParOldGen: 1248797K->197009K(1398272K)] 1398813K->197009K(1861632K), [Metaspace: 59571K->59571K(1105920K)], 0.4797567 secs] [Times: user=2.23 sys=0.00, real=0.48 secs] 
4905.487: [GC (Allocation Failure) [PSYoungGen: 312832K->100160K(506368K)] 509841K->297169K(1904640K), 0.0825591 secs] [Times: user=0.46 sys=0.01, real=0.08 secs] 
4906.805: [GC (Allocation Failure) [PSYoungGen: 411968K->150848K(462848K)] 608977K->444046K(1861120K), 0.0490502 secs] [Times: user=0.29 sys=0.00, real=0.05 secs] 
4910.106: [GC (Allocation Failure) [PSYoungGen: 462656K->99008K(505344K)] 755854K->534206K(1903616K), 0.1723501 secs] [Times: user=1.03 sys=0.00, real=0.17 secs] 
4911.272: [GC (Allocation Failure) [PSYoungGen: 408768K->151008K(460800K)] 843966K->681102K(1859072K), 0.0490329 secs] [Times: user=0.29 sys=0.01, real=0.05 secs] 
4913.647: [GC (Allocation Failure) [PSYoungGen: 460768K->100480K(504832K)] 990862K->773102K(1903104K), 0.1506175 secs] [Times: user=0.89 sys=0.00, real=0.15 secs] 
4914.947: [GC (Allocation Failure) [PSYoungGen: 408704K->148544K(502272K)] 1081326K->917663K(1900544K), 0.0502665 secs] [Times: user=0.30 sys=0.00, real=0.05 secs] 
4917.712: [GC (Allocation Failure) [PSYoungGen: 456768K->99136K(502784K)] 1225887K->1008215K(1901056K), 0.1549612 secs] [Times: user=0.92 sys=0.01, real=0.16 secs] 
4918.512: [GC (Allocation Failure) [PSYoungGen: 407872K->151008K(459776K)] 1316951K->1155873K(1858048K), 0.0498138 secs] [Times: user=0.30 sys=0.00, real=0.05 secs] 
4921.543: [GC (Allocation Failure) [PSYoungGen: 459744K->97856K(504320K)] 1464609K->1245561K(1902592K), 0.1752750 secs] [Times: user=1.05 sys=0.00, real=0.18 secs] 
4922.642: [GC (Allocation Failure) [PSYoungGen: 405056K->149312K(501760K)] 1552761K->1391442K(1900032K), 0.0509093 secs] [Times: user=0.30 sys=0.00, real=0.05 secs] 
4922.693: [Full GC (Ergonomics) [PSYoungGen: 149312K->0K(501760K)] [ParOldGen: 1242130K->190783K(1398272K)] 1391442K->190783K(1900032K), [Metaspace: 59571K->59571K(1105920K)], 0.4745903 secs] [Times: user=2.19 sys=0.00, real=0.48 secs] 
4925.237: [GC (Allocation Failure) [PSYoungGen: 307200K->98112K(502272K)] 497983K->288895K(1900544K), 0.0974384 secs] [Times: user=0.58 sys=0.00, real=0.09 secs] 
4927.778: [GC (Allocation Failure) [PSYoungGen: 404800K->144320K(501760K)] 595583K->428819K(1900032K), 0.0485177 secs] [Times: user=0.29 sys=0.00, real=0.05 secs] 
4929.548: [GC (Allocation Failure) [PSYoungGen: 451008K->103520K(498176K)] 735507K->522943K(1896448K), 0.1670431 secs] [Times: user=0.99 sys=0.01, real=0.17 secs] 
4932.802: [GC (Allocation Failure) [PSYoungGen: 411744K->140640K(500736K)] 831167K->660576K(1899008K), 0.0509421 secs] [Times: user=0.30 sys=0.00, real=0.05 secs] 
4934.050: [GC (Allocation Failure) [PSYoungGen: 448864K->105184K(498688K)] 968800K->756408K(1896960K), 0.0692480 secs] [Times: user=0.41 sys=0.00, real=0.07 secs] 
4936.074: [GC (Allocation Failure) [PSYoungGen: 419552K->145920K(502784K)] 1070776K->899805K(1901056K), 0.0525350 secs] [Times: user=0.31 sys=0.00, real=0.06 secs] 
4937.490: [GC (Allocation Failure) [PSYoungGen: 460288K->106112K(506368K)] 1214173K->996697K(1904640K), 0.0996955 secs] [Times: user=0.60 sys=0.00, real=0.10 secs] 
4940.141: [GC (Allocation Failure) [PSYoungGen: 426112K->148480K(507392K)] 1316697K->1141798K(1905664K), 0.0533691 secs] [Times: user=0.31 sys=0.00, real=0.06 secs] 
4941.893: [GC (Allocation Failure) [PSYoungGen: 467267K->108704K(507904K)] 1460585K->1241418K(1906176K), 0.1718208 secs] [Times: user=1.02 sys=0.00, real=0.18 secs] 
4943.741: [GC (Allocation Failure) [PSYoungGen: 430240K->151808K(508416K)] 1562954K->1390107K(1906688K), 0.0547196 secs] [Times: user=0.32 sys=0.00, real=0.06 secs] 
4943.795: [Full GC (Ergonomics) [PSYoungGen: 151808K->0K(508416K)] [ParOldGen: 1238299K->189642K(1398272K)] 1390107K->189642K(1906688K), [Metaspace: 59589K->59589K(1105920K)], 0.4499501 secs] [Times: user=2.09 sys=0.00, real=0.45 secs] 
4946.690: [GC (Allocation Failure) [PSYoungGen: 321536K->107584K(508928K)] 511178K->297226K(1907200K), 0.1005284 secs] [Times: user=0.58 sys=0.01, real=0.10 secs] 
4948.090: [GC (Allocation Failure) [PSYoungGen: 428608K->154560K(475648K)] 618250K->445502K(1873920K), 0.0517355 secs] [Times: user=0.31 sys=0.00, real=0.05 secs] 
4950.369: [GC (Allocation Failure) [PSYoungGen: 475584K->102624K(508416K)] 766526K->539534K(1906688K), 0.1506671 secs] [Times: user=0.89 sys=0.00, real=0.15 secs] 
4951.824: [GC (Allocation Failure) [PSYoungGen: 407763K->148512K(506368K)] 844673K->684212K(1904640K), 0.0500064 secs] [Times: user=0.30 sys=0.00, real=0.05 secs] 
4955.247: [GC (Allocation Failure) [PSYoungGen: 464416K->101056K(506368K)] 1000116K->777084K(1904640K), 0.1392560 secs] [Times: user=0.83 sys=0.00, real=0.14 secs] 
4956.710: [GC (Allocation Failure) [PSYoungGen: 411567K->149728K(465920K)] 1087595K->923108K(1864192K), 0.0985307 secs] [Times: user=0.59 sys=0.00, real=0.10 secs] 
4959.454: [GC (Allocation Failure) [PSYoungGen: 465632K->101536K(507904K)] 1239012K->1016560K(1906176K), 0.1669687 secs] [Times: user=0.99 sys=0.02, real=0.17 secs] 
4961.359: [GC (Allocation Failure) [PSYoungGen: 416416K->150176K(465408K)] 1331440K->1162461K(1863680K), 0.0499456 secs] [Times: user=0.30 sys=0.00, real=0.05 secs] 
4963.435: [GC (Allocation Failure) [PSYoungGen: 465056K->104416K(507904K)] 1477341K->1258021K(1906176K), 0.1386968 secs] [Times: user=0.83 sys=0.00, real=0.13 secs] 
4964.451: [GC (Allocation Failure) [PSYoungGen: 413373K->146080K(505344K)] 1566979K->1400794K(1903616K), 0.0856121 secs] [Times: user=0.51 sys=0.00, real=0.09 secs] 
4964.536: [Full GC (Ergonomics) [PSYoungGen: 146080K->0K(505344K)] [ParOldGen: 1254714K->195906K(1398272K)] 1400794K->195906K(1903616K), [Metaspace: 59589K->59589K(1105920K)], 0.5134645 secs] [Times: user=2.39 sys=0.00, real=0.51 secs] 
4968.328: [GC (Allocation Failure) [PSYoungGen: 314368K->102048K(505344K)] 510274K->297954K(1903616K), 0.0829138 secs] [Times: user=0.49 sys=0.00, real=0.08 secs] 
4970.122: [GC (Allocation Failure) [PSYoungGen: 412536K->149280K(505856K)] 608442K->442923K(1904128K), 0.0492005 secs] [Times: user=0.29 sys=0.00, real=0.05 secs] 
4972.282: [GC (Allocation Failure) [PSYoungGen: 465184K->104096K(506368K)] 758827K->538267K(1904640K), 0.0680964 secs] [Times: user=0.40 sys=0.00, real=0.07 secs] 
4972.828: [GC (Allocation Failure) [PSYoungGen: 409328K->147136K(506368K)] 843500K->681917K(1904640K), 0.0624769 secs] [Times: user=0.37 sys=0.00, real=0.06 secs] 
4975.431: [GC (Allocation Failure) [PSYoungGen: 463552K->103616K(505856K)] 998333K->776949K(1904128K), 0.1397179 secs] [Times: user=0.83 sys=0.00, real=0.14 secs] 
4976.226: [GC (Allocation Failure) [PSYoungGen: 408360K->146752K(506368K)] 1081694K->920682K(1904640K), 0.0736505 secs] [Times: user=0.44 sys=0.00, real=0.07 secs] 
4978.986: [GC (Allocation Failure) [PSYoungGen: 463680K->102048K(506880K)] 1237610K->1014642K(1905152K), 0.1712879 secs] [Times: user=1.02 sys=0.00, real=0.17 secs] 
4980.575: [GC (Allocation Failure) [PSYoungGen: 412257K->149152K(507392K)] 1324851K->1159723K(1905664K), 0.0712070 secs] [Times: user=0.42 sys=0.00, real=0.07 secs] 
4983.587: [GC (Allocation Failure) [PSYoungGen: 467616K->100640K(507904K)] 1478187K->1252339K(1906176K), 0.1500186 secs] [Times: user=0.90 sys=0.00, real=0.15 secs] 
4985.360: [GC (Allocation Failure) [PSYoungGen: 413808K->150336K(468480K)] 1565507K->1398728K(1866752K), 0.0496718 secs] [Times: user=0.29 sys=0.00, real=0.05 secs] 
4985.409: [Full GC (Ergonomics) [PSYoungGen: 150336K->0K(468480K)] [ParOldGen: 1248392K->195957K(1398272K)] 1398728K->195957K(1866752K), [Metaspace: 59590K->59590K(1105920K)], 0.4748314 secs] [Times: user=2.21 sys=0.00, real=0.48 secs] 
4988.278: [GC (Allocation Failure) [PSYoungGen: 317952K->103936K(508928K)] 513909K->299893K(1907200K), 0.0952841 secs] [Times: user=0.56 sys=0.00, real=0.09 secs] 
4989.125: [GC (Allocation Failure) [PSYoungGen: 413348K->146624K(506368K)] 609306K->443054K(1904640K), 0.0497311 secs] [Times: user=0.30 sys=0.00, real=0.05 secs] 
4992.261: [GC (Allocation Failure) [PSYoungGen: 463040K->103456K(506368K)] 759470K->538318K(1904640K), 0.1628139 secs] [Times: user=0.97 sys=0.00, real=0.16 secs] 
4993.438: [GC (Allocation Failure) [PSYoungGen: 411152K->147808K(506880K)] 846015K->681879K(1905152K), 0.0497594 secs] [Times: user=0.29 sys=0.00, real=0.05 secs] 
4996.431: [GC (Allocation Failure) [PSYoungGen: 465248K->101440K(507392K)] 999319K->774299K(1905664K), 0.1694271 secs] [Times: user=1.00 sys=0.01, real=0.17 secs] 
4998.659: [GC (Allocation Failure) [PSYoungGen: 416795K->149792K(467968K)] 1089655K->920020K(1866240K), 0.0503102 secs] [Times: user=0.30 sys=0.00, real=0.05 secs] 
5000.913: [GC (Allocation Failure) [PSYoungGen: 467744K->102496K(508928K)] 1237972K->1013720K(1907200K), 0.1551241 secs] [Times: user=0.93 sys=0.01, real=0.16 secs] 
5001.679: [GC (Allocation Failure) [PSYoungGen: 411038K->148832K(465920K)] 1322263K->1158861K(1864192K), 0.0508055 secs] [Times: user=0.30 sys=0.00, real=0.05 secs] 
5003.853: [GC (GCLocker Initiated GC) [PSYoungGen: 465760K->102976K(508928K)] 1475789K->1253333K(1907200K), 0.0701502 secs] [Times: user=0.42 sys=0.00, real=0.07 secs] 
5005.189: [GC (GCLocker Initiated GC) [PSYoungGen: 419392K->144384K(506368K)] 1586135K->1411290K(1904640K), 0.3573785 secs] [Times: user=2.02 sys=0.00, real=0.36 secs] 
5005.546: [Full GC (Ergonomics) [PSYoungGen: 144384K->0K(506368K)] [ParOldGen: 1266906K->209406K(1398272K)] 1411290K->209406K(1904640K), [Metaspace: 59654K->59654K(1105920K)], 0.4370271 secs] [Times: user=1.93 sys=0.00, real=0.43 secs] 
5010.148: [GC (Allocation Failure) [PSYoungGen: 316416K->90272K(507904K)] 529920K->303776K(1906176K), 0.1581078 secs] [Times: user=0.94 sys=0.01, real=0.16 secs] 
5010.844: [GC (Allocation Failure) [PSYoungGen: 407200K->157312K(474624K)] 620704K->458965K(1872896K), 0.0681008 secs] [Times: user=0.41 sys=0.00, real=0.07 secs] 
5013.662: [GC (Allocation Failure) [PSYoungGen: 474240K->94688K(503808K)] 775893K->553857K(1902080K), 0.1658267 secs] [Times: user=0.99 sys=0.00, real=0.17 secs] 
5014.111: [GC (Allocation Failure) [PSYoungGen: 401888K->151872K(459264K)] 861057K->700032K(1857536K), 0.0550126 secs] [Times: user=0.32 sys=0.01, real=0.06 secs] 
5017.775: [GC (Allocation Failure) [PSYoungGen: 459072K->87232K(501248K)] 1007232K->786884K(1899520K), 0.1685526 secs] [Times: user=1.01 sys=0.00, real=0.16 secs] 
5018.673: [GC (Allocation Failure) [PSYoungGen: 390336K->147456K(451072K)] 1089988K->928765K(1849344K), 0.0535345 secs] [Times: user=0.32 sys=0.00, real=0.06 secs] 
5021.246: [GC (Allocation Failure) [PSYoungGen: 450560K->89344K(500736K)] 1231869K->1017517K(1899008K), 0.1468072 secs] [Times: user=0.87 sys=0.00, real=0.14 secs] 
5022.532: [GC (Allocation Failure) [PSYoungGen: 390376K->141856K(499200K)] 1318550K->1155590K(1897472K), 0.0498238 secs] [Times: user=0.30 sys=0.00, real=0.05 secs] 
5024.779: [GC (Allocation Failure) [PSYoungGen: 442912K->97088K(496128K)] 1456646K->1243690K(1894400K), 0.1626689 secs] [Times: user=0.96 sys=0.00, real=0.16 secs] 
5026.389: [GC (Allocation Failure) [PSYoungGen: 399680K->145696K(497664K)] 1546282K->1385795K(1895936K), 0.0495047 secs] [Times: user=0.30 sys=0.00, real=0.05 secs] 
5026.438: [Full GC (Ergonomics) [PSYoungGen: 145696K->0K(497664K)] [ParOldGen: 1240099K->187886K(1398272K)] 1385795K->187886K(1895936K), [Metaspace: 59654K->59654K(1105920K)], 0.4490970 secs] [Times: user=2.07 sys=0.00, real=0.45 secs] 
5028.531: [GC (Allocation Failure) [PSYoungGen: 302592K->101248K(498688K)] 490478K->289134K(1896960K), 0.0859978 secs] [Times: user=0.50 sys=0.01, real=0.09 secs] 
5030.600: [GC (Allocation Failure) [PSYoungGen: 407936K->145728K(500224K)] 595822K->428327K(1898496K), 0.0490775 secs] [Times: user=0.29 sys=0.00, real=0.05 secs] 
5032.301: [GC (Allocation Failure) [PSYoungGen: 452416K->101024K(500736K)] 735015K->520543K(1899008K), 0.1405542 secs] [Times: user=0.84 sys=0.00, real=0.14 secs] 
5034.190: [GC (Allocation Failure) [PSYoungGen: 411296K->153760K(464384K)] 830815K->671984K(1862656K), 0.0505199 secs] [Times: user=0.30 sys=0.00, real=0.05 secs] 
5036.927: [GC (Allocation Failure) [PSYoungGen: 464032K->100512K(505344K)] 982256K->755384K(1903616K), 0.0749014 secs] [Times: user=0.45 sys=0.00, real=0.07 secs] 
5038.785: [GC (Allocation Failure) [PSYoungGen: 408736K->145024K(501760K)] 1063608K->898030K(1900032K), 0.0509793 secs] [Times: user=0.30 sys=0.00, real=0.05 secs] 
5041.976: [GC (Allocation Failure) [PSYoungGen: 453248K->101376K(501248K)] 1206254K->990654K(1899520K), 0.0651372 secs] [Times: user=0.38 sys=0.00, real=0.06 secs] 
5042.703: [GC (Allocation Failure) [PSYoungGen: 411648K->144416K(502272K)] 1300926K->1133163K(1900544K), 0.0519410 secs] [Times: user=0.30 sys=0.01, real=0.06 secs] 
5045.219: [GC (Allocation Failure) [PSYoungGen: 454688K->104896K(501248K)] 1443435K->1228859K(1899520K), 0.0653820 secs] [Times: user=0.39 sys=0.00, real=0.07 secs] 
5046.313: [GC (Allocation Failure) [PSYoungGen: 418240K->148448K(503296K)] 1542203K->1375604K(1901568K), 0.0890357 secs] [Times: user=0.53 sys=0.00, real=0.09 secs] 
5046.402: [Full GC (Ergonomics) [PSYoungGen: 148448K->0K(503296K)] [ParOldGen: 1227156K->175008K(1398272K)] 1375604K->175008K(1901568K), [Metaspace: 59656K->59656K(1105920K)], 0.4328434 secs] [Times: user=1.94 sys=0.00, real=0.44 secs] 
5051.049: [GC (GCLocker Initiated GC) [PSYoungGen: 313344K->100608K(506368K)] 488353K->275618K(1904640K), 0.0395374 secs] [Times: user=0.23 sys=0.00, real=0.04 secs] 
5051.913: [GC (Allocation Failure) [PSYoungGen: 417024K->147136K(506368K)] 592036K->420781K(1904640K), 0.0520225 secs] [Times: user=0.31 sys=0.00, real=0.06 secs] 
5053.563: [GC (Allocation Failure) [PSYoungGen: 463552K->105952K(504320K)] 737197K->518125K(1902592K), 0.0739761 secs] [Times: user=0.44 sys=0.00, real=0.08 secs] 
5054.997: [GC (Allocation Failure) [PSYoungGen: 422368K->148320K(505344K)] 834541K->664561K(1903616K), 0.0522887 secs] [Times: user=0.31 sys=0.00, real=0.05 secs] 
5057.801: [GC (Allocation Failure) [PSYoungGen: 464736K->104896K(506368K)] 980977K->760745K(1904640K), 0.0686909 secs] [Times: user=0.41 sys=0.00, real=0.07 secs] 
5059.047: [GC (Allocation Failure) [PSYoungGen: 423360K->152544K(471040K)] 1079209K->911402K(1869312K), 0.1301787 secs] [Times: user=0.77 sys=0.00, real=0.13 secs] 
5062.198: [GC (Allocation Failure) [PSYoungGen: 471008K->101376K(508416K)] 1229866K->1004682K(1906688K), 0.1680118 secs] [Times: user=0.99 sys=0.01, real=0.17 secs] 
5063.763: [GC (Allocation Failure) [PSYoungGen: 416768K->151200K(466944K)] 1320074K->1151863K(1865216K), 0.0505697 secs] [Times: user=0.30 sys=0.00, real=0.05 secs] 
5065.967: [GC (Allocation Failure) [PSYoungGen: 466592K->102720K(507392K)] 1467255K->1245759K(1905664K), 0.1601286 secs] [Times: user=0.95 sys=0.00, real=0.16 secs] 
5068.389: [GC (Allocation Failure) [PSYoungGen: 416064K->148640K(504832K)] 1559103K->1390476K(1903104K), 0.0509995 secs] [Times: user=0.30 sys=0.00, real=0.05 secs] 
5068.440: [Full GC (Ergonomics) [PSYoungGen: 148640K->0K(504832K)] [ParOldGen: 1241836K->187698K(1398272K)] 1390476K->187698K(1903104K), [Metaspace: 59656K->59656K(1105920K)], 0.4627911 secs] [Times: user=2.17 sys=0.00, real=0.46 secs] 
5070.970: [GC (Allocation Failure) [PSYoungGen: 313344K->101696K(505344K)] 501042K->289394K(1903616K), 0.0706807 secs] [Times: user=0.42 sys=0.01, real=0.07 secs] 
5073.038: [GC (Allocation Failure) [PSYoungGen: 415552K->160032K(474112K)] 603250K->445170K(1872384K), 0.0506991 secs] [Times: user=0.30 sys=0.00, real=0.05 secs] 
5074.753: [GC (GCLocker Initiated GC) [PSYoungGen: 473888K->101632K(503808K)] 759026K->530094K(1902080K), 0.1604870 secs] [Times: user=0.95 sys=0.01, real=0.16 secs] 
5077.048: [GC (Allocation Failure) [PSYoungGen: 407808K->145184K(501248K)] 836318K->671107K(1899520K), 0.0498017 secs] [Times: user=0.29 sys=0.00, real=0.05 secs] 
5078.829: [GC (Allocation Failure) [PSYoungGen: 451360K->102112K(500736K)] 977283K->764235K(1899008K), 0.1478005 secs] [Times: user=0.87 sys=0.00, real=0.15 secs] 
5080.674: [GC (Allocation Failure) [PSYoungGen: 410336K->146144K(501248K)] 1072459K->906412K(1899520K), 0.0509218 secs] [Times: user=0.30 sys=0.00, real=0.06 secs] 
5082.464: [GC (Allocation Failure) [PSYoungGen: 454368K->103488K(501760K)] 1214636K->1000584K(1900032K), 0.1511228 secs] [Times: user=0.90 sys=0.00, real=0.15 secs] 
5083.928: [GC (Allocation Failure) [PSYoungGen: 415296K->147616K(503296K)] 1312392K->1145373K(1901568K), 0.0523572 secs] [Times: user=0.31 sys=0.00, real=0.05 secs] 
5086.011: [GC (Allocation Failure) [PSYoungGen: 459424K->103488K(504320K)] 1457181K->1239917K(1902592K), 0.1714914 secs] [Times: user=1.02 sys=0.00, real=0.17 secs] 
5087.679: [GC (Allocation Failure) [PSYoungGen: 417344K->148256K(504832K)] 1553773K->1385898K(1903104K), 0.0529308 secs] [Times: user=0.31 sys=0.00, real=0.05 secs] 
5087.732: [Full GC (Ergonomics) [PSYoungGen: 148256K->0K(504832K)] [ParOldGen: 1237642K->184707K(1398272K)] 1385898K->184707K(1903104K), [Metaspace: 59656K->59656K(1105920K)], 0.4248487 secs] [Times: user=1.87 sys=0.01, real=0.43 secs] 
5090.882: [GC (Allocation Failure) [PSYoungGen: 313856K->102176K(504832K)] 498563K->286883K(1903104K), 0.0686388 secs] [Times: user=0.41 sys=0.00, real=0.07 secs] 
5092.186: [GC (Allocation Failure) [PSYoungGen: 417056K->150720K(505344K)] 601763K->434676K(1903616K), 0.0514226 secs] [Times: user=0.31 sys=0.00, real=0.05 secs] 
5094.337: [GC (Allocation Failure) [PSYoungGen: 465600K->101344K(506368K)] 749556K->527288K(1904640K), 0.1540849 secs] [Times: user=0.92 sys=0.00, real=0.15 secs] 
5095.980: [GC (Allocation Failure) [PSYoungGen: 415200K->150752K(464896K)] 841144K->674556K(1863168K), 0.0508231 secs] [Times: user=0.30 sys=0.00, real=0.05 secs] 
5098.285: [GC (Allocation Failure) [PSYoungGen: 464608K->102656K(506880K)] 988412K->768716K(1905152K), 0.0671134 secs] [Times: user=0.40 sys=0.00, real=0.06 secs] 
5099.242: [GC (Allocation Failure) [PSYoungGen: 414976K->149632K(504320K)] 1081036K->915678K(1902592K), 0.0511052 secs] [Times: user=0.30 sys=0.00, real=0.05 secs] 
5102.118: [GC (Allocation Failure) [PSYoungGen: 461952K->100832K(504320K)] 1227998K->1008262K(1902592K), 0.1445011 secs] [Times: user=0.86 sys=0.01, real=0.14 secs] 
5103.536: [GC (Allocation Failure) [PSYoungGen: 413152K->148704K(504320K)] 1320582K->1153215K(1902592K), 0.0502931 secs] [Times: user=0.30 sys=0.00, real=0.05 secs] 
5105.340: [GC (Allocation Failure) [PSYoungGen: 461024K->102144K(504320K)] 1465535K->1246331K(1902592K), 0.1551310 secs] [Times: user=0.92 sys=0.00, real=0.16 secs] 
5107.448: [GC (Allocation Failure) [PSYoungGen: 414464K->148480K(504320K)] 1558651K->1391164K(1902592K), 0.0519170 secs] [Times: user=0.31 sys=0.00, real=0.05 secs] 
5107.500: [Full GC (Ergonomics) [PSYoungGen: 148480K->0K(504320K)] [ParOldGen: 1242684K->188559K(1398272K)] 1391164K->188559K(1902592K), [Metaspace: 59656K->59656K(1105920K)], 0.4532654 secs] [Times: user=2.11 sys=0.00, real=0.45 secs] 
5111.676: [GC (Allocation Failure) [PSYoungGen: 312320K->101408K(503808K)] 500879K->289967K(1902080K), 0.0597038 secs] [Times: user=0.36 sys=0.00, real=0.06 secs] 
5112.288: [GC (Allocation Failure) [PSYoungGen: 414240K->149888K(504320K)] 602799K->436804K(1902592K), 0.0506971 secs] [Times: user=0.30 sys=0.00, real=0.05 secs] 
5115.155: [GC (Allocation Failure) [PSYoungGen: 462720K->100032K(505344K)] 749636K->527964K(1903616K), 0.1703845 secs] [Times: user=1.01 sys=0.01, real=0.17 secs] 
5115.961: [GC (Allocation Failure) [PSYoungGen: 411840K->150720K(462848K)] 839772K->675537K(1861120K), 0.0517469 secs] [Times: user=0.30 sys=0.00, real=0.05 secs] 
5118.257: [GC (Allocation Failure) [PSYoungGen: 462528K->103008K(506368K)] 987345K->770042K(1904640K), 0.1189586 secs] [Times: user=0.71 sys=0.00, real=0.12 secs] 
5119.271: [GC (Allocation Failure) [PSYoungGen: 413792K->149184K(503296K)] 1080826K->916118K(1901568K), 0.0512917 secs] [Times: user=0.30 sys=0.00, real=0.05 secs] 
5122.720: [GC (Allocation Failure) [PSYoungGen: 459968K->98336K(504320K)] 1226902K->1006094K(1902592K), 0.1464362 secs] [Times: user=0.88 sys=0.00, real=0.15 secs] 
5123.451: [GC (Allocation Failure) [PSYoungGen: 409120K->149088K(460288K)] 1316878K->1152341K(1858560K), 0.0621040 secs] [Times: user=0.37 sys=0.00, real=0.06 secs] 
5125.716: [GC (Allocation Failure) [PSYoungGen: 459872K->100672K(505856K)] 1463125K->1244485K(1904128K), 0.1044480 secs] [Times: user=0.62 sys=0.00, real=0.10 secs] 
5126.871: [GC (Allocation Failure) [PSYoungGen: 410944K->150784K(461312K)] 1554757K->1391290K(1859584K), 0.0512552 secs] [Times: user=0.30 sys=0.00, real=0.05 secs] 
5126.922: [Full GC (Ergonomics) [PSYoungGen: 150784K->0K(461312K)] [ParOldGen: 1240506K->188059K(1398272K)] 1391290K->188059K(1859584K), [Metaspace: 59656K->59656K(1105920K)], 0.4539160 secs] [Times: user=2.11 sys=0.00, real=0.46 secs] 
5131.438: [GC (Allocation Failure) [PSYoungGen: 310272K->97088K(504832K)] 498331K->285147K(1903104K), 0.0310211 secs] [Times: user=0.19 sys=0.00, real=0.03 secs] 
5132.463: [GC (Allocation Failure) [PSYoungGen: 405824K->144416K(502784K)] 593883K->427499K(1901056K), 0.0570312 secs] [Times: user=0.33 sys=0.01, real=0.06 secs] 
5135.188: [GC (Allocation Failure) [PSYoungGen: 453152K->100160K(501248K)] 736235K->519147K(1899520K), 0.0685008 secs] [Times: user=0.41 sys=0.01, real=0.07 secs] 
5136.182: [GC (Allocation Failure) [PSYoungGen: 410432K->144000K(502272K)] 829419K->661364K(1900544K), 0.1198309 secs] [Times: user=0.72 sys=0.00, real=0.12 secs] 
5139.192: [GC (Allocation Failure) [PSYoungGen: 454272K->101728K(502784K)] 971636K->754516K(1901056K), 0.0755002 secs] [Times: user=0.45 sys=0.00, real=0.08 secs] 
5140.065: [GC (Allocation Failure) [PSYoungGen: 415584K->147936K(504320K)] 1068372K->900626K(1902592K), 0.0719594 secs] [Times: user=0.42 sys=0.00, real=0.07 secs] 
5143.065: [GC (Allocation Failure) [PSYoungGen: 461792K->106016K(503808K)] 1214482K->998010K(1902080K), 0.0663452 secs] [Times: user=0.39 sys=0.00, real=0.06 secs] 
5144.831: [GC (Allocation Failure) [PSYoungGen: 421408K->146144K(504832K)] 1313402K->1141535K(1903104K), 0.0523242 secs] [Times: user=0.31 sys=0.00, real=0.05 secs] 
5146.242: [GC (Allocation Failure) [PSYoungGen: 461536K->107520K(504320K)] 1456927K->1240135K(1902592K), 0.0926000 secs] [Times: user=0.55 sys=0.00, real=0.10 secs] 
5147.285: [GC (Allocation Failure) [PSYoungGen: 425472K->150784K(505856K)] 1558087K->1389052K(1904128K), 0.0738126 secs] [Times: user=0.44 sys=0.00, real=0.07 secs] 
5147.359: [Full GC (Ergonomics) [PSYoungGen: 150784K->0K(505856K)] [ParOldGen: 1238268K->187046K(1398272K)] 1389052K->187046K(1904128K), [Metaspace: 59694K->59694K(1105920K)], 0.4565185 secs] [Times: user=2.12 sys=0.00, real=0.46 secs] 
5149.832: [GC (Allocation Failure) [PSYoungGen: 317952K->103520K(508416K)] 504998K->290566K(1906688K), 0.0934500 secs] [Times: user=0.55 sys=0.00, real=0.10 secs] 
5151.293: [GC (Allocation Failure) [PSYoungGen: 421984K->154752K(473600K)] 609030K->441769K(1871872K), 0.0530140 secs] [Times: user=0.31 sys=0.00, real=0.06 secs] 
5154.068: [GC (Allocation Failure) [PSYoungGen: 473216K->101312K(507392K)] 760233K->534977K(1905664K), 0.1617281 secs] [Times: user=0.96 sys=0.00, real=0.16 secs] 
5155.767: [GC (Allocation Failure) [PSYoungGen: 415168K->150720K(464896K)] 848833K->681794K(1863168K), 0.0496984 secs] [Times: user=0.30 sys=0.00, real=0.05 secs] 
5159.726: [GC (Allocation Failure) [PSYoungGen: 464576K->101216K(506880K)] 995650K->774438K(1905152K), 0.1499722 secs] [Times: user=0.89 sys=0.00, real=0.15 secs] 
5161.043: [GC (Allocation Failure) [PSYoungGen: 413536K->149472K(504320K)] 1086758K->919731K(1902592K), 0.0498792 secs] [Times: user=0.30 sys=0.00, real=0.05 secs] 
5162.640: [GC (Allocation Failure) [PSYoungGen: 461792K->105760K(503296K)] 1232051K->1016303K(1901568K), 0.1340432 secs] [Times: user=0.79 sys=0.00, real=0.13 secs] 
5163.512: [GC (Allocation Failure) [PSYoungGen: 410540K->146368K(503808K)] 1321083K->1159000K(1902080K), 0.0516578 secs] [Times: user=0.31 sys=0.00, real=0.05 secs] 
5166.456: [GC (Allocation Failure) [PSYoungGen: 458688K->99200K(504832K)] 1471320K->1249232K(1903104K), 0.1641825 secs] [Times: user=0.97 sys=0.01, real=0.16 secs] 
5167.667: [GC (Allocation Failure) [PSYoungGen: 413568K->151392K(465920K)] 1563600K->1396853K(1864192K), 0.0505319 secs] [Times: user=0.30 sys=0.00, real=0.05 secs] 
5167.718: [Full GC (Ergonomics) [PSYoungGen: 151392K->0K(465920K)] [ParOldGen: 1245461K->195395K(1398272K)] 1396853K->195395K(1864192K), [Metaspace: 59694K->59694K(1105920K)], 0.4791374 secs] [Times: user=2.23 sys=0.00, real=0.48 secs] 
5170.335: [GC (Allocation Failure) [PSYoungGen: 314368K->102304K(506880K)] 509763K->297699K(1905152K), 0.0877930 secs] [Times: user=0.52 sys=0.00, real=0.08 secs] 
5172.140: [GC (Allocation Failure) [PSYoungGen: 414624K->156512K(468992K)] 610019K->450584K(1867264K), 0.0493539 secs] [Times: user=0.29 sys=0.01, real=0.05 secs] 
5173.915: [GC (Allocation Failure) [PSYoungGen: 468832K->103840K(504832K)] 762904K->537152K(1903104K), 0.1429949 secs] [Times: user=0.85 sys=0.00, real=0.14 secs] 
5174.838: [GC (Allocation Failure) [PSYoungGen: 406563K->146944K(501760K)] 839876K->680788K(1900032K), 0.0507961 secs] [Times: user=0.30 sys=0.00, real=0.05 secs] 
5177.713: [GC (Allocation Failure) [PSYoungGen: 454656K->96384K(503808K)] 988500K->769053K(1902080K), 0.1694493 secs] [Times: user=1.01 sys=0.00, real=0.17 secs] 
5179.551: [GC (Allocation Failure) [PSYoungGen: 405120K->148288K(502784K)] 1077789K->913413K(1901056K), 0.0496539 secs] [Times: user=0.30 sys=0.00, real=0.05 secs] 
5181.295: [GC (Allocation Failure) [PSYoungGen: 457024K->102688K(501248K)] 1222149K->1007481K(1899520K), 0.1357756 secs] [Times: user=0.80 sys=0.01, real=0.13 secs] 
5182.846: [GC (Allocation Failure) [PSYoungGen: 411936K->147488K(502272K)] 1316729K->1151006K(1900544K), 0.0513624 secs] [Times: user=0.31 sys=0.00, real=0.05 secs] 
5184.685: [GC (Allocation Failure) [PSYoungGen: 456736K->102336K(502272K)] 1460254K->1244146K(1900544K), 0.1541899 secs] [Times: user=0.92 sys=0.00, real=0.15 secs] 
5185.847: [GC (Allocation Failure) [PSYoungGen: 413632K->150752K(503296K)] 1555442K->1390981K(1901568K), 0.0523594 secs] [Times: user=0.30 sys=0.00, real=0.05 secs] 
5185.900: [Full GC (Ergonomics) [PSYoungGen: 150752K->0K(503296K)] [ParOldGen: 1240229K->190556K(1398272K)] 1390981K->190556K(1901568K), [Metaspace: 59694K->59694K(1105920K)], 0.4685002 secs] [Times: user=2.20 sys=0.00, real=0.47 secs] 
5188.085: [GC (Allocation Failure) [PSYoungGen: 311296K->102560K(504320K)] 501852K->293116K(1902592K), 0.0933482 secs] [Times: user=0.55 sys=0.00, real=0.09 secs] 
5190.054: [GC (Allocation Failure) [PSYoungGen: 413856K->148064K(503808K)] 604412K->437425K(1902080K), 0.0500781 secs] [Times: user=0.29 sys=0.00, real=0.05 secs] 
5191.454: [GC (Allocation Failure) [PSYoungGen: 459360K->103168K(502272K)] 748721K->531609K(1900544K), 0.0883784 secs] [Times: user=0.53 sys=0.00, real=0.09 secs] 
5192.105: [GC (Allocation Failure) [PSYoungGen: 414976K->152384K(503296K)] 843417K->680638K(1901568K), 0.0510851 secs] [Times: user=0.30 sys=0.00, real=0.05 secs] 
5195.435: [GC (Allocation Failure) [PSYoungGen: 464192K->98464K(505344K)] 992446K->770870K(1903616K), 0.1202689 secs] [Times: user=0.72 sys=0.00, real=0.12 secs] 
5196.321: [GC (Allocation Failure) [PSYoungGen: 408224K->151040K(461312K)] 1080630K->918920K(1859584K), 0.0585824 secs] [Times: user=0.35 sys=0.00, real=0.06 secs] 
5199.711: [GC (Allocation Failure) [PSYoungGen: 460800K->96960K(504320K)] 1228680K->1007848K(1902592K), 0.1686154 secs] [Times: user=1.01 sys=0.01, real=0.17 secs] 
5200.674: [GC (Allocation Failure) [PSYoungGen: 404672K->149984K(457728K)] 1315560K->1154185K(1856000K), 0.0498092 secs] [Times: user=0.30 sys=0.00, real=0.04 secs] 
5202.790: [GC (Allocation Failure) [PSYoungGen: 457696K->96640K(503808K)] 1461897K->1242305K(1902080K), 0.1590469 secs] [Times: user=0.94 sys=0.00, real=0.16 secs] 
5204.817: [GC (Allocation Failure) [PSYoungGen: 403328K->146304K(501760K)] 1548993K->1384902K(1900032K), 0.0502472 secs] [Times: user=0.30 sys=0.00, real=0.05 secs] 
5204.867: [Full GC (Ergonomics) [PSYoungGen: 146304K->0K(501760K)] [ParOldGen: 1238598K->182872K(1398272K)] 1384902K->182872K(1900032K), [Metaspace: 59694K->59694K(1105920K)], 0.4332931 secs] [Times: user=2.00 sys=0.00, real=0.43 secs] 
5207.104: [GC (Allocation Failure) [PSYoungGen: 306688K->102592K(499200K)] 489560K->285465K(1897472K), 0.0988913 secs] [Times: user=0.58 sys=0.00, real=0.10 secs] 
5209.702: [GC (Allocation Failure) [PSYoungGen: 409792K->142752K(500736K)] 592665K->425077K(1899008K), 0.0507624 secs] [Times: user=0.30 sys=0.00, real=0.05 secs] 
5210.951: [GC (Allocation Failure) [PSYoungGen: 449952K->104000K(499200K)] 732277K->520637K(1897472K), 0.0667793 secs] [Times: user=0.39 sys=0.00, real=0.07 secs] 
5212.866: [GC (Allocation Failure) [PSYoungGen: 415808K->144192K(502272K)] 832445K->662727K(1900544K), 0.0512906 secs] [Times: user=0.30 sys=0.00, real=0.05 secs] 
5216.496: [GC (GCLocker Initiated GC) [PSYoungGen: 456000K->104160K(503296K)] 974537K->757621K(1901568K), 0.0645091 secs] [Times: user=0.39 sys=0.01, real=0.06 secs] 
5218.854: [GC (Allocation Failure) [PSYoungGen: 421088K->146688K(505344K)] 1074584K->901617K(1903616K), 0.0519313 secs] [Times: user=0.31 sys=0.00, real=0.06 secs] 
5220.357: [GC (Allocation Failure) [PSYoungGen: 463616K->109376K(505344K)] 1218545K->1001949K(1903616K), 0.1046118 secs] [Times: user=0.63 sys=0.00, real=0.10 secs] 
5222.706: [GC (Allocation Failure) [PSYoungGen: 429376K->148576K(506880K)] 1321949K->1148061K(1905152K), 0.0542434 secs] [Times: user=0.32 sys=0.00, real=0.05 secs] 
5225.705: [GC (Allocation Failure) [PSYoungGen: 468576K->104992K(508928K)] 1468061K->1244173K(1907200K), 0.1427044 secs] [Times: user=0.85 sys=0.00, real=0.14 secs] 
5226.916: [GC (Allocation Failure) [PSYoungGen: 427040K->162848K(485376K)] 1566221K->1403678K(1883648K), 0.0535450 secs] [Times: user=0.32 sys=0.00, real=0.05 secs] 
5226.969: [Full GC (Ergonomics) [PSYoungGen: 162848K->0K(485376K)] [ParOldGen: 1240830K->193151K(1398272K)] 1403678K->193151K(1883648K), [Metaspace: 59694K->59694K(1105920K)], 0.4704849 secs] [Times: user=2.19 sys=0.01, real=0.47 secs] 
5229.298: [GC (GCLocker Initiated GC) [PSYoungGen: 322048K->107616K(506880K)] 515201K->300770K(1905152K), 0.0777118 secs] [Times: user=0.45 sys=0.01, real=0.08 secs] 
5230.097: [GC (Allocation Failure) [PSYoungGen: 419424K->140256K(452096K)] 628995K->453854K(1850368K), 0.2007777 secs] [Times: user=1.21 sys=0.00, real=0.20 secs] 
5232.985: [GC (Allocation Failure) [PSYoungGen: 451889K->93824K(502784K)] 765488K->547482K(1901056K), 0.3960476 secs] [Times: user=2.37 sys=0.01, real=0.39 secs] 
5233.813: [GC (Allocation Failure) [PSYoungGen: 406144K->149536K(502272K)] 859802K->693175K(1900544K), 0.0530090 secs] [Times: user=0.32 sys=0.00, real=0.06 secs] 
5236.411: [GC (Allocation Failure) [PSYoungGen: 461802K->92480K(506880K)] 1005441K->785487K(1905152K), 0.1466255 secs] [Times: user=0.88 sys=0.00, real=0.15 secs] 
5237.604: [GC (Allocation Failure) [PSYoungGen: 406336K->149824K(463872K)] 1099343K->932044K(1862144K), 0.1094755 secs] [Times: user=0.65 sys=0.00, real=0.11 secs] 
5241.734: [GC (Allocation Failure) [PSYoungGen: 463680K->91424K(504832K)] 1245900K->1023592K(1903104K), 0.1552212 secs] [Times: user=0.93 sys=0.00, real=0.16 secs] 
5242.747: [GC (Allocation Failure) [PSYoungGen: 401184K->150592K(460800K)] 1333352K->1170653K(1859072K), 0.0550823 secs] [Times: user=0.33 sys=0.00, real=0.05 secs] 
5245.878: [GC (Allocation Failure) [PSYoungGen: 460352K->88960K(502784K)] 1480413K->1259789K(1901056K), 0.1793582 secs] [Times: user=1.07 sys=0.01, real=0.18 secs] 
5246.710: [GC (Allocation Failure) [PSYoungGen: 383347K->141248K(501760K)] 1554177K->1397614K(1900032K), 0.0508672 secs] [Times: user=0.30 sys=0.00, real=0.05 secs] 
5246.761: [Full GC (Ergonomics) [PSYoungGen: 141248K->0K(501760K)] [ParOldGen: 1256366K->195731K(1398272K)] 1397614K->195731K(1900032K), [Metaspace: 59694K->59694K(1105920K)], 0.4846542 secs] [Times: user=2.25 sys=0.01, real=0.49 secs] 
5250.022: [GC (Allocation Failure) [PSYoungGen: 305664K->94048K(499712K)] 501395K->289779K(1897984K), 0.0993690 secs] [Times: user=0.59 sys=0.00, real=0.10 secs] 
5251.790: [GC (Allocation Failure) [PSYoungGen: 400736K->146496K(500736K)] 596467K->432444K(1899008K), 0.0475870 secs] [Times: user=0.28 sys=0.00, real=0.05 secs] 
5253.938: [GC (Allocation Failure) [PSYoungGen: 453184K->100352K(500736K)] 739132K->523856K(1899008K), 0.0857295 secs] [Times: user=0.51 sys=0.01, real=0.08 secs] 
5255.088: [GC (Allocation Failure) [PSYoungGen: 409088K->147680K(501760K)] 832592K->669702K(1900032K), 0.0631490 secs] [Times: user=0.38 sys=0.00, real=0.06 secs] 
5258.229: [GC (Allocation Failure) [PSYoungGen: 456416K->98592K(502272K)] 978438K->760162K(1900544K), 0.0758653 secs] [Times: user=0.45 sys=0.00, real=0.08 secs] 
5258.726: [GC (Allocation Failure) [PSYoungGen: 408864K->147296K(502784K)] 1070434K->905452K(1901056K), 0.0505723 secs] [Times: user=0.30 sys=0.00, real=0.05 secs] 
5261.260: [GC (Allocation Failure) [PSYoungGen: 457568K->101920K(502784K)] 1215724K->998620K(1901056K), 0.0934220 secs] [Times: user=0.56 sys=0.00, real=0.09 secs] 
5262.822: [GC (GCLocker Initiated GC) [PSYoungGen: 413216K->147136K(503296K)] 1309917K->1144018K(1901568K), 0.1041102 secs] [Times: user=0.62 sys=0.00, real=0.11 secs] 
5265.643: [GC (Allocation Failure) [PSYoungGen: 458432K->103008K(502784K)] 1455348K->1238924K(1901056K), 0.1259016 secs] [Times: user=0.75 sys=0.01, real=0.13 secs] 
5267.625: [GC (GCLocker Initiated GC) [PSYoungGen: 415840K->143712K(503808K)] 1551759K->1379711K(1902080K), 0.0516544 secs] [Times: user=0.31 sys=0.01, real=0.05 secs] 
5267.676: [Full GC (Ergonomics) [PSYoungGen: 143712K->0K(503808K)] [ParOldGen: 1235998K->177769K(1398272K)] 1379711K->177769K(1902080K), [Metaspace: 59694K->59694K(1105920K)], 0.4282174 secs] [Times: user=1.98 sys=0.00, real=0.43 secs] 
5269.442: [GC (Allocation Failure) [PSYoungGen: 312832K->105824K(501760K)] 490602K->283594K(1900032K), 0.0570563 secs] [Times: user=0.34 sys=0.00, real=0.06 secs] 
5270.825: [GC (Allocation Failure) [PSYoungGen: 421728K->150624K(504320K)] 599498K->431671K(1902592K), 0.0532506 secs] [Times: user=0.32 sys=0.00, real=0.05 secs] 
5273.693: [GC (Allocation Failure) [PSYoungGen: 466528K->103840K(507392K)] 747575K->527215K(1905664K), 0.1261420 secs] [Times: user=0.76 sys=0.00, real=0.13 secs] 
5275.564: [GC (Allocation Failure) [PSYoungGen: 420768K->148448K(506368K)] 844143K->672228K(1904640K), 0.0517918 secs] [Times: user=0.29 sys=0.01, real=0.06 secs] 
5277.525: [GC (Allocation Failure) [PSYoungGen: 465376K->104384K(505856K)] 989156K->767532K(1904128K), 0.1631284 secs] [Times: user=0.97 sys=0.00, real=0.16 secs] 
5279.139: [GC (Allocation Failure) [PSYoungGen: 421824K->150752K(506368K)] 1084972K->914405K(1904640K), 0.0522316 secs] [Times: user=0.31 sys=0.00, real=0.05 secs] 
5283.844: [GC (Allocation Failure) [PSYoungGen: 468192K->98816K(507904K)] 1231845K->1004305K(1906176K), 0.1733024 secs] [Times: user=1.03 sys=0.00, real=0.17 secs] 
5285.687: [GC (Allocation Failure) [PSYoungGen: 414720K->150560K(466944K)] 1320209K->1151952K(1865216K), 0.0698496 secs] [Times: user=0.41 sys=0.00, real=0.07 secs] 
5288.821: [GC (Allocation Failure) [PSYoungGen: 466464K->102304K(507392K)] 1467856K->1246080K(1905664K), 0.1622709 secs] [Times: user=0.96 sys=0.00, real=0.16 secs] 
5290.695: [GC (Allocation Failure) [PSYoungGen: 415648K->149184K(504832K)] 1559424K->1391493K(1903104K), 0.0516576 secs] [Times: user=0.31 sys=0.00, real=0.05 secs] 
5290.747: [Full GC (Ergonomics) [PSYoungGen: 149184K->0K(504832K)] [ParOldGen: 1242308K->187747K(1398272K)] 1391493K->187747K(1903104K), [Metaspace: 59694K->59694K(1105920K)], 0.4553486 secs] [Times: user=2.13 sys=0.00, real=0.45 secs] 
5293.267: [GC (Allocation Failure) [PSYoungGen: 313344K->102176K(504832K)] 501091K->289923K(1903104K), 0.0842384 secs] [Times: user=0.49 sys=0.00, real=0.08 secs] 
5294.728: [GC (Allocation Failure) [PSYoungGen: 415520K->150304K(463872K)] 603267K->436668K(1862144K), 0.0506843 secs] [Times: user=0.30 sys=0.00, real=0.05 secs] 
5297.090: [GC (Allocation Failure) [PSYoungGen: 463648K->102912K(507392K)] 750012K->531116K(1905664K), 0.1712610 secs] [Times: user=1.02 sys=0.00, real=0.17 secs] 
5299.533: [GC (Allocation Failure) [PSYoungGen: 415744K->148064K(504320K)] 843948K->674849K(1902592K), 0.0502641 secs] [Times: user=0.30 sys=0.00, real=0.05 secs] 
5301.250: [GC (Allocation Failure) [PSYoungGen: 460896K->103808K(504320K)] 987681K->769629K(1902592K), 0.1392118 secs] [Times: user=0.83 sys=0.00, real=0.14 secs] 
5302.458: [GC (Allocation Failure) [PSYoungGen: 417664K->149472K(504832K)] 1083485K->914893K(1903104K), 0.0517639 secs] [Times: user=0.31 sys=0.00, real=0.05 secs] 
5304.061: [GC (Allocation Failure) [PSYoungGen: 463328K->106752K(504320K)] 1228749K->1012761K(1902592K), 0.1182497 secs] [Times: user=0.70 sys=0.00, real=0.12 secs] 
5305.994: [GC (Allocation Failure) [PSYoungGen: 418734K->148544K(504832K)] 1324744K->1157626K(1903104K), 0.0526300 secs] [Times: user=0.31 sys=0.00, real=0.06 secs] 
5308.147: [GC (Allocation Failure) [PSYoungGen: 462912K->100672K(506368K)] 1471994K->1249818K(1904640K), 0.1721116 secs] [Times: user=1.02 sys=0.01, real=0.17 secs] 
5309.462: [GC (Allocation Failure) [PSYoungGen: 410957K->150144K(466432K)] 1560104K->1396023K(1864704K), 0.0503919 secs] [Times: user=0.30 sys=0.00, real=0.05 secs] 
5309.512: [Full GC (Ergonomics) [PSYoungGen: 150144K->0K(466432K)] [ParOldGen: 1245879K->195714K(1398272K)] 1396023K->195714K(1864704K), [Metaspace: 59694K->59694K(1105920K)], 0.4762545 secs] [Times: user=2.22 sys=0.00, real=0.48 secs] 
5312.121: [GC (Allocation Failure) [PSYoungGen: 315904K->100992K(507392K)] 511618K->296706K(1905664K), 0.0958553 secs] [Times: user=0.57 sys=0.00, real=0.10 secs] 
5313.922: [GC (Allocation Failure) [PSYoungGen: 414848K->149984K(463872K)] 610562K->442566K(1862144K), 0.0490079 secs] [Times: user=0.29 sys=0.00, real=0.05 secs] 
5316.057: [GC (Allocation Failure) [PSYoungGen: 463840K->100032K(506880K)] 756422K->533790K(1905152K), 0.1661640 secs] [Times: user=0.99 sys=0.00, real=0.16 secs] 
5317.664: [GC (Allocation Failure) [PSYoungGen: 412864K->150272K(463360K)] 846622K->680383K(1861632K), 0.0927150 secs] [Times: user=0.55 sys=0.00, real=0.10 secs] 
5319.658: [GC (Allocation Failure) [PSYoungGen: 463104K->100736K(506368K)] 993215K->773003K(1904640K), 0.1578452 secs] [Times: user=0.93 sys=0.01, real=0.16 secs] 
5321.186: [GC (Allocation Failure) [PSYoungGen: 412032K->151040K(462848K)] 1084299K->919764K(1861120K), 0.0500145 secs] [Times: user=0.30 sys=0.00, real=0.05 secs] 
5323.209: [GC (Allocation Failure) [PSYoungGen: 462336K->100256K(505344K)] 1231060K->1011080K(1903616K), 0.1475691 secs] [Times: user=0.88 sys=0.00, real=0.15 secs] 
5324.905: [GC (Allocation Failure) [PSYoungGen: 410016K->148640K(503296K)] 1320840K->1155785K(1901568K), 0.0497357 secs] [Times: user=0.30 sys=0.01, real=0.05 secs] 
5326.461: [GC (Allocation Failure) [PSYoungGen: 458400K->102976K(501248K)] 1465545K->1250173K(1899520K), 0.1255724 secs] [Times: user=0.75 sys=0.01, real=0.13 secs] 
5327.626: [GC (Allocation Failure) [PSYoungGen: 412736K->148800K(502272K)] 1559933K->1395547K(1900544K), 0.0511933 secs] [Times: user=0.30 sys=0.00, real=0.05 secs] 
5327.678: [Full GC (Ergonomics) [PSYoungGen: 148800K->0K(502272K)] [ParOldGen: 1246747K->194453K(1398272K)] 1395547K->194453K(1900544K), [Metaspace: 59694K->59694K(1105920K)], 0.4725965 secs] [Times: user=2.20 sys=0.00, real=0.47 secs] 
5329.785: [GC (Allocation Failure) [PSYoungGen: 309760K->100672K(503808K)] 504213K->295125K(1902080K), 0.0723279 secs] [Times: user=0.43 sys=0.00, real=0.07 secs] 
5330.643: [GC (Allocation Failure) [PSYoungGen: 411968K->151456K(462848K)] 606421K->443046K(1861120K), 0.0494037 secs] [Times: user=0.29 sys=0.00, real=0.05 secs] 
5334.130: [GC (Allocation Failure) [PSYoungGen: 462752K->100576K(505344K)] 754342K->535470K(1903616K), 0.1492007 secs] [Times: user=0.87 sys=0.01, real=0.15 secs] 
5335.027: [GC (GCLocker Initiated GC) [PSYoungGen: 410336K->148384K(503296K)] 845230K->680015K(1901568K), 0.0490784 secs] [Times: user=0.29 sys=0.00, real=0.05 secs] 
5337.450: [GC (Allocation Failure) [PSYoungGen: 458144K->101504K(502272K)] 989779K->772075K(1900544K), 0.1704923 secs] [Times: user=1.01 sys=0.00, real=0.17 secs] 
5338.619: [GC (Allocation Failure) [PSYoungGen: 411264K->151360K(502784K)] 1081835K->919632K(1901056K), 0.0500606 secs] [Times: user=0.29 sys=0.00, real=0.05 secs] 
5340.592: [GC (Allocation Failure) [PSYoungGen: 461120K->100608K(503296K)] 1229392K->1011772K(1901568K), 0.1495959 secs] [Times: user=0.89 sys=0.00, real=0.15 secs] 
5341.517: [GC (Allocation Failure) [PSYoungGen: 409856K->149056K(502784K)] 1321020K->1157333K(1901056K), 0.0506018 secs] [Times: user=0.30 sys=0.00, real=0.05 secs] 
5343.535: [GC (Allocation Failure) [PSYoungGen: 458304K->100512K(502784K)] 1466581K->1248893K(1901056K), 0.1472015 secs] [Times: user=0.87 sys=0.00, real=0.14 secs] 
5345.352: [GC (Allocation Failure) [PSYoungGen: 409760K->156544K(465920K)] 1558141K->1401706K(1864192K), 0.0508077 secs] [Times: user=0.30 sys=0.00, real=0.05 secs] 
5345.403: [Full GC (Ergonomics) [PSYoungGen: 156544K->0K(465920K)] [ParOldGen: 1245162K->192571K(1398272K)] 1401706K->192571K(1864192K), [Metaspace: 59694K->59694K(1105920K)], 0.4729573 secs] [Times: user=2.22 sys=0.00, real=0.48 secs] 
5348.886: [GC (Allocation Failure) [PSYoungGen: 309248K->97920K(502272K)] 501819K->290491K(1900544K), 0.0573884 secs] [Times: user=0.34 sys=0.00, real=0.05 secs] 
5350.383: [GC (Allocation Failure) [PSYoungGen: 401536K->144704K(500224K)] 594107K->432095K(1898496K), 0.0485798 secs] [Times: user=0.28 sys=0.00, real=0.05 secs] 
5352.542: [GC (Allocation Failure) [PSYoungGen: 448320K->99360K(500224K)] 735711K->523120K(1898496K), 0.1046932 secs] [Times: user=0.62 sys=0.00, real=0.11 secs] 
5354.872: [GC (Allocation Failure) [PSYoungGen: 405024K->141280K(500224K)] 828784K->661816K(1898496K), 0.0492913 secs] [Times: user=0.29 sys=0.00, real=0.05 secs] 
5356.042: [GC (Allocation Failure) [PSYoungGen: 446944K->101984K(498688K)] 967480K->754772K(1896960K), 0.0636818 secs] [Times: user=0.37 sys=0.00, real=0.07 secs] 
5358.365: [GC (Allocation Failure) [PSYoungGen: 412256K->143936K(501248K)] 1065044K->895993K(1899520K), 0.0517207 secs] [Times: user=0.31 sys=0.00, real=0.05 secs] 
5359.983: [GC (Allocation Failure) [PSYoungGen: 454208K->104960K(502784K)] 1206265K->991857K(1901056K), 0.0649732 secs] [Times: user=0.38 sys=0.00, real=0.07 secs] 
5360.931: [GC (Allocation Failure) [PSYoungGen: 420864K->150720K(504832K)] 1307761K->1140530K(1903104K), 0.0536959 secs] [Times: user=0.32 sys=0.00, real=0.06 secs] 
5363.361: [GC (Allocation Failure) [PSYoungGen: 466624K->102944K(507392K)] 1456434K->1234882K(1905664K), 0.0678073 secs] [Times: user=0.40 sys=0.00, real=0.07 secs] 
5364.358: [GC (Allocation Failure) [PSYoungGen: 419360K->149696K(466432K)] 1551298K->1382853K(1864704K), 0.0539147 secs] [Times: user=0.32 sys=0.00, real=0.05 secs] 
5364.412: [Full GC (Ergonomics) [PSYoungGen: 149696K->0K(466432K)] [ParOldGen: 1233157K->182099K(1398272K)] 1382853K->182099K(1864704K), [Metaspace: 59694K->59694K(1105920K)], 0.4568435 secs] [Times: user=2.08 sys=0.00, real=0.46 secs] 
5367.167: [GC (Allocation Failure) [PSYoungGen: 316416K->107584K(509440K)] 498515K->289683K(1907712K), 0.0384789 secs] [Times: user=0.23 sys=0.00, real=0.04 secs] 
5368.823: [GC (Allocation Failure) [PSYoungGen: 424000K->147648K(505856K)] 606099K->431640K(1904128K), 0.0515447 secs] [Times: user=0.31 sys=0.00, real=0.05 secs] 
5370.379: [GC (Allocation Failure) [PSYoungGen: 464064K->107008K(505344K)] 748056K->528764K(1903616K), 0.0987184 secs] [Times: user=0.58 sys=0.00, real=0.10 secs] 
5371.320: [GC (Allocation Failure) [PSYoungGen: 424960K->154112K(472576K)] 846716K->679649K(1870848K), 0.0528543 secs] [Times: user=0.31 sys=0.00, real=0.05 secs] 
5373.792: [GC (Allocation Failure) [PSYoungGen: 472064K->102464K(508416K)] 997601K->773765K(1906688K), 0.1727114 secs] [Times: user=1.03 sys=0.00, real=0.18 secs] 
5375.459: [GC (Allocation Failure) [PSYoungGen: 417856K->151648K(467456K)] 1089157K->920902K(1865728K), 0.0507463 secs] [Times: user=0.30 sys=0.00, real=0.05 secs] 
5377.708: [GC (Allocation Failure) [PSYoungGen: 467040K->102560K(507392K)] 1236294K->1014486K(1905664K), 0.1503824 secs] [Times: user=0.90 sys=0.00, real=0.15 secs] 
5378.790: [GC (Allocation Failure) [PSYoungGen: 415904K->149056K(504832K)] 1327830K->1159455K(1903104K), 0.0501171 secs] [Times: user=0.30 sys=0.00, real=0.05 secs] 
5381.136: [GC (Allocation Failure) [PSYoungGen: 462400K->101440K(504832K)] 1472799K->1252103K(1903104K), 0.1041428 secs] [Times: user=0.62 sys=0.00, real=0.10 secs] 
5381.979: [GC (Allocation Failure) [PSYoungGen: 410051K->148768K(504832K)] 1560714K->1397789K(1903104K), 0.0601915 secs] [Times: user=0.36 sys=0.00, real=0.06 secs] 
5382.039: [Full GC (Ergonomics) [PSYoungGen: 148768K->0K(504832K)] [ParOldGen: 1249021K->195694K(1398272K)] 1397789K->195694K(1903104K), [Metaspace: 59694K->59694K(1105920K)], 0.4604542 secs] [Times: user=2.11 sys=0.00, real=0.46 secs] 
5384.717: [GC (GCLocker Initiated GC) [PSYoungGen: 313344K->99072K(505344K)] 509038K->294766K(1903616K), 0.0942548 secs] [Times: user=0.55 sys=0.00, real=0.09 secs] 
5385.418: [GC (Allocation Failure) [PSYoungGen: 411904K->143648K(504832K)] 623985K->451561K(1903104K), 0.2504294 secs] [Times: user=1.50 sys=0.00, real=0.25 secs] 
5388.950: [GC (Allocation Failure) [PSYoungGen: 456480K->91712K(505344K)] 764393K->543530K(1903616K), 0.4176532 secs] [Times: user=2.49 sys=0.01, real=0.42 secs] 
5390.175: [GC (Allocation Failure) [PSYoungGen: 406080K->150944K(465408K)] 857898K->690650K(1863680K), 0.0530456 secs] [Times: user=0.31 sys=0.00, real=0.05 secs] 
5392.711: [GC (Allocation Failure) [PSYoungGen: 465312K->93504K(505344K)] 1005018K->783838K(1903616K), 0.1278841 secs] [Times: user=0.76 sys=0.01, real=0.13 secs] 
5393.337: [GC (Allocation Failure) [PSYoungGen: 403776K->150848K(461312K)] 1094110K->930636K(1859584K), 0.0533165 secs] [Times: user=0.31 sys=0.00, real=0.05 secs] 
5398.013: [GC (Allocation Failure) [PSYoungGen: 461120K->87872K(502272K)] 1240908K->1018596K(1900544K), 0.1677570 secs] [Times: user=1.00 sys=0.01, real=0.17 secs] 
5399.120: [GC (Allocation Failure) [PSYoungGen: 388174K->145216K(450560K)] 1318899K->1159822K(1848832K), 0.0496397 secs] [Times: user=0.30 sys=0.00, real=0.05 secs] 
5401.138: [GC (Allocation Failure) [PSYoungGen: 450368K->96864K(503808K)] 1464974K->1248094K(1902080K), 0.1538397 secs] [Times: user=0.92 sys=0.00, real=0.15 secs] 
5402.848: [GC (Allocation Failure) [PSYoungGen: 403040K->147104K(501248K)] 1554270K->1391067K(1899520K), 0.0505695 secs] [Times: user=0.30 sys=0.00, real=0.05 secs] 
5402.898: [Full GC (Ergonomics) [PSYoungGen: 147104K->0K(501248K)] [ParOldGen: 1243963K->188321K(1398272K)] 1391067K->188321K(1899520K), [Metaspace: 59694K->59694K(1105920K)], 0.4564428 secs] [Times: user=2.13 sys=0.00, real=0.46 secs] 
5404.573: [GC (Allocation Failure) [PSYoungGen: 306176K->101760K(498688K)] 494497K->290081K(1896960K), 0.0429996 secs] [Times: user=0.25 sys=0.00, real=0.05 secs] 
5405.869: [GC (Allocation Failure) [PSYoungGen: 408448K->146912K(500224K)] 596769K->433387K(1898496K), 0.0501097 secs] [Times: user=0.30 sys=0.00, real=0.05 secs] 
5407.795: [GC (Allocation Failure) [PSYoungGen: 452672K->99872K(502272K)] 739147K->524683K(1900544K), 0.0641143 secs] [Times: user=0.38 sys=0.00, real=0.06 secs] 
5409.004: [GC (Allocation Failure) [PSYoungGen: 409632K->146240K(502784K)] 834443K->668912K(1901056K), 0.0783363 secs] [Times: user=0.46 sys=0.01, real=0.08 secs] 
5412.422: [GC (GCLocker Initiated GC) [PSYoungGen: 456000K->100128K(502272K)] 978672K->760464K(1900544K), 0.1603337 secs] [Times: user=0.96 sys=0.00, real=0.16 secs] 
5413.331: [GC (Allocation Failure) [PSYoungGen: 411424K->155680K(467456K)] 1071763K->913769K(1865728K), 0.0510379 secs] [Times: user=0.30 sys=0.00, real=0.05 secs] 
5415.708: [GC (Allocation Failure) [PSYoungGen: 466976K->102560K(504832K)] 1225065K->999585K(1903104K), 0.0640569 secs] [Times: user=0.38 sys=0.00, real=0.06 secs] 
5417.051: [GC (Allocation Failure) [PSYoungGen: 409760K->142848K(501248K)] 1306785K->1140599K(1899520K), 0.1007016 secs] [Times: user=0.59 sys=0.00, real=0.10 secs] 
5419.774: [GC (Allocation Failure) [PSYoungGen: 450048K->99168K(502272K)] 1447799K->1231439K(1900544K), 0.0648551 secs] [Times: user=0.37 sys=0.01, real=0.07 secs] 
5420.924: [GC (Allocation Failure) [PSYoungGen: 408928K->146336K(501760K)] 1541199K->1375756K(1900032K), 0.0522602 secs] [Times: user=0.31 sys=0.00, real=0.05 secs] 
5420.977: [Full GC (Ergonomics) [PSYoungGen: 146336K->0K(501760K)] [ParOldGen: 1229420K->173305K(1398272K)] 1375756K->173305K(1900032K), [Metaspace: 59694K->59694K(1105920K)], 0.4156122 secs] [Times: user=1.92 sys=0.00, real=0.41 secs] 
5423.423: [GC (Allocation Failure) [PSYoungGen: 309760K->102208K(502272K)] 483065K->275513K(1900544K), 0.0343283 secs] [Times: user=0.20 sys=0.00, real=0.04 secs] 
5424.229: [GC (Allocation Failure) [PSYoungGen: 415552K->148768K(503808K)] 588857K->422606K(1902080K), 0.0845701 secs] [Times: user=0.50 sys=0.00, real=0.08 secs] 
5426.045: [GC (Allocation Failure) [PSYoungGen: 462112K->103840K(505344K)] 735950K->518262K(1903616K), 0.0653362 secs] [Times: user=0.39 sys=0.00, real=0.06 secs] 
5427.933: [GC (GCLocker Initiated GC) [PSYoungGen: 418720K->143776K(505344K)] 833142K->660296K(1903616K), 0.0512537 secs] [Times: user=0.30 sys=0.01, real=0.06 secs] 
5430.019: [GC (Allocation Failure) [PSYoungGen: 458656K->105856K(502272K)] 975178K->757479K(1900544K), 0.0643877 secs] [Times: user=0.38 sys=0.00, real=0.06 secs] 
5432.352: [GC (Allocation Failure) [PSYoungGen: 422784K->146400K(504832K)] 1074407K->901171K(1903104K), 0.0531026 secs] [Times: user=0.31 sys=0.00, real=0.06 secs] 
5433.595: [GC (Allocation Failure) [PSYoungGen: 463328K->106624K(506880K)] 1218099K->998635K(1905152K), 0.0676992 secs] [Times: user=0.40 sys=0.00, real=0.06 secs] 
5435.270: [GC (Allocation Failure) [PSYoungGen: 427648K->152640K(474112K)] 1319659K->1148576K(1872384K), 0.0529539 secs] [Times: user=0.32 sys=0.00, real=0.05 secs] 
5437.088: [GC (Allocation Failure) [PSYoungGen: 473664K->104544K(510464K)] 1469600K->1244488K(1908736K), 0.1623676 secs] [Times: user=0.96 sys=0.00, real=0.16 secs] 
5438.841: [GC (Allocation Failure) [PSYoungGen: 423520K->154304K(473600K)] 1563464K->1395065K(1871872K), 0.0521937 secs] [Times: user=0.30 sys=0.00, real=0.05 secs] 
5438.894: [Full GC (Ergonomics) [PSYoungGen: 154304K->0K(473600K)] [ParOldGen: 1240761K->192927K(1398272K)] 1395065K->192927K(1871872K), [Metaspace: 59694K->59694K(1105920K)], 0.4761383 secs] [Times: user=2.23 sys=0.00, real=0.48 secs] 
5441.509: [GC (Allocation Failure) [PSYoungGen: 318976K->100736K(507392K)] 511903K->293663K(1905664K), 0.0996897 secs] [Times: user=0.59 sys=0.00, real=0.10 secs] 
5443.259: [GC (Allocation Failure) [PSYoungGen: 414592K->150432K(464384K)] 607519K->439806K(1862656K), 0.0494826 secs] [Times: user=0.29 sys=0.00, real=0.05 secs] 
5445.461: [GC (Allocation Failure) [PSYoungGen: 464288K->102144K(506880K)] 753662K->533034K(1905152K), 0.1659993 secs] [Times: user=0.98 sys=0.00, real=0.17 secs] 
5446.917: [GC (Allocation Failure) [PSYoungGen: 414976K->151776K(464896K)] 845866K->680991K(1863168K), 0.0498644 secs] [Times: user=0.30 sys=0.00, real=0.05 secs] 
5449.388: [GC (Allocation Failure) [PSYoungGen: 464608K->99520K(505856K)] 993823K->772091K(1904128K), 0.1623216 secs] [Times: user=0.97 sys=0.00, real=0.16 secs] 
5451.677: [GC (Allocation Failure) [PSYoungGen: 410304K->150432K(461312K)] 1082875K->918272K(1859584K), 0.0490861 secs] [Times: user=0.29 sys=0.00, real=0.05 secs] 
5454.119: [GC (Allocation Failure) [PSYoungGen: 461216K->98464K(504832K)] 1229056K->1008104K(1903104K), 0.1636507 secs] [Times: user=0.97 sys=0.00, real=0.16 secs] 
5455.966: [GC (Allocation Failure) [PSYoungGen: 407712K->148800K(458240K)] 1317352K->1152713K(1856512K), 0.0489842 secs] [Times: user=0.29 sys=0.00, real=0.05 secs] 
5457.820: [GC (Allocation Failure) [PSYoungGen: 458048K->99616K(505344K)] 1461961K->1243685K(1903616K), 0.1770360 secs] [Times: user=1.05 sys=0.00, real=0.18 secs] 
5459.832: [GC (Allocation Failure) [PSYoungGen: 408864K->147136K(502784K)] 1552933K->1386586K(1901056K), 0.0498754 secs] [Times: user=0.30 sys=0.00, real=0.05 secs] 
5459.882: [Full GC (Ergonomics) [PSYoungGen: 147136K->0K(502784K)] [ParOldGen: 1239450K->186497K(1398272K)] 1386586K->186497K(1901056K), [Metaspace: 59694K->59674K(1105920K)], 0.4616055 secs] [Times: user=2.12 sys=0.00, real=0.46 secs] 
5461.950: [GC (Allocation Failure) [PSYoungGen: 309248K->102304K(501760K)] 495745K->288801K(1900032K), 0.1067125 secs] [Times: user=0.63 sys=0.00, real=0.11 secs] 
5463.995: [GC (Allocation Failure) [PSYoungGen: 412576K->146432K(502784K)] 599073K->431341K(1901056K), 0.0505606 secs] [Times: user=0.29 sys=0.01, real=0.05 secs] 
5465.799: [GC (Allocation Failure) [PSYoungGen: 455625K->103424K(501760K)] 740535K->525429K(1900032K), 0.1641321 secs] [Times: user=0.97 sys=0.01, real=0.16 secs] 
5468.101: [GC (Allocation Failure) [PSYoungGen: 415744K->145344K(503296K)] 837749K->667982K(1901568K), 0.0511364 secs] [Times: user=0.30 sys=0.00, real=0.05 secs] 
5469.335: [GC (Allocation Failure) [PSYoungGen: 457664K->103360K(503296K)] 980302K->762350K(1901568K), 0.0677676 secs] [Times: user=0.41 sys=0.00, real=0.06 secs] 
5470.978: [GC (Allocation Failure) [PSYoungGen: 418752K->148928K(504832K)] 1077742K->908367K(1903104K), 0.0518946 secs] [Times: user=0.31 sys=0.00, real=0.05 secs] 
5472.615: [GC (Allocation Failure) [PSYoungGen: 464320K->104544K(506368K)] 1223759K->1003891K(1904640K), 0.0960325 secs] [Times: user=0.58 sys=0.00, real=0.09 secs] 
5474.267: [GC (Allocation Failure) [PSYoungGen: 421472K->152672K(470016K)] 1320819K->1152096K(1868288K), 0.0518796 secs] [Times: user=0.31 sys=0.00, real=0.05 secs] 
5476.112: [GC (Allocation Failure) [PSYoungGen: 469600K->103840K(507904K)] 1469024K->1246860K(1906176K), 0.1507924 secs] [Times: user=0.89 sys=0.01, real=0.15 secs] 
5476.868: [GC (Allocation Failure) [PSYoungGen: 418208K->152384K(466944K)] 1561228K->1395437K(1865216K), 0.0526725 secs] [Times: user=0.31 sys=0.00, real=0.05 secs] 
5476.921: [Full GC (Ergonomics) [PSYoungGen: 152384K->0K(466944K)] [ParOldGen: 1243053K->193710K(1398272K)] 1395437K->193710K(1865216K), [Metaspace: 59674K->59674K(1105920K)], 0.4679941 secs] [Times: user=2.17 sys=0.00, real=0.47 secs] 
5479.012: [GC (GCLocker Initiated GC) [PSYoungGen: 314368K->102752K(506880K)] 508078K->296462K(1905152K), 0.0641494 secs] [Times: user=0.37 sys=0.00, real=0.07 secs] 
5479.670: [GC (Allocation Failure) [PSYoungGen: 415072K->150432K(504320K)] 608784K->443586K(1902592K), 0.0498044 secs] [Times: user=0.29 sys=0.00, real=0.05 secs] 
5482.065: [GC (Allocation Failure) [PSYoungGen: 462752K->99328K(505344K)] 755906K->534334K(1903616K), 0.1730578 secs] [Times: user=1.03 sys=0.01, real=0.17 secs] 
5482.828: [GC (Allocation Failure) [PSYoungGen: 410624K->150912K(462336K)] 845630K->681803K(1860608K), 0.0493340 secs] [Times: user=0.29 sys=0.00, real=0.05 secs] 
5486.109: [GC (Allocation Failure) [PSYoungGen: 462208K->96416K(504832K)] 993099K->770035K(1903104K), 0.1605490 secs] [Times: user=0.96 sys=0.00, real=0.16 secs] 
5487.688: [GC (Allocation Failure) [PSYoungGen: 405664K->146336K(503296K)] 1079283K->912464K(1901568K), 0.0483825 secs] [Times: user=0.28 sys=0.00, real=0.05 secs] 
5489.217: [GC (Allocation Failure) [PSYoungGen: 455584K->103104K(500224K)] 1221712K->1006480K(1898496K), 0.0975121 secs] [Times: user=0.57 sys=0.01, real=0.10 secs] 
5490.384: [GC (Allocation Failure) [PSYoungGen: 412352K->148064K(501760K)] 1315728K->1151397K(1900032K), 0.0728100 secs] [Times: user=0.44 sys=0.00, real=0.08 secs] 
5493.034: [GC (Allocation Failure) [PSYoungGen: 457312K->99424K(504320K)] 1460645K->1242557K(1902592K), 0.0886364 secs] [Times: user=0.53 sys=0.00, real=0.09 secs] 
5495.306: [GC (Allocation Failure) [PSYoungGen: 411232K->146784K(504320K)] 1554365K->1385274K(1902592K), 0.0506054 secs] [Times: user=0.30 sys=0.00, real=0.05 secs] 
5495.356: [Full GC (Ergonomics) [PSYoungGen: 146784K->0K(504320K)] [ParOldGen: 1238490K->182857K(1398272K)] 1385274K->182857K(1902592K), [Metaspace: 59674K->59674K(1105920K)], 0.4483649 secs] [Times: user=2.10 sys=0.00, real=0.45 secs] 
5497.224: [GC (Allocation Failure) [PSYoungGen: 311412K->103488K(501760K)] 494269K->286345K(1900032K), 0.0586224 secs] [Times: user=0.35 sys=0.00, real=0.05 secs] 
5499.284: [GC (Allocation Failure) [PSYoungGen: 415808K->146080K(503296K)] 598665K->429967K(1901568K), 0.0513295 secs] [Times: user=0.30 sys=0.00, real=0.06 secs] 
5501.481: [GC (Allocation Failure) [PSYoungGen: 458400K->103264K(504320K)] 742287K->524719K(1902592K), 0.0780558 secs] [Times: user=0.46 sys=0.00, real=0.08 secs] 
5502.576: [GC (GCLocker Initiated GC) [PSYoungGen: 418656K->147872K(505344K)] 840112K->670450K(1903616K), 0.1003083 secs] [Times: user=0.60 sys=0.00, real=0.10 secs] 
5504.688: [GC (Allocation Failure) [PSYoungGen: 463264K->103296K(505856K)] 985843K->765391K(1904128K), 0.1569931 secs] [Times: user=0.94 sys=0.00, real=0.16 secs] 
5506.149: [GC (Allocation Failure) [PSYoungGen: 420224K->151712K(468992K)] 1082319K->913392K(1867264K), 0.0514349 secs] [Times: user=0.31 sys=0.00, real=0.05 secs] 
5508.160: [GC (Allocation Failure) [PSYoungGen: 468640K->105920K(508928K)] 1230320K->1010312K(1907200K), 0.1149561 secs] [Times: user=0.64 sys=0.00, real=0.12 secs] 
5509.516: [GC (Allocation Failure) [PSYoungGen: 421312K->151680K(505344K)] 1325704K->1158297K(1903616K), 0.0529553 secs] [Times: user=0.32 sys=0.00, real=0.05 secs] 
5511.623: [GC (Allocation Failure) [PSYoungGen: 467072K->104704K(506368K)] 1473689K->1254457K(1904640K), 0.1531034 secs] [Times: user=0.92 sys=0.00, real=0.16 secs] 
5513.597: [GC (Allocation Failure) [PSYoungGen: 413853K->146816K(505344K)] 1563607K->1397258K(1903616K), 0.0512193 secs] [Times: user=0.30 sys=0.00, real=0.05 secs] 
5513.648: [Full GC (Ergonomics) [PSYoungGen: 146816K->0K(505344K)] [ParOldGen: 1250442K->195969K(1398272K)] 1397258K->195969K(1903616K), [Metaspace: 59677K->59677K(1105920K)], 0.4612933 secs] [Times: user=2.13 sys=0.00, real=0.46 secs] 
5515.862: [GC (Allocation Failure) [PSYoungGen: 314368K->103328K(504320K)] 510337K->299297K(1902592K), 0.0611196 secs] [Times: user=0.36 sys=0.00, real=0.06 secs] 
5516.990: [GC (Allocation Failure) [PSYoungGen: 416995K->147808K(505344K)] 612965K->443525K(1903616K), 0.0493373 secs] [Times: user=0.29 sys=0.00, real=0.05 secs] 
5519.033: [GC (Allocation Failure) [PSYoungGen: 463200K->103872K(505856K)] 758917K->538330K(1904128K), 0.1195399 secs] [Times: user=0.71 sys=0.00, real=0.12 secs] 
5520.053: [GC (Allocation Failure) [PSYoungGen: 408822K->147648K(506368K)] 843280K->681698K(1904640K), 0.0500362 secs] [Times: user=0.30 sys=0.00, real=0.05 secs] 
5522.729: [GC (Allocation Failure) [PSYoungGen: 464576K->102976K(506368K)] 998626K->776027K(1904640K), 0.1056204 secs] [Times: user=0.62 sys=0.00, real=0.11 secs] 
5523.393: [GC (Allocation Failure) [PSYoungGen: 412260K->147840K(506880K)] 1085311K->920302K(1905152K), 0.0501740 secs] [Times: user=0.30 sys=0.00, real=0.05 secs] 
5526.354: [GC (Allocation Failure) [PSYoungGen: 465792K->103712K(507392K)] 1238254K->1015534K(1905664K), 0.1698271 secs] [Times: user=1.01 sys=0.00, real=0.17 secs] 
5527.527: [GC (Allocation Failure) [PSYoungGen: 413300K->147616K(507392K)] 1325122K->1158979K(1905664K), 0.0501065 secs] [Times: user=0.30 sys=0.00, real=0.05 secs] 
5529.602: [GC (Allocation Failure) [PSYoungGen: 466080K->105280K(506880K)] 1477443K->1255291K(1905152K), 0.1765984 secs] [Times: user=1.05 sys=0.00, real=0.18 secs] 
5530.319: [GC (Allocation Failure) [PSYoungGen: 412669K->146208K(507392K)] 1562680K->1397667K(1905664K), 0.0507463 secs] [Times: user=0.30 sys=0.00, real=0.05 secs] 
5530.370: [Full GC (Ergonomics) [PSYoungGen: 146208K->0K(507392K)] [ParOldGen: 1251459K->196050K(1398272K)] 1397667K->196050K(1905664K), [Metaspace: 59677K->59677K(1105920K)], 0.4682179 secs] [Times: user=2.16 sys=0.00, real=0.47 secs] 
5533.248: [GC (Allocation Failure) [PSYoungGen: 318976K->104128K(506880K)] 515026K->300178K(1905152K), 0.0991591 secs] [Times: user=0.59 sys=0.00, real=0.10 secs] 
5533.967: [GC (Allocation Failure) [PSYoungGen: 408519K->145888K(507904K)] 604569K->442886K(1906176K), 0.0492581 secs] [Times: user=0.29 sys=0.00, real=0.05 secs] 
5536.960: [GC (Allocation Failure) [PSYoungGen: 466400K->103008K(508928K)] 763398K->537670K(1907200K), 0.1739188 secs] [Times: user=1.03 sys=0.00, real=0.17 secs] 
5538.869: [GC (Allocation Failure) [PSYoungGen: 420733K->148800K(471552K)] 855395K->682083K(1869824K), 0.0496345 secs] [Times: user=0.30 sys=0.00, real=0.05 secs] 
5541.118: [GC (Allocation Failure) [PSYoungGen: 471360K->107072K(512000K)] 1004643K->779775K(1910272K), 0.1636486 secs] [Times: user=0.97 sys=0.00, real=0.16 secs] 
5541.711: [GC (Allocation Failure) [PSYoungGen: 429120K->156064K(478208K)] 1101823K->932316K(1876480K), 0.0528497 secs] [Times: user=0.31 sys=0.00, real=0.06 secs] 
5545.281: [GC (Allocation Failure) [PSYoungGen: 477126K->92000K(506880K)] 1253379K->1024364K(1905152K), 0.1559248 secs] [Times: user=0.93 sys=0.00, real=0.16 secs] 
5545.818: [GC (Allocation Failure) [PSYoungGen: 406880K->153088K(468480K)] 1339244K->1173419K(1866752K), 0.0547108 secs] [Times: user=0.32 sys=0.00, real=0.05 secs] 
5548.636: [GC (Allocation Failure) [PSYoungGen: 467968K->91520K(503808K)] 1488299K->1264903K(1902080K), 0.1753118 secs] [Times: user=1.05 sys=0.00, real=0.17 secs] 
5549.259: [GC (Allocation Failure) [PSYoungGen: 399744K->151008K(459264K)] 1573127K->1409736K(1857536K), 0.0534393 secs] [Times: user=0.31 sys=0.00, real=0.05 secs] 
5549.312: [Full GC (Ergonomics) [PSYoungGen: 151008K->0K(459264K)] [ParOldGen: 1258728K->208669K(1398272K)] 1409736K->208669K(1857536K), [Metaspace: 59677K->59677K(1105920K)], 0.4912495 secs] [Times: user=2.30 sys=0.00, real=0.49 secs] 
5552.146: [GC (Allocation Failure) [PSYoungGen: 308224K->91744K(502272K)] 516893K->300413K(1900544K), 0.1579073 secs] [Times: user=0.93 sys=0.00, real=0.16 secs] 
5553.035: [GC (Allocation Failure) [PSYoungGen: 379901K->138752K(443392K)] 588570K->435146K(1841664K), 0.0481345 secs] [Times: user=0.28 sys=0.00, real=0.04 secs] 
5554.624: [GC (Allocation Failure) [PSYoungGen: 442880K->100448K(501760K)] 739274K->526938K(1900032K), 0.1684421 secs] [Times: user=1.00 sys=0.00, real=0.17 secs] 
5556.733: [GC (Allocation Failure) [PSYoungGen: 407136K->144768K(499200K)] 833626K->667700K(1897472K), 0.0491934 secs] [Times: user=0.29 sys=0.00, real=0.05 secs] 
5558.901: [GC (Allocation Failure) [PSYoungGen: 451456K->101376K(502784K)] 974388K->760748K(1901056K), 0.1023325 secs] [Times: user=0.61 sys=0.00, real=0.10 secs] 
5560.685: [GC (Allocation Failure) [PSYoungGen: 414208K->146752K(503808K)] 1073580K->904450K(1902080K), 0.0513244 secs] [Times: user=0.31 sys=0.00, real=0.05 secs] 
5563.477: [GC (Allocation Failure) [PSYoungGen: 459584K->100256K(504832K)] 1217282K->996114K(1903104K), 0.1542420 secs] [Times: user=0.92 sys=0.01, real=0.15 secs] 
5564.455: [GC (Allocation Failure) [PSYoungGen: 415136K->150464K(465408K)] 1310994K->1142920K(1863680K), 0.0767606 secs] [Times: user=0.46 sys=0.00, real=0.07 secs] 
5567.563: [GC (Allocation Failure) [PSYoungGen: 465344K->105152K(508416K)] 1457800K->1239576K(1906688K), 0.0979638 secs] [Times: user=0.58 sys=0.00, real=0.10 secs] 
5569.116: [GC (Allocation Failure) [PSYoungGen: 419520K->157440K(472064K)] 1553944K->1393245K(1870336K), 0.0539108 secs] [Times: user=0.32 sys=0.00, real=0.05 secs] 
5569.170: [Full GC (Ergonomics) [PSYoungGen: 157440K->0K(472064K)] [ParOldGen: 1235805K->190391K(1398272K)] 1393245K->190391K(1870336K), [Metaspace: 59677K->59677K(1105920K)], 0.4651709 secs] [Times: user=2.17 sys=0.00, real=0.47 secs] 
5571.075: [GC (Allocation Failure) [PSYoungGen: 314368K->105600K(505856K)] 504759K->295991K(1904128K), 0.0644674 secs] [Times: user=0.37 sys=0.00, real=0.06 secs] 
5571.761: [GC (Allocation Failure) [PSYoungGen: 414848K->149088K(502272K)] 605239K->442048K(1900544K), 0.0591192 secs] [Times: user=0.35 sys=0.00, real=0.06 secs] 
5574.875: [GC (Allocation Failure) [PSYoungGen: 458336K->99104K(503296K)] 751296K->532620K(1901568K), 0.0936390 secs] [Times: user=0.56 sys=0.00, real=0.09 secs] 
5576.056: [GC (Allocation Failure) [PSYoungGen: 409376K->148960K(503296K)] 842892K->678145K(1901568K), 0.0494605 secs] [Times: user=0.30 sys=0.00, real=0.05 secs] 
5578.501: [GC (Allocation Failure) [PSYoungGen: 459232K->100512K(503296K)] 988417K->770253K(1901568K), 0.1533053 secs] [Times: user=0.91 sys=0.00, real=0.16 secs] 
5580.131: [GC (Allocation Failure) [PSYoungGen: 410784K->147488K(503296K)] 1080525K->914006K(1901568K), 0.0499679 secs] [Times: user=0.29 sys=0.00, real=0.05 secs] 
5581.883: [GC (Allocation Failure) [PSYoungGen: 457760K->102816K(501760K)] 1224278K->1008050K(1900032K), 0.0785032 secs] [Times: user=0.47 sys=0.00, real=0.08 secs] 
5583.601: [GC (Allocation Failure) [PSYoungGen: 413600K->147264K(502784K)] 1318834K->1151375K(1901056K), 0.0510916 secs] [Times: user=0.30 sys=0.00, real=0.05 secs] 
5584.935: [GC (Allocation Failure) [PSYoungGen: 458048K->101728K(503808K)] 1462159K->1243987K(1902080K), 0.0752967 secs] [Times: user=0.44 sys=0.00, real=0.07 secs] 
5587.190: [GC (Allocation Failure) [PSYoungGen: 414560K->146656K(504320K)] 1556819K->1386944K(1902592K), 0.0505557 secs] [Times: user=0.30 sys=0.00, real=0.05 secs] 
5587.241: [Full GC (Ergonomics) [PSYoungGen: 146656K->0K(504320K)] [ParOldGen: 1240288K->185071K(1398272K)] 1386944K->185071K(1902592K), [Metaspace: 59677K->59677K(1105920K)], 0.4546255 secs] [Times: user=2.12 sys=0.00, real=0.46 secs] 
5588.843: [GC (Allocation Failure) [PSYoungGen: 312832K->104160K(502784K)] 497903K->289231K(1901056K), 0.0360369 secs] [Times: user=0.21 sys=0.00, real=0.04 secs] 
5590.989: [GC (Allocation Failure) [PSYoungGen: 418528K->148064K(504320K)] 603599K->433948K(1902592K), 0.0513479 secs] [Times: user=0.30 sys=0.00, real=0.05 secs] 
5592.924: [GC (Allocation Failure) [PSYoungGen: 462432K->105568K(505344K)] 748316K->530612K(1903616K), 0.1315310 secs] [Times: user=0.78 sys=0.00, real=0.13 secs] 
5594.734: [GC (Allocation Failure) [PSYoungGen: 421984K->151296K(505856K)] 847028K->677665K(1904128K), 0.0521453 secs] [Times: user=0.31 sys=0.00, real=0.05 secs] 
5596.342: [GC (Allocation Failure) [PSYoungGen: 467712K->102720K(506880K)] 994081K->771369K(1905152K), 0.1232686 secs] [Times: user=0.74 sys=0.00, real=0.13 secs] 
5597.778: [GC (Allocation Failure) [PSYoungGen: 418112K->152640K(468480K)] 1086761K->919786K(1866752K), 0.0513159 secs] [Times: user=0.31 sys=0.00, real=0.05 secs] 
5599.702: [GC (Allocation Failure) [PSYoungGen: 468032K->100800K(506880K)] 1235178K->1011790K(1905152K), 0.1471666 secs] [Times: user=0.86 sys=0.00, real=0.15 secs] 
5600.943: [GC (Allocation Failure) [PSYoungGen: 413120K->150496K(462848K)] 1324110K->1158011K(1861120K), 0.0509836 secs] [Times: user=0.30 sys=0.00, real=0.05 secs] 
5602.808: [GC (Allocation Failure) [PSYoungGen: 462816K->99680K(505856K)] 1470331K->1249099K(1904128K), 0.1626951 secs] [Times: user=0.98 sys=0.00, real=0.16 secs] 
5604.882: [GC (Allocation Failure) [PSYoungGen: 410464K->149696K(460800K)] 1559883K->1394571K(1859072K), 0.0501684 secs] [Times: user=0.30 sys=0.00, real=0.05 secs] 
5604.932: [Full GC (Ergonomics) [PSYoungGen: 149696K->0K(460800K)] [ParOldGen: 1244875K->193792K(1398272K)] 1394571K->193792K(1859072K), [Metaspace: 59677K->59677K(1105920K)], 0.4683343 secs] [Times: user=2.18 sys=0.00, real=0.47 secs] 
5607.308: [GC (Allocation Failure) [PSYoungGen: 310784K->99036K(505344K)] 504576K->292828K(1903616K), 0.0980917 secs] [Times: user=0.58 sys=0.01, real=0.10 secs] 
5608.613: [GC (Allocation Failure) [PSYoungGen: 408796K->157216K(467456K)] 602588K->445841K(1865728K), 0.0490054 secs] [Times: user=0.29 sys=0.00, real=0.05 secs] 
5610.022: [GC (Allocation Failure) [PSYoungGen: 466976K->101920K(502784K)] 755601K->530901K(1901056K), 0.0981019 secs] [Times: user=0.59 sys=0.00, real=0.10 secs] 
5610.758: [GC (Allocation Failure) [PSYoungGen: 406048K->148160K(500224K)] 835029K->675912K(1898496K), 0.0527937 secs] [Times: user=0.32 sys=0.00, real=0.05 secs] 
5612.602: [GC (Allocation Failure) [PSYoungGen: 452288K->96736K(500224K)] 980040K->764608K(1898496K), 0.0778293 secs] [Times: user=0.46 sys=0.00, real=0.08 secs] 
5614.454: [GC (Allocation Failure) [PSYoungGen: 401888K->145728K(500736K)] 1069760K->906396K(1899008K), 0.0500564 secs] [Times: user=0.29 sys=0.01, real=0.05 secs] 
5616.352: [GC (Allocation Failure) [PSYoungGen: 450880K->98528K(499200K)] 1211548K->995628K(1897472K), 0.0821831 secs] [Times: user=0.49 sys=0.00, real=0.09 secs] 
5618.742: [GC (Allocation Failure) [PSYoungGen: 405216K->141184K(500736K)] 1302316K->1134109K(1899008K), 0.0509900 secs] [Times: user=0.30 sys=0.01, real=0.05 secs] 
5620.545: [GC (Allocation Failure) [PSYoungGen: 447872K->103808K(498176K)] 1440797K->1228813K(1896448K), 0.0644321 secs] [Times: user=0.38 sys=0.00, real=0.06 secs] 
5621.432: [GC (Allocation Failure) [PSYoungGen: 415104K->148128K(501760K)] 1540109K->1375114K(1900032K), 0.0528160 secs] [Times: user=0.32 sys=0.00, real=0.06 secs] 
5621.485: [Full GC (Ergonomics) [PSYoungGen: 148128K->0K(501760K)] [ParOldGen: 1226986K->174068K(1398272K)] 1375114K->174068K(1900032K), [Metaspace: 59677K->59677K(1105920K)], 0.4185572 secs] [Times: user=1.93 sys=0.00, real=0.41 secs] 
5624.257: [GC (Allocation Failure) [PSYoungGen: 311296K->99904K(506368K)] 485364K->273972K(1904640K), 0.0353010 secs] [Times: user=0.21 sys=0.00, real=0.03 secs] 
5624.929: [GC (GCLocker Initiated GC) [PSYoungGen: 414784K->148448K(463360K)] 588852K->421153K(1861632K), 0.0519776 secs] [Times: user=0.31 sys=0.00, real=0.05 secs] 
5628.673: [GC (Allocation Failure) [PSYoungGen: 463328K->101888K(508416K)] 736081K->514993K(1906688K), 0.0681702 secs] [Times: user=0.41 sys=0.00, real=0.07 secs] 
5629.546: [GC (Allocation Failure) [PSYoungGen: 416768K->148160K(505344K)] 829873K->661058K(1903616K), 0.0516896 secs] [Times: user=0.31 sys=0.00, real=0.05 secs] 
5631.581: [GC (Allocation Failure) [PSYoungGen: 463040K->105568K(504832K)] 975938K->757762K(1903104K), 0.0738928 secs] [Times: user=0.44 sys=0.00, real=0.08 secs] 
5633.556: [GC (Allocation Failure) [PSYoungGen: 420960K->147552K(505344K)] 1073154K->902695K(1903616K), 0.0524035 secs] [Times: user=0.31 sys=0.00, real=0.05 secs] 
5634.702: [GC (Allocation Failure) [PSYoungGen: 462944K->107424K(504832K)] 1218087K->1001343K(1903104K), 0.0653445 secs] [Times: user=0.39 sys=0.00, real=0.07 secs] 
5637.162: [GC (Allocation Failure) [PSYoungGen: 424352K->146432K(505856K)] 1318271K->1145516K(1904128K), 0.0532262 secs] [Times: user=0.31 sys=0.00, real=0.06 secs] 
5638.528: [GC (Allocation Failure) [PSYoungGen: 463360K->105120K(506368K)] 1462444K->1241709K(1904640K), 0.0662495 secs] [Times: user=0.39 sys=0.01, real=0.06 secs] 
5640.776: [GC (Allocation Failure) [PSYoungGen: 424608K->148416K(507392K)] 1561197K->1386537K(1905664K), 0.0529240 secs] [Times: user=0.31 sys=0.01, real=0.05 secs] 
5640.829: [Full GC (Ergonomics) [PSYoungGen: 148416K->0K(507392K)] [ParOldGen: 1238121K->185221K(1398272K)] 1386537K->185221K(1905664K), [Metaspace: 59677K->59677K(1105920K)], 0.4549200 secs] [Times: user=2.13 sys=0.00, real=0.45 secs] 
5642.684: [GC (Allocation Failure) [PSYoungGen: 319488K->109696K(506368K)] 504709K->294917K(1904640K), 0.0519755 secs] [Times: user=0.31 sys=0.00, real=0.06 secs] 
5644.137: [GC (Allocation Failure) [PSYoungGen: 430208K->151648K(507392K)] 615429K->442714K(1905664K), 0.0528720 secs] [Times: user=0.32 sys=0.00, real=0.05 secs] 
5646.474: [GC (Allocation Failure) [PSYoungGen: 472160K->108704K(508928K)] 763226K->542042K(1907200K), 0.1696621 secs] [Times: user=1.01 sys=0.00, real=0.17 secs] 
5647.663: [GC (GCLocker Initiated GC) [PSYoungGen: 429728K->152512K(473600K)] 863066K->690983K(1871872K), 0.0519181 secs] [Times: user=0.30 sys=0.00, real=0.06 secs] 
5649.713: [GC (Allocation Failure) [PSYoungGen: 473536K->94848K(507904K)] 1016106K->789698K(1906176K), 0.1754656 secs] [Times: user=1.05 sys=0.00, real=0.18 secs] 
5650.294: [GC (Allocation Failure) [PSYoungGen: 411264K->155648K(472576K)] 1106114K->944067K(1870848K), 0.0658779 secs] [Times: user=0.39 sys=0.00, real=0.07 secs] 
5653.639: [GC (Allocation Failure) [PSYoungGen: 472064K->92736K(503808K)] 1260483K->1036599K(1902080K), 0.1649213 secs] [Times: user=0.98 sys=0.01, real=0.16 secs] 
5654.314: [GC (Allocation Failure) [PSYoungGen: 400960K->151392K(459776K)] 1344823K->1182604K(1858048K), 0.0540561 secs] [Times: user=0.32 sys=0.00, real=0.06 secs] 
5657.726: [GC (Allocation Failure) [PSYoungGen: 459616K->88928K(501760K)] 1490828K->1271440K(1900032K), 0.1581772 secs] [Times: user=0.94 sys=0.01, real=0.16 secs] 
5658.707: [GC (Allocation Failure) [PSYoungGen: 393056K->150784K(455168K)] 1575568K->1415857K(1853440K), 0.0525621 secs] [Times: user=0.31 sys=0.00, real=0.05 secs] 
5658.760: [Full GC (Ergonomics) [PSYoungGen: 150784K->0K(455168K)] [ParOldGen: 1265073K->209643K(1398272K)] 1415857K->209643K(1853440K), [Metaspace: 59677K->59677K(1105920K)], 0.4982373 secs] [Times: user=2.32 sys=0.00, real=0.50 secs] 
5661.781: [GC (Allocation Failure) [PSYoungGen: 304128K->89760K(500224K)] 513771K->299403K(1898496K), 0.1692552 secs] [Times: user=1.01 sys=0.00, real=0.17 secs] 
5662.443: [GC (Allocation Failure) [PSYoungGen: 379836K->138592K(438784K)] 589479K->434483K(1837056K), 0.0474556 secs] [Times: user=0.28 sys=0.00, real=0.05 secs] 
5664.777: [GC (Allocation Failure) [PSYoungGen: 438624K->95040K(499200K)] 734515K->521003K(1897472K), 0.1303984 secs] [Times: user=0.77 sys=0.00, real=0.13 secs] 
5666.559: [GC (Allocation Failure) [PSYoungGen: 397120K->144928K(497152K)] 823083K->662472K(1895424K), 0.0469587 secs] [Times: user=0.28 sys=0.00, real=0.05 secs] 
5667.760: [GC (Allocation Failure) [PSYoungGen: 447008K->99168K(498688K)] 964552K->752976K(1896960K), 0.0624072 secs] [Times: user=0.38 sys=0.00, real=0.06 secs] 
5669.457: [GC (Allocation Failure) [PSYoungGen: 406880K->142816K(500736K)] 1060688K->893453K(1899008K), 0.0502828 secs] [Times: user=0.30 sys=0.00, real=0.05 secs] 
5670.676: [GC (Allocation Failure) [PSYoungGen: 450528K->106144K(498688K)] 1201165K->990061K(1896960K), 0.0639038 secs] [Times: user=0.38 sys=0.00, real=0.06 secs] 
5671.735: [GC (Allocation Failure) [PSYoungGen: 417952K->146688K(501760K)] 1301869K->1134621K(1900032K), 0.0527034 secs] [Times: user=0.32 sys=0.00, real=0.05 secs] 
5673.987: [GC (Allocation Failure) [PSYoungGen: 458496K->103232K(504320K)] 1446429K->1229018K(1902592K), 0.0826225 secs] [Times: user=0.50 sys=0.00, real=0.08 secs] 
5676.082: [GC (Allocation Failure) [PSYoungGen: 419648K->147168K(505344K)] 1545434K->1373898K(1903616K), 0.0519565 secs] [Times: user=0.31 sys=0.00, real=0.05 secs] 
5676.134: [Full GC (Ergonomics) [PSYoungGen: 147168K->0K(505344K)] [ParOldGen: 1226730K->181380K(1398272K)] 1373898K->181380K(1903616K), [Metaspace: 59677K->59677K(1105920K)], 0.4350961 secs] [Times: user=2.03 sys=0.00, real=0.44 secs] 
5679.058: [GC (Allocation Failure) [PSYoungGen: 316416K->106464K(505344K)] 497796K->287844K(1903616K), 0.0369811 secs] [Times: user=0.21 sys=0.00, real=0.04 secs] 
5679.871: [GC (Allocation Failure) [PSYoungGen: 424928K->151744K(506368K)] 606308K->435653K(1904640K), 0.0529724 secs] [Times: user=0.31 sys=0.00, real=0.05 secs] 
5681.873: [GC (Allocation Failure) [PSYoungGen: 470208K->104768K(507904K)] 754117K->530989K(1906176K), 0.1711783 secs] [Times: user=1.01 sys=0.01, real=0.17 secs] 
5683.510: [GC (Allocation Failure) [PSYoungGen: 421696K->151968K(468992K)] 847917K->679050K(1867264K), 0.0518315 secs] [Times: user=0.31 sys=0.00, real=0.05 secs] 
5685.101: [GC (Allocation Failure) [PSYoungGen: 468896K->105056K(508928K)] 995978K->775266K(1907200K), 0.1360350 secs] [Times: user=0.81 sys=0.00, real=0.14 secs] 
5686.522: [GC (Allocation Failure) [PSYoungGen: 420960K->148896K(505856K)] 1091170K->920766K(1904128K), 0.0517367 secs] [Times: user=0.30 sys=0.00, real=0.05 secs] 
5688.736: [GC (Allocation Failure) [PSYoungGen: 464800K->104640K(506368K)] 1236670K->1016650K(1904640K), 0.1674983 secs] [Times: user=1.00 sys=0.00, real=0.16 secs] 
5690.448: [GC (Allocation Failure) [PSYoungGen: 414670K->146688K(506368K)] 1326681K->1159311K(1904640K), 0.0501343 secs] [Times: user=0.29 sys=0.00, real=0.05 secs] 
5692.339: [GC (Allocation Failure) [PSYoungGen: 463104K->103168K(505344K)] 1475727K->1253471K(1903616K), 0.1416079 secs] [Times: user=0.84 sys=0.01, real=0.14 secs] 
5693.909: [GC (Allocation Failure) [PSYoungGen: 416533K->148032K(506368K)] 1566837K->1397688K(1904640K), 0.0506747 secs] [Times: user=0.30 sys=0.00, real=0.05 secs] 
5693.960: [Full GC (Ergonomics) [PSYoungGen: 148032K->0K(506368K)] [ParOldGen: 1249656K->195995K(1398272K)] 1397688K->195995K(1904640K), [Metaspace: 59677K->59677K(1105920K)], 0.4778601 secs] [Times: user=2.24 sys=0.00, real=0.48 secs] 
5696.725: [GC (Allocation Failure) [PSYoungGen: 317414K->102720K(507392K)] 513410K->298715K(1905664K), 0.0994887 secs] [Times: user=0.59 sys=0.00, real=0.10 secs] 
5698.098: [GC (Allocation Failure) [PSYoungGen: 414290K->148288K(507392K)] 610285K->443276K(1905664K), 0.0492722 secs] [Times: user=0.29 sys=0.01, real=0.05 secs] 
5700.027: [GC (Allocation Failure) [PSYoungGen: 466752K->103776K(507392K)] 761740K->538140K(1905664K), 0.1720705 secs] [Times: user=1.02 sys=0.01, real=0.17 secs] 
5701.441: [GC (Allocation Failure) [PSYoungGen: 411475K->146848K(507392K)] 845840K->681557K(1905664K), 0.0713894 secs] [Times: user=0.42 sys=0.00, real=0.07 secs] 
5704.074: [GC (Allocation Failure) [PSYoungGen: 465312K->104320K(506880K)] 1000021K->777641K(1905152K), 0.1354867 secs] [Times: user=0.80 sys=0.00, real=0.13 secs] 
5704.987: [GC (Allocation Failure) [PSYoungGen: 407301K->146720K(507392K)] 1080622K->920546K(1905664K), 0.0505464 secs] [Times: user=0.30 sys=0.00, real=0.05 secs] 
5707.155: [GC (Allocation Failure) [PSYoungGen: 465696K->102560K(507904K)] 1239522K->1014830K(1906176K), 0.0659694 secs] [Times: user=0.40 sys=0.00, real=0.06 secs] 
5708.188: [GC (Allocation Failure) [PSYoungGen: 417253K->147840K(508416K)] 1329523K->1159427K(1906688K), 0.1051447 secs] [Times: user=0.63 sys=0.01, real=0.10 secs] 
5711.265: [GC (Allocation Failure) [PSYoungGen: 468352K->107040K(507392K)] 1479939K->1257867K(1905664K), 0.1532717 secs] [Times: user=0.91 sys=0.01, real=0.15 secs] 
5711.784: [GC (Allocation Failure) [PSYoungGen: 427552K->155808K(476672K)] 1578379K->1410124K(1874944K), 0.0528272 secs] [Times: user=0.32 sys=0.00, real=0.06 secs] 
5711.836: [Full GC (Ergonomics) [PSYoungGen: 155808K->0K(476672K)] [ParOldGen: 1254315K->207852K(1398272K)] 1410124K->207852K(1874944K), [Metaspace: 59677K->59677K(1105920K)], 0.4936227 secs] [Times: user=2.31 sys=0.00, real=0.49 secs] 
5715.305: [GC (Allocation Failure) [PSYoungGen: 320512K->106560K(508928K)] 528364K->314412K(1907200K), 0.1454622 secs] [Times: user=0.87 sys=0.00, real=0.14 secs] 
5716.004: [GC (Allocation Failure) [PSYoungGen: 422976K->153056K(469504K)] 630828K->449580K(1867776K), 0.0541311 secs] [Times: user=0.30 sys=0.01, real=0.05 secs] 
5718.739: [GC (Allocation Failure) [PSYoungGen: 469472K->94592K(506368K)] 765996K->543608K(1904640K), 0.1414988 secs] [Times: user=0.84 sys=0.00, real=0.14 secs] 
5719.474: [GC (Allocation Failure) [PSYoungGen: 407424K->153440K(466432K)] 856440K->690814K(1864704K), 0.0546440 secs] [Times: user=0.31 sys=0.00, real=0.06 secs] 
5722.064: [GC (Allocation Failure) [PSYoungGen: 466272K->93824K(503296K)] 1003646K->784154K(1901568K), 0.1393836 secs] [Times: user=0.83 sys=0.01, real=0.13 secs] 
5722.623: [GC (Allocation Failure) [PSYoungGen: 400512K->151104K(458240K)] 1090842K->929795K(1856512K), 0.0548124 secs] [Times: user=0.32 sys=0.01, real=0.06 secs] 
5724.606: [GC (Allocation Failure) [PSYoungGen: 457792K->90048K(501248K)] 1236483K->1019495K(1899520K), 0.1061603 secs] [Times: user=0.63 sys=0.01, real=0.10 secs] 
5726.070: [GC (Allocation Failure) [PSYoungGen: 393152K->147200K(450560K)] 1322599K->1160916K(1848832K), 0.1173677 secs] [Times: user=0.70 sys=0.00, real=0.12 secs] 
5728.844: [GC (Allocation Failure) [PSYoungGen: 450304K->86944K(500736K)] 1464020K->1247884K(1899008K), 0.1734527 secs] [Times: user=1.03 sys=0.00, real=0.17 secs] 
5730.879: [GC (Allocation Failure) [PSYoungGen: 389024K->143296K(500224K)] 1549964K->1387086K(1898496K), 0.0489860 secs] [Times: user=0.30 sys=0.00, real=0.05 secs] 
5730.928: [Full GC (Ergonomics) [PSYoungGen: 143296K->0K(500224K)] [ParOldGen: 1243790K->193767K(1398272K)] 1387086K->193767K(1898496K), [Metaspace: 59677K->59677K(1105920K)], 0.4719538 secs] [Times: user=2.21 sys=0.00, real=0.47 secs] 
5732.456: [GC (Allocation Failure) [PSYoungGen: 302080K->98976K(495104K)] 495847K->292743K(1893376K), 0.0310471 secs] [Times: user=0.18 sys=0.00, real=0.03 secs] 
5734.951: [GC (Allocation Failure) [PSYoungGen: 401056K->142240K(497664K)] 594823K->431132K(1895936K), 0.0482903 secs] [Times: user=0.28 sys=0.00, real=0.05 secs] 
5736.087: [GC (Allocation Failure) [PSYoungGen: 444320K->101536K(496128K)] 733212K->523556K(1894400K), 0.0685838 secs] [Times: user=0.41 sys=0.00, real=0.07 secs] 
5738.202: [GC (Allocation Failure) [PSYoungGen: 409248K->148512K(499712K)] 831268K->669504K(1897984K), 0.0502809 secs] [Times: user=0.30 sys=0.00, real=0.05 secs] 
5739.366: [GC (Allocation Failure) [PSYoungGen: 456224K->106304K(501760K)] 977216K->758196K(1900032K), 0.0637326 secs] [Times: user=0.38 sys=0.00, real=0.06 secs] 
5740.175: [GC (Allocation Failure) [PSYoungGen: 418112K->148992K(502784K)] 1070004K->905546K(1901056K), 0.0536556 secs] [Times: user=0.32 sys=0.00, real=0.05 secs] 
5742.633: [GC (Allocation Failure) [PSYoungGen: 460800K->100832K(505344K)] 1217354K->998178K(1903616K), 0.0655921 secs] [Times: user=0.39 sys=0.00, real=0.07 secs] 
5743.944: [GC (Allocation Failure) [PSYoungGen: 414176K->149600K(463360K)] 1311522K->1145952K(1861632K), 0.0519014 secs] [Times: user=0.30 sys=0.01, real=0.06 secs] 
5745.585: [GC (Allocation Failure) [PSYoungGen: 462944K->102624K(507392K)] 1459296K->1240264K(1905664K), 0.0665426 secs] [Times: user=0.40 sys=0.00, real=0.06 secs] 
5747.828: [GC (Allocation Failure) [PSYoungGen: 415456K->148256K(504320K)] 1553096K->1385685K(1902592K), 0.0531105 secs] [Times: user=0.31 sys=0.00, real=0.05 secs] 
5747.881: [Full GC (Ergonomics) [PSYoungGen: 148256K->0K(504320K)] [ParOldGen: 1237429K->184804K(1398272K)] 1385685K->184804K(1902592K), [Metaspace: 59677K->59677K(1105920K)], 0.4517147 secs] [Times: user=2.11 sys=0.00, real=0.45 secs] 
5749.535: [GC (Allocation Failure) [PSYoungGen: 312832K->102176K(503808K)] 497636K->286980K(1902080K), 0.0321124 secs] [Times: user=0.19 sys=0.00, real=0.03 secs] 
5752.417: [GC (Allocation Failure) [PSYoungGen: 415520K->144128K(504320K)] 600324K->427348K(1902592K), 0.0506808 secs] [Times: user=0.30 sys=0.01, real=0.05 secs] 
5753.629: [GC (Allocation Failure) [PSYoungGen: 457472K->107520K(501760K)] 740692K->525737K(1900032K), 0.0633619 secs] [Times: user=0.38 sys=0.00, real=0.06 secs] 
5755.244: [GC (Allocation Failure) [PSYoungGen: 423424K->149152K(504320K)] 841641K->671437K(1902592K), 0.0527765 secs] [Times: user=0.32 sys=0.00, real=0.05 secs] 
5756.496: [GC (Allocation Failure) [PSYoungGen: 465056K->104384K(507392K)] 987341K->766729K(1905664K), 0.0686000 secs] [Times: user=0.41 sys=0.00, real=0.07 secs] 
5757.487: [GC (Allocation Failure) [PSYoungGen: 423360K->152640K(472064K)] 1085705K->916378K(1870336K), 0.0523252 secs] [Times: user=0.31 sys=0.00, real=0.05 secs] 
5759.803: [GC (Allocation Failure) [PSYoungGen: 471616K->106464K(508928K)] 1235354K->1014218K(1907200K), 0.0868614 secs] [Times: user=0.51 sys=0.00, real=0.09 secs] 
5760.877: [GC (Allocation Failure) [PSYoungGen: 420299K->148160K(505856K)] 1328054K->1159107K(1904128K), 0.0523251 secs] [Times: user=0.31 sys=0.00, real=0.05 secs] 
5764.662: [GC (Allocation Failure) [PSYoungGen: 464064K->101184K(506880K)] 1475011K->1251683K(1905152K), 0.1768752 secs] [Times: user=1.00 sys=0.00, real=0.18 secs] 
5766.784: [GC (Allocation Failure) [PSYoungGen: 416258K->150400K(467456K)] 1566757K->1397480K(1865728K), 0.0496246 secs] [Times: user=0.29 sys=0.00, real=0.04 secs] 
5766.834: [Full GC (Ergonomics) [PSYoungGen: 150400K->0K(467456K)] [ParOldGen: 1247080K->195504K(1398272K)] 1397480K->195504K(1865728K), [Metaspace: 59677K->59677K(1105920K)], 0.5103879 secs] [Times: user=2.41 sys=0.00, real=0.52 secs] 
5769.116: [GC (Allocation Failure) [PSYoungGen: 316928K->102880K(508416K)] 512432K->298384K(1906688K), 0.0880494 secs] [Times: user=0.52 sys=0.00, real=0.08 secs] 
5769.936: [GC (Allocation Failure) [PSYoungGen: 410766K->148096K(505856K)] 606271K->442837K(1904128K), 0.0491942 secs] [Times: user=0.29 sys=0.00, real=0.05 secs] 
5772.914: [GC (Allocation Failure) [PSYoungGen: 463488K->102432K(506368K)] 758229K->536829K(1904640K), 0.1684141 secs] [Times: user=1.01 sys=0.00, real=0.17 secs] 
5774.107: [GC (Allocation Failure) [PSYoungGen: 413235K->148704K(506368K)] 847633K->681702K(1904640K), 0.0493923 secs] [Times: user=0.29 sys=0.00, real=0.05 secs] 
5777.519: [GC (Allocation Failure) [PSYoungGen: 464608K->97472K(506880K)] 997606K->770646K(1905152K), 0.0866426 secs] [Times: user=0.51 sys=0.00, real=0.09 secs] 
5779.320: [GC (Allocation Failure) [PSYoungGen: 412864K->150592K(466432K)] 1086038K->917599K(1864704K), 0.0490425 secs] [Times: user=0.30 sys=0.00, real=0.05 secs] 
5781.743: [GC (Allocation Failure) [PSYoungGen: 465984K->102528K(507392K)] 1232991K->1011471K(1905664K), 0.1624227 secs] [Times: user=0.96 sys=0.01, real=0.17 secs] 
5783.200: [GC (Allocation Failure) [PSYoungGen: 415872K->150240K(463872K)] 1324815K->1157172K(1862144K), 0.0503243 secs] [Times: user=0.30 sys=0.00, real=0.05 secs] 
5784.738: [GC (Allocation Failure) [PSYoungGen: 463584K->106240K(507392K)] 1470516K->1254092K(1905664K), 0.1049484 secs] [Times: user=0.63 sys=0.00, real=0.10 secs] 
5785.454: [GC (Allocation Failure) [PSYoungGen: 411222K->146528K(504320K)] 1559074K->1396997K(1902592K), 0.0608042 secs] [Times: user=0.32 sys=0.00, real=0.07 secs] 
5785.515: [Full GC (Ergonomics) [PSYoungGen: 146528K->0K(504320K)] [ParOldGen: 1250469K->195366K(1398272K)] 1396997K->195366K(1902592K), [Metaspace: 59677K->59677K(1105920K)], 0.4674895 secs] [Times: user=2.10 sys=0.00, real=0.46 secs] 
5789.290: [GC (Allocation Failure) [PSYoungGen: 312832K->94304K(506368K)] 508198K->289670K(1904640K), 0.0517979 secs] [Times: user=0.31 sys=0.00, real=0.05 secs] 
5790.946: [GC (Allocation Failure) [PSYoungGen: 408160K->149600K(463872K)] 603526K->435691K(1862144K), 0.0476274 secs] [Times: user=0.29 sys=0.00, real=0.04 secs] 
5793.272: [GC (Allocation Failure) [PSYoungGen: 463456K->103424K(507392K)] 749547K->530299K(1905664K), 0.1005247 secs] [Times: user=0.60 sys=0.00, real=0.10 secs] 
5794.234: [GC (Allocation Failure) [PSYoungGen: 416256K->149088K(504320K)] 843131K->676092K(1902592K), 0.0506728 secs] [Times: user=0.30 sys=0.00, real=0.06 secs] 
5796.791: [GC (Allocation Failure) [PSYoungGen: 461920K->102528K(504832K)] 988924K->769532K(1903104K), 0.0766417 secs] [Times: user=0.46 sys=0.00, real=0.08 secs] 
5797.632: [GC (Allocation Failure) [PSYoungGen: 415872K->149152K(504832K)] 1082876K->915197K(1903104K), 0.0512934 secs] [Times: user=0.31 sys=0.00, real=0.05 secs] 
5799.445: [GC (Allocation Failure) [PSYoungGen: 462496K->104192K(503808K)] 1228541K->1010213K(1902080K), 0.0854653 secs] [Times: user=0.51 sys=0.00, real=0.08 secs] 
5801.009: [GC (Allocation Failure) [PSYoungGen: 417536K->147744K(504320K)] 1323557K->1154714K(1902592K), 0.1397247 secs] [Times: user=0.83 sys=0.00, real=0.14 secs] 
5803.149: [GC (GCLocker Initiated GC) [PSYoungGen: 461088K->101856K(505856K)] 1468059K->1248387K(1904128K), 0.0836043 secs] [Times: user=0.49 sys=0.00, real=0.08 secs] 
5804.355: [GC (Allocation Failure) [PSYoungGen: 416736K->157568K(472576K)] 1563302K->1402491K(1870848K), 0.0515286 secs] [Times: user=0.31 sys=0.00, real=0.05 secs] 
5804.406: [Full GC (Ergonomics) [PSYoungGen: 157568K->0K(472576K)] [ParOldGen: 1244923K->193551K(1398272K)] 1402491K->193551K(1870848K), [Metaspace: 59677K->59677K(1105920K)], 0.4680324 secs] [Times: user=2.17 sys=0.00, real=0.47 secs] 
5806.590: [GC (Allocation Failure) [PSYoungGen: 314880K->103008K(505344K)] 508431K->296559K(1903616K), 0.0447081 secs] [Times: user=0.26 sys=0.00, real=0.05 secs] 
5807.411: [GC (Allocation Failure) [PSYoungGen: 411744K->148000K(502272K)] 605295K->441144K(1900544K), 0.0751785 secs] [Times: user=0.44 sys=0.00, real=0.08 secs] 
5810.967: [GC (Allocation Failure) [PSYoungGen: 456736K->96672K(503808K)] 749880K->529464K(1902080K), 0.0818158 secs] [Times: user=0.48 sys=0.00, real=0.08 secs] 
5812.436: [GC (Allocation Failure) [PSYoungGen: 405920K->146720K(503296K)] 838712K->672917K(1901568K), 0.0486819 secs] [Times: user=0.29 sys=0.00, real=0.05 secs] 
5814.884: [GC (Allocation Failure) [PSYoungGen: 455968K->100832K(500736K)] 982165K->765181K(1899008K), 0.0692951 secs] [Times: user=0.41 sys=0.01, real=0.07 secs] 
5816.097: [GC (Allocation Failure) [PSYoungGen: 410592K->147232K(502272K)] 1074941K->908930K(1900544K), 0.0513380 secs] [Times: user=0.30 sys=0.00, real=0.05 secs] 
5817.935: [GC (Allocation Failure) [PSYoungGen: 455222K->102592K(502272K)] 1216921K->1002770K(1900544K), 0.0652935 secs] [Times: user=0.39 sys=0.00, real=0.06 secs] 
5819.517: [GC (Allocation Failure) [PSYoungGen: 414400K->145088K(503296K)] 1314578K->1145239K(1901568K), 0.0512610 secs] [Times: user=0.30 sys=0.01, real=0.05 secs] 
5820.665: [GC (Allocation Failure) [PSYoungGen: 456564K->105024K(502784K)] 1456715K->1241159K(1901056K), 0.0638175 secs] [Times: user=0.37 sys=0.00, real=0.06 secs] 
5822.101: [GC (Allocation Failure) [PSYoungGen: 419392K->149952K(504320K)] 1555527K->1388949K(1902592K), 0.0533651 secs] [Times: user=0.32 sys=0.00, real=0.06 secs] 
5822.154: [Full GC (Ergonomics) [PSYoungGen: 149952K->0K(504320K)] [ParOldGen: 1238996K->186228K(1398272K)] 1388949K->186228K(1902592K), [Metaspace: 59677K->59677K(1105920K)], 0.4458678 secs] [Times: user=2.06 sys=0.00, real=0.44 secs] 
5823.956: [GC (Allocation Failure) [PSYoungGen: 314368K->102368K(506368K)] 500596K->288596K(1904640K), 0.0350315 secs] [Times: user=0.20 sys=0.00, real=0.03 secs] 
5825.907: [GC (Allocation Failure) [PSYoungGen: 417760K->152000K(467456K)] 603988K->436617K(1865728K), 0.0510702 secs] [Times: user=0.30 sys=0.00, real=0.05 secs] 
5828.318: [GC (Allocation Failure) [PSYoungGen: 467392K->102816K(507392K)] 752009K->530865K(1905664K), 0.1354639 secs] [Times: user=0.81 sys=0.00, real=0.13 secs] 
5829.171: [GC (Allocation Failure) [PSYoungGen: 416160K->152256K(465920K)] 844209K->677687K(1864192K), 0.0503079 secs] [Times: user=0.30 sys=0.00, real=0.05 secs] 
5832.018: [GC (Allocation Failure) [PSYoungGen: 465600K->101280K(506368K)] 991031K->770943K(1904640K), 0.1034835 secs] [Times: user=0.61 sys=0.00, real=0.10 secs] 
5833.868: [GC (Allocation Failure) [PSYoungGen: 412564K->146880K(503808K)] 1082227K->913616K(1902080K), 0.0492311 secs] [Times: user=0.30 sys=0.00, real=0.05 secs] 
5835.576: [GC (Allocation Failure) [PSYoungGen: 458176K->101728K(502784K)] 1224912K->1006040K(1901056K), 0.1542137 secs] [Times: user=0.92 sys=0.00, real=0.15 secs] 
5837.808: [GC (Allocation Failure) [PSYoungGen: 414048K->147584K(503808K)] 1318360K->1149858K(1902080K), 0.0505800 secs] [Times: user=0.29 sys=0.00, real=0.05 secs] 
5839.549: [GC (Allocation Failure) [PSYoungGen: 459904K->102240K(504320K)] 1462178K->1243466K(1902592K), 0.0662174 secs] [Times: user=0.39 sys=0.00, real=0.07 secs] 
5842.599: [GC (Allocation Failure) [PSYoungGen: 416096K->145440K(504832K)] 1557322K->1385303K(1903104K), 0.0514777 secs] [Times: user=0.30 sys=0.00, real=0.05 secs] 
5842.650: [Full GC (Ergonomics) [PSYoungGen: 145440K->0K(504832K)] [ParOldGen: 1239863K->184028K(1398272K)] 1385303K->184028K(1903104K), [Metaspace: 59677K->59677K(1105920K)], 0.4482413 secs] [Times: user=2.09 sys=0.00, real=0.45 secs] 
5844.153: [GC (Allocation Failure) [PSYoungGen: 313856K->105984K(502272K)] 497884K->290012K(1900544K), 0.0324154 secs] [Times: user=0.19 sys=0.00, real=0.04 secs] 
5846.301: [GC (Allocation Failure) [PSYoungGen: 421376K->148064K(504320K)] 605404K->435273K(1902592K), 0.1217307 secs] [Times: user=0.72 sys=0.01, real=0.12 secs] 
5848.768: [GC (Allocation Failure) [PSYoungGen: 463456K->102688K(507392K)] 750665K->529617K(1905664K), 0.0641810 secs] [Times: user=0.38 sys=0.00, real=0.06 secs] 
5850.591: [GC (Allocation Failure) [PSYoungGen: 421152K->151808K(470528K)] 848081K->678166K(1868800K), 0.0513613 secs] [Times: user=0.31 sys=0.00, real=0.05 secs] 
5852.692: [GC (Allocation Failure) [PSYoungGen: 470272K->105536K(508928K)] 996630K->775462K(1907200K), 0.0661932 secs] [Times: user=0.39 sys=0.00, real=0.07 secs] 
5854.012: [GC (Allocation Failure) [PSYoungGen: 421440K->148992K(505856K)] 1091366K->920975K(1904128K), 0.0517100 secs] [Times: user=0.30 sys=0.01, real=0.05 secs] 
5856.366: [GC (Allocation Failure) [PSYoungGen: 464896K->105056K(505344K)] 1236879K->1017355K(1903616K), 0.0834311 secs] [Times: user=0.50 sys=0.00, real=0.08 secs] 
5856.971: [GC (Allocation Failure) [PSYoungGen: 411890K->145952K(505856K)] 1324189K->1159600K(1904128K), 0.0502190 secs] [Times: user=0.30 sys=0.00, real=0.05 secs] 
5861.208: [GC (Allocation Failure) [PSYoungGen: 462368K->99104K(507904K)] 1476016K->1250200K(1906176K), 0.1053144 secs] [Times: user=0.62 sys=0.00, real=0.10 secs] 
5862.322: [GC (Allocation Failure) [PSYoungGen: 417568K->151776K(470528K)] 1568664K->1398525K(1868800K), 0.0507061 secs] [Times: user=0.30 sys=0.00, real=0.05 secs] 
5862.373: [Full GC (Ergonomics) [PSYoungGen: 151776K->0K(470528K)] [ParOldGen: 1246749K->196168K(1398272K)] 1398525K->196168K(1868800K), [Metaspace: 59678K->59678K(1105920K)], 0.4766978 secs] [Times: user=2.22 sys=0.01, real=0.48 secs] 
5865.434: [GC (Allocation Failure) [PSYoungGen: 318464K->104384K(508416K)] 514632K->300553K(1906688K), 0.0913009 secs] [Times: user=0.54 sys=0.00, real=0.10 secs] 
5866.574: [GC (Allocation Failure) [PSYoungGen: 414508K->146784K(505856K)] 610677K->443681K(1904128K), 0.0492290 secs] [Times: user=0.29 sys=0.00, real=0.04 secs] 
5868.627: [GC (Allocation Failure) [PSYoungGen: 462176K->104128K(504832K)] 759073K->538841K(1903104K), 0.0701144 secs] [Times: user=0.41 sys=0.00, real=0.07 secs] 
5869.228: [GC (Allocation Failure) [PSYoungGen: 404986K->146080K(505856K)] 839700K->681635K(1904128K), 0.0499212 secs] [Times: user=0.30 sys=0.00, real=0.05 secs] 
5871.760: [GC (Allocation Failure) [PSYoungGen: 462496K->100096K(506880K)] 998051K->773363K(1905152K), 0.1638307 secs] [Times: user=0.97 sys=0.01, real=0.17 secs] 
5872.493: [GC (Allocation Failure) [PSYoungGen: 410661K->150144K(468992K)] 1083929K->920180K(1867264K), 0.0493754 secs] [Times: user=0.29 sys=0.00, real=0.05 secs] 
5875.404: [GC (Allocation Failure) [PSYoungGen: 468608K->101600K(508928K)] 1238644K->1013628K(1907200K), 0.1746886 secs] [Times: user=1.04 sys=0.00, real=0.17 secs] 
5877.080: [GC (Allocation Failure) [PSYoungGen: 409951K->149728K(466944K)] 1321980K->1158793K(1865216K), 0.0491094 secs] [Times: user=0.29 sys=0.00, real=0.05 secs] 
5879.109: [GC (Allocation Failure) [PSYoungGen: 466656K->102976K(508416K)] 1475721K->1253169K(1906688K), 0.1706556 secs] [Times: user=1.02 sys=0.00, real=0.17 secs] 
5880.029: [GC (Allocation Failure) [PSYoungGen: 410151K->148416K(505856K)] 1560345K->1397790K(1904128K), 0.0504661 secs] [Times: user=0.30 sys=0.00, real=0.05 secs] 
5880.079: [Full GC (Ergonomics) [PSYoungGen: 148416K->0K(505856K)] [ParOldGen: 1249374K->196633K(1398272K)] 1397790K->196633K(1904128K), [Metaspace: 59678K->59678K(1105920K)], 0.4797969 secs] [Times: user=2.23 sys=0.01, real=0.48 secs] 
5883.550: [GC (Allocation Failure) [PSYoungGen: 315392K->100256K(506368K)] 512025K->296889K(1904640K), 0.0971187 secs] [Times: user=0.57 sys=0.00, real=0.10 secs] 
5884.595: [GC (Allocation Failure) [PSYoungGen: 411966K->151072K(467456K)] 608600K->444094K(1865728K), 0.0493002 secs] [Times: user=0.30 sys=0.00, real=0.05 secs] 
5886.534: [GC (Allocation Failure) [PSYoungGen: 466976K->101056K(507392K)] 759998K->536562K(1905664K), 0.1679651 secs] [Times: user=1.00 sys=0.00, real=0.16 secs] 
5887.972: [GC (Allocation Failure) [PSYoungGen: 412025K->149472K(504832K)] 847531K->682631K(1903104K), 0.0493200 secs] [Times: user=0.29 sys=0.00, real=0.05 secs] 
5890.323: [GC (Allocation Failure) [PSYoungGen: 462816K->99200K(505344K)] 995975K->773615K(1903616K), 0.1627312 secs] [Times: user=0.96 sys=0.02, real=0.17 secs] 
5892.127: [GC (Allocation Failure) [PSYoungGen: 412032K->151712K(464896K)] 1086447K->921212K(1863168K), 0.0498157 secs] [Times: user=0.29 sys=0.00, real=0.05 secs] 
5894.123: [GC (Allocation Failure) [PSYoungGen: 464544K->100512K(505856K)] 1234044K->1013104K(1904128K), 0.1725387 secs] [Times: user=1.03 sys=0.00, real=0.18 secs] 
5896.333: [GC (Allocation Failure) [PSYoungGen: 410784K->147392K(503296K)] 1323376K->1155677K(1901568K), 0.0496272 secs] [Times: user=0.29 sys=0.01, real=0.05 secs] 
5898.182: [GC (Allocation Failure) [PSYoungGen: 457664K->101920K(502784K)] 1465949K->1248721K(1901056K), 0.1563339 secs] [Times: user=0.86 sys=0.01, real=0.16 secs] 
5901.374: [GC (Allocation Failure) [PSYoungGen: 412704K->146720K(503296K)] 1559505K->1390781K(1901568K), 0.0514900 secs] [Times: user=0.31 sys=0.00, real=0.06 secs] 
5901.425: [Full GC (Ergonomics) [PSYoungGen: 146720K->0K(503296K)] [ParOldGen: 1244061K->188744K(1398272K)] 1390781K->188744K(1901568K), [Metaspace: 59678K->59678K(1105920K)], 0.4589049 secs] [Times: user=2.14 sys=0.00, real=0.45 secs] 
5903.433: [GC (Allocation Failure) [PSYoungGen: 310784K->101472K(502784K)] 499528K->290216K(1901056K), 0.0603046 secs] [Times: user=0.36 sys=0.00, real=0.06 secs] 
5905.946: [GC (Allocation Failure) [PSYoungGen: 413792K->145728K(503808K)] 602536K->431925K(1902080K), 0.0501384 secs] [Times: user=0.30 sys=0.00, real=0.05 secs] 
5907.076: [GC (Allocation Failure) [PSYoungGen: 458048K->105120K(501760K)] 744245K->528153K(1900032K), 0.0641412 secs] [Times: user=0.37 sys=0.01, real=0.06 secs] 
5908.446: [GC (Allocation Failure) [PSYoungGen: 419488K->149440K(503808K)] 842521K->674166K(1902080K), 0.0537195 secs] [Times: user=0.28 sys=0.00, real=0.05 secs] 
5910.927: [GC (Allocation Failure) [PSYoungGen: 463808K->102208K(506880K)] 988534K->767478K(1905152K), 0.0772459 secs] [Times: user=0.46 sys=0.00, real=0.08 secs] 
5911.446: [GC (Allocation Failure) [PSYoungGen: 418624K->154272K(471040K)] 1083894K->918795K(1869312K), 0.0514630 secs] [Times: user=0.31 sys=0.00, real=0.05 secs] 
5913.822: [GC (Allocation Failure) [PSYoungGen: 470688K->99616K(506368K)] 1235211K->1010235K(1904640K), 0.1543931 secs] [Times: user=0.92 sys=0.00, real=0.16 secs] 
5914.893: [GC (Allocation Failure) [PSYoungGen: 411424K->149472K(461312K)] 1322043K->1156529K(1859584K), 0.0496700 secs] [Times: user=0.29 sys=0.01, real=0.05 secs] 
5917.322: [GC (Allocation Failure) [PSYoungGen: 461280K->102304K(506368K)] 1468337K->1250397K(1904640K), 0.1773017 secs] [Times: user=1.06 sys=0.00, real=0.18 secs] 
5919.232: [GC (Allocation Failure) [PSYoungGen: 413600K->149024K(503808K)] 1561693K->1394550K(1902080K), 0.0503141 secs] [Times: user=0.30 sys=0.00, real=0.05 secs] 
5919.282: [Full GC (Ergonomics) [PSYoungGen: 149024K->0K(503808K)] [ParOldGen: 1245526K->192405K(1398272K)] 1394550K->192405K(1902080K), [Metaspace: 59678K->59678K(1105920K)], 0.4721200 secs] [Times: user=2.21 sys=0.00, real=0.47 secs] 
5921.237: [GC (Allocation Failure) [PSYoungGen: 311296K->98944K(504320K)] 503701K->291349K(1902592K), 0.0585273 secs] [Times: user=0.34 sys=0.01, real=0.06 secs] 
5923.627: [GC (Allocation Failure) [PSYoungGen: 409728K->149248K(503808K)] 602133K->436346K(1902080K), 0.0486562 secs] [Times: user=0.29 sys=0.00, real=0.05 secs] 
5924.874: [GC (Allocation Failure) [PSYoungGen: 460032K->101792K(502784K)] 747130K->529554K(1901056K), 0.0648442 secs] [Times: user=0.38 sys=0.00, real=0.06 secs] 
5926.492: [GC (Allocation Failure) [PSYoungGen: 412576K->156288K(467456K)] 840338K->681898K(1865728K), 0.0512615 secs] [Times: user=0.30 sys=0.00, real=0.05 secs] 
5927.812: [GC (Allocation Failure) [PSYoungGen: 467072K->104320K(504320K)] 992682K->768434K(1902592K), 0.0690732 secs] [Times: user=0.41 sys=0.00, real=0.07 secs] 
5929.468: [GC (Allocation Failure) [PSYoungGen: 411008K->144992K(501248K)] 1075122K->909706K(1899520K), 0.0513174 secs] [Times: user=0.31 sys=0.00, real=0.05 secs] 
5930.594: [GC (Allocation Failure) [PSYoungGen: 451680K->102528K(501760K)] 1216394K->1003386K(1900032K), 0.0661984 secs] [Times: user=0.39 sys=0.00, real=0.07 secs] 
5932.651: [GC (Allocation Failure) [PSYoungGen: 411776K->147712K(501760K)] 1312634K->1147586K(1900032K), 0.0522056 secs] [Times: user=0.31 sys=0.00, real=0.05 secs] 
5934.503: [GC (Allocation Failure) [PSYoungGen: 456960K->100832K(503808K)] 1456834K->1239706K(1902080K), 0.0669734 secs] [Times: user=0.40 sys=0.00, real=0.07 secs] 
5935.531: [GC (Allocation Failure) [PSYoungGen: 413152K->151296K(463872K)] 1552026K->1387847K(1862144K), 0.0521494 secs] [Times: user=0.31 sys=0.00, real=0.05 secs] 
5935.583: [Full GC (Ergonomics) [PSYoungGen: 151296K->0K(463872K)] [ParOldGen: 1236551K->187440K(1398272K)] 1387847K->187440K(1862144K), [Metaspace: 59678K->59678K(1105920K)], 0.4583653 secs] [Times: user=2.13 sys=0.00, real=0.46 secs] 
5938.617: [GC (Allocation Failure) [PSYoungGen: 312320K->100992K(505856K)] 499760K->288433K(1904128K), 0.0454613 secs] [Times: user=0.27 sys=0.00, real=0.04 secs] 
5939.966: [GC (Allocation Failure) [PSYoungGen: 411776K->148000K(503808K)] 599217K->431101K(1902080K), 0.0498971 secs] [Times: user=0.30 sys=0.00, real=0.05 secs] 
5941.794: [GC (Allocation Failure) [PSYoungGen: 458784K->102816K(502272K)] 741885K->525313K(1900544K), 0.0800886 secs] [Times: user=0.47 sys=0.01, real=0.08 secs] 
5943.163: [GC (Allocation Failure) [PSYoungGen: 414112K->148512K(503296K)] 836609K->670442K(1901568K), 0.0516421 secs] [Times: user=0.30 sys=0.00, real=0.05 secs] 
5944.613: [GC (Allocation Failure) [PSYoungGen: 459808K->103872K(503808K)] 981738K->765338K(1902080K), 0.0650709 secs] [Times: user=0.39 sys=0.00, real=0.07 secs] 
5945.514: [GC (Allocation Failure) [PSYoungGen: 416704K->150272K(504320K)] 1078170K->912956K(1902592K), 0.0522657 secs] [Times: user=0.31 sys=0.01, real=0.06 secs] 
5947.689: [GC (GCLocker Initiated GC) [PSYoungGen: 463104K->101664K(505344K)] 1225788K->1006508K(1903616K), 0.0991278 secs] [Times: user=0.58 sys=0.01, real=0.10 secs] 
5948.642: [GC (Allocation Failure) [PSYoungGen: 414496K->157152K(470016K)] 1319375K->1160192K(1868288K), 0.0511452 secs] [Times: user=0.30 sys=0.00, real=0.05 secs] 
5950.543: [GC (Allocation Failure) [PSYoungGen: 469984K->104064K(504320K)] 1473024K->1247016K(1902592K), 0.0675771 secs] [Times: user=0.40 sys=0.00, real=0.07 secs] 
5951.565: [GC (Allocation Failure) [PSYoungGen: 411264K->155648K(463360K)] 1554216K->1399522K(1861632K), 0.0523040 secs] [Times: user=0.31 sys=0.00, real=0.05 secs] 
5951.617: [Full GC (Ergonomics) [PSYoungGen: 155648K->0K(463360K)] [ParOldGen: 1243874K->188861K(1398272K)] 1399522K->188861K(1861632K), [Metaspace: 59678K->59678K(1105920K)], 0.4570210 secs] [Times: user=2.11 sys=0.00, real=0.46 secs] 
5955.020: [GC (Allocation Failure) [PSYoungGen: 305948K->97056K(501760K)] 494810K->285917K(1900032K), 0.0312528 secs] [Times: user=0.18 sys=0.00, real=0.03 secs] 
5955.828: [GC (Allocation Failure) [PSYoungGen: 400160K->145024K(500224K)] 589021K->429198K(1898496K), 0.0612760 secs] [Times: user=0.37 sys=0.00, real=0.06 secs] 
5959.284: [GC (Allocation Failure) [PSYoungGen: 448128K->94240K(500224K)] 732302K->515342K(1898496K), 0.0648355 secs] [Times: user=0.38 sys=0.01, real=0.07 secs] 
5960.686: [GC (Allocation Failure) [PSYoungGen: 398880K->143168K(500224K)] 819982K->656207K(1898496K), 0.0493222 secs] [Times: user=0.30 sys=0.00, real=0.05 secs] 
5963.214: [GC (Allocation Failure) [PSYoungGen: 447808K->101344K(498176K)] 960847K->748495K(1896448K), 0.0645675 secs] [Times: user=0.38 sys=0.00, real=0.07 secs] 
5964.112: [GC (Allocation Failure) [PSYoungGen: 409056K->143040K(500736K)] 1056207K->890173K(1899008K), 0.0523132 secs] [Times: user=0.31 sys=0.00, real=0.05 secs] 
5966.709: [GC (GCLocker Initiated GC) [PSYoungGen: 450752K->102176K(500224K)] 1197885K->983489K(1898496K), 0.0654213 secs] [Times: user=0.39 sys=0.00, real=0.06 secs] 
5967.498: [GC (Allocation Failure) [PSYoungGen: 414496K->153536K(502784K)] 1295844K->1135820K(1901056K), 0.0532316 secs] [Times: user=0.32 sys=0.00, real=0.05 secs] 
5969.478: [GC (Allocation Failure) [PSYoungGen: 465856K->105376K(504832K)] 1448140K->1224244K(1903104K), 0.0664164 secs] [Times: user=0.39 sys=0.00, real=0.07 secs] 
5971.079: [GC (Allocation Failure) [PSYoungGen: 417696K->144704K(503808K)] 1536564K->1367650K(1902080K), 0.0539533 secs] [Times: user=0.32 sys=0.01, real=0.05 secs] 
5972.566: [GC (Allocation Failure) [PSYoungGen: 457024K->106624K(502272K)] 1679970K->1465903K(1900544K), 0.0667530 secs] [Times: user=0.39 sys=0.00, real=0.06 secs] 
5972.633: [Full GC (Ergonomics) [PSYoungGen: 106624K->0K(502272K)] [ParOldGen: 1359278K->25319K(1398272K)] 1465903K->25319K(1900544K), [Metaspace: 59679K->59679K(1105920K)], 0.0429015 secs] [Times: user=0.13 sys=0.00, real=0.05 secs] 
5974.769: [GC (Allocation Failure) [PSYoungGen: 314880K->143232K(504320K)] 340199K->168551K(1902592K), 0.0299165 secs] [Times: user=0.18 sys=0.00, real=0.03 secs] 
5976.648: [GC (Allocation Failure) [PSYoungGen: 458112K->109888K(502784K)] 483431K->269399K(1901056K), 0.0635646 secs] [Times: user=0.38 sys=0.00, real=0.06 secs] 
5978.720: [GC (Allocation Failure) [PSYoungGen: 429376K->146976K(505856K)] 588887K->414004K(1904128K), 0.0534360 secs] [Times: user=0.31 sys=0.00, real=0.05 secs] 
5979.884: [GC (Allocation Failure) [PSYoungGen: 466464K->109408K(508416K)] 733492K->514344K(1906688K), 0.0638997 secs] [Times: user=0.37 sys=0.00, real=0.06 secs] 
5980.764: [GC (Allocation Failure) [PSYoungGen: 433504K->155008K(479232K)] 838440K->667189K(1877504K), 0.0542432 secs] [Times: user=0.32 sys=0.00, real=0.06 secs] 
5982.686: [GC (Allocation Failure) [PSYoungGen: 479104K->105760K(510976K)] 991285K->764473K(1909248K), 0.1094084 secs] [Times: user=0.66 sys=0.00, real=0.11 secs] 
5984.860: [GC (Allocation Failure) [PSYoungGen: 422809K->153696K(474624K)] 1081522K->914002K(1872896K), 0.0518362 secs] [Times: user=0.31 sys=0.00, real=0.05 secs] 
5987.292: [GC (Allocation Failure) [PSYoungGen: 474208K->102592K(508928K)] 1234514K->1008174K(1907200K), 0.1603088 secs] [Times: user=0.95 sys=0.01, real=0.16 secs] 
5988.622: [GC (Allocation Failure) [PSYoungGen: 416485K->148064K(506880K)] 1322067K->1152724K(1905152K), 0.0787525 secs] [Times: user=0.47 sys=0.00, real=0.08 secs] 
5990.991: [GC (Allocation Failure) [PSYoungGen: 464992K->104000K(505856K)] 1469652K->1248492K(1904128K), 0.1713112 secs] [Times: user=1.01 sys=0.00, real=0.17 secs] 
5992.361: [GC (Allocation Failure) [PSYoungGen: 413835K->147680K(506368K)] 1558327K->1391952K(1904640K), 0.0498340 secs] [Times: user=0.29 sys=0.00, real=0.05 secs] 
5992.411: [Full GC (Ergonomics) [PSYoungGen: 147680K->0K(506368K)] [ParOldGen: 1244272K->195967K(1398272K)] 1391952K->195967K(1904640K), [Metaspace: 59679K->59679K(1105920K)], 0.4686794 secs] [Times: user=2.18 sys=0.00, real=0.47 secs] 
5994.759: [GC (Allocation Failure) [PSYoungGen: 316928K->103552K(507392K)] 512895K->299519K(1905664K), 0.0795497 secs] [Times: user=0.46 sys=0.00, real=0.08 secs] 
5995.544: [GC (Allocation Failure) [PSYoungGen: 409200K->147424K(507392K)] 605168K->443256K(1905664K), 0.0493452 secs] [Times: user=0.29 sys=0.00, real=0.04 secs] 
5998.333: [GC (Allocation Failure) [PSYoungGen: 465376K->102528K(506880K)] 761208K->536824K(1905152K), 0.1413570 secs] [Times: user=0.84 sys=0.00, real=0.15 secs] 
5998.891: [GC (Allocation Failure) [PSYoungGen: 411267K->148288K(507392K)] 845564K->681213K(1905664K), 0.0496822 secs] [Times: user=0.29 sys=0.00, real=0.05 secs] 
6000.776: [GC (Allocation Failure) [PSYoungGen: 466752K->106048K(506880K)] 999677K->778265K(1905152K), 0.1460748 secs] [Times: user=0.84 sys=0.00, real=0.14 secs] 
6001.311: [GC (Allocation Failure) [PSYoungGen: 425024K->155072K(474112K)] 1097241K->930183K(1872384K), 0.0519795 secs] [Times: user=0.31 sys=0.00, real=0.05 secs] 
6005.091: [GC (Allocation Failure) [PSYoungGen: 474048K->91744K(505856K)] 1249159K->1022055K(1904128K), 0.1581667 secs] [Times: user=0.94 sys=0.01, real=0.16 secs] 
6006.504: [GC (Allocation Failure) [PSYoungGen: 404576K->148352K(461312K)] 1334887K->1166392K(1859584K), 0.0532306 secs] [Times: user=0.32 sys=0.00, real=0.05 secs] 
6008.645: [GC (Allocation Failure) [PSYoungGen: 461184K->94816K(505344K)] 1479224K->1260736K(1903616K), 0.1702876 secs] [Times: user=1.01 sys=0.01, real=0.17 secs] 
6009.682: [GC (Allocation Failure) [PSYoungGen: 390996K->139840K(450560K)] 1556916K->1396517K(1848832K), 0.0629672 secs] [Times: user=0.37 sys=0.01, real=0.07 secs] 
6009.745: [Full GC (Ergonomics) [PSYoungGen: 139840K->0K(450560K)] [ParOldGen: 1256677K->196244K(1398272K)] 1396517K->196244K(1848832K), [Metaspace: 59679K->59679K(1105920K)], 0.4743820 secs] [Times: user=2.21 sys=0.00, real=0.47 secs] 
6011.591: [GC (Allocation Failure) [PSYoungGen: 310272K->103072K(505344K)] 506516K->299316K(1903616K), 0.0533903 secs] [Times: user=0.32 sys=0.00, real=0.05 secs] 
6012.278: [GC (Allocation Failure) [PSYoungGen: 405620K->147840K(502784K)] 601865K->443409K(1901056K), 0.0488435 secs] [Times: user=0.29 sys=0.00, real=0.05 secs] 
6014.340: [GC (Allocation Failure) [PSYoungGen: 460672K->99712K(506880K)] 756241K->534781K(1905152K), 0.1163935 secs] [Times: user=0.70 sys=0.01, real=0.12 secs] 
6015.469: [GC (Allocation Failure) [PSYoungGen: 411527K->150560K(467968K)] 846597K->681750K(1866240K), 0.0489991 secs] [Times: user=0.29 sys=0.00, real=0.05 secs] 
6018.041: [GC (Allocation Failure) [PSYoungGen: 467488K->101088K(507904K)] 998678K->774586K(1906176K), 0.1645876 secs] [Times: user=0.98 sys=0.00, real=0.17 secs] 
6019.277: [GC (Allocation Failure) [PSYoungGen: 412997K->149152K(505344K)] 1086496K->920331K(1903616K), 0.0498582 secs] [Times: user=0.30 sys=0.00, real=0.05 secs] 
6021.240: [GC (Allocation Failure) [PSYoungGen: 463520K->102304K(505344K)] 1234699K->1014139K(1903616K), 0.1181191 secs] [Times: user=0.70 sys=0.00, real=0.12 secs] 
6022.773: [GC (Allocation Failure) [PSYoungGen: 416672K->149248K(463872K)] 1328507K->1159148K(1862144K), 0.0503455 secs] [Times: user=0.29 sys=0.01, real=0.05 secs] 
6024.946: [GC (Allocation Failure) [PSYoungGen: 463616K->103264K(507904K)] 1473516K->1253536K(1906176K), 0.1590763 secs] [Times: user=0.95 sys=0.00, real=0.16 secs] 
6025.602: [GC (Allocation Failure) [PSYoungGen: 410447K->148224K(504832K)] 1560720K->1398017K(1903104K), 0.0503343 secs] [Times: user=0.30 sys=0.00, real=0.05 secs] 
6025.653: [Full GC (Ergonomics) [PSYoungGen: 148224K->0K(504832K)] [ParOldGen: 1249793K->196438K(1398272K)] 1398017K->196438K(1903104K), [Metaspace: 59679K->59679K(1105920K)], 0.4742971 secs] [Times: user=2.21 sys=0.00, real=0.48 secs] 
6028.408: [GC (Allocation Failure) [PSYoungGen: 313856K->101664K(505344K)] 510294K->298102K(1903616K), 0.0413612 secs] [Times: user=0.25 sys=0.00, real=0.04 secs] 
6029.618: [GC (Allocation Failure) [PSYoungGen: 416032K->148928K(505344K)] 612470K->443655K(1903616K), 0.0488226 secs] [Times: user=0.29 sys=0.01, real=0.05 secs] 
6031.687: [GC (Allocation Failure) [PSYoungGen: 463296K->103136K(504320K)] 758023K->538035K(1902592K), 0.1612749 secs] [Times: user=0.87 sys=0.01, real=0.16 secs] 
6032.222: [GC (Allocation Failure) [PSYoungGen: 409451K->147232K(504832K)] 844350K->681825K(1903104K), 0.0496538 secs] [Times: user=0.30 sys=0.00, real=0.05 secs] 
6035.001: [GC (Allocation Failure) [PSYoungGen: 461600K->98688K(506880K)] 996193K->772313K(1905152K), 0.1497765 secs] [Times: user=0.89 sys=0.00, real=0.15 secs] 
6036.579: [GC (Allocation Failure) [PSYoungGen: 414080K->149760K(465408K)] 1087705K->918002K(1863680K), 0.0491866 secs] [Times: user=0.30 sys=0.00, real=0.05 secs] 
6038.610: [GC (Allocation Failure) [PSYoungGen: 465152K->104896K(508416K)] 1233394K->1013994K(1906688K), 0.1622505 secs] [Times: user=0.96 sys=0.01, real=0.16 secs] 
6039.437: [GC (Allocation Failure) [PSYoungGen: 414925K->149472K(505344K)] 1324023K->1159567K(1903616K), 0.0511099 secs] [Times: user=0.31 sys=0.00, real=0.05 secs] 
6041.456: [GC (Allocation Failure) [PSYoungGen: 464352K->101920K(505856K)] 1474447K->1252651K(1904128K), 0.1696590 secs] [Times: user=1.01 sys=0.00, real=0.17 secs] 
6042.997: [GC (Allocation Failure) [PSYoungGen: 416288K->149152K(505344K)] 1567019K->1398212K(1903616K), 0.0503365 secs] [Times: user=0.30 sys=0.01, real=0.05 secs] 
6043.048: [Full GC (Ergonomics) [PSYoungGen: 149152K->0K(505344K)] [ParOldGen: 1249060K->196747K(1398272K)] 1398212K->196747K(1903616K), [Metaspace: 59679K->59679K(1105920K)], 0.4674749 secs] [Times: user=2.17 sys=0.00, real=0.47 secs] 
6045.320: [GC (Allocation Failure) [PSYoungGen: 314368K->104576K(504320K)] 511115K->301323K(1902592K), 0.0945912 secs] [Times: user=0.56 sys=0.01, real=0.10 secs] 
6046.543: [GC (Allocation Failure) [PSYoungGen: 416770K->146912K(504832K)] 613517K->444088K(1903104K), 0.0490654 secs] [Times: user=0.29 sys=0.00, real=0.05 secs] 
6048.252: [GC (Allocation Failure) [PSYoungGen: 461280K->104512K(504320K)] 758456K->539468K(1902592K), 0.1384743 secs] [Times: user=0.82 sys=0.00, real=0.14 secs] 
6049.101: [GC (Allocation Failure) [PSYoungGen: 406630K->145920K(505344K)] 841586K->681977K(1903616K), 0.0498697 secs] [Times: user=0.30 sys=0.00, real=0.05 secs] 
6051.296: [GC (Allocation Failure) [PSYoungGen: 461824K->102368K(506880K)] 997881K->775917K(1905152K), 0.0983925 secs] [Times: user=0.58 sys=0.00, real=0.10 secs] 
6052.499: [GC (Allocation Failure) [PSYoungGen: 414044K->148288K(507392K)] 1087594K->920402K(1905664K), 0.0498281 secs] [Times: user=0.30 sys=0.00, real=0.05 secs] 
6054.358: [GC (Allocation Failure) [PSYoungGen: 466752K->104544K(506880K)] 1238866K->1016218K(1905152K), 0.1037191 secs] [Times: user=0.61 sys=0.01, real=0.10 secs] 
6055.214: [GC (Allocation Failure) [PSYoungGen: 410584K->146432K(507392K)] 1322259K->1159060K(1905664K), 0.0504593 secs] [Times: user=0.30 sys=0.00, real=0.06 secs] 
6059.073: [GC (Allocation Failure) [PSYoungGen: 465408K->101696K(508416K)] 1478036K->1252324K(1906688K), 0.1688715 secs] [Times: user=1.00 sys=0.00, real=0.17 secs] 
6060.661: [GC (Allocation Failure) [PSYoungGen: 417406K->149056K(469504K)] 1568035K->1397617K(1867776K), 0.0499941 secs] [Times: user=0.30 sys=0.00, real=0.05 secs] 
6060.711: [Full GC (Ergonomics) [PSYoungGen: 149056K->0K(469504K)] [ParOldGen: 1248561K->196000K(1398272K)] 1397617K->196000K(1867776K), [Metaspace: 59679K->59679K(1105920K)], 0.4814754 secs] [Times: user=2.25 sys=0.00, real=0.48 secs] 
6062.811: [GC (Allocation Failure) [PSYoungGen: 320000K->105952K(510976K)] 516000K->301952K(1909248K), 0.0992780 secs] [Times: user=0.59 sys=0.00, real=0.10 secs] 
6063.821: [GC (Allocation Failure) [PSYoungGen: 411690K->144992K(507904K)] 607691K->442833K(1906176K), 0.0493647 secs] [Times: user=0.29 sys=0.00, real=0.05 secs] 
6065.715: [GC (Allocation Failure) [PSYoungGen: 464992K->105120K(507392K)] 762833K->539193K(1905664K), 0.1640794 secs] [Times: user=0.98 sys=0.00, real=0.16 secs] 
6067.204: [GC (Allocation Failure) [PSYoungGen: 415438K->145504K(508416K)] 849511K->681263K(1906688K), 0.0779555 secs] [Times: user=0.46 sys=0.01, real=0.08 secs] 
6069.396: [GC (Allocation Failure) [PSYoungGen: 467040K->104992K(508416K)] 1002799K->778019K(1906688K), 0.1662643 secs] [Times: user=0.98 sys=0.00, real=0.16 secs] 
6070.407: [GC (Allocation Failure) [PSYoungGen: 428576K->155040K(478720K)] 1101603K->929295K(1876992K), 0.0512622 secs] [Times: user=0.30 sys=0.00, real=0.05 secs] 
6073.977: [GC (Allocation Failure) [PSYoungGen: 478624K->94528K(508416K)] 1252879K->1023823K(1906688K), 0.1657382 secs] [Times: user=0.98 sys=0.01, real=0.16 secs] 
6074.765: [GC (Allocation Failure) [PSYoungGen: 411968K->152704K(470528K)] 1341263K->1172781K(1868800K), 0.0542785 secs] [Times: user=0.32 sys=0.00, real=0.05 secs] 
6077.570: [GC (Allocation Failure) [PSYoungGen: 470144K->94464K(505856K)] 1490221K->1266729K(1904128K), 0.1493548 secs] [Times: user=0.88 sys=0.01, real=0.15 secs] 
6078.614: [GC (Allocation Failure) [PSYoungGen: 405760K->151648K(463360K)] 1578025K->1412922K(1861632K), 0.0551383 secs] [Times: user=0.32 sys=0.01, real=0.06 secs] 
6078.669: [Full GC (Ergonomics) [PSYoungGen: 151648K->0K(463360K)] [ParOldGen: 1261274K->211181K(1398272K)] 1412922K->211181K(1861632K), [Metaspace: 59679K->59679K(1105920K)], 0.4956744 secs] [Times: user=2.32 sys=0.00, real=0.50 secs] 
6081.103: [GC (Allocation Failure) [PSYoungGen: 311296K->96384K(504320K)] 522477K->307565K(1902592K), 0.1604713 secs] [Times: user=0.95 sys=0.01, real=0.16 secs] 
6082.688: [GC (Allocation Failure) [PSYoungGen: 404096K->148640K(456704K)] 615277K->446106K(1854976K), 0.0520776 secs] [Times: user=0.31 sys=0.00, real=0.05 secs] 
6084.738: [GC (Allocation Failure) [PSYoungGen: 456352K->95680K(503808K)] 753818K->541470K(1902080K), 0.1420093 secs] [Times: user=0.84 sys=0.01, real=0.14 secs] 
6085.686: [GC (Allocation Failure) [PSYoungGen: 387521K->138336K(445440K)] 833312K->674023K(1843712K), 0.0487551 secs] [Times: user=0.29 sys=0.00, real=0.05 secs] 
6087.826: [GC (Allocation Failure) [PSYoungGen: 445024K->100672K(503296K)] 980711K->766395K(1901568K), 0.0883552 secs] [Times: user=0.52 sys=0.00, real=0.09 secs] 
6088.461: [GC (Allocation Failure) [PSYoungGen: 410432K->149536K(500224K)] 1076155K->912064K(1898496K), 0.0493605 secs] [Times: user=0.29 sys=0.00, real=0.05 secs] 
6090.534: [GC (Allocation Failure) [PSYoungGen: 459296K->100704K(505344K)] 1221824K->1003996K(1903616K), 0.1280792 secs] [Times: user=0.76 sys=0.00, real=0.13 secs] 
6091.683: [GC (Allocation Failure) [PSYoungGen: 414560K->150496K(464384K)] 1317852K->1150853K(1862656K), 0.0502887 secs] [Times: user=0.30 sys=0.00, real=0.05 secs] 
6093.760: [GC (Allocation Failure) [PSYoungGen: 464352K->102464K(507392K)] 1464709K->1244421K(1905664K), 0.1263278 secs] [Times: user=0.75 sys=0.01, real=0.13 secs] 
6094.929: [GC (Allocation Failure) [PSYoungGen: 413412K->149344K(504320K)] 1555370K->1389634K(1902592K), 0.0507423 secs] [Times: user=0.30 sys=0.00, real=0.05 secs] 
6094.980: [Full GC (Ergonomics) [PSYoungGen: 149344K->0K(504320K)] [ParOldGen: 1240290K->196407K(1398272K)] 1389634K->196407K(1902592K), [Metaspace: 59679K->59679K(1105920K)], 0.4653755 secs] [Times: user=2.15 sys=0.00, real=0.47 secs] 
6097.051: [GC (Allocation Failure) [PSYoungGen: 312832K->99776K(504832K)] 509239K->296183K(1903104K), 0.0639640 secs] [Times: user=0.38 sys=0.00, real=0.07 secs] 
6098.202: [GC (Allocation Failure) [PSYoungGen: 412096K->150944K(463360K)] 608503K->442928K(1861632K), 0.0483912 secs] [Times: user=0.28 sys=0.00, real=0.05 secs] 
6099.859: [GC (Allocation Failure) [PSYoungGen: 463264K->101024K(505856K)] 755248K->535032K(1904128K), 0.0848190 secs] [Times: user=0.50 sys=0.00, real=0.08 secs] 
6101.263: [GC (Allocation Failure) [PSYoungGen: 411296K->148768K(503296K)] 845304K->679397K(1901568K), 0.0494633 secs] [Times: user=0.29 sys=0.01, real=0.05 secs] 
6102.938: [GC (Allocation Failure) [PSYoungGen: 459040K->102624K(502784K)] 989669K->773125K(1901056K), 0.1046214 secs] [Times: user=0.62 sys=0.01, real=0.10 secs] 
6103.991: [GC (GCLocker Initiated GC) [PSYoungGen: 413408K->149504K(503296K)] 1083910K->919471K(1901568K), 0.0870869 secs] [Times: user=0.51 sys=0.01, real=0.09 secs] 
6106.343: [GC (Allocation Failure) [PSYoungGen: 460288K->101280K(503808K)] 1230258K->1012338K(1902080K), 0.1025941 secs] [Times: user=0.62 sys=0.00, real=0.11 secs] 
6108.623: [GC (Allocation Failure) [PSYoungGen: 412576K->156928K(468480K)] 1323634K->1165239K(1866752K), 0.0500151 secs] [Times: user=0.30 sys=0.00, real=0.05 secs] 
6110.424: [GC (Allocation Failure) [PSYoungGen: 468224K->101056K(503808K)] 1476535K->1249499K(1902080K), 0.1413534 secs] [Times: user=0.84 sys=0.00, real=0.15 secs] 
6111.753: [GC (Allocation Failure) [PSYoungGen: 406720K->146880K(500736K)] 1555163K->1392636K(1899008K), 0.0500473 secs] [Times: user=0.30 sys=0.00, real=0.05 secs] 
6111.803: [Full GC (Ergonomics) [PSYoungGen: 146880K->0K(500736K)] [ParOldGen: 1245756K->191730K(1398272K)] 1392636K->191730K(1899008K), [Metaspace: 59679K->59679K(1105920K)], 0.4651654 secs] [Times: user=2.16 sys=0.00, real=0.47 secs] 
6114.384: [GC (Allocation Failure) [PSYoungGen: 305664K->96896K(501248K)] 497394K->288626K(1899520K), 0.0306824 secs] [Times: user=0.18 sys=0.00, real=0.04 secs] 
6116.448: [GC (Allocation Failure) [PSYoungGen: 404096K->146144K(501760K)] 595826K->431067K(1900032K), 0.0484959 secs] [Times: user=0.29 sys=0.00, real=0.05 secs] 
6117.582: [GC (Allocation Failure) [PSYoungGen: 453344K->101376K(499712K)] 738267K->523755K(1897984K), 0.0646255 secs] [Times: user=0.39 sys=0.00, real=0.07 secs] 
6118.888: [GC (Allocation Failure) [PSYoungGen: 409600K->147264K(501248K)] 831979K->669153K(1899520K), 0.0507704 secs] [Times: user=0.30 sys=0.00, real=0.05 secs] 
6120.914: [GC (Allocation Failure) [PSYoungGen: 455488K->99008K(502784K)] 977377K->760057K(1901056K), 0.0637406 secs] [Times: user=0.37 sys=0.00, real=0.07 secs] 
6122.262: [GC (Allocation Failure) [PSYoungGen: 409792K->154752K(465920K)] 1070841K->912983K(1864192K), 0.0508808 secs] [Times: user=0.30 sys=0.00, real=0.05 secs] 
6125.292: [GC (Allocation Failure) [PSYoungGen: 465536K->100896K(504320K)] 1223767K->997035K(1902592K), 0.0648358 secs] [Times: user=0.38 sys=0.00, real=0.07 secs] 
6126.604: [GC (Allocation Failure) [PSYoungGen: 407584K->142816K(501248K)] 1303727K->1137228K(1899520K), 0.0510589 secs] [Times: user=0.31 sys=0.00, real=0.06 secs] 
6127.760: [GC (Allocation Failure) [PSYoungGen: 449504K->103968K(501248K)] 1443916K->1232045K(1899520K), 0.0646164 secs] [Times: user=0.38 sys=0.00, real=0.07 secs] 
6129.154: [GC (Allocation Failure) [PSYoungGen: 413728K->146592K(501248K)] 1541805K->1376394K(1899520K), 0.0525851 secs] [Times: user=0.31 sys=0.01, real=0.06 secs] 
6129.206: [Full GC (Ergonomics) [PSYoungGen: 146592K->0K(501248K)] [ParOldGen: 1229802K->174257K(1398272K)] 1376394K->174257K(1899520K), [Metaspace: 59679K->59679K(1105920K)], 0.4194721 secs] [Times: user=1.94 sys=0.00, real=0.42 secs] 
6130.857: [GC (Allocation Failure) [PSYoungGen: 309760K->102880K(503808K)] 484017K->277137K(1902080K), 0.0432257 secs] [Times: user=0.26 sys=0.00, real=0.04 secs] 
6132.472: [GC (Allocation Failure) [PSYoungGen: 417248K->147040K(504832K)] 591505K->422370K(1903104K), 0.0522962 secs] [Times: user=0.31 sys=0.00, real=0.05 secs] 
6134.320: [GC (Allocation Failure) [PSYoungGen: 461408K->103072K(504320K)] 736738K->516650K(1902592K), 0.0651850 secs] [Times: user=0.39 sys=0.00, real=0.07 secs] 
6135.914: [GC (Allocation Failure) [PSYoungGen: 418976K->147872K(505344K)] 832554K->662131K(1903616K), 0.0519226 secs] [Times: user=0.31 sys=0.00, real=0.05 secs] 
6137.278: [GC (Allocation Failure) [PSYoungGen: 463776K->106304K(505856K)] 978035K->759755K(1904128K), 0.0655541 secs] [Times: user=0.39 sys=0.00, real=0.06 secs] 
6138.752: [GC (Allocation Failure) [PSYoungGen: 423744K->151360K(506368K)] 1077195K->908928K(1904640K), 0.0569933 secs] [Times: user=0.34 sys=0.00, real=0.06 secs] 
6141.088: [GC (Allocation Failure) [PSYoungGen: 468800K->103264K(507392K)] 1226368K->1004072K(1905664K), 0.0650859 secs] [Times: user=0.38 sys=0.00, real=0.06 secs] 
6143.034: [GC (Allocation Failure) [PSYoungGen: 419680K->152640K(469504K)] 1320488K->1153065K(1867776K), 0.0522123 secs] [Times: user=0.31 sys=0.00, real=0.05 secs] 
6144.581: [GC (Allocation Failure) [PSYoungGen: 469056K->103264K(507392K)] 1469481K->1247733K(1905664K), 0.0668005 secs] [Times: user=0.39 sys=0.00, real=0.07 secs] 
6146.916: [GC (Allocation Failure) [PSYoungGen: 416608K->148576K(504832K)] 1561077K->1392202K(1903104K), 0.0516071 secs] [Times: user=0.30 sys=0.00, real=0.05 secs] 
6146.968: [Full GC (Ergonomics) [PSYoungGen: 148576K->0K(504832K)] [ParOldGen: 1243626K->189176K(1398272K)] 1392202K->189176K(1903104K), [Metaspace: 59679K->59679K(1105920K)], 0.4658731 secs] [Times: user=2.19 sys=0.00, real=0.46 secs] 
6149.033: [GC (Allocation Failure) [PSYoungGen: 313344K->102752K(504320K)] 502520K->291928K(1902592K), 0.0648120 secs] [Times: user=0.38 sys=0.00, real=0.07 secs] 
6150.604: [GC (Allocation Failure) [PSYoungGen: 416608K->149280K(504832K)] 605784K->436784K(1903104K), 0.0501588 secs] [Times: user=0.30 sys=0.00, real=0.05 secs] 
6152.346: [GC (Allocation Failure) [PSYoungGen: 463136K->103520K(505344K)] 750640K->531009K(1903616K), 0.1599788 secs] [Times: user=0.95 sys=0.00, real=0.16 secs] 
6154.311: [GC (Allocation Failure) [PSYoungGen: 417888K->148544K(505344K)] 845377K->675557K(1903616K), 0.0512761 secs] [Times: user=0.31 sys=0.00, real=0.05 secs] 
6155.730: [GC (Allocation Failure) [PSYoungGen: 462912K->103840K(504832K)] 989925K->770809K(1903104K), 0.0895251 secs] [Times: user=0.53 sys=0.00, real=0.09 secs] 
6157.381: [GC (Allocation Failure) [PSYoungGen: 418720K->150848K(505344K)] 1085689K->917454K(1903616K), 0.0514785 secs] [Times: user=0.31 sys=0.00, real=0.05 secs] 
6159.190: [GC (Allocation Failure) [PSYoungGen: 465728K->104480K(505856K)] 1232334K->1012770K(1904128K), 0.1070134 secs] [Times: user=0.63 sys=0.01, real=0.11 secs] 
6160.341: [GC (Allocation Failure) [PSYoungGen: 418848K->148896K(505344K)] 1327138K->1157819K(1903616K), 0.0515598 secs] [Times: user=0.31 sys=0.00, real=0.05 secs] 
6162.283: [GC (Allocation Failure) [PSYoungGen: 463264K->102176K(505856K)] 1472187K->1250887K(1904128K), 0.1511171 secs] [Times: user=0.90 sys=0.01, real=0.16 secs] 
6163.941: [GC (Allocation Failure) [PSYoungGen: 417056K->149184K(464384K)] 1565767K->1396012K(1862656K), 0.0508855 secs] [Times: user=0.30 sys=0.01, real=0.05 secs] 
6163.992: [Full GC (Ergonomics) [PSYoungGen: 149184K->0K(464384K)] [ParOldGen: 1246828K->195827K(1398272K)] 1396012K->195827K(1862656K), [Metaspace: 59679K->59679K(1105920K)], 0.4705460 secs] [Times: user=2.19 sys=0.00, real=0.47 secs] 
6166.195: [GC (Allocation Failure) [PSYoungGen: 314880K->104128K(508416K)] 510707K->299955K(1906688K), 0.0808525 secs] [Times: user=0.48 sys=0.00, real=0.08 secs] 
6166.655: [GC (Allocation Failure) [PSYoungGen: 413205K->146880K(505344K)] 609033K->443040K(1903616K), 0.0488870 secs] [Times: user=0.29 sys=0.00, real=0.05 secs] 
6168.368: [GC (Allocation Failure) [PSYoungGen: 461760K->103744K(505856K)] 757920K->538332K(1904128K), 0.1709442 secs] [Times: user=1.02 sys=0.00, real=0.17 secs] 
6170.121: [GC (Allocation Failure) [PSYoungGen: 406647K->146848K(506368K)] 841235K->681069K(1904640K), 0.0501094 secs] [Times: user=0.30 sys=0.00, real=0.05 secs] 
6172.116: [GC (Allocation Failure) [PSYoungGen: 463264K->101312K(506368K)] 997485K->773741K(1904640K), 0.1115737 secs] [Times: user=0.67 sys=0.00, real=0.11 secs] 
6173.250: [GC (Allocation Failure) [PSYoungGen: 410166K->149568K(506880K)] 1082596K->919026K(1905152K), 0.0498450 secs] [Times: user=0.30 sys=0.00, real=0.05 secs] 
6175.143: [GC (Allocation Failure) [PSYoungGen: 467008K->103936K(506880K)] 1236466K->1014386K(1905152K), 0.0983019 secs] [Times: user=0.59 sys=0.00, real=0.10 secs] 
6177.198: [GC (Allocation Failure) [PSYoungGen: 418660K->147008K(506880K)] 1329110K->1157891K(1905152K), 0.0507978 secs] [Times: user=0.30 sys=0.01, real=0.05 secs] 
6179.852: [GC (Allocation Failure) [PSYoungGen: 464448K->100064K(507392K)] 1475331K->1249219K(1905664K), 0.1699276 secs] [Times: user=1.01 sys=0.00, real=0.17 secs] 
6181.407: [GC (Allocation Failure) [PSYoungGen: 412749K->151232K(469504K)] 1561904K->1396480K(1867776K), 0.0497595 secs] [Times: user=0.30 sys=0.00, real=0.05 secs] 
6181.457: [Full GC (Ergonomics) [PSYoungGen: 151232K->0K(469504K)] [ParOldGen: 1245248K->195820K(1398272K)] 1396480K->195820K(1867776K), [Metaspace: 59679K->59679K(1105920K)], 0.4699316 secs] [Times: user=2.18 sys=0.00, real=0.47 secs] 
6183.805: [GC (Allocation Failure) [PSYoungGen: 317952K->100896K(507904K)] 513772K->296716K(1906176K), 0.1010031 secs] [Times: user=0.59 sys=0.01, real=0.10 secs] 
6185.718: [GC (Allocation Failure) [PSYoungGen: 415776K->150016K(465408K)] 611596K->442937K(1863680K), 0.0493426 secs] [Times: user=0.29 sys=0.00, real=0.05 secs] 
6187.402: [GC (Allocation Failure) [PSYoungGen: 464896K->103200K(507904K)] 757817K->537537K(1906176K), 0.1616881 secs] [Times: user=0.96 sys=0.00, real=0.16 secs] 
6188.314: [GC (Allocation Failure) [PSYoungGen: 406941K->148288K(505344K)] 841278K->681478K(1903616K), 0.0498254 secs] [Times: user=0.30 sys=0.00, real=0.05 secs] 
6190.504: [GC (Allocation Failure) [PSYoungGen: 462656K->102912K(505856K)] 995846K->775930K(1904128K), 0.1416571 secs] [Times: user=0.85 sys=0.00, real=0.14 secs] 
6191.847: [GC (Allocation Failure) [PSYoungGen: 415184K->148192K(505856K)] 1088203K->920075K(1904128K), 0.0506570 secs] [Times: user=0.30 sys=0.01, real=0.05 secs] 
6194.293: [GC (Allocation Failure) [PSYoungGen: 463072K->101920K(504832K)] 1234955K->1013563K(1903104K), 0.1275071 secs] [Times: user=0.76 sys=0.00, real=0.13 secs] 
6194.869: [GC (Allocation Failure) [PSYoungGen: 411484K->149408K(505344K)] 1323128K->1159120K(1903616K), 0.0498095 secs] [Times: user=0.29 sys=0.00, real=0.05 secs] 
6196.610: [GC (Allocation Failure) [PSYoungGen: 464288K->103488K(505856K)] 1474000K->1253760K(1904128K), 0.1025199 secs] [Times: user=0.60 sys=0.00, real=0.10 secs] 
6198.001: [GC (Allocation Failure) [PSYoungGen: 415472K->147840K(505856K)] 1565744K->1397436K(1904128K), 0.0517813 secs] [Times: user=0.30 sys=0.00, real=0.05 secs] 
6198.053: [Full GC (Ergonomics) [PSYoungGen: 147840K->0K(505856K)] [ParOldGen: 1249596K->195862K(1398272K)] 1397436K->195862K(1904128K), [Metaspace: 59679K->59679K(1105920K)], 0.4831707 secs] [Times: user=2.26 sys=0.00, real=0.49 secs] 
6200.107: [GC (Allocation Failure) [PSYoungGen: 315392K->105760K(504320K)] 511254K->301622K(1902592K), 0.0565248 secs] [Times: user=0.33 sys=0.01, real=0.05 secs] 
6200.778: [GC (Allocation Failure) [PSYoungGen: 407158K->145664K(505344K)] 603020K->443175K(1903616K), 0.0500352 secs] [Times: user=0.30 sys=0.00, real=0.05 secs] 
6202.391: [GC (Allocation Failure) [PSYoungGen: 461568K->103072K(505856K)] 759079K->537707K(1904128K), 0.0652860 secs] [Times: user=0.39 sys=0.00, real=0.07 secs] 
6203.391: [GC (Allocation Failure) [PSYoungGen: 409514K->147008K(506880K)] 844149K->681637K(1905152K), 0.0691370 secs] [Times: user=0.41 sys=0.00, real=0.07 secs] 
6206.095: [GC (Allocation Failure) [PSYoungGen: 465472K->101696K(508416K)] 1000101K->775241K(1906688K), 0.1537184 secs] [Times: user=0.92 sys=0.01, real=0.15 secs] 
6207.656: [GC (Allocation Failure) [PSYoungGen: 417431K->149216K(469504K)] 1090976K->920497K(1867776K), 0.0499892 secs] [Times: user=0.30 sys=0.00, real=0.05 secs] 
6209.394: [GC (GCLocker Initiated GC) [PSYoungGen: 469216K->104192K(509952K)] 1240497K->1016102K(1908224K), 0.1575029 secs] [Times: user=0.93 sys=0.01, real=0.16 secs] 
6210.316: [GC (Allocation Failure) [PSYoungGen: 422656K->143392K(507392K)] 1350984K->1172672K(1905664K), 0.2416815 secs] [Times: user=1.45 sys=0.01, real=0.24 secs] 
6213.859: [GC (GCLocker Initiated GC) [PSYoungGen: 461856K->93792K(508928K)] 1491136K->1266932K(1907200K), 0.4065332 secs] [Times: user=2.42 sys=0.01, real=0.41 secs] 
6215.063: [GC (Allocation Failure) [PSYoungGen: 413280K->155360K(475136K)] 1586423K->1416336K(1873408K), 0.0540513 secs] [Times: user=0.32 sys=0.00, real=0.06 secs] 
6215.117: [Full GC (Ergonomics) [PSYoungGen: 155360K->0K(475136K)] [ParOldGen: 1260976K->213560K(1398272K)] 1416336K->213560K(1873408K), [Metaspace: 59679K->59679K(1105920K)], 0.5051060 secs] [Times: user=2.37 sys=0.00, real=0.50 secs] 
6218.360: [GC (Allocation Failure) [PSYoungGen: 319488K->94688K(506368K)] 533048K->308248K(1904640K), 0.1340981 secs] [Times: user=0.80 sys=0.01, real=0.14 secs] 
6219.392: [GC (Allocation Failure) [PSYoungGen: 407008K->153440K(465920K)] 620568K->455921K(1864192K), 0.0539845 secs] [Times: user=0.32 sys=0.00, real=0.06 secs] 
6221.387: [GC (Allocation Failure) [PSYoungGen: 465760K->91168K(503296K)] 768241K->547177K(1901568K), 0.1395657 secs] [Times: user=0.83 sys=0.00, real=0.14 secs] 
6221.940: [GC (Allocation Failure) [PSYoungGen: 397344K->167456K(474112K)] 853353K->708434K(1872384K), 0.0547886 secs] [Times: user=0.33 sys=0.00, real=0.06 secs] 
6223.979: [GC (Allocation Failure) [PSYoungGen: 473632K->91296K(495616K)] 1014610K->782934K(1893888K), 0.1520216 secs] [Times: user=0.91 sys=0.00, real=0.15 secs] 
6224.429: [GC (Allocation Failure) [PSYoungGen: 381600K->144768K(493568K)] 1073238K->922159K(1891840K), 0.0528968 secs] [Times: user=0.31 sys=0.00, real=0.05 secs] 
6226.570: [GC (Allocation Failure) [PSYoungGen: 435072K->79936K(493568K)] 1212463K->1001975K(1891840K), 0.0657533 secs] [Times: user=0.40 sys=0.00, real=0.07 secs] 
6228.379: [GC (Allocation Failure) [PSYoungGen: 370240K->138144K(493568K)] 1292279K->1136076K(1891840K), 0.0458677 secs] [Times: user=0.27 sys=0.00, real=0.05 secs] 
6229.490: [GC (Allocation Failure) [PSYoungGen: 428448K->96256K(491520K)] 1426380K->1223484K(1889792K), 0.0627506 secs] [Times: user=0.37 sys=0.01, real=0.06 secs] 
6231.696: [GC (Allocation Failure) [PSYoungGen: 390656K->136352K(492544K)] 1517884K->1357125K(1890816K), 0.0493266 secs] [Times: user=0.29 sys=0.00, real=0.05 secs] 
6231.746: [Full GC (Ergonomics) [PSYoungGen: 136352K->0K(492544K)] [ParOldGen: 1220773K->164123K(1398272K)] 1357125K->164123K(1890816K), [Metaspace: 59681K->59681K(1105920K)], 0.3965629 secs] [Times: user=1.84 sys=0.00, real=0.39 secs] 
6233.218: [GC (Allocation Failure) [PSYoungGen: 294400K->101952K(494592K)] 458523K->266076K(1892864K), 0.0372185 secs] [Times: user=0.22 sys=0.00, real=0.04 secs] 
6235.208: [GC (Allocation Failure) [PSYoungGen: 406592K->134720K(497152K)] 570716K->399136K(1895424K), 0.0586814 secs] [Times: user=0.35 sys=0.00, real=0.06 secs] 
6236.387: [GC (GCLocker Initiated GC) [PSYoungGen: 439360K->112864K(495616K)] 703776K->502360K(1893888K), 0.0631209 secs] [Times: user=0.38 sys=0.00, real=0.06 secs] 
6239.346: [GC (Allocation Failure) [PSYoungGen: 428768K->130848K(501248K)] 818299K->632160K(1899520K), 0.0653185 secs] [Times: user=0.39 sys=0.00, real=0.06 secs] 
6240.596: [GC (Allocation Failure) [PSYoungGen: 446752K->118496K(500736K)] 948064K->741260K(1899008K), 0.0638002 secs] [Times: user=0.37 sys=0.01, real=0.06 secs] 
6241.927: [GC (Allocation Failure) [PSYoungGen: 449760K->145152K(508416K)] 1072524K->885522K(1906688K), 0.0575868 secs] [Times: user=0.34 sys=0.00, real=0.06 secs] 
6243.491: [GC (Allocation Failure) [PSYoungGen: 476280K->114944K(516608K)] 1216651K->991394K(1914880K), 0.0659704 secs] [Times: user=0.39 sys=0.00, real=0.07 secs] 
6244.848: [GC (Allocation Failure) [PSYoungGen: 456448K->159136K(500736K)] 1332898K->1149235K(1899008K), 0.0694577 secs] [Times: user=0.41 sys=0.00, real=0.07 secs] 
6247.281: [GC (Allocation Failure) [PSYoungGen: 500640K->113088K(518144K)] 1490739K->1254107K(1916416K), 0.1711014 secs] [Times: user=1.01 sys=0.00, real=0.17 secs] 
6248.768: [GC (Allocation Failure) [PSYoungGen: 446912K->159936K(494080K)] 1587931K->1410120K(1892352K), 0.0552237 secs] [Times: user=0.32 sys=0.00, real=0.05 secs] 
6248.823: [Full GC (Ergonomics) [PSYoungGen: 159936K->0K(494080K)] [ParOldGen: 1250184K->206391K(1398272K)] 1410120K->206391K(1892352K), [Metaspace: 59681K->59681K(1105920K)], 0.4856479 secs] [Times: user=2.27 sys=0.00, real=0.49 secs] 
6251.928: [GC (Allocation Failure) [PSYoungGen: 333824K->100896K(512000K)] 540215K->307287K(1910272K), 0.1634012 secs] [Times: user=0.97 sys=0.01, real=0.16 secs] 
6252.517: [GC (Allocation Failure) [PSYoungGen: 424992K->177280K(501760K)] 631383K->478031K(1900032K), 0.0564668 secs] [Times: user=0.34 sys=0.00, real=0.05 secs] 
6255.417: [GC (Allocation Failure) [PSYoungGen: 501376K->97824K(498688K)] 802127K->559419K(1896960K), 0.1386727 secs] [Times: user=0.83 sys=0.00, real=0.14 secs] 
6256.353: [GC (Allocation Failure) [PSYoungGen: 399392K->148064K(450048K)] 860987K->701971K(1848320K), 0.1000791 secs] [Times: user=0.60 sys=0.00, real=0.10 secs] 
6259.614: [GC (Allocation Failure) [PSYoungGen: 449632K->83808K(497664K)] 1003539K->785848K(1895936K), 0.1515181 secs] [Times: user=0.90 sys=0.01, real=0.16 secs] 
6260.379: [GC (Allocation Failure) [PSYoungGen: 382304K->144384K(498688K)] 1084344K->924704K(1896960K), 0.0663435 secs] [Times: user=0.39 sys=0.01, real=0.07 secs] 
6262.896: [GC (Allocation Failure) [PSYoungGen: 442880K->85024K(498176K)] 1223200K->1009624K(1896448K), 0.1146133 secs] [Times: user=0.68 sys=0.00, real=0.11 secs] 
6263.825: [GC (Allocation Failure) [PSYoungGen: 381374K->143712K(498688K)] 1305975K->1150607K(1896960K), 0.0561427 secs] [Times: user=0.34 sys=0.00, real=0.05 secs] 
6265.825: [GC (GCLocker Initiated GC) [PSYoungGen: 442720K->94560K(494080K)] 1449615K->1237071K(1892352K), 0.0629208 secs] [Times: user=0.38 sys=0.00, real=0.06 secs] 
6267.647: [GC (Allocation Failure) [PSYoungGen: 394080K->141696K(496640K)] 1536626K->1375267K(1894912K), 0.0486864 secs] [Times: user=0.29 sys=0.00, real=0.05 secs] 
6267.695: [Full GC (Ergonomics) [PSYoungGen: 141696K->0K(496640K)] [ParOldGen: 1233571K->181296K(1398272K)] 1375267K->181296K(1894912K), [Metaspace: 59681K->59681K(1105920K)], 0.4379478 secs] [Times: user=2.04 sys=0.00, real=0.43 secs] 
6269.809: [GC (Allocation Failure) [PSYoungGen: 299520K->97600K(496640K)] 480816K->278896K(1894912K), 0.0323935 secs] [Times: user=0.19 sys=0.00, real=0.03 secs] 
6271.569: [GC (Allocation Failure) [PSYoungGen: 402240K->142336K(499200K)] 583536K->418965K(1897472K), 0.0499847 secs] [Times: user=0.30 sys=0.00, real=0.05 secs] 
6273.368: [GC (Allocation Failure) [PSYoungGen: 446976K->102208K(497664K)] 723605K->512149K(1895936K), 0.0642387 secs] [Times: user=0.38 sys=0.00, real=0.06 secs] 
6274.715: [GC (Allocation Failure) [PSYoungGen: 411456K->141824K(500736K)] 821397K->652782K(1899008K), 0.0522676 secs] [Times: user=0.31 sys=0.00, real=0.05 secs] 
6277.106: [GC (Allocation Failure) [PSYoungGen: 451072K->105952K(499712K)] 962030K->749442K(1897984K), 0.0645514 secs] [Times: user=0.38 sys=0.00, real=0.06 secs] 
6277.982: [GC (Allocation Failure) [PSYoungGen: 421344K->144928K(503296K)] 1064834K->892523K(1901568K), 0.0527707 secs] [Times: user=0.31 sys=0.00, real=0.06 secs] 
6279.239: [GC (Allocation Failure) [PSYoungGen: 460320K->109120K(504832K)] 1207915K->992115K(1903104K), 0.0667515 secs] [Times: user=0.39 sys=0.00, real=0.07 secs] 
6280.918: [GC (Allocation Failure) [PSYoungGen: 430144K->152064K(506880K)] 1313139K->1141961K(1905152K), 0.0549143 secs] [Times: user=0.32 sys=0.00, real=0.05 secs] 
6282.608: [GC (Allocation Failure) [PSYoungGen: 473088K->107168K(509952K)] 1462985K->1240729K(1908224K), 0.0669732 secs] [Times: user=0.40 sys=0.00, real=0.07 secs] 
6285.104: [GC (Allocation Failure) [PSYoungGen: 428192K->149920K(508416K)] 1561753K->1387382K(1906688K), 0.0536537 secs] [Times: user=0.32 sys=0.00, real=0.06 secs] 
6285.157: [Full GC (Ergonomics) [PSYoungGen: 149920K->0K(508416K)] [ParOldGen: 1237462K->184032K(1398272K)] 1387382K->184032K(1906688K), [Metaspace: 59681K->59681K(1105920K)], 0.4525341 secs] [Times: user=2.11 sys=0.00, real=0.45 secs] 
6286.672: [GC (Allocation Failure) [PSYoungGen: 321024K->109184K(507392K)] 505056K->293216K(1905664K), 0.0326661 secs] [Times: user=0.19 sys=0.00, real=0.04 secs] 
6289.297: [GC (Allocation Failure) [PSYoungGen: 430208K->148992K(507904K)] 614240K->438735K(1906176K), 0.0525367 secs] [Times: user=0.30 sys=0.01, real=0.05 secs] 
6291.364: [GC (Allocation Failure) [PSYoungGen: 470016K->106976K(508928K)] 759759K->536603K(1907200K), 0.1166432 secs] [Times: user=0.69 sys=0.00, real=0.12 secs] 
6293.713: [GC (Allocation Failure) [PSYoungGen: 419379K->149664K(508928K)] 849006K->681448K(1907200K), 0.0513954 secs] [Times: user=0.30 sys=0.00, real=0.06 secs] 
6295.413: [GC (Allocation Failure) [PSYoungGen: 471712K->107424K(509440K)] 1003496K->780292K(1907712K), 0.1713937 secs] [Times: user=1.02 sys=0.00, real=0.17 secs] 
6297.041: [GC (Allocation Failure) [PSYoungGen: 428960K->151680K(473600K)] 1101828K->928661K(1871872K), 0.0777961 secs] [Times: user=0.46 sys=0.01, real=0.08 secs] 
6300.135: [GC (Allocation Failure) [PSYoungGen: 473216K->95776K(508928K)] 1250197K->1024225K(1907200K), 0.1672964 secs] [Times: user=0.99 sys=0.00, real=0.16 secs] 
6301.218: [GC (Allocation Failure) [PSYoungGen: 413728K->152896K(471040K)] 1342177K->1173257K(1869312K), 0.0570432 secs] [Times: user=0.34 sys=0.00, real=0.06 secs] 
6302.739: [GC (Allocation Failure) [PSYoungGen: 470848K->99168K(506880K)] 1491209K->1271837K(1905152K), 0.0766296 secs] [Times: user=0.45 sys=0.00, real=0.08 secs] 
6303.053: [GC (Allocation Failure) [PSYoungGen: 412000K->156192K(469504K)] 1584669K->1422262K(1867776K), 0.0569846 secs] [Times: user=0.34 sys=0.00, real=0.06 secs] 
6303.110: [Full GC (Ergonomics) [PSYoungGen: 156192K->0K(469504K)] [ParOldGen: 1266070K->220264K(1398272K)] 1422262K->220264K(1867776K), [Metaspace: 59681K->59681K(1105920K)], 0.5192098 secs] [Times: user=2.43 sys=0.00, real=0.52 secs] 
6306.149: [GC (Allocation Failure) [PSYoungGen: 312832K->90080K(502272K)] 533096K->310344K(1900544K), 0.1060923 secs] [Times: user=0.63 sys=0.00, real=0.11 secs] 
6306.528: [GC (Allocation Failure) [PSYoungGen: 395232K->152192K(457728K)] 615496K->456862K(1856000K), 0.0537116 secs] [Times: user=0.32 sys=0.00, real=0.05 secs] 
6309.651: [GC (Allocation Failure) [PSYoungGen: 457344K->86144K(499200K)] 762014K->543070K(1897472K), 0.1653400 secs] [Times: user=0.92 sys=0.00, real=0.17 secs] 
6310.214: [GC (Allocation Failure) [PSYoungGen: 385664K->149440K(449024K)] 842590K->686535K(1847296K), 0.0517877 secs] [Times: user=0.31 sys=0.00, real=0.06 secs] 
6312.916: [GC (Allocation Failure) [PSYoungGen: 448960K->85248K(498176K)] 986055K->771847K(1896448K), 0.1510415 secs] [Times: user=0.90 sys=0.00, real=0.15 secs] 
6314.287: [GC (Allocation Failure) [PSYoungGen: 381696K->144384K(497152K)] 1068295K->911668K(1895424K), 0.0477335 secs] [Times: user=0.28 sys=0.00, real=0.05 secs] 
6315.517: [GC (Allocation Failure) [PSYoungGen: 440832K->93728K(493568K)] 1208116K->997020K(1891840K), 0.0627704 secs] [Times: user=0.37 sys=0.00, real=0.06 secs] 
6318.027: [GC (Allocation Failure) [PSYoungGen: 390688K->142880K(495616K)] 1293980K->1135769K(1893888K), 0.0471573 secs] [Times: user=0.28 sys=0.00, real=0.05 secs] 
6319.194: [GC (Allocation Failure) [PSYoungGen: 439840K->96864K(494592K)] 1432729K->1224053K(1892864K), 0.0636350 secs] [Times: user=0.37 sys=0.00, real=0.06 secs] 
6321.449: [GC (Allocation Failure) [PSYoungGen: 397920K->138720K(497152K)] 1525109K->1360470K(1895424K), 0.0494460 secs] [Times: user=0.29 sys=0.00, real=0.05 secs] 
6321.499: [Full GC (Ergonomics) [PSYoungGen: 138720K->0K(497152K)] [ParOldGen: 1221750K->167523K(1398272K)] 1360470K->167523K(1895424K), [Metaspace: 59681K->59681K(1105920K)], 0.4006916 secs] [Times: user=1.86 sys=0.00, real=0.40 secs] 
6323.193: [GC (Allocation Failure) [PSYoungGen: 301056K->102880K(494592K)] 468579K->270403K(1892864K), 0.0370137 secs] [Times: user=0.22 sys=0.00, real=0.04 secs] 
6325.185: [GC (Allocation Failure) [PSYoungGen: 410592K->140256K(499200K)] 578115K->408808K(1897472K), 0.0529488 secs] [Times: user=0.31 sys=0.01, real=0.05 secs] 
6326.548: [GC (Allocation Failure) [PSYoungGen: 447968K->107232K(499200K)] 716520K->506656K(1897472K), 0.0638892 secs] [Times: user=0.38 sys=0.00, real=0.06 secs] 
6327.706: [GC (Allocation Failure) [PSYoungGen: 423136K->146912K(503296K)] 822560K->652661K(1901568K), 0.0559114 secs] [Times: user=0.34 sys=0.00, real=0.05 secs] 
6330.284: [GC (Allocation Failure) [PSYoungGen: 462816K->104352K(507392K)] 968565K->748553K(1905664K), 0.0654981 secs] [Times: user=0.39 sys=0.00, real=0.06 secs] 
6331.313: [GC (Allocation Failure) [PSYoungGen: 425376K->151104K(472576K)] 1069577K->898054K(1870848K), 0.0534499 secs] [Times: user=0.31 sys=0.00, real=0.06 secs] 
6332.803: [GC (Allocation Failure) [PSYoungGen: 472128K->106016K(510976K)] 1219078K->995246K(1909248K), 0.0662845 secs] [Times: user=0.39 sys=0.00, real=0.07 secs] 
6334.162: [GC (Allocation Failure) [PSYoungGen: 425504K->158592K(478208K)] 1314734K->1151275K(1876480K), 0.0536221 secs] [Times: user=0.32 sys=0.00, real=0.06 secs] 
6335.978: [GC (Allocation Failure) [PSYoungGen: 476958K->107456K(507904K)] 1469641K->1241903K(1906176K), 0.0657669 secs] [Times: user=0.39 sys=0.00, real=0.06 secs] 
6338.021: [GC (Allocation Failure) [PSYoungGen: 420800K->146848K(504320K)] 1555247K->1386341K(1902592K), 0.0537616 secs] [Times: user=0.32 sys=0.00, real=0.06 secs] 
6338.075: [Full GC (Ergonomics) [PSYoungGen: 146848K->0K(504320K)] [ParOldGen: 1239493K->183127K(1398272K)] 1386341K->183127K(1902592K), [Metaspace: 59681K->59681K(1105920K)], 0.4472282 secs] [Times: user=2.08 sys=0.01, real=0.44 secs] 
6340.489: [GC (Allocation Failure) [PSYoungGen: 313344K->103648K(504832K)] 496471K->286775K(1903104K), 0.0352064 secs] [Times: user=0.16 sys=0.00, real=0.04 secs] 
6342.299: [GC (Allocation Failure) [PSYoungGen: 419040K->155392K(471040K)] 602167K->438410K(1869312K), 0.0514480 secs] [Times: user=0.30 sys=0.00, real=0.05 secs] 
6343.457: [GC (Allocation Failure) [PSYoungGen: 470784K->106304K(506880K)] 753802K->527546K(1905152K), 0.0649397 secs] [Times: user=0.38 sys=0.00, real=0.06 secs] 
6344.499: [GC (Allocation Failure) [PSYoungGen: 418112K->148224K(503808K)] 839354K->673031K(1902080K), 0.1053963 secs] [Times: user=0.62 sys=0.01, real=0.11 secs] 
6347.582: [GC (Allocation Failure) [PSYoungGen: 460032K->99488K(505344K)] 984839K->764143K(1903616K), 0.0640131 secs] [Times: user=0.38 sys=0.00, real=0.07 secs] 
6349.393: [GC (Allocation Failure) [PSYoungGen: 412832K->155424K(468992K)] 1077487K->916048K(1867264K), 0.0507084 secs] [Times: user=0.30 sys=0.00, real=0.05 secs] 
6350.803: [GC (Allocation Failure) [PSYoungGen: 468768K->105056K(505344K)] 1229392K->1003920K(1903616K), 0.0649512 secs] [Times: user=0.39 sys=0.00, real=0.07 secs] 
6351.944: [GC (Allocation Failure) [PSYoungGen: 413792K->147040K(502272K)] 1312656K->1148058K(1900544K), 0.0984268 secs] [Times: user=0.59 sys=0.00, real=0.10 secs] 
6354.238: [GC (Allocation Failure) [PSYoungGen: 454015K->99488K(503808K)] 1455033K->1239146K(1902080K), 0.0654493 secs] [Times: user=0.39 sys=0.00, real=0.06 secs] 
6354.963: [GC (Allocation Failure) [PSYoungGen: 409760K->156608K(466944K)] 1549418K->1394224K(1865216K), 0.0520700 secs] [Times: user=0.31 sys=0.00, real=0.06 secs] 
6355.015: [Full GC (Ergonomics) [PSYoungGen: 156608K->0K(466944K)] [ParOldGen: 1237616K->185512K(1398272K)] 1394224K->185512K(1865216K), [Metaspace: 59681K->59681K(1105920K)], 0.4497000 secs] [Times: user=2.08 sys=0.00, real=0.45 secs] 
6358.072: [GC (Allocation Failure) [PSYoungGen: 310272K->99744K(503296K)] 495784K->285256K(1901568K), 0.0321090 secs] [Times: user=0.19 sys=0.00, real=0.03 secs] 
6359.812: [GC (Allocation Failure) [PSYoungGen: 405408K->141792K(447488K)] 590920K->425194K(1845760K), 0.0502008 secs] [Times: user=0.30 sys=0.00, real=0.05 secs] 
6362.322: [GC (Allocation Failure) [PSYoungGen: 447456K->100000K(502272K)] 730858K->516190K(1900544K), 0.0633962 secs] [Times: user=0.38 sys=0.00, real=0.07 secs] 
6363.995: [GC (Allocation Failure) [PSYoungGen: 407712K->142240K(500224K)] 823902K->656566K(1898496K), 0.0508629 secs] [Times: user=0.29 sys=0.01, real=0.05 secs] 
6366.522: [GC (Allocation Failure) [PSYoungGen: 449952K->104672K(502272K)] 964278K->752367K(1900544K), 0.0636822 secs] [Times: user=0.38 sys=0.00, real=0.07 secs] 
6367.758: [GC (Allocation Failure) [PSYoungGen: 418528K->143712K(503296K)] 1066223K->894519K(1901568K), 0.0524211 secs] [Times: user=0.29 sys=0.02, real=0.05 secs] 
6370.426: [GC (Allocation Failure) [PSYoungGen: 457568K->106176K(504320K)] 1208375K->991647K(1902592K), 0.0642230 secs] [Times: user=0.38 sys=0.01, real=0.06 secs] 
6371.837: [GC (Allocation Failure) [PSYoungGen: 425152K->147328K(506368K)] 1310623K->1137200K(1904640K), 0.0529579 secs] [Times: user=0.31 sys=0.00, real=0.05 secs] 
6374.024: [GC (Allocation Failure) [PSYoungGen: 466304K->110432K(506368K)] 1456176K->1238484K(1904640K), 0.0664797 secs] [Times: user=0.40 sys=0.00, real=0.07 secs] 
6374.617: [GC (Allocation Failure) [PSYoungGen: 432480K->153920K(507904K)] 1560532K->1390862K(1906176K), 0.0552402 secs] [Times: user=0.33 sys=0.00, real=0.05 secs] 
6374.672: [Full GC (Ergonomics) [PSYoungGen: 153920K->0K(507904K)] [ParOldGen: 1236942K->187804K(1398272K)] 1390862K->187804K(1906176K), [Metaspace: 59681K->59681K(1105920K)], 0.4565046 secs] [Times: user=2.11 sys=0.00, real=0.46 secs] 
6376.464: [GC (Allocation Failure) [PSYoungGen: 322048K->107392K(510464K)] 509852K->295197K(1908736K), 0.0322245 secs] [Times: user=0.19 sys=0.00, real=0.04 secs] 
6378.581: [GC (Allocation Failure) [PSYoungGen: 427904K->150464K(471040K)] 615709K->441945K(1869312K), 0.0517420 secs] [Times: user=0.31 sys=0.00, real=0.05 secs] 
6380.417: [GC (Allocation Failure) [PSYoungGen: 470976K->104864K(510464K)] 762457K->538149K(1908736K), 0.1459870 secs] [Times: user=0.87 sys=0.00, real=0.14 secs] 
6381.215: [GC (Allocation Failure) [PSYoungGen: 416810K->147767K(507904K)] 850096K->682086K(1906176K), 0.0511611 secs] [Times: user=0.30 sys=0.00, real=0.05 secs] 
6383.720: [GC (Allocation Failure) [PSYoungGen: 467255K->104224K(508416K)] 1001574K->777658K(1906688K), 0.1539829 secs] [Times: user=0.91 sys=0.00, real=0.15 secs] 
6384.599: [GC (Allocation Failure) [PSYoungGen: 412289K->146464K(508416K)] 1085724K->920435K(1906688K), 0.0509952 secs] [Times: user=0.30 sys=0.00, real=0.05 secs] 
6387.151: [GC (Allocation Failure) [PSYoungGen: 466464K->102720K(507904K)] 1240435K->1014575K(1906176K), 0.0636507 secs] [Times: user=0.38 sys=0.00, real=0.07 secs] 
6388.057: [GC (Allocation Failure) [PSYoungGen: 407861K->147072K(508416K)] 1319717K->1158657K(1906688K), 0.0595489 secs] [Times: user=0.36 sys=0.00, real=0.06 secs] 
6390.090: [GC (Allocation Failure) [PSYoungGen: 467584K->100864K(509440K)] 1479169K->1251425K(1907712K), 0.0646618 secs] [Times: user=0.38 sys=0.00, real=0.07 secs] 
6391.251: [GC (Allocation Failure) [PSYoungGen: 416479K->150048K(472064K)] 1567040K->1398278K(1870336K), 0.0505259 secs] [Times: user=0.30 sys=0.00, real=0.05 secs] 
6391.302: [Full GC (Ergonomics) [PSYoungGen: 150048K->0K(472064K)] [ParOldGen: 1248230K->196089K(1398272K)] 1398278K->196089K(1870336K), [Metaspace: 59681K->59681K(1105920K)], 0.4717500 secs] [Times: user=2.16 sys=0.01, real=0.47 secs] 
6394.037: [GC (Allocation Failure) [PSYoungGen: 321536K->106336K(510464K)] 517625K->302425K(1908736K), 0.0448153 secs] [Times: user=0.26 sys=0.00, real=0.04 secs] 
6395.551: [GC (Allocation Failure) [PSYoungGen: 425824K->152416K(472064K)] 621913K->451403K(1870336K), 0.1254747 secs] [Times: user=0.75 sys=0.00, real=0.13 secs] 
6397.985: [GC (GCLocker Initiated GC) [PSYoungGen: 471904K->95840K(507904K)] 770891K->547291K(1906176K), 0.1324682 secs] [Times: user=0.78 sys=0.00, real=0.13 secs] 
6398.386: [GC (Allocation Failure) [PSYoungGen: 411744K->153568K(469504K)] 863243K->697380K(1867776K), 0.0551010 secs] [Times: user=0.32 sys=0.00, real=0.05 secs] 
6400.906: [GC (Allocation Failure) [PSYoungGen: 469472K->92352K(504320K)] 1013284K->789532K(1902592K), 0.1410257 secs] [Times: user=0.83 sys=0.00, real=0.14 secs] 
6401.525: [GC (Allocation Failure) [PSYoungGen: 401600K->149312K(458752K)] 1098780K->933541K(1857024K), 0.0848903 secs] [Times: user=0.50 sys=0.01, real=0.08 secs] 
6405.047: [GC (Allocation Failure) [PSYoungGen: 458560K->90048K(502784K)] 1242789K->1023493K(1901056K), 0.1709142 secs] [Times: user=1.01 sys=0.00, real=0.17 secs] 
6405.714: [GC (Allocation Failure) [PSYoungGen: 396224K->149088K(455680K)] 1329669K->1168182K(1853952K), 0.0539376 secs] [Times: user=0.32 sys=0.00, real=0.06 secs] 
6408.392: [GC (Allocation Failure) [PSYoungGen: 455264K->91552K(501760K)] 1474358K->1259702K(1900032K), 0.1682416 secs] [Times: user=1.01 sys=0.00, real=0.17 secs] 
6409.584: [GC (Allocation Failure) [PSYoungGen: 387187K->141760K(445440K)] 1555338K->1397823K(1843712K), 0.0498243 secs] [Times: user=0.29 sys=0.00, real=0.05 secs] 
6409.634: [Full GC (Ergonomics) [PSYoungGen: 141760K->0K(445440K)] [ParOldGen: 1256063K->195544K(1398272K)] 1397823K->195544K(1843712K), [Metaspace: 59681K->59681K(1105920K)], 0.4834008 secs] [Times: user=2.25 sys=0.00, real=0.48 secs] 
6411.755: [GC (Allocation Failure) [PSYoungGen: 303616K->97536K(502784K)] 499160K->293080K(1901056K), 0.0299777 secs] [Times: user=0.17 sys=0.00, real=0.03 secs] 
6413.407: [GC (Allocation Failure) [PSYoungGen: 403712K->144224K(500224K)] 599256K->433556K(1898496K), 0.0476262 secs] [Times: user=0.28 sys=0.00, real=0.05 secs] 
6414.543: [GC (Allocation Failure) [PSYoungGen: 450400K->102080K(499200K)] 739732K->526484K(1897472K), 0.0637859 secs] [Times: user=0.37 sys=0.00, real=0.07 secs] 
6415.668: [GC (Allocation Failure) [PSYoungGen: 411840K->150080K(501248K)] 836244K->673281K(1899520K), 0.0508242 secs] [Times: user=0.30 sys=0.00, real=0.05 secs] 
6417.107: [GC (Allocation Failure) [PSYoungGen: 459840K->100928K(504320K)] 983041K->765565K(1902592K), 0.1031504 secs] [Times: user=0.61 sys=0.00, real=0.10 secs] 
6419.149: [GC (Allocation Failure) [PSYoungGen: 412736K->147872K(503808K)] 1077373K->909666K(1902080K), 0.0514410 secs] [Times: user=0.30 sys=0.01, real=0.05 secs] 
6420.441: [GC (Allocation Failure) [PSYoungGen: 459680K->103808K(503296K)] 1221474K->1004530K(1901568K), 0.1013701 secs] [Times: user=0.61 sys=0.01, real=0.10 secs] 
6423.214: [GC (Allocation Failure) [PSYoungGen: 416128K->146816K(503808K)] 1316850K->1147795K(1902080K), 0.0515862 secs] [Times: user=0.30 sys=0.00, real=0.06 secs] 
6424.769: [GC (Allocation Failure) [PSYoungGen: 459136K->104480K(502272K)] 1460115K->1243595K(1900544K), 0.0843799 secs] [Times: user=0.50 sys=0.01, real=0.08 secs] 
6426.661: [GC (Allocation Failure) [PSYoungGen: 418336K->147904K(503808K)] 1557451K->1388332K(1902080K), 0.0523182 secs] [Times: user=0.31 sys=0.00, real=0.05 secs] 
6426.713: [Full GC (Ergonomics) [PSYoungGen: 147904K->0K(503808K)] [ParOldGen: 1240428K->188586K(1398272K)] 1388332K->188586K(1902080K), [Metaspace: 59681K->59681K(1105920K)], 0.4566496 secs] [Times: user=2.12 sys=0.00, real=0.46 secs] 
6428.231: [GC (Allocation Failure) [PSYoungGen: 313856K->104448K(505344K)] 502442K->293034K(1903616K), 0.0321422 secs] [Times: user=0.18 sys=0.00, real=0.03 secs] 
6429.897: [GC (Allocation Failure) [PSYoungGen: 420864K->148448K(505856K)] 609450K->437935K(1904128K), 0.0509341 secs] [Times: user=0.30 sys=0.00, real=0.05 secs] 
6431.102: [GC (Allocation Failure) [PSYoungGen: 464864K->106688K(505856K)] 754351K->535187K(1904128K), 0.0787789 secs] [Times: user=0.47 sys=0.00, real=0.08 secs] 
6433.393: [GC (Allocation Failure) [PSYoungGen: 424128K->150720K(506368K)] 852627K->682416K(1904640K), 0.0517219 secs] [Times: user=0.31 sys=0.00, real=0.06 secs] 
6435.382: [GC (Allocation Failure) [PSYoungGen: 468160K->101408K(507392K)] 999856K->775236K(1905664K), 0.1649776 secs] [Times: user=0.98 sys=0.00, real=0.17 secs] 
6437.125: [GC (Allocation Failure) [PSYoungGen: 414090K->149248K(465920K)] 1087919K->921009K(1864192K), 0.0498070 secs] [Times: user=0.30 sys=0.00, real=0.05 secs] 
6439.352: [GC (Allocation Failure) [PSYoungGen: 465664K->104320K(508928K)] 1237425K->1016881K(1907200K), 0.1471274 secs] [Times: user=0.87 sys=0.00, real=0.15 secs] 
6440.932: [GC (Allocation Failure) [PSYoungGen: 414737K->146496K(505856K)] 1327299K->1159794K(1904128K), 0.0866096 secs] [Times: user=0.51 sys=0.01, real=0.09 secs] 
6443.758: [GC (Allocation Failure) [PSYoungGen: 462400K->101088K(506368K)] 1475698K->1252394K(1904640K), 0.1558516 secs] [Times: user=0.93 sys=0.00, real=0.15 secs] 
6445.559: [GC (Allocation Failure) [PSYoungGen: 415018K->149280K(466944K)] 1566325K->1398100K(1865216K), 0.0651401 secs] [Times: user=0.38 sys=0.00, real=0.06 secs] 
6445.624: [Full GC (Ergonomics) [PSYoungGen: 149280K->0K(466944K)] [ParOldGen: 1248820K->195574K(1398272K)] 1398100K->195574K(1865216K), [Metaspace: 59681K->59681K(1105920K)], 0.4751762 secs] [Times: user=2.21 sys=0.00, real=0.48 secs] 
6447.718: [GC (Allocation Failure) [PSYoungGen: 317440K->102816K(508928K)] 513014K->298390K(1907200K), 0.0579522 secs] [Times: user=0.35 sys=0.00, real=0.06 secs] 
6449.115: [GC (Allocation Failure) [PSYoungGen: 416133K->148896K(506368K)] 611708K->443383K(1904640K), 0.0492916 secs] [Times: user=0.30 sys=0.00, real=0.05 secs] 
6451.204: [GC (Allocation Failure) [PSYoungGen: 465312K->107072K(505344K)] 759799K->541119K(1903616K), 0.0768883 secs] [Times: user=0.46 sys=0.00, real=0.07 secs] 
6452.077: [GC (Allocation Failure) [PSYoungGen: 409456K->143648K(505856K)] 843503K->681436K(1904128K), 0.0505598 secs] [Times: user=0.30 sys=0.00, real=0.05 secs] 
6453.510: [GC (Allocation Failure) [PSYoungGen: 460064K->106112K(503808K)] 997852K->778840K(1902080K), 0.1046555 secs] [Times: user=0.62 sys=0.00, real=0.11 secs] 
6454.048: [GC (Allocation Failure) [PSYoungGen: 425600K->155360K(506368K)] 1098328K->930545K(1904640K), 0.0521604 secs] [Times: user=0.31 sys=0.00, real=0.05 secs] 
6456.704: [GC (Allocation Failure) [PSYoungGen: 474848K->95104K(507392K)] 1250033K->1025601K(1905664K), 0.1526205 secs] [Times: user=0.91 sys=0.00, real=0.16 secs] 
6457.281: [GC (Allocation Failure) [PSYoungGen: 410496K->191456K(506880K)] 1340993K->1221838K(1905152K), 0.0576162 secs] [Times: user=0.33 sys=0.01, real=0.06 secs] 
6459.781: [GC (Allocation Failure) [PSYoungGen: 506848K->94464K(424960K)] 1537230K->1266834K(1823232K), 0.1600585 secs] [Times: user=0.95 sys=0.00, real=0.16 secs] 
6460.532: [GC (Allocation Failure) [PSYoungGen: 327424K->117120K(465920K)] 1499794K->1378103K(1864192K), 0.0459794 secs] [Times: user=0.27 sys=0.00, real=0.05 secs] 
6460.578: [Full GC (Ergonomics) [PSYoungGen: 117120K->0K(465920K)] [ParOldGen: 1260983K->177547K(1398272K)] 1378103K->177547K(1864192K), [Metaspace: 59681K->59681K(1105920K)], 0.4333183 secs] [Times: user=2.02 sys=0.00, real=0.43 secs] 
6461.993: [GC (Allocation Failure) [PSYoungGen: 232960K->82880K(465920K)] 410507K->260427K(1864192K), 0.0325998 secs] [Times: user=0.19 sys=0.00, real=0.04 secs] 
6463.480: [GC (Allocation Failure) [PSYoungGen: 315840K->87840K(321024K)] 493387K->348140K(1719296K), 0.0804238 secs] [Times: user=0.39 sys=0.00, real=0.08 secs] 
6463.742: [GC (Allocation Failure) [PSYoungGen: 320800K->116640K(473600K)] 581100K->459516K(1871872K), 0.0495801 secs] [Times: user=0.30 sys=0.00, real=0.05 secs] 
6465.778: [GC (Allocation Failure) [PSYoungGen: 358816K->64256K(464384K)] 701692K->523852K(1862656K), 0.0539517 secs] [Times: user=0.32 sys=0.01, real=0.05 secs] 
6467.696: [GC (Allocation Failure) [PSYoungGen: 306432K->112480K(466944K)] 766028K->634137K(1865216K), 0.0507246 secs] [Times: user=0.30 sys=0.00, real=0.05 secs] 
6470.088: [GC (Allocation Failure) [PSYoungGen: 366432K->113472K(467456K)] 888089K->738529K(1865728K), 0.0582958 secs] [Times: user=0.35 sys=0.00, real=0.06 secs] 
6471.637: [GC (Allocation Failure) [PSYoungGen: 367424K->78816K(478720K)] 992481K->817505K(1876992K), 0.0841131 secs] [Times: user=0.50 sys=0.01, real=0.08 secs] 
6471.921: [GC (Allocation Failure) [PSYoungGen: 353248K->137056K(476672K)] 1091937K->948298K(1874944K), 0.0508373 secs] [Times: user=0.30 sys=0.00, real=0.05 secs] 
6473.452: [GC (Allocation Failure) [PSYoungGen: 408103K->77408K(494592K)] 1219345K->1025350K(1892864K), 0.0642612 secs] [Times: user=0.38 sys=0.01, real=0.07 secs] 
6473.866: [GC (Allocation Failure) [PSYoungGen: 365083K->138304K(494592K)] 1313026K->1160247K(1892864K), 0.0467612 secs] [Times: user=0.27 sys=0.01, real=0.04 secs] 
6475.317: [GC (Allocation Failure) [PSYoungGen: 432704K->95264K(488448K)] 1454647K->1246811K(1886720K), 0.0618455 secs] [Times: user=0.36 sys=0.00, real=0.06 secs] 
6477.141: [GC (Allocation Failure) [PSYoungGen: 392736K->139840K(493056K)] 1544283K->1383495K(1891328K), 0.0476006 secs] [Times: user=0.28 sys=0.00, real=0.05 secs] 
6477.189: [Full GC (Ergonomics) [PSYoungGen: 139840K->0K(493056K)] [ParOldGen: 1243655K->181499K(1398272K)] 1383495K->181499K(1891328K), [Metaspace: 59681K->59681K(1105920K)], 0.4401885 secs] [Times: user=2.04 sys=0.01, real=0.44 secs] 
6478.873: [GC (Allocation Failure) [PSYoungGen: 297472K->101216K(494080K)] 478971K->282716K(1892352K), 0.0327071 secs] [Times: user=0.20 sys=0.00, real=0.04 secs] 
6481.149: [GC (Allocation Failure) [PSYoungGen: 406880K->139456K(497664K)] 588380K->419544K(1895936K), 0.0502739 secs] [Times: user=0.30 sys=0.00, real=0.05 secs] 
6482.336: [GC (Allocation Failure) [PSYoungGen: 445120K->104224K(497152K)] 725208K->514396K(1895424K), 0.0641521 secs] [Times: user=0.37 sys=0.00, real=0.06 secs] 
6483.408: [GC (Allocation Failure) [PSYoungGen: 417568K->145568K(501248K)] 827740K->657725K(1899520K), 0.0518810 secs] [Times: user=0.31 sys=0.00, real=0.05 secs] 
6486.245: [GC (Allocation Failure) [PSYoungGen: 458912K->104992K(504832K)] 971069K->753477K(1903104K), 0.0678076 secs] [Times: user=0.40 sys=0.00, real=0.06 secs] 
6488.241: [GC (Allocation Failure) [PSYoungGen: 423968K->147232K(505856K)] 1072453K->898210K(1904128K), 0.0678991 secs] [Times: user=0.40 sys=0.00, real=0.07 secs] 
6490.430: [GC (GCLocker Initiated GC) [PSYoungGen: 466208K->106080K(506880K)] 1217186K->995147K(1905152K), 0.0659128 secs] [Times: user=0.38 sys=0.00, real=0.07 secs] 
6492.744: [GC (Allocation Failure) [PSYoungGen: 427104K->148672K(507392K)] 1316223K->1140916K(1905664K), 0.0530995 secs] [Times: user=0.32 sys=0.00, real=0.06 secs] 
6493.961: [GC (Allocation Failure) [PSYoungGen: 469696K->111552K(506368K)] 1461940K->1243412K(1904640K), 0.0669107 secs] [Times: user=0.40 sys=0.00, real=0.07 secs] 
6494.851: [GC (Allocation Failure) [PSYoungGen: 433600K->154452K(507392K)] 1565460K->1394637K(1905664K), 0.0552712 secs] [Times: user=0.33 sys=0.00, real=0.06 secs] 
6494.907: [Full GC (Ergonomics) [PSYoungGen: 154452K->0K(507392K)] [ParOldGen: 1240185K->191892K(1398272K)] 1394637K->191892K(1905664K), [Metaspace: 59682K->59682K(1105920K)], 0.4561461 secs] [Times: user=2.10 sys=0.00, real=0.45 secs] 
6497.362: [GC (Allocation Failure) [PSYoungGen: 322048K->104288K(510464K)] 513940K->296180K(1908736K), 0.0316806 secs] [Times: user=0.18 sys=0.00, real=0.03 secs] 
6498.170: [GC (Allocation Failure) [PSYoungGen: 420661K->150848K(470016K)] 612553K->443665K(1868288K), 0.0503654 secs] [Times: user=0.30 sys=0.00, real=0.05 secs] 
6500.474: [GC (Allocation Failure) [PSYoungGen: 469824K->101408K(509440K)] 762641K->536345K(1907712K), 0.1262251 secs] [Times: user=0.75 sys=0.00, real=0.13 secs] 
6501.038: [GC (Allocation Failure) [PSYoungGen: 406753K->148928K(506368K)] 841691K->681643K(1904640K), 0.0497631 secs] [Times: user=0.30 sys=0.00, real=0.05 secs] 
6503.032: [GC (Allocation Failure) [PSYoungGen: 465856K->100800K(506880K)] 998571K->774115K(1905152K), 0.1053564 secs] [Times: user=0.63 sys=0.00, real=0.11 secs] 
6504.221: [GC (Allocation Failure) [PSYoungGen: 413843K->150048K(466944K)] 1087158K->920675K(1865216K), 0.0500867 secs] [Times: user=0.30 sys=0.00, real=0.05 secs] 
6506.429: [GC (Allocation Failure) [PSYoungGen: 466464K->103232K(508416K)] 1237091K->1015607K(1906688K), 0.1494715 secs] [Times: user=0.89 sys=0.00, real=0.15 secs] 
6507.273: [GC (Allocation Failure) [PSYoungGen: 410353K->147392K(505344K)] 1322729K->1159821K(1903616K), 0.0505814 secs] [Times: user=0.30 sys=0.00, real=0.05 secs] 
6509.676: [GC (Allocation Failure) [PSYoungGen: 462272K->102368K(505344K)] 1474701K->1253785K(1903616K), 0.0985149 secs] [Times: user=0.59 sys=0.00, real=0.10 secs] 
6511.244: [GC (Allocation Failure) [PSYoungGen: 418272K->148704K(505856K)] 1569689K->1399191K(1904128K), 0.0506173 secs] [Times: user=0.30 sys=0.01, real=0.05 secs] 
6511.295: [Full GC (Ergonomics) [PSYoungGen: 148704K->0K(505856K)] [ParOldGen: 1250487K->196006K(1398272K)] 1399191K->196006K(1904128K), [Metaspace: 59682K->59682K(1105920K)], 0.4770853 secs] [Times: user=2.22 sys=0.00, real=0.47 secs] 
6513.702: [GC (Allocation Failure) [PSYoungGen: 315904K->103136K(506368K)] 511910K->299142K(1904640K), 0.0868541 secs] [Times: user=0.51 sys=0.00, real=0.09 secs] 
6514.691: [GC (Allocation Failure) [PSYoungGen: 413779K->148512K(506368K)] 609785K->443043K(1904640K), 0.0495578 secs] [Times: user=0.28 sys=0.00, real=0.05 secs] 
6516.383: [GC (Allocation Failure) [PSYoungGen: 464928K->105120K(505344K)] 759459K->539351K(1903616K), 0.1154185 secs] [Times: user=0.69 sys=0.00, real=0.12 secs] 
6517.242: [GC (Allocation Failure) [PSYoungGen: 411952K->144800K(505856K)] 846183K->681349K(1904128K), 0.0536365 secs] [Times: user=0.32 sys=0.00, real=0.06 secs] 
6519.690: [GC (Allocation Failure) [PSYoungGen: 461216K->102944K(506368K)] 997765K->776221K(1904640K), 0.1373585 secs] [Times: user=0.82 sys=0.00, real=0.14 secs] 
6521.019: [GC (Allocation Failure) [PSYoungGen: 415730K->148032K(507392K)] 1089007K->920250K(1905664K), 0.0497546 secs] [Times: user=0.29 sys=0.00, real=0.05 secs] 
6522.527: [GC (Allocation Failure) [PSYoungGen: 467008K->106336K(506880K)] 1239226K->1018362K(1905152K), 0.1136208 secs] [Times: user=0.67 sys=0.00, real=0.11 secs] 
6524.042: [GC (Allocation Failure) [PSYoungGen: 417657K->145312K(507392K)] 1329683K->1159610K(1905664K), 0.0513350 secs] [Times: user=0.31 sys=0.00, real=0.05 secs] 
6526.822: [GC (Allocation Failure) [PSYoungGen: 464800K->106848K(506880K)] 1479098K->1257254K(1905152K), 0.1221648 secs] [Times: user=0.73 sys=0.00, real=0.13 secs] 
6528.157: [GC (Allocation Failure) [PSYoungGen: 415491K->144256K(508416K)] 1565898K->1398164K(1906688K), 0.0556530 secs] [Times: user=0.33 sys=0.01, real=0.05 secs] 
6528.212: [Full GC (Ergonomics) [PSYoungGen: 144256K->0K(508416K)] [ParOldGen: 1253908K->196498K(1398272K)] 1398164K->196498K(1906688K), [Metaspace: 59682K->59682K(1105920K)], 0.4792763 secs] [Times: user=2.22 sys=0.00, real=0.48 secs] 
6531.047: [GC (Allocation Failure) [PSYoungGen: 322048K->105056K(508416K)] 518546K->301554K(1906688K), 0.0782764 secs] [Times: user=0.46 sys=0.00, real=0.08 secs] 
6532.687: [GC (Allocation Failure) [PSYoungGen: 430176K->156896K(482304K)] 626674K->454531K(1880576K), 0.0513584 secs] [Times: user=0.31 sys=0.00, real=0.05 secs] 
6535.081: [GC (Allocation Failure) [PSYoungGen: 482016K->98912K(509440K)] 779651K->553207K(1907712K), 0.0806276 secs] [Times: user=0.48 sys=0.00, real=0.08 secs] 
6535.624: [GC (Allocation Failure) [PSYoungGen: 417376K->156448K(475136K)] 871671K->703885K(1873408K), 0.0687274 secs] [Times: user=0.41 sys=0.00, real=0.06 secs] 
6540.551: [GC (Allocation Failure) [PSYoungGen: 474912K->90976K(504320K)] 1022349K->794509K(1902592K), 0.1513500 secs] [Times: user=0.90 sys=0.00, real=0.15 secs] 
6541.248: [GC (Allocation Failure) [PSYoungGen: 400224K->153568K(462848K)] 1103757K->942094K(1861120K), 0.0543968 secs] [Times: user=0.33 sys=0.00, real=0.05 secs] 
6542.933: [GC (GCLocker Initiated GC) [PSYoungGen: 462816K->90880K(501760K)] 1251342K->1032998K(1900032K), 0.0665109 secs] [Times: user=0.39 sys=0.00, real=0.07 secs] 
6543.847: [GC (Allocation Failure) [PSYoungGen: 394496K->147968K(452096K)] 1336616K->1174721K(1850368K), 0.0735585 secs] [Times: user=0.44 sys=0.00, real=0.07 secs] 
6545.582: [GC (Allocation Failure) [PSYoungGen: 449945K->90016K(501248K)] 1476698K->1264401K(1899520K), 0.0772272 secs] [Times: user=0.47 sys=0.00, real=0.08 secs] 
6545.999: [GC (Allocation Failure) [PSYoungGen: 392096K->179296K(481792K)] 1566481K->1440202K(1880064K), 0.0546125 secs] [Times: user=0.32 sys=0.00, real=0.05 secs] 
6546.054: [Full GC (Ergonomics) [PSYoungGen: 179296K->0K(481792K)] [ParOldGen: 1260906K->203842K(1398272K)] 1440202K->203842K(1880064K), [Metaspace: 59682K->59682K(1105920K)], 0.4814739 secs] [Times: user=2.25 sys=0.00, real=0.49 secs] 
6547.619: [GC (Allocation Failure) [PSYoungGen: 302080K->86400K(488448K)] 505922K->290242K(1886720K), 0.0743829 secs] [Times: user=0.44 sys=0.00, real=0.07 secs] 
6547.982: [GC (Allocation Failure) [PSYoungGen: 363392K->135104K(412160K)] 567234K->421511K(1810432K), 0.0453919 secs] [Times: user=0.27 sys=0.01, real=0.05 secs] 
6549.090: [GC (Allocation Failure) [PSYoungGen: 412096K->88128K(484864K)] 698503K->500623K(1883136K), 0.0598942 secs] [Times: user=0.36 sys=0.00, real=0.06 secs] 
6549.455: [GC (Allocation Failure) [PSYoungGen: 367168K->130976K(482816K)] 779663K->629904K(1881088K), 0.0456406 secs] [Times: user=0.27 sys=0.01, real=0.04 secs] 
6550.616: [GC (Allocation Failure) [PSYoungGen: 410016K->108608K(489984K)] 908944K->729180K(1888256K), 0.0622353 secs] [Times: user=0.37 sys=0.00, real=0.06 secs] 
Heap
 PSYoungGen      total 489984K, used 1312